


[2026-07-08 11:45:51 +0000] [1] [INFO] Starting gunicorn 26.0.0
[2026-07-08 11:45:51 +0000] [1] [INFO] Listening at: http://0.0.0.0:8000 (1)
[2026-07-08 11:45:51 +0000] [1] [INFO] Using worker: gthread
[2026-07-08 11:45:51 +0000] [7] [INFO] Booting worker with pid: 7
[2026-07-08 11:45:52 +0000] [1] [INFO] Control socket listening at /root/.gunicorn/gunicorn.ctl
INFO:utils.database:DiscordMember backfill from users table: inserted 0 row(s)
INFO:cron.manager:Started cron-scheduler for jobs upload_emails_to_sftp, upload_incomplete_verifications_to_sftp, upload_departed_to_sftp, send_survey_messages, refresh_salesforce_roles (time-of-day scheduling, AZ time)
INFO:main:Started Discord bot background thread for guild 1187144343400751234
WARNING:discord.utils:davey is not installed, voice will NOT be supported
INFO:asu_discord.bot:Loaded VerificationCog for guild 1187144343400751234
INFO:asu_discord.bot:Loaded QnACog
INFO:asu_discord.bot:Loaded AnalyticsCog
INFO:asu_discord.bot:Loaded EventTrackerCog
INFO:discord.client:logging in using static token
INFO:discord.gateway:Shard ID None has sent the IDENTIFY payload.
INFO:discord.gateway:Shard ID None has connected to Gateway: ["gateway-prd-arm-us-east1-b-s9dn",{"micros":253974,"calls":["id_created",{"micros":538,"calls":[]},"session_lookup_time",{"micros":1927,"calls":[]},"session_lookup_finished",{"micros":12,"calls":[]},"sessions-prd-gcp-us-east1-b-23",{"micros":251207,"calls":["start_session",{"micros":204226,"calls":["prd-rpc-6cc9bc455b-xt4m2",{"micros":69436,"calls":["get_user",{"micros":10876},"get_guilds",{"micros":17652},"send_scheduled_deletion_message",{"micros":24},"guild_join_requests",{"micros":765},"authorized_ip_coro",{"micros":12},"pending_payments",{"micros":1953},"apex_experiments",{"micros":120401},"sessions_experiments",{"micros":10},"played_application_ids",{"micros":9},"linked_users",{"micros":7},"ad_personalization_toggles_disabled",{"micros":7},"regional_feature_config",{"micros":8}]}]},"starting_guild_connect",{"micros":31,"calls":[]},"lobbies_started",{"micros":1,"calls":[]},"presence_started",{"micros":9453,"calls":[]},"guilds_started",{"micros":164,"calls":[]},"guilds_connect",{"micros":5,"calls":[]},"presence_connect",{"micros":37302,"calls":[]},"connect_finished",{"micros":37316,"calls":[]},"build_ready",{"micros":13,"calls":[]},"clean_ready",{"micros":2,"calls":[]},"optimize_ready",{"micros":0,"calls":[]},"split_ready",{"micros":1,"calls":[]}]}]}] (Session ID: 6e3407fd591f617e4a33b69139a85b12).
INFO:asu_discord.cogs.verification:VerificationCog ready in guild 1187144343400751234 (Devil2Devil)
INFO:asu_discord.cogs.qna:QnACog monitoring Q&A forum channel 1435322964345360384 (🤔・ask-asu-staff).
INFO:asu_discord.cogs.qna:QnACog: scheduling QnA backfill task
INFO:asu_discord.cogs.analytics:AnalyticsCog ready (guild 1187144343400751234)
ERROR:asu_discord.cogs.event_tracker:EventTrackerCog: failed to fetch scheduled events on startup
Traceback (most recent call last):
  File "/app/asu_discord/cogs/event_tracker.py", line 107, in on_ready
    events = await guild.fetch_scheduled_events(with_counts=False)
                   ^^^^^^^^^^^^^^^^^^^^^^^^^^^^^^^^^^^^^^^^^^^^^^^
TypeError: Guild.fetch_scheduled_events() got an unexpected keyword argument 'with_counts'
INFO:asu_discord.cogs.verification:Startup strip complete: removed unverified role from 0 member(s)
INFO:asu_discord.cogs.verification:Discord member backfill complete: inserted 0 row(s)
INFO:asu_discord.cogs.qna:QnA backfill: Gold Guide members found: 69
INFO:asu_discord.cogs.analytics:AnalyticsCog: voice reconciliation complete (guild 1187144343400751234)
INFO:asu_discord.cogs.analytics:AnalyticsCog: message backfill already complete — skipping
INFO:asu_discord.cogs.analytics:AnalyticsCog: backfilling moderation events from audit log (guild 1187144343400751234, already seeded: {'message_delete', 'ban'})
INFO:asu_discord.cogs.analytics:AnalyticsCog: skipping ban backfill — already seeded
INFO:asu_discord.cogs.qna:QnA backfill: processing 255 threads
INFO:asu_discord.cogs.analytics:AnalyticsCog: no audit log entries found for moderation backfill
INFO:asu_discord.cogs.analytics:AnalyticsCog: volunteer contribution backfill complete — 0 new rows (guild 1187144343400751234)
INFO:asu_discord.cogs.qna:QnA backfill complete: 0 posts upserted, 0 contributions inserted
INFO:asu_discord.cogs.analytics:AnalyticsCog: forum post backfill complete — 0 new rows (guild 1187144343400751234)
INFO:asu_discord.cogs.analytics:AnalyticsCog: synced parent_channel_id for 0 message rows
Ignoring exception in on_member_update
Traceback (most recent call last):
  File "/usr/local/lib/python3.12/site-packages/discord/client.py", line 465, in _run_event
    await coro(*args, **kwargs)
  File "/app/asu_discord/cogs/analytics.py", line 652, in on_member_update
    before_timeout = before.timed_out_until
                     ^^^^^^^^^^^^^^^^^^^^^^
AttributeError: 'Member' object has no attribute 'timed_out_until'
Ignoring exception in on_member_update
Traceback (most recent call last):
  File "/usr/local/lib/python3.12/site-packages/discord/client.py", line 465, in _run_event
    await coro(*args, **kwargs)
  File "/app/asu_discord/cogs/analytics.py", line 652, in on_member_update
    before_timeout = before.timed_out_until
                     ^^^^^^^^^^^^^^^^^^^^^^
AttributeError: 'Member' object has no attribute 'timed_out_until'
Ignoring exception in on_member_update
Traceback (most recent call last):
  File "/usr/local/lib/python3.12/site-packages/discord/client.py", line 465, in _run_event
    await coro(*args, **kwargs)
  File "/app/asu_discord/cogs/analytics.py", line 652, in on_member_update
    before_timeout = before.timed_out_until
                     ^^^^^^^^^^^^^^^^^^^^^^
AttributeError: 'Member' object has no attribute 'timed_out_until'
Ignoring exception in on_member_update
Traceback (most recent call last):
  File "/usr/local/lib/python3.12/site-packages/discord/client.py", line 465, in _run_event
    await coro(*args, **kwargs)
  File "/app/asu_discord/cogs/analytics.py", line 652, in on_member_update
    before_timeout = before.timed_out_until
                     ^^^^^^^^^^^^^^^^^^^^^^
AttributeError: 'Member' object has no attribute 'timed_out_until'
Ignoring exception in on_member_update
Traceback (most recent call last):
  File "/usr/local/lib/python3.12/site-packages/discord/client.py", line 465, in _run_event
    await coro(*args, **kwargs)
  File "/app/asu_discord/cogs/analytics.py", line 652, in on_member_update
    before_timeout = before.timed_out_until
                     ^^^^^^^^^^^^^^^^^^^^^^
AttributeError: 'Member' object has no attribute 'timed_out_until'
Ignoring exception in on_member_update
Traceback (most recent call last):
  File "/usr/local/lib/python3.12/site-packages/discord/client.py", line 465, in _run_event
    await coro(*args, **kwargs)
  File "/app/asu_discord/cogs/analytics.py", line 652, in on_member_update
    before_timeout = before.timed_out_until
                     ^^^^^^^^^^^^^^^^^^^^^^
AttributeError: 'Member' object has no attribute 'timed_out_until'
Ignoring exception in on_member_update
Traceback (most recent call last):
  File "/usr/local/lib/python3.12/site-packages/discord/client.py", line 465, in _run_event
    await coro(*args, **kwargs)
  File "/app/asu_discord/cogs/analytics.py", line 652, in on_member_update
    before_timeout = before.timed_out_until
                     ^^^^^^^^^^^^^^^^^^^^^^
AttributeError: 'Member' object has no attribute 'timed_out_until'
Ignoring exception in on_scheduled_event_update
Traceback (most recent call last):
  File "/usr/local/lib/python3.12/site-packages/discord/client.py", line 465, in _run_event
    await coro(*args, **kwargs)
  File "/app/asu_discord/cogs/event_tracker.py", line 180, in on_scheduled_event_update
    self._upsert_event(db_session, after)
  File "/app/asu_discord/cogs/event_tracker.py", line 68, in _upsert_event
    guild_id=str(event.guild_id),
                 ^^^^^^^^^^^^^^
AttributeError: 'ScheduledEvent' object has no attribute 'guild_id'
Ignoring exception in on_member_update
Traceback (most recent call last):
  File "/usr/local/lib/python3.12/site-packages/discord/client.py", line 465, in _run_event
    await coro(*args, **kwargs)
  File "/app/asu_discord/cogs/analytics.py", line 652, in on_member_update
    before_timeout = before.timed_out_until
                     ^^^^^^^^^^^^^^^^^^^^^^
AttributeError: 'Member' object has no attribute 'timed_out_until'
Ignoring exception in on_member_update
Traceback (most recent call last):
  File "/usr/local/lib/python3.12/site-packages/discord/client.py", line 465, in _run_event
    await coro(*args, **kwargs)
  File "/app/asu_discord/cogs/analytics.py", line 652, in on_member_update
    before_timeout = before.timed_out_until
                     ^^^^^^^^^^^^^^^^^^^^^^
AttributeError: 'Member' object has no attribute 'timed_out_until'
Ignoring exception in on_member_update
Traceback (most recent call last):
  File "/usr/local/lib/python3.12/site-packages/discord/client.py", line 465, in _run_event
    await coro(*args, **kwargs)
  File "/app/asu_discord/cogs/analytics.py", line 652, in on_member_update
    before_timeout = before.timed_out_until
                     ^^^^^^^^^^^^^^^^^^^^^^
AttributeError: 'Member' object has no attribute 'timed_out_until'
Ignoring exception in on_member_update
Traceback (most recent call last):
  File "/usr/local/lib/python3.12/site-packages/discord/client.py", line 465, in _run_event
    await coro(*args, **kwargs)
  File "/app/asu_discord/cogs/analytics.py", line 652, in on_member_update
    before_timeout = before.timed_out_until
                     ^^^^^^^^^^^^^^^^^^^^^^
AttributeError: 'Member' object has no attribute 'timed_out_until'
Ignoring exception in on_member_update
Traceback (most recent call last):
  File "/usr/local/lib/python3.12/site-packages/discord/client.py", line 465, in _run_event
    await coro(*args, **kwargs)
  File "/app/asu_discord/cogs/analytics.py", line 652, in on_member_update
    before_timeout = before.timed_out_until
                     ^^^^^^^^^^^^^^^^^^^^^^
AttributeError: 'Member' object has no attribute 'timed_out_until'
Ignoring exception in on_member_update
Traceback (most recent call last):
  File "/usr/local/lib/python3.12/site-packages/discord/client.py", line 465, in _run_event
    await coro(*args, **kwargs)
  File "/app/asu_discord/cogs/analytics.py", line 652, in on_member_update
    before_timeout = before.timed_out_until
                     ^^^^^^^^^^^^^^^^^^^^^^
AttributeError: 'Member' object has no attribute 'timed_out_until'
INFO:routes.cas:CAS response missing email; inferred aduran24@asu.edu
INFO:routes.cas:CAS response missing email; inferred aduran24@asu.edu
INFO:routes.cas:CAS response missing email; inferred aduran24@asu.edu
ERROR:routes.discord:Discord OAuth state mismatch: expected=None received=7jEIRMlOiN3IX-DykFxkaYzIbUUslpv7LEsDd_xvlh0
INFO:routes.cas:CAS response missing email; inferred aduran24@asu.edu
Ignoring exception in on_member_update
Traceback (most recent call last):
  File "/usr/local/lib/python3.12/site-packages/discord/client.py", line 465, in _run_event
    await coro(*args, **kwargs)
  File "/app/asu_discord/cogs/analytics.py", line 652, in on_member_update
    before_timeout = before.timed_out_until
                     ^^^^^^^^^^^^^^^^^^^^^^
AttributeError: 'Member' object has no attribute 'timed_out_until'
Ignoring exception in on_member_update
Traceback (most recent call last):
  File "/usr/local/lib/python3.12/site-packages/discord/client.py", line 465, in _run_event
    await coro(*args, **kwargs)
  File "/app/asu_discord/cogs/analytics.py", line 652, in on_member_update
    before_timeout = before.timed_out_until
                     ^^^^^^^^^^^^^^^^^^^^^^
AttributeError: 'Member' object has no attribute 'timed_out_until'
INFO:asu_discord.cogs.verification:Removed unverified role 1207441184218161182 from member 761830198596730880
INFO:asu_discord.cogs.verification:Assigned verification role to Discord user 761830198596730880 (ASURITE: aduran24)
INFO:routes.discord:Salesforce profile data for aduran24 (Discord 761830198596730880): asurite='aduran24' name='Alina Duran' fullName='Alina Duran' email='aduran24@asu.edu' state='Arizona' country='United States' contactId='0030W00003dz9ssQAA' opportunities=[SalesforceOpportunity(stageName='Prospect', termCode='2207', career='Undergraduate', type='First Time Freshman', internationalStudent=False, firstGeneration=False, enrollmentDepositPaid=None, enrollmentDepositStatus=None, collegeName=None, locationName=None, collegeProgramCode=None, programCode=None, createdDate='2019-03-16T15:54:59.000+0000', currentLocation=None, academicPlanName=None, opportunityId='0060W00001092noQAA', accountId='0010W00002Rn616QAB', accountName='Alina Duran', closeDate='2020-09-06', contactId='0030W00003dz9ssQAA', contactEmplid='1227272659', contactName='Alina Duran', deferred=False, doNotCall=False, jointProgram=False, isClosed=False, isWon=False, lastModifiedDate='2023-09-14T20:51:18.000+0000', militaryBenefits=False, name='ALINA DURAN 2207', onlineDegree=False, ownerEmail='hannahgreen@asu.edu', ownerId='0056T000009VvQXQA0', ownerName='Hannah Green', recordTypeId='012d0000000x3xyAAA', recordTypeName='Undergraduate Prospect', termId='a0Jd000000OH746EAD'), SalesforceOpportunity(stageName='Withdrawn', termCode='2227', career='Graduate', type='Non-Degree', internationalStudent=False, firstGeneration=False, enrollmentDepositPaid=None, enrollmentDepositStatus=None, collegeName='Graduate Non-Degree', locationName='Tempe', collegeProgramCode='GRND', programCode=None, createdDate='2022-05-16T11:16:15.000+0000', currentLocation='Tempe', academicPlanName='GRLS Non-Degree Graduate', opportunityId='0066T0000177WjwQAE', academicPlanCode='LSGRNONDGR', academicPlanId='a0Fd000000HuKluEAF', accountId='0010W00002Rn616QAB', accountName='Alina Duran', applicationDate='2022-05-11', applicationNumber='02249214', closeDate='2022-09-09', collegeId='a0Dd000000XwmNREAZ', contactId='0030W00003dz9ssQAA', contactEmplid='1227272659', contactName='Alina Duran', deferred=False, doNotCall=False, externalApplicationNumber='1501684', jointProgram=False, isClosed=True, isWon=False, lastModifiedDate='2022-05-16T16:22:19.000+0000', leadSource='PeopleSoft', locationId='a0Gd000000F95viEAB', militaryBenefits=False, name='Alina Duran - 02249214', onlineDegree=False, ownerEmail='salesforce.development@asu.edu', ownerId='005d00000024CmfAAE', ownerOrganizationName='Dean, College of Integrative Sciences and Arts', ownerName='API ASU SALESFORCE ADMIN', recordTypeId='012d0000000x2WEAAY', recordTypeName='Graduate Application', selfReportedUndergradMajor='Biology', termId='a0Jd000000OH74EEAT'), SalesforceOpportunity(stageName='Enrolled', termCode='2267', career='Undergraduate', type='First Time Freshman', internationalStudent=False, firstGeneration=False, enrollmentDepositPaid=None, enrollmentDepositStatus='Paid', collegeName='Cronkite School-Journ/MassComm', locationName='Downtown Phoenix', collegeProgramCode='UGCS', programCode=None, createdDate='2026-05-13T12:35:30.000+0000', currentLocation='Downtown Phoenix', academicPlanName='Digital Audiences', opportunityId='006aJ00000PvmtXQAR', academicPlanCode='CSDIGABS', academicPlanId='a0F0W00000k3M5OUAU', accountId='0010W00002Rn616QAB', accountName='Alina Duran', applicationDate='2026-05-12', applicationNumber='03337677', closeDate='2026-09-11', collegeId='a0Dd000000XwmNdEAJ', contactId='0030W00003dz9ssQAA', contactEmplid='1227272659', contactName='Alina Duran', deferred=False, doNotCall=False, externalApplicationNumber='4612225', housingStatus='Signed Contract', jointProgram=False, isClosed=False, isWon=False, lastModifiedDate='2026-07-08T11:51:24.000+0000', leadSource='PeopleSoft', locationId='a0Gd000000F95vlEAB', militaryBenefits=False, name='Alina Duran - 03337677 - 2267', onlineDegree=False, orientationStatus='Registered', ownerEmail='amelia.watt@asu.edu', ownerId='0056T000009JD1HQAW', ownerOrganizationName='Walter Cronkite School of Journalism and Mass Comm', ownerName='Amelia Watt', recordTypeId='012d0000000x3xxAAA', recordTypeName='Undergraduate Application', selfReportedTransferCreditHours=0, termId='a0Jd000000U7lzFEAR')] inState=True outOfState=False college='Walter Cronkite School of Journalism and Mass Communication' program='Digital Audiences' career='Undergraduate' admitType='First Time Freshman' firstTimeFreshman=True transfer=False collegeProgramCode='UGCS' is_international=False international=False stateOfResidence='Arizona' enrollmentDepositPaid=True stageName='Enrolled' current=False firstYear=True depositPaid=True campus='Downtown Phoenix' locationName='Downtown Phoenix' termCode='2267' selectedOpportunity=SalesforceOpportunity(stageName='Enrolled', termCode='2267', career='Undergraduate', type='First Time Freshman', internationalStudent=False, firstGeneration=False, enrollmentDepositPaid=None, enrollmentDepositStatus='Paid', collegeName='Cronkite School-Journ/MassComm', locationName='Downtown Phoenix', collegeProgramCode='UGCS', programCode=None, createdDate='2026-05-13T12:35:30.000+0000', currentLocation='Downtown Phoenix', academicPlanName='Digital Audiences', opportunityId='006aJ00000PvmtXQAR', academicPlanCode='CSDIGABS', academicPlanId='a0F0W00000k3M5OUAU', accountId='0010W00002Rn616QAB', accountName='Alina Duran', applicationDate='2026-05-12', applicationNumber='03337677', closeDate='2026-09-11', collegeId='a0Dd000000XwmNdEAJ', contactId='0030W00003dz9ssQAA', contactEmplid='1227272659', contactName='Alina Duran', deferred=False, doNotCall=False, externalApplicationNumber='4612225', housingStatus='Signed Contract', jointProgram=False, isClosed=False, isWon=False, lastModifiedDate='2026-07-08T11:51:24.000+0000', leadSource='PeopleSoft', locationId='a0Gd000000F95vlEAB', militaryBenefits=False, name='Alina Duran - 03337677 - 2267', onlineDegree=False, orientationStatus='Registered', ownerEmail='amelia.watt@asu.edu', ownerId='0056T000009JD1HQAW', ownerOrganizationName='Walter Cronkite School of Journalism and Mass Comm', ownerName='Amelia Watt', recordTypeId='012d0000000x3xxAAA', recordTypeName='Undergraduate Application', selfReportedTransferCreditHours=0, termId='a0Jd000000U7lzFEAR') type='First Time Freshman'
Ignoring exception in on_member_update
Traceback (most recent call last):
  File "/usr/local/lib/python3.12/site-packages/discord/client.py", line 465, in _run_event
    await coro(*args, **kwargs)
  File "/app/asu_discord/cogs/analytics.py", line 652, in on_member_update
    before_timeout = before.timed_out_until
                     ^^^^^^^^^^^^^^^^^^^^^^
AttributeError: 'Member' object has no attribute 'timed_out_until'
Ignoring exception in on_member_update
Traceback (most recent call last):
  File "/usr/local/lib/python3.12/site-packages/discord/client.py", line 465, in _run_event
    await coro(*args, **kwargs)
  File "/app/asu_discord/cogs/analytics.py", line 652, in on_member_update
    before_timeout = before.timed_out_until
                     ^^^^^^^^^^^^^^^^^^^^^^
AttributeError: 'Member' object has no attribute 'timed_out_until'
Ignoring exception in on_member_update
Traceback (most recent call last):
  File "/usr/local/lib/python3.12/site-packages/discord/client.py", line 465, in _run_event
    await coro(*args, **kwargs)
  File "/app/asu_discord/cogs/analytics.py", line 652, in on_member_update
    before_timeout = before.timed_out_until
                     ^^^^^^^^^^^^^^^^^^^^^^
AttributeError: 'Member' object has no attribute 'timed_out_until'
Ignoring exception in on_member_update
Traceback (most recent call last):
  File "/usr/local/lib/python3.12/site-packages/discord/client.py", line 465, in _run_event
    await coro(*args, **kwargs)
  File "/app/asu_discord/cogs/analytics.py", line 652, in on_member_update
    before_timeout = before.timed_out_until
                     ^^^^^^^^^^^^^^^^^^^^^^
AttributeError: 'Member' object has no attribute 'timed_out_until'
Ignoring exception in on_member_update
Traceback (most recent call last):
  File "/usr/local/lib/python3.12/site-packages/discord/client.py", line 465, in _run_event
    await coro(*args, **kwargs)
  File "/app/asu_discord/cogs/analytics.py", line 652, in on_member_update
    before_timeout = before.timed_out_until
                     ^^^^^^^^^^^^^^^^^^^^^^
AttributeError: 'Member' object has no attribute 'timed_out_until'
INFO:asu_discord.cogs.verification:Assigned Salesforce-based roles [1333934478887882823, 1356257786563920023, 1282465059431252051, 1187164746454138900, 1187461060320571442] to Discord user 761830198596730880
INFO:asu_discord.cogs.verification:Saved 5 roles to database for user aduran24 (Discord ID: 761830198596730880)
Ignoring exception in on_member_update
Traceback (most recent call last):
  File "/usr/local/lib/python3.12/site-packages/discord/client.py", line 465, in _run_event
    await coro(*args, **kwargs)
  File "/app/asu_discord/cogs/analytics.py", line 652, in on_member_update
    before_timeout = before.timed_out_until
                     ^^^^^^^^^^^^^^^^^^^^^^
AttributeError: 'Member' object has no attribute 'timed_out_until'
Ignoring exception in on_member_update
Traceback (most recent call last):
  File "/usr/local/lib/python3.12/site-packages/discord/client.py", line 465, in _run_event
    await coro(*args, **kwargs)
  File "/app/asu_discord/cogs/analytics.py", line 652, in on_member_update
    before_timeout = before.timed_out_until
                     ^^^^^^^^^^^^^^^^^^^^^^
AttributeError: 'Member' object has no attribute 'timed_out_until'
Ignoring exception in on_member_update
Traceback (most recent call last):
  File "/usr/local/lib/python3.12/site-packages/discord/client.py", line 465, in _run_event
    await coro(*args, **kwargs)
  File "/app/asu_discord/cogs/analytics.py", line 652, in on_member_update
    before_timeout = before.timed_out_until
                     ^^^^^^^^^^^^^^^^^^^^^^
AttributeError: 'Member' object has no attribute 'timed_out_until'
Ignoring exception in on_member_update
Traceback (most recent call last):
  File "/usr/local/lib/python3.12/site-packages/discord/client.py", line 465, in _run_event
    await coro(*args, **kwargs)
  File "/app/asu_discord/cogs/analytics.py", line 652, in on_member_update
    before_timeout = before.timed_out_until
                     ^^^^^^^^^^^^^^^^^^^^^^
AttributeError: 'Member' object has no attribute 'timed_out_until'
Ignoring exception in on_member_update
Traceback (most recent call last):
  File "/usr/local/lib/python3.12/site-packages/discord/client.py", line 465, in _run_event
    await coro(*args, **kwargs)
  File "/app/asu_discord/cogs/analytics.py", line 652, in on_member_update
    before_timeout = before.timed_out_until
                     ^^^^^^^^^^^^^^^^^^^^^^
AttributeError: 'Member' object has no attribute 'timed_out_until'
Ignoring exception in on_member_update
Traceback (most recent call last):
  File "/usr/local/lib/python3.12/site-packages/discord/client.py", line 465, in _run_event
    await coro(*args, **kwargs)
  File "/app/asu_discord/cogs/analytics.py", line 652, in on_member_update
    before_timeout = before.timed_out_until
                     ^^^^^^^^^^^^^^^^^^^^^^
AttributeError: 'Member' object has no attribute 'timed_out_until'
Ignoring exception in on_member_update
Traceback (most recent call last):
  File "/usr/local/lib/python3.12/site-packages/discord/client.py", line 465, in _run_event
    await coro(*args, **kwargs)
  File "/app/asu_discord/cogs/analytics.py", line 652, in on_member_update
    before_timeout = before.timed_out_until
                     ^^^^^^^^^^^^^^^^^^^^^^
AttributeError: 'Member' object has no attribute 'timed_out_until'
Ignoring exception in on_member_update
Traceback (most recent call last):
  File "/usr/local/lib/python3.12/site-packages/discord/client.py", line 465, in _run_event
    await coro(*args, **kwargs)
  File "/app/asu_discord/cogs/analytics.py", line 652, in on_member_update
    before_timeout = before.timed_out_until
                     ^^^^^^^^^^^^^^^^^^^^^^
AttributeError: 'Member' object has no attribute 'timed_out_until'
Ignoring exception in on_member_update
Traceback (most recent call last):
  File "/usr/local/lib/python3.12/site-packages/discord/client.py", line 465, in _run_event
    await coro(*args, **kwargs)
  File "/app/asu_discord/cogs/analytics.py", line 652, in on_member_update
    before_timeout = before.timed_out_until
                     ^^^^^^^^^^^^^^^^^^^^^^
AttributeError: 'Member' object has no attribute 'timed_out_until'
Ignoring exception in on_member_update
Traceback (most recent call last):
  File "/usr/local/lib/python3.12/site-packages/discord/client.py", line 465, in _run_event
    await coro(*args, **kwargs)
  File "/app/asu_discord/cogs/analytics.py", line 652, in on_member_update
    before_timeout = before.timed_out_until
                     ^^^^^^^^^^^^^^^^^^^^^^
AttributeError: 'Member' object has no attribute 'timed_out_until'
Ignoring exception in on_member_update
Traceback (most recent call last):
  File "/usr/local/lib/python3.12/site-packages/discord/client.py", line 465, in _run_event
    await coro(*args, **kwargs)
  File "/app/asu_discord/cogs/analytics.py", line 652, in on_member_update
    before_timeout = before.timed_out_until
                     ^^^^^^^^^^^^^^^^^^^^^^
AttributeError: 'Member' object has no attribute 'timed_out_until'
Ignoring exception in on_member_update
Traceback (most recent call last):
  File "/usr/local/lib/python3.12/site-packages/discord/client.py", line 465, in _run_event
    await coro(*args, **kwargs)
  File "/app/asu_discord/cogs/analytics.py", line 652, in on_member_update
    before_timeout = before.timed_out_until
                     ^^^^^^^^^^^^^^^^^^^^^^
AttributeError: 'Member' object has no attribute 'timed_out_until'
Ignoring exception in on_member_update
Traceback (most recent call last):
  File "/usr/local/lib/python3.12/site-packages/discord/client.py", line 465, in _run_event
    await coro(*args, **kwargs)
  File "/app/asu_discord/cogs/analytics.py", line 652, in on_member_update
    before_timeout = before.timed_out_until
                     ^^^^^^^^^^^^^^^^^^^^^^
AttributeError: 'Member' object has no attribute 'timed_out_until'
Ignoring exception in on_member_update
Traceback (most recent call last):
  File "/usr/local/lib/python3.12/site-packages/discord/client.py", line 465, in _run_event
    await coro(*args, **kwargs)
  File "/app/asu_discord/cogs/analytics.py", line 652, in on_member_update
    before_timeout = before.timed_out_until
                     ^^^^^^^^^^^^^^^^^^^^^^
AttributeError: 'Member' object has no attribute 'timed_out_until'
Ignoring exception in on_member_update
Traceback (most recent call last):
  File "/usr/local/lib/python3.12/site-packages/discord/client.py", line 465, in _run_event
    await coro(*args, **kwargs)
  File "/app/asu_discord/cogs/analytics.py", line 652, in on_member_update
    before_timeout = before.timed_out_until
                     ^^^^^^^^^^^^^^^^^^^^^^
AttributeError: 'Member' object has no attribute 'timed_out_until'
Ignoring exception in on_member_update
Traceback (most recent call last):
  File "/usr/local/lib/python3.12/site-packages/discord/client.py", line 465, in _run_event
    await coro(*args, **kwargs)
  File "/app/asu_discord/cogs/analytics.py", line 652, in on_member_update
    before_timeout = before.timed_out_until
                     ^^^^^^^^^^^^^^^^^^^^^^
AttributeError: 'Member' object has no attribute 'timed_out_until'
Ignoring exception in on_member_update
Traceback (most recent call last):
  File "/usr/local/lib/python3.12/site-packages/discord/client.py", line 465, in _run_event
    await coro(*args, **kwargs)
  File "/app/asu_discord/cogs/analytics.py", line 652, in on_member_update
    before_timeout = before.timed_out_until
                     ^^^^^^^^^^^^^^^^^^^^^^
AttributeError: 'Member' object has no attribute 'timed_out_until'
Ignoring exception in on_member_update
Traceback (most recent call last):
  File "/usr/local/lib/python3.12/site-packages/discord/client.py", line 465, in _run_event
    await coro(*args, **kwargs)
  File "/app/asu_discord/cogs/analytics.py", line 652, in on_member_update
    before_timeout = before.timed_out_until
                     ^^^^^^^^^^^^^^^^^^^^^^
AttributeError: 'Member' object has no attribute 'timed_out_until'
Ignoring exception in on_member_update
Traceback (most recent call last):
  File "/usr/local/lib/python3.12/site-packages/discord/client.py", line 465, in _run_event
    await coro(*args, **kwargs)
  File "/app/asu_discord/cogs/analytics.py", line 652, in on_member_update
    before_timeout = before.timed_out_until
                     ^^^^^^^^^^^^^^^^^^^^^^
AttributeError: 'Member' object has no attribute 'timed_out_until'
Ignoring exception in on_member_update
Traceback (most recent call last):
  File "/usr/local/lib/python3.12/site-packages/discord/client.py", line 465, in _run_event
    await coro(*args, **kwargs)
  File "/app/asu_discord/cogs/analytics.py", line 652, in on_member_update
    before_timeout = before.timed_out_until
                     ^^^^^^^^^^^^^^^^^^^^^^
AttributeError: 'Member' object has no attribute 'timed_out_until'
Ignoring exception in on_member_update
Traceback (most recent call last):
  File "/usr/local/lib/python3.12/site-packages/discord/client.py", line 465, in _run_event
    await coro(*args, **kwargs)
  File "/app/asu_discord/cogs/analytics.py", line 652, in on_member_update
    before_timeout = before.timed_out_until
                     ^^^^^^^^^^^^^^^^^^^^^^
AttributeError: 'Member' object has no attribute 'timed_out_until'
Ignoring exception in on_member_update
Traceback (most recent call last):
  File "/usr/local/lib/python3.12/site-packages/discord/client.py", line 465, in _run_event
    await coro(*args, **kwargs)
  File "/app/asu_discord/cogs/analytics.py", line 652, in on_member_update
    before_timeout = before.timed_out_until
                     ^^^^^^^^^^^^^^^^^^^^^^
AttributeError: 'Member' object has no attribute 'timed_out_until'
Ignoring exception in on_member_update
Traceback (most recent call last):
  File "/usr/local/lib/python3.12/site-packages/discord/client.py", line 465, in _run_event
    await coro(*args, **kwargs)
  File "/app/asu_discord/cogs/analytics.py", line 652, in on_member_update
    before_timeout = before.timed_out_until
                     ^^^^^^^^^^^^^^^^^^^^^^
AttributeError: 'Member' object has no attribute 'timed_out_until'
Ignoring exception in on_member_update
Traceback (most recent call last):
  File "/usr/local/lib/python3.12/site-packages/discord/client.py", line 465, in _run_event
    await coro(*args, **kwargs)
  File "/app/asu_discord/cogs/analytics.py", line 652, in on_member_update
    before_timeout = before.timed_out_until
                     ^^^^^^^^^^^^^^^^^^^^^^
AttributeError: 'Member' object has no attribute 'timed_out_until'
Ignoring exception in on_member_update
Traceback (most recent call last):
  File "/usr/local/lib/python3.12/site-packages/discord/client.py", line 465, in _run_event
    await coro(*args, **kwargs)
  File "/app/asu_discord/cogs/analytics.py", line 652, in on_member_update
    before_timeout = before.timed_out_until
                     ^^^^^^^^^^^^^^^^^^^^^^
AttributeError: 'Member' object has no attribute 'timed_out_until'
Ignoring exception in on_member_update
Traceback (most recent call last):
  File "/usr/local/lib/python3.12/site-packages/discord/client.py", line 465, in _run_event
    await coro(*args, **kwargs)
  File "/app/asu_discord/cogs/analytics.py", line 652, in on_member_update
    before_timeout = before.timed_out_until
                     ^^^^^^^^^^^^^^^^^^^^^^
AttributeError: 'Member' object has no attribute 'timed_out_until'
Ignoring exception in on_member_update
Traceback (most recent call last):
  File "/usr/local/lib/python3.12/site-packages/discord/client.py", line 465, in _run_event
    await coro(*args, **kwargs)
  File "/app/asu_discord/cogs/analytics.py", line 652, in on_member_update
    before_timeout = before.timed_out_until
                     ^^^^^^^^^^^^^^^^^^^^^^
AttributeError: 'Member' object has no attribute 'timed_out_until'
Ignoring exception in on_member_update
Traceback (most recent call last):
  File "/usr/local/lib/python3.12/site-packages/discord/client.py", line 465, in _run_event
    await coro(*args, **kwargs)
  File "/app/asu_discord/cogs/analytics.py", line 652, in on_member_update
    before_timeout = before.timed_out_until
                     ^^^^^^^^^^^^^^^^^^^^^^
AttributeError: 'Member' object has no attribute 'timed_out_until'
Ignoring exception in on_member_update
Traceback (most recent call last):
  File "/usr/local/lib/python3.12/site-packages/discord/client.py", line 465, in _run_event
    await coro(*args, **kwargs)
  File "/app/asu_discord/cogs/analytics.py", line 652, in on_member_update
    before_timeout = before.timed_out_until
                     ^^^^^^^^^^^^^^^^^^^^^^
AttributeError: 'Member' object has no attribute 'timed_out_until'
Ignoring exception in on_member_update
Traceback (most recent call last):
  File "/usr/local/lib/python3.12/site-packages/discord/client.py", line 465, in _run_event
    await coro(*args, **kwargs)
  File "/app/asu_discord/cogs/analytics.py", line 652, in on_member_update
    before_timeout = before.timed_out_until
                     ^^^^^^^^^^^^^^^^^^^^^^
AttributeError: 'Member' object has no attribute 'timed_out_until'
Ignoring exception in on_member_update
Traceback (most recent call last):
  File "/usr/local/lib/python3.12/site-packages/discord/client.py", line 465, in _run_event
    await coro(*args, **kwargs)
  File "/app/asu_discord/cogs/analytics.py", line 652, in on_member_update
    before_timeout = before.timed_out_until
                     ^^^^^^^^^^^^^^^^^^^^^^
AttributeError: 'Member' object has no attribute 'timed_out_until'
Ignoring exception in on_member_update
Traceback (most recent call last):
  File "/usr/local/lib/python3.12/site-packages/discord/client.py", line 465, in _run_event
    await coro(*args, **kwargs)
  File "/app/asu_discord/cogs/analytics.py", line 652, in on_member_update
    before_timeout = before.timed_out_until
                     ^^^^^^^^^^^^^^^^^^^^^^
AttributeError: 'Member' object has no attribute 'timed_out_until'
INFO:routes.cas:CAS response missing email; inferred sbaxte10@asu.edu
INFO:routes.cas:CAS response missing email; inferred sbaxte10@asu.edu
Ignoring exception in on_member_update
Traceback (most recent call last):
  File "/usr/local/lib/python3.12/site-packages/discord/client.py", line 465, in _run_event
    await coro(*args, **kwargs)
  File "/app/asu_discord/cogs/analytics.py", line 652, in on_member_update
    before_timeout = before.timed_out_until
                     ^^^^^^^^^^^^^^^^^^^^^^
AttributeError: 'Member' object has no attribute 'timed_out_until'
Ignoring exception in on_member_update
Traceback (most recent call last):
  File "/usr/local/lib/python3.12/site-packages/discord/client.py", line 465, in _run_event
    await coro(*args, **kwargs)
  File "/app/asu_discord/cogs/analytics.py", line 652, in on_member_update
    before_timeout = before.timed_out_until
                     ^^^^^^^^^^^^^^^^^^^^^^
AttributeError: 'Member' object has no attribute 'timed_out_until'
INFO:asu_discord.cogs.verification:Removed unverified role 1207441184218161182 from member 962699249211039754
INFO:asu_discord.cogs.verification:Assigned verification role to Discord user 962699249211039754 (ASURITE: sbaxte10)
INFO:routes.discord:Salesforce profile data for sbaxte10 (Discord 962699249211039754): asurite='sbaxte10' name='Sara Baxter' fullName='Sara Baxter' email='sbaxte10@asu.edu' state='Arizona' country='United States' contactId='0030W00003uP2hVQAS' opportunities=[SalesforceOpportunity(stageName='Enrolled', termCode='2267', career='Undergraduate', type='Transfer', internationalStudent=False, firstGeneration=False, enrollmentDepositPaid=None, enrollmentDepositStatus='Paid', collegeName='Integrative Sciences & Arts', locationName='Polytechnic', collegeProgramCode='UGLS', programCode=None, createdDate='2024-06-12T12:15:03.000+0000', currentLocation='Polytechnic', academicPlanName='Applied Biological Sciences', opportunityId='0066T00001EhVCLQA3', academicPlanCode='TSABSABS', academicPlanId='a0Fd000000Ur7EPEAZ', accountId='0010W00002fZgqRQAS', accountName='Sara Baxter', applicationDate='2025-10-08', applicationNumber='03165594', applicationStartedDate='2025-10-09', applicationSubmittedDate='2025-10-09', closeDate='2026-09-11', collegeId='a0Dd000000XwmNqEAJ', contactId='0030W00003uP2hVQAS', contactEmplid='1222518232', contactName='Sara Baxter', deferred=False, doNotCall=False, externalApplicationNumber='4485729', jointProgram=False, isClosed=False, isWon=False, lastModifiedDate='2026-07-08T10:46:49.000+0000', leadSource='PeopleSoft', locationId='a0Gd000000F95vhEAB', militaryBenefits=False, name='Sara Baxter - 03165594 - 2267', onlineDegree=False, ownerEmail='alyssia.pederson@asu.edu', ownerId='0056T000008qfxbQAA', ownerOrganizationName='School of Applied Sciences and Arts', ownerName='Alyssia Pederson', primaryInterestId='701d00000013nYNAAY', primaryInterestName='Applied Biological Sciences', recordTypeId='012d0000000x3xxAAA', recordTypeName='Undergraduate Application', selfReportedTransferCreditHours=3, termId='a0Jd000000U7lzFEAR')] inState=True outOfState=False college='College of Integrative Sciences and Arts' program='Applied Biological Sciences' career='Undergraduate' admitType='Transfer' firstTimeFreshman=False transfer=True collegeProgramCode='UGLS' is_international=False international=False stateOfResidence='Arizona' enrollmentDepositPaid=True stageName='Enrolled' current=False firstYear=False depositPaid=True campus='Polytechnic' locationName='Polytechnic' termCode='2267' selectedOpportunity=SalesforceOpportunity(stageName='Enrolled', termCode='2267', career='Undergraduate', type='Transfer', internationalStudent=False, firstGeneration=False, enrollmentDepositPaid=None, enrollmentDepositStatus='Paid', collegeName='Integrative Sciences & Arts', locationName='Polytechnic', collegeProgramCode='UGLS', programCode=None, createdDate='2024-06-12T12:15:03.000+0000', currentLocation='Polytechnic', academicPlanName='Applied Biological Sciences', opportunityId='0066T00001EhVCLQA3', academicPlanCode='TSABSABS', academicPlanId='a0Fd000000Ur7EPEAZ', accountId='0010W00002fZgqRQAS', accountName='Sara Baxter', applicationDate='2025-10-08', applicationNumber='03165594', applicationStartedDate='2025-10-09', applicationSubmittedDate='2025-10-09', closeDate='2026-09-11', collegeId='a0Dd000000XwmNqEAJ', contactId='0030W00003uP2hVQAS', contactEmplid='1222518232', contactName='Sara Baxter', deferred=False, doNotCall=False, externalApplicationNumber='4485729', jointProgram=False, isClosed=False, isWon=False, lastModifiedDate='2026-07-08T10:46:49.000+0000', leadSource='PeopleSoft', locationId='a0Gd000000F95vhEAB', militaryBenefits=False, name='Sara Baxter - 03165594 - 2267', onlineDegree=False, ownerEmail='alyssia.pederson@asu.edu', ownerId='0056T000008qfxbQAA', ownerOrganizationName='School of Applied Sciences and Arts', ownerName='Alyssia Pederson', primaryInterestId='701d00000013nYNAAY', primaryInterestName='Applied Biological Sciences', recordTypeId='012d0000000x3xxAAA', recordTypeName='Undergraduate Application', selfReportedTransferCreditHours=3, termId='a0Jd000000U7lzFEAR') type='Transfer'
Ignoring exception in on_member_update
Traceback (most recent call last):
  File "/usr/local/lib/python3.12/site-packages/discord/client.py", line 465, in _run_event
    await coro(*args, **kwargs)
  File "/app/asu_discord/cogs/analytics.py", line 652, in on_member_update
    before_timeout = before.timed_out_until
                     ^^^^^^^^^^^^^^^^^^^^^^
AttributeError: 'Member' object has no attribute 'timed_out_until'
Ignoring exception in on_member_update
Traceback (most recent call last):
  File "/usr/local/lib/python3.12/site-packages/discord/client.py", line 465, in _run_event
    await coro(*args, **kwargs)
  File "/app/asu_discord/cogs/analytics.py", line 652, in on_member_update
    before_timeout = before.timed_out_until
                     ^^^^^^^^^^^^^^^^^^^^^^
AttributeError: 'Member' object has no attribute 'timed_out_until'
Ignoring exception in on_member_update
Traceback (most recent call last):
  File "/usr/local/lib/python3.12/site-packages/discord/client.py", line 465, in _run_event
    await coro(*args, **kwargs)
  File "/app/asu_discord/cogs/analytics.py", line 652, in on_member_update
    before_timeout = before.timed_out_until
                     ^^^^^^^^^^^^^^^^^^^^^^
AttributeError: 'Member' object has no attribute 'timed_out_until'
Ignoring exception in on_member_update
Traceback (most recent call last):
  File "/usr/local/lib/python3.12/site-packages/discord/client.py", line 465, in _run_event
    await coro(*args, **kwargs)
  File "/app/asu_discord/cogs/analytics.py", line 652, in on_member_update
    before_timeout = before.timed_out_until
                     ^^^^^^^^^^^^^^^^^^^^^^
AttributeError: 'Member' object has no attribute 'timed_out_until'
Ignoring exception in on_member_update
Traceback (most recent call last):
  File "/usr/local/lib/python3.12/site-packages/discord/client.py", line 465, in _run_event
    await coro(*args, **kwargs)
  File "/app/asu_discord/cogs/analytics.py", line 652, in on_member_update
    before_timeout = before.timed_out_until
                     ^^^^^^^^^^^^^^^^^^^^^^
AttributeError: 'Member' object has no attribute 'timed_out_until'
INFO:asu_discord.cogs.verification:Assigned Salesforce-based roles [1333934478887882823, 1187459946552492112, 1356257786563920023, 1282465090808971397, 1187164763189416078] to Discord user 962699249211039754
INFO:asu_discord.cogs.verification:Saved 5 roles to database for user sbaxte10 (Discord ID: 962699249211039754)
Ignoring exception in on_member_update
Traceback (most recent call last):
  File "/usr/local/lib/python3.12/site-packages/discord/client.py", line 465, in _run_event
    await coro(*args, **kwargs)
  File "/app/asu_discord/cogs/analytics.py", line 652, in on_member_update
    before_timeout = before.timed_out_until
                     ^^^^^^^^^^^^^^^^^^^^^^
AttributeError: 'Member' object has no attribute 'timed_out_until'
Ignoring exception in on_member_update
Traceback (most recent call last):
  File "/usr/local/lib/python3.12/site-packages/discord/client.py", line 465, in _run_event
    await coro(*args, **kwargs)
  File "/app/asu_discord/cogs/analytics.py", line 652, in on_member_update
    before_timeout = before.timed_out_until
                     ^^^^^^^^^^^^^^^^^^^^^^
AttributeError: 'Member' object has no attribute 'timed_out_until'
Ignoring exception in on_member_update
Traceback (most recent call last):
  File "/usr/local/lib/python3.12/site-packages/discord/client.py", line 465, in _run_event
    await coro(*args, **kwargs)
  File "/app/asu_discord/cogs/analytics.py", line 652, in on_member_update
    before_timeout = before.timed_out_until
                     ^^^^^^^^^^^^^^^^^^^^^^
AttributeError: 'Member' object has no attribute 'timed_out_until'
Ignoring exception in on_member_update
Traceback (most recent call last):
  File "/usr/local/lib/python3.12/site-packages/discord/client.py", line 465, in _run_event
    await coro(*args, **kwargs)
  File "/app/asu_discord/cogs/analytics.py", line 652, in on_member_update
    before_timeout = before.timed_out_until
                     ^^^^^^^^^^^^^^^^^^^^^^
AttributeError: 'Member' object has no attribute 'timed_out_until'
Ignoring exception in on_member_update
Traceback (most recent call last):
  File "/usr/local/lib/python3.12/site-packages/discord/client.py", line 465, in _run_event
    await coro(*args, **kwargs)
  File "/app/asu_discord/cogs/analytics.py", line 652, in on_member_update
    before_timeout = before.timed_out_until
                     ^^^^^^^^^^^^^^^^^^^^^^
AttributeError: 'Member' object has no attribute 'timed_out_until'
Ignoring exception in on_member_update
Traceback (most recent call last):
  File "/usr/local/lib/python3.12/site-packages/discord/client.py", line 465, in _run_event
    await coro(*args, **kwargs)
  File "/app/asu_discord/cogs/analytics.py", line 652, in on_member_update
    before_timeout = before.timed_out_until
                     ^^^^^^^^^^^^^^^^^^^^^^
AttributeError: 'Member' object has no attribute 'timed_out_until'
Ignoring exception in on_member_update
Traceback (most recent call last):
  File "/usr/local/lib/python3.12/site-packages/discord/client.py", line 465, in _run_event
    await coro(*args, **kwargs)
  File "/app/asu_discord/cogs/analytics.py", line 652, in on_member_update
    before_timeout = before.timed_out_until
                     ^^^^^^^^^^^^^^^^^^^^^^
AttributeError: 'Member' object has no attribute 'timed_out_until'
Ignoring exception in on_member_update
Traceback (most recent call last):
  File "/usr/local/lib/python3.12/site-packages/discord/client.py", line 465, in _run_event
    await coro(*args, **kwargs)
  File "/app/asu_discord/cogs/analytics.py", line 652, in on_member_update
    before_timeout = before.timed_out_until
                     ^^^^^^^^^^^^^^^^^^^^^^
AttributeError: 'Member' object has no attribute 'timed_out_until'
Ignoring exception in on_member_update
Traceback (most recent call last):
  File "/usr/local/lib/python3.12/site-packages/discord/client.py", line 465, in _run_event
    await coro(*args, **kwargs)
  File "/app/asu_discord/cogs/analytics.py", line 652, in on_member_update
    before_timeout = before.timed_out_until
                     ^^^^^^^^^^^^^^^^^^^^^^
AttributeError: 'Member' object has no attribute 'timed_out_until'
Ignoring exception in on_member_update
Traceback (most recent call last):
  File "/usr/local/lib/python3.12/site-packages/discord/client.py", line 465, in _run_event
    await coro(*args, **kwargs)
  File "/app/asu_discord/cogs/analytics.py", line 652, in on_member_update
    before_timeout = before.timed_out_until
                     ^^^^^^^^^^^^^^^^^^^^^^
AttributeError: 'Member' object has no attribute 'timed_out_until'
Ignoring exception in on_member_update
Traceback (most recent call last):
  File "/usr/local/lib/python3.12/site-packages/discord/client.py", line 465, in _run_event
    await coro(*args, **kwargs)
  File "/app/asu_discord/cogs/analytics.py", line 652, in on_member_update
    before_timeout = before.timed_out_until
                     ^^^^^^^^^^^^^^^^^^^^^^
AttributeError: 'Member' object has no attribute 'timed_out_until'
Ignoring exception in on_member_update
Traceback (most recent call last):
  File "/usr/local/lib/python3.12/site-packages/discord/client.py", line 465, in _run_event
    await coro(*args, **kwargs)
  File "/app/asu_discord/cogs/analytics.py", line 652, in on_member_update
    before_timeout = before.timed_out_until
                     ^^^^^^^^^^^^^^^^^^^^^^
AttributeError: 'Member' object has no attribute 'timed_out_until'
Ignoring exception in on_member_update
Traceback (most recent call last):
  File "/usr/local/lib/python3.12/site-packages/discord/client.py", line 465, in _run_event
    await coro(*args, **kwargs)
  File "/app/asu_discord/cogs/analytics.py", line 652, in on_member_update
    before_timeout = before.timed_out_until
                     ^^^^^^^^^^^^^^^^^^^^^^
AttributeError: 'Member' object has no attribute 'timed_out_until'
Ignoring exception in on_member_update
Traceback (most recent call last):
  File "/usr/local/lib/python3.12/site-packages/discord/client.py", line 465, in _run_event
    await coro(*args, **kwargs)
  File "/app/asu_discord/cogs/analytics.py", line 652, in on_member_update
    before_timeout = before.timed_out_until
                     ^^^^^^^^^^^^^^^^^^^^^^
AttributeError: 'Member' object has no attribute 'timed_out_until'
Ignoring exception in on_member_update
Traceback (most recent call last):
  File "/usr/local/lib/python3.12/site-packages/discord/client.py", line 465, in _run_event
    await coro(*args, **kwargs)
  File "/app/asu_discord/cogs/analytics.py", line 652, in on_member_update
    before_timeout = before.timed_out_until
                     ^^^^^^^^^^^^^^^^^^^^^^
AttributeError: 'Member' object has no attribute 'timed_out_until'
Ignoring exception in on_member_update
Traceback (most recent call last):
  File "/usr/local/lib/python3.12/site-packages/discord/client.py", line 465, in _run_event
    await coro(*args, **kwargs)
  File "/app/asu_discord/cogs/analytics.py", line 652, in on_member_update
    before_timeout = before.timed_out_until
                     ^^^^^^^^^^^^^^^^^^^^^^
AttributeError: 'Member' object has no attribute 'timed_out_until'
Ignoring exception in on_member_update
Traceback (most recent call last):
  File "/usr/local/lib/python3.12/site-packages/discord/client.py", line 465, in _run_event
    await coro(*args, **kwargs)
  File "/app/asu_discord/cogs/analytics.py", line 652, in on_member_update
    before_timeout = before.timed_out_until
                     ^^^^^^^^^^^^^^^^^^^^^^
AttributeError: 'Member' object has no attribute 'timed_out_until'
Ignoring exception in on_member_update
Traceback (most recent call last):
  File "/usr/local/lib/python3.12/site-packages/discord/client.py", line 465, in _run_event
    await coro(*args, **kwargs)
  File "/app/asu_discord/cogs/analytics.py", line 652, in on_member_update
    before_timeout = before.timed_out_until
                     ^^^^^^^^^^^^^^^^^^^^^^
AttributeError: 'Member' object has no attribute 'timed_out_until'
Ignoring exception in on_member_update
Traceback (most recent call last):
  File "/usr/local/lib/python3.12/site-packages/discord/client.py", line 465, in _run_event
    await coro(*args, **kwargs)
  File "/app/asu_discord/cogs/analytics.py", line 652, in on_member_update
    before_timeout = before.timed_out_until
                     ^^^^^^^^^^^^^^^^^^^^^^
AttributeError: 'Member' object has no attribute 'timed_out_until'
INFO:discord.client:Got a request to RESUME the websocket.
INFO:discord.gateway:Shard ID None has sent the RESUME payload.
INFO:discord.gateway:Shard ID None has successfully RESUMED session 6e3407fd591f617e4a33b69139a85b12 under trace ["gateway-prd-arm-us-east1-b-k92x",{"micros":1662,"calls":["id_created",{"micros":0,"calls":[]},"session_lookup_time",{"micros":1407,"calls":[]},"session_lookup_finished",{"micros":13,"calls":[]},"sessions-prd-gcp-us-east1-b-23",{"micros":14}]}].
Ignoring exception in on_member_update
Traceback (most recent call last):
  File "/usr/local/lib/python3.12/site-packages/discord/client.py", line 465, in _run_event
    await coro(*args, **kwargs)
  File "/app/asu_discord/cogs/analytics.py", line 652, in on_member_update
    before_timeout = before.timed_out_until
                     ^^^^^^^^^^^^^^^^^^^^^^
AttributeError: 'Member' object has no attribute 'timed_out_until'
Ignoring exception in on_member_update
Traceback (most recent call last):
  File "/usr/local/lib/python3.12/site-packages/discord/client.py", line 465, in _run_event
    await coro(*args, **kwargs)
  File "/app/asu_discord/cogs/analytics.py", line 652, in on_member_update
    before_timeout = before.timed_out_until
                     ^^^^^^^^^^^^^^^^^^^^^^
AttributeError: 'Member' object has no attribute 'timed_out_until'
Ignoring exception in on_member_update
Traceback (most recent call last):
  File "/usr/local/lib/python3.12/site-packages/discord/client.py", line 465, in _run_event
    await coro(*args, **kwargs)
  File "/app/asu_discord/cogs/analytics.py", line 652, in on_member_update
    before_timeout = before.timed_out_until
                     ^^^^^^^^^^^^^^^^^^^^^^
AttributeError: 'Member' object has no attribute 'timed_out_until'
Ignoring exception in on_member_update
Traceback (most recent call last):
  File "/usr/local/lib/python3.12/site-packages/discord/client.py", line 465, in _run_event
    await coro(*args, **kwargs)
  File "/app/asu_discord/cogs/analytics.py", line 652, in on_member_update
    before_timeout = before.timed_out_until
                     ^^^^^^^^^^^^^^^^^^^^^^
AttributeError: 'Member' object has no attribute 'timed_out_until'
Ignoring exception in on_member_update
Traceback (most recent call last):
  File "/usr/local/lib/python3.12/site-packages/discord/client.py", line 465, in _run_event
    await coro(*args, **kwargs)
  File "/app/asu_discord/cogs/analytics.py", line 652, in on_member_update
    before_timeout = before.timed_out_until
                     ^^^^^^^^^^^^^^^^^^^^^^
AttributeError: 'Member' object has no attribute 'timed_out_until'
Ignoring exception in on_member_update
Traceback (most recent call last):
  File "/usr/local/lib/python3.12/site-packages/discord/client.py", line 465, in _run_event
    await coro(*args, **kwargs)
  File "/app/asu_discord/cogs/analytics.py", line 652, in on_member_update
    before_timeout = before.timed_out_until
                     ^^^^^^^^^^^^^^^^^^^^^^
AttributeError: 'Member' object has no attribute 'timed_out_until'
Ignoring exception in on_member_update
Traceback (most recent call last):
  File "/usr/local/lib/python3.12/site-packages/discord/client.py", line 465, in _run_event
    await coro(*args, **kwargs)
  File "/app/asu_discord/cogs/analytics.py", line 652, in on_member_update
    before_timeout = before.timed_out_until
                     ^^^^^^^^^^^^^^^^^^^^^^
AttributeError: 'Member' object has no attribute 'timed_out_until'
Ignoring exception in on_member_update
Traceback (most recent call last):
  File "/usr/local/lib/python3.12/site-packages/discord/client.py", line 465, in _run_event
    await coro(*args, **kwargs)
  File "/app/asu_discord/cogs/analytics.py", line 652, in on_member_update
    before_timeout = before.timed_out_until
                     ^^^^^^^^^^^^^^^^^^^^^^
AttributeError: 'Member' object has no attribute 'timed_out_until'
Ignoring exception in on_member_update
Traceback (most recent call last):
  File "/usr/local/lib/python3.12/site-packages/discord/client.py", line 465, in _run_event
    await coro(*args, **kwargs)
  File "/app/asu_discord/cogs/analytics.py", line 652, in on_member_update
    before_timeout = before.timed_out_until
                     ^^^^^^^^^^^^^^^^^^^^^^
AttributeError: 'Member' object has no attribute 'timed_out_until'
Ignoring exception in on_member_update
Traceback (most recent call last):
  File "/usr/local/lib/python3.12/site-packages/discord/client.py", line 465, in _run_event
    await coro(*args, **kwargs)
  File "/app/asu_discord/cogs/analytics.py", line 652, in on_member_update
    before_timeout = before.timed_out_until
                     ^^^^^^^^^^^^^^^^^^^^^^
AttributeError: 'Member' object has no attribute 'timed_out_until'
Ignoring exception in on_member_update
Traceback (most recent call last):
  File "/usr/local/lib/python3.12/site-packages/discord/client.py", line 465, in _run_event
    await coro(*args, **kwargs)
  File "/app/asu_discord/cogs/analytics.py", line 652, in on_member_update
    before_timeout = before.timed_out_until
                     ^^^^^^^^^^^^^^^^^^^^^^
AttributeError: 'Member' object has no attribute 'timed_out_until'
Ignoring exception in on_member_update
Traceback (most recent call last):
  File "/usr/local/lib/python3.12/site-packages/discord/client.py", line 465, in _run_event
    await coro(*args, **kwargs)
  File "/app/asu_discord/cogs/analytics.py", line 652, in on_member_update
    before_timeout = before.timed_out_until
                     ^^^^^^^^^^^^^^^^^^^^^^
AttributeError: 'Member' object has no attribute 'timed_out_until'
Ignoring exception in on_member_update
Traceback (most recent call last):
  File "/usr/local/lib/python3.12/site-packages/discord/client.py", line 465, in _run_event
    await coro(*args, **kwargs)
  File "/app/asu_discord/cogs/analytics.py", line 652, in on_member_update
    before_timeout = before.timed_out_until
                     ^^^^^^^^^^^^^^^^^^^^^^
AttributeError: 'Member' object has no attribute 'timed_out_until'
Ignoring exception in on_member_update
Traceback (most recent call last):
  File "/usr/local/lib/python3.12/site-packages/discord/client.py", line 465, in _run_event
    await coro(*args, **kwargs)
  File "/app/asu_discord/cogs/analytics.py", line 652, in on_member_update
    before_timeout = before.timed_out_until
                     ^^^^^^^^^^^^^^^^^^^^^^
AttributeError: 'Member' object has no attribute 'timed_out_until'
Ignoring exception in on_member_update
Traceback (most recent call last):
  File "/usr/local/lib/python3.12/site-packages/discord/client.py", line 465, in _run_event
    await coro(*args, **kwargs)
  File "/app/asu_discord/cogs/analytics.py", line 652, in on_member_update
    before_timeout = before.timed_out_until
                     ^^^^^^^^^^^^^^^^^^^^^^
AttributeError: 'Member' object has no attribute 'timed_out_until'
Ignoring exception in on_member_update
Traceback (most recent call last):
  File "/usr/local/lib/python3.12/site-packages/discord/client.py", line 465, in _run_event
    await coro(*args, **kwargs)
  File "/app/asu_discord/cogs/analytics.py", line 652, in on_member_update
    before_timeout = before.timed_out_until
                     ^^^^^^^^^^^^^^^^^^^^^^
AttributeError: 'Member' object has no attribute 'timed_out_until'
Ignoring exception in on_member_update
Traceback (most recent call last):
  File "/usr/local/lib/python3.12/site-packages/discord/client.py", line 465, in _run_event
    await coro(*args, **kwargs)
  File "/app/asu_discord/cogs/analytics.py", line 652, in on_member_update
    before_timeout = before.timed_out_until
                     ^^^^^^^^^^^^^^^^^^^^^^
AttributeError: 'Member' object has no attribute 'timed_out_until'
Ignoring exception in on_member_update
Traceback (most recent call last):
  File "/usr/local/lib/python3.12/site-packages/discord/client.py", line 465, in _run_event
    await coro(*args, **kwargs)
  File "/app/asu_discord/cogs/analytics.py", line 652, in on_member_update
    before_timeout = before.timed_out_until
                     ^^^^^^^^^^^^^^^^^^^^^^
AttributeError: 'Member' object has no attribute 'timed_out_until'
Ignoring exception in on_member_update
Traceback (most recent call last):
  File "/usr/local/lib/python3.12/site-packages/discord/client.py", line 465, in _run_event
    await coro(*args, **kwargs)
  File "/app/asu_discord/cogs/analytics.py", line 652, in on_member_update
    before_timeout = before.timed_out_until
                     ^^^^^^^^^^^^^^^^^^^^^^
AttributeError: 'Member' object has no attribute 'timed_out_until'
Ignoring exception in on_member_update
Traceback (most recent call last):
  File "/usr/local/lib/python3.12/site-packages/discord/client.py", line 465, in _run_event
    await coro(*args, **kwargs)
  File "/app/asu_discord/cogs/analytics.py", line 652, in on_member_update
    before_timeout = before.timed_out_until
                     ^^^^^^^^^^^^^^^^^^^^^^
AttributeError: 'Member' object has no attribute 'timed_out_until'
Ignoring exception in on_member_update
Traceback (most recent call last):
  File "/usr/local/lib/python3.12/site-packages/discord/client.py", line 465, in _run_event
    await coro(*args, **kwargs)
  File "/app/asu_discord/cogs/analytics.py", line 652, in on_member_update
    before_timeout = before.timed_out_until
                     ^^^^^^^^^^^^^^^^^^^^^^
AttributeError: 'Member' object has no attribute 'timed_out_until'
INFO:routes.cas:CAS response missing email; inferred tupreti@asu.edu
INFO:asu_discord.cogs.verification:Member 689510313971810437 already has the verification role
INFO:routes.discord:Salesforce profile data for tupreti (Discord 689510313971810437): asurite='tupreti' name='Tanay Upreti' fullName='Tanay Upreti' email='tupreti@asu.edu' state='Arizona' country='United States' contactId='0036T00004Sd1ruQAB' opportunities=[SalesforceOpportunity(stageName='Enrolled', termCode='2237', career='Undergraduate', type='First Time Freshman', internationalStudent=True, firstGeneration=False, enrollmentDepositPaid=None, enrollmentDepositStatus='Paid', collegeName='Ira A Fulton Engineering', locationName='Tempe', collegeProgramCode='UGES', programCode=None, createdDate='2023-05-23T12:21:52.000+0000', currentLocation='Tempe', academicPlanName='Computer Science - BS', opportunityId='0066T00001BYp8cQAD', academicPlanCode='ESCSEBS', academicPlanId='a0Fd000000Ur6wHEAR', accountId='0016T000032Q4GDQA0', accountName='Tanay Upreti', applicationDate='2023-05-21', applicationNumber='02539815', closeDate='2023-09-08', collegeId='a0Dd000000XwmNiEAJ', contactId='0036T00004Sd1ruQAB', contactEmplid='1231413263', contactName='Tanay Upreti', deferred=False, doNotCall=False, externalApplicationNumber='9028436434', externalApplicationSource='Common App', housingStatus='Signed Contract', jointProgram=False, isClosed=False, isWon=False, lastModifiedDate='2023-09-14T19:40:36.000+0000', leadSource='PeopleSoft', locationId='a0Gd000000F95viEAB', militaryBenefits=False, name='Tanay Upreti - 02539815 - 2237', onlineDegree=False, orientationStatus='No Show', ownerEmail='nakita.saxon@asu.edu', ownerId='005d0000006AuqLAAS', ownerOrganizationName='Computer Science and Engineering Program', ownerPhone='480-965-0336', ownerName='Nakita Saxon', primaryInterestId='7016T000002cLPsQAM', primaryInterestName='Computer Science, Software Engineering and Mathematics', recordTypeId='012d0000000x3xxAAA', recordTypeName='Undergraduate Application', selfReportedTransferCreditHours=1, termId='a0Jd000000OH74IEAT'), SalesforceOpportunity(stageName='Prospect', termCode='2231', career='Undergraduate', type='First Time Freshman', internationalStudent=True, firstGeneration=False, enrollmentDepositPaid=None, enrollmentDepositStatus=None, collegeName=None, locationName=None, collegeProgramCode=None, programCode=None, createdDate='2023-06-17T00:43:47.000+0000', currentLocation=None, academicPlanName=None, opportunityId='0066T00001BZGF0QAP', accountId='0016T000032Q4GDQA0', accountName='Tanay Upreti', closeDate='2023-01-30', contactId='0036T00004Sd1ruQAB', contactEmplid='1231413263', contactName='Tanay Upreti', deferred=False, doNotCall=False, jointProgram=False, isClosed=False, isWon=False, lastModifiedDate='2023-09-14T20:33:03.000+0000', militaryBenefits=False, name='Tanay Upreti-2023-06-16', onlineDegree=False, ownerEmail='nakita.saxon@asu.edu', ownerId='005d0000006AuqLAAS', ownerPhone='480-965-0336', ownerName='Nakita Saxon', recordTypeId='012d0000000x3xyAAA', recordTypeName='Undergraduate Prospect', termId='a0Jd000000OH74JEAT')] inState=False outOfState=False college='Ira A. Fulton Schools of Engineering' program='Computer Science - BS' career='Undergraduate' admitType='First Time Freshman' firstTimeFreshman=True transfer=False collegeProgramCode='UGES' is_international=True international=True stateOfResidence=None enrollmentDepositPaid=True stageName='Enrolled' current=True firstYear=True depositPaid=True campus='Tempe' locationName='Tempe' termCode='2237' selectedOpportunity=SalesforceOpportunity(stageName='Enrolled', termCode='2237', career='Undergraduate', type='First Time Freshman', internationalStudent=True, firstGeneration=False, enrollmentDepositPaid=None, enrollmentDepositStatus='Paid', collegeName='Ira A Fulton Engineering', locationName='Tempe', collegeProgramCode='UGES', programCode=None, createdDate='2023-05-23T12:21:52.000+0000', currentLocation='Tempe', academicPlanName='Computer Science - BS', opportunityId='0066T00001BYp8cQAD', academicPlanCode='ESCSEBS', academicPlanId='a0Fd000000Ur6wHEAR', accountId='0016T000032Q4GDQA0', accountName='Tanay Upreti', applicationDate='2023-05-21', applicationNumber='02539815', closeDate='2023-09-08', collegeId='a0Dd000000XwmNiEAJ', contactId='0036T00004Sd1ruQAB', contactEmplid='1231413263', contactName='Tanay Upreti', deferred=False, doNotCall=False, externalApplicationNumber='9028436434', externalApplicationSource='Common App', housingStatus='Signed Contract', jointProgram=False, isClosed=False, isWon=False, lastModifiedDate='2023-09-14T19:40:36.000+0000', leadSource='PeopleSoft', locationId='a0Gd000000F95viEAB', militaryBenefits=False, name='Tanay Upreti - 02539815 - 2237', onlineDegree=False, orientationStatus='No Show', ownerEmail='nakita.saxon@asu.edu', ownerId='005d0000006AuqLAAS', ownerOrganizationName='Computer Science and Engineering Program', ownerPhone='480-965-0336', ownerName='Nakita Saxon', primaryInterestId='7016T000002cLPsQAM', primaryInterestName='Computer Science, Software Engineering and Mathematics', recordTypeId='012d0000000x3xxAAA', recordTypeName='Undergraduate Application', selfReportedTransferCreditHours=1, termId='a0Jd000000OH74IEAT') type='First Time Freshman'
Ignoring exception in on_member_update
Traceback (most recent call last):
  File "/usr/local/lib/python3.12/site-packages/discord/client.py", line 465, in _run_event
    await coro(*args, **kwargs)
  File "/app/asu_discord/cogs/analytics.py", line 652, in on_member_update
    before_timeout = before.timed_out_until
                     ^^^^^^^^^^^^^^^^^^^^^^
AttributeError: 'Member' object has no attribute 'timed_out_until'
Ignoring exception in on_member_update
Traceback (most recent call last):
  File "/usr/local/lib/python3.12/site-packages/discord/client.py", line 465, in _run_event
    await coro(*args, **kwargs)
  File "/app/asu_discord/cogs/analytics.py", line 652, in on_member_update
    before_timeout = before.timed_out_until
                     ^^^^^^^^^^^^^^^^^^^^^^
AttributeError: 'Member' object has no attribute 'timed_out_until'
INFO:asu_discord.cogs.verification:Assigned Salesforce-based roles [1282464973255348366, 1205549707938766878] to Discord user 689510313971810437
INFO:asu_discord.cogs.verification:Saved 6 roles to database for user tupreti (Discord ID: 689510313971810437)
Ignoring exception in on_member_update
Traceback (most recent call last):
  File "/usr/local/lib/python3.12/site-packages/discord/client.py", line 465, in _run_event
    await coro(*args, **kwargs)
  File "/app/asu_discord/cogs/analytics.py", line 652, in on_member_update
    before_timeout = before.timed_out_until
                     ^^^^^^^^^^^^^^^^^^^^^^
AttributeError: 'Member' object has no attribute 'timed_out_until'
Ignoring exception in on_member_update
Traceback (most recent call last):
  File "/usr/local/lib/python3.12/site-packages/discord/client.py", line 465, in _run_event
    await coro(*args, **kwargs)
  File "/app/asu_discord/cogs/analytics.py", line 652, in on_member_update
    before_timeout = before.timed_out_until
                     ^^^^^^^^^^^^^^^^^^^^^^
AttributeError: 'Member' object has no attribute 'timed_out_until'
Ignoring exception in on_member_update
Traceback (most recent call last):
  File "/usr/local/lib/python3.12/site-packages/discord/client.py", line 465, in _run_event
    await coro(*args, **kwargs)
  File "/app/asu_discord/cogs/analytics.py", line 652, in on_member_update
    before_timeout = before.timed_out_until
                     ^^^^^^^^^^^^^^^^^^^^^^
AttributeError: 'Member' object has no attribute 'timed_out_until'
Ignoring exception in on_member_update
Traceback (most recent call last):
  File "/usr/local/lib/python3.12/site-packages/discord/client.py", line 465, in _run_event
    await coro(*args, **kwargs)
  File "/app/asu_discord/cogs/analytics.py", line 652, in on_member_update
    before_timeout = before.timed_out_until
                     ^^^^^^^^^^^^^^^^^^^^^^
AttributeError: 'Member' object has no attribute 'timed_out_until'
Ignoring exception in on_member_update
Traceback (most recent call last):
  File "/usr/local/lib/python3.12/site-packages/discord/client.py", line 465, in _run_event
    await coro(*args, **kwargs)
  File "/app/asu_discord/cogs/analytics.py", line 652, in on_member_update
    before_timeout = before.timed_out_until
                     ^^^^^^^^^^^^^^^^^^^^^^
AttributeError: 'Member' object has no attribute 'timed_out_until'
Ignoring exception in on_member_update
Traceback (most recent call last):
  File "/usr/local/lib/python3.12/site-packages/discord/client.py", line 465, in _run_event
    await coro(*args, **kwargs)
  File "/app/asu_discord/cogs/analytics.py", line 652, in on_member_update
    before_timeout = before.timed_out_until
                     ^^^^^^^^^^^^^^^^^^^^^^
AttributeError: 'Member' object has no attribute 'timed_out_until'
Ignoring exception in on_member_update
Traceback (most recent call last):
  File "/usr/local/lib/python3.12/site-packages/discord/client.py", line 465, in _run_event
    await coro(*args, **kwargs)
  File "/app/asu_discord/cogs/analytics.py", line 652, in on_member_update
    before_timeout = before.timed_out_until
                     ^^^^^^^^^^^^^^^^^^^^^^
AttributeError: 'Member' object has no attribute 'timed_out_until'
Ignoring exception in on_member_update
Traceback (most recent call last):
  File "/usr/local/lib/python3.12/site-packages/discord/client.py", line 465, in _run_event
    await coro(*args, **kwargs)
  File "/app/asu_discord/cogs/analytics.py", line 652, in on_member_update
    before_timeout = before.timed_out_until
                     ^^^^^^^^^^^^^^^^^^^^^^
AttributeError: 'Member' object has no attribute 'timed_out_until'
Ignoring exception in on_member_update
Traceback (most recent call last):
  File "/usr/local/lib/python3.12/site-packages/discord/client.py", line 465, in _run_event
    await coro(*args, **kwargs)
  File "/app/asu_discord/cogs/analytics.py", line 652, in on_member_update
    before_timeout = before.timed_out_until
                     ^^^^^^^^^^^^^^^^^^^^^^
AttributeError: 'Member' object has no attribute 'timed_out_until'
Ignoring exception in on_member_update
Traceback (most recent call last):
  File "/usr/local/lib/python3.12/site-packages/discord/client.py", line 465, in _run_event
    await coro(*args, **kwargs)
  File "/app/asu_discord/cogs/analytics.py", line 652, in on_member_update
    before_timeout = before.timed_out_until
                     ^^^^^^^^^^^^^^^^^^^^^^
AttributeError: 'Member' object has no attribute 'timed_out_until'
Ignoring exception in on_member_update
Traceback (most recent call last):
  File "/usr/local/lib/python3.12/site-packages/discord/client.py", line 465, in _run_event
    await coro(*args, **kwargs)
  File "/app/asu_discord/cogs/analytics.py", line 652, in on_member_update
    before_timeout = before.timed_out_until
                     ^^^^^^^^^^^^^^^^^^^^^^
AttributeError: 'Member' object has no attribute 'timed_out_until'
Ignoring exception in on_member_update
Traceback (most recent call last):
  File "/usr/local/lib/python3.12/site-packages/discord/client.py", line 465, in _run_event
    await coro(*args, **kwargs)
  File "/app/asu_discord/cogs/analytics.py", line 652, in on_member_update
    before_timeout = before.timed_out_until
                     ^^^^^^^^^^^^^^^^^^^^^^
AttributeError: 'Member' object has no attribute 'timed_out_until'
Ignoring exception in on_member_update
Traceback (most recent call last):
  File "/usr/local/lib/python3.12/site-packages/discord/client.py", line 465, in _run_event
    await coro(*args, **kwargs)
  File "/app/asu_discord/cogs/analytics.py", line 652, in on_member_update
    before_timeout = before.timed_out_until
                     ^^^^^^^^^^^^^^^^^^^^^^
AttributeError: 'Member' object has no attribute 'timed_out_until'
Ignoring exception in on_member_update
Traceback (most recent call last):
  File "/usr/local/lib/python3.12/site-packages/discord/client.py", line 465, in _run_event
    await coro(*args, **kwargs)
  File "/app/asu_discord/cogs/analytics.py", line 652, in on_member_update
    before_timeout = before.timed_out_until
                     ^^^^^^^^^^^^^^^^^^^^^^
AttributeError: 'Member' object has no attribute 'timed_out_until'
Ignoring exception in on_member_update
Traceback (most recent call last):
  File "/usr/local/lib/python3.12/site-packages/discord/client.py", line 465, in _run_event
    await coro(*args, **kwargs)
  File "/app/asu_discord/cogs/analytics.py", line 652, in on_member_update
    before_timeout = before.timed_out_until
                     ^^^^^^^^^^^^^^^^^^^^^^
AttributeError: 'Member' object has no attribute 'timed_out_until'
Ignoring exception in on_member_update
Traceback (most recent call last):
  File "/usr/local/lib/python3.12/site-packages/discord/client.py", line 465, in _run_event
    await coro(*args, **kwargs)
  File "/app/asu_discord/cogs/analytics.py", line 652, in on_member_update
    before_timeout = before.timed_out_until
                     ^^^^^^^^^^^^^^^^^^^^^^
AttributeError: 'Member' object has no attribute 'timed_out_until'
Ignoring exception in on_member_update
Traceback (most recent call last):
  File "/usr/local/lib/python3.12/site-packages/discord/client.py", line 465, in _run_event
    await coro(*args, **kwargs)
  File "/app/asu_discord/cogs/analytics.py", line 652, in on_member_update
    before_timeout = before.timed_out_until
                     ^^^^^^^^^^^^^^^^^^^^^^
AttributeError: 'Member' object has no attribute 'timed_out_until'
Ignoring exception in on_member_update
Traceback (most recent call last):
  File "/usr/local/lib/python3.12/site-packages/discord/client.py", line 465, in _run_event
    await coro(*args, **kwargs)
  File "/app/asu_discord/cogs/analytics.py", line 652, in on_member_update
    before_timeout = before.timed_out_until
                     ^^^^^^^^^^^^^^^^^^^^^^
AttributeError: 'Member' object has no attribute 'timed_out_until'
Ignoring exception in on_member_update
Traceback (most recent call last):
  File "/usr/local/lib/python3.12/site-packages/discord/client.py", line 465, in _run_event
    await coro(*args, **kwargs)
  File "/app/asu_discord/cogs/analytics.py", line 652, in on_member_update
    before_timeout = before.timed_out_until
                     ^^^^^^^^^^^^^^^^^^^^^^
AttributeError: 'Member' object has no attribute 'timed_out_until'
Ignoring exception in on_member_update
Traceback (most recent call last):
  File "/usr/local/lib/python3.12/site-packages/discord/client.py", line 465, in _run_event
    await coro(*args, **kwargs)
  File "/app/asu_discord/cogs/analytics.py", line 652, in on_member_update
    before_timeout = before.timed_out_until
                     ^^^^^^^^^^^^^^^^^^^^^^
AttributeError: 'Member' object has no attribute 'timed_out_until'
Ignoring exception in on_member_update
Traceback (most recent call last):
  File "/usr/local/lib/python3.12/site-packages/discord/client.py", line 465, in _run_event
    await coro(*args, **kwargs)
  File "/app/asu_discord/cogs/analytics.py", line 652, in on_member_update
    before_timeout = before.timed_out_until
                     ^^^^^^^^^^^^^^^^^^^^^^
AttributeError: 'Member' object has no attribute 'timed_out_until'
Ignoring exception in on_member_update
Traceback (most recent call last):
  File "/usr/local/lib/python3.12/site-packages/discord/client.py", line 465, in _run_event
    await coro(*args, **kwargs)
  File "/app/asu_discord/cogs/analytics.py", line 652, in on_member_update
    before_timeout = before.timed_out_until
                     ^^^^^^^^^^^^^^^^^^^^^^
AttributeError: 'Member' object has no attribute 'timed_out_until'
Ignoring exception in on_member_update
Traceback (most recent call last):
  File "/usr/local/lib/python3.12/site-packages/discord/client.py", line 465, in _run_event
    await coro(*args, **kwargs)
  File "/app/asu_discord/cogs/analytics.py", line 652, in on_member_update
    before_timeout = before.timed_out_until
                     ^^^^^^^^^^^^^^^^^^^^^^
AttributeError: 'Member' object has no attribute 'timed_out_until'
Ignoring exception in on_member_update
Traceback (most recent call last):
  File "/usr/local/lib/python3.12/site-packages/discord/client.py", line 465, in _run_event
    await coro(*args, **kwargs)
  File "/app/asu_discord/cogs/analytics.py", line 652, in on_member_update
    before_timeout = before.timed_out_until
                     ^^^^^^^^^^^^^^^^^^^^^^
AttributeError: 'Member' object has no attribute 'timed_out_until'
INFO:cron.manager:Running cron job: send_survey_messages
INFO:cron.jobs:send_survey_messages: sent survey pings to 7 users in channel 1469453556930314394
Ignoring exception in on_member_update
Traceback (most recent call last):
  File "/usr/local/lib/python3.12/site-packages/discord/client.py", line 465, in _run_event
    await coro(*args, **kwargs)
  File "/app/asu_discord/cogs/analytics.py", line 652, in on_member_update
    before_timeout = before.timed_out_until
                     ^^^^^^^^^^^^^^^^^^^^^^
AttributeError: 'Member' object has no attribute 'timed_out_until'
Ignoring exception in on_member_update
Traceback (most recent call last):
  File "/usr/local/lib/python3.12/site-packages/discord/client.py", line 465, in _run_event
    await coro(*args, **kwargs)
  File "/app/asu_discord/cogs/analytics.py", line 652, in on_member_update
    before_timeout = before.timed_out_until
                     ^^^^^^^^^^^^^^^^^^^^^^
AttributeError: 'Member' object has no attribute 'timed_out_until'
Ignoring exception in on_member_update
Traceback (most recent call last):
  File "/usr/local/lib/python3.12/site-packages/discord/client.py", line 465, in _run_event
    await coro(*args, **kwargs)
  File "/app/asu_discord/cogs/analytics.py", line 652, in on_member_update
    before_timeout = before.timed_out_until
                     ^^^^^^^^^^^^^^^^^^^^^^
AttributeError: 'Member' object has no attribute 'timed_out_until'
Ignoring exception in on_member_update
Traceback (most recent call last):
  File "/usr/local/lib/python3.12/site-packages/discord/client.py", line 465, in _run_event
    await coro(*args, **kwargs)
  File "/app/asu_discord/cogs/analytics.py", line 652, in on_member_update
    before_timeout = before.timed_out_until
                     ^^^^^^^^^^^^^^^^^^^^^^
AttributeError: 'Member' object has no attribute 'timed_out_until'
Ignoring exception in on_member_update
Traceback (most recent call last):
  File "/usr/local/lib/python3.12/site-packages/discord/client.py", line 465, in _run_event
    await coro(*args, **kwargs)
  File "/app/asu_discord/cogs/analytics.py", line 652, in on_member_update
    before_timeout = before.timed_out_until
                     ^^^^^^^^^^^^^^^^^^^^^^
AttributeError: 'Member' object has no attribute 'timed_out_until'
Ignoring exception in on_member_update
Traceback (most recent call last):
  File "/usr/local/lib/python3.12/site-packages/discord/client.py", line 465, in _run_event
    await coro(*args, **kwargs)
  File "/app/asu_discord/cogs/analytics.py", line 652, in on_member_update
    before_timeout = before.timed_out_until
                     ^^^^^^^^^^^^^^^^^^^^^^
AttributeError: 'Member' object has no attribute 'timed_out_until'
Ignoring exception in on_member_update
Traceback (most recent call last):
  File "/usr/local/lib/python3.12/site-packages/discord/client.py", line 465, in _run_event
    await coro(*args, **kwargs)
  File "/app/asu_discord/cogs/analytics.py", line 652, in on_member_update
    before_timeout = before.timed_out_until
                     ^^^^^^^^^^^^^^^^^^^^^^
AttributeError: 'Member' object has no attribute 'timed_out_until'
Ignoring exception in on_member_update
Traceback (most recent call last):
  File "/usr/local/lib/python3.12/site-packages/discord/client.py", line 465, in _run_event
    await coro(*args, **kwargs)
  File "/app/asu_discord/cogs/analytics.py", line 652, in on_member_update
    before_timeout = before.timed_out_until
                     ^^^^^^^^^^^^^^^^^^^^^^
AttributeError: 'Member' object has no attribute 'timed_out_until'
INFO:routes.cas:CAS response missing email; inferred tupreti@asu.edu
INFO:asu_discord.cogs.verification:Member 689510313971810437 already has the verification role
INFO:routes.discord:Salesforce profile data for tupreti (Discord 689510313971810437): asurite='tupreti' name='Tanay Upreti' fullName='Tanay Upreti' email='tupreti@asu.edu' state='Arizona' country='United States' contactId='0036T00004Sd1ruQAB' opportunities=[SalesforceOpportunity(stageName='Enrolled', termCode='2237', career='Undergraduate', type='First Time Freshman', internationalStudent=True, firstGeneration=False, enrollmentDepositPaid=None, enrollmentDepositStatus='Paid', collegeName='Ira A Fulton Engineering', locationName='Tempe', collegeProgramCode='UGES', programCode=None, createdDate='2023-05-23T12:21:52.000+0000', currentLocation='Tempe', academicPlanName='Computer Science - BS', opportunityId='0066T00001BYp8cQAD', academicPlanCode='ESCSEBS', academicPlanId='a0Fd000000Ur6wHEAR', accountId='0016T000032Q4GDQA0', accountName='Tanay Upreti', applicationDate='2023-05-21', applicationNumber='02539815', closeDate='2023-09-08', collegeId='a0Dd000000XwmNiEAJ', contactId='0036T00004Sd1ruQAB', contactEmplid='1231413263', contactName='Tanay Upreti', deferred=False, doNotCall=False, externalApplicationNumber='9028436434', externalApplicationSource='Common App', housingStatus='Signed Contract', jointProgram=False, isClosed=False, isWon=False, lastModifiedDate='2023-09-14T19:40:36.000+0000', leadSource='PeopleSoft', locationId='a0Gd000000F95viEAB', militaryBenefits=False, name='Tanay Upreti - 02539815 - 2237', onlineDegree=False, orientationStatus='No Show', ownerEmail='nakita.saxon@asu.edu', ownerId='005d0000006AuqLAAS', ownerOrganizationName='Computer Science and Engineering Program', ownerPhone='480-965-0336', ownerName='Nakita Saxon', primaryInterestId='7016T000002cLPsQAM', primaryInterestName='Computer Science, Software Engineering and Mathematics', recordTypeId='012d0000000x3xxAAA', recordTypeName='Undergraduate Application', selfReportedTransferCreditHours=1, termId='a0Jd000000OH74IEAT'), SalesforceOpportunity(stageName='Prospect', termCode='2231', career='Undergraduate', type='First Time Freshman', internationalStudent=True, firstGeneration=False, enrollmentDepositPaid=None, enrollmentDepositStatus=None, collegeName=None, locationName=None, collegeProgramCode=None, programCode=None, createdDate='2023-06-17T00:43:47.000+0000', currentLocation=None, academicPlanName=None, opportunityId='0066T00001BZGF0QAP', accountId='0016T000032Q4GDQA0', accountName='Tanay Upreti', closeDate='2023-01-30', contactId='0036T00004Sd1ruQAB', contactEmplid='1231413263', contactName='Tanay Upreti', deferred=False, doNotCall=False, jointProgram=False, isClosed=False, isWon=False, lastModifiedDate='2023-09-14T20:33:03.000+0000', militaryBenefits=False, name='Tanay Upreti-2023-06-16', onlineDegree=False, ownerEmail='nakita.saxon@asu.edu', ownerId='005d0000006AuqLAAS', ownerPhone='480-965-0336', ownerName='Nakita Saxon', recordTypeId='012d0000000x3xyAAA', recordTypeName='Undergraduate Prospect', termId='a0Jd000000OH74JEAT')] inState=False outOfState=False college='Ira A. Fulton Schools of Engineering' program='Computer Science - BS' career='Undergraduate' admitType='First Time Freshman' firstTimeFreshman=True transfer=False collegeProgramCode='UGES' is_international=True international=True stateOfResidence=None enrollmentDepositPaid=True stageName='Enrolled' current=True firstYear=True depositPaid=True campus='Tempe' locationName='Tempe' termCode='2237' selectedOpportunity=SalesforceOpportunity(stageName='Enrolled', termCode='2237', career='Undergraduate', type='First Time Freshman', internationalStudent=True, firstGeneration=False, enrollmentDepositPaid=None, enrollmentDepositStatus='Paid', collegeName='Ira A Fulton Engineering', locationName='Tempe', collegeProgramCode='UGES', programCode=None, createdDate='2023-05-23T12:21:52.000+0000', currentLocation='Tempe', academicPlanName='Computer Science - BS', opportunityId='0066T00001BYp8cQAD', academicPlanCode='ESCSEBS', academicPlanId='a0Fd000000Ur6wHEAR', accountId='0016T000032Q4GDQA0', accountName='Tanay Upreti', applicationDate='2023-05-21', applicationNumber='02539815', closeDate='2023-09-08', collegeId='a0Dd000000XwmNiEAJ', contactId='0036T00004Sd1ruQAB', contactEmplid='1231413263', contactName='Tanay Upreti', deferred=False, doNotCall=False, externalApplicationNumber='9028436434', externalApplicationSource='Common App', housingStatus='Signed Contract', jointProgram=False, isClosed=False, isWon=False, lastModifiedDate='2023-09-14T19:40:36.000+0000', leadSource='PeopleSoft', locationId='a0Gd000000F95viEAB', militaryBenefits=False, name='Tanay Upreti - 02539815 - 2237', onlineDegree=False, orientationStatus='No Show', ownerEmail='nakita.saxon@asu.edu', ownerId='005d0000006AuqLAAS', ownerOrganizationName='Computer Science and Engineering Program', ownerPhone='480-965-0336', ownerName='Nakita Saxon', primaryInterestId='7016T000002cLPsQAM', primaryInterestName='Computer Science, Software Engineering and Mathematics', recordTypeId='012d0000000x3xxAAA', recordTypeName='Undergraduate Application', selfReportedTransferCreditHours=1, termId='a0Jd000000OH74IEAT') type='First Time Freshman'
INFO:asu_discord.cogs.verification:No new Discord roles to assign for user 689510313971810437 from Salesforce profile
Ignoring exception in on_member_update
Traceback (most recent call last):
  File "/usr/local/lib/python3.12/site-packages/discord/client.py", line 465, in _run_event
    await coro(*args, **kwargs)
  File "/app/asu_discord/cogs/analytics.py", line 652, in on_member_update
    before_timeout = before.timed_out_until
                     ^^^^^^^^^^^^^^^^^^^^^^
AttributeError: 'Member' object has no attribute 'timed_out_until'
Ignoring exception in on_member_update
Traceback (most recent call last):
  File "/usr/local/lib/python3.12/site-packages/discord/client.py", line 465, in _run_event
    await coro(*args, **kwargs)
  File "/app/asu_discord/cogs/analytics.py", line 652, in on_member_update
    before_timeout = before.timed_out_until
                     ^^^^^^^^^^^^^^^^^^^^^^
AttributeError: 'Member' object has no attribute 'timed_out_until'
INFO:discord.client:Got a request to RESUME the websocket.
INFO:discord.gateway:Shard ID None has sent the RESUME payload.
INFO:discord.gateway:Shard ID None has successfully RESUMED session 6e3407fd591f617e4a33b69139a85b12 under trace ["gateway-prd-arm-us-east1-d-fzzm",{"micros":481,"calls":["id_created",{"micros":0,"calls":[]},"session_lookup_time",{"micros":201,"calls":[]},"session_lookup_finished",{"micros":20,"calls":[]},"sessions-prd-gcp-us-east1-b-23",{"micros":17}]}].
Ignoring exception in on_member_update
Traceback (most recent call last):
  File "/usr/local/lib/python3.12/site-packages/discord/client.py", line 465, in _run_event
    await coro(*args, **kwargs)
  File "/app/asu_discord/cogs/analytics.py", line 652, in on_member_update
    before_timeout = before.timed_out_until
                     ^^^^^^^^^^^^^^^^^^^^^^
AttributeError: 'Member' object has no attribute 'timed_out_until'
Ignoring exception in on_member_update
Traceback (most recent call last):
  File "/usr/local/lib/python3.12/site-packages/discord/client.py", line 465, in _run_event
    await coro(*args, **kwargs)
  File "/app/asu_discord/cogs/analytics.py", line 652, in on_member_update
    before_timeout = before.timed_out_until
                     ^^^^^^^^^^^^^^^^^^^^^^
AttributeError: 'Member' object has no attribute 'timed_out_until'
Ignoring exception in on_member_update
Traceback (most recent call last):
  File "/usr/local/lib/python3.12/site-packages/discord/client.py", line 465, in _run_event
    await coro(*args, **kwargs)
  File "/app/asu_discord/cogs/analytics.py", line 652, in on_member_update
    before_timeout = before.timed_out_until
                     ^^^^^^^^^^^^^^^^^^^^^^
AttributeError: 'Member' object has no attribute 'timed_out_until'
Ignoring exception in on_member_update
Traceback (most recent call last):
  File "/usr/local/lib/python3.12/site-packages/discord/client.py", line 465, in _run_event
    await coro(*args, **kwargs)
  File "/app/asu_discord/cogs/analytics.py", line 652, in on_member_update
    before_timeout = before.timed_out_until
                     ^^^^^^^^^^^^^^^^^^^^^^
AttributeError: 'Member' object has no attribute 'timed_out_until'
Ignoring exception in on_member_update
Traceback (most recent call last):
  File "/usr/local/lib/python3.12/site-packages/discord/client.py", line 465, in _run_event
    await coro(*args, **kwargs)
  File "/app/asu_discord/cogs/analytics.py", line 652, in on_member_update
    before_timeout = before.timed_out_until
                     ^^^^^^^^^^^^^^^^^^^^^^
AttributeError: 'Member' object has no attribute 'timed_out_until'
Ignoring exception in on_member_update
Traceback (most recent call last):
  File "/usr/local/lib/python3.12/site-packages/discord/client.py", line 465, in _run_event
    await coro(*args, **kwargs)
  File "/app/asu_discord/cogs/analytics.py", line 652, in on_member_update
    before_timeout = before.timed_out_until
                     ^^^^^^^^^^^^^^^^^^^^^^
AttributeError: 'Member' object has no attribute 'timed_out_until'
Ignoring exception in on_member_update
Traceback (most recent call last):
  File "/usr/local/lib/python3.12/site-packages/discord/client.py", line 465, in _run_event
    await coro(*args, **kwargs)
  File "/app/asu_discord/cogs/analytics.py", line 652, in on_member_update
    before_timeout = before.timed_out_until
                     ^^^^^^^^^^^^^^^^^^^^^^
AttributeError: 'Member' object has no attribute 'timed_out_until'
Ignoring exception in on_member_update
Traceback (most recent call last):
  File "/usr/local/lib/python3.12/site-packages/discord/client.py", line 465, in _run_event
    await coro(*args, **kwargs)
  File "/app/asu_discord/cogs/analytics.py", line 652, in on_member_update
    before_timeout = before.timed_out_until
                     ^^^^^^^^^^^^^^^^^^^^^^
AttributeError: 'Member' object has no attribute 'timed_out_until'
INFO:routes.cas:CAS response missing email; inferred opeckens@asu.edu
ERROR:routes.discord:Discord OAuth state mismatch: expected=None received=Cho-Oj8H1w-kLN8w3LfIuvI3IX94FTp0V7XCydbwRBw
INFO:routes.cas:CAS response missing email; inferred opeckens@asu.edu
Ignoring exception in on_member_update
Traceback (most recent call last):
  File "/usr/local/lib/python3.12/site-packages/discord/client.py", line 465, in _run_event
    await coro(*args, **kwargs)
  File "/app/asu_discord/cogs/analytics.py", line 652, in on_member_update
    before_timeout = before.timed_out_until
                     ^^^^^^^^^^^^^^^^^^^^^^
AttributeError: 'Member' object has no attribute 'timed_out_until'
Ignoring exception in on_member_update
Traceback (most recent call last):
  File "/usr/local/lib/python3.12/site-packages/discord/client.py", line 465, in _run_event
    await coro(*args, **kwargs)
  File "/app/asu_discord/cogs/analytics.py", line 652, in on_member_update
    before_timeout = before.timed_out_until
                     ^^^^^^^^^^^^^^^^^^^^^^
AttributeError: 'Member' object has no attribute 'timed_out_until'
INFO:asu_discord.cogs.verification:Removed unverified role 1207441184218161182 from member 765596835417948199
INFO:asu_discord.cogs.verification:Assigned verification role to Discord user 765596835417948199 (ASURITE: opeckens)
INFO:routes.discord:Salesforce profile data for opeckens (Discord 765596835417948199): asurite='opeckens' name='Oliver Peckens' fullName='Oliver Peckens' email='oliver.peckens@gmail.com' state='Arizona' country='United States' contactId='003aJ00000IN4nqQAD' opportunities=[SalesforceOpportunity(stageName='Enrolled', termCode='2267', career='Undergraduate', type='First Time Freshman', internationalStudent=False, firstGeneration=False, enrollmentDepositPaid=None, enrollmentDepositStatus='Paid', collegeName='W. P. Carey School of Business', locationName='Tempe', collegeProgramCode='UGBA', programCode=None, createdDate='2025-08-21T15:37:38.000+0000', currentLocation='Tempe', academicPlanName='Management', opportunityId='006aJ00000CcSDWQA3', academicPlanCode='BAMGTBS', academicPlanId='a0Fd000000Ur6o6EAB', accountId='001aJ00000LdeYnQAJ', accountName='Oliver Peckens', applicationDate='2025-10-07', applicationNumber='03164361', applicationStartedDate='2025-09-06', applicationSubmittedDate='2025-10-07', closeDate='2026-09-11', collegeId='a0Dd000000XwmNcEAJ', contactId='003aJ00000IN4nqQAD', contactEmplid='1240423642', contactName='Oliver Peckens', deferred=False, doNotCall=False, externalApplicationNumber='4462896', housingStatus='Signed Contract', jointProgram=False, isClosed=False, isWon=False, lastModifiedDate='2026-07-08T11:51:46.000+0000', leadSource='PeopleSoft', locationId='a0Gd000000F95viEAB', militaryBenefits=True, militaryBranch='Air Force', militaryStatus='Spouse/Dependent', name='Oliver Peckens - 03164361 - 2267', onlineDegree=False, orientationStatus='Attended', ownerEmail='steven.tokos@asu.edu', ownerId='0050W000006X4y8QAC', ownerOrganizationName='Department of Management and Entrepreneurship', ownerPhone='(480) 965-4572', ownerName='Steven Tokos', primaryInterestId='701d00000013nTnAAI', primaryInterestName='Management', prospectCampaignId='701d00000013ns0AAA', prospectCampaignName='Cappex Inquiry', recordTypeId='012d0000000x3xxAAA', recordTypeName='Undergraduate Application', selfReportedGpa=3.7, selfReportedTransferCreditHours=0, termId='a0Jd000000U7lzFEAR')] inState=True outOfState=False college='W.P. Carey School of Business' program='Management' career='Undergraduate' admitType='First Time Freshman' firstTimeFreshman=True transfer=False collegeProgramCode='UGBA' is_international=False international=False stateOfResidence='Arizona' enrollmentDepositPaid=True stageName='Enrolled' current=False firstYear=True depositPaid=True campus='Tempe' locationName='Tempe' termCode='2267' selectedOpportunity=SalesforceOpportunity(stageName='Enrolled', termCode='2267', career='Undergraduate', type='First Time Freshman', internationalStudent=False, firstGeneration=False, enrollmentDepositPaid=None, enrollmentDepositStatus='Paid', collegeName='W. P. Carey School of Business', locationName='Tempe', collegeProgramCode='UGBA', programCode=None, createdDate='2025-08-21T15:37:38.000+0000', currentLocation='Tempe', academicPlanName='Management', opportunityId='006aJ00000CcSDWQA3', academicPlanCode='BAMGTBS', academicPlanId='a0Fd000000Ur6o6EAB', accountId='001aJ00000LdeYnQAJ', accountName='Oliver Peckens', applicationDate='2025-10-07', applicationNumber='03164361', applicationStartedDate='2025-09-06', applicationSubmittedDate='2025-10-07', closeDate='2026-09-11', collegeId='a0Dd000000XwmNcEAJ', contactId='003aJ00000IN4nqQAD', contactEmplid='1240423642', contactName='Oliver Peckens', deferred=False, doNotCall=False, externalApplicationNumber='4462896', housingStatus='Signed Contract', jointProgram=False, isClosed=False, isWon=False, lastModifiedDate='2026-07-08T11:51:46.000+0000', leadSource='PeopleSoft', locationId='a0Gd000000F95viEAB', militaryBenefits=True, militaryBranch='Air Force', militaryStatus='Spouse/Dependent', name='Oliver Peckens - 03164361 - 2267', onlineDegree=False, orientationStatus='Attended', ownerEmail='steven.tokos@asu.edu', ownerId='0050W000006X4y8QAC', ownerOrganizationName='Department of Management and Entrepreneurship', ownerPhone='(480) 965-4572', ownerName='Steven Tokos', primaryInterestId='701d00000013nTnAAI', primaryInterestName='Management', prospectCampaignId='701d00000013ns0AAA', prospectCampaignName='Cappex Inquiry', recordTypeId='012d0000000x3xxAAA', recordTypeName='Undergraduate Application', selfReportedGpa=3.7, selfReportedTransferCreditHours=0, termId='a0Jd000000U7lzFEAR') type='First Time Freshman'
Ignoring exception in on_member_update
Traceback (most recent call last):
  File "/usr/local/lib/python3.12/site-packages/discord/client.py", line 465, in _run_event
    await coro(*args, **kwargs)
  File "/app/asu_discord/cogs/analytics.py", line 652, in on_member_update
    before_timeout = before.timed_out_until
                     ^^^^^^^^^^^^^^^^^^^^^^
AttributeError: 'Member' object has no attribute 'timed_out_until'
Ignoring exception in on_member_update
Traceback (most recent call last):
  File "/usr/local/lib/python3.12/site-packages/discord/client.py", line 465, in _run_event
    await coro(*args, **kwargs)
  File "/app/asu_discord/cogs/analytics.py", line 652, in on_member_update
    before_timeout = before.timed_out_until
                     ^^^^^^^^^^^^^^^^^^^^^^
AttributeError: 'Member' object has no attribute 'timed_out_until'
Ignoring exception in on_member_update
Traceback (most recent call last):
  File "/usr/local/lib/python3.12/site-packages/discord/client.py", line 465, in _run_event
    await coro(*args, **kwargs)
  File "/app/asu_discord/cogs/analytics.py", line 652, in on_member_update
    before_timeout = before.timed_out_until
                     ^^^^^^^^^^^^^^^^^^^^^^
AttributeError: 'Member' object has no attribute 'timed_out_until'
Ignoring exception in on_member_update
Traceback (most recent call last):
  File "/usr/local/lib/python3.12/site-packages/discord/client.py", line 465, in _run_event
    await coro(*args, **kwargs)
  File "/app/asu_discord/cogs/analytics.py", line 652, in on_member_update
    before_timeout = before.timed_out_until
                     ^^^^^^^^^^^^^^^^^^^^^^
AttributeError: 'Member' object has no attribute 'timed_out_until'
Ignoring exception in on_member_update
Traceback (most recent call last):
  File "/usr/local/lib/python3.12/site-packages/discord/client.py", line 465, in _run_event
    await coro(*args, **kwargs)
  File "/app/asu_discord/cogs/analytics.py", line 652, in on_member_update
    before_timeout = before.timed_out_until
                     ^^^^^^^^^^^^^^^^^^^^^^
AttributeError: 'Member' object has no attribute 'timed_out_until'
INFO:asu_discord.cogs.verification:Assigned Salesforce-based roles [1333934478887882823, 1356257786563920023, 1187164746454138900, 1282464973255348366, 1187461362356605039] to Discord user 765596835417948199
INFO:asu_discord.cogs.verification:Saved 5 roles to database for user opeckens (Discord ID: 765596835417948199)
Ignoring exception in on_member_update
Traceback (most recent call last):
  File "/usr/local/lib/python3.12/site-packages/discord/client.py", line 465, in _run_event
    await coro(*args, **kwargs)
  File "/app/asu_discord/cogs/analytics.py", line 652, in on_member_update
    before_timeout = before.timed_out_until
                     ^^^^^^^^^^^^^^^^^^^^^^
AttributeError: 'Member' object has no attribute 'timed_out_until'
Ignoring exception in on_member_update
Traceback (most recent call last):
  File "/usr/local/lib/python3.12/site-packages/discord/client.py", line 465, in _run_event
    await coro(*args, **kwargs)
  File "/app/asu_discord/cogs/analytics.py", line 652, in on_member_update
    before_timeout = before.timed_out_until
                     ^^^^^^^^^^^^^^^^^^^^^^
AttributeError: 'Member' object has no attribute 'timed_out_until'
Ignoring exception in on_member_update
Traceback (most recent call last):
  File "/usr/local/lib/python3.12/site-packages/discord/client.py", line 465, in _run_event
    await coro(*args, **kwargs)
  File "/app/asu_discord/cogs/analytics.py", line 652, in on_member_update
    before_timeout = before.timed_out_until
                     ^^^^^^^^^^^^^^^^^^^^^^
AttributeError: 'Member' object has no attribute 'timed_out_until'
Ignoring exception in on_member_update
Traceback (most recent call last):
  File "/usr/local/lib/python3.12/site-packages/discord/client.py", line 465, in _run_event
    await coro(*args, **kwargs)
  File "/app/asu_discord/cogs/analytics.py", line 652, in on_member_update
    before_timeout = before.timed_out_until
                     ^^^^^^^^^^^^^^^^^^^^^^
AttributeError: 'Member' object has no attribute 'timed_out_until'
Ignoring exception in on_member_update
Traceback (most recent call last):
  File "/usr/local/lib/python3.12/site-packages/discord/client.py", line 465, in _run_event
    await coro(*args, **kwargs)
  File "/app/asu_discord/cogs/analytics.py", line 652, in on_member_update
    before_timeout = before.timed_out_until
                     ^^^^^^^^^^^^^^^^^^^^^^
AttributeError: 'Member' object has no attribute 'timed_out_until'
Ignoring exception in on_member_update
Traceback (most recent call last):
  File "/usr/local/lib/python3.12/site-packages/discord/client.py", line 465, in _run_event
    await coro(*args, **kwargs)
  File "/app/asu_discord/cogs/analytics.py", line 652, in on_member_update
    before_timeout = before.timed_out_until
                     ^^^^^^^^^^^^^^^^^^^^^^
AttributeError: 'Member' object has no attribute 'timed_out_until'
Ignoring exception in on_member_update
Traceback (most recent call last):
  File "/usr/local/lib/python3.12/site-packages/discord/client.py", line 465, in _run_event
    await coro(*args, **kwargs)
  File "/app/asu_discord/cogs/analytics.py", line 652, in on_member_update
    before_timeout = before.timed_out_until
                     ^^^^^^^^^^^^^^^^^^^^^^
AttributeError: 'Member' object has no attribute 'timed_out_until'
Ignoring exception in on_member_update
Traceback (most recent call last):
  File "/usr/local/lib/python3.12/site-packages/discord/client.py", line 465, in _run_event
    await coro(*args, **kwargs)
  File "/app/asu_discord/cogs/analytics.py", line 652, in on_member_update
    before_timeout = before.timed_out_until
                     ^^^^^^^^^^^^^^^^^^^^^^
AttributeError: 'Member' object has no attribute 'timed_out_until'
Ignoring exception in on_member_update
Traceback (most recent call last):
  File "/usr/local/lib/python3.12/site-packages/discord/client.py", line 465, in _run_event
    await coro(*args, **kwargs)
  File "/app/asu_discord/cogs/analytics.py", line 652, in on_member_update
    before_timeout = before.timed_out_until
                     ^^^^^^^^^^^^^^^^^^^^^^
AttributeError: 'Member' object has no attribute 'timed_out_until'
INFO:routes.cas:CAS response missing email; inferred tupreti@asu.edu
INFO:asu_discord.cogs.verification:Member 689510313971810437 already has the verification role
INFO:routes.discord:Salesforce profile data for tupreti (Discord 689510313971810437): asurite='tupreti' name='Tanay Upreti' fullName='Tanay Upreti' email='tupreti@asu.edu' state='Arizona' country='United States' contactId='0036T00004Sd1ruQAB' opportunities=[SalesforceOpportunity(stageName='Enrolled', termCode='2237', career='Undergraduate', type='First Time Freshman', internationalStudent=True, firstGeneration=False, enrollmentDepositPaid=None, enrollmentDepositStatus='Paid', collegeName='Ira A Fulton Engineering', locationName='Tempe', collegeProgramCode='UGES', programCode=None, createdDate='2023-05-23T12:21:52.000+0000', currentLocation='Tempe', academicPlanName='Computer Science - BS', opportunityId='0066T00001BYp8cQAD', academicPlanCode='ESCSEBS', academicPlanId='a0Fd000000Ur6wHEAR', accountId='0016T000032Q4GDQA0', accountName='Tanay Upreti', applicationDate='2023-05-21', applicationNumber='02539815', closeDate='2023-09-08', collegeId='a0Dd000000XwmNiEAJ', contactId='0036T00004Sd1ruQAB', contactEmplid='1231413263', contactName='Tanay Upreti', deferred=False, doNotCall=False, externalApplicationNumber='9028436434', externalApplicationSource='Common App', housingStatus='Signed Contract', jointProgram=False, isClosed=False, isWon=False, lastModifiedDate='2023-09-14T19:40:36.000+0000', leadSource='PeopleSoft', locationId='a0Gd000000F95viEAB', militaryBenefits=False, name='Tanay Upreti - 02539815 - 2237', onlineDegree=False, orientationStatus='No Show', ownerEmail='nakita.saxon@asu.edu', ownerId='005d0000006AuqLAAS', ownerOrganizationName='Computer Science and Engineering Program', ownerPhone='480-965-0336', ownerName='Nakita Saxon', primaryInterestId='7016T000002cLPsQAM', primaryInterestName='Computer Science, Software Engineering and Mathematics', recordTypeId='012d0000000x3xxAAA', recordTypeName='Undergraduate Application', selfReportedTransferCreditHours=1, termId='a0Jd000000OH74IEAT'), SalesforceOpportunity(stageName='Prospect', termCode='2231', career='Undergraduate', type='First Time Freshman', internationalStudent=True, firstGeneration=False, enrollmentDepositPaid=None, enrollmentDepositStatus=None, collegeName=None, locationName=None, collegeProgramCode=None, programCode=None, createdDate='2023-06-17T00:43:47.000+0000', currentLocation=None, academicPlanName=None, opportunityId='0066T00001BZGF0QAP', accountId='0016T000032Q4GDQA0', accountName='Tanay Upreti', closeDate='2023-01-30', contactId='0036T00004Sd1ruQAB', contactEmplid='1231413263', contactName='Tanay Upreti', deferred=False, doNotCall=False, jointProgram=False, isClosed=False, isWon=False, lastModifiedDate='2023-09-14T20:33:03.000+0000', militaryBenefits=False, name='Tanay Upreti-2023-06-16', onlineDegree=False, ownerEmail='nakita.saxon@asu.edu', ownerId='005d0000006AuqLAAS', ownerPhone='480-965-0336', ownerName='Nakita Saxon', recordTypeId='012d0000000x3xyAAA', recordTypeName='Undergraduate Prospect', termId='a0Jd000000OH74JEAT')] inState=False outOfState=False college='Ira A. Fulton Schools of Engineering' program='Computer Science - BS' career='Undergraduate' admitType='First Time Freshman' firstTimeFreshman=True transfer=False collegeProgramCode='UGES' is_international=True international=True stateOfResidence=None enrollmentDepositPaid=True stageName='Enrolled' current=True firstYear=True depositPaid=True campus='Tempe' locationName='Tempe' termCode='2237' selectedOpportunity=SalesforceOpportunity(stageName='Enrolled', termCode='2237', career='Undergraduate', type='First Time Freshman', internationalStudent=True, firstGeneration=False, enrollmentDepositPaid=None, enrollmentDepositStatus='Paid', collegeName='Ira A Fulton Engineering', locationName='Tempe', collegeProgramCode='UGES', programCode=None, createdDate='2023-05-23T12:21:52.000+0000', currentLocation='Tempe', academicPlanName='Computer Science - BS', opportunityId='0066T00001BYp8cQAD', academicPlanCode='ESCSEBS', academicPlanId='a0Fd000000Ur6wHEAR', accountId='0016T000032Q4GDQA0', accountName='Tanay Upreti', applicationDate='2023-05-21', applicationNumber='02539815', closeDate='2023-09-08', collegeId='a0Dd000000XwmNiEAJ', contactId='0036T00004Sd1ruQAB', contactEmplid='1231413263', contactName='Tanay Upreti', deferred=False, doNotCall=False, externalApplicationNumber='9028436434', externalApplicationSource='Common App', housingStatus='Signed Contract', jointProgram=False, isClosed=False, isWon=False, lastModifiedDate='2023-09-14T19:40:36.000+0000', leadSource='PeopleSoft', locationId='a0Gd000000F95viEAB', militaryBenefits=False, name='Tanay Upreti - 02539815 - 2237', onlineDegree=False, orientationStatus='No Show', ownerEmail='nakita.saxon@asu.edu', ownerId='005d0000006AuqLAAS', ownerOrganizationName='Computer Science and Engineering Program', ownerPhone='480-965-0336', ownerName='Nakita Saxon', primaryInterestId='7016T000002cLPsQAM', primaryInterestName='Computer Science, Software Engineering and Mathematics', recordTypeId='012d0000000x3xxAAA', recordTypeName='Undergraduate Application', selfReportedTransferCreditHours=1, termId='a0Jd000000OH74IEAT') type='First Time Freshman'
INFO:asu_discord.cogs.verification:No new Discord roles to assign for user 689510313971810437 from Salesforce profile
INFO:discord.gateway:Websocket closed with 1006, attempting a reconnect.
INFO:discord.client:Got a request to RESUME the websocket.
INFO:discord.gateway:Shard ID None has sent the RESUME payload.
INFO:discord.gateway:Shard ID None has successfully RESUMED session 6e3407fd591f617e4a33b69139a85b12 under trace ["gateway-prd-arm-us-east1-d-41r5",{"micros":664,"calls":["id_created",{"micros":0,"calls":[]},"session_lookup_time",{"micros":296,"calls":[]},"session_lookup_finished",{"micros":11,"calls":[]},"sessions-prd-gcp-us-east1-b-23",{"micros":15}]}].
Ignoring exception in on_member_update
Traceback (most recent call last):
  File "/usr/local/lib/python3.12/site-packages/discord/client.py", line 465, in _run_event
    await coro(*args, **kwargs)
  File "/app/asu_discord/cogs/analytics.py", line 652, in on_member_update
    before_timeout = before.timed_out_until
                     ^^^^^^^^^^^^^^^^^^^^^^
AttributeError: 'Member' object has no attribute 'timed_out_until'
Ignoring exception in on_member_update
Traceback (most recent call last):
  File "/usr/local/lib/python3.12/site-packages/discord/client.py", line 465, in _run_event
    await coro(*args, **kwargs)
  File "/app/asu_discord/cogs/analytics.py", line 652, in on_member_update
    before_timeout = before.timed_out_until
                     ^^^^^^^^^^^^^^^^^^^^^^
AttributeError: 'Member' object has no attribute 'timed_out_until'
Ignoring exception in on_member_update
Traceback (most recent call last):
  File "/usr/local/lib/python3.12/site-packages/discord/client.py", line 465, in _run_event
    await coro(*args, **kwargs)
  File "/app/asu_discord/cogs/analytics.py", line 652, in on_member_update
    before_timeout = before.timed_out_until
                     ^^^^^^^^^^^^^^^^^^^^^^
AttributeError: 'Member' object has no attribute 'timed_out_until'
Ignoring exception in on_member_update
Traceback (most recent call last):
  File "/usr/local/lib/python3.12/site-packages/discord/client.py", line 465, in _run_event
    await coro(*args, **kwargs)
  File "/app/asu_discord/cogs/analytics.py", line 652, in on_member_update
    before_timeout = before.timed_out_until
                     ^^^^^^^^^^^^^^^^^^^^^^
AttributeError: 'Member' object has no attribute 'timed_out_until'
Ignoring exception in on_member_update
Traceback (most recent call last):
  File "/usr/local/lib/python3.12/site-packages/discord/client.py", line 465, in _run_event
    await coro(*args, **kwargs)
  File "/app/asu_discord/cogs/analytics.py", line 652, in on_member_update
    before_timeout = before.timed_out_until
                     ^^^^^^^^^^^^^^^^^^^^^^
AttributeError: 'Member' object has no attribute 'timed_out_until'
Ignoring exception in on_member_update
Traceback (most recent call last):
  File "/usr/local/lib/python3.12/site-packages/discord/client.py", line 465, in _run_event
    await coro(*args, **kwargs)
  File "/app/asu_discord/cogs/analytics.py", line 652, in on_member_update
    before_timeout = before.timed_out_until
                     ^^^^^^^^^^^^^^^^^^^^^^
AttributeError: 'Member' object has no attribute 'timed_out_until'
Ignoring exception in on_member_update
Traceback (most recent call last):
  File "/usr/local/lib/python3.12/site-packages/discord/client.py", line 465, in _run_event
    await coro(*args, **kwargs)
  File "/app/asu_discord/cogs/analytics.py", line 652, in on_member_update
    before_timeout = before.timed_out_until
                     ^^^^^^^^^^^^^^^^^^^^^^
AttributeError: 'Member' object has no attribute 'timed_out_until'
Ignoring exception in on_member_update
Traceback (most recent call last):
  File "/usr/local/lib/python3.12/site-packages/discord/client.py", line 465, in _run_event
    await coro(*args, **kwargs)
  File "/app/asu_discord/cogs/analytics.py", line 652, in on_member_update
    before_timeout = before.timed_out_until
                     ^^^^^^^^^^^^^^^^^^^^^^
AttributeError: 'Member' object has no attribute 'timed_out_until'
INFO:routes.cas:CAS response missing email; inferred jbreiwic@asu.edu
Ignoring exception in on_member_update
Traceback (most recent call last):
  File "/usr/local/lib/python3.12/site-packages/discord/client.py", line 465, in _run_event
    await coro(*args, **kwargs)
  File "/app/asu_discord/cogs/analytics.py", line 652, in on_member_update
    before_timeout = before.timed_out_until
                     ^^^^^^^^^^^^^^^^^^^^^^
AttributeError: 'Member' object has no attribute 'timed_out_until'
Ignoring exception in on_member_update
Traceback (most recent call last):
  File "/usr/local/lib/python3.12/site-packages/discord/client.py", line 465, in _run_event
    await coro(*args, **kwargs)
  File "/app/asu_discord/cogs/analytics.py", line 652, in on_member_update
    before_timeout = before.timed_out_until
                     ^^^^^^^^^^^^^^^^^^^^^^
AttributeError: 'Member' object has no attribute 'timed_out_until'
Ignoring exception in on_member_update
Traceback (most recent call last):
  File "/usr/local/lib/python3.12/site-packages/discord/client.py", line 465, in _run_event
    await coro(*args, **kwargs)
  File "/app/asu_discord/cogs/analytics.py", line 652, in on_member_update
    before_timeout = before.timed_out_until
                     ^^^^^^^^^^^^^^^^^^^^^^
AttributeError: 'Member' object has no attribute 'timed_out_until'
INFO:routes.cas:CAS response missing email; inferred tgriff47@asu.edu
INFO:routes.cas:CAS response missing email; inferred tgriff47@asu.edu
ERROR:routes.discord:Discord OAuth state mismatch: expected=None received=UxGa8NOTq28Ruszwmw0MQZD3k6p-kGu3uPmAtQ0MY0U
INFO:routes.cas:CAS response missing email; inferred jbreiwic@asu.edu
Ignoring exception in on_member_update
Traceback (most recent call last):
  File "/usr/local/lib/python3.12/site-packages/discord/client.py", line 465, in _run_event
    await coro(*args, **kwargs)
  File "/app/asu_discord/cogs/analytics.py", line 652, in on_member_update
    before_timeout = before.timed_out_until
                     ^^^^^^^^^^^^^^^^^^^^^^
AttributeError: 'Member' object has no attribute 'timed_out_until'
Ignoring exception in on_member_update
Traceback (most recent call last):
  File "/usr/local/lib/python3.12/site-packages/discord/client.py", line 465, in _run_event
    await coro(*args, **kwargs)
  File "/app/asu_discord/cogs/analytics.py", line 652, in on_member_update
    before_timeout = before.timed_out_until
                     ^^^^^^^^^^^^^^^^^^^^^^
AttributeError: 'Member' object has no attribute 'timed_out_until'
INFO:asu_discord.cogs.verification:Removed unverified role 1207441184218161182 from member 1524504465938448394
INFO:asu_discord.cogs.verification:Assigned verification role to Discord user 1524504465938448394 (ASURITE: jbreiwic)
INFO:routes.discord:Salesforce profile data for jbreiwic (Discord 1524504465938448394): asurite='jbreiwic' name='Jack Breiwick' fullName='Jack Breiwick' email='jbreiwick26@prairieschool.com' state='Wisconsin' country='United States' contactId='003aJ00000WppJjQAJ' opportunities=[SalesforceOpportunity(stageName='Enrolled', termCode='2267', career='Undergraduate', type='First Time Freshman', internationalStudent=False, firstGeneration=False, enrollmentDepositPaid=None, enrollmentDepositStatus='Paid', collegeName='Herberger Institute', locationName='Downtown Phoenix', collegeProgramCode='UGHI', programCode=None, createdDate='2026-01-24T01:35:19.000+0000', currentLocation='Tempe', academicPlanName='Music Audition', opportunityId='006aJ00000KFXj6QAH', academicPlanCode='FAMUSPRE', academicPlanId='a0Fd000000Ur72LEAR', accountId='001aJ00000bOGGlQAO', accountName='Jack Breiwick', applicationDate='2026-01-29', applicationNumber='03277878', applicationStartedDate='2026-01-22', closeDate='2026-09-11', collegeId='a0Dd000000XwmNlEAJ', contactId='003aJ00000WppJjQAJ', contactEmplid='1241930888', contactName='Jack Breiwick', deferred=False, doNotCall=False, externalApplicationNumber='9048612650', externalApplicationSource='Common App', housingStatus='Signed Contract', jointProgram=False, isClosed=False, isWon=False, lastModifiedDate='2026-07-08T11:54:21.000+0000', leadSource='PeopleSoft', locationId='a0Gd000000F95vlEAB', militaryBenefits=False, name='Jack Breiwick - 03277878 - 2267', onlineDegree=False, orientationStatus='Attended', ownerEmail='kgebeck@asu.edu', ownerId='005aJ000005mJOsQAM', ownerOrganizationName='School of Music, Dance and Theatre', ownerPhone='(480) 884-3029', ownerName='Kyle Gebeck', primaryInterestId='701d00000013nZZAAY', primaryInterestName='Herberger Institute for Design and the Arts', prospectCampaignId='7010W000002FaCTQA0', prospectCampaignName='Common Application (Prospect-Suspect)', recordTypeId='012d0000000x3xxAAA', recordTypeName='Undergraduate Application', selfReportedTransferCreditHours=0, termId='a0Jd000000U7lzFEAR')] inState=False outOfState=True college='Herberger Institute for Design and the Arts' program='Music Audition' career='Undergraduate' admitType='First Time Freshman' firstTimeFreshman=True transfer=False collegeProgramCode='UGHI' is_international=False international=False stateOfResidence='Wisconsin' enrollmentDepositPaid=True stageName='Enrolled' current=False firstYear=True depositPaid=True campus='Tempe' locationName='Downtown Phoenix' termCode='2267' selectedOpportunity=SalesforceOpportunity(stageName='Enrolled', termCode='2267', career='Undergraduate', type='First Time Freshman', internationalStudent=False, firstGeneration=False, enrollmentDepositPaid=None, enrollmentDepositStatus='Paid', collegeName='Herberger Institute', locationName='Downtown Phoenix', collegeProgramCode='UGHI', programCode=None, createdDate='2026-01-24T01:35:19.000+0000', currentLocation='Tempe', academicPlanName='Music Audition', opportunityId='006aJ00000KFXj6QAH', academicPlanCode='FAMUSPRE', academicPlanId='a0Fd000000Ur72LEAR', accountId='001aJ00000bOGGlQAO', accountName='Jack Breiwick', applicationDate='2026-01-29', applicationNumber='03277878', applicationStartedDate='2026-01-22', closeDate='2026-09-11', collegeId='a0Dd000000XwmNlEAJ', contactId='003aJ00000WppJjQAJ', contactEmplid='1241930888', contactName='Jack Breiwick', deferred=False, doNotCall=False, externalApplicationNumber='9048612650', externalApplicationSource='Common App', housingStatus='Signed Contract', jointProgram=False, isClosed=False, isWon=False, lastModifiedDate='2026-07-08T11:54:21.000+0000', leadSource='PeopleSoft', locationId='a0Gd000000F95vlEAB', militaryBenefits=False, name='Jack Breiwick - 03277878 - 2267', onlineDegree=False, orientationStatus='Attended', ownerEmail='kgebeck@asu.edu', ownerId='005aJ000005mJOsQAM', ownerOrganizationName='School of Music, Dance and Theatre', ownerPhone='(480) 884-3029', ownerName='Kyle Gebeck', primaryInterestId='701d00000013nZZAAY', primaryInterestName='Herberger Institute for Design and the Arts', prospectCampaignId='7010W000002FaCTQA0', prospectCampaignName='Common Application (Prospect-Suspect)', recordTypeId='012d0000000x3xxAAA', recordTypeName='Undergraduate Application', selfReportedTransferCreditHours=0, termId='a0Jd000000U7lzFEAR') type='First Time Freshman'
Ignoring exception in on_member_update
Traceback (most recent call last):
  File "/usr/local/lib/python3.12/site-packages/discord/client.py", line 465, in _run_event
    await coro(*args, **kwargs)
  File "/app/asu_discord/cogs/analytics.py", line 652, in on_member_update
    before_timeout = before.timed_out_until
                     ^^^^^^^^^^^^^^^^^^^^^^
AttributeError: 'Member' object has no attribute 'timed_out_until'
Ignoring exception in on_member_update
Traceback (most recent call last):
  File "/usr/local/lib/python3.12/site-packages/discord/client.py", line 465, in _run_event
    await coro(*args, **kwargs)
  File "/app/asu_discord/cogs/analytics.py", line 652, in on_member_update
    before_timeout = before.timed_out_until
                     ^^^^^^^^^^^^^^^^^^^^^^
AttributeError: 'Member' object has no attribute 'timed_out_until'
Ignoring exception in on_member_update
Traceback (most recent call last):
  File "/usr/local/lib/python3.12/site-packages/discord/client.py", line 465, in _run_event
    await coro(*args, **kwargs)
  File "/app/asu_discord/cogs/analytics.py", line 652, in on_member_update
    before_timeout = before.timed_out_until
                     ^^^^^^^^^^^^^^^^^^^^^^
AttributeError: 'Member' object has no attribute 'timed_out_until'
Ignoring exception in on_member_update
Traceback (most recent call last):
  File "/usr/local/lib/python3.12/site-packages/discord/client.py", line 465, in _run_event
    await coro(*args, **kwargs)
  File "/app/asu_discord/cogs/analytics.py", line 652, in on_member_update
    before_timeout = before.timed_out_until
                     ^^^^^^^^^^^^^^^^^^^^^^
AttributeError: 'Member' object has no attribute 'timed_out_until'
Ignoring exception in on_member_update
Traceback (most recent call last):
  File "/usr/local/lib/python3.12/site-packages/discord/client.py", line 465, in _run_event
    await coro(*args, **kwargs)
  File "/app/asu_discord/cogs/analytics.py", line 652, in on_member_update
    before_timeout = before.timed_out_until
                     ^^^^^^^^^^^^^^^^^^^^^^
AttributeError: 'Member' object has no attribute 'timed_out_until'
INFO:asu_discord.cogs.verification:Assigned Salesforce-based roles [1356257786563920023, 1282465059431252051, 1187164746454138900, 1187460355618779316, 1333934752490848377] to Discord user 1524504465938448394
INFO:asu_discord.cogs.verification:Saved 5 roles to database for user jbreiwic (Discord ID: 1524504465938448394)
Ignoring exception in on_member_update
Traceback (most recent call last):
  File "/usr/local/lib/python3.12/site-packages/discord/client.py", line 465, in _run_event
    await coro(*args, **kwargs)
  File "/app/asu_discord/cogs/analytics.py", line 652, in on_member_update
    before_timeout = before.timed_out_until
                     ^^^^^^^^^^^^^^^^^^^^^^
AttributeError: 'Member' object has no attribute 'timed_out_until'
Ignoring exception in on_member_update
Traceback (most recent call last):
  File "/usr/local/lib/python3.12/site-packages/discord/client.py", line 465, in _run_event
    await coro(*args, **kwargs)
  File "/app/asu_discord/cogs/analytics.py", line 652, in on_member_update
    before_timeout = before.timed_out_until
                     ^^^^^^^^^^^^^^^^^^^^^^
AttributeError: 'Member' object has no attribute 'timed_out_until'
INFO:asu_discord.cogs.verification:Removed unverified role 1207441184218161182 from member 536405169513168896
INFO:asu_discord.cogs.verification:Assigned verification role to Discord user 536405169513168896 (ASURITE: tgriff47)
INFO:routes.discord:Salesforce profile data for tgriff47 (Discord 536405169513168896): asurite='tgriff47' name='Tylan Griffin' fullName='Tylan Griffin' email='tylangriffin@gmail.com' state='Texas' country='United States' contactId='003aJ00000JWYqYQAX' opportunities=[SalesforceOpportunity(stageName='Enrolled', termCode='2267', career='Undergraduate', type='First Time Freshman', internationalStudent=False, firstGeneration=False, enrollmentDepositPaid=None, enrollmentDepositStatus=None, collegeName='Ira A Fulton Engineering', locationName='Online', collegeProgramCode='UGES', programCode=None, createdDate='2025-09-08T14:39:18.000+0000', currentLocation='Online', academicPlanName='Graph Info Tech (User Exper)', opportunityId='006aJ00000DPdLWQA1', academicPlanCode='ESGITUEBS', academicPlanId='a0F0W00000kmX00UAE', accountId='001aJ00000MraimQAB', accountName='Tylan Griffin', applicationDate='2025-09-04', applicationNumber='03137771', closeDate='2026-09-11', collegeId='a0Dd000000XwmNiEAJ', contactId='003aJ00000JWYqYQAX', contactEmplid='1240058953', contactName='Tylan Griffin', deferred=False, doNotCall=False, externalApplicationNumber='4461969', jointProgram=False, isClosed=False, isWon=False, lastModifiedDate='2026-07-08T11:34:55.000+0000', leadSource='PeopleSoft', leadSourceSubtype='Visit', locationId='a0Gd000000F95vkEAB', militaryBenefits=True, militaryBranch='Marines', militaryStatus='Spouse/Dependent', name='Tylan Griffin - 03137771 - 2267', onlineDegree=False, ownerEmail='jennifer.ash@asu.edu', ownerId='005d0000002CxJHAA0', ownerOrganizationName='Graphic Information Technology', ownerPhone='(480) 965-9022', ownerName='Jennifer Ash', prospectCampaignId='701aJ00000LhAPrQAN', prospectCampaignName='Sun Devil Day_Polytechnic_2025/11/21 08:15:00', recordTypeId='012d0000000x3xxAAA', recordTypeName='Undergraduate Application', selfReportedTransferCreditHours=0, termId='a0Jd000000U7lzFEAR')] inState=False outOfState=True college='Ira A. Fulton Schools of Engineering' program='Graph Info Tech (User Exper)' career='Undergraduate' admitType='First Time Freshman' firstTimeFreshman=True transfer=False collegeProgramCode='UGES' is_international=False international=False stateOfResidence='Texas' enrollmentDepositPaid=False stageName='Enrolled' current=False firstYear=True depositPaid=False campus='Online' locationName='Online' termCode='2267' selectedOpportunity=SalesforceOpportunity(stageName='Enrolled', termCode='2267', career='Undergraduate', type='First Time Freshman', internationalStudent=False, firstGeneration=False, enrollmentDepositPaid=None, enrollmentDepositStatus=None, collegeName='Ira A Fulton Engineering', locationName='Online', collegeProgramCode='UGES', programCode=None, createdDate='2025-09-08T14:39:18.000+0000', currentLocation='Online', academicPlanName='Graph Info Tech (User Exper)', opportunityId='006aJ00000DPdLWQA1', academicPlanCode='ESGITUEBS', academicPlanId='a0F0W00000kmX00UAE', accountId='001aJ00000MraimQAB', accountName='Tylan Griffin', applicationDate='2025-09-04', applicationNumber='03137771', closeDate='2026-09-11', collegeId='a0Dd000000XwmNiEAJ', contactId='003aJ00000JWYqYQAX', contactEmplid='1240058953', contactName='Tylan Griffin', deferred=False, doNotCall=False, externalApplicationNumber='4461969', jointProgram=False, isClosed=False, isWon=False, lastModifiedDate='2026-07-08T11:34:55.000+0000', leadSource='PeopleSoft', leadSourceSubtype='Visit', locationId='a0Gd000000F95vkEAB', militaryBenefits=True, militaryBranch='Marines', militaryStatus='Spouse/Dependent', name='Tylan Griffin - 03137771 - 2267', onlineDegree=False, ownerEmail='jennifer.ash@asu.edu', ownerId='005d0000002CxJHAA0', ownerOrganizationName='Graphic Information Technology', ownerPhone='(480) 965-9022', ownerName='Jennifer Ash', prospectCampaignId='701aJ00000LhAPrQAN', prospectCampaignName='Sun Devil Day_Polytechnic_2025/11/21 08:15:00', recordTypeId='012d0000000x3xxAAA', recordTypeName='Undergraduate Application', selfReportedTransferCreditHours=0, termId='a0Jd000000U7lzFEAR') type='First Time Freshman'
Ignoring exception in on_member_update
Traceback (most recent call last):
  File "/usr/local/lib/python3.12/site-packages/discord/client.py", line 465, in _run_event
    await coro(*args, **kwargs)
  File "/app/asu_discord/cogs/analytics.py", line 652, in on_member_update
    before_timeout = before.timed_out_until
                     ^^^^^^^^^^^^^^^^^^^^^^
AttributeError: 'Member' object has no attribute 'timed_out_until'
Ignoring exception in on_member_update
Traceback (most recent call last):
  File "/usr/local/lib/python3.12/site-packages/discord/client.py", line 465, in _run_event
    await coro(*args, **kwargs)
  File "/app/asu_discord/cogs/analytics.py", line 652, in on_member_update
    before_timeout = before.timed_out_until
                     ^^^^^^^^^^^^^^^^^^^^^^
AttributeError: 'Member' object has no attribute 'timed_out_until'
Ignoring exception in on_member_update
Traceback (most recent call last):
  File "/usr/local/lib/python3.12/site-packages/discord/client.py", line 465, in _run_event
    await coro(*args, **kwargs)
  File "/app/asu_discord/cogs/analytics.py", line 652, in on_member_update
    before_timeout = before.timed_out_until
                     ^^^^^^^^^^^^^^^^^^^^^^
AttributeError: 'Member' object has no attribute 'timed_out_until'
Ignoring exception in on_member_update
Traceback (most recent call last):
  File "/usr/local/lib/python3.12/site-packages/discord/client.py", line 465, in _run_event
    await coro(*args, **kwargs)
  File "/app/asu_discord/cogs/analytics.py", line 652, in on_member_update
    before_timeout = before.timed_out_until
                     ^^^^^^^^^^^^^^^^^^^^^^
AttributeError: 'Member' object has no attribute 'timed_out_until'
INFO:asu_discord.cogs.verification:Assigned Salesforce-based roles [1187164746454138900, 1187460517422444676, 1465991804993278113, 1333934752490848377] to Discord user 536405169513168896
INFO:asu_discord.cogs.verification:Saved 4 roles to database for user tgriff47 (Discord ID: 536405169513168896)
Ignoring exception in on_member_update
Traceback (most recent call last):
  File "/usr/local/lib/python3.12/site-packages/discord/client.py", line 465, in _run_event
    await coro(*args, **kwargs)
  File "/app/asu_discord/cogs/analytics.py", line 652, in on_member_update
    before_timeout = before.timed_out_until
                     ^^^^^^^^^^^^^^^^^^^^^^
AttributeError: 'Member' object has no attribute 'timed_out_until'
Ignoring exception in on_member_update
Traceback (most recent call last):
  File "/usr/local/lib/python3.12/site-packages/discord/client.py", line 465, in _run_event
    await coro(*args, **kwargs)
  File "/app/asu_discord/cogs/analytics.py", line 652, in on_member_update
    before_timeout = before.timed_out_until
                     ^^^^^^^^^^^^^^^^^^^^^^
AttributeError: 'Member' object has no attribute 'timed_out_until'
Ignoring exception in on_member_update
Traceback (most recent call last):
  File "/usr/local/lib/python3.12/site-packages/discord/client.py", line 465, in _run_event
    await coro(*args, **kwargs)
  File "/app/asu_discord/cogs/analytics.py", line 652, in on_member_update
    before_timeout = before.timed_out_until
                     ^^^^^^^^^^^^^^^^^^^^^^
AttributeError: 'Member' object has no attribute 'timed_out_until'
Ignoring exception in on_member_update
Traceback (most recent call last):
  File "/usr/local/lib/python3.12/site-packages/discord/client.py", line 465, in _run_event
    await coro(*args, **kwargs)
  File "/app/asu_discord/cogs/analytics.py", line 652, in on_member_update
    before_timeout = before.timed_out_until
                     ^^^^^^^^^^^^^^^^^^^^^^
AttributeError: 'Member' object has no attribute 'timed_out_until'
Ignoring exception in on_member_update
Traceback (most recent call last):
  File "/usr/local/lib/python3.12/site-packages/discord/client.py", line 465, in _run_event
    await coro(*args, **kwargs)
  File "/app/asu_discord/cogs/analytics.py", line 652, in on_member_update
    before_timeout = before.timed_out_until
                     ^^^^^^^^^^^^^^^^^^^^^^
AttributeError: 'Member' object has no attribute 'timed_out_until'
Ignoring exception in on_member_update
Traceback (most recent call last):
  File "/usr/local/lib/python3.12/site-packages/discord/client.py", line 465, in _run_event
    await coro(*args, **kwargs)
  File "/app/asu_discord/cogs/analytics.py", line 652, in on_member_update
    before_timeout = before.timed_out_until
                     ^^^^^^^^^^^^^^^^^^^^^^
AttributeError: 'Member' object has no attribute 'timed_out_until'
Ignoring exception in on_member_update
Traceback (most recent call last):
  File "/usr/local/lib/python3.12/site-packages/discord/client.py", line 465, in _run_event
    await coro(*args, **kwargs)
  File "/app/asu_discord/cogs/analytics.py", line 652, in on_member_update
    before_timeout = before.timed_out_until
                     ^^^^^^^^^^^^^^^^^^^^^^
AttributeError: 'Member' object has no attribute 'timed_out_until'
INFO:routes.cas:CAS response missing email; inferred mstatt@asu.edu
INFO:routes.cas:CAS response missing email; inferred mstatt@asu.edu
Ignoring exception in on_member_update
Traceback (most recent call last):
  File "/usr/local/lib/python3.12/site-packages/discord/client.py", line 465, in _run_event
    await coro(*args, **kwargs)
  File "/app/asu_discord/cogs/analytics.py", line 652, in on_member_update
    before_timeout = before.timed_out_until
                     ^^^^^^^^^^^^^^^^^^^^^^
AttributeError: 'Member' object has no attribute 'timed_out_until'
Ignoring exception in on_member_update
Traceback (most recent call last):
  File "/usr/local/lib/python3.12/site-packages/discord/client.py", line 465, in _run_event
    await coro(*args, **kwargs)
  File "/app/asu_discord/cogs/analytics.py", line 652, in on_member_update
    before_timeout = before.timed_out_until
                     ^^^^^^^^^^^^^^^^^^^^^^
AttributeError: 'Member' object has no attribute 'timed_out_until'
INFO:asu_discord.cogs.verification:Removed unverified role 1207441184218161182 from member 1524508580928028673
INFO:asu_discord.cogs.verification:Assigned verification role to Discord user 1524508580928028673 (ASURITE: mstatt)
INFO:routes.discord:Salesforce profile data for mstatt (Discord 1524508580928028673): asurite='mstatt' name='Madison Statt' fullName='Madison Statt' email='mstatt@asu.edu' state='Arizona' country='United States' contactId='0036T00004f4aORQAY' opportunities=[SalesforceOpportunity(stageName='Enrolled', termCode='2257', career='Undergraduate', type='First Time Freshman', internationalStudent=False, firstGeneration=True, enrollmentDepositPaid=None, enrollmentDepositStatus='Paid', collegeName='The College of Lib Arts & Sci', locationName='Tempe', collegeProgramCode='UGLA', programCode=None, createdDate='2024-06-21T03:30:04.000+0000', currentLocation='Tempe', academicPlanName='Psychology BS - Tempe', opportunityId='0066T00001EhesCQAR', academicPlanCode='LAPGSBS', academicPlanId='a0Fd000000Ur78uEAB', accountId='0016T00003D4oAfQAJ', accountName='Madison Statt', applicationDate='2024-09-24', applicationDecisionBarrett='Accepted', applicationStatusBarrett='Decision Rendered', applicationNumber='02869479', closeDate='2025-09-12', collegeId='a0Dd000000XwmNpEAJ', contactId='0036T00004f4aORQAY', contactEmplid='1236242022', contactName='Madison Statt', deferred=False, doNotCall=False, externalApplicationNumber='4227127', housingStatus='Signed Contract', jointProgram=False, isClosed=False, isWon=False, lastModifiedDate='2025-08-27T12:38:10.000+0000', leadSource='PeopleSoft', locationId='a0Gd000000F95viEAB', militaryBenefits=False, name='Madison Statt - 02869479 - 2257', onlineDegree=False, orientationStatus='Attended', ownerEmail='rebecca.grijalva@asu.edu', ownerId='0056T000008qhrEQAQ', ownerOrganizationName='Department of Psychology', ownerPhone='(602) 543-1859', ownerName='Becky Grijalva', primaryInterestId='7016T000002cLPiQAM', primaryInterestName='Psychology', recordTypeId='012d0000000x3xxAAA', recordTypeName='Undergraduate Application', selfReportedGpa=3.9, selfReportedTransferCreditHours=0, termId='a0Jd000000U7lzDEAR')] inState=True outOfState=False college='College of Liberal Arts and Sciences' program='Psychology BS - Tempe' career='Undergraduate' admitType='First Time Freshman' firstTimeFreshman=True transfer=False collegeProgramCode='UGLA' is_international=False international=False stateOfResidence='Arizona' enrollmentDepositPaid=True stageName='Enrolled' current=True firstYear=True depositPaid=True campus='Tempe' locationName='Tempe' termCode='2257' selectedOpportunity=SalesforceOpportunity(stageName='Enrolled', termCode='2257', career='Undergraduate', type='First Time Freshman', internationalStudent=False, firstGeneration=True, enrollmentDepositPaid=None, enrollmentDepositStatus='Paid', collegeName='The College of Lib Arts & Sci', locationName='Tempe', collegeProgramCode='UGLA', programCode=None, createdDate='2024-06-21T03:30:04.000+0000', currentLocation='Tempe', academicPlanName='Psychology BS - Tempe', opportunityId='0066T00001EhesCQAR', academicPlanCode='LAPGSBS', academicPlanId='a0Fd000000Ur78uEAB', accountId='0016T00003D4oAfQAJ', accountName='Madison Statt', applicationDate='2024-09-24', applicationDecisionBarrett='Accepted', applicationStatusBarrett='Decision Rendered', applicationNumber='02869479', closeDate='2025-09-12', collegeId='a0Dd000000XwmNpEAJ', contactId='0036T00004f4aORQAY', contactEmplid='1236242022', contactName='Madison Statt', deferred=False, doNotCall=False, externalApplicationNumber='4227127', housingStatus='Signed Contract', jointProgram=False, isClosed=False, isWon=False, lastModifiedDate='2025-08-27T12:38:10.000+0000', leadSource='PeopleSoft', locationId='a0Gd000000F95viEAB', militaryBenefits=False, name='Madison Statt - 02869479 - 2257', onlineDegree=False, orientationStatus='Attended', ownerEmail='rebecca.grijalva@asu.edu', ownerId='0056T000008qhrEQAQ', ownerOrganizationName='Department of Psychology', ownerPhone='(602) 543-1859', ownerName='Becky Grijalva', primaryInterestId='7016T000002cLPiQAM', primaryInterestName='Psychology', recordTypeId='012d0000000x3xxAAA', recordTypeName='Undergraduate Application', selfReportedGpa=3.9, selfReportedTransferCreditHours=0, termId='a0Jd000000U7lzDEAR') type='First Time Freshman'
Ignoring exception in on_member_update
Traceback (most recent call last):
  File "/usr/local/lib/python3.12/site-packages/discord/client.py", line 465, in _run_event
    await coro(*args, **kwargs)
  File "/app/asu_discord/cogs/analytics.py", line 652, in on_member_update
    before_timeout = before.timed_out_until
                     ^^^^^^^^^^^^^^^^^^^^^^
AttributeError: 'Member' object has no attribute 'timed_out_until'
Ignoring exception in on_member_update
Traceback (most recent call last):
  File "/usr/local/lib/python3.12/site-packages/discord/client.py", line 465, in _run_event
    await coro(*args, **kwargs)
  File "/app/asu_discord/cogs/analytics.py", line 652, in on_member_update
    before_timeout = before.timed_out_until
                     ^^^^^^^^^^^^^^^^^^^^^^
AttributeError: 'Member' object has no attribute 'timed_out_until'
Ignoring exception in on_member_update
Traceback (most recent call last):
  File "/usr/local/lib/python3.12/site-packages/discord/client.py", line 465, in _run_event
    await coro(*args, **kwargs)
  File "/app/asu_discord/cogs/analytics.py", line 652, in on_member_update
    before_timeout = before.timed_out_until
                     ^^^^^^^^^^^^^^^^^^^^^^
AttributeError: 'Member' object has no attribute 'timed_out_until'
Ignoring exception in on_member_update
Traceback (most recent call last):
  File "/usr/local/lib/python3.12/site-packages/discord/client.py", line 465, in _run_event
    await coro(*args, **kwargs)
  File "/app/asu_discord/cogs/analytics.py", line 652, in on_member_update
    before_timeout = before.timed_out_until
                     ^^^^^^^^^^^^^^^^^^^^^^
AttributeError: 'Member' object has no attribute 'timed_out_until'
Ignoring exception in on_member_update
Traceback (most recent call last):
  File "/usr/local/lib/python3.12/site-packages/discord/client.py", line 465, in _run_event
    await coro(*args, **kwargs)
  File "/app/asu_discord/cogs/analytics.py", line 652, in on_member_update
    before_timeout = before.timed_out_until
                     ^^^^^^^^^^^^^^^^^^^^^^
AttributeError: 'Member' object has no attribute 'timed_out_until'
Ignoring exception in on_member_update
Traceback (most recent call last):
  File "/usr/local/lib/python3.12/site-packages/discord/client.py", line 465, in _run_event
    await coro(*args, **kwargs)
  File "/app/asu_discord/cogs/analytics.py", line 652, in on_member_update
    before_timeout = before.timed_out_until
                     ^^^^^^^^^^^^^^^^^^^^^^
AttributeError: 'Member' object has no attribute 'timed_out_until'
Ignoring exception in on_member_update
Traceback (most recent call last):
  File "/usr/local/lib/python3.12/site-packages/discord/client.py", line 465, in _run_event
    await coro(*args, **kwargs)
  File "/app/asu_discord/cogs/analytics.py", line 652, in on_member_update
    before_timeout = before.timed_out_until
                     ^^^^^^^^^^^^^^^^^^^^^^
AttributeError: 'Member' object has no attribute 'timed_out_until'
INFO:asu_discord.cogs.verification:Assigned Salesforce-based roles [1333934478887882823, 1187460910936232099, 1356257786563920023, 1210322592544596030, 1187164746454138900, 1282464973255348366, 1205549707938766878] to Discord user 1524508580928028673
INFO:asu_discord.cogs.verification:Saved 7 roles to database for user mstatt (Discord ID: 1524508580928028673)
Ignoring exception in on_member_update
Traceback (most recent call last):
  File "/usr/local/lib/python3.12/site-packages/discord/client.py", line 465, in _run_event
    await coro(*args, **kwargs)
  File "/app/asu_discord/cogs/analytics.py", line 652, in on_member_update
    before_timeout = before.timed_out_until
                     ^^^^^^^^^^^^^^^^^^^^^^
AttributeError: 'Member' object has no attribute 'timed_out_until'
Ignoring exception in on_member_update
Traceback (most recent call last):
  File "/usr/local/lib/python3.12/site-packages/discord/client.py", line 465, in _run_event
    await coro(*args, **kwargs)
  File "/app/asu_discord/cogs/analytics.py", line 652, in on_member_update
    before_timeout = before.timed_out_until
                     ^^^^^^^^^^^^^^^^^^^^^^
AttributeError: 'Member' object has no attribute 'timed_out_until'
Ignoring exception in on_member_update
Traceback (most recent call last):
  File "/usr/local/lib/python3.12/site-packages/discord/client.py", line 465, in _run_event
    await coro(*args, **kwargs)
  File "/app/asu_discord/cogs/analytics.py", line 652, in on_member_update
    before_timeout = before.timed_out_until
                     ^^^^^^^^^^^^^^^^^^^^^^
AttributeError: 'Member' object has no attribute 'timed_out_until'
Ignoring exception in on_member_update
Traceback (most recent call last):
  File "/usr/local/lib/python3.12/site-packages/discord/client.py", line 465, in _run_event
    await coro(*args, **kwargs)
  File "/app/asu_discord/cogs/analytics.py", line 652, in on_member_update
    before_timeout = before.timed_out_until
                     ^^^^^^^^^^^^^^^^^^^^^^
AttributeError: 'Member' object has no attribute 'timed_out_until'
Ignoring exception in on_member_update
Traceback (most recent call last):
  File "/usr/local/lib/python3.12/site-packages/discord/client.py", line 465, in _run_event
    await coro(*args, **kwargs)
  File "/app/asu_discord/cogs/analytics.py", line 652, in on_member_update
    before_timeout = before.timed_out_until
                     ^^^^^^^^^^^^^^^^^^^^^^
AttributeError: 'Member' object has no attribute 'timed_out_until'
INFO:routes.cas:CAS response missing email; inferred rcsmit47@asu.edu
Ignoring exception in on_member_update
Traceback (most recent call last):
  File "/usr/local/lib/python3.12/site-packages/discord/client.py", line 465, in _run_event
    await coro(*args, **kwargs)
  File "/app/asu_discord/cogs/analytics.py", line 652, in on_member_update
    before_timeout = before.timed_out_until
                     ^^^^^^^^^^^^^^^^^^^^^^
AttributeError: 'Member' object has no attribute 'timed_out_until'
Ignoring exception in on_member_update
Traceback (most recent call last):
  File "/usr/local/lib/python3.12/site-packages/discord/client.py", line 465, in _run_event
    await coro(*args, **kwargs)
  File "/app/asu_discord/cogs/analytics.py", line 652, in on_member_update
    before_timeout = before.timed_out_until
                     ^^^^^^^^^^^^^^^^^^^^^^
AttributeError: 'Member' object has no attribute 'timed_out_until'
Ignoring exception in on_member_update
Traceback (most recent call last):
  File "/usr/local/lib/python3.12/site-packages/discord/client.py", line 465, in _run_event
    await coro(*args, **kwargs)
  File "/app/asu_discord/cogs/analytics.py", line 652, in on_member_update
    before_timeout = before.timed_out_until
                     ^^^^^^^^^^^^^^^^^^^^^^
AttributeError: 'Member' object has no attribute 'timed_out_until'
Ignoring exception in on_member_update
Traceback (most recent call last):
  File "/usr/local/lib/python3.12/site-packages/discord/client.py", line 465, in _run_event
    await coro(*args, **kwargs)
  File "/app/asu_discord/cogs/analytics.py", line 652, in on_member_update
    before_timeout = before.timed_out_until
                     ^^^^^^^^^^^^^^^^^^^^^^
AttributeError: 'Member' object has no attribute 'timed_out_until'
INFO:routes.cas:CAS response missing email; inferred rcsmit47@asu.edu
Ignoring exception in on_member_update
Traceback (most recent call last):
  File "/usr/local/lib/python3.12/site-packages/discord/client.py", line 465, in _run_event
    await coro(*args, **kwargs)
  File "/app/asu_discord/cogs/analytics.py", line 652, in on_member_update
    before_timeout = before.timed_out_until
                     ^^^^^^^^^^^^^^^^^^^^^^
AttributeError: 'Member' object has no attribute 'timed_out_until'
Ignoring exception in on_member_update
Traceback (most recent call last):
  File "/usr/local/lib/python3.12/site-packages/discord/client.py", line 465, in _run_event
    await coro(*args, **kwargs)
  File "/app/asu_discord/cogs/analytics.py", line 652, in on_member_update
    before_timeout = before.timed_out_until
                     ^^^^^^^^^^^^^^^^^^^^^^
AttributeError: 'Member' object has no attribute 'timed_out_until'
INFO:asu_discord.cogs.verification:Removed unverified role 1207441184218161182 from member 454130410079649793
INFO:asu_discord.cogs.verification:Assigned verification role to Discord user 454130410079649793 (ASURITE: rcsmit47)
INFO:routes.discord:Salesforce profile data for rcsmit47 (Discord 454130410079649793): asurite='rcsmit47' name='Ryan Smith' fullName='Ryan Smith' email='flashryan21@gmail.com' state='California' country='United States' contactId='003aJ00000agqUeQAI' opportunities=[SalesforceOpportunity(stageName='Admitted', termCode='2267', career='Undergraduate', type='Transfer', internationalStudent=False, firstGeneration=False, enrollmentDepositPaid=None, enrollmentDepositStatus=None, collegeName='Herberger Institute', locationName='Online', collegeProgramCode='UGHI', programCode=None, createdDate='2026-03-18T12:58:57.000+0000', currentLocation='Tempe', academicPlanName='Architectural Studies', opportunityId='006aJ00000N6Jk0QAF', academicPlanCode='ARSTDBSD', academicPlanId='a0Fd000000Ur6f8EAB', accountId='001aJ00000gU98FQAS', accountName='Ryan Smith', applicationDate='2026-03-15', applicationNumber='03305452', closeDate='2026-09-11', collegeId='a0Dd000000XwmNlEAJ', contactId='003aJ00000agqUeQAI', contactEmplid='1242324424', contactName='Ryan Smith', deferred=False, doNotCall=False, externalApplicationNumber='4582934', jointProgram=False, isClosed=False, isWon=False, lastModifiedDate='2026-07-08T11:41:41.000+0000', leadSource='PeopleSoft', locationId='a0Gd000000F95vkEAB', militaryBenefits=False, name='Ryan Smith - 03305452 - 2267', onlineDegree=False, ownerEmail='chasaty.smith@asu.edu', ownerId='005d0000004RvqnAAC', ownerOrganizationName='The Design School', ownerPhone='(480) 965-5789', ownerName='Chasaty Smith', primaryInterestId='7016T000002j6zQQAQ', primaryInterestName='Architecture, Construction and Design', recordTypeId='012d0000000x3xxAAA', recordTypeName='Undergraduate Application', selfReportedTransferCreditHours=66, termId='a0Jd000000U7lzFEAR')] inState=False outOfState=True college='Herberger Institute for Design and the Arts' program='Architectural Studies' career='Undergraduate' admitType='Transfer' firstTimeFreshman=False transfer=True collegeProgramCode='UGHI' is_international=False international=False stateOfResidence='California' enrollmentDepositPaid=False stageName='Admitted' current=False firstYear=False depositPaid=False campus='Tempe' locationName='Online' termCode='2267' selectedOpportunity=SalesforceOpportunity(stageName='Admitted', termCode='2267', career='Undergraduate', type='Transfer', internationalStudent=False, firstGeneration=False, enrollmentDepositPaid=None, enrollmentDepositStatus=None, collegeName='Herberger Institute', locationName='Online', collegeProgramCode='UGHI', programCode=None, createdDate='2026-03-18T12:58:57.000+0000', currentLocation='Tempe', academicPlanName='Architectural Studies', opportunityId='006aJ00000N6Jk0QAF', academicPlanCode='ARSTDBSD', academicPlanId='a0Fd000000Ur6f8EAB', accountId='001aJ00000gU98FQAS', accountName='Ryan Smith', applicationDate='2026-03-15', applicationNumber='03305452', closeDate='2026-09-11', collegeId='a0Dd000000XwmNlEAJ', contactId='003aJ00000agqUeQAI', contactEmplid='1242324424', contactName='Ryan Smith', deferred=False, doNotCall=False, externalApplicationNumber='4582934', jointProgram=False, isClosed=False, isWon=False, lastModifiedDate='2026-07-08T11:41:41.000+0000', leadSource='PeopleSoft', locationId='a0Gd000000F95vkEAB', militaryBenefits=False, name='Ryan Smith - 03305452 - 2267', onlineDegree=False, ownerEmail='chasaty.smith@asu.edu', ownerId='005d0000004RvqnAAC', ownerOrganizationName='The Design School', ownerPhone='(480) 965-5789', ownerName='Chasaty Smith', primaryInterestId='7016T000002j6zQQAQ', primaryInterestName='Architecture, Construction and Design', recordTypeId='012d0000000x3xxAAA', recordTypeName='Undergraduate Application', selfReportedTransferCreditHours=66, termId='a0Jd000000U7lzFEAR') type='Transfer'
Ignoring exception in on_member_update
Traceback (most recent call last):
  File "/usr/local/lib/python3.12/site-packages/discord/client.py", line 465, in _run_event
    await coro(*args, **kwargs)
  File "/app/asu_discord/cogs/analytics.py", line 652, in on_member_update
    before_timeout = before.timed_out_until
                     ^^^^^^^^^^^^^^^^^^^^^^
AttributeError: 'Member' object has no attribute 'timed_out_until'
Ignoring exception in on_member_update
Traceback (most recent call last):
  File "/usr/local/lib/python3.12/site-packages/discord/client.py", line 465, in _run_event
    await coro(*args, **kwargs)
  File "/app/asu_discord/cogs/analytics.py", line 652, in on_member_update
    before_timeout = before.timed_out_until
                     ^^^^^^^^^^^^^^^^^^^^^^
AttributeError: 'Member' object has no attribute 'timed_out_until'
Ignoring exception in on_member_update
Traceback (most recent call last):
  File "/usr/local/lib/python3.12/site-packages/discord/client.py", line 465, in _run_event
    await coro(*args, **kwargs)
  File "/app/asu_discord/cogs/analytics.py", line 652, in on_member_update
    before_timeout = before.timed_out_until
                     ^^^^^^^^^^^^^^^^^^^^^^
AttributeError: 'Member' object has no attribute 'timed_out_until'
Ignoring exception in on_member_update
Traceback (most recent call last):
  File "/usr/local/lib/python3.12/site-packages/discord/client.py", line 465, in _run_event
    await coro(*args, **kwargs)
  File "/app/asu_discord/cogs/analytics.py", line 652, in on_member_update
    before_timeout = before.timed_out_until
                     ^^^^^^^^^^^^^^^^^^^^^^
AttributeError: 'Member' object has no attribute 'timed_out_until'
INFO:asu_discord.cogs.verification:Assigned Salesforce-based roles [1187460355618779316, 1465991804993278113, 1333934752490848377, 1187164763189416078] to Discord user 454130410079649793
INFO:asu_discord.cogs.verification:Saved 4 roles to database for user rcsmit47 (Discord ID: 454130410079649793)
Ignoring exception in on_member_update
Traceback (most recent call last):
  File "/usr/local/lib/python3.12/site-packages/discord/client.py", line 465, in _run_event
    await coro(*args, **kwargs)
  File "/app/asu_discord/cogs/analytics.py", line 652, in on_member_update
    before_timeout = before.timed_out_until
                     ^^^^^^^^^^^^^^^^^^^^^^
AttributeError: 'Member' object has no attribute 'timed_out_until'
Ignoring exception in on_member_update
Traceback (most recent call last):
  File "/usr/local/lib/python3.12/site-packages/discord/client.py", line 465, in _run_event
    await coro(*args, **kwargs)
  File "/app/asu_discord/cogs/analytics.py", line 652, in on_member_update
    before_timeout = before.timed_out_until
                     ^^^^^^^^^^^^^^^^^^^^^^
AttributeError: 'Member' object has no attribute 'timed_out_until'
Ignoring exception in on_member_update
Traceback (most recent call last):
  File "/usr/local/lib/python3.12/site-packages/discord/client.py", line 465, in _run_event
    await coro(*args, **kwargs)
  File "/app/asu_discord/cogs/analytics.py", line 652, in on_member_update
    before_timeout = before.timed_out_until
                     ^^^^^^^^^^^^^^^^^^^^^^
AttributeError: 'Member' object has no attribute 'timed_out_until'
Ignoring exception in on_member_update
Traceback (most recent call last):
  File "/usr/local/lib/python3.12/site-packages/discord/client.py", line 465, in _run_event
    await coro(*args, **kwargs)
  File "/app/asu_discord/cogs/analytics.py", line 652, in on_member_update
    before_timeout = before.timed_out_until
                     ^^^^^^^^^^^^^^^^^^^^^^
AttributeError: 'Member' object has no attribute 'timed_out_until'
Ignoring exception in on_member_update
Traceback (most recent call last):
  File "/usr/local/lib/python3.12/site-packages/discord/client.py", line 465, in _run_event
    await coro(*args, **kwargs)
  File "/app/asu_discord/cogs/analytics.py", line 652, in on_member_update
    before_timeout = before.timed_out_until
                     ^^^^^^^^^^^^^^^^^^^^^^
AttributeError: 'Member' object has no attribute 'timed_out_until'
Ignoring exception in on_member_update
Traceback (most recent call last):
  File "/usr/local/lib/python3.12/site-packages/discord/client.py", line 465, in _run_event
    await coro(*args, **kwargs)
  File "/app/asu_discord/cogs/analytics.py", line 652, in on_member_update
    before_timeout = before.timed_out_until
                     ^^^^^^^^^^^^^^^^^^^^^^
AttributeError: 'Member' object has no attribute 'timed_out_until'
INFO:discord.client:Got a request to RESUME the websocket.
INFO:discord.gateway:Shard ID None has sent the RESUME payload.
INFO:discord.gateway:Shard ID None has successfully RESUMED session 6e3407fd591f617e4a33b69139a85b12 under trace ["gateway-prd-arm-us-east1-b-nrtf",{"micros":424,"calls":["id_created",{"micros":0,"calls":[]},"session_lookup_time",{"micros":185,"calls":[]},"session_lookup_finished",{"micros":14,"calls":[]},"sessions-prd-gcp-us-east1-b-23",{"micros":22}]}].
Ignoring exception in on_member_update
Traceback (most recent call last):
  File "/usr/local/lib/python3.12/site-packages/discord/client.py", line 465, in _run_event
    await coro(*args, **kwargs)
  File "/app/asu_discord/cogs/analytics.py", line 652, in on_member_update
    before_timeout = before.timed_out_until
                     ^^^^^^^^^^^^^^^^^^^^^^
AttributeError: 'Member' object has no attribute 'timed_out_until'
INFO:routes.cas:CAS response missing email; inferred ckeene13@asu.edu
ERROR:routes.discord:Discord OAuth state mismatch: expected=None received=2g_eUCKY7NeC9BPzyNqnX74RNINdLQLquaZy0g106i0
Ignoring exception in on_member_update
Traceback (most recent call last):
  File "/usr/local/lib/python3.12/site-packages/discord/client.py", line 465, in _run_event
    await coro(*args, **kwargs)
  File "/app/asu_discord/cogs/analytics.py", line 652, in on_member_update
    before_timeout = before.timed_out_until
                     ^^^^^^^^^^^^^^^^^^^^^^
AttributeError: 'Member' object has no attribute 'timed_out_until'
Ignoring exception in on_scheduled_event_create
Traceback (most recent call last):
  File "/usr/local/lib/python3.12/site-packages/discord/client.py", line 465, in _run_event
    await coro(*args, **kwargs)
  File "/app/asu_discord/cogs/event_tracker.py", line 171, in on_scheduled_event_create
    self._upsert_event(db_session, event)
  File "/app/asu_discord/cogs/event_tracker.py", line 68, in _upsert_event
    guild_id=str(event.guild_id),
                 ^^^^^^^^^^^^^^
AttributeError: 'ScheduledEvent' object has no attribute 'guild_id'
Ignoring exception in on_scheduled_event_create
Traceback (most recent call last):
  File "/usr/local/lib/python3.12/site-packages/discord/client.py", line 465, in _run_event
    await coro(*args, **kwargs)
  File "/app/asu_discord/cogs/event_tracker.py", line 171, in on_scheduled_event_create
    self._upsert_event(db_session, event)
  File "/app/asu_discord/cogs/event_tracker.py", line 68, in _upsert_event
    guild_id=str(event.guild_id),
                 ^^^^^^^^^^^^^^
AttributeError: 'ScheduledEvent' object has no attribute 'guild_id'
Ignoring exception in on_scheduled_event_create
Traceback (most recent call last):
  File "/usr/local/lib/python3.12/site-packages/discord/client.py", line 465, in _run_event
    await coro(*args, **kwargs)
  File "/app/asu_discord/cogs/event_tracker.py", line 171, in on_scheduled_event_create
    self._upsert_event(db_session, event)
  File "/app/asu_discord/cogs/event_tracker.py", line 68, in _upsert_event
    guild_id=str(event.guild_id),
                 ^^^^^^^^^^^^^^
AttributeError: 'ScheduledEvent' object has no attribute 'guild_id'
Ignoring exception in on_member_update
Traceback (most recent call last):
  File "/usr/local/lib/python3.12/site-packages/discord/client.py", line 465, in _run_event
    await coro(*args, **kwargs)
  File "/app/asu_discord/cogs/analytics.py", line 652, in on_member_update
    before_timeout = before.timed_out_until
                     ^^^^^^^^^^^^^^^^^^^^^^
AttributeError: 'Member' object has no attribute 'timed_out_until'
Ignoring exception in on_member_update
Traceback (most recent call last):
  File "/usr/local/lib/python3.12/site-packages/discord/client.py", line 465, in _run_event
    await coro(*args, **kwargs)
  File "/app/asu_discord/cogs/analytics.py", line 652, in on_member_update
    before_timeout = before.timed_out_until
                     ^^^^^^^^^^^^^^^^^^^^^^
AttributeError: 'Member' object has no attribute 'timed_out_until'
Ignoring exception in on_member_update
Traceback (most recent call last):
  File "/usr/local/lib/python3.12/site-packages/discord/client.py", line 465, in _run_event
    await coro(*args, **kwargs)
  File "/app/asu_discord/cogs/analytics.py", line 652, in on_member_update
    before_timeout = before.timed_out_until
                     ^^^^^^^^^^^^^^^^^^^^^^
AttributeError: 'Member' object has no attribute 'timed_out_until'
Ignoring exception in on_member_update
Traceback (most recent call last):
  File "/usr/local/lib/python3.12/site-packages/discord/client.py", line 465, in _run_event
    await coro(*args, **kwargs)
  File "/app/asu_discord/cogs/analytics.py", line 652, in on_member_update
    before_timeout = before.timed_out_until
                     ^^^^^^^^^^^^^^^^^^^^^^
AttributeError: 'Member' object has no attribute 'timed_out_until'
Ignoring exception in on_scheduled_event_create
Traceback (most recent call last):
  File "/usr/local/lib/python3.12/site-packages/discord/client.py", line 465, in _run_event
    await coro(*args, **kwargs)
  File "/app/asu_discord/cogs/event_tracker.py", line 171, in on_scheduled_event_create
    self._upsert_event(db_session, event)
  File "/app/asu_discord/cogs/event_tracker.py", line 68, in _upsert_event
    guild_id=str(event.guild_id),
                 ^^^^^^^^^^^^^^
AttributeError: 'ScheduledEvent' object has no attribute 'guild_id'
Ignoring exception in on_scheduled_event_create
Traceback (most recent call last):
  File "/usr/local/lib/python3.12/site-packages/discord/client.py", line 465, in _run_event
    await coro(*args, **kwargs)
  File "/app/asu_discord/cogs/event_tracker.py", line 171, in on_scheduled_event_create
    self._upsert_event(db_session, event)
  File "/app/asu_discord/cogs/event_tracker.py", line 68, in _upsert_event
    guild_id=str(event.guild_id),
                 ^^^^^^^^^^^^^^
AttributeError: 'ScheduledEvent' object has no attribute 'guild_id'
Ignoring exception in on_scheduled_event_update
Traceback (most recent call last):
  File "/usr/local/lib/python3.12/site-packages/discord/client.py", line 465, in _run_event
    await coro(*args, **kwargs)
  File "/app/asu_discord/cogs/event_tracker.py", line 180, in on_scheduled_event_update
    self._upsert_event(db_session, after)
  File "/app/asu_discord/cogs/event_tracker.py", line 68, in _upsert_event
    guild_id=str(event.guild_id),
                 ^^^^^^^^^^^^^^
AttributeError: 'ScheduledEvent' object has no attribute 'guild_id'
Ignoring exception in on_scheduled_event_update
Traceback (most recent call last):
  File "/usr/local/lib/python3.12/site-packages/discord/client.py", line 465, in _run_event
    await coro(*args, **kwargs)
  File "/app/asu_discord/cogs/event_tracker.py", line 180, in on_scheduled_event_update
    self._upsert_event(db_session, after)
  File "/app/asu_discord/cogs/event_tracker.py", line 68, in _upsert_event
    guild_id=str(event.guild_id),
                 ^^^^^^^^^^^^^^
AttributeError: 'ScheduledEvent' object has no attribute 'guild_id'
Ignoring exception in on_scheduled_event_update
Traceback (most recent call last):
  File "/usr/local/lib/python3.12/site-packages/discord/client.py", line 465, in _run_event
    await coro(*args, **kwargs)
  File "/app/asu_discord/cogs/event_tracker.py", line 180, in on_scheduled_event_update
    self._upsert_event(db_session, after)
  File "/app/asu_discord/cogs/event_tracker.py", line 68, in _upsert_event
    guild_id=str(event.guild_id),
                 ^^^^^^^^^^^^^^
AttributeError: 'ScheduledEvent' object has no attribute 'guild_id'
Ignoring exception in on_scheduled_event_update
Traceback (most recent call last):
  File "/usr/local/lib/python3.12/site-packages/discord/client.py", line 465, in _run_event
    await coro(*args, **kwargs)
  File "/app/asu_discord/cogs/event_tracker.py", line 180, in on_scheduled_event_update
    self._upsert_event(db_session, after)
  File "/app/asu_discord/cogs/event_tracker.py", line 68, in _upsert_event
    guild_id=str(event.guild_id),
                 ^^^^^^^^^^^^^^
AttributeError: 'ScheduledEvent' object has no attribute 'guild_id'
Ignoring exception in on_scheduled_event_create
Traceback (most recent call last):
  File "/usr/local/lib/python3.12/site-packages/discord/client.py", line 465, in _run_event
    await coro(*args, **kwargs)
  File "/app/asu_discord/cogs/event_tracker.py", line 171, in on_scheduled_event_create
    self._upsert_event(db_session, event)
  File "/app/asu_discord/cogs/event_tracker.py", line 68, in _upsert_event
    guild_id=str(event.guild_id),
                 ^^^^^^^^^^^^^^
AttributeError: 'ScheduledEvent' object has no attribute 'guild_id'
Ignoring exception in on_member_update
Traceback (most recent call last):
  File "/usr/local/lib/python3.12/site-packages/discord/client.py", line 465, in _run_event
    await coro(*args, **kwargs)
  File "/app/asu_discord/cogs/analytics.py", line 652, in on_member_update
    before_timeout = before.timed_out_until
                     ^^^^^^^^^^^^^^^^^^^^^^
AttributeError: 'Member' object has no attribute 'timed_out_until'
Ignoring exception in on_member_update
Traceback (most recent call last):
  File "/usr/local/lib/python3.12/site-packages/discord/client.py", line 465, in _run_event
    await coro(*args, **kwargs)
  File "/app/asu_discord/cogs/analytics.py", line 652, in on_member_update
    before_timeout = before.timed_out_until
                     ^^^^^^^^^^^^^^^^^^^^^^
AttributeError: 'Member' object has no attribute 'timed_out_until'
Ignoring exception in on_member_update
Traceback (most recent call last):
  File "/usr/local/lib/python3.12/site-packages/discord/client.py", line 465, in _run_event
    await coro(*args, **kwargs)
  File "/app/asu_discord/cogs/analytics.py", line 652, in on_member_update
    before_timeout = before.timed_out_until
                     ^^^^^^^^^^^^^^^^^^^^^^
AttributeError: 'Member' object has no attribute 'timed_out_until'
Ignoring exception in on_member_update
Traceback (most recent call last):
  File "/usr/local/lib/python3.12/site-packages/discord/client.py", line 465, in _run_event
    await coro(*args, **kwargs)
  File "/app/asu_discord/cogs/analytics.py", line 652, in on_member_update
    before_timeout = before.timed_out_until
                     ^^^^^^^^^^^^^^^^^^^^^^
AttributeError: 'Member' object has no attribute 'timed_out_until'
INFO:routes.cas:CAS response missing email; inferred cagarre3@asu.edu
Ignoring exception in on_member_update
Traceback (most recent call last):
  File "/usr/local/lib/python3.12/site-packages/discord/client.py", line 465, in _run_event
    await coro(*args, **kwargs)
  File "/app/asu_discord/cogs/analytics.py", line 652, in on_member_update
    before_timeout = before.timed_out_until
                     ^^^^^^^^^^^^^^^^^^^^^^
AttributeError: 'Member' object has no attribute 'timed_out_until'
Ignoring exception in on_member_update
Traceback (most recent call last):
  File "/usr/local/lib/python3.12/site-packages/discord/client.py", line 465, in _run_event
    await coro(*args, **kwargs)
  File "/app/asu_discord/cogs/analytics.py", line 652, in on_member_update
    before_timeout = before.timed_out_until
                     ^^^^^^^^^^^^^^^^^^^^^^
AttributeError: 'Member' object has no attribute 'timed_out_until'
Ignoring exception in on_member_update
Traceback (most recent call last):
  File "/usr/local/lib/python3.12/site-packages/discord/client.py", line 465, in _run_event
    await coro(*args, **kwargs)
  File "/app/asu_discord/cogs/analytics.py", line 652, in on_member_update
    before_timeout = before.timed_out_until
                     ^^^^^^^^^^^^^^^^^^^^^^
AttributeError: 'Member' object has no attribute 'timed_out_until'
INFO:asu_discord.cogs.verification:Removed unverified role 1207441184218161182 from member 1522370828656709720
INFO:asu_discord.cogs.verification:Assigned verification role to Discord user 1522370828656709720 (ASURITE: cagarre3)
INFO:routes.discord:Salesforce profile data for cagarre3 (Discord 1522370828656709720): asurite='cagarre3' name='Chris Garrett' fullName='Chris Garrett' email='cg1519700@gmail.com' state='Arizona' country='United States' contactId='0036T00004iEl5TQAS' opportunities=[SalesforceOpportunity(stageName='Enrolled', termCode='2267', career='Undergraduate', type='First Time Freshman', internationalStudent=False, firstGeneration=False, enrollmentDepositPaid=None, enrollmentDepositStatus='Paid', collegeName='The College of Lib Arts & Sci', locationName='Tempe', collegeProgramCode='UGLA', programCode=None, createdDate='2024-12-01T17:14:11.000+0000', currentLocation='Tempe', academicPlanName='Bio Sci (Biomedical Sci)', opportunityId='0066T00001G3XOJQA3', academicPlanCode='LABSCMBS', academicPlanId='a0Fd000000Vrg2REAR', accountId='0016T00003FqSoTQAV', accountName='Chris Garrett', applicationDate='2025-08-10', applicationDecisionBarrett='Accepted', applicationStatusBarrett='Decision Rendered', applicationNumber='03119762', closeDate='2026-09-11', collegeId='a0Dd000000XwmNpEAJ', contactId='0036T00004iEl5TQAS', contactEmplid='1239781754', contactName='Chris Garrett', currentCiScore=133, deferred=False, doNotCall=False, externalApplicationNumber='4442131', housingStatus='Signed Contract', jointProgram=False, isClosed=False, isWon=False, lastModifiedDate='2026-07-08T10:48:25.000+0000', leadSource='PeopleSoft', locationId='a0Gd000000F95viEAB', militaryBenefits=False, name='Chris Garrett - 03119762 - 2267', onlineDegree=False, orientationStatus='Attended', ownerEmail='natalie.arreola@asu.edu', ownerId='0056T000007ZknJQAS', ownerOrganizationName='School of Life Sciences', ownerName='Natalie Arreola', primaryInterestId='7016T000002cLPyQAM', primaryInterestName='Pre-health', prospectCampaignId='7010W000002FaCTQA0', prospectCampaignName='Common Application (Prospect-Suspect)', recordTypeId='012d0000000x3xxAAA', recordTypeName='Undergraduate Application', selfReportedTransferCreditHours=0, termId='a0Jd000000U7lzFEAR'), SalesforceOpportunity(stageName='Prospect', termCode='2267', career='Undergraduate', type='First Time Freshman', internationalStudent=False, firstGeneration=False, enrollmentDepositPaid=None, enrollmentDepositStatus=None, collegeName=None, locationName=None, collegeProgramCode=None, programCode=None, createdDate='2026-07-07T21:57:08.000+0000', currentLocation=None, academicPlanName=None, opportunityId='006aJ00000SmMe2QAF', accountId='0016T00003FqSoTQAV', accountName='Chris Garrett', closeDate='2026-09-10', contactId='0036T00004iEl5TQAS', contactEmplid='1239781754', contactName='Chris Garrett', deferred=False, doNotCall=False, housingStatus='Signed Contract', jointProgram=False, isClosed=False, isWon=False, lastModifiedDate='2026-07-08T12:13:46.000+0000', leadSource='Event', leadSourceSubtype='Zoom Participant', militaryBenefits=False, name='Chris Garrett-2026-07-07', onlineDegree=False, orientationStatus='Attended', ownerEmail='natalie.arreola@asu.edu', ownerId='0056T000007ZknJQAS', ownerName='Natalie Arreola', primaryInterestId='7016T000002cLPyQAM', primaryInterestName='Pre-health', prospectCampaignId='701aJ00000YnGpeQAF', prospectCampaignName='Next Steps - Preparing for your magical move in. (Virtual)', recordTypeId='012d0000000x3xyAAA', recordTypeName='Undergraduate Prospect', termId='a0Jd000000U7lzFEAR')] inState=True outOfState=False college='College of Liberal Arts and Sciences' program='Bio Sci (Biomedical Sci)' career='Undergraduate' admitType='First Time Freshman' firstTimeFreshman=True transfer=False collegeProgramCode='UGLA' is_international=False international=False stateOfResidence='Arizona' enrollmentDepositPaid=True stageName='Enrolled' current=False firstYear=True depositPaid=True campus='Tempe' locationName='Tempe' termCode='2267' selectedOpportunity=SalesforceOpportunity(stageName='Enrolled', termCode='2267', career='Undergraduate', type='First Time Freshman', internationalStudent=False, firstGeneration=False, enrollmentDepositPaid=None, enrollmentDepositStatus='Paid', collegeName='The College of Lib Arts & Sci', locationName='Tempe', collegeProgramCode='UGLA', programCode=None, createdDate='2024-12-01T17:14:11.000+0000', currentLocation='Tempe', academicPlanName='Bio Sci (Biomedical Sci)', opportunityId='0066T00001G3XOJQA3', academicPlanCode='LABSCMBS', academicPlanId='a0Fd000000Vrg2REAR', accountId='0016T00003FqSoTQAV', accountName='Chris Garrett', applicationDate='2025-08-10', applicationDecisionBarrett='Accepted', applicationStatusBarrett='Decision Rendered', applicationNumber='03119762', closeDate='2026-09-11', collegeId='a0Dd000000XwmNpEAJ', contactId='0036T00004iEl5TQAS', contactEmplid='1239781754', contactName='Chris Garrett', currentCiScore=133, deferred=False, doNotCall=False, externalApplicationNumber='4442131', housingStatus='Signed Contract', jointProgram=False, isClosed=False, isWon=False, lastModifiedDate='2026-07-08T10:48:25.000+0000', leadSource='PeopleSoft', locationId='a0Gd000000F95viEAB', militaryBenefits=False, name='Chris Garrett - 03119762 - 2267', onlineDegree=False, orientationStatus='Attended', ownerEmail='natalie.arreola@asu.edu', ownerId='0056T000007ZknJQAS', ownerOrganizationName='School of Life Sciences', ownerName='Natalie Arreola', primaryInterestId='7016T000002cLPyQAM', primaryInterestName='Pre-health', prospectCampaignId='7010W000002FaCTQA0', prospectCampaignName='Common Application (Prospect-Suspect)', recordTypeId='012d0000000x3xxAAA', recordTypeName='Undergraduate Application', selfReportedTransferCreditHours=0, termId='a0Jd000000U7lzFEAR') type='First Time Freshman'
Ignoring exception in on_member_update
Traceback (most recent call last):
  File "/usr/local/lib/python3.12/site-packages/discord/client.py", line 465, in _run_event
    await coro(*args, **kwargs)
  File "/app/asu_discord/cogs/analytics.py", line 652, in on_member_update
    before_timeout = before.timed_out_until
                     ^^^^^^^^^^^^^^^^^^^^^^
AttributeError: 'Member' object has no attribute 'timed_out_until'
Ignoring exception in on_member_update
Traceback (most recent call last):
  File "/usr/local/lib/python3.12/site-packages/discord/client.py", line 465, in _run_event
    await coro(*args, **kwargs)
  File "/app/asu_discord/cogs/analytics.py", line 652, in on_member_update
    before_timeout = before.timed_out_until
                     ^^^^^^^^^^^^^^^^^^^^^^
AttributeError: 'Member' object has no attribute 'timed_out_until'
Ignoring exception in on_member_update
Traceback (most recent call last):
  File "/usr/local/lib/python3.12/site-packages/discord/client.py", line 465, in _run_event
    await coro(*args, **kwargs)
  File "/app/asu_discord/cogs/analytics.py", line 652, in on_member_update
    before_timeout = before.timed_out_until
                     ^^^^^^^^^^^^^^^^^^^^^^
AttributeError: 'Member' object has no attribute 'timed_out_until'
Ignoring exception in on_member_update
Traceback (most recent call last):
  File "/usr/local/lib/python3.12/site-packages/discord/client.py", line 465, in _run_event
    await coro(*args, **kwargs)
  File "/app/asu_discord/cogs/analytics.py", line 652, in on_member_update
    before_timeout = before.timed_out_until
                     ^^^^^^^^^^^^^^^^^^^^^^
AttributeError: 'Member' object has no attribute 'timed_out_until'
Ignoring exception in on_member_update
Traceback (most recent call last):
  File "/usr/local/lib/python3.12/site-packages/discord/client.py", line 465, in _run_event
    await coro(*args, **kwargs)
  File "/app/asu_discord/cogs/analytics.py", line 652, in on_member_update
    before_timeout = before.timed_out_until
                     ^^^^^^^^^^^^^^^^^^^^^^
AttributeError: 'Member' object has no attribute 'timed_out_until'
INFO:asu_discord.cogs.verification:Assigned Salesforce-based roles [1333934478887882823, 1187460910936232099, 1356257786563920023, 1187164746454138900, 1282464973255348366] to Discord user 1522370828656709720
INFO:asu_discord.cogs.verification:Saved 5 roles to database for user cagarre3 (Discord ID: 1522370828656709720)
INFO:asu_discord.cogs.qna:Answer from ForkmanQNA (attempt 1): {'ok': True, 'full_message': "\n----------------------\nGood afternoon! Great question! As an international student, you're definitely part of the ASU community, and Barrett welcomes international students across all four metropolitan Phoenix campuses. International students are actually a huge part of ASU - it's the No. 1 public university for international students!\n\nWhile I don't have specific details about that particular Out of State social Zoom event, I'd recommend reaching out directly to Barrett to confirm your eligibility to participate. International students often have their own dedicated resources and events, but you may very well be welcome to join OOS socials too since you're also coming from outside Arizona.\n\nFor the quickest answer, I'd suggest contacting Barrett directly through the admissions contact form at https://admission.asu.edu/contact - they'll be able to confirm whether you can join that specific event or point you toward international student socials happening soon.", 'answer': "Good afternoon! Great question! As an international student, you're definitely part of the ASU community, and Barrett welcomes international students across all four metropolitan Phoenix campuses. International students are actually a huge part of ASU - it's the No. 1 public university for international students!\n\nWhile I don't have specific details about that particular Out of State social Zoom event, I'd recommend reaching out directly to Barrett to confirm your eligibility to participate. International students often have their own dedicated resources and events, but you may very well be welcome to join OOS socials too since you're also coming from outside Arizona.\n\nFor the quickest answer, I'd suggest contacting Barrett directly through the admissions contact form at https://admission.asu.edu/contact - they'll be able to confirm whether you can join that specific event or point you toward international student socials happening soon.", 'rating_prompt': "We're still improving our answers! Please rate the quality of the answer.", 'raw_response': {'ResponseMetadata': {'RequestId': '9e81f649-f467-4b04-9315-4b01e795eecf', 'HTTPStatusCode': 200, 'HTTPHeaders': {'date': 'Wed, 08 Jul 2026 21:56:26 GMT', 'content-type': 'application/json', 'content-length': '5198', 'connection': 'keep-alive', 'x-amzn-requestid': '9e81f649-f467-4b04-9315-4b01e795eecf'}, 'RetryAttempts': 0}, 'citations': [{'generatedResponsePart': {'textResponsePart': {'span': {'end': 950, 'start': 0}, 'text': "Good afternoon! Great question! As an international student, you're definitely part of the ASU community, and Barrett welcomes international students across all four metropolitan Phoenix campuses. International students are actually a huge part of ASU - it's the No. 1 public university for international students!\n\nWhile I don't have specific details about that particular Out of State social Zoom event, I'd recommend reaching out directly to Barrett to confirm your eligibility to participate. International students often have their own dedicated resources and events, but you may very well be welcome to join OOS socials too since you're also coming from outside Arizona.\n\nFor the quickest answer, I'd suggest contacting Barrett directly through the admissions contact form at https://admission.asu.edu/contact - they'll be able to confirm whether you can join that specific event or point you toward international student socials happening soon."}}, 'retrievedReferences': [{'content': {'text': '\n# International Student Admissions | Barrett, The Honors College | ASU\n\n**URL:** https://barretthonors.asu.edu/admissions/international-student\n**Description:** Barrett Honors College offers Lower Division and Upper Division enrollment options for international students at all four ASU campuses.\n\n**Scraped:** 2026-06-01 13:38:41.994123\n**Hash:** a99ff18d590fa954e9202903477b9f3aa5216191afd654c45c6d87020b1639da\n\n---\n\n#  International student \n\nASU is the No. 1 public university for international students. Learn how and when to join Barrett.\n\n## Admissions overview\n\nBarrett offers two enrollment options: Lower Division and Upper Division. Both opportunities integrate into any [undergraduate degree program](https://webapp4.asu.edu/programs/t5?init=false&nopassive=true) across ASU’s four metropolitan Phoenix, AZ campuses - [Downtown Phoenix](/node/57), [Polytechnic](/node/54), [Tempe](/node/51) and [West Valley](/node/46).\n\n### Barrett Online', 'type': 'TEXT'}, 'location': {'kendraDocumentLocation': {'uri': 'https://forkman-ai-001.s3.amazonaws.com/international-student.md'}, 'type': 'KENDRA'}, 'metadata': {'x-amz-kendra-passage-id': '095fcc05-d21c-4b6a-996d-60e91a41055f-0cd14149-cbef-4a89-8eec-eb6e0ecc6743', 'x-amz-kendra-document-id': 's3://forkman-ai-001/international-student.md', '_source_uri': 'https://forkman-ai-001.s3.amazonaws.com/international-student.md', 's3_document_id': 'international-student.md', 'x-amz-kendra-score-confidence': 'HIGH', 'x-amz-kendra-document-title': 'international-student.md'}}, {'content': {'text': '\n[Explore our alumni page](/node/12) to see what Barrett graduates are doing now.\n\n### Thrive with a strong community\n\nThe residential and academic community you create within Barrett Honors College will help you feel at home at ASU right away. Since Barrett has a comprehensive residential community at each of our four metropolitan Phoenix area campuses, honors students enjoy community spaces, social events and student organizations right where they live. Our students are also supported by more than 45 full-time professors, 70 full-time staff members and an Associate Dean at each campus.\n\n## What our students are saying about Barrett\n\n## Ready to apply?\n\n[ __First-year student](/admissions/first-year-student) [ __Transfer student](/admissions/transfer-student) [ __Current ASU student](/admissions/current-asu-student) [ __International student](/admissions/international-student) [ __Online student](/admissions/online-student) [ __Admitted student](/admissions/admitted-student)', 'type': 'TEXT'}, 'location': {'kendraDocumentLocation': {'uri': 'https://forkman-ai-001.s3.amazonaws.com/benefits.md'}, 'type': 'KENDRA'}, 'metadata': {'x-amz-kendra-passage-id': '095fcc05-d21c-4b6a-996d-60e91a41055f-be91104d-0986-4c1b-b31c-ce704be0f0f7', 'x-amz-kendra-document-id': 's3://forkman-ai-001/benefits.md', '_source_uri': 'https://forkman-ai-001.s3.amazonaws.com/benefits.md', 's3_document_id': 'benefits.md', 'x-amz-kendra-score-confidence': 'HIGH', 'x-amz-kendra-document-title': 'benefits.md'}}]}], 'output': {'text': "Good afternoon! Great question! As an international student, you're definitely part of the ASU community, and Barrett welcomes international students across all four metropolitan Phoenix campuses. International students are actually a huge part of ASU - it's the No. 1 public university for international students!\n\nWhile I don't have specific details about that particular Out of State social Zoom event, I'd recommend reaching out directly to Barrett to confirm your eligibility to participate. International students often have their own dedicated resources and events, but you may very well be welcome to join OOS socials too since you're also coming from outside Arizona.\n\nFor the quickest answer, I'd suggest contacting Barrett directly through the admissions contact form at https://admission.asu.edu/contact - they'll be able to confirm whether you can join that specific event or point you toward international student socials happening soon."}, 'sessionId': '7cf77b08-ab4a-4ff0-8395-74cfa3a3e320'}}
INFO:asu_discord.cogs.qna:Generated answer for thread 'Barrett OOS social' (author: 683140748392136728) on attempt 1
Ignoring exception in on_member_update
Traceback (most recent call last):
  File "/usr/local/lib/python3.12/site-packages/discord/client.py", line 465, in _run_event
    await coro(*args, **kwargs)
  File "/app/asu_discord/cogs/analytics.py", line 652, in on_member_update
    before_timeout = before.timed_out_until
                     ^^^^^^^^^^^^^^^^^^^^^^
AttributeError: 'Member' object has no attribute 'timed_out_until'
Ignoring exception in on_member_update
Traceback (most recent call last):
  File "/usr/local/lib/python3.12/site-packages/discord/client.py", line 465, in _run_event
    await coro(*args, **kwargs)
  File "/app/asu_discord/cogs/analytics.py", line 652, in on_member_update
    before_timeout = before.timed_out_until
                     ^^^^^^^^^^^^^^^^^^^^^^
AttributeError: 'Member' object has no attribute 'timed_out_until'
Ignoring exception in on_member_update
Traceback (most recent call last):
  File "/usr/local/lib/python3.12/site-packages/discord/client.py", line 465, in _run_event
    await coro(*args, **kwargs)
  File "/app/asu_discord/cogs/analytics.py", line 652, in on_member_update
    before_timeout = before.timed_out_until
                     ^^^^^^^^^^^^^^^^^^^^^^
AttributeError: 'Member' object has no attribute 'timed_out_until'
Ignoring exception in on_member_update
Traceback (most recent call last):
  File "/usr/local/lib/python3.12/site-packages/discord/client.py", line 465, in _run_event
    await coro(*args, **kwargs)
  File "/app/asu_discord/cogs/analytics.py", line 652, in on_member_update
    before_timeout = before.timed_out_until
                     ^^^^^^^^^^^^^^^^^^^^^^
AttributeError: 'Member' object has no attribute 'timed_out_until'
Ignoring exception in on_member_update
Traceback (most recent call last):
  File "/usr/local/lib/python3.12/site-packages/discord/client.py", line 465, in _run_event
    await coro(*args, **kwargs)
  File "/app/asu_discord/cogs/analytics.py", line 652, in on_member_update
    before_timeout = before.timed_out_until
                     ^^^^^^^^^^^^^^^^^^^^^^
AttributeError: 'Member' object has no attribute 'timed_out_until'
Ignoring exception in on_member_update
Traceback (most recent call last):
  File "/usr/local/lib/python3.12/site-packages/discord/client.py", line 465, in _run_event
    await coro(*args, **kwargs)
  File "/app/asu_discord/cogs/analytics.py", line 652, in on_member_update
    before_timeout = before.timed_out_until
                     ^^^^^^^^^^^^^^^^^^^^^^
AttributeError: 'Member' object has no attribute 'timed_out_until'
Ignoring exception in on_member_update
Traceback (most recent call last):
  File "/usr/local/lib/python3.12/site-packages/discord/client.py", line 465, in _run_event
    await coro(*args, **kwargs)
  File "/app/asu_discord/cogs/analytics.py", line 652, in on_member_update
    before_timeout = before.timed_out_until
                     ^^^^^^^^^^^^^^^^^^^^^^
AttributeError: 'Member' object has no attribute 'timed_out_until'
Ignoring exception in on_member_update
Traceback (most recent call last):
  File "/usr/local/lib/python3.12/site-packages/discord/client.py", line 465, in _run_event
    await coro(*args, **kwargs)
  File "/app/asu_discord/cogs/analytics.py", line 652, in on_member_update
    before_timeout = before.timed_out_until
                     ^^^^^^^^^^^^^^^^^^^^^^
AttributeError: 'Member' object has no attribute 'timed_out_until'
Ignoring exception in on_member_update
Traceback (most recent call last):
  File "/usr/local/lib/python3.12/site-packages/discord/client.py", line 465, in _run_event
    await coro(*args, **kwargs)
  File "/app/asu_discord/cogs/analytics.py", line 652, in on_member_update
    before_timeout = before.timed_out_until
                     ^^^^^^^^^^^^^^^^^^^^^^
AttributeError: 'Member' object has no attribute 'timed_out_until'
Ignoring exception in on_member_update
Traceback (most recent call last):
  File "/usr/local/lib/python3.12/site-packages/discord/client.py", line 465, in _run_event
    await coro(*args, **kwargs)
  File "/app/asu_discord/cogs/analytics.py", line 652, in on_member_update
    before_timeout = before.timed_out_until
                     ^^^^^^^^^^^^^^^^^^^^^^
AttributeError: 'Member' object has no attribute 'timed_out_until'
Ignoring exception in on_member_update
Traceback (most recent call last):
  File "/usr/local/lib/python3.12/site-packages/discord/client.py", line 465, in _run_event
    await coro(*args, **kwargs)
  File "/app/asu_discord/cogs/analytics.py", line 652, in on_member_update
    before_timeout = before.timed_out_until
                     ^^^^^^^^^^^^^^^^^^^^^^
AttributeError: 'Member' object has no attribute 'timed_out_until'
Ignoring exception in on_member_update
Traceback (most recent call last):
  File "/usr/local/lib/python3.12/site-packages/discord/client.py", line 465, in _run_event
    await coro(*args, **kwargs)
  File "/app/asu_discord/cogs/analytics.py", line 652, in on_member_update
    before_timeout = before.timed_out_until
                     ^^^^^^^^^^^^^^^^^^^^^^
AttributeError: 'Member' object has no attribute 'timed_out_until'
INFO:routes.cas:CAS response missing email; inferred ampowe14@asu.edu
Ignoring exception in on_member_update
Traceback (most recent call last):
  File "/usr/local/lib/python3.12/site-packages/discord/client.py", line 465, in _run_event
    await coro(*args, **kwargs)
  File "/app/asu_discord/cogs/analytics.py", line 652, in on_member_update
    before_timeout = before.timed_out_until
                     ^^^^^^^^^^^^^^^^^^^^^^
AttributeError: 'Member' object has no attribute 'timed_out_until'
Ignoring exception in on_member_update
Traceback (most recent call last):
  File "/usr/local/lib/python3.12/site-packages/discord/client.py", line 465, in _run_event
    await coro(*args, **kwargs)
  File "/app/asu_discord/cogs/analytics.py", line 652, in on_member_update
    before_timeout = before.timed_out_until
                     ^^^^^^^^^^^^^^^^^^^^^^
AttributeError: 'Member' object has no attribute 'timed_out_until'
INFO:asu_discord.cogs.verification:Removed unverified role 1207441184218161182 from member 268940055605805057
INFO:asu_discord.cogs.verification:Assigned verification role to Discord user 268940055605805057 (ASURITE: ampowe14)
INFO:routes.discord:Salesforce profile data for ampowe14 (Discord 268940055605805057): asurite='ampowe14' name='Alecsara Powell' fullName='Alecsara Powell' email='asmo15.aj@gmail.com' state='Arizona' country='United States' contactId='0036T00004fhLM0QAM' opportunities=[SalesforceOpportunity(stageName='Admitted', termCode='2267', career='Undergraduate', type='Transfer', internationalStudent=False, firstGeneration=False, enrollmentDepositPaid=None, enrollmentDepositStatus='Paid', collegeName='New Interdis Arts & Sciences', locationName='West Valley', collegeProgramCode='UGAS', programCode=None, createdDate='2024-06-28T17:03:35.000+0000', currentLocation='West Valley', academicPlanName='Biology BS', opportunityId='0066T00001Ehma8QAB', academicPlanCode='ASLSCBS', academicPlanId='a0Fd000000Ur6foEAB', accountId='0016T00003D63vNQAR', accountName='Alecsara Powell', applicationDate='2026-06-11', applicationNumber='03353233', closeDate='2026-09-11', collegeId='a0Dd000000XwmNbEAJ', contactId='0036T00004fhLM0QAM', contactEmplid='1235323117', contactName='Alecsara Powell', deferred=False, doNotCall=False, externalApplicationNumber='4489289', jointProgram=False, isClosed=False, isWon=False, lastModifiedDate='2026-07-08T10:47:53.000+0000', locationId='a0Gd000000F95vjEAB', militaryBenefits=False, name='Alecsara Powell - 03353233 - 2267', onlineDegree=False, ownerEmail='faqir@mainex1.asu.edu', ownerId='005d0000003QSHIAA4', ownerOrganizationName='School of Mathematical and Natural Sciences', ownerPhone='(602) 496-1174', ownerName='Suzie Kwan', primaryInterestId='701d0000001VutlAAC', primaryInterestName='Applied Biological Sciences (Preveterinary Medicine)', recordTypeId='012d0000000x3xxAAA', recordTypeName='Undergraduate Application', selfReportedTransferCreditHours=74, termId='a0Jd000000U7lzFEAR')] inState=True outOfState=False college='New College of Interdisciplinary Arts and Sciences' program='Biology BS' career='Undergraduate' admitType='Transfer' firstTimeFreshman=False transfer=True collegeProgramCode='UGAS' is_international=False international=False stateOfResidence='Arizona' enrollmentDepositPaid=True stageName='Admitted' current=False firstYear=False depositPaid=True campus='West Valley' locationName='West Valley' termCode='2267' selectedOpportunity=SalesforceOpportunity(stageName='Admitted', termCode='2267', career='Undergraduate', type='Transfer', internationalStudent=False, firstGeneration=False, enrollmentDepositPaid=None, enrollmentDepositStatus='Paid', collegeName='New Interdis Arts & Sciences', locationName='West Valley', collegeProgramCode='UGAS', programCode=None, createdDate='2024-06-28T17:03:35.000+0000', currentLocation='West Valley', academicPlanName='Biology BS', opportunityId='0066T00001Ehma8QAB', academicPlanCode='ASLSCBS', academicPlanId='a0Fd000000Ur6foEAB', accountId='0016T00003D63vNQAR', accountName='Alecsara Powell', applicationDate='2026-06-11', applicationNumber='03353233', closeDate='2026-09-11', collegeId='a0Dd000000XwmNbEAJ', contactId='0036T00004fhLM0QAM', contactEmplid='1235323117', contactName='Alecsara Powell', deferred=False, doNotCall=False, externalApplicationNumber='4489289', jointProgram=False, isClosed=False, isWon=False, lastModifiedDate='2026-07-08T10:47:53.000+0000', locationId='a0Gd000000F95vjEAB', militaryBenefits=False, name='Alecsara Powell - 03353233 - 2267', onlineDegree=False, ownerEmail='faqir@mainex1.asu.edu', ownerId='005d0000003QSHIAA4', ownerOrganizationName='School of Mathematical and Natural Sciences', ownerPhone='(602) 496-1174', ownerName='Suzie Kwan', primaryInterestId='701d0000001VutlAAC', primaryInterestName='Applied Biological Sciences (Preveterinary Medicine)', recordTypeId='012d0000000x3xxAAA', recordTypeName='Undergraduate Application', selfReportedTransferCreditHours=74, termId='a0Jd000000U7lzFEAR') type='Transfer'
Ignoring exception in on_member_update
Traceback (most recent call last):
  File "/usr/local/lib/python3.12/site-packages/discord/client.py", line 465, in _run_event
    await coro(*args, **kwargs)
  File "/app/asu_discord/cogs/analytics.py", line 652, in on_member_update
    before_timeout = before.timed_out_until
                     ^^^^^^^^^^^^^^^^^^^^^^
AttributeError: 'Member' object has no attribute 'timed_out_until'
Ignoring exception in on_member_update
Traceback (most recent call last):
  File "/usr/local/lib/python3.12/site-packages/discord/client.py", line 465, in _run_event
    await coro(*args, **kwargs)
  File "/app/asu_discord/cogs/analytics.py", line 652, in on_member_update
    before_timeout = before.timed_out_until
                     ^^^^^^^^^^^^^^^^^^^^^^
AttributeError: 'Member' object has no attribute 'timed_out_until'
Ignoring exception in on_member_update
Traceback (most recent call last):
  File "/usr/local/lib/python3.12/site-packages/discord/client.py", line 465, in _run_event
    await coro(*args, **kwargs)
  File "/app/asu_discord/cogs/analytics.py", line 652, in on_member_update
    before_timeout = before.timed_out_until
                     ^^^^^^^^^^^^^^^^^^^^^^
AttributeError: 'Member' object has no attribute 'timed_out_until'
Ignoring exception in on_member_update
Traceback (most recent call last):
  File "/usr/local/lib/python3.12/site-packages/discord/client.py", line 465, in _run_event
    await coro(*args, **kwargs)
  File "/app/asu_discord/cogs/analytics.py", line 652, in on_member_update
    before_timeout = before.timed_out_until
                     ^^^^^^^^^^^^^^^^^^^^^^
AttributeError: 'Member' object has no attribute 'timed_out_until'
Ignoring exception in on_member_update
Traceback (most recent call last):
  File "/usr/local/lib/python3.12/site-packages/discord/client.py", line 465, in _run_event
    await coro(*args, **kwargs)
  File "/app/asu_discord/cogs/analytics.py", line 652, in on_member_update
    before_timeout = before.timed_out_until
                     ^^^^^^^^^^^^^^^^^^^^^^
AttributeError: 'Member' object has no attribute 'timed_out_until'
INFO:asu_discord.cogs.verification:Assigned Salesforce-based roles [1333934478887882823, 1356257786563920023, 1187460740316151831, 1187164763189416078, 1282465131749576704] to Discord user 268940055605805057
INFO:asu_discord.cogs.verification:Saved 5 roles to database for user ampowe14 (Discord ID: 268940055605805057)
Ignoring exception in on_member_update
Traceback (most recent call last):
  File "/usr/local/lib/python3.12/site-packages/discord/client.py", line 465, in _run_event
    await coro(*args, **kwargs)
  File "/app/asu_discord/cogs/analytics.py", line 652, in on_member_update
    before_timeout = before.timed_out_until
                     ^^^^^^^^^^^^^^^^^^^^^^
AttributeError: 'Member' object has no attribute 'timed_out_until'
Ignoring exception in on_member_update
Traceback (most recent call last):
  File "/usr/local/lib/python3.12/site-packages/discord/client.py", line 465, in _run_event
    await coro(*args, **kwargs)
  File "/app/asu_discord/cogs/analytics.py", line 652, in on_member_update
    before_timeout = before.timed_out_until
                     ^^^^^^^^^^^^^^^^^^^^^^
AttributeError: 'Member' object has no attribute 'timed_out_until'
Ignoring exception in on_member_update
Traceback (most recent call last):
  File "/usr/local/lib/python3.12/site-packages/discord/client.py", line 465, in _run_event
    await coro(*args, **kwargs)
  File "/app/asu_discord/cogs/analytics.py", line 652, in on_member_update
    before_timeout = before.timed_out_until
                     ^^^^^^^^^^^^^^^^^^^^^^
AttributeError: 'Member' object has no attribute 'timed_out_until'
Ignoring exception in on_member_update
Traceback (most recent call last):
  File "/usr/local/lib/python3.12/site-packages/discord/client.py", line 465, in _run_event
    await coro(*args, **kwargs)
  File "/app/asu_discord/cogs/analytics.py", line 652, in on_member_update
    before_timeout = before.timed_out_until
                     ^^^^^^^^^^^^^^^^^^^^^^
AttributeError: 'Member' object has no attribute 'timed_out_until'
Ignoring exception in on_member_update
Traceback (most recent call last):
  File "/usr/local/lib/python3.12/site-packages/discord/client.py", line 465, in _run_event
    await coro(*args, **kwargs)
  File "/app/asu_discord/cogs/analytics.py", line 652, in on_member_update
    before_timeout = before.timed_out_until
                     ^^^^^^^^^^^^^^^^^^^^^^
AttributeError: 'Member' object has no attribute 'timed_out_until'
Ignoring exception in on_member_update
Traceback (most recent call last):
  File "/usr/local/lib/python3.12/site-packages/discord/client.py", line 465, in _run_event
    await coro(*args, **kwargs)
  File "/app/asu_discord/cogs/analytics.py", line 652, in on_member_update
    before_timeout = before.timed_out_until
                     ^^^^^^^^^^^^^^^^^^^^^^
AttributeError: 'Member' object has no attribute 'timed_out_until'
Ignoring exception in on_member_update
Traceback (most recent call last):
  File "/usr/local/lib/python3.12/site-packages/discord/client.py", line 465, in _run_event
    await coro(*args, **kwargs)
  File "/app/asu_discord/cogs/analytics.py", line 652, in on_member_update
    before_timeout = before.timed_out_until
                     ^^^^^^^^^^^^^^^^^^^^^^
AttributeError: 'Member' object has no attribute 'timed_out_until'
Ignoring exception in on_member_update
Traceback (most recent call last):
  File "/usr/local/lib/python3.12/site-packages/discord/client.py", line 465, in _run_event
    await coro(*args, **kwargs)
  File "/app/asu_discord/cogs/analytics.py", line 652, in on_member_update
    before_timeout = before.timed_out_until
                     ^^^^^^^^^^^^^^^^^^^^^^
AttributeError: 'Member' object has no attribute 'timed_out_until'
Ignoring exception in on_member_update
Traceback (most recent call last):
  File "/usr/local/lib/python3.12/site-packages/discord/client.py", line 465, in _run_event
    await coro(*args, **kwargs)
  File "/app/asu_discord/cogs/analytics.py", line 652, in on_member_update
    before_timeout = before.timed_out_until
                     ^^^^^^^^^^^^^^^^^^^^^^
AttributeError: 'Member' object has no attribute 'timed_out_until'
Ignoring exception in on_member_update
Traceback (most recent call last):
  File "/usr/local/lib/python3.12/site-packages/discord/client.py", line 465, in _run_event
    await coro(*args, **kwargs)
  File "/app/asu_discord/cogs/analytics.py", line 652, in on_member_update
    before_timeout = before.timed_out_until
                     ^^^^^^^^^^^^^^^^^^^^^^
AttributeError: 'Member' object has no attribute 'timed_out_until'
Ignoring exception in on_member_update
Traceback (most recent call last):
  File "/usr/local/lib/python3.12/site-packages/discord/client.py", line 465, in _run_event
    await coro(*args, **kwargs)
  File "/app/asu_discord/cogs/analytics.py", line 652, in on_member_update
    before_timeout = before.timed_out_until
                     ^^^^^^^^^^^^^^^^^^^^^^
AttributeError: 'Member' object has no attribute 'timed_out_until'
Ignoring exception in on_member_update
Traceback (most recent call last):
  File "/usr/local/lib/python3.12/site-packages/discord/client.py", line 465, in _run_event
    await coro(*args, **kwargs)
  File "/app/asu_discord/cogs/analytics.py", line 652, in on_member_update
    before_timeout = before.timed_out_until
                     ^^^^^^^^^^^^^^^^^^^^^^
AttributeError: 'Member' object has no attribute 'timed_out_until'
Ignoring exception in on_member_update
Traceback (most recent call last):
  File "/usr/local/lib/python3.12/site-packages/discord/client.py", line 465, in _run_event
    await coro(*args, **kwargs)
  File "/app/asu_discord/cogs/analytics.py", line 652, in on_member_update
    before_timeout = before.timed_out_until
                     ^^^^^^^^^^^^^^^^^^^^^^
AttributeError: 'Member' object has no attribute 'timed_out_until'
Ignoring exception in on_member_update
Traceback (most recent call last):
  File "/usr/local/lib/python3.12/site-packages/discord/client.py", line 465, in _run_event
    await coro(*args, **kwargs)
  File "/app/asu_discord/cogs/analytics.py", line 652, in on_member_update
    before_timeout = before.timed_out_until
                     ^^^^^^^^^^^^^^^^^^^^^^
AttributeError: 'Member' object has no attribute 'timed_out_until'
Ignoring exception in on_member_update
Traceback (most recent call last):
  File "/usr/local/lib/python3.12/site-packages/discord/client.py", line 465, in _run_event
    await coro(*args, **kwargs)
  File "/app/asu_discord/cogs/analytics.py", line 652, in on_member_update
    before_timeout = before.timed_out_until
                     ^^^^^^^^^^^^^^^^^^^^^^
AttributeError: 'Member' object has no attribute 'timed_out_until'
Ignoring exception in on_member_update
Traceback (most recent call last):
  File "/usr/local/lib/python3.12/site-packages/discord/client.py", line 465, in _run_event
    await coro(*args, **kwargs)
  File "/app/asu_discord/cogs/analytics.py", line 652, in on_member_update
    before_timeout = before.timed_out_until
                     ^^^^^^^^^^^^^^^^^^^^^^
AttributeError: 'Member' object has no attribute 'timed_out_until'
Ignoring exception in on_member_update
Traceback (most recent call last):
  File "/usr/local/lib/python3.12/site-packages/discord/client.py", line 465, in _run_event
    await coro(*args, **kwargs)
  File "/app/asu_discord/cogs/analytics.py", line 652, in on_member_update
    before_timeout = before.timed_out_until
                     ^^^^^^^^^^^^^^^^^^^^^^
AttributeError: 'Member' object has no attribute 'timed_out_until'
Ignoring exception in on_member_update
Traceback (most recent call last):
  File "/usr/local/lib/python3.12/site-packages/discord/client.py", line 465, in _run_event
    await coro(*args, **kwargs)
  File "/app/asu_discord/cogs/analytics.py", line 652, in on_member_update
    before_timeout = before.timed_out_until
                     ^^^^^^^^^^^^^^^^^^^^^^
AttributeError: 'Member' object has no attribute 'timed_out_until'
Ignoring exception in on_member_update
Traceback (most recent call last):
  File "/usr/local/lib/python3.12/site-packages/discord/client.py", line 465, in _run_event
    await coro(*args, **kwargs)
  File "/app/asu_discord/cogs/analytics.py", line 652, in on_member_update
    before_timeout = before.timed_out_until
                     ^^^^^^^^^^^^^^^^^^^^^^
AttributeError: 'Member' object has no attribute 'timed_out_until'
Ignoring exception in on_member_update
Traceback (most recent call last):
  File "/usr/local/lib/python3.12/site-packages/discord/client.py", line 465, in _run_event
    await coro(*args, **kwargs)
  File "/app/asu_discord/cogs/analytics.py", line 652, in on_member_update
    before_timeout = before.timed_out_until
                     ^^^^^^^^^^^^^^^^^^^^^^
AttributeError: 'Member' object has no attribute 'timed_out_until'
Ignoring exception in on_member_update
Traceback (most recent call last):
  File "/usr/local/lib/python3.12/site-packages/discord/client.py", line 465, in _run_event
    await coro(*args, **kwargs)
  File "/app/asu_discord/cogs/analytics.py", line 652, in on_member_update
    before_timeout = before.timed_out_until
                     ^^^^^^^^^^^^^^^^^^^^^^
AttributeError: 'Member' object has no attribute 'timed_out_until'
Ignoring exception in on_member_update
Traceback (most recent call last):
  File "/usr/local/lib/python3.12/site-packages/discord/client.py", line 465, in _run_event
    await coro(*args, **kwargs)
  File "/app/asu_discord/cogs/analytics.py", line 652, in on_member_update
    before_timeout = before.timed_out_until
                     ^^^^^^^^^^^^^^^^^^^^^^
AttributeError: 'Member' object has no attribute 'timed_out_until'
Ignoring exception in on_member_update
Traceback (most recent call last):
  File "/usr/local/lib/python3.12/site-packages/discord/client.py", line 465, in _run_event
    await coro(*args, **kwargs)
  File "/app/asu_discord/cogs/analytics.py", line 652, in on_member_update
    before_timeout = before.timed_out_until
                     ^^^^^^^^^^^^^^^^^^^^^^
AttributeError: 'Member' object has no attribute 'timed_out_until'
Ignoring exception in on_member_update
Traceback (most recent call last):
  File "/usr/local/lib/python3.12/site-packages/discord/client.py", line 465, in _run_event
    await coro(*args, **kwargs)
  File "/app/asu_discord/cogs/analytics.py", line 652, in on_member_update
    before_timeout = before.timed_out_until
                     ^^^^^^^^^^^^^^^^^^^^^^
AttributeError: 'Member' object has no attribute 'timed_out_until'
Ignoring exception in on_member_update
Traceback (most recent call last):
  File "/usr/local/lib/python3.12/site-packages/discord/client.py", line 465, in _run_event
    await coro(*args, **kwargs)
  File "/app/asu_discord/cogs/analytics.py", line 652, in on_member_update
    before_timeout = before.timed_out_until
                     ^^^^^^^^^^^^^^^^^^^^^^
AttributeError: 'Member' object has no attribute 'timed_out_until'
Ignoring exception in on_member_update
Traceback (most recent call last):
  File "/usr/local/lib/python3.12/site-packages/discord/client.py", line 465, in _run_event
    await coro(*args, **kwargs)
  File "/app/asu_discord/cogs/analytics.py", line 652, in on_member_update
    before_timeout = before.timed_out_until
                     ^^^^^^^^^^^^^^^^^^^^^^
AttributeError: 'Member' object has no attribute 'timed_out_until'
Ignoring exception in on_member_update
Traceback (most recent call last):
  File "/usr/local/lib/python3.12/site-packages/discord/client.py", line 465, in _run_event
    await coro(*args, **kwargs)
  File "/app/asu_discord/cogs/analytics.py", line 652, in on_member_update
    before_timeout = before.timed_out_until
                     ^^^^^^^^^^^^^^^^^^^^^^
AttributeError: 'Member' object has no attribute 'timed_out_until'
Ignoring exception in on_member_update
Traceback (most recent call last):
  File "/usr/local/lib/python3.12/site-packages/discord/client.py", line 465, in _run_event
    await coro(*args, **kwargs)
  File "/app/asu_discord/cogs/analytics.py", line 652, in on_member_update
    before_timeout = before.timed_out_until
                     ^^^^^^^^^^^^^^^^^^^^^^
AttributeError: 'Member' object has no attribute 'timed_out_until'
Ignoring exception in on_member_update
Traceback (most recent call last):
  File "/usr/local/lib/python3.12/site-packages/discord/client.py", line 465, in _run_event
    await coro(*args, **kwargs)
  File "/app/asu_discord/cogs/analytics.py", line 652, in on_member_update
    before_timeout = before.timed_out_until
                     ^^^^^^^^^^^^^^^^^^^^^^
AttributeError: 'Member' object has no attribute 'timed_out_until'
Ignoring exception in on_member_update
Traceback (most recent call last):
  File "/usr/local/lib/python3.12/site-packages/discord/client.py", line 465, in _run_event
    await coro(*args, **kwargs)
  File "/app/asu_discord/cogs/analytics.py", line 652, in on_member_update
    before_timeout = before.timed_out_until
                     ^^^^^^^^^^^^^^^^^^^^^^
AttributeError: 'Member' object has no attribute 'timed_out_until'
Ignoring exception in on_member_update
Traceback (most recent call last):
  File "/usr/local/lib/python3.12/site-packages/discord/client.py", line 465, in _run_event
    await coro(*args, **kwargs)
  File "/app/asu_discord/cogs/analytics.py", line 652, in on_member_update
    before_timeout = before.timed_out_until
                     ^^^^^^^^^^^^^^^^^^^^^^
AttributeError: 'Member' object has no attribute 'timed_out_until'
Ignoring exception in on_member_update
Traceback (most recent call last):
  File "/usr/local/lib/python3.12/site-packages/discord/client.py", line 465, in _run_event
    await coro(*args, **kwargs)
  File "/app/asu_discord/cogs/analytics.py", line 652, in on_member_update
    before_timeout = before.timed_out_until
                     ^^^^^^^^^^^^^^^^^^^^^^
AttributeError: 'Member' object has no attribute 'timed_out_until'
Ignoring exception in on_member_update
Traceback (most recent call last):
  File "/usr/local/lib/python3.12/site-packages/discord/client.py", line 465, in _run_event
    await coro(*args, **kwargs)
  File "/app/asu_discord/cogs/analytics.py", line 652, in on_member_update
    before_timeout = before.timed_out_until
                     ^^^^^^^^^^^^^^^^^^^^^^
AttributeError: 'Member' object has no attribute 'timed_out_until'
Ignoring exception in on_member_update
Traceback (most recent call last):
  File "/usr/local/lib/python3.12/site-packages/discord/client.py", line 465, in _run_event
    await coro(*args, **kwargs)
  File "/app/asu_discord/cogs/analytics.py", line 652, in on_member_update
    before_timeout = before.timed_out_until
                     ^^^^^^^^^^^^^^^^^^^^^^
AttributeError: 'Member' object has no attribute 'timed_out_until'
Ignoring exception in on_member_update
Traceback (most recent call last):
  File "/usr/local/lib/python3.12/site-packages/discord/client.py", line 465, in _run_event
    await coro(*args, **kwargs)
  File "/app/asu_discord/cogs/analytics.py", line 652, in on_member_update
    before_timeout = before.timed_out_until
                     ^^^^^^^^^^^^^^^^^^^^^^
AttributeError: 'Member' object has no attribute 'timed_out_until'
Ignoring exception in on_member_update
Traceback (most recent call last):
  File "/usr/local/lib/python3.12/site-packages/discord/client.py", line 465, in _run_event
    await coro(*args, **kwargs)
  File "/app/asu_discord/cogs/analytics.py", line 652, in on_member_update
    before_timeout = before.timed_out_until
                     ^^^^^^^^^^^^^^^^^^^^^^
AttributeError: 'Member' object has no attribute 'timed_out_until'
Ignoring exception in on_member_update
Traceback (most recent call last):
  File "/usr/local/lib/python3.12/site-packages/discord/client.py", line 465, in _run_event
    await coro(*args, **kwargs)
  File "/app/asu_discord/cogs/analytics.py", line 652, in on_member_update
    before_timeout = before.timed_out_until
                     ^^^^^^^^^^^^^^^^^^^^^^
AttributeError: 'Member' object has no attribute 'timed_out_until'
Ignoring exception in on_member_update
Traceback (most recent call last):
  File "/usr/local/lib/python3.12/site-packages/discord/client.py", line 465, in _run_event
    await coro(*args, **kwargs)
  File "/app/asu_discord/cogs/analytics.py", line 652, in on_member_update
    before_timeout = before.timed_out_until
                     ^^^^^^^^^^^^^^^^^^^^^^
AttributeError: 'Member' object has no attribute 'timed_out_until'
Ignoring exception in on_member_update
Traceback (most recent call last):
  File "/usr/local/lib/python3.12/site-packages/discord/client.py", line 465, in _run_event
    await coro(*args, **kwargs)
  File "/app/asu_discord/cogs/analytics.py", line 652, in on_member_update
    before_timeout = before.timed_out_until
                     ^^^^^^^^^^^^^^^^^^^^^^
AttributeError: 'Member' object has no attribute 'timed_out_until'
Ignoring exception in on_member_update
Traceback (most recent call last):
  File "/usr/local/lib/python3.12/site-packages/discord/client.py", line 465, in _run_event
    await coro(*args, **kwargs)
  File "/app/asu_discord/cogs/analytics.py", line 652, in on_member_update
    before_timeout = before.timed_out_until
                     ^^^^^^^^^^^^^^^^^^^^^^
AttributeError: 'Member' object has no attribute 'timed_out_until'
Ignoring exception in on_member_update
Traceback (most recent call last):
  File "/usr/local/lib/python3.12/site-packages/discord/client.py", line 465, in _run_event
    await coro(*args, **kwargs)
  File "/app/asu_discord/cogs/analytics.py", line 652, in on_member_update
    before_timeout = before.timed_out_until
                     ^^^^^^^^^^^^^^^^^^^^^^
AttributeError: 'Member' object has no attribute 'timed_out_until'
INFO:discord.client:Got a request to RESUME the websocket.
INFO:discord.gateway:Shard ID None has sent the RESUME payload.
INFO:discord.gateway:Shard ID None has successfully RESUMED session 6e3407fd591f617e4a33b69139a85b12 under trace ["gateway-prd-arm-us-east1-c-zrgx",{"micros":588,"calls":["id_created",{"micros":0,"calls":[]},"session_lookup_time",{"micros":251,"calls":[]},"session_lookup_finished",{"micros":8,"calls":[]},"sessions-prd-gcp-us-east1-b-23",{"micros":16}]}].
Ignoring exception in on_member_update
Traceback (most recent call last):
  File "/usr/local/lib/python3.12/site-packages/discord/client.py", line 465, in _run_event
    await coro(*args, **kwargs)
  File "/app/asu_discord/cogs/analytics.py", line 652, in on_member_update
    before_timeout = before.timed_out_until
                     ^^^^^^^^^^^^^^^^^^^^^^
AttributeError: 'Member' object has no attribute 'timed_out_until'
Ignoring exception in on_member_update
Traceback (most recent call last):
  File "/usr/local/lib/python3.12/site-packages/discord/client.py", line 465, in _run_event
    await coro(*args, **kwargs)
  File "/app/asu_discord/cogs/analytics.py", line 652, in on_member_update
    before_timeout = before.timed_out_until
                     ^^^^^^^^^^^^^^^^^^^^^^
AttributeError: 'Member' object has no attribute 'timed_out_until'
INFO:routes.cas:CAS response missing email; inferred arodr719@asu.edu
INFO:routes.cas:CAS response missing email; inferred arodr719@asu.edu
Ignoring exception in on_member_update
Traceback (most recent call last):
  File "/usr/local/lib/python3.12/site-packages/discord/client.py", line 465, in _run_event
    await coro(*args, **kwargs)
  File "/app/asu_discord/cogs/analytics.py", line 652, in on_member_update
    before_timeout = before.timed_out_until
                     ^^^^^^^^^^^^^^^^^^^^^^
AttributeError: 'Member' object has no attribute 'timed_out_until'
Ignoring exception in on_member_update
Traceback (most recent call last):
  File "/usr/local/lib/python3.12/site-packages/discord/client.py", line 465, in _run_event
    await coro(*args, **kwargs)
  File "/app/asu_discord/cogs/analytics.py", line 652, in on_member_update
    before_timeout = before.timed_out_until
                     ^^^^^^^^^^^^^^^^^^^^^^
AttributeError: 'Member' object has no attribute 'timed_out_until'
INFO:asu_discord.cogs.verification:Removed unverified role 1207441184218161182 from member 1524570121274790088
INFO:asu_discord.cogs.verification:Assigned verification role to Discord user 1524570121274790088 (ASURITE: arodr719)
INFO:routes.discord:Salesforce profile data for arodr719 (Discord 1524570121274790088): asurite='arodr719' name='Angeli Marieth Rodriguez Delgado' fullName='Angeli Marieth Rodriguez Delgado' email='angelimariethrodriguezdelgado@gmail.com' state=None country='Panama' contactId='003aJ00000JWOwrQAH' opportunities=[SalesforceOpportunity(stageName='Admitted - Deferred', termCode='2261', career='Undergraduate', type='First Time Freshman', internationalStudent=True, firstGeneration=False, enrollmentDepositPaid=None, enrollmentDepositStatus='Paid', collegeName='Ira A Fulton Engineering', locationName='Tempe', collegeProgramCode='UGES', programCode=None, createdDate='2025-09-08T14:40:35.000+0000', currentLocation='Tempe', academicPlanName='Aero Eng (Auto Vehicle Sys)', opportunityId='006aJ00000DPYNVQA5', academicPlanCode='ESAEAVSBSE', academicPlanId='a0Fd000000Ur6uCEAR', accountId='001aJ00000MraDLQAZ', accountName='Angeli Marieth Rodriguez Delgado', applicationDate='2025-09-04', applicationNumber='03137625', closeDate='2026-02-03', collegeId='a0Dd000000XwmNiEAJ', contactId='003aJ00000JWOwrQAH', contactEmplid='1240059317', contactName='Angeli Marieth Rodriguez Delgado', deferred=False, doNotCall=False, externalApplicationNumber='4449097', externalApplicationSource='Kaplan', housingStatus='Cancelled', jointProgram=False, isClosed=False, isWon=False, lastModifiedDate='2026-01-30T14:21:56.000+0000', leadSource='PeopleSoft', locationId='a0Gd000000F95viEAB', militaryBenefits=False, name='Angeli Marieth Rodriguez Delgado - 03137625 - 2261', onlineDegree=False, ownerEmail='laura.trakal@asu.edu', ownerId='0056T000009VzgJQAS', ownerOrganizationName='Mechanical and Aerospace Engineering Program', ownerName='Laura Trakal', recordTypeId='012d0000000x3xxAAA', recordTypeName='Undergraduate Application', selfReportedTransferCreditHours=0, termId='a0Jd000000U7lzEEAR'), SalesforceOpportunity(stageName='Admitted', termCode='2267', career='Undergraduate', type='First Time Freshman', internationalStudent=True, firstGeneration=False, enrollmentDepositPaid=None, enrollmentDepositStatus='Paid', collegeName='Ira A Fulton Engineering', locationName='Tempe', collegeProgramCode='UGES', programCode=None, createdDate='2025-12-18T10:44:42.000+0000', currentLocation='Tempe', academicPlanName='Aero Eng (Auto Vehicle Sys)', opportunityId='006aJ00000IVnGhQAL', academicPlanCode='ESAEAVSBSE', academicPlanId='a0Fd000000Ur6uCEAR', accountId='001aJ00000MraDLQAZ', accountName='Angeli Marieth Rodriguez Delgado', applicationDate='2025-09-04', applicationNumber='03137625', closeDate='2026-09-11', collegeId='a0Dd000000XwmNiEAJ', contactId='003aJ00000JWOwrQAH', contactEmplid='1240059317', contactName='Angeli Marieth Rodriguez Delgado', deferred=True, doNotCall=False, externalApplicationNumber='4449097', externalApplicationSource='Kaplan', housingStatus='Signed Contract', jointProgram=False, isClosed=False, isWon=False, lastModifiedDate='2026-07-08T11:53:04.000+0000', leadSource='PeopleSoft', locationId='a0Gd000000F95viEAB', militaryBenefits=False, name='Angeli Marieth Rodriguez Delgado - 03137625 - 2267', onlineDegree=False, orientationStatus='Registered', ownerEmail='laura.trakal@asu.edu', ownerId='0056T000009VzgJQAS', ownerOrganizationName='Mechanical and Aerospace Engineering Program', ownerName='Laura Trakal', recordTypeId='012d0000000x3xxAAA', recordTypeName='Undergraduate Application', selfReportedTransferCreditHours=0, termId='a0Jd000000U7lzFEAR')] inState=False outOfState=False college='Ira A. Fulton Schools of Engineering' program='Aero Eng (Auto Vehicle Sys)' career='Undergraduate' admitType='First Time Freshman' firstTimeFreshman=True transfer=False collegeProgramCode='UGES' is_international=True international=True stateOfResidence=None enrollmentDepositPaid=True stageName='Admitted' current=False firstYear=True depositPaid=True campus='Tempe' locationName='Tempe' termCode='2267' selectedOpportunity=SalesforceOpportunity(stageName='Admitted', termCode='2267', career='Undergraduate', type='First Time Freshman', internationalStudent=True, firstGeneration=False, enrollmentDepositPaid=None, enrollmentDepositStatus='Paid', collegeName='Ira A Fulton Engineering', locationName='Tempe', collegeProgramCode='UGES', programCode=None, createdDate='2025-12-18T10:44:42.000+0000', currentLocation='Tempe', academicPlanName='Aero Eng (Auto Vehicle Sys)', opportunityId='006aJ00000IVnGhQAL', academicPlanCode='ESAEAVSBSE', academicPlanId='a0Fd000000Ur6uCEAR', accountId='001aJ00000MraDLQAZ', accountName='Angeli Marieth Rodriguez Delgado', applicationDate='2025-09-04', applicationNumber='03137625', closeDate='2026-09-11', collegeId='a0Dd000000XwmNiEAJ', contactId='003aJ00000JWOwrQAH', contactEmplid='1240059317', contactName='Angeli Marieth Rodriguez Delgado', deferred=True, doNotCall=False, externalApplicationNumber='4449097', externalApplicationSource='Kaplan', housingStatus='Signed Contract', jointProgram=False, isClosed=False, isWon=False, lastModifiedDate='2026-07-08T11:53:04.000+0000', leadSource='PeopleSoft', locationId='a0Gd000000F95viEAB', militaryBenefits=False, name='Angeli Marieth Rodriguez Delgado - 03137625 - 2267', onlineDegree=False, orientationStatus='Registered', ownerEmail='laura.trakal@asu.edu', ownerId='0056T000009VzgJQAS', ownerOrganizationName='Mechanical and Aerospace Engineering Program', ownerName='Laura Trakal', recordTypeId='012d0000000x3xxAAA', recordTypeName='Undergraduate Application', selfReportedTransferCreditHours=0, termId='a0Jd000000U7lzFEAR') type='First Time Freshman'
Ignoring exception in on_member_update
Traceback (most recent call last):
  File "/usr/local/lib/python3.12/site-packages/discord/client.py", line 465, in _run_event
    await coro(*args, **kwargs)
  File "/app/asu_discord/cogs/analytics.py", line 652, in on_member_update
    before_timeout = before.timed_out_until
                     ^^^^^^^^^^^^^^^^^^^^^^
AttributeError: 'Member' object has no attribute 'timed_out_until'
Ignoring exception in on_member_update
Traceback (most recent call last):
  File "/usr/local/lib/python3.12/site-packages/discord/client.py", line 465, in _run_event
    await coro(*args, **kwargs)
  File "/app/asu_discord/cogs/analytics.py", line 652, in on_member_update
    before_timeout = before.timed_out_until
                     ^^^^^^^^^^^^^^^^^^^^^^
AttributeError: 'Member' object has no attribute 'timed_out_until'
Ignoring exception in on_member_update
Traceback (most recent call last):
  File "/usr/local/lib/python3.12/site-packages/discord/client.py", line 465, in _run_event
    await coro(*args, **kwargs)
  File "/app/asu_discord/cogs/analytics.py", line 652, in on_member_update
    before_timeout = before.timed_out_until
                     ^^^^^^^^^^^^^^^^^^^^^^
AttributeError: 'Member' object has no attribute 'timed_out_until'
Ignoring exception in on_member_update
Traceback (most recent call last):
  File "/usr/local/lib/python3.12/site-packages/discord/client.py", line 465, in _run_event
    await coro(*args, **kwargs)
  File "/app/asu_discord/cogs/analytics.py", line 652, in on_member_update
    before_timeout = before.timed_out_until
                     ^^^^^^^^^^^^^^^^^^^^^^
AttributeError: 'Member' object has no attribute 'timed_out_until'
Ignoring exception in on_member_update
Traceback (most recent call last):
  File "/usr/local/lib/python3.12/site-packages/discord/client.py", line 465, in _run_event
    await coro(*args, **kwargs)
  File "/app/asu_discord/cogs/analytics.py", line 652, in on_member_update
    before_timeout = before.timed_out_until
                     ^^^^^^^^^^^^^^^^^^^^^^
AttributeError: 'Member' object has no attribute 'timed_out_until'
INFO:asu_discord.cogs.verification:Assigned Salesforce-based roles [1356257786563920023, 1187164746454138900, 1187457897966338129, 1187460517422444676, 1282464973255348366] to Discord user 1524570121274790088
INFO:asu_discord.cogs.verification:Saved 5 roles to database for user arodr719 (Discord ID: 1524570121274790088)
Ignoring exception in on_member_update
Traceback (most recent call last):
  File "/usr/local/lib/python3.12/site-packages/discord/client.py", line 465, in _run_event
    await coro(*args, **kwargs)
  File "/app/asu_discord/cogs/analytics.py", line 652, in on_member_update
    before_timeout = before.timed_out_until
                     ^^^^^^^^^^^^^^^^^^^^^^
AttributeError: 'Member' object has no attribute 'timed_out_until'
Ignoring exception in on_member_update
Traceback (most recent call last):
  File "/usr/local/lib/python3.12/site-packages/discord/client.py", line 465, in _run_event
    await coro(*args, **kwargs)
  File "/app/asu_discord/cogs/analytics.py", line 652, in on_member_update
    before_timeout = before.timed_out_until
                     ^^^^^^^^^^^^^^^^^^^^^^
AttributeError: 'Member' object has no attribute 'timed_out_until'
Ignoring exception in on_member_update
Traceback (most recent call last):
  File "/usr/local/lib/python3.12/site-packages/discord/client.py", line 465, in _run_event
    await coro(*args, **kwargs)
  File "/app/asu_discord/cogs/analytics.py", line 652, in on_member_update
    before_timeout = before.timed_out_until
                     ^^^^^^^^^^^^^^^^^^^^^^
AttributeError: 'Member' object has no attribute 'timed_out_until'
Ignoring exception in on_member_update
Traceback (most recent call last):
  File "/usr/local/lib/python3.12/site-packages/discord/client.py", line 465, in _run_event
    await coro(*args, **kwargs)
  File "/app/asu_discord/cogs/analytics.py", line 652, in on_member_update
    before_timeout = before.timed_out_until
                     ^^^^^^^^^^^^^^^^^^^^^^
AttributeError: 'Member' object has no attribute 'timed_out_until'
Ignoring exception in on_member_update
Traceback (most recent call last):
  File "/usr/local/lib/python3.12/site-packages/discord/client.py", line 465, in _run_event
    await coro(*args, **kwargs)
  File "/app/asu_discord/cogs/analytics.py", line 652, in on_member_update
    before_timeout = before.timed_out_until
                     ^^^^^^^^^^^^^^^^^^^^^^
AttributeError: 'Member' object has no attribute 'timed_out_until'
Ignoring exception in on_member_update
Traceback (most recent call last):
  File "/usr/local/lib/python3.12/site-packages/discord/client.py", line 465, in _run_event
    await coro(*args, **kwargs)
  File "/app/asu_discord/cogs/analytics.py", line 652, in on_member_update
    before_timeout = before.timed_out_until
                     ^^^^^^^^^^^^^^^^^^^^^^
AttributeError: 'Member' object has no attribute 'timed_out_until'
Ignoring exception in on_member_update
Traceback (most recent call last):
  File "/usr/local/lib/python3.12/site-packages/discord/client.py", line 465, in _run_event
    await coro(*args, **kwargs)
  File "/app/asu_discord/cogs/analytics.py", line 652, in on_member_update
    before_timeout = before.timed_out_until
                     ^^^^^^^^^^^^^^^^^^^^^^
AttributeError: 'Member' object has no attribute 'timed_out_until'
Ignoring exception in on_member_update
Traceback (most recent call last):
  File "/usr/local/lib/python3.12/site-packages/discord/client.py", line 465, in _run_event
    await coro(*args, **kwargs)
  File "/app/asu_discord/cogs/analytics.py", line 652, in on_member_update
    before_timeout = before.timed_out_until
                     ^^^^^^^^^^^^^^^^^^^^^^
AttributeError: 'Member' object has no attribute 'timed_out_until'
INFO:discord.client:Got a request to RESUME the websocket.
INFO:discord.gateway:Shard ID None has sent the RESUME payload.
INFO:discord.gateway:Shard ID None has successfully RESUMED session 6e3407fd591f617e4a33b69139a85b12 under trace ["gateway-prd-arm-us-east1-b-nrtf",{"micros":4214,"calls":["id_created",{"micros":0,"calls":[]},"session_lookup_time",{"micros":209,"calls":[]},"session_lookup_finished",{"micros":9,"calls":[]},"sessions-prd-gcp-us-east1-b-23",{"micros":18}]}].
Ignoring exception in on_member_update
Traceback (most recent call last):
  File "/usr/local/lib/python3.12/site-packages/discord/client.py", line 465, in _run_event
    await coro(*args, **kwargs)
  File "/app/asu_discord/cogs/analytics.py", line 652, in on_member_update
    before_timeout = before.timed_out_until
                     ^^^^^^^^^^^^^^^^^^^^^^
AttributeError: 'Member' object has no attribute 'timed_out_until'
Ignoring exception in on_member_update
Traceback (most recent call last):
  File "/usr/local/lib/python3.12/site-packages/discord/client.py", line 465, in _run_event
    await coro(*args, **kwargs)
  File "/app/asu_discord/cogs/analytics.py", line 652, in on_member_update
    before_timeout = before.timed_out_until
                     ^^^^^^^^^^^^^^^^^^^^^^
AttributeError: 'Member' object has no attribute 'timed_out_until'
Ignoring exception in on_member_update
Traceback (most recent call last):
  File "/usr/local/lib/python3.12/site-packages/discord/client.py", line 465, in _run_event
    await coro(*args, **kwargs)
  File "/app/asu_discord/cogs/analytics.py", line 652, in on_member_update
    before_timeout = before.timed_out_until
                     ^^^^^^^^^^^^^^^^^^^^^^
AttributeError: 'Member' object has no attribute 'timed_out_until'
Ignoring exception in on_member_update
Traceback (most recent call last):
  File "/usr/local/lib/python3.12/site-packages/discord/client.py", line 465, in _run_event
    await coro(*args, **kwargs)
  File "/app/asu_discord/cogs/analytics.py", line 652, in on_member_update
    before_timeout = before.timed_out_until
                     ^^^^^^^^^^^^^^^^^^^^^^
AttributeError: 'Member' object has no attribute 'timed_out_until'
Ignoring exception in on_member_update
Traceback (most recent call last):
  File "/usr/local/lib/python3.12/site-packages/discord/client.py", line 465, in _run_event
    await coro(*args, **kwargs)
  File "/app/asu_discord/cogs/analytics.py", line 652, in on_member_update
    before_timeout = before.timed_out_until
                     ^^^^^^^^^^^^^^^^^^^^^^
AttributeError: 'Member' object has no attribute 'timed_out_until'
Ignoring exception in on_member_update
Traceback (most recent call last):
  File "/usr/local/lib/python3.12/site-packages/discord/client.py", line 465, in _run_event
    await coro(*args, **kwargs)
  File "/app/asu_discord/cogs/analytics.py", line 652, in on_member_update
    before_timeout = before.timed_out_until
                     ^^^^^^^^^^^^^^^^^^^^^^
AttributeError: 'Member' object has no attribute 'timed_out_until'
INFO:routes.cas:CAS response missing email; inferred tkang126@asu.edu
Ignoring exception in on_member_update
Traceback (most recent call last):
  File "/usr/local/lib/python3.12/site-packages/discord/client.py", line 465, in _run_event
    await coro(*args, **kwargs)
  File "/app/asu_discord/cogs/analytics.py", line 652, in on_member_update
    before_timeout = before.timed_out_until
                     ^^^^^^^^^^^^^^^^^^^^^^
AttributeError: 'Member' object has no attribute 'timed_out_until'
Ignoring exception in on_member_update
Traceback (most recent call last):
  File "/usr/local/lib/python3.12/site-packages/discord/client.py", line 465, in _run_event
    await coro(*args, **kwargs)
  File "/app/asu_discord/cogs/analytics.py", line 652, in on_member_update
    before_timeout = before.timed_out_until
                     ^^^^^^^^^^^^^^^^^^^^^^
AttributeError: 'Member' object has no attribute 'timed_out_until'
Ignoring exception in on_member_update
Traceback (most recent call last):
  File "/usr/local/lib/python3.12/site-packages/discord/client.py", line 465, in _run_event
    await coro(*args, **kwargs)
  File "/app/asu_discord/cogs/analytics.py", line 652, in on_member_update
    before_timeout = before.timed_out_until
                     ^^^^^^^^^^^^^^^^^^^^^^
AttributeError: 'Member' object has no attribute 'timed_out_until'
Ignoring exception in on_member_update
Traceback (most recent call last):
  File "/usr/local/lib/python3.12/site-packages/discord/client.py", line 465, in _run_event
    await coro(*args, **kwargs)
  File "/app/asu_discord/cogs/analytics.py", line 652, in on_member_update
    before_timeout = before.timed_out_until
                     ^^^^^^^^^^^^^^^^^^^^^^
AttributeError: 'Member' object has no attribute 'timed_out_until'
Ignoring exception in on_member_update
Traceback (most recent call last):
  File "/usr/local/lib/python3.12/site-packages/discord/client.py", line 465, in _run_event
    await coro(*args, **kwargs)
  File "/app/asu_discord/cogs/analytics.py", line 652, in on_member_update
    before_timeout = before.timed_out_until
                     ^^^^^^^^^^^^^^^^^^^^^^
AttributeError: 'Member' object has no attribute 'timed_out_until'
INFO:asu_discord.cogs.verification:Removed unverified role 1207441184218161182 from member 1524603482579931239
INFO:asu_discord.cogs.verification:Assigned verification role to Discord user 1524603482579931239 (ASURITE: tkang126)
INFO:routes.discord:Salesforce profile data for tkang126 (Discord 1524603482579931239): asurite='tkang126' name='Taein Kang' fullName='Taein Kang' email='kangt1121@gmail.com' state=None country='South Korea' contactId='003aJ00000eIegqQAC' opportunities=[SalesforceOpportunity(stageName='Admitted', termCode='2267', career='Undergraduate', type='Transfer', internationalStudent=True, firstGeneration=True, enrollmentDepositPaid=None, enrollmentDepositStatus='Paid', collegeName='W. P. Carey School of Business', locationName='Tempe', collegeProgramCode='UGBA', programCode=None, createdDate='2026-05-05T12:04:13.000+0000', currentLocation='Tempe', academicPlanName='Accountancy', opportunityId='006aJ00000PVESYQA5', academicPlanCode='BAACCBS', academicPlanId='a0Fd000000Ur6gaEAB', accountId='001aJ00000khIfOQAU', accountName='Taein Kang', applicationDate='2026-05-03', applicationNumber='03333095', closeDate='2026-09-11', collegeId='a0Dd000000XwmNcEAJ', contactId='003aJ00000eIegqQAC', contactEmplid='1242722172', contactName='Taein Kang', deferred=False, doNotCall=False, externalApplicationNumber='8048686768', externalApplicationSource='Common App Transfer', housingStatus='Signed Contract', jointProgram=False, isClosed=False, isWon=False, lastModifiedDate='2026-07-08T11:53:35.000+0000', leadSource='PeopleSoft', locationId='a0Gd000000F95viEAB', militaryBenefits=False, name='Taein Kang - 03333095 - 2267', onlineDegree=False, ownerEmail='hyein.lee@asu.edu', ownerId='0056T000009K0vRQAS', ownerOrganizationName='Department of Information Systems', ownerPhone='(480) 884-2731', ownerName='Hyein Lee', recordTypeId='012d0000000x3xxAAA', recordTypeName='Undergraduate Application', selfReportedTransferCreditHours=88, termId='a0Jd000000U7lzFEAR')] inState=False outOfState=False college='W.P. Carey School of Business' program='Accountancy' career='Undergraduate' admitType='Transfer' firstTimeFreshman=False transfer=True collegeProgramCode='UGBA' is_international=True international=True stateOfResidence=None enrollmentDepositPaid=True stageName='Admitted' current=False firstYear=False depositPaid=True campus='Tempe' locationName='Tempe' termCode='2267' selectedOpportunity=SalesforceOpportunity(stageName='Admitted', termCode='2267', career='Undergraduate', type='Transfer', internationalStudent=True, firstGeneration=True, enrollmentDepositPaid=None, enrollmentDepositStatus='Paid', collegeName='W. P. Carey School of Business', locationName='Tempe', collegeProgramCode='UGBA', programCode=None, createdDate='2026-05-05T12:04:13.000+0000', currentLocation='Tempe', academicPlanName='Accountancy', opportunityId='006aJ00000PVESYQA5', academicPlanCode='BAACCBS', academicPlanId='a0Fd000000Ur6gaEAB', accountId='001aJ00000khIfOQAU', accountName='Taein Kang', applicationDate='2026-05-03', applicationNumber='03333095', closeDate='2026-09-11', collegeId='a0Dd000000XwmNcEAJ', contactId='003aJ00000eIegqQAC', contactEmplid='1242722172', contactName='Taein Kang', deferred=False, doNotCall=False, externalApplicationNumber='8048686768', externalApplicationSource='Common App Transfer', housingStatus='Signed Contract', jointProgram=False, isClosed=False, isWon=False, lastModifiedDate='2026-07-08T11:53:35.000+0000', leadSource='PeopleSoft', locationId='a0Gd000000F95viEAB', militaryBenefits=False, name='Taein Kang - 03333095 - 2267', onlineDegree=False, ownerEmail='hyein.lee@asu.edu', ownerId='0056T000009K0vRQAS', ownerOrganizationName='Department of Information Systems', ownerPhone='(480) 884-2731', ownerName='Hyein Lee', recordTypeId='012d0000000x3xxAAA', recordTypeName='Undergraduate Application', selfReportedTransferCreditHours=88, termId='a0Jd000000U7lzFEAR') type='Transfer'
Ignoring exception in on_member_update
Traceback (most recent call last):
  File "/usr/local/lib/python3.12/site-packages/discord/client.py", line 465, in _run_event
    await coro(*args, **kwargs)
  File "/app/asu_discord/cogs/analytics.py", line 652, in on_member_update
    before_timeout = before.timed_out_until
                     ^^^^^^^^^^^^^^^^^^^^^^
AttributeError: 'Member' object has no attribute 'timed_out_until'
Ignoring exception in on_member_update
Traceback (most recent call last):
  File "/usr/local/lib/python3.12/site-packages/discord/client.py", line 465, in _run_event
    await coro(*args, **kwargs)
  File "/app/asu_discord/cogs/analytics.py", line 652, in on_member_update
    before_timeout = before.timed_out_until
                     ^^^^^^^^^^^^^^^^^^^^^^
AttributeError: 'Member' object has no attribute 'timed_out_until'
Ignoring exception in on_member_update
Traceback (most recent call last):
  File "/usr/local/lib/python3.12/site-packages/discord/client.py", line 465, in _run_event
    await coro(*args, **kwargs)
  File "/app/asu_discord/cogs/analytics.py", line 652, in on_member_update
    before_timeout = before.timed_out_until
                     ^^^^^^^^^^^^^^^^^^^^^^
AttributeError: 'Member' object has no attribute 'timed_out_until'
Ignoring exception in on_member_update
Traceback (most recent call last):
  File "/usr/local/lib/python3.12/site-packages/discord/client.py", line 465, in _run_event
    await coro(*args, **kwargs)
  File "/app/asu_discord/cogs/analytics.py", line 652, in on_member_update
    before_timeout = before.timed_out_until
                     ^^^^^^^^^^^^^^^^^^^^^^
AttributeError: 'Member' object has no attribute 'timed_out_until'
Ignoring exception in on_member_update
Traceback (most recent call last):
  File "/usr/local/lib/python3.12/site-packages/discord/client.py", line 465, in _run_event
    await coro(*args, **kwargs)
  File "/app/asu_discord/cogs/analytics.py", line 652, in on_member_update
    before_timeout = before.timed_out_until
                     ^^^^^^^^^^^^^^^^^^^^^^
AttributeError: 'Member' object has no attribute 'timed_out_until'
Ignoring exception in on_member_update
Traceback (most recent call last):
  File "/usr/local/lib/python3.12/site-packages/discord/client.py", line 465, in _run_event
    await coro(*args, **kwargs)
  File "/app/asu_discord/cogs/analytics.py", line 652, in on_member_update
    before_timeout = before.timed_out_until
                     ^^^^^^^^^^^^^^^^^^^^^^
AttributeError: 'Member' object has no attribute 'timed_out_until'
INFO:asu_discord.cogs.verification:Assigned Salesforce-based roles [1356257786563920023, 1210322592544596030, 1187457897966338129, 1282464973255348366, 1187164763189416078, 1187461362356605039] to Discord user 1524603482579931239
INFO:asu_discord.cogs.verification:Saved 6 roles to database for user tkang126 (Discord ID: 1524603482579931239)
Ignoring exception in on_member_update
Traceback (most recent call last):
  File "/usr/local/lib/python3.12/site-packages/discord/client.py", line 465, in _run_event
    await coro(*args, **kwargs)
  File "/app/asu_discord/cogs/analytics.py", line 652, in on_member_update
    before_timeout = before.timed_out_until
                     ^^^^^^^^^^^^^^^^^^^^^^
AttributeError: 'Member' object has no attribute 'timed_out_until'
Ignoring exception in on_member_update
Traceback (most recent call last):
  File "/usr/local/lib/python3.12/site-packages/discord/client.py", line 465, in _run_event
    await coro(*args, **kwargs)
  File "/app/asu_discord/cogs/analytics.py", line 652, in on_member_update
    before_timeout = before.timed_out_until
                     ^^^^^^^^^^^^^^^^^^^^^^
AttributeError: 'Member' object has no attribute 'timed_out_until'
Ignoring exception in on_member_update
Traceback (most recent call last):
  File "/usr/local/lib/python3.12/site-packages/discord/client.py", line 465, in _run_event
    await coro(*args, **kwargs)
  File "/app/asu_discord/cogs/analytics.py", line 652, in on_member_update
    before_timeout = before.timed_out_until
                     ^^^^^^^^^^^^^^^^^^^^^^
AttributeError: 'Member' object has no attribute 'timed_out_until'
Ignoring exception in on_member_update
Traceback (most recent call last):
  File "/usr/local/lib/python3.12/site-packages/discord/client.py", line 465, in _run_event
    await coro(*args, **kwargs)
  File "/app/asu_discord/cogs/analytics.py", line 652, in on_member_update
    before_timeout = before.timed_out_until
                     ^^^^^^^^^^^^^^^^^^^^^^
AttributeError: 'Member' object has no attribute 'timed_out_until'
Ignoring exception in on_member_update
Traceback (most recent call last):
  File "/usr/local/lib/python3.12/site-packages/discord/client.py", line 465, in _run_event
    await coro(*args, **kwargs)
  File "/app/asu_discord/cogs/analytics.py", line 652, in on_member_update
    before_timeout = before.timed_out_until
                     ^^^^^^^^^^^^^^^^^^^^^^
AttributeError: 'Member' object has no attribute 'timed_out_until'
Ignoring exception in on_member_update
Traceback (most recent call last):
  File "/usr/local/lib/python3.12/site-packages/discord/client.py", line 465, in _run_event
    await coro(*args, **kwargs)
  File "/app/asu_discord/cogs/analytics.py", line 652, in on_member_update
    before_timeout = before.timed_out_until
                     ^^^^^^^^^^^^^^^^^^^^^^
AttributeError: 'Member' object has no attribute 'timed_out_until'
Ignoring exception in on_member_update
Traceback (most recent call last):
  File "/usr/local/lib/python3.12/site-packages/discord/client.py", line 465, in _run_event
    await coro(*args, **kwargs)
  File "/app/asu_discord/cogs/analytics.py", line 652, in on_member_update
    before_timeout = before.timed_out_until
                     ^^^^^^^^^^^^^^^^^^^^^^
AttributeError: 'Member' object has no attribute 'timed_out_until'
INFO:discord.client:Got a request to RESUME the websocket.
INFO:discord.gateway:Shard ID None has sent the RESUME payload.
INFO:discord.gateway:Shard ID None has successfully RESUMED session 6e3407fd591f617e4a33b69139a85b12 under trace ["gateway-prd-arm-us-east1-b-w48s",{"micros":1476,"calls":["id_created",{"micros":0,"calls":[]},"session_lookup_time",{"micros":1275,"calls":[]},"session_lookup_finished",{"micros":10,"calls":[]},"sessions-prd-gcp-us-east1-b-23",{"micros":15}]}].
Ignoring exception in on_member_update
Traceback (most recent call last):
  File "/usr/local/lib/python3.12/site-packages/discord/client.py", line 465, in _run_event
    await coro(*args, **kwargs)
  File "/app/asu_discord/cogs/analytics.py", line 652, in on_member_update
    before_timeout = before.timed_out_until
                     ^^^^^^^^^^^^^^^^^^^^^^
AttributeError: 'Member' object has no attribute 'timed_out_until'
Ignoring exception in on_member_update
Traceback (most recent call last):
  File "/usr/local/lib/python3.12/site-packages/discord/client.py", line 465, in _run_event
    await coro(*args, **kwargs)
  File "/app/asu_discord/cogs/analytics.py", line 652, in on_member_update
    before_timeout = before.timed_out_until
                     ^^^^^^^^^^^^^^^^^^^^^^
AttributeError: 'Member' object has no attribute 'timed_out_until'
Ignoring exception in on_member_update
Traceback (most recent call last):
  File "/usr/local/lib/python3.12/site-packages/discord/client.py", line 465, in _run_event
    await coro(*args, **kwargs)
  File "/app/asu_discord/cogs/analytics.py", line 652, in on_member_update
    before_timeout = before.timed_out_until
                     ^^^^^^^^^^^^^^^^^^^^^^
AttributeError: 'Member' object has no attribute 'timed_out_until'
Ignoring exception in on_member_update
Traceback (most recent call last):
  File "/usr/local/lib/python3.12/site-packages/discord/client.py", line 465, in _run_event
    await coro(*args, **kwargs)
  File "/app/asu_discord/cogs/analytics.py", line 652, in on_member_update
    before_timeout = before.timed_out_until
                     ^^^^^^^^^^^^^^^^^^^^^^
AttributeError: 'Member' object has no attribute 'timed_out_until'
Ignoring exception in on_member_update
Traceback (most recent call last):
  File "/usr/local/lib/python3.12/site-packages/discord/client.py", line 465, in _run_event
    await coro(*args, **kwargs)
  File "/app/asu_discord/cogs/analytics.py", line 652, in on_member_update
    before_timeout = before.timed_out_until
                     ^^^^^^^^^^^^^^^^^^^^^^
AttributeError: 'Member' object has no attribute 'timed_out_until'
Ignoring exception in on_member_update
Traceback (most recent call last):
  File "/usr/local/lib/python3.12/site-packages/discord/client.py", line 465, in _run_event
    await coro(*args, **kwargs)
  File "/app/asu_discord/cogs/analytics.py", line 652, in on_member_update
    before_timeout = before.timed_out_until
                     ^^^^^^^^^^^^^^^^^^^^^^
AttributeError: 'Member' object has no attribute 'timed_out_until'
Ignoring exception in on_member_update
Traceback (most recent call last):
  File "/usr/local/lib/python3.12/site-packages/discord/client.py", line 465, in _run_event
    await coro(*args, **kwargs)
  File "/app/asu_discord/cogs/analytics.py", line 652, in on_member_update
    before_timeout = before.timed_out_until
                     ^^^^^^^^^^^^^^^^^^^^^^
AttributeError: 'Member' object has no attribute 'timed_out_until'
Ignoring exception in on_member_update
Traceback (most recent call last):
  File "/usr/local/lib/python3.12/site-packages/discord/client.py", line 465, in _run_event
    await coro(*args, **kwargs)
  File "/app/asu_discord/cogs/analytics.py", line 652, in on_member_update
    before_timeout = before.timed_out_until
                     ^^^^^^^^^^^^^^^^^^^^^^
AttributeError: 'Member' object has no attribute 'timed_out_until'
Ignoring exception in on_member_update
Traceback (most recent call last):
  File "/usr/local/lib/python3.12/site-packages/discord/client.py", line 465, in _run_event
    await coro(*args, **kwargs)
  File "/app/asu_discord/cogs/analytics.py", line 652, in on_member_update
    before_timeout = before.timed_out_until
                     ^^^^^^^^^^^^^^^^^^^^^^
AttributeError: 'Member' object has no attribute 'timed_out_until'
Ignoring exception in on_member_update
Traceback (most recent call last):
  File "/usr/local/lib/python3.12/site-packages/discord/client.py", line 465, in _run_event
    await coro(*args, **kwargs)
  File "/app/asu_discord/cogs/analytics.py", line 652, in on_member_update
    before_timeout = before.timed_out_until
                     ^^^^^^^^^^^^^^^^^^^^^^
AttributeError: 'Member' object has no attribute 'timed_out_until'
INFO:routes.cas:CAS response missing email; inferred dhubbart@asu.edu
INFO:routes.cas:CAS response missing email; inferred dhubbart@asu.edu
ERROR:routes.discord:Discord OAuth state mismatch: expected=None received=NP2RR2lcyhtPWvthhjI7TC-vJ5xFtMmGXzGV90DvdYQ
INFO:routes.cas:CAS response missing email; inferred dhubbart@asu.edu
INFO:routes.cas:CAS response missing email; inferred dhubbart@asu.edu
INFO:routes.cas:CAS response missing email; inferred dhubbart@asu.edu
ERROR:routes.discord:Discord OAuth state mismatch: expected=None received=5vgxBcAuwT0pPKr9XBuORj79750_8leHZd14JYt3Aeg
INFO:routes.cas:CAS response missing email; inferred dhubbart@asu.edu
INFO:routes.cas:CAS response missing email; inferred dhubbart@asu.edu
Ignoring exception in on_member_update
Traceback (most recent call last):
  File "/usr/local/lib/python3.12/site-packages/discord/client.py", line 465, in _run_event
    await coro(*args, **kwargs)
  File "/app/asu_discord/cogs/analytics.py", line 652, in on_member_update
    before_timeout = before.timed_out_until
                     ^^^^^^^^^^^^^^^^^^^^^^
AttributeError: 'Member' object has no attribute 'timed_out_until'
ERROR:routes.discord:Discord OAuth state mismatch: expected=None received=5nqn0cnOqnJbwZk1hacTK-6ijyz1MHYlVi9cBsZrij8
INFO:routes.cas:CAS response missing email; inferred dhubbart@asu.edu
Ignoring exception in on_member_update
Traceback (most recent call last):
  File "/usr/local/lib/python3.12/site-packages/discord/client.py", line 465, in _run_event
    await coro(*args, **kwargs)
  File "/app/asu_discord/cogs/analytics.py", line 652, in on_member_update
    before_timeout = before.timed_out_until
                     ^^^^^^^^^^^^^^^^^^^^^^
AttributeError: 'Member' object has no attribute 'timed_out_until'
Ignoring exception in on_member_update
Traceback (most recent call last):
  File "/usr/local/lib/python3.12/site-packages/discord/client.py", line 465, in _run_event
    await coro(*args, **kwargs)
  File "/app/asu_discord/cogs/analytics.py", line 652, in on_member_update
    before_timeout = before.timed_out_until
                     ^^^^^^^^^^^^^^^^^^^^^^
AttributeError: 'Member' object has no attribute 'timed_out_until'
INFO:asu_discord.cogs.verification:Removed unverified role 1207441184218161182 from member 525100940051611658
INFO:asu_discord.cogs.verification:Assigned verification role to Discord user 525100940051611658 (ASURITE: dhubbart)
INFO:routes.discord:Salesforce profile data for dhubbart (Discord 525100940051611658): asurite='dhubbart' name='Dustin Hubbartt' fullName='Dustin Hubbartt' email='dustinhubbartt1@gmail.com' state='Wisconsin' country='United States' contactId='0036T000048lu7EQAQ' opportunities=[SalesforceOpportunity(stageName='Enrolled', termCode='2227', career='Undergraduate', type='Transfer', internationalStudent=False, firstGeneration=False, enrollmentDepositPaid=None, enrollmentDepositStatus=None, collegeName='The College of Lib Arts & Sci', locationName='Online', collegeProgramCode='UGLA', programCode=None, createdDate='2022-03-07T11:53:35.000+0000', currentLocation='Online', academicPlanName='Astronomical & Planetary Scien', opportunityId='0066T0000176CYJQA2', academicPlanCode='LAASTPLSBS', academicPlanId='a0F0W00000qArHyUAK', accountId='0016T00002oGvlAQAS', accountName='Dustin Hubbartt', applicationDate='2022-03-04', applicationNumber='02196593', closeDate='2022-09-09', collegeId='a0Dd000000XwmNpEAJ', contactId='0036T000048lu7EQAQ', contactEmplid='1226573935', contactName='Dustin Hubbartt', deferred=False, doNotCall=False, externalApplicationNumber='3521809', jointProgram=False, isClosed=False, isWon=False, lastModifiedDate='2024-03-09T16:32:32.000+0000', leadSource='PeopleSoft', locationId='a0Gd000000F95vkEAB', militaryBenefits=True, militaryBranch='Navy', militaryStatus='Veteran', name='Dustin Hubbartt - 02196593 - 2227', onlineDegree=False, ownerEmail='ashley.b.ingram@asu.edu', ownerId='0056T000009LNjeQAG', ownerOrganizationName='Department of Physics', ownerName='Ashley Ingram', recordTypeId='012d0000000x3xxAAA', recordTypeName='Undergraduate Application', selfReportedTransferCreditHours=90, termId='a0Jd000000OH74EEAT'), SalesforceOpportunity(stageName='Admitted', termCode='2257', career='Undergraduate', type='Readmission', internationalStudent=False, firstGeneration=True, enrollmentDepositPaid=None, enrollmentDepositStatus=None, collegeName='The College of Lib Arts & Sci', locationName='Tempe', collegeProgramCode='UGLA', programCode=None, createdDate='2025-03-20T11:31:51.000+0000', currentLocation='Tempe', academicPlanName='Physics', opportunityId='0066T00001GJ2KZQA1', academicPlanCode='LAPHYBS', academicPlanId='a0Fd000000Ur794EAB', accountId='0016T00002oGvlAQAS', accountName='Dustin Hubbartt', applicationDate='2025-03-19', applicationNumber='03026909', closeDate='2025-09-12', collegeId='a0Dd000000XwmNpEAJ', contactId='0036T000048lu7EQAQ', contactEmplid='1226573935', contactName='Dustin Hubbartt', deferred=False, doNotCall=False, externalApplicationNumber='4334029', jointProgram=False, isClosed=False, isWon=False, lastModifiedDate='2025-08-27T11:37:50.000+0000', leadSource='PeopleSoft', locationId='a0Gd000000F95viEAB', militaryBenefits=True, militaryBranch='Navy', militaryStatus='Veteran', name='Dustin Hubbartt - 03026909 - 2257', onlineDegree=False, ownerEmail='faqir@mainex1.asu.edu', ownerId='005d0000003QSHIAA4', ownerOrganizationName='Department of Physics', ownerPhone='(602) 496-1174', ownerName='Suzie Kwan', recordTypeId='012d0000000x3xxAAA', recordTypeName='Undergraduate Application', selfReportedTransferCreditHours=220, termId='a0Jd000000U7lzDEAR')] inState=False outOfState=True college='College of Liberal Arts and Sciences' program='Astronomical & Planetary Scien' career='Undergraduate' admitType='Transfer' firstTimeFreshman=False transfer=True collegeProgramCode='UGLA' is_international=False international=False stateOfResidence='Wisconsin' enrollmentDepositPaid=False stageName='Enrolled' current=True firstYear=False depositPaid=False campus='Online' locationName='Online' termCode='2227' selectedOpportunity=SalesforceOpportunity(stageName='Enrolled', termCode='2227', career='Undergraduate', type='Transfer', internationalStudent=False, firstGeneration=False, enrollmentDepositPaid=None, enrollmentDepositStatus=None, collegeName='The College of Lib Arts & Sci', locationName='Online', collegeProgramCode='UGLA', programCode=None, createdDate='2022-03-07T11:53:35.000+0000', currentLocation='Online', academicPlanName='Astronomical & Planetary Scien', opportunityId='0066T0000176CYJQA2', academicPlanCode='LAASTPLSBS', academicPlanId='a0F0W00000qArHyUAK', accountId='0016T00002oGvlAQAS', accountName='Dustin Hubbartt', applicationDate='2022-03-04', applicationNumber='02196593', closeDate='2022-09-09', collegeId='a0Dd000000XwmNpEAJ', contactId='0036T000048lu7EQAQ', contactEmplid='1226573935', contactName='Dustin Hubbartt', deferred=False, doNotCall=False, externalApplicationNumber='3521809', jointProgram=False, isClosed=False, isWon=False, lastModifiedDate='2024-03-09T16:32:32.000+0000', leadSource='PeopleSoft', locationId='a0Gd000000F95vkEAB', militaryBenefits=True, militaryBranch='Navy', militaryStatus='Veteran', name='Dustin Hubbartt - 02196593 - 2227', onlineDegree=False, ownerEmail='ashley.b.ingram@asu.edu', ownerId='0056T000009LNjeQAG', ownerOrganizationName='Department of Physics', ownerName='Ashley Ingram', recordTypeId='012d0000000x3xxAAA', recordTypeName='Undergraduate Application', selfReportedTransferCreditHours=90, termId='a0Jd000000OH74EEAT') type='Transfer'
Ignoring exception in on_member_update
Traceback (most recent call last):
  File "/usr/local/lib/python3.12/site-packages/discord/client.py", line 465, in _run_event
    await coro(*args, **kwargs)
  File "/app/asu_discord/cogs/analytics.py", line 652, in on_member_update
    before_timeout = before.timed_out_until
                     ^^^^^^^^^^^^^^^^^^^^^^
AttributeError: 'Member' object has no attribute 'timed_out_until'
Ignoring exception in on_member_update
Traceback (most recent call last):
  File "/usr/local/lib/python3.12/site-packages/discord/client.py", line 465, in _run_event
    await coro(*args, **kwargs)
  File "/app/asu_discord/cogs/analytics.py", line 652, in on_member_update
    before_timeout = before.timed_out_until
                     ^^^^^^^^^^^^^^^^^^^^^^
AttributeError: 'Member' object has no attribute 'timed_out_until'
Ignoring exception in on_member_update
Traceback (most recent call last):
  File "/usr/local/lib/python3.12/site-packages/discord/client.py", line 465, in _run_event
    await coro(*args, **kwargs)
  File "/app/asu_discord/cogs/analytics.py", line 652, in on_member_update
    before_timeout = before.timed_out_until
                     ^^^^^^^^^^^^^^^^^^^^^^
AttributeError: 'Member' object has no attribute 'timed_out_until'
Ignoring exception in on_member_update
Traceback (most recent call last):
  File "/usr/local/lib/python3.12/site-packages/discord/client.py", line 465, in _run_event
    await coro(*args, **kwargs)
  File "/app/asu_discord/cogs/analytics.py", line 652, in on_member_update
    before_timeout = before.timed_out_until
                     ^^^^^^^^^^^^^^^^^^^^^^
AttributeError: 'Member' object has no attribute 'timed_out_until'
Ignoring exception in on_member_update
Traceback (most recent call last):
  File "/usr/local/lib/python3.12/site-packages/discord/client.py", line 465, in _run_event
    await coro(*args, **kwargs)
  File "/app/asu_discord/cogs/analytics.py", line 652, in on_member_update
    before_timeout = before.timed_out_until
                     ^^^^^^^^^^^^^^^^^^^^^^
AttributeError: 'Member' object has no attribute 'timed_out_until'
Ignoring exception in on_member_update
Traceback (most recent call last):
  File "/usr/local/lib/python3.12/site-packages/discord/client.py", line 465, in _run_event
    await coro(*args, **kwargs)
  File "/app/asu_discord/cogs/analytics.py", line 652, in on_member_update
    before_timeout = before.timed_out_until
                     ^^^^^^^^^^^^^^^^^^^^^^
AttributeError: 'Member' object has no attribute 'timed_out_until'
Ignoring exception in on_member_update
Traceback (most recent call last):
  File "/usr/local/lib/python3.12/site-packages/discord/client.py", line 465, in _run_event
    await coro(*args, **kwargs)
  File "/app/asu_discord/cogs/analytics.py", line 652, in on_member_update
    before_timeout = before.timed_out_until
                     ^^^^^^^^^^^^^^^^^^^^^^
AttributeError: 'Member' object has no attribute 'timed_out_until'
INFO:asu_discord.cogs.verification:Assigned Salesforce-based roles [1187460910936232099, 1210322592544596030, 1465991804993278113, 1333934752490848377, 1282464973255348366, 1187164763189416078, 1205549707938766878] to Discord user 525100940051611658
INFO:asu_discord.cogs.verification:Saved 7 roles to database for user dhubbart (Discord ID: 525100940051611658)
INFO:asu_discord.cogs.verification:Member 525100940051611658 already has the verification role
INFO:routes.discord:Salesforce profile data for dhubbart (Discord 525100940051611658): asurite='dhubbart' name='Dustin Hubbartt' fullName='Dustin Hubbartt' email='dustinhubbartt1@gmail.com' state='Wisconsin' country='United States' contactId='0036T000048lu7EQAQ' opportunities=[SalesforceOpportunity(stageName='Enrolled', termCode='2227', career='Undergraduate', type='Transfer', internationalStudent=False, firstGeneration=False, enrollmentDepositPaid=None, enrollmentDepositStatus=None, collegeName='The College of Lib Arts & Sci', locationName='Online', collegeProgramCode='UGLA', programCode=None, createdDate='2022-03-07T11:53:35.000+0000', currentLocation='Online', academicPlanName='Astronomical & Planetary Scien', opportunityId='0066T0000176CYJQA2', academicPlanCode='LAASTPLSBS', academicPlanId='a0F0W00000qArHyUAK', accountId='0016T00002oGvlAQAS', accountName='Dustin Hubbartt', applicationDate='2022-03-04', applicationNumber='02196593', closeDate='2022-09-09', collegeId='a0Dd000000XwmNpEAJ', contactId='0036T000048lu7EQAQ', contactEmplid='1226573935', contactName='Dustin Hubbartt', deferred=False, doNotCall=False, externalApplicationNumber='3521809', jointProgram=False, isClosed=False, isWon=False, lastModifiedDate='2024-03-09T16:32:32.000+0000', leadSource='PeopleSoft', locationId='a0Gd000000F95vkEAB', militaryBenefits=True, militaryBranch='Navy', militaryStatus='Veteran', name='Dustin Hubbartt - 02196593 - 2227', onlineDegree=False, ownerEmail='ashley.b.ingram@asu.edu', ownerId='0056T000009LNjeQAG', ownerOrganizationName='Department of Physics', ownerName='Ashley Ingram', recordTypeId='012d0000000x3xxAAA', recordTypeName='Undergraduate Application', selfReportedTransferCreditHours=90, termId='a0Jd000000OH74EEAT'), SalesforceOpportunity(stageName='Admitted', termCode='2257', career='Undergraduate', type='Readmission', internationalStudent=False, firstGeneration=True, enrollmentDepositPaid=None, enrollmentDepositStatus=None, collegeName='The College of Lib Arts & Sci', locationName='Tempe', collegeProgramCode='UGLA', programCode=None, createdDate='2025-03-20T11:31:51.000+0000', currentLocation='Tempe', academicPlanName='Physics', opportunityId='0066T00001GJ2KZQA1', academicPlanCode='LAPHYBS', academicPlanId='a0Fd000000Ur794EAB', accountId='0016T00002oGvlAQAS', accountName='Dustin Hubbartt', applicationDate='2025-03-19', applicationNumber='03026909', closeDate='2025-09-12', collegeId='a0Dd000000XwmNpEAJ', contactId='0036T000048lu7EQAQ', contactEmplid='1226573935', contactName='Dustin Hubbartt', deferred=False, doNotCall=False, externalApplicationNumber='4334029', jointProgram=False, isClosed=False, isWon=False, lastModifiedDate='2025-08-27T11:37:50.000+0000', leadSource='PeopleSoft', locationId='a0Gd000000F95viEAB', militaryBenefits=True, militaryBranch='Navy', militaryStatus='Veteran', name='Dustin Hubbartt - 03026909 - 2257', onlineDegree=False, ownerEmail='faqir@mainex1.asu.edu', ownerId='005d0000003QSHIAA4', ownerOrganizationName='Department of Physics', ownerPhone='(602) 496-1174', ownerName='Suzie Kwan', recordTypeId='012d0000000x3xxAAA', recordTypeName='Undergraduate Application', selfReportedTransferCreditHours=220, termId='a0Jd000000U7lzDEAR')] inState=False outOfState=True college='College of Liberal Arts and Sciences' program='Astronomical & Planetary Scien' career='Undergraduate' admitType='Transfer' firstTimeFreshman=False transfer=True collegeProgramCode='UGLA' is_international=False international=False stateOfResidence='Wisconsin' enrollmentDepositPaid=False stageName='Enrolled' current=True firstYear=False depositPaid=False campus='Online' locationName='Online' termCode='2227' selectedOpportunity=SalesforceOpportunity(stageName='Enrolled', termCode='2227', career='Undergraduate', type='Transfer', internationalStudent=False, firstGeneration=False, enrollmentDepositPaid=None, enrollmentDepositStatus=None, collegeName='The College of Lib Arts & Sci', locationName='Online', collegeProgramCode='UGLA', programCode=None, createdDate='2022-03-07T11:53:35.000+0000', currentLocation='Online', academicPlanName='Astronomical & Planetary Scien', opportunityId='0066T0000176CYJQA2', academicPlanCode='LAASTPLSBS', academicPlanId='a0F0W00000qArHyUAK', accountId='0016T00002oGvlAQAS', accountName='Dustin Hubbartt', applicationDate='2022-03-04', applicationNumber='02196593', closeDate='2022-09-09', collegeId='a0Dd000000XwmNpEAJ', contactId='0036T000048lu7EQAQ', contactEmplid='1226573935', contactName='Dustin Hubbartt', deferred=False, doNotCall=False, externalApplicationNumber='3521809', jointProgram=False, isClosed=False, isWon=False, lastModifiedDate='2024-03-09T16:32:32.000+0000', leadSource='PeopleSoft', locationId='a0Gd000000F95vkEAB', militaryBenefits=True, militaryBranch='Navy', militaryStatus='Veteran', name='Dustin Hubbartt - 02196593 - 2227', onlineDegree=False, ownerEmail='ashley.b.ingram@asu.edu', ownerId='0056T000009LNjeQAG', ownerOrganizationName='Department of Physics', ownerName='Ashley Ingram', recordTypeId='012d0000000x3xxAAA', recordTypeName='Undergraduate Application', selfReportedTransferCreditHours=90, termId='a0Jd000000OH74EEAT') type='Transfer'
INFO:asu_discord.cogs.verification:No new Discord roles to assign for user 525100940051611658 from Salesforce profile
Ignoring exception in on_member_update
Traceback (most recent call last):
  File "/usr/local/lib/python3.12/site-packages/discord/client.py", line 465, in _run_event
    await coro(*args, **kwargs)
  File "/app/asu_discord/cogs/analytics.py", line 652, in on_member_update
    before_timeout = before.timed_out_until
                     ^^^^^^^^^^^^^^^^^^^^^^
AttributeError: 'Member' object has no attribute 'timed_out_until'
Ignoring exception in on_member_update
Traceback (most recent call last):
  File "/usr/local/lib/python3.12/site-packages/discord/client.py", line 465, in _run_event
    await coro(*args, **kwargs)
  File "/app/asu_discord/cogs/analytics.py", line 652, in on_member_update
    before_timeout = before.timed_out_until
                     ^^^^^^^^^^^^^^^^^^^^^^
AttributeError: 'Member' object has no attribute 'timed_out_until'
Ignoring exception in on_member_update
Traceback (most recent call last):
  File "/usr/local/lib/python3.12/site-packages/discord/client.py", line 465, in _run_event
    await coro(*args, **kwargs)
  File "/app/asu_discord/cogs/analytics.py", line 652, in on_member_update
    before_timeout = before.timed_out_until
                     ^^^^^^^^^^^^^^^^^^^^^^
AttributeError: 'Member' object has no attribute 'timed_out_until'
Ignoring exception in on_member_update
Traceback (most recent call last):
  File "/usr/local/lib/python3.12/site-packages/discord/client.py", line 465, in _run_event
    await coro(*args, **kwargs)
  File "/app/asu_discord/cogs/analytics.py", line 652, in on_member_update
    before_timeout = before.timed_out_until
                     ^^^^^^^^^^^^^^^^^^^^^^
AttributeError: 'Member' object has no attribute 'timed_out_until'
Ignoring exception in on_member_update
Traceback (most recent call last):
  File "/usr/local/lib/python3.12/site-packages/discord/client.py", line 465, in _run_event
    await coro(*args, **kwargs)
  File "/app/asu_discord/cogs/analytics.py", line 652, in on_member_update
    before_timeout = before.timed_out_until
                     ^^^^^^^^^^^^^^^^^^^^^^
AttributeError: 'Member' object has no attribute 'timed_out_until'
Ignoring exception in on_member_update
Traceback (most recent call last):
  File "/usr/local/lib/python3.12/site-packages/discord/client.py", line 465, in _run_event
    await coro(*args, **kwargs)
  File "/app/asu_discord/cogs/analytics.py", line 652, in on_member_update
    before_timeout = before.timed_out_until
                     ^^^^^^^^^^^^^^^^^^^^^^
AttributeError: 'Member' object has no attribute 'timed_out_until'
Ignoring exception in on_member_update
Traceback (most recent call last):
  File "/usr/local/lib/python3.12/site-packages/discord/client.py", line 465, in _run_event
    await coro(*args, **kwargs)
  File "/app/asu_discord/cogs/analytics.py", line 652, in on_member_update
    before_timeout = before.timed_out_until
                     ^^^^^^^^^^^^^^^^^^^^^^
AttributeError: 'Member' object has no attribute 'timed_out_until'
Ignoring exception in on_member_update
Traceback (most recent call last):
  File "/usr/local/lib/python3.12/site-packages/discord/client.py", line 465, in _run_event
    await coro(*args, **kwargs)
  File "/app/asu_discord/cogs/analytics.py", line 652, in on_member_update
    before_timeout = before.timed_out_until
                     ^^^^^^^^^^^^^^^^^^^^^^
AttributeError: 'Member' object has no attribute 'timed_out_until'
Ignoring exception in on_member_update
Traceback (most recent call last):
  File "/usr/local/lib/python3.12/site-packages/discord/client.py", line 465, in _run_event
    await coro(*args, **kwargs)
  File "/app/asu_discord/cogs/analytics.py", line 652, in on_member_update
    before_timeout = before.timed_out_until
                     ^^^^^^^^^^^^^^^^^^^^^^
AttributeError: 'Member' object has no attribute 'timed_out_until'
Ignoring exception in on_member_update
Traceback (most recent call last):
  File "/usr/local/lib/python3.12/site-packages/discord/client.py", line 465, in _run_event
    await coro(*args, **kwargs)
  File "/app/asu_discord/cogs/analytics.py", line 652, in on_member_update
    before_timeout = before.timed_out_until
                     ^^^^^^^^^^^^^^^^^^^^^^
AttributeError: 'Member' object has no attribute 'timed_out_until'
Ignoring exception in on_member_update
Traceback (most recent call last):
  File "/usr/local/lib/python3.12/site-packages/discord/client.py", line 465, in _run_event
    await coro(*args, **kwargs)
  File "/app/asu_discord/cogs/analytics.py", line 652, in on_member_update
    before_timeout = before.timed_out_until
                     ^^^^^^^^^^^^^^^^^^^^^^
AttributeError: 'Member' object has no attribute 'timed_out_until'
Ignoring exception in on_member_update
Traceback (most recent call last):
  File "/usr/local/lib/python3.12/site-packages/discord/client.py", line 465, in _run_event
    await coro(*args, **kwargs)
  File "/app/asu_discord/cogs/analytics.py", line 652, in on_member_update
    before_timeout = before.timed_out_until
                     ^^^^^^^^^^^^^^^^^^^^^^
AttributeError: 'Member' object has no attribute 'timed_out_until'
Ignoring exception in on_member_update
Traceback (most recent call last):
  File "/usr/local/lib/python3.12/site-packages/discord/client.py", line 465, in _run_event
    await coro(*args, **kwargs)
  File "/app/asu_discord/cogs/analytics.py", line 652, in on_member_update
    before_timeout = before.timed_out_until
                     ^^^^^^^^^^^^^^^^^^^^^^
AttributeError: 'Member' object has no attribute 'timed_out_until'
Ignoring exception in on_member_update
Traceback (most recent call last):
  File "/usr/local/lib/python3.12/site-packages/discord/client.py", line 465, in _run_event
    await coro(*args, **kwargs)
  File "/app/asu_discord/cogs/analytics.py", line 652, in on_member_update
    before_timeout = before.timed_out_until
                     ^^^^^^^^^^^^^^^^^^^^^^
AttributeError: 'Member' object has no attribute 'timed_out_until'
Ignoring exception in on_member_update
Traceback (most recent call last):
  File "/usr/local/lib/python3.12/site-packages/discord/client.py", line 465, in _run_event
    await coro(*args, **kwargs)
  File "/app/asu_discord/cogs/analytics.py", line 652, in on_member_update
    before_timeout = before.timed_out_until
                     ^^^^^^^^^^^^^^^^^^^^^^
AttributeError: 'Member' object has no attribute 'timed_out_until'
Ignoring exception in on_member_update
Traceback (most recent call last):
  File "/usr/local/lib/python3.12/site-packages/discord/client.py", line 465, in _run_event
    await coro(*args, **kwargs)
  File "/app/asu_discord/cogs/analytics.py", line 652, in on_member_update
    before_timeout = before.timed_out_until
                     ^^^^^^^^^^^^^^^^^^^^^^
AttributeError: 'Member' object has no attribute 'timed_out_until'
Ignoring exception in on_member_update
Traceback (most recent call last):
  File "/usr/local/lib/python3.12/site-packages/discord/client.py", line 465, in _run_event
    await coro(*args, **kwargs)
  File "/app/asu_discord/cogs/analytics.py", line 652, in on_member_update
    before_timeout = before.timed_out_until
                     ^^^^^^^^^^^^^^^^^^^^^^
AttributeError: 'Member' object has no attribute 'timed_out_until'
Ignoring exception in on_member_update
Traceback (most recent call last):
  File "/usr/local/lib/python3.12/site-packages/discord/client.py", line 465, in _run_event
    await coro(*args, **kwargs)
  File "/app/asu_discord/cogs/analytics.py", line 652, in on_member_update
    before_timeout = before.timed_out_until
                     ^^^^^^^^^^^^^^^^^^^^^^
AttributeError: 'Member' object has no attribute 'timed_out_until'
Ignoring exception in on_member_update
Traceback (most recent call last):
  File "/usr/local/lib/python3.12/site-packages/discord/client.py", line 465, in _run_event
    await coro(*args, **kwargs)
  File "/app/asu_discord/cogs/analytics.py", line 652, in on_member_update
    before_timeout = before.timed_out_until
                     ^^^^^^^^^^^^^^^^^^^^^^
AttributeError: 'Member' object has no attribute 'timed_out_until'
Ignoring exception in on_scheduled_event_update
Traceback (most recent call last):
  File "/usr/local/lib/python3.12/site-packages/discord/client.py", line 465, in _run_event
    await coro(*args, **kwargs)
  File "/app/asu_discord/cogs/event_tracker.py", line 180, in on_scheduled_event_update
    self._upsert_event(db_session, after)
  File "/app/asu_discord/cogs/event_tracker.py", line 68, in _upsert_event
    guild_id=str(event.guild_id),
                 ^^^^^^^^^^^^^^
AttributeError: 'ScheduledEvent' object has no attribute 'guild_id'
Ignoring exception in on_member_update
Traceback (most recent call last):
  File "/usr/local/lib/python3.12/site-packages/discord/client.py", line 465, in _run_event
    await coro(*args, **kwargs)
  File "/app/asu_discord/cogs/analytics.py", line 652, in on_member_update
    before_timeout = before.timed_out_until
                     ^^^^^^^^^^^^^^^^^^^^^^
AttributeError: 'Member' object has no attribute 'timed_out_until'
Ignoring exception in on_member_update
Traceback (most recent call last):
  File "/usr/local/lib/python3.12/site-packages/discord/client.py", line 465, in _run_event
    await coro(*args, **kwargs)
  File "/app/asu_discord/cogs/analytics.py", line 652, in on_member_update
    before_timeout = before.timed_out_until
                     ^^^^^^^^^^^^^^^^^^^^^^
AttributeError: 'Member' object has no attribute 'timed_out_until'
Ignoring exception in on_member_update
Traceback (most recent call last):
  File "/usr/local/lib/python3.12/site-packages/discord/client.py", line 465, in _run_event
    await coro(*args, **kwargs)
  File "/app/asu_discord/cogs/analytics.py", line 652, in on_member_update
    before_timeout = before.timed_out_until
                     ^^^^^^^^^^^^^^^^^^^^^^
AttributeError: 'Member' object has no attribute 'timed_out_until'
INFO:discord.gateway:Websocket closed with 1006, attempting a reconnect.
INFO:discord.client:Got a request to RESUME the websocket.
INFO:discord.gateway:Shard ID None has sent the RESUME payload.
INFO:discord.gateway:Shard ID None has successfully RESUMED session 6e3407fd591f617e4a33b69139a85b12 under trace ["gateway-prd-arm-us-east1-c-n7s4",{"micros":1805,"calls":["id_created",{"micros":0,"calls":[]},"session_lookup_time",{"micros":1475,"calls":[]},"session_lookup_finished",{"micros":10,"calls":[]},"sessions-prd-gcp-us-east1-b-23",{"micros":23}]}].
Ignoring exception in on_member_update
Traceback (most recent call last):
  File "/usr/local/lib/python3.12/site-packages/discord/client.py", line 465, in _run_event
    await coro(*args, **kwargs)
  File "/app/asu_discord/cogs/analytics.py", line 652, in on_member_update
    before_timeout = before.timed_out_until
                     ^^^^^^^^^^^^^^^^^^^^^^
AttributeError: 'Member' object has no attribute 'timed_out_until'
Ignoring exception in on_member_update
Traceback (most recent call last):
  File "/usr/local/lib/python3.12/site-packages/discord/client.py", line 465, in _run_event
    await coro(*args, **kwargs)
  File "/app/asu_discord/cogs/analytics.py", line 652, in on_member_update
    before_timeout = before.timed_out_until
                     ^^^^^^^^^^^^^^^^^^^^^^
AttributeError: 'Member' object has no attribute 'timed_out_until'
Ignoring exception in on_member_update
Traceback (most recent call last):
  File "/usr/local/lib/python3.12/site-packages/discord/client.py", line 465, in _run_event
    await coro(*args, **kwargs)
  File "/app/asu_discord/cogs/analytics.py", line 652, in on_member_update
    before_timeout = before.timed_out_until
                     ^^^^^^^^^^^^^^^^^^^^^^
AttributeError: 'Member' object has no attribute 'timed_out_until'
Ignoring exception in on_member_update
Traceback (most recent call last):
  File "/usr/local/lib/python3.12/site-packages/discord/client.py", line 465, in _run_event
    await coro(*args, **kwargs)
  File "/app/asu_discord/cogs/analytics.py", line 652, in on_member_update
    before_timeout = before.timed_out_until
                     ^^^^^^^^^^^^^^^^^^^^^^
AttributeError: 'Member' object has no attribute 'timed_out_until'
Ignoring exception in on_member_update
Traceback (most recent call last):
  File "/usr/local/lib/python3.12/site-packages/discord/client.py", line 465, in _run_event
    await coro(*args, **kwargs)
  File "/app/asu_discord/cogs/analytics.py", line 652, in on_member_update
    before_timeout = before.timed_out_until
                     ^^^^^^^^^^^^^^^^^^^^^^
AttributeError: 'Member' object has no attribute 'timed_out_until'
Ignoring exception in on_member_update
Traceback (most recent call last):
  File "/usr/local/lib/python3.12/site-packages/discord/client.py", line 465, in _run_event
    await coro(*args, **kwargs)
  File "/app/asu_discord/cogs/analytics.py", line 652, in on_member_update
    before_timeout = before.timed_out_until
                     ^^^^^^^^^^^^^^^^^^^^^^
AttributeError: 'Member' object has no attribute 'timed_out_until'
Ignoring exception in on_member_update
Traceback (most recent call last):
  File "/usr/local/lib/python3.12/site-packages/discord/client.py", line 465, in _run_event
    await coro(*args, **kwargs)
  File "/app/asu_discord/cogs/analytics.py", line 652, in on_member_update
    before_timeout = before.timed_out_until
                     ^^^^^^^^^^^^^^^^^^^^^^
AttributeError: 'Member' object has no attribute 'timed_out_until'
INFO:routes.cas:CAS response missing email; inferred vpate224@asu.edu
INFO:routes.cas:CAS response missing email; inferred vpate224@asu.edu
Ignoring exception in on_member_update
Traceback (most recent call last):
  File "/usr/local/lib/python3.12/site-packages/discord/client.py", line 465, in _run_event
    await coro(*args, **kwargs)
  File "/app/asu_discord/cogs/analytics.py", line 652, in on_member_update
    before_timeout = before.timed_out_until
                     ^^^^^^^^^^^^^^^^^^^^^^
AttributeError: 'Member' object has no attribute 'timed_out_until'
Ignoring exception in on_member_update
Traceback (most recent call last):
  File "/usr/local/lib/python3.12/site-packages/discord/client.py", line 465, in _run_event
    await coro(*args, **kwargs)
  File "/app/asu_discord/cogs/analytics.py", line 652, in on_member_update
    before_timeout = before.timed_out_until
                     ^^^^^^^^^^^^^^^^^^^^^^
AttributeError: 'Member' object has no attribute 'timed_out_until'
INFO:asu_discord.cogs.verification:Removed unverified role 1207441184218161182 from member 517493402930118656
INFO:asu_discord.cogs.verification:Assigned verification role to Discord user 517493402930118656 (ASURITE: vpate224)
INFO:routes.discord:Salesforce profile data for vpate224 (Discord 517493402930118656): asurite='vpate224' name='Vedant Patel' fullName='Vedant Patel' email='vedantpatel4560@gmail.com' state='Arizona' country='United States' contactId='003aJ00000J3DDgQAN' opportunities=[SalesforceOpportunity(stageName='Enrolled', termCode='2267', career='Undergraduate', type='First Time Freshman', internationalStudent=False, firstGeneration=False, enrollmentDepositPaid=None, enrollmentDepositStatus='Paid', collegeName='W. P. Carey School of Business', locationName='Tempe', collegeProgramCode='UGBA', programCode=None, createdDate='2025-09-02T04:53:45.000+0000', currentLocation='Tempe', academicPlanName='Real Estate & Applied Finance', opportunityId='006aJ00000D7WSCQA3', academicPlanCode='BAREAFBS', academicPlanId='a0FKh000004OYp4MAG', accountId='001aJ00000MMYy9QAH', accountName='Vedant Patel', applicationDate='2025-08-28', applicationNumber='03130976', closeDate='2026-09-11', collegeId='a0Dd000000XwmNcEAJ', contactId='003aJ00000J3DDgQAN', contactEmplid='1239967940', contactName='Vedant Patel', deferred=False, doNotCall=False, externalApplicationNumber='4437138', housingStatus='Created Application', jointProgram=False, isClosed=False, isWon=False, lastModifiedDate='2026-07-08T11:51:38.000+0000', leadSource='PeopleSoft', locationId='a0Gd000000F95viEAB', militaryBenefits=False, name='Vedant Patel - 03130976 - 2267', onlineDegree=False, orientationStatus='Attended', ownerEmail='jennifer.ash@asu.edu', ownerId='005d0000002CxJHAA0', ownerOrganizationName='Dean, W.P. Carey School of Business', ownerPhone='(480) 965-9022', ownerName='Jennifer Ash', primaryInterestId='7016T000002cLPYQA2', primaryInterestName='Business', recordTypeId='012d0000000x3xxAAA', recordTypeName='Undergraduate Application', selfReportedTransferCreditHours=0, termId='a0Jd000000U7lzFEAR')] inState=True outOfState=False college='W.P. Carey School of Business' program='Real Estate & Applied Finance' career='Undergraduate' admitType='First Time Freshman' firstTimeFreshman=True transfer=False collegeProgramCode='UGBA' is_international=False international=False stateOfResidence='Arizona' enrollmentDepositPaid=True stageName='Enrolled' current=False firstYear=True depositPaid=True campus='Tempe' locationName='Tempe' termCode='2267' selectedOpportunity=SalesforceOpportunity(stageName='Enrolled', termCode='2267', career='Undergraduate', type='First Time Freshman', internationalStudent=False, firstGeneration=False, enrollmentDepositPaid=None, enrollmentDepositStatus='Paid', collegeName='W. P. Carey School of Business', locationName='Tempe', collegeProgramCode='UGBA', programCode=None, createdDate='2025-09-02T04:53:45.000+0000', currentLocation='Tempe', academicPlanName='Real Estate & Applied Finance', opportunityId='006aJ00000D7WSCQA3', academicPlanCode='BAREAFBS', academicPlanId='a0FKh000004OYp4MAG', accountId='001aJ00000MMYy9QAH', accountName='Vedant Patel', applicationDate='2025-08-28', applicationNumber='03130976', closeDate='2026-09-11', collegeId='a0Dd000000XwmNcEAJ', contactId='003aJ00000J3DDgQAN', contactEmplid='1239967940', contactName='Vedant Patel', deferred=False, doNotCall=False, externalApplicationNumber='4437138', housingStatus='Created Application', jointProgram=False, isClosed=False, isWon=False, lastModifiedDate='2026-07-08T11:51:38.000+0000', leadSource='PeopleSoft', locationId='a0Gd000000F95viEAB', militaryBenefits=False, name='Vedant Patel - 03130976 - 2267', onlineDegree=False, orientationStatus='Attended', ownerEmail='jennifer.ash@asu.edu', ownerId='005d0000002CxJHAA0', ownerOrganizationName='Dean, W.P. Carey School of Business', ownerPhone='(480) 965-9022', ownerName='Jennifer Ash', primaryInterestId='7016T000002cLPYQA2', primaryInterestName='Business', recordTypeId='012d0000000x3xxAAA', recordTypeName='Undergraduate Application', selfReportedTransferCreditHours=0, termId='a0Jd000000U7lzFEAR') type='First Time Freshman'
Ignoring exception in on_member_update
Traceback (most recent call last):
  File "/usr/local/lib/python3.12/site-packages/discord/client.py", line 465, in _run_event
    await coro(*args, **kwargs)
  File "/app/asu_discord/cogs/analytics.py", line 652, in on_member_update
    before_timeout = before.timed_out_until
                     ^^^^^^^^^^^^^^^^^^^^^^
AttributeError: 'Member' object has no attribute 'timed_out_until'
Ignoring exception in on_member_update
Traceback (most recent call last):
  File "/usr/local/lib/python3.12/site-packages/discord/client.py", line 465, in _run_event
    await coro(*args, **kwargs)
  File "/app/asu_discord/cogs/analytics.py", line 652, in on_member_update
    before_timeout = before.timed_out_until
                     ^^^^^^^^^^^^^^^^^^^^^^
AttributeError: 'Member' object has no attribute 'timed_out_until'
Ignoring exception in on_member_update
Traceback (most recent call last):
  File "/usr/local/lib/python3.12/site-packages/discord/client.py", line 465, in _run_event
    await coro(*args, **kwargs)
  File "/app/asu_discord/cogs/analytics.py", line 652, in on_member_update
    before_timeout = before.timed_out_until
                     ^^^^^^^^^^^^^^^^^^^^^^
AttributeError: 'Member' object has no attribute 'timed_out_until'
Ignoring exception in on_member_update
Traceback (most recent call last):
  File "/usr/local/lib/python3.12/site-packages/discord/client.py", line 465, in _run_event
    await coro(*args, **kwargs)
  File "/app/asu_discord/cogs/analytics.py", line 652, in on_member_update
    before_timeout = before.timed_out_until
                     ^^^^^^^^^^^^^^^^^^^^^^
AttributeError: 'Member' object has no attribute 'timed_out_until'
Ignoring exception in on_member_update
Traceback (most recent call last):
  File "/usr/local/lib/python3.12/site-packages/discord/client.py", line 465, in _run_event
    await coro(*args, **kwargs)
  File "/app/asu_discord/cogs/analytics.py", line 652, in on_member_update
    before_timeout = before.timed_out_until
                     ^^^^^^^^^^^^^^^^^^^^^^
AttributeError: 'Member' object has no attribute 'timed_out_until'
INFO:asu_discord.cogs.verification:Assigned Salesforce-based roles [1333934478887882823, 1356257786563920023, 1187164746454138900, 1282464973255348366, 1187461362356605039] to Discord user 517493402930118656
INFO:asu_discord.cogs.verification:Saved 5 roles to database for user vpate224 (Discord ID: 517493402930118656)
Ignoring exception in on_member_update
Traceback (most recent call last):
  File "/usr/local/lib/python3.12/site-packages/discord/client.py", line 465, in _run_event
    await coro(*args, **kwargs)
  File "/app/asu_discord/cogs/analytics.py", line 652, in on_member_update
    before_timeout = before.timed_out_until
                     ^^^^^^^^^^^^^^^^^^^^^^
AttributeError: 'Member' object has no attribute 'timed_out_until'
Ignoring exception in on_member_update
Traceback (most recent call last):
  File "/usr/local/lib/python3.12/site-packages/discord/client.py", line 465, in _run_event
    await coro(*args, **kwargs)
  File "/app/asu_discord/cogs/analytics.py", line 652, in on_member_update
    before_timeout = before.timed_out_until
                     ^^^^^^^^^^^^^^^^^^^^^^
AttributeError: 'Member' object has no attribute 'timed_out_until'
Ignoring exception in on_member_update
Traceback (most recent call last):
  File "/usr/local/lib/python3.12/site-packages/discord/client.py", line 465, in _run_event
    await coro(*args, **kwargs)
  File "/app/asu_discord/cogs/analytics.py", line 652, in on_member_update
    before_timeout = before.timed_out_until
                     ^^^^^^^^^^^^^^^^^^^^^^
AttributeError: 'Member' object has no attribute 'timed_out_until'
Ignoring exception in on_member_update
Traceback (most recent call last):
  File "/usr/local/lib/python3.12/site-packages/discord/client.py", line 465, in _run_event
    await coro(*args, **kwargs)
  File "/app/asu_discord/cogs/analytics.py", line 652, in on_member_update
    before_timeout = before.timed_out_until
                     ^^^^^^^^^^^^^^^^^^^^^^
AttributeError: 'Member' object has no attribute 'timed_out_until'
Ignoring exception in on_member_update
Traceback (most recent call last):
  File "/usr/local/lib/python3.12/site-packages/discord/client.py", line 465, in _run_event
    await coro(*args, **kwargs)
  File "/app/asu_discord/cogs/analytics.py", line 652, in on_member_update
    before_timeout = before.timed_out_until
                     ^^^^^^^^^^^^^^^^^^^^^^
AttributeError: 'Member' object has no attribute 'timed_out_until'
Ignoring exception in on_member_update
Traceback (most recent call last):
  File "/usr/local/lib/python3.12/site-packages/discord/client.py", line 465, in _run_event
    await coro(*args, **kwargs)
  File "/app/asu_discord/cogs/analytics.py", line 652, in on_member_update
    before_timeout = before.timed_out_until
                     ^^^^^^^^^^^^^^^^^^^^^^
AttributeError: 'Member' object has no attribute 'timed_out_until'
Ignoring exception in on_member_update
Traceback (most recent call last):
  File "/usr/local/lib/python3.12/site-packages/discord/client.py", line 465, in _run_event
    await coro(*args, **kwargs)
  File "/app/asu_discord/cogs/analytics.py", line 652, in on_member_update
    before_timeout = before.timed_out_until
                     ^^^^^^^^^^^^^^^^^^^^^^
AttributeError: 'Member' object has no attribute 'timed_out_until'
Ignoring exception in on_member_update
Traceback (most recent call last):
  File "/usr/local/lib/python3.12/site-packages/discord/client.py", line 465, in _run_event
    await coro(*args, **kwargs)
  File "/app/asu_discord/cogs/analytics.py", line 652, in on_member_update
    before_timeout = before.timed_out_until
                     ^^^^^^^^^^^^^^^^^^^^^^
AttributeError: 'Member' object has no attribute 'timed_out_until'
Ignoring exception in on_member_update
Traceback (most recent call last):
  File "/usr/local/lib/python3.12/site-packages/discord/client.py", line 465, in _run_event
    await coro(*args, **kwargs)
  File "/app/asu_discord/cogs/analytics.py", line 652, in on_member_update
    before_timeout = before.timed_out_until
                     ^^^^^^^^^^^^^^^^^^^^^^
AttributeError: 'Member' object has no attribute 'timed_out_until'
Ignoring exception in on_member_update
Traceback (most recent call last):
  File "/usr/local/lib/python3.12/site-packages/discord/client.py", line 465, in _run_event
    await coro(*args, **kwargs)
  File "/app/asu_discord/cogs/analytics.py", line 652, in on_member_update
    before_timeout = before.timed_out_until
                     ^^^^^^^^^^^^^^^^^^^^^^
AttributeError: 'Member' object has no attribute 'timed_out_until'
Ignoring exception in on_member_update
Traceback (most recent call last):
  File "/usr/local/lib/python3.12/site-packages/discord/client.py", line 465, in _run_event
    await coro(*args, **kwargs)
  File "/app/asu_discord/cogs/analytics.py", line 652, in on_member_update
    before_timeout = before.timed_out_until
                     ^^^^^^^^^^^^^^^^^^^^^^
AttributeError: 'Member' object has no attribute 'timed_out_until'
Ignoring exception in on_member_update
Traceback (most recent call last):
  File "/usr/local/lib/python3.12/site-packages/discord/client.py", line 465, in _run_event
    await coro(*args, **kwargs)
  File "/app/asu_discord/cogs/analytics.py", line 652, in on_member_update
    before_timeout = before.timed_out_until
                     ^^^^^^^^^^^^^^^^^^^^^^
AttributeError: 'Member' object has no attribute 'timed_out_until'
Ignoring exception in on_member_update
Traceback (most recent call last):
  File "/usr/local/lib/python3.12/site-packages/discord/client.py", line 465, in _run_event
    await coro(*args, **kwargs)
  File "/app/asu_discord/cogs/analytics.py", line 652, in on_member_update
    before_timeout = before.timed_out_until
                     ^^^^^^^^^^^^^^^^^^^^^^
AttributeError: 'Member' object has no attribute 'timed_out_until'
Ignoring exception in on_member_update
Traceback (most recent call last):
  File "/usr/local/lib/python3.12/site-packages/discord/client.py", line 465, in _run_event
    await coro(*args, **kwargs)
  File "/app/asu_discord/cogs/analytics.py", line 652, in on_member_update
    before_timeout = before.timed_out_until
                     ^^^^^^^^^^^^^^^^^^^^^^
AttributeError: 'Member' object has no attribute 'timed_out_until'
Ignoring exception in on_member_update
Traceback (most recent call last):
  File "/usr/local/lib/python3.12/site-packages/discord/client.py", line 465, in _run_event
    await coro(*args, **kwargs)
  File "/app/asu_discord/cogs/analytics.py", line 652, in on_member_update
    before_timeout = before.timed_out_until
                     ^^^^^^^^^^^^^^^^^^^^^^
AttributeError: 'Member' object has no attribute 'timed_out_until'
Ignoring exception in on_member_update
Traceback (most recent call last):
  File "/usr/local/lib/python3.12/site-packages/discord/client.py", line 465, in _run_event
    await coro(*args, **kwargs)
  File "/app/asu_discord/cogs/analytics.py", line 652, in on_member_update
    before_timeout = before.timed_out_until
                     ^^^^^^^^^^^^^^^^^^^^^^
AttributeError: 'Member' object has no attribute 'timed_out_until'
Ignoring exception in on_member_update
Traceback (most recent call last):
  File "/usr/local/lib/python3.12/site-packages/discord/client.py", line 465, in _run_event
    await coro(*args, **kwargs)
  File "/app/asu_discord/cogs/analytics.py", line 652, in on_member_update
    before_timeout = before.timed_out_until
                     ^^^^^^^^^^^^^^^^^^^^^^
AttributeError: 'Member' object has no attribute 'timed_out_until'
INFO:routes.cas:CAS response missing email; inferred jalittel@asu.edu
ERROR:routes.discord:Discord OAuth state mismatch: expected=None received=Cv1Zi3vtRTxQaA-DgjG1L9MgfaJ0ovQiRs7Fv_bFnvA
INFO:routes.cas:CAS response missing email; inferred jalittel@asu.edu
INFO:routes.cas:CAS response missing email; inferred jalittel@asu.edu
Ignoring exception in on_member_update
Traceback (most recent call last):
  File "/usr/local/lib/python3.12/site-packages/discord/client.py", line 465, in _run_event
    await coro(*args, **kwargs)
  File "/app/asu_discord/cogs/analytics.py", line 652, in on_member_update
    before_timeout = before.timed_out_until
                     ^^^^^^^^^^^^^^^^^^^^^^
AttributeError: 'Member' object has no attribute 'timed_out_until'
Ignoring exception in on_member_update
Traceback (most recent call last):
  File "/usr/local/lib/python3.12/site-packages/discord/client.py", line 465, in _run_event
    await coro(*args, **kwargs)
  File "/app/asu_discord/cogs/analytics.py", line 652, in on_member_update
    before_timeout = before.timed_out_until
                     ^^^^^^^^^^^^^^^^^^^^^^
AttributeError: 'Member' object has no attribute 'timed_out_until'
INFO:asu_discord.cogs.verification:Removed unverified role 1207441184218161182 from member 1290400023942660140
INFO:asu_discord.cogs.verification:Assigned verification role to Discord user 1290400023942660140 (ASURITE: jalittel)
INFO:routes.discord:Salesforce profile data for jalittel (Discord 1290400023942660140): asurite='jalittel' name='Jolie Littell' fullName='Jolie Littell' email='jolielittell08@gmail.com' state='Arizona' country='United States' contactId='0036T00004gmM3UQAU' opportunities=[SalesforceOpportunity(stageName='Enrolled', termCode='2267', career='Undergraduate', type='First Time Freshman', internationalStudent=False, firstGeneration=False, enrollmentDepositPaid=None, enrollmentDepositStatus='Paid', collegeName='The College of Lib Arts & Sci', locationName='Tempe', collegeProgramCode='UGLA', programCode=None, createdDate='2024-08-24T18:07:38.000+0000', currentLocation='Tempe', academicPlanName='Bio Sci (Biomedical Sci)', opportunityId='0066T00001EikcdQAB', academicPlanCode='LABSCMBS', academicPlanId='a0Fd000000Vrg2REAR', accountId='0016T00003EKadaQAD', accountName='Jolie Littell', applicationDate='2025-11-01', applicationNumber='03196022', closeDate='2026-09-11', collegeId='a0Dd000000XwmNpEAJ', contactId='0036T00004gmM3UQAU', contactEmplid='1240852304', contactName='Jolie Littell', currentCiScore=97, deferred=False, doNotCall=False, externalApplicationNumber='9044921052', externalApplicationSource='Common App', housingStatus='Signed Contract', jointProgram=False, isClosed=False, isWon=False, lastModifiedDate='2026-07-08T11:54:07.000+0000', leadSource='PeopleSoft', locationId='a0Gd000000F95viEAB', militaryBenefits=False, name='Jolie Littell - 03196022 - 2267', onlineDegree=False, orientationStatus='Attended', ownerEmail='jennifer.ash@asu.edu', ownerId='005d0000002CxJHAA0', ownerOrganizationName='School of Life Sciences', ownerPhone='(480) 965-9022', ownerName='Jennifer Ash', primaryInterestId='7016T000002cLPyQAM', primaryInterestName='Pre-health', prospectCampaignId='7010W000002FaCTQA0', prospectCampaignName='Common Application (Prospect-Suspect)', recordTypeId='012d0000000x3xxAAA', recordTypeName='Undergraduate Application', selfReportedTransferCreditHours=0, termId='a0Jd000000U7lzFEAR')] inState=True outOfState=False college='College of Liberal Arts and Sciences' program='Bio Sci (Biomedical Sci)' career='Undergraduate' admitType='First Time Freshman' firstTimeFreshman=True transfer=False collegeProgramCode='UGLA' is_international=False international=False stateOfResidence='Arizona' enrollmentDepositPaid=True stageName='Enrolled' current=False firstYear=True depositPaid=True campus='Tempe' locationName='Tempe' termCode='2267' selectedOpportunity=SalesforceOpportunity(stageName='Enrolled', termCode='2267', career='Undergraduate', type='First Time Freshman', internationalStudent=False, firstGeneration=False, enrollmentDepositPaid=None, enrollmentDepositStatus='Paid', collegeName='The College of Lib Arts & Sci', locationName='Tempe', collegeProgramCode='UGLA', programCode=None, createdDate='2024-08-24T18:07:38.000+0000', currentLocation='Tempe', academicPlanName='Bio Sci (Biomedical Sci)', opportunityId='0066T00001EikcdQAB', academicPlanCode='LABSCMBS', academicPlanId='a0Fd000000Vrg2REAR', accountId='0016T00003EKadaQAD', accountName='Jolie Littell', applicationDate='2025-11-01', applicationNumber='03196022', closeDate='2026-09-11', collegeId='a0Dd000000XwmNpEAJ', contactId='0036T00004gmM3UQAU', contactEmplid='1240852304', contactName='Jolie Littell', currentCiScore=97, deferred=False, doNotCall=False, externalApplicationNumber='9044921052', externalApplicationSource='Common App', housingStatus='Signed Contract', jointProgram=False, isClosed=False, isWon=False, lastModifiedDate='2026-07-08T11:54:07.000+0000', leadSource='PeopleSoft', locationId='a0Gd000000F95viEAB', militaryBenefits=False, name='Jolie Littell - 03196022 - 2267', onlineDegree=False, orientationStatus='Attended', ownerEmail='jennifer.ash@asu.edu', ownerId='005d0000002CxJHAA0', ownerOrganizationName='School of Life Sciences', ownerPhone='(480) 965-9022', ownerName='Jennifer Ash', primaryInterestId='7016T000002cLPyQAM', primaryInterestName='Pre-health', prospectCampaignId='7010W000002FaCTQA0', prospectCampaignName='Common Application (Prospect-Suspect)', recordTypeId='012d0000000x3xxAAA', recordTypeName='Undergraduate Application', selfReportedTransferCreditHours=0, termId='a0Jd000000U7lzFEAR') type='First Time Freshman'
Ignoring exception in on_member_update
Traceback (most recent call last):
  File "/usr/local/lib/python3.12/site-packages/discord/client.py", line 465, in _run_event
    await coro(*args, **kwargs)
  File "/app/asu_discord/cogs/analytics.py", line 652, in on_member_update
    before_timeout = before.timed_out_until
                     ^^^^^^^^^^^^^^^^^^^^^^
AttributeError: 'Member' object has no attribute 'timed_out_until'
Ignoring exception in on_member_update
Traceback (most recent call last):
  File "/usr/local/lib/python3.12/site-packages/discord/client.py", line 465, in _run_event
    await coro(*args, **kwargs)
  File "/app/asu_discord/cogs/analytics.py", line 652, in on_member_update
    before_timeout = before.timed_out_until
                     ^^^^^^^^^^^^^^^^^^^^^^
AttributeError: 'Member' object has no attribute 'timed_out_until'
Ignoring exception in on_member_update
Traceback (most recent call last):
  File "/usr/local/lib/python3.12/site-packages/discord/client.py", line 465, in _run_event
    await coro(*args, **kwargs)
  File "/app/asu_discord/cogs/analytics.py", line 652, in on_member_update
    before_timeout = before.timed_out_until
                     ^^^^^^^^^^^^^^^^^^^^^^
AttributeError: 'Member' object has no attribute 'timed_out_until'
Ignoring exception in on_member_update
Traceback (most recent call last):
  File "/usr/local/lib/python3.12/site-packages/discord/client.py", line 465, in _run_event
    await coro(*args, **kwargs)
  File "/app/asu_discord/cogs/analytics.py", line 652, in on_member_update
    before_timeout = before.timed_out_until
                     ^^^^^^^^^^^^^^^^^^^^^^
AttributeError: 'Member' object has no attribute 'timed_out_until'
Ignoring exception in on_member_update
Traceback (most recent call last):
  File "/usr/local/lib/python3.12/site-packages/discord/client.py", line 465, in _run_event
    await coro(*args, **kwargs)
  File "/app/asu_discord/cogs/analytics.py", line 652, in on_member_update
    before_timeout = before.timed_out_until
                     ^^^^^^^^^^^^^^^^^^^^^^
AttributeError: 'Member' object has no attribute 'timed_out_until'
INFO:asu_discord.cogs.verification:Assigned Salesforce-based roles [1333934478887882823, 1187460910936232099, 1356257786563920023, 1187164746454138900, 1282464973255348366] to Discord user 1290400023942660140
INFO:asu_discord.cogs.verification:Saved 5 roles to database for user jalittel (Discord ID: 1290400023942660140)
Ignoring exception in on_member_update
Traceback (most recent call last):
  File "/usr/local/lib/python3.12/site-packages/discord/client.py", line 465, in _run_event
    await coro(*args, **kwargs)
  File "/app/asu_discord/cogs/analytics.py", line 652, in on_member_update
    before_timeout = before.timed_out_until
                     ^^^^^^^^^^^^^^^^^^^^^^
AttributeError: 'Member' object has no attribute 'timed_out_until'
INFO:cron.manager:Running cron job: upload_emails_to_sftp
INFO:paramiko.transport:Connected (version 2.0, client 7.9.0.0_openssh)
ERROR:paramiko.transport:Exception (client): Incompatible ssh peer (no acceptable host key)
ERROR:paramiko.transport:Traceback (most recent call last):
ERROR:paramiko.transport:  File "/usr/local/lib/python3.12/site-packages/paramiko/transport.py", line 2080, in run
ERROR:paramiko.transport:    self._handler_table[ptype](m)
ERROR:paramiko.transport:  File "/usr/local/lib/python3.12/site-packages/paramiko/transport.py", line 2200, in _negotiate_keys
ERROR:paramiko.transport:    self._parse_kex_init(m)
ERROR:paramiko.transport:  File "/usr/local/lib/python3.12/site-packages/paramiko/transport.py", line 2451, in _parse_kex_init
ERROR:paramiko.transport:    raise IncompatiblePeer(
ERROR:paramiko.transport:paramiko.ssh_exception.IncompatiblePeer: Incompatible ssh peer (no acceptable host key)
ERROR:paramiko.transport:
ERROR:cron.manager:Cron job failed: upload_emails_to_sftp
Traceback (most recent call last):
  File "/app/cron/manager.py", line 71, in run_jobs
    job()
  File "/app/cron/jobs.py", line 106, in upload_emails_to_sftp
    remote_path = _upload_csv(SFTP_CONFIG, csv_payload, filename)
                  ^^^^^^^^^^^^^^^^^^^^^^^^^^^^^^^^^^^^^^^^^^^^^^^
  File "/app/cron/jobs.py", line 113, in _upload_csv
    with SftpClient(config) as client:
         ^^^^^^^^^^^^^^^^^^
  File "/app/clients/sftp_client.py", line 23, in __enter__
    self._connect()
  File "/app/clients/sftp_client.py", line 34, in _connect
    client.connect(
  File "/usr/local/lib/python3.12/site-packages/paramiko/client.py", line 443, in connect
    t.start_client(timeout=timeout)
  File "/usr/local/lib/python3.12/site-packages/paramiko/transport.py", line 701, in start_client
    raise e
  File "/usr/local/lib/python3.12/site-packages/paramiko/transport.py", line 2080, in run
    self._handler_table[ptype](m)
  File "/usr/local/lib/python3.12/site-packages/paramiko/transport.py", line 2200, in _negotiate_keys
    self._parse_kex_init(m)
  File "/usr/local/lib/python3.12/site-packages/paramiko/transport.py", line 2451, in _parse_kex_init
    raise IncompatiblePeer(
paramiko.ssh_exception.IncompatiblePeer: Incompatible ssh peer (no acceptable host key)
ERROR:cron.manager:Cron jobs failed: upload_emails_to_sftp
INFO:cron.manager:Running cron job: upload_incomplete_verifications_to_sftp
INFO:paramiko.transport:Connected (version 2.0, client 7.9.0.0_openssh)
ERROR:paramiko.transport:Exception (client): Incompatible ssh peer (no acceptable host key)
ERROR:paramiko.transport:Traceback (most recent call last):
ERROR:paramiko.transport:  File "/usr/local/lib/python3.12/site-packages/paramiko/transport.py", line 2080, in run
ERROR:paramiko.transport:    self._handler_table[ptype](m)
ERROR:paramiko.transport:  File "/usr/local/lib/python3.12/site-packages/paramiko/transport.py", line 2200, in _negotiate_keys
ERROR:paramiko.transport:    self._parse_kex_init(m)
ERROR:paramiko.transport:  File "/usr/local/lib/python3.12/site-packages/paramiko/transport.py", line 2451, in _parse_kex_init
ERROR:paramiko.transport:    raise IncompatiblePeer(
ERROR:paramiko.transport:paramiko.ssh_exception.IncompatiblePeer: Incompatible ssh peer (no acceptable host key)
ERROR:paramiko.transport:
ERROR:cron.manager:Cron job failed: upload_incomplete_verifications_to_sftp
Traceback (most recent call last):
  File "/app/cron/manager.py", line 71, in run_jobs
    job()
  File "/app/cron/jobs.py", line 191, in upload_incomplete_verifications_to_sftp
    remote_path = _upload_csv(SFTP_CONFIG, csv_payload, filename)
                  ^^^^^^^^^^^^^^^^^^^^^^^^^^^^^^^^^^^^^^^^^^^^^^^
  File "/app/cron/jobs.py", line 113, in _upload_csv
    with SftpClient(config) as client:
         ^^^^^^^^^^^^^^^^^^
  File "/app/clients/sftp_client.py", line 23, in __enter__
    self._connect()
  File "/app/clients/sftp_client.py", line 34, in _connect
    client.connect(
  File "/usr/local/lib/python3.12/site-packages/paramiko/client.py", line 443, in connect
    t.start_client(timeout=timeout)
  File "/usr/local/lib/python3.12/site-packages/paramiko/transport.py", line 701, in start_client
    raise e
  File "/usr/local/lib/python3.12/site-packages/paramiko/transport.py", line 2080, in run
    self._handler_table[ptype](m)
  File "/usr/local/lib/python3.12/site-packages/paramiko/transport.py", line 2200, in _negotiate_keys
    self._parse_kex_init(m)
  File "/usr/local/lib/python3.12/site-packages/paramiko/transport.py", line 2451, in _parse_kex_init
    raise IncompatiblePeer(
paramiko.ssh_exception.IncompatiblePeer: Incompatible ssh peer (no acceptable host key)
ERROR:cron.manager:Cron jobs failed: upload_incomplete_verifications_to_sftp
INFO:cron.manager:Running cron job: upload_departed_to_sftp
INFO:paramiko.transport:Connected (version 2.0, client 7.9.0.0_openssh)
ERROR:paramiko.transport:Exception (client): Incompatible ssh peer (no acceptable host key)
ERROR:paramiko.transport:Traceback (most recent call last):
ERROR:paramiko.transport:  File "/usr/local/lib/python3.12/site-packages/paramiko/transport.py", line 2080, in run
ERROR:paramiko.transport:    self._handler_table[ptype](m)
ERROR:paramiko.transport:  File "/usr/local/lib/python3.12/site-packages/paramiko/transport.py", line 2200, in _negotiate_keys
ERROR:paramiko.transport:    self._parse_kex_init(m)
ERROR:paramiko.transport:  File "/usr/local/lib/python3.12/site-packages/paramiko/transport.py", line 2451, in _parse_kex_init
ERROR:paramiko.transport:    raise IncompatiblePeer(
ERROR:paramiko.transport:paramiko.ssh_exception.IncompatiblePeer: Incompatible ssh peer (no acceptable host key)
ERROR:paramiko.transport:
ERROR:cron.manager:Cron job failed: upload_departed_to_sftp
Traceback (most recent call last):
  File "/app/cron/manager.py", line 71, in run_jobs
    job()
  File "/app/cron/jobs.py", line 219, in upload_departed_to_sftp
    remote_path = _upload_csv(SFTP_CONFIG, csv_payload, filename)
                  ^^^^^^^^^^^^^^^^^^^^^^^^^^^^^^^^^^^^^^^^^^^^^^^
  File "/app/cron/jobs.py", line 113, in _upload_csv
    with SftpClient(config) as client:
         ^^^^^^^^^^^^^^^^^^
  File "/app/clients/sftp_client.py", line 23, in __enter__
    self._connect()
  File "/app/clients/sftp_client.py", line 34, in _connect
    client.connect(
  File "/usr/local/lib/python3.12/site-packages/paramiko/client.py", line 443, in connect
    t.start_client(timeout=timeout)
  File "/usr/local/lib/python3.12/site-packages/paramiko/transport.py", line 701, in start_client
    raise e
  File "/usr/local/lib/python3.12/site-packages/paramiko/transport.py", line 2080, in run
    self._handler_table[ptype](m)
  File "/usr/local/lib/python3.12/site-packages/paramiko/transport.py", line 2200, in _negotiate_keys
    self._parse_kex_init(m)
  File "/usr/local/lib/python3.12/site-packages/paramiko/transport.py", line 2451, in _parse_kex_init
    raise IncompatiblePeer(
paramiko.ssh_exception.IncompatiblePeer: Incompatible ssh peer (no acceptable host key)
ERROR:cron.manager:Cron jobs failed: upload_departed_to_sftp
INFO:cron.manager:Running cron job: upload_emails_to_sftp
INFO:paramiko.transport:Connected (version 2.0, client 7.9.0.0_openssh)
ERROR:paramiko.transport:Exception (client): Incompatible ssh peer (no acceptable host key)
ERROR:paramiko.transport:Traceback (most recent call last):
ERROR:paramiko.transport:  File "/usr/local/lib/python3.12/site-packages/paramiko/transport.py", line 2080, in run
ERROR:paramiko.transport:    self._handler_table[ptype](m)
ERROR:paramiko.transport:  File "/usr/local/lib/python3.12/site-packages/paramiko/transport.py", line 2200, in _negotiate_keys
ERROR:paramiko.transport:    self._parse_kex_init(m)
ERROR:paramiko.transport:  File "/usr/local/lib/python3.12/site-packages/paramiko/transport.py", line 2451, in _parse_kex_init
ERROR:paramiko.transport:    raise IncompatiblePeer(
ERROR:paramiko.transport:paramiko.ssh_exception.IncompatiblePeer: Incompatible ssh peer (no acceptable host key)
ERROR:paramiko.transport:
ERROR:cron.manager:Cron job failed: upload_emails_to_sftp
Traceback (most recent call last):
  File "/app/cron/manager.py", line 71, in run_jobs
    job()
  File "/app/cron/jobs.py", line 106, in upload_emails_to_sftp
    remote_path = _upload_csv(SFTP_CONFIG, csv_payload, filename)
                  ^^^^^^^^^^^^^^^^^^^^^^^^^^^^^^^^^^^^^^^^^^^^^^^
  File "/app/cron/jobs.py", line 113, in _upload_csv
    with SftpClient(config) as client:
         ^^^^^^^^^^^^^^^^^^
  File "/app/clients/sftp_client.py", line 23, in __enter__
    self._connect()
  File "/app/clients/sftp_client.py", line 34, in _connect
    client.connect(
  File "/usr/local/lib/python3.12/site-packages/paramiko/client.py", line 443, in connect
    t.start_client(timeout=timeout)
  File "/usr/local/lib/python3.12/site-packages/paramiko/transport.py", line 701, in start_client
    raise e
  File "/usr/local/lib/python3.12/site-packages/paramiko/transport.py", line 2080, in run
    self._handler_table[ptype](m)
  File "/usr/local/lib/python3.12/site-packages/paramiko/transport.py", line 2200, in _negotiate_keys
    self._parse_kex_init(m)
  File "/usr/local/lib/python3.12/site-packages/paramiko/transport.py", line 2451, in _parse_kex_init
    raise IncompatiblePeer(
paramiko.ssh_exception.IncompatiblePeer: Incompatible ssh peer (no acceptable host key)
ERROR:cron.manager:Cron jobs failed: upload_emails_to_sftp
INFO:cron.manager:Running cron job: upload_incomplete_verifications_to_sftp
INFO:paramiko.transport:Connected (version 2.0, client 7.9.0.0_openssh)
ERROR:paramiko.transport:Exception (client): Incompatible ssh peer (no acceptable host key)
ERROR:paramiko.transport:Traceback (most recent call last):
ERROR:paramiko.transport:  File "/usr/local/lib/python3.12/site-packages/paramiko/transport.py", line 2080, in run
ERROR:paramiko.transport:    self._handler_table[ptype](m)
ERROR:paramiko.transport:  File "/usr/local/lib/python3.12/site-packages/paramiko/transport.py", line 2200, in _negotiate_keys
ERROR:paramiko.transport:    self._parse_kex_init(m)
ERROR:paramiko.transport:  File "/usr/local/lib/python3.12/site-packages/paramiko/transport.py", line 2451, in _parse_kex_init
ERROR:paramiko.transport:    raise IncompatiblePeer(
ERROR:paramiko.transport:paramiko.ssh_exception.IncompatiblePeer: Incompatible ssh peer (no acceptable host key)
ERROR:paramiko.transport:
ERROR:cron.manager:Cron job failed: upload_incomplete_verifications_to_sftp
Traceback (most recent call last):
  File "/app/cron/manager.py", line 71, in run_jobs
    job()
  File "/app/cron/jobs.py", line 191, in upload_incomplete_verifications_to_sftp
    remote_path = _upload_csv(SFTP_CONFIG, csv_payload, filename)
                  ^^^^^^^^^^^^^^^^^^^^^^^^^^^^^^^^^^^^^^^^^^^^^^^
  File "/app/cron/jobs.py", line 113, in _upload_csv
    with SftpClient(config) as client:
         ^^^^^^^^^^^^^^^^^^
  File "/app/clients/sftp_client.py", line 23, in __enter__
    self._connect()
  File "/app/clients/sftp_client.py", line 34, in _connect
    client.connect(
  File "/usr/local/lib/python3.12/site-packages/paramiko/client.py", line 443, in connect
    t.start_client(timeout=timeout)
  File "/usr/local/lib/python3.12/site-packages/paramiko/transport.py", line 701, in start_client
    raise e
  File "/usr/local/lib/python3.12/site-packages/paramiko/transport.py", line 2080, in run
    self._handler_table[ptype](m)
  File "/usr/local/lib/python3.12/site-packages/paramiko/transport.py", line 2200, in _negotiate_keys
    self._parse_kex_init(m)
  File "/usr/local/lib/python3.12/site-packages/paramiko/transport.py", line 2451, in _parse_kex_init
    raise IncompatiblePeer(
paramiko.ssh_exception.IncompatiblePeer: Incompatible ssh peer (no acceptable host key)
ERROR:cron.manager:Cron jobs failed: upload_incomplete_verifications_to_sftp
INFO:cron.manager:Running cron job: upload_departed_to_sftp
INFO:paramiko.transport:Connected (version 2.0, client 7.9.0.0_openssh)
ERROR:paramiko.transport:Exception (client): Incompatible ssh peer (no acceptable host key)
ERROR:paramiko.transport:Traceback (most recent call last):
ERROR:paramiko.transport:  File "/usr/local/lib/python3.12/site-packages/paramiko/transport.py", line 2080, in run
ERROR:paramiko.transport:    self._handler_table[ptype](m)
ERROR:paramiko.transport:  File "/usr/local/lib/python3.12/site-packages/paramiko/transport.py", line 2200, in _negotiate_keys
ERROR:paramiko.transport:    self._parse_kex_init(m)
ERROR:paramiko.transport:  File "/usr/local/lib/python3.12/site-packages/paramiko/transport.py", line 2451, in _parse_kex_init
ERROR:paramiko.transport:    raise IncompatiblePeer(
ERROR:paramiko.transport:paramiko.ssh_exception.IncompatiblePeer: Incompatible ssh peer (no acceptable host key)
ERROR:paramiko.transport:
ERROR:cron.manager:Cron job failed: upload_departed_to_sftp
Traceback (most recent call last):
  File "/app/cron/manager.py", line 71, in run_jobs
    job()
  File "/app/cron/jobs.py", line 219, in upload_departed_to_sftp
    remote_path = _upload_csv(SFTP_CONFIG, csv_payload, filename)
                  ^^^^^^^^^^^^^^^^^^^^^^^^^^^^^^^^^^^^^^^^^^^^^^^
  File "/app/cron/jobs.py", line 113, in _upload_csv
    with SftpClient(config) as client:
         ^^^^^^^^^^^^^^^^^^
  File "/app/clients/sftp_client.py", line 23, in __enter__
    self._connect()
  File "/app/clients/sftp_client.py", line 34, in _connect
    client.connect(
  File "/usr/local/lib/python3.12/site-packages/paramiko/client.py", line 443, in connect
    t.start_client(timeout=timeout)
  File "/usr/local/lib/python3.12/site-packages/paramiko/transport.py", line 701, in start_client
    raise e
  File "/usr/local/lib/python3.12/site-packages/paramiko/transport.py", line 2080, in run
    self._handler_table[ptype](m)
  File "/usr/local/lib/python3.12/site-packages/paramiko/transport.py", line 2200, in _negotiate_keys
    self._parse_kex_init(m)
  File "/usr/local/lib/python3.12/site-packages/paramiko/transport.py", line 2451, in _parse_kex_init
    raise IncompatiblePeer(
paramiko.ssh_exception.IncompatiblePeer: Incompatible ssh peer (no acceptable host key)
ERROR:cron.manager:Cron jobs failed: upload_departed_to_sftp
Ignoring exception in on_scheduled_event_update
Traceback (most recent call last):
  File "/usr/local/lib/python3.12/site-packages/discord/client.py", line 465, in _run_event
    await coro(*args, **kwargs)
  File "/app/asu_discord/cogs/event_tracker.py", line 180, in on_scheduled_event_update
    self._upsert_event(db_session, after)
  File "/app/asu_discord/cogs/event_tracker.py", line 68, in _upsert_event
    guild_id=str(event.guild_id),
                 ^^^^^^^^^^^^^^
AttributeError: 'ScheduledEvent' object has no attribute 'guild_id'
Ignoring exception in on_member_update
Traceback (most recent call last):
  File "/usr/local/lib/python3.12/site-packages/discord/client.py", line 465, in _run_event
    await coro(*args, **kwargs)
  File "/app/asu_discord/cogs/analytics.py", line 652, in on_member_update
    before_timeout = before.timed_out_until
                     ^^^^^^^^^^^^^^^^^^^^^^
AttributeError: 'Member' object has no attribute 'timed_out_until'
Ignoring exception in on_member_update
Traceback (most recent call last):
  File "/usr/local/lib/python3.12/site-packages/discord/client.py", line 465, in _run_event
    await coro(*args, **kwargs)
  File "/app/asu_discord/cogs/analytics.py", line 652, in on_member_update
    before_timeout = before.timed_out_until
                     ^^^^^^^^^^^^^^^^^^^^^^
AttributeError: 'Member' object has no attribute 'timed_out_until'
Ignoring exception in on_member_update
Traceback (most recent call last):
  File "/usr/local/lib/python3.12/site-packages/discord/client.py", line 465, in _run_event
    await coro(*args, **kwargs)
  File "/app/asu_discord/cogs/analytics.py", line 652, in on_member_update
    before_timeout = before.timed_out_until
                     ^^^^^^^^^^^^^^^^^^^^^^
AttributeError: 'Member' object has no attribute 'timed_out_until'
Ignoring exception in on_member_update
Traceback (most recent call last):
  File "/usr/local/lib/python3.12/site-packages/discord/client.py", line 465, in _run_event
    await coro(*args, **kwargs)
  File "/app/asu_discord/cogs/analytics.py", line 652, in on_member_update
    before_timeout = before.timed_out_until
                     ^^^^^^^^^^^^^^^^^^^^^^
AttributeError: 'Member' object has no attribute 'timed_out_until'
Ignoring exception in on_member_update
Traceback (most recent call last):
  File "/usr/local/lib/python3.12/site-packages/discord/client.py", line 465, in _run_event
    await coro(*args, **kwargs)
  File "/app/asu_discord/cogs/analytics.py", line 652, in on_member_update
    before_timeout = before.timed_out_until
                     ^^^^^^^^^^^^^^^^^^^^^^
AttributeError: 'Member' object has no attribute 'timed_out_until'
Ignoring exception in on_member_update
Traceback (most recent call last):
  File "/usr/local/lib/python3.12/site-packages/discord/client.py", line 465, in _run_event
    await coro(*args, **kwargs)
  File "/app/asu_discord/cogs/analytics.py", line 652, in on_member_update
    before_timeout = before.timed_out_until
                     ^^^^^^^^^^^^^^^^^^^^^^
AttributeError: 'Member' object has no attribute 'timed_out_until'
Ignoring exception in on_member_update
Traceback (most recent call last):
  File "/usr/local/lib/python3.12/site-packages/discord/client.py", line 465, in _run_event
    await coro(*args, **kwargs)
  File "/app/asu_discord/cogs/analytics.py", line 652, in on_member_update
    before_timeout = before.timed_out_until
                     ^^^^^^^^^^^^^^^^^^^^^^
AttributeError: 'Member' object has no attribute 'timed_out_until'
Ignoring exception in on_member_update
Traceback (most recent call last):
  File "/usr/local/lib/python3.12/site-packages/discord/client.py", line 465, in _run_event
    await coro(*args, **kwargs)
  File "/app/asu_discord/cogs/analytics.py", line 652, in on_member_update
    before_timeout = before.timed_out_until
                     ^^^^^^^^^^^^^^^^^^^^^^
AttributeError: 'Member' object has no attribute 'timed_out_until'
Ignoring exception in on_member_update
Traceback (most recent call last):
  File "/usr/local/lib/python3.12/site-packages/discord/client.py", line 465, in _run_event
    await coro(*args, **kwargs)
  File "/app/asu_discord/cogs/analytics.py", line 652, in on_member_update
    before_timeout = before.timed_out_until
                     ^^^^^^^^^^^^^^^^^^^^^^
AttributeError: 'Member' object has no attribute 'timed_out_until'
Ignoring exception in on_member_update
Traceback (most recent call last):
  File "/usr/local/lib/python3.12/site-packages/discord/client.py", line 465, in _run_event
    await coro(*args, **kwargs)
  File "/app/asu_discord/cogs/analytics.py", line 652, in on_member_update
    before_timeout = before.timed_out_until
                     ^^^^^^^^^^^^^^^^^^^^^^
AttributeError: 'Member' object has no attribute 'timed_out_until'
Ignoring exception in on_member_update
Traceback (most recent call last):
  File "/usr/local/lib/python3.12/site-packages/discord/client.py", line 465, in _run_event
    await coro(*args, **kwargs)
  File "/app/asu_discord/cogs/analytics.py", line 652, in on_member_update
    before_timeout = before.timed_out_until
                     ^^^^^^^^^^^^^^^^^^^^^^
AttributeError: 'Member' object has no attribute 'timed_out_until'
Ignoring exception in on_member_update
Traceback (most recent call last):
  File "/usr/local/lib/python3.12/site-packages/discord/client.py", line 465, in _run_event
    await coro(*args, **kwargs)
  File "/app/asu_discord/cogs/analytics.py", line 652, in on_member_update
    before_timeout = before.timed_out_until
                     ^^^^^^^^^^^^^^^^^^^^^^
AttributeError: 'Member' object has no attribute 'timed_out_until'
INFO:discord.client:Got a request to RESUME the websocket.
INFO:discord.gateway:Shard ID None has sent the RESUME payload.
INFO:discord.gateway:Shard ID None has successfully RESUMED session 6e3407fd591f617e4a33b69139a85b12 under trace ["gateway-prd-arm-us-east1-b-w48s",{"micros":3956,"calls":["id_created",{"micros":0,"calls":[]},"session_lookup_time",{"micros":483,"calls":[]},"session_lookup_finished",{"micros":19,"calls":[]},"sessions-prd-gcp-us-east1-b-23",{"micros":18}]}].
Ignoring exception in on_member_update
Traceback (most recent call last):
  File "/usr/local/lib/python3.12/site-packages/discord/client.py", line 465, in _run_event
    await coro(*args, **kwargs)
  File "/app/asu_discord/cogs/analytics.py", line 652, in on_member_update
    before_timeout = before.timed_out_until
                     ^^^^^^^^^^^^^^^^^^^^^^
AttributeError: 'Member' object has no attribute 'timed_out_until'
Ignoring exception in on_member_update
Traceback (most recent call last):
  File "/usr/local/lib/python3.12/site-packages/discord/client.py", line 465, in _run_event
    await coro(*args, **kwargs)
  File "/app/asu_discord/cogs/analytics.py", line 652, in on_member_update
    before_timeout = before.timed_out_until
                     ^^^^^^^^^^^^^^^^^^^^^^
AttributeError: 'Member' object has no attribute 'timed_out_until'
INFO:discord.gateway:Websocket closed with 1006, attempting a reconnect.
INFO:discord.client:Got a request to RESUME the websocket.
INFO:discord.gateway:Shard ID None has sent the RESUME payload.
INFO:discord.gateway:Shard ID None has successfully RESUMED session 6e3407fd591f617e4a33b69139a85b12 under trace ["gateway-prd-arm-us-east1-b-s80l",{"micros":481,"calls":["id_created",{"micros":0,"calls":[]},"session_lookup_time",{"micros":184,"calls":[]},"session_lookup_finished",{"micros":10,"calls":[]},"sessions-prd-gcp-us-east1-b-23",{"micros":17}]}].
Ignoring exception in on_member_update
Traceback (most recent call last):
  File "/usr/local/lib/python3.12/site-packages/discord/client.py", line 465, in _run_event
    await coro(*args, **kwargs)
  File "/app/asu_discord/cogs/analytics.py", line 652, in on_member_update
    before_timeout = before.timed_out_until
                     ^^^^^^^^^^^^^^^^^^^^^^
AttributeError: 'Member' object has no attribute 'timed_out_until'
Ignoring exception in on_member_update
Traceback (most recent call last):
  File "/usr/local/lib/python3.12/site-packages/discord/client.py", line 465, in _run_event
    await coro(*args, **kwargs)
  File "/app/asu_discord/cogs/analytics.py", line 652, in on_member_update
    before_timeout = before.timed_out_until
                     ^^^^^^^^^^^^^^^^^^^^^^
AttributeError: 'Member' object has no attribute 'timed_out_until'
Ignoring exception in on_member_update
Traceback (most recent call last):
  File "/usr/local/lib/python3.12/site-packages/discord/client.py", line 465, in _run_event
    await coro(*args, **kwargs)
  File "/app/asu_discord/cogs/analytics.py", line 652, in on_member_update
    before_timeout = before.timed_out_until
                     ^^^^^^^^^^^^^^^^^^^^^^
AttributeError: 'Member' object has no attribute 'timed_out_until'
INFO:discord.gateway:Websocket closed with 1006, attempting a reconnect.
INFO:discord.client:Got a request to RESUME the websocket.
INFO:discord.gateway:Shard ID None has sent the RESUME payload.
INFO:discord.gateway:Shard ID None has successfully RESUMED session 6e3407fd591f617e4a33b69139a85b12 under trace ["gateway-prd-arm-us-east1-b-5bb1",{"micros":17657,"calls":["id_created",{"micros":0,"calls":[]},"session_lookup_time",{"micros":17423,"calls":[]},"session_lookup_finished",{"micros":14,"calls":[]},"sessions-prd-gcp-us-east1-b-23",{"micros":14}]}].
INFO:cron.manager:Running cron job: refresh_salesforce_roles
INFO:cron.jobs:refresh_salesforce_roles: processing 3690 users
Ignoring exception in on_member_update
Traceback (most recent call last):
  File "/usr/local/lib/python3.12/site-packages/discord/client.py", line 465, in _run_event
    await coro(*args, **kwargs)
  File "/app/asu_discord/cogs/analytics.py", line 652, in on_member_update
    before_timeout = before.timed_out_until
                     ^^^^^^^^^^^^^^^^^^^^^^
AttributeError: 'Member' object has no attribute 'timed_out_until'
Ignoring exception in on_member_update
Traceback (most recent call last):
  File "/usr/local/lib/python3.12/site-packages/discord/client.py", line 465, in _run_event
    await coro(*args, **kwargs)
  File "/app/asu_discord/cogs/analytics.py", line 652, in on_member_update
    before_timeout = before.timed_out_until
                     ^^^^^^^^^^^^^^^^^^^^^^
AttributeError: 'Member' object has no attribute 'timed_out_until'
Ignoring exception in on_member_update
Traceback (most recent call last):
  File "/usr/local/lib/python3.12/site-packages/discord/client.py", line 465, in _run_event
    await coro(*args, **kwargs)
  File "/app/asu_discord/cogs/analytics.py", line 652, in on_member_update
    before_timeout = before.timed_out_until
                     ^^^^^^^^^^^^^^^^^^^^^^
AttributeError: 'Member' object has no attribute 'timed_out_until'
Ignoring exception in on_member_update
Traceback (most recent call last):
  File "/usr/local/lib/python3.12/site-packages/discord/client.py", line 465, in _run_event
    await coro(*args, **kwargs)
  File "/app/asu_discord/cogs/analytics.py", line 652, in on_member_update
    before_timeout = before.timed_out_until
                     ^^^^^^^^^^^^^^^^^^^^^^
AttributeError: 'Member' object has no attribute 'timed_out_until'
Ignoring exception in on_member_update
Traceback (most recent call last):
  File "/usr/local/lib/python3.12/site-packages/discord/client.py", line 465, in _run_event
    await coro(*args, **kwargs)
  File "/app/asu_discord/cogs/analytics.py", line 652, in on_member_update
    before_timeout = before.timed_out_until
                     ^^^^^^^^^^^^^^^^^^^^^^
AttributeError: 'Member' object has no attribute 'timed_out_until'
Ignoring exception in on_member_update
Traceback (most recent call last):
  File "/usr/local/lib/python3.12/site-packages/discord/client.py", line 465, in _run_event
    await coro(*args, **kwargs)
  File "/app/asu_discord/cogs/analytics.py", line 652, in on_member_update
    before_timeout = before.timed_out_until
                     ^^^^^^^^^^^^^^^^^^^^^^
AttributeError: 'Member' object has no attribute 'timed_out_until'
Ignoring exception in on_member_update
Traceback (most recent call last):
  File "/usr/local/lib/python3.12/site-packages/discord/client.py", line 465, in _run_event
    await coro(*args, **kwargs)
  File "/app/asu_discord/cogs/analytics.py", line 652, in on_member_update
    before_timeout = before.timed_out_until
                     ^^^^^^^^^^^^^^^^^^^^^^
AttributeError: 'Member' object has no attribute 'timed_out_until'
Ignoring exception in on_member_update
Traceback (most recent call last):
  File "/usr/local/lib/python3.12/site-packages/discord/client.py", line 465, in _run_event
    await coro(*args, **kwargs)
  File "/app/asu_discord/cogs/analytics.py", line 652, in on_member_update
    before_timeout = before.timed_out_until
                     ^^^^^^^^^^^^^^^^^^^^^^
AttributeError: 'Member' object has no attribute 'timed_out_until'
Ignoring exception in on_member_update
Traceback (most recent call last):
  File "/usr/local/lib/python3.12/site-packages/discord/client.py", line 465, in _run_event
    await coro(*args, **kwargs)
  File "/app/asu_discord/cogs/analytics.py", line 652, in on_member_update
    before_timeout = before.timed_out_until
                     ^^^^^^^^^^^^^^^^^^^^^^
AttributeError: 'Member' object has no attribute 'timed_out_until'
Ignoring exception in on_member_update
Traceback (most recent call last):
  File "/usr/local/lib/python3.12/site-packages/discord/client.py", line 465, in _run_event
    await coro(*args, **kwargs)
  File "/app/asu_discord/cogs/analytics.py", line 652, in on_member_update
    before_timeout = before.timed_out_until
                     ^^^^^^^^^^^^^^^^^^^^^^
AttributeError: 'Member' object has no attribute 'timed_out_until'
INFO:asu_discord.cogs.verification:Saved 5 roles to database for user psavjani@asu.edu (Discord ID: 1343832692973768727)
INFO:asu_discord.cogs.verification:Refreshed Salesforce roles for Discord user 1343832692973768727: -5/+5 roles, assigned=[Commited, Graduate Student, International Student, Ira A. Fulton Schools of Engineering, Tempe]
ERROR:cron.jobs:refresh_salesforce_roles: failed for dnbarber (Discord ID 1312677027463041074): Failed to refresh Salesforce-based roles: Discord user 1312677027463041074 is not a member of the guild
Ignoring exception in on_member_update
Traceback (most recent call last):
  File "/usr/local/lib/python3.12/site-packages/discord/client.py", line 465, in _run_event
    await coro(*args, **kwargs)
  File "/app/asu_discord/cogs/analytics.py", line 652, in on_member_update
    before_timeout = before.timed_out_until
                     ^^^^^^^^^^^^^^^^^^^^^^
AttributeError: 'Member' object has no attribute 'timed_out_until'
Ignoring exception in on_member_update
Traceback (most recent call last):
  File "/usr/local/lib/python3.12/site-packages/discord/client.py", line 465, in _run_event
    await coro(*args, **kwargs)
  File "/app/asu_discord/cogs/analytics.py", line 652, in on_member_update
    before_timeout = before.timed_out_until
                     ^^^^^^^^^^^^^^^^^^^^^^
AttributeError: 'Member' object has no attribute 'timed_out_until'
Ignoring exception in on_member_update
Traceback (most recent call last):
  File "/usr/local/lib/python3.12/site-packages/discord/client.py", line 465, in _run_event
    await coro(*args, **kwargs)
  File "/app/asu_discord/cogs/analytics.py", line 652, in on_member_update
    before_timeout = before.timed_out_until
                     ^^^^^^^^^^^^^^^^^^^^^^
AttributeError: 'Member' object has no attribute 'timed_out_until'
Ignoring exception in on_member_update
Traceback (most recent call last):
  File "/usr/local/lib/python3.12/site-packages/discord/client.py", line 465, in _run_event
    await coro(*args, **kwargs)
  File "/app/asu_discord/cogs/analytics.py", line 652, in on_member_update
    before_timeout = before.timed_out_until
                     ^^^^^^^^^^^^^^^^^^^^^^
AttributeError: 'Member' object has no attribute 'timed_out_until'
Ignoring exception in on_member_update
Traceback (most recent call last):
  File "/usr/local/lib/python3.12/site-packages/discord/client.py", line 465, in _run_event
    await coro(*args, **kwargs)
  File "/app/asu_discord/cogs/analytics.py", line 652, in on_member_update
    before_timeout = before.timed_out_until
                     ^^^^^^^^^^^^^^^^^^^^^^
AttributeError: 'Member' object has no attribute 'timed_out_until'
Ignoring exception in on_member_update
Traceback (most recent call last):
  File "/usr/local/lib/python3.12/site-packages/discord/client.py", line 465, in _run_event
    await coro(*args, **kwargs)
  File "/app/asu_discord/cogs/analytics.py", line 652, in on_member_update
    before_timeout = before.timed_out_until
                     ^^^^^^^^^^^^^^^^^^^^^^
AttributeError: 'Member' object has no attribute 'timed_out_until'
Ignoring exception in on_member_update
Traceback (most recent call last):
  File "/usr/local/lib/python3.12/site-packages/discord/client.py", line 465, in _run_event
    await coro(*args, **kwargs)
  File "/app/asu_discord/cogs/analytics.py", line 652, in on_member_update
    before_timeout = before.timed_out_until
                     ^^^^^^^^^^^^^^^^^^^^^^
AttributeError: 'Member' object has no attribute 'timed_out_until'
Ignoring exception in on_member_update
Traceback (most recent call last):
  File "/usr/local/lib/python3.12/site-packages/discord/client.py", line 465, in _run_event
    await coro(*args, **kwargs)
  File "/app/asu_discord/cogs/analytics.py", line 652, in on_member_update
    before_timeout = before.timed_out_until
                     ^^^^^^^^^^^^^^^^^^^^^^
AttributeError: 'Member' object has no attribute 'timed_out_until'
Ignoring exception in on_member_update
Traceback (most recent call last):
  File "/usr/local/lib/python3.12/site-packages/discord/client.py", line 465, in _run_event
    await coro(*args, **kwargs)
  File "/app/asu_discord/cogs/analytics.py", line 652, in on_member_update
    before_timeout = before.timed_out_until
                     ^^^^^^^^^^^^^^^^^^^^^^
AttributeError: 'Member' object has no attribute 'timed_out_until'
Ignoring exception in on_member_update
Traceback (most recent call last):
  File "/usr/local/lib/python3.12/site-packages/discord/client.py", line 465, in _run_event
    await coro(*args, **kwargs)
  File "/app/asu_discord/cogs/analytics.py", line 652, in on_member_update
    before_timeout = before.timed_out_until
                     ^^^^^^^^^^^^^^^^^^^^^^
AttributeError: 'Member' object has no attribute 'timed_out_until'
INFO:asu_discord.cogs.verification:Saved 5 roles to database for user evansise@asu.edu (Discord ID: 1166161536356720750)
INFO:asu_discord.cogs.verification:Refreshed Salesforce roles for Discord user 1166161536356720750: -5/+5 roles, assigned=[Herberger Institute for Design and the Arts, Online, Out of State, Transfer Student, Upperclassmen]
Ignoring exception in on_member_update
Traceback (most recent call last):
  File "/usr/local/lib/python3.12/site-packages/discord/client.py", line 465, in _run_event
    await coro(*args, **kwargs)
  File "/app/asu_discord/cogs/analytics.py", line 652, in on_member_update
    before_timeout = before.timed_out_until
                     ^^^^^^^^^^^^^^^^^^^^^^
AttributeError: 'Member' object has no attribute 'timed_out_until'
Ignoring exception in on_member_update
Traceback (most recent call last):
  File "/usr/local/lib/python3.12/site-packages/discord/client.py", line 465, in _run_event
    await coro(*args, **kwargs)
  File "/app/asu_discord/cogs/analytics.py", line 652, in on_member_update
    before_timeout = before.timed_out_until
                     ^^^^^^^^^^^^^^^^^^^^^^
AttributeError: 'Member' object has no attribute 'timed_out_until'
Ignoring exception in on_member_update
Traceback (most recent call last):
  File "/usr/local/lib/python3.12/site-packages/discord/client.py", line 465, in _run_event
    await coro(*args, **kwargs)
  File "/app/asu_discord/cogs/analytics.py", line 652, in on_member_update
    before_timeout = before.timed_out_until
                     ^^^^^^^^^^^^^^^^^^^^^^
AttributeError: 'Member' object has no attribute 'timed_out_until'
Ignoring exception in on_member_update
Traceback (most recent call last):
  File "/usr/local/lib/python3.12/site-packages/discord/client.py", line 465, in _run_event
    await coro(*args, **kwargs)
  File "/app/asu_discord/cogs/analytics.py", line 652, in on_member_update
    before_timeout = before.timed_out_until
                     ^^^^^^^^^^^^^^^^^^^^^^
AttributeError: 'Member' object has no attribute 'timed_out_until'
Ignoring exception in on_member_update
Traceback (most recent call last):
  File "/usr/local/lib/python3.12/site-packages/discord/client.py", line 465, in _run_event
    await coro(*args, **kwargs)
  File "/app/asu_discord/cogs/analytics.py", line 652, in on_member_update
    before_timeout = before.timed_out_until
                     ^^^^^^^^^^^^^^^^^^^^^^
AttributeError: 'Member' object has no attribute 'timed_out_until'
Ignoring exception in on_member_update
Traceback (most recent call last):
  File "/usr/local/lib/python3.12/site-packages/discord/client.py", line 465, in _run_event
    await coro(*args, **kwargs)
  File "/app/asu_discord/cogs/analytics.py", line 652, in on_member_update
    before_timeout = before.timed_out_until
                     ^^^^^^^^^^^^^^^^^^^^^^
AttributeError: 'Member' object has no attribute 'timed_out_until'
Ignoring exception in on_member_update
Traceback (most recent call last):
  File "/usr/local/lib/python3.12/site-packages/discord/client.py", line 465, in _run_event
    await coro(*args, **kwargs)
  File "/app/asu_discord/cogs/analytics.py", line 652, in on_member_update
    before_timeout = before.timed_out_until
                     ^^^^^^^^^^^^^^^^^^^^^^
AttributeError: 'Member' object has no attribute 'timed_out_until'
Ignoring exception in on_member_update
Traceback (most recent call last):
  File "/usr/local/lib/python3.12/site-packages/discord/client.py", line 465, in _run_event
    await coro(*args, **kwargs)
  File "/app/asu_discord/cogs/analytics.py", line 652, in on_member_update
    before_timeout = before.timed_out_until
                     ^^^^^^^^^^^^^^^^^^^^^^
AttributeError: 'Member' object has no attribute 'timed_out_until'
Ignoring exception in on_member_update
Traceback (most recent call last):
  File "/usr/local/lib/python3.12/site-packages/discord/client.py", line 465, in _run_event
    await coro(*args, **kwargs)
  File "/app/asu_discord/cogs/analytics.py", line 652, in on_member_update
    before_timeout = before.timed_out_until
                     ^^^^^^^^^^^^^^^^^^^^^^
AttributeError: 'Member' object has no attribute 'timed_out_until'
ERROR:cron.jobs:refresh_salesforce_roles: failed for hkurakul (Discord ID 1406157733530701894): Timed out refresh Salesforce-based roles
Ignoring exception in on_member_update
Traceback (most recent call last):
  File "/usr/local/lib/python3.12/site-packages/discord/client.py", line 465, in _run_event
    await coro(*args, **kwargs)
  File "/app/asu_discord/cogs/analytics.py", line 652, in on_member_update
    before_timeout = before.timed_out_until
                     ^^^^^^^^^^^^^^^^^^^^^^
AttributeError: 'Member' object has no attribute 'timed_out_until'
ERROR:cron.jobs:refresh_salesforce_roles: failed for emcclin2 (Discord ID 787531477679865857): Failed to refresh Salesforce-based roles: Discord user 787531477679865857 is not a member of the guild
Ignoring exception in on_member_update
Traceback (most recent call last):
  File "/usr/local/lib/python3.12/site-packages/discord/client.py", line 465, in _run_event
    await coro(*args, **kwargs)
  File "/app/asu_discord/cogs/analytics.py", line 652, in on_member_update
    before_timeout = before.timed_out_until
                     ^^^^^^^^^^^^^^^^^^^^^^
AttributeError: 'Member' object has no attribute 'timed_out_until'
Ignoring exception in on_member_update
Traceback (most recent call last):
  File "/usr/local/lib/python3.12/site-packages/discord/client.py", line 465, in _run_event
    await coro(*args, **kwargs)
  File "/app/asu_discord/cogs/analytics.py", line 652, in on_member_update
    before_timeout = before.timed_out_until
                     ^^^^^^^^^^^^^^^^^^^^^^
AttributeError: 'Member' object has no attribute 'timed_out_until'
Ignoring exception in on_member_update
Traceback (most recent call last):
  File "/usr/local/lib/python3.12/site-packages/discord/client.py", line 465, in _run_event
    await coro(*args, **kwargs)
  File "/app/asu_discord/cogs/analytics.py", line 652, in on_member_update
    before_timeout = before.timed_out_until
                     ^^^^^^^^^^^^^^^^^^^^^^
AttributeError: 'Member' object has no attribute 'timed_out_until'
Ignoring exception in on_member_update
Traceback (most recent call last):
  File "/usr/local/lib/python3.12/site-packages/discord/client.py", line 465, in _run_event
    await coro(*args, **kwargs)
  File "/app/asu_discord/cogs/analytics.py", line 652, in on_member_update
    before_timeout = before.timed_out_until
                     ^^^^^^^^^^^^^^^^^^^^^^
AttributeError: 'Member' object has no attribute 'timed_out_until'
Ignoring exception in on_member_update
Traceback (most recent call last):
  File "/usr/local/lib/python3.12/site-packages/discord/client.py", line 465, in _run_event
    await coro(*args, **kwargs)
  File "/app/asu_discord/cogs/analytics.py", line 652, in on_member_update
    before_timeout = before.timed_out_until
                     ^^^^^^^^^^^^^^^^^^^^^^
AttributeError: 'Member' object has no attribute 'timed_out_until'
Ignoring exception in on_member_update
Traceback (most recent call last):
  File "/usr/local/lib/python3.12/site-packages/discord/client.py", line 465, in _run_event
    await coro(*args, **kwargs)
  File "/app/asu_discord/cogs/analytics.py", line 652, in on_member_update
    before_timeout = before.timed_out_until
                     ^^^^^^^^^^^^^^^^^^^^^^
AttributeError: 'Member' object has no attribute 'timed_out_until'
Ignoring exception in on_member_update
Traceback (most recent call last):
  File "/usr/local/lib/python3.12/site-packages/discord/client.py", line 465, in _run_event
    await coro(*args, **kwargs)
  File "/app/asu_discord/cogs/analytics.py", line 652, in on_member_update
    before_timeout = before.timed_out_until
                     ^^^^^^^^^^^^^^^^^^^^^^
AttributeError: 'Member' object has no attribute 'timed_out_until'
Ignoring exception in on_member_update
Traceback (most recent call last):
  File "/usr/local/lib/python3.12/site-packages/discord/client.py", line 465, in _run_event
    await coro(*args, **kwargs)
  File "/app/asu_discord/cogs/analytics.py", line 652, in on_member_update
    before_timeout = before.timed_out_until
                     ^^^^^^^^^^^^^^^^^^^^^^
AttributeError: 'Member' object has no attribute 'timed_out_until'
Ignoring exception in on_member_update
Traceback (most recent call last):
  File "/usr/local/lib/python3.12/site-packages/discord/client.py", line 465, in _run_event
    await coro(*args, **kwargs)
  File "/app/asu_discord/cogs/analytics.py", line 652, in on_member_update
    before_timeout = before.timed_out_until
                     ^^^^^^^^^^^^^^^^^^^^^^
AttributeError: 'Member' object has no attribute 'timed_out_until'
Ignoring exception in on_member_update
Traceback (most recent call last):
  File "/usr/local/lib/python3.12/site-packages/discord/client.py", line 465, in _run_event
    await coro(*args, **kwargs)
  File "/app/asu_discord/cogs/analytics.py", line 652, in on_member_update
    before_timeout = before.timed_out_until
                     ^^^^^^^^^^^^^^^^^^^^^^
AttributeError: 'Member' object has no attribute 'timed_out_until'
INFO:asu_discord.cogs.verification:Saved 5 roles to database for user jbottin1@asu.edu (Discord ID: 1440010772418920520)
INFO:asu_discord.cogs.verification:Refreshed Salesforce roles for Discord user 1440010772418920520: -5/+5 roles, assigned=[Arizona Resident, College of Integrative Sciences and Arts, First Generation Student, Graduate Student, Online]
Ignoring exception in on_member_update
Traceback (most recent call last):
  File "/usr/local/lib/python3.12/site-packages/discord/client.py", line 465, in _run_event
    await coro(*args, **kwargs)
  File "/app/asu_discord/cogs/analytics.py", line 652, in on_member_update
    before_timeout = before.timed_out_until
                     ^^^^^^^^^^^^^^^^^^^^^^
AttributeError: 'Member' object has no attribute 'timed_out_until'
Ignoring exception in on_member_update
Traceback (most recent call last):
  File "/usr/local/lib/python3.12/site-packages/discord/client.py", line 465, in _run_event
    await coro(*args, **kwargs)
  File "/app/asu_discord/cogs/analytics.py", line 652, in on_member_update
    before_timeout = before.timed_out_until
                     ^^^^^^^^^^^^^^^^^^^^^^
AttributeError: 'Member' object has no attribute 'timed_out_until'
Ignoring exception in on_member_update
Traceback (most recent call last):
  File "/usr/local/lib/python3.12/site-packages/discord/client.py", line 465, in _run_event
    await coro(*args, **kwargs)
  File "/app/asu_discord/cogs/analytics.py", line 652, in on_member_update
    before_timeout = before.timed_out_until
                     ^^^^^^^^^^^^^^^^^^^^^^
AttributeError: 'Member' object has no attribute 'timed_out_until'
Ignoring exception in on_member_update
Traceback (most recent call last):
  File "/usr/local/lib/python3.12/site-packages/discord/client.py", line 465, in _run_event
    await coro(*args, **kwargs)
  File "/app/asu_discord/cogs/analytics.py", line 652, in on_member_update
    before_timeout = before.timed_out_until
                     ^^^^^^^^^^^^^^^^^^^^^^
AttributeError: 'Member' object has no attribute 'timed_out_until'
Ignoring exception in on_member_update
Traceback (most recent call last):
  File "/usr/local/lib/python3.12/site-packages/discord/client.py", line 465, in _run_event
    await coro(*args, **kwargs)
  File "/app/asu_discord/cogs/analytics.py", line 652, in on_member_update
    before_timeout = before.timed_out_until
                     ^^^^^^^^^^^^^^^^^^^^^^
AttributeError: 'Member' object has no attribute 'timed_out_until'
Ignoring exception in on_member_update
Traceback (most recent call last):
  File "/usr/local/lib/python3.12/site-packages/discord/client.py", line 465, in _run_event
    await coro(*args, **kwargs)
  File "/app/asu_discord/cogs/analytics.py", line 652, in on_member_update
    before_timeout = before.timed_out_until
                     ^^^^^^^^^^^^^^^^^^^^^^
AttributeError: 'Member' object has no attribute 'timed_out_until'
Ignoring exception in on_member_update
Traceback (most recent call last):
  File "/usr/local/lib/python3.12/site-packages/discord/client.py", line 465, in _run_event
    await coro(*args, **kwargs)
  File "/app/asu_discord/cogs/analytics.py", line 652, in on_member_update
    before_timeout = before.timed_out_until
                     ^^^^^^^^^^^^^^^^^^^^^^
AttributeError: 'Member' object has no attribute 'timed_out_until'
Ignoring exception in on_member_update
Traceback (most recent call last):
  File "/usr/local/lib/python3.12/site-packages/discord/client.py", line 465, in _run_event
    await coro(*args, **kwargs)
  File "/app/asu_discord/cogs/analytics.py", line 652, in on_member_update
    before_timeout = before.timed_out_until
                     ^^^^^^^^^^^^^^^^^^^^^^
AttributeError: 'Member' object has no attribute 'timed_out_until'
ERROR:cron.jobs:refresh_salesforce_roles: failed for mageige2 (Discord ID 659760148889337866): Timed out refresh Salesforce-based roles
Ignoring exception in on_member_update
Traceback (most recent call last):
  File "/usr/local/lib/python3.12/site-packages/discord/client.py", line 465, in _run_event
    await coro(*args, **kwargs)
  File "/app/asu_discord/cogs/analytics.py", line 652, in on_member_update
    before_timeout = before.timed_out_until
                     ^^^^^^^^^^^^^^^^^^^^^^
AttributeError: 'Member' object has no attribute 'timed_out_until'
Ignoring exception in on_member_update
Traceback (most recent call last):
  File "/usr/local/lib/python3.12/site-packages/discord/client.py", line 465, in _run_event
    await coro(*args, **kwargs)
  File "/app/asu_discord/cogs/analytics.py", line 652, in on_member_update
    before_timeout = before.timed_out_until
                     ^^^^^^^^^^^^^^^^^^^^^^
AttributeError: 'Member' object has no attribute 'timed_out_until'
Ignoring exception in on_member_update
Traceback (most recent call last):
  File "/usr/local/lib/python3.12/site-packages/discord/client.py", line 465, in _run_event
    await coro(*args, **kwargs)
  File "/app/asu_discord/cogs/analytics.py", line 652, in on_member_update
    before_timeout = before.timed_out_until
                     ^^^^^^^^^^^^^^^^^^^^^^
AttributeError: 'Member' object has no attribute 'timed_out_until'
Ignoring exception in on_member_update
Traceback (most recent call last):
  File "/usr/local/lib/python3.12/site-packages/discord/client.py", line 465, in _run_event
    await coro(*args, **kwargs)
  File "/app/asu_discord/cogs/analytics.py", line 652, in on_member_update
    before_timeout = before.timed_out_until
                     ^^^^^^^^^^^^^^^^^^^^^^
AttributeError: 'Member' object has no attribute 'timed_out_until'
Ignoring exception in on_member_update
Traceback (most recent call last):
  File "/usr/local/lib/python3.12/site-packages/discord/client.py", line 465, in _run_event
    await coro(*args, **kwargs)
  File "/app/asu_discord/cogs/analytics.py", line 652, in on_member_update
    before_timeout = before.timed_out_until
                     ^^^^^^^^^^^^^^^^^^^^^^
AttributeError: 'Member' object has no attribute 'timed_out_until'
Ignoring exception in on_member_update
Traceback (most recent call last):
  File "/usr/local/lib/python3.12/site-packages/discord/client.py", line 465, in _run_event
    await coro(*args, **kwargs)
  File "/app/asu_discord/cogs/analytics.py", line 652, in on_member_update
    before_timeout = before.timed_out_until
                     ^^^^^^^^^^^^^^^^^^^^^^
AttributeError: 'Member' object has no attribute 'timed_out_until'
Ignoring exception in on_member_update
Traceback (most recent call last):
  File "/usr/local/lib/python3.12/site-packages/discord/client.py", line 465, in _run_event
    await coro(*args, **kwargs)
  File "/app/asu_discord/cogs/analytics.py", line 652, in on_member_update
    before_timeout = before.timed_out_until
                     ^^^^^^^^^^^^^^^^^^^^^^
AttributeError: 'Member' object has no attribute 'timed_out_until'
Ignoring exception in on_member_update
Traceback (most recent call last):
  File "/usr/local/lib/python3.12/site-packages/discord/client.py", line 465, in _run_event
    await coro(*args, **kwargs)
  File "/app/asu_discord/cogs/analytics.py", line 652, in on_member_update
    before_timeout = before.timed_out_until
                     ^^^^^^^^^^^^^^^^^^^^^^
AttributeError: 'Member' object has no attribute 'timed_out_until'
Ignoring exception in on_member_update
Traceback (most recent call last):
  File "/usr/local/lib/python3.12/site-packages/discord/client.py", line 465, in _run_event
    await coro(*args, **kwargs)
  File "/app/asu_discord/cogs/analytics.py", line 652, in on_member_update
    before_timeout = before.timed_out_until
                     ^^^^^^^^^^^^^^^^^^^^^^
AttributeError: 'Member' object has no attribute 'timed_out_until'
Ignoring exception in on_member_update
Traceback (most recent call last):
  File "/usr/local/lib/python3.12/site-packages/discord/client.py", line 465, in _run_event
    await coro(*args, **kwargs)
  File "/app/asu_discord/cogs/analytics.py", line 652, in on_member_update
    before_timeout = before.timed_out_until
                     ^^^^^^^^^^^^^^^^^^^^^^
AttributeError: 'Member' object has no attribute 'timed_out_until'
Ignoring exception in on_member_update
Traceback (most recent call last):
  File "/usr/local/lib/python3.12/site-packages/discord/client.py", line 465, in _run_event
    await coro(*args, **kwargs)
  File "/app/asu_discord/cogs/analytics.py", line 652, in on_member_update
    before_timeout = before.timed_out_until
                     ^^^^^^^^^^^^^^^^^^^^^^
AttributeError: 'Member' object has no attribute 'timed_out_until'
Ignoring exception in on_member_update
Traceback (most recent call last):
  File "/usr/local/lib/python3.12/site-packages/discord/client.py", line 465, in _run_event
    await coro(*args, **kwargs)
  File "/app/asu_discord/cogs/analytics.py", line 652, in on_member_update
    before_timeout = before.timed_out_until
                     ^^^^^^^^^^^^^^^^^^^^^^
AttributeError: 'Member' object has no attribute 'timed_out_until'
INFO:asu_discord.cogs.verification:Saved 6 roles to database for user acabal25@asu.edu (Discord ID: 1207560890937905224)
INFO:asu_discord.cogs.verification:Refreshed Salesforce roles for Discord user 1207560890937905224: -5/+6 roles, assigned=[Arizona Resident, Commited, Ira A. Fulton Schools of Engineering, Tempe, Transfer Student, Upperclassmen]
Ignoring exception in on_member_update
Traceback (most recent call last):
  File "/usr/local/lib/python3.12/site-packages/discord/client.py", line 465, in _run_event
    await coro(*args, **kwargs)
  File "/app/asu_discord/cogs/analytics.py", line 652, in on_member_update
    before_timeout = before.timed_out_until
                     ^^^^^^^^^^^^^^^^^^^^^^
AttributeError: 'Member' object has no attribute 'timed_out_until'
Ignoring exception in on_member_update
Traceback (most recent call last):
  File "/usr/local/lib/python3.12/site-packages/discord/client.py", line 465, in _run_event
    await coro(*args, **kwargs)
  File "/app/asu_discord/cogs/analytics.py", line 652, in on_member_update
    before_timeout = before.timed_out_until
                     ^^^^^^^^^^^^^^^^^^^^^^
AttributeError: 'Member' object has no attribute 'timed_out_until'
Ignoring exception in on_member_update
Traceback (most recent call last):
  File "/usr/local/lib/python3.12/site-packages/discord/client.py", line 465, in _run_event
    await coro(*args, **kwargs)
  File "/app/asu_discord/cogs/analytics.py", line 652, in on_member_update
    before_timeout = before.timed_out_until
                     ^^^^^^^^^^^^^^^^^^^^^^
AttributeError: 'Member' object has no attribute 'timed_out_until'
Ignoring exception in on_member_update
Traceback (most recent call last):
  File "/usr/local/lib/python3.12/site-packages/discord/client.py", line 465, in _run_event
    await coro(*args, **kwargs)
  File "/app/asu_discord/cogs/analytics.py", line 652, in on_member_update
    before_timeout = before.timed_out_until
                     ^^^^^^^^^^^^^^^^^^^^^^
AttributeError: 'Member' object has no attribute 'timed_out_until'
Ignoring exception in on_member_update
Traceback (most recent call last):
  File "/usr/local/lib/python3.12/site-packages/discord/client.py", line 465, in _run_event
    await coro(*args, **kwargs)
  File "/app/asu_discord/cogs/analytics.py", line 652, in on_member_update
    before_timeout = before.timed_out_until
                     ^^^^^^^^^^^^^^^^^^^^^^
AttributeError: 'Member' object has no attribute 'timed_out_until'
Ignoring exception in on_member_update
Traceback (most recent call last):
  File "/usr/local/lib/python3.12/site-packages/discord/client.py", line 465, in _run_event
    await coro(*args, **kwargs)
  File "/app/asu_discord/cogs/analytics.py", line 652, in on_member_update
    before_timeout = before.timed_out_until
                     ^^^^^^^^^^^^^^^^^^^^^^
AttributeError: 'Member' object has no attribute 'timed_out_until'
Ignoring exception in on_member_update
Traceback (most recent call last):
  File "/usr/local/lib/python3.12/site-packages/discord/client.py", line 465, in _run_event
    await coro(*args, **kwargs)
  File "/app/asu_discord/cogs/analytics.py", line 652, in on_member_update
    before_timeout = before.timed_out_until
                     ^^^^^^^^^^^^^^^^^^^^^^
AttributeError: 'Member' object has no attribute 'timed_out_until'
Ignoring exception in on_member_update
Traceback (most recent call last):
  File "/usr/local/lib/python3.12/site-packages/discord/client.py", line 465, in _run_event
    await coro(*args, **kwargs)
  File "/app/asu_discord/cogs/analytics.py", line 652, in on_member_update
    before_timeout = before.timed_out_until
                     ^^^^^^^^^^^^^^^^^^^^^^
AttributeError: 'Member' object has no attribute 'timed_out_until'
Ignoring exception in on_member_update
Traceback (most recent call last):
  File "/usr/local/lib/python3.12/site-packages/discord/client.py", line 465, in _run_event
    await coro(*args, **kwargs)
  File "/app/asu_discord/cogs/analytics.py", line 652, in on_member_update
    before_timeout = before.timed_out_until
                     ^^^^^^^^^^^^^^^^^^^^^^
AttributeError: 'Member' object has no attribute 'timed_out_until'
Ignoring exception in on_member_update
Traceback (most recent call last):
  File "/usr/local/lib/python3.12/site-packages/discord/client.py", line 465, in _run_event
    await coro(*args, **kwargs)
  File "/app/asu_discord/cogs/analytics.py", line 652, in on_member_update
    before_timeout = before.timed_out_until
                     ^^^^^^^^^^^^^^^^^^^^^^
AttributeError: 'Member' object has no attribute 'timed_out_until'
ERROR:cron.jobs:refresh_salesforce_roles: failed for jmmorg14 (Discord ID 729625918922031144): Timed out refresh Salesforce-based roles
ERROR:cron.jobs:refresh_salesforce_roles: failed for jaydenvo (Discord ID 414553722417446924): Failed to refresh Salesforce-based roles: Discord user 414553722417446924 is not a member of the guild
Ignoring exception in on_member_update
Traceback (most recent call last):
  File "/usr/local/lib/python3.12/site-packages/discord/client.py", line 465, in _run_event
    await coro(*args, **kwargs)
  File "/app/asu_discord/cogs/analytics.py", line 652, in on_member_update
    before_timeout = before.timed_out_until
                     ^^^^^^^^^^^^^^^^^^^^^^
AttributeError: 'Member' object has no attribute 'timed_out_until'
Ignoring exception in on_member_update
Traceback (most recent call last):
  File "/usr/local/lib/python3.12/site-packages/discord/client.py", line 465, in _run_event
    await coro(*args, **kwargs)
  File "/app/asu_discord/cogs/analytics.py", line 652, in on_member_update
    before_timeout = before.timed_out_until
                     ^^^^^^^^^^^^^^^^^^^^^^
AttributeError: 'Member' object has no attribute 'timed_out_until'
Ignoring exception in on_member_update
Traceback (most recent call last):
  File "/usr/local/lib/python3.12/site-packages/discord/client.py", line 465, in _run_event
    await coro(*args, **kwargs)
  File "/app/asu_discord/cogs/analytics.py", line 652, in on_member_update
    before_timeout = before.timed_out_until
                     ^^^^^^^^^^^^^^^^^^^^^^
AttributeError: 'Member' object has no attribute 'timed_out_until'
Ignoring exception in on_member_update
Traceback (most recent call last):
  File "/usr/local/lib/python3.12/site-packages/discord/client.py", line 465, in _run_event
    await coro(*args, **kwargs)
  File "/app/asu_discord/cogs/analytics.py", line 652, in on_member_update
    before_timeout = before.timed_out_until
                     ^^^^^^^^^^^^^^^^^^^^^^
AttributeError: 'Member' object has no attribute 'timed_out_until'
Ignoring exception in on_member_update
Traceback (most recent call last):
  File "/usr/local/lib/python3.12/site-packages/discord/client.py", line 465, in _run_event
    await coro(*args, **kwargs)
  File "/app/asu_discord/cogs/analytics.py", line 652, in on_member_update
    before_timeout = before.timed_out_until
                     ^^^^^^^^^^^^^^^^^^^^^^
AttributeError: 'Member' object has no attribute 'timed_out_until'
Ignoring exception in on_member_update
Traceback (most recent call last):
  File "/usr/local/lib/python3.12/site-packages/discord/client.py", line 465, in _run_event
    await coro(*args, **kwargs)
  File "/app/asu_discord/cogs/analytics.py", line 652, in on_member_update
    before_timeout = before.timed_out_until
                     ^^^^^^^^^^^^^^^^^^^^^^
AttributeError: 'Member' object has no attribute 'timed_out_until'
Ignoring exception in on_member_update
Traceback (most recent call last):
  File "/usr/local/lib/python3.12/site-packages/discord/client.py", line 465, in _run_event
    await coro(*args, **kwargs)
  File "/app/asu_discord/cogs/analytics.py", line 652, in on_member_update
    before_timeout = before.timed_out_until
                     ^^^^^^^^^^^^^^^^^^^^^^
AttributeError: 'Member' object has no attribute 'timed_out_until'
Ignoring exception in on_member_update
Traceback (most recent call last):
  File "/usr/local/lib/python3.12/site-packages/discord/client.py", line 465, in _run_event
    await coro(*args, **kwargs)
  File "/app/asu_discord/cogs/analytics.py", line 652, in on_member_update
    before_timeout = before.timed_out_until
                     ^^^^^^^^^^^^^^^^^^^^^^
AttributeError: 'Member' object has no attribute 'timed_out_until'
Ignoring exception in on_member_update
Traceback (most recent call last):
  File "/usr/local/lib/python3.12/site-packages/discord/client.py", line 465, in _run_event
    await coro(*args, **kwargs)
  File "/app/asu_discord/cogs/analytics.py", line 652, in on_member_update
    before_timeout = before.timed_out_until
                     ^^^^^^^^^^^^^^^^^^^^^^
AttributeError: 'Member' object has no attribute 'timed_out_until'
Ignoring exception in on_member_update
Traceback (most recent call last):
  File "/usr/local/lib/python3.12/site-packages/discord/client.py", line 465, in _run_event
    await coro(*args, **kwargs)
  File "/app/asu_discord/cogs/analytics.py", line 652, in on_member_update
    before_timeout = before.timed_out_until
                     ^^^^^^^^^^^^^^^^^^^^^^
AttributeError: 'Member' object has no attribute 'timed_out_until'
INFO:asu_discord.cogs.verification:Saved 5 roles to database for user hoguebou@asu.edu (Discord ID: 268542768064888832)
INFO:asu_discord.cogs.verification:Refreshed Salesforce roles for Discord user 268542768064888832: -5/+5 roles, assigned=[New College of Interdisciplinary Arts and Sciences, Online, Out of State, Transfer Student, Upperclassmen]
ERROR:cron.jobs:refresh_salesforce_roles: failed for jacobli (Discord ID 744327841650573432): Failed to refresh Salesforce-based roles: Discord user 744327841650573432 is not a member of the guild
Ignoring exception in on_member_update
Traceback (most recent call last):
  File "/usr/local/lib/python3.12/site-packages/discord/client.py", line 465, in _run_event
    await coro(*args, **kwargs)
  File "/app/asu_discord/cogs/analytics.py", line 652, in on_member_update
    before_timeout = before.timed_out_until
                     ^^^^^^^^^^^^^^^^^^^^^^
AttributeError: 'Member' object has no attribute 'timed_out_until'
Ignoring exception in on_member_update
Traceback (most recent call last):
  File "/usr/local/lib/python3.12/site-packages/discord/client.py", line 465, in _run_event
    await coro(*args, **kwargs)
  File "/app/asu_discord/cogs/analytics.py", line 652, in on_member_update
    before_timeout = before.timed_out_until
                     ^^^^^^^^^^^^^^^^^^^^^^
AttributeError: 'Member' object has no attribute 'timed_out_until'
Ignoring exception in on_member_update
Traceback (most recent call last):
  File "/usr/local/lib/python3.12/site-packages/discord/client.py", line 465, in _run_event
    await coro(*args, **kwargs)
  File "/app/asu_discord/cogs/analytics.py", line 652, in on_member_update
    before_timeout = before.timed_out_until
                     ^^^^^^^^^^^^^^^^^^^^^^
AttributeError: 'Member' object has no attribute 'timed_out_until'
Ignoring exception in on_member_update
Traceback (most recent call last):
  File "/usr/local/lib/python3.12/site-packages/discord/client.py", line 465, in _run_event
    await coro(*args, **kwargs)
  File "/app/asu_discord/cogs/analytics.py", line 652, in on_member_update
    before_timeout = before.timed_out_until
                     ^^^^^^^^^^^^^^^^^^^^^^
AttributeError: 'Member' object has no attribute 'timed_out_until'
Ignoring exception in on_member_update
Traceback (most recent call last):
  File "/usr/local/lib/python3.12/site-packages/discord/client.py", line 465, in _run_event
    await coro(*args, **kwargs)
  File "/app/asu_discord/cogs/analytics.py", line 652, in on_member_update
    before_timeout = before.timed_out_until
                     ^^^^^^^^^^^^^^^^^^^^^^
AttributeError: 'Member' object has no attribute 'timed_out_until'
Ignoring exception in on_member_update
Traceback (most recent call last):
  File "/usr/local/lib/python3.12/site-packages/discord/client.py", line 465, in _run_event
    await coro(*args, **kwargs)
  File "/app/asu_discord/cogs/analytics.py", line 652, in on_member_update
    before_timeout = before.timed_out_until
                     ^^^^^^^^^^^^^^^^^^^^^^
AttributeError: 'Member' object has no attribute 'timed_out_until'
Ignoring exception in on_member_update
Traceback (most recent call last):
  File "/usr/local/lib/python3.12/site-packages/discord/client.py", line 465, in _run_event
    await coro(*args, **kwargs)
  File "/app/asu_discord/cogs/analytics.py", line 652, in on_member_update
    before_timeout = before.timed_out_until
                     ^^^^^^^^^^^^^^^^^^^^^^
AttributeError: 'Member' object has no attribute 'timed_out_until'
Ignoring exception in on_member_update
Traceback (most recent call last):
  File "/usr/local/lib/python3.12/site-packages/discord/client.py", line 465, in _run_event
    await coro(*args, **kwargs)
  File "/app/asu_discord/cogs/analytics.py", line 652, in on_member_update
    before_timeout = before.timed_out_until
                     ^^^^^^^^^^^^^^^^^^^^^^
AttributeError: 'Member' object has no attribute 'timed_out_until'
Ignoring exception in on_member_update
Traceback (most recent call last):
  File "/usr/local/lib/python3.12/site-packages/discord/client.py", line 465, in _run_event
    await coro(*args, **kwargs)
  File "/app/asu_discord/cogs/analytics.py", line 652, in on_member_update
    before_timeout = before.timed_out_until
                     ^^^^^^^^^^^^^^^^^^^^^^
AttributeError: 'Member' object has no attribute 'timed_out_until'
Ignoring exception in on_member_update
Traceback (most recent call last):
  File "/usr/local/lib/python3.12/site-packages/discord/client.py", line 465, in _run_event
    await coro(*args, **kwargs)
  File "/app/asu_discord/cogs/analytics.py", line 652, in on_member_update
    before_timeout = before.timed_out_until
                     ^^^^^^^^^^^^^^^^^^^^^^
AttributeError: 'Member' object has no attribute 'timed_out_until'
INFO:asu_discord.cogs.verification:Saved 6 roles to database for user spsmit23@asu.edu (Discord ID: 1156435496289960026)
INFO:asu_discord.cogs.verification:Refreshed Salesforce roles for Discord user 1156435496289960026: -4/+6 roles, assigned=[Arizona Resident, Commited, First Generation Student, First Year, Ira A. Fulton Schools of Engineering, Tempe]
Ignoring exception in on_member_update
Traceback (most recent call last):
  File "/usr/local/lib/python3.12/site-packages/discord/client.py", line 465, in _run_event
    await coro(*args, **kwargs)
  File "/app/asu_discord/cogs/analytics.py", line 652, in on_member_update
    before_timeout = before.timed_out_until
                     ^^^^^^^^^^^^^^^^^^^^^^
AttributeError: 'Member' object has no attribute 'timed_out_until'
Ignoring exception in on_member_update
Traceback (most recent call last):
  File "/usr/local/lib/python3.12/site-packages/discord/client.py", line 465, in _run_event
    await coro(*args, **kwargs)
  File "/app/asu_discord/cogs/analytics.py", line 652, in on_member_update
    before_timeout = before.timed_out_until
                     ^^^^^^^^^^^^^^^^^^^^^^
AttributeError: 'Member' object has no attribute 'timed_out_until'
Ignoring exception in on_member_update
Traceback (most recent call last):
  File "/usr/local/lib/python3.12/site-packages/discord/client.py", line 465, in _run_event
    await coro(*args, **kwargs)
  File "/app/asu_discord/cogs/analytics.py", line 652, in on_member_update
    before_timeout = before.timed_out_until
                     ^^^^^^^^^^^^^^^^^^^^^^
AttributeError: 'Member' object has no attribute 'timed_out_until'
Ignoring exception in on_member_update
Traceback (most recent call last):
  File "/usr/local/lib/python3.12/site-packages/discord/client.py", line 465, in _run_event
    await coro(*args, **kwargs)
  File "/app/asu_discord/cogs/analytics.py", line 652, in on_member_update
    before_timeout = before.timed_out_until
                     ^^^^^^^^^^^^^^^^^^^^^^
AttributeError: 'Member' object has no attribute 'timed_out_until'
Ignoring exception in on_member_update
Traceback (most recent call last):
  File "/usr/local/lib/python3.12/site-packages/discord/client.py", line 465, in _run_event
    await coro(*args, **kwargs)
  File "/app/asu_discord/cogs/analytics.py", line 652, in on_member_update
    before_timeout = before.timed_out_until
                     ^^^^^^^^^^^^^^^^^^^^^^
AttributeError: 'Member' object has no attribute 'timed_out_until'
Ignoring exception in on_member_update
Traceback (most recent call last):
  File "/usr/local/lib/python3.12/site-packages/discord/client.py", line 465, in _run_event
    await coro(*args, **kwargs)
  File "/app/asu_discord/cogs/analytics.py", line 652, in on_member_update
    before_timeout = before.timed_out_until
                     ^^^^^^^^^^^^^^^^^^^^^^
AttributeError: 'Member' object has no attribute 'timed_out_until'
Ignoring exception in on_member_update
Traceback (most recent call last):
  File "/usr/local/lib/python3.12/site-packages/discord/client.py", line 465, in _run_event
    await coro(*args, **kwargs)
  File "/app/asu_discord/cogs/analytics.py", line 652, in on_member_update
    before_timeout = before.timed_out_until
                     ^^^^^^^^^^^^^^^^^^^^^^
AttributeError: 'Member' object has no attribute 'timed_out_until'
Ignoring exception in on_member_update
Traceback (most recent call last):
  File "/usr/local/lib/python3.12/site-packages/discord/client.py", line 465, in _run_event
    await coro(*args, **kwargs)
  File "/app/asu_discord/cogs/analytics.py", line 652, in on_member_update
    before_timeout = before.timed_out_until
                     ^^^^^^^^^^^^^^^^^^^^^^
AttributeError: 'Member' object has no attribute 'timed_out_until'
Ignoring exception in on_member_update
Traceback (most recent call last):
  File "/usr/local/lib/python3.12/site-packages/discord/client.py", line 465, in _run_event
    await coro(*args, **kwargs)
  File "/app/asu_discord/cogs/analytics.py", line 652, in on_member_update
    before_timeout = before.timed_out_until
                     ^^^^^^^^^^^^^^^^^^^^^^
AttributeError: 'Member' object has no attribute 'timed_out_until'
INFO:asu_discord.cogs.verification:Saved 7 roles to database for user jtmcmain@asu.edu (Discord ID: 115536733591830533)
INFO:asu_discord.cogs.verification:Refreshed Salesforce roles for Discord user 115536733591830533: -3/+6 roles, assigned=[Arizona Resident, Commited, Ira A. Fulton Schools of Engineering, Tempe, Transfer Student, Upperclassmen, W.P. Carey School of Business]
INFO:asu_discord.salesforce:No Salesforce opportunities found for rbangras
INFO:cron.jobs:refresh_salesforce_roles: skipping rbangras: no profile returned
Ignoring exception in on_member_update
Traceback (most recent call last):
  File "/usr/local/lib/python3.12/site-packages/discord/client.py", line 465, in _run_event
    await coro(*args, **kwargs)
  File "/app/asu_discord/cogs/analytics.py", line 652, in on_member_update
    before_timeout = before.timed_out_until
                     ^^^^^^^^^^^^^^^^^^^^^^
AttributeError: 'Member' object has no attribute 'timed_out_until'
Ignoring exception in on_member_update
Traceback (most recent call last):
  File "/usr/local/lib/python3.12/site-packages/discord/client.py", line 465, in _run_event
    await coro(*args, **kwargs)
  File "/app/asu_discord/cogs/analytics.py", line 652, in on_member_update
    before_timeout = before.timed_out_until
                     ^^^^^^^^^^^^^^^^^^^^^^
AttributeError: 'Member' object has no attribute 'timed_out_until'
Ignoring exception in on_member_update
Traceback (most recent call last):
  File "/usr/local/lib/python3.12/site-packages/discord/client.py", line 465, in _run_event
    await coro(*args, **kwargs)
  File "/app/asu_discord/cogs/analytics.py", line 652, in on_member_update
    before_timeout = before.timed_out_until
                     ^^^^^^^^^^^^^^^^^^^^^^
AttributeError: 'Member' object has no attribute 'timed_out_until'
Ignoring exception in on_member_update
Traceback (most recent call last):
  File "/usr/local/lib/python3.12/site-packages/discord/client.py", line 465, in _run_event
    await coro(*args, **kwargs)
  File "/app/asu_discord/cogs/analytics.py", line 652, in on_member_update
    before_timeout = before.timed_out_until
                     ^^^^^^^^^^^^^^^^^^^^^^
AttributeError: 'Member' object has no attribute 'timed_out_until'
Ignoring exception in on_member_update
Traceback (most recent call last):
  File "/usr/local/lib/python3.12/site-packages/discord/client.py", line 465, in _run_event
    await coro(*args, **kwargs)
  File "/app/asu_discord/cogs/analytics.py", line 652, in on_member_update
    before_timeout = before.timed_out_until
                     ^^^^^^^^^^^^^^^^^^^^^^
AttributeError: 'Member' object has no attribute 'timed_out_until'
Ignoring exception in on_member_update
Traceback (most recent call last):
  File "/usr/local/lib/python3.12/site-packages/discord/client.py", line 465, in _run_event
    await coro(*args, **kwargs)
  File "/app/asu_discord/cogs/analytics.py", line 652, in on_member_update
    before_timeout = before.timed_out_until
                     ^^^^^^^^^^^^^^^^^^^^^^
AttributeError: 'Member' object has no attribute 'timed_out_until'
Ignoring exception in on_member_update
Traceback (most recent call last):
  File "/usr/local/lib/python3.12/site-packages/discord/client.py", line 465, in _run_event
    await coro(*args, **kwargs)
  File "/app/asu_discord/cogs/analytics.py", line 652, in on_member_update
    before_timeout = before.timed_out_until
                     ^^^^^^^^^^^^^^^^^^^^^^
AttributeError: 'Member' object has no attribute 'timed_out_until'
Ignoring exception in on_member_update
Traceback (most recent call last):
  File "/usr/local/lib/python3.12/site-packages/discord/client.py", line 465, in _run_event
    await coro(*args, **kwargs)
  File "/app/asu_discord/cogs/analytics.py", line 652, in on_member_update
    before_timeout = before.timed_out_until
                     ^^^^^^^^^^^^^^^^^^^^^^
AttributeError: 'Member' object has no attribute 'timed_out_until'
Ignoring exception in on_member_update
Traceback (most recent call last):
  File "/usr/local/lib/python3.12/site-packages/discord/client.py", line 465, in _run_event
    await coro(*args, **kwargs)
  File "/app/asu_discord/cogs/analytics.py", line 652, in on_member_update
    before_timeout = before.timed_out_until
                     ^^^^^^^^^^^^^^^^^^^^^^
AttributeError: 'Member' object has no attribute 'timed_out_until'
Ignoring exception in on_member_update
Traceback (most recent call last):
  File "/usr/local/lib/python3.12/site-packages/discord/client.py", line 465, in _run_event
    await coro(*args, **kwargs)
  File "/app/asu_discord/cogs/analytics.py", line 652, in on_member_update
    before_timeout = before.timed_out_until
                     ^^^^^^^^^^^^^^^^^^^^^^
AttributeError: 'Member' object has no attribute 'timed_out_until'
ERROR:cron.jobs:refresh_salesforce_roles: failed for jmphil29 (Discord ID 1410418619371749427): Timed out refresh Salesforce-based roles
Ignoring exception in on_member_update
Traceback (most recent call last):
  File "/usr/local/lib/python3.12/site-packages/discord/client.py", line 465, in _run_event
    await coro(*args, **kwargs)
  File "/app/asu_discord/cogs/analytics.py", line 652, in on_member_update
    before_timeout = before.timed_out_until
                     ^^^^^^^^^^^^^^^^^^^^^^
AttributeError: 'Member' object has no attribute 'timed_out_until'
Ignoring exception in on_member_update
Traceback (most recent call last):
  File "/usr/local/lib/python3.12/site-packages/discord/client.py", line 465, in _run_event
    await coro(*args, **kwargs)
  File "/app/asu_discord/cogs/analytics.py", line 652, in on_member_update
    before_timeout = before.timed_out_until
                     ^^^^^^^^^^^^^^^^^^^^^^
AttributeError: 'Member' object has no attribute 'timed_out_until'
Ignoring exception in on_member_update
Traceback (most recent call last):
  File "/usr/local/lib/python3.12/site-packages/discord/client.py", line 465, in _run_event
    await coro(*args, **kwargs)
  File "/app/asu_discord/cogs/analytics.py", line 652, in on_member_update
    before_timeout = before.timed_out_until
                     ^^^^^^^^^^^^^^^^^^^^^^
AttributeError: 'Member' object has no attribute 'timed_out_until'
Ignoring exception in on_member_update
Traceback (most recent call last):
  File "/usr/local/lib/python3.12/site-packages/discord/client.py", line 465, in _run_event
    await coro(*args, **kwargs)
  File "/app/asu_discord/cogs/analytics.py", line 652, in on_member_update
    before_timeout = before.timed_out_until
                     ^^^^^^^^^^^^^^^^^^^^^^
AttributeError: 'Member' object has no attribute 'timed_out_until'
Ignoring exception in on_member_update
Traceback (most recent call last):
  File "/usr/local/lib/python3.12/site-packages/discord/client.py", line 465, in _run_event
    await coro(*args, **kwargs)
  File "/app/asu_discord/cogs/analytics.py", line 652, in on_member_update
    before_timeout = before.timed_out_until
                     ^^^^^^^^^^^^^^^^^^^^^^
AttributeError: 'Member' object has no attribute 'timed_out_until'
Ignoring exception in on_member_update
Traceback (most recent call last):
  File "/usr/local/lib/python3.12/site-packages/discord/client.py", line 465, in _run_event
    await coro(*args, **kwargs)
  File "/app/asu_discord/cogs/analytics.py", line 652, in on_member_update
    before_timeout = before.timed_out_until
                     ^^^^^^^^^^^^^^^^^^^^^^
AttributeError: 'Member' object has no attribute 'timed_out_until'
Ignoring exception in on_member_update
Traceback (most recent call last):
  File "/usr/local/lib/python3.12/site-packages/discord/client.py", line 465, in _run_event
    await coro(*args, **kwargs)
  File "/app/asu_discord/cogs/analytics.py", line 652, in on_member_update
    before_timeout = before.timed_out_until
                     ^^^^^^^^^^^^^^^^^^^^^^
AttributeError: 'Member' object has no attribute 'timed_out_until'
Ignoring exception in on_member_update
Traceback (most recent call last):
  File "/usr/local/lib/python3.12/site-packages/discord/client.py", line 465, in _run_event
    await coro(*args, **kwargs)
  File "/app/asu_discord/cogs/analytics.py", line 652, in on_member_update
    before_timeout = before.timed_out_until
                     ^^^^^^^^^^^^^^^^^^^^^^
AttributeError: 'Member' object has no attribute 'timed_out_until'
Ignoring exception in on_member_update
Traceback (most recent call last):
  File "/usr/local/lib/python3.12/site-packages/discord/client.py", line 465, in _run_event
    await coro(*args, **kwargs)
  File "/app/asu_discord/cogs/analytics.py", line 652, in on_member_update
    before_timeout = before.timed_out_until
                     ^^^^^^^^^^^^^^^^^^^^^^
AttributeError: 'Member' object has no attribute 'timed_out_until'
INFO:asu_discord.cogs.verification:Saved 5 roles to database for user emoelle4@asu.edu (Discord ID: 643840678048038942)
INFO:asu_discord.cogs.verification:Refreshed Salesforce roles for Discord user 643840678048038942: -4/+5 roles, assigned=[Arizona Resident, First Year, Ira A. Fulton Schools of Engineering, Tempe, Upperclassmen]
Ignoring exception in on_member_update
Traceback (most recent call last):
  File "/usr/local/lib/python3.12/site-packages/discord/client.py", line 465, in _run_event
    await coro(*args, **kwargs)
  File "/app/asu_discord/cogs/analytics.py", line 652, in on_member_update
    before_timeout = before.timed_out_until
                     ^^^^^^^^^^^^^^^^^^^^^^
AttributeError: 'Member' object has no attribute 'timed_out_until'
Ignoring exception in on_member_update
Traceback (most recent call last):
  File "/usr/local/lib/python3.12/site-packages/discord/client.py", line 465, in _run_event
    await coro(*args, **kwargs)
  File "/app/asu_discord/cogs/analytics.py", line 652, in on_member_update
    before_timeout = before.timed_out_until
                     ^^^^^^^^^^^^^^^^^^^^^^
AttributeError: 'Member' object has no attribute 'timed_out_until'
Ignoring exception in on_member_update
Traceback (most recent call last):
  File "/usr/local/lib/python3.12/site-packages/discord/client.py", line 465, in _run_event
    await coro(*args, **kwargs)
  File "/app/asu_discord/cogs/analytics.py", line 652, in on_member_update
    before_timeout = before.timed_out_until
                     ^^^^^^^^^^^^^^^^^^^^^^
AttributeError: 'Member' object has no attribute 'timed_out_until'
Ignoring exception in on_member_update
Traceback (most recent call last):
  File "/usr/local/lib/python3.12/site-packages/discord/client.py", line 465, in _run_event
    await coro(*args, **kwargs)
  File "/app/asu_discord/cogs/analytics.py", line 652, in on_member_update
    before_timeout = before.timed_out_until
                     ^^^^^^^^^^^^^^^^^^^^^^
AttributeError: 'Member' object has no attribute 'timed_out_until'
Ignoring exception in on_member_update
Traceback (most recent call last):
  File "/usr/local/lib/python3.12/site-packages/discord/client.py", line 465, in _run_event
    await coro(*args, **kwargs)
  File "/app/asu_discord/cogs/analytics.py", line 652, in on_member_update
    before_timeout = before.timed_out_until
                     ^^^^^^^^^^^^^^^^^^^^^^
AttributeError: 'Member' object has no attribute 'timed_out_until'
Ignoring exception in on_member_update
Traceback (most recent call last):
  File "/usr/local/lib/python3.12/site-packages/discord/client.py", line 465, in _run_event
    await coro(*args, **kwargs)
  File "/app/asu_discord/cogs/analytics.py", line 652, in on_member_update
    before_timeout = before.timed_out_until
                     ^^^^^^^^^^^^^^^^^^^^^^
AttributeError: 'Member' object has no attribute 'timed_out_until'
Ignoring exception in on_member_update
Traceback (most recent call last):
  File "/usr/local/lib/python3.12/site-packages/discord/client.py", line 465, in _run_event
    await coro(*args, **kwargs)
  File "/app/asu_discord/cogs/analytics.py", line 652, in on_member_update
    before_timeout = before.timed_out_until
                     ^^^^^^^^^^^^^^^^^^^^^^
AttributeError: 'Member' object has no attribute 'timed_out_until'
Ignoring exception in on_member_update
Traceback (most recent call last):
  File "/usr/local/lib/python3.12/site-packages/discord/client.py", line 465, in _run_event
    await coro(*args, **kwargs)
  File "/app/asu_discord/cogs/analytics.py", line 652, in on_member_update
    before_timeout = before.timed_out_until
                     ^^^^^^^^^^^^^^^^^^^^^^
AttributeError: 'Member' object has no attribute 'timed_out_until'
Ignoring exception in on_member_update
Traceback (most recent call last):
  File "/usr/local/lib/python3.12/site-packages/discord/client.py", line 465, in _run_event
    await coro(*args, **kwargs)
  File "/app/asu_discord/cogs/analytics.py", line 652, in on_member_update
    before_timeout = before.timed_out_until
                     ^^^^^^^^^^^^^^^^^^^^^^
AttributeError: 'Member' object has no attribute 'timed_out_until'
Ignoring exception in on_member_update
Traceback (most recent call last):
  File "/usr/local/lib/python3.12/site-packages/discord/client.py", line 465, in _run_event
    await coro(*args, **kwargs)
  File "/app/asu_discord/cogs/analytics.py", line 652, in on_member_update
    before_timeout = before.timed_out_until
                     ^^^^^^^^^^^^^^^^^^^^^^
AttributeError: 'Member' object has no attribute 'timed_out_until'
INFO:asu_discord.cogs.verification:Saved 5 roles to database for user ikostur@asu.edu (Discord ID: 1034970265265905665)
INFO:asu_discord.cogs.verification:Refreshed Salesforce roles for Discord user 1034970265265905665: -5/+5 roles, assigned=[Arizona Resident, Commited, Downtown Phoenix, First Year, Walter Cronkite School of Journalism and Mass Communication]
Ignoring exception in on_member_update
Traceback (most recent call last):
  File "/usr/local/lib/python3.12/site-packages/discord/client.py", line 465, in _run_event
    await coro(*args, **kwargs)
  File "/app/asu_discord/cogs/analytics.py", line 652, in on_member_update
    before_timeout = before.timed_out_until
                     ^^^^^^^^^^^^^^^^^^^^^^
AttributeError: 'Member' object has no attribute 'timed_out_until'
Ignoring exception in on_member_update
Traceback (most recent call last):
  File "/usr/local/lib/python3.12/site-packages/discord/client.py", line 465, in _run_event
    await coro(*args, **kwargs)
  File "/app/asu_discord/cogs/analytics.py", line 652, in on_member_update
    before_timeout = before.timed_out_until
                     ^^^^^^^^^^^^^^^^^^^^^^
AttributeError: 'Member' object has no attribute 'timed_out_until'
Ignoring exception in on_member_update
Traceback (most recent call last):
  File "/usr/local/lib/python3.12/site-packages/discord/client.py", line 465, in _run_event
    await coro(*args, **kwargs)
  File "/app/asu_discord/cogs/analytics.py", line 652, in on_member_update
    before_timeout = before.timed_out_until
                     ^^^^^^^^^^^^^^^^^^^^^^
AttributeError: 'Member' object has no attribute 'timed_out_until'
Ignoring exception in on_member_update
Traceback (most recent call last):
  File "/usr/local/lib/python3.12/site-packages/discord/client.py", line 465, in _run_event
    await coro(*args, **kwargs)
  File "/app/asu_discord/cogs/analytics.py", line 652, in on_member_update
    before_timeout = before.timed_out_until
                     ^^^^^^^^^^^^^^^^^^^^^^
AttributeError: 'Member' object has no attribute 'timed_out_until'
Ignoring exception in on_member_update
Traceback (most recent call last):
  File "/usr/local/lib/python3.12/site-packages/discord/client.py", line 465, in _run_event
    await coro(*args, **kwargs)
  File "/app/asu_discord/cogs/analytics.py", line 652, in on_member_update
    before_timeout = before.timed_out_until
                     ^^^^^^^^^^^^^^^^^^^^^^
AttributeError: 'Member' object has no attribute 'timed_out_until'
Ignoring exception in on_member_update
Traceback (most recent call last):
  File "/usr/local/lib/python3.12/site-packages/discord/client.py", line 465, in _run_event
    await coro(*args, **kwargs)
  File "/app/asu_discord/cogs/analytics.py", line 652, in on_member_update
    before_timeout = before.timed_out_until
                     ^^^^^^^^^^^^^^^^^^^^^^
AttributeError: 'Member' object has no attribute 'timed_out_until'
Ignoring exception in on_member_update
Traceback (most recent call last):
  File "/usr/local/lib/python3.12/site-packages/discord/client.py", line 465, in _run_event
    await coro(*args, **kwargs)
  File "/app/asu_discord/cogs/analytics.py", line 652, in on_member_update
    before_timeout = before.timed_out_until
                     ^^^^^^^^^^^^^^^^^^^^^^
AttributeError: 'Member' object has no attribute 'timed_out_until'
Ignoring exception in on_member_update
Traceback (most recent call last):
  File "/usr/local/lib/python3.12/site-packages/discord/client.py", line 465, in _run_event
    await coro(*args, **kwargs)
  File "/app/asu_discord/cogs/analytics.py", line 652, in on_member_update
    before_timeout = before.timed_out_until
                     ^^^^^^^^^^^^^^^^^^^^^^
AttributeError: 'Member' object has no attribute 'timed_out_until'
Ignoring exception in on_member_update
Traceback (most recent call last):
  File "/usr/local/lib/python3.12/site-packages/discord/client.py", line 465, in _run_event
    await coro(*args, **kwargs)
  File "/app/asu_discord/cogs/analytics.py", line 652, in on_member_update
    before_timeout = before.timed_out_until
                     ^^^^^^^^^^^^^^^^^^^^^^
AttributeError: 'Member' object has no attribute 'timed_out_until'
Ignoring exception in on_member_update
Traceback (most recent call last):
  File "/usr/local/lib/python3.12/site-packages/discord/client.py", line 465, in _run_event
    await coro(*args, **kwargs)
  File "/app/asu_discord/cogs/analytics.py", line 652, in on_member_update
    before_timeout = before.timed_out_until
                     ^^^^^^^^^^^^^^^^^^^^^^
AttributeError: 'Member' object has no attribute 'timed_out_until'
INFO:asu_discord.cogs.verification:Saved 5 roles to database for user poornima@asu.edu (Discord ID: 760106034634686514)
INFO:asu_discord.cogs.verification:Refreshed Salesforce roles for Discord user 760106034634686514: -5/+5 roles, assigned=[Commited, First Year, Ira A. Fulton Schools of Engineering, Out of State, Tempe]
Ignoring exception in on_member_update
Traceback (most recent call last):
  File "/usr/local/lib/python3.12/site-packages/discord/client.py", line 465, in _run_event
    await coro(*args, **kwargs)
  File "/app/asu_discord/cogs/analytics.py", line 652, in on_member_update
    before_timeout = before.timed_out_until
                     ^^^^^^^^^^^^^^^^^^^^^^
AttributeError: 'Member' object has no attribute 'timed_out_until'
Ignoring exception in on_member_update
Traceback (most recent call last):
  File "/usr/local/lib/python3.12/site-packages/discord/client.py", line 465, in _run_event
    await coro(*args, **kwargs)
  File "/app/asu_discord/cogs/analytics.py", line 652, in on_member_update
    before_timeout = before.timed_out_until
                     ^^^^^^^^^^^^^^^^^^^^^^
AttributeError: 'Member' object has no attribute 'timed_out_until'
Ignoring exception in on_member_update
Traceback (most recent call last):
  File "/usr/local/lib/python3.12/site-packages/discord/client.py", line 465, in _run_event
    await coro(*args, **kwargs)
  File "/app/asu_discord/cogs/analytics.py", line 652, in on_member_update
    before_timeout = before.timed_out_until
                     ^^^^^^^^^^^^^^^^^^^^^^
AttributeError: 'Member' object has no attribute 'timed_out_until'
Ignoring exception in on_member_update
Traceback (most recent call last):
  File "/usr/local/lib/python3.12/site-packages/discord/client.py", line 465, in _run_event
    await coro(*args, **kwargs)
  File "/app/asu_discord/cogs/analytics.py", line 652, in on_member_update
    before_timeout = before.timed_out_until
                     ^^^^^^^^^^^^^^^^^^^^^^
AttributeError: 'Member' object has no attribute 'timed_out_until'
Ignoring exception in on_member_update
Traceback (most recent call last):
  File "/usr/local/lib/python3.12/site-packages/discord/client.py", line 465, in _run_event
    await coro(*args, **kwargs)
  File "/app/asu_discord/cogs/analytics.py", line 652, in on_member_update
    before_timeout = before.timed_out_until
                     ^^^^^^^^^^^^^^^^^^^^^^
AttributeError: 'Member' object has no attribute 'timed_out_until'
Ignoring exception in on_member_update
Traceback (most recent call last):
  File "/usr/local/lib/python3.12/site-packages/discord/client.py", line 465, in _run_event
    await coro(*args, **kwargs)
  File "/app/asu_discord/cogs/analytics.py", line 652, in on_member_update
    before_timeout = before.timed_out_until
                     ^^^^^^^^^^^^^^^^^^^^^^
AttributeError: 'Member' object has no attribute 'timed_out_until'
Ignoring exception in on_member_update
Traceback (most recent call last):
  File "/usr/local/lib/python3.12/site-packages/discord/client.py", line 465, in _run_event
    await coro(*args, **kwargs)
  File "/app/asu_discord/cogs/analytics.py", line 652, in on_member_update
    before_timeout = before.timed_out_until
                     ^^^^^^^^^^^^^^^^^^^^^^
AttributeError: 'Member' object has no attribute 'timed_out_until'
Ignoring exception in on_member_update
Traceback (most recent call last):
  File "/usr/local/lib/python3.12/site-packages/discord/client.py", line 465, in _run_event
    await coro(*args, **kwargs)
  File "/app/asu_discord/cogs/analytics.py", line 652, in on_member_update
    before_timeout = before.timed_out_until
                     ^^^^^^^^^^^^^^^^^^^^^^
AttributeError: 'Member' object has no attribute 'timed_out_until'
Ignoring exception in on_member_update
Traceback (most recent call last):
  File "/usr/local/lib/python3.12/site-packages/discord/client.py", line 465, in _run_event
    await coro(*args, **kwargs)
  File "/app/asu_discord/cogs/analytics.py", line 652, in on_member_update
    before_timeout = before.timed_out_until
                     ^^^^^^^^^^^^^^^^^^^^^^
AttributeError: 'Member' object has no attribute 'timed_out_until'
Ignoring exception in on_member_update
Traceback (most recent call last):
  File "/usr/local/lib/python3.12/site-packages/discord/client.py", line 465, in _run_event
    await coro(*args, **kwargs)
  File "/app/asu_discord/cogs/analytics.py", line 652, in on_member_update
    before_timeout = before.timed_out_until
                     ^^^^^^^^^^^^^^^^^^^^^^
AttributeError: 'Member' object has no attribute 'timed_out_until'
INFO:asu_discord.cogs.verification:Saved 5 roles to database for user evphilli@asu.edu (Discord ID: 1226711510592782493)
INFO:asu_discord.cogs.verification:Refreshed Salesforce roles for Discord user 1226711510592782493: -5/+5 roles, assigned=[Commited, First Year, Out of State, Tempe, W.P. Carey School of Business]
Ignoring exception in on_member_update
Traceback (most recent call last):
  File "/usr/local/lib/python3.12/site-packages/discord/client.py", line 465, in _run_event
    await coro(*args, **kwargs)
  File "/app/asu_discord/cogs/analytics.py", line 652, in on_member_update
    before_timeout = before.timed_out_until
                     ^^^^^^^^^^^^^^^^^^^^^^
AttributeError: 'Member' object has no attribute 'timed_out_until'
Ignoring exception in on_member_update
Traceback (most recent call last):
  File "/usr/local/lib/python3.12/site-packages/discord/client.py", line 465, in _run_event
    await coro(*args, **kwargs)
  File "/app/asu_discord/cogs/analytics.py", line 652, in on_member_update
    before_timeout = before.timed_out_until
                     ^^^^^^^^^^^^^^^^^^^^^^
AttributeError: 'Member' object has no attribute 'timed_out_until'
Ignoring exception in on_member_update
Traceback (most recent call last):
  File "/usr/local/lib/python3.12/site-packages/discord/client.py", line 465, in _run_event
    await coro(*args, **kwargs)
  File "/app/asu_discord/cogs/analytics.py", line 652, in on_member_update
    before_timeout = before.timed_out_until
                     ^^^^^^^^^^^^^^^^^^^^^^
AttributeError: 'Member' object has no attribute 'timed_out_until'
Ignoring exception in on_member_update
Traceback (most recent call last):
  File "/usr/local/lib/python3.12/site-packages/discord/client.py", line 465, in _run_event
    await coro(*args, **kwargs)
  File "/app/asu_discord/cogs/analytics.py", line 652, in on_member_update
    before_timeout = before.timed_out_until
                     ^^^^^^^^^^^^^^^^^^^^^^
AttributeError: 'Member' object has no attribute 'timed_out_until'
Ignoring exception in on_member_update
Traceback (most recent call last):
  File "/usr/local/lib/python3.12/site-packages/discord/client.py", line 465, in _run_event
    await coro(*args, **kwargs)
  File "/app/asu_discord/cogs/analytics.py", line 652, in on_member_update
    before_timeout = before.timed_out_until
                     ^^^^^^^^^^^^^^^^^^^^^^
AttributeError: 'Member' object has no attribute 'timed_out_until'
Ignoring exception in on_member_update
Traceback (most recent call last):
  File "/usr/local/lib/python3.12/site-packages/discord/client.py", line 465, in _run_event
    await coro(*args, **kwargs)
  File "/app/asu_discord/cogs/analytics.py", line 652, in on_member_update
    before_timeout = before.timed_out_until
                     ^^^^^^^^^^^^^^^^^^^^^^
AttributeError: 'Member' object has no attribute 'timed_out_until'
Ignoring exception in on_member_update
Traceback (most recent call last):
  File "/usr/local/lib/python3.12/site-packages/discord/client.py", line 465, in _run_event
    await coro(*args, **kwargs)
  File "/app/asu_discord/cogs/analytics.py", line 652, in on_member_update
    before_timeout = before.timed_out_until
                     ^^^^^^^^^^^^^^^^^^^^^^
AttributeError: 'Member' object has no attribute 'timed_out_until'
Ignoring exception in on_member_update
Traceback (most recent call last):
  File "/usr/local/lib/python3.12/site-packages/discord/client.py", line 465, in _run_event
    await coro(*args, **kwargs)
  File "/app/asu_discord/cogs/analytics.py", line 652, in on_member_update
    before_timeout = before.timed_out_until
                     ^^^^^^^^^^^^^^^^^^^^^^
AttributeError: 'Member' object has no attribute 'timed_out_until'
Ignoring exception in on_member_update
Traceback (most recent call last):
  File "/usr/local/lib/python3.12/site-packages/discord/client.py", line 465, in _run_event
    await coro(*args, **kwargs)
  File "/app/asu_discord/cogs/analytics.py", line 652, in on_member_update
    before_timeout = before.timed_out_until
                     ^^^^^^^^^^^^^^^^^^^^^^
AttributeError: 'Member' object has no attribute 'timed_out_until'
INFO:asu_discord.cogs.verification:Saved 5 roles to database for user ifpilori@asu.edu (Discord ID: 690065131807572025)
INFO:asu_discord.cogs.verification:Refreshed Salesforce roles for Discord user 690065131807572025: -4/+5 roles, assigned=[Ira A. Fulton Schools of Engineering, Online, Out of State, Transfer Student, Upperclassmen]
Ignoring exception in on_member_update
Traceback (most recent call last):
  File "/usr/local/lib/python3.12/site-packages/discord/client.py", line 465, in _run_event
    await coro(*args, **kwargs)
  File "/app/asu_discord/cogs/analytics.py", line 652, in on_member_update
    before_timeout = before.timed_out_until
                     ^^^^^^^^^^^^^^^^^^^^^^
AttributeError: 'Member' object has no attribute 'timed_out_until'
Ignoring exception in on_member_update
Traceback (most recent call last):
  File "/usr/local/lib/python3.12/site-packages/discord/client.py", line 465, in _run_event
    await coro(*args, **kwargs)
  File "/app/asu_discord/cogs/analytics.py", line 652, in on_member_update
    before_timeout = before.timed_out_until
                     ^^^^^^^^^^^^^^^^^^^^^^
AttributeError: 'Member' object has no attribute 'timed_out_until'
Ignoring exception in on_member_update
Traceback (most recent call last):
  File "/usr/local/lib/python3.12/site-packages/discord/client.py", line 465, in _run_event
    await coro(*args, **kwargs)
  File "/app/asu_discord/cogs/analytics.py", line 652, in on_member_update
    before_timeout = before.timed_out_until
                     ^^^^^^^^^^^^^^^^^^^^^^
AttributeError: 'Member' object has no attribute 'timed_out_until'
Ignoring exception in on_member_update
Traceback (most recent call last):
  File "/usr/local/lib/python3.12/site-packages/discord/client.py", line 465, in _run_event
    await coro(*args, **kwargs)
  File "/app/asu_discord/cogs/analytics.py", line 652, in on_member_update
    before_timeout = before.timed_out_until
                     ^^^^^^^^^^^^^^^^^^^^^^
AttributeError: 'Member' object has no attribute 'timed_out_until'
Ignoring exception in on_member_update
Traceback (most recent call last):
  File "/usr/local/lib/python3.12/site-packages/discord/client.py", line 465, in _run_event
    await coro(*args, **kwargs)
  File "/app/asu_discord/cogs/analytics.py", line 652, in on_member_update
    before_timeout = before.timed_out_until
                     ^^^^^^^^^^^^^^^^^^^^^^
AttributeError: 'Member' object has no attribute 'timed_out_until'
Ignoring exception in on_member_update
Traceback (most recent call last):
  File "/usr/local/lib/python3.12/site-packages/discord/client.py", line 465, in _run_event
    await coro(*args, **kwargs)
  File "/app/asu_discord/cogs/analytics.py", line 652, in on_member_update
    before_timeout = before.timed_out_until
                     ^^^^^^^^^^^^^^^^^^^^^^
AttributeError: 'Member' object has no attribute 'timed_out_until'
INFO:asu_discord.cogs.verification:Saved 3 roles to database for user mghizawi@asu.edu (Discord ID: 717438086862078164)
INFO:asu_discord.cogs.verification:Refreshed Salesforce roles for Discord user 717438086862078164: -3/+3 roles, assigned=[College of Liberal Arts and Sciences, First Year, Tempe]
ERROR:cron.jobs:refresh_salesforce_roles: failed for bvoss12 (Discord ID 668125475964715028): Failed to refresh Salesforce-based roles: Discord user 668125475964715028 is not a member of the guild
ERROR:cron.jobs:refresh_salesforce_roles: failed for jrdone (Discord ID 846863704733515797): Failed to refresh Salesforce-based roles: Discord user 846863704733515797 is not a member of the guild
ERROR:cron.jobs:refresh_salesforce_roles: failed for llubovac (Discord ID 738170928424419369): Failed to refresh Salesforce-based roles: Discord user 738170928424419369 is not a member of the guild
Ignoring exception in on_member_update
Traceback (most recent call last):
  File "/usr/local/lib/python3.12/site-packages/discord/client.py", line 465, in _run_event
    await coro(*args, **kwargs)
  File "/app/asu_discord/cogs/analytics.py", line 652, in on_member_update
    before_timeout = before.timed_out_until
                     ^^^^^^^^^^^^^^^^^^^^^^
AttributeError: 'Member' object has no attribute 'timed_out_until'
Ignoring exception in on_member_update
Traceback (most recent call last):
  File "/usr/local/lib/python3.12/site-packages/discord/client.py", line 465, in _run_event
    await coro(*args, **kwargs)
  File "/app/asu_discord/cogs/analytics.py", line 652, in on_member_update
    before_timeout = before.timed_out_until
                     ^^^^^^^^^^^^^^^^^^^^^^
AttributeError: 'Member' object has no attribute 'timed_out_until'
Ignoring exception in on_member_update
Traceback (most recent call last):
  File "/usr/local/lib/python3.12/site-packages/discord/client.py", line 465, in _run_event
    await coro(*args, **kwargs)
  File "/app/asu_discord/cogs/analytics.py", line 652, in on_member_update
    before_timeout = before.timed_out_until
                     ^^^^^^^^^^^^^^^^^^^^^^
AttributeError: 'Member' object has no attribute 'timed_out_until'
Ignoring exception in on_member_update
Traceback (most recent call last):
  File "/usr/local/lib/python3.12/site-packages/discord/client.py", line 465, in _run_event
    await coro(*args, **kwargs)
  File "/app/asu_discord/cogs/analytics.py", line 652, in on_member_update
    before_timeout = before.timed_out_until
                     ^^^^^^^^^^^^^^^^^^^^^^
AttributeError: 'Member' object has no attribute 'timed_out_until'
Ignoring exception in on_member_update
Traceback (most recent call last):
  File "/usr/local/lib/python3.12/site-packages/discord/client.py", line 465, in _run_event
    await coro(*args, **kwargs)
  File "/app/asu_discord/cogs/analytics.py", line 652, in on_member_update
    before_timeout = before.timed_out_until
                     ^^^^^^^^^^^^^^^^^^^^^^
AttributeError: 'Member' object has no attribute 'timed_out_until'
Ignoring exception in on_member_update
Traceback (most recent call last):
  File "/usr/local/lib/python3.12/site-packages/discord/client.py", line 465, in _run_event
    await coro(*args, **kwargs)
  File "/app/asu_discord/cogs/analytics.py", line 652, in on_member_update
    before_timeout = before.timed_out_until
                     ^^^^^^^^^^^^^^^^^^^^^^
AttributeError: 'Member' object has no attribute 'timed_out_until'
Ignoring exception in on_member_update
Traceback (most recent call last):
  File "/usr/local/lib/python3.12/site-packages/discord/client.py", line 465, in _run_event
    await coro(*args, **kwargs)
  File "/app/asu_discord/cogs/analytics.py", line 652, in on_member_update
    before_timeout = before.timed_out_until
                     ^^^^^^^^^^^^^^^^^^^^^^
AttributeError: 'Member' object has no attribute 'timed_out_until'
Ignoring exception in on_member_update
Traceback (most recent call last):
  File "/usr/local/lib/python3.12/site-packages/discord/client.py", line 465, in _run_event
    await coro(*args, **kwargs)
  File "/app/asu_discord/cogs/analytics.py", line 652, in on_member_update
    before_timeout = before.timed_out_until
                     ^^^^^^^^^^^^^^^^^^^^^^
AttributeError: 'Member' object has no attribute 'timed_out_until'
Ignoring exception in on_member_update
Traceback (most recent call last):
  File "/usr/local/lib/python3.12/site-packages/discord/client.py", line 465, in _run_event
    await coro(*args, **kwargs)
  File "/app/asu_discord/cogs/analytics.py", line 652, in on_member_update
    before_timeout = before.timed_out_until
                     ^^^^^^^^^^^^^^^^^^^^^^
AttributeError: 'Member' object has no attribute 'timed_out_until'
INFO:asu_discord.cogs.verification:Saved 5 roles to database for user riadas@asu.edu (Discord ID: 1440025019555123223)
INFO:asu_discord.cogs.verification:Refreshed Salesforce roles for Discord user 1440025019555123223: -4/+5 roles, assigned=[Arizona Resident, College of Health Solutions, Commited, Downtown Phoenix, First Year]
Ignoring exception in on_member_update
Traceback (most recent call last):
  File "/usr/local/lib/python3.12/site-packages/discord/client.py", line 465, in _run_event
    await coro(*args, **kwargs)
  File "/app/asu_discord/cogs/analytics.py", line 652, in on_member_update
    before_timeout = before.timed_out_until
                     ^^^^^^^^^^^^^^^^^^^^^^
AttributeError: 'Member' object has no attribute 'timed_out_until'
Ignoring exception in on_member_update
Traceback (most recent call last):
  File "/usr/local/lib/python3.12/site-packages/discord/client.py", line 465, in _run_event
    await coro(*args, **kwargs)
  File "/app/asu_discord/cogs/analytics.py", line 652, in on_member_update
    before_timeout = before.timed_out_until
                     ^^^^^^^^^^^^^^^^^^^^^^
AttributeError: 'Member' object has no attribute 'timed_out_until'
Ignoring exception in on_member_update
Traceback (most recent call last):
  File "/usr/local/lib/python3.12/site-packages/discord/client.py", line 465, in _run_event
    await coro(*args, **kwargs)
  File "/app/asu_discord/cogs/analytics.py", line 652, in on_member_update
    before_timeout = before.timed_out_until
                     ^^^^^^^^^^^^^^^^^^^^^^
AttributeError: 'Member' object has no attribute 'timed_out_until'
Ignoring exception in on_member_update
Traceback (most recent call last):
  File "/usr/local/lib/python3.12/site-packages/discord/client.py", line 465, in _run_event
    await coro(*args, **kwargs)
  File "/app/asu_discord/cogs/analytics.py", line 652, in on_member_update
    before_timeout = before.timed_out_until
                     ^^^^^^^^^^^^^^^^^^^^^^
AttributeError: 'Member' object has no attribute 'timed_out_until'
Ignoring exception in on_member_update
Traceback (most recent call last):
  File "/usr/local/lib/python3.12/site-packages/discord/client.py", line 465, in _run_event
    await coro(*args, **kwargs)
  File "/app/asu_discord/cogs/analytics.py", line 652, in on_member_update
    before_timeout = before.timed_out_until
                     ^^^^^^^^^^^^^^^^^^^^^^
AttributeError: 'Member' object has no attribute 'timed_out_until'
Ignoring exception in on_member_update
Traceback (most recent call last):
  File "/usr/local/lib/python3.12/site-packages/discord/client.py", line 465, in _run_event
    await coro(*args, **kwargs)
  File "/app/asu_discord/cogs/analytics.py", line 652, in on_member_update
    before_timeout = before.timed_out_until
                     ^^^^^^^^^^^^^^^^^^^^^^
AttributeError: 'Member' object has no attribute 'timed_out_until'
Ignoring exception in on_member_update
Traceback (most recent call last):
  File "/usr/local/lib/python3.12/site-packages/discord/client.py", line 465, in _run_event
    await coro(*args, **kwargs)
  File "/app/asu_discord/cogs/analytics.py", line 652, in on_member_update
    before_timeout = before.timed_out_until
                     ^^^^^^^^^^^^^^^^^^^^^^
AttributeError: 'Member' object has no attribute 'timed_out_until'
Ignoring exception in on_member_update
Traceback (most recent call last):
  File "/usr/local/lib/python3.12/site-packages/discord/client.py", line 465, in _run_event
    await coro(*args, **kwargs)
  File "/app/asu_discord/cogs/analytics.py", line 652, in on_member_update
    before_timeout = before.timed_out_until
                     ^^^^^^^^^^^^^^^^^^^^^^
AttributeError: 'Member' object has no attribute 'timed_out_until'
INFO:asu_discord.cogs.verification:Saved 4 roles to database for user jmora115@asu.edu (Discord ID: 797910392407982101)
INFO:asu_discord.cogs.verification:Refreshed Salesforce roles for Discord user 797910392407982101: -4/+4 roles, assigned=[Arizona Resident, College of Integrative Sciences and Arts, First Year, Tempe]
Ignoring exception in on_member_update
Traceback (most recent call last):
  File "/usr/local/lib/python3.12/site-packages/discord/client.py", line 465, in _run_event
    await coro(*args, **kwargs)
  File "/app/asu_discord/cogs/analytics.py", line 652, in on_member_update
    before_timeout = before.timed_out_until
                     ^^^^^^^^^^^^^^^^^^^^^^
AttributeError: 'Member' object has no attribute 'timed_out_until'
Ignoring exception in on_member_update
Traceback (most recent call last):
  File "/usr/local/lib/python3.12/site-packages/discord/client.py", line 465, in _run_event
    await coro(*args, **kwargs)
  File "/app/asu_discord/cogs/analytics.py", line 652, in on_member_update
    before_timeout = before.timed_out_until
                     ^^^^^^^^^^^^^^^^^^^^^^
AttributeError: 'Member' object has no attribute 'timed_out_until'
Ignoring exception in on_member_update
Traceback (most recent call last):
  File "/usr/local/lib/python3.12/site-packages/discord/client.py", line 465, in _run_event
    await coro(*args, **kwargs)
  File "/app/asu_discord/cogs/analytics.py", line 652, in on_member_update
    before_timeout = before.timed_out_until
                     ^^^^^^^^^^^^^^^^^^^^^^
AttributeError: 'Member' object has no attribute 'timed_out_until'
Ignoring exception in on_member_update
Traceback (most recent call last):
  File "/usr/local/lib/python3.12/site-packages/discord/client.py", line 465, in _run_event
    await coro(*args, **kwargs)
  File "/app/asu_discord/cogs/analytics.py", line 652, in on_member_update
    before_timeout = before.timed_out_until
                     ^^^^^^^^^^^^^^^^^^^^^^
AttributeError: 'Member' object has no attribute 'timed_out_until'
Ignoring exception in on_member_update
Traceback (most recent call last):
  File "/usr/local/lib/python3.12/site-packages/discord/client.py", line 465, in _run_event
    await coro(*args, **kwargs)
  File "/app/asu_discord/cogs/analytics.py", line 652, in on_member_update
    before_timeout = before.timed_out_until
                     ^^^^^^^^^^^^^^^^^^^^^^
AttributeError: 'Member' object has no attribute 'timed_out_until'
Ignoring exception in on_member_update
Traceback (most recent call last):
  File "/usr/local/lib/python3.12/site-packages/discord/client.py", line 465, in _run_event
    await coro(*args, **kwargs)
  File "/app/asu_discord/cogs/analytics.py", line 652, in on_member_update
    before_timeout = before.timed_out_until
                     ^^^^^^^^^^^^^^^^^^^^^^
AttributeError: 'Member' object has no attribute 'timed_out_until'
Ignoring exception in on_member_update
Traceback (most recent call last):
  File "/usr/local/lib/python3.12/site-packages/discord/client.py", line 465, in _run_event
    await coro(*args, **kwargs)
  File "/app/asu_discord/cogs/analytics.py", line 652, in on_member_update
    before_timeout = before.timed_out_until
                     ^^^^^^^^^^^^^^^^^^^^^^
AttributeError: 'Member' object has no attribute 'timed_out_until'
Ignoring exception in on_member_update
Traceback (most recent call last):
  File "/usr/local/lib/python3.12/site-packages/discord/client.py", line 465, in _run_event
    await coro(*args, **kwargs)
  File "/app/asu_discord/cogs/analytics.py", line 652, in on_member_update
    before_timeout = before.timed_out_until
                     ^^^^^^^^^^^^^^^^^^^^^^
AttributeError: 'Member' object has no attribute 'timed_out_until'
Ignoring exception in on_member_update
Traceback (most recent call last):
  File "/usr/local/lib/python3.12/site-packages/discord/client.py", line 465, in _run_event
    await coro(*args, **kwargs)
  File "/app/asu_discord/cogs/analytics.py", line 652, in on_member_update
    before_timeout = before.timed_out_until
                     ^^^^^^^^^^^^^^^^^^^^^^
AttributeError: 'Member' object has no attribute 'timed_out_until'
Ignoring exception in on_member_update
Traceback (most recent call last):
  File "/usr/local/lib/python3.12/site-packages/discord/client.py", line 465, in _run_event
    await coro(*args, **kwargs)
  File "/app/asu_discord/cogs/analytics.py", line 652, in on_member_update
    before_timeout = before.timed_out_until
                     ^^^^^^^^^^^^^^^^^^^^^^
AttributeError: 'Member' object has no attribute 'timed_out_until'
INFO:asu_discord.cogs.verification:Saved 5 roles to database for user trrisner@asu.edu (Discord ID: 1440025170231427193)
INFO:asu_discord.cogs.verification:Refreshed Salesforce roles for Discord user 1440025170231427193: -5/+5 roles, assigned=[College of Liberal Arts and Sciences, Commited, First Year, Out of State, Tempe]
Ignoring exception in on_member_update
Traceback (most recent call last):
  File "/usr/local/lib/python3.12/site-packages/discord/client.py", line 465, in _run_event
    await coro(*args, **kwargs)
  File "/app/asu_discord/cogs/analytics.py", line 652, in on_member_update
    before_timeout = before.timed_out_until
                     ^^^^^^^^^^^^^^^^^^^^^^
AttributeError: 'Member' object has no attribute 'timed_out_until'
Ignoring exception in on_member_update
Traceback (most recent call last):
  File "/usr/local/lib/python3.12/site-packages/discord/client.py", line 465, in _run_event
    await coro(*args, **kwargs)
  File "/app/asu_discord/cogs/analytics.py", line 652, in on_member_update
    before_timeout = before.timed_out_until
                     ^^^^^^^^^^^^^^^^^^^^^^
AttributeError: 'Member' object has no attribute 'timed_out_until'
Ignoring exception in on_member_update
Traceback (most recent call last):
  File "/usr/local/lib/python3.12/site-packages/discord/client.py", line 465, in _run_event
    await coro(*args, **kwargs)
  File "/app/asu_discord/cogs/analytics.py", line 652, in on_member_update
    before_timeout = before.timed_out_until
                     ^^^^^^^^^^^^^^^^^^^^^^
AttributeError: 'Member' object has no attribute 'timed_out_until'
Ignoring exception in on_member_update
Traceback (most recent call last):
  File "/usr/local/lib/python3.12/site-packages/discord/client.py", line 465, in _run_event
    await coro(*args, **kwargs)
  File "/app/asu_discord/cogs/analytics.py", line 652, in on_member_update
    before_timeout = before.timed_out_until
                     ^^^^^^^^^^^^^^^^^^^^^^
AttributeError: 'Member' object has no attribute 'timed_out_until'
Ignoring exception in on_member_update
Traceback (most recent call last):
  File "/usr/local/lib/python3.12/site-packages/discord/client.py", line 465, in _run_event
    await coro(*args, **kwargs)
  File "/app/asu_discord/cogs/analytics.py", line 652, in on_member_update
    before_timeout = before.timed_out_until
                     ^^^^^^^^^^^^^^^^^^^^^^
AttributeError: 'Member' object has no attribute 'timed_out_until'
Ignoring exception in on_member_update
Traceback (most recent call last):
  File "/usr/local/lib/python3.12/site-packages/discord/client.py", line 465, in _run_event
    await coro(*args, **kwargs)
  File "/app/asu_discord/cogs/analytics.py", line 652, in on_member_update
    before_timeout = before.timed_out_until
                     ^^^^^^^^^^^^^^^^^^^^^^
AttributeError: 'Member' object has no attribute 'timed_out_until'
Ignoring exception in on_member_update
Traceback (most recent call last):
  File "/usr/local/lib/python3.12/site-packages/discord/client.py", line 465, in _run_event
    await coro(*args, **kwargs)
  File "/app/asu_discord/cogs/analytics.py", line 652, in on_member_update
    before_timeout = before.timed_out_until
                     ^^^^^^^^^^^^^^^^^^^^^^
AttributeError: 'Member' object has no attribute 'timed_out_until'
Ignoring exception in on_member_update
Traceback (most recent call last):
  File "/usr/local/lib/python3.12/site-packages/discord/client.py", line 465, in _run_event
    await coro(*args, **kwargs)
  File "/app/asu_discord/cogs/analytics.py", line 652, in on_member_update
    before_timeout = before.timed_out_until
                     ^^^^^^^^^^^^^^^^^^^^^^
AttributeError: 'Member' object has no attribute 'timed_out_until'
Ignoring exception in on_member_update
Traceback (most recent call last):
  File "/usr/local/lib/python3.12/site-packages/discord/client.py", line 465, in _run_event
    await coro(*args, **kwargs)
  File "/app/asu_discord/cogs/analytics.py", line 652, in on_member_update
    before_timeout = before.timed_out_until
                     ^^^^^^^^^^^^^^^^^^^^^^
AttributeError: 'Member' object has no attribute 'timed_out_until'
INFO:asu_discord.cogs.verification:Saved 5 roles to database for user mknepfer@asu.edu (Discord ID: 1324170177364889603)
INFO:asu_discord.cogs.verification:Refreshed Salesforce roles for Discord user 1324170177364889603: -5/+4 roles, assigned=[Commited, First Year, Herberger Institute for Design and the Arts, Out of State, Tempe]
Ignoring exception in on_member_update
Traceback (most recent call last):
  File "/usr/local/lib/python3.12/site-packages/discord/client.py", line 465, in _run_event
    await coro(*args, **kwargs)
  File "/app/asu_discord/cogs/analytics.py", line 652, in on_member_update
    before_timeout = before.timed_out_until
                     ^^^^^^^^^^^^^^^^^^^^^^
AttributeError: 'Member' object has no attribute 'timed_out_until'
Ignoring exception in on_member_update
Traceback (most recent call last):
  File "/usr/local/lib/python3.12/site-packages/discord/client.py", line 465, in _run_event
    await coro(*args, **kwargs)
  File "/app/asu_discord/cogs/analytics.py", line 652, in on_member_update
    before_timeout = before.timed_out_until
                     ^^^^^^^^^^^^^^^^^^^^^^
AttributeError: 'Member' object has no attribute 'timed_out_until'
Ignoring exception in on_member_update
Traceback (most recent call last):
  File "/usr/local/lib/python3.12/site-packages/discord/client.py", line 465, in _run_event
    await coro(*args, **kwargs)
  File "/app/asu_discord/cogs/analytics.py", line 652, in on_member_update
    before_timeout = before.timed_out_until
                     ^^^^^^^^^^^^^^^^^^^^^^
AttributeError: 'Member' object has no attribute 'timed_out_until'
Ignoring exception in on_member_update
Traceback (most recent call last):
  File "/usr/local/lib/python3.12/site-packages/discord/client.py", line 465, in _run_event
    await coro(*args, **kwargs)
  File "/app/asu_discord/cogs/analytics.py", line 652, in on_member_update
    before_timeout = before.timed_out_until
                     ^^^^^^^^^^^^^^^^^^^^^^
AttributeError: 'Member' object has no attribute 'timed_out_until'
Ignoring exception in on_member_update
Traceback (most recent call last):
  File "/usr/local/lib/python3.12/site-packages/discord/client.py", line 465, in _run_event
    await coro(*args, **kwargs)
  File "/app/asu_discord/cogs/analytics.py", line 652, in on_member_update
    before_timeout = before.timed_out_until
                     ^^^^^^^^^^^^^^^^^^^^^^
AttributeError: 'Member' object has no attribute 'timed_out_until'
Ignoring exception in on_member_update
Traceback (most recent call last):
  File "/usr/local/lib/python3.12/site-packages/discord/client.py", line 465, in _run_event
    await coro(*args, **kwargs)
  File "/app/asu_discord/cogs/analytics.py", line 652, in on_member_update
    before_timeout = before.timed_out_until
                     ^^^^^^^^^^^^^^^^^^^^^^
AttributeError: 'Member' object has no attribute 'timed_out_until'
Ignoring exception in on_member_update
Traceback (most recent call last):
  File "/usr/local/lib/python3.12/site-packages/discord/client.py", line 465, in _run_event
    await coro(*args, **kwargs)
  File "/app/asu_discord/cogs/analytics.py", line 652, in on_member_update
    before_timeout = before.timed_out_until
                     ^^^^^^^^^^^^^^^^^^^^^^
AttributeError: 'Member' object has no attribute 'timed_out_until'
Ignoring exception in on_member_update
Traceback (most recent call last):
  File "/usr/local/lib/python3.12/site-packages/discord/client.py", line 465, in _run_event
    await coro(*args, **kwargs)
  File "/app/asu_discord/cogs/analytics.py", line 652, in on_member_update
    before_timeout = before.timed_out_until
                     ^^^^^^^^^^^^^^^^^^^^^^
AttributeError: 'Member' object has no attribute 'timed_out_until'
Ignoring exception in on_member_update
Traceback (most recent call last):
  File "/usr/local/lib/python3.12/site-packages/discord/client.py", line 465, in _run_event
    await coro(*args, **kwargs)
  File "/app/asu_discord/cogs/analytics.py", line 652, in on_member_update
    before_timeout = before.timed_out_until
                     ^^^^^^^^^^^^^^^^^^^^^^
AttributeError: 'Member' object has no attribute 'timed_out_until'
Ignoring exception in on_member_update
Traceback (most recent call last):
  File "/usr/local/lib/python3.12/site-packages/discord/client.py", line 465, in _run_event
    await coro(*args, **kwargs)
  File "/app/asu_discord/cogs/analytics.py", line 652, in on_member_update
    before_timeout = before.timed_out_until
                     ^^^^^^^^^^^^^^^^^^^^^^
AttributeError: 'Member' object has no attribute 'timed_out_until'
Ignoring exception in on_member_update
Traceback (most recent call last):
  File "/usr/local/lib/python3.12/site-packages/discord/client.py", line 465, in _run_event
    await coro(*args, **kwargs)
  File "/app/asu_discord/cogs/analytics.py", line 652, in on_member_update
    before_timeout = before.timed_out_until
                     ^^^^^^^^^^^^^^^^^^^^^^
AttributeError: 'Member' object has no attribute 'timed_out_until'
Ignoring exception in on_member_update
Traceback (most recent call last):
  File "/usr/local/lib/python3.12/site-packages/discord/client.py", line 465, in _run_event
    await coro(*args, **kwargs)
  File "/app/asu_discord/cogs/analytics.py", line 652, in on_member_update
    before_timeout = before.timed_out_until
                     ^^^^^^^^^^^^^^^^^^^^^^
AttributeError: 'Member' object has no attribute 'timed_out_until'
INFO:asu_discord.cogs.verification:Saved 6 roles to database for user ajone321@asu.edu (Discord ID: 541393287689404426)
INFO:asu_discord.cogs.verification:Refreshed Salesforce roles for Discord user 541393287689404426: -6/+6 roles, assigned=[Commited, Ira A. Fulton Schools of Engineering, Out of State, Polytechnic, Transfer Student, Upperclassmen]
Ignoring exception in on_member_update
Traceback (most recent call last):
  File "/usr/local/lib/python3.12/site-packages/discord/client.py", line 465, in _run_event
    await coro(*args, **kwargs)
  File "/app/asu_discord/cogs/analytics.py", line 652, in on_member_update
    before_timeout = before.timed_out_until
                     ^^^^^^^^^^^^^^^^^^^^^^
AttributeError: 'Member' object has no attribute 'timed_out_until'
Ignoring exception in on_member_update
Traceback (most recent call last):
  File "/usr/local/lib/python3.12/site-packages/discord/client.py", line 465, in _run_event
    await coro(*args, **kwargs)
  File "/app/asu_discord/cogs/analytics.py", line 652, in on_member_update
    before_timeout = before.timed_out_until
                     ^^^^^^^^^^^^^^^^^^^^^^
AttributeError: 'Member' object has no attribute 'timed_out_until'
Ignoring exception in on_member_update
Traceback (most recent call last):
  File "/usr/local/lib/python3.12/site-packages/discord/client.py", line 465, in _run_event
    await coro(*args, **kwargs)
  File "/app/asu_discord/cogs/analytics.py", line 652, in on_member_update
    before_timeout = before.timed_out_until
                     ^^^^^^^^^^^^^^^^^^^^^^
AttributeError: 'Member' object has no attribute 'timed_out_until'
Ignoring exception in on_member_update
Traceback (most recent call last):
  File "/usr/local/lib/python3.12/site-packages/discord/client.py", line 465, in _run_event
    await coro(*args, **kwargs)
  File "/app/asu_discord/cogs/analytics.py", line 652, in on_member_update
    before_timeout = before.timed_out_until
                     ^^^^^^^^^^^^^^^^^^^^^^
AttributeError: 'Member' object has no attribute 'timed_out_until'
Ignoring exception in on_member_update
Traceback (most recent call last):
  File "/usr/local/lib/python3.12/site-packages/discord/client.py", line 465, in _run_event
    await coro(*args, **kwargs)
  File "/app/asu_discord/cogs/analytics.py", line 652, in on_member_update
    before_timeout = before.timed_out_until
                     ^^^^^^^^^^^^^^^^^^^^^^
AttributeError: 'Member' object has no attribute 'timed_out_until'
Ignoring exception in on_member_update
Traceback (most recent call last):
  File "/usr/local/lib/python3.12/site-packages/discord/client.py", line 465, in _run_event
    await coro(*args, **kwargs)
  File "/app/asu_discord/cogs/analytics.py", line 652, in on_member_update
    before_timeout = before.timed_out_until
                     ^^^^^^^^^^^^^^^^^^^^^^
AttributeError: 'Member' object has no attribute 'timed_out_until'
Ignoring exception in on_member_update
Traceback (most recent call last):
  File "/usr/local/lib/python3.12/site-packages/discord/client.py", line 465, in _run_event
    await coro(*args, **kwargs)
  File "/app/asu_discord/cogs/analytics.py", line 652, in on_member_update
    before_timeout = before.timed_out_until
                     ^^^^^^^^^^^^^^^^^^^^^^
AttributeError: 'Member' object has no attribute 'timed_out_until'
Ignoring exception in on_member_update
Traceback (most recent call last):
  File "/usr/local/lib/python3.12/site-packages/discord/client.py", line 465, in _run_event
    await coro(*args, **kwargs)
  File "/app/asu_discord/cogs/analytics.py", line 652, in on_member_update
    before_timeout = before.timed_out_until
                     ^^^^^^^^^^^^^^^^^^^^^^
AttributeError: 'Member' object has no attribute 'timed_out_until'
Ignoring exception in on_member_update
Traceback (most recent call last):
  File "/usr/local/lib/python3.12/site-packages/discord/client.py", line 465, in _run_event
    await coro(*args, **kwargs)
  File "/app/asu_discord/cogs/analytics.py", line 652, in on_member_update
    before_timeout = before.timed_out_until
                     ^^^^^^^^^^^^^^^^^^^^^^
AttributeError: 'Member' object has no attribute 'timed_out_until'
INFO:asu_discord.cogs.verification:Saved 5 roles to database for user daevan11@asu.edu (Discord ID: 1151689503564648448)
INFO:asu_discord.cogs.verification:Refreshed Salesforce roles for Discord user 1151689503564648448: -5/+4 roles, assigned=[New College of Interdisciplinary Arts and Sciences, Online, Out of State, Transfer Student, Upperclassmen]
Ignoring exception in on_member_update
Traceback (most recent call last):
  File "/usr/local/lib/python3.12/site-packages/discord/client.py", line 465, in _run_event
    await coro(*args, **kwargs)
  File "/app/asu_discord/cogs/analytics.py", line 652, in on_member_update
    before_timeout = before.timed_out_until
                     ^^^^^^^^^^^^^^^^^^^^^^
AttributeError: 'Member' object has no attribute 'timed_out_until'
Ignoring exception in on_member_update
Traceback (most recent call last):
  File "/usr/local/lib/python3.12/site-packages/discord/client.py", line 465, in _run_event
    await coro(*args, **kwargs)
  File "/app/asu_discord/cogs/analytics.py", line 652, in on_member_update
    before_timeout = before.timed_out_until
                     ^^^^^^^^^^^^^^^^^^^^^^
AttributeError: 'Member' object has no attribute 'timed_out_until'
Ignoring exception in on_member_update
Traceback (most recent call last):
  File "/usr/local/lib/python3.12/site-packages/discord/client.py", line 465, in _run_event
    await coro(*args, **kwargs)
  File "/app/asu_discord/cogs/analytics.py", line 652, in on_member_update
    before_timeout = before.timed_out_until
                     ^^^^^^^^^^^^^^^^^^^^^^
AttributeError: 'Member' object has no attribute 'timed_out_until'
Ignoring exception in on_member_update
Traceback (most recent call last):
  File "/usr/local/lib/python3.12/site-packages/discord/client.py", line 465, in _run_event
    await coro(*args, **kwargs)
  File "/app/asu_discord/cogs/analytics.py", line 652, in on_member_update
    before_timeout = before.timed_out_until
                     ^^^^^^^^^^^^^^^^^^^^^^
AttributeError: 'Member' object has no attribute 'timed_out_until'
Ignoring exception in on_member_update
Traceback (most recent call last):
  File "/usr/local/lib/python3.12/site-packages/discord/client.py", line 465, in _run_event
    await coro(*args, **kwargs)
  File "/app/asu_discord/cogs/analytics.py", line 652, in on_member_update
    before_timeout = before.timed_out_until
                     ^^^^^^^^^^^^^^^^^^^^^^
AttributeError: 'Member' object has no attribute 'timed_out_until'
Ignoring exception in on_member_update
Traceback (most recent call last):
  File "/usr/local/lib/python3.12/site-packages/discord/client.py", line 465, in _run_event
    await coro(*args, **kwargs)
  File "/app/asu_discord/cogs/analytics.py", line 652, in on_member_update
    before_timeout = before.timed_out_until
                     ^^^^^^^^^^^^^^^^^^^^^^
AttributeError: 'Member' object has no attribute 'timed_out_until'
Ignoring exception in on_member_update
Traceback (most recent call last):
  File "/usr/local/lib/python3.12/site-packages/discord/client.py", line 465, in _run_event
    await coro(*args, **kwargs)
  File "/app/asu_discord/cogs/analytics.py", line 652, in on_member_update
    before_timeout = before.timed_out_until
                     ^^^^^^^^^^^^^^^^^^^^^^
AttributeError: 'Member' object has no attribute 'timed_out_until'
Ignoring exception in on_member_update
Traceback (most recent call last):
  File "/usr/local/lib/python3.12/site-packages/discord/client.py", line 465, in _run_event
    await coro(*args, **kwargs)
  File "/app/asu_discord/cogs/analytics.py", line 652, in on_member_update
    before_timeout = before.timed_out_until
                     ^^^^^^^^^^^^^^^^^^^^^^
AttributeError: 'Member' object has no attribute 'timed_out_until'
Ignoring exception in on_member_update
Traceback (most recent call last):
  File "/usr/local/lib/python3.12/site-packages/discord/client.py", line 465, in _run_event
    await coro(*args, **kwargs)
  File "/app/asu_discord/cogs/analytics.py", line 652, in on_member_update
    before_timeout = before.timed_out_until
                     ^^^^^^^^^^^^^^^^^^^^^^
AttributeError: 'Member' object has no attribute 'timed_out_until'
INFO:asu_discord.cogs.verification:Saved 5 roles to database for user mhjorgen@asu.edu (Discord ID: 253020244312981504)
INFO:asu_discord.cogs.verification:Refreshed Salesforce roles for Discord user 253020244312981504: -4/+5 roles, assigned=[First Year, Online, Out of State, University College, Upperclassmen]
Ignoring exception in on_member_update
Traceback (most recent call last):
  File "/usr/local/lib/python3.12/site-packages/discord/client.py", line 465, in _run_event
    await coro(*args, **kwargs)
  File "/app/asu_discord/cogs/analytics.py", line 652, in on_member_update
    before_timeout = before.timed_out_until
                     ^^^^^^^^^^^^^^^^^^^^^^
AttributeError: 'Member' object has no attribute 'timed_out_until'
Ignoring exception in on_member_update
Traceback (most recent call last):
  File "/usr/local/lib/python3.12/site-packages/discord/client.py", line 465, in _run_event
    await coro(*args, **kwargs)
  File "/app/asu_discord/cogs/analytics.py", line 652, in on_member_update
    before_timeout = before.timed_out_until
                     ^^^^^^^^^^^^^^^^^^^^^^
AttributeError: 'Member' object has no attribute 'timed_out_until'
Ignoring exception in on_member_update
Traceback (most recent call last):
  File "/usr/local/lib/python3.12/site-packages/discord/client.py", line 465, in _run_event
    await coro(*args, **kwargs)
  File "/app/asu_discord/cogs/analytics.py", line 652, in on_member_update
    before_timeout = before.timed_out_until
                     ^^^^^^^^^^^^^^^^^^^^^^
AttributeError: 'Member' object has no attribute 'timed_out_until'
Ignoring exception in on_member_update
Traceback (most recent call last):
  File "/usr/local/lib/python3.12/site-packages/discord/client.py", line 465, in _run_event
    await coro(*args, **kwargs)
  File "/app/asu_discord/cogs/analytics.py", line 652, in on_member_update
    before_timeout = before.timed_out_until
                     ^^^^^^^^^^^^^^^^^^^^^^
AttributeError: 'Member' object has no attribute 'timed_out_until'
Ignoring exception in on_member_update
Traceback (most recent call last):
  File "/usr/local/lib/python3.12/site-packages/discord/client.py", line 465, in _run_event
    await coro(*args, **kwargs)
  File "/app/asu_discord/cogs/analytics.py", line 652, in on_member_update
    before_timeout = before.timed_out_until
                     ^^^^^^^^^^^^^^^^^^^^^^
AttributeError: 'Member' object has no attribute 'timed_out_until'
Ignoring exception in on_member_update
Traceback (most recent call last):
  File "/usr/local/lib/python3.12/site-packages/discord/client.py", line 465, in _run_event
    await coro(*args, **kwargs)
  File "/app/asu_discord/cogs/analytics.py", line 652, in on_member_update
    before_timeout = before.timed_out_until
                     ^^^^^^^^^^^^^^^^^^^^^^
AttributeError: 'Member' object has no attribute 'timed_out_until'
Ignoring exception in on_member_update
Traceback (most recent call last):
  File "/usr/local/lib/python3.12/site-packages/discord/client.py", line 465, in _run_event
    await coro(*args, **kwargs)
  File "/app/asu_discord/cogs/analytics.py", line 652, in on_member_update
    before_timeout = before.timed_out_until
                     ^^^^^^^^^^^^^^^^^^^^^^
AttributeError: 'Member' object has no attribute 'timed_out_until'
Ignoring exception in on_member_update
Traceback (most recent call last):
  File "/usr/local/lib/python3.12/site-packages/discord/client.py", line 465, in _run_event
    await coro(*args, **kwargs)
  File "/app/asu_discord/cogs/analytics.py", line 652, in on_member_update
    before_timeout = before.timed_out_until
                     ^^^^^^^^^^^^^^^^^^^^^^
AttributeError: 'Member' object has no attribute 'timed_out_until'
Ignoring exception in on_member_update
Traceback (most recent call last):
  File "/usr/local/lib/python3.12/site-packages/discord/client.py", line 465, in _run_event
    await coro(*args, **kwargs)
  File "/app/asu_discord/cogs/analytics.py", line 652, in on_member_update
    before_timeout = before.timed_out_until
                     ^^^^^^^^^^^^^^^^^^^^^^
AttributeError: 'Member' object has no attribute 'timed_out_until'
INFO:asu_discord.cogs.verification:Saved 5 roles to database for user cdwest12@asu.edu (Discord ID: 1440021248938872944)
INFO:asu_discord.cogs.verification:Refreshed Salesforce roles for Discord user 1440021248938872944: -4/+5 roles, assigned=[Mary Lou Fulton Teachers College, Online, Out of State, Transfer Student, Upperclassmen]
Ignoring exception in on_member_update
Traceback (most recent call last):
  File "/usr/local/lib/python3.12/site-packages/discord/client.py", line 465, in _run_event
    await coro(*args, **kwargs)
  File "/app/asu_discord/cogs/analytics.py", line 652, in on_member_update
    before_timeout = before.timed_out_until
                     ^^^^^^^^^^^^^^^^^^^^^^
AttributeError: 'Member' object has no attribute 'timed_out_until'
Ignoring exception in on_member_update
Traceback (most recent call last):
  File "/usr/local/lib/python3.12/site-packages/discord/client.py", line 465, in _run_event
    await coro(*args, **kwargs)
  File "/app/asu_discord/cogs/analytics.py", line 652, in on_member_update
    before_timeout = before.timed_out_until
                     ^^^^^^^^^^^^^^^^^^^^^^
AttributeError: 'Member' object has no attribute 'timed_out_until'
Ignoring exception in on_member_update
Traceback (most recent call last):
  File "/usr/local/lib/python3.12/site-packages/discord/client.py", line 465, in _run_event
    await coro(*args, **kwargs)
  File "/app/asu_discord/cogs/analytics.py", line 652, in on_member_update
    before_timeout = before.timed_out_until
                     ^^^^^^^^^^^^^^^^^^^^^^
AttributeError: 'Member' object has no attribute 'timed_out_until'
Ignoring exception in on_member_update
Traceback (most recent call last):
  File "/usr/local/lib/python3.12/site-packages/discord/client.py", line 465, in _run_event
    await coro(*args, **kwargs)
  File "/app/asu_discord/cogs/analytics.py", line 652, in on_member_update
    before_timeout = before.timed_out_until
                     ^^^^^^^^^^^^^^^^^^^^^^
AttributeError: 'Member' object has no attribute 'timed_out_until'
Ignoring exception in on_member_update
Traceback (most recent call last):
  File "/usr/local/lib/python3.12/site-packages/discord/client.py", line 465, in _run_event
    await coro(*args, **kwargs)
  File "/app/asu_discord/cogs/analytics.py", line 652, in on_member_update
    before_timeout = before.timed_out_until
                     ^^^^^^^^^^^^^^^^^^^^^^
AttributeError: 'Member' object has no attribute 'timed_out_until'
Ignoring exception in on_member_update
Traceback (most recent call last):
  File "/usr/local/lib/python3.12/site-packages/discord/client.py", line 465, in _run_event
    await coro(*args, **kwargs)
  File "/app/asu_discord/cogs/analytics.py", line 652, in on_member_update
    before_timeout = before.timed_out_until
                     ^^^^^^^^^^^^^^^^^^^^^^
AttributeError: 'Member' object has no attribute 'timed_out_until'
Ignoring exception in on_member_update
Traceback (most recent call last):
  File "/usr/local/lib/python3.12/site-packages/discord/client.py", line 465, in _run_event
    await coro(*args, **kwargs)
  File "/app/asu_discord/cogs/analytics.py", line 652, in on_member_update
    before_timeout = before.timed_out_until
                     ^^^^^^^^^^^^^^^^^^^^^^
AttributeError: 'Member' object has no attribute 'timed_out_until'
Ignoring exception in on_member_update
Traceback (most recent call last):
  File "/usr/local/lib/python3.12/site-packages/discord/client.py", line 465, in _run_event
    await coro(*args, **kwargs)
  File "/app/asu_discord/cogs/analytics.py", line 652, in on_member_update
    before_timeout = before.timed_out_until
                     ^^^^^^^^^^^^^^^^^^^^^^
AttributeError: 'Member' object has no attribute 'timed_out_until'
INFO:asu_discord.cogs.verification:Saved 4 roles to database for user zfreema6@asu.edu (Discord ID: 256970811770929152)
INFO:asu_discord.cogs.verification:Refreshed Salesforce roles for Discord user 256970811770929152: -4/+4 roles, assigned=[Arizona Resident, College of Liberal Arts and Sciences, First Year, Tempe]
Ignoring exception in on_member_update
Traceback (most recent call last):
  File "/usr/local/lib/python3.12/site-packages/discord/client.py", line 465, in _run_event
    await coro(*args, **kwargs)
  File "/app/asu_discord/cogs/analytics.py", line 652, in on_member_update
    before_timeout = before.timed_out_until
                     ^^^^^^^^^^^^^^^^^^^^^^
AttributeError: 'Member' object has no attribute 'timed_out_until'
Ignoring exception in on_member_update
Traceback (most recent call last):
  File "/usr/local/lib/python3.12/site-packages/discord/client.py", line 465, in _run_event
    await coro(*args, **kwargs)
  File "/app/asu_discord/cogs/analytics.py", line 652, in on_member_update
    before_timeout = before.timed_out_until
                     ^^^^^^^^^^^^^^^^^^^^^^
AttributeError: 'Member' object has no attribute 'timed_out_until'
Ignoring exception in on_member_update
Traceback (most recent call last):
  File "/usr/local/lib/python3.12/site-packages/discord/client.py", line 465, in _run_event
    await coro(*args, **kwargs)
  File "/app/asu_discord/cogs/analytics.py", line 652, in on_member_update
    before_timeout = before.timed_out_until
                     ^^^^^^^^^^^^^^^^^^^^^^
AttributeError: 'Member' object has no attribute 'timed_out_until'
Ignoring exception in on_member_update
Traceback (most recent call last):
  File "/usr/local/lib/python3.12/site-packages/discord/client.py", line 465, in _run_event
    await coro(*args, **kwargs)
  File "/app/asu_discord/cogs/analytics.py", line 652, in on_member_update
    before_timeout = before.timed_out_until
                     ^^^^^^^^^^^^^^^^^^^^^^
AttributeError: 'Member' object has no attribute 'timed_out_until'
Ignoring exception in on_member_update
Traceback (most recent call last):
  File "/usr/local/lib/python3.12/site-packages/discord/client.py", line 465, in _run_event
    await coro(*args, **kwargs)
  File "/app/asu_discord/cogs/analytics.py", line 652, in on_member_update
    before_timeout = before.timed_out_until
                     ^^^^^^^^^^^^^^^^^^^^^^
AttributeError: 'Member' object has no attribute 'timed_out_until'
Ignoring exception in on_member_update
Traceback (most recent call last):
  File "/usr/local/lib/python3.12/site-packages/discord/client.py", line 465, in _run_event
    await coro(*args, **kwargs)
  File "/app/asu_discord/cogs/analytics.py", line 652, in on_member_update
    before_timeout = before.timed_out_until
                     ^^^^^^^^^^^^^^^^^^^^^^
AttributeError: 'Member' object has no attribute 'timed_out_until'
Ignoring exception in on_member_update
Traceback (most recent call last):
  File "/usr/local/lib/python3.12/site-packages/discord/client.py", line 465, in _run_event
    await coro(*args, **kwargs)
  File "/app/asu_discord/cogs/analytics.py", line 652, in on_member_update
    before_timeout = before.timed_out_until
                     ^^^^^^^^^^^^^^^^^^^^^^
AttributeError: 'Member' object has no attribute 'timed_out_until'
Ignoring exception in on_member_update
Traceback (most recent call last):
  File "/usr/local/lib/python3.12/site-packages/discord/client.py", line 465, in _run_event
    await coro(*args, **kwargs)
  File "/app/asu_discord/cogs/analytics.py", line 652, in on_member_update
    before_timeout = before.timed_out_until
                     ^^^^^^^^^^^^^^^^^^^^^^
AttributeError: 'Member' object has no attribute 'timed_out_until'
INFO:asu_discord.cogs.verification:Saved 4 roles to database for user westenso@asu.edu (Discord ID: 1013147366745968662)
INFO:asu_discord.cogs.verification:Refreshed Salesforce roles for Discord user 1013147366745968662: -4/+4 roles, assigned=[Arizona Resident, First Year, Ira A. Fulton Schools of Engineering, Tempe]
Ignoring exception in on_member_update
Traceback (most recent call last):
  File "/usr/local/lib/python3.12/site-packages/discord/client.py", line 465, in _run_event
    await coro(*args, **kwargs)
  File "/app/asu_discord/cogs/analytics.py", line 652, in on_member_update
    before_timeout = before.timed_out_until
                     ^^^^^^^^^^^^^^^^^^^^^^
AttributeError: 'Member' object has no attribute 'timed_out_until'
Ignoring exception in on_member_update
Traceback (most recent call last):
  File "/usr/local/lib/python3.12/site-packages/discord/client.py", line 465, in _run_event
    await coro(*args, **kwargs)
  File "/app/asu_discord/cogs/analytics.py", line 652, in on_member_update
    before_timeout = before.timed_out_until
                     ^^^^^^^^^^^^^^^^^^^^^^
AttributeError: 'Member' object has no attribute 'timed_out_until'
Ignoring exception in on_member_update
Traceback (most recent call last):
  File "/usr/local/lib/python3.12/site-packages/discord/client.py", line 465, in _run_event
    await coro(*args, **kwargs)
  File "/app/asu_discord/cogs/analytics.py", line 652, in on_member_update
    before_timeout = before.timed_out_until
                     ^^^^^^^^^^^^^^^^^^^^^^
AttributeError: 'Member' object has no attribute 'timed_out_until'
Ignoring exception in on_member_update
Traceback (most recent call last):
  File "/usr/local/lib/python3.12/site-packages/discord/client.py", line 465, in _run_event
    await coro(*args, **kwargs)
  File "/app/asu_discord/cogs/analytics.py", line 652, in on_member_update
    before_timeout = before.timed_out_until
                     ^^^^^^^^^^^^^^^^^^^^^^
AttributeError: 'Member' object has no attribute 'timed_out_until'
Ignoring exception in on_member_update
Traceback (most recent call last):
  File "/usr/local/lib/python3.12/site-packages/discord/client.py", line 465, in _run_event
    await coro(*args, **kwargs)
  File "/app/asu_discord/cogs/analytics.py", line 652, in on_member_update
    before_timeout = before.timed_out_until
                     ^^^^^^^^^^^^^^^^^^^^^^
AttributeError: 'Member' object has no attribute 'timed_out_until'
Ignoring exception in on_member_update
Traceback (most recent call last):
  File "/usr/local/lib/python3.12/site-packages/discord/client.py", line 465, in _run_event
    await coro(*args, **kwargs)
  File "/app/asu_discord/cogs/analytics.py", line 652, in on_member_update
    before_timeout = before.timed_out_until
                     ^^^^^^^^^^^^^^^^^^^^^^
AttributeError: 'Member' object has no attribute 'timed_out_until'
Ignoring exception in on_member_update
Traceback (most recent call last):
  File "/usr/local/lib/python3.12/site-packages/discord/client.py", line 465, in _run_event
    await coro(*args, **kwargs)
  File "/app/asu_discord/cogs/analytics.py", line 652, in on_member_update
    before_timeout = before.timed_out_until
                     ^^^^^^^^^^^^^^^^^^^^^^
AttributeError: 'Member' object has no attribute 'timed_out_until'
Ignoring exception in on_member_update
Traceback (most recent call last):
  File "/usr/local/lib/python3.12/site-packages/discord/client.py", line 465, in _run_event
    await coro(*args, **kwargs)
  File "/app/asu_discord/cogs/analytics.py", line 652, in on_member_update
    before_timeout = before.timed_out_until
                     ^^^^^^^^^^^^^^^^^^^^^^
AttributeError: 'Member' object has no attribute 'timed_out_until'
Ignoring exception in on_member_update
Traceback (most recent call last):
  File "/usr/local/lib/python3.12/site-packages/discord/client.py", line 465, in _run_event
    await coro(*args, **kwargs)
  File "/app/asu_discord/cogs/analytics.py", line 652, in on_member_update
    before_timeout = before.timed_out_until
                     ^^^^^^^^^^^^^^^^^^^^^^
AttributeError: 'Member' object has no attribute 'timed_out_until'
INFO:asu_discord.cogs.verification:Saved 5 roles to database for user cfmuro@asu.edu (Discord ID: 752947053100793926)
INFO:asu_discord.cogs.verification:Refreshed Salesforce roles for Discord user 752947053100793926: -4/+5 roles, assigned=[Arizona Resident, First Year, Herberger Institute for Design and the Arts, Tempe, Upperclassmen]
Ignoring exception in on_member_update
Traceback (most recent call last):
  File "/usr/local/lib/python3.12/site-packages/discord/client.py", line 465, in _run_event
    await coro(*args, **kwargs)
  File "/app/asu_discord/cogs/analytics.py", line 652, in on_member_update
    before_timeout = before.timed_out_until
                     ^^^^^^^^^^^^^^^^^^^^^^
AttributeError: 'Member' object has no attribute 'timed_out_until'
INFO:asu_discord.cogs.verification:Saved 1 roles to database for user isathisk@asu.edu (Discord ID: 798980317095788625)
INFO:asu_discord.cogs.verification:Refreshed Salesforce roles for Discord user 798980317095788625: -0/+1 roles, assigned=[Arizona Resident]
ERROR:cron.jobs:refresh_salesforce_roles: failed for jcowan15 (Discord ID 1428059089006755982): Failed to refresh Salesforce-based roles: Discord user 1428059089006755982 is not a member of the guild
ERROR:cron.jobs:refresh_salesforce_roles: failed for jbbarth1 (Discord ID 1342527977749217341): Failed to refresh Salesforce-based roles: Discord user 1342527977749217341 is not a member of the guild
Ignoring exception in on_member_update
Traceback (most recent call last):
  File "/usr/local/lib/python3.12/site-packages/discord/client.py", line 465, in _run_event
    await coro(*args, **kwargs)
  File "/app/asu_discord/cogs/analytics.py", line 652, in on_member_update
    before_timeout = before.timed_out_until
                     ^^^^^^^^^^^^^^^^^^^^^^
AttributeError: 'Member' object has no attribute 'timed_out_until'
Ignoring exception in on_member_update
Traceback (most recent call last):
  File "/usr/local/lib/python3.12/site-packages/discord/client.py", line 465, in _run_event
    await coro(*args, **kwargs)
  File "/app/asu_discord/cogs/analytics.py", line 652, in on_member_update
    before_timeout = before.timed_out_until
                     ^^^^^^^^^^^^^^^^^^^^^^
AttributeError: 'Member' object has no attribute 'timed_out_until'
Ignoring exception in on_member_update
Traceback (most recent call last):
  File "/usr/local/lib/python3.12/site-packages/discord/client.py", line 465, in _run_event
    await coro(*args, **kwargs)
  File "/app/asu_discord/cogs/analytics.py", line 652, in on_member_update
    before_timeout = before.timed_out_until
                     ^^^^^^^^^^^^^^^^^^^^^^
AttributeError: 'Member' object has no attribute 'timed_out_until'
Ignoring exception in on_member_update
Traceback (most recent call last):
  File "/usr/local/lib/python3.12/site-packages/discord/client.py", line 465, in _run_event
    await coro(*args, **kwargs)
  File "/app/asu_discord/cogs/analytics.py", line 652, in on_member_update
    before_timeout = before.timed_out_until
                     ^^^^^^^^^^^^^^^^^^^^^^
AttributeError: 'Member' object has no attribute 'timed_out_until'
Ignoring exception in on_member_update
Traceback (most recent call last):
  File "/usr/local/lib/python3.12/site-packages/discord/client.py", line 465, in _run_event
    await coro(*args, **kwargs)
  File "/app/asu_discord/cogs/analytics.py", line 652, in on_member_update
    before_timeout = before.timed_out_until
                     ^^^^^^^^^^^^^^^^^^^^^^
AttributeError: 'Member' object has no attribute 'timed_out_until'
Ignoring exception in on_member_update
Traceback (most recent call last):
  File "/usr/local/lib/python3.12/site-packages/discord/client.py", line 465, in _run_event
    await coro(*args, **kwargs)
  File "/app/asu_discord/cogs/analytics.py", line 652, in on_member_update
    before_timeout = before.timed_out_until
                     ^^^^^^^^^^^^^^^^^^^^^^
AttributeError: 'Member' object has no attribute 'timed_out_until'
Ignoring exception in on_member_update
Traceback (most recent call last):
  File "/usr/local/lib/python3.12/site-packages/discord/client.py", line 465, in _run_event
    await coro(*args, **kwargs)
  File "/app/asu_discord/cogs/analytics.py", line 652, in on_member_update
    before_timeout = before.timed_out_until
                     ^^^^^^^^^^^^^^^^^^^^^^
AttributeError: 'Member' object has no attribute 'timed_out_until'
Ignoring exception in on_member_update
Traceback (most recent call last):
  File "/usr/local/lib/python3.12/site-packages/discord/client.py", line 465, in _run_event
    await coro(*args, **kwargs)
  File "/app/asu_discord/cogs/analytics.py", line 652, in on_member_update
    before_timeout = before.timed_out_until
                     ^^^^^^^^^^^^^^^^^^^^^^
AttributeError: 'Member' object has no attribute 'timed_out_until'
Ignoring exception in on_member_update
Traceback (most recent call last):
  File "/usr/local/lib/python3.12/site-packages/discord/client.py", line 465, in _run_event
    await coro(*args, **kwargs)
  File "/app/asu_discord/cogs/analytics.py", line 652, in on_member_update
    before_timeout = before.timed_out_until
                     ^^^^^^^^^^^^^^^^^^^^^^
AttributeError: 'Member' object has no attribute 'timed_out_until'
Ignoring exception in on_member_update
Traceback (most recent call last):
  File "/usr/local/lib/python3.12/site-packages/discord/client.py", line 465, in _run_event
    await coro(*args, **kwargs)
  File "/app/asu_discord/cogs/analytics.py", line 652, in on_member_update
    before_timeout = before.timed_out_until
                     ^^^^^^^^^^^^^^^^^^^^^^
AttributeError: 'Member' object has no attribute 'timed_out_until'
Ignoring exception in on_member_update
Traceback (most recent call last):
  File "/usr/local/lib/python3.12/site-packages/discord/client.py", line 465, in _run_event
    await coro(*args, **kwargs)
  File "/app/asu_discord/cogs/analytics.py", line 652, in on_member_update
    before_timeout = before.timed_out_until
                     ^^^^^^^^^^^^^^^^^^^^^^
AttributeError: 'Member' object has no attribute 'timed_out_until'
Ignoring exception in on_member_update
Traceback (most recent call last):
  File "/usr/local/lib/python3.12/site-packages/discord/client.py", line 465, in _run_event
    await coro(*args, **kwargs)
  File "/app/asu_discord/cogs/analytics.py", line 652, in on_member_update
    before_timeout = before.timed_out_until
                     ^^^^^^^^^^^^^^^^^^^^^^
AttributeError: 'Member' object has no attribute 'timed_out_until'
Ignoring exception in on_member_update
Traceback (most recent call last):
  File "/usr/local/lib/python3.12/site-packages/discord/client.py", line 465, in _run_event
    await coro(*args, **kwargs)
  File "/app/asu_discord/cogs/analytics.py", line 652, in on_member_update
    before_timeout = before.timed_out_until
                     ^^^^^^^^^^^^^^^^^^^^^^
AttributeError: 'Member' object has no attribute 'timed_out_until'
INFO:asu_discord.cogs.verification:Saved 7 roles to database for user bctsan@asu.edu (Discord ID: 193116420232577024)
INFO:asu_discord.cogs.verification:Refreshed Salesforce roles for Discord user 193116420232577024: -7/+6 roles, assigned=[Arizona Resident, Commited, First Generation Student, First Year, Ira A. Fulton Schools of Engineering, Tempe, Upperclassmen]
Ignoring exception in on_member_update
Traceback (most recent call last):
  File "/usr/local/lib/python3.12/site-packages/discord/client.py", line 465, in _run_event
    await coro(*args, **kwargs)
  File "/app/asu_discord/cogs/analytics.py", line 652, in on_member_update
    before_timeout = before.timed_out_until
                     ^^^^^^^^^^^^^^^^^^^^^^
AttributeError: 'Member' object has no attribute 'timed_out_until'
Ignoring exception in on_member_update
Traceback (most recent call last):
  File "/usr/local/lib/python3.12/site-packages/discord/client.py", line 465, in _run_event
    await coro(*args, **kwargs)
  File "/app/asu_discord/cogs/analytics.py", line 652, in on_member_update
    before_timeout = before.timed_out_until
                     ^^^^^^^^^^^^^^^^^^^^^^
AttributeError: 'Member' object has no attribute 'timed_out_until'
Ignoring exception in on_member_update
Traceback (most recent call last):
  File "/usr/local/lib/python3.12/site-packages/discord/client.py", line 465, in _run_event
    await coro(*args, **kwargs)
  File "/app/asu_discord/cogs/analytics.py", line 652, in on_member_update
    before_timeout = before.timed_out_until
                     ^^^^^^^^^^^^^^^^^^^^^^
AttributeError: 'Member' object has no attribute 'timed_out_until'
Ignoring exception in on_member_update
Traceback (most recent call last):
  File "/usr/local/lib/python3.12/site-packages/discord/client.py", line 465, in _run_event
    await coro(*args, **kwargs)
  File "/app/asu_discord/cogs/analytics.py", line 652, in on_member_update
    before_timeout = before.timed_out_until
                     ^^^^^^^^^^^^^^^^^^^^^^
AttributeError: 'Member' object has no attribute 'timed_out_until'
Ignoring exception in on_member_update
Traceback (most recent call last):
  File "/usr/local/lib/python3.12/site-packages/discord/client.py", line 465, in _run_event
    await coro(*args, **kwargs)
  File "/app/asu_discord/cogs/analytics.py", line 652, in on_member_update
    before_timeout = before.timed_out_until
                     ^^^^^^^^^^^^^^^^^^^^^^
AttributeError: 'Member' object has no attribute 'timed_out_until'
Ignoring exception in on_member_update
Traceback (most recent call last):
  File "/usr/local/lib/python3.12/site-packages/discord/client.py", line 465, in _run_event
    await coro(*args, **kwargs)
  File "/app/asu_discord/cogs/analytics.py", line 652, in on_member_update
    before_timeout = before.timed_out_until
                     ^^^^^^^^^^^^^^^^^^^^^^
AttributeError: 'Member' object has no attribute 'timed_out_until'
Ignoring exception in on_member_update
Traceback (most recent call last):
  File "/usr/local/lib/python3.12/site-packages/discord/client.py", line 465, in _run_event
    await coro(*args, **kwargs)
  File "/app/asu_discord/cogs/analytics.py", line 652, in on_member_update
    before_timeout = before.timed_out_until
                     ^^^^^^^^^^^^^^^^^^^^^^
AttributeError: 'Member' object has no attribute 'timed_out_until'
Ignoring exception in on_member_update
Traceback (most recent call last):
  File "/usr/local/lib/python3.12/site-packages/discord/client.py", line 465, in _run_event
    await coro(*args, **kwargs)
  File "/app/asu_discord/cogs/analytics.py", line 652, in on_member_update
    before_timeout = before.timed_out_until
                     ^^^^^^^^^^^^^^^^^^^^^^
AttributeError: 'Member' object has no attribute 'timed_out_until'
Ignoring exception in on_member_update
Traceback (most recent call last):
  File "/usr/local/lib/python3.12/site-packages/discord/client.py", line 465, in _run_event
    await coro(*args, **kwargs)
  File "/app/asu_discord/cogs/analytics.py", line 652, in on_member_update
    before_timeout = before.timed_out_until
                     ^^^^^^^^^^^^^^^^^^^^^^
AttributeError: 'Member' object has no attribute 'timed_out_until'
Ignoring exception in on_member_update
Traceback (most recent call last):
  File "/usr/local/lib/python3.12/site-packages/discord/client.py", line 465, in _run_event
    await coro(*args, **kwargs)
  File "/app/asu_discord/cogs/analytics.py", line 652, in on_member_update
    before_timeout = before.timed_out_until
                     ^^^^^^^^^^^^^^^^^^^^^^
AttributeError: 'Member' object has no attribute 'timed_out_until'
ERROR:cron.jobs:refresh_salesforce_roles: failed for ymonroyo (Discord ID 827039733125218305): Timed out refresh Salesforce-based roles
Ignoring exception in on_member_update
Traceback (most recent call last):
  File "/usr/local/lib/python3.12/site-packages/discord/client.py", line 465, in _run_event
    await coro(*args, **kwargs)
  File "/app/asu_discord/cogs/analytics.py", line 652, in on_member_update
    before_timeout = before.timed_out_until
                     ^^^^^^^^^^^^^^^^^^^^^^
AttributeError: 'Member' object has no attribute 'timed_out_until'
Ignoring exception in on_member_update
Traceback (most recent call last):
  File "/usr/local/lib/python3.12/site-packages/discord/client.py", line 465, in _run_event
    await coro(*args, **kwargs)
  File "/app/asu_discord/cogs/analytics.py", line 652, in on_member_update
    before_timeout = before.timed_out_until
                     ^^^^^^^^^^^^^^^^^^^^^^
AttributeError: 'Member' object has no attribute 'timed_out_until'
Ignoring exception in on_member_update
Traceback (most recent call last):
  File "/usr/local/lib/python3.12/site-packages/discord/client.py", line 465, in _run_event
    await coro(*args, **kwargs)
  File "/app/asu_discord/cogs/analytics.py", line 652, in on_member_update
    before_timeout = before.timed_out_until
                     ^^^^^^^^^^^^^^^^^^^^^^
AttributeError: 'Member' object has no attribute 'timed_out_until'
Ignoring exception in on_member_update
Traceback (most recent call last):
  File "/usr/local/lib/python3.12/site-packages/discord/client.py", line 465, in _run_event
    await coro(*args, **kwargs)
  File "/app/asu_discord/cogs/analytics.py", line 652, in on_member_update
    before_timeout = before.timed_out_until
                     ^^^^^^^^^^^^^^^^^^^^^^
AttributeError: 'Member' object has no attribute 'timed_out_until'
Ignoring exception in on_member_update
Traceback (most recent call last):
  File "/usr/local/lib/python3.12/site-packages/discord/client.py", line 465, in _run_event
    await coro(*args, **kwargs)
  File "/app/asu_discord/cogs/analytics.py", line 652, in on_member_update
    before_timeout = before.timed_out_until
                     ^^^^^^^^^^^^^^^^^^^^^^
AttributeError: 'Member' object has no attribute 'timed_out_until'
Ignoring exception in on_member_update
Traceback (most recent call last):
  File "/usr/local/lib/python3.12/site-packages/discord/client.py", line 465, in _run_event
    await coro(*args, **kwargs)
  File "/app/asu_discord/cogs/analytics.py", line 652, in on_member_update
    before_timeout = before.timed_out_until
                     ^^^^^^^^^^^^^^^^^^^^^^
AttributeError: 'Member' object has no attribute 'timed_out_until'
Ignoring exception in on_member_update
Traceback (most recent call last):
  File "/usr/local/lib/python3.12/site-packages/discord/client.py", line 465, in _run_event
    await coro(*args, **kwargs)
  File "/app/asu_discord/cogs/analytics.py", line 652, in on_member_update
    before_timeout = before.timed_out_until
                     ^^^^^^^^^^^^^^^^^^^^^^
AttributeError: 'Member' object has no attribute 'timed_out_until'
Ignoring exception in on_member_update
Traceback (most recent call last):
  File "/usr/local/lib/python3.12/site-packages/discord/client.py", line 465, in _run_event
    await coro(*args, **kwargs)
  File "/app/asu_discord/cogs/analytics.py", line 652, in on_member_update
    before_timeout = before.timed_out_until
                     ^^^^^^^^^^^^^^^^^^^^^^
AttributeError: 'Member' object has no attribute 'timed_out_until'
Ignoring exception in on_member_update
Traceback (most recent call last):
  File "/usr/local/lib/python3.12/site-packages/discord/client.py", line 465, in _run_event
    await coro(*args, **kwargs)
  File "/app/asu_discord/cogs/analytics.py", line 652, in on_member_update
    before_timeout = before.timed_out_until
                     ^^^^^^^^^^^^^^^^^^^^^^
AttributeError: 'Member' object has no attribute 'timed_out_until'
Ignoring exception in on_member_update
Traceback (most recent call last):
  File "/usr/local/lib/python3.12/site-packages/discord/client.py", line 465, in _run_event
    await coro(*args, **kwargs)
  File "/app/asu_discord/cogs/analytics.py", line 652, in on_member_update
    before_timeout = before.timed_out_until
                     ^^^^^^^^^^^^^^^^^^^^^^
AttributeError: 'Member' object has no attribute 'timed_out_until'
ERROR:cron.jobs:refresh_salesforce_roles: failed for brianho2 (Discord ID 425450135825285141): Timed out refresh Salesforce-based roles
ERROR:cron.jobs:refresh_salesforce_roles: failed for bytang1 (Discord ID 720395796809252897): Failed to refresh Salesforce-based roles: Discord user 720395796809252897 is not a member of the guild
ERROR:cron.jobs:refresh_salesforce_roles: failed for rwalke92 (Discord ID 1277726441882255370): Failed to refresh Salesforce-based roles: Discord user 1277726441882255370 is not a member of the guild
Ignoring exception in on_member_update
Traceback (most recent call last):
  File "/usr/local/lib/python3.12/site-packages/discord/client.py", line 465, in _run_event
    await coro(*args, **kwargs)
  File "/app/asu_discord/cogs/analytics.py", line 652, in on_member_update
    before_timeout = before.timed_out_until
                     ^^^^^^^^^^^^^^^^^^^^^^
AttributeError: 'Member' object has no attribute 'timed_out_until'
Ignoring exception in on_member_update
Traceback (most recent call last):
  File "/usr/local/lib/python3.12/site-packages/discord/client.py", line 465, in _run_event
    await coro(*args, **kwargs)
  File "/app/asu_discord/cogs/analytics.py", line 652, in on_member_update
    before_timeout = before.timed_out_until
                     ^^^^^^^^^^^^^^^^^^^^^^
AttributeError: 'Member' object has no attribute 'timed_out_until'
Ignoring exception in on_member_update
Traceback (most recent call last):
  File "/usr/local/lib/python3.12/site-packages/discord/client.py", line 465, in _run_event
    await coro(*args, **kwargs)
  File "/app/asu_discord/cogs/analytics.py", line 652, in on_member_update
    before_timeout = before.timed_out_until
                     ^^^^^^^^^^^^^^^^^^^^^^
AttributeError: 'Member' object has no attribute 'timed_out_until'
Ignoring exception in on_member_update
Traceback (most recent call last):
  File "/usr/local/lib/python3.12/site-packages/discord/client.py", line 465, in _run_event
    await coro(*args, **kwargs)
  File "/app/asu_discord/cogs/analytics.py", line 652, in on_member_update
    before_timeout = before.timed_out_until
                     ^^^^^^^^^^^^^^^^^^^^^^
AttributeError: 'Member' object has no attribute 'timed_out_until'
Ignoring exception in on_member_update
Traceback (most recent call last):
  File "/usr/local/lib/python3.12/site-packages/discord/client.py", line 465, in _run_event
    await coro(*args, **kwargs)
  File "/app/asu_discord/cogs/analytics.py", line 652, in on_member_update
    before_timeout = before.timed_out_until
                     ^^^^^^^^^^^^^^^^^^^^^^
AttributeError: 'Member' object has no attribute 'timed_out_until'
Ignoring exception in on_member_update
Traceback (most recent call last):
  File "/usr/local/lib/python3.12/site-packages/discord/client.py", line 465, in _run_event
    await coro(*args, **kwargs)
  File "/app/asu_discord/cogs/analytics.py", line 652, in on_member_update
    before_timeout = before.timed_out_until
                     ^^^^^^^^^^^^^^^^^^^^^^
AttributeError: 'Member' object has no attribute 'timed_out_until'
Ignoring exception in on_member_update
Traceback (most recent call last):
  File "/usr/local/lib/python3.12/site-packages/discord/client.py", line 465, in _run_event
    await coro(*args, **kwargs)
  File "/app/asu_discord/cogs/analytics.py", line 652, in on_member_update
    before_timeout = before.timed_out_until
                     ^^^^^^^^^^^^^^^^^^^^^^
AttributeError: 'Member' object has no attribute 'timed_out_until'
Ignoring exception in on_member_update
Traceback (most recent call last):
  File "/usr/local/lib/python3.12/site-packages/discord/client.py", line 465, in _run_event
    await coro(*args, **kwargs)
  File "/app/asu_discord/cogs/analytics.py", line 652, in on_member_update
    before_timeout = before.timed_out_until
                     ^^^^^^^^^^^^^^^^^^^^^^
AttributeError: 'Member' object has no attribute 'timed_out_until'
Ignoring exception in on_member_update
Traceback (most recent call last):
  File "/usr/local/lib/python3.12/site-packages/discord/client.py", line 465, in _run_event
    await coro(*args, **kwargs)
  File "/app/asu_discord/cogs/analytics.py", line 652, in on_member_update
    before_timeout = before.timed_out_until
                     ^^^^^^^^^^^^^^^^^^^^^^
AttributeError: 'Member' object has no attribute 'timed_out_until'
Ignoring exception in on_member_update
Traceback (most recent call last):
  File "/usr/local/lib/python3.12/site-packages/discord/client.py", line 465, in _run_event
    await coro(*args, **kwargs)
  File "/app/asu_discord/cogs/analytics.py", line 652, in on_member_update
    before_timeout = before.timed_out_until
                     ^^^^^^^^^^^^^^^^^^^^^^
AttributeError: 'Member' object has no attribute 'timed_out_until'
ERROR:cron.jobs:refresh_salesforce_roles: failed for ajperr17 (Discord ID 624016756830371853): Timed out refresh Salesforce-based roles
Ignoring exception in on_member_update
Traceback (most recent call last):
  File "/usr/local/lib/python3.12/site-packages/discord/client.py", line 465, in _run_event
    await coro(*args, **kwargs)
  File "/app/asu_discord/cogs/analytics.py", line 652, in on_member_update
    before_timeout = before.timed_out_until
                     ^^^^^^^^^^^^^^^^^^^^^^
AttributeError: 'Member' object has no attribute 'timed_out_until'
Ignoring exception in on_member_update
Traceback (most recent call last):
  File "/usr/local/lib/python3.12/site-packages/discord/client.py", line 465, in _run_event
    await coro(*args, **kwargs)
  File "/app/asu_discord/cogs/analytics.py", line 652, in on_member_update
    before_timeout = before.timed_out_until
                     ^^^^^^^^^^^^^^^^^^^^^^
AttributeError: 'Member' object has no attribute 'timed_out_until'
Ignoring exception in on_member_update
Traceback (most recent call last):
  File "/usr/local/lib/python3.12/site-packages/discord/client.py", line 465, in _run_event
    await coro(*args, **kwargs)
  File "/app/asu_discord/cogs/analytics.py", line 652, in on_member_update
    before_timeout = before.timed_out_until
                     ^^^^^^^^^^^^^^^^^^^^^^
AttributeError: 'Member' object has no attribute 'timed_out_until'
Ignoring exception in on_member_update
Traceback (most recent call last):
  File "/usr/local/lib/python3.12/site-packages/discord/client.py", line 465, in _run_event
    await coro(*args, **kwargs)
  File "/app/asu_discord/cogs/analytics.py", line 652, in on_member_update
    before_timeout = before.timed_out_until
                     ^^^^^^^^^^^^^^^^^^^^^^
AttributeError: 'Member' object has no attribute 'timed_out_until'
Ignoring exception in on_member_update
Traceback (most recent call last):
  File "/usr/local/lib/python3.12/site-packages/discord/client.py", line 465, in _run_event
    await coro(*args, **kwargs)
  File "/app/asu_discord/cogs/analytics.py", line 652, in on_member_update
    before_timeout = before.timed_out_until
                     ^^^^^^^^^^^^^^^^^^^^^^
AttributeError: 'Member' object has no attribute 'timed_out_until'
Ignoring exception in on_member_update
Traceback (most recent call last):
  File "/usr/local/lib/python3.12/site-packages/discord/client.py", line 465, in _run_event
    await coro(*args, **kwargs)
  File "/app/asu_discord/cogs/analytics.py", line 652, in on_member_update
    before_timeout = before.timed_out_until
                     ^^^^^^^^^^^^^^^^^^^^^^
AttributeError: 'Member' object has no attribute 'timed_out_until'
Ignoring exception in on_member_update
Traceback (most recent call last):
  File "/usr/local/lib/python3.12/site-packages/discord/client.py", line 465, in _run_event
    await coro(*args, **kwargs)
  File "/app/asu_discord/cogs/analytics.py", line 652, in on_member_update
    before_timeout = before.timed_out_until
                     ^^^^^^^^^^^^^^^^^^^^^^
AttributeError: 'Member' object has no attribute 'timed_out_until'
Ignoring exception in on_member_update
Traceback (most recent call last):
  File "/usr/local/lib/python3.12/site-packages/discord/client.py", line 465, in _run_event
    await coro(*args, **kwargs)
  File "/app/asu_discord/cogs/analytics.py", line 652, in on_member_update
    before_timeout = before.timed_out_until
                     ^^^^^^^^^^^^^^^^^^^^^^
AttributeError: 'Member' object has no attribute 'timed_out_until'
Ignoring exception in on_member_update
Traceback (most recent call last):
  File "/usr/local/lib/python3.12/site-packages/discord/client.py", line 465, in _run_event
    await coro(*args, **kwargs)
  File "/app/asu_discord/cogs/analytics.py", line 652, in on_member_update
    before_timeout = before.timed_out_until
                     ^^^^^^^^^^^^^^^^^^^^^^
AttributeError: 'Member' object has no attribute 'timed_out_until'
Ignoring exception in on_member_update
Traceback (most recent call last):
  File "/usr/local/lib/python3.12/site-packages/discord/client.py", line 465, in _run_event
    await coro(*args, **kwargs)
  File "/app/asu_discord/cogs/analytics.py", line 652, in on_member_update
    before_timeout = before.timed_out_until
                     ^^^^^^^^^^^^^^^^^^^^^^
AttributeError: 'Member' object has no attribute 'timed_out_until'
INFO:asu_discord.cogs.verification:Saved 5 roles to database for user nwilmart@asu.edu (Discord ID: 1335745075631624262)
INFO:asu_discord.cogs.verification:Refreshed Salesforce roles for Discord user 1335745075631624262: -5/+5 roles, assigned=[College of Liberal Arts and Sciences, Online, Out of State, Transfer Student, Upperclassmen]
Ignoring exception in on_member_update
Traceback (most recent call last):
  File "/usr/local/lib/python3.12/site-packages/discord/client.py", line 465, in _run_event
    await coro(*args, **kwargs)
  File "/app/asu_discord/cogs/analytics.py", line 652, in on_member_update
    before_timeout = before.timed_out_until
                     ^^^^^^^^^^^^^^^^^^^^^^
AttributeError: 'Member' object has no attribute 'timed_out_until'
Ignoring exception in on_member_update
Traceback (most recent call last):
  File "/usr/local/lib/python3.12/site-packages/discord/client.py", line 465, in _run_event
    await coro(*args, **kwargs)
  File "/app/asu_discord/cogs/analytics.py", line 652, in on_member_update
    before_timeout = before.timed_out_until
                     ^^^^^^^^^^^^^^^^^^^^^^
AttributeError: 'Member' object has no attribute 'timed_out_until'
Ignoring exception in on_member_update
Traceback (most recent call last):
  File "/usr/local/lib/python3.12/site-packages/discord/client.py", line 465, in _run_event
    await coro(*args, **kwargs)
  File "/app/asu_discord/cogs/analytics.py", line 652, in on_member_update
    before_timeout = before.timed_out_until
                     ^^^^^^^^^^^^^^^^^^^^^^
AttributeError: 'Member' object has no attribute 'timed_out_until'
Ignoring exception in on_member_update
Traceback (most recent call last):
  File "/usr/local/lib/python3.12/site-packages/discord/client.py", line 465, in _run_event
    await coro(*args, **kwargs)
  File "/app/asu_discord/cogs/analytics.py", line 652, in on_member_update
    before_timeout = before.timed_out_until
                     ^^^^^^^^^^^^^^^^^^^^^^
AttributeError: 'Member' object has no attribute 'timed_out_until'
Ignoring exception in on_member_update
Traceback (most recent call last):
  File "/usr/local/lib/python3.12/site-packages/discord/client.py", line 465, in _run_event
    await coro(*args, **kwargs)
  File "/app/asu_discord/cogs/analytics.py", line 652, in on_member_update
    before_timeout = before.timed_out_until
                     ^^^^^^^^^^^^^^^^^^^^^^
AttributeError: 'Member' object has no attribute 'timed_out_until'
Ignoring exception in on_member_update
Traceback (most recent call last):
  File "/usr/local/lib/python3.12/site-packages/discord/client.py", line 465, in _run_event
    await coro(*args, **kwargs)
  File "/app/asu_discord/cogs/analytics.py", line 652, in on_member_update
    before_timeout = before.timed_out_until
                     ^^^^^^^^^^^^^^^^^^^^^^
AttributeError: 'Member' object has no attribute 'timed_out_until'
Ignoring exception in on_member_update
Traceback (most recent call last):
  File "/usr/local/lib/python3.12/site-packages/discord/client.py", line 465, in _run_event
    await coro(*args, **kwargs)
  File "/app/asu_discord/cogs/analytics.py", line 652, in on_member_update
    before_timeout = before.timed_out_until
                     ^^^^^^^^^^^^^^^^^^^^^^
AttributeError: 'Member' object has no attribute 'timed_out_until'
INFO:asu_discord.cogs.verification:Saved 4 roles to database for user dvidrio1@asu.edu (Discord ID: 987473725106552904)
INFO:asu_discord.cogs.verification:Refreshed Salesforce roles for Discord user 987473725106552904: -3/+4 roles, assigned=[Arizona Resident, First Year, Herberger Institute for Design and the Arts, Tempe]
Ignoring exception in on_member_update
Traceback (most recent call last):
  File "/usr/local/lib/python3.12/site-packages/discord/client.py", line 465, in _run_event
    await coro(*args, **kwargs)
  File "/app/asu_discord/cogs/analytics.py", line 652, in on_member_update
    before_timeout = before.timed_out_until
                     ^^^^^^^^^^^^^^^^^^^^^^
AttributeError: 'Member' object has no attribute 'timed_out_until'
Ignoring exception in on_member_update
Traceback (most recent call last):
  File "/usr/local/lib/python3.12/site-packages/discord/client.py", line 465, in _run_event
    await coro(*args, **kwargs)
  File "/app/asu_discord/cogs/analytics.py", line 652, in on_member_update
    before_timeout = before.timed_out_until
                     ^^^^^^^^^^^^^^^^^^^^^^
AttributeError: 'Member' object has no attribute 'timed_out_until'
Ignoring exception in on_member_update
Traceback (most recent call last):
  File "/usr/local/lib/python3.12/site-packages/discord/client.py", line 465, in _run_event
    await coro(*args, **kwargs)
  File "/app/asu_discord/cogs/analytics.py", line 652, in on_member_update
    before_timeout = before.timed_out_until
                     ^^^^^^^^^^^^^^^^^^^^^^
AttributeError: 'Member' object has no attribute 'timed_out_until'
Ignoring exception in on_member_update
Traceback (most recent call last):
  File "/usr/local/lib/python3.12/site-packages/discord/client.py", line 465, in _run_event
    await coro(*args, **kwargs)
  File "/app/asu_discord/cogs/analytics.py", line 652, in on_member_update
    before_timeout = before.timed_out_until
                     ^^^^^^^^^^^^^^^^^^^^^^
AttributeError: 'Member' object has no attribute 'timed_out_until'
Ignoring exception in on_member_update
Traceback (most recent call last):
  File "/usr/local/lib/python3.12/site-packages/discord/client.py", line 465, in _run_event
    await coro(*args, **kwargs)
  File "/app/asu_discord/cogs/analytics.py", line 652, in on_member_update
    before_timeout = before.timed_out_until
                     ^^^^^^^^^^^^^^^^^^^^^^
AttributeError: 'Member' object has no attribute 'timed_out_until'
Ignoring exception in on_member_update
Traceback (most recent call last):
  File "/usr/local/lib/python3.12/site-packages/discord/client.py", line 465, in _run_event
    await coro(*args, **kwargs)
  File "/app/asu_discord/cogs/analytics.py", line 652, in on_member_update
    before_timeout = before.timed_out_until
                     ^^^^^^^^^^^^^^^^^^^^^^
AttributeError: 'Member' object has no attribute 'timed_out_until'
Ignoring exception in on_member_update
Traceback (most recent call last):
  File "/usr/local/lib/python3.12/site-packages/discord/client.py", line 465, in _run_event
    await coro(*args, **kwargs)
  File "/app/asu_discord/cogs/analytics.py", line 652, in on_member_update
    before_timeout = before.timed_out_until
                     ^^^^^^^^^^^^^^^^^^^^^^
AttributeError: 'Member' object has no attribute 'timed_out_until'
Ignoring exception in on_member_update
Traceback (most recent call last):
  File "/usr/local/lib/python3.12/site-packages/discord/client.py", line 465, in _run_event
    await coro(*args, **kwargs)
  File "/app/asu_discord/cogs/analytics.py", line 652, in on_member_update
    before_timeout = before.timed_out_until
                     ^^^^^^^^^^^^^^^^^^^^^^
AttributeError: 'Member' object has no attribute 'timed_out_until'
INFO:asu_discord.cogs.verification:Saved 4 roles to database for user elgolde2@asu.edu (Discord ID: 584160656702570506)
INFO:asu_discord.cogs.verification:Refreshed Salesforce roles for Discord user 584160656702570506: -4/+4 roles, assigned=[Arizona Resident, Downtown Phoenix, First Year, Herberger Institute for Design and the Arts]
Ignoring exception in on_member_update
Traceback (most recent call last):
  File "/usr/local/lib/python3.12/site-packages/discord/client.py", line 465, in _run_event
    await coro(*args, **kwargs)
  File "/app/asu_discord/cogs/analytics.py", line 652, in on_member_update
    before_timeout = before.timed_out_until
                     ^^^^^^^^^^^^^^^^^^^^^^
AttributeError: 'Member' object has no attribute 'timed_out_until'
Ignoring exception in on_member_update
Traceback (most recent call last):
  File "/usr/local/lib/python3.12/site-packages/discord/client.py", line 465, in _run_event
    await coro(*args, **kwargs)
  File "/app/asu_discord/cogs/analytics.py", line 652, in on_member_update
    before_timeout = before.timed_out_until
                     ^^^^^^^^^^^^^^^^^^^^^^
AttributeError: 'Member' object has no attribute 'timed_out_until'
Ignoring exception in on_member_update
Traceback (most recent call last):
  File "/usr/local/lib/python3.12/site-packages/discord/client.py", line 465, in _run_event
    await coro(*args, **kwargs)
  File "/app/asu_discord/cogs/analytics.py", line 652, in on_member_update
    before_timeout = before.timed_out_until
                     ^^^^^^^^^^^^^^^^^^^^^^
AttributeError: 'Member' object has no attribute 'timed_out_until'
Ignoring exception in on_member_update
Traceback (most recent call last):
  File "/usr/local/lib/python3.12/site-packages/discord/client.py", line 465, in _run_event
    await coro(*args, **kwargs)
  File "/app/asu_discord/cogs/analytics.py", line 652, in on_member_update
    before_timeout = before.timed_out_until
                     ^^^^^^^^^^^^^^^^^^^^^^
AttributeError: 'Member' object has no attribute 'timed_out_until'
Ignoring exception in on_member_update
Traceback (most recent call last):
  File "/usr/local/lib/python3.12/site-packages/discord/client.py", line 465, in _run_event
    await coro(*args, **kwargs)
  File "/app/asu_discord/cogs/analytics.py", line 652, in on_member_update
    before_timeout = before.timed_out_until
                     ^^^^^^^^^^^^^^^^^^^^^^
AttributeError: 'Member' object has no attribute 'timed_out_until'
Ignoring exception in on_member_update
Traceback (most recent call last):
  File "/usr/local/lib/python3.12/site-packages/discord/client.py", line 465, in _run_event
    await coro(*args, **kwargs)
  File "/app/asu_discord/cogs/analytics.py", line 652, in on_member_update
    before_timeout = before.timed_out_until
                     ^^^^^^^^^^^^^^^^^^^^^^
AttributeError: 'Member' object has no attribute 'timed_out_until'
Ignoring exception in on_member_update
Traceback (most recent call last):
  File "/usr/local/lib/python3.12/site-packages/discord/client.py", line 465, in _run_event
    await coro(*args, **kwargs)
  File "/app/asu_discord/cogs/analytics.py", line 652, in on_member_update
    before_timeout = before.timed_out_until
                     ^^^^^^^^^^^^^^^^^^^^^^
AttributeError: 'Member' object has no attribute 'timed_out_until'
Ignoring exception in on_member_update
Traceback (most recent call last):
  File "/usr/local/lib/python3.12/site-packages/discord/client.py", line 465, in _run_event
    await coro(*args, **kwargs)
  File "/app/asu_discord/cogs/analytics.py", line 652, in on_member_update
    before_timeout = before.timed_out_until
                     ^^^^^^^^^^^^^^^^^^^^^^
AttributeError: 'Member' object has no attribute 'timed_out_until'
Ignoring exception in on_member_update
Traceback (most recent call last):
  File "/usr/local/lib/python3.12/site-packages/discord/client.py", line 465, in _run_event
    await coro(*args, **kwargs)
  File "/app/asu_discord/cogs/analytics.py", line 652, in on_member_update
    before_timeout = before.timed_out_until
                     ^^^^^^^^^^^^^^^^^^^^^^
AttributeError: 'Member' object has no attribute 'timed_out_until'
Ignoring exception in on_member_update
Traceback (most recent call last):
  File "/usr/local/lib/python3.12/site-packages/discord/client.py", line 465, in _run_event
    await coro(*args, **kwargs)
  File "/app/asu_discord/cogs/analytics.py", line 652, in on_member_update
    before_timeout = before.timed_out_until
                     ^^^^^^^^^^^^^^^^^^^^^^
AttributeError: 'Member' object has no attribute 'timed_out_until'
INFO:asu_discord.cogs.verification:Saved 5 roles to database for user ailk2@asu.edu (Discord ID: 823334497277313054)
INFO:asu_discord.cogs.verification:Refreshed Salesforce roles for Discord user 823334497277313054: -5/+5 roles, assigned=[Arizona Resident, First Generation Student, First Year, W.P. Carey School of Business, West Valley]
Ignoring exception in on_member_update
Traceback (most recent call last):
  File "/usr/local/lib/python3.12/site-packages/discord/client.py", line 465, in _run_event
    await coro(*args, **kwargs)
  File "/app/asu_discord/cogs/analytics.py", line 652, in on_member_update
    before_timeout = before.timed_out_until
                     ^^^^^^^^^^^^^^^^^^^^^^
AttributeError: 'Member' object has no attribute 'timed_out_until'
Ignoring exception in on_member_update
Traceback (most recent call last):
  File "/usr/local/lib/python3.12/site-packages/discord/client.py", line 465, in _run_event
    await coro(*args, **kwargs)
  File "/app/asu_discord/cogs/analytics.py", line 652, in on_member_update
    before_timeout = before.timed_out_until
                     ^^^^^^^^^^^^^^^^^^^^^^
AttributeError: 'Member' object has no attribute 'timed_out_until'
Ignoring exception in on_member_update
Traceback (most recent call last):
  File "/usr/local/lib/python3.12/site-packages/discord/client.py", line 465, in _run_event
    await coro(*args, **kwargs)
  File "/app/asu_discord/cogs/analytics.py", line 652, in on_member_update
    before_timeout = before.timed_out_until
                     ^^^^^^^^^^^^^^^^^^^^^^
AttributeError: 'Member' object has no attribute 'timed_out_until'
Ignoring exception in on_member_update
Traceback (most recent call last):
  File "/usr/local/lib/python3.12/site-packages/discord/client.py", line 465, in _run_event
    await coro(*args, **kwargs)
  File "/app/asu_discord/cogs/analytics.py", line 652, in on_member_update
    before_timeout = before.timed_out_until
                     ^^^^^^^^^^^^^^^^^^^^^^
AttributeError: 'Member' object has no attribute 'timed_out_until'
Ignoring exception in on_member_update
Traceback (most recent call last):
  File "/usr/local/lib/python3.12/site-packages/discord/client.py", line 465, in _run_event
    await coro(*args, **kwargs)
  File "/app/asu_discord/cogs/analytics.py", line 652, in on_member_update
    before_timeout = before.timed_out_until
                     ^^^^^^^^^^^^^^^^^^^^^^
AttributeError: 'Member' object has no attribute 'timed_out_until'
Ignoring exception in on_member_update
Traceback (most recent call last):
  File "/usr/local/lib/python3.12/site-packages/discord/client.py", line 465, in _run_event
    await coro(*args, **kwargs)
  File "/app/asu_discord/cogs/analytics.py", line 652, in on_member_update
    before_timeout = before.timed_out_until
                     ^^^^^^^^^^^^^^^^^^^^^^
AttributeError: 'Member' object has no attribute 'timed_out_until'
Ignoring exception in on_member_update
Traceback (most recent call last):
  File "/usr/local/lib/python3.12/site-packages/discord/client.py", line 465, in _run_event
    await coro(*args, **kwargs)
  File "/app/asu_discord/cogs/analytics.py", line 652, in on_member_update
    before_timeout = before.timed_out_until
                     ^^^^^^^^^^^^^^^^^^^^^^
AttributeError: 'Member' object has no attribute 'timed_out_until'
Ignoring exception in on_member_update
Traceback (most recent call last):
  File "/usr/local/lib/python3.12/site-packages/discord/client.py", line 465, in _run_event
    await coro(*args, **kwargs)
  File "/app/asu_discord/cogs/analytics.py", line 652, in on_member_update
    before_timeout = before.timed_out_until
                     ^^^^^^^^^^^^^^^^^^^^^^
AttributeError: 'Member' object has no attribute 'timed_out_until'
Ignoring exception in on_member_update
Traceback (most recent call last):
  File "/usr/local/lib/python3.12/site-packages/discord/client.py", line 465, in _run_event
    await coro(*args, **kwargs)
  File "/app/asu_discord/cogs/analytics.py", line 652, in on_member_update
    before_timeout = before.timed_out_until
                     ^^^^^^^^^^^^^^^^^^^^^^
AttributeError: 'Member' object has no attribute 'timed_out_until'
Ignoring exception in on_member_update
Traceback (most recent call last):
  File "/usr/local/lib/python3.12/site-packages/discord/client.py", line 465, in _run_event
    await coro(*args, **kwargs)
  File "/app/asu_discord/cogs/analytics.py", line 652, in on_member_update
    before_timeout = before.timed_out_until
                     ^^^^^^^^^^^^^^^^^^^^^^
AttributeError: 'Member' object has no attribute 'timed_out_until'
Ignoring exception in on_member_update
Traceback (most recent call last):
  File "/usr/local/lib/python3.12/site-packages/discord/client.py", line 465, in _run_event
    await coro(*args, **kwargs)
  File "/app/asu_discord/cogs/analytics.py", line 652, in on_member_update
    before_timeout = before.timed_out_until
                     ^^^^^^^^^^^^^^^^^^^^^^
AttributeError: 'Member' object has no attribute 'timed_out_until'
Ignoring exception in on_member_update
Traceback (most recent call last):
  File "/usr/local/lib/python3.12/site-packages/discord/client.py", line 465, in _run_event
    await coro(*args, **kwargs)
  File "/app/asu_discord/cogs/analytics.py", line 652, in on_member_update
    before_timeout = before.timed_out_until
                     ^^^^^^^^^^^^^^^^^^^^^^
AttributeError: 'Member' object has no attribute 'timed_out_until'
Ignoring exception in on_member_update
Traceback (most recent call last):
  File "/usr/local/lib/python3.12/site-packages/discord/client.py", line 465, in _run_event
    await coro(*args, **kwargs)
  File "/app/asu_discord/cogs/analytics.py", line 652, in on_member_update
    before_timeout = before.timed_out_until
                     ^^^^^^^^^^^^^^^^^^^^^^
AttributeError: 'Member' object has no attribute 'timed_out_until'
INFO:asu_discord.cogs.verification:Saved 7 roles to database for user maalle16@asu.edu (Discord ID: 676953347843948544)
INFO:asu_discord.cogs.verification:Refreshed Salesforce roles for Discord user 676953347843948544: -6/+7 roles, assigned=[College of Liberal Arts and Sciences, Commited, First Generation Student, First Year, Out of State, Polytechnic, Upperclassmen]
Ignoring exception in on_member_update
Traceback (most recent call last):
  File "/usr/local/lib/python3.12/site-packages/discord/client.py", line 465, in _run_event
    await coro(*args, **kwargs)
  File "/app/asu_discord/cogs/analytics.py", line 652, in on_member_update
    before_timeout = before.timed_out_until
                     ^^^^^^^^^^^^^^^^^^^^^^
AttributeError: 'Member' object has no attribute 'timed_out_until'
Ignoring exception in on_member_update
Traceback (most recent call last):
  File "/usr/local/lib/python3.12/site-packages/discord/client.py", line 465, in _run_event
    await coro(*args, **kwargs)
  File "/app/asu_discord/cogs/analytics.py", line 652, in on_member_update
    before_timeout = before.timed_out_until
                     ^^^^^^^^^^^^^^^^^^^^^^
AttributeError: 'Member' object has no attribute 'timed_out_until'
Ignoring exception in on_member_update
Traceback (most recent call last):
  File "/usr/local/lib/python3.12/site-packages/discord/client.py", line 465, in _run_event
    await coro(*args, **kwargs)
  File "/app/asu_discord/cogs/analytics.py", line 652, in on_member_update
    before_timeout = before.timed_out_until
                     ^^^^^^^^^^^^^^^^^^^^^^
AttributeError: 'Member' object has no attribute 'timed_out_until'
Ignoring exception in on_member_update
Traceback (most recent call last):
  File "/usr/local/lib/python3.12/site-packages/discord/client.py", line 465, in _run_event
    await coro(*args, **kwargs)
  File "/app/asu_discord/cogs/analytics.py", line 652, in on_member_update
    before_timeout = before.timed_out_until
                     ^^^^^^^^^^^^^^^^^^^^^^
AttributeError: 'Member' object has no attribute 'timed_out_until'
Ignoring exception in on_member_update
Traceback (most recent call last):
  File "/usr/local/lib/python3.12/site-packages/discord/client.py", line 465, in _run_event
    await coro(*args, **kwargs)
  File "/app/asu_discord/cogs/analytics.py", line 652, in on_member_update
    before_timeout = before.timed_out_until
                     ^^^^^^^^^^^^^^^^^^^^^^
AttributeError: 'Member' object has no attribute 'timed_out_until'
Ignoring exception in on_member_update
Traceback (most recent call last):
  File "/usr/local/lib/python3.12/site-packages/discord/client.py", line 465, in _run_event
    await coro(*args, **kwargs)
  File "/app/asu_discord/cogs/analytics.py", line 652, in on_member_update
    before_timeout = before.timed_out_until
                     ^^^^^^^^^^^^^^^^^^^^^^
AttributeError: 'Member' object has no attribute 'timed_out_until'
Ignoring exception in on_member_update
Traceback (most recent call last):
  File "/usr/local/lib/python3.12/site-packages/discord/client.py", line 465, in _run_event
    await coro(*args, **kwargs)
  File "/app/asu_discord/cogs/analytics.py", line 652, in on_member_update
    before_timeout = before.timed_out_until
                     ^^^^^^^^^^^^^^^^^^^^^^
AttributeError: 'Member' object has no attribute 'timed_out_until'
Ignoring exception in on_member_update
Traceback (most recent call last):
  File "/usr/local/lib/python3.12/site-packages/discord/client.py", line 465, in _run_event
    await coro(*args, **kwargs)
  File "/app/asu_discord/cogs/analytics.py", line 652, in on_member_update
    before_timeout = before.timed_out_until
                     ^^^^^^^^^^^^^^^^^^^^^^
AttributeError: 'Member' object has no attribute 'timed_out_until'
Ignoring exception in on_member_update
Traceback (most recent call last):
  File "/usr/local/lib/python3.12/site-packages/discord/client.py", line 465, in _run_event
    await coro(*args, **kwargs)
  File "/app/asu_discord/cogs/analytics.py", line 652, in on_member_update
    before_timeout = before.timed_out_until
                     ^^^^^^^^^^^^^^^^^^^^^^
AttributeError: 'Member' object has no attribute 'timed_out_until'
Ignoring exception in on_member_update
Traceback (most recent call last):
  File "/usr/local/lib/python3.12/site-packages/discord/client.py", line 465, in _run_event
    await coro(*args, **kwargs)
  File "/app/asu_discord/cogs/analytics.py", line 652, in on_member_update
    before_timeout = before.timed_out_until
                     ^^^^^^^^^^^^^^^^^^^^^^
AttributeError: 'Member' object has no attribute 'timed_out_until'
Ignoring exception in on_member_update
Traceback (most recent call last):
  File "/usr/local/lib/python3.12/site-packages/discord/client.py", line 465, in _run_event
    await coro(*args, **kwargs)
  File "/app/asu_discord/cogs/analytics.py", line 652, in on_member_update
    before_timeout = before.timed_out_until
                     ^^^^^^^^^^^^^^^^^^^^^^
AttributeError: 'Member' object has no attribute 'timed_out_until'
Ignoring exception in on_member_update
Traceback (most recent call last):
  File "/usr/local/lib/python3.12/site-packages/discord/client.py", line 465, in _run_event
    await coro(*args, **kwargs)
  File "/app/asu_discord/cogs/analytics.py", line 652, in on_member_update
    before_timeout = before.timed_out_until
                     ^^^^^^^^^^^^^^^^^^^^^^
AttributeError: 'Member' object has no attribute 'timed_out_until'
INFO:asu_discord.cogs.verification:Saved 6 roles to database for user cryazzi4@asu.edu (Discord ID: 895863464805941258)
INFO:asu_discord.cogs.verification:Refreshed Salesforce roles for Discord user 895863464805941258: -6/+6 roles, assigned=[Arizona Resident, First Generation Student, Graduate Student, Ira A. Fulton Schools of Engineering, Online, Polytechnic]
ERROR:cron.jobs:refresh_salesforce_roles: failed for vbbravo (Discord ID 1068001660183527456): Failed to refresh Salesforce-based roles: Discord user 1068001660183527456 is not a member of the guild
Ignoring exception in on_member_update
Traceback (most recent call last):
  File "/usr/local/lib/python3.12/site-packages/discord/client.py", line 465, in _run_event
    await coro(*args, **kwargs)
  File "/app/asu_discord/cogs/analytics.py", line 652, in on_member_update
    before_timeout = before.timed_out_until
                     ^^^^^^^^^^^^^^^^^^^^^^
AttributeError: 'Member' object has no attribute 'timed_out_until'
Ignoring exception in on_member_update
Traceback (most recent call last):
  File "/usr/local/lib/python3.12/site-packages/discord/client.py", line 465, in _run_event
    await coro(*args, **kwargs)
  File "/app/asu_discord/cogs/analytics.py", line 652, in on_member_update
    before_timeout = before.timed_out_until
                     ^^^^^^^^^^^^^^^^^^^^^^
AttributeError: 'Member' object has no attribute 'timed_out_until'
Ignoring exception in on_member_update
Traceback (most recent call last):
  File "/usr/local/lib/python3.12/site-packages/discord/client.py", line 465, in _run_event
    await coro(*args, **kwargs)
  File "/app/asu_discord/cogs/analytics.py", line 652, in on_member_update
    before_timeout = before.timed_out_until
                     ^^^^^^^^^^^^^^^^^^^^^^
AttributeError: 'Member' object has no attribute 'timed_out_until'
Ignoring exception in on_member_update
Traceback (most recent call last):
  File "/usr/local/lib/python3.12/site-packages/discord/client.py", line 465, in _run_event
    await coro(*args, **kwargs)
  File "/app/asu_discord/cogs/analytics.py", line 652, in on_member_update
    before_timeout = before.timed_out_until
                     ^^^^^^^^^^^^^^^^^^^^^^
AttributeError: 'Member' object has no attribute 'timed_out_until'
Ignoring exception in on_member_update
Traceback (most recent call last):
  File "/usr/local/lib/python3.12/site-packages/discord/client.py", line 465, in _run_event
    await coro(*args, **kwargs)
  File "/app/asu_discord/cogs/analytics.py", line 652, in on_member_update
    before_timeout = before.timed_out_until
                     ^^^^^^^^^^^^^^^^^^^^^^
AttributeError: 'Member' object has no attribute 'timed_out_until'
Ignoring exception in on_member_update
Traceback (most recent call last):
  File "/usr/local/lib/python3.12/site-packages/discord/client.py", line 465, in _run_event
    await coro(*args, **kwargs)
  File "/app/asu_discord/cogs/analytics.py", line 652, in on_member_update
    before_timeout = before.timed_out_until
                     ^^^^^^^^^^^^^^^^^^^^^^
AttributeError: 'Member' object has no attribute 'timed_out_until'
Ignoring exception in on_member_update
Traceback (most recent call last):
  File "/usr/local/lib/python3.12/site-packages/discord/client.py", line 465, in _run_event
    await coro(*args, **kwargs)
  File "/app/asu_discord/cogs/analytics.py", line 652, in on_member_update
    before_timeout = before.timed_out_until
                     ^^^^^^^^^^^^^^^^^^^^^^
AttributeError: 'Member' object has no attribute 'timed_out_until'
Ignoring exception in on_member_update
Traceback (most recent call last):
  File "/usr/local/lib/python3.12/site-packages/discord/client.py", line 465, in _run_event
    await coro(*args, **kwargs)
  File "/app/asu_discord/cogs/analytics.py", line 652, in on_member_update
    before_timeout = before.timed_out_until
                     ^^^^^^^^^^^^^^^^^^^^^^
AttributeError: 'Member' object has no attribute 'timed_out_until'
Ignoring exception in on_member_update
Traceback (most recent call last):
  File "/usr/local/lib/python3.12/site-packages/discord/client.py", line 465, in _run_event
    await coro(*args, **kwargs)
  File "/app/asu_discord/cogs/analytics.py", line 652, in on_member_update
    before_timeout = before.timed_out_until
                     ^^^^^^^^^^^^^^^^^^^^^^
AttributeError: 'Member' object has no attribute 'timed_out_until'
Ignoring exception in on_member_update
Traceback (most recent call last):
  File "/usr/local/lib/python3.12/site-packages/discord/client.py", line 465, in _run_event
    await coro(*args, **kwargs)
  File "/app/asu_discord/cogs/analytics.py", line 652, in on_member_update
    before_timeout = before.timed_out_until
                     ^^^^^^^^^^^^^^^^^^^^^^
AttributeError: 'Member' object has no attribute 'timed_out_until'
ERROR:cron.jobs:refresh_salesforce_roles: failed for kfgray1 (Discord ID 1141386818751836160): Timed out refresh Salesforce-based roles
ERROR:cron.jobs:refresh_salesforce_roles: failed for smusse1 (Discord ID 1427507852595171431): Failed to refresh Salesforce-based roles: Discord user 1427507852595171431 is not a member of the guild
ERROR:cron.jobs:refresh_salesforce_roles: failed for bkwalte4 (Discord ID 451106376618606613): Failed to refresh Salesforce-based roles: Discord user 451106376618606613 is not a member of the guild
Ignoring exception in on_member_update
Traceback (most recent call last):
  File "/usr/local/lib/python3.12/site-packages/discord/client.py", line 465, in _run_event
    await coro(*args, **kwargs)
  File "/app/asu_discord/cogs/analytics.py", line 652, in on_member_update
    before_timeout = before.timed_out_until
                     ^^^^^^^^^^^^^^^^^^^^^^
AttributeError: 'Member' object has no attribute 'timed_out_until'
Ignoring exception in on_member_update
Traceback (most recent call last):
  File "/usr/local/lib/python3.12/site-packages/discord/client.py", line 465, in _run_event
    await coro(*args, **kwargs)
  File "/app/asu_discord/cogs/analytics.py", line 652, in on_member_update
    before_timeout = before.timed_out_until
                     ^^^^^^^^^^^^^^^^^^^^^^
AttributeError: 'Member' object has no attribute 'timed_out_until'
Ignoring exception in on_member_update
Traceback (most recent call last):
  File "/usr/local/lib/python3.12/site-packages/discord/client.py", line 465, in _run_event
    await coro(*args, **kwargs)
  File "/app/asu_discord/cogs/analytics.py", line 652, in on_member_update
    before_timeout = before.timed_out_until
                     ^^^^^^^^^^^^^^^^^^^^^^
AttributeError: 'Member' object has no attribute 'timed_out_until'
Ignoring exception in on_member_update
Traceback (most recent call last):
  File "/usr/local/lib/python3.12/site-packages/discord/client.py", line 465, in _run_event
    await coro(*args, **kwargs)
  File "/app/asu_discord/cogs/analytics.py", line 652, in on_member_update
    before_timeout = before.timed_out_until
                     ^^^^^^^^^^^^^^^^^^^^^^
AttributeError: 'Member' object has no attribute 'timed_out_until'
Ignoring exception in on_member_update
Traceback (most recent call last):
  File "/usr/local/lib/python3.12/site-packages/discord/client.py", line 465, in _run_event
    await coro(*args, **kwargs)
  File "/app/asu_discord/cogs/analytics.py", line 652, in on_member_update
    before_timeout = before.timed_out_until
                     ^^^^^^^^^^^^^^^^^^^^^^
AttributeError: 'Member' object has no attribute 'timed_out_until'
Ignoring exception in on_member_update
Traceback (most recent call last):
  File "/usr/local/lib/python3.12/site-packages/discord/client.py", line 465, in _run_event
    await coro(*args, **kwargs)
  File "/app/asu_discord/cogs/analytics.py", line 652, in on_member_update
    before_timeout = before.timed_out_until
                     ^^^^^^^^^^^^^^^^^^^^^^
AttributeError: 'Member' object has no attribute 'timed_out_until'
Ignoring exception in on_member_update
Traceback (most recent call last):
  File "/usr/local/lib/python3.12/site-packages/discord/client.py", line 465, in _run_event
    await coro(*args, **kwargs)
  File "/app/asu_discord/cogs/analytics.py", line 652, in on_member_update
    before_timeout = before.timed_out_until
                     ^^^^^^^^^^^^^^^^^^^^^^
AttributeError: 'Member' object has no attribute 'timed_out_until'
Ignoring exception in on_member_update
Traceback (most recent call last):
  File "/usr/local/lib/python3.12/site-packages/discord/client.py", line 465, in _run_event
    await coro(*args, **kwargs)
  File "/app/asu_discord/cogs/analytics.py", line 652, in on_member_update
    before_timeout = before.timed_out_until
                     ^^^^^^^^^^^^^^^^^^^^^^
AttributeError: 'Member' object has no attribute 'timed_out_until'
INFO:asu_discord.cogs.verification:Saved 4 roles to database for user ebarre32@asu.edu (Discord ID: 814297642578214913)
INFO:asu_discord.cogs.verification:Refreshed Salesforce roles for Discord user 814297642578214913: -4/+4 roles, assigned=[Arizona Resident, First Year, Ira A. Fulton Schools of Engineering, West Valley]
ERROR:cron.jobs:refresh_salesforce_roles: failed for amural63 (Discord ID 737049681225318542): Failed to refresh Salesforce-based roles: Discord user 737049681225318542 is not a member of the guild
Ignoring exception in on_member_update
Traceback (most recent call last):
  File "/usr/local/lib/python3.12/site-packages/discord/client.py", line 465, in _run_event
    await coro(*args, **kwargs)
  File "/app/asu_discord/cogs/analytics.py", line 652, in on_member_update
    before_timeout = before.timed_out_until
                     ^^^^^^^^^^^^^^^^^^^^^^
AttributeError: 'Member' object has no attribute 'timed_out_until'
Ignoring exception in on_member_update
Traceback (most recent call last):
  File "/usr/local/lib/python3.12/site-packages/discord/client.py", line 465, in _run_event
    await coro(*args, **kwargs)
  File "/app/asu_discord/cogs/analytics.py", line 652, in on_member_update
    before_timeout = before.timed_out_until
                     ^^^^^^^^^^^^^^^^^^^^^^
AttributeError: 'Member' object has no attribute 'timed_out_until'
Ignoring exception in on_member_update
Traceback (most recent call last):
  File "/usr/local/lib/python3.12/site-packages/discord/client.py", line 465, in _run_event
    await coro(*args, **kwargs)
  File "/app/asu_discord/cogs/analytics.py", line 652, in on_member_update
    before_timeout = before.timed_out_until
                     ^^^^^^^^^^^^^^^^^^^^^^
AttributeError: 'Member' object has no attribute 'timed_out_until'
Ignoring exception in on_member_update
Traceback (most recent call last):
  File "/usr/local/lib/python3.12/site-packages/discord/client.py", line 465, in _run_event
    await coro(*args, **kwargs)
  File "/app/asu_discord/cogs/analytics.py", line 652, in on_member_update
    before_timeout = before.timed_out_until
                     ^^^^^^^^^^^^^^^^^^^^^^
AttributeError: 'Member' object has no attribute 'timed_out_until'
Ignoring exception in on_member_update
Traceback (most recent call last):
  File "/usr/local/lib/python3.12/site-packages/discord/client.py", line 465, in _run_event
    await coro(*args, **kwargs)
  File "/app/asu_discord/cogs/analytics.py", line 652, in on_member_update
    before_timeout = before.timed_out_until
                     ^^^^^^^^^^^^^^^^^^^^^^
AttributeError: 'Member' object has no attribute 'timed_out_until'
Ignoring exception in on_member_update
Traceback (most recent call last):
  File "/usr/local/lib/python3.12/site-packages/discord/client.py", line 465, in _run_event
    await coro(*args, **kwargs)
  File "/app/asu_discord/cogs/analytics.py", line 652, in on_member_update
    before_timeout = before.timed_out_until
                     ^^^^^^^^^^^^^^^^^^^^^^
AttributeError: 'Member' object has no attribute 'timed_out_until'
Ignoring exception in on_member_update
Traceback (most recent call last):
  File "/usr/local/lib/python3.12/site-packages/discord/client.py", line 465, in _run_event
    await coro(*args, **kwargs)
  File "/app/asu_discord/cogs/analytics.py", line 652, in on_member_update
    before_timeout = before.timed_out_until
                     ^^^^^^^^^^^^^^^^^^^^^^
AttributeError: 'Member' object has no attribute 'timed_out_until'
Ignoring exception in on_member_update
Traceback (most recent call last):
  File "/usr/local/lib/python3.12/site-packages/discord/client.py", line 465, in _run_event
    await coro(*args, **kwargs)
  File "/app/asu_discord/cogs/analytics.py", line 652, in on_member_update
    before_timeout = before.timed_out_until
                     ^^^^^^^^^^^^^^^^^^^^^^
AttributeError: 'Member' object has no attribute 'timed_out_until'
Ignoring exception in on_member_update
Traceback (most recent call last):
  File "/usr/local/lib/python3.12/site-packages/discord/client.py", line 465, in _run_event
    await coro(*args, **kwargs)
  File "/app/asu_discord/cogs/analytics.py", line 652, in on_member_update
    before_timeout = before.timed_out_until
                     ^^^^^^^^^^^^^^^^^^^^^^
AttributeError: 'Member' object has no attribute 'timed_out_until'
Ignoring exception in on_member_update
Traceback (most recent call last):
  File "/usr/local/lib/python3.12/site-packages/discord/client.py", line 465, in _run_event
    await coro(*args, **kwargs)
  File "/app/asu_discord/cogs/analytics.py", line 652, in on_member_update
    before_timeout = before.timed_out_until
                     ^^^^^^^^^^^^^^^^^^^^^^
AttributeError: 'Member' object has no attribute 'timed_out_until'
INFO:asu_discord.cogs.verification:Saved 5 roles to database for user rthastin@asu.edu (Discord ID: 558496245304262656)
INFO:asu_discord.cogs.verification:Refreshed Salesforce roles for Discord user 558496245304262656: -5/+5 roles, assigned=[Arizona Resident, Commited, First Year, Ira A. Fulton Schools of Engineering, Tempe]
Ignoring exception in on_member_update
Traceback (most recent call last):
  File "/usr/local/lib/python3.12/site-packages/discord/client.py", line 465, in _run_event
    await coro(*args, **kwargs)
  File "/app/asu_discord/cogs/analytics.py", line 652, in on_member_update
    before_timeout = before.timed_out_until
                     ^^^^^^^^^^^^^^^^^^^^^^
AttributeError: 'Member' object has no attribute 'timed_out_until'
Ignoring exception in on_member_update
Traceback (most recent call last):
  File "/usr/local/lib/python3.12/site-packages/discord/client.py", line 465, in _run_event
    await coro(*args, **kwargs)
  File "/app/asu_discord/cogs/analytics.py", line 652, in on_member_update
    before_timeout = before.timed_out_until
                     ^^^^^^^^^^^^^^^^^^^^^^
AttributeError: 'Member' object has no attribute 'timed_out_until'
INFO:asu_discord.cogs.verification:Saved 1 roles to database for user kwmatsui@asu.edu (Discord ID: 1118966552256061471)
INFO:asu_discord.cogs.verification:Refreshed Salesforce roles for Discord user 1118966552256061471: -1/+1 roles, assigned=[Out of State]
ERROR:cron.jobs:refresh_salesforce_roles: failed for kmkemp12 (Discord ID 874483785113157632): Failed to refresh Salesforce-based roles: Discord user 874483785113157632 is not a member of the guild
ERROR:cron.jobs:refresh_salesforce_roles: failed for askelly9 (Discord ID 888894619272769626): Failed to refresh Salesforce-based roles: Discord user 888894619272769626 is not a member of the guild
ERROR:cron.jobs:refresh_salesforce_roles: failed for bwwaldr1 (Discord ID 645722649594691592): Failed to refresh Salesforce-based roles: Discord user 645722649594691592 is not a member of the guild
ERROR:cron.jobs:refresh_salesforce_roles: failed for keszumow (Discord ID 723600620166053950): Failed to refresh Salesforce-based roles: Discord user 723600620166053950 is not a member of the guild
Ignoring exception in on_member_update
Traceback (most recent call last):
  File "/usr/local/lib/python3.12/site-packages/discord/client.py", line 465, in _run_event
    await coro(*args, **kwargs)
  File "/app/asu_discord/cogs/analytics.py", line 652, in on_member_update
    before_timeout = before.timed_out_until
                     ^^^^^^^^^^^^^^^^^^^^^^
AttributeError: 'Member' object has no attribute 'timed_out_until'
Ignoring exception in on_member_update
Traceback (most recent call last):
  File "/usr/local/lib/python3.12/site-packages/discord/client.py", line 465, in _run_event
    await coro(*args, **kwargs)
  File "/app/asu_discord/cogs/analytics.py", line 652, in on_member_update
    before_timeout = before.timed_out_until
                     ^^^^^^^^^^^^^^^^^^^^^^
AttributeError: 'Member' object has no attribute 'timed_out_until'
Ignoring exception in on_member_update
Traceback (most recent call last):
  File "/usr/local/lib/python3.12/site-packages/discord/client.py", line 465, in _run_event
    await coro(*args, **kwargs)
  File "/app/asu_discord/cogs/analytics.py", line 652, in on_member_update
    before_timeout = before.timed_out_until
                     ^^^^^^^^^^^^^^^^^^^^^^
AttributeError: 'Member' object has no attribute 'timed_out_until'
Ignoring exception in on_member_update
Traceback (most recent call last):
  File "/usr/local/lib/python3.12/site-packages/discord/client.py", line 465, in _run_event
    await coro(*args, **kwargs)
  File "/app/asu_discord/cogs/analytics.py", line 652, in on_member_update
    before_timeout = before.timed_out_until
                     ^^^^^^^^^^^^^^^^^^^^^^
AttributeError: 'Member' object has no attribute 'timed_out_until'
Ignoring exception in on_member_update
Traceback (most recent call last):
  File "/usr/local/lib/python3.12/site-packages/discord/client.py", line 465, in _run_event
    await coro(*args, **kwargs)
  File "/app/asu_discord/cogs/analytics.py", line 652, in on_member_update
    before_timeout = before.timed_out_until
                     ^^^^^^^^^^^^^^^^^^^^^^
AttributeError: 'Member' object has no attribute 'timed_out_until'
Ignoring exception in on_member_update
Traceback (most recent call last):
  File "/usr/local/lib/python3.12/site-packages/discord/client.py", line 465, in _run_event
    await coro(*args, **kwargs)
  File "/app/asu_discord/cogs/analytics.py", line 652, in on_member_update
    before_timeout = before.timed_out_until
                     ^^^^^^^^^^^^^^^^^^^^^^
AttributeError: 'Member' object has no attribute 'timed_out_until'
Ignoring exception in on_member_update
Traceback (most recent call last):
  File "/usr/local/lib/python3.12/site-packages/discord/client.py", line 465, in _run_event
    await coro(*args, **kwargs)
  File "/app/asu_discord/cogs/analytics.py", line 652, in on_member_update
    before_timeout = before.timed_out_until
                     ^^^^^^^^^^^^^^^^^^^^^^
AttributeError: 'Member' object has no attribute 'timed_out_until'
Ignoring exception in on_member_update
Traceback (most recent call last):
  File "/usr/local/lib/python3.12/site-packages/discord/client.py", line 465, in _run_event
    await coro(*args, **kwargs)
  File "/app/asu_discord/cogs/analytics.py", line 652, in on_member_update
    before_timeout = before.timed_out_until
                     ^^^^^^^^^^^^^^^^^^^^^^
AttributeError: 'Member' object has no attribute 'timed_out_until'
INFO:asu_discord.cogs.verification:Saved 4 roles to database for user supadh47@asu.edu (Discord ID: 1440026777232867398)
INFO:asu_discord.cogs.verification:Refreshed Salesforce roles for Discord user 1440026777232867398: -4/+4 roles, assigned=[Graduate Student, International Student, Ira A. Fulton Schools of Engineering, Tempe]
Ignoring exception in on_member_update
Traceback (most recent call last):
  File "/usr/local/lib/python3.12/site-packages/discord/client.py", line 465, in _run_event
    await coro(*args, **kwargs)
  File "/app/asu_discord/cogs/analytics.py", line 652, in on_member_update
    before_timeout = before.timed_out_until
                     ^^^^^^^^^^^^^^^^^^^^^^
AttributeError: 'Member' object has no attribute 'timed_out_until'
Ignoring exception in on_member_update
Traceback (most recent call last):
  File "/usr/local/lib/python3.12/site-packages/discord/client.py", line 465, in _run_event
    await coro(*args, **kwargs)
  File "/app/asu_discord/cogs/analytics.py", line 652, in on_member_update
    before_timeout = before.timed_out_until
                     ^^^^^^^^^^^^^^^^^^^^^^
AttributeError: 'Member' object has no attribute 'timed_out_until'
Ignoring exception in on_member_update
Traceback (most recent call last):
  File "/usr/local/lib/python3.12/site-packages/discord/client.py", line 465, in _run_event
    await coro(*args, **kwargs)
  File "/app/asu_discord/cogs/analytics.py", line 652, in on_member_update
    before_timeout = before.timed_out_until
                     ^^^^^^^^^^^^^^^^^^^^^^
AttributeError: 'Member' object has no attribute 'timed_out_until'
Ignoring exception in on_member_update
Traceback (most recent call last):
  File "/usr/local/lib/python3.12/site-packages/discord/client.py", line 465, in _run_event
    await coro(*args, **kwargs)
  File "/app/asu_discord/cogs/analytics.py", line 652, in on_member_update
    before_timeout = before.timed_out_until
                     ^^^^^^^^^^^^^^^^^^^^^^
AttributeError: 'Member' object has no attribute 'timed_out_until'
Ignoring exception in on_member_update
Traceback (most recent call last):
  File "/usr/local/lib/python3.12/site-packages/discord/client.py", line 465, in _run_event
    await coro(*args, **kwargs)
  File "/app/asu_discord/cogs/analytics.py", line 652, in on_member_update
    before_timeout = before.timed_out_until
                     ^^^^^^^^^^^^^^^^^^^^^^
AttributeError: 'Member' object has no attribute 'timed_out_until'
Ignoring exception in on_member_update
Traceback (most recent call last):
  File "/usr/local/lib/python3.12/site-packages/discord/client.py", line 465, in _run_event
    await coro(*args, **kwargs)
  File "/app/asu_discord/cogs/analytics.py", line 652, in on_member_update
    before_timeout = before.timed_out_until
                     ^^^^^^^^^^^^^^^^^^^^^^
AttributeError: 'Member' object has no attribute 'timed_out_until'
Ignoring exception in on_member_update
Traceback (most recent call last):
  File "/usr/local/lib/python3.12/site-packages/discord/client.py", line 465, in _run_event
    await coro(*args, **kwargs)
  File "/app/asu_discord/cogs/analytics.py", line 652, in on_member_update
    before_timeout = before.timed_out_until
                     ^^^^^^^^^^^^^^^^^^^^^^
AttributeError: 'Member' object has no attribute 'timed_out_until'
Ignoring exception in on_member_update
Traceback (most recent call last):
  File "/usr/local/lib/python3.12/site-packages/discord/client.py", line 465, in _run_event
    await coro(*args, **kwargs)
  File "/app/asu_discord/cogs/analytics.py", line 652, in on_member_update
    before_timeout = before.timed_out_until
                     ^^^^^^^^^^^^^^^^^^^^^^
AttributeError: 'Member' object has no attribute 'timed_out_until'
INFO:asu_discord.cogs.verification:Saved 4 roles to database for user yinanli2@asu.edu (Discord ID: 885294456834773013)
INFO:asu_discord.cogs.verification:Refreshed Salesforce roles for Discord user 885294456834773013: -4/+4 roles, assigned=[Graduate Student, International Student, Ira A. Fulton Schools of Engineering, Tempe]
Ignoring exception in on_member_update
Traceback (most recent call last):
  File "/usr/local/lib/python3.12/site-packages/discord/client.py", line 465, in _run_event
    await coro(*args, **kwargs)
  File "/app/asu_discord/cogs/analytics.py", line 652, in on_member_update
    before_timeout = before.timed_out_until
                     ^^^^^^^^^^^^^^^^^^^^^^
AttributeError: 'Member' object has no attribute 'timed_out_until'
Ignoring exception in on_member_update
Traceback (most recent call last):
  File "/usr/local/lib/python3.12/site-packages/discord/client.py", line 465, in _run_event
    await coro(*args, **kwargs)
  File "/app/asu_discord/cogs/analytics.py", line 652, in on_member_update
    before_timeout = before.timed_out_until
                     ^^^^^^^^^^^^^^^^^^^^^^
AttributeError: 'Member' object has no attribute 'timed_out_until'
Ignoring exception in on_member_update
Traceback (most recent call last):
  File "/usr/local/lib/python3.12/site-packages/discord/client.py", line 465, in _run_event
    await coro(*args, **kwargs)
  File "/app/asu_discord/cogs/analytics.py", line 652, in on_member_update
    before_timeout = before.timed_out_until
                     ^^^^^^^^^^^^^^^^^^^^^^
AttributeError: 'Member' object has no attribute 'timed_out_until'
Ignoring exception in on_member_update
Traceback (most recent call last):
  File "/usr/local/lib/python3.12/site-packages/discord/client.py", line 465, in _run_event
    await coro(*args, **kwargs)
  File "/app/asu_discord/cogs/analytics.py", line 652, in on_member_update
    before_timeout = before.timed_out_until
                     ^^^^^^^^^^^^^^^^^^^^^^
AttributeError: 'Member' object has no attribute 'timed_out_until'
Ignoring exception in on_member_update
Traceback (most recent call last):
  File "/usr/local/lib/python3.12/site-packages/discord/client.py", line 465, in _run_event
    await coro(*args, **kwargs)
  File "/app/asu_discord/cogs/analytics.py", line 652, in on_member_update
    before_timeout = before.timed_out_until
                     ^^^^^^^^^^^^^^^^^^^^^^
AttributeError: 'Member' object has no attribute 'timed_out_until'
Ignoring exception in on_member_update
Traceback (most recent call last):
  File "/usr/local/lib/python3.12/site-packages/discord/client.py", line 465, in _run_event
    await coro(*args, **kwargs)
  File "/app/asu_discord/cogs/analytics.py", line 652, in on_member_update
    before_timeout = before.timed_out_until
                     ^^^^^^^^^^^^^^^^^^^^^^
AttributeError: 'Member' object has no attribute 'timed_out_until'
Ignoring exception in on_member_update
Traceback (most recent call last):
  File "/usr/local/lib/python3.12/site-packages/discord/client.py", line 465, in _run_event
    await coro(*args, **kwargs)
  File "/app/asu_discord/cogs/analytics.py", line 652, in on_member_update
    before_timeout = before.timed_out_until
                     ^^^^^^^^^^^^^^^^^^^^^^
AttributeError: 'Member' object has no attribute 'timed_out_until'
Ignoring exception in on_member_update
Traceback (most recent call last):
  File "/usr/local/lib/python3.12/site-packages/discord/client.py", line 465, in _run_event
    await coro(*args, **kwargs)
  File "/app/asu_discord/cogs/analytics.py", line 652, in on_member_update
    before_timeout = before.timed_out_until
                     ^^^^^^^^^^^^^^^^^^^^^^
AttributeError: 'Member' object has no attribute 'timed_out_until'
INFO:asu_discord.cogs.verification:Saved 4 roles to database for user ofong1@asu.edu (Discord ID: 564634268412936216)
INFO:asu_discord.cogs.verification:Refreshed Salesforce roles for Discord user 564634268412936216: -4/+4 roles, assigned=[Arizona Resident, First Year, Tempe, W.P. Carey School of Business]
ERROR:cron.jobs:refresh_salesforce_roles: failed for imhunte2 (Discord ID 754896030465523792): Failed to refresh Salesforce-based roles: Discord user 754896030465523792 is not a member of the guild
ERROR:cron.jobs:refresh_salesforce_roles: failed for gdavids8 (Discord ID 1344162479084933170): Failed to refresh Salesforce-based roles: Discord user 1344162479084933170 is not a member of the guild
Ignoring exception in on_member_update
Traceback (most recent call last):
  File "/usr/local/lib/python3.12/site-packages/discord/client.py", line 465, in _run_event
    await coro(*args, **kwargs)
  File "/app/asu_discord/cogs/analytics.py", line 652, in on_member_update
    before_timeout = before.timed_out_until
                     ^^^^^^^^^^^^^^^^^^^^^^
AttributeError: 'Member' object has no attribute 'timed_out_until'
Ignoring exception in on_member_update
Traceback (most recent call last):
  File "/usr/local/lib/python3.12/site-packages/discord/client.py", line 465, in _run_event
    await coro(*args, **kwargs)
  File "/app/asu_discord/cogs/analytics.py", line 652, in on_member_update
    before_timeout = before.timed_out_until
                     ^^^^^^^^^^^^^^^^^^^^^^
AttributeError: 'Member' object has no attribute 'timed_out_until'
Ignoring exception in on_member_update
Traceback (most recent call last):
  File "/usr/local/lib/python3.12/site-packages/discord/client.py", line 465, in _run_event
    await coro(*args, **kwargs)
  File "/app/asu_discord/cogs/analytics.py", line 652, in on_member_update
    before_timeout = before.timed_out_until
                     ^^^^^^^^^^^^^^^^^^^^^^
AttributeError: 'Member' object has no attribute 'timed_out_until'
Ignoring exception in on_member_update
Traceback (most recent call last):
  File "/usr/local/lib/python3.12/site-packages/discord/client.py", line 465, in _run_event
    await coro(*args, **kwargs)
  File "/app/asu_discord/cogs/analytics.py", line 652, in on_member_update
    before_timeout = before.timed_out_until
                     ^^^^^^^^^^^^^^^^^^^^^^
AttributeError: 'Member' object has no attribute 'timed_out_until'
Ignoring exception in on_member_update
Traceback (most recent call last):
  File "/usr/local/lib/python3.12/site-packages/discord/client.py", line 465, in _run_event
    await coro(*args, **kwargs)
  File "/app/asu_discord/cogs/analytics.py", line 652, in on_member_update
    before_timeout = before.timed_out_until
                     ^^^^^^^^^^^^^^^^^^^^^^
AttributeError: 'Member' object has no attribute 'timed_out_until'
Ignoring exception in on_member_update
Traceback (most recent call last):
  File "/usr/local/lib/python3.12/site-packages/discord/client.py", line 465, in _run_event
    await coro(*args, **kwargs)
  File "/app/asu_discord/cogs/analytics.py", line 652, in on_member_update
    before_timeout = before.timed_out_until
                     ^^^^^^^^^^^^^^^^^^^^^^
AttributeError: 'Member' object has no attribute 'timed_out_until'
Ignoring exception in on_member_update
Traceback (most recent call last):
  File "/usr/local/lib/python3.12/site-packages/discord/client.py", line 465, in _run_event
    await coro(*args, **kwargs)
  File "/app/asu_discord/cogs/analytics.py", line 652, in on_member_update
    before_timeout = before.timed_out_until
                     ^^^^^^^^^^^^^^^^^^^^^^
AttributeError: 'Member' object has no attribute 'timed_out_until'
INFO:asu_discord.cogs.verification:Saved 4 roles to database for user gsanto16@asu.edu (Discord ID: 689194110346723408)
INFO:asu_discord.cogs.verification:Refreshed Salesforce roles for Discord user 689194110346723408: -3/+4 roles, assigned=[Arizona Resident, First Year, Ira A. Fulton Schools of Engineering, Tempe]
Ignoring exception in on_member_update
Traceback (most recent call last):
  File "/usr/local/lib/python3.12/site-packages/discord/client.py", line 465, in _run_event
    await coro(*args, **kwargs)
  File "/app/asu_discord/cogs/analytics.py", line 652, in on_member_update
    before_timeout = before.timed_out_until
                     ^^^^^^^^^^^^^^^^^^^^^^
AttributeError: 'Member' object has no attribute 'timed_out_until'
Ignoring exception in on_member_update
Traceback (most recent call last):
  File "/usr/local/lib/python3.12/site-packages/discord/client.py", line 465, in _run_event
    await coro(*args, **kwargs)
  File "/app/asu_discord/cogs/analytics.py", line 652, in on_member_update
    before_timeout = before.timed_out_until
                     ^^^^^^^^^^^^^^^^^^^^^^
AttributeError: 'Member' object has no attribute 'timed_out_until'
Ignoring exception in on_member_update
Traceback (most recent call last):
  File "/usr/local/lib/python3.12/site-packages/discord/client.py", line 465, in _run_event
    await coro(*args, **kwargs)
  File "/app/asu_discord/cogs/analytics.py", line 652, in on_member_update
    before_timeout = before.timed_out_until
                     ^^^^^^^^^^^^^^^^^^^^^^
AttributeError: 'Member' object has no attribute 'timed_out_until'
Ignoring exception in on_member_update
Traceback (most recent call last):
  File "/usr/local/lib/python3.12/site-packages/discord/client.py", line 465, in _run_event
    await coro(*args, **kwargs)
  File "/app/asu_discord/cogs/analytics.py", line 652, in on_member_update
    before_timeout = before.timed_out_until
                     ^^^^^^^^^^^^^^^^^^^^^^
AttributeError: 'Member' object has no attribute 'timed_out_until'
Ignoring exception in on_member_update
Traceback (most recent call last):
  File "/usr/local/lib/python3.12/site-packages/discord/client.py", line 465, in _run_event
    await coro(*args, **kwargs)
  File "/app/asu_discord/cogs/analytics.py", line 652, in on_member_update
    before_timeout = before.timed_out_until
                     ^^^^^^^^^^^^^^^^^^^^^^
AttributeError: 'Member' object has no attribute 'timed_out_until'
Ignoring exception in on_member_update
Traceback (most recent call last):
  File "/usr/local/lib/python3.12/site-packages/discord/client.py", line 465, in _run_event
    await coro(*args, **kwargs)
  File "/app/asu_discord/cogs/analytics.py", line 652, in on_member_update
    before_timeout = before.timed_out_until
                     ^^^^^^^^^^^^^^^^^^^^^^
AttributeError: 'Member' object has no attribute 'timed_out_until'
Ignoring exception in on_member_update
Traceback (most recent call last):
  File "/usr/local/lib/python3.12/site-packages/discord/client.py", line 465, in _run_event
    await coro(*args, **kwargs)
  File "/app/asu_discord/cogs/analytics.py", line 652, in on_member_update
    before_timeout = before.timed_out_until
                     ^^^^^^^^^^^^^^^^^^^^^^
AttributeError: 'Member' object has no attribute 'timed_out_until'
Ignoring exception in on_member_update
Traceback (most recent call last):
  File "/usr/local/lib/python3.12/site-packages/discord/client.py", line 465, in _run_event
    await coro(*args, **kwargs)
  File "/app/asu_discord/cogs/analytics.py", line 652, in on_member_update
    before_timeout = before.timed_out_until
                     ^^^^^^^^^^^^^^^^^^^^^^
AttributeError: 'Member' object has no attribute 'timed_out_until'
Ignoring exception in on_member_update
Traceback (most recent call last):
  File "/usr/local/lib/python3.12/site-packages/discord/client.py", line 465, in _run_event
    await coro(*args, **kwargs)
  File "/app/asu_discord/cogs/analytics.py", line 652, in on_member_update
    before_timeout = before.timed_out_until
                     ^^^^^^^^^^^^^^^^^^^^^^
AttributeError: 'Member' object has no attribute 'timed_out_until'
Ignoring exception in on_member_update
Traceback (most recent call last):
  File "/usr/local/lib/python3.12/site-packages/discord/client.py", line 465, in _run_event
    await coro(*args, **kwargs)
  File "/app/asu_discord/cogs/analytics.py", line 652, in on_member_update
    before_timeout = before.timed_out_until
                     ^^^^^^^^^^^^^^^^^^^^^^
AttributeError: 'Member' object has no attribute 'timed_out_until'
INFO:asu_discord.cogs.verification:Saved 5 roles to database for user asatis20@asu.edu (Discord ID: 770054365012295680)
INFO:asu_discord.cogs.verification:Refreshed Salesforce roles for Discord user 770054365012295680: -5/+5 roles, assigned=[College of Integrative Sciences and Arts, Commited, First Year, Out of State, Polytechnic]
ERROR:cron.jobs:refresh_salesforce_roles: failed for knako (Discord ID 459976837972361226): Failed to refresh Salesforce-based roles: Discord user 459976837972361226 is not a member of the guild
Ignoring exception in on_member_update
Traceback (most recent call last):
  File "/usr/local/lib/python3.12/site-packages/discord/client.py", line 465, in _run_event
    await coro(*args, **kwargs)
  File "/app/asu_discord/cogs/analytics.py", line 652, in on_member_update
    before_timeout = before.timed_out_until
                     ^^^^^^^^^^^^^^^^^^^^^^
AttributeError: 'Member' object has no attribute 'timed_out_until'
Ignoring exception in on_member_update
Traceback (most recent call last):
  File "/usr/local/lib/python3.12/site-packages/discord/client.py", line 465, in _run_event
    await coro(*args, **kwargs)
  File "/app/asu_discord/cogs/analytics.py", line 652, in on_member_update
    before_timeout = before.timed_out_until
                     ^^^^^^^^^^^^^^^^^^^^^^
AttributeError: 'Member' object has no attribute 'timed_out_until'
Ignoring exception in on_member_update
Traceback (most recent call last):
  File "/usr/local/lib/python3.12/site-packages/discord/client.py", line 465, in _run_event
    await coro(*args, **kwargs)
  File "/app/asu_discord/cogs/analytics.py", line 652, in on_member_update
    before_timeout = before.timed_out_until
                     ^^^^^^^^^^^^^^^^^^^^^^
AttributeError: 'Member' object has no attribute 'timed_out_until'
Ignoring exception in on_member_update
Traceback (most recent call last):
  File "/usr/local/lib/python3.12/site-packages/discord/client.py", line 465, in _run_event
    await coro(*args, **kwargs)
  File "/app/asu_discord/cogs/analytics.py", line 652, in on_member_update
    before_timeout = before.timed_out_until
                     ^^^^^^^^^^^^^^^^^^^^^^
AttributeError: 'Member' object has no attribute 'timed_out_until'
Ignoring exception in on_member_update
Traceback (most recent call last):
  File "/usr/local/lib/python3.12/site-packages/discord/client.py", line 465, in _run_event
    await coro(*args, **kwargs)
  File "/app/asu_discord/cogs/analytics.py", line 652, in on_member_update
    before_timeout = before.timed_out_until
                     ^^^^^^^^^^^^^^^^^^^^^^
AttributeError: 'Member' object has no attribute 'timed_out_until'
Ignoring exception in on_member_update
Traceback (most recent call last):
  File "/usr/local/lib/python3.12/site-packages/discord/client.py", line 465, in _run_event
    await coro(*args, **kwargs)
  File "/app/asu_discord/cogs/analytics.py", line 652, in on_member_update
    before_timeout = before.timed_out_until
                     ^^^^^^^^^^^^^^^^^^^^^^
AttributeError: 'Member' object has no attribute 'timed_out_until'
Ignoring exception in on_member_update
Traceback (most recent call last):
  File "/usr/local/lib/python3.12/site-packages/discord/client.py", line 465, in _run_event
    await coro(*args, **kwargs)
  File "/app/asu_discord/cogs/analytics.py", line 652, in on_member_update
    before_timeout = before.timed_out_until
                     ^^^^^^^^^^^^^^^^^^^^^^
AttributeError: 'Member' object has no attribute 'timed_out_until'
Ignoring exception in on_member_update
Traceback (most recent call last):
  File "/usr/local/lib/python3.12/site-packages/discord/client.py", line 465, in _run_event
    await coro(*args, **kwargs)
  File "/app/asu_discord/cogs/analytics.py", line 652, in on_member_update
    before_timeout = before.timed_out_until
                     ^^^^^^^^^^^^^^^^^^^^^^
AttributeError: 'Member' object has no attribute 'timed_out_until'
Ignoring exception in on_member_update
Traceback (most recent call last):
  File "/usr/local/lib/python3.12/site-packages/discord/client.py", line 465, in _run_event
    await coro(*args, **kwargs)
  File "/app/asu_discord/cogs/analytics.py", line 652, in on_member_update
    before_timeout = before.timed_out_until
                     ^^^^^^^^^^^^^^^^^^^^^^
AttributeError: 'Member' object has no attribute 'timed_out_until'
Ignoring exception in on_member_update
Traceback (most recent call last):
  File "/usr/local/lib/python3.12/site-packages/discord/client.py", line 465, in _run_event
    await coro(*args, **kwargs)
  File "/app/asu_discord/cogs/analytics.py", line 652, in on_member_update
    before_timeout = before.timed_out_until
                     ^^^^^^^^^^^^^^^^^^^^^^
AttributeError: 'Member' object has no attribute 'timed_out_until'
INFO:asu_discord.cogs.verification:Saved 5 roles to database for user mzhan267@asu.edu (Discord ID: 1414794849567117374)
INFO:asu_discord.cogs.verification:Refreshed Salesforce roles for Discord user 1414794849567117374: -5/+5 roles, assigned=[Commited, Graduate Student, Herberger Institute for Design and the Arts, International Student, Tempe]
ERROR:cron.jobs:refresh_salesforce_roles: failed for skarna10 (Discord ID 779486650576273439): Failed to refresh Salesforce-based roles: Discord user 779486650576273439 is not a member of the guild
ERROR:cron.jobs:refresh_salesforce_roles: failed for ysun297 (Discord ID 1239252048029945947): Failed to refresh Salesforce-based roles: Discord user 1239252048029945947 is not a member of the guild
ERROR:cron.jobs:refresh_salesforce_roles: failed for jglove32 (Discord ID 184480279035904001): Failed to refresh Salesforce-based roles: Discord user 184480279035904001 is not a member of the guild
Ignoring exception in on_member_update
Traceback (most recent call last):
  File "/usr/local/lib/python3.12/site-packages/discord/client.py", line 465, in _run_event
    await coro(*args, **kwargs)
  File "/app/asu_discord/cogs/analytics.py", line 652, in on_member_update
    before_timeout = before.timed_out_until
                     ^^^^^^^^^^^^^^^^^^^^^^
AttributeError: 'Member' object has no attribute 'timed_out_until'
Ignoring exception in on_member_update
Traceback (most recent call last):
  File "/usr/local/lib/python3.12/site-packages/discord/client.py", line 465, in _run_event
    await coro(*args, **kwargs)
  File "/app/asu_discord/cogs/analytics.py", line 652, in on_member_update
    before_timeout = before.timed_out_until
                     ^^^^^^^^^^^^^^^^^^^^^^
AttributeError: 'Member' object has no attribute 'timed_out_until'
Ignoring exception in on_member_update
Traceback (most recent call last):
  File "/usr/local/lib/python3.12/site-packages/discord/client.py", line 465, in _run_event
    await coro(*args, **kwargs)
  File "/app/asu_discord/cogs/analytics.py", line 652, in on_member_update
    before_timeout = before.timed_out_until
                     ^^^^^^^^^^^^^^^^^^^^^^
AttributeError: 'Member' object has no attribute 'timed_out_until'
Ignoring exception in on_member_update
Traceback (most recent call last):
  File "/usr/local/lib/python3.12/site-packages/discord/client.py", line 465, in _run_event
    await coro(*args, **kwargs)
  File "/app/asu_discord/cogs/analytics.py", line 652, in on_member_update
    before_timeout = before.timed_out_until
                     ^^^^^^^^^^^^^^^^^^^^^^
AttributeError: 'Member' object has no attribute 'timed_out_until'
Ignoring exception in on_member_update
Traceback (most recent call last):
  File "/usr/local/lib/python3.12/site-packages/discord/client.py", line 465, in _run_event
    await coro(*args, **kwargs)
  File "/app/asu_discord/cogs/analytics.py", line 652, in on_member_update
    before_timeout = before.timed_out_until
                     ^^^^^^^^^^^^^^^^^^^^^^
AttributeError: 'Member' object has no attribute 'timed_out_until'
Ignoring exception in on_member_update
Traceback (most recent call last):
  File "/usr/local/lib/python3.12/site-packages/discord/client.py", line 465, in _run_event
    await coro(*args, **kwargs)
  File "/app/asu_discord/cogs/analytics.py", line 652, in on_member_update
    before_timeout = before.timed_out_until
                     ^^^^^^^^^^^^^^^^^^^^^^
AttributeError: 'Member' object has no attribute 'timed_out_until'
Ignoring exception in on_member_update
Traceback (most recent call last):
  File "/usr/local/lib/python3.12/site-packages/discord/client.py", line 465, in _run_event
    await coro(*args, **kwargs)
  File "/app/asu_discord/cogs/analytics.py", line 652, in on_member_update
    before_timeout = before.timed_out_until
                     ^^^^^^^^^^^^^^^^^^^^^^
AttributeError: 'Member' object has no attribute 'timed_out_until'
Ignoring exception in on_member_update
Traceback (most recent call last):
  File "/usr/local/lib/python3.12/site-packages/discord/client.py", line 465, in _run_event
    await coro(*args, **kwargs)
  File "/app/asu_discord/cogs/analytics.py", line 652, in on_member_update
    before_timeout = before.timed_out_until
                     ^^^^^^^^^^^^^^^^^^^^^^
AttributeError: 'Member' object has no attribute 'timed_out_until'
INFO:asu_discord.cogs.verification:Saved 4 roles to database for user jpmoor24@asu.edu (Discord ID: 1440034513089724548)
INFO:asu_discord.cogs.verification:Refreshed Salesforce roles for Discord user 1440034513089724548: -4/+4 roles, assigned=[First Year, Out of State, Tempe, W.P. Carey School of Business]
ERROR:cron.jobs:refresh_salesforce_roles: failed for jggrave2 (Discord ID 120987421809573888): Failed to refresh Salesforce-based roles: Discord user 120987421809573888 is not a member of the guild
Ignoring exception in on_member_update
Traceback (most recent call last):
  File "/usr/local/lib/python3.12/site-packages/discord/client.py", line 465, in _run_event
    await coro(*args, **kwargs)
  File "/app/asu_discord/cogs/analytics.py", line 652, in on_member_update
    before_timeout = before.timed_out_until
                     ^^^^^^^^^^^^^^^^^^^^^^
AttributeError: 'Member' object has no attribute 'timed_out_until'
Ignoring exception in on_member_update
Traceback (most recent call last):
  File "/usr/local/lib/python3.12/site-packages/discord/client.py", line 465, in _run_event
    await coro(*args, **kwargs)
  File "/app/asu_discord/cogs/analytics.py", line 652, in on_member_update
    before_timeout = before.timed_out_until
                     ^^^^^^^^^^^^^^^^^^^^^^
AttributeError: 'Member' object has no attribute 'timed_out_until'
Ignoring exception in on_member_update
Traceback (most recent call last):
  File "/usr/local/lib/python3.12/site-packages/discord/client.py", line 465, in _run_event
    await coro(*args, **kwargs)
  File "/app/asu_discord/cogs/analytics.py", line 652, in on_member_update
    before_timeout = before.timed_out_until
                     ^^^^^^^^^^^^^^^^^^^^^^
AttributeError: 'Member' object has no attribute 'timed_out_until'
Ignoring exception in on_member_update
Traceback (most recent call last):
  File "/usr/local/lib/python3.12/site-packages/discord/client.py", line 465, in _run_event
    await coro(*args, **kwargs)
  File "/app/asu_discord/cogs/analytics.py", line 652, in on_member_update
    before_timeout = before.timed_out_until
                     ^^^^^^^^^^^^^^^^^^^^^^
AttributeError: 'Member' object has no attribute 'timed_out_until'
Ignoring exception in on_member_update
Traceback (most recent call last):
  File "/usr/local/lib/python3.12/site-packages/discord/client.py", line 465, in _run_event
    await coro(*args, **kwargs)
  File "/app/asu_discord/cogs/analytics.py", line 652, in on_member_update
    before_timeout = before.timed_out_until
                     ^^^^^^^^^^^^^^^^^^^^^^
AttributeError: 'Member' object has no attribute 'timed_out_until'
Ignoring exception in on_member_update
Traceback (most recent call last):
  File "/usr/local/lib/python3.12/site-packages/discord/client.py", line 465, in _run_event
    await coro(*args, **kwargs)
  File "/app/asu_discord/cogs/analytics.py", line 652, in on_member_update
    before_timeout = before.timed_out_until
                     ^^^^^^^^^^^^^^^^^^^^^^
AttributeError: 'Member' object has no attribute 'timed_out_until'
Ignoring exception in on_member_update
Traceback (most recent call last):
  File "/usr/local/lib/python3.12/site-packages/discord/client.py", line 465, in _run_event
    await coro(*args, **kwargs)
  File "/app/asu_discord/cogs/analytics.py", line 652, in on_member_update
    before_timeout = before.timed_out_until
                     ^^^^^^^^^^^^^^^^^^^^^^
AttributeError: 'Member' object has no attribute 'timed_out_until'
Ignoring exception in on_member_update
Traceback (most recent call last):
  File "/usr/local/lib/python3.12/site-packages/discord/client.py", line 465, in _run_event
    await coro(*args, **kwargs)
  File "/app/asu_discord/cogs/analytics.py", line 652, in on_member_update
    before_timeout = before.timed_out_until
                     ^^^^^^^^^^^^^^^^^^^^^^
AttributeError: 'Member' object has no attribute 'timed_out_until'
Ignoring exception in on_member_update
Traceback (most recent call last):
  File "/usr/local/lib/python3.12/site-packages/discord/client.py", line 465, in _run_event
    await coro(*args, **kwargs)
  File "/app/asu_discord/cogs/analytics.py", line 652, in on_member_update
    before_timeout = before.timed_out_until
                     ^^^^^^^^^^^^^^^^^^^^^^
AttributeError: 'Member' object has no attribute 'timed_out_until'
Ignoring exception in on_member_update
Traceback (most recent call last):
  File "/usr/local/lib/python3.12/site-packages/discord/client.py", line 465, in _run_event
    await coro(*args, **kwargs)
  File "/app/asu_discord/cogs/analytics.py", line 652, in on_member_update
    before_timeout = before.timed_out_until
                     ^^^^^^^^^^^^^^^^^^^^^^
AttributeError: 'Member' object has no attribute 'timed_out_until'
INFO:asu_discord.cogs.verification:Saved 6 roles to database for user jrafol@asu.edu (Discord ID: 318083932795174915)
INFO:asu_discord.cogs.verification:Refreshed Salesforce roles for Discord user 318083932795174915: -4/+6 roles, assigned=[Arizona Resident, Commited, Ira A. Fulton Schools of Engineering, Tempe, Transfer Student, Upperclassmen]
ERROR:cron.jobs:refresh_salesforce_roles: failed for btparamo (Discord ID 943284519421755413): Failed to refresh Salesforce-based roles: Discord user 943284519421755413 is not a member of the guild
Ignoring exception in on_member_update
Traceback (most recent call last):
  File "/usr/local/lib/python3.12/site-packages/discord/client.py", line 465, in _run_event
    await coro(*args, **kwargs)
  File "/app/asu_discord/cogs/analytics.py", line 652, in on_member_update
    before_timeout = before.timed_out_until
                     ^^^^^^^^^^^^^^^^^^^^^^
AttributeError: 'Member' object has no attribute 'timed_out_until'
Ignoring exception in on_member_update
Traceback (most recent call last):
  File "/usr/local/lib/python3.12/site-packages/discord/client.py", line 465, in _run_event
    await coro(*args, **kwargs)
  File "/app/asu_discord/cogs/analytics.py", line 652, in on_member_update
    before_timeout = before.timed_out_until
                     ^^^^^^^^^^^^^^^^^^^^^^
AttributeError: 'Member' object has no attribute 'timed_out_until'
Ignoring exception in on_member_update
Traceback (most recent call last):
  File "/usr/local/lib/python3.12/site-packages/discord/client.py", line 465, in _run_event
    await coro(*args, **kwargs)
  File "/app/asu_discord/cogs/analytics.py", line 652, in on_member_update
    before_timeout = before.timed_out_until
                     ^^^^^^^^^^^^^^^^^^^^^^
AttributeError: 'Member' object has no attribute 'timed_out_until'
Ignoring exception in on_member_update
Traceback (most recent call last):
  File "/usr/local/lib/python3.12/site-packages/discord/client.py", line 465, in _run_event
    await coro(*args, **kwargs)
  File "/app/asu_discord/cogs/analytics.py", line 652, in on_member_update
    before_timeout = before.timed_out_until
                     ^^^^^^^^^^^^^^^^^^^^^^
AttributeError: 'Member' object has no attribute 'timed_out_until'
Ignoring exception in on_member_update
Traceback (most recent call last):
  File "/usr/local/lib/python3.12/site-packages/discord/client.py", line 465, in _run_event
    await coro(*args, **kwargs)
  File "/app/asu_discord/cogs/analytics.py", line 652, in on_member_update
    before_timeout = before.timed_out_until
                     ^^^^^^^^^^^^^^^^^^^^^^
AttributeError: 'Member' object has no attribute 'timed_out_until'
Ignoring exception in on_member_update
Traceback (most recent call last):
  File "/usr/local/lib/python3.12/site-packages/discord/client.py", line 465, in _run_event
    await coro(*args, **kwargs)
  File "/app/asu_discord/cogs/analytics.py", line 652, in on_member_update
    before_timeout = before.timed_out_until
                     ^^^^^^^^^^^^^^^^^^^^^^
AttributeError: 'Member' object has no attribute 'timed_out_until'
Ignoring exception in on_member_update
Traceback (most recent call last):
  File "/usr/local/lib/python3.12/site-packages/discord/client.py", line 465, in _run_event
    await coro(*args, **kwargs)
  File "/app/asu_discord/cogs/analytics.py", line 652, in on_member_update
    before_timeout = before.timed_out_until
                     ^^^^^^^^^^^^^^^^^^^^^^
AttributeError: 'Member' object has no attribute 'timed_out_until'
Ignoring exception in on_member_update
Traceback (most recent call last):
  File "/usr/local/lib/python3.12/site-packages/discord/client.py", line 465, in _run_event
    await coro(*args, **kwargs)
  File "/app/asu_discord/cogs/analytics.py", line 652, in on_member_update
    before_timeout = before.timed_out_until
                     ^^^^^^^^^^^^^^^^^^^^^^
AttributeError: 'Member' object has no attribute 'timed_out_until'
Ignoring exception in on_member_update
Traceback (most recent call last):
  File "/usr/local/lib/python3.12/site-packages/discord/client.py", line 465, in _run_event
    await coro(*args, **kwargs)
  File "/app/asu_discord/cogs/analytics.py", line 652, in on_member_update
    before_timeout = before.timed_out_until
                     ^^^^^^^^^^^^^^^^^^^^^^
AttributeError: 'Member' object has no attribute 'timed_out_until'
INFO:asu_discord.cogs.verification:Saved 5 roles to database for user dquinon9@asu.edu (Discord ID: 876326163365130320)
INFO:asu_discord.cogs.verification:Refreshed Salesforce roles for Discord user 876326163365130320: -5/+4 roles, assigned=[Arizona Resident, Commited, First Year, Ira A. Fulton Schools of Engineering, Tempe]
ERROR:cron.jobs:refresh_salesforce_roles: failed for dchendr1 (Discord ID 1440033838964150313): Failed to refresh Salesforce-based roles: Discord user 1440033838964150313 is not a member of the guild
Ignoring exception in on_member_update
Traceback (most recent call last):
  File "/usr/local/lib/python3.12/site-packages/discord/client.py", line 465, in _run_event
    await coro(*args, **kwargs)
  File "/app/asu_discord/cogs/analytics.py", line 652, in on_member_update
    before_timeout = before.timed_out_until
                     ^^^^^^^^^^^^^^^^^^^^^^
AttributeError: 'Member' object has no attribute 'timed_out_until'
Ignoring exception in on_member_update
Traceback (most recent call last):
  File "/usr/local/lib/python3.12/site-packages/discord/client.py", line 465, in _run_event
    await coro(*args, **kwargs)
  File "/app/asu_discord/cogs/analytics.py", line 652, in on_member_update
    before_timeout = before.timed_out_until
                     ^^^^^^^^^^^^^^^^^^^^^^
AttributeError: 'Member' object has no attribute 'timed_out_until'
Ignoring exception in on_member_update
Traceback (most recent call last):
  File "/usr/local/lib/python3.12/site-packages/discord/client.py", line 465, in _run_event
    await coro(*args, **kwargs)
  File "/app/asu_discord/cogs/analytics.py", line 652, in on_member_update
    before_timeout = before.timed_out_until
                     ^^^^^^^^^^^^^^^^^^^^^^
AttributeError: 'Member' object has no attribute 'timed_out_until'
Ignoring exception in on_member_update
Traceback (most recent call last):
  File "/usr/local/lib/python3.12/site-packages/discord/client.py", line 465, in _run_event
    await coro(*args, **kwargs)
  File "/app/asu_discord/cogs/analytics.py", line 652, in on_member_update
    before_timeout = before.timed_out_until
                     ^^^^^^^^^^^^^^^^^^^^^^
AttributeError: 'Member' object has no attribute 'timed_out_until'
Ignoring exception in on_member_update
Traceback (most recent call last):
  File "/usr/local/lib/python3.12/site-packages/discord/client.py", line 465, in _run_event
    await coro(*args, **kwargs)
  File "/app/asu_discord/cogs/analytics.py", line 652, in on_member_update
    before_timeout = before.timed_out_until
                     ^^^^^^^^^^^^^^^^^^^^^^
AttributeError: 'Member' object has no attribute 'timed_out_until'
Ignoring exception in on_member_update
Traceback (most recent call last):
  File "/usr/local/lib/python3.12/site-packages/discord/client.py", line 465, in _run_event
    await coro(*args, **kwargs)
  File "/app/asu_discord/cogs/analytics.py", line 652, in on_member_update
    before_timeout = before.timed_out_until
                     ^^^^^^^^^^^^^^^^^^^^^^
AttributeError: 'Member' object has no attribute 'timed_out_until'
Ignoring exception in on_member_update
Traceback (most recent call last):
  File "/usr/local/lib/python3.12/site-packages/discord/client.py", line 465, in _run_event
    await coro(*args, **kwargs)
  File "/app/asu_discord/cogs/analytics.py", line 652, in on_member_update
    before_timeout = before.timed_out_until
                     ^^^^^^^^^^^^^^^^^^^^^^
AttributeError: 'Member' object has no attribute 'timed_out_until'
Ignoring exception in on_member_update
Traceback (most recent call last):
  File "/usr/local/lib/python3.12/site-packages/discord/client.py", line 465, in _run_event
    await coro(*args, **kwargs)
  File "/app/asu_discord/cogs/analytics.py", line 652, in on_member_update
    before_timeout = before.timed_out_until
                     ^^^^^^^^^^^^^^^^^^^^^^
AttributeError: 'Member' object has no attribute 'timed_out_until'
Ignoring exception in on_member_update
Traceback (most recent call last):
  File "/usr/local/lib/python3.12/site-packages/discord/client.py", line 465, in _run_event
    await coro(*args, **kwargs)
  File "/app/asu_discord/cogs/analytics.py", line 652, in on_member_update
    before_timeout = before.timed_out_until
                     ^^^^^^^^^^^^^^^^^^^^^^
AttributeError: 'Member' object has no attribute 'timed_out_until'
INFO:asu_discord.cogs.verification:Saved 5 roles to database for user miumaguz@asu.edu (Discord ID: 874423055634563073)
INFO:asu_discord.cogs.verification:Refreshed Salesforce roles for Discord user 874423055634563073: -4/+5 roles, assigned=[College of Liberal Arts and Sciences, First Year, Online, Out of State, Upperclassmen]
Ignoring exception in on_member_update
Traceback (most recent call last):
  File "/usr/local/lib/python3.12/site-packages/discord/client.py", line 465, in _run_event
    await coro(*args, **kwargs)
  File "/app/asu_discord/cogs/analytics.py", line 652, in on_member_update
    before_timeout = before.timed_out_until
                     ^^^^^^^^^^^^^^^^^^^^^^
AttributeError: 'Member' object has no attribute 'timed_out_until'
Ignoring exception in on_member_update
Traceback (most recent call last):
  File "/usr/local/lib/python3.12/site-packages/discord/client.py", line 465, in _run_event
    await coro(*args, **kwargs)
  File "/app/asu_discord/cogs/analytics.py", line 652, in on_member_update
    before_timeout = before.timed_out_until
                     ^^^^^^^^^^^^^^^^^^^^^^
AttributeError: 'Member' object has no attribute 'timed_out_until'
Ignoring exception in on_member_update
Traceback (most recent call last):
  File "/usr/local/lib/python3.12/site-packages/discord/client.py", line 465, in _run_event
    await coro(*args, **kwargs)
  File "/app/asu_discord/cogs/analytics.py", line 652, in on_member_update
    before_timeout = before.timed_out_until
                     ^^^^^^^^^^^^^^^^^^^^^^
AttributeError: 'Member' object has no attribute 'timed_out_until'
Ignoring exception in on_member_update
Traceback (most recent call last):
  File "/usr/local/lib/python3.12/site-packages/discord/client.py", line 465, in _run_event
    await coro(*args, **kwargs)
  File "/app/asu_discord/cogs/analytics.py", line 652, in on_member_update
    before_timeout = before.timed_out_until
                     ^^^^^^^^^^^^^^^^^^^^^^
AttributeError: 'Member' object has no attribute 'timed_out_until'
Ignoring exception in on_member_update
Traceback (most recent call last):
  File "/usr/local/lib/python3.12/site-packages/discord/client.py", line 465, in _run_event
    await coro(*args, **kwargs)
  File "/app/asu_discord/cogs/analytics.py", line 652, in on_member_update
    before_timeout = before.timed_out_until
                     ^^^^^^^^^^^^^^^^^^^^^^
AttributeError: 'Member' object has no attribute 'timed_out_until'
Ignoring exception in on_member_update
Traceback (most recent call last):
  File "/usr/local/lib/python3.12/site-packages/discord/client.py", line 465, in _run_event
    await coro(*args, **kwargs)
  File "/app/asu_discord/cogs/analytics.py", line 652, in on_member_update
    before_timeout = before.timed_out_until
                     ^^^^^^^^^^^^^^^^^^^^^^
AttributeError: 'Member' object has no attribute 'timed_out_until'
Ignoring exception in on_member_update
Traceback (most recent call last):
  File "/usr/local/lib/python3.12/site-packages/discord/client.py", line 465, in _run_event
    await coro(*args, **kwargs)
  File "/app/asu_discord/cogs/analytics.py", line 652, in on_member_update
    before_timeout = before.timed_out_until
                     ^^^^^^^^^^^^^^^^^^^^^^
AttributeError: 'Member' object has no attribute 'timed_out_until'
Ignoring exception in on_member_update
Traceback (most recent call last):
  File "/usr/local/lib/python3.12/site-packages/discord/client.py", line 465, in _run_event
    await coro(*args, **kwargs)
  File "/app/asu_discord/cogs/analytics.py", line 652, in on_member_update
    before_timeout = before.timed_out_until
                     ^^^^^^^^^^^^^^^^^^^^^^
AttributeError: 'Member' object has no attribute 'timed_out_until'
Ignoring exception in on_member_update
Traceback (most recent call last):
  File "/usr/local/lib/python3.12/site-packages/discord/client.py", line 465, in _run_event
    await coro(*args, **kwargs)
  File "/app/asu_discord/cogs/analytics.py", line 652, in on_member_update
    before_timeout = before.timed_out_until
                     ^^^^^^^^^^^^^^^^^^^^^^
AttributeError: 'Member' object has no attribute 'timed_out_until'
Ignoring exception in on_member_update
Traceback (most recent call last):
  File "/usr/local/lib/python3.12/site-packages/discord/client.py", line 465, in _run_event
    await coro(*args, **kwargs)
  File "/app/asu_discord/cogs/analytics.py", line 652, in on_member_update
    before_timeout = before.timed_out_until
                     ^^^^^^^^^^^^^^^^^^^^^^
AttributeError: 'Member' object has no attribute 'timed_out_until'
INFO:asu_discord.cogs.verification:Saved 5 roles to database for user omthoma1@asu.edu (Discord ID: 874024708167839824)
INFO:asu_discord.cogs.verification:Refreshed Salesforce roles for Discord user 874024708167839824: -5/+5 roles, assigned=[Arizona Resident, Commited, First Year, Ira A. Fulton Schools of Engineering, Tempe]
Ignoring exception in on_member_update
Traceback (most recent call last):
  File "/usr/local/lib/python3.12/site-packages/discord/client.py", line 465, in _run_event
    await coro(*args, **kwargs)
  File "/app/asu_discord/cogs/analytics.py", line 652, in on_member_update
    before_timeout = before.timed_out_until
                     ^^^^^^^^^^^^^^^^^^^^^^
AttributeError: 'Member' object has no attribute 'timed_out_until'
Ignoring exception in on_member_update
Traceback (most recent call last):
  File "/usr/local/lib/python3.12/site-packages/discord/client.py", line 465, in _run_event
    await coro(*args, **kwargs)
  File "/app/asu_discord/cogs/analytics.py", line 652, in on_member_update
    before_timeout = before.timed_out_until
                     ^^^^^^^^^^^^^^^^^^^^^^
AttributeError: 'Member' object has no attribute 'timed_out_until'
Ignoring exception in on_member_update
Traceback (most recent call last):
  File "/usr/local/lib/python3.12/site-packages/discord/client.py", line 465, in _run_event
    await coro(*args, **kwargs)
  File "/app/asu_discord/cogs/analytics.py", line 652, in on_member_update
    before_timeout = before.timed_out_until
                     ^^^^^^^^^^^^^^^^^^^^^^
AttributeError: 'Member' object has no attribute 'timed_out_until'
Ignoring exception in on_member_update
Traceback (most recent call last):
  File "/usr/local/lib/python3.12/site-packages/discord/client.py", line 465, in _run_event
    await coro(*args, **kwargs)
  File "/app/asu_discord/cogs/analytics.py", line 652, in on_member_update
    before_timeout = before.timed_out_until
                     ^^^^^^^^^^^^^^^^^^^^^^
AttributeError: 'Member' object has no attribute 'timed_out_until'
Ignoring exception in on_member_update
Traceback (most recent call last):
  File "/usr/local/lib/python3.12/site-packages/discord/client.py", line 465, in _run_event
    await coro(*args, **kwargs)
  File "/app/asu_discord/cogs/analytics.py", line 652, in on_member_update
    before_timeout = before.timed_out_until
                     ^^^^^^^^^^^^^^^^^^^^^^
AttributeError: 'Member' object has no attribute 'timed_out_until'
Ignoring exception in on_member_update
Traceback (most recent call last):
  File "/usr/local/lib/python3.12/site-packages/discord/client.py", line 465, in _run_event
    await coro(*args, **kwargs)
  File "/app/asu_discord/cogs/analytics.py", line 652, in on_member_update
    before_timeout = before.timed_out_until
                     ^^^^^^^^^^^^^^^^^^^^^^
AttributeError: 'Member' object has no attribute 'timed_out_until'
Ignoring exception in on_member_update
Traceback (most recent call last):
  File "/usr/local/lib/python3.12/site-packages/discord/client.py", line 465, in _run_event
    await coro(*args, **kwargs)
  File "/app/asu_discord/cogs/analytics.py", line 652, in on_member_update
    before_timeout = before.timed_out_until
                     ^^^^^^^^^^^^^^^^^^^^^^
AttributeError: 'Member' object has no attribute 'timed_out_until'
Ignoring exception in on_member_update
Traceback (most recent call last):
  File "/usr/local/lib/python3.12/site-packages/discord/client.py", line 465, in _run_event
    await coro(*args, **kwargs)
  File "/app/asu_discord/cogs/analytics.py", line 652, in on_member_update
    before_timeout = before.timed_out_until
                     ^^^^^^^^^^^^^^^^^^^^^^
AttributeError: 'Member' object has no attribute 'timed_out_until'
Ignoring exception in on_member_update
Traceback (most recent call last):
  File "/usr/local/lib/python3.12/site-packages/discord/client.py", line 465, in _run_event
    await coro(*args, **kwargs)
  File "/app/asu_discord/cogs/analytics.py", line 652, in on_member_update
    before_timeout = before.timed_out_until
                     ^^^^^^^^^^^^^^^^^^^^^^
AttributeError: 'Member' object has no attribute 'timed_out_until'
INFO:asu_discord.cogs.verification:Saved 5 roles to database for user klrami11@asu.edu (Discord ID: 1436490665130201088)
INFO:asu_discord.cogs.verification:Refreshed Salesforce roles for Discord user 1436490665130201088: -5/+4 roles, assigned=[Commited, First Year, Out of State, Tempe, W.P. Carey School of Business]
ERROR:cron.jobs:refresh_salesforce_roles: failed for eddiexia (Discord ID 560994878612439077): Failed to refresh Salesforce-based roles: Discord user 560994878612439077 is not a member of the guild
Ignoring exception in on_member_update
Traceback (most recent call last):
  File "/usr/local/lib/python3.12/site-packages/discord/client.py", line 465, in _run_event
    await coro(*args, **kwargs)
  File "/app/asu_discord/cogs/analytics.py", line 652, in on_member_update
    before_timeout = before.timed_out_until
                     ^^^^^^^^^^^^^^^^^^^^^^
AttributeError: 'Member' object has no attribute 'timed_out_until'
Ignoring exception in on_member_update
Traceback (most recent call last):
  File "/usr/local/lib/python3.12/site-packages/discord/client.py", line 465, in _run_event
    await coro(*args, **kwargs)
  File "/app/asu_discord/cogs/analytics.py", line 652, in on_member_update
    before_timeout = before.timed_out_until
                     ^^^^^^^^^^^^^^^^^^^^^^
AttributeError: 'Member' object has no attribute 'timed_out_until'
Ignoring exception in on_member_update
Traceback (most recent call last):
  File "/usr/local/lib/python3.12/site-packages/discord/client.py", line 465, in _run_event
    await coro(*args, **kwargs)
  File "/app/asu_discord/cogs/analytics.py", line 652, in on_member_update
    before_timeout = before.timed_out_until
                     ^^^^^^^^^^^^^^^^^^^^^^
AttributeError: 'Member' object has no attribute 'timed_out_until'
Ignoring exception in on_member_update
Traceback (most recent call last):
  File "/usr/local/lib/python3.12/site-packages/discord/client.py", line 465, in _run_event
    await coro(*args, **kwargs)
  File "/app/asu_discord/cogs/analytics.py", line 652, in on_member_update
    before_timeout = before.timed_out_until
                     ^^^^^^^^^^^^^^^^^^^^^^
AttributeError: 'Member' object has no attribute 'timed_out_until'
Ignoring exception in on_member_update
Traceback (most recent call last):
  File "/usr/local/lib/python3.12/site-packages/discord/client.py", line 465, in _run_event
    await coro(*args, **kwargs)
  File "/app/asu_discord/cogs/analytics.py", line 652, in on_member_update
    before_timeout = before.timed_out_until
                     ^^^^^^^^^^^^^^^^^^^^^^
AttributeError: 'Member' object has no attribute 'timed_out_until'
Ignoring exception in on_member_update
Traceback (most recent call last):
  File "/usr/local/lib/python3.12/site-packages/discord/client.py", line 465, in _run_event
    await coro(*args, **kwargs)
  File "/app/asu_discord/cogs/analytics.py", line 652, in on_member_update
    before_timeout = before.timed_out_until
                     ^^^^^^^^^^^^^^^^^^^^^^
AttributeError: 'Member' object has no attribute 'timed_out_until'
Ignoring exception in on_member_update
Traceback (most recent call last):
  File "/usr/local/lib/python3.12/site-packages/discord/client.py", line 465, in _run_event
    await coro(*args, **kwargs)
  File "/app/asu_discord/cogs/analytics.py", line 652, in on_member_update
    before_timeout = before.timed_out_until
                     ^^^^^^^^^^^^^^^^^^^^^^
AttributeError: 'Member' object has no attribute 'timed_out_until'
Ignoring exception in on_member_update
Traceback (most recent call last):
  File "/usr/local/lib/python3.12/site-packages/discord/client.py", line 465, in _run_event
    await coro(*args, **kwargs)
  File "/app/asu_discord/cogs/analytics.py", line 652, in on_member_update
    before_timeout = before.timed_out_until
                     ^^^^^^^^^^^^^^^^^^^^^^
AttributeError: 'Member' object has no attribute 'timed_out_until'
Ignoring exception in on_member_update
Traceback (most recent call last):
  File "/usr/local/lib/python3.12/site-packages/discord/client.py", line 465, in _run_event
    await coro(*args, **kwargs)
  File "/app/asu_discord/cogs/analytics.py", line 652, in on_member_update
    before_timeout = before.timed_out_until
                     ^^^^^^^^^^^^^^^^^^^^^^
AttributeError: 'Member' object has no attribute 'timed_out_until'
Ignoring exception in on_member_update
Traceback (most recent call last):
  File "/usr/local/lib/python3.12/site-packages/discord/client.py", line 465, in _run_event
    await coro(*args, **kwargs)
  File "/app/asu_discord/cogs/analytics.py", line 652, in on_member_update
    before_timeout = before.timed_out_until
                     ^^^^^^^^^^^^^^^^^^^^^^
AttributeError: 'Member' object has no attribute 'timed_out_until'
INFO:asu_discord.cogs.verification:Saved 5 roles to database for user gguthi@asu.edu (Discord ID: 1428174951109627976)
INFO:asu_discord.cogs.verification:Refreshed Salesforce roles for Discord user 1428174951109627976: -5/+5 roles, assigned=[Commited, Downtown Phoenix, First Year, Out of State, Watts College of Public Service and Community Solutions]
Ignoring exception in on_member_update
Traceback (most recent call last):
  File "/usr/local/lib/python3.12/site-packages/discord/client.py", line 465, in _run_event
    await coro(*args, **kwargs)
  File "/app/asu_discord/cogs/analytics.py", line 652, in on_member_update
    before_timeout = before.timed_out_until
                     ^^^^^^^^^^^^^^^^^^^^^^
AttributeError: 'Member' object has no attribute 'timed_out_until'
Ignoring exception in on_member_update
Traceback (most recent call last):
  File "/usr/local/lib/python3.12/site-packages/discord/client.py", line 465, in _run_event
    await coro(*args, **kwargs)
  File "/app/asu_discord/cogs/analytics.py", line 652, in on_member_update
    before_timeout = before.timed_out_until
                     ^^^^^^^^^^^^^^^^^^^^^^
AttributeError: 'Member' object has no attribute 'timed_out_until'
Ignoring exception in on_member_update
Traceback (most recent call last):
  File "/usr/local/lib/python3.12/site-packages/discord/client.py", line 465, in _run_event
    await coro(*args, **kwargs)
  File "/app/asu_discord/cogs/analytics.py", line 652, in on_member_update
    before_timeout = before.timed_out_until
                     ^^^^^^^^^^^^^^^^^^^^^^
AttributeError: 'Member' object has no attribute 'timed_out_until'
Ignoring exception in on_member_update
Traceback (most recent call last):
  File "/usr/local/lib/python3.12/site-packages/discord/client.py", line 465, in _run_event
    await coro(*args, **kwargs)
  File "/app/asu_discord/cogs/analytics.py", line 652, in on_member_update
    before_timeout = before.timed_out_until
                     ^^^^^^^^^^^^^^^^^^^^^^
AttributeError: 'Member' object has no attribute 'timed_out_until'
Ignoring exception in on_member_update
Traceback (most recent call last):
  File "/usr/local/lib/python3.12/site-packages/discord/client.py", line 465, in _run_event
    await coro(*args, **kwargs)
  File "/app/asu_discord/cogs/analytics.py", line 652, in on_member_update
    before_timeout = before.timed_out_until
                     ^^^^^^^^^^^^^^^^^^^^^^
AttributeError: 'Member' object has no attribute 'timed_out_until'
Ignoring exception in on_member_update
Traceback (most recent call last):
  File "/usr/local/lib/python3.12/site-packages/discord/client.py", line 465, in _run_event
    await coro(*args, **kwargs)
  File "/app/asu_discord/cogs/analytics.py", line 652, in on_member_update
    before_timeout = before.timed_out_until
                     ^^^^^^^^^^^^^^^^^^^^^^
AttributeError: 'Member' object has no attribute 'timed_out_until'
Ignoring exception in on_member_update
Traceback (most recent call last):
  File "/usr/local/lib/python3.12/site-packages/discord/client.py", line 465, in _run_event
    await coro(*args, **kwargs)
  File "/app/asu_discord/cogs/analytics.py", line 652, in on_member_update
    before_timeout = before.timed_out_until
                     ^^^^^^^^^^^^^^^^^^^^^^
AttributeError: 'Member' object has no attribute 'timed_out_until'
Ignoring exception in on_member_update
Traceback (most recent call last):
  File "/usr/local/lib/python3.12/site-packages/discord/client.py", line 465, in _run_event
    await coro(*args, **kwargs)
  File "/app/asu_discord/cogs/analytics.py", line 652, in on_member_update
    before_timeout = before.timed_out_until
                     ^^^^^^^^^^^^^^^^^^^^^^
AttributeError: 'Member' object has no attribute 'timed_out_until'
Ignoring exception in on_member_update
Traceback (most recent call last):
  File "/usr/local/lib/python3.12/site-packages/discord/client.py", line 465, in _run_event
    await coro(*args, **kwargs)
  File "/app/asu_discord/cogs/analytics.py", line 652, in on_member_update
    before_timeout = before.timed_out_until
                     ^^^^^^^^^^^^^^^^^^^^^^
AttributeError: 'Member' object has no attribute 'timed_out_until'
Ignoring exception in on_member_update
Traceback (most recent call last):
  File "/usr/local/lib/python3.12/site-packages/discord/client.py", line 465, in _run_event
    await coro(*args, **kwargs)
  File "/app/asu_discord/cogs/analytics.py", line 652, in on_member_update
    before_timeout = before.timed_out_until
                     ^^^^^^^^^^^^^^^^^^^^^^
AttributeError: 'Member' object has no attribute 'timed_out_until'
INFO:asu_discord.cogs.verification:Saved 5 roles to database for user aemart73@asu.edu (Discord ID: 769623071727812659)
INFO:asu_discord.cogs.verification:Refreshed Salesforce roles for Discord user 769623071727812659: -5/+5 roles, assigned=[Arizona Resident, College of Liberal Arts and Sciences, Commited, First Year, Tempe]
Ignoring exception in on_member_update
Traceback (most recent call last):
  File "/usr/local/lib/python3.12/site-packages/discord/client.py", line 465, in _run_event
    await coro(*args, **kwargs)
  File "/app/asu_discord/cogs/analytics.py", line 652, in on_member_update
    before_timeout = before.timed_out_until
                     ^^^^^^^^^^^^^^^^^^^^^^
AttributeError: 'Member' object has no attribute 'timed_out_until'
Ignoring exception in on_member_update
Traceback (most recent call last):
  File "/usr/local/lib/python3.12/site-packages/discord/client.py", line 465, in _run_event
    await coro(*args, **kwargs)
  File "/app/asu_discord/cogs/analytics.py", line 652, in on_member_update
    before_timeout = before.timed_out_until
                     ^^^^^^^^^^^^^^^^^^^^^^
AttributeError: 'Member' object has no attribute 'timed_out_until'
Ignoring exception in on_member_update
Traceback (most recent call last):
  File "/usr/local/lib/python3.12/site-packages/discord/client.py", line 465, in _run_event
    await coro(*args, **kwargs)
  File "/app/asu_discord/cogs/analytics.py", line 652, in on_member_update
    before_timeout = before.timed_out_until
                     ^^^^^^^^^^^^^^^^^^^^^^
AttributeError: 'Member' object has no attribute 'timed_out_until'
Ignoring exception in on_member_update
Traceback (most recent call last):
  File "/usr/local/lib/python3.12/site-packages/discord/client.py", line 465, in _run_event
    await coro(*args, **kwargs)
  File "/app/asu_discord/cogs/analytics.py", line 652, in on_member_update
    before_timeout = before.timed_out_until
                     ^^^^^^^^^^^^^^^^^^^^^^
AttributeError: 'Member' object has no attribute 'timed_out_until'
Ignoring exception in on_member_update
Traceback (most recent call last):
  File "/usr/local/lib/python3.12/site-packages/discord/client.py", line 465, in _run_event
    await coro(*args, **kwargs)
  File "/app/asu_discord/cogs/analytics.py", line 652, in on_member_update
    before_timeout = before.timed_out_until
                     ^^^^^^^^^^^^^^^^^^^^^^
AttributeError: 'Member' object has no attribute 'timed_out_until'
Ignoring exception in on_member_update
Traceback (most recent call last):
  File "/usr/local/lib/python3.12/site-packages/discord/client.py", line 465, in _run_event
    await coro(*args, **kwargs)
  File "/app/asu_discord/cogs/analytics.py", line 652, in on_member_update
    before_timeout = before.timed_out_until
                     ^^^^^^^^^^^^^^^^^^^^^^
AttributeError: 'Member' object has no attribute 'timed_out_until'
Ignoring exception in on_member_update
Traceback (most recent call last):
  File "/usr/local/lib/python3.12/site-packages/discord/client.py", line 465, in _run_event
    await coro(*args, **kwargs)
  File "/app/asu_discord/cogs/analytics.py", line 652, in on_member_update
    before_timeout = before.timed_out_until
                     ^^^^^^^^^^^^^^^^^^^^^^
AttributeError: 'Member' object has no attribute 'timed_out_until'
Ignoring exception in on_member_update
Traceback (most recent call last):
  File "/usr/local/lib/python3.12/site-packages/discord/client.py", line 465, in _run_event
    await coro(*args, **kwargs)
  File "/app/asu_discord/cogs/analytics.py", line 652, in on_member_update
    before_timeout = before.timed_out_until
                     ^^^^^^^^^^^^^^^^^^^^^^
AttributeError: 'Member' object has no attribute 'timed_out_until'
INFO:asu_discord.cogs.verification:Saved 5 roles to database for user btmathis@asu.edu (Discord ID: 179070254394245120)
INFO:asu_discord.cogs.verification:Refreshed Salesforce roles for Discord user 179070254394245120: -4/+4 roles, assigned=[Ira A. Fulton Schools of Engineering, Online, Out of State, Transfer Student, Upperclassmen]
Ignoring exception in on_member_update
Traceback (most recent call last):
  File "/usr/local/lib/python3.12/site-packages/discord/client.py", line 465, in _run_event
    await coro(*args, **kwargs)
  File "/app/asu_discord/cogs/analytics.py", line 652, in on_member_update
    before_timeout = before.timed_out_until
                     ^^^^^^^^^^^^^^^^^^^^^^
AttributeError: 'Member' object has no attribute 'timed_out_until'
Ignoring exception in on_member_update
Traceback (most recent call last):
  File "/usr/local/lib/python3.12/site-packages/discord/client.py", line 465, in _run_event
    await coro(*args, **kwargs)
  File "/app/asu_discord/cogs/analytics.py", line 652, in on_member_update
    before_timeout = before.timed_out_until
                     ^^^^^^^^^^^^^^^^^^^^^^
AttributeError: 'Member' object has no attribute 'timed_out_until'
INFO:asu_discord.cogs.verification:Saved 1 roles to database for user kdavi221@asu.edu (Discord ID: 1440036878278594702)
INFO:asu_discord.cogs.verification:Refreshed Salesforce roles for Discord user 1440036878278594702: -1/+1 roles, assigned=[Out of State]
Ignoring exception in on_member_update
Traceback (most recent call last):
  File "/usr/local/lib/python3.12/site-packages/discord/client.py", line 465, in _run_event
    await coro(*args, **kwargs)
  File "/app/asu_discord/cogs/analytics.py", line 652, in on_member_update
    before_timeout = before.timed_out_until
                     ^^^^^^^^^^^^^^^^^^^^^^
AttributeError: 'Member' object has no attribute 'timed_out_until'
Ignoring exception in on_member_update
Traceback (most recent call last):
  File "/usr/local/lib/python3.12/site-packages/discord/client.py", line 465, in _run_event
    await coro(*args, **kwargs)
  File "/app/asu_discord/cogs/analytics.py", line 652, in on_member_update
    before_timeout = before.timed_out_until
                     ^^^^^^^^^^^^^^^^^^^^^^
AttributeError: 'Member' object has no attribute 'timed_out_until'
Ignoring exception in on_member_update
Traceback (most recent call last):
  File "/usr/local/lib/python3.12/site-packages/discord/client.py", line 465, in _run_event
    await coro(*args, **kwargs)
  File "/app/asu_discord/cogs/analytics.py", line 652, in on_member_update
    before_timeout = before.timed_out_until
                     ^^^^^^^^^^^^^^^^^^^^^^
AttributeError: 'Member' object has no attribute 'timed_out_until'
Ignoring exception in on_member_update
Traceback (most recent call last):
  File "/usr/local/lib/python3.12/site-packages/discord/client.py", line 465, in _run_event
    await coro(*args, **kwargs)
  File "/app/asu_discord/cogs/analytics.py", line 652, in on_member_update
    before_timeout = before.timed_out_until
                     ^^^^^^^^^^^^^^^^^^^^^^
AttributeError: 'Member' object has no attribute 'timed_out_until'
Ignoring exception in on_member_update
Traceback (most recent call last):
  File "/usr/local/lib/python3.12/site-packages/discord/client.py", line 465, in _run_event
    await coro(*args, **kwargs)
  File "/app/asu_discord/cogs/analytics.py", line 652, in on_member_update
    before_timeout = before.timed_out_until
                     ^^^^^^^^^^^^^^^^^^^^^^
AttributeError: 'Member' object has no attribute 'timed_out_until'
Ignoring exception in on_member_update
Traceback (most recent call last):
  File "/usr/local/lib/python3.12/site-packages/discord/client.py", line 465, in _run_event
    await coro(*args, **kwargs)
  File "/app/asu_discord/cogs/analytics.py", line 652, in on_member_update
    before_timeout = before.timed_out_until
                     ^^^^^^^^^^^^^^^^^^^^^^
AttributeError: 'Member' object has no attribute 'timed_out_until'
Ignoring exception in on_member_update
Traceback (most recent call last):
  File "/usr/local/lib/python3.12/site-packages/discord/client.py", line 465, in _run_event
    await coro(*args, **kwargs)
  File "/app/asu_discord/cogs/analytics.py", line 652, in on_member_update
    before_timeout = before.timed_out_until
                     ^^^^^^^^^^^^^^^^^^^^^^
AttributeError: 'Member' object has no attribute 'timed_out_until'
Ignoring exception in on_member_update
Traceback (most recent call last):
  File "/usr/local/lib/python3.12/site-packages/discord/client.py", line 465, in _run_event
    await coro(*args, **kwargs)
  File "/app/asu_discord/cogs/analytics.py", line 652, in on_member_update
    before_timeout = before.timed_out_until
                     ^^^^^^^^^^^^^^^^^^^^^^
AttributeError: 'Member' object has no attribute 'timed_out_until'
Ignoring exception in on_member_update
Traceback (most recent call last):
  File "/usr/local/lib/python3.12/site-packages/discord/client.py", line 465, in _run_event
    await coro(*args, **kwargs)
  File "/app/asu_discord/cogs/analytics.py", line 652, in on_member_update
    before_timeout = before.timed_out_until
                     ^^^^^^^^^^^^^^^^^^^^^^
AttributeError: 'Member' object has no attribute 'timed_out_until'
Ignoring exception in on_member_update
Traceback (most recent call last):
  File "/usr/local/lib/python3.12/site-packages/discord/client.py", line 465, in _run_event
    await coro(*args, **kwargs)
  File "/app/asu_discord/cogs/analytics.py", line 652, in on_member_update
    before_timeout = before.timed_out_until
                     ^^^^^^^^^^^^^^^^^^^^^^
AttributeError: 'Member' object has no attribute 'timed_out_until'
INFO:asu_discord.cogs.verification:Saved 5 roles to database for user nvyas12@asu.edu (Discord ID: 835841029676072960)
INFO:asu_discord.cogs.verification:Refreshed Salesforce roles for Discord user 835841029676072960: -5/+5 roles, assigned=[Arizona Resident, Commited, First Year, Ira A. Fulton Schools of Engineering, Tempe]
Ignoring exception in on_member_update
Traceback (most recent call last):
  File "/usr/local/lib/python3.12/site-packages/discord/client.py", line 465, in _run_event
    await coro(*args, **kwargs)
  File "/app/asu_discord/cogs/analytics.py", line 652, in on_member_update
    before_timeout = before.timed_out_until
                     ^^^^^^^^^^^^^^^^^^^^^^
AttributeError: 'Member' object has no attribute 'timed_out_until'
Ignoring exception in on_member_update
Traceback (most recent call last):
  File "/usr/local/lib/python3.12/site-packages/discord/client.py", line 465, in _run_event
    await coro(*args, **kwargs)
  File "/app/asu_discord/cogs/analytics.py", line 652, in on_member_update
    before_timeout = before.timed_out_until
                     ^^^^^^^^^^^^^^^^^^^^^^
AttributeError: 'Member' object has no attribute 'timed_out_until'
Ignoring exception in on_member_update
Traceback (most recent call last):
  File "/usr/local/lib/python3.12/site-packages/discord/client.py", line 465, in _run_event
    await coro(*args, **kwargs)
  File "/app/asu_discord/cogs/analytics.py", line 652, in on_member_update
    before_timeout = before.timed_out_until
                     ^^^^^^^^^^^^^^^^^^^^^^
AttributeError: 'Member' object has no attribute 'timed_out_until'
Ignoring exception in on_member_update
Traceback (most recent call last):
  File "/usr/local/lib/python3.12/site-packages/discord/client.py", line 465, in _run_event
    await coro(*args, **kwargs)
  File "/app/asu_discord/cogs/analytics.py", line 652, in on_member_update
    before_timeout = before.timed_out_until
                     ^^^^^^^^^^^^^^^^^^^^^^
AttributeError: 'Member' object has no attribute 'timed_out_until'
Ignoring exception in on_member_update
Traceback (most recent call last):
  File "/usr/local/lib/python3.12/site-packages/discord/client.py", line 465, in _run_event
    await coro(*args, **kwargs)
  File "/app/asu_discord/cogs/analytics.py", line 652, in on_member_update
    before_timeout = before.timed_out_until
                     ^^^^^^^^^^^^^^^^^^^^^^
AttributeError: 'Member' object has no attribute 'timed_out_until'
Ignoring exception in on_member_update
Traceback (most recent call last):
  File "/usr/local/lib/python3.12/site-packages/discord/client.py", line 465, in _run_event
    await coro(*args, **kwargs)
  File "/app/asu_discord/cogs/analytics.py", line 652, in on_member_update
    before_timeout = before.timed_out_until
                     ^^^^^^^^^^^^^^^^^^^^^^
AttributeError: 'Member' object has no attribute 'timed_out_until'
Ignoring exception in on_member_update
Traceback (most recent call last):
  File "/usr/local/lib/python3.12/site-packages/discord/client.py", line 465, in _run_event
    await coro(*args, **kwargs)
  File "/app/asu_discord/cogs/analytics.py", line 652, in on_member_update
    before_timeout = before.timed_out_until
                     ^^^^^^^^^^^^^^^^^^^^^^
AttributeError: 'Member' object has no attribute 'timed_out_until'
Ignoring exception in on_member_update
Traceback (most recent call last):
  File "/usr/local/lib/python3.12/site-packages/discord/client.py", line 465, in _run_event
    await coro(*args, **kwargs)
  File "/app/asu_discord/cogs/analytics.py", line 652, in on_member_update
    before_timeout = before.timed_out_until
                     ^^^^^^^^^^^^^^^^^^^^^^
AttributeError: 'Member' object has no attribute 'timed_out_until'
Ignoring exception in on_member_update
Traceback (most recent call last):
  File "/usr/local/lib/python3.12/site-packages/discord/client.py", line 465, in _run_event
    await coro(*args, **kwargs)
  File "/app/asu_discord/cogs/analytics.py", line 652, in on_member_update
    before_timeout = before.timed_out_until
                     ^^^^^^^^^^^^^^^^^^^^^^
AttributeError: 'Member' object has no attribute 'timed_out_until'
Ignoring exception in on_member_update
Traceback (most recent call last):
  File "/usr/local/lib/python3.12/site-packages/discord/client.py", line 465, in _run_event
    await coro(*args, **kwargs)
  File "/app/asu_discord/cogs/analytics.py", line 652, in on_member_update
    before_timeout = before.timed_out_until
                     ^^^^^^^^^^^^^^^^^^^^^^
AttributeError: 'Member' object has no attribute 'timed_out_until'
Ignoring exception in on_member_update
Traceback (most recent call last):
  File "/usr/local/lib/python3.12/site-packages/discord/client.py", line 465, in _run_event
    await coro(*args, **kwargs)
  File "/app/asu_discord/cogs/analytics.py", line 652, in on_member_update
    before_timeout = before.timed_out_until
                     ^^^^^^^^^^^^^^^^^^^^^^
AttributeError: 'Member' object has no attribute 'timed_out_until'
Ignoring exception in on_member_update
Traceback (most recent call last):
  File "/usr/local/lib/python3.12/site-packages/discord/client.py", line 465, in _run_event
    await coro(*args, **kwargs)
  File "/app/asu_discord/cogs/analytics.py", line 652, in on_member_update
    before_timeout = before.timed_out_until
                     ^^^^^^^^^^^^^^^^^^^^^^
AttributeError: 'Member' object has no attribute 'timed_out_until'
INFO:asu_discord.cogs.verification:Saved 6 roles to database for user ballen77@asu.edu (Discord ID: 729121830463340607)
INFO:asu_discord.cogs.verification:Refreshed Salesforce roles for Discord user 729121830463340607: -6/+6 roles, assigned=[Arizona Resident, Commited, First Generation Student, First Year, Herberger Institute for Design and the Arts, Tempe]
Ignoring exception in on_member_update
Traceback (most recent call last):
  File "/usr/local/lib/python3.12/site-packages/discord/client.py", line 465, in _run_event
    await coro(*args, **kwargs)
  File "/app/asu_discord/cogs/analytics.py", line 652, in on_member_update
    before_timeout = before.timed_out_until
                     ^^^^^^^^^^^^^^^^^^^^^^
AttributeError: 'Member' object has no attribute 'timed_out_until'
Ignoring exception in on_member_update
Traceback (most recent call last):
  File "/usr/local/lib/python3.12/site-packages/discord/client.py", line 465, in _run_event
    await coro(*args, **kwargs)
  File "/app/asu_discord/cogs/analytics.py", line 652, in on_member_update
    before_timeout = before.timed_out_until
                     ^^^^^^^^^^^^^^^^^^^^^^
AttributeError: 'Member' object has no attribute 'timed_out_until'
Ignoring exception in on_member_update
Traceback (most recent call last):
  File "/usr/local/lib/python3.12/site-packages/discord/client.py", line 465, in _run_event
    await coro(*args, **kwargs)
  File "/app/asu_discord/cogs/analytics.py", line 652, in on_member_update
    before_timeout = before.timed_out_until
                     ^^^^^^^^^^^^^^^^^^^^^^
AttributeError: 'Member' object has no attribute 'timed_out_until'
Ignoring exception in on_member_update
Traceback (most recent call last):
  File "/usr/local/lib/python3.12/site-packages/discord/client.py", line 465, in _run_event
    await coro(*args, **kwargs)
  File "/app/asu_discord/cogs/analytics.py", line 652, in on_member_update
    before_timeout = before.timed_out_until
                     ^^^^^^^^^^^^^^^^^^^^^^
AttributeError: 'Member' object has no attribute 'timed_out_until'
Ignoring exception in on_member_update
Traceback (most recent call last):
  File "/usr/local/lib/python3.12/site-packages/discord/client.py", line 465, in _run_event
    await coro(*args, **kwargs)
  File "/app/asu_discord/cogs/analytics.py", line 652, in on_member_update
    before_timeout = before.timed_out_until
                     ^^^^^^^^^^^^^^^^^^^^^^
AttributeError: 'Member' object has no attribute 'timed_out_until'
Ignoring exception in on_member_update
Traceback (most recent call last):
  File "/usr/local/lib/python3.12/site-packages/discord/client.py", line 465, in _run_event
    await coro(*args, **kwargs)
  File "/app/asu_discord/cogs/analytics.py", line 652, in on_member_update
    before_timeout = before.timed_out_until
                     ^^^^^^^^^^^^^^^^^^^^^^
AttributeError: 'Member' object has no attribute 'timed_out_until'
Ignoring exception in on_member_update
Traceback (most recent call last):
  File "/usr/local/lib/python3.12/site-packages/discord/client.py", line 465, in _run_event
    await coro(*args, **kwargs)
  File "/app/asu_discord/cogs/analytics.py", line 652, in on_member_update
    before_timeout = before.timed_out_until
                     ^^^^^^^^^^^^^^^^^^^^^^
AttributeError: 'Member' object has no attribute 'timed_out_until'
Ignoring exception in on_member_update
Traceback (most recent call last):
  File "/usr/local/lib/python3.12/site-packages/discord/client.py", line 465, in _run_event
    await coro(*args, **kwargs)
  File "/app/asu_discord/cogs/analytics.py", line 652, in on_member_update
    before_timeout = before.timed_out_until
                     ^^^^^^^^^^^^^^^^^^^^^^
AttributeError: 'Member' object has no attribute 'timed_out_until'
Ignoring exception in on_member_update
Traceback (most recent call last):
  File "/usr/local/lib/python3.12/site-packages/discord/client.py", line 465, in _run_event
    await coro(*args, **kwargs)
  File "/app/asu_discord/cogs/analytics.py", line 652, in on_member_update
    before_timeout = before.timed_out_until
                     ^^^^^^^^^^^^^^^^^^^^^^
AttributeError: 'Member' object has no attribute 'timed_out_until'
Ignoring exception in on_member_update
Traceback (most recent call last):
  File "/usr/local/lib/python3.12/site-packages/discord/client.py", line 465, in _run_event
    await coro(*args, **kwargs)
  File "/app/asu_discord/cogs/analytics.py", line 652, in on_member_update
    before_timeout = before.timed_out_until
                     ^^^^^^^^^^^^^^^^^^^^^^
AttributeError: 'Member' object has no attribute 'timed_out_until'
Ignoring exception in on_member_update
Traceback (most recent call last):
  File "/usr/local/lib/python3.12/site-packages/discord/client.py", line 465, in _run_event
    await coro(*args, **kwargs)
  File "/app/asu_discord/cogs/analytics.py", line 652, in on_member_update
    before_timeout = before.timed_out_until
                     ^^^^^^^^^^^^^^^^^^^^^^
AttributeError: 'Member' object has no attribute 'timed_out_until'
ERROR:cron.jobs:refresh_salesforce_roles: failed for nsmiler (Discord ID 1209533662899736587): Timed out refresh Salesforce-based roles
ERROR:cron.jobs:refresh_salesforce_roles: failed for sherrysh (Discord ID 776222004516093962): Failed to refresh Salesforce-based roles: Discord user 776222004516093962 is not a member of the guild
ERROR:cron.jobs:refresh_salesforce_roles: failed for dfulto12 (Discord ID 1407913124639670283): Failed to refresh Salesforce-based roles: Discord user 1407913124639670283 is not a member of the guild
ERROR:cron.jobs:refresh_salesforce_roles: failed for dmendezg (Discord ID 507693391279030286): Failed to refresh Salesforce-based roles: Discord user 507693391279030286 is not a member of the guild
Ignoring exception in on_member_update
Traceback (most recent call last):
  File "/usr/local/lib/python3.12/site-packages/discord/client.py", line 465, in _run_event
    await coro(*args, **kwargs)
  File "/app/asu_discord/cogs/analytics.py", line 652, in on_member_update
    before_timeout = before.timed_out_until
                     ^^^^^^^^^^^^^^^^^^^^^^
AttributeError: 'Member' object has no attribute 'timed_out_until'
Ignoring exception in on_member_update
Traceback (most recent call last):
  File "/usr/local/lib/python3.12/site-packages/discord/client.py", line 465, in _run_event
    await coro(*args, **kwargs)
  File "/app/asu_discord/cogs/analytics.py", line 652, in on_member_update
    before_timeout = before.timed_out_until
                     ^^^^^^^^^^^^^^^^^^^^^^
AttributeError: 'Member' object has no attribute 'timed_out_until'
Ignoring exception in on_member_update
Traceback (most recent call last):
  File "/usr/local/lib/python3.12/site-packages/discord/client.py", line 465, in _run_event
    await coro(*args, **kwargs)
  File "/app/asu_discord/cogs/analytics.py", line 652, in on_member_update
    before_timeout = before.timed_out_until
                     ^^^^^^^^^^^^^^^^^^^^^^
AttributeError: 'Member' object has no attribute 'timed_out_until'
Ignoring exception in on_member_update
Traceback (most recent call last):
  File "/usr/local/lib/python3.12/site-packages/discord/client.py", line 465, in _run_event
    await coro(*args, **kwargs)
  File "/app/asu_discord/cogs/analytics.py", line 652, in on_member_update
    before_timeout = before.timed_out_until
                     ^^^^^^^^^^^^^^^^^^^^^^
AttributeError: 'Member' object has no attribute 'timed_out_until'
Ignoring exception in on_member_update
Traceback (most recent call last):
  File "/usr/local/lib/python3.12/site-packages/discord/client.py", line 465, in _run_event
    await coro(*args, **kwargs)
  File "/app/asu_discord/cogs/analytics.py", line 652, in on_member_update
    before_timeout = before.timed_out_until
                     ^^^^^^^^^^^^^^^^^^^^^^
AttributeError: 'Member' object has no attribute 'timed_out_until'
Ignoring exception in on_member_update
Traceback (most recent call last):
  File "/usr/local/lib/python3.12/site-packages/discord/client.py", line 465, in _run_event
    await coro(*args, **kwargs)
  File "/app/asu_discord/cogs/analytics.py", line 652, in on_member_update
    before_timeout = before.timed_out_until
                     ^^^^^^^^^^^^^^^^^^^^^^
AttributeError: 'Member' object has no attribute 'timed_out_until'
Ignoring exception in on_member_update
Traceback (most recent call last):
  File "/usr/local/lib/python3.12/site-packages/discord/client.py", line 465, in _run_event
    await coro(*args, **kwargs)
  File "/app/asu_discord/cogs/analytics.py", line 652, in on_member_update
    before_timeout = before.timed_out_until
                     ^^^^^^^^^^^^^^^^^^^^^^
AttributeError: 'Member' object has no attribute 'timed_out_until'
Ignoring exception in on_member_update
Traceback (most recent call last):
  File "/usr/local/lib/python3.12/site-packages/discord/client.py", line 465, in _run_event
    await coro(*args, **kwargs)
  File "/app/asu_discord/cogs/analytics.py", line 652, in on_member_update
    before_timeout = before.timed_out_until
                     ^^^^^^^^^^^^^^^^^^^^^^
AttributeError: 'Member' object has no attribute 'timed_out_until'
Ignoring exception in on_member_update
Traceback (most recent call last):
  File "/usr/local/lib/python3.12/site-packages/discord/client.py", line 465, in _run_event
    await coro(*args, **kwargs)
  File "/app/asu_discord/cogs/analytics.py", line 652, in on_member_update
    before_timeout = before.timed_out_until
                     ^^^^^^^^^^^^^^^^^^^^^^
AttributeError: 'Member' object has no attribute 'timed_out_until'
Ignoring exception in on_member_update
Traceback (most recent call last):
  File "/usr/local/lib/python3.12/site-packages/discord/client.py", line 465, in _run_event
    await coro(*args, **kwargs)
  File "/app/asu_discord/cogs/analytics.py", line 652, in on_member_update
    before_timeout = before.timed_out_until
                     ^^^^^^^^^^^^^^^^^^^^^^
AttributeError: 'Member' object has no attribute 'timed_out_until'
INFO:asu_discord.cogs.verification:Saved 5 roles to database for user rmmaurer@asu.edu (Discord ID: 707039121721262163)
INFO:asu_discord.cogs.verification:Refreshed Salesforce roles for Discord user 707039121721262163: -5/+5 roles, assigned=[Arizona Resident, College of Liberal Arts and Sciences, Commited, First Year, Tempe]
Ignoring exception in on_member_update
Traceback (most recent call last):
  File "/usr/local/lib/python3.12/site-packages/discord/client.py", line 465, in _run_event
    await coro(*args, **kwargs)
  File "/app/asu_discord/cogs/analytics.py", line 652, in on_member_update
    before_timeout = before.timed_out_until
                     ^^^^^^^^^^^^^^^^^^^^^^
AttributeError: 'Member' object has no attribute 'timed_out_until'
Ignoring exception in on_member_update
Traceback (most recent call last):
  File "/usr/local/lib/python3.12/site-packages/discord/client.py", line 465, in _run_event
    await coro(*args, **kwargs)
  File "/app/asu_discord/cogs/analytics.py", line 652, in on_member_update
    before_timeout = before.timed_out_until
                     ^^^^^^^^^^^^^^^^^^^^^^
AttributeError: 'Member' object has no attribute 'timed_out_until'
Ignoring exception in on_member_update
Traceback (most recent call last):
  File "/usr/local/lib/python3.12/site-packages/discord/client.py", line 465, in _run_event
    await coro(*args, **kwargs)
  File "/app/asu_discord/cogs/analytics.py", line 652, in on_member_update
    before_timeout = before.timed_out_until
                     ^^^^^^^^^^^^^^^^^^^^^^
AttributeError: 'Member' object has no attribute 'timed_out_until'
Ignoring exception in on_member_update
Traceback (most recent call last):
  File "/usr/local/lib/python3.12/site-packages/discord/client.py", line 465, in _run_event
    await coro(*args, **kwargs)
  File "/app/asu_discord/cogs/analytics.py", line 652, in on_member_update
    before_timeout = before.timed_out_until
                     ^^^^^^^^^^^^^^^^^^^^^^
AttributeError: 'Member' object has no attribute 'timed_out_until'
Ignoring exception in on_member_update
Traceback (most recent call last):
  File "/usr/local/lib/python3.12/site-packages/discord/client.py", line 465, in _run_event
    await coro(*args, **kwargs)
  File "/app/asu_discord/cogs/analytics.py", line 652, in on_member_update
    before_timeout = before.timed_out_until
                     ^^^^^^^^^^^^^^^^^^^^^^
AttributeError: 'Member' object has no attribute 'timed_out_until'
Ignoring exception in on_member_update
Traceback (most recent call last):
  File "/usr/local/lib/python3.12/site-packages/discord/client.py", line 465, in _run_event
    await coro(*args, **kwargs)
  File "/app/asu_discord/cogs/analytics.py", line 652, in on_member_update
    before_timeout = before.timed_out_until
                     ^^^^^^^^^^^^^^^^^^^^^^
AttributeError: 'Member' object has no attribute 'timed_out_until'
Ignoring exception in on_member_update
Traceback (most recent call last):
  File "/usr/local/lib/python3.12/site-packages/discord/client.py", line 465, in _run_event
    await coro(*args, **kwargs)
  File "/app/asu_discord/cogs/analytics.py", line 652, in on_member_update
    before_timeout = before.timed_out_until
                     ^^^^^^^^^^^^^^^^^^^^^^
AttributeError: 'Member' object has no attribute 'timed_out_until'
Ignoring exception in on_member_update
Traceback (most recent call last):
  File "/usr/local/lib/python3.12/site-packages/discord/client.py", line 465, in _run_event
    await coro(*args, **kwargs)
  File "/app/asu_discord/cogs/analytics.py", line 652, in on_member_update
    before_timeout = before.timed_out_until
                     ^^^^^^^^^^^^^^^^^^^^^^
AttributeError: 'Member' object has no attribute 'timed_out_until'
Ignoring exception in on_member_update
Traceback (most recent call last):
  File "/usr/local/lib/python3.12/site-packages/discord/client.py", line 465, in _run_event
    await coro(*args, **kwargs)
  File "/app/asu_discord/cogs/analytics.py", line 652, in on_member_update
    before_timeout = before.timed_out_until
                     ^^^^^^^^^^^^^^^^^^^^^^
AttributeError: 'Member' object has no attribute 'timed_out_until'
Ignoring exception in on_member_update
Traceback (most recent call last):
  File "/usr/local/lib/python3.12/site-packages/discord/client.py", line 465, in _run_event
    await coro(*args, **kwargs)
  File "/app/asu_discord/cogs/analytics.py", line 652, in on_member_update
    before_timeout = before.timed_out_until
                     ^^^^^^^^^^^^^^^^^^^^^^
AttributeError: 'Member' object has no attribute 'timed_out_until'
INFO:asu_discord.cogs.verification:Saved 5 roles to database for user ceulopab@asu.edu (Discord ID: 1406761510121902171)
INFO:asu_discord.cogs.verification:Refreshed Salesforce roles for Discord user 1406761510121902171: -5/+5 roles, assigned=[Arizona Resident, Commited, Downtown Phoenix, First Year, Watts College of Public Service and Community Solutions]
ERROR:cron.jobs:refresh_salesforce_roles: failed for amlinds7 (Discord ID 549722894729478145): Failed to refresh Salesforce-based roles: Discord user 549722894729478145 is not a member of the guild
Ignoring exception in on_member_update
Traceback (most recent call last):
  File "/usr/local/lib/python3.12/site-packages/discord/client.py", line 465, in _run_event
    await coro(*args, **kwargs)
  File "/app/asu_discord/cogs/analytics.py", line 652, in on_member_update
    before_timeout = before.timed_out_until
                     ^^^^^^^^^^^^^^^^^^^^^^
AttributeError: 'Member' object has no attribute 'timed_out_until'
Ignoring exception in on_member_update
Traceback (most recent call last):
  File "/usr/local/lib/python3.12/site-packages/discord/client.py", line 465, in _run_event
    await coro(*args, **kwargs)
  File "/app/asu_discord/cogs/analytics.py", line 652, in on_member_update
    before_timeout = before.timed_out_until
                     ^^^^^^^^^^^^^^^^^^^^^^
AttributeError: 'Member' object has no attribute 'timed_out_until'
Ignoring exception in on_member_update
Traceback (most recent call last):
  File "/usr/local/lib/python3.12/site-packages/discord/client.py", line 465, in _run_event
    await coro(*args, **kwargs)
  File "/app/asu_discord/cogs/analytics.py", line 652, in on_member_update
    before_timeout = before.timed_out_until
                     ^^^^^^^^^^^^^^^^^^^^^^
AttributeError: 'Member' object has no attribute 'timed_out_until'
Ignoring exception in on_member_update
Traceback (most recent call last):
  File "/usr/local/lib/python3.12/site-packages/discord/client.py", line 465, in _run_event
    await coro(*args, **kwargs)
  File "/app/asu_discord/cogs/analytics.py", line 652, in on_member_update
    before_timeout = before.timed_out_until
                     ^^^^^^^^^^^^^^^^^^^^^^
AttributeError: 'Member' object has no attribute 'timed_out_until'
Ignoring exception in on_member_update
Traceback (most recent call last):
  File "/usr/local/lib/python3.12/site-packages/discord/client.py", line 465, in _run_event
    await coro(*args, **kwargs)
  File "/app/asu_discord/cogs/analytics.py", line 652, in on_member_update
    before_timeout = before.timed_out_until
                     ^^^^^^^^^^^^^^^^^^^^^^
AttributeError: 'Member' object has no attribute 'timed_out_until'
Ignoring exception in on_member_update
Traceback (most recent call last):
  File "/usr/local/lib/python3.12/site-packages/discord/client.py", line 465, in _run_event
    await coro(*args, **kwargs)
  File "/app/asu_discord/cogs/analytics.py", line 652, in on_member_update
    before_timeout = before.timed_out_until
                     ^^^^^^^^^^^^^^^^^^^^^^
AttributeError: 'Member' object has no attribute 'timed_out_until'
Ignoring exception in on_member_update
Traceback (most recent call last):
  File "/usr/local/lib/python3.12/site-packages/discord/client.py", line 465, in _run_event
    await coro(*args, **kwargs)
  File "/app/asu_discord/cogs/analytics.py", line 652, in on_member_update
    before_timeout = before.timed_out_until
                     ^^^^^^^^^^^^^^^^^^^^^^
AttributeError: 'Member' object has no attribute 'timed_out_until'
Ignoring exception in on_member_update
Traceback (most recent call last):
  File "/usr/local/lib/python3.12/site-packages/discord/client.py", line 465, in _run_event
    await coro(*args, **kwargs)
  File "/app/asu_discord/cogs/analytics.py", line 652, in on_member_update
    before_timeout = before.timed_out_until
                     ^^^^^^^^^^^^^^^^^^^^^^
AttributeError: 'Member' object has no attribute 'timed_out_until'
Ignoring exception in on_member_update
Traceback (most recent call last):
  File "/usr/local/lib/python3.12/site-packages/discord/client.py", line 465, in _run_event
    await coro(*args, **kwargs)
  File "/app/asu_discord/cogs/analytics.py", line 652, in on_member_update
    before_timeout = before.timed_out_until
                     ^^^^^^^^^^^^^^^^^^^^^^
AttributeError: 'Member' object has no attribute 'timed_out_until'
INFO:asu_discord.cogs.verification:Saved 5 roles to database for user iturnert@asu.edu (Discord ID: 431280085413396482)
INFO:asu_discord.cogs.verification:Refreshed Salesforce roles for Discord user 431280085413396482: -5/+4 roles, assigned=[Arizona Resident, First Generation Student, First Year, Tempe, W.P. Carey School of Business]
ERROR:cron.jobs:refresh_salesforce_roles: failed for zebeck (Discord ID 1440041487390740624): Failed to refresh Salesforce-based roles: Discord user 1440041487390740624 is not a member of the guild
Ignoring exception in on_member_update
Traceback (most recent call last):
  File "/usr/local/lib/python3.12/site-packages/discord/client.py", line 465, in _run_event
    await coro(*args, **kwargs)
  File "/app/asu_discord/cogs/analytics.py", line 652, in on_member_update
    before_timeout = before.timed_out_until
                     ^^^^^^^^^^^^^^^^^^^^^^
AttributeError: 'Member' object has no attribute 'timed_out_until'
Ignoring exception in on_member_update
Traceback (most recent call last):
  File "/usr/local/lib/python3.12/site-packages/discord/client.py", line 465, in _run_event
    await coro(*args, **kwargs)
  File "/app/asu_discord/cogs/analytics.py", line 652, in on_member_update
    before_timeout = before.timed_out_until
                     ^^^^^^^^^^^^^^^^^^^^^^
AttributeError: 'Member' object has no attribute 'timed_out_until'
Ignoring exception in on_member_update
Traceback (most recent call last):
  File "/usr/local/lib/python3.12/site-packages/discord/client.py", line 465, in _run_event
    await coro(*args, **kwargs)
  File "/app/asu_discord/cogs/analytics.py", line 652, in on_member_update
    before_timeout = before.timed_out_until
                     ^^^^^^^^^^^^^^^^^^^^^^
AttributeError: 'Member' object has no attribute 'timed_out_until'
Ignoring exception in on_member_update
Traceback (most recent call last):
  File "/usr/local/lib/python3.12/site-packages/discord/client.py", line 465, in _run_event
    await coro(*args, **kwargs)
  File "/app/asu_discord/cogs/analytics.py", line 652, in on_member_update
    before_timeout = before.timed_out_until
                     ^^^^^^^^^^^^^^^^^^^^^^
AttributeError: 'Member' object has no attribute 'timed_out_until'
Ignoring exception in on_member_update
Traceback (most recent call last):
  File "/usr/local/lib/python3.12/site-packages/discord/client.py", line 465, in _run_event
    await coro(*args, **kwargs)
  File "/app/asu_discord/cogs/analytics.py", line 652, in on_member_update
    before_timeout = before.timed_out_until
                     ^^^^^^^^^^^^^^^^^^^^^^
AttributeError: 'Member' object has no attribute 'timed_out_until'
Ignoring exception in on_member_update
Traceback (most recent call last):
  File "/usr/local/lib/python3.12/site-packages/discord/client.py", line 465, in _run_event
    await coro(*args, **kwargs)
  File "/app/asu_discord/cogs/analytics.py", line 652, in on_member_update
    before_timeout = before.timed_out_until
                     ^^^^^^^^^^^^^^^^^^^^^^
AttributeError: 'Member' object has no attribute 'timed_out_until'
Ignoring exception in on_member_update
Traceback (most recent call last):
  File "/usr/local/lib/python3.12/site-packages/discord/client.py", line 465, in _run_event
    await coro(*args, **kwargs)
  File "/app/asu_discord/cogs/analytics.py", line 652, in on_member_update
    before_timeout = before.timed_out_until
                     ^^^^^^^^^^^^^^^^^^^^^^
AttributeError: 'Member' object has no attribute 'timed_out_until'
Ignoring exception in on_member_update
Traceback (most recent call last):
  File "/usr/local/lib/python3.12/site-packages/discord/client.py", line 465, in _run_event
    await coro(*args, **kwargs)
  File "/app/asu_discord/cogs/analytics.py", line 652, in on_member_update
    before_timeout = before.timed_out_until
                     ^^^^^^^^^^^^^^^^^^^^^^
AttributeError: 'Member' object has no attribute 'timed_out_until'
INFO:asu_discord.cogs.verification:Saved 4 roles to database for user solsonro@asu.edu (Discord ID: 1107676291769057290)
INFO:asu_discord.cogs.verification:Refreshed Salesforce roles for Discord user 1107676291769057290: -4/+4 roles, assigned=[Arizona Resident, College of Liberal Arts and Sciences, Graduate Student, Online]
Ignoring exception in on_member_update
Traceback (most recent call last):
  File "/usr/local/lib/python3.12/site-packages/discord/client.py", line 465, in _run_event
    await coro(*args, **kwargs)
  File "/app/asu_discord/cogs/analytics.py", line 652, in on_member_update
    before_timeout = before.timed_out_until
                     ^^^^^^^^^^^^^^^^^^^^^^
AttributeError: 'Member' object has no attribute 'timed_out_until'
Ignoring exception in on_member_update
Traceback (most recent call last):
  File "/usr/local/lib/python3.12/site-packages/discord/client.py", line 465, in _run_event
    await coro(*args, **kwargs)
  File "/app/asu_discord/cogs/analytics.py", line 652, in on_member_update
    before_timeout = before.timed_out_until
                     ^^^^^^^^^^^^^^^^^^^^^^
AttributeError: 'Member' object has no attribute 'timed_out_until'
Ignoring exception in on_member_update
Traceback (most recent call last):
  File "/usr/local/lib/python3.12/site-packages/discord/client.py", line 465, in _run_event
    await coro(*args, **kwargs)
  File "/app/asu_discord/cogs/analytics.py", line 652, in on_member_update
    before_timeout = before.timed_out_until
                     ^^^^^^^^^^^^^^^^^^^^^^
AttributeError: 'Member' object has no attribute 'timed_out_until'
Ignoring exception in on_member_update
Traceback (most recent call last):
  File "/usr/local/lib/python3.12/site-packages/discord/client.py", line 465, in _run_event
    await coro(*args, **kwargs)
  File "/app/asu_discord/cogs/analytics.py", line 652, in on_member_update
    before_timeout = before.timed_out_until
                     ^^^^^^^^^^^^^^^^^^^^^^
AttributeError: 'Member' object has no attribute 'timed_out_until'
Ignoring exception in on_member_update
Traceback (most recent call last):
  File "/usr/local/lib/python3.12/site-packages/discord/client.py", line 465, in _run_event
    await coro(*args, **kwargs)
  File "/app/asu_discord/cogs/analytics.py", line 652, in on_member_update
    before_timeout = before.timed_out_until
                     ^^^^^^^^^^^^^^^^^^^^^^
AttributeError: 'Member' object has no attribute 'timed_out_until'
Ignoring exception in on_member_update
Traceback (most recent call last):
  File "/usr/local/lib/python3.12/site-packages/discord/client.py", line 465, in _run_event
    await coro(*args, **kwargs)
  File "/app/asu_discord/cogs/analytics.py", line 652, in on_member_update
    before_timeout = before.timed_out_until
                     ^^^^^^^^^^^^^^^^^^^^^^
AttributeError: 'Member' object has no attribute 'timed_out_until'
Ignoring exception in on_member_update
Traceback (most recent call last):
  File "/usr/local/lib/python3.12/site-packages/discord/client.py", line 465, in _run_event
    await coro(*args, **kwargs)
  File "/app/asu_discord/cogs/analytics.py", line 652, in on_member_update
    before_timeout = before.timed_out_until
                     ^^^^^^^^^^^^^^^^^^^^^^
AttributeError: 'Member' object has no attribute 'timed_out_until'
Ignoring exception in on_member_update
Traceback (most recent call last):
  File "/usr/local/lib/python3.12/site-packages/discord/client.py", line 465, in _run_event
    await coro(*args, **kwargs)
  File "/app/asu_discord/cogs/analytics.py", line 652, in on_member_update
    before_timeout = before.timed_out_until
                     ^^^^^^^^^^^^^^^^^^^^^^
AttributeError: 'Member' object has no attribute 'timed_out_until'
Ignoring exception in on_member_update
Traceback (most recent call last):
  File "/usr/local/lib/python3.12/site-packages/discord/client.py", line 465, in _run_event
    await coro(*args, **kwargs)
  File "/app/asu_discord/cogs/analytics.py", line 652, in on_member_update
    before_timeout = before.timed_out_until
                     ^^^^^^^^^^^^^^^^^^^^^^
AttributeError: 'Member' object has no attribute 'timed_out_until'
Ignoring exception in on_member_update
Traceback (most recent call last):
  File "/usr/local/lib/python3.12/site-packages/discord/client.py", line 465, in _run_event
    await coro(*args, **kwargs)
  File "/app/asu_discord/cogs/analytics.py", line 652, in on_member_update
    before_timeout = before.timed_out_until
                     ^^^^^^^^^^^^^^^^^^^^^^
AttributeError: 'Member' object has no attribute 'timed_out_until'
INFO:asu_discord.cogs.verification:Saved 5 roles to database for user abauti45@asu.edu (Discord ID: 331555329009778690)
INFO:asu_discord.cogs.verification:Refreshed Salesforce roles for Discord user 331555329009778690: -5/+5 roles, assigned=[Arizona Resident, Commited, Downtown Phoenix, Edson College of Nursing and Health Innovation, First Year]
Ignoring exception in on_member_update
Traceback (most recent call last):
  File "/usr/local/lib/python3.12/site-packages/discord/client.py", line 465, in _run_event
    await coro(*args, **kwargs)
  File "/app/asu_discord/cogs/analytics.py", line 652, in on_member_update
    before_timeout = before.timed_out_until
                     ^^^^^^^^^^^^^^^^^^^^^^
AttributeError: 'Member' object has no attribute 'timed_out_until'
Ignoring exception in on_member_update
Traceback (most recent call last):
  File "/usr/local/lib/python3.12/site-packages/discord/client.py", line 465, in _run_event
    await coro(*args, **kwargs)
  File "/app/asu_discord/cogs/analytics.py", line 652, in on_member_update
    before_timeout = before.timed_out_until
                     ^^^^^^^^^^^^^^^^^^^^^^
AttributeError: 'Member' object has no attribute 'timed_out_until'
Ignoring exception in on_member_update
Traceback (most recent call last):
  File "/usr/local/lib/python3.12/site-packages/discord/client.py", line 465, in _run_event
    await coro(*args, **kwargs)
  File "/app/asu_discord/cogs/analytics.py", line 652, in on_member_update
    before_timeout = before.timed_out_until
                     ^^^^^^^^^^^^^^^^^^^^^^
AttributeError: 'Member' object has no attribute 'timed_out_until'
Ignoring exception in on_member_update
Traceback (most recent call last):
  File "/usr/local/lib/python3.12/site-packages/discord/client.py", line 465, in _run_event
    await coro(*args, **kwargs)
  File "/app/asu_discord/cogs/analytics.py", line 652, in on_member_update
    before_timeout = before.timed_out_until
                     ^^^^^^^^^^^^^^^^^^^^^^
AttributeError: 'Member' object has no attribute 'timed_out_until'
Ignoring exception in on_member_update
Traceback (most recent call last):
  File "/usr/local/lib/python3.12/site-packages/discord/client.py", line 465, in _run_event
    await coro(*args, **kwargs)
  File "/app/asu_discord/cogs/analytics.py", line 652, in on_member_update
    before_timeout = before.timed_out_until
                     ^^^^^^^^^^^^^^^^^^^^^^
AttributeError: 'Member' object has no attribute 'timed_out_until'
Ignoring exception in on_member_update
Traceback (most recent call last):
  File "/usr/local/lib/python3.12/site-packages/discord/client.py", line 465, in _run_event
    await coro(*args, **kwargs)
  File "/app/asu_discord/cogs/analytics.py", line 652, in on_member_update
    before_timeout = before.timed_out_until
                     ^^^^^^^^^^^^^^^^^^^^^^
AttributeError: 'Member' object has no attribute 'timed_out_until'
Ignoring exception in on_member_update
Traceback (most recent call last):
  File "/usr/local/lib/python3.12/site-packages/discord/client.py", line 465, in _run_event
    await coro(*args, **kwargs)
  File "/app/asu_discord/cogs/analytics.py", line 652, in on_member_update
    before_timeout = before.timed_out_until
                     ^^^^^^^^^^^^^^^^^^^^^^
AttributeError: 'Member' object has no attribute 'timed_out_until'
Ignoring exception in on_member_update
Traceback (most recent call last):
  File "/usr/local/lib/python3.12/site-packages/discord/client.py", line 465, in _run_event
    await coro(*args, **kwargs)
  File "/app/asu_discord/cogs/analytics.py", line 652, in on_member_update
    before_timeout = before.timed_out_until
                     ^^^^^^^^^^^^^^^^^^^^^^
AttributeError: 'Member' object has no attribute 'timed_out_until'
Ignoring exception in on_member_update
Traceback (most recent call last):
  File "/usr/local/lib/python3.12/site-packages/discord/client.py", line 465, in _run_event
    await coro(*args, **kwargs)
  File "/app/asu_discord/cogs/analytics.py", line 652, in on_member_update
    before_timeout = before.timed_out_until
                     ^^^^^^^^^^^^^^^^^^^^^^
AttributeError: 'Member' object has no attribute 'timed_out_until'
Ignoring exception in on_member_update
Traceback (most recent call last):
  File "/usr/local/lib/python3.12/site-packages/discord/client.py", line 465, in _run_event
    await coro(*args, **kwargs)
  File "/app/asu_discord/cogs/analytics.py", line 652, in on_member_update
    before_timeout = before.timed_out_until
                     ^^^^^^^^^^^^^^^^^^^^^^
AttributeError: 'Member' object has no attribute 'timed_out_until'
INFO:asu_discord.cogs.verification:Saved 5 roles to database for user bljone39@asu.edu (Discord ID: 886385392608239648)
INFO:asu_discord.cogs.verification:Refreshed Salesforce roles for Discord user 886385392608239648: -5/+5 roles, assigned=[Arizona Resident, Commited, First Year, Ira A. Fulton Schools of Engineering, Tempe]
Ignoring exception in on_member_update
Traceback (most recent call last):
  File "/usr/local/lib/python3.12/site-packages/discord/client.py", line 465, in _run_event
    await coro(*args, **kwargs)
  File "/app/asu_discord/cogs/analytics.py", line 652, in on_member_update
    before_timeout = before.timed_out_until
                     ^^^^^^^^^^^^^^^^^^^^^^
AttributeError: 'Member' object has no attribute 'timed_out_until'
Ignoring exception in on_member_update
Traceback (most recent call last):
  File "/usr/local/lib/python3.12/site-packages/discord/client.py", line 465, in _run_event
    await coro(*args, **kwargs)
  File "/app/asu_discord/cogs/analytics.py", line 652, in on_member_update
    before_timeout = before.timed_out_until
                     ^^^^^^^^^^^^^^^^^^^^^^
AttributeError: 'Member' object has no attribute 'timed_out_until'
Ignoring exception in on_member_update
Traceback (most recent call last):
  File "/usr/local/lib/python3.12/site-packages/discord/client.py", line 465, in _run_event
    await coro(*args, **kwargs)
  File "/app/asu_discord/cogs/analytics.py", line 652, in on_member_update
    before_timeout = before.timed_out_until
                     ^^^^^^^^^^^^^^^^^^^^^^
AttributeError: 'Member' object has no attribute 'timed_out_until'
Ignoring exception in on_member_update
Traceback (most recent call last):
  File "/usr/local/lib/python3.12/site-packages/discord/client.py", line 465, in _run_event
    await coro(*args, **kwargs)
  File "/app/asu_discord/cogs/analytics.py", line 652, in on_member_update
    before_timeout = before.timed_out_until
                     ^^^^^^^^^^^^^^^^^^^^^^
AttributeError: 'Member' object has no attribute 'timed_out_until'
Ignoring exception in on_member_update
Traceback (most recent call last):
  File "/usr/local/lib/python3.12/site-packages/discord/client.py", line 465, in _run_event
    await coro(*args, **kwargs)
  File "/app/asu_discord/cogs/analytics.py", line 652, in on_member_update
    before_timeout = before.timed_out_until
                     ^^^^^^^^^^^^^^^^^^^^^^
AttributeError: 'Member' object has no attribute 'timed_out_until'
Ignoring exception in on_member_update
Traceback (most recent call last):
  File "/usr/local/lib/python3.12/site-packages/discord/client.py", line 465, in _run_event
    await coro(*args, **kwargs)
  File "/app/asu_discord/cogs/analytics.py", line 652, in on_member_update
    before_timeout = before.timed_out_until
                     ^^^^^^^^^^^^^^^^^^^^^^
AttributeError: 'Member' object has no attribute 'timed_out_until'
Ignoring exception in on_member_update
Traceback (most recent call last):
  File "/usr/local/lib/python3.12/site-packages/discord/client.py", line 465, in _run_event
    await coro(*args, **kwargs)
  File "/app/asu_discord/cogs/analytics.py", line 652, in on_member_update
    before_timeout = before.timed_out_until
                     ^^^^^^^^^^^^^^^^^^^^^^
AttributeError: 'Member' object has no attribute 'timed_out_until'
Ignoring exception in on_member_update
Traceback (most recent call last):
  File "/usr/local/lib/python3.12/site-packages/discord/client.py", line 465, in _run_event
    await coro(*args, **kwargs)
  File "/app/asu_discord/cogs/analytics.py", line 652, in on_member_update
    before_timeout = before.timed_out_until
                     ^^^^^^^^^^^^^^^^^^^^^^
AttributeError: 'Member' object has no attribute 'timed_out_until'
Ignoring exception in on_member_update
Traceback (most recent call last):
  File "/usr/local/lib/python3.12/site-packages/discord/client.py", line 465, in _run_event
    await coro(*args, **kwargs)
  File "/app/asu_discord/cogs/analytics.py", line 652, in on_member_update
    before_timeout = before.timed_out_until
                     ^^^^^^^^^^^^^^^^^^^^^^
AttributeError: 'Member' object has no attribute 'timed_out_until'
Ignoring exception in on_member_update
Traceback (most recent call last):
  File "/usr/local/lib/python3.12/site-packages/discord/client.py", line 465, in _run_event
    await coro(*args, **kwargs)
  File "/app/asu_discord/cogs/analytics.py", line 652, in on_member_update
    before_timeout = before.timed_out_until
                     ^^^^^^^^^^^^^^^^^^^^^^
AttributeError: 'Member' object has no attribute 'timed_out_until'
INFO:asu_discord.cogs.verification:Saved 5 roles to database for user jquijad6@asu.edu (Discord ID: 1327798039695331412)
INFO:asu_discord.cogs.verification:Refreshed Salesforce roles for Discord user 1327798039695331412: -5/+5 roles, assigned=[Arizona Resident, Commited, First Year, Tempe, W.P. Carey School of Business]
Ignoring exception in on_member_update
Traceback (most recent call last):
  File "/usr/local/lib/python3.12/site-packages/discord/client.py", line 465, in _run_event
    await coro(*args, **kwargs)
  File "/app/asu_discord/cogs/analytics.py", line 652, in on_member_update
    before_timeout = before.timed_out_until
                     ^^^^^^^^^^^^^^^^^^^^^^
AttributeError: 'Member' object has no attribute 'timed_out_until'
Ignoring exception in on_member_update
Traceback (most recent call last):
  File "/usr/local/lib/python3.12/site-packages/discord/client.py", line 465, in _run_event
    await coro(*args, **kwargs)
  File "/app/asu_discord/cogs/analytics.py", line 652, in on_member_update
    before_timeout = before.timed_out_until
                     ^^^^^^^^^^^^^^^^^^^^^^
AttributeError: 'Member' object has no attribute 'timed_out_until'
Ignoring exception in on_member_update
Traceback (most recent call last):
  File "/usr/local/lib/python3.12/site-packages/discord/client.py", line 465, in _run_event
    await coro(*args, **kwargs)
  File "/app/asu_discord/cogs/analytics.py", line 652, in on_member_update
    before_timeout = before.timed_out_until
                     ^^^^^^^^^^^^^^^^^^^^^^
AttributeError: 'Member' object has no attribute 'timed_out_until'
Ignoring exception in on_member_update
Traceback (most recent call last):
  File "/usr/local/lib/python3.12/site-packages/discord/client.py", line 465, in _run_event
    await coro(*args, **kwargs)
  File "/app/asu_discord/cogs/analytics.py", line 652, in on_member_update
    before_timeout = before.timed_out_until
                     ^^^^^^^^^^^^^^^^^^^^^^
AttributeError: 'Member' object has no attribute 'timed_out_until'
Ignoring exception in on_member_update
Traceback (most recent call last):
  File "/usr/local/lib/python3.12/site-packages/discord/client.py", line 465, in _run_event
    await coro(*args, **kwargs)
  File "/app/asu_discord/cogs/analytics.py", line 652, in on_member_update
    before_timeout = before.timed_out_until
                     ^^^^^^^^^^^^^^^^^^^^^^
AttributeError: 'Member' object has no attribute 'timed_out_until'
Ignoring exception in on_member_update
Traceback (most recent call last):
  File "/usr/local/lib/python3.12/site-packages/discord/client.py", line 465, in _run_event
    await coro(*args, **kwargs)
  File "/app/asu_discord/cogs/analytics.py", line 652, in on_member_update
    before_timeout = before.timed_out_until
                     ^^^^^^^^^^^^^^^^^^^^^^
AttributeError: 'Member' object has no attribute 'timed_out_until'
INFO:asu_discord.cogs.verification:Saved 3 roles to database for user sghos149@asu.edu (Discord ID: 1440042385001287840)
INFO:asu_discord.cogs.verification:Refreshed Salesforce roles for Discord user 1440042385001287840: -3/+3 roles, assigned=[First Year, Ira A. Fulton Schools of Engineering, Tempe]
Ignoring exception in on_member_update
Traceback (most recent call last):
  File "/usr/local/lib/python3.12/site-packages/discord/client.py", line 465, in _run_event
    await coro(*args, **kwargs)
  File "/app/asu_discord/cogs/analytics.py", line 652, in on_member_update
    before_timeout = before.timed_out_until
                     ^^^^^^^^^^^^^^^^^^^^^^
AttributeError: 'Member' object has no attribute 'timed_out_until'
Ignoring exception in on_member_update
Traceback (most recent call last):
  File "/usr/local/lib/python3.12/site-packages/discord/client.py", line 465, in _run_event
    await coro(*args, **kwargs)
  File "/app/asu_discord/cogs/analytics.py", line 652, in on_member_update
    before_timeout = before.timed_out_until
                     ^^^^^^^^^^^^^^^^^^^^^^
AttributeError: 'Member' object has no attribute 'timed_out_until'
Ignoring exception in on_member_update
Traceback (most recent call last):
  File "/usr/local/lib/python3.12/site-packages/discord/client.py", line 465, in _run_event
    await coro(*args, **kwargs)
  File "/app/asu_discord/cogs/analytics.py", line 652, in on_member_update
    before_timeout = before.timed_out_until
                     ^^^^^^^^^^^^^^^^^^^^^^
AttributeError: 'Member' object has no attribute 'timed_out_until'
Ignoring exception in on_member_update
Traceback (most recent call last):
  File "/usr/local/lib/python3.12/site-packages/discord/client.py", line 465, in _run_event
    await coro(*args, **kwargs)
  File "/app/asu_discord/cogs/analytics.py", line 652, in on_member_update
    before_timeout = before.timed_out_until
                     ^^^^^^^^^^^^^^^^^^^^^^
AttributeError: 'Member' object has no attribute 'timed_out_until'
Ignoring exception in on_member_update
Traceback (most recent call last):
  File "/usr/local/lib/python3.12/site-packages/discord/client.py", line 465, in _run_event
    await coro(*args, **kwargs)
  File "/app/asu_discord/cogs/analytics.py", line 652, in on_member_update
    before_timeout = before.timed_out_until
                     ^^^^^^^^^^^^^^^^^^^^^^
AttributeError: 'Member' object has no attribute 'timed_out_until'
Ignoring exception in on_member_update
Traceback (most recent call last):
  File "/usr/local/lib/python3.12/site-packages/discord/client.py", line 465, in _run_event
    await coro(*args, **kwargs)
  File "/app/asu_discord/cogs/analytics.py", line 652, in on_member_update
    before_timeout = before.timed_out_until
                     ^^^^^^^^^^^^^^^^^^^^^^
AttributeError: 'Member' object has no attribute 'timed_out_until'
Ignoring exception in on_member_update
Traceback (most recent call last):
  File "/usr/local/lib/python3.12/site-packages/discord/client.py", line 465, in _run_event
    await coro(*args, **kwargs)
  File "/app/asu_discord/cogs/analytics.py", line 652, in on_member_update
    before_timeout = before.timed_out_until
                     ^^^^^^^^^^^^^^^^^^^^^^
AttributeError: 'Member' object has no attribute 'timed_out_until'
Ignoring exception in on_member_update
Traceback (most recent call last):
  File "/usr/local/lib/python3.12/site-packages/discord/client.py", line 465, in _run_event
    await coro(*args, **kwargs)
  File "/app/asu_discord/cogs/analytics.py", line 652, in on_member_update
    before_timeout = before.timed_out_until
                     ^^^^^^^^^^^^^^^^^^^^^^
AttributeError: 'Member' object has no attribute 'timed_out_until'
Ignoring exception in on_member_update
Traceback (most recent call last):
  File "/usr/local/lib/python3.12/site-packages/discord/client.py", line 465, in _run_event
    await coro(*args, **kwargs)
  File "/app/asu_discord/cogs/analytics.py", line 652, in on_member_update
    before_timeout = before.timed_out_until
                     ^^^^^^^^^^^^^^^^^^^^^^
AttributeError: 'Member' object has no attribute 'timed_out_until'
Ignoring exception in on_member_update
Traceback (most recent call last):
  File "/usr/local/lib/python3.12/site-packages/discord/client.py", line 465, in _run_event
    await coro(*args, **kwargs)
  File "/app/asu_discord/cogs/analytics.py", line 652, in on_member_update
    before_timeout = before.timed_out_until
                     ^^^^^^^^^^^^^^^^^^^^^^
AttributeError: 'Member' object has no attribute 'timed_out_until'
INFO:asu_discord.cogs.verification:Saved 5 roles to database for user jamar218@asu.edu (Discord ID: 257323089048633345)
INFO:asu_discord.cogs.verification:Refreshed Salesforce roles for Discord user 257323089048633345: -5/+5 roles, assigned=[Arizona Resident, First Year, Mary Lou Fulton Teachers College, Tempe, Upperclassmen]
Ignoring exception in on_member_update
Traceback (most recent call last):
  File "/usr/local/lib/python3.12/site-packages/discord/client.py", line 465, in _run_event
    await coro(*args, **kwargs)
  File "/app/asu_discord/cogs/analytics.py", line 652, in on_member_update
    before_timeout = before.timed_out_until
                     ^^^^^^^^^^^^^^^^^^^^^^
AttributeError: 'Member' object has no attribute 'timed_out_until'
Ignoring exception in on_member_update
Traceback (most recent call last):
  File "/usr/local/lib/python3.12/site-packages/discord/client.py", line 465, in _run_event
    await coro(*args, **kwargs)
  File "/app/asu_discord/cogs/analytics.py", line 652, in on_member_update
    before_timeout = before.timed_out_until
                     ^^^^^^^^^^^^^^^^^^^^^^
AttributeError: 'Member' object has no attribute 'timed_out_until'
Ignoring exception in on_member_update
Traceback (most recent call last):
  File "/usr/local/lib/python3.12/site-packages/discord/client.py", line 465, in _run_event
    await coro(*args, **kwargs)
  File "/app/asu_discord/cogs/analytics.py", line 652, in on_member_update
    before_timeout = before.timed_out_until
                     ^^^^^^^^^^^^^^^^^^^^^^
AttributeError: 'Member' object has no attribute 'timed_out_until'
Ignoring exception in on_member_update
Traceback (most recent call last):
  File "/usr/local/lib/python3.12/site-packages/discord/client.py", line 465, in _run_event
    await coro(*args, **kwargs)
  File "/app/asu_discord/cogs/analytics.py", line 652, in on_member_update
    before_timeout = before.timed_out_until
                     ^^^^^^^^^^^^^^^^^^^^^^
AttributeError: 'Member' object has no attribute 'timed_out_until'
Ignoring exception in on_member_update
Traceback (most recent call last):
  File "/usr/local/lib/python3.12/site-packages/discord/client.py", line 465, in _run_event
    await coro(*args, **kwargs)
  File "/app/asu_discord/cogs/analytics.py", line 652, in on_member_update
    before_timeout = before.timed_out_until
                     ^^^^^^^^^^^^^^^^^^^^^^
AttributeError: 'Member' object has no attribute 'timed_out_until'
Ignoring exception in on_member_update
Traceback (most recent call last):
  File "/usr/local/lib/python3.12/site-packages/discord/client.py", line 465, in _run_event
    await coro(*args, **kwargs)
  File "/app/asu_discord/cogs/analytics.py", line 652, in on_member_update
    before_timeout = before.timed_out_until
                     ^^^^^^^^^^^^^^^^^^^^^^
AttributeError: 'Member' object has no attribute 'timed_out_until'
Ignoring exception in on_member_update
Traceback (most recent call last):
  File "/usr/local/lib/python3.12/site-packages/discord/client.py", line 465, in _run_event
    await coro(*args, **kwargs)
  File "/app/asu_discord/cogs/analytics.py", line 652, in on_member_update
    before_timeout = before.timed_out_until
                     ^^^^^^^^^^^^^^^^^^^^^^
AttributeError: 'Member' object has no attribute 'timed_out_until'
Ignoring exception in on_member_update
Traceback (most recent call last):
  File "/usr/local/lib/python3.12/site-packages/discord/client.py", line 465, in _run_event
    await coro(*args, **kwargs)
  File "/app/asu_discord/cogs/analytics.py", line 652, in on_member_update
    before_timeout = before.timed_out_until
                     ^^^^^^^^^^^^^^^^^^^^^^
AttributeError: 'Member' object has no attribute 'timed_out_until'
Ignoring exception in on_member_update
Traceback (most recent call last):
  File "/usr/local/lib/python3.12/site-packages/discord/client.py", line 465, in _run_event
    await coro(*args, **kwargs)
  File "/app/asu_discord/cogs/analytics.py", line 652, in on_member_update
    before_timeout = before.timed_out_until
                     ^^^^^^^^^^^^^^^^^^^^^^
AttributeError: 'Member' object has no attribute 'timed_out_until'
Ignoring exception in on_member_update
Traceback (most recent call last):
  File "/usr/local/lib/python3.12/site-packages/discord/client.py", line 465, in _run_event
    await coro(*args, **kwargs)
  File "/app/asu_discord/cogs/analytics.py", line 652, in on_member_update
    before_timeout = before.timed_out_until
                     ^^^^^^^^^^^^^^^^^^^^^^
AttributeError: 'Member' object has no attribute 'timed_out_until'
INFO:asu_discord.cogs.verification:Saved 5 roles to database for user btames1@asu.edu (Discord ID: 975515483837190176)
INFO:asu_discord.cogs.verification:Refreshed Salesforce roles for Discord user 975515483837190176: -5/+5 roles, assigned=[Arizona Resident, Commited, First Year, Ira A. Fulton Schools of Engineering, Tempe]
ERROR:cron.jobs:refresh_salesforce_roles: failed for yeonjaek (Discord ID 478332126383702021): Failed to refresh Salesforce-based roles: Discord user 478332126383702021 is not a member of the guild
Ignoring exception in on_member_update
Traceback (most recent call last):
  File "/usr/local/lib/python3.12/site-packages/discord/client.py", line 465, in _run_event
    await coro(*args, **kwargs)
  File "/app/asu_discord/cogs/analytics.py", line 652, in on_member_update
    before_timeout = before.timed_out_until
                     ^^^^^^^^^^^^^^^^^^^^^^
AttributeError: 'Member' object has no attribute 'timed_out_until'
Ignoring exception in on_member_update
Traceback (most recent call last):
  File "/usr/local/lib/python3.12/site-packages/discord/client.py", line 465, in _run_event
    await coro(*args, **kwargs)
  File "/app/asu_discord/cogs/analytics.py", line 652, in on_member_update
    before_timeout = before.timed_out_until
                     ^^^^^^^^^^^^^^^^^^^^^^
AttributeError: 'Member' object has no attribute 'timed_out_until'
Ignoring exception in on_member_update
Traceback (most recent call last):
  File "/usr/local/lib/python3.12/site-packages/discord/client.py", line 465, in _run_event
    await coro(*args, **kwargs)
  File "/app/asu_discord/cogs/analytics.py", line 652, in on_member_update
    before_timeout = before.timed_out_until
                     ^^^^^^^^^^^^^^^^^^^^^^
AttributeError: 'Member' object has no attribute 'timed_out_until'
Ignoring exception in on_member_update
Traceback (most recent call last):
  File "/usr/local/lib/python3.12/site-packages/discord/client.py", line 465, in _run_event
    await coro(*args, **kwargs)
  File "/app/asu_discord/cogs/analytics.py", line 652, in on_member_update
    before_timeout = before.timed_out_until
                     ^^^^^^^^^^^^^^^^^^^^^^
AttributeError: 'Member' object has no attribute 'timed_out_until'
Ignoring exception in on_member_update
Traceback (most recent call last):
  File "/usr/local/lib/python3.12/site-packages/discord/client.py", line 465, in _run_event
    await coro(*args, **kwargs)
  File "/app/asu_discord/cogs/analytics.py", line 652, in on_member_update
    before_timeout = before.timed_out_until
                     ^^^^^^^^^^^^^^^^^^^^^^
AttributeError: 'Member' object has no attribute 'timed_out_until'
Ignoring exception in on_member_update
Traceback (most recent call last):
  File "/usr/local/lib/python3.12/site-packages/discord/client.py", line 465, in _run_event
    await coro(*args, **kwargs)
  File "/app/asu_discord/cogs/analytics.py", line 652, in on_member_update
    before_timeout = before.timed_out_until
                     ^^^^^^^^^^^^^^^^^^^^^^
AttributeError: 'Member' object has no attribute 'timed_out_until'
Ignoring exception in on_member_update
Traceback (most recent call last):
  File "/usr/local/lib/python3.12/site-packages/discord/client.py", line 465, in _run_event
    await coro(*args, **kwargs)
  File "/app/asu_discord/cogs/analytics.py", line 652, in on_member_update
    before_timeout = before.timed_out_until
                     ^^^^^^^^^^^^^^^^^^^^^^
AttributeError: 'Member' object has no attribute 'timed_out_until'
Ignoring exception in on_member_update
Traceback (most recent call last):
  File "/usr/local/lib/python3.12/site-packages/discord/client.py", line 465, in _run_event
    await coro(*args, **kwargs)
  File "/app/asu_discord/cogs/analytics.py", line 652, in on_member_update
    before_timeout = before.timed_out_until
                     ^^^^^^^^^^^^^^^^^^^^^^
AttributeError: 'Member' object has no attribute 'timed_out_until'
Ignoring exception in on_member_update
Traceback (most recent call last):
  File "/usr/local/lib/python3.12/site-packages/discord/client.py", line 465, in _run_event
    await coro(*args, **kwargs)
  File "/app/asu_discord/cogs/analytics.py", line 652, in on_member_update
    before_timeout = before.timed_out_until
                     ^^^^^^^^^^^^^^^^^^^^^^
AttributeError: 'Member' object has no attribute 'timed_out_until'
Ignoring exception in on_member_update
Traceback (most recent call last):
  File "/usr/local/lib/python3.12/site-packages/discord/client.py", line 465, in _run_event
    await coro(*args, **kwargs)
  File "/app/asu_discord/cogs/analytics.py", line 652, in on_member_update
    before_timeout = before.timed_out_until
                     ^^^^^^^^^^^^^^^^^^^^^^
AttributeError: 'Member' object has no attribute 'timed_out_until'
Ignoring exception in on_member_update
Traceback (most recent call last):
  File "/usr/local/lib/python3.12/site-packages/discord/client.py", line 465, in _run_event
    await coro(*args, **kwargs)
  File "/app/asu_discord/cogs/analytics.py", line 652, in on_member_update
    before_timeout = before.timed_out_until
                     ^^^^^^^^^^^^^^^^^^^^^^
AttributeError: 'Member' object has no attribute 'timed_out_until'
Ignoring exception in on_member_update
Traceback (most recent call last):
  File "/usr/local/lib/python3.12/site-packages/discord/client.py", line 465, in _run_event
    await coro(*args, **kwargs)
  File "/app/asu_discord/cogs/analytics.py", line 652, in on_member_update
    before_timeout = before.timed_out_until
                     ^^^^^^^^^^^^^^^^^^^^^^
AttributeError: 'Member' object has no attribute 'timed_out_until'
INFO:asu_discord.cogs.verification:Saved 6 roles to database for user adllaver@asu.edu (Discord ID: 361674262764978196)
INFO:asu_discord.cogs.verification:Refreshed Salesforce roles for Discord user 361674262764978196: -6/+6 roles, assigned=[College of Liberal Arts and Sciences, First Generation Student, Online, Out of State, Transfer Student, Upperclassmen]
Ignoring exception in on_member_update
Traceback (most recent call last):
  File "/usr/local/lib/python3.12/site-packages/discord/client.py", line 465, in _run_event
    await coro(*args, **kwargs)
  File "/app/asu_discord/cogs/analytics.py", line 652, in on_member_update
    before_timeout = before.timed_out_until
                     ^^^^^^^^^^^^^^^^^^^^^^
AttributeError: 'Member' object has no attribute 'timed_out_until'
Ignoring exception in on_member_update
Traceback (most recent call last):
  File "/usr/local/lib/python3.12/site-packages/discord/client.py", line 465, in _run_event
    await coro(*args, **kwargs)
  File "/app/asu_discord/cogs/analytics.py", line 652, in on_member_update
    before_timeout = before.timed_out_until
                     ^^^^^^^^^^^^^^^^^^^^^^
AttributeError: 'Member' object has no attribute 'timed_out_until'
Ignoring exception in on_member_update
Traceback (most recent call last):
  File "/usr/local/lib/python3.12/site-packages/discord/client.py", line 465, in _run_event
    await coro(*args, **kwargs)
  File "/app/asu_discord/cogs/analytics.py", line 652, in on_member_update
    before_timeout = before.timed_out_until
                     ^^^^^^^^^^^^^^^^^^^^^^
AttributeError: 'Member' object has no attribute 'timed_out_until'
Ignoring exception in on_member_update
Traceback (most recent call last):
  File "/usr/local/lib/python3.12/site-packages/discord/client.py", line 465, in _run_event
    await coro(*args, **kwargs)
  File "/app/asu_discord/cogs/analytics.py", line 652, in on_member_update
    before_timeout = before.timed_out_until
                     ^^^^^^^^^^^^^^^^^^^^^^
AttributeError: 'Member' object has no attribute 'timed_out_until'
Ignoring exception in on_member_update
Traceback (most recent call last):
  File "/usr/local/lib/python3.12/site-packages/discord/client.py", line 465, in _run_event
    await coro(*args, **kwargs)
  File "/app/asu_discord/cogs/analytics.py", line 652, in on_member_update
    before_timeout = before.timed_out_until
                     ^^^^^^^^^^^^^^^^^^^^^^
AttributeError: 'Member' object has no attribute 'timed_out_until'
Ignoring exception in on_member_update
Traceback (most recent call last):
  File "/usr/local/lib/python3.12/site-packages/discord/client.py", line 465, in _run_event
    await coro(*args, **kwargs)
  File "/app/asu_discord/cogs/analytics.py", line 652, in on_member_update
    before_timeout = before.timed_out_until
                     ^^^^^^^^^^^^^^^^^^^^^^
AttributeError: 'Member' object has no attribute 'timed_out_until'
Ignoring exception in on_member_update
Traceback (most recent call last):
  File "/usr/local/lib/python3.12/site-packages/discord/client.py", line 465, in _run_event
    await coro(*args, **kwargs)
  File "/app/asu_discord/cogs/analytics.py", line 652, in on_member_update
    before_timeout = before.timed_out_until
                     ^^^^^^^^^^^^^^^^^^^^^^
AttributeError: 'Member' object has no attribute 'timed_out_until'
Ignoring exception in on_member_update
Traceback (most recent call last):
  File "/usr/local/lib/python3.12/site-packages/discord/client.py", line 465, in _run_event
    await coro(*args, **kwargs)
  File "/app/asu_discord/cogs/analytics.py", line 652, in on_member_update
    before_timeout = before.timed_out_until
                     ^^^^^^^^^^^^^^^^^^^^^^
AttributeError: 'Member' object has no attribute 'timed_out_until'
Ignoring exception in on_member_update
Traceback (most recent call last):
  File "/usr/local/lib/python3.12/site-packages/discord/client.py", line 465, in _run_event
    await coro(*args, **kwargs)
  File "/app/asu_discord/cogs/analytics.py", line 652, in on_member_update
    before_timeout = before.timed_out_until
                     ^^^^^^^^^^^^^^^^^^^^^^
AttributeError: 'Member' object has no attribute 'timed_out_until'
Ignoring exception in on_member_update
Traceback (most recent call last):
  File "/usr/local/lib/python3.12/site-packages/discord/client.py", line 465, in _run_event
    await coro(*args, **kwargs)
  File "/app/asu_discord/cogs/analytics.py", line 652, in on_member_update
    before_timeout = before.timed_out_until
                     ^^^^^^^^^^^^^^^^^^^^^^
AttributeError: 'Member' object has no attribute 'timed_out_until'
INFO:asu_discord.cogs.verification:Saved 5 roles to database for user asasokan@asu.edu (Discord ID: 689166278094618727)
INFO:asu_discord.cogs.verification:Refreshed Salesforce roles for Discord user 689166278094618727: -5/+5 roles, assigned=[Arizona Resident, Commited, First Year, Ira A. Fulton Schools of Engineering, Tempe]
Ignoring exception in on_member_update
Traceback (most recent call last):
  File "/usr/local/lib/python3.12/site-packages/discord/client.py", line 465, in _run_event
    await coro(*args, **kwargs)
  File "/app/asu_discord/cogs/analytics.py", line 652, in on_member_update
    before_timeout = before.timed_out_until
                     ^^^^^^^^^^^^^^^^^^^^^^
AttributeError: 'Member' object has no attribute 'timed_out_until'
Ignoring exception in on_member_update
Traceback (most recent call last):
  File "/usr/local/lib/python3.12/site-packages/discord/client.py", line 465, in _run_event
    await coro(*args, **kwargs)
  File "/app/asu_discord/cogs/analytics.py", line 652, in on_member_update
    before_timeout = before.timed_out_until
                     ^^^^^^^^^^^^^^^^^^^^^^
AttributeError: 'Member' object has no attribute 'timed_out_until'
Ignoring exception in on_member_update
Traceback (most recent call last):
  File "/usr/local/lib/python3.12/site-packages/discord/client.py", line 465, in _run_event
    await coro(*args, **kwargs)
  File "/app/asu_discord/cogs/analytics.py", line 652, in on_member_update
    before_timeout = before.timed_out_until
                     ^^^^^^^^^^^^^^^^^^^^^^
AttributeError: 'Member' object has no attribute 'timed_out_until'
Ignoring exception in on_member_update
Traceback (most recent call last):
  File "/usr/local/lib/python3.12/site-packages/discord/client.py", line 465, in _run_event
    await coro(*args, **kwargs)
  File "/app/asu_discord/cogs/analytics.py", line 652, in on_member_update
    before_timeout = before.timed_out_until
                     ^^^^^^^^^^^^^^^^^^^^^^
AttributeError: 'Member' object has no attribute 'timed_out_until'
Ignoring exception in on_member_update
Traceback (most recent call last):
  File "/usr/local/lib/python3.12/site-packages/discord/client.py", line 465, in _run_event
    await coro(*args, **kwargs)
  File "/app/asu_discord/cogs/analytics.py", line 652, in on_member_update
    before_timeout = before.timed_out_until
                     ^^^^^^^^^^^^^^^^^^^^^^
AttributeError: 'Member' object has no attribute 'timed_out_until'
Ignoring exception in on_member_update
Traceback (most recent call last):
  File "/usr/local/lib/python3.12/site-packages/discord/client.py", line 465, in _run_event
    await coro(*args, **kwargs)
  File "/app/asu_discord/cogs/analytics.py", line 652, in on_member_update
    before_timeout = before.timed_out_until
                     ^^^^^^^^^^^^^^^^^^^^^^
AttributeError: 'Member' object has no attribute 'timed_out_until'
Ignoring exception in on_member_update
Traceback (most recent call last):
  File "/usr/local/lib/python3.12/site-packages/discord/client.py", line 465, in _run_event
    await coro(*args, **kwargs)
  File "/app/asu_discord/cogs/analytics.py", line 652, in on_member_update
    before_timeout = before.timed_out_until
                     ^^^^^^^^^^^^^^^^^^^^^^
AttributeError: 'Member' object has no attribute 'timed_out_until'
Ignoring exception in on_member_update
Traceback (most recent call last):
  File "/usr/local/lib/python3.12/site-packages/discord/client.py", line 465, in _run_event
    await coro(*args, **kwargs)
  File "/app/asu_discord/cogs/analytics.py", line 652, in on_member_update
    before_timeout = before.timed_out_until
                     ^^^^^^^^^^^^^^^^^^^^^^
AttributeError: 'Member' object has no attribute 'timed_out_until'
Ignoring exception in on_member_update
Traceback (most recent call last):
  File "/usr/local/lib/python3.12/site-packages/discord/client.py", line 465, in _run_event
    await coro(*args, **kwargs)
  File "/app/asu_discord/cogs/analytics.py", line 652, in on_member_update
    before_timeout = before.timed_out_until
                     ^^^^^^^^^^^^^^^^^^^^^^
AttributeError: 'Member' object has no attribute 'timed_out_until'
Ignoring exception in on_member_update
Traceback (most recent call last):
  File "/usr/local/lib/python3.12/site-packages/discord/client.py", line 465, in _run_event
    await coro(*args, **kwargs)
  File "/app/asu_discord/cogs/analytics.py", line 652, in on_member_update
    before_timeout = before.timed_out_until
                     ^^^^^^^^^^^^^^^^^^^^^^
AttributeError: 'Member' object has no attribute 'timed_out_until'
INFO:asu_discord.cogs.verification:Saved 5 roles to database for user psamaya1@asu.edu (Discord ID: 1103699689599156254)
INFO:asu_discord.cogs.verification:Refreshed Salesforce roles for Discord user 1103699689599156254: -5/+5 roles, assigned=[Commited, Graduate Student, International Student, Ira A. Fulton Schools of Engineering, Tempe]
Ignoring exception in on_member_update
Traceback (most recent call last):
  File "/usr/local/lib/python3.12/site-packages/discord/client.py", line 465, in _run_event
    await coro(*args, **kwargs)
  File "/app/asu_discord/cogs/analytics.py", line 652, in on_member_update
    before_timeout = before.timed_out_until
                     ^^^^^^^^^^^^^^^^^^^^^^
AttributeError: 'Member' object has no attribute 'timed_out_until'
Ignoring exception in on_member_update
Traceback (most recent call last):
  File "/usr/local/lib/python3.12/site-packages/discord/client.py", line 465, in _run_event
    await coro(*args, **kwargs)
  File "/app/asu_discord/cogs/analytics.py", line 652, in on_member_update
    before_timeout = before.timed_out_until
                     ^^^^^^^^^^^^^^^^^^^^^^
AttributeError: 'Member' object has no attribute 'timed_out_until'
Ignoring exception in on_member_update
Traceback (most recent call last):
  File "/usr/local/lib/python3.12/site-packages/discord/client.py", line 465, in _run_event
    await coro(*args, **kwargs)
  File "/app/asu_discord/cogs/analytics.py", line 652, in on_member_update
    before_timeout = before.timed_out_until
                     ^^^^^^^^^^^^^^^^^^^^^^
AttributeError: 'Member' object has no attribute 'timed_out_until'
Ignoring exception in on_member_update
Traceback (most recent call last):
  File "/usr/local/lib/python3.12/site-packages/discord/client.py", line 465, in _run_event
    await coro(*args, **kwargs)
  File "/app/asu_discord/cogs/analytics.py", line 652, in on_member_update
    before_timeout = before.timed_out_until
                     ^^^^^^^^^^^^^^^^^^^^^^
AttributeError: 'Member' object has no attribute 'timed_out_until'
Ignoring exception in on_member_update
Traceback (most recent call last):
  File "/usr/local/lib/python3.12/site-packages/discord/client.py", line 465, in _run_event
    await coro(*args, **kwargs)
  File "/app/asu_discord/cogs/analytics.py", line 652, in on_member_update
    before_timeout = before.timed_out_until
                     ^^^^^^^^^^^^^^^^^^^^^^
AttributeError: 'Member' object has no attribute 'timed_out_until'
Ignoring exception in on_member_update
Traceback (most recent call last):
  File "/usr/local/lib/python3.12/site-packages/discord/client.py", line 465, in _run_event
    await coro(*args, **kwargs)
  File "/app/asu_discord/cogs/analytics.py", line 652, in on_member_update
    before_timeout = before.timed_out_until
                     ^^^^^^^^^^^^^^^^^^^^^^
AttributeError: 'Member' object has no attribute 'timed_out_until'
Ignoring exception in on_member_update
Traceback (most recent call last):
  File "/usr/local/lib/python3.12/site-packages/discord/client.py", line 465, in _run_event
    await coro(*args, **kwargs)
  File "/app/asu_discord/cogs/analytics.py", line 652, in on_member_update
    before_timeout = before.timed_out_until
                     ^^^^^^^^^^^^^^^^^^^^^^
AttributeError: 'Member' object has no attribute 'timed_out_until'
Ignoring exception in on_member_update
Traceback (most recent call last):
  File "/usr/local/lib/python3.12/site-packages/discord/client.py", line 465, in _run_event
    await coro(*args, **kwargs)
  File "/app/asu_discord/cogs/analytics.py", line 652, in on_member_update
    before_timeout = before.timed_out_until
                     ^^^^^^^^^^^^^^^^^^^^^^
AttributeError: 'Member' object has no attribute 'timed_out_until'
Ignoring exception in on_member_update
Traceback (most recent call last):
  File "/usr/local/lib/python3.12/site-packages/discord/client.py", line 465, in _run_event
    await coro(*args, **kwargs)
  File "/app/asu_discord/cogs/analytics.py", line 652, in on_member_update
    before_timeout = before.timed_out_until
                     ^^^^^^^^^^^^^^^^^^^^^^
AttributeError: 'Member' object has no attribute 'timed_out_until'
Ignoring exception in on_member_update
Traceback (most recent call last):
  File "/usr/local/lib/python3.12/site-packages/discord/client.py", line 465, in _run_event
    await coro(*args, **kwargs)
  File "/app/asu_discord/cogs/analytics.py", line 652, in on_member_update
    before_timeout = before.timed_out_until
                     ^^^^^^^^^^^^^^^^^^^^^^
AttributeError: 'Member' object has no attribute 'timed_out_until'
INFO:asu_discord.cogs.verification:Saved 5 roles to database for user nneyland@asu.edu (Discord ID: 792152410721222686)
INFO:asu_discord.cogs.verification:Refreshed Salesforce roles for Discord user 792152410721222686: -5/+5 roles, assigned=[Commited, First Year, Ira A. Fulton Schools of Engineering, Out of State, Tempe]
ERROR:cron.jobs:refresh_salesforce_roles: failed for satlur19 (Discord ID 1244263386494140489): Failed to refresh Salesforce-based roles: Discord user 1244263386494140489 is not a member of the guild
Ignoring exception in on_member_update
Traceback (most recent call last):
  File "/usr/local/lib/python3.12/site-packages/discord/client.py", line 465, in _run_event
    await coro(*args, **kwargs)
  File "/app/asu_discord/cogs/analytics.py", line 652, in on_member_update
    before_timeout = before.timed_out_until
                     ^^^^^^^^^^^^^^^^^^^^^^
AttributeError: 'Member' object has no attribute 'timed_out_until'
Ignoring exception in on_member_update
Traceback (most recent call last):
  File "/usr/local/lib/python3.12/site-packages/discord/client.py", line 465, in _run_event
    await coro(*args, **kwargs)
  File "/app/asu_discord/cogs/analytics.py", line 652, in on_member_update
    before_timeout = before.timed_out_until
                     ^^^^^^^^^^^^^^^^^^^^^^
AttributeError: 'Member' object has no attribute 'timed_out_until'
Ignoring exception in on_member_update
Traceback (most recent call last):
  File "/usr/local/lib/python3.12/site-packages/discord/client.py", line 465, in _run_event
    await coro(*args, **kwargs)
  File "/app/asu_discord/cogs/analytics.py", line 652, in on_member_update
    before_timeout = before.timed_out_until
                     ^^^^^^^^^^^^^^^^^^^^^^
AttributeError: 'Member' object has no attribute 'timed_out_until'
Ignoring exception in on_member_update
Traceback (most recent call last):
  File "/usr/local/lib/python3.12/site-packages/discord/client.py", line 465, in _run_event
    await coro(*args, **kwargs)
  File "/app/asu_discord/cogs/analytics.py", line 652, in on_member_update
    before_timeout = before.timed_out_until
                     ^^^^^^^^^^^^^^^^^^^^^^
AttributeError: 'Member' object has no attribute 'timed_out_until'
Ignoring exception in on_member_update
Traceback (most recent call last):
  File "/usr/local/lib/python3.12/site-packages/discord/client.py", line 465, in _run_event
    await coro(*args, **kwargs)
  File "/app/asu_discord/cogs/analytics.py", line 652, in on_member_update
    before_timeout = before.timed_out_until
                     ^^^^^^^^^^^^^^^^^^^^^^
AttributeError: 'Member' object has no attribute 'timed_out_until'
Ignoring exception in on_member_update
Traceback (most recent call last):
  File "/usr/local/lib/python3.12/site-packages/discord/client.py", line 465, in _run_event
    await coro(*args, **kwargs)
  File "/app/asu_discord/cogs/analytics.py", line 652, in on_member_update
    before_timeout = before.timed_out_until
                     ^^^^^^^^^^^^^^^^^^^^^^
AttributeError: 'Member' object has no attribute 'timed_out_until'
Ignoring exception in on_member_update
Traceback (most recent call last):
  File "/usr/local/lib/python3.12/site-packages/discord/client.py", line 465, in _run_event
    await coro(*args, **kwargs)
  File "/app/asu_discord/cogs/analytics.py", line 652, in on_member_update
    before_timeout = before.timed_out_until
                     ^^^^^^^^^^^^^^^^^^^^^^
AttributeError: 'Member' object has no attribute 'timed_out_until'
Ignoring exception in on_member_update
Traceback (most recent call last):
  File "/usr/local/lib/python3.12/site-packages/discord/client.py", line 465, in _run_event
    await coro(*args, **kwargs)
  File "/app/asu_discord/cogs/analytics.py", line 652, in on_member_update
    before_timeout = before.timed_out_until
                     ^^^^^^^^^^^^^^^^^^^^^^
AttributeError: 'Member' object has no attribute 'timed_out_until'
Ignoring exception in on_member_update
Traceback (most recent call last):
  File "/usr/local/lib/python3.12/site-packages/discord/client.py", line 465, in _run_event
    await coro(*args, **kwargs)
  File "/app/asu_discord/cogs/analytics.py", line 652, in on_member_update
    before_timeout = before.timed_out_until
                     ^^^^^^^^^^^^^^^^^^^^^^
AttributeError: 'Member' object has no attribute 'timed_out_until'
Ignoring exception in on_member_update
Traceback (most recent call last):
  File "/usr/local/lib/python3.12/site-packages/discord/client.py", line 465, in _run_event
    await coro(*args, **kwargs)
  File "/app/asu_discord/cogs/analytics.py", line 652, in on_member_update
    before_timeout = before.timed_out_until
                     ^^^^^^^^^^^^^^^^^^^^^^
AttributeError: 'Member' object has no attribute 'timed_out_until'
Ignoring exception in on_member_update
Traceback (most recent call last):
  File "/usr/local/lib/python3.12/site-packages/discord/client.py", line 465, in _run_event
    await coro(*args, **kwargs)
  File "/app/asu_discord/cogs/analytics.py", line 652, in on_member_update
    before_timeout = before.timed_out_until
                     ^^^^^^^^^^^^^^^^^^^^^^
AttributeError: 'Member' object has no attribute 'timed_out_until'
Ignoring exception in on_member_update
Traceback (most recent call last):
  File "/usr/local/lib/python3.12/site-packages/discord/client.py", line 465, in _run_event
    await coro(*args, **kwargs)
  File "/app/asu_discord/cogs/analytics.py", line 652, in on_member_update
    before_timeout = before.timed_out_until
                     ^^^^^^^^^^^^^^^^^^^^^^
AttributeError: 'Member' object has no attribute 'timed_out_until'
INFO:asu_discord.cogs.verification:Saved 6 roles to database for user msborman@asu.edu (Discord ID: 651923132461875201)
INFO:asu_discord.cogs.verification:Refreshed Salesforce roles for Discord user 651923132461875201: -6/+6 roles, assigned=[Arizona Resident, College of Liberal Arts and Sciences, Commited, First Generation Student, Tempe, Transfer Student]
Ignoring exception in on_member_update
Traceback (most recent call last):
  File "/usr/local/lib/python3.12/site-packages/discord/client.py", line 465, in _run_event
    await coro(*args, **kwargs)
  File "/app/asu_discord/cogs/analytics.py", line 652, in on_member_update
    before_timeout = before.timed_out_until
                     ^^^^^^^^^^^^^^^^^^^^^^
AttributeError: 'Member' object has no attribute 'timed_out_until'
Ignoring exception in on_member_update
Traceback (most recent call last):
  File "/usr/local/lib/python3.12/site-packages/discord/client.py", line 465, in _run_event
    await coro(*args, **kwargs)
  File "/app/asu_discord/cogs/analytics.py", line 652, in on_member_update
    before_timeout = before.timed_out_until
                     ^^^^^^^^^^^^^^^^^^^^^^
AttributeError: 'Member' object has no attribute 'timed_out_until'
Ignoring exception in on_member_update
Traceback (most recent call last):
  File "/usr/local/lib/python3.12/site-packages/discord/client.py", line 465, in _run_event
    await coro(*args, **kwargs)
  File "/app/asu_discord/cogs/analytics.py", line 652, in on_member_update
    before_timeout = before.timed_out_until
                     ^^^^^^^^^^^^^^^^^^^^^^
AttributeError: 'Member' object has no attribute 'timed_out_until'
Ignoring exception in on_member_update
Traceback (most recent call last):
  File "/usr/local/lib/python3.12/site-packages/discord/client.py", line 465, in _run_event
    await coro(*args, **kwargs)
  File "/app/asu_discord/cogs/analytics.py", line 652, in on_member_update
    before_timeout = before.timed_out_until
                     ^^^^^^^^^^^^^^^^^^^^^^
AttributeError: 'Member' object has no attribute 'timed_out_until'
Ignoring exception in on_member_update
Traceback (most recent call last):
  File "/usr/local/lib/python3.12/site-packages/discord/client.py", line 465, in _run_event
    await coro(*args, **kwargs)
  File "/app/asu_discord/cogs/analytics.py", line 652, in on_member_update
    before_timeout = before.timed_out_until
                     ^^^^^^^^^^^^^^^^^^^^^^
AttributeError: 'Member' object has no attribute 'timed_out_until'
Ignoring exception in on_member_update
Traceback (most recent call last):
  File "/usr/local/lib/python3.12/site-packages/discord/client.py", line 465, in _run_event
    await coro(*args, **kwargs)
  File "/app/asu_discord/cogs/analytics.py", line 652, in on_member_update
    before_timeout = before.timed_out_until
                     ^^^^^^^^^^^^^^^^^^^^^^
AttributeError: 'Member' object has no attribute 'timed_out_until'
Ignoring exception in on_member_update
Traceback (most recent call last):
  File "/usr/local/lib/python3.12/site-packages/discord/client.py", line 465, in _run_event
    await coro(*args, **kwargs)
  File "/app/asu_discord/cogs/analytics.py", line 652, in on_member_update
    before_timeout = before.timed_out_until
                     ^^^^^^^^^^^^^^^^^^^^^^
AttributeError: 'Member' object has no attribute 'timed_out_until'
Ignoring exception in on_member_update
Traceback (most recent call last):
  File "/usr/local/lib/python3.12/site-packages/discord/client.py", line 465, in _run_event
    await coro(*args, **kwargs)
  File "/app/asu_discord/cogs/analytics.py", line 652, in on_member_update
    before_timeout = before.timed_out_until
                     ^^^^^^^^^^^^^^^^^^^^^^
AttributeError: 'Member' object has no attribute 'timed_out_until'
Ignoring exception in on_member_update
Traceback (most recent call last):
  File "/usr/local/lib/python3.12/site-packages/discord/client.py", line 465, in _run_event
    await coro(*args, **kwargs)
  File "/app/asu_discord/cogs/analytics.py", line 652, in on_member_update
    before_timeout = before.timed_out_until
                     ^^^^^^^^^^^^^^^^^^^^^^
AttributeError: 'Member' object has no attribute 'timed_out_until'
Ignoring exception in on_member_update
Traceback (most recent call last):
  File "/usr/local/lib/python3.12/site-packages/discord/client.py", line 465, in _run_event
    await coro(*args, **kwargs)
  File "/app/asu_discord/cogs/analytics.py", line 652, in on_member_update
    before_timeout = before.timed_out_until
                     ^^^^^^^^^^^^^^^^^^^^^^
AttributeError: 'Member' object has no attribute 'timed_out_until'
INFO:asu_discord.cogs.verification:Saved 6 roles to database for user pwesson1@asu.edu (Discord ID: 543832374098788363)
INFO:asu_discord.cogs.verification:Refreshed Salesforce roles for Discord user 543832374098788363: -4/+6 roles, assigned=[Commited, First Generation Student, First Year, New College of Interdisciplinary Arts and Sciences, Out of State, West Valley]
Ignoring exception in on_member_update
Traceback (most recent call last):
  File "/usr/local/lib/python3.12/site-packages/discord/client.py", line 465, in _run_event
    await coro(*args, **kwargs)
  File "/app/asu_discord/cogs/analytics.py", line 652, in on_member_update
    before_timeout = before.timed_out_until
                     ^^^^^^^^^^^^^^^^^^^^^^
AttributeError: 'Member' object has no attribute 'timed_out_until'
Ignoring exception in on_member_update
Traceback (most recent call last):
  File "/usr/local/lib/python3.12/site-packages/discord/client.py", line 465, in _run_event
    await coro(*args, **kwargs)
  File "/app/asu_discord/cogs/analytics.py", line 652, in on_member_update
    before_timeout = before.timed_out_until
                     ^^^^^^^^^^^^^^^^^^^^^^
AttributeError: 'Member' object has no attribute 'timed_out_until'
Ignoring exception in on_member_update
Traceback (most recent call last):
  File "/usr/local/lib/python3.12/site-packages/discord/client.py", line 465, in _run_event
    await coro(*args, **kwargs)
  File "/app/asu_discord/cogs/analytics.py", line 652, in on_member_update
    before_timeout = before.timed_out_until
                     ^^^^^^^^^^^^^^^^^^^^^^
AttributeError: 'Member' object has no attribute 'timed_out_until'
Ignoring exception in on_member_update
Traceback (most recent call last):
  File "/usr/local/lib/python3.12/site-packages/discord/client.py", line 465, in _run_event
    await coro(*args, **kwargs)
  File "/app/asu_discord/cogs/analytics.py", line 652, in on_member_update
    before_timeout = before.timed_out_until
                     ^^^^^^^^^^^^^^^^^^^^^^
AttributeError: 'Member' object has no attribute 'timed_out_until'
Ignoring exception in on_member_update
Traceback (most recent call last):
  File "/usr/local/lib/python3.12/site-packages/discord/client.py", line 465, in _run_event
    await coro(*args, **kwargs)
  File "/app/asu_discord/cogs/analytics.py", line 652, in on_member_update
    before_timeout = before.timed_out_until
                     ^^^^^^^^^^^^^^^^^^^^^^
AttributeError: 'Member' object has no attribute 'timed_out_until'
Ignoring exception in on_member_update
Traceback (most recent call last):
  File "/usr/local/lib/python3.12/site-packages/discord/client.py", line 465, in _run_event
    await coro(*args, **kwargs)
  File "/app/asu_discord/cogs/analytics.py", line 652, in on_member_update
    before_timeout = before.timed_out_until
                     ^^^^^^^^^^^^^^^^^^^^^^
AttributeError: 'Member' object has no attribute 'timed_out_until'
Ignoring exception in on_member_update
Traceback (most recent call last):
  File "/usr/local/lib/python3.12/site-packages/discord/client.py", line 465, in _run_event
    await coro(*args, **kwargs)
  File "/app/asu_discord/cogs/analytics.py", line 652, in on_member_update
    before_timeout = before.timed_out_until
                     ^^^^^^^^^^^^^^^^^^^^^^
AttributeError: 'Member' object has no attribute 'timed_out_until'
Ignoring exception in on_member_update
Traceback (most recent call last):
  File "/usr/local/lib/python3.12/site-packages/discord/client.py", line 465, in _run_event
    await coro(*args, **kwargs)
  File "/app/asu_discord/cogs/analytics.py", line 652, in on_member_update
    before_timeout = before.timed_out_until
                     ^^^^^^^^^^^^^^^^^^^^^^
AttributeError: 'Member' object has no attribute 'timed_out_until'
Ignoring exception in on_member_update
Traceback (most recent call last):
  File "/usr/local/lib/python3.12/site-packages/discord/client.py", line 465, in _run_event
    await coro(*args, **kwargs)
  File "/app/asu_discord/cogs/analytics.py", line 652, in on_member_update
    before_timeout = before.timed_out_until
                     ^^^^^^^^^^^^^^^^^^^^^^
AttributeError: 'Member' object has no attribute 'timed_out_until'
INFO:asu_discord.cogs.verification:Saved 5 roles to database for user ditracy@asu.edu (Discord ID: 247233971686080513)
INFO:asu_discord.cogs.verification:Refreshed Salesforce roles for Discord user 247233971686080513: -5/+4 roles, assigned=[College of Liberal Arts and Sciences, Online, Out of State, Transfer Student, Upperclassmen]
Ignoring exception in on_member_update
Traceback (most recent call last):
  File "/usr/local/lib/python3.12/site-packages/discord/client.py", line 465, in _run_event
    await coro(*args, **kwargs)
  File "/app/asu_discord/cogs/analytics.py", line 652, in on_member_update
    before_timeout = before.timed_out_until
                     ^^^^^^^^^^^^^^^^^^^^^^
AttributeError: 'Member' object has no attribute 'timed_out_until'
Ignoring exception in on_member_update
Traceback (most recent call last):
  File "/usr/local/lib/python3.12/site-packages/discord/client.py", line 465, in _run_event
    await coro(*args, **kwargs)
  File "/app/asu_discord/cogs/analytics.py", line 652, in on_member_update
    before_timeout = before.timed_out_until
                     ^^^^^^^^^^^^^^^^^^^^^^
AttributeError: 'Member' object has no attribute 'timed_out_until'
Ignoring exception in on_member_update
Traceback (most recent call last):
  File "/usr/local/lib/python3.12/site-packages/discord/client.py", line 465, in _run_event
    await coro(*args, **kwargs)
  File "/app/asu_discord/cogs/analytics.py", line 652, in on_member_update
    before_timeout = before.timed_out_until
                     ^^^^^^^^^^^^^^^^^^^^^^
AttributeError: 'Member' object has no attribute 'timed_out_until'
Ignoring exception in on_member_update
Traceback (most recent call last):
  File "/usr/local/lib/python3.12/site-packages/discord/client.py", line 465, in _run_event
    await coro(*args, **kwargs)
  File "/app/asu_discord/cogs/analytics.py", line 652, in on_member_update
    before_timeout = before.timed_out_until
                     ^^^^^^^^^^^^^^^^^^^^^^
AttributeError: 'Member' object has no attribute 'timed_out_until'
Ignoring exception in on_member_update
Traceback (most recent call last):
  File "/usr/local/lib/python3.12/site-packages/discord/client.py", line 465, in _run_event
    await coro(*args, **kwargs)
  File "/app/asu_discord/cogs/analytics.py", line 652, in on_member_update
    before_timeout = before.timed_out_until
                     ^^^^^^^^^^^^^^^^^^^^^^
AttributeError: 'Member' object has no attribute 'timed_out_until'
Ignoring exception in on_member_update
Traceback (most recent call last):
  File "/usr/local/lib/python3.12/site-packages/discord/client.py", line 465, in _run_event
    await coro(*args, **kwargs)
  File "/app/asu_discord/cogs/analytics.py", line 652, in on_member_update
    before_timeout = before.timed_out_until
                     ^^^^^^^^^^^^^^^^^^^^^^
AttributeError: 'Member' object has no attribute 'timed_out_until'
Ignoring exception in on_member_update
Traceback (most recent call last):
  File "/usr/local/lib/python3.12/site-packages/discord/client.py", line 465, in _run_event
    await coro(*args, **kwargs)
  File "/app/asu_discord/cogs/analytics.py", line 652, in on_member_update
    before_timeout = before.timed_out_until
                     ^^^^^^^^^^^^^^^^^^^^^^
AttributeError: 'Member' object has no attribute 'timed_out_until'
Ignoring exception in on_member_update
Traceback (most recent call last):
  File "/usr/local/lib/python3.12/site-packages/discord/client.py", line 465, in _run_event
    await coro(*args, **kwargs)
  File "/app/asu_discord/cogs/analytics.py", line 652, in on_member_update
    before_timeout = before.timed_out_until
                     ^^^^^^^^^^^^^^^^^^^^^^
AttributeError: 'Member' object has no attribute 'timed_out_until'
Ignoring exception in on_member_update
Traceback (most recent call last):
  File "/usr/local/lib/python3.12/site-packages/discord/client.py", line 465, in _run_event
    await coro(*args, **kwargs)
  File "/app/asu_discord/cogs/analytics.py", line 652, in on_member_update
    before_timeout = before.timed_out_until
                     ^^^^^^^^^^^^^^^^^^^^^^
AttributeError: 'Member' object has no attribute 'timed_out_until'
Ignoring exception in on_member_update
Traceback (most recent call last):
  File "/usr/local/lib/python3.12/site-packages/discord/client.py", line 465, in _run_event
    await coro(*args, **kwargs)
  File "/app/asu_discord/cogs/analytics.py", line 652, in on_member_update
    before_timeout = before.timed_out_until
                     ^^^^^^^^^^^^^^^^^^^^^^
AttributeError: 'Member' object has no attribute 'timed_out_until'
INFO:asu_discord.cogs.verification:Saved 5 roles to database for user jjhughe9@asu.edu (Discord ID: 1307852463193325618)
INFO:asu_discord.cogs.verification:Refreshed Salesforce roles for Discord user 1307852463193325618: -5/+5 roles, assigned=[College of Liberal Arts and Sciences, Commited, First Year, Out of State, Tempe]
Ignoring exception in on_member_update
Traceback (most recent call last):
  File "/usr/local/lib/python3.12/site-packages/discord/client.py", line 465, in _run_event
    await coro(*args, **kwargs)
  File "/app/asu_discord/cogs/analytics.py", line 652, in on_member_update
    before_timeout = before.timed_out_until
                     ^^^^^^^^^^^^^^^^^^^^^^
AttributeError: 'Member' object has no attribute 'timed_out_until'
Ignoring exception in on_member_update
Traceback (most recent call last):
  File "/usr/local/lib/python3.12/site-packages/discord/client.py", line 465, in _run_event
    await coro(*args, **kwargs)
  File "/app/asu_discord/cogs/analytics.py", line 652, in on_member_update
    before_timeout = before.timed_out_until
                     ^^^^^^^^^^^^^^^^^^^^^^
AttributeError: 'Member' object has no attribute 'timed_out_until'
Ignoring exception in on_member_update
Traceback (most recent call last):
  File "/usr/local/lib/python3.12/site-packages/discord/client.py", line 465, in _run_event
    await coro(*args, **kwargs)
  File "/app/asu_discord/cogs/analytics.py", line 652, in on_member_update
    before_timeout = before.timed_out_until
                     ^^^^^^^^^^^^^^^^^^^^^^
AttributeError: 'Member' object has no attribute 'timed_out_until'
Ignoring exception in on_member_update
Traceback (most recent call last):
  File "/usr/local/lib/python3.12/site-packages/discord/client.py", line 465, in _run_event
    await coro(*args, **kwargs)
  File "/app/asu_discord/cogs/analytics.py", line 652, in on_member_update
    before_timeout = before.timed_out_until
                     ^^^^^^^^^^^^^^^^^^^^^^
AttributeError: 'Member' object has no attribute 'timed_out_until'
Ignoring exception in on_member_update
Traceback (most recent call last):
  File "/usr/local/lib/python3.12/site-packages/discord/client.py", line 465, in _run_event
    await coro(*args, **kwargs)
  File "/app/asu_discord/cogs/analytics.py", line 652, in on_member_update
    before_timeout = before.timed_out_until
                     ^^^^^^^^^^^^^^^^^^^^^^
AttributeError: 'Member' object has no attribute 'timed_out_until'
Ignoring exception in on_member_update
Traceback (most recent call last):
  File "/usr/local/lib/python3.12/site-packages/discord/client.py", line 465, in _run_event
    await coro(*args, **kwargs)
  File "/app/asu_discord/cogs/analytics.py", line 652, in on_member_update
    before_timeout = before.timed_out_until
                     ^^^^^^^^^^^^^^^^^^^^^^
AttributeError: 'Member' object has no attribute 'timed_out_until'
Ignoring exception in on_member_update
Traceback (most recent call last):
  File "/usr/local/lib/python3.12/site-packages/discord/client.py", line 465, in _run_event
    await coro(*args, **kwargs)
  File "/app/asu_discord/cogs/analytics.py", line 652, in on_member_update
    before_timeout = before.timed_out_until
                     ^^^^^^^^^^^^^^^^^^^^^^
AttributeError: 'Member' object has no attribute 'timed_out_until'
INFO:asu_discord.cogs.verification:Saved 4 roles to database for user bumak@asu.edu (Discord ID: 470996005605605388)
INFO:asu_discord.cogs.verification:Refreshed Salesforce roles for Discord user 470996005605605388: -4/+3 roles, assigned=[First Year, International Student, Ira A. Fulton Schools of Engineering, Tempe]
Ignoring exception in on_member_update
Traceback (most recent call last):
  File "/usr/local/lib/python3.12/site-packages/discord/client.py", line 465, in _run_event
    await coro(*args, **kwargs)
  File "/app/asu_discord/cogs/analytics.py", line 652, in on_member_update
    before_timeout = before.timed_out_until
                     ^^^^^^^^^^^^^^^^^^^^^^
AttributeError: 'Member' object has no attribute 'timed_out_until'
Ignoring exception in on_member_update
Traceback (most recent call last):
  File "/usr/local/lib/python3.12/site-packages/discord/client.py", line 465, in _run_event
    await coro(*args, **kwargs)
  File "/app/asu_discord/cogs/analytics.py", line 652, in on_member_update
    before_timeout = before.timed_out_until
                     ^^^^^^^^^^^^^^^^^^^^^^
AttributeError: 'Member' object has no attribute 'timed_out_until'
Ignoring exception in on_member_update
Traceback (most recent call last):
  File "/usr/local/lib/python3.12/site-packages/discord/client.py", line 465, in _run_event
    await coro(*args, **kwargs)
  File "/app/asu_discord/cogs/analytics.py", line 652, in on_member_update
    before_timeout = before.timed_out_until
                     ^^^^^^^^^^^^^^^^^^^^^^
AttributeError: 'Member' object has no attribute 'timed_out_until'
Ignoring exception in on_member_update
Traceback (most recent call last):
  File "/usr/local/lib/python3.12/site-packages/discord/client.py", line 465, in _run_event
    await coro(*args, **kwargs)
  File "/app/asu_discord/cogs/analytics.py", line 652, in on_member_update
    before_timeout = before.timed_out_until
                     ^^^^^^^^^^^^^^^^^^^^^^
AttributeError: 'Member' object has no attribute 'timed_out_until'
Ignoring exception in on_member_update
Traceback (most recent call last):
  File "/usr/local/lib/python3.12/site-packages/discord/client.py", line 465, in _run_event
    await coro(*args, **kwargs)
  File "/app/asu_discord/cogs/analytics.py", line 652, in on_member_update
    before_timeout = before.timed_out_until
                     ^^^^^^^^^^^^^^^^^^^^^^
AttributeError: 'Member' object has no attribute 'timed_out_until'
Ignoring exception in on_member_update
Traceback (most recent call last):
  File "/usr/local/lib/python3.12/site-packages/discord/client.py", line 465, in _run_event
    await coro(*args, **kwargs)
  File "/app/asu_discord/cogs/analytics.py", line 652, in on_member_update
    before_timeout = before.timed_out_until
                     ^^^^^^^^^^^^^^^^^^^^^^
AttributeError: 'Member' object has no attribute 'timed_out_until'
Ignoring exception in on_member_update
Traceback (most recent call last):
  File "/usr/local/lib/python3.12/site-packages/discord/client.py", line 465, in _run_event
    await coro(*args, **kwargs)
  File "/app/asu_discord/cogs/analytics.py", line 652, in on_member_update
    before_timeout = before.timed_out_until
                     ^^^^^^^^^^^^^^^^^^^^^^
AttributeError: 'Member' object has no attribute 'timed_out_until'
Ignoring exception in on_member_update
Traceback (most recent call last):
  File "/usr/local/lib/python3.12/site-packages/discord/client.py", line 465, in _run_event
    await coro(*args, **kwargs)
  File "/app/asu_discord/cogs/analytics.py", line 652, in on_member_update
    before_timeout = before.timed_out_until
                     ^^^^^^^^^^^^^^^^^^^^^^
AttributeError: 'Member' object has no attribute 'timed_out_until'
Ignoring exception in on_member_update
Traceback (most recent call last):
  File "/usr/local/lib/python3.12/site-packages/discord/client.py", line 465, in _run_event
    await coro(*args, **kwargs)
  File "/app/asu_discord/cogs/analytics.py", line 652, in on_member_update
    before_timeout = before.timed_out_until
                     ^^^^^^^^^^^^^^^^^^^^^^
AttributeError: 'Member' object has no attribute 'timed_out_until'
Ignoring exception in on_member_update
Traceback (most recent call last):
  File "/usr/local/lib/python3.12/site-packages/discord/client.py", line 465, in _run_event
    await coro(*args, **kwargs)
  File "/app/asu_discord/cogs/analytics.py", line 652, in on_member_update
    before_timeout = before.timed_out_until
                     ^^^^^^^^^^^^^^^^^^^^^^
AttributeError: 'Member' object has no attribute 'timed_out_until'
Ignoring exception in on_member_update
Traceback (most recent call last):
  File "/usr/local/lib/python3.12/site-packages/discord/client.py", line 465, in _run_event
    await coro(*args, **kwargs)
  File "/app/asu_discord/cogs/analytics.py", line 652, in on_member_update
    before_timeout = before.timed_out_until
                     ^^^^^^^^^^^^^^^^^^^^^^
AttributeError: 'Member' object has no attribute 'timed_out_until'
INFO:asu_discord.cogs.verification:Saved 6 roles to database for user cdenner@asu.edu (Discord ID: 1063133236450033714)
INFO:asu_discord.cogs.verification:Refreshed Salesforce roles for Discord user 1063133236450033714: -6/+5 roles, assigned=[First Generation Student, Ira A. Fulton Schools of Engineering, Online, Out of State, Transfer Student, Upperclassmen]
Ignoring exception in on_member_update
Traceback (most recent call last):
  File "/usr/local/lib/python3.12/site-packages/discord/client.py", line 465, in _run_event
    await coro(*args, **kwargs)
  File "/app/asu_discord/cogs/analytics.py", line 652, in on_member_update
    before_timeout = before.timed_out_until
                     ^^^^^^^^^^^^^^^^^^^^^^
AttributeError: 'Member' object has no attribute 'timed_out_until'
Ignoring exception in on_member_update
Traceback (most recent call last):
  File "/usr/local/lib/python3.12/site-packages/discord/client.py", line 465, in _run_event
    await coro(*args, **kwargs)
  File "/app/asu_discord/cogs/analytics.py", line 652, in on_member_update
    before_timeout = before.timed_out_until
                     ^^^^^^^^^^^^^^^^^^^^^^
AttributeError: 'Member' object has no attribute 'timed_out_until'
Ignoring exception in on_member_update
Traceback (most recent call last):
  File "/usr/local/lib/python3.12/site-packages/discord/client.py", line 465, in _run_event
    await coro(*args, **kwargs)
  File "/app/asu_discord/cogs/analytics.py", line 652, in on_member_update
    before_timeout = before.timed_out_until
                     ^^^^^^^^^^^^^^^^^^^^^^
AttributeError: 'Member' object has no attribute 'timed_out_until'
Ignoring exception in on_member_update
Traceback (most recent call last):
  File "/usr/local/lib/python3.12/site-packages/discord/client.py", line 465, in _run_event
    await coro(*args, **kwargs)
  File "/app/asu_discord/cogs/analytics.py", line 652, in on_member_update
    before_timeout = before.timed_out_until
                     ^^^^^^^^^^^^^^^^^^^^^^
AttributeError: 'Member' object has no attribute 'timed_out_until'
Ignoring exception in on_member_update
Traceback (most recent call last):
  File "/usr/local/lib/python3.12/site-packages/discord/client.py", line 465, in _run_event
    await coro(*args, **kwargs)
  File "/app/asu_discord/cogs/analytics.py", line 652, in on_member_update
    before_timeout = before.timed_out_until
                     ^^^^^^^^^^^^^^^^^^^^^^
AttributeError: 'Member' object has no attribute 'timed_out_until'
Ignoring exception in on_member_update
Traceback (most recent call last):
  File "/usr/local/lib/python3.12/site-packages/discord/client.py", line 465, in _run_event
    await coro(*args, **kwargs)
  File "/app/asu_discord/cogs/analytics.py", line 652, in on_member_update
    before_timeout = before.timed_out_until
                     ^^^^^^^^^^^^^^^^^^^^^^
AttributeError: 'Member' object has no attribute 'timed_out_until'
Ignoring exception in on_member_update
Traceback (most recent call last):
  File "/usr/local/lib/python3.12/site-packages/discord/client.py", line 465, in _run_event
    await coro(*args, **kwargs)
  File "/app/asu_discord/cogs/analytics.py", line 652, in on_member_update
    before_timeout = before.timed_out_until
                     ^^^^^^^^^^^^^^^^^^^^^^
AttributeError: 'Member' object has no attribute 'timed_out_until'
Ignoring exception in on_member_update
Traceback (most recent call last):
  File "/usr/local/lib/python3.12/site-packages/discord/client.py", line 465, in _run_event
    await coro(*args, **kwargs)
  File "/app/asu_discord/cogs/analytics.py", line 652, in on_member_update
    before_timeout = before.timed_out_until
                     ^^^^^^^^^^^^^^^^^^^^^^
AttributeError: 'Member' object has no attribute 'timed_out_until'
Ignoring exception in on_member_update
Traceback (most recent call last):
  File "/usr/local/lib/python3.12/site-packages/discord/client.py", line 465, in _run_event
    await coro(*args, **kwargs)
  File "/app/asu_discord/cogs/analytics.py", line 652, in on_member_update
    before_timeout = before.timed_out_until
                     ^^^^^^^^^^^^^^^^^^^^^^
AttributeError: 'Member' object has no attribute 'timed_out_until'
Ignoring exception in on_member_update
Traceback (most recent call last):
  File "/usr/local/lib/python3.12/site-packages/discord/client.py", line 465, in _run_event
    await coro(*args, **kwargs)
  File "/app/asu_discord/cogs/analytics.py", line 652, in on_member_update
    before_timeout = before.timed_out_until
                     ^^^^^^^^^^^^^^^^^^^^^^
AttributeError: 'Member' object has no attribute 'timed_out_until'
INFO:asu_discord.cogs.verification:Saved 5 roles to database for user hahyat@asu.edu (Discord ID: 704800586012295288)
INFO:asu_discord.cogs.verification:Refreshed Salesforce roles for Discord user 704800586012295288: -5/+5 roles, assigned=[Commited, Downtown Phoenix, Edson College of Nursing and Health Innovation, First Year, Out of State]
Ignoring exception in on_member_update
Traceback (most recent call last):
  File "/usr/local/lib/python3.12/site-packages/discord/client.py", line 465, in _run_event
    await coro(*args, **kwargs)
  File "/app/asu_discord/cogs/analytics.py", line 652, in on_member_update
    before_timeout = before.timed_out_until
                     ^^^^^^^^^^^^^^^^^^^^^^
AttributeError: 'Member' object has no attribute 'timed_out_until'
Ignoring exception in on_member_update
Traceback (most recent call last):
  File "/usr/local/lib/python3.12/site-packages/discord/client.py", line 465, in _run_event
    await coro(*args, **kwargs)
  File "/app/asu_discord/cogs/analytics.py", line 652, in on_member_update
    before_timeout = before.timed_out_until
                     ^^^^^^^^^^^^^^^^^^^^^^
AttributeError: 'Member' object has no attribute 'timed_out_until'
Ignoring exception in on_member_update
Traceback (most recent call last):
  File "/usr/local/lib/python3.12/site-packages/discord/client.py", line 465, in _run_event
    await coro(*args, **kwargs)
  File "/app/asu_discord/cogs/analytics.py", line 652, in on_member_update
    before_timeout = before.timed_out_until
                     ^^^^^^^^^^^^^^^^^^^^^^
AttributeError: 'Member' object has no attribute 'timed_out_until'
Ignoring exception in on_member_update
Traceback (most recent call last):
  File "/usr/local/lib/python3.12/site-packages/discord/client.py", line 465, in _run_event
    await coro(*args, **kwargs)
  File "/app/asu_discord/cogs/analytics.py", line 652, in on_member_update
    before_timeout = before.timed_out_until
                     ^^^^^^^^^^^^^^^^^^^^^^
AttributeError: 'Member' object has no attribute 'timed_out_until'
Ignoring exception in on_member_update
Traceback (most recent call last):
  File "/usr/local/lib/python3.12/site-packages/discord/client.py", line 465, in _run_event
    await coro(*args, **kwargs)
  File "/app/asu_discord/cogs/analytics.py", line 652, in on_member_update
    before_timeout = before.timed_out_until
                     ^^^^^^^^^^^^^^^^^^^^^^
AttributeError: 'Member' object has no attribute 'timed_out_until'
Ignoring exception in on_member_update
Traceback (most recent call last):
  File "/usr/local/lib/python3.12/site-packages/discord/client.py", line 465, in _run_event
    await coro(*args, **kwargs)
  File "/app/asu_discord/cogs/analytics.py", line 652, in on_member_update
    before_timeout = before.timed_out_until
                     ^^^^^^^^^^^^^^^^^^^^^^
AttributeError: 'Member' object has no attribute 'timed_out_until'
Ignoring exception in on_member_update
Traceback (most recent call last):
  File "/usr/local/lib/python3.12/site-packages/discord/client.py", line 465, in _run_event
    await coro(*args, **kwargs)
  File "/app/asu_discord/cogs/analytics.py", line 652, in on_member_update
    before_timeout = before.timed_out_until
                     ^^^^^^^^^^^^^^^^^^^^^^
AttributeError: 'Member' object has no attribute 'timed_out_until'
Ignoring exception in on_member_update
Traceback (most recent call last):
  File "/usr/local/lib/python3.12/site-packages/discord/client.py", line 465, in _run_event
    await coro(*args, **kwargs)
  File "/app/asu_discord/cogs/analytics.py", line 652, in on_member_update
    before_timeout = before.timed_out_until
                     ^^^^^^^^^^^^^^^^^^^^^^
AttributeError: 'Member' object has no attribute 'timed_out_until'
Ignoring exception in on_member_update
Traceback (most recent call last):
  File "/usr/local/lib/python3.12/site-packages/discord/client.py", line 465, in _run_event
    await coro(*args, **kwargs)
  File "/app/asu_discord/cogs/analytics.py", line 652, in on_member_update
    before_timeout = before.timed_out_until
                     ^^^^^^^^^^^^^^^^^^^^^^
AttributeError: 'Member' object has no attribute 'timed_out_until'
Ignoring exception in on_member_update
Traceback (most recent call last):
  File "/usr/local/lib/python3.12/site-packages/discord/client.py", line 465, in _run_event
    await coro(*args, **kwargs)
  File "/app/asu_discord/cogs/analytics.py", line 652, in on_member_update
    before_timeout = before.timed_out_until
                     ^^^^^^^^^^^^^^^^^^^^^^
AttributeError: 'Member' object has no attribute 'timed_out_until'
Ignoring exception in on_member_update
Traceback (most recent call last):
  File "/usr/local/lib/python3.12/site-packages/discord/client.py", line 465, in _run_event
    await coro(*args, **kwargs)
  File "/app/asu_discord/cogs/analytics.py", line 652, in on_member_update
    before_timeout = before.timed_out_until
                     ^^^^^^^^^^^^^^^^^^^^^^
AttributeError: 'Member' object has no attribute 'timed_out_until'
Ignoring exception in on_member_update
Traceback (most recent call last):
  File "/usr/local/lib/python3.12/site-packages/discord/client.py", line 465, in _run_event
    await coro(*args, **kwargs)
  File "/app/asu_discord/cogs/analytics.py", line 652, in on_member_update
    before_timeout = before.timed_out_until
                     ^^^^^^^^^^^^^^^^^^^^^^
AttributeError: 'Member' object has no attribute 'timed_out_until'
Ignoring exception in on_member_update
Traceback (most recent call last):
  File "/usr/local/lib/python3.12/site-packages/discord/client.py", line 465, in _run_event
    await coro(*args, **kwargs)
  File "/app/asu_discord/cogs/analytics.py", line 652, in on_member_update
    before_timeout = before.timed_out_until
                     ^^^^^^^^^^^^^^^^^^^^^^
AttributeError: 'Member' object has no attribute 'timed_out_until'
INFO:asu_discord.cogs.verification:Saved 7 roles to database for user jagar131@asu.edu (Discord ID: 1375346868778696794)
INFO:asu_discord.cogs.verification:Refreshed Salesforce roles for Discord user 1375346868778696794: -6/+7 roles, assigned=[Arizona Resident, Commited, First Generation Student, Ira A. Fulton Schools of Engineering, Tempe, Transfer Student, Upperclassmen]
Ignoring exception in on_member_update
Traceback (most recent call last):
  File "/usr/local/lib/python3.12/site-packages/discord/client.py", line 465, in _run_event
    await coro(*args, **kwargs)
  File "/app/asu_discord/cogs/analytics.py", line 652, in on_member_update
    before_timeout = before.timed_out_until
                     ^^^^^^^^^^^^^^^^^^^^^^
AttributeError: 'Member' object has no attribute 'timed_out_until'
Ignoring exception in on_member_update
Traceback (most recent call last):
  File "/usr/local/lib/python3.12/site-packages/discord/client.py", line 465, in _run_event
    await coro(*args, **kwargs)
  File "/app/asu_discord/cogs/analytics.py", line 652, in on_member_update
    before_timeout = before.timed_out_until
                     ^^^^^^^^^^^^^^^^^^^^^^
AttributeError: 'Member' object has no attribute 'timed_out_until'
Ignoring exception in on_member_update
Traceback (most recent call last):
  File "/usr/local/lib/python3.12/site-packages/discord/client.py", line 465, in _run_event
    await coro(*args, **kwargs)
  File "/app/asu_discord/cogs/analytics.py", line 652, in on_member_update
    before_timeout = before.timed_out_until
                     ^^^^^^^^^^^^^^^^^^^^^^
AttributeError: 'Member' object has no attribute 'timed_out_until'
Ignoring exception in on_member_update
Traceback (most recent call last):
  File "/usr/local/lib/python3.12/site-packages/discord/client.py", line 465, in _run_event
    await coro(*args, **kwargs)
  File "/app/asu_discord/cogs/analytics.py", line 652, in on_member_update
    before_timeout = before.timed_out_until
                     ^^^^^^^^^^^^^^^^^^^^^^
AttributeError: 'Member' object has no attribute 'timed_out_until'
Ignoring exception in on_member_update
Traceback (most recent call last):
  File "/usr/local/lib/python3.12/site-packages/discord/client.py", line 465, in _run_event
    await coro(*args, **kwargs)
  File "/app/asu_discord/cogs/analytics.py", line 652, in on_member_update
    before_timeout = before.timed_out_until
                     ^^^^^^^^^^^^^^^^^^^^^^
AttributeError: 'Member' object has no attribute 'timed_out_until'
Ignoring exception in on_member_update
Traceback (most recent call last):
  File "/usr/local/lib/python3.12/site-packages/discord/client.py", line 465, in _run_event
    await coro(*args, **kwargs)
  File "/app/asu_discord/cogs/analytics.py", line 652, in on_member_update
    before_timeout = before.timed_out_until
                     ^^^^^^^^^^^^^^^^^^^^^^
AttributeError: 'Member' object has no attribute 'timed_out_until'
Ignoring exception in on_member_update
Traceback (most recent call last):
  File "/usr/local/lib/python3.12/site-packages/discord/client.py", line 465, in _run_event
    await coro(*args, **kwargs)
  File "/app/asu_discord/cogs/analytics.py", line 652, in on_member_update
    before_timeout = before.timed_out_until
                     ^^^^^^^^^^^^^^^^^^^^^^
AttributeError: 'Member' object has no attribute 'timed_out_until'
Ignoring exception in on_member_update
Traceback (most recent call last):
  File "/usr/local/lib/python3.12/site-packages/discord/client.py", line 465, in _run_event
    await coro(*args, **kwargs)
  File "/app/asu_discord/cogs/analytics.py", line 652, in on_member_update
    before_timeout = before.timed_out_until
                     ^^^^^^^^^^^^^^^^^^^^^^
AttributeError: 'Member' object has no attribute 'timed_out_until'
Ignoring exception in on_member_update
Traceback (most recent call last):
  File "/usr/local/lib/python3.12/site-packages/discord/client.py", line 465, in _run_event
    await coro(*args, **kwargs)
  File "/app/asu_discord/cogs/analytics.py", line 652, in on_member_update
    before_timeout = before.timed_out_until
                     ^^^^^^^^^^^^^^^^^^^^^^
AttributeError: 'Member' object has no attribute 'timed_out_until'
Ignoring exception in on_member_update
Traceback (most recent call last):
  File "/usr/local/lib/python3.12/site-packages/discord/client.py", line 465, in _run_event
    await coro(*args, **kwargs)
  File "/app/asu_discord/cogs/analytics.py", line 652, in on_member_update
    before_timeout = before.timed_out_until
                     ^^^^^^^^^^^^^^^^^^^^^^
AttributeError: 'Member' object has no attribute 'timed_out_until'
INFO:asu_discord.cogs.verification:Saved 5 roles to database for user jdzermen@asu.edu (Discord ID: 678248382887886886)
INFO:asu_discord.cogs.verification:Refreshed Salesforce roles for Discord user 678248382887886886: -5/+5 roles, assigned=[Arizona Resident, Commited, Ira A. Fulton Schools of Engineering, Tempe, Transfer Student]
Ignoring exception in on_member_update
Traceback (most recent call last):
  File "/usr/local/lib/python3.12/site-packages/discord/client.py", line 465, in _run_event
    await coro(*args, **kwargs)
  File "/app/asu_discord/cogs/analytics.py", line 652, in on_member_update
    before_timeout = before.timed_out_until
                     ^^^^^^^^^^^^^^^^^^^^^^
AttributeError: 'Member' object has no attribute 'timed_out_until'
Ignoring exception in on_member_update
Traceback (most recent call last):
  File "/usr/local/lib/python3.12/site-packages/discord/client.py", line 465, in _run_event
    await coro(*args, **kwargs)
  File "/app/asu_discord/cogs/analytics.py", line 652, in on_member_update
    before_timeout = before.timed_out_until
                     ^^^^^^^^^^^^^^^^^^^^^^
AttributeError: 'Member' object has no attribute 'timed_out_until'
Ignoring exception in on_member_update
Traceback (most recent call last):
  File "/usr/local/lib/python3.12/site-packages/discord/client.py", line 465, in _run_event
    await coro(*args, **kwargs)
  File "/app/asu_discord/cogs/analytics.py", line 652, in on_member_update
    before_timeout = before.timed_out_until
                     ^^^^^^^^^^^^^^^^^^^^^^
AttributeError: 'Member' object has no attribute 'timed_out_until'
Ignoring exception in on_member_update
Traceback (most recent call last):
  File "/usr/local/lib/python3.12/site-packages/discord/client.py", line 465, in _run_event
    await coro(*args, **kwargs)
  File "/app/asu_discord/cogs/analytics.py", line 652, in on_member_update
    before_timeout = before.timed_out_until
                     ^^^^^^^^^^^^^^^^^^^^^^
AttributeError: 'Member' object has no attribute 'timed_out_until'
Ignoring exception in on_member_update
Traceback (most recent call last):
  File "/usr/local/lib/python3.12/site-packages/discord/client.py", line 465, in _run_event
    await coro(*args, **kwargs)
  File "/app/asu_discord/cogs/analytics.py", line 652, in on_member_update
    before_timeout = before.timed_out_until
                     ^^^^^^^^^^^^^^^^^^^^^^
AttributeError: 'Member' object has no attribute 'timed_out_until'
Ignoring exception in on_member_update
Traceback (most recent call last):
  File "/usr/local/lib/python3.12/site-packages/discord/client.py", line 465, in _run_event
    await coro(*args, **kwargs)
  File "/app/asu_discord/cogs/analytics.py", line 652, in on_member_update
    before_timeout = before.timed_out_until
                     ^^^^^^^^^^^^^^^^^^^^^^
AttributeError: 'Member' object has no attribute 'timed_out_until'
Ignoring exception in on_member_update
Traceback (most recent call last):
  File "/usr/local/lib/python3.12/site-packages/discord/client.py", line 465, in _run_event
    await coro(*args, **kwargs)
  File "/app/asu_discord/cogs/analytics.py", line 652, in on_member_update
    before_timeout = before.timed_out_until
                     ^^^^^^^^^^^^^^^^^^^^^^
AttributeError: 'Member' object has no attribute 'timed_out_until'
Ignoring exception in on_member_update
Traceback (most recent call last):
  File "/usr/local/lib/python3.12/site-packages/discord/client.py", line 465, in _run_event
    await coro(*args, **kwargs)
  File "/app/asu_discord/cogs/analytics.py", line 652, in on_member_update
    before_timeout = before.timed_out_until
                     ^^^^^^^^^^^^^^^^^^^^^^
AttributeError: 'Member' object has no attribute 'timed_out_until'
Ignoring exception in on_member_update
Traceback (most recent call last):
  File "/usr/local/lib/python3.12/site-packages/discord/client.py", line 465, in _run_event
    await coro(*args, **kwargs)
  File "/app/asu_discord/cogs/analytics.py", line 652, in on_member_update
    before_timeout = before.timed_out_until
                     ^^^^^^^^^^^^^^^^^^^^^^
AttributeError: 'Member' object has no attribute 'timed_out_until'
INFO:asu_discord.cogs.verification:Saved 5 roles to database for user kmdunsmo@asu.edu (Discord ID: 1393785247962763425)
INFO:asu_discord.cogs.verification:Refreshed Salesforce roles for Discord user 1393785247962763425: -5/+4 roles, assigned=[Commited, Downtown Phoenix, First Year, Out of State, Watts College of Public Service and Community Solutions]
Ignoring exception in on_member_update
Traceback (most recent call last):
  File "/usr/local/lib/python3.12/site-packages/discord/client.py", line 465, in _run_event
    await coro(*args, **kwargs)
  File "/app/asu_discord/cogs/analytics.py", line 652, in on_member_update
    before_timeout = before.timed_out_until
                     ^^^^^^^^^^^^^^^^^^^^^^
AttributeError: 'Member' object has no attribute 'timed_out_until'
Ignoring exception in on_member_update
Traceback (most recent call last):
  File "/usr/local/lib/python3.12/site-packages/discord/client.py", line 465, in _run_event
    await coro(*args, **kwargs)
  File "/app/asu_discord/cogs/analytics.py", line 652, in on_member_update
    before_timeout = before.timed_out_until
                     ^^^^^^^^^^^^^^^^^^^^^^
AttributeError: 'Member' object has no attribute 'timed_out_until'
Ignoring exception in on_member_update
Traceback (most recent call last):
  File "/usr/local/lib/python3.12/site-packages/discord/client.py", line 465, in _run_event
    await coro(*args, **kwargs)
  File "/app/asu_discord/cogs/analytics.py", line 652, in on_member_update
    before_timeout = before.timed_out_until
                     ^^^^^^^^^^^^^^^^^^^^^^
AttributeError: 'Member' object has no attribute 'timed_out_until'
Ignoring exception in on_member_update
Traceback (most recent call last):
  File "/usr/local/lib/python3.12/site-packages/discord/client.py", line 465, in _run_event
    await coro(*args, **kwargs)
  File "/app/asu_discord/cogs/analytics.py", line 652, in on_member_update
    before_timeout = before.timed_out_until
                     ^^^^^^^^^^^^^^^^^^^^^^
AttributeError: 'Member' object has no attribute 'timed_out_until'
Ignoring exception in on_member_update
Traceback (most recent call last):
  File "/usr/local/lib/python3.12/site-packages/discord/client.py", line 465, in _run_event
    await coro(*args, **kwargs)
  File "/app/asu_discord/cogs/analytics.py", line 652, in on_member_update
    before_timeout = before.timed_out_until
                     ^^^^^^^^^^^^^^^^^^^^^^
AttributeError: 'Member' object has no attribute 'timed_out_until'
Ignoring exception in on_member_update
Traceback (most recent call last):
  File "/usr/local/lib/python3.12/site-packages/discord/client.py", line 465, in _run_event
    await coro(*args, **kwargs)
  File "/app/asu_discord/cogs/analytics.py", line 652, in on_member_update
    before_timeout = before.timed_out_until
                     ^^^^^^^^^^^^^^^^^^^^^^
AttributeError: 'Member' object has no attribute 'timed_out_until'
Ignoring exception in on_member_update
Traceback (most recent call last):
  File "/usr/local/lib/python3.12/site-packages/discord/client.py", line 465, in _run_event
    await coro(*args, **kwargs)
  File "/app/asu_discord/cogs/analytics.py", line 652, in on_member_update
    before_timeout = before.timed_out_until
                     ^^^^^^^^^^^^^^^^^^^^^^
AttributeError: 'Member' object has no attribute 'timed_out_until'
Ignoring exception in on_member_update
Traceback (most recent call last):
  File "/usr/local/lib/python3.12/site-packages/discord/client.py", line 465, in _run_event
    await coro(*args, **kwargs)
  File "/app/asu_discord/cogs/analytics.py", line 652, in on_member_update
    before_timeout = before.timed_out_until
                     ^^^^^^^^^^^^^^^^^^^^^^
AttributeError: 'Member' object has no attribute 'timed_out_until'
Ignoring exception in on_member_update
Traceback (most recent call last):
  File "/usr/local/lib/python3.12/site-packages/discord/client.py", line 465, in _run_event
    await coro(*args, **kwargs)
  File "/app/asu_discord/cogs/analytics.py", line 652, in on_member_update
    before_timeout = before.timed_out_until
                     ^^^^^^^^^^^^^^^^^^^^^^
AttributeError: 'Member' object has no attribute 'timed_out_until'
Ignoring exception in on_member_update
Traceback (most recent call last):
  File "/usr/local/lib/python3.12/site-packages/discord/client.py", line 465, in _run_event
    await coro(*args, **kwargs)
  File "/app/asu_discord/cogs/analytics.py", line 652, in on_member_update
    before_timeout = before.timed_out_until
                     ^^^^^^^^^^^^^^^^^^^^^^
AttributeError: 'Member' object has no attribute 'timed_out_until'
Ignoring exception in on_member_update
Traceback (most recent call last):
  File "/usr/local/lib/python3.12/site-packages/discord/client.py", line 465, in _run_event
    await coro(*args, **kwargs)
  File "/app/asu_discord/cogs/analytics.py", line 652, in on_member_update
    before_timeout = before.timed_out_until
                     ^^^^^^^^^^^^^^^^^^^^^^
AttributeError: 'Member' object has no attribute 'timed_out_until'
INFO:asu_discord.cogs.verification:Saved 6 roles to database for user nkpate18@asu.edu (Discord ID: 663666405316755457)
INFO:asu_discord.cogs.verification:Refreshed Salesforce roles for Discord user 663666405316755457: -5/+6 roles, assigned=[College of Liberal Arts and Sciences, First Generation Student, First Year, Online, Out of State, Upperclassmen]
Ignoring exception in on_member_update
Traceback (most recent call last):
  File "/usr/local/lib/python3.12/site-packages/discord/client.py", line 465, in _run_event
    await coro(*args, **kwargs)
  File "/app/asu_discord/cogs/analytics.py", line 652, in on_member_update
    before_timeout = before.timed_out_until
                     ^^^^^^^^^^^^^^^^^^^^^^
AttributeError: 'Member' object has no attribute 'timed_out_until'
Ignoring exception in on_member_update
Traceback (most recent call last):
  File "/usr/local/lib/python3.12/site-packages/discord/client.py", line 465, in _run_event
    await coro(*args, **kwargs)
  File "/app/asu_discord/cogs/analytics.py", line 652, in on_member_update
    before_timeout = before.timed_out_until
                     ^^^^^^^^^^^^^^^^^^^^^^
AttributeError: 'Member' object has no attribute 'timed_out_until'
Ignoring exception in on_member_update
Traceback (most recent call last):
  File "/usr/local/lib/python3.12/site-packages/discord/client.py", line 465, in _run_event
    await coro(*args, **kwargs)
  File "/app/asu_discord/cogs/analytics.py", line 652, in on_member_update
    before_timeout = before.timed_out_until
                     ^^^^^^^^^^^^^^^^^^^^^^
AttributeError: 'Member' object has no attribute 'timed_out_until'
Ignoring exception in on_member_update
Traceback (most recent call last):
  File "/usr/local/lib/python3.12/site-packages/discord/client.py", line 465, in _run_event
    await coro(*args, **kwargs)
  File "/app/asu_discord/cogs/analytics.py", line 652, in on_member_update
    before_timeout = before.timed_out_until
                     ^^^^^^^^^^^^^^^^^^^^^^
AttributeError: 'Member' object has no attribute 'timed_out_until'
Ignoring exception in on_member_update
Traceback (most recent call last):
  File "/usr/local/lib/python3.12/site-packages/discord/client.py", line 465, in _run_event
    await coro(*args, **kwargs)
  File "/app/asu_discord/cogs/analytics.py", line 652, in on_member_update
    before_timeout = before.timed_out_until
                     ^^^^^^^^^^^^^^^^^^^^^^
AttributeError: 'Member' object has no attribute 'timed_out_until'
Ignoring exception in on_member_update
Traceback (most recent call last):
  File "/usr/local/lib/python3.12/site-packages/discord/client.py", line 465, in _run_event
    await coro(*args, **kwargs)
  File "/app/asu_discord/cogs/analytics.py", line 652, in on_member_update
    before_timeout = before.timed_out_until
                     ^^^^^^^^^^^^^^^^^^^^^^
AttributeError: 'Member' object has no attribute 'timed_out_until'
Ignoring exception in on_member_update
Traceback (most recent call last):
  File "/usr/local/lib/python3.12/site-packages/discord/client.py", line 465, in _run_event
    await coro(*args, **kwargs)
  File "/app/asu_discord/cogs/analytics.py", line 652, in on_member_update
    before_timeout = before.timed_out_until
                     ^^^^^^^^^^^^^^^^^^^^^^
AttributeError: 'Member' object has no attribute 'timed_out_until'
Ignoring exception in on_member_update
Traceback (most recent call last):
  File "/usr/local/lib/python3.12/site-packages/discord/client.py", line 465, in _run_event
    await coro(*args, **kwargs)
  File "/app/asu_discord/cogs/analytics.py", line 652, in on_member_update
    before_timeout = before.timed_out_until
                     ^^^^^^^^^^^^^^^^^^^^^^
AttributeError: 'Member' object has no attribute 'timed_out_until'
Ignoring exception in on_member_update
Traceback (most recent call last):
  File "/usr/local/lib/python3.12/site-packages/discord/client.py", line 465, in _run_event
    await coro(*args, **kwargs)
  File "/app/asu_discord/cogs/analytics.py", line 652, in on_member_update
    before_timeout = before.timed_out_until
                     ^^^^^^^^^^^^^^^^^^^^^^
AttributeError: 'Member' object has no attribute 'timed_out_until'
Ignoring exception in on_member_update
Traceback (most recent call last):
  File "/usr/local/lib/python3.12/site-packages/discord/client.py", line 465, in _run_event
    await coro(*args, **kwargs)
  File "/app/asu_discord/cogs/analytics.py", line 652, in on_member_update
    before_timeout = before.timed_out_until
                     ^^^^^^^^^^^^^^^^^^^^^^
AttributeError: 'Member' object has no attribute 'timed_out_until'
INFO:asu_discord.cogs.verification:Saved 5 roles to database for user ssengu32@asu.edu (Discord ID: 1084306869377572945)
INFO:asu_discord.cogs.verification:Refreshed Salesforce roles for Discord user 1084306869377572945: -5/+5 roles, assigned=[Arizona Resident, Commited, Downtown Phoenix, First Year, Walter Cronkite School of Journalism and Mass Communication]
Ignoring exception in on_member_update
Traceback (most recent call last):
  File "/usr/local/lib/python3.12/site-packages/discord/client.py", line 465, in _run_event
    await coro(*args, **kwargs)
  File "/app/asu_discord/cogs/analytics.py", line 652, in on_member_update
    before_timeout = before.timed_out_until
                     ^^^^^^^^^^^^^^^^^^^^^^
AttributeError: 'Member' object has no attribute 'timed_out_until'
Ignoring exception in on_member_update
Traceback (most recent call last):
  File "/usr/local/lib/python3.12/site-packages/discord/client.py", line 465, in _run_event
    await coro(*args, **kwargs)
  File "/app/asu_discord/cogs/analytics.py", line 652, in on_member_update
    before_timeout = before.timed_out_until
                     ^^^^^^^^^^^^^^^^^^^^^^
AttributeError: 'Member' object has no attribute 'timed_out_until'
Ignoring exception in on_member_update
Traceback (most recent call last):
  File "/usr/local/lib/python3.12/site-packages/discord/client.py", line 465, in _run_event
    await coro(*args, **kwargs)
  File "/app/asu_discord/cogs/analytics.py", line 652, in on_member_update
    before_timeout = before.timed_out_until
                     ^^^^^^^^^^^^^^^^^^^^^^
AttributeError: 'Member' object has no attribute 'timed_out_until'
Ignoring exception in on_member_update
Traceback (most recent call last):
  File "/usr/local/lib/python3.12/site-packages/discord/client.py", line 465, in _run_event
    await coro(*args, **kwargs)
  File "/app/asu_discord/cogs/analytics.py", line 652, in on_member_update
    before_timeout = before.timed_out_until
                     ^^^^^^^^^^^^^^^^^^^^^^
AttributeError: 'Member' object has no attribute 'timed_out_until'
Ignoring exception in on_member_update
Traceback (most recent call last):
  File "/usr/local/lib/python3.12/site-packages/discord/client.py", line 465, in _run_event
    await coro(*args, **kwargs)
  File "/app/asu_discord/cogs/analytics.py", line 652, in on_member_update
    before_timeout = before.timed_out_until
                     ^^^^^^^^^^^^^^^^^^^^^^
AttributeError: 'Member' object has no attribute 'timed_out_until'
Ignoring exception in on_member_update
Traceback (most recent call last):
  File "/usr/local/lib/python3.12/site-packages/discord/client.py", line 465, in _run_event
    await coro(*args, **kwargs)
  File "/app/asu_discord/cogs/analytics.py", line 652, in on_member_update
    before_timeout = before.timed_out_until
                     ^^^^^^^^^^^^^^^^^^^^^^
AttributeError: 'Member' object has no attribute 'timed_out_until'
Ignoring exception in on_member_update
Traceback (most recent call last):
  File "/usr/local/lib/python3.12/site-packages/discord/client.py", line 465, in _run_event
    await coro(*args, **kwargs)
  File "/app/asu_discord/cogs/analytics.py", line 652, in on_member_update
    before_timeout = before.timed_out_until
                     ^^^^^^^^^^^^^^^^^^^^^^
AttributeError: 'Member' object has no attribute 'timed_out_until'
Ignoring exception in on_member_update
Traceback (most recent call last):
  File "/usr/local/lib/python3.12/site-packages/discord/client.py", line 465, in _run_event
    await coro(*args, **kwargs)
  File "/app/asu_discord/cogs/analytics.py", line 652, in on_member_update
    before_timeout = before.timed_out_until
                     ^^^^^^^^^^^^^^^^^^^^^^
AttributeError: 'Member' object has no attribute 'timed_out_until'
Ignoring exception in on_member_update
Traceback (most recent call last):
  File "/usr/local/lib/python3.12/site-packages/discord/client.py", line 465, in _run_event
    await coro(*args, **kwargs)
  File "/app/asu_discord/cogs/analytics.py", line 652, in on_member_update
    before_timeout = before.timed_out_until
                     ^^^^^^^^^^^^^^^^^^^^^^
AttributeError: 'Member' object has no attribute 'timed_out_until'
Ignoring exception in on_member_update
Traceback (most recent call last):
  File "/usr/local/lib/python3.12/site-packages/discord/client.py", line 465, in _run_event
    await coro(*args, **kwargs)
  File "/app/asu_discord/cogs/analytics.py", line 652, in on_member_update
    before_timeout = before.timed_out_until
                     ^^^^^^^^^^^^^^^^^^^^^^
AttributeError: 'Member' object has no attribute 'timed_out_until'
INFO:asu_discord.cogs.verification:Saved 5 roles to database for user lpeter77@asu.edu (Discord ID: 539644362254975022)
INFO:asu_discord.cogs.verification:Refreshed Salesforce roles for Discord user 539644362254975022: -5/+5 roles, assigned=[Herberger Institute for Design and the Arts, Online, Out of State, Transfer Student, Upperclassmen]
Ignoring exception in on_member_update
Traceback (most recent call last):
  File "/usr/local/lib/python3.12/site-packages/discord/client.py", line 465, in _run_event
    await coro(*args, **kwargs)
  File "/app/asu_discord/cogs/analytics.py", line 652, in on_member_update
    before_timeout = before.timed_out_until
                     ^^^^^^^^^^^^^^^^^^^^^^
AttributeError: 'Member' object has no attribute 'timed_out_until'
Ignoring exception in on_member_update
Traceback (most recent call last):
  File "/usr/local/lib/python3.12/site-packages/discord/client.py", line 465, in _run_event
    await coro(*args, **kwargs)
  File "/app/asu_discord/cogs/analytics.py", line 652, in on_member_update
    before_timeout = before.timed_out_until
                     ^^^^^^^^^^^^^^^^^^^^^^
AttributeError: 'Member' object has no attribute 'timed_out_until'
Ignoring exception in on_member_update
Traceback (most recent call last):
  File "/usr/local/lib/python3.12/site-packages/discord/client.py", line 465, in _run_event
    await coro(*args, **kwargs)
  File "/app/asu_discord/cogs/analytics.py", line 652, in on_member_update
    before_timeout = before.timed_out_until
                     ^^^^^^^^^^^^^^^^^^^^^^
AttributeError: 'Member' object has no attribute 'timed_out_until'
Ignoring exception in on_member_update
Traceback (most recent call last):
  File "/usr/local/lib/python3.12/site-packages/discord/client.py", line 465, in _run_event
    await coro(*args, **kwargs)
  File "/app/asu_discord/cogs/analytics.py", line 652, in on_member_update
    before_timeout = before.timed_out_until
                     ^^^^^^^^^^^^^^^^^^^^^^
AttributeError: 'Member' object has no attribute 'timed_out_until'
Ignoring exception in on_member_update
Traceback (most recent call last):
  File "/usr/local/lib/python3.12/site-packages/discord/client.py", line 465, in _run_event
    await coro(*args, **kwargs)
  File "/app/asu_discord/cogs/analytics.py", line 652, in on_member_update
    before_timeout = before.timed_out_until
                     ^^^^^^^^^^^^^^^^^^^^^^
AttributeError: 'Member' object has no attribute 'timed_out_until'
Ignoring exception in on_member_update
Traceback (most recent call last):
  File "/usr/local/lib/python3.12/site-packages/discord/client.py", line 465, in _run_event
    await coro(*args, **kwargs)
  File "/app/asu_discord/cogs/analytics.py", line 652, in on_member_update
    before_timeout = before.timed_out_until
                     ^^^^^^^^^^^^^^^^^^^^^^
AttributeError: 'Member' object has no attribute 'timed_out_until'
Ignoring exception in on_member_update
Traceback (most recent call last):
  File "/usr/local/lib/python3.12/site-packages/discord/client.py", line 465, in _run_event
    await coro(*args, **kwargs)
  File "/app/asu_discord/cogs/analytics.py", line 652, in on_member_update
    before_timeout = before.timed_out_until
                     ^^^^^^^^^^^^^^^^^^^^^^
AttributeError: 'Member' object has no attribute 'timed_out_until'
Ignoring exception in on_member_update
Traceback (most recent call last):
  File "/usr/local/lib/python3.12/site-packages/discord/client.py", line 465, in _run_event
    await coro(*args, **kwargs)
  File "/app/asu_discord/cogs/analytics.py", line 652, in on_member_update
    before_timeout = before.timed_out_until
                     ^^^^^^^^^^^^^^^^^^^^^^
AttributeError: 'Member' object has no attribute 'timed_out_until'
Ignoring exception in on_member_update
Traceback (most recent call last):
  File "/usr/local/lib/python3.12/site-packages/discord/client.py", line 465, in _run_event
    await coro(*args, **kwargs)
  File "/app/asu_discord/cogs/analytics.py", line 652, in on_member_update
    before_timeout = before.timed_out_until
                     ^^^^^^^^^^^^^^^^^^^^^^
AttributeError: 'Member' object has no attribute 'timed_out_until'
Ignoring exception in on_member_update
Traceback (most recent call last):
  File "/usr/local/lib/python3.12/site-packages/discord/client.py", line 465, in _run_event
    await coro(*args, **kwargs)
  File "/app/asu_discord/cogs/analytics.py", line 652, in on_member_update
    before_timeout = before.timed_out_until
                     ^^^^^^^^^^^^^^^^^^^^^^
AttributeError: 'Member' object has no attribute 'timed_out_until'
INFO:asu_discord.cogs.verification:Saved 5 roles to database for user qcpalmer@asu.edu (Discord ID: 1440052437129105549)
INFO:asu_discord.cogs.verification:Refreshed Salesforce roles for Discord user 1440052437129105549: -5/+5 roles, assigned=[Commited, First Year, Ira A. Fulton Schools of Engineering, Out of State, West Valley]
Ignoring exception in on_member_update
Traceback (most recent call last):
  File "/usr/local/lib/python3.12/site-packages/discord/client.py", line 465, in _run_event
    await coro(*args, **kwargs)
  File "/app/asu_discord/cogs/analytics.py", line 652, in on_member_update
    before_timeout = before.timed_out_until
                     ^^^^^^^^^^^^^^^^^^^^^^
AttributeError: 'Member' object has no attribute 'timed_out_until'
Ignoring exception in on_member_update
Traceback (most recent call last):
  File "/usr/local/lib/python3.12/site-packages/discord/client.py", line 465, in _run_event
    await coro(*args, **kwargs)
  File "/app/asu_discord/cogs/analytics.py", line 652, in on_member_update
    before_timeout = before.timed_out_until
                     ^^^^^^^^^^^^^^^^^^^^^^
AttributeError: 'Member' object has no attribute 'timed_out_until'
Ignoring exception in on_member_update
Traceback (most recent call last):
  File "/usr/local/lib/python3.12/site-packages/discord/client.py", line 465, in _run_event
    await coro(*args, **kwargs)
  File "/app/asu_discord/cogs/analytics.py", line 652, in on_member_update
    before_timeout = before.timed_out_until
                     ^^^^^^^^^^^^^^^^^^^^^^
AttributeError: 'Member' object has no attribute 'timed_out_until'
Ignoring exception in on_member_update
Traceback (most recent call last):
  File "/usr/local/lib/python3.12/site-packages/discord/client.py", line 465, in _run_event
    await coro(*args, **kwargs)
  File "/app/asu_discord/cogs/analytics.py", line 652, in on_member_update
    before_timeout = before.timed_out_until
                     ^^^^^^^^^^^^^^^^^^^^^^
AttributeError: 'Member' object has no attribute 'timed_out_until'
Ignoring exception in on_member_update
Traceback (most recent call last):
  File "/usr/local/lib/python3.12/site-packages/discord/client.py", line 465, in _run_event
    await coro(*args, **kwargs)
  File "/app/asu_discord/cogs/analytics.py", line 652, in on_member_update
    before_timeout = before.timed_out_until
                     ^^^^^^^^^^^^^^^^^^^^^^
AttributeError: 'Member' object has no attribute 'timed_out_until'
Ignoring exception in on_member_update
Traceback (most recent call last):
  File "/usr/local/lib/python3.12/site-packages/discord/client.py", line 465, in _run_event
    await coro(*args, **kwargs)
  File "/app/asu_discord/cogs/analytics.py", line 652, in on_member_update
    before_timeout = before.timed_out_until
                     ^^^^^^^^^^^^^^^^^^^^^^
AttributeError: 'Member' object has no attribute 'timed_out_until'
Ignoring exception in on_member_update
Traceback (most recent call last):
  File "/usr/local/lib/python3.12/site-packages/discord/client.py", line 465, in _run_event
    await coro(*args, **kwargs)
  File "/app/asu_discord/cogs/analytics.py", line 652, in on_member_update
    before_timeout = before.timed_out_until
                     ^^^^^^^^^^^^^^^^^^^^^^
AttributeError: 'Member' object has no attribute 'timed_out_until'
Ignoring exception in on_member_update
Traceback (most recent call last):
  File "/usr/local/lib/python3.12/site-packages/discord/client.py", line 465, in _run_event
    await coro(*args, **kwargs)
  File "/app/asu_discord/cogs/analytics.py", line 652, in on_member_update
    before_timeout = before.timed_out_until
                     ^^^^^^^^^^^^^^^^^^^^^^
AttributeError: 'Member' object has no attribute 'timed_out_until'
Ignoring exception in on_member_update
Traceback (most recent call last):
  File "/usr/local/lib/python3.12/site-packages/discord/client.py", line 465, in _run_event
    await coro(*args, **kwargs)
  File "/app/asu_discord/cogs/analytics.py", line 652, in on_member_update
    before_timeout = before.timed_out_until
                     ^^^^^^^^^^^^^^^^^^^^^^
AttributeError: 'Member' object has no attribute 'timed_out_until'
INFO:asu_discord.cogs.verification:Saved 5 roles to database for user dcolli82@asu.edu (Discord ID: 450738999544250378)
INFO:asu_discord.cogs.verification:Refreshed Salesforce roles for Discord user 450738999544250378: -5/+4 roles, assigned=[Arizona Resident, Commited, First Year, Ira A. Fulton Schools of Engineering, Tempe]
ERROR:cron.jobs:refresh_salesforce_roles: failed for chinz12 (Discord ID 1104614222295486464): Failed to refresh Salesforce-based roles: Discord user 1104614222295486464 is not a member of the guild
ERROR:cron.jobs:refresh_salesforce_roles: failed for cvanhamm (Discord ID 746047264375439461): Failed to refresh Salesforce-based roles: Discord user 746047264375439461 is not a member of the guild
Ignoring exception in on_member_update
Traceback (most recent call last):
  File "/usr/local/lib/python3.12/site-packages/discord/client.py", line 465, in _run_event
    await coro(*args, **kwargs)
  File "/app/asu_discord/cogs/analytics.py", line 652, in on_member_update
    before_timeout = before.timed_out_until
                     ^^^^^^^^^^^^^^^^^^^^^^
AttributeError: 'Member' object has no attribute 'timed_out_until'
Ignoring exception in on_member_update
Traceback (most recent call last):
  File "/usr/local/lib/python3.12/site-packages/discord/client.py", line 465, in _run_event
    await coro(*args, **kwargs)
  File "/app/asu_discord/cogs/analytics.py", line 652, in on_member_update
    before_timeout = before.timed_out_until
                     ^^^^^^^^^^^^^^^^^^^^^^
AttributeError: 'Member' object has no attribute 'timed_out_until'
Ignoring exception in on_member_update
Traceback (most recent call last):
  File "/usr/local/lib/python3.12/site-packages/discord/client.py", line 465, in _run_event
    await coro(*args, **kwargs)
  File "/app/asu_discord/cogs/analytics.py", line 652, in on_member_update
    before_timeout = before.timed_out_until
                     ^^^^^^^^^^^^^^^^^^^^^^
AttributeError: 'Member' object has no attribute 'timed_out_until'
Ignoring exception in on_member_update
Traceback (most recent call last):
  File "/usr/local/lib/python3.12/site-packages/discord/client.py", line 465, in _run_event
    await coro(*args, **kwargs)
  File "/app/asu_discord/cogs/analytics.py", line 652, in on_member_update
    before_timeout = before.timed_out_until
                     ^^^^^^^^^^^^^^^^^^^^^^
AttributeError: 'Member' object has no attribute 'timed_out_until'
Ignoring exception in on_member_update
Traceback (most recent call last):
  File "/usr/local/lib/python3.12/site-packages/discord/client.py", line 465, in _run_event
    await coro(*args, **kwargs)
  File "/app/asu_discord/cogs/analytics.py", line 652, in on_member_update
    before_timeout = before.timed_out_until
                     ^^^^^^^^^^^^^^^^^^^^^^
AttributeError: 'Member' object has no attribute 'timed_out_until'
Ignoring exception in on_member_update
Traceback (most recent call last):
  File "/usr/local/lib/python3.12/site-packages/discord/client.py", line 465, in _run_event
    await coro(*args, **kwargs)
  File "/app/asu_discord/cogs/analytics.py", line 652, in on_member_update
    before_timeout = before.timed_out_until
                     ^^^^^^^^^^^^^^^^^^^^^^
AttributeError: 'Member' object has no attribute 'timed_out_until'
Ignoring exception in on_member_update
Traceback (most recent call last):
  File "/usr/local/lib/python3.12/site-packages/discord/client.py", line 465, in _run_event
    await coro(*args, **kwargs)
  File "/app/asu_discord/cogs/analytics.py", line 652, in on_member_update
    before_timeout = before.timed_out_until
                     ^^^^^^^^^^^^^^^^^^^^^^
AttributeError: 'Member' object has no attribute 'timed_out_until'
Ignoring exception in on_member_update
Traceback (most recent call last):
  File "/usr/local/lib/python3.12/site-packages/discord/client.py", line 465, in _run_event
    await coro(*args, **kwargs)
  File "/app/asu_discord/cogs/analytics.py", line 652, in on_member_update
    before_timeout = before.timed_out_until
                     ^^^^^^^^^^^^^^^^^^^^^^
AttributeError: 'Member' object has no attribute 'timed_out_until'
INFO:asu_discord.cogs.verification:Saved 4 roles to database for user rmathera@asu.edu (Discord ID: 696012365866598441)
INFO:asu_discord.cogs.verification:Refreshed Salesforce roles for Discord user 696012365866598441: -4/+4 roles, assigned=[Arizona Resident, First Year, Ira A. Fulton Schools of Engineering, Tempe]
ERROR:cron.jobs:refresh_salesforce_roles: failed for jcsampse (Discord ID 934135408470671401): Failed to refresh Salesforce-based roles: Discord user 934135408470671401 is not a member of the guild
ERROR:cron.jobs:refresh_salesforce_roles: failed for clangtry (Discord ID 961742104122499114): Failed to refresh Salesforce-based roles: Discord user 961742104122499114 is not a member of the guild
Ignoring exception in on_member_update
Traceback (most recent call last):
  File "/usr/local/lib/python3.12/site-packages/discord/client.py", line 465, in _run_event
    await coro(*args, **kwargs)
  File "/app/asu_discord/cogs/analytics.py", line 652, in on_member_update
    before_timeout = before.timed_out_until
                     ^^^^^^^^^^^^^^^^^^^^^^
AttributeError: 'Member' object has no attribute 'timed_out_until'
Ignoring exception in on_member_update
Traceback (most recent call last):
  File "/usr/local/lib/python3.12/site-packages/discord/client.py", line 465, in _run_event
    await coro(*args, **kwargs)
  File "/app/asu_discord/cogs/analytics.py", line 652, in on_member_update
    before_timeout = before.timed_out_until
                     ^^^^^^^^^^^^^^^^^^^^^^
AttributeError: 'Member' object has no attribute 'timed_out_until'
Ignoring exception in on_member_update
Traceback (most recent call last):
  File "/usr/local/lib/python3.12/site-packages/discord/client.py", line 465, in _run_event
    await coro(*args, **kwargs)
  File "/app/asu_discord/cogs/analytics.py", line 652, in on_member_update
    before_timeout = before.timed_out_until
                     ^^^^^^^^^^^^^^^^^^^^^^
AttributeError: 'Member' object has no attribute 'timed_out_until'
Ignoring exception in on_member_update
Traceback (most recent call last):
  File "/usr/local/lib/python3.12/site-packages/discord/client.py", line 465, in _run_event
    await coro(*args, **kwargs)
  File "/app/asu_discord/cogs/analytics.py", line 652, in on_member_update
    before_timeout = before.timed_out_until
                     ^^^^^^^^^^^^^^^^^^^^^^
AttributeError: 'Member' object has no attribute 'timed_out_until'
Ignoring exception in on_member_update
Traceback (most recent call last):
  File "/usr/local/lib/python3.12/site-packages/discord/client.py", line 465, in _run_event
    await coro(*args, **kwargs)
  File "/app/asu_discord/cogs/analytics.py", line 652, in on_member_update
    before_timeout = before.timed_out_until
                     ^^^^^^^^^^^^^^^^^^^^^^
AttributeError: 'Member' object has no attribute 'timed_out_until'
Ignoring exception in on_member_update
Traceback (most recent call last):
  File "/usr/local/lib/python3.12/site-packages/discord/client.py", line 465, in _run_event
    await coro(*args, **kwargs)
  File "/app/asu_discord/cogs/analytics.py", line 652, in on_member_update
    before_timeout = before.timed_out_until
                     ^^^^^^^^^^^^^^^^^^^^^^
AttributeError: 'Member' object has no attribute 'timed_out_until'
Ignoring exception in on_member_update
Traceback (most recent call last):
  File "/usr/local/lib/python3.12/site-packages/discord/client.py", line 465, in _run_event
    await coro(*args, **kwargs)
  File "/app/asu_discord/cogs/analytics.py", line 652, in on_member_update
    before_timeout = before.timed_out_until
                     ^^^^^^^^^^^^^^^^^^^^^^
AttributeError: 'Member' object has no attribute 'timed_out_until'
Ignoring exception in on_member_update
Traceback (most recent call last):
  File "/usr/local/lib/python3.12/site-packages/discord/client.py", line 465, in _run_event
    await coro(*args, **kwargs)
  File "/app/asu_discord/cogs/analytics.py", line 652, in on_member_update
    before_timeout = before.timed_out_until
                     ^^^^^^^^^^^^^^^^^^^^^^
AttributeError: 'Member' object has no attribute 'timed_out_until'
Ignoring exception in on_member_update
Traceback (most recent call last):
  File "/usr/local/lib/python3.12/site-packages/discord/client.py", line 465, in _run_event
    await coro(*args, **kwargs)
  File "/app/asu_discord/cogs/analytics.py", line 652, in on_member_update
    before_timeout = before.timed_out_until
                     ^^^^^^^^^^^^^^^^^^^^^^
AttributeError: 'Member' object has no attribute 'timed_out_until'
Ignoring exception in on_member_update
Traceback (most recent call last):
  File "/usr/local/lib/python3.12/site-packages/discord/client.py", line 465, in _run_event
    await coro(*args, **kwargs)
  File "/app/asu_discord/cogs/analytics.py", line 652, in on_member_update
    before_timeout = before.timed_out_until
                     ^^^^^^^^^^^^^^^^^^^^^^
AttributeError: 'Member' object has no attribute 'timed_out_until'
INFO:asu_discord.cogs.verification:Saved 5 roles to database for user ddfranc3@asu.edu (Discord ID: 1045163753613836378)
INFO:asu_discord.cogs.verification:Refreshed Salesforce roles for Discord user 1045163753613836378: -5/+5 roles, assigned=[Arizona Resident, Commited, First Year, Ira A. Fulton Schools of Engineering, Tempe]
Ignoring exception in on_member_update
Traceback (most recent call last):
  File "/usr/local/lib/python3.12/site-packages/discord/client.py", line 465, in _run_event
    await coro(*args, **kwargs)
  File "/app/asu_discord/cogs/analytics.py", line 652, in on_member_update
    before_timeout = before.timed_out_until
                     ^^^^^^^^^^^^^^^^^^^^^^
AttributeError: 'Member' object has no attribute 'timed_out_until'
Ignoring exception in on_member_update
Traceback (most recent call last):
  File "/usr/local/lib/python3.12/site-packages/discord/client.py", line 465, in _run_event
    await coro(*args, **kwargs)
  File "/app/asu_discord/cogs/analytics.py", line 652, in on_member_update
    before_timeout = before.timed_out_until
                     ^^^^^^^^^^^^^^^^^^^^^^
AttributeError: 'Member' object has no attribute 'timed_out_until'
Ignoring exception in on_member_update
Traceback (most recent call last):
  File "/usr/local/lib/python3.12/site-packages/discord/client.py", line 465, in _run_event
    await coro(*args, **kwargs)
  File "/app/asu_discord/cogs/analytics.py", line 652, in on_member_update
    before_timeout = before.timed_out_until
                     ^^^^^^^^^^^^^^^^^^^^^^
AttributeError: 'Member' object has no attribute 'timed_out_until'
Ignoring exception in on_member_update
Traceback (most recent call last):
  File "/usr/local/lib/python3.12/site-packages/discord/client.py", line 465, in _run_event
    await coro(*args, **kwargs)
  File "/app/asu_discord/cogs/analytics.py", line 652, in on_member_update
    before_timeout = before.timed_out_until
                     ^^^^^^^^^^^^^^^^^^^^^^
AttributeError: 'Member' object has no attribute 'timed_out_until'
Ignoring exception in on_member_update
Traceback (most recent call last):
  File "/usr/local/lib/python3.12/site-packages/discord/client.py", line 465, in _run_event
    await coro(*args, **kwargs)
  File "/app/asu_discord/cogs/analytics.py", line 652, in on_member_update
    before_timeout = before.timed_out_until
                     ^^^^^^^^^^^^^^^^^^^^^^
AttributeError: 'Member' object has no attribute 'timed_out_until'
Ignoring exception in on_member_update
Traceback (most recent call last):
  File "/usr/local/lib/python3.12/site-packages/discord/client.py", line 465, in _run_event
    await coro(*args, **kwargs)
  File "/app/asu_discord/cogs/analytics.py", line 652, in on_member_update
    before_timeout = before.timed_out_until
                     ^^^^^^^^^^^^^^^^^^^^^^
AttributeError: 'Member' object has no attribute 'timed_out_until'
Ignoring exception in on_member_update
Traceback (most recent call last):
  File "/usr/local/lib/python3.12/site-packages/discord/client.py", line 465, in _run_event
    await coro(*args, **kwargs)
  File "/app/asu_discord/cogs/analytics.py", line 652, in on_member_update
    before_timeout = before.timed_out_until
                     ^^^^^^^^^^^^^^^^^^^^^^
AttributeError: 'Member' object has no attribute 'timed_out_until'
Ignoring exception in on_member_update
Traceback (most recent call last):
  File "/usr/local/lib/python3.12/site-packages/discord/client.py", line 465, in _run_event
    await coro(*args, **kwargs)
  File "/app/asu_discord/cogs/analytics.py", line 652, in on_member_update
    before_timeout = before.timed_out_until
                     ^^^^^^^^^^^^^^^^^^^^^^
AttributeError: 'Member' object has no attribute 'timed_out_until'
Ignoring exception in on_member_update
Traceback (most recent call last):
  File "/usr/local/lib/python3.12/site-packages/discord/client.py", line 465, in _run_event
    await coro(*args, **kwargs)
  File "/app/asu_discord/cogs/analytics.py", line 652, in on_member_update
    before_timeout = before.timed_out_until
                     ^^^^^^^^^^^^^^^^^^^^^^
AttributeError: 'Member' object has no attribute 'timed_out_until'
Ignoring exception in on_member_update
Traceback (most recent call last):
  File "/usr/local/lib/python3.12/site-packages/discord/client.py", line 465, in _run_event
    await coro(*args, **kwargs)
  File "/app/asu_discord/cogs/analytics.py", line 652, in on_member_update
    before_timeout = before.timed_out_until
                     ^^^^^^^^^^^^^^^^^^^^^^
AttributeError: 'Member' object has no attribute 'timed_out_until'
INFO:asu_discord.cogs.verification:Saved 5 roles to database for user hmart103@asu.edu (Discord ID: 786647788447334411)
INFO:asu_discord.cogs.verification:Refreshed Salesforce roles for Discord user 786647788447334411: -5/+5 roles, assigned=[College of Integrative Sciences and Arts, First Year, Online, Out of State, Upperclassmen]
ERROR:cron.jobs:refresh_salesforce_roles: failed for agopin14 (Discord ID 755422863263006910): Failed to refresh Salesforce-based roles: Discord user 755422863263006910 is not a member of the guild
ERROR:cron.jobs:refresh_salesforce_roles: failed for hxtran1 (Discord ID 1351265682423287930): Failed to refresh Salesforce-based roles: Discord user 1351265682423287930 is not a member of the guild
Ignoring exception in on_member_update
Traceback (most recent call last):
  File "/usr/local/lib/python3.12/site-packages/discord/client.py", line 465, in _run_event
    await coro(*args, **kwargs)
  File "/app/asu_discord/cogs/analytics.py", line 652, in on_member_update
    before_timeout = before.timed_out_until
                     ^^^^^^^^^^^^^^^^^^^^^^
AttributeError: 'Member' object has no attribute 'timed_out_until'
Ignoring exception in on_member_update
Traceback (most recent call last):
  File "/usr/local/lib/python3.12/site-packages/discord/client.py", line 465, in _run_event
    await coro(*args, **kwargs)
  File "/app/asu_discord/cogs/analytics.py", line 652, in on_member_update
    before_timeout = before.timed_out_until
                     ^^^^^^^^^^^^^^^^^^^^^^
AttributeError: 'Member' object has no attribute 'timed_out_until'
INFO:asu_discord.cogs.verification:Saved 1 roles to database for user nfuent15@asu.edu (Discord ID: 771187255045521429)
INFO:asu_discord.cogs.verification:Refreshed Salesforce roles for Discord user 771187255045521429: -1/+1 roles, assigned=[Arizona Resident]
Ignoring exception in on_member_update
Traceback (most recent call last):
  File "/usr/local/lib/python3.12/site-packages/discord/client.py", line 465, in _run_event
    await coro(*args, **kwargs)
  File "/app/asu_discord/cogs/analytics.py", line 652, in on_member_update
    before_timeout = before.timed_out_until
                     ^^^^^^^^^^^^^^^^^^^^^^
AttributeError: 'Member' object has no attribute 'timed_out_until'
Ignoring exception in on_member_update
Traceback (most recent call last):
  File "/usr/local/lib/python3.12/site-packages/discord/client.py", line 465, in _run_event
    await coro(*args, **kwargs)
  File "/app/asu_discord/cogs/analytics.py", line 652, in on_member_update
    before_timeout = before.timed_out_until
                     ^^^^^^^^^^^^^^^^^^^^^^
AttributeError: 'Member' object has no attribute 'timed_out_until'
Ignoring exception in on_member_update
Traceback (most recent call last):
  File "/usr/local/lib/python3.12/site-packages/discord/client.py", line 465, in _run_event
    await coro(*args, **kwargs)
  File "/app/asu_discord/cogs/analytics.py", line 652, in on_member_update
    before_timeout = before.timed_out_until
                     ^^^^^^^^^^^^^^^^^^^^^^
AttributeError: 'Member' object has no attribute 'timed_out_until'
Ignoring exception in on_member_update
Traceback (most recent call last):
  File "/usr/local/lib/python3.12/site-packages/discord/client.py", line 465, in _run_event
    await coro(*args, **kwargs)
  File "/app/asu_discord/cogs/analytics.py", line 652, in on_member_update
    before_timeout = before.timed_out_until
                     ^^^^^^^^^^^^^^^^^^^^^^
AttributeError: 'Member' object has no attribute 'timed_out_until'
Ignoring exception in on_member_update
Traceback (most recent call last):
  File "/usr/local/lib/python3.12/site-packages/discord/client.py", line 465, in _run_event
    await coro(*args, **kwargs)
  File "/app/asu_discord/cogs/analytics.py", line 652, in on_member_update
    before_timeout = before.timed_out_until
                     ^^^^^^^^^^^^^^^^^^^^^^
AttributeError: 'Member' object has no attribute 'timed_out_until'
Ignoring exception in on_member_update
Traceback (most recent call last):
  File "/usr/local/lib/python3.12/site-packages/discord/client.py", line 465, in _run_event
    await coro(*args, **kwargs)
  File "/app/asu_discord/cogs/analytics.py", line 652, in on_member_update
    before_timeout = before.timed_out_until
                     ^^^^^^^^^^^^^^^^^^^^^^
AttributeError: 'Member' object has no attribute 'timed_out_until'
Ignoring exception in on_member_update
Traceback (most recent call last):
  File "/usr/local/lib/python3.12/site-packages/discord/client.py", line 465, in _run_event
    await coro(*args, **kwargs)
  File "/app/asu_discord/cogs/analytics.py", line 652, in on_member_update
    before_timeout = before.timed_out_until
                     ^^^^^^^^^^^^^^^^^^^^^^
AttributeError: 'Member' object has no attribute 'timed_out_until'
Ignoring exception in on_member_update
Traceback (most recent call last):
  File "/usr/local/lib/python3.12/site-packages/discord/client.py", line 465, in _run_event
    await coro(*args, **kwargs)
  File "/app/asu_discord/cogs/analytics.py", line 652, in on_member_update
    before_timeout = before.timed_out_until
                     ^^^^^^^^^^^^^^^^^^^^^^
AttributeError: 'Member' object has no attribute 'timed_out_until'
Ignoring exception in on_member_update
Traceback (most recent call last):
  File "/usr/local/lib/python3.12/site-packages/discord/client.py", line 465, in _run_event
    await coro(*args, **kwargs)
  File "/app/asu_discord/cogs/analytics.py", line 652, in on_member_update
    before_timeout = before.timed_out_until
                     ^^^^^^^^^^^^^^^^^^^^^^
AttributeError: 'Member' object has no attribute 'timed_out_until'
Ignoring exception in on_member_update
Traceback (most recent call last):
  File "/usr/local/lib/python3.12/site-packages/discord/client.py", line 465, in _run_event
    await coro(*args, **kwargs)
  File "/app/asu_discord/cogs/analytics.py", line 652, in on_member_update
    before_timeout = before.timed_out_until
                     ^^^^^^^^^^^^^^^^^^^^^^
AttributeError: 'Member' object has no attribute 'timed_out_until'
INFO:asu_discord.cogs.verification:Saved 5 roles to database for user msodja@asu.edu (Discord ID: 1440044572100263947)
INFO:asu_discord.cogs.verification:Refreshed Salesforce roles for Discord user 1440044572100263947: -5/+5 roles, assigned=[College of Liberal Arts and Sciences, Commited, First Year, Online, Out of State]
Ignoring exception in on_member_update
Traceback (most recent call last):
  File "/usr/local/lib/python3.12/site-packages/discord/client.py", line 465, in _run_event
    await coro(*args, **kwargs)
  File "/app/asu_discord/cogs/analytics.py", line 652, in on_member_update
    before_timeout = before.timed_out_until
                     ^^^^^^^^^^^^^^^^^^^^^^
AttributeError: 'Member' object has no attribute 'timed_out_until'
Ignoring exception in on_member_update
Traceback (most recent call last):
  File "/usr/local/lib/python3.12/site-packages/discord/client.py", line 465, in _run_event
    await coro(*args, **kwargs)
  File "/app/asu_discord/cogs/analytics.py", line 652, in on_member_update
    before_timeout = before.timed_out_until
                     ^^^^^^^^^^^^^^^^^^^^^^
AttributeError: 'Member' object has no attribute 'timed_out_until'
Ignoring exception in on_member_update
Traceback (most recent call last):
  File "/usr/local/lib/python3.12/site-packages/discord/client.py", line 465, in _run_event
    await coro(*args, **kwargs)
  File "/app/asu_discord/cogs/analytics.py", line 652, in on_member_update
    before_timeout = before.timed_out_until
                     ^^^^^^^^^^^^^^^^^^^^^^
AttributeError: 'Member' object has no attribute 'timed_out_until'
Ignoring exception in on_member_update
Traceback (most recent call last):
  File "/usr/local/lib/python3.12/site-packages/discord/client.py", line 465, in _run_event
    await coro(*args, **kwargs)
  File "/app/asu_discord/cogs/analytics.py", line 652, in on_member_update
    before_timeout = before.timed_out_until
                     ^^^^^^^^^^^^^^^^^^^^^^
AttributeError: 'Member' object has no attribute 'timed_out_until'
Ignoring exception in on_member_update
Traceback (most recent call last):
  File "/usr/local/lib/python3.12/site-packages/discord/client.py", line 465, in _run_event
    await coro(*args, **kwargs)
  File "/app/asu_discord/cogs/analytics.py", line 652, in on_member_update
    before_timeout = before.timed_out_until
                     ^^^^^^^^^^^^^^^^^^^^^^
AttributeError: 'Member' object has no attribute 'timed_out_until'
Ignoring exception in on_member_update
Traceback (most recent call last):
  File "/usr/local/lib/python3.12/site-packages/discord/client.py", line 465, in _run_event
    await coro(*args, **kwargs)
  File "/app/asu_discord/cogs/analytics.py", line 652, in on_member_update
    before_timeout = before.timed_out_until
                     ^^^^^^^^^^^^^^^^^^^^^^
AttributeError: 'Member' object has no attribute 'timed_out_until'
Ignoring exception in on_member_update
Traceback (most recent call last):
  File "/usr/local/lib/python3.12/site-packages/discord/client.py", line 465, in _run_event
    await coro(*args, **kwargs)
  File "/app/asu_discord/cogs/analytics.py", line 652, in on_member_update
    before_timeout = before.timed_out_until
                     ^^^^^^^^^^^^^^^^^^^^^^
AttributeError: 'Member' object has no attribute 'timed_out_until'
Ignoring exception in on_member_update
Traceback (most recent call last):
  File "/usr/local/lib/python3.12/site-packages/discord/client.py", line 465, in _run_event
    await coro(*args, **kwargs)
  File "/app/asu_discord/cogs/analytics.py", line 652, in on_member_update
    before_timeout = before.timed_out_until
                     ^^^^^^^^^^^^^^^^^^^^^^
AttributeError: 'Member' object has no attribute 'timed_out_until'
Ignoring exception in on_member_update
Traceback (most recent call last):
  File "/usr/local/lib/python3.12/site-packages/discord/client.py", line 465, in _run_event
    await coro(*args, **kwargs)
  File "/app/asu_discord/cogs/analytics.py", line 652, in on_member_update
    before_timeout = before.timed_out_until
                     ^^^^^^^^^^^^^^^^^^^^^^
AttributeError: 'Member' object has no attribute 'timed_out_until'
Ignoring exception in on_member_update
Traceback (most recent call last):
  File "/usr/local/lib/python3.12/site-packages/discord/client.py", line 465, in _run_event
    await coro(*args, **kwargs)
  File "/app/asu_discord/cogs/analytics.py", line 652, in on_member_update
    before_timeout = before.timed_out_until
                     ^^^^^^^^^^^^^^^^^^^^^^
AttributeError: 'Member' object has no attribute 'timed_out_until'
INFO:asu_discord.cogs.verification:Saved 5 roles to database for user brbraun1@asu.edu (Discord ID: 508149333317779456)
INFO:asu_discord.cogs.verification:Refreshed Salesforce roles for Discord user 508149333317779456: -5/+5 roles, assigned=[Arizona Resident, College of Integrative Sciences and Arts, Commited, First Year, Polytechnic]
ERROR:cron.jobs:refresh_salesforce_roles: failed for apenni11 (Discord ID 396161074178555904): Failed to refresh Salesforce-based roles: Discord user 396161074178555904 is not a member of the guild
Ignoring exception in on_member_update
Traceback (most recent call last):
  File "/usr/local/lib/python3.12/site-packages/discord/client.py", line 465, in _run_event
    await coro(*args, **kwargs)
  File "/app/asu_discord/cogs/analytics.py", line 652, in on_member_update
    before_timeout = before.timed_out_until
                     ^^^^^^^^^^^^^^^^^^^^^^
AttributeError: 'Member' object has no attribute 'timed_out_until'
Ignoring exception in on_member_update
Traceback (most recent call last):
  File "/usr/local/lib/python3.12/site-packages/discord/client.py", line 465, in _run_event
    await coro(*args, **kwargs)
  File "/app/asu_discord/cogs/analytics.py", line 652, in on_member_update
    before_timeout = before.timed_out_until
                     ^^^^^^^^^^^^^^^^^^^^^^
AttributeError: 'Member' object has no attribute 'timed_out_until'
Ignoring exception in on_member_update
Traceback (most recent call last):
  File "/usr/local/lib/python3.12/site-packages/discord/client.py", line 465, in _run_event
    await coro(*args, **kwargs)
  File "/app/asu_discord/cogs/analytics.py", line 652, in on_member_update
    before_timeout = before.timed_out_until
                     ^^^^^^^^^^^^^^^^^^^^^^
AttributeError: 'Member' object has no attribute 'timed_out_until'
Ignoring exception in on_member_update
Traceback (most recent call last):
  File "/usr/local/lib/python3.12/site-packages/discord/client.py", line 465, in _run_event
    await coro(*args, **kwargs)
  File "/app/asu_discord/cogs/analytics.py", line 652, in on_member_update
    before_timeout = before.timed_out_until
                     ^^^^^^^^^^^^^^^^^^^^^^
AttributeError: 'Member' object has no attribute 'timed_out_until'
Ignoring exception in on_member_update
Traceback (most recent call last):
  File "/usr/local/lib/python3.12/site-packages/discord/client.py", line 465, in _run_event
    await coro(*args, **kwargs)
  File "/app/asu_discord/cogs/analytics.py", line 652, in on_member_update
    before_timeout = before.timed_out_until
                     ^^^^^^^^^^^^^^^^^^^^^^
AttributeError: 'Member' object has no attribute 'timed_out_until'
Ignoring exception in on_member_update
Traceback (most recent call last):
  File "/usr/local/lib/python3.12/site-packages/discord/client.py", line 465, in _run_event
    await coro(*args, **kwargs)
  File "/app/asu_discord/cogs/analytics.py", line 652, in on_member_update
    before_timeout = before.timed_out_until
                     ^^^^^^^^^^^^^^^^^^^^^^
AttributeError: 'Member' object has no attribute 'timed_out_until'
Ignoring exception in on_member_update
Traceback (most recent call last):
  File "/usr/local/lib/python3.12/site-packages/discord/client.py", line 465, in _run_event
    await coro(*args, **kwargs)
  File "/app/asu_discord/cogs/analytics.py", line 652, in on_member_update
    before_timeout = before.timed_out_until
                     ^^^^^^^^^^^^^^^^^^^^^^
AttributeError: 'Member' object has no attribute 'timed_out_until'
Ignoring exception in on_member_update
Traceback (most recent call last):
  File "/usr/local/lib/python3.12/site-packages/discord/client.py", line 465, in _run_event
    await coro(*args, **kwargs)
  File "/app/asu_discord/cogs/analytics.py", line 652, in on_member_update
    before_timeout = before.timed_out_until
                     ^^^^^^^^^^^^^^^^^^^^^^
AttributeError: 'Member' object has no attribute 'timed_out_until'
Ignoring exception in on_member_update
Traceback (most recent call last):
  File "/usr/local/lib/python3.12/site-packages/discord/client.py", line 465, in _run_event
    await coro(*args, **kwargs)
  File "/app/asu_discord/cogs/analytics.py", line 652, in on_member_update
    before_timeout = before.timed_out_until
                     ^^^^^^^^^^^^^^^^^^^^^^
AttributeError: 'Member' object has no attribute 'timed_out_until'
Ignoring exception in on_member_update
Traceback (most recent call last):
  File "/usr/local/lib/python3.12/site-packages/discord/client.py", line 465, in _run_event
    await coro(*args, **kwargs)
  File "/app/asu_discord/cogs/analytics.py", line 652, in on_member_update
    before_timeout = before.timed_out_until
                     ^^^^^^^^^^^^^^^^^^^^^^
AttributeError: 'Member' object has no attribute 'timed_out_until'
INFO:asu_discord.cogs.verification:Saved 5 roles to database for user stoppo@asu.edu (Discord ID: 402371168117456898)
INFO:asu_discord.cogs.verification:Refreshed Salesforce roles for Discord user 402371168117456898: -5/+5 roles, assigned=[Commited, Graduate Student, International Student, Ira A. Fulton Schools of Engineering, Tempe]
ERROR:cron.jobs:refresh_salesforce_roles: failed for lreyes70 (Discord ID 941738294906093578): Failed to refresh Salesforce-based roles: Discord user 941738294906093578 is not a member of the guild
Ignoring exception in on_member_update
Traceback (most recent call last):
  File "/usr/local/lib/python3.12/site-packages/discord/client.py", line 465, in _run_event
    await coro(*args, **kwargs)
  File "/app/asu_discord/cogs/analytics.py", line 652, in on_member_update
    before_timeout = before.timed_out_until
                     ^^^^^^^^^^^^^^^^^^^^^^
AttributeError: 'Member' object has no attribute 'timed_out_until'
Ignoring exception in on_member_update
Traceback (most recent call last):
  File "/usr/local/lib/python3.12/site-packages/discord/client.py", line 465, in _run_event
    await coro(*args, **kwargs)
  File "/app/asu_discord/cogs/analytics.py", line 652, in on_member_update
    before_timeout = before.timed_out_until
                     ^^^^^^^^^^^^^^^^^^^^^^
AttributeError: 'Member' object has no attribute 'timed_out_until'
Ignoring exception in on_member_update
Traceback (most recent call last):
  File "/usr/local/lib/python3.12/site-packages/discord/client.py", line 465, in _run_event
    await coro(*args, **kwargs)
  File "/app/asu_discord/cogs/analytics.py", line 652, in on_member_update
    before_timeout = before.timed_out_until
                     ^^^^^^^^^^^^^^^^^^^^^^
AttributeError: 'Member' object has no attribute 'timed_out_until'
Ignoring exception in on_member_update
Traceback (most recent call last):
  File "/usr/local/lib/python3.12/site-packages/discord/client.py", line 465, in _run_event
    await coro(*args, **kwargs)
  File "/app/asu_discord/cogs/analytics.py", line 652, in on_member_update
    before_timeout = before.timed_out_until
                     ^^^^^^^^^^^^^^^^^^^^^^
AttributeError: 'Member' object has no attribute 'timed_out_until'
Ignoring exception in on_member_update
Traceback (most recent call last):
  File "/usr/local/lib/python3.12/site-packages/discord/client.py", line 465, in _run_event
    await coro(*args, **kwargs)
  File "/app/asu_discord/cogs/analytics.py", line 652, in on_member_update
    before_timeout = before.timed_out_until
                     ^^^^^^^^^^^^^^^^^^^^^^
AttributeError: 'Member' object has no attribute 'timed_out_until'
Ignoring exception in on_member_update
Traceback (most recent call last):
  File "/usr/local/lib/python3.12/site-packages/discord/client.py", line 465, in _run_event
    await coro(*args, **kwargs)
  File "/app/asu_discord/cogs/analytics.py", line 652, in on_member_update
    before_timeout = before.timed_out_until
                     ^^^^^^^^^^^^^^^^^^^^^^
AttributeError: 'Member' object has no attribute 'timed_out_until'
Ignoring exception in on_member_update
Traceback (most recent call last):
  File "/usr/local/lib/python3.12/site-packages/discord/client.py", line 465, in _run_event
    await coro(*args, **kwargs)
  File "/app/asu_discord/cogs/analytics.py", line 652, in on_member_update
    before_timeout = before.timed_out_until
                     ^^^^^^^^^^^^^^^^^^^^^^
AttributeError: 'Member' object has no attribute 'timed_out_until'
Ignoring exception in on_member_update
Traceback (most recent call last):
  File "/usr/local/lib/python3.12/site-packages/discord/client.py", line 465, in _run_event
    await coro(*args, **kwargs)
  File "/app/asu_discord/cogs/analytics.py", line 652, in on_member_update
    before_timeout = before.timed_out_until
                     ^^^^^^^^^^^^^^^^^^^^^^
AttributeError: 'Member' object has no attribute 'timed_out_until'
Ignoring exception in on_member_update
Traceback (most recent call last):
  File "/usr/local/lib/python3.12/site-packages/discord/client.py", line 465, in _run_event
    await coro(*args, **kwargs)
  File "/app/asu_discord/cogs/analytics.py", line 652, in on_member_update
    before_timeout = before.timed_out_until
                     ^^^^^^^^^^^^^^^^^^^^^^
AttributeError: 'Member' object has no attribute 'timed_out_until'
Ignoring exception in on_member_update
Traceback (most recent call last):
  File "/usr/local/lib/python3.12/site-packages/discord/client.py", line 465, in _run_event
    await coro(*args, **kwargs)
  File "/app/asu_discord/cogs/analytics.py", line 652, in on_member_update
    before_timeout = before.timed_out_until
                     ^^^^^^^^^^^^^^^^^^^^^^
AttributeError: 'Member' object has no attribute 'timed_out_until'
INFO:asu_discord.cogs.verification:Saved 5 roles to database for user klaberg1@asu.edu (Discord ID: 198325199555264513)
INFO:asu_discord.cogs.verification:Refreshed Salesforce roles for Discord user 198325199555264513: -5/+5 roles, assigned=[College of Liberal Arts and Sciences, Online, Out of State, Transfer Student, Upperclassmen]
ERROR:cron.jobs:refresh_salesforce_roles: failed for ajscot28 (Discord ID 909672077236260875): Failed to refresh Salesforce-based roles: Discord user 909672077236260875 is not a member of the guild
Ignoring exception in on_member_update
Traceback (most recent call last):
  File "/usr/local/lib/python3.12/site-packages/discord/client.py", line 465, in _run_event
    await coro(*args, **kwargs)
  File "/app/asu_discord/cogs/analytics.py", line 652, in on_member_update
    before_timeout = before.timed_out_until
                     ^^^^^^^^^^^^^^^^^^^^^^
AttributeError: 'Member' object has no attribute 'timed_out_until'
Ignoring exception in on_member_update
Traceback (most recent call last):
  File "/usr/local/lib/python3.12/site-packages/discord/client.py", line 465, in _run_event
    await coro(*args, **kwargs)
  File "/app/asu_discord/cogs/analytics.py", line 652, in on_member_update
    before_timeout = before.timed_out_until
                     ^^^^^^^^^^^^^^^^^^^^^^
AttributeError: 'Member' object has no attribute 'timed_out_until'
Ignoring exception in on_member_update
Traceback (most recent call last):
  File "/usr/local/lib/python3.12/site-packages/discord/client.py", line 465, in _run_event
    await coro(*args, **kwargs)
  File "/app/asu_discord/cogs/analytics.py", line 652, in on_member_update
    before_timeout = before.timed_out_until
                     ^^^^^^^^^^^^^^^^^^^^^^
AttributeError: 'Member' object has no attribute 'timed_out_until'
Ignoring exception in on_member_update
Traceback (most recent call last):
  File "/usr/local/lib/python3.12/site-packages/discord/client.py", line 465, in _run_event
    await coro(*args, **kwargs)
  File "/app/asu_discord/cogs/analytics.py", line 652, in on_member_update
    before_timeout = before.timed_out_until
                     ^^^^^^^^^^^^^^^^^^^^^^
AttributeError: 'Member' object has no attribute 'timed_out_until'
Ignoring exception in on_member_update
Traceback (most recent call last):
  File "/usr/local/lib/python3.12/site-packages/discord/client.py", line 465, in _run_event
    await coro(*args, **kwargs)
  File "/app/asu_discord/cogs/analytics.py", line 652, in on_member_update
    before_timeout = before.timed_out_until
                     ^^^^^^^^^^^^^^^^^^^^^^
AttributeError: 'Member' object has no attribute 'timed_out_until'
Ignoring exception in on_member_update
Traceback (most recent call last):
  File "/usr/local/lib/python3.12/site-packages/discord/client.py", line 465, in _run_event
    await coro(*args, **kwargs)
  File "/app/asu_discord/cogs/analytics.py", line 652, in on_member_update
    before_timeout = before.timed_out_until
                     ^^^^^^^^^^^^^^^^^^^^^^
AttributeError: 'Member' object has no attribute 'timed_out_until'
Ignoring exception in on_member_update
Traceback (most recent call last):
  File "/usr/local/lib/python3.12/site-packages/discord/client.py", line 465, in _run_event
    await coro(*args, **kwargs)
  File "/app/asu_discord/cogs/analytics.py", line 652, in on_member_update
    before_timeout = before.timed_out_until
                     ^^^^^^^^^^^^^^^^^^^^^^
AttributeError: 'Member' object has no attribute 'timed_out_until'
Ignoring exception in on_member_update
Traceback (most recent call last):
  File "/usr/local/lib/python3.12/site-packages/discord/client.py", line 465, in _run_event
    await coro(*args, **kwargs)
  File "/app/asu_discord/cogs/analytics.py", line 652, in on_member_update
    before_timeout = before.timed_out_until
                     ^^^^^^^^^^^^^^^^^^^^^^
AttributeError: 'Member' object has no attribute 'timed_out_until'
Ignoring exception in on_member_update
Traceback (most recent call last):
  File "/usr/local/lib/python3.12/site-packages/discord/client.py", line 465, in _run_event
    await coro(*args, **kwargs)
  File "/app/asu_discord/cogs/analytics.py", line 652, in on_member_update
    before_timeout = before.timed_out_until
                     ^^^^^^^^^^^^^^^^^^^^^^
AttributeError: 'Member' object has no attribute 'timed_out_until'
Ignoring exception in on_member_update
Traceback (most recent call last):
  File "/usr/local/lib/python3.12/site-packages/discord/client.py", line 465, in _run_event
    await coro(*args, **kwargs)
  File "/app/asu_discord/cogs/analytics.py", line 652, in on_member_update
    before_timeout = before.timed_out_until
                     ^^^^^^^^^^^^^^^^^^^^^^
AttributeError: 'Member' object has no attribute 'timed_out_until'
INFO:asu_discord.cogs.verification:Saved 5 roles to database for user kdanquah@asu.edu (Discord ID: 1440056667327692844)
INFO:asu_discord.cogs.verification:Refreshed Salesforce roles for Discord user 1440056667327692844: -5/+5 roles, assigned=[First Generation Student, Graduate Student, International Student, Tempe, W.P. Carey School of Business]
Ignoring exception in on_member_update
Traceback (most recent call last):
  File "/usr/local/lib/python3.12/site-packages/discord/client.py", line 465, in _run_event
    await coro(*args, **kwargs)
  File "/app/asu_discord/cogs/analytics.py", line 652, in on_member_update
    before_timeout = before.timed_out_until
                     ^^^^^^^^^^^^^^^^^^^^^^
AttributeError: 'Member' object has no attribute 'timed_out_until'
Ignoring exception in on_member_update
Traceback (most recent call last):
  File "/usr/local/lib/python3.12/site-packages/discord/client.py", line 465, in _run_event
    await coro(*args, **kwargs)
  File "/app/asu_discord/cogs/analytics.py", line 652, in on_member_update
    before_timeout = before.timed_out_until
                     ^^^^^^^^^^^^^^^^^^^^^^
AttributeError: 'Member' object has no attribute 'timed_out_until'
Ignoring exception in on_member_update
Traceback (most recent call last):
  File "/usr/local/lib/python3.12/site-packages/discord/client.py", line 465, in _run_event
    await coro(*args, **kwargs)
  File "/app/asu_discord/cogs/analytics.py", line 652, in on_member_update
    before_timeout = before.timed_out_until
                     ^^^^^^^^^^^^^^^^^^^^^^
AttributeError: 'Member' object has no attribute 'timed_out_until'
Ignoring exception in on_member_update
Traceback (most recent call last):
  File "/usr/local/lib/python3.12/site-packages/discord/client.py", line 465, in _run_event
    await coro(*args, **kwargs)
  File "/app/asu_discord/cogs/analytics.py", line 652, in on_member_update
    before_timeout = before.timed_out_until
                     ^^^^^^^^^^^^^^^^^^^^^^
AttributeError: 'Member' object has no attribute 'timed_out_until'
Ignoring exception in on_member_update
Traceback (most recent call last):
  File "/usr/local/lib/python3.12/site-packages/discord/client.py", line 465, in _run_event
    await coro(*args, **kwargs)
  File "/app/asu_discord/cogs/analytics.py", line 652, in on_member_update
    before_timeout = before.timed_out_until
                     ^^^^^^^^^^^^^^^^^^^^^^
AttributeError: 'Member' object has no attribute 'timed_out_until'
Ignoring exception in on_member_update
Traceback (most recent call last):
  File "/usr/local/lib/python3.12/site-packages/discord/client.py", line 465, in _run_event
    await coro(*args, **kwargs)
  File "/app/asu_discord/cogs/analytics.py", line 652, in on_member_update
    before_timeout = before.timed_out_until
                     ^^^^^^^^^^^^^^^^^^^^^^
AttributeError: 'Member' object has no attribute 'timed_out_until'
Ignoring exception in on_member_update
Traceback (most recent call last):
  File "/usr/local/lib/python3.12/site-packages/discord/client.py", line 465, in _run_event
    await coro(*args, **kwargs)
  File "/app/asu_discord/cogs/analytics.py", line 652, in on_member_update
    before_timeout = before.timed_out_until
                     ^^^^^^^^^^^^^^^^^^^^^^
AttributeError: 'Member' object has no attribute 'timed_out_until'
Ignoring exception in on_member_update
Traceback (most recent call last):
  File "/usr/local/lib/python3.12/site-packages/discord/client.py", line 465, in _run_event
    await coro(*args, **kwargs)
  File "/app/asu_discord/cogs/analytics.py", line 652, in on_member_update
    before_timeout = before.timed_out_until
                     ^^^^^^^^^^^^^^^^^^^^^^
AttributeError: 'Member' object has no attribute 'timed_out_until'
Ignoring exception in on_member_update
Traceback (most recent call last):
  File "/usr/local/lib/python3.12/site-packages/discord/client.py", line 465, in _run_event
    await coro(*args, **kwargs)
  File "/app/asu_discord/cogs/analytics.py", line 652, in on_member_update
    before_timeout = before.timed_out_until
                     ^^^^^^^^^^^^^^^^^^^^^^
AttributeError: 'Member' object has no attribute 'timed_out_until'
Ignoring exception in on_member_update
Traceback (most recent call last):
  File "/usr/local/lib/python3.12/site-packages/discord/client.py", line 465, in _run_event
    await coro(*args, **kwargs)
  File "/app/asu_discord/cogs/analytics.py", line 652, in on_member_update
    before_timeout = before.timed_out_until
                     ^^^^^^^^^^^^^^^^^^^^^^
AttributeError: 'Member' object has no attribute 'timed_out_until'
Ignoring exception in on_member_update
Traceback (most recent call last):
  File "/usr/local/lib/python3.12/site-packages/discord/client.py", line 465, in _run_event
    await coro(*args, **kwargs)
  File "/app/asu_discord/cogs/analytics.py", line 652, in on_member_update
    before_timeout = before.timed_out_until
                     ^^^^^^^^^^^^^^^^^^^^^^
AttributeError: 'Member' object has no attribute 'timed_out_until'
Ignoring exception in on_member_update
Traceback (most recent call last):
  File "/usr/local/lib/python3.12/site-packages/discord/client.py", line 465, in _run_event
    await coro(*args, **kwargs)
  File "/app/asu_discord/cogs/analytics.py", line 652, in on_member_update
    before_timeout = before.timed_out_until
                     ^^^^^^^^^^^^^^^^^^^^^^
AttributeError: 'Member' object has no attribute 'timed_out_until'
INFO:asu_discord.cogs.verification:Saved 6 roles to database for user amsanc89@asu.edu (Discord ID: 1108631599941161012)
INFO:asu_discord.cogs.verification:Refreshed Salesforce roles for Discord user 1108631599941161012: -6/+6 roles, assigned=[First Generation Student, First Year, New College of Interdisciplinary Arts and Sciences, Online, Out of State, Upperclassmen]
Ignoring exception in on_member_update
Traceback (most recent call last):
  File "/usr/local/lib/python3.12/site-packages/discord/client.py", line 465, in _run_event
    await coro(*args, **kwargs)
  File "/app/asu_discord/cogs/analytics.py", line 652, in on_member_update
    before_timeout = before.timed_out_until
                     ^^^^^^^^^^^^^^^^^^^^^^
AttributeError: 'Member' object has no attribute 'timed_out_until'
Ignoring exception in on_member_update
Traceback (most recent call last):
  File "/usr/local/lib/python3.12/site-packages/discord/client.py", line 465, in _run_event
    await coro(*args, **kwargs)
  File "/app/asu_discord/cogs/analytics.py", line 652, in on_member_update
    before_timeout = before.timed_out_until
                     ^^^^^^^^^^^^^^^^^^^^^^
AttributeError: 'Member' object has no attribute 'timed_out_until'
Ignoring exception in on_member_update
Traceback (most recent call last):
  File "/usr/local/lib/python3.12/site-packages/discord/client.py", line 465, in _run_event
    await coro(*args, **kwargs)
  File "/app/asu_discord/cogs/analytics.py", line 652, in on_member_update
    before_timeout = before.timed_out_until
                     ^^^^^^^^^^^^^^^^^^^^^^
AttributeError: 'Member' object has no attribute 'timed_out_until'
Ignoring exception in on_member_update
Traceback (most recent call last):
  File "/usr/local/lib/python3.12/site-packages/discord/client.py", line 465, in _run_event
    await coro(*args, **kwargs)
  File "/app/asu_discord/cogs/analytics.py", line 652, in on_member_update
    before_timeout = before.timed_out_until
                     ^^^^^^^^^^^^^^^^^^^^^^
AttributeError: 'Member' object has no attribute 'timed_out_until'
Ignoring exception in on_member_update
Traceback (most recent call last):
  File "/usr/local/lib/python3.12/site-packages/discord/client.py", line 465, in _run_event
    await coro(*args, **kwargs)
  File "/app/asu_discord/cogs/analytics.py", line 652, in on_member_update
    before_timeout = before.timed_out_until
                     ^^^^^^^^^^^^^^^^^^^^^^
AttributeError: 'Member' object has no attribute 'timed_out_until'
Ignoring exception in on_member_update
Traceback (most recent call last):
  File "/usr/local/lib/python3.12/site-packages/discord/client.py", line 465, in _run_event
    await coro(*args, **kwargs)
  File "/app/asu_discord/cogs/analytics.py", line 652, in on_member_update
    before_timeout = before.timed_out_until
                     ^^^^^^^^^^^^^^^^^^^^^^
AttributeError: 'Member' object has no attribute 'timed_out_until'
Ignoring exception in on_member_update
Traceback (most recent call last):
  File "/usr/local/lib/python3.12/site-packages/discord/client.py", line 465, in _run_event
    await coro(*args, **kwargs)
  File "/app/asu_discord/cogs/analytics.py", line 652, in on_member_update
    before_timeout = before.timed_out_until
                     ^^^^^^^^^^^^^^^^^^^^^^
AttributeError: 'Member' object has no attribute 'timed_out_until'
Ignoring exception in on_member_update
Traceback (most recent call last):
  File "/usr/local/lib/python3.12/site-packages/discord/client.py", line 465, in _run_event
    await coro(*args, **kwargs)
  File "/app/asu_discord/cogs/analytics.py", line 652, in on_member_update
    before_timeout = before.timed_out_until
                     ^^^^^^^^^^^^^^^^^^^^^^
AttributeError: 'Member' object has no attribute 'timed_out_until'
INFO:asu_discord.cogs.verification:Saved 4 roles to database for user lfscheck@asu.edu (Discord ID: 1290816943753920522)
INFO:asu_discord.cogs.verification:Refreshed Salesforce roles for Discord user 1290816943753920522: -4/+4 roles, assigned=[Graduate Student, Online, Out of State, W.P. Carey School of Business]
Ignoring exception in on_member_update
Traceback (most recent call last):
  File "/usr/local/lib/python3.12/site-packages/discord/client.py", line 465, in _run_event
    await coro(*args, **kwargs)
  File "/app/asu_discord/cogs/analytics.py", line 652, in on_member_update
    before_timeout = before.timed_out_until
                     ^^^^^^^^^^^^^^^^^^^^^^
AttributeError: 'Member' object has no attribute 'timed_out_until'
Ignoring exception in on_member_update
Traceback (most recent call last):
  File "/usr/local/lib/python3.12/site-packages/discord/client.py", line 465, in _run_event
    await coro(*args, **kwargs)
  File "/app/asu_discord/cogs/analytics.py", line 652, in on_member_update
    before_timeout = before.timed_out_until
                     ^^^^^^^^^^^^^^^^^^^^^^
AttributeError: 'Member' object has no attribute 'timed_out_until'
Ignoring exception in on_member_update
Traceback (most recent call last):
  File "/usr/local/lib/python3.12/site-packages/discord/client.py", line 465, in _run_event
    await coro(*args, **kwargs)
  File "/app/asu_discord/cogs/analytics.py", line 652, in on_member_update
    before_timeout = before.timed_out_until
                     ^^^^^^^^^^^^^^^^^^^^^^
AttributeError: 'Member' object has no attribute 'timed_out_until'
Ignoring exception in on_member_update
Traceback (most recent call last):
  File "/usr/local/lib/python3.12/site-packages/discord/client.py", line 465, in _run_event
    await coro(*args, **kwargs)
  File "/app/asu_discord/cogs/analytics.py", line 652, in on_member_update
    before_timeout = before.timed_out_until
                     ^^^^^^^^^^^^^^^^^^^^^^
AttributeError: 'Member' object has no attribute 'timed_out_until'
Ignoring exception in on_member_update
Traceback (most recent call last):
  File "/usr/local/lib/python3.12/site-packages/discord/client.py", line 465, in _run_event
    await coro(*args, **kwargs)
  File "/app/asu_discord/cogs/analytics.py", line 652, in on_member_update
    before_timeout = before.timed_out_until
                     ^^^^^^^^^^^^^^^^^^^^^^
AttributeError: 'Member' object has no attribute 'timed_out_until'
Ignoring exception in on_member_update
Traceback (most recent call last):
  File "/usr/local/lib/python3.12/site-packages/discord/client.py", line 465, in _run_event
    await coro(*args, **kwargs)
  File "/app/asu_discord/cogs/analytics.py", line 652, in on_member_update
    before_timeout = before.timed_out_until
                     ^^^^^^^^^^^^^^^^^^^^^^
AttributeError: 'Member' object has no attribute 'timed_out_until'
Ignoring exception in on_member_update
Traceback (most recent call last):
  File "/usr/local/lib/python3.12/site-packages/discord/client.py", line 465, in _run_event
    await coro(*args, **kwargs)
  File "/app/asu_discord/cogs/analytics.py", line 652, in on_member_update
    before_timeout = before.timed_out_until
                     ^^^^^^^^^^^^^^^^^^^^^^
AttributeError: 'Member' object has no attribute 'timed_out_until'
Ignoring exception in on_member_update
Traceback (most recent call last):
  File "/usr/local/lib/python3.12/site-packages/discord/client.py", line 465, in _run_event
    await coro(*args, **kwargs)
  File "/app/asu_discord/cogs/analytics.py", line 652, in on_member_update
    before_timeout = before.timed_out_until
                     ^^^^^^^^^^^^^^^^^^^^^^
AttributeError: 'Member' object has no attribute 'timed_out_until'
Ignoring exception in on_member_update
Traceback (most recent call last):
  File "/usr/local/lib/python3.12/site-packages/discord/client.py", line 465, in _run_event
    await coro(*args, **kwargs)
  File "/app/asu_discord/cogs/analytics.py", line 652, in on_member_update
    before_timeout = before.timed_out_until
                     ^^^^^^^^^^^^^^^^^^^^^^
AttributeError: 'Member' object has no attribute 'timed_out_until'
Ignoring exception in on_member_update
Traceback (most recent call last):
  File "/usr/local/lib/python3.12/site-packages/discord/client.py", line 465, in _run_event
    await coro(*args, **kwargs)
  File "/app/asu_discord/cogs/analytics.py", line 652, in on_member_update
    before_timeout = before.timed_out_until
                     ^^^^^^^^^^^^^^^^^^^^^^
AttributeError: 'Member' object has no attribute 'timed_out_until'
INFO:asu_discord.cogs.verification:Saved 5 roles to database for user syaceczk@asu.edu (Discord ID: 940431501739298856)
INFO:asu_discord.cogs.verification:Refreshed Salesforce roles for Discord user 940431501739298856: -5/+5 roles, assigned=[College of Liberal Arts and Sciences, Online, Out of State, Transfer Student, Upperclassmen]
ERROR:cron.jobs:refresh_salesforce_roles: failed for slamba12 (Discord ID 1389364633168642159): Failed to refresh Salesforce-based roles: Discord user 1389364633168642159 is not a member of the guild
Ignoring exception in on_member_update
Traceback (most recent call last):
  File "/usr/local/lib/python3.12/site-packages/discord/client.py", line 465, in _run_event
    await coro(*args, **kwargs)
  File "/app/asu_discord/cogs/analytics.py", line 652, in on_member_update
    before_timeout = before.timed_out_until
                     ^^^^^^^^^^^^^^^^^^^^^^
AttributeError: 'Member' object has no attribute 'timed_out_until'
Ignoring exception in on_member_update
Traceback (most recent call last):
  File "/usr/local/lib/python3.12/site-packages/discord/client.py", line 465, in _run_event
    await coro(*args, **kwargs)
  File "/app/asu_discord/cogs/analytics.py", line 652, in on_member_update
    before_timeout = before.timed_out_until
                     ^^^^^^^^^^^^^^^^^^^^^^
AttributeError: 'Member' object has no attribute 'timed_out_until'
Ignoring exception in on_member_update
Traceback (most recent call last):
  File "/usr/local/lib/python3.12/site-packages/discord/client.py", line 465, in _run_event
    await coro(*args, **kwargs)
  File "/app/asu_discord/cogs/analytics.py", line 652, in on_member_update
    before_timeout = before.timed_out_until
                     ^^^^^^^^^^^^^^^^^^^^^^
AttributeError: 'Member' object has no attribute 'timed_out_until'
Ignoring exception in on_member_update
Traceback (most recent call last):
  File "/usr/local/lib/python3.12/site-packages/discord/client.py", line 465, in _run_event
    await coro(*args, **kwargs)
  File "/app/asu_discord/cogs/analytics.py", line 652, in on_member_update
    before_timeout = before.timed_out_until
                     ^^^^^^^^^^^^^^^^^^^^^^
AttributeError: 'Member' object has no attribute 'timed_out_until'
Ignoring exception in on_member_update
Traceback (most recent call last):
  File "/usr/local/lib/python3.12/site-packages/discord/client.py", line 465, in _run_event
    await coro(*args, **kwargs)
  File "/app/asu_discord/cogs/analytics.py", line 652, in on_member_update
    before_timeout = before.timed_out_until
                     ^^^^^^^^^^^^^^^^^^^^^^
AttributeError: 'Member' object has no attribute 'timed_out_until'
Ignoring exception in on_member_update
Traceback (most recent call last):
  File "/usr/local/lib/python3.12/site-packages/discord/client.py", line 465, in _run_event
    await coro(*args, **kwargs)
  File "/app/asu_discord/cogs/analytics.py", line 652, in on_member_update
    before_timeout = before.timed_out_until
                     ^^^^^^^^^^^^^^^^^^^^^^
AttributeError: 'Member' object has no attribute 'timed_out_until'
Ignoring exception in on_member_update
Traceback (most recent call last):
  File "/usr/local/lib/python3.12/site-packages/discord/client.py", line 465, in _run_event
    await coro(*args, **kwargs)
  File "/app/asu_discord/cogs/analytics.py", line 652, in on_member_update
    before_timeout = before.timed_out_until
                     ^^^^^^^^^^^^^^^^^^^^^^
AttributeError: 'Member' object has no attribute 'timed_out_until'
Ignoring exception in on_member_update
Traceback (most recent call last):
  File "/usr/local/lib/python3.12/site-packages/discord/client.py", line 465, in _run_event
    await coro(*args, **kwargs)
  File "/app/asu_discord/cogs/analytics.py", line 652, in on_member_update
    before_timeout = before.timed_out_until
                     ^^^^^^^^^^^^^^^^^^^^^^
AttributeError: 'Member' object has no attribute 'timed_out_until'
Ignoring exception in on_member_update
Traceback (most recent call last):
  File "/usr/local/lib/python3.12/site-packages/discord/client.py", line 465, in _run_event
    await coro(*args, **kwargs)
  File "/app/asu_discord/cogs/analytics.py", line 652, in on_member_update
    before_timeout = before.timed_out_until
                     ^^^^^^^^^^^^^^^^^^^^^^
AttributeError: 'Member' object has no attribute 'timed_out_until'
Ignoring exception in on_member_update
Traceback (most recent call last):
  File "/usr/local/lib/python3.12/site-packages/discord/client.py", line 465, in _run_event
    await coro(*args, **kwargs)
  File "/app/asu_discord/cogs/analytics.py", line 652, in on_member_update
    before_timeout = before.timed_out_until
                     ^^^^^^^^^^^^^^^^^^^^^^
AttributeError: 'Member' object has no attribute 'timed_out_until'
INFO:asu_discord.cogs.verification:Saved 5 roles to database for user mkelle67@asu.edu (Discord ID: 1440060725610545295)
INFO:asu_discord.cogs.verification:Refreshed Salesforce roles for Discord user 1440060725610545295: -5/+5 roles, assigned=[Arizona Resident, Commited, First Year, Tempe, W.P. Carey School of Business]
ERROR:cron.jobs:refresh_salesforce_roles: failed for hannahl5 (Discord ID 1000155952567300156): Failed to refresh Salesforce-based roles: Discord user 1000155952567300156 is not a member of the guild
Ignoring exception in on_member_update
Traceback (most recent call last):
  File "/usr/local/lib/python3.12/site-packages/discord/client.py", line 465, in _run_event
    await coro(*args, **kwargs)
  File "/app/asu_discord/cogs/analytics.py", line 652, in on_member_update
    before_timeout = before.timed_out_until
                     ^^^^^^^^^^^^^^^^^^^^^^
AttributeError: 'Member' object has no attribute 'timed_out_until'
Ignoring exception in on_member_update
Traceback (most recent call last):
  File "/usr/local/lib/python3.12/site-packages/discord/client.py", line 465, in _run_event
    await coro(*args, **kwargs)
  File "/app/asu_discord/cogs/analytics.py", line 652, in on_member_update
    before_timeout = before.timed_out_until
                     ^^^^^^^^^^^^^^^^^^^^^^
AttributeError: 'Member' object has no attribute 'timed_out_until'
Ignoring exception in on_member_update
Traceback (most recent call last):
  File "/usr/local/lib/python3.12/site-packages/discord/client.py", line 465, in _run_event
    await coro(*args, **kwargs)
  File "/app/asu_discord/cogs/analytics.py", line 652, in on_member_update
    before_timeout = before.timed_out_until
                     ^^^^^^^^^^^^^^^^^^^^^^
AttributeError: 'Member' object has no attribute 'timed_out_until'
Ignoring exception in on_member_update
Traceback (most recent call last):
  File "/usr/local/lib/python3.12/site-packages/discord/client.py", line 465, in _run_event
    await coro(*args, **kwargs)
  File "/app/asu_discord/cogs/analytics.py", line 652, in on_member_update
    before_timeout = before.timed_out_until
                     ^^^^^^^^^^^^^^^^^^^^^^
AttributeError: 'Member' object has no attribute 'timed_out_until'
Ignoring exception in on_member_update
Traceback (most recent call last):
  File "/usr/local/lib/python3.12/site-packages/discord/client.py", line 465, in _run_event
    await coro(*args, **kwargs)
  File "/app/asu_discord/cogs/analytics.py", line 652, in on_member_update
    before_timeout = before.timed_out_until
                     ^^^^^^^^^^^^^^^^^^^^^^
AttributeError: 'Member' object has no attribute 'timed_out_until'
Ignoring exception in on_member_update
Traceback (most recent call last):
  File "/usr/local/lib/python3.12/site-packages/discord/client.py", line 465, in _run_event
    await coro(*args, **kwargs)
  File "/app/asu_discord/cogs/analytics.py", line 652, in on_member_update
    before_timeout = before.timed_out_until
                     ^^^^^^^^^^^^^^^^^^^^^^
AttributeError: 'Member' object has no attribute 'timed_out_until'
Ignoring exception in on_member_update
Traceback (most recent call last):
  File "/usr/local/lib/python3.12/site-packages/discord/client.py", line 465, in _run_event
    await coro(*args, **kwargs)
  File "/app/asu_discord/cogs/analytics.py", line 652, in on_member_update
    before_timeout = before.timed_out_until
                     ^^^^^^^^^^^^^^^^^^^^^^
AttributeError: 'Member' object has no attribute 'timed_out_until'
Ignoring exception in on_member_update
Traceback (most recent call last):
  File "/usr/local/lib/python3.12/site-packages/discord/client.py", line 465, in _run_event
    await coro(*args, **kwargs)
  File "/app/asu_discord/cogs/analytics.py", line 652, in on_member_update
    before_timeout = before.timed_out_until
                     ^^^^^^^^^^^^^^^^^^^^^^
AttributeError: 'Member' object has no attribute 'timed_out_until'
Ignoring exception in on_member_update
Traceback (most recent call last):
  File "/usr/local/lib/python3.12/site-packages/discord/client.py", line 465, in _run_event
    await coro(*args, **kwargs)
  File "/app/asu_discord/cogs/analytics.py", line 652, in on_member_update
    before_timeout = before.timed_out_until
                     ^^^^^^^^^^^^^^^^^^^^^^
AttributeError: 'Member' object has no attribute 'timed_out_until'
Ignoring exception in on_member_update
Traceback (most recent call last):
  File "/usr/local/lib/python3.12/site-packages/discord/client.py", line 465, in _run_event
    await coro(*args, **kwargs)
  File "/app/asu_discord/cogs/analytics.py", line 652, in on_member_update
    before_timeout = before.timed_out_until
                     ^^^^^^^^^^^^^^^^^^^^^^
AttributeError: 'Member' object has no attribute 'timed_out_until'
INFO:asu_discord.cogs.verification:Saved 5 roles to database for user pdixit12@asu.edu (Discord ID: 753296222290313377)
INFO:asu_discord.cogs.verification:Refreshed Salesforce roles for Discord user 753296222290313377: -5/+5 roles, assigned=[Arizona Resident, Commited, First Year, Ira A. Fulton Schools of Engineering, Tempe]
ERROR:cron.jobs:refresh_salesforce_roles: failed for zbaird (Discord ID 650827275906056264): Failed to refresh Salesforce-based roles: Discord user 650827275906056264 is not a member of the guild
Ignoring exception in on_member_update
Traceback (most recent call last):
  File "/usr/local/lib/python3.12/site-packages/discord/client.py", line 465, in _run_event
    await coro(*args, **kwargs)
  File "/app/asu_discord/cogs/analytics.py", line 652, in on_member_update
    before_timeout = before.timed_out_until
                     ^^^^^^^^^^^^^^^^^^^^^^
AttributeError: 'Member' object has no attribute 'timed_out_until'
Ignoring exception in on_member_update
Traceback (most recent call last):
  File "/usr/local/lib/python3.12/site-packages/discord/client.py", line 465, in _run_event
    await coro(*args, **kwargs)
  File "/app/asu_discord/cogs/analytics.py", line 652, in on_member_update
    before_timeout = before.timed_out_until
                     ^^^^^^^^^^^^^^^^^^^^^^
AttributeError: 'Member' object has no attribute 'timed_out_until'
Ignoring exception in on_member_update
Traceback (most recent call last):
  File "/usr/local/lib/python3.12/site-packages/discord/client.py", line 465, in _run_event
    await coro(*args, **kwargs)
  File "/app/asu_discord/cogs/analytics.py", line 652, in on_member_update
    before_timeout = before.timed_out_until
                     ^^^^^^^^^^^^^^^^^^^^^^
AttributeError: 'Member' object has no attribute 'timed_out_until'
Ignoring exception in on_member_update
Traceback (most recent call last):
  File "/usr/local/lib/python3.12/site-packages/discord/client.py", line 465, in _run_event
    await coro(*args, **kwargs)
  File "/app/asu_discord/cogs/analytics.py", line 652, in on_member_update
    before_timeout = before.timed_out_until
                     ^^^^^^^^^^^^^^^^^^^^^^
AttributeError: 'Member' object has no attribute 'timed_out_until'
Ignoring exception in on_member_update
Traceback (most recent call last):
  File "/usr/local/lib/python3.12/site-packages/discord/client.py", line 465, in _run_event
    await coro(*args, **kwargs)
  File "/app/asu_discord/cogs/analytics.py", line 652, in on_member_update
    before_timeout = before.timed_out_until
                     ^^^^^^^^^^^^^^^^^^^^^^
AttributeError: 'Member' object has no attribute 'timed_out_until'
Ignoring exception in on_member_update
Traceback (most recent call last):
  File "/usr/local/lib/python3.12/site-packages/discord/client.py", line 465, in _run_event
    await coro(*args, **kwargs)
  File "/app/asu_discord/cogs/analytics.py", line 652, in on_member_update
    before_timeout = before.timed_out_until
                     ^^^^^^^^^^^^^^^^^^^^^^
AttributeError: 'Member' object has no attribute 'timed_out_until'
Ignoring exception in on_member_update
Traceback (most recent call last):
  File "/usr/local/lib/python3.12/site-packages/discord/client.py", line 465, in _run_event
    await coro(*args, **kwargs)
  File "/app/asu_discord/cogs/analytics.py", line 652, in on_member_update
    before_timeout = before.timed_out_until
                     ^^^^^^^^^^^^^^^^^^^^^^
AttributeError: 'Member' object has no attribute 'timed_out_until'
Ignoring exception in on_member_update
Traceback (most recent call last):
  File "/usr/local/lib/python3.12/site-packages/discord/client.py", line 465, in _run_event
    await coro(*args, **kwargs)
  File "/app/asu_discord/cogs/analytics.py", line 652, in on_member_update
    before_timeout = before.timed_out_until
                     ^^^^^^^^^^^^^^^^^^^^^^
AttributeError: 'Member' object has no attribute 'timed_out_until'
Ignoring exception in on_member_update
Traceback (most recent call last):
  File "/usr/local/lib/python3.12/site-packages/discord/client.py", line 465, in _run_event
    await coro(*args, **kwargs)
  File "/app/asu_discord/cogs/analytics.py", line 652, in on_member_update
    before_timeout = before.timed_out_until
                     ^^^^^^^^^^^^^^^^^^^^^^
AttributeError: 'Member' object has no attribute 'timed_out_until'
Ignoring exception in on_member_update
Traceback (most recent call last):
  File "/usr/local/lib/python3.12/site-packages/discord/client.py", line 465, in _run_event
    await coro(*args, **kwargs)
  File "/app/asu_discord/cogs/analytics.py", line 652, in on_member_update
    before_timeout = before.timed_out_until
                     ^^^^^^^^^^^^^^^^^^^^^^
AttributeError: 'Member' object has no attribute 'timed_out_until'
Ignoring exception in on_member_update
Traceback (most recent call last):
  File "/usr/local/lib/python3.12/site-packages/discord/client.py", line 465, in _run_event
    await coro(*args, **kwargs)
  File "/app/asu_discord/cogs/analytics.py", line 652, in on_member_update
    before_timeout = before.timed_out_until
                     ^^^^^^^^^^^^^^^^^^^^^^
AttributeError: 'Member' object has no attribute 'timed_out_until'
Ignoring exception in on_member_update
Traceback (most recent call last):
  File "/usr/local/lib/python3.12/site-packages/discord/client.py", line 465, in _run_event
    await coro(*args, **kwargs)
  File "/app/asu_discord/cogs/analytics.py", line 652, in on_member_update
    before_timeout = before.timed_out_until
                     ^^^^^^^^^^^^^^^^^^^^^^
AttributeError: 'Member' object has no attribute 'timed_out_until'
INFO:asu_discord.cogs.verification:Saved 6 roles to database for user smarvigl@asu.edu (Discord ID: 1295548043713843203)
INFO:asu_discord.cogs.verification:Refreshed Salesforce roles for Discord user 1295548043713843203: -6/+6 roles, assigned=[Arizona Resident, Commited, First Year, Tempe, University College, Upperclassmen]
Ignoring exception in on_member_update
Traceback (most recent call last):
  File "/usr/local/lib/python3.12/site-packages/discord/client.py", line 465, in _run_event
    await coro(*args, **kwargs)
  File "/app/asu_discord/cogs/analytics.py", line 652, in on_member_update
    before_timeout = before.timed_out_until
                     ^^^^^^^^^^^^^^^^^^^^^^
AttributeError: 'Member' object has no attribute 'timed_out_until'
Ignoring exception in on_member_update
Traceback (most recent call last):
  File "/usr/local/lib/python3.12/site-packages/discord/client.py", line 465, in _run_event
    await coro(*args, **kwargs)
  File "/app/asu_discord/cogs/analytics.py", line 652, in on_member_update
    before_timeout = before.timed_out_until
                     ^^^^^^^^^^^^^^^^^^^^^^
AttributeError: 'Member' object has no attribute 'timed_out_until'
Ignoring exception in on_member_update
Traceback (most recent call last):
  File "/usr/local/lib/python3.12/site-packages/discord/client.py", line 465, in _run_event
    await coro(*args, **kwargs)
  File "/app/asu_discord/cogs/analytics.py", line 652, in on_member_update
    before_timeout = before.timed_out_until
                     ^^^^^^^^^^^^^^^^^^^^^^
AttributeError: 'Member' object has no attribute 'timed_out_until'
Ignoring exception in on_member_update
Traceback (most recent call last):
  File "/usr/local/lib/python3.12/site-packages/discord/client.py", line 465, in _run_event
    await coro(*args, **kwargs)
  File "/app/asu_discord/cogs/analytics.py", line 652, in on_member_update
    before_timeout = before.timed_out_until
                     ^^^^^^^^^^^^^^^^^^^^^^
AttributeError: 'Member' object has no attribute 'timed_out_until'
Ignoring exception in on_member_update
Traceback (most recent call last):
  File "/usr/local/lib/python3.12/site-packages/discord/client.py", line 465, in _run_event
    await coro(*args, **kwargs)
  File "/app/asu_discord/cogs/analytics.py", line 652, in on_member_update
    before_timeout = before.timed_out_until
                     ^^^^^^^^^^^^^^^^^^^^^^
AttributeError: 'Member' object has no attribute 'timed_out_until'
Ignoring exception in on_member_update
Traceback (most recent call last):
  File "/usr/local/lib/python3.12/site-packages/discord/client.py", line 465, in _run_event
    await coro(*args, **kwargs)
  File "/app/asu_discord/cogs/analytics.py", line 652, in on_member_update
    before_timeout = before.timed_out_until
                     ^^^^^^^^^^^^^^^^^^^^^^
AttributeError: 'Member' object has no attribute 'timed_out_until'
Ignoring exception in on_member_update
Traceback (most recent call last):
  File "/usr/local/lib/python3.12/site-packages/discord/client.py", line 465, in _run_event
    await coro(*args, **kwargs)
  File "/app/asu_discord/cogs/analytics.py", line 652, in on_member_update
    before_timeout = before.timed_out_until
                     ^^^^^^^^^^^^^^^^^^^^^^
AttributeError: 'Member' object has no attribute 'timed_out_until'
Ignoring exception in on_member_update
Traceback (most recent call last):
  File "/usr/local/lib/python3.12/site-packages/discord/client.py", line 465, in _run_event
    await coro(*args, **kwargs)
  File "/app/asu_discord/cogs/analytics.py", line 652, in on_member_update
    before_timeout = before.timed_out_until
                     ^^^^^^^^^^^^^^^^^^^^^^
AttributeError: 'Member' object has no attribute 'timed_out_until'
Ignoring exception in on_member_update
Traceback (most recent call last):
  File "/usr/local/lib/python3.12/site-packages/discord/client.py", line 465, in _run_event
    await coro(*args, **kwargs)
  File "/app/asu_discord/cogs/analytics.py", line 652, in on_member_update
    before_timeout = before.timed_out_until
                     ^^^^^^^^^^^^^^^^^^^^^^
AttributeError: 'Member' object has no attribute 'timed_out_until'
Ignoring exception in on_member_update
Traceback (most recent call last):
  File "/usr/local/lib/python3.12/site-packages/discord/client.py", line 465, in _run_event
    await coro(*args, **kwargs)
  File "/app/asu_discord/cogs/analytics.py", line 652, in on_member_update
    before_timeout = before.timed_out_until
                     ^^^^^^^^^^^^^^^^^^^^^^
AttributeError: 'Member' object has no attribute 'timed_out_until'
Ignoring exception in on_member_update
Traceback (most recent call last):
  File "/usr/local/lib/python3.12/site-packages/discord/client.py", line 465, in _run_event
    await coro(*args, **kwargs)
  File "/app/asu_discord/cogs/analytics.py", line 652, in on_member_update
    before_timeout = before.timed_out_until
                     ^^^^^^^^^^^^^^^^^^^^^^
AttributeError: 'Member' object has no attribute 'timed_out_until'
Ignoring exception in on_member_update
Traceback (most recent call last):
  File "/usr/local/lib/python3.12/site-packages/discord/client.py", line 465, in _run_event
    await coro(*args, **kwargs)
  File "/app/asu_discord/cogs/analytics.py", line 652, in on_member_update
    before_timeout = before.timed_out_until
                     ^^^^^^^^^^^^^^^^^^^^^^
AttributeError: 'Member' object has no attribute 'timed_out_until'
INFO:asu_discord.cogs.verification:Saved 6 roles to database for user jnitzban@asu.edu (Discord ID: 374810393098321921)
INFO:asu_discord.cogs.verification:Refreshed Salesforce roles for Discord user 374810393098321921: -6/+6 roles, assigned=[Arizona Resident, First Generation Student, Ira A. Fulton Schools of Engineering, Online, Transfer Student, Upperclassmen]
ERROR:cron.jobs:refresh_salesforce_roles: failed for jphendr2 (Discord ID 884519316790325268): Failed to refresh Salesforce-based roles: Discord user 884519316790325268 is not a member of the guild
Ignoring exception in on_member_update
Traceback (most recent call last):
  File "/usr/local/lib/python3.12/site-packages/discord/client.py", line 465, in _run_event
    await coro(*args, **kwargs)
  File "/app/asu_discord/cogs/analytics.py", line 652, in on_member_update
    before_timeout = before.timed_out_until
                     ^^^^^^^^^^^^^^^^^^^^^^
AttributeError: 'Member' object has no attribute 'timed_out_until'
Ignoring exception in on_member_update
Traceback (most recent call last):
  File "/usr/local/lib/python3.12/site-packages/discord/client.py", line 465, in _run_event
    await coro(*args, **kwargs)
  File "/app/asu_discord/cogs/analytics.py", line 652, in on_member_update
    before_timeout = before.timed_out_until
                     ^^^^^^^^^^^^^^^^^^^^^^
AttributeError: 'Member' object has no attribute 'timed_out_until'
Ignoring exception in on_member_update
Traceback (most recent call last):
  File "/usr/local/lib/python3.12/site-packages/discord/client.py", line 465, in _run_event
    await coro(*args, **kwargs)
  File "/app/asu_discord/cogs/analytics.py", line 652, in on_member_update
    before_timeout = before.timed_out_until
                     ^^^^^^^^^^^^^^^^^^^^^^
AttributeError: 'Member' object has no attribute 'timed_out_until'
Ignoring exception in on_member_update
Traceback (most recent call last):
  File "/usr/local/lib/python3.12/site-packages/discord/client.py", line 465, in _run_event
    await coro(*args, **kwargs)
  File "/app/asu_discord/cogs/analytics.py", line 652, in on_member_update
    before_timeout = before.timed_out_until
                     ^^^^^^^^^^^^^^^^^^^^^^
AttributeError: 'Member' object has no attribute 'timed_out_until'
Ignoring exception in on_member_update
Traceback (most recent call last):
  File "/usr/local/lib/python3.12/site-packages/discord/client.py", line 465, in _run_event
    await coro(*args, **kwargs)
  File "/app/asu_discord/cogs/analytics.py", line 652, in on_member_update
    before_timeout = before.timed_out_until
                     ^^^^^^^^^^^^^^^^^^^^^^
AttributeError: 'Member' object has no attribute 'timed_out_until'
Ignoring exception in on_member_update
Traceback (most recent call last):
  File "/usr/local/lib/python3.12/site-packages/discord/client.py", line 465, in _run_event
    await coro(*args, **kwargs)
  File "/app/asu_discord/cogs/analytics.py", line 652, in on_member_update
    before_timeout = before.timed_out_until
                     ^^^^^^^^^^^^^^^^^^^^^^
AttributeError: 'Member' object has no attribute 'timed_out_until'
Ignoring exception in on_member_update
Traceback (most recent call last):
  File "/usr/local/lib/python3.12/site-packages/discord/client.py", line 465, in _run_event
    await coro(*args, **kwargs)
  File "/app/asu_discord/cogs/analytics.py", line 652, in on_member_update
    before_timeout = before.timed_out_until
                     ^^^^^^^^^^^^^^^^^^^^^^
AttributeError: 'Member' object has no attribute 'timed_out_until'
Ignoring exception in on_member_update
Traceback (most recent call last):
  File "/usr/local/lib/python3.12/site-packages/discord/client.py", line 465, in _run_event
    await coro(*args, **kwargs)
  File "/app/asu_discord/cogs/analytics.py", line 652, in on_member_update
    before_timeout = before.timed_out_until
                     ^^^^^^^^^^^^^^^^^^^^^^
AttributeError: 'Member' object has no attribute 'timed_out_until'
Ignoring exception in on_member_update
Traceback (most recent call last):
  File "/usr/local/lib/python3.12/site-packages/discord/client.py", line 465, in _run_event
    await coro(*args, **kwargs)
  File "/app/asu_discord/cogs/analytics.py", line 652, in on_member_update
    before_timeout = before.timed_out_until
                     ^^^^^^^^^^^^^^^^^^^^^^
AttributeError: 'Member' object has no attribute 'timed_out_until'
Ignoring exception in on_member_update
Traceback (most recent call last):
  File "/usr/local/lib/python3.12/site-packages/discord/client.py", line 465, in _run_event
    await coro(*args, **kwargs)
  File "/app/asu_discord/cogs/analytics.py", line 652, in on_member_update
    before_timeout = before.timed_out_until
                     ^^^^^^^^^^^^^^^^^^^^^^
AttributeError: 'Member' object has no attribute 'timed_out_until'
ERROR:cron.jobs:refresh_salesforce_roles: failed for knightin (Discord ID 764706131330727967): Timed out refresh Salesforce-based roles
Ignoring exception in on_member_update
Traceback (most recent call last):
  File "/usr/local/lib/python3.12/site-packages/discord/client.py", line 465, in _run_event
    await coro(*args, **kwargs)
  File "/app/asu_discord/cogs/analytics.py", line 652, in on_member_update
    before_timeout = before.timed_out_until
                     ^^^^^^^^^^^^^^^^^^^^^^
AttributeError: 'Member' object has no attribute 'timed_out_until'
Ignoring exception in on_member_update
Traceback (most recent call last):
  File "/usr/local/lib/python3.12/site-packages/discord/client.py", line 465, in _run_event
    await coro(*args, **kwargs)
  File "/app/asu_discord/cogs/analytics.py", line 652, in on_member_update
    before_timeout = before.timed_out_until
                     ^^^^^^^^^^^^^^^^^^^^^^
AttributeError: 'Member' object has no attribute 'timed_out_until'
Ignoring exception in on_member_update
Traceback (most recent call last):
  File "/usr/local/lib/python3.12/site-packages/discord/client.py", line 465, in _run_event
    await coro(*args, **kwargs)
  File "/app/asu_discord/cogs/analytics.py", line 652, in on_member_update
    before_timeout = before.timed_out_until
                     ^^^^^^^^^^^^^^^^^^^^^^
AttributeError: 'Member' object has no attribute 'timed_out_until'
Ignoring exception in on_member_update
Traceback (most recent call last):
  File "/usr/local/lib/python3.12/site-packages/discord/client.py", line 465, in _run_event
    await coro(*args, **kwargs)
  File "/app/asu_discord/cogs/analytics.py", line 652, in on_member_update
    before_timeout = before.timed_out_until
                     ^^^^^^^^^^^^^^^^^^^^^^
AttributeError: 'Member' object has no attribute 'timed_out_until'
Ignoring exception in on_member_update
Traceback (most recent call last):
  File "/usr/local/lib/python3.12/site-packages/discord/client.py", line 465, in _run_event
    await coro(*args, **kwargs)
  File "/app/asu_discord/cogs/analytics.py", line 652, in on_member_update
    before_timeout = before.timed_out_until
                     ^^^^^^^^^^^^^^^^^^^^^^
AttributeError: 'Member' object has no attribute 'timed_out_until'
Ignoring exception in on_member_update
Traceback (most recent call last):
  File "/usr/local/lib/python3.12/site-packages/discord/client.py", line 465, in _run_event
    await coro(*args, **kwargs)
  File "/app/asu_discord/cogs/analytics.py", line 652, in on_member_update
    before_timeout = before.timed_out_until
                     ^^^^^^^^^^^^^^^^^^^^^^
AttributeError: 'Member' object has no attribute 'timed_out_until'
Ignoring exception in on_member_update
Traceback (most recent call last):
  File "/usr/local/lib/python3.12/site-packages/discord/client.py", line 465, in _run_event
    await coro(*args, **kwargs)
  File "/app/asu_discord/cogs/analytics.py", line 652, in on_member_update
    before_timeout = before.timed_out_until
                     ^^^^^^^^^^^^^^^^^^^^^^
AttributeError: 'Member' object has no attribute 'timed_out_until'
Ignoring exception in on_member_update
Traceback (most recent call last):
  File "/usr/local/lib/python3.12/site-packages/discord/client.py", line 465, in _run_event
    await coro(*args, **kwargs)
  File "/app/asu_discord/cogs/analytics.py", line 652, in on_member_update
    before_timeout = before.timed_out_until
                     ^^^^^^^^^^^^^^^^^^^^^^
AttributeError: 'Member' object has no attribute 'timed_out_until'
Ignoring exception in on_member_update
Traceback (most recent call last):
  File "/usr/local/lib/python3.12/site-packages/discord/client.py", line 465, in _run_event
    await coro(*args, **kwargs)
  File "/app/asu_discord/cogs/analytics.py", line 652, in on_member_update
    before_timeout = before.timed_out_until
                     ^^^^^^^^^^^^^^^^^^^^^^
AttributeError: 'Member' object has no attribute 'timed_out_until'
Ignoring exception in on_member_update
Traceback (most recent call last):
  File "/usr/local/lib/python3.12/site-packages/discord/client.py", line 465, in _run_event
    await coro(*args, **kwargs)
  File "/app/asu_discord/cogs/analytics.py", line 652, in on_member_update
    before_timeout = before.timed_out_until
                     ^^^^^^^^^^^^^^^^^^^^^^
AttributeError: 'Member' object has no attribute 'timed_out_until'
ERROR:cron.jobs:refresh_salesforce_roles: failed for terbay (Discord ID 1196481580441550991): Timed out refresh Salesforce-based roles
Ignoring exception in on_member_update
Traceback (most recent call last):
  File "/usr/local/lib/python3.12/site-packages/discord/client.py", line 465, in _run_event
    await coro(*args, **kwargs)
  File "/app/asu_discord/cogs/analytics.py", line 652, in on_member_update
    before_timeout = before.timed_out_until
                     ^^^^^^^^^^^^^^^^^^^^^^
AttributeError: 'Member' object has no attribute 'timed_out_until'
Ignoring exception in on_member_update
Traceback (most recent call last):
  File "/usr/local/lib/python3.12/site-packages/discord/client.py", line 465, in _run_event
    await coro(*args, **kwargs)
  File "/app/asu_discord/cogs/analytics.py", line 652, in on_member_update
    before_timeout = before.timed_out_until
                     ^^^^^^^^^^^^^^^^^^^^^^
AttributeError: 'Member' object has no attribute 'timed_out_until'
Ignoring exception in on_member_update
Traceback (most recent call last):
  File "/usr/local/lib/python3.12/site-packages/discord/client.py", line 465, in _run_event
    await coro(*args, **kwargs)
  File "/app/asu_discord/cogs/analytics.py", line 652, in on_member_update
    before_timeout = before.timed_out_until
                     ^^^^^^^^^^^^^^^^^^^^^^
AttributeError: 'Member' object has no attribute 'timed_out_until'
Ignoring exception in on_member_update
Traceback (most recent call last):
  File "/usr/local/lib/python3.12/site-packages/discord/client.py", line 465, in _run_event
    await coro(*args, **kwargs)
  File "/app/asu_discord/cogs/analytics.py", line 652, in on_member_update
    before_timeout = before.timed_out_until
                     ^^^^^^^^^^^^^^^^^^^^^^
AttributeError: 'Member' object has no attribute 'timed_out_until'
Ignoring exception in on_member_update
Traceback (most recent call last):
  File "/usr/local/lib/python3.12/site-packages/discord/client.py", line 465, in _run_event
    await coro(*args, **kwargs)
  File "/app/asu_discord/cogs/analytics.py", line 652, in on_member_update
    before_timeout = before.timed_out_until
                     ^^^^^^^^^^^^^^^^^^^^^^
AttributeError: 'Member' object has no attribute 'timed_out_until'
Ignoring exception in on_member_update
Traceback (most recent call last):
  File "/usr/local/lib/python3.12/site-packages/discord/client.py", line 465, in _run_event
    await coro(*args, **kwargs)
  File "/app/asu_discord/cogs/analytics.py", line 652, in on_member_update
    before_timeout = before.timed_out_until
                     ^^^^^^^^^^^^^^^^^^^^^^
AttributeError: 'Member' object has no attribute 'timed_out_until'
Ignoring exception in on_member_update
Traceback (most recent call last):
  File "/usr/local/lib/python3.12/site-packages/discord/client.py", line 465, in _run_event
    await coro(*args, **kwargs)
  File "/app/asu_discord/cogs/analytics.py", line 652, in on_member_update
    before_timeout = before.timed_out_until
                     ^^^^^^^^^^^^^^^^^^^^^^
AttributeError: 'Member' object has no attribute 'timed_out_until'
Ignoring exception in on_member_update
Traceback (most recent call last):
  File "/usr/local/lib/python3.12/site-packages/discord/client.py", line 465, in _run_event
    await coro(*args, **kwargs)
  File "/app/asu_discord/cogs/analytics.py", line 652, in on_member_update
    before_timeout = before.timed_out_until
                     ^^^^^^^^^^^^^^^^^^^^^^
AttributeError: 'Member' object has no attribute 'timed_out_until'
Ignoring exception in on_member_update
Traceback (most recent call last):
  File "/usr/local/lib/python3.12/site-packages/discord/client.py", line 465, in _run_event
    await coro(*args, **kwargs)
  File "/app/asu_discord/cogs/analytics.py", line 652, in on_member_update
    before_timeout = before.timed_out_until
                     ^^^^^^^^^^^^^^^^^^^^^^
AttributeError: 'Member' object has no attribute 'timed_out_until'
Ignoring exception in on_member_update
Traceback (most recent call last):
  File "/usr/local/lib/python3.12/site-packages/discord/client.py", line 465, in _run_event
    await coro(*args, **kwargs)
  File "/app/asu_discord/cogs/analytics.py", line 652, in on_member_update
    before_timeout = before.timed_out_until
                     ^^^^^^^^^^^^^^^^^^^^^^
AttributeError: 'Member' object has no attribute 'timed_out_until'
INFO:asu_discord.cogs.verification:Saved 5 roles to database for user aleon113@asu.edu (Discord ID: 1440062195315507362)
INFO:asu_discord.cogs.verification:Refreshed Salesforce roles for Discord user 1440062195315507362: -5/+5 roles, assigned=[Arizona Resident, Commited, First Year, New College of Interdisciplinary Arts and Sciences, West Valley]
Ignoring exception in on_member_update
Traceback (most recent call last):
  File "/usr/local/lib/python3.12/site-packages/discord/client.py", line 465, in _run_event
    await coro(*args, **kwargs)
  File "/app/asu_discord/cogs/analytics.py", line 652, in on_member_update
    before_timeout = before.timed_out_until
                     ^^^^^^^^^^^^^^^^^^^^^^
AttributeError: 'Member' object has no attribute 'timed_out_until'
Ignoring exception in on_member_update
Traceback (most recent call last):
  File "/usr/local/lib/python3.12/site-packages/discord/client.py", line 465, in _run_event
    await coro(*args, **kwargs)
  File "/app/asu_discord/cogs/analytics.py", line 652, in on_member_update
    before_timeout = before.timed_out_until
                     ^^^^^^^^^^^^^^^^^^^^^^
AttributeError: 'Member' object has no attribute 'timed_out_until'
Ignoring exception in on_member_update
Traceback (most recent call last):
  File "/usr/local/lib/python3.12/site-packages/discord/client.py", line 465, in _run_event
    await coro(*args, **kwargs)
  File "/app/asu_discord/cogs/analytics.py", line 652, in on_member_update
    before_timeout = before.timed_out_until
                     ^^^^^^^^^^^^^^^^^^^^^^
AttributeError: 'Member' object has no attribute 'timed_out_until'
Ignoring exception in on_member_update
Traceback (most recent call last):
  File "/usr/local/lib/python3.12/site-packages/discord/client.py", line 465, in _run_event
    await coro(*args, **kwargs)
  File "/app/asu_discord/cogs/analytics.py", line 652, in on_member_update
    before_timeout = before.timed_out_until
                     ^^^^^^^^^^^^^^^^^^^^^^
AttributeError: 'Member' object has no attribute 'timed_out_until'
Ignoring exception in on_member_update
Traceback (most recent call last):
  File "/usr/local/lib/python3.12/site-packages/discord/client.py", line 465, in _run_event
    await coro(*args, **kwargs)
  File "/app/asu_discord/cogs/analytics.py", line 652, in on_member_update
    before_timeout = before.timed_out_until
                     ^^^^^^^^^^^^^^^^^^^^^^
AttributeError: 'Member' object has no attribute 'timed_out_until'
Ignoring exception in on_member_update
Traceback (most recent call last):
  File "/usr/local/lib/python3.12/site-packages/discord/client.py", line 465, in _run_event
    await coro(*args, **kwargs)
  File "/app/asu_discord/cogs/analytics.py", line 652, in on_member_update
    before_timeout = before.timed_out_until
                     ^^^^^^^^^^^^^^^^^^^^^^
AttributeError: 'Member' object has no attribute 'timed_out_until'
Ignoring exception in on_member_update
Traceback (most recent call last):
  File "/usr/local/lib/python3.12/site-packages/discord/client.py", line 465, in _run_event
    await coro(*args, **kwargs)
  File "/app/asu_discord/cogs/analytics.py", line 652, in on_member_update
    before_timeout = before.timed_out_until
                     ^^^^^^^^^^^^^^^^^^^^^^
AttributeError: 'Member' object has no attribute 'timed_out_until'
Ignoring exception in on_member_update
Traceback (most recent call last):
  File "/usr/local/lib/python3.12/site-packages/discord/client.py", line 465, in _run_event
    await coro(*args, **kwargs)
  File "/app/asu_discord/cogs/analytics.py", line 652, in on_member_update
    before_timeout = before.timed_out_until
                     ^^^^^^^^^^^^^^^^^^^^^^
AttributeError: 'Member' object has no attribute 'timed_out_until'
Ignoring exception in on_member_update
Traceback (most recent call last):
  File "/usr/local/lib/python3.12/site-packages/discord/client.py", line 465, in _run_event
    await coro(*args, **kwargs)
  File "/app/asu_discord/cogs/analytics.py", line 652, in on_member_update
    before_timeout = before.timed_out_until
                     ^^^^^^^^^^^^^^^^^^^^^^
AttributeError: 'Member' object has no attribute 'timed_out_until'
Ignoring exception in on_member_update
Traceback (most recent call last):
  File "/usr/local/lib/python3.12/site-packages/discord/client.py", line 465, in _run_event
    await coro(*args, **kwargs)
  File "/app/asu_discord/cogs/analytics.py", line 652, in on_member_update
    before_timeout = before.timed_out_until
                     ^^^^^^^^^^^^^^^^^^^^^^
AttributeError: 'Member' object has no attribute 'timed_out_until'
INFO:asu_discord.cogs.verification:Saved 5 roles to database for user cjpaige@asu.edu (Discord ID: 772862847050448956)
INFO:asu_discord.cogs.verification:Refreshed Salesforce roles for Discord user 772862847050448956: -5/+5 roles, assigned=[Commited, Downtown Phoenix, First Year, Out of State, Walter Cronkite School of Journalism and Mass Communication]
Ignoring exception in on_member_update
Traceback (most recent call last):
  File "/usr/local/lib/python3.12/site-packages/discord/client.py", line 465, in _run_event
    await coro(*args, **kwargs)
  File "/app/asu_discord/cogs/analytics.py", line 652, in on_member_update
    before_timeout = before.timed_out_until
                     ^^^^^^^^^^^^^^^^^^^^^^
AttributeError: 'Member' object has no attribute 'timed_out_until'
Ignoring exception in on_member_update
Traceback (most recent call last):
  File "/usr/local/lib/python3.12/site-packages/discord/client.py", line 465, in _run_event
    await coro(*args, **kwargs)
  File "/app/asu_discord/cogs/analytics.py", line 652, in on_member_update
    before_timeout = before.timed_out_until
                     ^^^^^^^^^^^^^^^^^^^^^^
AttributeError: 'Member' object has no attribute 'timed_out_until'
Ignoring exception in on_member_update
Traceback (most recent call last):
  File "/usr/local/lib/python3.12/site-packages/discord/client.py", line 465, in _run_event
    await coro(*args, **kwargs)
  File "/app/asu_discord/cogs/analytics.py", line 652, in on_member_update
    before_timeout = before.timed_out_until
                     ^^^^^^^^^^^^^^^^^^^^^^
AttributeError: 'Member' object has no attribute 'timed_out_until'
Ignoring exception in on_member_update
Traceback (most recent call last):
  File "/usr/local/lib/python3.12/site-packages/discord/client.py", line 465, in _run_event
    await coro(*args, **kwargs)
  File "/app/asu_discord/cogs/analytics.py", line 652, in on_member_update
    before_timeout = before.timed_out_until
                     ^^^^^^^^^^^^^^^^^^^^^^
AttributeError: 'Member' object has no attribute 'timed_out_until'
Ignoring exception in on_member_update
Traceback (most recent call last):
  File "/usr/local/lib/python3.12/site-packages/discord/client.py", line 465, in _run_event
    await coro(*args, **kwargs)
  File "/app/asu_discord/cogs/analytics.py", line 652, in on_member_update
    before_timeout = before.timed_out_until
                     ^^^^^^^^^^^^^^^^^^^^^^
AttributeError: 'Member' object has no attribute 'timed_out_until'
Ignoring exception in on_member_update
Traceback (most recent call last):
  File "/usr/local/lib/python3.12/site-packages/discord/client.py", line 465, in _run_event
    await coro(*args, **kwargs)
  File "/app/asu_discord/cogs/analytics.py", line 652, in on_member_update
    before_timeout = before.timed_out_until
                     ^^^^^^^^^^^^^^^^^^^^^^
AttributeError: 'Member' object has no attribute 'timed_out_until'
Ignoring exception in on_member_update
Traceback (most recent call last):
  File "/usr/local/lib/python3.12/site-packages/discord/client.py", line 465, in _run_event
    await coro(*args, **kwargs)
  File "/app/asu_discord/cogs/analytics.py", line 652, in on_member_update
    before_timeout = before.timed_out_until
                     ^^^^^^^^^^^^^^^^^^^^^^
AttributeError: 'Member' object has no attribute 'timed_out_until'
Ignoring exception in on_member_update
Traceback (most recent call last):
  File "/usr/local/lib/python3.12/site-packages/discord/client.py", line 465, in _run_event
    await coro(*args, **kwargs)
  File "/app/asu_discord/cogs/analytics.py", line 652, in on_member_update
    before_timeout = before.timed_out_until
                     ^^^^^^^^^^^^^^^^^^^^^^
AttributeError: 'Member' object has no attribute 'timed_out_until'
Ignoring exception in on_member_update
Traceback (most recent call last):
  File "/usr/local/lib/python3.12/site-packages/discord/client.py", line 465, in _run_event
    await coro(*args, **kwargs)
  File "/app/asu_discord/cogs/analytics.py", line 652, in on_member_update
    before_timeout = before.timed_out_until
                     ^^^^^^^^^^^^^^^^^^^^^^
AttributeError: 'Member' object has no attribute 'timed_out_until'
Ignoring exception in on_member_update
Traceback (most recent call last):
  File "/usr/local/lib/python3.12/site-packages/discord/client.py", line 465, in _run_event
    await coro(*args, **kwargs)
  File "/app/asu_discord/cogs/analytics.py", line 652, in on_member_update
    before_timeout = before.timed_out_until
                     ^^^^^^^^^^^^^^^^^^^^^^
AttributeError: 'Member' object has no attribute 'timed_out_until'
ERROR:cron.jobs:refresh_salesforce_roles: failed for jlvill15 (Discord ID 143580477817749506): Timed out refresh Salesforce-based roles
Ignoring exception in on_member_update
Traceback (most recent call last):
  File "/usr/local/lib/python3.12/site-packages/discord/client.py", line 465, in _run_event
    await coro(*args, **kwargs)
  File "/app/asu_discord/cogs/analytics.py", line 652, in on_member_update
    before_timeout = before.timed_out_until
                     ^^^^^^^^^^^^^^^^^^^^^^
AttributeError: 'Member' object has no attribute 'timed_out_until'
Ignoring exception in on_member_update
Traceback (most recent call last):
  File "/usr/local/lib/python3.12/site-packages/discord/client.py", line 465, in _run_event
    await coro(*args, **kwargs)
  File "/app/asu_discord/cogs/analytics.py", line 652, in on_member_update
    before_timeout = before.timed_out_until
                     ^^^^^^^^^^^^^^^^^^^^^^
AttributeError: 'Member' object has no attribute 'timed_out_until'
Ignoring exception in on_member_update
Traceback (most recent call last):
  File "/usr/local/lib/python3.12/site-packages/discord/client.py", line 465, in _run_event
    await coro(*args, **kwargs)
  File "/app/asu_discord/cogs/analytics.py", line 652, in on_member_update
    before_timeout = before.timed_out_until
                     ^^^^^^^^^^^^^^^^^^^^^^
AttributeError: 'Member' object has no attribute 'timed_out_until'
Ignoring exception in on_member_update
Traceback (most recent call last):
  File "/usr/local/lib/python3.12/site-packages/discord/client.py", line 465, in _run_event
    await coro(*args, **kwargs)
  File "/app/asu_discord/cogs/analytics.py", line 652, in on_member_update
    before_timeout = before.timed_out_until
                     ^^^^^^^^^^^^^^^^^^^^^^
AttributeError: 'Member' object has no attribute 'timed_out_until'
Ignoring exception in on_member_update
Traceback (most recent call last):
  File "/usr/local/lib/python3.12/site-packages/discord/client.py", line 465, in _run_event
    await coro(*args, **kwargs)
  File "/app/asu_discord/cogs/analytics.py", line 652, in on_member_update
    before_timeout = before.timed_out_until
                     ^^^^^^^^^^^^^^^^^^^^^^
AttributeError: 'Member' object has no attribute 'timed_out_until'
Ignoring exception in on_member_update
Traceback (most recent call last):
  File "/usr/local/lib/python3.12/site-packages/discord/client.py", line 465, in _run_event
    await coro(*args, **kwargs)
  File "/app/asu_discord/cogs/analytics.py", line 652, in on_member_update
    before_timeout = before.timed_out_until
                     ^^^^^^^^^^^^^^^^^^^^^^
AttributeError: 'Member' object has no attribute 'timed_out_until'
Ignoring exception in on_member_update
Traceback (most recent call last):
  File "/usr/local/lib/python3.12/site-packages/discord/client.py", line 465, in _run_event
    await coro(*args, **kwargs)
  File "/app/asu_discord/cogs/analytics.py", line 652, in on_member_update
    before_timeout = before.timed_out_until
                     ^^^^^^^^^^^^^^^^^^^^^^
AttributeError: 'Member' object has no attribute 'timed_out_until'
Ignoring exception in on_member_update
Traceback (most recent call last):
  File "/usr/local/lib/python3.12/site-packages/discord/client.py", line 465, in _run_event
    await coro(*args, **kwargs)
  File "/app/asu_discord/cogs/analytics.py", line 652, in on_member_update
    before_timeout = before.timed_out_until
                     ^^^^^^^^^^^^^^^^^^^^^^
AttributeError: 'Member' object has no attribute 'timed_out_until'
Ignoring exception in on_member_update
Traceback (most recent call last):
  File "/usr/local/lib/python3.12/site-packages/discord/client.py", line 465, in _run_event
    await coro(*args, **kwargs)
  File "/app/asu_discord/cogs/analytics.py", line 652, in on_member_update
    before_timeout = before.timed_out_until
                     ^^^^^^^^^^^^^^^^^^^^^^
AttributeError: 'Member' object has no attribute 'timed_out_until'
Ignoring exception in on_member_update
Traceback (most recent call last):
  File "/usr/local/lib/python3.12/site-packages/discord/client.py", line 465, in _run_event
    await coro(*args, **kwargs)
  File "/app/asu_discord/cogs/analytics.py", line 652, in on_member_update
    before_timeout = before.timed_out_until
                     ^^^^^^^^^^^^^^^^^^^^^^
AttributeError: 'Member' object has no attribute 'timed_out_until'
INFO:asu_discord.cogs.verification:Saved 5 roles to database for user ecking14@asu.edu (Discord ID: 1409236769873854596)
INFO:asu_discord.cogs.verification:Refreshed Salesforce roles for Discord user 1409236769873854596: -5/+5 roles, assigned=[First Generation Student, Graduate Student, New College of Interdisciplinary Arts and Sciences, Online, Out of State]
Ignoring exception in on_member_update
Traceback (most recent call last):
  File "/usr/local/lib/python3.12/site-packages/discord/client.py", line 465, in _run_event
    await coro(*args, **kwargs)
  File "/app/asu_discord/cogs/analytics.py", line 652, in on_member_update
    before_timeout = before.timed_out_until
                     ^^^^^^^^^^^^^^^^^^^^^^
AttributeError: 'Member' object has no attribute 'timed_out_until'
Ignoring exception in on_member_update
Traceback (most recent call last):
  File "/usr/local/lib/python3.12/site-packages/discord/client.py", line 465, in _run_event
    await coro(*args, **kwargs)
  File "/app/asu_discord/cogs/analytics.py", line 652, in on_member_update
    before_timeout = before.timed_out_until
                     ^^^^^^^^^^^^^^^^^^^^^^
AttributeError: 'Member' object has no attribute 'timed_out_until'
Ignoring exception in on_member_update
Traceback (most recent call last):
  File "/usr/local/lib/python3.12/site-packages/discord/client.py", line 465, in _run_event
    await coro(*args, **kwargs)
  File "/app/asu_discord/cogs/analytics.py", line 652, in on_member_update
    before_timeout = before.timed_out_until
                     ^^^^^^^^^^^^^^^^^^^^^^
AttributeError: 'Member' object has no attribute 'timed_out_until'
Ignoring exception in on_member_update
Traceback (most recent call last):
  File "/usr/local/lib/python3.12/site-packages/discord/client.py", line 465, in _run_event
    await coro(*args, **kwargs)
  File "/app/asu_discord/cogs/analytics.py", line 652, in on_member_update
    before_timeout = before.timed_out_until
                     ^^^^^^^^^^^^^^^^^^^^^^
AttributeError: 'Member' object has no attribute 'timed_out_until'
Ignoring exception in on_member_update
Traceback (most recent call last):
  File "/usr/local/lib/python3.12/site-packages/discord/client.py", line 465, in _run_event
    await coro(*args, **kwargs)
  File "/app/asu_discord/cogs/analytics.py", line 652, in on_member_update
    before_timeout = before.timed_out_until
                     ^^^^^^^^^^^^^^^^^^^^^^
AttributeError: 'Member' object has no attribute 'timed_out_until'
Ignoring exception in on_member_update
Traceback (most recent call last):
  File "/usr/local/lib/python3.12/site-packages/discord/client.py", line 465, in _run_event
    await coro(*args, **kwargs)
  File "/app/asu_discord/cogs/analytics.py", line 652, in on_member_update
    before_timeout = before.timed_out_until
                     ^^^^^^^^^^^^^^^^^^^^^^
AttributeError: 'Member' object has no attribute 'timed_out_until'
Ignoring exception in on_member_update
Traceback (most recent call last):
  File "/usr/local/lib/python3.12/site-packages/discord/client.py", line 465, in _run_event
    await coro(*args, **kwargs)
  File "/app/asu_discord/cogs/analytics.py", line 652, in on_member_update
    before_timeout = before.timed_out_until
                     ^^^^^^^^^^^^^^^^^^^^^^
AttributeError: 'Member' object has no attribute 'timed_out_until'
Ignoring exception in on_member_update
Traceback (most recent call last):
  File "/usr/local/lib/python3.12/site-packages/discord/client.py", line 465, in _run_event
    await coro(*args, **kwargs)
  File "/app/asu_discord/cogs/analytics.py", line 652, in on_member_update
    before_timeout = before.timed_out_until
                     ^^^^^^^^^^^^^^^^^^^^^^
AttributeError: 'Member' object has no attribute 'timed_out_until'
Ignoring exception in on_member_update
Traceback (most recent call last):
  File "/usr/local/lib/python3.12/site-packages/discord/client.py", line 465, in _run_event
    await coro(*args, **kwargs)
  File "/app/asu_discord/cogs/analytics.py", line 652, in on_member_update
    before_timeout = before.timed_out_until
                     ^^^^^^^^^^^^^^^^^^^^^^
AttributeError: 'Member' object has no attribute 'timed_out_until'
Ignoring exception in on_member_update
Traceback (most recent call last):
  File "/usr/local/lib/python3.12/site-packages/discord/client.py", line 465, in _run_event
    await coro(*args, **kwargs)
  File "/app/asu_discord/cogs/analytics.py", line 652, in on_member_update
    before_timeout = before.timed_out_until
                     ^^^^^^^^^^^^^^^^^^^^^^
AttributeError: 'Member' object has no attribute 'timed_out_until'
INFO:asu_discord.cogs.verification:Saved 6 roles to database for user icmonter@asu.edu (Discord ID: 632412935150501901)
INFO:asu_discord.cogs.verification:Refreshed Salesforce roles for Discord user 632412935150501901: -4/+6 roles, assigned=[Arizona Resident, College of Liberal Arts and Sciences, Commited, First Year, Upperclassmen, West Valley]
Ignoring exception in on_member_update
Traceback (most recent call last):
  File "/usr/local/lib/python3.12/site-packages/discord/client.py", line 465, in _run_event
    await coro(*args, **kwargs)
  File "/app/asu_discord/cogs/analytics.py", line 652, in on_member_update
    before_timeout = before.timed_out_until
                     ^^^^^^^^^^^^^^^^^^^^^^
AttributeError: 'Member' object has no attribute 'timed_out_until'
Ignoring exception in on_member_update
Traceback (most recent call last):
  File "/usr/local/lib/python3.12/site-packages/discord/client.py", line 465, in _run_event
    await coro(*args, **kwargs)
  File "/app/asu_discord/cogs/analytics.py", line 652, in on_member_update
    before_timeout = before.timed_out_until
                     ^^^^^^^^^^^^^^^^^^^^^^
AttributeError: 'Member' object has no attribute 'timed_out_until'
Ignoring exception in on_member_update
Traceback (most recent call last):
  File "/usr/local/lib/python3.12/site-packages/discord/client.py", line 465, in _run_event
    await coro(*args, **kwargs)
  File "/app/asu_discord/cogs/analytics.py", line 652, in on_member_update
    before_timeout = before.timed_out_until
                     ^^^^^^^^^^^^^^^^^^^^^^
AttributeError: 'Member' object has no attribute 'timed_out_until'
Ignoring exception in on_member_update
Traceback (most recent call last):
  File "/usr/local/lib/python3.12/site-packages/discord/client.py", line 465, in _run_event
    await coro(*args, **kwargs)
  File "/app/asu_discord/cogs/analytics.py", line 652, in on_member_update
    before_timeout = before.timed_out_until
                     ^^^^^^^^^^^^^^^^^^^^^^
AttributeError: 'Member' object has no attribute 'timed_out_until'
Ignoring exception in on_member_update
Traceback (most recent call last):
  File "/usr/local/lib/python3.12/site-packages/discord/client.py", line 465, in _run_event
    await coro(*args, **kwargs)
  File "/app/asu_discord/cogs/analytics.py", line 652, in on_member_update
    before_timeout = before.timed_out_until
                     ^^^^^^^^^^^^^^^^^^^^^^
AttributeError: 'Member' object has no attribute 'timed_out_until'
Ignoring exception in on_member_update
Traceback (most recent call last):
  File "/usr/local/lib/python3.12/site-packages/discord/client.py", line 465, in _run_event
    await coro(*args, **kwargs)
  File "/app/asu_discord/cogs/analytics.py", line 652, in on_member_update
    before_timeout = before.timed_out_until
                     ^^^^^^^^^^^^^^^^^^^^^^
AttributeError: 'Member' object has no attribute 'timed_out_until'
Ignoring exception in on_member_update
Traceback (most recent call last):
  File "/usr/local/lib/python3.12/site-packages/discord/client.py", line 465, in _run_event
    await coro(*args, **kwargs)
  File "/app/asu_discord/cogs/analytics.py", line 652, in on_member_update
    before_timeout = before.timed_out_until
                     ^^^^^^^^^^^^^^^^^^^^^^
AttributeError: 'Member' object has no attribute 'timed_out_until'
Ignoring exception in on_member_update
Traceback (most recent call last):
  File "/usr/local/lib/python3.12/site-packages/discord/client.py", line 465, in _run_event
    await coro(*args, **kwargs)
  File "/app/asu_discord/cogs/analytics.py", line 652, in on_member_update
    before_timeout = before.timed_out_until
                     ^^^^^^^^^^^^^^^^^^^^^^
AttributeError: 'Member' object has no attribute 'timed_out_until'
Ignoring exception in on_member_update
Traceback (most recent call last):
  File "/usr/local/lib/python3.12/site-packages/discord/client.py", line 465, in _run_event
    await coro(*args, **kwargs)
  File "/app/asu_discord/cogs/analytics.py", line 652, in on_member_update
    before_timeout = before.timed_out_until
                     ^^^^^^^^^^^^^^^^^^^^^^
AttributeError: 'Member' object has no attribute 'timed_out_until'
Ignoring exception in on_member_update
Traceback (most recent call last):
  File "/usr/local/lib/python3.12/site-packages/discord/client.py", line 465, in _run_event
    await coro(*args, **kwargs)
  File "/app/asu_discord/cogs/analytics.py", line 652, in on_member_update
    before_timeout = before.timed_out_until
                     ^^^^^^^^^^^^^^^^^^^^^^
AttributeError: 'Member' object has no attribute 'timed_out_until'
INFO:asu_discord.cogs.verification:Saved 5 roles to database for user achernow@asu.edu (Discord ID: 1430689974407397582)
INFO:asu_discord.cogs.verification:Refreshed Salesforce roles for Discord user 1430689974407397582: -5/+5 roles, assigned=[Arizona Resident, College of Health Solutions, Commited, Downtown Phoenix, First Year]
ERROR:cron.jobs:refresh_salesforce_roles: failed for vnguy125 (Discord ID 196827456160792576): Failed to refresh Salesforce-based roles: Discord user 196827456160792576 is not a member of the guild
Ignoring exception in on_member_update
Traceback (most recent call last):
  File "/usr/local/lib/python3.12/site-packages/discord/client.py", line 465, in _run_event
    await coro(*args, **kwargs)
  File "/app/asu_discord/cogs/analytics.py", line 652, in on_member_update
    before_timeout = before.timed_out_until
                     ^^^^^^^^^^^^^^^^^^^^^^
AttributeError: 'Member' object has no attribute 'timed_out_until'
Ignoring exception in on_member_update
Traceback (most recent call last):
  File "/usr/local/lib/python3.12/site-packages/discord/client.py", line 465, in _run_event
    await coro(*args, **kwargs)
  File "/app/asu_discord/cogs/analytics.py", line 652, in on_member_update
    before_timeout = before.timed_out_until
                     ^^^^^^^^^^^^^^^^^^^^^^
AttributeError: 'Member' object has no attribute 'timed_out_until'
Ignoring exception in on_member_update
Traceback (most recent call last):
  File "/usr/local/lib/python3.12/site-packages/discord/client.py", line 465, in _run_event
    await coro(*args, **kwargs)
  File "/app/asu_discord/cogs/analytics.py", line 652, in on_member_update
    before_timeout = before.timed_out_until
                     ^^^^^^^^^^^^^^^^^^^^^^
AttributeError: 'Member' object has no attribute 'timed_out_until'
Ignoring exception in on_member_update
Traceback (most recent call last):
  File "/usr/local/lib/python3.12/site-packages/discord/client.py", line 465, in _run_event
    await coro(*args, **kwargs)
  File "/app/asu_discord/cogs/analytics.py", line 652, in on_member_update
    before_timeout = before.timed_out_until
                     ^^^^^^^^^^^^^^^^^^^^^^
AttributeError: 'Member' object has no attribute 'timed_out_until'
Ignoring exception in on_member_update
Traceback (most recent call last):
  File "/usr/local/lib/python3.12/site-packages/discord/client.py", line 465, in _run_event
    await coro(*args, **kwargs)
  File "/app/asu_discord/cogs/analytics.py", line 652, in on_member_update
    before_timeout = before.timed_out_until
                     ^^^^^^^^^^^^^^^^^^^^^^
AttributeError: 'Member' object has no attribute 'timed_out_until'
Ignoring exception in on_member_update
Traceback (most recent call last):
  File "/usr/local/lib/python3.12/site-packages/discord/client.py", line 465, in _run_event
    await coro(*args, **kwargs)
  File "/app/asu_discord/cogs/analytics.py", line 652, in on_member_update
    before_timeout = before.timed_out_until
                     ^^^^^^^^^^^^^^^^^^^^^^
AttributeError: 'Member' object has no attribute 'timed_out_until'
Ignoring exception in on_member_update
Traceback (most recent call last):
  File "/usr/local/lib/python3.12/site-packages/discord/client.py", line 465, in _run_event
    await coro(*args, **kwargs)
  File "/app/asu_discord/cogs/analytics.py", line 652, in on_member_update
    before_timeout = before.timed_out_until
                     ^^^^^^^^^^^^^^^^^^^^^^
AttributeError: 'Member' object has no attribute 'timed_out_until'
Ignoring exception in on_member_update
Traceback (most recent call last):
  File "/usr/local/lib/python3.12/site-packages/discord/client.py", line 465, in _run_event
    await coro(*args, **kwargs)
  File "/app/asu_discord/cogs/analytics.py", line 652, in on_member_update
    before_timeout = before.timed_out_until
                     ^^^^^^^^^^^^^^^^^^^^^^
AttributeError: 'Member' object has no attribute 'timed_out_until'
Ignoring exception in on_member_update
Traceback (most recent call last):
  File "/usr/local/lib/python3.12/site-packages/discord/client.py", line 465, in _run_event
    await coro(*args, **kwargs)
  File "/app/asu_discord/cogs/analytics.py", line 652, in on_member_update
    before_timeout = before.timed_out_until
                     ^^^^^^^^^^^^^^^^^^^^^^
AttributeError: 'Member' object has no attribute 'timed_out_until'
INFO:asu_discord.cogs.verification:Saved 5 roles to database for user lnlopez9@asu.edu (Discord ID: 1382566692466462770)
INFO:asu_discord.cogs.verification:Refreshed Salesforce roles for Discord user 1382566692466462770: -5/+4 roles, assigned=[Arizona Resident, Commited, First Year, Herberger Institute for Design and the Arts, Tempe]
Ignoring exception in on_member_update
Traceback (most recent call last):
  File "/usr/local/lib/python3.12/site-packages/discord/client.py", line 465, in _run_event
    await coro(*args, **kwargs)
  File "/app/asu_discord/cogs/analytics.py", line 652, in on_member_update
    before_timeout = before.timed_out_until
                     ^^^^^^^^^^^^^^^^^^^^^^
AttributeError: 'Member' object has no attribute 'timed_out_until'
Ignoring exception in on_member_update
Traceback (most recent call last):
  File "/usr/local/lib/python3.12/site-packages/discord/client.py", line 465, in _run_event
    await coro(*args, **kwargs)
  File "/app/asu_discord/cogs/analytics.py", line 652, in on_member_update
    before_timeout = before.timed_out_until
                     ^^^^^^^^^^^^^^^^^^^^^^
AttributeError: 'Member' object has no attribute 'timed_out_until'
Ignoring exception in on_member_update
Traceback (most recent call last):
  File "/usr/local/lib/python3.12/site-packages/discord/client.py", line 465, in _run_event
    await coro(*args, **kwargs)
  File "/app/asu_discord/cogs/analytics.py", line 652, in on_member_update
    before_timeout = before.timed_out_until
                     ^^^^^^^^^^^^^^^^^^^^^^
AttributeError: 'Member' object has no attribute 'timed_out_until'
Ignoring exception in on_member_update
Traceback (most recent call last):
  File "/usr/local/lib/python3.12/site-packages/discord/client.py", line 465, in _run_event
    await coro(*args, **kwargs)
  File "/app/asu_discord/cogs/analytics.py", line 652, in on_member_update
    before_timeout = before.timed_out_until
                     ^^^^^^^^^^^^^^^^^^^^^^
AttributeError: 'Member' object has no attribute 'timed_out_until'
Ignoring exception in on_member_update
Traceback (most recent call last):
  File "/usr/local/lib/python3.12/site-packages/discord/client.py", line 465, in _run_event
    await coro(*args, **kwargs)
  File "/app/asu_discord/cogs/analytics.py", line 652, in on_member_update
    before_timeout = before.timed_out_until
                     ^^^^^^^^^^^^^^^^^^^^^^
AttributeError: 'Member' object has no attribute 'timed_out_until'
Ignoring exception in on_member_update
Traceback (most recent call last):
  File "/usr/local/lib/python3.12/site-packages/discord/client.py", line 465, in _run_event
    await coro(*args, **kwargs)
  File "/app/asu_discord/cogs/analytics.py", line 652, in on_member_update
    before_timeout = before.timed_out_until
                     ^^^^^^^^^^^^^^^^^^^^^^
AttributeError: 'Member' object has no attribute 'timed_out_until'
Ignoring exception in on_member_update
Traceback (most recent call last):
  File "/usr/local/lib/python3.12/site-packages/discord/client.py", line 465, in _run_event
    await coro(*args, **kwargs)
  File "/app/asu_discord/cogs/analytics.py", line 652, in on_member_update
    before_timeout = before.timed_out_until
                     ^^^^^^^^^^^^^^^^^^^^^^
AttributeError: 'Member' object has no attribute 'timed_out_until'
Ignoring exception in on_member_update
Traceback (most recent call last):
  File "/usr/local/lib/python3.12/site-packages/discord/client.py", line 465, in _run_event
    await coro(*args, **kwargs)
  File "/app/asu_discord/cogs/analytics.py", line 652, in on_member_update
    before_timeout = before.timed_out_until
                     ^^^^^^^^^^^^^^^^^^^^^^
AttributeError: 'Member' object has no attribute 'timed_out_until'
Ignoring exception in on_member_update
Traceback (most recent call last):
  File "/usr/local/lib/python3.12/site-packages/discord/client.py", line 465, in _run_event
    await coro(*args, **kwargs)
  File "/app/asu_discord/cogs/analytics.py", line 652, in on_member_update
    before_timeout = before.timed_out_until
                     ^^^^^^^^^^^^^^^^^^^^^^
AttributeError: 'Member' object has no attribute 'timed_out_until'
Ignoring exception in on_member_update
Traceback (most recent call last):
  File "/usr/local/lib/python3.12/site-packages/discord/client.py", line 465, in _run_event
    await coro(*args, **kwargs)
  File "/app/asu_discord/cogs/analytics.py", line 652, in on_member_update
    before_timeout = before.timed_out_until
                     ^^^^^^^^^^^^^^^^^^^^^^
AttributeError: 'Member' object has no attribute 'timed_out_until'
INFO:asu_discord.cogs.verification:Saved 5 roles to database for user annaik12@asu.edu (Discord ID: 958310813263876146)
INFO:asu_discord.cogs.verification:Refreshed Salesforce roles for Discord user 958310813263876146: -5/+5 roles, assigned=[Arizona Resident, Commited, First Year, Ira A. Fulton Schools of Engineering, Tempe]
Ignoring exception in on_member_update
Traceback (most recent call last):
  File "/usr/local/lib/python3.12/site-packages/discord/client.py", line 465, in _run_event
    await coro(*args, **kwargs)
  File "/app/asu_discord/cogs/analytics.py", line 652, in on_member_update
    before_timeout = before.timed_out_until
                     ^^^^^^^^^^^^^^^^^^^^^^
AttributeError: 'Member' object has no attribute 'timed_out_until'
Ignoring exception in on_member_update
Traceback (most recent call last):
  File "/usr/local/lib/python3.12/site-packages/discord/client.py", line 465, in _run_event
    await coro(*args, **kwargs)
  File "/app/asu_discord/cogs/analytics.py", line 652, in on_member_update
    before_timeout = before.timed_out_until
                     ^^^^^^^^^^^^^^^^^^^^^^
AttributeError: 'Member' object has no attribute 'timed_out_until'
Ignoring exception in on_member_update
Traceback (most recent call last):
  File "/usr/local/lib/python3.12/site-packages/discord/client.py", line 465, in _run_event
    await coro(*args, **kwargs)
  File "/app/asu_discord/cogs/analytics.py", line 652, in on_member_update
    before_timeout = before.timed_out_until
                     ^^^^^^^^^^^^^^^^^^^^^^
AttributeError: 'Member' object has no attribute 'timed_out_until'
Ignoring exception in on_member_update
Traceback (most recent call last):
  File "/usr/local/lib/python3.12/site-packages/discord/client.py", line 465, in _run_event
    await coro(*args, **kwargs)
  File "/app/asu_discord/cogs/analytics.py", line 652, in on_member_update
    before_timeout = before.timed_out_until
                     ^^^^^^^^^^^^^^^^^^^^^^
AttributeError: 'Member' object has no attribute 'timed_out_until'
Ignoring exception in on_member_update
Traceback (most recent call last):
  File "/usr/local/lib/python3.12/site-packages/discord/client.py", line 465, in _run_event
    await coro(*args, **kwargs)
  File "/app/asu_discord/cogs/analytics.py", line 652, in on_member_update
    before_timeout = before.timed_out_until
                     ^^^^^^^^^^^^^^^^^^^^^^
AttributeError: 'Member' object has no attribute 'timed_out_until'
Ignoring exception in on_member_update
Traceback (most recent call last):
  File "/usr/local/lib/python3.12/site-packages/discord/client.py", line 465, in _run_event
    await coro(*args, **kwargs)
  File "/app/asu_discord/cogs/analytics.py", line 652, in on_member_update
    before_timeout = before.timed_out_until
                     ^^^^^^^^^^^^^^^^^^^^^^
AttributeError: 'Member' object has no attribute 'timed_out_until'
Ignoring exception in on_member_update
Traceback (most recent call last):
  File "/usr/local/lib/python3.12/site-packages/discord/client.py", line 465, in _run_event
    await coro(*args, **kwargs)
  File "/app/asu_discord/cogs/analytics.py", line 652, in on_member_update
    before_timeout = before.timed_out_until
                     ^^^^^^^^^^^^^^^^^^^^^^
AttributeError: 'Member' object has no attribute 'timed_out_until'
Ignoring exception in on_member_update
Traceback (most recent call last):
  File "/usr/local/lib/python3.12/site-packages/discord/client.py", line 465, in _run_event
    await coro(*args, **kwargs)
  File "/app/asu_discord/cogs/analytics.py", line 652, in on_member_update
    before_timeout = before.timed_out_until
                     ^^^^^^^^^^^^^^^^^^^^^^
AttributeError: 'Member' object has no attribute 'timed_out_until'
Ignoring exception in on_member_update
Traceback (most recent call last):
  File "/usr/local/lib/python3.12/site-packages/discord/client.py", line 465, in _run_event
    await coro(*args, **kwargs)
  File "/app/asu_discord/cogs/analytics.py", line 652, in on_member_update
    before_timeout = before.timed_out_until
                     ^^^^^^^^^^^^^^^^^^^^^^
AttributeError: 'Member' object has no attribute 'timed_out_until'
Ignoring exception in on_member_update
Traceback (most recent call last):
  File "/usr/local/lib/python3.12/site-packages/discord/client.py", line 465, in _run_event
    await coro(*args, **kwargs)
  File "/app/asu_discord/cogs/analytics.py", line 652, in on_member_update
    before_timeout = before.timed_out_until
                     ^^^^^^^^^^^^^^^^^^^^^^
AttributeError: 'Member' object has no attribute 'timed_out_until'
INFO:asu_discord.cogs.verification:Saved 6 roles to database for user sksalah@asu.edu (Discord ID: 851964635447689216)
INFO:asu_discord.cogs.verification:Refreshed Salesforce roles for Discord user 851964635447689216: -5/+5 roles, assigned=[Arizona Resident, Commited, First Year, Ira A. Fulton Schools of Engineering, Tempe, Upperclassmen]
Ignoring exception in on_member_update
Traceback (most recent call last):
  File "/usr/local/lib/python3.12/site-packages/discord/client.py", line 465, in _run_event
    await coro(*args, **kwargs)
  File "/app/asu_discord/cogs/analytics.py", line 652, in on_member_update
    before_timeout = before.timed_out_until
                     ^^^^^^^^^^^^^^^^^^^^^^
AttributeError: 'Member' object has no attribute 'timed_out_until'
Ignoring exception in on_member_update
Traceback (most recent call last):
  File "/usr/local/lib/python3.12/site-packages/discord/client.py", line 465, in _run_event
    await coro(*args, **kwargs)
  File "/app/asu_discord/cogs/analytics.py", line 652, in on_member_update
    before_timeout = before.timed_out_until
                     ^^^^^^^^^^^^^^^^^^^^^^
AttributeError: 'Member' object has no attribute 'timed_out_until'
Ignoring exception in on_member_update
Traceback (most recent call last):
  File "/usr/local/lib/python3.12/site-packages/discord/client.py", line 465, in _run_event
    await coro(*args, **kwargs)
  File "/app/asu_discord/cogs/analytics.py", line 652, in on_member_update
    before_timeout = before.timed_out_until
                     ^^^^^^^^^^^^^^^^^^^^^^
AttributeError: 'Member' object has no attribute 'timed_out_until'
Ignoring exception in on_member_update
Traceback (most recent call last):
  File "/usr/local/lib/python3.12/site-packages/discord/client.py", line 465, in _run_event
    await coro(*args, **kwargs)
  File "/app/asu_discord/cogs/analytics.py", line 652, in on_member_update
    before_timeout = before.timed_out_until
                     ^^^^^^^^^^^^^^^^^^^^^^
AttributeError: 'Member' object has no attribute 'timed_out_until'
Ignoring exception in on_member_update
Traceback (most recent call last):
  File "/usr/local/lib/python3.12/site-packages/discord/client.py", line 465, in _run_event
    await coro(*args, **kwargs)
  File "/app/asu_discord/cogs/analytics.py", line 652, in on_member_update
    before_timeout = before.timed_out_until
                     ^^^^^^^^^^^^^^^^^^^^^^
AttributeError: 'Member' object has no attribute 'timed_out_until'
Ignoring exception in on_member_update
Traceback (most recent call last):
  File "/usr/local/lib/python3.12/site-packages/discord/client.py", line 465, in _run_event
    await coro(*args, **kwargs)
  File "/app/asu_discord/cogs/analytics.py", line 652, in on_member_update
    before_timeout = before.timed_out_until
                     ^^^^^^^^^^^^^^^^^^^^^^
AttributeError: 'Member' object has no attribute 'timed_out_until'
Ignoring exception in on_member_update
Traceback (most recent call last):
  File "/usr/local/lib/python3.12/site-packages/discord/client.py", line 465, in _run_event
    await coro(*args, **kwargs)
  File "/app/asu_discord/cogs/analytics.py", line 652, in on_member_update
    before_timeout = before.timed_out_until
                     ^^^^^^^^^^^^^^^^^^^^^^
AttributeError: 'Member' object has no attribute 'timed_out_until'
Ignoring exception in on_member_update
Traceback (most recent call last):
  File "/usr/local/lib/python3.12/site-packages/discord/client.py", line 465, in _run_event
    await coro(*args, **kwargs)
  File "/app/asu_discord/cogs/analytics.py", line 652, in on_member_update
    before_timeout = before.timed_out_until
                     ^^^^^^^^^^^^^^^^^^^^^^
AttributeError: 'Member' object has no attribute 'timed_out_until'
Ignoring exception in on_member_update
Traceback (most recent call last):
  File "/usr/local/lib/python3.12/site-packages/discord/client.py", line 465, in _run_event
    await coro(*args, **kwargs)
  File "/app/asu_discord/cogs/analytics.py", line 652, in on_member_update
    before_timeout = before.timed_out_until
                     ^^^^^^^^^^^^^^^^^^^^^^
AttributeError: 'Member' object has no attribute 'timed_out_until'
Ignoring exception in on_member_update
Traceback (most recent call last):
  File "/usr/local/lib/python3.12/site-packages/discord/client.py", line 465, in _run_event
    await coro(*args, **kwargs)
  File "/app/asu_discord/cogs/analytics.py", line 652, in on_member_update
    before_timeout = before.timed_out_until
                     ^^^^^^^^^^^^^^^^^^^^^^
AttributeError: 'Member' object has no attribute 'timed_out_until'
INFO:asu_discord.cogs.verification:Saved 5 roles to database for user adalywil@asu.edu (Discord ID: 576521297958535171)
INFO:asu_discord.cogs.verification:Refreshed Salesforce roles for Discord user 576521297958535171: -5/+5 roles, assigned=[Arizona Resident, New College of Interdisciplinary Arts and Sciences, Transfer Student, Upperclassmen, West Valley]
Ignoring exception in on_member_update
Traceback (most recent call last):
  File "/usr/local/lib/python3.12/site-packages/discord/client.py", line 465, in _run_event
    await coro(*args, **kwargs)
  File "/app/asu_discord/cogs/analytics.py", line 652, in on_member_update
    before_timeout = before.timed_out_until
                     ^^^^^^^^^^^^^^^^^^^^^^
AttributeError: 'Member' object has no attribute 'timed_out_until'
Ignoring exception in on_member_update
Traceback (most recent call last):
  File "/usr/local/lib/python3.12/site-packages/discord/client.py", line 465, in _run_event
    await coro(*args, **kwargs)
  File "/app/asu_discord/cogs/analytics.py", line 652, in on_member_update
    before_timeout = before.timed_out_until
                     ^^^^^^^^^^^^^^^^^^^^^^
AttributeError: 'Member' object has no attribute 'timed_out_until'
Ignoring exception in on_member_update
Traceback (most recent call last):
  File "/usr/local/lib/python3.12/site-packages/discord/client.py", line 465, in _run_event
    await coro(*args, **kwargs)
  File "/app/asu_discord/cogs/analytics.py", line 652, in on_member_update
    before_timeout = before.timed_out_until
                     ^^^^^^^^^^^^^^^^^^^^^^
AttributeError: 'Member' object has no attribute 'timed_out_until'
Ignoring exception in on_member_update
Traceback (most recent call last):
  File "/usr/local/lib/python3.12/site-packages/discord/client.py", line 465, in _run_event
    await coro(*args, **kwargs)
  File "/app/asu_discord/cogs/analytics.py", line 652, in on_member_update
    before_timeout = before.timed_out_until
                     ^^^^^^^^^^^^^^^^^^^^^^
AttributeError: 'Member' object has no attribute 'timed_out_until'
Ignoring exception in on_member_update
Traceback (most recent call last):
  File "/usr/local/lib/python3.12/site-packages/discord/client.py", line 465, in _run_event
    await coro(*args, **kwargs)
  File "/app/asu_discord/cogs/analytics.py", line 652, in on_member_update
    before_timeout = before.timed_out_until
                     ^^^^^^^^^^^^^^^^^^^^^^
AttributeError: 'Member' object has no attribute 'timed_out_until'
Ignoring exception in on_member_update
Traceback (most recent call last):
  File "/usr/local/lib/python3.12/site-packages/discord/client.py", line 465, in _run_event
    await coro(*args, **kwargs)
  File "/app/asu_discord/cogs/analytics.py", line 652, in on_member_update
    before_timeout = before.timed_out_until
                     ^^^^^^^^^^^^^^^^^^^^^^
AttributeError: 'Member' object has no attribute 'timed_out_until'
Ignoring exception in on_member_update
Traceback (most recent call last):
  File "/usr/local/lib/python3.12/site-packages/discord/client.py", line 465, in _run_event
    await coro(*args, **kwargs)
  File "/app/asu_discord/cogs/analytics.py", line 652, in on_member_update
    before_timeout = before.timed_out_until
                     ^^^^^^^^^^^^^^^^^^^^^^
AttributeError: 'Member' object has no attribute 'timed_out_until'
Ignoring exception in on_member_update
Traceback (most recent call last):
  File "/usr/local/lib/python3.12/site-packages/discord/client.py", line 465, in _run_event
    await coro(*args, **kwargs)
  File "/app/asu_discord/cogs/analytics.py", line 652, in on_member_update
    before_timeout = before.timed_out_until
                     ^^^^^^^^^^^^^^^^^^^^^^
AttributeError: 'Member' object has no attribute 'timed_out_until'
Ignoring exception in on_member_update
Traceback (most recent call last):
  File "/usr/local/lib/python3.12/site-packages/discord/client.py", line 465, in _run_event
    await coro(*args, **kwargs)
  File "/app/asu_discord/cogs/analytics.py", line 652, in on_member_update
    before_timeout = before.timed_out_until
                     ^^^^^^^^^^^^^^^^^^^^^^
AttributeError: 'Member' object has no attribute 'timed_out_until'
Ignoring exception in on_member_update
Traceback (most recent call last):
  File "/usr/local/lib/python3.12/site-packages/discord/client.py", line 465, in _run_event
    await coro(*args, **kwargs)
  File "/app/asu_discord/cogs/analytics.py", line 652, in on_member_update
    before_timeout = before.timed_out_until
                     ^^^^^^^^^^^^^^^^^^^^^^
AttributeError: 'Member' object has no attribute 'timed_out_until'
INFO:asu_discord.cogs.verification:Saved 5 roles to database for user tlipson1@asu.edu (Discord ID: 678114261662302209)
INFO:asu_discord.cogs.verification:Refreshed Salesforce roles for Discord user 678114261662302209: -5/+5 roles, assigned=[Arizona Resident, First Generation Student, First Year, Ira A. Fulton Schools of Engineering, Tempe]
Ignoring exception in on_member_update
Traceback (most recent call last):
  File "/usr/local/lib/python3.12/site-packages/discord/client.py", line 465, in _run_event
    await coro(*args, **kwargs)
  File "/app/asu_discord/cogs/analytics.py", line 652, in on_member_update
    before_timeout = before.timed_out_until
                     ^^^^^^^^^^^^^^^^^^^^^^
AttributeError: 'Member' object has no attribute 'timed_out_until'
Ignoring exception in on_member_update
Traceback (most recent call last):
  File "/usr/local/lib/python3.12/site-packages/discord/client.py", line 465, in _run_event
    await coro(*args, **kwargs)
  File "/app/asu_discord/cogs/analytics.py", line 652, in on_member_update
    before_timeout = before.timed_out_until
                     ^^^^^^^^^^^^^^^^^^^^^^
AttributeError: 'Member' object has no attribute 'timed_out_until'
Ignoring exception in on_member_update
Traceback (most recent call last):
  File "/usr/local/lib/python3.12/site-packages/discord/client.py", line 465, in _run_event
    await coro(*args, **kwargs)
  File "/app/asu_discord/cogs/analytics.py", line 652, in on_member_update
    before_timeout = before.timed_out_until
                     ^^^^^^^^^^^^^^^^^^^^^^
AttributeError: 'Member' object has no attribute 'timed_out_until'
Ignoring exception in on_member_update
Traceback (most recent call last):
  File "/usr/local/lib/python3.12/site-packages/discord/client.py", line 465, in _run_event
    await coro(*args, **kwargs)
  File "/app/asu_discord/cogs/analytics.py", line 652, in on_member_update
    before_timeout = before.timed_out_until
                     ^^^^^^^^^^^^^^^^^^^^^^
AttributeError: 'Member' object has no attribute 'timed_out_until'
Ignoring exception in on_member_update
Traceback (most recent call last):
  File "/usr/local/lib/python3.12/site-packages/discord/client.py", line 465, in _run_event
    await coro(*args, **kwargs)
  File "/app/asu_discord/cogs/analytics.py", line 652, in on_member_update
    before_timeout = before.timed_out_until
                     ^^^^^^^^^^^^^^^^^^^^^^
AttributeError: 'Member' object has no attribute 'timed_out_until'
Ignoring exception in on_member_update
Traceback (most recent call last):
  File "/usr/local/lib/python3.12/site-packages/discord/client.py", line 465, in _run_event
    await coro(*args, **kwargs)
  File "/app/asu_discord/cogs/analytics.py", line 652, in on_member_update
    before_timeout = before.timed_out_until
                     ^^^^^^^^^^^^^^^^^^^^^^
AttributeError: 'Member' object has no attribute 'timed_out_until'
Ignoring exception in on_member_update
Traceback (most recent call last):
  File "/usr/local/lib/python3.12/site-packages/discord/client.py", line 465, in _run_event
    await coro(*args, **kwargs)
  File "/app/asu_discord/cogs/analytics.py", line 652, in on_member_update
    before_timeout = before.timed_out_until
                     ^^^^^^^^^^^^^^^^^^^^^^
AttributeError: 'Member' object has no attribute 'timed_out_until'
Ignoring exception in on_member_update
Traceback (most recent call last):
  File "/usr/local/lib/python3.12/site-packages/discord/client.py", line 465, in _run_event
    await coro(*args, **kwargs)
  File "/app/asu_discord/cogs/analytics.py", line 652, in on_member_update
    before_timeout = before.timed_out_until
                     ^^^^^^^^^^^^^^^^^^^^^^
AttributeError: 'Member' object has no attribute 'timed_out_until'
Ignoring exception in on_member_update
Traceback (most recent call last):
  File "/usr/local/lib/python3.12/site-packages/discord/client.py", line 465, in _run_event
    await coro(*args, **kwargs)
  File "/app/asu_discord/cogs/analytics.py", line 652, in on_member_update
    before_timeout = before.timed_out_until
                     ^^^^^^^^^^^^^^^^^^^^^^
AttributeError: 'Member' object has no attribute 'timed_out_until'
INFO:asu_discord.cogs.verification:Saved 5 roles to database for user etaaffe@asu.edu (Discord ID: 1440073711960064040)
INFO:asu_discord.cogs.verification:Refreshed Salesforce roles for Discord user 1440073711960064040: -5/+4 roles, assigned=[Commited, First Year, Ira A. Fulton Schools of Engineering, Out of State, Tempe]
Ignoring exception in on_member_update
Traceback (most recent call last):
  File "/usr/local/lib/python3.12/site-packages/discord/client.py", line 465, in _run_event
    await coro(*args, **kwargs)
  File "/app/asu_discord/cogs/analytics.py", line 652, in on_member_update
    before_timeout = before.timed_out_until
                     ^^^^^^^^^^^^^^^^^^^^^^
AttributeError: 'Member' object has no attribute 'timed_out_until'
Ignoring exception in on_member_update
Traceback (most recent call last):
  File "/usr/local/lib/python3.12/site-packages/discord/client.py", line 465, in _run_event
    await coro(*args, **kwargs)
  File "/app/asu_discord/cogs/analytics.py", line 652, in on_member_update
    before_timeout = before.timed_out_until
                     ^^^^^^^^^^^^^^^^^^^^^^
AttributeError: 'Member' object has no attribute 'timed_out_until'
Ignoring exception in on_member_update
Traceback (most recent call last):
  File "/usr/local/lib/python3.12/site-packages/discord/client.py", line 465, in _run_event
    await coro(*args, **kwargs)
  File "/app/asu_discord/cogs/analytics.py", line 652, in on_member_update
    before_timeout = before.timed_out_until
                     ^^^^^^^^^^^^^^^^^^^^^^
AttributeError: 'Member' object has no attribute 'timed_out_until'
Ignoring exception in on_member_update
Traceback (most recent call last):
  File "/usr/local/lib/python3.12/site-packages/discord/client.py", line 465, in _run_event
    await coro(*args, **kwargs)
  File "/app/asu_discord/cogs/analytics.py", line 652, in on_member_update
    before_timeout = before.timed_out_until
                     ^^^^^^^^^^^^^^^^^^^^^^
AttributeError: 'Member' object has no attribute 'timed_out_until'
Ignoring exception in on_member_update
Traceback (most recent call last):
  File "/usr/local/lib/python3.12/site-packages/discord/client.py", line 465, in _run_event
    await coro(*args, **kwargs)
  File "/app/asu_discord/cogs/analytics.py", line 652, in on_member_update
    before_timeout = before.timed_out_until
                     ^^^^^^^^^^^^^^^^^^^^^^
AttributeError: 'Member' object has no attribute 'timed_out_until'
Ignoring exception in on_member_update
Traceback (most recent call last):
  File "/usr/local/lib/python3.12/site-packages/discord/client.py", line 465, in _run_event
    await coro(*args, **kwargs)
  File "/app/asu_discord/cogs/analytics.py", line 652, in on_member_update
    before_timeout = before.timed_out_until
                     ^^^^^^^^^^^^^^^^^^^^^^
AttributeError: 'Member' object has no attribute 'timed_out_until'
Ignoring exception in on_member_update
Traceback (most recent call last):
  File "/usr/local/lib/python3.12/site-packages/discord/client.py", line 465, in _run_event
    await coro(*args, **kwargs)
  File "/app/asu_discord/cogs/analytics.py", line 652, in on_member_update
    before_timeout = before.timed_out_until
                     ^^^^^^^^^^^^^^^^^^^^^^
AttributeError: 'Member' object has no attribute 'timed_out_until'
Ignoring exception in on_member_update
Traceback (most recent call last):
  File "/usr/local/lib/python3.12/site-packages/discord/client.py", line 465, in _run_event
    await coro(*args, **kwargs)
  File "/app/asu_discord/cogs/analytics.py", line 652, in on_member_update
    before_timeout = before.timed_out_until
                     ^^^^^^^^^^^^^^^^^^^^^^
AttributeError: 'Member' object has no attribute 'timed_out_until'
Ignoring exception in on_member_update
Traceback (most recent call last):
  File "/usr/local/lib/python3.12/site-packages/discord/client.py", line 465, in _run_event
    await coro(*args, **kwargs)
  File "/app/asu_discord/cogs/analytics.py", line 652, in on_member_update
    before_timeout = before.timed_out_until
                     ^^^^^^^^^^^^^^^^^^^^^^
AttributeError: 'Member' object has no attribute 'timed_out_until'
Ignoring exception in on_member_update
Traceback (most recent call last):
  File "/usr/local/lib/python3.12/site-packages/discord/client.py", line 465, in _run_event
    await coro(*args, **kwargs)
  File "/app/asu_discord/cogs/analytics.py", line 652, in on_member_update
    before_timeout = before.timed_out_until
                     ^^^^^^^^^^^^^^^^^^^^^^
AttributeError: 'Member' object has no attribute 'timed_out_until'
ERROR:cron.jobs:refresh_salesforce_roles: failed for mpotu (Discord ID 1440077477186768896): Timed out refresh Salesforce-based roles
Ignoring exception in on_member_update
Traceback (most recent call last):
  File "/usr/local/lib/python3.12/site-packages/discord/client.py", line 465, in _run_event
    await coro(*args, **kwargs)
  File "/app/asu_discord/cogs/analytics.py", line 652, in on_member_update
    before_timeout = before.timed_out_until
                     ^^^^^^^^^^^^^^^^^^^^^^
AttributeError: 'Member' object has no attribute 'timed_out_until'
Ignoring exception in on_member_update
Traceback (most recent call last):
  File "/usr/local/lib/python3.12/site-packages/discord/client.py", line 465, in _run_event
    await coro(*args, **kwargs)
  File "/app/asu_discord/cogs/analytics.py", line 652, in on_member_update
    before_timeout = before.timed_out_until
                     ^^^^^^^^^^^^^^^^^^^^^^
AttributeError: 'Member' object has no attribute 'timed_out_until'
Ignoring exception in on_member_update
Traceback (most recent call last):
  File "/usr/local/lib/python3.12/site-packages/discord/client.py", line 465, in _run_event
    await coro(*args, **kwargs)
  File "/app/asu_discord/cogs/analytics.py", line 652, in on_member_update
    before_timeout = before.timed_out_until
                     ^^^^^^^^^^^^^^^^^^^^^^
AttributeError: 'Member' object has no attribute 'timed_out_until'
Ignoring exception in on_member_update
Traceback (most recent call last):
  File "/usr/local/lib/python3.12/site-packages/discord/client.py", line 465, in _run_event
    await coro(*args, **kwargs)
  File "/app/asu_discord/cogs/analytics.py", line 652, in on_member_update
    before_timeout = before.timed_out_until
                     ^^^^^^^^^^^^^^^^^^^^^^
AttributeError: 'Member' object has no attribute 'timed_out_until'
Ignoring exception in on_member_update
Traceback (most recent call last):
  File "/usr/local/lib/python3.12/site-packages/discord/client.py", line 465, in _run_event
    await coro(*args, **kwargs)
  File "/app/asu_discord/cogs/analytics.py", line 652, in on_member_update
    before_timeout = before.timed_out_until
                     ^^^^^^^^^^^^^^^^^^^^^^
AttributeError: 'Member' object has no attribute 'timed_out_until'
Ignoring exception in on_member_update
Traceback (most recent call last):
  File "/usr/local/lib/python3.12/site-packages/discord/client.py", line 465, in _run_event
    await coro(*args, **kwargs)
  File "/app/asu_discord/cogs/analytics.py", line 652, in on_member_update
    before_timeout = before.timed_out_until
                     ^^^^^^^^^^^^^^^^^^^^^^
AttributeError: 'Member' object has no attribute 'timed_out_until'
Ignoring exception in on_member_update
Traceback (most recent call last):
  File "/usr/local/lib/python3.12/site-packages/discord/client.py", line 465, in _run_event
    await coro(*args, **kwargs)
  File "/app/asu_discord/cogs/analytics.py", line 652, in on_member_update
    before_timeout = before.timed_out_until
                     ^^^^^^^^^^^^^^^^^^^^^^
AttributeError: 'Member' object has no attribute 'timed_out_until'
Ignoring exception in on_member_update
Traceback (most recent call last):
  File "/usr/local/lib/python3.12/site-packages/discord/client.py", line 465, in _run_event
    await coro(*args, **kwargs)
  File "/app/asu_discord/cogs/analytics.py", line 652, in on_member_update
    before_timeout = before.timed_out_until
                     ^^^^^^^^^^^^^^^^^^^^^^
AttributeError: 'Member' object has no attribute 'timed_out_until'
Ignoring exception in on_member_update
Traceback (most recent call last):
  File "/usr/local/lib/python3.12/site-packages/discord/client.py", line 465, in _run_event
    await coro(*args, **kwargs)
  File "/app/asu_discord/cogs/analytics.py", line 652, in on_member_update
    before_timeout = before.timed_out_until
                     ^^^^^^^^^^^^^^^^^^^^^^
AttributeError: 'Member' object has no attribute 'timed_out_until'
Ignoring exception in on_member_update
Traceback (most recent call last):
  File "/usr/local/lib/python3.12/site-packages/discord/client.py", line 465, in _run_event
    await coro(*args, **kwargs)
  File "/app/asu_discord/cogs/analytics.py", line 652, in on_member_update
    before_timeout = before.timed_out_until
                     ^^^^^^^^^^^^^^^^^^^^^^
AttributeError: 'Member' object has no attribute 'timed_out_until'
INFO:asu_discord.cogs.verification:Saved 5 roles to database for user amccabe3@asu.edu (Discord ID: 831614181404180490)
INFO:asu_discord.cogs.verification:Refreshed Salesforce roles for Discord user 831614181404180490: -5/+5 roles, assigned=[Herberger Institute for Design and the Arts, Online, Out of State, Transfer Student, Upperclassmen]
ERROR:cron.jobs:refresh_salesforce_roles: failed for twweber (Discord ID 585657871346171924): Failed to refresh Salesforce-based roles: Discord user 585657871346171924 is not a member of the guild
Ignoring exception in on_member_update
Traceback (most recent call last):
  File "/usr/local/lib/python3.12/site-packages/discord/client.py", line 465, in _run_event
    await coro(*args, **kwargs)
  File "/app/asu_discord/cogs/analytics.py", line 652, in on_member_update
    before_timeout = before.timed_out_until
                     ^^^^^^^^^^^^^^^^^^^^^^
AttributeError: 'Member' object has no attribute 'timed_out_until'
Ignoring exception in on_member_update
Traceback (most recent call last):
  File "/usr/local/lib/python3.12/site-packages/discord/client.py", line 465, in _run_event
    await coro(*args, **kwargs)
  File "/app/asu_discord/cogs/analytics.py", line 652, in on_member_update
    before_timeout = before.timed_out_until
                     ^^^^^^^^^^^^^^^^^^^^^^
AttributeError: 'Member' object has no attribute 'timed_out_until'
Ignoring exception in on_member_update
Traceback (most recent call last):
  File "/usr/local/lib/python3.12/site-packages/discord/client.py", line 465, in _run_event
    await coro(*args, **kwargs)
  File "/app/asu_discord/cogs/analytics.py", line 652, in on_member_update
    before_timeout = before.timed_out_until
                     ^^^^^^^^^^^^^^^^^^^^^^
AttributeError: 'Member' object has no attribute 'timed_out_until'
Ignoring exception in on_member_update
Traceback (most recent call last):
  File "/usr/local/lib/python3.12/site-packages/discord/client.py", line 465, in _run_event
    await coro(*args, **kwargs)
  File "/app/asu_discord/cogs/analytics.py", line 652, in on_member_update
    before_timeout = before.timed_out_until
                     ^^^^^^^^^^^^^^^^^^^^^^
AttributeError: 'Member' object has no attribute 'timed_out_until'
Ignoring exception in on_member_update
Traceback (most recent call last):
  File "/usr/local/lib/python3.12/site-packages/discord/client.py", line 465, in _run_event
    await coro(*args, **kwargs)
  File "/app/asu_discord/cogs/analytics.py", line 652, in on_member_update
    before_timeout = before.timed_out_until
                     ^^^^^^^^^^^^^^^^^^^^^^
AttributeError: 'Member' object has no attribute 'timed_out_until'
Ignoring exception in on_member_update
Traceback (most recent call last):
  File "/usr/local/lib/python3.12/site-packages/discord/client.py", line 465, in _run_event
    await coro(*args, **kwargs)
  File "/app/asu_discord/cogs/analytics.py", line 652, in on_member_update
    before_timeout = before.timed_out_until
                     ^^^^^^^^^^^^^^^^^^^^^^
AttributeError: 'Member' object has no attribute 'timed_out_until'
Ignoring exception in on_member_update
Traceback (most recent call last):
  File "/usr/local/lib/python3.12/site-packages/discord/client.py", line 465, in _run_event
    await coro(*args, **kwargs)
  File "/app/asu_discord/cogs/analytics.py", line 652, in on_member_update
    before_timeout = before.timed_out_until
                     ^^^^^^^^^^^^^^^^^^^^^^
AttributeError: 'Member' object has no attribute 'timed_out_until'
Ignoring exception in on_member_update
Traceback (most recent call last):
  File "/usr/local/lib/python3.12/site-packages/discord/client.py", line 465, in _run_event
    await coro(*args, **kwargs)
  File "/app/asu_discord/cogs/analytics.py", line 652, in on_member_update
    before_timeout = before.timed_out_until
                     ^^^^^^^^^^^^^^^^^^^^^^
AttributeError: 'Member' object has no attribute 'timed_out_until'
Ignoring exception in on_member_update
Traceback (most recent call last):
  File "/usr/local/lib/python3.12/site-packages/discord/client.py", line 465, in _run_event
    await coro(*args, **kwargs)
  File "/app/asu_discord/cogs/analytics.py", line 652, in on_member_update
    before_timeout = before.timed_out_until
                     ^^^^^^^^^^^^^^^^^^^^^^
AttributeError: 'Member' object has no attribute 'timed_out_until'
Ignoring exception in on_member_update
Traceback (most recent call last):
  File "/usr/local/lib/python3.12/site-packages/discord/client.py", line 465, in _run_event
    await coro(*args, **kwargs)
  File "/app/asu_discord/cogs/analytics.py", line 652, in on_member_update
    before_timeout = before.timed_out_until
                     ^^^^^^^^^^^^^^^^^^^^^^
AttributeError: 'Member' object has no attribute 'timed_out_until'
INFO:asu_discord.cogs.verification:Saved 5 roles to database for user ovreinha@asu.edu (Discord ID: 295377988776624139)
INFO:asu_discord.cogs.verification:Refreshed Salesforce roles for Discord user 295377988776624139: -5/+5 roles, assigned=[New College of Interdisciplinary Arts and Sciences, Online, Out of State, Transfer Student, Upperclassmen]
Ignoring exception in on_member_update
Traceback (most recent call last):
  File "/usr/local/lib/python3.12/site-packages/discord/client.py", line 465, in _run_event
    await coro(*args, **kwargs)
  File "/app/asu_discord/cogs/analytics.py", line 652, in on_member_update
    before_timeout = before.timed_out_until
                     ^^^^^^^^^^^^^^^^^^^^^^
AttributeError: 'Member' object has no attribute 'timed_out_until'
Ignoring exception in on_member_update
Traceback (most recent call last):
  File "/usr/local/lib/python3.12/site-packages/discord/client.py", line 465, in _run_event
    await coro(*args, **kwargs)
  File "/app/asu_discord/cogs/analytics.py", line 652, in on_member_update
    before_timeout = before.timed_out_until
                     ^^^^^^^^^^^^^^^^^^^^^^
AttributeError: 'Member' object has no attribute 'timed_out_until'
Ignoring exception in on_member_update
Traceback (most recent call last):
  File "/usr/local/lib/python3.12/site-packages/discord/client.py", line 465, in _run_event
    await coro(*args, **kwargs)
  File "/app/asu_discord/cogs/analytics.py", line 652, in on_member_update
    before_timeout = before.timed_out_until
                     ^^^^^^^^^^^^^^^^^^^^^^
AttributeError: 'Member' object has no attribute 'timed_out_until'
Ignoring exception in on_member_update
Traceback (most recent call last):
  File "/usr/local/lib/python3.12/site-packages/discord/client.py", line 465, in _run_event
    await coro(*args, **kwargs)
  File "/app/asu_discord/cogs/analytics.py", line 652, in on_member_update
    before_timeout = before.timed_out_until
                     ^^^^^^^^^^^^^^^^^^^^^^
AttributeError: 'Member' object has no attribute 'timed_out_until'
Ignoring exception in on_member_update
Traceback (most recent call last):
  File "/usr/local/lib/python3.12/site-packages/discord/client.py", line 465, in _run_event
    await coro(*args, **kwargs)
  File "/app/asu_discord/cogs/analytics.py", line 652, in on_member_update
    before_timeout = before.timed_out_until
                     ^^^^^^^^^^^^^^^^^^^^^^
AttributeError: 'Member' object has no attribute 'timed_out_until'
Ignoring exception in on_member_update
Traceback (most recent call last):
  File "/usr/local/lib/python3.12/site-packages/discord/client.py", line 465, in _run_event
    await coro(*args, **kwargs)
  File "/app/asu_discord/cogs/analytics.py", line 652, in on_member_update
    before_timeout = before.timed_out_until
                     ^^^^^^^^^^^^^^^^^^^^^^
AttributeError: 'Member' object has no attribute 'timed_out_until'
Ignoring exception in on_member_update
Traceback (most recent call last):
  File "/usr/local/lib/python3.12/site-packages/discord/client.py", line 465, in _run_event
    await coro(*args, **kwargs)
  File "/app/asu_discord/cogs/analytics.py", line 652, in on_member_update
    before_timeout = before.timed_out_until
                     ^^^^^^^^^^^^^^^^^^^^^^
AttributeError: 'Member' object has no attribute 'timed_out_until'
Ignoring exception in on_member_update
Traceback (most recent call last):
  File "/usr/local/lib/python3.12/site-packages/discord/client.py", line 465, in _run_event
    await coro(*args, **kwargs)
  File "/app/asu_discord/cogs/analytics.py", line 652, in on_member_update
    before_timeout = before.timed_out_until
                     ^^^^^^^^^^^^^^^^^^^^^^
AttributeError: 'Member' object has no attribute 'timed_out_until'
Ignoring exception in on_member_update
Traceback (most recent call last):
  File "/usr/local/lib/python3.12/site-packages/discord/client.py", line 465, in _run_event
    await coro(*args, **kwargs)
  File "/app/asu_discord/cogs/analytics.py", line 652, in on_member_update
    before_timeout = before.timed_out_until
                     ^^^^^^^^^^^^^^^^^^^^^^
AttributeError: 'Member' object has no attribute 'timed_out_until'
Ignoring exception in on_member_update
Traceback (most recent call last):
  File "/usr/local/lib/python3.12/site-packages/discord/client.py", line 465, in _run_event
    await coro(*args, **kwargs)
  File "/app/asu_discord/cogs/analytics.py", line 652, in on_member_update
    before_timeout = before.timed_out_until
                     ^^^^^^^^^^^^^^^^^^^^^^
AttributeError: 'Member' object has no attribute 'timed_out_until'
INFO:asu_discord.cogs.verification:Saved 5 roles to database for user kodeh@asu.edu (Discord ID: 900903441654755378)
INFO:asu_discord.cogs.verification:Refreshed Salesforce roles for Discord user 900903441654755378: -5/+5 roles, assigned=[Arizona Resident, Commited, First Year, Ira A. Fulton Schools of Engineering, Polytechnic]
Ignoring exception in on_member_update
Traceback (most recent call last):
  File "/usr/local/lib/python3.12/site-packages/discord/client.py", line 465, in _run_event
    await coro(*args, **kwargs)
  File "/app/asu_discord/cogs/analytics.py", line 652, in on_member_update
    before_timeout = before.timed_out_until
                     ^^^^^^^^^^^^^^^^^^^^^^
AttributeError: 'Member' object has no attribute 'timed_out_until'
Ignoring exception in on_member_update
Traceback (most recent call last):
  File "/usr/local/lib/python3.12/site-packages/discord/client.py", line 465, in _run_event
    await coro(*args, **kwargs)
  File "/app/asu_discord/cogs/analytics.py", line 652, in on_member_update
    before_timeout = before.timed_out_until
                     ^^^^^^^^^^^^^^^^^^^^^^
AttributeError: 'Member' object has no attribute 'timed_out_until'
Ignoring exception in on_member_update
Traceback (most recent call last):
  File "/usr/local/lib/python3.12/site-packages/discord/client.py", line 465, in _run_event
    await coro(*args, **kwargs)
  File "/app/asu_discord/cogs/analytics.py", line 652, in on_member_update
    before_timeout = before.timed_out_until
                     ^^^^^^^^^^^^^^^^^^^^^^
AttributeError: 'Member' object has no attribute 'timed_out_until'
Ignoring exception in on_member_update
Traceback (most recent call last):
  File "/usr/local/lib/python3.12/site-packages/discord/client.py", line 465, in _run_event
    await coro(*args, **kwargs)
  File "/app/asu_discord/cogs/analytics.py", line 652, in on_member_update
    before_timeout = before.timed_out_until
                     ^^^^^^^^^^^^^^^^^^^^^^
AttributeError: 'Member' object has no attribute 'timed_out_until'
Ignoring exception in on_member_update
Traceback (most recent call last):
  File "/usr/local/lib/python3.12/site-packages/discord/client.py", line 465, in _run_event
    await coro(*args, **kwargs)
  File "/app/asu_discord/cogs/analytics.py", line 652, in on_member_update
    before_timeout = before.timed_out_until
                     ^^^^^^^^^^^^^^^^^^^^^^
AttributeError: 'Member' object has no attribute 'timed_out_until'
Ignoring exception in on_member_update
Traceback (most recent call last):
  File "/usr/local/lib/python3.12/site-packages/discord/client.py", line 465, in _run_event
    await coro(*args, **kwargs)
  File "/app/asu_discord/cogs/analytics.py", line 652, in on_member_update
    before_timeout = before.timed_out_until
                     ^^^^^^^^^^^^^^^^^^^^^^
AttributeError: 'Member' object has no attribute 'timed_out_until'
Ignoring exception in on_member_update
Traceback (most recent call last):
  File "/usr/local/lib/python3.12/site-packages/discord/client.py", line 465, in _run_event
    await coro(*args, **kwargs)
  File "/app/asu_discord/cogs/analytics.py", line 652, in on_member_update
    before_timeout = before.timed_out_until
                     ^^^^^^^^^^^^^^^^^^^^^^
AttributeError: 'Member' object has no attribute 'timed_out_until'
Ignoring exception in on_member_update
Traceback (most recent call last):
  File "/usr/local/lib/python3.12/site-packages/discord/client.py", line 465, in _run_event
    await coro(*args, **kwargs)
  File "/app/asu_discord/cogs/analytics.py", line 652, in on_member_update
    before_timeout = before.timed_out_until
                     ^^^^^^^^^^^^^^^^^^^^^^
AttributeError: 'Member' object has no attribute 'timed_out_until'
Ignoring exception in on_member_update
Traceback (most recent call last):
  File "/usr/local/lib/python3.12/site-packages/discord/client.py", line 465, in _run_event
    await coro(*args, **kwargs)
  File "/app/asu_discord/cogs/analytics.py", line 652, in on_member_update
    before_timeout = before.timed_out_until
                     ^^^^^^^^^^^^^^^^^^^^^^
AttributeError: 'Member' object has no attribute 'timed_out_until'
INFO:asu_discord.cogs.verification:Saved 5 roles to database for user ggroenev@asu.edu (Discord ID: 592543965878681620)
INFO:asu_discord.cogs.verification:Refreshed Salesforce roles for Discord user 592543965878681620: -5/+4 roles, assigned=[Arizona Resident, Commited, First Year, Ira A. Fulton Schools of Engineering, Tempe]
ERROR:cron.jobs:refresh_salesforce_roles: failed for cmroone2 (Discord ID 268915088210001921): Failed to refresh Salesforce-based roles: Discord user 268915088210001921 is not a member of the guild
ERROR:cron.jobs:refresh_salesforce_roles: failed for ashulko (Discord ID 1440080340793299016): Failed to refresh Salesforce-based roles: Discord user 1440080340793299016 is not a member of the guild
Ignoring exception in on_member_update
Traceback (most recent call last):
  File "/usr/local/lib/python3.12/site-packages/discord/client.py", line 465, in _run_event
    await coro(*args, **kwargs)
  File "/app/asu_discord/cogs/analytics.py", line 652, in on_member_update
    before_timeout = before.timed_out_until
                     ^^^^^^^^^^^^^^^^^^^^^^
AttributeError: 'Member' object has no attribute 'timed_out_until'
Ignoring exception in on_member_update
Traceback (most recent call last):
  File "/usr/local/lib/python3.12/site-packages/discord/client.py", line 465, in _run_event
    await coro(*args, **kwargs)
  File "/app/asu_discord/cogs/analytics.py", line 652, in on_member_update
    before_timeout = before.timed_out_until
                     ^^^^^^^^^^^^^^^^^^^^^^
AttributeError: 'Member' object has no attribute 'timed_out_until'
Ignoring exception in on_member_update
Traceback (most recent call last):
  File "/usr/local/lib/python3.12/site-packages/discord/client.py", line 465, in _run_event
    await coro(*args, **kwargs)
  File "/app/asu_discord/cogs/analytics.py", line 652, in on_member_update
    before_timeout = before.timed_out_until
                     ^^^^^^^^^^^^^^^^^^^^^^
AttributeError: 'Member' object has no attribute 'timed_out_until'
Ignoring exception in on_member_update
Traceback (most recent call last):
  File "/usr/local/lib/python3.12/site-packages/discord/client.py", line 465, in _run_event
    await coro(*args, **kwargs)
  File "/app/asu_discord/cogs/analytics.py", line 652, in on_member_update
    before_timeout = before.timed_out_until
                     ^^^^^^^^^^^^^^^^^^^^^^
AttributeError: 'Member' object has no attribute 'timed_out_until'
Ignoring exception in on_member_update
Traceback (most recent call last):
  File "/usr/local/lib/python3.12/site-packages/discord/client.py", line 465, in _run_event
    await coro(*args, **kwargs)
  File "/app/asu_discord/cogs/analytics.py", line 652, in on_member_update
    before_timeout = before.timed_out_until
                     ^^^^^^^^^^^^^^^^^^^^^^
AttributeError: 'Member' object has no attribute 'timed_out_until'
Ignoring exception in on_member_update
Traceback (most recent call last):
  File "/usr/local/lib/python3.12/site-packages/discord/client.py", line 465, in _run_event
    await coro(*args, **kwargs)
  File "/app/asu_discord/cogs/analytics.py", line 652, in on_member_update
    before_timeout = before.timed_out_until
                     ^^^^^^^^^^^^^^^^^^^^^^
AttributeError: 'Member' object has no attribute 'timed_out_until'
Ignoring exception in on_member_update
Traceback (most recent call last):
  File "/usr/local/lib/python3.12/site-packages/discord/client.py", line 465, in _run_event
    await coro(*args, **kwargs)
  File "/app/asu_discord/cogs/analytics.py", line 652, in on_member_update
    before_timeout = before.timed_out_until
                     ^^^^^^^^^^^^^^^^^^^^^^
AttributeError: 'Member' object has no attribute 'timed_out_until'
Ignoring exception in on_member_update
Traceback (most recent call last):
  File "/usr/local/lib/python3.12/site-packages/discord/client.py", line 465, in _run_event
    await coro(*args, **kwargs)
  File "/app/asu_discord/cogs/analytics.py", line 652, in on_member_update
    before_timeout = before.timed_out_until
                     ^^^^^^^^^^^^^^^^^^^^^^
AttributeError: 'Member' object has no attribute 'timed_out_until'
Ignoring exception in on_member_update
Traceback (most recent call last):
  File "/usr/local/lib/python3.12/site-packages/discord/client.py", line 465, in _run_event
    await coro(*args, **kwargs)
  File "/app/asu_discord/cogs/analytics.py", line 652, in on_member_update
    before_timeout = before.timed_out_until
                     ^^^^^^^^^^^^^^^^^^^^^^
AttributeError: 'Member' object has no attribute 'timed_out_until'
Ignoring exception in on_member_update
Traceback (most recent call last):
  File "/usr/local/lib/python3.12/site-packages/discord/client.py", line 465, in _run_event
    await coro(*args, **kwargs)
  File "/app/asu_discord/cogs/analytics.py", line 652, in on_member_update
    before_timeout = before.timed_out_until
                     ^^^^^^^^^^^^^^^^^^^^^^
AttributeError: 'Member' object has no attribute 'timed_out_until'
INFO:asu_discord.cogs.verification:Saved 5 roles to database for user yosman13@asu.edu (Discord ID: 567073404432416798)
INFO:asu_discord.cogs.verification:Refreshed Salesforce roles for Discord user 567073404432416798: -5/+5 roles, assigned=[Arizona Resident, Commited, First Year, Ira A. Fulton Schools of Engineering, Tempe]
ERROR:cron.jobs:refresh_salesforce_roles: failed for mkostur (Discord ID 845698933958115351): Failed to refresh Salesforce-based roles: Discord user 845698933958115351 is not a member of the guild
Ignoring exception in on_member_update
Traceback (most recent call last):
  File "/usr/local/lib/python3.12/site-packages/discord/client.py", line 465, in _run_event
    await coro(*args, **kwargs)
  File "/app/asu_discord/cogs/analytics.py", line 652, in on_member_update
    before_timeout = before.timed_out_until
                     ^^^^^^^^^^^^^^^^^^^^^^
AttributeError: 'Member' object has no attribute 'timed_out_until'
Ignoring exception in on_member_update
Traceback (most recent call last):
  File "/usr/local/lib/python3.12/site-packages/discord/client.py", line 465, in _run_event
    await coro(*args, **kwargs)
  File "/app/asu_discord/cogs/analytics.py", line 652, in on_member_update
    before_timeout = before.timed_out_until
                     ^^^^^^^^^^^^^^^^^^^^^^
AttributeError: 'Member' object has no attribute 'timed_out_until'
Ignoring exception in on_member_update
Traceback (most recent call last):
  File "/usr/local/lib/python3.12/site-packages/discord/client.py", line 465, in _run_event
    await coro(*args, **kwargs)
  File "/app/asu_discord/cogs/analytics.py", line 652, in on_member_update
    before_timeout = before.timed_out_until
                     ^^^^^^^^^^^^^^^^^^^^^^
AttributeError: 'Member' object has no attribute 'timed_out_until'
Ignoring exception in on_member_update
Traceback (most recent call last):
  File "/usr/local/lib/python3.12/site-packages/discord/client.py", line 465, in _run_event
    await coro(*args, **kwargs)
  File "/app/asu_discord/cogs/analytics.py", line 652, in on_member_update
    before_timeout = before.timed_out_until
                     ^^^^^^^^^^^^^^^^^^^^^^
AttributeError: 'Member' object has no attribute 'timed_out_until'
Ignoring exception in on_member_update
Traceback (most recent call last):
  File "/usr/local/lib/python3.12/site-packages/discord/client.py", line 465, in _run_event
    await coro(*args, **kwargs)
  File "/app/asu_discord/cogs/analytics.py", line 652, in on_member_update
    before_timeout = before.timed_out_until
                     ^^^^^^^^^^^^^^^^^^^^^^
AttributeError: 'Member' object has no attribute 'timed_out_until'
Ignoring exception in on_member_update
Traceback (most recent call last):
  File "/usr/local/lib/python3.12/site-packages/discord/client.py", line 465, in _run_event
    await coro(*args, **kwargs)
  File "/app/asu_discord/cogs/analytics.py", line 652, in on_member_update
    before_timeout = before.timed_out_until
                     ^^^^^^^^^^^^^^^^^^^^^^
AttributeError: 'Member' object has no attribute 'timed_out_until'
Ignoring exception in on_member_update
Traceback (most recent call last):
  File "/usr/local/lib/python3.12/site-packages/discord/client.py", line 465, in _run_event
    await coro(*args, **kwargs)
  File "/app/asu_discord/cogs/analytics.py", line 652, in on_member_update
    before_timeout = before.timed_out_until
                     ^^^^^^^^^^^^^^^^^^^^^^
AttributeError: 'Member' object has no attribute 'timed_out_until'
Ignoring exception in on_member_update
Traceback (most recent call last):
  File "/usr/local/lib/python3.12/site-packages/discord/client.py", line 465, in _run_event
    await coro(*args, **kwargs)
  File "/app/asu_discord/cogs/analytics.py", line 652, in on_member_update
    before_timeout = before.timed_out_until
                     ^^^^^^^^^^^^^^^^^^^^^^
AttributeError: 'Member' object has no attribute 'timed_out_until'
Ignoring exception in on_member_update
Traceback (most recent call last):
  File "/usr/local/lib/python3.12/site-packages/discord/client.py", line 465, in _run_event
    await coro(*args, **kwargs)
  File "/app/asu_discord/cogs/analytics.py", line 652, in on_member_update
    before_timeout = before.timed_out_until
                     ^^^^^^^^^^^^^^^^^^^^^^
AttributeError: 'Member' object has no attribute 'timed_out_until'
Ignoring exception in on_member_update
Traceback (most recent call last):
  File "/usr/local/lib/python3.12/site-packages/discord/client.py", line 465, in _run_event
    await coro(*args, **kwargs)
  File "/app/asu_discord/cogs/analytics.py", line 652, in on_member_update
    before_timeout = before.timed_out_until
                     ^^^^^^^^^^^^^^^^^^^^^^
AttributeError: 'Member' object has no attribute 'timed_out_until'
INFO:asu_discord.cogs.verification:Saved 5 roles to database for user eajohn37@asu.edu (Discord ID: 1440083952080523304)
INFO:asu_discord.cogs.verification:Refreshed Salesforce roles for Discord user 1440083952080523304: -5/+5 roles, assigned=[College of Liberal Arts and Sciences, Commited, First Year, Out of State, Tempe]
Ignoring exception in on_member_update
Traceback (most recent call last):
  File "/usr/local/lib/python3.12/site-packages/discord/client.py", line 465, in _run_event
    await coro(*args, **kwargs)
  File "/app/asu_discord/cogs/analytics.py", line 652, in on_member_update
    before_timeout = before.timed_out_until
                     ^^^^^^^^^^^^^^^^^^^^^^
AttributeError: 'Member' object has no attribute 'timed_out_until'
Ignoring exception in on_member_update
Traceback (most recent call last):
  File "/usr/local/lib/python3.12/site-packages/discord/client.py", line 465, in _run_event
    await coro(*args, **kwargs)
  File "/app/asu_discord/cogs/analytics.py", line 652, in on_member_update
    before_timeout = before.timed_out_until
                     ^^^^^^^^^^^^^^^^^^^^^^
AttributeError: 'Member' object has no attribute 'timed_out_until'
Ignoring exception in on_member_update
Traceback (most recent call last):
  File "/usr/local/lib/python3.12/site-packages/discord/client.py", line 465, in _run_event
    await coro(*args, **kwargs)
  File "/app/asu_discord/cogs/analytics.py", line 652, in on_member_update
    before_timeout = before.timed_out_until
                     ^^^^^^^^^^^^^^^^^^^^^^
AttributeError: 'Member' object has no attribute 'timed_out_until'
Ignoring exception in on_member_update
Traceback (most recent call last):
  File "/usr/local/lib/python3.12/site-packages/discord/client.py", line 465, in _run_event
    await coro(*args, **kwargs)
  File "/app/asu_discord/cogs/analytics.py", line 652, in on_member_update
    before_timeout = before.timed_out_until
                     ^^^^^^^^^^^^^^^^^^^^^^
AttributeError: 'Member' object has no attribute 'timed_out_until'
Ignoring exception in on_member_update
Traceback (most recent call last):
  File "/usr/local/lib/python3.12/site-packages/discord/client.py", line 465, in _run_event
    await coro(*args, **kwargs)
  File "/app/asu_discord/cogs/analytics.py", line 652, in on_member_update
    before_timeout = before.timed_out_until
                     ^^^^^^^^^^^^^^^^^^^^^^
AttributeError: 'Member' object has no attribute 'timed_out_until'
Ignoring exception in on_member_update
Traceback (most recent call last):
  File "/usr/local/lib/python3.12/site-packages/discord/client.py", line 465, in _run_event
    await coro(*args, **kwargs)
  File "/app/asu_discord/cogs/analytics.py", line 652, in on_member_update
    before_timeout = before.timed_out_until
                     ^^^^^^^^^^^^^^^^^^^^^^
AttributeError: 'Member' object has no attribute 'timed_out_until'
Ignoring exception in on_member_update
Traceback (most recent call last):
  File "/usr/local/lib/python3.12/site-packages/discord/client.py", line 465, in _run_event
    await coro(*args, **kwargs)
  File "/app/asu_discord/cogs/analytics.py", line 652, in on_member_update
    before_timeout = before.timed_out_until
                     ^^^^^^^^^^^^^^^^^^^^^^
AttributeError: 'Member' object has no attribute 'timed_out_until'
Ignoring exception in on_member_update
Traceback (most recent call last):
  File "/usr/local/lib/python3.12/site-packages/discord/client.py", line 465, in _run_event
    await coro(*args, **kwargs)
  File "/app/asu_discord/cogs/analytics.py", line 652, in on_member_update
    before_timeout = before.timed_out_until
                     ^^^^^^^^^^^^^^^^^^^^^^
AttributeError: 'Member' object has no attribute 'timed_out_until'
Ignoring exception in on_member_update
Traceback (most recent call last):
  File "/usr/local/lib/python3.12/site-packages/discord/client.py", line 465, in _run_event
    await coro(*args, **kwargs)
  File "/app/asu_discord/cogs/analytics.py", line 652, in on_member_update
    before_timeout = before.timed_out_until
                     ^^^^^^^^^^^^^^^^^^^^^^
AttributeError: 'Member' object has no attribute 'timed_out_until'
Ignoring exception in on_member_update
Traceback (most recent call last):
  File "/usr/local/lib/python3.12/site-packages/discord/client.py", line 465, in _run_event
    await coro(*args, **kwargs)
  File "/app/asu_discord/cogs/analytics.py", line 652, in on_member_update
    before_timeout = before.timed_out_until
                     ^^^^^^^^^^^^^^^^^^^^^^
AttributeError: 'Member' object has no attribute 'timed_out_until'
INFO:asu_discord.cogs.verification:Saved 7 roles to database for user despin64@asu.edu (Discord ID: 1245234415693594676)
INFO:asu_discord.cogs.verification:Refreshed Salesforce roles for Discord user 1245234415693594676: -3/+7 roles, assigned=[Arizona Resident, College of Integrative Sciences and Arts, Commited, First Generation Student, First Year, Polytechnic, Upperclassmen]
Ignoring exception in on_member_update
Traceback (most recent call last):
  File "/usr/local/lib/python3.12/site-packages/discord/client.py", line 465, in _run_event
    await coro(*args, **kwargs)
  File "/app/asu_discord/cogs/analytics.py", line 652, in on_member_update
    before_timeout = before.timed_out_until
                     ^^^^^^^^^^^^^^^^^^^^^^
AttributeError: 'Member' object has no attribute 'timed_out_until'
Ignoring exception in on_member_update
Traceback (most recent call last):
  File "/usr/local/lib/python3.12/site-packages/discord/client.py", line 465, in _run_event
    await coro(*args, **kwargs)
  File "/app/asu_discord/cogs/analytics.py", line 652, in on_member_update
    before_timeout = before.timed_out_until
                     ^^^^^^^^^^^^^^^^^^^^^^
AttributeError: 'Member' object has no attribute 'timed_out_until'
Ignoring exception in on_member_update
Traceback (most recent call last):
  File "/usr/local/lib/python3.12/site-packages/discord/client.py", line 465, in _run_event
    await coro(*args, **kwargs)
  File "/app/asu_discord/cogs/analytics.py", line 652, in on_member_update
    before_timeout = before.timed_out_until
                     ^^^^^^^^^^^^^^^^^^^^^^
AttributeError: 'Member' object has no attribute 'timed_out_until'
Ignoring exception in on_member_update
Traceback (most recent call last):
  File "/usr/local/lib/python3.12/site-packages/discord/client.py", line 465, in _run_event
    await coro(*args, **kwargs)
  File "/app/asu_discord/cogs/analytics.py", line 652, in on_member_update
    before_timeout = before.timed_out_until
                     ^^^^^^^^^^^^^^^^^^^^^^
AttributeError: 'Member' object has no attribute 'timed_out_until'
Ignoring exception in on_member_update
Traceback (most recent call last):
  File "/usr/local/lib/python3.12/site-packages/discord/client.py", line 465, in _run_event
    await coro(*args, **kwargs)
  File "/app/asu_discord/cogs/analytics.py", line 652, in on_member_update
    before_timeout = before.timed_out_until
                     ^^^^^^^^^^^^^^^^^^^^^^
AttributeError: 'Member' object has no attribute 'timed_out_until'
Ignoring exception in on_member_update
Traceback (most recent call last):
  File "/usr/local/lib/python3.12/site-packages/discord/client.py", line 465, in _run_event
    await coro(*args, **kwargs)
  File "/app/asu_discord/cogs/analytics.py", line 652, in on_member_update
    before_timeout = before.timed_out_until
                     ^^^^^^^^^^^^^^^^^^^^^^
AttributeError: 'Member' object has no attribute 'timed_out_until'
Ignoring exception in on_member_update
Traceback (most recent call last):
  File "/usr/local/lib/python3.12/site-packages/discord/client.py", line 465, in _run_event
    await coro(*args, **kwargs)
  File "/app/asu_discord/cogs/analytics.py", line 652, in on_member_update
    before_timeout = before.timed_out_until
                     ^^^^^^^^^^^^^^^^^^^^^^
AttributeError: 'Member' object has no attribute 'timed_out_until'
Ignoring exception in on_member_update
Traceback (most recent call last):
  File "/usr/local/lib/python3.12/site-packages/discord/client.py", line 465, in _run_event
    await coro(*args, **kwargs)
  File "/app/asu_discord/cogs/analytics.py", line 652, in on_member_update
    before_timeout = before.timed_out_until
                     ^^^^^^^^^^^^^^^^^^^^^^
AttributeError: 'Member' object has no attribute 'timed_out_until'
Ignoring exception in on_member_update
Traceback (most recent call last):
  File "/usr/local/lib/python3.12/site-packages/discord/client.py", line 465, in _run_event
    await coro(*args, **kwargs)
  File "/app/asu_discord/cogs/analytics.py", line 652, in on_member_update
    before_timeout = before.timed_out_until
                     ^^^^^^^^^^^^^^^^^^^^^^
AttributeError: 'Member' object has no attribute 'timed_out_until'
Ignoring exception in on_member_update
Traceback (most recent call last):
  File "/usr/local/lib/python3.12/site-packages/discord/client.py", line 465, in _run_event
    await coro(*args, **kwargs)
  File "/app/asu_discord/cogs/analytics.py", line 652, in on_member_update
    before_timeout = before.timed_out_until
                     ^^^^^^^^^^^^^^^^^^^^^^
AttributeError: 'Member' object has no attribute 'timed_out_until'
INFO:asu_discord.cogs.verification:Saved 5 roles to database for user rathiel@asu.edu (Discord ID: 490650405169004546)
INFO:asu_discord.cogs.verification:Refreshed Salesforce roles for Discord user 490650405169004546: -5/+5 roles, assigned=[Arizona Resident, Commited, First Year, Ira A. Fulton Schools of Engineering, Tempe]
Ignoring exception in on_member_update
Traceback (most recent call last):
  File "/usr/local/lib/python3.12/site-packages/discord/client.py", line 465, in _run_event
    await coro(*args, **kwargs)
  File "/app/asu_discord/cogs/analytics.py", line 652, in on_member_update
    before_timeout = before.timed_out_until
                     ^^^^^^^^^^^^^^^^^^^^^^
AttributeError: 'Member' object has no attribute 'timed_out_until'
Ignoring exception in on_member_update
Traceback (most recent call last):
  File "/usr/local/lib/python3.12/site-packages/discord/client.py", line 465, in _run_event
    await coro(*args, **kwargs)
  File "/app/asu_discord/cogs/analytics.py", line 652, in on_member_update
    before_timeout = before.timed_out_until
                     ^^^^^^^^^^^^^^^^^^^^^^
AttributeError: 'Member' object has no attribute 'timed_out_until'
Ignoring exception in on_member_update
Traceback (most recent call last):
  File "/usr/local/lib/python3.12/site-packages/discord/client.py", line 465, in _run_event
    await coro(*args, **kwargs)
  File "/app/asu_discord/cogs/analytics.py", line 652, in on_member_update
    before_timeout = before.timed_out_until
                     ^^^^^^^^^^^^^^^^^^^^^^
AttributeError: 'Member' object has no attribute 'timed_out_until'
Ignoring exception in on_member_update
Traceback (most recent call last):
  File "/usr/local/lib/python3.12/site-packages/discord/client.py", line 465, in _run_event
    await coro(*args, **kwargs)
  File "/app/asu_discord/cogs/analytics.py", line 652, in on_member_update
    before_timeout = before.timed_out_until
                     ^^^^^^^^^^^^^^^^^^^^^^
AttributeError: 'Member' object has no attribute 'timed_out_until'
Ignoring exception in on_member_update
Traceback (most recent call last):
  File "/usr/local/lib/python3.12/site-packages/discord/client.py", line 465, in _run_event
    await coro(*args, **kwargs)
  File "/app/asu_discord/cogs/analytics.py", line 652, in on_member_update
    before_timeout = before.timed_out_until
                     ^^^^^^^^^^^^^^^^^^^^^^
AttributeError: 'Member' object has no attribute 'timed_out_until'
Ignoring exception in on_member_update
Traceback (most recent call last):
  File "/usr/local/lib/python3.12/site-packages/discord/client.py", line 465, in _run_event
    await coro(*args, **kwargs)
  File "/app/asu_discord/cogs/analytics.py", line 652, in on_member_update
    before_timeout = before.timed_out_until
                     ^^^^^^^^^^^^^^^^^^^^^^
AttributeError: 'Member' object has no attribute 'timed_out_until'
Ignoring exception in on_member_update
Traceback (most recent call last):
  File "/usr/local/lib/python3.12/site-packages/discord/client.py", line 465, in _run_event
    await coro(*args, **kwargs)
  File "/app/asu_discord/cogs/analytics.py", line 652, in on_member_update
    before_timeout = before.timed_out_until
                     ^^^^^^^^^^^^^^^^^^^^^^
AttributeError: 'Member' object has no attribute 'timed_out_until'
Ignoring exception in on_member_update
Traceback (most recent call last):
  File "/usr/local/lib/python3.12/site-packages/discord/client.py", line 465, in _run_event
    await coro(*args, **kwargs)
  File "/app/asu_discord/cogs/analytics.py", line 652, in on_member_update
    before_timeout = before.timed_out_until
                     ^^^^^^^^^^^^^^^^^^^^^^
AttributeError: 'Member' object has no attribute 'timed_out_until'
Ignoring exception in on_member_update
Traceback (most recent call last):
  File "/usr/local/lib/python3.12/site-packages/discord/client.py", line 465, in _run_event
    await coro(*args, **kwargs)
  File "/app/asu_discord/cogs/analytics.py", line 652, in on_member_update
    before_timeout = before.timed_out_until
                     ^^^^^^^^^^^^^^^^^^^^^^
AttributeError: 'Member' object has no attribute 'timed_out_until'
Ignoring exception in on_member_update
Traceback (most recent call last):
  File "/usr/local/lib/python3.12/site-packages/discord/client.py", line 465, in _run_event
    await coro(*args, **kwargs)
  File "/app/asu_discord/cogs/analytics.py", line 652, in on_member_update
    before_timeout = before.timed_out_until
                     ^^^^^^^^^^^^^^^^^^^^^^
AttributeError: 'Member' object has no attribute 'timed_out_until'
ERROR:cron.jobs:refresh_salesforce_roles: failed for bmbail11 (Discord ID 277516953181224961): Timed out refresh Salesforce-based roles
Ignoring exception in on_member_update
Traceback (most recent call last):
  File "/usr/local/lib/python3.12/site-packages/discord/client.py", line 465, in _run_event
    await coro(*args, **kwargs)
  File "/app/asu_discord/cogs/analytics.py", line 652, in on_member_update
    before_timeout = before.timed_out_until
                     ^^^^^^^^^^^^^^^^^^^^^^
AttributeError: 'Member' object has no attribute 'timed_out_until'
Ignoring exception in on_member_update
Traceback (most recent call last):
  File "/usr/local/lib/python3.12/site-packages/discord/client.py", line 465, in _run_event
    await coro(*args, **kwargs)
  File "/app/asu_discord/cogs/analytics.py", line 652, in on_member_update
    before_timeout = before.timed_out_until
                     ^^^^^^^^^^^^^^^^^^^^^^
AttributeError: 'Member' object has no attribute 'timed_out_until'
Ignoring exception in on_member_update
Traceback (most recent call last):
  File "/usr/local/lib/python3.12/site-packages/discord/client.py", line 465, in _run_event
    await coro(*args, **kwargs)
  File "/app/asu_discord/cogs/analytics.py", line 652, in on_member_update
    before_timeout = before.timed_out_until
                     ^^^^^^^^^^^^^^^^^^^^^^
AttributeError: 'Member' object has no attribute 'timed_out_until'
Ignoring exception in on_member_update
Traceback (most recent call last):
  File "/usr/local/lib/python3.12/site-packages/discord/client.py", line 465, in _run_event
    await coro(*args, **kwargs)
  File "/app/asu_discord/cogs/analytics.py", line 652, in on_member_update
    before_timeout = before.timed_out_until
                     ^^^^^^^^^^^^^^^^^^^^^^
AttributeError: 'Member' object has no attribute 'timed_out_until'
Ignoring exception in on_member_update
Traceback (most recent call last):
  File "/usr/local/lib/python3.12/site-packages/discord/client.py", line 465, in _run_event
    await coro(*args, **kwargs)
  File "/app/asu_discord/cogs/analytics.py", line 652, in on_member_update
    before_timeout = before.timed_out_until
                     ^^^^^^^^^^^^^^^^^^^^^^
AttributeError: 'Member' object has no attribute 'timed_out_until'
Ignoring exception in on_member_update
Traceback (most recent call last):
  File "/usr/local/lib/python3.12/site-packages/discord/client.py", line 465, in _run_event
    await coro(*args, **kwargs)
  File "/app/asu_discord/cogs/analytics.py", line 652, in on_member_update
    before_timeout = before.timed_out_until
                     ^^^^^^^^^^^^^^^^^^^^^^
AttributeError: 'Member' object has no attribute 'timed_out_until'
Ignoring exception in on_member_update
Traceback (most recent call last):
  File "/usr/local/lib/python3.12/site-packages/discord/client.py", line 465, in _run_event
    await coro(*args, **kwargs)
  File "/app/asu_discord/cogs/analytics.py", line 652, in on_member_update
    before_timeout = before.timed_out_until
                     ^^^^^^^^^^^^^^^^^^^^^^
AttributeError: 'Member' object has no attribute 'timed_out_until'
Ignoring exception in on_member_update
Traceback (most recent call last):
  File "/usr/local/lib/python3.12/site-packages/discord/client.py", line 465, in _run_event
    await coro(*args, **kwargs)
  File "/app/asu_discord/cogs/analytics.py", line 652, in on_member_update
    before_timeout = before.timed_out_until
                     ^^^^^^^^^^^^^^^^^^^^^^
AttributeError: 'Member' object has no attribute 'timed_out_until'
Ignoring exception in on_member_update
Traceback (most recent call last):
  File "/usr/local/lib/python3.12/site-packages/discord/client.py", line 465, in _run_event
    await coro(*args, **kwargs)
  File "/app/asu_discord/cogs/analytics.py", line 652, in on_member_update
    before_timeout = before.timed_out_until
                     ^^^^^^^^^^^^^^^^^^^^^^
AttributeError: 'Member' object has no attribute 'timed_out_until'
Ignoring exception in on_member_update
Traceback (most recent call last):
  File "/usr/local/lib/python3.12/site-packages/discord/client.py", line 465, in _run_event
    await coro(*args, **kwargs)
  File "/app/asu_discord/cogs/analytics.py", line 652, in on_member_update
    before_timeout = before.timed_out_until
                     ^^^^^^^^^^^^^^^^^^^^^^
AttributeError: 'Member' object has no attribute 'timed_out_until'
INFO:asu_discord.cogs.verification:Saved 6 roles to database for user echen45@asu.edu (Discord ID: 467319262021943306)
INFO:asu_discord.cogs.verification:Refreshed Salesforce roles for Discord user 467319262021943306: -4/+6 roles, assigned=[Arizona Resident, Commited, First Year, Ira A. Fulton Schools of Engineering, Tempe, Upperclassmen]
Ignoring exception in on_member_update
Traceback (most recent call last):
  File "/usr/local/lib/python3.12/site-packages/discord/client.py", line 465, in _run_event
    await coro(*args, **kwargs)
  File "/app/asu_discord/cogs/analytics.py", line 652, in on_member_update
    before_timeout = before.timed_out_until
                     ^^^^^^^^^^^^^^^^^^^^^^
AttributeError: 'Member' object has no attribute 'timed_out_until'
Ignoring exception in on_member_update
Traceback (most recent call last):
  File "/usr/local/lib/python3.12/site-packages/discord/client.py", line 465, in _run_event
    await coro(*args, **kwargs)
  File "/app/asu_discord/cogs/analytics.py", line 652, in on_member_update
    before_timeout = before.timed_out_until
                     ^^^^^^^^^^^^^^^^^^^^^^
AttributeError: 'Member' object has no attribute 'timed_out_until'
Ignoring exception in on_member_update
Traceback (most recent call last):
  File "/usr/local/lib/python3.12/site-packages/discord/client.py", line 465, in _run_event
    await coro(*args, **kwargs)
  File "/app/asu_discord/cogs/analytics.py", line 652, in on_member_update
    before_timeout = before.timed_out_until
                     ^^^^^^^^^^^^^^^^^^^^^^
AttributeError: 'Member' object has no attribute 'timed_out_until'
Ignoring exception in on_member_update
Traceback (most recent call last):
  File "/usr/local/lib/python3.12/site-packages/discord/client.py", line 465, in _run_event
    await coro(*args, **kwargs)
  File "/app/asu_discord/cogs/analytics.py", line 652, in on_member_update
    before_timeout = before.timed_out_until
                     ^^^^^^^^^^^^^^^^^^^^^^
AttributeError: 'Member' object has no attribute 'timed_out_until'
Ignoring exception in on_member_update
Traceback (most recent call last):
  File "/usr/local/lib/python3.12/site-packages/discord/client.py", line 465, in _run_event
    await coro(*args, **kwargs)
  File "/app/asu_discord/cogs/analytics.py", line 652, in on_member_update
    before_timeout = before.timed_out_until
                     ^^^^^^^^^^^^^^^^^^^^^^
AttributeError: 'Member' object has no attribute 'timed_out_until'
Ignoring exception in on_member_update
Traceback (most recent call last):
  File "/usr/local/lib/python3.12/site-packages/discord/client.py", line 465, in _run_event
    await coro(*args, **kwargs)
  File "/app/asu_discord/cogs/analytics.py", line 652, in on_member_update
    before_timeout = before.timed_out_until
                     ^^^^^^^^^^^^^^^^^^^^^^
AttributeError: 'Member' object has no attribute 'timed_out_until'
Ignoring exception in on_member_update
Traceback (most recent call last):
  File "/usr/local/lib/python3.12/site-packages/discord/client.py", line 465, in _run_event
    await coro(*args, **kwargs)
  File "/app/asu_discord/cogs/analytics.py", line 652, in on_member_update
    before_timeout = before.timed_out_until
                     ^^^^^^^^^^^^^^^^^^^^^^
AttributeError: 'Member' object has no attribute 'timed_out_until'
Ignoring exception in on_member_update
Traceback (most recent call last):
  File "/usr/local/lib/python3.12/site-packages/discord/client.py", line 465, in _run_event
    await coro(*args, **kwargs)
  File "/app/asu_discord/cogs/analytics.py", line 652, in on_member_update
    before_timeout = before.timed_out_until
                     ^^^^^^^^^^^^^^^^^^^^^^
AttributeError: 'Member' object has no attribute 'timed_out_until'
Ignoring exception in on_member_update
Traceback (most recent call last):
  File "/usr/local/lib/python3.12/site-packages/discord/client.py", line 465, in _run_event
    await coro(*args, **kwargs)
  File "/app/asu_discord/cogs/analytics.py", line 652, in on_member_update
    before_timeout = before.timed_out_until
                     ^^^^^^^^^^^^^^^^^^^^^^
AttributeError: 'Member' object has no attribute 'timed_out_until'
Ignoring exception in on_member_update
Traceback (most recent call last):
  File "/usr/local/lib/python3.12/site-packages/discord/client.py", line 465, in _run_event
    await coro(*args, **kwargs)
  File "/app/asu_discord/cogs/analytics.py", line 652, in on_member_update
    before_timeout = before.timed_out_until
                     ^^^^^^^^^^^^^^^^^^^^^^
AttributeError: 'Member' object has no attribute 'timed_out_until'
INFO:asu_discord.cogs.verification:Saved 5 roles to database for user abier@asu.edu (Discord ID: 1440055294817472675)
INFO:asu_discord.cogs.verification:Refreshed Salesforce roles for Discord user 1440055294817472675: -5/+5 roles, assigned=[Commited, First Year, Herberger Institute for Design and the Arts, Out of State, Tempe]
Ignoring exception in on_member_update
Traceback (most recent call last):
  File "/usr/local/lib/python3.12/site-packages/discord/client.py", line 465, in _run_event
    await coro(*args, **kwargs)
  File "/app/asu_discord/cogs/analytics.py", line 652, in on_member_update
    before_timeout = before.timed_out_until
                     ^^^^^^^^^^^^^^^^^^^^^^
AttributeError: 'Member' object has no attribute 'timed_out_until'
Ignoring exception in on_member_update
Traceback (most recent call last):
  File "/usr/local/lib/python3.12/site-packages/discord/client.py", line 465, in _run_event
    await coro(*args, **kwargs)
  File "/app/asu_discord/cogs/analytics.py", line 652, in on_member_update
    before_timeout = before.timed_out_until
                     ^^^^^^^^^^^^^^^^^^^^^^
AttributeError: 'Member' object has no attribute 'timed_out_until'
Ignoring exception in on_member_update
Traceback (most recent call last):
  File "/usr/local/lib/python3.12/site-packages/discord/client.py", line 465, in _run_event
    await coro(*args, **kwargs)
  File "/app/asu_discord/cogs/analytics.py", line 652, in on_member_update
    before_timeout = before.timed_out_until
                     ^^^^^^^^^^^^^^^^^^^^^^
AttributeError: 'Member' object has no attribute 'timed_out_until'
Ignoring exception in on_member_update
Traceback (most recent call last):
  File "/usr/local/lib/python3.12/site-packages/discord/client.py", line 465, in _run_event
    await coro(*args, **kwargs)
  File "/app/asu_discord/cogs/analytics.py", line 652, in on_member_update
    before_timeout = before.timed_out_until
                     ^^^^^^^^^^^^^^^^^^^^^^
AttributeError: 'Member' object has no attribute 'timed_out_until'
Ignoring exception in on_member_update
Traceback (most recent call last):
  File "/usr/local/lib/python3.12/site-packages/discord/client.py", line 465, in _run_event
    await coro(*args, **kwargs)
  File "/app/asu_discord/cogs/analytics.py", line 652, in on_member_update
    before_timeout = before.timed_out_until
                     ^^^^^^^^^^^^^^^^^^^^^^
AttributeError: 'Member' object has no attribute 'timed_out_until'
Ignoring exception in on_member_update
Traceback (most recent call last):
  File "/usr/local/lib/python3.12/site-packages/discord/client.py", line 465, in _run_event
    await coro(*args, **kwargs)
  File "/app/asu_discord/cogs/analytics.py", line 652, in on_member_update
    before_timeout = before.timed_out_until
                     ^^^^^^^^^^^^^^^^^^^^^^
AttributeError: 'Member' object has no attribute 'timed_out_until'
Ignoring exception in on_member_update
Traceback (most recent call last):
  File "/usr/local/lib/python3.12/site-packages/discord/client.py", line 465, in _run_event
    await coro(*args, **kwargs)
  File "/app/asu_discord/cogs/analytics.py", line 652, in on_member_update
    before_timeout = before.timed_out_until
                     ^^^^^^^^^^^^^^^^^^^^^^
AttributeError: 'Member' object has no attribute 'timed_out_until'
Ignoring exception in on_member_update
Traceback (most recent call last):
  File "/usr/local/lib/python3.12/site-packages/discord/client.py", line 465, in _run_event
    await coro(*args, **kwargs)
  File "/app/asu_discord/cogs/analytics.py", line 652, in on_member_update
    before_timeout = before.timed_out_until
                     ^^^^^^^^^^^^^^^^^^^^^^
AttributeError: 'Member' object has no attribute 'timed_out_until'
Ignoring exception in on_member_update
Traceback (most recent call last):
  File "/usr/local/lib/python3.12/site-packages/discord/client.py", line 465, in _run_event
    await coro(*args, **kwargs)
  File "/app/asu_discord/cogs/analytics.py", line 652, in on_member_update
    before_timeout = before.timed_out_until
                     ^^^^^^^^^^^^^^^^^^^^^^
AttributeError: 'Member' object has no attribute 'timed_out_until'
Ignoring exception in on_member_update
Traceback (most recent call last):
  File "/usr/local/lib/python3.12/site-packages/discord/client.py", line 465, in _run_event
    await coro(*args, **kwargs)
  File "/app/asu_discord/cogs/analytics.py", line 652, in on_member_update
    before_timeout = before.timed_out_until
                     ^^^^^^^^^^^^^^^^^^^^^^
AttributeError: 'Member' object has no attribute 'timed_out_until'
ERROR:cron.jobs:refresh_salesforce_roles: failed for mbell25 (Discord ID 518919640097882132): Timed out refresh Salesforce-based roles
Ignoring exception in on_member_update
Traceback (most recent call last):
  File "/usr/local/lib/python3.12/site-packages/discord/client.py", line 465, in _run_event
    await coro(*args, **kwargs)
  File "/app/asu_discord/cogs/analytics.py", line 652, in on_member_update
    before_timeout = before.timed_out_until
                     ^^^^^^^^^^^^^^^^^^^^^^
AttributeError: 'Member' object has no attribute 'timed_out_until'
Ignoring exception in on_member_update
Traceback (most recent call last):
  File "/usr/local/lib/python3.12/site-packages/discord/client.py", line 465, in _run_event
    await coro(*args, **kwargs)
  File "/app/asu_discord/cogs/analytics.py", line 652, in on_member_update
    before_timeout = before.timed_out_until
                     ^^^^^^^^^^^^^^^^^^^^^^
AttributeError: 'Member' object has no attribute 'timed_out_until'
INFO:asu_discord.cogs.verification:Saved 1 roles to database for user shramir1@asu.edu (Discord ID: 1112875318592680087)
INFO:asu_discord.cogs.verification:Refreshed Salesforce roles for Discord user 1112875318592680087: -1/+1 roles, assigned=[Out of State]
Ignoring exception in on_member_update
Traceback (most recent call last):
  File "/usr/local/lib/python3.12/site-packages/discord/client.py", line 465, in _run_event
    await coro(*args, **kwargs)
  File "/app/asu_discord/cogs/analytics.py", line 652, in on_member_update
    before_timeout = before.timed_out_until
                     ^^^^^^^^^^^^^^^^^^^^^^
AttributeError: 'Member' object has no attribute 'timed_out_until'
Ignoring exception in on_member_update
Traceback (most recent call last):
  File "/usr/local/lib/python3.12/site-packages/discord/client.py", line 465, in _run_event
    await coro(*args, **kwargs)
  File "/app/asu_discord/cogs/analytics.py", line 652, in on_member_update
    before_timeout = before.timed_out_until
                     ^^^^^^^^^^^^^^^^^^^^^^
AttributeError: 'Member' object has no attribute 'timed_out_until'
Ignoring exception in on_member_update
Traceback (most recent call last):
  File "/usr/local/lib/python3.12/site-packages/discord/client.py", line 465, in _run_event
    await coro(*args, **kwargs)
  File "/app/asu_discord/cogs/analytics.py", line 652, in on_member_update
    before_timeout = before.timed_out_until
                     ^^^^^^^^^^^^^^^^^^^^^^
AttributeError: 'Member' object has no attribute 'timed_out_until'
Ignoring exception in on_member_update
Traceback (most recent call last):
  File "/usr/local/lib/python3.12/site-packages/discord/client.py", line 465, in _run_event
    await coro(*args, **kwargs)
  File "/app/asu_discord/cogs/analytics.py", line 652, in on_member_update
    before_timeout = before.timed_out_until
                     ^^^^^^^^^^^^^^^^^^^^^^
AttributeError: 'Member' object has no attribute 'timed_out_until'
Ignoring exception in on_member_update
Traceback (most recent call last):
  File "/usr/local/lib/python3.12/site-packages/discord/client.py", line 465, in _run_event
    await coro(*args, **kwargs)
  File "/app/asu_discord/cogs/analytics.py", line 652, in on_member_update
    before_timeout = before.timed_out_until
                     ^^^^^^^^^^^^^^^^^^^^^^
AttributeError: 'Member' object has no attribute 'timed_out_until'
Ignoring exception in on_member_update
Traceback (most recent call last):
  File "/usr/local/lib/python3.12/site-packages/discord/client.py", line 465, in _run_event
    await coro(*args, **kwargs)
  File "/app/asu_discord/cogs/analytics.py", line 652, in on_member_update
    before_timeout = before.timed_out_until
                     ^^^^^^^^^^^^^^^^^^^^^^
AttributeError: 'Member' object has no attribute 'timed_out_until'
Ignoring exception in on_member_update
Traceback (most recent call last):
  File "/usr/local/lib/python3.12/site-packages/discord/client.py", line 465, in _run_event
    await coro(*args, **kwargs)
  File "/app/asu_discord/cogs/analytics.py", line 652, in on_member_update
    before_timeout = before.timed_out_until
                     ^^^^^^^^^^^^^^^^^^^^^^
AttributeError: 'Member' object has no attribute 'timed_out_until'
Ignoring exception in on_member_update
Traceback (most recent call last):
  File "/usr/local/lib/python3.12/site-packages/discord/client.py", line 465, in _run_event
    await coro(*args, **kwargs)
  File "/app/asu_discord/cogs/analytics.py", line 652, in on_member_update
    before_timeout = before.timed_out_until
                     ^^^^^^^^^^^^^^^^^^^^^^
AttributeError: 'Member' object has no attribute 'timed_out_until'
Ignoring exception in on_member_update
Traceback (most recent call last):
  File "/usr/local/lib/python3.12/site-packages/discord/client.py", line 465, in _run_event
    await coro(*args, **kwargs)
  File "/app/asu_discord/cogs/analytics.py", line 652, in on_member_update
    before_timeout = before.timed_out_until
                     ^^^^^^^^^^^^^^^^^^^^^^
AttributeError: 'Member' object has no attribute 'timed_out_until'
Ignoring exception in on_member_update
Traceback (most recent call last):
  File "/usr/local/lib/python3.12/site-packages/discord/client.py", line 465, in _run_event
    await coro(*args, **kwargs)
  File "/app/asu_discord/cogs/analytics.py", line 652, in on_member_update
    before_timeout = before.timed_out_until
                     ^^^^^^^^^^^^^^^^^^^^^^
AttributeError: 'Member' object has no attribute 'timed_out_until'
INFO:asu_discord.cogs.verification:Saved 5 roles to database for user eawagone@asu.edu (Discord ID: 967563023797592114)
INFO:asu_discord.cogs.verification:Refreshed Salesforce roles for Discord user 967563023797592114: -5/+5 roles, assigned=[Arizona Resident, Commited, First Year, Ira A. Fulton Schools of Engineering, Polytechnic]
Ignoring exception in on_member_update
Traceback (most recent call last):
  File "/usr/local/lib/python3.12/site-packages/discord/client.py", line 465, in _run_event
    await coro(*args, **kwargs)
  File "/app/asu_discord/cogs/analytics.py", line 652, in on_member_update
    before_timeout = before.timed_out_until
                     ^^^^^^^^^^^^^^^^^^^^^^
AttributeError: 'Member' object has no attribute 'timed_out_until'
Ignoring exception in on_member_update
Traceback (most recent call last):
  File "/usr/local/lib/python3.12/site-packages/discord/client.py", line 465, in _run_event
    await coro(*args, **kwargs)
  File "/app/asu_discord/cogs/analytics.py", line 652, in on_member_update
    before_timeout = before.timed_out_until
                     ^^^^^^^^^^^^^^^^^^^^^^
AttributeError: 'Member' object has no attribute 'timed_out_until'
Ignoring exception in on_member_update
Traceback (most recent call last):
  File "/usr/local/lib/python3.12/site-packages/discord/client.py", line 465, in _run_event
    await coro(*args, **kwargs)
  File "/app/asu_discord/cogs/analytics.py", line 652, in on_member_update
    before_timeout = before.timed_out_until
                     ^^^^^^^^^^^^^^^^^^^^^^
AttributeError: 'Member' object has no attribute 'timed_out_until'
Ignoring exception in on_member_update
Traceback (most recent call last):
  File "/usr/local/lib/python3.12/site-packages/discord/client.py", line 465, in _run_event
    await coro(*args, **kwargs)
  File "/app/asu_discord/cogs/analytics.py", line 652, in on_member_update
    before_timeout = before.timed_out_until
                     ^^^^^^^^^^^^^^^^^^^^^^
AttributeError: 'Member' object has no attribute 'timed_out_until'
Ignoring exception in on_member_update
Traceback (most recent call last):
  File "/usr/local/lib/python3.12/site-packages/discord/client.py", line 465, in _run_event
    await coro(*args, **kwargs)
  File "/app/asu_discord/cogs/analytics.py", line 652, in on_member_update
    before_timeout = before.timed_out_until
                     ^^^^^^^^^^^^^^^^^^^^^^
AttributeError: 'Member' object has no attribute 'timed_out_until'
Ignoring exception in on_member_update
Traceback (most recent call last):
  File "/usr/local/lib/python3.12/site-packages/discord/client.py", line 465, in _run_event
    await coro(*args, **kwargs)
  File "/app/asu_discord/cogs/analytics.py", line 652, in on_member_update
    before_timeout = before.timed_out_until
                     ^^^^^^^^^^^^^^^^^^^^^^
AttributeError: 'Member' object has no attribute 'timed_out_until'
Ignoring exception in on_member_update
Traceback (most recent call last):
  File "/usr/local/lib/python3.12/site-packages/discord/client.py", line 465, in _run_event
    await coro(*args, **kwargs)
  File "/app/asu_discord/cogs/analytics.py", line 652, in on_member_update
    before_timeout = before.timed_out_until
                     ^^^^^^^^^^^^^^^^^^^^^^
AttributeError: 'Member' object has no attribute 'timed_out_until'
Ignoring exception in on_member_update
Traceback (most recent call last):
  File "/usr/local/lib/python3.12/site-packages/discord/client.py", line 465, in _run_event
    await coro(*args, **kwargs)
  File "/app/asu_discord/cogs/analytics.py", line 652, in on_member_update
    before_timeout = before.timed_out_until
                     ^^^^^^^^^^^^^^^^^^^^^^
AttributeError: 'Member' object has no attribute 'timed_out_until'
Ignoring exception in on_member_update
Traceback (most recent call last):
  File "/usr/local/lib/python3.12/site-packages/discord/client.py", line 465, in _run_event
    await coro(*args, **kwargs)
  File "/app/asu_discord/cogs/analytics.py", line 652, in on_member_update
    before_timeout = before.timed_out_until
                     ^^^^^^^^^^^^^^^^^^^^^^
AttributeError: 'Member' object has no attribute 'timed_out_until'
Ignoring exception in on_member_update
Traceback (most recent call last):
  File "/usr/local/lib/python3.12/site-packages/discord/client.py", line 465, in _run_event
    await coro(*args, **kwargs)
  File "/app/asu_discord/cogs/analytics.py", line 652, in on_member_update
    before_timeout = before.timed_out_until
                     ^^^^^^^^^^^^^^^^^^^^^^
AttributeError: 'Member' object has no attribute 'timed_out_until'
Ignoring exception in on_member_update
Traceback (most recent call last):
  File "/usr/local/lib/python3.12/site-packages/discord/client.py", line 465, in _run_event
    await coro(*args, **kwargs)
  File "/app/asu_discord/cogs/analytics.py", line 652, in on_member_update
    before_timeout = before.timed_out_until
                     ^^^^^^^^^^^^^^^^^^^^^^
AttributeError: 'Member' object has no attribute 'timed_out_until'
Ignoring exception in on_member_update
Traceback (most recent call last):
  File "/usr/local/lib/python3.12/site-packages/discord/client.py", line 465, in _run_event
    await coro(*args, **kwargs)
  File "/app/asu_discord/cogs/analytics.py", line 652, in on_member_update
    before_timeout = before.timed_out_until
                     ^^^^^^^^^^^^^^^^^^^^^^
AttributeError: 'Member' object has no attribute 'timed_out_until'
INFO:asu_discord.cogs.verification:Saved 6 roles to database for user jxsarpy@asu.edu (Discord ID: 292132904342126593)
INFO:asu_discord.cogs.verification:Refreshed Salesforce roles for Discord user 292132904342126593: -6/+6 roles, assigned=[Commited, First Generation Student, First Year, Herberger Institute for Design and the Arts, Out of State, Tempe]
Ignoring exception in on_member_update
Traceback (most recent call last):
  File "/usr/local/lib/python3.12/site-packages/discord/client.py", line 465, in _run_event
    await coro(*args, **kwargs)
  File "/app/asu_discord/cogs/analytics.py", line 652, in on_member_update
    before_timeout = before.timed_out_until
                     ^^^^^^^^^^^^^^^^^^^^^^
AttributeError: 'Member' object has no attribute 'timed_out_until'
Ignoring exception in on_member_update
Traceback (most recent call last):
  File "/usr/local/lib/python3.12/site-packages/discord/client.py", line 465, in _run_event
    await coro(*args, **kwargs)
  File "/app/asu_discord/cogs/analytics.py", line 652, in on_member_update
    before_timeout = before.timed_out_until
                     ^^^^^^^^^^^^^^^^^^^^^^
AttributeError: 'Member' object has no attribute 'timed_out_until'
Ignoring exception in on_member_update
Traceback (most recent call last):
  File "/usr/local/lib/python3.12/site-packages/discord/client.py", line 465, in _run_event
    await coro(*args, **kwargs)
  File "/app/asu_discord/cogs/analytics.py", line 652, in on_member_update
    before_timeout = before.timed_out_until
                     ^^^^^^^^^^^^^^^^^^^^^^
AttributeError: 'Member' object has no attribute 'timed_out_until'
Ignoring exception in on_member_update
Traceback (most recent call last):
  File "/usr/local/lib/python3.12/site-packages/discord/client.py", line 465, in _run_event
    await coro(*args, **kwargs)
  File "/app/asu_discord/cogs/analytics.py", line 652, in on_member_update
    before_timeout = before.timed_out_until
                     ^^^^^^^^^^^^^^^^^^^^^^
AttributeError: 'Member' object has no attribute 'timed_out_until'
Ignoring exception in on_member_update
Traceback (most recent call last):
  File "/usr/local/lib/python3.12/site-packages/discord/client.py", line 465, in _run_event
    await coro(*args, **kwargs)
  File "/app/asu_discord/cogs/analytics.py", line 652, in on_member_update
    before_timeout = before.timed_out_until
                     ^^^^^^^^^^^^^^^^^^^^^^
AttributeError: 'Member' object has no attribute 'timed_out_until'
Ignoring exception in on_member_update
Traceback (most recent call last):
  File "/usr/local/lib/python3.12/site-packages/discord/client.py", line 465, in _run_event
    await coro(*args, **kwargs)
  File "/app/asu_discord/cogs/analytics.py", line 652, in on_member_update
    before_timeout = before.timed_out_until
                     ^^^^^^^^^^^^^^^^^^^^^^
AttributeError: 'Member' object has no attribute 'timed_out_until'
Ignoring exception in on_member_update
Traceback (most recent call last):
  File "/usr/local/lib/python3.12/site-packages/discord/client.py", line 465, in _run_event
    await coro(*args, **kwargs)
  File "/app/asu_discord/cogs/analytics.py", line 652, in on_member_update
    before_timeout = before.timed_out_until
                     ^^^^^^^^^^^^^^^^^^^^^^
AttributeError: 'Member' object has no attribute 'timed_out_until'
Ignoring exception in on_member_update
Traceback (most recent call last):
  File "/usr/local/lib/python3.12/site-packages/discord/client.py", line 465, in _run_event
    await coro(*args, **kwargs)
  File "/app/asu_discord/cogs/analytics.py", line 652, in on_member_update
    before_timeout = before.timed_out_until
                     ^^^^^^^^^^^^^^^^^^^^^^
AttributeError: 'Member' object has no attribute 'timed_out_until'
Ignoring exception in on_member_update
Traceback (most recent call last):
  File "/usr/local/lib/python3.12/site-packages/discord/client.py", line 465, in _run_event
    await coro(*args, **kwargs)
  File "/app/asu_discord/cogs/analytics.py", line 652, in on_member_update
    before_timeout = before.timed_out_until
                     ^^^^^^^^^^^^^^^^^^^^^^
AttributeError: 'Member' object has no attribute 'timed_out_until'
Ignoring exception in on_member_update
Traceback (most recent call last):
  File "/usr/local/lib/python3.12/site-packages/discord/client.py", line 465, in _run_event
    await coro(*args, **kwargs)
  File "/app/asu_discord/cogs/analytics.py", line 652, in on_member_update
    before_timeout = before.timed_out_until
                     ^^^^^^^^^^^^^^^^^^^^^^
AttributeError: 'Member' object has no attribute 'timed_out_until'
INFO:asu_discord.cogs.verification:Saved 5 roles to database for user fcarri11@asu.edu (Discord ID: 1424820025130483860)
INFO:asu_discord.cogs.verification:Refreshed Salesforce roles for Discord user 1424820025130483860: -5/+5 roles, assigned=[First Year, Ira A. Fulton Schools of Engineering, Online, Out of State, Upperclassmen]
ERROR:cron.jobs:refresh_salesforce_roles: failed for ajcarr14 (Discord ID 233068072540307456): Failed to refresh Salesforce-based roles: Discord user 233068072540307456 is not a member of the guild
Ignoring exception in on_member_update
Traceback (most recent call last):
  File "/usr/local/lib/python3.12/site-packages/discord/client.py", line 465, in _run_event
    await coro(*args, **kwargs)
  File "/app/asu_discord/cogs/analytics.py", line 652, in on_member_update
    before_timeout = before.timed_out_until
                     ^^^^^^^^^^^^^^^^^^^^^^
AttributeError: 'Member' object has no attribute 'timed_out_until'
Ignoring exception in on_member_update
Traceback (most recent call last):
  File "/usr/local/lib/python3.12/site-packages/discord/client.py", line 465, in _run_event
    await coro(*args, **kwargs)
  File "/app/asu_discord/cogs/analytics.py", line 652, in on_member_update
    before_timeout = before.timed_out_until
                     ^^^^^^^^^^^^^^^^^^^^^^
AttributeError: 'Member' object has no attribute 'timed_out_until'
Ignoring exception in on_member_update
Traceback (most recent call last):
  File "/usr/local/lib/python3.12/site-packages/discord/client.py", line 465, in _run_event
    await coro(*args, **kwargs)
  File "/app/asu_discord/cogs/analytics.py", line 652, in on_member_update
    before_timeout = before.timed_out_until
                     ^^^^^^^^^^^^^^^^^^^^^^
AttributeError: 'Member' object has no attribute 'timed_out_until'
Ignoring exception in on_member_update
Traceback (most recent call last):
  File "/usr/local/lib/python3.12/site-packages/discord/client.py", line 465, in _run_event
    await coro(*args, **kwargs)
  File "/app/asu_discord/cogs/analytics.py", line 652, in on_member_update
    before_timeout = before.timed_out_until
                     ^^^^^^^^^^^^^^^^^^^^^^
AttributeError: 'Member' object has no attribute 'timed_out_until'
Ignoring exception in on_member_update
Traceback (most recent call last):
  File "/usr/local/lib/python3.12/site-packages/discord/client.py", line 465, in _run_event
    await coro(*args, **kwargs)
  File "/app/asu_discord/cogs/analytics.py", line 652, in on_member_update
    before_timeout = before.timed_out_until
                     ^^^^^^^^^^^^^^^^^^^^^^
AttributeError: 'Member' object has no attribute 'timed_out_until'
Ignoring exception in on_member_update
Traceback (most recent call last):
  File "/usr/local/lib/python3.12/site-packages/discord/client.py", line 465, in _run_event
    await coro(*args, **kwargs)
  File "/app/asu_discord/cogs/analytics.py", line 652, in on_member_update
    before_timeout = before.timed_out_until
                     ^^^^^^^^^^^^^^^^^^^^^^
AttributeError: 'Member' object has no attribute 'timed_out_until'
Ignoring exception in on_member_update
Traceback (most recent call last):
  File "/usr/local/lib/python3.12/site-packages/discord/client.py", line 465, in _run_event
    await coro(*args, **kwargs)
  File "/app/asu_discord/cogs/analytics.py", line 652, in on_member_update
    before_timeout = before.timed_out_until
                     ^^^^^^^^^^^^^^^^^^^^^^
AttributeError: 'Member' object has no attribute 'timed_out_until'
INFO:asu_discord.cogs.verification:Saved 4 roles to database for user imolinam@asu.edu (Discord ID: 1440088953523929169)
INFO:asu_discord.cogs.verification:Refreshed Salesforce roles for Discord user 1440088953523929169: -4/+3 roles, assigned=[Arizona Resident, Downtown Phoenix, First Year, Watts College of Public Service and Community Solutions]
ERROR:cron.jobs:refresh_salesforce_roles: failed for emeyerow (Discord ID 909111197536747560): Failed to refresh Salesforce-based roles: Discord user 909111197536747560 is not a member of the guild
ERROR:cron.jobs:refresh_salesforce_roles: failed for mezeh (Discord ID 872078664085409823): Failed to refresh Salesforce-based roles: Discord user 872078664085409823 is not a member of the guild
ERROR:cron.jobs:refresh_salesforce_roles: failed for gpadavic (Discord ID 991912864346538095): Failed to refresh Salesforce-based roles: Discord user 991912864346538095 is not a member of the guild
Ignoring exception in on_member_update
Traceback (most recent call last):
  File "/usr/local/lib/python3.12/site-packages/discord/client.py", line 465, in _run_event
    await coro(*args, **kwargs)
  File "/app/asu_discord/cogs/analytics.py", line 652, in on_member_update
    before_timeout = before.timed_out_until
                     ^^^^^^^^^^^^^^^^^^^^^^
AttributeError: 'Member' object has no attribute 'timed_out_until'
Ignoring exception in on_member_update
Traceback (most recent call last):
  File "/usr/local/lib/python3.12/site-packages/discord/client.py", line 465, in _run_event
    await coro(*args, **kwargs)
  File "/app/asu_discord/cogs/analytics.py", line 652, in on_member_update
    before_timeout = before.timed_out_until
                     ^^^^^^^^^^^^^^^^^^^^^^
AttributeError: 'Member' object has no attribute 'timed_out_until'
Ignoring exception in on_member_update
Traceback (most recent call last):
  File "/usr/local/lib/python3.12/site-packages/discord/client.py", line 465, in _run_event
    await coro(*args, **kwargs)
  File "/app/asu_discord/cogs/analytics.py", line 652, in on_member_update
    before_timeout = before.timed_out_until
                     ^^^^^^^^^^^^^^^^^^^^^^
AttributeError: 'Member' object has no attribute 'timed_out_until'
Ignoring exception in on_member_update
Traceback (most recent call last):
  File "/usr/local/lib/python3.12/site-packages/discord/client.py", line 465, in _run_event
    await coro(*args, **kwargs)
  File "/app/asu_discord/cogs/analytics.py", line 652, in on_member_update
    before_timeout = before.timed_out_until
                     ^^^^^^^^^^^^^^^^^^^^^^
AttributeError: 'Member' object has no attribute 'timed_out_until'
Ignoring exception in on_member_update
Traceback (most recent call last):
  File "/usr/local/lib/python3.12/site-packages/discord/client.py", line 465, in _run_event
    await coro(*args, **kwargs)
  File "/app/asu_discord/cogs/analytics.py", line 652, in on_member_update
    before_timeout = before.timed_out_until
                     ^^^^^^^^^^^^^^^^^^^^^^
AttributeError: 'Member' object has no attribute 'timed_out_until'
Ignoring exception in on_member_update
Traceback (most recent call last):
  File "/usr/local/lib/python3.12/site-packages/discord/client.py", line 465, in _run_event
    await coro(*args, **kwargs)
  File "/app/asu_discord/cogs/analytics.py", line 652, in on_member_update
    before_timeout = before.timed_out_until
                     ^^^^^^^^^^^^^^^^^^^^^^
AttributeError: 'Member' object has no attribute 'timed_out_until'
Ignoring exception in on_member_update
Traceback (most recent call last):
  File "/usr/local/lib/python3.12/site-packages/discord/client.py", line 465, in _run_event
    await coro(*args, **kwargs)
  File "/app/asu_discord/cogs/analytics.py", line 652, in on_member_update
    before_timeout = before.timed_out_until
                     ^^^^^^^^^^^^^^^^^^^^^^
AttributeError: 'Member' object has no attribute 'timed_out_until'
Ignoring exception in on_member_update
Traceback (most recent call last):
  File "/usr/local/lib/python3.12/site-packages/discord/client.py", line 465, in _run_event
    await coro(*args, **kwargs)
  File "/app/asu_discord/cogs/analytics.py", line 652, in on_member_update
    before_timeout = before.timed_out_until
                     ^^^^^^^^^^^^^^^^^^^^^^
AttributeError: 'Member' object has no attribute 'timed_out_until'
Ignoring exception in on_member_update
Traceback (most recent call last):
  File "/usr/local/lib/python3.12/site-packages/discord/client.py", line 465, in _run_event
    await coro(*args, **kwargs)
  File "/app/asu_discord/cogs/analytics.py", line 652, in on_member_update
    before_timeout = before.timed_out_until
                     ^^^^^^^^^^^^^^^^^^^^^^
AttributeError: 'Member' object has no attribute 'timed_out_until'
Ignoring exception in on_member_update
Traceback (most recent call last):
  File "/usr/local/lib/python3.12/site-packages/discord/client.py", line 465, in _run_event
    await coro(*args, **kwargs)
  File "/app/asu_discord/cogs/analytics.py", line 652, in on_member_update
    before_timeout = before.timed_out_until
                     ^^^^^^^^^^^^^^^^^^^^^^
AttributeError: 'Member' object has no attribute 'timed_out_until'
INFO:asu_discord.cogs.verification:Saved 5 roles to database for user jrodenb1@asu.edu (Discord ID: 1256636690580111406)
INFO:asu_discord.cogs.verification:Refreshed Salesforce roles for Discord user 1256636690580111406: -5/+5 roles, assigned=[College of Liberal Arts and Sciences, Online, Out of State, Transfer Student, Upperclassmen]
Ignoring exception in on_member_update
Traceback (most recent call last):
  File "/usr/local/lib/python3.12/site-packages/discord/client.py", line 465, in _run_event
    await coro(*args, **kwargs)
  File "/app/asu_discord/cogs/analytics.py", line 652, in on_member_update
    before_timeout = before.timed_out_until
                     ^^^^^^^^^^^^^^^^^^^^^^
AttributeError: 'Member' object has no attribute 'timed_out_until'
Ignoring exception in on_member_update
Traceback (most recent call last):
  File "/usr/local/lib/python3.12/site-packages/discord/client.py", line 465, in _run_event
    await coro(*args, **kwargs)
  File "/app/asu_discord/cogs/analytics.py", line 652, in on_member_update
    before_timeout = before.timed_out_until
                     ^^^^^^^^^^^^^^^^^^^^^^
AttributeError: 'Member' object has no attribute 'timed_out_until'
Ignoring exception in on_member_update
Traceback (most recent call last):
  File "/usr/local/lib/python3.12/site-packages/discord/client.py", line 465, in _run_event
    await coro(*args, **kwargs)
  File "/app/asu_discord/cogs/analytics.py", line 652, in on_member_update
    before_timeout = before.timed_out_until
                     ^^^^^^^^^^^^^^^^^^^^^^
AttributeError: 'Member' object has no attribute 'timed_out_until'
Ignoring exception in on_member_update
Traceback (most recent call last):
  File "/usr/local/lib/python3.12/site-packages/discord/client.py", line 465, in _run_event
    await coro(*args, **kwargs)
  File "/app/asu_discord/cogs/analytics.py", line 652, in on_member_update
    before_timeout = before.timed_out_until
                     ^^^^^^^^^^^^^^^^^^^^^^
AttributeError: 'Member' object has no attribute 'timed_out_until'
Ignoring exception in on_member_update
Traceback (most recent call last):
  File "/usr/local/lib/python3.12/site-packages/discord/client.py", line 465, in _run_event
    await coro(*args, **kwargs)
  File "/app/asu_discord/cogs/analytics.py", line 652, in on_member_update
    before_timeout = before.timed_out_until
                     ^^^^^^^^^^^^^^^^^^^^^^
AttributeError: 'Member' object has no attribute 'timed_out_until'
Ignoring exception in on_member_update
Traceback (most recent call last):
  File "/usr/local/lib/python3.12/site-packages/discord/client.py", line 465, in _run_event
    await coro(*args, **kwargs)
  File "/app/asu_discord/cogs/analytics.py", line 652, in on_member_update
    before_timeout = before.timed_out_until
                     ^^^^^^^^^^^^^^^^^^^^^^
AttributeError: 'Member' object has no attribute 'timed_out_until'
Ignoring exception in on_member_update
Traceback (most recent call last):
  File "/usr/local/lib/python3.12/site-packages/discord/client.py", line 465, in _run_event
    await coro(*args, **kwargs)
  File "/app/asu_discord/cogs/analytics.py", line 652, in on_member_update
    before_timeout = before.timed_out_until
                     ^^^^^^^^^^^^^^^^^^^^^^
AttributeError: 'Member' object has no attribute 'timed_out_until'
Ignoring exception in on_member_update
Traceback (most recent call last):
  File "/usr/local/lib/python3.12/site-packages/discord/client.py", line 465, in _run_event
    await coro(*args, **kwargs)
  File "/app/asu_discord/cogs/analytics.py", line 652, in on_member_update
    before_timeout = before.timed_out_until
                     ^^^^^^^^^^^^^^^^^^^^^^
AttributeError: 'Member' object has no attribute 'timed_out_until'
Ignoring exception in on_member_update
Traceback (most recent call last):
  File "/usr/local/lib/python3.12/site-packages/discord/client.py", line 465, in _run_event
    await coro(*args, **kwargs)
  File "/app/asu_discord/cogs/analytics.py", line 652, in on_member_update
    before_timeout = before.timed_out_until
                     ^^^^^^^^^^^^^^^^^^^^^^
AttributeError: 'Member' object has no attribute 'timed_out_until'
Ignoring exception in on_member_update
Traceback (most recent call last):
  File "/usr/local/lib/python3.12/site-packages/discord/client.py", line 465, in _run_event
    await coro(*args, **kwargs)
  File "/app/asu_discord/cogs/analytics.py", line 652, in on_member_update
    before_timeout = before.timed_out_until
                     ^^^^^^^^^^^^^^^^^^^^^^
AttributeError: 'Member' object has no attribute 'timed_out_until'
INFO:asu_discord.cogs.verification:Saved 5 roles to database for user enavar46@asu.edu (Discord ID: 519999102285774849)
INFO:asu_discord.cogs.verification:Refreshed Salesforce roles for Discord user 519999102285774849: -5/+5 roles, assigned=[Arizona Resident, Edson College of Nursing and Health Innovation, First Generation Student, First Year, West Valley]
ERROR:cron.jobs:refresh_salesforce_roles: failed for skrahl (Discord ID 369278246279315458): Failed to refresh Salesforce-based roles: Discord user 369278246279315458 is not a member of the guild
Ignoring exception in on_member_update
Traceback (most recent call last):
  File "/usr/local/lib/python3.12/site-packages/discord/client.py", line 465, in _run_event
    await coro(*args, **kwargs)
  File "/app/asu_discord/cogs/analytics.py", line 652, in on_member_update
    before_timeout = before.timed_out_until
                     ^^^^^^^^^^^^^^^^^^^^^^
AttributeError: 'Member' object has no attribute 'timed_out_until'
Ignoring exception in on_member_update
Traceback (most recent call last):
  File "/usr/local/lib/python3.12/site-packages/discord/client.py", line 465, in _run_event
    await coro(*args, **kwargs)
  File "/app/asu_discord/cogs/analytics.py", line 652, in on_member_update
    before_timeout = before.timed_out_until
                     ^^^^^^^^^^^^^^^^^^^^^^
AttributeError: 'Member' object has no attribute 'timed_out_until'
Ignoring exception in on_member_update
Traceback (most recent call last):
  File "/usr/local/lib/python3.12/site-packages/discord/client.py", line 465, in _run_event
    await coro(*args, **kwargs)
  File "/app/asu_discord/cogs/analytics.py", line 652, in on_member_update
    before_timeout = before.timed_out_until
                     ^^^^^^^^^^^^^^^^^^^^^^
AttributeError: 'Member' object has no attribute 'timed_out_until'
Ignoring exception in on_member_update
Traceback (most recent call last):
  File "/usr/local/lib/python3.12/site-packages/discord/client.py", line 465, in _run_event
    await coro(*args, **kwargs)
  File "/app/asu_discord/cogs/analytics.py", line 652, in on_member_update
    before_timeout = before.timed_out_until
                     ^^^^^^^^^^^^^^^^^^^^^^
AttributeError: 'Member' object has no attribute 'timed_out_until'
Ignoring exception in on_member_update
Traceback (most recent call last):
  File "/usr/local/lib/python3.12/site-packages/discord/client.py", line 465, in _run_event
    await coro(*args, **kwargs)
  File "/app/asu_discord/cogs/analytics.py", line 652, in on_member_update
    before_timeout = before.timed_out_until
                     ^^^^^^^^^^^^^^^^^^^^^^
AttributeError: 'Member' object has no attribute 'timed_out_until'
Ignoring exception in on_member_update
Traceback (most recent call last):
  File "/usr/local/lib/python3.12/site-packages/discord/client.py", line 465, in _run_event
    await coro(*args, **kwargs)
  File "/app/asu_discord/cogs/analytics.py", line 652, in on_member_update
    before_timeout = before.timed_out_until
                     ^^^^^^^^^^^^^^^^^^^^^^
AttributeError: 'Member' object has no attribute 'timed_out_until'
Ignoring exception in on_member_update
Traceback (most recent call last):
  File "/usr/local/lib/python3.12/site-packages/discord/client.py", line 465, in _run_event
    await coro(*args, **kwargs)
  File "/app/asu_discord/cogs/analytics.py", line 652, in on_member_update
    before_timeout = before.timed_out_until
                     ^^^^^^^^^^^^^^^^^^^^^^
AttributeError: 'Member' object has no attribute 'timed_out_until'
Ignoring exception in on_member_update
Traceback (most recent call last):
  File "/usr/local/lib/python3.12/site-packages/discord/client.py", line 465, in _run_event
    await coro(*args, **kwargs)
  File "/app/asu_discord/cogs/analytics.py", line 652, in on_member_update
    before_timeout = before.timed_out_until
                     ^^^^^^^^^^^^^^^^^^^^^^
AttributeError: 'Member' object has no attribute 'timed_out_until'
Ignoring exception in on_member_update
Traceback (most recent call last):
  File "/usr/local/lib/python3.12/site-packages/discord/client.py", line 465, in _run_event
    await coro(*args, **kwargs)
  File "/app/asu_discord/cogs/analytics.py", line 652, in on_member_update
    before_timeout = before.timed_out_until
                     ^^^^^^^^^^^^^^^^^^^^^^
AttributeError: 'Member' object has no attribute 'timed_out_until'
Ignoring exception in on_member_update
Traceback (most recent call last):
  File "/usr/local/lib/python3.12/site-packages/discord/client.py", line 465, in _run_event
    await coro(*args, **kwargs)
  File "/app/asu_discord/cogs/analytics.py", line 652, in on_member_update
    before_timeout = before.timed_out_until
                     ^^^^^^^^^^^^^^^^^^^^^^
AttributeError: 'Member' object has no attribute 'timed_out_until'
INFO:asu_discord.cogs.verification:Saved 5 roles to database for user nalsmadi@asu.edu (Discord ID: 869223225912090684)
INFO:asu_discord.cogs.verification:Refreshed Salesforce roles for Discord user 869223225912090684: -5/+5 roles, assigned=[Arizona Resident, College of Liberal Arts and Sciences, Commited, First Year, Tempe]
Ignoring exception in on_member_update
Traceback (most recent call last):
  File "/usr/local/lib/python3.12/site-packages/discord/client.py", line 465, in _run_event
    await coro(*args, **kwargs)
  File "/app/asu_discord/cogs/analytics.py", line 652, in on_member_update
    before_timeout = before.timed_out_until
                     ^^^^^^^^^^^^^^^^^^^^^^
AttributeError: 'Member' object has no attribute 'timed_out_until'
Ignoring exception in on_member_update
Traceback (most recent call last):
  File "/usr/local/lib/python3.12/site-packages/discord/client.py", line 465, in _run_event
    await coro(*args, **kwargs)
  File "/app/asu_discord/cogs/analytics.py", line 652, in on_member_update
    before_timeout = before.timed_out_until
                     ^^^^^^^^^^^^^^^^^^^^^^
AttributeError: 'Member' object has no attribute 'timed_out_until'
Ignoring exception in on_member_update
Traceback (most recent call last):
  File "/usr/local/lib/python3.12/site-packages/discord/client.py", line 465, in _run_event
    await coro(*args, **kwargs)
  File "/app/asu_discord/cogs/analytics.py", line 652, in on_member_update
    before_timeout = before.timed_out_until
                     ^^^^^^^^^^^^^^^^^^^^^^
AttributeError: 'Member' object has no attribute 'timed_out_until'
Ignoring exception in on_member_update
Traceback (most recent call last):
  File "/usr/local/lib/python3.12/site-packages/discord/client.py", line 465, in _run_event
    await coro(*args, **kwargs)
  File "/app/asu_discord/cogs/analytics.py", line 652, in on_member_update
    before_timeout = before.timed_out_until
                     ^^^^^^^^^^^^^^^^^^^^^^
AttributeError: 'Member' object has no attribute 'timed_out_until'
Ignoring exception in on_member_update
Traceback (most recent call last):
  File "/usr/local/lib/python3.12/site-packages/discord/client.py", line 465, in _run_event
    await coro(*args, **kwargs)
  File "/app/asu_discord/cogs/analytics.py", line 652, in on_member_update
    before_timeout = before.timed_out_until
                     ^^^^^^^^^^^^^^^^^^^^^^
AttributeError: 'Member' object has no attribute 'timed_out_until'
Ignoring exception in on_member_update
Traceback (most recent call last):
  File "/usr/local/lib/python3.12/site-packages/discord/client.py", line 465, in _run_event
    await coro(*args, **kwargs)
  File "/app/asu_discord/cogs/analytics.py", line 652, in on_member_update
    before_timeout = before.timed_out_until
                     ^^^^^^^^^^^^^^^^^^^^^^
AttributeError: 'Member' object has no attribute 'timed_out_until'
Ignoring exception in on_member_update
Traceback (most recent call last):
  File "/usr/local/lib/python3.12/site-packages/discord/client.py", line 465, in _run_event
    await coro(*args, **kwargs)
  File "/app/asu_discord/cogs/analytics.py", line 652, in on_member_update
    before_timeout = before.timed_out_until
                     ^^^^^^^^^^^^^^^^^^^^^^
AttributeError: 'Member' object has no attribute 'timed_out_until'
Ignoring exception in on_member_update
Traceback (most recent call last):
  File "/usr/local/lib/python3.12/site-packages/discord/client.py", line 465, in _run_event
    await coro(*args, **kwargs)
  File "/app/asu_discord/cogs/analytics.py", line 652, in on_member_update
    before_timeout = before.timed_out_until
                     ^^^^^^^^^^^^^^^^^^^^^^
AttributeError: 'Member' object has no attribute 'timed_out_until'
Ignoring exception in on_member_update
Traceback (most recent call last):
  File "/usr/local/lib/python3.12/site-packages/discord/client.py", line 465, in _run_event
    await coro(*args, **kwargs)
  File "/app/asu_discord/cogs/analytics.py", line 652, in on_member_update
    before_timeout = before.timed_out_until
                     ^^^^^^^^^^^^^^^^^^^^^^
AttributeError: 'Member' object has no attribute 'timed_out_until'
Ignoring exception in on_member_update
Traceback (most recent call last):
  File "/usr/local/lib/python3.12/site-packages/discord/client.py", line 465, in _run_event
    await coro(*args, **kwargs)
  File "/app/asu_discord/cogs/analytics.py", line 652, in on_member_update
    before_timeout = before.timed_out_until
                     ^^^^^^^^^^^^^^^^^^^^^^
AttributeError: 'Member' object has no attribute 'timed_out_until'
INFO:asu_discord.cogs.verification:Saved 5 roles to database for user mmehta53@asu.edu (Discord ID: 755628476433825942)
INFO:asu_discord.cogs.verification:Refreshed Salesforce roles for Discord user 755628476433825942: -5/+5 roles, assigned=[Commited, Graduate Student, International Student, Ira A. Fulton Schools of Engineering, Polytechnic]
Ignoring exception in on_member_update
Traceback (most recent call last):
  File "/usr/local/lib/python3.12/site-packages/discord/client.py", line 465, in _run_event
    await coro(*args, **kwargs)
  File "/app/asu_discord/cogs/analytics.py", line 652, in on_member_update
    before_timeout = before.timed_out_until
                     ^^^^^^^^^^^^^^^^^^^^^^
AttributeError: 'Member' object has no attribute 'timed_out_until'
Ignoring exception in on_member_update
Traceback (most recent call last):
  File "/usr/local/lib/python3.12/site-packages/discord/client.py", line 465, in _run_event
    await coro(*args, **kwargs)
  File "/app/asu_discord/cogs/analytics.py", line 652, in on_member_update
    before_timeout = before.timed_out_until
                     ^^^^^^^^^^^^^^^^^^^^^^
AttributeError: 'Member' object has no attribute 'timed_out_until'
Ignoring exception in on_member_update
Traceback (most recent call last):
  File "/usr/local/lib/python3.12/site-packages/discord/client.py", line 465, in _run_event
    await coro(*args, **kwargs)
  File "/app/asu_discord/cogs/analytics.py", line 652, in on_member_update
    before_timeout = before.timed_out_until
                     ^^^^^^^^^^^^^^^^^^^^^^
AttributeError: 'Member' object has no attribute 'timed_out_until'
Ignoring exception in on_member_update
Traceback (most recent call last):
  File "/usr/local/lib/python3.12/site-packages/discord/client.py", line 465, in _run_event
    await coro(*args, **kwargs)
  File "/app/asu_discord/cogs/analytics.py", line 652, in on_member_update
    before_timeout = before.timed_out_until
                     ^^^^^^^^^^^^^^^^^^^^^^
AttributeError: 'Member' object has no attribute 'timed_out_until'
Ignoring exception in on_member_update
Traceback (most recent call last):
  File "/usr/local/lib/python3.12/site-packages/discord/client.py", line 465, in _run_event
    await coro(*args, **kwargs)
  File "/app/asu_discord/cogs/analytics.py", line 652, in on_member_update
    before_timeout = before.timed_out_until
                     ^^^^^^^^^^^^^^^^^^^^^^
AttributeError: 'Member' object has no attribute 'timed_out_until'
Ignoring exception in on_member_update
Traceback (most recent call last):
  File "/usr/local/lib/python3.12/site-packages/discord/client.py", line 465, in _run_event
    await coro(*args, **kwargs)
  File "/app/asu_discord/cogs/analytics.py", line 652, in on_member_update
    before_timeout = before.timed_out_until
                     ^^^^^^^^^^^^^^^^^^^^^^
AttributeError: 'Member' object has no attribute 'timed_out_until'
Ignoring exception in on_member_update
Traceback (most recent call last):
  File "/usr/local/lib/python3.12/site-packages/discord/client.py", line 465, in _run_event
    await coro(*args, **kwargs)
  File "/app/asu_discord/cogs/analytics.py", line 652, in on_member_update
    before_timeout = before.timed_out_until
                     ^^^^^^^^^^^^^^^^^^^^^^
AttributeError: 'Member' object has no attribute 'timed_out_until'
Ignoring exception in on_member_update
Traceback (most recent call last):
  File "/usr/local/lib/python3.12/site-packages/discord/client.py", line 465, in _run_event
    await coro(*args, **kwargs)
  File "/app/asu_discord/cogs/analytics.py", line 652, in on_member_update
    before_timeout = before.timed_out_until
                     ^^^^^^^^^^^^^^^^^^^^^^
AttributeError: 'Member' object has no attribute 'timed_out_until'
Ignoring exception in on_member_update
Traceback (most recent call last):
  File "/usr/local/lib/python3.12/site-packages/discord/client.py", line 465, in _run_event
    await coro(*args, **kwargs)
  File "/app/asu_discord/cogs/analytics.py", line 652, in on_member_update
    before_timeout = before.timed_out_until
                     ^^^^^^^^^^^^^^^^^^^^^^
AttributeError: 'Member' object has no attribute 'timed_out_until'
Ignoring exception in on_member_update
Traceback (most recent call last):
  File "/usr/local/lib/python3.12/site-packages/discord/client.py", line 465, in _run_event
    await coro(*args, **kwargs)
  File "/app/asu_discord/cogs/analytics.py", line 652, in on_member_update
    before_timeout = before.timed_out_until
                     ^^^^^^^^^^^^^^^^^^^^^^
AttributeError: 'Member' object has no attribute 'timed_out_until'
INFO:asu_discord.cogs.verification:Saved 5 roles to database for user srsloan2@asu.edu (Discord ID: 671723347146440704)
INFO:asu_discord.cogs.verification:Refreshed Salesforce roles for Discord user 671723347146440704: -5/+5 roles, assigned=[College of Liberal Arts and Sciences, First Year, Online, Out of State, Upperclassmen]
ERROR:cron.jobs:refresh_salesforce_roles: failed for iwang123 (Discord ID 264941948119285772): Failed to refresh Salesforce-based roles: Discord user 264941948119285772 is not a member of the guild
Ignoring exception in on_member_update
Traceback (most recent call last):
  File "/usr/local/lib/python3.12/site-packages/discord/client.py", line 465, in _run_event
    await coro(*args, **kwargs)
  File "/app/asu_discord/cogs/analytics.py", line 652, in on_member_update
    before_timeout = before.timed_out_until
                     ^^^^^^^^^^^^^^^^^^^^^^
AttributeError: 'Member' object has no attribute 'timed_out_until'
Ignoring exception in on_member_update
Traceback (most recent call last):
  File "/usr/local/lib/python3.12/site-packages/discord/client.py", line 465, in _run_event
    await coro(*args, **kwargs)
  File "/app/asu_discord/cogs/analytics.py", line 652, in on_member_update
    before_timeout = before.timed_out_until
                     ^^^^^^^^^^^^^^^^^^^^^^
AttributeError: 'Member' object has no attribute 'timed_out_until'
Ignoring exception in on_member_update
Traceback (most recent call last):
  File "/usr/local/lib/python3.12/site-packages/discord/client.py", line 465, in _run_event
    await coro(*args, **kwargs)
  File "/app/asu_discord/cogs/analytics.py", line 652, in on_member_update
    before_timeout = before.timed_out_until
                     ^^^^^^^^^^^^^^^^^^^^^^
AttributeError: 'Member' object has no attribute 'timed_out_until'
Ignoring exception in on_member_update
Traceback (most recent call last):
  File "/usr/local/lib/python3.12/site-packages/discord/client.py", line 465, in _run_event
    await coro(*args, **kwargs)
  File "/app/asu_discord/cogs/analytics.py", line 652, in on_member_update
    before_timeout = before.timed_out_until
                     ^^^^^^^^^^^^^^^^^^^^^^
AttributeError: 'Member' object has no attribute 'timed_out_until'
Ignoring exception in on_member_update
Traceback (most recent call last):
  File "/usr/local/lib/python3.12/site-packages/discord/client.py", line 465, in _run_event
    await coro(*args, **kwargs)
  File "/app/asu_discord/cogs/analytics.py", line 652, in on_member_update
    before_timeout = before.timed_out_until
                     ^^^^^^^^^^^^^^^^^^^^^^
AttributeError: 'Member' object has no attribute 'timed_out_until'
Ignoring exception in on_member_update
Traceback (most recent call last):
  File "/usr/local/lib/python3.12/site-packages/discord/client.py", line 465, in _run_event
    await coro(*args, **kwargs)
  File "/app/asu_discord/cogs/analytics.py", line 652, in on_member_update
    before_timeout = before.timed_out_until
                     ^^^^^^^^^^^^^^^^^^^^^^
AttributeError: 'Member' object has no attribute 'timed_out_until'
Ignoring exception in on_member_update
Traceback (most recent call last):
  File "/usr/local/lib/python3.12/site-packages/discord/client.py", line 465, in _run_event
    await coro(*args, **kwargs)
  File "/app/asu_discord/cogs/analytics.py", line 652, in on_member_update
    before_timeout = before.timed_out_until
                     ^^^^^^^^^^^^^^^^^^^^^^
AttributeError: 'Member' object has no attribute 'timed_out_until'
Ignoring exception in on_member_update
Traceback (most recent call last):
  File "/usr/local/lib/python3.12/site-packages/discord/client.py", line 465, in _run_event
    await coro(*args, **kwargs)
  File "/app/asu_discord/cogs/analytics.py", line 652, in on_member_update
    before_timeout = before.timed_out_until
                     ^^^^^^^^^^^^^^^^^^^^^^
AttributeError: 'Member' object has no attribute 'timed_out_until'
Ignoring exception in on_member_update
Traceback (most recent call last):
  File "/usr/local/lib/python3.12/site-packages/discord/client.py", line 465, in _run_event
    await coro(*args, **kwargs)
  File "/app/asu_discord/cogs/analytics.py", line 652, in on_member_update
    before_timeout = before.timed_out_until
                     ^^^^^^^^^^^^^^^^^^^^^^
AttributeError: 'Member' object has no attribute 'timed_out_until'
Ignoring exception in on_member_update
Traceback (most recent call last):
  File "/usr/local/lib/python3.12/site-packages/discord/client.py", line 465, in _run_event
    await coro(*args, **kwargs)
  File "/app/asu_discord/cogs/analytics.py", line 652, in on_member_update
    before_timeout = before.timed_out_until
                     ^^^^^^^^^^^^^^^^^^^^^^
AttributeError: 'Member' object has no attribute 'timed_out_until'
INFO:asu_discord.cogs.verification:Saved 5 roles to database for user cjlovejo@asu.edu (Discord ID: 397642508076711937)
INFO:asu_discord.cogs.verification:Refreshed Salesforce roles for Discord user 397642508076711937: -5/+5 roles, assigned=[New College of Interdisciplinary Arts and Sciences, Online, Out of State, Transfer Student, Upperclassmen]
ERROR:cron.jobs:refresh_salesforce_roles: failed for crhode21 (Discord ID 885223748901425263): Failed to refresh Salesforce-based roles: Discord user 885223748901425263 is not a member of the guild
Ignoring exception in on_member_update
Traceback (most recent call last):
  File "/usr/local/lib/python3.12/site-packages/discord/client.py", line 465, in _run_event
    await coro(*args, **kwargs)
  File "/app/asu_discord/cogs/analytics.py", line 652, in on_member_update
    before_timeout = before.timed_out_until
                     ^^^^^^^^^^^^^^^^^^^^^^
AttributeError: 'Member' object has no attribute 'timed_out_until'
Ignoring exception in on_member_update
Traceback (most recent call last):
  File "/usr/local/lib/python3.12/site-packages/discord/client.py", line 465, in _run_event
    await coro(*args, **kwargs)
  File "/app/asu_discord/cogs/analytics.py", line 652, in on_member_update
    before_timeout = before.timed_out_until
                     ^^^^^^^^^^^^^^^^^^^^^^
AttributeError: 'Member' object has no attribute 'timed_out_until'
Ignoring exception in on_member_update
Traceback (most recent call last):
  File "/usr/local/lib/python3.12/site-packages/discord/client.py", line 465, in _run_event
    await coro(*args, **kwargs)
  File "/app/asu_discord/cogs/analytics.py", line 652, in on_member_update
    before_timeout = before.timed_out_until
                     ^^^^^^^^^^^^^^^^^^^^^^
AttributeError: 'Member' object has no attribute 'timed_out_until'
Ignoring exception in on_member_update
Traceback (most recent call last):
  File "/usr/local/lib/python3.12/site-packages/discord/client.py", line 465, in _run_event
    await coro(*args, **kwargs)
  File "/app/asu_discord/cogs/analytics.py", line 652, in on_member_update
    before_timeout = before.timed_out_until
                     ^^^^^^^^^^^^^^^^^^^^^^
AttributeError: 'Member' object has no attribute 'timed_out_until'
Ignoring exception in on_member_update
Traceback (most recent call last):
  File "/usr/local/lib/python3.12/site-packages/discord/client.py", line 465, in _run_event
    await coro(*args, **kwargs)
  File "/app/asu_discord/cogs/analytics.py", line 652, in on_member_update
    before_timeout = before.timed_out_until
                     ^^^^^^^^^^^^^^^^^^^^^^
AttributeError: 'Member' object has no attribute 'timed_out_until'
Ignoring exception in on_member_update
Traceback (most recent call last):
  File "/usr/local/lib/python3.12/site-packages/discord/client.py", line 465, in _run_event
    await coro(*args, **kwargs)
  File "/app/asu_discord/cogs/analytics.py", line 652, in on_member_update
    before_timeout = before.timed_out_until
                     ^^^^^^^^^^^^^^^^^^^^^^
AttributeError: 'Member' object has no attribute 'timed_out_until'
Ignoring exception in on_member_update
Traceback (most recent call last):
  File "/usr/local/lib/python3.12/site-packages/discord/client.py", line 465, in _run_event
    await coro(*args, **kwargs)
  File "/app/asu_discord/cogs/analytics.py", line 652, in on_member_update
    before_timeout = before.timed_out_until
                     ^^^^^^^^^^^^^^^^^^^^^^
AttributeError: 'Member' object has no attribute 'timed_out_until'
INFO:asu_discord.cogs.verification:Saved 4 roles to database for user tcronan@asu.edu (Discord ID: 993991546607259660)
INFO:asu_discord.cogs.verification:Refreshed Salesforce roles for Discord user 993991546607259660: -4/+3 roles, assigned=[First Year, Ira A. Fulton Schools of Engineering, Out of State, Polytechnic]
ERROR:cron.jobs:refresh_salesforce_roles: failed for csreeve2 (Discord ID 352649178096205825): Failed to refresh Salesforce-based roles: Discord user 352649178096205825 is not a member of the guild
ERROR:cron.jobs:refresh_salesforce_roles: failed for ibadja (Discord ID 1326415964425949205): Failed to refresh Salesforce-based roles: Discord user 1326415964425949205 is not a member of the guild
ERROR:cron.jobs:refresh_salesforce_roles: failed for akbake10 (Discord ID 562074489169379346): Failed to refresh Salesforce-based roles: Discord user 562074489169379346 is not a member of the guild
Ignoring exception in on_member_update
Traceback (most recent call last):
  File "/usr/local/lib/python3.12/site-packages/discord/client.py", line 465, in _run_event
    await coro(*args, **kwargs)
  File "/app/asu_discord/cogs/analytics.py", line 652, in on_member_update
    before_timeout = before.timed_out_until
                     ^^^^^^^^^^^^^^^^^^^^^^
AttributeError: 'Member' object has no attribute 'timed_out_until'
Ignoring exception in on_member_update
Traceback (most recent call last):
  File "/usr/local/lib/python3.12/site-packages/discord/client.py", line 465, in _run_event
    await coro(*args, **kwargs)
  File "/app/asu_discord/cogs/analytics.py", line 652, in on_member_update
    before_timeout = before.timed_out_until
                     ^^^^^^^^^^^^^^^^^^^^^^
AttributeError: 'Member' object has no attribute 'timed_out_until'
Ignoring exception in on_member_update
Traceback (most recent call last):
  File "/usr/local/lib/python3.12/site-packages/discord/client.py", line 465, in _run_event
    await coro(*args, **kwargs)
  File "/app/asu_discord/cogs/analytics.py", line 652, in on_member_update
    before_timeout = before.timed_out_until
                     ^^^^^^^^^^^^^^^^^^^^^^
AttributeError: 'Member' object has no attribute 'timed_out_until'
Ignoring exception in on_member_update
Traceback (most recent call last):
  File "/usr/local/lib/python3.12/site-packages/discord/client.py", line 465, in _run_event
    await coro(*args, **kwargs)
  File "/app/asu_discord/cogs/analytics.py", line 652, in on_member_update
    before_timeout = before.timed_out_until
                     ^^^^^^^^^^^^^^^^^^^^^^
AttributeError: 'Member' object has no attribute 'timed_out_until'
Ignoring exception in on_member_update
Traceback (most recent call last):
  File "/usr/local/lib/python3.12/site-packages/discord/client.py", line 465, in _run_event
    await coro(*args, **kwargs)
  File "/app/asu_discord/cogs/analytics.py", line 652, in on_member_update
    before_timeout = before.timed_out_until
                     ^^^^^^^^^^^^^^^^^^^^^^
AttributeError: 'Member' object has no attribute 'timed_out_until'
Ignoring exception in on_member_update
Traceback (most recent call last):
  File "/usr/local/lib/python3.12/site-packages/discord/client.py", line 465, in _run_event
    await coro(*args, **kwargs)
  File "/app/asu_discord/cogs/analytics.py", line 652, in on_member_update
    before_timeout = before.timed_out_until
                     ^^^^^^^^^^^^^^^^^^^^^^
AttributeError: 'Member' object has no attribute 'timed_out_until'
Ignoring exception in on_member_update
Traceback (most recent call last):
  File "/usr/local/lib/python3.12/site-packages/discord/client.py", line 465, in _run_event
    await coro(*args, **kwargs)
  File "/app/asu_discord/cogs/analytics.py", line 652, in on_member_update
    before_timeout = before.timed_out_until
                     ^^^^^^^^^^^^^^^^^^^^^^
AttributeError: 'Member' object has no attribute 'timed_out_until'
Ignoring exception in on_member_update
Traceback (most recent call last):
  File "/usr/local/lib/python3.12/site-packages/discord/client.py", line 465, in _run_event
    await coro(*args, **kwargs)
  File "/app/asu_discord/cogs/analytics.py", line 652, in on_member_update
    before_timeout = before.timed_out_until
                     ^^^^^^^^^^^^^^^^^^^^^^
AttributeError: 'Member' object has no attribute 'timed_out_until'
Ignoring exception in on_member_update
Traceback (most recent call last):
  File "/usr/local/lib/python3.12/site-packages/discord/client.py", line 465, in _run_event
    await coro(*args, **kwargs)
  File "/app/asu_discord/cogs/analytics.py", line 652, in on_member_update
    before_timeout = before.timed_out_until
                     ^^^^^^^^^^^^^^^^^^^^^^
AttributeError: 'Member' object has no attribute 'timed_out_until'
Ignoring exception in on_member_update
Traceback (most recent call last):
  File "/usr/local/lib/python3.12/site-packages/discord/client.py", line 465, in _run_event
    await coro(*args, **kwargs)
  File "/app/asu_discord/cogs/analytics.py", line 652, in on_member_update
    before_timeout = before.timed_out_until
                     ^^^^^^^^^^^^^^^^^^^^^^
AttributeError: 'Member' object has no attribute 'timed_out_until'
INFO:asu_discord.cogs.verification:Saved 5 roles to database for user aeholcom@asu.edu (Discord ID: 1247718399241617439)
INFO:asu_discord.cogs.verification:Refreshed Salesforce roles for Discord user 1247718399241617439: -5/+5 roles, assigned=[Commited, First Year, Ira A. Fulton Schools of Engineering, Out of State, Tempe]
Ignoring exception in on_member_update
Traceback (most recent call last):
  File "/usr/local/lib/python3.12/site-packages/discord/client.py", line 465, in _run_event
    await coro(*args, **kwargs)
  File "/app/asu_discord/cogs/analytics.py", line 652, in on_member_update
    before_timeout = before.timed_out_until
                     ^^^^^^^^^^^^^^^^^^^^^^
AttributeError: 'Member' object has no attribute 'timed_out_until'
Ignoring exception in on_member_update
Traceback (most recent call last):
  File "/usr/local/lib/python3.12/site-packages/discord/client.py", line 465, in _run_event
    await coro(*args, **kwargs)
  File "/app/asu_discord/cogs/analytics.py", line 652, in on_member_update
    before_timeout = before.timed_out_until
                     ^^^^^^^^^^^^^^^^^^^^^^
AttributeError: 'Member' object has no attribute 'timed_out_until'
Ignoring exception in on_member_update
Traceback (most recent call last):
  File "/usr/local/lib/python3.12/site-packages/discord/client.py", line 465, in _run_event
    await coro(*args, **kwargs)
  File "/app/asu_discord/cogs/analytics.py", line 652, in on_member_update
    before_timeout = before.timed_out_until
                     ^^^^^^^^^^^^^^^^^^^^^^
AttributeError: 'Member' object has no attribute 'timed_out_until'
Ignoring exception in on_member_update
Traceback (most recent call last):
  File "/usr/local/lib/python3.12/site-packages/discord/client.py", line 465, in _run_event
    await coro(*args, **kwargs)
  File "/app/asu_discord/cogs/analytics.py", line 652, in on_member_update
    before_timeout = before.timed_out_until
                     ^^^^^^^^^^^^^^^^^^^^^^
AttributeError: 'Member' object has no attribute 'timed_out_until'
Ignoring exception in on_member_update
Traceback (most recent call last):
  File "/usr/local/lib/python3.12/site-packages/discord/client.py", line 465, in _run_event
    await coro(*args, **kwargs)
  File "/app/asu_discord/cogs/analytics.py", line 652, in on_member_update
    before_timeout = before.timed_out_until
                     ^^^^^^^^^^^^^^^^^^^^^^
AttributeError: 'Member' object has no attribute 'timed_out_until'
Ignoring exception in on_member_update
Traceback (most recent call last):
  File "/usr/local/lib/python3.12/site-packages/discord/client.py", line 465, in _run_event
    await coro(*args, **kwargs)
  File "/app/asu_discord/cogs/analytics.py", line 652, in on_member_update
    before_timeout = before.timed_out_until
                     ^^^^^^^^^^^^^^^^^^^^^^
AttributeError: 'Member' object has no attribute 'timed_out_until'
Ignoring exception in on_member_update
Traceback (most recent call last):
  File "/usr/local/lib/python3.12/site-packages/discord/client.py", line 465, in _run_event
    await coro(*args, **kwargs)
  File "/app/asu_discord/cogs/analytics.py", line 652, in on_member_update
    before_timeout = before.timed_out_until
                     ^^^^^^^^^^^^^^^^^^^^^^
AttributeError: 'Member' object has no attribute 'timed_out_until'
Ignoring exception in on_member_update
Traceback (most recent call last):
  File "/usr/local/lib/python3.12/site-packages/discord/client.py", line 465, in _run_event
    await coro(*args, **kwargs)
  File "/app/asu_discord/cogs/analytics.py", line 652, in on_member_update
    before_timeout = before.timed_out_until
                     ^^^^^^^^^^^^^^^^^^^^^^
AttributeError: 'Member' object has no attribute 'timed_out_until'
Ignoring exception in on_member_update
Traceback (most recent call last):
  File "/usr/local/lib/python3.12/site-packages/discord/client.py", line 465, in _run_event
    await coro(*args, **kwargs)
  File "/app/asu_discord/cogs/analytics.py", line 652, in on_member_update
    before_timeout = before.timed_out_until
                     ^^^^^^^^^^^^^^^^^^^^^^
AttributeError: 'Member' object has no attribute 'timed_out_until'
Ignoring exception in on_member_update
Traceback (most recent call last):
  File "/usr/local/lib/python3.12/site-packages/discord/client.py", line 465, in _run_event
    await coro(*args, **kwargs)
  File "/app/asu_discord/cogs/analytics.py", line 652, in on_member_update
    before_timeout = before.timed_out_until
                     ^^^^^^^^^^^^^^^^^^^^^^
AttributeError: 'Member' object has no attribute 'timed_out_until'
INFO:asu_discord.cogs.verification:Saved 5 roles to database for user kleeman@asu.edu (Discord ID: 1030267389604024351)
INFO:asu_discord.cogs.verification:Refreshed Salesforce roles for Discord user 1030267389604024351: -5/+5 roles, assigned=[Arizona Resident, College of Liberal Arts and Sciences, Commited, First Year, Tempe]
ERROR:cron.jobs:refresh_salesforce_roles: failed for npatha (Discord ID 747120250448904252): Failed to refresh Salesforce-based roles: Discord user 747120250448904252 is not a member of the guild
ERROR:cron.jobs:refresh_salesforce_roles: failed for utuavao (Discord ID 1284013083810856994): Failed to refresh Salesforce-based roles: Discord user 1284013083810856994 is not a member of the guild
Ignoring exception in on_member_update
Traceback (most recent call last):
  File "/usr/local/lib/python3.12/site-packages/discord/client.py", line 465, in _run_event
    await coro(*args, **kwargs)
  File "/app/asu_discord/cogs/analytics.py", line 652, in on_member_update
    before_timeout = before.timed_out_until
                     ^^^^^^^^^^^^^^^^^^^^^^
AttributeError: 'Member' object has no attribute 'timed_out_until'
Ignoring exception in on_member_update
Traceback (most recent call last):
  File "/usr/local/lib/python3.12/site-packages/discord/client.py", line 465, in _run_event
    await coro(*args, **kwargs)
  File "/app/asu_discord/cogs/analytics.py", line 652, in on_member_update
    before_timeout = before.timed_out_until
                     ^^^^^^^^^^^^^^^^^^^^^^
AttributeError: 'Member' object has no attribute 'timed_out_until'
Ignoring exception in on_member_update
Traceback (most recent call last):
  File "/usr/local/lib/python3.12/site-packages/discord/client.py", line 465, in _run_event
    await coro(*args, **kwargs)
  File "/app/asu_discord/cogs/analytics.py", line 652, in on_member_update
    before_timeout = before.timed_out_until
                     ^^^^^^^^^^^^^^^^^^^^^^
AttributeError: 'Member' object has no attribute 'timed_out_until'
Ignoring exception in on_member_update
Traceback (most recent call last):
  File "/usr/local/lib/python3.12/site-packages/discord/client.py", line 465, in _run_event
    await coro(*args, **kwargs)
  File "/app/asu_discord/cogs/analytics.py", line 652, in on_member_update
    before_timeout = before.timed_out_until
                     ^^^^^^^^^^^^^^^^^^^^^^
AttributeError: 'Member' object has no attribute 'timed_out_until'
Ignoring exception in on_member_update
Traceback (most recent call last):
  File "/usr/local/lib/python3.12/site-packages/discord/client.py", line 465, in _run_event
    await coro(*args, **kwargs)
  File "/app/asu_discord/cogs/analytics.py", line 652, in on_member_update
    before_timeout = before.timed_out_until
                     ^^^^^^^^^^^^^^^^^^^^^^
AttributeError: 'Member' object has no attribute 'timed_out_until'
Ignoring exception in on_member_update
Traceback (most recent call last):
  File "/usr/local/lib/python3.12/site-packages/discord/client.py", line 465, in _run_event
    await coro(*args, **kwargs)
  File "/app/asu_discord/cogs/analytics.py", line 652, in on_member_update
    before_timeout = before.timed_out_until
                     ^^^^^^^^^^^^^^^^^^^^^^
AttributeError: 'Member' object has no attribute 'timed_out_until'
Ignoring exception in on_member_update
Traceback (most recent call last):
  File "/usr/local/lib/python3.12/site-packages/discord/client.py", line 465, in _run_event
    await coro(*args, **kwargs)
  File "/app/asu_discord/cogs/analytics.py", line 652, in on_member_update
    before_timeout = before.timed_out_until
                     ^^^^^^^^^^^^^^^^^^^^^^
AttributeError: 'Member' object has no attribute 'timed_out_until'
Ignoring exception in on_member_update
Traceback (most recent call last):
  File "/usr/local/lib/python3.12/site-packages/discord/client.py", line 465, in _run_event
    await coro(*args, **kwargs)
  File "/app/asu_discord/cogs/analytics.py", line 652, in on_member_update
    before_timeout = before.timed_out_until
                     ^^^^^^^^^^^^^^^^^^^^^^
AttributeError: 'Member' object has no attribute 'timed_out_until'
Ignoring exception in on_member_update
Traceback (most recent call last):
  File "/usr/local/lib/python3.12/site-packages/discord/client.py", line 465, in _run_event
    await coro(*args, **kwargs)
  File "/app/asu_discord/cogs/analytics.py", line 652, in on_member_update
    before_timeout = before.timed_out_until
                     ^^^^^^^^^^^^^^^^^^^^^^
AttributeError: 'Member' object has no attribute 'timed_out_until'
Ignoring exception in on_member_update
Traceback (most recent call last):
  File "/usr/local/lib/python3.12/site-packages/discord/client.py", line 465, in _run_event
    await coro(*args, **kwargs)
  File "/app/asu_discord/cogs/analytics.py", line 652, in on_member_update
    before_timeout = before.timed_out_until
                     ^^^^^^^^^^^^^^^^^^^^^^
AttributeError: 'Member' object has no attribute 'timed_out_until'
INFO:asu_discord.cogs.verification:Saved 5 roles to database for user fbarfiel@asu.edu (Discord ID: 222488637458087936)
INFO:asu_discord.cogs.verification:Refreshed Salesforce roles for Discord user 222488637458087936: -5/+5 roles, assigned=[Arizona Resident, College of Liberal Arts and Sciences, Online, Transfer Student, Upperclassmen]
ERROR:cron.jobs:refresh_salesforce_roles: failed for bsande35 (Discord ID 575181942119465000): Failed to refresh Salesforce-based roles: Discord user 575181942119465000 is not a member of the guild
Ignoring exception in on_member_update
Traceback (most recent call last):
  File "/usr/local/lib/python3.12/site-packages/discord/client.py", line 465, in _run_event
    await coro(*args, **kwargs)
  File "/app/asu_discord/cogs/analytics.py", line 652, in on_member_update
    before_timeout = before.timed_out_until
                     ^^^^^^^^^^^^^^^^^^^^^^
AttributeError: 'Member' object has no attribute 'timed_out_until'
Ignoring exception in on_member_update
Traceback (most recent call last):
  File "/usr/local/lib/python3.12/site-packages/discord/client.py", line 465, in _run_event
    await coro(*args, **kwargs)
  File "/app/asu_discord/cogs/analytics.py", line 652, in on_member_update
    before_timeout = before.timed_out_until
                     ^^^^^^^^^^^^^^^^^^^^^^
AttributeError: 'Member' object has no attribute 'timed_out_until'
Ignoring exception in on_member_update
Traceback (most recent call last):
  File "/usr/local/lib/python3.12/site-packages/discord/client.py", line 465, in _run_event
    await coro(*args, **kwargs)
  File "/app/asu_discord/cogs/analytics.py", line 652, in on_member_update
    before_timeout = before.timed_out_until
                     ^^^^^^^^^^^^^^^^^^^^^^
AttributeError: 'Member' object has no attribute 'timed_out_until'
Ignoring exception in on_member_update
Traceback (most recent call last):
  File "/usr/local/lib/python3.12/site-packages/discord/client.py", line 465, in _run_event
    await coro(*args, **kwargs)
  File "/app/asu_discord/cogs/analytics.py", line 652, in on_member_update
    before_timeout = before.timed_out_until
                     ^^^^^^^^^^^^^^^^^^^^^^
AttributeError: 'Member' object has no attribute 'timed_out_until'
Ignoring exception in on_member_update
Traceback (most recent call last):
  File "/usr/local/lib/python3.12/site-packages/discord/client.py", line 465, in _run_event
    await coro(*args, **kwargs)
  File "/app/asu_discord/cogs/analytics.py", line 652, in on_member_update
    before_timeout = before.timed_out_until
                     ^^^^^^^^^^^^^^^^^^^^^^
AttributeError: 'Member' object has no attribute 'timed_out_until'
Ignoring exception in on_member_update
Traceback (most recent call last):
  File "/usr/local/lib/python3.12/site-packages/discord/client.py", line 465, in _run_event
    await coro(*args, **kwargs)
  File "/app/asu_discord/cogs/analytics.py", line 652, in on_member_update
    before_timeout = before.timed_out_until
                     ^^^^^^^^^^^^^^^^^^^^^^
AttributeError: 'Member' object has no attribute 'timed_out_until'
Ignoring exception in on_member_update
Traceback (most recent call last):
  File "/usr/local/lib/python3.12/site-packages/discord/client.py", line 465, in _run_event
    await coro(*args, **kwargs)
  File "/app/asu_discord/cogs/analytics.py", line 652, in on_member_update
    before_timeout = before.timed_out_until
                     ^^^^^^^^^^^^^^^^^^^^^^
AttributeError: 'Member' object has no attribute 'timed_out_until'
Ignoring exception in on_member_update
Traceback (most recent call last):
  File "/usr/local/lib/python3.12/site-packages/discord/client.py", line 465, in _run_event
    await coro(*args, **kwargs)
  File "/app/asu_discord/cogs/analytics.py", line 652, in on_member_update
    before_timeout = before.timed_out_until
                     ^^^^^^^^^^^^^^^^^^^^^^
AttributeError: 'Member' object has no attribute 'timed_out_until'
Ignoring exception in on_member_update
Traceback (most recent call last):
  File "/usr/local/lib/python3.12/site-packages/discord/client.py", line 465, in _run_event
    await coro(*args, **kwargs)
  File "/app/asu_discord/cogs/analytics.py", line 652, in on_member_update
    before_timeout = before.timed_out_until
                     ^^^^^^^^^^^^^^^^^^^^^^
AttributeError: 'Member' object has no attribute 'timed_out_until'
Ignoring exception in on_member_update
Traceback (most recent call last):
  File "/usr/local/lib/python3.12/site-packages/discord/client.py", line 465, in _run_event
    await coro(*args, **kwargs)
  File "/app/asu_discord/cogs/analytics.py", line 652, in on_member_update
    before_timeout = before.timed_out_until
                     ^^^^^^^^^^^^^^^^^^^^^^
AttributeError: 'Member' object has no attribute 'timed_out_until'
INFO:asu_discord.cogs.verification:Saved 6 roles to database for user hoangavo@asu.edu (Discord ID: 733823530856218716)
INFO:asu_discord.cogs.verification:Refreshed Salesforce roles for Discord user 733823530856218716: -4/+6 roles, assigned=[Arizona Resident, College of Health Solutions, Commited, Downtown Phoenix, First Generation Student, First Year]
Ignoring exception in on_member_update
Traceback (most recent call last):
  File "/usr/local/lib/python3.12/site-packages/discord/client.py", line 465, in _run_event
    await coro(*args, **kwargs)
  File "/app/asu_discord/cogs/analytics.py", line 652, in on_member_update
    before_timeout = before.timed_out_until
                     ^^^^^^^^^^^^^^^^^^^^^^
AttributeError: 'Member' object has no attribute 'timed_out_until'
Ignoring exception in on_member_update
Traceback (most recent call last):
  File "/usr/local/lib/python3.12/site-packages/discord/client.py", line 465, in _run_event
    await coro(*args, **kwargs)
  File "/app/asu_discord/cogs/analytics.py", line 652, in on_member_update
    before_timeout = before.timed_out_until
                     ^^^^^^^^^^^^^^^^^^^^^^
AttributeError: 'Member' object has no attribute 'timed_out_until'
Ignoring exception in on_member_update
Traceback (most recent call last):
  File "/usr/local/lib/python3.12/site-packages/discord/client.py", line 465, in _run_event
    await coro(*args, **kwargs)
  File "/app/asu_discord/cogs/analytics.py", line 652, in on_member_update
    before_timeout = before.timed_out_until
                     ^^^^^^^^^^^^^^^^^^^^^^
AttributeError: 'Member' object has no attribute 'timed_out_until'
Ignoring exception in on_member_update
Traceback (most recent call last):
  File "/usr/local/lib/python3.12/site-packages/discord/client.py", line 465, in _run_event
    await coro(*args, **kwargs)
  File "/app/asu_discord/cogs/analytics.py", line 652, in on_member_update
    before_timeout = before.timed_out_until
                     ^^^^^^^^^^^^^^^^^^^^^^
AttributeError: 'Member' object has no attribute 'timed_out_until'
Ignoring exception in on_member_update
Traceback (most recent call last):
  File "/usr/local/lib/python3.12/site-packages/discord/client.py", line 465, in _run_event
    await coro(*args, **kwargs)
  File "/app/asu_discord/cogs/analytics.py", line 652, in on_member_update
    before_timeout = before.timed_out_until
                     ^^^^^^^^^^^^^^^^^^^^^^
AttributeError: 'Member' object has no attribute 'timed_out_until'
Ignoring exception in on_member_update
Traceback (most recent call last):
  File "/usr/local/lib/python3.12/site-packages/discord/client.py", line 465, in _run_event
    await coro(*args, **kwargs)
  File "/app/asu_discord/cogs/analytics.py", line 652, in on_member_update
    before_timeout = before.timed_out_until
                     ^^^^^^^^^^^^^^^^^^^^^^
AttributeError: 'Member' object has no attribute 'timed_out_until'
Ignoring exception in on_member_update
Traceback (most recent call last):
  File "/usr/local/lib/python3.12/site-packages/discord/client.py", line 465, in _run_event
    await coro(*args, **kwargs)
  File "/app/asu_discord/cogs/analytics.py", line 652, in on_member_update
    before_timeout = before.timed_out_until
                     ^^^^^^^^^^^^^^^^^^^^^^
AttributeError: 'Member' object has no attribute 'timed_out_until'
Ignoring exception in on_member_update
Traceback (most recent call last):
  File "/usr/local/lib/python3.12/site-packages/discord/client.py", line 465, in _run_event
    await coro(*args, **kwargs)
  File "/app/asu_discord/cogs/analytics.py", line 652, in on_member_update
    before_timeout = before.timed_out_until
                     ^^^^^^^^^^^^^^^^^^^^^^
AttributeError: 'Member' object has no attribute 'timed_out_until'
Ignoring exception in on_member_update
Traceback (most recent call last):
  File "/usr/local/lib/python3.12/site-packages/discord/client.py", line 465, in _run_event
    await coro(*args, **kwargs)
  File "/app/asu_discord/cogs/analytics.py", line 652, in on_member_update
    before_timeout = before.timed_out_until
                     ^^^^^^^^^^^^^^^^^^^^^^
AttributeError: 'Member' object has no attribute 'timed_out_until'
Ignoring exception in on_member_update
Traceback (most recent call last):
  File "/usr/local/lib/python3.12/site-packages/discord/client.py", line 465, in _run_event
    await coro(*args, **kwargs)
  File "/app/asu_discord/cogs/analytics.py", line 652, in on_member_update
    before_timeout = before.timed_out_until
                     ^^^^^^^^^^^^^^^^^^^^^^
AttributeError: 'Member' object has no attribute 'timed_out_until'
INFO:asu_discord.cogs.verification:Saved 5 roles to database for user slandre7@asu.edu (Discord ID: 1366852568306679840)
INFO:asu_discord.cogs.verification:Refreshed Salesforce roles for Discord user 1366852568306679840: -5/+5 roles, assigned=[Arizona Resident, College of Integrative Sciences and Arts, Commited, First Year, Polytechnic]
Ignoring exception in on_member_update
Traceback (most recent call last):
  File "/usr/local/lib/python3.12/site-packages/discord/client.py", line 465, in _run_event
    await coro(*args, **kwargs)
  File "/app/asu_discord/cogs/analytics.py", line 652, in on_member_update
    before_timeout = before.timed_out_until
                     ^^^^^^^^^^^^^^^^^^^^^^
AttributeError: 'Member' object has no attribute 'timed_out_until'
Ignoring exception in on_member_update
Traceback (most recent call last):
  File "/usr/local/lib/python3.12/site-packages/discord/client.py", line 465, in _run_event
    await coro(*args, **kwargs)
  File "/app/asu_discord/cogs/analytics.py", line 652, in on_member_update
    before_timeout = before.timed_out_until
                     ^^^^^^^^^^^^^^^^^^^^^^
AttributeError: 'Member' object has no attribute 'timed_out_until'
Ignoring exception in on_member_update
Traceback (most recent call last):
  File "/usr/local/lib/python3.12/site-packages/discord/client.py", line 465, in _run_event
    await coro(*args, **kwargs)
  File "/app/asu_discord/cogs/analytics.py", line 652, in on_member_update
    before_timeout = before.timed_out_until
                     ^^^^^^^^^^^^^^^^^^^^^^
AttributeError: 'Member' object has no attribute 'timed_out_until'
Ignoring exception in on_member_update
Traceback (most recent call last):
  File "/usr/local/lib/python3.12/site-packages/discord/client.py", line 465, in _run_event
    await coro(*args, **kwargs)
  File "/app/asu_discord/cogs/analytics.py", line 652, in on_member_update
    before_timeout = before.timed_out_until
                     ^^^^^^^^^^^^^^^^^^^^^^
AttributeError: 'Member' object has no attribute 'timed_out_until'
Ignoring exception in on_member_update
Traceback (most recent call last):
  File "/usr/local/lib/python3.12/site-packages/discord/client.py", line 465, in _run_event
    await coro(*args, **kwargs)
  File "/app/asu_discord/cogs/analytics.py", line 652, in on_member_update
    before_timeout = before.timed_out_until
                     ^^^^^^^^^^^^^^^^^^^^^^
AttributeError: 'Member' object has no attribute 'timed_out_until'
Ignoring exception in on_member_update
Traceback (most recent call last):
  File "/usr/local/lib/python3.12/site-packages/discord/client.py", line 465, in _run_event
    await coro(*args, **kwargs)
  File "/app/asu_discord/cogs/analytics.py", line 652, in on_member_update
    before_timeout = before.timed_out_until
                     ^^^^^^^^^^^^^^^^^^^^^^
AttributeError: 'Member' object has no attribute 'timed_out_until'
Ignoring exception in on_member_update
Traceback (most recent call last):
  File "/usr/local/lib/python3.12/site-packages/discord/client.py", line 465, in _run_event
    await coro(*args, **kwargs)
  File "/app/asu_discord/cogs/analytics.py", line 652, in on_member_update
    before_timeout = before.timed_out_until
                     ^^^^^^^^^^^^^^^^^^^^^^
AttributeError: 'Member' object has no attribute 'timed_out_until'
INFO:asu_discord.cogs.verification:Saved 4 roles to database for user bgsharp@asu.edu (Discord ID: 837473069215645718)
INFO:asu_discord.cogs.verification:Refreshed Salesforce roles for Discord user 837473069215645718: -4/+3 roles, assigned=[Arizona Resident, First Year, Tempe, W.P. Carey School of Business]
Ignoring exception in on_member_update
Traceback (most recent call last):
  File "/usr/local/lib/python3.12/site-packages/discord/client.py", line 465, in _run_event
    await coro(*args, **kwargs)
  File "/app/asu_discord/cogs/analytics.py", line 652, in on_member_update
    before_timeout = before.timed_out_until
                     ^^^^^^^^^^^^^^^^^^^^^^
AttributeError: 'Member' object has no attribute 'timed_out_until'
Ignoring exception in on_member_update
Traceback (most recent call last):
  File "/usr/local/lib/python3.12/site-packages/discord/client.py", line 465, in _run_event
    await coro(*args, **kwargs)
  File "/app/asu_discord/cogs/analytics.py", line 652, in on_member_update
    before_timeout = before.timed_out_until
                     ^^^^^^^^^^^^^^^^^^^^^^
AttributeError: 'Member' object has no attribute 'timed_out_until'
Ignoring exception in on_member_update
Traceback (most recent call last):
  File "/usr/local/lib/python3.12/site-packages/discord/client.py", line 465, in _run_event
    await coro(*args, **kwargs)
  File "/app/asu_discord/cogs/analytics.py", line 652, in on_member_update
    before_timeout = before.timed_out_until
                     ^^^^^^^^^^^^^^^^^^^^^^
AttributeError: 'Member' object has no attribute 'timed_out_until'
Ignoring exception in on_member_update
Traceback (most recent call last):
  File "/usr/local/lib/python3.12/site-packages/discord/client.py", line 465, in _run_event
    await coro(*args, **kwargs)
  File "/app/asu_discord/cogs/analytics.py", line 652, in on_member_update
    before_timeout = before.timed_out_until
                     ^^^^^^^^^^^^^^^^^^^^^^
AttributeError: 'Member' object has no attribute 'timed_out_until'
Ignoring exception in on_member_update
Traceback (most recent call last):
  File "/usr/local/lib/python3.12/site-packages/discord/client.py", line 465, in _run_event
    await coro(*args, **kwargs)
  File "/app/asu_discord/cogs/analytics.py", line 652, in on_member_update
    before_timeout = before.timed_out_until
                     ^^^^^^^^^^^^^^^^^^^^^^
AttributeError: 'Member' object has no attribute 'timed_out_until'
Ignoring exception in on_member_update
Traceback (most recent call last):
  File "/usr/local/lib/python3.12/site-packages/discord/client.py", line 465, in _run_event
    await coro(*args, **kwargs)
  File "/app/asu_discord/cogs/analytics.py", line 652, in on_member_update
    before_timeout = before.timed_out_until
                     ^^^^^^^^^^^^^^^^^^^^^^
AttributeError: 'Member' object has no attribute 'timed_out_until'
Ignoring exception in on_member_update
Traceback (most recent call last):
  File "/usr/local/lib/python3.12/site-packages/discord/client.py", line 465, in _run_event
    await coro(*args, **kwargs)
  File "/app/asu_discord/cogs/analytics.py", line 652, in on_member_update
    before_timeout = before.timed_out_until
                     ^^^^^^^^^^^^^^^^^^^^^^
AttributeError: 'Member' object has no attribute 'timed_out_until'
Ignoring exception in on_member_update
Traceback (most recent call last):
  File "/usr/local/lib/python3.12/site-packages/discord/client.py", line 465, in _run_event
    await coro(*args, **kwargs)
  File "/app/asu_discord/cogs/analytics.py", line 652, in on_member_update
    before_timeout = before.timed_out_until
                     ^^^^^^^^^^^^^^^^^^^^^^
AttributeError: 'Member' object has no attribute 'timed_out_until'
Ignoring exception in on_member_update
Traceback (most recent call last):
  File "/usr/local/lib/python3.12/site-packages/discord/client.py", line 465, in _run_event
    await coro(*args, **kwargs)
  File "/app/asu_discord/cogs/analytics.py", line 652, in on_member_update
    before_timeout = before.timed_out_until
                     ^^^^^^^^^^^^^^^^^^^^^^
AttributeError: 'Member' object has no attribute 'timed_out_until'
Ignoring exception in on_member_update
Traceback (most recent call last):
  File "/usr/local/lib/python3.12/site-packages/discord/client.py", line 465, in _run_event
    await coro(*args, **kwargs)
  File "/app/asu_discord/cogs/analytics.py", line 652, in on_member_update
    before_timeout = before.timed_out_until
                     ^^^^^^^^^^^^^^^^^^^^^^
AttributeError: 'Member' object has no attribute 'timed_out_until'
Ignoring exception in on_member_update
Traceback (most recent call last):
  File "/usr/local/lib/python3.12/site-packages/discord/client.py", line 465, in _run_event
    await coro(*args, **kwargs)
  File "/app/asu_discord/cogs/analytics.py", line 652, in on_member_update
    before_timeout = before.timed_out_until
                     ^^^^^^^^^^^^^^^^^^^^^^
AttributeError: 'Member' object has no attribute 'timed_out_until'
Ignoring exception in on_member_update
Traceback (most recent call last):
  File "/usr/local/lib/python3.12/site-packages/discord/client.py", line 465, in _run_event
    await coro(*args, **kwargs)
  File "/app/asu_discord/cogs/analytics.py", line 652, in on_member_update
    before_timeout = before.timed_out_until
                     ^^^^^^^^^^^^^^^^^^^^^^
AttributeError: 'Member' object has no attribute 'timed_out_until'
INFO:asu_discord.cogs.verification:Saved 5 roles to database for user hmstegma@asu.edu (Discord ID: 1430781283939778626)
INFO:asu_discord.cogs.verification:Refreshed Salesforce roles for Discord user 1430781283939778626: -5/+5 roles, assigned=[College of Integrative Sciences and Arts, Commited, First Year, Out of State, Polytechnic]
ERROR:cron.jobs:refresh_salesforce_roles: failed for dtrobbin (Discord ID 416357546375380993): Failed to refresh Salesforce-based roles: Discord user 416357546375380993 is not a member of the guild
Ignoring exception in on_member_update
Traceback (most recent call last):
  File "/usr/local/lib/python3.12/site-packages/discord/client.py", line 465, in _run_event
    await coro(*args, **kwargs)
  File "/app/asu_discord/cogs/analytics.py", line 652, in on_member_update
    before_timeout = before.timed_out_until
                     ^^^^^^^^^^^^^^^^^^^^^^
AttributeError: 'Member' object has no attribute 'timed_out_until'
Ignoring exception in on_member_update
Traceback (most recent call last):
  File "/usr/local/lib/python3.12/site-packages/discord/client.py", line 465, in _run_event
    await coro(*args, **kwargs)
  File "/app/asu_discord/cogs/analytics.py", line 652, in on_member_update
    before_timeout = before.timed_out_until
                     ^^^^^^^^^^^^^^^^^^^^^^
AttributeError: 'Member' object has no attribute 'timed_out_until'
Ignoring exception in on_member_update
Traceback (most recent call last):
  File "/usr/local/lib/python3.12/site-packages/discord/client.py", line 465, in _run_event
    await coro(*args, **kwargs)
  File "/app/asu_discord/cogs/analytics.py", line 652, in on_member_update
    before_timeout = before.timed_out_until
                     ^^^^^^^^^^^^^^^^^^^^^^
AttributeError: 'Member' object has no attribute 'timed_out_until'
Ignoring exception in on_member_update
Traceback (most recent call last):
  File "/usr/local/lib/python3.12/site-packages/discord/client.py", line 465, in _run_event
    await coro(*args, **kwargs)
  File "/app/asu_discord/cogs/analytics.py", line 652, in on_member_update
    before_timeout = before.timed_out_until
                     ^^^^^^^^^^^^^^^^^^^^^^
AttributeError: 'Member' object has no attribute 'timed_out_until'
Ignoring exception in on_member_update
Traceback (most recent call last):
  File "/usr/local/lib/python3.12/site-packages/discord/client.py", line 465, in _run_event
    await coro(*args, **kwargs)
  File "/app/asu_discord/cogs/analytics.py", line 652, in on_member_update
    before_timeout = before.timed_out_until
                     ^^^^^^^^^^^^^^^^^^^^^^
AttributeError: 'Member' object has no attribute 'timed_out_until'
Ignoring exception in on_member_update
Traceback (most recent call last):
  File "/usr/local/lib/python3.12/site-packages/discord/client.py", line 465, in _run_event
    await coro(*args, **kwargs)
  File "/app/asu_discord/cogs/analytics.py", line 652, in on_member_update
    before_timeout = before.timed_out_until
                     ^^^^^^^^^^^^^^^^^^^^^^
AttributeError: 'Member' object has no attribute 'timed_out_until'
Ignoring exception in on_member_update
Traceback (most recent call last):
  File "/usr/local/lib/python3.12/site-packages/discord/client.py", line 465, in _run_event
    await coro(*args, **kwargs)
  File "/app/asu_discord/cogs/analytics.py", line 652, in on_member_update
    before_timeout = before.timed_out_until
                     ^^^^^^^^^^^^^^^^^^^^^^
AttributeError: 'Member' object has no attribute 'timed_out_until'
Ignoring exception in on_member_update
Traceback (most recent call last):
  File "/usr/local/lib/python3.12/site-packages/discord/client.py", line 465, in _run_event
    await coro(*args, **kwargs)
  File "/app/asu_discord/cogs/analytics.py", line 652, in on_member_update
    before_timeout = before.timed_out_until
                     ^^^^^^^^^^^^^^^^^^^^^^
AttributeError: 'Member' object has no attribute 'timed_out_until'
Ignoring exception in on_member_update
Traceback (most recent call last):
  File "/usr/local/lib/python3.12/site-packages/discord/client.py", line 465, in _run_event
    await coro(*args, **kwargs)
  File "/app/asu_discord/cogs/analytics.py", line 652, in on_member_update
    before_timeout = before.timed_out_until
                     ^^^^^^^^^^^^^^^^^^^^^^
AttributeError: 'Member' object has no attribute 'timed_out_until'
Ignoring exception in on_member_update
Traceback (most recent call last):
  File "/usr/local/lib/python3.12/site-packages/discord/client.py", line 465, in _run_event
    await coro(*args, **kwargs)
  File "/app/asu_discord/cogs/analytics.py", line 652, in on_member_update
    before_timeout = before.timed_out_until
                     ^^^^^^^^^^^^^^^^^^^^^^
AttributeError: 'Member' object has no attribute 'timed_out_until'
INFO:asu_discord.cogs.verification:Saved 5 roles to database for user eayala23@asu.edu (Discord ID: 1343625528330027101)
INFO:asu_discord.cogs.verification:Refreshed Salesforce roles for Discord user 1343625528330027101: -5/+5 roles, assigned=[College of Liberal Arts and Sciences, Online, Out of State, Transfer Student, Upperclassmen]
Ignoring exception in on_member_update
Traceback (most recent call last):
  File "/usr/local/lib/python3.12/site-packages/discord/client.py", line 465, in _run_event
    await coro(*args, **kwargs)
  File "/app/asu_discord/cogs/analytics.py", line 652, in on_member_update
    before_timeout = before.timed_out_until
                     ^^^^^^^^^^^^^^^^^^^^^^
AttributeError: 'Member' object has no attribute 'timed_out_until'
Ignoring exception in on_member_update
Traceback (most recent call last):
  File "/usr/local/lib/python3.12/site-packages/discord/client.py", line 465, in _run_event
    await coro(*args, **kwargs)
  File "/app/asu_discord/cogs/analytics.py", line 652, in on_member_update
    before_timeout = before.timed_out_until
                     ^^^^^^^^^^^^^^^^^^^^^^
AttributeError: 'Member' object has no attribute 'timed_out_until'
Ignoring exception in on_member_update
Traceback (most recent call last):
  File "/usr/local/lib/python3.12/site-packages/discord/client.py", line 465, in _run_event
    await coro(*args, **kwargs)
  File "/app/asu_discord/cogs/analytics.py", line 652, in on_member_update
    before_timeout = before.timed_out_until
                     ^^^^^^^^^^^^^^^^^^^^^^
AttributeError: 'Member' object has no attribute 'timed_out_until'
Ignoring exception in on_member_update
Traceback (most recent call last):
  File "/usr/local/lib/python3.12/site-packages/discord/client.py", line 465, in _run_event
    await coro(*args, **kwargs)
  File "/app/asu_discord/cogs/analytics.py", line 652, in on_member_update
    before_timeout = before.timed_out_until
                     ^^^^^^^^^^^^^^^^^^^^^^
AttributeError: 'Member' object has no attribute 'timed_out_until'
Ignoring exception in on_member_update
Traceback (most recent call last):
  File "/usr/local/lib/python3.12/site-packages/discord/client.py", line 465, in _run_event
    await coro(*args, **kwargs)
  File "/app/asu_discord/cogs/analytics.py", line 652, in on_member_update
    before_timeout = before.timed_out_until
                     ^^^^^^^^^^^^^^^^^^^^^^
AttributeError: 'Member' object has no attribute 'timed_out_until'
Ignoring exception in on_member_update
Traceback (most recent call last):
  File "/usr/local/lib/python3.12/site-packages/discord/client.py", line 465, in _run_event
    await coro(*args, **kwargs)
  File "/app/asu_discord/cogs/analytics.py", line 652, in on_member_update
    before_timeout = before.timed_out_until
                     ^^^^^^^^^^^^^^^^^^^^^^
AttributeError: 'Member' object has no attribute 'timed_out_until'
Ignoring exception in on_member_update
Traceback (most recent call last):
  File "/usr/local/lib/python3.12/site-packages/discord/client.py", line 465, in _run_event
    await coro(*args, **kwargs)
  File "/app/asu_discord/cogs/analytics.py", line 652, in on_member_update
    before_timeout = before.timed_out_until
                     ^^^^^^^^^^^^^^^^^^^^^^
AttributeError: 'Member' object has no attribute 'timed_out_until'
Ignoring exception in on_member_update
Traceback (most recent call last):
  File "/usr/local/lib/python3.12/site-packages/discord/client.py", line 465, in _run_event
    await coro(*args, **kwargs)
  File "/app/asu_discord/cogs/analytics.py", line 652, in on_member_update
    before_timeout = before.timed_out_until
                     ^^^^^^^^^^^^^^^^^^^^^^
AttributeError: 'Member' object has no attribute 'timed_out_until'
Ignoring exception in on_member_update
Traceback (most recent call last):
  File "/usr/local/lib/python3.12/site-packages/discord/client.py", line 465, in _run_event
    await coro(*args, **kwargs)
  File "/app/asu_discord/cogs/analytics.py", line 652, in on_member_update
    before_timeout = before.timed_out_until
                     ^^^^^^^^^^^^^^^^^^^^^^
AttributeError: 'Member' object has no attribute 'timed_out_until'
Ignoring exception in on_member_update
Traceback (most recent call last):
  File "/usr/local/lib/python3.12/site-packages/discord/client.py", line 465, in _run_event
    await coro(*args, **kwargs)
  File "/app/asu_discord/cogs/analytics.py", line 652, in on_member_update
    before_timeout = before.timed_out_until
                     ^^^^^^^^^^^^^^^^^^^^^^
AttributeError: 'Member' object has no attribute 'timed_out_until'
INFO:asu_discord.cogs.verification:Saved 5 roles to database for user kblasius@asu.edu (Discord ID: 888134969124335647)
INFO:asu_discord.cogs.verification:Refreshed Salesforce roles for Discord user 888134969124335647: -5/+5 roles, assigned=[Arizona Resident, Ira A. Fulton Schools of Engineering, Online, Transfer Student, Upperclassmen]
ERROR:cron.jobs:refresh_salesforce_roles: failed for gwoller1 (Discord ID 255072404475215872): Failed to refresh Salesforce-based roles: Discord user 255072404475215872 is not a member of the guild
ERROR:cron.jobs:refresh_salesforce_roles: failed for ajsikor1 (Discord ID 359482335248515083): Failed to refresh Salesforce-based roles: Discord user 359482335248515083 is not a member of the guild
Ignoring exception in on_member_update
Traceback (most recent call last):
  File "/usr/local/lib/python3.12/site-packages/discord/client.py", line 465, in _run_event
    await coro(*args, **kwargs)
  File "/app/asu_discord/cogs/analytics.py", line 652, in on_member_update
    before_timeout = before.timed_out_until
                     ^^^^^^^^^^^^^^^^^^^^^^
AttributeError: 'Member' object has no attribute 'timed_out_until'
Ignoring exception in on_member_update
Traceback (most recent call last):
  File "/usr/local/lib/python3.12/site-packages/discord/client.py", line 465, in _run_event
    await coro(*args, **kwargs)
  File "/app/asu_discord/cogs/analytics.py", line 652, in on_member_update
    before_timeout = before.timed_out_until
                     ^^^^^^^^^^^^^^^^^^^^^^
AttributeError: 'Member' object has no attribute 'timed_out_until'
Ignoring exception in on_member_update
Traceback (most recent call last):
  File "/usr/local/lib/python3.12/site-packages/discord/client.py", line 465, in _run_event
    await coro(*args, **kwargs)
  File "/app/asu_discord/cogs/analytics.py", line 652, in on_member_update
    before_timeout = before.timed_out_until
                     ^^^^^^^^^^^^^^^^^^^^^^
AttributeError: 'Member' object has no attribute 'timed_out_until'
Ignoring exception in on_member_update
Traceback (most recent call last):
  File "/usr/local/lib/python3.12/site-packages/discord/client.py", line 465, in _run_event
    await coro(*args, **kwargs)
  File "/app/asu_discord/cogs/analytics.py", line 652, in on_member_update
    before_timeout = before.timed_out_until
                     ^^^^^^^^^^^^^^^^^^^^^^
AttributeError: 'Member' object has no attribute 'timed_out_until'
Ignoring exception in on_member_update
Traceback (most recent call last):
  File "/usr/local/lib/python3.12/site-packages/discord/client.py", line 465, in _run_event
    await coro(*args, **kwargs)
  File "/app/asu_discord/cogs/analytics.py", line 652, in on_member_update
    before_timeout = before.timed_out_until
                     ^^^^^^^^^^^^^^^^^^^^^^
AttributeError: 'Member' object has no attribute 'timed_out_until'
Ignoring exception in on_member_update
Traceback (most recent call last):
  File "/usr/local/lib/python3.12/site-packages/discord/client.py", line 465, in _run_event
    await coro(*args, **kwargs)
  File "/app/asu_discord/cogs/analytics.py", line 652, in on_member_update
    before_timeout = before.timed_out_until
                     ^^^^^^^^^^^^^^^^^^^^^^
AttributeError: 'Member' object has no attribute 'timed_out_until'
Ignoring exception in on_member_update
Traceback (most recent call last):
  File "/usr/local/lib/python3.12/site-packages/discord/client.py", line 465, in _run_event
    await coro(*args, **kwargs)
  File "/app/asu_discord/cogs/analytics.py", line 652, in on_member_update
    before_timeout = before.timed_out_until
                     ^^^^^^^^^^^^^^^^^^^^^^
AttributeError: 'Member' object has no attribute 'timed_out_until'
Ignoring exception in on_member_update
Traceback (most recent call last):
  File "/usr/local/lib/python3.12/site-packages/discord/client.py", line 465, in _run_event
    await coro(*args, **kwargs)
  File "/app/asu_discord/cogs/analytics.py", line 652, in on_member_update
    before_timeout = before.timed_out_until
                     ^^^^^^^^^^^^^^^^^^^^^^
AttributeError: 'Member' object has no attribute 'timed_out_until'
Ignoring exception in on_member_update
Traceback (most recent call last):
  File "/usr/local/lib/python3.12/site-packages/discord/client.py", line 465, in _run_event
    await coro(*args, **kwargs)
  File "/app/asu_discord/cogs/analytics.py", line 652, in on_member_update
    before_timeout = before.timed_out_until
                     ^^^^^^^^^^^^^^^^^^^^^^
AttributeError: 'Member' object has no attribute 'timed_out_until'
Ignoring exception in on_member_update
Traceback (most recent call last):
  File "/usr/local/lib/python3.12/site-packages/discord/client.py", line 465, in _run_event
    await coro(*args, **kwargs)
  File "/app/asu_discord/cogs/analytics.py", line 652, in on_member_update
    before_timeout = before.timed_out_until
                     ^^^^^^^^^^^^^^^^^^^^^^
AttributeError: 'Member' object has no attribute 'timed_out_until'
INFO:asu_discord.cogs.verification:Saved 6 roles to database for user aellio41@asu.edu (Discord ID: 1440118222480216114)
INFO:asu_discord.cogs.verification:Refreshed Salesforce roles for Discord user 1440118222480216114: -4/+6 roles, assigned=[Arizona Resident, College of Integrative Sciences and Arts, Commited, First Generation Student, First Year, Polytechnic]
Ignoring exception in on_member_update
Traceback (most recent call last):
  File "/usr/local/lib/python3.12/site-packages/discord/client.py", line 465, in _run_event
    await coro(*args, **kwargs)
  File "/app/asu_discord/cogs/analytics.py", line 652, in on_member_update
    before_timeout = before.timed_out_until
                     ^^^^^^^^^^^^^^^^^^^^^^
AttributeError: 'Member' object has no attribute 'timed_out_until'
Ignoring exception in on_member_update
Traceback (most recent call last):
  File "/usr/local/lib/python3.12/site-packages/discord/client.py", line 465, in _run_event
    await coro(*args, **kwargs)
  File "/app/asu_discord/cogs/analytics.py", line 652, in on_member_update
    before_timeout = before.timed_out_until
                     ^^^^^^^^^^^^^^^^^^^^^^
AttributeError: 'Member' object has no attribute 'timed_out_until'
Ignoring exception in on_member_update
Traceback (most recent call last):
  File "/usr/local/lib/python3.12/site-packages/discord/client.py", line 465, in _run_event
    await coro(*args, **kwargs)
  File "/app/asu_discord/cogs/analytics.py", line 652, in on_member_update
    before_timeout = before.timed_out_until
                     ^^^^^^^^^^^^^^^^^^^^^^
AttributeError: 'Member' object has no attribute 'timed_out_until'
Ignoring exception in on_member_update
Traceback (most recent call last):
  File "/usr/local/lib/python3.12/site-packages/discord/client.py", line 465, in _run_event
    await coro(*args, **kwargs)
  File "/app/asu_discord/cogs/analytics.py", line 652, in on_member_update
    before_timeout = before.timed_out_until
                     ^^^^^^^^^^^^^^^^^^^^^^
AttributeError: 'Member' object has no attribute 'timed_out_until'
Ignoring exception in on_member_update
Traceback (most recent call last):
  File "/usr/local/lib/python3.12/site-packages/discord/client.py", line 465, in _run_event
    await coro(*args, **kwargs)
  File "/app/asu_discord/cogs/analytics.py", line 652, in on_member_update
    before_timeout = before.timed_out_until
                     ^^^^^^^^^^^^^^^^^^^^^^
AttributeError: 'Member' object has no attribute 'timed_out_until'
Ignoring exception in on_member_update
Traceback (most recent call last):
  File "/usr/local/lib/python3.12/site-packages/discord/client.py", line 465, in _run_event
    await coro(*args, **kwargs)
  File "/app/asu_discord/cogs/analytics.py", line 652, in on_member_update
    before_timeout = before.timed_out_until
                     ^^^^^^^^^^^^^^^^^^^^^^
AttributeError: 'Member' object has no attribute 'timed_out_until'
Ignoring exception in on_member_update
Traceback (most recent call last):
  File "/usr/local/lib/python3.12/site-packages/discord/client.py", line 465, in _run_event
    await coro(*args, **kwargs)
  File "/app/asu_discord/cogs/analytics.py", line 652, in on_member_update
    before_timeout = before.timed_out_until
                     ^^^^^^^^^^^^^^^^^^^^^^
AttributeError: 'Member' object has no attribute 'timed_out_until'
Ignoring exception in on_member_update
Traceback (most recent call last):
  File "/usr/local/lib/python3.12/site-packages/discord/client.py", line 465, in _run_event
    await coro(*args, **kwargs)
  File "/app/asu_discord/cogs/analytics.py", line 652, in on_member_update
    before_timeout = before.timed_out_until
                     ^^^^^^^^^^^^^^^^^^^^^^
AttributeError: 'Member' object has no attribute 'timed_out_until'
Ignoring exception in on_member_update
Traceback (most recent call last):
  File "/usr/local/lib/python3.12/site-packages/discord/client.py", line 465, in _run_event
    await coro(*args, **kwargs)
  File "/app/asu_discord/cogs/analytics.py", line 652, in on_member_update
    before_timeout = before.timed_out_until
                     ^^^^^^^^^^^^^^^^^^^^^^
AttributeError: 'Member' object has no attribute 'timed_out_until'
Ignoring exception in on_member_update
Traceback (most recent call last):
  File "/usr/local/lib/python3.12/site-packages/discord/client.py", line 465, in _run_event
    await coro(*args, **kwargs)
  File "/app/asu_discord/cogs/analytics.py", line 652, in on_member_update
    before_timeout = before.timed_out_until
                     ^^^^^^^^^^^^^^^^^^^^^^
AttributeError: 'Member' object has no attribute 'timed_out_until'
INFO:asu_discord.cogs.verification:Saved 5 roles to database for user jncummi2@asu.edu (Discord ID: 328423137257586690)
INFO:asu_discord.cogs.verification:Refreshed Salesforce roles for Discord user 328423137257586690: -5/+5 roles, assigned=[College of Integrative Sciences and Arts, Online, Out of State, Transfer Student, Upperclassmen]
Ignoring exception in on_member_update
Traceback (most recent call last):
  File "/usr/local/lib/python3.12/site-packages/discord/client.py", line 465, in _run_event
    await coro(*args, **kwargs)
  File "/app/asu_discord/cogs/analytics.py", line 652, in on_member_update
    before_timeout = before.timed_out_until
                     ^^^^^^^^^^^^^^^^^^^^^^
AttributeError: 'Member' object has no attribute 'timed_out_until'
Ignoring exception in on_member_update
Traceback (most recent call last):
  File "/usr/local/lib/python3.12/site-packages/discord/client.py", line 465, in _run_event
    await coro(*args, **kwargs)
  File "/app/asu_discord/cogs/analytics.py", line 652, in on_member_update
    before_timeout = before.timed_out_until
                     ^^^^^^^^^^^^^^^^^^^^^^
AttributeError: 'Member' object has no attribute 'timed_out_until'
Ignoring exception in on_member_update
Traceback (most recent call last):
  File "/usr/local/lib/python3.12/site-packages/discord/client.py", line 465, in _run_event
    await coro(*args, **kwargs)
  File "/app/asu_discord/cogs/analytics.py", line 652, in on_member_update
    before_timeout = before.timed_out_until
                     ^^^^^^^^^^^^^^^^^^^^^^
AttributeError: 'Member' object has no attribute 'timed_out_until'
Ignoring exception in on_member_update
Traceback (most recent call last):
  File "/usr/local/lib/python3.12/site-packages/discord/client.py", line 465, in _run_event
    await coro(*args, **kwargs)
  File "/app/asu_discord/cogs/analytics.py", line 652, in on_member_update
    before_timeout = before.timed_out_until
                     ^^^^^^^^^^^^^^^^^^^^^^
AttributeError: 'Member' object has no attribute 'timed_out_until'
Ignoring exception in on_member_update
Traceback (most recent call last):
  File "/usr/local/lib/python3.12/site-packages/discord/client.py", line 465, in _run_event
    await coro(*args, **kwargs)
  File "/app/asu_discord/cogs/analytics.py", line 652, in on_member_update
    before_timeout = before.timed_out_until
                     ^^^^^^^^^^^^^^^^^^^^^^
AttributeError: 'Member' object has no attribute 'timed_out_until'
Ignoring exception in on_member_update
Traceback (most recent call last):
  File "/usr/local/lib/python3.12/site-packages/discord/client.py", line 465, in _run_event
    await coro(*args, **kwargs)
  File "/app/asu_discord/cogs/analytics.py", line 652, in on_member_update
    before_timeout = before.timed_out_until
                     ^^^^^^^^^^^^^^^^^^^^^^
AttributeError: 'Member' object has no attribute 'timed_out_until'
Ignoring exception in on_member_update
Traceback (most recent call last):
  File "/usr/local/lib/python3.12/site-packages/discord/client.py", line 465, in _run_event
    await coro(*args, **kwargs)
  File "/app/asu_discord/cogs/analytics.py", line 652, in on_member_update
    before_timeout = before.timed_out_until
                     ^^^^^^^^^^^^^^^^^^^^^^
AttributeError: 'Member' object has no attribute 'timed_out_until'
Ignoring exception in on_member_update
Traceback (most recent call last):
  File "/usr/local/lib/python3.12/site-packages/discord/client.py", line 465, in _run_event
    await coro(*args, **kwargs)
  File "/app/asu_discord/cogs/analytics.py", line 652, in on_member_update
    before_timeout = before.timed_out_until
                     ^^^^^^^^^^^^^^^^^^^^^^
AttributeError: 'Member' object has no attribute 'timed_out_until'
Ignoring exception in on_member_update
Traceback (most recent call last):
  File "/usr/local/lib/python3.12/site-packages/discord/client.py", line 465, in _run_event
    await coro(*args, **kwargs)
  File "/app/asu_discord/cogs/analytics.py", line 652, in on_member_update
    before_timeout = before.timed_out_until
                     ^^^^^^^^^^^^^^^^^^^^^^
AttributeError: 'Member' object has no attribute 'timed_out_until'
Ignoring exception in on_member_update
Traceback (most recent call last):
  File "/usr/local/lib/python3.12/site-packages/discord/client.py", line 465, in _run_event
    await coro(*args, **kwargs)
  File "/app/asu_discord/cogs/analytics.py", line 652, in on_member_update
    before_timeout = before.timed_out_until
                     ^^^^^^^^^^^^^^^^^^^^^^
AttributeError: 'Member' object has no attribute 'timed_out_until'
INFO:asu_discord.cogs.verification:Saved 6 roles to database for user jdoan124@asu.edu (Discord ID: 339974448633610241)
INFO:asu_discord.cogs.verification:Refreshed Salesforce roles for Discord user 339974448633610241: -5/+5 roles, assigned=[Arizona Resident, Commited, First Generation Student, First Year, Ira A. Fulton Schools of Engineering, Tempe]
ERROR:cron.jobs:refresh_salesforce_roles: failed for nslipako (Discord ID 1347571061558087773): Failed to refresh Salesforce-based roles: Discord user 1347571061558087773 is not a member of the guild
Ignoring exception in on_member_update
Traceback (most recent call last):
  File "/usr/local/lib/python3.12/site-packages/discord/client.py", line 465, in _run_event
    await coro(*args, **kwargs)
  File "/app/asu_discord/cogs/analytics.py", line 652, in on_member_update
    before_timeout = before.timed_out_until
                     ^^^^^^^^^^^^^^^^^^^^^^
AttributeError: 'Member' object has no attribute 'timed_out_until'
Ignoring exception in on_member_update
Traceback (most recent call last):
  File "/usr/local/lib/python3.12/site-packages/discord/client.py", line 465, in _run_event
    await coro(*args, **kwargs)
  File "/app/asu_discord/cogs/analytics.py", line 652, in on_member_update
    before_timeout = before.timed_out_until
                     ^^^^^^^^^^^^^^^^^^^^^^
AttributeError: 'Member' object has no attribute 'timed_out_until'
Ignoring exception in on_member_update
Traceback (most recent call last):
  File "/usr/local/lib/python3.12/site-packages/discord/client.py", line 465, in _run_event
    await coro(*args, **kwargs)
  File "/app/asu_discord/cogs/analytics.py", line 652, in on_member_update
    before_timeout = before.timed_out_until
                     ^^^^^^^^^^^^^^^^^^^^^^
AttributeError: 'Member' object has no attribute 'timed_out_until'
Ignoring exception in on_member_update
Traceback (most recent call last):
  File "/usr/local/lib/python3.12/site-packages/discord/client.py", line 465, in _run_event
    await coro(*args, **kwargs)
  File "/app/asu_discord/cogs/analytics.py", line 652, in on_member_update
    before_timeout = before.timed_out_until
                     ^^^^^^^^^^^^^^^^^^^^^^
AttributeError: 'Member' object has no attribute 'timed_out_until'
Ignoring exception in on_member_update
Traceback (most recent call last):
  File "/usr/local/lib/python3.12/site-packages/discord/client.py", line 465, in _run_event
    await coro(*args, **kwargs)
  File "/app/asu_discord/cogs/analytics.py", line 652, in on_member_update
    before_timeout = before.timed_out_until
                     ^^^^^^^^^^^^^^^^^^^^^^
AttributeError: 'Member' object has no attribute 'timed_out_until'
Ignoring exception in on_member_update
Traceback (most recent call last):
  File "/usr/local/lib/python3.12/site-packages/discord/client.py", line 465, in _run_event
    await coro(*args, **kwargs)
  File "/app/asu_discord/cogs/analytics.py", line 652, in on_member_update
    before_timeout = before.timed_out_until
                     ^^^^^^^^^^^^^^^^^^^^^^
AttributeError: 'Member' object has no attribute 'timed_out_until'
Ignoring exception in on_member_update
Traceback (most recent call last):
  File "/usr/local/lib/python3.12/site-packages/discord/client.py", line 465, in _run_event
    await coro(*args, **kwargs)
  File "/app/asu_discord/cogs/analytics.py", line 652, in on_member_update
    before_timeout = before.timed_out_until
                     ^^^^^^^^^^^^^^^^^^^^^^
AttributeError: 'Member' object has no attribute 'timed_out_until'
Ignoring exception in on_member_update
Traceback (most recent call last):
  File "/usr/local/lib/python3.12/site-packages/discord/client.py", line 465, in _run_event
    await coro(*args, **kwargs)
  File "/app/asu_discord/cogs/analytics.py", line 652, in on_member_update
    before_timeout = before.timed_out_until
                     ^^^^^^^^^^^^^^^^^^^^^^
AttributeError: 'Member' object has no attribute 'timed_out_until'
Ignoring exception in on_member_update
Traceback (most recent call last):
  File "/usr/local/lib/python3.12/site-packages/discord/client.py", line 465, in _run_event
    await coro(*args, **kwargs)
  File "/app/asu_discord/cogs/analytics.py", line 652, in on_member_update
    before_timeout = before.timed_out_until
                     ^^^^^^^^^^^^^^^^^^^^^^
AttributeError: 'Member' object has no attribute 'timed_out_until'
Ignoring exception in on_member_update
Traceback (most recent call last):
  File "/usr/local/lib/python3.12/site-packages/discord/client.py", line 465, in _run_event
    await coro(*args, **kwargs)
  File "/app/asu_discord/cogs/analytics.py", line 652, in on_member_update
    before_timeout = before.timed_out_until
                     ^^^^^^^^^^^^^^^^^^^^^^
AttributeError: 'Member' object has no attribute 'timed_out_until'
INFO:asu_discord.cogs.verification:Saved 5 roles to database for user wgroner2@asu.edu (Discord ID: 179440384500432896)
INFO:asu_discord.cogs.verification:Refreshed Salesforce roles for Discord user 179440384500432896: -5/+5 roles, assigned=[College of Liberal Arts and Sciences, Online, Out of State, Transfer Student, Upperclassmen]
Ignoring exception in on_member_update
Traceback (most recent call last):
  File "/usr/local/lib/python3.12/site-packages/discord/client.py", line 465, in _run_event
    await coro(*args, **kwargs)
  File "/app/asu_discord/cogs/analytics.py", line 652, in on_member_update
    before_timeout = before.timed_out_until
                     ^^^^^^^^^^^^^^^^^^^^^^
AttributeError: 'Member' object has no attribute 'timed_out_until'
Ignoring exception in on_member_update
Traceback (most recent call last):
  File "/usr/local/lib/python3.12/site-packages/discord/client.py", line 465, in _run_event
    await coro(*args, **kwargs)
  File "/app/asu_discord/cogs/analytics.py", line 652, in on_member_update
    before_timeout = before.timed_out_until
                     ^^^^^^^^^^^^^^^^^^^^^^
AttributeError: 'Member' object has no attribute 'timed_out_until'
Ignoring exception in on_member_update
Traceback (most recent call last):
  File "/usr/local/lib/python3.12/site-packages/discord/client.py", line 465, in _run_event
    await coro(*args, **kwargs)
  File "/app/asu_discord/cogs/analytics.py", line 652, in on_member_update
    before_timeout = before.timed_out_until
                     ^^^^^^^^^^^^^^^^^^^^^^
AttributeError: 'Member' object has no attribute 'timed_out_until'
Ignoring exception in on_member_update
Traceback (most recent call last):
  File "/usr/local/lib/python3.12/site-packages/discord/client.py", line 465, in _run_event
    await coro(*args, **kwargs)
  File "/app/asu_discord/cogs/analytics.py", line 652, in on_member_update
    before_timeout = before.timed_out_until
                     ^^^^^^^^^^^^^^^^^^^^^^
AttributeError: 'Member' object has no attribute 'timed_out_until'
Ignoring exception in on_member_update
Traceback (most recent call last):
  File "/usr/local/lib/python3.12/site-packages/discord/client.py", line 465, in _run_event
    await coro(*args, **kwargs)
  File "/app/asu_discord/cogs/analytics.py", line 652, in on_member_update
    before_timeout = before.timed_out_until
                     ^^^^^^^^^^^^^^^^^^^^^^
AttributeError: 'Member' object has no attribute 'timed_out_until'
Ignoring exception in on_member_update
Traceback (most recent call last):
  File "/usr/local/lib/python3.12/site-packages/discord/client.py", line 465, in _run_event
    await coro(*args, **kwargs)
  File "/app/asu_discord/cogs/analytics.py", line 652, in on_member_update
    before_timeout = before.timed_out_until
                     ^^^^^^^^^^^^^^^^^^^^^^
AttributeError: 'Member' object has no attribute 'timed_out_until'
Ignoring exception in on_member_update
Traceback (most recent call last):
  File "/usr/local/lib/python3.12/site-packages/discord/client.py", line 465, in _run_event
    await coro(*args, **kwargs)
  File "/app/asu_discord/cogs/analytics.py", line 652, in on_member_update
    before_timeout = before.timed_out_until
                     ^^^^^^^^^^^^^^^^^^^^^^
AttributeError: 'Member' object has no attribute 'timed_out_until'
Ignoring exception in on_member_update
Traceback (most recent call last):
  File "/usr/local/lib/python3.12/site-packages/discord/client.py", line 465, in _run_event
    await coro(*args, **kwargs)
  File "/app/asu_discord/cogs/analytics.py", line 652, in on_member_update
    before_timeout = before.timed_out_until
                     ^^^^^^^^^^^^^^^^^^^^^^
AttributeError: 'Member' object has no attribute 'timed_out_until'
Ignoring exception in on_member_update
Traceback (most recent call last):
  File "/usr/local/lib/python3.12/site-packages/discord/client.py", line 465, in _run_event
    await coro(*args, **kwargs)
  File "/app/asu_discord/cogs/analytics.py", line 652, in on_member_update
    before_timeout = before.timed_out_until
                     ^^^^^^^^^^^^^^^^^^^^^^
AttributeError: 'Member' object has no attribute 'timed_out_until'
Ignoring exception in on_member_update
Traceback (most recent call last):
  File "/usr/local/lib/python3.12/site-packages/discord/client.py", line 465, in _run_event
    await coro(*args, **kwargs)
  File "/app/asu_discord/cogs/analytics.py", line 652, in on_member_update
    before_timeout = before.timed_out_until
                     ^^^^^^^^^^^^^^^^^^^^^^
AttributeError: 'Member' object has no attribute 'timed_out_until'
INFO:asu_discord.cogs.verification:Saved 5 roles to database for user covando2@asu.edu (Discord ID: 499322047613108236)
INFO:asu_discord.cogs.verification:Refreshed Salesforce roles for Discord user 499322047613108236: -5/+5 roles, assigned=[Arizona Resident, Commited, First Year, Tempe, Thunderbird School of Global Management]
ERROR:cron.jobs:refresh_salesforce_roles: failed for sverm124 (Discord ID 975644695801782352): Failed to refresh Salesforce-based roles: Discord user 975644695801782352 is not a member of the guild
Ignoring exception in on_member_update
Traceback (most recent call last):
  File "/usr/local/lib/python3.12/site-packages/discord/client.py", line 465, in _run_event
    await coro(*args, **kwargs)
  File "/app/asu_discord/cogs/analytics.py", line 652, in on_member_update
    before_timeout = before.timed_out_until
                     ^^^^^^^^^^^^^^^^^^^^^^
AttributeError: 'Member' object has no attribute 'timed_out_until'
Ignoring exception in on_member_update
Traceback (most recent call last):
  File "/usr/local/lib/python3.12/site-packages/discord/client.py", line 465, in _run_event
    await coro(*args, **kwargs)
  File "/app/asu_discord/cogs/analytics.py", line 652, in on_member_update
    before_timeout = before.timed_out_until
                     ^^^^^^^^^^^^^^^^^^^^^^
AttributeError: 'Member' object has no attribute 'timed_out_until'
Ignoring exception in on_member_update
Traceback (most recent call last):
  File "/usr/local/lib/python3.12/site-packages/discord/client.py", line 465, in _run_event
    await coro(*args, **kwargs)
  File "/app/asu_discord/cogs/analytics.py", line 652, in on_member_update
    before_timeout = before.timed_out_until
                     ^^^^^^^^^^^^^^^^^^^^^^
AttributeError: 'Member' object has no attribute 'timed_out_until'
Ignoring exception in on_member_update
Traceback (most recent call last):
  File "/usr/local/lib/python3.12/site-packages/discord/client.py", line 465, in _run_event
    await coro(*args, **kwargs)
  File "/app/asu_discord/cogs/analytics.py", line 652, in on_member_update
    before_timeout = before.timed_out_until
                     ^^^^^^^^^^^^^^^^^^^^^^
AttributeError: 'Member' object has no attribute 'timed_out_until'
Ignoring exception in on_member_update
Traceback (most recent call last):
  File "/usr/local/lib/python3.12/site-packages/discord/client.py", line 465, in _run_event
    await coro(*args, **kwargs)
  File "/app/asu_discord/cogs/analytics.py", line 652, in on_member_update
    before_timeout = before.timed_out_until
                     ^^^^^^^^^^^^^^^^^^^^^^
AttributeError: 'Member' object has no attribute 'timed_out_until'
Ignoring exception in on_member_update
Traceback (most recent call last):
  File "/usr/local/lib/python3.12/site-packages/discord/client.py", line 465, in _run_event
    await coro(*args, **kwargs)
  File "/app/asu_discord/cogs/analytics.py", line 652, in on_member_update
    before_timeout = before.timed_out_until
                     ^^^^^^^^^^^^^^^^^^^^^^
AttributeError: 'Member' object has no attribute 'timed_out_until'
Ignoring exception in on_member_update
Traceback (most recent call last):
  File "/usr/local/lib/python3.12/site-packages/discord/client.py", line 465, in _run_event
    await coro(*args, **kwargs)
  File "/app/asu_discord/cogs/analytics.py", line 652, in on_member_update
    before_timeout = before.timed_out_until
                     ^^^^^^^^^^^^^^^^^^^^^^
AttributeError: 'Member' object has no attribute 'timed_out_until'
Ignoring exception in on_member_update
Traceback (most recent call last):
  File "/usr/local/lib/python3.12/site-packages/discord/client.py", line 465, in _run_event
    await coro(*args, **kwargs)
  File "/app/asu_discord/cogs/analytics.py", line 652, in on_member_update
    before_timeout = before.timed_out_until
                     ^^^^^^^^^^^^^^^^^^^^^^
AttributeError: 'Member' object has no attribute 'timed_out_until'
Ignoring exception in on_member_update
Traceback (most recent call last):
  File "/usr/local/lib/python3.12/site-packages/discord/client.py", line 465, in _run_event
    await coro(*args, **kwargs)
  File "/app/asu_discord/cogs/analytics.py", line 652, in on_member_update
    before_timeout = before.timed_out_until
                     ^^^^^^^^^^^^^^^^^^^^^^
AttributeError: 'Member' object has no attribute 'timed_out_until'
Ignoring exception in on_member_update
Traceback (most recent call last):
  File "/usr/local/lib/python3.12/site-packages/discord/client.py", line 465, in _run_event
    await coro(*args, **kwargs)
  File "/app/asu_discord/cogs/analytics.py", line 652, in on_member_update
    before_timeout = before.timed_out_until
                     ^^^^^^^^^^^^^^^^^^^^^^
AttributeError: 'Member' object has no attribute 'timed_out_until'
ERROR:cron.jobs:refresh_salesforce_roles: failed for aarosal4 (Discord ID 766846146156560390): Timed out refresh Salesforce-based roles
Ignoring exception in on_member_update
Traceback (most recent call last):
  File "/usr/local/lib/python3.12/site-packages/discord/client.py", line 465, in _run_event
    await coro(*args, **kwargs)
  File "/app/asu_discord/cogs/analytics.py", line 652, in on_member_update
    before_timeout = before.timed_out_until
                     ^^^^^^^^^^^^^^^^^^^^^^
AttributeError: 'Member' object has no attribute 'timed_out_until'
Ignoring exception in on_member_update
Traceback (most recent call last):
  File "/usr/local/lib/python3.12/site-packages/discord/client.py", line 465, in _run_event
    await coro(*args, **kwargs)
  File "/app/asu_discord/cogs/analytics.py", line 652, in on_member_update
    before_timeout = before.timed_out_until
                     ^^^^^^^^^^^^^^^^^^^^^^
AttributeError: 'Member' object has no attribute 'timed_out_until'
Ignoring exception in on_member_update
Traceback (most recent call last):
  File "/usr/local/lib/python3.12/site-packages/discord/client.py", line 465, in _run_event
    await coro(*args, **kwargs)
  File "/app/asu_discord/cogs/analytics.py", line 652, in on_member_update
    before_timeout = before.timed_out_until
                     ^^^^^^^^^^^^^^^^^^^^^^
AttributeError: 'Member' object has no attribute 'timed_out_until'
Ignoring exception in on_member_update
Traceback (most recent call last):
  File "/usr/local/lib/python3.12/site-packages/discord/client.py", line 465, in _run_event
    await coro(*args, **kwargs)
  File "/app/asu_discord/cogs/analytics.py", line 652, in on_member_update
    before_timeout = before.timed_out_until
                     ^^^^^^^^^^^^^^^^^^^^^^
AttributeError: 'Member' object has no attribute 'timed_out_until'
Ignoring exception in on_member_update
Traceback (most recent call last):
  File "/usr/local/lib/python3.12/site-packages/discord/client.py", line 465, in _run_event
    await coro(*args, **kwargs)
  File "/app/asu_discord/cogs/analytics.py", line 652, in on_member_update
    before_timeout = before.timed_out_until
                     ^^^^^^^^^^^^^^^^^^^^^^
AttributeError: 'Member' object has no attribute 'timed_out_until'
Ignoring exception in on_member_update
Traceback (most recent call last):
  File "/usr/local/lib/python3.12/site-packages/discord/client.py", line 465, in _run_event
    await coro(*args, **kwargs)
  File "/app/asu_discord/cogs/analytics.py", line 652, in on_member_update
    before_timeout = before.timed_out_until
                     ^^^^^^^^^^^^^^^^^^^^^^
AttributeError: 'Member' object has no attribute 'timed_out_until'
Ignoring exception in on_member_update
Traceback (most recent call last):
  File "/usr/local/lib/python3.12/site-packages/discord/client.py", line 465, in _run_event
    await coro(*args, **kwargs)
  File "/app/asu_discord/cogs/analytics.py", line 652, in on_member_update
    before_timeout = before.timed_out_until
                     ^^^^^^^^^^^^^^^^^^^^^^
AttributeError: 'Member' object has no attribute 'timed_out_until'
Ignoring exception in on_member_update
Traceback (most recent call last):
  File "/usr/local/lib/python3.12/site-packages/discord/client.py", line 465, in _run_event
    await coro(*args, **kwargs)
  File "/app/asu_discord/cogs/analytics.py", line 652, in on_member_update
    before_timeout = before.timed_out_until
                     ^^^^^^^^^^^^^^^^^^^^^^
AttributeError: 'Member' object has no attribute 'timed_out_until'
Ignoring exception in on_member_update
Traceback (most recent call last):
  File "/usr/local/lib/python3.12/site-packages/discord/client.py", line 465, in _run_event
    await coro(*args, **kwargs)
  File "/app/asu_discord/cogs/analytics.py", line 652, in on_member_update
    before_timeout = before.timed_out_until
                     ^^^^^^^^^^^^^^^^^^^^^^
AttributeError: 'Member' object has no attribute 'timed_out_until'
INFO:asu_discord.cogs.verification:Saved 5 roles to database for user dliyer@asu.edu (Discord ID: 1440127582744870922)
INFO:asu_discord.cogs.verification:Refreshed Salesforce roles for Discord user 1440127582744870922: -5/+4 roles, assigned=[First Year, Ira A. Fulton Schools of Engineering, Online, Out of State, Upperclassmen]
Ignoring exception in on_member_update
Traceback (most recent call last):
  File "/usr/local/lib/python3.12/site-packages/discord/client.py", line 465, in _run_event
    await coro(*args, **kwargs)
  File "/app/asu_discord/cogs/analytics.py", line 652, in on_member_update
    before_timeout = before.timed_out_until
                     ^^^^^^^^^^^^^^^^^^^^^^
AttributeError: 'Member' object has no attribute 'timed_out_until'
Ignoring exception in on_member_update
Traceback (most recent call last):
  File "/usr/local/lib/python3.12/site-packages/discord/client.py", line 465, in _run_event
    await coro(*args, **kwargs)
  File "/app/asu_discord/cogs/analytics.py", line 652, in on_member_update
    before_timeout = before.timed_out_until
                     ^^^^^^^^^^^^^^^^^^^^^^
AttributeError: 'Member' object has no attribute 'timed_out_until'
Ignoring exception in on_member_update
Traceback (most recent call last):
  File "/usr/local/lib/python3.12/site-packages/discord/client.py", line 465, in _run_event
    await coro(*args, **kwargs)
  File "/app/asu_discord/cogs/analytics.py", line 652, in on_member_update
    before_timeout = before.timed_out_until
                     ^^^^^^^^^^^^^^^^^^^^^^
AttributeError: 'Member' object has no attribute 'timed_out_until'
Ignoring exception in on_member_update
Traceback (most recent call last):
  File "/usr/local/lib/python3.12/site-packages/discord/client.py", line 465, in _run_event
    await coro(*args, **kwargs)
  File "/app/asu_discord/cogs/analytics.py", line 652, in on_member_update
    before_timeout = before.timed_out_until
                     ^^^^^^^^^^^^^^^^^^^^^^
AttributeError: 'Member' object has no attribute 'timed_out_until'
Ignoring exception in on_member_update
Traceback (most recent call last):
  File "/usr/local/lib/python3.12/site-packages/discord/client.py", line 465, in _run_event
    await coro(*args, **kwargs)
  File "/app/asu_discord/cogs/analytics.py", line 652, in on_member_update
    before_timeout = before.timed_out_until
                     ^^^^^^^^^^^^^^^^^^^^^^
AttributeError: 'Member' object has no attribute 'timed_out_until'
Ignoring exception in on_member_update
Traceback (most recent call last):
  File "/usr/local/lib/python3.12/site-packages/discord/client.py", line 465, in _run_event
    await coro(*args, **kwargs)
  File "/app/asu_discord/cogs/analytics.py", line 652, in on_member_update
    before_timeout = before.timed_out_until
                     ^^^^^^^^^^^^^^^^^^^^^^
AttributeError: 'Member' object has no attribute 'timed_out_until'
Ignoring exception in on_member_update
Traceback (most recent call last):
  File "/usr/local/lib/python3.12/site-packages/discord/client.py", line 465, in _run_event
    await coro(*args, **kwargs)
  File "/app/asu_discord/cogs/analytics.py", line 652, in on_member_update
    before_timeout = before.timed_out_until
                     ^^^^^^^^^^^^^^^^^^^^^^
AttributeError: 'Member' object has no attribute 'timed_out_until'
Ignoring exception in on_member_update
Traceback (most recent call last):
  File "/usr/local/lib/python3.12/site-packages/discord/client.py", line 465, in _run_event
    await coro(*args, **kwargs)
  File "/app/asu_discord/cogs/analytics.py", line 652, in on_member_update
    before_timeout = before.timed_out_until
                     ^^^^^^^^^^^^^^^^^^^^^^
AttributeError: 'Member' object has no attribute 'timed_out_until'
Ignoring exception in on_member_update
Traceback (most recent call last):
  File "/usr/local/lib/python3.12/site-packages/discord/client.py", line 465, in _run_event
    await coro(*args, **kwargs)
  File "/app/asu_discord/cogs/analytics.py", line 652, in on_member_update
    before_timeout = before.timed_out_until
                     ^^^^^^^^^^^^^^^^^^^^^^
AttributeError: 'Member' object has no attribute 'timed_out_until'
Ignoring exception in on_member_update
Traceback (most recent call last):
  File "/usr/local/lib/python3.12/site-packages/discord/client.py", line 465, in _run_event
    await coro(*args, **kwargs)
  File "/app/asu_discord/cogs/analytics.py", line 652, in on_member_update
    before_timeout = before.timed_out_until
                     ^^^^^^^^^^^^^^^^^^^^^^
AttributeError: 'Member' object has no attribute 'timed_out_until'
Ignoring exception in on_member_update
Traceback (most recent call last):
  File "/usr/local/lib/python3.12/site-packages/discord/client.py", line 465, in _run_event
    await coro(*args, **kwargs)
  File "/app/asu_discord/cogs/analytics.py", line 652, in on_member_update
    before_timeout = before.timed_out_until
                     ^^^^^^^^^^^^^^^^^^^^^^
AttributeError: 'Member' object has no attribute 'timed_out_until'
ERROR:cron.jobs:refresh_salesforce_roles: failed for cggraves (Discord ID 706532241206935573): Timed out refresh Salesforce-based roles
Ignoring exception in on_member_update
Traceback (most recent call last):
  File "/usr/local/lib/python3.12/site-packages/discord/client.py", line 465, in _run_event
    await coro(*args, **kwargs)
  File "/app/asu_discord/cogs/analytics.py", line 652, in on_member_update
    before_timeout = before.timed_out_until
                     ^^^^^^^^^^^^^^^^^^^^^^
AttributeError: 'Member' object has no attribute 'timed_out_until'
Ignoring exception in on_member_update
Traceback (most recent call last):
  File "/usr/local/lib/python3.12/site-packages/discord/client.py", line 465, in _run_event
    await coro(*args, **kwargs)
  File "/app/asu_discord/cogs/analytics.py", line 652, in on_member_update
    before_timeout = before.timed_out_until
                     ^^^^^^^^^^^^^^^^^^^^^^
AttributeError: 'Member' object has no attribute 'timed_out_until'
Ignoring exception in on_member_update
Traceback (most recent call last):
  File "/usr/local/lib/python3.12/site-packages/discord/client.py", line 465, in _run_event
    await coro(*args, **kwargs)
  File "/app/asu_discord/cogs/analytics.py", line 652, in on_member_update
    before_timeout = before.timed_out_until
                     ^^^^^^^^^^^^^^^^^^^^^^
AttributeError: 'Member' object has no attribute 'timed_out_until'
Ignoring exception in on_member_update
Traceback (most recent call last):
  File "/usr/local/lib/python3.12/site-packages/discord/client.py", line 465, in _run_event
    await coro(*args, **kwargs)
  File "/app/asu_discord/cogs/analytics.py", line 652, in on_member_update
    before_timeout = before.timed_out_until
                     ^^^^^^^^^^^^^^^^^^^^^^
AttributeError: 'Member' object has no attribute 'timed_out_until'
Ignoring exception in on_member_update
Traceback (most recent call last):
  File "/usr/local/lib/python3.12/site-packages/discord/client.py", line 465, in _run_event
    await coro(*args, **kwargs)
  File "/app/asu_discord/cogs/analytics.py", line 652, in on_member_update
    before_timeout = before.timed_out_until
                     ^^^^^^^^^^^^^^^^^^^^^^
AttributeError: 'Member' object has no attribute 'timed_out_until'
Ignoring exception in on_member_update
Traceback (most recent call last):
  File "/usr/local/lib/python3.12/site-packages/discord/client.py", line 465, in _run_event
    await coro(*args, **kwargs)
  File "/app/asu_discord/cogs/analytics.py", line 652, in on_member_update
    before_timeout = before.timed_out_until
                     ^^^^^^^^^^^^^^^^^^^^^^
AttributeError: 'Member' object has no attribute 'timed_out_until'
Ignoring exception in on_member_update
Traceback (most recent call last):
  File "/usr/local/lib/python3.12/site-packages/discord/client.py", line 465, in _run_event
    await coro(*args, **kwargs)
  File "/app/asu_discord/cogs/analytics.py", line 652, in on_member_update
    before_timeout = before.timed_out_until
                     ^^^^^^^^^^^^^^^^^^^^^^
AttributeError: 'Member' object has no attribute 'timed_out_until'
Ignoring exception in on_member_update
Traceback (most recent call last):
  File "/usr/local/lib/python3.12/site-packages/discord/client.py", line 465, in _run_event
    await coro(*args, **kwargs)
  File "/app/asu_discord/cogs/analytics.py", line 652, in on_member_update
    before_timeout = before.timed_out_until
                     ^^^^^^^^^^^^^^^^^^^^^^
AttributeError: 'Member' object has no attribute 'timed_out_until'
Ignoring exception in on_member_update
Traceback (most recent call last):
  File "/usr/local/lib/python3.12/site-packages/discord/client.py", line 465, in _run_event
    await coro(*args, **kwargs)
  File "/app/asu_discord/cogs/analytics.py", line 652, in on_member_update
    before_timeout = before.timed_out_until
                     ^^^^^^^^^^^^^^^^^^^^^^
AttributeError: 'Member' object has no attribute 'timed_out_until'
Ignoring exception in on_member_update
Traceback (most recent call last):
  File "/usr/local/lib/python3.12/site-packages/discord/client.py", line 465, in _run_event
    await coro(*args, **kwargs)
  File "/app/asu_discord/cogs/analytics.py", line 652, in on_member_update
    before_timeout = before.timed_out_until
                     ^^^^^^^^^^^^^^^^^^^^^^
AttributeError: 'Member' object has no attribute 'timed_out_until'
INFO:asu_discord.cogs.verification:Saved 5 roles to database for user gallen41@asu.edu (Discord ID: 795540596408057897)
INFO:asu_discord.cogs.verification:Refreshed Salesforce roles for Discord user 795540596408057897: -5/+5 roles, assigned=[Arizona Resident, Commited, First Year, Ira A. Fulton Schools of Engineering, Tempe]
Ignoring exception in on_member_update
Traceback (most recent call last):
  File "/usr/local/lib/python3.12/site-packages/discord/client.py", line 465, in _run_event
    await coro(*args, **kwargs)
  File "/app/asu_discord/cogs/analytics.py", line 652, in on_member_update
    before_timeout = before.timed_out_until
                     ^^^^^^^^^^^^^^^^^^^^^^
AttributeError: 'Member' object has no attribute 'timed_out_until'
Ignoring exception in on_member_update
Traceback (most recent call last):
  File "/usr/local/lib/python3.12/site-packages/discord/client.py", line 465, in _run_event
    await coro(*args, **kwargs)
  File "/app/asu_discord/cogs/analytics.py", line 652, in on_member_update
    before_timeout = before.timed_out_until
                     ^^^^^^^^^^^^^^^^^^^^^^
AttributeError: 'Member' object has no attribute 'timed_out_until'
Ignoring exception in on_member_update
Traceback (most recent call last):
  File "/usr/local/lib/python3.12/site-packages/discord/client.py", line 465, in _run_event
    await coro(*args, **kwargs)
  File "/app/asu_discord/cogs/analytics.py", line 652, in on_member_update
    before_timeout = before.timed_out_until
                     ^^^^^^^^^^^^^^^^^^^^^^
AttributeError: 'Member' object has no attribute 'timed_out_until'
Ignoring exception in on_member_update
Traceback (most recent call last):
  File "/usr/local/lib/python3.12/site-packages/discord/client.py", line 465, in _run_event
    await coro(*args, **kwargs)
  File "/app/asu_discord/cogs/analytics.py", line 652, in on_member_update
    before_timeout = before.timed_out_until
                     ^^^^^^^^^^^^^^^^^^^^^^
AttributeError: 'Member' object has no attribute 'timed_out_until'
Ignoring exception in on_member_update
Traceback (most recent call last):
  File "/usr/local/lib/python3.12/site-packages/discord/client.py", line 465, in _run_event
    await coro(*args, **kwargs)
  File "/app/asu_discord/cogs/analytics.py", line 652, in on_member_update
    before_timeout = before.timed_out_until
                     ^^^^^^^^^^^^^^^^^^^^^^
AttributeError: 'Member' object has no attribute 'timed_out_until'
Ignoring exception in on_member_update
Traceback (most recent call last):
  File "/usr/local/lib/python3.12/site-packages/discord/client.py", line 465, in _run_event
    await coro(*args, **kwargs)
  File "/app/asu_discord/cogs/analytics.py", line 652, in on_member_update
    before_timeout = before.timed_out_until
                     ^^^^^^^^^^^^^^^^^^^^^^
AttributeError: 'Member' object has no attribute 'timed_out_until'
Ignoring exception in on_member_update
Traceback (most recent call last):
  File "/usr/local/lib/python3.12/site-packages/discord/client.py", line 465, in _run_event
    await coro(*args, **kwargs)
  File "/app/asu_discord/cogs/analytics.py", line 652, in on_member_update
    before_timeout = before.timed_out_until
                     ^^^^^^^^^^^^^^^^^^^^^^
AttributeError: 'Member' object has no attribute 'timed_out_until'
Ignoring exception in on_member_update
Traceback (most recent call last):
  File "/usr/local/lib/python3.12/site-packages/discord/client.py", line 465, in _run_event
    await coro(*args, **kwargs)
  File "/app/asu_discord/cogs/analytics.py", line 652, in on_member_update
    before_timeout = before.timed_out_until
                     ^^^^^^^^^^^^^^^^^^^^^^
AttributeError: 'Member' object has no attribute 'timed_out_until'
Ignoring exception in on_member_update
Traceback (most recent call last):
  File "/usr/local/lib/python3.12/site-packages/discord/client.py", line 465, in _run_event
    await coro(*args, **kwargs)
  File "/app/asu_discord/cogs/analytics.py", line 652, in on_member_update
    before_timeout = before.timed_out_until
                     ^^^^^^^^^^^^^^^^^^^^^^
AttributeError: 'Member' object has no attribute 'timed_out_until'
Ignoring exception in on_member_update
Traceback (most recent call last):
  File "/usr/local/lib/python3.12/site-packages/discord/client.py", line 465, in _run_event
    await coro(*args, **kwargs)
  File "/app/asu_discord/cogs/analytics.py", line 652, in on_member_update
    before_timeout = before.timed_out_until
                     ^^^^^^^^^^^^^^^^^^^^^^
AttributeError: 'Member' object has no attribute 'timed_out_until'
ERROR:cron.jobs:refresh_salesforce_roles: failed for arusse59 (Discord ID 657023645151133698): Timed out refresh Salesforce-based roles
Ignoring exception in on_member_update
Traceback (most recent call last):
  File "/usr/local/lib/python3.12/site-packages/discord/client.py", line 465, in _run_event
    await coro(*args, **kwargs)
  File "/app/asu_discord/cogs/analytics.py", line 652, in on_member_update
    before_timeout = before.timed_out_until
                     ^^^^^^^^^^^^^^^^^^^^^^
AttributeError: 'Member' object has no attribute 'timed_out_until'
Ignoring exception in on_member_update
Traceback (most recent call last):
  File "/usr/local/lib/python3.12/site-packages/discord/client.py", line 465, in _run_event
    await coro(*args, **kwargs)
  File "/app/asu_discord/cogs/analytics.py", line 652, in on_member_update
    before_timeout = before.timed_out_until
                     ^^^^^^^^^^^^^^^^^^^^^^
AttributeError: 'Member' object has no attribute 'timed_out_until'
Ignoring exception in on_member_update
Traceback (most recent call last):
  File "/usr/local/lib/python3.12/site-packages/discord/client.py", line 465, in _run_event
    await coro(*args, **kwargs)
  File "/app/asu_discord/cogs/analytics.py", line 652, in on_member_update
    before_timeout = before.timed_out_until
                     ^^^^^^^^^^^^^^^^^^^^^^
AttributeError: 'Member' object has no attribute 'timed_out_until'
Ignoring exception in on_member_update
Traceback (most recent call last):
  File "/usr/local/lib/python3.12/site-packages/discord/client.py", line 465, in _run_event
    await coro(*args, **kwargs)
  File "/app/asu_discord/cogs/analytics.py", line 652, in on_member_update
    before_timeout = before.timed_out_until
                     ^^^^^^^^^^^^^^^^^^^^^^
AttributeError: 'Member' object has no attribute 'timed_out_until'
Ignoring exception in on_member_update
Traceback (most recent call last):
  File "/usr/local/lib/python3.12/site-packages/discord/client.py", line 465, in _run_event
    await coro(*args, **kwargs)
  File "/app/asu_discord/cogs/analytics.py", line 652, in on_member_update
    before_timeout = before.timed_out_until
                     ^^^^^^^^^^^^^^^^^^^^^^
AttributeError: 'Member' object has no attribute 'timed_out_until'
Ignoring exception in on_member_update
Traceback (most recent call last):
  File "/usr/local/lib/python3.12/site-packages/discord/client.py", line 465, in _run_event
    await coro(*args, **kwargs)
  File "/app/asu_discord/cogs/analytics.py", line 652, in on_member_update
    before_timeout = before.timed_out_until
                     ^^^^^^^^^^^^^^^^^^^^^^
AttributeError: 'Member' object has no attribute 'timed_out_until'
Ignoring exception in on_member_update
Traceback (most recent call last):
  File "/usr/local/lib/python3.12/site-packages/discord/client.py", line 465, in _run_event
    await coro(*args, **kwargs)
  File "/app/asu_discord/cogs/analytics.py", line 652, in on_member_update
    before_timeout = before.timed_out_until
                     ^^^^^^^^^^^^^^^^^^^^^^
AttributeError: 'Member' object has no attribute 'timed_out_until'
Ignoring exception in on_member_update
Traceback (most recent call last):
  File "/usr/local/lib/python3.12/site-packages/discord/client.py", line 465, in _run_event
    await coro(*args, **kwargs)
  File "/app/asu_discord/cogs/analytics.py", line 652, in on_member_update
    before_timeout = before.timed_out_until
                     ^^^^^^^^^^^^^^^^^^^^^^
AttributeError: 'Member' object has no attribute 'timed_out_until'
Ignoring exception in on_member_update
Traceback (most recent call last):
  File "/usr/local/lib/python3.12/site-packages/discord/client.py", line 465, in _run_event
    await coro(*args, **kwargs)
  File "/app/asu_discord/cogs/analytics.py", line 652, in on_member_update
    before_timeout = before.timed_out_until
                     ^^^^^^^^^^^^^^^^^^^^^^
AttributeError: 'Member' object has no attribute 'timed_out_until'
Ignoring exception in on_member_update
Traceback (most recent call last):
  File "/usr/local/lib/python3.12/site-packages/discord/client.py", line 465, in _run_event
    await coro(*args, **kwargs)
  File "/app/asu_discord/cogs/analytics.py", line 652, in on_member_update
    before_timeout = before.timed_out_until
                     ^^^^^^^^^^^^^^^^^^^^^^
AttributeError: 'Member' object has no attribute 'timed_out_until'
INFO:asu_discord.cogs.verification:Saved 6 roles to database for user crrothen@asu.edu (Discord ID: 1427311261074587651)
INFO:asu_discord.cogs.verification:Refreshed Salesforce roles for Discord user 1427311261074587651: -4/+6 roles, assigned=[Commited, First Generation Student, First Year, Herberger Institute for Design and the Arts, Out of State, Tempe]
Ignoring exception in on_member_update
Traceback (most recent call last):
  File "/usr/local/lib/python3.12/site-packages/discord/client.py", line 465, in _run_event
    await coro(*args, **kwargs)
  File "/app/asu_discord/cogs/analytics.py", line 652, in on_member_update
    before_timeout = before.timed_out_until
                     ^^^^^^^^^^^^^^^^^^^^^^
AttributeError: 'Member' object has no attribute 'timed_out_until'
Ignoring exception in on_member_update
Traceback (most recent call last):
  File "/usr/local/lib/python3.12/site-packages/discord/client.py", line 465, in _run_event
    await coro(*args, **kwargs)
  File "/app/asu_discord/cogs/analytics.py", line 652, in on_member_update
    before_timeout = before.timed_out_until
                     ^^^^^^^^^^^^^^^^^^^^^^
AttributeError: 'Member' object has no attribute 'timed_out_until'
Ignoring exception in on_member_update
Traceback (most recent call last):
  File "/usr/local/lib/python3.12/site-packages/discord/client.py", line 465, in _run_event
    await coro(*args, **kwargs)
  File "/app/asu_discord/cogs/analytics.py", line 652, in on_member_update
    before_timeout = before.timed_out_until
                     ^^^^^^^^^^^^^^^^^^^^^^
AttributeError: 'Member' object has no attribute 'timed_out_until'
Ignoring exception in on_member_update
Traceback (most recent call last):
  File "/usr/local/lib/python3.12/site-packages/discord/client.py", line 465, in _run_event
    await coro(*args, **kwargs)
  File "/app/asu_discord/cogs/analytics.py", line 652, in on_member_update
    before_timeout = before.timed_out_until
                     ^^^^^^^^^^^^^^^^^^^^^^
AttributeError: 'Member' object has no attribute 'timed_out_until'
Ignoring exception in on_member_update
Traceback (most recent call last):
  File "/usr/local/lib/python3.12/site-packages/discord/client.py", line 465, in _run_event
    await coro(*args, **kwargs)
  File "/app/asu_discord/cogs/analytics.py", line 652, in on_member_update
    before_timeout = before.timed_out_until
                     ^^^^^^^^^^^^^^^^^^^^^^
AttributeError: 'Member' object has no attribute 'timed_out_until'
Ignoring exception in on_member_update
Traceback (most recent call last):
  File "/usr/local/lib/python3.12/site-packages/discord/client.py", line 465, in _run_event
    await coro(*args, **kwargs)
  File "/app/asu_discord/cogs/analytics.py", line 652, in on_member_update
    before_timeout = before.timed_out_until
                     ^^^^^^^^^^^^^^^^^^^^^^
AttributeError: 'Member' object has no attribute 'timed_out_until'
Ignoring exception in on_member_update
Traceback (most recent call last):
  File "/usr/local/lib/python3.12/site-packages/discord/client.py", line 465, in _run_event
    await coro(*args, **kwargs)
  File "/app/asu_discord/cogs/analytics.py", line 652, in on_member_update
    before_timeout = before.timed_out_until
                     ^^^^^^^^^^^^^^^^^^^^^^
AttributeError: 'Member' object has no attribute 'timed_out_until'
INFO:asu_discord.cogs.verification:Saved 4 roles to database for user pramir61@asu.edu (Discord ID: 985597660322996284)
INFO:asu_discord.cogs.verification:Refreshed Salesforce roles for Discord user 985597660322996284: -4/+3 roles, assigned=[Arizona Resident, Downtown Phoenix, First Year, Watts College of Public Service and Community Solutions]
Ignoring exception in on_member_update
Traceback (most recent call last):
  File "/usr/local/lib/python3.12/site-packages/discord/client.py", line 465, in _run_event
    await coro(*args, **kwargs)
  File "/app/asu_discord/cogs/analytics.py", line 652, in on_member_update
    before_timeout = before.timed_out_until
                     ^^^^^^^^^^^^^^^^^^^^^^
AttributeError: 'Member' object has no attribute 'timed_out_until'
Ignoring exception in on_member_update
Traceback (most recent call last):
  File "/usr/local/lib/python3.12/site-packages/discord/client.py", line 465, in _run_event
    await coro(*args, **kwargs)
  File "/app/asu_discord/cogs/analytics.py", line 652, in on_member_update
    before_timeout = before.timed_out_until
                     ^^^^^^^^^^^^^^^^^^^^^^
AttributeError: 'Member' object has no attribute 'timed_out_until'
Ignoring exception in on_member_update
Traceback (most recent call last):
  File "/usr/local/lib/python3.12/site-packages/discord/client.py", line 465, in _run_event
    await coro(*args, **kwargs)
  File "/app/asu_discord/cogs/analytics.py", line 652, in on_member_update
    before_timeout = before.timed_out_until
                     ^^^^^^^^^^^^^^^^^^^^^^
AttributeError: 'Member' object has no attribute 'timed_out_until'
Ignoring exception in on_member_update
Traceback (most recent call last):
  File "/usr/local/lib/python3.12/site-packages/discord/client.py", line 465, in _run_event
    await coro(*args, **kwargs)
  File "/app/asu_discord/cogs/analytics.py", line 652, in on_member_update
    before_timeout = before.timed_out_until
                     ^^^^^^^^^^^^^^^^^^^^^^
AttributeError: 'Member' object has no attribute 'timed_out_until'
Ignoring exception in on_member_update
Traceback (most recent call last):
  File "/usr/local/lib/python3.12/site-packages/discord/client.py", line 465, in _run_event
    await coro(*args, **kwargs)
  File "/app/asu_discord/cogs/analytics.py", line 652, in on_member_update
    before_timeout = before.timed_out_until
                     ^^^^^^^^^^^^^^^^^^^^^^
AttributeError: 'Member' object has no attribute 'timed_out_until'
Ignoring exception in on_member_update
Traceback (most recent call last):
  File "/usr/local/lib/python3.12/site-packages/discord/client.py", line 465, in _run_event
    await coro(*args, **kwargs)
  File "/app/asu_discord/cogs/analytics.py", line 652, in on_member_update
    before_timeout = before.timed_out_until
                     ^^^^^^^^^^^^^^^^^^^^^^
AttributeError: 'Member' object has no attribute 'timed_out_until'
Ignoring exception in on_member_update
Traceback (most recent call last):
  File "/usr/local/lib/python3.12/site-packages/discord/client.py", line 465, in _run_event
    await coro(*args, **kwargs)
  File "/app/asu_discord/cogs/analytics.py", line 652, in on_member_update
    before_timeout = before.timed_out_until
                     ^^^^^^^^^^^^^^^^^^^^^^
AttributeError: 'Member' object has no attribute 'timed_out_until'
Ignoring exception in on_member_update
Traceback (most recent call last):
  File "/usr/local/lib/python3.12/site-packages/discord/client.py", line 465, in _run_event
    await coro(*args, **kwargs)
  File "/app/asu_discord/cogs/analytics.py", line 652, in on_member_update
    before_timeout = before.timed_out_until
                     ^^^^^^^^^^^^^^^^^^^^^^
AttributeError: 'Member' object has no attribute 'timed_out_until'
Ignoring exception in on_member_update
Traceback (most recent call last):
  File "/usr/local/lib/python3.12/site-packages/discord/client.py", line 465, in _run_event
    await coro(*args, **kwargs)
  File "/app/asu_discord/cogs/analytics.py", line 652, in on_member_update
    before_timeout = before.timed_out_until
                     ^^^^^^^^^^^^^^^^^^^^^^
AttributeError: 'Member' object has no attribute 'timed_out_until'
Ignoring exception in on_member_update
Traceback (most recent call last):
  File "/usr/local/lib/python3.12/site-packages/discord/client.py", line 465, in _run_event
    await coro(*args, **kwargs)
  File "/app/asu_discord/cogs/analytics.py", line 652, in on_member_update
    before_timeout = before.timed_out_until
                     ^^^^^^^^^^^^^^^^^^^^^^
AttributeError: 'Member' object has no attribute 'timed_out_until'
Ignoring exception in on_member_update
Traceback (most recent call last):
  File "/usr/local/lib/python3.12/site-packages/discord/client.py", line 465, in _run_event
    await coro(*args, **kwargs)
  File "/app/asu_discord/cogs/analytics.py", line 652, in on_member_update
    before_timeout = before.timed_out_until
                     ^^^^^^^^^^^^^^^^^^^^^^
AttributeError: 'Member' object has no attribute 'timed_out_until'
INFO:asu_discord.cogs.verification:Saved 6 roles to database for user jtannato@asu.edu (Discord ID: 755924271318040656)
INFO:asu_discord.cogs.verification:Refreshed Salesforce roles for Discord user 755924271318040656: -5/+6 roles, assigned=[Arizona Resident, College of Liberal Arts and Sciences, Commited, Tempe, Transfer Student, Upperclassmen]
Ignoring exception in on_member_update
Traceback (most recent call last):
  File "/usr/local/lib/python3.12/site-packages/discord/client.py", line 465, in _run_event
    await coro(*args, **kwargs)
  File "/app/asu_discord/cogs/analytics.py", line 652, in on_member_update
    before_timeout = before.timed_out_until
                     ^^^^^^^^^^^^^^^^^^^^^^
AttributeError: 'Member' object has no attribute 'timed_out_until'
Ignoring exception in on_member_update
Traceback (most recent call last):
  File "/usr/local/lib/python3.12/site-packages/discord/client.py", line 465, in _run_event
    await coro(*args, **kwargs)
  File "/app/asu_discord/cogs/analytics.py", line 652, in on_member_update
    before_timeout = before.timed_out_until
                     ^^^^^^^^^^^^^^^^^^^^^^
AttributeError: 'Member' object has no attribute 'timed_out_until'
Ignoring exception in on_member_update
Traceback (most recent call last):
  File "/usr/local/lib/python3.12/site-packages/discord/client.py", line 465, in _run_event
    await coro(*args, **kwargs)
  File "/app/asu_discord/cogs/analytics.py", line 652, in on_member_update
    before_timeout = before.timed_out_until
                     ^^^^^^^^^^^^^^^^^^^^^^
AttributeError: 'Member' object has no attribute 'timed_out_until'
Ignoring exception in on_member_update
Traceback (most recent call last):
  File "/usr/local/lib/python3.12/site-packages/discord/client.py", line 465, in _run_event
    await coro(*args, **kwargs)
  File "/app/asu_discord/cogs/analytics.py", line 652, in on_member_update
    before_timeout = before.timed_out_until
                     ^^^^^^^^^^^^^^^^^^^^^^
AttributeError: 'Member' object has no attribute 'timed_out_until'
Ignoring exception in on_member_update
Traceback (most recent call last):
  File "/usr/local/lib/python3.12/site-packages/discord/client.py", line 465, in _run_event
    await coro(*args, **kwargs)
  File "/app/asu_discord/cogs/analytics.py", line 652, in on_member_update
    before_timeout = before.timed_out_until
                     ^^^^^^^^^^^^^^^^^^^^^^
AttributeError: 'Member' object has no attribute 'timed_out_until'
Ignoring exception in on_member_update
Traceback (most recent call last):
  File "/usr/local/lib/python3.12/site-packages/discord/client.py", line 465, in _run_event
    await coro(*args, **kwargs)
  File "/app/asu_discord/cogs/analytics.py", line 652, in on_member_update
    before_timeout = before.timed_out_until
                     ^^^^^^^^^^^^^^^^^^^^^^
AttributeError: 'Member' object has no attribute 'timed_out_until'
Ignoring exception in on_member_update
Traceback (most recent call last):
  File "/usr/local/lib/python3.12/site-packages/discord/client.py", line 465, in _run_event
    await coro(*args, **kwargs)
  File "/app/asu_discord/cogs/analytics.py", line 652, in on_member_update
    before_timeout = before.timed_out_until
                     ^^^^^^^^^^^^^^^^^^^^^^
AttributeError: 'Member' object has no attribute 'timed_out_until'
Ignoring exception in on_member_update
Traceback (most recent call last):
  File "/usr/local/lib/python3.12/site-packages/discord/client.py", line 465, in _run_event
    await coro(*args, **kwargs)
  File "/app/asu_discord/cogs/analytics.py", line 652, in on_member_update
    before_timeout = before.timed_out_until
                     ^^^^^^^^^^^^^^^^^^^^^^
AttributeError: 'Member' object has no attribute 'timed_out_until'
Ignoring exception in on_member_update
Traceback (most recent call last):
  File "/usr/local/lib/python3.12/site-packages/discord/client.py", line 465, in _run_event
    await coro(*args, **kwargs)
  File "/app/asu_discord/cogs/analytics.py", line 652, in on_member_update
    before_timeout = before.timed_out_until
                     ^^^^^^^^^^^^^^^^^^^^^^
AttributeError: 'Member' object has no attribute 'timed_out_until'
INFO:asu_discord.cogs.verification:Saved 5 roles to database for user jcordo34@asu.edu (Discord ID: 733758000598089770)
INFO:asu_discord.cogs.verification:Refreshed Salesforce roles for Discord user 733758000598089770: -4/+5 roles, assigned=[Arizona Resident, First Generation Student, First Year, New College of Interdisciplinary Arts and Sciences, Tempe]
ERROR:cron.jobs:refresh_salesforce_roles: failed for bmbobadi (Discord ID 965059404460355605): Failed to refresh Salesforce-based roles: Discord user 965059404460355605 is not a member of the guild
Ignoring exception in on_member_update
Traceback (most recent call last):
  File "/usr/local/lib/python3.12/site-packages/discord/client.py", line 465, in _run_event
    await coro(*args, **kwargs)
  File "/app/asu_discord/cogs/analytics.py", line 652, in on_member_update
    before_timeout = before.timed_out_until
                     ^^^^^^^^^^^^^^^^^^^^^^
AttributeError: 'Member' object has no attribute 'timed_out_until'
Ignoring exception in on_member_update
Traceback (most recent call last):
  File "/usr/local/lib/python3.12/site-packages/discord/client.py", line 465, in _run_event
    await coro(*args, **kwargs)
  File "/app/asu_discord/cogs/analytics.py", line 652, in on_member_update
    before_timeout = before.timed_out_until
                     ^^^^^^^^^^^^^^^^^^^^^^
AttributeError: 'Member' object has no attribute 'timed_out_until'
Ignoring exception in on_member_update
Traceback (most recent call last):
  File "/usr/local/lib/python3.12/site-packages/discord/client.py", line 465, in _run_event
    await coro(*args, **kwargs)
  File "/app/asu_discord/cogs/analytics.py", line 652, in on_member_update
    before_timeout = before.timed_out_until
                     ^^^^^^^^^^^^^^^^^^^^^^
AttributeError: 'Member' object has no attribute 'timed_out_until'
Ignoring exception in on_member_update
Traceback (most recent call last):
  File "/usr/local/lib/python3.12/site-packages/discord/client.py", line 465, in _run_event
    await coro(*args, **kwargs)
  File "/app/asu_discord/cogs/analytics.py", line 652, in on_member_update
    before_timeout = before.timed_out_until
                     ^^^^^^^^^^^^^^^^^^^^^^
AttributeError: 'Member' object has no attribute 'timed_out_until'
Ignoring exception in on_member_update
Traceback (most recent call last):
  File "/usr/local/lib/python3.12/site-packages/discord/client.py", line 465, in _run_event
    await coro(*args, **kwargs)
  File "/app/asu_discord/cogs/analytics.py", line 652, in on_member_update
    before_timeout = before.timed_out_until
                     ^^^^^^^^^^^^^^^^^^^^^^
AttributeError: 'Member' object has no attribute 'timed_out_until'
Ignoring exception in on_member_update
Traceback (most recent call last):
  File "/usr/local/lib/python3.12/site-packages/discord/client.py", line 465, in _run_event
    await coro(*args, **kwargs)
  File "/app/asu_discord/cogs/analytics.py", line 652, in on_member_update
    before_timeout = before.timed_out_until
                     ^^^^^^^^^^^^^^^^^^^^^^
AttributeError: 'Member' object has no attribute 'timed_out_until'
Ignoring exception in on_member_update
Traceback (most recent call last):
  File "/usr/local/lib/python3.12/site-packages/discord/client.py", line 465, in _run_event
    await coro(*args, **kwargs)
  File "/app/asu_discord/cogs/analytics.py", line 652, in on_member_update
    before_timeout = before.timed_out_until
                     ^^^^^^^^^^^^^^^^^^^^^^
AttributeError: 'Member' object has no attribute 'timed_out_until'
Ignoring exception in on_member_update
Traceback (most recent call last):
  File "/usr/local/lib/python3.12/site-packages/discord/client.py", line 465, in _run_event
    await coro(*args, **kwargs)
  File "/app/asu_discord/cogs/analytics.py", line 652, in on_member_update
    before_timeout = before.timed_out_until
                     ^^^^^^^^^^^^^^^^^^^^^^
AttributeError: 'Member' object has no attribute 'timed_out_until'
Ignoring exception in on_member_update
Traceback (most recent call last):
  File "/usr/local/lib/python3.12/site-packages/discord/client.py", line 465, in _run_event
    await coro(*args, **kwargs)
  File "/app/asu_discord/cogs/analytics.py", line 652, in on_member_update
    before_timeout = before.timed_out_until
                     ^^^^^^^^^^^^^^^^^^^^^^
AttributeError: 'Member' object has no attribute 'timed_out_until'
Ignoring exception in on_member_update
Traceback (most recent call last):
  File "/usr/local/lib/python3.12/site-packages/discord/client.py", line 465, in _run_event
    await coro(*args, **kwargs)
  File "/app/asu_discord/cogs/analytics.py", line 652, in on_member_update
    before_timeout = before.timed_out_until
                     ^^^^^^^^^^^^^^^^^^^^^^
AttributeError: 'Member' object has no attribute 'timed_out_until'
INFO:asu_discord.cogs.verification:Saved 5 roles to database for user tjwalk15@asu.edu (Discord ID: 133889941271871488)
INFO:asu_discord.cogs.verification:Refreshed Salesforce roles for Discord user 133889941271871488: -5/+5 roles, assigned=[Ira A. Fulton Schools of Engineering, Online, Out of State, Transfer Student, Upperclassmen]
Ignoring exception in on_member_update
Traceback (most recent call last):
  File "/usr/local/lib/python3.12/site-packages/discord/client.py", line 465, in _run_event
    await coro(*args, **kwargs)
  File "/app/asu_discord/cogs/analytics.py", line 652, in on_member_update
    before_timeout = before.timed_out_until
                     ^^^^^^^^^^^^^^^^^^^^^^
AttributeError: 'Member' object has no attribute 'timed_out_until'
Ignoring exception in on_member_update
Traceback (most recent call last):
  File "/usr/local/lib/python3.12/site-packages/discord/client.py", line 465, in _run_event
    await coro(*args, **kwargs)
  File "/app/asu_discord/cogs/analytics.py", line 652, in on_member_update
    before_timeout = before.timed_out_until
                     ^^^^^^^^^^^^^^^^^^^^^^
AttributeError: 'Member' object has no attribute 'timed_out_until'
Ignoring exception in on_member_update
Traceback (most recent call last):
  File "/usr/local/lib/python3.12/site-packages/discord/client.py", line 465, in _run_event
    await coro(*args, **kwargs)
  File "/app/asu_discord/cogs/analytics.py", line 652, in on_member_update
    before_timeout = before.timed_out_until
                     ^^^^^^^^^^^^^^^^^^^^^^
AttributeError: 'Member' object has no attribute 'timed_out_until'
Ignoring exception in on_member_update
Traceback (most recent call last):
  File "/usr/local/lib/python3.12/site-packages/discord/client.py", line 465, in _run_event
    await coro(*args, **kwargs)
  File "/app/asu_discord/cogs/analytics.py", line 652, in on_member_update
    before_timeout = before.timed_out_until
                     ^^^^^^^^^^^^^^^^^^^^^^
AttributeError: 'Member' object has no attribute 'timed_out_until'
Ignoring exception in on_member_update
Traceback (most recent call last):
  File "/usr/local/lib/python3.12/site-packages/discord/client.py", line 465, in _run_event
    await coro(*args, **kwargs)
  File "/app/asu_discord/cogs/analytics.py", line 652, in on_member_update
    before_timeout = before.timed_out_until
                     ^^^^^^^^^^^^^^^^^^^^^^
AttributeError: 'Member' object has no attribute 'timed_out_until'
Ignoring exception in on_member_update
Traceback (most recent call last):
  File "/usr/local/lib/python3.12/site-packages/discord/client.py", line 465, in _run_event
    await coro(*args, **kwargs)
  File "/app/asu_discord/cogs/analytics.py", line 652, in on_member_update
    before_timeout = before.timed_out_until
                     ^^^^^^^^^^^^^^^^^^^^^^
AttributeError: 'Member' object has no attribute 'timed_out_until'
Ignoring exception in on_member_update
Traceback (most recent call last):
  File "/usr/local/lib/python3.12/site-packages/discord/client.py", line 465, in _run_event
    await coro(*args, **kwargs)
  File "/app/asu_discord/cogs/analytics.py", line 652, in on_member_update
    before_timeout = before.timed_out_until
                     ^^^^^^^^^^^^^^^^^^^^^^
AttributeError: 'Member' object has no attribute 'timed_out_until'
Ignoring exception in on_member_update
Traceback (most recent call last):
  File "/usr/local/lib/python3.12/site-packages/discord/client.py", line 465, in _run_event
    await coro(*args, **kwargs)
  File "/app/asu_discord/cogs/analytics.py", line 652, in on_member_update
    before_timeout = before.timed_out_until
                     ^^^^^^^^^^^^^^^^^^^^^^
AttributeError: 'Member' object has no attribute 'timed_out_until'
Ignoring exception in on_member_update
Traceback (most recent call last):
  File "/usr/local/lib/python3.12/site-packages/discord/client.py", line 465, in _run_event
    await coro(*args, **kwargs)
  File "/app/asu_discord/cogs/analytics.py", line 652, in on_member_update
    before_timeout = before.timed_out_until
                     ^^^^^^^^^^^^^^^^^^^^^^
AttributeError: 'Member' object has no attribute 'timed_out_until'
Ignoring exception in on_member_update
Traceback (most recent call last):
  File "/usr/local/lib/python3.12/site-packages/discord/client.py", line 465, in _run_event
    await coro(*args, **kwargs)
  File "/app/asu_discord/cogs/analytics.py", line 652, in on_member_update
    before_timeout = before.timed_out_until
                     ^^^^^^^^^^^^^^^^^^^^^^
AttributeError: 'Member' object has no attribute 'timed_out_until'
INFO:asu_discord.cogs.verification:Saved 5 roles to database for user taylorre@asu.edu (Discord ID: 833780011990908999)
INFO:asu_discord.cogs.verification:Refreshed Salesforce roles for Discord user 833780011990908999: -5/+5 roles, assigned=[Commited, First Year, Mary Lou Fulton Teachers College, Out of State, Tempe]
Ignoring exception in on_member_update
Traceback (most recent call last):
  File "/usr/local/lib/python3.12/site-packages/discord/client.py", line 465, in _run_event
    await coro(*args, **kwargs)
  File "/app/asu_discord/cogs/analytics.py", line 652, in on_member_update
    before_timeout = before.timed_out_until
                     ^^^^^^^^^^^^^^^^^^^^^^
AttributeError: 'Member' object has no attribute 'timed_out_until'
Ignoring exception in on_member_update
Traceback (most recent call last):
  File "/usr/local/lib/python3.12/site-packages/discord/client.py", line 465, in _run_event
    await coro(*args, **kwargs)
  File "/app/asu_discord/cogs/analytics.py", line 652, in on_member_update
    before_timeout = before.timed_out_until
                     ^^^^^^^^^^^^^^^^^^^^^^
AttributeError: 'Member' object has no attribute 'timed_out_until'
Ignoring exception in on_member_update
Traceback (most recent call last):
  File "/usr/local/lib/python3.12/site-packages/discord/client.py", line 465, in _run_event
    await coro(*args, **kwargs)
  File "/app/asu_discord/cogs/analytics.py", line 652, in on_member_update
    before_timeout = before.timed_out_until
                     ^^^^^^^^^^^^^^^^^^^^^^
AttributeError: 'Member' object has no attribute 'timed_out_until'
Ignoring exception in on_member_update
Traceback (most recent call last):
  File "/usr/local/lib/python3.12/site-packages/discord/client.py", line 465, in _run_event
    await coro(*args, **kwargs)
  File "/app/asu_discord/cogs/analytics.py", line 652, in on_member_update
    before_timeout = before.timed_out_until
                     ^^^^^^^^^^^^^^^^^^^^^^
AttributeError: 'Member' object has no attribute 'timed_out_until'
Ignoring exception in on_member_update
Traceback (most recent call last):
  File "/usr/local/lib/python3.12/site-packages/discord/client.py", line 465, in _run_event
    await coro(*args, **kwargs)
  File "/app/asu_discord/cogs/analytics.py", line 652, in on_member_update
    before_timeout = before.timed_out_until
                     ^^^^^^^^^^^^^^^^^^^^^^
AttributeError: 'Member' object has no attribute 'timed_out_until'
Ignoring exception in on_member_update
Traceback (most recent call last):
  File "/usr/local/lib/python3.12/site-packages/discord/client.py", line 465, in _run_event
    await coro(*args, **kwargs)
  File "/app/asu_discord/cogs/analytics.py", line 652, in on_member_update
    before_timeout = before.timed_out_until
                     ^^^^^^^^^^^^^^^^^^^^^^
AttributeError: 'Member' object has no attribute 'timed_out_until'
Ignoring exception in on_member_update
Traceback (most recent call last):
  File "/usr/local/lib/python3.12/site-packages/discord/client.py", line 465, in _run_event
    await coro(*args, **kwargs)
  File "/app/asu_discord/cogs/analytics.py", line 652, in on_member_update
    before_timeout = before.timed_out_until
                     ^^^^^^^^^^^^^^^^^^^^^^
AttributeError: 'Member' object has no attribute 'timed_out_until'
Ignoring exception in on_member_update
Traceback (most recent call last):
  File "/usr/local/lib/python3.12/site-packages/discord/client.py", line 465, in _run_event
    await coro(*args, **kwargs)
  File "/app/asu_discord/cogs/analytics.py", line 652, in on_member_update
    before_timeout = before.timed_out_until
                     ^^^^^^^^^^^^^^^^^^^^^^
AttributeError: 'Member' object has no attribute 'timed_out_until'
INFO:asu_discord.cogs.verification:Saved 4 roles to database for user ecota123@asu.edu (Discord ID: 717180201695707146)
INFO:asu_discord.cogs.verification:Refreshed Salesforce roles for Discord user 717180201695707146: -4/+4 roles, assigned=[Arizona Resident, First Year, Ira A. Fulton Schools of Engineering, Tempe]
Ignoring exception in on_member_update
Traceback (most recent call last):
  File "/usr/local/lib/python3.12/site-packages/discord/client.py", line 465, in _run_event
    await coro(*args, **kwargs)
  File "/app/asu_discord/cogs/analytics.py", line 652, in on_member_update
    before_timeout = before.timed_out_until
                     ^^^^^^^^^^^^^^^^^^^^^^
AttributeError: 'Member' object has no attribute 'timed_out_until'
Ignoring exception in on_member_update
Traceback (most recent call last):
  File "/usr/local/lib/python3.12/site-packages/discord/client.py", line 465, in _run_event
    await coro(*args, **kwargs)
  File "/app/asu_discord/cogs/analytics.py", line 652, in on_member_update
    before_timeout = before.timed_out_until
                     ^^^^^^^^^^^^^^^^^^^^^^
AttributeError: 'Member' object has no attribute 'timed_out_until'
Ignoring exception in on_member_update
Traceback (most recent call last):
  File "/usr/local/lib/python3.12/site-packages/discord/client.py", line 465, in _run_event
    await coro(*args, **kwargs)
  File "/app/asu_discord/cogs/analytics.py", line 652, in on_member_update
    before_timeout = before.timed_out_until
                     ^^^^^^^^^^^^^^^^^^^^^^
AttributeError: 'Member' object has no attribute 'timed_out_until'
Ignoring exception in on_member_update
Traceback (most recent call last):
  File "/usr/local/lib/python3.12/site-packages/discord/client.py", line 465, in _run_event
    await coro(*args, **kwargs)
  File "/app/asu_discord/cogs/analytics.py", line 652, in on_member_update
    before_timeout = before.timed_out_until
                     ^^^^^^^^^^^^^^^^^^^^^^
AttributeError: 'Member' object has no attribute 'timed_out_until'
Ignoring exception in on_member_update
Traceback (most recent call last):
  File "/usr/local/lib/python3.12/site-packages/discord/client.py", line 465, in _run_event
    await coro(*args, **kwargs)
  File "/app/asu_discord/cogs/analytics.py", line 652, in on_member_update
    before_timeout = before.timed_out_until
                     ^^^^^^^^^^^^^^^^^^^^^^
AttributeError: 'Member' object has no attribute 'timed_out_until'
Ignoring exception in on_member_update
Traceback (most recent call last):
  File "/usr/local/lib/python3.12/site-packages/discord/client.py", line 465, in _run_event
    await coro(*args, **kwargs)
  File "/app/asu_discord/cogs/analytics.py", line 652, in on_member_update
    before_timeout = before.timed_out_until
                     ^^^^^^^^^^^^^^^^^^^^^^
AttributeError: 'Member' object has no attribute 'timed_out_until'
Ignoring exception in on_member_update
Traceback (most recent call last):
  File "/usr/local/lib/python3.12/site-packages/discord/client.py", line 465, in _run_event
    await coro(*args, **kwargs)
  File "/app/asu_discord/cogs/analytics.py", line 652, in on_member_update
    before_timeout = before.timed_out_until
                     ^^^^^^^^^^^^^^^^^^^^^^
AttributeError: 'Member' object has no attribute 'timed_out_until'
Ignoring exception in on_member_update
Traceback (most recent call last):
  File "/usr/local/lib/python3.12/site-packages/discord/client.py", line 465, in _run_event
    await coro(*args, **kwargs)
  File "/app/asu_discord/cogs/analytics.py", line 652, in on_member_update
    before_timeout = before.timed_out_until
                     ^^^^^^^^^^^^^^^^^^^^^^
AttributeError: 'Member' object has no attribute 'timed_out_until'
Ignoring exception in on_member_update
Traceback (most recent call last):
  File "/usr/local/lib/python3.12/site-packages/discord/client.py", line 465, in _run_event
    await coro(*args, **kwargs)
  File "/app/asu_discord/cogs/analytics.py", line 652, in on_member_update
    before_timeout = before.timed_out_until
                     ^^^^^^^^^^^^^^^^^^^^^^
AttributeError: 'Member' object has no attribute 'timed_out_until'
Ignoring exception in on_member_update
Traceback (most recent call last):
  File "/usr/local/lib/python3.12/site-packages/discord/client.py", line 465, in _run_event
    await coro(*args, **kwargs)
  File "/app/asu_discord/cogs/analytics.py", line 652, in on_member_update
    before_timeout = before.timed_out_until
                     ^^^^^^^^^^^^^^^^^^^^^^
AttributeError: 'Member' object has no attribute 'timed_out_until'
Ignoring exception in on_member_update
Traceback (most recent call last):
  File "/usr/local/lib/python3.12/site-packages/discord/client.py", line 465, in _run_event
    await coro(*args, **kwargs)
  File "/app/asu_discord/cogs/analytics.py", line 652, in on_member_update
    before_timeout = before.timed_out_until
                     ^^^^^^^^^^^^^^^^^^^^^^
AttributeError: 'Member' object has no attribute 'timed_out_until'
Ignoring exception in on_member_update
Traceback (most recent call last):
  File "/usr/local/lib/python3.12/site-packages/discord/client.py", line 465, in _run_event
    await coro(*args, **kwargs)
  File "/app/asu_discord/cogs/analytics.py", line 652, in on_member_update
    before_timeout = before.timed_out_until
                     ^^^^^^^^^^^^^^^^^^^^^^
AttributeError: 'Member' object has no attribute 'timed_out_until'
INFO:asu_discord.cogs.verification:Saved 6 roles to database for user jtipanha@asu.edu (Discord ID: 917540933581566032)
INFO:asu_discord.cogs.verification:Refreshed Salesforce roles for Discord user 917540933581566032: -6/+6 roles, assigned=[Arizona Resident, College of Liberal Arts and Sciences, Commited, First Year, Upperclassmen, West Valley]
Ignoring exception in on_member_update
Traceback (most recent call last):
  File "/usr/local/lib/python3.12/site-packages/discord/client.py", line 465, in _run_event
    await coro(*args, **kwargs)
  File "/app/asu_discord/cogs/analytics.py", line 652, in on_member_update
    before_timeout = before.timed_out_until
                     ^^^^^^^^^^^^^^^^^^^^^^
AttributeError: 'Member' object has no attribute 'timed_out_until'
Ignoring exception in on_member_update
Traceback (most recent call last):
  File "/usr/local/lib/python3.12/site-packages/discord/client.py", line 465, in _run_event
    await coro(*args, **kwargs)
  File "/app/asu_discord/cogs/analytics.py", line 652, in on_member_update
    before_timeout = before.timed_out_until
                     ^^^^^^^^^^^^^^^^^^^^^^
AttributeError: 'Member' object has no attribute 'timed_out_until'
Ignoring exception in on_member_update
Traceback (most recent call last):
  File "/usr/local/lib/python3.12/site-packages/discord/client.py", line 465, in _run_event
    await coro(*args, **kwargs)
  File "/app/asu_discord/cogs/analytics.py", line 652, in on_member_update
    before_timeout = before.timed_out_until
                     ^^^^^^^^^^^^^^^^^^^^^^
AttributeError: 'Member' object has no attribute 'timed_out_until'
Ignoring exception in on_member_update
Traceback (most recent call last):
  File "/usr/local/lib/python3.12/site-packages/discord/client.py", line 465, in _run_event
    await coro(*args, **kwargs)
  File "/app/asu_discord/cogs/analytics.py", line 652, in on_member_update
    before_timeout = before.timed_out_until
                     ^^^^^^^^^^^^^^^^^^^^^^
AttributeError: 'Member' object has no attribute 'timed_out_until'
Ignoring exception in on_member_update
Traceback (most recent call last):
  File "/usr/local/lib/python3.12/site-packages/discord/client.py", line 465, in _run_event
    await coro(*args, **kwargs)
  File "/app/asu_discord/cogs/analytics.py", line 652, in on_member_update
    before_timeout = before.timed_out_until
                     ^^^^^^^^^^^^^^^^^^^^^^
AttributeError: 'Member' object has no attribute 'timed_out_until'
Ignoring exception in on_member_update
Traceback (most recent call last):
  File "/usr/local/lib/python3.12/site-packages/discord/client.py", line 465, in _run_event
    await coro(*args, **kwargs)
  File "/app/asu_discord/cogs/analytics.py", line 652, in on_member_update
    before_timeout = before.timed_out_until
                     ^^^^^^^^^^^^^^^^^^^^^^
AttributeError: 'Member' object has no attribute 'timed_out_until'
Ignoring exception in on_member_update
Traceback (most recent call last):
  File "/usr/local/lib/python3.12/site-packages/discord/client.py", line 465, in _run_event
    await coro(*args, **kwargs)
  File "/app/asu_discord/cogs/analytics.py", line 652, in on_member_update
    before_timeout = before.timed_out_until
                     ^^^^^^^^^^^^^^^^^^^^^^
AttributeError: 'Member' object has no attribute 'timed_out_until'
Ignoring exception in on_member_update
Traceback (most recent call last):
  File "/usr/local/lib/python3.12/site-packages/discord/client.py", line 465, in _run_event
    await coro(*args, **kwargs)
  File "/app/asu_discord/cogs/analytics.py", line 652, in on_member_update
    before_timeout = before.timed_out_until
                     ^^^^^^^^^^^^^^^^^^^^^^
AttributeError: 'Member' object has no attribute 'timed_out_until'
Ignoring exception in on_member_update
Traceback (most recent call last):
  File "/usr/local/lib/python3.12/site-packages/discord/client.py", line 465, in _run_event
    await coro(*args, **kwargs)
  File "/app/asu_discord/cogs/analytics.py", line 652, in on_member_update
    before_timeout = before.timed_out_until
                     ^^^^^^^^^^^^^^^^^^^^^^
AttributeError: 'Member' object has no attribute 'timed_out_until'
Ignoring exception in on_member_update
Traceback (most recent call last):
  File "/usr/local/lib/python3.12/site-packages/discord/client.py", line 465, in _run_event
    await coro(*args, **kwargs)
  File "/app/asu_discord/cogs/analytics.py", line 652, in on_member_update
    before_timeout = before.timed_out_until
                     ^^^^^^^^^^^^^^^^^^^^^^
AttributeError: 'Member' object has no attribute 'timed_out_until'
Ignoring exception in on_member_update
Traceback (most recent call last):
  File "/usr/local/lib/python3.12/site-packages/discord/client.py", line 465, in _run_event
    await coro(*args, **kwargs)
  File "/app/asu_discord/cogs/analytics.py", line 652, in on_member_update
    before_timeout = before.timed_out_until
                     ^^^^^^^^^^^^^^^^^^^^^^
AttributeError: 'Member' object has no attribute 'timed_out_until'
Ignoring exception in on_member_update
Traceback (most recent call last):
  File "/usr/local/lib/python3.12/site-packages/discord/client.py", line 465, in _run_event
    await coro(*args, **kwargs)
  File "/app/asu_discord/cogs/analytics.py", line 652, in on_member_update
    before_timeout = before.timed_out_until
                     ^^^^^^^^^^^^^^^^^^^^^^
AttributeError: 'Member' object has no attribute 'timed_out_until'
INFO:asu_discord.cogs.verification:Saved 6 roles to database for user ybandi@asu.edu (Discord ID: 1433653553532243978)
INFO:asu_discord.cogs.verification:Refreshed Salesforce roles for Discord user 1433653553532243978: -6/+6 roles, assigned=[Arizona Resident, Commited, First Year, Herberger Institute for Design and the Arts, Tempe, Upperclassmen]
ERROR:cron.jobs:refresh_salesforce_roles: failed for ccamp105 (Discord ID 310864401257201665): Failed to refresh Salesforce-based roles: Discord user 310864401257201665 is not a member of the guild
Ignoring exception in on_member_update
Traceback (most recent call last):
  File "/usr/local/lib/python3.12/site-packages/discord/client.py", line 465, in _run_event
    await coro(*args, **kwargs)
  File "/app/asu_discord/cogs/analytics.py", line 652, in on_member_update
    before_timeout = before.timed_out_until
                     ^^^^^^^^^^^^^^^^^^^^^^
AttributeError: 'Member' object has no attribute 'timed_out_until'
INFO:asu_discord.cogs.verification:Saved 1 roles to database for user dmvince3@asu.edu (Discord ID: 495727481664438274)
INFO:asu_discord.cogs.verification:Refreshed Salesforce roles for Discord user 495727481664438274: -0/+1 roles, assigned=[Out of State]
Ignoring exception in on_member_update
Traceback (most recent call last):
  File "/usr/local/lib/python3.12/site-packages/discord/client.py", line 465, in _run_event
    await coro(*args, **kwargs)
  File "/app/asu_discord/cogs/analytics.py", line 652, in on_member_update
    before_timeout = before.timed_out_until
                     ^^^^^^^^^^^^^^^^^^^^^^
AttributeError: 'Member' object has no attribute 'timed_out_until'
Ignoring exception in on_member_update
Traceback (most recent call last):
  File "/usr/local/lib/python3.12/site-packages/discord/client.py", line 465, in _run_event
    await coro(*args, **kwargs)
  File "/app/asu_discord/cogs/analytics.py", line 652, in on_member_update
    before_timeout = before.timed_out_until
                     ^^^^^^^^^^^^^^^^^^^^^^
AttributeError: 'Member' object has no attribute 'timed_out_until'
Ignoring exception in on_member_update
Traceback (most recent call last):
  File "/usr/local/lib/python3.12/site-packages/discord/client.py", line 465, in _run_event
    await coro(*args, **kwargs)
  File "/app/asu_discord/cogs/analytics.py", line 652, in on_member_update
    before_timeout = before.timed_out_until
                     ^^^^^^^^^^^^^^^^^^^^^^
AttributeError: 'Member' object has no attribute 'timed_out_until'
Ignoring exception in on_member_update
Traceback (most recent call last):
  File "/usr/local/lib/python3.12/site-packages/discord/client.py", line 465, in _run_event
    await coro(*args, **kwargs)
  File "/app/asu_discord/cogs/analytics.py", line 652, in on_member_update
    before_timeout = before.timed_out_until
                     ^^^^^^^^^^^^^^^^^^^^^^
AttributeError: 'Member' object has no attribute 'timed_out_until'
Ignoring exception in on_member_update
Traceback (most recent call last):
  File "/usr/local/lib/python3.12/site-packages/discord/client.py", line 465, in _run_event
    await coro(*args, **kwargs)
  File "/app/asu_discord/cogs/analytics.py", line 652, in on_member_update
    before_timeout = before.timed_out_until
                     ^^^^^^^^^^^^^^^^^^^^^^
AttributeError: 'Member' object has no attribute 'timed_out_until'
Ignoring exception in on_member_update
Traceback (most recent call last):
  File "/usr/local/lib/python3.12/site-packages/discord/client.py", line 465, in _run_event
    await coro(*args, **kwargs)
  File "/app/asu_discord/cogs/analytics.py", line 652, in on_member_update
    before_timeout = before.timed_out_until
                     ^^^^^^^^^^^^^^^^^^^^^^
AttributeError: 'Member' object has no attribute 'timed_out_until'
Ignoring exception in on_member_update
Traceback (most recent call last):
  File "/usr/local/lib/python3.12/site-packages/discord/client.py", line 465, in _run_event
    await coro(*args, **kwargs)
  File "/app/asu_discord/cogs/analytics.py", line 652, in on_member_update
    before_timeout = before.timed_out_until
                     ^^^^^^^^^^^^^^^^^^^^^^
AttributeError: 'Member' object has no attribute 'timed_out_until'
Ignoring exception in on_member_update
Traceback (most recent call last):
  File "/usr/local/lib/python3.12/site-packages/discord/client.py", line 465, in _run_event
    await coro(*args, **kwargs)
  File "/app/asu_discord/cogs/analytics.py", line 652, in on_member_update
    before_timeout = before.timed_out_until
                     ^^^^^^^^^^^^^^^^^^^^^^
AttributeError: 'Member' object has no attribute 'timed_out_until'
Ignoring exception in on_member_update
Traceback (most recent call last):
  File "/usr/local/lib/python3.12/site-packages/discord/client.py", line 465, in _run_event
    await coro(*args, **kwargs)
  File "/app/asu_discord/cogs/analytics.py", line 652, in on_member_update
    before_timeout = before.timed_out_until
                     ^^^^^^^^^^^^^^^^^^^^^^
AttributeError: 'Member' object has no attribute 'timed_out_until'
INFO:asu_discord.cogs.verification:Saved 5 roles to database for user juliayap@asu.edu (Discord ID: 1011192952682446898)
INFO:asu_discord.cogs.verification:Refreshed Salesforce roles for Discord user 1011192952682446898: -5/+4 roles, assigned=[Arizona Resident, Commited, First Year, Ira A. Fulton Schools of Engineering, Tempe]
ERROR:cron.jobs:refresh_salesforce_roles: failed for rmperry9 (Discord ID 1280258712002363503): Failed to refresh Salesforce-based roles: Discord user 1280258712002363503 is not a member of the guild
Ignoring exception in on_member_update
Traceback (most recent call last):
  File "/usr/local/lib/python3.12/site-packages/discord/client.py", line 465, in _run_event
    await coro(*args, **kwargs)
  File "/app/asu_discord/cogs/analytics.py", line 652, in on_member_update
    before_timeout = before.timed_out_until
                     ^^^^^^^^^^^^^^^^^^^^^^
AttributeError: 'Member' object has no attribute 'timed_out_until'
Ignoring exception in on_member_update
Traceback (most recent call last):
  File "/usr/local/lib/python3.12/site-packages/discord/client.py", line 465, in _run_event
    await coro(*args, **kwargs)
  File "/app/asu_discord/cogs/analytics.py", line 652, in on_member_update
    before_timeout = before.timed_out_until
                     ^^^^^^^^^^^^^^^^^^^^^^
AttributeError: 'Member' object has no attribute 'timed_out_until'
Ignoring exception in on_member_update
Traceback (most recent call last):
  File "/usr/local/lib/python3.12/site-packages/discord/client.py", line 465, in _run_event
    await coro(*args, **kwargs)
  File "/app/asu_discord/cogs/analytics.py", line 652, in on_member_update
    before_timeout = before.timed_out_until
                     ^^^^^^^^^^^^^^^^^^^^^^
AttributeError: 'Member' object has no attribute 'timed_out_until'
Ignoring exception in on_member_update
Traceback (most recent call last):
  File "/usr/local/lib/python3.12/site-packages/discord/client.py", line 465, in _run_event
    await coro(*args, **kwargs)
  File "/app/asu_discord/cogs/analytics.py", line 652, in on_member_update
    before_timeout = before.timed_out_until
                     ^^^^^^^^^^^^^^^^^^^^^^
AttributeError: 'Member' object has no attribute 'timed_out_until'
Ignoring exception in on_member_update
Traceback (most recent call last):
  File "/usr/local/lib/python3.12/site-packages/discord/client.py", line 465, in _run_event
    await coro(*args, **kwargs)
  File "/app/asu_discord/cogs/analytics.py", line 652, in on_member_update
    before_timeout = before.timed_out_until
                     ^^^^^^^^^^^^^^^^^^^^^^
AttributeError: 'Member' object has no attribute 'timed_out_until'
Ignoring exception in on_member_update
Traceback (most recent call last):
  File "/usr/local/lib/python3.12/site-packages/discord/client.py", line 465, in _run_event
    await coro(*args, **kwargs)
  File "/app/asu_discord/cogs/analytics.py", line 652, in on_member_update
    before_timeout = before.timed_out_until
                     ^^^^^^^^^^^^^^^^^^^^^^
AttributeError: 'Member' object has no attribute 'timed_out_until'
Ignoring exception in on_member_update
Traceback (most recent call last):
  File "/usr/local/lib/python3.12/site-packages/discord/client.py", line 465, in _run_event
    await coro(*args, **kwargs)
  File "/app/asu_discord/cogs/analytics.py", line 652, in on_member_update
    before_timeout = before.timed_out_until
                     ^^^^^^^^^^^^^^^^^^^^^^
AttributeError: 'Member' object has no attribute 'timed_out_until'
Ignoring exception in on_member_update
Traceback (most recent call last):
  File "/usr/local/lib/python3.12/site-packages/discord/client.py", line 465, in _run_event
    await coro(*args, **kwargs)
  File "/app/asu_discord/cogs/analytics.py", line 652, in on_member_update
    before_timeout = before.timed_out_until
                     ^^^^^^^^^^^^^^^^^^^^^^
AttributeError: 'Member' object has no attribute 'timed_out_until'
Ignoring exception in on_member_update
Traceback (most recent call last):
  File "/usr/local/lib/python3.12/site-packages/discord/client.py", line 465, in _run_event
    await coro(*args, **kwargs)
  File "/app/asu_discord/cogs/analytics.py", line 652, in on_member_update
    before_timeout = before.timed_out_until
                     ^^^^^^^^^^^^^^^^^^^^^^
AttributeError: 'Member' object has no attribute 'timed_out_until'
Ignoring exception in on_member_update
Traceback (most recent call last):
  File "/usr/local/lib/python3.12/site-packages/discord/client.py", line 465, in _run_event
    await coro(*args, **kwargs)
  File "/app/asu_discord/cogs/analytics.py", line 652, in on_member_update
    before_timeout = before.timed_out_until
                     ^^^^^^^^^^^^^^^^^^^^^^
AttributeError: 'Member' object has no attribute 'timed_out_until'
INFO:asu_discord.cogs.verification:Saved 5 roles to database for user ndubey5@asu.edu (Discord ID: 433743315393970176)
INFO:asu_discord.cogs.verification:Refreshed Salesforce roles for Discord user 433743315393970176: -5/+5 roles, assigned=[Arizona Resident, Commited, Graduate Student, Ira A. Fulton Schools of Engineering, Tempe]
Ignoring exception in on_member_update
Traceback (most recent call last):
  File "/usr/local/lib/python3.12/site-packages/discord/client.py", line 465, in _run_event
    await coro(*args, **kwargs)
  File "/app/asu_discord/cogs/analytics.py", line 652, in on_member_update
    before_timeout = before.timed_out_until
                     ^^^^^^^^^^^^^^^^^^^^^^
AttributeError: 'Member' object has no attribute 'timed_out_until'
Ignoring exception in on_member_update
Traceback (most recent call last):
  File "/usr/local/lib/python3.12/site-packages/discord/client.py", line 465, in _run_event
    await coro(*args, **kwargs)
  File "/app/asu_discord/cogs/analytics.py", line 652, in on_member_update
    before_timeout = before.timed_out_until
                     ^^^^^^^^^^^^^^^^^^^^^^
AttributeError: 'Member' object has no attribute 'timed_out_until'
Ignoring exception in on_member_update
Traceback (most recent call last):
  File "/usr/local/lib/python3.12/site-packages/discord/client.py", line 465, in _run_event
    await coro(*args, **kwargs)
  File "/app/asu_discord/cogs/analytics.py", line 652, in on_member_update
    before_timeout = before.timed_out_until
                     ^^^^^^^^^^^^^^^^^^^^^^
AttributeError: 'Member' object has no attribute 'timed_out_until'
Ignoring exception in on_member_update
Traceback (most recent call last):
  File "/usr/local/lib/python3.12/site-packages/discord/client.py", line 465, in _run_event
    await coro(*args, **kwargs)
  File "/app/asu_discord/cogs/analytics.py", line 652, in on_member_update
    before_timeout = before.timed_out_until
                     ^^^^^^^^^^^^^^^^^^^^^^
AttributeError: 'Member' object has no attribute 'timed_out_until'
Ignoring exception in on_member_update
Traceback (most recent call last):
  File "/usr/local/lib/python3.12/site-packages/discord/client.py", line 465, in _run_event
    await coro(*args, **kwargs)
  File "/app/asu_discord/cogs/analytics.py", line 652, in on_member_update
    before_timeout = before.timed_out_until
                     ^^^^^^^^^^^^^^^^^^^^^^
AttributeError: 'Member' object has no attribute 'timed_out_until'
Ignoring exception in on_member_update
Traceback (most recent call last):
  File "/usr/local/lib/python3.12/site-packages/discord/client.py", line 465, in _run_event
    await coro(*args, **kwargs)
  File "/app/asu_discord/cogs/analytics.py", line 652, in on_member_update
    before_timeout = before.timed_out_until
                     ^^^^^^^^^^^^^^^^^^^^^^
AttributeError: 'Member' object has no attribute 'timed_out_until'
Ignoring exception in on_member_update
Traceback (most recent call last):
  File "/usr/local/lib/python3.12/site-packages/discord/client.py", line 465, in _run_event
    await coro(*args, **kwargs)
  File "/app/asu_discord/cogs/analytics.py", line 652, in on_member_update
    before_timeout = before.timed_out_until
                     ^^^^^^^^^^^^^^^^^^^^^^
AttributeError: 'Member' object has no attribute 'timed_out_until'
Ignoring exception in on_member_update
Traceback (most recent call last):
  File "/usr/local/lib/python3.12/site-packages/discord/client.py", line 465, in _run_event
    await coro(*args, **kwargs)
  File "/app/asu_discord/cogs/analytics.py", line 652, in on_member_update
    before_timeout = before.timed_out_until
                     ^^^^^^^^^^^^^^^^^^^^^^
AttributeError: 'Member' object has no attribute 'timed_out_until'
Ignoring exception in on_member_update
Traceback (most recent call last):
  File "/usr/local/lib/python3.12/site-packages/discord/client.py", line 465, in _run_event
    await coro(*args, **kwargs)
  File "/app/asu_discord/cogs/analytics.py", line 652, in on_member_update
    before_timeout = before.timed_out_until
                     ^^^^^^^^^^^^^^^^^^^^^^
AttributeError: 'Member' object has no attribute 'timed_out_until'
Ignoring exception in on_member_update
Traceback (most recent call last):
  File "/usr/local/lib/python3.12/site-packages/discord/client.py", line 465, in _run_event
    await coro(*args, **kwargs)
  File "/app/asu_discord/cogs/analytics.py", line 652, in on_member_update
    before_timeout = before.timed_out_until
                     ^^^^^^^^^^^^^^^^^^^^^^
AttributeError: 'Member' object has no attribute 'timed_out_until'
INFO:asu_discord.cogs.verification:Saved 5 roles to database for user smandyas@asu.edu (Discord ID: 690971249991614545)
INFO:asu_discord.cogs.verification:Refreshed Salesforce roles for Discord user 690971249991614545: -5/+5 roles, assigned=[Commited, Graduate Student, International Student, Ira A. Fulton Schools of Engineering, Tempe]
ERROR:cron.jobs:refresh_salesforce_roles: failed for agoyal97 (Discord ID 845314336745324554): Failed to refresh Salesforce-based roles: Discord user 845314336745324554 is not a member of the guild
Ignoring exception in on_member_update
Traceback (most recent call last):
  File "/usr/local/lib/python3.12/site-packages/discord/client.py", line 465, in _run_event
    await coro(*args, **kwargs)
  File "/app/asu_discord/cogs/analytics.py", line 652, in on_member_update
    before_timeout = before.timed_out_until
                     ^^^^^^^^^^^^^^^^^^^^^^
AttributeError: 'Member' object has no attribute 'timed_out_until'
Ignoring exception in on_member_update
Traceback (most recent call last):
  File "/usr/local/lib/python3.12/site-packages/discord/client.py", line 465, in _run_event
    await coro(*args, **kwargs)
  File "/app/asu_discord/cogs/analytics.py", line 652, in on_member_update
    before_timeout = before.timed_out_until
                     ^^^^^^^^^^^^^^^^^^^^^^
AttributeError: 'Member' object has no attribute 'timed_out_until'
INFO:asu_discord.cogs.verification:Saved 1 roles to database for user ethanlin@asu.edu (Discord ID: 795798120620752936)
INFO:asu_discord.cogs.verification:Refreshed Salesforce roles for Discord user 795798120620752936: -1/+1 roles, assigned=[Arizona Resident]
Ignoring exception in on_member_update
Traceback (most recent call last):
  File "/usr/local/lib/python3.12/site-packages/discord/client.py", line 465, in _run_event
    await coro(*args, **kwargs)
  File "/app/asu_discord/cogs/analytics.py", line 652, in on_member_update
    before_timeout = before.timed_out_until
                     ^^^^^^^^^^^^^^^^^^^^^^
AttributeError: 'Member' object has no attribute 'timed_out_until'
Ignoring exception in on_member_update
Traceback (most recent call last):
  File "/usr/local/lib/python3.12/site-packages/discord/client.py", line 465, in _run_event
    await coro(*args, **kwargs)
  File "/app/asu_discord/cogs/analytics.py", line 652, in on_member_update
    before_timeout = before.timed_out_until
                     ^^^^^^^^^^^^^^^^^^^^^^
AttributeError: 'Member' object has no attribute 'timed_out_until'
INFO:asu_discord.cogs.verification:Saved 1 roles to database for user yueqing1@asu.edu (Discord ID: 687815885389561938)
INFO:asu_discord.cogs.verification:Refreshed Salesforce roles for Discord user 687815885389561938: -1/+1 roles, assigned=[Out of State]
Ignoring exception in on_member_update
Traceback (most recent call last):
  File "/usr/local/lib/python3.12/site-packages/discord/client.py", line 465, in _run_event
    await coro(*args, **kwargs)
  File "/app/asu_discord/cogs/analytics.py", line 652, in on_member_update
    before_timeout = before.timed_out_until
                     ^^^^^^^^^^^^^^^^^^^^^^
AttributeError: 'Member' object has no attribute 'timed_out_until'
Ignoring exception in on_member_update
Traceback (most recent call last):
  File "/usr/local/lib/python3.12/site-packages/discord/client.py", line 465, in _run_event
    await coro(*args, **kwargs)
  File "/app/asu_discord/cogs/analytics.py", line 652, in on_member_update
    before_timeout = before.timed_out_until
                     ^^^^^^^^^^^^^^^^^^^^^^
AttributeError: 'Member' object has no attribute 'timed_out_until'
Ignoring exception in on_member_update
Traceback (most recent call last):
  File "/usr/local/lib/python3.12/site-packages/discord/client.py", line 465, in _run_event
    await coro(*args, **kwargs)
  File "/app/asu_discord/cogs/analytics.py", line 652, in on_member_update
    before_timeout = before.timed_out_until
                     ^^^^^^^^^^^^^^^^^^^^^^
AttributeError: 'Member' object has no attribute 'timed_out_until'
Ignoring exception in on_member_update
Traceback (most recent call last):
  File "/usr/local/lib/python3.12/site-packages/discord/client.py", line 465, in _run_event
    await coro(*args, **kwargs)
  File "/app/asu_discord/cogs/analytics.py", line 652, in on_member_update
    before_timeout = before.timed_out_until
                     ^^^^^^^^^^^^^^^^^^^^^^
AttributeError: 'Member' object has no attribute 'timed_out_until'
Ignoring exception in on_member_update
Traceback (most recent call last):
  File "/usr/local/lib/python3.12/site-packages/discord/client.py", line 465, in _run_event
    await coro(*args, **kwargs)
  File "/app/asu_discord/cogs/analytics.py", line 652, in on_member_update
    before_timeout = before.timed_out_until
                     ^^^^^^^^^^^^^^^^^^^^^^
AttributeError: 'Member' object has no attribute 'timed_out_until'
Ignoring exception in on_member_update
Traceback (most recent call last):
  File "/usr/local/lib/python3.12/site-packages/discord/client.py", line 465, in _run_event
    await coro(*args, **kwargs)
  File "/app/asu_discord/cogs/analytics.py", line 652, in on_member_update
    before_timeout = before.timed_out_until
                     ^^^^^^^^^^^^^^^^^^^^^^
AttributeError: 'Member' object has no attribute 'timed_out_until'
Ignoring exception in on_member_update
Traceback (most recent call last):
  File "/usr/local/lib/python3.12/site-packages/discord/client.py", line 465, in _run_event
    await coro(*args, **kwargs)
  File "/app/asu_discord/cogs/analytics.py", line 652, in on_member_update
    before_timeout = before.timed_out_until
                     ^^^^^^^^^^^^^^^^^^^^^^
AttributeError: 'Member' object has no attribute 'timed_out_until'
Ignoring exception in on_member_update
Traceback (most recent call last):
  File "/usr/local/lib/python3.12/site-packages/discord/client.py", line 465, in _run_event
    await coro(*args, **kwargs)
  File "/app/asu_discord/cogs/analytics.py", line 652, in on_member_update
    before_timeout = before.timed_out_until
                     ^^^^^^^^^^^^^^^^^^^^^^
AttributeError: 'Member' object has no attribute 'timed_out_until'
Ignoring exception in on_member_update
Traceback (most recent call last):
  File "/usr/local/lib/python3.12/site-packages/discord/client.py", line 465, in _run_event
    await coro(*args, **kwargs)
  File "/app/asu_discord/cogs/analytics.py", line 652, in on_member_update
    before_timeout = before.timed_out_until
                     ^^^^^^^^^^^^^^^^^^^^^^
AttributeError: 'Member' object has no attribute 'timed_out_until'
Ignoring exception in on_member_update
Traceback (most recent call last):
  File "/usr/local/lib/python3.12/site-packages/discord/client.py", line 465, in _run_event
    await coro(*args, **kwargs)
  File "/app/asu_discord/cogs/analytics.py", line 652, in on_member_update
    before_timeout = before.timed_out_until
                     ^^^^^^^^^^^^^^^^^^^^^^
AttributeError: 'Member' object has no attribute 'timed_out_until'
INFO:asu_discord.cogs.verification:Saved 5 roles to database for user lamorr19@asu.edu (Discord ID: 1410065550301990912)
INFO:asu_discord.cogs.verification:Refreshed Salesforce roles for Discord user 1410065550301990912: -5/+5 roles, assigned=[Arizona Resident, College of Liberal Arts and Sciences, Online, Transfer Student, Upperclassmen]
Ignoring exception in on_member_update
Traceback (most recent call last):
  File "/usr/local/lib/python3.12/site-packages/discord/client.py", line 465, in _run_event
    await coro(*args, **kwargs)
  File "/app/asu_discord/cogs/analytics.py", line 652, in on_member_update
    before_timeout = before.timed_out_until
                     ^^^^^^^^^^^^^^^^^^^^^^
AttributeError: 'Member' object has no attribute 'timed_out_until'
Ignoring exception in on_member_update
Traceback (most recent call last):
  File "/usr/local/lib/python3.12/site-packages/discord/client.py", line 465, in _run_event
    await coro(*args, **kwargs)
  File "/app/asu_discord/cogs/analytics.py", line 652, in on_member_update
    before_timeout = before.timed_out_until
                     ^^^^^^^^^^^^^^^^^^^^^^
AttributeError: 'Member' object has no attribute 'timed_out_until'
Ignoring exception in on_member_update
Traceback (most recent call last):
  File "/usr/local/lib/python3.12/site-packages/discord/client.py", line 465, in _run_event
    await coro(*args, **kwargs)
  File "/app/asu_discord/cogs/analytics.py", line 652, in on_member_update
    before_timeout = before.timed_out_until
                     ^^^^^^^^^^^^^^^^^^^^^^
AttributeError: 'Member' object has no attribute 'timed_out_until'
Ignoring exception in on_member_update
Traceback (most recent call last):
  File "/usr/local/lib/python3.12/site-packages/discord/client.py", line 465, in _run_event
    await coro(*args, **kwargs)
  File "/app/asu_discord/cogs/analytics.py", line 652, in on_member_update
    before_timeout = before.timed_out_until
                     ^^^^^^^^^^^^^^^^^^^^^^
AttributeError: 'Member' object has no attribute 'timed_out_until'
Ignoring exception in on_member_update
Traceback (most recent call last):
  File "/usr/local/lib/python3.12/site-packages/discord/client.py", line 465, in _run_event
    await coro(*args, **kwargs)
  File "/app/asu_discord/cogs/analytics.py", line 652, in on_member_update
    before_timeout = before.timed_out_until
                     ^^^^^^^^^^^^^^^^^^^^^^
AttributeError: 'Member' object has no attribute 'timed_out_until'
Ignoring exception in on_member_update
Traceback (most recent call last):
  File "/usr/local/lib/python3.12/site-packages/discord/client.py", line 465, in _run_event
    await coro(*args, **kwargs)
  File "/app/asu_discord/cogs/analytics.py", line 652, in on_member_update
    before_timeout = before.timed_out_until
                     ^^^^^^^^^^^^^^^^^^^^^^
AttributeError: 'Member' object has no attribute 'timed_out_until'
Ignoring exception in on_member_update
Traceback (most recent call last):
  File "/usr/local/lib/python3.12/site-packages/discord/client.py", line 465, in _run_event
    await coro(*args, **kwargs)
  File "/app/asu_discord/cogs/analytics.py", line 652, in on_member_update
    before_timeout = before.timed_out_until
                     ^^^^^^^^^^^^^^^^^^^^^^
AttributeError: 'Member' object has no attribute 'timed_out_until'
Ignoring exception in on_member_update
Traceback (most recent call last):
  File "/usr/local/lib/python3.12/site-packages/discord/client.py", line 465, in _run_event
    await coro(*args, **kwargs)
  File "/app/asu_discord/cogs/analytics.py", line 652, in on_member_update
    before_timeout = before.timed_out_until
                     ^^^^^^^^^^^^^^^^^^^^^^
AttributeError: 'Member' object has no attribute 'timed_out_until'
Ignoring exception in on_member_update
Traceback (most recent call last):
  File "/usr/local/lib/python3.12/site-packages/discord/client.py", line 465, in _run_event
    await coro(*args, **kwargs)
  File "/app/asu_discord/cogs/analytics.py", line 652, in on_member_update
    before_timeout = before.timed_out_until
                     ^^^^^^^^^^^^^^^^^^^^^^
AttributeError: 'Member' object has no attribute 'timed_out_until'
Ignoring exception in on_member_update
Traceback (most recent call last):
  File "/usr/local/lib/python3.12/site-packages/discord/client.py", line 465, in _run_event
    await coro(*args, **kwargs)
  File "/app/asu_discord/cogs/analytics.py", line 652, in on_member_update
    before_timeout = before.timed_out_until
                     ^^^^^^^^^^^^^^^^^^^^^^
AttributeError: 'Member' object has no attribute 'timed_out_until'
INFO:asu_discord.cogs.verification:Saved 5 roles to database for user aanayafr@asu.edu (Discord ID: 1440138420688261282)
INFO:asu_discord.cogs.verification:Refreshed Salesforce roles for Discord user 1440138420688261282: -5/+5 roles, assigned=[Arizona Resident, College of Health Solutions, Commited, Downtown Phoenix, First Year]
ERROR:cron.jobs:refresh_salesforce_roles: failed for ndhongad (Discord ID 136387897275187200): Failed to refresh Salesforce-based roles: Discord user 136387897275187200 is not a member of the guild
Ignoring exception in on_member_update
Traceback (most recent call last):
  File "/usr/local/lib/python3.12/site-packages/discord/client.py", line 465, in _run_event
    await coro(*args, **kwargs)
  File "/app/asu_discord/cogs/analytics.py", line 652, in on_member_update
    before_timeout = before.timed_out_until
                     ^^^^^^^^^^^^^^^^^^^^^^
AttributeError: 'Member' object has no attribute 'timed_out_until'
Ignoring exception in on_member_update
Traceback (most recent call last):
  File "/usr/local/lib/python3.12/site-packages/discord/client.py", line 465, in _run_event
    await coro(*args, **kwargs)
  File "/app/asu_discord/cogs/analytics.py", line 652, in on_member_update
    before_timeout = before.timed_out_until
                     ^^^^^^^^^^^^^^^^^^^^^^
AttributeError: 'Member' object has no attribute 'timed_out_until'
Ignoring exception in on_member_update
Traceback (most recent call last):
  File "/usr/local/lib/python3.12/site-packages/discord/client.py", line 465, in _run_event
    await coro(*args, **kwargs)
  File "/app/asu_discord/cogs/analytics.py", line 652, in on_member_update
    before_timeout = before.timed_out_until
                     ^^^^^^^^^^^^^^^^^^^^^^
AttributeError: 'Member' object has no attribute 'timed_out_until'
Ignoring exception in on_member_update
Traceback (most recent call last):
  File "/usr/local/lib/python3.12/site-packages/discord/client.py", line 465, in _run_event
    await coro(*args, **kwargs)
  File "/app/asu_discord/cogs/analytics.py", line 652, in on_member_update
    before_timeout = before.timed_out_until
                     ^^^^^^^^^^^^^^^^^^^^^^
AttributeError: 'Member' object has no attribute 'timed_out_until'
Ignoring exception in on_member_update
Traceback (most recent call last):
  File "/usr/local/lib/python3.12/site-packages/discord/client.py", line 465, in _run_event
    await coro(*args, **kwargs)
  File "/app/asu_discord/cogs/analytics.py", line 652, in on_member_update
    before_timeout = before.timed_out_until
                     ^^^^^^^^^^^^^^^^^^^^^^
AttributeError: 'Member' object has no attribute 'timed_out_until'
Ignoring exception in on_member_update
Traceback (most recent call last):
  File "/usr/local/lib/python3.12/site-packages/discord/client.py", line 465, in _run_event
    await coro(*args, **kwargs)
  File "/app/asu_discord/cogs/analytics.py", line 652, in on_member_update
    before_timeout = before.timed_out_until
                     ^^^^^^^^^^^^^^^^^^^^^^
AttributeError: 'Member' object has no attribute 'timed_out_until'
Ignoring exception in on_member_update
Traceback (most recent call last):
  File "/usr/local/lib/python3.12/site-packages/discord/client.py", line 465, in _run_event
    await coro(*args, **kwargs)
  File "/app/asu_discord/cogs/analytics.py", line 652, in on_member_update
    before_timeout = before.timed_out_until
                     ^^^^^^^^^^^^^^^^^^^^^^
AttributeError: 'Member' object has no attribute 'timed_out_until'
INFO:asu_discord.cogs.verification:Saved 4 roles to database for user vmkey1@asu.edu (Discord ID: 415295534253998080)
INFO:asu_discord.cogs.verification:Refreshed Salesforce roles for Discord user 415295534253998080: -4/+3 roles, assigned=[Edson College of Nursing and Health Innovation, Online, Out of State, Transfer Student]
Ignoring exception in on_member_update
Traceback (most recent call last):
  File "/usr/local/lib/python3.12/site-packages/discord/client.py", line 465, in _run_event
    await coro(*args, **kwargs)
  File "/app/asu_discord/cogs/analytics.py", line 652, in on_member_update
    before_timeout = before.timed_out_until
                     ^^^^^^^^^^^^^^^^^^^^^^
AttributeError: 'Member' object has no attribute 'timed_out_until'
Ignoring exception in on_member_update
Traceback (most recent call last):
  File "/usr/local/lib/python3.12/site-packages/discord/client.py", line 465, in _run_event
    await coro(*args, **kwargs)
  File "/app/asu_discord/cogs/analytics.py", line 652, in on_member_update
    before_timeout = before.timed_out_until
                     ^^^^^^^^^^^^^^^^^^^^^^
AttributeError: 'Member' object has no attribute 'timed_out_until'
Ignoring exception in on_member_update
Traceback (most recent call last):
  File "/usr/local/lib/python3.12/site-packages/discord/client.py", line 465, in _run_event
    await coro(*args, **kwargs)
  File "/app/asu_discord/cogs/analytics.py", line 652, in on_member_update
    before_timeout = before.timed_out_until
                     ^^^^^^^^^^^^^^^^^^^^^^
AttributeError: 'Member' object has no attribute 'timed_out_until'
Ignoring exception in on_member_update
Traceback (most recent call last):
  File "/usr/local/lib/python3.12/site-packages/discord/client.py", line 465, in _run_event
    await coro(*args, **kwargs)
  File "/app/asu_discord/cogs/analytics.py", line 652, in on_member_update
    before_timeout = before.timed_out_until
                     ^^^^^^^^^^^^^^^^^^^^^^
AttributeError: 'Member' object has no attribute 'timed_out_until'
Ignoring exception in on_member_update
Traceback (most recent call last):
  File "/usr/local/lib/python3.12/site-packages/discord/client.py", line 465, in _run_event
    await coro(*args, **kwargs)
  File "/app/asu_discord/cogs/analytics.py", line 652, in on_member_update
    before_timeout = before.timed_out_until
                     ^^^^^^^^^^^^^^^^^^^^^^
AttributeError: 'Member' object has no attribute 'timed_out_until'
Ignoring exception in on_member_update
Traceback (most recent call last):
  File "/usr/local/lib/python3.12/site-packages/discord/client.py", line 465, in _run_event
    await coro(*args, **kwargs)
  File "/app/asu_discord/cogs/analytics.py", line 652, in on_member_update
    before_timeout = before.timed_out_until
                     ^^^^^^^^^^^^^^^^^^^^^^
AttributeError: 'Member' object has no attribute 'timed_out_until'
Ignoring exception in on_member_update
Traceback (most recent call last):
  File "/usr/local/lib/python3.12/site-packages/discord/client.py", line 465, in _run_event
    await coro(*args, **kwargs)
  File "/app/asu_discord/cogs/analytics.py", line 652, in on_member_update
    before_timeout = before.timed_out_until
                     ^^^^^^^^^^^^^^^^^^^^^^
AttributeError: 'Member' object has no attribute 'timed_out_until'
Ignoring exception in on_member_update
Traceback (most recent call last):
  File "/usr/local/lib/python3.12/site-packages/discord/client.py", line 465, in _run_event
    await coro(*args, **kwargs)
  File "/app/asu_discord/cogs/analytics.py", line 652, in on_member_update
    before_timeout = before.timed_out_until
                     ^^^^^^^^^^^^^^^^^^^^^^
AttributeError: 'Member' object has no attribute 'timed_out_until'
Ignoring exception in on_member_update
Traceback (most recent call last):
  File "/usr/local/lib/python3.12/site-packages/discord/client.py", line 465, in _run_event
    await coro(*args, **kwargs)
  File "/app/asu_discord/cogs/analytics.py", line 652, in on_member_update
    before_timeout = before.timed_out_until
                     ^^^^^^^^^^^^^^^^^^^^^^
AttributeError: 'Member' object has no attribute 'timed_out_until'
Ignoring exception in on_member_update
Traceback (most recent call last):
  File "/usr/local/lib/python3.12/site-packages/discord/client.py", line 465, in _run_event
    await coro(*args, **kwargs)
  File "/app/asu_discord/cogs/analytics.py", line 652, in on_member_update
    before_timeout = before.timed_out_until
                     ^^^^^^^^^^^^^^^^^^^^^^
AttributeError: 'Member' object has no attribute 'timed_out_until'
ERROR:cron.jobs:refresh_salesforce_roles: failed for htooku (Discord ID 1147981791110639686): Timed out refresh Salesforce-based roles
Ignoring exception in on_member_update
Traceback (most recent call last):
  File "/usr/local/lib/python3.12/site-packages/discord/client.py", line 465, in _run_event
    await coro(*args, **kwargs)
  File "/app/asu_discord/cogs/analytics.py", line 652, in on_member_update
    before_timeout = before.timed_out_until
                     ^^^^^^^^^^^^^^^^^^^^^^
AttributeError: 'Member' object has no attribute 'timed_out_until'
Ignoring exception in on_member_update
Traceback (most recent call last):
  File "/usr/local/lib/python3.12/site-packages/discord/client.py", line 465, in _run_event
    await coro(*args, **kwargs)
  File "/app/asu_discord/cogs/analytics.py", line 652, in on_member_update
    before_timeout = before.timed_out_until
                     ^^^^^^^^^^^^^^^^^^^^^^
AttributeError: 'Member' object has no attribute 'timed_out_until'
Ignoring exception in on_member_update
Traceback (most recent call last):
  File "/usr/local/lib/python3.12/site-packages/discord/client.py", line 465, in _run_event
    await coro(*args, **kwargs)
  File "/app/asu_discord/cogs/analytics.py", line 652, in on_member_update
    before_timeout = before.timed_out_until
                     ^^^^^^^^^^^^^^^^^^^^^^
AttributeError: 'Member' object has no attribute 'timed_out_until'
Ignoring exception in on_member_update
Traceback (most recent call last):
  File "/usr/local/lib/python3.12/site-packages/discord/client.py", line 465, in _run_event
    await coro(*args, **kwargs)
  File "/app/asu_discord/cogs/analytics.py", line 652, in on_member_update
    before_timeout = before.timed_out_until
                     ^^^^^^^^^^^^^^^^^^^^^^
AttributeError: 'Member' object has no attribute 'timed_out_until'
Ignoring exception in on_member_update
Traceback (most recent call last):
  File "/usr/local/lib/python3.12/site-packages/discord/client.py", line 465, in _run_event
    await coro(*args, **kwargs)
  File "/app/asu_discord/cogs/analytics.py", line 652, in on_member_update
    before_timeout = before.timed_out_until
                     ^^^^^^^^^^^^^^^^^^^^^^
AttributeError: 'Member' object has no attribute 'timed_out_until'
Ignoring exception in on_member_update
Traceback (most recent call last):
  File "/usr/local/lib/python3.12/site-packages/discord/client.py", line 465, in _run_event
    await coro(*args, **kwargs)
  File "/app/asu_discord/cogs/analytics.py", line 652, in on_member_update
    before_timeout = before.timed_out_until
                     ^^^^^^^^^^^^^^^^^^^^^^
AttributeError: 'Member' object has no attribute 'timed_out_until'
Ignoring exception in on_member_update
Traceback (most recent call last):
  File "/usr/local/lib/python3.12/site-packages/discord/client.py", line 465, in _run_event
    await coro(*args, **kwargs)
  File "/app/asu_discord/cogs/analytics.py", line 652, in on_member_update
    before_timeout = before.timed_out_until
                     ^^^^^^^^^^^^^^^^^^^^^^
AttributeError: 'Member' object has no attribute 'timed_out_until'
Ignoring exception in on_member_update
Traceback (most recent call last):
  File "/usr/local/lib/python3.12/site-packages/discord/client.py", line 465, in _run_event
    await coro(*args, **kwargs)
  File "/app/asu_discord/cogs/analytics.py", line 652, in on_member_update
    before_timeout = before.timed_out_until
                     ^^^^^^^^^^^^^^^^^^^^^^
AttributeError: 'Member' object has no attribute 'timed_out_until'
Ignoring exception in on_member_update
Traceback (most recent call last):
  File "/usr/local/lib/python3.12/site-packages/discord/client.py", line 465, in _run_event
    await coro(*args, **kwargs)
  File "/app/asu_discord/cogs/analytics.py", line 652, in on_member_update
    before_timeout = before.timed_out_until
                     ^^^^^^^^^^^^^^^^^^^^^^
AttributeError: 'Member' object has no attribute 'timed_out_until'
Ignoring exception in on_member_update
Traceback (most recent call last):
  File "/usr/local/lib/python3.12/site-packages/discord/client.py", line 465, in _run_event
    await coro(*args, **kwargs)
  File "/app/asu_discord/cogs/analytics.py", line 652, in on_member_update
    before_timeout = before.timed_out_until
                     ^^^^^^^^^^^^^^^^^^^^^^
AttributeError: 'Member' object has no attribute 'timed_out_until'
INFO:asu_discord.cogs.verification:Saved 5 roles to database for user lmroldan@asu.edu (Discord ID: 674968124399026193)
INFO:asu_discord.cogs.verification:Refreshed Salesforce roles for Discord user 674968124399026193: -5/+5 roles, assigned=[Arizona Resident, Commited, First Year, Ira A. Fulton Schools of Engineering, Tempe]
ERROR:cron.jobs:refresh_salesforce_roles: failed for gnieves5 (Discord ID 139120673070120961): Failed to refresh Salesforce-based roles: Discord user 139120673070120961 is not a member of the guild
Ignoring exception in on_member_update
Traceback (most recent call last):
  File "/usr/local/lib/python3.12/site-packages/discord/client.py", line 465, in _run_event
    await coro(*args, **kwargs)
  File "/app/asu_discord/cogs/analytics.py", line 652, in on_member_update
    before_timeout = before.timed_out_until
                     ^^^^^^^^^^^^^^^^^^^^^^
AttributeError: 'Member' object has no attribute 'timed_out_until'
Ignoring exception in on_member_update
Traceback (most recent call last):
  File "/usr/local/lib/python3.12/site-packages/discord/client.py", line 465, in _run_event
    await coro(*args, **kwargs)
  File "/app/asu_discord/cogs/analytics.py", line 652, in on_member_update
    before_timeout = before.timed_out_until
                     ^^^^^^^^^^^^^^^^^^^^^^
AttributeError: 'Member' object has no attribute 'timed_out_until'
Ignoring exception in on_member_update
Traceback (most recent call last):
  File "/usr/local/lib/python3.12/site-packages/discord/client.py", line 465, in _run_event
    await coro(*args, **kwargs)
  File "/app/asu_discord/cogs/analytics.py", line 652, in on_member_update
    before_timeout = before.timed_out_until
                     ^^^^^^^^^^^^^^^^^^^^^^
AttributeError: 'Member' object has no attribute 'timed_out_until'
Ignoring exception in on_member_update
Traceback (most recent call last):
  File "/usr/local/lib/python3.12/site-packages/discord/client.py", line 465, in _run_event
    await coro(*args, **kwargs)
  File "/app/asu_discord/cogs/analytics.py", line 652, in on_member_update
    before_timeout = before.timed_out_until
                     ^^^^^^^^^^^^^^^^^^^^^^
AttributeError: 'Member' object has no attribute 'timed_out_until'
Ignoring exception in on_member_update
Traceback (most recent call last):
  File "/usr/local/lib/python3.12/site-packages/discord/client.py", line 465, in _run_event
    await coro(*args, **kwargs)
  File "/app/asu_discord/cogs/analytics.py", line 652, in on_member_update
    before_timeout = before.timed_out_until
                     ^^^^^^^^^^^^^^^^^^^^^^
AttributeError: 'Member' object has no attribute 'timed_out_until'
Ignoring exception in on_member_update
Traceback (most recent call last):
  File "/usr/local/lib/python3.12/site-packages/discord/client.py", line 465, in _run_event
    await coro(*args, **kwargs)
  File "/app/asu_discord/cogs/analytics.py", line 652, in on_member_update
    before_timeout = before.timed_out_until
                     ^^^^^^^^^^^^^^^^^^^^^^
AttributeError: 'Member' object has no attribute 'timed_out_until'
Ignoring exception in on_member_update
Traceback (most recent call last):
  File "/usr/local/lib/python3.12/site-packages/discord/client.py", line 465, in _run_event
    await coro(*args, **kwargs)
  File "/app/asu_discord/cogs/analytics.py", line 652, in on_member_update
    before_timeout = before.timed_out_until
                     ^^^^^^^^^^^^^^^^^^^^^^
AttributeError: 'Member' object has no attribute 'timed_out_until'
Ignoring exception in on_member_update
Traceback (most recent call last):
  File "/usr/local/lib/python3.12/site-packages/discord/client.py", line 465, in _run_event
    await coro(*args, **kwargs)
  File "/app/asu_discord/cogs/analytics.py", line 652, in on_member_update
    before_timeout = before.timed_out_until
                     ^^^^^^^^^^^^^^^^^^^^^^
AttributeError: 'Member' object has no attribute 'timed_out_until'
INFO:asu_discord.cogs.verification:Saved 4 roles to database for user snguye82@asu.edu (Discord ID: 691128539327627346)
INFO:asu_discord.cogs.verification:Refreshed Salesforce roles for Discord user 691128539327627346: -4/+4 roles, assigned=[Arizona Resident, College of Liberal Arts and Sciences, First Year, Tempe]
ERROR:cron.jobs:refresh_salesforce_roles: failed for gmckerve (Discord ID 1413636535018061954): Failed to refresh Salesforce-based roles: Discord user 1413636535018061954 is not a member of the guild
Ignoring exception in on_member_update
Traceback (most recent call last):
  File "/usr/local/lib/python3.12/site-packages/discord/client.py", line 465, in _run_event
    await coro(*args, **kwargs)
  File "/app/asu_discord/cogs/analytics.py", line 652, in on_member_update
    before_timeout = before.timed_out_until
                     ^^^^^^^^^^^^^^^^^^^^^^
AttributeError: 'Member' object has no attribute 'timed_out_until'
Ignoring exception in on_member_update
Traceback (most recent call last):
  File "/usr/local/lib/python3.12/site-packages/discord/client.py", line 465, in _run_event
    await coro(*args, **kwargs)
  File "/app/asu_discord/cogs/analytics.py", line 652, in on_member_update
    before_timeout = before.timed_out_until
                     ^^^^^^^^^^^^^^^^^^^^^^
AttributeError: 'Member' object has no attribute 'timed_out_until'
INFO:asu_discord.cogs.verification:Saved 1 roles to database for user selinawe@asu.edu (Discord ID: 786808846743765044)
INFO:asu_discord.cogs.verification:Refreshed Salesforce roles for Discord user 786808846743765044: -1/+1 roles, assigned=[Out of State]
Ignoring exception in on_member_update
Traceback (most recent call last):
  File "/usr/local/lib/python3.12/site-packages/discord/client.py", line 465, in _run_event
    await coro(*args, **kwargs)
  File "/app/asu_discord/cogs/analytics.py", line 652, in on_member_update
    before_timeout = before.timed_out_until
                     ^^^^^^^^^^^^^^^^^^^^^^
AttributeError: 'Member' object has no attribute 'timed_out_until'
Ignoring exception in on_member_update
Traceback (most recent call last):
  File "/usr/local/lib/python3.12/site-packages/discord/client.py", line 465, in _run_event
    await coro(*args, **kwargs)
  File "/app/asu_discord/cogs/analytics.py", line 652, in on_member_update
    before_timeout = before.timed_out_until
                     ^^^^^^^^^^^^^^^^^^^^^^
AttributeError: 'Member' object has no attribute 'timed_out_until'
Ignoring exception in on_member_update
Traceback (most recent call last):
  File "/usr/local/lib/python3.12/site-packages/discord/client.py", line 465, in _run_event
    await coro(*args, **kwargs)
  File "/app/asu_discord/cogs/analytics.py", line 652, in on_member_update
    before_timeout = before.timed_out_until
                     ^^^^^^^^^^^^^^^^^^^^^^
AttributeError: 'Member' object has no attribute 'timed_out_until'
Ignoring exception in on_member_update
Traceback (most recent call last):
  File "/usr/local/lib/python3.12/site-packages/discord/client.py", line 465, in _run_event
    await coro(*args, **kwargs)
  File "/app/asu_discord/cogs/analytics.py", line 652, in on_member_update
    before_timeout = before.timed_out_until
                     ^^^^^^^^^^^^^^^^^^^^^^
AttributeError: 'Member' object has no attribute 'timed_out_until'
Ignoring exception in on_member_update
Traceback (most recent call last):
  File "/usr/local/lib/python3.12/site-packages/discord/client.py", line 465, in _run_event
    await coro(*args, **kwargs)
  File "/app/asu_discord/cogs/analytics.py", line 652, in on_member_update
    before_timeout = before.timed_out_until
                     ^^^^^^^^^^^^^^^^^^^^^^
AttributeError: 'Member' object has no attribute 'timed_out_until'
Ignoring exception in on_member_update
Traceback (most recent call last):
  File "/usr/local/lib/python3.12/site-packages/discord/client.py", line 465, in _run_event
    await coro(*args, **kwargs)
  File "/app/asu_discord/cogs/analytics.py", line 652, in on_member_update
    before_timeout = before.timed_out_until
                     ^^^^^^^^^^^^^^^^^^^^^^
AttributeError: 'Member' object has no attribute 'timed_out_until'
Ignoring exception in on_member_update
Traceback (most recent call last):
  File "/usr/local/lib/python3.12/site-packages/discord/client.py", line 465, in _run_event
    await coro(*args, **kwargs)
  File "/app/asu_discord/cogs/analytics.py", line 652, in on_member_update
    before_timeout = before.timed_out_until
                     ^^^^^^^^^^^^^^^^^^^^^^
AttributeError: 'Member' object has no attribute 'timed_out_until'
Ignoring exception in on_member_update
Traceback (most recent call last):
  File "/usr/local/lib/python3.12/site-packages/discord/client.py", line 465, in _run_event
    await coro(*args, **kwargs)
  File "/app/asu_discord/cogs/analytics.py", line 652, in on_member_update
    before_timeout = before.timed_out_until
                     ^^^^^^^^^^^^^^^^^^^^^^
AttributeError: 'Member' object has no attribute 'timed_out_until'
Ignoring exception in on_member_update
Traceback (most recent call last):
  File "/usr/local/lib/python3.12/site-packages/discord/client.py", line 465, in _run_event
    await coro(*args, **kwargs)
  File "/app/asu_discord/cogs/analytics.py", line 652, in on_member_update
    before_timeout = before.timed_out_until
                     ^^^^^^^^^^^^^^^^^^^^^^
AttributeError: 'Member' object has no attribute 'timed_out_until'
Ignoring exception in on_member_update
Traceback (most recent call last):
  File "/usr/local/lib/python3.12/site-packages/discord/client.py", line 465, in _run_event
    await coro(*args, **kwargs)
  File "/app/asu_discord/cogs/analytics.py", line 652, in on_member_update
    before_timeout = before.timed_out_until
                     ^^^^^^^^^^^^^^^^^^^^^^
AttributeError: 'Member' object has no attribute 'timed_out_until'
INFO:asu_discord.cogs.verification:Saved 5 roles to database for user kaquinob@asu.edu (Discord ID: 657658830376796162)
INFO:asu_discord.cogs.verification:Refreshed Salesforce roles for Discord user 657658830376796162: -5/+5 roles, assigned=[Arizona Resident, Commited, First Year, Ira A. Fulton Schools of Engineering, Tempe]
ERROR:cron.jobs:refresh_salesforce_roles: failed for bklinge4 (Discord ID 327130361085689858): Failed to refresh Salesforce-based roles: Discord user 327130361085689858 is not a member of the guild
Ignoring exception in on_member_update
Traceback (most recent call last):
  File "/usr/local/lib/python3.12/site-packages/discord/client.py", line 465, in _run_event
    await coro(*args, **kwargs)
  File "/app/asu_discord/cogs/analytics.py", line 652, in on_member_update
    before_timeout = before.timed_out_until
                     ^^^^^^^^^^^^^^^^^^^^^^
AttributeError: 'Member' object has no attribute 'timed_out_until'
Ignoring exception in on_member_update
Traceback (most recent call last):
  File "/usr/local/lib/python3.12/site-packages/discord/client.py", line 465, in _run_event
    await coro(*args, **kwargs)
  File "/app/asu_discord/cogs/analytics.py", line 652, in on_member_update
    before_timeout = before.timed_out_until
                     ^^^^^^^^^^^^^^^^^^^^^^
AttributeError: 'Member' object has no attribute 'timed_out_until'
Ignoring exception in on_member_update
Traceback (most recent call last):
  File "/usr/local/lib/python3.12/site-packages/discord/client.py", line 465, in _run_event
    await coro(*args, **kwargs)
  File "/app/asu_discord/cogs/analytics.py", line 652, in on_member_update
    before_timeout = before.timed_out_until
                     ^^^^^^^^^^^^^^^^^^^^^^
AttributeError: 'Member' object has no attribute 'timed_out_until'
Ignoring exception in on_member_update
Traceback (most recent call last):
  File "/usr/local/lib/python3.12/site-packages/discord/client.py", line 465, in _run_event
    await coro(*args, **kwargs)
  File "/app/asu_discord/cogs/analytics.py", line 652, in on_member_update
    before_timeout = before.timed_out_until
                     ^^^^^^^^^^^^^^^^^^^^^^
AttributeError: 'Member' object has no attribute 'timed_out_until'
Ignoring exception in on_member_update
Traceback (most recent call last):
  File "/usr/local/lib/python3.12/site-packages/discord/client.py", line 465, in _run_event
    await coro(*args, **kwargs)
  File "/app/asu_discord/cogs/analytics.py", line 652, in on_member_update
    before_timeout = before.timed_out_until
                     ^^^^^^^^^^^^^^^^^^^^^^
AttributeError: 'Member' object has no attribute 'timed_out_until'
Ignoring exception in on_member_update
Traceback (most recent call last):
  File "/usr/local/lib/python3.12/site-packages/discord/client.py", line 465, in _run_event
    await coro(*args, **kwargs)
  File "/app/asu_discord/cogs/analytics.py", line 652, in on_member_update
    before_timeout = before.timed_out_until
                     ^^^^^^^^^^^^^^^^^^^^^^
AttributeError: 'Member' object has no attribute 'timed_out_until'
Ignoring exception in on_member_update
Traceback (most recent call last):
  File "/usr/local/lib/python3.12/site-packages/discord/client.py", line 465, in _run_event
    await coro(*args, **kwargs)
  File "/app/asu_discord/cogs/analytics.py", line 652, in on_member_update
    before_timeout = before.timed_out_until
                     ^^^^^^^^^^^^^^^^^^^^^^
AttributeError: 'Member' object has no attribute 'timed_out_until'
Ignoring exception in on_member_update
Traceback (most recent call last):
  File "/usr/local/lib/python3.12/site-packages/discord/client.py", line 465, in _run_event
    await coro(*args, **kwargs)
  File "/app/asu_discord/cogs/analytics.py", line 652, in on_member_update
    before_timeout = before.timed_out_until
                     ^^^^^^^^^^^^^^^^^^^^^^
AttributeError: 'Member' object has no attribute 'timed_out_until'
Ignoring exception in on_member_update
Traceback (most recent call last):
  File "/usr/local/lib/python3.12/site-packages/discord/client.py", line 465, in _run_event
    await coro(*args, **kwargs)
  File "/app/asu_discord/cogs/analytics.py", line 652, in on_member_update
    before_timeout = before.timed_out_until
                     ^^^^^^^^^^^^^^^^^^^^^^
AttributeError: 'Member' object has no attribute 'timed_out_until'
Ignoring exception in on_member_update
Traceback (most recent call last):
  File "/usr/local/lib/python3.12/site-packages/discord/client.py", line 465, in _run_event
    await coro(*args, **kwargs)
  File "/app/asu_discord/cogs/analytics.py", line 652, in on_member_update
    before_timeout = before.timed_out_until
                     ^^^^^^^^^^^^^^^^^^^^^^
AttributeError: 'Member' object has no attribute 'timed_out_until'
ERROR:cron.jobs:refresh_salesforce_roles: failed for ssfaraz (Discord ID 287162853926895616): Timed out refresh Salesforce-based roles
ERROR:cron.jobs:refresh_salesforce_roles: failed for pnarnur1 (Discord ID 774317948445786154): Failed to refresh Salesforce-based roles: Discord user 774317948445786154 is not a member of the guild
Ignoring exception in on_member_update
Traceback (most recent call last):
  File "/usr/local/lib/python3.12/site-packages/discord/client.py", line 465, in _run_event
    await coro(*args, **kwargs)
  File "/app/asu_discord/cogs/analytics.py", line 652, in on_member_update
    before_timeout = before.timed_out_until
                     ^^^^^^^^^^^^^^^^^^^^^^
AttributeError: 'Member' object has no attribute 'timed_out_until'
Ignoring exception in on_member_update
Traceback (most recent call last):
  File "/usr/local/lib/python3.12/site-packages/discord/client.py", line 465, in _run_event
    await coro(*args, **kwargs)
  File "/app/asu_discord/cogs/analytics.py", line 652, in on_member_update
    before_timeout = before.timed_out_until
                     ^^^^^^^^^^^^^^^^^^^^^^
AttributeError: 'Member' object has no attribute 'timed_out_until'
Ignoring exception in on_member_update
Traceback (most recent call last):
  File "/usr/local/lib/python3.12/site-packages/discord/client.py", line 465, in _run_event
    await coro(*args, **kwargs)
  File "/app/asu_discord/cogs/analytics.py", line 652, in on_member_update
    before_timeout = before.timed_out_until
                     ^^^^^^^^^^^^^^^^^^^^^^
AttributeError: 'Member' object has no attribute 'timed_out_until'
Ignoring exception in on_member_update
Traceback (most recent call last):
  File "/usr/local/lib/python3.12/site-packages/discord/client.py", line 465, in _run_event
    await coro(*args, **kwargs)
  File "/app/asu_discord/cogs/analytics.py", line 652, in on_member_update
    before_timeout = before.timed_out_until
                     ^^^^^^^^^^^^^^^^^^^^^^
AttributeError: 'Member' object has no attribute 'timed_out_until'
Ignoring exception in on_member_update
Traceback (most recent call last):
  File "/usr/local/lib/python3.12/site-packages/discord/client.py", line 465, in _run_event
    await coro(*args, **kwargs)
  File "/app/asu_discord/cogs/analytics.py", line 652, in on_member_update
    before_timeout = before.timed_out_until
                     ^^^^^^^^^^^^^^^^^^^^^^
AttributeError: 'Member' object has no attribute 'timed_out_until'
Ignoring exception in on_member_update
Traceback (most recent call last):
  File "/usr/local/lib/python3.12/site-packages/discord/client.py", line 465, in _run_event
    await coro(*args, **kwargs)
  File "/app/asu_discord/cogs/analytics.py", line 652, in on_member_update
    before_timeout = before.timed_out_until
                     ^^^^^^^^^^^^^^^^^^^^^^
AttributeError: 'Member' object has no attribute 'timed_out_until'
Ignoring exception in on_member_update
Traceback (most recent call last):
  File "/usr/local/lib/python3.12/site-packages/discord/client.py", line 465, in _run_event
    await coro(*args, **kwargs)
  File "/app/asu_discord/cogs/analytics.py", line 652, in on_member_update
    before_timeout = before.timed_out_until
                     ^^^^^^^^^^^^^^^^^^^^^^
AttributeError: 'Member' object has no attribute 'timed_out_until'
Ignoring exception in on_member_update
Traceback (most recent call last):
  File "/usr/local/lib/python3.12/site-packages/discord/client.py", line 465, in _run_event
    await coro(*args, **kwargs)
  File "/app/asu_discord/cogs/analytics.py", line 652, in on_member_update
    before_timeout = before.timed_out_until
                     ^^^^^^^^^^^^^^^^^^^^^^
AttributeError: 'Member' object has no attribute 'timed_out_until'
Ignoring exception in on_member_update
Traceback (most recent call last):
  File "/usr/local/lib/python3.12/site-packages/discord/client.py", line 465, in _run_event
    await coro(*args, **kwargs)
  File "/app/asu_discord/cogs/analytics.py", line 652, in on_member_update
    before_timeout = before.timed_out_until
                     ^^^^^^^^^^^^^^^^^^^^^^
AttributeError: 'Member' object has no attribute 'timed_out_until'
Ignoring exception in on_member_update
Traceback (most recent call last):
  File "/usr/local/lib/python3.12/site-packages/discord/client.py", line 465, in _run_event
    await coro(*args, **kwargs)
  File "/app/asu_discord/cogs/analytics.py", line 652, in on_member_update
    before_timeout = before.timed_out_until
                     ^^^^^^^^^^^^^^^^^^^^^^
AttributeError: 'Member' object has no attribute 'timed_out_until'
INFO:asu_discord.cogs.verification:Saved 5 roles to database for user avermeys@asu.edu (Discord ID: 783684983818289172)
INFO:asu_discord.cogs.verification:Refreshed Salesforce roles for Discord user 783684983818289172: -5/+5 roles, assigned=[Arizona Resident, Commited, First Year, Ira A. Fulton Schools of Engineering, Tempe]
Ignoring exception in on_member_update
Traceback (most recent call last):
  File "/usr/local/lib/python3.12/site-packages/discord/client.py", line 465, in _run_event
    await coro(*args, **kwargs)
  File "/app/asu_discord/cogs/analytics.py", line 652, in on_member_update
    before_timeout = before.timed_out_until
                     ^^^^^^^^^^^^^^^^^^^^^^
AttributeError: 'Member' object has no attribute 'timed_out_until'
Ignoring exception in on_member_update
Traceback (most recent call last):
  File "/usr/local/lib/python3.12/site-packages/discord/client.py", line 465, in _run_event
    await coro(*args, **kwargs)
  File "/app/asu_discord/cogs/analytics.py", line 652, in on_member_update
    before_timeout = before.timed_out_until
                     ^^^^^^^^^^^^^^^^^^^^^^
AttributeError: 'Member' object has no attribute 'timed_out_until'
Ignoring exception in on_member_update
Traceback (most recent call last):
  File "/usr/local/lib/python3.12/site-packages/discord/client.py", line 465, in _run_event
    await coro(*args, **kwargs)
  File "/app/asu_discord/cogs/analytics.py", line 652, in on_member_update
    before_timeout = before.timed_out_until
                     ^^^^^^^^^^^^^^^^^^^^^^
AttributeError: 'Member' object has no attribute 'timed_out_until'
Ignoring exception in on_member_update
Traceback (most recent call last):
  File "/usr/local/lib/python3.12/site-packages/discord/client.py", line 465, in _run_event
    await coro(*args, **kwargs)
  File "/app/asu_discord/cogs/analytics.py", line 652, in on_member_update
    before_timeout = before.timed_out_until
                     ^^^^^^^^^^^^^^^^^^^^^^
AttributeError: 'Member' object has no attribute 'timed_out_until'
Ignoring exception in on_member_update
Traceback (most recent call last):
  File "/usr/local/lib/python3.12/site-packages/discord/client.py", line 465, in _run_event
    await coro(*args, **kwargs)
  File "/app/asu_discord/cogs/analytics.py", line 652, in on_member_update
    before_timeout = before.timed_out_until
                     ^^^^^^^^^^^^^^^^^^^^^^
AttributeError: 'Member' object has no attribute 'timed_out_until'
Ignoring exception in on_member_update
Traceback (most recent call last):
  File "/usr/local/lib/python3.12/site-packages/discord/client.py", line 465, in _run_event
    await coro(*args, **kwargs)
  File "/app/asu_discord/cogs/analytics.py", line 652, in on_member_update
    before_timeout = before.timed_out_until
                     ^^^^^^^^^^^^^^^^^^^^^^
AttributeError: 'Member' object has no attribute 'timed_out_until'
Ignoring exception in on_member_update
Traceback (most recent call last):
  File "/usr/local/lib/python3.12/site-packages/discord/client.py", line 465, in _run_event
    await coro(*args, **kwargs)
  File "/app/asu_discord/cogs/analytics.py", line 652, in on_member_update
    before_timeout = before.timed_out_until
                     ^^^^^^^^^^^^^^^^^^^^^^
AttributeError: 'Member' object has no attribute 'timed_out_until'
Ignoring exception in on_member_update
Traceback (most recent call last):
  File "/usr/local/lib/python3.12/site-packages/discord/client.py", line 465, in _run_event
    await coro(*args, **kwargs)
  File "/app/asu_discord/cogs/analytics.py", line 652, in on_member_update
    before_timeout = before.timed_out_until
                     ^^^^^^^^^^^^^^^^^^^^^^
AttributeError: 'Member' object has no attribute 'timed_out_until'
Ignoring exception in on_member_update
Traceback (most recent call last):
  File "/usr/local/lib/python3.12/site-packages/discord/client.py", line 465, in _run_event
    await coro(*args, **kwargs)
  File "/app/asu_discord/cogs/analytics.py", line 652, in on_member_update
    before_timeout = before.timed_out_until
                     ^^^^^^^^^^^^^^^^^^^^^^
AttributeError: 'Member' object has no attribute 'timed_out_until'
Ignoring exception in on_member_update
Traceback (most recent call last):
  File "/usr/local/lib/python3.12/site-packages/discord/client.py", line 465, in _run_event
    await coro(*args, **kwargs)
  File "/app/asu_discord/cogs/analytics.py", line 652, in on_member_update
    before_timeout = before.timed_out_until
                     ^^^^^^^^^^^^^^^^^^^^^^
AttributeError: 'Member' object has no attribute 'timed_out_until'
ERROR:cron.jobs:refresh_salesforce_roles: failed for ahallet5 (Discord ID 1179150934828396638): Timed out refresh Salesforce-based roles
Ignoring exception in on_member_update
Traceback (most recent call last):
  File "/usr/local/lib/python3.12/site-packages/discord/client.py", line 465, in _run_event
    await coro(*args, **kwargs)
  File "/app/asu_discord/cogs/analytics.py", line 652, in on_member_update
    before_timeout = before.timed_out_until
                     ^^^^^^^^^^^^^^^^^^^^^^
AttributeError: 'Member' object has no attribute 'timed_out_until'
Ignoring exception in on_member_update
Traceback (most recent call last):
  File "/usr/local/lib/python3.12/site-packages/discord/client.py", line 465, in _run_event
    await coro(*args, **kwargs)
  File "/app/asu_discord/cogs/analytics.py", line 652, in on_member_update
    before_timeout = before.timed_out_until
                     ^^^^^^^^^^^^^^^^^^^^^^
AttributeError: 'Member' object has no attribute 'timed_out_until'
Ignoring exception in on_member_update
Traceback (most recent call last):
  File "/usr/local/lib/python3.12/site-packages/discord/client.py", line 465, in _run_event
    await coro(*args, **kwargs)
  File "/app/asu_discord/cogs/analytics.py", line 652, in on_member_update
    before_timeout = before.timed_out_until
                     ^^^^^^^^^^^^^^^^^^^^^^
AttributeError: 'Member' object has no attribute 'timed_out_until'
Ignoring exception in on_member_update
Traceback (most recent call last):
  File "/usr/local/lib/python3.12/site-packages/discord/client.py", line 465, in _run_event
    await coro(*args, **kwargs)
  File "/app/asu_discord/cogs/analytics.py", line 652, in on_member_update
    before_timeout = before.timed_out_until
                     ^^^^^^^^^^^^^^^^^^^^^^
AttributeError: 'Member' object has no attribute 'timed_out_until'
Ignoring exception in on_member_update
Traceback (most recent call last):
  File "/usr/local/lib/python3.12/site-packages/discord/client.py", line 465, in _run_event
    await coro(*args, **kwargs)
  File "/app/asu_discord/cogs/analytics.py", line 652, in on_member_update
    before_timeout = before.timed_out_until
                     ^^^^^^^^^^^^^^^^^^^^^^
AttributeError: 'Member' object has no attribute 'timed_out_until'
Ignoring exception in on_member_update
Traceback (most recent call last):
  File "/usr/local/lib/python3.12/site-packages/discord/client.py", line 465, in _run_event
    await coro(*args, **kwargs)
  File "/app/asu_discord/cogs/analytics.py", line 652, in on_member_update
    before_timeout = before.timed_out_until
                     ^^^^^^^^^^^^^^^^^^^^^^
AttributeError: 'Member' object has no attribute 'timed_out_until'
Ignoring exception in on_member_update
Traceback (most recent call last):
  File "/usr/local/lib/python3.12/site-packages/discord/client.py", line 465, in _run_event
    await coro(*args, **kwargs)
  File "/app/asu_discord/cogs/analytics.py", line 652, in on_member_update
    before_timeout = before.timed_out_until
                     ^^^^^^^^^^^^^^^^^^^^^^
AttributeError: 'Member' object has no attribute 'timed_out_until'
Ignoring exception in on_member_update
Traceback (most recent call last):
  File "/usr/local/lib/python3.12/site-packages/discord/client.py", line 465, in _run_event
    await coro(*args, **kwargs)
  File "/app/asu_discord/cogs/analytics.py", line 652, in on_member_update
    before_timeout = before.timed_out_until
                     ^^^^^^^^^^^^^^^^^^^^^^
AttributeError: 'Member' object has no attribute 'timed_out_until'
Ignoring exception in on_member_update
Traceback (most recent call last):
  File "/usr/local/lib/python3.12/site-packages/discord/client.py", line 465, in _run_event
    await coro(*args, **kwargs)
  File "/app/asu_discord/cogs/analytics.py", line 652, in on_member_update
    before_timeout = before.timed_out_until
                     ^^^^^^^^^^^^^^^^^^^^^^
AttributeError: 'Member' object has no attribute 'timed_out_until'
Ignoring exception in on_member_update
Traceback (most recent call last):
  File "/usr/local/lib/python3.12/site-packages/discord/client.py", line 465, in _run_event
    await coro(*args, **kwargs)
  File "/app/asu_discord/cogs/analytics.py", line 652, in on_member_update
    before_timeout = before.timed_out_until
                     ^^^^^^^^^^^^^^^^^^^^^^
AttributeError: 'Member' object has no attribute 'timed_out_until'
INFO:asu_discord.cogs.verification:Saved 5 roles to database for user mguti147@asu.edu (Discord ID: 543285528133632020)
INFO:asu_discord.cogs.verification:Refreshed Salesforce roles for Discord user 543285528133632020: -5/+5 roles, assigned=[College of Liberal Arts and Sciences, Online, Out of State, Transfer Student, Upperclassmen]
Ignoring exception in on_member_update
Traceback (most recent call last):
  File "/usr/local/lib/python3.12/site-packages/discord/client.py", line 465, in _run_event
    await coro(*args, **kwargs)
  File "/app/asu_discord/cogs/analytics.py", line 652, in on_member_update
    before_timeout = before.timed_out_until
                     ^^^^^^^^^^^^^^^^^^^^^^
AttributeError: 'Member' object has no attribute 'timed_out_until'
Ignoring exception in on_member_update
Traceback (most recent call last):
  File "/usr/local/lib/python3.12/site-packages/discord/client.py", line 465, in _run_event
    await coro(*args, **kwargs)
  File "/app/asu_discord/cogs/analytics.py", line 652, in on_member_update
    before_timeout = before.timed_out_until
                     ^^^^^^^^^^^^^^^^^^^^^^
AttributeError: 'Member' object has no attribute 'timed_out_until'
Ignoring exception in on_member_update
Traceback (most recent call last):
  File "/usr/local/lib/python3.12/site-packages/discord/client.py", line 465, in _run_event
    await coro(*args, **kwargs)
  File "/app/asu_discord/cogs/analytics.py", line 652, in on_member_update
    before_timeout = before.timed_out_until
                     ^^^^^^^^^^^^^^^^^^^^^^
AttributeError: 'Member' object has no attribute 'timed_out_until'
Ignoring exception in on_member_update
Traceback (most recent call last):
  File "/usr/local/lib/python3.12/site-packages/discord/client.py", line 465, in _run_event
    await coro(*args, **kwargs)
  File "/app/asu_discord/cogs/analytics.py", line 652, in on_member_update
    before_timeout = before.timed_out_until
                     ^^^^^^^^^^^^^^^^^^^^^^
AttributeError: 'Member' object has no attribute 'timed_out_until'
Ignoring exception in on_member_update
Traceback (most recent call last):
  File "/usr/local/lib/python3.12/site-packages/discord/client.py", line 465, in _run_event
    await coro(*args, **kwargs)
  File "/app/asu_discord/cogs/analytics.py", line 652, in on_member_update
    before_timeout = before.timed_out_until
                     ^^^^^^^^^^^^^^^^^^^^^^
AttributeError: 'Member' object has no attribute 'timed_out_until'
Ignoring exception in on_member_update
Traceback (most recent call last):
  File "/usr/local/lib/python3.12/site-packages/discord/client.py", line 465, in _run_event
    await coro(*args, **kwargs)
  File "/app/asu_discord/cogs/analytics.py", line 652, in on_member_update
    before_timeout = before.timed_out_until
                     ^^^^^^^^^^^^^^^^^^^^^^
AttributeError: 'Member' object has no attribute 'timed_out_until'
Ignoring exception in on_member_update
Traceback (most recent call last):
  File "/usr/local/lib/python3.12/site-packages/discord/client.py", line 465, in _run_event
    await coro(*args, **kwargs)
  File "/app/asu_discord/cogs/analytics.py", line 652, in on_member_update
    before_timeout = before.timed_out_until
                     ^^^^^^^^^^^^^^^^^^^^^^
AttributeError: 'Member' object has no attribute 'timed_out_until'
Ignoring exception in on_member_update
Traceback (most recent call last):
  File "/usr/local/lib/python3.12/site-packages/discord/client.py", line 465, in _run_event
    await coro(*args, **kwargs)
  File "/app/asu_discord/cogs/analytics.py", line 652, in on_member_update
    before_timeout = before.timed_out_until
                     ^^^^^^^^^^^^^^^^^^^^^^
AttributeError: 'Member' object has no attribute 'timed_out_until'
Ignoring exception in on_member_update
Traceback (most recent call last):
  File "/usr/local/lib/python3.12/site-packages/discord/client.py", line 465, in _run_event
    await coro(*args, **kwargs)
  File "/app/asu_discord/cogs/analytics.py", line 652, in on_member_update
    before_timeout = before.timed_out_until
                     ^^^^^^^^^^^^^^^^^^^^^^
AttributeError: 'Member' object has no attribute 'timed_out_until'
Ignoring exception in on_member_update
Traceback (most recent call last):
  File "/usr/local/lib/python3.12/site-packages/discord/client.py", line 465, in _run_event
    await coro(*args, **kwargs)
  File "/app/asu_discord/cogs/analytics.py", line 652, in on_member_update
    before_timeout = before.timed_out_until
                     ^^^^^^^^^^^^^^^^^^^^^^
AttributeError: 'Member' object has no attribute 'timed_out_until'
INFO:asu_discord.cogs.verification:Saved 5 roles to database for user aelenji1@asu.edu (Discord ID: 1071291070924718151)
INFO:asu_discord.cogs.verification:Refreshed Salesforce roles for Discord user 1071291070924718151: -5/+5 roles, assigned=[Arizona Resident, College of Liberal Arts and Sciences, Commited, First Year, Tempe]
Ignoring exception in on_member_update
Traceback (most recent call last):
  File "/usr/local/lib/python3.12/site-packages/discord/client.py", line 465, in _run_event
    await coro(*args, **kwargs)
  File "/app/asu_discord/cogs/analytics.py", line 652, in on_member_update
    before_timeout = before.timed_out_until
                     ^^^^^^^^^^^^^^^^^^^^^^
AttributeError: 'Member' object has no attribute 'timed_out_until'
Ignoring exception in on_member_update
Traceback (most recent call last):
  File "/usr/local/lib/python3.12/site-packages/discord/client.py", line 465, in _run_event
    await coro(*args, **kwargs)
  File "/app/asu_discord/cogs/analytics.py", line 652, in on_member_update
    before_timeout = before.timed_out_until
                     ^^^^^^^^^^^^^^^^^^^^^^
AttributeError: 'Member' object has no attribute 'timed_out_until'
INFO:asu_discord.cogs.verification:Saved 1 roles to database for user ljudy@asu.edu (Discord ID: 1023013728670720040)
INFO:asu_discord.cogs.verification:Refreshed Salesforce roles for Discord user 1023013728670720040: -1/+1 roles, assigned=[Arizona Resident]
Ignoring exception in on_member_update
Traceback (most recent call last):
  File "/usr/local/lib/python3.12/site-packages/discord/client.py", line 465, in _run_event
    await coro(*args, **kwargs)
  File "/app/asu_discord/cogs/analytics.py", line 652, in on_member_update
    before_timeout = before.timed_out_until
                     ^^^^^^^^^^^^^^^^^^^^^^
AttributeError: 'Member' object has no attribute 'timed_out_until'
Ignoring exception in on_member_update
Traceback (most recent call last):
  File "/usr/local/lib/python3.12/site-packages/discord/client.py", line 465, in _run_event
    await coro(*args, **kwargs)
  File "/app/asu_discord/cogs/analytics.py", line 652, in on_member_update
    before_timeout = before.timed_out_until
                     ^^^^^^^^^^^^^^^^^^^^^^
AttributeError: 'Member' object has no attribute 'timed_out_until'
Ignoring exception in on_member_update
Traceback (most recent call last):
  File "/usr/local/lib/python3.12/site-packages/discord/client.py", line 465, in _run_event
    await coro(*args, **kwargs)
  File "/app/asu_discord/cogs/analytics.py", line 652, in on_member_update
    before_timeout = before.timed_out_until
                     ^^^^^^^^^^^^^^^^^^^^^^
AttributeError: 'Member' object has no attribute 'timed_out_until'
Ignoring exception in on_member_update
Traceback (most recent call last):
  File "/usr/local/lib/python3.12/site-packages/discord/client.py", line 465, in _run_event
    await coro(*args, **kwargs)
  File "/app/asu_discord/cogs/analytics.py", line 652, in on_member_update
    before_timeout = before.timed_out_until
                     ^^^^^^^^^^^^^^^^^^^^^^
AttributeError: 'Member' object has no attribute 'timed_out_until'
Ignoring exception in on_member_update
Traceback (most recent call last):
  File "/usr/local/lib/python3.12/site-packages/discord/client.py", line 465, in _run_event
    await coro(*args, **kwargs)
  File "/app/asu_discord/cogs/analytics.py", line 652, in on_member_update
    before_timeout = before.timed_out_until
                     ^^^^^^^^^^^^^^^^^^^^^^
AttributeError: 'Member' object has no attribute 'timed_out_until'
Ignoring exception in on_member_update
Traceback (most recent call last):
  File "/usr/local/lib/python3.12/site-packages/discord/client.py", line 465, in _run_event
    await coro(*args, **kwargs)
  File "/app/asu_discord/cogs/analytics.py", line 652, in on_member_update
    before_timeout = before.timed_out_until
                     ^^^^^^^^^^^^^^^^^^^^^^
AttributeError: 'Member' object has no attribute 'timed_out_until'
Ignoring exception in on_member_update
Traceback (most recent call last):
  File "/usr/local/lib/python3.12/site-packages/discord/client.py", line 465, in _run_event
    await coro(*args, **kwargs)
  File "/app/asu_discord/cogs/analytics.py", line 652, in on_member_update
    before_timeout = before.timed_out_until
                     ^^^^^^^^^^^^^^^^^^^^^^
AttributeError: 'Member' object has no attribute 'timed_out_until'
Ignoring exception in on_member_update
Traceback (most recent call last):
  File "/usr/local/lib/python3.12/site-packages/discord/client.py", line 465, in _run_event
    await coro(*args, **kwargs)
  File "/app/asu_discord/cogs/analytics.py", line 652, in on_member_update
    before_timeout = before.timed_out_until
                     ^^^^^^^^^^^^^^^^^^^^^^
AttributeError: 'Member' object has no attribute 'timed_out_until'
Ignoring exception in on_member_update
Traceback (most recent call last):
  File "/usr/local/lib/python3.12/site-packages/discord/client.py", line 465, in _run_event
    await coro(*args, **kwargs)
  File "/app/asu_discord/cogs/analytics.py", line 652, in on_member_update
    before_timeout = before.timed_out_until
                     ^^^^^^^^^^^^^^^^^^^^^^
AttributeError: 'Member' object has no attribute 'timed_out_until'
Ignoring exception in on_member_update
Traceback (most recent call last):
  File "/usr/local/lib/python3.12/site-packages/discord/client.py", line 465, in _run_event
    await coro(*args, **kwargs)
  File "/app/asu_discord/cogs/analytics.py", line 652, in on_member_update
    before_timeout = before.timed_out_until
                     ^^^^^^^^^^^^^^^^^^^^^^
AttributeError: 'Member' object has no attribute 'timed_out_until'
INFO:asu_discord.cogs.verification:Saved 5 roles to database for user lphill45@asu.edu (Discord ID: 799793812423180338)
INFO:asu_discord.cogs.verification:Refreshed Salesforce roles for Discord user 799793812423180338: -5/+5 roles, assigned=[Commited, First Year, Herberger Institute for Design and the Arts, Out of State, Tempe]
Ignoring exception in on_member_update
Traceback (most recent call last):
  File "/usr/local/lib/python3.12/site-packages/discord/client.py", line 465, in _run_event
    await coro(*args, **kwargs)
  File "/app/asu_discord/cogs/analytics.py", line 652, in on_member_update
    before_timeout = before.timed_out_until
                     ^^^^^^^^^^^^^^^^^^^^^^
AttributeError: 'Member' object has no attribute 'timed_out_until'
Ignoring exception in on_member_update
Traceback (most recent call last):
  File "/usr/local/lib/python3.12/site-packages/discord/client.py", line 465, in _run_event
    await coro(*args, **kwargs)
  File "/app/asu_discord/cogs/analytics.py", line 652, in on_member_update
    before_timeout = before.timed_out_until
                     ^^^^^^^^^^^^^^^^^^^^^^
AttributeError: 'Member' object has no attribute 'timed_out_until'
Ignoring exception in on_member_update
Traceback (most recent call last):
  File "/usr/local/lib/python3.12/site-packages/discord/client.py", line 465, in _run_event
    await coro(*args, **kwargs)
  File "/app/asu_discord/cogs/analytics.py", line 652, in on_member_update
    before_timeout = before.timed_out_until
                     ^^^^^^^^^^^^^^^^^^^^^^
AttributeError: 'Member' object has no attribute 'timed_out_until'
Ignoring exception in on_member_update
Traceback (most recent call last):
  File "/usr/local/lib/python3.12/site-packages/discord/client.py", line 465, in _run_event
    await coro(*args, **kwargs)
  File "/app/asu_discord/cogs/analytics.py", line 652, in on_member_update
    before_timeout = before.timed_out_until
                     ^^^^^^^^^^^^^^^^^^^^^^
AttributeError: 'Member' object has no attribute 'timed_out_until'
Ignoring exception in on_member_update
Traceback (most recent call last):
  File "/usr/local/lib/python3.12/site-packages/discord/client.py", line 465, in _run_event
    await coro(*args, **kwargs)
  File "/app/asu_discord/cogs/analytics.py", line 652, in on_member_update
    before_timeout = before.timed_out_until
                     ^^^^^^^^^^^^^^^^^^^^^^
AttributeError: 'Member' object has no attribute 'timed_out_until'
Ignoring exception in on_member_update
Traceback (most recent call last):
  File "/usr/local/lib/python3.12/site-packages/discord/client.py", line 465, in _run_event
    await coro(*args, **kwargs)
  File "/app/asu_discord/cogs/analytics.py", line 652, in on_member_update
    before_timeout = before.timed_out_until
                     ^^^^^^^^^^^^^^^^^^^^^^
AttributeError: 'Member' object has no attribute 'timed_out_until'
Ignoring exception in on_member_update
Traceback (most recent call last):
  File "/usr/local/lib/python3.12/site-packages/discord/client.py", line 465, in _run_event
    await coro(*args, **kwargs)
  File "/app/asu_discord/cogs/analytics.py", line 652, in on_member_update
    before_timeout = before.timed_out_until
                     ^^^^^^^^^^^^^^^^^^^^^^
AttributeError: 'Member' object has no attribute 'timed_out_until'
Ignoring exception in on_member_update
Traceback (most recent call last):
  File "/usr/local/lib/python3.12/site-packages/discord/client.py", line 465, in _run_event
    await coro(*args, **kwargs)
  File "/app/asu_discord/cogs/analytics.py", line 652, in on_member_update
    before_timeout = before.timed_out_until
                     ^^^^^^^^^^^^^^^^^^^^^^
AttributeError: 'Member' object has no attribute 'timed_out_until'
Ignoring exception in on_member_update
Traceback (most recent call last):
  File "/usr/local/lib/python3.12/site-packages/discord/client.py", line 465, in _run_event
    await coro(*args, **kwargs)
  File "/app/asu_discord/cogs/analytics.py", line 652, in on_member_update
    before_timeout = before.timed_out_until
                     ^^^^^^^^^^^^^^^^^^^^^^
AttributeError: 'Member' object has no attribute 'timed_out_until'
Ignoring exception in on_member_update
Traceback (most recent call last):
  File "/usr/local/lib/python3.12/site-packages/discord/client.py", line 465, in _run_event
    await coro(*args, **kwargs)
  File "/app/asu_discord/cogs/analytics.py", line 652, in on_member_update
    before_timeout = before.timed_out_until
                     ^^^^^^^^^^^^^^^^^^^^^^
AttributeError: 'Member' object has no attribute 'timed_out_until'
INFO:asu_discord.cogs.verification:Saved 5 roles to database for user kbhatna4@asu.edu (Discord ID: 617590002896863237)
INFO:asu_discord.cogs.verification:Refreshed Salesforce roles for Discord user 617590002896863237: -5/+5 roles, assigned=[Arizona Resident, Commited, First Year, Ira A. Fulton Schools of Engineering, Tempe]
ERROR:cron.jobs:refresh_salesforce_roles: failed for miranda5 (Discord ID 978013070435696701): Failed to refresh Salesforce-based roles: Discord user 978013070435696701 is not a member of the guild
ERROR:cron.jobs:refresh_salesforce_roles: failed for ssing780 (Discord ID 927994538419687444): Failed to refresh Salesforce-based roles: Discord user 927994538419687444 is not a member of the guild
Ignoring exception in on_member_update
Traceback (most recent call last):
  File "/usr/local/lib/python3.12/site-packages/discord/client.py", line 465, in _run_event
    await coro(*args, **kwargs)
  File "/app/asu_discord/cogs/analytics.py", line 652, in on_member_update
    before_timeout = before.timed_out_until
                     ^^^^^^^^^^^^^^^^^^^^^^
AttributeError: 'Member' object has no attribute 'timed_out_until'
Ignoring exception in on_member_update
Traceback (most recent call last):
  File "/usr/local/lib/python3.12/site-packages/discord/client.py", line 465, in _run_event
    await coro(*args, **kwargs)
  File "/app/asu_discord/cogs/analytics.py", line 652, in on_member_update
    before_timeout = before.timed_out_until
                     ^^^^^^^^^^^^^^^^^^^^^^
AttributeError: 'Member' object has no attribute 'timed_out_until'
Ignoring exception in on_member_update
Traceback (most recent call last):
  File "/usr/local/lib/python3.12/site-packages/discord/client.py", line 465, in _run_event
    await coro(*args, **kwargs)
  File "/app/asu_discord/cogs/analytics.py", line 652, in on_member_update
    before_timeout = before.timed_out_until
                     ^^^^^^^^^^^^^^^^^^^^^^
AttributeError: 'Member' object has no attribute 'timed_out_until'
Ignoring exception in on_member_update
Traceback (most recent call last):
  File "/usr/local/lib/python3.12/site-packages/discord/client.py", line 465, in _run_event
    await coro(*args, **kwargs)
  File "/app/asu_discord/cogs/analytics.py", line 652, in on_member_update
    before_timeout = before.timed_out_until
                     ^^^^^^^^^^^^^^^^^^^^^^
AttributeError: 'Member' object has no attribute 'timed_out_until'
Ignoring exception in on_member_update
Traceback (most recent call last):
  File "/usr/local/lib/python3.12/site-packages/discord/client.py", line 465, in _run_event
    await coro(*args, **kwargs)
  File "/app/asu_discord/cogs/analytics.py", line 652, in on_member_update
    before_timeout = before.timed_out_until
                     ^^^^^^^^^^^^^^^^^^^^^^
AttributeError: 'Member' object has no attribute 'timed_out_until'
Ignoring exception in on_member_update
Traceback (most recent call last):
  File "/usr/local/lib/python3.12/site-packages/discord/client.py", line 465, in _run_event
    await coro(*args, **kwargs)
  File "/app/asu_discord/cogs/analytics.py", line 652, in on_member_update
    before_timeout = before.timed_out_until
                     ^^^^^^^^^^^^^^^^^^^^^^
AttributeError: 'Member' object has no attribute 'timed_out_until'
Ignoring exception in on_member_update
Traceback (most recent call last):
  File "/usr/local/lib/python3.12/site-packages/discord/client.py", line 465, in _run_event
    await coro(*args, **kwargs)
  File "/app/asu_discord/cogs/analytics.py", line 652, in on_member_update
    before_timeout = before.timed_out_until
                     ^^^^^^^^^^^^^^^^^^^^^^
AttributeError: 'Member' object has no attribute 'timed_out_until'
Ignoring exception in on_member_update
Traceback (most recent call last):
  File "/usr/local/lib/python3.12/site-packages/discord/client.py", line 465, in _run_event
    await coro(*args, **kwargs)
  File "/app/asu_discord/cogs/analytics.py", line 652, in on_member_update
    before_timeout = before.timed_out_until
                     ^^^^^^^^^^^^^^^^^^^^^^
AttributeError: 'Member' object has no attribute 'timed_out_until'
Ignoring exception in on_member_update
Traceback (most recent call last):
  File "/usr/local/lib/python3.12/site-packages/discord/client.py", line 465, in _run_event
    await coro(*args, **kwargs)
  File "/app/asu_discord/cogs/analytics.py", line 652, in on_member_update
    before_timeout = before.timed_out_until
                     ^^^^^^^^^^^^^^^^^^^^^^
AttributeError: 'Member' object has no attribute 'timed_out_until'
INFO:asu_discord.cogs.verification:Saved 5 roles to database for user afaragal@asu.edu (Discord ID: 700553788397715587)
INFO:asu_discord.cogs.verification:Refreshed Salesforce roles for Discord user 700553788397715587: -5/+4 roles, assigned=[Commited, First Year, Ira A. Fulton Schools of Engineering, Out of State, West Valley]
Ignoring exception in on_member_update
Traceback (most recent call last):
  File "/usr/local/lib/python3.12/site-packages/discord/client.py", line 465, in _run_event
    await coro(*args, **kwargs)
  File "/app/asu_discord/cogs/analytics.py", line 652, in on_member_update
    before_timeout = before.timed_out_until
                     ^^^^^^^^^^^^^^^^^^^^^^
AttributeError: 'Member' object has no attribute 'timed_out_until'
Ignoring exception in on_member_update
Traceback (most recent call last):
  File "/usr/local/lib/python3.12/site-packages/discord/client.py", line 465, in _run_event
    await coro(*args, **kwargs)
  File "/app/asu_discord/cogs/analytics.py", line 652, in on_member_update
    before_timeout = before.timed_out_until
                     ^^^^^^^^^^^^^^^^^^^^^^
AttributeError: 'Member' object has no attribute 'timed_out_until'
Ignoring exception in on_member_update
Traceback (most recent call last):
  File "/usr/local/lib/python3.12/site-packages/discord/client.py", line 465, in _run_event
    await coro(*args, **kwargs)
  File "/app/asu_discord/cogs/analytics.py", line 652, in on_member_update
    before_timeout = before.timed_out_until
                     ^^^^^^^^^^^^^^^^^^^^^^
AttributeError: 'Member' object has no attribute 'timed_out_until'
Ignoring exception in on_member_update
Traceback (most recent call last):
  File "/usr/local/lib/python3.12/site-packages/discord/client.py", line 465, in _run_event
    await coro(*args, **kwargs)
  File "/app/asu_discord/cogs/analytics.py", line 652, in on_member_update
    before_timeout = before.timed_out_until
                     ^^^^^^^^^^^^^^^^^^^^^^
AttributeError: 'Member' object has no attribute 'timed_out_until'
Ignoring exception in on_member_update
Traceback (most recent call last):
  File "/usr/local/lib/python3.12/site-packages/discord/client.py", line 465, in _run_event
    await coro(*args, **kwargs)
  File "/app/asu_discord/cogs/analytics.py", line 652, in on_member_update
    before_timeout = before.timed_out_until
                     ^^^^^^^^^^^^^^^^^^^^^^
AttributeError: 'Member' object has no attribute 'timed_out_until'
Ignoring exception in on_member_update
Traceback (most recent call last):
  File "/usr/local/lib/python3.12/site-packages/discord/client.py", line 465, in _run_event
    await coro(*args, **kwargs)
  File "/app/asu_discord/cogs/analytics.py", line 652, in on_member_update
    before_timeout = before.timed_out_until
                     ^^^^^^^^^^^^^^^^^^^^^^
AttributeError: 'Member' object has no attribute 'timed_out_until'
Ignoring exception in on_member_update
Traceback (most recent call last):
  File "/usr/local/lib/python3.12/site-packages/discord/client.py", line 465, in _run_event
    await coro(*args, **kwargs)
  File "/app/asu_discord/cogs/analytics.py", line 652, in on_member_update
    before_timeout = before.timed_out_until
                     ^^^^^^^^^^^^^^^^^^^^^^
AttributeError: 'Member' object has no attribute 'timed_out_until'
Ignoring exception in on_member_update
Traceback (most recent call last):
  File "/usr/local/lib/python3.12/site-packages/discord/client.py", line 465, in _run_event
    await coro(*args, **kwargs)
  File "/app/asu_discord/cogs/analytics.py", line 652, in on_member_update
    before_timeout = before.timed_out_until
                     ^^^^^^^^^^^^^^^^^^^^^^
AttributeError: 'Member' object has no attribute 'timed_out_until'
Ignoring exception in on_member_update
Traceback (most recent call last):
  File "/usr/local/lib/python3.12/site-packages/discord/client.py", line 465, in _run_event
    await coro(*args, **kwargs)
  File "/app/asu_discord/cogs/analytics.py", line 652, in on_member_update
    before_timeout = before.timed_out_until
                     ^^^^^^^^^^^^^^^^^^^^^^
AttributeError: 'Member' object has no attribute 'timed_out_until'
INFO:asu_discord.cogs.verification:Saved 5 roles to database for user mdkurko@asu.edu (Discord ID: 375818459709177886)
INFO:asu_discord.cogs.verification:Refreshed Salesforce roles for Discord user 375818459709177886: -5/+4 roles, assigned=[Arizona Resident, Commited, First Year, Tempe, W.P. Carey School of Business]
ERROR:cron.jobs:refresh_salesforce_roles: failed for nbcarlso (Discord ID 983710652642250852): Failed to refresh Salesforce-based roles: Discord user 983710652642250852 is not a member of the guild
Ignoring exception in on_member_update
Traceback (most recent call last):
  File "/usr/local/lib/python3.12/site-packages/discord/client.py", line 465, in _run_event
    await coro(*args, **kwargs)
  File "/app/asu_discord/cogs/analytics.py", line 652, in on_member_update
    before_timeout = before.timed_out_until
                     ^^^^^^^^^^^^^^^^^^^^^^
AttributeError: 'Member' object has no attribute 'timed_out_until'
Ignoring exception in on_member_update
Traceback (most recent call last):
  File "/usr/local/lib/python3.12/site-packages/discord/client.py", line 465, in _run_event
    await coro(*args, **kwargs)
  File "/app/asu_discord/cogs/analytics.py", line 652, in on_member_update
    before_timeout = before.timed_out_until
                     ^^^^^^^^^^^^^^^^^^^^^^
AttributeError: 'Member' object has no attribute 'timed_out_until'
Ignoring exception in on_member_update
Traceback (most recent call last):
  File "/usr/local/lib/python3.12/site-packages/discord/client.py", line 465, in _run_event
    await coro(*args, **kwargs)
  File "/app/asu_discord/cogs/analytics.py", line 652, in on_member_update
    before_timeout = before.timed_out_until
                     ^^^^^^^^^^^^^^^^^^^^^^
AttributeError: 'Member' object has no attribute 'timed_out_until'
Ignoring exception in on_member_update
Traceback (most recent call last):
  File "/usr/local/lib/python3.12/site-packages/discord/client.py", line 465, in _run_event
    await coro(*args, **kwargs)
  File "/app/asu_discord/cogs/analytics.py", line 652, in on_member_update
    before_timeout = before.timed_out_until
                     ^^^^^^^^^^^^^^^^^^^^^^
AttributeError: 'Member' object has no attribute 'timed_out_until'
Ignoring exception in on_member_update
Traceback (most recent call last):
  File "/usr/local/lib/python3.12/site-packages/discord/client.py", line 465, in _run_event
    await coro(*args, **kwargs)
  File "/app/asu_discord/cogs/analytics.py", line 652, in on_member_update
    before_timeout = before.timed_out_until
                     ^^^^^^^^^^^^^^^^^^^^^^
AttributeError: 'Member' object has no attribute 'timed_out_until'
Ignoring exception in on_member_update
Traceback (most recent call last):
  File "/usr/local/lib/python3.12/site-packages/discord/client.py", line 465, in _run_event
    await coro(*args, **kwargs)
  File "/app/asu_discord/cogs/analytics.py", line 652, in on_member_update
    before_timeout = before.timed_out_until
                     ^^^^^^^^^^^^^^^^^^^^^^
AttributeError: 'Member' object has no attribute 'timed_out_until'
Ignoring exception in on_member_update
Traceback (most recent call last):
  File "/usr/local/lib/python3.12/site-packages/discord/client.py", line 465, in _run_event
    await coro(*args, **kwargs)
  File "/app/asu_discord/cogs/analytics.py", line 652, in on_member_update
    before_timeout = before.timed_out_until
                     ^^^^^^^^^^^^^^^^^^^^^^
AttributeError: 'Member' object has no attribute 'timed_out_until'
Ignoring exception in on_member_update
Traceback (most recent call last):
  File "/usr/local/lib/python3.12/site-packages/discord/client.py", line 465, in _run_event
    await coro(*args, **kwargs)
  File "/app/asu_discord/cogs/analytics.py", line 652, in on_member_update
    before_timeout = before.timed_out_until
                     ^^^^^^^^^^^^^^^^^^^^^^
AttributeError: 'Member' object has no attribute 'timed_out_until'
Ignoring exception in on_member_update
Traceback (most recent call last):
  File "/usr/local/lib/python3.12/site-packages/discord/client.py", line 465, in _run_event
    await coro(*args, **kwargs)
  File "/app/asu_discord/cogs/analytics.py", line 652, in on_member_update
    before_timeout = before.timed_out_until
                     ^^^^^^^^^^^^^^^^^^^^^^
AttributeError: 'Member' object has no attribute 'timed_out_until'
INFO:asu_discord.cogs.verification:Saved 5 roles to database for user karunku2@asu.edu (Discord ID: 1440040351632064613)
INFO:asu_discord.cogs.verification:Refreshed Salesforce roles for Discord user 1440040351632064613: -5/+4 roles, assigned=[Arizona Resident, College of Liberal Arts and Sciences, Commited, First Year, Tempe]
ERROR:cron.jobs:refresh_salesforce_roles: failed for sshar482 (Discord ID 775483852705497108): Failed to refresh Salesforce-based roles: Discord user 775483852705497108 is not a member of the guild
Ignoring exception in on_member_update
Traceback (most recent call last):
  File "/usr/local/lib/python3.12/site-packages/discord/client.py", line 465, in _run_event
    await coro(*args, **kwargs)
  File "/app/asu_discord/cogs/analytics.py", line 652, in on_member_update
    before_timeout = before.timed_out_until
                     ^^^^^^^^^^^^^^^^^^^^^^
AttributeError: 'Member' object has no attribute 'timed_out_until'
Ignoring exception in on_member_update
Traceback (most recent call last):
  File "/usr/local/lib/python3.12/site-packages/discord/client.py", line 465, in _run_event
    await coro(*args, **kwargs)
  File "/app/asu_discord/cogs/analytics.py", line 652, in on_member_update
    before_timeout = before.timed_out_until
                     ^^^^^^^^^^^^^^^^^^^^^^
AttributeError: 'Member' object has no attribute 'timed_out_until'
Ignoring exception in on_member_update
Traceback (most recent call last):
  File "/usr/local/lib/python3.12/site-packages/discord/client.py", line 465, in _run_event
    await coro(*args, **kwargs)
  File "/app/asu_discord/cogs/analytics.py", line 652, in on_member_update
    before_timeout = before.timed_out_until
                     ^^^^^^^^^^^^^^^^^^^^^^
AttributeError: 'Member' object has no attribute 'timed_out_until'
Ignoring exception in on_member_update
Traceback (most recent call last):
  File "/usr/local/lib/python3.12/site-packages/discord/client.py", line 465, in _run_event
    await coro(*args, **kwargs)
  File "/app/asu_discord/cogs/analytics.py", line 652, in on_member_update
    before_timeout = before.timed_out_until
                     ^^^^^^^^^^^^^^^^^^^^^^
AttributeError: 'Member' object has no attribute 'timed_out_until'
Ignoring exception in on_member_update
Traceback (most recent call last):
  File "/usr/local/lib/python3.12/site-packages/discord/client.py", line 465, in _run_event
    await coro(*args, **kwargs)
  File "/app/asu_discord/cogs/analytics.py", line 652, in on_member_update
    before_timeout = before.timed_out_until
                     ^^^^^^^^^^^^^^^^^^^^^^
AttributeError: 'Member' object has no attribute 'timed_out_until'
Ignoring exception in on_member_update
Traceback (most recent call last):
  File "/usr/local/lib/python3.12/site-packages/discord/client.py", line 465, in _run_event
    await coro(*args, **kwargs)
  File "/app/asu_discord/cogs/analytics.py", line 652, in on_member_update
    before_timeout = before.timed_out_until
                     ^^^^^^^^^^^^^^^^^^^^^^
AttributeError: 'Member' object has no attribute 'timed_out_until'
Ignoring exception in on_member_update
Traceback (most recent call last):
  File "/usr/local/lib/python3.12/site-packages/discord/client.py", line 465, in _run_event
    await coro(*args, **kwargs)
  File "/app/asu_discord/cogs/analytics.py", line 652, in on_member_update
    before_timeout = before.timed_out_until
                     ^^^^^^^^^^^^^^^^^^^^^^
AttributeError: 'Member' object has no attribute 'timed_out_until'
Ignoring exception in on_member_update
Traceback (most recent call last):
  File "/usr/local/lib/python3.12/site-packages/discord/client.py", line 465, in _run_event
    await coro(*args, **kwargs)
  File "/app/asu_discord/cogs/analytics.py", line 652, in on_member_update
    before_timeout = before.timed_out_until
                     ^^^^^^^^^^^^^^^^^^^^^^
AttributeError: 'Member' object has no attribute 'timed_out_until'
Ignoring exception in on_member_update
Traceback (most recent call last):
  File "/usr/local/lib/python3.12/site-packages/discord/client.py", line 465, in _run_event
    await coro(*args, **kwargs)
  File "/app/asu_discord/cogs/analytics.py", line 652, in on_member_update
    before_timeout = before.timed_out_until
                     ^^^^^^^^^^^^^^^^^^^^^^
AttributeError: 'Member' object has no attribute 'timed_out_until'
Ignoring exception in on_member_update
Traceback (most recent call last):
  File "/usr/local/lib/python3.12/site-packages/discord/client.py", line 465, in _run_event
    await coro(*args, **kwargs)
  File "/app/asu_discord/cogs/analytics.py", line 652, in on_member_update
    before_timeout = before.timed_out_until
                     ^^^^^^^^^^^^^^^^^^^^^^
AttributeError: 'Member' object has no attribute 'timed_out_until'
Ignoring exception in on_member_update
Traceback (most recent call last):
  File "/usr/local/lib/python3.12/site-packages/discord/client.py", line 465, in _run_event
    await coro(*args, **kwargs)
  File "/app/asu_discord/cogs/analytics.py", line 652, in on_member_update
    before_timeout = before.timed_out_until
                     ^^^^^^^^^^^^^^^^^^^^^^
AttributeError: 'Member' object has no attribute 'timed_out_until'
Ignoring exception in on_member_update
Traceback (most recent call last):
  File "/usr/local/lib/python3.12/site-packages/discord/client.py", line 465, in _run_event
    await coro(*args, **kwargs)
  File "/app/asu_discord/cogs/analytics.py", line 652, in on_member_update
    before_timeout = before.timed_out_until
                     ^^^^^^^^^^^^^^^^^^^^^^
AttributeError: 'Member' object has no attribute 'timed_out_until'
INFO:asu_discord.cogs.verification:Saved 6 roles to database for user srobe104@asu.edu (Discord ID: 739260285327507586)
INFO:asu_discord.cogs.verification:Refreshed Salesforce roles for Discord user 739260285327507586: -6/+6 roles, assigned=[Arizona Resident, Commited, Ira A. Fulton Schools of Engineering, Tempe, Transfer Student, Upperclassmen]
Ignoring exception in on_member_update
Traceback (most recent call last):
  File "/usr/local/lib/python3.12/site-packages/discord/client.py", line 465, in _run_event
    await coro(*args, **kwargs)
  File "/app/asu_discord/cogs/analytics.py", line 652, in on_member_update
    before_timeout = before.timed_out_until
                     ^^^^^^^^^^^^^^^^^^^^^^
AttributeError: 'Member' object has no attribute 'timed_out_until'
Ignoring exception in on_member_update
Traceback (most recent call last):
  File "/usr/local/lib/python3.12/site-packages/discord/client.py", line 465, in _run_event
    await coro(*args, **kwargs)
  File "/app/asu_discord/cogs/analytics.py", line 652, in on_member_update
    before_timeout = before.timed_out_until
                     ^^^^^^^^^^^^^^^^^^^^^^
AttributeError: 'Member' object has no attribute 'timed_out_until'
Ignoring exception in on_member_update
Traceback (most recent call last):
  File "/usr/local/lib/python3.12/site-packages/discord/client.py", line 465, in _run_event
    await coro(*args, **kwargs)
  File "/app/asu_discord/cogs/analytics.py", line 652, in on_member_update
    before_timeout = before.timed_out_until
                     ^^^^^^^^^^^^^^^^^^^^^^
AttributeError: 'Member' object has no attribute 'timed_out_until'
Ignoring exception in on_member_update
Traceback (most recent call last):
  File "/usr/local/lib/python3.12/site-packages/discord/client.py", line 465, in _run_event
    await coro(*args, **kwargs)
  File "/app/asu_discord/cogs/analytics.py", line 652, in on_member_update
    before_timeout = before.timed_out_until
                     ^^^^^^^^^^^^^^^^^^^^^^
AttributeError: 'Member' object has no attribute 'timed_out_until'
Ignoring exception in on_member_update
Traceback (most recent call last):
  File "/usr/local/lib/python3.12/site-packages/discord/client.py", line 465, in _run_event
    await coro(*args, **kwargs)
  File "/app/asu_discord/cogs/analytics.py", line 652, in on_member_update
    before_timeout = before.timed_out_until
                     ^^^^^^^^^^^^^^^^^^^^^^
AttributeError: 'Member' object has no attribute 'timed_out_until'
Ignoring exception in on_member_update
Traceback (most recent call last):
  File "/usr/local/lib/python3.12/site-packages/discord/client.py", line 465, in _run_event
    await coro(*args, **kwargs)
  File "/app/asu_discord/cogs/analytics.py", line 652, in on_member_update
    before_timeout = before.timed_out_until
                     ^^^^^^^^^^^^^^^^^^^^^^
AttributeError: 'Member' object has no attribute 'timed_out_until'
Ignoring exception in on_member_update
Traceback (most recent call last):
  File "/usr/local/lib/python3.12/site-packages/discord/client.py", line 465, in _run_event
    await coro(*args, **kwargs)
  File "/app/asu_discord/cogs/analytics.py", line 652, in on_member_update
    before_timeout = before.timed_out_until
                     ^^^^^^^^^^^^^^^^^^^^^^
AttributeError: 'Member' object has no attribute 'timed_out_until'
Ignoring exception in on_member_update
Traceback (most recent call last):
  File "/usr/local/lib/python3.12/site-packages/discord/client.py", line 465, in _run_event
    await coro(*args, **kwargs)
  File "/app/asu_discord/cogs/analytics.py", line 652, in on_member_update
    before_timeout = before.timed_out_until
                     ^^^^^^^^^^^^^^^^^^^^^^
AttributeError: 'Member' object has no attribute 'timed_out_until'
Ignoring exception in on_member_update
Traceback (most recent call last):
  File "/usr/local/lib/python3.12/site-packages/discord/client.py", line 465, in _run_event
    await coro(*args, **kwargs)
  File "/app/asu_discord/cogs/analytics.py", line 652, in on_member_update
    before_timeout = before.timed_out_until
                     ^^^^^^^^^^^^^^^^^^^^^^
AttributeError: 'Member' object has no attribute 'timed_out_until'
Ignoring exception in on_member_update
Traceback (most recent call last):
  File "/usr/local/lib/python3.12/site-packages/discord/client.py", line 465, in _run_event
    await coro(*args, **kwargs)
  File "/app/asu_discord/cogs/analytics.py", line 652, in on_member_update
    before_timeout = before.timed_out_until
                     ^^^^^^^^^^^^^^^^^^^^^^
AttributeError: 'Member' object has no attribute 'timed_out_until'
Ignoring exception in on_member_update
Traceback (most recent call last):
  File "/usr/local/lib/python3.12/site-packages/discord/client.py", line 465, in _run_event
    await coro(*args, **kwargs)
  File "/app/asu_discord/cogs/analytics.py", line 652, in on_member_update
    before_timeout = before.timed_out_until
                     ^^^^^^^^^^^^^^^^^^^^^^
AttributeError: 'Member' object has no attribute 'timed_out_until'
Ignoring exception in on_member_update
Traceback (most recent call last):
  File "/usr/local/lib/python3.12/site-packages/discord/client.py", line 465, in _run_event
    await coro(*args, **kwargs)
  File "/app/asu_discord/cogs/analytics.py", line 652, in on_member_update
    before_timeout = before.timed_out_until
                     ^^^^^^^^^^^^^^^^^^^^^^
AttributeError: 'Member' object has no attribute 'timed_out_until'
INFO:asu_discord.cogs.verification:Saved 6 roles to database for user jholme65@asu.edu (Discord ID: 757448691933118515)
INFO:asu_discord.cogs.verification:Refreshed Salesforce roles for Discord user 757448691933118515: -6/+6 roles, assigned=[Arizona Resident, College of Liberal Arts and Sciences, Commited, First Year, Tempe, Upperclassmen]
Ignoring exception in on_member_update
Traceback (most recent call last):
  File "/usr/local/lib/python3.12/site-packages/discord/client.py", line 465, in _run_event
    await coro(*args, **kwargs)
  File "/app/asu_discord/cogs/analytics.py", line 652, in on_member_update
    before_timeout = before.timed_out_until
                     ^^^^^^^^^^^^^^^^^^^^^^
AttributeError: 'Member' object has no attribute 'timed_out_until'
Ignoring exception in on_member_update
Traceback (most recent call last):
  File "/usr/local/lib/python3.12/site-packages/discord/client.py", line 465, in _run_event
    await coro(*args, **kwargs)
  File "/app/asu_discord/cogs/analytics.py", line 652, in on_member_update
    before_timeout = before.timed_out_until
                     ^^^^^^^^^^^^^^^^^^^^^^
AttributeError: 'Member' object has no attribute 'timed_out_until'
Ignoring exception in on_member_update
Traceback (most recent call last):
  File "/usr/local/lib/python3.12/site-packages/discord/client.py", line 465, in _run_event
    await coro(*args, **kwargs)
  File "/app/asu_discord/cogs/analytics.py", line 652, in on_member_update
    before_timeout = before.timed_out_until
                     ^^^^^^^^^^^^^^^^^^^^^^
AttributeError: 'Member' object has no attribute 'timed_out_until'
Ignoring exception in on_member_update
Traceback (most recent call last):
  File "/usr/local/lib/python3.12/site-packages/discord/client.py", line 465, in _run_event
    await coro(*args, **kwargs)
  File "/app/asu_discord/cogs/analytics.py", line 652, in on_member_update
    before_timeout = before.timed_out_until
                     ^^^^^^^^^^^^^^^^^^^^^^
AttributeError: 'Member' object has no attribute 'timed_out_until'
Ignoring exception in on_member_update
Traceback (most recent call last):
  File "/usr/local/lib/python3.12/site-packages/discord/client.py", line 465, in _run_event
    await coro(*args, **kwargs)
  File "/app/asu_discord/cogs/analytics.py", line 652, in on_member_update
    before_timeout = before.timed_out_until
                     ^^^^^^^^^^^^^^^^^^^^^^
AttributeError: 'Member' object has no attribute 'timed_out_until'
Ignoring exception in on_member_update
Traceback (most recent call last):
  File "/usr/local/lib/python3.12/site-packages/discord/client.py", line 465, in _run_event
    await coro(*args, **kwargs)
  File "/app/asu_discord/cogs/analytics.py", line 652, in on_member_update
    before_timeout = before.timed_out_until
                     ^^^^^^^^^^^^^^^^^^^^^^
AttributeError: 'Member' object has no attribute 'timed_out_until'
Ignoring exception in on_member_update
Traceback (most recent call last):
  File "/usr/local/lib/python3.12/site-packages/discord/client.py", line 465, in _run_event
    await coro(*args, **kwargs)
  File "/app/asu_discord/cogs/analytics.py", line 652, in on_member_update
    before_timeout = before.timed_out_until
                     ^^^^^^^^^^^^^^^^^^^^^^
AttributeError: 'Member' object has no attribute 'timed_out_until'
Ignoring exception in on_member_update
Traceback (most recent call last):
  File "/usr/local/lib/python3.12/site-packages/discord/client.py", line 465, in _run_event
    await coro(*args, **kwargs)
  File "/app/asu_discord/cogs/analytics.py", line 652, in on_member_update
    before_timeout = before.timed_out_until
                     ^^^^^^^^^^^^^^^^^^^^^^
AttributeError: 'Member' object has no attribute 'timed_out_until'
Ignoring exception in on_member_update
Traceback (most recent call last):
  File "/usr/local/lib/python3.12/site-packages/discord/client.py", line 465, in _run_event
    await coro(*args, **kwargs)
  File "/app/asu_discord/cogs/analytics.py", line 652, in on_member_update
    before_timeout = before.timed_out_until
                     ^^^^^^^^^^^^^^^^^^^^^^
AttributeError: 'Member' object has no attribute 'timed_out_until'
Ignoring exception in on_member_update
Traceback (most recent call last):
  File "/usr/local/lib/python3.12/site-packages/discord/client.py", line 465, in _run_event
    await coro(*args, **kwargs)
  File "/app/asu_discord/cogs/analytics.py", line 652, in on_member_update
    before_timeout = before.timed_out_until
                     ^^^^^^^^^^^^^^^^^^^^^^
AttributeError: 'Member' object has no attribute 'timed_out_until'
INFO:asu_discord.cogs.verification:Saved 5 roles to database for user dketcher@asu.edu (Discord ID: 556214288398811146)
INFO:asu_discord.cogs.verification:Refreshed Salesforce roles for Discord user 556214288398811146: -5/+5 roles, assigned=[Arizona Resident, Commited, First Year, Herberger Institute for Design and the Arts, Tempe]
Ignoring exception in on_member_update
Traceback (most recent call last):
  File "/usr/local/lib/python3.12/site-packages/discord/client.py", line 465, in _run_event
    await coro(*args, **kwargs)
  File "/app/asu_discord/cogs/analytics.py", line 652, in on_member_update
    before_timeout = before.timed_out_until
                     ^^^^^^^^^^^^^^^^^^^^^^
AttributeError: 'Member' object has no attribute 'timed_out_until'
Ignoring exception in on_member_update
Traceback (most recent call last):
  File "/usr/local/lib/python3.12/site-packages/discord/client.py", line 465, in _run_event
    await coro(*args, **kwargs)
  File "/app/asu_discord/cogs/analytics.py", line 652, in on_member_update
    before_timeout = before.timed_out_until
                     ^^^^^^^^^^^^^^^^^^^^^^
AttributeError: 'Member' object has no attribute 'timed_out_until'
Ignoring exception in on_member_update
Traceback (most recent call last):
  File "/usr/local/lib/python3.12/site-packages/discord/client.py", line 465, in _run_event
    await coro(*args, **kwargs)
  File "/app/asu_discord/cogs/analytics.py", line 652, in on_member_update
    before_timeout = before.timed_out_until
                     ^^^^^^^^^^^^^^^^^^^^^^
AttributeError: 'Member' object has no attribute 'timed_out_until'
Ignoring exception in on_member_update
Traceback (most recent call last):
  File "/usr/local/lib/python3.12/site-packages/discord/client.py", line 465, in _run_event
    await coro(*args, **kwargs)
  File "/app/asu_discord/cogs/analytics.py", line 652, in on_member_update
    before_timeout = before.timed_out_until
                     ^^^^^^^^^^^^^^^^^^^^^^
AttributeError: 'Member' object has no attribute 'timed_out_until'
Ignoring exception in on_member_update
Traceback (most recent call last):
  File "/usr/local/lib/python3.12/site-packages/discord/client.py", line 465, in _run_event
    await coro(*args, **kwargs)
  File "/app/asu_discord/cogs/analytics.py", line 652, in on_member_update
    before_timeout = before.timed_out_until
                     ^^^^^^^^^^^^^^^^^^^^^^
AttributeError: 'Member' object has no attribute 'timed_out_until'
Ignoring exception in on_member_update
Traceback (most recent call last):
  File "/usr/local/lib/python3.12/site-packages/discord/client.py", line 465, in _run_event
    await coro(*args, **kwargs)
  File "/app/asu_discord/cogs/analytics.py", line 652, in on_member_update
    before_timeout = before.timed_out_until
                     ^^^^^^^^^^^^^^^^^^^^^^
AttributeError: 'Member' object has no attribute 'timed_out_until'
Ignoring exception in on_member_update
Traceback (most recent call last):
  File "/usr/local/lib/python3.12/site-packages/discord/client.py", line 465, in _run_event
    await coro(*args, **kwargs)
  File "/app/asu_discord/cogs/analytics.py", line 652, in on_member_update
    before_timeout = before.timed_out_until
                     ^^^^^^^^^^^^^^^^^^^^^^
AttributeError: 'Member' object has no attribute 'timed_out_until'
Ignoring exception in on_member_update
Traceback (most recent call last):
  File "/usr/local/lib/python3.12/site-packages/discord/client.py", line 465, in _run_event
    await coro(*args, **kwargs)
  File "/app/asu_discord/cogs/analytics.py", line 652, in on_member_update
    before_timeout = before.timed_out_until
                     ^^^^^^^^^^^^^^^^^^^^^^
AttributeError: 'Member' object has no attribute 'timed_out_until'
Ignoring exception in on_member_update
Traceback (most recent call last):
  File "/usr/local/lib/python3.12/site-packages/discord/client.py", line 465, in _run_event
    await coro(*args, **kwargs)
  File "/app/asu_discord/cogs/analytics.py", line 652, in on_member_update
    before_timeout = before.timed_out_until
                     ^^^^^^^^^^^^^^^^^^^^^^
AttributeError: 'Member' object has no attribute 'timed_out_until'
Ignoring exception in on_member_update
Traceback (most recent call last):
  File "/usr/local/lib/python3.12/site-packages/discord/client.py", line 465, in _run_event
    await coro(*args, **kwargs)
  File "/app/asu_discord/cogs/analytics.py", line 652, in on_member_update
    before_timeout = before.timed_out_until
                     ^^^^^^^^^^^^^^^^^^^^^^
AttributeError: 'Member' object has no attribute 'timed_out_until'
INFO:asu_discord.cogs.verification:Saved 5 roles to database for user sdcalixt@asu.edu (Discord ID: 1440158163851546666)
INFO:asu_discord.cogs.verification:Refreshed Salesforce roles for Discord user 1440158163851546666: -5/+5 roles, assigned=[First Generation Student, Graduate Student, Online, Out of State, Watts College of Public Service and Community Solutions]
ERROR:cron.jobs:refresh_salesforce_roles: failed for dnorri19 (Discord ID 1275562061706952706): Failed to refresh Salesforce-based roles: Discord user 1275562061706952706 is not a member of the guild
Ignoring exception in on_member_update
Traceback (most recent call last):
  File "/usr/local/lib/python3.12/site-packages/discord/client.py", line 465, in _run_event
    await coro(*args, **kwargs)
  File "/app/asu_discord/cogs/analytics.py", line 652, in on_member_update
    before_timeout = before.timed_out_until
                     ^^^^^^^^^^^^^^^^^^^^^^
AttributeError: 'Member' object has no attribute 'timed_out_until'
Ignoring exception in on_member_update
Traceback (most recent call last):
  File "/usr/local/lib/python3.12/site-packages/discord/client.py", line 465, in _run_event
    await coro(*args, **kwargs)
  File "/app/asu_discord/cogs/analytics.py", line 652, in on_member_update
    before_timeout = before.timed_out_until
                     ^^^^^^^^^^^^^^^^^^^^^^
AttributeError: 'Member' object has no attribute 'timed_out_until'
Ignoring exception in on_member_update
Traceback (most recent call last):
  File "/usr/local/lib/python3.12/site-packages/discord/client.py", line 465, in _run_event
    await coro(*args, **kwargs)
  File "/app/asu_discord/cogs/analytics.py", line 652, in on_member_update
    before_timeout = before.timed_out_until
                     ^^^^^^^^^^^^^^^^^^^^^^
AttributeError: 'Member' object has no attribute 'timed_out_until'
Ignoring exception in on_member_update
Traceback (most recent call last):
  File "/usr/local/lib/python3.12/site-packages/discord/client.py", line 465, in _run_event
    await coro(*args, **kwargs)
  File "/app/asu_discord/cogs/analytics.py", line 652, in on_member_update
    before_timeout = before.timed_out_until
                     ^^^^^^^^^^^^^^^^^^^^^^
AttributeError: 'Member' object has no attribute 'timed_out_until'
Ignoring exception in on_member_update
Traceback (most recent call last):
  File "/usr/local/lib/python3.12/site-packages/discord/client.py", line 465, in _run_event
    await coro(*args, **kwargs)
  File "/app/asu_discord/cogs/analytics.py", line 652, in on_member_update
    before_timeout = before.timed_out_until
                     ^^^^^^^^^^^^^^^^^^^^^^
AttributeError: 'Member' object has no attribute 'timed_out_until'
Ignoring exception in on_member_update
Traceback (most recent call last):
  File "/usr/local/lib/python3.12/site-packages/discord/client.py", line 465, in _run_event
    await coro(*args, **kwargs)
  File "/app/asu_discord/cogs/analytics.py", line 652, in on_member_update
    before_timeout = before.timed_out_until
                     ^^^^^^^^^^^^^^^^^^^^^^
AttributeError: 'Member' object has no attribute 'timed_out_until'
Ignoring exception in on_member_update
Traceback (most recent call last):
  File "/usr/local/lib/python3.12/site-packages/discord/client.py", line 465, in _run_event
    await coro(*args, **kwargs)
  File "/app/asu_discord/cogs/analytics.py", line 652, in on_member_update
    before_timeout = before.timed_out_until
                     ^^^^^^^^^^^^^^^^^^^^^^
AttributeError: 'Member' object has no attribute 'timed_out_until'
Ignoring exception in on_member_update
Traceback (most recent call last):
  File "/usr/local/lib/python3.12/site-packages/discord/client.py", line 465, in _run_event
    await coro(*args, **kwargs)
  File "/app/asu_discord/cogs/analytics.py", line 652, in on_member_update
    before_timeout = before.timed_out_until
                     ^^^^^^^^^^^^^^^^^^^^^^
AttributeError: 'Member' object has no attribute 'timed_out_until'
INFO:asu_discord.cogs.verification:Saved 4 roles to database for user aatarzad@asu.edu (Discord ID: 1086844346214649936)
INFO:asu_discord.cogs.verification:Refreshed Salesforce roles for Discord user 1086844346214649936: -4/+4 roles, assigned=[College of Liberal Arts and Sciences, First Year, Online, Upperclassmen]
ERROR:cron.jobs:refresh_salesforce_roles: failed for vgavello (Discord ID 1208520578567512125): Failed to refresh Salesforce-based roles: Discord user 1208520578567512125 is not a member of the guild
Ignoring exception in on_member_update
Traceback (most recent call last):
  File "/usr/local/lib/python3.12/site-packages/discord/client.py", line 465, in _run_event
    await coro(*args, **kwargs)
  File "/app/asu_discord/cogs/analytics.py", line 652, in on_member_update
    before_timeout = before.timed_out_until
                     ^^^^^^^^^^^^^^^^^^^^^^
AttributeError: 'Member' object has no attribute 'timed_out_until'
Ignoring exception in on_member_update
Traceback (most recent call last):
  File "/usr/local/lib/python3.12/site-packages/discord/client.py", line 465, in _run_event
    await coro(*args, **kwargs)
  File "/app/asu_discord/cogs/analytics.py", line 652, in on_member_update
    before_timeout = before.timed_out_until
                     ^^^^^^^^^^^^^^^^^^^^^^
AttributeError: 'Member' object has no attribute 'timed_out_until'
Ignoring exception in on_member_update
Traceback (most recent call last):
  File "/usr/local/lib/python3.12/site-packages/discord/client.py", line 465, in _run_event
    await coro(*args, **kwargs)
  File "/app/asu_discord/cogs/analytics.py", line 652, in on_member_update
    before_timeout = before.timed_out_until
                     ^^^^^^^^^^^^^^^^^^^^^^
AttributeError: 'Member' object has no attribute 'timed_out_until'
Ignoring exception in on_member_update
Traceback (most recent call last):
  File "/usr/local/lib/python3.12/site-packages/discord/client.py", line 465, in _run_event
    await coro(*args, **kwargs)
  File "/app/asu_discord/cogs/analytics.py", line 652, in on_member_update
    before_timeout = before.timed_out_until
                     ^^^^^^^^^^^^^^^^^^^^^^
AttributeError: 'Member' object has no attribute 'timed_out_until'
Ignoring exception in on_member_update
Traceback (most recent call last):
  File "/usr/local/lib/python3.12/site-packages/discord/client.py", line 465, in _run_event
    await coro(*args, **kwargs)
  File "/app/asu_discord/cogs/analytics.py", line 652, in on_member_update
    before_timeout = before.timed_out_until
                     ^^^^^^^^^^^^^^^^^^^^^^
AttributeError: 'Member' object has no attribute 'timed_out_until'
Ignoring exception in on_member_update
Traceback (most recent call last):
  File "/usr/local/lib/python3.12/site-packages/discord/client.py", line 465, in _run_event
    await coro(*args, **kwargs)
  File "/app/asu_discord/cogs/analytics.py", line 652, in on_member_update
    before_timeout = before.timed_out_until
                     ^^^^^^^^^^^^^^^^^^^^^^
AttributeError: 'Member' object has no attribute 'timed_out_until'
Ignoring exception in on_member_update
Traceback (most recent call last):
  File "/usr/local/lib/python3.12/site-packages/discord/client.py", line 465, in _run_event
    await coro(*args, **kwargs)
  File "/app/asu_discord/cogs/analytics.py", line 652, in on_member_update
    before_timeout = before.timed_out_until
                     ^^^^^^^^^^^^^^^^^^^^^^
AttributeError: 'Member' object has no attribute 'timed_out_until'
Ignoring exception in on_member_update
Traceback (most recent call last):
  File "/usr/local/lib/python3.12/site-packages/discord/client.py", line 465, in _run_event
    await coro(*args, **kwargs)
  File "/app/asu_discord/cogs/analytics.py", line 652, in on_member_update
    before_timeout = before.timed_out_until
                     ^^^^^^^^^^^^^^^^^^^^^^
AttributeError: 'Member' object has no attribute 'timed_out_until'
Ignoring exception in on_member_update
Traceback (most recent call last):
  File "/usr/local/lib/python3.12/site-packages/discord/client.py", line 465, in _run_event
    await coro(*args, **kwargs)
  File "/app/asu_discord/cogs/analytics.py", line 652, in on_member_update
    before_timeout = before.timed_out_until
                     ^^^^^^^^^^^^^^^^^^^^^^
AttributeError: 'Member' object has no attribute 'timed_out_until'
Ignoring exception in on_member_update
Traceback (most recent call last):
  File "/usr/local/lib/python3.12/site-packages/discord/client.py", line 465, in _run_event
    await coro(*args, **kwargs)
  File "/app/asu_discord/cogs/analytics.py", line 652, in on_member_update
    before_timeout = before.timed_out_until
                     ^^^^^^^^^^^^^^^^^^^^^^
AttributeError: 'Member' object has no attribute 'timed_out_until'
Ignoring exception in on_member_update
Traceback (most recent call last):
  File "/usr/local/lib/python3.12/site-packages/discord/client.py", line 465, in _run_event
    await coro(*args, **kwargs)
  File "/app/asu_discord/cogs/analytics.py", line 652, in on_member_update
    before_timeout = before.timed_out_until
                     ^^^^^^^^^^^^^^^^^^^^^^
AttributeError: 'Member' object has no attribute 'timed_out_until'
Ignoring exception in on_member_update
Traceback (most recent call last):
  File "/usr/local/lib/python3.12/site-packages/discord/client.py", line 465, in _run_event
    await coro(*args, **kwargs)
  File "/app/asu_discord/cogs/analytics.py", line 652, in on_member_update
    before_timeout = before.timed_out_until
                     ^^^^^^^^^^^^^^^^^^^^^^
AttributeError: 'Member' object has no attribute 'timed_out_until'
INFO:asu_discord.cogs.verification:Saved 6 roles to database for user minhhie2@asu.edu (Discord ID: 727861007715795084)
INFO:asu_discord.cogs.verification:Refreshed Salesforce roles for Discord user 727861007715795084: -6/+6 roles, assigned=[Commited, First Year, International Student, Ira A. Fulton Schools of Engineering, Tempe, Upperclassmen]
ERROR:cron.jobs:refresh_salesforce_roles: failed for cttran14 (Discord ID 474049560222892032): Failed to refresh Salesforce-based roles: Discord user 474049560222892032 is not a member of the guild
Ignoring exception in on_member_update
Traceback (most recent call last):
  File "/usr/local/lib/python3.12/site-packages/discord/client.py", line 465, in _run_event
    await coro(*args, **kwargs)
  File "/app/asu_discord/cogs/analytics.py", line 652, in on_member_update
    before_timeout = before.timed_out_until
                     ^^^^^^^^^^^^^^^^^^^^^^
AttributeError: 'Member' object has no attribute 'timed_out_until'
Ignoring exception in on_member_update
Traceback (most recent call last):
  File "/usr/local/lib/python3.12/site-packages/discord/client.py", line 465, in _run_event
    await coro(*args, **kwargs)
  File "/app/asu_discord/cogs/analytics.py", line 652, in on_member_update
    before_timeout = before.timed_out_until
                     ^^^^^^^^^^^^^^^^^^^^^^
AttributeError: 'Member' object has no attribute 'timed_out_until'
Ignoring exception in on_member_update
Traceback (most recent call last):
  File "/usr/local/lib/python3.12/site-packages/discord/client.py", line 465, in _run_event
    await coro(*args, **kwargs)
  File "/app/asu_discord/cogs/analytics.py", line 652, in on_member_update
    before_timeout = before.timed_out_until
                     ^^^^^^^^^^^^^^^^^^^^^^
AttributeError: 'Member' object has no attribute 'timed_out_until'
Ignoring exception in on_member_update
Traceback (most recent call last):
  File "/usr/local/lib/python3.12/site-packages/discord/client.py", line 465, in _run_event
    await coro(*args, **kwargs)
  File "/app/asu_discord/cogs/analytics.py", line 652, in on_member_update
    before_timeout = before.timed_out_until
                     ^^^^^^^^^^^^^^^^^^^^^^
AttributeError: 'Member' object has no attribute 'timed_out_until'
Ignoring exception in on_member_update
Traceback (most recent call last):
  File "/usr/local/lib/python3.12/site-packages/discord/client.py", line 465, in _run_event
    await coro(*args, **kwargs)
  File "/app/asu_discord/cogs/analytics.py", line 652, in on_member_update
    before_timeout = before.timed_out_until
                     ^^^^^^^^^^^^^^^^^^^^^^
AttributeError: 'Member' object has no attribute 'timed_out_until'
Ignoring exception in on_member_update
Traceback (most recent call last):
  File "/usr/local/lib/python3.12/site-packages/discord/client.py", line 465, in _run_event
    await coro(*args, **kwargs)
  File "/app/asu_discord/cogs/analytics.py", line 652, in on_member_update
    before_timeout = before.timed_out_until
                     ^^^^^^^^^^^^^^^^^^^^^^
AttributeError: 'Member' object has no attribute 'timed_out_until'
Ignoring exception in on_member_update
Traceback (most recent call last):
  File "/usr/local/lib/python3.12/site-packages/discord/client.py", line 465, in _run_event
    await coro(*args, **kwargs)
  File "/app/asu_discord/cogs/analytics.py", line 652, in on_member_update
    before_timeout = before.timed_out_until
                     ^^^^^^^^^^^^^^^^^^^^^^
AttributeError: 'Member' object has no attribute 'timed_out_until'
Ignoring exception in on_member_update
Traceback (most recent call last):
  File "/usr/local/lib/python3.12/site-packages/discord/client.py", line 465, in _run_event
    await coro(*args, **kwargs)
  File "/app/asu_discord/cogs/analytics.py", line 652, in on_member_update
    before_timeout = before.timed_out_until
                     ^^^^^^^^^^^^^^^^^^^^^^
AttributeError: 'Member' object has no attribute 'timed_out_until'
Ignoring exception in on_member_update
Traceback (most recent call last):
  File "/usr/local/lib/python3.12/site-packages/discord/client.py", line 465, in _run_event
    await coro(*args, **kwargs)
  File "/app/asu_discord/cogs/analytics.py", line 652, in on_member_update
    before_timeout = before.timed_out_until
                     ^^^^^^^^^^^^^^^^^^^^^^
AttributeError: 'Member' object has no attribute 'timed_out_until'
Ignoring exception in on_member_update
Traceback (most recent call last):
  File "/usr/local/lib/python3.12/site-packages/discord/client.py", line 465, in _run_event
    await coro(*args, **kwargs)
  File "/app/asu_discord/cogs/analytics.py", line 652, in on_member_update
    before_timeout = before.timed_out_until
                     ^^^^^^^^^^^^^^^^^^^^^^
AttributeError: 'Member' object has no attribute 'timed_out_until'
INFO:asu_discord.cogs.verification:Saved 5 roles to database for user jdwintri@asu.edu (Discord ID: 795093295121301505)
INFO:asu_discord.cogs.verification:Refreshed Salesforce roles for Discord user 795093295121301505: -5/+5 roles, assigned=[Arizona Resident, Commited, First Year, Ira A. Fulton Schools of Engineering, Tempe]
ERROR:cron.jobs:refresh_salesforce_roles: failed for bcroting (Discord ID 1440149239815733394): Failed to refresh Salesforce-based roles: Discord user 1440149239815733394 is not a member of the guild
Ignoring exception in on_member_update
Traceback (most recent call last):
  File "/usr/local/lib/python3.12/site-packages/discord/client.py", line 465, in _run_event
    await coro(*args, **kwargs)
  File "/app/asu_discord/cogs/analytics.py", line 652, in on_member_update
    before_timeout = before.timed_out_until
                     ^^^^^^^^^^^^^^^^^^^^^^
AttributeError: 'Member' object has no attribute 'timed_out_until'
Ignoring exception in on_member_update
Traceback (most recent call last):
  File "/usr/local/lib/python3.12/site-packages/discord/client.py", line 465, in _run_event
    await coro(*args, **kwargs)
  File "/app/asu_discord/cogs/analytics.py", line 652, in on_member_update
    before_timeout = before.timed_out_until
                     ^^^^^^^^^^^^^^^^^^^^^^
AttributeError: 'Member' object has no attribute 'timed_out_until'
Ignoring exception in on_member_update
Traceback (most recent call last):
  File "/usr/local/lib/python3.12/site-packages/discord/client.py", line 465, in _run_event
    await coro(*args, **kwargs)
  File "/app/asu_discord/cogs/analytics.py", line 652, in on_member_update
    before_timeout = before.timed_out_until
                     ^^^^^^^^^^^^^^^^^^^^^^
AttributeError: 'Member' object has no attribute 'timed_out_until'
Ignoring exception in on_member_update
Traceback (most recent call last):
  File "/usr/local/lib/python3.12/site-packages/discord/client.py", line 465, in _run_event
    await coro(*args, **kwargs)
  File "/app/asu_discord/cogs/analytics.py", line 652, in on_member_update
    before_timeout = before.timed_out_until
                     ^^^^^^^^^^^^^^^^^^^^^^
AttributeError: 'Member' object has no attribute 'timed_out_until'
Ignoring exception in on_member_update
Traceback (most recent call last):
  File "/usr/local/lib/python3.12/site-packages/discord/client.py", line 465, in _run_event
    await coro(*args, **kwargs)
  File "/app/asu_discord/cogs/analytics.py", line 652, in on_member_update
    before_timeout = before.timed_out_until
                     ^^^^^^^^^^^^^^^^^^^^^^
AttributeError: 'Member' object has no attribute 'timed_out_until'
Ignoring exception in on_member_update
Traceback (most recent call last):
  File "/usr/local/lib/python3.12/site-packages/discord/client.py", line 465, in _run_event
    await coro(*args, **kwargs)
  File "/app/asu_discord/cogs/analytics.py", line 652, in on_member_update
    before_timeout = before.timed_out_until
                     ^^^^^^^^^^^^^^^^^^^^^^
AttributeError: 'Member' object has no attribute 'timed_out_until'
Ignoring exception in on_member_update
Traceback (most recent call last):
  File "/usr/local/lib/python3.12/site-packages/discord/client.py", line 465, in _run_event
    await coro(*args, **kwargs)
  File "/app/asu_discord/cogs/analytics.py", line 652, in on_member_update
    before_timeout = before.timed_out_until
                     ^^^^^^^^^^^^^^^^^^^^^^
AttributeError: 'Member' object has no attribute 'timed_out_until'
Ignoring exception in on_member_update
Traceback (most recent call last):
  File "/usr/local/lib/python3.12/site-packages/discord/client.py", line 465, in _run_event
    await coro(*args, **kwargs)
  File "/app/asu_discord/cogs/analytics.py", line 652, in on_member_update
    before_timeout = before.timed_out_until
                     ^^^^^^^^^^^^^^^^^^^^^^
AttributeError: 'Member' object has no attribute 'timed_out_until'
Ignoring exception in on_member_update
Traceback (most recent call last):
  File "/usr/local/lib/python3.12/site-packages/discord/client.py", line 465, in _run_event
    await coro(*args, **kwargs)
  File "/app/asu_discord/cogs/analytics.py", line 652, in on_member_update
    before_timeout = before.timed_out_until
                     ^^^^^^^^^^^^^^^^^^^^^^
AttributeError: 'Member' object has no attribute 'timed_out_until'
Ignoring exception in on_member_update
Traceback (most recent call last):
  File "/usr/local/lib/python3.12/site-packages/discord/client.py", line 465, in _run_event
    await coro(*args, **kwargs)
  File "/app/asu_discord/cogs/analytics.py", line 652, in on_member_update
    before_timeout = before.timed_out_until
                     ^^^^^^^^^^^^^^^^^^^^^^
AttributeError: 'Member' object has no attribute 'timed_out_until'
ERROR:cron.jobs:refresh_salesforce_roles: failed for skuma350 (Discord ID 752781047095361546): Timed out refresh Salesforce-based roles
Ignoring exception in on_member_update
Traceback (most recent call last):
  File "/usr/local/lib/python3.12/site-packages/discord/client.py", line 465, in _run_event
    await coro(*args, **kwargs)
  File "/app/asu_discord/cogs/analytics.py", line 652, in on_member_update
    before_timeout = before.timed_out_until
                     ^^^^^^^^^^^^^^^^^^^^^^
AttributeError: 'Member' object has no attribute 'timed_out_until'
Ignoring exception in on_member_update
Traceback (most recent call last):
  File "/usr/local/lib/python3.12/site-packages/discord/client.py", line 465, in _run_event
    await coro(*args, **kwargs)
  File "/app/asu_discord/cogs/analytics.py", line 652, in on_member_update
    before_timeout = before.timed_out_until
                     ^^^^^^^^^^^^^^^^^^^^^^
AttributeError: 'Member' object has no attribute 'timed_out_until'
Ignoring exception in on_member_update
Traceback (most recent call last):
  File "/usr/local/lib/python3.12/site-packages/discord/client.py", line 465, in _run_event
    await coro(*args, **kwargs)
  File "/app/asu_discord/cogs/analytics.py", line 652, in on_member_update
    before_timeout = before.timed_out_until
                     ^^^^^^^^^^^^^^^^^^^^^^
AttributeError: 'Member' object has no attribute 'timed_out_until'
Ignoring exception in on_member_update
Traceback (most recent call last):
  File "/usr/local/lib/python3.12/site-packages/discord/client.py", line 465, in _run_event
    await coro(*args, **kwargs)
  File "/app/asu_discord/cogs/analytics.py", line 652, in on_member_update
    before_timeout = before.timed_out_until
                     ^^^^^^^^^^^^^^^^^^^^^^
AttributeError: 'Member' object has no attribute 'timed_out_until'
Ignoring exception in on_member_update
Traceback (most recent call last):
  File "/usr/local/lib/python3.12/site-packages/discord/client.py", line 465, in _run_event
    await coro(*args, **kwargs)
  File "/app/asu_discord/cogs/analytics.py", line 652, in on_member_update
    before_timeout = before.timed_out_until
                     ^^^^^^^^^^^^^^^^^^^^^^
AttributeError: 'Member' object has no attribute 'timed_out_until'
Ignoring exception in on_member_update
Traceback (most recent call last):
  File "/usr/local/lib/python3.12/site-packages/discord/client.py", line 465, in _run_event
    await coro(*args, **kwargs)
  File "/app/asu_discord/cogs/analytics.py", line 652, in on_member_update
    before_timeout = before.timed_out_until
                     ^^^^^^^^^^^^^^^^^^^^^^
AttributeError: 'Member' object has no attribute 'timed_out_until'
Ignoring exception in on_member_update
Traceback (most recent call last):
  File "/usr/local/lib/python3.12/site-packages/discord/client.py", line 465, in _run_event
    await coro(*args, **kwargs)
  File "/app/asu_discord/cogs/analytics.py", line 652, in on_member_update
    before_timeout = before.timed_out_until
                     ^^^^^^^^^^^^^^^^^^^^^^
AttributeError: 'Member' object has no attribute 'timed_out_until'
Ignoring exception in on_member_update
Traceback (most recent call last):
  File "/usr/local/lib/python3.12/site-packages/discord/client.py", line 465, in _run_event
    await coro(*args, **kwargs)
  File "/app/asu_discord/cogs/analytics.py", line 652, in on_member_update
    before_timeout = before.timed_out_until
                     ^^^^^^^^^^^^^^^^^^^^^^
AttributeError: 'Member' object has no attribute 'timed_out_until'
Ignoring exception in on_member_update
Traceback (most recent call last):
  File "/usr/local/lib/python3.12/site-packages/discord/client.py", line 465, in _run_event
    await coro(*args, **kwargs)
  File "/app/asu_discord/cogs/analytics.py", line 652, in on_member_update
    before_timeout = before.timed_out_until
                     ^^^^^^^^^^^^^^^^^^^^^^
AttributeError: 'Member' object has no attribute 'timed_out_until'
Ignoring exception in on_member_update
Traceback (most recent call last):
  File "/usr/local/lib/python3.12/site-packages/discord/client.py", line 465, in _run_event
    await coro(*args, **kwargs)
  File "/app/asu_discord/cogs/analytics.py", line 652, in on_member_update
    before_timeout = before.timed_out_until
                     ^^^^^^^^^^^^^^^^^^^^^^
AttributeError: 'Member' object has no attribute 'timed_out_until'
ERROR:cron.jobs:refresh_salesforce_roles: failed for nhowar18 (Discord ID 1326270184633405472): Timed out refresh Salesforce-based roles
ERROR:cron.jobs:refresh_salesforce_roles: failed for xpalaci1 (Discord ID 272583331168649218): Failed to refresh Salesforce-based roles: Discord user 272583331168649218 is not a member of the guild
ERROR:cron.jobs:refresh_salesforce_roles: failed for ezdewan (Discord ID 903822219640197151): Failed to refresh Salesforce-based roles: Discord user 903822219640197151 is not a member of the guild
Ignoring exception in on_member_update
Traceback (most recent call last):
  File "/usr/local/lib/python3.12/site-packages/discord/client.py", line 465, in _run_event
    await coro(*args, **kwargs)
  File "/app/asu_discord/cogs/analytics.py", line 652, in on_member_update
    before_timeout = before.timed_out_until
                     ^^^^^^^^^^^^^^^^^^^^^^
AttributeError: 'Member' object has no attribute 'timed_out_until'
Ignoring exception in on_member_update
Traceback (most recent call last):
  File "/usr/local/lib/python3.12/site-packages/discord/client.py", line 465, in _run_event
    await coro(*args, **kwargs)
  File "/app/asu_discord/cogs/analytics.py", line 652, in on_member_update
    before_timeout = before.timed_out_until
                     ^^^^^^^^^^^^^^^^^^^^^^
AttributeError: 'Member' object has no attribute 'timed_out_until'
Ignoring exception in on_member_update
Traceback (most recent call last):
  File "/usr/local/lib/python3.12/site-packages/discord/client.py", line 465, in _run_event
    await coro(*args, **kwargs)
  File "/app/asu_discord/cogs/analytics.py", line 652, in on_member_update
    before_timeout = before.timed_out_until
                     ^^^^^^^^^^^^^^^^^^^^^^
AttributeError: 'Member' object has no attribute 'timed_out_until'
Ignoring exception in on_member_update
Traceback (most recent call last):
  File "/usr/local/lib/python3.12/site-packages/discord/client.py", line 465, in _run_event
    await coro(*args, **kwargs)
  File "/app/asu_discord/cogs/analytics.py", line 652, in on_member_update
    before_timeout = before.timed_out_until
                     ^^^^^^^^^^^^^^^^^^^^^^
AttributeError: 'Member' object has no attribute 'timed_out_until'
Ignoring exception in on_member_update
Traceback (most recent call last):
  File "/usr/local/lib/python3.12/site-packages/discord/client.py", line 465, in _run_event
    await coro(*args, **kwargs)
  File "/app/asu_discord/cogs/analytics.py", line 652, in on_member_update
    before_timeout = before.timed_out_until
                     ^^^^^^^^^^^^^^^^^^^^^^
AttributeError: 'Member' object has no attribute 'timed_out_until'
Ignoring exception in on_member_update
Traceback (most recent call last):
  File "/usr/local/lib/python3.12/site-packages/discord/client.py", line 465, in _run_event
    await coro(*args, **kwargs)
  File "/app/asu_discord/cogs/analytics.py", line 652, in on_member_update
    before_timeout = before.timed_out_until
                     ^^^^^^^^^^^^^^^^^^^^^^
AttributeError: 'Member' object has no attribute 'timed_out_until'
Ignoring exception in on_member_update
Traceback (most recent call last):
  File "/usr/local/lib/python3.12/site-packages/discord/client.py", line 465, in _run_event
    await coro(*args, **kwargs)
  File "/app/asu_discord/cogs/analytics.py", line 652, in on_member_update
    before_timeout = before.timed_out_until
                     ^^^^^^^^^^^^^^^^^^^^^^
AttributeError: 'Member' object has no attribute 'timed_out_until'
Ignoring exception in on_member_update
Traceback (most recent call last):
  File "/usr/local/lib/python3.12/site-packages/discord/client.py", line 465, in _run_event
    await coro(*args, **kwargs)
  File "/app/asu_discord/cogs/analytics.py", line 652, in on_member_update
    before_timeout = before.timed_out_until
                     ^^^^^^^^^^^^^^^^^^^^^^
AttributeError: 'Member' object has no attribute 'timed_out_until'
Ignoring exception in on_member_update
Traceback (most recent call last):
  File "/usr/local/lib/python3.12/site-packages/discord/client.py", line 465, in _run_event
    await coro(*args, **kwargs)
  File "/app/asu_discord/cogs/analytics.py", line 652, in on_member_update
    before_timeout = before.timed_out_until
                     ^^^^^^^^^^^^^^^^^^^^^^
AttributeError: 'Member' object has no attribute 'timed_out_until'
Ignoring exception in on_member_update
Traceback (most recent call last):
  File "/usr/local/lib/python3.12/site-packages/discord/client.py", line 465, in _run_event
    await coro(*args, **kwargs)
  File "/app/asu_discord/cogs/analytics.py", line 652, in on_member_update
    before_timeout = before.timed_out_until
                     ^^^^^^^^^^^^^^^^^^^^^^
AttributeError: 'Member' object has no attribute 'timed_out_until'
INFO:asu_discord.cogs.verification:Saved 6 roles to database for user annguy15@asu.edu (Discord ID: 1431350392016339132)
INFO:asu_discord.cogs.verification:Refreshed Salesforce roles for Discord user 1431350392016339132: -4/+6 roles, assigned=[Commited, International Student, Tempe, Transfer Student, Upperclassmen, W.P. Carey School of Business]
ERROR:cron.jobs:refresh_salesforce_roles: failed for dmforre1 (Discord ID 767878894421278770): Failed to refresh Salesforce-based roles: Discord user 767878894421278770 is not a member of the guild
ERROR:cron.jobs:refresh_salesforce_roles: failed for apere363 (Discord ID 1340443677373497486): Failed to refresh Salesforce-based roles: Discord user 1340443677373497486 is not a member of the guild
Ignoring exception in on_member_update
Traceback (most recent call last):
  File "/usr/local/lib/python3.12/site-packages/discord/client.py", line 465, in _run_event
    await coro(*args, **kwargs)
  File "/app/asu_discord/cogs/analytics.py", line 652, in on_member_update
    before_timeout = before.timed_out_until
                     ^^^^^^^^^^^^^^^^^^^^^^
AttributeError: 'Member' object has no attribute 'timed_out_until'
Ignoring exception in on_member_update
Traceback (most recent call last):
  File "/usr/local/lib/python3.12/site-packages/discord/client.py", line 465, in _run_event
    await coro(*args, **kwargs)
  File "/app/asu_discord/cogs/analytics.py", line 652, in on_member_update
    before_timeout = before.timed_out_until
                     ^^^^^^^^^^^^^^^^^^^^^^
AttributeError: 'Member' object has no attribute 'timed_out_until'
Ignoring exception in on_member_update
Traceback (most recent call last):
  File "/usr/local/lib/python3.12/site-packages/discord/client.py", line 465, in _run_event
    await coro(*args, **kwargs)
  File "/app/asu_discord/cogs/analytics.py", line 652, in on_member_update
    before_timeout = before.timed_out_until
                     ^^^^^^^^^^^^^^^^^^^^^^
AttributeError: 'Member' object has no attribute 'timed_out_until'
Ignoring exception in on_member_update
Traceback (most recent call last):
  File "/usr/local/lib/python3.12/site-packages/discord/client.py", line 465, in _run_event
    await coro(*args, **kwargs)
  File "/app/asu_discord/cogs/analytics.py", line 652, in on_member_update
    before_timeout = before.timed_out_until
                     ^^^^^^^^^^^^^^^^^^^^^^
AttributeError: 'Member' object has no attribute 'timed_out_until'
Ignoring exception in on_member_update
Traceback (most recent call last):
  File "/usr/local/lib/python3.12/site-packages/discord/client.py", line 465, in _run_event
    await coro(*args, **kwargs)
  File "/app/asu_discord/cogs/analytics.py", line 652, in on_member_update
    before_timeout = before.timed_out_until
                     ^^^^^^^^^^^^^^^^^^^^^^
AttributeError: 'Member' object has no attribute 'timed_out_until'
Ignoring exception in on_member_update
Traceback (most recent call last):
  File "/usr/local/lib/python3.12/site-packages/discord/client.py", line 465, in _run_event
    await coro(*args, **kwargs)
  File "/app/asu_discord/cogs/analytics.py", line 652, in on_member_update
    before_timeout = before.timed_out_until
                     ^^^^^^^^^^^^^^^^^^^^^^
AttributeError: 'Member' object has no attribute 'timed_out_until'
Ignoring exception in on_member_update
Traceback (most recent call last):
  File "/usr/local/lib/python3.12/site-packages/discord/client.py", line 465, in _run_event
    await coro(*args, **kwargs)
  File "/app/asu_discord/cogs/analytics.py", line 652, in on_member_update
    before_timeout = before.timed_out_until
                     ^^^^^^^^^^^^^^^^^^^^^^
AttributeError: 'Member' object has no attribute 'timed_out_until'
Ignoring exception in on_member_update
Traceback (most recent call last):
  File "/usr/local/lib/python3.12/site-packages/discord/client.py", line 465, in _run_event
    await coro(*args, **kwargs)
  File "/app/asu_discord/cogs/analytics.py", line 652, in on_member_update
    before_timeout = before.timed_out_until
                     ^^^^^^^^^^^^^^^^^^^^^^
AttributeError: 'Member' object has no attribute 'timed_out_until'
Ignoring exception in on_member_update
Traceback (most recent call last):
  File "/usr/local/lib/python3.12/site-packages/discord/client.py", line 465, in _run_event
    await coro(*args, **kwargs)
  File "/app/asu_discord/cogs/analytics.py", line 652, in on_member_update
    before_timeout = before.timed_out_until
                     ^^^^^^^^^^^^^^^^^^^^^^
AttributeError: 'Member' object has no attribute 'timed_out_until'
Ignoring exception in on_member_update
Traceback (most recent call last):
  File "/usr/local/lib/python3.12/site-packages/discord/client.py", line 465, in _run_event
    await coro(*args, **kwargs)
  File "/app/asu_discord/cogs/analytics.py", line 652, in on_member_update
    before_timeout = before.timed_out_until
                     ^^^^^^^^^^^^^^^^^^^^^^
AttributeError: 'Member' object has no attribute 'timed_out_until'
INFO:asu_discord.cogs.verification:Saved 5 roles to database for user hbscott@asu.edu (Discord ID: 919396593097121813)
INFO:asu_discord.cogs.verification:Refreshed Salesforce roles for Discord user 919396593097121813: -5/+5 roles, assigned=[Arizona Resident, Commited, First Year, Ira A. Fulton Schools of Engineering, Tempe]
Ignoring exception in on_member_update
Traceback (most recent call last):
  File "/usr/local/lib/python3.12/site-packages/discord/client.py", line 465, in _run_event
    await coro(*args, **kwargs)
  File "/app/asu_discord/cogs/analytics.py", line 652, in on_member_update
    before_timeout = before.timed_out_until
                     ^^^^^^^^^^^^^^^^^^^^^^
AttributeError: 'Member' object has no attribute 'timed_out_until'
Ignoring exception in on_member_update
Traceback (most recent call last):
  File "/usr/local/lib/python3.12/site-packages/discord/client.py", line 465, in _run_event
    await coro(*args, **kwargs)
  File "/app/asu_discord/cogs/analytics.py", line 652, in on_member_update
    before_timeout = before.timed_out_until
                     ^^^^^^^^^^^^^^^^^^^^^^
AttributeError: 'Member' object has no attribute 'timed_out_until'
Ignoring exception in on_member_update
Traceback (most recent call last):
  File "/usr/local/lib/python3.12/site-packages/discord/client.py", line 465, in _run_event
    await coro(*args, **kwargs)
  File "/app/asu_discord/cogs/analytics.py", line 652, in on_member_update
    before_timeout = before.timed_out_until
                     ^^^^^^^^^^^^^^^^^^^^^^
AttributeError: 'Member' object has no attribute 'timed_out_until'
Ignoring exception in on_member_update
Traceback (most recent call last):
  File "/usr/local/lib/python3.12/site-packages/discord/client.py", line 465, in _run_event
    await coro(*args, **kwargs)
  File "/app/asu_discord/cogs/analytics.py", line 652, in on_member_update
    before_timeout = before.timed_out_until
                     ^^^^^^^^^^^^^^^^^^^^^^
AttributeError: 'Member' object has no attribute 'timed_out_until'
Ignoring exception in on_member_update
Traceback (most recent call last):
  File "/usr/local/lib/python3.12/site-packages/discord/client.py", line 465, in _run_event
    await coro(*args, **kwargs)
  File "/app/asu_discord/cogs/analytics.py", line 652, in on_member_update
    before_timeout = before.timed_out_until
                     ^^^^^^^^^^^^^^^^^^^^^^
AttributeError: 'Member' object has no attribute 'timed_out_until'
Ignoring exception in on_member_update
Traceback (most recent call last):
  File "/usr/local/lib/python3.12/site-packages/discord/client.py", line 465, in _run_event
    await coro(*args, **kwargs)
  File "/app/asu_discord/cogs/analytics.py", line 652, in on_member_update
    before_timeout = before.timed_out_until
                     ^^^^^^^^^^^^^^^^^^^^^^
AttributeError: 'Member' object has no attribute 'timed_out_until'
Ignoring exception in on_member_update
Traceback (most recent call last):
  File "/usr/local/lib/python3.12/site-packages/discord/client.py", line 465, in _run_event
    await coro(*args, **kwargs)
  File "/app/asu_discord/cogs/analytics.py", line 652, in on_member_update
    before_timeout = before.timed_out_until
                     ^^^^^^^^^^^^^^^^^^^^^^
AttributeError: 'Member' object has no attribute 'timed_out_until'
Ignoring exception in on_member_update
Traceback (most recent call last):
  File "/usr/local/lib/python3.12/site-packages/discord/client.py", line 465, in _run_event
    await coro(*args, **kwargs)
  File "/app/asu_discord/cogs/analytics.py", line 652, in on_member_update
    before_timeout = before.timed_out_until
                     ^^^^^^^^^^^^^^^^^^^^^^
AttributeError: 'Member' object has no attribute 'timed_out_until'
INFO:asu_discord.cogs.verification:Saved 4 roles to database for user avunnam@asu.edu (Discord ID: 874978621738057738)
INFO:asu_discord.cogs.verification:Refreshed Salesforce roles for Discord user 874978621738057738: -4/+4 roles, assigned=[College of Liberal Arts and Sciences, Commited, First Year, Tempe]
ERROR:cron.jobs:refresh_salesforce_roles: failed for spmcnult (Discord ID 528218831923970058): Failed to refresh Salesforce-based roles: Discord user 528218831923970058 is not a member of the guild
Ignoring exception in on_member_update
Traceback (most recent call last):
  File "/usr/local/lib/python3.12/site-packages/discord/client.py", line 465, in _run_event
    await coro(*args, **kwargs)
  File "/app/asu_discord/cogs/analytics.py", line 652, in on_member_update
    before_timeout = before.timed_out_until
                     ^^^^^^^^^^^^^^^^^^^^^^
AttributeError: 'Member' object has no attribute 'timed_out_until'
Ignoring exception in on_member_update
Traceback (most recent call last):
  File "/usr/local/lib/python3.12/site-packages/discord/client.py", line 465, in _run_event
    await coro(*args, **kwargs)
  File "/app/asu_discord/cogs/analytics.py", line 652, in on_member_update
    before_timeout = before.timed_out_until
                     ^^^^^^^^^^^^^^^^^^^^^^
AttributeError: 'Member' object has no attribute 'timed_out_until'
INFO:asu_discord.cogs.verification:Saved 1 roles to database for user cadietr2@asu.edu (Discord ID: 709488203572183082)
INFO:asu_discord.cogs.verification:Refreshed Salesforce roles for Discord user 709488203572183082: -1/+1 roles, assigned=[Out of State]
ERROR:cron.jobs:refresh_salesforce_roles: failed for frwillis (Discord ID 155546516671561728): Failed to refresh Salesforce-based roles: Discord user 155546516671561728 is not a member of the guild
ERROR:cron.jobs:refresh_salesforce_roles: failed for ntomeczk (Discord ID 717897422818246676): Failed to refresh Salesforce-based roles: Discord user 717897422818246676 is not a member of the guild
Ignoring exception in on_member_update
Traceback (most recent call last):
  File "/usr/local/lib/python3.12/site-packages/discord/client.py", line 465, in _run_event
    await coro(*args, **kwargs)
  File "/app/asu_discord/cogs/analytics.py", line 652, in on_member_update
    before_timeout = before.timed_out_until
                     ^^^^^^^^^^^^^^^^^^^^^^
AttributeError: 'Member' object has no attribute 'timed_out_until'
Ignoring exception in on_member_update
Traceback (most recent call last):
  File "/usr/local/lib/python3.12/site-packages/discord/client.py", line 465, in _run_event
    await coro(*args, **kwargs)
  File "/app/asu_discord/cogs/analytics.py", line 652, in on_member_update
    before_timeout = before.timed_out_until
                     ^^^^^^^^^^^^^^^^^^^^^^
AttributeError: 'Member' object has no attribute 'timed_out_until'
Ignoring exception in on_member_update
Traceback (most recent call last):
  File "/usr/local/lib/python3.12/site-packages/discord/client.py", line 465, in _run_event
    await coro(*args, **kwargs)
  File "/app/asu_discord/cogs/analytics.py", line 652, in on_member_update
    before_timeout = before.timed_out_until
                     ^^^^^^^^^^^^^^^^^^^^^^
AttributeError: 'Member' object has no attribute 'timed_out_until'
Ignoring exception in on_member_update
Traceback (most recent call last):
  File "/usr/local/lib/python3.12/site-packages/discord/client.py", line 465, in _run_event
    await coro(*args, **kwargs)
  File "/app/asu_discord/cogs/analytics.py", line 652, in on_member_update
    before_timeout = before.timed_out_until
                     ^^^^^^^^^^^^^^^^^^^^^^
AttributeError: 'Member' object has no attribute 'timed_out_until'
Ignoring exception in on_member_update
Traceback (most recent call last):
  File "/usr/local/lib/python3.12/site-packages/discord/client.py", line 465, in _run_event
    await coro(*args, **kwargs)
  File "/app/asu_discord/cogs/analytics.py", line 652, in on_member_update
    before_timeout = before.timed_out_until
                     ^^^^^^^^^^^^^^^^^^^^^^
AttributeError: 'Member' object has no attribute 'timed_out_until'
Ignoring exception in on_member_update
Traceback (most recent call last):
  File "/usr/local/lib/python3.12/site-packages/discord/client.py", line 465, in _run_event
    await coro(*args, **kwargs)
  File "/app/asu_discord/cogs/analytics.py", line 652, in on_member_update
    before_timeout = before.timed_out_until
                     ^^^^^^^^^^^^^^^^^^^^^^
AttributeError: 'Member' object has no attribute 'timed_out_until'
Ignoring exception in on_member_update
Traceback (most recent call last):
  File "/usr/local/lib/python3.12/site-packages/discord/client.py", line 465, in _run_event
    await coro(*args, **kwargs)
  File "/app/asu_discord/cogs/analytics.py", line 652, in on_member_update
    before_timeout = before.timed_out_until
                     ^^^^^^^^^^^^^^^^^^^^^^
AttributeError: 'Member' object has no attribute 'timed_out_until'
Ignoring exception in on_member_update
Traceback (most recent call last):
  File "/usr/local/lib/python3.12/site-packages/discord/client.py", line 465, in _run_event
    await coro(*args, **kwargs)
  File "/app/asu_discord/cogs/analytics.py", line 652, in on_member_update
    before_timeout = before.timed_out_until
                     ^^^^^^^^^^^^^^^^^^^^^^
AttributeError: 'Member' object has no attribute 'timed_out_until'
Ignoring exception in on_member_update
Traceback (most recent call last):
  File "/usr/local/lib/python3.12/site-packages/discord/client.py", line 465, in _run_event
    await coro(*args, **kwargs)
  File "/app/asu_discord/cogs/analytics.py", line 652, in on_member_update
    before_timeout = before.timed_out_until
                     ^^^^^^^^^^^^^^^^^^^^^^
AttributeError: 'Member' object has no attribute 'timed_out_until'
Ignoring exception in on_member_update
Traceback (most recent call last):
  File "/usr/local/lib/python3.12/site-packages/discord/client.py", line 465, in _run_event
    await coro(*args, **kwargs)
  File "/app/asu_discord/cogs/analytics.py", line 652, in on_member_update
    before_timeout = before.timed_out_until
                     ^^^^^^^^^^^^^^^^^^^^^^
AttributeError: 'Member' object has no attribute 'timed_out_until'
INFO:asu_discord.cogs.verification:Saved 6 roles to database for user gibarr13@asu.edu (Discord ID: 394640415955091466)
INFO:asu_discord.cogs.verification:Refreshed Salesforce roles for Discord user 394640415955091466: -4/+6 roles, assigned=[Arizona Resident, Downtown Phoenix, Edson College of Nursing and Health Innovation, First Generation Student, First Year, Upperclassmen]
Ignoring exception in on_member_update
Traceback (most recent call last):
  File "/usr/local/lib/python3.12/site-packages/discord/client.py", line 465, in _run_event
    await coro(*args, **kwargs)
  File "/app/asu_discord/cogs/analytics.py", line 652, in on_member_update
    before_timeout = before.timed_out_until
                     ^^^^^^^^^^^^^^^^^^^^^^
AttributeError: 'Member' object has no attribute 'timed_out_until'
Ignoring exception in on_member_update
Traceback (most recent call last):
  File "/usr/local/lib/python3.12/site-packages/discord/client.py", line 465, in _run_event
    await coro(*args, **kwargs)
  File "/app/asu_discord/cogs/analytics.py", line 652, in on_member_update
    before_timeout = before.timed_out_until
                     ^^^^^^^^^^^^^^^^^^^^^^
AttributeError: 'Member' object has no attribute 'timed_out_until'
INFO:asu_discord.cogs.verification:Saved 1 roles to database for user apaeth@asu.edu (Discord ID: 770738653374447627)
INFO:asu_discord.cogs.verification:Refreshed Salesforce roles for Discord user 770738653374447627: -1/+1 roles, assigned=[Out of State]
Ignoring exception in on_member_update
Traceback (most recent call last):
  File "/usr/local/lib/python3.12/site-packages/discord/client.py", line 465, in _run_event
    await coro(*args, **kwargs)
  File "/app/asu_discord/cogs/analytics.py", line 652, in on_member_update
    before_timeout = before.timed_out_until
                     ^^^^^^^^^^^^^^^^^^^^^^
AttributeError: 'Member' object has no attribute 'timed_out_until'
Ignoring exception in on_member_update
Traceback (most recent call last):
  File "/usr/local/lib/python3.12/site-packages/discord/client.py", line 465, in _run_event
    await coro(*args, **kwargs)
  File "/app/asu_discord/cogs/analytics.py", line 652, in on_member_update
    before_timeout = before.timed_out_until
                     ^^^^^^^^^^^^^^^^^^^^^^
AttributeError: 'Member' object has no attribute 'timed_out_until'
Ignoring exception in on_member_update
Traceback (most recent call last):
  File "/usr/local/lib/python3.12/site-packages/discord/client.py", line 465, in _run_event
    await coro(*args, **kwargs)
  File "/app/asu_discord/cogs/analytics.py", line 652, in on_member_update
    before_timeout = before.timed_out_until
                     ^^^^^^^^^^^^^^^^^^^^^^
AttributeError: 'Member' object has no attribute 'timed_out_until'
Ignoring exception in on_member_update
Traceback (most recent call last):
  File "/usr/local/lib/python3.12/site-packages/discord/client.py", line 465, in _run_event
    await coro(*args, **kwargs)
  File "/app/asu_discord/cogs/analytics.py", line 652, in on_member_update
    before_timeout = before.timed_out_until
                     ^^^^^^^^^^^^^^^^^^^^^^
AttributeError: 'Member' object has no attribute 'timed_out_until'
Ignoring exception in on_member_update
Traceback (most recent call last):
  File "/usr/local/lib/python3.12/site-packages/discord/client.py", line 465, in _run_event
    await coro(*args, **kwargs)
  File "/app/asu_discord/cogs/analytics.py", line 652, in on_member_update
    before_timeout = before.timed_out_until
                     ^^^^^^^^^^^^^^^^^^^^^^
AttributeError: 'Member' object has no attribute 'timed_out_until'
Ignoring exception in on_member_update
Traceback (most recent call last):
  File "/usr/local/lib/python3.12/site-packages/discord/client.py", line 465, in _run_event
    await coro(*args, **kwargs)
  File "/app/asu_discord/cogs/analytics.py", line 652, in on_member_update
    before_timeout = before.timed_out_until
                     ^^^^^^^^^^^^^^^^^^^^^^
AttributeError: 'Member' object has no attribute 'timed_out_until'
Ignoring exception in on_member_update
Traceback (most recent call last):
  File "/usr/local/lib/python3.12/site-packages/discord/client.py", line 465, in _run_event
    await coro(*args, **kwargs)
  File "/app/asu_discord/cogs/analytics.py", line 652, in on_member_update
    before_timeout = before.timed_out_until
                     ^^^^^^^^^^^^^^^^^^^^^^
AttributeError: 'Member' object has no attribute 'timed_out_until'
Ignoring exception in on_member_update
Traceback (most recent call last):
  File "/usr/local/lib/python3.12/site-packages/discord/client.py", line 465, in _run_event
    await coro(*args, **kwargs)
  File "/app/asu_discord/cogs/analytics.py", line 652, in on_member_update
    before_timeout = before.timed_out_until
                     ^^^^^^^^^^^^^^^^^^^^^^
AttributeError: 'Member' object has no attribute 'timed_out_until'
Ignoring exception in on_member_update
Traceback (most recent call last):
  File "/usr/local/lib/python3.12/site-packages/discord/client.py", line 465, in _run_event
    await coro(*args, **kwargs)
  File "/app/asu_discord/cogs/analytics.py", line 652, in on_member_update
    before_timeout = before.timed_out_until
                     ^^^^^^^^^^^^^^^^^^^^^^
AttributeError: 'Member' object has no attribute 'timed_out_until'
Ignoring exception in on_member_update
Traceback (most recent call last):
  File "/usr/local/lib/python3.12/site-packages/discord/client.py", line 465, in _run_event
    await coro(*args, **kwargs)
  File "/app/asu_discord/cogs/analytics.py", line 652, in on_member_update
    before_timeout = before.timed_out_until
                     ^^^^^^^^^^^^^^^^^^^^^^
AttributeError: 'Member' object has no attribute 'timed_out_until'
INFO:asu_discord.cogs.verification:Saved 5 roles to database for user sbdelmar@asu.edu (Discord ID: 616482237898293299)
INFO:asu_discord.cogs.verification:Refreshed Salesforce roles for Discord user 616482237898293299: -5/+5 roles, assigned=[Arizona Resident, Commited, Edson College of Nursing and Health Innovation, First Year, West Valley]
Ignoring exception in on_member_update
Traceback (most recent call last):
  File "/usr/local/lib/python3.12/site-packages/discord/client.py", line 465, in _run_event
    await coro(*args, **kwargs)
  File "/app/asu_discord/cogs/analytics.py", line 652, in on_member_update
    before_timeout = before.timed_out_until
                     ^^^^^^^^^^^^^^^^^^^^^^
AttributeError: 'Member' object has no attribute 'timed_out_until'
Ignoring exception in on_member_update
Traceback (most recent call last):
  File "/usr/local/lib/python3.12/site-packages/discord/client.py", line 465, in _run_event
    await coro(*args, **kwargs)
  File "/app/asu_discord/cogs/analytics.py", line 652, in on_member_update
    before_timeout = before.timed_out_until
                     ^^^^^^^^^^^^^^^^^^^^^^
AttributeError: 'Member' object has no attribute 'timed_out_until'
Ignoring exception in on_member_update
Traceback (most recent call last):
  File "/usr/local/lib/python3.12/site-packages/discord/client.py", line 465, in _run_event
    await coro(*args, **kwargs)
  File "/app/asu_discord/cogs/analytics.py", line 652, in on_member_update
    before_timeout = before.timed_out_until
                     ^^^^^^^^^^^^^^^^^^^^^^
AttributeError: 'Member' object has no attribute 'timed_out_until'
Ignoring exception in on_member_update
Traceback (most recent call last):
  File "/usr/local/lib/python3.12/site-packages/discord/client.py", line 465, in _run_event
    await coro(*args, **kwargs)
  File "/app/asu_discord/cogs/analytics.py", line 652, in on_member_update
    before_timeout = before.timed_out_until
                     ^^^^^^^^^^^^^^^^^^^^^^
AttributeError: 'Member' object has no attribute 'timed_out_until'
Ignoring exception in on_member_update
Traceback (most recent call last):
  File "/usr/local/lib/python3.12/site-packages/discord/client.py", line 465, in _run_event
    await coro(*args, **kwargs)
  File "/app/asu_discord/cogs/analytics.py", line 652, in on_member_update
    before_timeout = before.timed_out_until
                     ^^^^^^^^^^^^^^^^^^^^^^
AttributeError: 'Member' object has no attribute 'timed_out_until'
Ignoring exception in on_member_update
Traceback (most recent call last):
  File "/usr/local/lib/python3.12/site-packages/discord/client.py", line 465, in _run_event
    await coro(*args, **kwargs)
  File "/app/asu_discord/cogs/analytics.py", line 652, in on_member_update
    before_timeout = before.timed_out_until
                     ^^^^^^^^^^^^^^^^^^^^^^
AttributeError: 'Member' object has no attribute 'timed_out_until'
Ignoring exception in on_member_update
Traceback (most recent call last):
  File "/usr/local/lib/python3.12/site-packages/discord/client.py", line 465, in _run_event
    await coro(*args, **kwargs)
  File "/app/asu_discord/cogs/analytics.py", line 652, in on_member_update
    before_timeout = before.timed_out_until
                     ^^^^^^^^^^^^^^^^^^^^^^
AttributeError: 'Member' object has no attribute 'timed_out_until'
Ignoring exception in on_member_update
Traceback (most recent call last):
  File "/usr/local/lib/python3.12/site-packages/discord/client.py", line 465, in _run_event
    await coro(*args, **kwargs)
  File "/app/asu_discord/cogs/analytics.py", line 652, in on_member_update
    before_timeout = before.timed_out_until
                     ^^^^^^^^^^^^^^^^^^^^^^
AttributeError: 'Member' object has no attribute 'timed_out_until'
Ignoring exception in on_member_update
Traceback (most recent call last):
  File "/usr/local/lib/python3.12/site-packages/discord/client.py", line 465, in _run_event
    await coro(*args, **kwargs)
  File "/app/asu_discord/cogs/analytics.py", line 652, in on_member_update
    before_timeout = before.timed_out_until
                     ^^^^^^^^^^^^^^^^^^^^^^
AttributeError: 'Member' object has no attribute 'timed_out_until'
Ignoring exception in on_member_update
Traceback (most recent call last):
  File "/usr/local/lib/python3.12/site-packages/discord/client.py", line 465, in _run_event
    await coro(*args, **kwargs)
  File "/app/asu_discord/cogs/analytics.py", line 652, in on_member_update
    before_timeout = before.timed_out_until
                     ^^^^^^^^^^^^^^^^^^^^^^
AttributeError: 'Member' object has no attribute 'timed_out_until'
Ignoring exception in on_member_update
Traceback (most recent call last):
  File "/usr/local/lib/python3.12/site-packages/discord/client.py", line 465, in _run_event
    await coro(*args, **kwargs)
  File "/app/asu_discord/cogs/analytics.py", line 652, in on_member_update
    before_timeout = before.timed_out_until
                     ^^^^^^^^^^^^^^^^^^^^^^
AttributeError: 'Member' object has no attribute 'timed_out_until'
Ignoring exception in on_member_update
Traceback (most recent call last):
  File "/usr/local/lib/python3.12/site-packages/discord/client.py", line 465, in _run_event
    await coro(*args, **kwargs)
  File "/app/asu_discord/cogs/analytics.py", line 652, in on_member_update
    before_timeout = before.timed_out_until
                     ^^^^^^^^^^^^^^^^^^^^^^
AttributeError: 'Member' object has no attribute 'timed_out_until'
INFO:asu_discord.cogs.verification:Saved 6 roles to database for user vjindal4@asu.edu (Discord ID: 532108686513143819)
INFO:asu_discord.cogs.verification:Refreshed Salesforce roles for Discord user 532108686513143819: -6/+6 roles, assigned=[Commited, International Student, Tempe, Transfer Student, Upperclassmen, W.P. Carey School of Business]
Ignoring exception in on_member_update
Traceback (most recent call last):
  File "/usr/local/lib/python3.12/site-packages/discord/client.py", line 465, in _run_event
    await coro(*args, **kwargs)
  File "/app/asu_discord/cogs/analytics.py", line 652, in on_member_update
    before_timeout = before.timed_out_until
                     ^^^^^^^^^^^^^^^^^^^^^^
AttributeError: 'Member' object has no attribute 'timed_out_until'
Ignoring exception in on_member_update
Traceback (most recent call last):
  File "/usr/local/lib/python3.12/site-packages/discord/client.py", line 465, in _run_event
    await coro(*args, **kwargs)
  File "/app/asu_discord/cogs/analytics.py", line 652, in on_member_update
    before_timeout = before.timed_out_until
                     ^^^^^^^^^^^^^^^^^^^^^^
AttributeError: 'Member' object has no attribute 'timed_out_until'
Ignoring exception in on_member_update
Traceback (most recent call last):
  File "/usr/local/lib/python3.12/site-packages/discord/client.py", line 465, in _run_event
    await coro(*args, **kwargs)
  File "/app/asu_discord/cogs/analytics.py", line 652, in on_member_update
    before_timeout = before.timed_out_until
                     ^^^^^^^^^^^^^^^^^^^^^^
AttributeError: 'Member' object has no attribute 'timed_out_until'
Ignoring exception in on_member_update
Traceback (most recent call last):
  File "/usr/local/lib/python3.12/site-packages/discord/client.py", line 465, in _run_event
    await coro(*args, **kwargs)
  File "/app/asu_discord/cogs/analytics.py", line 652, in on_member_update
    before_timeout = before.timed_out_until
                     ^^^^^^^^^^^^^^^^^^^^^^
AttributeError: 'Member' object has no attribute 'timed_out_until'
Ignoring exception in on_member_update
Traceback (most recent call last):
  File "/usr/local/lib/python3.12/site-packages/discord/client.py", line 465, in _run_event
    await coro(*args, **kwargs)
  File "/app/asu_discord/cogs/analytics.py", line 652, in on_member_update
    before_timeout = before.timed_out_until
                     ^^^^^^^^^^^^^^^^^^^^^^
AttributeError: 'Member' object has no attribute 'timed_out_until'
Ignoring exception in on_member_update
Traceback (most recent call last):
  File "/usr/local/lib/python3.12/site-packages/discord/client.py", line 465, in _run_event
    await coro(*args, **kwargs)
  File "/app/asu_discord/cogs/analytics.py", line 652, in on_member_update
    before_timeout = before.timed_out_until
                     ^^^^^^^^^^^^^^^^^^^^^^
AttributeError: 'Member' object has no attribute 'timed_out_until'
Ignoring exception in on_member_update
Traceback (most recent call last):
  File "/usr/local/lib/python3.12/site-packages/discord/client.py", line 465, in _run_event
    await coro(*args, **kwargs)
  File "/app/asu_discord/cogs/analytics.py", line 652, in on_member_update
    before_timeout = before.timed_out_until
                     ^^^^^^^^^^^^^^^^^^^^^^
AttributeError: 'Member' object has no attribute 'timed_out_until'
Ignoring exception in on_member_update
Traceback (most recent call last):
  File "/usr/local/lib/python3.12/site-packages/discord/client.py", line 465, in _run_event
    await coro(*args, **kwargs)
  File "/app/asu_discord/cogs/analytics.py", line 652, in on_member_update
    before_timeout = before.timed_out_until
                     ^^^^^^^^^^^^^^^^^^^^^^
AttributeError: 'Member' object has no attribute 'timed_out_until'
INFO:asu_discord.cogs.verification:Saved 4 roles to database for user svaddip1@asu.edu (Discord ID: 753393907001327636)
INFO:asu_discord.cogs.verification:Refreshed Salesforce roles for Discord user 753393907001327636: -4/+4 roles, assigned=[College of Liberal Arts and Sciences, First Year, Out of State, Tempe]
Ignoring exception in on_member_update
Traceback (most recent call last):
  File "/usr/local/lib/python3.12/site-packages/discord/client.py", line 465, in _run_event
    await coro(*args, **kwargs)
  File "/app/asu_discord/cogs/analytics.py", line 652, in on_member_update
    before_timeout = before.timed_out_until
                     ^^^^^^^^^^^^^^^^^^^^^^
AttributeError: 'Member' object has no attribute 'timed_out_until'
Ignoring exception in on_member_update
Traceback (most recent call last):
  File "/usr/local/lib/python3.12/site-packages/discord/client.py", line 465, in _run_event
    await coro(*args, **kwargs)
  File "/app/asu_discord/cogs/analytics.py", line 652, in on_member_update
    before_timeout = before.timed_out_until
                     ^^^^^^^^^^^^^^^^^^^^^^
AttributeError: 'Member' object has no attribute 'timed_out_until'
Ignoring exception in on_member_update
Traceback (most recent call last):
  File "/usr/local/lib/python3.12/site-packages/discord/client.py", line 465, in _run_event
    await coro(*args, **kwargs)
  File "/app/asu_discord/cogs/analytics.py", line 652, in on_member_update
    before_timeout = before.timed_out_until
                     ^^^^^^^^^^^^^^^^^^^^^^
AttributeError: 'Member' object has no attribute 'timed_out_until'
Ignoring exception in on_member_update
Traceback (most recent call last):
  File "/usr/local/lib/python3.12/site-packages/discord/client.py", line 465, in _run_event
    await coro(*args, **kwargs)
  File "/app/asu_discord/cogs/analytics.py", line 652, in on_member_update
    before_timeout = before.timed_out_until
                     ^^^^^^^^^^^^^^^^^^^^^^
AttributeError: 'Member' object has no attribute 'timed_out_until'
Ignoring exception in on_member_update
Traceback (most recent call last):
  File "/usr/local/lib/python3.12/site-packages/discord/client.py", line 465, in _run_event
    await coro(*args, **kwargs)
  File "/app/asu_discord/cogs/analytics.py", line 652, in on_member_update
    before_timeout = before.timed_out_until
                     ^^^^^^^^^^^^^^^^^^^^^^
AttributeError: 'Member' object has no attribute 'timed_out_until'
Ignoring exception in on_member_update
Traceback (most recent call last):
  File "/usr/local/lib/python3.12/site-packages/discord/client.py", line 465, in _run_event
    await coro(*args, **kwargs)
  File "/app/asu_discord/cogs/analytics.py", line 652, in on_member_update
    before_timeout = before.timed_out_until
                     ^^^^^^^^^^^^^^^^^^^^^^
AttributeError: 'Member' object has no attribute 'timed_out_until'
Ignoring exception in on_member_update
Traceback (most recent call last):
  File "/usr/local/lib/python3.12/site-packages/discord/client.py", line 465, in _run_event
    await coro(*args, **kwargs)
  File "/app/asu_discord/cogs/analytics.py", line 652, in on_member_update
    before_timeout = before.timed_out_until
                     ^^^^^^^^^^^^^^^^^^^^^^
AttributeError: 'Member' object has no attribute 'timed_out_until'
Ignoring exception in on_member_update
Traceback (most recent call last):
  File "/usr/local/lib/python3.12/site-packages/discord/client.py", line 465, in _run_event
    await coro(*args, **kwargs)
  File "/app/asu_discord/cogs/analytics.py", line 652, in on_member_update
    before_timeout = before.timed_out_until
                     ^^^^^^^^^^^^^^^^^^^^^^
AttributeError: 'Member' object has no attribute 'timed_out_until'
Ignoring exception in on_member_update
Traceback (most recent call last):
  File "/usr/local/lib/python3.12/site-packages/discord/client.py", line 465, in _run_event
    await coro(*args, **kwargs)
  File "/app/asu_discord/cogs/analytics.py", line 652, in on_member_update
    before_timeout = before.timed_out_until
                     ^^^^^^^^^^^^^^^^^^^^^^
AttributeError: 'Member' object has no attribute 'timed_out_until'
Ignoring exception in on_member_update
Traceback (most recent call last):
  File "/usr/local/lib/python3.12/site-packages/discord/client.py", line 465, in _run_event
    await coro(*args, **kwargs)
  File "/app/asu_discord/cogs/analytics.py", line 652, in on_member_update
    before_timeout = before.timed_out_until
                     ^^^^^^^^^^^^^^^^^^^^^^
AttributeError: 'Member' object has no attribute 'timed_out_until'
INFO:asu_discord.cogs.verification:Saved 5 roles to database for user mmgoto@asu.edu (Discord ID: 1440194078259024057)
INFO:asu_discord.cogs.verification:Refreshed Salesforce roles for Discord user 1440194078259024057: -5/+5 roles, assigned=[College of Health Solutions, Commited, First Year, Online, Out of State]
Ignoring exception in on_member_update
Traceback (most recent call last):
  File "/usr/local/lib/python3.12/site-packages/discord/client.py", line 465, in _run_event
    await coro(*args, **kwargs)
  File "/app/asu_discord/cogs/analytics.py", line 652, in on_member_update
    before_timeout = before.timed_out_until
                     ^^^^^^^^^^^^^^^^^^^^^^
AttributeError: 'Member' object has no attribute 'timed_out_until'
Ignoring exception in on_member_update
Traceback (most recent call last):
  File "/usr/local/lib/python3.12/site-packages/discord/client.py", line 465, in _run_event
    await coro(*args, **kwargs)
  File "/app/asu_discord/cogs/analytics.py", line 652, in on_member_update
    before_timeout = before.timed_out_until
                     ^^^^^^^^^^^^^^^^^^^^^^
AttributeError: 'Member' object has no attribute 'timed_out_until'
Ignoring exception in on_member_update
Traceback (most recent call last):
  File "/usr/local/lib/python3.12/site-packages/discord/client.py", line 465, in _run_event
    await coro(*args, **kwargs)
  File "/app/asu_discord/cogs/analytics.py", line 652, in on_member_update
    before_timeout = before.timed_out_until
                     ^^^^^^^^^^^^^^^^^^^^^^
AttributeError: 'Member' object has no attribute 'timed_out_until'
Ignoring exception in on_member_update
Traceback (most recent call last):
  File "/usr/local/lib/python3.12/site-packages/discord/client.py", line 465, in _run_event
    await coro(*args, **kwargs)
  File "/app/asu_discord/cogs/analytics.py", line 652, in on_member_update
    before_timeout = before.timed_out_until
                     ^^^^^^^^^^^^^^^^^^^^^^
AttributeError: 'Member' object has no attribute 'timed_out_until'
Ignoring exception in on_member_update
Traceback (most recent call last):
  File "/usr/local/lib/python3.12/site-packages/discord/client.py", line 465, in _run_event
    await coro(*args, **kwargs)
  File "/app/asu_discord/cogs/analytics.py", line 652, in on_member_update
    before_timeout = before.timed_out_until
                     ^^^^^^^^^^^^^^^^^^^^^^
AttributeError: 'Member' object has no attribute 'timed_out_until'
Ignoring exception in on_member_update
Traceback (most recent call last):
  File "/usr/local/lib/python3.12/site-packages/discord/client.py", line 465, in _run_event
    await coro(*args, **kwargs)
  File "/app/asu_discord/cogs/analytics.py", line 652, in on_member_update
    before_timeout = before.timed_out_until
                     ^^^^^^^^^^^^^^^^^^^^^^
AttributeError: 'Member' object has no attribute 'timed_out_until'
Ignoring exception in on_member_update
Traceback (most recent call last):
  File "/usr/local/lib/python3.12/site-packages/discord/client.py", line 465, in _run_event
    await coro(*args, **kwargs)
  File "/app/asu_discord/cogs/analytics.py", line 652, in on_member_update
    before_timeout = before.timed_out_until
                     ^^^^^^^^^^^^^^^^^^^^^^
AttributeError: 'Member' object has no attribute 'timed_out_until'
Ignoring exception in on_member_update
Traceback (most recent call last):
  File "/usr/local/lib/python3.12/site-packages/discord/client.py", line 465, in _run_event
    await coro(*args, **kwargs)
  File "/app/asu_discord/cogs/analytics.py", line 652, in on_member_update
    before_timeout = before.timed_out_until
                     ^^^^^^^^^^^^^^^^^^^^^^
AttributeError: 'Member' object has no attribute 'timed_out_until'
Ignoring exception in on_member_update
Traceback (most recent call last):
  File "/usr/local/lib/python3.12/site-packages/discord/client.py", line 465, in _run_event
    await coro(*args, **kwargs)
  File "/app/asu_discord/cogs/analytics.py", line 652, in on_member_update
    before_timeout = before.timed_out_until
                     ^^^^^^^^^^^^^^^^^^^^^^
AttributeError: 'Member' object has no attribute 'timed_out_until'
Ignoring exception in on_member_update
Traceback (most recent call last):
  File "/usr/local/lib/python3.12/site-packages/discord/client.py", line 465, in _run_event
    await coro(*args, **kwargs)
  File "/app/asu_discord/cogs/analytics.py", line 652, in on_member_update
    before_timeout = before.timed_out_until
                     ^^^^^^^^^^^^^^^^^^^^^^
AttributeError: 'Member' object has no attribute 'timed_out_until'
Ignoring exception in on_member_update
Traceback (most recent call last):
  File "/usr/local/lib/python3.12/site-packages/discord/client.py", line 465, in _run_event
    await coro(*args, **kwargs)
  File "/app/asu_discord/cogs/analytics.py", line 652, in on_member_update
    before_timeout = before.timed_out_until
                     ^^^^^^^^^^^^^^^^^^^^^^
AttributeError: 'Member' object has no attribute 'timed_out_until'
Ignoring exception in on_member_update
Traceback (most recent call last):
  File "/usr/local/lib/python3.12/site-packages/discord/client.py", line 465, in _run_event
    await coro(*args, **kwargs)
  File "/app/asu_discord/cogs/analytics.py", line 652, in on_member_update
    before_timeout = before.timed_out_until
                     ^^^^^^^^^^^^^^^^^^^^^^
AttributeError: 'Member' object has no attribute 'timed_out_until'
INFO:asu_discord.cogs.verification:Saved 6 roles to database for user calva104@asu.edu (Discord ID: 702743309688504370)
INFO:asu_discord.cogs.verification:Refreshed Salesforce roles for Discord user 702743309688504370: -6/+6 roles, assigned=[Arizona Resident, Commited, First Generation Student, First Year, New College of Interdisciplinary Arts and Sciences, West Valley]
Ignoring exception in on_member_update
Traceback (most recent call last):
  File "/usr/local/lib/python3.12/site-packages/discord/client.py", line 465, in _run_event
    await coro(*args, **kwargs)
  File "/app/asu_discord/cogs/analytics.py", line 652, in on_member_update
    before_timeout = before.timed_out_until
                     ^^^^^^^^^^^^^^^^^^^^^^
AttributeError: 'Member' object has no attribute 'timed_out_until'
Ignoring exception in on_member_update
Traceback (most recent call last):
  File "/usr/local/lib/python3.12/site-packages/discord/client.py", line 465, in _run_event
    await coro(*args, **kwargs)
  File "/app/asu_discord/cogs/analytics.py", line 652, in on_member_update
    before_timeout = before.timed_out_until
                     ^^^^^^^^^^^^^^^^^^^^^^
AttributeError: 'Member' object has no attribute 'timed_out_until'
INFO:asu_discord.cogs.verification:Saved 1 roles to database for user oleow@asu.edu (Discord ID: 812385509154095115)
INFO:asu_discord.cogs.verification:Refreshed Salesforce roles for Discord user 812385509154095115: -1/+1 roles, assigned=[Out of State]
Ignoring exception in on_member_update
Traceback (most recent call last):
  File "/usr/local/lib/python3.12/site-packages/discord/client.py", line 465, in _run_event
    await coro(*args, **kwargs)
  File "/app/asu_discord/cogs/analytics.py", line 652, in on_member_update
    before_timeout = before.timed_out_until
                     ^^^^^^^^^^^^^^^^^^^^^^
AttributeError: 'Member' object has no attribute 'timed_out_until'
Ignoring exception in on_member_update
Traceback (most recent call last):
  File "/usr/local/lib/python3.12/site-packages/discord/client.py", line 465, in _run_event
    await coro(*args, **kwargs)
  File "/app/asu_discord/cogs/analytics.py", line 652, in on_member_update
    before_timeout = before.timed_out_until
                     ^^^^^^^^^^^^^^^^^^^^^^
AttributeError: 'Member' object has no attribute 'timed_out_until'
Ignoring exception in on_member_update
Traceback (most recent call last):
  File "/usr/local/lib/python3.12/site-packages/discord/client.py", line 465, in _run_event
    await coro(*args, **kwargs)
  File "/app/asu_discord/cogs/analytics.py", line 652, in on_member_update
    before_timeout = before.timed_out_until
                     ^^^^^^^^^^^^^^^^^^^^^^
AttributeError: 'Member' object has no attribute 'timed_out_until'
Ignoring exception in on_member_update
Traceback (most recent call last):
  File "/usr/local/lib/python3.12/site-packages/discord/client.py", line 465, in _run_event
    await coro(*args, **kwargs)
  File "/app/asu_discord/cogs/analytics.py", line 652, in on_member_update
    before_timeout = before.timed_out_until
                     ^^^^^^^^^^^^^^^^^^^^^^
AttributeError: 'Member' object has no attribute 'timed_out_until'
Ignoring exception in on_member_update
Traceback (most recent call last):
  File "/usr/local/lib/python3.12/site-packages/discord/client.py", line 465, in _run_event
    await coro(*args, **kwargs)
  File "/app/asu_discord/cogs/analytics.py", line 652, in on_member_update
    before_timeout = before.timed_out_until
                     ^^^^^^^^^^^^^^^^^^^^^^
AttributeError: 'Member' object has no attribute 'timed_out_until'
Ignoring exception in on_member_update
Traceback (most recent call last):
  File "/usr/local/lib/python3.12/site-packages/discord/client.py", line 465, in _run_event
    await coro(*args, **kwargs)
  File "/app/asu_discord/cogs/analytics.py", line 652, in on_member_update
    before_timeout = before.timed_out_until
                     ^^^^^^^^^^^^^^^^^^^^^^
AttributeError: 'Member' object has no attribute 'timed_out_until'
Ignoring exception in on_member_update
Traceback (most recent call last):
  File "/usr/local/lib/python3.12/site-packages/discord/client.py", line 465, in _run_event
    await coro(*args, **kwargs)
  File "/app/asu_discord/cogs/analytics.py", line 652, in on_member_update
    before_timeout = before.timed_out_until
                     ^^^^^^^^^^^^^^^^^^^^^^
AttributeError: 'Member' object has no attribute 'timed_out_until'
Ignoring exception in on_member_update
Traceback (most recent call last):
  File "/usr/local/lib/python3.12/site-packages/discord/client.py", line 465, in _run_event
    await coro(*args, **kwargs)
  File "/app/asu_discord/cogs/analytics.py", line 652, in on_member_update
    before_timeout = before.timed_out_until
                     ^^^^^^^^^^^^^^^^^^^^^^
AttributeError: 'Member' object has no attribute 'timed_out_until'
Ignoring exception in on_member_update
Traceback (most recent call last):
  File "/usr/local/lib/python3.12/site-packages/discord/client.py", line 465, in _run_event
    await coro(*args, **kwargs)
  File "/app/asu_discord/cogs/analytics.py", line 652, in on_member_update
    before_timeout = before.timed_out_until
                     ^^^^^^^^^^^^^^^^^^^^^^
AttributeError: 'Member' object has no attribute 'timed_out_until'
Ignoring exception in on_member_update
Traceback (most recent call last):
  File "/usr/local/lib/python3.12/site-packages/discord/client.py", line 465, in _run_event
    await coro(*args, **kwargs)
  File "/app/asu_discord/cogs/analytics.py", line 652, in on_member_update
    before_timeout = before.timed_out_until
                     ^^^^^^^^^^^^^^^^^^^^^^
AttributeError: 'Member' object has no attribute 'timed_out_until'
Ignoring exception in on_member_update
Traceback (most recent call last):
  File "/usr/local/lib/python3.12/site-packages/discord/client.py", line 465, in _run_event
    await coro(*args, **kwargs)
  File "/app/asu_discord/cogs/analytics.py", line 652, in on_member_update
    before_timeout = before.timed_out_until
                     ^^^^^^^^^^^^^^^^^^^^^^
AttributeError: 'Member' object has no attribute 'timed_out_until'
Ignoring exception in on_member_update
Traceback (most recent call last):
  File "/usr/local/lib/python3.12/site-packages/discord/client.py", line 465, in _run_event
    await coro(*args, **kwargs)
  File "/app/asu_discord/cogs/analytics.py", line 652, in on_member_update
    before_timeout = before.timed_out_until
                     ^^^^^^^^^^^^^^^^^^^^^^
AttributeError: 'Member' object has no attribute 'timed_out_until'
INFO:asu_discord.cogs.verification:Saved 6 roles to database for user rcwhit12@asu.edu (Discord ID: 579782425689980948)
INFO:asu_discord.cogs.verification:Refreshed Salesforce roles for Discord user 579782425689980948: -6/+6 roles, assigned=[Commited, First Generation Student, First Year, Ira A. Fulton Schools of Engineering, Out of State, Polytechnic]
Ignoring exception in on_member_update
Traceback (most recent call last):
  File "/usr/local/lib/python3.12/site-packages/discord/client.py", line 465, in _run_event
    await coro(*args, **kwargs)
  File "/app/asu_discord/cogs/analytics.py", line 652, in on_member_update
    before_timeout = before.timed_out_until
                     ^^^^^^^^^^^^^^^^^^^^^^
AttributeError: 'Member' object has no attribute 'timed_out_until'
Ignoring exception in on_member_update
Traceback (most recent call last):
  File "/usr/local/lib/python3.12/site-packages/discord/client.py", line 465, in _run_event
    await coro(*args, **kwargs)
  File "/app/asu_discord/cogs/analytics.py", line 652, in on_member_update
    before_timeout = before.timed_out_until
                     ^^^^^^^^^^^^^^^^^^^^^^
AttributeError: 'Member' object has no attribute 'timed_out_until'
Ignoring exception in on_member_update
Traceback (most recent call last):
  File "/usr/local/lib/python3.12/site-packages/discord/client.py", line 465, in _run_event
    await coro(*args, **kwargs)
  File "/app/asu_discord/cogs/analytics.py", line 652, in on_member_update
    before_timeout = before.timed_out_until
                     ^^^^^^^^^^^^^^^^^^^^^^
AttributeError: 'Member' object has no attribute 'timed_out_until'
Ignoring exception in on_member_update
Traceback (most recent call last):
  File "/usr/local/lib/python3.12/site-packages/discord/client.py", line 465, in _run_event
    await coro(*args, **kwargs)
  File "/app/asu_discord/cogs/analytics.py", line 652, in on_member_update
    before_timeout = before.timed_out_until
                     ^^^^^^^^^^^^^^^^^^^^^^
AttributeError: 'Member' object has no attribute 'timed_out_until'
Ignoring exception in on_member_update
Traceback (most recent call last):
  File "/usr/local/lib/python3.12/site-packages/discord/client.py", line 465, in _run_event
    await coro(*args, **kwargs)
  File "/app/asu_discord/cogs/analytics.py", line 652, in on_member_update
    before_timeout = before.timed_out_until
                     ^^^^^^^^^^^^^^^^^^^^^^
AttributeError: 'Member' object has no attribute 'timed_out_until'
Ignoring exception in on_member_update
Traceback (most recent call last):
  File "/usr/local/lib/python3.12/site-packages/discord/client.py", line 465, in _run_event
    await coro(*args, **kwargs)
  File "/app/asu_discord/cogs/analytics.py", line 652, in on_member_update
    before_timeout = before.timed_out_until
                     ^^^^^^^^^^^^^^^^^^^^^^
AttributeError: 'Member' object has no attribute 'timed_out_until'
Ignoring exception in on_member_update
Traceback (most recent call last):
  File "/usr/local/lib/python3.12/site-packages/discord/client.py", line 465, in _run_event
    await coro(*args, **kwargs)
  File "/app/asu_discord/cogs/analytics.py", line 652, in on_member_update
    before_timeout = before.timed_out_until
                     ^^^^^^^^^^^^^^^^^^^^^^
AttributeError: 'Member' object has no attribute 'timed_out_until'
Ignoring exception in on_member_update
Traceback (most recent call last):
  File "/usr/local/lib/python3.12/site-packages/discord/client.py", line 465, in _run_event
    await coro(*args, **kwargs)
  File "/app/asu_discord/cogs/analytics.py", line 652, in on_member_update
    before_timeout = before.timed_out_until
                     ^^^^^^^^^^^^^^^^^^^^^^
AttributeError: 'Member' object has no attribute 'timed_out_until'
Ignoring exception in on_member_update
Traceback (most recent call last):
  File "/usr/local/lib/python3.12/site-packages/discord/client.py", line 465, in _run_event
    await coro(*args, **kwargs)
  File "/app/asu_discord/cogs/analytics.py", line 652, in on_member_update
    before_timeout = before.timed_out_until
                     ^^^^^^^^^^^^^^^^^^^^^^
AttributeError: 'Member' object has no attribute 'timed_out_until'
Ignoring exception in on_member_update
Traceback (most recent call last):
  File "/usr/local/lib/python3.12/site-packages/discord/client.py", line 465, in _run_event
    await coro(*args, **kwargs)
  File "/app/asu_discord/cogs/analytics.py", line 652, in on_member_update
    before_timeout = before.timed_out_until
                     ^^^^^^^^^^^^^^^^^^^^^^
AttributeError: 'Member' object has no attribute 'timed_out_until'
INFO:asu_discord.cogs.verification:Saved 5 roles to database for user skdeshp1@asu.edu (Discord ID: 701856197656969249)
INFO:asu_discord.cogs.verification:Refreshed Salesforce roles for Discord user 701856197656969249: -5/+5 roles, assigned=[Arizona Resident, College of Liberal Arts and Sciences, Commited, First Year, Tempe]
Ignoring exception in on_member_update
Traceback (most recent call last):
  File "/usr/local/lib/python3.12/site-packages/discord/client.py", line 465, in _run_event
    await coro(*args, **kwargs)
  File "/app/asu_discord/cogs/analytics.py", line 652, in on_member_update
    before_timeout = before.timed_out_until
                     ^^^^^^^^^^^^^^^^^^^^^^
AttributeError: 'Member' object has no attribute 'timed_out_until'
Ignoring exception in on_member_update
Traceback (most recent call last):
  File "/usr/local/lib/python3.12/site-packages/discord/client.py", line 465, in _run_event
    await coro(*args, **kwargs)
  File "/app/asu_discord/cogs/analytics.py", line 652, in on_member_update
    before_timeout = before.timed_out_until
                     ^^^^^^^^^^^^^^^^^^^^^^
AttributeError: 'Member' object has no attribute 'timed_out_until'
Ignoring exception in on_member_update
Traceback (most recent call last):
  File "/usr/local/lib/python3.12/site-packages/discord/client.py", line 465, in _run_event
    await coro(*args, **kwargs)
  File "/app/asu_discord/cogs/analytics.py", line 652, in on_member_update
    before_timeout = before.timed_out_until
                     ^^^^^^^^^^^^^^^^^^^^^^
AttributeError: 'Member' object has no attribute 'timed_out_until'
Ignoring exception in on_member_update
Traceback (most recent call last):
  File "/usr/local/lib/python3.12/site-packages/discord/client.py", line 465, in _run_event
    await coro(*args, **kwargs)
  File "/app/asu_discord/cogs/analytics.py", line 652, in on_member_update
    before_timeout = before.timed_out_until
                     ^^^^^^^^^^^^^^^^^^^^^^
AttributeError: 'Member' object has no attribute 'timed_out_until'
Ignoring exception in on_member_update
Traceback (most recent call last):
  File "/usr/local/lib/python3.12/site-packages/discord/client.py", line 465, in _run_event
    await coro(*args, **kwargs)
  File "/app/asu_discord/cogs/analytics.py", line 652, in on_member_update
    before_timeout = before.timed_out_until
                     ^^^^^^^^^^^^^^^^^^^^^^
AttributeError: 'Member' object has no attribute 'timed_out_until'
Ignoring exception in on_member_update
Traceback (most recent call last):
  File "/usr/local/lib/python3.12/site-packages/discord/client.py", line 465, in _run_event
    await coro(*args, **kwargs)
  File "/app/asu_discord/cogs/analytics.py", line 652, in on_member_update
    before_timeout = before.timed_out_until
                     ^^^^^^^^^^^^^^^^^^^^^^
AttributeError: 'Member' object has no attribute 'timed_out_until'
Ignoring exception in on_member_update
Traceback (most recent call last):
  File "/usr/local/lib/python3.12/site-packages/discord/client.py", line 465, in _run_event
    await coro(*args, **kwargs)
  File "/app/asu_discord/cogs/analytics.py", line 652, in on_member_update
    before_timeout = before.timed_out_until
                     ^^^^^^^^^^^^^^^^^^^^^^
AttributeError: 'Member' object has no attribute 'timed_out_until'
Ignoring exception in on_member_update
Traceback (most recent call last):
  File "/usr/local/lib/python3.12/site-packages/discord/client.py", line 465, in _run_event
    await coro(*args, **kwargs)
  File "/app/asu_discord/cogs/analytics.py", line 652, in on_member_update
    before_timeout = before.timed_out_until
                     ^^^^^^^^^^^^^^^^^^^^^^
AttributeError: 'Member' object has no attribute 'timed_out_until'
Ignoring exception in on_member_update
Traceback (most recent call last):
  File "/usr/local/lib/python3.12/site-packages/discord/client.py", line 465, in _run_event
    await coro(*args, **kwargs)
  File "/app/asu_discord/cogs/analytics.py", line 652, in on_member_update
    before_timeout = before.timed_out_until
                     ^^^^^^^^^^^^^^^^^^^^^^
AttributeError: 'Member' object has no attribute 'timed_out_until'
Ignoring exception in on_member_update
Traceback (most recent call last):
  File "/usr/local/lib/python3.12/site-packages/discord/client.py", line 465, in _run_event
    await coro(*args, **kwargs)
  File "/app/asu_discord/cogs/analytics.py", line 652, in on_member_update
    before_timeout = before.timed_out_until
                     ^^^^^^^^^^^^^^^^^^^^^^
AttributeError: 'Member' object has no attribute 'timed_out_until'
INFO:asu_discord.cogs.verification:Saved 5 roles to database for user cestra66@asu.edu (Discord ID: 1440196160202608661)
INFO:asu_discord.cogs.verification:Refreshed Salesforce roles for Discord user 1440196160202608661: -5/+5 roles, assigned=[Arizona Resident, Downtown Phoenix, Edson College of Nursing and Health Innovation, First Generation Student, First Year]
ERROR:cron.jobs:refresh_salesforce_roles: failed for lobrie16 (Discord ID 757359244642091087): Failed to refresh Salesforce-based roles: Discord user 757359244642091087 is not a member of the guild
Ignoring exception in on_member_update
Traceback (most recent call last):
  File "/usr/local/lib/python3.12/site-packages/discord/client.py", line 465, in _run_event
    await coro(*args, **kwargs)
  File "/app/asu_discord/cogs/analytics.py", line 652, in on_member_update
    before_timeout = before.timed_out_until
                     ^^^^^^^^^^^^^^^^^^^^^^
AttributeError: 'Member' object has no attribute 'timed_out_until'
Ignoring exception in on_member_update
Traceback (most recent call last):
  File "/usr/local/lib/python3.12/site-packages/discord/client.py", line 465, in _run_event
    await coro(*args, **kwargs)
  File "/app/asu_discord/cogs/analytics.py", line 652, in on_member_update
    before_timeout = before.timed_out_until
                     ^^^^^^^^^^^^^^^^^^^^^^
AttributeError: 'Member' object has no attribute 'timed_out_until'
Ignoring exception in on_member_update
Traceback (most recent call last):
  File "/usr/local/lib/python3.12/site-packages/discord/client.py", line 465, in _run_event
    await coro(*args, **kwargs)
  File "/app/asu_discord/cogs/analytics.py", line 652, in on_member_update
    before_timeout = before.timed_out_until
                     ^^^^^^^^^^^^^^^^^^^^^^
AttributeError: 'Member' object has no attribute 'timed_out_until'
Ignoring exception in on_member_update
Traceback (most recent call last):
  File "/usr/local/lib/python3.12/site-packages/discord/client.py", line 465, in _run_event
    await coro(*args, **kwargs)
  File "/app/asu_discord/cogs/analytics.py", line 652, in on_member_update
    before_timeout = before.timed_out_until
                     ^^^^^^^^^^^^^^^^^^^^^^
AttributeError: 'Member' object has no attribute 'timed_out_until'
Ignoring exception in on_member_update
Traceback (most recent call last):
  File "/usr/local/lib/python3.12/site-packages/discord/client.py", line 465, in _run_event
    await coro(*args, **kwargs)
  File "/app/asu_discord/cogs/analytics.py", line 652, in on_member_update
    before_timeout = before.timed_out_until
                     ^^^^^^^^^^^^^^^^^^^^^^
AttributeError: 'Member' object has no attribute 'timed_out_until'
Ignoring exception in on_member_update
Traceback (most recent call last):
  File "/usr/local/lib/python3.12/site-packages/discord/client.py", line 465, in _run_event
    await coro(*args, **kwargs)
  File "/app/asu_discord/cogs/analytics.py", line 652, in on_member_update
    before_timeout = before.timed_out_until
                     ^^^^^^^^^^^^^^^^^^^^^^
AttributeError: 'Member' object has no attribute 'timed_out_until'
Ignoring exception in on_member_update
Traceback (most recent call last):
  File "/usr/local/lib/python3.12/site-packages/discord/client.py", line 465, in _run_event
    await coro(*args, **kwargs)
  File "/app/asu_discord/cogs/analytics.py", line 652, in on_member_update
    before_timeout = before.timed_out_until
                     ^^^^^^^^^^^^^^^^^^^^^^
AttributeError: 'Member' object has no attribute 'timed_out_until'
Ignoring exception in on_member_update
Traceback (most recent call last):
  File "/usr/local/lib/python3.12/site-packages/discord/client.py", line 465, in _run_event
    await coro(*args, **kwargs)
  File "/app/asu_discord/cogs/analytics.py", line 652, in on_member_update
    before_timeout = before.timed_out_until
                     ^^^^^^^^^^^^^^^^^^^^^^
AttributeError: 'Member' object has no attribute 'timed_out_until'
Ignoring exception in on_member_update
Traceback (most recent call last):
  File "/usr/local/lib/python3.12/site-packages/discord/client.py", line 465, in _run_event
    await coro(*args, **kwargs)
  File "/app/asu_discord/cogs/analytics.py", line 652, in on_member_update
    before_timeout = before.timed_out_until
                     ^^^^^^^^^^^^^^^^^^^^^^
AttributeError: 'Member' object has no attribute 'timed_out_until'
Ignoring exception in on_member_update
Traceback (most recent call last):
  File "/usr/local/lib/python3.12/site-packages/discord/client.py", line 465, in _run_event
    await coro(*args, **kwargs)
  File "/app/asu_discord/cogs/analytics.py", line 652, in on_member_update
    before_timeout = before.timed_out_until
                     ^^^^^^^^^^^^^^^^^^^^^^
AttributeError: 'Member' object has no attribute 'timed_out_until'
Ignoring exception in on_member_update
Traceback (most recent call last):
  File "/usr/local/lib/python3.12/site-packages/discord/client.py", line 465, in _run_event
    await coro(*args, **kwargs)
  File "/app/asu_discord/cogs/analytics.py", line 652, in on_member_update
    before_timeout = before.timed_out_until
                     ^^^^^^^^^^^^^^^^^^^^^^
AttributeError: 'Member' object has no attribute 'timed_out_until'
Ignoring exception in on_member_update
Traceback (most recent call last):
  File "/usr/local/lib/python3.12/site-packages/discord/client.py", line 465, in _run_event
    await coro(*args, **kwargs)
  File "/app/asu_discord/cogs/analytics.py", line 652, in on_member_update
    before_timeout = before.timed_out_until
                     ^^^^^^^^^^^^^^^^^^^^^^
AttributeError: 'Member' object has no attribute 'timed_out_until'
INFO:asu_discord.cogs.verification:Saved 6 roles to database for user mgtruong@asu.edu (Discord ID: 481955218943246337)
INFO:asu_discord.cogs.verification:Refreshed Salesforce roles for Discord user 481955218943246337: -6/+6 roles, assigned=[Arizona Resident, First Generation Student, First Year, Tempe, Upperclassmen, Walter Cronkite School of Journalism and Mass Communication]
ERROR:cron.jobs:refresh_salesforce_roles: failed for kfeiten (Discord ID 629201259379032074): Failed to refresh Salesforce-based roles: Discord user 629201259379032074 is not a member of the guild
Ignoring exception in on_member_update
Traceback (most recent call last):
  File "/usr/local/lib/python3.12/site-packages/discord/client.py", line 465, in _run_event
    await coro(*args, **kwargs)
  File "/app/asu_discord/cogs/analytics.py", line 652, in on_member_update
    before_timeout = before.timed_out_until
                     ^^^^^^^^^^^^^^^^^^^^^^
AttributeError: 'Member' object has no attribute 'timed_out_until'
Ignoring exception in on_member_update
Traceback (most recent call last):
  File "/usr/local/lib/python3.12/site-packages/discord/client.py", line 465, in _run_event
    await coro(*args, **kwargs)
  File "/app/asu_discord/cogs/analytics.py", line 652, in on_member_update
    before_timeout = before.timed_out_until
                     ^^^^^^^^^^^^^^^^^^^^^^
AttributeError: 'Member' object has no attribute 'timed_out_until'
Ignoring exception in on_member_update
Traceback (most recent call last):
  File "/usr/local/lib/python3.12/site-packages/discord/client.py", line 465, in _run_event
    await coro(*args, **kwargs)
  File "/app/asu_discord/cogs/analytics.py", line 652, in on_member_update
    before_timeout = before.timed_out_until
                     ^^^^^^^^^^^^^^^^^^^^^^
AttributeError: 'Member' object has no attribute 'timed_out_until'
Ignoring exception in on_member_update
Traceback (most recent call last):
  File "/usr/local/lib/python3.12/site-packages/discord/client.py", line 465, in _run_event
    await coro(*args, **kwargs)
  File "/app/asu_discord/cogs/analytics.py", line 652, in on_member_update
    before_timeout = before.timed_out_until
                     ^^^^^^^^^^^^^^^^^^^^^^
AttributeError: 'Member' object has no attribute 'timed_out_until'
Ignoring exception in on_member_update
Traceback (most recent call last):
  File "/usr/local/lib/python3.12/site-packages/discord/client.py", line 465, in _run_event
    await coro(*args, **kwargs)
  File "/app/asu_discord/cogs/analytics.py", line 652, in on_member_update
    before_timeout = before.timed_out_until
                     ^^^^^^^^^^^^^^^^^^^^^^
AttributeError: 'Member' object has no attribute 'timed_out_until'
Ignoring exception in on_member_update
Traceback (most recent call last):
  File "/usr/local/lib/python3.12/site-packages/discord/client.py", line 465, in _run_event
    await coro(*args, **kwargs)
  File "/app/asu_discord/cogs/analytics.py", line 652, in on_member_update
    before_timeout = before.timed_out_until
                     ^^^^^^^^^^^^^^^^^^^^^^
AttributeError: 'Member' object has no attribute 'timed_out_until'
Ignoring exception in on_member_update
Traceback (most recent call last):
  File "/usr/local/lib/python3.12/site-packages/discord/client.py", line 465, in _run_event
    await coro(*args, **kwargs)
  File "/app/asu_discord/cogs/analytics.py", line 652, in on_member_update
    before_timeout = before.timed_out_until
                     ^^^^^^^^^^^^^^^^^^^^^^
AttributeError: 'Member' object has no attribute 'timed_out_until'
Ignoring exception in on_member_update
Traceback (most recent call last):
  File "/usr/local/lib/python3.12/site-packages/discord/client.py", line 465, in _run_event
    await coro(*args, **kwargs)
  File "/app/asu_discord/cogs/analytics.py", line 652, in on_member_update
    before_timeout = before.timed_out_until
                     ^^^^^^^^^^^^^^^^^^^^^^
AttributeError: 'Member' object has no attribute 'timed_out_until'
Ignoring exception in on_member_update
Traceback (most recent call last):
  File "/usr/local/lib/python3.12/site-packages/discord/client.py", line 465, in _run_event
    await coro(*args, **kwargs)
  File "/app/asu_discord/cogs/analytics.py", line 652, in on_member_update
    before_timeout = before.timed_out_until
                     ^^^^^^^^^^^^^^^^^^^^^^
AttributeError: 'Member' object has no attribute 'timed_out_until'
Ignoring exception in on_member_update
Traceback (most recent call last):
  File "/usr/local/lib/python3.12/site-packages/discord/client.py", line 465, in _run_event
    await coro(*args, **kwargs)
  File "/app/asu_discord/cogs/analytics.py", line 652, in on_member_update
    before_timeout = before.timed_out_until
                     ^^^^^^^^^^^^^^^^^^^^^^
AttributeError: 'Member' object has no attribute 'timed_out_until'
INFO:asu_discord.cogs.verification:Saved 5 roles to database for user jlewisab@asu.edu (Discord ID: 1193311420713009286)
INFO:asu_discord.cogs.verification:Refreshed Salesforce roles for Discord user 1193311420713009286: -5/+5 roles, assigned=[Online, Out of State, Transfer Student, Upperclassmen, W.P. Carey School of Business]
Ignoring exception in on_member_update
Traceback (most recent call last):
  File "/usr/local/lib/python3.12/site-packages/discord/client.py", line 465, in _run_event
    await coro(*args, **kwargs)
  File "/app/asu_discord/cogs/analytics.py", line 652, in on_member_update
    before_timeout = before.timed_out_until
                     ^^^^^^^^^^^^^^^^^^^^^^
AttributeError: 'Member' object has no attribute 'timed_out_until'
Ignoring exception in on_member_update
Traceback (most recent call last):
  File "/usr/local/lib/python3.12/site-packages/discord/client.py", line 465, in _run_event
    await coro(*args, **kwargs)
  File "/app/asu_discord/cogs/analytics.py", line 652, in on_member_update
    before_timeout = before.timed_out_until
                     ^^^^^^^^^^^^^^^^^^^^^^
AttributeError: 'Member' object has no attribute 'timed_out_until'
Ignoring exception in on_member_update
Traceback (most recent call last):
  File "/usr/local/lib/python3.12/site-packages/discord/client.py", line 465, in _run_event
    await coro(*args, **kwargs)
  File "/app/asu_discord/cogs/analytics.py", line 652, in on_member_update
    before_timeout = before.timed_out_until
                     ^^^^^^^^^^^^^^^^^^^^^^
AttributeError: 'Member' object has no attribute 'timed_out_until'
Ignoring exception in on_member_update
Traceback (most recent call last):
  File "/usr/local/lib/python3.12/site-packages/discord/client.py", line 465, in _run_event
    await coro(*args, **kwargs)
  File "/app/asu_discord/cogs/analytics.py", line 652, in on_member_update
    before_timeout = before.timed_out_until
                     ^^^^^^^^^^^^^^^^^^^^^^
AttributeError: 'Member' object has no attribute 'timed_out_until'
Ignoring exception in on_member_update
Traceback (most recent call last):
  File "/usr/local/lib/python3.12/site-packages/discord/client.py", line 465, in _run_event
    await coro(*args, **kwargs)
  File "/app/asu_discord/cogs/analytics.py", line 652, in on_member_update
    before_timeout = before.timed_out_until
                     ^^^^^^^^^^^^^^^^^^^^^^
AttributeError: 'Member' object has no attribute 'timed_out_until'
Ignoring exception in on_member_update
Traceback (most recent call last):
  File "/usr/local/lib/python3.12/site-packages/discord/client.py", line 465, in _run_event
    await coro(*args, **kwargs)
  File "/app/asu_discord/cogs/analytics.py", line 652, in on_member_update
    before_timeout = before.timed_out_until
                     ^^^^^^^^^^^^^^^^^^^^^^
AttributeError: 'Member' object has no attribute 'timed_out_until'
Ignoring exception in on_member_update
Traceback (most recent call last):
  File "/usr/local/lib/python3.12/site-packages/discord/client.py", line 465, in _run_event
    await coro(*args, **kwargs)
  File "/app/asu_discord/cogs/analytics.py", line 652, in on_member_update
    before_timeout = before.timed_out_until
                     ^^^^^^^^^^^^^^^^^^^^^^
AttributeError: 'Member' object has no attribute 'timed_out_until'
Ignoring exception in on_member_update
Traceback (most recent call last):
  File "/usr/local/lib/python3.12/site-packages/discord/client.py", line 465, in _run_event
    await coro(*args, **kwargs)
  File "/app/asu_discord/cogs/analytics.py", line 652, in on_member_update
    before_timeout = before.timed_out_until
                     ^^^^^^^^^^^^^^^^^^^^^^
AttributeError: 'Member' object has no attribute 'timed_out_until'
Ignoring exception in on_member_update
Traceback (most recent call last):
  File "/usr/local/lib/python3.12/site-packages/discord/client.py", line 465, in _run_event
    await coro(*args, **kwargs)
  File "/app/asu_discord/cogs/analytics.py", line 652, in on_member_update
    before_timeout = before.timed_out_until
                     ^^^^^^^^^^^^^^^^^^^^^^
AttributeError: 'Member' object has no attribute 'timed_out_until'
Ignoring exception in on_member_update
Traceback (most recent call last):
  File "/usr/local/lib/python3.12/site-packages/discord/client.py", line 465, in _run_event
    await coro(*args, **kwargs)
  File "/app/asu_discord/cogs/analytics.py", line 652, in on_member_update
    before_timeout = before.timed_out_until
                     ^^^^^^^^^^^^^^^^^^^^^^
AttributeError: 'Member' object has no attribute 'timed_out_until'
ERROR:cron.jobs:refresh_salesforce_roles: failed for lweieric (Discord ID 1440200949594591252): Timed out refresh Salesforce-based roles
Ignoring exception in on_member_update
Traceback (most recent call last):
  File "/usr/local/lib/python3.12/site-packages/discord/client.py", line 465, in _run_event
    await coro(*args, **kwargs)
  File "/app/asu_discord/cogs/analytics.py", line 652, in on_member_update
    before_timeout = before.timed_out_until
                     ^^^^^^^^^^^^^^^^^^^^^^
AttributeError: 'Member' object has no attribute 'timed_out_until'
Ignoring exception in on_member_update
Traceback (most recent call last):
  File "/usr/local/lib/python3.12/site-packages/discord/client.py", line 465, in _run_event
    await coro(*args, **kwargs)
  File "/app/asu_discord/cogs/analytics.py", line 652, in on_member_update
    before_timeout = before.timed_out_until
                     ^^^^^^^^^^^^^^^^^^^^^^
AttributeError: 'Member' object has no attribute 'timed_out_until'
Ignoring exception in on_member_update
Traceback (most recent call last):
  File "/usr/local/lib/python3.12/site-packages/discord/client.py", line 465, in _run_event
    await coro(*args, **kwargs)
  File "/app/asu_discord/cogs/analytics.py", line 652, in on_member_update
    before_timeout = before.timed_out_until
                     ^^^^^^^^^^^^^^^^^^^^^^
AttributeError: 'Member' object has no attribute 'timed_out_until'
Ignoring exception in on_member_update
Traceback (most recent call last):
  File "/usr/local/lib/python3.12/site-packages/discord/client.py", line 465, in _run_event
    await coro(*args, **kwargs)
  File "/app/asu_discord/cogs/analytics.py", line 652, in on_member_update
    before_timeout = before.timed_out_until
                     ^^^^^^^^^^^^^^^^^^^^^^
AttributeError: 'Member' object has no attribute 'timed_out_until'
Ignoring exception in on_member_update
Traceback (most recent call last):
  File "/usr/local/lib/python3.12/site-packages/discord/client.py", line 465, in _run_event
    await coro(*args, **kwargs)
  File "/app/asu_discord/cogs/analytics.py", line 652, in on_member_update
    before_timeout = before.timed_out_until
                     ^^^^^^^^^^^^^^^^^^^^^^
AttributeError: 'Member' object has no attribute 'timed_out_until'
Ignoring exception in on_member_update
Traceback (most recent call last):
  File "/usr/local/lib/python3.12/site-packages/discord/client.py", line 465, in _run_event
    await coro(*args, **kwargs)
  File "/app/asu_discord/cogs/analytics.py", line 652, in on_member_update
    before_timeout = before.timed_out_until
                     ^^^^^^^^^^^^^^^^^^^^^^
AttributeError: 'Member' object has no attribute 'timed_out_until'
Ignoring exception in on_member_update
Traceback (most recent call last):
  File "/usr/local/lib/python3.12/site-packages/discord/client.py", line 465, in _run_event
    await coro(*args, **kwargs)
  File "/app/asu_discord/cogs/analytics.py", line 652, in on_member_update
    before_timeout = before.timed_out_until
                     ^^^^^^^^^^^^^^^^^^^^^^
AttributeError: 'Member' object has no attribute 'timed_out_until'
Ignoring exception in on_member_update
Traceback (most recent call last):
  File "/usr/local/lib/python3.12/site-packages/discord/client.py", line 465, in _run_event
    await coro(*args, **kwargs)
  File "/app/asu_discord/cogs/analytics.py", line 652, in on_member_update
    before_timeout = before.timed_out_until
                     ^^^^^^^^^^^^^^^^^^^^^^
AttributeError: 'Member' object has no attribute 'timed_out_until'
Ignoring exception in on_member_update
Traceback (most recent call last):
  File "/usr/local/lib/python3.12/site-packages/discord/client.py", line 465, in _run_event
    await coro(*args, **kwargs)
  File "/app/asu_discord/cogs/analytics.py", line 652, in on_member_update
    before_timeout = before.timed_out_until
                     ^^^^^^^^^^^^^^^^^^^^^^
AttributeError: 'Member' object has no attribute 'timed_out_until'
INFO:asu_discord.cogs.verification:Saved 5 roles to database for user gbunz@asu.edu (Discord ID: 1320988399632519229)
INFO:asu_discord.cogs.verification:Refreshed Salesforce roles for Discord user 1320988399632519229: -5/+5 roles, assigned=[Arizona Resident, Commited, First Year, Tempe, W.P. Carey School of Business]
Ignoring exception in on_member_update
Traceback (most recent call last):
  File "/usr/local/lib/python3.12/site-packages/discord/client.py", line 465, in _run_event
    await coro(*args, **kwargs)
  File "/app/asu_discord/cogs/analytics.py", line 652, in on_member_update
    before_timeout = before.timed_out_until
                     ^^^^^^^^^^^^^^^^^^^^^^
AttributeError: 'Member' object has no attribute 'timed_out_until'
Ignoring exception in on_member_update
Traceback (most recent call last):
  File "/usr/local/lib/python3.12/site-packages/discord/client.py", line 465, in _run_event
    await coro(*args, **kwargs)
  File "/app/asu_discord/cogs/analytics.py", line 652, in on_member_update
    before_timeout = before.timed_out_until
                     ^^^^^^^^^^^^^^^^^^^^^^
AttributeError: 'Member' object has no attribute 'timed_out_until'
Ignoring exception in on_member_update
Traceback (most recent call last):
  File "/usr/local/lib/python3.12/site-packages/discord/client.py", line 465, in _run_event
    await coro(*args, **kwargs)
  File "/app/asu_discord/cogs/analytics.py", line 652, in on_member_update
    before_timeout = before.timed_out_until
                     ^^^^^^^^^^^^^^^^^^^^^^
AttributeError: 'Member' object has no attribute 'timed_out_until'
Ignoring exception in on_member_update
Traceback (most recent call last):
  File "/usr/local/lib/python3.12/site-packages/discord/client.py", line 465, in _run_event
    await coro(*args, **kwargs)
  File "/app/asu_discord/cogs/analytics.py", line 652, in on_member_update
    before_timeout = before.timed_out_until
                     ^^^^^^^^^^^^^^^^^^^^^^
AttributeError: 'Member' object has no attribute 'timed_out_until'
Ignoring exception in on_member_update
Traceback (most recent call last):
  File "/usr/local/lib/python3.12/site-packages/discord/client.py", line 465, in _run_event
    await coro(*args, **kwargs)
  File "/app/asu_discord/cogs/analytics.py", line 652, in on_member_update
    before_timeout = before.timed_out_until
                     ^^^^^^^^^^^^^^^^^^^^^^
AttributeError: 'Member' object has no attribute 'timed_out_until'
Ignoring exception in on_member_update
Traceback (most recent call last):
  File "/usr/local/lib/python3.12/site-packages/discord/client.py", line 465, in _run_event
    await coro(*args, **kwargs)
  File "/app/asu_discord/cogs/analytics.py", line 652, in on_member_update
    before_timeout = before.timed_out_until
                     ^^^^^^^^^^^^^^^^^^^^^^
AttributeError: 'Member' object has no attribute 'timed_out_until'
Ignoring exception in on_member_update
Traceback (most recent call last):
  File "/usr/local/lib/python3.12/site-packages/discord/client.py", line 465, in _run_event
    await coro(*args, **kwargs)
  File "/app/asu_discord/cogs/analytics.py", line 652, in on_member_update
    before_timeout = before.timed_out_until
                     ^^^^^^^^^^^^^^^^^^^^^^
AttributeError: 'Member' object has no attribute 'timed_out_until'
Ignoring exception in on_member_update
Traceback (most recent call last):
  File "/usr/local/lib/python3.12/site-packages/discord/client.py", line 465, in _run_event
    await coro(*args, **kwargs)
  File "/app/asu_discord/cogs/analytics.py", line 652, in on_member_update
    before_timeout = before.timed_out_until
                     ^^^^^^^^^^^^^^^^^^^^^^
AttributeError: 'Member' object has no attribute 'timed_out_until'
Ignoring exception in on_member_update
Traceback (most recent call last):
  File "/usr/local/lib/python3.12/site-packages/discord/client.py", line 465, in _run_event
    await coro(*args, **kwargs)
  File "/app/asu_discord/cogs/analytics.py", line 652, in on_member_update
    before_timeout = before.timed_out_until
                     ^^^^^^^^^^^^^^^^^^^^^^
AttributeError: 'Member' object has no attribute 'timed_out_until'
Ignoring exception in on_member_update
Traceback (most recent call last):
  File "/usr/local/lib/python3.12/site-packages/discord/client.py", line 465, in _run_event
    await coro(*args, **kwargs)
  File "/app/asu_discord/cogs/analytics.py", line 652, in on_member_update
    before_timeout = before.timed_out_until
                     ^^^^^^^^^^^^^^^^^^^^^^
AttributeError: 'Member' object has no attribute 'timed_out_until'
Ignoring exception in on_member_update
Traceback (most recent call last):
  File "/usr/local/lib/python3.12/site-packages/discord/client.py", line 465, in _run_event
    await coro(*args, **kwargs)
  File "/app/asu_discord/cogs/analytics.py", line 652, in on_member_update
    before_timeout = before.timed_out_until
                     ^^^^^^^^^^^^^^^^^^^^^^
AttributeError: 'Member' object has no attribute 'timed_out_until'
INFO:asu_discord.cogs.verification:Saved 5 roles to database for user elliotta@asu.edu (Discord ID: 616367868866723844)
INFO:asu_discord.cogs.verification:Refreshed Salesforce roles for Discord user 616367868866723844: -5/+5 roles, assigned=[Arizona Resident, First Year, Ira A. Fulton Schools of Engineering, Tempe, Upperclassmen]
Ignoring exception in on_member_update
Traceback (most recent call last):
  File "/usr/local/lib/python3.12/site-packages/discord/client.py", line 465, in _run_event
    await coro(*args, **kwargs)
  File "/app/asu_discord/cogs/analytics.py", line 652, in on_member_update
    before_timeout = before.timed_out_until
                     ^^^^^^^^^^^^^^^^^^^^^^
AttributeError: 'Member' object has no attribute 'timed_out_until'
Ignoring exception in on_member_update
Traceback (most recent call last):
  File "/usr/local/lib/python3.12/site-packages/discord/client.py", line 465, in _run_event
    await coro(*args, **kwargs)
  File "/app/asu_discord/cogs/analytics.py", line 652, in on_member_update
    before_timeout = before.timed_out_until
                     ^^^^^^^^^^^^^^^^^^^^^^
AttributeError: 'Member' object has no attribute 'timed_out_until'
Ignoring exception in on_member_update
Traceback (most recent call last):
  File "/usr/local/lib/python3.12/site-packages/discord/client.py", line 465, in _run_event
    await coro(*args, **kwargs)
  File "/app/asu_discord/cogs/analytics.py", line 652, in on_member_update
    before_timeout = before.timed_out_until
                     ^^^^^^^^^^^^^^^^^^^^^^
AttributeError: 'Member' object has no attribute 'timed_out_until'
Ignoring exception in on_member_update
Traceback (most recent call last):
  File "/usr/local/lib/python3.12/site-packages/discord/client.py", line 465, in _run_event
    await coro(*args, **kwargs)
  File "/app/asu_discord/cogs/analytics.py", line 652, in on_member_update
    before_timeout = before.timed_out_until
                     ^^^^^^^^^^^^^^^^^^^^^^
AttributeError: 'Member' object has no attribute 'timed_out_until'
Ignoring exception in on_member_update
Traceback (most recent call last):
  File "/usr/local/lib/python3.12/site-packages/discord/client.py", line 465, in _run_event
    await coro(*args, **kwargs)
  File "/app/asu_discord/cogs/analytics.py", line 652, in on_member_update
    before_timeout = before.timed_out_until
                     ^^^^^^^^^^^^^^^^^^^^^^
AttributeError: 'Member' object has no attribute 'timed_out_until'
Ignoring exception in on_member_update
Traceback (most recent call last):
  File "/usr/local/lib/python3.12/site-packages/discord/client.py", line 465, in _run_event
    await coro(*args, **kwargs)
  File "/app/asu_discord/cogs/analytics.py", line 652, in on_member_update
    before_timeout = before.timed_out_until
                     ^^^^^^^^^^^^^^^^^^^^^^
AttributeError: 'Member' object has no attribute 'timed_out_until'
Ignoring exception in on_member_update
Traceback (most recent call last):
  File "/usr/local/lib/python3.12/site-packages/discord/client.py", line 465, in _run_event
    await coro(*args, **kwargs)
  File "/app/asu_discord/cogs/analytics.py", line 652, in on_member_update
    before_timeout = before.timed_out_until
                     ^^^^^^^^^^^^^^^^^^^^^^
AttributeError: 'Member' object has no attribute 'timed_out_until'
Ignoring exception in on_member_update
Traceback (most recent call last):
  File "/usr/local/lib/python3.12/site-packages/discord/client.py", line 465, in _run_event
    await coro(*args, **kwargs)
  File "/app/asu_discord/cogs/analytics.py", line 652, in on_member_update
    before_timeout = before.timed_out_until
                     ^^^^^^^^^^^^^^^^^^^^^^
AttributeError: 'Member' object has no attribute 'timed_out_until'
Ignoring exception in on_member_update
Traceback (most recent call last):
  File "/usr/local/lib/python3.12/site-packages/discord/client.py", line 465, in _run_event
    await coro(*args, **kwargs)
  File "/app/asu_discord/cogs/analytics.py", line 652, in on_member_update
    before_timeout = before.timed_out_until
                     ^^^^^^^^^^^^^^^^^^^^^^
AttributeError: 'Member' object has no attribute 'timed_out_until'
INFO:asu_discord.cogs.verification:Saved 5 roles to database for user pmontan5@asu.edu (Discord ID: 763248758183952385)
INFO:asu_discord.cogs.verification:Refreshed Salesforce roles for Discord user 763248758183952385: -5/+4 roles, assigned=[Arizona Resident, Commited, First Year, Ira A. Fulton Schools of Engineering, Polytechnic]
Ignoring exception in on_member_update
Traceback (most recent call last):
  File "/usr/local/lib/python3.12/site-packages/discord/client.py", line 465, in _run_event
    await coro(*args, **kwargs)
  File "/app/asu_discord/cogs/analytics.py", line 652, in on_member_update
    before_timeout = before.timed_out_until
                     ^^^^^^^^^^^^^^^^^^^^^^
AttributeError: 'Member' object has no attribute 'timed_out_until'
Ignoring exception in on_member_update
Traceback (most recent call last):
  File "/usr/local/lib/python3.12/site-packages/discord/client.py", line 465, in _run_event
    await coro(*args, **kwargs)
  File "/app/asu_discord/cogs/analytics.py", line 652, in on_member_update
    before_timeout = before.timed_out_until
                     ^^^^^^^^^^^^^^^^^^^^^^
AttributeError: 'Member' object has no attribute 'timed_out_until'
Ignoring exception in on_member_update
Traceback (most recent call last):
  File "/usr/local/lib/python3.12/site-packages/discord/client.py", line 465, in _run_event
    await coro(*args, **kwargs)
  File "/app/asu_discord/cogs/analytics.py", line 652, in on_member_update
    before_timeout = before.timed_out_until
                     ^^^^^^^^^^^^^^^^^^^^^^
AttributeError: 'Member' object has no attribute 'timed_out_until'
Ignoring exception in on_member_update
Traceback (most recent call last):
  File "/usr/local/lib/python3.12/site-packages/discord/client.py", line 465, in _run_event
    await coro(*args, **kwargs)
  File "/app/asu_discord/cogs/analytics.py", line 652, in on_member_update
    before_timeout = before.timed_out_until
                     ^^^^^^^^^^^^^^^^^^^^^^
AttributeError: 'Member' object has no attribute 'timed_out_until'
Ignoring exception in on_member_update
Traceback (most recent call last):
  File "/usr/local/lib/python3.12/site-packages/discord/client.py", line 465, in _run_event
    await coro(*args, **kwargs)
  File "/app/asu_discord/cogs/analytics.py", line 652, in on_member_update
    before_timeout = before.timed_out_until
                     ^^^^^^^^^^^^^^^^^^^^^^
AttributeError: 'Member' object has no attribute 'timed_out_until'
Ignoring exception in on_member_update
Traceback (most recent call last):
  File "/usr/local/lib/python3.12/site-packages/discord/client.py", line 465, in _run_event
    await coro(*args, **kwargs)
  File "/app/asu_discord/cogs/analytics.py", line 652, in on_member_update
    before_timeout = before.timed_out_until
                     ^^^^^^^^^^^^^^^^^^^^^^
AttributeError: 'Member' object has no attribute 'timed_out_until'
Ignoring exception in on_member_update
Traceback (most recent call last):
  File "/usr/local/lib/python3.12/site-packages/discord/client.py", line 465, in _run_event
    await coro(*args, **kwargs)
  File "/app/asu_discord/cogs/analytics.py", line 652, in on_member_update
    before_timeout = before.timed_out_until
                     ^^^^^^^^^^^^^^^^^^^^^^
AttributeError: 'Member' object has no attribute 'timed_out_until'
Ignoring exception in on_member_update
Traceback (most recent call last):
  File "/usr/local/lib/python3.12/site-packages/discord/client.py", line 465, in _run_event
    await coro(*args, **kwargs)
  File "/app/asu_discord/cogs/analytics.py", line 652, in on_member_update
    before_timeout = before.timed_out_until
                     ^^^^^^^^^^^^^^^^^^^^^^
AttributeError: 'Member' object has no attribute 'timed_out_until'
INFO:asu_discord.cogs.verification:Saved 4 roles to database for user zjhyland@asu.edu (Discord ID: 775032935509393420)
INFO:asu_discord.cogs.verification:Refreshed Salesforce roles for Discord user 775032935509393420: -4/+4 roles, assigned=[First Year, Ira A. Fulton Schools of Engineering, Out of State, Tempe]
ERROR:cron.jobs:refresh_salesforce_roles: failed for mahayes7 (Discord ID 794061354058514452): Failed to refresh Salesforce-based roles: Discord user 794061354058514452 is not a member of the guild
Ignoring exception in on_member_update
Traceback (most recent call last):
  File "/usr/local/lib/python3.12/site-packages/discord/client.py", line 465, in _run_event
    await coro(*args, **kwargs)
  File "/app/asu_discord/cogs/analytics.py", line 652, in on_member_update
    before_timeout = before.timed_out_until
                     ^^^^^^^^^^^^^^^^^^^^^^
AttributeError: 'Member' object has no attribute 'timed_out_until'
Ignoring exception in on_member_update
Traceback (most recent call last):
  File "/usr/local/lib/python3.12/site-packages/discord/client.py", line 465, in _run_event
    await coro(*args, **kwargs)
  File "/app/asu_discord/cogs/analytics.py", line 652, in on_member_update
    before_timeout = before.timed_out_until
                     ^^^^^^^^^^^^^^^^^^^^^^
AttributeError: 'Member' object has no attribute 'timed_out_until'
Ignoring exception in on_member_update
Traceback (most recent call last):
  File "/usr/local/lib/python3.12/site-packages/discord/client.py", line 465, in _run_event
    await coro(*args, **kwargs)
  File "/app/asu_discord/cogs/analytics.py", line 652, in on_member_update
    before_timeout = before.timed_out_until
                     ^^^^^^^^^^^^^^^^^^^^^^
AttributeError: 'Member' object has no attribute 'timed_out_until'
Ignoring exception in on_member_update
Traceback (most recent call last):
  File "/usr/local/lib/python3.12/site-packages/discord/client.py", line 465, in _run_event
    await coro(*args, **kwargs)
  File "/app/asu_discord/cogs/analytics.py", line 652, in on_member_update
    before_timeout = before.timed_out_until
                     ^^^^^^^^^^^^^^^^^^^^^^
AttributeError: 'Member' object has no attribute 'timed_out_until'
Ignoring exception in on_member_update
Traceback (most recent call last):
  File "/usr/local/lib/python3.12/site-packages/discord/client.py", line 465, in _run_event
    await coro(*args, **kwargs)
  File "/app/asu_discord/cogs/analytics.py", line 652, in on_member_update
    before_timeout = before.timed_out_until
                     ^^^^^^^^^^^^^^^^^^^^^^
AttributeError: 'Member' object has no attribute 'timed_out_until'
Ignoring exception in on_member_update
Traceback (most recent call last):
  File "/usr/local/lib/python3.12/site-packages/discord/client.py", line 465, in _run_event
    await coro(*args, **kwargs)
  File "/app/asu_discord/cogs/analytics.py", line 652, in on_member_update
    before_timeout = before.timed_out_until
                     ^^^^^^^^^^^^^^^^^^^^^^
AttributeError: 'Member' object has no attribute 'timed_out_until'
Ignoring exception in on_member_update
Traceback (most recent call last):
  File "/usr/local/lib/python3.12/site-packages/discord/client.py", line 465, in _run_event
    await coro(*args, **kwargs)
  File "/app/asu_discord/cogs/analytics.py", line 652, in on_member_update
    before_timeout = before.timed_out_until
                     ^^^^^^^^^^^^^^^^^^^^^^
AttributeError: 'Member' object has no attribute 'timed_out_until'
Ignoring exception in on_member_update
Traceback (most recent call last):
  File "/usr/local/lib/python3.12/site-packages/discord/client.py", line 465, in _run_event
    await coro(*args, **kwargs)
  File "/app/asu_discord/cogs/analytics.py", line 652, in on_member_update
    before_timeout = before.timed_out_until
                     ^^^^^^^^^^^^^^^^^^^^^^
AttributeError: 'Member' object has no attribute 'timed_out_until'
Ignoring exception in on_member_update
Traceback (most recent call last):
  File "/usr/local/lib/python3.12/site-packages/discord/client.py", line 465, in _run_event
    await coro(*args, **kwargs)
  File "/app/asu_discord/cogs/analytics.py", line 652, in on_member_update
    before_timeout = before.timed_out_until
                     ^^^^^^^^^^^^^^^^^^^^^^
AttributeError: 'Member' object has no attribute 'timed_out_until'
Ignoring exception in on_member_update
Traceback (most recent call last):
  File "/usr/local/lib/python3.12/site-packages/discord/client.py", line 465, in _run_event
    await coro(*args, **kwargs)
  File "/app/asu_discord/cogs/analytics.py", line 652, in on_member_update
    before_timeout = before.timed_out_until
                     ^^^^^^^^^^^^^^^^^^^^^^
AttributeError: 'Member' object has no attribute 'timed_out_until'
INFO:asu_discord.cogs.verification:Saved 5 roles to database for user jmreyes8@asu.edu (Discord ID: 768323572598702090)
INFO:asu_discord.cogs.verification:Refreshed Salesforce roles for Discord user 768323572598702090: -5/+5 roles, assigned=[College of Integrative Sciences and Arts, Online, Out of State, Transfer Student, Upperclassmen]
Ignoring exception in on_member_update
Traceback (most recent call last):
  File "/usr/local/lib/python3.12/site-packages/discord/client.py", line 465, in _run_event
    await coro(*args, **kwargs)
  File "/app/asu_discord/cogs/analytics.py", line 652, in on_member_update
    before_timeout = before.timed_out_until
                     ^^^^^^^^^^^^^^^^^^^^^^
AttributeError: 'Member' object has no attribute 'timed_out_until'
Ignoring exception in on_member_update
Traceback (most recent call last):
  File "/usr/local/lib/python3.12/site-packages/discord/client.py", line 465, in _run_event
    await coro(*args, **kwargs)
  File "/app/asu_discord/cogs/analytics.py", line 652, in on_member_update
    before_timeout = before.timed_out_until
                     ^^^^^^^^^^^^^^^^^^^^^^
AttributeError: 'Member' object has no attribute 'timed_out_until'
Ignoring exception in on_member_update
Traceback (most recent call last):
  File "/usr/local/lib/python3.12/site-packages/discord/client.py", line 465, in _run_event
    await coro(*args, **kwargs)
  File "/app/asu_discord/cogs/analytics.py", line 652, in on_member_update
    before_timeout = before.timed_out_until
                     ^^^^^^^^^^^^^^^^^^^^^^
AttributeError: 'Member' object has no attribute 'timed_out_until'
Ignoring exception in on_member_update
Traceback (most recent call last):
  File "/usr/local/lib/python3.12/site-packages/discord/client.py", line 465, in _run_event
    await coro(*args, **kwargs)
  File "/app/asu_discord/cogs/analytics.py", line 652, in on_member_update
    before_timeout = before.timed_out_until
                     ^^^^^^^^^^^^^^^^^^^^^^
AttributeError: 'Member' object has no attribute 'timed_out_until'
Ignoring exception in on_member_update
Traceback (most recent call last):
  File "/usr/local/lib/python3.12/site-packages/discord/client.py", line 465, in _run_event
    await coro(*args, **kwargs)
  File "/app/asu_discord/cogs/analytics.py", line 652, in on_member_update
    before_timeout = before.timed_out_until
                     ^^^^^^^^^^^^^^^^^^^^^^
AttributeError: 'Member' object has no attribute 'timed_out_until'
Ignoring exception in on_member_update
Traceback (most recent call last):
  File "/usr/local/lib/python3.12/site-packages/discord/client.py", line 465, in _run_event
    await coro(*args, **kwargs)
  File "/app/asu_discord/cogs/analytics.py", line 652, in on_member_update
    before_timeout = before.timed_out_until
                     ^^^^^^^^^^^^^^^^^^^^^^
AttributeError: 'Member' object has no attribute 'timed_out_until'
Ignoring exception in on_member_update
Traceback (most recent call last):
  File "/usr/local/lib/python3.12/site-packages/discord/client.py", line 465, in _run_event
    await coro(*args, **kwargs)
  File "/app/asu_discord/cogs/analytics.py", line 652, in on_member_update
    before_timeout = before.timed_out_until
                     ^^^^^^^^^^^^^^^^^^^^^^
AttributeError: 'Member' object has no attribute 'timed_out_until'
Ignoring exception in on_member_update
Traceback (most recent call last):
  File "/usr/local/lib/python3.12/site-packages/discord/client.py", line 465, in _run_event
    await coro(*args, **kwargs)
  File "/app/asu_discord/cogs/analytics.py", line 652, in on_member_update
    before_timeout = before.timed_out_until
                     ^^^^^^^^^^^^^^^^^^^^^^
AttributeError: 'Member' object has no attribute 'timed_out_until'
Ignoring exception in on_member_update
Traceback (most recent call last):
  File "/usr/local/lib/python3.12/site-packages/discord/client.py", line 465, in _run_event
    await coro(*args, **kwargs)
  File "/app/asu_discord/cogs/analytics.py", line 652, in on_member_update
    before_timeout = before.timed_out_until
                     ^^^^^^^^^^^^^^^^^^^^^^
AttributeError: 'Member' object has no attribute 'timed_out_until'
Ignoring exception in on_member_update
Traceback (most recent call last):
  File "/usr/local/lib/python3.12/site-packages/discord/client.py", line 465, in _run_event
    await coro(*args, **kwargs)
  File "/app/asu_discord/cogs/analytics.py", line 652, in on_member_update
    before_timeout = before.timed_out_until
                     ^^^^^^^^^^^^^^^^^^^^^^
AttributeError: 'Member' object has no attribute 'timed_out_until'
Ignoring exception in on_member_update
Traceback (most recent call last):
  File "/usr/local/lib/python3.12/site-packages/discord/client.py", line 465, in _run_event
    await coro(*args, **kwargs)
  File "/app/asu_discord/cogs/analytics.py", line 652, in on_member_update
    before_timeout = before.timed_out_until
                     ^^^^^^^^^^^^^^^^^^^^^^
AttributeError: 'Member' object has no attribute 'timed_out_until'
Ignoring exception in on_member_update
Traceback (most recent call last):
  File "/usr/local/lib/python3.12/site-packages/discord/client.py", line 465, in _run_event
    await coro(*args, **kwargs)
  File "/app/asu_discord/cogs/analytics.py", line 652, in on_member_update
    before_timeout = before.timed_out_until
                     ^^^^^^^^^^^^^^^^^^^^^^
AttributeError: 'Member' object has no attribute 'timed_out_until'
INFO:asu_discord.cogs.verification:Saved 6 roles to database for user rdherd@asu.edu (Discord ID: 824368044398346280)
INFO:asu_discord.cogs.verification:Refreshed Salesforce roles for Discord user 824368044398346280: -6/+6 roles, assigned=[Arizona Resident, Commited, Downtown Phoenix, First Year, Upperclassmen, Watts College of Public Service and Community Solutions]
Ignoring exception in on_member_update
Traceback (most recent call last):
  File "/usr/local/lib/python3.12/site-packages/discord/client.py", line 465, in _run_event
    await coro(*args, **kwargs)
  File "/app/asu_discord/cogs/analytics.py", line 652, in on_member_update
    before_timeout = before.timed_out_until
                     ^^^^^^^^^^^^^^^^^^^^^^
AttributeError: 'Member' object has no attribute 'timed_out_until'
Ignoring exception in on_member_update
Traceback (most recent call last):
  File "/usr/local/lib/python3.12/site-packages/discord/client.py", line 465, in _run_event
    await coro(*args, **kwargs)
  File "/app/asu_discord/cogs/analytics.py", line 652, in on_member_update
    before_timeout = before.timed_out_until
                     ^^^^^^^^^^^^^^^^^^^^^^
AttributeError: 'Member' object has no attribute 'timed_out_until'
Ignoring exception in on_member_update
Traceback (most recent call last):
  File "/usr/local/lib/python3.12/site-packages/discord/client.py", line 465, in _run_event
    await coro(*args, **kwargs)
  File "/app/asu_discord/cogs/analytics.py", line 652, in on_member_update
    before_timeout = before.timed_out_until
                     ^^^^^^^^^^^^^^^^^^^^^^
AttributeError: 'Member' object has no attribute 'timed_out_until'
Ignoring exception in on_member_update
Traceback (most recent call last):
  File "/usr/local/lib/python3.12/site-packages/discord/client.py", line 465, in _run_event
    await coro(*args, **kwargs)
  File "/app/asu_discord/cogs/analytics.py", line 652, in on_member_update
    before_timeout = before.timed_out_until
                     ^^^^^^^^^^^^^^^^^^^^^^
AttributeError: 'Member' object has no attribute 'timed_out_until'
Ignoring exception in on_member_update
Traceback (most recent call last):
  File "/usr/local/lib/python3.12/site-packages/discord/client.py", line 465, in _run_event
    await coro(*args, **kwargs)
  File "/app/asu_discord/cogs/analytics.py", line 652, in on_member_update
    before_timeout = before.timed_out_until
                     ^^^^^^^^^^^^^^^^^^^^^^
AttributeError: 'Member' object has no attribute 'timed_out_until'
Ignoring exception in on_member_update
Traceback (most recent call last):
  File "/usr/local/lib/python3.12/site-packages/discord/client.py", line 465, in _run_event
    await coro(*args, **kwargs)
  File "/app/asu_discord/cogs/analytics.py", line 652, in on_member_update
    before_timeout = before.timed_out_until
                     ^^^^^^^^^^^^^^^^^^^^^^
AttributeError: 'Member' object has no attribute 'timed_out_until'
Ignoring exception in on_member_update
Traceback (most recent call last):
  File "/usr/local/lib/python3.12/site-packages/discord/client.py", line 465, in _run_event
    await coro(*args, **kwargs)
  File "/app/asu_discord/cogs/analytics.py", line 652, in on_member_update
    before_timeout = before.timed_out_until
                     ^^^^^^^^^^^^^^^^^^^^^^
AttributeError: 'Member' object has no attribute 'timed_out_until'
Ignoring exception in on_member_update
Traceback (most recent call last):
  File "/usr/local/lib/python3.12/site-packages/discord/client.py", line 465, in _run_event
    await coro(*args, **kwargs)
  File "/app/asu_discord/cogs/analytics.py", line 652, in on_member_update
    before_timeout = before.timed_out_until
                     ^^^^^^^^^^^^^^^^^^^^^^
AttributeError: 'Member' object has no attribute 'timed_out_until'
Ignoring exception in on_member_update
Traceback (most recent call last):
  File "/usr/local/lib/python3.12/site-packages/discord/client.py", line 465, in _run_event
    await coro(*args, **kwargs)
  File "/app/asu_discord/cogs/analytics.py", line 652, in on_member_update
    before_timeout = before.timed_out_until
                     ^^^^^^^^^^^^^^^^^^^^^^
AttributeError: 'Member' object has no attribute 'timed_out_until'
Ignoring exception in on_member_update
Traceback (most recent call last):
  File "/usr/local/lib/python3.12/site-packages/discord/client.py", line 465, in _run_event
    await coro(*args, **kwargs)
  File "/app/asu_discord/cogs/analytics.py", line 652, in on_member_update
    before_timeout = before.timed_out_until
                     ^^^^^^^^^^^^^^^^^^^^^^
AttributeError: 'Member' object has no attribute 'timed_out_until'
Ignoring exception in on_member_update
Traceback (most recent call last):
  File "/usr/local/lib/python3.12/site-packages/discord/client.py", line 465, in _run_event
    await coro(*args, **kwargs)
  File "/app/asu_discord/cogs/analytics.py", line 652, in on_member_update
    before_timeout = before.timed_out_until
                     ^^^^^^^^^^^^^^^^^^^^^^
AttributeError: 'Member' object has no attribute 'timed_out_until'
INFO:asu_discord.cogs.verification:Saved 6 roles to database for user cmvarga9@asu.edu (Discord ID: 1236144134713114677)
INFO:asu_discord.cogs.verification:Refreshed Salesforce roles for Discord user 1236144134713114677: -5/+6 roles, assigned=[Arizona Resident, Commited, First Year, New College of Interdisciplinary Arts and Sciences, Upperclassmen, West Valley]
Ignoring exception in on_member_update
Traceback (most recent call last):
  File "/usr/local/lib/python3.12/site-packages/discord/client.py", line 465, in _run_event
    await coro(*args, **kwargs)
  File "/app/asu_discord/cogs/analytics.py", line 652, in on_member_update
    before_timeout = before.timed_out_until
                     ^^^^^^^^^^^^^^^^^^^^^^
AttributeError: 'Member' object has no attribute 'timed_out_until'
Ignoring exception in on_member_update
Traceback (most recent call last):
  File "/usr/local/lib/python3.12/site-packages/discord/client.py", line 465, in _run_event
    await coro(*args, **kwargs)
  File "/app/asu_discord/cogs/analytics.py", line 652, in on_member_update
    before_timeout = before.timed_out_until
                     ^^^^^^^^^^^^^^^^^^^^^^
AttributeError: 'Member' object has no attribute 'timed_out_until'
INFO:asu_discord.cogs.verification:Saved 1 roles to database for user mflor218@asu.edu (Discord ID: 1440213165588746272)
INFO:asu_discord.cogs.verification:Refreshed Salesforce roles for Discord user 1440213165588746272: -1/+1 roles, assigned=[Out of State]
Ignoring exception in on_member_update
Traceback (most recent call last):
  File "/usr/local/lib/python3.12/site-packages/discord/client.py", line 465, in _run_event
    await coro(*args, **kwargs)
  File "/app/asu_discord/cogs/analytics.py", line 652, in on_member_update
    before_timeout = before.timed_out_until
                     ^^^^^^^^^^^^^^^^^^^^^^
AttributeError: 'Member' object has no attribute 'timed_out_until'
Ignoring exception in on_member_update
Traceback (most recent call last):
  File "/usr/local/lib/python3.12/site-packages/discord/client.py", line 465, in _run_event
    await coro(*args, **kwargs)
  File "/app/asu_discord/cogs/analytics.py", line 652, in on_member_update
    before_timeout = before.timed_out_until
                     ^^^^^^^^^^^^^^^^^^^^^^
AttributeError: 'Member' object has no attribute 'timed_out_until'
INFO:asu_discord.cogs.verification:Saved 1 roles to database for user rtravis5@asu.edu (Discord ID: 993131927542440036)
INFO:asu_discord.cogs.verification:Refreshed Salesforce roles for Discord user 993131927542440036: -1/+1 roles, assigned=[Arizona Resident]
Ignoring exception in on_member_update
Traceback (most recent call last):
  File "/usr/local/lib/python3.12/site-packages/discord/client.py", line 465, in _run_event
    await coro(*args, **kwargs)
  File "/app/asu_discord/cogs/analytics.py", line 652, in on_member_update
    before_timeout = before.timed_out_until
                     ^^^^^^^^^^^^^^^^^^^^^^
AttributeError: 'Member' object has no attribute 'timed_out_until'
Ignoring exception in on_member_update
Traceback (most recent call last):
  File "/usr/local/lib/python3.12/site-packages/discord/client.py", line 465, in _run_event
    await coro(*args, **kwargs)
  File "/app/asu_discord/cogs/analytics.py", line 652, in on_member_update
    before_timeout = before.timed_out_until
                     ^^^^^^^^^^^^^^^^^^^^^^
AttributeError: 'Member' object has no attribute 'timed_out_until'
Ignoring exception in on_member_update
Traceback (most recent call last):
  File "/usr/local/lib/python3.12/site-packages/discord/client.py", line 465, in _run_event
    await coro(*args, **kwargs)
  File "/app/asu_discord/cogs/analytics.py", line 652, in on_member_update
    before_timeout = before.timed_out_until
                     ^^^^^^^^^^^^^^^^^^^^^^
AttributeError: 'Member' object has no attribute 'timed_out_until'
Ignoring exception in on_member_update
Traceback (most recent call last):
  File "/usr/local/lib/python3.12/site-packages/discord/client.py", line 465, in _run_event
    await coro(*args, **kwargs)
  File "/app/asu_discord/cogs/analytics.py", line 652, in on_member_update
    before_timeout = before.timed_out_until
                     ^^^^^^^^^^^^^^^^^^^^^^
AttributeError: 'Member' object has no attribute 'timed_out_until'
Ignoring exception in on_member_update
Traceback (most recent call last):
  File "/usr/local/lib/python3.12/site-packages/discord/client.py", line 465, in _run_event
    await coro(*args, **kwargs)
  File "/app/asu_discord/cogs/analytics.py", line 652, in on_member_update
    before_timeout = before.timed_out_until
                     ^^^^^^^^^^^^^^^^^^^^^^
AttributeError: 'Member' object has no attribute 'timed_out_until'
Ignoring exception in on_member_update
Traceback (most recent call last):
  File "/usr/local/lib/python3.12/site-packages/discord/client.py", line 465, in _run_event
    await coro(*args, **kwargs)
  File "/app/asu_discord/cogs/analytics.py", line 652, in on_member_update
    before_timeout = before.timed_out_until
                     ^^^^^^^^^^^^^^^^^^^^^^
AttributeError: 'Member' object has no attribute 'timed_out_until'
Ignoring exception in on_member_update
Traceback (most recent call last):
  File "/usr/local/lib/python3.12/site-packages/discord/client.py", line 465, in _run_event
    await coro(*args, **kwargs)
  File "/app/asu_discord/cogs/analytics.py", line 652, in on_member_update
    before_timeout = before.timed_out_until
                     ^^^^^^^^^^^^^^^^^^^^^^
AttributeError: 'Member' object has no attribute 'timed_out_until'
Ignoring exception in on_member_update
Traceback (most recent call last):
  File "/usr/local/lib/python3.12/site-packages/discord/client.py", line 465, in _run_event
    await coro(*args, **kwargs)
  File "/app/asu_discord/cogs/analytics.py", line 652, in on_member_update
    before_timeout = before.timed_out_until
                     ^^^^^^^^^^^^^^^^^^^^^^
AttributeError: 'Member' object has no attribute 'timed_out_until'
Ignoring exception in on_member_update
Traceback (most recent call last):
  File "/usr/local/lib/python3.12/site-packages/discord/client.py", line 465, in _run_event
    await coro(*args, **kwargs)
  File "/app/asu_discord/cogs/analytics.py", line 652, in on_member_update
    before_timeout = before.timed_out_until
                     ^^^^^^^^^^^^^^^^^^^^^^
AttributeError: 'Member' object has no attribute 'timed_out_until'
Ignoring exception in on_member_update
Traceback (most recent call last):
  File "/usr/local/lib/python3.12/site-packages/discord/client.py", line 465, in _run_event
    await coro(*args, **kwargs)
  File "/app/asu_discord/cogs/analytics.py", line 652, in on_member_update
    before_timeout = before.timed_out_until
                     ^^^^^^^^^^^^^^^^^^^^^^
AttributeError: 'Member' object has no attribute 'timed_out_until'
INFO:asu_discord.cogs.verification:Saved 5 roles to database for user ajwisem1@asu.edu (Discord ID: 353208983131258880)
INFO:asu_discord.cogs.verification:Refreshed Salesforce roles for Discord user 353208983131258880: -5/+5 roles, assigned=[College of Liberal Arts and Sciences, Online, Out of State, Transfer Student, Upperclassmen]
ERROR:cron.jobs:refresh_salesforce_roles: failed for ecosta10 (Discord ID 237100853863907338): Failed to refresh Salesforce-based roles: Discord user 237100853863907338 is not a member of the guild
Ignoring exception in on_member_update
Traceback (most recent call last):
  File "/usr/local/lib/python3.12/site-packages/discord/client.py", line 465, in _run_event
    await coro(*args, **kwargs)
  File "/app/asu_discord/cogs/analytics.py", line 652, in on_member_update
    before_timeout = before.timed_out_until
                     ^^^^^^^^^^^^^^^^^^^^^^
AttributeError: 'Member' object has no attribute 'timed_out_until'
Ignoring exception in on_member_update
Traceback (most recent call last):
  File "/usr/local/lib/python3.12/site-packages/discord/client.py", line 465, in _run_event
    await coro(*args, **kwargs)
  File "/app/asu_discord/cogs/analytics.py", line 652, in on_member_update
    before_timeout = before.timed_out_until
                     ^^^^^^^^^^^^^^^^^^^^^^
AttributeError: 'Member' object has no attribute 'timed_out_until'
Ignoring exception in on_member_update
Traceback (most recent call last):
  File "/usr/local/lib/python3.12/site-packages/discord/client.py", line 465, in _run_event
    await coro(*args, **kwargs)
  File "/app/asu_discord/cogs/analytics.py", line 652, in on_member_update
    before_timeout = before.timed_out_until
                     ^^^^^^^^^^^^^^^^^^^^^^
AttributeError: 'Member' object has no attribute 'timed_out_until'
Ignoring exception in on_member_update
Traceback (most recent call last):
  File "/usr/local/lib/python3.12/site-packages/discord/client.py", line 465, in _run_event
    await coro(*args, **kwargs)
  File "/app/asu_discord/cogs/analytics.py", line 652, in on_member_update
    before_timeout = before.timed_out_until
                     ^^^^^^^^^^^^^^^^^^^^^^
AttributeError: 'Member' object has no attribute 'timed_out_until'
Ignoring exception in on_member_update
Traceback (most recent call last):
  File "/usr/local/lib/python3.12/site-packages/discord/client.py", line 465, in _run_event
    await coro(*args, **kwargs)
  File "/app/asu_discord/cogs/analytics.py", line 652, in on_member_update
    before_timeout = before.timed_out_until
                     ^^^^^^^^^^^^^^^^^^^^^^
AttributeError: 'Member' object has no attribute 'timed_out_until'
Ignoring exception in on_member_update
Traceback (most recent call last):
  File "/usr/local/lib/python3.12/site-packages/discord/client.py", line 465, in _run_event
    await coro(*args, **kwargs)
  File "/app/asu_discord/cogs/analytics.py", line 652, in on_member_update
    before_timeout = before.timed_out_until
                     ^^^^^^^^^^^^^^^^^^^^^^
AttributeError: 'Member' object has no attribute 'timed_out_until'
Ignoring exception in on_member_update
Traceback (most recent call last):
  File "/usr/local/lib/python3.12/site-packages/discord/client.py", line 465, in _run_event
    await coro(*args, **kwargs)
  File "/app/asu_discord/cogs/analytics.py", line 652, in on_member_update
    before_timeout = before.timed_out_until
                     ^^^^^^^^^^^^^^^^^^^^^^
AttributeError: 'Member' object has no attribute 'timed_out_until'
Ignoring exception in on_member_update
Traceback (most recent call last):
  File "/usr/local/lib/python3.12/site-packages/discord/client.py", line 465, in _run_event
    await coro(*args, **kwargs)
  File "/app/asu_discord/cogs/analytics.py", line 652, in on_member_update
    before_timeout = before.timed_out_until
                     ^^^^^^^^^^^^^^^^^^^^^^
AttributeError: 'Member' object has no attribute 'timed_out_until'
Ignoring exception in on_member_update
Traceback (most recent call last):
  File "/usr/local/lib/python3.12/site-packages/discord/client.py", line 465, in _run_event
    await coro(*args, **kwargs)
  File "/app/asu_discord/cogs/analytics.py", line 652, in on_member_update
    before_timeout = before.timed_out_until
                     ^^^^^^^^^^^^^^^^^^^^^^
AttributeError: 'Member' object has no attribute 'timed_out_until'
Ignoring exception in on_member_update
Traceback (most recent call last):
  File "/usr/local/lib/python3.12/site-packages/discord/client.py", line 465, in _run_event
    await coro(*args, **kwargs)
  File "/app/asu_discord/cogs/analytics.py", line 652, in on_member_update
    before_timeout = before.timed_out_until
                     ^^^^^^^^^^^^^^^^^^^^^^
AttributeError: 'Member' object has no attribute 'timed_out_until'
Ignoring exception in on_member_update
Traceback (most recent call last):
  File "/usr/local/lib/python3.12/site-packages/discord/client.py", line 465, in _run_event
    await coro(*args, **kwargs)
  File "/app/asu_discord/cogs/analytics.py", line 652, in on_member_update
    before_timeout = before.timed_out_until
                     ^^^^^^^^^^^^^^^^^^^^^^
AttributeError: 'Member' object has no attribute 'timed_out_until'
Ignoring exception in on_member_update
Traceback (most recent call last):
  File "/usr/local/lib/python3.12/site-packages/discord/client.py", line 465, in _run_event
    await coro(*args, **kwargs)
  File "/app/asu_discord/cogs/analytics.py", line 652, in on_member_update
    before_timeout = before.timed_out_until
                     ^^^^^^^^^^^^^^^^^^^^^^
AttributeError: 'Member' object has no attribute 'timed_out_until'
Ignoring exception in on_member_update
Traceback (most recent call last):
  File "/usr/local/lib/python3.12/site-packages/discord/client.py", line 465, in _run_event
    await coro(*args, **kwargs)
  File "/app/asu_discord/cogs/analytics.py", line 652, in on_member_update
    before_timeout = before.timed_out_until
                     ^^^^^^^^^^^^^^^^^^^^^^
AttributeError: 'Member' object has no attribute 'timed_out_until'
Ignoring exception in on_member_update
Traceback (most recent call last):
  File "/usr/local/lib/python3.12/site-packages/discord/client.py", line 465, in _run_event
    await coro(*args, **kwargs)
  File "/app/asu_discord/cogs/analytics.py", line 652, in on_member_update
    before_timeout = before.timed_out_until
                     ^^^^^^^^^^^^^^^^^^^^^^
AttributeError: 'Member' object has no attribute 'timed_out_until'
INFO:asu_discord.cogs.verification:Saved 7 roles to database for user bguzma20@asu.edu (Discord ID: 498392812878823424)
INFO:asu_discord.cogs.verification:Refreshed Salesforce roles for Discord user 498392812878823424: -7/+7 roles, assigned=[Arizona Resident, Commited, Downtown Phoenix, Edson College of Nursing and Health Innovation, First Generation Student, First Year, Upperclassmen]
ERROR:cron.jobs:refresh_salesforce_roles: failed for dkberko (Discord ID 989226297324613662): Failed to refresh Salesforce-based roles: Discord user 989226297324613662 is not a member of the guild
Ignoring exception in on_member_update
Traceback (most recent call last):
  File "/usr/local/lib/python3.12/site-packages/discord/client.py", line 465, in _run_event
    await coro(*args, **kwargs)
  File "/app/asu_discord/cogs/analytics.py", line 652, in on_member_update
    before_timeout = before.timed_out_until
                     ^^^^^^^^^^^^^^^^^^^^^^
AttributeError: 'Member' object has no attribute 'timed_out_until'
Ignoring exception in on_member_update
Traceback (most recent call last):
  File "/usr/local/lib/python3.12/site-packages/discord/client.py", line 465, in _run_event
    await coro(*args, **kwargs)
  File "/app/asu_discord/cogs/analytics.py", line 652, in on_member_update
    before_timeout = before.timed_out_until
                     ^^^^^^^^^^^^^^^^^^^^^^
AttributeError: 'Member' object has no attribute 'timed_out_until'
Ignoring exception in on_member_update
Traceback (most recent call last):
  File "/usr/local/lib/python3.12/site-packages/discord/client.py", line 465, in _run_event
    await coro(*args, **kwargs)
  File "/app/asu_discord/cogs/analytics.py", line 652, in on_member_update
    before_timeout = before.timed_out_until
                     ^^^^^^^^^^^^^^^^^^^^^^
AttributeError: 'Member' object has no attribute 'timed_out_until'
Ignoring exception in on_member_update
Traceback (most recent call last):
  File "/usr/local/lib/python3.12/site-packages/discord/client.py", line 465, in _run_event
    await coro(*args, **kwargs)
  File "/app/asu_discord/cogs/analytics.py", line 652, in on_member_update
    before_timeout = before.timed_out_until
                     ^^^^^^^^^^^^^^^^^^^^^^
AttributeError: 'Member' object has no attribute 'timed_out_until'
Ignoring exception in on_member_update
Traceback (most recent call last):
  File "/usr/local/lib/python3.12/site-packages/discord/client.py", line 465, in _run_event
    await coro(*args, **kwargs)
  File "/app/asu_discord/cogs/analytics.py", line 652, in on_member_update
    before_timeout = before.timed_out_until
                     ^^^^^^^^^^^^^^^^^^^^^^
AttributeError: 'Member' object has no attribute 'timed_out_until'
Ignoring exception in on_member_update
Traceback (most recent call last):
  File "/usr/local/lib/python3.12/site-packages/discord/client.py", line 465, in _run_event
    await coro(*args, **kwargs)
  File "/app/asu_discord/cogs/analytics.py", line 652, in on_member_update
    before_timeout = before.timed_out_until
                     ^^^^^^^^^^^^^^^^^^^^^^
AttributeError: 'Member' object has no attribute 'timed_out_until'
Ignoring exception in on_member_update
Traceback (most recent call last):
  File "/usr/local/lib/python3.12/site-packages/discord/client.py", line 465, in _run_event
    await coro(*args, **kwargs)
  File "/app/asu_discord/cogs/analytics.py", line 652, in on_member_update
    before_timeout = before.timed_out_until
                     ^^^^^^^^^^^^^^^^^^^^^^
AttributeError: 'Member' object has no attribute 'timed_out_until'
Ignoring exception in on_member_update
Traceback (most recent call last):
  File "/usr/local/lib/python3.12/site-packages/discord/client.py", line 465, in _run_event
    await coro(*args, **kwargs)
  File "/app/asu_discord/cogs/analytics.py", line 652, in on_member_update
    before_timeout = before.timed_out_until
                     ^^^^^^^^^^^^^^^^^^^^^^
AttributeError: 'Member' object has no attribute 'timed_out_until'
Ignoring exception in on_member_update
Traceback (most recent call last):
  File "/usr/local/lib/python3.12/site-packages/discord/client.py", line 465, in _run_event
    await coro(*args, **kwargs)
  File "/app/asu_discord/cogs/analytics.py", line 652, in on_member_update
    before_timeout = before.timed_out_until
                     ^^^^^^^^^^^^^^^^^^^^^^
AttributeError: 'Member' object has no attribute 'timed_out_until'
Ignoring exception in on_member_update
Traceback (most recent call last):
  File "/usr/local/lib/python3.12/site-packages/discord/client.py", line 465, in _run_event
    await coro(*args, **kwargs)
  File "/app/asu_discord/cogs/analytics.py", line 652, in on_member_update
    before_timeout = before.timed_out_until
                     ^^^^^^^^^^^^^^^^^^^^^^
AttributeError: 'Member' object has no attribute 'timed_out_until'
Ignoring exception in on_member_update
Traceback (most recent call last):
  File "/usr/local/lib/python3.12/site-packages/discord/client.py", line 465, in _run_event
    await coro(*args, **kwargs)
  File "/app/asu_discord/cogs/analytics.py", line 652, in on_member_update
    before_timeout = before.timed_out_until
                     ^^^^^^^^^^^^^^^^^^^^^^
AttributeError: 'Member' object has no attribute 'timed_out_until'
INFO:asu_discord.cogs.verification:Saved 7 roles to database for user irwanyam@asu.edu (Discord ID: 1440229176329109565)
INFO:asu_discord.cogs.verification:Refreshed Salesforce roles for Discord user 1440229176329109565: -5/+6 roles, assigned=[Arizona Resident, College of Liberal Arts and Sciences, Commited, First Generation Student, First Year, Tempe, Upperclassmen]
Ignoring exception in on_member_update
Traceback (most recent call last):
  File "/usr/local/lib/python3.12/site-packages/discord/client.py", line 465, in _run_event
    await coro(*args, **kwargs)
  File "/app/asu_discord/cogs/analytics.py", line 652, in on_member_update
    before_timeout = before.timed_out_until
                     ^^^^^^^^^^^^^^^^^^^^^^
AttributeError: 'Member' object has no attribute 'timed_out_until'
Ignoring exception in on_member_update
Traceback (most recent call last):
  File "/usr/local/lib/python3.12/site-packages/discord/client.py", line 465, in _run_event
    await coro(*args, **kwargs)
  File "/app/asu_discord/cogs/analytics.py", line 652, in on_member_update
    before_timeout = before.timed_out_until
                     ^^^^^^^^^^^^^^^^^^^^^^
AttributeError: 'Member' object has no attribute 'timed_out_until'
Ignoring exception in on_member_update
Traceback (most recent call last):
  File "/usr/local/lib/python3.12/site-packages/discord/client.py", line 465, in _run_event
    await coro(*args, **kwargs)
  File "/app/asu_discord/cogs/analytics.py", line 652, in on_member_update
    before_timeout = before.timed_out_until
                     ^^^^^^^^^^^^^^^^^^^^^^
AttributeError: 'Member' object has no attribute 'timed_out_until'
Ignoring exception in on_member_update
Traceback (most recent call last):
  File "/usr/local/lib/python3.12/site-packages/discord/client.py", line 465, in _run_event
    await coro(*args, **kwargs)
  File "/app/asu_discord/cogs/analytics.py", line 652, in on_member_update
    before_timeout = before.timed_out_until
                     ^^^^^^^^^^^^^^^^^^^^^^
AttributeError: 'Member' object has no attribute 'timed_out_until'
Ignoring exception in on_member_update
Traceback (most recent call last):
  File "/usr/local/lib/python3.12/site-packages/discord/client.py", line 465, in _run_event
    await coro(*args, **kwargs)
  File "/app/asu_discord/cogs/analytics.py", line 652, in on_member_update
    before_timeout = before.timed_out_until
                     ^^^^^^^^^^^^^^^^^^^^^^
AttributeError: 'Member' object has no attribute 'timed_out_until'
Ignoring exception in on_member_update
Traceback (most recent call last):
  File "/usr/local/lib/python3.12/site-packages/discord/client.py", line 465, in _run_event
    await coro(*args, **kwargs)
  File "/app/asu_discord/cogs/analytics.py", line 652, in on_member_update
    before_timeout = before.timed_out_until
                     ^^^^^^^^^^^^^^^^^^^^^^
AttributeError: 'Member' object has no attribute 'timed_out_until'
Ignoring exception in on_member_update
Traceback (most recent call last):
  File "/usr/local/lib/python3.12/site-packages/discord/client.py", line 465, in _run_event
    await coro(*args, **kwargs)
  File "/app/asu_discord/cogs/analytics.py", line 652, in on_member_update
    before_timeout = before.timed_out_until
                     ^^^^^^^^^^^^^^^^^^^^^^
AttributeError: 'Member' object has no attribute 'timed_out_until'
Ignoring exception in on_member_update
Traceback (most recent call last):
  File "/usr/local/lib/python3.12/site-packages/discord/client.py", line 465, in _run_event
    await coro(*args, **kwargs)
  File "/app/asu_discord/cogs/analytics.py", line 652, in on_member_update
    before_timeout = before.timed_out_until
                     ^^^^^^^^^^^^^^^^^^^^^^
AttributeError: 'Member' object has no attribute 'timed_out_until'
Ignoring exception in on_member_update
Traceback (most recent call last):
  File "/usr/local/lib/python3.12/site-packages/discord/client.py", line 465, in _run_event
    await coro(*args, **kwargs)
  File "/app/asu_discord/cogs/analytics.py", line 652, in on_member_update
    before_timeout = before.timed_out_until
                     ^^^^^^^^^^^^^^^^^^^^^^
AttributeError: 'Member' object has no attribute 'timed_out_until'
INFO:asu_discord.cogs.verification:Saved 5 roles to database for user arodr550@asu.edu (Discord ID: 1359749230876561408)
INFO:asu_discord.cogs.verification:Refreshed Salesforce roles for Discord user 1359749230876561408: -5/+5 roles, assigned=[Ira A. Fulton Schools of Engineering, Online, Out of State, Transfer Student, Upperclassmen]
Ignoring exception in on_member_update
Traceback (most recent call last):
  File "/usr/local/lib/python3.12/site-packages/discord/client.py", line 465, in _run_event
    await coro(*args, **kwargs)
  File "/app/asu_discord/cogs/analytics.py", line 652, in on_member_update
    before_timeout = before.timed_out_until
                     ^^^^^^^^^^^^^^^^^^^^^^
AttributeError: 'Member' object has no attribute 'timed_out_until'
ERROR:cron.jobs:refresh_salesforce_roles: failed for yelimkim (Discord ID 382134073952567296): Failed to refresh Salesforce-based roles: Discord user 382134073952567296 is not a member of the guild
ERROR:cron.jobs:refresh_salesforce_roles: failed for rferegri (Discord ID 1299451702742876220): Failed to refresh Salesforce-based roles: Discord user 1299451702742876220 is not a member of the guild
Ignoring exception in on_member_update
Traceback (most recent call last):
  File "/usr/local/lib/python3.12/site-packages/discord/client.py", line 465, in _run_event
    await coro(*args, **kwargs)
  File "/app/asu_discord/cogs/analytics.py", line 652, in on_member_update
    before_timeout = before.timed_out_until
                     ^^^^^^^^^^^^^^^^^^^^^^
AttributeError: 'Member' object has no attribute 'timed_out_until'
Ignoring exception in on_member_update
Traceback (most recent call last):
  File "/usr/local/lib/python3.12/site-packages/discord/client.py", line 465, in _run_event
    await coro(*args, **kwargs)
  File "/app/asu_discord/cogs/analytics.py", line 652, in on_member_update
    before_timeout = before.timed_out_until
                     ^^^^^^^^^^^^^^^^^^^^^^
AttributeError: 'Member' object has no attribute 'timed_out_until'
Ignoring exception in on_member_update
Traceback (most recent call last):
  File "/usr/local/lib/python3.12/site-packages/discord/client.py", line 465, in _run_event
    await coro(*args, **kwargs)
  File "/app/asu_discord/cogs/analytics.py", line 652, in on_member_update
    before_timeout = before.timed_out_until
                     ^^^^^^^^^^^^^^^^^^^^^^
AttributeError: 'Member' object has no attribute 'timed_out_until'
Ignoring exception in on_member_update
Traceback (most recent call last):
  File "/usr/local/lib/python3.12/site-packages/discord/client.py", line 465, in _run_event
    await coro(*args, **kwargs)
  File "/app/asu_discord/cogs/analytics.py", line 652, in on_member_update
    before_timeout = before.timed_out_until
                     ^^^^^^^^^^^^^^^^^^^^^^
AttributeError: 'Member' object has no attribute 'timed_out_until'
Ignoring exception in on_member_update
Traceback (most recent call last):
  File "/usr/local/lib/python3.12/site-packages/discord/client.py", line 465, in _run_event
    await coro(*args, **kwargs)
  File "/app/asu_discord/cogs/analytics.py", line 652, in on_member_update
    before_timeout = before.timed_out_until
                     ^^^^^^^^^^^^^^^^^^^^^^
AttributeError: 'Member' object has no attribute 'timed_out_until'
Ignoring exception in on_member_update
Traceback (most recent call last):
  File "/usr/local/lib/python3.12/site-packages/discord/client.py", line 465, in _run_event
    await coro(*args, **kwargs)
  File "/app/asu_discord/cogs/analytics.py", line 652, in on_member_update
    before_timeout = before.timed_out_until
                     ^^^^^^^^^^^^^^^^^^^^^^
AttributeError: 'Member' object has no attribute 'timed_out_until'
Ignoring exception in on_member_update
Traceback (most recent call last):
  File "/usr/local/lib/python3.12/site-packages/discord/client.py", line 465, in _run_event
    await coro(*args, **kwargs)
  File "/app/asu_discord/cogs/analytics.py", line 652, in on_member_update
    before_timeout = before.timed_out_until
                     ^^^^^^^^^^^^^^^^^^^^^^
AttributeError: 'Member' object has no attribute 'timed_out_until'
Ignoring exception in on_member_update
Traceback (most recent call last):
  File "/usr/local/lib/python3.12/site-packages/discord/client.py", line 465, in _run_event
    await coro(*args, **kwargs)
  File "/app/asu_discord/cogs/analytics.py", line 652, in on_member_update
    before_timeout = before.timed_out_until
                     ^^^^^^^^^^^^^^^^^^^^^^
AttributeError: 'Member' object has no attribute 'timed_out_until'
INFO:asu_discord.cogs.verification:Saved 4 roles to database for user nalbonia@asu.edu (Discord ID: 753989891284533390)
INFO:asu_discord.cogs.verification:Refreshed Salesforce roles for Discord user 753989891284533390: -4/+4 roles, assigned=[First Year, International Student, Ira A. Fulton Schools of Engineering, Polytechnic]
Ignoring exception in on_member_update
Traceback (most recent call last):
  File "/usr/local/lib/python3.12/site-packages/discord/client.py", line 465, in _run_event
    await coro(*args, **kwargs)
  File "/app/asu_discord/cogs/analytics.py", line 652, in on_member_update
    before_timeout = before.timed_out_until
                     ^^^^^^^^^^^^^^^^^^^^^^
AttributeError: 'Member' object has no attribute 'timed_out_until'
Ignoring exception in on_member_update
Traceback (most recent call last):
  File "/usr/local/lib/python3.12/site-packages/discord/client.py", line 465, in _run_event
    await coro(*args, **kwargs)
  File "/app/asu_discord/cogs/analytics.py", line 652, in on_member_update
    before_timeout = before.timed_out_until
                     ^^^^^^^^^^^^^^^^^^^^^^
AttributeError: 'Member' object has no attribute 'timed_out_until'
Ignoring exception in on_member_update
Traceback (most recent call last):
  File "/usr/local/lib/python3.12/site-packages/discord/client.py", line 465, in _run_event
    await coro(*args, **kwargs)
  File "/app/asu_discord/cogs/analytics.py", line 652, in on_member_update
    before_timeout = before.timed_out_until
                     ^^^^^^^^^^^^^^^^^^^^^^
AttributeError: 'Member' object has no attribute 'timed_out_until'
Ignoring exception in on_member_update
Traceback (most recent call last):
  File "/usr/local/lib/python3.12/site-packages/discord/client.py", line 465, in _run_event
    await coro(*args, **kwargs)
  File "/app/asu_discord/cogs/analytics.py", line 652, in on_member_update
    before_timeout = before.timed_out_until
                     ^^^^^^^^^^^^^^^^^^^^^^
AttributeError: 'Member' object has no attribute 'timed_out_until'
Ignoring exception in on_member_update
Traceback (most recent call last):
  File "/usr/local/lib/python3.12/site-packages/discord/client.py", line 465, in _run_event
    await coro(*args, **kwargs)
  File "/app/asu_discord/cogs/analytics.py", line 652, in on_member_update
    before_timeout = before.timed_out_until
                     ^^^^^^^^^^^^^^^^^^^^^^
AttributeError: 'Member' object has no attribute 'timed_out_until'
Ignoring exception in on_member_update
Traceback (most recent call last):
  File "/usr/local/lib/python3.12/site-packages/discord/client.py", line 465, in _run_event
    await coro(*args, **kwargs)
  File "/app/asu_discord/cogs/analytics.py", line 652, in on_member_update
    before_timeout = before.timed_out_until
                     ^^^^^^^^^^^^^^^^^^^^^^
AttributeError: 'Member' object has no attribute 'timed_out_until'
Ignoring exception in on_member_update
Traceback (most recent call last):
  File "/usr/local/lib/python3.12/site-packages/discord/client.py", line 465, in _run_event
    await coro(*args, **kwargs)
  File "/app/asu_discord/cogs/analytics.py", line 652, in on_member_update
    before_timeout = before.timed_out_until
                     ^^^^^^^^^^^^^^^^^^^^^^
AttributeError: 'Member' object has no attribute 'timed_out_until'
Ignoring exception in on_member_update
Traceback (most recent call last):
  File "/usr/local/lib/python3.12/site-packages/discord/client.py", line 465, in _run_event
    await coro(*args, **kwargs)
  File "/app/asu_discord/cogs/analytics.py", line 652, in on_member_update
    before_timeout = before.timed_out_until
                     ^^^^^^^^^^^^^^^^^^^^^^
AttributeError: 'Member' object has no attribute 'timed_out_until'
Ignoring exception in on_member_update
Traceback (most recent call last):
  File "/usr/local/lib/python3.12/site-packages/discord/client.py", line 465, in _run_event
    await coro(*args, **kwargs)
  File "/app/asu_discord/cogs/analytics.py", line 652, in on_member_update
    before_timeout = before.timed_out_until
                     ^^^^^^^^^^^^^^^^^^^^^^
AttributeError: 'Member' object has no attribute 'timed_out_until'
Ignoring exception in on_member_update
Traceback (most recent call last):
  File "/usr/local/lib/python3.12/site-packages/discord/client.py", line 465, in _run_event
    await coro(*args, **kwargs)
  File "/app/asu_discord/cogs/analytics.py", line 652, in on_member_update
    before_timeout = before.timed_out_until
                     ^^^^^^^^^^^^^^^^^^^^^^
AttributeError: 'Member' object has no attribute 'timed_out_until'
INFO:asu_discord.cogs.verification:Saved 5 roles to database for user rhong125@asu.edu (Discord ID: 674109304705646633)
INFO:asu_discord.cogs.verification:Refreshed Salesforce roles for Discord user 674109304705646633: -5/+5 roles, assigned=[Commited, First Year, Ira A. Fulton Schools of Engineering, Out of State, Polytechnic]
Ignoring exception in on_member_update
Traceback (most recent call last):
  File "/usr/local/lib/python3.12/site-packages/discord/client.py", line 465, in _run_event
    await coro(*args, **kwargs)
  File "/app/asu_discord/cogs/analytics.py", line 652, in on_member_update
    before_timeout = before.timed_out_until
                     ^^^^^^^^^^^^^^^^^^^^^^
AttributeError: 'Member' object has no attribute 'timed_out_until'
Ignoring exception in on_member_update
Traceback (most recent call last):
  File "/usr/local/lib/python3.12/site-packages/discord/client.py", line 465, in _run_event
    await coro(*args, **kwargs)
  File "/app/asu_discord/cogs/analytics.py", line 652, in on_member_update
    before_timeout = before.timed_out_until
                     ^^^^^^^^^^^^^^^^^^^^^^
AttributeError: 'Member' object has no attribute 'timed_out_until'
Ignoring exception in on_member_update
Traceback (most recent call last):
  File "/usr/local/lib/python3.12/site-packages/discord/client.py", line 465, in _run_event
    await coro(*args, **kwargs)
  File "/app/asu_discord/cogs/analytics.py", line 652, in on_member_update
    before_timeout = before.timed_out_until
                     ^^^^^^^^^^^^^^^^^^^^^^
AttributeError: 'Member' object has no attribute 'timed_out_until'
Ignoring exception in on_member_update
Traceback (most recent call last):
  File "/usr/local/lib/python3.12/site-packages/discord/client.py", line 465, in _run_event
    await coro(*args, **kwargs)
  File "/app/asu_discord/cogs/analytics.py", line 652, in on_member_update
    before_timeout = before.timed_out_until
                     ^^^^^^^^^^^^^^^^^^^^^^
AttributeError: 'Member' object has no attribute 'timed_out_until'
Ignoring exception in on_member_update
Traceback (most recent call last):
  File "/usr/local/lib/python3.12/site-packages/discord/client.py", line 465, in _run_event
    await coro(*args, **kwargs)
  File "/app/asu_discord/cogs/analytics.py", line 652, in on_member_update
    before_timeout = before.timed_out_until
                     ^^^^^^^^^^^^^^^^^^^^^^
AttributeError: 'Member' object has no attribute 'timed_out_until'
Ignoring exception in on_member_update
Traceback (most recent call last):
  File "/usr/local/lib/python3.12/site-packages/discord/client.py", line 465, in _run_event
    await coro(*args, **kwargs)
  File "/app/asu_discord/cogs/analytics.py", line 652, in on_member_update
    before_timeout = before.timed_out_until
                     ^^^^^^^^^^^^^^^^^^^^^^
AttributeError: 'Member' object has no attribute 'timed_out_until'
Ignoring exception in on_member_update
Traceback (most recent call last):
  File "/usr/local/lib/python3.12/site-packages/discord/client.py", line 465, in _run_event
    await coro(*args, **kwargs)
  File "/app/asu_discord/cogs/analytics.py", line 652, in on_member_update
    before_timeout = before.timed_out_until
                     ^^^^^^^^^^^^^^^^^^^^^^
AttributeError: 'Member' object has no attribute 'timed_out_until'
Ignoring exception in on_member_update
Traceback (most recent call last):
  File "/usr/local/lib/python3.12/site-packages/discord/client.py", line 465, in _run_event
    await coro(*args, **kwargs)
  File "/app/asu_discord/cogs/analytics.py", line 652, in on_member_update
    before_timeout = before.timed_out_until
                     ^^^^^^^^^^^^^^^^^^^^^^
AttributeError: 'Member' object has no attribute 'timed_out_until'
Ignoring exception in on_member_update
Traceback (most recent call last):
  File "/usr/local/lib/python3.12/site-packages/discord/client.py", line 465, in _run_event
    await coro(*args, **kwargs)
  File "/app/asu_discord/cogs/analytics.py", line 652, in on_member_update
    before_timeout = before.timed_out_until
                     ^^^^^^^^^^^^^^^^^^^^^^
AttributeError: 'Member' object has no attribute 'timed_out_until'
INFO:asu_discord.cogs.verification:Saved 5 roles to database for user lggoodma@asu.edu (Discord ID: 560177446285082637)
INFO:asu_discord.cogs.verification:Refreshed Salesforce roles for Discord user 560177446285082637: -5/+4 roles, assigned=[College of Liberal Arts and Sciences, First Year, Online, Out of State, Upperclassmen]
Ignoring exception in on_member_update
Traceback (most recent call last):
  File "/usr/local/lib/python3.12/site-packages/discord/client.py", line 465, in _run_event
    await coro(*args, **kwargs)
  File "/app/asu_discord/cogs/analytics.py", line 652, in on_member_update
    before_timeout = before.timed_out_until
                     ^^^^^^^^^^^^^^^^^^^^^^
AttributeError: 'Member' object has no attribute 'timed_out_until'
Ignoring exception in on_member_update
Traceback (most recent call last):
  File "/usr/local/lib/python3.12/site-packages/discord/client.py", line 465, in _run_event
    await coro(*args, **kwargs)
  File "/app/asu_discord/cogs/analytics.py", line 652, in on_member_update
    before_timeout = before.timed_out_until
                     ^^^^^^^^^^^^^^^^^^^^^^
AttributeError: 'Member' object has no attribute 'timed_out_until'
Ignoring exception in on_member_update
Traceback (most recent call last):
  File "/usr/local/lib/python3.12/site-packages/discord/client.py", line 465, in _run_event
    await coro(*args, **kwargs)
  File "/app/asu_discord/cogs/analytics.py", line 652, in on_member_update
    before_timeout = before.timed_out_until
                     ^^^^^^^^^^^^^^^^^^^^^^
AttributeError: 'Member' object has no attribute 'timed_out_until'
Ignoring exception in on_member_update
Traceback (most recent call last):
  File "/usr/local/lib/python3.12/site-packages/discord/client.py", line 465, in _run_event
    await coro(*args, **kwargs)
  File "/app/asu_discord/cogs/analytics.py", line 652, in on_member_update
    before_timeout = before.timed_out_until
                     ^^^^^^^^^^^^^^^^^^^^^^
AttributeError: 'Member' object has no attribute 'timed_out_until'
Ignoring exception in on_member_update
Traceback (most recent call last):
  File "/usr/local/lib/python3.12/site-packages/discord/client.py", line 465, in _run_event
    await coro(*args, **kwargs)
  File "/app/asu_discord/cogs/analytics.py", line 652, in on_member_update
    before_timeout = before.timed_out_until
                     ^^^^^^^^^^^^^^^^^^^^^^
AttributeError: 'Member' object has no attribute 'timed_out_until'
Ignoring exception in on_member_update
Traceback (most recent call last):
  File "/usr/local/lib/python3.12/site-packages/discord/client.py", line 465, in _run_event
    await coro(*args, **kwargs)
  File "/app/asu_discord/cogs/analytics.py", line 652, in on_member_update
    before_timeout = before.timed_out_until
                     ^^^^^^^^^^^^^^^^^^^^^^
AttributeError: 'Member' object has no attribute 'timed_out_until'
Ignoring exception in on_member_update
Traceback (most recent call last):
  File "/usr/local/lib/python3.12/site-packages/discord/client.py", line 465, in _run_event
    await coro(*args, **kwargs)
  File "/app/asu_discord/cogs/analytics.py", line 652, in on_member_update
    before_timeout = before.timed_out_until
                     ^^^^^^^^^^^^^^^^^^^^^^
AttributeError: 'Member' object has no attribute 'timed_out_until'
Ignoring exception in on_member_update
Traceback (most recent call last):
  File "/usr/local/lib/python3.12/site-packages/discord/client.py", line 465, in _run_event
    await coro(*args, **kwargs)
  File "/app/asu_discord/cogs/analytics.py", line 652, in on_member_update
    before_timeout = before.timed_out_until
                     ^^^^^^^^^^^^^^^^^^^^^^
AttributeError: 'Member' object has no attribute 'timed_out_until'
Ignoring exception in on_member_update
Traceback (most recent call last):
  File "/usr/local/lib/python3.12/site-packages/discord/client.py", line 465, in _run_event
    await coro(*args, **kwargs)
  File "/app/asu_discord/cogs/analytics.py", line 652, in on_member_update
    before_timeout = before.timed_out_until
                     ^^^^^^^^^^^^^^^^^^^^^^
AttributeError: 'Member' object has no attribute 'timed_out_until'
INFO:asu_discord.cogs.verification:Saved 5 roles to database for user wjlucas@asu.edu (Discord ID: 1440277233033019393)
INFO:asu_discord.cogs.verification:Refreshed Salesforce roles for Discord user 1440277233033019393: -5/+4 roles, assigned=[Arizona Resident, Polytechnic, Transfer Student, Upperclassmen, W.P. Carey School of Business]
ERROR:cron.jobs:refresh_salesforce_roles: failed for emeiding (Discord ID 216203527809269761): Failed to refresh Salesforce-based roles: Discord user 216203527809269761 is not a member of the guild
Ignoring exception in on_member_update
Traceback (most recent call last):
  File "/usr/local/lib/python3.12/site-packages/discord/client.py", line 465, in _run_event
    await coro(*args, **kwargs)
  File "/app/asu_discord/cogs/analytics.py", line 652, in on_member_update
    before_timeout = before.timed_out_until
                     ^^^^^^^^^^^^^^^^^^^^^^
AttributeError: 'Member' object has no attribute 'timed_out_until'
Ignoring exception in on_member_update
Traceback (most recent call last):
  File "/usr/local/lib/python3.12/site-packages/discord/client.py", line 465, in _run_event
    await coro(*args, **kwargs)
  File "/app/asu_discord/cogs/analytics.py", line 652, in on_member_update
    before_timeout = before.timed_out_until
                     ^^^^^^^^^^^^^^^^^^^^^^
AttributeError: 'Member' object has no attribute 'timed_out_until'
Ignoring exception in on_member_update
Traceback (most recent call last):
  File "/usr/local/lib/python3.12/site-packages/discord/client.py", line 465, in _run_event
    await coro(*args, **kwargs)
  File "/app/asu_discord/cogs/analytics.py", line 652, in on_member_update
    before_timeout = before.timed_out_until
                     ^^^^^^^^^^^^^^^^^^^^^^
AttributeError: 'Member' object has no attribute 'timed_out_until'
Ignoring exception in on_member_update
Traceback (most recent call last):
  File "/usr/local/lib/python3.12/site-packages/discord/client.py", line 465, in _run_event
    await coro(*args, **kwargs)
  File "/app/asu_discord/cogs/analytics.py", line 652, in on_member_update
    before_timeout = before.timed_out_until
                     ^^^^^^^^^^^^^^^^^^^^^^
AttributeError: 'Member' object has no attribute 'timed_out_until'
Ignoring exception in on_member_update
Traceback (most recent call last):
  File "/usr/local/lib/python3.12/site-packages/discord/client.py", line 465, in _run_event
    await coro(*args, **kwargs)
  File "/app/asu_discord/cogs/analytics.py", line 652, in on_member_update
    before_timeout = before.timed_out_until
                     ^^^^^^^^^^^^^^^^^^^^^^
AttributeError: 'Member' object has no attribute 'timed_out_until'
Ignoring exception in on_member_update
Traceback (most recent call last):
  File "/usr/local/lib/python3.12/site-packages/discord/client.py", line 465, in _run_event
    await coro(*args, **kwargs)
  File "/app/asu_discord/cogs/analytics.py", line 652, in on_member_update
    before_timeout = before.timed_out_until
                     ^^^^^^^^^^^^^^^^^^^^^^
AttributeError: 'Member' object has no attribute 'timed_out_until'
Ignoring exception in on_member_update
Traceback (most recent call last):
  File "/usr/local/lib/python3.12/site-packages/discord/client.py", line 465, in _run_event
    await coro(*args, **kwargs)
  File "/app/asu_discord/cogs/analytics.py", line 652, in on_member_update
    before_timeout = before.timed_out_until
                     ^^^^^^^^^^^^^^^^^^^^^^
AttributeError: 'Member' object has no attribute 'timed_out_until'
INFO:asu_discord.cogs.verification:Saved 4 roles to database for user lwanjiku@asu.edu (Discord ID: 934895286751461376)
INFO:asu_discord.cogs.verification:Refreshed Salesforce roles for Discord user 934895286751461376: -4/+3 roles, assigned=[Graduate Student, International Student, Ira A. Fulton Schools of Engineering, Polytechnic]
Ignoring exception in on_member_update
Traceback (most recent call last):
  File "/usr/local/lib/python3.12/site-packages/discord/client.py", line 465, in _run_event
    await coro(*args, **kwargs)
  File "/app/asu_discord/cogs/analytics.py", line 652, in on_member_update
    before_timeout = before.timed_out_until
                     ^^^^^^^^^^^^^^^^^^^^^^
AttributeError: 'Member' object has no attribute 'timed_out_until'
Ignoring exception in on_member_update
Traceback (most recent call last):
  File "/usr/local/lib/python3.12/site-packages/discord/client.py", line 465, in _run_event
    await coro(*args, **kwargs)
  File "/app/asu_discord/cogs/analytics.py", line 652, in on_member_update
    before_timeout = before.timed_out_until
                     ^^^^^^^^^^^^^^^^^^^^^^
AttributeError: 'Member' object has no attribute 'timed_out_until'
Ignoring exception in on_member_update
Traceback (most recent call last):
  File "/usr/local/lib/python3.12/site-packages/discord/client.py", line 465, in _run_event
    await coro(*args, **kwargs)
  File "/app/asu_discord/cogs/analytics.py", line 652, in on_member_update
    before_timeout = before.timed_out_until
                     ^^^^^^^^^^^^^^^^^^^^^^
AttributeError: 'Member' object has no attribute 'timed_out_until'
Ignoring exception in on_member_update
Traceback (most recent call last):
  File "/usr/local/lib/python3.12/site-packages/discord/client.py", line 465, in _run_event
    await coro(*args, **kwargs)
  File "/app/asu_discord/cogs/analytics.py", line 652, in on_member_update
    before_timeout = before.timed_out_until
                     ^^^^^^^^^^^^^^^^^^^^^^
AttributeError: 'Member' object has no attribute 'timed_out_until'
Ignoring exception in on_member_update
Traceback (most recent call last):
  File "/usr/local/lib/python3.12/site-packages/discord/client.py", line 465, in _run_event
    await coro(*args, **kwargs)
  File "/app/asu_discord/cogs/analytics.py", line 652, in on_member_update
    before_timeout = before.timed_out_until
                     ^^^^^^^^^^^^^^^^^^^^^^
AttributeError: 'Member' object has no attribute 'timed_out_until'
Ignoring exception in on_member_update
Traceback (most recent call last):
  File "/usr/local/lib/python3.12/site-packages/discord/client.py", line 465, in _run_event
    await coro(*args, **kwargs)
  File "/app/asu_discord/cogs/analytics.py", line 652, in on_member_update
    before_timeout = before.timed_out_until
                     ^^^^^^^^^^^^^^^^^^^^^^
AttributeError: 'Member' object has no attribute 'timed_out_until'
Ignoring exception in on_member_update
Traceback (most recent call last):
  File "/usr/local/lib/python3.12/site-packages/discord/client.py", line 465, in _run_event
    await coro(*args, **kwargs)
  File "/app/asu_discord/cogs/analytics.py", line 652, in on_member_update
    before_timeout = before.timed_out_until
                     ^^^^^^^^^^^^^^^^^^^^^^
AttributeError: 'Member' object has no attribute 'timed_out_until'
Ignoring exception in on_member_update
Traceback (most recent call last):
  File "/usr/local/lib/python3.12/site-packages/discord/client.py", line 465, in _run_event
    await coro(*args, **kwargs)
  File "/app/asu_discord/cogs/analytics.py", line 652, in on_member_update
    before_timeout = before.timed_out_until
                     ^^^^^^^^^^^^^^^^^^^^^^
AttributeError: 'Member' object has no attribute 'timed_out_until'
Ignoring exception in on_member_update
Traceback (most recent call last):
  File "/usr/local/lib/python3.12/site-packages/discord/client.py", line 465, in _run_event
    await coro(*args, **kwargs)
  File "/app/asu_discord/cogs/analytics.py", line 652, in on_member_update
    before_timeout = before.timed_out_until
                     ^^^^^^^^^^^^^^^^^^^^^^
AttributeError: 'Member' object has no attribute 'timed_out_until'
Ignoring exception in on_member_update
Traceback (most recent call last):
  File "/usr/local/lib/python3.12/site-packages/discord/client.py", line 465, in _run_event
    await coro(*args, **kwargs)
  File "/app/asu_discord/cogs/analytics.py", line 652, in on_member_update
    before_timeout = before.timed_out_until
                     ^^^^^^^^^^^^^^^^^^^^^^
AttributeError: 'Member' object has no attribute 'timed_out_until'
INFO:asu_discord.cogs.verification:Saved 5 roles to database for user crcasey3@asu.edu (Discord ID: 773290567828373515)
INFO:asu_discord.cogs.verification:Refreshed Salesforce roles for Discord user 773290567828373515: -5/+5 roles, assigned=[First Generation Student, First Year, Ira A. Fulton Schools of Engineering, Out of State, Polytechnic]
Ignoring exception in on_member_update
Traceback (most recent call last):
  File "/usr/local/lib/python3.12/site-packages/discord/client.py", line 465, in _run_event
    await coro(*args, **kwargs)
  File "/app/asu_discord/cogs/analytics.py", line 652, in on_member_update
    before_timeout = before.timed_out_until
                     ^^^^^^^^^^^^^^^^^^^^^^
AttributeError: 'Member' object has no attribute 'timed_out_until'
Ignoring exception in on_member_update
Traceback (most recent call last):
  File "/usr/local/lib/python3.12/site-packages/discord/client.py", line 465, in _run_event
    await coro(*args, **kwargs)
  File "/app/asu_discord/cogs/analytics.py", line 652, in on_member_update
    before_timeout = before.timed_out_until
                     ^^^^^^^^^^^^^^^^^^^^^^
AttributeError: 'Member' object has no attribute 'timed_out_until'
Ignoring exception in on_member_update
Traceback (most recent call last):
  File "/usr/local/lib/python3.12/site-packages/discord/client.py", line 465, in _run_event
    await coro(*args, **kwargs)
  File "/app/asu_discord/cogs/analytics.py", line 652, in on_member_update
    before_timeout = before.timed_out_until
                     ^^^^^^^^^^^^^^^^^^^^^^
AttributeError: 'Member' object has no attribute 'timed_out_until'
Ignoring exception in on_member_update
Traceback (most recent call last):
  File "/usr/local/lib/python3.12/site-packages/discord/client.py", line 465, in _run_event
    await coro(*args, **kwargs)
  File "/app/asu_discord/cogs/analytics.py", line 652, in on_member_update
    before_timeout = before.timed_out_until
                     ^^^^^^^^^^^^^^^^^^^^^^
AttributeError: 'Member' object has no attribute 'timed_out_until'
Ignoring exception in on_member_update
Traceback (most recent call last):
  File "/usr/local/lib/python3.12/site-packages/discord/client.py", line 465, in _run_event
    await coro(*args, **kwargs)
  File "/app/asu_discord/cogs/analytics.py", line 652, in on_member_update
    before_timeout = before.timed_out_until
                     ^^^^^^^^^^^^^^^^^^^^^^
AttributeError: 'Member' object has no attribute 'timed_out_until'
Ignoring exception in on_member_update
Traceback (most recent call last):
  File "/usr/local/lib/python3.12/site-packages/discord/client.py", line 465, in _run_event
    await coro(*args, **kwargs)
  File "/app/asu_discord/cogs/analytics.py", line 652, in on_member_update
    before_timeout = before.timed_out_until
                     ^^^^^^^^^^^^^^^^^^^^^^
AttributeError: 'Member' object has no attribute 'timed_out_until'
Ignoring exception in on_member_update
Traceback (most recent call last):
  File "/usr/local/lib/python3.12/site-packages/discord/client.py", line 465, in _run_event
    await coro(*args, **kwargs)
  File "/app/asu_discord/cogs/analytics.py", line 652, in on_member_update
    before_timeout = before.timed_out_until
                     ^^^^^^^^^^^^^^^^^^^^^^
AttributeError: 'Member' object has no attribute 'timed_out_until'
Ignoring exception in on_member_update
Traceback (most recent call last):
  File "/usr/local/lib/python3.12/site-packages/discord/client.py", line 465, in _run_event
    await coro(*args, **kwargs)
  File "/app/asu_discord/cogs/analytics.py", line 652, in on_member_update
    before_timeout = before.timed_out_until
                     ^^^^^^^^^^^^^^^^^^^^^^
AttributeError: 'Member' object has no attribute 'timed_out_until'
Ignoring exception in on_member_update
Traceback (most recent call last):
  File "/usr/local/lib/python3.12/site-packages/discord/client.py", line 465, in _run_event
    await coro(*args, **kwargs)
  File "/app/asu_discord/cogs/analytics.py", line 652, in on_member_update
    before_timeout = before.timed_out_until
                     ^^^^^^^^^^^^^^^^^^^^^^
AttributeError: 'Member' object has no attribute 'timed_out_until'
Ignoring exception in on_member_update
Traceback (most recent call last):
  File "/usr/local/lib/python3.12/site-packages/discord/client.py", line 465, in _run_event
    await coro(*args, **kwargs)
  File "/app/asu_discord/cogs/analytics.py", line 652, in on_member_update
    before_timeout = before.timed_out_until
                     ^^^^^^^^^^^^^^^^^^^^^^
AttributeError: 'Member' object has no attribute 'timed_out_until'
INFO:asu_discord.cogs.verification:Saved 5 roles to database for user agarc823@asu.edu (Discord ID: 425116550006046720)
INFO:asu_discord.cogs.verification:Refreshed Salesforce roles for Discord user 425116550006046720: -5/+5 roles, assigned=[College of Liberal Arts and Sciences, First Year, Online, Out of State, Upperclassmen]
Ignoring exception in on_member_update
Traceback (most recent call last):
  File "/usr/local/lib/python3.12/site-packages/discord/client.py", line 465, in _run_event
    await coro(*args, **kwargs)
  File "/app/asu_discord/cogs/analytics.py", line 652, in on_member_update
    before_timeout = before.timed_out_until
                     ^^^^^^^^^^^^^^^^^^^^^^
AttributeError: 'Member' object has no attribute 'timed_out_until'
Ignoring exception in on_member_update
Traceback (most recent call last):
  File "/usr/local/lib/python3.12/site-packages/discord/client.py", line 465, in _run_event
    await coro(*args, **kwargs)
  File "/app/asu_discord/cogs/analytics.py", line 652, in on_member_update
    before_timeout = before.timed_out_until
                     ^^^^^^^^^^^^^^^^^^^^^^
AttributeError: 'Member' object has no attribute 'timed_out_until'
Ignoring exception in on_member_update
Traceback (most recent call last):
  File "/usr/local/lib/python3.12/site-packages/discord/client.py", line 465, in _run_event
    await coro(*args, **kwargs)
  File "/app/asu_discord/cogs/analytics.py", line 652, in on_member_update
    before_timeout = before.timed_out_until
                     ^^^^^^^^^^^^^^^^^^^^^^
AttributeError: 'Member' object has no attribute 'timed_out_until'
Ignoring exception in on_member_update
Traceback (most recent call last):
  File "/usr/local/lib/python3.12/site-packages/discord/client.py", line 465, in _run_event
    await coro(*args, **kwargs)
  File "/app/asu_discord/cogs/analytics.py", line 652, in on_member_update
    before_timeout = before.timed_out_until
                     ^^^^^^^^^^^^^^^^^^^^^^
AttributeError: 'Member' object has no attribute 'timed_out_until'
Ignoring exception in on_member_update
Traceback (most recent call last):
  File "/usr/local/lib/python3.12/site-packages/discord/client.py", line 465, in _run_event
    await coro(*args, **kwargs)
  File "/app/asu_discord/cogs/analytics.py", line 652, in on_member_update
    before_timeout = before.timed_out_until
                     ^^^^^^^^^^^^^^^^^^^^^^
AttributeError: 'Member' object has no attribute 'timed_out_until'
Ignoring exception in on_member_update
Traceback (most recent call last):
  File "/usr/local/lib/python3.12/site-packages/discord/client.py", line 465, in _run_event
    await coro(*args, **kwargs)
  File "/app/asu_discord/cogs/analytics.py", line 652, in on_member_update
    before_timeout = before.timed_out_until
                     ^^^^^^^^^^^^^^^^^^^^^^
AttributeError: 'Member' object has no attribute 'timed_out_until'
Ignoring exception in on_member_update
Traceback (most recent call last):
  File "/usr/local/lib/python3.12/site-packages/discord/client.py", line 465, in _run_event
    await coro(*args, **kwargs)
  File "/app/asu_discord/cogs/analytics.py", line 652, in on_member_update
    before_timeout = before.timed_out_until
                     ^^^^^^^^^^^^^^^^^^^^^^
AttributeError: 'Member' object has no attribute 'timed_out_until'
Ignoring exception in on_member_update
Traceback (most recent call last):
  File "/usr/local/lib/python3.12/site-packages/discord/client.py", line 465, in _run_event
    await coro(*args, **kwargs)
  File "/app/asu_discord/cogs/analytics.py", line 652, in on_member_update
    before_timeout = before.timed_out_until
                     ^^^^^^^^^^^^^^^^^^^^^^
AttributeError: 'Member' object has no attribute 'timed_out_until'
Ignoring exception in on_member_update
Traceback (most recent call last):
  File "/usr/local/lib/python3.12/site-packages/discord/client.py", line 465, in _run_event
    await coro(*args, **kwargs)
  File "/app/asu_discord/cogs/analytics.py", line 652, in on_member_update
    before_timeout = before.timed_out_until
                     ^^^^^^^^^^^^^^^^^^^^^^
AttributeError: 'Member' object has no attribute 'timed_out_until'
Ignoring exception in on_member_update
Traceback (most recent call last):
  File "/usr/local/lib/python3.12/site-packages/discord/client.py", line 465, in _run_event
    await coro(*args, **kwargs)
  File "/app/asu_discord/cogs/analytics.py", line 652, in on_member_update
    before_timeout = before.timed_out_until
                     ^^^^^^^^^^^^^^^^^^^^^^
AttributeError: 'Member' object has no attribute 'timed_out_until'
Ignoring exception in on_member_update
Traceback (most recent call last):
  File "/usr/local/lib/python3.12/site-packages/discord/client.py", line 465, in _run_event
    await coro(*args, **kwargs)
  File "/app/asu_discord/cogs/analytics.py", line 652, in on_member_update
    before_timeout = before.timed_out_until
                     ^^^^^^^^^^^^^^^^^^^^^^
AttributeError: 'Member' object has no attribute 'timed_out_until'
Ignoring exception in on_member_update
Traceback (most recent call last):
  File "/usr/local/lib/python3.12/site-packages/discord/client.py", line 465, in _run_event
    await coro(*args, **kwargs)
  File "/app/asu_discord/cogs/analytics.py", line 652, in on_member_update
    before_timeout = before.timed_out_until
                     ^^^^^^^^^^^^^^^^^^^^^^
AttributeError: 'Member' object has no attribute 'timed_out_until'
INFO:asu_discord.cogs.verification:Saved 6 roles to database for user ksalakku@asu.edu (Discord ID: 536313301391507456)
INFO:asu_discord.cogs.verification:Refreshed Salesforce roles for Discord user 536313301391507456: -6/+6 roles, assigned=[Arizona Resident, Commited, First Generation Student, First Year, Herberger Institute for Design and the Arts, Tempe]
Ignoring exception in on_member_update
Traceback (most recent call last):
  File "/usr/local/lib/python3.12/site-packages/discord/client.py", line 465, in _run_event
    await coro(*args, **kwargs)
  File "/app/asu_discord/cogs/analytics.py", line 652, in on_member_update
    before_timeout = before.timed_out_until
                     ^^^^^^^^^^^^^^^^^^^^^^
AttributeError: 'Member' object has no attribute 'timed_out_until'
Ignoring exception in on_member_update
Traceback (most recent call last):
  File "/usr/local/lib/python3.12/site-packages/discord/client.py", line 465, in _run_event
    await coro(*args, **kwargs)
  File "/app/asu_discord/cogs/analytics.py", line 652, in on_member_update
    before_timeout = before.timed_out_until
                     ^^^^^^^^^^^^^^^^^^^^^^
AttributeError: 'Member' object has no attribute 'timed_out_until'
Ignoring exception in on_member_update
Traceback (most recent call last):
  File "/usr/local/lib/python3.12/site-packages/discord/client.py", line 465, in _run_event
    await coro(*args, **kwargs)
  File "/app/asu_discord/cogs/analytics.py", line 652, in on_member_update
    before_timeout = before.timed_out_until
                     ^^^^^^^^^^^^^^^^^^^^^^
AttributeError: 'Member' object has no attribute 'timed_out_until'
Ignoring exception in on_member_update
Traceback (most recent call last):
  File "/usr/local/lib/python3.12/site-packages/discord/client.py", line 465, in _run_event
    await coro(*args, **kwargs)
  File "/app/asu_discord/cogs/analytics.py", line 652, in on_member_update
    before_timeout = before.timed_out_until
                     ^^^^^^^^^^^^^^^^^^^^^^
AttributeError: 'Member' object has no attribute 'timed_out_until'
Ignoring exception in on_member_update
Traceback (most recent call last):
  File "/usr/local/lib/python3.12/site-packages/discord/client.py", line 465, in _run_event
    await coro(*args, **kwargs)
  File "/app/asu_discord/cogs/analytics.py", line 652, in on_member_update
    before_timeout = before.timed_out_until
                     ^^^^^^^^^^^^^^^^^^^^^^
AttributeError: 'Member' object has no attribute 'timed_out_until'
Ignoring exception in on_member_update
Traceback (most recent call last):
  File "/usr/local/lib/python3.12/site-packages/discord/client.py", line 465, in _run_event
    await coro(*args, **kwargs)
  File "/app/asu_discord/cogs/analytics.py", line 652, in on_member_update
    before_timeout = before.timed_out_until
                     ^^^^^^^^^^^^^^^^^^^^^^
AttributeError: 'Member' object has no attribute 'timed_out_until'
Ignoring exception in on_member_update
Traceback (most recent call last):
  File "/usr/local/lib/python3.12/site-packages/discord/client.py", line 465, in _run_event
    await coro(*args, **kwargs)
  File "/app/asu_discord/cogs/analytics.py", line 652, in on_member_update
    before_timeout = before.timed_out_until
                     ^^^^^^^^^^^^^^^^^^^^^^
AttributeError: 'Member' object has no attribute 'timed_out_until'
Ignoring exception in on_member_update
Traceback (most recent call last):
  File "/usr/local/lib/python3.12/site-packages/discord/client.py", line 465, in _run_event
    await coro(*args, **kwargs)
  File "/app/asu_discord/cogs/analytics.py", line 652, in on_member_update
    before_timeout = before.timed_out_until
                     ^^^^^^^^^^^^^^^^^^^^^^
AttributeError: 'Member' object has no attribute 'timed_out_until'
INFO:asu_discord.cogs.verification:Saved 4 roles to database for user gweaver8@asu.edu (Discord ID: 190659659584110593)
INFO:asu_discord.cogs.verification:Refreshed Salesforce roles for Discord user 190659659584110593: -4/+4 roles, assigned=[Graduate Student, Ira A. Fulton Schools of Engineering, Online, Out of State]
Ignoring exception in on_member_update
Traceback (most recent call last):
  File "/usr/local/lib/python3.12/site-packages/discord/client.py", line 465, in _run_event
    await coro(*args, **kwargs)
  File "/app/asu_discord/cogs/analytics.py", line 652, in on_member_update
    before_timeout = before.timed_out_until
                     ^^^^^^^^^^^^^^^^^^^^^^
AttributeError: 'Member' object has no attribute 'timed_out_until'
Ignoring exception in on_member_update
Traceback (most recent call last):
  File "/usr/local/lib/python3.12/site-packages/discord/client.py", line 465, in _run_event
    await coro(*args, **kwargs)
  File "/app/asu_discord/cogs/analytics.py", line 652, in on_member_update
    before_timeout = before.timed_out_until
                     ^^^^^^^^^^^^^^^^^^^^^^
AttributeError: 'Member' object has no attribute 'timed_out_until'
Ignoring exception in on_member_update
Traceback (most recent call last):
  File "/usr/local/lib/python3.12/site-packages/discord/client.py", line 465, in _run_event
    await coro(*args, **kwargs)
  File "/app/asu_discord/cogs/analytics.py", line 652, in on_member_update
    before_timeout = before.timed_out_until
                     ^^^^^^^^^^^^^^^^^^^^^^
AttributeError: 'Member' object has no attribute 'timed_out_until'
Ignoring exception in on_member_update
Traceback (most recent call last):
  File "/usr/local/lib/python3.12/site-packages/discord/client.py", line 465, in _run_event
    await coro(*args, **kwargs)
  File "/app/asu_discord/cogs/analytics.py", line 652, in on_member_update
    before_timeout = before.timed_out_until
                     ^^^^^^^^^^^^^^^^^^^^^^
AttributeError: 'Member' object has no attribute 'timed_out_until'
Ignoring exception in on_member_update
Traceback (most recent call last):
  File "/usr/local/lib/python3.12/site-packages/discord/client.py", line 465, in _run_event
    await coro(*args, **kwargs)
  File "/app/asu_discord/cogs/analytics.py", line 652, in on_member_update
    before_timeout = before.timed_out_until
                     ^^^^^^^^^^^^^^^^^^^^^^
AttributeError: 'Member' object has no attribute 'timed_out_until'
Ignoring exception in on_member_update
Traceback (most recent call last):
  File "/usr/local/lib/python3.12/site-packages/discord/client.py", line 465, in _run_event
    await coro(*args, **kwargs)
  File "/app/asu_discord/cogs/analytics.py", line 652, in on_member_update
    before_timeout = before.timed_out_until
                     ^^^^^^^^^^^^^^^^^^^^^^
AttributeError: 'Member' object has no attribute 'timed_out_until'
Ignoring exception in on_member_update
Traceback (most recent call last):
  File "/usr/local/lib/python3.12/site-packages/discord/client.py", line 465, in _run_event
    await coro(*args, **kwargs)
  File "/app/asu_discord/cogs/analytics.py", line 652, in on_member_update
    before_timeout = before.timed_out_until
                     ^^^^^^^^^^^^^^^^^^^^^^
AttributeError: 'Member' object has no attribute 'timed_out_until'
Ignoring exception in on_member_update
Traceback (most recent call last):
  File "/usr/local/lib/python3.12/site-packages/discord/client.py", line 465, in _run_event
    await coro(*args, **kwargs)
  File "/app/asu_discord/cogs/analytics.py", line 652, in on_member_update
    before_timeout = before.timed_out_until
                     ^^^^^^^^^^^^^^^^^^^^^^
AttributeError: 'Member' object has no attribute 'timed_out_until'
Ignoring exception in on_member_update
Traceback (most recent call last):
  File "/usr/local/lib/python3.12/site-packages/discord/client.py", line 465, in _run_event
    await coro(*args, **kwargs)
  File "/app/asu_discord/cogs/analytics.py", line 652, in on_member_update
    before_timeout = before.timed_out_until
                     ^^^^^^^^^^^^^^^^^^^^^^
AttributeError: 'Member' object has no attribute 'timed_out_until'
Ignoring exception in on_member_update
Traceback (most recent call last):
  File "/usr/local/lib/python3.12/site-packages/discord/client.py", line 465, in _run_event
    await coro(*args, **kwargs)
  File "/app/asu_discord/cogs/analytics.py", line 652, in on_member_update
    before_timeout = before.timed_out_until
                     ^^^^^^^^^^^^^^^^^^^^^^
AttributeError: 'Member' object has no attribute 'timed_out_until'
INFO:asu_discord.cogs.verification:Saved 5 roles to database for user briepe@asu.edu (Discord ID: 1440352447460671580)
INFO:asu_discord.cogs.verification:Refreshed Salesforce roles for Discord user 1440352447460671580: -5/+5 roles, assigned=[Arizona Resident, Commited, First Year, Herberger Institute for Design and the Arts, Tempe]
Ignoring exception in on_member_update
Traceback (most recent call last):
  File "/usr/local/lib/python3.12/site-packages/discord/client.py", line 465, in _run_event
    await coro(*args, **kwargs)
  File "/app/asu_discord/cogs/analytics.py", line 652, in on_member_update
    before_timeout = before.timed_out_until
                     ^^^^^^^^^^^^^^^^^^^^^^
AttributeError: 'Member' object has no attribute 'timed_out_until'
Ignoring exception in on_member_update
Traceback (most recent call last):
  File "/usr/local/lib/python3.12/site-packages/discord/client.py", line 465, in _run_event
    await coro(*args, **kwargs)
  File "/app/asu_discord/cogs/analytics.py", line 652, in on_member_update
    before_timeout = before.timed_out_until
                     ^^^^^^^^^^^^^^^^^^^^^^
AttributeError: 'Member' object has no attribute 'timed_out_until'
Ignoring exception in on_member_update
Traceback (most recent call last):
  File "/usr/local/lib/python3.12/site-packages/discord/client.py", line 465, in _run_event
    await coro(*args, **kwargs)
  File "/app/asu_discord/cogs/analytics.py", line 652, in on_member_update
    before_timeout = before.timed_out_until
                     ^^^^^^^^^^^^^^^^^^^^^^
AttributeError: 'Member' object has no attribute 'timed_out_until'
Ignoring exception in on_member_update
Traceback (most recent call last):
  File "/usr/local/lib/python3.12/site-packages/discord/client.py", line 465, in _run_event
    await coro(*args, **kwargs)
  File "/app/asu_discord/cogs/analytics.py", line 652, in on_member_update
    before_timeout = before.timed_out_until
                     ^^^^^^^^^^^^^^^^^^^^^^
AttributeError: 'Member' object has no attribute 'timed_out_until'
Ignoring exception in on_member_update
Traceback (most recent call last):
  File "/usr/local/lib/python3.12/site-packages/discord/client.py", line 465, in _run_event
    await coro(*args, **kwargs)
  File "/app/asu_discord/cogs/analytics.py", line 652, in on_member_update
    before_timeout = before.timed_out_until
                     ^^^^^^^^^^^^^^^^^^^^^^
AttributeError: 'Member' object has no attribute 'timed_out_until'
Ignoring exception in on_member_update
Traceback (most recent call last):
  File "/usr/local/lib/python3.12/site-packages/discord/client.py", line 465, in _run_event
    await coro(*args, **kwargs)
  File "/app/asu_discord/cogs/analytics.py", line 652, in on_member_update
    before_timeout = before.timed_out_until
                     ^^^^^^^^^^^^^^^^^^^^^^
AttributeError: 'Member' object has no attribute 'timed_out_until'
Ignoring exception in on_member_update
Traceback (most recent call last):
  File "/usr/local/lib/python3.12/site-packages/discord/client.py", line 465, in _run_event
    await coro(*args, **kwargs)
  File "/app/asu_discord/cogs/analytics.py", line 652, in on_member_update
    before_timeout = before.timed_out_until
                     ^^^^^^^^^^^^^^^^^^^^^^
AttributeError: 'Member' object has no attribute 'timed_out_until'
Ignoring exception in on_member_update
Traceback (most recent call last):
  File "/usr/local/lib/python3.12/site-packages/discord/client.py", line 465, in _run_event
    await coro(*args, **kwargs)
  File "/app/asu_discord/cogs/analytics.py", line 652, in on_member_update
    before_timeout = before.timed_out_until
                     ^^^^^^^^^^^^^^^^^^^^^^
AttributeError: 'Member' object has no attribute 'timed_out_until'
Ignoring exception in on_member_update
Traceback (most recent call last):
  File "/usr/local/lib/python3.12/site-packages/discord/client.py", line 465, in _run_event
    await coro(*args, **kwargs)
  File "/app/asu_discord/cogs/analytics.py", line 652, in on_member_update
    before_timeout = before.timed_out_until
                     ^^^^^^^^^^^^^^^^^^^^^^
AttributeError: 'Member' object has no attribute 'timed_out_until'
Ignoring exception in on_member_update
Traceback (most recent call last):
  File "/usr/local/lib/python3.12/site-packages/discord/client.py", line 465, in _run_event
    await coro(*args, **kwargs)
  File "/app/asu_discord/cogs/analytics.py", line 652, in on_member_update
    before_timeout = before.timed_out_until
                     ^^^^^^^^^^^^^^^^^^^^^^
AttributeError: 'Member' object has no attribute 'timed_out_until'
Ignoring exception in on_member_update
Traceback (most recent call last):
  File "/usr/local/lib/python3.12/site-packages/discord/client.py", line 465, in _run_event
    await coro(*args, **kwargs)
  File "/app/asu_discord/cogs/analytics.py", line 652, in on_member_update
    before_timeout = before.timed_out_until
                     ^^^^^^^^^^^^^^^^^^^^^^
AttributeError: 'Member' object has no attribute 'timed_out_until'
Ignoring exception in on_member_update
Traceback (most recent call last):
  File "/usr/local/lib/python3.12/site-packages/discord/client.py", line 465, in _run_event
    await coro(*args, **kwargs)
  File "/app/asu_discord/cogs/analytics.py", line 652, in on_member_update
    before_timeout = before.timed_out_until
                     ^^^^^^^^^^^^^^^^^^^^^^
AttributeError: 'Member' object has no attribute 'timed_out_until'
INFO:asu_discord.cogs.verification:Saved 6 roles to database for user gnowakow@asu.edu (Discord ID: 412506256528375808)
INFO:asu_discord.cogs.verification:Refreshed Salesforce roles for Discord user 412506256528375808: -6/+6 roles, assigned=[Arizona Resident, College of Liberal Arts and Sciences, First Generation Student, First Year, Online, Upperclassmen]
Ignoring exception in on_member_update
Traceback (most recent call last):
  File "/usr/local/lib/python3.12/site-packages/discord/client.py", line 465, in _run_event
    await coro(*args, **kwargs)
  File "/app/asu_discord/cogs/analytics.py", line 652, in on_member_update
    before_timeout = before.timed_out_until
                     ^^^^^^^^^^^^^^^^^^^^^^
AttributeError: 'Member' object has no attribute 'timed_out_until'
Ignoring exception in on_member_update
Traceback (most recent call last):
  File "/usr/local/lib/python3.12/site-packages/discord/client.py", line 465, in _run_event
    await coro(*args, **kwargs)
  File "/app/asu_discord/cogs/analytics.py", line 652, in on_member_update
    before_timeout = before.timed_out_until
                     ^^^^^^^^^^^^^^^^^^^^^^
AttributeError: 'Member' object has no attribute 'timed_out_until'
Ignoring exception in on_member_update
Traceback (most recent call last):
  File "/usr/local/lib/python3.12/site-packages/discord/client.py", line 465, in _run_event
    await coro(*args, **kwargs)
  File "/app/asu_discord/cogs/analytics.py", line 652, in on_member_update
    before_timeout = before.timed_out_until
                     ^^^^^^^^^^^^^^^^^^^^^^
AttributeError: 'Member' object has no attribute 'timed_out_until'
Ignoring exception in on_member_update
Traceback (most recent call last):
  File "/usr/local/lib/python3.12/site-packages/discord/client.py", line 465, in _run_event
    await coro(*args, **kwargs)
  File "/app/asu_discord/cogs/analytics.py", line 652, in on_member_update
    before_timeout = before.timed_out_until
                     ^^^^^^^^^^^^^^^^^^^^^^
AttributeError: 'Member' object has no attribute 'timed_out_until'
Ignoring exception in on_member_update
Traceback (most recent call last):
  File "/usr/local/lib/python3.12/site-packages/discord/client.py", line 465, in _run_event
    await coro(*args, **kwargs)
  File "/app/asu_discord/cogs/analytics.py", line 652, in on_member_update
    before_timeout = before.timed_out_until
                     ^^^^^^^^^^^^^^^^^^^^^^
AttributeError: 'Member' object has no attribute 'timed_out_until'
Ignoring exception in on_member_update
Traceback (most recent call last):
  File "/usr/local/lib/python3.12/site-packages/discord/client.py", line 465, in _run_event
    await coro(*args, **kwargs)
  File "/app/asu_discord/cogs/analytics.py", line 652, in on_member_update
    before_timeout = before.timed_out_until
                     ^^^^^^^^^^^^^^^^^^^^^^
AttributeError: 'Member' object has no attribute 'timed_out_until'
Ignoring exception in on_member_update
Traceback (most recent call last):
  File "/usr/local/lib/python3.12/site-packages/discord/client.py", line 465, in _run_event
    await coro(*args, **kwargs)
  File "/app/asu_discord/cogs/analytics.py", line 652, in on_member_update
    before_timeout = before.timed_out_until
                     ^^^^^^^^^^^^^^^^^^^^^^
AttributeError: 'Member' object has no attribute 'timed_out_until'
Ignoring exception in on_member_update
Traceback (most recent call last):
  File "/usr/local/lib/python3.12/site-packages/discord/client.py", line 465, in _run_event
    await coro(*args, **kwargs)
  File "/app/asu_discord/cogs/analytics.py", line 652, in on_member_update
    before_timeout = before.timed_out_until
                     ^^^^^^^^^^^^^^^^^^^^^^
AttributeError: 'Member' object has no attribute 'timed_out_until'
Ignoring exception in on_member_update
Traceback (most recent call last):
  File "/usr/local/lib/python3.12/site-packages/discord/client.py", line 465, in _run_event
    await coro(*args, **kwargs)
  File "/app/asu_discord/cogs/analytics.py", line 652, in on_member_update
    before_timeout = before.timed_out_until
                     ^^^^^^^^^^^^^^^^^^^^^^
AttributeError: 'Member' object has no attribute 'timed_out_until'
Ignoring exception in on_member_update
Traceback (most recent call last):
  File "/usr/local/lib/python3.12/site-packages/discord/client.py", line 465, in _run_event
    await coro(*args, **kwargs)
  File "/app/asu_discord/cogs/analytics.py", line 652, in on_member_update
    before_timeout = before.timed_out_until
                     ^^^^^^^^^^^^^^^^^^^^^^
AttributeError: 'Member' object has no attribute 'timed_out_until'
Ignoring exception in on_member_update
Traceback (most recent call last):
  File "/usr/local/lib/python3.12/site-packages/discord/client.py", line 465, in _run_event
    await coro(*args, **kwargs)
  File "/app/asu_discord/cogs/analytics.py", line 652, in on_member_update
    before_timeout = before.timed_out_until
                     ^^^^^^^^^^^^^^^^^^^^^^
AttributeError: 'Member' object has no attribute 'timed_out_until'
Ignoring exception in on_member_update
Traceback (most recent call last):
  File "/usr/local/lib/python3.12/site-packages/discord/client.py", line 465, in _run_event
    await coro(*args, **kwargs)
  File "/app/asu_discord/cogs/analytics.py", line 652, in on_member_update
    before_timeout = before.timed_out_until
                     ^^^^^^^^^^^^^^^^^^^^^^
AttributeError: 'Member' object has no attribute 'timed_out_until'
INFO:asu_discord.cogs.verification:Saved 6 roles to database for user philderb@asu.edu (Discord ID: 902248269265121291)
INFO:asu_discord.cogs.verification:Refreshed Salesforce roles for Discord user 902248269265121291: -6/+6 roles, assigned=[Arizona Resident, Commited, New College of Interdisciplinary Arts and Sciences, Transfer Student, Upperclassmen, West Valley]
Ignoring exception in on_member_update
Traceback (most recent call last):
  File "/usr/local/lib/python3.12/site-packages/discord/client.py", line 465, in _run_event
    await coro(*args, **kwargs)
  File "/app/asu_discord/cogs/analytics.py", line 652, in on_member_update
    before_timeout = before.timed_out_until
                     ^^^^^^^^^^^^^^^^^^^^^^
AttributeError: 'Member' object has no attribute 'timed_out_until'
Ignoring exception in on_member_update
Traceback (most recent call last):
  File "/usr/local/lib/python3.12/site-packages/discord/client.py", line 465, in _run_event
    await coro(*args, **kwargs)
  File "/app/asu_discord/cogs/analytics.py", line 652, in on_member_update
    before_timeout = before.timed_out_until
                     ^^^^^^^^^^^^^^^^^^^^^^
AttributeError: 'Member' object has no attribute 'timed_out_until'
Ignoring exception in on_member_update
Traceback (most recent call last):
  File "/usr/local/lib/python3.12/site-packages/discord/client.py", line 465, in _run_event
    await coro(*args, **kwargs)
  File "/app/asu_discord/cogs/analytics.py", line 652, in on_member_update
    before_timeout = before.timed_out_until
                     ^^^^^^^^^^^^^^^^^^^^^^
AttributeError: 'Member' object has no attribute 'timed_out_until'
Ignoring exception in on_member_update
Traceback (most recent call last):
  File "/usr/local/lib/python3.12/site-packages/discord/client.py", line 465, in _run_event
    await coro(*args, **kwargs)
  File "/app/asu_discord/cogs/analytics.py", line 652, in on_member_update
    before_timeout = before.timed_out_until
                     ^^^^^^^^^^^^^^^^^^^^^^
AttributeError: 'Member' object has no attribute 'timed_out_until'
Ignoring exception in on_member_update
Traceback (most recent call last):
  File "/usr/local/lib/python3.12/site-packages/discord/client.py", line 465, in _run_event
    await coro(*args, **kwargs)
  File "/app/asu_discord/cogs/analytics.py", line 652, in on_member_update
    before_timeout = before.timed_out_until
                     ^^^^^^^^^^^^^^^^^^^^^^
AttributeError: 'Member' object has no attribute 'timed_out_until'
Ignoring exception in on_member_update
Traceback (most recent call last):
  File "/usr/local/lib/python3.12/site-packages/discord/client.py", line 465, in _run_event
    await coro(*args, **kwargs)
  File "/app/asu_discord/cogs/analytics.py", line 652, in on_member_update
    before_timeout = before.timed_out_until
                     ^^^^^^^^^^^^^^^^^^^^^^
AttributeError: 'Member' object has no attribute 'timed_out_until'
Ignoring exception in on_member_update
Traceback (most recent call last):
  File "/usr/local/lib/python3.12/site-packages/discord/client.py", line 465, in _run_event
    await coro(*args, **kwargs)
  File "/app/asu_discord/cogs/analytics.py", line 652, in on_member_update
    before_timeout = before.timed_out_until
                     ^^^^^^^^^^^^^^^^^^^^^^
AttributeError: 'Member' object has no attribute 'timed_out_until'
Ignoring exception in on_member_update
Traceback (most recent call last):
  File "/usr/local/lib/python3.12/site-packages/discord/client.py", line 465, in _run_event
    await coro(*args, **kwargs)
  File "/app/asu_discord/cogs/analytics.py", line 652, in on_member_update
    before_timeout = before.timed_out_until
                     ^^^^^^^^^^^^^^^^^^^^^^
AttributeError: 'Member' object has no attribute 'timed_out_until'
Ignoring exception in on_member_update
Traceback (most recent call last):
  File "/usr/local/lib/python3.12/site-packages/discord/client.py", line 465, in _run_event
    await coro(*args, **kwargs)
  File "/app/asu_discord/cogs/analytics.py", line 652, in on_member_update
    before_timeout = before.timed_out_until
                     ^^^^^^^^^^^^^^^^^^^^^^
AttributeError: 'Member' object has no attribute 'timed_out_until'
Ignoring exception in on_member_update
Traceback (most recent call last):
  File "/usr/local/lib/python3.12/site-packages/discord/client.py", line 465, in _run_event
    await coro(*args, **kwargs)
  File "/app/asu_discord/cogs/analytics.py", line 652, in on_member_update
    before_timeout = before.timed_out_until
                     ^^^^^^^^^^^^^^^^^^^^^^
AttributeError: 'Member' object has no attribute 'timed_out_until'
Ignoring exception in on_member_update
Traceback (most recent call last):
  File "/usr/local/lib/python3.12/site-packages/discord/client.py", line 465, in _run_event
    await coro(*args, **kwargs)
  File "/app/asu_discord/cogs/analytics.py", line 652, in on_member_update
    before_timeout = before.timed_out_until
                     ^^^^^^^^^^^^^^^^^^^^^^
AttributeError: 'Member' object has no attribute 'timed_out_until'
Ignoring exception in on_member_update
Traceback (most recent call last):
  File "/usr/local/lib/python3.12/site-packages/discord/client.py", line 465, in _run_event
    await coro(*args, **kwargs)
  File "/app/asu_discord/cogs/analytics.py", line 652, in on_member_update
    before_timeout = before.timed_out_until
                     ^^^^^^^^^^^^^^^^^^^^^^
AttributeError: 'Member' object has no attribute 'timed_out_until'
INFO:asu_discord.cogs.verification:Saved 6 roles to database for user dvigilch@asu.edu (Discord ID: 554869047049584661)
INFO:asu_discord.cogs.verification:Refreshed Salesforce roles for Discord user 554869047049584661: -6/+6 roles, assigned=[Arizona Resident, First Generation Student, First Year, Tempe, Upperclassmen, W.P. Carey School of Business]
Ignoring exception in on_member_update
Traceback (most recent call last):
  File "/usr/local/lib/python3.12/site-packages/discord/client.py", line 465, in _run_event
    await coro(*args, **kwargs)
  File "/app/asu_discord/cogs/analytics.py", line 652, in on_member_update
    before_timeout = before.timed_out_until
                     ^^^^^^^^^^^^^^^^^^^^^^
AttributeError: 'Member' object has no attribute 'timed_out_until'
Ignoring exception in on_member_update
Traceback (most recent call last):
  File "/usr/local/lib/python3.12/site-packages/discord/client.py", line 465, in _run_event
    await coro(*args, **kwargs)
  File "/app/asu_discord/cogs/analytics.py", line 652, in on_member_update
    before_timeout = before.timed_out_until
                     ^^^^^^^^^^^^^^^^^^^^^^
AttributeError: 'Member' object has no attribute 'timed_out_until'
Ignoring exception in on_member_update
Traceback (most recent call last):
  File "/usr/local/lib/python3.12/site-packages/discord/client.py", line 465, in _run_event
    await coro(*args, **kwargs)
  File "/app/asu_discord/cogs/analytics.py", line 652, in on_member_update
    before_timeout = before.timed_out_until
                     ^^^^^^^^^^^^^^^^^^^^^^
AttributeError: 'Member' object has no attribute 'timed_out_until'
Ignoring exception in on_member_update
Traceback (most recent call last):
  File "/usr/local/lib/python3.12/site-packages/discord/client.py", line 465, in _run_event
    await coro(*args, **kwargs)
  File "/app/asu_discord/cogs/analytics.py", line 652, in on_member_update
    before_timeout = before.timed_out_until
                     ^^^^^^^^^^^^^^^^^^^^^^
AttributeError: 'Member' object has no attribute 'timed_out_until'
Ignoring exception in on_member_update
Traceback (most recent call last):
  File "/usr/local/lib/python3.12/site-packages/discord/client.py", line 465, in _run_event
    await coro(*args, **kwargs)
  File "/app/asu_discord/cogs/analytics.py", line 652, in on_member_update
    before_timeout = before.timed_out_until
                     ^^^^^^^^^^^^^^^^^^^^^^
AttributeError: 'Member' object has no attribute 'timed_out_until'
Ignoring exception in on_member_update
Traceback (most recent call last):
  File "/usr/local/lib/python3.12/site-packages/discord/client.py", line 465, in _run_event
    await coro(*args, **kwargs)
  File "/app/asu_discord/cogs/analytics.py", line 652, in on_member_update
    before_timeout = before.timed_out_until
                     ^^^^^^^^^^^^^^^^^^^^^^
AttributeError: 'Member' object has no attribute 'timed_out_until'
Ignoring exception in on_member_update
Traceback (most recent call last):
  File "/usr/local/lib/python3.12/site-packages/discord/client.py", line 465, in _run_event
    await coro(*args, **kwargs)
  File "/app/asu_discord/cogs/analytics.py", line 652, in on_member_update
    before_timeout = before.timed_out_until
                     ^^^^^^^^^^^^^^^^^^^^^^
AttributeError: 'Member' object has no attribute 'timed_out_until'
Ignoring exception in on_member_update
Traceback (most recent call last):
  File "/usr/local/lib/python3.12/site-packages/discord/client.py", line 465, in _run_event
    await coro(*args, **kwargs)
  File "/app/asu_discord/cogs/analytics.py", line 652, in on_member_update
    before_timeout = before.timed_out_until
                     ^^^^^^^^^^^^^^^^^^^^^^
AttributeError: 'Member' object has no attribute 'timed_out_until'
Ignoring exception in on_member_update
Traceback (most recent call last):
  File "/usr/local/lib/python3.12/site-packages/discord/client.py", line 465, in _run_event
    await coro(*args, **kwargs)
  File "/app/asu_discord/cogs/analytics.py", line 652, in on_member_update
    before_timeout = before.timed_out_until
                     ^^^^^^^^^^^^^^^^^^^^^^
AttributeError: 'Member' object has no attribute 'timed_out_until'
Ignoring exception in on_member_update
Traceback (most recent call last):
  File "/usr/local/lib/python3.12/site-packages/discord/client.py", line 465, in _run_event
    await coro(*args, **kwargs)
  File "/app/asu_discord/cogs/analytics.py", line 652, in on_member_update
    before_timeout = before.timed_out_until
                     ^^^^^^^^^^^^^^^^^^^^^^
AttributeError: 'Member' object has no attribute 'timed_out_until'
INFO:asu_discord.cogs.verification:Saved 5 roles to database for user tswigget@asu.edu (Discord ID: 1440364171257581589)
INFO:asu_discord.cogs.verification:Refreshed Salesforce roles for Discord user 1440364171257581589: -5/+5 roles, assigned=[Arizona Resident, Herberger Institute for Design and the Arts, Tempe, Transfer Student, Upperclassmen]
ERROR:cron.jobs:refresh_salesforce_roles: failed for jrutled7 (Discord ID 707668670779883532): Failed to refresh Salesforce-based roles: Discord user 707668670779883532 is not a member of the guild
Ignoring exception in on_member_update
Traceback (most recent call last):
  File "/usr/local/lib/python3.12/site-packages/discord/client.py", line 465, in _run_event
    await coro(*args, **kwargs)
  File "/app/asu_discord/cogs/analytics.py", line 652, in on_member_update
    before_timeout = before.timed_out_until
                     ^^^^^^^^^^^^^^^^^^^^^^
AttributeError: 'Member' object has no attribute 'timed_out_until'
Ignoring exception in on_member_update
Traceback (most recent call last):
  File "/usr/local/lib/python3.12/site-packages/discord/client.py", line 465, in _run_event
    await coro(*args, **kwargs)
  File "/app/asu_discord/cogs/analytics.py", line 652, in on_member_update
    before_timeout = before.timed_out_until
                     ^^^^^^^^^^^^^^^^^^^^^^
AttributeError: 'Member' object has no attribute 'timed_out_until'
Ignoring exception in on_member_update
Traceback (most recent call last):
  File "/usr/local/lib/python3.12/site-packages/discord/client.py", line 465, in _run_event
    await coro(*args, **kwargs)
  File "/app/asu_discord/cogs/analytics.py", line 652, in on_member_update
    before_timeout = before.timed_out_until
                     ^^^^^^^^^^^^^^^^^^^^^^
AttributeError: 'Member' object has no attribute 'timed_out_until'
Ignoring exception in on_member_update
Traceback (most recent call last):
  File "/usr/local/lib/python3.12/site-packages/discord/client.py", line 465, in _run_event
    await coro(*args, **kwargs)
  File "/app/asu_discord/cogs/analytics.py", line 652, in on_member_update
    before_timeout = before.timed_out_until
                     ^^^^^^^^^^^^^^^^^^^^^^
AttributeError: 'Member' object has no attribute 'timed_out_until'
Ignoring exception in on_member_update
Traceback (most recent call last):
  File "/usr/local/lib/python3.12/site-packages/discord/client.py", line 465, in _run_event
    await coro(*args, **kwargs)
  File "/app/asu_discord/cogs/analytics.py", line 652, in on_member_update
    before_timeout = before.timed_out_until
                     ^^^^^^^^^^^^^^^^^^^^^^
AttributeError: 'Member' object has no attribute 'timed_out_until'
Ignoring exception in on_member_update
Traceback (most recent call last):
  File "/usr/local/lib/python3.12/site-packages/discord/client.py", line 465, in _run_event
    await coro(*args, **kwargs)
  File "/app/asu_discord/cogs/analytics.py", line 652, in on_member_update
    before_timeout = before.timed_out_until
                     ^^^^^^^^^^^^^^^^^^^^^^
AttributeError: 'Member' object has no attribute 'timed_out_until'
Ignoring exception in on_member_update
Traceback (most recent call last):
  File "/usr/local/lib/python3.12/site-packages/discord/client.py", line 465, in _run_event
    await coro(*args, **kwargs)
  File "/app/asu_discord/cogs/analytics.py", line 652, in on_member_update
    before_timeout = before.timed_out_until
                     ^^^^^^^^^^^^^^^^^^^^^^
AttributeError: 'Member' object has no attribute 'timed_out_until'
Ignoring exception in on_member_update
Traceback (most recent call last):
  File "/usr/local/lib/python3.12/site-packages/discord/client.py", line 465, in _run_event
    await coro(*args, **kwargs)
  File "/app/asu_discord/cogs/analytics.py", line 652, in on_member_update
    before_timeout = before.timed_out_until
                     ^^^^^^^^^^^^^^^^^^^^^^
AttributeError: 'Member' object has no attribute 'timed_out_until'
Ignoring exception in on_member_update
Traceback (most recent call last):
  File "/usr/local/lib/python3.12/site-packages/discord/client.py", line 465, in _run_event
    await coro(*args, **kwargs)
  File "/app/asu_discord/cogs/analytics.py", line 652, in on_member_update
    before_timeout = before.timed_out_until
                     ^^^^^^^^^^^^^^^^^^^^^^
AttributeError: 'Member' object has no attribute 'timed_out_until'
Ignoring exception in on_member_update
Traceback (most recent call last):
  File "/usr/local/lib/python3.12/site-packages/discord/client.py", line 465, in _run_event
    await coro(*args, **kwargs)
  File "/app/asu_discord/cogs/analytics.py", line 652, in on_member_update
    before_timeout = before.timed_out_until
                     ^^^^^^^^^^^^^^^^^^^^^^
AttributeError: 'Member' object has no attribute 'timed_out_until'
INFO:asu_discord.cogs.verification:Saved 5 roles to database for user rmarouke@asu.edu (Discord ID: 1314148236667387945)
INFO:asu_discord.cogs.verification:Refreshed Salesforce roles for Discord user 1314148236667387945: -5/+5 roles, assigned=[Ira A. Fulton Schools of Engineering, Online, Out of State, Transfer Student, Upperclassmen]
Ignoring exception in on_member_update
Traceback (most recent call last):
  File "/usr/local/lib/python3.12/site-packages/discord/client.py", line 465, in _run_event
    await coro(*args, **kwargs)
  File "/app/asu_discord/cogs/analytics.py", line 652, in on_member_update
    before_timeout = before.timed_out_until
                     ^^^^^^^^^^^^^^^^^^^^^^
AttributeError: 'Member' object has no attribute 'timed_out_until'
Ignoring exception in on_member_update
Traceback (most recent call last):
  File "/usr/local/lib/python3.12/site-packages/discord/client.py", line 465, in _run_event
    await coro(*args, **kwargs)
  File "/app/asu_discord/cogs/analytics.py", line 652, in on_member_update
    before_timeout = before.timed_out_until
                     ^^^^^^^^^^^^^^^^^^^^^^
AttributeError: 'Member' object has no attribute 'timed_out_until'
Ignoring exception in on_member_update
Traceback (most recent call last):
  File "/usr/local/lib/python3.12/site-packages/discord/client.py", line 465, in _run_event
    await coro(*args, **kwargs)
  File "/app/asu_discord/cogs/analytics.py", line 652, in on_member_update
    before_timeout = before.timed_out_until
                     ^^^^^^^^^^^^^^^^^^^^^^
AttributeError: 'Member' object has no attribute 'timed_out_until'
Ignoring exception in on_member_update
Traceback (most recent call last):
  File "/usr/local/lib/python3.12/site-packages/discord/client.py", line 465, in _run_event
    await coro(*args, **kwargs)
  File "/app/asu_discord/cogs/analytics.py", line 652, in on_member_update
    before_timeout = before.timed_out_until
                     ^^^^^^^^^^^^^^^^^^^^^^
AttributeError: 'Member' object has no attribute 'timed_out_until'
Ignoring exception in on_member_update
Traceback (most recent call last):
  File "/usr/local/lib/python3.12/site-packages/discord/client.py", line 465, in _run_event
    await coro(*args, **kwargs)
  File "/app/asu_discord/cogs/analytics.py", line 652, in on_member_update
    before_timeout = before.timed_out_until
                     ^^^^^^^^^^^^^^^^^^^^^^
AttributeError: 'Member' object has no attribute 'timed_out_until'
Ignoring exception in on_member_update
Traceback (most recent call last):
  File "/usr/local/lib/python3.12/site-packages/discord/client.py", line 465, in _run_event
    await coro(*args, **kwargs)
  File "/app/asu_discord/cogs/analytics.py", line 652, in on_member_update
    before_timeout = before.timed_out_until
                     ^^^^^^^^^^^^^^^^^^^^^^
AttributeError: 'Member' object has no attribute 'timed_out_until'
Ignoring exception in on_member_update
Traceback (most recent call last):
  File "/usr/local/lib/python3.12/site-packages/discord/client.py", line 465, in _run_event
    await coro(*args, **kwargs)
  File "/app/asu_discord/cogs/analytics.py", line 652, in on_member_update
    before_timeout = before.timed_out_until
                     ^^^^^^^^^^^^^^^^^^^^^^
AttributeError: 'Member' object has no attribute 'timed_out_until'
Ignoring exception in on_member_update
Traceback (most recent call last):
  File "/usr/local/lib/python3.12/site-packages/discord/client.py", line 465, in _run_event
    await coro(*args, **kwargs)
  File "/app/asu_discord/cogs/analytics.py", line 652, in on_member_update
    before_timeout = before.timed_out_until
                     ^^^^^^^^^^^^^^^^^^^^^^
AttributeError: 'Member' object has no attribute 'timed_out_until'
Ignoring exception in on_member_update
Traceback (most recent call last):
  File "/usr/local/lib/python3.12/site-packages/discord/client.py", line 465, in _run_event
    await coro(*args, **kwargs)
  File "/app/asu_discord/cogs/analytics.py", line 652, in on_member_update
    before_timeout = before.timed_out_until
                     ^^^^^^^^^^^^^^^^^^^^^^
AttributeError: 'Member' object has no attribute 'timed_out_until'
Ignoring exception in on_member_update
Traceback (most recent call last):
  File "/usr/local/lib/python3.12/site-packages/discord/client.py", line 465, in _run_event
    await coro(*args, **kwargs)
  File "/app/asu_discord/cogs/analytics.py", line 652, in on_member_update
    before_timeout = before.timed_out_until
                     ^^^^^^^^^^^^^^^^^^^^^^
AttributeError: 'Member' object has no attribute 'timed_out_until'
ERROR:cron.jobs:refresh_salesforce_roles: failed for atshen (Discord ID 213832861533339649): Timed out refresh Salesforce-based roles
Ignoring exception in on_member_update
Traceback (most recent call last):
  File "/usr/local/lib/python3.12/site-packages/discord/client.py", line 465, in _run_event
    await coro(*args, **kwargs)
  File "/app/asu_discord/cogs/analytics.py", line 652, in on_member_update
    before_timeout = before.timed_out_until
                     ^^^^^^^^^^^^^^^^^^^^^^
AttributeError: 'Member' object has no attribute 'timed_out_until'
Ignoring exception in on_member_update
Traceback (most recent call last):
  File "/usr/local/lib/python3.12/site-packages/discord/client.py", line 465, in _run_event
    await coro(*args, **kwargs)
  File "/app/asu_discord/cogs/analytics.py", line 652, in on_member_update
    before_timeout = before.timed_out_until
                     ^^^^^^^^^^^^^^^^^^^^^^
AttributeError: 'Member' object has no attribute 'timed_out_until'
Ignoring exception in on_member_update
Traceback (most recent call last):
  File "/usr/local/lib/python3.12/site-packages/discord/client.py", line 465, in _run_event
    await coro(*args, **kwargs)
  File "/app/asu_discord/cogs/analytics.py", line 652, in on_member_update
    before_timeout = before.timed_out_until
                     ^^^^^^^^^^^^^^^^^^^^^^
AttributeError: 'Member' object has no attribute 'timed_out_until'
Ignoring exception in on_member_update
Traceback (most recent call last):
  File "/usr/local/lib/python3.12/site-packages/discord/client.py", line 465, in _run_event
    await coro(*args, **kwargs)
  File "/app/asu_discord/cogs/analytics.py", line 652, in on_member_update
    before_timeout = before.timed_out_until
                     ^^^^^^^^^^^^^^^^^^^^^^
AttributeError: 'Member' object has no attribute 'timed_out_until'
Ignoring exception in on_member_update
Traceback (most recent call last):
  File "/usr/local/lib/python3.12/site-packages/discord/client.py", line 465, in _run_event
    await coro(*args, **kwargs)
  File "/app/asu_discord/cogs/analytics.py", line 652, in on_member_update
    before_timeout = before.timed_out_until
                     ^^^^^^^^^^^^^^^^^^^^^^
AttributeError: 'Member' object has no attribute 'timed_out_until'
Ignoring exception in on_member_update
Traceback (most recent call last):
  File "/usr/local/lib/python3.12/site-packages/discord/client.py", line 465, in _run_event
    await coro(*args, **kwargs)
  File "/app/asu_discord/cogs/analytics.py", line 652, in on_member_update
    before_timeout = before.timed_out_until
                     ^^^^^^^^^^^^^^^^^^^^^^
AttributeError: 'Member' object has no attribute 'timed_out_until'
Ignoring exception in on_member_update
Traceback (most recent call last):
  File "/usr/local/lib/python3.12/site-packages/discord/client.py", line 465, in _run_event
    await coro(*args, **kwargs)
  File "/app/asu_discord/cogs/analytics.py", line 652, in on_member_update
    before_timeout = before.timed_out_until
                     ^^^^^^^^^^^^^^^^^^^^^^
AttributeError: 'Member' object has no attribute 'timed_out_until'
Ignoring exception in on_member_update
Traceback (most recent call last):
  File "/usr/local/lib/python3.12/site-packages/discord/client.py", line 465, in _run_event
    await coro(*args, **kwargs)
  File "/app/asu_discord/cogs/analytics.py", line 652, in on_member_update
    before_timeout = before.timed_out_until
                     ^^^^^^^^^^^^^^^^^^^^^^
AttributeError: 'Member' object has no attribute 'timed_out_until'
Ignoring exception in on_member_update
Traceback (most recent call last):
  File "/usr/local/lib/python3.12/site-packages/discord/client.py", line 465, in _run_event
    await coro(*args, **kwargs)
  File "/app/asu_discord/cogs/analytics.py", line 652, in on_member_update
    before_timeout = before.timed_out_until
                     ^^^^^^^^^^^^^^^^^^^^^^
AttributeError: 'Member' object has no attribute 'timed_out_until'
Ignoring exception in on_member_update
Traceback (most recent call last):
  File "/usr/local/lib/python3.12/site-packages/discord/client.py", line 465, in _run_event
    await coro(*args, **kwargs)
  File "/app/asu_discord/cogs/analytics.py", line 652, in on_member_update
    before_timeout = before.timed_out_until
                     ^^^^^^^^^^^^^^^^^^^^^^
AttributeError: 'Member' object has no attribute 'timed_out_until'
INFO:asu_discord.cogs.verification:Saved 5 roles to database for user aempleo@asu.edu (Discord ID: 898965668597231698)
INFO:asu_discord.cogs.verification:Refreshed Salesforce roles for Discord user 898965668597231698: -5/+5 roles, assigned=[Arizona Resident, Commited, First Year, Ira A. Fulton Schools of Engineering, Tempe]
Ignoring exception in on_member_update
Traceback (most recent call last):
  File "/usr/local/lib/python3.12/site-packages/discord/client.py", line 465, in _run_event
    await coro(*args, **kwargs)
  File "/app/asu_discord/cogs/analytics.py", line 652, in on_member_update
    before_timeout = before.timed_out_until
                     ^^^^^^^^^^^^^^^^^^^^^^
AttributeError: 'Member' object has no attribute 'timed_out_until'
Ignoring exception in on_member_update
Traceback (most recent call last):
  File "/usr/local/lib/python3.12/site-packages/discord/client.py", line 465, in _run_event
    await coro(*args, **kwargs)
  File "/app/asu_discord/cogs/analytics.py", line 652, in on_member_update
    before_timeout = before.timed_out_until
                     ^^^^^^^^^^^^^^^^^^^^^^
AttributeError: 'Member' object has no attribute 'timed_out_until'
Ignoring exception in on_member_update
Traceback (most recent call last):
  File "/usr/local/lib/python3.12/site-packages/discord/client.py", line 465, in _run_event
    await coro(*args, **kwargs)
  File "/app/asu_discord/cogs/analytics.py", line 652, in on_member_update
    before_timeout = before.timed_out_until
                     ^^^^^^^^^^^^^^^^^^^^^^
AttributeError: 'Member' object has no attribute 'timed_out_until'
Ignoring exception in on_member_update
Traceback (most recent call last):
  File "/usr/local/lib/python3.12/site-packages/discord/client.py", line 465, in _run_event
    await coro(*args, **kwargs)
  File "/app/asu_discord/cogs/analytics.py", line 652, in on_member_update
    before_timeout = before.timed_out_until
                     ^^^^^^^^^^^^^^^^^^^^^^
AttributeError: 'Member' object has no attribute 'timed_out_until'
Ignoring exception in on_member_update
Traceback (most recent call last):
  File "/usr/local/lib/python3.12/site-packages/discord/client.py", line 465, in _run_event
    await coro(*args, **kwargs)
  File "/app/asu_discord/cogs/analytics.py", line 652, in on_member_update
    before_timeout = before.timed_out_until
                     ^^^^^^^^^^^^^^^^^^^^^^
AttributeError: 'Member' object has no attribute 'timed_out_until'
Ignoring exception in on_member_update
Traceback (most recent call last):
  File "/usr/local/lib/python3.12/site-packages/discord/client.py", line 465, in _run_event
    await coro(*args, **kwargs)
  File "/app/asu_discord/cogs/analytics.py", line 652, in on_member_update
    before_timeout = before.timed_out_until
                     ^^^^^^^^^^^^^^^^^^^^^^
AttributeError: 'Member' object has no attribute 'timed_out_until'
Ignoring exception in on_member_update
Traceback (most recent call last):
  File "/usr/local/lib/python3.12/site-packages/discord/client.py", line 465, in _run_event
    await coro(*args, **kwargs)
  File "/app/asu_discord/cogs/analytics.py", line 652, in on_member_update
    before_timeout = before.timed_out_until
                     ^^^^^^^^^^^^^^^^^^^^^^
AttributeError: 'Member' object has no attribute 'timed_out_until'
Ignoring exception in on_member_update
Traceback (most recent call last):
  File "/usr/local/lib/python3.12/site-packages/discord/client.py", line 465, in _run_event
    await coro(*args, **kwargs)
  File "/app/asu_discord/cogs/analytics.py", line 652, in on_member_update
    before_timeout = before.timed_out_until
                     ^^^^^^^^^^^^^^^^^^^^^^
AttributeError: 'Member' object has no attribute 'timed_out_until'
Ignoring exception in on_member_update
Traceback (most recent call last):
  File "/usr/local/lib/python3.12/site-packages/discord/client.py", line 465, in _run_event
    await coro(*args, **kwargs)
  File "/app/asu_discord/cogs/analytics.py", line 652, in on_member_update
    before_timeout = before.timed_out_until
                     ^^^^^^^^^^^^^^^^^^^^^^
AttributeError: 'Member' object has no attribute 'timed_out_until'
Ignoring exception in on_member_update
Traceback (most recent call last):
  File "/usr/local/lib/python3.12/site-packages/discord/client.py", line 465, in _run_event
    await coro(*args, **kwargs)
  File "/app/asu_discord/cogs/analytics.py", line 652, in on_member_update
    before_timeout = before.timed_out_until
                     ^^^^^^^^^^^^^^^^^^^^^^
AttributeError: 'Member' object has no attribute 'timed_out_until'
INFO:asu_discord.cogs.verification:Saved 5 roles to database for user jrschm14@asu.edu (Discord ID: 408029611855970306)
INFO:asu_discord.cogs.verification:Refreshed Salesforce roles for Discord user 408029611855970306: -5/+5 roles, assigned=[First Year, Ira A. Fulton Schools of Engineering, Online, Out of State, Upperclassmen]
Ignoring exception in on_member_update
Traceback (most recent call last):
  File "/usr/local/lib/python3.12/site-packages/discord/client.py", line 465, in _run_event
    await coro(*args, **kwargs)
  File "/app/asu_discord/cogs/analytics.py", line 652, in on_member_update
    before_timeout = before.timed_out_until
                     ^^^^^^^^^^^^^^^^^^^^^^
AttributeError: 'Member' object has no attribute 'timed_out_until'
Ignoring exception in on_member_update
Traceback (most recent call last):
  File "/usr/local/lib/python3.12/site-packages/discord/client.py", line 465, in _run_event
    await coro(*args, **kwargs)
  File "/app/asu_discord/cogs/analytics.py", line 652, in on_member_update
    before_timeout = before.timed_out_until
                     ^^^^^^^^^^^^^^^^^^^^^^
AttributeError: 'Member' object has no attribute 'timed_out_until'
Ignoring exception in on_member_update
Traceback (most recent call last):
  File "/usr/local/lib/python3.12/site-packages/discord/client.py", line 465, in _run_event
    await coro(*args, **kwargs)
  File "/app/asu_discord/cogs/analytics.py", line 652, in on_member_update
    before_timeout = before.timed_out_until
                     ^^^^^^^^^^^^^^^^^^^^^^
AttributeError: 'Member' object has no attribute 'timed_out_until'
Ignoring exception in on_member_update
Traceback (most recent call last):
  File "/usr/local/lib/python3.12/site-packages/discord/client.py", line 465, in _run_event
    await coro(*args, **kwargs)
  File "/app/asu_discord/cogs/analytics.py", line 652, in on_member_update
    before_timeout = before.timed_out_until
                     ^^^^^^^^^^^^^^^^^^^^^^
AttributeError: 'Member' object has no attribute 'timed_out_until'
Ignoring exception in on_member_update
Traceback (most recent call last):
  File "/usr/local/lib/python3.12/site-packages/discord/client.py", line 465, in _run_event
    await coro(*args, **kwargs)
  File "/app/asu_discord/cogs/analytics.py", line 652, in on_member_update
    before_timeout = before.timed_out_until
                     ^^^^^^^^^^^^^^^^^^^^^^
AttributeError: 'Member' object has no attribute 'timed_out_until'
Ignoring exception in on_member_update
Traceback (most recent call last):
  File "/usr/local/lib/python3.12/site-packages/discord/client.py", line 465, in _run_event
    await coro(*args, **kwargs)
  File "/app/asu_discord/cogs/analytics.py", line 652, in on_member_update
    before_timeout = before.timed_out_until
                     ^^^^^^^^^^^^^^^^^^^^^^
AttributeError: 'Member' object has no attribute 'timed_out_until'
Ignoring exception in on_member_update
Traceback (most recent call last):
  File "/usr/local/lib/python3.12/site-packages/discord/client.py", line 465, in _run_event
    await coro(*args, **kwargs)
  File "/app/asu_discord/cogs/analytics.py", line 652, in on_member_update
    before_timeout = before.timed_out_until
                     ^^^^^^^^^^^^^^^^^^^^^^
AttributeError: 'Member' object has no attribute 'timed_out_until'
Ignoring exception in on_member_update
Traceback (most recent call last):
  File "/usr/local/lib/python3.12/site-packages/discord/client.py", line 465, in _run_event
    await coro(*args, **kwargs)
  File "/app/asu_discord/cogs/analytics.py", line 652, in on_member_update
    before_timeout = before.timed_out_until
                     ^^^^^^^^^^^^^^^^^^^^^^
AttributeError: 'Member' object has no attribute 'timed_out_until'
Ignoring exception in on_member_update
Traceback (most recent call last):
  File "/usr/local/lib/python3.12/site-packages/discord/client.py", line 465, in _run_event
    await coro(*args, **kwargs)
  File "/app/asu_discord/cogs/analytics.py", line 652, in on_member_update
    before_timeout = before.timed_out_until
                     ^^^^^^^^^^^^^^^^^^^^^^
AttributeError: 'Member' object has no attribute 'timed_out_until'
Ignoring exception in on_member_update
Traceback (most recent call last):
  File "/usr/local/lib/python3.12/site-packages/discord/client.py", line 465, in _run_event
    await coro(*args, **kwargs)
  File "/app/asu_discord/cogs/analytics.py", line 652, in on_member_update
    before_timeout = before.timed_out_until
                     ^^^^^^^^^^^^^^^^^^^^^^
AttributeError: 'Member' object has no attribute 'timed_out_until'
INFO:asu_discord.cogs.verification:Saved 5 roles to database for user kgordo28@asu.edu (Discord ID: 1135040639814336533)
INFO:asu_discord.cogs.verification:Refreshed Salesforce roles for Discord user 1135040639814336533: -5/+5 roles, assigned=[College of Integrative Sciences and Arts, Online, Out of State, Transfer Student, Upperclassmen]
Ignoring exception in on_member_update
Traceback (most recent call last):
  File "/usr/local/lib/python3.12/site-packages/discord/client.py", line 465, in _run_event
    await coro(*args, **kwargs)
  File "/app/asu_discord/cogs/analytics.py", line 652, in on_member_update
    before_timeout = before.timed_out_until
                     ^^^^^^^^^^^^^^^^^^^^^^
AttributeError: 'Member' object has no attribute 'timed_out_until'
Ignoring exception in on_member_update
Traceback (most recent call last):
  File "/usr/local/lib/python3.12/site-packages/discord/client.py", line 465, in _run_event
    await coro(*args, **kwargs)
  File "/app/asu_discord/cogs/analytics.py", line 652, in on_member_update
    before_timeout = before.timed_out_until
                     ^^^^^^^^^^^^^^^^^^^^^^
AttributeError: 'Member' object has no attribute 'timed_out_until'
Ignoring exception in on_member_update
Traceback (most recent call last):
  File "/usr/local/lib/python3.12/site-packages/discord/client.py", line 465, in _run_event
    await coro(*args, **kwargs)
  File "/app/asu_discord/cogs/analytics.py", line 652, in on_member_update
    before_timeout = before.timed_out_until
                     ^^^^^^^^^^^^^^^^^^^^^^
AttributeError: 'Member' object has no attribute 'timed_out_until'
Ignoring exception in on_member_update
Traceback (most recent call last):
  File "/usr/local/lib/python3.12/site-packages/discord/client.py", line 465, in _run_event
    await coro(*args, **kwargs)
  File "/app/asu_discord/cogs/analytics.py", line 652, in on_member_update
    before_timeout = before.timed_out_until
                     ^^^^^^^^^^^^^^^^^^^^^^
AttributeError: 'Member' object has no attribute 'timed_out_until'
Ignoring exception in on_member_update
Traceback (most recent call last):
  File "/usr/local/lib/python3.12/site-packages/discord/client.py", line 465, in _run_event
    await coro(*args, **kwargs)
  File "/app/asu_discord/cogs/analytics.py", line 652, in on_member_update
    before_timeout = before.timed_out_until
                     ^^^^^^^^^^^^^^^^^^^^^^
AttributeError: 'Member' object has no attribute 'timed_out_until'
Ignoring exception in on_member_update
Traceback (most recent call last):
  File "/usr/local/lib/python3.12/site-packages/discord/client.py", line 465, in _run_event
    await coro(*args, **kwargs)
  File "/app/asu_discord/cogs/analytics.py", line 652, in on_member_update
    before_timeout = before.timed_out_until
                     ^^^^^^^^^^^^^^^^^^^^^^
AttributeError: 'Member' object has no attribute 'timed_out_until'
Ignoring exception in on_member_update
Traceback (most recent call last):
  File "/usr/local/lib/python3.12/site-packages/discord/client.py", line 465, in _run_event
    await coro(*args, **kwargs)
  File "/app/asu_discord/cogs/analytics.py", line 652, in on_member_update
    before_timeout = before.timed_out_until
                     ^^^^^^^^^^^^^^^^^^^^^^
AttributeError: 'Member' object has no attribute 'timed_out_until'
Ignoring exception in on_member_update
Traceback (most recent call last):
  File "/usr/local/lib/python3.12/site-packages/discord/client.py", line 465, in _run_event
    await coro(*args, **kwargs)
  File "/app/asu_discord/cogs/analytics.py", line 652, in on_member_update
    before_timeout = before.timed_out_until
                     ^^^^^^^^^^^^^^^^^^^^^^
AttributeError: 'Member' object has no attribute 'timed_out_until'
Ignoring exception in on_member_update
Traceback (most recent call last):
  File "/usr/local/lib/python3.12/site-packages/discord/client.py", line 465, in _run_event
    await coro(*args, **kwargs)
  File "/app/asu_discord/cogs/analytics.py", line 652, in on_member_update
    before_timeout = before.timed_out_until
                     ^^^^^^^^^^^^^^^^^^^^^^
AttributeError: 'Member' object has no attribute 'timed_out_until'
Ignoring exception in on_member_update
Traceback (most recent call last):
  File "/usr/local/lib/python3.12/site-packages/discord/client.py", line 465, in _run_event
    await coro(*args, **kwargs)
  File "/app/asu_discord/cogs/analytics.py", line 652, in on_member_update
    before_timeout = before.timed_out_until
                     ^^^^^^^^^^^^^^^^^^^^^^
AttributeError: 'Member' object has no attribute 'timed_out_until'
ERROR:cron.jobs:refresh_salesforce_roles: failed for kedough2 (Discord ID 763474259036340234): Timed out refresh Salesforce-based roles
Ignoring exception in on_member_update
Traceback (most recent call last):
  File "/usr/local/lib/python3.12/site-packages/discord/client.py", line 465, in _run_event
    await coro(*args, **kwargs)
  File "/app/asu_discord/cogs/analytics.py", line 652, in on_member_update
    before_timeout = before.timed_out_until
                     ^^^^^^^^^^^^^^^^^^^^^^
AttributeError: 'Member' object has no attribute 'timed_out_until'
Ignoring exception in on_member_update
Traceback (most recent call last):
  File "/usr/local/lib/python3.12/site-packages/discord/client.py", line 465, in _run_event
    await coro(*args, **kwargs)
  File "/app/asu_discord/cogs/analytics.py", line 652, in on_member_update
    before_timeout = before.timed_out_until
                     ^^^^^^^^^^^^^^^^^^^^^^
AttributeError: 'Member' object has no attribute 'timed_out_until'
Ignoring exception in on_member_update
Traceback (most recent call last):
  File "/usr/local/lib/python3.12/site-packages/discord/client.py", line 465, in _run_event
    await coro(*args, **kwargs)
  File "/app/asu_discord/cogs/analytics.py", line 652, in on_member_update
    before_timeout = before.timed_out_until
                     ^^^^^^^^^^^^^^^^^^^^^^
AttributeError: 'Member' object has no attribute 'timed_out_until'
Ignoring exception in on_member_update
Traceback (most recent call last):
  File "/usr/local/lib/python3.12/site-packages/discord/client.py", line 465, in _run_event
    await coro(*args, **kwargs)
  File "/app/asu_discord/cogs/analytics.py", line 652, in on_member_update
    before_timeout = before.timed_out_until
                     ^^^^^^^^^^^^^^^^^^^^^^
AttributeError: 'Member' object has no attribute 'timed_out_until'
Ignoring exception in on_member_update
Traceback (most recent call last):
  File "/usr/local/lib/python3.12/site-packages/discord/client.py", line 465, in _run_event
    await coro(*args, **kwargs)
  File "/app/asu_discord/cogs/analytics.py", line 652, in on_member_update
    before_timeout = before.timed_out_until
                     ^^^^^^^^^^^^^^^^^^^^^^
AttributeError: 'Member' object has no attribute 'timed_out_until'
Ignoring exception in on_member_update
Traceback (most recent call last):
  File "/usr/local/lib/python3.12/site-packages/discord/client.py", line 465, in _run_event
    await coro(*args, **kwargs)
  File "/app/asu_discord/cogs/analytics.py", line 652, in on_member_update
    before_timeout = before.timed_out_until
                     ^^^^^^^^^^^^^^^^^^^^^^
AttributeError: 'Member' object has no attribute 'timed_out_until'
Ignoring exception in on_member_update
Traceback (most recent call last):
  File "/usr/local/lib/python3.12/site-packages/discord/client.py", line 465, in _run_event
    await coro(*args, **kwargs)
  File "/app/asu_discord/cogs/analytics.py", line 652, in on_member_update
    before_timeout = before.timed_out_until
                     ^^^^^^^^^^^^^^^^^^^^^^
AttributeError: 'Member' object has no attribute 'timed_out_until'
Ignoring exception in on_member_update
Traceback (most recent call last):
  File "/usr/local/lib/python3.12/site-packages/discord/client.py", line 465, in _run_event
    await coro(*args, **kwargs)
  File "/app/asu_discord/cogs/analytics.py", line 652, in on_member_update
    before_timeout = before.timed_out_until
                     ^^^^^^^^^^^^^^^^^^^^^^
AttributeError: 'Member' object has no attribute 'timed_out_until'
Ignoring exception in on_member_update
Traceback (most recent call last):
  File "/usr/local/lib/python3.12/site-packages/discord/client.py", line 465, in _run_event
    await coro(*args, **kwargs)
  File "/app/asu_discord/cogs/analytics.py", line 652, in on_member_update
    before_timeout = before.timed_out_until
                     ^^^^^^^^^^^^^^^^^^^^^^
AttributeError: 'Member' object has no attribute 'timed_out_until'
Ignoring exception in on_member_update
Traceback (most recent call last):
  File "/usr/local/lib/python3.12/site-packages/discord/client.py", line 465, in _run_event
    await coro(*args, **kwargs)
  File "/app/asu_discord/cogs/analytics.py", line 652, in on_member_update
    before_timeout = before.timed_out_until
                     ^^^^^^^^^^^^^^^^^^^^^^
AttributeError: 'Member' object has no attribute 'timed_out_until'
ERROR:cron.jobs:refresh_salesforce_roles: failed for sgracia3 (Discord ID 875184771150532618): Timed out refresh Salesforce-based roles
ERROR:cron.jobs:refresh_salesforce_roles: failed for skim450 (Discord ID 184119503658024962): Failed to refresh Salesforce-based roles: Discord user 184119503658024962 is not a member of the guild
Ignoring exception in on_member_update
Traceback (most recent call last):
  File "/usr/local/lib/python3.12/site-packages/discord/client.py", line 465, in _run_event
    await coro(*args, **kwargs)
  File "/app/asu_discord/cogs/analytics.py", line 652, in on_member_update
    before_timeout = before.timed_out_until
                     ^^^^^^^^^^^^^^^^^^^^^^
AttributeError: 'Member' object has no attribute 'timed_out_until'
Ignoring exception in on_member_update
Traceback (most recent call last):
  File "/usr/local/lib/python3.12/site-packages/discord/client.py", line 465, in _run_event
    await coro(*args, **kwargs)
  File "/app/asu_discord/cogs/analytics.py", line 652, in on_member_update
    before_timeout = before.timed_out_until
                     ^^^^^^^^^^^^^^^^^^^^^^
AttributeError: 'Member' object has no attribute 'timed_out_until'
Ignoring exception in on_member_update
Traceback (most recent call last):
  File "/usr/local/lib/python3.12/site-packages/discord/client.py", line 465, in _run_event
    await coro(*args, **kwargs)
  File "/app/asu_discord/cogs/analytics.py", line 652, in on_member_update
    before_timeout = before.timed_out_until
                     ^^^^^^^^^^^^^^^^^^^^^^
AttributeError: 'Member' object has no attribute 'timed_out_until'
Ignoring exception in on_member_update
Traceback (most recent call last):
  File "/usr/local/lib/python3.12/site-packages/discord/client.py", line 465, in _run_event
    await coro(*args, **kwargs)
  File "/app/asu_discord/cogs/analytics.py", line 652, in on_member_update
    before_timeout = before.timed_out_until
                     ^^^^^^^^^^^^^^^^^^^^^^
AttributeError: 'Member' object has no attribute 'timed_out_until'
Ignoring exception in on_member_update
Traceback (most recent call last):
  File "/usr/local/lib/python3.12/site-packages/discord/client.py", line 465, in _run_event
    await coro(*args, **kwargs)
  File "/app/asu_discord/cogs/analytics.py", line 652, in on_member_update
    before_timeout = before.timed_out_until
                     ^^^^^^^^^^^^^^^^^^^^^^
AttributeError: 'Member' object has no attribute 'timed_out_until'
Ignoring exception in on_member_update
Traceback (most recent call last):
  File "/usr/local/lib/python3.12/site-packages/discord/client.py", line 465, in _run_event
    await coro(*args, **kwargs)
  File "/app/asu_discord/cogs/analytics.py", line 652, in on_member_update
    before_timeout = before.timed_out_until
                     ^^^^^^^^^^^^^^^^^^^^^^
AttributeError: 'Member' object has no attribute 'timed_out_until'
Ignoring exception in on_member_update
Traceback (most recent call last):
  File "/usr/local/lib/python3.12/site-packages/discord/client.py", line 465, in _run_event
    await coro(*args, **kwargs)
  File "/app/asu_discord/cogs/analytics.py", line 652, in on_member_update
    before_timeout = before.timed_out_until
                     ^^^^^^^^^^^^^^^^^^^^^^
AttributeError: 'Member' object has no attribute 'timed_out_until'
Ignoring exception in on_member_update
Traceback (most recent call last):
  File "/usr/local/lib/python3.12/site-packages/discord/client.py", line 465, in _run_event
    await coro(*args, **kwargs)
  File "/app/asu_discord/cogs/analytics.py", line 652, in on_member_update
    before_timeout = before.timed_out_until
                     ^^^^^^^^^^^^^^^^^^^^^^
AttributeError: 'Member' object has no attribute 'timed_out_until'
Ignoring exception in on_member_update
Traceback (most recent call last):
  File "/usr/local/lib/python3.12/site-packages/discord/client.py", line 465, in _run_event
    await coro(*args, **kwargs)
  File "/app/asu_discord/cogs/analytics.py", line 652, in on_member_update
    before_timeout = before.timed_out_until
                     ^^^^^^^^^^^^^^^^^^^^^^
AttributeError: 'Member' object has no attribute 'timed_out_until'
Ignoring exception in on_member_update
Traceback (most recent call last):
  File "/usr/local/lib/python3.12/site-packages/discord/client.py", line 465, in _run_event
    await coro(*args, **kwargs)
  File "/app/asu_discord/cogs/analytics.py", line 652, in on_member_update
    before_timeout = before.timed_out_until
                     ^^^^^^^^^^^^^^^^^^^^^^
AttributeError: 'Member' object has no attribute 'timed_out_until'
INFO:asu_discord.cogs.verification:Saved 5 roles to database for user mcontr70@asu.edu (Discord ID: 786019687124303882)
INFO:asu_discord.cogs.verification:Refreshed Salesforce roles for Discord user 786019687124303882: -5/+5 roles, assigned=[Arizona Resident, Commited, First Year, Tempe, W.P. Carey School of Business]
Ignoring exception in on_member_update
Traceback (most recent call last):
  File "/usr/local/lib/python3.12/site-packages/discord/client.py", line 465, in _run_event
    await coro(*args, **kwargs)
  File "/app/asu_discord/cogs/analytics.py", line 652, in on_member_update
    before_timeout = before.timed_out_until
                     ^^^^^^^^^^^^^^^^^^^^^^
AttributeError: 'Member' object has no attribute 'timed_out_until'
Ignoring exception in on_member_update
Traceback (most recent call last):
  File "/usr/local/lib/python3.12/site-packages/discord/client.py", line 465, in _run_event
    await coro(*args, **kwargs)
  File "/app/asu_discord/cogs/analytics.py", line 652, in on_member_update
    before_timeout = before.timed_out_until
                     ^^^^^^^^^^^^^^^^^^^^^^
AttributeError: 'Member' object has no attribute 'timed_out_until'
Ignoring exception in on_member_update
Traceback (most recent call last):
  File "/usr/local/lib/python3.12/site-packages/discord/client.py", line 465, in _run_event
    await coro(*args, **kwargs)
  File "/app/asu_discord/cogs/analytics.py", line 652, in on_member_update
    before_timeout = before.timed_out_until
                     ^^^^^^^^^^^^^^^^^^^^^^
AttributeError: 'Member' object has no attribute 'timed_out_until'
Ignoring exception in on_member_update
Traceback (most recent call last):
  File "/usr/local/lib/python3.12/site-packages/discord/client.py", line 465, in _run_event
    await coro(*args, **kwargs)
  File "/app/asu_discord/cogs/analytics.py", line 652, in on_member_update
    before_timeout = before.timed_out_until
                     ^^^^^^^^^^^^^^^^^^^^^^
AttributeError: 'Member' object has no attribute 'timed_out_until'
Ignoring exception in on_member_update
Traceback (most recent call last):
  File "/usr/local/lib/python3.12/site-packages/discord/client.py", line 465, in _run_event
    await coro(*args, **kwargs)
  File "/app/asu_discord/cogs/analytics.py", line 652, in on_member_update
    before_timeout = before.timed_out_until
                     ^^^^^^^^^^^^^^^^^^^^^^
AttributeError: 'Member' object has no attribute 'timed_out_until'
Ignoring exception in on_member_update
Traceback (most recent call last):
  File "/usr/local/lib/python3.12/site-packages/discord/client.py", line 465, in _run_event
    await coro(*args, **kwargs)
  File "/app/asu_discord/cogs/analytics.py", line 652, in on_member_update
    before_timeout = before.timed_out_until
                     ^^^^^^^^^^^^^^^^^^^^^^
AttributeError: 'Member' object has no attribute 'timed_out_until'
Ignoring exception in on_member_update
Traceback (most recent call last):
  File "/usr/local/lib/python3.12/site-packages/discord/client.py", line 465, in _run_event
    await coro(*args, **kwargs)
  File "/app/asu_discord/cogs/analytics.py", line 652, in on_member_update
    before_timeout = before.timed_out_until
                     ^^^^^^^^^^^^^^^^^^^^^^
AttributeError: 'Member' object has no attribute 'timed_out_until'
Ignoring exception in on_member_update
Traceback (most recent call last):
  File "/usr/local/lib/python3.12/site-packages/discord/client.py", line 465, in _run_event
    await coro(*args, **kwargs)
  File "/app/asu_discord/cogs/analytics.py", line 652, in on_member_update
    before_timeout = before.timed_out_until
                     ^^^^^^^^^^^^^^^^^^^^^^
AttributeError: 'Member' object has no attribute 'timed_out_until'
Ignoring exception in on_member_update
Traceback (most recent call last):
  File "/usr/local/lib/python3.12/site-packages/discord/client.py", line 465, in _run_event
    await coro(*args, **kwargs)
  File "/app/asu_discord/cogs/analytics.py", line 652, in on_member_update
    before_timeout = before.timed_out_until
                     ^^^^^^^^^^^^^^^^^^^^^^
AttributeError: 'Member' object has no attribute 'timed_out_until'
INFO:asu_discord.cogs.verification:Saved 5 roles to database for user sharrod2@asu.edu (Discord ID: 785196008736555059)
INFO:asu_discord.cogs.verification:Refreshed Salesforce roles for Discord user 785196008736555059: -5/+4 roles, assigned=[Arizona Resident, Commited, First Year, Ira A. Fulton Schools of Engineering, Tempe]
Ignoring exception in on_member_update
Traceback (most recent call last):
  File "/usr/local/lib/python3.12/site-packages/discord/client.py", line 465, in _run_event
    await coro(*args, **kwargs)
  File "/app/asu_discord/cogs/analytics.py", line 652, in on_member_update
    before_timeout = before.timed_out_until
                     ^^^^^^^^^^^^^^^^^^^^^^
AttributeError: 'Member' object has no attribute 'timed_out_until'
Ignoring exception in on_member_update
Traceback (most recent call last):
  File "/usr/local/lib/python3.12/site-packages/discord/client.py", line 465, in _run_event
    await coro(*args, **kwargs)
  File "/app/asu_discord/cogs/analytics.py", line 652, in on_member_update
    before_timeout = before.timed_out_until
                     ^^^^^^^^^^^^^^^^^^^^^^
AttributeError: 'Member' object has no attribute 'timed_out_until'
INFO:asu_discord.cogs.verification:Saved 1 roles to database for user btbatson@asu.edu (Discord ID: 584841361463705600)
INFO:asu_discord.cogs.verification:Refreshed Salesforce roles for Discord user 584841361463705600: -1/+1 roles, assigned=[Arizona Resident]
Ignoring exception in on_member_update
Traceback (most recent call last):
  File "/usr/local/lib/python3.12/site-packages/discord/client.py", line 465, in _run_event
    await coro(*args, **kwargs)
  File "/app/asu_discord/cogs/analytics.py", line 652, in on_member_update
    before_timeout = before.timed_out_until
                     ^^^^^^^^^^^^^^^^^^^^^^
AttributeError: 'Member' object has no attribute 'timed_out_until'
Ignoring exception in on_member_update
Traceback (most recent call last):
  File "/usr/local/lib/python3.12/site-packages/discord/client.py", line 465, in _run_event
    await coro(*args, **kwargs)
  File "/app/asu_discord/cogs/analytics.py", line 652, in on_member_update
    before_timeout = before.timed_out_until
                     ^^^^^^^^^^^^^^^^^^^^^^
AttributeError: 'Member' object has no attribute 'timed_out_until'
Ignoring exception in on_member_update
Traceback (most recent call last):
  File "/usr/local/lib/python3.12/site-packages/discord/client.py", line 465, in _run_event
    await coro(*args, **kwargs)
  File "/app/asu_discord/cogs/analytics.py", line 652, in on_member_update
    before_timeout = before.timed_out_until
                     ^^^^^^^^^^^^^^^^^^^^^^
AttributeError: 'Member' object has no attribute 'timed_out_until'
Ignoring exception in on_member_update
Traceback (most recent call last):
  File "/usr/local/lib/python3.12/site-packages/discord/client.py", line 465, in _run_event
    await coro(*args, **kwargs)
  File "/app/asu_discord/cogs/analytics.py", line 652, in on_member_update
    before_timeout = before.timed_out_until
                     ^^^^^^^^^^^^^^^^^^^^^^
AttributeError: 'Member' object has no attribute 'timed_out_until'
Ignoring exception in on_member_update
Traceback (most recent call last):
  File "/usr/local/lib/python3.12/site-packages/discord/client.py", line 465, in _run_event
    await coro(*args, **kwargs)
  File "/app/asu_discord/cogs/analytics.py", line 652, in on_member_update
    before_timeout = before.timed_out_until
                     ^^^^^^^^^^^^^^^^^^^^^^
AttributeError: 'Member' object has no attribute 'timed_out_until'
Ignoring exception in on_member_update
Traceback (most recent call last):
  File "/usr/local/lib/python3.12/site-packages/discord/client.py", line 465, in _run_event
    await coro(*args, **kwargs)
  File "/app/asu_discord/cogs/analytics.py", line 652, in on_member_update
    before_timeout = before.timed_out_until
                     ^^^^^^^^^^^^^^^^^^^^^^
AttributeError: 'Member' object has no attribute 'timed_out_until'
Ignoring exception in on_member_update
Traceback (most recent call last):
  File "/usr/local/lib/python3.12/site-packages/discord/client.py", line 465, in _run_event
    await coro(*args, **kwargs)
  File "/app/asu_discord/cogs/analytics.py", line 652, in on_member_update
    before_timeout = before.timed_out_until
                     ^^^^^^^^^^^^^^^^^^^^^^
AttributeError: 'Member' object has no attribute 'timed_out_until'
Ignoring exception in on_member_update
Traceback (most recent call last):
  File "/usr/local/lib/python3.12/site-packages/discord/client.py", line 465, in _run_event
    await coro(*args, **kwargs)
  File "/app/asu_discord/cogs/analytics.py", line 652, in on_member_update
    before_timeout = before.timed_out_until
                     ^^^^^^^^^^^^^^^^^^^^^^
AttributeError: 'Member' object has no attribute 'timed_out_until'
Ignoring exception in on_member_update
Traceback (most recent call last):
  File "/usr/local/lib/python3.12/site-packages/discord/client.py", line 465, in _run_event
    await coro(*args, **kwargs)
  File "/app/asu_discord/cogs/analytics.py", line 652, in on_member_update
    before_timeout = before.timed_out_until
                     ^^^^^^^^^^^^^^^^^^^^^^
AttributeError: 'Member' object has no attribute 'timed_out_until'
Ignoring exception in on_member_update
Traceback (most recent call last):
  File "/usr/local/lib/python3.12/site-packages/discord/client.py", line 465, in _run_event
    await coro(*args, **kwargs)
  File "/app/asu_discord/cogs/analytics.py", line 652, in on_member_update
    before_timeout = before.timed_out_until
                     ^^^^^^^^^^^^^^^^^^^^^^
AttributeError: 'Member' object has no attribute 'timed_out_until'
Ignoring exception in on_member_update
Traceback (most recent call last):
  File "/usr/local/lib/python3.12/site-packages/discord/client.py", line 465, in _run_event
    await coro(*args, **kwargs)
  File "/app/asu_discord/cogs/analytics.py", line 652, in on_member_update
    before_timeout = before.timed_out_until
                     ^^^^^^^^^^^^^^^^^^^^^^
AttributeError: 'Member' object has no attribute 'timed_out_until'
INFO:asu_discord.cogs.verification:Saved 7 roles to database for user tcheung5@asu.edu (Discord ID: 1156676161984802846)
INFO:asu_discord.cogs.verification:Refreshed Salesforce roles for Discord user 1156676161984802846: -4/+7 roles, assigned=[College of Liberal Arts and Sciences, International Student, Ira A. Fulton Schools of Engineering, Online, Tempe, Transfer Student, Upperclassmen]
Ignoring exception in on_member_update
Traceback (most recent call last):
  File "/usr/local/lib/python3.12/site-packages/discord/client.py", line 465, in _run_event
    await coro(*args, **kwargs)
  File "/app/asu_discord/cogs/analytics.py", line 652, in on_member_update
    before_timeout = before.timed_out_until
                     ^^^^^^^^^^^^^^^^^^^^^^
AttributeError: 'Member' object has no attribute 'timed_out_until'
Ignoring exception in on_member_update
Traceback (most recent call last):
  File "/usr/local/lib/python3.12/site-packages/discord/client.py", line 465, in _run_event
    await coro(*args, **kwargs)
  File "/app/asu_discord/cogs/analytics.py", line 652, in on_member_update
    before_timeout = before.timed_out_until
                     ^^^^^^^^^^^^^^^^^^^^^^
AttributeError: 'Member' object has no attribute 'timed_out_until'
Ignoring exception in on_member_update
Traceback (most recent call last):
  File "/usr/local/lib/python3.12/site-packages/discord/client.py", line 465, in _run_event
    await coro(*args, **kwargs)
  File "/app/asu_discord/cogs/analytics.py", line 652, in on_member_update
    before_timeout = before.timed_out_until
                     ^^^^^^^^^^^^^^^^^^^^^^
AttributeError: 'Member' object has no attribute 'timed_out_until'
Ignoring exception in on_member_update
Traceback (most recent call last):
  File "/usr/local/lib/python3.12/site-packages/discord/client.py", line 465, in _run_event
    await coro(*args, **kwargs)
  File "/app/asu_discord/cogs/analytics.py", line 652, in on_member_update
    before_timeout = before.timed_out_until
                     ^^^^^^^^^^^^^^^^^^^^^^
AttributeError: 'Member' object has no attribute 'timed_out_until'
Ignoring exception in on_member_update
Traceback (most recent call last):
  File "/usr/local/lib/python3.12/site-packages/discord/client.py", line 465, in _run_event
    await coro(*args, **kwargs)
  File "/app/asu_discord/cogs/analytics.py", line 652, in on_member_update
    before_timeout = before.timed_out_until
                     ^^^^^^^^^^^^^^^^^^^^^^
AttributeError: 'Member' object has no attribute 'timed_out_until'
Ignoring exception in on_member_update
Traceback (most recent call last):
  File "/usr/local/lib/python3.12/site-packages/discord/client.py", line 465, in _run_event
    await coro(*args, **kwargs)
  File "/app/asu_discord/cogs/analytics.py", line 652, in on_member_update
    before_timeout = before.timed_out_until
                     ^^^^^^^^^^^^^^^^^^^^^^
AttributeError: 'Member' object has no attribute 'timed_out_until'
Ignoring exception in on_member_update
Traceback (most recent call last):
  File "/usr/local/lib/python3.12/site-packages/discord/client.py", line 465, in _run_event
    await coro(*args, **kwargs)
  File "/app/asu_discord/cogs/analytics.py", line 652, in on_member_update
    before_timeout = before.timed_out_until
                     ^^^^^^^^^^^^^^^^^^^^^^
AttributeError: 'Member' object has no attribute 'timed_out_until'
Ignoring exception in on_member_update
Traceback (most recent call last):
  File "/usr/local/lib/python3.12/site-packages/discord/client.py", line 465, in _run_event
    await coro(*args, **kwargs)
  File "/app/asu_discord/cogs/analytics.py", line 652, in on_member_update
    before_timeout = before.timed_out_until
                     ^^^^^^^^^^^^^^^^^^^^^^
AttributeError: 'Member' object has no attribute 'timed_out_until'
Ignoring exception in on_member_update
Traceback (most recent call last):
  File "/usr/local/lib/python3.12/site-packages/discord/client.py", line 465, in _run_event
    await coro(*args, **kwargs)
  File "/app/asu_discord/cogs/analytics.py", line 652, in on_member_update
    before_timeout = before.timed_out_until
                     ^^^^^^^^^^^^^^^^^^^^^^
AttributeError: 'Member' object has no attribute 'timed_out_until'
Ignoring exception in on_member_update
Traceback (most recent call last):
  File "/usr/local/lib/python3.12/site-packages/discord/client.py", line 465, in _run_event
    await coro(*args, **kwargs)
  File "/app/asu_discord/cogs/analytics.py", line 652, in on_member_update
    before_timeout = before.timed_out_until
                     ^^^^^^^^^^^^^^^^^^^^^^
AttributeError: 'Member' object has no attribute 'timed_out_until'
INFO:asu_discord.cogs.verification:Saved 5 roles to database for user aelbaum@asu.edu (Discord ID: 1440381009248911475)
INFO:asu_discord.cogs.verification:Refreshed Salesforce roles for Discord user 1440381009248911475: -5/+5 roles, assigned=[Online, Out of State, Transfer Student, Upperclassmen, W.P. Carey School of Business]
Ignoring exception in on_member_update
Traceback (most recent call last):
  File "/usr/local/lib/python3.12/site-packages/discord/client.py", line 465, in _run_event
    await coro(*args, **kwargs)
  File "/app/asu_discord/cogs/analytics.py", line 652, in on_member_update
    before_timeout = before.timed_out_until
                     ^^^^^^^^^^^^^^^^^^^^^^
AttributeError: 'Member' object has no attribute 'timed_out_until'
Ignoring exception in on_member_update
Traceback (most recent call last):
  File "/usr/local/lib/python3.12/site-packages/discord/client.py", line 465, in _run_event
    await coro(*args, **kwargs)
  File "/app/asu_discord/cogs/analytics.py", line 652, in on_member_update
    before_timeout = before.timed_out_until
                     ^^^^^^^^^^^^^^^^^^^^^^
AttributeError: 'Member' object has no attribute 'timed_out_until'
Ignoring exception in on_member_update
Traceback (most recent call last):
  File "/usr/local/lib/python3.12/site-packages/discord/client.py", line 465, in _run_event
    await coro(*args, **kwargs)
  File "/app/asu_discord/cogs/analytics.py", line 652, in on_member_update
    before_timeout = before.timed_out_until
                     ^^^^^^^^^^^^^^^^^^^^^^
AttributeError: 'Member' object has no attribute 'timed_out_until'
Ignoring exception in on_member_update
Traceback (most recent call last):
  File "/usr/local/lib/python3.12/site-packages/discord/client.py", line 465, in _run_event
    await coro(*args, **kwargs)
  File "/app/asu_discord/cogs/analytics.py", line 652, in on_member_update
    before_timeout = before.timed_out_until
                     ^^^^^^^^^^^^^^^^^^^^^^
AttributeError: 'Member' object has no attribute 'timed_out_until'
Ignoring exception in on_member_update
Traceback (most recent call last):
  File "/usr/local/lib/python3.12/site-packages/discord/client.py", line 465, in _run_event
    await coro(*args, **kwargs)
  File "/app/asu_discord/cogs/analytics.py", line 652, in on_member_update
    before_timeout = before.timed_out_until
                     ^^^^^^^^^^^^^^^^^^^^^^
AttributeError: 'Member' object has no attribute 'timed_out_until'
Ignoring exception in on_member_update
Traceback (most recent call last):
  File "/usr/local/lib/python3.12/site-packages/discord/client.py", line 465, in _run_event
    await coro(*args, **kwargs)
  File "/app/asu_discord/cogs/analytics.py", line 652, in on_member_update
    before_timeout = before.timed_out_until
                     ^^^^^^^^^^^^^^^^^^^^^^
AttributeError: 'Member' object has no attribute 'timed_out_until'
Ignoring exception in on_member_update
Traceback (most recent call last):
  File "/usr/local/lib/python3.12/site-packages/discord/client.py", line 465, in _run_event
    await coro(*args, **kwargs)
  File "/app/asu_discord/cogs/analytics.py", line 652, in on_member_update
    before_timeout = before.timed_out_until
                     ^^^^^^^^^^^^^^^^^^^^^^
AttributeError: 'Member' object has no attribute 'timed_out_until'
Ignoring exception in on_member_update
Traceback (most recent call last):
  File "/usr/local/lib/python3.12/site-packages/discord/client.py", line 465, in _run_event
    await coro(*args, **kwargs)
  File "/app/asu_discord/cogs/analytics.py", line 652, in on_member_update
    before_timeout = before.timed_out_until
                     ^^^^^^^^^^^^^^^^^^^^^^
AttributeError: 'Member' object has no attribute 'timed_out_until'
Ignoring exception in on_member_update
Traceback (most recent call last):
  File "/usr/local/lib/python3.12/site-packages/discord/client.py", line 465, in _run_event
    await coro(*args, **kwargs)
  File "/app/asu_discord/cogs/analytics.py", line 652, in on_member_update
    before_timeout = before.timed_out_until
                     ^^^^^^^^^^^^^^^^^^^^^^
AttributeError: 'Member' object has no attribute 'timed_out_until'
Ignoring exception in on_member_update
Traceback (most recent call last):
  File "/usr/local/lib/python3.12/site-packages/discord/client.py", line 465, in _run_event
    await coro(*args, **kwargs)
  File "/app/asu_discord/cogs/analytics.py", line 652, in on_member_update
    before_timeout = before.timed_out_until
                     ^^^^^^^^^^^^^^^^^^^^^^
AttributeError: 'Member' object has no attribute 'timed_out_until'
INFO:asu_discord.cogs.verification:Saved 6 roles to database for user claireda@asu.edu (Discord ID: 390697842148245505)
INFO:asu_discord.cogs.verification:Refreshed Salesforce roles for Discord user 390697842148245505: -5/+5 roles, assigned=[Arizona Resident, College of Liberal Arts and Sciences, Commited, Graduate Student, Online, Tempe]
ERROR:cron.jobs:refresh_salesforce_roles: failed for kcehajic (Discord ID 702960102176456704): Failed to refresh Salesforce-based roles: Discord user 702960102176456704 is not a member of the guild
Ignoring exception in on_member_update
Traceback (most recent call last):
  File "/usr/local/lib/python3.12/site-packages/discord/client.py", line 465, in _run_event
    await coro(*args, **kwargs)
  File "/app/asu_discord/cogs/analytics.py", line 652, in on_member_update
    before_timeout = before.timed_out_until
                     ^^^^^^^^^^^^^^^^^^^^^^
AttributeError: 'Member' object has no attribute 'timed_out_until'
Ignoring exception in on_member_update
Traceback (most recent call last):
  File "/usr/local/lib/python3.12/site-packages/discord/client.py", line 465, in _run_event
    await coro(*args, **kwargs)
  File "/app/asu_discord/cogs/analytics.py", line 652, in on_member_update
    before_timeout = before.timed_out_until
                     ^^^^^^^^^^^^^^^^^^^^^^
AttributeError: 'Member' object has no attribute 'timed_out_until'
Ignoring exception in on_member_update
Traceback (most recent call last):
  File "/usr/local/lib/python3.12/site-packages/discord/client.py", line 465, in _run_event
    await coro(*args, **kwargs)
  File "/app/asu_discord/cogs/analytics.py", line 652, in on_member_update
    before_timeout = before.timed_out_until
                     ^^^^^^^^^^^^^^^^^^^^^^
AttributeError: 'Member' object has no attribute 'timed_out_until'
Ignoring exception in on_member_update
Traceback (most recent call last):
  File "/usr/local/lib/python3.12/site-packages/discord/client.py", line 465, in _run_event
    await coro(*args, **kwargs)
  File "/app/asu_discord/cogs/analytics.py", line 652, in on_member_update
    before_timeout = before.timed_out_until
                     ^^^^^^^^^^^^^^^^^^^^^^
AttributeError: 'Member' object has no attribute 'timed_out_until'
Ignoring exception in on_member_update
Traceback (most recent call last):
  File "/usr/local/lib/python3.12/site-packages/discord/client.py", line 465, in _run_event
    await coro(*args, **kwargs)
  File "/app/asu_discord/cogs/analytics.py", line 652, in on_member_update
    before_timeout = before.timed_out_until
                     ^^^^^^^^^^^^^^^^^^^^^^
AttributeError: 'Member' object has no attribute 'timed_out_until'
Ignoring exception in on_member_update
Traceback (most recent call last):
  File "/usr/local/lib/python3.12/site-packages/discord/client.py", line 465, in _run_event
    await coro(*args, **kwargs)
  File "/app/asu_discord/cogs/analytics.py", line 652, in on_member_update
    before_timeout = before.timed_out_until
                     ^^^^^^^^^^^^^^^^^^^^^^
AttributeError: 'Member' object has no attribute 'timed_out_until'
Ignoring exception in on_member_update
Traceback (most recent call last):
  File "/usr/local/lib/python3.12/site-packages/discord/client.py", line 465, in _run_event
    await coro(*args, **kwargs)
  File "/app/asu_discord/cogs/analytics.py", line 652, in on_member_update
    before_timeout = before.timed_out_until
                     ^^^^^^^^^^^^^^^^^^^^^^
AttributeError: 'Member' object has no attribute 'timed_out_until'
Ignoring exception in on_member_update
Traceback (most recent call last):
  File "/usr/local/lib/python3.12/site-packages/discord/client.py", line 465, in _run_event
    await coro(*args, **kwargs)
  File "/app/asu_discord/cogs/analytics.py", line 652, in on_member_update
    before_timeout = before.timed_out_until
                     ^^^^^^^^^^^^^^^^^^^^^^
AttributeError: 'Member' object has no attribute 'timed_out_until'
Ignoring exception in on_member_update
Traceback (most recent call last):
  File "/usr/local/lib/python3.12/site-packages/discord/client.py", line 465, in _run_event
    await coro(*args, **kwargs)
  File "/app/asu_discord/cogs/analytics.py", line 652, in on_member_update
    before_timeout = before.timed_out_until
                     ^^^^^^^^^^^^^^^^^^^^^^
AttributeError: 'Member' object has no attribute 'timed_out_until'
Ignoring exception in on_member_update
Traceback (most recent call last):
  File "/usr/local/lib/python3.12/site-packages/discord/client.py", line 465, in _run_event
    await coro(*args, **kwargs)
  File "/app/asu_discord/cogs/analytics.py", line 652, in on_member_update
    before_timeout = before.timed_out_until
                     ^^^^^^^^^^^^^^^^^^^^^^
AttributeError: 'Member' object has no attribute 'timed_out_until'
INFO:asu_discord.cogs.verification:Saved 5 roles to database for user acspisak@asu.edu (Discord ID: 609474122107453443)
INFO:asu_discord.cogs.verification:Refreshed Salesforce roles for Discord user 609474122107453443: -5/+5 roles, assigned=[Arizona Resident, Online, Transfer Student, Upperclassmen, W.P. Carey School of Business]
Ignoring exception in on_member_update
Traceback (most recent call last):
  File "/usr/local/lib/python3.12/site-packages/discord/client.py", line 465, in _run_event
    await coro(*args, **kwargs)
  File "/app/asu_discord/cogs/analytics.py", line 652, in on_member_update
    before_timeout = before.timed_out_until
                     ^^^^^^^^^^^^^^^^^^^^^^
AttributeError: 'Member' object has no attribute 'timed_out_until'
Ignoring exception in on_member_update
Traceback (most recent call last):
  File "/usr/local/lib/python3.12/site-packages/discord/client.py", line 465, in _run_event
    await coro(*args, **kwargs)
  File "/app/asu_discord/cogs/analytics.py", line 652, in on_member_update
    before_timeout = before.timed_out_until
                     ^^^^^^^^^^^^^^^^^^^^^^
AttributeError: 'Member' object has no attribute 'timed_out_until'
Ignoring exception in on_member_update
Traceback (most recent call last):
  File "/usr/local/lib/python3.12/site-packages/discord/client.py", line 465, in _run_event
    await coro(*args, **kwargs)
  File "/app/asu_discord/cogs/analytics.py", line 652, in on_member_update
    before_timeout = before.timed_out_until
                     ^^^^^^^^^^^^^^^^^^^^^^
AttributeError: 'Member' object has no attribute 'timed_out_until'
Ignoring exception in on_member_update
Traceback (most recent call last):
  File "/usr/local/lib/python3.12/site-packages/discord/client.py", line 465, in _run_event
    await coro(*args, **kwargs)
  File "/app/asu_discord/cogs/analytics.py", line 652, in on_member_update
    before_timeout = before.timed_out_until
                     ^^^^^^^^^^^^^^^^^^^^^^
AttributeError: 'Member' object has no attribute 'timed_out_until'
Ignoring exception in on_member_update
Traceback (most recent call last):
  File "/usr/local/lib/python3.12/site-packages/discord/client.py", line 465, in _run_event
    await coro(*args, **kwargs)
  File "/app/asu_discord/cogs/analytics.py", line 652, in on_member_update
    before_timeout = before.timed_out_until
                     ^^^^^^^^^^^^^^^^^^^^^^
AttributeError: 'Member' object has no attribute 'timed_out_until'
Ignoring exception in on_member_update
Traceback (most recent call last):
  File "/usr/local/lib/python3.12/site-packages/discord/client.py", line 465, in _run_event
    await coro(*args, **kwargs)
  File "/app/asu_discord/cogs/analytics.py", line 652, in on_member_update
    before_timeout = before.timed_out_until
                     ^^^^^^^^^^^^^^^^^^^^^^
AttributeError: 'Member' object has no attribute 'timed_out_until'
Ignoring exception in on_member_update
Traceback (most recent call last):
  File "/usr/local/lib/python3.12/site-packages/discord/client.py", line 465, in _run_event
    await coro(*args, **kwargs)
  File "/app/asu_discord/cogs/analytics.py", line 652, in on_member_update
    before_timeout = before.timed_out_until
                     ^^^^^^^^^^^^^^^^^^^^^^
AttributeError: 'Member' object has no attribute 'timed_out_until'
Ignoring exception in on_member_update
Traceback (most recent call last):
  File "/usr/local/lib/python3.12/site-packages/discord/client.py", line 465, in _run_event
    await coro(*args, **kwargs)
  File "/app/asu_discord/cogs/analytics.py", line 652, in on_member_update
    before_timeout = before.timed_out_until
                     ^^^^^^^^^^^^^^^^^^^^^^
AttributeError: 'Member' object has no attribute 'timed_out_until'
Ignoring exception in on_member_update
Traceback (most recent call last):
  File "/usr/local/lib/python3.12/site-packages/discord/client.py", line 465, in _run_event
    await coro(*args, **kwargs)
  File "/app/asu_discord/cogs/analytics.py", line 652, in on_member_update
    before_timeout = before.timed_out_until
                     ^^^^^^^^^^^^^^^^^^^^^^
AttributeError: 'Member' object has no attribute 'timed_out_until'
INFO:asu_discord.cogs.verification:Saved 6 roles to database for user sboemi@asu.edu (Discord ID: 722226120904278117)
INFO:asu_discord.cogs.verification:Refreshed Salesforce roles for Discord user 722226120904278117: -4/+5 roles, assigned=[First Generation Student, New College of Interdisciplinary Arts and Sciences, Online, Out of State, Transfer Student, Upperclassmen]
Ignoring exception in on_member_update
Traceback (most recent call last):
  File "/usr/local/lib/python3.12/site-packages/discord/client.py", line 465, in _run_event
    await coro(*args, **kwargs)
  File "/app/asu_discord/cogs/analytics.py", line 652, in on_member_update
    before_timeout = before.timed_out_until
                     ^^^^^^^^^^^^^^^^^^^^^^
AttributeError: 'Member' object has no attribute 'timed_out_until'
Ignoring exception in on_member_update
Traceback (most recent call last):
  File "/usr/local/lib/python3.12/site-packages/discord/client.py", line 465, in _run_event
    await coro(*args, **kwargs)
  File "/app/asu_discord/cogs/analytics.py", line 652, in on_member_update
    before_timeout = before.timed_out_until
                     ^^^^^^^^^^^^^^^^^^^^^^
AttributeError: 'Member' object has no attribute 'timed_out_until'
Ignoring exception in on_member_update
Traceback (most recent call last):
  File "/usr/local/lib/python3.12/site-packages/discord/client.py", line 465, in _run_event
    await coro(*args, **kwargs)
  File "/app/asu_discord/cogs/analytics.py", line 652, in on_member_update
    before_timeout = before.timed_out_until
                     ^^^^^^^^^^^^^^^^^^^^^^
AttributeError: 'Member' object has no attribute 'timed_out_until'
Ignoring exception in on_member_update
Traceback (most recent call last):
  File "/usr/local/lib/python3.12/site-packages/discord/client.py", line 465, in _run_event
    await coro(*args, **kwargs)
  File "/app/asu_discord/cogs/analytics.py", line 652, in on_member_update
    before_timeout = before.timed_out_until
                     ^^^^^^^^^^^^^^^^^^^^^^
AttributeError: 'Member' object has no attribute 'timed_out_until'
Ignoring exception in on_member_update
Traceback (most recent call last):
  File "/usr/local/lib/python3.12/site-packages/discord/client.py", line 465, in _run_event
    await coro(*args, **kwargs)
  File "/app/asu_discord/cogs/analytics.py", line 652, in on_member_update
    before_timeout = before.timed_out_until
                     ^^^^^^^^^^^^^^^^^^^^^^
AttributeError: 'Member' object has no attribute 'timed_out_until'
Ignoring exception in on_member_update
Traceback (most recent call last):
  File "/usr/local/lib/python3.12/site-packages/discord/client.py", line 465, in _run_event
    await coro(*args, **kwargs)
  File "/app/asu_discord/cogs/analytics.py", line 652, in on_member_update
    before_timeout = before.timed_out_until
                     ^^^^^^^^^^^^^^^^^^^^^^
AttributeError: 'Member' object has no attribute 'timed_out_until'
Ignoring exception in on_member_update
Traceback (most recent call last):
  File "/usr/local/lib/python3.12/site-packages/discord/client.py", line 465, in _run_event
    await coro(*args, **kwargs)
  File "/app/asu_discord/cogs/analytics.py", line 652, in on_member_update
    before_timeout = before.timed_out_until
                     ^^^^^^^^^^^^^^^^^^^^^^
AttributeError: 'Member' object has no attribute 'timed_out_until'
Ignoring exception in on_member_update
Traceback (most recent call last):
  File "/usr/local/lib/python3.12/site-packages/discord/client.py", line 465, in _run_event
    await coro(*args, **kwargs)
  File "/app/asu_discord/cogs/analytics.py", line 652, in on_member_update
    before_timeout = before.timed_out_until
                     ^^^^^^^^^^^^^^^^^^^^^^
AttributeError: 'Member' object has no attribute 'timed_out_until'
Ignoring exception in on_member_update
Traceback (most recent call last):
  File "/usr/local/lib/python3.12/site-packages/discord/client.py", line 465, in _run_event
    await coro(*args, **kwargs)
  File "/app/asu_discord/cogs/analytics.py", line 652, in on_member_update
    before_timeout = before.timed_out_until
                     ^^^^^^^^^^^^^^^^^^^^^^
AttributeError: 'Member' object has no attribute 'timed_out_until'
Ignoring exception in on_member_update
Traceback (most recent call last):
  File "/usr/local/lib/python3.12/site-packages/discord/client.py", line 465, in _run_event
    await coro(*args, **kwargs)
  File "/app/asu_discord/cogs/analytics.py", line 652, in on_member_update
    before_timeout = before.timed_out_until
                     ^^^^^^^^^^^^^^^^^^^^^^
AttributeError: 'Member' object has no attribute 'timed_out_until'
INFO:asu_discord.cogs.verification:Saved 5 roles to database for user kllamasm@asu.edu (Discord ID: 793606280421834752)
INFO:asu_discord.cogs.verification:Refreshed Salesforce roles for Discord user 793606280421834752: -5/+5 roles, assigned=[New College of Interdisciplinary Arts and Sciences, Online, Out of State, Transfer Student, Upperclassmen]
Ignoring exception in on_member_update
Traceback (most recent call last):
  File "/usr/local/lib/python3.12/site-packages/discord/client.py", line 465, in _run_event
    await coro(*args, **kwargs)
  File "/app/asu_discord/cogs/analytics.py", line 652, in on_member_update
    before_timeout = before.timed_out_until
                     ^^^^^^^^^^^^^^^^^^^^^^
AttributeError: 'Member' object has no attribute 'timed_out_until'
Ignoring exception in on_member_update
Traceback (most recent call last):
  File "/usr/local/lib/python3.12/site-packages/discord/client.py", line 465, in _run_event
    await coro(*args, **kwargs)
  File "/app/asu_discord/cogs/analytics.py", line 652, in on_member_update
    before_timeout = before.timed_out_until
                     ^^^^^^^^^^^^^^^^^^^^^^
AttributeError: 'Member' object has no attribute 'timed_out_until'
Ignoring exception in on_member_update
Traceback (most recent call last):
  File "/usr/local/lib/python3.12/site-packages/discord/client.py", line 465, in _run_event
    await coro(*args, **kwargs)
  File "/app/asu_discord/cogs/analytics.py", line 652, in on_member_update
    before_timeout = before.timed_out_until
                     ^^^^^^^^^^^^^^^^^^^^^^
AttributeError: 'Member' object has no attribute 'timed_out_until'
Ignoring exception in on_member_update
Traceback (most recent call last):
  File "/usr/local/lib/python3.12/site-packages/discord/client.py", line 465, in _run_event
    await coro(*args, **kwargs)
  File "/app/asu_discord/cogs/analytics.py", line 652, in on_member_update
    before_timeout = before.timed_out_until
                     ^^^^^^^^^^^^^^^^^^^^^^
AttributeError: 'Member' object has no attribute 'timed_out_until'
Ignoring exception in on_member_update
Traceback (most recent call last):
  File "/usr/local/lib/python3.12/site-packages/discord/client.py", line 465, in _run_event
    await coro(*args, **kwargs)
  File "/app/asu_discord/cogs/analytics.py", line 652, in on_member_update
    before_timeout = before.timed_out_until
                     ^^^^^^^^^^^^^^^^^^^^^^
AttributeError: 'Member' object has no attribute 'timed_out_until'
Ignoring exception in on_member_update
Traceback (most recent call last):
  File "/usr/local/lib/python3.12/site-packages/discord/client.py", line 465, in _run_event
    await coro(*args, **kwargs)
  File "/app/asu_discord/cogs/analytics.py", line 652, in on_member_update
    before_timeout = before.timed_out_until
                     ^^^^^^^^^^^^^^^^^^^^^^
AttributeError: 'Member' object has no attribute 'timed_out_until'
Ignoring exception in on_member_update
Traceback (most recent call last):
  File "/usr/local/lib/python3.12/site-packages/discord/client.py", line 465, in _run_event
    await coro(*args, **kwargs)
  File "/app/asu_discord/cogs/analytics.py", line 652, in on_member_update
    before_timeout = before.timed_out_until
                     ^^^^^^^^^^^^^^^^^^^^^^
AttributeError: 'Member' object has no attribute 'timed_out_until'
Ignoring exception in on_member_update
Traceback (most recent call last):
  File "/usr/local/lib/python3.12/site-packages/discord/client.py", line 465, in _run_event
    await coro(*args, **kwargs)
  File "/app/asu_discord/cogs/analytics.py", line 652, in on_member_update
    before_timeout = before.timed_out_until
                     ^^^^^^^^^^^^^^^^^^^^^^
AttributeError: 'Member' object has no attribute 'timed_out_until'
Ignoring exception in on_member_update
Traceback (most recent call last):
  File "/usr/local/lib/python3.12/site-packages/discord/client.py", line 465, in _run_event
    await coro(*args, **kwargs)
  File "/app/asu_discord/cogs/analytics.py", line 652, in on_member_update
    before_timeout = before.timed_out_until
                     ^^^^^^^^^^^^^^^^^^^^^^
AttributeError: 'Member' object has no attribute 'timed_out_until'
Ignoring exception in on_member_update
Traceback (most recent call last):
  File "/usr/local/lib/python3.12/site-packages/discord/client.py", line 465, in _run_event
    await coro(*args, **kwargs)
  File "/app/asu_discord/cogs/analytics.py", line 652, in on_member_update
    before_timeout = before.timed_out_until
                     ^^^^^^^^^^^^^^^^^^^^^^
AttributeError: 'Member' object has no attribute 'timed_out_until'
Ignoring exception in on_member_update
Traceback (most recent call last):
  File "/usr/local/lib/python3.12/site-packages/discord/client.py", line 465, in _run_event
    await coro(*args, **kwargs)
  File "/app/asu_discord/cogs/analytics.py", line 652, in on_member_update
    before_timeout = before.timed_out_until
                     ^^^^^^^^^^^^^^^^^^^^^^
AttributeError: 'Member' object has no attribute 'timed_out_until'
INFO:asu_discord.cogs.verification:Saved 7 roles to database for user jlope349@asu.edu (Discord ID: 355021339394048012)
INFO:asu_discord.cogs.verification:Refreshed Salesforce roles for Discord user 355021339394048012: -4/+7 roles, assigned=[Arizona Resident, College of Liberal Arts and Sciences, Commited, First Generation Student, Tempe, Transfer Student, Upperclassmen]
Ignoring exception in on_member_update
Traceback (most recent call last):
  File "/usr/local/lib/python3.12/site-packages/discord/client.py", line 465, in _run_event
    await coro(*args, **kwargs)
  File "/app/asu_discord/cogs/analytics.py", line 652, in on_member_update
    before_timeout = before.timed_out_until
                     ^^^^^^^^^^^^^^^^^^^^^^
AttributeError: 'Member' object has no attribute 'timed_out_until'
Ignoring exception in on_member_update
Traceback (most recent call last):
  File "/usr/local/lib/python3.12/site-packages/discord/client.py", line 465, in _run_event
    await coro(*args, **kwargs)
  File "/app/asu_discord/cogs/analytics.py", line 652, in on_member_update
    before_timeout = before.timed_out_until
                     ^^^^^^^^^^^^^^^^^^^^^^
AttributeError: 'Member' object has no attribute 'timed_out_until'
Ignoring exception in on_member_update
Traceback (most recent call last):
  File "/usr/local/lib/python3.12/site-packages/discord/client.py", line 465, in _run_event
    await coro(*args, **kwargs)
  File "/app/asu_discord/cogs/analytics.py", line 652, in on_member_update
    before_timeout = before.timed_out_until
                     ^^^^^^^^^^^^^^^^^^^^^^
AttributeError: 'Member' object has no attribute 'timed_out_until'
Ignoring exception in on_member_update
Traceback (most recent call last):
  File "/usr/local/lib/python3.12/site-packages/discord/client.py", line 465, in _run_event
    await coro(*args, **kwargs)
  File "/app/asu_discord/cogs/analytics.py", line 652, in on_member_update
    before_timeout = before.timed_out_until
                     ^^^^^^^^^^^^^^^^^^^^^^
AttributeError: 'Member' object has no attribute 'timed_out_until'
Ignoring exception in on_member_update
Traceback (most recent call last):
  File "/usr/local/lib/python3.12/site-packages/discord/client.py", line 465, in _run_event
    await coro(*args, **kwargs)
  File "/app/asu_discord/cogs/analytics.py", line 652, in on_member_update
    before_timeout = before.timed_out_until
                     ^^^^^^^^^^^^^^^^^^^^^^
AttributeError: 'Member' object has no attribute 'timed_out_until'
Ignoring exception in on_member_update
Traceback (most recent call last):
  File "/usr/local/lib/python3.12/site-packages/discord/client.py", line 465, in _run_event
    await coro(*args, **kwargs)
  File "/app/asu_discord/cogs/analytics.py", line 652, in on_member_update
    before_timeout = before.timed_out_until
                     ^^^^^^^^^^^^^^^^^^^^^^
AttributeError: 'Member' object has no attribute 'timed_out_until'
Ignoring exception in on_member_update
Traceback (most recent call last):
  File "/usr/local/lib/python3.12/site-packages/discord/client.py", line 465, in _run_event
    await coro(*args, **kwargs)
  File "/app/asu_discord/cogs/analytics.py", line 652, in on_member_update
    before_timeout = before.timed_out_until
                     ^^^^^^^^^^^^^^^^^^^^^^
AttributeError: 'Member' object has no attribute 'timed_out_until'
Ignoring exception in on_member_update
Traceback (most recent call last):
  File "/usr/local/lib/python3.12/site-packages/discord/client.py", line 465, in _run_event
    await coro(*args, **kwargs)
  File "/app/asu_discord/cogs/analytics.py", line 652, in on_member_update
    before_timeout = before.timed_out_until
                     ^^^^^^^^^^^^^^^^^^^^^^
AttributeError: 'Member' object has no attribute 'timed_out_until'
Ignoring exception in on_member_update
Traceback (most recent call last):
  File "/usr/local/lib/python3.12/site-packages/discord/client.py", line 465, in _run_event
    await coro(*args, **kwargs)
  File "/app/asu_discord/cogs/analytics.py", line 652, in on_member_update
    before_timeout = before.timed_out_until
                     ^^^^^^^^^^^^^^^^^^^^^^
AttributeError: 'Member' object has no attribute 'timed_out_until'
Ignoring exception in on_member_update
Traceback (most recent call last):
  File "/usr/local/lib/python3.12/site-packages/discord/client.py", line 465, in _run_event
    await coro(*args, **kwargs)
  File "/app/asu_discord/cogs/analytics.py", line 652, in on_member_update
    before_timeout = before.timed_out_until
                     ^^^^^^^^^^^^^^^^^^^^^^
AttributeError: 'Member' object has no attribute 'timed_out_until'
INFO:asu_discord.cogs.verification:Saved 5 roles to database for user jchoudh3@asu.edu (Discord ID: 236525695948423168)
INFO:asu_discord.cogs.verification:Refreshed Salesforce roles for Discord user 236525695948423168: -5/+5 roles, assigned=[Commited, Graduate Student, International Student, Ira A. Fulton Schools of Engineering, Tempe]
Ignoring exception in on_member_update
Traceback (most recent call last):
  File "/usr/local/lib/python3.12/site-packages/discord/client.py", line 465, in _run_event
    await coro(*args, **kwargs)
  File "/app/asu_discord/cogs/analytics.py", line 652, in on_member_update
    before_timeout = before.timed_out_until
                     ^^^^^^^^^^^^^^^^^^^^^^
AttributeError: 'Member' object has no attribute 'timed_out_until'
Ignoring exception in on_member_update
Traceback (most recent call last):
  File "/usr/local/lib/python3.12/site-packages/discord/client.py", line 465, in _run_event
    await coro(*args, **kwargs)
  File "/app/asu_discord/cogs/analytics.py", line 652, in on_member_update
    before_timeout = before.timed_out_until
                     ^^^^^^^^^^^^^^^^^^^^^^
AttributeError: 'Member' object has no attribute 'timed_out_until'
Ignoring exception in on_member_update
Traceback (most recent call last):
  File "/usr/local/lib/python3.12/site-packages/discord/client.py", line 465, in _run_event
    await coro(*args, **kwargs)
  File "/app/asu_discord/cogs/analytics.py", line 652, in on_member_update
    before_timeout = before.timed_out_until
                     ^^^^^^^^^^^^^^^^^^^^^^
AttributeError: 'Member' object has no attribute 'timed_out_until'
Ignoring exception in on_member_update
Traceback (most recent call last):
  File "/usr/local/lib/python3.12/site-packages/discord/client.py", line 465, in _run_event
    await coro(*args, **kwargs)
  File "/app/asu_discord/cogs/analytics.py", line 652, in on_member_update
    before_timeout = before.timed_out_until
                     ^^^^^^^^^^^^^^^^^^^^^^
AttributeError: 'Member' object has no attribute 'timed_out_until'
Ignoring exception in on_member_update
Traceback (most recent call last):
  File "/usr/local/lib/python3.12/site-packages/discord/client.py", line 465, in _run_event
    await coro(*args, **kwargs)
  File "/app/asu_discord/cogs/analytics.py", line 652, in on_member_update
    before_timeout = before.timed_out_until
                     ^^^^^^^^^^^^^^^^^^^^^^
AttributeError: 'Member' object has no attribute 'timed_out_until'
Ignoring exception in on_member_update
Traceback (most recent call last):
  File "/usr/local/lib/python3.12/site-packages/discord/client.py", line 465, in _run_event
    await coro(*args, **kwargs)
  File "/app/asu_discord/cogs/analytics.py", line 652, in on_member_update
    before_timeout = before.timed_out_until
                     ^^^^^^^^^^^^^^^^^^^^^^
AttributeError: 'Member' object has no attribute 'timed_out_until'
Ignoring exception in on_member_update
Traceback (most recent call last):
  File "/usr/local/lib/python3.12/site-packages/discord/client.py", line 465, in _run_event
    await coro(*args, **kwargs)
  File "/app/asu_discord/cogs/analytics.py", line 652, in on_member_update
    before_timeout = before.timed_out_until
                     ^^^^^^^^^^^^^^^^^^^^^^
AttributeError: 'Member' object has no attribute 'timed_out_until'
Ignoring exception in on_member_update
Traceback (most recent call last):
  File "/usr/local/lib/python3.12/site-packages/discord/client.py", line 465, in _run_event
    await coro(*args, **kwargs)
  File "/app/asu_discord/cogs/analytics.py", line 652, in on_member_update
    before_timeout = before.timed_out_until
                     ^^^^^^^^^^^^^^^^^^^^^^
AttributeError: 'Member' object has no attribute 'timed_out_until'
Ignoring exception in on_member_update
Traceback (most recent call last):
  File "/usr/local/lib/python3.12/site-packages/discord/client.py", line 465, in _run_event
    await coro(*args, **kwargs)
  File "/app/asu_discord/cogs/analytics.py", line 652, in on_member_update
    before_timeout = before.timed_out_until
                     ^^^^^^^^^^^^^^^^^^^^^^
AttributeError: 'Member' object has no attribute 'timed_out_until'
Ignoring exception in on_member_update
Traceback (most recent call last):
  File "/usr/local/lib/python3.12/site-packages/discord/client.py", line 465, in _run_event
    await coro(*args, **kwargs)
  File "/app/asu_discord/cogs/analytics.py", line 652, in on_member_update
    before_timeout = before.timed_out_until
                     ^^^^^^^^^^^^^^^^^^^^^^
AttributeError: 'Member' object has no attribute 'timed_out_until'
Ignoring exception in on_member_update
Traceback (most recent call last):
  File "/usr/local/lib/python3.12/site-packages/discord/client.py", line 465, in _run_event
    await coro(*args, **kwargs)
  File "/app/asu_discord/cogs/analytics.py", line 652, in on_member_update
    before_timeout = before.timed_out_until
                     ^^^^^^^^^^^^^^^^^^^^^^
AttributeError: 'Member' object has no attribute 'timed_out_until'
INFO:asu_discord.cogs.verification:Saved 6 roles to database for user jpluse@asu.edu (Discord ID: 283014804904345600)
INFO:asu_discord.cogs.verification:Refreshed Salesforce roles for Discord user 283014804904345600: -5/+6 roles, assigned=[Arizona Resident, Commited, First Year, Ira A. Fulton Schools of Engineering, Tempe, Upperclassmen]
Ignoring exception in on_member_update
Traceback (most recent call last):
  File "/usr/local/lib/python3.12/site-packages/discord/client.py", line 465, in _run_event
    await coro(*args, **kwargs)
  File "/app/asu_discord/cogs/analytics.py", line 652, in on_member_update
    before_timeout = before.timed_out_until
                     ^^^^^^^^^^^^^^^^^^^^^^
AttributeError: 'Member' object has no attribute 'timed_out_until'
Ignoring exception in on_member_update
Traceback (most recent call last):
  File "/usr/local/lib/python3.12/site-packages/discord/client.py", line 465, in _run_event
    await coro(*args, **kwargs)
  File "/app/asu_discord/cogs/analytics.py", line 652, in on_member_update
    before_timeout = before.timed_out_until
                     ^^^^^^^^^^^^^^^^^^^^^^
AttributeError: 'Member' object has no attribute 'timed_out_until'
Ignoring exception in on_member_update
Traceback (most recent call last):
  File "/usr/local/lib/python3.12/site-packages/discord/client.py", line 465, in _run_event
    await coro(*args, **kwargs)
  File "/app/asu_discord/cogs/analytics.py", line 652, in on_member_update
    before_timeout = before.timed_out_until
                     ^^^^^^^^^^^^^^^^^^^^^^
AttributeError: 'Member' object has no attribute 'timed_out_until'
Ignoring exception in on_member_update
Traceback (most recent call last):
  File "/usr/local/lib/python3.12/site-packages/discord/client.py", line 465, in _run_event
    await coro(*args, **kwargs)
  File "/app/asu_discord/cogs/analytics.py", line 652, in on_member_update
    before_timeout = before.timed_out_until
                     ^^^^^^^^^^^^^^^^^^^^^^
AttributeError: 'Member' object has no attribute 'timed_out_until'
Ignoring exception in on_member_update
Traceback (most recent call last):
  File "/usr/local/lib/python3.12/site-packages/discord/client.py", line 465, in _run_event
    await coro(*args, **kwargs)
  File "/app/asu_discord/cogs/analytics.py", line 652, in on_member_update
    before_timeout = before.timed_out_until
                     ^^^^^^^^^^^^^^^^^^^^^^
AttributeError: 'Member' object has no attribute 'timed_out_until'
Ignoring exception in on_member_update
Traceback (most recent call last):
  File "/usr/local/lib/python3.12/site-packages/discord/client.py", line 465, in _run_event
    await coro(*args, **kwargs)
  File "/app/asu_discord/cogs/analytics.py", line 652, in on_member_update
    before_timeout = before.timed_out_until
                     ^^^^^^^^^^^^^^^^^^^^^^
AttributeError: 'Member' object has no attribute 'timed_out_until'
Ignoring exception in on_member_update
Traceback (most recent call last):
  File "/usr/local/lib/python3.12/site-packages/discord/client.py", line 465, in _run_event
    await coro(*args, **kwargs)
  File "/app/asu_discord/cogs/analytics.py", line 652, in on_member_update
    before_timeout = before.timed_out_until
                     ^^^^^^^^^^^^^^^^^^^^^^
AttributeError: 'Member' object has no attribute 'timed_out_until'
Ignoring exception in on_member_update
Traceback (most recent call last):
  File "/usr/local/lib/python3.12/site-packages/discord/client.py", line 465, in _run_event
    await coro(*args, **kwargs)
  File "/app/asu_discord/cogs/analytics.py", line 652, in on_member_update
    before_timeout = before.timed_out_until
                     ^^^^^^^^^^^^^^^^^^^^^^
AttributeError: 'Member' object has no attribute 'timed_out_until'
Ignoring exception in on_member_update
Traceback (most recent call last):
  File "/usr/local/lib/python3.12/site-packages/discord/client.py", line 465, in _run_event
    await coro(*args, **kwargs)
  File "/app/asu_discord/cogs/analytics.py", line 652, in on_member_update
    before_timeout = before.timed_out_until
                     ^^^^^^^^^^^^^^^^^^^^^^
AttributeError: 'Member' object has no attribute 'timed_out_until'
Ignoring exception in on_member_update
Traceback (most recent call last):
  File "/usr/local/lib/python3.12/site-packages/discord/client.py", line 465, in _run_event
    await coro(*args, **kwargs)
  File "/app/asu_discord/cogs/analytics.py", line 652, in on_member_update
    before_timeout = before.timed_out_until
                     ^^^^^^^^^^^^^^^^^^^^^^
AttributeError: 'Member' object has no attribute 'timed_out_until'
Ignoring exception in on_member_update
Traceback (most recent call last):
  File "/usr/local/lib/python3.12/site-packages/discord/client.py", line 465, in _run_event
    await coro(*args, **kwargs)
  File "/app/asu_discord/cogs/analytics.py", line 652, in on_member_update
    before_timeout = before.timed_out_until
                     ^^^^^^^^^^^^^^^^^^^^^^
AttributeError: 'Member' object has no attribute 'timed_out_until'
INFO:asu_discord.cogs.verification:Saved 6 roles to database for user ayushraj@asu.edu (Discord ID: 715449225613279283)
INFO:asu_discord.cogs.verification:Refreshed Salesforce roles for Discord user 715449225613279283: -5/+6 roles, assigned=[Commited, First Year, International Student, Ira A. Fulton Schools of Engineering, Tempe, Upperclassmen]
INFO:asu_discord.cogs.verification:Refreshed Salesforce roles for Discord user 789291488772620328: -0/+0 roles, assigned=[none]
ERROR:cron.jobs:refresh_salesforce_roles: failed for jdilullo (Discord ID 142461682008981504): Failed to refresh Salesforce-based roles: Discord user 142461682008981504 is not a member of the guild
ERROR:cron.jobs:refresh_salesforce_roles: failed for chwilde1 (Discord ID 1242628226241527868): Failed to refresh Salesforce-based roles: Discord user 1242628226241527868 is not a member of the guild
Ignoring exception in on_member_update
Traceback (most recent call last):
  File "/usr/local/lib/python3.12/site-packages/discord/client.py", line 465, in _run_event
    await coro(*args, **kwargs)
  File "/app/asu_discord/cogs/analytics.py", line 652, in on_member_update
    before_timeout = before.timed_out_until
                     ^^^^^^^^^^^^^^^^^^^^^^
AttributeError: 'Member' object has no attribute 'timed_out_until'
Ignoring exception in on_member_update
Traceback (most recent call last):
  File "/usr/local/lib/python3.12/site-packages/discord/client.py", line 465, in _run_event
    await coro(*args, **kwargs)
  File "/app/asu_discord/cogs/analytics.py", line 652, in on_member_update
    before_timeout = before.timed_out_until
                     ^^^^^^^^^^^^^^^^^^^^^^
AttributeError: 'Member' object has no attribute 'timed_out_until'
Ignoring exception in on_member_update
Traceback (most recent call last):
  File "/usr/local/lib/python3.12/site-packages/discord/client.py", line 465, in _run_event
    await coro(*args, **kwargs)
  File "/app/asu_discord/cogs/analytics.py", line 652, in on_member_update
    before_timeout = before.timed_out_until
                     ^^^^^^^^^^^^^^^^^^^^^^
AttributeError: 'Member' object has no attribute 'timed_out_until'
Ignoring exception in on_member_update
Traceback (most recent call last):
  File "/usr/local/lib/python3.12/site-packages/discord/client.py", line 465, in _run_event
    await coro(*args, **kwargs)
  File "/app/asu_discord/cogs/analytics.py", line 652, in on_member_update
    before_timeout = before.timed_out_until
                     ^^^^^^^^^^^^^^^^^^^^^^
AttributeError: 'Member' object has no attribute 'timed_out_until'
Ignoring exception in on_member_update
Traceback (most recent call last):
  File "/usr/local/lib/python3.12/site-packages/discord/client.py", line 465, in _run_event
    await coro(*args, **kwargs)
  File "/app/asu_discord/cogs/analytics.py", line 652, in on_member_update
    before_timeout = before.timed_out_until
                     ^^^^^^^^^^^^^^^^^^^^^^
AttributeError: 'Member' object has no attribute 'timed_out_until'
Ignoring exception in on_member_update
Traceback (most recent call last):
  File "/usr/local/lib/python3.12/site-packages/discord/client.py", line 465, in _run_event
    await coro(*args, **kwargs)
  File "/app/asu_discord/cogs/analytics.py", line 652, in on_member_update
    before_timeout = before.timed_out_until
                     ^^^^^^^^^^^^^^^^^^^^^^
AttributeError: 'Member' object has no attribute 'timed_out_until'
Ignoring exception in on_member_update
Traceback (most recent call last):
  File "/usr/local/lib/python3.12/site-packages/discord/client.py", line 465, in _run_event
    await coro(*args, **kwargs)
  File "/app/asu_discord/cogs/analytics.py", line 652, in on_member_update
    before_timeout = before.timed_out_until
                     ^^^^^^^^^^^^^^^^^^^^^^
AttributeError: 'Member' object has no attribute 'timed_out_until'
Ignoring exception in on_member_update
Traceback (most recent call last):
  File "/usr/local/lib/python3.12/site-packages/discord/client.py", line 465, in _run_event
    await coro(*args, **kwargs)
  File "/app/asu_discord/cogs/analytics.py", line 652, in on_member_update
    before_timeout = before.timed_out_until
                     ^^^^^^^^^^^^^^^^^^^^^^
AttributeError: 'Member' object has no attribute 'timed_out_until'
Ignoring exception in on_member_update
Traceback (most recent call last):
  File "/usr/local/lib/python3.12/site-packages/discord/client.py", line 465, in _run_event
    await coro(*args, **kwargs)
  File "/app/asu_discord/cogs/analytics.py", line 652, in on_member_update
    before_timeout = before.timed_out_until
                     ^^^^^^^^^^^^^^^^^^^^^^
AttributeError: 'Member' object has no attribute 'timed_out_until'
Ignoring exception in on_member_update
Traceback (most recent call last):
  File "/usr/local/lib/python3.12/site-packages/discord/client.py", line 465, in _run_event
    await coro(*args, **kwargs)
  File "/app/asu_discord/cogs/analytics.py", line 652, in on_member_update
    before_timeout = before.timed_out_until
                     ^^^^^^^^^^^^^^^^^^^^^^
AttributeError: 'Member' object has no attribute 'timed_out_until'
INFO:asu_discord.cogs.verification:Saved 5 roles to database for user hnole@asu.edu (Discord ID: 351180703666536449)
INFO:asu_discord.cogs.verification:Refreshed Salesforce roles for Discord user 351180703666536449: -5/+5 roles, assigned=[Arizona Resident, Commited, First Year, Tempe, W.P. Carey School of Business]
Ignoring exception in on_member_update
Traceback (most recent call last):
  File "/usr/local/lib/python3.12/site-packages/discord/client.py", line 465, in _run_event
    await coro(*args, **kwargs)
  File "/app/asu_discord/cogs/analytics.py", line 652, in on_member_update
    before_timeout = before.timed_out_until
                     ^^^^^^^^^^^^^^^^^^^^^^
AttributeError: 'Member' object has no attribute 'timed_out_until'
Ignoring exception in on_member_update
Traceback (most recent call last):
  File "/usr/local/lib/python3.12/site-packages/discord/client.py", line 465, in _run_event
    await coro(*args, **kwargs)
  File "/app/asu_discord/cogs/analytics.py", line 652, in on_member_update
    before_timeout = before.timed_out_until
                     ^^^^^^^^^^^^^^^^^^^^^^
AttributeError: 'Member' object has no attribute 'timed_out_until'
Ignoring exception in on_member_update
Traceback (most recent call last):
  File "/usr/local/lib/python3.12/site-packages/discord/client.py", line 465, in _run_event
    await coro(*args, **kwargs)
  File "/app/asu_discord/cogs/analytics.py", line 652, in on_member_update
    before_timeout = before.timed_out_until
                     ^^^^^^^^^^^^^^^^^^^^^^
AttributeError: 'Member' object has no attribute 'timed_out_until'
Ignoring exception in on_member_update
Traceback (most recent call last):
  File "/usr/local/lib/python3.12/site-packages/discord/client.py", line 465, in _run_event
    await coro(*args, **kwargs)
  File "/app/asu_discord/cogs/analytics.py", line 652, in on_member_update
    before_timeout = before.timed_out_until
                     ^^^^^^^^^^^^^^^^^^^^^^
AttributeError: 'Member' object has no attribute 'timed_out_until'
Ignoring exception in on_member_update
Traceback (most recent call last):
  File "/usr/local/lib/python3.12/site-packages/discord/client.py", line 465, in _run_event
    await coro(*args, **kwargs)
  File "/app/asu_discord/cogs/analytics.py", line 652, in on_member_update
    before_timeout = before.timed_out_until
                     ^^^^^^^^^^^^^^^^^^^^^^
AttributeError: 'Member' object has no attribute 'timed_out_until'
Ignoring exception in on_member_update
Traceback (most recent call last):
  File "/usr/local/lib/python3.12/site-packages/discord/client.py", line 465, in _run_event
    await coro(*args, **kwargs)
  File "/app/asu_discord/cogs/analytics.py", line 652, in on_member_update
    before_timeout = before.timed_out_until
                     ^^^^^^^^^^^^^^^^^^^^^^
AttributeError: 'Member' object has no attribute 'timed_out_until'
Ignoring exception in on_member_update
Traceback (most recent call last):
  File "/usr/local/lib/python3.12/site-packages/discord/client.py", line 465, in _run_event
    await coro(*args, **kwargs)
  File "/app/asu_discord/cogs/analytics.py", line 652, in on_member_update
    before_timeout = before.timed_out_until
                     ^^^^^^^^^^^^^^^^^^^^^^
AttributeError: 'Member' object has no attribute 'timed_out_until'
Ignoring exception in on_member_update
Traceback (most recent call last):
  File "/usr/local/lib/python3.12/site-packages/discord/client.py", line 465, in _run_event
    await coro(*args, **kwargs)
  File "/app/asu_discord/cogs/analytics.py", line 652, in on_member_update
    before_timeout = before.timed_out_until
                     ^^^^^^^^^^^^^^^^^^^^^^
AttributeError: 'Member' object has no attribute 'timed_out_until'
INFO:asu_discord.cogs.verification:Saved 4 roles to database for user ageng@asu.edu (Discord ID: 984485009949872188)
INFO:asu_discord.cogs.verification:Refreshed Salesforce roles for Discord user 984485009949872188: -4/+4 roles, assigned=[Graduate Student, New College of Interdisciplinary Arts and Sciences, Online, Out of State]
Ignoring exception in on_member_update
Traceback (most recent call last):
  File "/usr/local/lib/python3.12/site-packages/discord/client.py", line 465, in _run_event
    await coro(*args, **kwargs)
  File "/app/asu_discord/cogs/analytics.py", line 652, in on_member_update
    before_timeout = before.timed_out_until
                     ^^^^^^^^^^^^^^^^^^^^^^
AttributeError: 'Member' object has no attribute 'timed_out_until'
Ignoring exception in on_member_update
Traceback (most recent call last):
  File "/usr/local/lib/python3.12/site-packages/discord/client.py", line 465, in _run_event
    await coro(*args, **kwargs)
  File "/app/asu_discord/cogs/analytics.py", line 652, in on_member_update
    before_timeout = before.timed_out_until
                     ^^^^^^^^^^^^^^^^^^^^^^
AttributeError: 'Member' object has no attribute 'timed_out_until'
Ignoring exception in on_member_update
Traceback (most recent call last):
  File "/usr/local/lib/python3.12/site-packages/discord/client.py", line 465, in _run_event
    await coro(*args, **kwargs)
  File "/app/asu_discord/cogs/analytics.py", line 652, in on_member_update
    before_timeout = before.timed_out_until
                     ^^^^^^^^^^^^^^^^^^^^^^
AttributeError: 'Member' object has no attribute 'timed_out_until'
Ignoring exception in on_member_update
Traceback (most recent call last):
  File "/usr/local/lib/python3.12/site-packages/discord/client.py", line 465, in _run_event
    await coro(*args, **kwargs)
  File "/app/asu_discord/cogs/analytics.py", line 652, in on_member_update
    before_timeout = before.timed_out_until
                     ^^^^^^^^^^^^^^^^^^^^^^
AttributeError: 'Member' object has no attribute 'timed_out_until'
Ignoring exception in on_member_update
Traceback (most recent call last):
  File "/usr/local/lib/python3.12/site-packages/discord/client.py", line 465, in _run_event
    await coro(*args, **kwargs)
  File "/app/asu_discord/cogs/analytics.py", line 652, in on_member_update
    before_timeout = before.timed_out_until
                     ^^^^^^^^^^^^^^^^^^^^^^
AttributeError: 'Member' object has no attribute 'timed_out_until'
Ignoring exception in on_member_update
Traceback (most recent call last):
  File "/usr/local/lib/python3.12/site-packages/discord/client.py", line 465, in _run_event
    await coro(*args, **kwargs)
  File "/app/asu_discord/cogs/analytics.py", line 652, in on_member_update
    before_timeout = before.timed_out_until
                     ^^^^^^^^^^^^^^^^^^^^^^
AttributeError: 'Member' object has no attribute 'timed_out_until'
Ignoring exception in on_member_update
Traceback (most recent call last):
  File "/usr/local/lib/python3.12/site-packages/discord/client.py", line 465, in _run_event
    await coro(*args, **kwargs)
  File "/app/asu_discord/cogs/analytics.py", line 652, in on_member_update
    before_timeout = before.timed_out_until
                     ^^^^^^^^^^^^^^^^^^^^^^
AttributeError: 'Member' object has no attribute 'timed_out_until'
Ignoring exception in on_member_update
Traceback (most recent call last):
  File "/usr/local/lib/python3.12/site-packages/discord/client.py", line 465, in _run_event
    await coro(*args, **kwargs)
  File "/app/asu_discord/cogs/analytics.py", line 652, in on_member_update
    before_timeout = before.timed_out_until
                     ^^^^^^^^^^^^^^^^^^^^^^
AttributeError: 'Member' object has no attribute 'timed_out_until'
Ignoring exception in on_member_update
Traceback (most recent call last):
  File "/usr/local/lib/python3.12/site-packages/discord/client.py", line 465, in _run_event
    await coro(*args, **kwargs)
  File "/app/asu_discord/cogs/analytics.py", line 652, in on_member_update
    before_timeout = before.timed_out_until
                     ^^^^^^^^^^^^^^^^^^^^^^
AttributeError: 'Member' object has no attribute 'timed_out_until'
Ignoring exception in on_member_update
Traceback (most recent call last):
  File "/usr/local/lib/python3.12/site-packages/discord/client.py", line 465, in _run_event
    await coro(*args, **kwargs)
  File "/app/asu_discord/cogs/analytics.py", line 652, in on_member_update
    before_timeout = before.timed_out_until
                     ^^^^^^^^^^^^^^^^^^^^^^
AttributeError: 'Member' object has no attribute 'timed_out_until'
INFO:asu_discord.cogs.verification:Saved 5 roles to database for user straza12@asu.edu (Discord ID: 426558683879702538)
INFO:asu_discord.cogs.verification:Refreshed Salesforce roles for Discord user 426558683879702538: -5/+5 roles, assigned=[Ira A. Fulton Schools of Engineering, Online, Out of State, Transfer Student, Upperclassmen]
Ignoring exception in on_member_update
Traceback (most recent call last):
  File "/usr/local/lib/python3.12/site-packages/discord/client.py", line 465, in _run_event
    await coro(*args, **kwargs)
  File "/app/asu_discord/cogs/analytics.py", line 652, in on_member_update
    before_timeout = before.timed_out_until
                     ^^^^^^^^^^^^^^^^^^^^^^
AttributeError: 'Member' object has no attribute 'timed_out_until'
Ignoring exception in on_member_update
Traceback (most recent call last):
  File "/usr/local/lib/python3.12/site-packages/discord/client.py", line 465, in _run_event
    await coro(*args, **kwargs)
  File "/app/asu_discord/cogs/analytics.py", line 652, in on_member_update
    before_timeout = before.timed_out_until
                     ^^^^^^^^^^^^^^^^^^^^^^
AttributeError: 'Member' object has no attribute 'timed_out_until'
Ignoring exception in on_member_update
Traceback (most recent call last):
  File "/usr/local/lib/python3.12/site-packages/discord/client.py", line 465, in _run_event
    await coro(*args, **kwargs)
  File "/app/asu_discord/cogs/analytics.py", line 652, in on_member_update
    before_timeout = before.timed_out_until
                     ^^^^^^^^^^^^^^^^^^^^^^
AttributeError: 'Member' object has no attribute 'timed_out_until'
Ignoring exception in on_member_update
Traceback (most recent call last):
  File "/usr/local/lib/python3.12/site-packages/discord/client.py", line 465, in _run_event
    await coro(*args, **kwargs)
  File "/app/asu_discord/cogs/analytics.py", line 652, in on_member_update
    before_timeout = before.timed_out_until
                     ^^^^^^^^^^^^^^^^^^^^^^
AttributeError: 'Member' object has no attribute 'timed_out_until'
Ignoring exception in on_member_update
Traceback (most recent call last):
  File "/usr/local/lib/python3.12/site-packages/discord/client.py", line 465, in _run_event
    await coro(*args, **kwargs)
  File "/app/asu_discord/cogs/analytics.py", line 652, in on_member_update
    before_timeout = before.timed_out_until
                     ^^^^^^^^^^^^^^^^^^^^^^
AttributeError: 'Member' object has no attribute 'timed_out_until'
Ignoring exception in on_member_update
Traceback (most recent call last):
  File "/usr/local/lib/python3.12/site-packages/discord/client.py", line 465, in _run_event
    await coro(*args, **kwargs)
  File "/app/asu_discord/cogs/analytics.py", line 652, in on_member_update
    before_timeout = before.timed_out_until
                     ^^^^^^^^^^^^^^^^^^^^^^
AttributeError: 'Member' object has no attribute 'timed_out_until'
Ignoring exception in on_member_update
Traceback (most recent call last):
  File "/usr/local/lib/python3.12/site-packages/discord/client.py", line 465, in _run_event
    await coro(*args, **kwargs)
  File "/app/asu_discord/cogs/analytics.py", line 652, in on_member_update
    before_timeout = before.timed_out_until
                     ^^^^^^^^^^^^^^^^^^^^^^
AttributeError: 'Member' object has no attribute 'timed_out_until'
Ignoring exception in on_member_update
Traceback (most recent call last):
  File "/usr/local/lib/python3.12/site-packages/discord/client.py", line 465, in _run_event
    await coro(*args, **kwargs)
  File "/app/asu_discord/cogs/analytics.py", line 652, in on_member_update
    before_timeout = before.timed_out_until
                     ^^^^^^^^^^^^^^^^^^^^^^
AttributeError: 'Member' object has no attribute 'timed_out_until'
Ignoring exception in on_member_update
Traceback (most recent call last):
  File "/usr/local/lib/python3.12/site-packages/discord/client.py", line 465, in _run_event
    await coro(*args, **kwargs)
  File "/app/asu_discord/cogs/analytics.py", line 652, in on_member_update
    before_timeout = before.timed_out_until
                     ^^^^^^^^^^^^^^^^^^^^^^
AttributeError: 'Member' object has no attribute 'timed_out_until'
INFO:asu_discord.cogs.verification:Saved 5 roles to database for user iloudon@asu.edu (Discord ID: 1259977079340929045)
INFO:asu_discord.cogs.verification:Refreshed Salesforce roles for Discord user 1259977079340929045: -5/+4 roles, assigned=[Online, Out of State, Transfer Student, Upperclassmen, Walter Cronkite School of Journalism and Mass Communication]
Ignoring exception in on_member_update
Traceback (most recent call last):
  File "/usr/local/lib/python3.12/site-packages/discord/client.py", line 465, in _run_event
    await coro(*args, **kwargs)
  File "/app/asu_discord/cogs/analytics.py", line 652, in on_member_update
    before_timeout = before.timed_out_until
                     ^^^^^^^^^^^^^^^^^^^^^^
AttributeError: 'Member' object has no attribute 'timed_out_until'
Ignoring exception in on_member_update
Traceback (most recent call last):
  File "/usr/local/lib/python3.12/site-packages/discord/client.py", line 465, in _run_event
    await coro(*args, **kwargs)
  File "/app/asu_discord/cogs/analytics.py", line 652, in on_member_update
    before_timeout = before.timed_out_until
                     ^^^^^^^^^^^^^^^^^^^^^^
AttributeError: 'Member' object has no attribute 'timed_out_until'
Ignoring exception in on_member_update
Traceback (most recent call last):
  File "/usr/local/lib/python3.12/site-packages/discord/client.py", line 465, in _run_event
    await coro(*args, **kwargs)
  File "/app/asu_discord/cogs/analytics.py", line 652, in on_member_update
    before_timeout = before.timed_out_until
                     ^^^^^^^^^^^^^^^^^^^^^^
AttributeError: 'Member' object has no attribute 'timed_out_until'
Ignoring exception in on_member_update
Traceback (most recent call last):
  File "/usr/local/lib/python3.12/site-packages/discord/client.py", line 465, in _run_event
    await coro(*args, **kwargs)
  File "/app/asu_discord/cogs/analytics.py", line 652, in on_member_update
    before_timeout = before.timed_out_until
                     ^^^^^^^^^^^^^^^^^^^^^^
AttributeError: 'Member' object has no attribute 'timed_out_until'
Ignoring exception in on_member_update
Traceback (most recent call last):
  File "/usr/local/lib/python3.12/site-packages/discord/client.py", line 465, in _run_event
    await coro(*args, **kwargs)
  File "/app/asu_discord/cogs/analytics.py", line 652, in on_member_update
    before_timeout = before.timed_out_until
                     ^^^^^^^^^^^^^^^^^^^^^^
AttributeError: 'Member' object has no attribute 'timed_out_until'
Ignoring exception in on_member_update
Traceback (most recent call last):
  File "/usr/local/lib/python3.12/site-packages/discord/client.py", line 465, in _run_event
    await coro(*args, **kwargs)
  File "/app/asu_discord/cogs/analytics.py", line 652, in on_member_update
    before_timeout = before.timed_out_until
                     ^^^^^^^^^^^^^^^^^^^^^^
AttributeError: 'Member' object has no attribute 'timed_out_until'
Ignoring exception in on_member_update
Traceback (most recent call last):
  File "/usr/local/lib/python3.12/site-packages/discord/client.py", line 465, in _run_event
    await coro(*args, **kwargs)
  File "/app/asu_discord/cogs/analytics.py", line 652, in on_member_update
    before_timeout = before.timed_out_until
                     ^^^^^^^^^^^^^^^^^^^^^^
AttributeError: 'Member' object has no attribute 'timed_out_until'
Ignoring exception in on_member_update
Traceback (most recent call last):
  File "/usr/local/lib/python3.12/site-packages/discord/client.py", line 465, in _run_event
    await coro(*args, **kwargs)
  File "/app/asu_discord/cogs/analytics.py", line 652, in on_member_update
    before_timeout = before.timed_out_until
                     ^^^^^^^^^^^^^^^^^^^^^^
AttributeError: 'Member' object has no attribute 'timed_out_until'
Ignoring exception in on_member_update
Traceback (most recent call last):
  File "/usr/local/lib/python3.12/site-packages/discord/client.py", line 465, in _run_event
    await coro(*args, **kwargs)
  File "/app/asu_discord/cogs/analytics.py", line 652, in on_member_update
    before_timeout = before.timed_out_until
                     ^^^^^^^^^^^^^^^^^^^^^^
AttributeError: 'Member' object has no attribute 'timed_out_until'
Ignoring exception in on_member_update
Traceback (most recent call last):
  File "/usr/local/lib/python3.12/site-packages/discord/client.py", line 465, in _run_event
    await coro(*args, **kwargs)
  File "/app/asu_discord/cogs/analytics.py", line 652, in on_member_update
    before_timeout = before.timed_out_until
                     ^^^^^^^^^^^^^^^^^^^^^^
AttributeError: 'Member' object has no attribute 'timed_out_until'
Ignoring exception in on_member_update
Traceback (most recent call last):
  File "/usr/local/lib/python3.12/site-packages/discord/client.py", line 465, in _run_event
    await coro(*args, **kwargs)
  File "/app/asu_discord/cogs/analytics.py", line 652, in on_member_update
    before_timeout = before.timed_out_until
                     ^^^^^^^^^^^^^^^^^^^^^^
AttributeError: 'Member' object has no attribute 'timed_out_until'
Ignoring exception in on_member_update
Traceback (most recent call last):
  File "/usr/local/lib/python3.12/site-packages/discord/client.py", line 465, in _run_event
    await coro(*args, **kwargs)
  File "/app/asu_discord/cogs/analytics.py", line 652, in on_member_update
    before_timeout = before.timed_out_until
                     ^^^^^^^^^^^^^^^^^^^^^^
AttributeError: 'Member' object has no attribute 'timed_out_until'
INFO:asu_discord.cogs.verification:Saved 6 roles to database for user walanizh@asu.edu (Discord ID: 1275481775644082282)
INFO:asu_discord.cogs.verification:Refreshed Salesforce roles for Discord user 1275481775644082282: -6/+6 roles, assigned=[Arizona Resident, College of Liberal Arts and Sciences, First Generation Student, First Year, Online, Upperclassmen]
Ignoring exception in on_member_update
Traceback (most recent call last):
  File "/usr/local/lib/python3.12/site-packages/discord/client.py", line 465, in _run_event
    await coro(*args, **kwargs)
  File "/app/asu_discord/cogs/analytics.py", line 652, in on_member_update
    before_timeout = before.timed_out_until
                     ^^^^^^^^^^^^^^^^^^^^^^
AttributeError: 'Member' object has no attribute 'timed_out_until'
Ignoring exception in on_member_update
Traceback (most recent call last):
  File "/usr/local/lib/python3.12/site-packages/discord/client.py", line 465, in _run_event
    await coro(*args, **kwargs)
  File "/app/asu_discord/cogs/analytics.py", line 652, in on_member_update
    before_timeout = before.timed_out_until
                     ^^^^^^^^^^^^^^^^^^^^^^
AttributeError: 'Member' object has no attribute 'timed_out_until'
Ignoring exception in on_member_update
Traceback (most recent call last):
  File "/usr/local/lib/python3.12/site-packages/discord/client.py", line 465, in _run_event
    await coro(*args, **kwargs)
  File "/app/asu_discord/cogs/analytics.py", line 652, in on_member_update
    before_timeout = before.timed_out_until
                     ^^^^^^^^^^^^^^^^^^^^^^
AttributeError: 'Member' object has no attribute 'timed_out_until'
Ignoring exception in on_member_update
Traceback (most recent call last):
  File "/usr/local/lib/python3.12/site-packages/discord/client.py", line 465, in _run_event
    await coro(*args, **kwargs)
  File "/app/asu_discord/cogs/analytics.py", line 652, in on_member_update
    before_timeout = before.timed_out_until
                     ^^^^^^^^^^^^^^^^^^^^^^
AttributeError: 'Member' object has no attribute 'timed_out_until'
Ignoring exception in on_member_update
Traceback (most recent call last):
  File "/usr/local/lib/python3.12/site-packages/discord/client.py", line 465, in _run_event
    await coro(*args, **kwargs)
  File "/app/asu_discord/cogs/analytics.py", line 652, in on_member_update
    before_timeout = before.timed_out_until
                     ^^^^^^^^^^^^^^^^^^^^^^
AttributeError: 'Member' object has no attribute 'timed_out_until'
Ignoring exception in on_member_update
Traceback (most recent call last):
  File "/usr/local/lib/python3.12/site-packages/discord/client.py", line 465, in _run_event
    await coro(*args, **kwargs)
  File "/app/asu_discord/cogs/analytics.py", line 652, in on_member_update
    before_timeout = before.timed_out_until
                     ^^^^^^^^^^^^^^^^^^^^^^
AttributeError: 'Member' object has no attribute 'timed_out_until'
Ignoring exception in on_member_update
Traceback (most recent call last):
  File "/usr/local/lib/python3.12/site-packages/discord/client.py", line 465, in _run_event
    await coro(*args, **kwargs)
  File "/app/asu_discord/cogs/analytics.py", line 652, in on_member_update
    before_timeout = before.timed_out_until
                     ^^^^^^^^^^^^^^^^^^^^^^
AttributeError: 'Member' object has no attribute 'timed_out_until'
Ignoring exception in on_member_update
Traceback (most recent call last):
  File "/usr/local/lib/python3.12/site-packages/discord/client.py", line 465, in _run_event
    await coro(*args, **kwargs)
  File "/app/asu_discord/cogs/analytics.py", line 652, in on_member_update
    before_timeout = before.timed_out_until
                     ^^^^^^^^^^^^^^^^^^^^^^
AttributeError: 'Member' object has no attribute 'timed_out_until'
Ignoring exception in on_member_update
Traceback (most recent call last):
  File "/usr/local/lib/python3.12/site-packages/discord/client.py", line 465, in _run_event
    await coro(*args, **kwargs)
  File "/app/asu_discord/cogs/analytics.py", line 652, in on_member_update
    before_timeout = before.timed_out_until
                     ^^^^^^^^^^^^^^^^^^^^^^
AttributeError: 'Member' object has no attribute 'timed_out_until'
INFO:asu_discord.cogs.verification:Saved 5 roles to database for user cmoon124@asu.edu (Discord ID: 1440416233769013441)
INFO:asu_discord.cogs.verification:Refreshed Salesforce roles for Discord user 1440416233769013441: -4/+5 roles, assigned=[New College of Interdisciplinary Arts and Sciences, Online, Out of State, Transfer Student, Upperclassmen]
Ignoring exception in on_member_update
Traceback (most recent call last):
  File "/usr/local/lib/python3.12/site-packages/discord/client.py", line 465, in _run_event
    await coro(*args, **kwargs)
  File "/app/asu_discord/cogs/analytics.py", line 652, in on_member_update
    before_timeout = before.timed_out_until
                     ^^^^^^^^^^^^^^^^^^^^^^
AttributeError: 'Member' object has no attribute 'timed_out_until'
Ignoring exception in on_member_update
Traceback (most recent call last):
  File "/usr/local/lib/python3.12/site-packages/discord/client.py", line 465, in _run_event
    await coro(*args, **kwargs)
  File "/app/asu_discord/cogs/analytics.py", line 652, in on_member_update
    before_timeout = before.timed_out_until
                     ^^^^^^^^^^^^^^^^^^^^^^
AttributeError: 'Member' object has no attribute 'timed_out_until'
Ignoring exception in on_member_update
Traceback (most recent call last):
  File "/usr/local/lib/python3.12/site-packages/discord/client.py", line 465, in _run_event
    await coro(*args, **kwargs)
  File "/app/asu_discord/cogs/analytics.py", line 652, in on_member_update
    before_timeout = before.timed_out_until
                     ^^^^^^^^^^^^^^^^^^^^^^
AttributeError: 'Member' object has no attribute 'timed_out_until'
Ignoring exception in on_member_update
Traceback (most recent call last):
  File "/usr/local/lib/python3.12/site-packages/discord/client.py", line 465, in _run_event
    await coro(*args, **kwargs)
  File "/app/asu_discord/cogs/analytics.py", line 652, in on_member_update
    before_timeout = before.timed_out_until
                     ^^^^^^^^^^^^^^^^^^^^^^
AttributeError: 'Member' object has no attribute 'timed_out_until'
Ignoring exception in on_member_update
Traceback (most recent call last):
  File "/usr/local/lib/python3.12/site-packages/discord/client.py", line 465, in _run_event
    await coro(*args, **kwargs)
  File "/app/asu_discord/cogs/analytics.py", line 652, in on_member_update
    before_timeout = before.timed_out_until
                     ^^^^^^^^^^^^^^^^^^^^^^
AttributeError: 'Member' object has no attribute 'timed_out_until'
Ignoring exception in on_member_update
Traceback (most recent call last):
  File "/usr/local/lib/python3.12/site-packages/discord/client.py", line 465, in _run_event
    await coro(*args, **kwargs)
  File "/app/asu_discord/cogs/analytics.py", line 652, in on_member_update
    before_timeout = before.timed_out_until
                     ^^^^^^^^^^^^^^^^^^^^^^
AttributeError: 'Member' object has no attribute 'timed_out_until'
Ignoring exception in on_member_update
Traceback (most recent call last):
  File "/usr/local/lib/python3.12/site-packages/discord/client.py", line 465, in _run_event
    await coro(*args, **kwargs)
  File "/app/asu_discord/cogs/analytics.py", line 652, in on_member_update
    before_timeout = before.timed_out_until
                     ^^^^^^^^^^^^^^^^^^^^^^
AttributeError: 'Member' object has no attribute 'timed_out_until'
Ignoring exception in on_member_update
Traceback (most recent call last):
  File "/usr/local/lib/python3.12/site-packages/discord/client.py", line 465, in _run_event
    await coro(*args, **kwargs)
  File "/app/asu_discord/cogs/analytics.py", line 652, in on_member_update
    before_timeout = before.timed_out_until
                     ^^^^^^^^^^^^^^^^^^^^^^
AttributeError: 'Member' object has no attribute 'timed_out_until'
Ignoring exception in on_member_update
Traceback (most recent call last):
  File "/usr/local/lib/python3.12/site-packages/discord/client.py", line 465, in _run_event
    await coro(*args, **kwargs)
  File "/app/asu_discord/cogs/analytics.py", line 652, in on_member_update
    before_timeout = before.timed_out_until
                     ^^^^^^^^^^^^^^^^^^^^^^
AttributeError: 'Member' object has no attribute 'timed_out_until'
Ignoring exception in on_member_update
Traceback (most recent call last):
  File "/usr/local/lib/python3.12/site-packages/discord/client.py", line 465, in _run_event
    await coro(*args, **kwargs)
  File "/app/asu_discord/cogs/analytics.py", line 652, in on_member_update
    before_timeout = before.timed_out_until
                     ^^^^^^^^^^^^^^^^^^^^^^
AttributeError: 'Member' object has no attribute 'timed_out_until'
Ignoring exception in on_member_update
Traceback (most recent call last):
  File "/usr/local/lib/python3.12/site-packages/discord/client.py", line 465, in _run_event
    await coro(*args, **kwargs)
  File "/app/asu_discord/cogs/analytics.py", line 652, in on_member_update
    before_timeout = before.timed_out_until
                     ^^^^^^^^^^^^^^^^^^^^^^
AttributeError: 'Member' object has no attribute 'timed_out_until'
Ignoring exception in on_member_update
Traceback (most recent call last):
  File "/usr/local/lib/python3.12/site-packages/discord/client.py", line 465, in _run_event
    await coro(*args, **kwargs)
  File "/app/asu_discord/cogs/analytics.py", line 652, in on_member_update
    before_timeout = before.timed_out_until
                     ^^^^^^^^^^^^^^^^^^^^^^
AttributeError: 'Member' object has no attribute 'timed_out_until'
INFO:asu_discord.cogs.verification:Saved 6 roles to database for user ydadlani@asu.edu (Discord ID: 651473350438420491)
INFO:asu_discord.cogs.verification:Refreshed Salesforce roles for Discord user 651473350438420491: -6/+6 roles, assigned=[Commited, First Year, Out of State, Polytechnic, Upperclassmen, W.P. Carey School of Business]
ERROR:cron.jobs:refresh_salesforce_roles: failed for latorr12 (Discord ID 1405767278204555367): Failed to refresh Salesforce-based roles: Discord user 1405767278204555367 is not a member of the guild
ERROR:cron.jobs:refresh_salesforce_roles: failed for jellio53 (Discord ID 734616280555978792): Failed to refresh Salesforce-based roles: Discord user 734616280555978792 is not a member of the guild
Ignoring exception in on_member_update
Traceback (most recent call last):
  File "/usr/local/lib/python3.12/site-packages/discord/client.py", line 465, in _run_event
    await coro(*args, **kwargs)
  File "/app/asu_discord/cogs/analytics.py", line 652, in on_member_update
    before_timeout = before.timed_out_until
                     ^^^^^^^^^^^^^^^^^^^^^^
AttributeError: 'Member' object has no attribute 'timed_out_until'
Ignoring exception in on_member_update
Traceback (most recent call last):
  File "/usr/local/lib/python3.12/site-packages/discord/client.py", line 465, in _run_event
    await coro(*args, **kwargs)
  File "/app/asu_discord/cogs/analytics.py", line 652, in on_member_update
    before_timeout = before.timed_out_until
                     ^^^^^^^^^^^^^^^^^^^^^^
AttributeError: 'Member' object has no attribute 'timed_out_until'
Ignoring exception in on_member_update
Traceback (most recent call last):
  File "/usr/local/lib/python3.12/site-packages/discord/client.py", line 465, in _run_event
    await coro(*args, **kwargs)
  File "/app/asu_discord/cogs/analytics.py", line 652, in on_member_update
    before_timeout = before.timed_out_until
                     ^^^^^^^^^^^^^^^^^^^^^^
AttributeError: 'Member' object has no attribute 'timed_out_until'
Ignoring exception in on_member_update
Traceback (most recent call last):
  File "/usr/local/lib/python3.12/site-packages/discord/client.py", line 465, in _run_event
    await coro(*args, **kwargs)
  File "/app/asu_discord/cogs/analytics.py", line 652, in on_member_update
    before_timeout = before.timed_out_until
                     ^^^^^^^^^^^^^^^^^^^^^^
AttributeError: 'Member' object has no attribute 'timed_out_until'
Ignoring exception in on_member_update
Traceback (most recent call last):
  File "/usr/local/lib/python3.12/site-packages/discord/client.py", line 465, in _run_event
    await coro(*args, **kwargs)
  File "/app/asu_discord/cogs/analytics.py", line 652, in on_member_update
    before_timeout = before.timed_out_until
                     ^^^^^^^^^^^^^^^^^^^^^^
AttributeError: 'Member' object has no attribute 'timed_out_until'
Ignoring exception in on_member_update
Traceback (most recent call last):
  File "/usr/local/lib/python3.12/site-packages/discord/client.py", line 465, in _run_event
    await coro(*args, **kwargs)
  File "/app/asu_discord/cogs/analytics.py", line 652, in on_member_update
    before_timeout = before.timed_out_until
                     ^^^^^^^^^^^^^^^^^^^^^^
AttributeError: 'Member' object has no attribute 'timed_out_until'
Ignoring exception in on_member_update
Traceback (most recent call last):
  File "/usr/local/lib/python3.12/site-packages/discord/client.py", line 465, in _run_event
    await coro(*args, **kwargs)
  File "/app/asu_discord/cogs/analytics.py", line 652, in on_member_update
    before_timeout = before.timed_out_until
                     ^^^^^^^^^^^^^^^^^^^^^^
AttributeError: 'Member' object has no attribute 'timed_out_until'
Ignoring exception in on_member_update
Traceback (most recent call last):
  File "/usr/local/lib/python3.12/site-packages/discord/client.py", line 465, in _run_event
    await coro(*args, **kwargs)
  File "/app/asu_discord/cogs/analytics.py", line 652, in on_member_update
    before_timeout = before.timed_out_until
                     ^^^^^^^^^^^^^^^^^^^^^^
AttributeError: 'Member' object has no attribute 'timed_out_until'
Ignoring exception in on_member_update
Traceback (most recent call last):
  File "/usr/local/lib/python3.12/site-packages/discord/client.py", line 465, in _run_event
    await coro(*args, **kwargs)
  File "/app/asu_discord/cogs/analytics.py", line 652, in on_member_update
    before_timeout = before.timed_out_until
                     ^^^^^^^^^^^^^^^^^^^^^^
AttributeError: 'Member' object has no attribute 'timed_out_until'
Ignoring exception in on_member_update
Traceback (most recent call last):
  File "/usr/local/lib/python3.12/site-packages/discord/client.py", line 465, in _run_event
    await coro(*args, **kwargs)
  File "/app/asu_discord/cogs/analytics.py", line 652, in on_member_update
    before_timeout = before.timed_out_until
                     ^^^^^^^^^^^^^^^^^^^^^^
AttributeError: 'Member' object has no attribute 'timed_out_until'
INFO:asu_discord.cogs.verification:Saved 5 roles to database for user ecandel5@asu.edu (Discord ID: 810385663895404556)
INFO:asu_discord.cogs.verification:Refreshed Salesforce roles for Discord user 810385663895404556: -5/+5 roles, assigned=[New College of Interdisciplinary Arts and Sciences, Online, Out of State, Transfer Student, Upperclassmen]
Ignoring exception in on_member_update
Traceback (most recent call last):
  File "/usr/local/lib/python3.12/site-packages/discord/client.py", line 465, in _run_event
    await coro(*args, **kwargs)
  File "/app/asu_discord/cogs/analytics.py", line 652, in on_member_update
    before_timeout = before.timed_out_until
                     ^^^^^^^^^^^^^^^^^^^^^^
AttributeError: 'Member' object has no attribute 'timed_out_until'
Ignoring exception in on_member_update
Traceback (most recent call last):
  File "/usr/local/lib/python3.12/site-packages/discord/client.py", line 465, in _run_event
    await coro(*args, **kwargs)
  File "/app/asu_discord/cogs/analytics.py", line 652, in on_member_update
    before_timeout = before.timed_out_until
                     ^^^^^^^^^^^^^^^^^^^^^^
AttributeError: 'Member' object has no attribute 'timed_out_until'
Ignoring exception in on_member_update
Traceback (most recent call last):
  File "/usr/local/lib/python3.12/site-packages/discord/client.py", line 465, in _run_event
    await coro(*args, **kwargs)
  File "/app/asu_discord/cogs/analytics.py", line 652, in on_member_update
    before_timeout = before.timed_out_until
                     ^^^^^^^^^^^^^^^^^^^^^^
AttributeError: 'Member' object has no attribute 'timed_out_until'
Ignoring exception in on_member_update
Traceback (most recent call last):
  File "/usr/local/lib/python3.12/site-packages/discord/client.py", line 465, in _run_event
    await coro(*args, **kwargs)
  File "/app/asu_discord/cogs/analytics.py", line 652, in on_member_update
    before_timeout = before.timed_out_until
                     ^^^^^^^^^^^^^^^^^^^^^^
AttributeError: 'Member' object has no attribute 'timed_out_until'
Ignoring exception in on_member_update
Traceback (most recent call last):
  File "/usr/local/lib/python3.12/site-packages/discord/client.py", line 465, in _run_event
    await coro(*args, **kwargs)
  File "/app/asu_discord/cogs/analytics.py", line 652, in on_member_update
    before_timeout = before.timed_out_until
                     ^^^^^^^^^^^^^^^^^^^^^^
AttributeError: 'Member' object has no attribute 'timed_out_until'
Ignoring exception in on_member_update
Traceback (most recent call last):
  File "/usr/local/lib/python3.12/site-packages/discord/client.py", line 465, in _run_event
    await coro(*args, **kwargs)
  File "/app/asu_discord/cogs/analytics.py", line 652, in on_member_update
    before_timeout = before.timed_out_until
                     ^^^^^^^^^^^^^^^^^^^^^^
AttributeError: 'Member' object has no attribute 'timed_out_until'
Ignoring exception in on_member_update
Traceback (most recent call last):
  File "/usr/local/lib/python3.12/site-packages/discord/client.py", line 465, in _run_event
    await coro(*args, **kwargs)
  File "/app/asu_discord/cogs/analytics.py", line 652, in on_member_update
    before_timeout = before.timed_out_until
                     ^^^^^^^^^^^^^^^^^^^^^^
AttributeError: 'Member' object has no attribute 'timed_out_until'
Ignoring exception in on_member_update
Traceback (most recent call last):
  File "/usr/local/lib/python3.12/site-packages/discord/client.py", line 465, in _run_event
    await coro(*args, **kwargs)
  File "/app/asu_discord/cogs/analytics.py", line 652, in on_member_update
    before_timeout = before.timed_out_until
                     ^^^^^^^^^^^^^^^^^^^^^^
AttributeError: 'Member' object has no attribute 'timed_out_until'
INFO:asu_discord.cogs.verification:Saved 5 roles to database for user abbarrag@asu.edu (Discord ID: 314095841688158229)
INFO:asu_discord.cogs.verification:Refreshed Salesforce roles for Discord user 314095841688158229: -4/+5 roles, assigned=[New College of Interdisciplinary Arts and Sciences, Online, Out of State, Transfer Student, Upperclassmen]
Ignoring exception in on_member_update
Traceback (most recent call last):
  File "/usr/local/lib/python3.12/site-packages/discord/client.py", line 465, in _run_event
    await coro(*args, **kwargs)
  File "/app/asu_discord/cogs/analytics.py", line 652, in on_member_update
    before_timeout = before.timed_out_until
                     ^^^^^^^^^^^^^^^^^^^^^^
AttributeError: 'Member' object has no attribute 'timed_out_until'
ERROR:cron.jobs:refresh_salesforce_roles: failed for jnaicker (Discord ID 950846454082191420): Failed to refresh Salesforce-based roles: Discord user 950846454082191420 is not a member of the guild
Ignoring exception in on_member_update
Traceback (most recent call last):
  File "/usr/local/lib/python3.12/site-packages/discord/client.py", line 465, in _run_event
    await coro(*args, **kwargs)
  File "/app/asu_discord/cogs/analytics.py", line 652, in on_member_update
    before_timeout = before.timed_out_until
                     ^^^^^^^^^^^^^^^^^^^^^^
AttributeError: 'Member' object has no attribute 'timed_out_until'
Ignoring exception in on_member_update
Traceback (most recent call last):
  File "/usr/local/lib/python3.12/site-packages/discord/client.py", line 465, in _run_event
    await coro(*args, **kwargs)
  File "/app/asu_discord/cogs/analytics.py", line 652, in on_member_update
    before_timeout = before.timed_out_until
                     ^^^^^^^^^^^^^^^^^^^^^^
AttributeError: 'Member' object has no attribute 'timed_out_until'
Ignoring exception in on_member_update
Traceback (most recent call last):
  File "/usr/local/lib/python3.12/site-packages/discord/client.py", line 465, in _run_event
    await coro(*args, **kwargs)
  File "/app/asu_discord/cogs/analytics.py", line 652, in on_member_update
    before_timeout = before.timed_out_until
                     ^^^^^^^^^^^^^^^^^^^^^^
AttributeError: 'Member' object has no attribute 'timed_out_until'
Ignoring exception in on_member_update
Traceback (most recent call last):
  File "/usr/local/lib/python3.12/site-packages/discord/client.py", line 465, in _run_event
    await coro(*args, **kwargs)
  File "/app/asu_discord/cogs/analytics.py", line 652, in on_member_update
    before_timeout = before.timed_out_until
                     ^^^^^^^^^^^^^^^^^^^^^^
AttributeError: 'Member' object has no attribute 'timed_out_until'
Ignoring exception in on_member_update
Traceback (most recent call last):
  File "/usr/local/lib/python3.12/site-packages/discord/client.py", line 465, in _run_event
    await coro(*args, **kwargs)
  File "/app/asu_discord/cogs/analytics.py", line 652, in on_member_update
    before_timeout = before.timed_out_until
                     ^^^^^^^^^^^^^^^^^^^^^^
AttributeError: 'Member' object has no attribute 'timed_out_until'
Ignoring exception in on_member_update
Traceback (most recent call last):
  File "/usr/local/lib/python3.12/site-packages/discord/client.py", line 465, in _run_event
    await coro(*args, **kwargs)
  File "/app/asu_discord/cogs/analytics.py", line 652, in on_member_update
    before_timeout = before.timed_out_until
                     ^^^^^^^^^^^^^^^^^^^^^^
AttributeError: 'Member' object has no attribute 'timed_out_until'
Ignoring exception in on_member_update
Traceback (most recent call last):
  File "/usr/local/lib/python3.12/site-packages/discord/client.py", line 465, in _run_event
    await coro(*args, **kwargs)
  File "/app/asu_discord/cogs/analytics.py", line 652, in on_member_update
    before_timeout = before.timed_out_until
                     ^^^^^^^^^^^^^^^^^^^^^^
AttributeError: 'Member' object has no attribute 'timed_out_until'
Ignoring exception in on_member_update
Traceback (most recent call last):
  File "/usr/local/lib/python3.12/site-packages/discord/client.py", line 465, in _run_event
    await coro(*args, **kwargs)
  File "/app/asu_discord/cogs/analytics.py", line 652, in on_member_update
    before_timeout = before.timed_out_until
                     ^^^^^^^^^^^^^^^^^^^^^^
AttributeError: 'Member' object has no attribute 'timed_out_until'
Ignoring exception in on_member_update
Traceback (most recent call last):
  File "/usr/local/lib/python3.12/site-packages/discord/client.py", line 465, in _run_event
    await coro(*args, **kwargs)
  File "/app/asu_discord/cogs/analytics.py", line 652, in on_member_update
    before_timeout = before.timed_out_until
                     ^^^^^^^^^^^^^^^^^^^^^^
AttributeError: 'Member' object has no attribute 'timed_out_until'
Ignoring exception in on_member_update
Traceback (most recent call last):
  File "/usr/local/lib/python3.12/site-packages/discord/client.py", line 465, in _run_event
    await coro(*args, **kwargs)
  File "/app/asu_discord/cogs/analytics.py", line 652, in on_member_update
    before_timeout = before.timed_out_until
                     ^^^^^^^^^^^^^^^^^^^^^^
AttributeError: 'Member' object has no attribute 'timed_out_until'
Ignoring exception in on_member_update
Traceback (most recent call last):
  File "/usr/local/lib/python3.12/site-packages/discord/client.py", line 465, in _run_event
    await coro(*args, **kwargs)
  File "/app/asu_discord/cogs/analytics.py", line 652, in on_member_update
    before_timeout = before.timed_out_until
                     ^^^^^^^^^^^^^^^^^^^^^^
AttributeError: 'Member' object has no attribute 'timed_out_until'
ERROR:cron.jobs:refresh_salesforce_roles: failed for agmunn (Discord ID 1440428226525794395): Timed out refresh Salesforce-based roles
ERROR:cron.jobs:refresh_salesforce_roles: failed for addavi30 (Discord ID 1333619522644475955): Failed to refresh Salesforce-based roles: Discord user 1333619522644475955 is not a member of the guild
Ignoring exception in on_member_update
Traceback (most recent call last):
  File "/usr/local/lib/python3.12/site-packages/discord/client.py", line 465, in _run_event
    await coro(*args, **kwargs)
  File "/app/asu_discord/cogs/analytics.py", line 652, in on_member_update
    before_timeout = before.timed_out_until
                     ^^^^^^^^^^^^^^^^^^^^^^
AttributeError: 'Member' object has no attribute 'timed_out_until'
Ignoring exception in on_member_update
Traceback (most recent call last):
  File "/usr/local/lib/python3.12/site-packages/discord/client.py", line 465, in _run_event
    await coro(*args, **kwargs)
  File "/app/asu_discord/cogs/analytics.py", line 652, in on_member_update
    before_timeout = before.timed_out_until
                     ^^^^^^^^^^^^^^^^^^^^^^
AttributeError: 'Member' object has no attribute 'timed_out_until'
Ignoring exception in on_member_update
Traceback (most recent call last):
  File "/usr/local/lib/python3.12/site-packages/discord/client.py", line 465, in _run_event
    await coro(*args, **kwargs)
  File "/app/asu_discord/cogs/analytics.py", line 652, in on_member_update
    before_timeout = before.timed_out_until
                     ^^^^^^^^^^^^^^^^^^^^^^
AttributeError: 'Member' object has no attribute 'timed_out_until'
Ignoring exception in on_member_update
Traceback (most recent call last):
  File "/usr/local/lib/python3.12/site-packages/discord/client.py", line 465, in _run_event
    await coro(*args, **kwargs)
  File "/app/asu_discord/cogs/analytics.py", line 652, in on_member_update
    before_timeout = before.timed_out_until
                     ^^^^^^^^^^^^^^^^^^^^^^
AttributeError: 'Member' object has no attribute 'timed_out_until'
Ignoring exception in on_member_update
Traceback (most recent call last):
  File "/usr/local/lib/python3.12/site-packages/discord/client.py", line 465, in _run_event
    await coro(*args, **kwargs)
  File "/app/asu_discord/cogs/analytics.py", line 652, in on_member_update
    before_timeout = before.timed_out_until
                     ^^^^^^^^^^^^^^^^^^^^^^
AttributeError: 'Member' object has no attribute 'timed_out_until'
Ignoring exception in on_member_update
Traceback (most recent call last):
  File "/usr/local/lib/python3.12/site-packages/discord/client.py", line 465, in _run_event
    await coro(*args, **kwargs)
  File "/app/asu_discord/cogs/analytics.py", line 652, in on_member_update
    before_timeout = before.timed_out_until
                     ^^^^^^^^^^^^^^^^^^^^^^
AttributeError: 'Member' object has no attribute 'timed_out_until'
Ignoring exception in on_member_update
Traceback (most recent call last):
  File "/usr/local/lib/python3.12/site-packages/discord/client.py", line 465, in _run_event
    await coro(*args, **kwargs)
  File "/app/asu_discord/cogs/analytics.py", line 652, in on_member_update
    before_timeout = before.timed_out_until
                     ^^^^^^^^^^^^^^^^^^^^^^
AttributeError: 'Member' object has no attribute 'timed_out_until'
Ignoring exception in on_member_update
Traceback (most recent call last):
  File "/usr/local/lib/python3.12/site-packages/discord/client.py", line 465, in _run_event
    await coro(*args, **kwargs)
  File "/app/asu_discord/cogs/analytics.py", line 652, in on_member_update
    before_timeout = before.timed_out_until
                     ^^^^^^^^^^^^^^^^^^^^^^
AttributeError: 'Member' object has no attribute 'timed_out_until'
Ignoring exception in on_member_update
Traceback (most recent call last):
  File "/usr/local/lib/python3.12/site-packages/discord/client.py", line 465, in _run_event
    await coro(*args, **kwargs)
  File "/app/asu_discord/cogs/analytics.py", line 652, in on_member_update
    before_timeout = before.timed_out_until
                     ^^^^^^^^^^^^^^^^^^^^^^
AttributeError: 'Member' object has no attribute 'timed_out_until'
Ignoring exception in on_member_update
Traceback (most recent call last):
  File "/usr/local/lib/python3.12/site-packages/discord/client.py", line 465, in _run_event
    await coro(*args, **kwargs)
  File "/app/asu_discord/cogs/analytics.py", line 652, in on_member_update
    before_timeout = before.timed_out_until
                     ^^^^^^^^^^^^^^^^^^^^^^
AttributeError: 'Member' object has no attribute 'timed_out_until'
INFO:asu_discord.cogs.verification:Saved 5 roles to database for user emancine@asu.edu (Discord ID: 1440430070790623263)
INFO:asu_discord.cogs.verification:Refreshed Salesforce roles for Discord user 1440430070790623263: -5/+5 roles, assigned=[College of Liberal Arts and Sciences, Commited, First Year, Out of State, Tempe]
Ignoring exception in on_member_update
Traceback (most recent call last):
  File "/usr/local/lib/python3.12/site-packages/discord/client.py", line 465, in _run_event
    await coro(*args, **kwargs)
  File "/app/asu_discord/cogs/analytics.py", line 652, in on_member_update
    before_timeout = before.timed_out_until
                     ^^^^^^^^^^^^^^^^^^^^^^
AttributeError: 'Member' object has no attribute 'timed_out_until'
Ignoring exception in on_member_update
Traceback (most recent call last):
  File "/usr/local/lib/python3.12/site-packages/discord/client.py", line 465, in _run_event
    await coro(*args, **kwargs)
  File "/app/asu_discord/cogs/analytics.py", line 652, in on_member_update
    before_timeout = before.timed_out_until
                     ^^^^^^^^^^^^^^^^^^^^^^
AttributeError: 'Member' object has no attribute 'timed_out_until'
Ignoring exception in on_member_update
Traceback (most recent call last):
  File "/usr/local/lib/python3.12/site-packages/discord/client.py", line 465, in _run_event
    await coro(*args, **kwargs)
  File "/app/asu_discord/cogs/analytics.py", line 652, in on_member_update
    before_timeout = before.timed_out_until
                     ^^^^^^^^^^^^^^^^^^^^^^
AttributeError: 'Member' object has no attribute 'timed_out_until'
Ignoring exception in on_member_update
Traceback (most recent call last):
  File "/usr/local/lib/python3.12/site-packages/discord/client.py", line 465, in _run_event
    await coro(*args, **kwargs)
  File "/app/asu_discord/cogs/analytics.py", line 652, in on_member_update
    before_timeout = before.timed_out_until
                     ^^^^^^^^^^^^^^^^^^^^^^
AttributeError: 'Member' object has no attribute 'timed_out_until'
Ignoring exception in on_member_update
Traceback (most recent call last):
  File "/usr/local/lib/python3.12/site-packages/discord/client.py", line 465, in _run_event
    await coro(*args, **kwargs)
  File "/app/asu_discord/cogs/analytics.py", line 652, in on_member_update
    before_timeout = before.timed_out_until
                     ^^^^^^^^^^^^^^^^^^^^^^
AttributeError: 'Member' object has no attribute 'timed_out_until'
Ignoring exception in on_member_update
Traceback (most recent call last):
  File "/usr/local/lib/python3.12/site-packages/discord/client.py", line 465, in _run_event
    await coro(*args, **kwargs)
  File "/app/asu_discord/cogs/analytics.py", line 652, in on_member_update
    before_timeout = before.timed_out_until
                     ^^^^^^^^^^^^^^^^^^^^^^
AttributeError: 'Member' object has no attribute 'timed_out_until'
Ignoring exception in on_member_update
Traceback (most recent call last):
  File "/usr/local/lib/python3.12/site-packages/discord/client.py", line 465, in _run_event
    await coro(*args, **kwargs)
  File "/app/asu_discord/cogs/analytics.py", line 652, in on_member_update
    before_timeout = before.timed_out_until
                     ^^^^^^^^^^^^^^^^^^^^^^
AttributeError: 'Member' object has no attribute 'timed_out_until'
Ignoring exception in on_member_update
Traceback (most recent call last):
  File "/usr/local/lib/python3.12/site-packages/discord/client.py", line 465, in _run_event
    await coro(*args, **kwargs)
  File "/app/asu_discord/cogs/analytics.py", line 652, in on_member_update
    before_timeout = before.timed_out_until
                     ^^^^^^^^^^^^^^^^^^^^^^
AttributeError: 'Member' object has no attribute 'timed_out_until'
Ignoring exception in on_member_update
Traceback (most recent call last):
  File "/usr/local/lib/python3.12/site-packages/discord/client.py", line 465, in _run_event
    await coro(*args, **kwargs)
  File "/app/asu_discord/cogs/analytics.py", line 652, in on_member_update
    before_timeout = before.timed_out_until
                     ^^^^^^^^^^^^^^^^^^^^^^
AttributeError: 'Member' object has no attribute 'timed_out_until'
Ignoring exception in on_member_update
Traceback (most recent call last):
  File "/usr/local/lib/python3.12/site-packages/discord/client.py", line 465, in _run_event
    await coro(*args, **kwargs)
  File "/app/asu_discord/cogs/analytics.py", line 652, in on_member_update
    before_timeout = before.timed_out_until
                     ^^^^^^^^^^^^^^^^^^^^^^
AttributeError: 'Member' object has no attribute 'timed_out_until'
ERROR:cron.jobs:refresh_salesforce_roles: failed for siaryu (Discord ID 795147170105262131): Timed out refresh Salesforce-based roles
Ignoring exception in on_member_update
Traceback (most recent call last):
  File "/usr/local/lib/python3.12/site-packages/discord/client.py", line 465, in _run_event
    await coro(*args, **kwargs)
  File "/app/asu_discord/cogs/analytics.py", line 652, in on_member_update
    before_timeout = before.timed_out_until
                     ^^^^^^^^^^^^^^^^^^^^^^
AttributeError: 'Member' object has no attribute 'timed_out_until'
Ignoring exception in on_member_update
Traceback (most recent call last):
  File "/usr/local/lib/python3.12/site-packages/discord/client.py", line 465, in _run_event
    await coro(*args, **kwargs)
  File "/app/asu_discord/cogs/analytics.py", line 652, in on_member_update
    before_timeout = before.timed_out_until
                     ^^^^^^^^^^^^^^^^^^^^^^
AttributeError: 'Member' object has no attribute 'timed_out_until'
Ignoring exception in on_member_update
Traceback (most recent call last):
  File "/usr/local/lib/python3.12/site-packages/discord/client.py", line 465, in _run_event
    await coro(*args, **kwargs)
  File "/app/asu_discord/cogs/analytics.py", line 652, in on_member_update
    before_timeout = before.timed_out_until
                     ^^^^^^^^^^^^^^^^^^^^^^
AttributeError: 'Member' object has no attribute 'timed_out_until'
Ignoring exception in on_member_update
Traceback (most recent call last):
  File "/usr/local/lib/python3.12/site-packages/discord/client.py", line 465, in _run_event
    await coro(*args, **kwargs)
  File "/app/asu_discord/cogs/analytics.py", line 652, in on_member_update
    before_timeout = before.timed_out_until
                     ^^^^^^^^^^^^^^^^^^^^^^
AttributeError: 'Member' object has no attribute 'timed_out_until'
Ignoring exception in on_member_update
Traceback (most recent call last):
  File "/usr/local/lib/python3.12/site-packages/discord/client.py", line 465, in _run_event
    await coro(*args, **kwargs)
  File "/app/asu_discord/cogs/analytics.py", line 652, in on_member_update
    before_timeout = before.timed_out_until
                     ^^^^^^^^^^^^^^^^^^^^^^
AttributeError: 'Member' object has no attribute 'timed_out_until'
Ignoring exception in on_member_update
Traceback (most recent call last):
  File "/usr/local/lib/python3.12/site-packages/discord/client.py", line 465, in _run_event
    await coro(*args, **kwargs)
  File "/app/asu_discord/cogs/analytics.py", line 652, in on_member_update
    before_timeout = before.timed_out_until
                     ^^^^^^^^^^^^^^^^^^^^^^
AttributeError: 'Member' object has no attribute 'timed_out_until'
Ignoring exception in on_member_update
Traceback (most recent call last):
  File "/usr/local/lib/python3.12/site-packages/discord/client.py", line 465, in _run_event
    await coro(*args, **kwargs)
  File "/app/asu_discord/cogs/analytics.py", line 652, in on_member_update
    before_timeout = before.timed_out_until
                     ^^^^^^^^^^^^^^^^^^^^^^
AttributeError: 'Member' object has no attribute 'timed_out_until'
Ignoring exception in on_member_update
Traceback (most recent call last):
  File "/usr/local/lib/python3.12/site-packages/discord/client.py", line 465, in _run_event
    await coro(*args, **kwargs)
  File "/app/asu_discord/cogs/analytics.py", line 652, in on_member_update
    before_timeout = before.timed_out_until
                     ^^^^^^^^^^^^^^^^^^^^^^
AttributeError: 'Member' object has no attribute 'timed_out_until'
Ignoring exception in on_member_update
Traceback (most recent call last):
  File "/usr/local/lib/python3.12/site-packages/discord/client.py", line 465, in _run_event
    await coro(*args, **kwargs)
  File "/app/asu_discord/cogs/analytics.py", line 652, in on_member_update
    before_timeout = before.timed_out_until
                     ^^^^^^^^^^^^^^^^^^^^^^
AttributeError: 'Member' object has no attribute 'timed_out_until'
INFO:asu_discord.cogs.verification:Saved 5 roles to database for user knaula@asu.edu (Discord ID: 633542351112896512)
INFO:asu_discord.cogs.verification:Refreshed Salesforce roles for Discord user 633542351112896512: -5/+4 roles, assigned=[College of Liberal Arts and Sciences, Online, Out of State, Transfer Student, Upperclassmen]
ERROR:cron.jobs:refresh_salesforce_roles: failed for jbwoodbu (Discord ID 369339037242228747): Failed to refresh Salesforce-based roles: Discord user 369339037242228747 is not a member of the guild
Ignoring exception in on_member_update
Traceback (most recent call last):
  File "/usr/local/lib/python3.12/site-packages/discord/client.py", line 465, in _run_event
    await coro(*args, **kwargs)
  File "/app/asu_discord/cogs/analytics.py", line 652, in on_member_update
    before_timeout = before.timed_out_until
                     ^^^^^^^^^^^^^^^^^^^^^^
AttributeError: 'Member' object has no attribute 'timed_out_until'
Ignoring exception in on_member_update
Traceback (most recent call last):
  File "/usr/local/lib/python3.12/site-packages/discord/client.py", line 465, in _run_event
    await coro(*args, **kwargs)
  File "/app/asu_discord/cogs/analytics.py", line 652, in on_member_update
    before_timeout = before.timed_out_until
                     ^^^^^^^^^^^^^^^^^^^^^^
AttributeError: 'Member' object has no attribute 'timed_out_until'
Ignoring exception in on_member_update
Traceback (most recent call last):
  File "/usr/local/lib/python3.12/site-packages/discord/client.py", line 465, in _run_event
    await coro(*args, **kwargs)
  File "/app/asu_discord/cogs/analytics.py", line 652, in on_member_update
    before_timeout = before.timed_out_until
                     ^^^^^^^^^^^^^^^^^^^^^^
AttributeError: 'Member' object has no attribute 'timed_out_until'
Ignoring exception in on_member_update
Traceback (most recent call last):
  File "/usr/local/lib/python3.12/site-packages/discord/client.py", line 465, in _run_event
    await coro(*args, **kwargs)
  File "/app/asu_discord/cogs/analytics.py", line 652, in on_member_update
    before_timeout = before.timed_out_until
                     ^^^^^^^^^^^^^^^^^^^^^^
AttributeError: 'Member' object has no attribute 'timed_out_until'
Ignoring exception in on_member_update
Traceback (most recent call last):
  File "/usr/local/lib/python3.12/site-packages/discord/client.py", line 465, in _run_event
    await coro(*args, **kwargs)
  File "/app/asu_discord/cogs/analytics.py", line 652, in on_member_update
    before_timeout = before.timed_out_until
                     ^^^^^^^^^^^^^^^^^^^^^^
AttributeError: 'Member' object has no attribute 'timed_out_until'
Ignoring exception in on_member_update
Traceback (most recent call last):
  File "/usr/local/lib/python3.12/site-packages/discord/client.py", line 465, in _run_event
    await coro(*args, **kwargs)
  File "/app/asu_discord/cogs/analytics.py", line 652, in on_member_update
    before_timeout = before.timed_out_until
                     ^^^^^^^^^^^^^^^^^^^^^^
AttributeError: 'Member' object has no attribute 'timed_out_until'
Ignoring exception in on_member_update
Traceback (most recent call last):
  File "/usr/local/lib/python3.12/site-packages/discord/client.py", line 465, in _run_event
    await coro(*args, **kwargs)
  File "/app/asu_discord/cogs/analytics.py", line 652, in on_member_update
    before_timeout = before.timed_out_until
                     ^^^^^^^^^^^^^^^^^^^^^^
AttributeError: 'Member' object has no attribute 'timed_out_until'
Ignoring exception in on_member_update
Traceback (most recent call last):
  File "/usr/local/lib/python3.12/site-packages/discord/client.py", line 465, in _run_event
    await coro(*args, **kwargs)
  File "/app/asu_discord/cogs/analytics.py", line 652, in on_member_update
    before_timeout = before.timed_out_until
                     ^^^^^^^^^^^^^^^^^^^^^^
AttributeError: 'Member' object has no attribute 'timed_out_until'
Ignoring exception in on_member_update
Traceback (most recent call last):
  File "/usr/local/lib/python3.12/site-packages/discord/client.py", line 465, in _run_event
    await coro(*args, **kwargs)
  File "/app/asu_discord/cogs/analytics.py", line 652, in on_member_update
    before_timeout = before.timed_out_until
                     ^^^^^^^^^^^^^^^^^^^^^^
AttributeError: 'Member' object has no attribute 'timed_out_until'
Ignoring exception in on_member_update
Traceback (most recent call last):
  File "/usr/local/lib/python3.12/site-packages/discord/client.py", line 465, in _run_event
    await coro(*args, **kwargs)
  File "/app/asu_discord/cogs/analytics.py", line 652, in on_member_update
    before_timeout = before.timed_out_until
                     ^^^^^^^^^^^^^^^^^^^^^^
AttributeError: 'Member' object has no attribute 'timed_out_until'
Ignoring exception in on_member_update
Traceback (most recent call last):
  File "/usr/local/lib/python3.12/site-packages/discord/client.py", line 465, in _run_event
    await coro(*args, **kwargs)
  File "/app/asu_discord/cogs/analytics.py", line 652, in on_member_update
    before_timeout = before.timed_out_until
                     ^^^^^^^^^^^^^^^^^^^^^^
AttributeError: 'Member' object has no attribute 'timed_out_until'
ERROR:cron.jobs:refresh_salesforce_roles: failed for irajeev1 (Discord ID 1262066141723889745): Timed out refresh Salesforce-based roles
Ignoring exception in on_member_update
Traceback (most recent call last):
  File "/usr/local/lib/python3.12/site-packages/discord/client.py", line 465, in _run_event
    await coro(*args, **kwargs)
  File "/app/asu_discord/cogs/analytics.py", line 652, in on_member_update
    before_timeout = before.timed_out_until
                     ^^^^^^^^^^^^^^^^^^^^^^
AttributeError: 'Member' object has no attribute 'timed_out_until'
Ignoring exception in on_member_update
Traceback (most recent call last):
  File "/usr/local/lib/python3.12/site-packages/discord/client.py", line 465, in _run_event
    await coro(*args, **kwargs)
  File "/app/asu_discord/cogs/analytics.py", line 652, in on_member_update
    before_timeout = before.timed_out_until
                     ^^^^^^^^^^^^^^^^^^^^^^
AttributeError: 'Member' object has no attribute 'timed_out_until'
Ignoring exception in on_member_update
Traceback (most recent call last):
  File "/usr/local/lib/python3.12/site-packages/discord/client.py", line 465, in _run_event
    await coro(*args, **kwargs)
  File "/app/asu_discord/cogs/analytics.py", line 652, in on_member_update
    before_timeout = before.timed_out_until
                     ^^^^^^^^^^^^^^^^^^^^^^
AttributeError: 'Member' object has no attribute 'timed_out_until'
Ignoring exception in on_member_update
Traceback (most recent call last):
  File "/usr/local/lib/python3.12/site-packages/discord/client.py", line 465, in _run_event
    await coro(*args, **kwargs)
  File "/app/asu_discord/cogs/analytics.py", line 652, in on_member_update
    before_timeout = before.timed_out_until
                     ^^^^^^^^^^^^^^^^^^^^^^
AttributeError: 'Member' object has no attribute 'timed_out_until'
Ignoring exception in on_member_update
Traceback (most recent call last):
  File "/usr/local/lib/python3.12/site-packages/discord/client.py", line 465, in _run_event
    await coro(*args, **kwargs)
  File "/app/asu_discord/cogs/analytics.py", line 652, in on_member_update
    before_timeout = before.timed_out_until
                     ^^^^^^^^^^^^^^^^^^^^^^
AttributeError: 'Member' object has no attribute 'timed_out_until'
Ignoring exception in on_member_update
Traceback (most recent call last):
  File "/usr/local/lib/python3.12/site-packages/discord/client.py", line 465, in _run_event
    await coro(*args, **kwargs)
  File "/app/asu_discord/cogs/analytics.py", line 652, in on_member_update
    before_timeout = before.timed_out_until
                     ^^^^^^^^^^^^^^^^^^^^^^
AttributeError: 'Member' object has no attribute 'timed_out_until'
Ignoring exception in on_member_update
Traceback (most recent call last):
  File "/usr/local/lib/python3.12/site-packages/discord/client.py", line 465, in _run_event
    await coro(*args, **kwargs)
  File "/app/asu_discord/cogs/analytics.py", line 652, in on_member_update
    before_timeout = before.timed_out_until
                     ^^^^^^^^^^^^^^^^^^^^^^
AttributeError: 'Member' object has no attribute 'timed_out_until'
Ignoring exception in on_member_update
Traceback (most recent call last):
  File "/usr/local/lib/python3.12/site-packages/discord/client.py", line 465, in _run_event
    await coro(*args, **kwargs)
  File "/app/asu_discord/cogs/analytics.py", line 652, in on_member_update
    before_timeout = before.timed_out_until
                     ^^^^^^^^^^^^^^^^^^^^^^
AttributeError: 'Member' object has no attribute 'timed_out_until'
Ignoring exception in on_member_update
Traceback (most recent call last):
  File "/usr/local/lib/python3.12/site-packages/discord/client.py", line 465, in _run_event
    await coro(*args, **kwargs)
  File "/app/asu_discord/cogs/analytics.py", line 652, in on_member_update
    before_timeout = before.timed_out_until
                     ^^^^^^^^^^^^^^^^^^^^^^
AttributeError: 'Member' object has no attribute 'timed_out_until'
Ignoring exception in on_member_update
Traceback (most recent call last):
  File "/usr/local/lib/python3.12/site-packages/discord/client.py", line 465, in _run_event
    await coro(*args, **kwargs)
  File "/app/asu_discord/cogs/analytics.py", line 652, in on_member_update
    before_timeout = before.timed_out_until
                     ^^^^^^^^^^^^^^^^^^^^^^
AttributeError: 'Member' object has no attribute 'timed_out_until'
ERROR:cron.jobs:refresh_salesforce_roles: failed for dmnguy11 (Discord ID 369311579197538304): Timed out refresh Salesforce-based roles
Ignoring exception in on_member_update
Traceback (most recent call last):
  File "/usr/local/lib/python3.12/site-packages/discord/client.py", line 465, in _run_event
    await coro(*args, **kwargs)
  File "/app/asu_discord/cogs/analytics.py", line 652, in on_member_update
    before_timeout = before.timed_out_until
                     ^^^^^^^^^^^^^^^^^^^^^^
AttributeError: 'Member' object has no attribute 'timed_out_until'
Ignoring exception in on_member_update
Traceback (most recent call last):
  File "/usr/local/lib/python3.12/site-packages/discord/client.py", line 465, in _run_event
    await coro(*args, **kwargs)
  File "/app/asu_discord/cogs/analytics.py", line 652, in on_member_update
    before_timeout = before.timed_out_until
                     ^^^^^^^^^^^^^^^^^^^^^^
AttributeError: 'Member' object has no attribute 'timed_out_until'
Ignoring exception in on_member_update
Traceback (most recent call last):
  File "/usr/local/lib/python3.12/site-packages/discord/client.py", line 465, in _run_event
    await coro(*args, **kwargs)
  File "/app/asu_discord/cogs/analytics.py", line 652, in on_member_update
    before_timeout = before.timed_out_until
                     ^^^^^^^^^^^^^^^^^^^^^^
AttributeError: 'Member' object has no attribute 'timed_out_until'
Ignoring exception in on_member_update
Traceback (most recent call last):
  File "/usr/local/lib/python3.12/site-packages/discord/client.py", line 465, in _run_event
    await coro(*args, **kwargs)
  File "/app/asu_discord/cogs/analytics.py", line 652, in on_member_update
    before_timeout = before.timed_out_until
                     ^^^^^^^^^^^^^^^^^^^^^^
AttributeError: 'Member' object has no attribute 'timed_out_until'
Ignoring exception in on_member_update
Traceback (most recent call last):
  File "/usr/local/lib/python3.12/site-packages/discord/client.py", line 465, in _run_event
    await coro(*args, **kwargs)
  File "/app/asu_discord/cogs/analytics.py", line 652, in on_member_update
    before_timeout = before.timed_out_until
                     ^^^^^^^^^^^^^^^^^^^^^^
AttributeError: 'Member' object has no attribute 'timed_out_until'
Ignoring exception in on_member_update
Traceback (most recent call last):
  File "/usr/local/lib/python3.12/site-packages/discord/client.py", line 465, in _run_event
    await coro(*args, **kwargs)
  File "/app/asu_discord/cogs/analytics.py", line 652, in on_member_update
    before_timeout = before.timed_out_until
                     ^^^^^^^^^^^^^^^^^^^^^^
AttributeError: 'Member' object has no attribute 'timed_out_until'
Ignoring exception in on_member_update
Traceback (most recent call last):
  File "/usr/local/lib/python3.12/site-packages/discord/client.py", line 465, in _run_event
    await coro(*args, **kwargs)
  File "/app/asu_discord/cogs/analytics.py", line 652, in on_member_update
    before_timeout = before.timed_out_until
                     ^^^^^^^^^^^^^^^^^^^^^^
AttributeError: 'Member' object has no attribute 'timed_out_until'
Ignoring exception in on_member_update
Traceback (most recent call last):
  File "/usr/local/lib/python3.12/site-packages/discord/client.py", line 465, in _run_event
    await coro(*args, **kwargs)
  File "/app/asu_discord/cogs/analytics.py", line 652, in on_member_update
    before_timeout = before.timed_out_until
                     ^^^^^^^^^^^^^^^^^^^^^^
AttributeError: 'Member' object has no attribute 'timed_out_until'
Ignoring exception in on_member_update
Traceback (most recent call last):
  File "/usr/local/lib/python3.12/site-packages/discord/client.py", line 465, in _run_event
    await coro(*args, **kwargs)
  File "/app/asu_discord/cogs/analytics.py", line 652, in on_member_update
    before_timeout = before.timed_out_until
                     ^^^^^^^^^^^^^^^^^^^^^^
AttributeError: 'Member' object has no attribute 'timed_out_until'
Ignoring exception in on_member_update
Traceback (most recent call last):
  File "/usr/local/lib/python3.12/site-packages/discord/client.py", line 465, in _run_event
    await coro(*args, **kwargs)
  File "/app/asu_discord/cogs/analytics.py", line 652, in on_member_update
    before_timeout = before.timed_out_until
                     ^^^^^^^^^^^^^^^^^^^^^^
AttributeError: 'Member' object has no attribute 'timed_out_until'
INFO:asu_discord.cogs.verification:Saved 5 roles to database for user nthummur@asu.edu (Discord ID: 1440435870959403130)
INFO:asu_discord.cogs.verification:Refreshed Salesforce roles for Discord user 1440435870959403130: -5/+5 roles, assigned=[Commited, Graduate Student, International Student, Ira A. Fulton Schools of Engineering, Tempe]
ERROR:cron.jobs:refresh_salesforce_roles: failed for kavalen4 (Discord ID 311843228104130560): Failed to refresh Salesforce-based roles: Discord user 311843228104130560 is not a member of the guild
ERROR:cron.jobs:refresh_salesforce_roles: failed for celigar (Discord ID 546169132723208202): Failed to refresh Salesforce-based roles: Discord user 546169132723208202 is not a member of the guild
Ignoring exception in on_member_update
Traceback (most recent call last):
  File "/usr/local/lib/python3.12/site-packages/discord/client.py", line 465, in _run_event
    await coro(*args, **kwargs)
  File "/app/asu_discord/cogs/analytics.py", line 652, in on_member_update
    before_timeout = before.timed_out_until
                     ^^^^^^^^^^^^^^^^^^^^^^
AttributeError: 'Member' object has no attribute 'timed_out_until'
Ignoring exception in on_member_update
Traceback (most recent call last):
  File "/usr/local/lib/python3.12/site-packages/discord/client.py", line 465, in _run_event
    await coro(*args, **kwargs)
  File "/app/asu_discord/cogs/analytics.py", line 652, in on_member_update
    before_timeout = before.timed_out_until
                     ^^^^^^^^^^^^^^^^^^^^^^
AttributeError: 'Member' object has no attribute 'timed_out_until'
Ignoring exception in on_member_update
Traceback (most recent call last):
  File "/usr/local/lib/python3.12/site-packages/discord/client.py", line 465, in _run_event
    await coro(*args, **kwargs)
  File "/app/asu_discord/cogs/analytics.py", line 652, in on_member_update
    before_timeout = before.timed_out_until
                     ^^^^^^^^^^^^^^^^^^^^^^
AttributeError: 'Member' object has no attribute 'timed_out_until'
Ignoring exception in on_member_update
Traceback (most recent call last):
  File "/usr/local/lib/python3.12/site-packages/discord/client.py", line 465, in _run_event
    await coro(*args, **kwargs)
  File "/app/asu_discord/cogs/analytics.py", line 652, in on_member_update
    before_timeout = before.timed_out_until
                     ^^^^^^^^^^^^^^^^^^^^^^
AttributeError: 'Member' object has no attribute 'timed_out_until'
Ignoring exception in on_member_update
Traceback (most recent call last):
  File "/usr/local/lib/python3.12/site-packages/discord/client.py", line 465, in _run_event
    await coro(*args, **kwargs)
  File "/app/asu_discord/cogs/analytics.py", line 652, in on_member_update
    before_timeout = before.timed_out_until
                     ^^^^^^^^^^^^^^^^^^^^^^
AttributeError: 'Member' object has no attribute 'timed_out_until'
Ignoring exception in on_member_update
Traceback (most recent call last):
  File "/usr/local/lib/python3.12/site-packages/discord/client.py", line 465, in _run_event
    await coro(*args, **kwargs)
  File "/app/asu_discord/cogs/analytics.py", line 652, in on_member_update
    before_timeout = before.timed_out_until
                     ^^^^^^^^^^^^^^^^^^^^^^
AttributeError: 'Member' object has no attribute 'timed_out_until'
Ignoring exception in on_member_update
Traceback (most recent call last):
  File "/usr/local/lib/python3.12/site-packages/discord/client.py", line 465, in _run_event
    await coro(*args, **kwargs)
  File "/app/asu_discord/cogs/analytics.py", line 652, in on_member_update
    before_timeout = before.timed_out_until
                     ^^^^^^^^^^^^^^^^^^^^^^
AttributeError: 'Member' object has no attribute 'timed_out_until'
Ignoring exception in on_member_update
Traceback (most recent call last):
  File "/usr/local/lib/python3.12/site-packages/discord/client.py", line 465, in _run_event
    await coro(*args, **kwargs)
  File "/app/asu_discord/cogs/analytics.py", line 652, in on_member_update
    before_timeout = before.timed_out_until
                     ^^^^^^^^^^^^^^^^^^^^^^
AttributeError: 'Member' object has no attribute 'timed_out_until'
Ignoring exception in on_member_update
Traceback (most recent call last):
  File "/usr/local/lib/python3.12/site-packages/discord/client.py", line 465, in _run_event
    await coro(*args, **kwargs)
  File "/app/asu_discord/cogs/analytics.py", line 652, in on_member_update
    before_timeout = before.timed_out_until
                     ^^^^^^^^^^^^^^^^^^^^^^
AttributeError: 'Member' object has no attribute 'timed_out_until'
Ignoring exception in on_member_update
Traceback (most recent call last):
  File "/usr/local/lib/python3.12/site-packages/discord/client.py", line 465, in _run_event
    await coro(*args, **kwargs)
  File "/app/asu_discord/cogs/analytics.py", line 652, in on_member_update
    before_timeout = before.timed_out_until
                     ^^^^^^^^^^^^^^^^^^^^^^
AttributeError: 'Member' object has no attribute 'timed_out_until'
INFO:asu_discord.cogs.verification:Saved 5 roles to database for user aalqah23@asu.edu (Discord ID: 441662963494158336)
INFO:asu_discord.cogs.verification:Refreshed Salesforce roles for Discord user 441662963494158336: -5/+5 roles, assigned=[International Student, Ira A. Fulton Schools of Engineering, Tempe, Transfer Student, Upperclassmen]
Ignoring exception in on_member_update
Traceback (most recent call last):
  File "/usr/local/lib/python3.12/site-packages/discord/client.py", line 465, in _run_event
    await coro(*args, **kwargs)
  File "/app/asu_discord/cogs/analytics.py", line 652, in on_member_update
    before_timeout = before.timed_out_until
                     ^^^^^^^^^^^^^^^^^^^^^^
AttributeError: 'Member' object has no attribute 'timed_out_until'
Ignoring exception in on_member_update
Traceback (most recent call last):
  File "/usr/local/lib/python3.12/site-packages/discord/client.py", line 465, in _run_event
    await coro(*args, **kwargs)
  File "/app/asu_discord/cogs/analytics.py", line 652, in on_member_update
    before_timeout = before.timed_out_until
                     ^^^^^^^^^^^^^^^^^^^^^^
AttributeError: 'Member' object has no attribute 'timed_out_until'
Ignoring exception in on_member_update
Traceback (most recent call last):
  File "/usr/local/lib/python3.12/site-packages/discord/client.py", line 465, in _run_event
    await coro(*args, **kwargs)
  File "/app/asu_discord/cogs/analytics.py", line 652, in on_member_update
    before_timeout = before.timed_out_until
                     ^^^^^^^^^^^^^^^^^^^^^^
AttributeError: 'Member' object has no attribute 'timed_out_until'
Ignoring exception in on_member_update
Traceback (most recent call last):
  File "/usr/local/lib/python3.12/site-packages/discord/client.py", line 465, in _run_event
    await coro(*args, **kwargs)
  File "/app/asu_discord/cogs/analytics.py", line 652, in on_member_update
    before_timeout = before.timed_out_until
                     ^^^^^^^^^^^^^^^^^^^^^^
AttributeError: 'Member' object has no attribute 'timed_out_until'
Ignoring exception in on_member_update
Traceback (most recent call last):
  File "/usr/local/lib/python3.12/site-packages/discord/client.py", line 465, in _run_event
    await coro(*args, **kwargs)
  File "/app/asu_discord/cogs/analytics.py", line 652, in on_member_update
    before_timeout = before.timed_out_until
                     ^^^^^^^^^^^^^^^^^^^^^^
AttributeError: 'Member' object has no attribute 'timed_out_until'
Ignoring exception in on_member_update
Traceback (most recent call last):
  File "/usr/local/lib/python3.12/site-packages/discord/client.py", line 465, in _run_event
    await coro(*args, **kwargs)
  File "/app/asu_discord/cogs/analytics.py", line 652, in on_member_update
    before_timeout = before.timed_out_until
                     ^^^^^^^^^^^^^^^^^^^^^^
AttributeError: 'Member' object has no attribute 'timed_out_until'
Ignoring exception in on_member_update
Traceback (most recent call last):
  File "/usr/local/lib/python3.12/site-packages/discord/client.py", line 465, in _run_event
    await coro(*args, **kwargs)
  File "/app/asu_discord/cogs/analytics.py", line 652, in on_member_update
    before_timeout = before.timed_out_until
                     ^^^^^^^^^^^^^^^^^^^^^^
AttributeError: 'Member' object has no attribute 'timed_out_until'
Ignoring exception in on_member_update
Traceback (most recent call last):
  File "/usr/local/lib/python3.12/site-packages/discord/client.py", line 465, in _run_event
    await coro(*args, **kwargs)
  File "/app/asu_discord/cogs/analytics.py", line 652, in on_member_update
    before_timeout = before.timed_out_until
                     ^^^^^^^^^^^^^^^^^^^^^^
AttributeError: 'Member' object has no attribute 'timed_out_until'
Ignoring exception in on_member_update
Traceback (most recent call last):
  File "/usr/local/lib/python3.12/site-packages/discord/client.py", line 465, in _run_event
    await coro(*args, **kwargs)
  File "/app/asu_discord/cogs/analytics.py", line 652, in on_member_update
    before_timeout = before.timed_out_until
                     ^^^^^^^^^^^^^^^^^^^^^^
AttributeError: 'Member' object has no attribute 'timed_out_until'
Ignoring exception in on_member_update
Traceback (most recent call last):
  File "/usr/local/lib/python3.12/site-packages/discord/client.py", line 465, in _run_event
    await coro(*args, **kwargs)
  File "/app/asu_discord/cogs/analytics.py", line 652, in on_member_update
    before_timeout = before.timed_out_until
                     ^^^^^^^^^^^^^^^^^^^^^^
AttributeError: 'Member' object has no attribute 'timed_out_until'
INFO:asu_discord.cogs.verification:Saved 6 roles to database for user rpahuja3@asu.edu (Discord ID: 1329137671754350707)
INFO:asu_discord.cogs.verification:Refreshed Salesforce roles for Discord user 1329137671754350707: -4/+6 roles, assigned=[Arizona Resident, Commited, First Year, Ira A. Fulton Schools of Engineering, Tempe, Upperclassmen]
Ignoring exception in on_member_update
Traceback (most recent call last):
  File "/usr/local/lib/python3.12/site-packages/discord/client.py", line 465, in _run_event
    await coro(*args, **kwargs)
  File "/app/asu_discord/cogs/analytics.py", line 652, in on_member_update
    before_timeout = before.timed_out_until
                     ^^^^^^^^^^^^^^^^^^^^^^
AttributeError: 'Member' object has no attribute 'timed_out_until'
Ignoring exception in on_member_update
Traceback (most recent call last):
  File "/usr/local/lib/python3.12/site-packages/discord/client.py", line 465, in _run_event
    await coro(*args, **kwargs)
  File "/app/asu_discord/cogs/analytics.py", line 652, in on_member_update
    before_timeout = before.timed_out_until
                     ^^^^^^^^^^^^^^^^^^^^^^
AttributeError: 'Member' object has no attribute 'timed_out_until'
Ignoring exception in on_member_update
Traceback (most recent call last):
  File "/usr/local/lib/python3.12/site-packages/discord/client.py", line 465, in _run_event
    await coro(*args, **kwargs)
  File "/app/asu_discord/cogs/analytics.py", line 652, in on_member_update
    before_timeout = before.timed_out_until
                     ^^^^^^^^^^^^^^^^^^^^^^
AttributeError: 'Member' object has no attribute 'timed_out_until'
Ignoring exception in on_member_update
Traceback (most recent call last):
  File "/usr/local/lib/python3.12/site-packages/discord/client.py", line 465, in _run_event
    await coro(*args, **kwargs)
  File "/app/asu_discord/cogs/analytics.py", line 652, in on_member_update
    before_timeout = before.timed_out_until
                     ^^^^^^^^^^^^^^^^^^^^^^
AttributeError: 'Member' object has no attribute 'timed_out_until'
Ignoring exception in on_member_update
Traceback (most recent call last):
  File "/usr/local/lib/python3.12/site-packages/discord/client.py", line 465, in _run_event
    await coro(*args, **kwargs)
  File "/app/asu_discord/cogs/analytics.py", line 652, in on_member_update
    before_timeout = before.timed_out_until
                     ^^^^^^^^^^^^^^^^^^^^^^
AttributeError: 'Member' object has no attribute 'timed_out_until'
Ignoring exception in on_member_update
Traceback (most recent call last):
  File "/usr/local/lib/python3.12/site-packages/discord/client.py", line 465, in _run_event
    await coro(*args, **kwargs)
  File "/app/asu_discord/cogs/analytics.py", line 652, in on_member_update
    before_timeout = before.timed_out_until
                     ^^^^^^^^^^^^^^^^^^^^^^
AttributeError: 'Member' object has no attribute 'timed_out_until'
Ignoring exception in on_member_update
Traceback (most recent call last):
  File "/usr/local/lib/python3.12/site-packages/discord/client.py", line 465, in _run_event
    await coro(*args, **kwargs)
  File "/app/asu_discord/cogs/analytics.py", line 652, in on_member_update
    before_timeout = before.timed_out_until
                     ^^^^^^^^^^^^^^^^^^^^^^
AttributeError: 'Member' object has no attribute 'timed_out_until'
Ignoring exception in on_member_update
Traceback (most recent call last):
  File "/usr/local/lib/python3.12/site-packages/discord/client.py", line 465, in _run_event
    await coro(*args, **kwargs)
  File "/app/asu_discord/cogs/analytics.py", line 652, in on_member_update
    before_timeout = before.timed_out_until
                     ^^^^^^^^^^^^^^^^^^^^^^
AttributeError: 'Member' object has no attribute 'timed_out_until'
Ignoring exception in on_member_update
Traceback (most recent call last):
  File "/usr/local/lib/python3.12/site-packages/discord/client.py", line 465, in _run_event
    await coro(*args, **kwargs)
  File "/app/asu_discord/cogs/analytics.py", line 652, in on_member_update
    before_timeout = before.timed_out_until
                     ^^^^^^^^^^^^^^^^^^^^^^
AttributeError: 'Member' object has no attribute 'timed_out_until'
Ignoring exception in on_member_update
Traceback (most recent call last):
  File "/usr/local/lib/python3.12/site-packages/discord/client.py", line 465, in _run_event
    await coro(*args, **kwargs)
  File "/app/asu_discord/cogs/analytics.py", line 652, in on_member_update
    before_timeout = before.timed_out_until
                     ^^^^^^^^^^^^^^^^^^^^^^
AttributeError: 'Member' object has no attribute 'timed_out_until'
INFO:asu_discord.cogs.verification:Saved 6 roles to database for user jnola126@asu.edu (Discord ID: 537293951443533824)
INFO:asu_discord.cogs.verification:Refreshed Salesforce roles for Discord user 537293951443533824: -4/+6 roles, assigned=[Commited, First Year, International Student, Ira A. Fulton Schools of Engineering, Tempe, Upperclassmen]
Ignoring exception in on_member_update
Traceback (most recent call last):
  File "/usr/local/lib/python3.12/site-packages/discord/client.py", line 465, in _run_event
    await coro(*args, **kwargs)
  File "/app/asu_discord/cogs/analytics.py", line 652, in on_member_update
    before_timeout = before.timed_out_until
                     ^^^^^^^^^^^^^^^^^^^^^^
AttributeError: 'Member' object has no attribute 'timed_out_until'
Ignoring exception in on_member_update
Traceback (most recent call last):
  File "/usr/local/lib/python3.12/site-packages/discord/client.py", line 465, in _run_event
    await coro(*args, **kwargs)
  File "/app/asu_discord/cogs/analytics.py", line 652, in on_member_update
    before_timeout = before.timed_out_until
                     ^^^^^^^^^^^^^^^^^^^^^^
AttributeError: 'Member' object has no attribute 'timed_out_until'
Ignoring exception in on_member_update
Traceback (most recent call last):
  File "/usr/local/lib/python3.12/site-packages/discord/client.py", line 465, in _run_event
    await coro(*args, **kwargs)
  File "/app/asu_discord/cogs/analytics.py", line 652, in on_member_update
    before_timeout = before.timed_out_until
                     ^^^^^^^^^^^^^^^^^^^^^^
AttributeError: 'Member' object has no attribute 'timed_out_until'
Ignoring exception in on_member_update
Traceback (most recent call last):
  File "/usr/local/lib/python3.12/site-packages/discord/client.py", line 465, in _run_event
    await coro(*args, **kwargs)
  File "/app/asu_discord/cogs/analytics.py", line 652, in on_member_update
    before_timeout = before.timed_out_until
                     ^^^^^^^^^^^^^^^^^^^^^^
AttributeError: 'Member' object has no attribute 'timed_out_until'
Ignoring exception in on_member_update
Traceback (most recent call last):
  File "/usr/local/lib/python3.12/site-packages/discord/client.py", line 465, in _run_event
    await coro(*args, **kwargs)
  File "/app/asu_discord/cogs/analytics.py", line 652, in on_member_update
    before_timeout = before.timed_out_until
                     ^^^^^^^^^^^^^^^^^^^^^^
AttributeError: 'Member' object has no attribute 'timed_out_until'
Ignoring exception in on_member_update
Traceback (most recent call last):
  File "/usr/local/lib/python3.12/site-packages/discord/client.py", line 465, in _run_event
    await coro(*args, **kwargs)
  File "/app/asu_discord/cogs/analytics.py", line 652, in on_member_update
    before_timeout = before.timed_out_until
                     ^^^^^^^^^^^^^^^^^^^^^^
AttributeError: 'Member' object has no attribute 'timed_out_until'
Ignoring exception in on_member_update
Traceback (most recent call last):
  File "/usr/local/lib/python3.12/site-packages/discord/client.py", line 465, in _run_event
    await coro(*args, **kwargs)
  File "/app/asu_discord/cogs/analytics.py", line 652, in on_member_update
    before_timeout = before.timed_out_until
                     ^^^^^^^^^^^^^^^^^^^^^^
AttributeError: 'Member' object has no attribute 'timed_out_until'
Ignoring exception in on_member_update
Traceback (most recent call last):
  File "/usr/local/lib/python3.12/site-packages/discord/client.py", line 465, in _run_event
    await coro(*args, **kwargs)
  File "/app/asu_discord/cogs/analytics.py", line 652, in on_member_update
    before_timeout = before.timed_out_until
                     ^^^^^^^^^^^^^^^^^^^^^^
AttributeError: 'Member' object has no attribute 'timed_out_until'
Ignoring exception in on_member_update
Traceback (most recent call last):
  File "/usr/local/lib/python3.12/site-packages/discord/client.py", line 465, in _run_event
    await coro(*args, **kwargs)
  File "/app/asu_discord/cogs/analytics.py", line 652, in on_member_update
    before_timeout = before.timed_out_until
                     ^^^^^^^^^^^^^^^^^^^^^^
AttributeError: 'Member' object has no attribute 'timed_out_until'
INFO:asu_discord.cogs.verification:Saved 6 roles to database for user npadinzh@asu.edu (Discord ID: 706399372052791297)
INFO:asu_discord.cogs.verification:Refreshed Salesforce roles for Discord user 706399372052791297: -4/+5 roles, assigned=[Commited, First Year, International Student, Ira A. Fulton Schools of Engineering, Tempe, Upperclassmen]
Ignoring exception in on_member_update
Traceback (most recent call last):
  File "/usr/local/lib/python3.12/site-packages/discord/client.py", line 465, in _run_event
    await coro(*args, **kwargs)
  File "/app/asu_discord/cogs/analytics.py", line 652, in on_member_update
    before_timeout = before.timed_out_until
                     ^^^^^^^^^^^^^^^^^^^^^^
AttributeError: 'Member' object has no attribute 'timed_out_until'
Ignoring exception in on_member_update
Traceback (most recent call last):
  File "/usr/local/lib/python3.12/site-packages/discord/client.py", line 465, in _run_event
    await coro(*args, **kwargs)
  File "/app/asu_discord/cogs/analytics.py", line 652, in on_member_update
    before_timeout = before.timed_out_until
                     ^^^^^^^^^^^^^^^^^^^^^^
AttributeError: 'Member' object has no attribute 'timed_out_until'
Ignoring exception in on_member_update
Traceback (most recent call last):
  File "/usr/local/lib/python3.12/site-packages/discord/client.py", line 465, in _run_event
    await coro(*args, **kwargs)
  File "/app/asu_discord/cogs/analytics.py", line 652, in on_member_update
    before_timeout = before.timed_out_until
                     ^^^^^^^^^^^^^^^^^^^^^^
AttributeError: 'Member' object has no attribute 'timed_out_until'
Ignoring exception in on_member_update
Traceback (most recent call last):
  File "/usr/local/lib/python3.12/site-packages/discord/client.py", line 465, in _run_event
    await coro(*args, **kwargs)
  File "/app/asu_discord/cogs/analytics.py", line 652, in on_member_update
    before_timeout = before.timed_out_until
                     ^^^^^^^^^^^^^^^^^^^^^^
AttributeError: 'Member' object has no attribute 'timed_out_until'
Ignoring exception in on_member_update
Traceback (most recent call last):
  File "/usr/local/lib/python3.12/site-packages/discord/client.py", line 465, in _run_event
    await coro(*args, **kwargs)
  File "/app/asu_discord/cogs/analytics.py", line 652, in on_member_update
    before_timeout = before.timed_out_until
                     ^^^^^^^^^^^^^^^^^^^^^^
AttributeError: 'Member' object has no attribute 'timed_out_until'
Ignoring exception in on_member_update
Traceback (most recent call last):
  File "/usr/local/lib/python3.12/site-packages/discord/client.py", line 465, in _run_event
    await coro(*args, **kwargs)
  File "/app/asu_discord/cogs/analytics.py", line 652, in on_member_update
    before_timeout = before.timed_out_until
                     ^^^^^^^^^^^^^^^^^^^^^^
AttributeError: 'Member' object has no attribute 'timed_out_until'
Ignoring exception in on_member_update
Traceback (most recent call last):
  File "/usr/local/lib/python3.12/site-packages/discord/client.py", line 465, in _run_event
    await coro(*args, **kwargs)
  File "/app/asu_discord/cogs/analytics.py", line 652, in on_member_update
    before_timeout = before.timed_out_until
                     ^^^^^^^^^^^^^^^^^^^^^^
AttributeError: 'Member' object has no attribute 'timed_out_until'
Ignoring exception in on_member_update
Traceback (most recent call last):
  File "/usr/local/lib/python3.12/site-packages/discord/client.py", line 465, in _run_event
    await coro(*args, **kwargs)
  File "/app/asu_discord/cogs/analytics.py", line 652, in on_member_update
    before_timeout = before.timed_out_until
                     ^^^^^^^^^^^^^^^^^^^^^^
AttributeError: 'Member' object has no attribute 'timed_out_until'
Ignoring exception in on_member_update
Traceback (most recent call last):
  File "/usr/local/lib/python3.12/site-packages/discord/client.py", line 465, in _run_event
    await coro(*args, **kwargs)
  File "/app/asu_discord/cogs/analytics.py", line 652, in on_member_update
    before_timeout = before.timed_out_until
                     ^^^^^^^^^^^^^^^^^^^^^^
AttributeError: 'Member' object has no attribute 'timed_out_until'
Ignoring exception in on_member_update
Traceback (most recent call last):
  File "/usr/local/lib/python3.12/site-packages/discord/client.py", line 465, in _run_event
    await coro(*args, **kwargs)
  File "/app/asu_discord/cogs/analytics.py", line 652, in on_member_update
    before_timeout = before.timed_out_until
                     ^^^^^^^^^^^^^^^^^^^^^^
AttributeError: 'Member' object has no attribute 'timed_out_until'
Ignoring exception in on_member_update
Traceback (most recent call last):
  File "/usr/local/lib/python3.12/site-packages/discord/client.py", line 465, in _run_event
    await coro(*args, **kwargs)
  File "/app/asu_discord/cogs/analytics.py", line 652, in on_member_update
    before_timeout = before.timed_out_until
                     ^^^^^^^^^^^^^^^^^^^^^^
AttributeError: 'Member' object has no attribute 'timed_out_until'
ERROR:cron.jobs:refresh_salesforce_roles: failed for mcfrank4 (Discord ID 721977193668018297): Timed out refresh Salesforce-based roles
Ignoring exception in on_member_update
Traceback (most recent call last):
  File "/usr/local/lib/python3.12/site-packages/discord/client.py", line 465, in _run_event
    await coro(*args, **kwargs)
  File "/app/asu_discord/cogs/analytics.py", line 652, in on_member_update
    before_timeout = before.timed_out_until
                     ^^^^^^^^^^^^^^^^^^^^^^
AttributeError: 'Member' object has no attribute 'timed_out_until'
Ignoring exception in on_member_update
Traceback (most recent call last):
  File "/usr/local/lib/python3.12/site-packages/discord/client.py", line 465, in _run_event
    await coro(*args, **kwargs)
  File "/app/asu_discord/cogs/analytics.py", line 652, in on_member_update
    before_timeout = before.timed_out_until
                     ^^^^^^^^^^^^^^^^^^^^^^
AttributeError: 'Member' object has no attribute 'timed_out_until'
Ignoring exception in on_member_update
Traceback (most recent call last):
  File "/usr/local/lib/python3.12/site-packages/discord/client.py", line 465, in _run_event
    await coro(*args, **kwargs)
  File "/app/asu_discord/cogs/analytics.py", line 652, in on_member_update
    before_timeout = before.timed_out_until
                     ^^^^^^^^^^^^^^^^^^^^^^
AttributeError: 'Member' object has no attribute 'timed_out_until'
Ignoring exception in on_member_update
Traceback (most recent call last):
  File "/usr/local/lib/python3.12/site-packages/discord/client.py", line 465, in _run_event
    await coro(*args, **kwargs)
  File "/app/asu_discord/cogs/analytics.py", line 652, in on_member_update
    before_timeout = before.timed_out_until
                     ^^^^^^^^^^^^^^^^^^^^^^
AttributeError: 'Member' object has no attribute 'timed_out_until'
Ignoring exception in on_member_update
Traceback (most recent call last):
  File "/usr/local/lib/python3.12/site-packages/discord/client.py", line 465, in _run_event
    await coro(*args, **kwargs)
  File "/app/asu_discord/cogs/analytics.py", line 652, in on_member_update
    before_timeout = before.timed_out_until
                     ^^^^^^^^^^^^^^^^^^^^^^
AttributeError: 'Member' object has no attribute 'timed_out_until'
Ignoring exception in on_member_update
Traceback (most recent call last):
  File "/usr/local/lib/python3.12/site-packages/discord/client.py", line 465, in _run_event
    await coro(*args, **kwargs)
  File "/app/asu_discord/cogs/analytics.py", line 652, in on_member_update
    before_timeout = before.timed_out_until
                     ^^^^^^^^^^^^^^^^^^^^^^
AttributeError: 'Member' object has no attribute 'timed_out_until'
Ignoring exception in on_member_update
Traceback (most recent call last):
  File "/usr/local/lib/python3.12/site-packages/discord/client.py", line 465, in _run_event
    await coro(*args, **kwargs)
  File "/app/asu_discord/cogs/analytics.py", line 652, in on_member_update
    before_timeout = before.timed_out_until
                     ^^^^^^^^^^^^^^^^^^^^^^
AttributeError: 'Member' object has no attribute 'timed_out_until'
Ignoring exception in on_member_update
Traceback (most recent call last):
  File "/usr/local/lib/python3.12/site-packages/discord/client.py", line 465, in _run_event
    await coro(*args, **kwargs)
  File "/app/asu_discord/cogs/analytics.py", line 652, in on_member_update
    before_timeout = before.timed_out_until
                     ^^^^^^^^^^^^^^^^^^^^^^
AttributeError: 'Member' object has no attribute 'timed_out_until'
Ignoring exception in on_member_update
Traceback (most recent call last):
  File "/usr/local/lib/python3.12/site-packages/discord/client.py", line 465, in _run_event
    await coro(*args, **kwargs)
  File "/app/asu_discord/cogs/analytics.py", line 652, in on_member_update
    before_timeout = before.timed_out_until
                     ^^^^^^^^^^^^^^^^^^^^^^
AttributeError: 'Member' object has no attribute 'timed_out_until'
Ignoring exception in on_member_update
Traceback (most recent call last):
  File "/usr/local/lib/python3.12/site-packages/discord/client.py", line 465, in _run_event
    await coro(*args, **kwargs)
  File "/app/asu_discord/cogs/analytics.py", line 652, in on_member_update
    before_timeout = before.timed_out_until
                     ^^^^^^^^^^^^^^^^^^^^^^
AttributeError: 'Member' object has no attribute 'timed_out_until'
INFO:asu_discord.cogs.verification:Saved 5 roles to database for user tschwitz@asu.edu (Discord ID: 1440451219775815730)
INFO:asu_discord.cogs.verification:Refreshed Salesforce roles for Discord user 1440451219775815730: -5/+5 roles, assigned=[Arizona Resident, Online, Transfer Student, Upperclassmen, Watts College of Public Service and Community Solutions]
Ignoring exception in on_member_update
Traceback (most recent call last):
  File "/usr/local/lib/python3.12/site-packages/discord/client.py", line 465, in _run_event
    await coro(*args, **kwargs)
  File "/app/asu_discord/cogs/analytics.py", line 652, in on_member_update
    before_timeout = before.timed_out_until
                     ^^^^^^^^^^^^^^^^^^^^^^
AttributeError: 'Member' object has no attribute 'timed_out_until'
Ignoring exception in on_member_update
Traceback (most recent call last):
  File "/usr/local/lib/python3.12/site-packages/discord/client.py", line 465, in _run_event
    await coro(*args, **kwargs)
  File "/app/asu_discord/cogs/analytics.py", line 652, in on_member_update
    before_timeout = before.timed_out_until
                     ^^^^^^^^^^^^^^^^^^^^^^
AttributeError: 'Member' object has no attribute 'timed_out_until'
Ignoring exception in on_member_update
Traceback (most recent call last):
  File "/usr/local/lib/python3.12/site-packages/discord/client.py", line 465, in _run_event
    await coro(*args, **kwargs)
  File "/app/asu_discord/cogs/analytics.py", line 652, in on_member_update
    before_timeout = before.timed_out_until
                     ^^^^^^^^^^^^^^^^^^^^^^
AttributeError: 'Member' object has no attribute 'timed_out_until'
Ignoring exception in on_member_update
Traceback (most recent call last):
  File "/usr/local/lib/python3.12/site-packages/discord/client.py", line 465, in _run_event
    await coro(*args, **kwargs)
  File "/app/asu_discord/cogs/analytics.py", line 652, in on_member_update
    before_timeout = before.timed_out_until
                     ^^^^^^^^^^^^^^^^^^^^^^
AttributeError: 'Member' object has no attribute 'timed_out_until'
Ignoring exception in on_member_update
Traceback (most recent call last):
  File "/usr/local/lib/python3.12/site-packages/discord/client.py", line 465, in _run_event
    await coro(*args, **kwargs)
  File "/app/asu_discord/cogs/analytics.py", line 652, in on_member_update
    before_timeout = before.timed_out_until
                     ^^^^^^^^^^^^^^^^^^^^^^
AttributeError: 'Member' object has no attribute 'timed_out_until'
Ignoring exception in on_member_update
Traceback (most recent call last):
  File "/usr/local/lib/python3.12/site-packages/discord/client.py", line 465, in _run_event
    await coro(*args, **kwargs)
  File "/app/asu_discord/cogs/analytics.py", line 652, in on_member_update
    before_timeout = before.timed_out_until
                     ^^^^^^^^^^^^^^^^^^^^^^
AttributeError: 'Member' object has no attribute 'timed_out_until'
Ignoring exception in on_member_update
Traceback (most recent call last):
  File "/usr/local/lib/python3.12/site-packages/discord/client.py", line 465, in _run_event
    await coro(*args, **kwargs)
  File "/app/asu_discord/cogs/analytics.py", line 652, in on_member_update
    before_timeout = before.timed_out_until
                     ^^^^^^^^^^^^^^^^^^^^^^
AttributeError: 'Member' object has no attribute 'timed_out_until'
Ignoring exception in on_member_update
Traceback (most recent call last):
  File "/usr/local/lib/python3.12/site-packages/discord/client.py", line 465, in _run_event
    await coro(*args, **kwargs)
  File "/app/asu_discord/cogs/analytics.py", line 652, in on_member_update
    before_timeout = before.timed_out_until
                     ^^^^^^^^^^^^^^^^^^^^^^
AttributeError: 'Member' object has no attribute 'timed_out_until'
Ignoring exception in on_member_update
Traceback (most recent call last):
  File "/usr/local/lib/python3.12/site-packages/discord/client.py", line 465, in _run_event
    await coro(*args, **kwargs)
  File "/app/asu_discord/cogs/analytics.py", line 652, in on_member_update
    before_timeout = before.timed_out_until
                     ^^^^^^^^^^^^^^^^^^^^^^
AttributeError: 'Member' object has no attribute 'timed_out_until'
Ignoring exception in on_member_update
Traceback (most recent call last):
  File "/usr/local/lib/python3.12/site-packages/discord/client.py", line 465, in _run_event
    await coro(*args, **kwargs)
  File "/app/asu_discord/cogs/analytics.py", line 652, in on_member_update
    before_timeout = before.timed_out_until
                     ^^^^^^^^^^^^^^^^^^^^^^
AttributeError: 'Member' object has no attribute 'timed_out_until'
ERROR:cron.jobs:refresh_salesforce_roles: failed for avigil8 (Discord ID 152902953487826945): Timed out refresh Salesforce-based roles
ERROR:cron.jobs:refresh_salesforce_roles: failed for jtrabe (Discord ID 250150137014386688): Failed to refresh Salesforce-based roles: Discord user 250150137014386688 is not a member of the guild
ERROR:cron.jobs:refresh_salesforce_roles: failed for egarci79 (Discord ID 681516481418100737): Failed to refresh Salesforce-based roles: Discord user 681516481418100737 is not a member of the guild
Ignoring exception in on_member_update
Traceback (most recent call last):
  File "/usr/local/lib/python3.12/site-packages/discord/client.py", line 465, in _run_event
    await coro(*args, **kwargs)
  File "/app/asu_discord/cogs/analytics.py", line 652, in on_member_update
    before_timeout = before.timed_out_until
                     ^^^^^^^^^^^^^^^^^^^^^^
AttributeError: 'Member' object has no attribute 'timed_out_until'
Ignoring exception in on_member_update
Traceback (most recent call last):
  File "/usr/local/lib/python3.12/site-packages/discord/client.py", line 465, in _run_event
    await coro(*args, **kwargs)
  File "/app/asu_discord/cogs/analytics.py", line 652, in on_member_update
    before_timeout = before.timed_out_until
                     ^^^^^^^^^^^^^^^^^^^^^^
AttributeError: 'Member' object has no attribute 'timed_out_until'
Ignoring exception in on_member_update
Traceback (most recent call last):
  File "/usr/local/lib/python3.12/site-packages/discord/client.py", line 465, in _run_event
    await coro(*args, **kwargs)
  File "/app/asu_discord/cogs/analytics.py", line 652, in on_member_update
    before_timeout = before.timed_out_until
                     ^^^^^^^^^^^^^^^^^^^^^^
AttributeError: 'Member' object has no attribute 'timed_out_until'
Ignoring exception in on_member_update
Traceback (most recent call last):
  File "/usr/local/lib/python3.12/site-packages/discord/client.py", line 465, in _run_event
    await coro(*args, **kwargs)
  File "/app/asu_discord/cogs/analytics.py", line 652, in on_member_update
    before_timeout = before.timed_out_until
                     ^^^^^^^^^^^^^^^^^^^^^^
AttributeError: 'Member' object has no attribute 'timed_out_until'
Ignoring exception in on_member_update
Traceback (most recent call last):
  File "/usr/local/lib/python3.12/site-packages/discord/client.py", line 465, in _run_event
    await coro(*args, **kwargs)
  File "/app/asu_discord/cogs/analytics.py", line 652, in on_member_update
    before_timeout = before.timed_out_until
                     ^^^^^^^^^^^^^^^^^^^^^^
AttributeError: 'Member' object has no attribute 'timed_out_until'
Ignoring exception in on_member_update
Traceback (most recent call last):
  File "/usr/local/lib/python3.12/site-packages/discord/client.py", line 465, in _run_event
    await coro(*args, **kwargs)
  File "/app/asu_discord/cogs/analytics.py", line 652, in on_member_update
    before_timeout = before.timed_out_until
                     ^^^^^^^^^^^^^^^^^^^^^^
AttributeError: 'Member' object has no attribute 'timed_out_until'
Ignoring exception in on_member_update
Traceback (most recent call last):
  File "/usr/local/lib/python3.12/site-packages/discord/client.py", line 465, in _run_event
    await coro(*args, **kwargs)
  File "/app/asu_discord/cogs/analytics.py", line 652, in on_member_update
    before_timeout = before.timed_out_until
                     ^^^^^^^^^^^^^^^^^^^^^^
AttributeError: 'Member' object has no attribute 'timed_out_until'
Ignoring exception in on_member_update
Traceback (most recent call last):
  File "/usr/local/lib/python3.12/site-packages/discord/client.py", line 465, in _run_event
    await coro(*args, **kwargs)
  File "/app/asu_discord/cogs/analytics.py", line 652, in on_member_update
    before_timeout = before.timed_out_until
                     ^^^^^^^^^^^^^^^^^^^^^^
AttributeError: 'Member' object has no attribute 'timed_out_until'
Ignoring exception in on_member_update
Traceback (most recent call last):
  File "/usr/local/lib/python3.12/site-packages/discord/client.py", line 465, in _run_event
    await coro(*args, **kwargs)
  File "/app/asu_discord/cogs/analytics.py", line 652, in on_member_update
    before_timeout = before.timed_out_until
                     ^^^^^^^^^^^^^^^^^^^^^^
AttributeError: 'Member' object has no attribute 'timed_out_until'
Ignoring exception in on_member_update
Traceback (most recent call last):
  File "/usr/local/lib/python3.12/site-packages/discord/client.py", line 465, in _run_event
    await coro(*args, **kwargs)
  File "/app/asu_discord/cogs/analytics.py", line 652, in on_member_update
    before_timeout = before.timed_out_until
                     ^^^^^^^^^^^^^^^^^^^^^^
AttributeError: 'Member' object has no attribute 'timed_out_until'
INFO:asu_discord.cogs.verification:Saved 5 roles to database for user twilloc1@asu.edu (Discord ID: 1408976250093178950)
INFO:asu_discord.cogs.verification:Refreshed Salesforce roles for Discord user 1408976250093178950: -5/+5 roles, assigned=[Arizona Resident, First Year, Ira A. Fulton Schools of Engineering, Online, Upperclassmen]
ERROR:cron.jobs:refresh_salesforce_roles: failed for cleavel1 (Discord ID 1193261543580770507): Failed to refresh Salesforce-based roles: Discord user 1193261543580770507 is not a member of the guild
Ignoring exception in on_member_update
Traceback (most recent call last):
  File "/usr/local/lib/python3.12/site-packages/discord/client.py", line 465, in _run_event
    await coro(*args, **kwargs)
  File "/app/asu_discord/cogs/analytics.py", line 652, in on_member_update
    before_timeout = before.timed_out_until
                     ^^^^^^^^^^^^^^^^^^^^^^
AttributeError: 'Member' object has no attribute 'timed_out_until'
Ignoring exception in on_member_update
Traceback (most recent call last):
  File "/usr/local/lib/python3.12/site-packages/discord/client.py", line 465, in _run_event
    await coro(*args, **kwargs)
  File "/app/asu_discord/cogs/analytics.py", line 652, in on_member_update
    before_timeout = before.timed_out_until
                     ^^^^^^^^^^^^^^^^^^^^^^
AttributeError: 'Member' object has no attribute 'timed_out_until'
Ignoring exception in on_member_update
Traceback (most recent call last):
  File "/usr/local/lib/python3.12/site-packages/discord/client.py", line 465, in _run_event
    await coro(*args, **kwargs)
  File "/app/asu_discord/cogs/analytics.py", line 652, in on_member_update
    before_timeout = before.timed_out_until
                     ^^^^^^^^^^^^^^^^^^^^^^
AttributeError: 'Member' object has no attribute 'timed_out_until'
Ignoring exception in on_member_update
Traceback (most recent call last):
  File "/usr/local/lib/python3.12/site-packages/discord/client.py", line 465, in _run_event
    await coro(*args, **kwargs)
  File "/app/asu_discord/cogs/analytics.py", line 652, in on_member_update
    before_timeout = before.timed_out_until
                     ^^^^^^^^^^^^^^^^^^^^^^
AttributeError: 'Member' object has no attribute 'timed_out_until'
Ignoring exception in on_member_update
Traceback (most recent call last):
  File "/usr/local/lib/python3.12/site-packages/discord/client.py", line 465, in _run_event
    await coro(*args, **kwargs)
  File "/app/asu_discord/cogs/analytics.py", line 652, in on_member_update
    before_timeout = before.timed_out_until
                     ^^^^^^^^^^^^^^^^^^^^^^
AttributeError: 'Member' object has no attribute 'timed_out_until'
Ignoring exception in on_member_update
Traceback (most recent call last):
  File "/usr/local/lib/python3.12/site-packages/discord/client.py", line 465, in _run_event
    await coro(*args, **kwargs)
  File "/app/asu_discord/cogs/analytics.py", line 652, in on_member_update
    before_timeout = before.timed_out_until
                     ^^^^^^^^^^^^^^^^^^^^^^
AttributeError: 'Member' object has no attribute 'timed_out_until'
Ignoring exception in on_member_update
Traceback (most recent call last):
  File "/usr/local/lib/python3.12/site-packages/discord/client.py", line 465, in _run_event
    await coro(*args, **kwargs)
  File "/app/asu_discord/cogs/analytics.py", line 652, in on_member_update
    before_timeout = before.timed_out_until
                     ^^^^^^^^^^^^^^^^^^^^^^
AttributeError: 'Member' object has no attribute 'timed_out_until'
Ignoring exception in on_member_update
Traceback (most recent call last):
  File "/usr/local/lib/python3.12/site-packages/discord/client.py", line 465, in _run_event
    await coro(*args, **kwargs)
  File "/app/asu_discord/cogs/analytics.py", line 652, in on_member_update
    before_timeout = before.timed_out_until
                     ^^^^^^^^^^^^^^^^^^^^^^
AttributeError: 'Member' object has no attribute 'timed_out_until'
Ignoring exception in on_member_update
Traceback (most recent call last):
  File "/usr/local/lib/python3.12/site-packages/discord/client.py", line 465, in _run_event
    await coro(*args, **kwargs)
  File "/app/asu_discord/cogs/analytics.py", line 652, in on_member_update
    before_timeout = before.timed_out_until
                     ^^^^^^^^^^^^^^^^^^^^^^
AttributeError: 'Member' object has no attribute 'timed_out_until'
Ignoring exception in on_member_update
Traceback (most recent call last):
  File "/usr/local/lib/python3.12/site-packages/discord/client.py", line 465, in _run_event
    await coro(*args, **kwargs)
  File "/app/asu_discord/cogs/analytics.py", line 652, in on_member_update
    before_timeout = before.timed_out_until
                     ^^^^^^^^^^^^^^^^^^^^^^
AttributeError: 'Member' object has no attribute 'timed_out_until'
ERROR:cron.jobs:refresh_salesforce_roles: failed for pnguye49 (Discord ID 710713368629215243): Timed out refresh Salesforce-based roles
ERROR:cron.jobs:refresh_salesforce_roles: failed for rrwood5 (Discord ID 745821086687690782): Failed to refresh Salesforce-based roles: Discord user 745821086687690782 is not a member of the guild
Ignoring exception in on_member_update
Traceback (most recent call last):
  File "/usr/local/lib/python3.12/site-packages/discord/client.py", line 465, in _run_event
    await coro(*args, **kwargs)
  File "/app/asu_discord/cogs/analytics.py", line 652, in on_member_update
    before_timeout = before.timed_out_until
                     ^^^^^^^^^^^^^^^^^^^^^^
AttributeError: 'Member' object has no attribute 'timed_out_until'
Ignoring exception in on_member_update
Traceback (most recent call last):
  File "/usr/local/lib/python3.12/site-packages/discord/client.py", line 465, in _run_event
    await coro(*args, **kwargs)
  File "/app/asu_discord/cogs/analytics.py", line 652, in on_member_update
    before_timeout = before.timed_out_until
                     ^^^^^^^^^^^^^^^^^^^^^^
AttributeError: 'Member' object has no attribute 'timed_out_until'
Ignoring exception in on_member_update
Traceback (most recent call last):
  File "/usr/local/lib/python3.12/site-packages/discord/client.py", line 465, in _run_event
    await coro(*args, **kwargs)
  File "/app/asu_discord/cogs/analytics.py", line 652, in on_member_update
    before_timeout = before.timed_out_until
                     ^^^^^^^^^^^^^^^^^^^^^^
AttributeError: 'Member' object has no attribute 'timed_out_until'
Ignoring exception in on_member_update
Traceback (most recent call last):
  File "/usr/local/lib/python3.12/site-packages/discord/client.py", line 465, in _run_event
    await coro(*args, **kwargs)
  File "/app/asu_discord/cogs/analytics.py", line 652, in on_member_update
    before_timeout = before.timed_out_until
                     ^^^^^^^^^^^^^^^^^^^^^^
AttributeError: 'Member' object has no attribute 'timed_out_until'
Ignoring exception in on_member_update
Traceback (most recent call last):
  File "/usr/local/lib/python3.12/site-packages/discord/client.py", line 465, in _run_event
    await coro(*args, **kwargs)
  File "/app/asu_discord/cogs/analytics.py", line 652, in on_member_update
    before_timeout = before.timed_out_until
                     ^^^^^^^^^^^^^^^^^^^^^^
AttributeError: 'Member' object has no attribute 'timed_out_until'
Ignoring exception in on_member_update
Traceback (most recent call last):
  File "/usr/local/lib/python3.12/site-packages/discord/client.py", line 465, in _run_event
    await coro(*args, **kwargs)
  File "/app/asu_discord/cogs/analytics.py", line 652, in on_member_update
    before_timeout = before.timed_out_until
                     ^^^^^^^^^^^^^^^^^^^^^^
AttributeError: 'Member' object has no attribute 'timed_out_until'
Ignoring exception in on_member_update
Traceback (most recent call last):
  File "/usr/local/lib/python3.12/site-packages/discord/client.py", line 465, in _run_event
    await coro(*args, **kwargs)
  File "/app/asu_discord/cogs/analytics.py", line 652, in on_member_update
    before_timeout = before.timed_out_until
                     ^^^^^^^^^^^^^^^^^^^^^^
AttributeError: 'Member' object has no attribute 'timed_out_until'
Ignoring exception in on_member_update
Traceback (most recent call last):
  File "/usr/local/lib/python3.12/site-packages/discord/client.py", line 465, in _run_event
    await coro(*args, **kwargs)
  File "/app/asu_discord/cogs/analytics.py", line 652, in on_member_update
    before_timeout = before.timed_out_until
                     ^^^^^^^^^^^^^^^^^^^^^^
AttributeError: 'Member' object has no attribute 'timed_out_until'
INFO:asu_discord.cogs.verification:Saved 4 roles to database for user nrodr136@asu.edu (Discord ID: 1377420885098758285)
INFO:asu_discord.cogs.verification:Refreshed Salesforce roles for Discord user 1377420885098758285: -4/+4 roles, assigned=[Arizona Resident, First Year, Ira A. Fulton Schools of Engineering, Tempe]
Ignoring exception in on_member_update
Traceback (most recent call last):
  File "/usr/local/lib/python3.12/site-packages/discord/client.py", line 465, in _run_event
    await coro(*args, **kwargs)
  File "/app/asu_discord/cogs/analytics.py", line 652, in on_member_update
    before_timeout = before.timed_out_until
                     ^^^^^^^^^^^^^^^^^^^^^^
AttributeError: 'Member' object has no attribute 'timed_out_until'
Ignoring exception in on_member_update
Traceback (most recent call last):
  File "/usr/local/lib/python3.12/site-packages/discord/client.py", line 465, in _run_event
    await coro(*args, **kwargs)
  File "/app/asu_discord/cogs/analytics.py", line 652, in on_member_update
    before_timeout = before.timed_out_until
                     ^^^^^^^^^^^^^^^^^^^^^^
AttributeError: 'Member' object has no attribute 'timed_out_until'
Ignoring exception in on_member_update
Traceback (most recent call last):
  File "/usr/local/lib/python3.12/site-packages/discord/client.py", line 465, in _run_event
    await coro(*args, **kwargs)
  File "/app/asu_discord/cogs/analytics.py", line 652, in on_member_update
    before_timeout = before.timed_out_until
                     ^^^^^^^^^^^^^^^^^^^^^^
AttributeError: 'Member' object has no attribute 'timed_out_until'
Ignoring exception in on_member_update
Traceback (most recent call last):
  File "/usr/local/lib/python3.12/site-packages/discord/client.py", line 465, in _run_event
    await coro(*args, **kwargs)
  File "/app/asu_discord/cogs/analytics.py", line 652, in on_member_update
    before_timeout = before.timed_out_until
                     ^^^^^^^^^^^^^^^^^^^^^^
AttributeError: 'Member' object has no attribute 'timed_out_until'
Ignoring exception in on_member_update
Traceback (most recent call last):
  File "/usr/local/lib/python3.12/site-packages/discord/client.py", line 465, in _run_event
    await coro(*args, **kwargs)
  File "/app/asu_discord/cogs/analytics.py", line 652, in on_member_update
    before_timeout = before.timed_out_until
                     ^^^^^^^^^^^^^^^^^^^^^^
AttributeError: 'Member' object has no attribute 'timed_out_until'
Ignoring exception in on_member_update
Traceback (most recent call last):
  File "/usr/local/lib/python3.12/site-packages/discord/client.py", line 465, in _run_event
    await coro(*args, **kwargs)
  File "/app/asu_discord/cogs/analytics.py", line 652, in on_member_update
    before_timeout = before.timed_out_until
                     ^^^^^^^^^^^^^^^^^^^^^^
AttributeError: 'Member' object has no attribute 'timed_out_until'
Ignoring exception in on_member_update
Traceback (most recent call last):
  File "/usr/local/lib/python3.12/site-packages/discord/client.py", line 465, in _run_event
    await coro(*args, **kwargs)
  File "/app/asu_discord/cogs/analytics.py", line 652, in on_member_update
    before_timeout = before.timed_out_until
                     ^^^^^^^^^^^^^^^^^^^^^^
AttributeError: 'Member' object has no attribute 'timed_out_until'
Ignoring exception in on_member_update
Traceback (most recent call last):
  File "/usr/local/lib/python3.12/site-packages/discord/client.py", line 465, in _run_event
    await coro(*args, **kwargs)
  File "/app/asu_discord/cogs/analytics.py", line 652, in on_member_update
    before_timeout = before.timed_out_until
                     ^^^^^^^^^^^^^^^^^^^^^^
AttributeError: 'Member' object has no attribute 'timed_out_until'
Ignoring exception in on_member_update
Traceback (most recent call last):
  File "/usr/local/lib/python3.12/site-packages/discord/client.py", line 465, in _run_event
    await coro(*args, **kwargs)
  File "/app/asu_discord/cogs/analytics.py", line 652, in on_member_update
    before_timeout = before.timed_out_until
                     ^^^^^^^^^^^^^^^^^^^^^^
AttributeError: 'Member' object has no attribute 'timed_out_until'
INFO:asu_discord.cogs.verification:Saved 5 roles to database for user ealope26@asu.edu (Discord ID: 1440018263282024510)
INFO:asu_discord.cogs.verification:Refreshed Salesforce roles for Discord user 1440018263282024510: -5/+4 roles, assigned=[Online, Out of State, Transfer Student, Upperclassmen, W.P. Carey School of Business]
Ignoring exception in on_member_update
Traceback (most recent call last):
  File "/usr/local/lib/python3.12/site-packages/discord/client.py", line 465, in _run_event
    await coro(*args, **kwargs)
  File "/app/asu_discord/cogs/analytics.py", line 652, in on_member_update
    before_timeout = before.timed_out_until
                     ^^^^^^^^^^^^^^^^^^^^^^
AttributeError: 'Member' object has no attribute 'timed_out_until'
Ignoring exception in on_member_update
Traceback (most recent call last):
  File "/usr/local/lib/python3.12/site-packages/discord/client.py", line 465, in _run_event
    await coro(*args, **kwargs)
  File "/app/asu_discord/cogs/analytics.py", line 652, in on_member_update
    before_timeout = before.timed_out_until
                     ^^^^^^^^^^^^^^^^^^^^^^
AttributeError: 'Member' object has no attribute 'timed_out_until'
Ignoring exception in on_member_update
Traceback (most recent call last):
  File "/usr/local/lib/python3.12/site-packages/discord/client.py", line 465, in _run_event
    await coro(*args, **kwargs)
  File "/app/asu_discord/cogs/analytics.py", line 652, in on_member_update
    before_timeout = before.timed_out_until
                     ^^^^^^^^^^^^^^^^^^^^^^
AttributeError: 'Member' object has no attribute 'timed_out_until'
Ignoring exception in on_member_update
Traceback (most recent call last):
  File "/usr/local/lib/python3.12/site-packages/discord/client.py", line 465, in _run_event
    await coro(*args, **kwargs)
  File "/app/asu_discord/cogs/analytics.py", line 652, in on_member_update
    before_timeout = before.timed_out_until
                     ^^^^^^^^^^^^^^^^^^^^^^
AttributeError: 'Member' object has no attribute 'timed_out_until'
Ignoring exception in on_member_update
Traceback (most recent call last):
  File "/usr/local/lib/python3.12/site-packages/discord/client.py", line 465, in _run_event
    await coro(*args, **kwargs)
  File "/app/asu_discord/cogs/analytics.py", line 652, in on_member_update
    before_timeout = before.timed_out_until
                     ^^^^^^^^^^^^^^^^^^^^^^
AttributeError: 'Member' object has no attribute 'timed_out_until'
Ignoring exception in on_member_update
Traceback (most recent call last):
  File "/usr/local/lib/python3.12/site-packages/discord/client.py", line 465, in _run_event
    await coro(*args, **kwargs)
  File "/app/asu_discord/cogs/analytics.py", line 652, in on_member_update
    before_timeout = before.timed_out_until
                     ^^^^^^^^^^^^^^^^^^^^^^
AttributeError: 'Member' object has no attribute 'timed_out_until'
Ignoring exception in on_member_update
Traceback (most recent call last):
  File "/usr/local/lib/python3.12/site-packages/discord/client.py", line 465, in _run_event
    await coro(*args, **kwargs)
  File "/app/asu_discord/cogs/analytics.py", line 652, in on_member_update
    before_timeout = before.timed_out_until
                     ^^^^^^^^^^^^^^^^^^^^^^
AttributeError: 'Member' object has no attribute 'timed_out_until'
Ignoring exception in on_member_update
Traceback (most recent call last):
  File "/usr/local/lib/python3.12/site-packages/discord/client.py", line 465, in _run_event
    await coro(*args, **kwargs)
  File "/app/asu_discord/cogs/analytics.py", line 652, in on_member_update
    before_timeout = before.timed_out_until
                     ^^^^^^^^^^^^^^^^^^^^^^
AttributeError: 'Member' object has no attribute 'timed_out_until'
Ignoring exception in on_member_update
Traceback (most recent call last):
  File "/usr/local/lib/python3.12/site-packages/discord/client.py", line 465, in _run_event
    await coro(*args, **kwargs)
  File "/app/asu_discord/cogs/analytics.py", line 652, in on_member_update
    before_timeout = before.timed_out_until
                     ^^^^^^^^^^^^^^^^^^^^^^
AttributeError: 'Member' object has no attribute 'timed_out_until'
Ignoring exception in on_member_update
Traceback (most recent call last):
  File "/usr/local/lib/python3.12/site-packages/discord/client.py", line 465, in _run_event
    await coro(*args, **kwargs)
  File "/app/asu_discord/cogs/analytics.py", line 652, in on_member_update
    before_timeout = before.timed_out_until
                     ^^^^^^^^^^^^^^^^^^^^^^
AttributeError: 'Member' object has no attribute 'timed_out_until'
INFO:asu_discord.cogs.verification:Saved 5 roles to database for user adkeane@asu.edu (Discord ID: 975455611967926313)
INFO:asu_discord.cogs.verification:Refreshed Salesforce roles for Discord user 975455611967926313: -5/+5 roles, assigned=[College of Integrative Sciences and Arts, First Generation Student, Graduate Student, Online, Out of State]
Ignoring exception in on_member_update
Traceback (most recent call last):
  File "/usr/local/lib/python3.12/site-packages/discord/client.py", line 465, in _run_event
    await coro(*args, **kwargs)
  File "/app/asu_discord/cogs/analytics.py", line 652, in on_member_update
    before_timeout = before.timed_out_until
                     ^^^^^^^^^^^^^^^^^^^^^^
AttributeError: 'Member' object has no attribute 'timed_out_until'
Ignoring exception in on_member_update
Traceback (most recent call last):
  File "/usr/local/lib/python3.12/site-packages/discord/client.py", line 465, in _run_event
    await coro(*args, **kwargs)
  File "/app/asu_discord/cogs/analytics.py", line 652, in on_member_update
    before_timeout = before.timed_out_until
                     ^^^^^^^^^^^^^^^^^^^^^^
AttributeError: 'Member' object has no attribute 'timed_out_until'
Ignoring exception in on_member_update
Traceback (most recent call last):
  File "/usr/local/lib/python3.12/site-packages/discord/client.py", line 465, in _run_event
    await coro(*args, **kwargs)
  File "/app/asu_discord/cogs/analytics.py", line 652, in on_member_update
    before_timeout = before.timed_out_until
                     ^^^^^^^^^^^^^^^^^^^^^^
AttributeError: 'Member' object has no attribute 'timed_out_until'
Ignoring exception in on_member_update
Traceback (most recent call last):
  File "/usr/local/lib/python3.12/site-packages/discord/client.py", line 465, in _run_event
    await coro(*args, **kwargs)
  File "/app/asu_discord/cogs/analytics.py", line 652, in on_member_update
    before_timeout = before.timed_out_until
                     ^^^^^^^^^^^^^^^^^^^^^^
AttributeError: 'Member' object has no attribute 'timed_out_until'
Ignoring exception in on_member_update
Traceback (most recent call last):
  File "/usr/local/lib/python3.12/site-packages/discord/client.py", line 465, in _run_event
    await coro(*args, **kwargs)
  File "/app/asu_discord/cogs/analytics.py", line 652, in on_member_update
    before_timeout = before.timed_out_until
                     ^^^^^^^^^^^^^^^^^^^^^^
AttributeError: 'Member' object has no attribute 'timed_out_until'
Ignoring exception in on_member_update
Traceback (most recent call last):
  File "/usr/local/lib/python3.12/site-packages/discord/client.py", line 465, in _run_event
    await coro(*args, **kwargs)
  File "/app/asu_discord/cogs/analytics.py", line 652, in on_member_update
    before_timeout = before.timed_out_until
                     ^^^^^^^^^^^^^^^^^^^^^^
AttributeError: 'Member' object has no attribute 'timed_out_until'
Ignoring exception in on_member_update
Traceback (most recent call last):
  File "/usr/local/lib/python3.12/site-packages/discord/client.py", line 465, in _run_event
    await coro(*args, **kwargs)
  File "/app/asu_discord/cogs/analytics.py", line 652, in on_member_update
    before_timeout = before.timed_out_until
                     ^^^^^^^^^^^^^^^^^^^^^^
AttributeError: 'Member' object has no attribute 'timed_out_until'
Ignoring exception in on_member_update
Traceback (most recent call last):
  File "/usr/local/lib/python3.12/site-packages/discord/client.py", line 465, in _run_event
    await coro(*args, **kwargs)
  File "/app/asu_discord/cogs/analytics.py", line 652, in on_member_update
    before_timeout = before.timed_out_until
                     ^^^^^^^^^^^^^^^^^^^^^^
AttributeError: 'Member' object has no attribute 'timed_out_until'
INFO:asu_discord.cogs.verification:Saved 4 roles to database for user sbutle47@asu.edu (Discord ID: 1440489396922089703)
INFO:asu_discord.cogs.verification:Refreshed Salesforce roles for Discord user 1440489396922089703: -4/+4 roles, assigned=[Graduate Student, Mary Lou Fulton Teachers College, Online, Out of State]
Ignoring exception in on_member_update
Traceback (most recent call last):
  File "/usr/local/lib/python3.12/site-packages/discord/client.py", line 465, in _run_event
    await coro(*args, **kwargs)
  File "/app/asu_discord/cogs/analytics.py", line 652, in on_member_update
    before_timeout = before.timed_out_until
                     ^^^^^^^^^^^^^^^^^^^^^^
AttributeError: 'Member' object has no attribute 'timed_out_until'
Ignoring exception in on_member_update
Traceback (most recent call last):
  File "/usr/local/lib/python3.12/site-packages/discord/client.py", line 465, in _run_event
    await coro(*args, **kwargs)
  File "/app/asu_discord/cogs/analytics.py", line 652, in on_member_update
    before_timeout = before.timed_out_until
                     ^^^^^^^^^^^^^^^^^^^^^^
AttributeError: 'Member' object has no attribute 'timed_out_until'
INFO:asu_discord.cogs.verification:Saved 1 roles to database for user caflint2@asu.edu (Discord ID: 318955989430697995)
INFO:asu_discord.cogs.verification:Refreshed Salesforce roles for Discord user 318955989430697995: -1/+1 roles, assigned=[Out of State]
Ignoring exception in on_member_update
Traceback (most recent call last):
  File "/usr/local/lib/python3.12/site-packages/discord/client.py", line 465, in _run_event
    await coro(*args, **kwargs)
  File "/app/asu_discord/cogs/analytics.py", line 652, in on_member_update
    before_timeout = before.timed_out_until
                     ^^^^^^^^^^^^^^^^^^^^^^
AttributeError: 'Member' object has no attribute 'timed_out_until'
Ignoring exception in on_member_update
Traceback (most recent call last):
  File "/usr/local/lib/python3.12/site-packages/discord/client.py", line 465, in _run_event
    await coro(*args, **kwargs)
  File "/app/asu_discord/cogs/analytics.py", line 652, in on_member_update
    before_timeout = before.timed_out_until
                     ^^^^^^^^^^^^^^^^^^^^^^
AttributeError: 'Member' object has no attribute 'timed_out_until'
Ignoring exception in on_member_update
Traceback (most recent call last):
  File "/usr/local/lib/python3.12/site-packages/discord/client.py", line 465, in _run_event
    await coro(*args, **kwargs)
  File "/app/asu_discord/cogs/analytics.py", line 652, in on_member_update
    before_timeout = before.timed_out_until
                     ^^^^^^^^^^^^^^^^^^^^^^
AttributeError: 'Member' object has no attribute 'timed_out_until'
Ignoring exception in on_member_update
Traceback (most recent call last):
  File "/usr/local/lib/python3.12/site-packages/discord/client.py", line 465, in _run_event
    await coro(*args, **kwargs)
  File "/app/asu_discord/cogs/analytics.py", line 652, in on_member_update
    before_timeout = before.timed_out_until
                     ^^^^^^^^^^^^^^^^^^^^^^
AttributeError: 'Member' object has no attribute 'timed_out_until'
Ignoring exception in on_member_update
Traceback (most recent call last):
  File "/usr/local/lib/python3.12/site-packages/discord/client.py", line 465, in _run_event
    await coro(*args, **kwargs)
  File "/app/asu_discord/cogs/analytics.py", line 652, in on_member_update
    before_timeout = before.timed_out_until
                     ^^^^^^^^^^^^^^^^^^^^^^
AttributeError: 'Member' object has no attribute 'timed_out_until'
Ignoring exception in on_member_update
Traceback (most recent call last):
  File "/usr/local/lib/python3.12/site-packages/discord/client.py", line 465, in _run_event
    await coro(*args, **kwargs)
  File "/app/asu_discord/cogs/analytics.py", line 652, in on_member_update
    before_timeout = before.timed_out_until
                     ^^^^^^^^^^^^^^^^^^^^^^
AttributeError: 'Member' object has no attribute 'timed_out_until'
Ignoring exception in on_member_update
Traceback (most recent call last):
  File "/usr/local/lib/python3.12/site-packages/discord/client.py", line 465, in _run_event
    await coro(*args, **kwargs)
  File "/app/asu_discord/cogs/analytics.py", line 652, in on_member_update
    before_timeout = before.timed_out_until
                     ^^^^^^^^^^^^^^^^^^^^^^
AttributeError: 'Member' object has no attribute 'timed_out_until'
Ignoring exception in on_member_update
Traceback (most recent call last):
  File "/usr/local/lib/python3.12/site-packages/discord/client.py", line 465, in _run_event
    await coro(*args, **kwargs)
  File "/app/asu_discord/cogs/analytics.py", line 652, in on_member_update
    before_timeout = before.timed_out_until
                     ^^^^^^^^^^^^^^^^^^^^^^
AttributeError: 'Member' object has no attribute 'timed_out_until'
Ignoring exception in on_member_update
Traceback (most recent call last):
  File "/usr/local/lib/python3.12/site-packages/discord/client.py", line 465, in _run_event
    await coro(*args, **kwargs)
  File "/app/asu_discord/cogs/analytics.py", line 652, in on_member_update
    before_timeout = before.timed_out_until
                     ^^^^^^^^^^^^^^^^^^^^^^
AttributeError: 'Member' object has no attribute 'timed_out_until'
Ignoring exception in on_member_update
Traceback (most recent call last):
  File "/usr/local/lib/python3.12/site-packages/discord/client.py", line 465, in _run_event
    await coro(*args, **kwargs)
  File "/app/asu_discord/cogs/analytics.py", line 652, in on_member_update
    before_timeout = before.timed_out_until
                     ^^^^^^^^^^^^^^^^^^^^^^
AttributeError: 'Member' object has no attribute 'timed_out_until'
INFO:discord.client:Got a request to RESUME the websocket.
INFO:asu_discord.cogs.verification:Saved 6 roles to database for user mnache@asu.edu (Discord ID: 1329148697031868600)
INFO:asu_discord.cogs.verification:Refreshed Salesforce roles for Discord user 1329148697031868600: -5/+6 roles, assigned=[Arizona Resident, College of Liberal Arts and Sciences, Commited, First Year, Tempe, Upperclassmen]
INFO:discord.gateway:Shard ID None has sent the RESUME payload.
Ignoring exception in on_member_update
Traceback (most recent call last):
  File "/usr/local/lib/python3.12/site-packages/discord/client.py", line 465, in _run_event
    await coro(*args, **kwargs)
  File "/app/asu_discord/cogs/analytics.py", line 652, in on_member_update
    before_timeout = before.timed_out_until
                     ^^^^^^^^^^^^^^^^^^^^^^
AttributeError: 'Member' object has no attribute 'timed_out_until'
INFO:discord.gateway:Shard ID None has successfully RESUMED session 6e3407fd591f617e4a33b69139a85b12 under trace ["gateway-prd-arm-us-east1-b-gq30",{"micros":10186,"calls":["id_created",{"micros":0,"calls":[]},"session_lookup_time",{"micros":8991,"calls":[]},"session_lookup_finished",{"micros":10,"calls":[]},"sessions-prd-gcp-us-east1-b-23",{"micros":85}]}].
Ignoring exception in on_member_update
Traceback (most recent call last):
  File "/usr/local/lib/python3.12/site-packages/discord/client.py", line 465, in _run_event
    await coro(*args, **kwargs)
  File "/app/asu_discord/cogs/analytics.py", line 652, in on_member_update
    before_timeout = before.timed_out_until
                     ^^^^^^^^^^^^^^^^^^^^^^
AttributeError: 'Member' object has no attribute 'timed_out_until'
Ignoring exception in on_member_update
Traceback (most recent call last):
  File "/usr/local/lib/python3.12/site-packages/discord/client.py", line 465, in _run_event
    await coro(*args, **kwargs)
  File "/app/asu_discord/cogs/analytics.py", line 652, in on_member_update
    before_timeout = before.timed_out_until
                     ^^^^^^^^^^^^^^^^^^^^^^
AttributeError: 'Member' object has no attribute 'timed_out_until'
Ignoring exception in on_member_update
Traceback (most recent call last):
  File "/usr/local/lib/python3.12/site-packages/discord/client.py", line 465, in _run_event
    await coro(*args, **kwargs)
  File "/app/asu_discord/cogs/analytics.py", line 652, in on_member_update
    before_timeout = before.timed_out_until
                     ^^^^^^^^^^^^^^^^^^^^^^
AttributeError: 'Member' object has no attribute 'timed_out_until'
Ignoring exception in on_member_update
Traceback (most recent call last):
  File "/usr/local/lib/python3.12/site-packages/discord/client.py", line 465, in _run_event
    await coro(*args, **kwargs)
  File "/app/asu_discord/cogs/analytics.py", line 652, in on_member_update
    before_timeout = before.timed_out_until
                     ^^^^^^^^^^^^^^^^^^^^^^
AttributeError: 'Member' object has no attribute 'timed_out_until'
Ignoring exception in on_member_update
Traceback (most recent call last):
  File "/usr/local/lib/python3.12/site-packages/discord/client.py", line 465, in _run_event
    await coro(*args, **kwargs)
  File "/app/asu_discord/cogs/analytics.py", line 652, in on_member_update
    before_timeout = before.timed_out_until
                     ^^^^^^^^^^^^^^^^^^^^^^
AttributeError: 'Member' object has no attribute 'timed_out_until'
Ignoring exception in on_member_update
Traceback (most recent call last):
  File "/usr/local/lib/python3.12/site-packages/discord/client.py", line 465, in _run_event
    await coro(*args, **kwargs)
  File "/app/asu_discord/cogs/analytics.py", line 652, in on_member_update
    before_timeout = before.timed_out_until
                     ^^^^^^^^^^^^^^^^^^^^^^
AttributeError: 'Member' object has no attribute 'timed_out_until'
Ignoring exception in on_member_update
Traceback (most recent call last):
  File "/usr/local/lib/python3.12/site-packages/discord/client.py", line 465, in _run_event
    await coro(*args, **kwargs)
  File "/app/asu_discord/cogs/analytics.py", line 652, in on_member_update
    before_timeout = before.timed_out_until
                     ^^^^^^^^^^^^^^^^^^^^^^
AttributeError: 'Member' object has no attribute 'timed_out_until'
Ignoring exception in on_member_update
Traceback (most recent call last):
  File "/usr/local/lib/python3.12/site-packages/discord/client.py", line 465, in _run_event
    await coro(*args, **kwargs)
  File "/app/asu_discord/cogs/analytics.py", line 652, in on_member_update
    before_timeout = before.timed_out_until
                     ^^^^^^^^^^^^^^^^^^^^^^
AttributeError: 'Member' object has no attribute 'timed_out_until'
Ignoring exception in on_member_update
Traceback (most recent call last):
  File "/usr/local/lib/python3.12/site-packages/discord/client.py", line 465, in _run_event
    await coro(*args, **kwargs)
  File "/app/asu_discord/cogs/analytics.py", line 652, in on_member_update
    before_timeout = before.timed_out_until
                     ^^^^^^^^^^^^^^^^^^^^^^
AttributeError: 'Member' object has no attribute 'timed_out_until'
Ignoring exception in on_member_update
Traceback (most recent call last):
  File "/usr/local/lib/python3.12/site-packages/discord/client.py", line 465, in _run_event
    await coro(*args, **kwargs)
  File "/app/asu_discord/cogs/analytics.py", line 652, in on_member_update
    before_timeout = before.timed_out_until
                     ^^^^^^^^^^^^^^^^^^^^^^
AttributeError: 'Member' object has no attribute 'timed_out_until'
INFO:asu_discord.cogs.verification:Saved 5 roles to database for user dmdaven2@asu.edu (Discord ID: 1440017971706855546)
INFO:asu_discord.cogs.verification:Refreshed Salesforce roles for Discord user 1440017971706855546: -5/+5 roles, assigned=[College of Liberal Arts and Sciences, First Year, Online, Out of State, Upperclassmen]
Ignoring exception in on_member_update
Traceback (most recent call last):
  File "/usr/local/lib/python3.12/site-packages/discord/client.py", line 465, in _run_event
    await coro(*args, **kwargs)
  File "/app/asu_discord/cogs/analytics.py", line 652, in on_member_update
    before_timeout = before.timed_out_until
                     ^^^^^^^^^^^^^^^^^^^^^^
AttributeError: 'Member' object has no attribute 'timed_out_until'
Ignoring exception in on_member_update
Traceback (most recent call last):
  File "/usr/local/lib/python3.12/site-packages/discord/client.py", line 465, in _run_event
    await coro(*args, **kwargs)
  File "/app/asu_discord/cogs/analytics.py", line 652, in on_member_update
    before_timeout = before.timed_out_until
                     ^^^^^^^^^^^^^^^^^^^^^^
AttributeError: 'Member' object has no attribute 'timed_out_until'
Ignoring exception in on_member_update
Traceback (most recent call last):
  File "/usr/local/lib/python3.12/site-packages/discord/client.py", line 465, in _run_event
    await coro(*args, **kwargs)
  File "/app/asu_discord/cogs/analytics.py", line 652, in on_member_update
    before_timeout = before.timed_out_until
                     ^^^^^^^^^^^^^^^^^^^^^^
AttributeError: 'Member' object has no attribute 'timed_out_until'
Ignoring exception in on_member_update
Traceback (most recent call last):
  File "/usr/local/lib/python3.12/site-packages/discord/client.py", line 465, in _run_event
    await coro(*args, **kwargs)
  File "/app/asu_discord/cogs/analytics.py", line 652, in on_member_update
    before_timeout = before.timed_out_until
                     ^^^^^^^^^^^^^^^^^^^^^^
AttributeError: 'Member' object has no attribute 'timed_out_until'
Ignoring exception in on_member_update
Traceback (most recent call last):
  File "/usr/local/lib/python3.12/site-packages/discord/client.py", line 465, in _run_event
    await coro(*args, **kwargs)
  File "/app/asu_discord/cogs/analytics.py", line 652, in on_member_update
    before_timeout = before.timed_out_until
                     ^^^^^^^^^^^^^^^^^^^^^^
AttributeError: 'Member' object has no attribute 'timed_out_until'
Ignoring exception in on_member_update
Traceback (most recent call last):
  File "/usr/local/lib/python3.12/site-packages/discord/client.py", line 465, in _run_event
    await coro(*args, **kwargs)
  File "/app/asu_discord/cogs/analytics.py", line 652, in on_member_update
    before_timeout = before.timed_out_until
                     ^^^^^^^^^^^^^^^^^^^^^^
AttributeError: 'Member' object has no attribute 'timed_out_until'
Ignoring exception in on_member_update
Traceback (most recent call last):
  File "/usr/local/lib/python3.12/site-packages/discord/client.py", line 465, in _run_event
    await coro(*args, **kwargs)
  File "/app/asu_discord/cogs/analytics.py", line 652, in on_member_update
    before_timeout = before.timed_out_until
                     ^^^^^^^^^^^^^^^^^^^^^^
AttributeError: 'Member' object has no attribute 'timed_out_until'
Ignoring exception in on_member_update
Traceback (most recent call last):
  File "/usr/local/lib/python3.12/site-packages/discord/client.py", line 465, in _run_event
    await coro(*args, **kwargs)
  File "/app/asu_discord/cogs/analytics.py", line 652, in on_member_update
    before_timeout = before.timed_out_until
                     ^^^^^^^^^^^^^^^^^^^^^^
AttributeError: 'Member' object has no attribute 'timed_out_until'
Ignoring exception in on_member_update
Traceback (most recent call last):
  File "/usr/local/lib/python3.12/site-packages/discord/client.py", line 465, in _run_event
    await coro(*args, **kwargs)
  File "/app/asu_discord/cogs/analytics.py", line 652, in on_member_update
    before_timeout = before.timed_out_until
                     ^^^^^^^^^^^^^^^^^^^^^^
AttributeError: 'Member' object has no attribute 'timed_out_until'
INFO:asu_discord.cogs.verification:Saved 5 roles to database for user ploos@asu.edu (Discord ID: 1440495811581575302)
INFO:asu_discord.cogs.verification:Refreshed Salesforce roles for Discord user 1440495811581575302: -5/+4 roles, assigned=[College of Integrative Sciences and Arts, Online, Out of State, Transfer Student, Upperclassmen]
Ignoring exception in on_member_update
Traceback (most recent call last):
  File "/usr/local/lib/python3.12/site-packages/discord/client.py", line 465, in _run_event
    await coro(*args, **kwargs)
  File "/app/asu_discord/cogs/analytics.py", line 652, in on_member_update
    before_timeout = before.timed_out_until
                     ^^^^^^^^^^^^^^^^^^^^^^
AttributeError: 'Member' object has no attribute 'timed_out_until'
Ignoring exception in on_member_update
Traceback (most recent call last):
  File "/usr/local/lib/python3.12/site-packages/discord/client.py", line 465, in _run_event
    await coro(*args, **kwargs)
  File "/app/asu_discord/cogs/analytics.py", line 652, in on_member_update
    before_timeout = before.timed_out_until
                     ^^^^^^^^^^^^^^^^^^^^^^
AttributeError: 'Member' object has no attribute 'timed_out_until'
Ignoring exception in on_member_update
Traceback (most recent call last):
  File "/usr/local/lib/python3.12/site-packages/discord/client.py", line 465, in _run_event
    await coro(*args, **kwargs)
  File "/app/asu_discord/cogs/analytics.py", line 652, in on_member_update
    before_timeout = before.timed_out_until
                     ^^^^^^^^^^^^^^^^^^^^^^
AttributeError: 'Member' object has no attribute 'timed_out_until'
Ignoring exception in on_member_update
Traceback (most recent call last):
  File "/usr/local/lib/python3.12/site-packages/discord/client.py", line 465, in _run_event
    await coro(*args, **kwargs)
  File "/app/asu_discord/cogs/analytics.py", line 652, in on_member_update
    before_timeout = before.timed_out_until
                     ^^^^^^^^^^^^^^^^^^^^^^
AttributeError: 'Member' object has no attribute 'timed_out_until'
Ignoring exception in on_member_update
Traceback (most recent call last):
  File "/usr/local/lib/python3.12/site-packages/discord/client.py", line 465, in _run_event
    await coro(*args, **kwargs)
  File "/app/asu_discord/cogs/analytics.py", line 652, in on_member_update
    before_timeout = before.timed_out_until
                     ^^^^^^^^^^^^^^^^^^^^^^
AttributeError: 'Member' object has no attribute 'timed_out_until'
Ignoring exception in on_member_update
Traceback (most recent call last):
  File "/usr/local/lib/python3.12/site-packages/discord/client.py", line 465, in _run_event
    await coro(*args, **kwargs)
  File "/app/asu_discord/cogs/analytics.py", line 652, in on_member_update
    before_timeout = before.timed_out_until
                     ^^^^^^^^^^^^^^^^^^^^^^
AttributeError: 'Member' object has no attribute 'timed_out_until'
Ignoring exception in on_member_update
Traceback (most recent call last):
  File "/usr/local/lib/python3.12/site-packages/discord/client.py", line 465, in _run_event
    await coro(*args, **kwargs)
  File "/app/asu_discord/cogs/analytics.py", line 652, in on_member_update
    before_timeout = before.timed_out_until
                     ^^^^^^^^^^^^^^^^^^^^^^
AttributeError: 'Member' object has no attribute 'timed_out_until'
Ignoring exception in on_member_update
Traceback (most recent call last):
  File "/usr/local/lib/python3.12/site-packages/discord/client.py", line 465, in _run_event
    await coro(*args, **kwargs)
  File "/app/asu_discord/cogs/analytics.py", line 652, in on_member_update
    before_timeout = before.timed_out_until
                     ^^^^^^^^^^^^^^^^^^^^^^
AttributeError: 'Member' object has no attribute 'timed_out_until'
INFO:asu_discord.cogs.verification:Saved 4 roles to database for user kcdoshi@asu.edu (Discord ID: 1101663525895680010)
INFO:asu_discord.cogs.verification:Refreshed Salesforce roles for Discord user 1101663525895680010: -4/+4 roles, assigned=[First Year, Out of State, W.P. Carey School of Business, West Valley]
Ignoring exception in on_member_update
Traceback (most recent call last):
  File "/usr/local/lib/python3.12/site-packages/discord/client.py", line 465, in _run_event
    await coro(*args, **kwargs)
  File "/app/asu_discord/cogs/analytics.py", line 652, in on_member_update
    before_timeout = before.timed_out_until
                     ^^^^^^^^^^^^^^^^^^^^^^
AttributeError: 'Member' object has no attribute 'timed_out_until'
Ignoring exception in on_member_update
Traceback (most recent call last):
  File "/usr/local/lib/python3.12/site-packages/discord/client.py", line 465, in _run_event
    await coro(*args, **kwargs)
  File "/app/asu_discord/cogs/analytics.py", line 652, in on_member_update
    before_timeout = before.timed_out_until
                     ^^^^^^^^^^^^^^^^^^^^^^
AttributeError: 'Member' object has no attribute 'timed_out_until'
Ignoring exception in on_member_update
Traceback (most recent call last):
  File "/usr/local/lib/python3.12/site-packages/discord/client.py", line 465, in _run_event
    await coro(*args, **kwargs)
  File "/app/asu_discord/cogs/analytics.py", line 652, in on_member_update
    before_timeout = before.timed_out_until
                     ^^^^^^^^^^^^^^^^^^^^^^
AttributeError: 'Member' object has no attribute 'timed_out_until'
Ignoring exception in on_member_update
Traceback (most recent call last):
  File "/usr/local/lib/python3.12/site-packages/discord/client.py", line 465, in _run_event
    await coro(*args, **kwargs)
  File "/app/asu_discord/cogs/analytics.py", line 652, in on_member_update
    before_timeout = before.timed_out_until
                     ^^^^^^^^^^^^^^^^^^^^^^
AttributeError: 'Member' object has no attribute 'timed_out_until'
Ignoring exception in on_member_update
Traceback (most recent call last):
  File "/usr/local/lib/python3.12/site-packages/discord/client.py", line 465, in _run_event
    await coro(*args, **kwargs)
  File "/app/asu_discord/cogs/analytics.py", line 652, in on_member_update
    before_timeout = before.timed_out_until
                     ^^^^^^^^^^^^^^^^^^^^^^
AttributeError: 'Member' object has no attribute 'timed_out_until'
Ignoring exception in on_member_update
Traceback (most recent call last):
  File "/usr/local/lib/python3.12/site-packages/discord/client.py", line 465, in _run_event
    await coro(*args, **kwargs)
  File "/app/asu_discord/cogs/analytics.py", line 652, in on_member_update
    before_timeout = before.timed_out_until
                     ^^^^^^^^^^^^^^^^^^^^^^
AttributeError: 'Member' object has no attribute 'timed_out_until'
Ignoring exception in on_member_update
Traceback (most recent call last):
  File "/usr/local/lib/python3.12/site-packages/discord/client.py", line 465, in _run_event
    await coro(*args, **kwargs)
  File "/app/asu_discord/cogs/analytics.py", line 652, in on_member_update
    before_timeout = before.timed_out_until
                     ^^^^^^^^^^^^^^^^^^^^^^
AttributeError: 'Member' object has no attribute 'timed_out_until'
Ignoring exception in on_member_update
Traceback (most recent call last):
  File "/usr/local/lib/python3.12/site-packages/discord/client.py", line 465, in _run_event
    await coro(*args, **kwargs)
  File "/app/asu_discord/cogs/analytics.py", line 652, in on_member_update
    before_timeout = before.timed_out_until
                     ^^^^^^^^^^^^^^^^^^^^^^
AttributeError: 'Member' object has no attribute 'timed_out_until'
Ignoring exception in on_member_update
Traceback (most recent call last):
  File "/usr/local/lib/python3.12/site-packages/discord/client.py", line 465, in _run_event
    await coro(*args, **kwargs)
  File "/app/asu_discord/cogs/analytics.py", line 652, in on_member_update
    before_timeout = before.timed_out_until
                     ^^^^^^^^^^^^^^^^^^^^^^
AttributeError: 'Member' object has no attribute 'timed_out_until'
INFO:asu_discord.cogs.verification:Saved 5 roles to database for user nspeir@asu.edu (Discord ID: 854543526754254900)
INFO:asu_discord.cogs.verification:Refreshed Salesforce roles for Discord user 854543526754254900: -4/+5 roles, assigned=[Commited, First Year, Ira A. Fulton Schools of Engineering, Out of State, Polytechnic]
Ignoring exception in on_member_update
Traceback (most recent call last):
  File "/usr/local/lib/python3.12/site-packages/discord/client.py", line 465, in _run_event
    await coro(*args, **kwargs)
  File "/app/asu_discord/cogs/analytics.py", line 652, in on_member_update
    before_timeout = before.timed_out_until
                     ^^^^^^^^^^^^^^^^^^^^^^
AttributeError: 'Member' object has no attribute 'timed_out_until'
Ignoring exception in on_member_update
Traceback (most recent call last):
  File "/usr/local/lib/python3.12/site-packages/discord/client.py", line 465, in _run_event
    await coro(*args, **kwargs)
  File "/app/asu_discord/cogs/analytics.py", line 652, in on_member_update
    before_timeout = before.timed_out_until
                     ^^^^^^^^^^^^^^^^^^^^^^
AttributeError: 'Member' object has no attribute 'timed_out_until'
Ignoring exception in on_member_update
Traceback (most recent call last):
  File "/usr/local/lib/python3.12/site-packages/discord/client.py", line 465, in _run_event
    await coro(*args, **kwargs)
  File "/app/asu_discord/cogs/analytics.py", line 652, in on_member_update
    before_timeout = before.timed_out_until
                     ^^^^^^^^^^^^^^^^^^^^^^
AttributeError: 'Member' object has no attribute 'timed_out_until'
Ignoring exception in on_member_update
Traceback (most recent call last):
  File "/usr/local/lib/python3.12/site-packages/discord/client.py", line 465, in _run_event
    await coro(*args, **kwargs)
  File "/app/asu_discord/cogs/analytics.py", line 652, in on_member_update
    before_timeout = before.timed_out_until
                     ^^^^^^^^^^^^^^^^^^^^^^
AttributeError: 'Member' object has no attribute 'timed_out_until'
Ignoring exception in on_member_update
Traceback (most recent call last):
  File "/usr/local/lib/python3.12/site-packages/discord/client.py", line 465, in _run_event
    await coro(*args, **kwargs)
  File "/app/asu_discord/cogs/analytics.py", line 652, in on_member_update
    before_timeout = before.timed_out_until
                     ^^^^^^^^^^^^^^^^^^^^^^
AttributeError: 'Member' object has no attribute 'timed_out_until'
Ignoring exception in on_member_update
Traceback (most recent call last):
  File "/usr/local/lib/python3.12/site-packages/discord/client.py", line 465, in _run_event
    await coro(*args, **kwargs)
  File "/app/asu_discord/cogs/analytics.py", line 652, in on_member_update
    before_timeout = before.timed_out_until
                     ^^^^^^^^^^^^^^^^^^^^^^
AttributeError: 'Member' object has no attribute 'timed_out_until'
Ignoring exception in on_member_update
Traceback (most recent call last):
  File "/usr/local/lib/python3.12/site-packages/discord/client.py", line 465, in _run_event
    await coro(*args, **kwargs)
  File "/app/asu_discord/cogs/analytics.py", line 652, in on_member_update
    before_timeout = before.timed_out_until
                     ^^^^^^^^^^^^^^^^^^^^^^
AttributeError: 'Member' object has no attribute 'timed_out_until'
Ignoring exception in on_member_update
Traceback (most recent call last):
  File "/usr/local/lib/python3.12/site-packages/discord/client.py", line 465, in _run_event
    await coro(*args, **kwargs)
  File "/app/asu_discord/cogs/analytics.py", line 652, in on_member_update
    before_timeout = before.timed_out_until
                     ^^^^^^^^^^^^^^^^^^^^^^
AttributeError: 'Member' object has no attribute 'timed_out_until'
Ignoring exception in on_member_update
Traceback (most recent call last):
  File "/usr/local/lib/python3.12/site-packages/discord/client.py", line 465, in _run_event
    await coro(*args, **kwargs)
  File "/app/asu_discord/cogs/analytics.py", line 652, in on_member_update
    before_timeout = before.timed_out_until
                     ^^^^^^^^^^^^^^^^^^^^^^
AttributeError: 'Member' object has no attribute 'timed_out_until'
Ignoring exception in on_member_update
Traceback (most recent call last):
  File "/usr/local/lib/python3.12/site-packages/discord/client.py", line 465, in _run_event
    await coro(*args, **kwargs)
  File "/app/asu_discord/cogs/analytics.py", line 652, in on_member_update
    before_timeout = before.timed_out_until
                     ^^^^^^^^^^^^^^^^^^^^^^
AttributeError: 'Member' object has no attribute 'timed_out_until'
INFO:asu_discord.cogs.verification:Saved 5 roles to database for user rgferrel@asu.edu (Discord ID: 313662130501189632)
INFO:asu_discord.cogs.verification:Refreshed Salesforce roles for Discord user 313662130501189632: -5/+5 roles, assigned=[Commited, First Year, Ira A. Fulton Schools of Engineering, Out of State, Polytechnic]
ERROR:cron.jobs:refresh_salesforce_roles: failed for hlottman (Discord ID 587830277271978007): Failed to refresh Salesforce-based roles: Discord user 587830277271978007 is not a member of the guild
ERROR:cron.jobs:refresh_salesforce_roles: failed for achakka5 (Discord ID 783718748879192074): Failed to refresh Salesforce-based roles: Discord user 783718748879192074 is not a member of the guild
Ignoring exception in on_member_update
Traceback (most recent call last):
  File "/usr/local/lib/python3.12/site-packages/discord/client.py", line 465, in _run_event
    await coro(*args, **kwargs)
  File "/app/asu_discord/cogs/analytics.py", line 652, in on_member_update
    before_timeout = before.timed_out_until
                     ^^^^^^^^^^^^^^^^^^^^^^
AttributeError: 'Member' object has no attribute 'timed_out_until'
Ignoring exception in on_member_update
Traceback (most recent call last):
  File "/usr/local/lib/python3.12/site-packages/discord/client.py", line 465, in _run_event
    await coro(*args, **kwargs)
  File "/app/asu_discord/cogs/analytics.py", line 652, in on_member_update
    before_timeout = before.timed_out_until
                     ^^^^^^^^^^^^^^^^^^^^^^
AttributeError: 'Member' object has no attribute 'timed_out_until'
Ignoring exception in on_member_update
Traceback (most recent call last):
  File "/usr/local/lib/python3.12/site-packages/discord/client.py", line 465, in _run_event
    await coro(*args, **kwargs)
  File "/app/asu_discord/cogs/analytics.py", line 652, in on_member_update
    before_timeout = before.timed_out_until
                     ^^^^^^^^^^^^^^^^^^^^^^
AttributeError: 'Member' object has no attribute 'timed_out_until'
Ignoring exception in on_member_update
Traceback (most recent call last):
  File "/usr/local/lib/python3.12/site-packages/discord/client.py", line 465, in _run_event
    await coro(*args, **kwargs)
  File "/app/asu_discord/cogs/analytics.py", line 652, in on_member_update
    before_timeout = before.timed_out_until
                     ^^^^^^^^^^^^^^^^^^^^^^
AttributeError: 'Member' object has no attribute 'timed_out_until'
Ignoring exception in on_member_update
Traceback (most recent call last):
  File "/usr/local/lib/python3.12/site-packages/discord/client.py", line 465, in _run_event
    await coro(*args, **kwargs)
  File "/app/asu_discord/cogs/analytics.py", line 652, in on_member_update
    before_timeout = before.timed_out_until
                     ^^^^^^^^^^^^^^^^^^^^^^
AttributeError: 'Member' object has no attribute 'timed_out_until'
Ignoring exception in on_member_update
Traceback (most recent call last):
  File "/usr/local/lib/python3.12/site-packages/discord/client.py", line 465, in _run_event
    await coro(*args, **kwargs)
  File "/app/asu_discord/cogs/analytics.py", line 652, in on_member_update
    before_timeout = before.timed_out_until
                     ^^^^^^^^^^^^^^^^^^^^^^
AttributeError: 'Member' object has no attribute 'timed_out_until'
Ignoring exception in on_member_update
Traceback (most recent call last):
  File "/usr/local/lib/python3.12/site-packages/discord/client.py", line 465, in _run_event
    await coro(*args, **kwargs)
  File "/app/asu_discord/cogs/analytics.py", line 652, in on_member_update
    before_timeout = before.timed_out_until
                     ^^^^^^^^^^^^^^^^^^^^^^
AttributeError: 'Member' object has no attribute 'timed_out_until'
Ignoring exception in on_member_update
Traceback (most recent call last):
  File "/usr/local/lib/python3.12/site-packages/discord/client.py", line 465, in _run_event
    await coro(*args, **kwargs)
  File "/app/asu_discord/cogs/analytics.py", line 652, in on_member_update
    before_timeout = before.timed_out_until
                     ^^^^^^^^^^^^^^^^^^^^^^
AttributeError: 'Member' object has no attribute 'timed_out_until'
Ignoring exception in on_member_update
Traceback (most recent call last):
  File "/usr/local/lib/python3.12/site-packages/discord/client.py", line 465, in _run_event
    await coro(*args, **kwargs)
  File "/app/asu_discord/cogs/analytics.py", line 652, in on_member_update
    before_timeout = before.timed_out_until
                     ^^^^^^^^^^^^^^^^^^^^^^
AttributeError: 'Member' object has no attribute 'timed_out_until'
Ignoring exception in on_member_update
Traceback (most recent call last):
  File "/usr/local/lib/python3.12/site-packages/discord/client.py", line 465, in _run_event
    await coro(*args, **kwargs)
  File "/app/asu_discord/cogs/analytics.py", line 652, in on_member_update
    before_timeout = before.timed_out_until
                     ^^^^^^^^^^^^^^^^^^^^^^
AttributeError: 'Member' object has no attribute 'timed_out_until'
INFO:asu_discord.cogs.verification:Saved 5 roles to database for user asekar13@asu.edu (Discord ID: 765735005593796628)
INFO:asu_discord.cogs.verification:Refreshed Salesforce roles for Discord user 765735005593796628: -5/+5 roles, assigned=[Arizona Resident, Commited, First Year, Tempe, W.P. Carey School of Business]
ERROR:cron.jobs:refresh_salesforce_roles: failed for dldoyle1 (Discord ID 802698132429209700): Failed to refresh Salesforce-based roles: Discord user 802698132429209700 is not a member of the guild
Ignoring exception in on_member_update
Traceback (most recent call last):
  File "/usr/local/lib/python3.12/site-packages/discord/client.py", line 465, in _run_event
    await coro(*args, **kwargs)
  File "/app/asu_discord/cogs/analytics.py", line 652, in on_member_update
    before_timeout = before.timed_out_until
                     ^^^^^^^^^^^^^^^^^^^^^^
AttributeError: 'Member' object has no attribute 'timed_out_until'
Ignoring exception in on_member_update
Traceback (most recent call last):
  File "/usr/local/lib/python3.12/site-packages/discord/client.py", line 465, in _run_event
    await coro(*args, **kwargs)
  File "/app/asu_discord/cogs/analytics.py", line 652, in on_member_update
    before_timeout = before.timed_out_until
                     ^^^^^^^^^^^^^^^^^^^^^^
AttributeError: 'Member' object has no attribute 'timed_out_until'
Ignoring exception in on_member_update
Traceback (most recent call last):
  File "/usr/local/lib/python3.12/site-packages/discord/client.py", line 465, in _run_event
    await coro(*args, **kwargs)
  File "/app/asu_discord/cogs/analytics.py", line 652, in on_member_update
    before_timeout = before.timed_out_until
                     ^^^^^^^^^^^^^^^^^^^^^^
AttributeError: 'Member' object has no attribute 'timed_out_until'
Ignoring exception in on_member_update
Traceback (most recent call last):
  File "/usr/local/lib/python3.12/site-packages/discord/client.py", line 465, in _run_event
    await coro(*args, **kwargs)
  File "/app/asu_discord/cogs/analytics.py", line 652, in on_member_update
    before_timeout = before.timed_out_until
                     ^^^^^^^^^^^^^^^^^^^^^^
AttributeError: 'Member' object has no attribute 'timed_out_until'
Ignoring exception in on_member_update
Traceback (most recent call last):
  File "/usr/local/lib/python3.12/site-packages/discord/client.py", line 465, in _run_event
    await coro(*args, **kwargs)
  File "/app/asu_discord/cogs/analytics.py", line 652, in on_member_update
    before_timeout = before.timed_out_until
                     ^^^^^^^^^^^^^^^^^^^^^^
AttributeError: 'Member' object has no attribute 'timed_out_until'
Ignoring exception in on_member_update
Traceback (most recent call last):
  File "/usr/local/lib/python3.12/site-packages/discord/client.py", line 465, in _run_event
    await coro(*args, **kwargs)
  File "/app/asu_discord/cogs/analytics.py", line 652, in on_member_update
    before_timeout = before.timed_out_until
                     ^^^^^^^^^^^^^^^^^^^^^^
AttributeError: 'Member' object has no attribute 'timed_out_until'
Ignoring exception in on_member_update
Traceback (most recent call last):
  File "/usr/local/lib/python3.12/site-packages/discord/client.py", line 465, in _run_event
    await coro(*args, **kwargs)
  File "/app/asu_discord/cogs/analytics.py", line 652, in on_member_update
    before_timeout = before.timed_out_until
                     ^^^^^^^^^^^^^^^^^^^^^^
AttributeError: 'Member' object has no attribute 'timed_out_until'
Ignoring exception in on_member_update
Traceback (most recent call last):
  File "/usr/local/lib/python3.12/site-packages/discord/client.py", line 465, in _run_event
    await coro(*args, **kwargs)
  File "/app/asu_discord/cogs/analytics.py", line 652, in on_member_update
    before_timeout = before.timed_out_until
                     ^^^^^^^^^^^^^^^^^^^^^^
AttributeError: 'Member' object has no attribute 'timed_out_until'
Ignoring exception in on_member_update
Traceback (most recent call last):
  File "/usr/local/lib/python3.12/site-packages/discord/client.py", line 465, in _run_event
    await coro(*args, **kwargs)
  File "/app/asu_discord/cogs/analytics.py", line 652, in on_member_update
    before_timeout = before.timed_out_until
                     ^^^^^^^^^^^^^^^^^^^^^^
AttributeError: 'Member' object has no attribute 'timed_out_until'
Ignoring exception in on_member_update
Traceback (most recent call last):
  File "/usr/local/lib/python3.12/site-packages/discord/client.py", line 465, in _run_event
    await coro(*args, **kwargs)
  File "/app/asu_discord/cogs/analytics.py", line 652, in on_member_update
    before_timeout = before.timed_out_until
                     ^^^^^^^^^^^^^^^^^^^^^^
AttributeError: 'Member' object has no attribute 'timed_out_until'
INFO:asu_discord.cogs.verification:Saved 5 roles to database for user tdomey@asu.edu (Discord ID: 1069110132992131192)
INFO:asu_discord.cogs.verification:Refreshed Salesforce roles for Discord user 1069110132992131192: -5/+5 roles, assigned=[Arizona Resident, Commited, First Year, Ira A. Fulton Schools of Engineering, Tempe]
Ignoring exception in on_member_update
Traceback (most recent call last):
  File "/usr/local/lib/python3.12/site-packages/discord/client.py", line 465, in _run_event
    await coro(*args, **kwargs)
  File "/app/asu_discord/cogs/analytics.py", line 652, in on_member_update
    before_timeout = before.timed_out_until
                     ^^^^^^^^^^^^^^^^^^^^^^
AttributeError: 'Member' object has no attribute 'timed_out_until'
Ignoring exception in on_member_update
Traceback (most recent call last):
  File "/usr/local/lib/python3.12/site-packages/discord/client.py", line 465, in _run_event
    await coro(*args, **kwargs)
  File "/app/asu_discord/cogs/analytics.py", line 652, in on_member_update
    before_timeout = before.timed_out_until
                     ^^^^^^^^^^^^^^^^^^^^^^
AttributeError: 'Member' object has no attribute 'timed_out_until'
Ignoring exception in on_member_update
Traceback (most recent call last):
  File "/usr/local/lib/python3.12/site-packages/discord/client.py", line 465, in _run_event
    await coro(*args, **kwargs)
  File "/app/asu_discord/cogs/analytics.py", line 652, in on_member_update
    before_timeout = before.timed_out_until
                     ^^^^^^^^^^^^^^^^^^^^^^
AttributeError: 'Member' object has no attribute 'timed_out_until'
Ignoring exception in on_member_update
Traceback (most recent call last):
  File "/usr/local/lib/python3.12/site-packages/discord/client.py", line 465, in _run_event
    await coro(*args, **kwargs)
  File "/app/asu_discord/cogs/analytics.py", line 652, in on_member_update
    before_timeout = before.timed_out_until
                     ^^^^^^^^^^^^^^^^^^^^^^
AttributeError: 'Member' object has no attribute 'timed_out_until'
Ignoring exception in on_member_update
Traceback (most recent call last):
  File "/usr/local/lib/python3.12/site-packages/discord/client.py", line 465, in _run_event
    await coro(*args, **kwargs)
  File "/app/asu_discord/cogs/analytics.py", line 652, in on_member_update
    before_timeout = before.timed_out_until
                     ^^^^^^^^^^^^^^^^^^^^^^
AttributeError: 'Member' object has no attribute 'timed_out_until'
Ignoring exception in on_member_update
Traceback (most recent call last):
  File "/usr/local/lib/python3.12/site-packages/discord/client.py", line 465, in _run_event
    await coro(*args, **kwargs)
  File "/app/asu_discord/cogs/analytics.py", line 652, in on_member_update
    before_timeout = before.timed_out_until
                     ^^^^^^^^^^^^^^^^^^^^^^
AttributeError: 'Member' object has no attribute 'timed_out_until'
Ignoring exception in on_member_update
Traceback (most recent call last):
  File "/usr/local/lib/python3.12/site-packages/discord/client.py", line 465, in _run_event
    await coro(*args, **kwargs)
  File "/app/asu_discord/cogs/analytics.py", line 652, in on_member_update
    before_timeout = before.timed_out_until
                     ^^^^^^^^^^^^^^^^^^^^^^
AttributeError: 'Member' object has no attribute 'timed_out_until'
Ignoring exception in on_member_update
Traceback (most recent call last):
  File "/usr/local/lib/python3.12/site-packages/discord/client.py", line 465, in _run_event
    await coro(*args, **kwargs)
  File "/app/asu_discord/cogs/analytics.py", line 652, in on_member_update
    before_timeout = before.timed_out_until
                     ^^^^^^^^^^^^^^^^^^^^^^
AttributeError: 'Member' object has no attribute 'timed_out_until'
Ignoring exception in on_member_update
Traceback (most recent call last):
  File "/usr/local/lib/python3.12/site-packages/discord/client.py", line 465, in _run_event
    await coro(*args, **kwargs)
  File "/app/asu_discord/cogs/analytics.py", line 652, in on_member_update
    before_timeout = before.timed_out_until
                     ^^^^^^^^^^^^^^^^^^^^^^
AttributeError: 'Member' object has no attribute 'timed_out_until'
Ignoring exception in on_member_update
Traceback (most recent call last):
  File "/usr/local/lib/python3.12/site-packages/discord/client.py", line 465, in _run_event
    await coro(*args, **kwargs)
  File "/app/asu_discord/cogs/analytics.py", line 652, in on_member_update
    before_timeout = before.timed_out_until
                     ^^^^^^^^^^^^^^^^^^^^^^
AttributeError: 'Member' object has no attribute 'timed_out_until'
ERROR:cron.jobs:refresh_salesforce_roles: failed for fward12 (Discord ID 868354251154407424): Timed out refresh Salesforce-based roles
ERROR:cron.jobs:refresh_salesforce_roles: failed for lthatley (Discord ID 513822642642485269): Failed to refresh Salesforce-based roles: Discord user 513822642642485269 is not a member of the guild
Ignoring exception in on_member_update
Traceback (most recent call last):
  File "/usr/local/lib/python3.12/site-packages/discord/client.py", line 465, in _run_event
    await coro(*args, **kwargs)
  File "/app/asu_discord/cogs/analytics.py", line 652, in on_member_update
    before_timeout = before.timed_out_until
                     ^^^^^^^^^^^^^^^^^^^^^^
AttributeError: 'Member' object has no attribute 'timed_out_until'
Ignoring exception in on_member_update
Traceback (most recent call last):
  File "/usr/local/lib/python3.12/site-packages/discord/client.py", line 465, in _run_event
    await coro(*args, **kwargs)
  File "/app/asu_discord/cogs/analytics.py", line 652, in on_member_update
    before_timeout = before.timed_out_until
                     ^^^^^^^^^^^^^^^^^^^^^^
AttributeError: 'Member' object has no attribute 'timed_out_until'
Ignoring exception in on_member_update
Traceback (most recent call last):
  File "/usr/local/lib/python3.12/site-packages/discord/client.py", line 465, in _run_event
    await coro(*args, **kwargs)
  File "/app/asu_discord/cogs/analytics.py", line 652, in on_member_update
    before_timeout = before.timed_out_until
                     ^^^^^^^^^^^^^^^^^^^^^^
AttributeError: 'Member' object has no attribute 'timed_out_until'
Ignoring exception in on_member_update
Traceback (most recent call last):
  File "/usr/local/lib/python3.12/site-packages/discord/client.py", line 465, in _run_event
    await coro(*args, **kwargs)
  File "/app/asu_discord/cogs/analytics.py", line 652, in on_member_update
    before_timeout = before.timed_out_until
                     ^^^^^^^^^^^^^^^^^^^^^^
AttributeError: 'Member' object has no attribute 'timed_out_until'
Ignoring exception in on_member_update
Traceback (most recent call last):
  File "/usr/local/lib/python3.12/site-packages/discord/client.py", line 465, in _run_event
    await coro(*args, **kwargs)
  File "/app/asu_discord/cogs/analytics.py", line 652, in on_member_update
    before_timeout = before.timed_out_until
                     ^^^^^^^^^^^^^^^^^^^^^^
AttributeError: 'Member' object has no attribute 'timed_out_until'
Ignoring exception in on_member_update
Traceback (most recent call last):
  File "/usr/local/lib/python3.12/site-packages/discord/client.py", line 465, in _run_event
    await coro(*args, **kwargs)
  File "/app/asu_discord/cogs/analytics.py", line 652, in on_member_update
    before_timeout = before.timed_out_until
                     ^^^^^^^^^^^^^^^^^^^^^^
AttributeError: 'Member' object has no attribute 'timed_out_until'
Ignoring exception in on_member_update
Traceback (most recent call last):
  File "/usr/local/lib/python3.12/site-packages/discord/client.py", line 465, in _run_event
    await coro(*args, **kwargs)
  File "/app/asu_discord/cogs/analytics.py", line 652, in on_member_update
    before_timeout = before.timed_out_until
                     ^^^^^^^^^^^^^^^^^^^^^^
AttributeError: 'Member' object has no attribute 'timed_out_until'
Ignoring exception in on_member_update
Traceback (most recent call last):
  File "/usr/local/lib/python3.12/site-packages/discord/client.py", line 465, in _run_event
    await coro(*args, **kwargs)
  File "/app/asu_discord/cogs/analytics.py", line 652, in on_member_update
    before_timeout = before.timed_out_until
                     ^^^^^^^^^^^^^^^^^^^^^^
AttributeError: 'Member' object has no attribute 'timed_out_until'
Ignoring exception in on_member_update
Traceback (most recent call last):
  File "/usr/local/lib/python3.12/site-packages/discord/client.py", line 465, in _run_event
    await coro(*args, **kwargs)
  File "/app/asu_discord/cogs/analytics.py", line 652, in on_member_update
    before_timeout = before.timed_out_until
                     ^^^^^^^^^^^^^^^^^^^^^^
AttributeError: 'Member' object has no attribute 'timed_out_until'
Ignoring exception in on_member_update
Traceback (most recent call last):
  File "/usr/local/lib/python3.12/site-packages/discord/client.py", line 465, in _run_event
    await coro(*args, **kwargs)
  File "/app/asu_discord/cogs/analytics.py", line 652, in on_member_update
    before_timeout = before.timed_out_until
                     ^^^^^^^^^^^^^^^^^^^^^^
AttributeError: 'Member' object has no attribute 'timed_out_until'
INFO:asu_discord.cogs.verification:Saved 5 roles to database for user cpaquin@asu.edu (Discord ID: 237867866899218432)
INFO:asu_discord.cogs.verification:Refreshed Salesforce roles for Discord user 237867866899218432: -5/+5 roles, assigned=[Arizona Resident, Ira A. Fulton Schools of Engineering, Online, Transfer Student, Upperclassmen]
ERROR:cron.jobs:refresh_salesforce_roles: failed for nbquinte (Discord ID 873434665783025725): Failed to refresh Salesforce-based roles: Discord user 873434665783025725 is not a member of the guild
ERROR:cron.jobs:refresh_salesforce_roles: failed for ggoldenb (Discord ID 660356240987389962): Failed to refresh Salesforce-based roles: Discord user 660356240987389962 is not a member of the guild
Ignoring exception in on_member_update
Traceback (most recent call last):
  File "/usr/local/lib/python3.12/site-packages/discord/client.py", line 465, in _run_event
    await coro(*args, **kwargs)
  File "/app/asu_discord/cogs/analytics.py", line 652, in on_member_update
    before_timeout = before.timed_out_until
                     ^^^^^^^^^^^^^^^^^^^^^^
AttributeError: 'Member' object has no attribute 'timed_out_until'
Ignoring exception in on_member_update
Traceback (most recent call last):
  File "/usr/local/lib/python3.12/site-packages/discord/client.py", line 465, in _run_event
    await coro(*args, **kwargs)
  File "/app/asu_discord/cogs/analytics.py", line 652, in on_member_update
    before_timeout = before.timed_out_until
                     ^^^^^^^^^^^^^^^^^^^^^^
AttributeError: 'Member' object has no attribute 'timed_out_until'
Ignoring exception in on_member_update
Traceback (most recent call last):
  File "/usr/local/lib/python3.12/site-packages/discord/client.py", line 465, in _run_event
    await coro(*args, **kwargs)
  File "/app/asu_discord/cogs/analytics.py", line 652, in on_member_update
    before_timeout = before.timed_out_until
                     ^^^^^^^^^^^^^^^^^^^^^^
AttributeError: 'Member' object has no attribute 'timed_out_until'
Ignoring exception in on_member_update
Traceback (most recent call last):
  File "/usr/local/lib/python3.12/site-packages/discord/client.py", line 465, in _run_event
    await coro(*args, **kwargs)
  File "/app/asu_discord/cogs/analytics.py", line 652, in on_member_update
    before_timeout = before.timed_out_until
                     ^^^^^^^^^^^^^^^^^^^^^^
AttributeError: 'Member' object has no attribute 'timed_out_until'
Ignoring exception in on_member_update
Traceback (most recent call last):
  File "/usr/local/lib/python3.12/site-packages/discord/client.py", line 465, in _run_event
    await coro(*args, **kwargs)
  File "/app/asu_discord/cogs/analytics.py", line 652, in on_member_update
    before_timeout = before.timed_out_until
                     ^^^^^^^^^^^^^^^^^^^^^^
AttributeError: 'Member' object has no attribute 'timed_out_until'
Ignoring exception in on_member_update
Traceback (most recent call last):
  File "/usr/local/lib/python3.12/site-packages/discord/client.py", line 465, in _run_event
    await coro(*args, **kwargs)
  File "/app/asu_discord/cogs/analytics.py", line 652, in on_member_update
    before_timeout = before.timed_out_until
                     ^^^^^^^^^^^^^^^^^^^^^^
AttributeError: 'Member' object has no attribute 'timed_out_until'
Ignoring exception in on_member_update
Traceback (most recent call last):
  File "/usr/local/lib/python3.12/site-packages/discord/client.py", line 465, in _run_event
    await coro(*args, **kwargs)
  File "/app/asu_discord/cogs/analytics.py", line 652, in on_member_update
    before_timeout = before.timed_out_until
                     ^^^^^^^^^^^^^^^^^^^^^^
AttributeError: 'Member' object has no attribute 'timed_out_until'
Ignoring exception in on_member_update
Traceback (most recent call last):
  File "/usr/local/lib/python3.12/site-packages/discord/client.py", line 465, in _run_event
    await coro(*args, **kwargs)
  File "/app/asu_discord/cogs/analytics.py", line 652, in on_member_update
    before_timeout = before.timed_out_until
                     ^^^^^^^^^^^^^^^^^^^^^^
AttributeError: 'Member' object has no attribute 'timed_out_until'
Ignoring exception in on_member_update
Traceback (most recent call last):
  File "/usr/local/lib/python3.12/site-packages/discord/client.py", line 465, in _run_event
    await coro(*args, **kwargs)
  File "/app/asu_discord/cogs/analytics.py", line 652, in on_member_update
    before_timeout = before.timed_out_until
                     ^^^^^^^^^^^^^^^^^^^^^^
AttributeError: 'Member' object has no attribute 'timed_out_until'
Ignoring exception in on_member_update
Traceback (most recent call last):
  File "/usr/local/lib/python3.12/site-packages/discord/client.py", line 465, in _run_event
    await coro(*args, **kwargs)
  File "/app/asu_discord/cogs/analytics.py", line 652, in on_member_update
    before_timeout = before.timed_out_until
                     ^^^^^^^^^^^^^^^^^^^^^^
AttributeError: 'Member' object has no attribute 'timed_out_until'
ERROR:cron.jobs:refresh_salesforce_roles: failed for tscott68 (Discord ID 714234530835202079): Timed out refresh Salesforce-based roles
Ignoring exception in on_member_update
Traceback (most recent call last):
  File "/usr/local/lib/python3.12/site-packages/discord/client.py", line 465, in _run_event
    await coro(*args, **kwargs)
  File "/app/asu_discord/cogs/analytics.py", line 652, in on_member_update
    before_timeout = before.timed_out_until
                     ^^^^^^^^^^^^^^^^^^^^^^
AttributeError: 'Member' object has no attribute 'timed_out_until'
Ignoring exception in on_member_update
Traceback (most recent call last):
  File "/usr/local/lib/python3.12/site-packages/discord/client.py", line 465, in _run_event
    await coro(*args, **kwargs)
  File "/app/asu_discord/cogs/analytics.py", line 652, in on_member_update
    before_timeout = before.timed_out_until
                     ^^^^^^^^^^^^^^^^^^^^^^
AttributeError: 'Member' object has no attribute 'timed_out_until'
Ignoring exception in on_member_update
Traceback (most recent call last):
  File "/usr/local/lib/python3.12/site-packages/discord/client.py", line 465, in _run_event
    await coro(*args, **kwargs)
  File "/app/asu_discord/cogs/analytics.py", line 652, in on_member_update
    before_timeout = before.timed_out_until
                     ^^^^^^^^^^^^^^^^^^^^^^
AttributeError: 'Member' object has no attribute 'timed_out_until'
Ignoring exception in on_member_update
Traceback (most recent call last):
  File "/usr/local/lib/python3.12/site-packages/discord/client.py", line 465, in _run_event
    await coro(*args, **kwargs)
  File "/app/asu_discord/cogs/analytics.py", line 652, in on_member_update
    before_timeout = before.timed_out_until
                     ^^^^^^^^^^^^^^^^^^^^^^
AttributeError: 'Member' object has no attribute 'timed_out_until'
Ignoring exception in on_member_update
Traceback (most recent call last):
  File "/usr/local/lib/python3.12/site-packages/discord/client.py", line 465, in _run_event
    await coro(*args, **kwargs)
  File "/app/asu_discord/cogs/analytics.py", line 652, in on_member_update
    before_timeout = before.timed_out_until
                     ^^^^^^^^^^^^^^^^^^^^^^
AttributeError: 'Member' object has no attribute 'timed_out_until'
Ignoring exception in on_member_update
Traceback (most recent call last):
  File "/usr/local/lib/python3.12/site-packages/discord/client.py", line 465, in _run_event
    await coro(*args, **kwargs)
  File "/app/asu_discord/cogs/analytics.py", line 652, in on_member_update
    before_timeout = before.timed_out_until
                     ^^^^^^^^^^^^^^^^^^^^^^
AttributeError: 'Member' object has no attribute 'timed_out_until'
Ignoring exception in on_member_update
Traceback (most recent call last):
  File "/usr/local/lib/python3.12/site-packages/discord/client.py", line 465, in _run_event
    await coro(*args, **kwargs)
  File "/app/asu_discord/cogs/analytics.py", line 652, in on_member_update
    before_timeout = before.timed_out_until
                     ^^^^^^^^^^^^^^^^^^^^^^
AttributeError: 'Member' object has no attribute 'timed_out_until'
Ignoring exception in on_member_update
Traceback (most recent call last):
  File "/usr/local/lib/python3.12/site-packages/discord/client.py", line 465, in _run_event
    await coro(*args, **kwargs)
  File "/app/asu_discord/cogs/analytics.py", line 652, in on_member_update
    before_timeout = before.timed_out_until
                     ^^^^^^^^^^^^^^^^^^^^^^
AttributeError: 'Member' object has no attribute 'timed_out_until'
Ignoring exception in on_member_update
Traceback (most recent call last):
  File "/usr/local/lib/python3.12/site-packages/discord/client.py", line 465, in _run_event
    await coro(*args, **kwargs)
  File "/app/asu_discord/cogs/analytics.py", line 652, in on_member_update
    before_timeout = before.timed_out_until
                     ^^^^^^^^^^^^^^^^^^^^^^
AttributeError: 'Member' object has no attribute 'timed_out_until'
Ignoring exception in on_member_update
Traceback (most recent call last):
  File "/usr/local/lib/python3.12/site-packages/discord/client.py", line 465, in _run_event
    await coro(*args, **kwargs)
  File "/app/asu_discord/cogs/analytics.py", line 652, in on_member_update
    before_timeout = before.timed_out_until
                     ^^^^^^^^^^^^^^^^^^^^^^
AttributeError: 'Member' object has no attribute 'timed_out_until'
INFO:asu_discord.cogs.verification:Saved 5 roles to database for user cdbenal1@asu.edu (Discord ID: 727186502295093318)
INFO:asu_discord.cogs.verification:Refreshed Salesforce roles for Discord user 727186502295093318: -5/+5 roles, assigned=[Commited, First Year, Out of State, W.P. Carey School of Business, West Valley]
Ignoring exception in on_member_update
Traceback (most recent call last):
  File "/usr/local/lib/python3.12/site-packages/discord/client.py", line 465, in _run_event
    await coro(*args, **kwargs)
  File "/app/asu_discord/cogs/analytics.py", line 652, in on_member_update
    before_timeout = before.timed_out_until
                     ^^^^^^^^^^^^^^^^^^^^^^
AttributeError: 'Member' object has no attribute 'timed_out_until'
Ignoring exception in on_member_update
Traceback (most recent call last):
  File "/usr/local/lib/python3.12/site-packages/discord/client.py", line 465, in _run_event
    await coro(*args, **kwargs)
  File "/app/asu_discord/cogs/analytics.py", line 652, in on_member_update
    before_timeout = before.timed_out_until
                     ^^^^^^^^^^^^^^^^^^^^^^
AttributeError: 'Member' object has no attribute 'timed_out_until'
Ignoring exception in on_member_update
Traceback (most recent call last):
  File "/usr/local/lib/python3.12/site-packages/discord/client.py", line 465, in _run_event
    await coro(*args, **kwargs)
  File "/app/asu_discord/cogs/analytics.py", line 652, in on_member_update
    before_timeout = before.timed_out_until
                     ^^^^^^^^^^^^^^^^^^^^^^
AttributeError: 'Member' object has no attribute 'timed_out_until'
Ignoring exception in on_member_update
Traceback (most recent call last):
  File "/usr/local/lib/python3.12/site-packages/discord/client.py", line 465, in _run_event
    await coro(*args, **kwargs)
  File "/app/asu_discord/cogs/analytics.py", line 652, in on_member_update
    before_timeout = before.timed_out_until
                     ^^^^^^^^^^^^^^^^^^^^^^
AttributeError: 'Member' object has no attribute 'timed_out_until'
Ignoring exception in on_member_update
Traceback (most recent call last):
  File "/usr/local/lib/python3.12/site-packages/discord/client.py", line 465, in _run_event
    await coro(*args, **kwargs)
  File "/app/asu_discord/cogs/analytics.py", line 652, in on_member_update
    before_timeout = before.timed_out_until
                     ^^^^^^^^^^^^^^^^^^^^^^
AttributeError: 'Member' object has no attribute 'timed_out_until'
Ignoring exception in on_member_update
Traceback (most recent call last):
  File "/usr/local/lib/python3.12/site-packages/discord/client.py", line 465, in _run_event
    await coro(*args, **kwargs)
  File "/app/asu_discord/cogs/analytics.py", line 652, in on_member_update
    before_timeout = before.timed_out_until
                     ^^^^^^^^^^^^^^^^^^^^^^
AttributeError: 'Member' object has no attribute 'timed_out_until'
Ignoring exception in on_member_update
Traceback (most recent call last):
  File "/usr/local/lib/python3.12/site-packages/discord/client.py", line 465, in _run_event
    await coro(*args, **kwargs)
  File "/app/asu_discord/cogs/analytics.py", line 652, in on_member_update
    before_timeout = before.timed_out_until
                     ^^^^^^^^^^^^^^^^^^^^^^
AttributeError: 'Member' object has no attribute 'timed_out_until'
Ignoring exception in on_member_update
Traceback (most recent call last):
  File "/usr/local/lib/python3.12/site-packages/discord/client.py", line 465, in _run_event
    await coro(*args, **kwargs)
  File "/app/asu_discord/cogs/analytics.py", line 652, in on_member_update
    before_timeout = before.timed_out_until
                     ^^^^^^^^^^^^^^^^^^^^^^
AttributeError: 'Member' object has no attribute 'timed_out_until'
INFO:asu_discord.cogs.verification:Saved 4 roles to database for user mabalogu@asu.edu (Discord ID: 995421538528538675)
INFO:asu_discord.cogs.verification:Refreshed Salesforce roles for Discord user 995421538528538675: -4/+4 roles, assigned=[First Year, International Student, Ira A. Fulton Schools of Engineering, Tempe]
ERROR:cron.jobs:refresh_salesforce_roles: failed for ewang119 (Discord ID 834912007735869491): Failed to refresh Salesforce-based roles: Discord user 834912007735869491 is not a member of the guild
Ignoring exception in on_member_update
Traceback (most recent call last):
  File "/usr/local/lib/python3.12/site-packages/discord/client.py", line 465, in _run_event
    await coro(*args, **kwargs)
  File "/app/asu_discord/cogs/analytics.py", line 652, in on_member_update
    before_timeout = before.timed_out_until
                     ^^^^^^^^^^^^^^^^^^^^^^
AttributeError: 'Member' object has no attribute 'timed_out_until'
Ignoring exception in on_member_update
Traceback (most recent call last):
  File "/usr/local/lib/python3.12/site-packages/discord/client.py", line 465, in _run_event
    await coro(*args, **kwargs)
  File "/app/asu_discord/cogs/analytics.py", line 652, in on_member_update
    before_timeout = before.timed_out_until
                     ^^^^^^^^^^^^^^^^^^^^^^
AttributeError: 'Member' object has no attribute 'timed_out_until'
Ignoring exception in on_member_update
Traceback (most recent call last):
  File "/usr/local/lib/python3.12/site-packages/discord/client.py", line 465, in _run_event
    await coro(*args, **kwargs)
  File "/app/asu_discord/cogs/analytics.py", line 652, in on_member_update
    before_timeout = before.timed_out_until
                     ^^^^^^^^^^^^^^^^^^^^^^
AttributeError: 'Member' object has no attribute 'timed_out_until'
Ignoring exception in on_member_update
Traceback (most recent call last):
  File "/usr/local/lib/python3.12/site-packages/discord/client.py", line 465, in _run_event
    await coro(*args, **kwargs)
  File "/app/asu_discord/cogs/analytics.py", line 652, in on_member_update
    before_timeout = before.timed_out_until
                     ^^^^^^^^^^^^^^^^^^^^^^
AttributeError: 'Member' object has no attribute 'timed_out_until'
Ignoring exception in on_member_update
Traceback (most recent call last):
  File "/usr/local/lib/python3.12/site-packages/discord/client.py", line 465, in _run_event
    await coro(*args, **kwargs)
  File "/app/asu_discord/cogs/analytics.py", line 652, in on_member_update
    before_timeout = before.timed_out_until
                     ^^^^^^^^^^^^^^^^^^^^^^
AttributeError: 'Member' object has no attribute 'timed_out_until'
Ignoring exception in on_member_update
Traceback (most recent call last):
  File "/usr/local/lib/python3.12/site-packages/discord/client.py", line 465, in _run_event
    await coro(*args, **kwargs)
  File "/app/asu_discord/cogs/analytics.py", line 652, in on_member_update
    before_timeout = before.timed_out_until
                     ^^^^^^^^^^^^^^^^^^^^^^
AttributeError: 'Member' object has no attribute 'timed_out_until'
Ignoring exception in on_member_update
Traceback (most recent call last):
  File "/usr/local/lib/python3.12/site-packages/discord/client.py", line 465, in _run_event
    await coro(*args, **kwargs)
  File "/app/asu_discord/cogs/analytics.py", line 652, in on_member_update
    before_timeout = before.timed_out_until
                     ^^^^^^^^^^^^^^^^^^^^^^
AttributeError: 'Member' object has no attribute 'timed_out_until'
Ignoring exception in on_member_update
Traceback (most recent call last):
  File "/usr/local/lib/python3.12/site-packages/discord/client.py", line 465, in _run_event
    await coro(*args, **kwargs)
  File "/app/asu_discord/cogs/analytics.py", line 652, in on_member_update
    before_timeout = before.timed_out_until
                     ^^^^^^^^^^^^^^^^^^^^^^
AttributeError: 'Member' object has no attribute 'timed_out_until'
Ignoring exception in on_member_update
Traceback (most recent call last):
  File "/usr/local/lib/python3.12/site-packages/discord/client.py", line 465, in _run_event
    await coro(*args, **kwargs)
  File "/app/asu_discord/cogs/analytics.py", line 652, in on_member_update
    before_timeout = before.timed_out_until
                     ^^^^^^^^^^^^^^^^^^^^^^
AttributeError: 'Member' object has no attribute 'timed_out_until'
Ignoring exception in on_member_update
Traceback (most recent call last):
  File "/usr/local/lib/python3.12/site-packages/discord/client.py", line 465, in _run_event
    await coro(*args, **kwargs)
  File "/app/asu_discord/cogs/analytics.py", line 652, in on_member_update
    before_timeout = before.timed_out_until
                     ^^^^^^^^^^^^^^^^^^^^^^
AttributeError: 'Member' object has no attribute 'timed_out_until'
INFO:asu_discord.cogs.verification:Saved 5 roles to database for user astell1@asu.edu (Discord ID: 1082032750946680862)
INFO:asu_discord.cogs.verification:Refreshed Salesforce roles for Discord user 1082032750946680862: -5/+5 roles, assigned=[Arizona Resident, Commited, First Year, Tempe, W.P. Carey School of Business]
Ignoring exception in on_member_update
Traceback (most recent call last):
  File "/usr/local/lib/python3.12/site-packages/discord/client.py", line 465, in _run_event
    await coro(*args, **kwargs)
  File "/app/asu_discord/cogs/analytics.py", line 652, in on_member_update
    before_timeout = before.timed_out_until
                     ^^^^^^^^^^^^^^^^^^^^^^
AttributeError: 'Member' object has no attribute 'timed_out_until'
Ignoring exception in on_member_update
Traceback (most recent call last):
  File "/usr/local/lib/python3.12/site-packages/discord/client.py", line 465, in _run_event
    await coro(*args, **kwargs)
  File "/app/asu_discord/cogs/analytics.py", line 652, in on_member_update
    before_timeout = before.timed_out_until
                     ^^^^^^^^^^^^^^^^^^^^^^
AttributeError: 'Member' object has no attribute 'timed_out_until'
Ignoring exception in on_member_update
Traceback (most recent call last):
  File "/usr/local/lib/python3.12/site-packages/discord/client.py", line 465, in _run_event
    await coro(*args, **kwargs)
  File "/app/asu_discord/cogs/analytics.py", line 652, in on_member_update
    before_timeout = before.timed_out_until
                     ^^^^^^^^^^^^^^^^^^^^^^
AttributeError: 'Member' object has no attribute 'timed_out_until'
Ignoring exception in on_member_update
Traceback (most recent call last):
  File "/usr/local/lib/python3.12/site-packages/discord/client.py", line 465, in _run_event
    await coro(*args, **kwargs)
  File "/app/asu_discord/cogs/analytics.py", line 652, in on_member_update
    before_timeout = before.timed_out_until
                     ^^^^^^^^^^^^^^^^^^^^^^
AttributeError: 'Member' object has no attribute 'timed_out_until'
Ignoring exception in on_member_update
Traceback (most recent call last):
  File "/usr/local/lib/python3.12/site-packages/discord/client.py", line 465, in _run_event
    await coro(*args, **kwargs)
  File "/app/asu_discord/cogs/analytics.py", line 652, in on_member_update
    before_timeout = before.timed_out_until
                     ^^^^^^^^^^^^^^^^^^^^^^
AttributeError: 'Member' object has no attribute 'timed_out_until'
Ignoring exception in on_member_update
Traceback (most recent call last):
  File "/usr/local/lib/python3.12/site-packages/discord/client.py", line 465, in _run_event
    await coro(*args, **kwargs)
  File "/app/asu_discord/cogs/analytics.py", line 652, in on_member_update
    before_timeout = before.timed_out_until
                     ^^^^^^^^^^^^^^^^^^^^^^
AttributeError: 'Member' object has no attribute 'timed_out_until'
Ignoring exception in on_member_update
Traceback (most recent call last):
  File "/usr/local/lib/python3.12/site-packages/discord/client.py", line 465, in _run_event
    await coro(*args, **kwargs)
  File "/app/asu_discord/cogs/analytics.py", line 652, in on_member_update
    before_timeout = before.timed_out_until
                     ^^^^^^^^^^^^^^^^^^^^^^
AttributeError: 'Member' object has no attribute 'timed_out_until'
Ignoring exception in on_member_update
Traceback (most recent call last):
  File "/usr/local/lib/python3.12/site-packages/discord/client.py", line 465, in _run_event
    await coro(*args, **kwargs)
  File "/app/asu_discord/cogs/analytics.py", line 652, in on_member_update
    before_timeout = before.timed_out_until
                     ^^^^^^^^^^^^^^^^^^^^^^
AttributeError: 'Member' object has no attribute 'timed_out_until'
Ignoring exception in on_member_update
Traceback (most recent call last):
  File "/usr/local/lib/python3.12/site-packages/discord/client.py", line 465, in _run_event
    await coro(*args, **kwargs)
  File "/app/asu_discord/cogs/analytics.py", line 652, in on_member_update
    before_timeout = before.timed_out_until
                     ^^^^^^^^^^^^^^^^^^^^^^
AttributeError: 'Member' object has no attribute 'timed_out_until'
Ignoring exception in on_member_update
Traceback (most recent call last):
  File "/usr/local/lib/python3.12/site-packages/discord/client.py", line 465, in _run_event
    await coro(*args, **kwargs)
  File "/app/asu_discord/cogs/analytics.py", line 652, in on_member_update
    before_timeout = before.timed_out_until
                     ^^^^^^^^^^^^^^^^^^^^^^
AttributeError: 'Member' object has no attribute 'timed_out_until'
INFO:asu_discord.cogs.verification:Saved 5 roles to database for user ofalmuai@asu.edu (Discord ID: 746080353155809421)
INFO:asu_discord.cogs.verification:Refreshed Salesforce roles for Discord user 746080353155809421: -5/+5 roles, assigned=[Commited, International Student, Ira A. Fulton Schools of Engineering, Tempe, Transfer Student]
Ignoring exception in on_member_update
Traceback (most recent call last):
  File "/usr/local/lib/python3.12/site-packages/discord/client.py", line 465, in _run_event
    await coro(*args, **kwargs)
  File "/app/asu_discord/cogs/analytics.py", line 652, in on_member_update
    before_timeout = before.timed_out_until
                     ^^^^^^^^^^^^^^^^^^^^^^
AttributeError: 'Member' object has no attribute 'timed_out_until'
Ignoring exception in on_member_update
Traceback (most recent call last):
  File "/usr/local/lib/python3.12/site-packages/discord/client.py", line 465, in _run_event
    await coro(*args, **kwargs)
  File "/app/asu_discord/cogs/analytics.py", line 652, in on_member_update
    before_timeout = before.timed_out_until
                     ^^^^^^^^^^^^^^^^^^^^^^
AttributeError: 'Member' object has no attribute 'timed_out_until'
Ignoring exception in on_member_update
Traceback (most recent call last):
  File "/usr/local/lib/python3.12/site-packages/discord/client.py", line 465, in _run_event
    await coro(*args, **kwargs)
  File "/app/asu_discord/cogs/analytics.py", line 652, in on_member_update
    before_timeout = before.timed_out_until
                     ^^^^^^^^^^^^^^^^^^^^^^
AttributeError: 'Member' object has no attribute 'timed_out_until'
Ignoring exception in on_member_update
Traceback (most recent call last):
  File "/usr/local/lib/python3.12/site-packages/discord/client.py", line 465, in _run_event
    await coro(*args, **kwargs)
  File "/app/asu_discord/cogs/analytics.py", line 652, in on_member_update
    before_timeout = before.timed_out_until
                     ^^^^^^^^^^^^^^^^^^^^^^
AttributeError: 'Member' object has no attribute 'timed_out_until'
Ignoring exception in on_member_update
Traceback (most recent call last):
  File "/usr/local/lib/python3.12/site-packages/discord/client.py", line 465, in _run_event
    await coro(*args, **kwargs)
  File "/app/asu_discord/cogs/analytics.py", line 652, in on_member_update
    before_timeout = before.timed_out_until
                     ^^^^^^^^^^^^^^^^^^^^^^
AttributeError: 'Member' object has no attribute 'timed_out_until'
Ignoring exception in on_member_update
Traceback (most recent call last):
  File "/usr/local/lib/python3.12/site-packages/discord/client.py", line 465, in _run_event
    await coro(*args, **kwargs)
  File "/app/asu_discord/cogs/analytics.py", line 652, in on_member_update
    before_timeout = before.timed_out_until
                     ^^^^^^^^^^^^^^^^^^^^^^
AttributeError: 'Member' object has no attribute 'timed_out_until'
Ignoring exception in on_member_update
Traceback (most recent call last):
  File "/usr/local/lib/python3.12/site-packages/discord/client.py", line 465, in _run_event
    await coro(*args, **kwargs)
  File "/app/asu_discord/cogs/analytics.py", line 652, in on_member_update
    before_timeout = before.timed_out_until
                     ^^^^^^^^^^^^^^^^^^^^^^
AttributeError: 'Member' object has no attribute 'timed_out_until'
Ignoring exception in on_member_update
Traceback (most recent call last):
  File "/usr/local/lib/python3.12/site-packages/discord/client.py", line 465, in _run_event
    await coro(*args, **kwargs)
  File "/app/asu_discord/cogs/analytics.py", line 652, in on_member_update
    before_timeout = before.timed_out_until
                     ^^^^^^^^^^^^^^^^^^^^^^
AttributeError: 'Member' object has no attribute 'timed_out_until'
Ignoring exception in on_member_update
Traceback (most recent call last):
  File "/usr/local/lib/python3.12/site-packages/discord/client.py", line 465, in _run_event
    await coro(*args, **kwargs)
  File "/app/asu_discord/cogs/analytics.py", line 652, in on_member_update
    before_timeout = before.timed_out_until
                     ^^^^^^^^^^^^^^^^^^^^^^
AttributeError: 'Member' object has no attribute 'timed_out_until'
INFO:asu_discord.cogs.verification:Saved 5 roles to database for user jerosari@asu.edu (Discord ID: 1331737107034669158)
INFO:asu_discord.cogs.verification:Refreshed Salesforce roles for Discord user 1331737107034669158: -5/+4 roles, assigned=[Ira A. Fulton Schools of Engineering, Online, Out of State, Transfer Student, Upperclassmen]
ERROR:cron.jobs:refresh_salesforce_roles: failed for pinunez (Discord ID 1004594641083056219): Failed to refresh Salesforce-based roles: Discord user 1004594641083056219 is not a member of the guild
ERROR:cron.jobs:refresh_salesforce_roles: failed for ymoral28 (Discord ID 850516114756337674): Failed to refresh Salesforce-based roles: Discord user 850516114756337674 is not a member of the guild
Ignoring exception in on_member_update
Traceback (most recent call last):
  File "/usr/local/lib/python3.12/site-packages/discord/client.py", line 465, in _run_event
    await coro(*args, **kwargs)
  File "/app/asu_discord/cogs/analytics.py", line 652, in on_member_update
    before_timeout = before.timed_out_until
                     ^^^^^^^^^^^^^^^^^^^^^^
AttributeError: 'Member' object has no attribute 'timed_out_until'
Ignoring exception in on_member_update
Traceback (most recent call last):
  File "/usr/local/lib/python3.12/site-packages/discord/client.py", line 465, in _run_event
    await coro(*args, **kwargs)
  File "/app/asu_discord/cogs/analytics.py", line 652, in on_member_update
    before_timeout = before.timed_out_until
                     ^^^^^^^^^^^^^^^^^^^^^^
AttributeError: 'Member' object has no attribute 'timed_out_until'
Ignoring exception in on_member_update
Traceback (most recent call last):
  File "/usr/local/lib/python3.12/site-packages/discord/client.py", line 465, in _run_event
    await coro(*args, **kwargs)
  File "/app/asu_discord/cogs/analytics.py", line 652, in on_member_update
    before_timeout = before.timed_out_until
                     ^^^^^^^^^^^^^^^^^^^^^^
AttributeError: 'Member' object has no attribute 'timed_out_until'
Ignoring exception in on_member_update
Traceback (most recent call last):
  File "/usr/local/lib/python3.12/site-packages/discord/client.py", line 465, in _run_event
    await coro(*args, **kwargs)
  File "/app/asu_discord/cogs/analytics.py", line 652, in on_member_update
    before_timeout = before.timed_out_until
                     ^^^^^^^^^^^^^^^^^^^^^^
AttributeError: 'Member' object has no attribute 'timed_out_until'
Ignoring exception in on_member_update
Traceback (most recent call last):
  File "/usr/local/lib/python3.12/site-packages/discord/client.py", line 465, in _run_event
    await coro(*args, **kwargs)
  File "/app/asu_discord/cogs/analytics.py", line 652, in on_member_update
    before_timeout = before.timed_out_until
                     ^^^^^^^^^^^^^^^^^^^^^^
AttributeError: 'Member' object has no attribute 'timed_out_until'
Ignoring exception in on_member_update
Traceback (most recent call last):
  File "/usr/local/lib/python3.12/site-packages/discord/client.py", line 465, in _run_event
    await coro(*args, **kwargs)
  File "/app/asu_discord/cogs/analytics.py", line 652, in on_member_update
    before_timeout = before.timed_out_until
                     ^^^^^^^^^^^^^^^^^^^^^^
AttributeError: 'Member' object has no attribute 'timed_out_until'
Ignoring exception in on_member_update
Traceback (most recent call last):
  File "/usr/local/lib/python3.12/site-packages/discord/client.py", line 465, in _run_event
    await coro(*args, **kwargs)
  File "/app/asu_discord/cogs/analytics.py", line 652, in on_member_update
    before_timeout = before.timed_out_until
                     ^^^^^^^^^^^^^^^^^^^^^^
AttributeError: 'Member' object has no attribute 'timed_out_until'
Ignoring exception in on_member_update
Traceback (most recent call last):
  File "/usr/local/lib/python3.12/site-packages/discord/client.py", line 465, in _run_event
    await coro(*args, **kwargs)
  File "/app/asu_discord/cogs/analytics.py", line 652, in on_member_update
    before_timeout = before.timed_out_until
                     ^^^^^^^^^^^^^^^^^^^^^^
AttributeError: 'Member' object has no attribute 'timed_out_until'
Ignoring exception in on_member_update
Traceback (most recent call last):
  File "/usr/local/lib/python3.12/site-packages/discord/client.py", line 465, in _run_event
    await coro(*args, **kwargs)
  File "/app/asu_discord/cogs/analytics.py", line 652, in on_member_update
    before_timeout = before.timed_out_until
                     ^^^^^^^^^^^^^^^^^^^^^^
AttributeError: 'Member' object has no attribute 'timed_out_until'
Ignoring exception in on_member_update
Traceback (most recent call last):
  File "/usr/local/lib/python3.12/site-packages/discord/client.py", line 465, in _run_event
    await coro(*args, **kwargs)
  File "/app/asu_discord/cogs/analytics.py", line 652, in on_member_update
    before_timeout = before.timed_out_until
                     ^^^^^^^^^^^^^^^^^^^^^^
AttributeError: 'Member' object has no attribute 'timed_out_until'
ERROR:cron.jobs:refresh_salesforce_roles: failed for bmjenki7 (Discord ID 1362199271998230732): Timed out refresh Salesforce-based roles
Ignoring exception in on_member_update
Traceback (most recent call last):
  File "/usr/local/lib/python3.12/site-packages/discord/client.py", line 465, in _run_event
    await coro(*args, **kwargs)
  File "/app/asu_discord/cogs/analytics.py", line 652, in on_member_update
    before_timeout = before.timed_out_until
                     ^^^^^^^^^^^^^^^^^^^^^^
AttributeError: 'Member' object has no attribute 'timed_out_until'
Ignoring exception in on_member_update
Traceback (most recent call last):
  File "/usr/local/lib/python3.12/site-packages/discord/client.py", line 465, in _run_event
    await coro(*args, **kwargs)
  File "/app/asu_discord/cogs/analytics.py", line 652, in on_member_update
    before_timeout = before.timed_out_until
                     ^^^^^^^^^^^^^^^^^^^^^^
AttributeError: 'Member' object has no attribute 'timed_out_until'
Ignoring exception in on_member_update
Traceback (most recent call last):
  File "/usr/local/lib/python3.12/site-packages/discord/client.py", line 465, in _run_event
    await coro(*args, **kwargs)
  File "/app/asu_discord/cogs/analytics.py", line 652, in on_member_update
    before_timeout = before.timed_out_until
                     ^^^^^^^^^^^^^^^^^^^^^^
AttributeError: 'Member' object has no attribute 'timed_out_until'
Ignoring exception in on_member_update
Traceback (most recent call last):
  File "/usr/local/lib/python3.12/site-packages/discord/client.py", line 465, in _run_event
    await coro(*args, **kwargs)
  File "/app/asu_discord/cogs/analytics.py", line 652, in on_member_update
    before_timeout = before.timed_out_until
                     ^^^^^^^^^^^^^^^^^^^^^^
AttributeError: 'Member' object has no attribute 'timed_out_until'
Ignoring exception in on_member_update
Traceback (most recent call last):
  File "/usr/local/lib/python3.12/site-packages/discord/client.py", line 465, in _run_event
    await coro(*args, **kwargs)
  File "/app/asu_discord/cogs/analytics.py", line 652, in on_member_update
    before_timeout = before.timed_out_until
                     ^^^^^^^^^^^^^^^^^^^^^^
AttributeError: 'Member' object has no attribute 'timed_out_until'
Ignoring exception in on_member_update
Traceback (most recent call last):
  File "/usr/local/lib/python3.12/site-packages/discord/client.py", line 465, in _run_event
    await coro(*args, **kwargs)
  File "/app/asu_discord/cogs/analytics.py", line 652, in on_member_update
    before_timeout = before.timed_out_until
                     ^^^^^^^^^^^^^^^^^^^^^^
AttributeError: 'Member' object has no attribute 'timed_out_until'
Ignoring exception in on_member_update
Traceback (most recent call last):
  File "/usr/local/lib/python3.12/site-packages/discord/client.py", line 465, in _run_event
    await coro(*args, **kwargs)
  File "/app/asu_discord/cogs/analytics.py", line 652, in on_member_update
    before_timeout = before.timed_out_until
                     ^^^^^^^^^^^^^^^^^^^^^^
AttributeError: 'Member' object has no attribute 'timed_out_until'
Ignoring exception in on_member_update
Traceback (most recent call last):
  File "/usr/local/lib/python3.12/site-packages/discord/client.py", line 465, in _run_event
    await coro(*args, **kwargs)
  File "/app/asu_discord/cogs/analytics.py", line 652, in on_member_update
    before_timeout = before.timed_out_until
                     ^^^^^^^^^^^^^^^^^^^^^^
AttributeError: 'Member' object has no attribute 'timed_out_until'
INFO:asu_discord.cogs.verification:Saved 4 roles to database for user lkiszely@asu.edu (Discord ID: 137647062639575040)
INFO:asu_discord.cogs.verification:Refreshed Salesforce roles for Discord user 137647062639575040: -4/+4 roles, assigned=[New College of Interdisciplinary Arts and Sciences, Online, Transfer Student, Upperclassmen]
Ignoring exception in on_member_update
Traceback (most recent call last):
  File "/usr/local/lib/python3.12/site-packages/discord/client.py", line 465, in _run_event
    await coro(*args, **kwargs)
  File "/app/asu_discord/cogs/analytics.py", line 652, in on_member_update
    before_timeout = before.timed_out_until
                     ^^^^^^^^^^^^^^^^^^^^^^
AttributeError: 'Member' object has no attribute 'timed_out_until'
Ignoring exception in on_member_update
Traceback (most recent call last):
  File "/usr/local/lib/python3.12/site-packages/discord/client.py", line 465, in _run_event
    await coro(*args, **kwargs)
  File "/app/asu_discord/cogs/analytics.py", line 652, in on_member_update
    before_timeout = before.timed_out_until
                     ^^^^^^^^^^^^^^^^^^^^^^
AttributeError: 'Member' object has no attribute 'timed_out_until'
Ignoring exception in on_member_update
Traceback (most recent call last):
  File "/usr/local/lib/python3.12/site-packages/discord/client.py", line 465, in _run_event
    await coro(*args, **kwargs)
  File "/app/asu_discord/cogs/analytics.py", line 652, in on_member_update
    before_timeout = before.timed_out_until
                     ^^^^^^^^^^^^^^^^^^^^^^
AttributeError: 'Member' object has no attribute 'timed_out_until'
Ignoring exception in on_member_update
Traceback (most recent call last):
  File "/usr/local/lib/python3.12/site-packages/discord/client.py", line 465, in _run_event
    await coro(*args, **kwargs)
  File "/app/asu_discord/cogs/analytics.py", line 652, in on_member_update
    before_timeout = before.timed_out_until
                     ^^^^^^^^^^^^^^^^^^^^^^
AttributeError: 'Member' object has no attribute 'timed_out_until'
Ignoring exception in on_member_update
Traceback (most recent call last):
  File "/usr/local/lib/python3.12/site-packages/discord/client.py", line 465, in _run_event
    await coro(*args, **kwargs)
  File "/app/asu_discord/cogs/analytics.py", line 652, in on_member_update
    before_timeout = before.timed_out_until
                     ^^^^^^^^^^^^^^^^^^^^^^
AttributeError: 'Member' object has no attribute 'timed_out_until'
Ignoring exception in on_member_update
Traceback (most recent call last):
  File "/usr/local/lib/python3.12/site-packages/discord/client.py", line 465, in _run_event
    await coro(*args, **kwargs)
  File "/app/asu_discord/cogs/analytics.py", line 652, in on_member_update
    before_timeout = before.timed_out_until
                     ^^^^^^^^^^^^^^^^^^^^^^
AttributeError: 'Member' object has no attribute 'timed_out_until'
Ignoring exception in on_member_update
Traceback (most recent call last):
  File "/usr/local/lib/python3.12/site-packages/discord/client.py", line 465, in _run_event
    await coro(*args, **kwargs)
  File "/app/asu_discord/cogs/analytics.py", line 652, in on_member_update
    before_timeout = before.timed_out_until
                     ^^^^^^^^^^^^^^^^^^^^^^
AttributeError: 'Member' object has no attribute 'timed_out_until'
Ignoring exception in on_member_update
Traceback (most recent call last):
  File "/usr/local/lib/python3.12/site-packages/discord/client.py", line 465, in _run_event
    await coro(*args, **kwargs)
  File "/app/asu_discord/cogs/analytics.py", line 652, in on_member_update
    before_timeout = before.timed_out_until
                     ^^^^^^^^^^^^^^^^^^^^^^
AttributeError: 'Member' object has no attribute 'timed_out_until'
Ignoring exception in on_member_update
Traceback (most recent call last):
  File "/usr/local/lib/python3.12/site-packages/discord/client.py", line 465, in _run_event
    await coro(*args, **kwargs)
  File "/app/asu_discord/cogs/analytics.py", line 652, in on_member_update
    before_timeout = before.timed_out_until
                     ^^^^^^^^^^^^^^^^^^^^^^
AttributeError: 'Member' object has no attribute 'timed_out_until'
Ignoring exception in on_member_update
Traceback (most recent call last):
  File "/usr/local/lib/python3.12/site-packages/discord/client.py", line 465, in _run_event
    await coro(*args, **kwargs)
  File "/app/asu_discord/cogs/analytics.py", line 652, in on_member_update
    before_timeout = before.timed_out_until
                     ^^^^^^^^^^^^^^^^^^^^^^
AttributeError: 'Member' object has no attribute 'timed_out_until'
Ignoring exception in on_member_update
Traceback (most recent call last):
  File "/usr/local/lib/python3.12/site-packages/discord/client.py", line 465, in _run_event
    await coro(*args, **kwargs)
  File "/app/asu_discord/cogs/analytics.py", line 652, in on_member_update
    before_timeout = before.timed_out_until
                     ^^^^^^^^^^^^^^^^^^^^^^
AttributeError: 'Member' object has no attribute 'timed_out_until'
Ignoring exception in on_member_update
Traceback (most recent call last):
  File "/usr/local/lib/python3.12/site-packages/discord/client.py", line 465, in _run_event
    await coro(*args, **kwargs)
  File "/app/asu_discord/cogs/analytics.py", line 652, in on_member_update
    before_timeout = before.timed_out_until
                     ^^^^^^^^^^^^^^^^^^^^^^
AttributeError: 'Member' object has no attribute 'timed_out_until'
INFO:asu_discord.cogs.verification:Saved 6 roles to database for user abhara44@asu.edu (Discord ID: 737172319826477117)
INFO:asu_discord.cogs.verification:Refreshed Salesforce roles for Discord user 737172319826477117: -6/+6 roles, assigned=[Commited, First Year, International Student, Ira A. Fulton Schools of Engineering, Tempe, Upperclassmen]
Ignoring exception in on_member_update
Traceback (most recent call last):
  File "/usr/local/lib/python3.12/site-packages/discord/client.py", line 465, in _run_event
    await coro(*args, **kwargs)
  File "/app/asu_discord/cogs/analytics.py", line 652, in on_member_update
    before_timeout = before.timed_out_until
                     ^^^^^^^^^^^^^^^^^^^^^^
AttributeError: 'Member' object has no attribute 'timed_out_until'
Ignoring exception in on_member_update
Traceback (most recent call last):
  File "/usr/local/lib/python3.12/site-packages/discord/client.py", line 465, in _run_event
    await coro(*args, **kwargs)
  File "/app/asu_discord/cogs/analytics.py", line 652, in on_member_update
    before_timeout = before.timed_out_until
                     ^^^^^^^^^^^^^^^^^^^^^^
AttributeError: 'Member' object has no attribute 'timed_out_until'
Ignoring exception in on_member_update
Traceback (most recent call last):
  File "/usr/local/lib/python3.12/site-packages/discord/client.py", line 465, in _run_event
    await coro(*args, **kwargs)
  File "/app/asu_discord/cogs/analytics.py", line 652, in on_member_update
    before_timeout = before.timed_out_until
                     ^^^^^^^^^^^^^^^^^^^^^^
AttributeError: 'Member' object has no attribute 'timed_out_until'
Ignoring exception in on_member_update
Traceback (most recent call last):
  File "/usr/local/lib/python3.12/site-packages/discord/client.py", line 465, in _run_event
    await coro(*args, **kwargs)
  File "/app/asu_discord/cogs/analytics.py", line 652, in on_member_update
    before_timeout = before.timed_out_until
                     ^^^^^^^^^^^^^^^^^^^^^^
AttributeError: 'Member' object has no attribute 'timed_out_until'
Ignoring exception in on_member_update
Traceback (most recent call last):
  File "/usr/local/lib/python3.12/site-packages/discord/client.py", line 465, in _run_event
    await coro(*args, **kwargs)
  File "/app/asu_discord/cogs/analytics.py", line 652, in on_member_update
    before_timeout = before.timed_out_until
                     ^^^^^^^^^^^^^^^^^^^^^^
AttributeError: 'Member' object has no attribute 'timed_out_until'
Ignoring exception in on_member_update
Traceback (most recent call last):
  File "/usr/local/lib/python3.12/site-packages/discord/client.py", line 465, in _run_event
    await coro(*args, **kwargs)
  File "/app/asu_discord/cogs/analytics.py", line 652, in on_member_update
    before_timeout = before.timed_out_until
                     ^^^^^^^^^^^^^^^^^^^^^^
AttributeError: 'Member' object has no attribute 'timed_out_until'
Ignoring exception in on_member_update
Traceback (most recent call last):
  File "/usr/local/lib/python3.12/site-packages/discord/client.py", line 465, in _run_event
    await coro(*args, **kwargs)
  File "/app/asu_discord/cogs/analytics.py", line 652, in on_member_update
    before_timeout = before.timed_out_until
                     ^^^^^^^^^^^^^^^^^^^^^^
AttributeError: 'Member' object has no attribute 'timed_out_until'
Ignoring exception in on_member_update
Traceback (most recent call last):
  File "/usr/local/lib/python3.12/site-packages/discord/client.py", line 465, in _run_event
    await coro(*args, **kwargs)
  File "/app/asu_discord/cogs/analytics.py", line 652, in on_member_update
    before_timeout = before.timed_out_until
                     ^^^^^^^^^^^^^^^^^^^^^^
AttributeError: 'Member' object has no attribute 'timed_out_until'
Ignoring exception in on_member_update
Traceback (most recent call last):
  File "/usr/local/lib/python3.12/site-packages/discord/client.py", line 465, in _run_event
    await coro(*args, **kwargs)
  File "/app/asu_discord/cogs/analytics.py", line 652, in on_member_update
    before_timeout = before.timed_out_until
                     ^^^^^^^^^^^^^^^^^^^^^^
AttributeError: 'Member' object has no attribute 'timed_out_until'
Ignoring exception in on_member_update
Traceback (most recent call last):
  File "/usr/local/lib/python3.12/site-packages/discord/client.py", line 465, in _run_event
    await coro(*args, **kwargs)
  File "/app/asu_discord/cogs/analytics.py", line 652, in on_member_update
    before_timeout = before.timed_out_until
                     ^^^^^^^^^^^^^^^^^^^^^^
AttributeError: 'Member' object has no attribute 'timed_out_until'
INFO:asu_discord.cogs.verification:Saved 5 roles to database for user ifrankl2@asu.edu (Discord ID: 1440023711309758575)
INFO:asu_discord.cogs.verification:Refreshed Salesforce roles for Discord user 1440023711309758575: -5/+5 roles, assigned=[First Generation Student, Graduate Student, Mary Lou Fulton Teachers College, Online, Out of State]
Ignoring exception in on_member_update
Traceback (most recent call last):
  File "/usr/local/lib/python3.12/site-packages/discord/client.py", line 465, in _run_event
    await coro(*args, **kwargs)
  File "/app/asu_discord/cogs/analytics.py", line 652, in on_member_update
    before_timeout = before.timed_out_until
                     ^^^^^^^^^^^^^^^^^^^^^^
AttributeError: 'Member' object has no attribute 'timed_out_until'
Ignoring exception in on_member_update
Traceback (most recent call last):
  File "/usr/local/lib/python3.12/site-packages/discord/client.py", line 465, in _run_event
    await coro(*args, **kwargs)
  File "/app/asu_discord/cogs/analytics.py", line 652, in on_member_update
    before_timeout = before.timed_out_until
                     ^^^^^^^^^^^^^^^^^^^^^^
AttributeError: 'Member' object has no attribute 'timed_out_until'
INFO:asu_discord.cogs.verification:Saved 1 roles to database for user tcarey14@asu.edu (Discord ID: 908992500906213406)
INFO:asu_discord.cogs.verification:Refreshed Salesforce roles for Discord user 908992500906213406: -1/+1 roles, assigned=[Arizona Resident]
ERROR:cron.jobs:refresh_salesforce_roles: failed for ektatham (Discord ID 973082425922035752): Failed to refresh Salesforce-based roles: Discord user 973082425922035752 is not a member of the guild
Ignoring exception in on_member_update
Traceback (most recent call last):
  File "/usr/local/lib/python3.12/site-packages/discord/client.py", line 465, in _run_event
    await coro(*args, **kwargs)
  File "/app/asu_discord/cogs/analytics.py", line 652, in on_member_update
    before_timeout = before.timed_out_until
                     ^^^^^^^^^^^^^^^^^^^^^^
AttributeError: 'Member' object has no attribute 'timed_out_until'
Ignoring exception in on_member_update
Traceback (most recent call last):
  File "/usr/local/lib/python3.12/site-packages/discord/client.py", line 465, in _run_event
    await coro(*args, **kwargs)
  File "/app/asu_discord/cogs/analytics.py", line 652, in on_member_update
    before_timeout = before.timed_out_until
                     ^^^^^^^^^^^^^^^^^^^^^^
AttributeError: 'Member' object has no attribute 'timed_out_until'
Ignoring exception in on_member_update
Traceback (most recent call last):
  File "/usr/local/lib/python3.12/site-packages/discord/client.py", line 465, in _run_event
    await coro(*args, **kwargs)
  File "/app/asu_discord/cogs/analytics.py", line 652, in on_member_update
    before_timeout = before.timed_out_until
                     ^^^^^^^^^^^^^^^^^^^^^^
AttributeError: 'Member' object has no attribute 'timed_out_until'
Ignoring exception in on_member_update
Traceback (most recent call last):
  File "/usr/local/lib/python3.12/site-packages/discord/client.py", line 465, in _run_event
    await coro(*args, **kwargs)
  File "/app/asu_discord/cogs/analytics.py", line 652, in on_member_update
    before_timeout = before.timed_out_until
                     ^^^^^^^^^^^^^^^^^^^^^^
AttributeError: 'Member' object has no attribute 'timed_out_until'
Ignoring exception in on_member_update
Traceback (most recent call last):
  File "/usr/local/lib/python3.12/site-packages/discord/client.py", line 465, in _run_event
    await coro(*args, **kwargs)
  File "/app/asu_discord/cogs/analytics.py", line 652, in on_member_update
    before_timeout = before.timed_out_until
                     ^^^^^^^^^^^^^^^^^^^^^^
AttributeError: 'Member' object has no attribute 'timed_out_until'
Ignoring exception in on_member_update
Traceback (most recent call last):
  File "/usr/local/lib/python3.12/site-packages/discord/client.py", line 465, in _run_event
    await coro(*args, **kwargs)
  File "/app/asu_discord/cogs/analytics.py", line 652, in on_member_update
    before_timeout = before.timed_out_until
                     ^^^^^^^^^^^^^^^^^^^^^^
AttributeError: 'Member' object has no attribute 'timed_out_until'
Ignoring exception in on_member_update
Traceback (most recent call last):
  File "/usr/local/lib/python3.12/site-packages/discord/client.py", line 465, in _run_event
    await coro(*args, **kwargs)
  File "/app/asu_discord/cogs/analytics.py", line 652, in on_member_update
    before_timeout = before.timed_out_until
                     ^^^^^^^^^^^^^^^^^^^^^^
AttributeError: 'Member' object has no attribute 'timed_out_until'
Ignoring exception in on_member_update
Traceback (most recent call last):
  File "/usr/local/lib/python3.12/site-packages/discord/client.py", line 465, in _run_event
    await coro(*args, **kwargs)
  File "/app/asu_discord/cogs/analytics.py", line 652, in on_member_update
    before_timeout = before.timed_out_until
                     ^^^^^^^^^^^^^^^^^^^^^^
AttributeError: 'Member' object has no attribute 'timed_out_until'
Ignoring exception in on_member_update
Traceback (most recent call last):
  File "/usr/local/lib/python3.12/site-packages/discord/client.py", line 465, in _run_event
    await coro(*args, **kwargs)
  File "/app/asu_discord/cogs/analytics.py", line 652, in on_member_update
    before_timeout = before.timed_out_until
                     ^^^^^^^^^^^^^^^^^^^^^^
AttributeError: 'Member' object has no attribute 'timed_out_until'
Ignoring exception in on_member_update
Traceback (most recent call last):
  File "/usr/local/lib/python3.12/site-packages/discord/client.py", line 465, in _run_event
    await coro(*args, **kwargs)
  File "/app/asu_discord/cogs/analytics.py", line 652, in on_member_update
    before_timeout = before.timed_out_until
                     ^^^^^^^^^^^^^^^^^^^^^^
AttributeError: 'Member' object has no attribute 'timed_out_until'
INFO:asu_discord.cogs.verification:Saved 5 roles to database for user amblomqu@asu.edu (Discord ID: 1154075461941465241)
INFO:asu_discord.cogs.verification:Refreshed Salesforce roles for Discord user 1154075461941465241: -5/+5 roles, assigned=[Arizona Resident, Ira A. Fulton Schools of Engineering, Tempe, Transfer Student, Upperclassmen]
ERROR:cron.jobs:refresh_salesforce_roles: failed for jtayl261 (Discord ID 1354845022411034717): Failed to refresh Salesforce-based roles: Discord user 1354845022411034717 is not a member of the guild
Ignoring exception in on_member_update
Traceback (most recent call last):
  File "/usr/local/lib/python3.12/site-packages/discord/client.py", line 465, in _run_event
    await coro(*args, **kwargs)
  File "/app/asu_discord/cogs/analytics.py", line 652, in on_member_update
    before_timeout = before.timed_out_until
                     ^^^^^^^^^^^^^^^^^^^^^^
AttributeError: 'Member' object has no attribute 'timed_out_until'
Ignoring exception in on_member_update
Traceback (most recent call last):
  File "/usr/local/lib/python3.12/site-packages/discord/client.py", line 465, in _run_event
    await coro(*args, **kwargs)
  File "/app/asu_discord/cogs/analytics.py", line 652, in on_member_update
    before_timeout = before.timed_out_until
                     ^^^^^^^^^^^^^^^^^^^^^^
AttributeError: 'Member' object has no attribute 'timed_out_until'
Ignoring exception in on_member_update
Traceback (most recent call last):
  File "/usr/local/lib/python3.12/site-packages/discord/client.py", line 465, in _run_event
    await coro(*args, **kwargs)
  File "/app/asu_discord/cogs/analytics.py", line 652, in on_member_update
    before_timeout = before.timed_out_until
                     ^^^^^^^^^^^^^^^^^^^^^^
AttributeError: 'Member' object has no attribute 'timed_out_until'
Ignoring exception in on_member_update
Traceback (most recent call last):
  File "/usr/local/lib/python3.12/site-packages/discord/client.py", line 465, in _run_event
    await coro(*args, **kwargs)
  File "/app/asu_discord/cogs/analytics.py", line 652, in on_member_update
    before_timeout = before.timed_out_until
                     ^^^^^^^^^^^^^^^^^^^^^^
AttributeError: 'Member' object has no attribute 'timed_out_until'
Ignoring exception in on_member_update
Traceback (most recent call last):
  File "/usr/local/lib/python3.12/site-packages/discord/client.py", line 465, in _run_event
    await coro(*args, **kwargs)
  File "/app/asu_discord/cogs/analytics.py", line 652, in on_member_update
    before_timeout = before.timed_out_until
                     ^^^^^^^^^^^^^^^^^^^^^^
AttributeError: 'Member' object has no attribute 'timed_out_until'
Ignoring exception in on_member_update
Traceback (most recent call last):
  File "/usr/local/lib/python3.12/site-packages/discord/client.py", line 465, in _run_event
    await coro(*args, **kwargs)
  File "/app/asu_discord/cogs/analytics.py", line 652, in on_member_update
    before_timeout = before.timed_out_until
                     ^^^^^^^^^^^^^^^^^^^^^^
AttributeError: 'Member' object has no attribute 'timed_out_until'
Ignoring exception in on_member_update
Traceback (most recent call last):
  File "/usr/local/lib/python3.12/site-packages/discord/client.py", line 465, in _run_event
    await coro(*args, **kwargs)
  File "/app/asu_discord/cogs/analytics.py", line 652, in on_member_update
    before_timeout = before.timed_out_until
                     ^^^^^^^^^^^^^^^^^^^^^^
AttributeError: 'Member' object has no attribute 'timed_out_until'
Ignoring exception in on_member_update
Traceback (most recent call last):
  File "/usr/local/lib/python3.12/site-packages/discord/client.py", line 465, in _run_event
    await coro(*args, **kwargs)
  File "/app/asu_discord/cogs/analytics.py", line 652, in on_member_update
    before_timeout = before.timed_out_until
                     ^^^^^^^^^^^^^^^^^^^^^^
AttributeError: 'Member' object has no attribute 'timed_out_until'
INFO:asu_discord.cogs.verification:Saved 4 roles to database for user zmohame6@asu.edu (Discord ID: 1413992801808678952)
INFO:asu_discord.cogs.verification:Refreshed Salesforce roles for Discord user 1413992801808678952: -4/+4 roles, assigned=[Arizona Resident, Edson College of Nursing and Health Innovation, First Year, Polytechnic]
Ignoring exception in on_member_update
Traceback (most recent call last):
  File "/usr/local/lib/python3.12/site-packages/discord/client.py", line 465, in _run_event
    await coro(*args, **kwargs)
  File "/app/asu_discord/cogs/analytics.py", line 652, in on_member_update
    before_timeout = before.timed_out_until
                     ^^^^^^^^^^^^^^^^^^^^^^
AttributeError: 'Member' object has no attribute 'timed_out_until'
Ignoring exception in on_member_update
Traceback (most recent call last):
  File "/usr/local/lib/python3.12/site-packages/discord/client.py", line 465, in _run_event
    await coro(*args, **kwargs)
  File "/app/asu_discord/cogs/analytics.py", line 652, in on_member_update
    before_timeout = before.timed_out_until
                     ^^^^^^^^^^^^^^^^^^^^^^
AttributeError: 'Member' object has no attribute 'timed_out_until'
Ignoring exception in on_member_update
Traceback (most recent call last):
  File "/usr/local/lib/python3.12/site-packages/discord/client.py", line 465, in _run_event
    await coro(*args, **kwargs)
  File "/app/asu_discord/cogs/analytics.py", line 652, in on_member_update
    before_timeout = before.timed_out_until
                     ^^^^^^^^^^^^^^^^^^^^^^
AttributeError: 'Member' object has no attribute 'timed_out_until'
Ignoring exception in on_member_update
Traceback (most recent call last):
  File "/usr/local/lib/python3.12/site-packages/discord/client.py", line 465, in _run_event
    await coro(*args, **kwargs)
  File "/app/asu_discord/cogs/analytics.py", line 652, in on_member_update
    before_timeout = before.timed_out_until
                     ^^^^^^^^^^^^^^^^^^^^^^
AttributeError: 'Member' object has no attribute 'timed_out_until'
Ignoring exception in on_member_update
Traceback (most recent call last):
  File "/usr/local/lib/python3.12/site-packages/discord/client.py", line 465, in _run_event
    await coro(*args, **kwargs)
  File "/app/asu_discord/cogs/analytics.py", line 652, in on_member_update
    before_timeout = before.timed_out_until
                     ^^^^^^^^^^^^^^^^^^^^^^
AttributeError: 'Member' object has no attribute 'timed_out_until'
Ignoring exception in on_member_update
Traceback (most recent call last):
  File "/usr/local/lib/python3.12/site-packages/discord/client.py", line 465, in _run_event
    await coro(*args, **kwargs)
  File "/app/asu_discord/cogs/analytics.py", line 652, in on_member_update
    before_timeout = before.timed_out_until
                     ^^^^^^^^^^^^^^^^^^^^^^
AttributeError: 'Member' object has no attribute 'timed_out_until'
Ignoring exception in on_member_update
Traceback (most recent call last):
  File "/usr/local/lib/python3.12/site-packages/discord/client.py", line 465, in _run_event
    await coro(*args, **kwargs)
  File "/app/asu_discord/cogs/analytics.py", line 652, in on_member_update
    before_timeout = before.timed_out_until
                     ^^^^^^^^^^^^^^^^^^^^^^
AttributeError: 'Member' object has no attribute 'timed_out_until'
Ignoring exception in on_member_update
Traceback (most recent call last):
  File "/usr/local/lib/python3.12/site-packages/discord/client.py", line 465, in _run_event
    await coro(*args, **kwargs)
  File "/app/asu_discord/cogs/analytics.py", line 652, in on_member_update
    before_timeout = before.timed_out_until
                     ^^^^^^^^^^^^^^^^^^^^^^
AttributeError: 'Member' object has no attribute 'timed_out_until'
Ignoring exception in on_member_update
Traceback (most recent call last):
  File "/usr/local/lib/python3.12/site-packages/discord/client.py", line 465, in _run_event
    await coro(*args, **kwargs)
  File "/app/asu_discord/cogs/analytics.py", line 652, in on_member_update
    before_timeout = before.timed_out_until
                     ^^^^^^^^^^^^^^^^^^^^^^
AttributeError: 'Member' object has no attribute 'timed_out_until'
Ignoring exception in on_member_update
Traceback (most recent call last):
  File "/usr/local/lib/python3.12/site-packages/discord/client.py", line 465, in _run_event
    await coro(*args, **kwargs)
  File "/app/asu_discord/cogs/analytics.py", line 652, in on_member_update
    before_timeout = before.timed_out_until
                     ^^^^^^^^^^^^^^^^^^^^^^
AttributeError: 'Member' object has no attribute 'timed_out_until'
INFO:asu_discord.cogs.verification:Saved 5 roles to database for user amclau40@asu.edu (Discord ID: 1440857823214043251)
INFO:asu_discord.cogs.verification:Refreshed Salesforce roles for Discord user 1440857823214043251: -5/+5 roles, assigned=[Arizona Resident, Downtown Phoenix, Edson College of Nursing and Health Innovation, Transfer Student, Upperclassmen]
Ignoring exception in on_member_update
Traceback (most recent call last):
  File "/usr/local/lib/python3.12/site-packages/discord/client.py", line 465, in _run_event
    await coro(*args, **kwargs)
  File "/app/asu_discord/cogs/analytics.py", line 652, in on_member_update
    before_timeout = before.timed_out_until
                     ^^^^^^^^^^^^^^^^^^^^^^
AttributeError: 'Member' object has no attribute 'timed_out_until'
Ignoring exception in on_member_update
Traceback (most recent call last):
  File "/usr/local/lib/python3.12/site-packages/discord/client.py", line 465, in _run_event
    await coro(*args, **kwargs)
  File "/app/asu_discord/cogs/analytics.py", line 652, in on_member_update
    before_timeout = before.timed_out_until
                     ^^^^^^^^^^^^^^^^^^^^^^
AttributeError: 'Member' object has no attribute 'timed_out_until'
Ignoring exception in on_member_update
Traceback (most recent call last):
  File "/usr/local/lib/python3.12/site-packages/discord/client.py", line 465, in _run_event
    await coro(*args, **kwargs)
  File "/app/asu_discord/cogs/analytics.py", line 652, in on_member_update
    before_timeout = before.timed_out_until
                     ^^^^^^^^^^^^^^^^^^^^^^
AttributeError: 'Member' object has no attribute 'timed_out_until'
Ignoring exception in on_member_update
Traceback (most recent call last):
  File "/usr/local/lib/python3.12/site-packages/discord/client.py", line 465, in _run_event
    await coro(*args, **kwargs)
  File "/app/asu_discord/cogs/analytics.py", line 652, in on_member_update
    before_timeout = before.timed_out_until
                     ^^^^^^^^^^^^^^^^^^^^^^
AttributeError: 'Member' object has no attribute 'timed_out_until'
Ignoring exception in on_member_update
Traceback (most recent call last):
  File "/usr/local/lib/python3.12/site-packages/discord/client.py", line 465, in _run_event
    await coro(*args, **kwargs)
  File "/app/asu_discord/cogs/analytics.py", line 652, in on_member_update
    before_timeout = before.timed_out_until
                     ^^^^^^^^^^^^^^^^^^^^^^
AttributeError: 'Member' object has no attribute 'timed_out_until'
Ignoring exception in on_member_update
Traceback (most recent call last):
  File "/usr/local/lib/python3.12/site-packages/discord/client.py", line 465, in _run_event
    await coro(*args, **kwargs)
  File "/app/asu_discord/cogs/analytics.py", line 652, in on_member_update
    before_timeout = before.timed_out_until
                     ^^^^^^^^^^^^^^^^^^^^^^
AttributeError: 'Member' object has no attribute 'timed_out_until'
Ignoring exception in on_member_update
Traceback (most recent call last):
  File "/usr/local/lib/python3.12/site-packages/discord/client.py", line 465, in _run_event
    await coro(*args, **kwargs)
  File "/app/asu_discord/cogs/analytics.py", line 652, in on_member_update
    before_timeout = before.timed_out_until
                     ^^^^^^^^^^^^^^^^^^^^^^
AttributeError: 'Member' object has no attribute 'timed_out_until'
Ignoring exception in on_member_update
Traceback (most recent call last):
  File "/usr/local/lib/python3.12/site-packages/discord/client.py", line 465, in _run_event
    await coro(*args, **kwargs)
  File "/app/asu_discord/cogs/analytics.py", line 652, in on_member_update
    before_timeout = before.timed_out_until
                     ^^^^^^^^^^^^^^^^^^^^^^
AttributeError: 'Member' object has no attribute 'timed_out_until'
Ignoring exception in on_member_update
Traceback (most recent call last):
  File "/usr/local/lib/python3.12/site-packages/discord/client.py", line 465, in _run_event
    await coro(*args, **kwargs)
  File "/app/asu_discord/cogs/analytics.py", line 652, in on_member_update
    before_timeout = before.timed_out_until
                     ^^^^^^^^^^^^^^^^^^^^^^
AttributeError: 'Member' object has no attribute 'timed_out_until'
Ignoring exception in on_member_update
Traceback (most recent call last):
  File "/usr/local/lib/python3.12/site-packages/discord/client.py", line 465, in _run_event
    await coro(*args, **kwargs)
  File "/app/asu_discord/cogs/analytics.py", line 652, in on_member_update
    before_timeout = before.timed_out_until
                     ^^^^^^^^^^^^^^^^^^^^^^
AttributeError: 'Member' object has no attribute 'timed_out_until'
INFO:asu_discord.cogs.verification:Saved 5 roles to database for user adburkho@asu.edu (Discord ID: 759296803786326047)
INFO:asu_discord.cogs.verification:Refreshed Salesforce roles for Discord user 759296803786326047: -5/+5 roles, assigned=[Arizona Resident, College of Health Solutions, Commited, Downtown Phoenix, First Year]
Ignoring exception in on_member_update
Traceback (most recent call last):
  File "/usr/local/lib/python3.12/site-packages/discord/client.py", line 465, in _run_event
    await coro(*args, **kwargs)
  File "/app/asu_discord/cogs/analytics.py", line 652, in on_member_update
    before_timeout = before.timed_out_until
                     ^^^^^^^^^^^^^^^^^^^^^^
AttributeError: 'Member' object has no attribute 'timed_out_until'
Ignoring exception in on_member_update
Traceback (most recent call last):
  File "/usr/local/lib/python3.12/site-packages/discord/client.py", line 465, in _run_event
    await coro(*args, **kwargs)
  File "/app/asu_discord/cogs/analytics.py", line 652, in on_member_update
    before_timeout = before.timed_out_until
                     ^^^^^^^^^^^^^^^^^^^^^^
AttributeError: 'Member' object has no attribute 'timed_out_until'
Ignoring exception in on_member_update
Traceback (most recent call last):
  File "/usr/local/lib/python3.12/site-packages/discord/client.py", line 465, in _run_event
    await coro(*args, **kwargs)
  File "/app/asu_discord/cogs/analytics.py", line 652, in on_member_update
    before_timeout = before.timed_out_until
                     ^^^^^^^^^^^^^^^^^^^^^^
AttributeError: 'Member' object has no attribute 'timed_out_until'
Ignoring exception in on_member_update
Traceback (most recent call last):
  File "/usr/local/lib/python3.12/site-packages/discord/client.py", line 465, in _run_event
    await coro(*args, **kwargs)
  File "/app/asu_discord/cogs/analytics.py", line 652, in on_member_update
    before_timeout = before.timed_out_until
                     ^^^^^^^^^^^^^^^^^^^^^^
AttributeError: 'Member' object has no attribute 'timed_out_until'
Ignoring exception in on_member_update
Traceback (most recent call last):
  File "/usr/local/lib/python3.12/site-packages/discord/client.py", line 465, in _run_event
    await coro(*args, **kwargs)
  File "/app/asu_discord/cogs/analytics.py", line 652, in on_member_update
    before_timeout = before.timed_out_until
                     ^^^^^^^^^^^^^^^^^^^^^^
AttributeError: 'Member' object has no attribute 'timed_out_until'
Ignoring exception in on_member_update
Traceback (most recent call last):
  File "/usr/local/lib/python3.12/site-packages/discord/client.py", line 465, in _run_event
    await coro(*args, **kwargs)
  File "/app/asu_discord/cogs/analytics.py", line 652, in on_member_update
    before_timeout = before.timed_out_until
                     ^^^^^^^^^^^^^^^^^^^^^^
AttributeError: 'Member' object has no attribute 'timed_out_until'
Ignoring exception in on_member_update
Traceback (most recent call last):
  File "/usr/local/lib/python3.12/site-packages/discord/client.py", line 465, in _run_event
    await coro(*args, **kwargs)
  File "/app/asu_discord/cogs/analytics.py", line 652, in on_member_update
    before_timeout = before.timed_out_until
                     ^^^^^^^^^^^^^^^^^^^^^^
AttributeError: 'Member' object has no attribute 'timed_out_until'
Ignoring exception in on_member_update
Traceback (most recent call last):
  File "/usr/local/lib/python3.12/site-packages/discord/client.py", line 465, in _run_event
    await coro(*args, **kwargs)
  File "/app/asu_discord/cogs/analytics.py", line 652, in on_member_update
    before_timeout = before.timed_out_until
                     ^^^^^^^^^^^^^^^^^^^^^^
AttributeError: 'Member' object has no attribute 'timed_out_until'
Ignoring exception in on_member_update
Traceback (most recent call last):
  File "/usr/local/lib/python3.12/site-packages/discord/client.py", line 465, in _run_event
    await coro(*args, **kwargs)
  File "/app/asu_discord/cogs/analytics.py", line 652, in on_member_update
    before_timeout = before.timed_out_until
                     ^^^^^^^^^^^^^^^^^^^^^^
AttributeError: 'Member' object has no attribute 'timed_out_until'
Ignoring exception in on_member_update
Traceback (most recent call last):
  File "/usr/local/lib/python3.12/site-packages/discord/client.py", line 465, in _run_event
    await coro(*args, **kwargs)
  File "/app/asu_discord/cogs/analytics.py", line 652, in on_member_update
    before_timeout = before.timed_out_until
                     ^^^^^^^^^^^^^^^^^^^^^^
AttributeError: 'Member' object has no attribute 'timed_out_until'
INFO:asu_discord.cogs.verification:Saved 5 roles to database for user xhuynh1@asu.edu (Discord ID: 515600382681153551)
INFO:asu_discord.cogs.verification:Refreshed Salesforce roles for Discord user 515600382681153551: -5/+5 roles, assigned=[Arizona Resident, First Generation Student, First Year, Herberger Institute for Design and the Arts, Tempe]
Ignoring exception in on_member_update
Traceback (most recent call last):
  File "/usr/local/lib/python3.12/site-packages/discord/client.py", line 465, in _run_event
    await coro(*args, **kwargs)
  File "/app/asu_discord/cogs/analytics.py", line 652, in on_member_update
    before_timeout = before.timed_out_until
                     ^^^^^^^^^^^^^^^^^^^^^^
AttributeError: 'Member' object has no attribute 'timed_out_until'
Ignoring exception in on_member_update
Traceback (most recent call last):
  File "/usr/local/lib/python3.12/site-packages/discord/client.py", line 465, in _run_event
    await coro(*args, **kwargs)
  File "/app/asu_discord/cogs/analytics.py", line 652, in on_member_update
    before_timeout = before.timed_out_until
                     ^^^^^^^^^^^^^^^^^^^^^^
AttributeError: 'Member' object has no attribute 'timed_out_until'
Ignoring exception in on_member_update
Traceback (most recent call last):
  File "/usr/local/lib/python3.12/site-packages/discord/client.py", line 465, in _run_event
    await coro(*args, **kwargs)
  File "/app/asu_discord/cogs/analytics.py", line 652, in on_member_update
    before_timeout = before.timed_out_until
                     ^^^^^^^^^^^^^^^^^^^^^^
AttributeError: 'Member' object has no attribute 'timed_out_until'
Ignoring exception in on_member_update
Traceback (most recent call last):
  File "/usr/local/lib/python3.12/site-packages/discord/client.py", line 465, in _run_event
    await coro(*args, **kwargs)
  File "/app/asu_discord/cogs/analytics.py", line 652, in on_member_update
    before_timeout = before.timed_out_until
                     ^^^^^^^^^^^^^^^^^^^^^^
AttributeError: 'Member' object has no attribute 'timed_out_until'
Ignoring exception in on_member_update
Traceback (most recent call last):
  File "/usr/local/lib/python3.12/site-packages/discord/client.py", line 465, in _run_event
    await coro(*args, **kwargs)
  File "/app/asu_discord/cogs/analytics.py", line 652, in on_member_update
    before_timeout = before.timed_out_until
                     ^^^^^^^^^^^^^^^^^^^^^^
AttributeError: 'Member' object has no attribute 'timed_out_until'
Ignoring exception in on_member_update
Traceback (most recent call last):
  File "/usr/local/lib/python3.12/site-packages/discord/client.py", line 465, in _run_event
    await coro(*args, **kwargs)
  File "/app/asu_discord/cogs/analytics.py", line 652, in on_member_update
    before_timeout = before.timed_out_until
                     ^^^^^^^^^^^^^^^^^^^^^^
AttributeError: 'Member' object has no attribute 'timed_out_until'
Ignoring exception in on_member_update
Traceback (most recent call last):
  File "/usr/local/lib/python3.12/site-packages/discord/client.py", line 465, in _run_event
    await coro(*args, **kwargs)
  File "/app/asu_discord/cogs/analytics.py", line 652, in on_member_update
    before_timeout = before.timed_out_until
                     ^^^^^^^^^^^^^^^^^^^^^^
AttributeError: 'Member' object has no attribute 'timed_out_until'
Ignoring exception in on_member_update
Traceback (most recent call last):
  File "/usr/local/lib/python3.12/site-packages/discord/client.py", line 465, in _run_event
    await coro(*args, **kwargs)
  File "/app/asu_discord/cogs/analytics.py", line 652, in on_member_update
    before_timeout = before.timed_out_until
                     ^^^^^^^^^^^^^^^^^^^^^^
AttributeError: 'Member' object has no attribute 'timed_out_until'
Ignoring exception in on_member_update
Traceback (most recent call last):
  File "/usr/local/lib/python3.12/site-packages/discord/client.py", line 465, in _run_event
    await coro(*args, **kwargs)
  File "/app/asu_discord/cogs/analytics.py", line 652, in on_member_update
    before_timeout = before.timed_out_until
                     ^^^^^^^^^^^^^^^^^^^^^^
AttributeError: 'Member' object has no attribute 'timed_out_until'
Ignoring exception in on_member_update
Traceback (most recent call last):
  File "/usr/local/lib/python3.12/site-packages/discord/client.py", line 465, in _run_event
    await coro(*args, **kwargs)
  File "/app/asu_discord/cogs/analytics.py", line 652, in on_member_update
    before_timeout = before.timed_out_until
                     ^^^^^^^^^^^^^^^^^^^^^^
AttributeError: 'Member' object has no attribute 'timed_out_until'
INFO:asu_discord.cogs.verification:Saved 5 roles to database for user ymccallu@asu.edu (Discord ID: 1440370184706850888)
INFO:asu_discord.cogs.verification:Refreshed Salesforce roles for Discord user 1440370184706850888: -5/+5 roles, assigned=[College of Liberal Arts and Sciences, Online, Out of State, Transfer Student, Upperclassmen]
Ignoring exception in on_member_update
Traceback (most recent call last):
  File "/usr/local/lib/python3.12/site-packages/discord/client.py", line 465, in _run_event
    await coro(*args, **kwargs)
  File "/app/asu_discord/cogs/analytics.py", line 652, in on_member_update
    before_timeout = before.timed_out_until
                     ^^^^^^^^^^^^^^^^^^^^^^
AttributeError: 'Member' object has no attribute 'timed_out_until'
Ignoring exception in on_member_update
Traceback (most recent call last):
  File "/usr/local/lib/python3.12/site-packages/discord/client.py", line 465, in _run_event
    await coro(*args, **kwargs)
  File "/app/asu_discord/cogs/analytics.py", line 652, in on_member_update
    before_timeout = before.timed_out_until
                     ^^^^^^^^^^^^^^^^^^^^^^
AttributeError: 'Member' object has no attribute 'timed_out_until'
Ignoring exception in on_member_update
Traceback (most recent call last):
  File "/usr/local/lib/python3.12/site-packages/discord/client.py", line 465, in _run_event
    await coro(*args, **kwargs)
  File "/app/asu_discord/cogs/analytics.py", line 652, in on_member_update
    before_timeout = before.timed_out_until
                     ^^^^^^^^^^^^^^^^^^^^^^
AttributeError: 'Member' object has no attribute 'timed_out_until'
Ignoring exception in on_member_update
Traceback (most recent call last):
  File "/usr/local/lib/python3.12/site-packages/discord/client.py", line 465, in _run_event
    await coro(*args, **kwargs)
  File "/app/asu_discord/cogs/analytics.py", line 652, in on_member_update
    before_timeout = before.timed_out_until
                     ^^^^^^^^^^^^^^^^^^^^^^
AttributeError: 'Member' object has no attribute 'timed_out_until'
Ignoring exception in on_member_update
Traceback (most recent call last):
  File "/usr/local/lib/python3.12/site-packages/discord/client.py", line 465, in _run_event
    await coro(*args, **kwargs)
  File "/app/asu_discord/cogs/analytics.py", line 652, in on_member_update
    before_timeout = before.timed_out_until
                     ^^^^^^^^^^^^^^^^^^^^^^
AttributeError: 'Member' object has no attribute 'timed_out_until'
Ignoring exception in on_member_update
Traceback (most recent call last):
  File "/usr/local/lib/python3.12/site-packages/discord/client.py", line 465, in _run_event
    await coro(*args, **kwargs)
  File "/app/asu_discord/cogs/analytics.py", line 652, in on_member_update
    before_timeout = before.timed_out_until
                     ^^^^^^^^^^^^^^^^^^^^^^
AttributeError: 'Member' object has no attribute 'timed_out_until'
Ignoring exception in on_member_update
Traceback (most recent call last):
  File "/usr/local/lib/python3.12/site-packages/discord/client.py", line 465, in _run_event
    await coro(*args, **kwargs)
  File "/app/asu_discord/cogs/analytics.py", line 652, in on_member_update
    before_timeout = before.timed_out_until
                     ^^^^^^^^^^^^^^^^^^^^^^
AttributeError: 'Member' object has no attribute 'timed_out_until'
Ignoring exception in on_member_update
Traceback (most recent call last):
  File "/usr/local/lib/python3.12/site-packages/discord/client.py", line 465, in _run_event
    await coro(*args, **kwargs)
  File "/app/asu_discord/cogs/analytics.py", line 652, in on_member_update
    before_timeout = before.timed_out_until
                     ^^^^^^^^^^^^^^^^^^^^^^
AttributeError: 'Member' object has no attribute 'timed_out_until'
Ignoring exception in on_member_update
Traceback (most recent call last):
  File "/usr/local/lib/python3.12/site-packages/discord/client.py", line 465, in _run_event
    await coro(*args, **kwargs)
  File "/app/asu_discord/cogs/analytics.py", line 652, in on_member_update
    before_timeout = before.timed_out_until
                     ^^^^^^^^^^^^^^^^^^^^^^
AttributeError: 'Member' object has no attribute 'timed_out_until'
Ignoring exception in on_member_update
Traceback (most recent call last):
  File "/usr/local/lib/python3.12/site-packages/discord/client.py", line 465, in _run_event
    await coro(*args, **kwargs)
  File "/app/asu_discord/cogs/analytics.py", line 652, in on_member_update
    before_timeout = before.timed_out_until
                     ^^^^^^^^^^^^^^^^^^^^^^
AttributeError: 'Member' object has no attribute 'timed_out_until'
INFO:asu_discord.cogs.verification:Saved 5 roles to database for user kkaur21@asu.edu (Discord ID: 307975509164163072)
INFO:asu_discord.cogs.verification:Refreshed Salesforce roles for Discord user 307975509164163072: -5/+5 roles, assigned=[New College of Interdisciplinary Arts and Sciences, Online, Out of State, Transfer Student, Upperclassmen]
Ignoring exception in on_member_update
Traceback (most recent call last):
  File "/usr/local/lib/python3.12/site-packages/discord/client.py", line 465, in _run_event
    await coro(*args, **kwargs)
  File "/app/asu_discord/cogs/analytics.py", line 652, in on_member_update
    before_timeout = before.timed_out_until
                     ^^^^^^^^^^^^^^^^^^^^^^
AttributeError: 'Member' object has no attribute 'timed_out_until'
Ignoring exception in on_member_update
Traceback (most recent call last):
  File "/usr/local/lib/python3.12/site-packages/discord/client.py", line 465, in _run_event
    await coro(*args, **kwargs)
  File "/app/asu_discord/cogs/analytics.py", line 652, in on_member_update
    before_timeout = before.timed_out_until
                     ^^^^^^^^^^^^^^^^^^^^^^
AttributeError: 'Member' object has no attribute 'timed_out_until'
Ignoring exception in on_member_update
Traceback (most recent call last):
  File "/usr/local/lib/python3.12/site-packages/discord/client.py", line 465, in _run_event
    await coro(*args, **kwargs)
  File "/app/asu_discord/cogs/analytics.py", line 652, in on_member_update
    before_timeout = before.timed_out_until
                     ^^^^^^^^^^^^^^^^^^^^^^
AttributeError: 'Member' object has no attribute 'timed_out_until'
Ignoring exception in on_member_update
Traceback (most recent call last):
  File "/usr/local/lib/python3.12/site-packages/discord/client.py", line 465, in _run_event
    await coro(*args, **kwargs)
  File "/app/asu_discord/cogs/analytics.py", line 652, in on_member_update
    before_timeout = before.timed_out_until
                     ^^^^^^^^^^^^^^^^^^^^^^
AttributeError: 'Member' object has no attribute 'timed_out_until'
Ignoring exception in on_member_update
Traceback (most recent call last):
  File "/usr/local/lib/python3.12/site-packages/discord/client.py", line 465, in _run_event
    await coro(*args, **kwargs)
  File "/app/asu_discord/cogs/analytics.py", line 652, in on_member_update
    before_timeout = before.timed_out_until
                     ^^^^^^^^^^^^^^^^^^^^^^
AttributeError: 'Member' object has no attribute 'timed_out_until'
Ignoring exception in on_member_update
Traceback (most recent call last):
  File "/usr/local/lib/python3.12/site-packages/discord/client.py", line 465, in _run_event
    await coro(*args, **kwargs)
  File "/app/asu_discord/cogs/analytics.py", line 652, in on_member_update
    before_timeout = before.timed_out_until
                     ^^^^^^^^^^^^^^^^^^^^^^
AttributeError: 'Member' object has no attribute 'timed_out_until'
Ignoring exception in on_member_update
Traceback (most recent call last):
  File "/usr/local/lib/python3.12/site-packages/discord/client.py", line 465, in _run_event
    await coro(*args, **kwargs)
  File "/app/asu_discord/cogs/analytics.py", line 652, in on_member_update
    before_timeout = before.timed_out_until
                     ^^^^^^^^^^^^^^^^^^^^^^
AttributeError: 'Member' object has no attribute 'timed_out_until'
Ignoring exception in on_member_update
Traceback (most recent call last):
  File "/usr/local/lib/python3.12/site-packages/discord/client.py", line 465, in _run_event
    await coro(*args, **kwargs)
  File "/app/asu_discord/cogs/analytics.py", line 652, in on_member_update
    before_timeout = before.timed_out_until
                     ^^^^^^^^^^^^^^^^^^^^^^
AttributeError: 'Member' object has no attribute 'timed_out_until'
Ignoring exception in on_member_update
Traceback (most recent call last):
  File "/usr/local/lib/python3.12/site-packages/discord/client.py", line 465, in _run_event
    await coro(*args, **kwargs)
  File "/app/asu_discord/cogs/analytics.py", line 652, in on_member_update
    before_timeout = before.timed_out_until
                     ^^^^^^^^^^^^^^^^^^^^^^
AttributeError: 'Member' object has no attribute 'timed_out_until'
Ignoring exception in on_member_update
Traceback (most recent call last):
  File "/usr/local/lib/python3.12/site-packages/discord/client.py", line 465, in _run_event
    await coro(*args, **kwargs)
  File "/app/asu_discord/cogs/analytics.py", line 652, in on_member_update
    before_timeout = before.timed_out_until
                     ^^^^^^^^^^^^^^^^^^^^^^
AttributeError: 'Member' object has no attribute 'timed_out_until'
INFO:asu_discord.cogs.verification:Saved 5 roles to database for user aimyle@asu.edu (Discord ID: 648050188753043457)
INFO:asu_discord.cogs.verification:Refreshed Salesforce roles for Discord user 648050188753043457: -5/+5 roles, assigned=[Arizona Resident, Commited, First Year, Mary Lou Fulton Teachers College, West Valley]
ERROR:cron.jobs:refresh_salesforce_roles: failed for ckatare (Discord ID 1046073129061060680): Failed to refresh Salesforce-based roles: Discord user 1046073129061060680 is not a member of the guild
Ignoring exception in on_member_update
Traceback (most recent call last):
  File "/usr/local/lib/python3.12/site-packages/discord/client.py", line 465, in _run_event
    await coro(*args, **kwargs)
  File "/app/asu_discord/cogs/analytics.py", line 652, in on_member_update
    before_timeout = before.timed_out_until
                     ^^^^^^^^^^^^^^^^^^^^^^
AttributeError: 'Member' object has no attribute 'timed_out_until'
Ignoring exception in on_member_update
Traceback (most recent call last):
  File "/usr/local/lib/python3.12/site-packages/discord/client.py", line 465, in _run_event
    await coro(*args, **kwargs)
  File "/app/asu_discord/cogs/analytics.py", line 652, in on_member_update
    before_timeout = before.timed_out_until
                     ^^^^^^^^^^^^^^^^^^^^^^
AttributeError: 'Member' object has no attribute 'timed_out_until'
Ignoring exception in on_member_update
Traceback (most recent call last):
  File "/usr/local/lib/python3.12/site-packages/discord/client.py", line 465, in _run_event
    await coro(*args, **kwargs)
  File "/app/asu_discord/cogs/analytics.py", line 652, in on_member_update
    before_timeout = before.timed_out_until
                     ^^^^^^^^^^^^^^^^^^^^^^
AttributeError: 'Member' object has no attribute 'timed_out_until'
Ignoring exception in on_member_update
Traceback (most recent call last):
  File "/usr/local/lib/python3.12/site-packages/discord/client.py", line 465, in _run_event
    await coro(*args, **kwargs)
  File "/app/asu_discord/cogs/analytics.py", line 652, in on_member_update
    before_timeout = before.timed_out_until
                     ^^^^^^^^^^^^^^^^^^^^^^
AttributeError: 'Member' object has no attribute 'timed_out_until'
Ignoring exception in on_member_update
Traceback (most recent call last):
  File "/usr/local/lib/python3.12/site-packages/discord/client.py", line 465, in _run_event
    await coro(*args, **kwargs)
  File "/app/asu_discord/cogs/analytics.py", line 652, in on_member_update
    before_timeout = before.timed_out_until
                     ^^^^^^^^^^^^^^^^^^^^^^
AttributeError: 'Member' object has no attribute 'timed_out_until'
Ignoring exception in on_member_update
Traceback (most recent call last):
  File "/usr/local/lib/python3.12/site-packages/discord/client.py", line 465, in _run_event
    await coro(*args, **kwargs)
  File "/app/asu_discord/cogs/analytics.py", line 652, in on_member_update
    before_timeout = before.timed_out_until
                     ^^^^^^^^^^^^^^^^^^^^^^
AttributeError: 'Member' object has no attribute 'timed_out_until'
Ignoring exception in on_member_update
Traceback (most recent call last):
  File "/usr/local/lib/python3.12/site-packages/discord/client.py", line 465, in _run_event
    await coro(*args, **kwargs)
  File "/app/asu_discord/cogs/analytics.py", line 652, in on_member_update
    before_timeout = before.timed_out_until
                     ^^^^^^^^^^^^^^^^^^^^^^
AttributeError: 'Member' object has no attribute 'timed_out_until'
Ignoring exception in on_member_update
Traceback (most recent call last):
  File "/usr/local/lib/python3.12/site-packages/discord/client.py", line 465, in _run_event
    await coro(*args, **kwargs)
  File "/app/asu_discord/cogs/analytics.py", line 652, in on_member_update
    before_timeout = before.timed_out_until
                     ^^^^^^^^^^^^^^^^^^^^^^
AttributeError: 'Member' object has no attribute 'timed_out_until'
Ignoring exception in on_member_update
Traceback (most recent call last):
  File "/usr/local/lib/python3.12/site-packages/discord/client.py", line 465, in _run_event
    await coro(*args, **kwargs)
  File "/app/asu_discord/cogs/analytics.py", line 652, in on_member_update
    before_timeout = before.timed_out_until
                     ^^^^^^^^^^^^^^^^^^^^^^
AttributeError: 'Member' object has no attribute 'timed_out_until'
Ignoring exception in on_member_update
Traceback (most recent call last):
  File "/usr/local/lib/python3.12/site-packages/discord/client.py", line 465, in _run_event
    await coro(*args, **kwargs)
  File "/app/asu_discord/cogs/analytics.py", line 652, in on_member_update
    before_timeout = before.timed_out_until
                     ^^^^^^^^^^^^^^^^^^^^^^
AttributeError: 'Member' object has no attribute 'timed_out_until'
INFO:asu_discord.cogs.verification:Saved 5 roles to database for user mhoss116@asu.edu (Discord ID: 761946349989658662)
INFO:asu_discord.cogs.verification:Refreshed Salesforce roles for Discord user 761946349989658662: -5/+5 roles, assigned=[College of Integrative Sciences and Arts, Commited, First Year, International Student, Polytechnic]
Ignoring exception in on_member_update
Traceback (most recent call last):
  File "/usr/local/lib/python3.12/site-packages/discord/client.py", line 465, in _run_event
    await coro(*args, **kwargs)
  File "/app/asu_discord/cogs/analytics.py", line 652, in on_member_update
    before_timeout = before.timed_out_until
                     ^^^^^^^^^^^^^^^^^^^^^^
AttributeError: 'Member' object has no attribute 'timed_out_until'
Ignoring exception in on_member_update
Traceback (most recent call last):
  File "/usr/local/lib/python3.12/site-packages/discord/client.py", line 465, in _run_event
    await coro(*args, **kwargs)
  File "/app/asu_discord/cogs/analytics.py", line 652, in on_member_update
    before_timeout = before.timed_out_until
                     ^^^^^^^^^^^^^^^^^^^^^^
AttributeError: 'Member' object has no attribute 'timed_out_until'
Ignoring exception in on_member_update
Traceback (most recent call last):
  File "/usr/local/lib/python3.12/site-packages/discord/client.py", line 465, in _run_event
    await coro(*args, **kwargs)
  File "/app/asu_discord/cogs/analytics.py", line 652, in on_member_update
    before_timeout = before.timed_out_until
                     ^^^^^^^^^^^^^^^^^^^^^^
AttributeError: 'Member' object has no attribute 'timed_out_until'
Ignoring exception in on_member_update
Traceback (most recent call last):
  File "/usr/local/lib/python3.12/site-packages/discord/client.py", line 465, in _run_event
    await coro(*args, **kwargs)
  File "/app/asu_discord/cogs/analytics.py", line 652, in on_member_update
    before_timeout = before.timed_out_until
                     ^^^^^^^^^^^^^^^^^^^^^^
AttributeError: 'Member' object has no attribute 'timed_out_until'
Ignoring exception in on_member_update
Traceback (most recent call last):
  File "/usr/local/lib/python3.12/site-packages/discord/client.py", line 465, in _run_event
    await coro(*args, **kwargs)
  File "/app/asu_discord/cogs/analytics.py", line 652, in on_member_update
    before_timeout = before.timed_out_until
                     ^^^^^^^^^^^^^^^^^^^^^^
AttributeError: 'Member' object has no attribute 'timed_out_until'
Ignoring exception in on_member_update
Traceback (most recent call last):
  File "/usr/local/lib/python3.12/site-packages/discord/client.py", line 465, in _run_event
    await coro(*args, **kwargs)
  File "/app/asu_discord/cogs/analytics.py", line 652, in on_member_update
    before_timeout = before.timed_out_until
                     ^^^^^^^^^^^^^^^^^^^^^^
AttributeError: 'Member' object has no attribute 'timed_out_until'
Ignoring exception in on_member_update
Traceback (most recent call last):
  File "/usr/local/lib/python3.12/site-packages/discord/client.py", line 465, in _run_event
    await coro(*args, **kwargs)
  File "/app/asu_discord/cogs/analytics.py", line 652, in on_member_update
    before_timeout = before.timed_out_until
                     ^^^^^^^^^^^^^^^^^^^^^^
AttributeError: 'Member' object has no attribute 'timed_out_until'
Ignoring exception in on_member_update
Traceback (most recent call last):
  File "/usr/local/lib/python3.12/site-packages/discord/client.py", line 465, in _run_event
    await coro(*args, **kwargs)
  File "/app/asu_discord/cogs/analytics.py", line 652, in on_member_update
    before_timeout = before.timed_out_until
                     ^^^^^^^^^^^^^^^^^^^^^^
AttributeError: 'Member' object has no attribute 'timed_out_until'
Ignoring exception in on_member_update
Traceback (most recent call last):
  File "/usr/local/lib/python3.12/site-packages/discord/client.py", line 465, in _run_event
    await coro(*args, **kwargs)
  File "/app/asu_discord/cogs/analytics.py", line 652, in on_member_update
    before_timeout = before.timed_out_until
                     ^^^^^^^^^^^^^^^^^^^^^^
AttributeError: 'Member' object has no attribute 'timed_out_until'
Ignoring exception in on_member_update
Traceback (most recent call last):
  File "/usr/local/lib/python3.12/site-packages/discord/client.py", line 465, in _run_event
    await coro(*args, **kwargs)
  File "/app/asu_discord/cogs/analytics.py", line 652, in on_member_update
    before_timeout = before.timed_out_until
                     ^^^^^^^^^^^^^^^^^^^^^^
AttributeError: 'Member' object has no attribute 'timed_out_until'
ERROR:cron.jobs:refresh_salesforce_roles: failed for iortegap (Discord ID 795709831029456916): Timed out refresh Salesforce-based roles
Ignoring exception in on_member_update
Traceback (most recent call last):
  File "/usr/local/lib/python3.12/site-packages/discord/client.py", line 465, in _run_event
    await coro(*args, **kwargs)
  File "/app/asu_discord/cogs/analytics.py", line 652, in on_member_update
    before_timeout = before.timed_out_until
                     ^^^^^^^^^^^^^^^^^^^^^^
AttributeError: 'Member' object has no attribute 'timed_out_until'
Ignoring exception in on_member_update
Traceback (most recent call last):
  File "/usr/local/lib/python3.12/site-packages/discord/client.py", line 465, in _run_event
    await coro(*args, **kwargs)
  File "/app/asu_discord/cogs/analytics.py", line 652, in on_member_update
    before_timeout = before.timed_out_until
                     ^^^^^^^^^^^^^^^^^^^^^^
AttributeError: 'Member' object has no attribute 'timed_out_until'
Ignoring exception in on_member_update
Traceback (most recent call last):
  File "/usr/local/lib/python3.12/site-packages/discord/client.py", line 465, in _run_event
    await coro(*args, **kwargs)
  File "/app/asu_discord/cogs/analytics.py", line 652, in on_member_update
    before_timeout = before.timed_out_until
                     ^^^^^^^^^^^^^^^^^^^^^^
AttributeError: 'Member' object has no attribute 'timed_out_until'
Ignoring exception in on_member_update
Traceback (most recent call last):
  File "/usr/local/lib/python3.12/site-packages/discord/client.py", line 465, in _run_event
    await coro(*args, **kwargs)
  File "/app/asu_discord/cogs/analytics.py", line 652, in on_member_update
    before_timeout = before.timed_out_until
                     ^^^^^^^^^^^^^^^^^^^^^^
AttributeError: 'Member' object has no attribute 'timed_out_until'
Ignoring exception in on_member_update
Traceback (most recent call last):
  File "/usr/local/lib/python3.12/site-packages/discord/client.py", line 465, in _run_event
    await coro(*args, **kwargs)
  File "/app/asu_discord/cogs/analytics.py", line 652, in on_member_update
    before_timeout = before.timed_out_until
                     ^^^^^^^^^^^^^^^^^^^^^^
AttributeError: 'Member' object has no attribute 'timed_out_until'
Ignoring exception in on_member_update
Traceback (most recent call last):
  File "/usr/local/lib/python3.12/site-packages/discord/client.py", line 465, in _run_event
    await coro(*args, **kwargs)
  File "/app/asu_discord/cogs/analytics.py", line 652, in on_member_update
    before_timeout = before.timed_out_until
                     ^^^^^^^^^^^^^^^^^^^^^^
AttributeError: 'Member' object has no attribute 'timed_out_until'
Ignoring exception in on_member_update
Traceback (most recent call last):
  File "/usr/local/lib/python3.12/site-packages/discord/client.py", line 465, in _run_event
    await coro(*args, **kwargs)
  File "/app/asu_discord/cogs/analytics.py", line 652, in on_member_update
    before_timeout = before.timed_out_until
                     ^^^^^^^^^^^^^^^^^^^^^^
AttributeError: 'Member' object has no attribute 'timed_out_until'
Ignoring exception in on_member_update
Traceback (most recent call last):
  File "/usr/local/lib/python3.12/site-packages/discord/client.py", line 465, in _run_event
    await coro(*args, **kwargs)
  File "/app/asu_discord/cogs/analytics.py", line 652, in on_member_update
    before_timeout = before.timed_out_until
                     ^^^^^^^^^^^^^^^^^^^^^^
AttributeError: 'Member' object has no attribute 'timed_out_until'
INFO:asu_discord.cogs.verification:Saved 4 roles to database for user akoundi1@asu.edu (Discord ID: 804389738722623558)
INFO:asu_discord.cogs.verification:Refreshed Salesforce roles for Discord user 804389738722623558: -4/+4 roles, assigned=[First Year, International Student, Ira A. Fulton Schools of Engineering, Tempe]
Ignoring exception in on_member_update
Traceback (most recent call last):
  File "/usr/local/lib/python3.12/site-packages/discord/client.py", line 465, in _run_event
    await coro(*args, **kwargs)
  File "/app/asu_discord/cogs/analytics.py", line 652, in on_member_update
    before_timeout = before.timed_out_until
                     ^^^^^^^^^^^^^^^^^^^^^^
AttributeError: 'Member' object has no attribute 'timed_out_until'
Ignoring exception in on_member_update
Traceback (most recent call last):
  File "/usr/local/lib/python3.12/site-packages/discord/client.py", line 465, in _run_event
    await coro(*args, **kwargs)
  File "/app/asu_discord/cogs/analytics.py", line 652, in on_member_update
    before_timeout = before.timed_out_until
                     ^^^^^^^^^^^^^^^^^^^^^^
AttributeError: 'Member' object has no attribute 'timed_out_until'
Ignoring exception in on_member_update
Traceback (most recent call last):
  File "/usr/local/lib/python3.12/site-packages/discord/client.py", line 465, in _run_event
    await coro(*args, **kwargs)
  File "/app/asu_discord/cogs/analytics.py", line 652, in on_member_update
    before_timeout = before.timed_out_until
                     ^^^^^^^^^^^^^^^^^^^^^^
AttributeError: 'Member' object has no attribute 'timed_out_until'
Ignoring exception in on_member_update
Traceback (most recent call last):
  File "/usr/local/lib/python3.12/site-packages/discord/client.py", line 465, in _run_event
    await coro(*args, **kwargs)
  File "/app/asu_discord/cogs/analytics.py", line 652, in on_member_update
    before_timeout = before.timed_out_until
                     ^^^^^^^^^^^^^^^^^^^^^^
AttributeError: 'Member' object has no attribute 'timed_out_until'
Ignoring exception in on_member_update
Traceback (most recent call last):
  File "/usr/local/lib/python3.12/site-packages/discord/client.py", line 465, in _run_event
    await coro(*args, **kwargs)
  File "/app/asu_discord/cogs/analytics.py", line 652, in on_member_update
    before_timeout = before.timed_out_until
                     ^^^^^^^^^^^^^^^^^^^^^^
AttributeError: 'Member' object has no attribute 'timed_out_until'
Ignoring exception in on_member_update
Traceback (most recent call last):
  File "/usr/local/lib/python3.12/site-packages/discord/client.py", line 465, in _run_event
    await coro(*args, **kwargs)
  File "/app/asu_discord/cogs/analytics.py", line 652, in on_member_update
    before_timeout = before.timed_out_until
                     ^^^^^^^^^^^^^^^^^^^^^^
AttributeError: 'Member' object has no attribute 'timed_out_until'
Ignoring exception in on_member_update
Traceback (most recent call last):
  File "/usr/local/lib/python3.12/site-packages/discord/client.py", line 465, in _run_event
    await coro(*args, **kwargs)
  File "/app/asu_discord/cogs/analytics.py", line 652, in on_member_update
    before_timeout = before.timed_out_until
                     ^^^^^^^^^^^^^^^^^^^^^^
AttributeError: 'Member' object has no attribute 'timed_out_until'
Ignoring exception in on_member_update
Traceback (most recent call last):
  File "/usr/local/lib/python3.12/site-packages/discord/client.py", line 465, in _run_event
    await coro(*args, **kwargs)
  File "/app/asu_discord/cogs/analytics.py", line 652, in on_member_update
    before_timeout = before.timed_out_until
                     ^^^^^^^^^^^^^^^^^^^^^^
AttributeError: 'Member' object has no attribute 'timed_out_until'
Ignoring exception in on_member_update
Traceback (most recent call last):
  File "/usr/local/lib/python3.12/site-packages/discord/client.py", line 465, in _run_event
    await coro(*args, **kwargs)
  File "/app/asu_discord/cogs/analytics.py", line 652, in on_member_update
    before_timeout = before.timed_out_until
                     ^^^^^^^^^^^^^^^^^^^^^^
AttributeError: 'Member' object has no attribute 'timed_out_until'
Ignoring exception in on_member_update
Traceback (most recent call last):
  File "/usr/local/lib/python3.12/site-packages/discord/client.py", line 465, in _run_event
    await coro(*args, **kwargs)
  File "/app/asu_discord/cogs/analytics.py", line 652, in on_member_update
    before_timeout = before.timed_out_until
                     ^^^^^^^^^^^^^^^^^^^^^^
AttributeError: 'Member' object has no attribute 'timed_out_until'
Ignoring exception in on_member_update
Traceback (most recent call last):
  File "/usr/local/lib/python3.12/site-packages/discord/client.py", line 465, in _run_event
    await coro(*args, **kwargs)
  File "/app/asu_discord/cogs/analytics.py", line 652, in on_member_update
    before_timeout = before.timed_out_until
                     ^^^^^^^^^^^^^^^^^^^^^^
AttributeError: 'Member' object has no attribute 'timed_out_until'
Ignoring exception in on_member_update
Traceback (most recent call last):
  File "/usr/local/lib/python3.12/site-packages/discord/client.py", line 465, in _run_event
    await coro(*args, **kwargs)
  File "/app/asu_discord/cogs/analytics.py", line 652, in on_member_update
    before_timeout = before.timed_out_until
                     ^^^^^^^^^^^^^^^^^^^^^^
AttributeError: 'Member' object has no attribute 'timed_out_until'
INFO:asu_discord.cogs.verification:Saved 6 roles to database for user kpulleti@asu.edu (Discord ID: 413149936822124545)
INFO:asu_discord.cogs.verification:Refreshed Salesforce roles for Discord user 413149936822124545: -6/+6 roles, assigned=[Arizona Resident, Commited, First Year, Tempe, Upperclassmen, W.P. Carey School of Business]
Ignoring exception in on_member_update
Traceback (most recent call last):
  File "/usr/local/lib/python3.12/site-packages/discord/client.py", line 465, in _run_event
    await coro(*args, **kwargs)
  File "/app/asu_discord/cogs/analytics.py", line 652, in on_member_update
    before_timeout = before.timed_out_until
                     ^^^^^^^^^^^^^^^^^^^^^^
AttributeError: 'Member' object has no attribute 'timed_out_until'
Ignoring exception in on_member_update
Traceback (most recent call last):
  File "/usr/local/lib/python3.12/site-packages/discord/client.py", line 465, in _run_event
    await coro(*args, **kwargs)
  File "/app/asu_discord/cogs/analytics.py", line 652, in on_member_update
    before_timeout = before.timed_out_until
                     ^^^^^^^^^^^^^^^^^^^^^^
AttributeError: 'Member' object has no attribute 'timed_out_until'
Ignoring exception in on_member_update
Traceback (most recent call last):
  File "/usr/local/lib/python3.12/site-packages/discord/client.py", line 465, in _run_event
    await coro(*args, **kwargs)
  File "/app/asu_discord/cogs/analytics.py", line 652, in on_member_update
    before_timeout = before.timed_out_until
                     ^^^^^^^^^^^^^^^^^^^^^^
AttributeError: 'Member' object has no attribute 'timed_out_until'
Ignoring exception in on_member_update
Traceback (most recent call last):
  File "/usr/local/lib/python3.12/site-packages/discord/client.py", line 465, in _run_event
    await coro(*args, **kwargs)
  File "/app/asu_discord/cogs/analytics.py", line 652, in on_member_update
    before_timeout = before.timed_out_until
                     ^^^^^^^^^^^^^^^^^^^^^^
AttributeError: 'Member' object has no attribute 'timed_out_until'
Ignoring exception in on_member_update
Traceback (most recent call last):
  File "/usr/local/lib/python3.12/site-packages/discord/client.py", line 465, in _run_event
    await coro(*args, **kwargs)
  File "/app/asu_discord/cogs/analytics.py", line 652, in on_member_update
    before_timeout = before.timed_out_until
                     ^^^^^^^^^^^^^^^^^^^^^^
AttributeError: 'Member' object has no attribute 'timed_out_until'
Ignoring exception in on_member_update
Traceback (most recent call last):
  File "/usr/local/lib/python3.12/site-packages/discord/client.py", line 465, in _run_event
    await coro(*args, **kwargs)
  File "/app/asu_discord/cogs/analytics.py", line 652, in on_member_update
    before_timeout = before.timed_out_until
                     ^^^^^^^^^^^^^^^^^^^^^^
AttributeError: 'Member' object has no attribute 'timed_out_until'
Ignoring exception in on_member_update
Traceback (most recent call last):
  File "/usr/local/lib/python3.12/site-packages/discord/client.py", line 465, in _run_event
    await coro(*args, **kwargs)
  File "/app/asu_discord/cogs/analytics.py", line 652, in on_member_update
    before_timeout = before.timed_out_until
                     ^^^^^^^^^^^^^^^^^^^^^^
AttributeError: 'Member' object has no attribute 'timed_out_until'
Ignoring exception in on_member_update
Traceback (most recent call last):
  File "/usr/local/lib/python3.12/site-packages/discord/client.py", line 465, in _run_event
    await coro(*args, **kwargs)
  File "/app/asu_discord/cogs/analytics.py", line 652, in on_member_update
    before_timeout = before.timed_out_until
                     ^^^^^^^^^^^^^^^^^^^^^^
AttributeError: 'Member' object has no attribute 'timed_out_until'
Ignoring exception in on_member_update
Traceback (most recent call last):
  File "/usr/local/lib/python3.12/site-packages/discord/client.py", line 465, in _run_event
    await coro(*args, **kwargs)
  File "/app/asu_discord/cogs/analytics.py", line 652, in on_member_update
    before_timeout = before.timed_out_until
                     ^^^^^^^^^^^^^^^^^^^^^^
AttributeError: 'Member' object has no attribute 'timed_out_until'
Ignoring exception in on_member_update
Traceback (most recent call last):
  File "/usr/local/lib/python3.12/site-packages/discord/client.py", line 465, in _run_event
    await coro(*args, **kwargs)
  File "/app/asu_discord/cogs/analytics.py", line 652, in on_member_update
    before_timeout = before.timed_out_until
                     ^^^^^^^^^^^^^^^^^^^^^^
AttributeError: 'Member' object has no attribute 'timed_out_until'
ERROR:cron.jobs:refresh_salesforce_roles: failed for rsorokou (Discord ID 569649711707848732): Timed out refresh Salesforce-based roles
ERROR:cron.jobs:refresh_salesforce_roles: failed for sjteets (Discord ID 570373493544452107): Failed to refresh Salesforce-based roles: Discord user 570373493544452107 is not a member of the guild
Ignoring exception in on_member_update
Traceback (most recent call last):
  File "/usr/local/lib/python3.12/site-packages/discord/client.py", line 465, in _run_event
    await coro(*args, **kwargs)
  File "/app/asu_discord/cogs/analytics.py", line 652, in on_member_update
    before_timeout = before.timed_out_until
                     ^^^^^^^^^^^^^^^^^^^^^^
AttributeError: 'Member' object has no attribute 'timed_out_until'
Ignoring exception in on_member_update
Traceback (most recent call last):
  File "/usr/local/lib/python3.12/site-packages/discord/client.py", line 465, in _run_event
    await coro(*args, **kwargs)
  File "/app/asu_discord/cogs/analytics.py", line 652, in on_member_update
    before_timeout = before.timed_out_until
                     ^^^^^^^^^^^^^^^^^^^^^^
AttributeError: 'Member' object has no attribute 'timed_out_until'
Ignoring exception in on_member_update
Traceback (most recent call last):
  File "/usr/local/lib/python3.12/site-packages/discord/client.py", line 465, in _run_event
    await coro(*args, **kwargs)
  File "/app/asu_discord/cogs/analytics.py", line 652, in on_member_update
    before_timeout = before.timed_out_until
                     ^^^^^^^^^^^^^^^^^^^^^^
AttributeError: 'Member' object has no attribute 'timed_out_until'
Ignoring exception in on_member_update
Traceback (most recent call last):
  File "/usr/local/lib/python3.12/site-packages/discord/client.py", line 465, in _run_event
    await coro(*args, **kwargs)
  File "/app/asu_discord/cogs/analytics.py", line 652, in on_member_update
    before_timeout = before.timed_out_until
                     ^^^^^^^^^^^^^^^^^^^^^^
AttributeError: 'Member' object has no attribute 'timed_out_until'
Ignoring exception in on_member_update
Traceback (most recent call last):
  File "/usr/local/lib/python3.12/site-packages/discord/client.py", line 465, in _run_event
    await coro(*args, **kwargs)
  File "/app/asu_discord/cogs/analytics.py", line 652, in on_member_update
    before_timeout = before.timed_out_until
                     ^^^^^^^^^^^^^^^^^^^^^^
AttributeError: 'Member' object has no attribute 'timed_out_until'
Ignoring exception in on_member_update
Traceback (most recent call last):
  File "/usr/local/lib/python3.12/site-packages/discord/client.py", line 465, in _run_event
    await coro(*args, **kwargs)
  File "/app/asu_discord/cogs/analytics.py", line 652, in on_member_update
    before_timeout = before.timed_out_until
                     ^^^^^^^^^^^^^^^^^^^^^^
AttributeError: 'Member' object has no attribute 'timed_out_until'
Ignoring exception in on_member_update
Traceback (most recent call last):
  File "/usr/local/lib/python3.12/site-packages/discord/client.py", line 465, in _run_event
    await coro(*args, **kwargs)
  File "/app/asu_discord/cogs/analytics.py", line 652, in on_member_update
    before_timeout = before.timed_out_until
                     ^^^^^^^^^^^^^^^^^^^^^^
AttributeError: 'Member' object has no attribute 'timed_out_until'
Ignoring exception in on_member_update
Traceback (most recent call last):
  File "/usr/local/lib/python3.12/site-packages/discord/client.py", line 465, in _run_event
    await coro(*args, **kwargs)
  File "/app/asu_discord/cogs/analytics.py", line 652, in on_member_update
    before_timeout = before.timed_out_until
                     ^^^^^^^^^^^^^^^^^^^^^^
AttributeError: 'Member' object has no attribute 'timed_out_until'
Ignoring exception in on_member_update
Traceback (most recent call last):
  File "/usr/local/lib/python3.12/site-packages/discord/client.py", line 465, in _run_event
    await coro(*args, **kwargs)
  File "/app/asu_discord/cogs/analytics.py", line 652, in on_member_update
    before_timeout = before.timed_out_until
                     ^^^^^^^^^^^^^^^^^^^^^^
AttributeError: 'Member' object has no attribute 'timed_out_until'
Ignoring exception in on_member_update
Traceback (most recent call last):
  File "/usr/local/lib/python3.12/site-packages/discord/client.py", line 465, in _run_event
    await coro(*args, **kwargs)
  File "/app/asu_discord/cogs/analytics.py", line 652, in on_member_update
    before_timeout = before.timed_out_until
                     ^^^^^^^^^^^^^^^^^^^^^^
AttributeError: 'Member' object has no attribute 'timed_out_until'
INFO:asu_discord.cogs.verification:Saved 5 roles to database for user bjjohn41@asu.edu (Discord ID: 569158759713210381)
INFO:asu_discord.cogs.verification:Refreshed Salesforce roles for Discord user 569158759713210381: -5/+5 roles, assigned=[Arizona Resident, Commited, Graduate Student, Ira A. Fulton Schools of Engineering, Tempe]
Ignoring exception in on_member_update
Traceback (most recent call last):
  File "/usr/local/lib/python3.12/site-packages/discord/client.py", line 465, in _run_event
    await coro(*args, **kwargs)
  File "/app/asu_discord/cogs/analytics.py", line 652, in on_member_update
    before_timeout = before.timed_out_until
                     ^^^^^^^^^^^^^^^^^^^^^^
AttributeError: 'Member' object has no attribute 'timed_out_until'
Ignoring exception in on_member_update
Traceback (most recent call last):
  File "/usr/local/lib/python3.12/site-packages/discord/client.py", line 465, in _run_event
    await coro(*args, **kwargs)
  File "/app/asu_discord/cogs/analytics.py", line 652, in on_member_update
    before_timeout = before.timed_out_until
                     ^^^^^^^^^^^^^^^^^^^^^^
AttributeError: 'Member' object has no attribute 'timed_out_until'
Ignoring exception in on_member_update
Traceback (most recent call last):
  File "/usr/local/lib/python3.12/site-packages/discord/client.py", line 465, in _run_event
    await coro(*args, **kwargs)
  File "/app/asu_discord/cogs/analytics.py", line 652, in on_member_update
    before_timeout = before.timed_out_until
                     ^^^^^^^^^^^^^^^^^^^^^^
AttributeError: 'Member' object has no attribute 'timed_out_until'
Ignoring exception in on_member_update
Traceback (most recent call last):
  File "/usr/local/lib/python3.12/site-packages/discord/client.py", line 465, in _run_event
    await coro(*args, **kwargs)
  File "/app/asu_discord/cogs/analytics.py", line 652, in on_member_update
    before_timeout = before.timed_out_until
                     ^^^^^^^^^^^^^^^^^^^^^^
AttributeError: 'Member' object has no attribute 'timed_out_until'
Ignoring exception in on_member_update
Traceback (most recent call last):
  File "/usr/local/lib/python3.12/site-packages/discord/client.py", line 465, in _run_event
    await coro(*args, **kwargs)
  File "/app/asu_discord/cogs/analytics.py", line 652, in on_member_update
    before_timeout = before.timed_out_until
                     ^^^^^^^^^^^^^^^^^^^^^^
AttributeError: 'Member' object has no attribute 'timed_out_until'
Ignoring exception in on_member_update
Traceback (most recent call last):
  File "/usr/local/lib/python3.12/site-packages/discord/client.py", line 465, in _run_event
    await coro(*args, **kwargs)
  File "/app/asu_discord/cogs/analytics.py", line 652, in on_member_update
    before_timeout = before.timed_out_until
                     ^^^^^^^^^^^^^^^^^^^^^^
AttributeError: 'Member' object has no attribute 'timed_out_until'
Ignoring exception in on_member_update
Traceback (most recent call last):
  File "/usr/local/lib/python3.12/site-packages/discord/client.py", line 465, in _run_event
    await coro(*args, **kwargs)
  File "/app/asu_discord/cogs/analytics.py", line 652, in on_member_update
    before_timeout = before.timed_out_until
                     ^^^^^^^^^^^^^^^^^^^^^^
AttributeError: 'Member' object has no attribute 'timed_out_until'
Ignoring exception in on_member_update
Traceback (most recent call last):
  File "/usr/local/lib/python3.12/site-packages/discord/client.py", line 465, in _run_event
    await coro(*args, **kwargs)
  File "/app/asu_discord/cogs/analytics.py", line 652, in on_member_update
    before_timeout = before.timed_out_until
                     ^^^^^^^^^^^^^^^^^^^^^^
AttributeError: 'Member' object has no attribute 'timed_out_until'
Ignoring exception in on_member_update
Traceback (most recent call last):
  File "/usr/local/lib/python3.12/site-packages/discord/client.py", line 465, in _run_event
    await coro(*args, **kwargs)
  File "/app/asu_discord/cogs/analytics.py", line 652, in on_member_update
    before_timeout = before.timed_out_until
                     ^^^^^^^^^^^^^^^^^^^^^^
AttributeError: 'Member' object has no attribute 'timed_out_until'
Ignoring exception in on_member_update
Traceback (most recent call last):
  File "/usr/local/lib/python3.12/site-packages/discord/client.py", line 465, in _run_event
    await coro(*args, **kwargs)
  File "/app/asu_discord/cogs/analytics.py", line 652, in on_member_update
    before_timeout = before.timed_out_until
                     ^^^^^^^^^^^^^^^^^^^^^^
AttributeError: 'Member' object has no attribute 'timed_out_until'
ERROR:cron.jobs:refresh_salesforce_roles: failed for cajoh121 (Discord ID 717168793822167050): Timed out refresh Salesforce-based roles
Ignoring exception in on_member_update
Traceback (most recent call last):
  File "/usr/local/lib/python3.12/site-packages/discord/client.py", line 465, in _run_event
    await coro(*args, **kwargs)
  File "/app/asu_discord/cogs/analytics.py", line 652, in on_member_update
    before_timeout = before.timed_out_until
                     ^^^^^^^^^^^^^^^^^^^^^^
AttributeError: 'Member' object has no attribute 'timed_out_until'
Ignoring exception in on_member_update
Traceback (most recent call last):
  File "/usr/local/lib/python3.12/site-packages/discord/client.py", line 465, in _run_event
    await coro(*args, **kwargs)
  File "/app/asu_discord/cogs/analytics.py", line 652, in on_member_update
    before_timeout = before.timed_out_until
                     ^^^^^^^^^^^^^^^^^^^^^^
AttributeError: 'Member' object has no attribute 'timed_out_until'
Ignoring exception in on_member_update
Traceback (most recent call last):
  File "/usr/local/lib/python3.12/site-packages/discord/client.py", line 465, in _run_event
    await coro(*args, **kwargs)
  File "/app/asu_discord/cogs/analytics.py", line 652, in on_member_update
    before_timeout = before.timed_out_until
                     ^^^^^^^^^^^^^^^^^^^^^^
AttributeError: 'Member' object has no attribute 'timed_out_until'
Ignoring exception in on_member_update
Traceback (most recent call last):
  File "/usr/local/lib/python3.12/site-packages/discord/client.py", line 465, in _run_event
    await coro(*args, **kwargs)
  File "/app/asu_discord/cogs/analytics.py", line 652, in on_member_update
    before_timeout = before.timed_out_until
                     ^^^^^^^^^^^^^^^^^^^^^^
AttributeError: 'Member' object has no attribute 'timed_out_until'
Ignoring exception in on_member_update
Traceback (most recent call last):
  File "/usr/local/lib/python3.12/site-packages/discord/client.py", line 465, in _run_event
    await coro(*args, **kwargs)
  File "/app/asu_discord/cogs/analytics.py", line 652, in on_member_update
    before_timeout = before.timed_out_until
                     ^^^^^^^^^^^^^^^^^^^^^^
AttributeError: 'Member' object has no attribute 'timed_out_until'
Ignoring exception in on_member_update
Traceback (most recent call last):
  File "/usr/local/lib/python3.12/site-packages/discord/client.py", line 465, in _run_event
    await coro(*args, **kwargs)
  File "/app/asu_discord/cogs/analytics.py", line 652, in on_member_update
    before_timeout = before.timed_out_until
                     ^^^^^^^^^^^^^^^^^^^^^^
AttributeError: 'Member' object has no attribute 'timed_out_until'
Ignoring exception in on_member_update
Traceback (most recent call last):
  File "/usr/local/lib/python3.12/site-packages/discord/client.py", line 465, in _run_event
    await coro(*args, **kwargs)
  File "/app/asu_discord/cogs/analytics.py", line 652, in on_member_update
    before_timeout = before.timed_out_until
                     ^^^^^^^^^^^^^^^^^^^^^^
AttributeError: 'Member' object has no attribute 'timed_out_until'
Ignoring exception in on_member_update
Traceback (most recent call last):
  File "/usr/local/lib/python3.12/site-packages/discord/client.py", line 465, in _run_event
    await coro(*args, **kwargs)
  File "/app/asu_discord/cogs/analytics.py", line 652, in on_member_update
    before_timeout = before.timed_out_until
                     ^^^^^^^^^^^^^^^^^^^^^^
AttributeError: 'Member' object has no attribute 'timed_out_until'
Ignoring exception in on_member_update
Traceback (most recent call last):
  File "/usr/local/lib/python3.12/site-packages/discord/client.py", line 465, in _run_event
    await coro(*args, **kwargs)
  File "/app/asu_discord/cogs/analytics.py", line 652, in on_member_update
    before_timeout = before.timed_out_until
                     ^^^^^^^^^^^^^^^^^^^^^^
AttributeError: 'Member' object has no attribute 'timed_out_until'
Ignoring exception in on_member_update
Traceback (most recent call last):
  File "/usr/local/lib/python3.12/site-packages/discord/client.py", line 465, in _run_event
    await coro(*args, **kwargs)
  File "/app/asu_discord/cogs/analytics.py", line 652, in on_member_update
    before_timeout = before.timed_out_until
                     ^^^^^^^^^^^^^^^^^^^^^^
AttributeError: 'Member' object has no attribute 'timed_out_until'
ERROR:cron.jobs:refresh_salesforce_roles: failed for cdaneshk (Discord ID 538925377704427530): Timed out refresh Salesforce-based roles
Ignoring exception in on_member_update
Traceback (most recent call last):
  File "/usr/local/lib/python3.12/site-packages/discord/client.py", line 465, in _run_event
    await coro(*args, **kwargs)
  File "/app/asu_discord/cogs/analytics.py", line 652, in on_member_update
    before_timeout = before.timed_out_until
                     ^^^^^^^^^^^^^^^^^^^^^^
AttributeError: 'Member' object has no attribute 'timed_out_until'
Ignoring exception in on_member_update
Traceback (most recent call last):
  File "/usr/local/lib/python3.12/site-packages/discord/client.py", line 465, in _run_event
    await coro(*args, **kwargs)
  File "/app/asu_discord/cogs/analytics.py", line 652, in on_member_update
    before_timeout = before.timed_out_until
                     ^^^^^^^^^^^^^^^^^^^^^^
AttributeError: 'Member' object has no attribute 'timed_out_until'
Ignoring exception in on_member_update
Traceback (most recent call last):
  File "/usr/local/lib/python3.12/site-packages/discord/client.py", line 465, in _run_event
    await coro(*args, **kwargs)
  File "/app/asu_discord/cogs/analytics.py", line 652, in on_member_update
    before_timeout = before.timed_out_until
                     ^^^^^^^^^^^^^^^^^^^^^^
AttributeError: 'Member' object has no attribute 'timed_out_until'
Ignoring exception in on_member_update
Traceback (most recent call last):
  File "/usr/local/lib/python3.12/site-packages/discord/client.py", line 465, in _run_event
    await coro(*args, **kwargs)
  File "/app/asu_discord/cogs/analytics.py", line 652, in on_member_update
    before_timeout = before.timed_out_until
                     ^^^^^^^^^^^^^^^^^^^^^^
AttributeError: 'Member' object has no attribute 'timed_out_until'
Ignoring exception in on_member_update
Traceback (most recent call last):
  File "/usr/local/lib/python3.12/site-packages/discord/client.py", line 465, in _run_event
    await coro(*args, **kwargs)
  File "/app/asu_discord/cogs/analytics.py", line 652, in on_member_update
    before_timeout = before.timed_out_until
                     ^^^^^^^^^^^^^^^^^^^^^^
AttributeError: 'Member' object has no attribute 'timed_out_until'
Ignoring exception in on_member_update
Traceback (most recent call last):
  File "/usr/local/lib/python3.12/site-packages/discord/client.py", line 465, in _run_event
    await coro(*args, **kwargs)
  File "/app/asu_discord/cogs/analytics.py", line 652, in on_member_update
    before_timeout = before.timed_out_until
                     ^^^^^^^^^^^^^^^^^^^^^^
AttributeError: 'Member' object has no attribute 'timed_out_until'
Ignoring exception in on_member_update
Traceback (most recent call last):
  File "/usr/local/lib/python3.12/site-packages/discord/client.py", line 465, in _run_event
    await coro(*args, **kwargs)
  File "/app/asu_discord/cogs/analytics.py", line 652, in on_member_update
    before_timeout = before.timed_out_until
                     ^^^^^^^^^^^^^^^^^^^^^^
AttributeError: 'Member' object has no attribute 'timed_out_until'
Ignoring exception in on_member_update
Traceback (most recent call last):
  File "/usr/local/lib/python3.12/site-packages/discord/client.py", line 465, in _run_event
    await coro(*args, **kwargs)
  File "/app/asu_discord/cogs/analytics.py", line 652, in on_member_update
    before_timeout = before.timed_out_until
                     ^^^^^^^^^^^^^^^^^^^^^^
AttributeError: 'Member' object has no attribute 'timed_out_until'
Ignoring exception in on_member_update
Traceback (most recent call last):
  File "/usr/local/lib/python3.12/site-packages/discord/client.py", line 465, in _run_event
    await coro(*args, **kwargs)
  File "/app/asu_discord/cogs/analytics.py", line 652, in on_member_update
    before_timeout = before.timed_out_until
                     ^^^^^^^^^^^^^^^^^^^^^^
AttributeError: 'Member' object has no attribute 'timed_out_until'
Ignoring exception in on_member_update
Traceback (most recent call last):
  File "/usr/local/lib/python3.12/site-packages/discord/client.py", line 465, in _run_event
    await coro(*args, **kwargs)
  File "/app/asu_discord/cogs/analytics.py", line 652, in on_member_update
    before_timeout = before.timed_out_until
                     ^^^^^^^^^^^^^^^^^^^^^^
AttributeError: 'Member' object has no attribute 'timed_out_until'
ERROR:cron.jobs:refresh_salesforce_roles: failed for hhortega (Discord ID 765749281511833612): Timed out refresh Salesforce-based roles
Ignoring exception in on_member_update
Traceback (most recent call last):
  File "/usr/local/lib/python3.12/site-packages/discord/client.py", line 465, in _run_event
    await coro(*args, **kwargs)
  File "/app/asu_discord/cogs/analytics.py", line 652, in on_member_update
    before_timeout = before.timed_out_until
                     ^^^^^^^^^^^^^^^^^^^^^^
AttributeError: 'Member' object has no attribute 'timed_out_until'
Ignoring exception in on_member_update
Traceback (most recent call last):
  File "/usr/local/lib/python3.12/site-packages/discord/client.py", line 465, in _run_event
    await coro(*args, **kwargs)
  File "/app/asu_discord/cogs/analytics.py", line 652, in on_member_update
    before_timeout = before.timed_out_until
                     ^^^^^^^^^^^^^^^^^^^^^^
AttributeError: 'Member' object has no attribute 'timed_out_until'
Ignoring exception in on_member_update
Traceback (most recent call last):
  File "/usr/local/lib/python3.12/site-packages/discord/client.py", line 465, in _run_event
    await coro(*args, **kwargs)
  File "/app/asu_discord/cogs/analytics.py", line 652, in on_member_update
    before_timeout = before.timed_out_until
                     ^^^^^^^^^^^^^^^^^^^^^^
AttributeError: 'Member' object has no attribute 'timed_out_until'
Ignoring exception in on_member_update
Traceback (most recent call last):
  File "/usr/local/lib/python3.12/site-packages/discord/client.py", line 465, in _run_event
    await coro(*args, **kwargs)
  File "/app/asu_discord/cogs/analytics.py", line 652, in on_member_update
    before_timeout = before.timed_out_until
                     ^^^^^^^^^^^^^^^^^^^^^^
AttributeError: 'Member' object has no attribute 'timed_out_until'
Ignoring exception in on_member_update
Traceback (most recent call last):
  File "/usr/local/lib/python3.12/site-packages/discord/client.py", line 465, in _run_event
    await coro(*args, **kwargs)
  File "/app/asu_discord/cogs/analytics.py", line 652, in on_member_update
    before_timeout = before.timed_out_until
                     ^^^^^^^^^^^^^^^^^^^^^^
AttributeError: 'Member' object has no attribute 'timed_out_until'
Ignoring exception in on_member_update
Traceback (most recent call last):
  File "/usr/local/lib/python3.12/site-packages/discord/client.py", line 465, in _run_event
    await coro(*args, **kwargs)
  File "/app/asu_discord/cogs/analytics.py", line 652, in on_member_update
    before_timeout = before.timed_out_until
                     ^^^^^^^^^^^^^^^^^^^^^^
AttributeError: 'Member' object has no attribute 'timed_out_until'
Ignoring exception in on_member_update
Traceback (most recent call last):
  File "/usr/local/lib/python3.12/site-packages/discord/client.py", line 465, in _run_event
    await coro(*args, **kwargs)
  File "/app/asu_discord/cogs/analytics.py", line 652, in on_member_update
    before_timeout = before.timed_out_until
                     ^^^^^^^^^^^^^^^^^^^^^^
AttributeError: 'Member' object has no attribute 'timed_out_until'
Ignoring exception in on_member_update
Traceback (most recent call last):
  File "/usr/local/lib/python3.12/site-packages/discord/client.py", line 465, in _run_event
    await coro(*args, **kwargs)
  File "/app/asu_discord/cogs/analytics.py", line 652, in on_member_update
    before_timeout = before.timed_out_until
                     ^^^^^^^^^^^^^^^^^^^^^^
AttributeError: 'Member' object has no attribute 'timed_out_until'
Ignoring exception in on_member_update
Traceback (most recent call last):
  File "/usr/local/lib/python3.12/site-packages/discord/client.py", line 465, in _run_event
    await coro(*args, **kwargs)
  File "/app/asu_discord/cogs/analytics.py", line 652, in on_member_update
    before_timeout = before.timed_out_until
                     ^^^^^^^^^^^^^^^^^^^^^^
AttributeError: 'Member' object has no attribute 'timed_out_until'
Ignoring exception in on_member_update
Traceback (most recent call last):
  File "/usr/local/lib/python3.12/site-packages/discord/client.py", line 465, in _run_event
    await coro(*args, **kwargs)
  File "/app/asu_discord/cogs/analytics.py", line 652, in on_member_update
    before_timeout = before.timed_out_until
                     ^^^^^^^^^^^^^^^^^^^^^^
AttributeError: 'Member' object has no attribute 'timed_out_until'
INFO:asu_discord.cogs.verification:Saved 5 roles to database for user tramir28@asu.edu (Discord ID: 760562804683440230)
INFO:asu_discord.cogs.verification:Refreshed Salesforce roles for Discord user 760562804683440230: -5/+5 roles, assigned=[Arizona Resident, College of Liberal Arts and Sciences, First Year, Tempe, Upperclassmen]
Ignoring exception in on_member_update
Traceback (most recent call last):
  File "/usr/local/lib/python3.12/site-packages/discord/client.py", line 465, in _run_event
    await coro(*args, **kwargs)
  File "/app/asu_discord/cogs/analytics.py", line 652, in on_member_update
    before_timeout = before.timed_out_until
                     ^^^^^^^^^^^^^^^^^^^^^^
AttributeError: 'Member' object has no attribute 'timed_out_until'
Ignoring exception in on_member_update
Traceback (most recent call last):
  File "/usr/local/lib/python3.12/site-packages/discord/client.py", line 465, in _run_event
    await coro(*args, **kwargs)
  File "/app/asu_discord/cogs/analytics.py", line 652, in on_member_update
    before_timeout = before.timed_out_until
                     ^^^^^^^^^^^^^^^^^^^^^^
AttributeError: 'Member' object has no attribute 'timed_out_until'
Ignoring exception in on_member_update
Traceback (most recent call last):
  File "/usr/local/lib/python3.12/site-packages/discord/client.py", line 465, in _run_event
    await coro(*args, **kwargs)
  File "/app/asu_discord/cogs/analytics.py", line 652, in on_member_update
    before_timeout = before.timed_out_until
                     ^^^^^^^^^^^^^^^^^^^^^^
AttributeError: 'Member' object has no attribute 'timed_out_until'
Ignoring exception in on_member_update
Traceback (most recent call last):
  File "/usr/local/lib/python3.12/site-packages/discord/client.py", line 465, in _run_event
    await coro(*args, **kwargs)
  File "/app/asu_discord/cogs/analytics.py", line 652, in on_member_update
    before_timeout = before.timed_out_until
                     ^^^^^^^^^^^^^^^^^^^^^^
AttributeError: 'Member' object has no attribute 'timed_out_until'
Ignoring exception in on_member_update
Traceback (most recent call last):
  File "/usr/local/lib/python3.12/site-packages/discord/client.py", line 465, in _run_event
    await coro(*args, **kwargs)
  File "/app/asu_discord/cogs/analytics.py", line 652, in on_member_update
    before_timeout = before.timed_out_until
                     ^^^^^^^^^^^^^^^^^^^^^^
AttributeError: 'Member' object has no attribute 'timed_out_until'
Ignoring exception in on_member_update
Traceback (most recent call last):
  File "/usr/local/lib/python3.12/site-packages/discord/client.py", line 465, in _run_event
    await coro(*args, **kwargs)
  File "/app/asu_discord/cogs/analytics.py", line 652, in on_member_update
    before_timeout = before.timed_out_until
                     ^^^^^^^^^^^^^^^^^^^^^^
AttributeError: 'Member' object has no attribute 'timed_out_until'
INFO:asu_discord.cogs.verification:Saved 6 roles to database for user pbalemar@asu.edu (Discord ID: 540519455755730955)
INFO:asu_discord.cogs.verification:Refreshed Salesforce roles for Discord user 540519455755730955: -0/+6 roles, assigned=[Arizona Resident, Commited, First Year, Tempe, Upperclassmen, W.P. Carey School of Business]
Ignoring exception in on_member_update
Traceback (most recent call last):
  File "/usr/local/lib/python3.12/site-packages/discord/client.py", line 465, in _run_event
    await coro(*args, **kwargs)
  File "/app/asu_discord/cogs/analytics.py", line 652, in on_member_update
    before_timeout = before.timed_out_until
                     ^^^^^^^^^^^^^^^^^^^^^^
AttributeError: 'Member' object has no attribute 'timed_out_until'
Ignoring exception in on_member_update
Traceback (most recent call last):
  File "/usr/local/lib/python3.12/site-packages/discord/client.py", line 465, in _run_event
    await coro(*args, **kwargs)
  File "/app/asu_discord/cogs/analytics.py", line 652, in on_member_update
    before_timeout = before.timed_out_until
                     ^^^^^^^^^^^^^^^^^^^^^^
AttributeError: 'Member' object has no attribute 'timed_out_until'
Ignoring exception in on_member_update
Traceback (most recent call last):
  File "/usr/local/lib/python3.12/site-packages/discord/client.py", line 465, in _run_event
    await coro(*args, **kwargs)
  File "/app/asu_discord/cogs/analytics.py", line 652, in on_member_update
    before_timeout = before.timed_out_until
                     ^^^^^^^^^^^^^^^^^^^^^^
AttributeError: 'Member' object has no attribute 'timed_out_until'
Ignoring exception in on_member_update
Traceback (most recent call last):
  File "/usr/local/lib/python3.12/site-packages/discord/client.py", line 465, in _run_event
    await coro(*args, **kwargs)
  File "/app/asu_discord/cogs/analytics.py", line 652, in on_member_update
    before_timeout = before.timed_out_until
                     ^^^^^^^^^^^^^^^^^^^^^^
AttributeError: 'Member' object has no attribute 'timed_out_until'
Ignoring exception in on_member_update
Traceback (most recent call last):
  File "/usr/local/lib/python3.12/site-packages/discord/client.py", line 465, in _run_event
    await coro(*args, **kwargs)
  File "/app/asu_discord/cogs/analytics.py", line 652, in on_member_update
    before_timeout = before.timed_out_until
                     ^^^^^^^^^^^^^^^^^^^^^^
AttributeError: 'Member' object has no attribute 'timed_out_until'
Ignoring exception in on_member_update
Traceback (most recent call last):
  File "/usr/local/lib/python3.12/site-packages/discord/client.py", line 465, in _run_event
    await coro(*args, **kwargs)
  File "/app/asu_discord/cogs/analytics.py", line 652, in on_member_update
    before_timeout = before.timed_out_until
                     ^^^^^^^^^^^^^^^^^^^^^^
AttributeError: 'Member' object has no attribute 'timed_out_until'
Ignoring exception in on_member_update
Traceback (most recent call last):
  File "/usr/local/lib/python3.12/site-packages/discord/client.py", line 465, in _run_event
    await coro(*args, **kwargs)
  File "/app/asu_discord/cogs/analytics.py", line 652, in on_member_update
    before_timeout = before.timed_out_until
                     ^^^^^^^^^^^^^^^^^^^^^^
AttributeError: 'Member' object has no attribute 'timed_out_until'
Ignoring exception in on_member_update
Traceback (most recent call last):
  File "/usr/local/lib/python3.12/site-packages/discord/client.py", line 465, in _run_event
    await coro(*args, **kwargs)
  File "/app/asu_discord/cogs/analytics.py", line 652, in on_member_update
    before_timeout = before.timed_out_until
                     ^^^^^^^^^^^^^^^^^^^^^^
AttributeError: 'Member' object has no attribute 'timed_out_until'
Ignoring exception in on_member_update
Traceback (most recent call last):
  File "/usr/local/lib/python3.12/site-packages/discord/client.py", line 465, in _run_event
    await coro(*args, **kwargs)
  File "/app/asu_discord/cogs/analytics.py", line 652, in on_member_update
    before_timeout = before.timed_out_until
                     ^^^^^^^^^^^^^^^^^^^^^^
AttributeError: 'Member' object has no attribute 'timed_out_until'
INFO:asu_discord.cogs.verification:Saved 5 roles to database for user icobos@asu.edu (Discord ID: 488405069268779019)
INFO:asu_discord.cogs.verification:Refreshed Salesforce roles for Discord user 488405069268779019: -5/+4 roles, assigned=[Arizona Resident, First Year, Ira A. Fulton Schools of Engineering, Tempe, Upperclassmen]
Ignoring exception in on_member_update
Traceback (most recent call last):
  File "/usr/local/lib/python3.12/site-packages/discord/client.py", line 465, in _run_event
    await coro(*args, **kwargs)
  File "/app/asu_discord/cogs/analytics.py", line 652, in on_member_update
    before_timeout = before.timed_out_until
                     ^^^^^^^^^^^^^^^^^^^^^^
AttributeError: 'Member' object has no attribute 'timed_out_until'
Ignoring exception in on_member_update
Traceback (most recent call last):
  File "/usr/local/lib/python3.12/site-packages/discord/client.py", line 465, in _run_event
    await coro(*args, **kwargs)
  File "/app/asu_discord/cogs/analytics.py", line 652, in on_member_update
    before_timeout = before.timed_out_until
                     ^^^^^^^^^^^^^^^^^^^^^^
AttributeError: 'Member' object has no attribute 'timed_out_until'
Ignoring exception in on_member_update
Traceback (most recent call last):
  File "/usr/local/lib/python3.12/site-packages/discord/client.py", line 465, in _run_event
    await coro(*args, **kwargs)
  File "/app/asu_discord/cogs/analytics.py", line 652, in on_member_update
    before_timeout = before.timed_out_until
                     ^^^^^^^^^^^^^^^^^^^^^^
AttributeError: 'Member' object has no attribute 'timed_out_until'
Ignoring exception in on_member_update
Traceback (most recent call last):
  File "/usr/local/lib/python3.12/site-packages/discord/client.py", line 465, in _run_event
    await coro(*args, **kwargs)
  File "/app/asu_discord/cogs/analytics.py", line 652, in on_member_update
    before_timeout = before.timed_out_until
                     ^^^^^^^^^^^^^^^^^^^^^^
AttributeError: 'Member' object has no attribute 'timed_out_until'
Ignoring exception in on_member_update
Traceback (most recent call last):
  File "/usr/local/lib/python3.12/site-packages/discord/client.py", line 465, in _run_event
    await coro(*args, **kwargs)
  File "/app/asu_discord/cogs/analytics.py", line 652, in on_member_update
    before_timeout = before.timed_out_until
                     ^^^^^^^^^^^^^^^^^^^^^^
AttributeError: 'Member' object has no attribute 'timed_out_until'
Ignoring exception in on_member_update
Traceback (most recent call last):
  File "/usr/local/lib/python3.12/site-packages/discord/client.py", line 465, in _run_event
    await coro(*args, **kwargs)
  File "/app/asu_discord/cogs/analytics.py", line 652, in on_member_update
    before_timeout = before.timed_out_until
                     ^^^^^^^^^^^^^^^^^^^^^^
AttributeError: 'Member' object has no attribute 'timed_out_until'
Ignoring exception in on_member_update
Traceback (most recent call last):
  File "/usr/local/lib/python3.12/site-packages/discord/client.py", line 465, in _run_event
    await coro(*args, **kwargs)
  File "/app/asu_discord/cogs/analytics.py", line 652, in on_member_update
    before_timeout = before.timed_out_until
                     ^^^^^^^^^^^^^^^^^^^^^^
AttributeError: 'Member' object has no attribute 'timed_out_until'
Ignoring exception in on_member_update
Traceback (most recent call last):
  File "/usr/local/lib/python3.12/site-packages/discord/client.py", line 465, in _run_event
    await coro(*args, **kwargs)
  File "/app/asu_discord/cogs/analytics.py", line 652, in on_member_update
    before_timeout = before.timed_out_until
                     ^^^^^^^^^^^^^^^^^^^^^^
AttributeError: 'Member' object has no attribute 'timed_out_until'
Ignoring exception in on_member_update
Traceback (most recent call last):
  File "/usr/local/lib/python3.12/site-packages/discord/client.py", line 465, in _run_event
    await coro(*args, **kwargs)
  File "/app/asu_discord/cogs/analytics.py", line 652, in on_member_update
    before_timeout = before.timed_out_until
                     ^^^^^^^^^^^^^^^^^^^^^^
AttributeError: 'Member' object has no attribute 'timed_out_until'
Ignoring exception in on_member_update
Traceback (most recent call last):
  File "/usr/local/lib/python3.12/site-packages/discord/client.py", line 465, in _run_event
    await coro(*args, **kwargs)
  File "/app/asu_discord/cogs/analytics.py", line 652, in on_member_update
    before_timeout = before.timed_out_until
                     ^^^^^^^^^^^^^^^^^^^^^^
AttributeError: 'Member' object has no attribute 'timed_out_until'
Ignoring exception in on_member_update
Traceback (most recent call last):
  File "/usr/local/lib/python3.12/site-packages/discord/client.py", line 465, in _run_event
    await coro(*args, **kwargs)
  File "/app/asu_discord/cogs/analytics.py", line 652, in on_member_update
    before_timeout = before.timed_out_until
                     ^^^^^^^^^^^^^^^^^^^^^^
AttributeError: 'Member' object has no attribute 'timed_out_until'
INFO:asu_discord.cogs.verification:Saved 6 roles to database for user roneil11@asu.edu (Discord ID: 763837211539013733)
INFO:asu_discord.cogs.verification:Refreshed Salesforce roles for Discord user 763837211539013733: -6/+5 roles, assigned=[Commited, First Year, Out of State, Tempe, Upperclassmen, W.P. Carey School of Business]
Ignoring exception in on_member_update
Traceback (most recent call last):
  File "/usr/local/lib/python3.12/site-packages/discord/client.py", line 465, in _run_event
    await coro(*args, **kwargs)
  File "/app/asu_discord/cogs/analytics.py", line 652, in on_member_update
    before_timeout = before.timed_out_until
                     ^^^^^^^^^^^^^^^^^^^^^^
AttributeError: 'Member' object has no attribute 'timed_out_until'
Ignoring exception in on_member_update
Traceback (most recent call last):
  File "/usr/local/lib/python3.12/site-packages/discord/client.py", line 465, in _run_event
    await coro(*args, **kwargs)
  File "/app/asu_discord/cogs/analytics.py", line 652, in on_member_update
    before_timeout = before.timed_out_until
                     ^^^^^^^^^^^^^^^^^^^^^^
AttributeError: 'Member' object has no attribute 'timed_out_until'
Ignoring exception in on_member_update
Traceback (most recent call last):
  File "/usr/local/lib/python3.12/site-packages/discord/client.py", line 465, in _run_event
    await coro(*args, **kwargs)
  File "/app/asu_discord/cogs/analytics.py", line 652, in on_member_update
    before_timeout = before.timed_out_until
                     ^^^^^^^^^^^^^^^^^^^^^^
AttributeError: 'Member' object has no attribute 'timed_out_until'
Ignoring exception in on_member_update
Traceback (most recent call last):
  File "/usr/local/lib/python3.12/site-packages/discord/client.py", line 465, in _run_event
    await coro(*args, **kwargs)
  File "/app/asu_discord/cogs/analytics.py", line 652, in on_member_update
    before_timeout = before.timed_out_until
                     ^^^^^^^^^^^^^^^^^^^^^^
AttributeError: 'Member' object has no attribute 'timed_out_until'
Ignoring exception in on_member_update
Traceback (most recent call last):
  File "/usr/local/lib/python3.12/site-packages/discord/client.py", line 465, in _run_event
    await coro(*args, **kwargs)
  File "/app/asu_discord/cogs/analytics.py", line 652, in on_member_update
    before_timeout = before.timed_out_until
                     ^^^^^^^^^^^^^^^^^^^^^^
AttributeError: 'Member' object has no attribute 'timed_out_until'
Ignoring exception in on_member_update
Traceback (most recent call last):
  File "/usr/local/lib/python3.12/site-packages/discord/client.py", line 465, in _run_event
    await coro(*args, **kwargs)
  File "/app/asu_discord/cogs/analytics.py", line 652, in on_member_update
    before_timeout = before.timed_out_until
                     ^^^^^^^^^^^^^^^^^^^^^^
AttributeError: 'Member' object has no attribute 'timed_out_until'
Ignoring exception in on_member_update
Traceback (most recent call last):
  File "/usr/local/lib/python3.12/site-packages/discord/client.py", line 465, in _run_event
    await coro(*args, **kwargs)
  File "/app/asu_discord/cogs/analytics.py", line 652, in on_member_update
    before_timeout = before.timed_out_until
                     ^^^^^^^^^^^^^^^^^^^^^^
AttributeError: 'Member' object has no attribute 'timed_out_until'
Ignoring exception in on_member_update
Traceback (most recent call last):
  File "/usr/local/lib/python3.12/site-packages/discord/client.py", line 465, in _run_event
    await coro(*args, **kwargs)
  File "/app/asu_discord/cogs/analytics.py", line 652, in on_member_update
    before_timeout = before.timed_out_until
                     ^^^^^^^^^^^^^^^^^^^^^^
AttributeError: 'Member' object has no attribute 'timed_out_until'
Ignoring exception in on_member_update
Traceback (most recent call last):
  File "/usr/local/lib/python3.12/site-packages/discord/client.py", line 465, in _run_event
    await coro(*args, **kwargs)
  File "/app/asu_discord/cogs/analytics.py", line 652, in on_member_update
    before_timeout = before.timed_out_until
                     ^^^^^^^^^^^^^^^^^^^^^^
AttributeError: 'Member' object has no attribute 'timed_out_until'
Ignoring exception in on_member_update
Traceback (most recent call last):
  File "/usr/local/lib/python3.12/site-packages/discord/client.py", line 465, in _run_event
    await coro(*args, **kwargs)
  File "/app/asu_discord/cogs/analytics.py", line 652, in on_member_update
    before_timeout = before.timed_out_until
                     ^^^^^^^^^^^^^^^^^^^^^^
AttributeError: 'Member' object has no attribute 'timed_out_until'
Ignoring exception in on_member_update
Traceback (most recent call last):
  File "/usr/local/lib/python3.12/site-packages/discord/client.py", line 465, in _run_event
    await coro(*args, **kwargs)
  File "/app/asu_discord/cogs/analytics.py", line 652, in on_member_update
    before_timeout = before.timed_out_until
                     ^^^^^^^^^^^^^^^^^^^^^^
AttributeError: 'Member' object has no attribute 'timed_out_until'
Ignoring exception in on_member_update
Traceback (most recent call last):
  File "/usr/local/lib/python3.12/site-packages/discord/client.py", line 465, in _run_event
    await coro(*args, **kwargs)
  File "/app/asu_discord/cogs/analytics.py", line 652, in on_member_update
    before_timeout = before.timed_out_until
                     ^^^^^^^^^^^^^^^^^^^^^^
AttributeError: 'Member' object has no attribute 'timed_out_until'
Ignoring exception in on_member_update
Traceback (most recent call last):
  File "/usr/local/lib/python3.12/site-packages/discord/client.py", line 465, in _run_event
    await coro(*args, **kwargs)
  File "/app/asu_discord/cogs/analytics.py", line 652, in on_member_update
    before_timeout = before.timed_out_until
                     ^^^^^^^^^^^^^^^^^^^^^^
AttributeError: 'Member' object has no attribute 'timed_out_until'
Ignoring exception in on_member_update
Traceback (most recent call last):
  File "/usr/local/lib/python3.12/site-packages/discord/client.py", line 465, in _run_event
    await coro(*args, **kwargs)
  File "/app/asu_discord/cogs/analytics.py", line 652, in on_member_update
    before_timeout = before.timed_out_until
                     ^^^^^^^^^^^^^^^^^^^^^^
AttributeError: 'Member' object has no attribute 'timed_out_until'
INFO:asu_discord.cogs.verification:Saved 7 roles to database for user jjcraddo@asu.edu (Discord ID: 670036976593928246)
INFO:asu_discord.cogs.verification:Refreshed Salesforce roles for Discord user 670036976593928246: -7/+7 roles, assigned=[Arizona Resident, College of Liberal Arts and Sciences, Commited, First Generation Student, First Year, Tempe, Upperclassmen]
Ignoring exception in on_member_update
Traceback (most recent call last):
  File "/usr/local/lib/python3.12/site-packages/discord/client.py", line 465, in _run_event
    await coro(*args, **kwargs)
  File "/app/asu_discord/cogs/analytics.py", line 652, in on_member_update
    before_timeout = before.timed_out_until
                     ^^^^^^^^^^^^^^^^^^^^^^
AttributeError: 'Member' object has no attribute 'timed_out_until'
Ignoring exception in on_member_update
Traceback (most recent call last):
  File "/usr/local/lib/python3.12/site-packages/discord/client.py", line 465, in _run_event
    await coro(*args, **kwargs)
  File "/app/asu_discord/cogs/analytics.py", line 652, in on_member_update
    before_timeout = before.timed_out_until
                     ^^^^^^^^^^^^^^^^^^^^^^
AttributeError: 'Member' object has no attribute 'timed_out_until'
Ignoring exception in on_member_update
Traceback (most recent call last):
  File "/usr/local/lib/python3.12/site-packages/discord/client.py", line 465, in _run_event
    await coro(*args, **kwargs)
  File "/app/asu_discord/cogs/analytics.py", line 652, in on_member_update
    before_timeout = before.timed_out_until
                     ^^^^^^^^^^^^^^^^^^^^^^
AttributeError: 'Member' object has no attribute 'timed_out_until'
Ignoring exception in on_member_update
Traceback (most recent call last):
  File "/usr/local/lib/python3.12/site-packages/discord/client.py", line 465, in _run_event
    await coro(*args, **kwargs)
  File "/app/asu_discord/cogs/analytics.py", line 652, in on_member_update
    before_timeout = before.timed_out_until
                     ^^^^^^^^^^^^^^^^^^^^^^
AttributeError: 'Member' object has no attribute 'timed_out_until'
Ignoring exception in on_member_update
Traceback (most recent call last):
  File "/usr/local/lib/python3.12/site-packages/discord/client.py", line 465, in _run_event
    await coro(*args, **kwargs)
  File "/app/asu_discord/cogs/analytics.py", line 652, in on_member_update
    before_timeout = before.timed_out_until
                     ^^^^^^^^^^^^^^^^^^^^^^
AttributeError: 'Member' object has no attribute 'timed_out_until'
Ignoring exception in on_member_update
Traceback (most recent call last):
  File "/usr/local/lib/python3.12/site-packages/discord/client.py", line 465, in _run_event
    await coro(*args, **kwargs)
  File "/app/asu_discord/cogs/analytics.py", line 652, in on_member_update
    before_timeout = before.timed_out_until
                     ^^^^^^^^^^^^^^^^^^^^^^
AttributeError: 'Member' object has no attribute 'timed_out_until'
Ignoring exception in on_member_update
Traceback (most recent call last):
  File "/usr/local/lib/python3.12/site-packages/discord/client.py", line 465, in _run_event
    await coro(*args, **kwargs)
  File "/app/asu_discord/cogs/analytics.py", line 652, in on_member_update
    before_timeout = before.timed_out_until
                     ^^^^^^^^^^^^^^^^^^^^^^
AttributeError: 'Member' object has no attribute 'timed_out_until'
Ignoring exception in on_member_update
Traceback (most recent call last):
  File "/usr/local/lib/python3.12/site-packages/discord/client.py", line 465, in _run_event
    await coro(*args, **kwargs)
  File "/app/asu_discord/cogs/analytics.py", line 652, in on_member_update
    before_timeout = before.timed_out_until
                     ^^^^^^^^^^^^^^^^^^^^^^
AttributeError: 'Member' object has no attribute 'timed_out_until'
Ignoring exception in on_member_update
Traceback (most recent call last):
  File "/usr/local/lib/python3.12/site-packages/discord/client.py", line 465, in _run_event
    await coro(*args, **kwargs)
  File "/app/asu_discord/cogs/analytics.py", line 652, in on_member_update
    before_timeout = before.timed_out_until
                     ^^^^^^^^^^^^^^^^^^^^^^
AttributeError: 'Member' object has no attribute 'timed_out_until'
Ignoring exception in on_member_update
Traceback (most recent call last):
  File "/usr/local/lib/python3.12/site-packages/discord/client.py", line 465, in _run_event
    await coro(*args, **kwargs)
  File "/app/asu_discord/cogs/analytics.py", line 652, in on_member_update
    before_timeout = before.timed_out_until
                     ^^^^^^^^^^^^^^^^^^^^^^
AttributeError: 'Member' object has no attribute 'timed_out_until'
INFO:asu_discord.cogs.verification:Saved 6 roles to database for user mkatz124@asu.edu (Discord ID: 765654511406415904)
INFO:asu_discord.cogs.verification:Refreshed Salesforce roles for Discord user 765654511406415904: -5/+5 roles, assigned=[Arizona Resident, First Generation Student, First Year, Mary Lou Fulton Teachers College, Upperclassmen, West Valley]
Ignoring exception in on_member_update
Traceback (most recent call last):
  File "/usr/local/lib/python3.12/site-packages/discord/client.py", line 465, in _run_event
    await coro(*args, **kwargs)
  File "/app/asu_discord/cogs/analytics.py", line 652, in on_member_update
    before_timeout = before.timed_out_until
                     ^^^^^^^^^^^^^^^^^^^^^^
AttributeError: 'Member' object has no attribute 'timed_out_until'
Ignoring exception in on_member_update
Traceback (most recent call last):
  File "/usr/local/lib/python3.12/site-packages/discord/client.py", line 465, in _run_event
    await coro(*args, **kwargs)
  File "/app/asu_discord/cogs/analytics.py", line 652, in on_member_update
    before_timeout = before.timed_out_until
                     ^^^^^^^^^^^^^^^^^^^^^^
AttributeError: 'Member' object has no attribute 'timed_out_until'
Ignoring exception in on_member_update
Traceback (most recent call last):
  File "/usr/local/lib/python3.12/site-packages/discord/client.py", line 465, in _run_event
    await coro(*args, **kwargs)
  File "/app/asu_discord/cogs/analytics.py", line 652, in on_member_update
    before_timeout = before.timed_out_until
                     ^^^^^^^^^^^^^^^^^^^^^^
AttributeError: 'Member' object has no attribute 'timed_out_until'
Ignoring exception in on_member_update
Traceback (most recent call last):
  File "/usr/local/lib/python3.12/site-packages/discord/client.py", line 465, in _run_event
    await coro(*args, **kwargs)
  File "/app/asu_discord/cogs/analytics.py", line 652, in on_member_update
    before_timeout = before.timed_out_until
                     ^^^^^^^^^^^^^^^^^^^^^^
AttributeError: 'Member' object has no attribute 'timed_out_until'
Ignoring exception in on_member_update
Traceback (most recent call last):
  File "/usr/local/lib/python3.12/site-packages/discord/client.py", line 465, in _run_event
    await coro(*args, **kwargs)
  File "/app/asu_discord/cogs/analytics.py", line 652, in on_member_update
    before_timeout = before.timed_out_until
                     ^^^^^^^^^^^^^^^^^^^^^^
AttributeError: 'Member' object has no attribute 'timed_out_until'
Ignoring exception in on_member_update
Traceback (most recent call last):
  File "/usr/local/lib/python3.12/site-packages/discord/client.py", line 465, in _run_event
    await coro(*args, **kwargs)
  File "/app/asu_discord/cogs/analytics.py", line 652, in on_member_update
    before_timeout = before.timed_out_until
                     ^^^^^^^^^^^^^^^^^^^^^^
AttributeError: 'Member' object has no attribute 'timed_out_until'
Ignoring exception in on_member_update
Traceback (most recent call last):
  File "/usr/local/lib/python3.12/site-packages/discord/client.py", line 465, in _run_event
    await coro(*args, **kwargs)
  File "/app/asu_discord/cogs/analytics.py", line 652, in on_member_update
    before_timeout = before.timed_out_until
                     ^^^^^^^^^^^^^^^^^^^^^^
AttributeError: 'Member' object has no attribute 'timed_out_until'
Ignoring exception in on_member_update
Traceback (most recent call last):
  File "/usr/local/lib/python3.12/site-packages/discord/client.py", line 465, in _run_event
    await coro(*args, **kwargs)
  File "/app/asu_discord/cogs/analytics.py", line 652, in on_member_update
    before_timeout = before.timed_out_until
                     ^^^^^^^^^^^^^^^^^^^^^^
AttributeError: 'Member' object has no attribute 'timed_out_until'
Ignoring exception in on_member_update
Traceback (most recent call last):
  File "/usr/local/lib/python3.12/site-packages/discord/client.py", line 465, in _run_event
    await coro(*args, **kwargs)
  File "/app/asu_discord/cogs/analytics.py", line 652, in on_member_update
    before_timeout = before.timed_out_until
                     ^^^^^^^^^^^^^^^^^^^^^^
AttributeError: 'Member' object has no attribute 'timed_out_until'
Ignoring exception in on_member_update
Traceback (most recent call last):
  File "/usr/local/lib/python3.12/site-packages/discord/client.py", line 465, in _run_event
    await coro(*args, **kwargs)
  File "/app/asu_discord/cogs/analytics.py", line 652, in on_member_update
    before_timeout = before.timed_out_until
                     ^^^^^^^^^^^^^^^^^^^^^^
AttributeError: 'Member' object has no attribute 'timed_out_until'
ERROR:cron.jobs:refresh_salesforce_roles: failed for bsotero (Discord ID 759553958686883890): Timed out refresh Salesforce-based roles
Ignoring exception in on_member_update
Traceback (most recent call last):
  File "/usr/local/lib/python3.12/site-packages/discord/client.py", line 465, in _run_event
    await coro(*args, **kwargs)
  File "/app/asu_discord/cogs/analytics.py", line 652, in on_member_update
    before_timeout = before.timed_out_until
                     ^^^^^^^^^^^^^^^^^^^^^^
AttributeError: 'Member' object has no attribute 'timed_out_until'
Ignoring exception in on_member_update
Traceback (most recent call last):
  File "/usr/local/lib/python3.12/site-packages/discord/client.py", line 465, in _run_event
    await coro(*args, **kwargs)
  File "/app/asu_discord/cogs/analytics.py", line 652, in on_member_update
    before_timeout = before.timed_out_until
                     ^^^^^^^^^^^^^^^^^^^^^^
AttributeError: 'Member' object has no attribute 'timed_out_until'
Ignoring exception in on_member_update
Traceback (most recent call last):
  File "/usr/local/lib/python3.12/site-packages/discord/client.py", line 465, in _run_event
    await coro(*args, **kwargs)
  File "/app/asu_discord/cogs/analytics.py", line 652, in on_member_update
    before_timeout = before.timed_out_until
                     ^^^^^^^^^^^^^^^^^^^^^^
AttributeError: 'Member' object has no attribute 'timed_out_until'
Ignoring exception in on_member_update
Traceback (most recent call last):
  File "/usr/local/lib/python3.12/site-packages/discord/client.py", line 465, in _run_event
    await coro(*args, **kwargs)
  File "/app/asu_discord/cogs/analytics.py", line 652, in on_member_update
    before_timeout = before.timed_out_until
                     ^^^^^^^^^^^^^^^^^^^^^^
AttributeError: 'Member' object has no attribute 'timed_out_until'
Ignoring exception in on_member_update
Traceback (most recent call last):
  File "/usr/local/lib/python3.12/site-packages/discord/client.py", line 465, in _run_event
    await coro(*args, **kwargs)
  File "/app/asu_discord/cogs/analytics.py", line 652, in on_member_update
    before_timeout = before.timed_out_until
                     ^^^^^^^^^^^^^^^^^^^^^^
AttributeError: 'Member' object has no attribute 'timed_out_until'
Ignoring exception in on_member_update
Traceback (most recent call last):
  File "/usr/local/lib/python3.12/site-packages/discord/client.py", line 465, in _run_event
    await coro(*args, **kwargs)
  File "/app/asu_discord/cogs/analytics.py", line 652, in on_member_update
    before_timeout = before.timed_out_until
                     ^^^^^^^^^^^^^^^^^^^^^^
AttributeError: 'Member' object has no attribute 'timed_out_until'
Ignoring exception in on_member_update
Traceback (most recent call last):
  File "/usr/local/lib/python3.12/site-packages/discord/client.py", line 465, in _run_event
    await coro(*args, **kwargs)
  File "/app/asu_discord/cogs/analytics.py", line 652, in on_member_update
    before_timeout = before.timed_out_until
                     ^^^^^^^^^^^^^^^^^^^^^^
AttributeError: 'Member' object has no attribute 'timed_out_until'
Ignoring exception in on_member_update
Traceback (most recent call last):
  File "/usr/local/lib/python3.12/site-packages/discord/client.py", line 465, in _run_event
    await coro(*args, **kwargs)
  File "/app/asu_discord/cogs/analytics.py", line 652, in on_member_update
    before_timeout = before.timed_out_until
                     ^^^^^^^^^^^^^^^^^^^^^^
AttributeError: 'Member' object has no attribute 'timed_out_until'
Ignoring exception in on_member_update
Traceback (most recent call last):
  File "/usr/local/lib/python3.12/site-packages/discord/client.py", line 465, in _run_event
    await coro(*args, **kwargs)
  File "/app/asu_discord/cogs/analytics.py", line 652, in on_member_update
    before_timeout = before.timed_out_until
                     ^^^^^^^^^^^^^^^^^^^^^^
AttributeError: 'Member' object has no attribute 'timed_out_until'
Ignoring exception in on_member_update
Traceback (most recent call last):
  File "/usr/local/lib/python3.12/site-packages/discord/client.py", line 465, in _run_event
    await coro(*args, **kwargs)
  File "/app/asu_discord/cogs/analytics.py", line 652, in on_member_update
    before_timeout = before.timed_out_until
                     ^^^^^^^^^^^^^^^^^^^^^^
AttributeError: 'Member' object has no attribute 'timed_out_until'
INFO:asu_discord.cogs.verification:Saved 6 roles to database for user gwrozans@asu.edu (Discord ID: 295442358944661516)
INFO:asu_discord.cogs.verification:Refreshed Salesforce roles for Discord user 295442358944661516: -5/+5 roles, assigned=[Arizona Resident, Commited, First Year, Herberger Institute for Design and the Arts, Tempe, Upperclassmen]
Ignoring exception in on_member_update
Traceback (most recent call last):
  File "/usr/local/lib/python3.12/site-packages/discord/client.py", line 465, in _run_event
    await coro(*args, **kwargs)
  File "/app/asu_discord/cogs/analytics.py", line 652, in on_member_update
    before_timeout = before.timed_out_until
                     ^^^^^^^^^^^^^^^^^^^^^^
AttributeError: 'Member' object has no attribute 'timed_out_until'
Ignoring exception in on_member_update
Traceback (most recent call last):
  File "/usr/local/lib/python3.12/site-packages/discord/client.py", line 465, in _run_event
    await coro(*args, **kwargs)
  File "/app/asu_discord/cogs/analytics.py", line 652, in on_member_update
    before_timeout = before.timed_out_until
                     ^^^^^^^^^^^^^^^^^^^^^^
AttributeError: 'Member' object has no attribute 'timed_out_until'
Ignoring exception in on_member_update
Traceback (most recent call last):
  File "/usr/local/lib/python3.12/site-packages/discord/client.py", line 465, in _run_event
    await coro(*args, **kwargs)
  File "/app/asu_discord/cogs/analytics.py", line 652, in on_member_update
    before_timeout = before.timed_out_until
                     ^^^^^^^^^^^^^^^^^^^^^^
AttributeError: 'Member' object has no attribute 'timed_out_until'
Ignoring exception in on_member_update
Traceback (most recent call last):
  File "/usr/local/lib/python3.12/site-packages/discord/client.py", line 465, in _run_event
    await coro(*args, **kwargs)
  File "/app/asu_discord/cogs/analytics.py", line 652, in on_member_update
    before_timeout = before.timed_out_until
                     ^^^^^^^^^^^^^^^^^^^^^^
AttributeError: 'Member' object has no attribute 'timed_out_until'
Ignoring exception in on_member_update
Traceback (most recent call last):
  File "/usr/local/lib/python3.12/site-packages/discord/client.py", line 465, in _run_event
    await coro(*args, **kwargs)
  File "/app/asu_discord/cogs/analytics.py", line 652, in on_member_update
    before_timeout = before.timed_out_until
                     ^^^^^^^^^^^^^^^^^^^^^^
AttributeError: 'Member' object has no attribute 'timed_out_until'
Ignoring exception in on_member_update
Traceback (most recent call last):
  File "/usr/local/lib/python3.12/site-packages/discord/client.py", line 465, in _run_event
    await coro(*args, **kwargs)
  File "/app/asu_discord/cogs/analytics.py", line 652, in on_member_update
    before_timeout = before.timed_out_until
                     ^^^^^^^^^^^^^^^^^^^^^^
AttributeError: 'Member' object has no attribute 'timed_out_until'
Ignoring exception in on_member_update
Traceback (most recent call last):
  File "/usr/local/lib/python3.12/site-packages/discord/client.py", line 465, in _run_event
    await coro(*args, **kwargs)
  File "/app/asu_discord/cogs/analytics.py", line 652, in on_member_update
    before_timeout = before.timed_out_until
                     ^^^^^^^^^^^^^^^^^^^^^^
AttributeError: 'Member' object has no attribute 'timed_out_until'
Ignoring exception in on_member_update
Traceback (most recent call last):
  File "/usr/local/lib/python3.12/site-packages/discord/client.py", line 465, in _run_event
    await coro(*args, **kwargs)
  File "/app/asu_discord/cogs/analytics.py", line 652, in on_member_update
    before_timeout = before.timed_out_until
                     ^^^^^^^^^^^^^^^^^^^^^^
AttributeError: 'Member' object has no attribute 'timed_out_until'
Ignoring exception in on_member_update
Traceback (most recent call last):
  File "/usr/local/lib/python3.12/site-packages/discord/client.py", line 465, in _run_event
    await coro(*args, **kwargs)
  File "/app/asu_discord/cogs/analytics.py", line 652, in on_member_update
    before_timeout = before.timed_out_until
                     ^^^^^^^^^^^^^^^^^^^^^^
AttributeError: 'Member' object has no attribute 'timed_out_until'
Ignoring exception in on_member_update
Traceback (most recent call last):
  File "/usr/local/lib/python3.12/site-packages/discord/client.py", line 465, in _run_event
    await coro(*args, **kwargs)
  File "/app/asu_discord/cogs/analytics.py", line 652, in on_member_update
    before_timeout = before.timed_out_until
                     ^^^^^^^^^^^^^^^^^^^^^^
AttributeError: 'Member' object has no attribute 'timed_out_until'
ERROR:cron.jobs:refresh_salesforce_roles: failed for vmurale2 (Discord ID 637870133947138058): Timed out refresh Salesforce-based roles
ERROR:cron.jobs:refresh_salesforce_roles: failed for dbegay20 (Discord ID 1406743830878748795): Failed to refresh Salesforce-based roles: Discord user 1406743830878748795 is not a member of the guild
Ignoring exception in on_member_update
Traceback (most recent call last):
  File "/usr/local/lib/python3.12/site-packages/discord/client.py", line 465, in _run_event
    await coro(*args, **kwargs)
  File "/app/asu_discord/cogs/analytics.py", line 652, in on_member_update
    before_timeout = before.timed_out_until
                     ^^^^^^^^^^^^^^^^^^^^^^
AttributeError: 'Member' object has no attribute 'timed_out_until'
Ignoring exception in on_member_update
Traceback (most recent call last):
  File "/usr/local/lib/python3.12/site-packages/discord/client.py", line 465, in _run_event
    await coro(*args, **kwargs)
  File "/app/asu_discord/cogs/analytics.py", line 652, in on_member_update
    before_timeout = before.timed_out_until
                     ^^^^^^^^^^^^^^^^^^^^^^
AttributeError: 'Member' object has no attribute 'timed_out_until'
Ignoring exception in on_member_update
Traceback (most recent call last):
  File "/usr/local/lib/python3.12/site-packages/discord/client.py", line 465, in _run_event
    await coro(*args, **kwargs)
  File "/app/asu_discord/cogs/analytics.py", line 652, in on_member_update
    before_timeout = before.timed_out_until
                     ^^^^^^^^^^^^^^^^^^^^^^
AttributeError: 'Member' object has no attribute 'timed_out_until'
Ignoring exception in on_member_update
Traceback (most recent call last):
  File "/usr/local/lib/python3.12/site-packages/discord/client.py", line 465, in _run_event
    await coro(*args, **kwargs)
  File "/app/asu_discord/cogs/analytics.py", line 652, in on_member_update
    before_timeout = before.timed_out_until
                     ^^^^^^^^^^^^^^^^^^^^^^
AttributeError: 'Member' object has no attribute 'timed_out_until'
Ignoring exception in on_member_update
Traceback (most recent call last):
  File "/usr/local/lib/python3.12/site-packages/discord/client.py", line 465, in _run_event
    await coro(*args, **kwargs)
  File "/app/asu_discord/cogs/analytics.py", line 652, in on_member_update
    before_timeout = before.timed_out_until
                     ^^^^^^^^^^^^^^^^^^^^^^
AttributeError: 'Member' object has no attribute 'timed_out_until'
Ignoring exception in on_member_update
Traceback (most recent call last):
  File "/usr/local/lib/python3.12/site-packages/discord/client.py", line 465, in _run_event
    await coro(*args, **kwargs)
  File "/app/asu_discord/cogs/analytics.py", line 652, in on_member_update
    before_timeout = before.timed_out_until
                     ^^^^^^^^^^^^^^^^^^^^^^
AttributeError: 'Member' object has no attribute 'timed_out_until'
Ignoring exception in on_member_update
Traceback (most recent call last):
  File "/usr/local/lib/python3.12/site-packages/discord/client.py", line 465, in _run_event
    await coro(*args, **kwargs)
  File "/app/asu_discord/cogs/analytics.py", line 652, in on_member_update
    before_timeout = before.timed_out_until
                     ^^^^^^^^^^^^^^^^^^^^^^
AttributeError: 'Member' object has no attribute 'timed_out_until'
Ignoring exception in on_member_update
Traceback (most recent call last):
  File "/usr/local/lib/python3.12/site-packages/discord/client.py", line 465, in _run_event
    await coro(*args, **kwargs)
  File "/app/asu_discord/cogs/analytics.py", line 652, in on_member_update
    before_timeout = before.timed_out_until
                     ^^^^^^^^^^^^^^^^^^^^^^
AttributeError: 'Member' object has no attribute 'timed_out_until'
Ignoring exception in on_member_update
Traceback (most recent call last):
  File "/usr/local/lib/python3.12/site-packages/discord/client.py", line 465, in _run_event
    await coro(*args, **kwargs)
  File "/app/asu_discord/cogs/analytics.py", line 652, in on_member_update
    before_timeout = before.timed_out_until
                     ^^^^^^^^^^^^^^^^^^^^^^
AttributeError: 'Member' object has no attribute 'timed_out_until'
Ignoring exception in on_member_update
Traceback (most recent call last):
  File "/usr/local/lib/python3.12/site-packages/discord/client.py", line 465, in _run_event
    await coro(*args, **kwargs)
  File "/app/asu_discord/cogs/analytics.py", line 652, in on_member_update
    before_timeout = before.timed_out_until
                     ^^^^^^^^^^^^^^^^^^^^^^
AttributeError: 'Member' object has no attribute 'timed_out_until'
INFO:asu_discord.cogs.verification:Saved 6 roles to database for user adixit37@asu.edu (Discord ID: 1194849297041195042)
INFO:asu_discord.cogs.verification:Refreshed Salesforce roles for Discord user 1194849297041195042: -4/+6 roles, assigned=[Commited, First Year, International Student, Ira A. Fulton Schools of Engineering, Tempe, Upperclassmen]
Ignoring exception in on_member_update
Traceback (most recent call last):
  File "/usr/local/lib/python3.12/site-packages/discord/client.py", line 465, in _run_event
    await coro(*args, **kwargs)
  File "/app/asu_discord/cogs/analytics.py", line 652, in on_member_update
    before_timeout = before.timed_out_until
                     ^^^^^^^^^^^^^^^^^^^^^^
AttributeError: 'Member' object has no attribute 'timed_out_until'
Ignoring exception in on_member_update
Traceback (most recent call last):
  File "/usr/local/lib/python3.12/site-packages/discord/client.py", line 465, in _run_event
    await coro(*args, **kwargs)
  File "/app/asu_discord/cogs/analytics.py", line 652, in on_member_update
    before_timeout = before.timed_out_until
                     ^^^^^^^^^^^^^^^^^^^^^^
AttributeError: 'Member' object has no attribute 'timed_out_until'
Ignoring exception in on_member_update
Traceback (most recent call last):
  File "/usr/local/lib/python3.12/site-packages/discord/client.py", line 465, in _run_event
    await coro(*args, **kwargs)
  File "/app/asu_discord/cogs/analytics.py", line 652, in on_member_update
    before_timeout = before.timed_out_until
                     ^^^^^^^^^^^^^^^^^^^^^^
AttributeError: 'Member' object has no attribute 'timed_out_until'
Ignoring exception in on_member_update
Traceback (most recent call last):
  File "/usr/local/lib/python3.12/site-packages/discord/client.py", line 465, in _run_event
    await coro(*args, **kwargs)
  File "/app/asu_discord/cogs/analytics.py", line 652, in on_member_update
    before_timeout = before.timed_out_until
                     ^^^^^^^^^^^^^^^^^^^^^^
AttributeError: 'Member' object has no attribute 'timed_out_until'
Ignoring exception in on_member_update
Traceback (most recent call last):
  File "/usr/local/lib/python3.12/site-packages/discord/client.py", line 465, in _run_event
    await coro(*args, **kwargs)
  File "/app/asu_discord/cogs/analytics.py", line 652, in on_member_update
    before_timeout = before.timed_out_until
                     ^^^^^^^^^^^^^^^^^^^^^^
AttributeError: 'Member' object has no attribute 'timed_out_until'
Ignoring exception in on_member_update
Traceback (most recent call last):
  File "/usr/local/lib/python3.12/site-packages/discord/client.py", line 465, in _run_event
    await coro(*args, **kwargs)
  File "/app/asu_discord/cogs/analytics.py", line 652, in on_member_update
    before_timeout = before.timed_out_until
                     ^^^^^^^^^^^^^^^^^^^^^^
AttributeError: 'Member' object has no attribute 'timed_out_until'
Ignoring exception in on_member_update
Traceback (most recent call last):
  File "/usr/local/lib/python3.12/site-packages/discord/client.py", line 465, in _run_event
    await coro(*args, **kwargs)
  File "/app/asu_discord/cogs/analytics.py", line 652, in on_member_update
    before_timeout = before.timed_out_until
                     ^^^^^^^^^^^^^^^^^^^^^^
AttributeError: 'Member' object has no attribute 'timed_out_until'
Ignoring exception in on_member_update
Traceback (most recent call last):
  File "/usr/local/lib/python3.12/site-packages/discord/client.py", line 465, in _run_event
    await coro(*args, **kwargs)
  File "/app/asu_discord/cogs/analytics.py", line 652, in on_member_update
    before_timeout = before.timed_out_until
                     ^^^^^^^^^^^^^^^^^^^^^^
AttributeError: 'Member' object has no attribute 'timed_out_until'
Ignoring exception in on_member_update
Traceback (most recent call last):
  File "/usr/local/lib/python3.12/site-packages/discord/client.py", line 465, in _run_event
    await coro(*args, **kwargs)
  File "/app/asu_discord/cogs/analytics.py", line 652, in on_member_update
    before_timeout = before.timed_out_until
                     ^^^^^^^^^^^^^^^^^^^^^^
AttributeError: 'Member' object has no attribute 'timed_out_until'
Ignoring exception in on_member_update
Traceback (most recent call last):
  File "/usr/local/lib/python3.12/site-packages/discord/client.py", line 465, in _run_event
    await coro(*args, **kwargs)
  File "/app/asu_discord/cogs/analytics.py", line 652, in on_member_update
    before_timeout = before.timed_out_until
                     ^^^^^^^^^^^^^^^^^^^^^^
AttributeError: 'Member' object has no attribute 'timed_out_until'
INFO:asu_discord.cogs.verification:Saved 5 roles to database for user mananth8@asu.edu (Discord ID: 442038935720558597)
INFO:asu_discord.cogs.verification:Refreshed Salesforce roles for Discord user 442038935720558597: -5/+5 roles, assigned=[Commited, Graduate Student, International Student, Ira A. Fulton Schools of Engineering, Tempe]
Ignoring exception in on_member_update
Traceback (most recent call last):
  File "/usr/local/lib/python3.12/site-packages/discord/client.py", line 465, in _run_event
    await coro(*args, **kwargs)
  File "/app/asu_discord/cogs/analytics.py", line 652, in on_member_update
    before_timeout = before.timed_out_until
                     ^^^^^^^^^^^^^^^^^^^^^^
AttributeError: 'Member' object has no attribute 'timed_out_until'
Ignoring exception in on_member_update
Traceback (most recent call last):
  File "/usr/local/lib/python3.12/site-packages/discord/client.py", line 465, in _run_event
    await coro(*args, **kwargs)
  File "/app/asu_discord/cogs/analytics.py", line 652, in on_member_update
    before_timeout = before.timed_out_until
                     ^^^^^^^^^^^^^^^^^^^^^^
AttributeError: 'Member' object has no attribute 'timed_out_until'
Ignoring exception in on_member_update
Traceback (most recent call last):
  File "/usr/local/lib/python3.12/site-packages/discord/client.py", line 465, in _run_event
    await coro(*args, **kwargs)
  File "/app/asu_discord/cogs/analytics.py", line 652, in on_member_update
    before_timeout = before.timed_out_until
                     ^^^^^^^^^^^^^^^^^^^^^^
AttributeError: 'Member' object has no attribute 'timed_out_until'
Ignoring exception in on_member_update
Traceback (most recent call last):
  File "/usr/local/lib/python3.12/site-packages/discord/client.py", line 465, in _run_event
    await coro(*args, **kwargs)
  File "/app/asu_discord/cogs/analytics.py", line 652, in on_member_update
    before_timeout = before.timed_out_until
                     ^^^^^^^^^^^^^^^^^^^^^^
AttributeError: 'Member' object has no attribute 'timed_out_until'
Ignoring exception in on_member_update
Traceback (most recent call last):
  File "/usr/local/lib/python3.12/site-packages/discord/client.py", line 465, in _run_event
    await coro(*args, **kwargs)
  File "/app/asu_discord/cogs/analytics.py", line 652, in on_member_update
    before_timeout = before.timed_out_until
                     ^^^^^^^^^^^^^^^^^^^^^^
AttributeError: 'Member' object has no attribute 'timed_out_until'
Ignoring exception in on_member_update
Traceback (most recent call last):
  File "/usr/local/lib/python3.12/site-packages/discord/client.py", line 465, in _run_event
    await coro(*args, **kwargs)
  File "/app/asu_discord/cogs/analytics.py", line 652, in on_member_update
    before_timeout = before.timed_out_until
                     ^^^^^^^^^^^^^^^^^^^^^^
AttributeError: 'Member' object has no attribute 'timed_out_until'
Ignoring exception in on_member_update
Traceback (most recent call last):
  File "/usr/local/lib/python3.12/site-packages/discord/client.py", line 465, in _run_event
    await coro(*args, **kwargs)
  File "/app/asu_discord/cogs/analytics.py", line 652, in on_member_update
    before_timeout = before.timed_out_until
                     ^^^^^^^^^^^^^^^^^^^^^^
AttributeError: 'Member' object has no attribute 'timed_out_until'
Ignoring exception in on_member_update
Traceback (most recent call last):
  File "/usr/local/lib/python3.12/site-packages/discord/client.py", line 465, in _run_event
    await coro(*args, **kwargs)
  File "/app/asu_discord/cogs/analytics.py", line 652, in on_member_update
    before_timeout = before.timed_out_until
                     ^^^^^^^^^^^^^^^^^^^^^^
AttributeError: 'Member' object has no attribute 'timed_out_until'
Ignoring exception in on_member_update
Traceback (most recent call last):
  File "/usr/local/lib/python3.12/site-packages/discord/client.py", line 465, in _run_event
    await coro(*args, **kwargs)
  File "/app/asu_discord/cogs/analytics.py", line 652, in on_member_update
    before_timeout = before.timed_out_until
                     ^^^^^^^^^^^^^^^^^^^^^^
AttributeError: 'Member' object has no attribute 'timed_out_until'
Ignoring exception in on_member_update
Traceback (most recent call last):
  File "/usr/local/lib/python3.12/site-packages/discord/client.py", line 465, in _run_event
    await coro(*args, **kwargs)
  File "/app/asu_discord/cogs/analytics.py", line 652, in on_member_update
    before_timeout = before.timed_out_until
                     ^^^^^^^^^^^^^^^^^^^^^^
AttributeError: 'Member' object has no attribute 'timed_out_until'
INFO:asu_discord.cogs.verification:Saved 6 roles to database for user lvtindal@asu.edu (Discord ID: 725534386186878976)
INFO:asu_discord.cogs.verification:Refreshed Salesforce roles for Discord user 725534386186878976: -4/+6 roles, assigned=[Arizona Resident, Commited, Downtown Phoenix, Edson College of Nursing and Health Innovation, First Year, Upperclassmen]
Ignoring exception in on_member_update
Traceback (most recent call last):
  File "/usr/local/lib/python3.12/site-packages/discord/client.py", line 465, in _run_event
    await coro(*args, **kwargs)
  File "/app/asu_discord/cogs/analytics.py", line 652, in on_member_update
    before_timeout = before.timed_out_until
                     ^^^^^^^^^^^^^^^^^^^^^^
AttributeError: 'Member' object has no attribute 'timed_out_until'
Ignoring exception in on_member_update
Traceback (most recent call last):
  File "/usr/local/lib/python3.12/site-packages/discord/client.py", line 465, in _run_event
    await coro(*args, **kwargs)
  File "/app/asu_discord/cogs/analytics.py", line 652, in on_member_update
    before_timeout = before.timed_out_until
                     ^^^^^^^^^^^^^^^^^^^^^^
AttributeError: 'Member' object has no attribute 'timed_out_until'
Ignoring exception in on_member_update
Traceback (most recent call last):
  File "/usr/local/lib/python3.12/site-packages/discord/client.py", line 465, in _run_event
    await coro(*args, **kwargs)
  File "/app/asu_discord/cogs/analytics.py", line 652, in on_member_update
    before_timeout = before.timed_out_until
                     ^^^^^^^^^^^^^^^^^^^^^^
AttributeError: 'Member' object has no attribute 'timed_out_until'
Ignoring exception in on_member_update
Traceback (most recent call last):
  File "/usr/local/lib/python3.12/site-packages/discord/client.py", line 465, in _run_event
    await coro(*args, **kwargs)
  File "/app/asu_discord/cogs/analytics.py", line 652, in on_member_update
    before_timeout = before.timed_out_until
                     ^^^^^^^^^^^^^^^^^^^^^^
AttributeError: 'Member' object has no attribute 'timed_out_until'
Ignoring exception in on_member_update
Traceback (most recent call last):
  File "/usr/local/lib/python3.12/site-packages/discord/client.py", line 465, in _run_event
    await coro(*args, **kwargs)
  File "/app/asu_discord/cogs/analytics.py", line 652, in on_member_update
    before_timeout = before.timed_out_until
                     ^^^^^^^^^^^^^^^^^^^^^^
AttributeError: 'Member' object has no attribute 'timed_out_until'
Ignoring exception in on_member_update
Traceback (most recent call last):
  File "/usr/local/lib/python3.12/site-packages/discord/client.py", line 465, in _run_event
    await coro(*args, **kwargs)
  File "/app/asu_discord/cogs/analytics.py", line 652, in on_member_update
    before_timeout = before.timed_out_until
                     ^^^^^^^^^^^^^^^^^^^^^^
AttributeError: 'Member' object has no attribute 'timed_out_until'
Ignoring exception in on_member_update
Traceback (most recent call last):
  File "/usr/local/lib/python3.12/site-packages/discord/client.py", line 465, in _run_event
    await coro(*args, **kwargs)
  File "/app/asu_discord/cogs/analytics.py", line 652, in on_member_update
    before_timeout = before.timed_out_until
                     ^^^^^^^^^^^^^^^^^^^^^^
AttributeError: 'Member' object has no attribute 'timed_out_until'
Ignoring exception in on_member_update
Traceback (most recent call last):
  File "/usr/local/lib/python3.12/site-packages/discord/client.py", line 465, in _run_event
    await coro(*args, **kwargs)
  File "/app/asu_discord/cogs/analytics.py", line 652, in on_member_update
    before_timeout = before.timed_out_until
                     ^^^^^^^^^^^^^^^^^^^^^^
AttributeError: 'Member' object has no attribute 'timed_out_until'
Ignoring exception in on_member_update
Traceback (most recent call last):
  File "/usr/local/lib/python3.12/site-packages/discord/client.py", line 465, in _run_event
    await coro(*args, **kwargs)
  File "/app/asu_discord/cogs/analytics.py", line 652, in on_member_update
    before_timeout = before.timed_out_until
                     ^^^^^^^^^^^^^^^^^^^^^^
AttributeError: 'Member' object has no attribute 'timed_out_until'
Ignoring exception in on_member_update
Traceback (most recent call last):
  File "/usr/local/lib/python3.12/site-packages/discord/client.py", line 465, in _run_event
    await coro(*args, **kwargs)
  File "/app/asu_discord/cogs/analytics.py", line 652, in on_member_update
    before_timeout = before.timed_out_until
                     ^^^^^^^^^^^^^^^^^^^^^^
AttributeError: 'Member' object has no attribute 'timed_out_until'
INFO:asu_discord.cogs.verification:Saved 5 roles to database for user acandre4@asu.edu (Discord ID: 709075939392225411)
INFO:asu_discord.cogs.verification:Refreshed Salesforce roles for Discord user 709075939392225411: -5/+5 roles, assigned=[First Year, New College of Interdisciplinary Arts and Sciences, Online, Out of State, Upperclassmen]
ERROR:cron.jobs:refresh_salesforce_roles: failed for srfern13 (Discord ID 1389023074120106055): Failed to refresh Salesforce-based roles: Discord user 1389023074120106055 is not a member of the guild
Ignoring exception in on_member_update
Traceback (most recent call last):
  File "/usr/local/lib/python3.12/site-packages/discord/client.py", line 465, in _run_event
    await coro(*args, **kwargs)
  File "/app/asu_discord/cogs/analytics.py", line 652, in on_member_update
    before_timeout = before.timed_out_until
                     ^^^^^^^^^^^^^^^^^^^^^^
AttributeError: 'Member' object has no attribute 'timed_out_until'
Ignoring exception in on_member_update
Traceback (most recent call last):
  File "/usr/local/lib/python3.12/site-packages/discord/client.py", line 465, in _run_event
    await coro(*args, **kwargs)
  File "/app/asu_discord/cogs/analytics.py", line 652, in on_member_update
    before_timeout = before.timed_out_until
                     ^^^^^^^^^^^^^^^^^^^^^^
AttributeError: 'Member' object has no attribute 'timed_out_until'
Ignoring exception in on_member_update
Traceback (most recent call last):
  File "/usr/local/lib/python3.12/site-packages/discord/client.py", line 465, in _run_event
    await coro(*args, **kwargs)
  File "/app/asu_discord/cogs/analytics.py", line 652, in on_member_update
    before_timeout = before.timed_out_until
                     ^^^^^^^^^^^^^^^^^^^^^^
AttributeError: 'Member' object has no attribute 'timed_out_until'
Ignoring exception in on_member_update
Traceback (most recent call last):
  File "/usr/local/lib/python3.12/site-packages/discord/client.py", line 465, in _run_event
    await coro(*args, **kwargs)
  File "/app/asu_discord/cogs/analytics.py", line 652, in on_member_update
    before_timeout = before.timed_out_until
                     ^^^^^^^^^^^^^^^^^^^^^^
AttributeError: 'Member' object has no attribute 'timed_out_until'
Ignoring exception in on_member_update
Traceback (most recent call last):
  File "/usr/local/lib/python3.12/site-packages/discord/client.py", line 465, in _run_event
    await coro(*args, **kwargs)
  File "/app/asu_discord/cogs/analytics.py", line 652, in on_member_update
    before_timeout = before.timed_out_until
                     ^^^^^^^^^^^^^^^^^^^^^^
AttributeError: 'Member' object has no attribute 'timed_out_until'
Ignoring exception in on_member_update
Traceback (most recent call last):
  File "/usr/local/lib/python3.12/site-packages/discord/client.py", line 465, in _run_event
    await coro(*args, **kwargs)
  File "/app/asu_discord/cogs/analytics.py", line 652, in on_member_update
    before_timeout = before.timed_out_until
                     ^^^^^^^^^^^^^^^^^^^^^^
AttributeError: 'Member' object has no attribute 'timed_out_until'
Ignoring exception in on_member_update
Traceback (most recent call last):
  File "/usr/local/lib/python3.12/site-packages/discord/client.py", line 465, in _run_event
    await coro(*args, **kwargs)
  File "/app/asu_discord/cogs/analytics.py", line 652, in on_member_update
    before_timeout = before.timed_out_until
                     ^^^^^^^^^^^^^^^^^^^^^^
AttributeError: 'Member' object has no attribute 'timed_out_until'
Ignoring exception in on_member_update
Traceback (most recent call last):
  File "/usr/local/lib/python3.12/site-packages/discord/client.py", line 465, in _run_event
    await coro(*args, **kwargs)
  File "/app/asu_discord/cogs/analytics.py", line 652, in on_member_update
    before_timeout = before.timed_out_until
                     ^^^^^^^^^^^^^^^^^^^^^^
AttributeError: 'Member' object has no attribute 'timed_out_until'
INFO:asu_discord.cogs.verification:Saved 5 roles to database for user aperwiz@asu.edu (Discord ID: 805783014797869086)
INFO:asu_discord.cogs.verification:Refreshed Salesforce roles for Discord user 805783014797869086: -4/+4 roles, assigned=[College of Liberal Arts and Sciences, Commited, International Student, Online, Transfer Student]
Ignoring exception in on_member_update
Traceback (most recent call last):
  File "/usr/local/lib/python3.12/site-packages/discord/client.py", line 465, in _run_event
    await coro(*args, **kwargs)
  File "/app/asu_discord/cogs/analytics.py", line 652, in on_member_update
    before_timeout = before.timed_out_until
                     ^^^^^^^^^^^^^^^^^^^^^^
AttributeError: 'Member' object has no attribute 'timed_out_until'
Ignoring exception in on_member_update
Traceback (most recent call last):
  File "/usr/local/lib/python3.12/site-packages/discord/client.py", line 465, in _run_event
    await coro(*args, **kwargs)
  File "/app/asu_discord/cogs/analytics.py", line 652, in on_member_update
    before_timeout = before.timed_out_until
                     ^^^^^^^^^^^^^^^^^^^^^^
AttributeError: 'Member' object has no attribute 'timed_out_until'
Ignoring exception in on_member_update
Traceback (most recent call last):
  File "/usr/local/lib/python3.12/site-packages/discord/client.py", line 465, in _run_event
    await coro(*args, **kwargs)
  File "/app/asu_discord/cogs/analytics.py", line 652, in on_member_update
    before_timeout = before.timed_out_until
                     ^^^^^^^^^^^^^^^^^^^^^^
AttributeError: 'Member' object has no attribute 'timed_out_until'
Ignoring exception in on_member_update
Traceback (most recent call last):
  File "/usr/local/lib/python3.12/site-packages/discord/client.py", line 465, in _run_event
    await coro(*args, **kwargs)
  File "/app/asu_discord/cogs/analytics.py", line 652, in on_member_update
    before_timeout = before.timed_out_until
                     ^^^^^^^^^^^^^^^^^^^^^^
AttributeError: 'Member' object has no attribute 'timed_out_until'
Ignoring exception in on_member_update
Traceback (most recent call last):
  File "/usr/local/lib/python3.12/site-packages/discord/client.py", line 465, in _run_event
    await coro(*args, **kwargs)
  File "/app/asu_discord/cogs/analytics.py", line 652, in on_member_update
    before_timeout = before.timed_out_until
                     ^^^^^^^^^^^^^^^^^^^^^^
AttributeError: 'Member' object has no attribute 'timed_out_until'
Ignoring exception in on_member_update
Traceback (most recent call last):
  File "/usr/local/lib/python3.12/site-packages/discord/client.py", line 465, in _run_event
    await coro(*args, **kwargs)
  File "/app/asu_discord/cogs/analytics.py", line 652, in on_member_update
    before_timeout = before.timed_out_until
                     ^^^^^^^^^^^^^^^^^^^^^^
AttributeError: 'Member' object has no attribute 'timed_out_until'
Ignoring exception in on_member_update
Traceback (most recent call last):
  File "/usr/local/lib/python3.12/site-packages/discord/client.py", line 465, in _run_event
    await coro(*args, **kwargs)
  File "/app/asu_discord/cogs/analytics.py", line 652, in on_member_update
    before_timeout = before.timed_out_until
                     ^^^^^^^^^^^^^^^^^^^^^^
AttributeError: 'Member' object has no attribute 'timed_out_until'
Ignoring exception in on_member_update
Traceback (most recent call last):
  File "/usr/local/lib/python3.12/site-packages/discord/client.py", line 465, in _run_event
    await coro(*args, **kwargs)
  File "/app/asu_discord/cogs/analytics.py", line 652, in on_member_update
    before_timeout = before.timed_out_until
                     ^^^^^^^^^^^^^^^^^^^^^^
AttributeError: 'Member' object has no attribute 'timed_out_until'
Ignoring exception in on_member_update
Traceback (most recent call last):
  File "/usr/local/lib/python3.12/site-packages/discord/client.py", line 465, in _run_event
    await coro(*args, **kwargs)
  File "/app/asu_discord/cogs/analytics.py", line 652, in on_member_update
    before_timeout = before.timed_out_until
                     ^^^^^^^^^^^^^^^^^^^^^^
AttributeError: 'Member' object has no attribute 'timed_out_until'
Ignoring exception in on_member_update
Traceback (most recent call last):
  File "/usr/local/lib/python3.12/site-packages/discord/client.py", line 465, in _run_event
    await coro(*args, **kwargs)
  File "/app/asu_discord/cogs/analytics.py", line 652, in on_member_update
    before_timeout = before.timed_out_until
                     ^^^^^^^^^^^^^^^^^^^^^^
AttributeError: 'Member' object has no attribute 'timed_out_until'
INFO:asu_discord.cogs.verification:Saved 5 roles to database for user tgautam2@asu.edu (Discord ID: 401463424757923860)
INFO:asu_discord.cogs.verification:Refreshed Salesforce roles for Discord user 401463424757923860: -5/+5 roles, assigned=[Commited, Graduate Student, International Student, Ira A. Fulton Schools of Engineering, Polytechnic]
Ignoring exception in on_member_update
Traceback (most recent call last):
  File "/usr/local/lib/python3.12/site-packages/discord/client.py", line 465, in _run_event
    await coro(*args, **kwargs)
  File "/app/asu_discord/cogs/analytics.py", line 652, in on_member_update
    before_timeout = before.timed_out_until
                     ^^^^^^^^^^^^^^^^^^^^^^
AttributeError: 'Member' object has no attribute 'timed_out_until'
Ignoring exception in on_member_update
Traceback (most recent call last):
  File "/usr/local/lib/python3.12/site-packages/discord/client.py", line 465, in _run_event
    await coro(*args, **kwargs)
  File "/app/asu_discord/cogs/analytics.py", line 652, in on_member_update
    before_timeout = before.timed_out_until
                     ^^^^^^^^^^^^^^^^^^^^^^
AttributeError: 'Member' object has no attribute 'timed_out_until'
Ignoring exception in on_member_update
Traceback (most recent call last):
  File "/usr/local/lib/python3.12/site-packages/discord/client.py", line 465, in _run_event
    await coro(*args, **kwargs)
  File "/app/asu_discord/cogs/analytics.py", line 652, in on_member_update
    before_timeout = before.timed_out_until
                     ^^^^^^^^^^^^^^^^^^^^^^
AttributeError: 'Member' object has no attribute 'timed_out_until'
Ignoring exception in on_member_update
Traceback (most recent call last):
  File "/usr/local/lib/python3.12/site-packages/discord/client.py", line 465, in _run_event
    await coro(*args, **kwargs)
  File "/app/asu_discord/cogs/analytics.py", line 652, in on_member_update
    before_timeout = before.timed_out_until
                     ^^^^^^^^^^^^^^^^^^^^^^
AttributeError: 'Member' object has no attribute 'timed_out_until'
Ignoring exception in on_member_update
Traceback (most recent call last):
  File "/usr/local/lib/python3.12/site-packages/discord/client.py", line 465, in _run_event
    await coro(*args, **kwargs)
  File "/app/asu_discord/cogs/analytics.py", line 652, in on_member_update
    before_timeout = before.timed_out_until
                     ^^^^^^^^^^^^^^^^^^^^^^
AttributeError: 'Member' object has no attribute 'timed_out_until'
Ignoring exception in on_member_update
Traceback (most recent call last):
  File "/usr/local/lib/python3.12/site-packages/discord/client.py", line 465, in _run_event
    await coro(*args, **kwargs)
  File "/app/asu_discord/cogs/analytics.py", line 652, in on_member_update
    before_timeout = before.timed_out_until
                     ^^^^^^^^^^^^^^^^^^^^^^
AttributeError: 'Member' object has no attribute 'timed_out_until'
Ignoring exception in on_member_update
Traceback (most recent call last):
  File "/usr/local/lib/python3.12/site-packages/discord/client.py", line 465, in _run_event
    await coro(*args, **kwargs)
  File "/app/asu_discord/cogs/analytics.py", line 652, in on_member_update
    before_timeout = before.timed_out_until
                     ^^^^^^^^^^^^^^^^^^^^^^
AttributeError: 'Member' object has no attribute 'timed_out_until'
Ignoring exception in on_member_update
Traceback (most recent call last):
  File "/usr/local/lib/python3.12/site-packages/discord/client.py", line 465, in _run_event
    await coro(*args, **kwargs)
  File "/app/asu_discord/cogs/analytics.py", line 652, in on_member_update
    before_timeout = before.timed_out_until
                     ^^^^^^^^^^^^^^^^^^^^^^
AttributeError: 'Member' object has no attribute 'timed_out_until'
INFO:asu_discord.cogs.verification:Saved 4 roles to database for user mlzhou@asu.edu (Discord ID: 699793405886333000)
INFO:asu_discord.cogs.verification:Refreshed Salesforce roles for Discord user 699793405886333000: -4/+4 roles, assigned=[First Year, Ira A. Fulton Schools of Engineering, Out of State, Tempe]
Ignoring exception in on_member_update
Traceback (most recent call last):
  File "/usr/local/lib/python3.12/site-packages/discord/client.py", line 465, in _run_event
    await coro(*args, **kwargs)
  File "/app/asu_discord/cogs/analytics.py", line 652, in on_member_update
    before_timeout = before.timed_out_until
                     ^^^^^^^^^^^^^^^^^^^^^^
AttributeError: 'Member' object has no attribute 'timed_out_until'
Ignoring exception in on_member_update
Traceback (most recent call last):
  File "/usr/local/lib/python3.12/site-packages/discord/client.py", line 465, in _run_event
    await coro(*args, **kwargs)
  File "/app/asu_discord/cogs/analytics.py", line 652, in on_member_update
    before_timeout = before.timed_out_until
                     ^^^^^^^^^^^^^^^^^^^^^^
AttributeError: 'Member' object has no attribute 'timed_out_until'
Ignoring exception in on_member_update
Traceback (most recent call last):
  File "/usr/local/lib/python3.12/site-packages/discord/client.py", line 465, in _run_event
    await coro(*args, **kwargs)
  File "/app/asu_discord/cogs/analytics.py", line 652, in on_member_update
    before_timeout = before.timed_out_until
                     ^^^^^^^^^^^^^^^^^^^^^^
AttributeError: 'Member' object has no attribute 'timed_out_until'
Ignoring exception in on_member_update
Traceback (most recent call last):
  File "/usr/local/lib/python3.12/site-packages/discord/client.py", line 465, in _run_event
    await coro(*args, **kwargs)
  File "/app/asu_discord/cogs/analytics.py", line 652, in on_member_update
    before_timeout = before.timed_out_until
                     ^^^^^^^^^^^^^^^^^^^^^^
AttributeError: 'Member' object has no attribute 'timed_out_until'
Ignoring exception in on_member_update
Traceback (most recent call last):
  File "/usr/local/lib/python3.12/site-packages/discord/client.py", line 465, in _run_event
    await coro(*args, **kwargs)
  File "/app/asu_discord/cogs/analytics.py", line 652, in on_member_update
    before_timeout = before.timed_out_until
                     ^^^^^^^^^^^^^^^^^^^^^^
AttributeError: 'Member' object has no attribute 'timed_out_until'
Ignoring exception in on_member_update
Traceback (most recent call last):
  File "/usr/local/lib/python3.12/site-packages/discord/client.py", line 465, in _run_event
    await coro(*args, **kwargs)
  File "/app/asu_discord/cogs/analytics.py", line 652, in on_member_update
    before_timeout = before.timed_out_until
                     ^^^^^^^^^^^^^^^^^^^^^^
AttributeError: 'Member' object has no attribute 'timed_out_until'
Ignoring exception in on_member_update
Traceback (most recent call last):
  File "/usr/local/lib/python3.12/site-packages/discord/client.py", line 465, in _run_event
    await coro(*args, **kwargs)
  File "/app/asu_discord/cogs/analytics.py", line 652, in on_member_update
    before_timeout = before.timed_out_until
                     ^^^^^^^^^^^^^^^^^^^^^^
AttributeError: 'Member' object has no attribute 'timed_out_until'
Ignoring exception in on_member_update
Traceback (most recent call last):
  File "/usr/local/lib/python3.12/site-packages/discord/client.py", line 465, in _run_event
    await coro(*args, **kwargs)
  File "/app/asu_discord/cogs/analytics.py", line 652, in on_member_update
    before_timeout = before.timed_out_until
                     ^^^^^^^^^^^^^^^^^^^^^^
AttributeError: 'Member' object has no attribute 'timed_out_until'
Ignoring exception in on_member_update
Traceback (most recent call last):
  File "/usr/local/lib/python3.12/site-packages/discord/client.py", line 465, in _run_event
    await coro(*args, **kwargs)
  File "/app/asu_discord/cogs/analytics.py", line 652, in on_member_update
    before_timeout = before.timed_out_until
                     ^^^^^^^^^^^^^^^^^^^^^^
AttributeError: 'Member' object has no attribute 'timed_out_until'
Ignoring exception in on_member_update
Traceback (most recent call last):
  File "/usr/local/lib/python3.12/site-packages/discord/client.py", line 465, in _run_event
    await coro(*args, **kwargs)
  File "/app/asu_discord/cogs/analytics.py", line 652, in on_member_update
    before_timeout = before.timed_out_until
                     ^^^^^^^^^^^^^^^^^^^^^^
AttributeError: 'Member' object has no attribute 'timed_out_until'
Ignoring exception in on_member_update
Traceback (most recent call last):
  File "/usr/local/lib/python3.12/site-packages/discord/client.py", line 465, in _run_event
    await coro(*args, **kwargs)
  File "/app/asu_discord/cogs/analytics.py", line 652, in on_member_update
    before_timeout = before.timed_out_until
                     ^^^^^^^^^^^^^^^^^^^^^^
AttributeError: 'Member' object has no attribute 'timed_out_until'
Ignoring exception in on_member_update
Traceback (most recent call last):
  File "/usr/local/lib/python3.12/site-packages/discord/client.py", line 465, in _run_event
    await coro(*args, **kwargs)
  File "/app/asu_discord/cogs/analytics.py", line 652, in on_member_update
    before_timeout = before.timed_out_until
                     ^^^^^^^^^^^^^^^^^^^^^^
AttributeError: 'Member' object has no attribute 'timed_out_until'
INFO:asu_discord.cogs.verification:Saved 6 roles to database for user tpham52@asu.edu (Discord ID: 594557058444165140)
INFO:asu_discord.cogs.verification:Refreshed Salesforce roles for Discord user 594557058444165140: -6/+6 roles, assigned=[Commited, First Year, International Student, Ira A. Fulton Schools of Engineering, Tempe, Upperclassmen]
Ignoring exception in on_member_update
Traceback (most recent call last):
  File "/usr/local/lib/python3.12/site-packages/discord/client.py", line 465, in _run_event
    await coro(*args, **kwargs)
  File "/app/asu_discord/cogs/analytics.py", line 652, in on_member_update
    before_timeout = before.timed_out_until
                     ^^^^^^^^^^^^^^^^^^^^^^
AttributeError: 'Member' object has no attribute 'timed_out_until'
Ignoring exception in on_member_update
Traceback (most recent call last):
  File "/usr/local/lib/python3.12/site-packages/discord/client.py", line 465, in _run_event
    await coro(*args, **kwargs)
  File "/app/asu_discord/cogs/analytics.py", line 652, in on_member_update
    before_timeout = before.timed_out_until
                     ^^^^^^^^^^^^^^^^^^^^^^
AttributeError: 'Member' object has no attribute 'timed_out_until'
Ignoring exception in on_member_update
Traceback (most recent call last):
  File "/usr/local/lib/python3.12/site-packages/discord/client.py", line 465, in _run_event
    await coro(*args, **kwargs)
  File "/app/asu_discord/cogs/analytics.py", line 652, in on_member_update
    before_timeout = before.timed_out_until
                     ^^^^^^^^^^^^^^^^^^^^^^
AttributeError: 'Member' object has no attribute 'timed_out_until'
Ignoring exception in on_member_update
Traceback (most recent call last):
  File "/usr/local/lib/python3.12/site-packages/discord/client.py", line 465, in _run_event
    await coro(*args, **kwargs)
  File "/app/asu_discord/cogs/analytics.py", line 652, in on_member_update
    before_timeout = before.timed_out_until
                     ^^^^^^^^^^^^^^^^^^^^^^
AttributeError: 'Member' object has no attribute 'timed_out_until'
Ignoring exception in on_member_update
Traceback (most recent call last):
  File "/usr/local/lib/python3.12/site-packages/discord/client.py", line 465, in _run_event
    await coro(*args, **kwargs)
  File "/app/asu_discord/cogs/analytics.py", line 652, in on_member_update
    before_timeout = before.timed_out_until
                     ^^^^^^^^^^^^^^^^^^^^^^
AttributeError: 'Member' object has no attribute 'timed_out_until'
Ignoring exception in on_member_update
Traceback (most recent call last):
  File "/usr/local/lib/python3.12/site-packages/discord/client.py", line 465, in _run_event
    await coro(*args, **kwargs)
  File "/app/asu_discord/cogs/analytics.py", line 652, in on_member_update
    before_timeout = before.timed_out_until
                     ^^^^^^^^^^^^^^^^^^^^^^
AttributeError: 'Member' object has no attribute 'timed_out_until'
Ignoring exception in on_member_update
Traceback (most recent call last):
  File "/usr/local/lib/python3.12/site-packages/discord/client.py", line 465, in _run_event
    await coro(*args, **kwargs)
  File "/app/asu_discord/cogs/analytics.py", line 652, in on_member_update
    before_timeout = before.timed_out_until
                     ^^^^^^^^^^^^^^^^^^^^^^
AttributeError: 'Member' object has no attribute 'timed_out_until'
Ignoring exception in on_member_update
Traceback (most recent call last):
  File "/usr/local/lib/python3.12/site-packages/discord/client.py", line 465, in _run_event
    await coro(*args, **kwargs)
  File "/app/asu_discord/cogs/analytics.py", line 652, in on_member_update
    before_timeout = before.timed_out_until
                     ^^^^^^^^^^^^^^^^^^^^^^
AttributeError: 'Member' object has no attribute 'timed_out_until'
Ignoring exception in on_member_update
Traceback (most recent call last):
  File "/usr/local/lib/python3.12/site-packages/discord/client.py", line 465, in _run_event
    await coro(*args, **kwargs)
  File "/app/asu_discord/cogs/analytics.py", line 652, in on_member_update
    before_timeout = before.timed_out_until
                     ^^^^^^^^^^^^^^^^^^^^^^
AttributeError: 'Member' object has no attribute 'timed_out_until'
Ignoring exception in on_member_update
Traceback (most recent call last):
  File "/usr/local/lib/python3.12/site-packages/discord/client.py", line 465, in _run_event
    await coro(*args, **kwargs)
  File "/app/asu_discord/cogs/analytics.py", line 652, in on_member_update
    before_timeout = before.timed_out_until
                     ^^^^^^^^^^^^^^^^^^^^^^
AttributeError: 'Member' object has no attribute 'timed_out_until'
INFO:asu_discord.cogs.verification:Saved 5 roles to database for user awolding@asu.edu (Discord ID: 1440352430637449429)
INFO:asu_discord.cogs.verification:Refreshed Salesforce roles for Discord user 1440352430637449429: -5/+5 roles, assigned=[Commited, First Year, Ira A. Fulton Schools of Engineering, Out of State, Tempe]
ERROR:cron.jobs:refresh_salesforce_roles: failed for malaqee1 (Discord ID 264324407298752522): Failed to refresh Salesforce-based roles: Discord user 264324407298752522 is not a member of the guild
Ignoring exception in on_member_update
Traceback (most recent call last):
  File "/usr/local/lib/python3.12/site-packages/discord/client.py", line 465, in _run_event
    await coro(*args, **kwargs)
  File "/app/asu_discord/cogs/analytics.py", line 652, in on_member_update
    before_timeout = before.timed_out_until
                     ^^^^^^^^^^^^^^^^^^^^^^
AttributeError: 'Member' object has no attribute 'timed_out_until'
Ignoring exception in on_member_update
Traceback (most recent call last):
  File "/usr/local/lib/python3.12/site-packages/discord/client.py", line 465, in _run_event
    await coro(*args, **kwargs)
  File "/app/asu_discord/cogs/analytics.py", line 652, in on_member_update
    before_timeout = before.timed_out_until
                     ^^^^^^^^^^^^^^^^^^^^^^
AttributeError: 'Member' object has no attribute 'timed_out_until'
Ignoring exception in on_member_update
Traceback (most recent call last):
  File "/usr/local/lib/python3.12/site-packages/discord/client.py", line 465, in _run_event
    await coro(*args, **kwargs)
  File "/app/asu_discord/cogs/analytics.py", line 652, in on_member_update
    before_timeout = before.timed_out_until
                     ^^^^^^^^^^^^^^^^^^^^^^
AttributeError: 'Member' object has no attribute 'timed_out_until'
Ignoring exception in on_member_update
Traceback (most recent call last):
  File "/usr/local/lib/python3.12/site-packages/discord/client.py", line 465, in _run_event
    await coro(*args, **kwargs)
  File "/app/asu_discord/cogs/analytics.py", line 652, in on_member_update
    before_timeout = before.timed_out_until
                     ^^^^^^^^^^^^^^^^^^^^^^
AttributeError: 'Member' object has no attribute 'timed_out_until'
Ignoring exception in on_member_update
Traceback (most recent call last):
  File "/usr/local/lib/python3.12/site-packages/discord/client.py", line 465, in _run_event
    await coro(*args, **kwargs)
  File "/app/asu_discord/cogs/analytics.py", line 652, in on_member_update
    before_timeout = before.timed_out_until
                     ^^^^^^^^^^^^^^^^^^^^^^
AttributeError: 'Member' object has no attribute 'timed_out_until'
Ignoring exception in on_member_update
Traceback (most recent call last):
  File "/usr/local/lib/python3.12/site-packages/discord/client.py", line 465, in _run_event
    await coro(*args, **kwargs)
  File "/app/asu_discord/cogs/analytics.py", line 652, in on_member_update
    before_timeout = before.timed_out_until
                     ^^^^^^^^^^^^^^^^^^^^^^
AttributeError: 'Member' object has no attribute 'timed_out_until'
Ignoring exception in on_member_update
Traceback (most recent call last):
  File "/usr/local/lib/python3.12/site-packages/discord/client.py", line 465, in _run_event
    await coro(*args, **kwargs)
  File "/app/asu_discord/cogs/analytics.py", line 652, in on_member_update
    before_timeout = before.timed_out_until
                     ^^^^^^^^^^^^^^^^^^^^^^
AttributeError: 'Member' object has no attribute 'timed_out_until'
Ignoring exception in on_member_update
Traceback (most recent call last):
  File "/usr/local/lib/python3.12/site-packages/discord/client.py", line 465, in _run_event
    await coro(*args, **kwargs)
  File "/app/asu_discord/cogs/analytics.py", line 652, in on_member_update
    before_timeout = before.timed_out_until
                     ^^^^^^^^^^^^^^^^^^^^^^
AttributeError: 'Member' object has no attribute 'timed_out_until'
Ignoring exception in on_member_update
Traceback (most recent call last):
  File "/usr/local/lib/python3.12/site-packages/discord/client.py", line 465, in _run_event
    await coro(*args, **kwargs)
  File "/app/asu_discord/cogs/analytics.py", line 652, in on_member_update
    before_timeout = before.timed_out_until
                     ^^^^^^^^^^^^^^^^^^^^^^
AttributeError: 'Member' object has no attribute 'timed_out_until'
Ignoring exception in on_member_update
Traceback (most recent call last):
  File "/usr/local/lib/python3.12/site-packages/discord/client.py", line 465, in _run_event
    await coro(*args, **kwargs)
  File "/app/asu_discord/cogs/analytics.py", line 652, in on_member_update
    before_timeout = before.timed_out_until
                     ^^^^^^^^^^^^^^^^^^^^^^
AttributeError: 'Member' object has no attribute 'timed_out_until'
INFO:asu_discord.cogs.verification:Saved 5 roles to database for user skmateti@asu.edu (Discord ID: 835797975225204748)
INFO:asu_discord.cogs.verification:Refreshed Salesforce roles for Discord user 835797975225204748: -5/+5 roles, assigned=[Arizona Resident, Commited, First Year, Ira A. Fulton Schools of Engineering, Tempe]
ERROR:cron.jobs:refresh_salesforce_roles: failed for jlhall39 (Discord ID 707993871661137961): Failed to refresh Salesforce-based roles: Discord user 707993871661137961 is not a member of the guild
ERROR:cron.jobs:refresh_salesforce_roles: failed for rsridh16 (Discord ID 963317119578153073): Failed to refresh Salesforce-based roles: Discord user 963317119578153073 is not a member of the guild
Ignoring exception in on_member_update
Traceback (most recent call last):
  File "/usr/local/lib/python3.12/site-packages/discord/client.py", line 465, in _run_event
    await coro(*args, **kwargs)
  File "/app/asu_discord/cogs/analytics.py", line 652, in on_member_update
    before_timeout = before.timed_out_until
                     ^^^^^^^^^^^^^^^^^^^^^^
AttributeError: 'Member' object has no attribute 'timed_out_until'
Ignoring exception in on_member_update
Traceback (most recent call last):
  File "/usr/local/lib/python3.12/site-packages/discord/client.py", line 465, in _run_event
    await coro(*args, **kwargs)
  File "/app/asu_discord/cogs/analytics.py", line 652, in on_member_update
    before_timeout = before.timed_out_until
                     ^^^^^^^^^^^^^^^^^^^^^^
AttributeError: 'Member' object has no attribute 'timed_out_until'
Ignoring exception in on_member_update
Traceback (most recent call last):
  File "/usr/local/lib/python3.12/site-packages/discord/client.py", line 465, in _run_event
    await coro(*args, **kwargs)
  File "/app/asu_discord/cogs/analytics.py", line 652, in on_member_update
    before_timeout = before.timed_out_until
                     ^^^^^^^^^^^^^^^^^^^^^^
AttributeError: 'Member' object has no attribute 'timed_out_until'
Ignoring exception in on_member_update
Traceback (most recent call last):
  File "/usr/local/lib/python3.12/site-packages/discord/client.py", line 465, in _run_event
    await coro(*args, **kwargs)
  File "/app/asu_discord/cogs/analytics.py", line 652, in on_member_update
    before_timeout = before.timed_out_until
                     ^^^^^^^^^^^^^^^^^^^^^^
AttributeError: 'Member' object has no attribute 'timed_out_until'
Ignoring exception in on_member_update
Traceback (most recent call last):
  File "/usr/local/lib/python3.12/site-packages/discord/client.py", line 465, in _run_event
    await coro(*args, **kwargs)
  File "/app/asu_discord/cogs/analytics.py", line 652, in on_member_update
    before_timeout = before.timed_out_until
                     ^^^^^^^^^^^^^^^^^^^^^^
AttributeError: 'Member' object has no attribute 'timed_out_until'
Ignoring exception in on_member_update
Traceback (most recent call last):
  File "/usr/local/lib/python3.12/site-packages/discord/client.py", line 465, in _run_event
    await coro(*args, **kwargs)
  File "/app/asu_discord/cogs/analytics.py", line 652, in on_member_update
    before_timeout = before.timed_out_until
                     ^^^^^^^^^^^^^^^^^^^^^^
AttributeError: 'Member' object has no attribute 'timed_out_until'
Ignoring exception in on_member_update
Traceback (most recent call last):
  File "/usr/local/lib/python3.12/site-packages/discord/client.py", line 465, in _run_event
    await coro(*args, **kwargs)
  File "/app/asu_discord/cogs/analytics.py", line 652, in on_member_update
    before_timeout = before.timed_out_until
                     ^^^^^^^^^^^^^^^^^^^^^^
AttributeError: 'Member' object has no attribute 'timed_out_until'
Ignoring exception in on_member_update
Traceback (most recent call last):
  File "/usr/local/lib/python3.12/site-packages/discord/client.py", line 465, in _run_event
    await coro(*args, **kwargs)
  File "/app/asu_discord/cogs/analytics.py", line 652, in on_member_update
    before_timeout = before.timed_out_until
                     ^^^^^^^^^^^^^^^^^^^^^^
AttributeError: 'Member' object has no attribute 'timed_out_until'
Ignoring exception in on_member_update
Traceback (most recent call last):
  File "/usr/local/lib/python3.12/site-packages/discord/client.py", line 465, in _run_event
    await coro(*args, **kwargs)
  File "/app/asu_discord/cogs/analytics.py", line 652, in on_member_update
    before_timeout = before.timed_out_until
                     ^^^^^^^^^^^^^^^^^^^^^^
AttributeError: 'Member' object has no attribute 'timed_out_until'
Ignoring exception in on_member_update
Traceback (most recent call last):
  File "/usr/local/lib/python3.12/site-packages/discord/client.py", line 465, in _run_event
    await coro(*args, **kwargs)
  File "/app/asu_discord/cogs/analytics.py", line 652, in on_member_update
    before_timeout = before.timed_out_until
                     ^^^^^^^^^^^^^^^^^^^^^^
AttributeError: 'Member' object has no attribute 'timed_out_until'
INFO:asu_discord.cogs.verification:Saved 5 roles to database for user jatejed2@asu.edu (Discord ID: 600492721848713227)
INFO:asu_discord.cogs.verification:Refreshed Salesforce roles for Discord user 600492721848713227: -5/+5 roles, assigned=[Ira A. Fulton Schools of Engineering, Online, Out of State, Transfer Student, Upperclassmen]
Ignoring exception in on_member_update
Traceback (most recent call last):
  File "/usr/local/lib/python3.12/site-packages/discord/client.py", line 465, in _run_event
    await coro(*args, **kwargs)
  File "/app/asu_discord/cogs/analytics.py", line 652, in on_member_update
    before_timeout = before.timed_out_until
                     ^^^^^^^^^^^^^^^^^^^^^^
AttributeError: 'Member' object has no attribute 'timed_out_until'
Ignoring exception in on_member_update
Traceback (most recent call last):
  File "/usr/local/lib/python3.12/site-packages/discord/client.py", line 465, in _run_event
    await coro(*args, **kwargs)
  File "/app/asu_discord/cogs/analytics.py", line 652, in on_member_update
    before_timeout = before.timed_out_until
                     ^^^^^^^^^^^^^^^^^^^^^^
AttributeError: 'Member' object has no attribute 'timed_out_until'
Ignoring exception in on_member_update
Traceback (most recent call last):
  File "/usr/local/lib/python3.12/site-packages/discord/client.py", line 465, in _run_event
    await coro(*args, **kwargs)
  File "/app/asu_discord/cogs/analytics.py", line 652, in on_member_update
    before_timeout = before.timed_out_until
                     ^^^^^^^^^^^^^^^^^^^^^^
AttributeError: 'Member' object has no attribute 'timed_out_until'
Ignoring exception in on_member_update
Traceback (most recent call last):
  File "/usr/local/lib/python3.12/site-packages/discord/client.py", line 465, in _run_event
    await coro(*args, **kwargs)
  File "/app/asu_discord/cogs/analytics.py", line 652, in on_member_update
    before_timeout = before.timed_out_until
                     ^^^^^^^^^^^^^^^^^^^^^^
AttributeError: 'Member' object has no attribute 'timed_out_until'
Ignoring exception in on_member_update
Traceback (most recent call last):
  File "/usr/local/lib/python3.12/site-packages/discord/client.py", line 465, in _run_event
    await coro(*args, **kwargs)
  File "/app/asu_discord/cogs/analytics.py", line 652, in on_member_update
    before_timeout = before.timed_out_until
                     ^^^^^^^^^^^^^^^^^^^^^^
AttributeError: 'Member' object has no attribute 'timed_out_until'
Ignoring exception in on_member_update
Traceback (most recent call last):
  File "/usr/local/lib/python3.12/site-packages/discord/client.py", line 465, in _run_event
    await coro(*args, **kwargs)
  File "/app/asu_discord/cogs/analytics.py", line 652, in on_member_update
    before_timeout = before.timed_out_until
                     ^^^^^^^^^^^^^^^^^^^^^^
AttributeError: 'Member' object has no attribute 'timed_out_until'
Ignoring exception in on_member_update
Traceback (most recent call last):
  File "/usr/local/lib/python3.12/site-packages/discord/client.py", line 465, in _run_event
    await coro(*args, **kwargs)
  File "/app/asu_discord/cogs/analytics.py", line 652, in on_member_update
    before_timeout = before.timed_out_until
                     ^^^^^^^^^^^^^^^^^^^^^^
AttributeError: 'Member' object has no attribute 'timed_out_until'
Ignoring exception in on_member_update
Traceback (most recent call last):
  File "/usr/local/lib/python3.12/site-packages/discord/client.py", line 465, in _run_event
    await coro(*args, **kwargs)
  File "/app/asu_discord/cogs/analytics.py", line 652, in on_member_update
    before_timeout = before.timed_out_until
                     ^^^^^^^^^^^^^^^^^^^^^^
AttributeError: 'Member' object has no attribute 'timed_out_until'
Ignoring exception in on_member_update
Traceback (most recent call last):
  File "/usr/local/lib/python3.12/site-packages/discord/client.py", line 465, in _run_event
    await coro(*args, **kwargs)
  File "/app/asu_discord/cogs/analytics.py", line 652, in on_member_update
    before_timeout = before.timed_out_until
                     ^^^^^^^^^^^^^^^^^^^^^^
AttributeError: 'Member' object has no attribute 'timed_out_until'
Ignoring exception in on_member_update
Traceback (most recent call last):
  File "/usr/local/lib/python3.12/site-packages/discord/client.py", line 465, in _run_event
    await coro(*args, **kwargs)
  File "/app/asu_discord/cogs/analytics.py", line 652, in on_member_update
    before_timeout = before.timed_out_until
                     ^^^^^^^^^^^^^^^^^^^^^^
AttributeError: 'Member' object has no attribute 'timed_out_until'
INFO:asu_discord.cogs.verification:Saved 5 roles to database for user gzarillo@asu.edu (Discord ID: 488391446236364811)
INFO:asu_discord.cogs.verification:Refreshed Salesforce roles for Discord user 488391446236364811: -5/+5 roles, assigned=[Commited, First Year, Ira A. Fulton Schools of Engineering, Out of State, Tempe]
Ignoring exception in on_member_update
Traceback (most recent call last):
  File "/usr/local/lib/python3.12/site-packages/discord/client.py", line 465, in _run_event
    await coro(*args, **kwargs)
  File "/app/asu_discord/cogs/analytics.py", line 652, in on_member_update
    before_timeout = before.timed_out_until
                     ^^^^^^^^^^^^^^^^^^^^^^
AttributeError: 'Member' object has no attribute 'timed_out_until'
Ignoring exception in on_member_update
Traceback (most recent call last):
  File "/usr/local/lib/python3.12/site-packages/discord/client.py", line 465, in _run_event
    await coro(*args, **kwargs)
  File "/app/asu_discord/cogs/analytics.py", line 652, in on_member_update
    before_timeout = before.timed_out_until
                     ^^^^^^^^^^^^^^^^^^^^^^
AttributeError: 'Member' object has no attribute 'timed_out_until'
Ignoring exception in on_member_update
Traceback (most recent call last):
  File "/usr/local/lib/python3.12/site-packages/discord/client.py", line 465, in _run_event
    await coro(*args, **kwargs)
  File "/app/asu_discord/cogs/analytics.py", line 652, in on_member_update
    before_timeout = before.timed_out_until
                     ^^^^^^^^^^^^^^^^^^^^^^
AttributeError: 'Member' object has no attribute 'timed_out_until'
Ignoring exception in on_member_update
Traceback (most recent call last):
  File "/usr/local/lib/python3.12/site-packages/discord/client.py", line 465, in _run_event
    await coro(*args, **kwargs)
  File "/app/asu_discord/cogs/analytics.py", line 652, in on_member_update
    before_timeout = before.timed_out_until
                     ^^^^^^^^^^^^^^^^^^^^^^
AttributeError: 'Member' object has no attribute 'timed_out_until'
Ignoring exception in on_member_update
Traceback (most recent call last):
  File "/usr/local/lib/python3.12/site-packages/discord/client.py", line 465, in _run_event
    await coro(*args, **kwargs)
  File "/app/asu_discord/cogs/analytics.py", line 652, in on_member_update
    before_timeout = before.timed_out_until
                     ^^^^^^^^^^^^^^^^^^^^^^
AttributeError: 'Member' object has no attribute 'timed_out_until'
Ignoring exception in on_member_update
Traceback (most recent call last):
  File "/usr/local/lib/python3.12/site-packages/discord/client.py", line 465, in _run_event
    await coro(*args, **kwargs)
  File "/app/asu_discord/cogs/analytics.py", line 652, in on_member_update
    before_timeout = before.timed_out_until
                     ^^^^^^^^^^^^^^^^^^^^^^
AttributeError: 'Member' object has no attribute 'timed_out_until'
Ignoring exception in on_member_update
Traceback (most recent call last):
  File "/usr/local/lib/python3.12/site-packages/discord/client.py", line 465, in _run_event
    await coro(*args, **kwargs)
  File "/app/asu_discord/cogs/analytics.py", line 652, in on_member_update
    before_timeout = before.timed_out_until
                     ^^^^^^^^^^^^^^^^^^^^^^
AttributeError: 'Member' object has no attribute 'timed_out_until'
Ignoring exception in on_member_update
Traceback (most recent call last):
  File "/usr/local/lib/python3.12/site-packages/discord/client.py", line 465, in _run_event
    await coro(*args, **kwargs)
  File "/app/asu_discord/cogs/analytics.py", line 652, in on_member_update
    before_timeout = before.timed_out_until
                     ^^^^^^^^^^^^^^^^^^^^^^
AttributeError: 'Member' object has no attribute 'timed_out_until'
Ignoring exception in on_member_update
Traceback (most recent call last):
  File "/usr/local/lib/python3.12/site-packages/discord/client.py", line 465, in _run_event
    await coro(*args, **kwargs)
  File "/app/asu_discord/cogs/analytics.py", line 652, in on_member_update
    before_timeout = before.timed_out_until
                     ^^^^^^^^^^^^^^^^^^^^^^
AttributeError: 'Member' object has no attribute 'timed_out_until'
Ignoring exception in on_member_update
Traceback (most recent call last):
  File "/usr/local/lib/python3.12/site-packages/discord/client.py", line 465, in _run_event
    await coro(*args, **kwargs)
  File "/app/asu_discord/cogs/analytics.py", line 652, in on_member_update
    before_timeout = before.timed_out_until
                     ^^^^^^^^^^^^^^^^^^^^^^
AttributeError: 'Member' object has no attribute 'timed_out_until'
INFO:asu_discord.cogs.verification:Saved 6 roles to database for user hjgopina@asu.edu (Discord ID: 884758039318659112)
INFO:asu_discord.cogs.verification:Refreshed Salesforce roles for Discord user 884758039318659112: -5/+5 roles, assigned=[College of Health Solutions, Commited, Downtown Phoenix, First Year, Out of State, Upperclassmen]
Ignoring exception in on_member_update
Traceback (most recent call last):
  File "/usr/local/lib/python3.12/site-packages/discord/client.py", line 465, in _run_event
    await coro(*args, **kwargs)
  File "/app/asu_discord/cogs/analytics.py", line 652, in on_member_update
    before_timeout = before.timed_out_until
                     ^^^^^^^^^^^^^^^^^^^^^^
AttributeError: 'Member' object has no attribute 'timed_out_until'
Ignoring exception in on_member_update
Traceback (most recent call last):
  File "/usr/local/lib/python3.12/site-packages/discord/client.py", line 465, in _run_event
    await coro(*args, **kwargs)
  File "/app/asu_discord/cogs/analytics.py", line 652, in on_member_update
    before_timeout = before.timed_out_until
                     ^^^^^^^^^^^^^^^^^^^^^^
AttributeError: 'Member' object has no attribute 'timed_out_until'
Ignoring exception in on_member_update
Traceback (most recent call last):
  File "/usr/local/lib/python3.12/site-packages/discord/client.py", line 465, in _run_event
    await coro(*args, **kwargs)
  File "/app/asu_discord/cogs/analytics.py", line 652, in on_member_update
    before_timeout = before.timed_out_until
                     ^^^^^^^^^^^^^^^^^^^^^^
AttributeError: 'Member' object has no attribute 'timed_out_until'
Ignoring exception in on_member_update
Traceback (most recent call last):
  File "/usr/local/lib/python3.12/site-packages/discord/client.py", line 465, in _run_event
    await coro(*args, **kwargs)
  File "/app/asu_discord/cogs/analytics.py", line 652, in on_member_update
    before_timeout = before.timed_out_until
                     ^^^^^^^^^^^^^^^^^^^^^^
AttributeError: 'Member' object has no attribute 'timed_out_until'
Ignoring exception in on_member_update
Traceback (most recent call last):
  File "/usr/local/lib/python3.12/site-packages/discord/client.py", line 465, in _run_event
    await coro(*args, **kwargs)
  File "/app/asu_discord/cogs/analytics.py", line 652, in on_member_update
    before_timeout = before.timed_out_until
                     ^^^^^^^^^^^^^^^^^^^^^^
AttributeError: 'Member' object has no attribute 'timed_out_until'
Ignoring exception in on_member_update
Traceback (most recent call last):
  File "/usr/local/lib/python3.12/site-packages/discord/client.py", line 465, in _run_event
    await coro(*args, **kwargs)
  File "/app/asu_discord/cogs/analytics.py", line 652, in on_member_update
    before_timeout = before.timed_out_until
                     ^^^^^^^^^^^^^^^^^^^^^^
AttributeError: 'Member' object has no attribute 'timed_out_until'
Ignoring exception in on_member_update
Traceback (most recent call last):
  File "/usr/local/lib/python3.12/site-packages/discord/client.py", line 465, in _run_event
    await coro(*args, **kwargs)
  File "/app/asu_discord/cogs/analytics.py", line 652, in on_member_update
    before_timeout = before.timed_out_until
                     ^^^^^^^^^^^^^^^^^^^^^^
AttributeError: 'Member' object has no attribute 'timed_out_until'
Ignoring exception in on_member_update
Traceback (most recent call last):
  File "/usr/local/lib/python3.12/site-packages/discord/client.py", line 465, in _run_event
    await coro(*args, **kwargs)
  File "/app/asu_discord/cogs/analytics.py", line 652, in on_member_update
    before_timeout = before.timed_out_until
                     ^^^^^^^^^^^^^^^^^^^^^^
AttributeError: 'Member' object has no attribute 'timed_out_until'
INFO:asu_discord.cogs.verification:Saved 4 roles to database for user swalsta1@asu.edu (Discord ID: 637688134053789757)
INFO:asu_discord.cogs.verification:Refreshed Salesforce roles for Discord user 637688134053789757: -4/+4 roles, assigned=[Arizona Resident, College of Liberal Arts and Sciences, First Year, Tempe]
Ignoring exception in on_member_update
Traceback (most recent call last):
  File "/usr/local/lib/python3.12/site-packages/discord/client.py", line 465, in _run_event
    await coro(*args, **kwargs)
  File "/app/asu_discord/cogs/analytics.py", line 652, in on_member_update
    before_timeout = before.timed_out_until
                     ^^^^^^^^^^^^^^^^^^^^^^
AttributeError: 'Member' object has no attribute 'timed_out_until'
Ignoring exception in on_member_update
Traceback (most recent call last):
  File "/usr/local/lib/python3.12/site-packages/discord/client.py", line 465, in _run_event
    await coro(*args, **kwargs)
  File "/app/asu_discord/cogs/analytics.py", line 652, in on_member_update
    before_timeout = before.timed_out_until
                     ^^^^^^^^^^^^^^^^^^^^^^
AttributeError: 'Member' object has no attribute 'timed_out_until'
Ignoring exception in on_member_update
Traceback (most recent call last):
  File "/usr/local/lib/python3.12/site-packages/discord/client.py", line 465, in _run_event
    await coro(*args, **kwargs)
  File "/app/asu_discord/cogs/analytics.py", line 652, in on_member_update
    before_timeout = before.timed_out_until
                     ^^^^^^^^^^^^^^^^^^^^^^
AttributeError: 'Member' object has no attribute 'timed_out_until'
Ignoring exception in on_member_update
Traceback (most recent call last):
  File "/usr/local/lib/python3.12/site-packages/discord/client.py", line 465, in _run_event
    await coro(*args, **kwargs)
  File "/app/asu_discord/cogs/analytics.py", line 652, in on_member_update
    before_timeout = before.timed_out_until
                     ^^^^^^^^^^^^^^^^^^^^^^
AttributeError: 'Member' object has no attribute 'timed_out_until'
Ignoring exception in on_member_update
Traceback (most recent call last):
  File "/usr/local/lib/python3.12/site-packages/discord/client.py", line 465, in _run_event
    await coro(*args, **kwargs)
  File "/app/asu_discord/cogs/analytics.py", line 652, in on_member_update
    before_timeout = before.timed_out_until
                     ^^^^^^^^^^^^^^^^^^^^^^
AttributeError: 'Member' object has no attribute 'timed_out_until'
Ignoring exception in on_member_update
Traceback (most recent call last):
  File "/usr/local/lib/python3.12/site-packages/discord/client.py", line 465, in _run_event
    await coro(*args, **kwargs)
  File "/app/asu_discord/cogs/analytics.py", line 652, in on_member_update
    before_timeout = before.timed_out_until
                     ^^^^^^^^^^^^^^^^^^^^^^
AttributeError: 'Member' object has no attribute 'timed_out_until'
Ignoring exception in on_member_update
Traceback (most recent call last):
  File "/usr/local/lib/python3.12/site-packages/discord/client.py", line 465, in _run_event
    await coro(*args, **kwargs)
  File "/app/asu_discord/cogs/analytics.py", line 652, in on_member_update
    before_timeout = before.timed_out_until
                     ^^^^^^^^^^^^^^^^^^^^^^
AttributeError: 'Member' object has no attribute 'timed_out_until'
Ignoring exception in on_member_update
Traceback (most recent call last):
  File "/usr/local/lib/python3.12/site-packages/discord/client.py", line 465, in _run_event
    await coro(*args, **kwargs)
  File "/app/asu_discord/cogs/analytics.py", line 652, in on_member_update
    before_timeout = before.timed_out_until
                     ^^^^^^^^^^^^^^^^^^^^^^
AttributeError: 'Member' object has no attribute 'timed_out_until'
INFO:asu_discord.cogs.verification:Saved 4 roles to database for user rmfranc5@asu.edu (Discord ID: 724015273354723328)
INFO:asu_discord.cogs.verification:Refreshed Salesforce roles for Discord user 724015273354723328: -4/+4 roles, assigned=[Arizona Resident, First Year, Tempe, University College]
Ignoring exception in on_member_update
Traceback (most recent call last):
  File "/usr/local/lib/python3.12/site-packages/discord/client.py", line 465, in _run_event
    await coro(*args, **kwargs)
  File "/app/asu_discord/cogs/analytics.py", line 652, in on_member_update
    before_timeout = before.timed_out_until
                     ^^^^^^^^^^^^^^^^^^^^^^
AttributeError: 'Member' object has no attribute 'timed_out_until'
Ignoring exception in on_member_update
Traceback (most recent call last):
  File "/usr/local/lib/python3.12/site-packages/discord/client.py", line 465, in _run_event
    await coro(*args, **kwargs)
  File "/app/asu_discord/cogs/analytics.py", line 652, in on_member_update
    before_timeout = before.timed_out_until
                     ^^^^^^^^^^^^^^^^^^^^^^
AttributeError: 'Member' object has no attribute 'timed_out_until'
Ignoring exception in on_member_update
Traceback (most recent call last):
  File "/usr/local/lib/python3.12/site-packages/discord/client.py", line 465, in _run_event
    await coro(*args, **kwargs)
  File "/app/asu_discord/cogs/analytics.py", line 652, in on_member_update
    before_timeout = before.timed_out_until
                     ^^^^^^^^^^^^^^^^^^^^^^
AttributeError: 'Member' object has no attribute 'timed_out_until'
Ignoring exception in on_member_update
Traceback (most recent call last):
  File "/usr/local/lib/python3.12/site-packages/discord/client.py", line 465, in _run_event
    await coro(*args, **kwargs)
  File "/app/asu_discord/cogs/analytics.py", line 652, in on_member_update
    before_timeout = before.timed_out_until
                     ^^^^^^^^^^^^^^^^^^^^^^
AttributeError: 'Member' object has no attribute 'timed_out_until'
Ignoring exception in on_member_update
Traceback (most recent call last):
  File "/usr/local/lib/python3.12/site-packages/discord/client.py", line 465, in _run_event
    await coro(*args, **kwargs)
  File "/app/asu_discord/cogs/analytics.py", line 652, in on_member_update
    before_timeout = before.timed_out_until
                     ^^^^^^^^^^^^^^^^^^^^^^
AttributeError: 'Member' object has no attribute 'timed_out_until'
Ignoring exception in on_member_update
Traceback (most recent call last):
  File "/usr/local/lib/python3.12/site-packages/discord/client.py", line 465, in _run_event
    await coro(*args, **kwargs)
  File "/app/asu_discord/cogs/analytics.py", line 652, in on_member_update
    before_timeout = before.timed_out_until
                     ^^^^^^^^^^^^^^^^^^^^^^
AttributeError: 'Member' object has no attribute 'timed_out_until'
Ignoring exception in on_member_update
Traceback (most recent call last):
  File "/usr/local/lib/python3.12/site-packages/discord/client.py", line 465, in _run_event
    await coro(*args, **kwargs)
  File "/app/asu_discord/cogs/analytics.py", line 652, in on_member_update
    before_timeout = before.timed_out_until
                     ^^^^^^^^^^^^^^^^^^^^^^
AttributeError: 'Member' object has no attribute 'timed_out_until'
Ignoring exception in on_member_update
Traceback (most recent call last):
  File "/usr/local/lib/python3.12/site-packages/discord/client.py", line 465, in _run_event
    await coro(*args, **kwargs)
  File "/app/asu_discord/cogs/analytics.py", line 652, in on_member_update
    before_timeout = before.timed_out_until
                     ^^^^^^^^^^^^^^^^^^^^^^
AttributeError: 'Member' object has no attribute 'timed_out_until'
INFO:asu_discord.cogs.verification:Saved 4 roles to database for user kbritta2@asu.edu (Discord ID: 910181560744026213)
INFO:asu_discord.cogs.verification:Refreshed Salesforce roles for Discord user 910181560744026213: -4/+4 roles, assigned=[Arizona Resident, College of Liberal Arts and Sciences, First Year, Tempe]
Ignoring exception in on_member_update
Traceback (most recent call last):
  File "/usr/local/lib/python3.12/site-packages/discord/client.py", line 465, in _run_event
    await coro(*args, **kwargs)
  File "/app/asu_discord/cogs/analytics.py", line 652, in on_member_update
    before_timeout = before.timed_out_until
                     ^^^^^^^^^^^^^^^^^^^^^^
AttributeError: 'Member' object has no attribute 'timed_out_until'
Ignoring exception in on_member_update
Traceback (most recent call last):
  File "/usr/local/lib/python3.12/site-packages/discord/client.py", line 465, in _run_event
    await coro(*args, **kwargs)
  File "/app/asu_discord/cogs/analytics.py", line 652, in on_member_update
    before_timeout = before.timed_out_until
                     ^^^^^^^^^^^^^^^^^^^^^^
AttributeError: 'Member' object has no attribute 'timed_out_until'
Ignoring exception in on_member_update
Traceback (most recent call last):
  File "/usr/local/lib/python3.12/site-packages/discord/client.py", line 465, in _run_event
    await coro(*args, **kwargs)
  File "/app/asu_discord/cogs/analytics.py", line 652, in on_member_update
    before_timeout = before.timed_out_until
                     ^^^^^^^^^^^^^^^^^^^^^^
AttributeError: 'Member' object has no attribute 'timed_out_until'
Ignoring exception in on_member_update
Traceback (most recent call last):
  File "/usr/local/lib/python3.12/site-packages/discord/client.py", line 465, in _run_event
    await coro(*args, **kwargs)
  File "/app/asu_discord/cogs/analytics.py", line 652, in on_member_update
    before_timeout = before.timed_out_until
                     ^^^^^^^^^^^^^^^^^^^^^^
AttributeError: 'Member' object has no attribute 'timed_out_until'
Ignoring exception in on_member_update
Traceback (most recent call last):
  File "/usr/local/lib/python3.12/site-packages/discord/client.py", line 465, in _run_event
    await coro(*args, **kwargs)
  File "/app/asu_discord/cogs/analytics.py", line 652, in on_member_update
    before_timeout = before.timed_out_until
                     ^^^^^^^^^^^^^^^^^^^^^^
AttributeError: 'Member' object has no attribute 'timed_out_until'
Ignoring exception in on_member_update
Traceback (most recent call last):
  File "/usr/local/lib/python3.12/site-packages/discord/client.py", line 465, in _run_event
    await coro(*args, **kwargs)
  File "/app/asu_discord/cogs/analytics.py", line 652, in on_member_update
    before_timeout = before.timed_out_until
                     ^^^^^^^^^^^^^^^^^^^^^^
AttributeError: 'Member' object has no attribute 'timed_out_until'
Ignoring exception in on_member_update
Traceback (most recent call last):
  File "/usr/local/lib/python3.12/site-packages/discord/client.py", line 465, in _run_event
    await coro(*args, **kwargs)
  File "/app/asu_discord/cogs/analytics.py", line 652, in on_member_update
    before_timeout = before.timed_out_until
                     ^^^^^^^^^^^^^^^^^^^^^^
AttributeError: 'Member' object has no attribute 'timed_out_until'
Ignoring exception in on_member_update
Traceback (most recent call last):
  File "/usr/local/lib/python3.12/site-packages/discord/client.py", line 465, in _run_event
    await coro(*args, **kwargs)
  File "/app/asu_discord/cogs/analytics.py", line 652, in on_member_update
    before_timeout = before.timed_out_until
                     ^^^^^^^^^^^^^^^^^^^^^^
AttributeError: 'Member' object has no attribute 'timed_out_until'
Ignoring exception in on_member_update
Traceback (most recent call last):
  File "/usr/local/lib/python3.12/site-packages/discord/client.py", line 465, in _run_event
    await coro(*args, **kwargs)
  File "/app/asu_discord/cogs/analytics.py", line 652, in on_member_update
    before_timeout = before.timed_out_until
                     ^^^^^^^^^^^^^^^^^^^^^^
AttributeError: 'Member' object has no attribute 'timed_out_until'
Ignoring exception in on_member_update
Traceback (most recent call last):
  File "/usr/local/lib/python3.12/site-packages/discord/client.py", line 465, in _run_event
    await coro(*args, **kwargs)
  File "/app/asu_discord/cogs/analytics.py", line 652, in on_member_update
    before_timeout = before.timed_out_until
                     ^^^^^^^^^^^^^^^^^^^^^^
AttributeError: 'Member' object has no attribute 'timed_out_until'
INFO:asu_discord.cogs.verification:Saved 5 roles to database for user amsoli14@asu.edu (Discord ID: 801157294301118485)
INFO:asu_discord.cogs.verification:Refreshed Salesforce roles for Discord user 801157294301118485: -5/+5 roles, assigned=[Arizona Resident, Commited, First Year, Tempe, W.P. Carey School of Business]
ERROR:cron.jobs:refresh_salesforce_roles: failed for zleffue (Discord ID 722227507511689297): Failed to refresh Salesforce-based roles: Discord user 722227507511689297 is not a member of the guild
Ignoring exception in on_member_update
Traceback (most recent call last):
  File "/usr/local/lib/python3.12/site-packages/discord/client.py", line 465, in _run_event
    await coro(*args, **kwargs)
  File "/app/asu_discord/cogs/analytics.py", line 652, in on_member_update
    before_timeout = before.timed_out_until
                     ^^^^^^^^^^^^^^^^^^^^^^
AttributeError: 'Member' object has no attribute 'timed_out_until'
Ignoring exception in on_member_update
Traceback (most recent call last):
  File "/usr/local/lib/python3.12/site-packages/discord/client.py", line 465, in _run_event
    await coro(*args, **kwargs)
  File "/app/asu_discord/cogs/analytics.py", line 652, in on_member_update
    before_timeout = before.timed_out_until
                     ^^^^^^^^^^^^^^^^^^^^^^
AttributeError: 'Member' object has no attribute 'timed_out_until'
Ignoring exception in on_member_update
Traceback (most recent call last):
  File "/usr/local/lib/python3.12/site-packages/discord/client.py", line 465, in _run_event
    await coro(*args, **kwargs)
  File "/app/asu_discord/cogs/analytics.py", line 652, in on_member_update
    before_timeout = before.timed_out_until
                     ^^^^^^^^^^^^^^^^^^^^^^
AttributeError: 'Member' object has no attribute 'timed_out_until'
Ignoring exception in on_member_update
Traceback (most recent call last):
  File "/usr/local/lib/python3.12/site-packages/discord/client.py", line 465, in _run_event
    await coro(*args, **kwargs)
  File "/app/asu_discord/cogs/analytics.py", line 652, in on_member_update
    before_timeout = before.timed_out_until
                     ^^^^^^^^^^^^^^^^^^^^^^
AttributeError: 'Member' object has no attribute 'timed_out_until'
Ignoring exception in on_member_update
Traceback (most recent call last):
  File "/usr/local/lib/python3.12/site-packages/discord/client.py", line 465, in _run_event
    await coro(*args, **kwargs)
  File "/app/asu_discord/cogs/analytics.py", line 652, in on_member_update
    before_timeout = before.timed_out_until
                     ^^^^^^^^^^^^^^^^^^^^^^
AttributeError: 'Member' object has no attribute 'timed_out_until'
Ignoring exception in on_member_update
Traceback (most recent call last):
  File "/usr/local/lib/python3.12/site-packages/discord/client.py", line 465, in _run_event
    await coro(*args, **kwargs)
  File "/app/asu_discord/cogs/analytics.py", line 652, in on_member_update
    before_timeout = before.timed_out_until
                     ^^^^^^^^^^^^^^^^^^^^^^
AttributeError: 'Member' object has no attribute 'timed_out_until'
Ignoring exception in on_member_update
Traceback (most recent call last):
  File "/usr/local/lib/python3.12/site-packages/discord/client.py", line 465, in _run_event
    await coro(*args, **kwargs)
  File "/app/asu_discord/cogs/analytics.py", line 652, in on_member_update
    before_timeout = before.timed_out_until
                     ^^^^^^^^^^^^^^^^^^^^^^
AttributeError: 'Member' object has no attribute 'timed_out_until'
Ignoring exception in on_member_update
Traceback (most recent call last):
  File "/usr/local/lib/python3.12/site-packages/discord/client.py", line 465, in _run_event
    await coro(*args, **kwargs)
  File "/app/asu_discord/cogs/analytics.py", line 652, in on_member_update
    before_timeout = before.timed_out_until
                     ^^^^^^^^^^^^^^^^^^^^^^
AttributeError: 'Member' object has no attribute 'timed_out_until'
Ignoring exception in on_member_update
Traceback (most recent call last):
  File "/usr/local/lib/python3.12/site-packages/discord/client.py", line 465, in _run_event
    await coro(*args, **kwargs)
  File "/app/asu_discord/cogs/analytics.py", line 652, in on_member_update
    before_timeout = before.timed_out_until
                     ^^^^^^^^^^^^^^^^^^^^^^
AttributeError: 'Member' object has no attribute 'timed_out_until'
Ignoring exception in on_member_update
Traceback (most recent call last):
  File "/usr/local/lib/python3.12/site-packages/discord/client.py", line 465, in _run_event
    await coro(*args, **kwargs)
  File "/app/asu_discord/cogs/analytics.py", line 652, in on_member_update
    before_timeout = before.timed_out_until
                     ^^^^^^^^^^^^^^^^^^^^^^
AttributeError: 'Member' object has no attribute 'timed_out_until'
ERROR:cron.jobs:refresh_salesforce_roles: failed for abalmut2 (Discord ID 942340521131659284): Timed out refresh Salesforce-based roles
Ignoring exception in on_member_update
Traceback (most recent call last):
  File "/usr/local/lib/python3.12/site-packages/discord/client.py", line 465, in _run_event
    await coro(*args, **kwargs)
  File "/app/asu_discord/cogs/analytics.py", line 652, in on_member_update
    before_timeout = before.timed_out_until
                     ^^^^^^^^^^^^^^^^^^^^^^
AttributeError: 'Member' object has no attribute 'timed_out_until'
Ignoring exception in on_member_update
Traceback (most recent call last):
  File "/usr/local/lib/python3.12/site-packages/discord/client.py", line 465, in _run_event
    await coro(*args, **kwargs)
  File "/app/asu_discord/cogs/analytics.py", line 652, in on_member_update
    before_timeout = before.timed_out_until
                     ^^^^^^^^^^^^^^^^^^^^^^
AttributeError: 'Member' object has no attribute 'timed_out_until'
Ignoring exception in on_member_update
Traceback (most recent call last):
  File "/usr/local/lib/python3.12/site-packages/discord/client.py", line 465, in _run_event
    await coro(*args, **kwargs)
  File "/app/asu_discord/cogs/analytics.py", line 652, in on_member_update
    before_timeout = before.timed_out_until
                     ^^^^^^^^^^^^^^^^^^^^^^
AttributeError: 'Member' object has no attribute 'timed_out_until'
Ignoring exception in on_member_update
Traceback (most recent call last):
  File "/usr/local/lib/python3.12/site-packages/discord/client.py", line 465, in _run_event
    await coro(*args, **kwargs)
  File "/app/asu_discord/cogs/analytics.py", line 652, in on_member_update
    before_timeout = before.timed_out_until
                     ^^^^^^^^^^^^^^^^^^^^^^
AttributeError: 'Member' object has no attribute 'timed_out_until'
Ignoring exception in on_member_update
Traceback (most recent call last):
  File "/usr/local/lib/python3.12/site-packages/discord/client.py", line 465, in _run_event
    await coro(*args, **kwargs)
  File "/app/asu_discord/cogs/analytics.py", line 652, in on_member_update
    before_timeout = before.timed_out_until
                     ^^^^^^^^^^^^^^^^^^^^^^
AttributeError: 'Member' object has no attribute 'timed_out_until'
Ignoring exception in on_member_update
Traceback (most recent call last):
  File "/usr/local/lib/python3.12/site-packages/discord/client.py", line 465, in _run_event
    await coro(*args, **kwargs)
  File "/app/asu_discord/cogs/analytics.py", line 652, in on_member_update
    before_timeout = before.timed_out_until
                     ^^^^^^^^^^^^^^^^^^^^^^
AttributeError: 'Member' object has no attribute 'timed_out_until'
Ignoring exception in on_member_update
Traceback (most recent call last):
  File "/usr/local/lib/python3.12/site-packages/discord/client.py", line 465, in _run_event
    await coro(*args, **kwargs)
  File "/app/asu_discord/cogs/analytics.py", line 652, in on_member_update
    before_timeout = before.timed_out_until
                     ^^^^^^^^^^^^^^^^^^^^^^
AttributeError: 'Member' object has no attribute 'timed_out_until'
Ignoring exception in on_member_update
Traceback (most recent call last):
  File "/usr/local/lib/python3.12/site-packages/discord/client.py", line 465, in _run_event
    await coro(*args, **kwargs)
  File "/app/asu_discord/cogs/analytics.py", line 652, in on_member_update
    before_timeout = before.timed_out_until
                     ^^^^^^^^^^^^^^^^^^^^^^
AttributeError: 'Member' object has no attribute 'timed_out_until'
Ignoring exception in on_member_update
Traceback (most recent call last):
  File "/usr/local/lib/python3.12/site-packages/discord/client.py", line 465, in _run_event
    await coro(*args, **kwargs)
  File "/app/asu_discord/cogs/analytics.py", line 652, in on_member_update
    before_timeout = before.timed_out_until
                     ^^^^^^^^^^^^^^^^^^^^^^
AttributeError: 'Member' object has no attribute 'timed_out_until'
Ignoring exception in on_member_update
Traceback (most recent call last):
  File "/usr/local/lib/python3.12/site-packages/discord/client.py", line 465, in _run_event
    await coro(*args, **kwargs)
  File "/app/asu_discord/cogs/analytics.py", line 652, in on_member_update
    before_timeout = before.timed_out_until
                     ^^^^^^^^^^^^^^^^^^^^^^
AttributeError: 'Member' object has no attribute 'timed_out_until'
ERROR:cron.jobs:refresh_salesforce_roles: failed for yfalmuta (Discord ID 1206652136352649227): Timed out refresh Salesforce-based roles
Ignoring exception in on_member_update
Traceback (most recent call last):
  File "/usr/local/lib/python3.12/site-packages/discord/client.py", line 465, in _run_event
    await coro(*args, **kwargs)
  File "/app/asu_discord/cogs/analytics.py", line 652, in on_member_update
    before_timeout = before.timed_out_until
                     ^^^^^^^^^^^^^^^^^^^^^^
AttributeError: 'Member' object has no attribute 'timed_out_until'
Ignoring exception in on_member_update
Traceback (most recent call last):
  File "/usr/local/lib/python3.12/site-packages/discord/client.py", line 465, in _run_event
    await coro(*args, **kwargs)
  File "/app/asu_discord/cogs/analytics.py", line 652, in on_member_update
    before_timeout = before.timed_out_until
                     ^^^^^^^^^^^^^^^^^^^^^^
AttributeError: 'Member' object has no attribute 'timed_out_until'
Ignoring exception in on_member_update
Traceback (most recent call last):
  File "/usr/local/lib/python3.12/site-packages/discord/client.py", line 465, in _run_event
    await coro(*args, **kwargs)
  File "/app/asu_discord/cogs/analytics.py", line 652, in on_member_update
    before_timeout = before.timed_out_until
                     ^^^^^^^^^^^^^^^^^^^^^^
AttributeError: 'Member' object has no attribute 'timed_out_until'
Ignoring exception in on_member_update
Traceback (most recent call last):
  File "/usr/local/lib/python3.12/site-packages/discord/client.py", line 465, in _run_event
    await coro(*args, **kwargs)
  File "/app/asu_discord/cogs/analytics.py", line 652, in on_member_update
    before_timeout = before.timed_out_until
                     ^^^^^^^^^^^^^^^^^^^^^^
AttributeError: 'Member' object has no attribute 'timed_out_until'
Ignoring exception in on_member_update
Traceback (most recent call last):
  File "/usr/local/lib/python3.12/site-packages/discord/client.py", line 465, in _run_event
    await coro(*args, **kwargs)
  File "/app/asu_discord/cogs/analytics.py", line 652, in on_member_update
    before_timeout = before.timed_out_until
                     ^^^^^^^^^^^^^^^^^^^^^^
AttributeError: 'Member' object has no attribute 'timed_out_until'
Ignoring exception in on_member_update
Traceback (most recent call last):
  File "/usr/local/lib/python3.12/site-packages/discord/client.py", line 465, in _run_event
    await coro(*args, **kwargs)
  File "/app/asu_discord/cogs/analytics.py", line 652, in on_member_update
    before_timeout = before.timed_out_until
                     ^^^^^^^^^^^^^^^^^^^^^^
AttributeError: 'Member' object has no attribute 'timed_out_until'
Ignoring exception in on_member_update
Traceback (most recent call last):
  File "/usr/local/lib/python3.12/site-packages/discord/client.py", line 465, in _run_event
    await coro(*args, **kwargs)
  File "/app/asu_discord/cogs/analytics.py", line 652, in on_member_update
    before_timeout = before.timed_out_until
                     ^^^^^^^^^^^^^^^^^^^^^^
AttributeError: 'Member' object has no attribute 'timed_out_until'
Ignoring exception in on_member_update
Traceback (most recent call last):
  File "/usr/local/lib/python3.12/site-packages/discord/client.py", line 465, in _run_event
    await coro(*args, **kwargs)
  File "/app/asu_discord/cogs/analytics.py", line 652, in on_member_update
    before_timeout = before.timed_out_until
                     ^^^^^^^^^^^^^^^^^^^^^^
AttributeError: 'Member' object has no attribute 'timed_out_until'
Ignoring exception in on_member_update
Traceback (most recent call last):
  File "/usr/local/lib/python3.12/site-packages/discord/client.py", line 465, in _run_event
    await coro(*args, **kwargs)
  File "/app/asu_discord/cogs/analytics.py", line 652, in on_member_update
    before_timeout = before.timed_out_until
                     ^^^^^^^^^^^^^^^^^^^^^^
AttributeError: 'Member' object has no attribute 'timed_out_until'
INFO:asu_discord.cogs.verification:Saved 5 roles to database for user tjgree20@asu.edu (Discord ID: 973436189279404082)
INFO:asu_discord.cogs.verification:Refreshed Salesforce roles for Discord user 973436189279404082: -4/+5 roles, assigned=[College of Health Solutions, Commited, Downtown Phoenix, First Year, Out of State]
ERROR:cron.jobs:refresh_salesforce_roles: failed for dduqueca (Discord ID 358384977014161411): Failed to refresh Salesforce-based roles: Discord user 358384977014161411 is not a member of the guild
Ignoring exception in on_member_update
Traceback (most recent call last):
  File "/usr/local/lib/python3.12/site-packages/discord/client.py", line 465, in _run_event
    await coro(*args, **kwargs)
  File "/app/asu_discord/cogs/analytics.py", line 652, in on_member_update
    before_timeout = before.timed_out_until
                     ^^^^^^^^^^^^^^^^^^^^^^
AttributeError: 'Member' object has no attribute 'timed_out_until'
Ignoring exception in on_member_update
Traceback (most recent call last):
  File "/usr/local/lib/python3.12/site-packages/discord/client.py", line 465, in _run_event
    await coro(*args, **kwargs)
  File "/app/asu_discord/cogs/analytics.py", line 652, in on_member_update
    before_timeout = before.timed_out_until
                     ^^^^^^^^^^^^^^^^^^^^^^
AttributeError: 'Member' object has no attribute 'timed_out_until'
Ignoring exception in on_member_update
Traceback (most recent call last):
  File "/usr/local/lib/python3.12/site-packages/discord/client.py", line 465, in _run_event
    await coro(*args, **kwargs)
  File "/app/asu_discord/cogs/analytics.py", line 652, in on_member_update
    before_timeout = before.timed_out_until
                     ^^^^^^^^^^^^^^^^^^^^^^
AttributeError: 'Member' object has no attribute 'timed_out_until'
Ignoring exception in on_member_update
Traceback (most recent call last):
  File "/usr/local/lib/python3.12/site-packages/discord/client.py", line 465, in _run_event
    await coro(*args, **kwargs)
  File "/app/asu_discord/cogs/analytics.py", line 652, in on_member_update
    before_timeout = before.timed_out_until
                     ^^^^^^^^^^^^^^^^^^^^^^
AttributeError: 'Member' object has no attribute 'timed_out_until'
Ignoring exception in on_member_update
Traceback (most recent call last):
  File "/usr/local/lib/python3.12/site-packages/discord/client.py", line 465, in _run_event
    await coro(*args, **kwargs)
  File "/app/asu_discord/cogs/analytics.py", line 652, in on_member_update
    before_timeout = before.timed_out_until
                     ^^^^^^^^^^^^^^^^^^^^^^
AttributeError: 'Member' object has no attribute 'timed_out_until'
Ignoring exception in on_member_update
Traceback (most recent call last):
  File "/usr/local/lib/python3.12/site-packages/discord/client.py", line 465, in _run_event
    await coro(*args, **kwargs)
  File "/app/asu_discord/cogs/analytics.py", line 652, in on_member_update
    before_timeout = before.timed_out_until
                     ^^^^^^^^^^^^^^^^^^^^^^
AttributeError: 'Member' object has no attribute 'timed_out_until'
Ignoring exception in on_member_update
Traceback (most recent call last):
  File "/usr/local/lib/python3.12/site-packages/discord/client.py", line 465, in _run_event
    await coro(*args, **kwargs)
  File "/app/asu_discord/cogs/analytics.py", line 652, in on_member_update
    before_timeout = before.timed_out_until
                     ^^^^^^^^^^^^^^^^^^^^^^
AttributeError: 'Member' object has no attribute 'timed_out_until'
Ignoring exception in on_member_update
Traceback (most recent call last):
  File "/usr/local/lib/python3.12/site-packages/discord/client.py", line 465, in _run_event
    await coro(*args, **kwargs)
  File "/app/asu_discord/cogs/analytics.py", line 652, in on_member_update
    before_timeout = before.timed_out_until
                     ^^^^^^^^^^^^^^^^^^^^^^
AttributeError: 'Member' object has no attribute 'timed_out_until'
Ignoring exception in on_member_update
Traceback (most recent call last):
  File "/usr/local/lib/python3.12/site-packages/discord/client.py", line 465, in _run_event
    await coro(*args, **kwargs)
  File "/app/asu_discord/cogs/analytics.py", line 652, in on_member_update
    before_timeout = before.timed_out_until
                     ^^^^^^^^^^^^^^^^^^^^^^
AttributeError: 'Member' object has no attribute 'timed_out_until'
Ignoring exception in on_member_update
Traceback (most recent call last):
  File "/usr/local/lib/python3.12/site-packages/discord/client.py", line 465, in _run_event
    await coro(*args, **kwargs)
  File "/app/asu_discord/cogs/analytics.py", line 652, in on_member_update
    before_timeout = before.timed_out_until
                     ^^^^^^^^^^^^^^^^^^^^^^
AttributeError: 'Member' object has no attribute 'timed_out_until'
Ignoring exception in on_member_update
Traceback (most recent call last):
  File "/usr/local/lib/python3.12/site-packages/discord/client.py", line 465, in _run_event
    await coro(*args, **kwargs)
  File "/app/asu_discord/cogs/analytics.py", line 652, in on_member_update
    before_timeout = before.timed_out_until
                     ^^^^^^^^^^^^^^^^^^^^^^
AttributeError: 'Member' object has no attribute 'timed_out_until'
ERROR:cron.jobs:refresh_salesforce_roles: failed for pjravi (Discord ID 781664601699254302): Timed out refresh Salesforce-based roles
Ignoring exception in on_member_update
Traceback (most recent call last):
  File "/usr/local/lib/python3.12/site-packages/discord/client.py", line 465, in _run_event
    await coro(*args, **kwargs)
  File "/app/asu_discord/cogs/analytics.py", line 652, in on_member_update
    before_timeout = before.timed_out_until
                     ^^^^^^^^^^^^^^^^^^^^^^
AttributeError: 'Member' object has no attribute 'timed_out_until'
Ignoring exception in on_member_update
Traceback (most recent call last):
  File "/usr/local/lib/python3.12/site-packages/discord/client.py", line 465, in _run_event
    await coro(*args, **kwargs)
  File "/app/asu_discord/cogs/analytics.py", line 652, in on_member_update
    before_timeout = before.timed_out_until
                     ^^^^^^^^^^^^^^^^^^^^^^
AttributeError: 'Member' object has no attribute 'timed_out_until'
Ignoring exception in on_member_update
Traceback (most recent call last):
  File "/usr/local/lib/python3.12/site-packages/discord/client.py", line 465, in _run_event
    await coro(*args, **kwargs)
  File "/app/asu_discord/cogs/analytics.py", line 652, in on_member_update
    before_timeout = before.timed_out_until
                     ^^^^^^^^^^^^^^^^^^^^^^
AttributeError: 'Member' object has no attribute 'timed_out_until'
Ignoring exception in on_member_update
Traceback (most recent call last):
  File "/usr/local/lib/python3.12/site-packages/discord/client.py", line 465, in _run_event
    await coro(*args, **kwargs)
  File "/app/asu_discord/cogs/analytics.py", line 652, in on_member_update
    before_timeout = before.timed_out_until
                     ^^^^^^^^^^^^^^^^^^^^^^
AttributeError: 'Member' object has no attribute 'timed_out_until'
Ignoring exception in on_member_update
Traceback (most recent call last):
  File "/usr/local/lib/python3.12/site-packages/discord/client.py", line 465, in _run_event
    await coro(*args, **kwargs)
  File "/app/asu_discord/cogs/analytics.py", line 652, in on_member_update
    before_timeout = before.timed_out_until
                     ^^^^^^^^^^^^^^^^^^^^^^
AttributeError: 'Member' object has no attribute 'timed_out_until'
Ignoring exception in on_member_update
Traceback (most recent call last):
  File "/usr/local/lib/python3.12/site-packages/discord/client.py", line 465, in _run_event
    await coro(*args, **kwargs)
  File "/app/asu_discord/cogs/analytics.py", line 652, in on_member_update
    before_timeout = before.timed_out_until
                     ^^^^^^^^^^^^^^^^^^^^^^
AttributeError: 'Member' object has no attribute 'timed_out_until'
Ignoring exception in on_member_update
Traceback (most recent call last):
  File "/usr/local/lib/python3.12/site-packages/discord/client.py", line 465, in _run_event
    await coro(*args, **kwargs)
  File "/app/asu_discord/cogs/analytics.py", line 652, in on_member_update
    before_timeout = before.timed_out_until
                     ^^^^^^^^^^^^^^^^^^^^^^
AttributeError: 'Member' object has no attribute 'timed_out_until'
Ignoring exception in on_member_update
Traceback (most recent call last):
  File "/usr/local/lib/python3.12/site-packages/discord/client.py", line 465, in _run_event
    await coro(*args, **kwargs)
  File "/app/asu_discord/cogs/analytics.py", line 652, in on_member_update
    before_timeout = before.timed_out_until
                     ^^^^^^^^^^^^^^^^^^^^^^
AttributeError: 'Member' object has no attribute 'timed_out_until'
Ignoring exception in on_member_update
Traceback (most recent call last):
  File "/usr/local/lib/python3.12/site-packages/discord/client.py", line 465, in _run_event
    await coro(*args, **kwargs)
  File "/app/asu_discord/cogs/analytics.py", line 652, in on_member_update
    before_timeout = before.timed_out_until
                     ^^^^^^^^^^^^^^^^^^^^^^
AttributeError: 'Member' object has no attribute 'timed_out_until'
Ignoring exception in on_member_update
Traceback (most recent call last):
  File "/usr/local/lib/python3.12/site-packages/discord/client.py", line 465, in _run_event
    await coro(*args, **kwargs)
  File "/app/asu_discord/cogs/analytics.py", line 652, in on_member_update
    before_timeout = before.timed_out_until
                     ^^^^^^^^^^^^^^^^^^^^^^
AttributeError: 'Member' object has no attribute 'timed_out_until'
INFO:asu_discord.cogs.verification:Saved 5 roles to database for user hamannin@asu.edu (Discord ID: 1312193938643357749)
INFO:asu_discord.cogs.verification:Refreshed Salesforce roles for Discord user 1312193938643357749: -5/+5 roles, assigned=[Commited, First Year, Out of State, Tempe, W.P. Carey School of Business]
Ignoring exception in on_member_update
Traceback (most recent call last):
  File "/usr/local/lib/python3.12/site-packages/discord/client.py", line 465, in _run_event
    await coro(*args, **kwargs)
  File "/app/asu_discord/cogs/analytics.py", line 652, in on_member_update
    before_timeout = before.timed_out_until
                     ^^^^^^^^^^^^^^^^^^^^^^
AttributeError: 'Member' object has no attribute 'timed_out_until'
Ignoring exception in on_member_update
Traceback (most recent call last):
  File "/usr/local/lib/python3.12/site-packages/discord/client.py", line 465, in _run_event
    await coro(*args, **kwargs)
  File "/app/asu_discord/cogs/analytics.py", line 652, in on_member_update
    before_timeout = before.timed_out_until
                     ^^^^^^^^^^^^^^^^^^^^^^
AttributeError: 'Member' object has no attribute 'timed_out_until'
Ignoring exception in on_member_update
Traceback (most recent call last):
  File "/usr/local/lib/python3.12/site-packages/discord/client.py", line 465, in _run_event
    await coro(*args, **kwargs)
  File "/app/asu_discord/cogs/analytics.py", line 652, in on_member_update
    before_timeout = before.timed_out_until
                     ^^^^^^^^^^^^^^^^^^^^^^
AttributeError: 'Member' object has no attribute 'timed_out_until'
Ignoring exception in on_member_update
Traceback (most recent call last):
  File "/usr/local/lib/python3.12/site-packages/discord/client.py", line 465, in _run_event
    await coro(*args, **kwargs)
  File "/app/asu_discord/cogs/analytics.py", line 652, in on_member_update
    before_timeout = before.timed_out_until
                     ^^^^^^^^^^^^^^^^^^^^^^
AttributeError: 'Member' object has no attribute 'timed_out_until'
Ignoring exception in on_member_update
Traceback (most recent call last):
  File "/usr/local/lib/python3.12/site-packages/discord/client.py", line 465, in _run_event
    await coro(*args, **kwargs)
  File "/app/asu_discord/cogs/analytics.py", line 652, in on_member_update
    before_timeout = before.timed_out_until
                     ^^^^^^^^^^^^^^^^^^^^^^
AttributeError: 'Member' object has no attribute 'timed_out_until'
Ignoring exception in on_member_update
Traceback (most recent call last):
  File "/usr/local/lib/python3.12/site-packages/discord/client.py", line 465, in _run_event
    await coro(*args, **kwargs)
  File "/app/asu_discord/cogs/analytics.py", line 652, in on_member_update
    before_timeout = before.timed_out_until
                     ^^^^^^^^^^^^^^^^^^^^^^
AttributeError: 'Member' object has no attribute 'timed_out_until'
Ignoring exception in on_member_update
Traceback (most recent call last):
  File "/usr/local/lib/python3.12/site-packages/discord/client.py", line 465, in _run_event
    await coro(*args, **kwargs)
  File "/app/asu_discord/cogs/analytics.py", line 652, in on_member_update
    before_timeout = before.timed_out_until
                     ^^^^^^^^^^^^^^^^^^^^^^
AttributeError: 'Member' object has no attribute 'timed_out_until'
Ignoring exception in on_member_update
Traceback (most recent call last):
  File "/usr/local/lib/python3.12/site-packages/discord/client.py", line 465, in _run_event
    await coro(*args, **kwargs)
  File "/app/asu_discord/cogs/analytics.py", line 652, in on_member_update
    before_timeout = before.timed_out_until
                     ^^^^^^^^^^^^^^^^^^^^^^
AttributeError: 'Member' object has no attribute 'timed_out_until'
Ignoring exception in on_member_update
Traceback (most recent call last):
  File "/usr/local/lib/python3.12/site-packages/discord/client.py", line 465, in _run_event
    await coro(*args, **kwargs)
  File "/app/asu_discord/cogs/analytics.py", line 652, in on_member_update
    before_timeout = before.timed_out_until
                     ^^^^^^^^^^^^^^^^^^^^^^
AttributeError: 'Member' object has no attribute 'timed_out_until'
Ignoring exception in on_member_update
Traceback (most recent call last):
  File "/usr/local/lib/python3.12/site-packages/discord/client.py", line 465, in _run_event
    await coro(*args, **kwargs)
  File "/app/asu_discord/cogs/analytics.py", line 652, in on_member_update
    before_timeout = before.timed_out_until
                     ^^^^^^^^^^^^^^^^^^^^^^
AttributeError: 'Member' object has no attribute 'timed_out_until'
INFO:asu_discord.cogs.verification:Saved 5 roles to database for user avcarde1@asu.edu (Discord ID: 1407493726510645340)
INFO:asu_discord.cogs.verification:Refreshed Salesforce roles for Discord user 1407493726510645340: -5/+5 roles, assigned=[Arizona Resident, First Generation Student, First Year, Herberger Institute for Design and the Arts, Tempe]
Ignoring exception in on_member_update
Traceback (most recent call last):
  File "/usr/local/lib/python3.12/site-packages/discord/client.py", line 465, in _run_event
    await coro(*args, **kwargs)
  File "/app/asu_discord/cogs/analytics.py", line 652, in on_member_update
    before_timeout = before.timed_out_until
                     ^^^^^^^^^^^^^^^^^^^^^^
AttributeError: 'Member' object has no attribute 'timed_out_until'
Ignoring exception in on_member_update
Traceback (most recent call last):
  File "/usr/local/lib/python3.12/site-packages/discord/client.py", line 465, in _run_event
    await coro(*args, **kwargs)
  File "/app/asu_discord/cogs/analytics.py", line 652, in on_member_update
    before_timeout = before.timed_out_until
                     ^^^^^^^^^^^^^^^^^^^^^^
AttributeError: 'Member' object has no attribute 'timed_out_until'
Ignoring exception in on_member_update
Traceback (most recent call last):
  File "/usr/local/lib/python3.12/site-packages/discord/client.py", line 465, in _run_event
    await coro(*args, **kwargs)
  File "/app/asu_discord/cogs/analytics.py", line 652, in on_member_update
    before_timeout = before.timed_out_until
                     ^^^^^^^^^^^^^^^^^^^^^^
AttributeError: 'Member' object has no attribute 'timed_out_until'
Ignoring exception in on_member_update
Traceback (most recent call last):
  File "/usr/local/lib/python3.12/site-packages/discord/client.py", line 465, in _run_event
    await coro(*args, **kwargs)
  File "/app/asu_discord/cogs/analytics.py", line 652, in on_member_update
    before_timeout = before.timed_out_until
                     ^^^^^^^^^^^^^^^^^^^^^^
AttributeError: 'Member' object has no attribute 'timed_out_until'
Ignoring exception in on_member_update
Traceback (most recent call last):
  File "/usr/local/lib/python3.12/site-packages/discord/client.py", line 465, in _run_event
    await coro(*args, **kwargs)
  File "/app/asu_discord/cogs/analytics.py", line 652, in on_member_update
    before_timeout = before.timed_out_until
                     ^^^^^^^^^^^^^^^^^^^^^^
AttributeError: 'Member' object has no attribute 'timed_out_until'
Ignoring exception in on_member_update
Traceback (most recent call last):
  File "/usr/local/lib/python3.12/site-packages/discord/client.py", line 465, in _run_event
    await coro(*args, **kwargs)
  File "/app/asu_discord/cogs/analytics.py", line 652, in on_member_update
    before_timeout = before.timed_out_until
                     ^^^^^^^^^^^^^^^^^^^^^^
AttributeError: 'Member' object has no attribute 'timed_out_until'
Ignoring exception in on_member_update
Traceback (most recent call last):
  File "/usr/local/lib/python3.12/site-packages/discord/client.py", line 465, in _run_event
    await coro(*args, **kwargs)
  File "/app/asu_discord/cogs/analytics.py", line 652, in on_member_update
    before_timeout = before.timed_out_until
                     ^^^^^^^^^^^^^^^^^^^^^^
AttributeError: 'Member' object has no attribute 'timed_out_until'
Ignoring exception in on_member_update
Traceback (most recent call last):
  File "/usr/local/lib/python3.12/site-packages/discord/client.py", line 465, in _run_event
    await coro(*args, **kwargs)
  File "/app/asu_discord/cogs/analytics.py", line 652, in on_member_update
    before_timeout = before.timed_out_until
                     ^^^^^^^^^^^^^^^^^^^^^^
AttributeError: 'Member' object has no attribute 'timed_out_until'
Ignoring exception in on_member_update
Traceback (most recent call last):
  File "/usr/local/lib/python3.12/site-packages/discord/client.py", line 465, in _run_event
    await coro(*args, **kwargs)
  File "/app/asu_discord/cogs/analytics.py", line 652, in on_member_update
    before_timeout = before.timed_out_until
                     ^^^^^^^^^^^^^^^^^^^^^^
AttributeError: 'Member' object has no attribute 'timed_out_until'
Ignoring exception in on_member_update
Traceback (most recent call last):
  File "/usr/local/lib/python3.12/site-packages/discord/client.py", line 465, in _run_event
    await coro(*args, **kwargs)
  File "/app/asu_discord/cogs/analytics.py", line 652, in on_member_update
    before_timeout = before.timed_out_until
                     ^^^^^^^^^^^^^^^^^^^^^^
AttributeError: 'Member' object has no attribute 'timed_out_until'
INFO:asu_discord.cogs.verification:Saved 5 roles to database for user crredwin@asu.edu (Discord ID: 1442657639136891065)
INFO:asu_discord.cogs.verification:Refreshed Salesforce roles for Discord user 1442657639136891065: -5/+5 roles, assigned=[College of Health Solutions, Commited, Downtown Phoenix, First Year, Out of State]
Ignoring exception in on_member_update
Traceback (most recent call last):
  File "/usr/local/lib/python3.12/site-packages/discord/client.py", line 465, in _run_event
    await coro(*args, **kwargs)
  File "/app/asu_discord/cogs/analytics.py", line 652, in on_member_update
    before_timeout = before.timed_out_until
                     ^^^^^^^^^^^^^^^^^^^^^^
AttributeError: 'Member' object has no attribute 'timed_out_until'
Ignoring exception in on_member_update
Traceback (most recent call last):
  File "/usr/local/lib/python3.12/site-packages/discord/client.py", line 465, in _run_event
    await coro(*args, **kwargs)
  File "/app/asu_discord/cogs/analytics.py", line 652, in on_member_update
    before_timeout = before.timed_out_until
                     ^^^^^^^^^^^^^^^^^^^^^^
AttributeError: 'Member' object has no attribute 'timed_out_until'
Ignoring exception in on_member_update
Traceback (most recent call last):
  File "/usr/local/lib/python3.12/site-packages/discord/client.py", line 465, in _run_event
    await coro(*args, **kwargs)
  File "/app/asu_discord/cogs/analytics.py", line 652, in on_member_update
    before_timeout = before.timed_out_until
                     ^^^^^^^^^^^^^^^^^^^^^^
AttributeError: 'Member' object has no attribute 'timed_out_until'
Ignoring exception in on_member_update
Traceback (most recent call last):
  File "/usr/local/lib/python3.12/site-packages/discord/client.py", line 465, in _run_event
    await coro(*args, **kwargs)
  File "/app/asu_discord/cogs/analytics.py", line 652, in on_member_update
    before_timeout = before.timed_out_until
                     ^^^^^^^^^^^^^^^^^^^^^^
AttributeError: 'Member' object has no attribute 'timed_out_until'
Ignoring exception in on_member_update
Traceback (most recent call last):
  File "/usr/local/lib/python3.12/site-packages/discord/client.py", line 465, in _run_event
    await coro(*args, **kwargs)
  File "/app/asu_discord/cogs/analytics.py", line 652, in on_member_update
    before_timeout = before.timed_out_until
                     ^^^^^^^^^^^^^^^^^^^^^^
AttributeError: 'Member' object has no attribute 'timed_out_until'
Ignoring exception in on_member_update
Traceback (most recent call last):
  File "/usr/local/lib/python3.12/site-packages/discord/client.py", line 465, in _run_event
    await coro(*args, **kwargs)
  File "/app/asu_discord/cogs/analytics.py", line 652, in on_member_update
    before_timeout = before.timed_out_until
                     ^^^^^^^^^^^^^^^^^^^^^^
AttributeError: 'Member' object has no attribute 'timed_out_until'
Ignoring exception in on_member_update
Traceback (most recent call last):
  File "/usr/local/lib/python3.12/site-packages/discord/client.py", line 465, in _run_event
    await coro(*args, **kwargs)
  File "/app/asu_discord/cogs/analytics.py", line 652, in on_member_update
    before_timeout = before.timed_out_until
                     ^^^^^^^^^^^^^^^^^^^^^^
AttributeError: 'Member' object has no attribute 'timed_out_until'
Ignoring exception in on_member_update
Traceback (most recent call last):
  File "/usr/local/lib/python3.12/site-packages/discord/client.py", line 465, in _run_event
    await coro(*args, **kwargs)
  File "/app/asu_discord/cogs/analytics.py", line 652, in on_member_update
    before_timeout = before.timed_out_until
                     ^^^^^^^^^^^^^^^^^^^^^^
AttributeError: 'Member' object has no attribute 'timed_out_until'
Ignoring exception in on_member_update
Traceback (most recent call last):
  File "/usr/local/lib/python3.12/site-packages/discord/client.py", line 465, in _run_event
    await coro(*args, **kwargs)
  File "/app/asu_discord/cogs/analytics.py", line 652, in on_member_update
    before_timeout = before.timed_out_until
                     ^^^^^^^^^^^^^^^^^^^^^^
AttributeError: 'Member' object has no attribute 'timed_out_until'
INFO:asu_discord.cogs.verification:Saved 5 roles to database for user vkeshav5@asu.edu (Discord ID: 1303414987049402461)
INFO:asu_discord.cogs.verification:Refreshed Salesforce roles for Discord user 1303414987049402461: -5/+4 roles, assigned=[Commited, Graduate Student, International Student, Ira A. Fulton Schools of Engineering, Tempe]
Ignoring exception in on_member_update
Traceback (most recent call last):
  File "/usr/local/lib/python3.12/site-packages/discord/client.py", line 465, in _run_event
    await coro(*args, **kwargs)
  File "/app/asu_discord/cogs/analytics.py", line 652, in on_member_update
    before_timeout = before.timed_out_until
                     ^^^^^^^^^^^^^^^^^^^^^^
AttributeError: 'Member' object has no attribute 'timed_out_until'
Ignoring exception in on_member_update
Traceback (most recent call last):
  File "/usr/local/lib/python3.12/site-packages/discord/client.py", line 465, in _run_event
    await coro(*args, **kwargs)
  File "/app/asu_discord/cogs/analytics.py", line 652, in on_member_update
    before_timeout = before.timed_out_until
                     ^^^^^^^^^^^^^^^^^^^^^^
AttributeError: 'Member' object has no attribute 'timed_out_until'
Ignoring exception in on_member_update
Traceback (most recent call last):
  File "/usr/local/lib/python3.12/site-packages/discord/client.py", line 465, in _run_event
    await coro(*args, **kwargs)
  File "/app/asu_discord/cogs/analytics.py", line 652, in on_member_update
    before_timeout = before.timed_out_until
                     ^^^^^^^^^^^^^^^^^^^^^^
AttributeError: 'Member' object has no attribute 'timed_out_until'
Ignoring exception in on_member_update
Traceback (most recent call last):
  File "/usr/local/lib/python3.12/site-packages/discord/client.py", line 465, in _run_event
    await coro(*args, **kwargs)
  File "/app/asu_discord/cogs/analytics.py", line 652, in on_member_update
    before_timeout = before.timed_out_until
                     ^^^^^^^^^^^^^^^^^^^^^^
AttributeError: 'Member' object has no attribute 'timed_out_until'
Ignoring exception in on_member_update
Traceback (most recent call last):
  File "/usr/local/lib/python3.12/site-packages/discord/client.py", line 465, in _run_event
    await coro(*args, **kwargs)
  File "/app/asu_discord/cogs/analytics.py", line 652, in on_member_update
    before_timeout = before.timed_out_until
                     ^^^^^^^^^^^^^^^^^^^^^^
AttributeError: 'Member' object has no attribute 'timed_out_until'
Ignoring exception in on_member_update
Traceback (most recent call last):
  File "/usr/local/lib/python3.12/site-packages/discord/client.py", line 465, in _run_event
    await coro(*args, **kwargs)
  File "/app/asu_discord/cogs/analytics.py", line 652, in on_member_update
    before_timeout = before.timed_out_until
                     ^^^^^^^^^^^^^^^^^^^^^^
AttributeError: 'Member' object has no attribute 'timed_out_until'
Ignoring exception in on_member_update
Traceback (most recent call last):
  File "/usr/local/lib/python3.12/site-packages/discord/client.py", line 465, in _run_event
    await coro(*args, **kwargs)
  File "/app/asu_discord/cogs/analytics.py", line 652, in on_member_update
    before_timeout = before.timed_out_until
                     ^^^^^^^^^^^^^^^^^^^^^^
AttributeError: 'Member' object has no attribute 'timed_out_until'
Ignoring exception in on_member_update
Traceback (most recent call last):
  File "/usr/local/lib/python3.12/site-packages/discord/client.py", line 465, in _run_event
    await coro(*args, **kwargs)
  File "/app/asu_discord/cogs/analytics.py", line 652, in on_member_update
    before_timeout = before.timed_out_until
                     ^^^^^^^^^^^^^^^^^^^^^^
AttributeError: 'Member' object has no attribute 'timed_out_until'
Ignoring exception in on_member_update
Traceback (most recent call last):
  File "/usr/local/lib/python3.12/site-packages/discord/client.py", line 465, in _run_event
    await coro(*args, **kwargs)
  File "/app/asu_discord/cogs/analytics.py", line 652, in on_member_update
    before_timeout = before.timed_out_until
                     ^^^^^^^^^^^^^^^^^^^^^^
AttributeError: 'Member' object has no attribute 'timed_out_until'
Ignoring exception in on_member_update
Traceback (most recent call last):
  File "/usr/local/lib/python3.12/site-packages/discord/client.py", line 465, in _run_event
    await coro(*args, **kwargs)
  File "/app/asu_discord/cogs/analytics.py", line 652, in on_member_update
    before_timeout = before.timed_out_until
                     ^^^^^^^^^^^^^^^^^^^^^^
AttributeError: 'Member' object has no attribute 'timed_out_until'
INFO:asu_discord.cogs.verification:Saved 5 roles to database for user dreese15@asu.edu (Discord ID: 1054082502207217694)
INFO:asu_discord.cogs.verification:Refreshed Salesforce roles for Discord user 1054082502207217694: -5/+5 roles, assigned=[Arizona Resident, Commited, Downtown Phoenix, First Year, Walter Cronkite School of Journalism and Mass Communication]
Ignoring exception in on_member_update
Traceback (most recent call last):
  File "/usr/local/lib/python3.12/site-packages/discord/client.py", line 465, in _run_event
    await coro(*args, **kwargs)
  File "/app/asu_discord/cogs/analytics.py", line 652, in on_member_update
    before_timeout = before.timed_out_until
                     ^^^^^^^^^^^^^^^^^^^^^^
AttributeError: 'Member' object has no attribute 'timed_out_until'
Ignoring exception in on_member_update
Traceback (most recent call last):
  File "/usr/local/lib/python3.12/site-packages/discord/client.py", line 465, in _run_event
    await coro(*args, **kwargs)
  File "/app/asu_discord/cogs/analytics.py", line 652, in on_member_update
    before_timeout = before.timed_out_until
                     ^^^^^^^^^^^^^^^^^^^^^^
AttributeError: 'Member' object has no attribute 'timed_out_until'
Ignoring exception in on_member_update
Traceback (most recent call last):
  File "/usr/local/lib/python3.12/site-packages/discord/client.py", line 465, in _run_event
    await coro(*args, **kwargs)
  File "/app/asu_discord/cogs/analytics.py", line 652, in on_member_update
    before_timeout = before.timed_out_until
                     ^^^^^^^^^^^^^^^^^^^^^^
AttributeError: 'Member' object has no attribute 'timed_out_until'
Ignoring exception in on_member_update
Traceback (most recent call last):
  File "/usr/local/lib/python3.12/site-packages/discord/client.py", line 465, in _run_event
    await coro(*args, **kwargs)
  File "/app/asu_discord/cogs/analytics.py", line 652, in on_member_update
    before_timeout = before.timed_out_until
                     ^^^^^^^^^^^^^^^^^^^^^^
AttributeError: 'Member' object has no attribute 'timed_out_until'
Ignoring exception in on_member_update
Traceback (most recent call last):
  File "/usr/local/lib/python3.12/site-packages/discord/client.py", line 465, in _run_event
    await coro(*args, **kwargs)
  File "/app/asu_discord/cogs/analytics.py", line 652, in on_member_update
    before_timeout = before.timed_out_until
                     ^^^^^^^^^^^^^^^^^^^^^^
AttributeError: 'Member' object has no attribute 'timed_out_until'
Ignoring exception in on_member_update
Traceback (most recent call last):
  File "/usr/local/lib/python3.12/site-packages/discord/client.py", line 465, in _run_event
    await coro(*args, **kwargs)
  File "/app/asu_discord/cogs/analytics.py", line 652, in on_member_update
    before_timeout = before.timed_out_until
                     ^^^^^^^^^^^^^^^^^^^^^^
AttributeError: 'Member' object has no attribute 'timed_out_until'
Ignoring exception in on_member_update
Traceback (most recent call last):
  File "/usr/local/lib/python3.12/site-packages/discord/client.py", line 465, in _run_event
    await coro(*args, **kwargs)
  File "/app/asu_discord/cogs/analytics.py", line 652, in on_member_update
    before_timeout = before.timed_out_until
                     ^^^^^^^^^^^^^^^^^^^^^^
AttributeError: 'Member' object has no attribute 'timed_out_until'
Ignoring exception in on_member_update
Traceback (most recent call last):
  File "/usr/local/lib/python3.12/site-packages/discord/client.py", line 465, in _run_event
    await coro(*args, **kwargs)
  File "/app/asu_discord/cogs/analytics.py", line 652, in on_member_update
    before_timeout = before.timed_out_until
                     ^^^^^^^^^^^^^^^^^^^^^^
AttributeError: 'Member' object has no attribute 'timed_out_until'
Ignoring exception in on_member_update
Traceback (most recent call last):
  File "/usr/local/lib/python3.12/site-packages/discord/client.py", line 465, in _run_event
    await coro(*args, **kwargs)
  File "/app/asu_discord/cogs/analytics.py", line 652, in on_member_update
    before_timeout = before.timed_out_until
                     ^^^^^^^^^^^^^^^^^^^^^^
AttributeError: 'Member' object has no attribute 'timed_out_until'
Ignoring exception in on_member_update
Traceback (most recent call last):
  File "/usr/local/lib/python3.12/site-packages/discord/client.py", line 465, in _run_event
    await coro(*args, **kwargs)
  File "/app/asu_discord/cogs/analytics.py", line 652, in on_member_update
    before_timeout = before.timed_out_until
                     ^^^^^^^^^^^^^^^^^^^^^^
AttributeError: 'Member' object has no attribute 'timed_out_until'
Ignoring exception in on_member_update
Traceback (most recent call last):
  File "/usr/local/lib/python3.12/site-packages/discord/client.py", line 465, in _run_event
    await coro(*args, **kwargs)
  File "/app/asu_discord/cogs/analytics.py", line 652, in on_member_update
    before_timeout = before.timed_out_until
                     ^^^^^^^^^^^^^^^^^^^^^^
AttributeError: 'Member' object has no attribute 'timed_out_until'
ERROR:cron.jobs:refresh_salesforce_roles: failed for ckvelaz1 (Discord ID 1064782030941995048): Timed out refresh Salesforce-based roles
Ignoring exception in on_member_update
Traceback (most recent call last):
  File "/usr/local/lib/python3.12/site-packages/discord/client.py", line 465, in _run_event
    await coro(*args, **kwargs)
  File "/app/asu_discord/cogs/analytics.py", line 652, in on_member_update
    before_timeout = before.timed_out_until
                     ^^^^^^^^^^^^^^^^^^^^^^
AttributeError: 'Member' object has no attribute 'timed_out_until'
Ignoring exception in on_member_update
Traceback (most recent call last):
  File "/usr/local/lib/python3.12/site-packages/discord/client.py", line 465, in _run_event
    await coro(*args, **kwargs)
  File "/app/asu_discord/cogs/analytics.py", line 652, in on_member_update
    before_timeout = before.timed_out_until
                     ^^^^^^^^^^^^^^^^^^^^^^
AttributeError: 'Member' object has no attribute 'timed_out_until'
Ignoring exception in on_member_update
Traceback (most recent call last):
  File "/usr/local/lib/python3.12/site-packages/discord/client.py", line 465, in _run_event
    await coro(*args, **kwargs)
  File "/app/asu_discord/cogs/analytics.py", line 652, in on_member_update
    before_timeout = before.timed_out_until
                     ^^^^^^^^^^^^^^^^^^^^^^
AttributeError: 'Member' object has no attribute 'timed_out_until'
Ignoring exception in on_member_update
Traceback (most recent call last):
  File "/usr/local/lib/python3.12/site-packages/discord/client.py", line 465, in _run_event
    await coro(*args, **kwargs)
  File "/app/asu_discord/cogs/analytics.py", line 652, in on_member_update
    before_timeout = before.timed_out_until
                     ^^^^^^^^^^^^^^^^^^^^^^
AttributeError: 'Member' object has no attribute 'timed_out_until'
Ignoring exception in on_member_update
Traceback (most recent call last):
  File "/usr/local/lib/python3.12/site-packages/discord/client.py", line 465, in _run_event
    await coro(*args, **kwargs)
  File "/app/asu_discord/cogs/analytics.py", line 652, in on_member_update
    before_timeout = before.timed_out_until
                     ^^^^^^^^^^^^^^^^^^^^^^
AttributeError: 'Member' object has no attribute 'timed_out_until'
Ignoring exception in on_member_update
Traceback (most recent call last):
  File "/usr/local/lib/python3.12/site-packages/discord/client.py", line 465, in _run_event
    await coro(*args, **kwargs)
  File "/app/asu_discord/cogs/analytics.py", line 652, in on_member_update
    before_timeout = before.timed_out_until
                     ^^^^^^^^^^^^^^^^^^^^^^
AttributeError: 'Member' object has no attribute 'timed_out_until'
Ignoring exception in on_member_update
Traceback (most recent call last):
  File "/usr/local/lib/python3.12/site-packages/discord/client.py", line 465, in _run_event
    await coro(*args, **kwargs)
  File "/app/asu_discord/cogs/analytics.py", line 652, in on_member_update
    before_timeout = before.timed_out_until
                     ^^^^^^^^^^^^^^^^^^^^^^
AttributeError: 'Member' object has no attribute 'timed_out_until'
INFO:asu_discord.cogs.verification:Saved 4 roles to database for user smill161@asu.edu (Discord ID: 1442750614777106528)
INFO:asu_discord.cogs.verification:Refreshed Salesforce roles for Discord user 1442750614777106528: -4/+3 roles, assigned=[Arizona Resident, First Year, Tempe, W.P. Carey School of Business]
ERROR:cron.jobs:refresh_salesforce_roles: failed for tabbs (Discord ID 803485640414855208): Failed to refresh Salesforce-based roles: Discord user 803485640414855208 is not a member of the guild
ERROR:cron.jobs:refresh_salesforce_roles: failed for dgonz266 (Discord ID 325726581832024064): Failed to refresh Salesforce-based roles: Discord user 325726581832024064 is not a member of the guild
Ignoring exception in on_member_update
Traceback (most recent call last):
  File "/usr/local/lib/python3.12/site-packages/discord/client.py", line 465, in _run_event
    await coro(*args, **kwargs)
  File "/app/asu_discord/cogs/analytics.py", line 652, in on_member_update
    before_timeout = before.timed_out_until
                     ^^^^^^^^^^^^^^^^^^^^^^
AttributeError: 'Member' object has no attribute 'timed_out_until'
Ignoring exception in on_member_update
Traceback (most recent call last):
  File "/usr/local/lib/python3.12/site-packages/discord/client.py", line 465, in _run_event
    await coro(*args, **kwargs)
  File "/app/asu_discord/cogs/analytics.py", line 652, in on_member_update
    before_timeout = before.timed_out_until
                     ^^^^^^^^^^^^^^^^^^^^^^
AttributeError: 'Member' object has no attribute 'timed_out_until'
Ignoring exception in on_member_update
Traceback (most recent call last):
  File "/usr/local/lib/python3.12/site-packages/discord/client.py", line 465, in _run_event
    await coro(*args, **kwargs)
  File "/app/asu_discord/cogs/analytics.py", line 652, in on_member_update
    before_timeout = before.timed_out_until
                     ^^^^^^^^^^^^^^^^^^^^^^
AttributeError: 'Member' object has no attribute 'timed_out_until'
Ignoring exception in on_member_update
Traceback (most recent call last):
  File "/usr/local/lib/python3.12/site-packages/discord/client.py", line 465, in _run_event
    await coro(*args, **kwargs)
  File "/app/asu_discord/cogs/analytics.py", line 652, in on_member_update
    before_timeout = before.timed_out_until
                     ^^^^^^^^^^^^^^^^^^^^^^
AttributeError: 'Member' object has no attribute 'timed_out_until'
Ignoring exception in on_member_update
Traceback (most recent call last):
  File "/usr/local/lib/python3.12/site-packages/discord/client.py", line 465, in _run_event
    await coro(*args, **kwargs)
  File "/app/asu_discord/cogs/analytics.py", line 652, in on_member_update
    before_timeout = before.timed_out_until
                     ^^^^^^^^^^^^^^^^^^^^^^
AttributeError: 'Member' object has no attribute 'timed_out_until'
Ignoring exception in on_member_update
Traceback (most recent call last):
  File "/usr/local/lib/python3.12/site-packages/discord/client.py", line 465, in _run_event
    await coro(*args, **kwargs)
  File "/app/asu_discord/cogs/analytics.py", line 652, in on_member_update
    before_timeout = before.timed_out_until
                     ^^^^^^^^^^^^^^^^^^^^^^
AttributeError: 'Member' object has no attribute 'timed_out_until'
Ignoring exception in on_member_update
Traceback (most recent call last):
  File "/usr/local/lib/python3.12/site-packages/discord/client.py", line 465, in _run_event
    await coro(*args, **kwargs)
  File "/app/asu_discord/cogs/analytics.py", line 652, in on_member_update
    before_timeout = before.timed_out_until
                     ^^^^^^^^^^^^^^^^^^^^^^
AttributeError: 'Member' object has no attribute 'timed_out_until'
Ignoring exception in on_member_update
Traceback (most recent call last):
  File "/usr/local/lib/python3.12/site-packages/discord/client.py", line 465, in _run_event
    await coro(*args, **kwargs)
  File "/app/asu_discord/cogs/analytics.py", line 652, in on_member_update
    before_timeout = before.timed_out_until
                     ^^^^^^^^^^^^^^^^^^^^^^
AttributeError: 'Member' object has no attribute 'timed_out_until'
Ignoring exception in on_member_update
Traceback (most recent call last):
  File "/usr/local/lib/python3.12/site-packages/discord/client.py", line 465, in _run_event
    await coro(*args, **kwargs)
  File "/app/asu_discord/cogs/analytics.py", line 652, in on_member_update
    before_timeout = before.timed_out_until
                     ^^^^^^^^^^^^^^^^^^^^^^
AttributeError: 'Member' object has no attribute 'timed_out_until'
Ignoring exception in on_member_update
Traceback (most recent call last):
  File "/usr/local/lib/python3.12/site-packages/discord/client.py", line 465, in _run_event
    await coro(*args, **kwargs)
  File "/app/asu_discord/cogs/analytics.py", line 652, in on_member_update
    before_timeout = before.timed_out_until
                     ^^^^^^^^^^^^^^^^^^^^^^
AttributeError: 'Member' object has no attribute 'timed_out_until'
ERROR:cron.jobs:refresh_salesforce_roles: failed for scmart32 (Discord ID 1443005415104188506): Timed out refresh Salesforce-based roles
Ignoring exception in on_member_update
Traceback (most recent call last):
  File "/usr/local/lib/python3.12/site-packages/discord/client.py", line 465, in _run_event
    await coro(*args, **kwargs)
  File "/app/asu_discord/cogs/analytics.py", line 652, in on_member_update
    before_timeout = before.timed_out_until
                     ^^^^^^^^^^^^^^^^^^^^^^
AttributeError: 'Member' object has no attribute 'timed_out_until'
Ignoring exception in on_member_update
Traceback (most recent call last):
  File "/usr/local/lib/python3.12/site-packages/discord/client.py", line 465, in _run_event
    await coro(*args, **kwargs)
  File "/app/asu_discord/cogs/analytics.py", line 652, in on_member_update
    before_timeout = before.timed_out_until
                     ^^^^^^^^^^^^^^^^^^^^^^
AttributeError: 'Member' object has no attribute 'timed_out_until'
Ignoring exception in on_member_update
Traceback (most recent call last):
  File "/usr/local/lib/python3.12/site-packages/discord/client.py", line 465, in _run_event
    await coro(*args, **kwargs)
  File "/app/asu_discord/cogs/analytics.py", line 652, in on_member_update
    before_timeout = before.timed_out_until
                     ^^^^^^^^^^^^^^^^^^^^^^
AttributeError: 'Member' object has no attribute 'timed_out_until'
Ignoring exception in on_member_update
Traceback (most recent call last):
  File "/usr/local/lib/python3.12/site-packages/discord/client.py", line 465, in _run_event
    await coro(*args, **kwargs)
  File "/app/asu_discord/cogs/analytics.py", line 652, in on_member_update
    before_timeout = before.timed_out_until
                     ^^^^^^^^^^^^^^^^^^^^^^
AttributeError: 'Member' object has no attribute 'timed_out_until'
Ignoring exception in on_member_update
Traceback (most recent call last):
  File "/usr/local/lib/python3.12/site-packages/discord/client.py", line 465, in _run_event
    await coro(*args, **kwargs)
  File "/app/asu_discord/cogs/analytics.py", line 652, in on_member_update
    before_timeout = before.timed_out_until
                     ^^^^^^^^^^^^^^^^^^^^^^
AttributeError: 'Member' object has no attribute 'timed_out_until'
Ignoring exception in on_member_update
Traceback (most recent call last):
  File "/usr/local/lib/python3.12/site-packages/discord/client.py", line 465, in _run_event
    await coro(*args, **kwargs)
  File "/app/asu_discord/cogs/analytics.py", line 652, in on_member_update
    before_timeout = before.timed_out_until
                     ^^^^^^^^^^^^^^^^^^^^^^
AttributeError: 'Member' object has no attribute 'timed_out_until'
Ignoring exception in on_member_update
Traceback (most recent call last):
  File "/usr/local/lib/python3.12/site-packages/discord/client.py", line 465, in _run_event
    await coro(*args, **kwargs)
  File "/app/asu_discord/cogs/analytics.py", line 652, in on_member_update
    before_timeout = before.timed_out_until
                     ^^^^^^^^^^^^^^^^^^^^^^
AttributeError: 'Member' object has no attribute 'timed_out_until'
Ignoring exception in on_member_update
Traceback (most recent call last):
  File "/usr/local/lib/python3.12/site-packages/discord/client.py", line 465, in _run_event
    await coro(*args, **kwargs)
  File "/app/asu_discord/cogs/analytics.py", line 652, in on_member_update
    before_timeout = before.timed_out_until
                     ^^^^^^^^^^^^^^^^^^^^^^
AttributeError: 'Member' object has no attribute 'timed_out_until'
Ignoring exception in on_member_update
Traceback (most recent call last):
  File "/usr/local/lib/python3.12/site-packages/discord/client.py", line 465, in _run_event
    await coro(*args, **kwargs)
  File "/app/asu_discord/cogs/analytics.py", line 652, in on_member_update
    before_timeout = before.timed_out_until
                     ^^^^^^^^^^^^^^^^^^^^^^
AttributeError: 'Member' object has no attribute 'timed_out_until'
INFO:asu_discord.cogs.verification:Saved 5 roles to database for user fdezso@asu.edu (Discord ID: 740352380603728042)
INFO:asu_discord.cogs.verification:Refreshed Salesforce roles for Discord user 740352380603728042: -5/+4 roles, assigned=[Arizona Resident, College of Liberal Arts and Sciences, Commited, First Year, Tempe]
INFO:routes.cas:CAS response missing email; inferred dunglai@asu.edu
Ignoring exception in on_member_update
Traceback (most recent call last):
  File "/usr/local/lib/python3.12/site-packages/discord/client.py", line 465, in _run_event
    await coro(*args, **kwargs)
  File "/app/asu_discord/cogs/analytics.py", line 652, in on_member_update
    before_timeout = before.timed_out_until
                     ^^^^^^^^^^^^^^^^^^^^^^
AttributeError: 'Member' object has no attribute 'timed_out_until'
Ignoring exception in on_member_update
Traceback (most recent call last):
  File "/usr/local/lib/python3.12/site-packages/discord/client.py", line 465, in _run_event
    await coro(*args, **kwargs)
  File "/app/asu_discord/cogs/analytics.py", line 652, in on_member_update
    before_timeout = before.timed_out_until
                     ^^^^^^^^^^^^^^^^^^^^^^
AttributeError: 'Member' object has no attribute 'timed_out_until'
Ignoring exception in on_member_update
Traceback (most recent call last):
  File "/usr/local/lib/python3.12/site-packages/discord/client.py", line 465, in _run_event
    await coro(*args, **kwargs)
  File "/app/asu_discord/cogs/analytics.py", line 652, in on_member_update
    before_timeout = before.timed_out_until
                     ^^^^^^^^^^^^^^^^^^^^^^
AttributeError: 'Member' object has no attribute 'timed_out_until'
Ignoring exception in on_member_update
Traceback (most recent call last):
  File "/usr/local/lib/python3.12/site-packages/discord/client.py", line 465, in _run_event
    await coro(*args, **kwargs)
  File "/app/asu_discord/cogs/analytics.py", line 652, in on_member_update
    before_timeout = before.timed_out_until
                     ^^^^^^^^^^^^^^^^^^^^^^
AttributeError: 'Member' object has no attribute 'timed_out_until'
Ignoring exception in on_member_update
Traceback (most recent call last):
  File "/usr/local/lib/python3.12/site-packages/discord/client.py", line 465, in _run_event
    await coro(*args, **kwargs)
  File "/app/asu_discord/cogs/analytics.py", line 652, in on_member_update
    before_timeout = before.timed_out_until
                     ^^^^^^^^^^^^^^^^^^^^^^
AttributeError: 'Member' object has no attribute 'timed_out_until'
Ignoring exception in on_member_update
Traceback (most recent call last):
  File "/usr/local/lib/python3.12/site-packages/discord/client.py", line 465, in _run_event
    await coro(*args, **kwargs)
  File "/app/asu_discord/cogs/analytics.py", line 652, in on_member_update
    before_timeout = before.timed_out_until
                     ^^^^^^^^^^^^^^^^^^^^^^
AttributeError: 'Member' object has no attribute 'timed_out_until'
Ignoring exception in on_member_update
Traceback (most recent call last):
  File "/usr/local/lib/python3.12/site-packages/discord/client.py", line 465, in _run_event
    await coro(*args, **kwargs)
  File "/app/asu_discord/cogs/analytics.py", line 652, in on_member_update
    before_timeout = before.timed_out_until
                     ^^^^^^^^^^^^^^^^^^^^^^
AttributeError: 'Member' object has no attribute 'timed_out_until'
Ignoring exception in on_member_update
Traceback (most recent call last):
  File "/usr/local/lib/python3.12/site-packages/discord/client.py", line 465, in _run_event
    await coro(*args, **kwargs)
  File "/app/asu_discord/cogs/analytics.py", line 652, in on_member_update
    before_timeout = before.timed_out_until
                     ^^^^^^^^^^^^^^^^^^^^^^
AttributeError: 'Member' object has no attribute 'timed_out_until'
INFO:asu_discord.cogs.verification:Saved 4 roles to database for user laparic6@asu.edu (Discord ID: 1443144003716644964)
INFO:asu_discord.cogs.verification:Refreshed Salesforce roles for Discord user 1443144003716644964: -4/+4 roles, assigned=[Downtown Phoenix, First Year, Out of State, Walter Cronkite School of Journalism and Mass Communication]
Ignoring exception in on_member_update
Traceback (most recent call last):
  File "/usr/local/lib/python3.12/site-packages/discord/client.py", line 465, in _run_event
    await coro(*args, **kwargs)
  File "/app/asu_discord/cogs/analytics.py", line 652, in on_member_update
    before_timeout = before.timed_out_until
                     ^^^^^^^^^^^^^^^^^^^^^^
AttributeError: 'Member' object has no attribute 'timed_out_until'
Ignoring exception in on_member_update
Traceback (most recent call last):
  File "/usr/local/lib/python3.12/site-packages/discord/client.py", line 465, in _run_event
    await coro(*args, **kwargs)
  File "/app/asu_discord/cogs/analytics.py", line 652, in on_member_update
    before_timeout = before.timed_out_until
                     ^^^^^^^^^^^^^^^^^^^^^^
AttributeError: 'Member' object has no attribute 'timed_out_until'
Ignoring exception in on_member_update
Traceback (most recent call last):
  File "/usr/local/lib/python3.12/site-packages/discord/client.py", line 465, in _run_event
    await coro(*args, **kwargs)
  File "/app/asu_discord/cogs/analytics.py", line 652, in on_member_update
    before_timeout = before.timed_out_until
                     ^^^^^^^^^^^^^^^^^^^^^^
AttributeError: 'Member' object has no attribute 'timed_out_until'
Ignoring exception in on_member_update
Traceback (most recent call last):
  File "/usr/local/lib/python3.12/site-packages/discord/client.py", line 465, in _run_event
    await coro(*args, **kwargs)
  File "/app/asu_discord/cogs/analytics.py", line 652, in on_member_update
    before_timeout = before.timed_out_until
                     ^^^^^^^^^^^^^^^^^^^^^^
AttributeError: 'Member' object has no attribute 'timed_out_until'
Ignoring exception in on_member_update
Traceback (most recent call last):
  File "/usr/local/lib/python3.12/site-packages/discord/client.py", line 465, in _run_event
    await coro(*args, **kwargs)
  File "/app/asu_discord/cogs/analytics.py", line 652, in on_member_update
    before_timeout = before.timed_out_until
                     ^^^^^^^^^^^^^^^^^^^^^^
AttributeError: 'Member' object has no attribute 'timed_out_until'
Ignoring exception in on_member_update
Traceback (most recent call last):
  File "/usr/local/lib/python3.12/site-packages/discord/client.py", line 465, in _run_event
    await coro(*args, **kwargs)
  File "/app/asu_discord/cogs/analytics.py", line 652, in on_member_update
    before_timeout = before.timed_out_until
                     ^^^^^^^^^^^^^^^^^^^^^^
AttributeError: 'Member' object has no attribute 'timed_out_until'
Ignoring exception in on_member_update
Traceback (most recent call last):
  File "/usr/local/lib/python3.12/site-packages/discord/client.py", line 465, in _run_event
    await coro(*args, **kwargs)
  File "/app/asu_discord/cogs/analytics.py", line 652, in on_member_update
    before_timeout = before.timed_out_until
                     ^^^^^^^^^^^^^^^^^^^^^^
AttributeError: 'Member' object has no attribute 'timed_out_until'
Ignoring exception in on_member_update
Traceback (most recent call last):
  File "/usr/local/lib/python3.12/site-packages/discord/client.py", line 465, in _run_event
    await coro(*args, **kwargs)
  File "/app/asu_discord/cogs/analytics.py", line 652, in on_member_update
    before_timeout = before.timed_out_until
                     ^^^^^^^^^^^^^^^^^^^^^^
AttributeError: 'Member' object has no attribute 'timed_out_until'
Ignoring exception in on_member_update
Traceback (most recent call last):
  File "/usr/local/lib/python3.12/site-packages/discord/client.py", line 465, in _run_event
    await coro(*args, **kwargs)
  File "/app/asu_discord/cogs/analytics.py", line 652, in on_member_update
    before_timeout = before.timed_out_until
                     ^^^^^^^^^^^^^^^^^^^^^^
AttributeError: 'Member' object has no attribute 'timed_out_until'
Ignoring exception in on_member_update
Traceback (most recent call last):
  File "/usr/local/lib/python3.12/site-packages/discord/client.py", line 465, in _run_event
    await coro(*args, **kwargs)
  File "/app/asu_discord/cogs/analytics.py", line 652, in on_member_update
    before_timeout = before.timed_out_until
                     ^^^^^^^^^^^^^^^^^^^^^^
AttributeError: 'Member' object has no attribute 'timed_out_until'
INFO:asu_discord.cogs.verification:Removed unverified role 1207441184218161182 from member 749168402949472318
INFO:asu_discord.cogs.verification:Assigned verification role to Discord user 749168402949472318 (ASURITE: dunglai)
Ignoring exception in on_member_update
Traceback (most recent call last):
  File "/usr/local/lib/python3.12/site-packages/discord/client.py", line 465, in _run_event
    await coro(*args, **kwargs)
  File "/app/asu_discord/cogs/analytics.py", line 652, in on_member_update
    before_timeout = before.timed_out_until
                     ^^^^^^^^^^^^^^^^^^^^^^
AttributeError: 'Member' object has no attribute 'timed_out_until'
Ignoring exception in on_member_update
Traceback (most recent call last):
  File "/usr/local/lib/python3.12/site-packages/discord/client.py", line 465, in _run_event
    await coro(*args, **kwargs)
  File "/app/asu_discord/cogs/analytics.py", line 652, in on_member_update
    before_timeout = before.timed_out_until
                     ^^^^^^^^^^^^^^^^^^^^^^
AttributeError: 'Member' object has no attribute 'timed_out_until'
Ignoring exception in on_member_update
Traceback (most recent call last):
  File "/usr/local/lib/python3.12/site-packages/discord/client.py", line 465, in _run_event
    await coro(*args, **kwargs)
  File "/app/asu_discord/cogs/analytics.py", line 652, in on_member_update
    before_timeout = before.timed_out_until
                     ^^^^^^^^^^^^^^^^^^^^^^
AttributeError: 'Member' object has no attribute 'timed_out_until'
INFO:routes.discord:Salesforce profile data for dunglai (Discord 749168402949472318): asurite='dunglai' name='Tri Dung Lai' fullName='Tri Dung Lai' email='laitridung2004@gmail.com' state=None country='Vietnam' contactId='003aJ00000dpCyLQAU' opportunities=[SalesforceOpportunity(stageName='Admitted', termCode='2267', career='Graduate', type='Masters', internationalStudent=True, firstGeneration=False, enrollmentDepositPaid=None, enrollmentDepositStatus='Paid', collegeName='Ira A Fulton Engineering', locationName='Polytechnic', collegeProgramCode='GRES', programCode=None, createdDate='2026-04-28T12:37:03.000+0000', currentLocation='Polytechnic', academicPlanName='Software Eng (Data Sci)', opportunityId='006aJ00000P9hc1QAB', academicPlanCode='ESSERDSMS', academicPlanId='a0FaJ000003TAlSUAW', accountId='001aJ00000kAwQ3QAK', accountName='Tri Dung Lai', applicationDate='2026-04-28', applicationNumber='03330880', applicationStartedDate='2026-04-28', applicationSubmittedDate='2026-04-29', closeDate='2026-09-11', collegeId='a0Dd000000R5jIzEAJ', contactId='003aJ00000dpCyLQAU', contactEmplid='1242691414', contactName='Tri Dung Lai', deferred=False, doNotCall=False, externalApplicationNumber='2065095', jointProgram=False, isClosed=False, isWon=False, lastModifiedDate='2026-07-08T10:54:03.000+0000', leadSource='Grad Partial Application', leadSourceSubtype='Applicant', locationId='a0Gd000000F95vhEAB', militaryBenefits=False, name='Tri Dung Lai - 03330880', onlineDegree=False, ownerEmail='salesforce.development@asu.edu', ownerId='005d0000004UUudAAG', ownerOrganizationName='Software Engineering', ownerName='API ASU MULESOFT', prospectCampaignId='7016T0000020VcYQAU', prospectCampaignName='Grad Partial Application - Applicant', recordTypeId='012d0000000x2WEAAY', recordTypeName='Graduate Application', selfReportedUGradGpa=3.06, selfReportedUndergradMajor='Data Science and AI', termId='a0Jd000000U7lzFEAR')] inState=False outOfState=False college='Ira A. Fulton Schools of Engineering' program='Software Eng (Data Sci)' career='Graduate' admitType='Masters' firstTimeFreshman=False transfer=False collegeProgramCode='GRES' is_international=True international=True stateOfResidence=None enrollmentDepositPaid=True stageName='Admitted' current=False firstYear=False depositPaid=True campus='Polytechnic' locationName='Polytechnic' termCode='2267' selectedOpportunity=SalesforceOpportunity(stageName='Admitted', termCode='2267', career='Graduate', type='Masters', internationalStudent=True, firstGeneration=False, enrollmentDepositPaid=None, enrollmentDepositStatus='Paid', collegeName='Ira A Fulton Engineering', locationName='Polytechnic', collegeProgramCode='GRES', programCode=None, createdDate='2026-04-28T12:37:03.000+0000', currentLocation='Polytechnic', academicPlanName='Software Eng (Data Sci)', opportunityId='006aJ00000P9hc1QAB', academicPlanCode='ESSERDSMS', academicPlanId='a0FaJ000003TAlSUAW', accountId='001aJ00000kAwQ3QAK', accountName='Tri Dung Lai', applicationDate='2026-04-28', applicationNumber='03330880', applicationStartedDate='2026-04-28', applicationSubmittedDate='2026-04-29', closeDate='2026-09-11', collegeId='a0Dd000000R5jIzEAJ', contactId='003aJ00000dpCyLQAU', contactEmplid='1242691414', contactName='Tri Dung Lai', deferred=False, doNotCall=False, externalApplicationNumber='2065095', jointProgram=False, isClosed=False, isWon=False, lastModifiedDate='2026-07-08T10:54:03.000+0000', leadSource='Grad Partial Application', leadSourceSubtype='Applicant', locationId='a0Gd000000F95vhEAB', militaryBenefits=False, name='Tri Dung Lai - 03330880', onlineDegree=False, ownerEmail='salesforce.development@asu.edu', ownerId='005d0000004UUudAAG', ownerOrganizationName='Software Engineering', ownerName='API ASU MULESOFT', prospectCampaignId='7016T0000020VcYQAU', prospectCampaignName='Grad Partial Application - Applicant', recordTypeId='012d0000000x2WEAAY', recordTypeName='Graduate Application', selfReportedUGradGpa=3.06, selfReportedUndergradMajor='Data Science and AI', termId='a0Jd000000U7lzFEAR') type='Masters'
ERROR:cron.jobs:refresh_salesforce_roles: failed for seongcha (Discord ID 493284765441589248): Timed out refresh Salesforce-based roles
Ignoring exception in on_member_update
Traceback (most recent call last):
  File "/usr/local/lib/python3.12/site-packages/discord/client.py", line 465, in _run_event
    await coro(*args, **kwargs)
  File "/app/asu_discord/cogs/analytics.py", line 652, in on_member_update
    before_timeout = before.timed_out_until
                     ^^^^^^^^^^^^^^^^^^^^^^
AttributeError: 'Member' object has no attribute 'timed_out_until'
Ignoring exception in on_member_update
Traceback (most recent call last):
  File "/usr/local/lib/python3.12/site-packages/discord/client.py", line 465, in _run_event
    await coro(*args, **kwargs)
  File "/app/asu_discord/cogs/analytics.py", line 652, in on_member_update
    before_timeout = before.timed_out_until
                     ^^^^^^^^^^^^^^^^^^^^^^
AttributeError: 'Member' object has no attribute 'timed_out_until'
Ignoring exception in on_member_update
Traceback (most recent call last):
  File "/usr/local/lib/python3.12/site-packages/discord/client.py", line 465, in _run_event
    await coro(*args, **kwargs)
  File "/app/asu_discord/cogs/analytics.py", line 652, in on_member_update
    before_timeout = before.timed_out_until
                     ^^^^^^^^^^^^^^^^^^^^^^
AttributeError: 'Member' object has no attribute 'timed_out_until'
Ignoring exception in on_member_update
Traceback (most recent call last):
  File "/usr/local/lib/python3.12/site-packages/discord/client.py", line 465, in _run_event
    await coro(*args, **kwargs)
  File "/app/asu_discord/cogs/analytics.py", line 652, in on_member_update
    before_timeout = before.timed_out_until
                     ^^^^^^^^^^^^^^^^^^^^^^
AttributeError: 'Member' object has no attribute 'timed_out_until'
Ignoring exception in on_member_update
Traceback (most recent call last):
  File "/usr/local/lib/python3.12/site-packages/discord/client.py", line 465, in _run_event
    await coro(*args, **kwargs)
  File "/app/asu_discord/cogs/analytics.py", line 652, in on_member_update
    before_timeout = before.timed_out_until
                     ^^^^^^^^^^^^^^^^^^^^^^
AttributeError: 'Member' object has no attribute 'timed_out_until'
Ignoring exception in on_member_update
Traceback (most recent call last):
  File "/usr/local/lib/python3.12/site-packages/discord/client.py", line 465, in _run_event
    await coro(*args, **kwargs)
  File "/app/asu_discord/cogs/analytics.py", line 652, in on_member_update
    before_timeout = before.timed_out_until
                     ^^^^^^^^^^^^^^^^^^^^^^
AttributeError: 'Member' object has no attribute 'timed_out_until'
Ignoring exception in on_member_update
Traceback (most recent call last):
  File "/usr/local/lib/python3.12/site-packages/discord/client.py", line 465, in _run_event
    await coro(*args, **kwargs)
  File "/app/asu_discord/cogs/analytics.py", line 652, in on_member_update
    before_timeout = before.timed_out_until
                     ^^^^^^^^^^^^^^^^^^^^^^
AttributeError: 'Member' object has no attribute 'timed_out_until'
Ignoring exception in on_member_update
Traceback (most recent call last):
  File "/usr/local/lib/python3.12/site-packages/discord/client.py", line 465, in _run_event
    await coro(*args, **kwargs)
  File "/app/asu_discord/cogs/analytics.py", line 652, in on_member_update
    before_timeout = before.timed_out_until
                     ^^^^^^^^^^^^^^^^^^^^^^
AttributeError: 'Member' object has no attribute 'timed_out_until'
Ignoring exception in on_member_update
Traceback (most recent call last):
  File "/usr/local/lib/python3.12/site-packages/discord/client.py", line 465, in _run_event
    await coro(*args, **kwargs)
  File "/app/asu_discord/cogs/analytics.py", line 652, in on_member_update
    before_timeout = before.timed_out_until
                     ^^^^^^^^^^^^^^^^^^^^^^
AttributeError: 'Member' object has no attribute 'timed_out_until'
INFO:asu_discord.cogs.verification:Assigned Salesforce-based roles [1356257786563920023, 1187164940923060284, 1187457897966338129, 1187460517422444676, 1282465090808971397] to Discord user 749168402949472318
INFO:asu_discord.cogs.verification:Saved 5 roles to database for user dunglai (Discord ID: 749168402949472318)
Ignoring exception in on_member_update
Traceback (most recent call last):
  File "/usr/local/lib/python3.12/site-packages/discord/client.py", line 465, in _run_event
    await coro(*args, **kwargs)
  File "/app/asu_discord/cogs/analytics.py", line 652, in on_member_update
    before_timeout = before.timed_out_until
                     ^^^^^^^^^^^^^^^^^^^^^^
AttributeError: 'Member' object has no attribute 'timed_out_until'
ERROR:cron.jobs:refresh_salesforce_roles: failed for ejgerha1 (Discord ID 1379710933483520071): Timed out refresh Salesforce-based roles
Ignoring exception in on_member_update
Traceback (most recent call last):
  File "/usr/local/lib/python3.12/site-packages/discord/client.py", line 465, in _run_event
    await coro(*args, **kwargs)
  File "/app/asu_discord/cogs/analytics.py", line 652, in on_member_update
    before_timeout = before.timed_out_until
                     ^^^^^^^^^^^^^^^^^^^^^^
AttributeError: 'Member' object has no attribute 'timed_out_until'
Ignoring exception in on_member_update
Traceback (most recent call last):
  File "/usr/local/lib/python3.12/site-packages/discord/client.py", line 465, in _run_event
    await coro(*args, **kwargs)
  File "/app/asu_discord/cogs/analytics.py", line 652, in on_member_update
    before_timeout = before.timed_out_until
                     ^^^^^^^^^^^^^^^^^^^^^^
AttributeError: 'Member' object has no attribute 'timed_out_until'
Ignoring exception in on_member_update
Traceback (most recent call last):
  File "/usr/local/lib/python3.12/site-packages/discord/client.py", line 465, in _run_event
    await coro(*args, **kwargs)
  File "/app/asu_discord/cogs/analytics.py", line 652, in on_member_update
    before_timeout = before.timed_out_until
                     ^^^^^^^^^^^^^^^^^^^^^^
AttributeError: 'Member' object has no attribute 'timed_out_until'
Ignoring exception in on_member_update
Traceback (most recent call last):
  File "/usr/local/lib/python3.12/site-packages/discord/client.py", line 465, in _run_event
    await coro(*args, **kwargs)
  File "/app/asu_discord/cogs/analytics.py", line 652, in on_member_update
    before_timeout = before.timed_out_until
                     ^^^^^^^^^^^^^^^^^^^^^^
AttributeError: 'Member' object has no attribute 'timed_out_until'
Ignoring exception in on_member_update
Traceback (most recent call last):
  File "/usr/local/lib/python3.12/site-packages/discord/client.py", line 465, in _run_event
    await coro(*args, **kwargs)
  File "/app/asu_discord/cogs/analytics.py", line 652, in on_member_update
    before_timeout = before.timed_out_until
                     ^^^^^^^^^^^^^^^^^^^^^^
AttributeError: 'Member' object has no attribute 'timed_out_until'
Ignoring exception in on_member_update
Traceback (most recent call last):
  File "/usr/local/lib/python3.12/site-packages/discord/client.py", line 465, in _run_event
    await coro(*args, **kwargs)
  File "/app/asu_discord/cogs/analytics.py", line 652, in on_member_update
    before_timeout = before.timed_out_until
                     ^^^^^^^^^^^^^^^^^^^^^^
AttributeError: 'Member' object has no attribute 'timed_out_until'
Ignoring exception in on_member_update
Traceback (most recent call last):
  File "/usr/local/lib/python3.12/site-packages/discord/client.py", line 465, in _run_event
    await coro(*args, **kwargs)
  File "/app/asu_discord/cogs/analytics.py", line 652, in on_member_update
    before_timeout = before.timed_out_until
                     ^^^^^^^^^^^^^^^^^^^^^^
AttributeError: 'Member' object has no attribute 'timed_out_until'
Ignoring exception in on_member_update
Traceback (most recent call last):
  File "/usr/local/lib/python3.12/site-packages/discord/client.py", line 465, in _run_event
    await coro(*args, **kwargs)
  File "/app/asu_discord/cogs/analytics.py", line 652, in on_member_update
    before_timeout = before.timed_out_until
                     ^^^^^^^^^^^^^^^^^^^^^^
AttributeError: 'Member' object has no attribute 'timed_out_until'
INFO:asu_discord.cogs.verification:Saved 4 roles to database for user sbmeshra@asu.edu (Discord ID: 605859082959585281)
INFO:asu_discord.cogs.verification:Refreshed Salesforce roles for Discord user 605859082959585281: -4/+4 roles, assigned=[Graduate Student, International Student, Ira A. Fulton Schools of Engineering, Tempe]
Ignoring exception in on_member_update
Traceback (most recent call last):
  File "/usr/local/lib/python3.12/site-packages/discord/client.py", line 465, in _run_event
    await coro(*args, **kwargs)
  File "/app/asu_discord/cogs/analytics.py", line 652, in on_member_update
    before_timeout = before.timed_out_until
                     ^^^^^^^^^^^^^^^^^^^^^^
AttributeError: 'Member' object has no attribute 'timed_out_until'
Ignoring exception in on_member_update
Traceback (most recent call last):
  File "/usr/local/lib/python3.12/site-packages/discord/client.py", line 465, in _run_event
    await coro(*args, **kwargs)
  File "/app/asu_discord/cogs/analytics.py", line 652, in on_member_update
    before_timeout = before.timed_out_until
                     ^^^^^^^^^^^^^^^^^^^^^^
AttributeError: 'Member' object has no attribute 'timed_out_until'
Ignoring exception in on_member_update
Traceback (most recent call last):
  File "/usr/local/lib/python3.12/site-packages/discord/client.py", line 465, in _run_event
    await coro(*args, **kwargs)
  File "/app/asu_discord/cogs/analytics.py", line 652, in on_member_update
    before_timeout = before.timed_out_until
                     ^^^^^^^^^^^^^^^^^^^^^^
AttributeError: 'Member' object has no attribute 'timed_out_until'
Ignoring exception in on_member_update
Traceback (most recent call last):
  File "/usr/local/lib/python3.12/site-packages/discord/client.py", line 465, in _run_event
    await coro(*args, **kwargs)
  File "/app/asu_discord/cogs/analytics.py", line 652, in on_member_update
    before_timeout = before.timed_out_until
                     ^^^^^^^^^^^^^^^^^^^^^^
AttributeError: 'Member' object has no attribute 'timed_out_until'
Ignoring exception in on_member_update
Traceback (most recent call last):
  File "/usr/local/lib/python3.12/site-packages/discord/client.py", line 465, in _run_event
    await coro(*args, **kwargs)
  File "/app/asu_discord/cogs/analytics.py", line 652, in on_member_update
    before_timeout = before.timed_out_until
                     ^^^^^^^^^^^^^^^^^^^^^^
AttributeError: 'Member' object has no attribute 'timed_out_until'
Ignoring exception in on_member_update
Traceback (most recent call last):
  File "/usr/local/lib/python3.12/site-packages/discord/client.py", line 465, in _run_event
    await coro(*args, **kwargs)
  File "/app/asu_discord/cogs/analytics.py", line 652, in on_member_update
    before_timeout = before.timed_out_until
                     ^^^^^^^^^^^^^^^^^^^^^^
AttributeError: 'Member' object has no attribute 'timed_out_until'
Ignoring exception in on_member_update
Traceback (most recent call last):
  File "/usr/local/lib/python3.12/site-packages/discord/client.py", line 465, in _run_event
    await coro(*args, **kwargs)
  File "/app/asu_discord/cogs/analytics.py", line 652, in on_member_update
    before_timeout = before.timed_out_until
                     ^^^^^^^^^^^^^^^^^^^^^^
AttributeError: 'Member' object has no attribute 'timed_out_until'
Ignoring exception in on_member_update
Traceback (most recent call last):
  File "/usr/local/lib/python3.12/site-packages/discord/client.py", line 465, in _run_event
    await coro(*args, **kwargs)
  File "/app/asu_discord/cogs/analytics.py", line 652, in on_member_update
    before_timeout = before.timed_out_until
                     ^^^^^^^^^^^^^^^^^^^^^^
AttributeError: 'Member' object has no attribute 'timed_out_until'
Ignoring exception in on_member_update
Traceback (most recent call last):
  File "/usr/local/lib/python3.12/site-packages/discord/client.py", line 465, in _run_event
    await coro(*args, **kwargs)
  File "/app/asu_discord/cogs/analytics.py", line 652, in on_member_update
    before_timeout = before.timed_out_until
                     ^^^^^^^^^^^^^^^^^^^^^^
AttributeError: 'Member' object has no attribute 'timed_out_until'
Ignoring exception in on_member_update
Traceback (most recent call last):
  File "/usr/local/lib/python3.12/site-packages/discord/client.py", line 465, in _run_event
    await coro(*args, **kwargs)
  File "/app/asu_discord/cogs/analytics.py", line 652, in on_member_update
    before_timeout = before.timed_out_until
                     ^^^^^^^^^^^^^^^^^^^^^^
AttributeError: 'Member' object has no attribute 'timed_out_until'
INFO:asu_discord.cogs.verification:Saved 5 roles to database for user tirani12@asu.edu (Discord ID: 1141939100409135174)
INFO:asu_discord.cogs.verification:Refreshed Salesforce roles for Discord user 1141939100409135174: -5/+5 roles, assigned=[Arizona Resident, Online, Transfer Student, Upperclassmen, W.P. Carey School of Business]
Ignoring exception in on_member_update
Traceback (most recent call last):
  File "/usr/local/lib/python3.12/site-packages/discord/client.py", line 465, in _run_event
    await coro(*args, **kwargs)
  File "/app/asu_discord/cogs/analytics.py", line 652, in on_member_update
    before_timeout = before.timed_out_until
                     ^^^^^^^^^^^^^^^^^^^^^^
AttributeError: 'Member' object has no attribute 'timed_out_until'
Ignoring exception in on_member_update
Traceback (most recent call last):
  File "/usr/local/lib/python3.12/site-packages/discord/client.py", line 465, in _run_event
    await coro(*args, **kwargs)
  File "/app/asu_discord/cogs/analytics.py", line 652, in on_member_update
    before_timeout = before.timed_out_until
                     ^^^^^^^^^^^^^^^^^^^^^^
AttributeError: 'Member' object has no attribute 'timed_out_until'
Ignoring exception in on_member_update
Traceback (most recent call last):
  File "/usr/local/lib/python3.12/site-packages/discord/client.py", line 465, in _run_event
    await coro(*args, **kwargs)
  File "/app/asu_discord/cogs/analytics.py", line 652, in on_member_update
    before_timeout = before.timed_out_until
                     ^^^^^^^^^^^^^^^^^^^^^^
AttributeError: 'Member' object has no attribute 'timed_out_until'
Ignoring exception in on_member_update
Traceback (most recent call last):
  File "/usr/local/lib/python3.12/site-packages/discord/client.py", line 465, in _run_event
    await coro(*args, **kwargs)
  File "/app/asu_discord/cogs/analytics.py", line 652, in on_member_update
    before_timeout = before.timed_out_until
                     ^^^^^^^^^^^^^^^^^^^^^^
AttributeError: 'Member' object has no attribute 'timed_out_until'
Ignoring exception in on_member_update
Traceback (most recent call last):
  File "/usr/local/lib/python3.12/site-packages/discord/client.py", line 465, in _run_event
    await coro(*args, **kwargs)
  File "/app/asu_discord/cogs/analytics.py", line 652, in on_member_update
    before_timeout = before.timed_out_until
                     ^^^^^^^^^^^^^^^^^^^^^^
AttributeError: 'Member' object has no attribute 'timed_out_until'
Ignoring exception in on_member_update
Traceback (most recent call last):
  File "/usr/local/lib/python3.12/site-packages/discord/client.py", line 465, in _run_event
    await coro(*args, **kwargs)
  File "/app/asu_discord/cogs/analytics.py", line 652, in on_member_update
    before_timeout = before.timed_out_until
                     ^^^^^^^^^^^^^^^^^^^^^^
AttributeError: 'Member' object has no attribute 'timed_out_until'
Ignoring exception in on_member_update
Traceback (most recent call last):
  File "/usr/local/lib/python3.12/site-packages/discord/client.py", line 465, in _run_event
    await coro(*args, **kwargs)
  File "/app/asu_discord/cogs/analytics.py", line 652, in on_member_update
    before_timeout = before.timed_out_until
                     ^^^^^^^^^^^^^^^^^^^^^^
AttributeError: 'Member' object has no attribute 'timed_out_until'
Ignoring exception in on_member_update
Traceback (most recent call last):
  File "/usr/local/lib/python3.12/site-packages/discord/client.py", line 465, in _run_event
    await coro(*args, **kwargs)
  File "/app/asu_discord/cogs/analytics.py", line 652, in on_member_update
    before_timeout = before.timed_out_until
                     ^^^^^^^^^^^^^^^^^^^^^^
AttributeError: 'Member' object has no attribute 'timed_out_until'
Ignoring exception in on_member_update
Traceback (most recent call last):
  File "/usr/local/lib/python3.12/site-packages/discord/client.py", line 465, in _run_event
    await coro(*args, **kwargs)
  File "/app/asu_discord/cogs/analytics.py", line 652, in on_member_update
    before_timeout = before.timed_out_until
                     ^^^^^^^^^^^^^^^^^^^^^^
AttributeError: 'Member' object has no attribute 'timed_out_until'
Ignoring exception in on_member_update
Traceback (most recent call last):
  File "/usr/local/lib/python3.12/site-packages/discord/client.py", line 465, in _run_event
    await coro(*args, **kwargs)
  File "/app/asu_discord/cogs/analytics.py", line 652, in on_member_update
    before_timeout = before.timed_out_until
                     ^^^^^^^^^^^^^^^^^^^^^^
AttributeError: 'Member' object has no attribute 'timed_out_until'
INFO:asu_discord.cogs.verification:Saved 5 roles to database for user kbaez12@asu.edu (Discord ID: 554111270417072145)
INFO:asu_discord.cogs.verification:Refreshed Salesforce roles for Discord user 554111270417072145: -5/+5 roles, assigned=[First Generation Student, Graduate Student, Online, Out of State, Watts College of Public Service and Community Solutions]
Ignoring exception in on_member_update
Traceback (most recent call last):
  File "/usr/local/lib/python3.12/site-packages/discord/client.py", line 465, in _run_event
    await coro(*args, **kwargs)
  File "/app/asu_discord/cogs/analytics.py", line 652, in on_member_update
    before_timeout = before.timed_out_until
                     ^^^^^^^^^^^^^^^^^^^^^^
AttributeError: 'Member' object has no attribute 'timed_out_until'
Ignoring exception in on_member_update
Traceback (most recent call last):
  File "/usr/local/lib/python3.12/site-packages/discord/client.py", line 465, in _run_event
    await coro(*args, **kwargs)
  File "/app/asu_discord/cogs/analytics.py", line 652, in on_member_update
    before_timeout = before.timed_out_until
                     ^^^^^^^^^^^^^^^^^^^^^^
AttributeError: 'Member' object has no attribute 'timed_out_until'
Ignoring exception in on_member_update
Traceback (most recent call last):
  File "/usr/local/lib/python3.12/site-packages/discord/client.py", line 465, in _run_event
    await coro(*args, **kwargs)
  File "/app/asu_discord/cogs/analytics.py", line 652, in on_member_update
    before_timeout = before.timed_out_until
                     ^^^^^^^^^^^^^^^^^^^^^^
AttributeError: 'Member' object has no attribute 'timed_out_until'
Ignoring exception in on_member_update
Traceback (most recent call last):
  File "/usr/local/lib/python3.12/site-packages/discord/client.py", line 465, in _run_event
    await coro(*args, **kwargs)
  File "/app/asu_discord/cogs/analytics.py", line 652, in on_member_update
    before_timeout = before.timed_out_until
                     ^^^^^^^^^^^^^^^^^^^^^^
AttributeError: 'Member' object has no attribute 'timed_out_until'
Ignoring exception in on_member_update
Traceback (most recent call last):
  File "/usr/local/lib/python3.12/site-packages/discord/client.py", line 465, in _run_event
    await coro(*args, **kwargs)
  File "/app/asu_discord/cogs/analytics.py", line 652, in on_member_update
    before_timeout = before.timed_out_until
                     ^^^^^^^^^^^^^^^^^^^^^^
AttributeError: 'Member' object has no attribute 'timed_out_until'
Ignoring exception in on_member_update
Traceback (most recent call last):
  File "/usr/local/lib/python3.12/site-packages/discord/client.py", line 465, in _run_event
    await coro(*args, **kwargs)
  File "/app/asu_discord/cogs/analytics.py", line 652, in on_member_update
    before_timeout = before.timed_out_until
                     ^^^^^^^^^^^^^^^^^^^^^^
AttributeError: 'Member' object has no attribute 'timed_out_until'
Ignoring exception in on_member_update
Traceback (most recent call last):
  File "/usr/local/lib/python3.12/site-packages/discord/client.py", line 465, in _run_event
    await coro(*args, **kwargs)
  File "/app/asu_discord/cogs/analytics.py", line 652, in on_member_update
    before_timeout = before.timed_out_until
                     ^^^^^^^^^^^^^^^^^^^^^^
AttributeError: 'Member' object has no attribute 'timed_out_until'
Ignoring exception in on_member_update
Traceback (most recent call last):
  File "/usr/local/lib/python3.12/site-packages/discord/client.py", line 465, in _run_event
    await coro(*args, **kwargs)
  File "/app/asu_discord/cogs/analytics.py", line 652, in on_member_update
    before_timeout = before.timed_out_until
                     ^^^^^^^^^^^^^^^^^^^^^^
AttributeError: 'Member' object has no attribute 'timed_out_until'
Ignoring exception in on_member_update
Traceback (most recent call last):
  File "/usr/local/lib/python3.12/site-packages/discord/client.py", line 465, in _run_event
    await coro(*args, **kwargs)
  File "/app/asu_discord/cogs/analytics.py", line 652, in on_member_update
    before_timeout = before.timed_out_until
                     ^^^^^^^^^^^^^^^^^^^^^^
AttributeError: 'Member' object has no attribute 'timed_out_until'
Ignoring exception in on_member_update
Traceback (most recent call last):
  File "/usr/local/lib/python3.12/site-packages/discord/client.py", line 465, in _run_event
    await coro(*args, **kwargs)
  File "/app/asu_discord/cogs/analytics.py", line 652, in on_member_update
    before_timeout = before.timed_out_until
                     ^^^^^^^^^^^^^^^^^^^^^^
AttributeError: 'Member' object has no attribute 'timed_out_until'
Ignoring exception in on_member_update
Traceback (most recent call last):
  File "/usr/local/lib/python3.12/site-packages/discord/client.py", line 465, in _run_event
    await coro(*args, **kwargs)
  File "/app/asu_discord/cogs/analytics.py", line 652, in on_member_update
    before_timeout = before.timed_out_until
                     ^^^^^^^^^^^^^^^^^^^^^^
AttributeError: 'Member' object has no attribute 'timed_out_until'
Ignoring exception in on_member_update
Traceback (most recent call last):
  File "/usr/local/lib/python3.12/site-packages/discord/client.py", line 465, in _run_event
    await coro(*args, **kwargs)
  File "/app/asu_discord/cogs/analytics.py", line 652, in on_member_update
    before_timeout = before.timed_out_until
                     ^^^^^^^^^^^^^^^^^^^^^^
AttributeError: 'Member' object has no attribute 'timed_out_until'
INFO:asu_discord.cogs.verification:Saved 6 roles to database for user chaofeig@asu.edu (Discord ID: 946396103736164382)
INFO:asu_discord.cogs.verification:Refreshed Salesforce roles for Discord user 946396103736164382: -6/+6 roles, assigned=[Commited, First Generation Student, Graduate Student, International Student, Ira A. Fulton Schools of Engineering, Tempe]
Ignoring exception in on_member_update
Traceback (most recent call last):
  File "/usr/local/lib/python3.12/site-packages/discord/client.py", line 465, in _run_event
    await coro(*args, **kwargs)
  File "/app/asu_discord/cogs/analytics.py", line 652, in on_member_update
    before_timeout = before.timed_out_until
                     ^^^^^^^^^^^^^^^^^^^^^^
AttributeError: 'Member' object has no attribute 'timed_out_until'
Ignoring exception in on_member_update
Traceback (most recent call last):
  File "/usr/local/lib/python3.12/site-packages/discord/client.py", line 465, in _run_event
    await coro(*args, **kwargs)
  File "/app/asu_discord/cogs/analytics.py", line 652, in on_member_update
    before_timeout = before.timed_out_until
                     ^^^^^^^^^^^^^^^^^^^^^^
AttributeError: 'Member' object has no attribute 'timed_out_until'
Ignoring exception in on_member_update
Traceback (most recent call last):
  File "/usr/local/lib/python3.12/site-packages/discord/client.py", line 465, in _run_event
    await coro(*args, **kwargs)
  File "/app/asu_discord/cogs/analytics.py", line 652, in on_member_update
    before_timeout = before.timed_out_until
                     ^^^^^^^^^^^^^^^^^^^^^^
AttributeError: 'Member' object has no attribute 'timed_out_until'
Ignoring exception in on_member_update
Traceback (most recent call last):
  File "/usr/local/lib/python3.12/site-packages/discord/client.py", line 465, in _run_event
    await coro(*args, **kwargs)
  File "/app/asu_discord/cogs/analytics.py", line 652, in on_member_update
    before_timeout = before.timed_out_until
                     ^^^^^^^^^^^^^^^^^^^^^^
AttributeError: 'Member' object has no attribute 'timed_out_until'
Ignoring exception in on_member_update
Traceback (most recent call last):
  File "/usr/local/lib/python3.12/site-packages/discord/client.py", line 465, in _run_event
    await coro(*args, **kwargs)
  File "/app/asu_discord/cogs/analytics.py", line 652, in on_member_update
    before_timeout = before.timed_out_until
                     ^^^^^^^^^^^^^^^^^^^^^^
AttributeError: 'Member' object has no attribute 'timed_out_until'
Ignoring exception in on_member_update
Traceback (most recent call last):
  File "/usr/local/lib/python3.12/site-packages/discord/client.py", line 465, in _run_event
    await coro(*args, **kwargs)
  File "/app/asu_discord/cogs/analytics.py", line 652, in on_member_update
    before_timeout = before.timed_out_until
                     ^^^^^^^^^^^^^^^^^^^^^^
AttributeError: 'Member' object has no attribute 'timed_out_until'
Ignoring exception in on_member_update
Traceback (most recent call last):
  File "/usr/local/lib/python3.12/site-packages/discord/client.py", line 465, in _run_event
    await coro(*args, **kwargs)
  File "/app/asu_discord/cogs/analytics.py", line 652, in on_member_update
    before_timeout = before.timed_out_until
                     ^^^^^^^^^^^^^^^^^^^^^^
AttributeError: 'Member' object has no attribute 'timed_out_until'
Ignoring exception in on_member_update
Traceback (most recent call last):
  File "/usr/local/lib/python3.12/site-packages/discord/client.py", line 465, in _run_event
    await coro(*args, **kwargs)
  File "/app/asu_discord/cogs/analytics.py", line 652, in on_member_update
    before_timeout = before.timed_out_until
                     ^^^^^^^^^^^^^^^^^^^^^^
AttributeError: 'Member' object has no attribute 'timed_out_until'
INFO:asu_discord.cogs.verification:Saved 4 roles to database for user lmalolan@asu.edu (Discord ID: 1297603264883462144)
INFO:asu_discord.cogs.verification:Refreshed Salesforce roles for Discord user 1297603264883462144: -4/+4 roles, assigned=[College of Liberal Arts and Sciences, First Year, Online, Upperclassmen]
ERROR:cron.jobs:refresh_salesforce_roles: failed for rbeauli2 (Discord ID 1018363290780442645): Failed to refresh Salesforce-based roles: Discord user 1018363290780442645 is not a member of the guild
Ignoring exception in on_member_update
Traceback (most recent call last):
  File "/usr/local/lib/python3.12/site-packages/discord/client.py", line 465, in _run_event
    await coro(*args, **kwargs)
  File "/app/asu_discord/cogs/analytics.py", line 652, in on_member_update
    before_timeout = before.timed_out_until
                     ^^^^^^^^^^^^^^^^^^^^^^
AttributeError: 'Member' object has no attribute 'timed_out_until'
Ignoring exception in on_member_update
Traceback (most recent call last):
  File "/usr/local/lib/python3.12/site-packages/discord/client.py", line 465, in _run_event
    await coro(*args, **kwargs)
  File "/app/asu_discord/cogs/analytics.py", line 652, in on_member_update
    before_timeout = before.timed_out_until
                     ^^^^^^^^^^^^^^^^^^^^^^
AttributeError: 'Member' object has no attribute 'timed_out_until'
Ignoring exception in on_member_update
Traceback (most recent call last):
  File "/usr/local/lib/python3.12/site-packages/discord/client.py", line 465, in _run_event
    await coro(*args, **kwargs)
  File "/app/asu_discord/cogs/analytics.py", line 652, in on_member_update
    before_timeout = before.timed_out_until
                     ^^^^^^^^^^^^^^^^^^^^^^
AttributeError: 'Member' object has no attribute 'timed_out_until'
Ignoring exception in on_member_update
Traceback (most recent call last):
  File "/usr/local/lib/python3.12/site-packages/discord/client.py", line 465, in _run_event
    await coro(*args, **kwargs)
  File "/app/asu_discord/cogs/analytics.py", line 652, in on_member_update
    before_timeout = before.timed_out_until
                     ^^^^^^^^^^^^^^^^^^^^^^
AttributeError: 'Member' object has no attribute 'timed_out_until'
Ignoring exception in on_member_update
Traceback (most recent call last):
  File "/usr/local/lib/python3.12/site-packages/discord/client.py", line 465, in _run_event
    await coro(*args, **kwargs)
  File "/app/asu_discord/cogs/analytics.py", line 652, in on_member_update
    before_timeout = before.timed_out_until
                     ^^^^^^^^^^^^^^^^^^^^^^
AttributeError: 'Member' object has no attribute 'timed_out_until'
Ignoring exception in on_member_update
Traceback (most recent call last):
  File "/usr/local/lib/python3.12/site-packages/discord/client.py", line 465, in _run_event
    await coro(*args, **kwargs)
  File "/app/asu_discord/cogs/analytics.py", line 652, in on_member_update
    before_timeout = before.timed_out_until
                     ^^^^^^^^^^^^^^^^^^^^^^
AttributeError: 'Member' object has no attribute 'timed_out_until'
Ignoring exception in on_member_update
Traceback (most recent call last):
  File "/usr/local/lib/python3.12/site-packages/discord/client.py", line 465, in _run_event
    await coro(*args, **kwargs)
  File "/app/asu_discord/cogs/analytics.py", line 652, in on_member_update
    before_timeout = before.timed_out_until
                     ^^^^^^^^^^^^^^^^^^^^^^
AttributeError: 'Member' object has no attribute 'timed_out_until'
Ignoring exception in on_member_update
Traceback (most recent call last):
  File "/usr/local/lib/python3.12/site-packages/discord/client.py", line 465, in _run_event
    await coro(*args, **kwargs)
  File "/app/asu_discord/cogs/analytics.py", line 652, in on_member_update
    before_timeout = before.timed_out_until
                     ^^^^^^^^^^^^^^^^^^^^^^
AttributeError: 'Member' object has no attribute 'timed_out_until'
Ignoring exception in on_member_update
Traceback (most recent call last):
  File "/usr/local/lib/python3.12/site-packages/discord/client.py", line 465, in _run_event
    await coro(*args, **kwargs)
  File "/app/asu_discord/cogs/analytics.py", line 652, in on_member_update
    before_timeout = before.timed_out_until
                     ^^^^^^^^^^^^^^^^^^^^^^
AttributeError: 'Member' object has no attribute 'timed_out_until'
Ignoring exception in on_member_update
Traceback (most recent call last):
  File "/usr/local/lib/python3.12/site-packages/discord/client.py", line 465, in _run_event
    await coro(*args, **kwargs)
  File "/app/asu_discord/cogs/analytics.py", line 652, in on_member_update
    before_timeout = before.timed_out_until
                     ^^^^^^^^^^^^^^^^^^^^^^
AttributeError: 'Member' object has no attribute 'timed_out_until'
INFO:asu_discord.cogs.verification:Saved 5 roles to database for user jdmills@asu.edu (Discord ID: 628759688846114851)
INFO:asu_discord.cogs.verification:Refreshed Salesforce roles for Discord user 628759688846114851: -5/+5 roles, assigned=[Arizona Resident, First Generation Student, First Year, Ira A. Fulton Schools of Engineering, Tempe]
Ignoring exception in on_member_update
Traceback (most recent call last):
  File "/usr/local/lib/python3.12/site-packages/discord/client.py", line 465, in _run_event
    await coro(*args, **kwargs)
  File "/app/asu_discord/cogs/analytics.py", line 652, in on_member_update
    before_timeout = before.timed_out_until
                     ^^^^^^^^^^^^^^^^^^^^^^
AttributeError: 'Member' object has no attribute 'timed_out_until'
Ignoring exception in on_member_update
Traceback (most recent call last):
  File "/usr/local/lib/python3.12/site-packages/discord/client.py", line 465, in _run_event
    await coro(*args, **kwargs)
  File "/app/asu_discord/cogs/analytics.py", line 652, in on_member_update
    before_timeout = before.timed_out_until
                     ^^^^^^^^^^^^^^^^^^^^^^
AttributeError: 'Member' object has no attribute 'timed_out_until'
Ignoring exception in on_member_update
Traceback (most recent call last):
  File "/usr/local/lib/python3.12/site-packages/discord/client.py", line 465, in _run_event
    await coro(*args, **kwargs)
  File "/app/asu_discord/cogs/analytics.py", line 652, in on_member_update
    before_timeout = before.timed_out_until
                     ^^^^^^^^^^^^^^^^^^^^^^
AttributeError: 'Member' object has no attribute 'timed_out_until'
Ignoring exception in on_member_update
Traceback (most recent call last):
  File "/usr/local/lib/python3.12/site-packages/discord/client.py", line 465, in _run_event
    await coro(*args, **kwargs)
  File "/app/asu_discord/cogs/analytics.py", line 652, in on_member_update
    before_timeout = before.timed_out_until
                     ^^^^^^^^^^^^^^^^^^^^^^
AttributeError: 'Member' object has no attribute 'timed_out_until'
Ignoring exception in on_member_update
Traceback (most recent call last):
  File "/usr/local/lib/python3.12/site-packages/discord/client.py", line 465, in _run_event
    await coro(*args, **kwargs)
  File "/app/asu_discord/cogs/analytics.py", line 652, in on_member_update
    before_timeout = before.timed_out_until
                     ^^^^^^^^^^^^^^^^^^^^^^
AttributeError: 'Member' object has no attribute 'timed_out_until'
Ignoring exception in on_member_update
Traceback (most recent call last):
  File "/usr/local/lib/python3.12/site-packages/discord/client.py", line 465, in _run_event
    await coro(*args, **kwargs)
  File "/app/asu_discord/cogs/analytics.py", line 652, in on_member_update
    before_timeout = before.timed_out_until
                     ^^^^^^^^^^^^^^^^^^^^^^
AttributeError: 'Member' object has no attribute 'timed_out_until'
Ignoring exception in on_member_update
Traceback (most recent call last):
  File "/usr/local/lib/python3.12/site-packages/discord/client.py", line 465, in _run_event
    await coro(*args, **kwargs)
  File "/app/asu_discord/cogs/analytics.py", line 652, in on_member_update
    before_timeout = before.timed_out_until
                     ^^^^^^^^^^^^^^^^^^^^^^
AttributeError: 'Member' object has no attribute 'timed_out_until'
Ignoring exception in on_member_update
Traceback (most recent call last):
  File "/usr/local/lib/python3.12/site-packages/discord/client.py", line 465, in _run_event
    await coro(*args, **kwargs)
  File "/app/asu_discord/cogs/analytics.py", line 652, in on_member_update
    before_timeout = before.timed_out_until
                     ^^^^^^^^^^^^^^^^^^^^^^
AttributeError: 'Member' object has no attribute 'timed_out_until'
Ignoring exception in on_member_update
Traceback (most recent call last):
  File "/usr/local/lib/python3.12/site-packages/discord/client.py", line 465, in _run_event
    await coro(*args, **kwargs)
  File "/app/asu_discord/cogs/analytics.py", line 652, in on_member_update
    before_timeout = before.timed_out_until
                     ^^^^^^^^^^^^^^^^^^^^^^
AttributeError: 'Member' object has no attribute 'timed_out_until'
Ignoring exception in on_member_update
Traceback (most recent call last):
  File "/usr/local/lib/python3.12/site-packages/discord/client.py", line 465, in _run_event
    await coro(*args, **kwargs)
  File "/app/asu_discord/cogs/analytics.py", line 652, in on_member_update
    before_timeout = before.timed_out_until
                     ^^^^^^^^^^^^^^^^^^^^^^
AttributeError: 'Member' object has no attribute 'timed_out_until'
INFO:asu_discord.cogs.verification:Saved 5 roles to database for user jrstew10@asu.edu (Discord ID: 310603543180476426)
INFO:asu_discord.cogs.verification:Refreshed Salesforce roles for Discord user 310603543180476426: -5/+5 roles, assigned=[Ira A. Fulton Schools of Engineering, Online, Out of State, Transfer Student, Upperclassmen]
Ignoring exception in on_member_update
Traceback (most recent call last):
  File "/usr/local/lib/python3.12/site-packages/discord/client.py", line 465, in _run_event
    await coro(*args, **kwargs)
  File "/app/asu_discord/cogs/analytics.py", line 652, in on_member_update
    before_timeout = before.timed_out_until
                     ^^^^^^^^^^^^^^^^^^^^^^
AttributeError: 'Member' object has no attribute 'timed_out_until'
Ignoring exception in on_member_update
Traceback (most recent call last):
  File "/usr/local/lib/python3.12/site-packages/discord/client.py", line 465, in _run_event
    await coro(*args, **kwargs)
  File "/app/asu_discord/cogs/analytics.py", line 652, in on_member_update
    before_timeout = before.timed_out_until
                     ^^^^^^^^^^^^^^^^^^^^^^
AttributeError: 'Member' object has no attribute 'timed_out_until'
Ignoring exception in on_member_update
Traceback (most recent call last):
  File "/usr/local/lib/python3.12/site-packages/discord/client.py", line 465, in _run_event
    await coro(*args, **kwargs)
  File "/app/asu_discord/cogs/analytics.py", line 652, in on_member_update
    before_timeout = before.timed_out_until
                     ^^^^^^^^^^^^^^^^^^^^^^
AttributeError: 'Member' object has no attribute 'timed_out_until'
Ignoring exception in on_member_update
Traceback (most recent call last):
  File "/usr/local/lib/python3.12/site-packages/discord/client.py", line 465, in _run_event
    await coro(*args, **kwargs)
  File "/app/asu_discord/cogs/analytics.py", line 652, in on_member_update
    before_timeout = before.timed_out_until
                     ^^^^^^^^^^^^^^^^^^^^^^
AttributeError: 'Member' object has no attribute 'timed_out_until'
Ignoring exception in on_member_update
Traceback (most recent call last):
  File "/usr/local/lib/python3.12/site-packages/discord/client.py", line 465, in _run_event
    await coro(*args, **kwargs)
  File "/app/asu_discord/cogs/analytics.py", line 652, in on_member_update
    before_timeout = before.timed_out_until
                     ^^^^^^^^^^^^^^^^^^^^^^
AttributeError: 'Member' object has no attribute 'timed_out_until'
Ignoring exception in on_member_update
Traceback (most recent call last):
  File "/usr/local/lib/python3.12/site-packages/discord/client.py", line 465, in _run_event
    await coro(*args, **kwargs)
  File "/app/asu_discord/cogs/analytics.py", line 652, in on_member_update
    before_timeout = before.timed_out_until
                     ^^^^^^^^^^^^^^^^^^^^^^
AttributeError: 'Member' object has no attribute 'timed_out_until'
Ignoring exception in on_member_update
Traceback (most recent call last):
  File "/usr/local/lib/python3.12/site-packages/discord/client.py", line 465, in _run_event
    await coro(*args, **kwargs)
  File "/app/asu_discord/cogs/analytics.py", line 652, in on_member_update
    before_timeout = before.timed_out_until
                     ^^^^^^^^^^^^^^^^^^^^^^
AttributeError: 'Member' object has no attribute 'timed_out_until'
Ignoring exception in on_member_update
Traceback (most recent call last):
  File "/usr/local/lib/python3.12/site-packages/discord/client.py", line 465, in _run_event
    await coro(*args, **kwargs)
  File "/app/asu_discord/cogs/analytics.py", line 652, in on_member_update
    before_timeout = before.timed_out_until
                     ^^^^^^^^^^^^^^^^^^^^^^
AttributeError: 'Member' object has no attribute 'timed_out_until'
Ignoring exception in on_member_update
Traceback (most recent call last):
  File "/usr/local/lib/python3.12/site-packages/discord/client.py", line 465, in _run_event
    await coro(*args, **kwargs)
  File "/app/asu_discord/cogs/analytics.py", line 652, in on_member_update
    before_timeout = before.timed_out_until
                     ^^^^^^^^^^^^^^^^^^^^^^
AttributeError: 'Member' object has no attribute 'timed_out_until'
Ignoring exception in on_member_update
Traceback (most recent call last):
  File "/usr/local/lib/python3.12/site-packages/discord/client.py", line 465, in _run_event
    await coro(*args, **kwargs)
  File "/app/asu_discord/cogs/analytics.py", line 652, in on_member_update
    before_timeout = before.timed_out_until
                     ^^^^^^^^^^^^^^^^^^^^^^
AttributeError: 'Member' object has no attribute 'timed_out_until'
INFO:asu_discord.cogs.verification:Saved 5 roles to database for user rchand56@asu.edu (Discord ID: 811259673780027402)
INFO:asu_discord.cogs.verification:Refreshed Salesforce roles for Discord user 811259673780027402: -5/+5 roles, assigned=[Commited, Graduate Student, International Student, Ira A. Fulton Schools of Engineering, Tempe]
Ignoring exception in on_member_update
Traceback (most recent call last):
  File "/usr/local/lib/python3.12/site-packages/discord/client.py", line 465, in _run_event
    await coro(*args, **kwargs)
  File "/app/asu_discord/cogs/analytics.py", line 652, in on_member_update
    before_timeout = before.timed_out_until
                     ^^^^^^^^^^^^^^^^^^^^^^
AttributeError: 'Member' object has no attribute 'timed_out_until'
Ignoring exception in on_member_update
Traceback (most recent call last):
  File "/usr/local/lib/python3.12/site-packages/discord/client.py", line 465, in _run_event
    await coro(*args, **kwargs)
  File "/app/asu_discord/cogs/analytics.py", line 652, in on_member_update
    before_timeout = before.timed_out_until
                     ^^^^^^^^^^^^^^^^^^^^^^
AttributeError: 'Member' object has no attribute 'timed_out_until'
Ignoring exception in on_member_update
Traceback (most recent call last):
  File "/usr/local/lib/python3.12/site-packages/discord/client.py", line 465, in _run_event
    await coro(*args, **kwargs)
  File "/app/asu_discord/cogs/analytics.py", line 652, in on_member_update
    before_timeout = before.timed_out_until
                     ^^^^^^^^^^^^^^^^^^^^^^
AttributeError: 'Member' object has no attribute 'timed_out_until'
Ignoring exception in on_member_update
Traceback (most recent call last):
  File "/usr/local/lib/python3.12/site-packages/discord/client.py", line 465, in _run_event
    await coro(*args, **kwargs)
  File "/app/asu_discord/cogs/analytics.py", line 652, in on_member_update
    before_timeout = before.timed_out_until
                     ^^^^^^^^^^^^^^^^^^^^^^
AttributeError: 'Member' object has no attribute 'timed_out_until'
Ignoring exception in on_member_update
Traceback (most recent call last):
  File "/usr/local/lib/python3.12/site-packages/discord/client.py", line 465, in _run_event
    await coro(*args, **kwargs)
  File "/app/asu_discord/cogs/analytics.py", line 652, in on_member_update
    before_timeout = before.timed_out_until
                     ^^^^^^^^^^^^^^^^^^^^^^
AttributeError: 'Member' object has no attribute 'timed_out_until'
Ignoring exception in on_member_update
Traceback (most recent call last):
  File "/usr/local/lib/python3.12/site-packages/discord/client.py", line 465, in _run_event
    await coro(*args, **kwargs)
  File "/app/asu_discord/cogs/analytics.py", line 652, in on_member_update
    before_timeout = before.timed_out_until
                     ^^^^^^^^^^^^^^^^^^^^^^
AttributeError: 'Member' object has no attribute 'timed_out_until'
Ignoring exception in on_member_update
Traceback (most recent call last):
  File "/usr/local/lib/python3.12/site-packages/discord/client.py", line 465, in _run_event
    await coro(*args, **kwargs)
  File "/app/asu_discord/cogs/analytics.py", line 652, in on_member_update
    before_timeout = before.timed_out_until
                     ^^^^^^^^^^^^^^^^^^^^^^
AttributeError: 'Member' object has no attribute 'timed_out_until'
Ignoring exception in on_member_update
Traceback (most recent call last):
  File "/usr/local/lib/python3.12/site-packages/discord/client.py", line 465, in _run_event
    await coro(*args, **kwargs)
  File "/app/asu_discord/cogs/analytics.py", line 652, in on_member_update
    before_timeout = before.timed_out_until
                     ^^^^^^^^^^^^^^^^^^^^^^
AttributeError: 'Member' object has no attribute 'timed_out_until'
Ignoring exception in on_member_update
Traceback (most recent call last):
  File "/usr/local/lib/python3.12/site-packages/discord/client.py", line 465, in _run_event
    await coro(*args, **kwargs)
  File "/app/asu_discord/cogs/analytics.py", line 652, in on_member_update
    before_timeout = before.timed_out_until
                     ^^^^^^^^^^^^^^^^^^^^^^
AttributeError: 'Member' object has no attribute 'timed_out_until'
Ignoring exception in on_member_update
Traceback (most recent call last):
  File "/usr/local/lib/python3.12/site-packages/discord/client.py", line 465, in _run_event
    await coro(*args, **kwargs)
  File "/app/asu_discord/cogs/analytics.py", line 652, in on_member_update
    before_timeout = before.timed_out_until
                     ^^^^^^^^^^^^^^^^^^^^^^
AttributeError: 'Member' object has no attribute 'timed_out_until'
Ignoring exception in on_member_update
Traceback (most recent call last):
  File "/usr/local/lib/python3.12/site-packages/discord/client.py", line 465, in _run_event
    await coro(*args, **kwargs)
  File "/app/asu_discord/cogs/analytics.py", line 652, in on_member_update
    before_timeout = before.timed_out_until
                     ^^^^^^^^^^^^^^^^^^^^^^
AttributeError: 'Member' object has no attribute 'timed_out_until'
INFO:asu_discord.cogs.verification:Saved 6 roles to database for user rkhoshke@asu.edu (Discord ID: 443539732895498262)
INFO:asu_discord.cogs.verification:Refreshed Salesforce roles for Discord user 443539732895498262: -5/+6 roles, assigned=[Arizona Resident, First Generation Student, First Year, Tempe, Upperclassmen, W.P. Carey School of Business]
Ignoring exception in on_member_update
Traceback (most recent call last):
  File "/usr/local/lib/python3.12/site-packages/discord/client.py", line 465, in _run_event
    await coro(*args, **kwargs)
  File "/app/asu_discord/cogs/analytics.py", line 652, in on_member_update
    before_timeout = before.timed_out_until
                     ^^^^^^^^^^^^^^^^^^^^^^
AttributeError: 'Member' object has no attribute 'timed_out_until'
Ignoring exception in on_member_update
Traceback (most recent call last):
  File "/usr/local/lib/python3.12/site-packages/discord/client.py", line 465, in _run_event
    await coro(*args, **kwargs)
  File "/app/asu_discord/cogs/analytics.py", line 652, in on_member_update
    before_timeout = before.timed_out_until
                     ^^^^^^^^^^^^^^^^^^^^^^
AttributeError: 'Member' object has no attribute 'timed_out_until'
Ignoring exception in on_member_update
Traceback (most recent call last):
  File "/usr/local/lib/python3.12/site-packages/discord/client.py", line 465, in _run_event
    await coro(*args, **kwargs)
  File "/app/asu_discord/cogs/analytics.py", line 652, in on_member_update
    before_timeout = before.timed_out_until
                     ^^^^^^^^^^^^^^^^^^^^^^
AttributeError: 'Member' object has no attribute 'timed_out_until'
Ignoring exception in on_member_update
Traceback (most recent call last):
  File "/usr/local/lib/python3.12/site-packages/discord/client.py", line 465, in _run_event
    await coro(*args, **kwargs)
  File "/app/asu_discord/cogs/analytics.py", line 652, in on_member_update
    before_timeout = before.timed_out_until
                     ^^^^^^^^^^^^^^^^^^^^^^
AttributeError: 'Member' object has no attribute 'timed_out_until'
Ignoring exception in on_member_update
Traceback (most recent call last):
  File "/usr/local/lib/python3.12/site-packages/discord/client.py", line 465, in _run_event
    await coro(*args, **kwargs)
  File "/app/asu_discord/cogs/analytics.py", line 652, in on_member_update
    before_timeout = before.timed_out_until
                     ^^^^^^^^^^^^^^^^^^^^^^
AttributeError: 'Member' object has no attribute 'timed_out_until'
Ignoring exception in on_member_update
Traceback (most recent call last):
  File "/usr/local/lib/python3.12/site-packages/discord/client.py", line 465, in _run_event
    await coro(*args, **kwargs)
  File "/app/asu_discord/cogs/analytics.py", line 652, in on_member_update
    before_timeout = before.timed_out_until
                     ^^^^^^^^^^^^^^^^^^^^^^
AttributeError: 'Member' object has no attribute 'timed_out_until'
Ignoring exception in on_member_update
Traceback (most recent call last):
  File "/usr/local/lib/python3.12/site-packages/discord/client.py", line 465, in _run_event
    await coro(*args, **kwargs)
  File "/app/asu_discord/cogs/analytics.py", line 652, in on_member_update
    before_timeout = before.timed_out_until
                     ^^^^^^^^^^^^^^^^^^^^^^
AttributeError: 'Member' object has no attribute 'timed_out_until'
Ignoring exception in on_member_update
Traceback (most recent call last):
  File "/usr/local/lib/python3.12/site-packages/discord/client.py", line 465, in _run_event
    await coro(*args, **kwargs)
  File "/app/asu_discord/cogs/analytics.py", line 652, in on_member_update
    before_timeout = before.timed_out_until
                     ^^^^^^^^^^^^^^^^^^^^^^
AttributeError: 'Member' object has no attribute 'timed_out_until'
INFO:asu_discord.cogs.verification:Saved 4 roles to database for user mntagle@asu.edu (Discord ID: 835256236198199336)
INFO:asu_discord.cogs.verification:Refreshed Salesforce roles for Discord user 835256236198199336: -4/+4 roles, assigned=[Arizona Resident, First Year, Ira A. Fulton Schools of Engineering, Polytechnic]
ERROR:cron.jobs:refresh_salesforce_roles: failed for jjirving (Discord ID 710946223061991575): Failed to refresh Salesforce-based roles: Discord user 710946223061991575 is not a member of the guild
Ignoring exception in on_member_update
Traceback (most recent call last):
  File "/usr/local/lib/python3.12/site-packages/discord/client.py", line 465, in _run_event
    await coro(*args, **kwargs)
  File "/app/asu_discord/cogs/analytics.py", line 652, in on_member_update
    before_timeout = before.timed_out_until
                     ^^^^^^^^^^^^^^^^^^^^^^
AttributeError: 'Member' object has no attribute 'timed_out_until'
Ignoring exception in on_member_update
Traceback (most recent call last):
  File "/usr/local/lib/python3.12/site-packages/discord/client.py", line 465, in _run_event
    await coro(*args, **kwargs)
  File "/app/asu_discord/cogs/analytics.py", line 652, in on_member_update
    before_timeout = before.timed_out_until
                     ^^^^^^^^^^^^^^^^^^^^^^
AttributeError: 'Member' object has no attribute 'timed_out_until'
Ignoring exception in on_member_update
Traceback (most recent call last):
  File "/usr/local/lib/python3.12/site-packages/discord/client.py", line 465, in _run_event
    await coro(*args, **kwargs)
  File "/app/asu_discord/cogs/analytics.py", line 652, in on_member_update
    before_timeout = before.timed_out_until
                     ^^^^^^^^^^^^^^^^^^^^^^
AttributeError: 'Member' object has no attribute 'timed_out_until'
Ignoring exception in on_member_update
Traceback (most recent call last):
  File "/usr/local/lib/python3.12/site-packages/discord/client.py", line 465, in _run_event
    await coro(*args, **kwargs)
  File "/app/asu_discord/cogs/analytics.py", line 652, in on_member_update
    before_timeout = before.timed_out_until
                     ^^^^^^^^^^^^^^^^^^^^^^
AttributeError: 'Member' object has no attribute 'timed_out_until'
Ignoring exception in on_member_update
Traceback (most recent call last):
  File "/usr/local/lib/python3.12/site-packages/discord/client.py", line 465, in _run_event
    await coro(*args, **kwargs)
  File "/app/asu_discord/cogs/analytics.py", line 652, in on_member_update
    before_timeout = before.timed_out_until
                     ^^^^^^^^^^^^^^^^^^^^^^
AttributeError: 'Member' object has no attribute 'timed_out_until'
Ignoring exception in on_member_update
Traceback (most recent call last):
  File "/usr/local/lib/python3.12/site-packages/discord/client.py", line 465, in _run_event
    await coro(*args, **kwargs)
  File "/app/asu_discord/cogs/analytics.py", line 652, in on_member_update
    before_timeout = before.timed_out_until
                     ^^^^^^^^^^^^^^^^^^^^^^
AttributeError: 'Member' object has no attribute 'timed_out_until'
Ignoring exception in on_member_update
Traceback (most recent call last):
  File "/usr/local/lib/python3.12/site-packages/discord/client.py", line 465, in _run_event
    await coro(*args, **kwargs)
  File "/app/asu_discord/cogs/analytics.py", line 652, in on_member_update
    before_timeout = before.timed_out_until
                     ^^^^^^^^^^^^^^^^^^^^^^
AttributeError: 'Member' object has no attribute 'timed_out_until'
Ignoring exception in on_member_update
Traceback (most recent call last):
  File "/usr/local/lib/python3.12/site-packages/discord/client.py", line 465, in _run_event
    await coro(*args, **kwargs)
  File "/app/asu_discord/cogs/analytics.py", line 652, in on_member_update
    before_timeout = before.timed_out_until
                     ^^^^^^^^^^^^^^^^^^^^^^
AttributeError: 'Member' object has no attribute 'timed_out_until'
Ignoring exception in on_member_update
Traceback (most recent call last):
  File "/usr/local/lib/python3.12/site-packages/discord/client.py", line 465, in _run_event
    await coro(*args, **kwargs)
  File "/app/asu_discord/cogs/analytics.py", line 652, in on_member_update
    before_timeout = before.timed_out_until
                     ^^^^^^^^^^^^^^^^^^^^^^
AttributeError: 'Member' object has no attribute 'timed_out_until'
Ignoring exception in on_member_update
Traceback (most recent call last):
  File "/usr/local/lib/python3.12/site-packages/discord/client.py", line 465, in _run_event
    await coro(*args, **kwargs)
  File "/app/asu_discord/cogs/analytics.py", line 652, in on_member_update
    before_timeout = before.timed_out_until
                     ^^^^^^^^^^^^^^^^^^^^^^
AttributeError: 'Member' object has no attribute 'timed_out_until'
Ignoring exception in on_member_update
Traceback (most recent call last):
  File "/usr/local/lib/python3.12/site-packages/discord/client.py", line 465, in _run_event
    await coro(*args, **kwargs)
  File "/app/asu_discord/cogs/analytics.py", line 652, in on_member_update
    before_timeout = before.timed_out_until
                     ^^^^^^^^^^^^^^^^^^^^^^
AttributeError: 'Member' object has no attribute 'timed_out_until'
Ignoring exception in on_member_update
Traceback (most recent call last):
  File "/usr/local/lib/python3.12/site-packages/discord/client.py", line 465, in _run_event
    await coro(*args, **kwargs)
  File "/app/asu_discord/cogs/analytics.py", line 652, in on_member_update
    before_timeout = before.timed_out_until
                     ^^^^^^^^^^^^^^^^^^^^^^
AttributeError: 'Member' object has no attribute 'timed_out_until'
INFO:asu_discord.cogs.verification:Saved 6 roles to database for user aangul22@asu.edu (Discord ID: 298866629859606529)
INFO:asu_discord.cogs.verification:Refreshed Salesforce roles for Discord user 298866629859606529: -6/+6 roles, assigned=[Arizona Resident, College of Liberal Arts and Sciences, Commited, First Generation Student, First Year, Tempe]
ERROR:cron.jobs:refresh_salesforce_roles: failed for jrstins1 (Discord ID 959960346221768804): Failed to refresh Salesforce-based roles: Discord user 959960346221768804 is not a member of the guild
Ignoring exception in on_member_update
Traceback (most recent call last):
  File "/usr/local/lib/python3.12/site-packages/discord/client.py", line 465, in _run_event
    await coro(*args, **kwargs)
  File "/app/asu_discord/cogs/analytics.py", line 652, in on_member_update
    before_timeout = before.timed_out_until
                     ^^^^^^^^^^^^^^^^^^^^^^
AttributeError: 'Member' object has no attribute 'timed_out_until'
Ignoring exception in on_member_update
Traceback (most recent call last):
  File "/usr/local/lib/python3.12/site-packages/discord/client.py", line 465, in _run_event
    await coro(*args, **kwargs)
  File "/app/asu_discord/cogs/analytics.py", line 652, in on_member_update
    before_timeout = before.timed_out_until
                     ^^^^^^^^^^^^^^^^^^^^^^
AttributeError: 'Member' object has no attribute 'timed_out_until'
Ignoring exception in on_member_update
Traceback (most recent call last):
  File "/usr/local/lib/python3.12/site-packages/discord/client.py", line 465, in _run_event
    await coro(*args, **kwargs)
  File "/app/asu_discord/cogs/analytics.py", line 652, in on_member_update
    before_timeout = before.timed_out_until
                     ^^^^^^^^^^^^^^^^^^^^^^
AttributeError: 'Member' object has no attribute 'timed_out_until'
Ignoring exception in on_member_update
Traceback (most recent call last):
  File "/usr/local/lib/python3.12/site-packages/discord/client.py", line 465, in _run_event
    await coro(*args, **kwargs)
  File "/app/asu_discord/cogs/analytics.py", line 652, in on_member_update
    before_timeout = before.timed_out_until
                     ^^^^^^^^^^^^^^^^^^^^^^
AttributeError: 'Member' object has no attribute 'timed_out_until'
Ignoring exception in on_member_update
Traceback (most recent call last):
  File "/usr/local/lib/python3.12/site-packages/discord/client.py", line 465, in _run_event
    await coro(*args, **kwargs)
  File "/app/asu_discord/cogs/analytics.py", line 652, in on_member_update
    before_timeout = before.timed_out_until
                     ^^^^^^^^^^^^^^^^^^^^^^
AttributeError: 'Member' object has no attribute 'timed_out_until'
Ignoring exception in on_member_update
Traceback (most recent call last):
  File "/usr/local/lib/python3.12/site-packages/discord/client.py", line 465, in _run_event
    await coro(*args, **kwargs)
  File "/app/asu_discord/cogs/analytics.py", line 652, in on_member_update
    before_timeout = before.timed_out_until
                     ^^^^^^^^^^^^^^^^^^^^^^
AttributeError: 'Member' object has no attribute 'timed_out_until'
Ignoring exception in on_member_update
Traceback (most recent call last):
  File "/usr/local/lib/python3.12/site-packages/discord/client.py", line 465, in _run_event
    await coro(*args, **kwargs)
  File "/app/asu_discord/cogs/analytics.py", line 652, in on_member_update
    before_timeout = before.timed_out_until
                     ^^^^^^^^^^^^^^^^^^^^^^
AttributeError: 'Member' object has no attribute 'timed_out_until'
Ignoring exception in on_member_update
Traceback (most recent call last):
  File "/usr/local/lib/python3.12/site-packages/discord/client.py", line 465, in _run_event
    await coro(*args, **kwargs)
  File "/app/asu_discord/cogs/analytics.py", line 652, in on_member_update
    before_timeout = before.timed_out_until
                     ^^^^^^^^^^^^^^^^^^^^^^
AttributeError: 'Member' object has no attribute 'timed_out_until'
Ignoring exception in on_member_update
Traceback (most recent call last):
  File "/usr/local/lib/python3.12/site-packages/discord/client.py", line 465, in _run_event
    await coro(*args, **kwargs)
  File "/app/asu_discord/cogs/analytics.py", line 652, in on_member_update
    before_timeout = before.timed_out_until
                     ^^^^^^^^^^^^^^^^^^^^^^
AttributeError: 'Member' object has no attribute 'timed_out_until'
Ignoring exception in on_member_update
Traceback (most recent call last):
  File "/usr/local/lib/python3.12/site-packages/discord/client.py", line 465, in _run_event
    await coro(*args, **kwargs)
  File "/app/asu_discord/cogs/analytics.py", line 652, in on_member_update
    before_timeout = before.timed_out_until
                     ^^^^^^^^^^^^^^^^^^^^^^
AttributeError: 'Member' object has no attribute 'timed_out_until'
INFO:asu_discord.cogs.verification:Saved 5 roles to database for user sogale@asu.edu (Discord ID: 1044464787582623775)
INFO:asu_discord.cogs.verification:Refreshed Salesforce roles for Discord user 1044464787582623775: -5/+5 roles, assigned=[Commited, Graduate Student, International Student, Ira A. Fulton Schools of Engineering, Tempe]
Ignoring exception in on_member_update
Traceback (most recent call last):
  File "/usr/local/lib/python3.12/site-packages/discord/client.py", line 465, in _run_event
    await coro(*args, **kwargs)
  File "/app/asu_discord/cogs/analytics.py", line 652, in on_member_update
    before_timeout = before.timed_out_until
                     ^^^^^^^^^^^^^^^^^^^^^^
AttributeError: 'Member' object has no attribute 'timed_out_until'
Ignoring exception in on_member_update
Traceback (most recent call last):
  File "/usr/local/lib/python3.12/site-packages/discord/client.py", line 465, in _run_event
    await coro(*args, **kwargs)
  File "/app/asu_discord/cogs/analytics.py", line 652, in on_member_update
    before_timeout = before.timed_out_until
                     ^^^^^^^^^^^^^^^^^^^^^^
AttributeError: 'Member' object has no attribute 'timed_out_until'
Ignoring exception in on_member_update
Traceback (most recent call last):
  File "/usr/local/lib/python3.12/site-packages/discord/client.py", line 465, in _run_event
    await coro(*args, **kwargs)
  File "/app/asu_discord/cogs/analytics.py", line 652, in on_member_update
    before_timeout = before.timed_out_until
                     ^^^^^^^^^^^^^^^^^^^^^^
AttributeError: 'Member' object has no attribute 'timed_out_until'
Ignoring exception in on_member_update
Traceback (most recent call last):
  File "/usr/local/lib/python3.12/site-packages/discord/client.py", line 465, in _run_event
    await coro(*args, **kwargs)
  File "/app/asu_discord/cogs/analytics.py", line 652, in on_member_update
    before_timeout = before.timed_out_until
                     ^^^^^^^^^^^^^^^^^^^^^^
AttributeError: 'Member' object has no attribute 'timed_out_until'
Ignoring exception in on_member_update
Traceback (most recent call last):
  File "/usr/local/lib/python3.12/site-packages/discord/client.py", line 465, in _run_event
    await coro(*args, **kwargs)
  File "/app/asu_discord/cogs/analytics.py", line 652, in on_member_update
    before_timeout = before.timed_out_until
                     ^^^^^^^^^^^^^^^^^^^^^^
AttributeError: 'Member' object has no attribute 'timed_out_until'
Ignoring exception in on_member_update
Traceback (most recent call last):
  File "/usr/local/lib/python3.12/site-packages/discord/client.py", line 465, in _run_event
    await coro(*args, **kwargs)
  File "/app/asu_discord/cogs/analytics.py", line 652, in on_member_update
    before_timeout = before.timed_out_until
                     ^^^^^^^^^^^^^^^^^^^^^^
AttributeError: 'Member' object has no attribute 'timed_out_until'
Ignoring exception in on_member_update
Traceback (most recent call last):
  File "/usr/local/lib/python3.12/site-packages/discord/client.py", line 465, in _run_event
    await coro(*args, **kwargs)
  File "/app/asu_discord/cogs/analytics.py", line 652, in on_member_update
    before_timeout = before.timed_out_until
                     ^^^^^^^^^^^^^^^^^^^^^^
AttributeError: 'Member' object has no attribute 'timed_out_until'
Ignoring exception in on_member_update
Traceback (most recent call last):
  File "/usr/local/lib/python3.12/site-packages/discord/client.py", line 465, in _run_event
    await coro(*args, **kwargs)
  File "/app/asu_discord/cogs/analytics.py", line 652, in on_member_update
    before_timeout = before.timed_out_until
                     ^^^^^^^^^^^^^^^^^^^^^^
AttributeError: 'Member' object has no attribute 'timed_out_until'
INFO:asu_discord.cogs.verification:Saved 4 roles to database for user iajetunm@asu.edu (Discord ID: 1445447068926611629)
INFO:asu_discord.cogs.verification:Refreshed Salesforce roles for Discord user 1445447068926611629: -4/+4 roles, assigned=[Graduate Student, International Student, Ira A. Fulton Schools of Engineering, Tempe]
Ignoring exception in on_member_update
Traceback (most recent call last):
  File "/usr/local/lib/python3.12/site-packages/discord/client.py", line 465, in _run_event
    await coro(*args, **kwargs)
  File "/app/asu_discord/cogs/analytics.py", line 652, in on_member_update
    before_timeout = before.timed_out_until
                     ^^^^^^^^^^^^^^^^^^^^^^
AttributeError: 'Member' object has no attribute 'timed_out_until'
Ignoring exception in on_member_update
Traceback (most recent call last):
  File "/usr/local/lib/python3.12/site-packages/discord/client.py", line 465, in _run_event
    await coro(*args, **kwargs)
  File "/app/asu_discord/cogs/analytics.py", line 652, in on_member_update
    before_timeout = before.timed_out_until
                     ^^^^^^^^^^^^^^^^^^^^^^
AttributeError: 'Member' object has no attribute 'timed_out_until'
INFO:asu_discord.cogs.verification:Saved 1 roles to database for user aiwobi@asu.edu (Discord ID: 999193641933344818)
INFO:asu_discord.cogs.verification:Refreshed Salesforce roles for Discord user 999193641933344818: -1/+1 roles, assigned=[Out of State]
Ignoring exception in on_member_update
Traceback (most recent call last):
  File "/usr/local/lib/python3.12/site-packages/discord/client.py", line 465, in _run_event
    await coro(*args, **kwargs)
  File "/app/asu_discord/cogs/analytics.py", line 652, in on_member_update
    before_timeout = before.timed_out_until
                     ^^^^^^^^^^^^^^^^^^^^^^
AttributeError: 'Member' object has no attribute 'timed_out_until'
Ignoring exception in on_member_update
Traceback (most recent call last):
  File "/usr/local/lib/python3.12/site-packages/discord/client.py", line 465, in _run_event
    await coro(*args, **kwargs)
  File "/app/asu_discord/cogs/analytics.py", line 652, in on_member_update
    before_timeout = before.timed_out_until
                     ^^^^^^^^^^^^^^^^^^^^^^
AttributeError: 'Member' object has no attribute 'timed_out_until'
Ignoring exception in on_member_update
Traceback (most recent call last):
  File "/usr/local/lib/python3.12/site-packages/discord/client.py", line 465, in _run_event
    await coro(*args, **kwargs)
  File "/app/asu_discord/cogs/analytics.py", line 652, in on_member_update
    before_timeout = before.timed_out_until
                     ^^^^^^^^^^^^^^^^^^^^^^
AttributeError: 'Member' object has no attribute 'timed_out_until'
Ignoring exception in on_member_update
Traceback (most recent call last):
  File "/usr/local/lib/python3.12/site-packages/discord/client.py", line 465, in _run_event
    await coro(*args, **kwargs)
  File "/app/asu_discord/cogs/analytics.py", line 652, in on_member_update
    before_timeout = before.timed_out_until
                     ^^^^^^^^^^^^^^^^^^^^^^
AttributeError: 'Member' object has no attribute 'timed_out_until'
Ignoring exception in on_member_update
Traceback (most recent call last):
  File "/usr/local/lib/python3.12/site-packages/discord/client.py", line 465, in _run_event
    await coro(*args, **kwargs)
  File "/app/asu_discord/cogs/analytics.py", line 652, in on_member_update
    before_timeout = before.timed_out_until
                     ^^^^^^^^^^^^^^^^^^^^^^
AttributeError: 'Member' object has no attribute 'timed_out_until'
Ignoring exception in on_member_update
Traceback (most recent call last):
  File "/usr/local/lib/python3.12/site-packages/discord/client.py", line 465, in _run_event
    await coro(*args, **kwargs)
  File "/app/asu_discord/cogs/analytics.py", line 652, in on_member_update
    before_timeout = before.timed_out_until
                     ^^^^^^^^^^^^^^^^^^^^^^
AttributeError: 'Member' object has no attribute 'timed_out_until'
Ignoring exception in on_member_update
Traceback (most recent call last):
  File "/usr/local/lib/python3.12/site-packages/discord/client.py", line 465, in _run_event
    await coro(*args, **kwargs)
  File "/app/asu_discord/cogs/analytics.py", line 652, in on_member_update
    before_timeout = before.timed_out_until
                     ^^^^^^^^^^^^^^^^^^^^^^
AttributeError: 'Member' object has no attribute 'timed_out_until'
Ignoring exception in on_member_update
Traceback (most recent call last):
  File "/usr/local/lib/python3.12/site-packages/discord/client.py", line 465, in _run_event
    await coro(*args, **kwargs)
  File "/app/asu_discord/cogs/analytics.py", line 652, in on_member_update
    before_timeout = before.timed_out_until
                     ^^^^^^^^^^^^^^^^^^^^^^
AttributeError: 'Member' object has no attribute 'timed_out_until'
Ignoring exception in on_member_update
Traceback (most recent call last):
  File "/usr/local/lib/python3.12/site-packages/discord/client.py", line 465, in _run_event
    await coro(*args, **kwargs)
  File "/app/asu_discord/cogs/analytics.py", line 652, in on_member_update
    before_timeout = before.timed_out_until
                     ^^^^^^^^^^^^^^^^^^^^^^
AttributeError: 'Member' object has no attribute 'timed_out_until'
Ignoring exception in on_member_update
Traceback (most recent call last):
  File "/usr/local/lib/python3.12/site-packages/discord/client.py", line 465, in _run_event
    await coro(*args, **kwargs)
  File "/app/asu_discord/cogs/analytics.py", line 652, in on_member_update
    before_timeout = before.timed_out_until
                     ^^^^^^^^^^^^^^^^^^^^^^
AttributeError: 'Member' object has no attribute 'timed_out_until'
INFO:asu_discord.cogs.verification:Saved 5 roles to database for user hfcrane@asu.edu (Discord ID: 1079898905229140148)
INFO:asu_discord.cogs.verification:Refreshed Salesforce roles for Discord user 1079898905229140148: -5/+5 roles, assigned=[Commited, First Year, Ira A. Fulton Schools of Engineering, Out of State, Tempe]
Ignoring exception in on_member_update
Traceback (most recent call last):
  File "/usr/local/lib/python3.12/site-packages/discord/client.py", line 465, in _run_event
    await coro(*args, **kwargs)
  File "/app/asu_discord/cogs/analytics.py", line 652, in on_member_update
    before_timeout = before.timed_out_until
                     ^^^^^^^^^^^^^^^^^^^^^^
AttributeError: 'Member' object has no attribute 'timed_out_until'
Ignoring exception in on_member_update
Traceback (most recent call last):
  File "/usr/local/lib/python3.12/site-packages/discord/client.py", line 465, in _run_event
    await coro(*args, **kwargs)
  File "/app/asu_discord/cogs/analytics.py", line 652, in on_member_update
    before_timeout = before.timed_out_until
                     ^^^^^^^^^^^^^^^^^^^^^^
AttributeError: 'Member' object has no attribute 'timed_out_until'
Ignoring exception in on_member_update
Traceback (most recent call last):
  File "/usr/local/lib/python3.12/site-packages/discord/client.py", line 465, in _run_event
    await coro(*args, **kwargs)
  File "/app/asu_discord/cogs/analytics.py", line 652, in on_member_update
    before_timeout = before.timed_out_until
                     ^^^^^^^^^^^^^^^^^^^^^^
AttributeError: 'Member' object has no attribute 'timed_out_until'
Ignoring exception in on_member_update
Traceback (most recent call last):
  File "/usr/local/lib/python3.12/site-packages/discord/client.py", line 465, in _run_event
    await coro(*args, **kwargs)
  File "/app/asu_discord/cogs/analytics.py", line 652, in on_member_update
    before_timeout = before.timed_out_until
                     ^^^^^^^^^^^^^^^^^^^^^^
AttributeError: 'Member' object has no attribute 'timed_out_until'
Ignoring exception in on_member_update
Traceback (most recent call last):
  File "/usr/local/lib/python3.12/site-packages/discord/client.py", line 465, in _run_event
    await coro(*args, **kwargs)
  File "/app/asu_discord/cogs/analytics.py", line 652, in on_member_update
    before_timeout = before.timed_out_until
                     ^^^^^^^^^^^^^^^^^^^^^^
AttributeError: 'Member' object has no attribute 'timed_out_until'
Ignoring exception in on_member_update
Traceback (most recent call last):
  File "/usr/local/lib/python3.12/site-packages/discord/client.py", line 465, in _run_event
    await coro(*args, **kwargs)
  File "/app/asu_discord/cogs/analytics.py", line 652, in on_member_update
    before_timeout = before.timed_out_until
                     ^^^^^^^^^^^^^^^^^^^^^^
AttributeError: 'Member' object has no attribute 'timed_out_until'
Ignoring exception in on_member_update
Traceback (most recent call last):
  File "/usr/local/lib/python3.12/site-packages/discord/client.py", line 465, in _run_event
    await coro(*args, **kwargs)
  File "/app/asu_discord/cogs/analytics.py", line 652, in on_member_update
    before_timeout = before.timed_out_until
                     ^^^^^^^^^^^^^^^^^^^^^^
AttributeError: 'Member' object has no attribute 'timed_out_until'
Ignoring exception in on_member_update
Traceback (most recent call last):
  File "/usr/local/lib/python3.12/site-packages/discord/client.py", line 465, in _run_event
    await coro(*args, **kwargs)
  File "/app/asu_discord/cogs/analytics.py", line 652, in on_member_update
    before_timeout = before.timed_out_until
                     ^^^^^^^^^^^^^^^^^^^^^^
AttributeError: 'Member' object has no attribute 'timed_out_until'
Ignoring exception in on_member_update
Traceback (most recent call last):
  File "/usr/local/lib/python3.12/site-packages/discord/client.py", line 465, in _run_event
    await coro(*args, **kwargs)
  File "/app/asu_discord/cogs/analytics.py", line 652, in on_member_update
    before_timeout = before.timed_out_until
                     ^^^^^^^^^^^^^^^^^^^^^^
AttributeError: 'Member' object has no attribute 'timed_out_until'
Ignoring exception in on_member_update
Traceback (most recent call last):
  File "/usr/local/lib/python3.12/site-packages/discord/client.py", line 465, in _run_event
    await coro(*args, **kwargs)
  File "/app/asu_discord/cogs/analytics.py", line 652, in on_member_update
    before_timeout = before.timed_out_until
                     ^^^^^^^^^^^^^^^^^^^^^^
AttributeError: 'Member' object has no attribute 'timed_out_until'
ERROR:cron.jobs:refresh_salesforce_roles: failed for akrodney (Discord ID 1352741146144538675): Timed out refresh Salesforce-based roles
Ignoring exception in on_member_update
Traceback (most recent call last):
  File "/usr/local/lib/python3.12/site-packages/discord/client.py", line 465, in _run_event
    await coro(*args, **kwargs)
  File "/app/asu_discord/cogs/analytics.py", line 652, in on_member_update
    before_timeout = before.timed_out_until
                     ^^^^^^^^^^^^^^^^^^^^^^
AttributeError: 'Member' object has no attribute 'timed_out_until'
Ignoring exception in on_member_update
Traceback (most recent call last):
  File "/usr/local/lib/python3.12/site-packages/discord/client.py", line 465, in _run_event
    await coro(*args, **kwargs)
  File "/app/asu_discord/cogs/analytics.py", line 652, in on_member_update
    before_timeout = before.timed_out_until
                     ^^^^^^^^^^^^^^^^^^^^^^
AttributeError: 'Member' object has no attribute 'timed_out_until'
Ignoring exception in on_member_update
Traceback (most recent call last):
  File "/usr/local/lib/python3.12/site-packages/discord/client.py", line 465, in _run_event
    await coro(*args, **kwargs)
  File "/app/asu_discord/cogs/analytics.py", line 652, in on_member_update
    before_timeout = before.timed_out_until
                     ^^^^^^^^^^^^^^^^^^^^^^
AttributeError: 'Member' object has no attribute 'timed_out_until'
Ignoring exception in on_member_update
Traceback (most recent call last):
  File "/usr/local/lib/python3.12/site-packages/discord/client.py", line 465, in _run_event
    await coro(*args, **kwargs)
  File "/app/asu_discord/cogs/analytics.py", line 652, in on_member_update
    before_timeout = before.timed_out_until
                     ^^^^^^^^^^^^^^^^^^^^^^
AttributeError: 'Member' object has no attribute 'timed_out_until'
Ignoring exception in on_member_update
Traceback (most recent call last):
  File "/usr/local/lib/python3.12/site-packages/discord/client.py", line 465, in _run_event
    await coro(*args, **kwargs)
  File "/app/asu_discord/cogs/analytics.py", line 652, in on_member_update
    before_timeout = before.timed_out_until
                     ^^^^^^^^^^^^^^^^^^^^^^
AttributeError: 'Member' object has no attribute 'timed_out_until'
Ignoring exception in on_member_update
Traceback (most recent call last):
  File "/usr/local/lib/python3.12/site-packages/discord/client.py", line 465, in _run_event
    await coro(*args, **kwargs)
  File "/app/asu_discord/cogs/analytics.py", line 652, in on_member_update
    before_timeout = before.timed_out_until
                     ^^^^^^^^^^^^^^^^^^^^^^
AttributeError: 'Member' object has no attribute 'timed_out_until'
Ignoring exception in on_member_update
Traceback (most recent call last):
  File "/usr/local/lib/python3.12/site-packages/discord/client.py", line 465, in _run_event
    await coro(*args, **kwargs)
  File "/app/asu_discord/cogs/analytics.py", line 652, in on_member_update
    before_timeout = before.timed_out_until
                     ^^^^^^^^^^^^^^^^^^^^^^
AttributeError: 'Member' object has no attribute 'timed_out_until'
Ignoring exception in on_member_update
Traceback (most recent call last):
  File "/usr/local/lib/python3.12/site-packages/discord/client.py", line 465, in _run_event
    await coro(*args, **kwargs)
  File "/app/asu_discord/cogs/analytics.py", line 652, in on_member_update
    before_timeout = before.timed_out_until
                     ^^^^^^^^^^^^^^^^^^^^^^
AttributeError: 'Member' object has no attribute 'timed_out_until'
Ignoring exception in on_member_update
Traceback (most recent call last):
  File "/usr/local/lib/python3.12/site-packages/discord/client.py", line 465, in _run_event
    await coro(*args, **kwargs)
  File "/app/asu_discord/cogs/analytics.py", line 652, in on_member_update
    before_timeout = before.timed_out_until
                     ^^^^^^^^^^^^^^^^^^^^^^
AttributeError: 'Member' object has no attribute 'timed_out_until'
INFO:asu_discord.cogs.verification:Saved 5 roles to database for user apaone1@asu.edu (Discord ID: 711471474329911337)
INFO:asu_discord.cogs.verification:Refreshed Salesforce roles for Discord user 711471474329911337: -5/+4 roles, assigned=[Commited, First Year, Mary Lou Fulton Teachers College, Out of State, Tempe]
Ignoring exception in on_member_update
Traceback (most recent call last):
  File "/usr/local/lib/python3.12/site-packages/discord/client.py", line 465, in _run_event
    await coro(*args, **kwargs)
  File "/app/asu_discord/cogs/analytics.py", line 652, in on_member_update
    before_timeout = before.timed_out_until
                     ^^^^^^^^^^^^^^^^^^^^^^
AttributeError: 'Member' object has no attribute 'timed_out_until'
Ignoring exception in on_member_update
Traceback (most recent call last):
  File "/usr/local/lib/python3.12/site-packages/discord/client.py", line 465, in _run_event
    await coro(*args, **kwargs)
  File "/app/asu_discord/cogs/analytics.py", line 652, in on_member_update
    before_timeout = before.timed_out_until
                     ^^^^^^^^^^^^^^^^^^^^^^
AttributeError: 'Member' object has no attribute 'timed_out_until'
Ignoring exception in on_member_update
Traceback (most recent call last):
  File "/usr/local/lib/python3.12/site-packages/discord/client.py", line 465, in _run_event
    await coro(*args, **kwargs)
  File "/app/asu_discord/cogs/analytics.py", line 652, in on_member_update
    before_timeout = before.timed_out_until
                     ^^^^^^^^^^^^^^^^^^^^^^
AttributeError: 'Member' object has no attribute 'timed_out_until'
Ignoring exception in on_member_update
Traceback (most recent call last):
  File "/usr/local/lib/python3.12/site-packages/discord/client.py", line 465, in _run_event
    await coro(*args, **kwargs)
  File "/app/asu_discord/cogs/analytics.py", line 652, in on_member_update
    before_timeout = before.timed_out_until
                     ^^^^^^^^^^^^^^^^^^^^^^
AttributeError: 'Member' object has no attribute 'timed_out_until'
Ignoring exception in on_member_update
Traceback (most recent call last):
  File "/usr/local/lib/python3.12/site-packages/discord/client.py", line 465, in _run_event
    await coro(*args, **kwargs)
  File "/app/asu_discord/cogs/analytics.py", line 652, in on_member_update
    before_timeout = before.timed_out_until
                     ^^^^^^^^^^^^^^^^^^^^^^
AttributeError: 'Member' object has no attribute 'timed_out_until'
Ignoring exception in on_member_update
Traceback (most recent call last):
  File "/usr/local/lib/python3.12/site-packages/discord/client.py", line 465, in _run_event
    await coro(*args, **kwargs)
  File "/app/asu_discord/cogs/analytics.py", line 652, in on_member_update
    before_timeout = before.timed_out_until
                     ^^^^^^^^^^^^^^^^^^^^^^
AttributeError: 'Member' object has no attribute 'timed_out_until'
Ignoring exception in on_member_update
Traceback (most recent call last):
  File "/usr/local/lib/python3.12/site-packages/discord/client.py", line 465, in _run_event
    await coro(*args, **kwargs)
  File "/app/asu_discord/cogs/analytics.py", line 652, in on_member_update
    before_timeout = before.timed_out_until
                     ^^^^^^^^^^^^^^^^^^^^^^
AttributeError: 'Member' object has no attribute 'timed_out_until'
Ignoring exception in on_member_update
Traceback (most recent call last):
  File "/usr/local/lib/python3.12/site-packages/discord/client.py", line 465, in _run_event
    await coro(*args, **kwargs)
  File "/app/asu_discord/cogs/analytics.py", line 652, in on_member_update
    before_timeout = before.timed_out_until
                     ^^^^^^^^^^^^^^^^^^^^^^
AttributeError: 'Member' object has no attribute 'timed_out_until'
Ignoring exception in on_member_update
Traceback (most recent call last):
  File "/usr/local/lib/python3.12/site-packages/discord/client.py", line 465, in _run_event
    await coro(*args, **kwargs)
  File "/app/asu_discord/cogs/analytics.py", line 652, in on_member_update
    before_timeout = before.timed_out_until
                     ^^^^^^^^^^^^^^^^^^^^^^
AttributeError: 'Member' object has no attribute 'timed_out_until'
INFO:asu_discord.cogs.verification:Saved 5 roles to database for user ajcarl13@asu.edu (Discord ID: 667143211185078273)
INFO:asu_discord.cogs.verification:Refreshed Salesforce roles for Discord user 667143211185078273: -5/+4 roles, assigned=[Arizona Resident, Commited, First Year, Tempe, W.P. Carey School of Business]
Ignoring exception in on_member_update
Traceback (most recent call last):
  File "/usr/local/lib/python3.12/site-packages/discord/client.py", line 465, in _run_event
    await coro(*args, **kwargs)
  File "/app/asu_discord/cogs/analytics.py", line 652, in on_member_update
    before_timeout = before.timed_out_until
                     ^^^^^^^^^^^^^^^^^^^^^^
AttributeError: 'Member' object has no attribute 'timed_out_until'
Ignoring exception in on_member_update
Traceback (most recent call last):
  File "/usr/local/lib/python3.12/site-packages/discord/client.py", line 465, in _run_event
    await coro(*args, **kwargs)
  File "/app/asu_discord/cogs/analytics.py", line 652, in on_member_update
    before_timeout = before.timed_out_until
                     ^^^^^^^^^^^^^^^^^^^^^^
AttributeError: 'Member' object has no attribute 'timed_out_until'
Ignoring exception in on_member_update
Traceback (most recent call last):
  File "/usr/local/lib/python3.12/site-packages/discord/client.py", line 465, in _run_event
    await coro(*args, **kwargs)
  File "/app/asu_discord/cogs/analytics.py", line 652, in on_member_update
    before_timeout = before.timed_out_until
                     ^^^^^^^^^^^^^^^^^^^^^^
AttributeError: 'Member' object has no attribute 'timed_out_until'
Ignoring exception in on_member_update
Traceback (most recent call last):
  File "/usr/local/lib/python3.12/site-packages/discord/client.py", line 465, in _run_event
    await coro(*args, **kwargs)
  File "/app/asu_discord/cogs/analytics.py", line 652, in on_member_update
    before_timeout = before.timed_out_until
                     ^^^^^^^^^^^^^^^^^^^^^^
AttributeError: 'Member' object has no attribute 'timed_out_until'
Ignoring exception in on_member_update
Traceback (most recent call last):
  File "/usr/local/lib/python3.12/site-packages/discord/client.py", line 465, in _run_event
    await coro(*args, **kwargs)
  File "/app/asu_discord/cogs/analytics.py", line 652, in on_member_update
    before_timeout = before.timed_out_until
                     ^^^^^^^^^^^^^^^^^^^^^^
AttributeError: 'Member' object has no attribute 'timed_out_until'
Ignoring exception in on_member_update
Traceback (most recent call last):
  File "/usr/local/lib/python3.12/site-packages/discord/client.py", line 465, in _run_event
    await coro(*args, **kwargs)
  File "/app/asu_discord/cogs/analytics.py", line 652, in on_member_update
    before_timeout = before.timed_out_until
                     ^^^^^^^^^^^^^^^^^^^^^^
AttributeError: 'Member' object has no attribute 'timed_out_until'
Ignoring exception in on_member_update
Traceback (most recent call last):
  File "/usr/local/lib/python3.12/site-packages/discord/client.py", line 465, in _run_event
    await coro(*args, **kwargs)
  File "/app/asu_discord/cogs/analytics.py", line 652, in on_member_update
    before_timeout = before.timed_out_until
                     ^^^^^^^^^^^^^^^^^^^^^^
AttributeError: 'Member' object has no attribute 'timed_out_until'
Ignoring exception in on_member_update
Traceback (most recent call last):
  File "/usr/local/lib/python3.12/site-packages/discord/client.py", line 465, in _run_event
    await coro(*args, **kwargs)
  File "/app/asu_discord/cogs/analytics.py", line 652, in on_member_update
    before_timeout = before.timed_out_until
                     ^^^^^^^^^^^^^^^^^^^^^^
AttributeError: 'Member' object has no attribute 'timed_out_until'
Ignoring exception in on_member_update
Traceback (most recent call last):
  File "/usr/local/lib/python3.12/site-packages/discord/client.py", line 465, in _run_event
    await coro(*args, **kwargs)
  File "/app/asu_discord/cogs/analytics.py", line 652, in on_member_update
    before_timeout = before.timed_out_until
                     ^^^^^^^^^^^^^^^^^^^^^^
AttributeError: 'Member' object has no attribute 'timed_out_until'
Ignoring exception in on_member_update
Traceback (most recent call last):
  File "/usr/local/lib/python3.12/site-packages/discord/client.py", line 465, in _run_event
    await coro(*args, **kwargs)
  File "/app/asu_discord/cogs/analytics.py", line 652, in on_member_update
    before_timeout = before.timed_out_until
                     ^^^^^^^^^^^^^^^^^^^^^^
AttributeError: 'Member' object has no attribute 'timed_out_until'
Ignoring exception in on_member_update
Traceback (most recent call last):
  File "/usr/local/lib/python3.12/site-packages/discord/client.py", line 465, in _run_event
    await coro(*args, **kwargs)
  File "/app/asu_discord/cogs/analytics.py", line 652, in on_member_update
    before_timeout = before.timed_out_until
                     ^^^^^^^^^^^^^^^^^^^^^^
AttributeError: 'Member' object has no attribute 'timed_out_until'
Ignoring exception in on_member_update
Traceback (most recent call last):
  File "/usr/local/lib/python3.12/site-packages/discord/client.py", line 465, in _run_event
    await coro(*args, **kwargs)
  File "/app/asu_discord/cogs/analytics.py", line 652, in on_member_update
    before_timeout = before.timed_out_until
                     ^^^^^^^^^^^^^^^^^^^^^^
AttributeError: 'Member' object has no attribute 'timed_out_until'
INFO:asu_discord.cogs.verification:Saved 6 roles to database for user tupreti (Discord ID: 689510313971810437)
INFO:asu_discord.cogs.verification:Refreshed Salesforce roles for Discord user 689510313971810437: -6/+6 roles, assigned=[Commited, First Year, International Student, Ira A. Fulton Schools of Engineering, Tempe, Upperclassmen]
Ignoring exception in on_member_update
Traceback (most recent call last):
  File "/usr/local/lib/python3.12/site-packages/discord/client.py", line 465, in _run_event
    await coro(*args, **kwargs)
  File "/app/asu_discord/cogs/analytics.py", line 652, in on_member_update
    before_timeout = before.timed_out_until
                     ^^^^^^^^^^^^^^^^^^^^^^
AttributeError: 'Member' object has no attribute 'timed_out_until'
Ignoring exception in on_member_update
Traceback (most recent call last):
  File "/usr/local/lib/python3.12/site-packages/discord/client.py", line 465, in _run_event
    await coro(*args, **kwargs)
  File "/app/asu_discord/cogs/analytics.py", line 652, in on_member_update
    before_timeout = before.timed_out_until
                     ^^^^^^^^^^^^^^^^^^^^^^
AttributeError: 'Member' object has no attribute 'timed_out_until'
Ignoring exception in on_member_update
Traceback (most recent call last):
  File "/usr/local/lib/python3.12/site-packages/discord/client.py", line 465, in _run_event
    await coro(*args, **kwargs)
  File "/app/asu_discord/cogs/analytics.py", line 652, in on_member_update
    before_timeout = before.timed_out_until
                     ^^^^^^^^^^^^^^^^^^^^^^
AttributeError: 'Member' object has no attribute 'timed_out_until'
Ignoring exception in on_member_update
Traceback (most recent call last):
  File "/usr/local/lib/python3.12/site-packages/discord/client.py", line 465, in _run_event
    await coro(*args, **kwargs)
  File "/app/asu_discord/cogs/analytics.py", line 652, in on_member_update
    before_timeout = before.timed_out_until
                     ^^^^^^^^^^^^^^^^^^^^^^
AttributeError: 'Member' object has no attribute 'timed_out_until'
Ignoring exception in on_member_update
Traceback (most recent call last):
  File "/usr/local/lib/python3.12/site-packages/discord/client.py", line 465, in _run_event
    await coro(*args, **kwargs)
  File "/app/asu_discord/cogs/analytics.py", line 652, in on_member_update
    before_timeout = before.timed_out_until
                     ^^^^^^^^^^^^^^^^^^^^^^
AttributeError: 'Member' object has no attribute 'timed_out_until'
Ignoring exception in on_member_update
Traceback (most recent call last):
  File "/usr/local/lib/python3.12/site-packages/discord/client.py", line 465, in _run_event
    await coro(*args, **kwargs)
  File "/app/asu_discord/cogs/analytics.py", line 652, in on_member_update
    before_timeout = before.timed_out_until
                     ^^^^^^^^^^^^^^^^^^^^^^
AttributeError: 'Member' object has no attribute 'timed_out_until'
Ignoring exception in on_member_update
Traceback (most recent call last):
  File "/usr/local/lib/python3.12/site-packages/discord/client.py", line 465, in _run_event
    await coro(*args, **kwargs)
  File "/app/asu_discord/cogs/analytics.py", line 652, in on_member_update
    before_timeout = before.timed_out_until
                     ^^^^^^^^^^^^^^^^^^^^^^
AttributeError: 'Member' object has no attribute 'timed_out_until'
Ignoring exception in on_member_update
Traceback (most recent call last):
  File "/usr/local/lib/python3.12/site-packages/discord/client.py", line 465, in _run_event
    await coro(*args, **kwargs)
  File "/app/asu_discord/cogs/analytics.py", line 652, in on_member_update
    before_timeout = before.timed_out_until
                     ^^^^^^^^^^^^^^^^^^^^^^
AttributeError: 'Member' object has no attribute 'timed_out_until'
Ignoring exception in on_member_update
Traceback (most recent call last):
  File "/usr/local/lib/python3.12/site-packages/discord/client.py", line 465, in _run_event
    await coro(*args, **kwargs)
  File "/app/asu_discord/cogs/analytics.py", line 652, in on_member_update
    before_timeout = before.timed_out_until
                     ^^^^^^^^^^^^^^^^^^^^^^
AttributeError: 'Member' object has no attribute 'timed_out_until'
Ignoring exception in on_member_update
Traceback (most recent call last):
  File "/usr/local/lib/python3.12/site-packages/discord/client.py", line 465, in _run_event
    await coro(*args, **kwargs)
  File "/app/asu_discord/cogs/analytics.py", line 652, in on_member_update
    before_timeout = before.timed_out_until
                     ^^^^^^^^^^^^^^^^^^^^^^
AttributeError: 'Member' object has no attribute 'timed_out_until'
INFO:asu_discord.cogs.verification:Saved 5 roles to database for user smusse1 (Discord ID: 1375005988050042891)
INFO:asu_discord.cogs.verification:Refreshed Salesforce roles for Discord user 1375005988050042891: -5/+5 roles, assigned=[Arizona Resident, Downtown Phoenix, Edson College of Nursing and Health Innovation, First Generation Student, First Year]
Ignoring exception in on_member_update
Traceback (most recent call last):
  File "/usr/local/lib/python3.12/site-packages/discord/client.py", line 465, in _run_event
    await coro(*args, **kwargs)
  File "/app/asu_discord/cogs/analytics.py", line 652, in on_member_update
    before_timeout = before.timed_out_until
                     ^^^^^^^^^^^^^^^^^^^^^^
AttributeError: 'Member' object has no attribute 'timed_out_until'
Ignoring exception in on_member_update
Traceback (most recent call last):
  File "/usr/local/lib/python3.12/site-packages/discord/client.py", line 465, in _run_event
    await coro(*args, **kwargs)
  File "/app/asu_discord/cogs/analytics.py", line 652, in on_member_update
    before_timeout = before.timed_out_until
                     ^^^^^^^^^^^^^^^^^^^^^^
AttributeError: 'Member' object has no attribute 'timed_out_until'
Ignoring exception in on_member_update
Traceback (most recent call last):
  File "/usr/local/lib/python3.12/site-packages/discord/client.py", line 465, in _run_event
    await coro(*args, **kwargs)
  File "/app/asu_discord/cogs/analytics.py", line 652, in on_member_update
    before_timeout = before.timed_out_until
                     ^^^^^^^^^^^^^^^^^^^^^^
AttributeError: 'Member' object has no attribute 'timed_out_until'
Ignoring exception in on_member_update
Traceback (most recent call last):
  File "/usr/local/lib/python3.12/site-packages/discord/client.py", line 465, in _run_event
    await coro(*args, **kwargs)
  File "/app/asu_discord/cogs/analytics.py", line 652, in on_member_update
    before_timeout = before.timed_out_until
                     ^^^^^^^^^^^^^^^^^^^^^^
AttributeError: 'Member' object has no attribute 'timed_out_until'
Ignoring exception in on_member_update
Traceback (most recent call last):
  File "/usr/local/lib/python3.12/site-packages/discord/client.py", line 465, in _run_event
    await coro(*args, **kwargs)
  File "/app/asu_discord/cogs/analytics.py", line 652, in on_member_update
    before_timeout = before.timed_out_until
                     ^^^^^^^^^^^^^^^^^^^^^^
AttributeError: 'Member' object has no attribute 'timed_out_until'
Ignoring exception in on_member_update
Traceback (most recent call last):
  File "/usr/local/lib/python3.12/site-packages/discord/client.py", line 465, in _run_event
    await coro(*args, **kwargs)
  File "/app/asu_discord/cogs/analytics.py", line 652, in on_member_update
    before_timeout = before.timed_out_until
                     ^^^^^^^^^^^^^^^^^^^^^^
AttributeError: 'Member' object has no attribute 'timed_out_until'
Ignoring exception in on_member_update
Traceback (most recent call last):
  File "/usr/local/lib/python3.12/site-packages/discord/client.py", line 465, in _run_event
    await coro(*args, **kwargs)
  File "/app/asu_discord/cogs/analytics.py", line 652, in on_member_update
    before_timeout = before.timed_out_until
                     ^^^^^^^^^^^^^^^^^^^^^^
AttributeError: 'Member' object has no attribute 'timed_out_until'
Ignoring exception in on_member_update
Traceback (most recent call last):
  File "/usr/local/lib/python3.12/site-packages/discord/client.py", line 465, in _run_event
    await coro(*args, **kwargs)
  File "/app/asu_discord/cogs/analytics.py", line 652, in on_member_update
    before_timeout = before.timed_out_until
                     ^^^^^^^^^^^^^^^^^^^^^^
AttributeError: 'Member' object has no attribute 'timed_out_until'
Ignoring exception in on_member_update
Traceback (most recent call last):
  File "/usr/local/lib/python3.12/site-packages/discord/client.py", line 465, in _run_event
    await coro(*args, **kwargs)
  File "/app/asu_discord/cogs/analytics.py", line 652, in on_member_update
    before_timeout = before.timed_out_until
                     ^^^^^^^^^^^^^^^^^^^^^^
AttributeError: 'Member' object has no attribute 'timed_out_until'
INFO:asu_discord.cogs.verification:Saved 5 roles to database for user idhuka (Discord ID: 1033384003383861329)
INFO:asu_discord.cogs.verification:Refreshed Salesforce roles for Discord user 1033384003383861329: -5/+4 roles, assigned=[Commited, Graduate Student, International Student, Ira A. Fulton Schools of Engineering, Polytechnic]
Ignoring exception in on_member_update
Traceback (most recent call last):
  File "/usr/local/lib/python3.12/site-packages/discord/client.py", line 465, in _run_event
    await coro(*args, **kwargs)
  File "/app/asu_discord/cogs/analytics.py", line 652, in on_member_update
    before_timeout = before.timed_out_until
                     ^^^^^^^^^^^^^^^^^^^^^^
AttributeError: 'Member' object has no attribute 'timed_out_until'
Ignoring exception in on_member_update
Traceback (most recent call last):
  File "/usr/local/lib/python3.12/site-packages/discord/client.py", line 465, in _run_event
    await coro(*args, **kwargs)
  File "/app/asu_discord/cogs/analytics.py", line 652, in on_member_update
    before_timeout = before.timed_out_until
                     ^^^^^^^^^^^^^^^^^^^^^^
AttributeError: 'Member' object has no attribute 'timed_out_until'
Ignoring exception in on_member_update
Traceback (most recent call last):
  File "/usr/local/lib/python3.12/site-packages/discord/client.py", line 465, in _run_event
    await coro(*args, **kwargs)
  File "/app/asu_discord/cogs/analytics.py", line 652, in on_member_update
    before_timeout = before.timed_out_until
                     ^^^^^^^^^^^^^^^^^^^^^^
AttributeError: 'Member' object has no attribute 'timed_out_until'
Ignoring exception in on_member_update
Traceback (most recent call last):
  File "/usr/local/lib/python3.12/site-packages/discord/client.py", line 465, in _run_event
    await coro(*args, **kwargs)
  File "/app/asu_discord/cogs/analytics.py", line 652, in on_member_update
    before_timeout = before.timed_out_until
                     ^^^^^^^^^^^^^^^^^^^^^^
AttributeError: 'Member' object has no attribute 'timed_out_until'
Ignoring exception in on_member_update
Traceback (most recent call last):
  File "/usr/local/lib/python3.12/site-packages/discord/client.py", line 465, in _run_event
    await coro(*args, **kwargs)
  File "/app/asu_discord/cogs/analytics.py", line 652, in on_member_update
    before_timeout = before.timed_out_until
                     ^^^^^^^^^^^^^^^^^^^^^^
AttributeError: 'Member' object has no attribute 'timed_out_until'
Ignoring exception in on_member_update
Traceback (most recent call last):
  File "/usr/local/lib/python3.12/site-packages/discord/client.py", line 465, in _run_event
    await coro(*args, **kwargs)
  File "/app/asu_discord/cogs/analytics.py", line 652, in on_member_update
    before_timeout = before.timed_out_until
                     ^^^^^^^^^^^^^^^^^^^^^^
AttributeError: 'Member' object has no attribute 'timed_out_until'
Ignoring exception in on_member_update
Traceback (most recent call last):
  File "/usr/local/lib/python3.12/site-packages/discord/client.py", line 465, in _run_event
    await coro(*args, **kwargs)
  File "/app/asu_discord/cogs/analytics.py", line 652, in on_member_update
    before_timeout = before.timed_out_until
                     ^^^^^^^^^^^^^^^^^^^^^^
AttributeError: 'Member' object has no attribute 'timed_out_until'
Ignoring exception in on_member_update
Traceback (most recent call last):
  File "/usr/local/lib/python3.12/site-packages/discord/client.py", line 465, in _run_event
    await coro(*args, **kwargs)
  File "/app/asu_discord/cogs/analytics.py", line 652, in on_member_update
    before_timeout = before.timed_out_until
                     ^^^^^^^^^^^^^^^^^^^^^^
AttributeError: 'Member' object has no attribute 'timed_out_until'
Ignoring exception in on_member_update
Traceback (most recent call last):
  File "/usr/local/lib/python3.12/site-packages/discord/client.py", line 465, in _run_event
    await coro(*args, **kwargs)
  File "/app/asu_discord/cogs/analytics.py", line 652, in on_member_update
    before_timeout = before.timed_out_until
                     ^^^^^^^^^^^^^^^^^^^^^^
AttributeError: 'Member' object has no attribute 'timed_out_until'
INFO:asu_discord.cogs.verification:Saved 5 roles to database for user lgcaste3 (Discord ID: 1447473127536721922)
INFO:asu_discord.cogs.verification:Refreshed Salesforce roles for Discord user 1447473127536721922: -5/+4 roles, assigned=[Arizona Resident, Commited, First Year, Ira A. Fulton Schools of Engineering, Tempe]
Ignoring exception in on_member_update
Traceback (most recent call last):
  File "/usr/local/lib/python3.12/site-packages/discord/client.py", line 465, in _run_event
    await coro(*args, **kwargs)
  File "/app/asu_discord/cogs/analytics.py", line 652, in on_member_update
    before_timeout = before.timed_out_until
                     ^^^^^^^^^^^^^^^^^^^^^^
AttributeError: 'Member' object has no attribute 'timed_out_until'
Ignoring exception in on_member_update
Traceback (most recent call last):
  File "/usr/local/lib/python3.12/site-packages/discord/client.py", line 465, in _run_event
    await coro(*args, **kwargs)
  File "/app/asu_discord/cogs/analytics.py", line 652, in on_member_update
    before_timeout = before.timed_out_until
                     ^^^^^^^^^^^^^^^^^^^^^^
AttributeError: 'Member' object has no attribute 'timed_out_until'
Ignoring exception in on_member_update
Traceback (most recent call last):
  File "/usr/local/lib/python3.12/site-packages/discord/client.py", line 465, in _run_event
    await coro(*args, **kwargs)
  File "/app/asu_discord/cogs/analytics.py", line 652, in on_member_update
    before_timeout = before.timed_out_until
                     ^^^^^^^^^^^^^^^^^^^^^^
AttributeError: 'Member' object has no attribute 'timed_out_until'
Ignoring exception in on_member_update
Traceback (most recent call last):
  File "/usr/local/lib/python3.12/site-packages/discord/client.py", line 465, in _run_event
    await coro(*args, **kwargs)
  File "/app/asu_discord/cogs/analytics.py", line 652, in on_member_update
    before_timeout = before.timed_out_until
                     ^^^^^^^^^^^^^^^^^^^^^^
AttributeError: 'Member' object has no attribute 'timed_out_until'
Ignoring exception in on_member_update
Traceback (most recent call last):
  File "/usr/local/lib/python3.12/site-packages/discord/client.py", line 465, in _run_event
    await coro(*args, **kwargs)
  File "/app/asu_discord/cogs/analytics.py", line 652, in on_member_update
    before_timeout = before.timed_out_until
                     ^^^^^^^^^^^^^^^^^^^^^^
AttributeError: 'Member' object has no attribute 'timed_out_until'
Ignoring exception in on_member_update
Traceback (most recent call last):
  File "/usr/local/lib/python3.12/site-packages/discord/client.py", line 465, in _run_event
    await coro(*args, **kwargs)
  File "/app/asu_discord/cogs/analytics.py", line 652, in on_member_update
    before_timeout = before.timed_out_until
                     ^^^^^^^^^^^^^^^^^^^^^^
AttributeError: 'Member' object has no attribute 'timed_out_until'
Ignoring exception in on_member_update
Traceback (most recent call last):
  File "/usr/local/lib/python3.12/site-packages/discord/client.py", line 465, in _run_event
    await coro(*args, **kwargs)
  File "/app/asu_discord/cogs/analytics.py", line 652, in on_member_update
    before_timeout = before.timed_out_until
                     ^^^^^^^^^^^^^^^^^^^^^^
AttributeError: 'Member' object has no attribute 'timed_out_until'
Ignoring exception in on_member_update
Traceback (most recent call last):
  File "/usr/local/lib/python3.12/site-packages/discord/client.py", line 465, in _run_event
    await coro(*args, **kwargs)
  File "/app/asu_discord/cogs/analytics.py", line 652, in on_member_update
    before_timeout = before.timed_out_until
                     ^^^^^^^^^^^^^^^^^^^^^^
AttributeError: 'Member' object has no attribute 'timed_out_until'
Ignoring exception in on_member_update
Traceback (most recent call last):
  File "/usr/local/lib/python3.12/site-packages/discord/client.py", line 465, in _run_event
    await coro(*args, **kwargs)
  File "/app/asu_discord/cogs/analytics.py", line 652, in on_member_update
    before_timeout = before.timed_out_until
                     ^^^^^^^^^^^^^^^^^^^^^^
AttributeError: 'Member' object has no attribute 'timed_out_until'
Ignoring exception in on_member_update
Traceback (most recent call last):
  File "/usr/local/lib/python3.12/site-packages/discord/client.py", line 465, in _run_event
    await coro(*args, **kwargs)
  File "/app/asu_discord/cogs/analytics.py", line 652, in on_member_update
    before_timeout = before.timed_out_until
                     ^^^^^^^^^^^^^^^^^^^^^^
AttributeError: 'Member' object has no attribute 'timed_out_until'
INFO:asu_discord.cogs.verification:Saved 6 roles to database for user abhamid4 (Discord ID: 858564409789251624)
INFO:asu_discord.cogs.verification:Refreshed Salesforce roles for Discord user 858564409789251624: -4/+6 roles, assigned=[Arizona Resident, College of Liberal Arts and Sciences, Commited, First Year, Tempe, Upperclassmen]
Ignoring exception in on_member_update
Traceback (most recent call last):
  File "/usr/local/lib/python3.12/site-packages/discord/client.py", line 465, in _run_event
    await coro(*args, **kwargs)
  File "/app/asu_discord/cogs/analytics.py", line 652, in on_member_update
    before_timeout = before.timed_out_until
                     ^^^^^^^^^^^^^^^^^^^^^^
AttributeError: 'Member' object has no attribute 'timed_out_until'
Ignoring exception in on_member_update
Traceback (most recent call last):
  File "/usr/local/lib/python3.12/site-packages/discord/client.py", line 465, in _run_event
    await coro(*args, **kwargs)
  File "/app/asu_discord/cogs/analytics.py", line 652, in on_member_update
    before_timeout = before.timed_out_until
                     ^^^^^^^^^^^^^^^^^^^^^^
AttributeError: 'Member' object has no attribute 'timed_out_until'
Ignoring exception in on_member_update
Traceback (most recent call last):
  File "/usr/local/lib/python3.12/site-packages/discord/client.py", line 465, in _run_event
    await coro(*args, **kwargs)
  File "/app/asu_discord/cogs/analytics.py", line 652, in on_member_update
    before_timeout = before.timed_out_until
                     ^^^^^^^^^^^^^^^^^^^^^^
AttributeError: 'Member' object has no attribute 'timed_out_until'
Ignoring exception in on_member_update
Traceback (most recent call last):
  File "/usr/local/lib/python3.12/site-packages/discord/client.py", line 465, in _run_event
    await coro(*args, **kwargs)
  File "/app/asu_discord/cogs/analytics.py", line 652, in on_member_update
    before_timeout = before.timed_out_until
                     ^^^^^^^^^^^^^^^^^^^^^^
AttributeError: 'Member' object has no attribute 'timed_out_until'
Ignoring exception in on_member_update
Traceback (most recent call last):
  File "/usr/local/lib/python3.12/site-packages/discord/client.py", line 465, in _run_event
    await coro(*args, **kwargs)
  File "/app/asu_discord/cogs/analytics.py", line 652, in on_member_update
    before_timeout = before.timed_out_until
                     ^^^^^^^^^^^^^^^^^^^^^^
AttributeError: 'Member' object has no attribute 'timed_out_until'
Ignoring exception in on_member_update
Traceback (most recent call last):
  File "/usr/local/lib/python3.12/site-packages/discord/client.py", line 465, in _run_event
    await coro(*args, **kwargs)
  File "/app/asu_discord/cogs/analytics.py", line 652, in on_member_update
    before_timeout = before.timed_out_until
                     ^^^^^^^^^^^^^^^^^^^^^^
AttributeError: 'Member' object has no attribute 'timed_out_until'
Ignoring exception in on_member_update
Traceback (most recent call last):
  File "/usr/local/lib/python3.12/site-packages/discord/client.py", line 465, in _run_event
    await coro(*args, **kwargs)
  File "/app/asu_discord/cogs/analytics.py", line 652, in on_member_update
    before_timeout = before.timed_out_until
                     ^^^^^^^^^^^^^^^^^^^^^^
AttributeError: 'Member' object has no attribute 'timed_out_until'
Ignoring exception in on_member_update
Traceback (most recent call last):
  File "/usr/local/lib/python3.12/site-packages/discord/client.py", line 465, in _run_event
    await coro(*args, **kwargs)
  File "/app/asu_discord/cogs/analytics.py", line 652, in on_member_update
    before_timeout = before.timed_out_until
                     ^^^^^^^^^^^^^^^^^^^^^^
AttributeError: 'Member' object has no attribute 'timed_out_until'
INFO:asu_discord.cogs.verification:Saved 4 roles to database for user anola464 (Discord ID: 766922254814543912)
INFO:asu_discord.cogs.verification:Refreshed Salesforce roles for Discord user 766922254814543912: -4/+4 roles, assigned=[Graduate Student, International Student, Ira A. Fulton Schools of Engineering, Tempe]
Ignoring exception in on_member_update
Traceback (most recent call last):
  File "/usr/local/lib/python3.12/site-packages/discord/client.py", line 465, in _run_event
    await coro(*args, **kwargs)
  File "/app/asu_discord/cogs/analytics.py", line 652, in on_member_update
    before_timeout = before.timed_out_until
                     ^^^^^^^^^^^^^^^^^^^^^^
AttributeError: 'Member' object has no attribute 'timed_out_until'
Ignoring exception in on_member_update
Traceback (most recent call last):
  File "/usr/local/lib/python3.12/site-packages/discord/client.py", line 465, in _run_event
    await coro(*args, **kwargs)
  File "/app/asu_discord/cogs/analytics.py", line 652, in on_member_update
    before_timeout = before.timed_out_until
                     ^^^^^^^^^^^^^^^^^^^^^^
AttributeError: 'Member' object has no attribute 'timed_out_until'
Ignoring exception in on_member_update
Traceback (most recent call last):
  File "/usr/local/lib/python3.12/site-packages/discord/client.py", line 465, in _run_event
    await coro(*args, **kwargs)
  File "/app/asu_discord/cogs/analytics.py", line 652, in on_member_update
    before_timeout = before.timed_out_until
                     ^^^^^^^^^^^^^^^^^^^^^^
AttributeError: 'Member' object has no attribute 'timed_out_until'
Ignoring exception in on_member_update
Traceback (most recent call last):
  File "/usr/local/lib/python3.12/site-packages/discord/client.py", line 465, in _run_event
    await coro(*args, **kwargs)
  File "/app/asu_discord/cogs/analytics.py", line 652, in on_member_update
    before_timeout = before.timed_out_until
                     ^^^^^^^^^^^^^^^^^^^^^^
AttributeError: 'Member' object has no attribute 'timed_out_until'
Ignoring exception in on_member_update
Traceback (most recent call last):
  File "/usr/local/lib/python3.12/site-packages/discord/client.py", line 465, in _run_event
    await coro(*args, **kwargs)
  File "/app/asu_discord/cogs/analytics.py", line 652, in on_member_update
    before_timeout = before.timed_out_until
                     ^^^^^^^^^^^^^^^^^^^^^^
AttributeError: 'Member' object has no attribute 'timed_out_until'
Ignoring exception in on_member_update
Traceback (most recent call last):
  File "/usr/local/lib/python3.12/site-packages/discord/client.py", line 465, in _run_event
    await coro(*args, **kwargs)
  File "/app/asu_discord/cogs/analytics.py", line 652, in on_member_update
    before_timeout = before.timed_out_until
                     ^^^^^^^^^^^^^^^^^^^^^^
AttributeError: 'Member' object has no attribute 'timed_out_until'
Ignoring exception in on_member_update
Traceback (most recent call last):
  File "/usr/local/lib/python3.12/site-packages/discord/client.py", line 465, in _run_event
    await coro(*args, **kwargs)
  File "/app/asu_discord/cogs/analytics.py", line 652, in on_member_update
    before_timeout = before.timed_out_until
                     ^^^^^^^^^^^^^^^^^^^^^^
AttributeError: 'Member' object has no attribute 'timed_out_until'
Ignoring exception in on_member_update
Traceback (most recent call last):
  File "/usr/local/lib/python3.12/site-packages/discord/client.py", line 465, in _run_event
    await coro(*args, **kwargs)
  File "/app/asu_discord/cogs/analytics.py", line 652, in on_member_update
    before_timeout = before.timed_out_until
                     ^^^^^^^^^^^^^^^^^^^^^^
AttributeError: 'Member' object has no attribute 'timed_out_until'
Ignoring exception in on_member_update
Traceback (most recent call last):
  File "/usr/local/lib/python3.12/site-packages/discord/client.py", line 465, in _run_event
    await coro(*args, **kwargs)
  File "/app/asu_discord/cogs/analytics.py", line 652, in on_member_update
    before_timeout = before.timed_out_until
                     ^^^^^^^^^^^^^^^^^^^^^^
AttributeError: 'Member' object has no attribute 'timed_out_until'
INFO:asu_discord.cogs.verification:Saved 5 roles to database for user ssing704 (Discord ID: 743024906165551165)
INFO:asu_discord.cogs.verification:Refreshed Salesforce roles for Discord user 743024906165551165: -4/+5 roles, assigned=[Commited, Graduate Student, International Student, Ira A. Fulton Schools of Engineering, Tempe]
Ignoring exception in on_member_update
Traceback (most recent call last):
  File "/usr/local/lib/python3.12/site-packages/discord/client.py", line 465, in _run_event
    await coro(*args, **kwargs)
  File "/app/asu_discord/cogs/analytics.py", line 652, in on_member_update
    before_timeout = before.timed_out_until
                     ^^^^^^^^^^^^^^^^^^^^^^
AttributeError: 'Member' object has no attribute 'timed_out_until'
Ignoring exception in on_member_update
Traceback (most recent call last):
  File "/usr/local/lib/python3.12/site-packages/discord/client.py", line 465, in _run_event
    await coro(*args, **kwargs)
  File "/app/asu_discord/cogs/analytics.py", line 652, in on_member_update
    before_timeout = before.timed_out_until
                     ^^^^^^^^^^^^^^^^^^^^^^
AttributeError: 'Member' object has no attribute 'timed_out_until'
Ignoring exception in on_member_update
Traceback (most recent call last):
  File "/usr/local/lib/python3.12/site-packages/discord/client.py", line 465, in _run_event
    await coro(*args, **kwargs)
  File "/app/asu_discord/cogs/analytics.py", line 652, in on_member_update
    before_timeout = before.timed_out_until
                     ^^^^^^^^^^^^^^^^^^^^^^
AttributeError: 'Member' object has no attribute 'timed_out_until'
Ignoring exception in on_member_update
Traceback (most recent call last):
  File "/usr/local/lib/python3.12/site-packages/discord/client.py", line 465, in _run_event
    await coro(*args, **kwargs)
  File "/app/asu_discord/cogs/analytics.py", line 652, in on_member_update
    before_timeout = before.timed_out_until
                     ^^^^^^^^^^^^^^^^^^^^^^
AttributeError: 'Member' object has no attribute 'timed_out_until'
Ignoring exception in on_member_update
Traceback (most recent call last):
  File "/usr/local/lib/python3.12/site-packages/discord/client.py", line 465, in _run_event
    await coro(*args, **kwargs)
  File "/app/asu_discord/cogs/analytics.py", line 652, in on_member_update
    before_timeout = before.timed_out_until
                     ^^^^^^^^^^^^^^^^^^^^^^
AttributeError: 'Member' object has no attribute 'timed_out_until'
Ignoring exception in on_member_update
Traceback (most recent call last):
  File "/usr/local/lib/python3.12/site-packages/discord/client.py", line 465, in _run_event
    await coro(*args, **kwargs)
  File "/app/asu_discord/cogs/analytics.py", line 652, in on_member_update
    before_timeout = before.timed_out_until
                     ^^^^^^^^^^^^^^^^^^^^^^
AttributeError: 'Member' object has no attribute 'timed_out_until'
Ignoring exception in on_member_update
Traceback (most recent call last):
  File "/usr/local/lib/python3.12/site-packages/discord/client.py", line 465, in _run_event
    await coro(*args, **kwargs)
  File "/app/asu_discord/cogs/analytics.py", line 652, in on_member_update
    before_timeout = before.timed_out_until
                     ^^^^^^^^^^^^^^^^^^^^^^
AttributeError: 'Member' object has no attribute 'timed_out_until'
Ignoring exception in on_member_update
Traceback (most recent call last):
  File "/usr/local/lib/python3.12/site-packages/discord/client.py", line 465, in _run_event
    await coro(*args, **kwargs)
  File "/app/asu_discord/cogs/analytics.py", line 652, in on_member_update
    before_timeout = before.timed_out_until
                     ^^^^^^^^^^^^^^^^^^^^^^
AttributeError: 'Member' object has no attribute 'timed_out_until'
Ignoring exception in on_member_update
Traceback (most recent call last):
  File "/usr/local/lib/python3.12/site-packages/discord/client.py", line 465, in _run_event
    await coro(*args, **kwargs)
  File "/app/asu_discord/cogs/analytics.py", line 652, in on_member_update
    before_timeout = before.timed_out_until
                     ^^^^^^^^^^^^^^^^^^^^^^
AttributeError: 'Member' object has no attribute 'timed_out_until'
Ignoring exception in on_member_update
Traceback (most recent call last):
  File "/usr/local/lib/python3.12/site-packages/discord/client.py", line 465, in _run_event
    await coro(*args, **kwargs)
  File "/app/asu_discord/cogs/analytics.py", line 652, in on_member_update
    before_timeout = before.timed_out_until
                     ^^^^^^^^^^^^^^^^^^^^^^
AttributeError: 'Member' object has no attribute 'timed_out_until'
Ignoring exception in on_member_update
Traceback (most recent call last):
  File "/usr/local/lib/python3.12/site-packages/discord/client.py", line 465, in _run_event
    await coro(*args, **kwargs)
  File "/app/asu_discord/cogs/analytics.py", line 652, in on_member_update
    before_timeout = before.timed_out_until
                     ^^^^^^^^^^^^^^^^^^^^^^
AttributeError: 'Member' object has no attribute 'timed_out_until'
ERROR:cron.jobs:refresh_salesforce_roles: failed for spanjwa3 (Discord ID 743525680377233519): Timed out refresh Salesforce-based roles
WARNING:cron.jobs:refresh_salesforce_roles: Salesforce lookup failed for gcryer: 500 Server Error: Internal Server Error for url: https://crmapi-prod.apps.asu.edu/v1/crm-contact/contact?asurite=gcryer
Ignoring exception in on_member_update
Traceback (most recent call last):
  File "/usr/local/lib/python3.12/site-packages/discord/client.py", line 465, in _run_event
    await coro(*args, **kwargs)
  File "/app/asu_discord/cogs/analytics.py", line 652, in on_member_update
    before_timeout = before.timed_out_until
                     ^^^^^^^^^^^^^^^^^^^^^^
AttributeError: 'Member' object has no attribute 'timed_out_until'
WARNING:cron.jobs:refresh_salesforce_roles: Salesforce lookup failed for aswaroo3: 500 Server Error: Internal Server Error for url: https://crmapi-prod.apps.asu.edu/v1/crm-contact/contact?asurite=aswaroo3
WARNING:cron.jobs:refresh_salesforce_roles: Salesforce lookup failed for nspiker: 500 Server Error: Internal Server Error for url: https://crmapi-prod.apps.asu.edu/v1/crm-contact/contact?asurite=nspiker
WARNING:cron.jobs:refresh_salesforce_roles: Salesforce lookup failed for jjpere39: 500 Server Error: Internal Server Error for url: https://crmapi-prod.apps.asu.edu/v1/crm-contact/contact?asurite=jjpere39
WARNING:cron.jobs:refresh_salesforce_roles: Salesforce lookup failed for jihwanba: 500 Server Error: Internal Server Error for url: https://crmapi-prod.apps.asu.edu/v1/crm-contact/contact?asurite=jihwanba
WARNING:cron.jobs:refresh_salesforce_roles: Salesforce lookup failed for sbalaj41: 500 Server Error: Internal Server Error for url: https://crmapi-prod.apps.asu.edu/v1/crm-contact/contact?asurite=sbalaj41
WARNING:cron.jobs:refresh_salesforce_roles: Salesforce lookup failed for aawrig15: 500 Server Error: Internal Server Error for url: https://crmapi-prod.apps.asu.edu/v1/crm-contact/contact?asurite=aawrig15
ERROR:cron.jobs:refresh_salesforce_roles: failed for award118 (Discord ID 784901320581578752): Failed to refresh Salesforce-based roles: Discord user 784901320581578752 is not a member of the guild
Ignoring exception in on_member_update
Traceback (most recent call last):
  File "/usr/local/lib/python3.12/site-packages/discord/client.py", line 465, in _run_event
    await coro(*args, **kwargs)
  File "/app/asu_discord/cogs/analytics.py", line 652, in on_member_update
    before_timeout = before.timed_out_until
                     ^^^^^^^^^^^^^^^^^^^^^^
AttributeError: 'Member' object has no attribute 'timed_out_until'
Ignoring exception in on_member_update
Traceback (most recent call last):
  File "/usr/local/lib/python3.12/site-packages/discord/client.py", line 465, in _run_event
    await coro(*args, **kwargs)
  File "/app/asu_discord/cogs/analytics.py", line 652, in on_member_update
    before_timeout = before.timed_out_until
                     ^^^^^^^^^^^^^^^^^^^^^^
AttributeError: 'Member' object has no attribute 'timed_out_until'
Ignoring exception in on_member_update
Traceback (most recent call last):
  File "/usr/local/lib/python3.12/site-packages/discord/client.py", line 465, in _run_event
    await coro(*args, **kwargs)
  File "/app/asu_discord/cogs/analytics.py", line 652, in on_member_update
    before_timeout = before.timed_out_until
                     ^^^^^^^^^^^^^^^^^^^^^^
AttributeError: 'Member' object has no attribute 'timed_out_until'
Ignoring exception in on_member_update
Traceback (most recent call last):
  File "/usr/local/lib/python3.12/site-packages/discord/client.py", line 465, in _run_event
    await coro(*args, **kwargs)
  File "/app/asu_discord/cogs/analytics.py", line 652, in on_member_update
    before_timeout = before.timed_out_until
                     ^^^^^^^^^^^^^^^^^^^^^^
AttributeError: 'Member' object has no attribute 'timed_out_until'
Ignoring exception in on_member_update
Traceback (most recent call last):
  File "/usr/local/lib/python3.12/site-packages/discord/client.py", line 465, in _run_event
    await coro(*args, **kwargs)
  File "/app/asu_discord/cogs/analytics.py", line 652, in on_member_update
    before_timeout = before.timed_out_until
                     ^^^^^^^^^^^^^^^^^^^^^^
AttributeError: 'Member' object has no attribute 'timed_out_until'
Ignoring exception in on_member_update
Traceback (most recent call last):
  File "/usr/local/lib/python3.12/site-packages/discord/client.py", line 465, in _run_event
    await coro(*args, **kwargs)
  File "/app/asu_discord/cogs/analytics.py", line 652, in on_member_update
    before_timeout = before.timed_out_until
                     ^^^^^^^^^^^^^^^^^^^^^^
AttributeError: 'Member' object has no attribute 'timed_out_until'
Ignoring exception in on_member_update
Traceback (most recent call last):
  File "/usr/local/lib/python3.12/site-packages/discord/client.py", line 465, in _run_event
    await coro(*args, **kwargs)
  File "/app/asu_discord/cogs/analytics.py", line 652, in on_member_update
    before_timeout = before.timed_out_until
                     ^^^^^^^^^^^^^^^^^^^^^^
AttributeError: 'Member' object has no attribute 'timed_out_until'
INFO:asu_discord.cogs.verification:Saved 4 roles to database for user wlaxa (Discord ID: 712213061032738828)
INFO:asu_discord.cogs.verification:Refreshed Salesforce roles for Discord user 712213061032738828: -3/+4 roles, assigned=[First Year, Herberger Institute for Design and the Arts, Out of State, Tempe]
Ignoring exception in on_member_update
Traceback (most recent call last):
  File "/usr/local/lib/python3.12/site-packages/discord/client.py", line 465, in _run_event
    await coro(*args, **kwargs)
  File "/app/asu_discord/cogs/analytics.py", line 652, in on_member_update
    before_timeout = before.timed_out_until
                     ^^^^^^^^^^^^^^^^^^^^^^
AttributeError: 'Member' object has no attribute 'timed_out_until'
Ignoring exception in on_member_update
Traceback (most recent call last):
  File "/usr/local/lib/python3.12/site-packages/discord/client.py", line 465, in _run_event
    await coro(*args, **kwargs)
  File "/app/asu_discord/cogs/analytics.py", line 652, in on_member_update
    before_timeout = before.timed_out_until
                     ^^^^^^^^^^^^^^^^^^^^^^
AttributeError: 'Member' object has no attribute 'timed_out_until'
Ignoring exception in on_member_update
Traceback (most recent call last):
  File "/usr/local/lib/python3.12/site-packages/discord/client.py", line 465, in _run_event
    await coro(*args, **kwargs)
  File "/app/asu_discord/cogs/analytics.py", line 652, in on_member_update
    before_timeout = before.timed_out_until
                     ^^^^^^^^^^^^^^^^^^^^^^
AttributeError: 'Member' object has no attribute 'timed_out_until'
Ignoring exception in on_member_update
Traceback (most recent call last):
  File "/usr/local/lib/python3.12/site-packages/discord/client.py", line 465, in _run_event
    await coro(*args, **kwargs)
  File "/app/asu_discord/cogs/analytics.py", line 652, in on_member_update
    before_timeout = before.timed_out_until
                     ^^^^^^^^^^^^^^^^^^^^^^
AttributeError: 'Member' object has no attribute 'timed_out_until'
Ignoring exception in on_member_update
Traceback (most recent call last):
  File "/usr/local/lib/python3.12/site-packages/discord/client.py", line 465, in _run_event
    await coro(*args, **kwargs)
  File "/app/asu_discord/cogs/analytics.py", line 652, in on_member_update
    before_timeout = before.timed_out_until
                     ^^^^^^^^^^^^^^^^^^^^^^
AttributeError: 'Member' object has no attribute 'timed_out_until'
Ignoring exception in on_member_update
Traceback (most recent call last):
  File "/usr/local/lib/python3.12/site-packages/discord/client.py", line 465, in _run_event
    await coro(*args, **kwargs)
  File "/app/asu_discord/cogs/analytics.py", line 652, in on_member_update
    before_timeout = before.timed_out_until
                     ^^^^^^^^^^^^^^^^^^^^^^
AttributeError: 'Member' object has no attribute 'timed_out_until'
Ignoring exception in on_member_update
Traceback (most recent call last):
  File "/usr/local/lib/python3.12/site-packages/discord/client.py", line 465, in _run_event
    await coro(*args, **kwargs)
  File "/app/asu_discord/cogs/analytics.py", line 652, in on_member_update
    before_timeout = before.timed_out_until
                     ^^^^^^^^^^^^^^^^^^^^^^
AttributeError: 'Member' object has no attribute 'timed_out_until'
Ignoring exception in on_member_update
Traceback (most recent call last):
  File "/usr/local/lib/python3.12/site-packages/discord/client.py", line 465, in _run_event
    await coro(*args, **kwargs)
  File "/app/asu_discord/cogs/analytics.py", line 652, in on_member_update
    before_timeout = before.timed_out_until
                     ^^^^^^^^^^^^^^^^^^^^^^
AttributeError: 'Member' object has no attribute 'timed_out_until'
Ignoring exception in on_member_update
Traceback (most recent call last):
  File "/usr/local/lib/python3.12/site-packages/discord/client.py", line 465, in _run_event
    await coro(*args, **kwargs)
  File "/app/asu_discord/cogs/analytics.py", line 652, in on_member_update
    before_timeout = before.timed_out_until
                     ^^^^^^^^^^^^^^^^^^^^^^
AttributeError: 'Member' object has no attribute 'timed_out_until'
Ignoring exception in on_member_update
Traceback (most recent call last):
  File "/usr/local/lib/python3.12/site-packages/discord/client.py", line 465, in _run_event
    await coro(*args, **kwargs)
  File "/app/asu_discord/cogs/analytics.py", line 652, in on_member_update
    before_timeout = before.timed_out_until
                     ^^^^^^^^^^^^^^^^^^^^^^
AttributeError: 'Member' object has no attribute 'timed_out_until'
INFO:asu_discord.cogs.verification:Saved 5 roles to database for user slsalgad (Discord ID: 1447718272614273136)
INFO:asu_discord.cogs.verification:Refreshed Salesforce roles for Discord user 1447718272614273136: -5/+5 roles, assigned=[Commited, Downtown Phoenix, First Year, Out of State, Walter Cronkite School of Journalism and Mass Communication]
ERROR:cron.jobs:refresh_salesforce_roles: failed for lteasdal (Discord ID 680456368381100053): Failed to refresh Salesforce-based roles: Discord user 680456368381100053 is not a member of the guild
Ignoring exception in on_member_update
Traceback (most recent call last):
  File "/usr/local/lib/python3.12/site-packages/discord/client.py", line 465, in _run_event
    await coro(*args, **kwargs)
  File "/app/asu_discord/cogs/analytics.py", line 652, in on_member_update
    before_timeout = before.timed_out_until
                     ^^^^^^^^^^^^^^^^^^^^^^
AttributeError: 'Member' object has no attribute 'timed_out_until'
Ignoring exception in on_member_update
Traceback (most recent call last):
  File "/usr/local/lib/python3.12/site-packages/discord/client.py", line 465, in _run_event
    await coro(*args, **kwargs)
  File "/app/asu_discord/cogs/analytics.py", line 652, in on_member_update
    before_timeout = before.timed_out_until
                     ^^^^^^^^^^^^^^^^^^^^^^
AttributeError: 'Member' object has no attribute 'timed_out_until'
Ignoring exception in on_member_update
Traceback (most recent call last):
  File "/usr/local/lib/python3.12/site-packages/discord/client.py", line 465, in _run_event
    await coro(*args, **kwargs)
  File "/app/asu_discord/cogs/analytics.py", line 652, in on_member_update
    before_timeout = before.timed_out_until
                     ^^^^^^^^^^^^^^^^^^^^^^
AttributeError: 'Member' object has no attribute 'timed_out_until'
Ignoring exception in on_member_update
Traceback (most recent call last):
  File "/usr/local/lib/python3.12/site-packages/discord/client.py", line 465, in _run_event
    await coro(*args, **kwargs)
  File "/app/asu_discord/cogs/analytics.py", line 652, in on_member_update
    before_timeout = before.timed_out_until
                     ^^^^^^^^^^^^^^^^^^^^^^
AttributeError: 'Member' object has no attribute 'timed_out_until'
Ignoring exception in on_member_update
Traceback (most recent call last):
  File "/usr/local/lib/python3.12/site-packages/discord/client.py", line 465, in _run_event
    await coro(*args, **kwargs)
  File "/app/asu_discord/cogs/analytics.py", line 652, in on_member_update
    before_timeout = before.timed_out_until
                     ^^^^^^^^^^^^^^^^^^^^^^
AttributeError: 'Member' object has no attribute 'timed_out_until'
Ignoring exception in on_member_update
Traceback (most recent call last):
  File "/usr/local/lib/python3.12/site-packages/discord/client.py", line 465, in _run_event
    await coro(*args, **kwargs)
  File "/app/asu_discord/cogs/analytics.py", line 652, in on_member_update
    before_timeout = before.timed_out_until
                     ^^^^^^^^^^^^^^^^^^^^^^
AttributeError: 'Member' object has no attribute 'timed_out_until'
Ignoring exception in on_member_update
Traceback (most recent call last):
  File "/usr/local/lib/python3.12/site-packages/discord/client.py", line 465, in _run_event
    await coro(*args, **kwargs)
  File "/app/asu_discord/cogs/analytics.py", line 652, in on_member_update
    before_timeout = before.timed_out_until
                     ^^^^^^^^^^^^^^^^^^^^^^
AttributeError: 'Member' object has no attribute 'timed_out_until'
Ignoring exception in on_member_update
Traceback (most recent call last):
  File "/usr/local/lib/python3.12/site-packages/discord/client.py", line 465, in _run_event
    await coro(*args, **kwargs)
  File "/app/asu_discord/cogs/analytics.py", line 652, in on_member_update
    before_timeout = before.timed_out_until
                     ^^^^^^^^^^^^^^^^^^^^^^
AttributeError: 'Member' object has no attribute 'timed_out_until'
Ignoring exception in on_member_update
Traceback (most recent call last):
  File "/usr/local/lib/python3.12/site-packages/discord/client.py", line 465, in _run_event
    await coro(*args, **kwargs)
  File "/app/asu_discord/cogs/analytics.py", line 652, in on_member_update
    before_timeout = before.timed_out_until
                     ^^^^^^^^^^^^^^^^^^^^^^
AttributeError: 'Member' object has no attribute 'timed_out_until'
Ignoring exception in on_member_update
Traceback (most recent call last):
  File "/usr/local/lib/python3.12/site-packages/discord/client.py", line 465, in _run_event
    await coro(*args, **kwargs)
  File "/app/asu_discord/cogs/analytics.py", line 652, in on_member_update
    before_timeout = before.timed_out_until
                     ^^^^^^^^^^^^^^^^^^^^^^
AttributeError: 'Member' object has no attribute 'timed_out_until'
Ignoring exception in on_member_update
Traceback (most recent call last):
  File "/usr/local/lib/python3.12/site-packages/discord/client.py", line 465, in _run_event
    await coro(*args, **kwargs)
  File "/app/asu_discord/cogs/analytics.py", line 652, in on_member_update
    before_timeout = before.timed_out_until
                     ^^^^^^^^^^^^^^^^^^^^^^
AttributeError: 'Member' object has no attribute 'timed_out_until'
Ignoring exception in on_member_update
Traceback (most recent call last):
  File "/usr/local/lib/python3.12/site-packages/discord/client.py", line 465, in _run_event
    await coro(*args, **kwargs)
  File "/app/asu_discord/cogs/analytics.py", line 652, in on_member_update
    before_timeout = before.timed_out_until
                     ^^^^^^^^^^^^^^^^^^^^^^
AttributeError: 'Member' object has no attribute 'timed_out_until'
INFO:asu_discord.cogs.verification:Saved 6 roles to database for user agmart34 (Discord ID: 341653406676418562)
INFO:asu_discord.cogs.verification:Refreshed Salesforce roles for Discord user 341653406676418562: -6/+6 roles, assigned=[Arizona Resident, Commited, First Generation Student, Ira A. Fulton Schools of Engineering, Tempe, Transfer Student]
ERROR:cron.jobs:refresh_salesforce_roles: failed for maharkin (Discord ID 1388500120886312991): Failed to refresh Salesforce-based roles: Discord user 1388500120886312991 is not a member of the guild
Ignoring exception in on_member_update
Traceback (most recent call last):
  File "/usr/local/lib/python3.12/site-packages/discord/client.py", line 465, in _run_event
    await coro(*args, **kwargs)
  File "/app/asu_discord/cogs/analytics.py", line 652, in on_member_update
    before_timeout = before.timed_out_until
                     ^^^^^^^^^^^^^^^^^^^^^^
AttributeError: 'Member' object has no attribute 'timed_out_until'
Ignoring exception in on_member_update
Traceback (most recent call last):
  File "/usr/local/lib/python3.12/site-packages/discord/client.py", line 465, in _run_event
    await coro(*args, **kwargs)
  File "/app/asu_discord/cogs/analytics.py", line 652, in on_member_update
    before_timeout = before.timed_out_until
                     ^^^^^^^^^^^^^^^^^^^^^^
AttributeError: 'Member' object has no attribute 'timed_out_until'
Ignoring exception in on_member_update
Traceback (most recent call last):
  File "/usr/local/lib/python3.12/site-packages/discord/client.py", line 465, in _run_event
    await coro(*args, **kwargs)
  File "/app/asu_discord/cogs/analytics.py", line 652, in on_member_update
    before_timeout = before.timed_out_until
                     ^^^^^^^^^^^^^^^^^^^^^^
AttributeError: 'Member' object has no attribute 'timed_out_until'
Ignoring exception in on_member_update
Traceback (most recent call last):
  File "/usr/local/lib/python3.12/site-packages/discord/client.py", line 465, in _run_event
    await coro(*args, **kwargs)
  File "/app/asu_discord/cogs/analytics.py", line 652, in on_member_update
    before_timeout = before.timed_out_until
                     ^^^^^^^^^^^^^^^^^^^^^^
AttributeError: 'Member' object has no attribute 'timed_out_until'
Ignoring exception in on_member_update
Traceback (most recent call last):
  File "/usr/local/lib/python3.12/site-packages/discord/client.py", line 465, in _run_event
    await coro(*args, **kwargs)
  File "/app/asu_discord/cogs/analytics.py", line 652, in on_member_update
    before_timeout = before.timed_out_until
                     ^^^^^^^^^^^^^^^^^^^^^^
AttributeError: 'Member' object has no attribute 'timed_out_until'
Ignoring exception in on_member_update
Traceback (most recent call last):
  File "/usr/local/lib/python3.12/site-packages/discord/client.py", line 465, in _run_event
    await coro(*args, **kwargs)
  File "/app/asu_discord/cogs/analytics.py", line 652, in on_member_update
    before_timeout = before.timed_out_until
                     ^^^^^^^^^^^^^^^^^^^^^^
AttributeError: 'Member' object has no attribute 'timed_out_until'
Ignoring exception in on_member_update
Traceback (most recent call last):
  File "/usr/local/lib/python3.12/site-packages/discord/client.py", line 465, in _run_event
    await coro(*args, **kwargs)
  File "/app/asu_discord/cogs/analytics.py", line 652, in on_member_update
    before_timeout = before.timed_out_until
                     ^^^^^^^^^^^^^^^^^^^^^^
AttributeError: 'Member' object has no attribute 'timed_out_until'
Ignoring exception in on_member_update
Traceback (most recent call last):
  File "/usr/local/lib/python3.12/site-packages/discord/client.py", line 465, in _run_event
    await coro(*args, **kwargs)
  File "/app/asu_discord/cogs/analytics.py", line 652, in on_member_update
    before_timeout = before.timed_out_until
                     ^^^^^^^^^^^^^^^^^^^^^^
AttributeError: 'Member' object has no attribute 'timed_out_until'
Ignoring exception in on_member_update
Traceback (most recent call last):
  File "/usr/local/lib/python3.12/site-packages/discord/client.py", line 465, in _run_event
    await coro(*args, **kwargs)
  File "/app/asu_discord/cogs/analytics.py", line 652, in on_member_update
    before_timeout = before.timed_out_until
                     ^^^^^^^^^^^^^^^^^^^^^^
AttributeError: 'Member' object has no attribute 'timed_out_until'
Ignoring exception in on_member_update
Traceback (most recent call last):
  File "/usr/local/lib/python3.12/site-packages/discord/client.py", line 465, in _run_event
    await coro(*args, **kwargs)
  File "/app/asu_discord/cogs/analytics.py", line 652, in on_member_update
    before_timeout = before.timed_out_until
                     ^^^^^^^^^^^^^^^^^^^^^^
AttributeError: 'Member' object has no attribute 'timed_out_until'
INFO:asu_discord.cogs.verification:Saved 5 roles to database for user jmnelli2 (Discord ID: 847236555303026708)
INFO:asu_discord.cogs.verification:Refreshed Salesforce roles for Discord user 847236555303026708: -5/+5 roles, assigned=[Arizona Resident, College of Liberal Arts and Sciences, Commited, First Year, Tempe]
WARNING:cron.jobs:refresh_salesforce_roles: Salesforce lookup failed for easchulm: 500 Server Error: Internal Server Error for url: https://crmapi-prod.apps.asu.edu/v1/crm-contact/contact?asurite=easchulm
Ignoring exception in on_member_update
Traceback (most recent call last):
  File "/usr/local/lib/python3.12/site-packages/discord/client.py", line 465, in _run_event
    await coro(*args, **kwargs)
  File "/app/asu_discord/cogs/analytics.py", line 652, in on_member_update
    before_timeout = before.timed_out_until
                     ^^^^^^^^^^^^^^^^^^^^^^
AttributeError: 'Member' object has no attribute 'timed_out_until'
Ignoring exception in on_member_update
Traceback (most recent call last):
  File "/usr/local/lib/python3.12/site-packages/discord/client.py", line 465, in _run_event
    await coro(*args, **kwargs)
  File "/app/asu_discord/cogs/analytics.py", line 652, in on_member_update
    before_timeout = before.timed_out_until
                     ^^^^^^^^^^^^^^^^^^^^^^
AttributeError: 'Member' object has no attribute 'timed_out_until'
Ignoring exception in on_member_update
Traceback (most recent call last):
  File "/usr/local/lib/python3.12/site-packages/discord/client.py", line 465, in _run_event
    await coro(*args, **kwargs)
  File "/app/asu_discord/cogs/analytics.py", line 652, in on_member_update
    before_timeout = before.timed_out_until
                     ^^^^^^^^^^^^^^^^^^^^^^
AttributeError: 'Member' object has no attribute 'timed_out_until'
Ignoring exception in on_member_update
Traceback (most recent call last):
  File "/usr/local/lib/python3.12/site-packages/discord/client.py", line 465, in _run_event
    await coro(*args, **kwargs)
  File "/app/asu_discord/cogs/analytics.py", line 652, in on_member_update
    before_timeout = before.timed_out_until
                     ^^^^^^^^^^^^^^^^^^^^^^
AttributeError: 'Member' object has no attribute 'timed_out_until'
Ignoring exception in on_member_update
Traceback (most recent call last):
  File "/usr/local/lib/python3.12/site-packages/discord/client.py", line 465, in _run_event
    await coro(*args, **kwargs)
  File "/app/asu_discord/cogs/analytics.py", line 652, in on_member_update
    before_timeout = before.timed_out_until
                     ^^^^^^^^^^^^^^^^^^^^^^
AttributeError: 'Member' object has no attribute 'timed_out_until'
Ignoring exception in on_member_update
Traceback (most recent call last):
  File "/usr/local/lib/python3.12/site-packages/discord/client.py", line 465, in _run_event
    await coro(*args, **kwargs)
  File "/app/asu_discord/cogs/analytics.py", line 652, in on_member_update
    before_timeout = before.timed_out_until
                     ^^^^^^^^^^^^^^^^^^^^^^
AttributeError: 'Member' object has no attribute 'timed_out_until'
Ignoring exception in on_member_update
Traceback (most recent call last):
  File "/usr/local/lib/python3.12/site-packages/discord/client.py", line 465, in _run_event
    await coro(*args, **kwargs)
  File "/app/asu_discord/cogs/analytics.py", line 652, in on_member_update
    before_timeout = before.timed_out_until
                     ^^^^^^^^^^^^^^^^^^^^^^
AttributeError: 'Member' object has no attribute 'timed_out_until'
Ignoring exception in on_member_update
Traceback (most recent call last):
  File "/usr/local/lib/python3.12/site-packages/discord/client.py", line 465, in _run_event
    await coro(*args, **kwargs)
  File "/app/asu_discord/cogs/analytics.py", line 652, in on_member_update
    before_timeout = before.timed_out_until
                     ^^^^^^^^^^^^^^^^^^^^^^
AttributeError: 'Member' object has no attribute 'timed_out_until'
Ignoring exception in on_member_update
Traceback (most recent call last):
  File "/usr/local/lib/python3.12/site-packages/discord/client.py", line 465, in _run_event
    await coro(*args, **kwargs)
  File "/app/asu_discord/cogs/analytics.py", line 652, in on_member_update
    before_timeout = before.timed_out_until
                     ^^^^^^^^^^^^^^^^^^^^^^
AttributeError: 'Member' object has no attribute 'timed_out_until'
Ignoring exception in on_member_update
Traceback (most recent call last):
  File "/usr/local/lib/python3.12/site-packages/discord/client.py", line 465, in _run_event
    await coro(*args, **kwargs)
  File "/app/asu_discord/cogs/analytics.py", line 652, in on_member_update
    before_timeout = before.timed_out_until
                     ^^^^^^^^^^^^^^^^^^^^^^
AttributeError: 'Member' object has no attribute 'timed_out_until'
INFO:asu_discord.cogs.verification:Saved 5 roles to database for user cgranzow (Discord ID: 699768312665735308)
INFO:asu_discord.cogs.verification:Refreshed Salesforce roles for Discord user 699768312665735308: -5/+5 roles, assigned=[Arizona Resident, Commited, First Year, Tempe, W.P. Carey School of Business]
WARNING:cron.jobs:refresh_salesforce_roles: Salesforce lookup failed for mkohl123: 500 Server Error: Internal Server Error for url: https://crmapi-prod.apps.asu.edu/v1/crm-contact/contact?asurite=mkohl123
ERROR:cron.jobs:refresh_salesforce_roles: failed for ilutes (Discord ID 867818333989371904): Failed to refresh Salesforce-based roles: Discord user 867818333989371904 is not a member of the guild
WARNING:cron.jobs:refresh_salesforce_roles: Salesforce lookup failed for nokemmir: 500 Server Error: Internal Server Error for url: https://crmapi-prod.apps.asu.edu/v1/crm-contact/contact?asurite=nokemmir
WARNING:cron.jobs:refresh_salesforce_roles: Salesforce lookup failed for mesanc31: 500 Server Error: Internal Server Error for url: https://crmapi-prod.apps.asu.edu/v1/crm-contact/contact?asurite=mesanc31
WARNING:cron.jobs:refresh_salesforce_roles: Salesforce lookup failed for dprivas1: 500 Server Error: Internal Server Error for url: https://crmapi-prod.apps.asu.edu/v1/crm-contact/contact?asurite=dprivas1
WARNING:cron.jobs:refresh_salesforce_roles: Salesforce lookup failed for jmarbell: 500 Server Error: Internal Server Error for url: https://crmapi-prod.apps.asu.edu/v1/crm-contact/contact?asurite=jmarbell
WARNING:cron.jobs:refresh_salesforce_roles: Salesforce lookup failed for mrzand: 500 Server Error: Internal Server Error for url: https://crmapi-prod.apps.asu.edu/v1/crm-contact/contact?asurite=mrzand
WARNING:cron.jobs:refresh_salesforce_roles: Salesforce lookup failed for yenchihc: 500 Server Error: Internal Server Error for url: https://crmapi-prod.apps.asu.edu/v1/crm-contact/contact?asurite=yenchihc
WARNING:cron.jobs:refresh_salesforce_roles: Salesforce lookup failed for dmanywhi: 500 Server Error: Internal Server Error for url: https://crmapi-prod.apps.asu.edu/v1/crm-contact/contact?asurite=dmanywhi
WARNING:cron.jobs:refresh_salesforce_roles: Salesforce lookup failed for bshart: 500 Server Error: Internal Server Error for url: https://crmapi-prod.apps.asu.edu/v1/crm-contact/contact?asurite=bshart
WARNING:cron.jobs:refresh_salesforce_roles: Salesforce lookup failed for edmills1: 500 Server Error: Internal Server Error for url: https://crmapi-prod.apps.asu.edu/v1/crm-contact/contact?asurite=edmills1
WARNING:cron.jobs:refresh_salesforce_roles: Salesforce lookup failed for dthom201: 500 Server Error: Internal Server Error for url: https://crmapi-prod.apps.asu.edu/v1/crm-contact/contact?asurite=dthom201
ERROR:cron.jobs:refresh_salesforce_roles: failed for kylefan (Discord ID 655556881640849439): Failed to refresh Salesforce-based roles: Discord user 655556881640849439 is not a member of the guild
WARNING:cron.jobs:refresh_salesforce_roles: Salesforce lookup failed for pbulaths: 500 Server Error: Internal Server Error for url: https://crmapi-prod.apps.asu.edu/v1/crm-contact/contact?asurite=pbulaths
WARNING:cron.jobs:refresh_salesforce_roles: Salesforce lookup failed for jbphil11: 500 Server Error: Internal Server Error for url: https://crmapi-prod.apps.asu.edu/v1/crm-contact/contact?asurite=jbphil11
WARNING:cron.jobs:refresh_salesforce_roles: Salesforce lookup failed for kpgiang: 500 Server Error: Internal Server Error for url: https://crmapi-prod.apps.asu.edu/v1/crm-contact/contact?asurite=kpgiang
Ignoring exception in on_member_update
Traceback (most recent call last):
  File "/usr/local/lib/python3.12/site-packages/discord/client.py", line 465, in _run_event
    await coro(*args, **kwargs)
  File "/app/asu_discord/cogs/analytics.py", line 652, in on_member_update
    before_timeout = before.timed_out_until
                     ^^^^^^^^^^^^^^^^^^^^^^
AttributeError: 'Member' object has no attribute 'timed_out_until'
Ignoring exception in on_member_update
Traceback (most recent call last):
  File "/usr/local/lib/python3.12/site-packages/discord/client.py", line 465, in _run_event
    await coro(*args, **kwargs)
  File "/app/asu_discord/cogs/analytics.py", line 652, in on_member_update
    before_timeout = before.timed_out_until
                     ^^^^^^^^^^^^^^^^^^^^^^
AttributeError: 'Member' object has no attribute 'timed_out_until'
Ignoring exception in on_member_update
Traceback (most recent call last):
  File "/usr/local/lib/python3.12/site-packages/discord/client.py", line 465, in _run_event
    await coro(*args, **kwargs)
  File "/app/asu_discord/cogs/analytics.py", line 652, in on_member_update
    before_timeout = before.timed_out_until
                     ^^^^^^^^^^^^^^^^^^^^^^
AttributeError: 'Member' object has no attribute 'timed_out_until'
Ignoring exception in on_member_update
Traceback (most recent call last):
  File "/usr/local/lib/python3.12/site-packages/discord/client.py", line 465, in _run_event
    await coro(*args, **kwargs)
  File "/app/asu_discord/cogs/analytics.py", line 652, in on_member_update
    before_timeout = before.timed_out_until
                     ^^^^^^^^^^^^^^^^^^^^^^
AttributeError: 'Member' object has no attribute 'timed_out_until'
Ignoring exception in on_member_update
Traceback (most recent call last):
  File "/usr/local/lib/python3.12/site-packages/discord/client.py", line 465, in _run_event
    await coro(*args, **kwargs)
  File "/app/asu_discord/cogs/analytics.py", line 652, in on_member_update
    before_timeout = before.timed_out_until
                     ^^^^^^^^^^^^^^^^^^^^^^
AttributeError: 'Member' object has no attribute 'timed_out_until'
Ignoring exception in on_member_update
Traceback (most recent call last):
  File "/usr/local/lib/python3.12/site-packages/discord/client.py", line 465, in _run_event
    await coro(*args, **kwargs)
  File "/app/asu_discord/cogs/analytics.py", line 652, in on_member_update
    before_timeout = before.timed_out_until
                     ^^^^^^^^^^^^^^^^^^^^^^
AttributeError: 'Member' object has no attribute 'timed_out_until'
Ignoring exception in on_member_update
Traceback (most recent call last):
  File "/usr/local/lib/python3.12/site-packages/discord/client.py", line 465, in _run_event
    await coro(*args, **kwargs)
  File "/app/asu_discord/cogs/analytics.py", line 652, in on_member_update
    before_timeout = before.timed_out_until
                     ^^^^^^^^^^^^^^^^^^^^^^
AttributeError: 'Member' object has no attribute 'timed_out_until'
Ignoring exception in on_member_update
Traceback (most recent call last):
  File "/usr/local/lib/python3.12/site-packages/discord/client.py", line 465, in _run_event
    await coro(*args, **kwargs)
  File "/app/asu_discord/cogs/analytics.py", line 652, in on_member_update
    before_timeout = before.timed_out_until
                     ^^^^^^^^^^^^^^^^^^^^^^
AttributeError: 'Member' object has no attribute 'timed_out_until'
INFO:asu_discord.cogs.verification:Saved 4 roles to database for user pchen237 (Discord ID: 364976571192311808)
INFO:asu_discord.cogs.verification:Refreshed Salesforce roles for Discord user 364976571192311808: -4/+4 roles, assigned=[Graduate Student, International Student, Ira A. Fulton Schools of Engineering, Tempe]
WARNING:cron.jobs:refresh_salesforce_roles: Salesforce lookup failed for kdcraig3: 500 Server Error: Internal Server Error for url: https://crmapi-prod.apps.asu.edu/v1/crm-contact/contact?asurite=kdcraig3
ERROR:cron.jobs:refresh_salesforce_roles: failed for yujiewu6 (Discord ID 700808352187547668): Failed to refresh Salesforce-based roles: Discord user 700808352187547668 is not a member of the guild
ERROR:cron.jobs:refresh_salesforce_roles: failed for ewiedman (Discord ID 716363162961707071): Failed to refresh Salesforce-based roles: Discord user 716363162961707071 is not a member of the guild
Ignoring exception in on_member_update
Traceback (most recent call last):
  File "/usr/local/lib/python3.12/site-packages/discord/client.py", line 465, in _run_event
    await coro(*args, **kwargs)
  File "/app/asu_discord/cogs/analytics.py", line 652, in on_member_update
    before_timeout = before.timed_out_until
                     ^^^^^^^^^^^^^^^^^^^^^^
AttributeError: 'Member' object has no attribute 'timed_out_until'
Ignoring exception in on_member_update
Traceback (most recent call last):
  File "/usr/local/lib/python3.12/site-packages/discord/client.py", line 465, in _run_event
    await coro(*args, **kwargs)
  File "/app/asu_discord/cogs/analytics.py", line 652, in on_member_update
    before_timeout = before.timed_out_until
                     ^^^^^^^^^^^^^^^^^^^^^^
AttributeError: 'Member' object has no attribute 'timed_out_until'
Ignoring exception in on_member_update
Traceback (most recent call last):
  File "/usr/local/lib/python3.12/site-packages/discord/client.py", line 465, in _run_event
    await coro(*args, **kwargs)
  File "/app/asu_discord/cogs/analytics.py", line 652, in on_member_update
    before_timeout = before.timed_out_until
                     ^^^^^^^^^^^^^^^^^^^^^^
AttributeError: 'Member' object has no attribute 'timed_out_until'
Ignoring exception in on_member_update
Traceback (most recent call last):
  File "/usr/local/lib/python3.12/site-packages/discord/client.py", line 465, in _run_event
    await coro(*args, **kwargs)
  File "/app/asu_discord/cogs/analytics.py", line 652, in on_member_update
    before_timeout = before.timed_out_until
                     ^^^^^^^^^^^^^^^^^^^^^^
AttributeError: 'Member' object has no attribute 'timed_out_until'
Ignoring exception in on_member_update
Traceback (most recent call last):
  File "/usr/local/lib/python3.12/site-packages/discord/client.py", line 465, in _run_event
    await coro(*args, **kwargs)
  File "/app/asu_discord/cogs/analytics.py", line 652, in on_member_update
    before_timeout = before.timed_out_until
                     ^^^^^^^^^^^^^^^^^^^^^^
AttributeError: 'Member' object has no attribute 'timed_out_until'
Ignoring exception in on_member_update
Traceback (most recent call last):
  File "/usr/local/lib/python3.12/site-packages/discord/client.py", line 465, in _run_event
    await coro(*args, **kwargs)
  File "/app/asu_discord/cogs/analytics.py", line 652, in on_member_update
    before_timeout = before.timed_out_until
                     ^^^^^^^^^^^^^^^^^^^^^^
AttributeError: 'Member' object has no attribute 'timed_out_until'
Ignoring exception in on_member_update
Traceback (most recent call last):
  File "/usr/local/lib/python3.12/site-packages/discord/client.py", line 465, in _run_event
    await coro(*args, **kwargs)
  File "/app/asu_discord/cogs/analytics.py", line 652, in on_member_update
    before_timeout = before.timed_out_until
                     ^^^^^^^^^^^^^^^^^^^^^^
AttributeError: 'Member' object has no attribute 'timed_out_until'
Ignoring exception in on_member_update
Traceback (most recent call last):
  File "/usr/local/lib/python3.12/site-packages/discord/client.py", line 465, in _run_event
    await coro(*args, **kwargs)
  File "/app/asu_discord/cogs/analytics.py", line 652, in on_member_update
    before_timeout = before.timed_out_until
                     ^^^^^^^^^^^^^^^^^^^^^^
AttributeError: 'Member' object has no attribute 'timed_out_until'
Ignoring exception in on_member_update
Traceback (most recent call last):
  File "/usr/local/lib/python3.12/site-packages/discord/client.py", line 465, in _run_event
    await coro(*args, **kwargs)
  File "/app/asu_discord/cogs/analytics.py", line 652, in on_member_update
    before_timeout = before.timed_out_until
                     ^^^^^^^^^^^^^^^^^^^^^^
AttributeError: 'Member' object has no attribute 'timed_out_until'
Ignoring exception in on_member_update
Traceback (most recent call last):
  File "/usr/local/lib/python3.12/site-packages/discord/client.py", line 465, in _run_event
    await coro(*args, **kwargs)
  File "/app/asu_discord/cogs/analytics.py", line 652, in on_member_update
    before_timeout = before.timed_out_until
                     ^^^^^^^^^^^^^^^^^^^^^^
AttributeError: 'Member' object has no attribute 'timed_out_until'
INFO:asu_discord.cogs.verification:Saved 5 roles to database for user lheeres (Discord ID: 823424825052889089)
INFO:asu_discord.cogs.verification:Refreshed Salesforce roles for Discord user 823424825052889089: -5/+5 roles, assigned=[Arizona Resident, Commited, Downtown Phoenix, First Year, Walter Cronkite School of Journalism and Mass Communication]
Ignoring exception in on_member_update
Traceback (most recent call last):
  File "/usr/local/lib/python3.12/site-packages/discord/client.py", line 465, in _run_event
    await coro(*args, **kwargs)
  File "/app/asu_discord/cogs/analytics.py", line 652, in on_member_update
    before_timeout = before.timed_out_until
                     ^^^^^^^^^^^^^^^^^^^^^^
AttributeError: 'Member' object has no attribute 'timed_out_until'
Ignoring exception in on_member_update
Traceback (most recent call last):
  File "/usr/local/lib/python3.12/site-packages/discord/client.py", line 465, in _run_event
    await coro(*args, **kwargs)
  File "/app/asu_discord/cogs/analytics.py", line 652, in on_member_update
    before_timeout = before.timed_out_until
                     ^^^^^^^^^^^^^^^^^^^^^^
AttributeError: 'Member' object has no attribute 'timed_out_until'
Ignoring exception in on_member_update
Traceback (most recent call last):
  File "/usr/local/lib/python3.12/site-packages/discord/client.py", line 465, in _run_event
    await coro(*args, **kwargs)
  File "/app/asu_discord/cogs/analytics.py", line 652, in on_member_update
    before_timeout = before.timed_out_until
                     ^^^^^^^^^^^^^^^^^^^^^^
AttributeError: 'Member' object has no attribute 'timed_out_until'
Ignoring exception in on_member_update
Traceback (most recent call last):
  File "/usr/local/lib/python3.12/site-packages/discord/client.py", line 465, in _run_event
    await coro(*args, **kwargs)
  File "/app/asu_discord/cogs/analytics.py", line 652, in on_member_update
    before_timeout = before.timed_out_until
                     ^^^^^^^^^^^^^^^^^^^^^^
AttributeError: 'Member' object has no attribute 'timed_out_until'
Ignoring exception in on_member_update
Traceback (most recent call last):
  File "/usr/local/lib/python3.12/site-packages/discord/client.py", line 465, in _run_event
    await coro(*args, **kwargs)
  File "/app/asu_discord/cogs/analytics.py", line 652, in on_member_update
    before_timeout = before.timed_out_until
                     ^^^^^^^^^^^^^^^^^^^^^^
AttributeError: 'Member' object has no attribute 'timed_out_until'
Ignoring exception in on_member_update
Traceback (most recent call last):
  File "/usr/local/lib/python3.12/site-packages/discord/client.py", line 465, in _run_event
    await coro(*args, **kwargs)
  File "/app/asu_discord/cogs/analytics.py", line 652, in on_member_update
    before_timeout = before.timed_out_until
                     ^^^^^^^^^^^^^^^^^^^^^^
AttributeError: 'Member' object has no attribute 'timed_out_until'
Ignoring exception in on_member_update
Traceback (most recent call last):
  File "/usr/local/lib/python3.12/site-packages/discord/client.py", line 465, in _run_event
    await coro(*args, **kwargs)
  File "/app/asu_discord/cogs/analytics.py", line 652, in on_member_update
    before_timeout = before.timed_out_until
                     ^^^^^^^^^^^^^^^^^^^^^^
AttributeError: 'Member' object has no attribute 'timed_out_until'
Ignoring exception in on_member_update
Traceback (most recent call last):
  File "/usr/local/lib/python3.12/site-packages/discord/client.py", line 465, in _run_event
    await coro(*args, **kwargs)
  File "/app/asu_discord/cogs/analytics.py", line 652, in on_member_update
    before_timeout = before.timed_out_until
                     ^^^^^^^^^^^^^^^^^^^^^^
AttributeError: 'Member' object has no attribute 'timed_out_until'
INFO:asu_discord.cogs.verification:Saved 4 roles to database for user oakpojot (Discord ID: 1029056691909709916)
INFO:asu_discord.cogs.verification:Refreshed Salesforce roles for Discord user 1029056691909709916: -4/+4 roles, assigned=[Graduate Student, International Student, Ira A. Fulton Schools of Engineering, Tempe]
ERROR:cron.jobs:refresh_salesforce_roles: failed for oliming (Discord ID 1447729219726737478): Failed to refresh Salesforce-based roles: Discord user 1447729219726737478 is not a member of the guild
Ignoring exception in on_member_update
Traceback (most recent call last):
  File "/usr/local/lib/python3.12/site-packages/discord/client.py", line 465, in _run_event
    await coro(*args, **kwargs)
  File "/app/asu_discord/cogs/analytics.py", line 652, in on_member_update
    before_timeout = before.timed_out_until
                     ^^^^^^^^^^^^^^^^^^^^^^
AttributeError: 'Member' object has no attribute 'timed_out_until'
Ignoring exception in on_member_update
Traceback (most recent call last):
  File "/usr/local/lib/python3.12/site-packages/discord/client.py", line 465, in _run_event
    await coro(*args, **kwargs)
  File "/app/asu_discord/cogs/analytics.py", line 652, in on_member_update
    before_timeout = before.timed_out_until
                     ^^^^^^^^^^^^^^^^^^^^^^
AttributeError: 'Member' object has no attribute 'timed_out_until'
Ignoring exception in on_member_update
Traceback (most recent call last):
  File "/usr/local/lib/python3.12/site-packages/discord/client.py", line 465, in _run_event
    await coro(*args, **kwargs)
  File "/app/asu_discord/cogs/analytics.py", line 652, in on_member_update
    before_timeout = before.timed_out_until
                     ^^^^^^^^^^^^^^^^^^^^^^
AttributeError: 'Member' object has no attribute 'timed_out_until'
Ignoring exception in on_member_update
Traceback (most recent call last):
  File "/usr/local/lib/python3.12/site-packages/discord/client.py", line 465, in _run_event
    await coro(*args, **kwargs)
  File "/app/asu_discord/cogs/analytics.py", line 652, in on_member_update
    before_timeout = before.timed_out_until
                     ^^^^^^^^^^^^^^^^^^^^^^
AttributeError: 'Member' object has no attribute 'timed_out_until'
Ignoring exception in on_member_update
Traceback (most recent call last):
  File "/usr/local/lib/python3.12/site-packages/discord/client.py", line 465, in _run_event
    await coro(*args, **kwargs)
  File "/app/asu_discord/cogs/analytics.py", line 652, in on_member_update
    before_timeout = before.timed_out_until
                     ^^^^^^^^^^^^^^^^^^^^^^
AttributeError: 'Member' object has no attribute 'timed_out_until'
Ignoring exception in on_member_update
Traceback (most recent call last):
  File "/usr/local/lib/python3.12/site-packages/discord/client.py", line 465, in _run_event
    await coro(*args, **kwargs)
  File "/app/asu_discord/cogs/analytics.py", line 652, in on_member_update
    before_timeout = before.timed_out_until
                     ^^^^^^^^^^^^^^^^^^^^^^
AttributeError: 'Member' object has no attribute 'timed_out_until'
Ignoring exception in on_member_update
Traceback (most recent call last):
  File "/usr/local/lib/python3.12/site-packages/discord/client.py", line 465, in _run_event
    await coro(*args, **kwargs)
  File "/app/asu_discord/cogs/analytics.py", line 652, in on_member_update
    before_timeout = before.timed_out_until
                     ^^^^^^^^^^^^^^^^^^^^^^
AttributeError: 'Member' object has no attribute 'timed_out_until'
Ignoring exception in on_member_update
Traceback (most recent call last):
  File "/usr/local/lib/python3.12/site-packages/discord/client.py", line 465, in _run_event
    await coro(*args, **kwargs)
  File "/app/asu_discord/cogs/analytics.py", line 652, in on_member_update
    before_timeout = before.timed_out_until
                     ^^^^^^^^^^^^^^^^^^^^^^
AttributeError: 'Member' object has no attribute 'timed_out_until'
Ignoring exception in on_member_update
Traceback (most recent call last):
  File "/usr/local/lib/python3.12/site-packages/discord/client.py", line 465, in _run_event
    await coro(*args, **kwargs)
  File "/app/asu_discord/cogs/analytics.py", line 652, in on_member_update
    before_timeout = before.timed_out_until
                     ^^^^^^^^^^^^^^^^^^^^^^
AttributeError: 'Member' object has no attribute 'timed_out_until'
Ignoring exception in on_member_update
Traceback (most recent call last):
  File "/usr/local/lib/python3.12/site-packages/discord/client.py", line 465, in _run_event
    await coro(*args, **kwargs)
  File "/app/asu_discord/cogs/analytics.py", line 652, in on_member_update
    before_timeout = before.timed_out_until
                     ^^^^^^^^^^^^^^^^^^^^^^
AttributeError: 'Member' object has no attribute 'timed_out_until'
INFO:asu_discord.cogs.verification:Saved 5 roles to database for user dbpicket (Discord ID: 1112307751050289232)
INFO:asu_discord.cogs.verification:Refreshed Salesforce roles for Discord user 1112307751050289232: -5/+5 roles, assigned=[Arizona Resident, Commited, First Year, Tempe, W.P. Carey School of Business]
Ignoring exception in on_member_update
Traceback (most recent call last):
  File "/usr/local/lib/python3.12/site-packages/discord/client.py", line 465, in _run_event
    await coro(*args, **kwargs)
  File "/app/asu_discord/cogs/analytics.py", line 652, in on_member_update
    before_timeout = before.timed_out_until
                     ^^^^^^^^^^^^^^^^^^^^^^
AttributeError: 'Member' object has no attribute 'timed_out_until'
Ignoring exception in on_member_update
Traceback (most recent call last):
  File "/usr/local/lib/python3.12/site-packages/discord/client.py", line 465, in _run_event
    await coro(*args, **kwargs)
  File "/app/asu_discord/cogs/analytics.py", line 652, in on_member_update
    before_timeout = before.timed_out_until
                     ^^^^^^^^^^^^^^^^^^^^^^
AttributeError: 'Member' object has no attribute 'timed_out_until'
INFO:asu_discord.cogs.verification:Saved 1 roles to database for user anieckar (Discord ID: 593004616317403149)
INFO:asu_discord.cogs.verification:Refreshed Salesforce roles for Discord user 593004616317403149: -1/+1 roles, assigned=[Arizona Resident]
ERROR:cron.jobs:refresh_salesforce_roles: failed for aagome25 (Discord ID 1444435634763595878): Failed to refresh Salesforce-based roles: Discord user 1444435634763595878 is not a member of the guild
Ignoring exception in on_member_update
Traceback (most recent call last):
  File "/usr/local/lib/python3.12/site-packages/discord/client.py", line 465, in _run_event
    await coro(*args, **kwargs)
  File "/app/asu_discord/cogs/analytics.py", line 652, in on_member_update
    before_timeout = before.timed_out_until
                     ^^^^^^^^^^^^^^^^^^^^^^
AttributeError: 'Member' object has no attribute 'timed_out_until'
Ignoring exception in on_member_update
Traceback (most recent call last):
  File "/usr/local/lib/python3.12/site-packages/discord/client.py", line 465, in _run_event
    await coro(*args, **kwargs)
  File "/app/asu_discord/cogs/analytics.py", line 652, in on_member_update
    before_timeout = before.timed_out_until
                     ^^^^^^^^^^^^^^^^^^^^^^
AttributeError: 'Member' object has no attribute 'timed_out_until'
Ignoring exception in on_member_update
Traceback (most recent call last):
  File "/usr/local/lib/python3.12/site-packages/discord/client.py", line 465, in _run_event
    await coro(*args, **kwargs)
  File "/app/asu_discord/cogs/analytics.py", line 652, in on_member_update
    before_timeout = before.timed_out_until
                     ^^^^^^^^^^^^^^^^^^^^^^
AttributeError: 'Member' object has no attribute 'timed_out_until'
Ignoring exception in on_member_update
Traceback (most recent call last):
  File "/usr/local/lib/python3.12/site-packages/discord/client.py", line 465, in _run_event
    await coro(*args, **kwargs)
  File "/app/asu_discord/cogs/analytics.py", line 652, in on_member_update
    before_timeout = before.timed_out_until
                     ^^^^^^^^^^^^^^^^^^^^^^
AttributeError: 'Member' object has no attribute 'timed_out_until'
Ignoring exception in on_member_update
Traceback (most recent call last):
  File "/usr/local/lib/python3.12/site-packages/discord/client.py", line 465, in _run_event
    await coro(*args, **kwargs)
  File "/app/asu_discord/cogs/analytics.py", line 652, in on_member_update
    before_timeout = before.timed_out_until
                     ^^^^^^^^^^^^^^^^^^^^^^
AttributeError: 'Member' object has no attribute 'timed_out_until'
Ignoring exception in on_member_update
Traceback (most recent call last):
  File "/usr/local/lib/python3.12/site-packages/discord/client.py", line 465, in _run_event
    await coro(*args, **kwargs)
  File "/app/asu_discord/cogs/analytics.py", line 652, in on_member_update
    before_timeout = before.timed_out_until
                     ^^^^^^^^^^^^^^^^^^^^^^
AttributeError: 'Member' object has no attribute 'timed_out_until'
Ignoring exception in on_member_update
Traceback (most recent call last):
  File "/usr/local/lib/python3.12/site-packages/discord/client.py", line 465, in _run_event
    await coro(*args, **kwargs)
  File "/app/asu_discord/cogs/analytics.py", line 652, in on_member_update
    before_timeout = before.timed_out_until
                     ^^^^^^^^^^^^^^^^^^^^^^
AttributeError: 'Member' object has no attribute 'timed_out_until'
Ignoring exception in on_member_update
Traceback (most recent call last):
  File "/usr/local/lib/python3.12/site-packages/discord/client.py", line 465, in _run_event
    await coro(*args, **kwargs)
  File "/app/asu_discord/cogs/analytics.py", line 652, in on_member_update
    before_timeout = before.timed_out_until
                     ^^^^^^^^^^^^^^^^^^^^^^
AttributeError: 'Member' object has no attribute 'timed_out_until'
Ignoring exception in on_member_update
Traceback (most recent call last):
  File "/usr/local/lib/python3.12/site-packages/discord/client.py", line 465, in _run_event
    await coro(*args, **kwargs)
  File "/app/asu_discord/cogs/analytics.py", line 652, in on_member_update
    before_timeout = before.timed_out_until
                     ^^^^^^^^^^^^^^^^^^^^^^
AttributeError: 'Member' object has no attribute 'timed_out_until'
Ignoring exception in on_member_update
Traceback (most recent call last):
  File "/usr/local/lib/python3.12/site-packages/discord/client.py", line 465, in _run_event
    await coro(*args, **kwargs)
  File "/app/asu_discord/cogs/analytics.py", line 652, in on_member_update
    before_timeout = before.timed_out_until
                     ^^^^^^^^^^^^^^^^^^^^^^
AttributeError: 'Member' object has no attribute 'timed_out_until'
INFO:asu_discord.cogs.verification:Saved 5 roles to database for user kjbrow48 (Discord ID: 302240417930543104)
INFO:asu_discord.cogs.verification:Refreshed Salesforce roles for Discord user 302240417930543104: -5/+5 roles, assigned=[Arizona Resident, Commited, Polytechnic, Transfer Student, W.P. Carey School of Business]
Ignoring exception in on_member_update
Traceback (most recent call last):
  File "/usr/local/lib/python3.12/site-packages/discord/client.py", line 465, in _run_event
    await coro(*args, **kwargs)
  File "/app/asu_discord/cogs/analytics.py", line 652, in on_member_update
    before_timeout = before.timed_out_until
                     ^^^^^^^^^^^^^^^^^^^^^^
AttributeError: 'Member' object has no attribute 'timed_out_until'
Ignoring exception in on_member_update
Traceback (most recent call last):
  File "/usr/local/lib/python3.12/site-packages/discord/client.py", line 465, in _run_event
    await coro(*args, **kwargs)
  File "/app/asu_discord/cogs/analytics.py", line 652, in on_member_update
    before_timeout = before.timed_out_until
                     ^^^^^^^^^^^^^^^^^^^^^^
AttributeError: 'Member' object has no attribute 'timed_out_until'
Ignoring exception in on_member_update
Traceback (most recent call last):
  File "/usr/local/lib/python3.12/site-packages/discord/client.py", line 465, in _run_event
    await coro(*args, **kwargs)
  File "/app/asu_discord/cogs/analytics.py", line 652, in on_member_update
    before_timeout = before.timed_out_until
                     ^^^^^^^^^^^^^^^^^^^^^^
AttributeError: 'Member' object has no attribute 'timed_out_until'
Ignoring exception in on_member_update
Traceback (most recent call last):
  File "/usr/local/lib/python3.12/site-packages/discord/client.py", line 465, in _run_event
    await coro(*args, **kwargs)
  File "/app/asu_discord/cogs/analytics.py", line 652, in on_member_update
    before_timeout = before.timed_out_until
                     ^^^^^^^^^^^^^^^^^^^^^^
AttributeError: 'Member' object has no attribute 'timed_out_until'
Ignoring exception in on_member_update
Traceback (most recent call last):
  File "/usr/local/lib/python3.12/site-packages/discord/client.py", line 465, in _run_event
    await coro(*args, **kwargs)
  File "/app/asu_discord/cogs/analytics.py", line 652, in on_member_update
    before_timeout = before.timed_out_until
                     ^^^^^^^^^^^^^^^^^^^^^^
AttributeError: 'Member' object has no attribute 'timed_out_until'
Ignoring exception in on_member_update
Traceback (most recent call last):
  File "/usr/local/lib/python3.12/site-packages/discord/client.py", line 465, in _run_event
    await coro(*args, **kwargs)
  File "/app/asu_discord/cogs/analytics.py", line 652, in on_member_update
    before_timeout = before.timed_out_until
                     ^^^^^^^^^^^^^^^^^^^^^^
AttributeError: 'Member' object has no attribute 'timed_out_until'
Ignoring exception in on_member_update
Traceback (most recent call last):
  File "/usr/local/lib/python3.12/site-packages/discord/client.py", line 465, in _run_event
    await coro(*args, **kwargs)
  File "/app/asu_discord/cogs/analytics.py", line 652, in on_member_update
    before_timeout = before.timed_out_until
                     ^^^^^^^^^^^^^^^^^^^^^^
AttributeError: 'Member' object has no attribute 'timed_out_until'
Ignoring exception in on_member_update
Traceback (most recent call last):
  File "/usr/local/lib/python3.12/site-packages/discord/client.py", line 465, in _run_event
    await coro(*args, **kwargs)
  File "/app/asu_discord/cogs/analytics.py", line 652, in on_member_update
    before_timeout = before.timed_out_until
                     ^^^^^^^^^^^^^^^^^^^^^^
AttributeError: 'Member' object has no attribute 'timed_out_until'
Ignoring exception in on_member_update
Traceback (most recent call last):
  File "/usr/local/lib/python3.12/site-packages/discord/client.py", line 465, in _run_event
    await coro(*args, **kwargs)
  File "/app/asu_discord/cogs/analytics.py", line 652, in on_member_update
    before_timeout = before.timed_out_until
                     ^^^^^^^^^^^^^^^^^^^^^^
AttributeError: 'Member' object has no attribute 'timed_out_until'
Ignoring exception in on_member_update
Traceback (most recent call last):
  File "/usr/local/lib/python3.12/site-packages/discord/client.py", line 465, in _run_event
    await coro(*args, **kwargs)
  File "/app/asu_discord/cogs/analytics.py", line 652, in on_member_update
    before_timeout = before.timed_out_until
                     ^^^^^^^^^^^^^^^^^^^^^^
AttributeError: 'Member' object has no attribute 'timed_out_until'
INFO:asu_discord.cogs.verification:Saved 5 roles to database for user adave126 (Discord ID: 700963136752320593)
INFO:asu_discord.cogs.verification:Refreshed Salesforce roles for Discord user 700963136752320593: -5/+5 roles, assigned=[Commited, First Year, International Student, Ira A. Fulton Schools of Engineering, Tempe]
Ignoring exception in on_member_update
Traceback (most recent call last):
  File "/usr/local/lib/python3.12/site-packages/discord/client.py", line 465, in _run_event
    await coro(*args, **kwargs)
  File "/app/asu_discord/cogs/analytics.py", line 652, in on_member_update
    before_timeout = before.timed_out_until
                     ^^^^^^^^^^^^^^^^^^^^^^
AttributeError: 'Member' object has no attribute 'timed_out_until'
Ignoring exception in on_member_update
Traceback (most recent call last):
  File "/usr/local/lib/python3.12/site-packages/discord/client.py", line 465, in _run_event
    await coro(*args, **kwargs)
  File "/app/asu_discord/cogs/analytics.py", line 652, in on_member_update
    before_timeout = before.timed_out_until
                     ^^^^^^^^^^^^^^^^^^^^^^
AttributeError: 'Member' object has no attribute 'timed_out_until'
Ignoring exception in on_member_update
Traceback (most recent call last):
  File "/usr/local/lib/python3.12/site-packages/discord/client.py", line 465, in _run_event
    await coro(*args, **kwargs)
  File "/app/asu_discord/cogs/analytics.py", line 652, in on_member_update
    before_timeout = before.timed_out_until
                     ^^^^^^^^^^^^^^^^^^^^^^
AttributeError: 'Member' object has no attribute 'timed_out_until'
Ignoring exception in on_member_update
Traceback (most recent call last):
  File "/usr/local/lib/python3.12/site-packages/discord/client.py", line 465, in _run_event
    await coro(*args, **kwargs)
  File "/app/asu_discord/cogs/analytics.py", line 652, in on_member_update
    before_timeout = before.timed_out_until
                     ^^^^^^^^^^^^^^^^^^^^^^
AttributeError: 'Member' object has no attribute 'timed_out_until'
Ignoring exception in on_member_update
Traceback (most recent call last):
  File "/usr/local/lib/python3.12/site-packages/discord/client.py", line 465, in _run_event
    await coro(*args, **kwargs)
  File "/app/asu_discord/cogs/analytics.py", line 652, in on_member_update
    before_timeout = before.timed_out_until
                     ^^^^^^^^^^^^^^^^^^^^^^
AttributeError: 'Member' object has no attribute 'timed_out_until'
Ignoring exception in on_member_update
Traceback (most recent call last):
  File "/usr/local/lib/python3.12/site-packages/discord/client.py", line 465, in _run_event
    await coro(*args, **kwargs)
  File "/app/asu_discord/cogs/analytics.py", line 652, in on_member_update
    before_timeout = before.timed_out_until
                     ^^^^^^^^^^^^^^^^^^^^^^
AttributeError: 'Member' object has no attribute 'timed_out_until'
Ignoring exception in on_member_update
Traceback (most recent call last):
  File "/usr/local/lib/python3.12/site-packages/discord/client.py", line 465, in _run_event
    await coro(*args, **kwargs)
  File "/app/asu_discord/cogs/analytics.py", line 652, in on_member_update
    before_timeout = before.timed_out_until
                     ^^^^^^^^^^^^^^^^^^^^^^
AttributeError: 'Member' object has no attribute 'timed_out_until'
Ignoring exception in on_member_update
Traceback (most recent call last):
  File "/usr/local/lib/python3.12/site-packages/discord/client.py", line 465, in _run_event
    await coro(*args, **kwargs)
  File "/app/asu_discord/cogs/analytics.py", line 652, in on_member_update
    before_timeout = before.timed_out_until
                     ^^^^^^^^^^^^^^^^^^^^^^
AttributeError: 'Member' object has no attribute 'timed_out_until'
Ignoring exception in on_member_update
Traceback (most recent call last):
  File "/usr/local/lib/python3.12/site-packages/discord/client.py", line 465, in _run_event
    await coro(*args, **kwargs)
  File "/app/asu_discord/cogs/analytics.py", line 652, in on_member_update
    before_timeout = before.timed_out_until
                     ^^^^^^^^^^^^^^^^^^^^^^
AttributeError: 'Member' object has no attribute 'timed_out_until'
Ignoring exception in on_member_update
Traceback (most recent call last):
  File "/usr/local/lib/python3.12/site-packages/discord/client.py", line 465, in _run_event
    await coro(*args, **kwargs)
  File "/app/asu_discord/cogs/analytics.py", line 652, in on_member_update
    before_timeout = before.timed_out_until
                     ^^^^^^^^^^^^^^^^^^^^^^
AttributeError: 'Member' object has no attribute 'timed_out_until'
INFO:asu_discord.cogs.verification:Saved 5 roles to database for user sgnari (Discord ID: 750564036625694730)
INFO:asu_discord.cogs.verification:Refreshed Salesforce roles for Discord user 750564036625694730: -5/+5 roles, assigned=[Arizona Resident, College of Integrative Sciences and Arts, Commited, First Year, Polytechnic]
Ignoring exception in on_member_update
Traceback (most recent call last):
  File "/usr/local/lib/python3.12/site-packages/discord/client.py", line 465, in _run_event
    await coro(*args, **kwargs)
  File "/app/asu_discord/cogs/analytics.py", line 652, in on_member_update
    before_timeout = before.timed_out_until
                     ^^^^^^^^^^^^^^^^^^^^^^
AttributeError: 'Member' object has no attribute 'timed_out_until'
Ignoring exception in on_member_update
Traceback (most recent call last):
  File "/usr/local/lib/python3.12/site-packages/discord/client.py", line 465, in _run_event
    await coro(*args, **kwargs)
  File "/app/asu_discord/cogs/analytics.py", line 652, in on_member_update
    before_timeout = before.timed_out_until
                     ^^^^^^^^^^^^^^^^^^^^^^
AttributeError: 'Member' object has no attribute 'timed_out_until'
Ignoring exception in on_member_update
Traceback (most recent call last):
  File "/usr/local/lib/python3.12/site-packages/discord/client.py", line 465, in _run_event
    await coro(*args, **kwargs)
  File "/app/asu_discord/cogs/analytics.py", line 652, in on_member_update
    before_timeout = before.timed_out_until
                     ^^^^^^^^^^^^^^^^^^^^^^
AttributeError: 'Member' object has no attribute 'timed_out_until'
Ignoring exception in on_member_update
Traceback (most recent call last):
  File "/usr/local/lib/python3.12/site-packages/discord/client.py", line 465, in _run_event
    await coro(*args, **kwargs)
  File "/app/asu_discord/cogs/analytics.py", line 652, in on_member_update
    before_timeout = before.timed_out_until
                     ^^^^^^^^^^^^^^^^^^^^^^
AttributeError: 'Member' object has no attribute 'timed_out_until'
Ignoring exception in on_member_update
Traceback (most recent call last):
  File "/usr/local/lib/python3.12/site-packages/discord/client.py", line 465, in _run_event
    await coro(*args, **kwargs)
  File "/app/asu_discord/cogs/analytics.py", line 652, in on_member_update
    before_timeout = before.timed_out_until
                     ^^^^^^^^^^^^^^^^^^^^^^
AttributeError: 'Member' object has no attribute 'timed_out_until'
Ignoring exception in on_member_update
Traceback (most recent call last):
  File "/usr/local/lib/python3.12/site-packages/discord/client.py", line 465, in _run_event
    await coro(*args, **kwargs)
  File "/app/asu_discord/cogs/analytics.py", line 652, in on_member_update
    before_timeout = before.timed_out_until
                     ^^^^^^^^^^^^^^^^^^^^^^
AttributeError: 'Member' object has no attribute 'timed_out_until'
Ignoring exception in on_member_update
Traceback (most recent call last):
  File "/usr/local/lib/python3.12/site-packages/discord/client.py", line 465, in _run_event
    await coro(*args, **kwargs)
  File "/app/asu_discord/cogs/analytics.py", line 652, in on_member_update
    before_timeout = before.timed_out_until
                     ^^^^^^^^^^^^^^^^^^^^^^
AttributeError: 'Member' object has no attribute 'timed_out_until'
Ignoring exception in on_member_update
Traceback (most recent call last):
  File "/usr/local/lib/python3.12/site-packages/discord/client.py", line 465, in _run_event
    await coro(*args, **kwargs)
  File "/app/asu_discord/cogs/analytics.py", line 652, in on_member_update
    before_timeout = before.timed_out_until
                     ^^^^^^^^^^^^^^^^^^^^^^
AttributeError: 'Member' object has no attribute 'timed_out_until'
INFO:asu_discord.cogs.verification:Saved 4 roles to database for user kanondou (Discord ID: 361283349383348234)
INFO:asu_discord.cogs.verification:Refreshed Salesforce roles for Discord user 361283349383348234: -4/+4 roles, assigned=[First Year, Ira A. Fulton Schools of Engineering, Out of State, Tempe]
Ignoring exception in on_member_update
Traceback (most recent call last):
  File "/usr/local/lib/python3.12/site-packages/discord/client.py", line 465, in _run_event
    await coro(*args, **kwargs)
  File "/app/asu_discord/cogs/analytics.py", line 652, in on_member_update
    before_timeout = before.timed_out_until
                     ^^^^^^^^^^^^^^^^^^^^^^
AttributeError: 'Member' object has no attribute 'timed_out_until'
Ignoring exception in on_member_update
Traceback (most recent call last):
  File "/usr/local/lib/python3.12/site-packages/discord/client.py", line 465, in _run_event
    await coro(*args, **kwargs)
  File "/app/asu_discord/cogs/analytics.py", line 652, in on_member_update
    before_timeout = before.timed_out_until
                     ^^^^^^^^^^^^^^^^^^^^^^
AttributeError: 'Member' object has no attribute 'timed_out_until'
Ignoring exception in on_member_update
Traceback (most recent call last):
  File "/usr/local/lib/python3.12/site-packages/discord/client.py", line 465, in _run_event
    await coro(*args, **kwargs)
  File "/app/asu_discord/cogs/analytics.py", line 652, in on_member_update
    before_timeout = before.timed_out_until
                     ^^^^^^^^^^^^^^^^^^^^^^
AttributeError: 'Member' object has no attribute 'timed_out_until'
Ignoring exception in on_member_update
Traceback (most recent call last):
  File "/usr/local/lib/python3.12/site-packages/discord/client.py", line 465, in _run_event
    await coro(*args, **kwargs)
  File "/app/asu_discord/cogs/analytics.py", line 652, in on_member_update
    before_timeout = before.timed_out_until
                     ^^^^^^^^^^^^^^^^^^^^^^
AttributeError: 'Member' object has no attribute 'timed_out_until'
Ignoring exception in on_member_update
Traceback (most recent call last):
  File "/usr/local/lib/python3.12/site-packages/discord/client.py", line 465, in _run_event
    await coro(*args, **kwargs)
  File "/app/asu_discord/cogs/analytics.py", line 652, in on_member_update
    before_timeout = before.timed_out_until
                     ^^^^^^^^^^^^^^^^^^^^^^
AttributeError: 'Member' object has no attribute 'timed_out_until'
Ignoring exception in on_member_update
Traceback (most recent call last):
  File "/usr/local/lib/python3.12/site-packages/discord/client.py", line 465, in _run_event
    await coro(*args, **kwargs)
  File "/app/asu_discord/cogs/analytics.py", line 652, in on_member_update
    before_timeout = before.timed_out_until
                     ^^^^^^^^^^^^^^^^^^^^^^
AttributeError: 'Member' object has no attribute 'timed_out_until'
Ignoring exception in on_member_update
Traceback (most recent call last):
  File "/usr/local/lib/python3.12/site-packages/discord/client.py", line 465, in _run_event
    await coro(*args, **kwargs)
  File "/app/asu_discord/cogs/analytics.py", line 652, in on_member_update
    before_timeout = before.timed_out_until
                     ^^^^^^^^^^^^^^^^^^^^^^
AttributeError: 'Member' object has no attribute 'timed_out_until'
Ignoring exception in on_member_update
Traceback (most recent call last):
  File "/usr/local/lib/python3.12/site-packages/discord/client.py", line 465, in _run_event
    await coro(*args, **kwargs)
  File "/app/asu_discord/cogs/analytics.py", line 652, in on_member_update
    before_timeout = before.timed_out_until
                     ^^^^^^^^^^^^^^^^^^^^^^
AttributeError: 'Member' object has no attribute 'timed_out_until'
INFO:asu_discord.cogs.verification:Saved 4 roles to database for user aeltala1 (Discord ID: 1006099511921348759)
INFO:asu_discord.cogs.verification:Refreshed Salesforce roles for Discord user 1006099511921348759: -4/+4 roles, assigned=[College of Liberal Arts and Sciences, First Year, Out of State, Tempe]
ERROR:cron.jobs:refresh_salesforce_roles: failed for tshibat1 (Discord ID 1366283440131145731): Failed to refresh Salesforce-based roles: Discord user 1366283440131145731 is not a member of the guild
Ignoring exception in on_member_update
Traceback (most recent call last):
  File "/usr/local/lib/python3.12/site-packages/discord/client.py", line 465, in _run_event
    await coro(*args, **kwargs)
  File "/app/asu_discord/cogs/analytics.py", line 652, in on_member_update
    before_timeout = before.timed_out_until
                     ^^^^^^^^^^^^^^^^^^^^^^
AttributeError: 'Member' object has no attribute 'timed_out_until'
Ignoring exception in on_member_update
Traceback (most recent call last):
  File "/usr/local/lib/python3.12/site-packages/discord/client.py", line 465, in _run_event
    await coro(*args, **kwargs)
  File "/app/asu_discord/cogs/analytics.py", line 652, in on_member_update
    before_timeout = before.timed_out_until
                     ^^^^^^^^^^^^^^^^^^^^^^
AttributeError: 'Member' object has no attribute 'timed_out_until'
Ignoring exception in on_member_update
Traceback (most recent call last):
  File "/usr/local/lib/python3.12/site-packages/discord/client.py", line 465, in _run_event
    await coro(*args, **kwargs)
  File "/app/asu_discord/cogs/analytics.py", line 652, in on_member_update
    before_timeout = before.timed_out_until
                     ^^^^^^^^^^^^^^^^^^^^^^
AttributeError: 'Member' object has no attribute 'timed_out_until'
Ignoring exception in on_member_update
Traceback (most recent call last):
  File "/usr/local/lib/python3.12/site-packages/discord/client.py", line 465, in _run_event
    await coro(*args, **kwargs)
  File "/app/asu_discord/cogs/analytics.py", line 652, in on_member_update
    before_timeout = before.timed_out_until
                     ^^^^^^^^^^^^^^^^^^^^^^
AttributeError: 'Member' object has no attribute 'timed_out_until'
Ignoring exception in on_member_update
Traceback (most recent call last):
  File "/usr/local/lib/python3.12/site-packages/discord/client.py", line 465, in _run_event
    await coro(*args, **kwargs)
  File "/app/asu_discord/cogs/analytics.py", line 652, in on_member_update
    before_timeout = before.timed_out_until
                     ^^^^^^^^^^^^^^^^^^^^^^
AttributeError: 'Member' object has no attribute 'timed_out_until'
Ignoring exception in on_member_update
Traceback (most recent call last):
  File "/usr/local/lib/python3.12/site-packages/discord/client.py", line 465, in _run_event
    await coro(*args, **kwargs)
  File "/app/asu_discord/cogs/analytics.py", line 652, in on_member_update
    before_timeout = before.timed_out_until
                     ^^^^^^^^^^^^^^^^^^^^^^
AttributeError: 'Member' object has no attribute 'timed_out_until'
Ignoring exception in on_member_update
Traceback (most recent call last):
  File "/usr/local/lib/python3.12/site-packages/discord/client.py", line 465, in _run_event
    await coro(*args, **kwargs)
  File "/app/asu_discord/cogs/analytics.py", line 652, in on_member_update
    before_timeout = before.timed_out_until
                     ^^^^^^^^^^^^^^^^^^^^^^
AttributeError: 'Member' object has no attribute 'timed_out_until'
Ignoring exception in on_member_update
Traceback (most recent call last):
  File "/usr/local/lib/python3.12/site-packages/discord/client.py", line 465, in _run_event
    await coro(*args, **kwargs)
  File "/app/asu_discord/cogs/analytics.py", line 652, in on_member_update
    before_timeout = before.timed_out_until
                     ^^^^^^^^^^^^^^^^^^^^^^
AttributeError: 'Member' object has no attribute 'timed_out_until'
Ignoring exception in on_member_update
Traceback (most recent call last):
  File "/usr/local/lib/python3.12/site-packages/discord/client.py", line 465, in _run_event
    await coro(*args, **kwargs)
  File "/app/asu_discord/cogs/analytics.py", line 652, in on_member_update
    before_timeout = before.timed_out_until
                     ^^^^^^^^^^^^^^^^^^^^^^
AttributeError: 'Member' object has no attribute 'timed_out_until'
Ignoring exception in on_member_update
Traceback (most recent call last):
  File "/usr/local/lib/python3.12/site-packages/discord/client.py", line 465, in _run_event
    await coro(*args, **kwargs)
  File "/app/asu_discord/cogs/analytics.py", line 652, in on_member_update
    before_timeout = before.timed_out_until
                     ^^^^^^^^^^^^^^^^^^^^^^
AttributeError: 'Member' object has no attribute 'timed_out_until'
Ignoring exception in on_member_update
Traceback (most recent call last):
  File "/usr/local/lib/python3.12/site-packages/discord/client.py", line 465, in _run_event
    await coro(*args, **kwargs)
  File "/app/asu_discord/cogs/analytics.py", line 652, in on_member_update
    before_timeout = before.timed_out_until
                     ^^^^^^^^^^^^^^^^^^^^^^
AttributeError: 'Member' object has no attribute 'timed_out_until'
Ignoring exception in on_member_update
Traceback (most recent call last):
  File "/usr/local/lib/python3.12/site-packages/discord/client.py", line 465, in _run_event
    await coro(*args, **kwargs)
  File "/app/asu_discord/cogs/analytics.py", line 652, in on_member_update
    before_timeout = before.timed_out_until
                     ^^^^^^^^^^^^^^^^^^^^^^
AttributeError: 'Member' object has no attribute 'timed_out_until'
INFO:asu_discord.cogs.verification:Saved 6 roles to database for user emaher14 (Discord ID: 1436819421401452624)
INFO:asu_discord.cogs.verification:Refreshed Salesforce roles for Discord user 1436819421401452624: -6/+6 roles, assigned=[Arizona Resident, College of Integrative Sciences and Arts, Commited, First Generation Student, First Year, Online]
Ignoring exception in on_member_update
Traceback (most recent call last):
  File "/usr/local/lib/python3.12/site-packages/discord/client.py", line 465, in _run_event
    await coro(*args, **kwargs)
  File "/app/asu_discord/cogs/analytics.py", line 652, in on_member_update
    before_timeout = before.timed_out_until
                     ^^^^^^^^^^^^^^^^^^^^^^
AttributeError: 'Member' object has no attribute 'timed_out_until'
Ignoring exception in on_member_update
Traceback (most recent call last):
  File "/usr/local/lib/python3.12/site-packages/discord/client.py", line 465, in _run_event
    await coro(*args, **kwargs)
  File "/app/asu_discord/cogs/analytics.py", line 652, in on_member_update
    before_timeout = before.timed_out_until
                     ^^^^^^^^^^^^^^^^^^^^^^
AttributeError: 'Member' object has no attribute 'timed_out_until'
Ignoring exception in on_member_update
Traceback (most recent call last):
  File "/usr/local/lib/python3.12/site-packages/discord/client.py", line 465, in _run_event
    await coro(*args, **kwargs)
  File "/app/asu_discord/cogs/analytics.py", line 652, in on_member_update
    before_timeout = before.timed_out_until
                     ^^^^^^^^^^^^^^^^^^^^^^
AttributeError: 'Member' object has no attribute 'timed_out_until'
Ignoring exception in on_member_update
Traceback (most recent call last):
  File "/usr/local/lib/python3.12/site-packages/discord/client.py", line 465, in _run_event
    await coro(*args, **kwargs)
  File "/app/asu_discord/cogs/analytics.py", line 652, in on_member_update
    before_timeout = before.timed_out_until
                     ^^^^^^^^^^^^^^^^^^^^^^
AttributeError: 'Member' object has no attribute 'timed_out_until'
Ignoring exception in on_member_update
Traceback (most recent call last):
  File "/usr/local/lib/python3.12/site-packages/discord/client.py", line 465, in _run_event
    await coro(*args, **kwargs)
  File "/app/asu_discord/cogs/analytics.py", line 652, in on_member_update
    before_timeout = before.timed_out_until
                     ^^^^^^^^^^^^^^^^^^^^^^
AttributeError: 'Member' object has no attribute 'timed_out_until'
Ignoring exception in on_member_update
Traceback (most recent call last):
  File "/usr/local/lib/python3.12/site-packages/discord/client.py", line 465, in _run_event
    await coro(*args, **kwargs)
  File "/app/asu_discord/cogs/analytics.py", line 652, in on_member_update
    before_timeout = before.timed_out_until
                     ^^^^^^^^^^^^^^^^^^^^^^
AttributeError: 'Member' object has no attribute 'timed_out_until'
Ignoring exception in on_member_update
Traceback (most recent call last):
  File "/usr/local/lib/python3.12/site-packages/discord/client.py", line 465, in _run_event
    await coro(*args, **kwargs)
  File "/app/asu_discord/cogs/analytics.py", line 652, in on_member_update
    before_timeout = before.timed_out_until
                     ^^^^^^^^^^^^^^^^^^^^^^
AttributeError: 'Member' object has no attribute 'timed_out_until'
Ignoring exception in on_member_update
Traceback (most recent call last):
  File "/usr/local/lib/python3.12/site-packages/discord/client.py", line 465, in _run_event
    await coro(*args, **kwargs)
  File "/app/asu_discord/cogs/analytics.py", line 652, in on_member_update
    before_timeout = before.timed_out_until
                     ^^^^^^^^^^^^^^^^^^^^^^
AttributeError: 'Member' object has no attribute 'timed_out_until'
Ignoring exception in on_member_update
Traceback (most recent call last):
  File "/usr/local/lib/python3.12/site-packages/discord/client.py", line 465, in _run_event
    await coro(*args, **kwargs)
  File "/app/asu_discord/cogs/analytics.py", line 652, in on_member_update
    before_timeout = before.timed_out_until
                     ^^^^^^^^^^^^^^^^^^^^^^
AttributeError: 'Member' object has no attribute 'timed_out_until'
Ignoring exception in on_member_update
Traceback (most recent call last):
  File "/usr/local/lib/python3.12/site-packages/discord/client.py", line 465, in _run_event
    await coro(*args, **kwargs)
  File "/app/asu_discord/cogs/analytics.py", line 652, in on_member_update
    before_timeout = before.timed_out_until
                     ^^^^^^^^^^^^^^^^^^^^^^
AttributeError: 'Member' object has no attribute 'timed_out_until'
Ignoring exception in on_member_update
Traceback (most recent call last):
  File "/usr/local/lib/python3.12/site-packages/discord/client.py", line 465, in _run_event
    await coro(*args, **kwargs)
  File "/app/asu_discord/cogs/analytics.py", line 652, in on_member_update
    before_timeout = before.timed_out_until
                     ^^^^^^^^^^^^^^^^^^^^^^
AttributeError: 'Member' object has no attribute 'timed_out_until'
ERROR:cron.jobs:refresh_salesforce_roles: failed for sfontane (Discord ID 1447844222769037406): Timed out refresh Salesforce-based roles
ERROR:cron.jobs:refresh_salesforce_roles: failed for gjagtap2 (Discord ID 718821068483198986): Failed to refresh Salesforce-based roles: Discord user 718821068483198986 is not a member of the guild
Ignoring exception in on_member_update
Traceback (most recent call last):
  File "/usr/local/lib/python3.12/site-packages/discord/client.py", line 465, in _run_event
    await coro(*args, **kwargs)
  File "/app/asu_discord/cogs/analytics.py", line 652, in on_member_update
    before_timeout = before.timed_out_until
                     ^^^^^^^^^^^^^^^^^^^^^^
AttributeError: 'Member' object has no attribute 'timed_out_until'
Ignoring exception in on_member_update
Traceback (most recent call last):
  File "/usr/local/lib/python3.12/site-packages/discord/client.py", line 465, in _run_event
    await coro(*args, **kwargs)
  File "/app/asu_discord/cogs/analytics.py", line 652, in on_member_update
    before_timeout = before.timed_out_until
                     ^^^^^^^^^^^^^^^^^^^^^^
AttributeError: 'Member' object has no attribute 'timed_out_until'
Ignoring exception in on_member_update
Traceback (most recent call last):
  File "/usr/local/lib/python3.12/site-packages/discord/client.py", line 465, in _run_event
    await coro(*args, **kwargs)
  File "/app/asu_discord/cogs/analytics.py", line 652, in on_member_update
    before_timeout = before.timed_out_until
                     ^^^^^^^^^^^^^^^^^^^^^^
AttributeError: 'Member' object has no attribute 'timed_out_until'
Ignoring exception in on_member_update
Traceback (most recent call last):
  File "/usr/local/lib/python3.12/site-packages/discord/client.py", line 465, in _run_event
    await coro(*args, **kwargs)
  File "/app/asu_discord/cogs/analytics.py", line 652, in on_member_update
    before_timeout = before.timed_out_until
                     ^^^^^^^^^^^^^^^^^^^^^^
AttributeError: 'Member' object has no attribute 'timed_out_until'
Ignoring exception in on_member_update
Traceback (most recent call last):
  File "/usr/local/lib/python3.12/site-packages/discord/client.py", line 465, in _run_event
    await coro(*args, **kwargs)
  File "/app/asu_discord/cogs/analytics.py", line 652, in on_member_update
    before_timeout = before.timed_out_until
                     ^^^^^^^^^^^^^^^^^^^^^^
AttributeError: 'Member' object has no attribute 'timed_out_until'
Ignoring exception in on_member_update
Traceback (most recent call last):
  File "/usr/local/lib/python3.12/site-packages/discord/client.py", line 465, in _run_event
    await coro(*args, **kwargs)
  File "/app/asu_discord/cogs/analytics.py", line 652, in on_member_update
    before_timeout = before.timed_out_until
                     ^^^^^^^^^^^^^^^^^^^^^^
AttributeError: 'Member' object has no attribute 'timed_out_until'
Ignoring exception in on_member_update
Traceback (most recent call last):
  File "/usr/local/lib/python3.12/site-packages/discord/client.py", line 465, in _run_event
    await coro(*args, **kwargs)
  File "/app/asu_discord/cogs/analytics.py", line 652, in on_member_update
    before_timeout = before.timed_out_until
                     ^^^^^^^^^^^^^^^^^^^^^^
AttributeError: 'Member' object has no attribute 'timed_out_until'
Ignoring exception in on_member_update
Traceback (most recent call last):
  File "/usr/local/lib/python3.12/site-packages/discord/client.py", line 465, in _run_event
    await coro(*args, **kwargs)
  File "/app/asu_discord/cogs/analytics.py", line 652, in on_member_update
    before_timeout = before.timed_out_until
                     ^^^^^^^^^^^^^^^^^^^^^^
AttributeError: 'Member' object has no attribute 'timed_out_until'
Ignoring exception in on_member_update
Traceback (most recent call last):
  File "/usr/local/lib/python3.12/site-packages/discord/client.py", line 465, in _run_event
    await coro(*args, **kwargs)
  File "/app/asu_discord/cogs/analytics.py", line 652, in on_member_update
    before_timeout = before.timed_out_until
                     ^^^^^^^^^^^^^^^^^^^^^^
AttributeError: 'Member' object has no attribute 'timed_out_until'
INFO:asu_discord.cogs.verification:Saved 5 roles to database for user muherna1 (Discord ID: 680623475261702168)
INFO:asu_discord.cogs.verification:Refreshed Salesforce roles for Discord user 680623475261702168: -4/+5 roles, assigned=[Arizona Resident, First Generation Student, First Year, Ira A. Fulton Schools of Engineering, Tempe]
ERROR:cron.jobs:refresh_salesforce_roles: failed for tcynndy (Discord ID 790805251099721768): Failed to refresh Salesforce-based roles: Discord user 790805251099721768 is not a member of the guild
ERROR:cron.jobs:refresh_salesforce_roles: failed for avaradh4 (Discord ID 1210304335334866994): Failed to refresh Salesforce-based roles: Discord user 1210304335334866994 is not a member of the guild
Ignoring exception in on_member_update
Traceback (most recent call last):
  File "/usr/local/lib/python3.12/site-packages/discord/client.py", line 465, in _run_event
    await coro(*args, **kwargs)
  File "/app/asu_discord/cogs/analytics.py", line 652, in on_member_update
    before_timeout = before.timed_out_until
                     ^^^^^^^^^^^^^^^^^^^^^^
AttributeError: 'Member' object has no attribute 'timed_out_until'
Ignoring exception in on_member_update
Traceback (most recent call last):
  File "/usr/local/lib/python3.12/site-packages/discord/client.py", line 465, in _run_event
    await coro(*args, **kwargs)
  File "/app/asu_discord/cogs/analytics.py", line 652, in on_member_update
    before_timeout = before.timed_out_until
                     ^^^^^^^^^^^^^^^^^^^^^^
AttributeError: 'Member' object has no attribute 'timed_out_until'
Ignoring exception in on_member_update
Traceback (most recent call last):
  File "/usr/local/lib/python3.12/site-packages/discord/client.py", line 465, in _run_event
    await coro(*args, **kwargs)
  File "/app/asu_discord/cogs/analytics.py", line 652, in on_member_update
    before_timeout = before.timed_out_until
                     ^^^^^^^^^^^^^^^^^^^^^^
AttributeError: 'Member' object has no attribute 'timed_out_until'
Ignoring exception in on_member_update
Traceback (most recent call last):
  File "/usr/local/lib/python3.12/site-packages/discord/client.py", line 465, in _run_event
    await coro(*args, **kwargs)
  File "/app/asu_discord/cogs/analytics.py", line 652, in on_member_update
    before_timeout = before.timed_out_until
                     ^^^^^^^^^^^^^^^^^^^^^^
AttributeError: 'Member' object has no attribute 'timed_out_until'
Ignoring exception in on_member_update
Traceback (most recent call last):
  File "/usr/local/lib/python3.12/site-packages/discord/client.py", line 465, in _run_event
    await coro(*args, **kwargs)
  File "/app/asu_discord/cogs/analytics.py", line 652, in on_member_update
    before_timeout = before.timed_out_until
                     ^^^^^^^^^^^^^^^^^^^^^^
AttributeError: 'Member' object has no attribute 'timed_out_until'
Ignoring exception in on_member_update
Traceback (most recent call last):
  File "/usr/local/lib/python3.12/site-packages/discord/client.py", line 465, in _run_event
    await coro(*args, **kwargs)
  File "/app/asu_discord/cogs/analytics.py", line 652, in on_member_update
    before_timeout = before.timed_out_until
                     ^^^^^^^^^^^^^^^^^^^^^^
AttributeError: 'Member' object has no attribute 'timed_out_until'
Ignoring exception in on_member_update
Traceback (most recent call last):
  File "/usr/local/lib/python3.12/site-packages/discord/client.py", line 465, in _run_event
    await coro(*args, **kwargs)
  File "/app/asu_discord/cogs/analytics.py", line 652, in on_member_update
    before_timeout = before.timed_out_until
                     ^^^^^^^^^^^^^^^^^^^^^^
AttributeError: 'Member' object has no attribute 'timed_out_until'
Ignoring exception in on_member_update
Traceback (most recent call last):
  File "/usr/local/lib/python3.12/site-packages/discord/client.py", line 465, in _run_event
    await coro(*args, **kwargs)
  File "/app/asu_discord/cogs/analytics.py", line 652, in on_member_update
    before_timeout = before.timed_out_until
                     ^^^^^^^^^^^^^^^^^^^^^^
AttributeError: 'Member' object has no attribute 'timed_out_until'
INFO:asu_discord.cogs.verification:Saved 4 roles to database for user awmolla (Discord ID: 629397158210174977)
INFO:asu_discord.cogs.verification:Refreshed Salesforce roles for Discord user 629397158210174977: -4/+4 roles, assigned=[First Year, International Student, Tempe, W.P. Carey School of Business]
ERROR:cron.jobs:refresh_salesforce_roles: failed for cpoehler (Discord ID 1105932197564792862): Failed to refresh Salesforce-based roles: Discord user 1105932197564792862 is not a member of the guild
Ignoring exception in on_member_update
Traceback (most recent call last):
  File "/usr/local/lib/python3.12/site-packages/discord/client.py", line 465, in _run_event
    await coro(*args, **kwargs)
  File "/app/asu_discord/cogs/analytics.py", line 652, in on_member_update
    before_timeout = before.timed_out_until
                     ^^^^^^^^^^^^^^^^^^^^^^
AttributeError: 'Member' object has no attribute 'timed_out_until'
Ignoring exception in on_member_update
Traceback (most recent call last):
  File "/usr/local/lib/python3.12/site-packages/discord/client.py", line 465, in _run_event
    await coro(*args, **kwargs)
  File "/app/asu_discord/cogs/analytics.py", line 652, in on_member_update
    before_timeout = before.timed_out_until
                     ^^^^^^^^^^^^^^^^^^^^^^
AttributeError: 'Member' object has no attribute 'timed_out_until'
Ignoring exception in on_member_update
Traceback (most recent call last):
  File "/usr/local/lib/python3.12/site-packages/discord/client.py", line 465, in _run_event
    await coro(*args, **kwargs)
  File "/app/asu_discord/cogs/analytics.py", line 652, in on_member_update
    before_timeout = before.timed_out_until
                     ^^^^^^^^^^^^^^^^^^^^^^
AttributeError: 'Member' object has no attribute 'timed_out_until'
Ignoring exception in on_member_update
Traceback (most recent call last):
  File "/usr/local/lib/python3.12/site-packages/discord/client.py", line 465, in _run_event
    await coro(*args, **kwargs)
  File "/app/asu_discord/cogs/analytics.py", line 652, in on_member_update
    before_timeout = before.timed_out_until
                     ^^^^^^^^^^^^^^^^^^^^^^
AttributeError: 'Member' object has no attribute 'timed_out_until'
Ignoring exception in on_member_update
Traceback (most recent call last):
  File "/usr/local/lib/python3.12/site-packages/discord/client.py", line 465, in _run_event
    await coro(*args, **kwargs)
  File "/app/asu_discord/cogs/analytics.py", line 652, in on_member_update
    before_timeout = before.timed_out_until
                     ^^^^^^^^^^^^^^^^^^^^^^
AttributeError: 'Member' object has no attribute 'timed_out_until'
Ignoring exception in on_member_update
Traceback (most recent call last):
  File "/usr/local/lib/python3.12/site-packages/discord/client.py", line 465, in _run_event
    await coro(*args, **kwargs)
  File "/app/asu_discord/cogs/analytics.py", line 652, in on_member_update
    before_timeout = before.timed_out_until
                     ^^^^^^^^^^^^^^^^^^^^^^
AttributeError: 'Member' object has no attribute 'timed_out_until'
Ignoring exception in on_member_update
Traceback (most recent call last):
  File "/usr/local/lib/python3.12/site-packages/discord/client.py", line 465, in _run_event
    await coro(*args, **kwargs)
  File "/app/asu_discord/cogs/analytics.py", line 652, in on_member_update
    before_timeout = before.timed_out_until
                     ^^^^^^^^^^^^^^^^^^^^^^
AttributeError: 'Member' object has no attribute 'timed_out_until'
Ignoring exception in on_member_update
Traceback (most recent call last):
  File "/usr/local/lib/python3.12/site-packages/discord/client.py", line 465, in _run_event
    await coro(*args, **kwargs)
  File "/app/asu_discord/cogs/analytics.py", line 652, in on_member_update
    before_timeout = before.timed_out_until
                     ^^^^^^^^^^^^^^^^^^^^^^
AttributeError: 'Member' object has no attribute 'timed_out_until'
INFO:asu_discord.cogs.verification:Saved 4 roles to database for user lkparke3 (Discord ID: 538562263699816466)
INFO:asu_discord.cogs.verification:Refreshed Salesforce roles for Discord user 538562263699816466: -4/+4 roles, assigned=[Arizona Resident, First Year, Ira A. Fulton Schools of Engineering, Tempe]
Ignoring exception in on_member_update
Traceback (most recent call last):
  File "/usr/local/lib/python3.12/site-packages/discord/client.py", line 465, in _run_event
    await coro(*args, **kwargs)
  File "/app/asu_discord/cogs/analytics.py", line 652, in on_member_update
    before_timeout = before.timed_out_until
                     ^^^^^^^^^^^^^^^^^^^^^^
AttributeError: 'Member' object has no attribute 'timed_out_until'
Ignoring exception in on_member_update
Traceback (most recent call last):
  File "/usr/local/lib/python3.12/site-packages/discord/client.py", line 465, in _run_event
    await coro(*args, **kwargs)
  File "/app/asu_discord/cogs/analytics.py", line 652, in on_member_update
    before_timeout = before.timed_out_until
                     ^^^^^^^^^^^^^^^^^^^^^^
AttributeError: 'Member' object has no attribute 'timed_out_until'
Ignoring exception in on_member_update
Traceback (most recent call last):
  File "/usr/local/lib/python3.12/site-packages/discord/client.py", line 465, in _run_event
    await coro(*args, **kwargs)
  File "/app/asu_discord/cogs/analytics.py", line 652, in on_member_update
    before_timeout = before.timed_out_until
                     ^^^^^^^^^^^^^^^^^^^^^^
AttributeError: 'Member' object has no attribute 'timed_out_until'
Ignoring exception in on_member_update
Traceback (most recent call last):
  File "/usr/local/lib/python3.12/site-packages/discord/client.py", line 465, in _run_event
    await coro(*args, **kwargs)
  File "/app/asu_discord/cogs/analytics.py", line 652, in on_member_update
    before_timeout = before.timed_out_until
                     ^^^^^^^^^^^^^^^^^^^^^^
AttributeError: 'Member' object has no attribute 'timed_out_until'
Ignoring exception in on_member_update
Traceback (most recent call last):
  File "/usr/local/lib/python3.12/site-packages/discord/client.py", line 465, in _run_event
    await coro(*args, **kwargs)
  File "/app/asu_discord/cogs/analytics.py", line 652, in on_member_update
    before_timeout = before.timed_out_until
                     ^^^^^^^^^^^^^^^^^^^^^^
AttributeError: 'Member' object has no attribute 'timed_out_until'
Ignoring exception in on_member_update
Traceback (most recent call last):
  File "/usr/local/lib/python3.12/site-packages/discord/client.py", line 465, in _run_event
    await coro(*args, **kwargs)
  File "/app/asu_discord/cogs/analytics.py", line 652, in on_member_update
    before_timeout = before.timed_out_until
                     ^^^^^^^^^^^^^^^^^^^^^^
AttributeError: 'Member' object has no attribute 'timed_out_until'
Ignoring exception in on_member_update
Traceback (most recent call last):
  File "/usr/local/lib/python3.12/site-packages/discord/client.py", line 465, in _run_event
    await coro(*args, **kwargs)
  File "/app/asu_discord/cogs/analytics.py", line 652, in on_member_update
    before_timeout = before.timed_out_until
                     ^^^^^^^^^^^^^^^^^^^^^^
AttributeError: 'Member' object has no attribute 'timed_out_until'
Ignoring exception in on_member_update
Traceback (most recent call last):
  File "/usr/local/lib/python3.12/site-packages/discord/client.py", line 465, in _run_event
    await coro(*args, **kwargs)
  File "/app/asu_discord/cogs/analytics.py", line 652, in on_member_update
    before_timeout = before.timed_out_until
                     ^^^^^^^^^^^^^^^^^^^^^^
AttributeError: 'Member' object has no attribute 'timed_out_until'
Ignoring exception in on_member_update
Traceback (most recent call last):
  File "/usr/local/lib/python3.12/site-packages/discord/client.py", line 465, in _run_event
    await coro(*args, **kwargs)
  File "/app/asu_discord/cogs/analytics.py", line 652, in on_member_update
    before_timeout = before.timed_out_until
                     ^^^^^^^^^^^^^^^^^^^^^^
AttributeError: 'Member' object has no attribute 'timed_out_until'
Ignoring exception in on_member_update
Traceback (most recent call last):
  File "/usr/local/lib/python3.12/site-packages/discord/client.py", line 465, in _run_event
    await coro(*args, **kwargs)
  File "/app/asu_discord/cogs/analytics.py", line 652, in on_member_update
    before_timeout = before.timed_out_until
                     ^^^^^^^^^^^^^^^^^^^^^^
AttributeError: 'Member' object has no attribute 'timed_out_until'
INFO:asu_discord.cogs.verification:Saved 5 roles to database for user muster1 (Discord ID: 1447979474196107431)
INFO:asu_discord.cogs.verification:Refreshed Salesforce roles for Discord user 1447979474196107431: -5/+5 roles, assigned=[Commited, First Year, International Student, Ira A. Fulton Schools of Engineering, Tempe]
Ignoring exception in on_member_update
Traceback (most recent call last):
  File "/usr/local/lib/python3.12/site-packages/discord/client.py", line 465, in _run_event
    await coro(*args, **kwargs)
  File "/app/asu_discord/cogs/analytics.py", line 652, in on_member_update
    before_timeout = before.timed_out_until
                     ^^^^^^^^^^^^^^^^^^^^^^
AttributeError: 'Member' object has no attribute 'timed_out_until'
Ignoring exception in on_member_update
Traceback (most recent call last):
  File "/usr/local/lib/python3.12/site-packages/discord/client.py", line 465, in _run_event
    await coro(*args, **kwargs)
  File "/app/asu_discord/cogs/analytics.py", line 652, in on_member_update
    before_timeout = before.timed_out_until
                     ^^^^^^^^^^^^^^^^^^^^^^
AttributeError: 'Member' object has no attribute 'timed_out_until'
Ignoring exception in on_member_update
Traceback (most recent call last):
  File "/usr/local/lib/python3.12/site-packages/discord/client.py", line 465, in _run_event
    await coro(*args, **kwargs)
  File "/app/asu_discord/cogs/analytics.py", line 652, in on_member_update
    before_timeout = before.timed_out_until
                     ^^^^^^^^^^^^^^^^^^^^^^
AttributeError: 'Member' object has no attribute 'timed_out_until'
Ignoring exception in on_member_update
Traceback (most recent call last):
  File "/usr/local/lib/python3.12/site-packages/discord/client.py", line 465, in _run_event
    await coro(*args, **kwargs)
  File "/app/asu_discord/cogs/analytics.py", line 652, in on_member_update
    before_timeout = before.timed_out_until
                     ^^^^^^^^^^^^^^^^^^^^^^
AttributeError: 'Member' object has no attribute 'timed_out_until'
Ignoring exception in on_member_update
Traceback (most recent call last):
  File "/usr/local/lib/python3.12/site-packages/discord/client.py", line 465, in _run_event
    await coro(*args, **kwargs)
  File "/app/asu_discord/cogs/analytics.py", line 652, in on_member_update
    before_timeout = before.timed_out_until
                     ^^^^^^^^^^^^^^^^^^^^^^
AttributeError: 'Member' object has no attribute 'timed_out_until'
Ignoring exception in on_member_update
Traceback (most recent call last):
  File "/usr/local/lib/python3.12/site-packages/discord/client.py", line 465, in _run_event
    await coro(*args, **kwargs)
  File "/app/asu_discord/cogs/analytics.py", line 652, in on_member_update
    before_timeout = before.timed_out_until
                     ^^^^^^^^^^^^^^^^^^^^^^
AttributeError: 'Member' object has no attribute 'timed_out_until'
Ignoring exception in on_member_update
Traceback (most recent call last):
  File "/usr/local/lib/python3.12/site-packages/discord/client.py", line 465, in _run_event
    await coro(*args, **kwargs)
  File "/app/asu_discord/cogs/analytics.py", line 652, in on_member_update
    before_timeout = before.timed_out_until
                     ^^^^^^^^^^^^^^^^^^^^^^
AttributeError: 'Member' object has no attribute 'timed_out_until'
Ignoring exception in on_member_update
Traceback (most recent call last):
  File "/usr/local/lib/python3.12/site-packages/discord/client.py", line 465, in _run_event
    await coro(*args, **kwargs)
  File "/app/asu_discord/cogs/analytics.py", line 652, in on_member_update
    before_timeout = before.timed_out_until
                     ^^^^^^^^^^^^^^^^^^^^^^
AttributeError: 'Member' object has no attribute 'timed_out_until'
Ignoring exception in on_member_update
Traceback (most recent call last):
  File "/usr/local/lib/python3.12/site-packages/discord/client.py", line 465, in _run_event
    await coro(*args, **kwargs)
  File "/app/asu_discord/cogs/analytics.py", line 652, in on_member_update
    before_timeout = before.timed_out_until
                     ^^^^^^^^^^^^^^^^^^^^^^
AttributeError: 'Member' object has no attribute 'timed_out_until'
Ignoring exception in on_member_update
Traceback (most recent call last):
  File "/usr/local/lib/python3.12/site-packages/discord/client.py", line 465, in _run_event
    await coro(*args, **kwargs)
  File "/app/asu_discord/cogs/analytics.py", line 652, in on_member_update
    before_timeout = before.timed_out_until
                     ^^^^^^^^^^^^^^^^^^^^^^
AttributeError: 'Member' object has no attribute 'timed_out_until'
INFO:asu_discord.cogs.verification:Saved 5 roles to database for user efondung (Discord ID: 515624262841663489)
INFO:asu_discord.cogs.verification:Refreshed Salesforce roles for Discord user 515624262841663489: -5/+5 roles, assigned=[Arizona Resident, Commited, First Year, Ira A. Fulton Schools of Engineering, Tempe]
ERROR:cron.jobs:refresh_salesforce_roles: failed for sboggar4 (Discord ID 1268298725990596618): Failed to refresh Salesforce-based roles: Discord user 1268298725990596618 is not a member of the guild
Ignoring exception in on_member_update
Traceback (most recent call last):
  File "/usr/local/lib/python3.12/site-packages/discord/client.py", line 465, in _run_event
    await coro(*args, **kwargs)
  File "/app/asu_discord/cogs/analytics.py", line 652, in on_member_update
    before_timeout = before.timed_out_until
                     ^^^^^^^^^^^^^^^^^^^^^^
AttributeError: 'Member' object has no attribute 'timed_out_until'
Ignoring exception in on_member_update
Traceback (most recent call last):
  File "/usr/local/lib/python3.12/site-packages/discord/client.py", line 465, in _run_event
    await coro(*args, **kwargs)
  File "/app/asu_discord/cogs/analytics.py", line 652, in on_member_update
    before_timeout = before.timed_out_until
                     ^^^^^^^^^^^^^^^^^^^^^^
AttributeError: 'Member' object has no attribute 'timed_out_until'
Ignoring exception in on_member_update
Traceback (most recent call last):
  File "/usr/local/lib/python3.12/site-packages/discord/client.py", line 465, in _run_event
    await coro(*args, **kwargs)
  File "/app/asu_discord/cogs/analytics.py", line 652, in on_member_update
    before_timeout = before.timed_out_until
                     ^^^^^^^^^^^^^^^^^^^^^^
AttributeError: 'Member' object has no attribute 'timed_out_until'
Ignoring exception in on_member_update
Traceback (most recent call last):
  File "/usr/local/lib/python3.12/site-packages/discord/client.py", line 465, in _run_event
    await coro(*args, **kwargs)
  File "/app/asu_discord/cogs/analytics.py", line 652, in on_member_update
    before_timeout = before.timed_out_until
                     ^^^^^^^^^^^^^^^^^^^^^^
AttributeError: 'Member' object has no attribute 'timed_out_until'
Ignoring exception in on_member_update
Traceback (most recent call last):
  File "/usr/local/lib/python3.12/site-packages/discord/client.py", line 465, in _run_event
    await coro(*args, **kwargs)
  File "/app/asu_discord/cogs/analytics.py", line 652, in on_member_update
    before_timeout = before.timed_out_until
                     ^^^^^^^^^^^^^^^^^^^^^^
AttributeError: 'Member' object has no attribute 'timed_out_until'
Ignoring exception in on_member_update
Traceback (most recent call last):
  File "/usr/local/lib/python3.12/site-packages/discord/client.py", line 465, in _run_event
    await coro(*args, **kwargs)
  File "/app/asu_discord/cogs/analytics.py", line 652, in on_member_update
    before_timeout = before.timed_out_until
                     ^^^^^^^^^^^^^^^^^^^^^^
AttributeError: 'Member' object has no attribute 'timed_out_until'
Ignoring exception in on_member_update
Traceback (most recent call last):
  File "/usr/local/lib/python3.12/site-packages/discord/client.py", line 465, in _run_event
    await coro(*args, **kwargs)
  File "/app/asu_discord/cogs/analytics.py", line 652, in on_member_update
    before_timeout = before.timed_out_until
                     ^^^^^^^^^^^^^^^^^^^^^^
AttributeError: 'Member' object has no attribute 'timed_out_until'
Ignoring exception in on_member_update
Traceback (most recent call last):
  File "/usr/local/lib/python3.12/site-packages/discord/client.py", line 465, in _run_event
    await coro(*args, **kwargs)
  File "/app/asu_discord/cogs/analytics.py", line 652, in on_member_update
    before_timeout = before.timed_out_until
                     ^^^^^^^^^^^^^^^^^^^^^^
AttributeError: 'Member' object has no attribute 'timed_out_until'
INFO:asu_discord.cogs.verification:Saved 4 roles to database for user nkek1 (Discord ID: 577852506110164993)
INFO:asu_discord.cogs.verification:Refreshed Salesforce roles for Discord user 577852506110164993: -4/+4 roles, assigned=[Arizona Resident, College of Liberal Arts and Sciences, Tempe, Transfer Student]
Ignoring exception in on_member_update
Traceback (most recent call last):
  File "/usr/local/lib/python3.12/site-packages/discord/client.py", line 465, in _run_event
    await coro(*args, **kwargs)
  File "/app/asu_discord/cogs/analytics.py", line 652, in on_member_update
    before_timeout = before.timed_out_until
                     ^^^^^^^^^^^^^^^^^^^^^^
AttributeError: 'Member' object has no attribute 'timed_out_until'
Ignoring exception in on_member_update
Traceback (most recent call last):
  File "/usr/local/lib/python3.12/site-packages/discord/client.py", line 465, in _run_event
    await coro(*args, **kwargs)
  File "/app/asu_discord/cogs/analytics.py", line 652, in on_member_update
    before_timeout = before.timed_out_until
                     ^^^^^^^^^^^^^^^^^^^^^^
AttributeError: 'Member' object has no attribute 'timed_out_until'
Ignoring exception in on_member_update
Traceback (most recent call last):
  File "/usr/local/lib/python3.12/site-packages/discord/client.py", line 465, in _run_event
    await coro(*args, **kwargs)
  File "/app/asu_discord/cogs/analytics.py", line 652, in on_member_update
    before_timeout = before.timed_out_until
                     ^^^^^^^^^^^^^^^^^^^^^^
AttributeError: 'Member' object has no attribute 'timed_out_until'
Ignoring exception in on_member_update
Traceback (most recent call last):
  File "/usr/local/lib/python3.12/site-packages/discord/client.py", line 465, in _run_event
    await coro(*args, **kwargs)
  File "/app/asu_discord/cogs/analytics.py", line 652, in on_member_update
    before_timeout = before.timed_out_until
                     ^^^^^^^^^^^^^^^^^^^^^^
AttributeError: 'Member' object has no attribute 'timed_out_until'
Ignoring exception in on_member_update
Traceback (most recent call last):
  File "/usr/local/lib/python3.12/site-packages/discord/client.py", line 465, in _run_event
    await coro(*args, **kwargs)
  File "/app/asu_discord/cogs/analytics.py", line 652, in on_member_update
    before_timeout = before.timed_out_until
                     ^^^^^^^^^^^^^^^^^^^^^^
AttributeError: 'Member' object has no attribute 'timed_out_until'
Ignoring exception in on_member_update
Traceback (most recent call last):
  File "/usr/local/lib/python3.12/site-packages/discord/client.py", line 465, in _run_event
    await coro(*args, **kwargs)
  File "/app/asu_discord/cogs/analytics.py", line 652, in on_member_update
    before_timeout = before.timed_out_until
                     ^^^^^^^^^^^^^^^^^^^^^^
AttributeError: 'Member' object has no attribute 'timed_out_until'
Ignoring exception in on_member_update
Traceback (most recent call last):
  File "/usr/local/lib/python3.12/site-packages/discord/client.py", line 465, in _run_event
    await coro(*args, **kwargs)
  File "/app/asu_discord/cogs/analytics.py", line 652, in on_member_update
    before_timeout = before.timed_out_until
                     ^^^^^^^^^^^^^^^^^^^^^^
AttributeError: 'Member' object has no attribute 'timed_out_until'
Ignoring exception in on_member_update
Traceback (most recent call last):
  File "/usr/local/lib/python3.12/site-packages/discord/client.py", line 465, in _run_event
    await coro(*args, **kwargs)
  File "/app/asu_discord/cogs/analytics.py", line 652, in on_member_update
    before_timeout = before.timed_out_until
                     ^^^^^^^^^^^^^^^^^^^^^^
AttributeError: 'Member' object has no attribute 'timed_out_until'
INFO:asu_discord.cogs.verification:Saved 4 roles to database for user cmcuevas (Discord ID: 1435841322098360441)
INFO:asu_discord.cogs.verification:Refreshed Salesforce roles for Discord user 1435841322098360441: -4/+4 roles, assigned=[Arizona Resident, Downtown Phoenix, First Year, New College of Interdisciplinary Arts and Sciences]
Ignoring exception in on_member_update
Traceback (most recent call last):
  File "/usr/local/lib/python3.12/site-packages/discord/client.py", line 465, in _run_event
    await coro(*args, **kwargs)
  File "/app/asu_discord/cogs/analytics.py", line 652, in on_member_update
    before_timeout = before.timed_out_until
                     ^^^^^^^^^^^^^^^^^^^^^^
AttributeError: 'Member' object has no attribute 'timed_out_until'
Ignoring exception in on_member_update
Traceback (most recent call last):
  File "/usr/local/lib/python3.12/site-packages/discord/client.py", line 465, in _run_event
    await coro(*args, **kwargs)
  File "/app/asu_discord/cogs/analytics.py", line 652, in on_member_update
    before_timeout = before.timed_out_until
                     ^^^^^^^^^^^^^^^^^^^^^^
AttributeError: 'Member' object has no attribute 'timed_out_until'
Ignoring exception in on_member_update
Traceback (most recent call last):
  File "/usr/local/lib/python3.12/site-packages/discord/client.py", line 465, in _run_event
    await coro(*args, **kwargs)
  File "/app/asu_discord/cogs/analytics.py", line 652, in on_member_update
    before_timeout = before.timed_out_until
                     ^^^^^^^^^^^^^^^^^^^^^^
AttributeError: 'Member' object has no attribute 'timed_out_until'
Ignoring exception in on_member_update
Traceback (most recent call last):
  File "/usr/local/lib/python3.12/site-packages/discord/client.py", line 465, in _run_event
    await coro(*args, **kwargs)
  File "/app/asu_discord/cogs/analytics.py", line 652, in on_member_update
    before_timeout = before.timed_out_until
                     ^^^^^^^^^^^^^^^^^^^^^^
AttributeError: 'Member' object has no attribute 'timed_out_until'
Ignoring exception in on_member_update
Traceback (most recent call last):
  File "/usr/local/lib/python3.12/site-packages/discord/client.py", line 465, in _run_event
    await coro(*args, **kwargs)
  File "/app/asu_discord/cogs/analytics.py", line 652, in on_member_update
    before_timeout = before.timed_out_until
                     ^^^^^^^^^^^^^^^^^^^^^^
AttributeError: 'Member' object has no attribute 'timed_out_until'
Ignoring exception in on_member_update
Traceback (most recent call last):
  File "/usr/local/lib/python3.12/site-packages/discord/client.py", line 465, in _run_event
    await coro(*args, **kwargs)
  File "/app/asu_discord/cogs/analytics.py", line 652, in on_member_update
    before_timeout = before.timed_out_until
                     ^^^^^^^^^^^^^^^^^^^^^^
AttributeError: 'Member' object has no attribute 'timed_out_until'
Ignoring exception in on_member_update
Traceback (most recent call last):
  File "/usr/local/lib/python3.12/site-packages/discord/client.py", line 465, in _run_event
    await coro(*args, **kwargs)
  File "/app/asu_discord/cogs/analytics.py", line 652, in on_member_update
    before_timeout = before.timed_out_until
                     ^^^^^^^^^^^^^^^^^^^^^^
AttributeError: 'Member' object has no attribute 'timed_out_until'
Ignoring exception in on_member_update
Traceback (most recent call last):
  File "/usr/local/lib/python3.12/site-packages/discord/client.py", line 465, in _run_event
    await coro(*args, **kwargs)
  File "/app/asu_discord/cogs/analytics.py", line 652, in on_member_update
    before_timeout = before.timed_out_until
                     ^^^^^^^^^^^^^^^^^^^^^^
AttributeError: 'Member' object has no attribute 'timed_out_until'
Ignoring exception in on_member_update
Traceback (most recent call last):
  File "/usr/local/lib/python3.12/site-packages/discord/client.py", line 465, in _run_event
    await coro(*args, **kwargs)
  File "/app/asu_discord/cogs/analytics.py", line 652, in on_member_update
    before_timeout = before.timed_out_until
                     ^^^^^^^^^^^^^^^^^^^^^^
AttributeError: 'Member' object has no attribute 'timed_out_until'
Ignoring exception in on_member_update
Traceback (most recent call last):
  File "/usr/local/lib/python3.12/site-packages/discord/client.py", line 465, in _run_event
    await coro(*args, **kwargs)
  File "/app/asu_discord/cogs/analytics.py", line 652, in on_member_update
    before_timeout = before.timed_out_until
                     ^^^^^^^^^^^^^^^^^^^^^^
AttributeError: 'Member' object has no attribute 'timed_out_until'
INFO:asu_discord.cogs.verification:Saved 5 roles to database for user lnhowar2 (Discord ID: 1003124641218441266)
INFO:asu_discord.cogs.verification:Refreshed Salesforce roles for Discord user 1003124641218441266: -5/+5 roles, assigned=[Arizona Resident, First Generation Student, First Year, Ira A. Fulton Schools of Engineering, Tempe]
Ignoring exception in on_member_update
Traceback (most recent call last):
  File "/usr/local/lib/python3.12/site-packages/discord/client.py", line 465, in _run_event
    await coro(*args, **kwargs)
  File "/app/asu_discord/cogs/analytics.py", line 652, in on_member_update
    before_timeout = before.timed_out_until
                     ^^^^^^^^^^^^^^^^^^^^^^
AttributeError: 'Member' object has no attribute 'timed_out_until'
Ignoring exception in on_member_update
Traceback (most recent call last):
  File "/usr/local/lib/python3.12/site-packages/discord/client.py", line 465, in _run_event
    await coro(*args, **kwargs)
  File "/app/asu_discord/cogs/analytics.py", line 652, in on_member_update
    before_timeout = before.timed_out_until
                     ^^^^^^^^^^^^^^^^^^^^^^
AttributeError: 'Member' object has no attribute 'timed_out_until'
Ignoring exception in on_member_update
Traceback (most recent call last):
  File "/usr/local/lib/python3.12/site-packages/discord/client.py", line 465, in _run_event
    await coro(*args, **kwargs)
  File "/app/asu_discord/cogs/analytics.py", line 652, in on_member_update
    before_timeout = before.timed_out_until
                     ^^^^^^^^^^^^^^^^^^^^^^
AttributeError: 'Member' object has no attribute 'timed_out_until'
Ignoring exception in on_member_update
Traceback (most recent call last):
  File "/usr/local/lib/python3.12/site-packages/discord/client.py", line 465, in _run_event
    await coro(*args, **kwargs)
  File "/app/asu_discord/cogs/analytics.py", line 652, in on_member_update
    before_timeout = before.timed_out_until
                     ^^^^^^^^^^^^^^^^^^^^^^
AttributeError: 'Member' object has no attribute 'timed_out_until'
Ignoring exception in on_member_update
Traceback (most recent call last):
  File "/usr/local/lib/python3.12/site-packages/discord/client.py", line 465, in _run_event
    await coro(*args, **kwargs)
  File "/app/asu_discord/cogs/analytics.py", line 652, in on_member_update
    before_timeout = before.timed_out_until
                     ^^^^^^^^^^^^^^^^^^^^^^
AttributeError: 'Member' object has no attribute 'timed_out_until'
Ignoring exception in on_member_update
Traceback (most recent call last):
  File "/usr/local/lib/python3.12/site-packages/discord/client.py", line 465, in _run_event
    await coro(*args, **kwargs)
  File "/app/asu_discord/cogs/analytics.py", line 652, in on_member_update
    before_timeout = before.timed_out_until
                     ^^^^^^^^^^^^^^^^^^^^^^
AttributeError: 'Member' object has no attribute 'timed_out_until'
Ignoring exception in on_member_update
Traceback (most recent call last):
  File "/usr/local/lib/python3.12/site-packages/discord/client.py", line 465, in _run_event
    await coro(*args, **kwargs)
  File "/app/asu_discord/cogs/analytics.py", line 652, in on_member_update
    before_timeout = before.timed_out_until
                     ^^^^^^^^^^^^^^^^^^^^^^
AttributeError: 'Member' object has no attribute 'timed_out_until'
Ignoring exception in on_member_update
Traceback (most recent call last):
  File "/usr/local/lib/python3.12/site-packages/discord/client.py", line 465, in _run_event
    await coro(*args, **kwargs)
  File "/app/asu_discord/cogs/analytics.py", line 652, in on_member_update
    before_timeout = before.timed_out_until
                     ^^^^^^^^^^^^^^^^^^^^^^
AttributeError: 'Member' object has no attribute 'timed_out_until'
INFO:asu_discord.cogs.verification:Saved 4 roles to database for user cgoulet2 (Discord ID: 538788669276815360)
INFO:asu_discord.cogs.verification:Refreshed Salesforce roles for Discord user 538788669276815360: -4/+4 roles, assigned=[Edson College of Nursing and Health Innovation, First Year, Out of State, Tempe]
Ignoring exception in on_member_update
Traceback (most recent call last):
  File "/usr/local/lib/python3.12/site-packages/discord/client.py", line 465, in _run_event
    await coro(*args, **kwargs)
  File "/app/asu_discord/cogs/analytics.py", line 652, in on_member_update
    before_timeout = before.timed_out_until
                     ^^^^^^^^^^^^^^^^^^^^^^
AttributeError: 'Member' object has no attribute 'timed_out_until'
Ignoring exception in on_member_update
Traceback (most recent call last):
  File "/usr/local/lib/python3.12/site-packages/discord/client.py", line 465, in _run_event
    await coro(*args, **kwargs)
  File "/app/asu_discord/cogs/analytics.py", line 652, in on_member_update
    before_timeout = before.timed_out_until
                     ^^^^^^^^^^^^^^^^^^^^^^
AttributeError: 'Member' object has no attribute 'timed_out_until'
Ignoring exception in on_member_update
Traceback (most recent call last):
  File "/usr/local/lib/python3.12/site-packages/discord/client.py", line 465, in _run_event
    await coro(*args, **kwargs)
  File "/app/asu_discord/cogs/analytics.py", line 652, in on_member_update
    before_timeout = before.timed_out_until
                     ^^^^^^^^^^^^^^^^^^^^^^
AttributeError: 'Member' object has no attribute 'timed_out_until'
Ignoring exception in on_member_update
Traceback (most recent call last):
  File "/usr/local/lib/python3.12/site-packages/discord/client.py", line 465, in _run_event
    await coro(*args, **kwargs)
  File "/app/asu_discord/cogs/analytics.py", line 652, in on_member_update
    before_timeout = before.timed_out_until
                     ^^^^^^^^^^^^^^^^^^^^^^
AttributeError: 'Member' object has no attribute 'timed_out_until'
Ignoring exception in on_member_update
Traceback (most recent call last):
  File "/usr/local/lib/python3.12/site-packages/discord/client.py", line 465, in _run_event
    await coro(*args, **kwargs)
  File "/app/asu_discord/cogs/analytics.py", line 652, in on_member_update
    before_timeout = before.timed_out_until
                     ^^^^^^^^^^^^^^^^^^^^^^
AttributeError: 'Member' object has no attribute 'timed_out_until'
Ignoring exception in on_member_update
Traceback (most recent call last):
  File "/usr/local/lib/python3.12/site-packages/discord/client.py", line 465, in _run_event
    await coro(*args, **kwargs)
  File "/app/asu_discord/cogs/analytics.py", line 652, in on_member_update
    before_timeout = before.timed_out_until
                     ^^^^^^^^^^^^^^^^^^^^^^
AttributeError: 'Member' object has no attribute 'timed_out_until'
Ignoring exception in on_member_update
Traceback (most recent call last):
  File "/usr/local/lib/python3.12/site-packages/discord/client.py", line 465, in _run_event
    await coro(*args, **kwargs)
  File "/app/asu_discord/cogs/analytics.py", line 652, in on_member_update
    before_timeout = before.timed_out_until
                     ^^^^^^^^^^^^^^^^^^^^^^
AttributeError: 'Member' object has no attribute 'timed_out_until'
Ignoring exception in on_member_update
Traceback (most recent call last):
  File "/usr/local/lib/python3.12/site-packages/discord/client.py", line 465, in _run_event
    await coro(*args, **kwargs)
  File "/app/asu_discord/cogs/analytics.py", line 652, in on_member_update
    before_timeout = before.timed_out_until
                     ^^^^^^^^^^^^^^^^^^^^^^
AttributeError: 'Member' object has no attribute 'timed_out_until'
Ignoring exception in on_member_update
Traceback (most recent call last):
  File "/usr/local/lib/python3.12/site-packages/discord/client.py", line 465, in _run_event
    await coro(*args, **kwargs)
  File "/app/asu_discord/cogs/analytics.py", line 652, in on_member_update
    before_timeout = before.timed_out_until
                     ^^^^^^^^^^^^^^^^^^^^^^
AttributeError: 'Member' object has no attribute 'timed_out_until'
Ignoring exception in on_member_update
Traceback (most recent call last):
  File "/usr/local/lib/python3.12/site-packages/discord/client.py", line 465, in _run_event
    await coro(*args, **kwargs)
  File "/app/asu_discord/cogs/analytics.py", line 652, in on_member_update
    before_timeout = before.timed_out_until
                     ^^^^^^^^^^^^^^^^^^^^^^
AttributeError: 'Member' object has no attribute 'timed_out_until'
INFO:asu_discord.cogs.verification:Saved 5 roles to database for user jdokousi (Discord ID: 930943277912440942)
INFO:asu_discord.cogs.verification:Refreshed Salesforce roles for Discord user 930943277912440942: -5/+5 roles, assigned=[Arizona Resident, College of Health Solutions, Commited, First Year, West Valley]
Ignoring exception in on_member_update
Traceback (most recent call last):
  File "/usr/local/lib/python3.12/site-packages/discord/client.py", line 465, in _run_event
    await coro(*args, **kwargs)
  File "/app/asu_discord/cogs/analytics.py", line 652, in on_member_update
    before_timeout = before.timed_out_until
                     ^^^^^^^^^^^^^^^^^^^^^^
AttributeError: 'Member' object has no attribute 'timed_out_until'
Ignoring exception in on_member_update
Traceback (most recent call last):
  File "/usr/local/lib/python3.12/site-packages/discord/client.py", line 465, in _run_event
    await coro(*args, **kwargs)
  File "/app/asu_discord/cogs/analytics.py", line 652, in on_member_update
    before_timeout = before.timed_out_until
                     ^^^^^^^^^^^^^^^^^^^^^^
AttributeError: 'Member' object has no attribute 'timed_out_until'
Ignoring exception in on_member_update
Traceback (most recent call last):
  File "/usr/local/lib/python3.12/site-packages/discord/client.py", line 465, in _run_event
    await coro(*args, **kwargs)
  File "/app/asu_discord/cogs/analytics.py", line 652, in on_member_update
    before_timeout = before.timed_out_until
                     ^^^^^^^^^^^^^^^^^^^^^^
AttributeError: 'Member' object has no attribute 'timed_out_until'
Ignoring exception in on_member_update
Traceback (most recent call last):
  File "/usr/local/lib/python3.12/site-packages/discord/client.py", line 465, in _run_event
    await coro(*args, **kwargs)
  File "/app/asu_discord/cogs/analytics.py", line 652, in on_member_update
    before_timeout = before.timed_out_until
                     ^^^^^^^^^^^^^^^^^^^^^^
AttributeError: 'Member' object has no attribute 'timed_out_until'
Ignoring exception in on_member_update
Traceback (most recent call last):
  File "/usr/local/lib/python3.12/site-packages/discord/client.py", line 465, in _run_event
    await coro(*args, **kwargs)
  File "/app/asu_discord/cogs/analytics.py", line 652, in on_member_update
    before_timeout = before.timed_out_until
                     ^^^^^^^^^^^^^^^^^^^^^^
AttributeError: 'Member' object has no attribute 'timed_out_until'
Ignoring exception in on_member_update
Traceback (most recent call last):
  File "/usr/local/lib/python3.12/site-packages/discord/client.py", line 465, in _run_event
    await coro(*args, **kwargs)
  File "/app/asu_discord/cogs/analytics.py", line 652, in on_member_update
    before_timeout = before.timed_out_until
                     ^^^^^^^^^^^^^^^^^^^^^^
AttributeError: 'Member' object has no attribute 'timed_out_until'
Ignoring exception in on_member_update
Traceback (most recent call last):
  File "/usr/local/lib/python3.12/site-packages/discord/client.py", line 465, in _run_event
    await coro(*args, **kwargs)
  File "/app/asu_discord/cogs/analytics.py", line 652, in on_member_update
    before_timeout = before.timed_out_until
                     ^^^^^^^^^^^^^^^^^^^^^^
AttributeError: 'Member' object has no attribute 'timed_out_until'
Ignoring exception in on_member_update
Traceback (most recent call last):
  File "/usr/local/lib/python3.12/site-packages/discord/client.py", line 465, in _run_event
    await coro(*args, **kwargs)
  File "/app/asu_discord/cogs/analytics.py", line 652, in on_member_update
    before_timeout = before.timed_out_until
                     ^^^^^^^^^^^^^^^^^^^^^^
AttributeError: 'Member' object has no attribute 'timed_out_until'
Ignoring exception in on_member_update
Traceback (most recent call last):
  File "/usr/local/lib/python3.12/site-packages/discord/client.py", line 465, in _run_event
    await coro(*args, **kwargs)
  File "/app/asu_discord/cogs/analytics.py", line 652, in on_member_update
    before_timeout = before.timed_out_until
                     ^^^^^^^^^^^^^^^^^^^^^^
AttributeError: 'Member' object has no attribute 'timed_out_until'
Ignoring exception in on_member_update
Traceback (most recent call last):
  File "/usr/local/lib/python3.12/site-packages/discord/client.py", line 465, in _run_event
    await coro(*args, **kwargs)
  File "/app/asu_discord/cogs/analytics.py", line 652, in on_member_update
    before_timeout = before.timed_out_until
                     ^^^^^^^^^^^^^^^^^^^^^^
AttributeError: 'Member' object has no attribute 'timed_out_until'
INFO:asu_discord.cogs.verification:Saved 7 roles to database for user dmmustaf (Discord ID: 960319071801466920)
INFO:asu_discord.cogs.verification:Refreshed Salesforce roles for Discord user 960319071801466920: -3/+7 roles, assigned=[Arizona Resident, Commited, First Generation Student, Herberger Institute for Design and the Arts, Tempe, Transfer Student, Upperclassmen]
ERROR:cron.jobs:refresh_salesforce_roles: failed for vckulkar (Discord ID 1112178458060140554): Failed to refresh Salesforce-based roles: Discord user 1112178458060140554 is not a member of the guild
Ignoring exception in on_member_update
Traceback (most recent call last):
  File "/usr/local/lib/python3.12/site-packages/discord/client.py", line 465, in _run_event
    await coro(*args, **kwargs)
  File "/app/asu_discord/cogs/analytics.py", line 652, in on_member_update
    before_timeout = before.timed_out_until
                     ^^^^^^^^^^^^^^^^^^^^^^
AttributeError: 'Member' object has no attribute 'timed_out_until'
Ignoring exception in on_member_update
Traceback (most recent call last):
  File "/usr/local/lib/python3.12/site-packages/discord/client.py", line 465, in _run_event
    await coro(*args, **kwargs)
  File "/app/asu_discord/cogs/analytics.py", line 652, in on_member_update
    before_timeout = before.timed_out_until
                     ^^^^^^^^^^^^^^^^^^^^^^
AttributeError: 'Member' object has no attribute 'timed_out_until'
Ignoring exception in on_member_update
Traceback (most recent call last):
  File "/usr/local/lib/python3.12/site-packages/discord/client.py", line 465, in _run_event
    await coro(*args, **kwargs)
  File "/app/asu_discord/cogs/analytics.py", line 652, in on_member_update
    before_timeout = before.timed_out_until
                     ^^^^^^^^^^^^^^^^^^^^^^
AttributeError: 'Member' object has no attribute 'timed_out_until'
Ignoring exception in on_member_update
Traceback (most recent call last):
  File "/usr/local/lib/python3.12/site-packages/discord/client.py", line 465, in _run_event
    await coro(*args, **kwargs)
  File "/app/asu_discord/cogs/analytics.py", line 652, in on_member_update
    before_timeout = before.timed_out_until
                     ^^^^^^^^^^^^^^^^^^^^^^
AttributeError: 'Member' object has no attribute 'timed_out_until'
Ignoring exception in on_member_update
Traceback (most recent call last):
  File "/usr/local/lib/python3.12/site-packages/discord/client.py", line 465, in _run_event
    await coro(*args, **kwargs)
  File "/app/asu_discord/cogs/analytics.py", line 652, in on_member_update
    before_timeout = before.timed_out_until
                     ^^^^^^^^^^^^^^^^^^^^^^
AttributeError: 'Member' object has no attribute 'timed_out_until'
Ignoring exception in on_member_update
Traceback (most recent call last):
  File "/usr/local/lib/python3.12/site-packages/discord/client.py", line 465, in _run_event
    await coro(*args, **kwargs)
  File "/app/asu_discord/cogs/analytics.py", line 652, in on_member_update
    before_timeout = before.timed_out_until
                     ^^^^^^^^^^^^^^^^^^^^^^
AttributeError: 'Member' object has no attribute 'timed_out_until'
Ignoring exception in on_member_update
Traceback (most recent call last):
  File "/usr/local/lib/python3.12/site-packages/discord/client.py", line 465, in _run_event
    await coro(*args, **kwargs)
  File "/app/asu_discord/cogs/analytics.py", line 652, in on_member_update
    before_timeout = before.timed_out_until
                     ^^^^^^^^^^^^^^^^^^^^^^
AttributeError: 'Member' object has no attribute 'timed_out_until'
Ignoring exception in on_member_update
Traceback (most recent call last):
  File "/usr/local/lib/python3.12/site-packages/discord/client.py", line 465, in _run_event
    await coro(*args, **kwargs)
  File "/app/asu_discord/cogs/analytics.py", line 652, in on_member_update
    before_timeout = before.timed_out_until
                     ^^^^^^^^^^^^^^^^^^^^^^
AttributeError: 'Member' object has no attribute 'timed_out_until'
Ignoring exception in on_member_update
Traceback (most recent call last):
  File "/usr/local/lib/python3.12/site-packages/discord/client.py", line 465, in _run_event
    await coro(*args, **kwargs)
  File "/app/asu_discord/cogs/analytics.py", line 652, in on_member_update
    before_timeout = before.timed_out_until
                     ^^^^^^^^^^^^^^^^^^^^^^
AttributeError: 'Member' object has no attribute 'timed_out_until'
Ignoring exception in on_member_update
Traceback (most recent call last):
  File "/usr/local/lib/python3.12/site-packages/discord/client.py", line 465, in _run_event
    await coro(*args, **kwargs)
  File "/app/asu_discord/cogs/analytics.py", line 652, in on_member_update
    before_timeout = before.timed_out_until
                     ^^^^^^^^^^^^^^^^^^^^^^
AttributeError: 'Member' object has no attribute 'timed_out_until'
INFO:asu_discord.cogs.verification:Saved 5 roles to database for user jtorr287 (Discord ID: 744376871998718094)
INFO:asu_discord.cogs.verification:Refreshed Salesforce roles for Discord user 744376871998718094: -5/+5 roles, assigned=[Arizona Resident, First Generation Student, First Year, Ira A. Fulton Schools of Engineering, Tempe]
Ignoring exception in on_member_update
Traceback (most recent call last):
  File "/usr/local/lib/python3.12/site-packages/discord/client.py", line 465, in _run_event
    await coro(*args, **kwargs)
  File "/app/asu_discord/cogs/analytics.py", line 652, in on_member_update
    before_timeout = before.timed_out_until
                     ^^^^^^^^^^^^^^^^^^^^^^
AttributeError: 'Member' object has no attribute 'timed_out_until'
Ignoring exception in on_member_update
Traceback (most recent call last):
  File "/usr/local/lib/python3.12/site-packages/discord/client.py", line 465, in _run_event
    await coro(*args, **kwargs)
  File "/app/asu_discord/cogs/analytics.py", line 652, in on_member_update
    before_timeout = before.timed_out_until
                     ^^^^^^^^^^^^^^^^^^^^^^
AttributeError: 'Member' object has no attribute 'timed_out_until'
Ignoring exception in on_member_update
Traceback (most recent call last):
  File "/usr/local/lib/python3.12/site-packages/discord/client.py", line 465, in _run_event
    await coro(*args, **kwargs)
  File "/app/asu_discord/cogs/analytics.py", line 652, in on_member_update
    before_timeout = before.timed_out_until
                     ^^^^^^^^^^^^^^^^^^^^^^
AttributeError: 'Member' object has no attribute 'timed_out_until'
Ignoring exception in on_member_update
Traceback (most recent call last):
  File "/usr/local/lib/python3.12/site-packages/discord/client.py", line 465, in _run_event
    await coro(*args, **kwargs)
  File "/app/asu_discord/cogs/analytics.py", line 652, in on_member_update
    before_timeout = before.timed_out_until
                     ^^^^^^^^^^^^^^^^^^^^^^
AttributeError: 'Member' object has no attribute 'timed_out_until'
Ignoring exception in on_member_update
Traceback (most recent call last):
  File "/usr/local/lib/python3.12/site-packages/discord/client.py", line 465, in _run_event
    await coro(*args, **kwargs)
  File "/app/asu_discord/cogs/analytics.py", line 652, in on_member_update
    before_timeout = before.timed_out_until
                     ^^^^^^^^^^^^^^^^^^^^^^
AttributeError: 'Member' object has no attribute 'timed_out_until'
Ignoring exception in on_member_update
Traceback (most recent call last):
  File "/usr/local/lib/python3.12/site-packages/discord/client.py", line 465, in _run_event
    await coro(*args, **kwargs)
  File "/app/asu_discord/cogs/analytics.py", line 652, in on_member_update
    before_timeout = before.timed_out_until
                     ^^^^^^^^^^^^^^^^^^^^^^
AttributeError: 'Member' object has no attribute 'timed_out_until'
Ignoring exception in on_member_update
Traceback (most recent call last):
  File "/usr/local/lib/python3.12/site-packages/discord/client.py", line 465, in _run_event
    await coro(*args, **kwargs)
  File "/app/asu_discord/cogs/analytics.py", line 652, in on_member_update
    before_timeout = before.timed_out_until
                     ^^^^^^^^^^^^^^^^^^^^^^
AttributeError: 'Member' object has no attribute 'timed_out_until'
Ignoring exception in on_member_update
Traceback (most recent call last):
  File "/usr/local/lib/python3.12/site-packages/discord/client.py", line 465, in _run_event
    await coro(*args, **kwargs)
  File "/app/asu_discord/cogs/analytics.py", line 652, in on_member_update
    before_timeout = before.timed_out_until
                     ^^^^^^^^^^^^^^^^^^^^^^
AttributeError: 'Member' object has no attribute 'timed_out_until'
Ignoring exception in on_member_update
Traceback (most recent call last):
  File "/usr/local/lib/python3.12/site-packages/discord/client.py", line 465, in _run_event
    await coro(*args, **kwargs)
  File "/app/asu_discord/cogs/analytics.py", line 652, in on_member_update
    before_timeout = before.timed_out_until
                     ^^^^^^^^^^^^^^^^^^^^^^
AttributeError: 'Member' object has no attribute 'timed_out_until'
Ignoring exception in on_member_update
Traceback (most recent call last):
  File "/usr/local/lib/python3.12/site-packages/discord/client.py", line 465, in _run_event
    await coro(*args, **kwargs)
  File "/app/asu_discord/cogs/analytics.py", line 652, in on_member_update
    before_timeout = before.timed_out_until
                     ^^^^^^^^^^^^^^^^^^^^^^
AttributeError: 'Member' object has no attribute 'timed_out_until'
INFO:asu_discord.cogs.verification:Saved 5 roles to database for user mkarekah (Discord ID: 1448208564081659988)
INFO:asu_discord.cogs.verification:Refreshed Salesforce roles for Discord user 1448208564081659988: -5/+5 roles, assigned=[Commited, First Year, International Student, Ira A. Fulton Schools of Engineering, Polytechnic]
ERROR:cron.jobs:refresh_salesforce_roles: failed for dvenka21 (Discord ID 1447814527369482344): Failed to refresh Salesforce-based roles: Discord user 1447814527369482344 is not a member of the guild
Ignoring exception in on_member_update
Traceback (most recent call last):
  File "/usr/local/lib/python3.12/site-packages/discord/client.py", line 465, in _run_event
    await coro(*args, **kwargs)
  File "/app/asu_discord/cogs/analytics.py", line 652, in on_member_update
    before_timeout = before.timed_out_until
                     ^^^^^^^^^^^^^^^^^^^^^^
AttributeError: 'Member' object has no attribute 'timed_out_until'
Ignoring exception in on_member_update
Traceback (most recent call last):
  File "/usr/local/lib/python3.12/site-packages/discord/client.py", line 465, in _run_event
    await coro(*args, **kwargs)
  File "/app/asu_discord/cogs/analytics.py", line 652, in on_member_update
    before_timeout = before.timed_out_until
                     ^^^^^^^^^^^^^^^^^^^^^^
AttributeError: 'Member' object has no attribute 'timed_out_until'
INFO:asu_discord.cogs.verification:Saved 1 roles to database for user lsphifer (Discord ID: 817458826260905994)
INFO:asu_discord.cogs.verification:Refreshed Salesforce roles for Discord user 817458826260905994: -1/+1 roles, assigned=[Out of State]
Ignoring exception in on_member_update
Traceback (most recent call last):
  File "/usr/local/lib/python3.12/site-packages/discord/client.py", line 465, in _run_event
    await coro(*args, **kwargs)
  File "/app/asu_discord/cogs/analytics.py", line 652, in on_member_update
    before_timeout = before.timed_out_until
                     ^^^^^^^^^^^^^^^^^^^^^^
AttributeError: 'Member' object has no attribute 'timed_out_until'
Ignoring exception in on_member_update
Traceback (most recent call last):
  File "/usr/local/lib/python3.12/site-packages/discord/client.py", line 465, in _run_event
    await coro(*args, **kwargs)
  File "/app/asu_discord/cogs/analytics.py", line 652, in on_member_update
    before_timeout = before.timed_out_until
                     ^^^^^^^^^^^^^^^^^^^^^^
AttributeError: 'Member' object has no attribute 'timed_out_until'
Ignoring exception in on_member_update
Traceback (most recent call last):
  File "/usr/local/lib/python3.12/site-packages/discord/client.py", line 465, in _run_event
    await coro(*args, **kwargs)
  File "/app/asu_discord/cogs/analytics.py", line 652, in on_member_update
    before_timeout = before.timed_out_until
                     ^^^^^^^^^^^^^^^^^^^^^^
AttributeError: 'Member' object has no attribute 'timed_out_until'
Ignoring exception in on_member_update
Traceback (most recent call last):
  File "/usr/local/lib/python3.12/site-packages/discord/client.py", line 465, in _run_event
    await coro(*args, **kwargs)
  File "/app/asu_discord/cogs/analytics.py", line 652, in on_member_update
    before_timeout = before.timed_out_until
                     ^^^^^^^^^^^^^^^^^^^^^^
AttributeError: 'Member' object has no attribute 'timed_out_until'
Ignoring exception in on_member_update
Traceback (most recent call last):
  File "/usr/local/lib/python3.12/site-packages/discord/client.py", line 465, in _run_event
    await coro(*args, **kwargs)
  File "/app/asu_discord/cogs/analytics.py", line 652, in on_member_update
    before_timeout = before.timed_out_until
                     ^^^^^^^^^^^^^^^^^^^^^^
AttributeError: 'Member' object has no attribute 'timed_out_until'
Ignoring exception in on_member_update
Traceback (most recent call last):
  File "/usr/local/lib/python3.12/site-packages/discord/client.py", line 465, in _run_event
    await coro(*args, **kwargs)
  File "/app/asu_discord/cogs/analytics.py", line 652, in on_member_update
    before_timeout = before.timed_out_until
                     ^^^^^^^^^^^^^^^^^^^^^^
AttributeError: 'Member' object has no attribute 'timed_out_until'
Ignoring exception in on_member_update
Traceback (most recent call last):
  File "/usr/local/lib/python3.12/site-packages/discord/client.py", line 465, in _run_event
    await coro(*args, **kwargs)
  File "/app/asu_discord/cogs/analytics.py", line 652, in on_member_update
    before_timeout = before.timed_out_until
                     ^^^^^^^^^^^^^^^^^^^^^^
AttributeError: 'Member' object has no attribute 'timed_out_until'
Ignoring exception in on_member_update
Traceback (most recent call last):
  File "/usr/local/lib/python3.12/site-packages/discord/client.py", line 465, in _run_event
    await coro(*args, **kwargs)
  File "/app/asu_discord/cogs/analytics.py", line 652, in on_member_update
    before_timeout = before.timed_out_until
                     ^^^^^^^^^^^^^^^^^^^^^^
AttributeError: 'Member' object has no attribute 'timed_out_until'
Ignoring exception in on_member_update
Traceback (most recent call last):
  File "/usr/local/lib/python3.12/site-packages/discord/client.py", line 465, in _run_event
    await coro(*args, **kwargs)
  File "/app/asu_discord/cogs/analytics.py", line 652, in on_member_update
    before_timeout = before.timed_out_until
                     ^^^^^^^^^^^^^^^^^^^^^^
AttributeError: 'Member' object has no attribute 'timed_out_until'
Ignoring exception in on_member_update
Traceback (most recent call last):
  File "/usr/local/lib/python3.12/site-packages/discord/client.py", line 465, in _run_event
    await coro(*args, **kwargs)
  File "/app/asu_discord/cogs/analytics.py", line 652, in on_member_update
    before_timeout = before.timed_out_until
                     ^^^^^^^^^^^^^^^^^^^^^^
AttributeError: 'Member' object has no attribute 'timed_out_until'
INFO:asu_discord.cogs.verification:Saved 5 roles to database for user dasradew (Discord ID: 716689877160296640)
INFO:asu_discord.cogs.verification:Refreshed Salesforce roles for Discord user 716689877160296640: -5/+5 roles, assigned=[First Generation Student, Graduate Student, International Student, Ira A. Fulton Schools of Engineering, Tempe]
ERROR:cron.jobs:refresh_salesforce_roles: failed for amonda20 (Discord ID 289702319971368961): Failed to refresh Salesforce-based roles: Discord user 289702319971368961 is not a member of the guild
ERROR:cron.jobs:refresh_salesforce_roles: failed for ddebrito (Discord ID 885674427029790740): Failed to refresh Salesforce-based roles: Discord user 885674427029790740 is not a member of the guild
Ignoring exception in on_member_update
Traceback (most recent call last):
  File "/usr/local/lib/python3.12/site-packages/discord/client.py", line 465, in _run_event
    await coro(*args, **kwargs)
  File "/app/asu_discord/cogs/analytics.py", line 652, in on_member_update
    before_timeout = before.timed_out_until
                     ^^^^^^^^^^^^^^^^^^^^^^
AttributeError: 'Member' object has no attribute 'timed_out_until'
Ignoring exception in on_member_update
Traceback (most recent call last):
  File "/usr/local/lib/python3.12/site-packages/discord/client.py", line 465, in _run_event
    await coro(*args, **kwargs)
  File "/app/asu_discord/cogs/analytics.py", line 652, in on_member_update
    before_timeout = before.timed_out_until
                     ^^^^^^^^^^^^^^^^^^^^^^
AttributeError: 'Member' object has no attribute 'timed_out_until'
Ignoring exception in on_member_update
Traceback (most recent call last):
  File "/usr/local/lib/python3.12/site-packages/discord/client.py", line 465, in _run_event
    await coro(*args, **kwargs)
  File "/app/asu_discord/cogs/analytics.py", line 652, in on_member_update
    before_timeout = before.timed_out_until
                     ^^^^^^^^^^^^^^^^^^^^^^
AttributeError: 'Member' object has no attribute 'timed_out_until'
Ignoring exception in on_member_update
Traceback (most recent call last):
  File "/usr/local/lib/python3.12/site-packages/discord/client.py", line 465, in _run_event
    await coro(*args, **kwargs)
  File "/app/asu_discord/cogs/analytics.py", line 652, in on_member_update
    before_timeout = before.timed_out_until
                     ^^^^^^^^^^^^^^^^^^^^^^
AttributeError: 'Member' object has no attribute 'timed_out_until'
Ignoring exception in on_member_update
Traceback (most recent call last):
  File "/usr/local/lib/python3.12/site-packages/discord/client.py", line 465, in _run_event
    await coro(*args, **kwargs)
  File "/app/asu_discord/cogs/analytics.py", line 652, in on_member_update
    before_timeout = before.timed_out_until
                     ^^^^^^^^^^^^^^^^^^^^^^
AttributeError: 'Member' object has no attribute 'timed_out_until'
Ignoring exception in on_member_update
Traceback (most recent call last):
  File "/usr/local/lib/python3.12/site-packages/discord/client.py", line 465, in _run_event
    await coro(*args, **kwargs)
  File "/app/asu_discord/cogs/analytics.py", line 652, in on_member_update
    before_timeout = before.timed_out_until
                     ^^^^^^^^^^^^^^^^^^^^^^
AttributeError: 'Member' object has no attribute 'timed_out_until'
Ignoring exception in on_member_update
Traceback (most recent call last):
  File "/usr/local/lib/python3.12/site-packages/discord/client.py", line 465, in _run_event
    await coro(*args, **kwargs)
  File "/app/asu_discord/cogs/analytics.py", line 652, in on_member_update
    before_timeout = before.timed_out_until
                     ^^^^^^^^^^^^^^^^^^^^^^
AttributeError: 'Member' object has no attribute 'timed_out_until'
Ignoring exception in on_member_update
Traceback (most recent call last):
  File "/usr/local/lib/python3.12/site-packages/discord/client.py", line 465, in _run_event
    await coro(*args, **kwargs)
  File "/app/asu_discord/cogs/analytics.py", line 652, in on_member_update
    before_timeout = before.timed_out_until
                     ^^^^^^^^^^^^^^^^^^^^^^
AttributeError: 'Member' object has no attribute 'timed_out_until'
INFO:asu_discord.cogs.verification:Saved 4 roles to database for user asing949 (Discord ID: 1447882541075005535)
INFO:asu_discord.cogs.verification:Refreshed Salesforce roles for Discord user 1447882541075005535: -4/+4 roles, assigned=[First Year, International Student, Ira A. Fulton Schools of Engineering, Tempe]
Ignoring exception in on_member_update
Traceback (most recent call last):
  File "/usr/local/lib/python3.12/site-packages/discord/client.py", line 465, in _run_event
    await coro(*args, **kwargs)
  File "/app/asu_discord/cogs/analytics.py", line 652, in on_member_update
    before_timeout = before.timed_out_until
                     ^^^^^^^^^^^^^^^^^^^^^^
AttributeError: 'Member' object has no attribute 'timed_out_until'
Ignoring exception in on_member_update
Traceback (most recent call last):
  File "/usr/local/lib/python3.12/site-packages/discord/client.py", line 465, in _run_event
    await coro(*args, **kwargs)
  File "/app/asu_discord/cogs/analytics.py", line 652, in on_member_update
    before_timeout = before.timed_out_until
                     ^^^^^^^^^^^^^^^^^^^^^^
AttributeError: 'Member' object has no attribute 'timed_out_until'
Ignoring exception in on_member_update
Traceback (most recent call last):
  File "/usr/local/lib/python3.12/site-packages/discord/client.py", line 465, in _run_event
    await coro(*args, **kwargs)
  File "/app/asu_discord/cogs/analytics.py", line 652, in on_member_update
    before_timeout = before.timed_out_until
                     ^^^^^^^^^^^^^^^^^^^^^^
AttributeError: 'Member' object has no attribute 'timed_out_until'
Ignoring exception in on_member_update
Traceback (most recent call last):
  File "/usr/local/lib/python3.12/site-packages/discord/client.py", line 465, in _run_event
    await coro(*args, **kwargs)
  File "/app/asu_discord/cogs/analytics.py", line 652, in on_member_update
    before_timeout = before.timed_out_until
                     ^^^^^^^^^^^^^^^^^^^^^^
AttributeError: 'Member' object has no attribute 'timed_out_until'
Ignoring exception in on_member_update
Traceback (most recent call last):
  File "/usr/local/lib/python3.12/site-packages/discord/client.py", line 465, in _run_event
    await coro(*args, **kwargs)
  File "/app/asu_discord/cogs/analytics.py", line 652, in on_member_update
    before_timeout = before.timed_out_until
                     ^^^^^^^^^^^^^^^^^^^^^^
AttributeError: 'Member' object has no attribute 'timed_out_until'
Ignoring exception in on_member_update
Traceback (most recent call last):
  File "/usr/local/lib/python3.12/site-packages/discord/client.py", line 465, in _run_event
    await coro(*args, **kwargs)
  File "/app/asu_discord/cogs/analytics.py", line 652, in on_member_update
    before_timeout = before.timed_out_until
                     ^^^^^^^^^^^^^^^^^^^^^^
AttributeError: 'Member' object has no attribute 'timed_out_until'
Ignoring exception in on_member_update
Traceback (most recent call last):
  File "/usr/local/lib/python3.12/site-packages/discord/client.py", line 465, in _run_event
    await coro(*args, **kwargs)
  File "/app/asu_discord/cogs/analytics.py", line 652, in on_member_update
    before_timeout = before.timed_out_until
                     ^^^^^^^^^^^^^^^^^^^^^^
AttributeError: 'Member' object has no attribute 'timed_out_until'
Ignoring exception in on_member_update
Traceback (most recent call last):
  File "/usr/local/lib/python3.12/site-packages/discord/client.py", line 465, in _run_event
    await coro(*args, **kwargs)
  File "/app/asu_discord/cogs/analytics.py", line 652, in on_member_update
    before_timeout = before.timed_out_until
                     ^^^^^^^^^^^^^^^^^^^^^^
AttributeError: 'Member' object has no attribute 'timed_out_until'
Ignoring exception in on_member_update
Traceback (most recent call last):
  File "/usr/local/lib/python3.12/site-packages/discord/client.py", line 465, in _run_event
    await coro(*args, **kwargs)
  File "/app/asu_discord/cogs/analytics.py", line 652, in on_member_update
    before_timeout = before.timed_out_until
                     ^^^^^^^^^^^^^^^^^^^^^^
AttributeError: 'Member' object has no attribute 'timed_out_until'
Ignoring exception in on_member_update
Traceback (most recent call last):
  File "/usr/local/lib/python3.12/site-packages/discord/client.py", line 465, in _run_event
    await coro(*args, **kwargs)
  File "/app/asu_discord/cogs/analytics.py", line 652, in on_member_update
    before_timeout = before.timed_out_until
                     ^^^^^^^^^^^^^^^^^^^^^^
AttributeError: 'Member' object has no attribute 'timed_out_until'
INFO:asu_discord.cogs.verification:Saved 5 roles to database for user skasanda (Discord ID: 797583141518573598)
INFO:asu_discord.cogs.verification:Refreshed Salesforce roles for Discord user 797583141518573598: -5/+5 roles, assigned=[Arizona Resident, First Year, Ira A. Fulton Schools of Engineering, Tempe, Upperclassmen]
Ignoring exception in on_member_update
Traceback (most recent call last):
  File "/usr/local/lib/python3.12/site-packages/discord/client.py", line 465, in _run_event
    await coro(*args, **kwargs)
  File "/app/asu_discord/cogs/analytics.py", line 652, in on_member_update
    before_timeout = before.timed_out_until
                     ^^^^^^^^^^^^^^^^^^^^^^
AttributeError: 'Member' object has no attribute 'timed_out_until'
Ignoring exception in on_member_update
Traceback (most recent call last):
  File "/usr/local/lib/python3.12/site-packages/discord/client.py", line 465, in _run_event
    await coro(*args, **kwargs)
  File "/app/asu_discord/cogs/analytics.py", line 652, in on_member_update
    before_timeout = before.timed_out_until
                     ^^^^^^^^^^^^^^^^^^^^^^
AttributeError: 'Member' object has no attribute 'timed_out_until'
Ignoring exception in on_member_update
Traceback (most recent call last):
  File "/usr/local/lib/python3.12/site-packages/discord/client.py", line 465, in _run_event
    await coro(*args, **kwargs)
  File "/app/asu_discord/cogs/analytics.py", line 652, in on_member_update
    before_timeout = before.timed_out_until
                     ^^^^^^^^^^^^^^^^^^^^^^
AttributeError: 'Member' object has no attribute 'timed_out_until'
Ignoring exception in on_member_update
Traceback (most recent call last):
  File "/usr/local/lib/python3.12/site-packages/discord/client.py", line 465, in _run_event
    await coro(*args, **kwargs)
  File "/app/asu_discord/cogs/analytics.py", line 652, in on_member_update
    before_timeout = before.timed_out_until
                     ^^^^^^^^^^^^^^^^^^^^^^
AttributeError: 'Member' object has no attribute 'timed_out_until'
Ignoring exception in on_member_update
Traceback (most recent call last):
  File "/usr/local/lib/python3.12/site-packages/discord/client.py", line 465, in _run_event
    await coro(*args, **kwargs)
  File "/app/asu_discord/cogs/analytics.py", line 652, in on_member_update
    before_timeout = before.timed_out_until
                     ^^^^^^^^^^^^^^^^^^^^^^
AttributeError: 'Member' object has no attribute 'timed_out_until'
Ignoring exception in on_member_update
Traceback (most recent call last):
  File "/usr/local/lib/python3.12/site-packages/discord/client.py", line 465, in _run_event
    await coro(*args, **kwargs)
  File "/app/asu_discord/cogs/analytics.py", line 652, in on_member_update
    before_timeout = before.timed_out_until
                     ^^^^^^^^^^^^^^^^^^^^^^
AttributeError: 'Member' object has no attribute 'timed_out_until'
Ignoring exception in on_member_update
Traceback (most recent call last):
  File "/usr/local/lib/python3.12/site-packages/discord/client.py", line 465, in _run_event
    await coro(*args, **kwargs)
  File "/app/asu_discord/cogs/analytics.py", line 652, in on_member_update
    before_timeout = before.timed_out_until
                     ^^^^^^^^^^^^^^^^^^^^^^
AttributeError: 'Member' object has no attribute 'timed_out_until'
Ignoring exception in on_member_update
Traceback (most recent call last):
  File "/usr/local/lib/python3.12/site-packages/discord/client.py", line 465, in _run_event
    await coro(*args, **kwargs)
  File "/app/asu_discord/cogs/analytics.py", line 652, in on_member_update
    before_timeout = before.timed_out_until
                     ^^^^^^^^^^^^^^^^^^^^^^
AttributeError: 'Member' object has no attribute 'timed_out_until'
Ignoring exception in on_member_update
Traceback (most recent call last):
  File "/usr/local/lib/python3.12/site-packages/discord/client.py", line 465, in _run_event
    await coro(*args, **kwargs)
  File "/app/asu_discord/cogs/analytics.py", line 652, in on_member_update
    before_timeout = before.timed_out_until
                     ^^^^^^^^^^^^^^^^^^^^^^
AttributeError: 'Member' object has no attribute 'timed_out_until'
Ignoring exception in on_member_update
Traceback (most recent call last):
  File "/usr/local/lib/python3.12/site-packages/discord/client.py", line 465, in _run_event
    await coro(*args, **kwargs)
  File "/app/asu_discord/cogs/analytics.py", line 652, in on_member_update
    before_timeout = before.timed_out_until
                     ^^^^^^^^^^^^^^^^^^^^^^
AttributeError: 'Member' object has no attribute 'timed_out_until'
Ignoring exception in on_member_update
Traceback (most recent call last):
  File "/usr/local/lib/python3.12/site-packages/discord/client.py", line 465, in _run_event
    await coro(*args, **kwargs)
  File "/app/asu_discord/cogs/analytics.py", line 652, in on_member_update
    before_timeout = before.timed_out_until
                     ^^^^^^^^^^^^^^^^^^^^^^
AttributeError: 'Member' object has no attribute 'timed_out_until'
INFO:asu_discord.cogs.verification:Saved 6 roles to database for user btdonov3 (Discord ID: 352170887061045258)
INFO:asu_discord.cogs.verification:Refreshed Salesforce roles for Discord user 352170887061045258: -6/+5 roles, assigned=[Arizona Resident, Commited, First Year, Tempe, Upperclassmen, W.P. Carey School of Business]
Ignoring exception in on_member_update
Traceback (most recent call last):
  File "/usr/local/lib/python3.12/site-packages/discord/client.py", line 465, in _run_event
    await coro(*args, **kwargs)
  File "/app/asu_discord/cogs/analytics.py", line 652, in on_member_update
    before_timeout = before.timed_out_until
                     ^^^^^^^^^^^^^^^^^^^^^^
AttributeError: 'Member' object has no attribute 'timed_out_until'
Ignoring exception in on_member_update
Traceback (most recent call last):
  File "/usr/local/lib/python3.12/site-packages/discord/client.py", line 465, in _run_event
    await coro(*args, **kwargs)
  File "/app/asu_discord/cogs/analytics.py", line 652, in on_member_update
    before_timeout = before.timed_out_until
                     ^^^^^^^^^^^^^^^^^^^^^^
AttributeError: 'Member' object has no attribute 'timed_out_until'
Ignoring exception in on_member_update
Traceback (most recent call last):
  File "/usr/local/lib/python3.12/site-packages/discord/client.py", line 465, in _run_event
    await coro(*args, **kwargs)
  File "/app/asu_discord/cogs/analytics.py", line 652, in on_member_update
    before_timeout = before.timed_out_until
                     ^^^^^^^^^^^^^^^^^^^^^^
AttributeError: 'Member' object has no attribute 'timed_out_until'
Ignoring exception in on_member_update
Traceback (most recent call last):
  File "/usr/local/lib/python3.12/site-packages/discord/client.py", line 465, in _run_event
    await coro(*args, **kwargs)
  File "/app/asu_discord/cogs/analytics.py", line 652, in on_member_update
    before_timeout = before.timed_out_until
                     ^^^^^^^^^^^^^^^^^^^^^^
AttributeError: 'Member' object has no attribute 'timed_out_until'
Ignoring exception in on_member_update
Traceback (most recent call last):
  File "/usr/local/lib/python3.12/site-packages/discord/client.py", line 465, in _run_event
    await coro(*args, **kwargs)
  File "/app/asu_discord/cogs/analytics.py", line 652, in on_member_update
    before_timeout = before.timed_out_until
                     ^^^^^^^^^^^^^^^^^^^^^^
AttributeError: 'Member' object has no attribute 'timed_out_until'
Ignoring exception in on_member_update
Traceback (most recent call last):
  File "/usr/local/lib/python3.12/site-packages/discord/client.py", line 465, in _run_event
    await coro(*args, **kwargs)
  File "/app/asu_discord/cogs/analytics.py", line 652, in on_member_update
    before_timeout = before.timed_out_until
                     ^^^^^^^^^^^^^^^^^^^^^^
AttributeError: 'Member' object has no attribute 'timed_out_until'
Ignoring exception in on_member_update
Traceback (most recent call last):
  File "/usr/local/lib/python3.12/site-packages/discord/client.py", line 465, in _run_event
    await coro(*args, **kwargs)
  File "/app/asu_discord/cogs/analytics.py", line 652, in on_member_update
    before_timeout = before.timed_out_until
                     ^^^^^^^^^^^^^^^^^^^^^^
AttributeError: 'Member' object has no attribute 'timed_out_until'
Ignoring exception in on_member_update
Traceback (most recent call last):
  File "/usr/local/lib/python3.12/site-packages/discord/client.py", line 465, in _run_event
    await coro(*args, **kwargs)
  File "/app/asu_discord/cogs/analytics.py", line 652, in on_member_update
    before_timeout = before.timed_out_until
                     ^^^^^^^^^^^^^^^^^^^^^^
AttributeError: 'Member' object has no attribute 'timed_out_until'
Ignoring exception in on_member_update
Traceback (most recent call last):
  File "/usr/local/lib/python3.12/site-packages/discord/client.py", line 465, in _run_event
    await coro(*args, **kwargs)
  File "/app/asu_discord/cogs/analytics.py", line 652, in on_member_update
    before_timeout = before.timed_out_until
                     ^^^^^^^^^^^^^^^^^^^^^^
AttributeError: 'Member' object has no attribute 'timed_out_until'
Ignoring exception in on_member_update
Traceback (most recent call last):
  File "/usr/local/lib/python3.12/site-packages/discord/client.py", line 465, in _run_event
    await coro(*args, **kwargs)
  File "/app/asu_discord/cogs/analytics.py", line 652, in on_member_update
    before_timeout = before.timed_out_until
                     ^^^^^^^^^^^^^^^^^^^^^^
AttributeError: 'Member' object has no attribute 'timed_out_until'
INFO:asu_discord.cogs.verification:Saved 5 roles to database for user laharr34 (Discord ID: 849774907528183828)
INFO:asu_discord.cogs.verification:Refreshed Salesforce roles for Discord user 849774907528183828: -5/+5 roles, assigned=[First Generation Student, First Year, Herberger Institute for Design and the Arts, Out of State, Tempe]
Ignoring exception in on_member_update
Traceback (most recent call last):
  File "/usr/local/lib/python3.12/site-packages/discord/client.py", line 465, in _run_event
    await coro(*args, **kwargs)
  File "/app/asu_discord/cogs/analytics.py", line 652, in on_member_update
    before_timeout = before.timed_out_until
                     ^^^^^^^^^^^^^^^^^^^^^^
AttributeError: 'Member' object has no attribute 'timed_out_until'
Ignoring exception in on_member_update
Traceback (most recent call last):
  File "/usr/local/lib/python3.12/site-packages/discord/client.py", line 465, in _run_event
    await coro(*args, **kwargs)
  File "/app/asu_discord/cogs/analytics.py", line 652, in on_member_update
    before_timeout = before.timed_out_until
                     ^^^^^^^^^^^^^^^^^^^^^^
AttributeError: 'Member' object has no attribute 'timed_out_until'
Ignoring exception in on_member_update
Traceback (most recent call last):
  File "/usr/local/lib/python3.12/site-packages/discord/client.py", line 465, in _run_event
    await coro(*args, **kwargs)
  File "/app/asu_discord/cogs/analytics.py", line 652, in on_member_update
    before_timeout = before.timed_out_until
                     ^^^^^^^^^^^^^^^^^^^^^^
AttributeError: 'Member' object has no attribute 'timed_out_until'
Ignoring exception in on_member_update
Traceback (most recent call last):
  File "/usr/local/lib/python3.12/site-packages/discord/client.py", line 465, in _run_event
    await coro(*args, **kwargs)
  File "/app/asu_discord/cogs/analytics.py", line 652, in on_member_update
    before_timeout = before.timed_out_until
                     ^^^^^^^^^^^^^^^^^^^^^^
AttributeError: 'Member' object has no attribute 'timed_out_until'
Ignoring exception in on_member_update
Traceback (most recent call last):
  File "/usr/local/lib/python3.12/site-packages/discord/client.py", line 465, in _run_event
    await coro(*args, **kwargs)
  File "/app/asu_discord/cogs/analytics.py", line 652, in on_member_update
    before_timeout = before.timed_out_until
                     ^^^^^^^^^^^^^^^^^^^^^^
AttributeError: 'Member' object has no attribute 'timed_out_until'
Ignoring exception in on_member_update
Traceback (most recent call last):
  File "/usr/local/lib/python3.12/site-packages/discord/client.py", line 465, in _run_event
    await coro(*args, **kwargs)
  File "/app/asu_discord/cogs/analytics.py", line 652, in on_member_update
    before_timeout = before.timed_out_until
                     ^^^^^^^^^^^^^^^^^^^^^^
AttributeError: 'Member' object has no attribute 'timed_out_until'
Ignoring exception in on_member_update
Traceback (most recent call last):
  File "/usr/local/lib/python3.12/site-packages/discord/client.py", line 465, in _run_event
    await coro(*args, **kwargs)
  File "/app/asu_discord/cogs/analytics.py", line 652, in on_member_update
    before_timeout = before.timed_out_until
                     ^^^^^^^^^^^^^^^^^^^^^^
AttributeError: 'Member' object has no attribute 'timed_out_until'
Ignoring exception in on_member_update
Traceback (most recent call last):
  File "/usr/local/lib/python3.12/site-packages/discord/client.py", line 465, in _run_event
    await coro(*args, **kwargs)
  File "/app/asu_discord/cogs/analytics.py", line 652, in on_member_update
    before_timeout = before.timed_out_until
                     ^^^^^^^^^^^^^^^^^^^^^^
AttributeError: 'Member' object has no attribute 'timed_out_until'
ERROR:cron.jobs:refresh_salesforce_roles: failed for ryobrien (Discord ID 1000152117786460280): Timed out refresh Salesforce-based roles
Ignoring exception in on_member_update
Traceback (most recent call last):
  File "/usr/local/lib/python3.12/site-packages/discord/client.py", line 465, in _run_event
    await coro(*args, **kwargs)
  File "/app/asu_discord/cogs/analytics.py", line 652, in on_member_update
    before_timeout = before.timed_out_until
                     ^^^^^^^^^^^^^^^^^^^^^^
AttributeError: 'Member' object has no attribute 'timed_out_until'
Ignoring exception in on_member_update
Traceback (most recent call last):
  File "/usr/local/lib/python3.12/site-packages/discord/client.py", line 465, in _run_event
    await coro(*args, **kwargs)
  File "/app/asu_discord/cogs/analytics.py", line 652, in on_member_update
    before_timeout = before.timed_out_until
                     ^^^^^^^^^^^^^^^^^^^^^^
AttributeError: 'Member' object has no attribute 'timed_out_until'
Ignoring exception in on_member_update
Traceback (most recent call last):
  File "/usr/local/lib/python3.12/site-packages/discord/client.py", line 465, in _run_event
    await coro(*args, **kwargs)
  File "/app/asu_discord/cogs/analytics.py", line 652, in on_member_update
    before_timeout = before.timed_out_until
                     ^^^^^^^^^^^^^^^^^^^^^^
AttributeError: 'Member' object has no attribute 'timed_out_until'
Ignoring exception in on_member_update
Traceback (most recent call last):
  File "/usr/local/lib/python3.12/site-packages/discord/client.py", line 465, in _run_event
    await coro(*args, **kwargs)
  File "/app/asu_discord/cogs/analytics.py", line 652, in on_member_update
    before_timeout = before.timed_out_until
                     ^^^^^^^^^^^^^^^^^^^^^^
AttributeError: 'Member' object has no attribute 'timed_out_until'
Ignoring exception in on_member_update
Traceback (most recent call last):
  File "/usr/local/lib/python3.12/site-packages/discord/client.py", line 465, in _run_event
    await coro(*args, **kwargs)
  File "/app/asu_discord/cogs/analytics.py", line 652, in on_member_update
    before_timeout = before.timed_out_until
                     ^^^^^^^^^^^^^^^^^^^^^^
AttributeError: 'Member' object has no attribute 'timed_out_until'
Ignoring exception in on_member_update
Traceback (most recent call last):
  File "/usr/local/lib/python3.12/site-packages/discord/client.py", line 465, in _run_event
    await coro(*args, **kwargs)
  File "/app/asu_discord/cogs/analytics.py", line 652, in on_member_update
    before_timeout = before.timed_out_until
                     ^^^^^^^^^^^^^^^^^^^^^^
AttributeError: 'Member' object has no attribute 'timed_out_until'
Ignoring exception in on_member_update
Traceback (most recent call last):
  File "/usr/local/lib/python3.12/site-packages/discord/client.py", line 465, in _run_event
    await coro(*args, **kwargs)
  File "/app/asu_discord/cogs/analytics.py", line 652, in on_member_update
    before_timeout = before.timed_out_until
                     ^^^^^^^^^^^^^^^^^^^^^^
AttributeError: 'Member' object has no attribute 'timed_out_until'
Ignoring exception in on_member_update
Traceback (most recent call last):
  File "/usr/local/lib/python3.12/site-packages/discord/client.py", line 465, in _run_event
    await coro(*args, **kwargs)
  File "/app/asu_discord/cogs/analytics.py", line 652, in on_member_update
    before_timeout = before.timed_out_until
                     ^^^^^^^^^^^^^^^^^^^^^^
AttributeError: 'Member' object has no attribute 'timed_out_until'
INFO:asu_discord.cogs.verification:Saved 4 roles to database for user ddale123 (Discord ID: 568211707336327238)
INFO:asu_discord.cogs.verification:Refreshed Salesforce roles for Discord user 568211707336327238: -4/+4 roles, assigned=[Arizona Resident, College of Global Futures, First Year, Tempe]
Ignoring exception in on_member_update
Traceback (most recent call last):
  File "/usr/local/lib/python3.12/site-packages/discord/client.py", line 465, in _run_event
    await coro(*args, **kwargs)
  File "/app/asu_discord/cogs/analytics.py", line 652, in on_member_update
    before_timeout = before.timed_out_until
                     ^^^^^^^^^^^^^^^^^^^^^^
AttributeError: 'Member' object has no attribute 'timed_out_until'
Ignoring exception in on_member_update
Traceback (most recent call last):
  File "/usr/local/lib/python3.12/site-packages/discord/client.py", line 465, in _run_event
    await coro(*args, **kwargs)
  File "/app/asu_discord/cogs/analytics.py", line 652, in on_member_update
    before_timeout = before.timed_out_until
                     ^^^^^^^^^^^^^^^^^^^^^^
AttributeError: 'Member' object has no attribute 'timed_out_until'
Ignoring exception in on_member_update
Traceback (most recent call last):
  File "/usr/local/lib/python3.12/site-packages/discord/client.py", line 465, in _run_event
    await coro(*args, **kwargs)
  File "/app/asu_discord/cogs/analytics.py", line 652, in on_member_update
    before_timeout = before.timed_out_until
                     ^^^^^^^^^^^^^^^^^^^^^^
AttributeError: 'Member' object has no attribute 'timed_out_until'
Ignoring exception in on_member_update
Traceback (most recent call last):
  File "/usr/local/lib/python3.12/site-packages/discord/client.py", line 465, in _run_event
    await coro(*args, **kwargs)
  File "/app/asu_discord/cogs/analytics.py", line 652, in on_member_update
    before_timeout = before.timed_out_until
                     ^^^^^^^^^^^^^^^^^^^^^^
AttributeError: 'Member' object has no attribute 'timed_out_until'
Ignoring exception in on_member_update
Traceback (most recent call last):
  File "/usr/local/lib/python3.12/site-packages/discord/client.py", line 465, in _run_event
    await coro(*args, **kwargs)
  File "/app/asu_discord/cogs/analytics.py", line 652, in on_member_update
    before_timeout = before.timed_out_until
                     ^^^^^^^^^^^^^^^^^^^^^^
AttributeError: 'Member' object has no attribute 'timed_out_until'
Ignoring exception in on_member_update
Traceback (most recent call last):
  File "/usr/local/lib/python3.12/site-packages/discord/client.py", line 465, in _run_event
    await coro(*args, **kwargs)
  File "/app/asu_discord/cogs/analytics.py", line 652, in on_member_update
    before_timeout = before.timed_out_until
                     ^^^^^^^^^^^^^^^^^^^^^^
AttributeError: 'Member' object has no attribute 'timed_out_until'
Ignoring exception in on_member_update
Traceback (most recent call last):
  File "/usr/local/lib/python3.12/site-packages/discord/client.py", line 465, in _run_event
    await coro(*args, **kwargs)
  File "/app/asu_discord/cogs/analytics.py", line 652, in on_member_update
    before_timeout = before.timed_out_until
                     ^^^^^^^^^^^^^^^^^^^^^^
AttributeError: 'Member' object has no attribute 'timed_out_until'
Ignoring exception in on_member_update
Traceback (most recent call last):
  File "/usr/local/lib/python3.12/site-packages/discord/client.py", line 465, in _run_event
    await coro(*args, **kwargs)
  File "/app/asu_discord/cogs/analytics.py", line 652, in on_member_update
    before_timeout = before.timed_out_until
                     ^^^^^^^^^^^^^^^^^^^^^^
AttributeError: 'Member' object has no attribute 'timed_out_until'
Ignoring exception in on_member_update
Traceback (most recent call last):
  File "/usr/local/lib/python3.12/site-packages/discord/client.py", line 465, in _run_event
    await coro(*args, **kwargs)
  File "/app/asu_discord/cogs/analytics.py", line 652, in on_member_update
    before_timeout = before.timed_out_until
                     ^^^^^^^^^^^^^^^^^^^^^^
AttributeError: 'Member' object has no attribute 'timed_out_until'
INFO:asu_discord.cogs.verification:Saved 5 roles to database for user tmfritzs (Discord ID: 1448414726118834367)
INFO:asu_discord.cogs.verification:Refreshed Salesforce roles for Discord user 1448414726118834367: -5/+4 roles, assigned=[Commited, Downtown Phoenix, First Year, Out of State, Walter Cronkite School of Journalism and Mass Communication]
Ignoring exception in on_member_update
Traceback (most recent call last):
  File "/usr/local/lib/python3.12/site-packages/discord/client.py", line 465, in _run_event
    await coro(*args, **kwargs)
  File "/app/asu_discord/cogs/analytics.py", line 652, in on_member_update
    before_timeout = before.timed_out_until
                     ^^^^^^^^^^^^^^^^^^^^^^
AttributeError: 'Member' object has no attribute 'timed_out_until'
Ignoring exception in on_member_update
Traceback (most recent call last):
  File "/usr/local/lib/python3.12/site-packages/discord/client.py", line 465, in _run_event
    await coro(*args, **kwargs)
  File "/app/asu_discord/cogs/analytics.py", line 652, in on_member_update
    before_timeout = before.timed_out_until
                     ^^^^^^^^^^^^^^^^^^^^^^
AttributeError: 'Member' object has no attribute 'timed_out_until'
Ignoring exception in on_member_update
Traceback (most recent call last):
  File "/usr/local/lib/python3.12/site-packages/discord/client.py", line 465, in _run_event
    await coro(*args, **kwargs)
  File "/app/asu_discord/cogs/analytics.py", line 652, in on_member_update
    before_timeout = before.timed_out_until
                     ^^^^^^^^^^^^^^^^^^^^^^
AttributeError: 'Member' object has no attribute 'timed_out_until'
Ignoring exception in on_member_update
Traceback (most recent call last):
  File "/usr/local/lib/python3.12/site-packages/discord/client.py", line 465, in _run_event
    await coro(*args, **kwargs)
  File "/app/asu_discord/cogs/analytics.py", line 652, in on_member_update
    before_timeout = before.timed_out_until
                     ^^^^^^^^^^^^^^^^^^^^^^
AttributeError: 'Member' object has no attribute 'timed_out_until'
Ignoring exception in on_member_update
Traceback (most recent call last):
  File "/usr/local/lib/python3.12/site-packages/discord/client.py", line 465, in _run_event
    await coro(*args, **kwargs)
  File "/app/asu_discord/cogs/analytics.py", line 652, in on_member_update
    before_timeout = before.timed_out_until
                     ^^^^^^^^^^^^^^^^^^^^^^
AttributeError: 'Member' object has no attribute 'timed_out_until'
Ignoring exception in on_member_update
Traceback (most recent call last):
  File "/usr/local/lib/python3.12/site-packages/discord/client.py", line 465, in _run_event
    await coro(*args, **kwargs)
  File "/app/asu_discord/cogs/analytics.py", line 652, in on_member_update
    before_timeout = before.timed_out_until
                     ^^^^^^^^^^^^^^^^^^^^^^
AttributeError: 'Member' object has no attribute 'timed_out_until'
Ignoring exception in on_member_update
Traceback (most recent call last):
  File "/usr/local/lib/python3.12/site-packages/discord/client.py", line 465, in _run_event
    await coro(*args, **kwargs)
  File "/app/asu_discord/cogs/analytics.py", line 652, in on_member_update
    before_timeout = before.timed_out_until
                     ^^^^^^^^^^^^^^^^^^^^^^
AttributeError: 'Member' object has no attribute 'timed_out_until'
INFO:asu_discord.cogs.verification:Saved 4 roles to database for user wderidde (Discord ID: 408816945899765760)
INFO:asu_discord.cogs.verification:Refreshed Salesforce roles for Discord user 408816945899765760: -3/+4 roles, assigned=[College of Integrative Sciences and Arts, First Year, Out of State, Polytechnic]
Ignoring exception in on_member_update
Traceback (most recent call last):
  File "/usr/local/lib/python3.12/site-packages/discord/client.py", line 465, in _run_event
    await coro(*args, **kwargs)
  File "/app/asu_discord/cogs/analytics.py", line 652, in on_member_update
    before_timeout = before.timed_out_until
                     ^^^^^^^^^^^^^^^^^^^^^^
AttributeError: 'Member' object has no attribute 'timed_out_until'
Ignoring exception in on_member_update
Traceback (most recent call last):
  File "/usr/local/lib/python3.12/site-packages/discord/client.py", line 465, in _run_event
    await coro(*args, **kwargs)
  File "/app/asu_discord/cogs/analytics.py", line 652, in on_member_update
    before_timeout = before.timed_out_until
                     ^^^^^^^^^^^^^^^^^^^^^^
AttributeError: 'Member' object has no attribute 'timed_out_until'
Ignoring exception in on_member_update
Traceback (most recent call last):
  File "/usr/local/lib/python3.12/site-packages/discord/client.py", line 465, in _run_event
    await coro(*args, **kwargs)
  File "/app/asu_discord/cogs/analytics.py", line 652, in on_member_update
    before_timeout = before.timed_out_until
                     ^^^^^^^^^^^^^^^^^^^^^^
AttributeError: 'Member' object has no attribute 'timed_out_until'
Ignoring exception in on_member_update
Traceback (most recent call last):
  File "/usr/local/lib/python3.12/site-packages/discord/client.py", line 465, in _run_event
    await coro(*args, **kwargs)
  File "/app/asu_discord/cogs/analytics.py", line 652, in on_member_update
    before_timeout = before.timed_out_until
                     ^^^^^^^^^^^^^^^^^^^^^^
AttributeError: 'Member' object has no attribute 'timed_out_until'
Ignoring exception in on_member_update
Traceback (most recent call last):
  File "/usr/local/lib/python3.12/site-packages/discord/client.py", line 465, in _run_event
    await coro(*args, **kwargs)
  File "/app/asu_discord/cogs/analytics.py", line 652, in on_member_update
    before_timeout = before.timed_out_until
                     ^^^^^^^^^^^^^^^^^^^^^^
AttributeError: 'Member' object has no attribute 'timed_out_until'
Ignoring exception in on_member_update
Traceback (most recent call last):
  File "/usr/local/lib/python3.12/site-packages/discord/client.py", line 465, in _run_event
    await coro(*args, **kwargs)
  File "/app/asu_discord/cogs/analytics.py", line 652, in on_member_update
    before_timeout = before.timed_out_until
                     ^^^^^^^^^^^^^^^^^^^^^^
AttributeError: 'Member' object has no attribute 'timed_out_until'
Ignoring exception in on_member_update
Traceback (most recent call last):
  File "/usr/local/lib/python3.12/site-packages/discord/client.py", line 465, in _run_event
    await coro(*args, **kwargs)
  File "/app/asu_discord/cogs/analytics.py", line 652, in on_member_update
    before_timeout = before.timed_out_until
                     ^^^^^^^^^^^^^^^^^^^^^^
AttributeError: 'Member' object has no attribute 'timed_out_until'
Ignoring exception in on_member_update
Traceback (most recent call last):
  File "/usr/local/lib/python3.12/site-packages/discord/client.py", line 465, in _run_event
    await coro(*args, **kwargs)
  File "/app/asu_discord/cogs/analytics.py", line 652, in on_member_update
    before_timeout = before.timed_out_until
                     ^^^^^^^^^^^^^^^^^^^^^^
AttributeError: 'Member' object has no attribute 'timed_out_until'
Ignoring exception in on_member_update
Traceback (most recent call last):
  File "/usr/local/lib/python3.12/site-packages/discord/client.py", line 465, in _run_event
    await coro(*args, **kwargs)
  File "/app/asu_discord/cogs/analytics.py", line 652, in on_member_update
    before_timeout = before.timed_out_until
                     ^^^^^^^^^^^^^^^^^^^^^^
AttributeError: 'Member' object has no attribute 'timed_out_until'
INFO:asu_discord.cogs.verification:Saved 5 roles to database for user mgkahsay (Discord ID: 1310981848955883613)
INFO:asu_discord.cogs.verification:Refreshed Salesforce roles for Discord user 1310981848955883613: -5/+4 roles, assigned=[First Generation Student, Graduate Student, International Student, Ira A. Fulton Schools of Engineering, Polytechnic]
Ignoring exception in on_member_update
Traceback (most recent call last):
  File "/usr/local/lib/python3.12/site-packages/discord/client.py", line 465, in _run_event
    await coro(*args, **kwargs)
  File "/app/asu_discord/cogs/analytics.py", line 652, in on_member_update
    before_timeout = before.timed_out_until
                     ^^^^^^^^^^^^^^^^^^^^^^
AttributeError: 'Member' object has no attribute 'timed_out_until'
Ignoring exception in on_member_update
Traceback (most recent call last):
  File "/usr/local/lib/python3.12/site-packages/discord/client.py", line 465, in _run_event
    await coro(*args, **kwargs)
  File "/app/asu_discord/cogs/analytics.py", line 652, in on_member_update
    before_timeout = before.timed_out_until
                     ^^^^^^^^^^^^^^^^^^^^^^
AttributeError: 'Member' object has no attribute 'timed_out_until'
Ignoring exception in on_member_update
Traceback (most recent call last):
  File "/usr/local/lib/python3.12/site-packages/discord/client.py", line 465, in _run_event
    await coro(*args, **kwargs)
  File "/app/asu_discord/cogs/analytics.py", line 652, in on_member_update
    before_timeout = before.timed_out_until
                     ^^^^^^^^^^^^^^^^^^^^^^
AttributeError: 'Member' object has no attribute 'timed_out_until'
Ignoring exception in on_member_update
Traceback (most recent call last):
  File "/usr/local/lib/python3.12/site-packages/discord/client.py", line 465, in _run_event
    await coro(*args, **kwargs)
  File "/app/asu_discord/cogs/analytics.py", line 652, in on_member_update
    before_timeout = before.timed_out_until
                     ^^^^^^^^^^^^^^^^^^^^^^
AttributeError: 'Member' object has no attribute 'timed_out_until'
Ignoring exception in on_member_update
Traceback (most recent call last):
  File "/usr/local/lib/python3.12/site-packages/discord/client.py", line 465, in _run_event
    await coro(*args, **kwargs)
  File "/app/asu_discord/cogs/analytics.py", line 652, in on_member_update
    before_timeout = before.timed_out_until
                     ^^^^^^^^^^^^^^^^^^^^^^
AttributeError: 'Member' object has no attribute 'timed_out_until'
Ignoring exception in on_member_update
Traceback (most recent call last):
  File "/usr/local/lib/python3.12/site-packages/discord/client.py", line 465, in _run_event
    await coro(*args, **kwargs)
  File "/app/asu_discord/cogs/analytics.py", line 652, in on_member_update
    before_timeout = before.timed_out_until
                     ^^^^^^^^^^^^^^^^^^^^^^
AttributeError: 'Member' object has no attribute 'timed_out_until'
Ignoring exception in on_member_update
Traceback (most recent call last):
  File "/usr/local/lib/python3.12/site-packages/discord/client.py", line 465, in _run_event
    await coro(*args, **kwargs)
  File "/app/asu_discord/cogs/analytics.py", line 652, in on_member_update
    before_timeout = before.timed_out_until
                     ^^^^^^^^^^^^^^^^^^^^^^
AttributeError: 'Member' object has no attribute 'timed_out_until'
Ignoring exception in on_member_update
Traceback (most recent call last):
  File "/usr/local/lib/python3.12/site-packages/discord/client.py", line 465, in _run_event
    await coro(*args, **kwargs)
  File "/app/asu_discord/cogs/analytics.py", line 652, in on_member_update
    before_timeout = before.timed_out_until
                     ^^^^^^^^^^^^^^^^^^^^^^
AttributeError: 'Member' object has no attribute 'timed_out_until'
Ignoring exception in on_member_update
Traceback (most recent call last):
  File "/usr/local/lib/python3.12/site-packages/discord/client.py", line 465, in _run_event
    await coro(*args, **kwargs)
  File "/app/asu_discord/cogs/analytics.py", line 652, in on_member_update
    before_timeout = before.timed_out_until
                     ^^^^^^^^^^^^^^^^^^^^^^
AttributeError: 'Member' object has no attribute 'timed_out_until'
INFO:asu_discord.cogs.verification:Saved 5 roles to database for user jdwhit51 (Discord ID: 882444528085262367)
INFO:asu_discord.cogs.verification:Refreshed Salesforce roles for Discord user 882444528085262367: -4/+5 roles, assigned=[First Generation Student, First Year, Ira A. Fulton Schools of Engineering, Out of State, Tempe]
Ignoring exception in on_member_update
Traceback (most recent call last):
  File "/usr/local/lib/python3.12/site-packages/discord/client.py", line 465, in _run_event
    await coro(*args, **kwargs)
  File "/app/asu_discord/cogs/analytics.py", line 652, in on_member_update
    before_timeout = before.timed_out_until
                     ^^^^^^^^^^^^^^^^^^^^^^
AttributeError: 'Member' object has no attribute 'timed_out_until'
Ignoring exception in on_member_update
Traceback (most recent call last):
  File "/usr/local/lib/python3.12/site-packages/discord/client.py", line 465, in _run_event
    await coro(*args, **kwargs)
  File "/app/asu_discord/cogs/analytics.py", line 652, in on_member_update
    before_timeout = before.timed_out_until
                     ^^^^^^^^^^^^^^^^^^^^^^
AttributeError: 'Member' object has no attribute 'timed_out_until'
Ignoring exception in on_member_update
Traceback (most recent call last):
  File "/usr/local/lib/python3.12/site-packages/discord/client.py", line 465, in _run_event
    await coro(*args, **kwargs)
  File "/app/asu_discord/cogs/analytics.py", line 652, in on_member_update
    before_timeout = before.timed_out_until
                     ^^^^^^^^^^^^^^^^^^^^^^
AttributeError: 'Member' object has no attribute 'timed_out_until'
Ignoring exception in on_member_update
Traceback (most recent call last):
  File "/usr/local/lib/python3.12/site-packages/discord/client.py", line 465, in _run_event
    await coro(*args, **kwargs)
  File "/app/asu_discord/cogs/analytics.py", line 652, in on_member_update
    before_timeout = before.timed_out_until
                     ^^^^^^^^^^^^^^^^^^^^^^
AttributeError: 'Member' object has no attribute 'timed_out_until'
Ignoring exception in on_member_update
Traceback (most recent call last):
  File "/usr/local/lib/python3.12/site-packages/discord/client.py", line 465, in _run_event
    await coro(*args, **kwargs)
  File "/app/asu_discord/cogs/analytics.py", line 652, in on_member_update
    before_timeout = before.timed_out_until
                     ^^^^^^^^^^^^^^^^^^^^^^
AttributeError: 'Member' object has no attribute 'timed_out_until'
Ignoring exception in on_member_update
Traceback (most recent call last):
  File "/usr/local/lib/python3.12/site-packages/discord/client.py", line 465, in _run_event
    await coro(*args, **kwargs)
  File "/app/asu_discord/cogs/analytics.py", line 652, in on_member_update
    before_timeout = before.timed_out_until
                     ^^^^^^^^^^^^^^^^^^^^^^
AttributeError: 'Member' object has no attribute 'timed_out_until'
Ignoring exception in on_member_update
Traceback (most recent call last):
  File "/usr/local/lib/python3.12/site-packages/discord/client.py", line 465, in _run_event
    await coro(*args, **kwargs)
  File "/app/asu_discord/cogs/analytics.py", line 652, in on_member_update
    before_timeout = before.timed_out_until
                     ^^^^^^^^^^^^^^^^^^^^^^
AttributeError: 'Member' object has no attribute 'timed_out_until'
Ignoring exception in on_member_update
Traceback (most recent call last):
  File "/usr/local/lib/python3.12/site-packages/discord/client.py", line 465, in _run_event
    await coro(*args, **kwargs)
  File "/app/asu_discord/cogs/analytics.py", line 652, in on_member_update
    before_timeout = before.timed_out_until
                     ^^^^^^^^^^^^^^^^^^^^^^
AttributeError: 'Member' object has no attribute 'timed_out_until'
INFO:asu_discord.cogs.verification:Saved 4 roles to database for user smart401 (Discord ID: 1145536117152694362)
INFO:asu_discord.cogs.verification:Refreshed Salesforce roles for Discord user 1145536117152694362: -4/+4 roles, assigned=[Arizona Resident, College of Liberal Arts and Sciences, First Year, Tempe]
Ignoring exception in on_member_update
Traceback (most recent call last):
  File "/usr/local/lib/python3.12/site-packages/discord/client.py", line 465, in _run_event
    await coro(*args, **kwargs)
  File "/app/asu_discord/cogs/analytics.py", line 652, in on_member_update
    before_timeout = before.timed_out_until
                     ^^^^^^^^^^^^^^^^^^^^^^
AttributeError: 'Member' object has no attribute 'timed_out_until'
Ignoring exception in on_member_update
Traceback (most recent call last):
  File "/usr/local/lib/python3.12/site-packages/discord/client.py", line 465, in _run_event
    await coro(*args, **kwargs)
  File "/app/asu_discord/cogs/analytics.py", line 652, in on_member_update
    before_timeout = before.timed_out_until
                     ^^^^^^^^^^^^^^^^^^^^^^
AttributeError: 'Member' object has no attribute 'timed_out_until'
Ignoring exception in on_member_update
Traceback (most recent call last):
  File "/usr/local/lib/python3.12/site-packages/discord/client.py", line 465, in _run_event
    await coro(*args, **kwargs)
  File "/app/asu_discord/cogs/analytics.py", line 652, in on_member_update
    before_timeout = before.timed_out_until
                     ^^^^^^^^^^^^^^^^^^^^^^
AttributeError: 'Member' object has no attribute 'timed_out_until'
Ignoring exception in on_member_update
Traceback (most recent call last):
  File "/usr/local/lib/python3.12/site-packages/discord/client.py", line 465, in _run_event
    await coro(*args, **kwargs)
  File "/app/asu_discord/cogs/analytics.py", line 652, in on_member_update
    before_timeout = before.timed_out_until
                     ^^^^^^^^^^^^^^^^^^^^^^
AttributeError: 'Member' object has no attribute 'timed_out_until'
Ignoring exception in on_member_update
Traceback (most recent call last):
  File "/usr/local/lib/python3.12/site-packages/discord/client.py", line 465, in _run_event
    await coro(*args, **kwargs)
  File "/app/asu_discord/cogs/analytics.py", line 652, in on_member_update
    before_timeout = before.timed_out_until
                     ^^^^^^^^^^^^^^^^^^^^^^
AttributeError: 'Member' object has no attribute 'timed_out_until'
Ignoring exception in on_member_update
Traceback (most recent call last):
  File "/usr/local/lib/python3.12/site-packages/discord/client.py", line 465, in _run_event
    await coro(*args, **kwargs)
  File "/app/asu_discord/cogs/analytics.py", line 652, in on_member_update
    before_timeout = before.timed_out_until
                     ^^^^^^^^^^^^^^^^^^^^^^
AttributeError: 'Member' object has no attribute 'timed_out_until'
Ignoring exception in on_member_update
Traceback (most recent call last):
  File "/usr/local/lib/python3.12/site-packages/discord/client.py", line 465, in _run_event
    await coro(*args, **kwargs)
  File "/app/asu_discord/cogs/analytics.py", line 652, in on_member_update
    before_timeout = before.timed_out_until
                     ^^^^^^^^^^^^^^^^^^^^^^
AttributeError: 'Member' object has no attribute 'timed_out_until'
Ignoring exception in on_member_update
Traceback (most recent call last):
  File "/usr/local/lib/python3.12/site-packages/discord/client.py", line 465, in _run_event
    await coro(*args, **kwargs)
  File "/app/asu_discord/cogs/analytics.py", line 652, in on_member_update
    before_timeout = before.timed_out_until
                     ^^^^^^^^^^^^^^^^^^^^^^
AttributeError: 'Member' object has no attribute 'timed_out_until'
Ignoring exception in on_member_update
Traceback (most recent call last):
  File "/usr/local/lib/python3.12/site-packages/discord/client.py", line 465, in _run_event
    await coro(*args, **kwargs)
  File "/app/asu_discord/cogs/analytics.py", line 652, in on_member_update
    before_timeout = before.timed_out_until
                     ^^^^^^^^^^^^^^^^^^^^^^
AttributeError: 'Member' object has no attribute 'timed_out_until'
Ignoring exception in on_member_update
Traceback (most recent call last):
  File "/usr/local/lib/python3.12/site-packages/discord/client.py", line 465, in _run_event
    await coro(*args, **kwargs)
  File "/app/asu_discord/cogs/analytics.py", line 652, in on_member_update
    before_timeout = before.timed_out_until
                     ^^^^^^^^^^^^^^^^^^^^^^
AttributeError: 'Member' object has no attribute 'timed_out_until'
Ignoring exception in on_member_update
Traceback (most recent call last):
  File "/usr/local/lib/python3.12/site-packages/discord/client.py", line 465, in _run_event
    await coro(*args, **kwargs)
  File "/app/asu_discord/cogs/analytics.py", line 652, in on_member_update
    before_timeout = before.timed_out_until
                     ^^^^^^^^^^^^^^^^^^^^^^
AttributeError: 'Member' object has no attribute 'timed_out_until'
INFO:asu_discord.cogs.verification:Saved 6 roles to database for user amdawes (Discord ID: 748658631116980275)
INFO:asu_discord.cogs.verification:Refreshed Salesforce roles for Discord user 748658631116980275: -5/+6 roles, assigned=[Arizona Resident, College of Health Solutions, Commited, Downtown Phoenix, Transfer Student, Upperclassmen]
Ignoring exception in on_member_update
Traceback (most recent call last):
  File "/usr/local/lib/python3.12/site-packages/discord/client.py", line 465, in _run_event
    await coro(*args, **kwargs)
  File "/app/asu_discord/cogs/analytics.py", line 652, in on_member_update
    before_timeout = before.timed_out_until
                     ^^^^^^^^^^^^^^^^^^^^^^
AttributeError: 'Member' object has no attribute 'timed_out_until'
Ignoring exception in on_member_update
Traceback (most recent call last):
  File "/usr/local/lib/python3.12/site-packages/discord/client.py", line 465, in _run_event
    await coro(*args, **kwargs)
  File "/app/asu_discord/cogs/analytics.py", line 652, in on_member_update
    before_timeout = before.timed_out_until
                     ^^^^^^^^^^^^^^^^^^^^^^
AttributeError: 'Member' object has no attribute 'timed_out_until'
Ignoring exception in on_member_update
Traceback (most recent call last):
  File "/usr/local/lib/python3.12/site-packages/discord/client.py", line 465, in _run_event
    await coro(*args, **kwargs)
  File "/app/asu_discord/cogs/analytics.py", line 652, in on_member_update
    before_timeout = before.timed_out_until
                     ^^^^^^^^^^^^^^^^^^^^^^
AttributeError: 'Member' object has no attribute 'timed_out_until'
Ignoring exception in on_member_update
Traceback (most recent call last):
  File "/usr/local/lib/python3.12/site-packages/discord/client.py", line 465, in _run_event
    await coro(*args, **kwargs)
  File "/app/asu_discord/cogs/analytics.py", line 652, in on_member_update
    before_timeout = before.timed_out_until
                     ^^^^^^^^^^^^^^^^^^^^^^
AttributeError: 'Member' object has no attribute 'timed_out_until'
Ignoring exception in on_member_update
Traceback (most recent call last):
  File "/usr/local/lib/python3.12/site-packages/discord/client.py", line 465, in _run_event
    await coro(*args, **kwargs)
  File "/app/asu_discord/cogs/analytics.py", line 652, in on_member_update
    before_timeout = before.timed_out_until
                     ^^^^^^^^^^^^^^^^^^^^^^
AttributeError: 'Member' object has no attribute 'timed_out_until'
Ignoring exception in on_member_update
Traceback (most recent call last):
  File "/usr/local/lib/python3.12/site-packages/discord/client.py", line 465, in _run_event
    await coro(*args, **kwargs)
  File "/app/asu_discord/cogs/analytics.py", line 652, in on_member_update
    before_timeout = before.timed_out_until
                     ^^^^^^^^^^^^^^^^^^^^^^
AttributeError: 'Member' object has no attribute 'timed_out_until'
Ignoring exception in on_member_update
Traceback (most recent call last):
  File "/usr/local/lib/python3.12/site-packages/discord/client.py", line 465, in _run_event
    await coro(*args, **kwargs)
  File "/app/asu_discord/cogs/analytics.py", line 652, in on_member_update
    before_timeout = before.timed_out_until
                     ^^^^^^^^^^^^^^^^^^^^^^
AttributeError: 'Member' object has no attribute 'timed_out_until'
Ignoring exception in on_member_update
Traceback (most recent call last):
  File "/usr/local/lib/python3.12/site-packages/discord/client.py", line 465, in _run_event
    await coro(*args, **kwargs)
  File "/app/asu_discord/cogs/analytics.py", line 652, in on_member_update
    before_timeout = before.timed_out_until
                     ^^^^^^^^^^^^^^^^^^^^^^
AttributeError: 'Member' object has no attribute 'timed_out_until'
Ignoring exception in on_member_update
Traceback (most recent call last):
  File "/usr/local/lib/python3.12/site-packages/discord/client.py", line 465, in _run_event
    await coro(*args, **kwargs)
  File "/app/asu_discord/cogs/analytics.py", line 652, in on_member_update
    before_timeout = before.timed_out_until
                     ^^^^^^^^^^^^^^^^^^^^^^
AttributeError: 'Member' object has no attribute 'timed_out_until'
Ignoring exception in on_member_update
Traceback (most recent call last):
  File "/usr/local/lib/python3.12/site-packages/discord/client.py", line 465, in _run_event
    await coro(*args, **kwargs)
  File "/app/asu_discord/cogs/analytics.py", line 652, in on_member_update
    before_timeout = before.timed_out_until
                     ^^^^^^^^^^^^^^^^^^^^^^
AttributeError: 'Member' object has no attribute 'timed_out_until'
INFO:asu_discord.cogs.verification:Saved 5 roles to database for user cwalsman (Discord ID: 797215963853488156)
INFO:asu_discord.cogs.verification:Refreshed Salesforce roles for Discord user 797215963853488156: -5/+5 roles, assigned=[Ira A. Fulton Schools of Engineering, Online, Out of State, Transfer Student, Upperclassmen]
Ignoring exception in on_member_update
Traceback (most recent call last):
  File "/usr/local/lib/python3.12/site-packages/discord/client.py", line 465, in _run_event
    await coro(*args, **kwargs)
  File "/app/asu_discord/cogs/analytics.py", line 652, in on_member_update
    before_timeout = before.timed_out_until
                     ^^^^^^^^^^^^^^^^^^^^^^
AttributeError: 'Member' object has no attribute 'timed_out_until'
Ignoring exception in on_member_update
Traceback (most recent call last):
  File "/usr/local/lib/python3.12/site-packages/discord/client.py", line 465, in _run_event
    await coro(*args, **kwargs)
  File "/app/asu_discord/cogs/analytics.py", line 652, in on_member_update
    before_timeout = before.timed_out_until
                     ^^^^^^^^^^^^^^^^^^^^^^
AttributeError: 'Member' object has no attribute 'timed_out_until'
Ignoring exception in on_member_update
Traceback (most recent call last):
  File "/usr/local/lib/python3.12/site-packages/discord/client.py", line 465, in _run_event
    await coro(*args, **kwargs)
  File "/app/asu_discord/cogs/analytics.py", line 652, in on_member_update
    before_timeout = before.timed_out_until
                     ^^^^^^^^^^^^^^^^^^^^^^
AttributeError: 'Member' object has no attribute 'timed_out_until'
Ignoring exception in on_member_update
Traceback (most recent call last):
  File "/usr/local/lib/python3.12/site-packages/discord/client.py", line 465, in _run_event
    await coro(*args, **kwargs)
  File "/app/asu_discord/cogs/analytics.py", line 652, in on_member_update
    before_timeout = before.timed_out_until
                     ^^^^^^^^^^^^^^^^^^^^^^
AttributeError: 'Member' object has no attribute 'timed_out_until'
Ignoring exception in on_member_update
Traceback (most recent call last):
  File "/usr/local/lib/python3.12/site-packages/discord/client.py", line 465, in _run_event
    await coro(*args, **kwargs)
  File "/app/asu_discord/cogs/analytics.py", line 652, in on_member_update
    before_timeout = before.timed_out_until
                     ^^^^^^^^^^^^^^^^^^^^^^
AttributeError: 'Member' object has no attribute 'timed_out_until'
Ignoring exception in on_member_update
Traceback (most recent call last):
  File "/usr/local/lib/python3.12/site-packages/discord/client.py", line 465, in _run_event
    await coro(*args, **kwargs)
  File "/app/asu_discord/cogs/analytics.py", line 652, in on_member_update
    before_timeout = before.timed_out_until
                     ^^^^^^^^^^^^^^^^^^^^^^
AttributeError: 'Member' object has no attribute 'timed_out_until'
Ignoring exception in on_member_update
Traceback (most recent call last):
  File "/usr/local/lib/python3.12/site-packages/discord/client.py", line 465, in _run_event
    await coro(*args, **kwargs)
  File "/app/asu_discord/cogs/analytics.py", line 652, in on_member_update
    before_timeout = before.timed_out_until
                     ^^^^^^^^^^^^^^^^^^^^^^
AttributeError: 'Member' object has no attribute 'timed_out_until'
Ignoring exception in on_member_update
Traceback (most recent call last):
  File "/usr/local/lib/python3.12/site-packages/discord/client.py", line 465, in _run_event
    await coro(*args, **kwargs)
  File "/app/asu_discord/cogs/analytics.py", line 652, in on_member_update
    before_timeout = before.timed_out_until
                     ^^^^^^^^^^^^^^^^^^^^^^
AttributeError: 'Member' object has no attribute 'timed_out_until'
Ignoring exception in on_member_update
Traceback (most recent call last):
  File "/usr/local/lib/python3.12/site-packages/discord/client.py", line 465, in _run_event
    await coro(*args, **kwargs)
  File "/app/asu_discord/cogs/analytics.py", line 652, in on_member_update
    before_timeout = before.timed_out_until
                     ^^^^^^^^^^^^^^^^^^^^^^
AttributeError: 'Member' object has no attribute 'timed_out_until'
Ignoring exception in on_member_update
Traceback (most recent call last):
  File "/usr/local/lib/python3.12/site-packages/discord/client.py", line 465, in _run_event
    await coro(*args, **kwargs)
  File "/app/asu_discord/cogs/analytics.py", line 652, in on_member_update
    before_timeout = before.timed_out_until
                     ^^^^^^^^^^^^^^^^^^^^^^
AttributeError: 'Member' object has no attribute 'timed_out_until'
INFO:asu_discord.cogs.verification:Saved 5 roles to database for user rgoodw13 (Discord ID: 291965072773742604)
INFO:asu_discord.cogs.verification:Refreshed Salesforce roles for Discord user 291965072773742604: -5/+5 roles, assigned=[Arizona Resident, First Year, Ira A. Fulton Schools of Engineering, Online, Tempe]
ERROR:cron.jobs:refresh_salesforce_roles: failed for drbaca (Discord ID 694295020374720522): Failed to refresh Salesforce-based roles: Discord user 694295020374720522 is not a member of the guild
Ignoring exception in on_member_update
Traceback (most recent call last):
  File "/usr/local/lib/python3.12/site-packages/discord/client.py", line 465, in _run_event
    await coro(*args, **kwargs)
  File "/app/asu_discord/cogs/analytics.py", line 652, in on_member_update
    before_timeout = before.timed_out_until
                     ^^^^^^^^^^^^^^^^^^^^^^
AttributeError: 'Member' object has no attribute 'timed_out_until'
Ignoring exception in on_member_update
Traceback (most recent call last):
  File "/usr/local/lib/python3.12/site-packages/discord/client.py", line 465, in _run_event
    await coro(*args, **kwargs)
  File "/app/asu_discord/cogs/analytics.py", line 652, in on_member_update
    before_timeout = before.timed_out_until
                     ^^^^^^^^^^^^^^^^^^^^^^
AttributeError: 'Member' object has no attribute 'timed_out_until'
INFO:asu_discord.cogs.verification:Saved 1 roles to database for user klspark4 (Discord ID: 1448727874063437866)
INFO:asu_discord.cogs.verification:Refreshed Salesforce roles for Discord user 1448727874063437866: -1/+1 roles, assigned=[Out of State]
Ignoring exception in on_member_update
Traceback (most recent call last):
  File "/usr/local/lib/python3.12/site-packages/discord/client.py", line 465, in _run_event
    await coro(*args, **kwargs)
  File "/app/asu_discord/cogs/analytics.py", line 652, in on_member_update
    before_timeout = before.timed_out_until
                     ^^^^^^^^^^^^^^^^^^^^^^
AttributeError: 'Member' object has no attribute 'timed_out_until'
Ignoring exception in on_member_update
Traceback (most recent call last):
  File "/usr/local/lib/python3.12/site-packages/discord/client.py", line 465, in _run_event
    await coro(*args, **kwargs)
  File "/app/asu_discord/cogs/analytics.py", line 652, in on_member_update
    before_timeout = before.timed_out_until
                     ^^^^^^^^^^^^^^^^^^^^^^
AttributeError: 'Member' object has no attribute 'timed_out_until'
Ignoring exception in on_member_update
Traceback (most recent call last):
  File "/usr/local/lib/python3.12/site-packages/discord/client.py", line 465, in _run_event
    await coro(*args, **kwargs)
  File "/app/asu_discord/cogs/analytics.py", line 652, in on_member_update
    before_timeout = before.timed_out_until
                     ^^^^^^^^^^^^^^^^^^^^^^
AttributeError: 'Member' object has no attribute 'timed_out_until'
Ignoring exception in on_member_update
Traceback (most recent call last):
  File "/usr/local/lib/python3.12/site-packages/discord/client.py", line 465, in _run_event
    await coro(*args, **kwargs)
  File "/app/asu_discord/cogs/analytics.py", line 652, in on_member_update
    before_timeout = before.timed_out_until
                     ^^^^^^^^^^^^^^^^^^^^^^
AttributeError: 'Member' object has no attribute 'timed_out_until'
Ignoring exception in on_member_update
Traceback (most recent call last):
  File "/usr/local/lib/python3.12/site-packages/discord/client.py", line 465, in _run_event
    await coro(*args, **kwargs)
  File "/app/asu_discord/cogs/analytics.py", line 652, in on_member_update
    before_timeout = before.timed_out_until
                     ^^^^^^^^^^^^^^^^^^^^^^
AttributeError: 'Member' object has no attribute 'timed_out_until'
Ignoring exception in on_member_update
Traceback (most recent call last):
  File "/usr/local/lib/python3.12/site-packages/discord/client.py", line 465, in _run_event
    await coro(*args, **kwargs)
  File "/app/asu_discord/cogs/analytics.py", line 652, in on_member_update
    before_timeout = before.timed_out_until
                     ^^^^^^^^^^^^^^^^^^^^^^
AttributeError: 'Member' object has no attribute 'timed_out_until'
Ignoring exception in on_member_update
Traceback (most recent call last):
  File "/usr/local/lib/python3.12/site-packages/discord/client.py", line 465, in _run_event
    await coro(*args, **kwargs)
  File "/app/asu_discord/cogs/analytics.py", line 652, in on_member_update
    before_timeout = before.timed_out_until
                     ^^^^^^^^^^^^^^^^^^^^^^
AttributeError: 'Member' object has no attribute 'timed_out_until'
Ignoring exception in on_member_update
Traceback (most recent call last):
  File "/usr/local/lib/python3.12/site-packages/discord/client.py", line 465, in _run_event
    await coro(*args, **kwargs)
  File "/app/asu_discord/cogs/analytics.py", line 652, in on_member_update
    before_timeout = before.timed_out_until
                     ^^^^^^^^^^^^^^^^^^^^^^
AttributeError: 'Member' object has no attribute 'timed_out_until'
Ignoring exception in on_member_update
Traceback (most recent call last):
  File "/usr/local/lib/python3.12/site-packages/discord/client.py", line 465, in _run_event
    await coro(*args, **kwargs)
  File "/app/asu_discord/cogs/analytics.py", line 652, in on_member_update
    before_timeout = before.timed_out_until
                     ^^^^^^^^^^^^^^^^^^^^^^
AttributeError: 'Member' object has no attribute 'timed_out_until'
Ignoring exception in on_member_update
Traceback (most recent call last):
  File "/usr/local/lib/python3.12/site-packages/discord/client.py", line 465, in _run_event
    await coro(*args, **kwargs)
  File "/app/asu_discord/cogs/analytics.py", line 652, in on_member_update
    before_timeout = before.timed_out_until
                     ^^^^^^^^^^^^^^^^^^^^^^
AttributeError: 'Member' object has no attribute 'timed_out_until'
Ignoring exception in on_member_update
Traceback (most recent call last):
  File "/usr/local/lib/python3.12/site-packages/discord/client.py", line 465, in _run_event
    await coro(*args, **kwargs)
  File "/app/asu_discord/cogs/analytics.py", line 652, in on_member_update
    before_timeout = before.timed_out_until
                     ^^^^^^^^^^^^^^^^^^^^^^
AttributeError: 'Member' object has no attribute 'timed_out_until'
Ignoring exception in on_member_update
Traceback (most recent call last):
  File "/usr/local/lib/python3.12/site-packages/discord/client.py", line 465, in _run_event
    await coro(*args, **kwargs)
  File "/app/asu_discord/cogs/analytics.py", line 652, in on_member_update
    before_timeout = before.timed_out_until
                     ^^^^^^^^^^^^^^^^^^^^^^
AttributeError: 'Member' object has no attribute 'timed_out_until'
INFO:asu_discord.cogs.verification:Saved 6 roles to database for user jshamoo2 (Discord ID: 808856197993201676)
INFO:asu_discord.cogs.verification:Refreshed Salesforce roles for Discord user 808856197993201676: -6/+6 roles, assigned=[Arizona Resident, Commited, Downtown Phoenix, Edson College of Nursing and Health Innovation, First Generation Student, First Year]
Ignoring exception in on_member_update
Traceback (most recent call last):
  File "/usr/local/lib/python3.12/site-packages/discord/client.py", line 465, in _run_event
    await coro(*args, **kwargs)
  File "/app/asu_discord/cogs/analytics.py", line 652, in on_member_update
    before_timeout = before.timed_out_until
                     ^^^^^^^^^^^^^^^^^^^^^^
AttributeError: 'Member' object has no attribute 'timed_out_until'
Ignoring exception in on_member_update
Traceback (most recent call last):
  File "/usr/local/lib/python3.12/site-packages/discord/client.py", line 465, in _run_event
    await coro(*args, **kwargs)
  File "/app/asu_discord/cogs/analytics.py", line 652, in on_member_update
    before_timeout = before.timed_out_until
                     ^^^^^^^^^^^^^^^^^^^^^^
AttributeError: 'Member' object has no attribute 'timed_out_until'
Ignoring exception in on_member_update
Traceback (most recent call last):
  File "/usr/local/lib/python3.12/site-packages/discord/client.py", line 465, in _run_event
    await coro(*args, **kwargs)
  File "/app/asu_discord/cogs/analytics.py", line 652, in on_member_update
    before_timeout = before.timed_out_until
                     ^^^^^^^^^^^^^^^^^^^^^^
AttributeError: 'Member' object has no attribute 'timed_out_until'
Ignoring exception in on_member_update
Traceback (most recent call last):
  File "/usr/local/lib/python3.12/site-packages/discord/client.py", line 465, in _run_event
    await coro(*args, **kwargs)
  File "/app/asu_discord/cogs/analytics.py", line 652, in on_member_update
    before_timeout = before.timed_out_until
                     ^^^^^^^^^^^^^^^^^^^^^^
AttributeError: 'Member' object has no attribute 'timed_out_until'
Ignoring exception in on_member_update
Traceback (most recent call last):
  File "/usr/local/lib/python3.12/site-packages/discord/client.py", line 465, in _run_event
    await coro(*args, **kwargs)
  File "/app/asu_discord/cogs/analytics.py", line 652, in on_member_update
    before_timeout = before.timed_out_until
                     ^^^^^^^^^^^^^^^^^^^^^^
AttributeError: 'Member' object has no attribute 'timed_out_until'
Ignoring exception in on_member_update
Traceback (most recent call last):
  File "/usr/local/lib/python3.12/site-packages/discord/client.py", line 465, in _run_event
    await coro(*args, **kwargs)
  File "/app/asu_discord/cogs/analytics.py", line 652, in on_member_update
    before_timeout = before.timed_out_until
                     ^^^^^^^^^^^^^^^^^^^^^^
AttributeError: 'Member' object has no attribute 'timed_out_until'
Ignoring exception in on_member_update
Traceback (most recent call last):
  File "/usr/local/lib/python3.12/site-packages/discord/client.py", line 465, in _run_event
    await coro(*args, **kwargs)
  File "/app/asu_discord/cogs/analytics.py", line 652, in on_member_update
    before_timeout = before.timed_out_until
                     ^^^^^^^^^^^^^^^^^^^^^^
AttributeError: 'Member' object has no attribute 'timed_out_until'
Ignoring exception in on_member_update
Traceback (most recent call last):
  File "/usr/local/lib/python3.12/site-packages/discord/client.py", line 465, in _run_event
    await coro(*args, **kwargs)
  File "/app/asu_discord/cogs/analytics.py", line 652, in on_member_update
    before_timeout = before.timed_out_until
                     ^^^^^^^^^^^^^^^^^^^^^^
AttributeError: 'Member' object has no attribute 'timed_out_until'
Ignoring exception in on_member_update
Traceback (most recent call last):
  File "/usr/local/lib/python3.12/site-packages/discord/client.py", line 465, in _run_event
    await coro(*args, **kwargs)
  File "/app/asu_discord/cogs/analytics.py", line 652, in on_member_update
    before_timeout = before.timed_out_until
                     ^^^^^^^^^^^^^^^^^^^^^^
AttributeError: 'Member' object has no attribute 'timed_out_until'
Ignoring exception in on_member_update
Traceback (most recent call last):
  File "/usr/local/lib/python3.12/site-packages/discord/client.py", line 465, in _run_event
    await coro(*args, **kwargs)
  File "/app/asu_discord/cogs/analytics.py", line 652, in on_member_update
    before_timeout = before.timed_out_until
                     ^^^^^^^^^^^^^^^^^^^^^^
AttributeError: 'Member' object has no attribute 'timed_out_until'
INFO:asu_discord.cogs.verification:Saved 5 roles to database for user adutton4 (Discord ID: 475148043180572673)
INFO:asu_discord.cogs.verification:Refreshed Salesforce roles for Discord user 475148043180572673: -5/+5 roles, assigned=[Arizona Resident, College of Liberal Arts and Sciences, First Generation Student, First Year, Polytechnic]
Ignoring exception in on_member_update
Traceback (most recent call last):
  File "/usr/local/lib/python3.12/site-packages/discord/client.py", line 465, in _run_event
    await coro(*args, **kwargs)
  File "/app/asu_discord/cogs/analytics.py", line 652, in on_member_update
    before_timeout = before.timed_out_until
                     ^^^^^^^^^^^^^^^^^^^^^^
AttributeError: 'Member' object has no attribute 'timed_out_until'
Ignoring exception in on_member_update
Traceback (most recent call last):
  File "/usr/local/lib/python3.12/site-packages/discord/client.py", line 465, in _run_event
    await coro(*args, **kwargs)
  File "/app/asu_discord/cogs/analytics.py", line 652, in on_member_update
    before_timeout = before.timed_out_until
                     ^^^^^^^^^^^^^^^^^^^^^^
AttributeError: 'Member' object has no attribute 'timed_out_until'
Ignoring exception in on_member_update
Traceback (most recent call last):
  File "/usr/local/lib/python3.12/site-packages/discord/client.py", line 465, in _run_event
    await coro(*args, **kwargs)
  File "/app/asu_discord/cogs/analytics.py", line 652, in on_member_update
    before_timeout = before.timed_out_until
                     ^^^^^^^^^^^^^^^^^^^^^^
AttributeError: 'Member' object has no attribute 'timed_out_until'
Ignoring exception in on_member_update
Traceback (most recent call last):
  File "/usr/local/lib/python3.12/site-packages/discord/client.py", line 465, in _run_event
    await coro(*args, **kwargs)
  File "/app/asu_discord/cogs/analytics.py", line 652, in on_member_update
    before_timeout = before.timed_out_until
                     ^^^^^^^^^^^^^^^^^^^^^^
AttributeError: 'Member' object has no attribute 'timed_out_until'
Ignoring exception in on_member_update
Traceback (most recent call last):
  File "/usr/local/lib/python3.12/site-packages/discord/client.py", line 465, in _run_event
    await coro(*args, **kwargs)
  File "/app/asu_discord/cogs/analytics.py", line 652, in on_member_update
    before_timeout = before.timed_out_until
                     ^^^^^^^^^^^^^^^^^^^^^^
AttributeError: 'Member' object has no attribute 'timed_out_until'
Ignoring exception in on_member_update
Traceback (most recent call last):
  File "/usr/local/lib/python3.12/site-packages/discord/client.py", line 465, in _run_event
    await coro(*args, **kwargs)
  File "/app/asu_discord/cogs/analytics.py", line 652, in on_member_update
    before_timeout = before.timed_out_until
                     ^^^^^^^^^^^^^^^^^^^^^^
AttributeError: 'Member' object has no attribute 'timed_out_until'
Ignoring exception in on_member_update
Traceback (most recent call last):
  File "/usr/local/lib/python3.12/site-packages/discord/client.py", line 465, in _run_event
    await coro(*args, **kwargs)
  File "/app/asu_discord/cogs/analytics.py", line 652, in on_member_update
    before_timeout = before.timed_out_until
                     ^^^^^^^^^^^^^^^^^^^^^^
AttributeError: 'Member' object has no attribute 'timed_out_until'
Ignoring exception in on_member_update
Traceback (most recent call last):
  File "/usr/local/lib/python3.12/site-packages/discord/client.py", line 465, in _run_event
    await coro(*args, **kwargs)
  File "/app/asu_discord/cogs/analytics.py", line 652, in on_member_update
    before_timeout = before.timed_out_until
                     ^^^^^^^^^^^^^^^^^^^^^^
AttributeError: 'Member' object has no attribute 'timed_out_until'
Ignoring exception in on_member_update
Traceback (most recent call last):
  File "/usr/local/lib/python3.12/site-packages/discord/client.py", line 465, in _run_event
    await coro(*args, **kwargs)
  File "/app/asu_discord/cogs/analytics.py", line 652, in on_member_update
    before_timeout = before.timed_out_until
                     ^^^^^^^^^^^^^^^^^^^^^^
AttributeError: 'Member' object has no attribute 'timed_out_until'
Ignoring exception in on_member_update
Traceback (most recent call last):
  File "/usr/local/lib/python3.12/site-packages/discord/client.py", line 465, in _run_event
    await coro(*args, **kwargs)
  File "/app/asu_discord/cogs/analytics.py", line 652, in on_member_update
    before_timeout = before.timed_out_until
                     ^^^^^^^^^^^^^^^^^^^^^^
AttributeError: 'Member' object has no attribute 'timed_out_until'
Ignoring exception in on_member_update
Traceback (most recent call last):
  File "/usr/local/lib/python3.12/site-packages/discord/client.py", line 465, in _run_event
    await coro(*args, **kwargs)
  File "/app/asu_discord/cogs/analytics.py", line 652, in on_member_update
    before_timeout = before.timed_out_until
                     ^^^^^^^^^^^^^^^^^^^^^^
AttributeError: 'Member' object has no attribute 'timed_out_until'
Ignoring exception in on_member_update
Traceback (most recent call last):
  File "/usr/local/lib/python3.12/site-packages/discord/client.py", line 465, in _run_event
    await coro(*args, **kwargs)
  File "/app/asu_discord/cogs/analytics.py", line 652, in on_member_update
    before_timeout = before.timed_out_until
                     ^^^^^^^^^^^^^^^^^^^^^^
AttributeError: 'Member' object has no attribute 'timed_out_until'
INFO:asu_discord.cogs.verification:Saved 6 roles to database for user saflor22 (Discord ID: 1449445066157592820)
INFO:asu_discord.cogs.verification:Refreshed Salesforce roles for Discord user 1449445066157592820: -6/+6 roles, assigned=[Arizona Resident, Commited, First Generation Student, First Year, W.P. Carey School of Business, West Valley]
Ignoring exception in on_member_update
Traceback (most recent call last):
  File "/usr/local/lib/python3.12/site-packages/discord/client.py", line 465, in _run_event
    await coro(*args, **kwargs)
  File "/app/asu_discord/cogs/analytics.py", line 652, in on_member_update
    before_timeout = before.timed_out_until
                     ^^^^^^^^^^^^^^^^^^^^^^
AttributeError: 'Member' object has no attribute 'timed_out_until'
Ignoring exception in on_member_update
Traceback (most recent call last):
  File "/usr/local/lib/python3.12/site-packages/discord/client.py", line 465, in _run_event
    await coro(*args, **kwargs)
  File "/app/asu_discord/cogs/analytics.py", line 652, in on_member_update
    before_timeout = before.timed_out_until
                     ^^^^^^^^^^^^^^^^^^^^^^
AttributeError: 'Member' object has no attribute 'timed_out_until'
Ignoring exception in on_member_update
Traceback (most recent call last):
  File "/usr/local/lib/python3.12/site-packages/discord/client.py", line 465, in _run_event
    await coro(*args, **kwargs)
  File "/app/asu_discord/cogs/analytics.py", line 652, in on_member_update
    before_timeout = before.timed_out_until
                     ^^^^^^^^^^^^^^^^^^^^^^
AttributeError: 'Member' object has no attribute 'timed_out_until'
Ignoring exception in on_member_update
Traceback (most recent call last):
  File "/usr/local/lib/python3.12/site-packages/discord/client.py", line 465, in _run_event
    await coro(*args, **kwargs)
  File "/app/asu_discord/cogs/analytics.py", line 652, in on_member_update
    before_timeout = before.timed_out_until
                     ^^^^^^^^^^^^^^^^^^^^^^
AttributeError: 'Member' object has no attribute 'timed_out_until'
Ignoring exception in on_member_update
Traceback (most recent call last):
  File "/usr/local/lib/python3.12/site-packages/discord/client.py", line 465, in _run_event
    await coro(*args, **kwargs)
  File "/app/asu_discord/cogs/analytics.py", line 652, in on_member_update
    before_timeout = before.timed_out_until
                     ^^^^^^^^^^^^^^^^^^^^^^
AttributeError: 'Member' object has no attribute 'timed_out_until'
Ignoring exception in on_member_update
Traceback (most recent call last):
  File "/usr/local/lib/python3.12/site-packages/discord/client.py", line 465, in _run_event
    await coro(*args, **kwargs)
  File "/app/asu_discord/cogs/analytics.py", line 652, in on_member_update
    before_timeout = before.timed_out_until
                     ^^^^^^^^^^^^^^^^^^^^^^
AttributeError: 'Member' object has no attribute 'timed_out_until'
Ignoring exception in on_member_update
Traceback (most recent call last):
  File "/usr/local/lib/python3.12/site-packages/discord/client.py", line 465, in _run_event
    await coro(*args, **kwargs)
  File "/app/asu_discord/cogs/analytics.py", line 652, in on_member_update
    before_timeout = before.timed_out_until
                     ^^^^^^^^^^^^^^^^^^^^^^
AttributeError: 'Member' object has no attribute 'timed_out_until'
Ignoring exception in on_member_update
Traceback (most recent call last):
  File "/usr/local/lib/python3.12/site-packages/discord/client.py", line 465, in _run_event
    await coro(*args, **kwargs)
  File "/app/asu_discord/cogs/analytics.py", line 652, in on_member_update
    before_timeout = before.timed_out_until
                     ^^^^^^^^^^^^^^^^^^^^^^
AttributeError: 'Member' object has no attribute 'timed_out_until'
Ignoring exception in on_member_update
Traceback (most recent call last):
  File "/usr/local/lib/python3.12/site-packages/discord/client.py", line 465, in _run_event
    await coro(*args, **kwargs)
  File "/app/asu_discord/cogs/analytics.py", line 652, in on_member_update
    before_timeout = before.timed_out_until
                     ^^^^^^^^^^^^^^^^^^^^^^
AttributeError: 'Member' object has no attribute 'timed_out_until'
Ignoring exception in on_member_update
Traceback (most recent call last):
  File "/usr/local/lib/python3.12/site-packages/discord/client.py", line 465, in _run_event
    await coro(*args, **kwargs)
  File "/app/asu_discord/cogs/analytics.py", line 652, in on_member_update
    before_timeout = before.timed_out_until
                     ^^^^^^^^^^^^^^^^^^^^^^
AttributeError: 'Member' object has no attribute 'timed_out_until'
INFO:asu_discord.cogs.verification:Saved 5 roles to database for user twilso92 (Discord ID: 1367998961054519429)
INFO:asu_discord.cogs.verification:Refreshed Salesforce roles for Discord user 1367998961054519429: -5/+5 roles, assigned=[Arizona Resident, College of Integrative Sciences and Arts, First Generation Student, First Year, Polytechnic]
Ignoring exception in on_member_update
Traceback (most recent call last):
  File "/usr/local/lib/python3.12/site-packages/discord/client.py", line 465, in _run_event
    await coro(*args, **kwargs)
  File "/app/asu_discord/cogs/analytics.py", line 652, in on_member_update
    before_timeout = before.timed_out_until
                     ^^^^^^^^^^^^^^^^^^^^^^
AttributeError: 'Member' object has no attribute 'timed_out_until'
Ignoring exception in on_member_update
Traceback (most recent call last):
  File "/usr/local/lib/python3.12/site-packages/discord/client.py", line 465, in _run_event
    await coro(*args, **kwargs)
  File "/app/asu_discord/cogs/analytics.py", line 652, in on_member_update
    before_timeout = before.timed_out_until
                     ^^^^^^^^^^^^^^^^^^^^^^
AttributeError: 'Member' object has no attribute 'timed_out_until'
Ignoring exception in on_member_update
Traceback (most recent call last):
  File "/usr/local/lib/python3.12/site-packages/discord/client.py", line 465, in _run_event
    await coro(*args, **kwargs)
  File "/app/asu_discord/cogs/analytics.py", line 652, in on_member_update
    before_timeout = before.timed_out_until
                     ^^^^^^^^^^^^^^^^^^^^^^
AttributeError: 'Member' object has no attribute 'timed_out_until'
Ignoring exception in on_member_update
Traceback (most recent call last):
  File "/usr/local/lib/python3.12/site-packages/discord/client.py", line 465, in _run_event
    await coro(*args, **kwargs)
  File "/app/asu_discord/cogs/analytics.py", line 652, in on_member_update
    before_timeout = before.timed_out_until
                     ^^^^^^^^^^^^^^^^^^^^^^
AttributeError: 'Member' object has no attribute 'timed_out_until'
Ignoring exception in on_member_update
Traceback (most recent call last):
  File "/usr/local/lib/python3.12/site-packages/discord/client.py", line 465, in _run_event
    await coro(*args, **kwargs)
  File "/app/asu_discord/cogs/analytics.py", line 652, in on_member_update
    before_timeout = before.timed_out_until
                     ^^^^^^^^^^^^^^^^^^^^^^
AttributeError: 'Member' object has no attribute 'timed_out_until'
Ignoring exception in on_member_update
Traceback (most recent call last):
  File "/usr/local/lib/python3.12/site-packages/discord/client.py", line 465, in _run_event
    await coro(*args, **kwargs)
  File "/app/asu_discord/cogs/analytics.py", line 652, in on_member_update
    before_timeout = before.timed_out_until
                     ^^^^^^^^^^^^^^^^^^^^^^
AttributeError: 'Member' object has no attribute 'timed_out_until'
Ignoring exception in on_member_update
Traceback (most recent call last):
  File "/usr/local/lib/python3.12/site-packages/discord/client.py", line 465, in _run_event
    await coro(*args, **kwargs)
  File "/app/asu_discord/cogs/analytics.py", line 652, in on_member_update
    before_timeout = before.timed_out_until
                     ^^^^^^^^^^^^^^^^^^^^^^
AttributeError: 'Member' object has no attribute 'timed_out_until'
Ignoring exception in on_member_update
Traceback (most recent call last):
  File "/usr/local/lib/python3.12/site-packages/discord/client.py", line 465, in _run_event
    await coro(*args, **kwargs)
  File "/app/asu_discord/cogs/analytics.py", line 652, in on_member_update
    before_timeout = before.timed_out_until
                     ^^^^^^^^^^^^^^^^^^^^^^
AttributeError: 'Member' object has no attribute 'timed_out_until'
INFO:asu_discord.cogs.verification:Saved 4 roles to database for user galaufi (Discord ID: 768872615547895929)
INFO:asu_discord.cogs.verification:Refreshed Salesforce roles for Discord user 768872615547895929: -4/+4 roles, assigned=[First Year, International Student, Ira A. Fulton Schools of Engineering, West Valley]
Ignoring exception in on_member_update
Traceback (most recent call last):
  File "/usr/local/lib/python3.12/site-packages/discord/client.py", line 465, in _run_event
    await coro(*args, **kwargs)
  File "/app/asu_discord/cogs/analytics.py", line 652, in on_member_update
    before_timeout = before.timed_out_until
                     ^^^^^^^^^^^^^^^^^^^^^^
AttributeError: 'Member' object has no attribute 'timed_out_until'
INFO:asu_discord.cogs.verification:Saved 1 roles to database for user wkaesche (Discord ID: 779795441025024042)
INFO:asu_discord.cogs.verification:Refreshed Salesforce roles for Discord user 779795441025024042: -1/+0 roles, assigned=[Arizona Resident]
ERROR:cron.jobs:refresh_salesforce_roles: failed for dbasioun (Discord ID 878929207537831936): Failed to refresh Salesforce-based roles: Discord user 878929207537831936 is not a member of the guild
Ignoring exception in on_member_update
Traceback (most recent call last):
  File "/usr/local/lib/python3.12/site-packages/discord/client.py", line 465, in _run_event
    await coro(*args, **kwargs)
  File "/app/asu_discord/cogs/analytics.py", line 652, in on_member_update
    before_timeout = before.timed_out_until
                     ^^^^^^^^^^^^^^^^^^^^^^
AttributeError: 'Member' object has no attribute 'timed_out_until'
Ignoring exception in on_member_update
Traceback (most recent call last):
  File "/usr/local/lib/python3.12/site-packages/discord/client.py", line 465, in _run_event
    await coro(*args, **kwargs)
  File "/app/asu_discord/cogs/analytics.py", line 652, in on_member_update
    before_timeout = before.timed_out_until
                     ^^^^^^^^^^^^^^^^^^^^^^
AttributeError: 'Member' object has no attribute 'timed_out_until'
Ignoring exception in on_member_update
Traceback (most recent call last):
  File "/usr/local/lib/python3.12/site-packages/discord/client.py", line 465, in _run_event
    await coro(*args, **kwargs)
  File "/app/asu_discord/cogs/analytics.py", line 652, in on_member_update
    before_timeout = before.timed_out_until
                     ^^^^^^^^^^^^^^^^^^^^^^
AttributeError: 'Member' object has no attribute 'timed_out_until'
Ignoring exception in on_member_update
Traceback (most recent call last):
  File "/usr/local/lib/python3.12/site-packages/discord/client.py", line 465, in _run_event
    await coro(*args, **kwargs)
  File "/app/asu_discord/cogs/analytics.py", line 652, in on_member_update
    before_timeout = before.timed_out_until
                     ^^^^^^^^^^^^^^^^^^^^^^
AttributeError: 'Member' object has no attribute 'timed_out_until'
Ignoring exception in on_member_update
Traceback (most recent call last):
  File "/usr/local/lib/python3.12/site-packages/discord/client.py", line 465, in _run_event
    await coro(*args, **kwargs)
  File "/app/asu_discord/cogs/analytics.py", line 652, in on_member_update
    before_timeout = before.timed_out_until
                     ^^^^^^^^^^^^^^^^^^^^^^
AttributeError: 'Member' object has no attribute 'timed_out_until'
Ignoring exception in on_member_update
Traceback (most recent call last):
  File "/usr/local/lib/python3.12/site-packages/discord/client.py", line 465, in _run_event
    await coro(*args, **kwargs)
  File "/app/asu_discord/cogs/analytics.py", line 652, in on_member_update
    before_timeout = before.timed_out_until
                     ^^^^^^^^^^^^^^^^^^^^^^
AttributeError: 'Member' object has no attribute 'timed_out_until'
Ignoring exception in on_member_update
Traceback (most recent call last):
  File "/usr/local/lib/python3.12/site-packages/discord/client.py", line 465, in _run_event
    await coro(*args, **kwargs)
  File "/app/asu_discord/cogs/analytics.py", line 652, in on_member_update
    before_timeout = before.timed_out_until
                     ^^^^^^^^^^^^^^^^^^^^^^
AttributeError: 'Member' object has no attribute 'timed_out_until'
Ignoring exception in on_member_update
Traceback (most recent call last):
  File "/usr/local/lib/python3.12/site-packages/discord/client.py", line 465, in _run_event
    await coro(*args, **kwargs)
  File "/app/asu_discord/cogs/analytics.py", line 652, in on_member_update
    before_timeout = before.timed_out_until
                     ^^^^^^^^^^^^^^^^^^^^^^
AttributeError: 'Member' object has no attribute 'timed_out_until'
Ignoring exception in on_member_update
Traceback (most recent call last):
  File "/usr/local/lib/python3.12/site-packages/discord/client.py", line 465, in _run_event
    await coro(*args, **kwargs)
  File "/app/asu_discord/cogs/analytics.py", line 652, in on_member_update
    before_timeout = before.timed_out_until
                     ^^^^^^^^^^^^^^^^^^^^^^
AttributeError: 'Member' object has no attribute 'timed_out_until'
Ignoring exception in on_member_update
Traceback (most recent call last):
  File "/usr/local/lib/python3.12/site-packages/discord/client.py", line 465, in _run_event
    await coro(*args, **kwargs)
  File "/app/asu_discord/cogs/analytics.py", line 652, in on_member_update
    before_timeout = before.timed_out_until
                     ^^^^^^^^^^^^^^^^^^^^^^
AttributeError: 'Member' object has no attribute 'timed_out_until'
INFO:asu_discord.cogs.verification:Saved 6 roles to database for user jaflor68 (Discord ID: 1409037985046855731)
INFO:asu_discord.cogs.verification:Refreshed Salesforce roles for Discord user 1409037985046855731: -5/+6 roles, assigned=[College of Liberal Arts and Sciences, First Generation Student, Online, Out of State, Transfer Student, Upperclassmen]
Ignoring exception in on_member_update
Traceback (most recent call last):
  File "/usr/local/lib/python3.12/site-packages/discord/client.py", line 465, in _run_event
    await coro(*args, **kwargs)
  File "/app/asu_discord/cogs/analytics.py", line 652, in on_member_update
    before_timeout = before.timed_out_until
                     ^^^^^^^^^^^^^^^^^^^^^^
AttributeError: 'Member' object has no attribute 'timed_out_until'
Ignoring exception in on_member_update
Traceback (most recent call last):
  File "/usr/local/lib/python3.12/site-packages/discord/client.py", line 465, in _run_event
    await coro(*args, **kwargs)
  File "/app/asu_discord/cogs/analytics.py", line 652, in on_member_update
    before_timeout = before.timed_out_until
                     ^^^^^^^^^^^^^^^^^^^^^^
AttributeError: 'Member' object has no attribute 'timed_out_until'
Ignoring exception in on_member_update
Traceback (most recent call last):
  File "/usr/local/lib/python3.12/site-packages/discord/client.py", line 465, in _run_event
    await coro(*args, **kwargs)
  File "/app/asu_discord/cogs/analytics.py", line 652, in on_member_update
    before_timeout = before.timed_out_until
                     ^^^^^^^^^^^^^^^^^^^^^^
AttributeError: 'Member' object has no attribute 'timed_out_until'
Ignoring exception in on_member_update
Traceback (most recent call last):
  File "/usr/local/lib/python3.12/site-packages/discord/client.py", line 465, in _run_event
    await coro(*args, **kwargs)
  File "/app/asu_discord/cogs/analytics.py", line 652, in on_member_update
    before_timeout = before.timed_out_until
                     ^^^^^^^^^^^^^^^^^^^^^^
AttributeError: 'Member' object has no attribute 'timed_out_until'
Ignoring exception in on_member_update
Traceback (most recent call last):
  File "/usr/local/lib/python3.12/site-packages/discord/client.py", line 465, in _run_event
    await coro(*args, **kwargs)
  File "/app/asu_discord/cogs/analytics.py", line 652, in on_member_update
    before_timeout = before.timed_out_until
                     ^^^^^^^^^^^^^^^^^^^^^^
AttributeError: 'Member' object has no attribute 'timed_out_until'
Ignoring exception in on_member_update
Traceback (most recent call last):
  File "/usr/local/lib/python3.12/site-packages/discord/client.py", line 465, in _run_event
    await coro(*args, **kwargs)
  File "/app/asu_discord/cogs/analytics.py", line 652, in on_member_update
    before_timeout = before.timed_out_until
                     ^^^^^^^^^^^^^^^^^^^^^^
AttributeError: 'Member' object has no attribute 'timed_out_until'
Ignoring exception in on_member_update
Traceback (most recent call last):
  File "/usr/local/lib/python3.12/site-packages/discord/client.py", line 465, in _run_event
    await coro(*args, **kwargs)
  File "/app/asu_discord/cogs/analytics.py", line 652, in on_member_update
    before_timeout = before.timed_out_until
                     ^^^^^^^^^^^^^^^^^^^^^^
AttributeError: 'Member' object has no attribute 'timed_out_until'
Ignoring exception in on_member_update
Traceback (most recent call last):
  File "/usr/local/lib/python3.12/site-packages/discord/client.py", line 465, in _run_event
    await coro(*args, **kwargs)
  File "/app/asu_discord/cogs/analytics.py", line 652, in on_member_update
    before_timeout = before.timed_out_until
                     ^^^^^^^^^^^^^^^^^^^^^^
AttributeError: 'Member' object has no attribute 'timed_out_until'
Ignoring exception in on_member_update
Traceback (most recent call last):
  File "/usr/local/lib/python3.12/site-packages/discord/client.py", line 465, in _run_event
    await coro(*args, **kwargs)
  File "/app/asu_discord/cogs/analytics.py", line 652, in on_member_update
    before_timeout = before.timed_out_until
                     ^^^^^^^^^^^^^^^^^^^^^^
AttributeError: 'Member' object has no attribute 'timed_out_until'
Ignoring exception in on_member_update
Traceback (most recent call last):
  File "/usr/local/lib/python3.12/site-packages/discord/client.py", line 465, in _run_event
    await coro(*args, **kwargs)
  File "/app/asu_discord/cogs/analytics.py", line 652, in on_member_update
    before_timeout = before.timed_out_until
                     ^^^^^^^^^^^^^^^^^^^^^^
AttributeError: 'Member' object has no attribute 'timed_out_until'
Ignoring exception in on_member_update
Traceback (most recent call last):
  File "/usr/local/lib/python3.12/site-packages/discord/client.py", line 465, in _run_event
    await coro(*args, **kwargs)
  File "/app/asu_discord/cogs/analytics.py", line 652, in on_member_update
    before_timeout = before.timed_out_until
                     ^^^^^^^^^^^^^^^^^^^^^^
AttributeError: 'Member' object has no attribute 'timed_out_until'
INFO:asu_discord.cogs.verification:Saved 5 roles to database for user ieflore2 (Discord ID: 1011818946900533299)
INFO:asu_discord.cogs.verification:Refreshed Salesforce roles for Discord user 1011818946900533299: -5/+5 roles, assigned=[College of Liberal Arts and Sciences, Online, Out of State, Transfer Student, Upperclassmen]
Ignoring exception in on_member_update
Traceback (most recent call last):
  File "/usr/local/lib/python3.12/site-packages/discord/client.py", line 465, in _run_event
    await coro(*args, **kwargs)
  File "/app/asu_discord/cogs/analytics.py", line 652, in on_member_update
    before_timeout = before.timed_out_until
                     ^^^^^^^^^^^^^^^^^^^^^^
AttributeError: 'Member' object has no attribute 'timed_out_until'
Ignoring exception in on_member_update
Traceback (most recent call last):
  File "/usr/local/lib/python3.12/site-packages/discord/client.py", line 465, in _run_event
    await coro(*args, **kwargs)
  File "/app/asu_discord/cogs/analytics.py", line 652, in on_member_update
    before_timeout = before.timed_out_until
                     ^^^^^^^^^^^^^^^^^^^^^^
AttributeError: 'Member' object has no attribute 'timed_out_until'
Ignoring exception in on_member_update
Traceback (most recent call last):
  File "/usr/local/lib/python3.12/site-packages/discord/client.py", line 465, in _run_event
    await coro(*args, **kwargs)
  File "/app/asu_discord/cogs/analytics.py", line 652, in on_member_update
    before_timeout = before.timed_out_until
                     ^^^^^^^^^^^^^^^^^^^^^^
AttributeError: 'Member' object has no attribute 'timed_out_until'
Ignoring exception in on_member_update
Traceback (most recent call last):
  File "/usr/local/lib/python3.12/site-packages/discord/client.py", line 465, in _run_event
    await coro(*args, **kwargs)
  File "/app/asu_discord/cogs/analytics.py", line 652, in on_member_update
    before_timeout = before.timed_out_until
                     ^^^^^^^^^^^^^^^^^^^^^^
AttributeError: 'Member' object has no attribute 'timed_out_until'
Ignoring exception in on_member_update
Traceback (most recent call last):
  File "/usr/local/lib/python3.12/site-packages/discord/client.py", line 465, in _run_event
    await coro(*args, **kwargs)
  File "/app/asu_discord/cogs/analytics.py", line 652, in on_member_update
    before_timeout = before.timed_out_until
                     ^^^^^^^^^^^^^^^^^^^^^^
AttributeError: 'Member' object has no attribute 'timed_out_until'
Ignoring exception in on_member_update
Traceback (most recent call last):
  File "/usr/local/lib/python3.12/site-packages/discord/client.py", line 465, in _run_event
    await coro(*args, **kwargs)
  File "/app/asu_discord/cogs/analytics.py", line 652, in on_member_update
    before_timeout = before.timed_out_until
                     ^^^^^^^^^^^^^^^^^^^^^^
AttributeError: 'Member' object has no attribute 'timed_out_until'
Ignoring exception in on_member_update
Traceback (most recent call last):
  File "/usr/local/lib/python3.12/site-packages/discord/client.py", line 465, in _run_event
    await coro(*args, **kwargs)
  File "/app/asu_discord/cogs/analytics.py", line 652, in on_member_update
    before_timeout = before.timed_out_until
                     ^^^^^^^^^^^^^^^^^^^^^^
AttributeError: 'Member' object has no attribute 'timed_out_until'
Ignoring exception in on_member_update
Traceback (most recent call last):
  File "/usr/local/lib/python3.12/site-packages/discord/client.py", line 465, in _run_event
    await coro(*args, **kwargs)
  File "/app/asu_discord/cogs/analytics.py", line 652, in on_member_update
    before_timeout = before.timed_out_until
                     ^^^^^^^^^^^^^^^^^^^^^^
AttributeError: 'Member' object has no attribute 'timed_out_until'
Ignoring exception in on_member_update
Traceback (most recent call last):
  File "/usr/local/lib/python3.12/site-packages/discord/client.py", line 465, in _run_event
    await coro(*args, **kwargs)
  File "/app/asu_discord/cogs/analytics.py", line 652, in on_member_update
    before_timeout = before.timed_out_until
                     ^^^^^^^^^^^^^^^^^^^^^^
AttributeError: 'Member' object has no attribute 'timed_out_until'
Ignoring exception in on_member_update
Traceback (most recent call last):
  File "/usr/local/lib/python3.12/site-packages/discord/client.py", line 465, in _run_event
    await coro(*args, **kwargs)
  File "/app/asu_discord/cogs/analytics.py", line 652, in on_member_update
    before_timeout = before.timed_out_until
                     ^^^^^^^^^^^^^^^^^^^^^^
AttributeError: 'Member' object has no attribute 'timed_out_until'
Ignoring exception in on_member_update
Traceback (most recent call last):
  File "/usr/local/lib/python3.12/site-packages/discord/client.py", line 465, in _run_event
    await coro(*args, **kwargs)
  File "/app/asu_discord/cogs/analytics.py", line 652, in on_member_update
    before_timeout = before.timed_out_until
                     ^^^^^^^^^^^^^^^^^^^^^^
AttributeError: 'Member' object has no attribute 'timed_out_until'
Ignoring exception in on_member_update
Traceback (most recent call last):
  File "/usr/local/lib/python3.12/site-packages/discord/client.py", line 465, in _run_event
    await coro(*args, **kwargs)
  File "/app/asu_discord/cogs/analytics.py", line 652, in on_member_update
    before_timeout = before.timed_out_until
                     ^^^^^^^^^^^^^^^^^^^^^^
AttributeError: 'Member' object has no attribute 'timed_out_until'
INFO:asu_discord.cogs.verification:Saved 6 roles to database for user bkannan8 (Discord ID: 658125702855393321)
INFO:asu_discord.cogs.verification:Refreshed Salesforce roles for Discord user 658125702855393321: -6/+6 roles, assigned=[Commited, First Year, Ira A. Fulton Schools of Engineering, Out of State, Tempe, Upperclassmen]
Ignoring exception in on_member_update
Traceback (most recent call last):
  File "/usr/local/lib/python3.12/site-packages/discord/client.py", line 465, in _run_event
    await coro(*args, **kwargs)
  File "/app/asu_discord/cogs/analytics.py", line 652, in on_member_update
    before_timeout = before.timed_out_until
                     ^^^^^^^^^^^^^^^^^^^^^^
AttributeError: 'Member' object has no attribute 'timed_out_until'
Ignoring exception in on_member_update
Traceback (most recent call last):
  File "/usr/local/lib/python3.12/site-packages/discord/client.py", line 465, in _run_event
    await coro(*args, **kwargs)
  File "/app/asu_discord/cogs/analytics.py", line 652, in on_member_update
    before_timeout = before.timed_out_until
                     ^^^^^^^^^^^^^^^^^^^^^^
AttributeError: 'Member' object has no attribute 'timed_out_until'
Ignoring exception in on_member_update
Traceback (most recent call last):
  File "/usr/local/lib/python3.12/site-packages/discord/client.py", line 465, in _run_event
    await coro(*args, **kwargs)
  File "/app/asu_discord/cogs/analytics.py", line 652, in on_member_update
    before_timeout = before.timed_out_until
                     ^^^^^^^^^^^^^^^^^^^^^^
AttributeError: 'Member' object has no attribute 'timed_out_until'
Ignoring exception in on_member_update
Traceback (most recent call last):
  File "/usr/local/lib/python3.12/site-packages/discord/client.py", line 465, in _run_event
    await coro(*args, **kwargs)
  File "/app/asu_discord/cogs/analytics.py", line 652, in on_member_update
    before_timeout = before.timed_out_until
                     ^^^^^^^^^^^^^^^^^^^^^^
AttributeError: 'Member' object has no attribute 'timed_out_until'
Ignoring exception in on_member_update
Traceback (most recent call last):
  File "/usr/local/lib/python3.12/site-packages/discord/client.py", line 465, in _run_event
    await coro(*args, **kwargs)
  File "/app/asu_discord/cogs/analytics.py", line 652, in on_member_update
    before_timeout = before.timed_out_until
                     ^^^^^^^^^^^^^^^^^^^^^^
AttributeError: 'Member' object has no attribute 'timed_out_until'
Ignoring exception in on_member_update
Traceback (most recent call last):
  File "/usr/local/lib/python3.12/site-packages/discord/client.py", line 465, in _run_event
    await coro(*args, **kwargs)
  File "/app/asu_discord/cogs/analytics.py", line 652, in on_member_update
    before_timeout = before.timed_out_until
                     ^^^^^^^^^^^^^^^^^^^^^^
AttributeError: 'Member' object has no attribute 'timed_out_until'
Ignoring exception in on_member_update
Traceback (most recent call last):
  File "/usr/local/lib/python3.12/site-packages/discord/client.py", line 465, in _run_event
    await coro(*args, **kwargs)
  File "/app/asu_discord/cogs/analytics.py", line 652, in on_member_update
    before_timeout = before.timed_out_until
                     ^^^^^^^^^^^^^^^^^^^^^^
AttributeError: 'Member' object has no attribute 'timed_out_until'
Ignoring exception in on_member_update
Traceback (most recent call last):
  File "/usr/local/lib/python3.12/site-packages/discord/client.py", line 465, in _run_event
    await coro(*args, **kwargs)
  File "/app/asu_discord/cogs/analytics.py", line 652, in on_member_update
    before_timeout = before.timed_out_until
                     ^^^^^^^^^^^^^^^^^^^^^^
AttributeError: 'Member' object has no attribute 'timed_out_until'
Ignoring exception in on_member_update
Traceback (most recent call last):
  File "/usr/local/lib/python3.12/site-packages/discord/client.py", line 465, in _run_event
    await coro(*args, **kwargs)
  File "/app/asu_discord/cogs/analytics.py", line 652, in on_member_update
    before_timeout = before.timed_out_until
                     ^^^^^^^^^^^^^^^^^^^^^^
AttributeError: 'Member' object has no attribute 'timed_out_until'
Ignoring exception in on_member_update
Traceback (most recent call last):
  File "/usr/local/lib/python3.12/site-packages/discord/client.py", line 465, in _run_event
    await coro(*args, **kwargs)
  File "/app/asu_discord/cogs/analytics.py", line 652, in on_member_update
    before_timeout = before.timed_out_until
                     ^^^^^^^^^^^^^^^^^^^^^^
AttributeError: 'Member' object has no attribute 'timed_out_until'
INFO:asu_discord.cogs.verification:Saved 5 roles to database for user allisonz (Discord ID: 1009939376588988537)
INFO:asu_discord.cogs.verification:Refreshed Salesforce roles for Discord user 1009939376588988537: -5/+5 roles, assigned=[Commited, First Year, International Student, Tempe, W.P. Carey School of Business]
INFO:asu_discord.cogs.verification:Refreshed Salesforce roles for Discord user 695917844495597598: -0/+0 roles, assigned=[none]
Ignoring exception in on_member_update
Traceback (most recent call last):
  File "/usr/local/lib/python3.12/site-packages/discord/client.py", line 465, in _run_event
    await coro(*args, **kwargs)
  File "/app/asu_discord/cogs/analytics.py", line 652, in on_member_update
    before_timeout = before.timed_out_until
                     ^^^^^^^^^^^^^^^^^^^^^^
AttributeError: 'Member' object has no attribute 'timed_out_until'
Ignoring exception in on_member_update
Traceback (most recent call last):
  File "/usr/local/lib/python3.12/site-packages/discord/client.py", line 465, in _run_event
    await coro(*args, **kwargs)
  File "/app/asu_discord/cogs/analytics.py", line 652, in on_member_update
    before_timeout = before.timed_out_until
                     ^^^^^^^^^^^^^^^^^^^^^^
AttributeError: 'Member' object has no attribute 'timed_out_until'
Ignoring exception in on_member_update
Traceback (most recent call last):
  File "/usr/local/lib/python3.12/site-packages/discord/client.py", line 465, in _run_event
    await coro(*args, **kwargs)
  File "/app/asu_discord/cogs/analytics.py", line 652, in on_member_update
    before_timeout = before.timed_out_until
                     ^^^^^^^^^^^^^^^^^^^^^^
AttributeError: 'Member' object has no attribute 'timed_out_until'
Ignoring exception in on_member_update
Traceback (most recent call last):
  File "/usr/local/lib/python3.12/site-packages/discord/client.py", line 465, in _run_event
    await coro(*args, **kwargs)
  File "/app/asu_discord/cogs/analytics.py", line 652, in on_member_update
    before_timeout = before.timed_out_until
                     ^^^^^^^^^^^^^^^^^^^^^^
AttributeError: 'Member' object has no attribute 'timed_out_until'
Ignoring exception in on_member_update
Traceback (most recent call last):
  File "/usr/local/lib/python3.12/site-packages/discord/client.py", line 465, in _run_event
    await coro(*args, **kwargs)
  File "/app/asu_discord/cogs/analytics.py", line 652, in on_member_update
    before_timeout = before.timed_out_until
                     ^^^^^^^^^^^^^^^^^^^^^^
AttributeError: 'Member' object has no attribute 'timed_out_until'
Ignoring exception in on_member_update
Traceback (most recent call last):
  File "/usr/local/lib/python3.12/site-packages/discord/client.py", line 465, in _run_event
    await coro(*args, **kwargs)
  File "/app/asu_discord/cogs/analytics.py", line 652, in on_member_update
    before_timeout = before.timed_out_until
                     ^^^^^^^^^^^^^^^^^^^^^^
AttributeError: 'Member' object has no attribute 'timed_out_until'
Ignoring exception in on_member_update
Traceback (most recent call last):
  File "/usr/local/lib/python3.12/site-packages/discord/client.py", line 465, in _run_event
    await coro(*args, **kwargs)
  File "/app/asu_discord/cogs/analytics.py", line 652, in on_member_update
    before_timeout = before.timed_out_until
                     ^^^^^^^^^^^^^^^^^^^^^^
AttributeError: 'Member' object has no attribute 'timed_out_until'
Ignoring exception in on_member_update
Traceback (most recent call last):
  File "/usr/local/lib/python3.12/site-packages/discord/client.py", line 465, in _run_event
    await coro(*args, **kwargs)
  File "/app/asu_discord/cogs/analytics.py", line 652, in on_member_update
    before_timeout = before.timed_out_until
                     ^^^^^^^^^^^^^^^^^^^^^^
AttributeError: 'Member' object has no attribute 'timed_out_until'
Ignoring exception in on_member_update
Traceback (most recent call last):
  File "/usr/local/lib/python3.12/site-packages/discord/client.py", line 465, in _run_event
    await coro(*args, **kwargs)
  File "/app/asu_discord/cogs/analytics.py", line 652, in on_member_update
    before_timeout = before.timed_out_until
                     ^^^^^^^^^^^^^^^^^^^^^^
AttributeError: 'Member' object has no attribute 'timed_out_until'
Ignoring exception in on_member_update
Traceback (most recent call last):
  File "/usr/local/lib/python3.12/site-packages/discord/client.py", line 465, in _run_event
    await coro(*args, **kwargs)
  File "/app/asu_discord/cogs/analytics.py", line 652, in on_member_update
    before_timeout = before.timed_out_until
                     ^^^^^^^^^^^^^^^^^^^^^^
AttributeError: 'Member' object has no attribute 'timed_out_until'
INFO:asu_discord.cogs.verification:Saved 5 roles to database for user amnkeze (Discord ID: 797346802633277511)
INFO:asu_discord.cogs.verification:Refreshed Salesforce roles for Discord user 797346802633277511: -5/+5 roles, assigned=[Arizona Resident, Commited, First Year, Tempe, W.P. Carey School of Business]
Ignoring exception in on_member_update
Traceback (most recent call last):
  File "/usr/local/lib/python3.12/site-packages/discord/client.py", line 465, in _run_event
    await coro(*args, **kwargs)
  File "/app/asu_discord/cogs/analytics.py", line 652, in on_member_update
    before_timeout = before.timed_out_until
                     ^^^^^^^^^^^^^^^^^^^^^^
AttributeError: 'Member' object has no attribute 'timed_out_until'
Ignoring exception in on_member_update
Traceback (most recent call last):
  File "/usr/local/lib/python3.12/site-packages/discord/client.py", line 465, in _run_event
    await coro(*args, **kwargs)
  File "/app/asu_discord/cogs/analytics.py", line 652, in on_member_update
    before_timeout = before.timed_out_until
                     ^^^^^^^^^^^^^^^^^^^^^^
AttributeError: 'Member' object has no attribute 'timed_out_until'
Ignoring exception in on_member_update
Traceback (most recent call last):
  File "/usr/local/lib/python3.12/site-packages/discord/client.py", line 465, in _run_event
    await coro(*args, **kwargs)
  File "/app/asu_discord/cogs/analytics.py", line 652, in on_member_update
    before_timeout = before.timed_out_until
                     ^^^^^^^^^^^^^^^^^^^^^^
AttributeError: 'Member' object has no attribute 'timed_out_until'
Ignoring exception in on_member_update
Traceback (most recent call last):
  File "/usr/local/lib/python3.12/site-packages/discord/client.py", line 465, in _run_event
    await coro(*args, **kwargs)
  File "/app/asu_discord/cogs/analytics.py", line 652, in on_member_update
    before_timeout = before.timed_out_until
                     ^^^^^^^^^^^^^^^^^^^^^^
AttributeError: 'Member' object has no attribute 'timed_out_until'
Ignoring exception in on_member_update
Traceback (most recent call last):
  File "/usr/local/lib/python3.12/site-packages/discord/client.py", line 465, in _run_event
    await coro(*args, **kwargs)
  File "/app/asu_discord/cogs/analytics.py", line 652, in on_member_update
    before_timeout = before.timed_out_until
                     ^^^^^^^^^^^^^^^^^^^^^^
AttributeError: 'Member' object has no attribute 'timed_out_until'
Ignoring exception in on_member_update
Traceback (most recent call last):
  File "/usr/local/lib/python3.12/site-packages/discord/client.py", line 465, in _run_event
    await coro(*args, **kwargs)
  File "/app/asu_discord/cogs/analytics.py", line 652, in on_member_update
    before_timeout = before.timed_out_until
                     ^^^^^^^^^^^^^^^^^^^^^^
AttributeError: 'Member' object has no attribute 'timed_out_until'
Ignoring exception in on_member_update
Traceback (most recent call last):
  File "/usr/local/lib/python3.12/site-packages/discord/client.py", line 465, in _run_event
    await coro(*args, **kwargs)
  File "/app/asu_discord/cogs/analytics.py", line 652, in on_member_update
    before_timeout = before.timed_out_until
                     ^^^^^^^^^^^^^^^^^^^^^^
AttributeError: 'Member' object has no attribute 'timed_out_until'
Ignoring exception in on_member_update
Traceback (most recent call last):
  File "/usr/local/lib/python3.12/site-packages/discord/client.py", line 465, in _run_event
    await coro(*args, **kwargs)
  File "/app/asu_discord/cogs/analytics.py", line 652, in on_member_update
    before_timeout = before.timed_out_until
                     ^^^^^^^^^^^^^^^^^^^^^^
AttributeError: 'Member' object has no attribute 'timed_out_until'
Ignoring exception in on_member_update
Traceback (most recent call last):
  File "/usr/local/lib/python3.12/site-packages/discord/client.py", line 465, in _run_event
    await coro(*args, **kwargs)
  File "/app/asu_discord/cogs/analytics.py", line 652, in on_member_update
    before_timeout = before.timed_out_until
                     ^^^^^^^^^^^^^^^^^^^^^^
AttributeError: 'Member' object has no attribute 'timed_out_until'
Ignoring exception in on_member_update
Traceback (most recent call last):
  File "/usr/local/lib/python3.12/site-packages/discord/client.py", line 465, in _run_event
    await coro(*args, **kwargs)
  File "/app/asu_discord/cogs/analytics.py", line 652, in on_member_update
    before_timeout = before.timed_out_until
                     ^^^^^^^^^^^^^^^^^^^^^^
AttributeError: 'Member' object has no attribute 'timed_out_until'
Ignoring exception in on_member_update
Traceback (most recent call last):
  File "/usr/local/lib/python3.12/site-packages/discord/client.py", line 465, in _run_event
    await coro(*args, **kwargs)
  File "/app/asu_discord/cogs/analytics.py", line 652, in on_member_update
    before_timeout = before.timed_out_until
                     ^^^^^^^^^^^^^^^^^^^^^^
AttributeError: 'Member' object has no attribute 'timed_out_until'
INFO:asu_discord.cogs.verification:Saved 6 roles to database for user bkesavar (Discord ID: 691157281483522089)
INFO:asu_discord.cogs.verification:Refreshed Salesforce roles for Discord user 691157281483522089: -6/+5 roles, assigned=[Arizona Resident, Commited, First Year, Ira A. Fulton Schools of Engineering, Tempe, Upperclassmen]
Ignoring exception in on_member_update
Traceback (most recent call last):
  File "/usr/local/lib/python3.12/site-packages/discord/client.py", line 465, in _run_event
    await coro(*args, **kwargs)
  File "/app/asu_discord/cogs/analytics.py", line 652, in on_member_update
    before_timeout = before.timed_out_until
                     ^^^^^^^^^^^^^^^^^^^^^^
AttributeError: 'Member' object has no attribute 'timed_out_until'
Ignoring exception in on_member_update
Traceback (most recent call last):
  File "/usr/local/lib/python3.12/site-packages/discord/client.py", line 465, in _run_event
    await coro(*args, **kwargs)
  File "/app/asu_discord/cogs/analytics.py", line 652, in on_member_update
    before_timeout = before.timed_out_until
                     ^^^^^^^^^^^^^^^^^^^^^^
AttributeError: 'Member' object has no attribute 'timed_out_until'
Ignoring exception in on_member_update
Traceback (most recent call last):
  File "/usr/local/lib/python3.12/site-packages/discord/client.py", line 465, in _run_event
    await coro(*args, **kwargs)
  File "/app/asu_discord/cogs/analytics.py", line 652, in on_member_update
    before_timeout = before.timed_out_until
                     ^^^^^^^^^^^^^^^^^^^^^^
AttributeError: 'Member' object has no attribute 'timed_out_until'
Ignoring exception in on_member_update
Traceback (most recent call last):
  File "/usr/local/lib/python3.12/site-packages/discord/client.py", line 465, in _run_event
    await coro(*args, **kwargs)
  File "/app/asu_discord/cogs/analytics.py", line 652, in on_member_update
    before_timeout = before.timed_out_until
                     ^^^^^^^^^^^^^^^^^^^^^^
AttributeError: 'Member' object has no attribute 'timed_out_until'
Ignoring exception in on_member_update
Traceback (most recent call last):
  File "/usr/local/lib/python3.12/site-packages/discord/client.py", line 465, in _run_event
    await coro(*args, **kwargs)
  File "/app/asu_discord/cogs/analytics.py", line 652, in on_member_update
    before_timeout = before.timed_out_until
                     ^^^^^^^^^^^^^^^^^^^^^^
AttributeError: 'Member' object has no attribute 'timed_out_until'
Ignoring exception in on_member_update
Traceback (most recent call last):
  File "/usr/local/lib/python3.12/site-packages/discord/client.py", line 465, in _run_event
    await coro(*args, **kwargs)
  File "/app/asu_discord/cogs/analytics.py", line 652, in on_member_update
    before_timeout = before.timed_out_until
                     ^^^^^^^^^^^^^^^^^^^^^^
AttributeError: 'Member' object has no attribute 'timed_out_until'
Ignoring exception in on_member_update
Traceback (most recent call last):
  File "/usr/local/lib/python3.12/site-packages/discord/client.py", line 465, in _run_event
    await coro(*args, **kwargs)
  File "/app/asu_discord/cogs/analytics.py", line 652, in on_member_update
    before_timeout = before.timed_out_until
                     ^^^^^^^^^^^^^^^^^^^^^^
AttributeError: 'Member' object has no attribute 'timed_out_until'
Ignoring exception in on_member_update
Traceback (most recent call last):
  File "/usr/local/lib/python3.12/site-packages/discord/client.py", line 465, in _run_event
    await coro(*args, **kwargs)
  File "/app/asu_discord/cogs/analytics.py", line 652, in on_member_update
    before_timeout = before.timed_out_until
                     ^^^^^^^^^^^^^^^^^^^^^^
AttributeError: 'Member' object has no attribute 'timed_out_until'
Ignoring exception in on_member_update
Traceback (most recent call last):
  File "/usr/local/lib/python3.12/site-packages/discord/client.py", line 465, in _run_event
    await coro(*args, **kwargs)
  File "/app/asu_discord/cogs/analytics.py", line 652, in on_member_update
    before_timeout = before.timed_out_until
                     ^^^^^^^^^^^^^^^^^^^^^^
AttributeError: 'Member' object has no attribute 'timed_out_until'
Ignoring exception in on_member_update
Traceback (most recent call last):
  File "/usr/local/lib/python3.12/site-packages/discord/client.py", line 465, in _run_event
    await coro(*args, **kwargs)
  File "/app/asu_discord/cogs/analytics.py", line 652, in on_member_update
    before_timeout = before.timed_out_until
                     ^^^^^^^^^^^^^^^^^^^^^^
AttributeError: 'Member' object has no attribute 'timed_out_until'
ERROR:cron.jobs:refresh_salesforce_roles: failed for jnaicke1 (Discord ID 960909502905974875): Timed out refresh Salesforce-based roles
Ignoring exception in on_member_update
Traceback (most recent call last):
  File "/usr/local/lib/python3.12/site-packages/discord/client.py", line 465, in _run_event
    await coro(*args, **kwargs)
  File "/app/asu_discord/cogs/analytics.py", line 652, in on_member_update
    before_timeout = before.timed_out_until
                     ^^^^^^^^^^^^^^^^^^^^^^
AttributeError: 'Member' object has no attribute 'timed_out_until'
Ignoring exception in on_member_update
Traceback (most recent call last):
  File "/usr/local/lib/python3.12/site-packages/discord/client.py", line 465, in _run_event
    await coro(*args, **kwargs)
  File "/app/asu_discord/cogs/analytics.py", line 652, in on_member_update
    before_timeout = before.timed_out_until
                     ^^^^^^^^^^^^^^^^^^^^^^
AttributeError: 'Member' object has no attribute 'timed_out_until'
Ignoring exception in on_member_update
Traceback (most recent call last):
  File "/usr/local/lib/python3.12/site-packages/discord/client.py", line 465, in _run_event
    await coro(*args, **kwargs)
  File "/app/asu_discord/cogs/analytics.py", line 652, in on_member_update
    before_timeout = before.timed_out_until
                     ^^^^^^^^^^^^^^^^^^^^^^
AttributeError: 'Member' object has no attribute 'timed_out_until'
Ignoring exception in on_member_update
Traceback (most recent call last):
  File "/usr/local/lib/python3.12/site-packages/discord/client.py", line 465, in _run_event
    await coro(*args, **kwargs)
  File "/app/asu_discord/cogs/analytics.py", line 652, in on_member_update
    before_timeout = before.timed_out_until
                     ^^^^^^^^^^^^^^^^^^^^^^
AttributeError: 'Member' object has no attribute 'timed_out_until'
Ignoring exception in on_member_update
Traceback (most recent call last):
  File "/usr/local/lib/python3.12/site-packages/discord/client.py", line 465, in _run_event
    await coro(*args, **kwargs)
  File "/app/asu_discord/cogs/analytics.py", line 652, in on_member_update
    before_timeout = before.timed_out_until
                     ^^^^^^^^^^^^^^^^^^^^^^
AttributeError: 'Member' object has no attribute 'timed_out_until'
Ignoring exception in on_member_update
Traceback (most recent call last):
  File "/usr/local/lib/python3.12/site-packages/discord/client.py", line 465, in _run_event
    await coro(*args, **kwargs)
  File "/app/asu_discord/cogs/analytics.py", line 652, in on_member_update
    before_timeout = before.timed_out_until
                     ^^^^^^^^^^^^^^^^^^^^^^
AttributeError: 'Member' object has no attribute 'timed_out_until'
Ignoring exception in on_member_update
Traceback (most recent call last):
  File "/usr/local/lib/python3.12/site-packages/discord/client.py", line 465, in _run_event
    await coro(*args, **kwargs)
  File "/app/asu_discord/cogs/analytics.py", line 652, in on_member_update
    before_timeout = before.timed_out_until
                     ^^^^^^^^^^^^^^^^^^^^^^
AttributeError: 'Member' object has no attribute 'timed_out_until'
Ignoring exception in on_member_update
Traceback (most recent call last):
  File "/usr/local/lib/python3.12/site-packages/discord/client.py", line 465, in _run_event
    await coro(*args, **kwargs)
  File "/app/asu_discord/cogs/analytics.py", line 652, in on_member_update
    before_timeout = before.timed_out_until
                     ^^^^^^^^^^^^^^^^^^^^^^
AttributeError: 'Member' object has no attribute 'timed_out_until'
INFO:asu_discord.cogs.verification:Saved 4 roles to database for user skhened (Discord ID: 1450133875383599137)
INFO:asu_discord.cogs.verification:Refreshed Salesforce roles for Discord user 1450133875383599137: -4/+4 roles, assigned=[Graduate Student, International Student, Ira A. Fulton Schools of Engineering, Tempe]
Ignoring exception in on_member_update
Traceback (most recent call last):
  File "/usr/local/lib/python3.12/site-packages/discord/client.py", line 465, in _run_event
    await coro(*args, **kwargs)
  File "/app/asu_discord/cogs/analytics.py", line 652, in on_member_update
    before_timeout = before.timed_out_until
                     ^^^^^^^^^^^^^^^^^^^^^^
AttributeError: 'Member' object has no attribute 'timed_out_until'
Ignoring exception in on_member_update
Traceback (most recent call last):
  File "/usr/local/lib/python3.12/site-packages/discord/client.py", line 465, in _run_event
    await coro(*args, **kwargs)
  File "/app/asu_discord/cogs/analytics.py", line 652, in on_member_update
    before_timeout = before.timed_out_until
                     ^^^^^^^^^^^^^^^^^^^^^^
AttributeError: 'Member' object has no attribute 'timed_out_until'
Ignoring exception in on_member_update
Traceback (most recent call last):
  File "/usr/local/lib/python3.12/site-packages/discord/client.py", line 465, in _run_event
    await coro(*args, **kwargs)
  File "/app/asu_discord/cogs/analytics.py", line 652, in on_member_update
    before_timeout = before.timed_out_until
                     ^^^^^^^^^^^^^^^^^^^^^^
AttributeError: 'Member' object has no attribute 'timed_out_until'
Ignoring exception in on_member_update
Traceback (most recent call last):
  File "/usr/local/lib/python3.12/site-packages/discord/client.py", line 465, in _run_event
    await coro(*args, **kwargs)
  File "/app/asu_discord/cogs/analytics.py", line 652, in on_member_update
    before_timeout = before.timed_out_until
                     ^^^^^^^^^^^^^^^^^^^^^^
AttributeError: 'Member' object has no attribute 'timed_out_until'
Ignoring exception in on_member_update
Traceback (most recent call last):
  File "/usr/local/lib/python3.12/site-packages/discord/client.py", line 465, in _run_event
    await coro(*args, **kwargs)
  File "/app/asu_discord/cogs/analytics.py", line 652, in on_member_update
    before_timeout = before.timed_out_until
                     ^^^^^^^^^^^^^^^^^^^^^^
AttributeError: 'Member' object has no attribute 'timed_out_until'
Ignoring exception in on_member_update
Traceback (most recent call last):
  File "/usr/local/lib/python3.12/site-packages/discord/client.py", line 465, in _run_event
    await coro(*args, **kwargs)
  File "/app/asu_discord/cogs/analytics.py", line 652, in on_member_update
    before_timeout = before.timed_out_until
                     ^^^^^^^^^^^^^^^^^^^^^^
AttributeError: 'Member' object has no attribute 'timed_out_until'
Ignoring exception in on_member_update
Traceback (most recent call last):
  File "/usr/local/lib/python3.12/site-packages/discord/client.py", line 465, in _run_event
    await coro(*args, **kwargs)
  File "/app/asu_discord/cogs/analytics.py", line 652, in on_member_update
    before_timeout = before.timed_out_until
                     ^^^^^^^^^^^^^^^^^^^^^^
AttributeError: 'Member' object has no attribute 'timed_out_until'
Ignoring exception in on_member_update
Traceback (most recent call last):
  File "/usr/local/lib/python3.12/site-packages/discord/client.py", line 465, in _run_event
    await coro(*args, **kwargs)
  File "/app/asu_discord/cogs/analytics.py", line 652, in on_member_update
    before_timeout = before.timed_out_until
                     ^^^^^^^^^^^^^^^^^^^^^^
AttributeError: 'Member' object has no attribute 'timed_out_until'
INFO:asu_discord.cogs.verification:Saved 4 roles to database for user nscotson (Discord ID: 616481872616226827)
INFO:asu_discord.cogs.verification:Refreshed Salesforce roles for Discord user 616481872616226827: -4/+4 roles, assigned=[First Year, Ira A. Fulton Schools of Engineering, Out of State, Polytechnic]
Ignoring exception in on_member_update
Traceback (most recent call last):
  File "/usr/local/lib/python3.12/site-packages/discord/client.py", line 465, in _run_event
    await coro(*args, **kwargs)
  File "/app/asu_discord/cogs/analytics.py", line 652, in on_member_update
    before_timeout = before.timed_out_until
                     ^^^^^^^^^^^^^^^^^^^^^^
AttributeError: 'Member' object has no attribute 'timed_out_until'
Ignoring exception in on_member_update
Traceback (most recent call last):
  File "/usr/local/lib/python3.12/site-packages/discord/client.py", line 465, in _run_event
    await coro(*args, **kwargs)
  File "/app/asu_discord/cogs/analytics.py", line 652, in on_member_update
    before_timeout = before.timed_out_until
                     ^^^^^^^^^^^^^^^^^^^^^^
AttributeError: 'Member' object has no attribute 'timed_out_until'
Ignoring exception in on_member_update
Traceback (most recent call last):
  File "/usr/local/lib/python3.12/site-packages/discord/client.py", line 465, in _run_event
    await coro(*args, **kwargs)
  File "/app/asu_discord/cogs/analytics.py", line 652, in on_member_update
    before_timeout = before.timed_out_until
                     ^^^^^^^^^^^^^^^^^^^^^^
AttributeError: 'Member' object has no attribute 'timed_out_until'
Ignoring exception in on_member_update
Traceback (most recent call last):
  File "/usr/local/lib/python3.12/site-packages/discord/client.py", line 465, in _run_event
    await coro(*args, **kwargs)
  File "/app/asu_discord/cogs/analytics.py", line 652, in on_member_update
    before_timeout = before.timed_out_until
                     ^^^^^^^^^^^^^^^^^^^^^^
AttributeError: 'Member' object has no attribute 'timed_out_until'
Ignoring exception in on_member_update
Traceback (most recent call last):
  File "/usr/local/lib/python3.12/site-packages/discord/client.py", line 465, in _run_event
    await coro(*args, **kwargs)
  File "/app/asu_discord/cogs/analytics.py", line 652, in on_member_update
    before_timeout = before.timed_out_until
                     ^^^^^^^^^^^^^^^^^^^^^^
AttributeError: 'Member' object has no attribute 'timed_out_until'
Ignoring exception in on_member_update
Traceback (most recent call last):
  File "/usr/local/lib/python3.12/site-packages/discord/client.py", line 465, in _run_event
    await coro(*args, **kwargs)
  File "/app/asu_discord/cogs/analytics.py", line 652, in on_member_update
    before_timeout = before.timed_out_until
                     ^^^^^^^^^^^^^^^^^^^^^^
AttributeError: 'Member' object has no attribute 'timed_out_until'
Ignoring exception in on_member_update
Traceback (most recent call last):
  File "/usr/local/lib/python3.12/site-packages/discord/client.py", line 465, in _run_event
    await coro(*args, **kwargs)
  File "/app/asu_discord/cogs/analytics.py", line 652, in on_member_update
    before_timeout = before.timed_out_until
                     ^^^^^^^^^^^^^^^^^^^^^^
AttributeError: 'Member' object has no attribute 'timed_out_until'
Ignoring exception in on_member_update
Traceback (most recent call last):
  File "/usr/local/lib/python3.12/site-packages/discord/client.py", line 465, in _run_event
    await coro(*args, **kwargs)
  File "/app/asu_discord/cogs/analytics.py", line 652, in on_member_update
    before_timeout = before.timed_out_until
                     ^^^^^^^^^^^^^^^^^^^^^^
AttributeError: 'Member' object has no attribute 'timed_out_until'
Ignoring exception in on_member_update
Traceback (most recent call last):
  File "/usr/local/lib/python3.12/site-packages/discord/client.py", line 465, in _run_event
    await coro(*args, **kwargs)
  File "/app/asu_discord/cogs/analytics.py", line 652, in on_member_update
    before_timeout = before.timed_out_until
                     ^^^^^^^^^^^^^^^^^^^^^^
AttributeError: 'Member' object has no attribute 'timed_out_until'
Ignoring exception in on_member_update
Traceback (most recent call last):
  File "/usr/local/lib/python3.12/site-packages/discord/client.py", line 465, in _run_event
    await coro(*args, **kwargs)
  File "/app/asu_discord/cogs/analytics.py", line 652, in on_member_update
    before_timeout = before.timed_out_until
                     ^^^^^^^^^^^^^^^^^^^^^^
AttributeError: 'Member' object has no attribute 'timed_out_until'
Ignoring exception in on_member_update
Traceback (most recent call last):
  File "/usr/local/lib/python3.12/site-packages/discord/client.py", line 465, in _run_event
    await coro(*args, **kwargs)
  File "/app/asu_discord/cogs/analytics.py", line 652, in on_member_update
    before_timeout = before.timed_out_until
                     ^^^^^^^^^^^^^^^^^^^^^^
AttributeError: 'Member' object has no attribute 'timed_out_until'
Ignoring exception in on_member_update
Traceback (most recent call last):
  File "/usr/local/lib/python3.12/site-packages/discord/client.py", line 465, in _run_event
    await coro(*args, **kwargs)
  File "/app/asu_discord/cogs/analytics.py", line 652, in on_member_update
    before_timeout = before.timed_out_until
                     ^^^^^^^^^^^^^^^^^^^^^^
AttributeError: 'Member' object has no attribute 'timed_out_until'
INFO:asu_discord.cogs.verification:Saved 6 roles to database for user iyatesga (Discord ID: 901251920671416350)
INFO:asu_discord.cogs.verification:Refreshed Salesforce roles for Discord user 901251920671416350: -6/+6 roles, assigned=[Arizona Resident, Commited, First Generation Student, First Year, Ira A. Fulton Schools of Engineering, Tempe]
ERROR:cron.jobs:refresh_salesforce_roles: failed for cnpatto3 (Discord ID 1215798670117830727): Failed to refresh Salesforce-based roles: Discord user 1215798670117830727 is not a member of the guild
Ignoring exception in on_member_update
Traceback (most recent call last):
  File "/usr/local/lib/python3.12/site-packages/discord/client.py", line 465, in _run_event
    await coro(*args, **kwargs)
  File "/app/asu_discord/cogs/analytics.py", line 652, in on_member_update
    before_timeout = before.timed_out_until
                     ^^^^^^^^^^^^^^^^^^^^^^
AttributeError: 'Member' object has no attribute 'timed_out_until'
Ignoring exception in on_member_update
Traceback (most recent call last):
  File "/usr/local/lib/python3.12/site-packages/discord/client.py", line 465, in _run_event
    await coro(*args, **kwargs)
  File "/app/asu_discord/cogs/analytics.py", line 652, in on_member_update
    before_timeout = before.timed_out_until
                     ^^^^^^^^^^^^^^^^^^^^^^
AttributeError: 'Member' object has no attribute 'timed_out_until'
Ignoring exception in on_member_update
Traceback (most recent call last):
  File "/usr/local/lib/python3.12/site-packages/discord/client.py", line 465, in _run_event
    await coro(*args, **kwargs)
  File "/app/asu_discord/cogs/analytics.py", line 652, in on_member_update
    before_timeout = before.timed_out_until
                     ^^^^^^^^^^^^^^^^^^^^^^
AttributeError: 'Member' object has no attribute 'timed_out_until'
Ignoring exception in on_member_update
Traceback (most recent call last):
  File "/usr/local/lib/python3.12/site-packages/discord/client.py", line 465, in _run_event
    await coro(*args, **kwargs)
  File "/app/asu_discord/cogs/analytics.py", line 652, in on_member_update
    before_timeout = before.timed_out_until
                     ^^^^^^^^^^^^^^^^^^^^^^
AttributeError: 'Member' object has no attribute 'timed_out_until'
Ignoring exception in on_member_update
Traceback (most recent call last):
  File "/usr/local/lib/python3.12/site-packages/discord/client.py", line 465, in _run_event
    await coro(*args, **kwargs)
  File "/app/asu_discord/cogs/analytics.py", line 652, in on_member_update
    before_timeout = before.timed_out_until
                     ^^^^^^^^^^^^^^^^^^^^^^
AttributeError: 'Member' object has no attribute 'timed_out_until'
Ignoring exception in on_member_update
Traceback (most recent call last):
  File "/usr/local/lib/python3.12/site-packages/discord/client.py", line 465, in _run_event
    await coro(*args, **kwargs)
  File "/app/asu_discord/cogs/analytics.py", line 652, in on_member_update
    before_timeout = before.timed_out_until
                     ^^^^^^^^^^^^^^^^^^^^^^
AttributeError: 'Member' object has no attribute 'timed_out_until'
Ignoring exception in on_member_update
Traceback (most recent call last):
  File "/usr/local/lib/python3.12/site-packages/discord/client.py", line 465, in _run_event
    await coro(*args, **kwargs)
  File "/app/asu_discord/cogs/analytics.py", line 652, in on_member_update
    before_timeout = before.timed_out_until
                     ^^^^^^^^^^^^^^^^^^^^^^
AttributeError: 'Member' object has no attribute 'timed_out_until'
Ignoring exception in on_member_update
Traceback (most recent call last):
  File "/usr/local/lib/python3.12/site-packages/discord/client.py", line 465, in _run_event
    await coro(*args, **kwargs)
  File "/app/asu_discord/cogs/analytics.py", line 652, in on_member_update
    before_timeout = before.timed_out_until
                     ^^^^^^^^^^^^^^^^^^^^^^
AttributeError: 'Member' object has no attribute 'timed_out_until'
Ignoring exception in on_member_update
Traceback (most recent call last):
  File "/usr/local/lib/python3.12/site-packages/discord/client.py", line 465, in _run_event
    await coro(*args, **kwargs)
  File "/app/asu_discord/cogs/analytics.py", line 652, in on_member_update
    before_timeout = before.timed_out_until
                     ^^^^^^^^^^^^^^^^^^^^^^
AttributeError: 'Member' object has no attribute 'timed_out_until'
Ignoring exception in on_member_update
Traceback (most recent call last):
  File "/usr/local/lib/python3.12/site-packages/discord/client.py", line 465, in _run_event
    await coro(*args, **kwargs)
  File "/app/asu_discord/cogs/analytics.py", line 652, in on_member_update
    before_timeout = before.timed_out_until
                     ^^^^^^^^^^^^^^^^^^^^^^
AttributeError: 'Member' object has no attribute 'timed_out_until'
INFO:asu_discord.cogs.verification:Saved 5 roles to database for user johirtz (Discord ID: 566464931206135809)
INFO:asu_discord.cogs.verification:Refreshed Salesforce roles for Discord user 566464931206135809: -5/+5 roles, assigned=[Arizona Resident, Commited, First Year, New College of Interdisciplinary Arts and Sciences, West Valley]
Ignoring exception in on_member_update
Traceback (most recent call last):
  File "/usr/local/lib/python3.12/site-packages/discord/client.py", line 465, in _run_event
    await coro(*args, **kwargs)
  File "/app/asu_discord/cogs/analytics.py", line 652, in on_member_update
    before_timeout = before.timed_out_until
                     ^^^^^^^^^^^^^^^^^^^^^^
AttributeError: 'Member' object has no attribute 'timed_out_until'
Ignoring exception in on_member_update
Traceback (most recent call last):
  File "/usr/local/lib/python3.12/site-packages/discord/client.py", line 465, in _run_event
    await coro(*args, **kwargs)
  File "/app/asu_discord/cogs/analytics.py", line 652, in on_member_update
    before_timeout = before.timed_out_until
                     ^^^^^^^^^^^^^^^^^^^^^^
AttributeError: 'Member' object has no attribute 'timed_out_until'
Ignoring exception in on_member_update
Traceback (most recent call last):
  File "/usr/local/lib/python3.12/site-packages/discord/client.py", line 465, in _run_event
    await coro(*args, **kwargs)
  File "/app/asu_discord/cogs/analytics.py", line 652, in on_member_update
    before_timeout = before.timed_out_until
                     ^^^^^^^^^^^^^^^^^^^^^^
AttributeError: 'Member' object has no attribute 'timed_out_until'
Ignoring exception in on_member_update
Traceback (most recent call last):
  File "/usr/local/lib/python3.12/site-packages/discord/client.py", line 465, in _run_event
    await coro(*args, **kwargs)
  File "/app/asu_discord/cogs/analytics.py", line 652, in on_member_update
    before_timeout = before.timed_out_until
                     ^^^^^^^^^^^^^^^^^^^^^^
AttributeError: 'Member' object has no attribute 'timed_out_until'
Ignoring exception in on_member_update
Traceback (most recent call last):
  File "/usr/local/lib/python3.12/site-packages/discord/client.py", line 465, in _run_event
    await coro(*args, **kwargs)
  File "/app/asu_discord/cogs/analytics.py", line 652, in on_member_update
    before_timeout = before.timed_out_until
                     ^^^^^^^^^^^^^^^^^^^^^^
AttributeError: 'Member' object has no attribute 'timed_out_until'
Ignoring exception in on_member_update
Traceback (most recent call last):
  File "/usr/local/lib/python3.12/site-packages/discord/client.py", line 465, in _run_event
    await coro(*args, **kwargs)
  File "/app/asu_discord/cogs/analytics.py", line 652, in on_member_update
    before_timeout = before.timed_out_until
                     ^^^^^^^^^^^^^^^^^^^^^^
AttributeError: 'Member' object has no attribute 'timed_out_until'
Ignoring exception in on_member_update
Traceback (most recent call last):
  File "/usr/local/lib/python3.12/site-packages/discord/client.py", line 465, in _run_event
    await coro(*args, **kwargs)
  File "/app/asu_discord/cogs/analytics.py", line 652, in on_member_update
    before_timeout = before.timed_out_until
                     ^^^^^^^^^^^^^^^^^^^^^^
AttributeError: 'Member' object has no attribute 'timed_out_until'
Ignoring exception in on_member_update
Traceback (most recent call last):
  File "/usr/local/lib/python3.12/site-packages/discord/client.py", line 465, in _run_event
    await coro(*args, **kwargs)
  File "/app/asu_discord/cogs/analytics.py", line 652, in on_member_update
    before_timeout = before.timed_out_until
                     ^^^^^^^^^^^^^^^^^^^^^^
AttributeError: 'Member' object has no attribute 'timed_out_until'
Ignoring exception in on_member_update
Traceback (most recent call last):
  File "/usr/local/lib/python3.12/site-packages/discord/client.py", line 465, in _run_event
    await coro(*args, **kwargs)
  File "/app/asu_discord/cogs/analytics.py", line 652, in on_member_update
    before_timeout = before.timed_out_until
                     ^^^^^^^^^^^^^^^^^^^^^^
AttributeError: 'Member' object has no attribute 'timed_out_until'
Ignoring exception in on_member_update
Traceback (most recent call last):
  File "/usr/local/lib/python3.12/site-packages/discord/client.py", line 465, in _run_event
    await coro(*args, **kwargs)
  File "/app/asu_discord/cogs/analytics.py", line 652, in on_member_update
    before_timeout = before.timed_out_until
                     ^^^^^^^^^^^^^^^^^^^^^^
AttributeError: 'Member' object has no attribute 'timed_out_until'
Ignoring exception in on_member_update
Traceback (most recent call last):
  File "/usr/local/lib/python3.12/site-packages/discord/client.py", line 465, in _run_event
    await coro(*args, **kwargs)
  File "/app/asu_discord/cogs/analytics.py", line 652, in on_member_update
    before_timeout = before.timed_out_until
                     ^^^^^^^^^^^^^^^^^^^^^^
AttributeError: 'Member' object has no attribute 'timed_out_until'
ERROR:cron.jobs:refresh_salesforce_roles: failed for abarral (Discord ID 373689666920251392): Timed out refresh Salesforce-based roles
Ignoring exception in on_member_update
Traceback (most recent call last):
  File "/usr/local/lib/python3.12/site-packages/discord/client.py", line 465, in _run_event
    await coro(*args, **kwargs)
  File "/app/asu_discord/cogs/analytics.py", line 652, in on_member_update
    before_timeout = before.timed_out_until
                     ^^^^^^^^^^^^^^^^^^^^^^
AttributeError: 'Member' object has no attribute 'timed_out_until'
ERROR:cron.jobs:refresh_salesforce_roles: failed for bmhensl3 (Discord ID 806679370268803092): Failed to refresh Salesforce-based roles: Discord user 806679370268803092 is not a member of the guild
Ignoring exception in on_member_update
Traceback (most recent call last):
  File "/usr/local/lib/python3.12/site-packages/discord/client.py", line 465, in _run_event
    await coro(*args, **kwargs)
  File "/app/asu_discord/cogs/analytics.py", line 652, in on_member_update
    before_timeout = before.timed_out_until
                     ^^^^^^^^^^^^^^^^^^^^^^
AttributeError: 'Member' object has no attribute 'timed_out_until'
Ignoring exception in on_member_update
Traceback (most recent call last):
  File "/usr/local/lib/python3.12/site-packages/discord/client.py", line 465, in _run_event
    await coro(*args, **kwargs)
  File "/app/asu_discord/cogs/analytics.py", line 652, in on_member_update
    before_timeout = before.timed_out_until
                     ^^^^^^^^^^^^^^^^^^^^^^
AttributeError: 'Member' object has no attribute 'timed_out_until'
Ignoring exception in on_member_update
Traceback (most recent call last):
  File "/usr/local/lib/python3.12/site-packages/discord/client.py", line 465, in _run_event
    await coro(*args, **kwargs)
  File "/app/asu_discord/cogs/analytics.py", line 652, in on_member_update
    before_timeout = before.timed_out_until
                     ^^^^^^^^^^^^^^^^^^^^^^
AttributeError: 'Member' object has no attribute 'timed_out_until'
Ignoring exception in on_member_update
Traceback (most recent call last):
  File "/usr/local/lib/python3.12/site-packages/discord/client.py", line 465, in _run_event
    await coro(*args, **kwargs)
  File "/app/asu_discord/cogs/analytics.py", line 652, in on_member_update
    before_timeout = before.timed_out_until
                     ^^^^^^^^^^^^^^^^^^^^^^
AttributeError: 'Member' object has no attribute 'timed_out_until'
Ignoring exception in on_member_update
Traceback (most recent call last):
  File "/usr/local/lib/python3.12/site-packages/discord/client.py", line 465, in _run_event
    await coro(*args, **kwargs)
  File "/app/asu_discord/cogs/analytics.py", line 652, in on_member_update
    before_timeout = before.timed_out_until
                     ^^^^^^^^^^^^^^^^^^^^^^
AttributeError: 'Member' object has no attribute 'timed_out_until'
Ignoring exception in on_member_update
Traceback (most recent call last):
  File "/usr/local/lib/python3.12/site-packages/discord/client.py", line 465, in _run_event
    await coro(*args, **kwargs)
  File "/app/asu_discord/cogs/analytics.py", line 652, in on_member_update
    before_timeout = before.timed_out_until
                     ^^^^^^^^^^^^^^^^^^^^^^
AttributeError: 'Member' object has no attribute 'timed_out_until'
Ignoring exception in on_member_update
Traceback (most recent call last):
  File "/usr/local/lib/python3.12/site-packages/discord/client.py", line 465, in _run_event
    await coro(*args, **kwargs)
  File "/app/asu_discord/cogs/analytics.py", line 652, in on_member_update
    before_timeout = before.timed_out_until
                     ^^^^^^^^^^^^^^^^^^^^^^
AttributeError: 'Member' object has no attribute 'timed_out_until'
Ignoring exception in on_member_update
Traceback (most recent call last):
  File "/usr/local/lib/python3.12/site-packages/discord/client.py", line 465, in _run_event
    await coro(*args, **kwargs)
  File "/app/asu_discord/cogs/analytics.py", line 652, in on_member_update
    before_timeout = before.timed_out_until
                     ^^^^^^^^^^^^^^^^^^^^^^
AttributeError: 'Member' object has no attribute 'timed_out_until'
Ignoring exception in on_member_update
Traceback (most recent call last):
  File "/usr/local/lib/python3.12/site-packages/discord/client.py", line 465, in _run_event
    await coro(*args, **kwargs)
  File "/app/asu_discord/cogs/analytics.py", line 652, in on_member_update
    before_timeout = before.timed_out_until
                     ^^^^^^^^^^^^^^^^^^^^^^
AttributeError: 'Member' object has no attribute 'timed_out_until'
INFO:asu_discord.cogs.verification:Saved 5 roles to database for user arajase9 (Discord ID: 843836539054325782)
INFO:asu_discord.cogs.verification:Refreshed Salesforce roles for Discord user 843836539054325782: -5/+4 roles, assigned=[Commited, Graduate Student, International Student, Ira A. Fulton Schools of Engineering, Tempe]
ERROR:cron.jobs:refresh_salesforce_roles: failed for ptran33 (Discord ID 263521495198859264): Failed to refresh Salesforce-based roles: Discord user 263521495198859264 is not a member of the guild
Ignoring exception in on_member_update
Traceback (most recent call last):
  File "/usr/local/lib/python3.12/site-packages/discord/client.py", line 465, in _run_event
    await coro(*args, **kwargs)
  File "/app/asu_discord/cogs/analytics.py", line 652, in on_member_update
    before_timeout = before.timed_out_until
                     ^^^^^^^^^^^^^^^^^^^^^^
AttributeError: 'Member' object has no attribute 'timed_out_until'
Ignoring exception in on_member_update
Traceback (most recent call last):
  File "/usr/local/lib/python3.12/site-packages/discord/client.py", line 465, in _run_event
    await coro(*args, **kwargs)
  File "/app/asu_discord/cogs/analytics.py", line 652, in on_member_update
    before_timeout = before.timed_out_until
                     ^^^^^^^^^^^^^^^^^^^^^^
AttributeError: 'Member' object has no attribute 'timed_out_until'
Ignoring exception in on_member_update
Traceback (most recent call last):
  File "/usr/local/lib/python3.12/site-packages/discord/client.py", line 465, in _run_event
    await coro(*args, **kwargs)
  File "/app/asu_discord/cogs/analytics.py", line 652, in on_member_update
    before_timeout = before.timed_out_until
                     ^^^^^^^^^^^^^^^^^^^^^^
AttributeError: 'Member' object has no attribute 'timed_out_until'
Ignoring exception in on_member_update
Traceback (most recent call last):
  File "/usr/local/lib/python3.12/site-packages/discord/client.py", line 465, in _run_event
    await coro(*args, **kwargs)
  File "/app/asu_discord/cogs/analytics.py", line 652, in on_member_update
    before_timeout = before.timed_out_until
                     ^^^^^^^^^^^^^^^^^^^^^^
AttributeError: 'Member' object has no attribute 'timed_out_until'
Ignoring exception in on_member_update
Traceback (most recent call last):
  File "/usr/local/lib/python3.12/site-packages/discord/client.py", line 465, in _run_event
    await coro(*args, **kwargs)
  File "/app/asu_discord/cogs/analytics.py", line 652, in on_member_update
    before_timeout = before.timed_out_until
                     ^^^^^^^^^^^^^^^^^^^^^^
AttributeError: 'Member' object has no attribute 'timed_out_until'
Ignoring exception in on_member_update
Traceback (most recent call last):
  File "/usr/local/lib/python3.12/site-packages/discord/client.py", line 465, in _run_event
    await coro(*args, **kwargs)
  File "/app/asu_discord/cogs/analytics.py", line 652, in on_member_update
    before_timeout = before.timed_out_until
                     ^^^^^^^^^^^^^^^^^^^^^^
AttributeError: 'Member' object has no attribute 'timed_out_until'
Ignoring exception in on_member_update
Traceback (most recent call last):
  File "/usr/local/lib/python3.12/site-packages/discord/client.py", line 465, in _run_event
    await coro(*args, **kwargs)
  File "/app/asu_discord/cogs/analytics.py", line 652, in on_member_update
    before_timeout = before.timed_out_until
                     ^^^^^^^^^^^^^^^^^^^^^^
AttributeError: 'Member' object has no attribute 'timed_out_until'
Ignoring exception in on_member_update
Traceback (most recent call last):
  File "/usr/local/lib/python3.12/site-packages/discord/client.py", line 465, in _run_event
    await coro(*args, **kwargs)
  File "/app/asu_discord/cogs/analytics.py", line 652, in on_member_update
    before_timeout = before.timed_out_until
                     ^^^^^^^^^^^^^^^^^^^^^^
AttributeError: 'Member' object has no attribute 'timed_out_until'
INFO:asu_discord.cogs.verification:Saved 4 roles to database for user ssalama4 (Discord ID: 1232435218854707391)
INFO:asu_discord.cogs.verification:Refreshed Salesforce roles for Discord user 1232435218854707391: -4/+4 roles, assigned=[Arizona Resident, Edson College of Nursing and Health Innovation, First Year, Tempe]
Ignoring exception in on_member_update
Traceback (most recent call last):
  File "/usr/local/lib/python3.12/site-packages/discord/client.py", line 465, in _run_event
    await coro(*args, **kwargs)
  File "/app/asu_discord/cogs/analytics.py", line 652, in on_member_update
    before_timeout = before.timed_out_until
                     ^^^^^^^^^^^^^^^^^^^^^^
AttributeError: 'Member' object has no attribute 'timed_out_until'
Ignoring exception in on_member_update
Traceback (most recent call last):
  File "/usr/local/lib/python3.12/site-packages/discord/client.py", line 465, in _run_event
    await coro(*args, **kwargs)
  File "/app/asu_discord/cogs/analytics.py", line 652, in on_member_update
    before_timeout = before.timed_out_until
                     ^^^^^^^^^^^^^^^^^^^^^^
AttributeError: 'Member' object has no attribute 'timed_out_until'
Ignoring exception in on_member_update
Traceback (most recent call last):
  File "/usr/local/lib/python3.12/site-packages/discord/client.py", line 465, in _run_event
    await coro(*args, **kwargs)
  File "/app/asu_discord/cogs/analytics.py", line 652, in on_member_update
    before_timeout = before.timed_out_until
                     ^^^^^^^^^^^^^^^^^^^^^^
AttributeError: 'Member' object has no attribute 'timed_out_until'
Ignoring exception in on_member_update
Traceback (most recent call last):
  File "/usr/local/lib/python3.12/site-packages/discord/client.py", line 465, in _run_event
    await coro(*args, **kwargs)
  File "/app/asu_discord/cogs/analytics.py", line 652, in on_member_update
    before_timeout = before.timed_out_until
                     ^^^^^^^^^^^^^^^^^^^^^^
AttributeError: 'Member' object has no attribute 'timed_out_until'
Ignoring exception in on_member_update
Traceback (most recent call last):
  File "/usr/local/lib/python3.12/site-packages/discord/client.py", line 465, in _run_event
    await coro(*args, **kwargs)
  File "/app/asu_discord/cogs/analytics.py", line 652, in on_member_update
    before_timeout = before.timed_out_until
                     ^^^^^^^^^^^^^^^^^^^^^^
AttributeError: 'Member' object has no attribute 'timed_out_until'
Ignoring exception in on_member_update
Traceback (most recent call last):
  File "/usr/local/lib/python3.12/site-packages/discord/client.py", line 465, in _run_event
    await coro(*args, **kwargs)
  File "/app/asu_discord/cogs/analytics.py", line 652, in on_member_update
    before_timeout = before.timed_out_until
                     ^^^^^^^^^^^^^^^^^^^^^^
AttributeError: 'Member' object has no attribute 'timed_out_until'
Ignoring exception in on_member_update
Traceback (most recent call last):
  File "/usr/local/lib/python3.12/site-packages/discord/client.py", line 465, in _run_event
    await coro(*args, **kwargs)
  File "/app/asu_discord/cogs/analytics.py", line 652, in on_member_update
    before_timeout = before.timed_out_until
                     ^^^^^^^^^^^^^^^^^^^^^^
AttributeError: 'Member' object has no attribute 'timed_out_until'
Ignoring exception in on_member_update
Traceback (most recent call last):
  File "/usr/local/lib/python3.12/site-packages/discord/client.py", line 465, in _run_event
    await coro(*args, **kwargs)
  File "/app/asu_discord/cogs/analytics.py", line 652, in on_member_update
    before_timeout = before.timed_out_until
                     ^^^^^^^^^^^^^^^^^^^^^^
AttributeError: 'Member' object has no attribute 'timed_out_until'
Ignoring exception in on_member_update
Traceback (most recent call last):
  File "/usr/local/lib/python3.12/site-packages/discord/client.py", line 465, in _run_event
    await coro(*args, **kwargs)
  File "/app/asu_discord/cogs/analytics.py", line 652, in on_member_update
    before_timeout = before.timed_out_until
                     ^^^^^^^^^^^^^^^^^^^^^^
AttributeError: 'Member' object has no attribute 'timed_out_until'
Ignoring exception in on_member_update
Traceback (most recent call last):
  File "/usr/local/lib/python3.12/site-packages/discord/client.py", line 465, in _run_event
    await coro(*args, **kwargs)
  File "/app/asu_discord/cogs/analytics.py", line 652, in on_member_update
    before_timeout = before.timed_out_until
                     ^^^^^^^^^^^^^^^^^^^^^^
AttributeError: 'Member' object has no attribute 'timed_out_until'
INFO:asu_discord.cogs.verification:Saved 5 roles to database for user ecansler (Discord ID: 714124996309680169)
INFO:asu_discord.cogs.verification:Refreshed Salesforce roles for Discord user 714124996309680169: -5/+5 roles, assigned=[Commited, Downtown Phoenix, First Year, Out of State, Walter Cronkite School of Journalism and Mass Communication]
Ignoring exception in on_member_update
Traceback (most recent call last):
  File "/usr/local/lib/python3.12/site-packages/discord/client.py", line 465, in _run_event
    await coro(*args, **kwargs)
  File "/app/asu_discord/cogs/analytics.py", line 652, in on_member_update
    before_timeout = before.timed_out_until
                     ^^^^^^^^^^^^^^^^^^^^^^
AttributeError: 'Member' object has no attribute 'timed_out_until'
Ignoring exception in on_member_update
Traceback (most recent call last):
  File "/usr/local/lib/python3.12/site-packages/discord/client.py", line 465, in _run_event
    await coro(*args, **kwargs)
  File "/app/asu_discord/cogs/analytics.py", line 652, in on_member_update
    before_timeout = before.timed_out_until
                     ^^^^^^^^^^^^^^^^^^^^^^
AttributeError: 'Member' object has no attribute 'timed_out_until'
INFO:asu_discord.cogs.verification:Saved 1 roles to database for user eclin1 (Discord ID: 455911357292740608)
INFO:asu_discord.cogs.verification:Refreshed Salesforce roles for Discord user 455911357292740608: -1/+1 roles, assigned=[Out of State]
ERROR:cron.jobs:refresh_salesforce_roles: failed for cnewto15 (Discord ID 1051012159750017065): Failed to refresh Salesforce-based roles: Discord user 1051012159750017065 is not a member of the guild
Ignoring exception in on_member_update
Traceback (most recent call last):
  File "/usr/local/lib/python3.12/site-packages/discord/client.py", line 465, in _run_event
    await coro(*args, **kwargs)
  File "/app/asu_discord/cogs/analytics.py", line 652, in on_member_update
    before_timeout = before.timed_out_until
                     ^^^^^^^^^^^^^^^^^^^^^^
AttributeError: 'Member' object has no attribute 'timed_out_until'
Ignoring exception in on_member_update
Traceback (most recent call last):
  File "/usr/local/lib/python3.12/site-packages/discord/client.py", line 465, in _run_event
    await coro(*args, **kwargs)
  File "/app/asu_discord/cogs/analytics.py", line 652, in on_member_update
    before_timeout = before.timed_out_until
                     ^^^^^^^^^^^^^^^^^^^^^^
AttributeError: 'Member' object has no attribute 'timed_out_until'
Ignoring exception in on_member_update
Traceback (most recent call last):
  File "/usr/local/lib/python3.12/site-packages/discord/client.py", line 465, in _run_event
    await coro(*args, **kwargs)
  File "/app/asu_discord/cogs/analytics.py", line 652, in on_member_update
    before_timeout = before.timed_out_until
                     ^^^^^^^^^^^^^^^^^^^^^^
AttributeError: 'Member' object has no attribute 'timed_out_until'
Ignoring exception in on_member_update
Traceback (most recent call last):
  File "/usr/local/lib/python3.12/site-packages/discord/client.py", line 465, in _run_event
    await coro(*args, **kwargs)
  File "/app/asu_discord/cogs/analytics.py", line 652, in on_member_update
    before_timeout = before.timed_out_until
                     ^^^^^^^^^^^^^^^^^^^^^^
AttributeError: 'Member' object has no attribute 'timed_out_until'
Ignoring exception in on_member_update
Traceback (most recent call last):
  File "/usr/local/lib/python3.12/site-packages/discord/client.py", line 465, in _run_event
    await coro(*args, **kwargs)
  File "/app/asu_discord/cogs/analytics.py", line 652, in on_member_update
    before_timeout = before.timed_out_until
                     ^^^^^^^^^^^^^^^^^^^^^^
AttributeError: 'Member' object has no attribute 'timed_out_until'
Ignoring exception in on_member_update
Traceback (most recent call last):
  File "/usr/local/lib/python3.12/site-packages/discord/client.py", line 465, in _run_event
    await coro(*args, **kwargs)
  File "/app/asu_discord/cogs/analytics.py", line 652, in on_member_update
    before_timeout = before.timed_out_until
                     ^^^^^^^^^^^^^^^^^^^^^^
AttributeError: 'Member' object has no attribute 'timed_out_until'
Ignoring exception in on_member_update
Traceback (most recent call last):
  File "/usr/local/lib/python3.12/site-packages/discord/client.py", line 465, in _run_event
    await coro(*args, **kwargs)
  File "/app/asu_discord/cogs/analytics.py", line 652, in on_member_update
    before_timeout = before.timed_out_until
                     ^^^^^^^^^^^^^^^^^^^^^^
AttributeError: 'Member' object has no attribute 'timed_out_until'
Ignoring exception in on_member_update
Traceback (most recent call last):
  File "/usr/local/lib/python3.12/site-packages/discord/client.py", line 465, in _run_event
    await coro(*args, **kwargs)
  File "/app/asu_discord/cogs/analytics.py", line 652, in on_member_update
    before_timeout = before.timed_out_until
                     ^^^^^^^^^^^^^^^^^^^^^^
AttributeError: 'Member' object has no attribute 'timed_out_until'
Ignoring exception in on_member_update
Traceback (most recent call last):
  File "/usr/local/lib/python3.12/site-packages/discord/client.py", line 465, in _run_event
    await coro(*args, **kwargs)
  File "/app/asu_discord/cogs/analytics.py", line 652, in on_member_update
    before_timeout = before.timed_out_until
                     ^^^^^^^^^^^^^^^^^^^^^^
AttributeError: 'Member' object has no attribute 'timed_out_until'
Ignoring exception in on_member_update
Traceback (most recent call last):
  File "/usr/local/lib/python3.12/site-packages/discord/client.py", line 465, in _run_event
    await coro(*args, **kwargs)
  File "/app/asu_discord/cogs/analytics.py", line 652, in on_member_update
    before_timeout = before.timed_out_until
                     ^^^^^^^^^^^^^^^^^^^^^^
AttributeError: 'Member' object has no attribute 'timed_out_until'
INFO:asu_discord.cogs.verification:Saved 5 roles to database for user ncadman1 (Discord ID: 1217362293059489850)
INFO:asu_discord.cogs.verification:Refreshed Salesforce roles for Discord user 1217362293059489850: -5/+5 roles, assigned=[Arizona Resident, Downtown Phoenix, First Generation Student, First Year, Watts College of Public Service and Community Solutions]
Ignoring exception in on_member_update
Traceback (most recent call last):
  File "/usr/local/lib/python3.12/site-packages/discord/client.py", line 465, in _run_event
    await coro(*args, **kwargs)
  File "/app/asu_discord/cogs/analytics.py", line 652, in on_member_update
    before_timeout = before.timed_out_until
                     ^^^^^^^^^^^^^^^^^^^^^^
AttributeError: 'Member' object has no attribute 'timed_out_until'
Ignoring exception in on_member_update
Traceback (most recent call last):
  File "/usr/local/lib/python3.12/site-packages/discord/client.py", line 465, in _run_event
    await coro(*args, **kwargs)
  File "/app/asu_discord/cogs/analytics.py", line 652, in on_member_update
    before_timeout = before.timed_out_until
                     ^^^^^^^^^^^^^^^^^^^^^^
AttributeError: 'Member' object has no attribute 'timed_out_until'
INFO:asu_discord.cogs.verification:Saved 1 roles to database for user sakhan39 (Discord ID: 871214481257152512)
INFO:asu_discord.cogs.verification:Refreshed Salesforce roles for Discord user 871214481257152512: -1/+1 roles, assigned=[Out of State]
Ignoring exception in on_member_update
Traceback (most recent call last):
  File "/usr/local/lib/python3.12/site-packages/discord/client.py", line 465, in _run_event
    await coro(*args, **kwargs)
  File "/app/asu_discord/cogs/analytics.py", line 652, in on_member_update
    before_timeout = before.timed_out_until
                     ^^^^^^^^^^^^^^^^^^^^^^
AttributeError: 'Member' object has no attribute 'timed_out_until'
Ignoring exception in on_member_update
Traceback (most recent call last):
  File "/usr/local/lib/python3.12/site-packages/discord/client.py", line 465, in _run_event
    await coro(*args, **kwargs)
  File "/app/asu_discord/cogs/analytics.py", line 652, in on_member_update
    before_timeout = before.timed_out_until
                     ^^^^^^^^^^^^^^^^^^^^^^
AttributeError: 'Member' object has no attribute 'timed_out_until'
Ignoring exception in on_member_update
Traceback (most recent call last):
  File "/usr/local/lib/python3.12/site-packages/discord/client.py", line 465, in _run_event
    await coro(*args, **kwargs)
  File "/app/asu_discord/cogs/analytics.py", line 652, in on_member_update
    before_timeout = before.timed_out_until
                     ^^^^^^^^^^^^^^^^^^^^^^
AttributeError: 'Member' object has no attribute 'timed_out_until'
Ignoring exception in on_member_update
Traceback (most recent call last):
  File "/usr/local/lib/python3.12/site-packages/discord/client.py", line 465, in _run_event
    await coro(*args, **kwargs)
  File "/app/asu_discord/cogs/analytics.py", line 652, in on_member_update
    before_timeout = before.timed_out_until
                     ^^^^^^^^^^^^^^^^^^^^^^
AttributeError: 'Member' object has no attribute 'timed_out_until'
Ignoring exception in on_member_update
Traceback (most recent call last):
  File "/usr/local/lib/python3.12/site-packages/discord/client.py", line 465, in _run_event
    await coro(*args, **kwargs)
  File "/app/asu_discord/cogs/analytics.py", line 652, in on_member_update
    before_timeout = before.timed_out_until
                     ^^^^^^^^^^^^^^^^^^^^^^
AttributeError: 'Member' object has no attribute 'timed_out_until'
Ignoring exception in on_member_update
Traceback (most recent call last):
  File "/usr/local/lib/python3.12/site-packages/discord/client.py", line 465, in _run_event
    await coro(*args, **kwargs)
  File "/app/asu_discord/cogs/analytics.py", line 652, in on_member_update
    before_timeout = before.timed_out_until
                     ^^^^^^^^^^^^^^^^^^^^^^
AttributeError: 'Member' object has no attribute 'timed_out_until'
Ignoring exception in on_member_update
Traceback (most recent call last):
  File "/usr/local/lib/python3.12/site-packages/discord/client.py", line 465, in _run_event
    await coro(*args, **kwargs)
  File "/app/asu_discord/cogs/analytics.py", line 652, in on_member_update
    before_timeout = before.timed_out_until
                     ^^^^^^^^^^^^^^^^^^^^^^
AttributeError: 'Member' object has no attribute 'timed_out_until'
Ignoring exception in on_member_update
Traceback (most recent call last):
  File "/usr/local/lib/python3.12/site-packages/discord/client.py", line 465, in _run_event
    await coro(*args, **kwargs)
  File "/app/asu_discord/cogs/analytics.py", line 652, in on_member_update
    before_timeout = before.timed_out_until
                     ^^^^^^^^^^^^^^^^^^^^^^
AttributeError: 'Member' object has no attribute 'timed_out_until'
Ignoring exception in on_member_update
Traceback (most recent call last):
  File "/usr/local/lib/python3.12/site-packages/discord/client.py", line 465, in _run_event
    await coro(*args, **kwargs)
  File "/app/asu_discord/cogs/analytics.py", line 652, in on_member_update
    before_timeout = before.timed_out_until
                     ^^^^^^^^^^^^^^^^^^^^^^
AttributeError: 'Member' object has no attribute 'timed_out_until'
Ignoring exception in on_member_update
Traceback (most recent call last):
  File "/usr/local/lib/python3.12/site-packages/discord/client.py", line 465, in _run_event
    await coro(*args, **kwargs)
  File "/app/asu_discord/cogs/analytics.py", line 652, in on_member_update
    before_timeout = before.timed_out_until
                     ^^^^^^^^^^^^^^^^^^^^^^
AttributeError: 'Member' object has no attribute 'timed_out_until'
Ignoring exception in on_member_update
Traceback (most recent call last):
  File "/usr/local/lib/python3.12/site-packages/discord/client.py", line 465, in _run_event
    await coro(*args, **kwargs)
  File "/app/asu_discord/cogs/analytics.py", line 652, in on_member_update
    before_timeout = before.timed_out_until
                     ^^^^^^^^^^^^^^^^^^^^^^
AttributeError: 'Member' object has no attribute 'timed_out_until'
INFO:asu_discord.cogs.verification:Saved 6 roles to database for user vduque12 (Discord ID: 1120769701417594950)
INFO:asu_discord.cogs.verification:Refreshed Salesforce roles for Discord user 1120769701417594950: -5/+6 roles, assigned=[Commited, First Generation Student, First Year, New College of Interdisciplinary Arts and Sciences, Out of State, West Valley]
Ignoring exception in on_member_update
Traceback (most recent call last):
  File "/usr/local/lib/python3.12/site-packages/discord/client.py", line 465, in _run_event
    await coro(*args, **kwargs)
  File "/app/asu_discord/cogs/analytics.py", line 652, in on_member_update
    before_timeout = before.timed_out_until
                     ^^^^^^^^^^^^^^^^^^^^^^
AttributeError: 'Member' object has no attribute 'timed_out_until'
Ignoring exception in on_member_update
Traceback (most recent call last):
  File "/usr/local/lib/python3.12/site-packages/discord/client.py", line 465, in _run_event
    await coro(*args, **kwargs)
  File "/app/asu_discord/cogs/analytics.py", line 652, in on_member_update
    before_timeout = before.timed_out_until
                     ^^^^^^^^^^^^^^^^^^^^^^
AttributeError: 'Member' object has no attribute 'timed_out_until'
Ignoring exception in on_member_update
Traceback (most recent call last):
  File "/usr/local/lib/python3.12/site-packages/discord/client.py", line 465, in _run_event
    await coro(*args, **kwargs)
  File "/app/asu_discord/cogs/analytics.py", line 652, in on_member_update
    before_timeout = before.timed_out_until
                     ^^^^^^^^^^^^^^^^^^^^^^
AttributeError: 'Member' object has no attribute 'timed_out_until'
Ignoring exception in on_member_update
Traceback (most recent call last):
  File "/usr/local/lib/python3.12/site-packages/discord/client.py", line 465, in _run_event
    await coro(*args, **kwargs)
  File "/app/asu_discord/cogs/analytics.py", line 652, in on_member_update
    before_timeout = before.timed_out_until
                     ^^^^^^^^^^^^^^^^^^^^^^
AttributeError: 'Member' object has no attribute 'timed_out_until'
Ignoring exception in on_member_update
Traceback (most recent call last):
  File "/usr/local/lib/python3.12/site-packages/discord/client.py", line 465, in _run_event
    await coro(*args, **kwargs)
  File "/app/asu_discord/cogs/analytics.py", line 652, in on_member_update
    before_timeout = before.timed_out_until
                     ^^^^^^^^^^^^^^^^^^^^^^
AttributeError: 'Member' object has no attribute 'timed_out_until'
Ignoring exception in on_member_update
Traceback (most recent call last):
  File "/usr/local/lib/python3.12/site-packages/discord/client.py", line 465, in _run_event
    await coro(*args, **kwargs)
  File "/app/asu_discord/cogs/analytics.py", line 652, in on_member_update
    before_timeout = before.timed_out_until
                     ^^^^^^^^^^^^^^^^^^^^^^
AttributeError: 'Member' object has no attribute 'timed_out_until'
Ignoring exception in on_member_update
Traceback (most recent call last):
  File "/usr/local/lib/python3.12/site-packages/discord/client.py", line 465, in _run_event
    await coro(*args, **kwargs)
  File "/app/asu_discord/cogs/analytics.py", line 652, in on_member_update
    before_timeout = before.timed_out_until
                     ^^^^^^^^^^^^^^^^^^^^^^
AttributeError: 'Member' object has no attribute 'timed_out_until'
Ignoring exception in on_member_update
Traceback (most recent call last):
  File "/usr/local/lib/python3.12/site-packages/discord/client.py", line 465, in _run_event
    await coro(*args, **kwargs)
  File "/app/asu_discord/cogs/analytics.py", line 652, in on_member_update
    before_timeout = before.timed_out_until
                     ^^^^^^^^^^^^^^^^^^^^^^
AttributeError: 'Member' object has no attribute 'timed_out_until'
INFO:asu_discord.cogs.verification:Saved 4 roles to database for user lwwang (Discord ID: 716094833890033774)
INFO:asu_discord.cogs.verification:Refreshed Salesforce roles for Discord user 716094833890033774: -4/+4 roles, assigned=[Commited, First Year, Ira A. Fulton Schools of Engineering, Tempe]
Ignoring exception in on_member_update
Traceback (most recent call last):
  File "/usr/local/lib/python3.12/site-packages/discord/client.py", line 465, in _run_event
    await coro(*args, **kwargs)
  File "/app/asu_discord/cogs/analytics.py", line 652, in on_member_update
    before_timeout = before.timed_out_until
                     ^^^^^^^^^^^^^^^^^^^^^^
AttributeError: 'Member' object has no attribute 'timed_out_until'
Ignoring exception in on_member_update
Traceback (most recent call last):
  File "/usr/local/lib/python3.12/site-packages/discord/client.py", line 465, in _run_event
    await coro(*args, **kwargs)
  File "/app/asu_discord/cogs/analytics.py", line 652, in on_member_update
    before_timeout = before.timed_out_until
                     ^^^^^^^^^^^^^^^^^^^^^^
AttributeError: 'Member' object has no attribute 'timed_out_until'
Ignoring exception in on_member_update
Traceback (most recent call last):
  File "/usr/local/lib/python3.12/site-packages/discord/client.py", line 465, in _run_event
    await coro(*args, **kwargs)
  File "/app/asu_discord/cogs/analytics.py", line 652, in on_member_update
    before_timeout = before.timed_out_until
                     ^^^^^^^^^^^^^^^^^^^^^^
AttributeError: 'Member' object has no attribute 'timed_out_until'
Ignoring exception in on_member_update
Traceback (most recent call last):
  File "/usr/local/lib/python3.12/site-packages/discord/client.py", line 465, in _run_event
    await coro(*args, **kwargs)
  File "/app/asu_discord/cogs/analytics.py", line 652, in on_member_update
    before_timeout = before.timed_out_until
                     ^^^^^^^^^^^^^^^^^^^^^^
AttributeError: 'Member' object has no attribute 'timed_out_until'
Ignoring exception in on_member_update
Traceback (most recent call last):
  File "/usr/local/lib/python3.12/site-packages/discord/client.py", line 465, in _run_event
    await coro(*args, **kwargs)
  File "/app/asu_discord/cogs/analytics.py", line 652, in on_member_update
    before_timeout = before.timed_out_until
                     ^^^^^^^^^^^^^^^^^^^^^^
AttributeError: 'Member' object has no attribute 'timed_out_until'
Ignoring exception in on_member_update
Traceback (most recent call last):
  File "/usr/local/lib/python3.12/site-packages/discord/client.py", line 465, in _run_event
    await coro(*args, **kwargs)
  File "/app/asu_discord/cogs/analytics.py", line 652, in on_member_update
    before_timeout = before.timed_out_until
                     ^^^^^^^^^^^^^^^^^^^^^^
AttributeError: 'Member' object has no attribute 'timed_out_until'
Ignoring exception in on_member_update
Traceback (most recent call last):
  File "/usr/local/lib/python3.12/site-packages/discord/client.py", line 465, in _run_event
    await coro(*args, **kwargs)
  File "/app/asu_discord/cogs/analytics.py", line 652, in on_member_update
    before_timeout = before.timed_out_until
                     ^^^^^^^^^^^^^^^^^^^^^^
AttributeError: 'Member' object has no attribute 'timed_out_until'
Ignoring exception in on_member_update
Traceback (most recent call last):
  File "/usr/local/lib/python3.12/site-packages/discord/client.py", line 465, in _run_event
    await coro(*args, **kwargs)
  File "/app/asu_discord/cogs/analytics.py", line 652, in on_member_update
    before_timeout = before.timed_out_until
                     ^^^^^^^^^^^^^^^^^^^^^^
AttributeError: 'Member' object has no attribute 'timed_out_until'
Ignoring exception in on_member_update
Traceback (most recent call last):
  File "/usr/local/lib/python3.12/site-packages/discord/client.py", line 465, in _run_event
    await coro(*args, **kwargs)
  File "/app/asu_discord/cogs/analytics.py", line 652, in on_member_update
    before_timeout = before.timed_out_until
                     ^^^^^^^^^^^^^^^^^^^^^^
AttributeError: 'Member' object has no attribute 'timed_out_until'
INFO:asu_discord.cogs.verification:Saved 5 roles to database for user ziflores (Discord ID: 841196612792746015)
INFO:asu_discord.cogs.verification:Refreshed Salesforce roles for Discord user 841196612792746015: -4/+5 roles, assigned=[Arizona Resident, First Generation Student, First Year, Ira A. Fulton Schools of Engineering, Tempe]
Ignoring exception in on_member_update
Traceback (most recent call last):
  File "/usr/local/lib/python3.12/site-packages/discord/client.py", line 465, in _run_event
    await coro(*args, **kwargs)
  File "/app/asu_discord/cogs/analytics.py", line 652, in on_member_update
    before_timeout = before.timed_out_until
                     ^^^^^^^^^^^^^^^^^^^^^^
AttributeError: 'Member' object has no attribute 'timed_out_until'
Ignoring exception in on_member_update
Traceback (most recent call last):
  File "/usr/local/lib/python3.12/site-packages/discord/client.py", line 465, in _run_event
    await coro(*args, **kwargs)
  File "/app/asu_discord/cogs/analytics.py", line 652, in on_member_update
    before_timeout = before.timed_out_until
                     ^^^^^^^^^^^^^^^^^^^^^^
AttributeError: 'Member' object has no attribute 'timed_out_until'
Ignoring exception in on_member_update
Traceback (most recent call last):
  File "/usr/local/lib/python3.12/site-packages/discord/client.py", line 465, in _run_event
    await coro(*args, **kwargs)
  File "/app/asu_discord/cogs/analytics.py", line 652, in on_member_update
    before_timeout = before.timed_out_until
                     ^^^^^^^^^^^^^^^^^^^^^^
AttributeError: 'Member' object has no attribute 'timed_out_until'
Ignoring exception in on_member_update
Traceback (most recent call last):
  File "/usr/local/lib/python3.12/site-packages/discord/client.py", line 465, in _run_event
    await coro(*args, **kwargs)
  File "/app/asu_discord/cogs/analytics.py", line 652, in on_member_update
    before_timeout = before.timed_out_until
                     ^^^^^^^^^^^^^^^^^^^^^^
AttributeError: 'Member' object has no attribute 'timed_out_until'
Ignoring exception in on_member_update
Traceback (most recent call last):
  File "/usr/local/lib/python3.12/site-packages/discord/client.py", line 465, in _run_event
    await coro(*args, **kwargs)
  File "/app/asu_discord/cogs/analytics.py", line 652, in on_member_update
    before_timeout = before.timed_out_until
                     ^^^^^^^^^^^^^^^^^^^^^^
AttributeError: 'Member' object has no attribute 'timed_out_until'
Ignoring exception in on_member_update
Traceback (most recent call last):
  File "/usr/local/lib/python3.12/site-packages/discord/client.py", line 465, in _run_event
    await coro(*args, **kwargs)
  File "/app/asu_discord/cogs/analytics.py", line 652, in on_member_update
    before_timeout = before.timed_out_until
                     ^^^^^^^^^^^^^^^^^^^^^^
AttributeError: 'Member' object has no attribute 'timed_out_until'
Ignoring exception in on_member_update
Traceback (most recent call last):
  File "/usr/local/lib/python3.12/site-packages/discord/client.py", line 465, in _run_event
    await coro(*args, **kwargs)
  File "/app/asu_discord/cogs/analytics.py", line 652, in on_member_update
    before_timeout = before.timed_out_until
                     ^^^^^^^^^^^^^^^^^^^^^^
AttributeError: 'Member' object has no attribute 'timed_out_until'
Ignoring exception in on_member_update
Traceback (most recent call last):
  File "/usr/local/lib/python3.12/site-packages/discord/client.py", line 465, in _run_event
    await coro(*args, **kwargs)
  File "/app/asu_discord/cogs/analytics.py", line 652, in on_member_update
    before_timeout = before.timed_out_until
                     ^^^^^^^^^^^^^^^^^^^^^^
AttributeError: 'Member' object has no attribute 'timed_out_until'
Ignoring exception in on_member_update
Traceback (most recent call last):
  File "/usr/local/lib/python3.12/site-packages/discord/client.py", line 465, in _run_event
    await coro(*args, **kwargs)
  File "/app/asu_discord/cogs/analytics.py", line 652, in on_member_update
    before_timeout = before.timed_out_until
                     ^^^^^^^^^^^^^^^^^^^^^^
AttributeError: 'Member' object has no attribute 'timed_out_until'
INFO:asu_discord.cogs.verification:Saved 5 roles to database for user jniedosi (Discord ID: 902369636694253578)
INFO:asu_discord.cogs.verification:Refreshed Salesforce roles for Discord user 902369636694253578: -5/+4 roles, assigned=[Arizona Resident, Commited, Edson College of Nursing and Health Innovation, First Year, West Valley]
ERROR:cron.jobs:refresh_salesforce_roles: failed for cmoral80 (Discord ID 761324225444315146): Failed to refresh Salesforce-based roles: Discord user 761324225444315146 is not a member of the guild
Ignoring exception in on_member_update
Traceback (most recent call last):
  File "/usr/local/lib/python3.12/site-packages/discord/client.py", line 465, in _run_event
    await coro(*args, **kwargs)
  File "/app/asu_discord/cogs/analytics.py", line 652, in on_member_update
    before_timeout = before.timed_out_until
                     ^^^^^^^^^^^^^^^^^^^^^^
AttributeError: 'Member' object has no attribute 'timed_out_until'
Ignoring exception in on_member_update
Traceback (most recent call last):
  File "/usr/local/lib/python3.12/site-packages/discord/client.py", line 465, in _run_event
    await coro(*args, **kwargs)
  File "/app/asu_discord/cogs/analytics.py", line 652, in on_member_update
    before_timeout = before.timed_out_until
                     ^^^^^^^^^^^^^^^^^^^^^^
AttributeError: 'Member' object has no attribute 'timed_out_until'
Ignoring exception in on_member_update
Traceback (most recent call last):
  File "/usr/local/lib/python3.12/site-packages/discord/client.py", line 465, in _run_event
    await coro(*args, **kwargs)
  File "/app/asu_discord/cogs/analytics.py", line 652, in on_member_update
    before_timeout = before.timed_out_until
                     ^^^^^^^^^^^^^^^^^^^^^^
AttributeError: 'Member' object has no attribute 'timed_out_until'
Ignoring exception in on_member_update
Traceback (most recent call last):
  File "/usr/local/lib/python3.12/site-packages/discord/client.py", line 465, in _run_event
    await coro(*args, **kwargs)
  File "/app/asu_discord/cogs/analytics.py", line 652, in on_member_update
    before_timeout = before.timed_out_until
                     ^^^^^^^^^^^^^^^^^^^^^^
AttributeError: 'Member' object has no attribute 'timed_out_until'
Ignoring exception in on_member_update
Traceback (most recent call last):
  File "/usr/local/lib/python3.12/site-packages/discord/client.py", line 465, in _run_event
    await coro(*args, **kwargs)
  File "/app/asu_discord/cogs/analytics.py", line 652, in on_member_update
    before_timeout = before.timed_out_until
                     ^^^^^^^^^^^^^^^^^^^^^^
AttributeError: 'Member' object has no attribute 'timed_out_until'
Ignoring exception in on_member_update
Traceback (most recent call last):
  File "/usr/local/lib/python3.12/site-packages/discord/client.py", line 465, in _run_event
    await coro(*args, **kwargs)
  File "/app/asu_discord/cogs/analytics.py", line 652, in on_member_update
    before_timeout = before.timed_out_until
                     ^^^^^^^^^^^^^^^^^^^^^^
AttributeError: 'Member' object has no attribute 'timed_out_until'
Ignoring exception in on_member_update
Traceback (most recent call last):
  File "/usr/local/lib/python3.12/site-packages/discord/client.py", line 465, in _run_event
    await coro(*args, **kwargs)
  File "/app/asu_discord/cogs/analytics.py", line 652, in on_member_update
    before_timeout = before.timed_out_until
                     ^^^^^^^^^^^^^^^^^^^^^^
AttributeError: 'Member' object has no attribute 'timed_out_until'
Ignoring exception in on_member_update
Traceback (most recent call last):
  File "/usr/local/lib/python3.12/site-packages/discord/client.py", line 465, in _run_event
    await coro(*args, **kwargs)
  File "/app/asu_discord/cogs/analytics.py", line 652, in on_member_update
    before_timeout = before.timed_out_until
                     ^^^^^^^^^^^^^^^^^^^^^^
AttributeError: 'Member' object has no attribute 'timed_out_until'
Ignoring exception in on_member_update
Traceback (most recent call last):
  File "/usr/local/lib/python3.12/site-packages/discord/client.py", line 465, in _run_event
    await coro(*args, **kwargs)
  File "/app/asu_discord/cogs/analytics.py", line 652, in on_member_update
    before_timeout = before.timed_out_until
                     ^^^^^^^^^^^^^^^^^^^^^^
AttributeError: 'Member' object has no attribute 'timed_out_until'
Ignoring exception in on_member_update
Traceback (most recent call last):
  File "/usr/local/lib/python3.12/site-packages/discord/client.py", line 465, in _run_event
    await coro(*args, **kwargs)
  File "/app/asu_discord/cogs/analytics.py", line 652, in on_member_update
    before_timeout = before.timed_out_until
                     ^^^^^^^^^^^^^^^^^^^^^^
AttributeError: 'Member' object has no attribute 'timed_out_until'
INFO:asu_discord.cogs.verification:Saved 5 roles to database for user hjhenn (Discord ID: 931210111911870464)
INFO:asu_discord.cogs.verification:Refreshed Salesforce roles for Discord user 931210111911870464: -5/+5 roles, assigned=[College of Liberal Arts and Sciences, Commited, First Year, Out of State, Tempe]
Ignoring exception in on_member_update
Traceback (most recent call last):
  File "/usr/local/lib/python3.12/site-packages/discord/client.py", line 465, in _run_event
    await coro(*args, **kwargs)
  File "/app/asu_discord/cogs/analytics.py", line 652, in on_member_update
    before_timeout = before.timed_out_until
                     ^^^^^^^^^^^^^^^^^^^^^^
AttributeError: 'Member' object has no attribute 'timed_out_until'
Ignoring exception in on_member_update
Traceback (most recent call last):
  File "/usr/local/lib/python3.12/site-packages/discord/client.py", line 465, in _run_event
    await coro(*args, **kwargs)
  File "/app/asu_discord/cogs/analytics.py", line 652, in on_member_update
    before_timeout = before.timed_out_until
                     ^^^^^^^^^^^^^^^^^^^^^^
AttributeError: 'Member' object has no attribute 'timed_out_until'
Ignoring exception in on_member_update
Traceback (most recent call last):
  File "/usr/local/lib/python3.12/site-packages/discord/client.py", line 465, in _run_event
    await coro(*args, **kwargs)
  File "/app/asu_discord/cogs/analytics.py", line 652, in on_member_update
    before_timeout = before.timed_out_until
                     ^^^^^^^^^^^^^^^^^^^^^^
AttributeError: 'Member' object has no attribute 'timed_out_until'
Ignoring exception in on_member_update
Traceback (most recent call last):
  File "/usr/local/lib/python3.12/site-packages/discord/client.py", line 465, in _run_event
    await coro(*args, **kwargs)
  File "/app/asu_discord/cogs/analytics.py", line 652, in on_member_update
    before_timeout = before.timed_out_until
                     ^^^^^^^^^^^^^^^^^^^^^^
AttributeError: 'Member' object has no attribute 'timed_out_until'
Ignoring exception in on_member_update
Traceback (most recent call last):
  File "/usr/local/lib/python3.12/site-packages/discord/client.py", line 465, in _run_event
    await coro(*args, **kwargs)
  File "/app/asu_discord/cogs/analytics.py", line 652, in on_member_update
    before_timeout = before.timed_out_until
                     ^^^^^^^^^^^^^^^^^^^^^^
AttributeError: 'Member' object has no attribute 'timed_out_until'
Ignoring exception in on_member_update
Traceback (most recent call last):
  File "/usr/local/lib/python3.12/site-packages/discord/client.py", line 465, in _run_event
    await coro(*args, **kwargs)
  File "/app/asu_discord/cogs/analytics.py", line 652, in on_member_update
    before_timeout = before.timed_out_until
                     ^^^^^^^^^^^^^^^^^^^^^^
AttributeError: 'Member' object has no attribute 'timed_out_until'
Ignoring exception in on_member_update
Traceback (most recent call last):
  File "/usr/local/lib/python3.12/site-packages/discord/client.py", line 465, in _run_event
    await coro(*args, **kwargs)
  File "/app/asu_discord/cogs/analytics.py", line 652, in on_member_update
    before_timeout = before.timed_out_until
                     ^^^^^^^^^^^^^^^^^^^^^^
AttributeError: 'Member' object has no attribute 'timed_out_until'
Ignoring exception in on_member_update
Traceback (most recent call last):
  File "/usr/local/lib/python3.12/site-packages/discord/client.py", line 465, in _run_event
    await coro(*args, **kwargs)
  File "/app/asu_discord/cogs/analytics.py", line 652, in on_member_update
    before_timeout = before.timed_out_until
                     ^^^^^^^^^^^^^^^^^^^^^^
AttributeError: 'Member' object has no attribute 'timed_out_until'
Ignoring exception in on_member_update
Traceback (most recent call last):
  File "/usr/local/lib/python3.12/site-packages/discord/client.py", line 465, in _run_event
    await coro(*args, **kwargs)
  File "/app/asu_discord/cogs/analytics.py", line 652, in on_member_update
    before_timeout = before.timed_out_until
                     ^^^^^^^^^^^^^^^^^^^^^^
AttributeError: 'Member' object has no attribute 'timed_out_until'
Ignoring exception in on_member_update
Traceback (most recent call last):
  File "/usr/local/lib/python3.12/site-packages/discord/client.py", line 465, in _run_event
    await coro(*args, **kwargs)
  File "/app/asu_discord/cogs/analytics.py", line 652, in on_member_update
    before_timeout = before.timed_out_until
                     ^^^^^^^^^^^^^^^^^^^^^^
AttributeError: 'Member' object has no attribute 'timed_out_until'
INFO:asu_discord.cogs.verification:Saved 5 roles to database for user ldvalian (Discord ID: 163484918536601600)
INFO:asu_discord.cogs.verification:Refreshed Salesforce roles for Discord user 163484918536601600: -5/+5 roles, assigned=[College of Health Solutions, Online, Out of State, Transfer Student, Upperclassmen]
Ignoring exception in on_member_update
Traceback (most recent call last):
  File "/usr/local/lib/python3.12/site-packages/discord/client.py", line 465, in _run_event
    await coro(*args, **kwargs)
  File "/app/asu_discord/cogs/analytics.py", line 652, in on_member_update
    before_timeout = before.timed_out_until
                     ^^^^^^^^^^^^^^^^^^^^^^
AttributeError: 'Member' object has no attribute 'timed_out_until'
Ignoring exception in on_member_update
Traceback (most recent call last):
  File "/usr/local/lib/python3.12/site-packages/discord/client.py", line 465, in _run_event
    await coro(*args, **kwargs)
  File "/app/asu_discord/cogs/analytics.py", line 652, in on_member_update
    before_timeout = before.timed_out_until
                     ^^^^^^^^^^^^^^^^^^^^^^
AttributeError: 'Member' object has no attribute 'timed_out_until'
Ignoring exception in on_member_update
Traceback (most recent call last):
  File "/usr/local/lib/python3.12/site-packages/discord/client.py", line 465, in _run_event
    await coro(*args, **kwargs)
  File "/app/asu_discord/cogs/analytics.py", line 652, in on_member_update
    before_timeout = before.timed_out_until
                     ^^^^^^^^^^^^^^^^^^^^^^
AttributeError: 'Member' object has no attribute 'timed_out_until'
Ignoring exception in on_member_update
Traceback (most recent call last):
  File "/usr/local/lib/python3.12/site-packages/discord/client.py", line 465, in _run_event
    await coro(*args, **kwargs)
  File "/app/asu_discord/cogs/analytics.py", line 652, in on_member_update
    before_timeout = before.timed_out_until
                     ^^^^^^^^^^^^^^^^^^^^^^
AttributeError: 'Member' object has no attribute 'timed_out_until'
Ignoring exception in on_member_update
Traceback (most recent call last):
  File "/usr/local/lib/python3.12/site-packages/discord/client.py", line 465, in _run_event
    await coro(*args, **kwargs)
  File "/app/asu_discord/cogs/analytics.py", line 652, in on_member_update
    before_timeout = before.timed_out_until
                     ^^^^^^^^^^^^^^^^^^^^^^
AttributeError: 'Member' object has no attribute 'timed_out_until'
Ignoring exception in on_member_update
Traceback (most recent call last):
  File "/usr/local/lib/python3.12/site-packages/discord/client.py", line 465, in _run_event
    await coro(*args, **kwargs)
  File "/app/asu_discord/cogs/analytics.py", line 652, in on_member_update
    before_timeout = before.timed_out_until
                     ^^^^^^^^^^^^^^^^^^^^^^
AttributeError: 'Member' object has no attribute 'timed_out_until'
Ignoring exception in on_member_update
Traceback (most recent call last):
  File "/usr/local/lib/python3.12/site-packages/discord/client.py", line 465, in _run_event
    await coro(*args, **kwargs)
  File "/app/asu_discord/cogs/analytics.py", line 652, in on_member_update
    before_timeout = before.timed_out_until
                     ^^^^^^^^^^^^^^^^^^^^^^
AttributeError: 'Member' object has no attribute 'timed_out_until'
Ignoring exception in on_member_update
Traceback (most recent call last):
  File "/usr/local/lib/python3.12/site-packages/discord/client.py", line 465, in _run_event
    await coro(*args, **kwargs)
  File "/app/asu_discord/cogs/analytics.py", line 652, in on_member_update
    before_timeout = before.timed_out_until
                     ^^^^^^^^^^^^^^^^^^^^^^
AttributeError: 'Member' object has no attribute 'timed_out_until'
Ignoring exception in on_member_update
Traceback (most recent call last):
  File "/usr/local/lib/python3.12/site-packages/discord/client.py", line 465, in _run_event
    await coro(*args, **kwargs)
  File "/app/asu_discord/cogs/analytics.py", line 652, in on_member_update
    before_timeout = before.timed_out_until
                     ^^^^^^^^^^^^^^^^^^^^^^
AttributeError: 'Member' object has no attribute 'timed_out_until'
Ignoring exception in on_member_update
Traceback (most recent call last):
  File "/usr/local/lib/python3.12/site-packages/discord/client.py", line 465, in _run_event
    await coro(*args, **kwargs)
  File "/app/asu_discord/cogs/analytics.py", line 652, in on_member_update
    before_timeout = before.timed_out_until
                     ^^^^^^^^^^^^^^^^^^^^^^
AttributeError: 'Member' object has no attribute 'timed_out_until'
INFO:asu_discord.cogs.verification:Saved 5 roles to database for user kmrideou (Discord ID: 1196300768601452568)
INFO:asu_discord.cogs.verification:Refreshed Salesforce roles for Discord user 1196300768601452568: -5/+5 roles, assigned=[Commited, First Year, Out of State, Tempe, W.P. Carey School of Business]
ERROR:cron.jobs:refresh_salesforce_roles: failed for kjain119 (Discord ID 912841632909496370): Failed to refresh Salesforce-based roles: Discord user 912841632909496370 is not a member of the guild
ERROR:cron.jobs:refresh_salesforce_roles: failed for ccemeka (Discord ID 467022257575821313): Failed to refresh Salesforce-based roles: Discord user 467022257575821313 is not a member of the guild
ERROR:cron.jobs:refresh_salesforce_roles: failed for cemolin4 (Discord ID 1132648996381409310): Failed to refresh Salesforce-based roles: Discord user 1132648996381409310 is not a member of the guild
Ignoring exception in on_member_update
Traceback (most recent call last):
  File "/usr/local/lib/python3.12/site-packages/discord/client.py", line 465, in _run_event
    await coro(*args, **kwargs)
  File "/app/asu_discord/cogs/analytics.py", line 652, in on_member_update
    before_timeout = before.timed_out_until
                     ^^^^^^^^^^^^^^^^^^^^^^
AttributeError: 'Member' object has no attribute 'timed_out_until'
Ignoring exception in on_member_update
Traceback (most recent call last):
  File "/usr/local/lib/python3.12/site-packages/discord/client.py", line 465, in _run_event
    await coro(*args, **kwargs)
  File "/app/asu_discord/cogs/analytics.py", line 652, in on_member_update
    before_timeout = before.timed_out_until
                     ^^^^^^^^^^^^^^^^^^^^^^
AttributeError: 'Member' object has no attribute 'timed_out_until'
Ignoring exception in on_member_update
Traceback (most recent call last):
  File "/usr/local/lib/python3.12/site-packages/discord/client.py", line 465, in _run_event
    await coro(*args, **kwargs)
  File "/app/asu_discord/cogs/analytics.py", line 652, in on_member_update
    before_timeout = before.timed_out_until
                     ^^^^^^^^^^^^^^^^^^^^^^
AttributeError: 'Member' object has no attribute 'timed_out_until'
Ignoring exception in on_member_update
Traceback (most recent call last):
  File "/usr/local/lib/python3.12/site-packages/discord/client.py", line 465, in _run_event
    await coro(*args, **kwargs)
  File "/app/asu_discord/cogs/analytics.py", line 652, in on_member_update
    before_timeout = before.timed_out_until
                     ^^^^^^^^^^^^^^^^^^^^^^
AttributeError: 'Member' object has no attribute 'timed_out_until'
Ignoring exception in on_member_update
Traceback (most recent call last):
  File "/usr/local/lib/python3.12/site-packages/discord/client.py", line 465, in _run_event
    await coro(*args, **kwargs)
  File "/app/asu_discord/cogs/analytics.py", line 652, in on_member_update
    before_timeout = before.timed_out_until
                     ^^^^^^^^^^^^^^^^^^^^^^
AttributeError: 'Member' object has no attribute 'timed_out_until'
Ignoring exception in on_member_update
Traceback (most recent call last):
  File "/usr/local/lib/python3.12/site-packages/discord/client.py", line 465, in _run_event
    await coro(*args, **kwargs)
  File "/app/asu_discord/cogs/analytics.py", line 652, in on_member_update
    before_timeout = before.timed_out_until
                     ^^^^^^^^^^^^^^^^^^^^^^
AttributeError: 'Member' object has no attribute 'timed_out_until'
Ignoring exception in on_member_update
Traceback (most recent call last):
  File "/usr/local/lib/python3.12/site-packages/discord/client.py", line 465, in _run_event
    await coro(*args, **kwargs)
  File "/app/asu_discord/cogs/analytics.py", line 652, in on_member_update
    before_timeout = before.timed_out_until
                     ^^^^^^^^^^^^^^^^^^^^^^
AttributeError: 'Member' object has no attribute 'timed_out_until'
Ignoring exception in on_member_update
Traceback (most recent call last):
  File "/usr/local/lib/python3.12/site-packages/discord/client.py", line 465, in _run_event
    await coro(*args, **kwargs)
  File "/app/asu_discord/cogs/analytics.py", line 652, in on_member_update
    before_timeout = before.timed_out_until
                     ^^^^^^^^^^^^^^^^^^^^^^
AttributeError: 'Member' object has no attribute 'timed_out_until'
INFO:asu_discord.cogs.verification:Saved 4 roles to database for user aalhuma8 (Discord ID: 705295502782234665)
INFO:asu_discord.cogs.verification:Refreshed Salesforce roles for Discord user 705295502782234665: -4/+4 roles, assigned=[First Year, International Student, Tempe, W.P. Carey School of Business]
Ignoring exception in on_member_update
Traceback (most recent call last):
  File "/usr/local/lib/python3.12/site-packages/discord/client.py", line 465, in _run_event
    await coro(*args, **kwargs)
  File "/app/asu_discord/cogs/analytics.py", line 652, in on_member_update
    before_timeout = before.timed_out_until
                     ^^^^^^^^^^^^^^^^^^^^^^
AttributeError: 'Member' object has no attribute 'timed_out_until'
Ignoring exception in on_member_update
Traceback (most recent call last):
  File "/usr/local/lib/python3.12/site-packages/discord/client.py", line 465, in _run_event
    await coro(*args, **kwargs)
  File "/app/asu_discord/cogs/analytics.py", line 652, in on_member_update
    before_timeout = before.timed_out_until
                     ^^^^^^^^^^^^^^^^^^^^^^
AttributeError: 'Member' object has no attribute 'timed_out_until'
Ignoring exception in on_member_update
Traceback (most recent call last):
  File "/usr/local/lib/python3.12/site-packages/discord/client.py", line 465, in _run_event
    await coro(*args, **kwargs)
  File "/app/asu_discord/cogs/analytics.py", line 652, in on_member_update
    before_timeout = before.timed_out_until
                     ^^^^^^^^^^^^^^^^^^^^^^
AttributeError: 'Member' object has no attribute 'timed_out_until'
Ignoring exception in on_member_update
Traceback (most recent call last):
  File "/usr/local/lib/python3.12/site-packages/discord/client.py", line 465, in _run_event
    await coro(*args, **kwargs)
  File "/app/asu_discord/cogs/analytics.py", line 652, in on_member_update
    before_timeout = before.timed_out_until
                     ^^^^^^^^^^^^^^^^^^^^^^
AttributeError: 'Member' object has no attribute 'timed_out_until'
Ignoring exception in on_member_update
Traceback (most recent call last):
  File "/usr/local/lib/python3.12/site-packages/discord/client.py", line 465, in _run_event
    await coro(*args, **kwargs)
  File "/app/asu_discord/cogs/analytics.py", line 652, in on_member_update
    before_timeout = before.timed_out_until
                     ^^^^^^^^^^^^^^^^^^^^^^
AttributeError: 'Member' object has no attribute 'timed_out_until'
Ignoring exception in on_member_update
Traceback (most recent call last):
  File "/usr/local/lib/python3.12/site-packages/discord/client.py", line 465, in _run_event
    await coro(*args, **kwargs)
  File "/app/asu_discord/cogs/analytics.py", line 652, in on_member_update
    before_timeout = before.timed_out_until
                     ^^^^^^^^^^^^^^^^^^^^^^
AttributeError: 'Member' object has no attribute 'timed_out_until'
Ignoring exception in on_member_update
Traceback (most recent call last):
  File "/usr/local/lib/python3.12/site-packages/discord/client.py", line 465, in _run_event
    await coro(*args, **kwargs)
  File "/app/asu_discord/cogs/analytics.py", line 652, in on_member_update
    before_timeout = before.timed_out_until
                     ^^^^^^^^^^^^^^^^^^^^^^
AttributeError: 'Member' object has no attribute 'timed_out_until'
Ignoring exception in on_member_update
Traceback (most recent call last):
  File "/usr/local/lib/python3.12/site-packages/discord/client.py", line 465, in _run_event
    await coro(*args, **kwargs)
  File "/app/asu_discord/cogs/analytics.py", line 652, in on_member_update
    before_timeout = before.timed_out_until
                     ^^^^^^^^^^^^^^^^^^^^^^
AttributeError: 'Member' object has no attribute 'timed_out_until'
Ignoring exception in on_member_update
Traceback (most recent call last):
  File "/usr/local/lib/python3.12/site-packages/discord/client.py", line 465, in _run_event
    await coro(*args, **kwargs)
  File "/app/asu_discord/cogs/analytics.py", line 652, in on_member_update
    before_timeout = before.timed_out_until
                     ^^^^^^^^^^^^^^^^^^^^^^
AttributeError: 'Member' object has no attribute 'timed_out_until'
Ignoring exception in on_member_update
Traceback (most recent call last):
  File "/usr/local/lib/python3.12/site-packages/discord/client.py", line 465, in _run_event
    await coro(*args, **kwargs)
  File "/app/asu_discord/cogs/analytics.py", line 652, in on_member_update
    before_timeout = before.timed_out_until
                     ^^^^^^^^^^^^^^^^^^^^^^
AttributeError: 'Member' object has no attribute 'timed_out_until'
INFO:asu_discord.cogs.verification:Saved 5 roles to database for user bdhimal (Discord ID: 911305849442553917)
INFO:asu_discord.cogs.verification:Refreshed Salesforce roles for Discord user 911305849442553917: -5/+5 roles, assigned=[College of Liberal Arts and Sciences, Online, Out of State, Transfer Student, Upperclassmen]
Ignoring exception in on_member_update
Traceback (most recent call last):
  File "/usr/local/lib/python3.12/site-packages/discord/client.py", line 465, in _run_event
    await coro(*args, **kwargs)
  File "/app/asu_discord/cogs/analytics.py", line 652, in on_member_update
    before_timeout = before.timed_out_until
                     ^^^^^^^^^^^^^^^^^^^^^^
AttributeError: 'Member' object has no attribute 'timed_out_until'
Ignoring exception in on_member_update
Traceback (most recent call last):
  File "/usr/local/lib/python3.12/site-packages/discord/client.py", line 465, in _run_event
    await coro(*args, **kwargs)
  File "/app/asu_discord/cogs/analytics.py", line 652, in on_member_update
    before_timeout = before.timed_out_until
                     ^^^^^^^^^^^^^^^^^^^^^^
AttributeError: 'Member' object has no attribute 'timed_out_until'
Ignoring exception in on_member_update
Traceback (most recent call last):
  File "/usr/local/lib/python3.12/site-packages/discord/client.py", line 465, in _run_event
    await coro(*args, **kwargs)
  File "/app/asu_discord/cogs/analytics.py", line 652, in on_member_update
    before_timeout = before.timed_out_until
                     ^^^^^^^^^^^^^^^^^^^^^^
AttributeError: 'Member' object has no attribute 'timed_out_until'
Ignoring exception in on_member_update
Traceback (most recent call last):
  File "/usr/local/lib/python3.12/site-packages/discord/client.py", line 465, in _run_event
    await coro(*args, **kwargs)
  File "/app/asu_discord/cogs/analytics.py", line 652, in on_member_update
    before_timeout = before.timed_out_until
                     ^^^^^^^^^^^^^^^^^^^^^^
AttributeError: 'Member' object has no attribute 'timed_out_until'
Ignoring exception in on_member_update
Traceback (most recent call last):
  File "/usr/local/lib/python3.12/site-packages/discord/client.py", line 465, in _run_event
    await coro(*args, **kwargs)
  File "/app/asu_discord/cogs/analytics.py", line 652, in on_member_update
    before_timeout = before.timed_out_until
                     ^^^^^^^^^^^^^^^^^^^^^^
AttributeError: 'Member' object has no attribute 'timed_out_until'
Ignoring exception in on_member_update
Traceback (most recent call last):
  File "/usr/local/lib/python3.12/site-packages/discord/client.py", line 465, in _run_event
    await coro(*args, **kwargs)
  File "/app/asu_discord/cogs/analytics.py", line 652, in on_member_update
    before_timeout = before.timed_out_until
                     ^^^^^^^^^^^^^^^^^^^^^^
AttributeError: 'Member' object has no attribute 'timed_out_until'
Ignoring exception in on_member_update
Traceback (most recent call last):
  File "/usr/local/lib/python3.12/site-packages/discord/client.py", line 465, in _run_event
    await coro(*args, **kwargs)
  File "/app/asu_discord/cogs/analytics.py", line 652, in on_member_update
    before_timeout = before.timed_out_until
                     ^^^^^^^^^^^^^^^^^^^^^^
AttributeError: 'Member' object has no attribute 'timed_out_until'
Ignoring exception in on_member_update
Traceback (most recent call last):
  File "/usr/local/lib/python3.12/site-packages/discord/client.py", line 465, in _run_event
    await coro(*args, **kwargs)
  File "/app/asu_discord/cogs/analytics.py", line 652, in on_member_update
    before_timeout = before.timed_out_until
                     ^^^^^^^^^^^^^^^^^^^^^^
AttributeError: 'Member' object has no attribute 'timed_out_until'
Ignoring exception in on_member_update
Traceback (most recent call last):
  File "/usr/local/lib/python3.12/site-packages/discord/client.py", line 465, in _run_event
    await coro(*args, **kwargs)
  File "/app/asu_discord/cogs/analytics.py", line 652, in on_member_update
    before_timeout = before.timed_out_until
                     ^^^^^^^^^^^^^^^^^^^^^^
AttributeError: 'Member' object has no attribute 'timed_out_until'
Ignoring exception in on_member_update
Traceback (most recent call last):
  File "/usr/local/lib/python3.12/site-packages/discord/client.py", line 465, in _run_event
    await coro(*args, **kwargs)
  File "/app/asu_discord/cogs/analytics.py", line 652, in on_member_update
    before_timeout = before.timed_out_until
                     ^^^^^^^^^^^^^^^^^^^^^^
AttributeError: 'Member' object has no attribute 'timed_out_until'
Ignoring exception in on_member_update
Traceback (most recent call last):
  File "/usr/local/lib/python3.12/site-packages/discord/client.py", line 465, in _run_event
    await coro(*args, **kwargs)
  File "/app/asu_discord/cogs/analytics.py", line 652, in on_member_update
    before_timeout = before.timed_out_until
                     ^^^^^^^^^^^^^^^^^^^^^^
AttributeError: 'Member' object has no attribute 'timed_out_until'
Ignoring exception in on_member_update
Traceback (most recent call last):
  File "/usr/local/lib/python3.12/site-packages/discord/client.py", line 465, in _run_event
    await coro(*args, **kwargs)
  File "/app/asu_discord/cogs/analytics.py", line 652, in on_member_update
    before_timeout = before.timed_out_until
                     ^^^^^^^^^^^^^^^^^^^^^^
AttributeError: 'Member' object has no attribute 'timed_out_until'
INFO:asu_discord.cogs.verification:Saved 6 roles to database for user maartea1 (Discord ID: 718620085258027029)
INFO:asu_discord.cogs.verification:Refreshed Salesforce roles for Discord user 718620085258027029: -6/+6 roles, assigned=[Arizona Resident, College of Health Solutions, Commited, First Generation Student, First Year, West Valley]
Ignoring exception in on_member_update
Traceback (most recent call last):
  File "/usr/local/lib/python3.12/site-packages/discord/client.py", line 465, in _run_event
    await coro(*args, **kwargs)
  File "/app/asu_discord/cogs/analytics.py", line 652, in on_member_update
    before_timeout = before.timed_out_until
                     ^^^^^^^^^^^^^^^^^^^^^^
AttributeError: 'Member' object has no attribute 'timed_out_until'
Ignoring exception in on_member_update
Traceback (most recent call last):
  File "/usr/local/lib/python3.12/site-packages/discord/client.py", line 465, in _run_event
    await coro(*args, **kwargs)
  File "/app/asu_discord/cogs/analytics.py", line 652, in on_member_update
    before_timeout = before.timed_out_until
                     ^^^^^^^^^^^^^^^^^^^^^^
AttributeError: 'Member' object has no attribute 'timed_out_until'
Ignoring exception in on_member_update
Traceback (most recent call last):
  File "/usr/local/lib/python3.12/site-packages/discord/client.py", line 465, in _run_event
    await coro(*args, **kwargs)
  File "/app/asu_discord/cogs/analytics.py", line 652, in on_member_update
    before_timeout = before.timed_out_until
                     ^^^^^^^^^^^^^^^^^^^^^^
AttributeError: 'Member' object has no attribute 'timed_out_until'
Ignoring exception in on_member_update
Traceback (most recent call last):
  File "/usr/local/lib/python3.12/site-packages/discord/client.py", line 465, in _run_event
    await coro(*args, **kwargs)
  File "/app/asu_discord/cogs/analytics.py", line 652, in on_member_update
    before_timeout = before.timed_out_until
                     ^^^^^^^^^^^^^^^^^^^^^^
AttributeError: 'Member' object has no attribute 'timed_out_until'
Ignoring exception in on_member_update
Traceback (most recent call last):
  File "/usr/local/lib/python3.12/site-packages/discord/client.py", line 465, in _run_event
    await coro(*args, **kwargs)
  File "/app/asu_discord/cogs/analytics.py", line 652, in on_member_update
    before_timeout = before.timed_out_until
                     ^^^^^^^^^^^^^^^^^^^^^^
AttributeError: 'Member' object has no attribute 'timed_out_until'
Ignoring exception in on_member_update
Traceback (most recent call last):
  File "/usr/local/lib/python3.12/site-packages/discord/client.py", line 465, in _run_event
    await coro(*args, **kwargs)
  File "/app/asu_discord/cogs/analytics.py", line 652, in on_member_update
    before_timeout = before.timed_out_until
                     ^^^^^^^^^^^^^^^^^^^^^^
AttributeError: 'Member' object has no attribute 'timed_out_until'
Ignoring exception in on_member_update
Traceback (most recent call last):
  File "/usr/local/lib/python3.12/site-packages/discord/client.py", line 465, in _run_event
    await coro(*args, **kwargs)
  File "/app/asu_discord/cogs/analytics.py", line 652, in on_member_update
    before_timeout = before.timed_out_until
                     ^^^^^^^^^^^^^^^^^^^^^^
AttributeError: 'Member' object has no attribute 'timed_out_until'
Ignoring exception in on_member_update
Traceback (most recent call last):
  File "/usr/local/lib/python3.12/site-packages/discord/client.py", line 465, in _run_event
    await coro(*args, **kwargs)
  File "/app/asu_discord/cogs/analytics.py", line 652, in on_member_update
    before_timeout = before.timed_out_until
                     ^^^^^^^^^^^^^^^^^^^^^^
AttributeError: 'Member' object has no attribute 'timed_out_until'
Ignoring exception in on_member_update
Traceback (most recent call last):
  File "/usr/local/lib/python3.12/site-packages/discord/client.py", line 465, in _run_event
    await coro(*args, **kwargs)
  File "/app/asu_discord/cogs/analytics.py", line 652, in on_member_update
    before_timeout = before.timed_out_until
                     ^^^^^^^^^^^^^^^^^^^^^^
AttributeError: 'Member' object has no attribute 'timed_out_until'
Ignoring exception in on_member_update
Traceback (most recent call last):
  File "/usr/local/lib/python3.12/site-packages/discord/client.py", line 465, in _run_event
    await coro(*args, **kwargs)
  File "/app/asu_discord/cogs/analytics.py", line 652, in on_member_update
    before_timeout = before.timed_out_until
                     ^^^^^^^^^^^^^^^^^^^^^^
AttributeError: 'Member' object has no attribute 'timed_out_until'
INFO:asu_discord.cogs.verification:Saved 5 roles to database for user wjmcbrid (Discord ID: 964591855939510272)
INFO:asu_discord.cogs.verification:Refreshed Salesforce roles for Discord user 964591855939510272: -5/+5 roles, assigned=[Arizona Resident, Commited, First Year, Tempe, W.P. Carey School of Business]
ERROR:cron.jobs:refresh_salesforce_roles: failed for rfaske (Discord ID 1003139859340337265): Failed to refresh Salesforce-based roles: Discord user 1003139859340337265 is not a member of the guild
Ignoring exception in on_member_update
Traceback (most recent call last):
  File "/usr/local/lib/python3.12/site-packages/discord/client.py", line 465, in _run_event
    await coro(*args, **kwargs)
  File "/app/asu_discord/cogs/analytics.py", line 652, in on_member_update
    before_timeout = before.timed_out_until
                     ^^^^^^^^^^^^^^^^^^^^^^
AttributeError: 'Member' object has no attribute 'timed_out_until'
Ignoring exception in on_member_update
Traceback (most recent call last):
  File "/usr/local/lib/python3.12/site-packages/discord/client.py", line 465, in _run_event
    await coro(*args, **kwargs)
  File "/app/asu_discord/cogs/analytics.py", line 652, in on_member_update
    before_timeout = before.timed_out_until
                     ^^^^^^^^^^^^^^^^^^^^^^
AttributeError: 'Member' object has no attribute 'timed_out_until'
Ignoring exception in on_member_update
Traceback (most recent call last):
  File "/usr/local/lib/python3.12/site-packages/discord/client.py", line 465, in _run_event
    await coro(*args, **kwargs)
  File "/app/asu_discord/cogs/analytics.py", line 652, in on_member_update
    before_timeout = before.timed_out_until
                     ^^^^^^^^^^^^^^^^^^^^^^
AttributeError: 'Member' object has no attribute 'timed_out_until'
Ignoring exception in on_member_update
Traceback (most recent call last):
  File "/usr/local/lib/python3.12/site-packages/discord/client.py", line 465, in _run_event
    await coro(*args, **kwargs)
  File "/app/asu_discord/cogs/analytics.py", line 652, in on_member_update
    before_timeout = before.timed_out_until
                     ^^^^^^^^^^^^^^^^^^^^^^
AttributeError: 'Member' object has no attribute 'timed_out_until'
Ignoring exception in on_member_update
Traceback (most recent call last):
  File "/usr/local/lib/python3.12/site-packages/discord/client.py", line 465, in _run_event
    await coro(*args, **kwargs)
  File "/app/asu_discord/cogs/analytics.py", line 652, in on_member_update
    before_timeout = before.timed_out_until
                     ^^^^^^^^^^^^^^^^^^^^^^
AttributeError: 'Member' object has no attribute 'timed_out_until'
Ignoring exception in on_member_update
Traceback (most recent call last):
  File "/usr/local/lib/python3.12/site-packages/discord/client.py", line 465, in _run_event
    await coro(*args, **kwargs)
  File "/app/asu_discord/cogs/analytics.py", line 652, in on_member_update
    before_timeout = before.timed_out_until
                     ^^^^^^^^^^^^^^^^^^^^^^
AttributeError: 'Member' object has no attribute 'timed_out_until'
Ignoring exception in on_member_update
Traceback (most recent call last):
  File "/usr/local/lib/python3.12/site-packages/discord/client.py", line 465, in _run_event
    await coro(*args, **kwargs)
  File "/app/asu_discord/cogs/analytics.py", line 652, in on_member_update
    before_timeout = before.timed_out_until
                     ^^^^^^^^^^^^^^^^^^^^^^
AttributeError: 'Member' object has no attribute 'timed_out_until'
Ignoring exception in on_member_update
Traceback (most recent call last):
  File "/usr/local/lib/python3.12/site-packages/discord/client.py", line 465, in _run_event
    await coro(*args, **kwargs)
  File "/app/asu_discord/cogs/analytics.py", line 652, in on_member_update
    before_timeout = before.timed_out_until
                     ^^^^^^^^^^^^^^^^^^^^^^
AttributeError: 'Member' object has no attribute 'timed_out_until'
Ignoring exception in on_member_update
Traceback (most recent call last):
  File "/usr/local/lib/python3.12/site-packages/discord/client.py", line 465, in _run_event
    await coro(*args, **kwargs)
  File "/app/asu_discord/cogs/analytics.py", line 652, in on_member_update
    before_timeout = before.timed_out_until
                     ^^^^^^^^^^^^^^^^^^^^^^
AttributeError: 'Member' object has no attribute 'timed_out_until'
INFO:asu_discord.cogs.verification:Saved 5 roles to database for user iarya12 (Discord ID: 1010354163118526575)
INFO:asu_discord.cogs.verification:Refreshed Salesforce roles for Discord user 1010354163118526575: -5/+4 roles, assigned=[Commited, First Year, Ira A. Fulton Schools of Engineering, Out of State, Tempe]
ERROR:cron.jobs:refresh_salesforce_roles: failed for kshautt (Discord ID 335974649819168770): Failed to refresh Salesforce-based roles: Discord user 335974649819168770 is not a member of the guild
Ignoring exception in on_member_update
Traceback (most recent call last):
  File "/usr/local/lib/python3.12/site-packages/discord/client.py", line 465, in _run_event
    await coro(*args, **kwargs)
  File "/app/asu_discord/cogs/analytics.py", line 652, in on_member_update
    before_timeout = before.timed_out_until
                     ^^^^^^^^^^^^^^^^^^^^^^
AttributeError: 'Member' object has no attribute 'timed_out_until'
Ignoring exception in on_member_update
Traceback (most recent call last):
  File "/usr/local/lib/python3.12/site-packages/discord/client.py", line 465, in _run_event
    await coro(*args, **kwargs)
  File "/app/asu_discord/cogs/analytics.py", line 652, in on_member_update
    before_timeout = before.timed_out_until
                     ^^^^^^^^^^^^^^^^^^^^^^
AttributeError: 'Member' object has no attribute 'timed_out_until'
Ignoring exception in on_member_update
Traceback (most recent call last):
  File "/usr/local/lib/python3.12/site-packages/discord/client.py", line 465, in _run_event
    await coro(*args, **kwargs)
  File "/app/asu_discord/cogs/analytics.py", line 652, in on_member_update
    before_timeout = before.timed_out_until
                     ^^^^^^^^^^^^^^^^^^^^^^
AttributeError: 'Member' object has no attribute 'timed_out_until'
Ignoring exception in on_member_update
Traceback (most recent call last):
  File "/usr/local/lib/python3.12/site-packages/discord/client.py", line 465, in _run_event
    await coro(*args, **kwargs)
  File "/app/asu_discord/cogs/analytics.py", line 652, in on_member_update
    before_timeout = before.timed_out_until
                     ^^^^^^^^^^^^^^^^^^^^^^
AttributeError: 'Member' object has no attribute 'timed_out_until'
Ignoring exception in on_member_update
Traceback (most recent call last):
  File "/usr/local/lib/python3.12/site-packages/discord/client.py", line 465, in _run_event
    await coro(*args, **kwargs)
  File "/app/asu_discord/cogs/analytics.py", line 652, in on_member_update
    before_timeout = before.timed_out_until
                     ^^^^^^^^^^^^^^^^^^^^^^
AttributeError: 'Member' object has no attribute 'timed_out_until'
Ignoring exception in on_member_update
Traceback (most recent call last):
  File "/usr/local/lib/python3.12/site-packages/discord/client.py", line 465, in _run_event
    await coro(*args, **kwargs)
  File "/app/asu_discord/cogs/analytics.py", line 652, in on_member_update
    before_timeout = before.timed_out_until
                     ^^^^^^^^^^^^^^^^^^^^^^
AttributeError: 'Member' object has no attribute 'timed_out_until'
Ignoring exception in on_member_update
Traceback (most recent call last):
  File "/usr/local/lib/python3.12/site-packages/discord/client.py", line 465, in _run_event
    await coro(*args, **kwargs)
  File "/app/asu_discord/cogs/analytics.py", line 652, in on_member_update
    before_timeout = before.timed_out_until
                     ^^^^^^^^^^^^^^^^^^^^^^
AttributeError: 'Member' object has no attribute 'timed_out_until'
Ignoring exception in on_member_update
Traceback (most recent call last):
  File "/usr/local/lib/python3.12/site-packages/discord/client.py", line 465, in _run_event
    await coro(*args, **kwargs)
  File "/app/asu_discord/cogs/analytics.py", line 652, in on_member_update
    before_timeout = before.timed_out_until
                     ^^^^^^^^^^^^^^^^^^^^^^
AttributeError: 'Member' object has no attribute 'timed_out_until'
Ignoring exception in on_member_update
Traceback (most recent call last):
  File "/usr/local/lib/python3.12/site-packages/discord/client.py", line 465, in _run_event
    await coro(*args, **kwargs)
  File "/app/asu_discord/cogs/analytics.py", line 652, in on_member_update
    before_timeout = before.timed_out_until
                     ^^^^^^^^^^^^^^^^^^^^^^
AttributeError: 'Member' object has no attribute 'timed_out_until'
Ignoring exception in on_member_update
Traceback (most recent call last):
  File "/usr/local/lib/python3.12/site-packages/discord/client.py", line 465, in _run_event
    await coro(*args, **kwargs)
  File "/app/asu_discord/cogs/analytics.py", line 652, in on_member_update
    before_timeout = before.timed_out_until
                     ^^^^^^^^^^^^^^^^^^^^^^
AttributeError: 'Member' object has no attribute 'timed_out_until'
INFO:asu_discord.cogs.verification:Saved 5 roles to database for user ktruzzol (Discord ID: 1481808615705804853)
INFO:asu_discord.cogs.verification:Refreshed Salesforce roles for Discord user 1481808615705804853: -5/+5 roles, assigned=[Commited, Edson College of Nursing and Health Innovation, First Year, Out of State, Polytechnic]
Ignoring exception in on_member_update
Traceback (most recent call last):
  File "/usr/local/lib/python3.12/site-packages/discord/client.py", line 465, in _run_event
    await coro(*args, **kwargs)
  File "/app/asu_discord/cogs/analytics.py", line 652, in on_member_update
    before_timeout = before.timed_out_until
                     ^^^^^^^^^^^^^^^^^^^^^^
AttributeError: 'Member' object has no attribute 'timed_out_until'
Ignoring exception in on_member_update
Traceback (most recent call last):
  File "/usr/local/lib/python3.12/site-packages/discord/client.py", line 465, in _run_event
    await coro(*args, **kwargs)
  File "/app/asu_discord/cogs/analytics.py", line 652, in on_member_update
    before_timeout = before.timed_out_until
                     ^^^^^^^^^^^^^^^^^^^^^^
AttributeError: 'Member' object has no attribute 'timed_out_until'
Ignoring exception in on_member_update
Traceback (most recent call last):
  File "/usr/local/lib/python3.12/site-packages/discord/client.py", line 465, in _run_event
    await coro(*args, **kwargs)
  File "/app/asu_discord/cogs/analytics.py", line 652, in on_member_update
    before_timeout = before.timed_out_until
                     ^^^^^^^^^^^^^^^^^^^^^^
AttributeError: 'Member' object has no attribute 'timed_out_until'
Ignoring exception in on_member_update
Traceback (most recent call last):
  File "/usr/local/lib/python3.12/site-packages/discord/client.py", line 465, in _run_event
    await coro(*args, **kwargs)
  File "/app/asu_discord/cogs/analytics.py", line 652, in on_member_update
    before_timeout = before.timed_out_until
                     ^^^^^^^^^^^^^^^^^^^^^^
AttributeError: 'Member' object has no attribute 'timed_out_until'
Ignoring exception in on_member_update
Traceback (most recent call last):
  File "/usr/local/lib/python3.12/site-packages/discord/client.py", line 465, in _run_event
    await coro(*args, **kwargs)
  File "/app/asu_discord/cogs/analytics.py", line 652, in on_member_update
    before_timeout = before.timed_out_until
                     ^^^^^^^^^^^^^^^^^^^^^^
AttributeError: 'Member' object has no attribute 'timed_out_until'
Ignoring exception in on_member_update
Traceback (most recent call last):
  File "/usr/local/lib/python3.12/site-packages/discord/client.py", line 465, in _run_event
    await coro(*args, **kwargs)
  File "/app/asu_discord/cogs/analytics.py", line 652, in on_member_update
    before_timeout = before.timed_out_until
                     ^^^^^^^^^^^^^^^^^^^^^^
AttributeError: 'Member' object has no attribute 'timed_out_until'
Ignoring exception in on_member_update
Traceback (most recent call last):
  File "/usr/local/lib/python3.12/site-packages/discord/client.py", line 465, in _run_event
    await coro(*args, **kwargs)
  File "/app/asu_discord/cogs/analytics.py", line 652, in on_member_update
    before_timeout = before.timed_out_until
                     ^^^^^^^^^^^^^^^^^^^^^^
AttributeError: 'Member' object has no attribute 'timed_out_until'
Ignoring exception in on_member_update
Traceback (most recent call last):
  File "/usr/local/lib/python3.12/site-packages/discord/client.py", line 465, in _run_event
    await coro(*args, **kwargs)
  File "/app/asu_discord/cogs/analytics.py", line 652, in on_member_update
    before_timeout = before.timed_out_until
                     ^^^^^^^^^^^^^^^^^^^^^^
AttributeError: 'Member' object has no attribute 'timed_out_until'
INFO:asu_discord.cogs.verification:Saved 4 roles to database for user pjseller (Discord ID: 867957340509442089)
INFO:asu_discord.cogs.verification:Refreshed Salesforce roles for Discord user 867957340509442089: -4/+4 roles, assigned=[Arizona Resident, First Year, Ira A. Fulton Schools of Engineering, Tempe]
Ignoring exception in on_member_update
Traceback (most recent call last):
  File "/usr/local/lib/python3.12/site-packages/discord/client.py", line 465, in _run_event
    await coro(*args, **kwargs)
  File "/app/asu_discord/cogs/analytics.py", line 652, in on_member_update
    before_timeout = before.timed_out_until
                     ^^^^^^^^^^^^^^^^^^^^^^
AttributeError: 'Member' object has no attribute 'timed_out_until'
Ignoring exception in on_member_update
Traceback (most recent call last):
  File "/usr/local/lib/python3.12/site-packages/discord/client.py", line 465, in _run_event
    await coro(*args, **kwargs)
  File "/app/asu_discord/cogs/analytics.py", line 652, in on_member_update
    before_timeout = before.timed_out_until
                     ^^^^^^^^^^^^^^^^^^^^^^
AttributeError: 'Member' object has no attribute 'timed_out_until'
Ignoring exception in on_member_update
Traceback (most recent call last):
  File "/usr/local/lib/python3.12/site-packages/discord/client.py", line 465, in _run_event
    await coro(*args, **kwargs)
  File "/app/asu_discord/cogs/analytics.py", line 652, in on_member_update
    before_timeout = before.timed_out_until
                     ^^^^^^^^^^^^^^^^^^^^^^
AttributeError: 'Member' object has no attribute 'timed_out_until'
Ignoring exception in on_member_update
Traceback (most recent call last):
  File "/usr/local/lib/python3.12/site-packages/discord/client.py", line 465, in _run_event
    await coro(*args, **kwargs)
  File "/app/asu_discord/cogs/analytics.py", line 652, in on_member_update
    before_timeout = before.timed_out_until
                     ^^^^^^^^^^^^^^^^^^^^^^
AttributeError: 'Member' object has no attribute 'timed_out_until'
Ignoring exception in on_member_update
Traceback (most recent call last):
  File "/usr/local/lib/python3.12/site-packages/discord/client.py", line 465, in _run_event
    await coro(*args, **kwargs)
  File "/app/asu_discord/cogs/analytics.py", line 652, in on_member_update
    before_timeout = before.timed_out_until
                     ^^^^^^^^^^^^^^^^^^^^^^
AttributeError: 'Member' object has no attribute 'timed_out_until'
Ignoring exception in on_member_update
Traceback (most recent call last):
  File "/usr/local/lib/python3.12/site-packages/discord/client.py", line 465, in _run_event
    await coro(*args, **kwargs)
  File "/app/asu_discord/cogs/analytics.py", line 652, in on_member_update
    before_timeout = before.timed_out_until
                     ^^^^^^^^^^^^^^^^^^^^^^
AttributeError: 'Member' object has no attribute 'timed_out_until'
Ignoring exception in on_member_update
Traceback (most recent call last):
  File "/usr/local/lib/python3.12/site-packages/discord/client.py", line 465, in _run_event
    await coro(*args, **kwargs)
  File "/app/asu_discord/cogs/analytics.py", line 652, in on_member_update
    before_timeout = before.timed_out_until
                     ^^^^^^^^^^^^^^^^^^^^^^
AttributeError: 'Member' object has no attribute 'timed_out_until'
INFO:asu_discord.cogs.verification:Saved 4 roles to database for user dkesava2 (Discord ID: 767894686605377618)
INFO:asu_discord.cogs.verification:Refreshed Salesforce roles for Discord user 767894686605377618: -3/+4 roles, assigned=[Arizona Resident, College of Liberal Arts and Sciences, First Year, Tempe]
Ignoring exception in on_member_update
Traceback (most recent call last):
  File "/usr/local/lib/python3.12/site-packages/discord/client.py", line 465, in _run_event
    await coro(*args, **kwargs)
  File "/app/asu_discord/cogs/analytics.py", line 652, in on_member_update
    before_timeout = before.timed_out_until
                     ^^^^^^^^^^^^^^^^^^^^^^
AttributeError: 'Member' object has no attribute 'timed_out_until'
Ignoring exception in on_member_update
Traceback (most recent call last):
  File "/usr/local/lib/python3.12/site-packages/discord/client.py", line 465, in _run_event
    await coro(*args, **kwargs)
  File "/app/asu_discord/cogs/analytics.py", line 652, in on_member_update
    before_timeout = before.timed_out_until
                     ^^^^^^^^^^^^^^^^^^^^^^
AttributeError: 'Member' object has no attribute 'timed_out_until'
Ignoring exception in on_member_update
Traceback (most recent call last):
  File "/usr/local/lib/python3.12/site-packages/discord/client.py", line 465, in _run_event
    await coro(*args, **kwargs)
  File "/app/asu_discord/cogs/analytics.py", line 652, in on_member_update
    before_timeout = before.timed_out_until
                     ^^^^^^^^^^^^^^^^^^^^^^
AttributeError: 'Member' object has no attribute 'timed_out_until'
Ignoring exception in on_member_update
Traceback (most recent call last):
  File "/usr/local/lib/python3.12/site-packages/discord/client.py", line 465, in _run_event
    await coro(*args, **kwargs)
  File "/app/asu_discord/cogs/analytics.py", line 652, in on_member_update
    before_timeout = before.timed_out_until
                     ^^^^^^^^^^^^^^^^^^^^^^
AttributeError: 'Member' object has no attribute 'timed_out_until'
Ignoring exception in on_member_update
Traceback (most recent call last):
  File "/usr/local/lib/python3.12/site-packages/discord/client.py", line 465, in _run_event
    await coro(*args, **kwargs)
  File "/app/asu_discord/cogs/analytics.py", line 652, in on_member_update
    before_timeout = before.timed_out_until
                     ^^^^^^^^^^^^^^^^^^^^^^
AttributeError: 'Member' object has no attribute 'timed_out_until'
Ignoring exception in on_member_update
Traceback (most recent call last):
  File "/usr/local/lib/python3.12/site-packages/discord/client.py", line 465, in _run_event
    await coro(*args, **kwargs)
  File "/app/asu_discord/cogs/analytics.py", line 652, in on_member_update
    before_timeout = before.timed_out_until
                     ^^^^^^^^^^^^^^^^^^^^^^
AttributeError: 'Member' object has no attribute 'timed_out_until'
Ignoring exception in on_member_update
Traceback (most recent call last):
  File "/usr/local/lib/python3.12/site-packages/discord/client.py", line 465, in _run_event
    await coro(*args, **kwargs)
  File "/app/asu_discord/cogs/analytics.py", line 652, in on_member_update
    before_timeout = before.timed_out_until
                     ^^^^^^^^^^^^^^^^^^^^^^
AttributeError: 'Member' object has no attribute 'timed_out_until'
Ignoring exception in on_member_update
Traceback (most recent call last):
  File "/usr/local/lib/python3.12/site-packages/discord/client.py", line 465, in _run_event
    await coro(*args, **kwargs)
  File "/app/asu_discord/cogs/analytics.py", line 652, in on_member_update
    before_timeout = before.timed_out_until
                     ^^^^^^^^^^^^^^^^^^^^^^
AttributeError: 'Member' object has no attribute 'timed_out_until'
Ignoring exception in on_member_update
Traceback (most recent call last):
  File "/usr/local/lib/python3.12/site-packages/discord/client.py", line 465, in _run_event
    await coro(*args, **kwargs)
  File "/app/asu_discord/cogs/analytics.py", line 652, in on_member_update
    before_timeout = before.timed_out_until
                     ^^^^^^^^^^^^^^^^^^^^^^
AttributeError: 'Member' object has no attribute 'timed_out_until'
Ignoring exception in on_member_update
Traceback (most recent call last):
  File "/usr/local/lib/python3.12/site-packages/discord/client.py", line 465, in _run_event
    await coro(*args, **kwargs)
  File "/app/asu_discord/cogs/analytics.py", line 652, in on_member_update
    before_timeout = before.timed_out_until
                     ^^^^^^^^^^^^^^^^^^^^^^
AttributeError: 'Member' object has no attribute 'timed_out_until'
INFO:asu_discord.cogs.verification:Saved 5 roles to database for user jpigon (Discord ID: 497416218173636619)
INFO:asu_discord.cogs.verification:Refreshed Salesforce roles for Discord user 497416218173636619: -5/+5 roles, assigned=[Arizona Resident, College of Liberal Arts and Sciences, First Year, Tempe, Upperclassmen]
Ignoring exception in on_member_update
Traceback (most recent call last):
  File "/usr/local/lib/python3.12/site-packages/discord/client.py", line 465, in _run_event
    await coro(*args, **kwargs)
  File "/app/asu_discord/cogs/analytics.py", line 652, in on_member_update
    before_timeout = before.timed_out_until
                     ^^^^^^^^^^^^^^^^^^^^^^
AttributeError: 'Member' object has no attribute 'timed_out_until'
Ignoring exception in on_member_update
Traceback (most recent call last):
  File "/usr/local/lib/python3.12/site-packages/discord/client.py", line 465, in _run_event
    await coro(*args, **kwargs)
  File "/app/asu_discord/cogs/analytics.py", line 652, in on_member_update
    before_timeout = before.timed_out_until
                     ^^^^^^^^^^^^^^^^^^^^^^
AttributeError: 'Member' object has no attribute 'timed_out_until'
Ignoring exception in on_member_update
Traceback (most recent call last):
  File "/usr/local/lib/python3.12/site-packages/discord/client.py", line 465, in _run_event
    await coro(*args, **kwargs)
  File "/app/asu_discord/cogs/analytics.py", line 652, in on_member_update
    before_timeout = before.timed_out_until
                     ^^^^^^^^^^^^^^^^^^^^^^
AttributeError: 'Member' object has no attribute 'timed_out_until'
Ignoring exception in on_member_update
Traceback (most recent call last):
  File "/usr/local/lib/python3.12/site-packages/discord/client.py", line 465, in _run_event
    await coro(*args, **kwargs)
  File "/app/asu_discord/cogs/analytics.py", line 652, in on_member_update
    before_timeout = before.timed_out_until
                     ^^^^^^^^^^^^^^^^^^^^^^
AttributeError: 'Member' object has no attribute 'timed_out_until'
Ignoring exception in on_member_update
Traceback (most recent call last):
  File "/usr/local/lib/python3.12/site-packages/discord/client.py", line 465, in _run_event
    await coro(*args, **kwargs)
  File "/app/asu_discord/cogs/analytics.py", line 652, in on_member_update
    before_timeout = before.timed_out_until
                     ^^^^^^^^^^^^^^^^^^^^^^
AttributeError: 'Member' object has no attribute 'timed_out_until'
Ignoring exception in on_member_update
Traceback (most recent call last):
  File "/usr/local/lib/python3.12/site-packages/discord/client.py", line 465, in _run_event
    await coro(*args, **kwargs)
  File "/app/asu_discord/cogs/analytics.py", line 652, in on_member_update
    before_timeout = before.timed_out_until
                     ^^^^^^^^^^^^^^^^^^^^^^
AttributeError: 'Member' object has no attribute 'timed_out_until'
Ignoring exception in on_member_update
Traceback (most recent call last):
  File "/usr/local/lib/python3.12/site-packages/discord/client.py", line 465, in _run_event
    await coro(*args, **kwargs)
  File "/app/asu_discord/cogs/analytics.py", line 652, in on_member_update
    before_timeout = before.timed_out_until
                     ^^^^^^^^^^^^^^^^^^^^^^
AttributeError: 'Member' object has no attribute 'timed_out_until'
Ignoring exception in on_member_update
Traceback (most recent call last):
  File "/usr/local/lib/python3.12/site-packages/discord/client.py", line 465, in _run_event
    await coro(*args, **kwargs)
  File "/app/asu_discord/cogs/analytics.py", line 652, in on_member_update
    before_timeout = before.timed_out_until
                     ^^^^^^^^^^^^^^^^^^^^^^
AttributeError: 'Member' object has no attribute 'timed_out_until'
Ignoring exception in on_member_update
Traceback (most recent call last):
  File "/usr/local/lib/python3.12/site-packages/discord/client.py", line 465, in _run_event
    await coro(*args, **kwargs)
  File "/app/asu_discord/cogs/analytics.py", line 652, in on_member_update
    before_timeout = before.timed_out_until
                     ^^^^^^^^^^^^^^^^^^^^^^
AttributeError: 'Member' object has no attribute 'timed_out_until'
INFO:asu_discord.cogs.verification:Saved 5 roles to database for user htran121 (Discord ID: 468356926900535298)
INFO:asu_discord.cogs.verification:Refreshed Salesforce roles for Discord user 468356926900535298: -5/+4 roles, assigned=[Commited, First Year, International Student, Ira A. Fulton Schools of Engineering, Tempe]
INFO:asu_discord.cogs.verification:Refreshed Salesforce roles for Discord user 1390231701980184626: -0/+0 roles, assigned=[none]
Ignoring exception in on_member_update
Traceback (most recent call last):
  File "/usr/local/lib/python3.12/site-packages/discord/client.py", line 465, in _run_event
    await coro(*args, **kwargs)
  File "/app/asu_discord/cogs/analytics.py", line 652, in on_member_update
    before_timeout = before.timed_out_until
                     ^^^^^^^^^^^^^^^^^^^^^^
AttributeError: 'Member' object has no attribute 'timed_out_until'
Ignoring exception in on_member_update
Traceback (most recent call last):
  File "/usr/local/lib/python3.12/site-packages/discord/client.py", line 465, in _run_event
    await coro(*args, **kwargs)
  File "/app/asu_discord/cogs/analytics.py", line 652, in on_member_update
    before_timeout = before.timed_out_until
                     ^^^^^^^^^^^^^^^^^^^^^^
AttributeError: 'Member' object has no attribute 'timed_out_until'
Ignoring exception in on_member_update
Traceback (most recent call last):
  File "/usr/local/lib/python3.12/site-packages/discord/client.py", line 465, in _run_event
    await coro(*args, **kwargs)
  File "/app/asu_discord/cogs/analytics.py", line 652, in on_member_update
    before_timeout = before.timed_out_until
                     ^^^^^^^^^^^^^^^^^^^^^^
AttributeError: 'Member' object has no attribute 'timed_out_until'
Ignoring exception in on_member_update
Traceback (most recent call last):
  File "/usr/local/lib/python3.12/site-packages/discord/client.py", line 465, in _run_event
    await coro(*args, **kwargs)
  File "/app/asu_discord/cogs/analytics.py", line 652, in on_member_update
    before_timeout = before.timed_out_until
                     ^^^^^^^^^^^^^^^^^^^^^^
AttributeError: 'Member' object has no attribute 'timed_out_until'
Ignoring exception in on_member_update
Traceback (most recent call last):
  File "/usr/local/lib/python3.12/site-packages/discord/client.py", line 465, in _run_event
    await coro(*args, **kwargs)
  File "/app/asu_discord/cogs/analytics.py", line 652, in on_member_update
    before_timeout = before.timed_out_until
                     ^^^^^^^^^^^^^^^^^^^^^^
AttributeError: 'Member' object has no attribute 'timed_out_until'
Ignoring exception in on_member_update
Traceback (most recent call last):
  File "/usr/local/lib/python3.12/site-packages/discord/client.py", line 465, in _run_event
    await coro(*args, **kwargs)
  File "/app/asu_discord/cogs/analytics.py", line 652, in on_member_update
    before_timeout = before.timed_out_until
                     ^^^^^^^^^^^^^^^^^^^^^^
AttributeError: 'Member' object has no attribute 'timed_out_until'
Ignoring exception in on_member_update
Traceback (most recent call last):
  File "/usr/local/lib/python3.12/site-packages/discord/client.py", line 465, in _run_event
    await coro(*args, **kwargs)
  File "/app/asu_discord/cogs/analytics.py", line 652, in on_member_update
    before_timeout = before.timed_out_until
                     ^^^^^^^^^^^^^^^^^^^^^^
AttributeError: 'Member' object has no attribute 'timed_out_until'
Ignoring exception in on_member_update
Traceback (most recent call last):
  File "/usr/local/lib/python3.12/site-packages/discord/client.py", line 465, in _run_event
    await coro(*args, **kwargs)
  File "/app/asu_discord/cogs/analytics.py", line 652, in on_member_update
    before_timeout = before.timed_out_until
                     ^^^^^^^^^^^^^^^^^^^^^^
AttributeError: 'Member' object has no attribute 'timed_out_until'
INFO:asu_discord.cogs.verification:Saved 4 roles to database for user yousyuan (Discord ID: 824962793584984094)
INFO:asu_discord.cogs.verification:Refreshed Salesforce roles for Discord user 824962793584984094: -4/+4 roles, assigned=[Graduate Student, International Student, Ira A. Fulton Schools of Engineering, Tempe]
Ignoring exception in on_member_update
Traceback (most recent call last):
  File "/usr/local/lib/python3.12/site-packages/discord/client.py", line 465, in _run_event
    await coro(*args, **kwargs)
  File "/app/asu_discord/cogs/analytics.py", line 652, in on_member_update
    before_timeout = before.timed_out_until
                     ^^^^^^^^^^^^^^^^^^^^^^
AttributeError: 'Member' object has no attribute 'timed_out_until'
Ignoring exception in on_member_update
Traceback (most recent call last):
  File "/usr/local/lib/python3.12/site-packages/discord/client.py", line 465, in _run_event
    await coro(*args, **kwargs)
  File "/app/asu_discord/cogs/analytics.py", line 652, in on_member_update
    before_timeout = before.timed_out_until
                     ^^^^^^^^^^^^^^^^^^^^^^
AttributeError: 'Member' object has no attribute 'timed_out_until'
Ignoring exception in on_member_update
Traceback (most recent call last):
  File "/usr/local/lib/python3.12/site-packages/discord/client.py", line 465, in _run_event
    await coro(*args, **kwargs)
  File "/app/asu_discord/cogs/analytics.py", line 652, in on_member_update
    before_timeout = before.timed_out_until
                     ^^^^^^^^^^^^^^^^^^^^^^
AttributeError: 'Member' object has no attribute 'timed_out_until'
Ignoring exception in on_member_update
Traceback (most recent call last):
  File "/usr/local/lib/python3.12/site-packages/discord/client.py", line 465, in _run_event
    await coro(*args, **kwargs)
  File "/app/asu_discord/cogs/analytics.py", line 652, in on_member_update
    before_timeout = before.timed_out_until
                     ^^^^^^^^^^^^^^^^^^^^^^
AttributeError: 'Member' object has no attribute 'timed_out_until'
Ignoring exception in on_member_update
Traceback (most recent call last):
  File "/usr/local/lib/python3.12/site-packages/discord/client.py", line 465, in _run_event
    await coro(*args, **kwargs)
  File "/app/asu_discord/cogs/analytics.py", line 652, in on_member_update
    before_timeout = before.timed_out_until
                     ^^^^^^^^^^^^^^^^^^^^^^
AttributeError: 'Member' object has no attribute 'timed_out_until'
Ignoring exception in on_member_update
Traceback (most recent call last):
  File "/usr/local/lib/python3.12/site-packages/discord/client.py", line 465, in _run_event
    await coro(*args, **kwargs)
  File "/app/asu_discord/cogs/analytics.py", line 652, in on_member_update
    before_timeout = before.timed_out_until
                     ^^^^^^^^^^^^^^^^^^^^^^
AttributeError: 'Member' object has no attribute 'timed_out_until'
Ignoring exception in on_member_update
Traceback (most recent call last):
  File "/usr/local/lib/python3.12/site-packages/discord/client.py", line 465, in _run_event
    await coro(*args, **kwargs)
  File "/app/asu_discord/cogs/analytics.py", line 652, in on_member_update
    before_timeout = before.timed_out_until
                     ^^^^^^^^^^^^^^^^^^^^^^
AttributeError: 'Member' object has no attribute 'timed_out_until'
Ignoring exception in on_member_update
Traceback (most recent call last):
  File "/usr/local/lib/python3.12/site-packages/discord/client.py", line 465, in _run_event
    await coro(*args, **kwargs)
  File "/app/asu_discord/cogs/analytics.py", line 652, in on_member_update
    before_timeout = before.timed_out_until
                     ^^^^^^^^^^^^^^^^^^^^^^
AttributeError: 'Member' object has no attribute 'timed_out_until'
Ignoring exception in on_member_update
Traceback (most recent call last):
  File "/usr/local/lib/python3.12/site-packages/discord/client.py", line 465, in _run_event
    await coro(*args, **kwargs)
  File "/app/asu_discord/cogs/analytics.py", line 652, in on_member_update
    before_timeout = before.timed_out_until
                     ^^^^^^^^^^^^^^^^^^^^^^
AttributeError: 'Member' object has no attribute 'timed_out_until'
Ignoring exception in on_member_update
Traceback (most recent call last):
  File "/usr/local/lib/python3.12/site-packages/discord/client.py", line 465, in _run_event
    await coro(*args, **kwargs)
  File "/app/asu_discord/cogs/analytics.py", line 652, in on_member_update
    before_timeout = before.timed_out_until
                     ^^^^^^^^^^^^^^^^^^^^^^
AttributeError: 'Member' object has no attribute 'timed_out_until'
INFO:asu_discord.cogs.verification:Saved 5 roles to database for user arharr43 (Discord ID: 1447286855354810573)
INFO:asu_discord.cogs.verification:Refreshed Salesforce roles for Discord user 1447286855354810573: -5/+5 roles, assigned=[Arizona Resident, Commited, Downtown Phoenix, First Year, University College]
ERROR:cron.jobs:refresh_salesforce_roles: failed for saaluri (Discord ID 772530604545802261): Failed to refresh Salesforce-based roles: Discord user 772530604545802261 is not a member of the guild
Ignoring exception in on_member_update
Traceback (most recent call last):
  File "/usr/local/lib/python3.12/site-packages/discord/client.py", line 465, in _run_event
    await coro(*args, **kwargs)
  File "/app/asu_discord/cogs/analytics.py", line 652, in on_member_update
    before_timeout = before.timed_out_until
                     ^^^^^^^^^^^^^^^^^^^^^^
AttributeError: 'Member' object has no attribute 'timed_out_until'
Ignoring exception in on_member_update
Traceback (most recent call last):
  File "/usr/local/lib/python3.12/site-packages/discord/client.py", line 465, in _run_event
    await coro(*args, **kwargs)
  File "/app/asu_discord/cogs/analytics.py", line 652, in on_member_update
    before_timeout = before.timed_out_until
                     ^^^^^^^^^^^^^^^^^^^^^^
AttributeError: 'Member' object has no attribute 'timed_out_until'
Ignoring exception in on_member_update
Traceback (most recent call last):
  File "/usr/local/lib/python3.12/site-packages/discord/client.py", line 465, in _run_event
    await coro(*args, **kwargs)
  File "/app/asu_discord/cogs/analytics.py", line 652, in on_member_update
    before_timeout = before.timed_out_until
                     ^^^^^^^^^^^^^^^^^^^^^^
AttributeError: 'Member' object has no attribute 'timed_out_until'
Ignoring exception in on_member_update
Traceback (most recent call last):
  File "/usr/local/lib/python3.12/site-packages/discord/client.py", line 465, in _run_event
    await coro(*args, **kwargs)
  File "/app/asu_discord/cogs/analytics.py", line 652, in on_member_update
    before_timeout = before.timed_out_until
                     ^^^^^^^^^^^^^^^^^^^^^^
AttributeError: 'Member' object has no attribute 'timed_out_until'
Ignoring exception in on_member_update
Traceback (most recent call last):
  File "/usr/local/lib/python3.12/site-packages/discord/client.py", line 465, in _run_event
    await coro(*args, **kwargs)
  File "/app/asu_discord/cogs/analytics.py", line 652, in on_member_update
    before_timeout = before.timed_out_until
                     ^^^^^^^^^^^^^^^^^^^^^^
AttributeError: 'Member' object has no attribute 'timed_out_until'
Ignoring exception in on_member_update
Traceback (most recent call last):
  File "/usr/local/lib/python3.12/site-packages/discord/client.py", line 465, in _run_event
    await coro(*args, **kwargs)
  File "/app/asu_discord/cogs/analytics.py", line 652, in on_member_update
    before_timeout = before.timed_out_until
                     ^^^^^^^^^^^^^^^^^^^^^^
AttributeError: 'Member' object has no attribute 'timed_out_until'
Ignoring exception in on_member_update
Traceback (most recent call last):
  File "/usr/local/lib/python3.12/site-packages/discord/client.py", line 465, in _run_event
    await coro(*args, **kwargs)
  File "/app/asu_discord/cogs/analytics.py", line 652, in on_member_update
    before_timeout = before.timed_out_until
                     ^^^^^^^^^^^^^^^^^^^^^^
AttributeError: 'Member' object has no attribute 'timed_out_until'
Ignoring exception in on_member_update
Traceback (most recent call last):
  File "/usr/local/lib/python3.12/site-packages/discord/client.py", line 465, in _run_event
    await coro(*args, **kwargs)
  File "/app/asu_discord/cogs/analytics.py", line 652, in on_member_update
    before_timeout = before.timed_out_until
                     ^^^^^^^^^^^^^^^^^^^^^^
AttributeError: 'Member' object has no attribute 'timed_out_until'
INFO:asu_discord.cogs.verification:Saved 4 roles to database for user cegiovan (Discord ID: 837154964580335627)
INFO:asu_discord.cogs.verification:Refreshed Salesforce roles for Discord user 837154964580335627: -4/+4 roles, assigned=[Arizona Resident, First Year, Ira A. Fulton Schools of Engineering, Polytechnic]
Ignoring exception in on_member_update
Traceback (most recent call last):
  File "/usr/local/lib/python3.12/site-packages/discord/client.py", line 465, in _run_event
    await coro(*args, **kwargs)
  File "/app/asu_discord/cogs/analytics.py", line 652, in on_member_update
    before_timeout = before.timed_out_until
                     ^^^^^^^^^^^^^^^^^^^^^^
AttributeError: 'Member' object has no attribute 'timed_out_until'
Ignoring exception in on_member_update
Traceback (most recent call last):
  File "/usr/local/lib/python3.12/site-packages/discord/client.py", line 465, in _run_event
    await coro(*args, **kwargs)
  File "/app/asu_discord/cogs/analytics.py", line 652, in on_member_update
    before_timeout = before.timed_out_until
                     ^^^^^^^^^^^^^^^^^^^^^^
AttributeError: 'Member' object has no attribute 'timed_out_until'
Ignoring exception in on_member_update
Traceback (most recent call last):
  File "/usr/local/lib/python3.12/site-packages/discord/client.py", line 465, in _run_event
    await coro(*args, **kwargs)
  File "/app/asu_discord/cogs/analytics.py", line 652, in on_member_update
    before_timeout = before.timed_out_until
                     ^^^^^^^^^^^^^^^^^^^^^^
AttributeError: 'Member' object has no attribute 'timed_out_until'
Ignoring exception in on_member_update
Traceback (most recent call last):
  File "/usr/local/lib/python3.12/site-packages/discord/client.py", line 465, in _run_event
    await coro(*args, **kwargs)
  File "/app/asu_discord/cogs/analytics.py", line 652, in on_member_update
    before_timeout = before.timed_out_until
                     ^^^^^^^^^^^^^^^^^^^^^^
AttributeError: 'Member' object has no attribute 'timed_out_until'
Ignoring exception in on_member_update
Traceback (most recent call last):
  File "/usr/local/lib/python3.12/site-packages/discord/client.py", line 465, in _run_event
    await coro(*args, **kwargs)
  File "/app/asu_discord/cogs/analytics.py", line 652, in on_member_update
    before_timeout = before.timed_out_until
                     ^^^^^^^^^^^^^^^^^^^^^^
AttributeError: 'Member' object has no attribute 'timed_out_until'
Ignoring exception in on_member_update
Traceback (most recent call last):
  File "/usr/local/lib/python3.12/site-packages/discord/client.py", line 465, in _run_event
    await coro(*args, **kwargs)
  File "/app/asu_discord/cogs/analytics.py", line 652, in on_member_update
    before_timeout = before.timed_out_until
                     ^^^^^^^^^^^^^^^^^^^^^^
AttributeError: 'Member' object has no attribute 'timed_out_until'
Ignoring exception in on_member_update
Traceback (most recent call last):
  File "/usr/local/lib/python3.12/site-packages/discord/client.py", line 465, in _run_event
    await coro(*args, **kwargs)
  File "/app/asu_discord/cogs/analytics.py", line 652, in on_member_update
    before_timeout = before.timed_out_until
                     ^^^^^^^^^^^^^^^^^^^^^^
AttributeError: 'Member' object has no attribute 'timed_out_until'
Ignoring exception in on_member_update
Traceback (most recent call last):
  File "/usr/local/lib/python3.12/site-packages/discord/client.py", line 465, in _run_event
    await coro(*args, **kwargs)
  File "/app/asu_discord/cogs/analytics.py", line 652, in on_member_update
    before_timeout = before.timed_out_until
                     ^^^^^^^^^^^^^^^^^^^^^^
AttributeError: 'Member' object has no attribute 'timed_out_until'
Ignoring exception in on_member_update
Traceback (most recent call last):
  File "/usr/local/lib/python3.12/site-packages/discord/client.py", line 465, in _run_event
    await coro(*args, **kwargs)
  File "/app/asu_discord/cogs/analytics.py", line 652, in on_member_update
    before_timeout = before.timed_out_until
                     ^^^^^^^^^^^^^^^^^^^^^^
AttributeError: 'Member' object has no attribute 'timed_out_until'
Ignoring exception in on_member_update
Traceback (most recent call last):
  File "/usr/local/lib/python3.12/site-packages/discord/client.py", line 465, in _run_event
    await coro(*args, **kwargs)
  File "/app/asu_discord/cogs/analytics.py", line 652, in on_member_update
    before_timeout = before.timed_out_until
                     ^^^^^^^^^^^^^^^^^^^^^^
AttributeError: 'Member' object has no attribute 'timed_out_until'
INFO:asu_discord.cogs.verification:Saved 5 roles to database for user ajfowle7 (Discord ID: 852297520976625704)
INFO:asu_discord.cogs.verification:Refreshed Salesforce roles for Discord user 852297520976625704: -5/+5 roles, assigned=[Commited, First Year, Herberger Institute for Design and the Arts, Out of State, Tempe]
Ignoring exception in on_member_update
Traceback (most recent call last):
  File "/usr/local/lib/python3.12/site-packages/discord/client.py", line 465, in _run_event
    await coro(*args, **kwargs)
  File "/app/asu_discord/cogs/analytics.py", line 652, in on_member_update
    before_timeout = before.timed_out_until
                     ^^^^^^^^^^^^^^^^^^^^^^
AttributeError: 'Member' object has no attribute 'timed_out_until'
Ignoring exception in on_member_update
Traceback (most recent call last):
  File "/usr/local/lib/python3.12/site-packages/discord/client.py", line 465, in _run_event
    await coro(*args, **kwargs)
  File "/app/asu_discord/cogs/analytics.py", line 652, in on_member_update
    before_timeout = before.timed_out_until
                     ^^^^^^^^^^^^^^^^^^^^^^
AttributeError: 'Member' object has no attribute 'timed_out_until'
Ignoring exception in on_member_update
Traceback (most recent call last):
  File "/usr/local/lib/python3.12/site-packages/discord/client.py", line 465, in _run_event
    await coro(*args, **kwargs)
  File "/app/asu_discord/cogs/analytics.py", line 652, in on_member_update
    before_timeout = before.timed_out_until
                     ^^^^^^^^^^^^^^^^^^^^^^
AttributeError: 'Member' object has no attribute 'timed_out_until'
Ignoring exception in on_member_update
Traceback (most recent call last):
  File "/usr/local/lib/python3.12/site-packages/discord/client.py", line 465, in _run_event
    await coro(*args, **kwargs)
  File "/app/asu_discord/cogs/analytics.py", line 652, in on_member_update
    before_timeout = before.timed_out_until
                     ^^^^^^^^^^^^^^^^^^^^^^
AttributeError: 'Member' object has no attribute 'timed_out_until'
INFO:asu_discord.cogs.verification:Saved 4 roles to database for user ckeene13 (Discord ID: 1292558229213286533)
INFO:asu_discord.cogs.verification:Refreshed Salesforce roles for Discord user 1292558229213286533: -0/+4 roles, assigned=[First Year, Ira A. Fulton Schools of Engineering, Out of State, Tempe]
Ignoring exception in on_member_update
Traceback (most recent call last):
  File "/usr/local/lib/python3.12/site-packages/discord/client.py", line 465, in _run_event
    await coro(*args, **kwargs)
  File "/app/asu_discord/cogs/analytics.py", line 652, in on_member_update
    before_timeout = before.timed_out_until
                     ^^^^^^^^^^^^^^^^^^^^^^
AttributeError: 'Member' object has no attribute 'timed_out_until'
Ignoring exception in on_member_update
Traceback (most recent call last):
  File "/usr/local/lib/python3.12/site-packages/discord/client.py", line 465, in _run_event
    await coro(*args, **kwargs)
  File "/app/asu_discord/cogs/analytics.py", line 652, in on_member_update
    before_timeout = before.timed_out_until
                     ^^^^^^^^^^^^^^^^^^^^^^
AttributeError: 'Member' object has no attribute 'timed_out_until'
Ignoring exception in on_member_update
Traceback (most recent call last):
  File "/usr/local/lib/python3.12/site-packages/discord/client.py", line 465, in _run_event
    await coro(*args, **kwargs)
  File "/app/asu_discord/cogs/analytics.py", line 652, in on_member_update
    before_timeout = before.timed_out_until
                     ^^^^^^^^^^^^^^^^^^^^^^
AttributeError: 'Member' object has no attribute 'timed_out_until'
Ignoring exception in on_member_update
Traceback (most recent call last):
  File "/usr/local/lib/python3.12/site-packages/discord/client.py", line 465, in _run_event
    await coro(*args, **kwargs)
  File "/app/asu_discord/cogs/analytics.py", line 652, in on_member_update
    before_timeout = before.timed_out_until
                     ^^^^^^^^^^^^^^^^^^^^^^
AttributeError: 'Member' object has no attribute 'timed_out_until'
Ignoring exception in on_member_update
Traceback (most recent call last):
  File "/usr/local/lib/python3.12/site-packages/discord/client.py", line 465, in _run_event
    await coro(*args, **kwargs)
  File "/app/asu_discord/cogs/analytics.py", line 652, in on_member_update
    before_timeout = before.timed_out_until
                     ^^^^^^^^^^^^^^^^^^^^^^
AttributeError: 'Member' object has no attribute 'timed_out_until'
Ignoring exception in on_member_update
Traceback (most recent call last):
  File "/usr/local/lib/python3.12/site-packages/discord/client.py", line 465, in _run_event
    await coro(*args, **kwargs)
  File "/app/asu_discord/cogs/analytics.py", line 652, in on_member_update
    before_timeout = before.timed_out_until
                     ^^^^^^^^^^^^^^^^^^^^^^
AttributeError: 'Member' object has no attribute 'timed_out_until'
Ignoring exception in on_member_update
Traceback (most recent call last):
  File "/usr/local/lib/python3.12/site-packages/discord/client.py", line 465, in _run_event
    await coro(*args, **kwargs)
  File "/app/asu_discord/cogs/analytics.py", line 652, in on_member_update
    before_timeout = before.timed_out_until
                     ^^^^^^^^^^^^^^^^^^^^^^
AttributeError: 'Member' object has no attribute 'timed_out_until'
Ignoring exception in on_member_update
Traceback (most recent call last):
  File "/usr/local/lib/python3.12/site-packages/discord/client.py", line 465, in _run_event
    await coro(*args, **kwargs)
  File "/app/asu_discord/cogs/analytics.py", line 652, in on_member_update
    before_timeout = before.timed_out_until
                     ^^^^^^^^^^^^^^^^^^^^^^
AttributeError: 'Member' object has no attribute 'timed_out_until'
Ignoring exception in on_member_update
Traceback (most recent call last):
  File "/usr/local/lib/python3.12/site-packages/discord/client.py", line 465, in _run_event
    await coro(*args, **kwargs)
  File "/app/asu_discord/cogs/analytics.py", line 652, in on_member_update
    before_timeout = before.timed_out_until
                     ^^^^^^^^^^^^^^^^^^^^^^
AttributeError: 'Member' object has no attribute 'timed_out_until'
Ignoring exception in on_member_update
Traceback (most recent call last):
  File "/usr/local/lib/python3.12/site-packages/discord/client.py", line 465, in _run_event
    await coro(*args, **kwargs)
  File "/app/asu_discord/cogs/analytics.py", line 652, in on_member_update
    before_timeout = before.timed_out_until
                     ^^^^^^^^^^^^^^^^^^^^^^
AttributeError: 'Member' object has no attribute 'timed_out_until'
INFO:asu_discord.cogs.verification:Saved 5 roles to database for user panguye4 (Discord ID: 944878058391871489)
INFO:asu_discord.cogs.verification:Refreshed Salesforce roles for Discord user 944878058391871489: -5/+5 roles, assigned=[Arizona Resident, First Generation Student, First Year, W.P. Carey School of Business, West Valley]
ERROR:cron.jobs:refresh_salesforce_roles: failed for gclifto3 (Discord ID 1452425914611798036): Failed to refresh Salesforce-based roles: Discord user 1452425914611798036 is not a member of the guild
Ignoring exception in on_member_update
Traceback (most recent call last):
  File "/usr/local/lib/python3.12/site-packages/discord/client.py", line 465, in _run_event
    await coro(*args, **kwargs)
  File "/app/asu_discord/cogs/analytics.py", line 652, in on_member_update
    before_timeout = before.timed_out_until
                     ^^^^^^^^^^^^^^^^^^^^^^
AttributeError: 'Member' object has no attribute 'timed_out_until'
Ignoring exception in on_member_update
Traceback (most recent call last):
  File "/usr/local/lib/python3.12/site-packages/discord/client.py", line 465, in _run_event
    await coro(*args, **kwargs)
  File "/app/asu_discord/cogs/analytics.py", line 652, in on_member_update
    before_timeout = before.timed_out_until
                     ^^^^^^^^^^^^^^^^^^^^^^
AttributeError: 'Member' object has no attribute 'timed_out_until'
Ignoring exception in on_member_update
Traceback (most recent call last):
  File "/usr/local/lib/python3.12/site-packages/discord/client.py", line 465, in _run_event
    await coro(*args, **kwargs)
  File "/app/asu_discord/cogs/analytics.py", line 652, in on_member_update
    before_timeout = before.timed_out_until
                     ^^^^^^^^^^^^^^^^^^^^^^
AttributeError: 'Member' object has no attribute 'timed_out_until'
Ignoring exception in on_member_update
Traceback (most recent call last):
  File "/usr/local/lib/python3.12/site-packages/discord/client.py", line 465, in _run_event
    await coro(*args, **kwargs)
  File "/app/asu_discord/cogs/analytics.py", line 652, in on_member_update
    before_timeout = before.timed_out_until
                     ^^^^^^^^^^^^^^^^^^^^^^
AttributeError: 'Member' object has no attribute 'timed_out_until'
Ignoring exception in on_member_update
Traceback (most recent call last):
  File "/usr/local/lib/python3.12/site-packages/discord/client.py", line 465, in _run_event
    await coro(*args, **kwargs)
  File "/app/asu_discord/cogs/analytics.py", line 652, in on_member_update
    before_timeout = before.timed_out_until
                     ^^^^^^^^^^^^^^^^^^^^^^
AttributeError: 'Member' object has no attribute 'timed_out_until'
Ignoring exception in on_member_update
Traceback (most recent call last):
  File "/usr/local/lib/python3.12/site-packages/discord/client.py", line 465, in _run_event
    await coro(*args, **kwargs)
  File "/app/asu_discord/cogs/analytics.py", line 652, in on_member_update
    before_timeout = before.timed_out_until
                     ^^^^^^^^^^^^^^^^^^^^^^
AttributeError: 'Member' object has no attribute 'timed_out_until'
Ignoring exception in on_member_update
Traceback (most recent call last):
  File "/usr/local/lib/python3.12/site-packages/discord/client.py", line 465, in _run_event
    await coro(*args, **kwargs)
  File "/app/asu_discord/cogs/analytics.py", line 652, in on_member_update
    before_timeout = before.timed_out_until
                     ^^^^^^^^^^^^^^^^^^^^^^
AttributeError: 'Member' object has no attribute 'timed_out_until'
Ignoring exception in on_member_update
Traceback (most recent call last):
  File "/usr/local/lib/python3.12/site-packages/discord/client.py", line 465, in _run_event
    await coro(*args, **kwargs)
  File "/app/asu_discord/cogs/analytics.py", line 652, in on_member_update
    before_timeout = before.timed_out_until
                     ^^^^^^^^^^^^^^^^^^^^^^
AttributeError: 'Member' object has no attribute 'timed_out_until'
INFO:asu_discord.cogs.verification:Saved 4 roles to database for user daroble5 (Discord ID: 897695557114544129)
INFO:asu_discord.cogs.verification:Refreshed Salesforce roles for Discord user 897695557114544129: -4/+4 roles, assigned=[Arizona Resident, First Year, Herberger Institute for Design and the Arts, Tempe]
Ignoring exception in on_member_update
Traceback (most recent call last):
  File "/usr/local/lib/python3.12/site-packages/discord/client.py", line 465, in _run_event
    await coro(*args, **kwargs)
  File "/app/asu_discord/cogs/analytics.py", line 652, in on_member_update
    before_timeout = before.timed_out_until
                     ^^^^^^^^^^^^^^^^^^^^^^
AttributeError: 'Member' object has no attribute 'timed_out_until'
Ignoring exception in on_member_update
Traceback (most recent call last):
  File "/usr/local/lib/python3.12/site-packages/discord/client.py", line 465, in _run_event
    await coro(*args, **kwargs)
  File "/app/asu_discord/cogs/analytics.py", line 652, in on_member_update
    before_timeout = before.timed_out_until
                     ^^^^^^^^^^^^^^^^^^^^^^
AttributeError: 'Member' object has no attribute 'timed_out_until'
Ignoring exception in on_member_update
Traceback (most recent call last):
  File "/usr/local/lib/python3.12/site-packages/discord/client.py", line 465, in _run_event
    await coro(*args, **kwargs)
  File "/app/asu_discord/cogs/analytics.py", line 652, in on_member_update
    before_timeout = before.timed_out_until
                     ^^^^^^^^^^^^^^^^^^^^^^
AttributeError: 'Member' object has no attribute 'timed_out_until'
Ignoring exception in on_member_update
Traceback (most recent call last):
  File "/usr/local/lib/python3.12/site-packages/discord/client.py", line 465, in _run_event
    await coro(*args, **kwargs)
  File "/app/asu_discord/cogs/analytics.py", line 652, in on_member_update
    before_timeout = before.timed_out_until
                     ^^^^^^^^^^^^^^^^^^^^^^
AttributeError: 'Member' object has no attribute 'timed_out_until'
Ignoring exception in on_member_update
Traceback (most recent call last):
  File "/usr/local/lib/python3.12/site-packages/discord/client.py", line 465, in _run_event
    await coro(*args, **kwargs)
  File "/app/asu_discord/cogs/analytics.py", line 652, in on_member_update
    before_timeout = before.timed_out_until
                     ^^^^^^^^^^^^^^^^^^^^^^
AttributeError: 'Member' object has no attribute 'timed_out_until'
Ignoring exception in on_member_update
Traceback (most recent call last):
  File "/usr/local/lib/python3.12/site-packages/discord/client.py", line 465, in _run_event
    await coro(*args, **kwargs)
  File "/app/asu_discord/cogs/analytics.py", line 652, in on_member_update
    before_timeout = before.timed_out_until
                     ^^^^^^^^^^^^^^^^^^^^^^
AttributeError: 'Member' object has no attribute 'timed_out_until'
Ignoring exception in on_member_update
Traceback (most recent call last):
  File "/usr/local/lib/python3.12/site-packages/discord/client.py", line 465, in _run_event
    await coro(*args, **kwargs)
  File "/app/asu_discord/cogs/analytics.py", line 652, in on_member_update
    before_timeout = before.timed_out_until
                     ^^^^^^^^^^^^^^^^^^^^^^
AttributeError: 'Member' object has no attribute 'timed_out_until'
Ignoring exception in on_member_update
Traceback (most recent call last):
  File "/usr/local/lib/python3.12/site-packages/discord/client.py", line 465, in _run_event
    await coro(*args, **kwargs)
  File "/app/asu_discord/cogs/analytics.py", line 652, in on_member_update
    before_timeout = before.timed_out_until
                     ^^^^^^^^^^^^^^^^^^^^^^
AttributeError: 'Member' object has no attribute 'timed_out_until'
Ignoring exception in on_member_update
Traceback (most recent call last):
  File "/usr/local/lib/python3.12/site-packages/discord/client.py", line 465, in _run_event
    await coro(*args, **kwargs)
  File "/app/asu_discord/cogs/analytics.py", line 652, in on_member_update
    before_timeout = before.timed_out_until
                     ^^^^^^^^^^^^^^^^^^^^^^
AttributeError: 'Member' object has no attribute 'timed_out_until'
INFO:asu_discord.cogs.verification:Saved 5 roles to database for user jjaeger5 (Discord ID: 1193725899741331567)
INFO:asu_discord.cogs.verification:Refreshed Salesforce roles for Discord user 1193725899741331567: -5/+4 roles, assigned=[Arizona Resident, Commited, First Year, Ira A. Fulton Schools of Engineering, Tempe]
Ignoring exception in on_member_update
Traceback (most recent call last):
  File "/usr/local/lib/python3.12/site-packages/discord/client.py", line 465, in _run_event
    await coro(*args, **kwargs)
  File "/app/asu_discord/cogs/analytics.py", line 652, in on_member_update
    before_timeout = before.timed_out_until
                     ^^^^^^^^^^^^^^^^^^^^^^
AttributeError: 'Member' object has no attribute 'timed_out_until'
Ignoring exception in on_member_update
Traceback (most recent call last):
  File "/usr/local/lib/python3.12/site-packages/discord/client.py", line 465, in _run_event
    await coro(*args, **kwargs)
  File "/app/asu_discord/cogs/analytics.py", line 652, in on_member_update
    before_timeout = before.timed_out_until
                     ^^^^^^^^^^^^^^^^^^^^^^
AttributeError: 'Member' object has no attribute 'timed_out_until'
Ignoring exception in on_member_update
Traceback (most recent call last):
  File "/usr/local/lib/python3.12/site-packages/discord/client.py", line 465, in _run_event
    await coro(*args, **kwargs)
  File "/app/asu_discord/cogs/analytics.py", line 652, in on_member_update
    before_timeout = before.timed_out_until
                     ^^^^^^^^^^^^^^^^^^^^^^
AttributeError: 'Member' object has no attribute 'timed_out_until'
Ignoring exception in on_member_update
Traceback (most recent call last):
  File "/usr/local/lib/python3.12/site-packages/discord/client.py", line 465, in _run_event
    await coro(*args, **kwargs)
  File "/app/asu_discord/cogs/analytics.py", line 652, in on_member_update
    before_timeout = before.timed_out_until
                     ^^^^^^^^^^^^^^^^^^^^^^
AttributeError: 'Member' object has no attribute 'timed_out_until'
Ignoring exception in on_member_update
Traceback (most recent call last):
  File "/usr/local/lib/python3.12/site-packages/discord/client.py", line 465, in _run_event
    await coro(*args, **kwargs)
  File "/app/asu_discord/cogs/analytics.py", line 652, in on_member_update
    before_timeout = before.timed_out_until
                     ^^^^^^^^^^^^^^^^^^^^^^
AttributeError: 'Member' object has no attribute 'timed_out_until'
Ignoring exception in on_member_update
Traceback (most recent call last):
  File "/usr/local/lib/python3.12/site-packages/discord/client.py", line 465, in _run_event
    await coro(*args, **kwargs)
  File "/app/asu_discord/cogs/analytics.py", line 652, in on_member_update
    before_timeout = before.timed_out_until
                     ^^^^^^^^^^^^^^^^^^^^^^
AttributeError: 'Member' object has no attribute 'timed_out_until'
Ignoring exception in on_member_update
Traceback (most recent call last):
  File "/usr/local/lib/python3.12/site-packages/discord/client.py", line 465, in _run_event
    await coro(*args, **kwargs)
  File "/app/asu_discord/cogs/analytics.py", line 652, in on_member_update
    before_timeout = before.timed_out_until
                     ^^^^^^^^^^^^^^^^^^^^^^
AttributeError: 'Member' object has no attribute 'timed_out_until'
Ignoring exception in on_member_update
Traceback (most recent call last):
  File "/usr/local/lib/python3.12/site-packages/discord/client.py", line 465, in _run_event
    await coro(*args, **kwargs)
  File "/app/asu_discord/cogs/analytics.py", line 652, in on_member_update
    before_timeout = before.timed_out_until
                     ^^^^^^^^^^^^^^^^^^^^^^
AttributeError: 'Member' object has no attribute 'timed_out_until'
Ignoring exception in on_member_update
Traceback (most recent call last):
  File "/usr/local/lib/python3.12/site-packages/discord/client.py", line 465, in _run_event
    await coro(*args, **kwargs)
  File "/app/asu_discord/cogs/analytics.py", line 652, in on_member_update
    before_timeout = before.timed_out_until
                     ^^^^^^^^^^^^^^^^^^^^^^
AttributeError: 'Member' object has no attribute 'timed_out_until'
Ignoring exception in on_member_update
Traceback (most recent call last):
  File "/usr/local/lib/python3.12/site-packages/discord/client.py", line 465, in _run_event
    await coro(*args, **kwargs)
  File "/app/asu_discord/cogs/analytics.py", line 652, in on_member_update
    before_timeout = before.timed_out_until
                     ^^^^^^^^^^^^^^^^^^^^^^
AttributeError: 'Member' object has no attribute 'timed_out_until'
INFO:asu_discord.cogs.verification:Saved 5 roles to database for user jporte69 (Discord ID: 321390470062276608)
INFO:asu_discord.cogs.verification:Refreshed Salesforce roles for Discord user 321390470062276608: -5/+5 roles, assigned=[Arizona Resident, College of Liberal Arts and Sciences, Commited, First Year, Tempe]
Ignoring exception in on_member_update
Traceback (most recent call last):
  File "/usr/local/lib/python3.12/site-packages/discord/client.py", line 465, in _run_event
    await coro(*args, **kwargs)
  File "/app/asu_discord/cogs/analytics.py", line 652, in on_member_update
    before_timeout = before.timed_out_until
                     ^^^^^^^^^^^^^^^^^^^^^^
AttributeError: 'Member' object has no attribute 'timed_out_until'
Ignoring exception in on_member_update
Traceback (most recent call last):
  File "/usr/local/lib/python3.12/site-packages/discord/client.py", line 465, in _run_event
    await coro(*args, **kwargs)
  File "/app/asu_discord/cogs/analytics.py", line 652, in on_member_update
    before_timeout = before.timed_out_until
                     ^^^^^^^^^^^^^^^^^^^^^^
AttributeError: 'Member' object has no attribute 'timed_out_until'
Ignoring exception in on_member_update
Traceback (most recent call last):
  File "/usr/local/lib/python3.12/site-packages/discord/client.py", line 465, in _run_event
    await coro(*args, **kwargs)
  File "/app/asu_discord/cogs/analytics.py", line 652, in on_member_update
    before_timeout = before.timed_out_until
                     ^^^^^^^^^^^^^^^^^^^^^^
AttributeError: 'Member' object has no attribute 'timed_out_until'
Ignoring exception in on_member_update
Traceback (most recent call last):
  File "/usr/local/lib/python3.12/site-packages/discord/client.py", line 465, in _run_event
    await coro(*args, **kwargs)
  File "/app/asu_discord/cogs/analytics.py", line 652, in on_member_update
    before_timeout = before.timed_out_until
                     ^^^^^^^^^^^^^^^^^^^^^^
AttributeError: 'Member' object has no attribute 'timed_out_until'
Ignoring exception in on_member_update
Traceback (most recent call last):
  File "/usr/local/lib/python3.12/site-packages/discord/client.py", line 465, in _run_event
    await coro(*args, **kwargs)
  File "/app/asu_discord/cogs/analytics.py", line 652, in on_member_update
    before_timeout = before.timed_out_until
                     ^^^^^^^^^^^^^^^^^^^^^^
AttributeError: 'Member' object has no attribute 'timed_out_until'
Ignoring exception in on_member_update
Traceback (most recent call last):
  File "/usr/local/lib/python3.12/site-packages/discord/client.py", line 465, in _run_event
    await coro(*args, **kwargs)
  File "/app/asu_discord/cogs/analytics.py", line 652, in on_member_update
    before_timeout = before.timed_out_until
                     ^^^^^^^^^^^^^^^^^^^^^^
AttributeError: 'Member' object has no attribute 'timed_out_until'
Ignoring exception in on_member_update
Traceback (most recent call last):
  File "/usr/local/lib/python3.12/site-packages/discord/client.py", line 465, in _run_event
    await coro(*args, **kwargs)
  File "/app/asu_discord/cogs/analytics.py", line 652, in on_member_update
    before_timeout = before.timed_out_until
                     ^^^^^^^^^^^^^^^^^^^^^^
AttributeError: 'Member' object has no attribute 'timed_out_until'
Ignoring exception in on_member_update
Traceback (most recent call last):
  File "/usr/local/lib/python3.12/site-packages/discord/client.py", line 465, in _run_event
    await coro(*args, **kwargs)
  File "/app/asu_discord/cogs/analytics.py", line 652, in on_member_update
    before_timeout = before.timed_out_until
                     ^^^^^^^^^^^^^^^^^^^^^^
AttributeError: 'Member' object has no attribute 'timed_out_until'
Ignoring exception in on_member_update
Traceback (most recent call last):
  File "/usr/local/lib/python3.12/site-packages/discord/client.py", line 465, in _run_event
    await coro(*args, **kwargs)
  File "/app/asu_discord/cogs/analytics.py", line 652, in on_member_update
    before_timeout = before.timed_out_until
                     ^^^^^^^^^^^^^^^^^^^^^^
AttributeError: 'Member' object has no attribute 'timed_out_until'
INFO:asu_discord.cogs.verification:Saved 5 roles to database for user achatt53 (Discord ID: 754943457256144916)
INFO:asu_discord.cogs.verification:Refreshed Salesforce roles for Discord user 754943457256144916: -4/+5 roles, assigned=[Commited, Graduate Student, International Student, Ira A. Fulton Schools of Engineering, Polytechnic]
Ignoring exception in on_member_update
Traceback (most recent call last):
  File "/usr/local/lib/python3.12/site-packages/discord/client.py", line 465, in _run_event
    await coro(*args, **kwargs)
  File "/app/asu_discord/cogs/analytics.py", line 652, in on_member_update
    before_timeout = before.timed_out_until
                     ^^^^^^^^^^^^^^^^^^^^^^
AttributeError: 'Member' object has no attribute 'timed_out_until'
Ignoring exception in on_member_update
Traceback (most recent call last):
  File "/usr/local/lib/python3.12/site-packages/discord/client.py", line 465, in _run_event
    await coro(*args, **kwargs)
  File "/app/asu_discord/cogs/analytics.py", line 652, in on_member_update
    before_timeout = before.timed_out_until
                     ^^^^^^^^^^^^^^^^^^^^^^
AttributeError: 'Member' object has no attribute 'timed_out_until'
Ignoring exception in on_member_update
Traceback (most recent call last):
  File "/usr/local/lib/python3.12/site-packages/discord/client.py", line 465, in _run_event
    await coro(*args, **kwargs)
  File "/app/asu_discord/cogs/analytics.py", line 652, in on_member_update
    before_timeout = before.timed_out_until
                     ^^^^^^^^^^^^^^^^^^^^^^
AttributeError: 'Member' object has no attribute 'timed_out_until'
Ignoring exception in on_member_update
Traceback (most recent call last):
  File "/usr/local/lib/python3.12/site-packages/discord/client.py", line 465, in _run_event
    await coro(*args, **kwargs)
  File "/app/asu_discord/cogs/analytics.py", line 652, in on_member_update
    before_timeout = before.timed_out_until
                     ^^^^^^^^^^^^^^^^^^^^^^
AttributeError: 'Member' object has no attribute 'timed_out_until'
Ignoring exception in on_member_update
Traceback (most recent call last):
  File "/usr/local/lib/python3.12/site-packages/discord/client.py", line 465, in _run_event
    await coro(*args, **kwargs)
  File "/app/asu_discord/cogs/analytics.py", line 652, in on_member_update
    before_timeout = before.timed_out_until
                     ^^^^^^^^^^^^^^^^^^^^^^
AttributeError: 'Member' object has no attribute 'timed_out_until'
Ignoring exception in on_member_update
Traceback (most recent call last):
  File "/usr/local/lib/python3.12/site-packages/discord/client.py", line 465, in _run_event
    await coro(*args, **kwargs)
  File "/app/asu_discord/cogs/analytics.py", line 652, in on_member_update
    before_timeout = before.timed_out_until
                     ^^^^^^^^^^^^^^^^^^^^^^
AttributeError: 'Member' object has no attribute 'timed_out_until'
Ignoring exception in on_member_update
Traceback (most recent call last):
  File "/usr/local/lib/python3.12/site-packages/discord/client.py", line 465, in _run_event
    await coro(*args, **kwargs)
  File "/app/asu_discord/cogs/analytics.py", line 652, in on_member_update
    before_timeout = before.timed_out_until
                     ^^^^^^^^^^^^^^^^^^^^^^
AttributeError: 'Member' object has no attribute 'timed_out_until'
INFO:asu_discord.cogs.verification:Saved 4 roles to database for user palcant3 (Discord ID: 318963516549890050)
INFO:asu_discord.cogs.verification:Refreshed Salesforce roles for Discord user 318963516549890050: -4/+4 roles, assigned=[Herberger Institute for Design and the Arts, Online, Transfer Student, Upperclassmen]
Ignoring exception in on_member_update
Traceback (most recent call last):
  File "/usr/local/lib/python3.12/site-packages/discord/client.py", line 465, in _run_event
    await coro(*args, **kwargs)
  File "/app/asu_discord/cogs/analytics.py", line 652, in on_member_update
    before_timeout = before.timed_out_until
                     ^^^^^^^^^^^^^^^^^^^^^^
AttributeError: 'Member' object has no attribute 'timed_out_until'
Ignoring exception in on_member_update
Traceback (most recent call last):
  File "/usr/local/lib/python3.12/site-packages/discord/client.py", line 465, in _run_event
    await coro(*args, **kwargs)
  File "/app/asu_discord/cogs/analytics.py", line 652, in on_member_update
    before_timeout = before.timed_out_until
                     ^^^^^^^^^^^^^^^^^^^^^^
AttributeError: 'Member' object has no attribute 'timed_out_until'
Ignoring exception in on_member_update
Traceback (most recent call last):
  File "/usr/local/lib/python3.12/site-packages/discord/client.py", line 465, in _run_event
    await coro(*args, **kwargs)
  File "/app/asu_discord/cogs/analytics.py", line 652, in on_member_update
    before_timeout = before.timed_out_until
                     ^^^^^^^^^^^^^^^^^^^^^^
AttributeError: 'Member' object has no attribute 'timed_out_until'
Ignoring exception in on_member_update
Traceback (most recent call last):
  File "/usr/local/lib/python3.12/site-packages/discord/client.py", line 465, in _run_event
    await coro(*args, **kwargs)
  File "/app/asu_discord/cogs/analytics.py", line 652, in on_member_update
    before_timeout = before.timed_out_until
                     ^^^^^^^^^^^^^^^^^^^^^^
AttributeError: 'Member' object has no attribute 'timed_out_until'
Ignoring exception in on_member_update
Traceback (most recent call last):
  File "/usr/local/lib/python3.12/site-packages/discord/client.py", line 465, in _run_event
    await coro(*args, **kwargs)
  File "/app/asu_discord/cogs/analytics.py", line 652, in on_member_update
    before_timeout = before.timed_out_until
                     ^^^^^^^^^^^^^^^^^^^^^^
AttributeError: 'Member' object has no attribute 'timed_out_until'
Ignoring exception in on_member_update
Traceback (most recent call last):
  File "/usr/local/lib/python3.12/site-packages/discord/client.py", line 465, in _run_event
    await coro(*args, **kwargs)
  File "/app/asu_discord/cogs/analytics.py", line 652, in on_member_update
    before_timeout = before.timed_out_until
                     ^^^^^^^^^^^^^^^^^^^^^^
AttributeError: 'Member' object has no attribute 'timed_out_until'
Ignoring exception in on_member_update
Traceback (most recent call last):
  File "/usr/local/lib/python3.12/site-packages/discord/client.py", line 465, in _run_event
    await coro(*args, **kwargs)
  File "/app/asu_discord/cogs/analytics.py", line 652, in on_member_update
    before_timeout = before.timed_out_until
                     ^^^^^^^^^^^^^^^^^^^^^^
AttributeError: 'Member' object has no attribute 'timed_out_until'
Ignoring exception in on_member_update
Traceback (most recent call last):
  File "/usr/local/lib/python3.12/site-packages/discord/client.py", line 465, in _run_event
    await coro(*args, **kwargs)
  File "/app/asu_discord/cogs/analytics.py", line 652, in on_member_update
    before_timeout = before.timed_out_until
                     ^^^^^^^^^^^^^^^^^^^^^^
AttributeError: 'Member' object has no attribute 'timed_out_until'
Ignoring exception in on_member_update
Traceback (most recent call last):
  File "/usr/local/lib/python3.12/site-packages/discord/client.py", line 465, in _run_event
    await coro(*args, **kwargs)
  File "/app/asu_discord/cogs/analytics.py", line 652, in on_member_update
    before_timeout = before.timed_out_until
                     ^^^^^^^^^^^^^^^^^^^^^^
AttributeError: 'Member' object has no attribute 'timed_out_until'
Ignoring exception in on_member_update
Traceback (most recent call last):
  File "/usr/local/lib/python3.12/site-packages/discord/client.py", line 465, in _run_event
    await coro(*args, **kwargs)
  File "/app/asu_discord/cogs/analytics.py", line 652, in on_member_update
    before_timeout = before.timed_out_until
                     ^^^^^^^^^^^^^^^^^^^^^^
AttributeError: 'Member' object has no attribute 'timed_out_until'
INFO:asu_discord.cogs.verification:Saved 5 roles to database for user iwendell (Discord ID: 1453399282731319326)
INFO:asu_discord.cogs.verification:Refreshed Salesforce roles for Discord user 1453399282731319326: -5/+4 roles, assigned=[Arizona Resident, College of Liberal Arts and Sciences, Commited, First Year, Tempe]
Ignoring exception in on_member_update
Traceback (most recent call last):
  File "/usr/local/lib/python3.12/site-packages/discord/client.py", line 465, in _run_event
    await coro(*args, **kwargs)
  File "/app/asu_discord/cogs/analytics.py", line 652, in on_member_update
    before_timeout = before.timed_out_until
                     ^^^^^^^^^^^^^^^^^^^^^^
AttributeError: 'Member' object has no attribute 'timed_out_until'
Ignoring exception in on_member_update
Traceback (most recent call last):
  File "/usr/local/lib/python3.12/site-packages/discord/client.py", line 465, in _run_event
    await coro(*args, **kwargs)
  File "/app/asu_discord/cogs/analytics.py", line 652, in on_member_update
    before_timeout = before.timed_out_until
                     ^^^^^^^^^^^^^^^^^^^^^^
AttributeError: 'Member' object has no attribute 'timed_out_until'
Ignoring exception in on_member_update
Traceback (most recent call last):
  File "/usr/local/lib/python3.12/site-packages/discord/client.py", line 465, in _run_event
    await coro(*args, **kwargs)
  File "/app/asu_discord/cogs/analytics.py", line 652, in on_member_update
    before_timeout = before.timed_out_until
                     ^^^^^^^^^^^^^^^^^^^^^^
AttributeError: 'Member' object has no attribute 'timed_out_until'
Ignoring exception in on_member_update
Traceback (most recent call last):
  File "/usr/local/lib/python3.12/site-packages/discord/client.py", line 465, in _run_event
    await coro(*args, **kwargs)
  File "/app/asu_discord/cogs/analytics.py", line 652, in on_member_update
    before_timeout = before.timed_out_until
                     ^^^^^^^^^^^^^^^^^^^^^^
AttributeError: 'Member' object has no attribute 'timed_out_until'
Ignoring exception in on_member_update
Traceback (most recent call last):
  File "/usr/local/lib/python3.12/site-packages/discord/client.py", line 465, in _run_event
    await coro(*args, **kwargs)
  File "/app/asu_discord/cogs/analytics.py", line 652, in on_member_update
    before_timeout = before.timed_out_until
                     ^^^^^^^^^^^^^^^^^^^^^^
AttributeError: 'Member' object has no attribute 'timed_out_until'
Ignoring exception in on_member_update
Traceback (most recent call last):
  File "/usr/local/lib/python3.12/site-packages/discord/client.py", line 465, in _run_event
    await coro(*args, **kwargs)
  File "/app/asu_discord/cogs/analytics.py", line 652, in on_member_update
    before_timeout = before.timed_out_until
                     ^^^^^^^^^^^^^^^^^^^^^^
AttributeError: 'Member' object has no attribute 'timed_out_until'
Ignoring exception in on_member_update
Traceback (most recent call last):
  File "/usr/local/lib/python3.12/site-packages/discord/client.py", line 465, in _run_event
    await coro(*args, **kwargs)
  File "/app/asu_discord/cogs/analytics.py", line 652, in on_member_update
    before_timeout = before.timed_out_until
                     ^^^^^^^^^^^^^^^^^^^^^^
AttributeError: 'Member' object has no attribute 'timed_out_until'
Ignoring exception in on_member_update
Traceback (most recent call last):
  File "/usr/local/lib/python3.12/site-packages/discord/client.py", line 465, in _run_event
    await coro(*args, **kwargs)
  File "/app/asu_discord/cogs/analytics.py", line 652, in on_member_update
    before_timeout = before.timed_out_until
                     ^^^^^^^^^^^^^^^^^^^^^^
AttributeError: 'Member' object has no attribute 'timed_out_until'
Ignoring exception in on_member_update
Traceback (most recent call last):
  File "/usr/local/lib/python3.12/site-packages/discord/client.py", line 465, in _run_event
    await coro(*args, **kwargs)
  File "/app/asu_discord/cogs/analytics.py", line 652, in on_member_update
    before_timeout = before.timed_out_until
                     ^^^^^^^^^^^^^^^^^^^^^^
AttributeError: 'Member' object has no attribute 'timed_out_until'
Ignoring exception in on_member_update
Traceback (most recent call last):
  File "/usr/local/lib/python3.12/site-packages/discord/client.py", line 465, in _run_event
    await coro(*args, **kwargs)
  File "/app/asu_discord/cogs/analytics.py", line 652, in on_member_update
    before_timeout = before.timed_out_until
                     ^^^^^^^^^^^^^^^^^^^^^^
AttributeError: 'Member' object has no attribute 'timed_out_until'
INFO:asu_discord.cogs.verification:Saved 5 roles to database for user alwaldr2 (Discord ID: 758547289345753139)
INFO:asu_discord.cogs.verification:Refreshed Salesforce roles for Discord user 758547289345753139: -5/+5 roles, assigned=[Arizona Resident, College of Liberal Arts and Sciences, Commited, Tempe, Transfer Student]
Ignoring exception in on_member_update
Traceback (most recent call last):
  File "/usr/local/lib/python3.12/site-packages/discord/client.py", line 465, in _run_event
    await coro(*args, **kwargs)
  File "/app/asu_discord/cogs/analytics.py", line 652, in on_member_update
    before_timeout = before.timed_out_until
                     ^^^^^^^^^^^^^^^^^^^^^^
AttributeError: 'Member' object has no attribute 'timed_out_until'
Ignoring exception in on_member_update
Traceback (most recent call last):
  File "/usr/local/lib/python3.12/site-packages/discord/client.py", line 465, in _run_event
    await coro(*args, **kwargs)
  File "/app/asu_discord/cogs/analytics.py", line 652, in on_member_update
    before_timeout = before.timed_out_until
                     ^^^^^^^^^^^^^^^^^^^^^^
AttributeError: 'Member' object has no attribute 'timed_out_until'
Ignoring exception in on_member_update
Traceback (most recent call last):
  File "/usr/local/lib/python3.12/site-packages/discord/client.py", line 465, in _run_event
    await coro(*args, **kwargs)
  File "/app/asu_discord/cogs/analytics.py", line 652, in on_member_update
    before_timeout = before.timed_out_until
                     ^^^^^^^^^^^^^^^^^^^^^^
AttributeError: 'Member' object has no attribute 'timed_out_until'
Ignoring exception in on_member_update
Traceback (most recent call last):
  File "/usr/local/lib/python3.12/site-packages/discord/client.py", line 465, in _run_event
    await coro(*args, **kwargs)
  File "/app/asu_discord/cogs/analytics.py", line 652, in on_member_update
    before_timeout = before.timed_out_until
                     ^^^^^^^^^^^^^^^^^^^^^^
AttributeError: 'Member' object has no attribute 'timed_out_until'
Ignoring exception in on_member_update
Traceback (most recent call last):
  File "/usr/local/lib/python3.12/site-packages/discord/client.py", line 465, in _run_event
    await coro(*args, **kwargs)
  File "/app/asu_discord/cogs/analytics.py", line 652, in on_member_update
    before_timeout = before.timed_out_until
                     ^^^^^^^^^^^^^^^^^^^^^^
AttributeError: 'Member' object has no attribute 'timed_out_until'
Ignoring exception in on_member_update
Traceback (most recent call last):
  File "/usr/local/lib/python3.12/site-packages/discord/client.py", line 465, in _run_event
    await coro(*args, **kwargs)
  File "/app/asu_discord/cogs/analytics.py", line 652, in on_member_update
    before_timeout = before.timed_out_until
                     ^^^^^^^^^^^^^^^^^^^^^^
AttributeError: 'Member' object has no attribute 'timed_out_until'
Ignoring exception in on_member_update
Traceback (most recent call last):
  File "/usr/local/lib/python3.12/site-packages/discord/client.py", line 465, in _run_event
    await coro(*args, **kwargs)
  File "/app/asu_discord/cogs/analytics.py", line 652, in on_member_update
    before_timeout = before.timed_out_until
                     ^^^^^^^^^^^^^^^^^^^^^^
AttributeError: 'Member' object has no attribute 'timed_out_until'
Ignoring exception in on_member_update
Traceback (most recent call last):
  File "/usr/local/lib/python3.12/site-packages/discord/client.py", line 465, in _run_event
    await coro(*args, **kwargs)
  File "/app/asu_discord/cogs/analytics.py", line 652, in on_member_update
    before_timeout = before.timed_out_until
                     ^^^^^^^^^^^^^^^^^^^^^^
AttributeError: 'Member' object has no attribute 'timed_out_until'
INFO:asu_discord.cogs.verification:Saved 5 roles to database for user cguglio1 (Discord ID: 1452471125656473679)
INFO:asu_discord.cogs.verification:Refreshed Salesforce roles for Discord user 1452471125656473679: -5/+4 roles, assigned=[Commited, Downtown Phoenix, Graduate Student, International Student, Walter Cronkite School of Journalism and Mass Communication]
Ignoring exception in on_member_update
Traceback (most recent call last):
  File "/usr/local/lib/python3.12/site-packages/discord/client.py", line 465, in _run_event
    await coro(*args, **kwargs)
  File "/app/asu_discord/cogs/analytics.py", line 652, in on_member_update
    before_timeout = before.timed_out_until
                     ^^^^^^^^^^^^^^^^^^^^^^
AttributeError: 'Member' object has no attribute 'timed_out_until'
Ignoring exception in on_member_update
Traceback (most recent call last):
  File "/usr/local/lib/python3.12/site-packages/discord/client.py", line 465, in _run_event
    await coro(*args, **kwargs)
  File "/app/asu_discord/cogs/analytics.py", line 652, in on_member_update
    before_timeout = before.timed_out_until
                     ^^^^^^^^^^^^^^^^^^^^^^
AttributeError: 'Member' object has no attribute 'timed_out_until'
Ignoring exception in on_member_update
Traceback (most recent call last):
  File "/usr/local/lib/python3.12/site-packages/discord/client.py", line 465, in _run_event
    await coro(*args, **kwargs)
  File "/app/asu_discord/cogs/analytics.py", line 652, in on_member_update
    before_timeout = before.timed_out_until
                     ^^^^^^^^^^^^^^^^^^^^^^
AttributeError: 'Member' object has no attribute 'timed_out_until'
INFO:asu_discord.cogs.verification:Saved 1 roles to database for user klope140 (Discord ID: 1304534949327671457)
INFO:asu_discord.cogs.verification:Refreshed Salesforce roles for Discord user 1304534949327671457: -1/+1 roles, assigned=[Arizona Resident]
Ignoring exception in on_member_update
Traceback (most recent call last):
  File "/usr/local/lib/python3.12/site-packages/discord/client.py", line 465, in _run_event
    await coro(*args, **kwargs)
  File "/app/asu_discord/cogs/analytics.py", line 652, in on_member_update
    before_timeout = before.timed_out_until
                     ^^^^^^^^^^^^^^^^^^^^^^
AttributeError: 'Member' object has no attribute 'timed_out_until'
Ignoring exception in on_member_update
Traceback (most recent call last):
  File "/usr/local/lib/python3.12/site-packages/discord/client.py", line 465, in _run_event
    await coro(*args, **kwargs)
  File "/app/asu_discord/cogs/analytics.py", line 652, in on_member_update
    before_timeout = before.timed_out_until
                     ^^^^^^^^^^^^^^^^^^^^^^
AttributeError: 'Member' object has no attribute 'timed_out_until'
Ignoring exception in on_member_update
Traceback (most recent call last):
  File "/usr/local/lib/python3.12/site-packages/discord/client.py", line 465, in _run_event
    await coro(*args, **kwargs)
  File "/app/asu_discord/cogs/analytics.py", line 652, in on_member_update
    before_timeout = before.timed_out_until
                     ^^^^^^^^^^^^^^^^^^^^^^
AttributeError: 'Member' object has no attribute 'timed_out_until'
Ignoring exception in on_member_update
Traceback (most recent call last):
  File "/usr/local/lib/python3.12/site-packages/discord/client.py", line 465, in _run_event
    await coro(*args, **kwargs)
  File "/app/asu_discord/cogs/analytics.py", line 652, in on_member_update
    before_timeout = before.timed_out_until
                     ^^^^^^^^^^^^^^^^^^^^^^
AttributeError: 'Member' object has no attribute 'timed_out_until'
Ignoring exception in on_member_update
Traceback (most recent call last):
  File "/usr/local/lib/python3.12/site-packages/discord/client.py", line 465, in _run_event
    await coro(*args, **kwargs)
  File "/app/asu_discord/cogs/analytics.py", line 652, in on_member_update
    before_timeout = before.timed_out_until
                     ^^^^^^^^^^^^^^^^^^^^^^
AttributeError: 'Member' object has no attribute 'timed_out_until'
Ignoring exception in on_member_update
Traceback (most recent call last):
  File "/usr/local/lib/python3.12/site-packages/discord/client.py", line 465, in _run_event
    await coro(*args, **kwargs)
  File "/app/asu_discord/cogs/analytics.py", line 652, in on_member_update
    before_timeout = before.timed_out_until
                     ^^^^^^^^^^^^^^^^^^^^^^
AttributeError: 'Member' object has no attribute 'timed_out_until'
Ignoring exception in on_member_update
Traceback (most recent call last):
  File "/usr/local/lib/python3.12/site-packages/discord/client.py", line 465, in _run_event
    await coro(*args, **kwargs)
  File "/app/asu_discord/cogs/analytics.py", line 652, in on_member_update
    before_timeout = before.timed_out_until
                     ^^^^^^^^^^^^^^^^^^^^^^
AttributeError: 'Member' object has no attribute 'timed_out_until'
Ignoring exception in on_member_update
Traceback (most recent call last):
  File "/usr/local/lib/python3.12/site-packages/discord/client.py", line 465, in _run_event
    await coro(*args, **kwargs)
  File "/app/asu_discord/cogs/analytics.py", line 652, in on_member_update
    before_timeout = before.timed_out_until
                     ^^^^^^^^^^^^^^^^^^^^^^
AttributeError: 'Member' object has no attribute 'timed_out_until'
Ignoring exception in on_member_update
Traceback (most recent call last):
  File "/usr/local/lib/python3.12/site-packages/discord/client.py", line 465, in _run_event
    await coro(*args, **kwargs)
  File "/app/asu_discord/cogs/analytics.py", line 652, in on_member_update
    before_timeout = before.timed_out_until
                     ^^^^^^^^^^^^^^^^^^^^^^
AttributeError: 'Member' object has no attribute 'timed_out_until'
Ignoring exception in on_member_update
Traceback (most recent call last):
  File "/usr/local/lib/python3.12/site-packages/discord/client.py", line 465, in _run_event
    await coro(*args, **kwargs)
  File "/app/asu_discord/cogs/analytics.py", line 652, in on_member_update
    before_timeout = before.timed_out_until
                     ^^^^^^^^^^^^^^^^^^^^^^
AttributeError: 'Member' object has no attribute 'timed_out_until'
INFO:asu_discord.cogs.verification:Saved 6 roles to database for user eayates1 (Discord ID: 1133658837921046568)
INFO:asu_discord.cogs.verification:Refreshed Salesforce roles for Discord user 1133658837921046568: -4/+6 roles, assigned=[Commited, First Generation Student, First Year, Ira A. Fulton Schools of Engineering, Out of State, Tempe]
ERROR:cron.jobs:refresh_salesforce_roles: failed for mgyahya (Discord ID 413320722778423297): Failed to refresh Salesforce-based roles: Discord user 413320722778423297 is not a member of the guild
Ignoring exception in on_member_update
Traceback (most recent call last):
  File "/usr/local/lib/python3.12/site-packages/discord/client.py", line 465, in _run_event
    await coro(*args, **kwargs)
  File "/app/asu_discord/cogs/analytics.py", line 652, in on_member_update
    before_timeout = before.timed_out_until
                     ^^^^^^^^^^^^^^^^^^^^^^
AttributeError: 'Member' object has no attribute 'timed_out_until'
Ignoring exception in on_member_update
Traceback (most recent call last):
  File "/usr/local/lib/python3.12/site-packages/discord/client.py", line 465, in _run_event
    await coro(*args, **kwargs)
  File "/app/asu_discord/cogs/analytics.py", line 652, in on_member_update
    before_timeout = before.timed_out_until
                     ^^^^^^^^^^^^^^^^^^^^^^
AttributeError: 'Member' object has no attribute 'timed_out_until'
Ignoring exception in on_member_update
Traceback (most recent call last):
  File "/usr/local/lib/python3.12/site-packages/discord/client.py", line 465, in _run_event
    await coro(*args, **kwargs)
  File "/app/asu_discord/cogs/analytics.py", line 652, in on_member_update
    before_timeout = before.timed_out_until
                     ^^^^^^^^^^^^^^^^^^^^^^
AttributeError: 'Member' object has no attribute 'timed_out_until'
Ignoring exception in on_member_update
Traceback (most recent call last):
  File "/usr/local/lib/python3.12/site-packages/discord/client.py", line 465, in _run_event
    await coro(*args, **kwargs)
  File "/app/asu_discord/cogs/analytics.py", line 652, in on_member_update
    before_timeout = before.timed_out_until
                     ^^^^^^^^^^^^^^^^^^^^^^
AttributeError: 'Member' object has no attribute 'timed_out_until'
Ignoring exception in on_member_update
Traceback (most recent call last):
  File "/usr/local/lib/python3.12/site-packages/discord/client.py", line 465, in _run_event
    await coro(*args, **kwargs)
  File "/app/asu_discord/cogs/analytics.py", line 652, in on_member_update
    before_timeout = before.timed_out_until
                     ^^^^^^^^^^^^^^^^^^^^^^
AttributeError: 'Member' object has no attribute 'timed_out_until'
Ignoring exception in on_member_update
Traceback (most recent call last):
  File "/usr/local/lib/python3.12/site-packages/discord/client.py", line 465, in _run_event
    await coro(*args, **kwargs)
  File "/app/asu_discord/cogs/analytics.py", line 652, in on_member_update
    before_timeout = before.timed_out_until
                     ^^^^^^^^^^^^^^^^^^^^^^
AttributeError: 'Member' object has no attribute 'timed_out_until'
Ignoring exception in on_member_update
Traceback (most recent call last):
  File "/usr/local/lib/python3.12/site-packages/discord/client.py", line 465, in _run_event
    await coro(*args, **kwargs)
  File "/app/asu_discord/cogs/analytics.py", line 652, in on_member_update
    before_timeout = before.timed_out_until
                     ^^^^^^^^^^^^^^^^^^^^^^
AttributeError: 'Member' object has no attribute 'timed_out_until'
Ignoring exception in on_member_update
Traceback (most recent call last):
  File "/usr/local/lib/python3.12/site-packages/discord/client.py", line 465, in _run_event
    await coro(*args, **kwargs)
  File "/app/asu_discord/cogs/analytics.py", line 652, in on_member_update
    before_timeout = before.timed_out_until
                     ^^^^^^^^^^^^^^^^^^^^^^
AttributeError: 'Member' object has no attribute 'timed_out_until'
Ignoring exception in on_member_update
Traceback (most recent call last):
  File "/usr/local/lib/python3.12/site-packages/discord/client.py", line 465, in _run_event
    await coro(*args, **kwargs)
  File "/app/asu_discord/cogs/analytics.py", line 652, in on_member_update
    before_timeout = before.timed_out_until
                     ^^^^^^^^^^^^^^^^^^^^^^
AttributeError: 'Member' object has no attribute 'timed_out_until'
Ignoring exception in on_member_update
Traceback (most recent call last):
  File "/usr/local/lib/python3.12/site-packages/discord/client.py", line 465, in _run_event
    await coro(*args, **kwargs)
  File "/app/asu_discord/cogs/analytics.py", line 652, in on_member_update
    before_timeout = before.timed_out_until
                     ^^^^^^^^^^^^^^^^^^^^^^
AttributeError: 'Member' object has no attribute 'timed_out_until'
INFO:asu_discord.cogs.verification:Saved 5 roles to database for user awalton3 (Discord ID: 1133159421527207936)
INFO:asu_discord.cogs.verification:Refreshed Salesforce roles for Discord user 1133159421527207936: -5/+5 roles, assigned=[Arizona Resident, Commited, Tempe, Transfer Student, W.P. Carey School of Business]
ERROR:cron.jobs:refresh_salesforce_roles: failed for nsschne1 (Discord ID 748275035541602568): Failed to refresh Salesforce-based roles: Discord user 748275035541602568 is not a member of the guild
ERROR:cron.jobs:refresh_salesforce_roles: failed for mlalwan3 (Discord ID 723274724179968002): Failed to refresh Salesforce-based roles: Discord user 723274724179968002 is not a member of the guild
Ignoring exception in on_member_update
Traceback (most recent call last):
  File "/usr/local/lib/python3.12/site-packages/discord/client.py", line 465, in _run_event
    await coro(*args, **kwargs)
  File "/app/asu_discord/cogs/analytics.py", line 652, in on_member_update
    before_timeout = before.timed_out_until
                     ^^^^^^^^^^^^^^^^^^^^^^
AttributeError: 'Member' object has no attribute 'timed_out_until'
Ignoring exception in on_member_update
Traceback (most recent call last):
  File "/usr/local/lib/python3.12/site-packages/discord/client.py", line 465, in _run_event
    await coro(*args, **kwargs)
  File "/app/asu_discord/cogs/analytics.py", line 652, in on_member_update
    before_timeout = before.timed_out_until
                     ^^^^^^^^^^^^^^^^^^^^^^
AttributeError: 'Member' object has no attribute 'timed_out_until'
Ignoring exception in on_member_update
Traceback (most recent call last):
  File "/usr/local/lib/python3.12/site-packages/discord/client.py", line 465, in _run_event
    await coro(*args, **kwargs)
  File "/app/asu_discord/cogs/analytics.py", line 652, in on_member_update
    before_timeout = before.timed_out_until
                     ^^^^^^^^^^^^^^^^^^^^^^
AttributeError: 'Member' object has no attribute 'timed_out_until'
Ignoring exception in on_member_update
Traceback (most recent call last):
  File "/usr/local/lib/python3.12/site-packages/discord/client.py", line 465, in _run_event
    await coro(*args, **kwargs)
  File "/app/asu_discord/cogs/analytics.py", line 652, in on_member_update
    before_timeout = before.timed_out_until
                     ^^^^^^^^^^^^^^^^^^^^^^
AttributeError: 'Member' object has no attribute 'timed_out_until'
Ignoring exception in on_member_update
Traceback (most recent call last):
  File "/usr/local/lib/python3.12/site-packages/discord/client.py", line 465, in _run_event
    await coro(*args, **kwargs)
  File "/app/asu_discord/cogs/analytics.py", line 652, in on_member_update
    before_timeout = before.timed_out_until
                     ^^^^^^^^^^^^^^^^^^^^^^
AttributeError: 'Member' object has no attribute 'timed_out_until'
Ignoring exception in on_member_update
Traceback (most recent call last):
  File "/usr/local/lib/python3.12/site-packages/discord/client.py", line 465, in _run_event
    await coro(*args, **kwargs)
  File "/app/asu_discord/cogs/analytics.py", line 652, in on_member_update
    before_timeout = before.timed_out_until
                     ^^^^^^^^^^^^^^^^^^^^^^
AttributeError: 'Member' object has no attribute 'timed_out_until'
Ignoring exception in on_member_update
Traceback (most recent call last):
  File "/usr/local/lib/python3.12/site-packages/discord/client.py", line 465, in _run_event
    await coro(*args, **kwargs)
  File "/app/asu_discord/cogs/analytics.py", line 652, in on_member_update
    before_timeout = before.timed_out_until
                     ^^^^^^^^^^^^^^^^^^^^^^
AttributeError: 'Member' object has no attribute 'timed_out_until'
Ignoring exception in on_member_update
Traceback (most recent call last):
  File "/usr/local/lib/python3.12/site-packages/discord/client.py", line 465, in _run_event
    await coro(*args, **kwargs)
  File "/app/asu_discord/cogs/analytics.py", line 652, in on_member_update
    before_timeout = before.timed_out_until
                     ^^^^^^^^^^^^^^^^^^^^^^
AttributeError: 'Member' object has no attribute 'timed_out_until'
Ignoring exception in on_member_update
Traceback (most recent call last):
  File "/usr/local/lib/python3.12/site-packages/discord/client.py", line 465, in _run_event
    await coro(*args, **kwargs)
  File "/app/asu_discord/cogs/analytics.py", line 652, in on_member_update
    before_timeout = before.timed_out_until
                     ^^^^^^^^^^^^^^^^^^^^^^
AttributeError: 'Member' object has no attribute 'timed_out_until'
Ignoring exception in on_member_update
Traceback (most recent call last):
  File "/usr/local/lib/python3.12/site-packages/discord/client.py", line 465, in _run_event
    await coro(*args, **kwargs)
  File "/app/asu_discord/cogs/analytics.py", line 652, in on_member_update
    before_timeout = before.timed_out_until
                     ^^^^^^^^^^^^^^^^^^^^^^
AttributeError: 'Member' object has no attribute 'timed_out_until'
INFO:asu_discord.cogs.verification:Saved 5 roles to database for user mwsheldo (Discord ID: 1158219001156075551)
INFO:asu_discord.cogs.verification:Refreshed Salesforce roles for Discord user 1158219001156075551: -5/+5 roles, assigned=[Arizona Resident, First Generation Student, First Year, Herberger Institute for Design and the Arts, Tempe]
ERROR:cron.jobs:refresh_salesforce_roles: failed for colinxi1 (Discord ID 344645840381411329): Failed to refresh Salesforce-based roles: Discord user 344645840381411329 is not a member of the guild
Ignoring exception in on_member_update
Traceback (most recent call last):
  File "/usr/local/lib/python3.12/site-packages/discord/client.py", line 465, in _run_event
    await coro(*args, **kwargs)
  File "/app/asu_discord/cogs/analytics.py", line 652, in on_member_update
    before_timeout = before.timed_out_until
                     ^^^^^^^^^^^^^^^^^^^^^^
AttributeError: 'Member' object has no attribute 'timed_out_until'
Ignoring exception in on_member_update
Traceback (most recent call last):
  File "/usr/local/lib/python3.12/site-packages/discord/client.py", line 465, in _run_event
    await coro(*args, **kwargs)
  File "/app/asu_discord/cogs/analytics.py", line 652, in on_member_update
    before_timeout = before.timed_out_until
                     ^^^^^^^^^^^^^^^^^^^^^^
AttributeError: 'Member' object has no attribute 'timed_out_until'
Ignoring exception in on_member_update
Traceback (most recent call last):
  File "/usr/local/lib/python3.12/site-packages/discord/client.py", line 465, in _run_event
    await coro(*args, **kwargs)
  File "/app/asu_discord/cogs/analytics.py", line 652, in on_member_update
    before_timeout = before.timed_out_until
                     ^^^^^^^^^^^^^^^^^^^^^^
AttributeError: 'Member' object has no attribute 'timed_out_until'
Ignoring exception in on_member_update
Traceback (most recent call last):
  File "/usr/local/lib/python3.12/site-packages/discord/client.py", line 465, in _run_event
    await coro(*args, **kwargs)
  File "/app/asu_discord/cogs/analytics.py", line 652, in on_member_update
    before_timeout = before.timed_out_until
                     ^^^^^^^^^^^^^^^^^^^^^^
AttributeError: 'Member' object has no attribute 'timed_out_until'
Ignoring exception in on_member_update
Traceback (most recent call last):
  File "/usr/local/lib/python3.12/site-packages/discord/client.py", line 465, in _run_event
    await coro(*args, **kwargs)
  File "/app/asu_discord/cogs/analytics.py", line 652, in on_member_update
    before_timeout = before.timed_out_until
                     ^^^^^^^^^^^^^^^^^^^^^^
AttributeError: 'Member' object has no attribute 'timed_out_until'
Ignoring exception in on_member_update
Traceback (most recent call last):
  File "/usr/local/lib/python3.12/site-packages/discord/client.py", line 465, in _run_event
    await coro(*args, **kwargs)
  File "/app/asu_discord/cogs/analytics.py", line 652, in on_member_update
    before_timeout = before.timed_out_until
                     ^^^^^^^^^^^^^^^^^^^^^^
AttributeError: 'Member' object has no attribute 'timed_out_until'
Ignoring exception in on_member_update
Traceback (most recent call last):
  File "/usr/local/lib/python3.12/site-packages/discord/client.py", line 465, in _run_event
    await coro(*args, **kwargs)
  File "/app/asu_discord/cogs/analytics.py", line 652, in on_member_update
    before_timeout = before.timed_out_until
                     ^^^^^^^^^^^^^^^^^^^^^^
AttributeError: 'Member' object has no attribute 'timed_out_until'
Ignoring exception in on_member_update
Traceback (most recent call last):
  File "/usr/local/lib/python3.12/site-packages/discord/client.py", line 465, in _run_event
    await coro(*args, **kwargs)
  File "/app/asu_discord/cogs/analytics.py", line 652, in on_member_update
    before_timeout = before.timed_out_until
                     ^^^^^^^^^^^^^^^^^^^^^^
AttributeError: 'Member' object has no attribute 'timed_out_until'
Ignoring exception in on_member_update
Traceback (most recent call last):
  File "/usr/local/lib/python3.12/site-packages/discord/client.py", line 465, in _run_event
    await coro(*args, **kwargs)
  File "/app/asu_discord/cogs/analytics.py", line 652, in on_member_update
    before_timeout = before.timed_out_until
                     ^^^^^^^^^^^^^^^^^^^^^^
AttributeError: 'Member' object has no attribute 'timed_out_until'
INFO:asu_discord.cogs.verification:Saved 5 roles to database for user epotte10 (Discord ID: 653334797904511013)
INFO:asu_discord.cogs.verification:Refreshed Salesforce roles for Discord user 653334797904511013: -4/+5 roles, assigned=[Arizona Resident, College of Liberal Arts and Sciences, Commited, First Year, Tempe]
ERROR:cron.jobs:refresh_salesforce_roles: failed for chengh24 (Discord ID 788777637521915966): Failed to refresh Salesforce-based roles: Discord user 788777637521915966 is not a member of the guild
Ignoring exception in on_member_update
Traceback (most recent call last):
  File "/usr/local/lib/python3.12/site-packages/discord/client.py", line 465, in _run_event
    await coro(*args, **kwargs)
  File "/app/asu_discord/cogs/analytics.py", line 652, in on_member_update
    before_timeout = before.timed_out_until
                     ^^^^^^^^^^^^^^^^^^^^^^
AttributeError: 'Member' object has no attribute 'timed_out_until'
Ignoring exception in on_member_update
Traceback (most recent call last):
  File "/usr/local/lib/python3.12/site-packages/discord/client.py", line 465, in _run_event
    await coro(*args, **kwargs)
  File "/app/asu_discord/cogs/analytics.py", line 652, in on_member_update
    before_timeout = before.timed_out_until
                     ^^^^^^^^^^^^^^^^^^^^^^
AttributeError: 'Member' object has no attribute 'timed_out_until'
Ignoring exception in on_member_update
Traceback (most recent call last):
  File "/usr/local/lib/python3.12/site-packages/discord/client.py", line 465, in _run_event
    await coro(*args, **kwargs)
  File "/app/asu_discord/cogs/analytics.py", line 652, in on_member_update
    before_timeout = before.timed_out_until
                     ^^^^^^^^^^^^^^^^^^^^^^
AttributeError: 'Member' object has no attribute 'timed_out_until'
Ignoring exception in on_member_update
Traceback (most recent call last):
  File "/usr/local/lib/python3.12/site-packages/discord/client.py", line 465, in _run_event
    await coro(*args, **kwargs)
  File "/app/asu_discord/cogs/analytics.py", line 652, in on_member_update
    before_timeout = before.timed_out_until
                     ^^^^^^^^^^^^^^^^^^^^^^
AttributeError: 'Member' object has no attribute 'timed_out_until'
Ignoring exception in on_member_update
Traceback (most recent call last):
  File "/usr/local/lib/python3.12/site-packages/discord/client.py", line 465, in _run_event
    await coro(*args, **kwargs)
  File "/app/asu_discord/cogs/analytics.py", line 652, in on_member_update
    before_timeout = before.timed_out_until
                     ^^^^^^^^^^^^^^^^^^^^^^
AttributeError: 'Member' object has no attribute 'timed_out_until'
Ignoring exception in on_member_update
Traceback (most recent call last):
  File "/usr/local/lib/python3.12/site-packages/discord/client.py", line 465, in _run_event
    await coro(*args, **kwargs)
  File "/app/asu_discord/cogs/analytics.py", line 652, in on_member_update
    before_timeout = before.timed_out_until
                     ^^^^^^^^^^^^^^^^^^^^^^
AttributeError: 'Member' object has no attribute 'timed_out_until'
Ignoring exception in on_member_update
Traceback (most recent call last):
  File "/usr/local/lib/python3.12/site-packages/discord/client.py", line 465, in _run_event
    await coro(*args, **kwargs)
  File "/app/asu_discord/cogs/analytics.py", line 652, in on_member_update
    before_timeout = before.timed_out_until
                     ^^^^^^^^^^^^^^^^^^^^^^
AttributeError: 'Member' object has no attribute 'timed_out_until'
Ignoring exception in on_member_update
Traceback (most recent call last):
  File "/usr/local/lib/python3.12/site-packages/discord/client.py", line 465, in _run_event
    await coro(*args, **kwargs)
  File "/app/asu_discord/cogs/analytics.py", line 652, in on_member_update
    before_timeout = before.timed_out_until
                     ^^^^^^^^^^^^^^^^^^^^^^
AttributeError: 'Member' object has no attribute 'timed_out_until'
Ignoring exception in on_member_update
Traceback (most recent call last):
  File "/usr/local/lib/python3.12/site-packages/discord/client.py", line 465, in _run_event
    await coro(*args, **kwargs)
  File "/app/asu_discord/cogs/analytics.py", line 652, in on_member_update
    before_timeout = before.timed_out_until
                     ^^^^^^^^^^^^^^^^^^^^^^
AttributeError: 'Member' object has no attribute 'timed_out_until'
Ignoring exception in on_member_update
Traceback (most recent call last):
  File "/usr/local/lib/python3.12/site-packages/discord/client.py", line 465, in _run_event
    await coro(*args, **kwargs)
  File "/app/asu_discord/cogs/analytics.py", line 652, in on_member_update
    before_timeout = before.timed_out_until
                     ^^^^^^^^^^^^^^^^^^^^^^
AttributeError: 'Member' object has no attribute 'timed_out_until'
INFO:asu_discord.cogs.verification:Saved 6 roles to database for user prapada (Discord ID: 1452831825633349743)
INFO:asu_discord.cogs.verification:Refreshed Salesforce roles for Discord user 1452831825633349743: -4/+6 roles, assigned=[Arizona Resident, Commited, First Generation Student, First Year, Tempe, W.P. Carey School of Business]
Ignoring exception in on_member_update
Traceback (most recent call last):
  File "/usr/local/lib/python3.12/site-packages/discord/client.py", line 465, in _run_event
    await coro(*args, **kwargs)
  File "/app/asu_discord/cogs/analytics.py", line 652, in on_member_update
    before_timeout = before.timed_out_until
                     ^^^^^^^^^^^^^^^^^^^^^^
AttributeError: 'Member' object has no attribute 'timed_out_until'
Ignoring exception in on_member_update
Traceback (most recent call last):
  File "/usr/local/lib/python3.12/site-packages/discord/client.py", line 465, in _run_event
    await coro(*args, **kwargs)
  File "/app/asu_discord/cogs/analytics.py", line 652, in on_member_update
    before_timeout = before.timed_out_until
                     ^^^^^^^^^^^^^^^^^^^^^^
AttributeError: 'Member' object has no attribute 'timed_out_until'
Ignoring exception in on_member_update
Traceback (most recent call last):
  File "/usr/local/lib/python3.12/site-packages/discord/client.py", line 465, in _run_event
    await coro(*args, **kwargs)
  File "/app/asu_discord/cogs/analytics.py", line 652, in on_member_update
    before_timeout = before.timed_out_until
                     ^^^^^^^^^^^^^^^^^^^^^^
AttributeError: 'Member' object has no attribute 'timed_out_until'
Ignoring exception in on_member_update
Traceback (most recent call last):
  File "/usr/local/lib/python3.12/site-packages/discord/client.py", line 465, in _run_event
    await coro(*args, **kwargs)
  File "/app/asu_discord/cogs/analytics.py", line 652, in on_member_update
    before_timeout = before.timed_out_until
                     ^^^^^^^^^^^^^^^^^^^^^^
AttributeError: 'Member' object has no attribute 'timed_out_until'
Ignoring exception in on_member_update
Traceback (most recent call last):
  File "/usr/local/lib/python3.12/site-packages/discord/client.py", line 465, in _run_event
    await coro(*args, **kwargs)
  File "/app/asu_discord/cogs/analytics.py", line 652, in on_member_update
    before_timeout = before.timed_out_until
                     ^^^^^^^^^^^^^^^^^^^^^^
AttributeError: 'Member' object has no attribute 'timed_out_until'
Ignoring exception in on_member_update
Traceback (most recent call last):
  File "/usr/local/lib/python3.12/site-packages/discord/client.py", line 465, in _run_event
    await coro(*args, **kwargs)
  File "/app/asu_discord/cogs/analytics.py", line 652, in on_member_update
    before_timeout = before.timed_out_until
                     ^^^^^^^^^^^^^^^^^^^^^^
AttributeError: 'Member' object has no attribute 'timed_out_until'
Ignoring exception in on_member_update
Traceback (most recent call last):
  File "/usr/local/lib/python3.12/site-packages/discord/client.py", line 465, in _run_event
    await coro(*args, **kwargs)
  File "/app/asu_discord/cogs/analytics.py", line 652, in on_member_update
    before_timeout = before.timed_out_until
                     ^^^^^^^^^^^^^^^^^^^^^^
AttributeError: 'Member' object has no attribute 'timed_out_until'
Ignoring exception in on_member_update
Traceback (most recent call last):
  File "/usr/local/lib/python3.12/site-packages/discord/client.py", line 465, in _run_event
    await coro(*args, **kwargs)
  File "/app/asu_discord/cogs/analytics.py", line 652, in on_member_update
    before_timeout = before.timed_out_until
                     ^^^^^^^^^^^^^^^^^^^^^^
AttributeError: 'Member' object has no attribute 'timed_out_until'
Ignoring exception in on_member_update
Traceback (most recent call last):
  File "/usr/local/lib/python3.12/site-packages/discord/client.py", line 465, in _run_event
    await coro(*args, **kwargs)
  File "/app/asu_discord/cogs/analytics.py", line 652, in on_member_update
    before_timeout = before.timed_out_until
                     ^^^^^^^^^^^^^^^^^^^^^^
AttributeError: 'Member' object has no attribute 'timed_out_until'
Ignoring exception in on_member_update
Traceback (most recent call last):
  File "/usr/local/lib/python3.12/site-packages/discord/client.py", line 465, in _run_event
    await coro(*args, **kwargs)
  File "/app/asu_discord/cogs/analytics.py", line 652, in on_member_update
    before_timeout = before.timed_out_until
                     ^^^^^^^^^^^^^^^^^^^^^^
AttributeError: 'Member' object has no attribute 'timed_out_until'
INFO:asu_discord.cogs.verification:Saved 5 roles to database for user jsensenb (Discord ID: 1452807677746090121)
INFO:asu_discord.cogs.verification:Refreshed Salesforce roles for Discord user 1452807677746090121: -5/+5 roles, assigned=[College of Liberal Arts and Sciences, Commited, First Year, Out of State, Tempe]
Ignoring exception in on_member_update
Traceback (most recent call last):
  File "/usr/local/lib/python3.12/site-packages/discord/client.py", line 465, in _run_event
    await coro(*args, **kwargs)
  File "/app/asu_discord/cogs/analytics.py", line 652, in on_member_update
    before_timeout = before.timed_out_until
                     ^^^^^^^^^^^^^^^^^^^^^^
AttributeError: 'Member' object has no attribute 'timed_out_until'
Ignoring exception in on_member_update
Traceback (most recent call last):
  File "/usr/local/lib/python3.12/site-packages/discord/client.py", line 465, in _run_event
    await coro(*args, **kwargs)
  File "/app/asu_discord/cogs/analytics.py", line 652, in on_member_update
    before_timeout = before.timed_out_until
                     ^^^^^^^^^^^^^^^^^^^^^^
AttributeError: 'Member' object has no attribute 'timed_out_until'
Ignoring exception in on_member_update
Traceback (most recent call last):
  File "/usr/local/lib/python3.12/site-packages/discord/client.py", line 465, in _run_event
    await coro(*args, **kwargs)
  File "/app/asu_discord/cogs/analytics.py", line 652, in on_member_update
    before_timeout = before.timed_out_until
                     ^^^^^^^^^^^^^^^^^^^^^^
AttributeError: 'Member' object has no attribute 'timed_out_until'
Ignoring exception in on_member_update
Traceback (most recent call last):
  File "/usr/local/lib/python3.12/site-packages/discord/client.py", line 465, in _run_event
    await coro(*args, **kwargs)
  File "/app/asu_discord/cogs/analytics.py", line 652, in on_member_update
    before_timeout = before.timed_out_until
                     ^^^^^^^^^^^^^^^^^^^^^^
AttributeError: 'Member' object has no attribute 'timed_out_until'
Ignoring exception in on_member_update
Traceback (most recent call last):
  File "/usr/local/lib/python3.12/site-packages/discord/client.py", line 465, in _run_event
    await coro(*args, **kwargs)
  File "/app/asu_discord/cogs/analytics.py", line 652, in on_member_update
    before_timeout = before.timed_out_until
                     ^^^^^^^^^^^^^^^^^^^^^^
AttributeError: 'Member' object has no attribute 'timed_out_until'
Ignoring exception in on_member_update
Traceback (most recent call last):
  File "/usr/local/lib/python3.12/site-packages/discord/client.py", line 465, in _run_event
    await coro(*args, **kwargs)
  File "/app/asu_discord/cogs/analytics.py", line 652, in on_member_update
    before_timeout = before.timed_out_until
                     ^^^^^^^^^^^^^^^^^^^^^^
AttributeError: 'Member' object has no attribute 'timed_out_until'
Ignoring exception in on_member_update
Traceback (most recent call last):
  File "/usr/local/lib/python3.12/site-packages/discord/client.py", line 465, in _run_event
    await coro(*args, **kwargs)
  File "/app/asu_discord/cogs/analytics.py", line 652, in on_member_update
    before_timeout = before.timed_out_until
                     ^^^^^^^^^^^^^^^^^^^^^^
AttributeError: 'Member' object has no attribute 'timed_out_until'
Ignoring exception in on_member_update
Traceback (most recent call last):
  File "/usr/local/lib/python3.12/site-packages/discord/client.py", line 465, in _run_event
    await coro(*args, **kwargs)
  File "/app/asu_discord/cogs/analytics.py", line 652, in on_member_update
    before_timeout = before.timed_out_until
                     ^^^^^^^^^^^^^^^^^^^^^^
AttributeError: 'Member' object has no attribute 'timed_out_until'
Ignoring exception in on_member_update
Traceback (most recent call last):
  File "/usr/local/lib/python3.12/site-packages/discord/client.py", line 465, in _run_event
    await coro(*args, **kwargs)
  File "/app/asu_discord/cogs/analytics.py", line 652, in on_member_update
    before_timeout = before.timed_out_until
                     ^^^^^^^^^^^^^^^^^^^^^^
AttributeError: 'Member' object has no attribute 'timed_out_until'
Ignoring exception in on_member_update
Traceback (most recent call last):
  File "/usr/local/lib/python3.12/site-packages/discord/client.py", line 465, in _run_event
    await coro(*args, **kwargs)
  File "/app/asu_discord/cogs/analytics.py", line 652, in on_member_update
    before_timeout = before.timed_out_until
                     ^^^^^^^^^^^^^^^^^^^^^^
AttributeError: 'Member' object has no attribute 'timed_out_until'
INFO:asu_discord.cogs.verification:Saved 5 roles to database for user csanc193 (Discord ID: 575881532313567242)
INFO:asu_discord.cogs.verification:Refreshed Salesforce roles for Discord user 575881532313567242: -5/+5 roles, assigned=[Arizona Resident, Commited, First Year, Tempe, W.P. Carey School of Business]
ERROR:cron.jobs:refresh_salesforce_roles: failed for mmore127 (Discord ID 689283946303062100): Failed to refresh Salesforce-based roles: Discord user 689283946303062100 is not a member of the guild
Ignoring exception in on_member_update
Traceback (most recent call last):
  File "/usr/local/lib/python3.12/site-packages/discord/client.py", line 465, in _run_event
    await coro(*args, **kwargs)
  File "/app/asu_discord/cogs/analytics.py", line 652, in on_member_update
    before_timeout = before.timed_out_until
                     ^^^^^^^^^^^^^^^^^^^^^^
AttributeError: 'Member' object has no attribute 'timed_out_until'
Ignoring exception in on_member_update
Traceback (most recent call last):
  File "/usr/local/lib/python3.12/site-packages/discord/client.py", line 465, in _run_event
    await coro(*args, **kwargs)
  File "/app/asu_discord/cogs/analytics.py", line 652, in on_member_update
    before_timeout = before.timed_out_until
                     ^^^^^^^^^^^^^^^^^^^^^^
AttributeError: 'Member' object has no attribute 'timed_out_until'
Ignoring exception in on_member_update
Traceback (most recent call last):
  File "/usr/local/lib/python3.12/site-packages/discord/client.py", line 465, in _run_event
    await coro(*args, **kwargs)
  File "/app/asu_discord/cogs/analytics.py", line 652, in on_member_update
    before_timeout = before.timed_out_until
                     ^^^^^^^^^^^^^^^^^^^^^^
AttributeError: 'Member' object has no attribute 'timed_out_until'
Ignoring exception in on_member_update
Traceback (most recent call last):
  File "/usr/local/lib/python3.12/site-packages/discord/client.py", line 465, in _run_event
    await coro(*args, **kwargs)
  File "/app/asu_discord/cogs/analytics.py", line 652, in on_member_update
    before_timeout = before.timed_out_until
                     ^^^^^^^^^^^^^^^^^^^^^^
AttributeError: 'Member' object has no attribute 'timed_out_until'
Ignoring exception in on_member_update
Traceback (most recent call last):
  File "/usr/local/lib/python3.12/site-packages/discord/client.py", line 465, in _run_event
    await coro(*args, **kwargs)
  File "/app/asu_discord/cogs/analytics.py", line 652, in on_member_update
    before_timeout = before.timed_out_until
                     ^^^^^^^^^^^^^^^^^^^^^^
AttributeError: 'Member' object has no attribute 'timed_out_until'
Ignoring exception in on_member_update
Traceback (most recent call last):
  File "/usr/local/lib/python3.12/site-packages/discord/client.py", line 465, in _run_event
    await coro(*args, **kwargs)
  File "/app/asu_discord/cogs/analytics.py", line 652, in on_member_update
    before_timeout = before.timed_out_until
                     ^^^^^^^^^^^^^^^^^^^^^^
AttributeError: 'Member' object has no attribute 'timed_out_until'
Ignoring exception in on_member_update
Traceback (most recent call last):
  File "/usr/local/lib/python3.12/site-packages/discord/client.py", line 465, in _run_event
    await coro(*args, **kwargs)
  File "/app/asu_discord/cogs/analytics.py", line 652, in on_member_update
    before_timeout = before.timed_out_until
                     ^^^^^^^^^^^^^^^^^^^^^^
AttributeError: 'Member' object has no attribute 'timed_out_until'
Ignoring exception in on_member_update
Traceback (most recent call last):
  File "/usr/local/lib/python3.12/site-packages/discord/client.py", line 465, in _run_event
    await coro(*args, **kwargs)
  File "/app/asu_discord/cogs/analytics.py", line 652, in on_member_update
    before_timeout = before.timed_out_until
                     ^^^^^^^^^^^^^^^^^^^^^^
AttributeError: 'Member' object has no attribute 'timed_out_until'
INFO:asu_discord.cogs.verification:Saved 4 roles to database for user hling124 (Discord ID: 892938731999354911)
INFO:asu_discord.cogs.verification:Refreshed Salesforce roles for Discord user 892938731999354911: -4/+4 roles, assigned=[Arizona Resident, First Year, Ira A. Fulton Schools of Engineering, Tempe]
Ignoring exception in on_member_update
Traceback (most recent call last):
  File "/usr/local/lib/python3.12/site-packages/discord/client.py", line 465, in _run_event
    await coro(*args, **kwargs)
  File "/app/asu_discord/cogs/analytics.py", line 652, in on_member_update
    before_timeout = before.timed_out_until
                     ^^^^^^^^^^^^^^^^^^^^^^
AttributeError: 'Member' object has no attribute 'timed_out_until'
Ignoring exception in on_member_update
Traceback (most recent call last):
  File "/usr/local/lib/python3.12/site-packages/discord/client.py", line 465, in _run_event
    await coro(*args, **kwargs)
  File "/app/asu_discord/cogs/analytics.py", line 652, in on_member_update
    before_timeout = before.timed_out_until
                     ^^^^^^^^^^^^^^^^^^^^^^
AttributeError: 'Member' object has no attribute 'timed_out_until'
Ignoring exception in on_member_update
Traceback (most recent call last):
  File "/usr/local/lib/python3.12/site-packages/discord/client.py", line 465, in _run_event
    await coro(*args, **kwargs)
  File "/app/asu_discord/cogs/analytics.py", line 652, in on_member_update
    before_timeout = before.timed_out_until
                     ^^^^^^^^^^^^^^^^^^^^^^
AttributeError: 'Member' object has no attribute 'timed_out_until'
Ignoring exception in on_member_update
Traceback (most recent call last):
  File "/usr/local/lib/python3.12/site-packages/discord/client.py", line 465, in _run_event
    await coro(*args, **kwargs)
  File "/app/asu_discord/cogs/analytics.py", line 652, in on_member_update
    before_timeout = before.timed_out_until
                     ^^^^^^^^^^^^^^^^^^^^^^
AttributeError: 'Member' object has no attribute 'timed_out_until'
Ignoring exception in on_member_update
Traceback (most recent call last):
  File "/usr/local/lib/python3.12/site-packages/discord/client.py", line 465, in _run_event
    await coro(*args, **kwargs)
  File "/app/asu_discord/cogs/analytics.py", line 652, in on_member_update
    before_timeout = before.timed_out_until
                     ^^^^^^^^^^^^^^^^^^^^^^
AttributeError: 'Member' object has no attribute 'timed_out_until'
Ignoring exception in on_member_update
Traceback (most recent call last):
  File "/usr/local/lib/python3.12/site-packages/discord/client.py", line 465, in _run_event
    await coro(*args, **kwargs)
  File "/app/asu_discord/cogs/analytics.py", line 652, in on_member_update
    before_timeout = before.timed_out_until
                     ^^^^^^^^^^^^^^^^^^^^^^
AttributeError: 'Member' object has no attribute 'timed_out_until'
Ignoring exception in on_member_update
Traceback (most recent call last):
  File "/usr/local/lib/python3.12/site-packages/discord/client.py", line 465, in _run_event
    await coro(*args, **kwargs)
  File "/app/asu_discord/cogs/analytics.py", line 652, in on_member_update
    before_timeout = before.timed_out_until
                     ^^^^^^^^^^^^^^^^^^^^^^
AttributeError: 'Member' object has no attribute 'timed_out_until'
Ignoring exception in on_member_update
Traceback (most recent call last):
  File "/usr/local/lib/python3.12/site-packages/discord/client.py", line 465, in _run_event
    await coro(*args, **kwargs)
  File "/app/asu_discord/cogs/analytics.py", line 652, in on_member_update
    before_timeout = before.timed_out_until
                     ^^^^^^^^^^^^^^^^^^^^^^
AttributeError: 'Member' object has no attribute 'timed_out_until'
Ignoring exception in on_member_update
Traceback (most recent call last):
  File "/usr/local/lib/python3.12/site-packages/discord/client.py", line 465, in _run_event
    await coro(*args, **kwargs)
  File "/app/asu_discord/cogs/analytics.py", line 652, in on_member_update
    before_timeout = before.timed_out_until
                     ^^^^^^^^^^^^^^^^^^^^^^
AttributeError: 'Member' object has no attribute 'timed_out_until'
Ignoring exception in on_member_update
Traceback (most recent call last):
  File "/usr/local/lib/python3.12/site-packages/discord/client.py", line 465, in _run_event
    await coro(*args, **kwargs)
  File "/app/asu_discord/cogs/analytics.py", line 652, in on_member_update
    before_timeout = before.timed_out_until
                     ^^^^^^^^^^^^^^^^^^^^^^
AttributeError: 'Member' object has no attribute 'timed_out_until'
INFO:asu_discord.cogs.verification:Saved 5 roles to database for user bwahl12 (Discord ID: 472913309625221121)
INFO:asu_discord.cogs.verification:Refreshed Salesforce roles for Discord user 472913309625221121: -5/+5 roles, assigned=[Arizona Resident, Commited, First Year, Ira A. Fulton Schools of Engineering, Tempe]
Ignoring exception in on_member_update
Traceback (most recent call last):
  File "/usr/local/lib/python3.12/site-packages/discord/client.py", line 465, in _run_event
    await coro(*args, **kwargs)
  File "/app/asu_discord/cogs/analytics.py", line 652, in on_member_update
    before_timeout = before.timed_out_until
                     ^^^^^^^^^^^^^^^^^^^^^^
AttributeError: 'Member' object has no attribute 'timed_out_until'
Ignoring exception in on_member_update
Traceback (most recent call last):
  File "/usr/local/lib/python3.12/site-packages/discord/client.py", line 465, in _run_event
    await coro(*args, **kwargs)
  File "/app/asu_discord/cogs/analytics.py", line 652, in on_member_update
    before_timeout = before.timed_out_until
                     ^^^^^^^^^^^^^^^^^^^^^^
AttributeError: 'Member' object has no attribute 'timed_out_until'
Ignoring exception in on_member_update
Traceback (most recent call last):
  File "/usr/local/lib/python3.12/site-packages/discord/client.py", line 465, in _run_event
    await coro(*args, **kwargs)
  File "/app/asu_discord/cogs/analytics.py", line 652, in on_member_update
    before_timeout = before.timed_out_until
                     ^^^^^^^^^^^^^^^^^^^^^^
AttributeError: 'Member' object has no attribute 'timed_out_until'
Ignoring exception in on_member_update
Traceback (most recent call last):
  File "/usr/local/lib/python3.12/site-packages/discord/client.py", line 465, in _run_event
    await coro(*args, **kwargs)
  File "/app/asu_discord/cogs/analytics.py", line 652, in on_member_update
    before_timeout = before.timed_out_until
                     ^^^^^^^^^^^^^^^^^^^^^^
AttributeError: 'Member' object has no attribute 'timed_out_until'
Ignoring exception in on_member_update
Traceback (most recent call last):
  File "/usr/local/lib/python3.12/site-packages/discord/client.py", line 465, in _run_event
    await coro(*args, **kwargs)
  File "/app/asu_discord/cogs/analytics.py", line 652, in on_member_update
    before_timeout = before.timed_out_until
                     ^^^^^^^^^^^^^^^^^^^^^^
AttributeError: 'Member' object has no attribute 'timed_out_until'
Ignoring exception in on_member_update
Traceback (most recent call last):
  File "/usr/local/lib/python3.12/site-packages/discord/client.py", line 465, in _run_event
    await coro(*args, **kwargs)
  File "/app/asu_discord/cogs/analytics.py", line 652, in on_member_update
    before_timeout = before.timed_out_until
                     ^^^^^^^^^^^^^^^^^^^^^^
AttributeError: 'Member' object has no attribute 'timed_out_until'
Ignoring exception in on_member_update
Traceback (most recent call last):
  File "/usr/local/lib/python3.12/site-packages/discord/client.py", line 465, in _run_event
    await coro(*args, **kwargs)
  File "/app/asu_discord/cogs/analytics.py", line 652, in on_member_update
    before_timeout = before.timed_out_until
                     ^^^^^^^^^^^^^^^^^^^^^^
AttributeError: 'Member' object has no attribute 'timed_out_until'
Ignoring exception in on_member_update
Traceback (most recent call last):
  File "/usr/local/lib/python3.12/site-packages/discord/client.py", line 465, in _run_event
    await coro(*args, **kwargs)
  File "/app/asu_discord/cogs/analytics.py", line 652, in on_member_update
    before_timeout = before.timed_out_until
                     ^^^^^^^^^^^^^^^^^^^^^^
AttributeError: 'Member' object has no attribute 'timed_out_until'
INFO:asu_discord.cogs.verification:Saved 4 roles to database for user msmit553 (Discord ID: 653440561428168744)
INFO:asu_discord.cogs.verification:Refreshed Salesforce roles for Discord user 653440561428168744: -4/+4 roles, assigned=[Arizona Resident, College of Integrative Sciences and Arts, First Year, Polytechnic]
Ignoring exception in on_member_update
Traceback (most recent call last):
  File "/usr/local/lib/python3.12/site-packages/discord/client.py", line 465, in _run_event
    await coro(*args, **kwargs)
  File "/app/asu_discord/cogs/analytics.py", line 652, in on_member_update
    before_timeout = before.timed_out_until
                     ^^^^^^^^^^^^^^^^^^^^^^
AttributeError: 'Member' object has no attribute 'timed_out_until'
Ignoring exception in on_member_update
Traceback (most recent call last):
  File "/usr/local/lib/python3.12/site-packages/discord/client.py", line 465, in _run_event
    await coro(*args, **kwargs)
  File "/app/asu_discord/cogs/analytics.py", line 652, in on_member_update
    before_timeout = before.timed_out_until
                     ^^^^^^^^^^^^^^^^^^^^^^
AttributeError: 'Member' object has no attribute 'timed_out_until'
Ignoring exception in on_member_update
Traceback (most recent call last):
  File "/usr/local/lib/python3.12/site-packages/discord/client.py", line 465, in _run_event
    await coro(*args, **kwargs)
  File "/app/asu_discord/cogs/analytics.py", line 652, in on_member_update
    before_timeout = before.timed_out_until
                     ^^^^^^^^^^^^^^^^^^^^^^
AttributeError: 'Member' object has no attribute 'timed_out_until'
Ignoring exception in on_member_update
Traceback (most recent call last):
  File "/usr/local/lib/python3.12/site-packages/discord/client.py", line 465, in _run_event
    await coro(*args, **kwargs)
  File "/app/asu_discord/cogs/analytics.py", line 652, in on_member_update
    before_timeout = before.timed_out_until
                     ^^^^^^^^^^^^^^^^^^^^^^
AttributeError: 'Member' object has no attribute 'timed_out_until'
Ignoring exception in on_member_update
Traceback (most recent call last):
  File "/usr/local/lib/python3.12/site-packages/discord/client.py", line 465, in _run_event
    await coro(*args, **kwargs)
  File "/app/asu_discord/cogs/analytics.py", line 652, in on_member_update
    before_timeout = before.timed_out_until
                     ^^^^^^^^^^^^^^^^^^^^^^
AttributeError: 'Member' object has no attribute 'timed_out_until'
Ignoring exception in on_member_update
Traceback (most recent call last):
  File "/usr/local/lib/python3.12/site-packages/discord/client.py", line 465, in _run_event
    await coro(*args, **kwargs)
  File "/app/asu_discord/cogs/analytics.py", line 652, in on_member_update
    before_timeout = before.timed_out_until
                     ^^^^^^^^^^^^^^^^^^^^^^
AttributeError: 'Member' object has no attribute 'timed_out_until'
INFO:asu_discord.cogs.verification:Saved 3 roles to database for user acdenni4 (Discord ID: 1452962892289671303)
INFO:asu_discord.cogs.verification:Refreshed Salesforce roles for Discord user 1452962892289671303: -3/+3 roles, assigned=[Graduate Student, Ira A. Fulton Schools of Engineering, Online]
Ignoring exception in on_member_update
Traceback (most recent call last):
  File "/usr/local/lib/python3.12/site-packages/discord/client.py", line 465, in _run_event
    await coro(*args, **kwargs)
  File "/app/asu_discord/cogs/analytics.py", line 652, in on_member_update
    before_timeout = before.timed_out_until
                     ^^^^^^^^^^^^^^^^^^^^^^
AttributeError: 'Member' object has no attribute 'timed_out_until'
Ignoring exception in on_member_update
Traceback (most recent call last):
  File "/usr/local/lib/python3.12/site-packages/discord/client.py", line 465, in _run_event
    await coro(*args, **kwargs)
  File "/app/asu_discord/cogs/analytics.py", line 652, in on_member_update
    before_timeout = before.timed_out_until
                     ^^^^^^^^^^^^^^^^^^^^^^
AttributeError: 'Member' object has no attribute 'timed_out_until'
Ignoring exception in on_member_update
Traceback (most recent call last):
  File "/usr/local/lib/python3.12/site-packages/discord/client.py", line 465, in _run_event
    await coro(*args, **kwargs)
  File "/app/asu_discord/cogs/analytics.py", line 652, in on_member_update
    before_timeout = before.timed_out_until
                     ^^^^^^^^^^^^^^^^^^^^^^
AttributeError: 'Member' object has no attribute 'timed_out_until'
Ignoring exception in on_member_update
Traceback (most recent call last):
  File "/usr/local/lib/python3.12/site-packages/discord/client.py", line 465, in _run_event
    await coro(*args, **kwargs)
  File "/app/asu_discord/cogs/analytics.py", line 652, in on_member_update
    before_timeout = before.timed_out_until
                     ^^^^^^^^^^^^^^^^^^^^^^
AttributeError: 'Member' object has no attribute 'timed_out_until'
Ignoring exception in on_member_update
Traceback (most recent call last):
  File "/usr/local/lib/python3.12/site-packages/discord/client.py", line 465, in _run_event
    await coro(*args, **kwargs)
  File "/app/asu_discord/cogs/analytics.py", line 652, in on_member_update
    before_timeout = before.timed_out_until
                     ^^^^^^^^^^^^^^^^^^^^^^
AttributeError: 'Member' object has no attribute 'timed_out_until'
Ignoring exception in on_member_update
Traceback (most recent call last):
  File "/usr/local/lib/python3.12/site-packages/discord/client.py", line 465, in _run_event
    await coro(*args, **kwargs)
  File "/app/asu_discord/cogs/analytics.py", line 652, in on_member_update
    before_timeout = before.timed_out_until
                     ^^^^^^^^^^^^^^^^^^^^^^
AttributeError: 'Member' object has no attribute 'timed_out_until'
Ignoring exception in on_member_update
Traceback (most recent call last):
  File "/usr/local/lib/python3.12/site-packages/discord/client.py", line 465, in _run_event
    await coro(*args, **kwargs)
  File "/app/asu_discord/cogs/analytics.py", line 652, in on_member_update
    before_timeout = before.timed_out_until
                     ^^^^^^^^^^^^^^^^^^^^^^
AttributeError: 'Member' object has no attribute 'timed_out_until'
Ignoring exception in on_member_update
Traceback (most recent call last):
  File "/usr/local/lib/python3.12/site-packages/discord/client.py", line 465, in _run_event
    await coro(*args, **kwargs)
  File "/app/asu_discord/cogs/analytics.py", line 652, in on_member_update
    before_timeout = before.timed_out_until
                     ^^^^^^^^^^^^^^^^^^^^^^
AttributeError: 'Member' object has no attribute 'timed_out_until'
Ignoring exception in on_member_update
Traceback (most recent call last):
  File "/usr/local/lib/python3.12/site-packages/discord/client.py", line 465, in _run_event
    await coro(*args, **kwargs)
  File "/app/asu_discord/cogs/analytics.py", line 652, in on_member_update
    before_timeout = before.timed_out_until
                     ^^^^^^^^^^^^^^^^^^^^^^
AttributeError: 'Member' object has no attribute 'timed_out_until'
Ignoring exception in on_member_update
Traceback (most recent call last):
  File "/usr/local/lib/python3.12/site-packages/discord/client.py", line 465, in _run_event
    await coro(*args, **kwargs)
  File "/app/asu_discord/cogs/analytics.py", line 652, in on_member_update
    before_timeout = before.timed_out_until
                     ^^^^^^^^^^^^^^^^^^^^^^
AttributeError: 'Member' object has no attribute 'timed_out_until'
INFO:asu_discord.cogs.verification:Saved 5 roles to database for user mjvillag (Discord ID: 1243012078298599516)
INFO:asu_discord.cogs.verification:Refreshed Salesforce roles for Discord user 1243012078298599516: -5/+5 roles, assigned=[Arizona Resident, Downtown Phoenix, First Year, Herberger Institute for Design and the Arts, Upperclassmen]
ERROR:cron.jobs:refresh_salesforce_roles: failed for nsathis4 (Discord ID 757622205428531250): Failed to refresh Salesforce-based roles: Discord user 757622205428531250 is not a member of the guild
Ignoring exception in on_member_update
Traceback (most recent call last):
  File "/usr/local/lib/python3.12/site-packages/discord/client.py", line 465, in _run_event
    await coro(*args, **kwargs)
  File "/app/asu_discord/cogs/analytics.py", line 652, in on_member_update
    before_timeout = before.timed_out_until
                     ^^^^^^^^^^^^^^^^^^^^^^
AttributeError: 'Member' object has no attribute 'timed_out_until'
Ignoring exception in on_member_update
Traceback (most recent call last):
  File "/usr/local/lib/python3.12/site-packages/discord/client.py", line 465, in _run_event
    await coro(*args, **kwargs)
  File "/app/asu_discord/cogs/analytics.py", line 652, in on_member_update
    before_timeout = before.timed_out_until
                     ^^^^^^^^^^^^^^^^^^^^^^
AttributeError: 'Member' object has no attribute 'timed_out_until'
Ignoring exception in on_member_update
Traceback (most recent call last):
  File "/usr/local/lib/python3.12/site-packages/discord/client.py", line 465, in _run_event
    await coro(*args, **kwargs)
  File "/app/asu_discord/cogs/analytics.py", line 652, in on_member_update
    before_timeout = before.timed_out_until
                     ^^^^^^^^^^^^^^^^^^^^^^
AttributeError: 'Member' object has no attribute 'timed_out_until'
Ignoring exception in on_member_update
Traceback (most recent call last):
  File "/usr/local/lib/python3.12/site-packages/discord/client.py", line 465, in _run_event
    await coro(*args, **kwargs)
  File "/app/asu_discord/cogs/analytics.py", line 652, in on_member_update
    before_timeout = before.timed_out_until
                     ^^^^^^^^^^^^^^^^^^^^^^
AttributeError: 'Member' object has no attribute 'timed_out_until'
Ignoring exception in on_member_update
Traceback (most recent call last):
  File "/usr/local/lib/python3.12/site-packages/discord/client.py", line 465, in _run_event
    await coro(*args, **kwargs)
  File "/app/asu_discord/cogs/analytics.py", line 652, in on_member_update
    before_timeout = before.timed_out_until
                     ^^^^^^^^^^^^^^^^^^^^^^
AttributeError: 'Member' object has no attribute 'timed_out_until'
Ignoring exception in on_member_update
Traceback (most recent call last):
  File "/usr/local/lib/python3.12/site-packages/discord/client.py", line 465, in _run_event
    await coro(*args, **kwargs)
  File "/app/asu_discord/cogs/analytics.py", line 652, in on_member_update
    before_timeout = before.timed_out_until
                     ^^^^^^^^^^^^^^^^^^^^^^
AttributeError: 'Member' object has no attribute 'timed_out_until'
Ignoring exception in on_member_update
Traceback (most recent call last):
  File "/usr/local/lib/python3.12/site-packages/discord/client.py", line 465, in _run_event
    await coro(*args, **kwargs)
  File "/app/asu_discord/cogs/analytics.py", line 652, in on_member_update
    before_timeout = before.timed_out_until
                     ^^^^^^^^^^^^^^^^^^^^^^
AttributeError: 'Member' object has no attribute 'timed_out_until'
Ignoring exception in on_member_update
Traceback (most recent call last):
  File "/usr/local/lib/python3.12/site-packages/discord/client.py", line 465, in _run_event
    await coro(*args, **kwargs)
  File "/app/asu_discord/cogs/analytics.py", line 652, in on_member_update
    before_timeout = before.timed_out_until
                     ^^^^^^^^^^^^^^^^^^^^^^
AttributeError: 'Member' object has no attribute 'timed_out_until'
Ignoring exception in on_member_update
Traceback (most recent call last):
  File "/usr/local/lib/python3.12/site-packages/discord/client.py", line 465, in _run_event
    await coro(*args, **kwargs)
  File "/app/asu_discord/cogs/analytics.py", line 652, in on_member_update
    before_timeout = before.timed_out_until
                     ^^^^^^^^^^^^^^^^^^^^^^
AttributeError: 'Member' object has no attribute 'timed_out_until'
Ignoring exception in on_member_update
Traceback (most recent call last):
  File "/usr/local/lib/python3.12/site-packages/discord/client.py", line 465, in _run_event
    await coro(*args, **kwargs)
  File "/app/asu_discord/cogs/analytics.py", line 652, in on_member_update
    before_timeout = before.timed_out_until
                     ^^^^^^^^^^^^^^^^^^^^^^
AttributeError: 'Member' object has no attribute 'timed_out_until'
Ignoring exception in on_member_update
Traceback (most recent call last):
  File "/usr/local/lib/python3.12/site-packages/discord/client.py", line 465, in _run_event
    await coro(*args, **kwargs)
  File "/app/asu_discord/cogs/analytics.py", line 652, in on_member_update
    before_timeout = before.timed_out_until
                     ^^^^^^^^^^^^^^^^^^^^^^
AttributeError: 'Member' object has no attribute 'timed_out_until'
Ignoring exception in on_member_update
Traceback (most recent call last):
  File "/usr/local/lib/python3.12/site-packages/discord/client.py", line 465, in _run_event
    await coro(*args, **kwargs)
  File "/app/asu_discord/cogs/analytics.py", line 652, in on_member_update
    before_timeout = before.timed_out_until
                     ^^^^^^^^^^^^^^^^^^^^^^
AttributeError: 'Member' object has no attribute 'timed_out_until'
INFO:asu_discord.cogs.verification:Saved 6 roles to database for user bszolga (Discord ID: 482239969616986112)
INFO:asu_discord.cogs.verification:Refreshed Salesforce roles for Discord user 482239969616986112: -6/+6 roles, assigned=[Commited, Downtown Phoenix, First Generation Student, Graduate Student, International Student, Walter Cronkite School of Journalism and Mass Communication]
Ignoring exception in on_member_update
Traceback (most recent call last):
  File "/usr/local/lib/python3.12/site-packages/discord/client.py", line 465, in _run_event
    await coro(*args, **kwargs)
  File "/app/asu_discord/cogs/analytics.py", line 652, in on_member_update
    before_timeout = before.timed_out_until
                     ^^^^^^^^^^^^^^^^^^^^^^
AttributeError: 'Member' object has no attribute 'timed_out_until'
Ignoring exception in on_member_update
Traceback (most recent call last):
  File "/usr/local/lib/python3.12/site-packages/discord/client.py", line 465, in _run_event
    await coro(*args, **kwargs)
  File "/app/asu_discord/cogs/analytics.py", line 652, in on_member_update
    before_timeout = before.timed_out_until
                     ^^^^^^^^^^^^^^^^^^^^^^
AttributeError: 'Member' object has no attribute 'timed_out_until'
Ignoring exception in on_member_update
Traceback (most recent call last):
  File "/usr/local/lib/python3.12/site-packages/discord/client.py", line 465, in _run_event
    await coro(*args, **kwargs)
  File "/app/asu_discord/cogs/analytics.py", line 652, in on_member_update
    before_timeout = before.timed_out_until
                     ^^^^^^^^^^^^^^^^^^^^^^
AttributeError: 'Member' object has no attribute 'timed_out_until'
Ignoring exception in on_member_update
Traceback (most recent call last):
  File "/usr/local/lib/python3.12/site-packages/discord/client.py", line 465, in _run_event
    await coro(*args, **kwargs)
  File "/app/asu_discord/cogs/analytics.py", line 652, in on_member_update
    before_timeout = before.timed_out_until
                     ^^^^^^^^^^^^^^^^^^^^^^
AttributeError: 'Member' object has no attribute 'timed_out_until'
Ignoring exception in on_member_update
Traceback (most recent call last):
  File "/usr/local/lib/python3.12/site-packages/discord/client.py", line 465, in _run_event
    await coro(*args, **kwargs)
  File "/app/asu_discord/cogs/analytics.py", line 652, in on_member_update
    before_timeout = before.timed_out_until
                     ^^^^^^^^^^^^^^^^^^^^^^
AttributeError: 'Member' object has no attribute 'timed_out_until'
Ignoring exception in on_member_update
Traceback (most recent call last):
  File "/usr/local/lib/python3.12/site-packages/discord/client.py", line 465, in _run_event
    await coro(*args, **kwargs)
  File "/app/asu_discord/cogs/analytics.py", line 652, in on_member_update
    before_timeout = before.timed_out_until
                     ^^^^^^^^^^^^^^^^^^^^^^
AttributeError: 'Member' object has no attribute 'timed_out_until'
Ignoring exception in on_member_update
Traceback (most recent call last):
  File "/usr/local/lib/python3.12/site-packages/discord/client.py", line 465, in _run_event
    await coro(*args, **kwargs)
  File "/app/asu_discord/cogs/analytics.py", line 652, in on_member_update
    before_timeout = before.timed_out_until
                     ^^^^^^^^^^^^^^^^^^^^^^
AttributeError: 'Member' object has no attribute 'timed_out_until'
Ignoring exception in on_member_update
Traceback (most recent call last):
  File "/usr/local/lib/python3.12/site-packages/discord/client.py", line 465, in _run_event
    await coro(*args, **kwargs)
  File "/app/asu_discord/cogs/analytics.py", line 652, in on_member_update
    before_timeout = before.timed_out_until
                     ^^^^^^^^^^^^^^^^^^^^^^
AttributeError: 'Member' object has no attribute 'timed_out_until'
Ignoring exception in on_member_update
Traceback (most recent call last):
  File "/usr/local/lib/python3.12/site-packages/discord/client.py", line 465, in _run_event
    await coro(*args, **kwargs)
  File "/app/asu_discord/cogs/analytics.py", line 652, in on_member_update
    before_timeout = before.timed_out_until
                     ^^^^^^^^^^^^^^^^^^^^^^
AttributeError: 'Member' object has no attribute 'timed_out_until'
Ignoring exception in on_member_update
Traceback (most recent call last):
  File "/usr/local/lib/python3.12/site-packages/discord/client.py", line 465, in _run_event
    await coro(*args, **kwargs)
  File "/app/asu_discord/cogs/analytics.py", line 652, in on_member_update
    before_timeout = before.timed_out_until
                     ^^^^^^^^^^^^^^^^^^^^^^
AttributeError: 'Member' object has no attribute 'timed_out_until'
INFO:asu_discord.cogs.verification:Saved 5 roles to database for user jconwel4 (Discord ID: 1452981687901360321)
INFO:asu_discord.cogs.verification:Refreshed Salesforce roles for Discord user 1452981687901360321: -5/+5 roles, assigned=[College of Health Solutions, Commited, Downtown Phoenix, Graduate Student, Out of State]
Ignoring exception in on_member_update
Traceback (most recent call last):
  File "/usr/local/lib/python3.12/site-packages/discord/client.py", line 465, in _run_event
    await coro(*args, **kwargs)
  File "/app/asu_discord/cogs/analytics.py", line 652, in on_member_update
    before_timeout = before.timed_out_until
                     ^^^^^^^^^^^^^^^^^^^^^^
AttributeError: 'Member' object has no attribute 'timed_out_until'
Ignoring exception in on_member_update
Traceback (most recent call last):
  File "/usr/local/lib/python3.12/site-packages/discord/client.py", line 465, in _run_event
    await coro(*args, **kwargs)
  File "/app/asu_discord/cogs/analytics.py", line 652, in on_member_update
    before_timeout = before.timed_out_until
                     ^^^^^^^^^^^^^^^^^^^^^^
AttributeError: 'Member' object has no attribute 'timed_out_until'
Ignoring exception in on_member_update
Traceback (most recent call last):
  File "/usr/local/lib/python3.12/site-packages/discord/client.py", line 465, in _run_event
    await coro(*args, **kwargs)
  File "/app/asu_discord/cogs/analytics.py", line 652, in on_member_update
    before_timeout = before.timed_out_until
                     ^^^^^^^^^^^^^^^^^^^^^^
AttributeError: 'Member' object has no attribute 'timed_out_until'
Ignoring exception in on_member_update
Traceback (most recent call last):
  File "/usr/local/lib/python3.12/site-packages/discord/client.py", line 465, in _run_event
    await coro(*args, **kwargs)
  File "/app/asu_discord/cogs/analytics.py", line 652, in on_member_update
    before_timeout = before.timed_out_until
                     ^^^^^^^^^^^^^^^^^^^^^^
AttributeError: 'Member' object has no attribute 'timed_out_until'
Ignoring exception in on_member_update
Traceback (most recent call last):
  File "/usr/local/lib/python3.12/site-packages/discord/client.py", line 465, in _run_event
    await coro(*args, **kwargs)
  File "/app/asu_discord/cogs/analytics.py", line 652, in on_member_update
    before_timeout = before.timed_out_until
                     ^^^^^^^^^^^^^^^^^^^^^^
AttributeError: 'Member' object has no attribute 'timed_out_until'
Ignoring exception in on_member_update
Traceback (most recent call last):
  File "/usr/local/lib/python3.12/site-packages/discord/client.py", line 465, in _run_event
    await coro(*args, **kwargs)
  File "/app/asu_discord/cogs/analytics.py", line 652, in on_member_update
    before_timeout = before.timed_out_until
                     ^^^^^^^^^^^^^^^^^^^^^^
AttributeError: 'Member' object has no attribute 'timed_out_until'
Ignoring exception in on_member_update
Traceback (most recent call last):
  File "/usr/local/lib/python3.12/site-packages/discord/client.py", line 465, in _run_event
    await coro(*args, **kwargs)
  File "/app/asu_discord/cogs/analytics.py", line 652, in on_member_update
    before_timeout = before.timed_out_until
                     ^^^^^^^^^^^^^^^^^^^^^^
AttributeError: 'Member' object has no attribute 'timed_out_until'
Ignoring exception in on_member_update
Traceback (most recent call last):
  File "/usr/local/lib/python3.12/site-packages/discord/client.py", line 465, in _run_event
    await coro(*args, **kwargs)
  File "/app/asu_discord/cogs/analytics.py", line 652, in on_member_update
    before_timeout = before.timed_out_until
                     ^^^^^^^^^^^^^^^^^^^^^^
AttributeError: 'Member' object has no attribute 'timed_out_until'
Ignoring exception in on_member_update
Traceback (most recent call last):
  File "/usr/local/lib/python3.12/site-packages/discord/client.py", line 465, in _run_event
    await coro(*args, **kwargs)
  File "/app/asu_discord/cogs/analytics.py", line 652, in on_member_update
    before_timeout = before.timed_out_until
                     ^^^^^^^^^^^^^^^^^^^^^^
AttributeError: 'Member' object has no attribute 'timed_out_until'
INFO:asu_discord.cogs.verification:Saved 5 roles to database for user yountaek (Discord ID: 1453069584306278473)
INFO:asu_discord.cogs.verification:Refreshed Salesforce roles for Discord user 1453069584306278473: -4/+5 roles, assigned=[Commited, Graduate Student, International Student, Ira A. Fulton Schools of Engineering, Tempe]
Ignoring exception in on_member_update
Traceback (most recent call last):
  File "/usr/local/lib/python3.12/site-packages/discord/client.py", line 465, in _run_event
    await coro(*args, **kwargs)
  File "/app/asu_discord/cogs/analytics.py", line 652, in on_member_update
    before_timeout = before.timed_out_until
                     ^^^^^^^^^^^^^^^^^^^^^^
AttributeError: 'Member' object has no attribute 'timed_out_until'
Ignoring exception in on_member_update
Traceback (most recent call last):
  File "/usr/local/lib/python3.12/site-packages/discord/client.py", line 465, in _run_event
    await coro(*args, **kwargs)
  File "/app/asu_discord/cogs/analytics.py", line 652, in on_member_update
    before_timeout = before.timed_out_until
                     ^^^^^^^^^^^^^^^^^^^^^^
AttributeError: 'Member' object has no attribute 'timed_out_until'
Ignoring exception in on_member_update
Traceback (most recent call last):
  File "/usr/local/lib/python3.12/site-packages/discord/client.py", line 465, in _run_event
    await coro(*args, **kwargs)
  File "/app/asu_discord/cogs/analytics.py", line 652, in on_member_update
    before_timeout = before.timed_out_until
                     ^^^^^^^^^^^^^^^^^^^^^^
AttributeError: 'Member' object has no attribute 'timed_out_until'
Ignoring exception in on_member_update
Traceback (most recent call last):
  File "/usr/local/lib/python3.12/site-packages/discord/client.py", line 465, in _run_event
    await coro(*args, **kwargs)
  File "/app/asu_discord/cogs/analytics.py", line 652, in on_member_update
    before_timeout = before.timed_out_until
                     ^^^^^^^^^^^^^^^^^^^^^^
AttributeError: 'Member' object has no attribute 'timed_out_until'
Ignoring exception in on_member_update
Traceback (most recent call last):
  File "/usr/local/lib/python3.12/site-packages/discord/client.py", line 465, in _run_event
    await coro(*args, **kwargs)
  File "/app/asu_discord/cogs/analytics.py", line 652, in on_member_update
    before_timeout = before.timed_out_until
                     ^^^^^^^^^^^^^^^^^^^^^^
AttributeError: 'Member' object has no attribute 'timed_out_until'
Ignoring exception in on_member_update
Traceback (most recent call last):
  File "/usr/local/lib/python3.12/site-packages/discord/client.py", line 465, in _run_event
    await coro(*args, **kwargs)
  File "/app/asu_discord/cogs/analytics.py", line 652, in on_member_update
    before_timeout = before.timed_out_until
                     ^^^^^^^^^^^^^^^^^^^^^^
AttributeError: 'Member' object has no attribute 'timed_out_until'
Ignoring exception in on_member_update
Traceback (most recent call last):
  File "/usr/local/lib/python3.12/site-packages/discord/client.py", line 465, in _run_event
    await coro(*args, **kwargs)
  File "/app/asu_discord/cogs/analytics.py", line 652, in on_member_update
    before_timeout = before.timed_out_until
                     ^^^^^^^^^^^^^^^^^^^^^^
AttributeError: 'Member' object has no attribute 'timed_out_until'
Ignoring exception in on_member_update
Traceback (most recent call last):
  File "/usr/local/lib/python3.12/site-packages/discord/client.py", line 465, in _run_event
    await coro(*args, **kwargs)
  File "/app/asu_discord/cogs/analytics.py", line 652, in on_member_update
    before_timeout = before.timed_out_until
                     ^^^^^^^^^^^^^^^^^^^^^^
AttributeError: 'Member' object has no attribute 'timed_out_until'
Ignoring exception in on_member_update
Traceback (most recent call last):
  File "/usr/local/lib/python3.12/site-packages/discord/client.py", line 465, in _run_event
    await coro(*args, **kwargs)
  File "/app/asu_discord/cogs/analytics.py", line 652, in on_member_update
    before_timeout = before.timed_out_until
                     ^^^^^^^^^^^^^^^^^^^^^^
AttributeError: 'Member' object has no attribute 'timed_out_until'
Ignoring exception in on_member_update
Traceback (most recent call last):
  File "/usr/local/lib/python3.12/site-packages/discord/client.py", line 465, in _run_event
    await coro(*args, **kwargs)
  File "/app/asu_discord/cogs/analytics.py", line 652, in on_member_update
    before_timeout = before.timed_out_until
                     ^^^^^^^^^^^^^^^^^^^^^^
AttributeError: 'Member' object has no attribute 'timed_out_until'
INFO:asu_discord.cogs.verification:Saved 5 roles to database for user srrami16 (Discord ID: 661368212256194560)
INFO:asu_discord.cogs.verification:Refreshed Salesforce roles for Discord user 661368212256194560: -5/+5 roles, assigned=[Arizona Resident, Commited, First Year, Ira A. Fulton Schools of Engineering, Tempe]
Ignoring exception in on_member_update
Traceback (most recent call last):
  File "/usr/local/lib/python3.12/site-packages/discord/client.py", line 465, in _run_event
    await coro(*args, **kwargs)
  File "/app/asu_discord/cogs/analytics.py", line 652, in on_member_update
    before_timeout = before.timed_out_until
                     ^^^^^^^^^^^^^^^^^^^^^^
AttributeError: 'Member' object has no attribute 'timed_out_until'
Ignoring exception in on_member_update
Traceback (most recent call last):
  File "/usr/local/lib/python3.12/site-packages/discord/client.py", line 465, in _run_event
    await coro(*args, **kwargs)
  File "/app/asu_discord/cogs/analytics.py", line 652, in on_member_update
    before_timeout = before.timed_out_until
                     ^^^^^^^^^^^^^^^^^^^^^^
AttributeError: 'Member' object has no attribute 'timed_out_until'
Ignoring exception in on_member_update
Traceback (most recent call last):
  File "/usr/local/lib/python3.12/site-packages/discord/client.py", line 465, in _run_event
    await coro(*args, **kwargs)
  File "/app/asu_discord/cogs/analytics.py", line 652, in on_member_update
    before_timeout = before.timed_out_until
                     ^^^^^^^^^^^^^^^^^^^^^^
AttributeError: 'Member' object has no attribute 'timed_out_until'
Ignoring exception in on_member_update
Traceback (most recent call last):
  File "/usr/local/lib/python3.12/site-packages/discord/client.py", line 465, in _run_event
    await coro(*args, **kwargs)
  File "/app/asu_discord/cogs/analytics.py", line 652, in on_member_update
    before_timeout = before.timed_out_until
                     ^^^^^^^^^^^^^^^^^^^^^^
AttributeError: 'Member' object has no attribute 'timed_out_until'
Ignoring exception in on_member_update
Traceback (most recent call last):
  File "/usr/local/lib/python3.12/site-packages/discord/client.py", line 465, in _run_event
    await coro(*args, **kwargs)
  File "/app/asu_discord/cogs/analytics.py", line 652, in on_member_update
    before_timeout = before.timed_out_until
                     ^^^^^^^^^^^^^^^^^^^^^^
AttributeError: 'Member' object has no attribute 'timed_out_until'
Ignoring exception in on_member_update
Traceback (most recent call last):
  File "/usr/local/lib/python3.12/site-packages/discord/client.py", line 465, in _run_event
    await coro(*args, **kwargs)
  File "/app/asu_discord/cogs/analytics.py", line 652, in on_member_update
    before_timeout = before.timed_out_until
                     ^^^^^^^^^^^^^^^^^^^^^^
AttributeError: 'Member' object has no attribute 'timed_out_until'
Ignoring exception in on_member_update
Traceback (most recent call last):
  File "/usr/local/lib/python3.12/site-packages/discord/client.py", line 465, in _run_event
    await coro(*args, **kwargs)
  File "/app/asu_discord/cogs/analytics.py", line 652, in on_member_update
    before_timeout = before.timed_out_until
                     ^^^^^^^^^^^^^^^^^^^^^^
AttributeError: 'Member' object has no attribute 'timed_out_until'
Ignoring exception in on_member_update
Traceback (most recent call last):
  File "/usr/local/lib/python3.12/site-packages/discord/client.py", line 465, in _run_event
    await coro(*args, **kwargs)
  File "/app/asu_discord/cogs/analytics.py", line 652, in on_member_update
    before_timeout = before.timed_out_until
                     ^^^^^^^^^^^^^^^^^^^^^^
AttributeError: 'Member' object has no attribute 'timed_out_until'
Ignoring exception in on_member_update
Traceback (most recent call last):
  File "/usr/local/lib/python3.12/site-packages/discord/client.py", line 465, in _run_event
    await coro(*args, **kwargs)
  File "/app/asu_discord/cogs/analytics.py", line 652, in on_member_update
    before_timeout = before.timed_out_until
                     ^^^^^^^^^^^^^^^^^^^^^^
AttributeError: 'Member' object has no attribute 'timed_out_until'
INFO:asu_discord.cogs.verification:Saved 5 roles to database for user jsivley1 (Discord ID: 1431881667454435388)
INFO:asu_discord.cogs.verification:Refreshed Salesforce roles for Discord user 1431881667454435388: -4/+5 roles, assigned=[Arizona Resident, Commited, First Year, Tempe, W.P. Carey School of Business]
Ignoring exception in on_member_update
Traceback (most recent call last):
  File "/usr/local/lib/python3.12/site-packages/discord/client.py", line 465, in _run_event
    await coro(*args, **kwargs)
  File "/app/asu_discord/cogs/analytics.py", line 652, in on_member_update
    before_timeout = before.timed_out_until
                     ^^^^^^^^^^^^^^^^^^^^^^
AttributeError: 'Member' object has no attribute 'timed_out_until'
Ignoring exception in on_member_update
Traceback (most recent call last):
  File "/usr/local/lib/python3.12/site-packages/discord/client.py", line 465, in _run_event
    await coro(*args, **kwargs)
  File "/app/asu_discord/cogs/analytics.py", line 652, in on_member_update
    before_timeout = before.timed_out_until
                     ^^^^^^^^^^^^^^^^^^^^^^
AttributeError: 'Member' object has no attribute 'timed_out_until'
Ignoring exception in on_member_update
Traceback (most recent call last):
  File "/usr/local/lib/python3.12/site-packages/discord/client.py", line 465, in _run_event
    await coro(*args, **kwargs)
  File "/app/asu_discord/cogs/analytics.py", line 652, in on_member_update
    before_timeout = before.timed_out_until
                     ^^^^^^^^^^^^^^^^^^^^^^
AttributeError: 'Member' object has no attribute 'timed_out_until'
Ignoring exception in on_member_update
Traceback (most recent call last):
  File "/usr/local/lib/python3.12/site-packages/discord/client.py", line 465, in _run_event
    await coro(*args, **kwargs)
  File "/app/asu_discord/cogs/analytics.py", line 652, in on_member_update
    before_timeout = before.timed_out_until
                     ^^^^^^^^^^^^^^^^^^^^^^
AttributeError: 'Member' object has no attribute 'timed_out_until'
Ignoring exception in on_member_update
Traceback (most recent call last):
  File "/usr/local/lib/python3.12/site-packages/discord/client.py", line 465, in _run_event
    await coro(*args, **kwargs)
  File "/app/asu_discord/cogs/analytics.py", line 652, in on_member_update
    before_timeout = before.timed_out_until
                     ^^^^^^^^^^^^^^^^^^^^^^
AttributeError: 'Member' object has no attribute 'timed_out_until'
Ignoring exception in on_member_update
Traceback (most recent call last):
  File "/usr/local/lib/python3.12/site-packages/discord/client.py", line 465, in _run_event
    await coro(*args, **kwargs)
  File "/app/asu_discord/cogs/analytics.py", line 652, in on_member_update
    before_timeout = before.timed_out_until
                     ^^^^^^^^^^^^^^^^^^^^^^
AttributeError: 'Member' object has no attribute 'timed_out_until'
Ignoring exception in on_member_update
Traceback (most recent call last):
  File "/usr/local/lib/python3.12/site-packages/discord/client.py", line 465, in _run_event
    await coro(*args, **kwargs)
  File "/app/asu_discord/cogs/analytics.py", line 652, in on_member_update
    before_timeout = before.timed_out_until
                     ^^^^^^^^^^^^^^^^^^^^^^
AttributeError: 'Member' object has no attribute 'timed_out_until'
Ignoring exception in on_member_update
Traceback (most recent call last):
  File "/usr/local/lib/python3.12/site-packages/discord/client.py", line 465, in _run_event
    await coro(*args, **kwargs)
  File "/app/asu_discord/cogs/analytics.py", line 652, in on_member_update
    before_timeout = before.timed_out_until
                     ^^^^^^^^^^^^^^^^^^^^^^
AttributeError: 'Member' object has no attribute 'timed_out_until'
Ignoring exception in on_member_update
Traceback (most recent call last):
  File "/usr/local/lib/python3.12/site-packages/discord/client.py", line 465, in _run_event
    await coro(*args, **kwargs)
  File "/app/asu_discord/cogs/analytics.py", line 652, in on_member_update
    before_timeout = before.timed_out_until
                     ^^^^^^^^^^^^^^^^^^^^^^
AttributeError: 'Member' object has no attribute 'timed_out_until'
Ignoring exception in on_member_update
Traceback (most recent call last):
  File "/usr/local/lib/python3.12/site-packages/discord/client.py", line 465, in _run_event
    await coro(*args, **kwargs)
  File "/app/asu_discord/cogs/analytics.py", line 652, in on_member_update
    before_timeout = before.timed_out_until
                     ^^^^^^^^^^^^^^^^^^^^^^
AttributeError: 'Member' object has no attribute 'timed_out_until'
INFO:asu_discord.cogs.verification:Saved 5 roles to database for user asellio1 (Discord ID: 1509720738763112552)
INFO:asu_discord.cogs.verification:Refreshed Salesforce roles for Discord user 1509720738763112552: -5/+5 roles, assigned=[Commited, First Year, New College of Interdisciplinary Arts and Sciences, Out of State, West Valley]
Ignoring exception in on_member_update
Traceback (most recent call last):
  File "/usr/local/lib/python3.12/site-packages/discord/client.py", line 465, in _run_event
    await coro(*args, **kwargs)
  File "/app/asu_discord/cogs/analytics.py", line 652, in on_member_update
    before_timeout = before.timed_out_until
                     ^^^^^^^^^^^^^^^^^^^^^^
AttributeError: 'Member' object has no attribute 'timed_out_until'
Ignoring exception in on_member_update
Traceback (most recent call last):
  File "/usr/local/lib/python3.12/site-packages/discord/client.py", line 465, in _run_event
    await coro(*args, **kwargs)
  File "/app/asu_discord/cogs/analytics.py", line 652, in on_member_update
    before_timeout = before.timed_out_until
                     ^^^^^^^^^^^^^^^^^^^^^^
AttributeError: 'Member' object has no attribute 'timed_out_until'
Ignoring exception in on_member_update
Traceback (most recent call last):
  File "/usr/local/lib/python3.12/site-packages/discord/client.py", line 465, in _run_event
    await coro(*args, **kwargs)
  File "/app/asu_discord/cogs/analytics.py", line 652, in on_member_update
    before_timeout = before.timed_out_until
                     ^^^^^^^^^^^^^^^^^^^^^^
AttributeError: 'Member' object has no attribute 'timed_out_until'
Ignoring exception in on_member_update
Traceback (most recent call last):
  File "/usr/local/lib/python3.12/site-packages/discord/client.py", line 465, in _run_event
    await coro(*args, **kwargs)
  File "/app/asu_discord/cogs/analytics.py", line 652, in on_member_update
    before_timeout = before.timed_out_until
                     ^^^^^^^^^^^^^^^^^^^^^^
AttributeError: 'Member' object has no attribute 'timed_out_until'
Ignoring exception in on_member_update
Traceback (most recent call last):
  File "/usr/local/lib/python3.12/site-packages/discord/client.py", line 465, in _run_event
    await coro(*args, **kwargs)
  File "/app/asu_discord/cogs/analytics.py", line 652, in on_member_update
    before_timeout = before.timed_out_until
                     ^^^^^^^^^^^^^^^^^^^^^^
AttributeError: 'Member' object has no attribute 'timed_out_until'
Ignoring exception in on_member_update
Traceback (most recent call last):
  File "/usr/local/lib/python3.12/site-packages/discord/client.py", line 465, in _run_event
    await coro(*args, **kwargs)
  File "/app/asu_discord/cogs/analytics.py", line 652, in on_member_update
    before_timeout = before.timed_out_until
                     ^^^^^^^^^^^^^^^^^^^^^^
AttributeError: 'Member' object has no attribute 'timed_out_until'
Ignoring exception in on_member_update
Traceback (most recent call last):
  File "/usr/local/lib/python3.12/site-packages/discord/client.py", line 465, in _run_event
    await coro(*args, **kwargs)
  File "/app/asu_discord/cogs/analytics.py", line 652, in on_member_update
    before_timeout = before.timed_out_until
                     ^^^^^^^^^^^^^^^^^^^^^^
AttributeError: 'Member' object has no attribute 'timed_out_until'
Ignoring exception in on_member_update
Traceback (most recent call last):
  File "/usr/local/lib/python3.12/site-packages/discord/client.py", line 465, in _run_event
    await coro(*args, **kwargs)
  File "/app/asu_discord/cogs/analytics.py", line 652, in on_member_update
    before_timeout = before.timed_out_until
                     ^^^^^^^^^^^^^^^^^^^^^^
AttributeError: 'Member' object has no attribute 'timed_out_until'
Ignoring exception in on_member_update
Traceback (most recent call last):
  File "/usr/local/lib/python3.12/site-packages/discord/client.py", line 465, in _run_event
    await coro(*args, **kwargs)
  File "/app/asu_discord/cogs/analytics.py", line 652, in on_member_update
    before_timeout = before.timed_out_until
                     ^^^^^^^^^^^^^^^^^^^^^^
AttributeError: 'Member' object has no attribute 'timed_out_until'
Ignoring exception in on_member_update
Traceback (most recent call last):
  File "/usr/local/lib/python3.12/site-packages/discord/client.py", line 465, in _run_event
    await coro(*args, **kwargs)
  File "/app/asu_discord/cogs/analytics.py", line 652, in on_member_update
    before_timeout = before.timed_out_until
                     ^^^^^^^^^^^^^^^^^^^^^^
AttributeError: 'Member' object has no attribute 'timed_out_until'
Ignoring exception in on_member_update
Traceback (most recent call last):
  File "/usr/local/lib/python3.12/site-packages/discord/client.py", line 465, in _run_event
    await coro(*args, **kwargs)
  File "/app/asu_discord/cogs/analytics.py", line 652, in on_member_update
    before_timeout = before.timed_out_until
                     ^^^^^^^^^^^^^^^^^^^^^^
AttributeError: 'Member' object has no attribute 'timed_out_until'
Ignoring exception in on_member_update
Traceback (most recent call last):
  File "/usr/local/lib/python3.12/site-packages/discord/client.py", line 465, in _run_event
    await coro(*args, **kwargs)
  File "/app/asu_discord/cogs/analytics.py", line 652, in on_member_update
    before_timeout = before.timed_out_until
                     ^^^^^^^^^^^^^^^^^^^^^^
AttributeError: 'Member' object has no attribute 'timed_out_until'
ERROR:cron.jobs:refresh_salesforce_roles: failed for cmwerne1 (Discord ID 647592364508184578): Timed out refresh Salesforce-based roles
Ignoring exception in on_member_update
Traceback (most recent call last):
  File "/usr/local/lib/python3.12/site-packages/discord/client.py", line 465, in _run_event
    await coro(*args, **kwargs)
  File "/app/asu_discord/cogs/analytics.py", line 652, in on_member_update
    before_timeout = before.timed_out_until
                     ^^^^^^^^^^^^^^^^^^^^^^
AttributeError: 'Member' object has no attribute 'timed_out_until'
Ignoring exception in on_member_update
Traceback (most recent call last):
  File "/usr/local/lib/python3.12/site-packages/discord/client.py", line 465, in _run_event
    await coro(*args, **kwargs)
  File "/app/asu_discord/cogs/analytics.py", line 652, in on_member_update
    before_timeout = before.timed_out_until
                     ^^^^^^^^^^^^^^^^^^^^^^
AttributeError: 'Member' object has no attribute 'timed_out_until'
Ignoring exception in on_member_update
Traceback (most recent call last):
  File "/usr/local/lib/python3.12/site-packages/discord/client.py", line 465, in _run_event
    await coro(*args, **kwargs)
  File "/app/asu_discord/cogs/analytics.py", line 652, in on_member_update
    before_timeout = before.timed_out_until
                     ^^^^^^^^^^^^^^^^^^^^^^
AttributeError: 'Member' object has no attribute 'timed_out_until'
Ignoring exception in on_member_update
Traceback (most recent call last):
  File "/usr/local/lib/python3.12/site-packages/discord/client.py", line 465, in _run_event
    await coro(*args, **kwargs)
  File "/app/asu_discord/cogs/analytics.py", line 652, in on_member_update
    before_timeout = before.timed_out_until
                     ^^^^^^^^^^^^^^^^^^^^^^
AttributeError: 'Member' object has no attribute 'timed_out_until'
Ignoring exception in on_member_update
Traceback (most recent call last):
  File "/usr/local/lib/python3.12/site-packages/discord/client.py", line 465, in _run_event
    await coro(*args, **kwargs)
  File "/app/asu_discord/cogs/analytics.py", line 652, in on_member_update
    before_timeout = before.timed_out_until
                     ^^^^^^^^^^^^^^^^^^^^^^
AttributeError: 'Member' object has no attribute 'timed_out_until'
Ignoring exception in on_member_update
Traceback (most recent call last):
  File "/usr/local/lib/python3.12/site-packages/discord/client.py", line 465, in _run_event
    await coro(*args, **kwargs)
  File "/app/asu_discord/cogs/analytics.py", line 652, in on_member_update
    before_timeout = before.timed_out_until
                     ^^^^^^^^^^^^^^^^^^^^^^
AttributeError: 'Member' object has no attribute 'timed_out_until'
Ignoring exception in on_member_update
Traceback (most recent call last):
  File "/usr/local/lib/python3.12/site-packages/discord/client.py", line 465, in _run_event
    await coro(*args, **kwargs)
  File "/app/asu_discord/cogs/analytics.py", line 652, in on_member_update
    before_timeout = before.timed_out_until
                     ^^^^^^^^^^^^^^^^^^^^^^
AttributeError: 'Member' object has no attribute 'timed_out_until'
Ignoring exception in on_member_update
Traceback (most recent call last):
  File "/usr/local/lib/python3.12/site-packages/discord/client.py", line 465, in _run_event
    await coro(*args, **kwargs)
  File "/app/asu_discord/cogs/analytics.py", line 652, in on_member_update
    before_timeout = before.timed_out_until
                     ^^^^^^^^^^^^^^^^^^^^^^
AttributeError: 'Member' object has no attribute 'timed_out_until'
Ignoring exception in on_member_update
Traceback (most recent call last):
  File "/usr/local/lib/python3.12/site-packages/discord/client.py", line 465, in _run_event
    await coro(*args, **kwargs)
  File "/app/asu_discord/cogs/analytics.py", line 652, in on_member_update
    before_timeout = before.timed_out_until
                     ^^^^^^^^^^^^^^^^^^^^^^
AttributeError: 'Member' object has no attribute 'timed_out_until'
Ignoring exception in on_member_update
Traceback (most recent call last):
  File "/usr/local/lib/python3.12/site-packages/discord/client.py", line 465, in _run_event
    await coro(*args, **kwargs)
  File "/app/asu_discord/cogs/analytics.py", line 652, in on_member_update
    before_timeout = before.timed_out_until
                     ^^^^^^^^^^^^^^^^^^^^^^
AttributeError: 'Member' object has no attribute 'timed_out_until'
Ignoring exception in on_member_update
Traceback (most recent call last):
  File "/usr/local/lib/python3.12/site-packages/discord/client.py", line 465, in _run_event
    await coro(*args, **kwargs)
  File "/app/asu_discord/cogs/analytics.py", line 652, in on_member_update
    before_timeout = before.timed_out_until
                     ^^^^^^^^^^^^^^^^^^^^^^
AttributeError: 'Member' object has no attribute 'timed_out_until'
Ignoring exception in on_member_update
Traceback (most recent call last):
  File "/usr/local/lib/python3.12/site-packages/discord/client.py", line 465, in _run_event
    await coro(*args, **kwargs)
  File "/app/asu_discord/cogs/analytics.py", line 652, in on_member_update
    before_timeout = before.timed_out_until
                     ^^^^^^^^^^^^^^^^^^^^^^
AttributeError: 'Member' object has no attribute 'timed_out_until'
ERROR:cron.jobs:refresh_salesforce_roles: failed for ervaugh2 (Discord ID 1216844863396385020): Timed out refresh Salesforce-based roles
ERROR:cron.jobs:refresh_salesforce_roles: failed for mjacobo6 (Discord ID 1216494807929851944): Failed to refresh Salesforce-based roles: Discord user 1216494807929851944 is not a member of the guild
ERROR:cron.jobs:refresh_salesforce_roles: failed for lsmoore4 (Discord ID 236881148892938241): Failed to refresh Salesforce-based roles: Discord user 236881148892938241 is not a member of the guild
Ignoring exception in on_member_update
Traceback (most recent call last):
  File "/usr/local/lib/python3.12/site-packages/discord/client.py", line 465, in _run_event
    await coro(*args, **kwargs)
  File "/app/asu_discord/cogs/analytics.py", line 652, in on_member_update
    before_timeout = before.timed_out_until
                     ^^^^^^^^^^^^^^^^^^^^^^
AttributeError: 'Member' object has no attribute 'timed_out_until'
Ignoring exception in on_member_update
Traceback (most recent call last):
  File "/usr/local/lib/python3.12/site-packages/discord/client.py", line 465, in _run_event
    await coro(*args, **kwargs)
  File "/app/asu_discord/cogs/analytics.py", line 652, in on_member_update
    before_timeout = before.timed_out_until
                     ^^^^^^^^^^^^^^^^^^^^^^
AttributeError: 'Member' object has no attribute 'timed_out_until'
Ignoring exception in on_member_update
Traceback (most recent call last):
  File "/usr/local/lib/python3.12/site-packages/discord/client.py", line 465, in _run_event
    await coro(*args, **kwargs)
  File "/app/asu_discord/cogs/analytics.py", line 652, in on_member_update
    before_timeout = before.timed_out_until
                     ^^^^^^^^^^^^^^^^^^^^^^
AttributeError: 'Member' object has no attribute 'timed_out_until'
Ignoring exception in on_member_update
Traceback (most recent call last):
  File "/usr/local/lib/python3.12/site-packages/discord/client.py", line 465, in _run_event
    await coro(*args, **kwargs)
  File "/app/asu_discord/cogs/analytics.py", line 652, in on_member_update
    before_timeout = before.timed_out_until
                     ^^^^^^^^^^^^^^^^^^^^^^
AttributeError: 'Member' object has no attribute 'timed_out_until'
Ignoring exception in on_member_update
Traceback (most recent call last):
  File "/usr/local/lib/python3.12/site-packages/discord/client.py", line 465, in _run_event
    await coro(*args, **kwargs)
  File "/app/asu_discord/cogs/analytics.py", line 652, in on_member_update
    before_timeout = before.timed_out_until
                     ^^^^^^^^^^^^^^^^^^^^^^
AttributeError: 'Member' object has no attribute 'timed_out_until'
Ignoring exception in on_member_update
Traceback (most recent call last):
  File "/usr/local/lib/python3.12/site-packages/discord/client.py", line 465, in _run_event
    await coro(*args, **kwargs)
  File "/app/asu_discord/cogs/analytics.py", line 652, in on_member_update
    before_timeout = before.timed_out_until
                     ^^^^^^^^^^^^^^^^^^^^^^
AttributeError: 'Member' object has no attribute 'timed_out_until'
Ignoring exception in on_member_update
Traceback (most recent call last):
  File "/usr/local/lib/python3.12/site-packages/discord/client.py", line 465, in _run_event
    await coro(*args, **kwargs)
  File "/app/asu_discord/cogs/analytics.py", line 652, in on_member_update
    before_timeout = before.timed_out_until
                     ^^^^^^^^^^^^^^^^^^^^^^
AttributeError: 'Member' object has no attribute 'timed_out_until'
Ignoring exception in on_member_update
Traceback (most recent call last):
  File "/usr/local/lib/python3.12/site-packages/discord/client.py", line 465, in _run_event
    await coro(*args, **kwargs)
  File "/app/asu_discord/cogs/analytics.py", line 652, in on_member_update
    before_timeout = before.timed_out_until
                     ^^^^^^^^^^^^^^^^^^^^^^
AttributeError: 'Member' object has no attribute 'timed_out_until'
Ignoring exception in on_member_update
Traceback (most recent call last):
  File "/usr/local/lib/python3.12/site-packages/discord/client.py", line 465, in _run_event
    await coro(*args, **kwargs)
  File "/app/asu_discord/cogs/analytics.py", line 652, in on_member_update
    before_timeout = before.timed_out_until
                     ^^^^^^^^^^^^^^^^^^^^^^
AttributeError: 'Member' object has no attribute 'timed_out_until'
Ignoring exception in on_member_update
Traceback (most recent call last):
  File "/usr/local/lib/python3.12/site-packages/discord/client.py", line 465, in _run_event
    await coro(*args, **kwargs)
  File "/app/asu_discord/cogs/analytics.py", line 652, in on_member_update
    before_timeout = before.timed_out_until
                     ^^^^^^^^^^^^^^^^^^^^^^
AttributeError: 'Member' object has no attribute 'timed_out_until'
INFO:asu_discord.cogs.verification:Saved 6 roles to database for user hjeschon (Discord ID: 547780302446002191)
INFO:asu_discord.cogs.verification:Refreshed Salesforce roles for Discord user 547780302446002191: -4/+6 roles, assigned=[Arizona Resident, College of Liberal Arts and Sciences, First Generation Student, First Year, Tempe, Upperclassmen]
ERROR:cron.jobs:refresh_salesforce_roles: failed for haydengu (Discord ID 330866477420773388): Failed to refresh Salesforce-based roles: Discord user 330866477420773388 is not a member of the guild
Ignoring exception in on_member_update
Traceback (most recent call last):
  File "/usr/local/lib/python3.12/site-packages/discord/client.py", line 465, in _run_event
    await coro(*args, **kwargs)
  File "/app/asu_discord/cogs/analytics.py", line 652, in on_member_update
    before_timeout = before.timed_out_until
                     ^^^^^^^^^^^^^^^^^^^^^^
AttributeError: 'Member' object has no attribute 'timed_out_until'
Ignoring exception in on_member_update
Traceback (most recent call last):
  File "/usr/local/lib/python3.12/site-packages/discord/client.py", line 465, in _run_event
    await coro(*args, **kwargs)
  File "/app/asu_discord/cogs/analytics.py", line 652, in on_member_update
    before_timeout = before.timed_out_until
                     ^^^^^^^^^^^^^^^^^^^^^^
AttributeError: 'Member' object has no attribute 'timed_out_until'
Ignoring exception in on_member_update
Traceback (most recent call last):
  File "/usr/local/lib/python3.12/site-packages/discord/client.py", line 465, in _run_event
    await coro(*args, **kwargs)
  File "/app/asu_discord/cogs/analytics.py", line 652, in on_member_update
    before_timeout = before.timed_out_until
                     ^^^^^^^^^^^^^^^^^^^^^^
AttributeError: 'Member' object has no attribute 'timed_out_until'
Ignoring exception in on_member_update
Traceback (most recent call last):
  File "/usr/local/lib/python3.12/site-packages/discord/client.py", line 465, in _run_event
    await coro(*args, **kwargs)
  File "/app/asu_discord/cogs/analytics.py", line 652, in on_member_update
    before_timeout = before.timed_out_until
                     ^^^^^^^^^^^^^^^^^^^^^^
AttributeError: 'Member' object has no attribute 'timed_out_until'
Ignoring exception in on_member_update
Traceback (most recent call last):
  File "/usr/local/lib/python3.12/site-packages/discord/client.py", line 465, in _run_event
    await coro(*args, **kwargs)
  File "/app/asu_discord/cogs/analytics.py", line 652, in on_member_update
    before_timeout = before.timed_out_until
                     ^^^^^^^^^^^^^^^^^^^^^^
AttributeError: 'Member' object has no attribute 'timed_out_until'
Ignoring exception in on_member_update
Traceback (most recent call last):
  File "/usr/local/lib/python3.12/site-packages/discord/client.py", line 465, in _run_event
    await coro(*args, **kwargs)
  File "/app/asu_discord/cogs/analytics.py", line 652, in on_member_update
    before_timeout = before.timed_out_until
                     ^^^^^^^^^^^^^^^^^^^^^^
AttributeError: 'Member' object has no attribute 'timed_out_until'
Ignoring exception in on_member_update
Traceback (most recent call last):
  File "/usr/local/lib/python3.12/site-packages/discord/client.py", line 465, in _run_event
    await coro(*args, **kwargs)
  File "/app/asu_discord/cogs/analytics.py", line 652, in on_member_update
    before_timeout = before.timed_out_until
                     ^^^^^^^^^^^^^^^^^^^^^^
AttributeError: 'Member' object has no attribute 'timed_out_until'
Ignoring exception in on_member_update
Traceback (most recent call last):
  File "/usr/local/lib/python3.12/site-packages/discord/client.py", line 465, in _run_event
    await coro(*args, **kwargs)
  File "/app/asu_discord/cogs/analytics.py", line 652, in on_member_update
    before_timeout = before.timed_out_until
                     ^^^^^^^^^^^^^^^^^^^^^^
AttributeError: 'Member' object has no attribute 'timed_out_until'
INFO:asu_discord.cogs.verification:Saved 4 roles to database for user akuma604 (Discord ID: 480084007250558987)
INFO:asu_discord.cogs.verification:Refreshed Salesforce roles for Discord user 480084007250558987: -4/+4 roles, assigned=[Graduate Student, International Student, Ira A. Fulton Schools of Engineering, Tempe]
Ignoring exception in on_member_update
Traceback (most recent call last):
  File "/usr/local/lib/python3.12/site-packages/discord/client.py", line 465, in _run_event
    await coro(*args, **kwargs)
  File "/app/asu_discord/cogs/analytics.py", line 652, in on_member_update
    before_timeout = before.timed_out_until
                     ^^^^^^^^^^^^^^^^^^^^^^
AttributeError: 'Member' object has no attribute 'timed_out_until'
Ignoring exception in on_member_update
Traceback (most recent call last):
  File "/usr/local/lib/python3.12/site-packages/discord/client.py", line 465, in _run_event
    await coro(*args, **kwargs)
  File "/app/asu_discord/cogs/analytics.py", line 652, in on_member_update
    before_timeout = before.timed_out_until
                     ^^^^^^^^^^^^^^^^^^^^^^
AttributeError: 'Member' object has no attribute 'timed_out_until'
Ignoring exception in on_member_update
Traceback (most recent call last):
  File "/usr/local/lib/python3.12/site-packages/discord/client.py", line 465, in _run_event
    await coro(*args, **kwargs)
  File "/app/asu_discord/cogs/analytics.py", line 652, in on_member_update
    before_timeout = before.timed_out_until
                     ^^^^^^^^^^^^^^^^^^^^^^
AttributeError: 'Member' object has no attribute 'timed_out_until'
Ignoring exception in on_member_update
Traceback (most recent call last):
  File "/usr/local/lib/python3.12/site-packages/discord/client.py", line 465, in _run_event
    await coro(*args, **kwargs)
  File "/app/asu_discord/cogs/analytics.py", line 652, in on_member_update
    before_timeout = before.timed_out_until
                     ^^^^^^^^^^^^^^^^^^^^^^
AttributeError: 'Member' object has no attribute 'timed_out_until'
Ignoring exception in on_member_update
Traceback (most recent call last):
  File "/usr/local/lib/python3.12/site-packages/discord/client.py", line 465, in _run_event
    await coro(*args, **kwargs)
  File "/app/asu_discord/cogs/analytics.py", line 652, in on_member_update
    before_timeout = before.timed_out_until
                     ^^^^^^^^^^^^^^^^^^^^^^
AttributeError: 'Member' object has no attribute 'timed_out_until'
Ignoring exception in on_member_update
Traceback (most recent call last):
  File "/usr/local/lib/python3.12/site-packages/discord/client.py", line 465, in _run_event
    await coro(*args, **kwargs)
  File "/app/asu_discord/cogs/analytics.py", line 652, in on_member_update
    before_timeout = before.timed_out_until
                     ^^^^^^^^^^^^^^^^^^^^^^
AttributeError: 'Member' object has no attribute 'timed_out_until'
Ignoring exception in on_member_update
Traceback (most recent call last):
  File "/usr/local/lib/python3.12/site-packages/discord/client.py", line 465, in _run_event
    await coro(*args, **kwargs)
  File "/app/asu_discord/cogs/analytics.py", line 652, in on_member_update
    before_timeout = before.timed_out_until
                     ^^^^^^^^^^^^^^^^^^^^^^
AttributeError: 'Member' object has no attribute 'timed_out_until'
Ignoring exception in on_member_update
Traceback (most recent call last):
  File "/usr/local/lib/python3.12/site-packages/discord/client.py", line 465, in _run_event
    await coro(*args, **kwargs)
  File "/app/asu_discord/cogs/analytics.py", line 652, in on_member_update
    before_timeout = before.timed_out_until
                     ^^^^^^^^^^^^^^^^^^^^^^
AttributeError: 'Member' object has no attribute 'timed_out_until'
Ignoring exception in on_member_update
Traceback (most recent call last):
  File "/usr/local/lib/python3.12/site-packages/discord/client.py", line 465, in _run_event
    await coro(*args, **kwargs)
  File "/app/asu_discord/cogs/analytics.py", line 652, in on_member_update
    before_timeout = before.timed_out_until
                     ^^^^^^^^^^^^^^^^^^^^^^
AttributeError: 'Member' object has no attribute 'timed_out_until'
Ignoring exception in on_member_update
Traceback (most recent call last):
  File "/usr/local/lib/python3.12/site-packages/discord/client.py", line 465, in _run_event
    await coro(*args, **kwargs)
  File "/app/asu_discord/cogs/analytics.py", line 652, in on_member_update
    before_timeout = before.timed_out_until
                     ^^^^^^^^^^^^^^^^^^^^^^
AttributeError: 'Member' object has no attribute 'timed_out_until'
Ignoring exception in on_member_update
Traceback (most recent call last):
  File "/usr/local/lib/python3.12/site-packages/discord/client.py", line 465, in _run_event
    await coro(*args, **kwargs)
  File "/app/asu_discord/cogs/analytics.py", line 652, in on_member_update
    before_timeout = before.timed_out_until
                     ^^^^^^^^^^^^^^^^^^^^^^
AttributeError: 'Member' object has no attribute 'timed_out_until'
Ignoring exception in on_member_update
Traceback (most recent call last):
  File "/usr/local/lib/python3.12/site-packages/discord/client.py", line 465, in _run_event
    await coro(*args, **kwargs)
  File "/app/asu_discord/cogs/analytics.py", line 652, in on_member_update
    before_timeout = before.timed_out_until
                     ^^^^^^^^^^^^^^^^^^^^^^
AttributeError: 'Member' object has no attribute 'timed_out_until'
INFO:asu_discord.cogs.verification:Saved 6 roles to database for user falquiae (Discord ID: 1073568998039494756)
INFO:asu_discord.cogs.verification:Refreshed Salesforce roles for Discord user 1073568998039494756: -6/+6 roles, assigned=[Commited, First Year, International Student, Tempe, Upperclassmen, W.P. Carey School of Business]
ERROR:cron.jobs:refresh_salesforce_roles: failed for anandi13 (Discord ID 891557970863878175): Failed to refresh Salesforce-based roles: Discord user 891557970863878175 is not a member of the guild
Ignoring exception in on_member_update
Traceback (most recent call last):
  File "/usr/local/lib/python3.12/site-packages/discord/client.py", line 465, in _run_event
    await coro(*args, **kwargs)
  File "/app/asu_discord/cogs/analytics.py", line 652, in on_member_update
    before_timeout = before.timed_out_until
                     ^^^^^^^^^^^^^^^^^^^^^^
AttributeError: 'Member' object has no attribute 'timed_out_until'
Ignoring exception in on_member_update
Traceback (most recent call last):
  File "/usr/local/lib/python3.12/site-packages/discord/client.py", line 465, in _run_event
    await coro(*args, **kwargs)
  File "/app/asu_discord/cogs/analytics.py", line 652, in on_member_update
    before_timeout = before.timed_out_until
                     ^^^^^^^^^^^^^^^^^^^^^^
AttributeError: 'Member' object has no attribute 'timed_out_until'
Ignoring exception in on_member_update
Traceback (most recent call last):
  File "/usr/local/lib/python3.12/site-packages/discord/client.py", line 465, in _run_event
    await coro(*args, **kwargs)
  File "/app/asu_discord/cogs/analytics.py", line 652, in on_member_update
    before_timeout = before.timed_out_until
                     ^^^^^^^^^^^^^^^^^^^^^^
AttributeError: 'Member' object has no attribute 'timed_out_until'
Ignoring exception in on_member_update
Traceback (most recent call last):
  File "/usr/local/lib/python3.12/site-packages/discord/client.py", line 465, in _run_event
    await coro(*args, **kwargs)
  File "/app/asu_discord/cogs/analytics.py", line 652, in on_member_update
    before_timeout = before.timed_out_until
                     ^^^^^^^^^^^^^^^^^^^^^^
AttributeError: 'Member' object has no attribute 'timed_out_until'
Ignoring exception in on_member_update
Traceback (most recent call last):
  File "/usr/local/lib/python3.12/site-packages/discord/client.py", line 465, in _run_event
    await coro(*args, **kwargs)
  File "/app/asu_discord/cogs/analytics.py", line 652, in on_member_update
    before_timeout = before.timed_out_until
                     ^^^^^^^^^^^^^^^^^^^^^^
AttributeError: 'Member' object has no attribute 'timed_out_until'
Ignoring exception in on_member_update
Traceback (most recent call last):
  File "/usr/local/lib/python3.12/site-packages/discord/client.py", line 465, in _run_event
    await coro(*args, **kwargs)
  File "/app/asu_discord/cogs/analytics.py", line 652, in on_member_update
    before_timeout = before.timed_out_until
                     ^^^^^^^^^^^^^^^^^^^^^^
AttributeError: 'Member' object has no attribute 'timed_out_until'
Ignoring exception in on_member_update
Traceback (most recent call last):
  File "/usr/local/lib/python3.12/site-packages/discord/client.py", line 465, in _run_event
    await coro(*args, **kwargs)
  File "/app/asu_discord/cogs/analytics.py", line 652, in on_member_update
    before_timeout = before.timed_out_until
                     ^^^^^^^^^^^^^^^^^^^^^^
AttributeError: 'Member' object has no attribute 'timed_out_until'
Ignoring exception in on_member_update
Traceback (most recent call last):
  File "/usr/local/lib/python3.12/site-packages/discord/client.py", line 465, in _run_event
    await coro(*args, **kwargs)
  File "/app/asu_discord/cogs/analytics.py", line 652, in on_member_update
    before_timeout = before.timed_out_until
                     ^^^^^^^^^^^^^^^^^^^^^^
AttributeError: 'Member' object has no attribute 'timed_out_until'
Ignoring exception in on_member_update
Traceback (most recent call last):
  File "/usr/local/lib/python3.12/site-packages/discord/client.py", line 465, in _run_event
    await coro(*args, **kwargs)
  File "/app/asu_discord/cogs/analytics.py", line 652, in on_member_update
    before_timeout = before.timed_out_until
                     ^^^^^^^^^^^^^^^^^^^^^^
AttributeError: 'Member' object has no attribute 'timed_out_until'
INFO:asu_discord.cogs.verification:Saved 5 roles to database for user agjacs (Discord ID: 259136621818019840)
INFO:asu_discord.cogs.verification:Refreshed Salesforce roles for Discord user 259136621818019840: -4/+5 roles, assigned=[Arizona Resident, Commited, Downtown Phoenix, Edson College of Nursing and Health Innovation, First Year]
ERROR:cron.jobs:refresh_salesforce_roles: failed for natali18 (Discord ID 747895122032853022): Failed to refresh Salesforce-based roles: Discord user 747895122032853022 is not a member of the guild
ERROR:cron.jobs:refresh_salesforce_roles: failed for ehurkal (Discord ID 537906888029896714): Failed to refresh Salesforce-based roles: Discord user 537906888029896714 is not a member of the guild
ERROR:cron.jobs:refresh_salesforce_roles: failed for sdbeasl1 (Discord ID 1472075750730371212): Failed to refresh Salesforce-based roles: Discord user 1472075750730371212 is not a member of the guild
Ignoring exception in on_member_update
Traceback (most recent call last):
  File "/usr/local/lib/python3.12/site-packages/discord/client.py", line 465, in _run_event
    await coro(*args, **kwargs)
  File "/app/asu_discord/cogs/analytics.py", line 652, in on_member_update
    before_timeout = before.timed_out_until
                     ^^^^^^^^^^^^^^^^^^^^^^
AttributeError: 'Member' object has no attribute 'timed_out_until'
Ignoring exception in on_member_update
Traceback (most recent call last):
  File "/usr/local/lib/python3.12/site-packages/discord/client.py", line 465, in _run_event
    await coro(*args, **kwargs)
  File "/app/asu_discord/cogs/analytics.py", line 652, in on_member_update
    before_timeout = before.timed_out_until
                     ^^^^^^^^^^^^^^^^^^^^^^
AttributeError: 'Member' object has no attribute 'timed_out_until'
Ignoring exception in on_member_update
Traceback (most recent call last):
  File "/usr/local/lib/python3.12/site-packages/discord/client.py", line 465, in _run_event
    await coro(*args, **kwargs)
  File "/app/asu_discord/cogs/analytics.py", line 652, in on_member_update
    before_timeout = before.timed_out_until
                     ^^^^^^^^^^^^^^^^^^^^^^
AttributeError: 'Member' object has no attribute 'timed_out_until'
Ignoring exception in on_member_update
Traceback (most recent call last):
  File "/usr/local/lib/python3.12/site-packages/discord/client.py", line 465, in _run_event
    await coro(*args, **kwargs)
  File "/app/asu_discord/cogs/analytics.py", line 652, in on_member_update
    before_timeout = before.timed_out_until
                     ^^^^^^^^^^^^^^^^^^^^^^
AttributeError: 'Member' object has no attribute 'timed_out_until'
Ignoring exception in on_member_update
Traceback (most recent call last):
  File "/usr/local/lib/python3.12/site-packages/discord/client.py", line 465, in _run_event
    await coro(*args, **kwargs)
  File "/app/asu_discord/cogs/analytics.py", line 652, in on_member_update
    before_timeout = before.timed_out_until
                     ^^^^^^^^^^^^^^^^^^^^^^
AttributeError: 'Member' object has no attribute 'timed_out_until'
Ignoring exception in on_member_update
Traceback (most recent call last):
  File "/usr/local/lib/python3.12/site-packages/discord/client.py", line 465, in _run_event
    await coro(*args, **kwargs)
  File "/app/asu_discord/cogs/analytics.py", line 652, in on_member_update
    before_timeout = before.timed_out_until
                     ^^^^^^^^^^^^^^^^^^^^^^
AttributeError: 'Member' object has no attribute 'timed_out_until'
Ignoring exception in on_member_update
Traceback (most recent call last):
  File "/usr/local/lib/python3.12/site-packages/discord/client.py", line 465, in _run_event
    await coro(*args, **kwargs)
  File "/app/asu_discord/cogs/analytics.py", line 652, in on_member_update
    before_timeout = before.timed_out_until
                     ^^^^^^^^^^^^^^^^^^^^^^
AttributeError: 'Member' object has no attribute 'timed_out_until'
Ignoring exception in on_member_update
Traceback (most recent call last):
  File "/usr/local/lib/python3.12/site-packages/discord/client.py", line 465, in _run_event
    await coro(*args, **kwargs)
  File "/app/asu_discord/cogs/analytics.py", line 652, in on_member_update
    before_timeout = before.timed_out_until
                     ^^^^^^^^^^^^^^^^^^^^^^
AttributeError: 'Member' object has no attribute 'timed_out_until'
Ignoring exception in on_member_update
Traceback (most recent call last):
  File "/usr/local/lib/python3.12/site-packages/discord/client.py", line 465, in _run_event
    await coro(*args, **kwargs)
  File "/app/asu_discord/cogs/analytics.py", line 652, in on_member_update
    before_timeout = before.timed_out_until
                     ^^^^^^^^^^^^^^^^^^^^^^
AttributeError: 'Member' object has no attribute 'timed_out_until'
INFO:asu_discord.cogs.verification:Saved 5 roles to database for user amgar156 (Discord ID: 683140748392136728)
INFO:asu_discord.cogs.verification:Refreshed Salesforce roles for Discord user 683140748392136728: -4/+5 roles, assigned=[Commited, First Year, Herberger Institute for Design and the Arts, International Student, Tempe]
Ignoring exception in on_member_update
Traceback (most recent call last):
  File "/usr/local/lib/python3.12/site-packages/discord/client.py", line 465, in _run_event
    await coro(*args, **kwargs)
  File "/app/asu_discord/cogs/analytics.py", line 652, in on_member_update
    before_timeout = before.timed_out_until
                     ^^^^^^^^^^^^^^^^^^^^^^
AttributeError: 'Member' object has no attribute 'timed_out_until'
Ignoring exception in on_member_update
Traceback (most recent call last):
  File "/usr/local/lib/python3.12/site-packages/discord/client.py", line 465, in _run_event
    await coro(*args, **kwargs)
  File "/app/asu_discord/cogs/analytics.py", line 652, in on_member_update
    before_timeout = before.timed_out_until
                     ^^^^^^^^^^^^^^^^^^^^^^
AttributeError: 'Member' object has no attribute 'timed_out_until'
Ignoring exception in on_member_update
Traceback (most recent call last):
  File "/usr/local/lib/python3.12/site-packages/discord/client.py", line 465, in _run_event
    await coro(*args, **kwargs)
  File "/app/asu_discord/cogs/analytics.py", line 652, in on_member_update
    before_timeout = before.timed_out_until
                     ^^^^^^^^^^^^^^^^^^^^^^
AttributeError: 'Member' object has no attribute 'timed_out_until'
Ignoring exception in on_member_update
Traceback (most recent call last):
  File "/usr/local/lib/python3.12/site-packages/discord/client.py", line 465, in _run_event
    await coro(*args, **kwargs)
  File "/app/asu_discord/cogs/analytics.py", line 652, in on_member_update
    before_timeout = before.timed_out_until
                     ^^^^^^^^^^^^^^^^^^^^^^
AttributeError: 'Member' object has no attribute 'timed_out_until'
Ignoring exception in on_member_update
Traceback (most recent call last):
  File "/usr/local/lib/python3.12/site-packages/discord/client.py", line 465, in _run_event
    await coro(*args, **kwargs)
  File "/app/asu_discord/cogs/analytics.py", line 652, in on_member_update
    before_timeout = before.timed_out_until
                     ^^^^^^^^^^^^^^^^^^^^^^
AttributeError: 'Member' object has no attribute 'timed_out_until'
Ignoring exception in on_member_update
Traceback (most recent call last):
  File "/usr/local/lib/python3.12/site-packages/discord/client.py", line 465, in _run_event
    await coro(*args, **kwargs)
  File "/app/asu_discord/cogs/analytics.py", line 652, in on_member_update
    before_timeout = before.timed_out_until
                     ^^^^^^^^^^^^^^^^^^^^^^
AttributeError: 'Member' object has no attribute 'timed_out_until'
Ignoring exception in on_member_update
Traceback (most recent call last):
  File "/usr/local/lib/python3.12/site-packages/discord/client.py", line 465, in _run_event
    await coro(*args, **kwargs)
  File "/app/asu_discord/cogs/analytics.py", line 652, in on_member_update
    before_timeout = before.timed_out_until
                     ^^^^^^^^^^^^^^^^^^^^^^
AttributeError: 'Member' object has no attribute 'timed_out_until'
Ignoring exception in on_member_update
Traceback (most recent call last):
  File "/usr/local/lib/python3.12/site-packages/discord/client.py", line 465, in _run_event
    await coro(*args, **kwargs)
  File "/app/asu_discord/cogs/analytics.py", line 652, in on_member_update
    before_timeout = before.timed_out_until
                     ^^^^^^^^^^^^^^^^^^^^^^
AttributeError: 'Member' object has no attribute 'timed_out_until'
INFO:asu_discord.cogs.verification:Saved 4 roles to database for user ejfoley (Discord ID: 744282819756294254)
INFO:asu_discord.cogs.verification:Refreshed Salesforce roles for Discord user 744282819756294254: -4/+4 roles, assigned=[First Year, Out of State, Tempe, W.P. Carey School of Business]
Ignoring exception in on_member_update
Traceback (most recent call last):
  File "/usr/local/lib/python3.12/site-packages/discord/client.py", line 465, in _run_event
    await coro(*args, **kwargs)
  File "/app/asu_discord/cogs/analytics.py", line 652, in on_member_update
    before_timeout = before.timed_out_until
                     ^^^^^^^^^^^^^^^^^^^^^^
AttributeError: 'Member' object has no attribute 'timed_out_until'
Ignoring exception in on_member_update
Traceback (most recent call last):
  File "/usr/local/lib/python3.12/site-packages/discord/client.py", line 465, in _run_event
    await coro(*args, **kwargs)
  File "/app/asu_discord/cogs/analytics.py", line 652, in on_member_update
    before_timeout = before.timed_out_until
                     ^^^^^^^^^^^^^^^^^^^^^^
AttributeError: 'Member' object has no attribute 'timed_out_until'
Ignoring exception in on_member_update
Traceback (most recent call last):
  File "/usr/local/lib/python3.12/site-packages/discord/client.py", line 465, in _run_event
    await coro(*args, **kwargs)
  File "/app/asu_discord/cogs/analytics.py", line 652, in on_member_update
    before_timeout = before.timed_out_until
                     ^^^^^^^^^^^^^^^^^^^^^^
AttributeError: 'Member' object has no attribute 'timed_out_until'
Ignoring exception in on_member_update
Traceback (most recent call last):
  File "/usr/local/lib/python3.12/site-packages/discord/client.py", line 465, in _run_event
    await coro(*args, **kwargs)
  File "/app/asu_discord/cogs/analytics.py", line 652, in on_member_update
    before_timeout = before.timed_out_until
                     ^^^^^^^^^^^^^^^^^^^^^^
AttributeError: 'Member' object has no attribute 'timed_out_until'
Ignoring exception in on_member_update
Traceback (most recent call last):
  File "/usr/local/lib/python3.12/site-packages/discord/client.py", line 465, in _run_event
    await coro(*args, **kwargs)
  File "/app/asu_discord/cogs/analytics.py", line 652, in on_member_update
    before_timeout = before.timed_out_until
                     ^^^^^^^^^^^^^^^^^^^^^^
AttributeError: 'Member' object has no attribute 'timed_out_until'
Ignoring exception in on_member_update
Traceback (most recent call last):
  File "/usr/local/lib/python3.12/site-packages/discord/client.py", line 465, in _run_event
    await coro(*args, **kwargs)
  File "/app/asu_discord/cogs/analytics.py", line 652, in on_member_update
    before_timeout = before.timed_out_until
                     ^^^^^^^^^^^^^^^^^^^^^^
AttributeError: 'Member' object has no attribute 'timed_out_until'
Ignoring exception in on_member_update
Traceback (most recent call last):
  File "/usr/local/lib/python3.12/site-packages/discord/client.py", line 465, in _run_event
    await coro(*args, **kwargs)
  File "/app/asu_discord/cogs/analytics.py", line 652, in on_member_update
    before_timeout = before.timed_out_until
                     ^^^^^^^^^^^^^^^^^^^^^^
AttributeError: 'Member' object has no attribute 'timed_out_until'
INFO:asu_discord.cogs.verification:Saved 4 roles to database for user rbfloyd (Discord ID: 1323046323993448529)
INFO:asu_discord.cogs.verification:Refreshed Salesforce roles for Discord user 1323046323993448529: -4/+3 roles, assigned=[College of Liberal Arts and Sciences, Downtown Phoenix, First Year, Out of State]
Ignoring exception in on_member_update
Traceback (most recent call last):
  File "/usr/local/lib/python3.12/site-packages/discord/client.py", line 465, in _run_event
    await coro(*args, **kwargs)
  File "/app/asu_discord/cogs/analytics.py", line 652, in on_member_update
    before_timeout = before.timed_out_until
                     ^^^^^^^^^^^^^^^^^^^^^^
AttributeError: 'Member' object has no attribute 'timed_out_until'
Ignoring exception in on_member_update
Traceback (most recent call last):
  File "/usr/local/lib/python3.12/site-packages/discord/client.py", line 465, in _run_event
    await coro(*args, **kwargs)
  File "/app/asu_discord/cogs/analytics.py", line 652, in on_member_update
    before_timeout = before.timed_out_until
                     ^^^^^^^^^^^^^^^^^^^^^^
AttributeError: 'Member' object has no attribute 'timed_out_until'
Ignoring exception in on_member_update
Traceback (most recent call last):
  File "/usr/local/lib/python3.12/site-packages/discord/client.py", line 465, in _run_event
    await coro(*args, **kwargs)
  File "/app/asu_discord/cogs/analytics.py", line 652, in on_member_update
    before_timeout = before.timed_out_until
                     ^^^^^^^^^^^^^^^^^^^^^^
AttributeError: 'Member' object has no attribute 'timed_out_until'
Ignoring exception in on_member_update
Traceback (most recent call last):
  File "/usr/local/lib/python3.12/site-packages/discord/client.py", line 465, in _run_event
    await coro(*args, **kwargs)
  File "/app/asu_discord/cogs/analytics.py", line 652, in on_member_update
    before_timeout = before.timed_out_until
                     ^^^^^^^^^^^^^^^^^^^^^^
AttributeError: 'Member' object has no attribute 'timed_out_until'
Ignoring exception in on_member_update
Traceback (most recent call last):
  File "/usr/local/lib/python3.12/site-packages/discord/client.py", line 465, in _run_event
    await coro(*args, **kwargs)
  File "/app/asu_discord/cogs/analytics.py", line 652, in on_member_update
    before_timeout = before.timed_out_until
                     ^^^^^^^^^^^^^^^^^^^^^^
AttributeError: 'Member' object has no attribute 'timed_out_until'
Ignoring exception in on_member_update
Traceback (most recent call last):
  File "/usr/local/lib/python3.12/site-packages/discord/client.py", line 465, in _run_event
    await coro(*args, **kwargs)
  File "/app/asu_discord/cogs/analytics.py", line 652, in on_member_update
    before_timeout = before.timed_out_until
                     ^^^^^^^^^^^^^^^^^^^^^^
AttributeError: 'Member' object has no attribute 'timed_out_until'
Ignoring exception in on_member_update
Traceback (most recent call last):
  File "/usr/local/lib/python3.12/site-packages/discord/client.py", line 465, in _run_event
    await coro(*args, **kwargs)
  File "/app/asu_discord/cogs/analytics.py", line 652, in on_member_update
    before_timeout = before.timed_out_until
                     ^^^^^^^^^^^^^^^^^^^^^^
AttributeError: 'Member' object has no attribute 'timed_out_until'
Ignoring exception in on_member_update
Traceback (most recent call last):
  File "/usr/local/lib/python3.12/site-packages/discord/client.py", line 465, in _run_event
    await coro(*args, **kwargs)
  File "/app/asu_discord/cogs/analytics.py", line 652, in on_member_update
    before_timeout = before.timed_out_until
                     ^^^^^^^^^^^^^^^^^^^^^^
AttributeError: 'Member' object has no attribute 'timed_out_until'
Ignoring exception in on_member_update
Traceback (most recent call last):
  File "/usr/local/lib/python3.12/site-packages/discord/client.py", line 465, in _run_event
    await coro(*args, **kwargs)
  File "/app/asu_discord/cogs/analytics.py", line 652, in on_member_update
    before_timeout = before.timed_out_until
                     ^^^^^^^^^^^^^^^^^^^^^^
AttributeError: 'Member' object has no attribute 'timed_out_until'
Ignoring exception in on_member_update
Traceback (most recent call last):
  File "/usr/local/lib/python3.12/site-packages/discord/client.py", line 465, in _run_event
    await coro(*args, **kwargs)
  File "/app/asu_discord/cogs/analytics.py", line 652, in on_member_update
    before_timeout = before.timed_out_until
                     ^^^^^^^^^^^^^^^^^^^^^^
AttributeError: 'Member' object has no attribute 'timed_out_until'
INFO:asu_discord.cogs.verification:Saved 5 roles to database for user fyarde (Discord ID: 868509046498533398)
INFO:asu_discord.cogs.verification:Refreshed Salesforce roles for Discord user 868509046498533398: -5/+5 roles, assigned=[Commited, First Year, International Student, Ira A. Fulton Schools of Engineering, Polytechnic]
Ignoring exception in on_member_update
Traceback (most recent call last):
  File "/usr/local/lib/python3.12/site-packages/discord/client.py", line 465, in _run_event
    await coro(*args, **kwargs)
  File "/app/asu_discord/cogs/analytics.py", line 652, in on_member_update
    before_timeout = before.timed_out_until
                     ^^^^^^^^^^^^^^^^^^^^^^
AttributeError: 'Member' object has no attribute 'timed_out_until'
Ignoring exception in on_member_update
Traceback (most recent call last):
  File "/usr/local/lib/python3.12/site-packages/discord/client.py", line 465, in _run_event
    await coro(*args, **kwargs)
  File "/app/asu_discord/cogs/analytics.py", line 652, in on_member_update
    before_timeout = before.timed_out_until
                     ^^^^^^^^^^^^^^^^^^^^^^
AttributeError: 'Member' object has no attribute 'timed_out_until'
Ignoring exception in on_member_update
Traceback (most recent call last):
  File "/usr/local/lib/python3.12/site-packages/discord/client.py", line 465, in _run_event
    await coro(*args, **kwargs)
  File "/app/asu_discord/cogs/analytics.py", line 652, in on_member_update
    before_timeout = before.timed_out_until
                     ^^^^^^^^^^^^^^^^^^^^^^
AttributeError: 'Member' object has no attribute 'timed_out_until'
Ignoring exception in on_member_update
Traceback (most recent call last):
  File "/usr/local/lib/python3.12/site-packages/discord/client.py", line 465, in _run_event
    await coro(*args, **kwargs)
  File "/app/asu_discord/cogs/analytics.py", line 652, in on_member_update
    before_timeout = before.timed_out_until
                     ^^^^^^^^^^^^^^^^^^^^^^
AttributeError: 'Member' object has no attribute 'timed_out_until'
Ignoring exception in on_member_update
Traceback (most recent call last):
  File "/usr/local/lib/python3.12/site-packages/discord/client.py", line 465, in _run_event
    await coro(*args, **kwargs)
  File "/app/asu_discord/cogs/analytics.py", line 652, in on_member_update
    before_timeout = before.timed_out_until
                     ^^^^^^^^^^^^^^^^^^^^^^
AttributeError: 'Member' object has no attribute 'timed_out_until'
Ignoring exception in on_member_update
Traceback (most recent call last):
  File "/usr/local/lib/python3.12/site-packages/discord/client.py", line 465, in _run_event
    await coro(*args, **kwargs)
  File "/app/asu_discord/cogs/analytics.py", line 652, in on_member_update
    before_timeout = before.timed_out_until
                     ^^^^^^^^^^^^^^^^^^^^^^
AttributeError: 'Member' object has no attribute 'timed_out_until'
Ignoring exception in on_member_update
Traceback (most recent call last):
  File "/usr/local/lib/python3.12/site-packages/discord/client.py", line 465, in _run_event
    await coro(*args, **kwargs)
  File "/app/asu_discord/cogs/analytics.py", line 652, in on_member_update
    before_timeout = before.timed_out_until
                     ^^^^^^^^^^^^^^^^^^^^^^
AttributeError: 'Member' object has no attribute 'timed_out_until'
Ignoring exception in on_member_update
Traceback (most recent call last):
  File "/usr/local/lib/python3.12/site-packages/discord/client.py", line 465, in _run_event
    await coro(*args, **kwargs)
  File "/app/asu_discord/cogs/analytics.py", line 652, in on_member_update
    before_timeout = before.timed_out_until
                     ^^^^^^^^^^^^^^^^^^^^^^
AttributeError: 'Member' object has no attribute 'timed_out_until'
Ignoring exception in on_member_update
Traceback (most recent call last):
  File "/usr/local/lib/python3.12/site-packages/discord/client.py", line 465, in _run_event
    await coro(*args, **kwargs)
  File "/app/asu_discord/cogs/analytics.py", line 652, in on_member_update
    before_timeout = before.timed_out_until
                     ^^^^^^^^^^^^^^^^^^^^^^
AttributeError: 'Member' object has no attribute 'timed_out_until'
INFO:asu_discord.cogs.verification:Saved 5 roles to database for user rchandel (Discord ID: 1453975356506767465)
INFO:asu_discord.cogs.verification:Refreshed Salesforce roles for Discord user 1453975356506767465: -5/+4 roles, assigned=[Arizona Resident, College of Liberal Arts and Sciences, Tempe, Transfer Student, Upperclassmen]
INFO:asu_discord.cogs.verification:Saved 1 roles to database for user wmbarker (Discord ID: 852959511466475550)
INFO:asu_discord.cogs.verification:Refreshed Salesforce roles for Discord user 852959511466475550: -0/+1 roles, assigned=[Out of State]
Ignoring exception in on_member_update
Traceback (most recent call last):
  File "/usr/local/lib/python3.12/site-packages/discord/client.py", line 465, in _run_event
    await coro(*args, **kwargs)
  File "/app/asu_discord/cogs/analytics.py", line 652, in on_member_update
    before_timeout = before.timed_out_until
                     ^^^^^^^^^^^^^^^^^^^^^^
AttributeError: 'Member' object has no attribute 'timed_out_until'
ERROR:cron.jobs:refresh_salesforce_roles: failed for asaudaga (Discord ID 728263293596205126): Failed to refresh Salesforce-based roles: Discord user 728263293596205126 is not a member of the guild
Ignoring exception in on_member_update
Traceback (most recent call last):
  File "/usr/local/lib/python3.12/site-packages/discord/client.py", line 465, in _run_event
    await coro(*args, **kwargs)
  File "/app/asu_discord/cogs/analytics.py", line 652, in on_member_update
    before_timeout = before.timed_out_until
                     ^^^^^^^^^^^^^^^^^^^^^^
AttributeError: 'Member' object has no attribute 'timed_out_until'
Ignoring exception in on_member_update
Traceback (most recent call last):
  File "/usr/local/lib/python3.12/site-packages/discord/client.py", line 465, in _run_event
    await coro(*args, **kwargs)
  File "/app/asu_discord/cogs/analytics.py", line 652, in on_member_update
    before_timeout = before.timed_out_until
                     ^^^^^^^^^^^^^^^^^^^^^^
AttributeError: 'Member' object has no attribute 'timed_out_until'
Ignoring exception in on_member_update
Traceback (most recent call last):
  File "/usr/local/lib/python3.12/site-packages/discord/client.py", line 465, in _run_event
    await coro(*args, **kwargs)
  File "/app/asu_discord/cogs/analytics.py", line 652, in on_member_update
    before_timeout = before.timed_out_until
                     ^^^^^^^^^^^^^^^^^^^^^^
AttributeError: 'Member' object has no attribute 'timed_out_until'
Ignoring exception in on_member_update
Traceback (most recent call last):
  File "/usr/local/lib/python3.12/site-packages/discord/client.py", line 465, in _run_event
    await coro(*args, **kwargs)
  File "/app/asu_discord/cogs/analytics.py", line 652, in on_member_update
    before_timeout = before.timed_out_until
                     ^^^^^^^^^^^^^^^^^^^^^^
AttributeError: 'Member' object has no attribute 'timed_out_until'
Ignoring exception in on_member_update
Traceback (most recent call last):
  File "/usr/local/lib/python3.12/site-packages/discord/client.py", line 465, in _run_event
    await coro(*args, **kwargs)
  File "/app/asu_discord/cogs/analytics.py", line 652, in on_member_update
    before_timeout = before.timed_out_until
                     ^^^^^^^^^^^^^^^^^^^^^^
AttributeError: 'Member' object has no attribute 'timed_out_until'
Ignoring exception in on_member_update
Traceback (most recent call last):
  File "/usr/local/lib/python3.12/site-packages/discord/client.py", line 465, in _run_event
    await coro(*args, **kwargs)
  File "/app/asu_discord/cogs/analytics.py", line 652, in on_member_update
    before_timeout = before.timed_out_until
                     ^^^^^^^^^^^^^^^^^^^^^^
AttributeError: 'Member' object has no attribute 'timed_out_until'
Ignoring exception in on_member_update
Traceback (most recent call last):
  File "/usr/local/lib/python3.12/site-packages/discord/client.py", line 465, in _run_event
    await coro(*args, **kwargs)
  File "/app/asu_discord/cogs/analytics.py", line 652, in on_member_update
    before_timeout = before.timed_out_until
                     ^^^^^^^^^^^^^^^^^^^^^^
AttributeError: 'Member' object has no attribute 'timed_out_until'
Ignoring exception in on_member_update
Traceback (most recent call last):
  File "/usr/local/lib/python3.12/site-packages/discord/client.py", line 465, in _run_event
    await coro(*args, **kwargs)
  File "/app/asu_discord/cogs/analytics.py", line 652, in on_member_update
    before_timeout = before.timed_out_until
                     ^^^^^^^^^^^^^^^^^^^^^^
AttributeError: 'Member' object has no attribute 'timed_out_until'
Ignoring exception in on_member_update
Traceback (most recent call last):
  File "/usr/local/lib/python3.12/site-packages/discord/client.py", line 465, in _run_event
    await coro(*args, **kwargs)
  File "/app/asu_discord/cogs/analytics.py", line 652, in on_member_update
    before_timeout = before.timed_out_until
                     ^^^^^^^^^^^^^^^^^^^^^^
AttributeError: 'Member' object has no attribute 'timed_out_until'
INFO:asu_discord.cogs.verification:Saved 5 roles to database for user jbenall9 (Discord ID: 1454121751171825694)
INFO:asu_discord.cogs.verification:Refreshed Salesforce roles for Discord user 1454121751171825694: -5/+4 roles, assigned=[College of Liberal Arts and Sciences, Commited, First Year, Out of State, Tempe]
Ignoring exception in on_member_update
Traceback (most recent call last):
  File "/usr/local/lib/python3.12/site-packages/discord/client.py", line 465, in _run_event
    await coro(*args, **kwargs)
  File "/app/asu_discord/cogs/analytics.py", line 652, in on_member_update
    before_timeout = before.timed_out_until
                     ^^^^^^^^^^^^^^^^^^^^^^
AttributeError: 'Member' object has no attribute 'timed_out_until'
Ignoring exception in on_member_update
Traceback (most recent call last):
  File "/usr/local/lib/python3.12/site-packages/discord/client.py", line 465, in _run_event
    await coro(*args, **kwargs)
  File "/app/asu_discord/cogs/analytics.py", line 652, in on_member_update
    before_timeout = before.timed_out_until
                     ^^^^^^^^^^^^^^^^^^^^^^
AttributeError: 'Member' object has no attribute 'timed_out_until'
Ignoring exception in on_member_update
Traceback (most recent call last):
  File "/usr/local/lib/python3.12/site-packages/discord/client.py", line 465, in _run_event
    await coro(*args, **kwargs)
  File "/app/asu_discord/cogs/analytics.py", line 652, in on_member_update
    before_timeout = before.timed_out_until
                     ^^^^^^^^^^^^^^^^^^^^^^
AttributeError: 'Member' object has no attribute 'timed_out_until'
Ignoring exception in on_member_update
Traceback (most recent call last):
  File "/usr/local/lib/python3.12/site-packages/discord/client.py", line 465, in _run_event
    await coro(*args, **kwargs)
  File "/app/asu_discord/cogs/analytics.py", line 652, in on_member_update
    before_timeout = before.timed_out_until
                     ^^^^^^^^^^^^^^^^^^^^^^
AttributeError: 'Member' object has no attribute 'timed_out_until'
Ignoring exception in on_member_update
Traceback (most recent call last):
  File "/usr/local/lib/python3.12/site-packages/discord/client.py", line 465, in _run_event
    await coro(*args, **kwargs)
  File "/app/asu_discord/cogs/analytics.py", line 652, in on_member_update
    before_timeout = before.timed_out_until
                     ^^^^^^^^^^^^^^^^^^^^^^
AttributeError: 'Member' object has no attribute 'timed_out_until'
Ignoring exception in on_member_update
Traceback (most recent call last):
  File "/usr/local/lib/python3.12/site-packages/discord/client.py", line 465, in _run_event
    await coro(*args, **kwargs)
  File "/app/asu_discord/cogs/analytics.py", line 652, in on_member_update
    before_timeout = before.timed_out_until
                     ^^^^^^^^^^^^^^^^^^^^^^
AttributeError: 'Member' object has no attribute 'timed_out_until'
Ignoring exception in on_member_update
Traceback (most recent call last):
  File "/usr/local/lib/python3.12/site-packages/discord/client.py", line 465, in _run_event
    await coro(*args, **kwargs)
  File "/app/asu_discord/cogs/analytics.py", line 652, in on_member_update
    before_timeout = before.timed_out_until
                     ^^^^^^^^^^^^^^^^^^^^^^
AttributeError: 'Member' object has no attribute 'timed_out_until'
Ignoring exception in on_member_update
Traceback (most recent call last):
  File "/usr/local/lib/python3.12/site-packages/discord/client.py", line 465, in _run_event
    await coro(*args, **kwargs)
  File "/app/asu_discord/cogs/analytics.py", line 652, in on_member_update
    before_timeout = before.timed_out_until
                     ^^^^^^^^^^^^^^^^^^^^^^
AttributeError: 'Member' object has no attribute 'timed_out_until'
Ignoring exception in on_member_update
Traceback (most recent call last):
  File "/usr/local/lib/python3.12/site-packages/discord/client.py", line 465, in _run_event
    await coro(*args, **kwargs)
  File "/app/asu_discord/cogs/analytics.py", line 652, in on_member_update
    before_timeout = before.timed_out_until
                     ^^^^^^^^^^^^^^^^^^^^^^
AttributeError: 'Member' object has no attribute 'timed_out_until'
INFO:asu_discord.cogs.verification:Saved 5 roles to database for user sheffne3 (Discord ID: 853036777703342081)
INFO:asu_discord.cogs.verification:Refreshed Salesforce roles for Discord user 853036777703342081: -4/+5 roles, assigned=[Arizona Resident, Commited, First Year, Tempe, W.P. Carey School of Business]
Ignoring exception in on_member_update
Traceback (most recent call last):
  File "/usr/local/lib/python3.12/site-packages/discord/client.py", line 465, in _run_event
    await coro(*args, **kwargs)
  File "/app/asu_discord/cogs/analytics.py", line 652, in on_member_update
    before_timeout = before.timed_out_until
                     ^^^^^^^^^^^^^^^^^^^^^^
AttributeError: 'Member' object has no attribute 'timed_out_until'
Ignoring exception in on_member_update
Traceback (most recent call last):
  File "/usr/local/lib/python3.12/site-packages/discord/client.py", line 465, in _run_event
    await coro(*args, **kwargs)
  File "/app/asu_discord/cogs/analytics.py", line 652, in on_member_update
    before_timeout = before.timed_out_until
                     ^^^^^^^^^^^^^^^^^^^^^^
AttributeError: 'Member' object has no attribute 'timed_out_until'
Ignoring exception in on_member_update
Traceback (most recent call last):
  File "/usr/local/lib/python3.12/site-packages/discord/client.py", line 465, in _run_event
    await coro(*args, **kwargs)
  File "/app/asu_discord/cogs/analytics.py", line 652, in on_member_update
    before_timeout = before.timed_out_until
                     ^^^^^^^^^^^^^^^^^^^^^^
AttributeError: 'Member' object has no attribute 'timed_out_until'
Ignoring exception in on_member_update
Traceback (most recent call last):
  File "/usr/local/lib/python3.12/site-packages/discord/client.py", line 465, in _run_event
    await coro(*args, **kwargs)
  File "/app/asu_discord/cogs/analytics.py", line 652, in on_member_update
    before_timeout = before.timed_out_until
                     ^^^^^^^^^^^^^^^^^^^^^^
AttributeError: 'Member' object has no attribute 'timed_out_until'
Ignoring exception in on_member_update
Traceback (most recent call last):
  File "/usr/local/lib/python3.12/site-packages/discord/client.py", line 465, in _run_event
    await coro(*args, **kwargs)
  File "/app/asu_discord/cogs/analytics.py", line 652, in on_member_update
    before_timeout = before.timed_out_until
                     ^^^^^^^^^^^^^^^^^^^^^^
AttributeError: 'Member' object has no attribute 'timed_out_until'
Ignoring exception in on_member_update
Traceback (most recent call last):
  File "/usr/local/lib/python3.12/site-packages/discord/client.py", line 465, in _run_event
    await coro(*args, **kwargs)
  File "/app/asu_discord/cogs/analytics.py", line 652, in on_member_update
    before_timeout = before.timed_out_until
                     ^^^^^^^^^^^^^^^^^^^^^^
AttributeError: 'Member' object has no attribute 'timed_out_until'
Ignoring exception in on_member_update
Traceback (most recent call last):
  File "/usr/local/lib/python3.12/site-packages/discord/client.py", line 465, in _run_event
    await coro(*args, **kwargs)
  File "/app/asu_discord/cogs/analytics.py", line 652, in on_member_update
    before_timeout = before.timed_out_until
                     ^^^^^^^^^^^^^^^^^^^^^^
AttributeError: 'Member' object has no attribute 'timed_out_until'
Ignoring exception in on_member_update
Traceback (most recent call last):
  File "/usr/local/lib/python3.12/site-packages/discord/client.py", line 465, in _run_event
    await coro(*args, **kwargs)
  File "/app/asu_discord/cogs/analytics.py", line 652, in on_member_update
    before_timeout = before.timed_out_until
                     ^^^^^^^^^^^^^^^^^^^^^^
AttributeError: 'Member' object has no attribute 'timed_out_until'
Ignoring exception in on_member_update
Traceback (most recent call last):
  File "/usr/local/lib/python3.12/site-packages/discord/client.py", line 465, in _run_event
    await coro(*args, **kwargs)
  File "/app/asu_discord/cogs/analytics.py", line 652, in on_member_update
    before_timeout = before.timed_out_until
                     ^^^^^^^^^^^^^^^^^^^^^^
AttributeError: 'Member' object has no attribute 'timed_out_until'
Ignoring exception in on_member_update
Traceback (most recent call last):
  File "/usr/local/lib/python3.12/site-packages/discord/client.py", line 465, in _run_event
    await coro(*args, **kwargs)
  File "/app/asu_discord/cogs/analytics.py", line 652, in on_member_update
    before_timeout = before.timed_out_until
                     ^^^^^^^^^^^^^^^^^^^^^^
AttributeError: 'Member' object has no attribute 'timed_out_until'
INFO:asu_discord.cogs.verification:Saved 5 roles to database for user tmtajiri (Discord ID: 1416455051622350989)
INFO:asu_discord.cogs.verification:Refreshed Salesforce roles for Discord user 1416455051622350989: -5/+5 roles, assigned=[Arizona Resident, First Generation Student, First Year, W.P. Carey School of Business, West Valley]
ERROR:cron.jobs:refresh_salesforce_roles: failed for nnguy135 (Discord ID 866676386025832448): Failed to refresh Salesforce-based roles: Discord user 866676386025832448 is not a member of the guild
Ignoring exception in on_member_update
Traceback (most recent call last):
  File "/usr/local/lib/python3.12/site-packages/discord/client.py", line 465, in _run_event
    await coro(*args, **kwargs)
  File "/app/asu_discord/cogs/analytics.py", line 652, in on_member_update
    before_timeout = before.timed_out_until
                     ^^^^^^^^^^^^^^^^^^^^^^
AttributeError: 'Member' object has no attribute 'timed_out_until'
Ignoring exception in on_member_update
Traceback (most recent call last):
  File "/usr/local/lib/python3.12/site-packages/discord/client.py", line 465, in _run_event
    await coro(*args, **kwargs)
  File "/app/asu_discord/cogs/analytics.py", line 652, in on_member_update
    before_timeout = before.timed_out_until
                     ^^^^^^^^^^^^^^^^^^^^^^
AttributeError: 'Member' object has no attribute 'timed_out_until'
Ignoring exception in on_member_update
Traceback (most recent call last):
  File "/usr/local/lib/python3.12/site-packages/discord/client.py", line 465, in _run_event
    await coro(*args, **kwargs)
  File "/app/asu_discord/cogs/analytics.py", line 652, in on_member_update
    before_timeout = before.timed_out_until
                     ^^^^^^^^^^^^^^^^^^^^^^
AttributeError: 'Member' object has no attribute 'timed_out_until'
Ignoring exception in on_member_update
Traceback (most recent call last):
  File "/usr/local/lib/python3.12/site-packages/discord/client.py", line 465, in _run_event
    await coro(*args, **kwargs)
  File "/app/asu_discord/cogs/analytics.py", line 652, in on_member_update
    before_timeout = before.timed_out_until
                     ^^^^^^^^^^^^^^^^^^^^^^
AttributeError: 'Member' object has no attribute 'timed_out_until'
Ignoring exception in on_member_update
Traceback (most recent call last):
  File "/usr/local/lib/python3.12/site-packages/discord/client.py", line 465, in _run_event
    await coro(*args, **kwargs)
  File "/app/asu_discord/cogs/analytics.py", line 652, in on_member_update
    before_timeout = before.timed_out_until
                     ^^^^^^^^^^^^^^^^^^^^^^
AttributeError: 'Member' object has no attribute 'timed_out_until'
Ignoring exception in on_member_update
Traceback (most recent call last):
  File "/usr/local/lib/python3.12/site-packages/discord/client.py", line 465, in _run_event
    await coro(*args, **kwargs)
  File "/app/asu_discord/cogs/analytics.py", line 652, in on_member_update
    before_timeout = before.timed_out_until
                     ^^^^^^^^^^^^^^^^^^^^^^
AttributeError: 'Member' object has no attribute 'timed_out_until'
Ignoring exception in on_member_update
Traceback (most recent call last):
  File "/usr/local/lib/python3.12/site-packages/discord/client.py", line 465, in _run_event
    await coro(*args, **kwargs)
  File "/app/asu_discord/cogs/analytics.py", line 652, in on_member_update
    before_timeout = before.timed_out_until
                     ^^^^^^^^^^^^^^^^^^^^^^
AttributeError: 'Member' object has no attribute 'timed_out_until'
Ignoring exception in on_member_update
Traceback (most recent call last):
  File "/usr/local/lib/python3.12/site-packages/discord/client.py", line 465, in _run_event
    await coro(*args, **kwargs)
  File "/app/asu_discord/cogs/analytics.py", line 652, in on_member_update
    before_timeout = before.timed_out_until
                     ^^^^^^^^^^^^^^^^^^^^^^
AttributeError: 'Member' object has no attribute 'timed_out_until'
INFO:asu_discord.cogs.verification:Saved 4 roles to database for user cgraff12 (Discord ID: 743183563012440085)
INFO:asu_discord.cogs.verification:Refreshed Salesforce roles for Discord user 743183563012440085: -4/+4 roles, assigned=[Arizona Resident, College of Health Solutions, Downtown Phoenix, First Year]
ERROR:cron.jobs:refresh_salesforce_roles: failed for twang348 (Discord ID 933711955229831218): Failed to refresh Salesforce-based roles: Discord user 933711955229831218 is not a member of the guild
Ignoring exception in on_member_update
Traceback (most recent call last):
  File "/usr/local/lib/python3.12/site-packages/discord/client.py", line 465, in _run_event
    await coro(*args, **kwargs)
  File "/app/asu_discord/cogs/analytics.py", line 652, in on_member_update
    before_timeout = before.timed_out_until
                     ^^^^^^^^^^^^^^^^^^^^^^
AttributeError: 'Member' object has no attribute 'timed_out_until'
Ignoring exception in on_member_update
Traceback (most recent call last):
  File "/usr/local/lib/python3.12/site-packages/discord/client.py", line 465, in _run_event
    await coro(*args, **kwargs)
  File "/app/asu_discord/cogs/analytics.py", line 652, in on_member_update
    before_timeout = before.timed_out_until
                     ^^^^^^^^^^^^^^^^^^^^^^
AttributeError: 'Member' object has no attribute 'timed_out_until'
Ignoring exception in on_member_update
Traceback (most recent call last):
  File "/usr/local/lib/python3.12/site-packages/discord/client.py", line 465, in _run_event
    await coro(*args, **kwargs)
  File "/app/asu_discord/cogs/analytics.py", line 652, in on_member_update
    before_timeout = before.timed_out_until
                     ^^^^^^^^^^^^^^^^^^^^^^
AttributeError: 'Member' object has no attribute 'timed_out_until'
Ignoring exception in on_member_update
Traceback (most recent call last):
  File "/usr/local/lib/python3.12/site-packages/discord/client.py", line 465, in _run_event
    await coro(*args, **kwargs)
  File "/app/asu_discord/cogs/analytics.py", line 652, in on_member_update
    before_timeout = before.timed_out_until
                     ^^^^^^^^^^^^^^^^^^^^^^
AttributeError: 'Member' object has no attribute 'timed_out_until'
Ignoring exception in on_member_update
Traceback (most recent call last):
  File "/usr/local/lib/python3.12/site-packages/discord/client.py", line 465, in _run_event
    await coro(*args, **kwargs)
  File "/app/asu_discord/cogs/analytics.py", line 652, in on_member_update
    before_timeout = before.timed_out_until
                     ^^^^^^^^^^^^^^^^^^^^^^
AttributeError: 'Member' object has no attribute 'timed_out_until'
Ignoring exception in on_member_update
Traceback (most recent call last):
  File "/usr/local/lib/python3.12/site-packages/discord/client.py", line 465, in _run_event
    await coro(*args, **kwargs)
  File "/app/asu_discord/cogs/analytics.py", line 652, in on_member_update
    before_timeout = before.timed_out_until
                     ^^^^^^^^^^^^^^^^^^^^^^
AttributeError: 'Member' object has no attribute 'timed_out_until'
Ignoring exception in on_member_update
Traceback (most recent call last):
  File "/usr/local/lib/python3.12/site-packages/discord/client.py", line 465, in _run_event
    await coro(*args, **kwargs)
  File "/app/asu_discord/cogs/analytics.py", line 652, in on_member_update
    before_timeout = before.timed_out_until
                     ^^^^^^^^^^^^^^^^^^^^^^
AttributeError: 'Member' object has no attribute 'timed_out_until'
Ignoring exception in on_member_update
Traceback (most recent call last):
  File "/usr/local/lib/python3.12/site-packages/discord/client.py", line 465, in _run_event
    await coro(*args, **kwargs)
  File "/app/asu_discord/cogs/analytics.py", line 652, in on_member_update
    before_timeout = before.timed_out_until
                     ^^^^^^^^^^^^^^^^^^^^^^
AttributeError: 'Member' object has no attribute 'timed_out_until'
Ignoring exception in on_member_update
Traceback (most recent call last):
  File "/usr/local/lib/python3.12/site-packages/discord/client.py", line 465, in _run_event
    await coro(*args, **kwargs)
  File "/app/asu_discord/cogs/analytics.py", line 652, in on_member_update
    before_timeout = before.timed_out_until
                     ^^^^^^^^^^^^^^^^^^^^^^
AttributeError: 'Member' object has no attribute 'timed_out_until'
Ignoring exception in on_member_update
Traceback (most recent call last):
  File "/usr/local/lib/python3.12/site-packages/discord/client.py", line 465, in _run_event
    await coro(*args, **kwargs)
  File "/app/asu_discord/cogs/analytics.py", line 652, in on_member_update
    before_timeout = before.timed_out_until
                     ^^^^^^^^^^^^^^^^^^^^^^
AttributeError: 'Member' object has no attribute 'timed_out_until'
INFO:asu_discord.cogs.verification:Saved 5 roles to database for user lmeldred (Discord ID: 736722409708847114)
INFO:asu_discord.cogs.verification:Refreshed Salesforce roles for Discord user 736722409708847114: -5/+5 roles, assigned=[Commited, First Year, Ira A. Fulton Schools of Engineering, Out of State, Tempe]
Ignoring exception in on_member_update
Traceback (most recent call last):
  File "/usr/local/lib/python3.12/site-packages/discord/client.py", line 465, in _run_event
    await coro(*args, **kwargs)
  File "/app/asu_discord/cogs/analytics.py", line 652, in on_member_update
    before_timeout = before.timed_out_until
                     ^^^^^^^^^^^^^^^^^^^^^^
AttributeError: 'Member' object has no attribute 'timed_out_until'
Ignoring exception in on_member_update
Traceback (most recent call last):
  File "/usr/local/lib/python3.12/site-packages/discord/client.py", line 465, in _run_event
    await coro(*args, **kwargs)
  File "/app/asu_discord/cogs/analytics.py", line 652, in on_member_update
    before_timeout = before.timed_out_until
                     ^^^^^^^^^^^^^^^^^^^^^^
AttributeError: 'Member' object has no attribute 'timed_out_until'
INFO:asu_discord.cogs.verification:Saved 1 roles to database for user jjstanl1 (Discord ID: 1454317320766750730)
INFO:asu_discord.cogs.verification:Refreshed Salesforce roles for Discord user 1454317320766750730: -1/+1 roles, assigned=[Out of State]
Ignoring exception in on_member_update
Traceback (most recent call last):
  File "/usr/local/lib/python3.12/site-packages/discord/client.py", line 465, in _run_event
    await coro(*args, **kwargs)
  File "/app/asu_discord/cogs/analytics.py", line 652, in on_member_update
    before_timeout = before.timed_out_until
                     ^^^^^^^^^^^^^^^^^^^^^^
AttributeError: 'Member' object has no attribute 'timed_out_until'
Ignoring exception in on_member_update
Traceback (most recent call last):
  File "/usr/local/lib/python3.12/site-packages/discord/client.py", line 465, in _run_event
    await coro(*args, **kwargs)
  File "/app/asu_discord/cogs/analytics.py", line 652, in on_member_update
    before_timeout = before.timed_out_until
                     ^^^^^^^^^^^^^^^^^^^^^^
AttributeError: 'Member' object has no attribute 'timed_out_until'
Ignoring exception in on_member_update
Traceback (most recent call last):
  File "/usr/local/lib/python3.12/site-packages/discord/client.py", line 465, in _run_event
    await coro(*args, **kwargs)
  File "/app/asu_discord/cogs/analytics.py", line 652, in on_member_update
    before_timeout = before.timed_out_until
                     ^^^^^^^^^^^^^^^^^^^^^^
AttributeError: 'Member' object has no attribute 'timed_out_until'
Ignoring exception in on_member_update
Traceback (most recent call last):
  File "/usr/local/lib/python3.12/site-packages/discord/client.py", line 465, in _run_event
    await coro(*args, **kwargs)
  File "/app/asu_discord/cogs/analytics.py", line 652, in on_member_update
    before_timeout = before.timed_out_until
                     ^^^^^^^^^^^^^^^^^^^^^^
AttributeError: 'Member' object has no attribute 'timed_out_until'
Ignoring exception in on_member_update
Traceback (most recent call last):
  File "/usr/local/lib/python3.12/site-packages/discord/client.py", line 465, in _run_event
    await coro(*args, **kwargs)
  File "/app/asu_discord/cogs/analytics.py", line 652, in on_member_update
    before_timeout = before.timed_out_until
                     ^^^^^^^^^^^^^^^^^^^^^^
AttributeError: 'Member' object has no attribute 'timed_out_until'
Ignoring exception in on_member_update
Traceback (most recent call last):
  File "/usr/local/lib/python3.12/site-packages/discord/client.py", line 465, in _run_event
    await coro(*args, **kwargs)
  File "/app/asu_discord/cogs/analytics.py", line 652, in on_member_update
    before_timeout = before.timed_out_until
                     ^^^^^^^^^^^^^^^^^^^^^^
AttributeError: 'Member' object has no attribute 'timed_out_until'
Ignoring exception in on_member_update
Traceback (most recent call last):
  File "/usr/local/lib/python3.12/site-packages/discord/client.py", line 465, in _run_event
    await coro(*args, **kwargs)
  File "/app/asu_discord/cogs/analytics.py", line 652, in on_member_update
    before_timeout = before.timed_out_until
                     ^^^^^^^^^^^^^^^^^^^^^^
AttributeError: 'Member' object has no attribute 'timed_out_until'
Ignoring exception in on_member_update
Traceback (most recent call last):
  File "/usr/local/lib/python3.12/site-packages/discord/client.py", line 465, in _run_event
    await coro(*args, **kwargs)
  File "/app/asu_discord/cogs/analytics.py", line 652, in on_member_update
    before_timeout = before.timed_out_until
                     ^^^^^^^^^^^^^^^^^^^^^^
AttributeError: 'Member' object has no attribute 'timed_out_until'
Ignoring exception in on_member_update
Traceback (most recent call last):
  File "/usr/local/lib/python3.12/site-packages/discord/client.py", line 465, in _run_event
    await coro(*args, **kwargs)
  File "/app/asu_discord/cogs/analytics.py", line 652, in on_member_update
    before_timeout = before.timed_out_until
                     ^^^^^^^^^^^^^^^^^^^^^^
AttributeError: 'Member' object has no attribute 'timed_out_until'
Ignoring exception in on_member_update
Traceback (most recent call last):
  File "/usr/local/lib/python3.12/site-packages/discord/client.py", line 465, in _run_event
    await coro(*args, **kwargs)
  File "/app/asu_discord/cogs/analytics.py", line 652, in on_member_update
    before_timeout = before.timed_out_until
                     ^^^^^^^^^^^^^^^^^^^^^^
AttributeError: 'Member' object has no attribute 'timed_out_until'
INFO:asu_discord.cogs.verification:Saved 5 roles to database for user nbecerr7 (Discord ID: 703396646486278234)
INFO:asu_discord.cogs.verification:Refreshed Salesforce roles for Discord user 703396646486278234: -5/+5 roles, assigned=[Arizona Resident, Commited, First Year, Herberger Institute for Design and the Arts, Tempe]
Ignoring exception in on_member_update
Traceback (most recent call last):
  File "/usr/local/lib/python3.12/site-packages/discord/client.py", line 465, in _run_event
    await coro(*args, **kwargs)
  File "/app/asu_discord/cogs/analytics.py", line 652, in on_member_update
    before_timeout = before.timed_out_until
                     ^^^^^^^^^^^^^^^^^^^^^^
AttributeError: 'Member' object has no attribute 'timed_out_until'
Ignoring exception in on_member_update
Traceback (most recent call last):
  File "/usr/local/lib/python3.12/site-packages/discord/client.py", line 465, in _run_event
    await coro(*args, **kwargs)
  File "/app/asu_discord/cogs/analytics.py", line 652, in on_member_update
    before_timeout = before.timed_out_until
                     ^^^^^^^^^^^^^^^^^^^^^^
AttributeError: 'Member' object has no attribute 'timed_out_until'
Ignoring exception in on_member_update
Traceback (most recent call last):
  File "/usr/local/lib/python3.12/site-packages/discord/client.py", line 465, in _run_event
    await coro(*args, **kwargs)
  File "/app/asu_discord/cogs/analytics.py", line 652, in on_member_update
    before_timeout = before.timed_out_until
                     ^^^^^^^^^^^^^^^^^^^^^^
AttributeError: 'Member' object has no attribute 'timed_out_until'
Ignoring exception in on_member_update
Traceback (most recent call last):
  File "/usr/local/lib/python3.12/site-packages/discord/client.py", line 465, in _run_event
    await coro(*args, **kwargs)
  File "/app/asu_discord/cogs/analytics.py", line 652, in on_member_update
    before_timeout = before.timed_out_until
                     ^^^^^^^^^^^^^^^^^^^^^^
AttributeError: 'Member' object has no attribute 'timed_out_until'
Ignoring exception in on_member_update
Traceback (most recent call last):
  File "/usr/local/lib/python3.12/site-packages/discord/client.py", line 465, in _run_event
    await coro(*args, **kwargs)
  File "/app/asu_discord/cogs/analytics.py", line 652, in on_member_update
    before_timeout = before.timed_out_until
                     ^^^^^^^^^^^^^^^^^^^^^^
AttributeError: 'Member' object has no attribute 'timed_out_until'
Ignoring exception in on_member_update
Traceback (most recent call last):
  File "/usr/local/lib/python3.12/site-packages/discord/client.py", line 465, in _run_event
    await coro(*args, **kwargs)
  File "/app/asu_discord/cogs/analytics.py", line 652, in on_member_update
    before_timeout = before.timed_out_until
                     ^^^^^^^^^^^^^^^^^^^^^^
AttributeError: 'Member' object has no attribute 'timed_out_until'
Ignoring exception in on_member_update
Traceback (most recent call last):
  File "/usr/local/lib/python3.12/site-packages/discord/client.py", line 465, in _run_event
    await coro(*args, **kwargs)
  File "/app/asu_discord/cogs/analytics.py", line 652, in on_member_update
    before_timeout = before.timed_out_until
                     ^^^^^^^^^^^^^^^^^^^^^^
AttributeError: 'Member' object has no attribute 'timed_out_until'
INFO:asu_discord.cogs.verification:Saved 4 roles to database for user falgha14 (Discord ID: 527501389153435648)
INFO:asu_discord.cogs.verification:Refreshed Salesforce roles for Discord user 527501389153435648: -3/+4 roles, assigned=[Downtown Phoenix, First Year, International Student, W.P. Carey School of Business]
ERROR:cron.jobs:refresh_salesforce_roles: failed for ticlevel (Discord ID 864235087888646195): Failed to refresh Salesforce-based roles: Discord user 864235087888646195 is not a member of the guild
ERROR:cron.jobs:refresh_salesforce_roles: failed for amhoy (Discord ID 877328526867578891): Failed to refresh Salesforce-based roles: Discord user 877328526867578891 is not a member of the guild
Ignoring exception in on_member_update
Traceback (most recent call last):
  File "/usr/local/lib/python3.12/site-packages/discord/client.py", line 465, in _run_event
    await coro(*args, **kwargs)
  File "/app/asu_discord/cogs/analytics.py", line 652, in on_member_update
    before_timeout = before.timed_out_until
                     ^^^^^^^^^^^^^^^^^^^^^^
AttributeError: 'Member' object has no attribute 'timed_out_until'
Ignoring exception in on_member_update
Traceback (most recent call last):
  File "/usr/local/lib/python3.12/site-packages/discord/client.py", line 465, in _run_event
    await coro(*args, **kwargs)
  File "/app/asu_discord/cogs/analytics.py", line 652, in on_member_update
    before_timeout = before.timed_out_until
                     ^^^^^^^^^^^^^^^^^^^^^^
AttributeError: 'Member' object has no attribute 'timed_out_until'
Ignoring exception in on_member_update
Traceback (most recent call last):
  File "/usr/local/lib/python3.12/site-packages/discord/client.py", line 465, in _run_event
    await coro(*args, **kwargs)
  File "/app/asu_discord/cogs/analytics.py", line 652, in on_member_update
    before_timeout = before.timed_out_until
                     ^^^^^^^^^^^^^^^^^^^^^^
AttributeError: 'Member' object has no attribute 'timed_out_until'
Ignoring exception in on_member_update
Traceback (most recent call last):
  File "/usr/local/lib/python3.12/site-packages/discord/client.py", line 465, in _run_event
    await coro(*args, **kwargs)
  File "/app/asu_discord/cogs/analytics.py", line 652, in on_member_update
    before_timeout = before.timed_out_until
                     ^^^^^^^^^^^^^^^^^^^^^^
AttributeError: 'Member' object has no attribute 'timed_out_until'
Ignoring exception in on_member_update
Traceback (most recent call last):
  File "/usr/local/lib/python3.12/site-packages/discord/client.py", line 465, in _run_event
    await coro(*args, **kwargs)
  File "/app/asu_discord/cogs/analytics.py", line 652, in on_member_update
    before_timeout = before.timed_out_until
                     ^^^^^^^^^^^^^^^^^^^^^^
AttributeError: 'Member' object has no attribute 'timed_out_until'
Ignoring exception in on_member_update
Traceback (most recent call last):
  File "/usr/local/lib/python3.12/site-packages/discord/client.py", line 465, in _run_event
    await coro(*args, **kwargs)
  File "/app/asu_discord/cogs/analytics.py", line 652, in on_member_update
    before_timeout = before.timed_out_until
                     ^^^^^^^^^^^^^^^^^^^^^^
AttributeError: 'Member' object has no attribute 'timed_out_until'
Ignoring exception in on_member_update
Traceback (most recent call last):
  File "/usr/local/lib/python3.12/site-packages/discord/client.py", line 465, in _run_event
    await coro(*args, **kwargs)
  File "/app/asu_discord/cogs/analytics.py", line 652, in on_member_update
    before_timeout = before.timed_out_until
                     ^^^^^^^^^^^^^^^^^^^^^^
AttributeError: 'Member' object has no attribute 'timed_out_until'
INFO:asu_discord.cogs.verification:Saved 4 roles to database for user junyuan4 (Discord ID: 801101589716008980)
INFO:asu_discord.cogs.verification:Refreshed Salesforce roles for Discord user 801101589716008980: -3/+4 roles, assigned=[First Year, Out of State, Tempe, W.P. Carey School of Business]
ERROR:cron.jobs:refresh_salesforce_roles: failed for ejbell13 (Discord ID 1240467011763572819): Failed to refresh Salesforce-based roles: Discord user 1240467011763572819 is not a member of the guild
Ignoring exception in on_member_update
Traceback (most recent call last):
  File "/usr/local/lib/python3.12/site-packages/discord/client.py", line 465, in _run_event
    await coro(*args, **kwargs)
  File "/app/asu_discord/cogs/analytics.py", line 652, in on_member_update
    before_timeout = before.timed_out_until
                     ^^^^^^^^^^^^^^^^^^^^^^
AttributeError: 'Member' object has no attribute 'timed_out_until'
Ignoring exception in on_member_update
Traceback (most recent call last):
  File "/usr/local/lib/python3.12/site-packages/discord/client.py", line 465, in _run_event
    await coro(*args, **kwargs)
  File "/app/asu_discord/cogs/analytics.py", line 652, in on_member_update
    before_timeout = before.timed_out_until
                     ^^^^^^^^^^^^^^^^^^^^^^
AttributeError: 'Member' object has no attribute 'timed_out_until'
Ignoring exception in on_member_update
Traceback (most recent call last):
  File "/usr/local/lib/python3.12/site-packages/discord/client.py", line 465, in _run_event
    await coro(*args, **kwargs)
  File "/app/asu_discord/cogs/analytics.py", line 652, in on_member_update
    before_timeout = before.timed_out_until
                     ^^^^^^^^^^^^^^^^^^^^^^
AttributeError: 'Member' object has no attribute 'timed_out_until'
Ignoring exception in on_member_update
Traceback (most recent call last):
  File "/usr/local/lib/python3.12/site-packages/discord/client.py", line 465, in _run_event
    await coro(*args, **kwargs)
  File "/app/asu_discord/cogs/analytics.py", line 652, in on_member_update
    before_timeout = before.timed_out_until
                     ^^^^^^^^^^^^^^^^^^^^^^
AttributeError: 'Member' object has no attribute 'timed_out_until'
Ignoring exception in on_member_update
Traceback (most recent call last):
  File "/usr/local/lib/python3.12/site-packages/discord/client.py", line 465, in _run_event
    await coro(*args, **kwargs)
  File "/app/asu_discord/cogs/analytics.py", line 652, in on_member_update
    before_timeout = before.timed_out_until
                     ^^^^^^^^^^^^^^^^^^^^^^
AttributeError: 'Member' object has no attribute 'timed_out_until'
Ignoring exception in on_member_update
Traceback (most recent call last):
  File "/usr/local/lib/python3.12/site-packages/discord/client.py", line 465, in _run_event
    await coro(*args, **kwargs)
  File "/app/asu_discord/cogs/analytics.py", line 652, in on_member_update
    before_timeout = before.timed_out_until
                     ^^^^^^^^^^^^^^^^^^^^^^
AttributeError: 'Member' object has no attribute 'timed_out_until'
Ignoring exception in on_member_update
Traceback (most recent call last):
  File "/usr/local/lib/python3.12/site-packages/discord/client.py", line 465, in _run_event
    await coro(*args, **kwargs)
  File "/app/asu_discord/cogs/analytics.py", line 652, in on_member_update
    before_timeout = before.timed_out_until
                     ^^^^^^^^^^^^^^^^^^^^^^
AttributeError: 'Member' object has no attribute 'timed_out_until'
Ignoring exception in on_member_update
Traceback (most recent call last):
  File "/usr/local/lib/python3.12/site-packages/discord/client.py", line 465, in _run_event
    await coro(*args, **kwargs)
  File "/app/asu_discord/cogs/analytics.py", line 652, in on_member_update
    before_timeout = before.timed_out_until
                     ^^^^^^^^^^^^^^^^^^^^^^
AttributeError: 'Member' object has no attribute 'timed_out_until'
Ignoring exception in on_member_update
Traceback (most recent call last):
  File "/usr/local/lib/python3.12/site-packages/discord/client.py", line 465, in _run_event
    await coro(*args, **kwargs)
  File "/app/asu_discord/cogs/analytics.py", line 652, in on_member_update
    before_timeout = before.timed_out_until
                     ^^^^^^^^^^^^^^^^^^^^^^
AttributeError: 'Member' object has no attribute 'timed_out_until'
Ignoring exception in on_member_update
Traceback (most recent call last):
  File "/usr/local/lib/python3.12/site-packages/discord/client.py", line 465, in _run_event
    await coro(*args, **kwargs)
  File "/app/asu_discord/cogs/analytics.py", line 652, in on_member_update
    before_timeout = before.timed_out_until
                     ^^^^^^^^^^^^^^^^^^^^^^
AttributeError: 'Member' object has no attribute 'timed_out_until'
INFO:asu_discord.cogs.verification:Saved 5 roles to database for user achinkes (Discord ID: 1071451921942073395)
INFO:asu_discord.cogs.verification:Refreshed Salesforce roles for Discord user 1071451921942073395: -5/+5 roles, assigned=[Commited, First Year, Ira A. Fulton Schools of Engineering, Out of State, Polytechnic]
Ignoring exception in on_member_update
Traceback (most recent call last):
  File "/usr/local/lib/python3.12/site-packages/discord/client.py", line 465, in _run_event
    await coro(*args, **kwargs)
  File "/app/asu_discord/cogs/analytics.py", line 652, in on_member_update
    before_timeout = before.timed_out_until
                     ^^^^^^^^^^^^^^^^^^^^^^
AttributeError: 'Member' object has no attribute 'timed_out_until'
Ignoring exception in on_member_update
Traceback (most recent call last):
  File "/usr/local/lib/python3.12/site-packages/discord/client.py", line 465, in _run_event
    await coro(*args, **kwargs)
  File "/app/asu_discord/cogs/analytics.py", line 652, in on_member_update
    before_timeout = before.timed_out_until
                     ^^^^^^^^^^^^^^^^^^^^^^
AttributeError: 'Member' object has no attribute 'timed_out_until'
Ignoring exception in on_member_update
Traceback (most recent call last):
  File "/usr/local/lib/python3.12/site-packages/discord/client.py", line 465, in _run_event
    await coro(*args, **kwargs)
  File "/app/asu_discord/cogs/analytics.py", line 652, in on_member_update
    before_timeout = before.timed_out_until
                     ^^^^^^^^^^^^^^^^^^^^^^
AttributeError: 'Member' object has no attribute 'timed_out_until'
Ignoring exception in on_member_update
Traceback (most recent call last):
  File "/usr/local/lib/python3.12/site-packages/discord/client.py", line 465, in _run_event
    await coro(*args, **kwargs)
  File "/app/asu_discord/cogs/analytics.py", line 652, in on_member_update
    before_timeout = before.timed_out_until
                     ^^^^^^^^^^^^^^^^^^^^^^
AttributeError: 'Member' object has no attribute 'timed_out_until'
Ignoring exception in on_member_update
Traceback (most recent call last):
  File "/usr/local/lib/python3.12/site-packages/discord/client.py", line 465, in _run_event
    await coro(*args, **kwargs)
  File "/app/asu_discord/cogs/analytics.py", line 652, in on_member_update
    before_timeout = before.timed_out_until
                     ^^^^^^^^^^^^^^^^^^^^^^
AttributeError: 'Member' object has no attribute 'timed_out_until'
Ignoring exception in on_member_update
Traceback (most recent call last):
  File "/usr/local/lib/python3.12/site-packages/discord/client.py", line 465, in _run_event
    await coro(*args, **kwargs)
  File "/app/asu_discord/cogs/analytics.py", line 652, in on_member_update
    before_timeout = before.timed_out_until
                     ^^^^^^^^^^^^^^^^^^^^^^
AttributeError: 'Member' object has no attribute 'timed_out_until'
Ignoring exception in on_member_update
Traceback (most recent call last):
  File "/usr/local/lib/python3.12/site-packages/discord/client.py", line 465, in _run_event
    await coro(*args, **kwargs)
  File "/app/asu_discord/cogs/analytics.py", line 652, in on_member_update
    before_timeout = before.timed_out_until
                     ^^^^^^^^^^^^^^^^^^^^^^
AttributeError: 'Member' object has no attribute 'timed_out_until'
Ignoring exception in on_member_update
Traceback (most recent call last):
  File "/usr/local/lib/python3.12/site-packages/discord/client.py", line 465, in _run_event
    await coro(*args, **kwargs)
  File "/app/asu_discord/cogs/analytics.py", line 652, in on_member_update
    before_timeout = before.timed_out_until
                     ^^^^^^^^^^^^^^^^^^^^^^
AttributeError: 'Member' object has no attribute 'timed_out_until'
INFO:asu_discord.cogs.verification:Saved 4 roles to database for user nslabon (Discord ID: 659322831628402710)
INFO:asu_discord.cogs.verification:Refreshed Salesforce roles for Discord user 659322831628402710: -4/+4 roles, assigned=[First Year, International Student, Tempe, W.P. Carey School of Business]
Ignoring exception in on_member_update
Traceback (most recent call last):
  File "/usr/local/lib/python3.12/site-packages/discord/client.py", line 465, in _run_event
    await coro(*args, **kwargs)
  File "/app/asu_discord/cogs/analytics.py", line 652, in on_member_update
    before_timeout = before.timed_out_until
                     ^^^^^^^^^^^^^^^^^^^^^^
AttributeError: 'Member' object has no attribute 'timed_out_until'
Ignoring exception in on_member_update
Traceback (most recent call last):
  File "/usr/local/lib/python3.12/site-packages/discord/client.py", line 465, in _run_event
    await coro(*args, **kwargs)
  File "/app/asu_discord/cogs/analytics.py", line 652, in on_member_update
    before_timeout = before.timed_out_until
                     ^^^^^^^^^^^^^^^^^^^^^^
AttributeError: 'Member' object has no attribute 'timed_out_until'
Ignoring exception in on_member_update
Traceback (most recent call last):
  File "/usr/local/lib/python3.12/site-packages/discord/client.py", line 465, in _run_event
    await coro(*args, **kwargs)
  File "/app/asu_discord/cogs/analytics.py", line 652, in on_member_update
    before_timeout = before.timed_out_until
                     ^^^^^^^^^^^^^^^^^^^^^^
AttributeError: 'Member' object has no attribute 'timed_out_until'
Ignoring exception in on_member_update
Traceback (most recent call last):
  File "/usr/local/lib/python3.12/site-packages/discord/client.py", line 465, in _run_event
    await coro(*args, **kwargs)
  File "/app/asu_discord/cogs/analytics.py", line 652, in on_member_update
    before_timeout = before.timed_out_until
                     ^^^^^^^^^^^^^^^^^^^^^^
AttributeError: 'Member' object has no attribute 'timed_out_until'
Ignoring exception in on_member_update
Traceback (most recent call last):
  File "/usr/local/lib/python3.12/site-packages/discord/client.py", line 465, in _run_event
    await coro(*args, **kwargs)
  File "/app/asu_discord/cogs/analytics.py", line 652, in on_member_update
    before_timeout = before.timed_out_until
                     ^^^^^^^^^^^^^^^^^^^^^^
AttributeError: 'Member' object has no attribute 'timed_out_until'
Ignoring exception in on_member_update
Traceback (most recent call last):
  File "/usr/local/lib/python3.12/site-packages/discord/client.py", line 465, in _run_event
    await coro(*args, **kwargs)
  File "/app/asu_discord/cogs/analytics.py", line 652, in on_member_update
    before_timeout = before.timed_out_until
                     ^^^^^^^^^^^^^^^^^^^^^^
AttributeError: 'Member' object has no attribute 'timed_out_until'
Ignoring exception in on_member_update
Traceback (most recent call last):
  File "/usr/local/lib/python3.12/site-packages/discord/client.py", line 465, in _run_event
    await coro(*args, **kwargs)
  File "/app/asu_discord/cogs/analytics.py", line 652, in on_member_update
    before_timeout = before.timed_out_until
                     ^^^^^^^^^^^^^^^^^^^^^^
AttributeError: 'Member' object has no attribute 'timed_out_until'
Ignoring exception in on_member_update
Traceback (most recent call last):
  File "/usr/local/lib/python3.12/site-packages/discord/client.py", line 465, in _run_event
    await coro(*args, **kwargs)
  File "/app/asu_discord/cogs/analytics.py", line 652, in on_member_update
    before_timeout = before.timed_out_until
                     ^^^^^^^^^^^^^^^^^^^^^^
AttributeError: 'Member' object has no attribute 'timed_out_until'
Ignoring exception in on_member_update
Traceback (most recent call last):
  File "/usr/local/lib/python3.12/site-packages/discord/client.py", line 465, in _run_event
    await coro(*args, **kwargs)
  File "/app/asu_discord/cogs/analytics.py", line 652, in on_member_update
    before_timeout = before.timed_out_until
                     ^^^^^^^^^^^^^^^^^^^^^^
AttributeError: 'Member' object has no attribute 'timed_out_until'
INFO:asu_discord.cogs.verification:Saved 5 roles to database for user lasheph2 (Discord ID: 614922109159866417)
INFO:asu_discord.cogs.verification:Refreshed Salesforce roles for Discord user 614922109159866417: -5/+4 roles, assigned=[Commited, First Year, Ira A. Fulton Schools of Engineering, Out of State, Tempe]
Ignoring exception in on_member_update
Traceback (most recent call last):
  File "/usr/local/lib/python3.12/site-packages/discord/client.py", line 465, in _run_event
    await coro(*args, **kwargs)
  File "/app/asu_discord/cogs/analytics.py", line 652, in on_member_update
    before_timeout = before.timed_out_until
                     ^^^^^^^^^^^^^^^^^^^^^^
AttributeError: 'Member' object has no attribute 'timed_out_until'
Ignoring exception in on_member_update
Traceback (most recent call last):
  File "/usr/local/lib/python3.12/site-packages/discord/client.py", line 465, in _run_event
    await coro(*args, **kwargs)
  File "/app/asu_discord/cogs/analytics.py", line 652, in on_member_update
    before_timeout = before.timed_out_until
                     ^^^^^^^^^^^^^^^^^^^^^^
AttributeError: 'Member' object has no attribute 'timed_out_until'
Ignoring exception in on_member_update
Traceback (most recent call last):
  File "/usr/local/lib/python3.12/site-packages/discord/client.py", line 465, in _run_event
    await coro(*args, **kwargs)
  File "/app/asu_discord/cogs/analytics.py", line 652, in on_member_update
    before_timeout = before.timed_out_until
                     ^^^^^^^^^^^^^^^^^^^^^^
AttributeError: 'Member' object has no attribute 'timed_out_until'
Ignoring exception in on_member_update
Traceback (most recent call last):
  File "/usr/local/lib/python3.12/site-packages/discord/client.py", line 465, in _run_event
    await coro(*args, **kwargs)
  File "/app/asu_discord/cogs/analytics.py", line 652, in on_member_update
    before_timeout = before.timed_out_until
                     ^^^^^^^^^^^^^^^^^^^^^^
AttributeError: 'Member' object has no attribute 'timed_out_until'
Ignoring exception in on_member_update
Traceback (most recent call last):
  File "/usr/local/lib/python3.12/site-packages/discord/client.py", line 465, in _run_event
    await coro(*args, **kwargs)
  File "/app/asu_discord/cogs/analytics.py", line 652, in on_member_update
    before_timeout = before.timed_out_until
                     ^^^^^^^^^^^^^^^^^^^^^^
AttributeError: 'Member' object has no attribute 'timed_out_until'
Ignoring exception in on_member_update
Traceback (most recent call last):
  File "/usr/local/lib/python3.12/site-packages/discord/client.py", line 465, in _run_event
    await coro(*args, **kwargs)
  File "/app/asu_discord/cogs/analytics.py", line 652, in on_member_update
    before_timeout = before.timed_out_until
                     ^^^^^^^^^^^^^^^^^^^^^^
AttributeError: 'Member' object has no attribute 'timed_out_until'
Ignoring exception in on_member_update
Traceback (most recent call last):
  File "/usr/local/lib/python3.12/site-packages/discord/client.py", line 465, in _run_event
    await coro(*args, **kwargs)
  File "/app/asu_discord/cogs/analytics.py", line 652, in on_member_update
    before_timeout = before.timed_out_until
                     ^^^^^^^^^^^^^^^^^^^^^^
AttributeError: 'Member' object has no attribute 'timed_out_until'
Ignoring exception in on_member_update
Traceback (most recent call last):
  File "/usr/local/lib/python3.12/site-packages/discord/client.py", line 465, in _run_event
    await coro(*args, **kwargs)
  File "/app/asu_discord/cogs/analytics.py", line 652, in on_member_update
    before_timeout = before.timed_out_until
                     ^^^^^^^^^^^^^^^^^^^^^^
AttributeError: 'Member' object has no attribute 'timed_out_until'
Ignoring exception in on_member_update
Traceback (most recent call last):
  File "/usr/local/lib/python3.12/site-packages/discord/client.py", line 465, in _run_event
    await coro(*args, **kwargs)
  File "/app/asu_discord/cogs/analytics.py", line 652, in on_member_update
    before_timeout = before.timed_out_until
                     ^^^^^^^^^^^^^^^^^^^^^^
AttributeError: 'Member' object has no attribute 'timed_out_until'
Ignoring exception in on_member_update
Traceback (most recent call last):
  File "/usr/local/lib/python3.12/site-packages/discord/client.py", line 465, in _run_event
    await coro(*args, **kwargs)
  File "/app/asu_discord/cogs/analytics.py", line 652, in on_member_update
    before_timeout = before.timed_out_until
                     ^^^^^^^^^^^^^^^^^^^^^^
AttributeError: 'Member' object has no attribute 'timed_out_until'
INFO:asu_discord.cogs.verification:Saved 5 roles to database for user scallow3 (Discord ID: 1440477434368491553)
INFO:asu_discord.cogs.verification:Refreshed Salesforce roles for Discord user 1440477434368491553: -5/+5 roles, assigned=[College of Liberal Arts and Sciences, Online, Out of State, Transfer Student, Upperclassmen]
Ignoring exception in on_member_update
Traceback (most recent call last):
  File "/usr/local/lib/python3.12/site-packages/discord/client.py", line 465, in _run_event
    await coro(*args, **kwargs)
  File "/app/asu_discord/cogs/analytics.py", line 652, in on_member_update
    before_timeout = before.timed_out_until
                     ^^^^^^^^^^^^^^^^^^^^^^
AttributeError: 'Member' object has no attribute 'timed_out_until'
Ignoring exception in on_member_update
Traceback (most recent call last):
  File "/usr/local/lib/python3.12/site-packages/discord/client.py", line 465, in _run_event
    await coro(*args, **kwargs)
  File "/app/asu_discord/cogs/analytics.py", line 652, in on_member_update
    before_timeout = before.timed_out_until
                     ^^^^^^^^^^^^^^^^^^^^^^
AttributeError: 'Member' object has no attribute 'timed_out_until'
Ignoring exception in on_member_update
Traceback (most recent call last):
  File "/usr/local/lib/python3.12/site-packages/discord/client.py", line 465, in _run_event
    await coro(*args, **kwargs)
  File "/app/asu_discord/cogs/analytics.py", line 652, in on_member_update
    before_timeout = before.timed_out_until
                     ^^^^^^^^^^^^^^^^^^^^^^
AttributeError: 'Member' object has no attribute 'timed_out_until'
Ignoring exception in on_member_update
Traceback (most recent call last):
  File "/usr/local/lib/python3.12/site-packages/discord/client.py", line 465, in _run_event
    await coro(*args, **kwargs)
  File "/app/asu_discord/cogs/analytics.py", line 652, in on_member_update
    before_timeout = before.timed_out_until
                     ^^^^^^^^^^^^^^^^^^^^^^
AttributeError: 'Member' object has no attribute 'timed_out_until'
Ignoring exception in on_member_update
Traceback (most recent call last):
  File "/usr/local/lib/python3.12/site-packages/discord/client.py", line 465, in _run_event
    await coro(*args, **kwargs)
  File "/app/asu_discord/cogs/analytics.py", line 652, in on_member_update
    before_timeout = before.timed_out_until
                     ^^^^^^^^^^^^^^^^^^^^^^
AttributeError: 'Member' object has no attribute 'timed_out_until'
Ignoring exception in on_member_update
Traceback (most recent call last):
  File "/usr/local/lib/python3.12/site-packages/discord/client.py", line 465, in _run_event
    await coro(*args, **kwargs)
  File "/app/asu_discord/cogs/analytics.py", line 652, in on_member_update
    before_timeout = before.timed_out_until
                     ^^^^^^^^^^^^^^^^^^^^^^
AttributeError: 'Member' object has no attribute 'timed_out_until'
Ignoring exception in on_member_update
Traceback (most recent call last):
  File "/usr/local/lib/python3.12/site-packages/discord/client.py", line 465, in _run_event
    await coro(*args, **kwargs)
  File "/app/asu_discord/cogs/analytics.py", line 652, in on_member_update
    before_timeout = before.timed_out_until
                     ^^^^^^^^^^^^^^^^^^^^^^
AttributeError: 'Member' object has no attribute 'timed_out_until'
Ignoring exception in on_member_update
Traceback (most recent call last):
  File "/usr/local/lib/python3.12/site-packages/discord/client.py", line 465, in _run_event
    await coro(*args, **kwargs)
  File "/app/asu_discord/cogs/analytics.py", line 652, in on_member_update
    before_timeout = before.timed_out_until
                     ^^^^^^^^^^^^^^^^^^^^^^
AttributeError: 'Member' object has no attribute 'timed_out_until'
Ignoring exception in on_member_update
Traceback (most recent call last):
  File "/usr/local/lib/python3.12/site-packages/discord/client.py", line 465, in _run_event
    await coro(*args, **kwargs)
  File "/app/asu_discord/cogs/analytics.py", line 652, in on_member_update
    before_timeout = before.timed_out_until
                     ^^^^^^^^^^^^^^^^^^^^^^
AttributeError: 'Member' object has no attribute 'timed_out_until'
Ignoring exception in on_member_update
Traceback (most recent call last):
  File "/usr/local/lib/python3.12/site-packages/discord/client.py", line 465, in _run_event
    await coro(*args, **kwargs)
  File "/app/asu_discord/cogs/analytics.py", line 652, in on_member_update
    before_timeout = before.timed_out_until
                     ^^^^^^^^^^^^^^^^^^^^^^
AttributeError: 'Member' object has no attribute 'timed_out_until'
Ignoring exception in on_member_update
Traceback (most recent call last):
  File "/usr/local/lib/python3.12/site-packages/discord/client.py", line 465, in _run_event
    await coro(*args, **kwargs)
  File "/app/asu_discord/cogs/analytics.py", line 652, in on_member_update
    before_timeout = before.timed_out_until
                     ^^^^^^^^^^^^^^^^^^^^^^
AttributeError: 'Member' object has no attribute 'timed_out_until'
Ignoring exception in on_member_update
Traceback (most recent call last):
  File "/usr/local/lib/python3.12/site-packages/discord/client.py", line 465, in _run_event
    await coro(*args, **kwargs)
  File "/app/asu_discord/cogs/analytics.py", line 652, in on_member_update
    before_timeout = before.timed_out_until
                     ^^^^^^^^^^^^^^^^^^^^^^
AttributeError: 'Member' object has no attribute 'timed_out_until'
INFO:asu_discord.cogs.verification:Saved 6 roles to database for user mpmcgoug (Discord ID: 1455296914823188513)
INFO:asu_discord.cogs.verification:Refreshed Salesforce roles for Discord user 1455296914823188513: -6/+6 roles, assigned=[Commited, Downtown Phoenix, Edson College of Nursing and Health Innovation, First Generation Student, First Year, Out of State]
Ignoring exception in on_member_update
Traceback (most recent call last):
  File "/usr/local/lib/python3.12/site-packages/discord/client.py", line 465, in _run_event
    await coro(*args, **kwargs)
  File "/app/asu_discord/cogs/analytics.py", line 652, in on_member_update
    before_timeout = before.timed_out_until
                     ^^^^^^^^^^^^^^^^^^^^^^
AttributeError: 'Member' object has no attribute 'timed_out_until'
Ignoring exception in on_member_update
Traceback (most recent call last):
  File "/usr/local/lib/python3.12/site-packages/discord/client.py", line 465, in _run_event
    await coro(*args, **kwargs)
  File "/app/asu_discord/cogs/analytics.py", line 652, in on_member_update
    before_timeout = before.timed_out_until
                     ^^^^^^^^^^^^^^^^^^^^^^
AttributeError: 'Member' object has no attribute 'timed_out_until'
Ignoring exception in on_member_update
Traceback (most recent call last):
  File "/usr/local/lib/python3.12/site-packages/discord/client.py", line 465, in _run_event
    await coro(*args, **kwargs)
  File "/app/asu_discord/cogs/analytics.py", line 652, in on_member_update
    before_timeout = before.timed_out_until
                     ^^^^^^^^^^^^^^^^^^^^^^
AttributeError: 'Member' object has no attribute 'timed_out_until'
Ignoring exception in on_member_update
Traceback (most recent call last):
  File "/usr/local/lib/python3.12/site-packages/discord/client.py", line 465, in _run_event
    await coro(*args, **kwargs)
  File "/app/asu_discord/cogs/analytics.py", line 652, in on_member_update
    before_timeout = before.timed_out_until
                     ^^^^^^^^^^^^^^^^^^^^^^
AttributeError: 'Member' object has no attribute 'timed_out_until'
Ignoring exception in on_member_update
Traceback (most recent call last):
  File "/usr/local/lib/python3.12/site-packages/discord/client.py", line 465, in _run_event
    await coro(*args, **kwargs)
  File "/app/asu_discord/cogs/analytics.py", line 652, in on_member_update
    before_timeout = before.timed_out_until
                     ^^^^^^^^^^^^^^^^^^^^^^
AttributeError: 'Member' object has no attribute 'timed_out_until'
Ignoring exception in on_member_update
Traceback (most recent call last):
  File "/usr/local/lib/python3.12/site-packages/discord/client.py", line 465, in _run_event
    await coro(*args, **kwargs)
  File "/app/asu_discord/cogs/analytics.py", line 652, in on_member_update
    before_timeout = before.timed_out_until
                     ^^^^^^^^^^^^^^^^^^^^^^
AttributeError: 'Member' object has no attribute 'timed_out_until'
Ignoring exception in on_member_update
Traceback (most recent call last):
  File "/usr/local/lib/python3.12/site-packages/discord/client.py", line 465, in _run_event
    await coro(*args, **kwargs)
  File "/app/asu_discord/cogs/analytics.py", line 652, in on_member_update
    before_timeout = before.timed_out_until
                     ^^^^^^^^^^^^^^^^^^^^^^
AttributeError: 'Member' object has no attribute 'timed_out_until'
Ignoring exception in on_member_update
Traceback (most recent call last):
  File "/usr/local/lib/python3.12/site-packages/discord/client.py", line 465, in _run_event
    await coro(*args, **kwargs)
  File "/app/asu_discord/cogs/analytics.py", line 652, in on_member_update
    before_timeout = before.timed_out_until
                     ^^^^^^^^^^^^^^^^^^^^^^
AttributeError: 'Member' object has no attribute 'timed_out_until'
Ignoring exception in on_member_update
Traceback (most recent call last):
  File "/usr/local/lib/python3.12/site-packages/discord/client.py", line 465, in _run_event
    await coro(*args, **kwargs)
  File "/app/asu_discord/cogs/analytics.py", line 652, in on_member_update
    before_timeout = before.timed_out_until
                     ^^^^^^^^^^^^^^^^^^^^^^
AttributeError: 'Member' object has no attribute 'timed_out_until'
Ignoring exception in on_member_update
Traceback (most recent call last):
  File "/usr/local/lib/python3.12/site-packages/discord/client.py", line 465, in _run_event
    await coro(*args, **kwargs)
  File "/app/asu_discord/cogs/analytics.py", line 652, in on_member_update
    before_timeout = before.timed_out_until
                     ^^^^^^^^^^^^^^^^^^^^^^
AttributeError: 'Member' object has no attribute 'timed_out_until'
Ignoring exception in on_member_update
Traceback (most recent call last):
  File "/usr/local/lib/python3.12/site-packages/discord/client.py", line 465, in _run_event
    await coro(*args, **kwargs)
  File "/app/asu_discord/cogs/analytics.py", line 652, in on_member_update
    before_timeout = before.timed_out_until
                     ^^^^^^^^^^^^^^^^^^^^^^
AttributeError: 'Member' object has no attribute 'timed_out_until'
INFO:asu_discord.cogs.verification:Saved 6 roles to database for user rvhorne (Discord ID: 1141002317387288660)
INFO:asu_discord.cogs.verification:Refreshed Salesforce roles for Discord user 1141002317387288660: -6/+5 roles, assigned=[Arizona Resident, Commited, First Generation Student, First Year, Ira A. Fulton Schools of Engineering, Tempe]
Ignoring exception in on_member_update
Traceback (most recent call last):
  File "/usr/local/lib/python3.12/site-packages/discord/client.py", line 465, in _run_event
    await coro(*args, **kwargs)
  File "/app/asu_discord/cogs/analytics.py", line 652, in on_member_update
    before_timeout = before.timed_out_until
                     ^^^^^^^^^^^^^^^^^^^^^^
AttributeError: 'Member' object has no attribute 'timed_out_until'
Ignoring exception in on_member_update
Traceback (most recent call last):
  File "/usr/local/lib/python3.12/site-packages/discord/client.py", line 465, in _run_event
    await coro(*args, **kwargs)
  File "/app/asu_discord/cogs/analytics.py", line 652, in on_member_update
    before_timeout = before.timed_out_until
                     ^^^^^^^^^^^^^^^^^^^^^^
AttributeError: 'Member' object has no attribute 'timed_out_until'
Ignoring exception in on_member_update
Traceback (most recent call last):
  File "/usr/local/lib/python3.12/site-packages/discord/client.py", line 465, in _run_event
    await coro(*args, **kwargs)
  File "/app/asu_discord/cogs/analytics.py", line 652, in on_member_update
    before_timeout = before.timed_out_until
                     ^^^^^^^^^^^^^^^^^^^^^^
AttributeError: 'Member' object has no attribute 'timed_out_until'
Ignoring exception in on_member_update
Traceback (most recent call last):
  File "/usr/local/lib/python3.12/site-packages/discord/client.py", line 465, in _run_event
    await coro(*args, **kwargs)
  File "/app/asu_discord/cogs/analytics.py", line 652, in on_member_update
    before_timeout = before.timed_out_until
                     ^^^^^^^^^^^^^^^^^^^^^^
AttributeError: 'Member' object has no attribute 'timed_out_until'
Ignoring exception in on_member_update
Traceback (most recent call last):
  File "/usr/local/lib/python3.12/site-packages/discord/client.py", line 465, in _run_event
    await coro(*args, **kwargs)
  File "/app/asu_discord/cogs/analytics.py", line 652, in on_member_update
    before_timeout = before.timed_out_until
                     ^^^^^^^^^^^^^^^^^^^^^^
AttributeError: 'Member' object has no attribute 'timed_out_until'
Ignoring exception in on_member_update
Traceback (most recent call last):
  File "/usr/local/lib/python3.12/site-packages/discord/client.py", line 465, in _run_event
    await coro(*args, **kwargs)
  File "/app/asu_discord/cogs/analytics.py", line 652, in on_member_update
    before_timeout = before.timed_out_until
                     ^^^^^^^^^^^^^^^^^^^^^^
AttributeError: 'Member' object has no attribute 'timed_out_until'
Ignoring exception in on_member_update
Traceback (most recent call last):
  File "/usr/local/lib/python3.12/site-packages/discord/client.py", line 465, in _run_event
    await coro(*args, **kwargs)
  File "/app/asu_discord/cogs/analytics.py", line 652, in on_member_update
    before_timeout = before.timed_out_until
                     ^^^^^^^^^^^^^^^^^^^^^^
AttributeError: 'Member' object has no attribute 'timed_out_until'
INFO:asu_discord.cogs.verification:Saved 4 roles to database for user maruffe (Discord ID: 1274209869779439737)
INFO:asu_discord.cogs.verification:Refreshed Salesforce roles for Discord user 1274209869779439737: -3/+4 roles, assigned=[Arizona Resident, Downtown Phoenix, First Year, Watts College of Public Service and Community Solutions]
Ignoring exception in on_member_update
Traceback (most recent call last):
  File "/usr/local/lib/python3.12/site-packages/discord/client.py", line 465, in _run_event
    await coro(*args, **kwargs)
  File "/app/asu_discord/cogs/analytics.py", line 652, in on_member_update
    before_timeout = before.timed_out_until
                     ^^^^^^^^^^^^^^^^^^^^^^
AttributeError: 'Member' object has no attribute 'timed_out_until'
Ignoring exception in on_member_update
Traceback (most recent call last):
  File "/usr/local/lib/python3.12/site-packages/discord/client.py", line 465, in _run_event
    await coro(*args, **kwargs)
  File "/app/asu_discord/cogs/analytics.py", line 652, in on_member_update
    before_timeout = before.timed_out_until
                     ^^^^^^^^^^^^^^^^^^^^^^
AttributeError: 'Member' object has no attribute 'timed_out_until'
Ignoring exception in on_member_update
Traceback (most recent call last):
  File "/usr/local/lib/python3.12/site-packages/discord/client.py", line 465, in _run_event
    await coro(*args, **kwargs)
  File "/app/asu_discord/cogs/analytics.py", line 652, in on_member_update
    before_timeout = before.timed_out_until
                     ^^^^^^^^^^^^^^^^^^^^^^
AttributeError: 'Member' object has no attribute 'timed_out_until'
Ignoring exception in on_member_update
Traceback (most recent call last):
  File "/usr/local/lib/python3.12/site-packages/discord/client.py", line 465, in _run_event
    await coro(*args, **kwargs)
  File "/app/asu_discord/cogs/analytics.py", line 652, in on_member_update
    before_timeout = before.timed_out_until
                     ^^^^^^^^^^^^^^^^^^^^^^
AttributeError: 'Member' object has no attribute 'timed_out_until'
Ignoring exception in on_member_update
Traceback (most recent call last):
  File "/usr/local/lib/python3.12/site-packages/discord/client.py", line 465, in _run_event
    await coro(*args, **kwargs)
  File "/app/asu_discord/cogs/analytics.py", line 652, in on_member_update
    before_timeout = before.timed_out_until
                     ^^^^^^^^^^^^^^^^^^^^^^
AttributeError: 'Member' object has no attribute 'timed_out_until'
Ignoring exception in on_member_update
Traceback (most recent call last):
  File "/usr/local/lib/python3.12/site-packages/discord/client.py", line 465, in _run_event
    await coro(*args, **kwargs)
  File "/app/asu_discord/cogs/analytics.py", line 652, in on_member_update
    before_timeout = before.timed_out_until
                     ^^^^^^^^^^^^^^^^^^^^^^
AttributeError: 'Member' object has no attribute 'timed_out_until'
Ignoring exception in on_member_update
Traceback (most recent call last):
  File "/usr/local/lib/python3.12/site-packages/discord/client.py", line 465, in _run_event
    await coro(*args, **kwargs)
  File "/app/asu_discord/cogs/analytics.py", line 652, in on_member_update
    before_timeout = before.timed_out_until
                     ^^^^^^^^^^^^^^^^^^^^^^
AttributeError: 'Member' object has no attribute 'timed_out_until'
Ignoring exception in on_member_update
Traceback (most recent call last):
  File "/usr/local/lib/python3.12/site-packages/discord/client.py", line 465, in _run_event
    await coro(*args, **kwargs)
  File "/app/asu_discord/cogs/analytics.py", line 652, in on_member_update
    before_timeout = before.timed_out_until
                     ^^^^^^^^^^^^^^^^^^^^^^
AttributeError: 'Member' object has no attribute 'timed_out_until'
INFO:asu_discord.cogs.verification:Saved 4 roles to database for user snnapier (Discord ID: 978816451588808775)
INFO:asu_discord.cogs.verification:Refreshed Salesforce roles for Discord user 978816451588808775: -4/+4 roles, assigned=[Arizona Resident, College of Liberal Arts and Sciences, Downtown Phoenix, First Year]
Ignoring exception in on_member_update
Traceback (most recent call last):
  File "/usr/local/lib/python3.12/site-packages/discord/client.py", line 465, in _run_event
    await coro(*args, **kwargs)
  File "/app/asu_discord/cogs/analytics.py", line 652, in on_member_update
    before_timeout = before.timed_out_until
                     ^^^^^^^^^^^^^^^^^^^^^^
AttributeError: 'Member' object has no attribute 'timed_out_until'
Ignoring exception in on_member_update
Traceback (most recent call last):
  File "/usr/local/lib/python3.12/site-packages/discord/client.py", line 465, in _run_event
    await coro(*args, **kwargs)
  File "/app/asu_discord/cogs/analytics.py", line 652, in on_member_update
    before_timeout = before.timed_out_until
                     ^^^^^^^^^^^^^^^^^^^^^^
AttributeError: 'Member' object has no attribute 'timed_out_until'
Ignoring exception in on_member_update
Traceback (most recent call last):
  File "/usr/local/lib/python3.12/site-packages/discord/client.py", line 465, in _run_event
    await coro(*args, **kwargs)
  File "/app/asu_discord/cogs/analytics.py", line 652, in on_member_update
    before_timeout = before.timed_out_until
                     ^^^^^^^^^^^^^^^^^^^^^^
AttributeError: 'Member' object has no attribute 'timed_out_until'
Ignoring exception in on_member_update
Traceback (most recent call last):
  File "/usr/local/lib/python3.12/site-packages/discord/client.py", line 465, in _run_event
    await coro(*args, **kwargs)
  File "/app/asu_discord/cogs/analytics.py", line 652, in on_member_update
    before_timeout = before.timed_out_until
                     ^^^^^^^^^^^^^^^^^^^^^^
AttributeError: 'Member' object has no attribute 'timed_out_until'
Ignoring exception in on_member_update
Traceback (most recent call last):
  File "/usr/local/lib/python3.12/site-packages/discord/client.py", line 465, in _run_event
    await coro(*args, **kwargs)
  File "/app/asu_discord/cogs/analytics.py", line 652, in on_member_update
    before_timeout = before.timed_out_until
                     ^^^^^^^^^^^^^^^^^^^^^^
AttributeError: 'Member' object has no attribute 'timed_out_until'
Ignoring exception in on_member_update
Traceback (most recent call last):
  File "/usr/local/lib/python3.12/site-packages/discord/client.py", line 465, in _run_event
    await coro(*args, **kwargs)
  File "/app/asu_discord/cogs/analytics.py", line 652, in on_member_update
    before_timeout = before.timed_out_until
                     ^^^^^^^^^^^^^^^^^^^^^^
AttributeError: 'Member' object has no attribute 'timed_out_until'
Ignoring exception in on_member_update
Traceback (most recent call last):
  File "/usr/local/lib/python3.12/site-packages/discord/client.py", line 465, in _run_event
    await coro(*args, **kwargs)
  File "/app/asu_discord/cogs/analytics.py", line 652, in on_member_update
    before_timeout = before.timed_out_until
                     ^^^^^^^^^^^^^^^^^^^^^^
AttributeError: 'Member' object has no attribute 'timed_out_until'
Ignoring exception in on_member_update
Traceback (most recent call last):
  File "/usr/local/lib/python3.12/site-packages/discord/client.py", line 465, in _run_event
    await coro(*args, **kwargs)
  File "/app/asu_discord/cogs/analytics.py", line 652, in on_member_update
    before_timeout = before.timed_out_until
                     ^^^^^^^^^^^^^^^^^^^^^^
AttributeError: 'Member' object has no attribute 'timed_out_until'
Ignoring exception in on_member_update
Traceback (most recent call last):
  File "/usr/local/lib/python3.12/site-packages/discord/client.py", line 465, in _run_event
    await coro(*args, **kwargs)
  File "/app/asu_discord/cogs/analytics.py", line 652, in on_member_update
    before_timeout = before.timed_out_until
                     ^^^^^^^^^^^^^^^^^^^^^^
AttributeError: 'Member' object has no attribute 'timed_out_until'
Ignoring exception in on_member_update
Traceback (most recent call last):
  File "/usr/local/lib/python3.12/site-packages/discord/client.py", line 465, in _run_event
    await coro(*args, **kwargs)
  File "/app/asu_discord/cogs/analytics.py", line 652, in on_member_update
    before_timeout = before.timed_out_until
                     ^^^^^^^^^^^^^^^^^^^^^^
AttributeError: 'Member' object has no attribute 'timed_out_until'
INFO:asu_discord.cogs.verification:Saved 5 roles to database for user zstinson (Discord ID: 1327909657833902131)
INFO:asu_discord.cogs.verification:Refreshed Salesforce roles for Discord user 1327909657833902131: -5/+5 roles, assigned=[Arizona Resident, Commited, Downtown Phoenix, Edson College of Nursing and Health Innovation, First Year]
Ignoring exception in on_member_update
Traceback (most recent call last):
  File "/usr/local/lib/python3.12/site-packages/discord/client.py", line 465, in _run_event
    await coro(*args, **kwargs)
  File "/app/asu_discord/cogs/analytics.py", line 652, in on_member_update
    before_timeout = before.timed_out_until
                     ^^^^^^^^^^^^^^^^^^^^^^
AttributeError: 'Member' object has no attribute 'timed_out_until'
Ignoring exception in on_member_update
Traceback (most recent call last):
  File "/usr/local/lib/python3.12/site-packages/discord/client.py", line 465, in _run_event
    await coro(*args, **kwargs)
  File "/app/asu_discord/cogs/analytics.py", line 652, in on_member_update
    before_timeout = before.timed_out_until
                     ^^^^^^^^^^^^^^^^^^^^^^
AttributeError: 'Member' object has no attribute 'timed_out_until'
INFO:asu_discord.cogs.verification:Saved 1 roles to database for user jnmarsh4 (Discord ID: 1455369141769867345)
INFO:asu_discord.cogs.verification:Refreshed Salesforce roles for Discord user 1455369141769867345: -1/+1 roles, assigned=[Arizona Resident]
ERROR:cron.jobs:refresh_salesforce_roles: failed for jyuan123 (Discord ID 584861399172251667): Failed to refresh Salesforce-based roles: Discord user 584861399172251667 is not a member of the guild
Ignoring exception in on_member_update
Traceback (most recent call last):
  File "/usr/local/lib/python3.12/site-packages/discord/client.py", line 465, in _run_event
    await coro(*args, **kwargs)
  File "/app/asu_discord/cogs/analytics.py", line 652, in on_member_update
    before_timeout = before.timed_out_until
                     ^^^^^^^^^^^^^^^^^^^^^^
AttributeError: 'Member' object has no attribute 'timed_out_until'
Ignoring exception in on_member_update
Traceback (most recent call last):
  File "/usr/local/lib/python3.12/site-packages/discord/client.py", line 465, in _run_event
    await coro(*args, **kwargs)
  File "/app/asu_discord/cogs/analytics.py", line 652, in on_member_update
    before_timeout = before.timed_out_until
                     ^^^^^^^^^^^^^^^^^^^^^^
AttributeError: 'Member' object has no attribute 'timed_out_until'
Ignoring exception in on_member_update
Traceback (most recent call last):
  File "/usr/local/lib/python3.12/site-packages/discord/client.py", line 465, in _run_event
    await coro(*args, **kwargs)
  File "/app/asu_discord/cogs/analytics.py", line 652, in on_member_update
    before_timeout = before.timed_out_until
                     ^^^^^^^^^^^^^^^^^^^^^^
AttributeError: 'Member' object has no attribute 'timed_out_until'
Ignoring exception in on_member_update
Traceback (most recent call last):
  File "/usr/local/lib/python3.12/site-packages/discord/client.py", line 465, in _run_event
    await coro(*args, **kwargs)
  File "/app/asu_discord/cogs/analytics.py", line 652, in on_member_update
    before_timeout = before.timed_out_until
                     ^^^^^^^^^^^^^^^^^^^^^^
AttributeError: 'Member' object has no attribute 'timed_out_until'
Ignoring exception in on_member_update
Traceback (most recent call last):
  File "/usr/local/lib/python3.12/site-packages/discord/client.py", line 465, in _run_event
    await coro(*args, **kwargs)
  File "/app/asu_discord/cogs/analytics.py", line 652, in on_member_update
    before_timeout = before.timed_out_until
                     ^^^^^^^^^^^^^^^^^^^^^^
AttributeError: 'Member' object has no attribute 'timed_out_until'
Ignoring exception in on_member_update
Traceback (most recent call last):
  File "/usr/local/lib/python3.12/site-packages/discord/client.py", line 465, in _run_event
    await coro(*args, **kwargs)
  File "/app/asu_discord/cogs/analytics.py", line 652, in on_member_update
    before_timeout = before.timed_out_until
                     ^^^^^^^^^^^^^^^^^^^^^^
AttributeError: 'Member' object has no attribute 'timed_out_until'
Ignoring exception in on_member_update
Traceback (most recent call last):
  File "/usr/local/lib/python3.12/site-packages/discord/client.py", line 465, in _run_event
    await coro(*args, **kwargs)
  File "/app/asu_discord/cogs/analytics.py", line 652, in on_member_update
    before_timeout = before.timed_out_until
                     ^^^^^^^^^^^^^^^^^^^^^^
AttributeError: 'Member' object has no attribute 'timed_out_until'
Ignoring exception in on_member_update
Traceback (most recent call last):
  File "/usr/local/lib/python3.12/site-packages/discord/client.py", line 465, in _run_event
    await coro(*args, **kwargs)
  File "/app/asu_discord/cogs/analytics.py", line 652, in on_member_update
    before_timeout = before.timed_out_until
                     ^^^^^^^^^^^^^^^^^^^^^^
AttributeError: 'Member' object has no attribute 'timed_out_until'
Ignoring exception in on_member_update
Traceback (most recent call last):
  File "/usr/local/lib/python3.12/site-packages/discord/client.py", line 465, in _run_event
    await coro(*args, **kwargs)
  File "/app/asu_discord/cogs/analytics.py", line 652, in on_member_update
    before_timeout = before.timed_out_until
                     ^^^^^^^^^^^^^^^^^^^^^^
AttributeError: 'Member' object has no attribute 'timed_out_until'
Ignoring exception in on_member_update
Traceback (most recent call last):
  File "/usr/local/lib/python3.12/site-packages/discord/client.py", line 465, in _run_event
    await coro(*args, **kwargs)
  File "/app/asu_discord/cogs/analytics.py", line 652, in on_member_update
    before_timeout = before.timed_out_until
                     ^^^^^^^^^^^^^^^^^^^^^^
AttributeError: 'Member' object has no attribute 'timed_out_until'
Ignoring exception in on_member_update
Traceback (most recent call last):
  File "/usr/local/lib/python3.12/site-packages/discord/client.py", line 465, in _run_event
    await coro(*args, **kwargs)
  File "/app/asu_discord/cogs/analytics.py", line 652, in on_member_update
    before_timeout = before.timed_out_until
                     ^^^^^^^^^^^^^^^^^^^^^^
AttributeError: 'Member' object has no attribute 'timed_out_until'
Ignoring exception in on_member_update
Traceback (most recent call last):
  File "/usr/local/lib/python3.12/site-packages/discord/client.py", line 465, in _run_event
    await coro(*args, **kwargs)
  File "/app/asu_discord/cogs/analytics.py", line 652, in on_member_update
    before_timeout = before.timed_out_until
                     ^^^^^^^^^^^^^^^^^^^^^^
AttributeError: 'Member' object has no attribute 'timed_out_until'
INFO:asu_discord.cogs.verification:Saved 6 roles to database for user bguzma19 (Discord ID: 461353046409084933)
INFO:asu_discord.cogs.verification:Refreshed Salesforce roles for Discord user 461353046409084933: -6/+6 roles, assigned=[Arizona Resident, Commited, Herberger Institute for Design and the Arts, Tempe, Transfer Student, Upperclassmen]
ERROR:cron.jobs:refresh_salesforce_roles: failed for rajithk1 (Discord ID 570152665787662337): Failed to refresh Salesforce-based roles: Discord user 570152665787662337 is not a member of the guild
ERROR:cron.jobs:refresh_salesforce_roles: failed for smsuchak (Discord ID 663317357720109067): Failed to refresh Salesforce-based roles: Discord user 663317357720109067 is not a member of the guild
ERROR:cron.jobs:refresh_salesforce_roles: failed for smgarlic (Discord ID 970044582186324010): Failed to refresh Salesforce-based roles: Discord user 970044582186324010 is not a member of the guild
ERROR:cron.jobs:refresh_salesforce_roles: failed for advazqu5 (Discord ID 511252437189918730): Failed to refresh Salesforce-based roles: Discord user 511252437189918730 is not a member of the guild
Ignoring exception in on_member_update
Traceback (most recent call last):
  File "/usr/local/lib/python3.12/site-packages/discord/client.py", line 465, in _run_event
    await coro(*args, **kwargs)
  File "/app/asu_discord/cogs/analytics.py", line 652, in on_member_update
    before_timeout = before.timed_out_until
                     ^^^^^^^^^^^^^^^^^^^^^^
AttributeError: 'Member' object has no attribute 'timed_out_until'
Ignoring exception in on_member_update
Traceback (most recent call last):
  File "/usr/local/lib/python3.12/site-packages/discord/client.py", line 465, in _run_event
    await coro(*args, **kwargs)
  File "/app/asu_discord/cogs/analytics.py", line 652, in on_member_update
    before_timeout = before.timed_out_until
                     ^^^^^^^^^^^^^^^^^^^^^^
AttributeError: 'Member' object has no attribute 'timed_out_until'
Ignoring exception in on_member_update
Traceback (most recent call last):
  File "/usr/local/lib/python3.12/site-packages/discord/client.py", line 465, in _run_event
    await coro(*args, **kwargs)
  File "/app/asu_discord/cogs/analytics.py", line 652, in on_member_update
    before_timeout = before.timed_out_until
                     ^^^^^^^^^^^^^^^^^^^^^^
AttributeError: 'Member' object has no attribute 'timed_out_until'
Ignoring exception in on_member_update
Traceback (most recent call last):
  File "/usr/local/lib/python3.12/site-packages/discord/client.py", line 465, in _run_event
    await coro(*args, **kwargs)
  File "/app/asu_discord/cogs/analytics.py", line 652, in on_member_update
    before_timeout = before.timed_out_until
                     ^^^^^^^^^^^^^^^^^^^^^^
AttributeError: 'Member' object has no attribute 'timed_out_until'
Ignoring exception in on_member_update
Traceback (most recent call last):
  File "/usr/local/lib/python3.12/site-packages/discord/client.py", line 465, in _run_event
    await coro(*args, **kwargs)
  File "/app/asu_discord/cogs/analytics.py", line 652, in on_member_update
    before_timeout = before.timed_out_until
                     ^^^^^^^^^^^^^^^^^^^^^^
AttributeError: 'Member' object has no attribute 'timed_out_until'
Ignoring exception in on_member_update
Traceback (most recent call last):
  File "/usr/local/lib/python3.12/site-packages/discord/client.py", line 465, in _run_event
    await coro(*args, **kwargs)
  File "/app/asu_discord/cogs/analytics.py", line 652, in on_member_update
    before_timeout = before.timed_out_until
                     ^^^^^^^^^^^^^^^^^^^^^^
AttributeError: 'Member' object has no attribute 'timed_out_until'
Ignoring exception in on_member_update
Traceback (most recent call last):
  File "/usr/local/lib/python3.12/site-packages/discord/client.py", line 465, in _run_event
    await coro(*args, **kwargs)
  File "/app/asu_discord/cogs/analytics.py", line 652, in on_member_update
    before_timeout = before.timed_out_until
                     ^^^^^^^^^^^^^^^^^^^^^^
AttributeError: 'Member' object has no attribute 'timed_out_until'
Ignoring exception in on_member_update
Traceback (most recent call last):
  File "/usr/local/lib/python3.12/site-packages/discord/client.py", line 465, in _run_event
    await coro(*args, **kwargs)
  File "/app/asu_discord/cogs/analytics.py", line 652, in on_member_update
    before_timeout = before.timed_out_until
                     ^^^^^^^^^^^^^^^^^^^^^^
AttributeError: 'Member' object has no attribute 'timed_out_until'
Ignoring exception in on_member_update
Traceback (most recent call last):
  File "/usr/local/lib/python3.12/site-packages/discord/client.py", line 465, in _run_event
    await coro(*args, **kwargs)
  File "/app/asu_discord/cogs/analytics.py", line 652, in on_member_update
    before_timeout = before.timed_out_until
                     ^^^^^^^^^^^^^^^^^^^^^^
AttributeError: 'Member' object has no attribute 'timed_out_until'
Ignoring exception in on_member_update
Traceback (most recent call last):
  File "/usr/local/lib/python3.12/site-packages/discord/client.py", line 465, in _run_event
    await coro(*args, **kwargs)
  File "/app/asu_discord/cogs/analytics.py", line 652, in on_member_update
    before_timeout = before.timed_out_until
                     ^^^^^^^^^^^^^^^^^^^^^^
AttributeError: 'Member' object has no attribute 'timed_out_until'
INFO:asu_discord.cogs.verification:Saved 5 roles to database for user knstowe (Discord ID: 1313963164882173993)
INFO:asu_discord.cogs.verification:Refreshed Salesforce roles for Discord user 1313963164882173993: -5/+5 roles, assigned=[Arizona Resident, Commited, First Year, Herberger Institute for Design and the Arts, Tempe]
Ignoring exception in on_member_update
Traceback (most recent call last):
  File "/usr/local/lib/python3.12/site-packages/discord/client.py", line 465, in _run_event
    await coro(*args, **kwargs)
  File "/app/asu_discord/cogs/analytics.py", line 652, in on_member_update
    before_timeout = before.timed_out_until
                     ^^^^^^^^^^^^^^^^^^^^^^
AttributeError: 'Member' object has no attribute 'timed_out_until'
Ignoring exception in on_member_update
Traceback (most recent call last):
  File "/usr/local/lib/python3.12/site-packages/discord/client.py", line 465, in _run_event
    await coro(*args, **kwargs)
  File "/app/asu_discord/cogs/analytics.py", line 652, in on_member_update
    before_timeout = before.timed_out_until
                     ^^^^^^^^^^^^^^^^^^^^^^
AttributeError: 'Member' object has no attribute 'timed_out_until'
Ignoring exception in on_member_update
Traceback (most recent call last):
  File "/usr/local/lib/python3.12/site-packages/discord/client.py", line 465, in _run_event
    await coro(*args, **kwargs)
  File "/app/asu_discord/cogs/analytics.py", line 652, in on_member_update
    before_timeout = before.timed_out_until
                     ^^^^^^^^^^^^^^^^^^^^^^
AttributeError: 'Member' object has no attribute 'timed_out_until'
Ignoring exception in on_member_update
Traceback (most recent call last):
  File "/usr/local/lib/python3.12/site-packages/discord/client.py", line 465, in _run_event
    await coro(*args, **kwargs)
  File "/app/asu_discord/cogs/analytics.py", line 652, in on_member_update
    before_timeout = before.timed_out_until
                     ^^^^^^^^^^^^^^^^^^^^^^
AttributeError: 'Member' object has no attribute 'timed_out_until'
Ignoring exception in on_member_update
Traceback (most recent call last):
  File "/usr/local/lib/python3.12/site-packages/discord/client.py", line 465, in _run_event
    await coro(*args, **kwargs)
  File "/app/asu_discord/cogs/analytics.py", line 652, in on_member_update
    before_timeout = before.timed_out_until
                     ^^^^^^^^^^^^^^^^^^^^^^
AttributeError: 'Member' object has no attribute 'timed_out_until'
Ignoring exception in on_member_update
Traceback (most recent call last):
  File "/usr/local/lib/python3.12/site-packages/discord/client.py", line 465, in _run_event
    await coro(*args, **kwargs)
  File "/app/asu_discord/cogs/analytics.py", line 652, in on_member_update
    before_timeout = before.timed_out_until
                     ^^^^^^^^^^^^^^^^^^^^^^
AttributeError: 'Member' object has no attribute 'timed_out_until'
Ignoring exception in on_member_update
Traceback (most recent call last):
  File "/usr/local/lib/python3.12/site-packages/discord/client.py", line 465, in _run_event
    await coro(*args, **kwargs)
  File "/app/asu_discord/cogs/analytics.py", line 652, in on_member_update
    before_timeout = before.timed_out_until
                     ^^^^^^^^^^^^^^^^^^^^^^
AttributeError: 'Member' object has no attribute 'timed_out_until'
Ignoring exception in on_member_update
Traceback (most recent call last):
  File "/usr/local/lib/python3.12/site-packages/discord/client.py", line 465, in _run_event
    await coro(*args, **kwargs)
  File "/app/asu_discord/cogs/analytics.py", line 652, in on_member_update
    before_timeout = before.timed_out_until
                     ^^^^^^^^^^^^^^^^^^^^^^
AttributeError: 'Member' object has no attribute 'timed_out_until'
Ignoring exception in on_member_update
Traceback (most recent call last):
  File "/usr/local/lib/python3.12/site-packages/discord/client.py", line 465, in _run_event
    await coro(*args, **kwargs)
  File "/app/asu_discord/cogs/analytics.py", line 652, in on_member_update
    before_timeout = before.timed_out_until
                     ^^^^^^^^^^^^^^^^^^^^^^
AttributeError: 'Member' object has no attribute 'timed_out_until'
Ignoring exception in on_member_update
Traceback (most recent call last):
  File "/usr/local/lib/python3.12/site-packages/discord/client.py", line 465, in _run_event
    await coro(*args, **kwargs)
  File "/app/asu_discord/cogs/analytics.py", line 652, in on_member_update
    before_timeout = before.timed_out_until
                     ^^^^^^^^^^^^^^^^^^^^^^
AttributeError: 'Member' object has no attribute 'timed_out_until'
INFO:asu_discord.cogs.verification:Saved 5 roles to database for user whuynh1 (Discord ID: 783376442255474758)
INFO:asu_discord.cogs.verification:Refreshed Salesforce roles for Discord user 783376442255474758: -5/+5 roles, assigned=[Arizona Resident, Commited, First Year, Herberger Institute for Design and the Arts, Tempe]
Ignoring exception in on_member_update
Traceback (most recent call last):
  File "/usr/local/lib/python3.12/site-packages/discord/client.py", line 465, in _run_event
    await coro(*args, **kwargs)
  File "/app/asu_discord/cogs/analytics.py", line 652, in on_member_update
    before_timeout = before.timed_out_until
                     ^^^^^^^^^^^^^^^^^^^^^^
AttributeError: 'Member' object has no attribute 'timed_out_until'
Ignoring exception in on_member_update
Traceback (most recent call last):
  File "/usr/local/lib/python3.12/site-packages/discord/client.py", line 465, in _run_event
    await coro(*args, **kwargs)
  File "/app/asu_discord/cogs/analytics.py", line 652, in on_member_update
    before_timeout = before.timed_out_until
                     ^^^^^^^^^^^^^^^^^^^^^^
AttributeError: 'Member' object has no attribute 'timed_out_until'
Ignoring exception in on_member_update
Traceback (most recent call last):
  File "/usr/local/lib/python3.12/site-packages/discord/client.py", line 465, in _run_event
    await coro(*args, **kwargs)
  File "/app/asu_discord/cogs/analytics.py", line 652, in on_member_update
    before_timeout = before.timed_out_until
                     ^^^^^^^^^^^^^^^^^^^^^^
AttributeError: 'Member' object has no attribute 'timed_out_until'
Ignoring exception in on_member_update
Traceback (most recent call last):
  File "/usr/local/lib/python3.12/site-packages/discord/client.py", line 465, in _run_event
    await coro(*args, **kwargs)
  File "/app/asu_discord/cogs/analytics.py", line 652, in on_member_update
    before_timeout = before.timed_out_until
                     ^^^^^^^^^^^^^^^^^^^^^^
AttributeError: 'Member' object has no attribute 'timed_out_until'
Ignoring exception in on_member_update
Traceback (most recent call last):
  File "/usr/local/lib/python3.12/site-packages/discord/client.py", line 465, in _run_event
    await coro(*args, **kwargs)
  File "/app/asu_discord/cogs/analytics.py", line 652, in on_member_update
    before_timeout = before.timed_out_until
                     ^^^^^^^^^^^^^^^^^^^^^^
AttributeError: 'Member' object has no attribute 'timed_out_until'
Ignoring exception in on_member_update
Traceback (most recent call last):
  File "/usr/local/lib/python3.12/site-packages/discord/client.py", line 465, in _run_event
    await coro(*args, **kwargs)
  File "/app/asu_discord/cogs/analytics.py", line 652, in on_member_update
    before_timeout = before.timed_out_until
                     ^^^^^^^^^^^^^^^^^^^^^^
AttributeError: 'Member' object has no attribute 'timed_out_until'
Ignoring exception in on_member_update
Traceback (most recent call last):
  File "/usr/local/lib/python3.12/site-packages/discord/client.py", line 465, in _run_event
    await coro(*args, **kwargs)
  File "/app/asu_discord/cogs/analytics.py", line 652, in on_member_update
    before_timeout = before.timed_out_until
                     ^^^^^^^^^^^^^^^^^^^^^^
AttributeError: 'Member' object has no attribute 'timed_out_until'
Ignoring exception in on_member_update
Traceback (most recent call last):
  File "/usr/local/lib/python3.12/site-packages/discord/client.py", line 465, in _run_event
    await coro(*args, **kwargs)
  File "/app/asu_discord/cogs/analytics.py", line 652, in on_member_update
    before_timeout = before.timed_out_until
                     ^^^^^^^^^^^^^^^^^^^^^^
AttributeError: 'Member' object has no attribute 'timed_out_until'
INFO:asu_discord.cogs.verification:Saved 4 roles to database for user tchangoi (Discord ID: 740157656911839286)
INFO:asu_discord.cogs.verification:Refreshed Salesforce roles for Discord user 740157656911839286: -4/+4 roles, assigned=[Graduate Student, International Student, Ira A. Fulton Schools of Engineering, Tempe]
Ignoring exception in on_member_update
Traceback (most recent call last):
  File "/usr/local/lib/python3.12/site-packages/discord/client.py", line 465, in _run_event
    await coro(*args, **kwargs)
  File "/app/asu_discord/cogs/analytics.py", line 652, in on_member_update
    before_timeout = before.timed_out_until
                     ^^^^^^^^^^^^^^^^^^^^^^
AttributeError: 'Member' object has no attribute 'timed_out_until'
Ignoring exception in on_member_update
Traceback (most recent call last):
  File "/usr/local/lib/python3.12/site-packages/discord/client.py", line 465, in _run_event
    await coro(*args, **kwargs)
  File "/app/asu_discord/cogs/analytics.py", line 652, in on_member_update
    before_timeout = before.timed_out_until
                     ^^^^^^^^^^^^^^^^^^^^^^
AttributeError: 'Member' object has no attribute 'timed_out_until'
Ignoring exception in on_member_update
Traceback (most recent call last):
  File "/usr/local/lib/python3.12/site-packages/discord/client.py", line 465, in _run_event
    await coro(*args, **kwargs)
  File "/app/asu_discord/cogs/analytics.py", line 652, in on_member_update
    before_timeout = before.timed_out_until
                     ^^^^^^^^^^^^^^^^^^^^^^
AttributeError: 'Member' object has no attribute 'timed_out_until'
Ignoring exception in on_member_update
Traceback (most recent call last):
  File "/usr/local/lib/python3.12/site-packages/discord/client.py", line 465, in _run_event
    await coro(*args, **kwargs)
  File "/app/asu_discord/cogs/analytics.py", line 652, in on_member_update
    before_timeout = before.timed_out_until
                     ^^^^^^^^^^^^^^^^^^^^^^
AttributeError: 'Member' object has no attribute 'timed_out_until'
Ignoring exception in on_member_update
Traceback (most recent call last):
  File "/usr/local/lib/python3.12/site-packages/discord/client.py", line 465, in _run_event
    await coro(*args, **kwargs)
  File "/app/asu_discord/cogs/analytics.py", line 652, in on_member_update
    before_timeout = before.timed_out_until
                     ^^^^^^^^^^^^^^^^^^^^^^
AttributeError: 'Member' object has no attribute 'timed_out_until'
Ignoring exception in on_member_update
Traceback (most recent call last):
  File "/usr/local/lib/python3.12/site-packages/discord/client.py", line 465, in _run_event
    await coro(*args, **kwargs)
  File "/app/asu_discord/cogs/analytics.py", line 652, in on_member_update
    before_timeout = before.timed_out_until
                     ^^^^^^^^^^^^^^^^^^^^^^
AttributeError: 'Member' object has no attribute 'timed_out_until'
Ignoring exception in on_member_update
Traceback (most recent call last):
  File "/usr/local/lib/python3.12/site-packages/discord/client.py", line 465, in _run_event
    await coro(*args, **kwargs)
  File "/app/asu_discord/cogs/analytics.py", line 652, in on_member_update
    before_timeout = before.timed_out_until
                     ^^^^^^^^^^^^^^^^^^^^^^
AttributeError: 'Member' object has no attribute 'timed_out_until'
Ignoring exception in on_member_update
Traceback (most recent call last):
  File "/usr/local/lib/python3.12/site-packages/discord/client.py", line 465, in _run_event
    await coro(*args, **kwargs)
  File "/app/asu_discord/cogs/analytics.py", line 652, in on_member_update
    before_timeout = before.timed_out_until
                     ^^^^^^^^^^^^^^^^^^^^^^
AttributeError: 'Member' object has no attribute 'timed_out_until'
Ignoring exception in on_member_update
Traceback (most recent call last):
  File "/usr/local/lib/python3.12/site-packages/discord/client.py", line 465, in _run_event
    await coro(*args, **kwargs)
  File "/app/asu_discord/cogs/analytics.py", line 652, in on_member_update
    before_timeout = before.timed_out_until
                     ^^^^^^^^^^^^^^^^^^^^^^
AttributeError: 'Member' object has no attribute 'timed_out_until'
INFO:asu_discord.cogs.verification:Saved 5 roles to database for user mabdu12 (Discord ID: 1208158082958491678)
INFO:asu_discord.cogs.verification:Refreshed Salesforce roles for Discord user 1208158082958491678: -5/+4 roles, assigned=[Commited, First Year, International Student, Tempe, Watts College of Public Service and Community Solutions]
Ignoring exception in on_member_update
Traceback (most recent call last):
  File "/usr/local/lib/python3.12/site-packages/discord/client.py", line 465, in _run_event
    await coro(*args, **kwargs)
  File "/app/asu_discord/cogs/analytics.py", line 652, in on_member_update
    before_timeout = before.timed_out_until
                     ^^^^^^^^^^^^^^^^^^^^^^
AttributeError: 'Member' object has no attribute 'timed_out_until'
Ignoring exception in on_member_update
Traceback (most recent call last):
  File "/usr/local/lib/python3.12/site-packages/discord/client.py", line 465, in _run_event
    await coro(*args, **kwargs)
  File "/app/asu_discord/cogs/analytics.py", line 652, in on_member_update
    before_timeout = before.timed_out_until
                     ^^^^^^^^^^^^^^^^^^^^^^
AttributeError: 'Member' object has no attribute 'timed_out_until'
Ignoring exception in on_member_update
Traceback (most recent call last):
  File "/usr/local/lib/python3.12/site-packages/discord/client.py", line 465, in _run_event
    await coro(*args, **kwargs)
  File "/app/asu_discord/cogs/analytics.py", line 652, in on_member_update
    before_timeout = before.timed_out_until
                     ^^^^^^^^^^^^^^^^^^^^^^
AttributeError: 'Member' object has no attribute 'timed_out_until'
Ignoring exception in on_member_update
Traceback (most recent call last):
  File "/usr/local/lib/python3.12/site-packages/discord/client.py", line 465, in _run_event
    await coro(*args, **kwargs)
  File "/app/asu_discord/cogs/analytics.py", line 652, in on_member_update
    before_timeout = before.timed_out_until
                     ^^^^^^^^^^^^^^^^^^^^^^
AttributeError: 'Member' object has no attribute 'timed_out_until'
Ignoring exception in on_member_update
Traceback (most recent call last):
  File "/usr/local/lib/python3.12/site-packages/discord/client.py", line 465, in _run_event
    await coro(*args, **kwargs)
  File "/app/asu_discord/cogs/analytics.py", line 652, in on_member_update
    before_timeout = before.timed_out_until
                     ^^^^^^^^^^^^^^^^^^^^^^
AttributeError: 'Member' object has no attribute 'timed_out_until'
Ignoring exception in on_member_update
Traceback (most recent call last):
  File "/usr/local/lib/python3.12/site-packages/discord/client.py", line 465, in _run_event
    await coro(*args, **kwargs)
  File "/app/asu_discord/cogs/analytics.py", line 652, in on_member_update
    before_timeout = before.timed_out_until
                     ^^^^^^^^^^^^^^^^^^^^^^
AttributeError: 'Member' object has no attribute 'timed_out_until'
Ignoring exception in on_member_update
Traceback (most recent call last):
  File "/usr/local/lib/python3.12/site-packages/discord/client.py", line 465, in _run_event
    await coro(*args, **kwargs)
  File "/app/asu_discord/cogs/analytics.py", line 652, in on_member_update
    before_timeout = before.timed_out_until
                     ^^^^^^^^^^^^^^^^^^^^^^
AttributeError: 'Member' object has no attribute 'timed_out_until'
Ignoring exception in on_member_update
Traceback (most recent call last):
  File "/usr/local/lib/python3.12/site-packages/discord/client.py", line 465, in _run_event
    await coro(*args, **kwargs)
  File "/app/asu_discord/cogs/analytics.py", line 652, in on_member_update
    before_timeout = before.timed_out_until
                     ^^^^^^^^^^^^^^^^^^^^^^
AttributeError: 'Member' object has no attribute 'timed_out_until'
Ignoring exception in on_member_update
Traceback (most recent call last):
  File "/usr/local/lib/python3.12/site-packages/discord/client.py", line 465, in _run_event
    await coro(*args, **kwargs)
  File "/app/asu_discord/cogs/analytics.py", line 652, in on_member_update
    before_timeout = before.timed_out_until
                     ^^^^^^^^^^^^^^^^^^^^^^
AttributeError: 'Member' object has no attribute 'timed_out_until'
Ignoring exception in on_member_update
Traceback (most recent call last):
  File "/usr/local/lib/python3.12/site-packages/discord/client.py", line 465, in _run_event
    await coro(*args, **kwargs)
  File "/app/asu_discord/cogs/analytics.py", line 652, in on_member_update
    before_timeout = before.timed_out_until
                     ^^^^^^^^^^^^^^^^^^^^^^
AttributeError: 'Member' object has no attribute 'timed_out_until'
INFO:asu_discord.cogs.verification:Saved 5 roles to database for user lnbuckle (Discord ID: 560976735093653504)
INFO:asu_discord.cogs.verification:Refreshed Salesforce roles for Discord user 560976735093653504: -5/+5 roles, assigned=[Online, Out of State, Transfer Student, Upperclassmen, Watts College of Public Service and Community Solutions]
Ignoring exception in on_member_update
Traceback (most recent call last):
  File "/usr/local/lib/python3.12/site-packages/discord/client.py", line 465, in _run_event
    await coro(*args, **kwargs)
  File "/app/asu_discord/cogs/analytics.py", line 652, in on_member_update
    before_timeout = before.timed_out_until
                     ^^^^^^^^^^^^^^^^^^^^^^
AttributeError: 'Member' object has no attribute 'timed_out_until'
Ignoring exception in on_member_update
Traceback (most recent call last):
  File "/usr/local/lib/python3.12/site-packages/discord/client.py", line 465, in _run_event
    await coro(*args, **kwargs)
  File "/app/asu_discord/cogs/analytics.py", line 652, in on_member_update
    before_timeout = before.timed_out_until
                     ^^^^^^^^^^^^^^^^^^^^^^
AttributeError: 'Member' object has no attribute 'timed_out_until'
Ignoring exception in on_member_update
Traceback (most recent call last):
  File "/usr/local/lib/python3.12/site-packages/discord/client.py", line 465, in _run_event
    await coro(*args, **kwargs)
  File "/app/asu_discord/cogs/analytics.py", line 652, in on_member_update
    before_timeout = before.timed_out_until
                     ^^^^^^^^^^^^^^^^^^^^^^
AttributeError: 'Member' object has no attribute 'timed_out_until'
Ignoring exception in on_member_update
Traceback (most recent call last):
  File "/usr/local/lib/python3.12/site-packages/discord/client.py", line 465, in _run_event
    await coro(*args, **kwargs)
  File "/app/asu_discord/cogs/analytics.py", line 652, in on_member_update
    before_timeout = before.timed_out_until
                     ^^^^^^^^^^^^^^^^^^^^^^
AttributeError: 'Member' object has no attribute 'timed_out_until'
Ignoring exception in on_member_update
Traceback (most recent call last):
  File "/usr/local/lib/python3.12/site-packages/discord/client.py", line 465, in _run_event
    await coro(*args, **kwargs)
  File "/app/asu_discord/cogs/analytics.py", line 652, in on_member_update
    before_timeout = before.timed_out_until
                     ^^^^^^^^^^^^^^^^^^^^^^
AttributeError: 'Member' object has no attribute 'timed_out_until'
Ignoring exception in on_member_update
Traceback (most recent call last):
  File "/usr/local/lib/python3.12/site-packages/discord/client.py", line 465, in _run_event
    await coro(*args, **kwargs)
  File "/app/asu_discord/cogs/analytics.py", line 652, in on_member_update
    before_timeout = before.timed_out_until
                     ^^^^^^^^^^^^^^^^^^^^^^
AttributeError: 'Member' object has no attribute 'timed_out_until'
Ignoring exception in on_member_update
Traceback (most recent call last):
  File "/usr/local/lib/python3.12/site-packages/discord/client.py", line 465, in _run_event
    await coro(*args, **kwargs)
  File "/app/asu_discord/cogs/analytics.py", line 652, in on_member_update
    before_timeout = before.timed_out_until
                     ^^^^^^^^^^^^^^^^^^^^^^
AttributeError: 'Member' object has no attribute 'timed_out_until'
Ignoring exception in on_member_update
Traceback (most recent call last):
  File "/usr/local/lib/python3.12/site-packages/discord/client.py", line 465, in _run_event
    await coro(*args, **kwargs)
  File "/app/asu_discord/cogs/analytics.py", line 652, in on_member_update
    before_timeout = before.timed_out_until
                     ^^^^^^^^^^^^^^^^^^^^^^
AttributeError: 'Member' object has no attribute 'timed_out_until'
Ignoring exception in on_member_update
Traceback (most recent call last):
  File "/usr/local/lib/python3.12/site-packages/discord/client.py", line 465, in _run_event
    await coro(*args, **kwargs)
  File "/app/asu_discord/cogs/analytics.py", line 652, in on_member_update
    before_timeout = before.timed_out_until
                     ^^^^^^^^^^^^^^^^^^^^^^
AttributeError: 'Member' object has no attribute 'timed_out_until'
Ignoring exception in on_member_update
Traceback (most recent call last):
  File "/usr/local/lib/python3.12/site-packages/discord/client.py", line 465, in _run_event
    await coro(*args, **kwargs)
  File "/app/asu_discord/cogs/analytics.py", line 652, in on_member_update
    before_timeout = before.timed_out_until
                     ^^^^^^^^^^^^^^^^^^^^^^
AttributeError: 'Member' object has no attribute 'timed_out_until'
INFO:asu_discord.cogs.verification:Saved 5 roles to database for user kaimaizu (Discord ID: 695879278692401152)
INFO:asu_discord.cogs.verification:Refreshed Salesforce roles for Discord user 695879278692401152: -5/+5 roles, assigned=[College of Liberal Arts and Sciences, Commited, First Year, Out of State, Tempe]
Ignoring exception in on_member_update
Traceback (most recent call last):
  File "/usr/local/lib/python3.12/site-packages/discord/client.py", line 465, in _run_event
    await coro(*args, **kwargs)
  File "/app/asu_discord/cogs/analytics.py", line 652, in on_member_update
    before_timeout = before.timed_out_until
                     ^^^^^^^^^^^^^^^^^^^^^^
AttributeError: 'Member' object has no attribute 'timed_out_until'
Ignoring exception in on_member_update
Traceback (most recent call last):
  File "/usr/local/lib/python3.12/site-packages/discord/client.py", line 465, in _run_event
    await coro(*args, **kwargs)
  File "/app/asu_discord/cogs/analytics.py", line 652, in on_member_update
    before_timeout = before.timed_out_until
                     ^^^^^^^^^^^^^^^^^^^^^^
AttributeError: 'Member' object has no attribute 'timed_out_until'
Ignoring exception in on_member_update
Traceback (most recent call last):
  File "/usr/local/lib/python3.12/site-packages/discord/client.py", line 465, in _run_event
    await coro(*args, **kwargs)
  File "/app/asu_discord/cogs/analytics.py", line 652, in on_member_update
    before_timeout = before.timed_out_until
                     ^^^^^^^^^^^^^^^^^^^^^^
AttributeError: 'Member' object has no attribute 'timed_out_until'
Ignoring exception in on_member_update
Traceback (most recent call last):
  File "/usr/local/lib/python3.12/site-packages/discord/client.py", line 465, in _run_event
    await coro(*args, **kwargs)
  File "/app/asu_discord/cogs/analytics.py", line 652, in on_member_update
    before_timeout = before.timed_out_until
                     ^^^^^^^^^^^^^^^^^^^^^^
AttributeError: 'Member' object has no attribute 'timed_out_until'
Ignoring exception in on_member_update
Traceback (most recent call last):
  File "/usr/local/lib/python3.12/site-packages/discord/client.py", line 465, in _run_event
    await coro(*args, **kwargs)
  File "/app/asu_discord/cogs/analytics.py", line 652, in on_member_update
    before_timeout = before.timed_out_until
                     ^^^^^^^^^^^^^^^^^^^^^^
AttributeError: 'Member' object has no attribute 'timed_out_until'
Ignoring exception in on_member_update
Traceback (most recent call last):
  File "/usr/local/lib/python3.12/site-packages/discord/client.py", line 465, in _run_event
    await coro(*args, **kwargs)
  File "/app/asu_discord/cogs/analytics.py", line 652, in on_member_update
    before_timeout = before.timed_out_until
                     ^^^^^^^^^^^^^^^^^^^^^^
AttributeError: 'Member' object has no attribute 'timed_out_until'
Ignoring exception in on_member_update
Traceback (most recent call last):
  File "/usr/local/lib/python3.12/site-packages/discord/client.py", line 465, in _run_event
    await coro(*args, **kwargs)
  File "/app/asu_discord/cogs/analytics.py", line 652, in on_member_update
    before_timeout = before.timed_out_until
                     ^^^^^^^^^^^^^^^^^^^^^^
AttributeError: 'Member' object has no attribute 'timed_out_until'
Ignoring exception in on_member_update
Traceback (most recent call last):
  File "/usr/local/lib/python3.12/site-packages/discord/client.py", line 465, in _run_event
    await coro(*args, **kwargs)
  File "/app/asu_discord/cogs/analytics.py", line 652, in on_member_update
    before_timeout = before.timed_out_until
                     ^^^^^^^^^^^^^^^^^^^^^^
AttributeError: 'Member' object has no attribute 'timed_out_until'
Ignoring exception in on_member_update
Traceback (most recent call last):
  File "/usr/local/lib/python3.12/site-packages/discord/client.py", line 465, in _run_event
    await coro(*args, **kwargs)
  File "/app/asu_discord/cogs/analytics.py", line 652, in on_member_update
    before_timeout = before.timed_out_until
                     ^^^^^^^^^^^^^^^^^^^^^^
AttributeError: 'Member' object has no attribute 'timed_out_until'
Ignoring exception in on_member_update
Traceback (most recent call last):
  File "/usr/local/lib/python3.12/site-packages/discord/client.py", line 465, in _run_event
    await coro(*args, **kwargs)
  File "/app/asu_discord/cogs/analytics.py", line 652, in on_member_update
    before_timeout = before.timed_out_until
                     ^^^^^^^^^^^^^^^^^^^^^^
AttributeError: 'Member' object has no attribute 'timed_out_until'
INFO:asu_discord.cogs.verification:Saved 5 roles to database for user mlara26 (Discord ID: 1144122688596627527)
INFO:asu_discord.cogs.verification:Refreshed Salesforce roles for Discord user 1144122688596627527: -5/+5 roles, assigned=[Arizona Resident, College of Liberal Arts and Sciences, Commited, First Year, Tempe]
ERROR:cron.jobs:refresh_salesforce_roles: failed for fmurph11 (Discord ID 1351022210667647026): Failed to refresh Salesforce-based roles: Discord user 1351022210667647026 is not a member of the guild
Ignoring exception in on_member_update
Traceback (most recent call last):
  File "/usr/local/lib/python3.12/site-packages/discord/client.py", line 465, in _run_event
    await coro(*args, **kwargs)
  File "/app/asu_discord/cogs/analytics.py", line 652, in on_member_update
    before_timeout = before.timed_out_until
                     ^^^^^^^^^^^^^^^^^^^^^^
AttributeError: 'Member' object has no attribute 'timed_out_until'
Ignoring exception in on_member_update
Traceback (most recent call last):
  File "/usr/local/lib/python3.12/site-packages/discord/client.py", line 465, in _run_event
    await coro(*args, **kwargs)
  File "/app/asu_discord/cogs/analytics.py", line 652, in on_member_update
    before_timeout = before.timed_out_until
                     ^^^^^^^^^^^^^^^^^^^^^^
AttributeError: 'Member' object has no attribute 'timed_out_until'
Ignoring exception in on_member_update
Traceback (most recent call last):
  File "/usr/local/lib/python3.12/site-packages/discord/client.py", line 465, in _run_event
    await coro(*args, **kwargs)
  File "/app/asu_discord/cogs/analytics.py", line 652, in on_member_update
    before_timeout = before.timed_out_until
                     ^^^^^^^^^^^^^^^^^^^^^^
AttributeError: 'Member' object has no attribute 'timed_out_until'
Ignoring exception in on_member_update
Traceback (most recent call last):
  File "/usr/local/lib/python3.12/site-packages/discord/client.py", line 465, in _run_event
    await coro(*args, **kwargs)
  File "/app/asu_discord/cogs/analytics.py", line 652, in on_member_update
    before_timeout = before.timed_out_until
                     ^^^^^^^^^^^^^^^^^^^^^^
AttributeError: 'Member' object has no attribute 'timed_out_until'
Ignoring exception in on_member_update
Traceback (most recent call last):
  File "/usr/local/lib/python3.12/site-packages/discord/client.py", line 465, in _run_event
    await coro(*args, **kwargs)
  File "/app/asu_discord/cogs/analytics.py", line 652, in on_member_update
    before_timeout = before.timed_out_until
                     ^^^^^^^^^^^^^^^^^^^^^^
AttributeError: 'Member' object has no attribute 'timed_out_until'
Ignoring exception in on_member_update
Traceback (most recent call last):
  File "/usr/local/lib/python3.12/site-packages/discord/client.py", line 465, in _run_event
    await coro(*args, **kwargs)
  File "/app/asu_discord/cogs/analytics.py", line 652, in on_member_update
    before_timeout = before.timed_out_until
                     ^^^^^^^^^^^^^^^^^^^^^^
AttributeError: 'Member' object has no attribute 'timed_out_until'
Ignoring exception in on_member_update
Traceback (most recent call last):
  File "/usr/local/lib/python3.12/site-packages/discord/client.py", line 465, in _run_event
    await coro(*args, **kwargs)
  File "/app/asu_discord/cogs/analytics.py", line 652, in on_member_update
    before_timeout = before.timed_out_until
                     ^^^^^^^^^^^^^^^^^^^^^^
AttributeError: 'Member' object has no attribute 'timed_out_until'
Ignoring exception in on_member_update
Traceback (most recent call last):
  File "/usr/local/lib/python3.12/site-packages/discord/client.py", line 465, in _run_event
    await coro(*args, **kwargs)
  File "/app/asu_discord/cogs/analytics.py", line 652, in on_member_update
    before_timeout = before.timed_out_until
                     ^^^^^^^^^^^^^^^^^^^^^^
AttributeError: 'Member' object has no attribute 'timed_out_until'
Ignoring exception in on_member_update
Traceback (most recent call last):
  File "/usr/local/lib/python3.12/site-packages/discord/client.py", line 465, in _run_event
    await coro(*args, **kwargs)
  File "/app/asu_discord/cogs/analytics.py", line 652, in on_member_update
    before_timeout = before.timed_out_until
                     ^^^^^^^^^^^^^^^^^^^^^^
AttributeError: 'Member' object has no attribute 'timed_out_until'
Ignoring exception in on_member_update
Traceback (most recent call last):
  File "/usr/local/lib/python3.12/site-packages/discord/client.py", line 465, in _run_event
    await coro(*args, **kwargs)
  File "/app/asu_discord/cogs/analytics.py", line 652, in on_member_update
    before_timeout = before.timed_out_until
                     ^^^^^^^^^^^^^^^^^^^^^^
AttributeError: 'Member' object has no attribute 'timed_out_until'
Ignoring exception in on_member_update
Traceback (most recent call last):
  File "/usr/local/lib/python3.12/site-packages/discord/client.py", line 465, in _run_event
    await coro(*args, **kwargs)
  File "/app/asu_discord/cogs/analytics.py", line 652, in on_member_update
    before_timeout = before.timed_out_until
                     ^^^^^^^^^^^^^^^^^^^^^^
AttributeError: 'Member' object has no attribute 'timed_out_until'
INFO:asu_discord.cogs.verification:Saved 6 roles to database for user rspirie (Discord ID: 891174873471270932)
INFO:asu_discord.cogs.verification:Refreshed Salesforce roles for Discord user 891174873471270932: -6/+5 roles, assigned=[College of Liberal Arts and Sciences, Commited, First Generation Student, First Year, Out of State, Tempe]
ERROR:cron.jobs:refresh_salesforce_roles: failed for jeichens (Discord ID 1456458860280680508): Failed to refresh Salesforce-based roles: Discord user 1456458860280680508 is not a member of the guild
Ignoring exception in on_member_update
Traceback (most recent call last):
  File "/usr/local/lib/python3.12/site-packages/discord/client.py", line 465, in _run_event
    await coro(*args, **kwargs)
  File "/app/asu_discord/cogs/analytics.py", line 652, in on_member_update
    before_timeout = before.timed_out_until
                     ^^^^^^^^^^^^^^^^^^^^^^
AttributeError: 'Member' object has no attribute 'timed_out_until'
Ignoring exception in on_member_update
Traceback (most recent call last):
  File "/usr/local/lib/python3.12/site-packages/discord/client.py", line 465, in _run_event
    await coro(*args, **kwargs)
  File "/app/asu_discord/cogs/analytics.py", line 652, in on_member_update
    before_timeout = before.timed_out_until
                     ^^^^^^^^^^^^^^^^^^^^^^
AttributeError: 'Member' object has no attribute 'timed_out_until'
Ignoring exception in on_member_update
Traceback (most recent call last):
  File "/usr/local/lib/python3.12/site-packages/discord/client.py", line 465, in _run_event
    await coro(*args, **kwargs)
  File "/app/asu_discord/cogs/analytics.py", line 652, in on_member_update
    before_timeout = before.timed_out_until
                     ^^^^^^^^^^^^^^^^^^^^^^
AttributeError: 'Member' object has no attribute 'timed_out_until'
Ignoring exception in on_member_update
Traceback (most recent call last):
  File "/usr/local/lib/python3.12/site-packages/discord/client.py", line 465, in _run_event
    await coro(*args, **kwargs)
  File "/app/asu_discord/cogs/analytics.py", line 652, in on_member_update
    before_timeout = before.timed_out_until
                     ^^^^^^^^^^^^^^^^^^^^^^
AttributeError: 'Member' object has no attribute 'timed_out_until'
Ignoring exception in on_member_update
Traceback (most recent call last):
  File "/usr/local/lib/python3.12/site-packages/discord/client.py", line 465, in _run_event
    await coro(*args, **kwargs)
  File "/app/asu_discord/cogs/analytics.py", line 652, in on_member_update
    before_timeout = before.timed_out_until
                     ^^^^^^^^^^^^^^^^^^^^^^
AttributeError: 'Member' object has no attribute 'timed_out_until'
Ignoring exception in on_member_update
Traceback (most recent call last):
  File "/usr/local/lib/python3.12/site-packages/discord/client.py", line 465, in _run_event
    await coro(*args, **kwargs)
  File "/app/asu_discord/cogs/analytics.py", line 652, in on_member_update
    before_timeout = before.timed_out_until
                     ^^^^^^^^^^^^^^^^^^^^^^
AttributeError: 'Member' object has no attribute 'timed_out_until'
Ignoring exception in on_member_update
Traceback (most recent call last):
  File "/usr/local/lib/python3.12/site-packages/discord/client.py", line 465, in _run_event
    await coro(*args, **kwargs)
  File "/app/asu_discord/cogs/analytics.py", line 652, in on_member_update
    before_timeout = before.timed_out_until
                     ^^^^^^^^^^^^^^^^^^^^^^
AttributeError: 'Member' object has no attribute 'timed_out_until'
Ignoring exception in on_member_update
Traceback (most recent call last):
  File "/usr/local/lib/python3.12/site-packages/discord/client.py", line 465, in _run_event
    await coro(*args, **kwargs)
  File "/app/asu_discord/cogs/analytics.py", line 652, in on_member_update
    before_timeout = before.timed_out_until
                     ^^^^^^^^^^^^^^^^^^^^^^
AttributeError: 'Member' object has no attribute 'timed_out_until'
Ignoring exception in on_member_update
Traceback (most recent call last):
  File "/usr/local/lib/python3.12/site-packages/discord/client.py", line 465, in _run_event
    await coro(*args, **kwargs)
  File "/app/asu_discord/cogs/analytics.py", line 652, in on_member_update
    before_timeout = before.timed_out_until
                     ^^^^^^^^^^^^^^^^^^^^^^
AttributeError: 'Member' object has no attribute 'timed_out_until'
Ignoring exception in on_member_update
Traceback (most recent call last):
  File "/usr/local/lib/python3.12/site-packages/discord/client.py", line 465, in _run_event
    await coro(*args, **kwargs)
  File "/app/asu_discord/cogs/analytics.py", line 652, in on_member_update
    before_timeout = before.timed_out_until
                     ^^^^^^^^^^^^^^^^^^^^^^
AttributeError: 'Member' object has no attribute 'timed_out_until'
INFO:asu_discord.cogs.verification:Saved 5 roles to database for user mpillmor (Discord ID: 901239501693800469)
INFO:asu_discord.cogs.verification:Refreshed Salesforce roles for Discord user 901239501693800469: -5/+5 roles, assigned=[Arizona Resident, Commited, First Year, Ira A. Fulton Schools of Engineering, Tempe]
Ignoring exception in on_member_update
Traceback (most recent call last):
  File "/usr/local/lib/python3.12/site-packages/discord/client.py", line 465, in _run_event
    await coro(*args, **kwargs)
  File "/app/asu_discord/cogs/analytics.py", line 652, in on_member_update
    before_timeout = before.timed_out_until
                     ^^^^^^^^^^^^^^^^^^^^^^
AttributeError: 'Member' object has no attribute 'timed_out_until'
Ignoring exception in on_member_update
Traceback (most recent call last):
  File "/usr/local/lib/python3.12/site-packages/discord/client.py", line 465, in _run_event
    await coro(*args, **kwargs)
  File "/app/asu_discord/cogs/analytics.py", line 652, in on_member_update
    before_timeout = before.timed_out_until
                     ^^^^^^^^^^^^^^^^^^^^^^
AttributeError: 'Member' object has no attribute 'timed_out_until'
Ignoring exception in on_member_update
Traceback (most recent call last):
  File "/usr/local/lib/python3.12/site-packages/discord/client.py", line 465, in _run_event
    await coro(*args, **kwargs)
  File "/app/asu_discord/cogs/analytics.py", line 652, in on_member_update
    before_timeout = before.timed_out_until
                     ^^^^^^^^^^^^^^^^^^^^^^
AttributeError: 'Member' object has no attribute 'timed_out_until'
Ignoring exception in on_member_update
Traceback (most recent call last):
  File "/usr/local/lib/python3.12/site-packages/discord/client.py", line 465, in _run_event
    await coro(*args, **kwargs)
  File "/app/asu_discord/cogs/analytics.py", line 652, in on_member_update
    before_timeout = before.timed_out_until
                     ^^^^^^^^^^^^^^^^^^^^^^
AttributeError: 'Member' object has no attribute 'timed_out_until'
Ignoring exception in on_member_update
Traceback (most recent call last):
  File "/usr/local/lib/python3.12/site-packages/discord/client.py", line 465, in _run_event
    await coro(*args, **kwargs)
  File "/app/asu_discord/cogs/analytics.py", line 652, in on_member_update
    before_timeout = before.timed_out_until
                     ^^^^^^^^^^^^^^^^^^^^^^
AttributeError: 'Member' object has no attribute 'timed_out_until'
Ignoring exception in on_member_update
Traceback (most recent call last):
  File "/usr/local/lib/python3.12/site-packages/discord/client.py", line 465, in _run_event
    await coro(*args, **kwargs)
  File "/app/asu_discord/cogs/analytics.py", line 652, in on_member_update
    before_timeout = before.timed_out_until
                     ^^^^^^^^^^^^^^^^^^^^^^
AttributeError: 'Member' object has no attribute 'timed_out_until'
Ignoring exception in on_member_update
Traceback (most recent call last):
  File "/usr/local/lib/python3.12/site-packages/discord/client.py", line 465, in _run_event
    await coro(*args, **kwargs)
  File "/app/asu_discord/cogs/analytics.py", line 652, in on_member_update
    before_timeout = before.timed_out_until
                     ^^^^^^^^^^^^^^^^^^^^^^
AttributeError: 'Member' object has no attribute 'timed_out_until'
Ignoring exception in on_member_update
Traceback (most recent call last):
  File "/usr/local/lib/python3.12/site-packages/discord/client.py", line 465, in _run_event
    await coro(*args, **kwargs)
  File "/app/asu_discord/cogs/analytics.py", line 652, in on_member_update
    before_timeout = before.timed_out_until
                     ^^^^^^^^^^^^^^^^^^^^^^
AttributeError: 'Member' object has no attribute 'timed_out_until'
Ignoring exception in on_member_update
Traceback (most recent call last):
  File "/usr/local/lib/python3.12/site-packages/discord/client.py", line 465, in _run_event
    await coro(*args, **kwargs)
  File "/app/asu_discord/cogs/analytics.py", line 652, in on_member_update
    before_timeout = before.timed_out_until
                     ^^^^^^^^^^^^^^^^^^^^^^
AttributeError: 'Member' object has no attribute 'timed_out_until'
Ignoring exception in on_member_update
Traceback (most recent call last):
  File "/usr/local/lib/python3.12/site-packages/discord/client.py", line 465, in _run_event
    await coro(*args, **kwargs)
  File "/app/asu_discord/cogs/analytics.py", line 652, in on_member_update
    before_timeout = before.timed_out_until
                     ^^^^^^^^^^^^^^^^^^^^^^
AttributeError: 'Member' object has no attribute 'timed_out_until'
INFO:asu_discord.cogs.verification:Saved 5 roles to database for user rabrow55 (Discord ID: 1146775587873095791)
INFO:asu_discord.cogs.verification:Refreshed Salesforce roles for Discord user 1146775587873095791: -5/+5 roles, assigned=[Arizona Resident, First Generation Student, First Year, New College of Interdisciplinary Arts and Sciences, West Valley]
ERROR:cron.jobs:refresh_salesforce_roles: failed for nbhatt17 (Discord ID 1456542050802466866): Failed to refresh Salesforce-based roles: Discord user 1456542050802466866 is not a member of the guild
ERROR:cron.jobs:refresh_salesforce_roles: failed for rbanaka1 (Discord ID 1303564723392086160): Failed to refresh Salesforce-based roles: Discord user 1303564723392086160 is not a member of the guild
Ignoring exception in on_member_update
Traceback (most recent call last):
  File "/usr/local/lib/python3.12/site-packages/discord/client.py", line 465, in _run_event
    await coro(*args, **kwargs)
  File "/app/asu_discord/cogs/analytics.py", line 652, in on_member_update
    before_timeout = before.timed_out_until
                     ^^^^^^^^^^^^^^^^^^^^^^
AttributeError: 'Member' object has no attribute 'timed_out_until'
Ignoring exception in on_member_update
Traceback (most recent call last):
  File "/usr/local/lib/python3.12/site-packages/discord/client.py", line 465, in _run_event
    await coro(*args, **kwargs)
  File "/app/asu_discord/cogs/analytics.py", line 652, in on_member_update
    before_timeout = before.timed_out_until
                     ^^^^^^^^^^^^^^^^^^^^^^
AttributeError: 'Member' object has no attribute 'timed_out_until'
Ignoring exception in on_member_update
Traceback (most recent call last):
  File "/usr/local/lib/python3.12/site-packages/discord/client.py", line 465, in _run_event
    await coro(*args, **kwargs)
  File "/app/asu_discord/cogs/analytics.py", line 652, in on_member_update
    before_timeout = before.timed_out_until
                     ^^^^^^^^^^^^^^^^^^^^^^
AttributeError: 'Member' object has no attribute 'timed_out_until'
Ignoring exception in on_member_update
Traceback (most recent call last):
  File "/usr/local/lib/python3.12/site-packages/discord/client.py", line 465, in _run_event
    await coro(*args, **kwargs)
  File "/app/asu_discord/cogs/analytics.py", line 652, in on_member_update
    before_timeout = before.timed_out_until
                     ^^^^^^^^^^^^^^^^^^^^^^
AttributeError: 'Member' object has no attribute 'timed_out_until'
Ignoring exception in on_member_update
Traceback (most recent call last):
  File "/usr/local/lib/python3.12/site-packages/discord/client.py", line 465, in _run_event
    await coro(*args, **kwargs)
  File "/app/asu_discord/cogs/analytics.py", line 652, in on_member_update
    before_timeout = before.timed_out_until
                     ^^^^^^^^^^^^^^^^^^^^^^
AttributeError: 'Member' object has no attribute 'timed_out_until'
Ignoring exception in on_member_update
Traceback (most recent call last):
  File "/usr/local/lib/python3.12/site-packages/discord/client.py", line 465, in _run_event
    await coro(*args, **kwargs)
  File "/app/asu_discord/cogs/analytics.py", line 652, in on_member_update
    before_timeout = before.timed_out_until
                     ^^^^^^^^^^^^^^^^^^^^^^
AttributeError: 'Member' object has no attribute 'timed_out_until'
Ignoring exception in on_member_update
Traceback (most recent call last):
  File "/usr/local/lib/python3.12/site-packages/discord/client.py", line 465, in _run_event
    await coro(*args, **kwargs)
  File "/app/asu_discord/cogs/analytics.py", line 652, in on_member_update
    before_timeout = before.timed_out_until
                     ^^^^^^^^^^^^^^^^^^^^^^
AttributeError: 'Member' object has no attribute 'timed_out_until'
Ignoring exception in on_member_update
Traceback (most recent call last):
  File "/usr/local/lib/python3.12/site-packages/discord/client.py", line 465, in _run_event
    await coro(*args, **kwargs)
  File "/app/asu_discord/cogs/analytics.py", line 652, in on_member_update
    before_timeout = before.timed_out_until
                     ^^^^^^^^^^^^^^^^^^^^^^
AttributeError: 'Member' object has no attribute 'timed_out_until'
Ignoring exception in on_member_update
Traceback (most recent call last):
  File "/usr/local/lib/python3.12/site-packages/discord/client.py", line 465, in _run_event
    await coro(*args, **kwargs)
  File "/app/asu_discord/cogs/analytics.py", line 652, in on_member_update
    before_timeout = before.timed_out_until
                     ^^^^^^^^^^^^^^^^^^^^^^
AttributeError: 'Member' object has no attribute 'timed_out_until'
Ignoring exception in on_member_update
Traceback (most recent call last):
  File "/usr/local/lib/python3.12/site-packages/discord/client.py", line 465, in _run_event
    await coro(*args, **kwargs)
  File "/app/asu_discord/cogs/analytics.py", line 652, in on_member_update
    before_timeout = before.timed_out_until
                     ^^^^^^^^^^^^^^^^^^^^^^
AttributeError: 'Member' object has no attribute 'timed_out_until'
INFO:asu_discord.cogs.verification:Saved 5 roles to database for user asivapr2 (Discord ID: 883206760171716658)
INFO:asu_discord.cogs.verification:Refreshed Salesforce roles for Discord user 883206760171716658: -5/+5 roles, assigned=[Arizona Resident, Commited, First Year, Ira A. Fulton Schools of Engineering, Tempe]
ERROR:cron.jobs:refresh_salesforce_roles: failed for kistre (Discord ID 1423740325998100530): Failed to refresh Salesforce-based roles: Discord user 1423740325998100530 is not a member of the guild
Ignoring exception in on_member_update
Traceback (most recent call last):
  File "/usr/local/lib/python3.12/site-packages/discord/client.py", line 465, in _run_event
    await coro(*args, **kwargs)
  File "/app/asu_discord/cogs/analytics.py", line 652, in on_member_update
    before_timeout = before.timed_out_until
                     ^^^^^^^^^^^^^^^^^^^^^^
AttributeError: 'Member' object has no attribute 'timed_out_until'
Ignoring exception in on_member_update
Traceback (most recent call last):
  File "/usr/local/lib/python3.12/site-packages/discord/client.py", line 465, in _run_event
    await coro(*args, **kwargs)
  File "/app/asu_discord/cogs/analytics.py", line 652, in on_member_update
    before_timeout = before.timed_out_until
                     ^^^^^^^^^^^^^^^^^^^^^^
AttributeError: 'Member' object has no attribute 'timed_out_until'
Ignoring exception in on_member_update
Traceback (most recent call last):
  File "/usr/local/lib/python3.12/site-packages/discord/client.py", line 465, in _run_event
    await coro(*args, **kwargs)
  File "/app/asu_discord/cogs/analytics.py", line 652, in on_member_update
    before_timeout = before.timed_out_until
                     ^^^^^^^^^^^^^^^^^^^^^^
AttributeError: 'Member' object has no attribute 'timed_out_until'
Ignoring exception in on_member_update
Traceback (most recent call last):
  File "/usr/local/lib/python3.12/site-packages/discord/client.py", line 465, in _run_event
    await coro(*args, **kwargs)
  File "/app/asu_discord/cogs/analytics.py", line 652, in on_member_update
    before_timeout = before.timed_out_until
                     ^^^^^^^^^^^^^^^^^^^^^^
AttributeError: 'Member' object has no attribute 'timed_out_until'
Ignoring exception in on_member_update
Traceback (most recent call last):
  File "/usr/local/lib/python3.12/site-packages/discord/client.py", line 465, in _run_event
    await coro(*args, **kwargs)
  File "/app/asu_discord/cogs/analytics.py", line 652, in on_member_update
    before_timeout = before.timed_out_until
                     ^^^^^^^^^^^^^^^^^^^^^^
AttributeError: 'Member' object has no attribute 'timed_out_until'
Ignoring exception in on_member_update
Traceback (most recent call last):
  File "/usr/local/lib/python3.12/site-packages/discord/client.py", line 465, in _run_event
    await coro(*args, **kwargs)
  File "/app/asu_discord/cogs/analytics.py", line 652, in on_member_update
    before_timeout = before.timed_out_until
                     ^^^^^^^^^^^^^^^^^^^^^^
AttributeError: 'Member' object has no attribute 'timed_out_until'
Ignoring exception in on_member_update
Traceback (most recent call last):
  File "/usr/local/lib/python3.12/site-packages/discord/client.py", line 465, in _run_event
    await coro(*args, **kwargs)
  File "/app/asu_discord/cogs/analytics.py", line 652, in on_member_update
    before_timeout = before.timed_out_until
                     ^^^^^^^^^^^^^^^^^^^^^^
AttributeError: 'Member' object has no attribute 'timed_out_until'
Ignoring exception in on_member_update
Traceback (most recent call last):
  File "/usr/local/lib/python3.12/site-packages/discord/client.py", line 465, in _run_event
    await coro(*args, **kwargs)
  File "/app/asu_discord/cogs/analytics.py", line 652, in on_member_update
    before_timeout = before.timed_out_until
                     ^^^^^^^^^^^^^^^^^^^^^^
AttributeError: 'Member' object has no attribute 'timed_out_until'
Ignoring exception in on_member_update
Traceback (most recent call last):
  File "/usr/local/lib/python3.12/site-packages/discord/client.py", line 465, in _run_event
    await coro(*args, **kwargs)
  File "/app/asu_discord/cogs/analytics.py", line 652, in on_member_update
    before_timeout = before.timed_out_until
                     ^^^^^^^^^^^^^^^^^^^^^^
AttributeError: 'Member' object has no attribute 'timed_out_until'
INFO:asu_discord.cogs.verification:Saved 5 roles to database for user aerose13 (Discord ID: 784443445333721109)
INFO:asu_discord.cogs.verification:Refreshed Salesforce roles for Discord user 784443445333721109: -4/+5 roles, assigned=[Arizona Resident, College of Liberal Arts and Sciences, First Generation Student, First Year, Tempe]
Ignoring exception in on_member_update
Traceback (most recent call last):
  File "/usr/local/lib/python3.12/site-packages/discord/client.py", line 465, in _run_event
    await coro(*args, **kwargs)
  File "/app/asu_discord/cogs/analytics.py", line 652, in on_member_update
    before_timeout = before.timed_out_until
                     ^^^^^^^^^^^^^^^^^^^^^^
AttributeError: 'Member' object has no attribute 'timed_out_until'
Ignoring exception in on_member_update
Traceback (most recent call last):
  File "/usr/local/lib/python3.12/site-packages/discord/client.py", line 465, in _run_event
    await coro(*args, **kwargs)
  File "/app/asu_discord/cogs/analytics.py", line 652, in on_member_update
    before_timeout = before.timed_out_until
                     ^^^^^^^^^^^^^^^^^^^^^^
AttributeError: 'Member' object has no attribute 'timed_out_until'
Ignoring exception in on_member_update
Traceback (most recent call last):
  File "/usr/local/lib/python3.12/site-packages/discord/client.py", line 465, in _run_event
    await coro(*args, **kwargs)
  File "/app/asu_discord/cogs/analytics.py", line 652, in on_member_update
    before_timeout = before.timed_out_until
                     ^^^^^^^^^^^^^^^^^^^^^^
AttributeError: 'Member' object has no attribute 'timed_out_until'
Ignoring exception in on_member_update
Traceback (most recent call last):
  File "/usr/local/lib/python3.12/site-packages/discord/client.py", line 465, in _run_event
    await coro(*args, **kwargs)
  File "/app/asu_discord/cogs/analytics.py", line 652, in on_member_update
    before_timeout = before.timed_out_until
                     ^^^^^^^^^^^^^^^^^^^^^^
AttributeError: 'Member' object has no attribute 'timed_out_until'
Ignoring exception in on_member_update
Traceback (most recent call last):
  File "/usr/local/lib/python3.12/site-packages/discord/client.py", line 465, in _run_event
    await coro(*args, **kwargs)
  File "/app/asu_discord/cogs/analytics.py", line 652, in on_member_update
    before_timeout = before.timed_out_until
                     ^^^^^^^^^^^^^^^^^^^^^^
AttributeError: 'Member' object has no attribute 'timed_out_until'
Ignoring exception in on_member_update
Traceback (most recent call last):
  File "/usr/local/lib/python3.12/site-packages/discord/client.py", line 465, in _run_event
    await coro(*args, **kwargs)
  File "/app/asu_discord/cogs/analytics.py", line 652, in on_member_update
    before_timeout = before.timed_out_until
                     ^^^^^^^^^^^^^^^^^^^^^^
AttributeError: 'Member' object has no attribute 'timed_out_until'
Ignoring exception in on_member_update
Traceback (most recent call last):
  File "/usr/local/lib/python3.12/site-packages/discord/client.py", line 465, in _run_event
    await coro(*args, **kwargs)
  File "/app/asu_discord/cogs/analytics.py", line 652, in on_member_update
    before_timeout = before.timed_out_until
                     ^^^^^^^^^^^^^^^^^^^^^^
AttributeError: 'Member' object has no attribute 'timed_out_until'
Ignoring exception in on_member_update
Traceback (most recent call last):
  File "/usr/local/lib/python3.12/site-packages/discord/client.py", line 465, in _run_event
    await coro(*args, **kwargs)
  File "/app/asu_discord/cogs/analytics.py", line 652, in on_member_update
    before_timeout = before.timed_out_until
                     ^^^^^^^^^^^^^^^^^^^^^^
AttributeError: 'Member' object has no attribute 'timed_out_until'
Ignoring exception in on_member_update
Traceback (most recent call last):
  File "/usr/local/lib/python3.12/site-packages/discord/client.py", line 465, in _run_event
    await coro(*args, **kwargs)
  File "/app/asu_discord/cogs/analytics.py", line 652, in on_member_update
    before_timeout = before.timed_out_until
                     ^^^^^^^^^^^^^^^^^^^^^^
AttributeError: 'Member' object has no attribute 'timed_out_until'
Ignoring exception in on_member_update
Traceback (most recent call last):
  File "/usr/local/lib/python3.12/site-packages/discord/client.py", line 465, in _run_event
    await coro(*args, **kwargs)
  File "/app/asu_discord/cogs/analytics.py", line 652, in on_member_update
    before_timeout = before.timed_out_until
                     ^^^^^^^^^^^^^^^^^^^^^^
AttributeError: 'Member' object has no attribute 'timed_out_until'
INFO:asu_discord.cogs.verification:Saved 5 roles to database for user jcornwa3 (Discord ID: 934276677301862460)
INFO:asu_discord.cogs.verification:Refreshed Salesforce roles for Discord user 934276677301862460: -5/+5 roles, assigned=[College of Health Solutions, Commited, Downtown Phoenix, Out of State, Transfer Student]
Ignoring exception in on_member_update
Traceback (most recent call last):
  File "/usr/local/lib/python3.12/site-packages/discord/client.py", line 465, in _run_event
    await coro(*args, **kwargs)
  File "/app/asu_discord/cogs/analytics.py", line 652, in on_member_update
    before_timeout = before.timed_out_until
                     ^^^^^^^^^^^^^^^^^^^^^^
AttributeError: 'Member' object has no attribute 'timed_out_until'
Ignoring exception in on_member_update
Traceback (most recent call last):
  File "/usr/local/lib/python3.12/site-packages/discord/client.py", line 465, in _run_event
    await coro(*args, **kwargs)
  File "/app/asu_discord/cogs/analytics.py", line 652, in on_member_update
    before_timeout = before.timed_out_until
                     ^^^^^^^^^^^^^^^^^^^^^^
AttributeError: 'Member' object has no attribute 'timed_out_until'
Ignoring exception in on_member_update
Traceback (most recent call last):
  File "/usr/local/lib/python3.12/site-packages/discord/client.py", line 465, in _run_event
    await coro(*args, **kwargs)
  File "/app/asu_discord/cogs/analytics.py", line 652, in on_member_update
    before_timeout = before.timed_out_until
                     ^^^^^^^^^^^^^^^^^^^^^^
AttributeError: 'Member' object has no attribute 'timed_out_until'
Ignoring exception in on_member_update
Traceback (most recent call last):
  File "/usr/local/lib/python3.12/site-packages/discord/client.py", line 465, in _run_event
    await coro(*args, **kwargs)
  File "/app/asu_discord/cogs/analytics.py", line 652, in on_member_update
    before_timeout = before.timed_out_until
                     ^^^^^^^^^^^^^^^^^^^^^^
AttributeError: 'Member' object has no attribute 'timed_out_until'
Ignoring exception in on_member_update
Traceback (most recent call last):
  File "/usr/local/lib/python3.12/site-packages/discord/client.py", line 465, in _run_event
    await coro(*args, **kwargs)
  File "/app/asu_discord/cogs/analytics.py", line 652, in on_member_update
    before_timeout = before.timed_out_until
                     ^^^^^^^^^^^^^^^^^^^^^^
AttributeError: 'Member' object has no attribute 'timed_out_until'
Ignoring exception in on_member_update
Traceback (most recent call last):
  File "/usr/local/lib/python3.12/site-packages/discord/client.py", line 465, in _run_event
    await coro(*args, **kwargs)
  File "/app/asu_discord/cogs/analytics.py", line 652, in on_member_update
    before_timeout = before.timed_out_until
                     ^^^^^^^^^^^^^^^^^^^^^^
AttributeError: 'Member' object has no attribute 'timed_out_until'
Ignoring exception in on_member_update
Traceback (most recent call last):
  File "/usr/local/lib/python3.12/site-packages/discord/client.py", line 465, in _run_event
    await coro(*args, **kwargs)
  File "/app/asu_discord/cogs/analytics.py", line 652, in on_member_update
    before_timeout = before.timed_out_until
                     ^^^^^^^^^^^^^^^^^^^^^^
AttributeError: 'Member' object has no attribute 'timed_out_until'
Ignoring exception in on_member_update
Traceback (most recent call last):
  File "/usr/local/lib/python3.12/site-packages/discord/client.py", line 465, in _run_event
    await coro(*args, **kwargs)
  File "/app/asu_discord/cogs/analytics.py", line 652, in on_member_update
    before_timeout = before.timed_out_until
                     ^^^^^^^^^^^^^^^^^^^^^^
AttributeError: 'Member' object has no attribute 'timed_out_until'
Ignoring exception in on_member_update
Traceback (most recent call last):
  File "/usr/local/lib/python3.12/site-packages/discord/client.py", line 465, in _run_event
    await coro(*args, **kwargs)
  File "/app/asu_discord/cogs/analytics.py", line 652, in on_member_update
    before_timeout = before.timed_out_until
                     ^^^^^^^^^^^^^^^^^^^^^^
AttributeError: 'Member' object has no attribute 'timed_out_until'
Ignoring exception in on_member_update
Traceback (most recent call last):
  File "/usr/local/lib/python3.12/site-packages/discord/client.py", line 465, in _run_event
    await coro(*args, **kwargs)
  File "/app/asu_discord/cogs/analytics.py", line 652, in on_member_update
    before_timeout = before.timed_out_until
                     ^^^^^^^^^^^^^^^^^^^^^^
AttributeError: 'Member' object has no attribute 'timed_out_until'
INFO:asu_discord.cogs.verification:Saved 5 roles to database for user lilliann (Discord ID: 1396536760384622675)
INFO:asu_discord.cogs.verification:Refreshed Salesforce roles for Discord user 1396536760384622675: -5/+5 roles, assigned=[Arizona Resident, College of Liberal Arts and Sciences, First Generation Student, Online, Transfer Student]
Ignoring exception in on_member_update
Traceback (most recent call last):
  File "/usr/local/lib/python3.12/site-packages/discord/client.py", line 465, in _run_event
    await coro(*args, **kwargs)
  File "/app/asu_discord/cogs/analytics.py", line 652, in on_member_update
    before_timeout = before.timed_out_until
                     ^^^^^^^^^^^^^^^^^^^^^^
AttributeError: 'Member' object has no attribute 'timed_out_until'
Ignoring exception in on_member_update
Traceback (most recent call last):
  File "/usr/local/lib/python3.12/site-packages/discord/client.py", line 465, in _run_event
    await coro(*args, **kwargs)
  File "/app/asu_discord/cogs/analytics.py", line 652, in on_member_update
    before_timeout = before.timed_out_until
                     ^^^^^^^^^^^^^^^^^^^^^^
AttributeError: 'Member' object has no attribute 'timed_out_until'
Ignoring exception in on_member_update
Traceback (most recent call last):
  File "/usr/local/lib/python3.12/site-packages/discord/client.py", line 465, in _run_event
    await coro(*args, **kwargs)
  File "/app/asu_discord/cogs/analytics.py", line 652, in on_member_update
    before_timeout = before.timed_out_until
                     ^^^^^^^^^^^^^^^^^^^^^^
AttributeError: 'Member' object has no attribute 'timed_out_until'
Ignoring exception in on_member_update
Traceback (most recent call last):
  File "/usr/local/lib/python3.12/site-packages/discord/client.py", line 465, in _run_event
    await coro(*args, **kwargs)
  File "/app/asu_discord/cogs/analytics.py", line 652, in on_member_update
    before_timeout = before.timed_out_until
                     ^^^^^^^^^^^^^^^^^^^^^^
AttributeError: 'Member' object has no attribute 'timed_out_until'
Ignoring exception in on_member_update
Traceback (most recent call last):
  File "/usr/local/lib/python3.12/site-packages/discord/client.py", line 465, in _run_event
    await coro(*args, **kwargs)
  File "/app/asu_discord/cogs/analytics.py", line 652, in on_member_update
    before_timeout = before.timed_out_until
                     ^^^^^^^^^^^^^^^^^^^^^^
AttributeError: 'Member' object has no attribute 'timed_out_until'
Ignoring exception in on_member_update
Traceback (most recent call last):
  File "/usr/local/lib/python3.12/site-packages/discord/client.py", line 465, in _run_event
    await coro(*args, **kwargs)
  File "/app/asu_discord/cogs/analytics.py", line 652, in on_member_update
    before_timeout = before.timed_out_until
                     ^^^^^^^^^^^^^^^^^^^^^^
AttributeError: 'Member' object has no attribute 'timed_out_until'
Ignoring exception in on_member_update
Traceback (most recent call last):
  File "/usr/local/lib/python3.12/site-packages/discord/client.py", line 465, in _run_event
    await coro(*args, **kwargs)
  File "/app/asu_discord/cogs/analytics.py", line 652, in on_member_update
    before_timeout = before.timed_out_until
                     ^^^^^^^^^^^^^^^^^^^^^^
AttributeError: 'Member' object has no attribute 'timed_out_until'
Ignoring exception in on_member_update
Traceback (most recent call last):
  File "/usr/local/lib/python3.12/site-packages/discord/client.py", line 465, in _run_event
    await coro(*args, **kwargs)
  File "/app/asu_discord/cogs/analytics.py", line 652, in on_member_update
    before_timeout = before.timed_out_until
                     ^^^^^^^^^^^^^^^^^^^^^^
AttributeError: 'Member' object has no attribute 'timed_out_until'
Ignoring exception in on_member_update
Traceback (most recent call last):
  File "/usr/local/lib/python3.12/site-packages/discord/client.py", line 465, in _run_event
    await coro(*args, **kwargs)
  File "/app/asu_discord/cogs/analytics.py", line 652, in on_member_update
    before_timeout = before.timed_out_until
                     ^^^^^^^^^^^^^^^^^^^^^^
AttributeError: 'Member' object has no attribute 'timed_out_until'
Ignoring exception in on_member_update
Traceback (most recent call last):
  File "/usr/local/lib/python3.12/site-packages/discord/client.py", line 465, in _run_event
    await coro(*args, **kwargs)
  File "/app/asu_discord/cogs/analytics.py", line 652, in on_member_update
    before_timeout = before.timed_out_until
                     ^^^^^^^^^^^^^^^^^^^^^^
AttributeError: 'Member' object has no attribute 'timed_out_until'
INFO:asu_discord.cogs.verification:Saved 5 roles to database for user dcorejoh (Discord ID: 1440032903059865641)
INFO:asu_discord.cogs.verification:Refreshed Salesforce roles for Discord user 1440032903059865641: -5/+5 roles, assigned=[Edson College of Nursing and Health Innovation, First Generation Student, Graduate Student, Online, Out of State]
Ignoring exception in on_member_update
Traceback (most recent call last):
  File "/usr/local/lib/python3.12/site-packages/discord/client.py", line 465, in _run_event
    await coro(*args, **kwargs)
  File "/app/asu_discord/cogs/analytics.py", line 652, in on_member_update
    before_timeout = before.timed_out_until
                     ^^^^^^^^^^^^^^^^^^^^^^
AttributeError: 'Member' object has no attribute 'timed_out_until'
Ignoring exception in on_member_update
Traceback (most recent call last):
  File "/usr/local/lib/python3.12/site-packages/discord/client.py", line 465, in _run_event
    await coro(*args, **kwargs)
  File "/app/asu_discord/cogs/analytics.py", line 652, in on_member_update
    before_timeout = before.timed_out_until
                     ^^^^^^^^^^^^^^^^^^^^^^
AttributeError: 'Member' object has no attribute 'timed_out_until'
Ignoring exception in on_member_update
Traceback (most recent call last):
  File "/usr/local/lib/python3.12/site-packages/discord/client.py", line 465, in _run_event
    await coro(*args, **kwargs)
  File "/app/asu_discord/cogs/analytics.py", line 652, in on_member_update
    before_timeout = before.timed_out_until
                     ^^^^^^^^^^^^^^^^^^^^^^
AttributeError: 'Member' object has no attribute 'timed_out_until'
Ignoring exception in on_member_update
Traceback (most recent call last):
  File "/usr/local/lib/python3.12/site-packages/discord/client.py", line 465, in _run_event
    await coro(*args, **kwargs)
  File "/app/asu_discord/cogs/analytics.py", line 652, in on_member_update
    before_timeout = before.timed_out_until
                     ^^^^^^^^^^^^^^^^^^^^^^
AttributeError: 'Member' object has no attribute 'timed_out_until'
Ignoring exception in on_member_update
Traceback (most recent call last):
  File "/usr/local/lib/python3.12/site-packages/discord/client.py", line 465, in _run_event
    await coro(*args, **kwargs)
  File "/app/asu_discord/cogs/analytics.py", line 652, in on_member_update
    before_timeout = before.timed_out_until
                     ^^^^^^^^^^^^^^^^^^^^^^
AttributeError: 'Member' object has no attribute 'timed_out_until'
Ignoring exception in on_member_update
Traceback (most recent call last):
  File "/usr/local/lib/python3.12/site-packages/discord/client.py", line 465, in _run_event
    await coro(*args, **kwargs)
  File "/app/asu_discord/cogs/analytics.py", line 652, in on_member_update
    before_timeout = before.timed_out_until
                     ^^^^^^^^^^^^^^^^^^^^^^
AttributeError: 'Member' object has no attribute 'timed_out_until'
Ignoring exception in on_member_update
Traceback (most recent call last):
  File "/usr/local/lib/python3.12/site-packages/discord/client.py", line 465, in _run_event
    await coro(*args, **kwargs)
  File "/app/asu_discord/cogs/analytics.py", line 652, in on_member_update
    before_timeout = before.timed_out_until
                     ^^^^^^^^^^^^^^^^^^^^^^
AttributeError: 'Member' object has no attribute 'timed_out_until'
Ignoring exception in on_member_update
Traceback (most recent call last):
  File "/usr/local/lib/python3.12/site-packages/discord/client.py", line 465, in _run_event
    await coro(*args, **kwargs)
  File "/app/asu_discord/cogs/analytics.py", line 652, in on_member_update
    before_timeout = before.timed_out_until
                     ^^^^^^^^^^^^^^^^^^^^^^
AttributeError: 'Member' object has no attribute 'timed_out_until'
Ignoring exception in on_member_update
Traceback (most recent call last):
  File "/usr/local/lib/python3.12/site-packages/discord/client.py", line 465, in _run_event
    await coro(*args, **kwargs)
  File "/app/asu_discord/cogs/analytics.py", line 652, in on_member_update
    before_timeout = before.timed_out_until
                     ^^^^^^^^^^^^^^^^^^^^^^
AttributeError: 'Member' object has no attribute 'timed_out_until'
Ignoring exception in on_member_update
Traceback (most recent call last):
  File "/usr/local/lib/python3.12/site-packages/discord/client.py", line 465, in _run_event
    await coro(*args, **kwargs)
  File "/app/asu_discord/cogs/analytics.py", line 652, in on_member_update
    before_timeout = before.timed_out_until
                     ^^^^^^^^^^^^^^^^^^^^^^
AttributeError: 'Member' object has no attribute 'timed_out_until'
INFO:asu_discord.cogs.verification:Saved 5 roles to database for user albenso1 (Discord ID: 1457324243636326422)
INFO:asu_discord.cogs.verification:Refreshed Salesforce roles for Discord user 1457324243636326422: -5/+5 roles, assigned=[Commited, First Year, Out of State, Tempe, W.P. Carey School of Business]
Ignoring exception in on_member_update
Traceback (most recent call last):
  File "/usr/local/lib/python3.12/site-packages/discord/client.py", line 465, in _run_event
    await coro(*args, **kwargs)
  File "/app/asu_discord/cogs/analytics.py", line 652, in on_member_update
    before_timeout = before.timed_out_until
                     ^^^^^^^^^^^^^^^^^^^^^^
AttributeError: 'Member' object has no attribute 'timed_out_until'
Ignoring exception in on_member_update
Traceback (most recent call last):
  File "/usr/local/lib/python3.12/site-packages/discord/client.py", line 465, in _run_event
    await coro(*args, **kwargs)
  File "/app/asu_discord/cogs/analytics.py", line 652, in on_member_update
    before_timeout = before.timed_out_until
                     ^^^^^^^^^^^^^^^^^^^^^^
AttributeError: 'Member' object has no attribute 'timed_out_until'
Ignoring exception in on_member_update
Traceback (most recent call last):
  File "/usr/local/lib/python3.12/site-packages/discord/client.py", line 465, in _run_event
    await coro(*args, **kwargs)
  File "/app/asu_discord/cogs/analytics.py", line 652, in on_member_update
    before_timeout = before.timed_out_until
                     ^^^^^^^^^^^^^^^^^^^^^^
AttributeError: 'Member' object has no attribute 'timed_out_until'
Ignoring exception in on_member_update
Traceback (most recent call last):
  File "/usr/local/lib/python3.12/site-packages/discord/client.py", line 465, in _run_event
    await coro(*args, **kwargs)
  File "/app/asu_discord/cogs/analytics.py", line 652, in on_member_update
    before_timeout = before.timed_out_until
                     ^^^^^^^^^^^^^^^^^^^^^^
AttributeError: 'Member' object has no attribute 'timed_out_until'
Ignoring exception in on_member_update
Traceback (most recent call last):
  File "/usr/local/lib/python3.12/site-packages/discord/client.py", line 465, in _run_event
    await coro(*args, **kwargs)
  File "/app/asu_discord/cogs/analytics.py", line 652, in on_member_update
    before_timeout = before.timed_out_until
                     ^^^^^^^^^^^^^^^^^^^^^^
AttributeError: 'Member' object has no attribute 'timed_out_until'
Ignoring exception in on_member_update
Traceback (most recent call last):
  File "/usr/local/lib/python3.12/site-packages/discord/client.py", line 465, in _run_event
    await coro(*args, **kwargs)
  File "/app/asu_discord/cogs/analytics.py", line 652, in on_member_update
    before_timeout = before.timed_out_until
                     ^^^^^^^^^^^^^^^^^^^^^^
AttributeError: 'Member' object has no attribute 'timed_out_until'
Ignoring exception in on_member_update
Traceback (most recent call last):
  File "/usr/local/lib/python3.12/site-packages/discord/client.py", line 465, in _run_event
    await coro(*args, **kwargs)
  File "/app/asu_discord/cogs/analytics.py", line 652, in on_member_update
    before_timeout = before.timed_out_until
                     ^^^^^^^^^^^^^^^^^^^^^^
AttributeError: 'Member' object has no attribute 'timed_out_until'
Ignoring exception in on_member_update
Traceback (most recent call last):
  File "/usr/local/lib/python3.12/site-packages/discord/client.py", line 465, in _run_event
    await coro(*args, **kwargs)
  File "/app/asu_discord/cogs/analytics.py", line 652, in on_member_update
    before_timeout = before.timed_out_until
                     ^^^^^^^^^^^^^^^^^^^^^^
AttributeError: 'Member' object has no attribute 'timed_out_until'
Ignoring exception in on_member_update
Traceback (most recent call last):
  File "/usr/local/lib/python3.12/site-packages/discord/client.py", line 465, in _run_event
    await coro(*args, **kwargs)
  File "/app/asu_discord/cogs/analytics.py", line 652, in on_member_update
    before_timeout = before.timed_out_until
                     ^^^^^^^^^^^^^^^^^^^^^^
AttributeError: 'Member' object has no attribute 'timed_out_until'
Ignoring exception in on_member_update
Traceback (most recent call last):
  File "/usr/local/lib/python3.12/site-packages/discord/client.py", line 465, in _run_event
    await coro(*args, **kwargs)
  File "/app/asu_discord/cogs/analytics.py", line 652, in on_member_update
    before_timeout = before.timed_out_until
                     ^^^^^^^^^^^^^^^^^^^^^^
AttributeError: 'Member' object has no attribute 'timed_out_until'
INFO:asu_discord.cogs.verification:Saved 5 roles to database for user ykalenik (Discord ID: 754122942580916275)
INFO:asu_discord.cogs.verification:Refreshed Salesforce roles for Discord user 754122942580916275: -5/+5 roles, assigned=[Commited, First Year, Ira A. Fulton Schools of Engineering, Out of State, Tempe]
Ignoring exception in on_member_update
Traceback (most recent call last):
  File "/usr/local/lib/python3.12/site-packages/discord/client.py", line 465, in _run_event
    await coro(*args, **kwargs)
  File "/app/asu_discord/cogs/analytics.py", line 652, in on_member_update
    before_timeout = before.timed_out_until
                     ^^^^^^^^^^^^^^^^^^^^^^
AttributeError: 'Member' object has no attribute 'timed_out_until'
Ignoring exception in on_member_update
Traceback (most recent call last):
  File "/usr/local/lib/python3.12/site-packages/discord/client.py", line 465, in _run_event
    await coro(*args, **kwargs)
  File "/app/asu_discord/cogs/analytics.py", line 652, in on_member_update
    before_timeout = before.timed_out_until
                     ^^^^^^^^^^^^^^^^^^^^^^
AttributeError: 'Member' object has no attribute 'timed_out_until'
Ignoring exception in on_member_update
Traceback (most recent call last):
  File "/usr/local/lib/python3.12/site-packages/discord/client.py", line 465, in _run_event
    await coro(*args, **kwargs)
  File "/app/asu_discord/cogs/analytics.py", line 652, in on_member_update
    before_timeout = before.timed_out_until
                     ^^^^^^^^^^^^^^^^^^^^^^
AttributeError: 'Member' object has no attribute 'timed_out_until'
Ignoring exception in on_member_update
Traceback (most recent call last):
  File "/usr/local/lib/python3.12/site-packages/discord/client.py", line 465, in _run_event
    await coro(*args, **kwargs)
  File "/app/asu_discord/cogs/analytics.py", line 652, in on_member_update
    before_timeout = before.timed_out_until
                     ^^^^^^^^^^^^^^^^^^^^^^
AttributeError: 'Member' object has no attribute 'timed_out_until'
Ignoring exception in on_member_update
Traceback (most recent call last):
  File "/usr/local/lib/python3.12/site-packages/discord/client.py", line 465, in _run_event
    await coro(*args, **kwargs)
  File "/app/asu_discord/cogs/analytics.py", line 652, in on_member_update
    before_timeout = before.timed_out_until
                     ^^^^^^^^^^^^^^^^^^^^^^
AttributeError: 'Member' object has no attribute 'timed_out_until'
Ignoring exception in on_member_update
Traceback (most recent call last):
  File "/usr/local/lib/python3.12/site-packages/discord/client.py", line 465, in _run_event
    await coro(*args, **kwargs)
  File "/app/asu_discord/cogs/analytics.py", line 652, in on_member_update
    before_timeout = before.timed_out_until
                     ^^^^^^^^^^^^^^^^^^^^^^
AttributeError: 'Member' object has no attribute 'timed_out_until'
Ignoring exception in on_member_update
Traceback (most recent call last):
  File "/usr/local/lib/python3.12/site-packages/discord/client.py", line 465, in _run_event
    await coro(*args, **kwargs)
  File "/app/asu_discord/cogs/analytics.py", line 652, in on_member_update
    before_timeout = before.timed_out_until
                     ^^^^^^^^^^^^^^^^^^^^^^
AttributeError: 'Member' object has no attribute 'timed_out_until'
Ignoring exception in on_member_update
Traceback (most recent call last):
  File "/usr/local/lib/python3.12/site-packages/discord/client.py", line 465, in _run_event
    await coro(*args, **kwargs)
  File "/app/asu_discord/cogs/analytics.py", line 652, in on_member_update
    before_timeout = before.timed_out_until
                     ^^^^^^^^^^^^^^^^^^^^^^
AttributeError: 'Member' object has no attribute 'timed_out_until'
INFO:asu_discord.cogs.verification:Saved 4 roles to database for user hmccaul5 (Discord ID: 1457433071564623903)
INFO:asu_discord.cogs.verification:Refreshed Salesforce roles for Discord user 1457433071564623903: -4/+4 roles, assigned=[Arizona Resident, First Year, Herberger Institute for Design and the Arts, Tempe]
Ignoring exception in on_member_update
Traceback (most recent call last):
  File "/usr/local/lib/python3.12/site-packages/discord/client.py", line 465, in _run_event
    await coro(*args, **kwargs)
  File "/app/asu_discord/cogs/analytics.py", line 652, in on_member_update
    before_timeout = before.timed_out_until
                     ^^^^^^^^^^^^^^^^^^^^^^
AttributeError: 'Member' object has no attribute 'timed_out_until'
Ignoring exception in on_member_update
Traceback (most recent call last):
  File "/usr/local/lib/python3.12/site-packages/discord/client.py", line 465, in _run_event
    await coro(*args, **kwargs)
  File "/app/asu_discord/cogs/analytics.py", line 652, in on_member_update
    before_timeout = before.timed_out_until
                     ^^^^^^^^^^^^^^^^^^^^^^
AttributeError: 'Member' object has no attribute 'timed_out_until'
Ignoring exception in on_member_update
Traceback (most recent call last):
  File "/usr/local/lib/python3.12/site-packages/discord/client.py", line 465, in _run_event
    await coro(*args, **kwargs)
  File "/app/asu_discord/cogs/analytics.py", line 652, in on_member_update
    before_timeout = before.timed_out_until
                     ^^^^^^^^^^^^^^^^^^^^^^
AttributeError: 'Member' object has no attribute 'timed_out_until'
Ignoring exception in on_member_update
Traceback (most recent call last):
  File "/usr/local/lib/python3.12/site-packages/discord/client.py", line 465, in _run_event
    await coro(*args, **kwargs)
  File "/app/asu_discord/cogs/analytics.py", line 652, in on_member_update
    before_timeout = before.timed_out_until
                     ^^^^^^^^^^^^^^^^^^^^^^
AttributeError: 'Member' object has no attribute 'timed_out_until'
Ignoring exception in on_member_update
Traceback (most recent call last):
  File "/usr/local/lib/python3.12/site-packages/discord/client.py", line 465, in _run_event
    await coro(*args, **kwargs)
  File "/app/asu_discord/cogs/analytics.py", line 652, in on_member_update
    before_timeout = before.timed_out_until
                     ^^^^^^^^^^^^^^^^^^^^^^
AttributeError: 'Member' object has no attribute 'timed_out_until'
Ignoring exception in on_member_update
Traceback (most recent call last):
  File "/usr/local/lib/python3.12/site-packages/discord/client.py", line 465, in _run_event
    await coro(*args, **kwargs)
  File "/app/asu_discord/cogs/analytics.py", line 652, in on_member_update
    before_timeout = before.timed_out_until
                     ^^^^^^^^^^^^^^^^^^^^^^
AttributeError: 'Member' object has no attribute 'timed_out_until'
Ignoring exception in on_member_update
Traceback (most recent call last):
  File "/usr/local/lib/python3.12/site-packages/discord/client.py", line 465, in _run_event
    await coro(*args, **kwargs)
  File "/app/asu_discord/cogs/analytics.py", line 652, in on_member_update
    before_timeout = before.timed_out_until
                     ^^^^^^^^^^^^^^^^^^^^^^
AttributeError: 'Member' object has no attribute 'timed_out_until'
Ignoring exception in on_member_update
Traceback (most recent call last):
  File "/usr/local/lib/python3.12/site-packages/discord/client.py", line 465, in _run_event
    await coro(*args, **kwargs)
  File "/app/asu_discord/cogs/analytics.py", line 652, in on_member_update
    before_timeout = before.timed_out_until
                     ^^^^^^^^^^^^^^^^^^^^^^
AttributeError: 'Member' object has no attribute 'timed_out_until'
Ignoring exception in on_member_update
Traceback (most recent call last):
  File "/usr/local/lib/python3.12/site-packages/discord/client.py", line 465, in _run_event
    await coro(*args, **kwargs)
  File "/app/asu_discord/cogs/analytics.py", line 652, in on_member_update
    before_timeout = before.timed_out_until
                     ^^^^^^^^^^^^^^^^^^^^^^
AttributeError: 'Member' object has no attribute 'timed_out_until'
Ignoring exception in on_member_update
Traceback (most recent call last):
  File "/usr/local/lib/python3.12/site-packages/discord/client.py", line 465, in _run_event
    await coro(*args, **kwargs)
  File "/app/asu_discord/cogs/analytics.py", line 652, in on_member_update
    before_timeout = before.timed_out_until
                     ^^^^^^^^^^^^^^^^^^^^^^
AttributeError: 'Member' object has no attribute 'timed_out_until'
Ignoring exception in on_member_update
Traceback (most recent call last):
  File "/usr/local/lib/python3.12/site-packages/discord/client.py", line 465, in _run_event
    await coro(*args, **kwargs)
  File "/app/asu_discord/cogs/analytics.py", line 652, in on_member_update
    before_timeout = before.timed_out_until
                     ^^^^^^^^^^^^^^^^^^^^^^
AttributeError: 'Member' object has no attribute 'timed_out_until'
Ignoring exception in on_member_update
Traceback (most recent call last):
  File "/usr/local/lib/python3.12/site-packages/discord/client.py", line 465, in _run_event
    await coro(*args, **kwargs)
  File "/app/asu_discord/cogs/analytics.py", line 652, in on_member_update
    before_timeout = before.timed_out_until
                     ^^^^^^^^^^^^^^^^^^^^^^
AttributeError: 'Member' object has no attribute 'timed_out_until'
INFO:asu_discord.cogs.verification:Saved 6 roles to database for user ekoosed (Discord ID: 745713112195268660)
INFO:asu_discord.cogs.verification:Refreshed Salesforce roles for Discord user 745713112195268660: -6/+6 roles, assigned=[Commited, Herberger Institute for Design and the Arts, Out of State, Tempe, Transfer Student, Upperclassmen]
ERROR:cron.jobs:refresh_salesforce_roles: failed for jmtorr34 (Discord ID 634746807410491412): Failed to refresh Salesforce-based roles: Discord user 634746807410491412 is not a member of the guild
Ignoring exception in on_member_update
Traceback (most recent call last):
  File "/usr/local/lib/python3.12/site-packages/discord/client.py", line 465, in _run_event
    await coro(*args, **kwargs)
  File "/app/asu_discord/cogs/analytics.py", line 652, in on_member_update
    before_timeout = before.timed_out_until
                     ^^^^^^^^^^^^^^^^^^^^^^
AttributeError: 'Member' object has no attribute 'timed_out_until'
Ignoring exception in on_member_update
Traceback (most recent call last):
  File "/usr/local/lib/python3.12/site-packages/discord/client.py", line 465, in _run_event
    await coro(*args, **kwargs)
  File "/app/asu_discord/cogs/analytics.py", line 652, in on_member_update
    before_timeout = before.timed_out_until
                     ^^^^^^^^^^^^^^^^^^^^^^
AttributeError: 'Member' object has no attribute 'timed_out_until'
Ignoring exception in on_member_update
Traceback (most recent call last):
  File "/usr/local/lib/python3.12/site-packages/discord/client.py", line 465, in _run_event
    await coro(*args, **kwargs)
  File "/app/asu_discord/cogs/analytics.py", line 652, in on_member_update
    before_timeout = before.timed_out_until
                     ^^^^^^^^^^^^^^^^^^^^^^
AttributeError: 'Member' object has no attribute 'timed_out_until'
Ignoring exception in on_member_update
Traceback (most recent call last):
  File "/usr/local/lib/python3.12/site-packages/discord/client.py", line 465, in _run_event
    await coro(*args, **kwargs)
  File "/app/asu_discord/cogs/analytics.py", line 652, in on_member_update
    before_timeout = before.timed_out_until
                     ^^^^^^^^^^^^^^^^^^^^^^
AttributeError: 'Member' object has no attribute 'timed_out_until'
Ignoring exception in on_member_update
Traceback (most recent call last):
  File "/usr/local/lib/python3.12/site-packages/discord/client.py", line 465, in _run_event
    await coro(*args, **kwargs)
  File "/app/asu_discord/cogs/analytics.py", line 652, in on_member_update
    before_timeout = before.timed_out_until
                     ^^^^^^^^^^^^^^^^^^^^^^
AttributeError: 'Member' object has no attribute 'timed_out_until'
Ignoring exception in on_member_update
Traceback (most recent call last):
  File "/usr/local/lib/python3.12/site-packages/discord/client.py", line 465, in _run_event
    await coro(*args, **kwargs)
  File "/app/asu_discord/cogs/analytics.py", line 652, in on_member_update
    before_timeout = before.timed_out_until
                     ^^^^^^^^^^^^^^^^^^^^^^
AttributeError: 'Member' object has no attribute 'timed_out_until'
Ignoring exception in on_member_update
Traceback (most recent call last):
  File "/usr/local/lib/python3.12/site-packages/discord/client.py", line 465, in _run_event
    await coro(*args, **kwargs)
  File "/app/asu_discord/cogs/analytics.py", line 652, in on_member_update
    before_timeout = before.timed_out_until
                     ^^^^^^^^^^^^^^^^^^^^^^
AttributeError: 'Member' object has no attribute 'timed_out_until'
Ignoring exception in on_member_update
Traceback (most recent call last):
  File "/usr/local/lib/python3.12/site-packages/discord/client.py", line 465, in _run_event
    await coro(*args, **kwargs)
  File "/app/asu_discord/cogs/analytics.py", line 652, in on_member_update
    before_timeout = before.timed_out_until
                     ^^^^^^^^^^^^^^^^^^^^^^
AttributeError: 'Member' object has no attribute 'timed_out_until'
INFO:asu_discord.cogs.verification:Saved 4 roles to database for user mdcharl2 (Discord ID: 1334357684715257876)
INFO:asu_discord.cogs.verification:Refreshed Salesforce roles for Discord user 1334357684715257876: -4/+4 roles, assigned=[Arizona Resident, Downtown Phoenix, First Year, New College of Interdisciplinary Arts and Sciences]
Ignoring exception in on_member_update
Traceback (most recent call last):
  File "/usr/local/lib/python3.12/site-packages/discord/client.py", line 465, in _run_event
    await coro(*args, **kwargs)
  File "/app/asu_discord/cogs/analytics.py", line 652, in on_member_update
    before_timeout = before.timed_out_until
                     ^^^^^^^^^^^^^^^^^^^^^^
AttributeError: 'Member' object has no attribute 'timed_out_until'
Ignoring exception in on_member_update
Traceback (most recent call last):
  File "/usr/local/lib/python3.12/site-packages/discord/client.py", line 465, in _run_event
    await coro(*args, **kwargs)
  File "/app/asu_discord/cogs/analytics.py", line 652, in on_member_update
    before_timeout = before.timed_out_until
                     ^^^^^^^^^^^^^^^^^^^^^^
AttributeError: 'Member' object has no attribute 'timed_out_until'
Ignoring exception in on_member_update
Traceback (most recent call last):
  File "/usr/local/lib/python3.12/site-packages/discord/client.py", line 465, in _run_event
    await coro(*args, **kwargs)
  File "/app/asu_discord/cogs/analytics.py", line 652, in on_member_update
    before_timeout = before.timed_out_until
                     ^^^^^^^^^^^^^^^^^^^^^^
AttributeError: 'Member' object has no attribute 'timed_out_until'
Ignoring exception in on_member_update
Traceback (most recent call last):
  File "/usr/local/lib/python3.12/site-packages/discord/client.py", line 465, in _run_event
    await coro(*args, **kwargs)
  File "/app/asu_discord/cogs/analytics.py", line 652, in on_member_update
    before_timeout = before.timed_out_until
                     ^^^^^^^^^^^^^^^^^^^^^^
AttributeError: 'Member' object has no attribute 'timed_out_until'
Ignoring exception in on_member_update
Traceback (most recent call last):
  File "/usr/local/lib/python3.12/site-packages/discord/client.py", line 465, in _run_event
    await coro(*args, **kwargs)
  File "/app/asu_discord/cogs/analytics.py", line 652, in on_member_update
    before_timeout = before.timed_out_until
                     ^^^^^^^^^^^^^^^^^^^^^^
AttributeError: 'Member' object has no attribute 'timed_out_until'
Ignoring exception in on_member_update
Traceback (most recent call last):
  File "/usr/local/lib/python3.12/site-packages/discord/client.py", line 465, in _run_event
    await coro(*args, **kwargs)
  File "/app/asu_discord/cogs/analytics.py", line 652, in on_member_update
    before_timeout = before.timed_out_until
                     ^^^^^^^^^^^^^^^^^^^^^^
AttributeError: 'Member' object has no attribute 'timed_out_until'
Ignoring exception in on_member_update
Traceback (most recent call last):
  File "/usr/local/lib/python3.12/site-packages/discord/client.py", line 465, in _run_event
    await coro(*args, **kwargs)
  File "/app/asu_discord/cogs/analytics.py", line 652, in on_member_update
    before_timeout = before.timed_out_until
                     ^^^^^^^^^^^^^^^^^^^^^^
AttributeError: 'Member' object has no attribute 'timed_out_until'
Ignoring exception in on_member_update
Traceback (most recent call last):
  File "/usr/local/lib/python3.12/site-packages/discord/client.py", line 465, in _run_event
    await coro(*args, **kwargs)
  File "/app/asu_discord/cogs/analytics.py", line 652, in on_member_update
    before_timeout = before.timed_out_until
                     ^^^^^^^^^^^^^^^^^^^^^^
AttributeError: 'Member' object has no attribute 'timed_out_until'
Ignoring exception in on_member_update
Traceback (most recent call last):
  File "/usr/local/lib/python3.12/site-packages/discord/client.py", line 465, in _run_event
    await coro(*args, **kwargs)
  File "/app/asu_discord/cogs/analytics.py", line 652, in on_member_update
    before_timeout = before.timed_out_until
                     ^^^^^^^^^^^^^^^^^^^^^^
AttributeError: 'Member' object has no attribute 'timed_out_until'
Ignoring exception in on_member_update
Traceback (most recent call last):
  File "/usr/local/lib/python3.12/site-packages/discord/client.py", line 465, in _run_event
    await coro(*args, **kwargs)
  File "/app/asu_discord/cogs/analytics.py", line 652, in on_member_update
    before_timeout = before.timed_out_until
                     ^^^^^^^^^^^^^^^^^^^^^^
AttributeError: 'Member' object has no attribute 'timed_out_until'
INFO:asu_discord.cogs.verification:Saved 5 roles to database for user aalopezl (Discord ID: 804809144145674250)
INFO:asu_discord.cogs.verification:Refreshed Salesforce roles for Discord user 804809144145674250: -5/+5 roles, assigned=[Arizona Resident, Commited, First Year, W.P. Carey School of Business, West Valley]
Ignoring exception in on_member_update
Traceback (most recent call last):
  File "/usr/local/lib/python3.12/site-packages/discord/client.py", line 465, in _run_event
    await coro(*args, **kwargs)
  File "/app/asu_discord/cogs/analytics.py", line 652, in on_member_update
    before_timeout = before.timed_out_until
                     ^^^^^^^^^^^^^^^^^^^^^^
AttributeError: 'Member' object has no attribute 'timed_out_until'
Ignoring exception in on_member_update
Traceback (most recent call last):
  File "/usr/local/lib/python3.12/site-packages/discord/client.py", line 465, in _run_event
    await coro(*args, **kwargs)
  File "/app/asu_discord/cogs/analytics.py", line 652, in on_member_update
    before_timeout = before.timed_out_until
                     ^^^^^^^^^^^^^^^^^^^^^^
AttributeError: 'Member' object has no attribute 'timed_out_until'
Ignoring exception in on_member_update
Traceback (most recent call last):
  File "/usr/local/lib/python3.12/site-packages/discord/client.py", line 465, in _run_event
    await coro(*args, **kwargs)
  File "/app/asu_discord/cogs/analytics.py", line 652, in on_member_update
    before_timeout = before.timed_out_until
                     ^^^^^^^^^^^^^^^^^^^^^^
AttributeError: 'Member' object has no attribute 'timed_out_until'
Ignoring exception in on_member_update
Traceback (most recent call last):
  File "/usr/local/lib/python3.12/site-packages/discord/client.py", line 465, in _run_event
    await coro(*args, **kwargs)
  File "/app/asu_discord/cogs/analytics.py", line 652, in on_member_update
    before_timeout = before.timed_out_until
                     ^^^^^^^^^^^^^^^^^^^^^^
AttributeError: 'Member' object has no attribute 'timed_out_until'
Ignoring exception in on_member_update
Traceback (most recent call last):
  File "/usr/local/lib/python3.12/site-packages/discord/client.py", line 465, in _run_event
    await coro(*args, **kwargs)
  File "/app/asu_discord/cogs/analytics.py", line 652, in on_member_update
    before_timeout = before.timed_out_until
                     ^^^^^^^^^^^^^^^^^^^^^^
AttributeError: 'Member' object has no attribute 'timed_out_until'
Ignoring exception in on_member_update
Traceback (most recent call last):
  File "/usr/local/lib/python3.12/site-packages/discord/client.py", line 465, in _run_event
    await coro(*args, **kwargs)
  File "/app/asu_discord/cogs/analytics.py", line 652, in on_member_update
    before_timeout = before.timed_out_until
                     ^^^^^^^^^^^^^^^^^^^^^^
AttributeError: 'Member' object has no attribute 'timed_out_until'
Ignoring exception in on_member_update
Traceback (most recent call last):
  File "/usr/local/lib/python3.12/site-packages/discord/client.py", line 465, in _run_event
    await coro(*args, **kwargs)
  File "/app/asu_discord/cogs/analytics.py", line 652, in on_member_update
    before_timeout = before.timed_out_until
                     ^^^^^^^^^^^^^^^^^^^^^^
AttributeError: 'Member' object has no attribute 'timed_out_until'
Ignoring exception in on_member_update
Traceback (most recent call last):
  File "/usr/local/lib/python3.12/site-packages/discord/client.py", line 465, in _run_event
    await coro(*args, **kwargs)
  File "/app/asu_discord/cogs/analytics.py", line 652, in on_member_update
    before_timeout = before.timed_out_until
                     ^^^^^^^^^^^^^^^^^^^^^^
AttributeError: 'Member' object has no attribute 'timed_out_until'
Ignoring exception in on_member_update
Traceback (most recent call last):
  File "/usr/local/lib/python3.12/site-packages/discord/client.py", line 465, in _run_event
    await coro(*args, **kwargs)
  File "/app/asu_discord/cogs/analytics.py", line 652, in on_member_update
    before_timeout = before.timed_out_until
                     ^^^^^^^^^^^^^^^^^^^^^^
AttributeError: 'Member' object has no attribute 'timed_out_until'
Ignoring exception in on_member_update
Traceback (most recent call last):
  File "/usr/local/lib/python3.12/site-packages/discord/client.py", line 465, in _run_event
    await coro(*args, **kwargs)
  File "/app/asu_discord/cogs/analytics.py", line 652, in on_member_update
    before_timeout = before.timed_out_until
                     ^^^^^^^^^^^^^^^^^^^^^^
AttributeError: 'Member' object has no attribute 'timed_out_until'
INFO:asu_discord.cogs.verification:Saved 5 roles to database for user bfall1 (Discord ID: 1457608614830276639)
INFO:asu_discord.cogs.verification:Refreshed Salesforce roles for Discord user 1457608614830276639: -5/+5 roles, assigned=[College of Global Futures, First Generation Student, Graduate Student, International Student, Tempe]
Ignoring exception in on_member_update
Traceback (most recent call last):
  File "/usr/local/lib/python3.12/site-packages/discord/client.py", line 465, in _run_event
    await coro(*args, **kwargs)
  File "/app/asu_discord/cogs/analytics.py", line 652, in on_member_update
    before_timeout = before.timed_out_until
                     ^^^^^^^^^^^^^^^^^^^^^^
AttributeError: 'Member' object has no attribute 'timed_out_until'
Ignoring exception in on_member_update
Traceback (most recent call last):
  File "/usr/local/lib/python3.12/site-packages/discord/client.py", line 465, in _run_event
    await coro(*args, **kwargs)
  File "/app/asu_discord/cogs/analytics.py", line 652, in on_member_update
    before_timeout = before.timed_out_until
                     ^^^^^^^^^^^^^^^^^^^^^^
AttributeError: 'Member' object has no attribute 'timed_out_until'
Ignoring exception in on_member_update
Traceback (most recent call last):
  File "/usr/local/lib/python3.12/site-packages/discord/client.py", line 465, in _run_event
    await coro(*args, **kwargs)
  File "/app/asu_discord/cogs/analytics.py", line 652, in on_member_update
    before_timeout = before.timed_out_until
                     ^^^^^^^^^^^^^^^^^^^^^^
AttributeError: 'Member' object has no attribute 'timed_out_until'
Ignoring exception in on_member_update
Traceback (most recent call last):
  File "/usr/local/lib/python3.12/site-packages/discord/client.py", line 465, in _run_event
    await coro(*args, **kwargs)
  File "/app/asu_discord/cogs/analytics.py", line 652, in on_member_update
    before_timeout = before.timed_out_until
                     ^^^^^^^^^^^^^^^^^^^^^^
AttributeError: 'Member' object has no attribute 'timed_out_until'
Ignoring exception in on_member_update
Traceback (most recent call last):
  File "/usr/local/lib/python3.12/site-packages/discord/client.py", line 465, in _run_event
    await coro(*args, **kwargs)
  File "/app/asu_discord/cogs/analytics.py", line 652, in on_member_update
    before_timeout = before.timed_out_until
                     ^^^^^^^^^^^^^^^^^^^^^^
AttributeError: 'Member' object has no attribute 'timed_out_until'
Ignoring exception in on_member_update
Traceback (most recent call last):
  File "/usr/local/lib/python3.12/site-packages/discord/client.py", line 465, in _run_event
    await coro(*args, **kwargs)
  File "/app/asu_discord/cogs/analytics.py", line 652, in on_member_update
    before_timeout = before.timed_out_until
                     ^^^^^^^^^^^^^^^^^^^^^^
AttributeError: 'Member' object has no attribute 'timed_out_until'
Ignoring exception in on_member_update
Traceback (most recent call last):
  File "/usr/local/lib/python3.12/site-packages/discord/client.py", line 465, in _run_event
    await coro(*args, **kwargs)
  File "/app/asu_discord/cogs/analytics.py", line 652, in on_member_update
    before_timeout = before.timed_out_until
                     ^^^^^^^^^^^^^^^^^^^^^^
AttributeError: 'Member' object has no attribute 'timed_out_until'
Ignoring exception in on_member_update
Traceback (most recent call last):
  File "/usr/local/lib/python3.12/site-packages/discord/client.py", line 465, in _run_event
    await coro(*args, **kwargs)
  File "/app/asu_discord/cogs/analytics.py", line 652, in on_member_update
    before_timeout = before.timed_out_until
                     ^^^^^^^^^^^^^^^^^^^^^^
AttributeError: 'Member' object has no attribute 'timed_out_until'
Ignoring exception in on_member_update
Traceback (most recent call last):
  File "/usr/local/lib/python3.12/site-packages/discord/client.py", line 465, in _run_event
    await coro(*args, **kwargs)
  File "/app/asu_discord/cogs/analytics.py", line 652, in on_member_update
    before_timeout = before.timed_out_until
                     ^^^^^^^^^^^^^^^^^^^^^^
AttributeError: 'Member' object has no attribute 'timed_out_until'
Ignoring exception in on_member_update
Traceback (most recent call last):
  File "/usr/local/lib/python3.12/site-packages/discord/client.py", line 465, in _run_event
    await coro(*args, **kwargs)
  File "/app/asu_discord/cogs/analytics.py", line 652, in on_member_update
    before_timeout = before.timed_out_until
                     ^^^^^^^^^^^^^^^^^^^^^^
AttributeError: 'Member' object has no attribute 'timed_out_until'
INFO:asu_discord.cogs.verification:Saved 5 roles to database for user mmelen36 (Discord ID: 1457615067502612493)
INFO:asu_discord.cogs.verification:Refreshed Salesforce roles for Discord user 1457615067502612493: -5/+5 roles, assigned=[Arizona Resident, Commited, Herberger Institute for Design and the Arts, Tempe, Transfer Student]
ERROR:cron.jobs:refresh_salesforce_roles: failed for jsleon12 (Discord ID 1170610068539060317): Failed to refresh Salesforce-based roles: Discord user 1170610068539060317 is not a member of the guild
Ignoring exception in on_member_update
Traceback (most recent call last):
  File "/usr/local/lib/python3.12/site-packages/discord/client.py", line 465, in _run_event
    await coro(*args, **kwargs)
  File "/app/asu_discord/cogs/analytics.py", line 652, in on_member_update
    before_timeout = before.timed_out_until
                     ^^^^^^^^^^^^^^^^^^^^^^
AttributeError: 'Member' object has no attribute 'timed_out_until'
Ignoring exception in on_member_update
Traceback (most recent call last):
  File "/usr/local/lib/python3.12/site-packages/discord/client.py", line 465, in _run_event
    await coro(*args, **kwargs)
  File "/app/asu_discord/cogs/analytics.py", line 652, in on_member_update
    before_timeout = before.timed_out_until
                     ^^^^^^^^^^^^^^^^^^^^^^
AttributeError: 'Member' object has no attribute 'timed_out_until'
Ignoring exception in on_member_update
Traceback (most recent call last):
  File "/usr/local/lib/python3.12/site-packages/discord/client.py", line 465, in _run_event
    await coro(*args, **kwargs)
  File "/app/asu_discord/cogs/analytics.py", line 652, in on_member_update
    before_timeout = before.timed_out_until
                     ^^^^^^^^^^^^^^^^^^^^^^
AttributeError: 'Member' object has no attribute 'timed_out_until'
Ignoring exception in on_member_update
Traceback (most recent call last):
  File "/usr/local/lib/python3.12/site-packages/discord/client.py", line 465, in _run_event
    await coro(*args, **kwargs)
  File "/app/asu_discord/cogs/analytics.py", line 652, in on_member_update
    before_timeout = before.timed_out_until
                     ^^^^^^^^^^^^^^^^^^^^^^
AttributeError: 'Member' object has no attribute 'timed_out_until'
Ignoring exception in on_member_update
Traceback (most recent call last):
  File "/usr/local/lib/python3.12/site-packages/discord/client.py", line 465, in _run_event
    await coro(*args, **kwargs)
  File "/app/asu_discord/cogs/analytics.py", line 652, in on_member_update
    before_timeout = before.timed_out_until
                     ^^^^^^^^^^^^^^^^^^^^^^
AttributeError: 'Member' object has no attribute 'timed_out_until'
Ignoring exception in on_member_update
Traceback (most recent call last):
  File "/usr/local/lib/python3.12/site-packages/discord/client.py", line 465, in _run_event
    await coro(*args, **kwargs)
  File "/app/asu_discord/cogs/analytics.py", line 652, in on_member_update
    before_timeout = before.timed_out_until
                     ^^^^^^^^^^^^^^^^^^^^^^
AttributeError: 'Member' object has no attribute 'timed_out_until'
Ignoring exception in on_member_update
Traceback (most recent call last):
  File "/usr/local/lib/python3.12/site-packages/discord/client.py", line 465, in _run_event
    await coro(*args, **kwargs)
  File "/app/asu_discord/cogs/analytics.py", line 652, in on_member_update
    before_timeout = before.timed_out_until
                     ^^^^^^^^^^^^^^^^^^^^^^
AttributeError: 'Member' object has no attribute 'timed_out_until'
Ignoring exception in on_member_update
Traceback (most recent call last):
  File "/usr/local/lib/python3.12/site-packages/discord/client.py", line 465, in _run_event
    await coro(*args, **kwargs)
  File "/app/asu_discord/cogs/analytics.py", line 652, in on_member_update
    before_timeout = before.timed_out_until
                     ^^^^^^^^^^^^^^^^^^^^^^
AttributeError: 'Member' object has no attribute 'timed_out_until'
Ignoring exception in on_member_update
Traceback (most recent call last):
  File "/usr/local/lib/python3.12/site-packages/discord/client.py", line 465, in _run_event
    await coro(*args, **kwargs)
  File "/app/asu_discord/cogs/analytics.py", line 652, in on_member_update
    before_timeout = before.timed_out_until
                     ^^^^^^^^^^^^^^^^^^^^^^
AttributeError: 'Member' object has no attribute 'timed_out_until'
Ignoring exception in on_member_update
Traceback (most recent call last):
  File "/usr/local/lib/python3.12/site-packages/discord/client.py", line 465, in _run_event
    await coro(*args, **kwargs)
  File "/app/asu_discord/cogs/analytics.py", line 652, in on_member_update
    before_timeout = before.timed_out_until
                     ^^^^^^^^^^^^^^^^^^^^^^
AttributeError: 'Member' object has no attribute 'timed_out_until'
INFO:asu_discord.cogs.verification:Saved 5 roles to database for user syesilir (Discord ID: 709699793110302821)
INFO:asu_discord.cogs.verification:Refreshed Salesforce roles for Discord user 709699793110302821: -5/+5 roles, assigned=[Commited, First Year, International Student, Tempe, W.P. Carey School of Business]
Ignoring exception in on_member_update
Traceback (most recent call last):
  File "/usr/local/lib/python3.12/site-packages/discord/client.py", line 465, in _run_event
    await coro(*args, **kwargs)
  File "/app/asu_discord/cogs/analytics.py", line 652, in on_member_update
    before_timeout = before.timed_out_until
                     ^^^^^^^^^^^^^^^^^^^^^^
AttributeError: 'Member' object has no attribute 'timed_out_until'
Ignoring exception in on_member_update
Traceback (most recent call last):
  File "/usr/local/lib/python3.12/site-packages/discord/client.py", line 465, in _run_event
    await coro(*args, **kwargs)
  File "/app/asu_discord/cogs/analytics.py", line 652, in on_member_update
    before_timeout = before.timed_out_until
                     ^^^^^^^^^^^^^^^^^^^^^^
AttributeError: 'Member' object has no attribute 'timed_out_until'
Ignoring exception in on_member_update
Traceback (most recent call last):
  File "/usr/local/lib/python3.12/site-packages/discord/client.py", line 465, in _run_event
    await coro(*args, **kwargs)
  File "/app/asu_discord/cogs/analytics.py", line 652, in on_member_update
    before_timeout = before.timed_out_until
                     ^^^^^^^^^^^^^^^^^^^^^^
AttributeError: 'Member' object has no attribute 'timed_out_until'
Ignoring exception in on_member_update
Traceback (most recent call last):
  File "/usr/local/lib/python3.12/site-packages/discord/client.py", line 465, in _run_event
    await coro(*args, **kwargs)
  File "/app/asu_discord/cogs/analytics.py", line 652, in on_member_update
    before_timeout = before.timed_out_until
                     ^^^^^^^^^^^^^^^^^^^^^^
AttributeError: 'Member' object has no attribute 'timed_out_until'
Ignoring exception in on_member_update
Traceback (most recent call last):
  File "/usr/local/lib/python3.12/site-packages/discord/client.py", line 465, in _run_event
    await coro(*args, **kwargs)
  File "/app/asu_discord/cogs/analytics.py", line 652, in on_member_update
    before_timeout = before.timed_out_until
                     ^^^^^^^^^^^^^^^^^^^^^^
AttributeError: 'Member' object has no attribute 'timed_out_until'
Ignoring exception in on_member_update
Traceback (most recent call last):
  File "/usr/local/lib/python3.12/site-packages/discord/client.py", line 465, in _run_event
    await coro(*args, **kwargs)
  File "/app/asu_discord/cogs/analytics.py", line 652, in on_member_update
    before_timeout = before.timed_out_until
                     ^^^^^^^^^^^^^^^^^^^^^^
AttributeError: 'Member' object has no attribute 'timed_out_until'
Ignoring exception in on_member_update
Traceback (most recent call last):
  File "/usr/local/lib/python3.12/site-packages/discord/client.py", line 465, in _run_event
    await coro(*args, **kwargs)
  File "/app/asu_discord/cogs/analytics.py", line 652, in on_member_update
    before_timeout = before.timed_out_until
                     ^^^^^^^^^^^^^^^^^^^^^^
AttributeError: 'Member' object has no attribute 'timed_out_until'
Ignoring exception in on_member_update
Traceback (most recent call last):
  File "/usr/local/lib/python3.12/site-packages/discord/client.py", line 465, in _run_event
    await coro(*args, **kwargs)
  File "/app/asu_discord/cogs/analytics.py", line 652, in on_member_update
    before_timeout = before.timed_out_until
                     ^^^^^^^^^^^^^^^^^^^^^^
AttributeError: 'Member' object has no attribute 'timed_out_until'
Ignoring exception in on_member_update
Traceback (most recent call last):
  File "/usr/local/lib/python3.12/site-packages/discord/client.py", line 465, in _run_event
    await coro(*args, **kwargs)
  File "/app/asu_discord/cogs/analytics.py", line 652, in on_member_update
    before_timeout = before.timed_out_until
                     ^^^^^^^^^^^^^^^^^^^^^^
AttributeError: 'Member' object has no attribute 'timed_out_until'
Ignoring exception in on_member_update
Traceback (most recent call last):
  File "/usr/local/lib/python3.12/site-packages/discord/client.py", line 465, in _run_event
    await coro(*args, **kwargs)
  File "/app/asu_discord/cogs/analytics.py", line 652, in on_member_update
    before_timeout = before.timed_out_until
                     ^^^^^^^^^^^^^^^^^^^^^^
AttributeError: 'Member' object has no attribute 'timed_out_until'
INFO:asu_discord.cogs.verification:Saved 5 roles to database for user nwangari (Discord ID: 1457622444926832773)
INFO:asu_discord.cogs.verification:Refreshed Salesforce roles for Discord user 1457622444926832773: -5/+5 roles, assigned=[College of Global Futures, First Generation Student, Graduate Student, International Student, Tempe]
Ignoring exception in on_member_update
Traceback (most recent call last):
  File "/usr/local/lib/python3.12/site-packages/discord/client.py", line 465, in _run_event
    await coro(*args, **kwargs)
  File "/app/asu_discord/cogs/analytics.py", line 652, in on_member_update
    before_timeout = before.timed_out_until
                     ^^^^^^^^^^^^^^^^^^^^^^
AttributeError: 'Member' object has no attribute 'timed_out_until'
INFO:asu_discord.cogs.verification:Saved 1 roles to database for user clovelle (Discord ID: 821561887363694595)
INFO:asu_discord.cogs.verification:Refreshed Salesforce roles for Discord user 821561887363694595: -0/+1 roles, assigned=[Out of State]
Ignoring exception in on_member_update
Traceback (most recent call last):
  File "/usr/local/lib/python3.12/site-packages/discord/client.py", line 465, in _run_event
    await coro(*args, **kwargs)
  File "/app/asu_discord/cogs/analytics.py", line 652, in on_member_update
    before_timeout = before.timed_out_until
                     ^^^^^^^^^^^^^^^^^^^^^^
AttributeError: 'Member' object has no attribute 'timed_out_until'
Ignoring exception in on_member_update
Traceback (most recent call last):
  File "/usr/local/lib/python3.12/site-packages/discord/client.py", line 465, in _run_event
    await coro(*args, **kwargs)
  File "/app/asu_discord/cogs/analytics.py", line 652, in on_member_update
    before_timeout = before.timed_out_until
                     ^^^^^^^^^^^^^^^^^^^^^^
AttributeError: 'Member' object has no attribute 'timed_out_until'
Ignoring exception in on_member_update
Traceback (most recent call last):
  File "/usr/local/lib/python3.12/site-packages/discord/client.py", line 465, in _run_event
    await coro(*args, **kwargs)
  File "/app/asu_discord/cogs/analytics.py", line 652, in on_member_update
    before_timeout = before.timed_out_until
                     ^^^^^^^^^^^^^^^^^^^^^^
AttributeError: 'Member' object has no attribute 'timed_out_until'
Ignoring exception in on_member_update
Traceback (most recent call last):
  File "/usr/local/lib/python3.12/site-packages/discord/client.py", line 465, in _run_event
    await coro(*args, **kwargs)
  File "/app/asu_discord/cogs/analytics.py", line 652, in on_member_update
    before_timeout = before.timed_out_until
                     ^^^^^^^^^^^^^^^^^^^^^^
AttributeError: 'Member' object has no attribute 'timed_out_until'
Ignoring exception in on_member_update
Traceback (most recent call last):
  File "/usr/local/lib/python3.12/site-packages/discord/client.py", line 465, in _run_event
    await coro(*args, **kwargs)
  File "/app/asu_discord/cogs/analytics.py", line 652, in on_member_update
    before_timeout = before.timed_out_until
                     ^^^^^^^^^^^^^^^^^^^^^^
AttributeError: 'Member' object has no attribute 'timed_out_until'
Ignoring exception in on_member_update
Traceback (most recent call last):
  File "/usr/local/lib/python3.12/site-packages/discord/client.py", line 465, in _run_event
    await coro(*args, **kwargs)
  File "/app/asu_discord/cogs/analytics.py", line 652, in on_member_update
    before_timeout = before.timed_out_until
                     ^^^^^^^^^^^^^^^^^^^^^^
AttributeError: 'Member' object has no attribute 'timed_out_until'
Ignoring exception in on_member_update
Traceback (most recent call last):
  File "/usr/local/lib/python3.12/site-packages/discord/client.py", line 465, in _run_event
    await coro(*args, **kwargs)
  File "/app/asu_discord/cogs/analytics.py", line 652, in on_member_update
    before_timeout = before.timed_out_until
                     ^^^^^^^^^^^^^^^^^^^^^^
AttributeError: 'Member' object has no attribute 'timed_out_until'
Ignoring exception in on_member_update
Traceback (most recent call last):
  File "/usr/local/lib/python3.12/site-packages/discord/client.py", line 465, in _run_event
    await coro(*args, **kwargs)
  File "/app/asu_discord/cogs/analytics.py", line 652, in on_member_update
    before_timeout = before.timed_out_until
                     ^^^^^^^^^^^^^^^^^^^^^^
AttributeError: 'Member' object has no attribute 'timed_out_until'
Ignoring exception in on_member_update
Traceback (most recent call last):
  File "/usr/local/lib/python3.12/site-packages/discord/client.py", line 465, in _run_event
    await coro(*args, **kwargs)
  File "/app/asu_discord/cogs/analytics.py", line 652, in on_member_update
    before_timeout = before.timed_out_until
                     ^^^^^^^^^^^^^^^^^^^^^^
AttributeError: 'Member' object has no attribute 'timed_out_until'
Ignoring exception in on_member_update
Traceback (most recent call last):
  File "/usr/local/lib/python3.12/site-packages/discord/client.py", line 465, in _run_event
    await coro(*args, **kwargs)
  File "/app/asu_discord/cogs/analytics.py", line 652, in on_member_update
    before_timeout = before.timed_out_until
                     ^^^^^^^^^^^^^^^^^^^^^^
AttributeError: 'Member' object has no attribute 'timed_out_until'
INFO:asu_discord.cogs.verification:Saved 5 roles to database for user ejchan12 (Discord ID: 1428152256859209831)
INFO:asu_discord.cogs.verification:Refreshed Salesforce roles for Discord user 1428152256859209831: -5/+5 roles, assigned=[Arizona Resident, Commited, First Year, Herberger Institute for Design and the Arts, Tempe]
Ignoring exception in on_member_update
Traceback (most recent call last):
  File "/usr/local/lib/python3.12/site-packages/discord/client.py", line 465, in _run_event
    await coro(*args, **kwargs)
  File "/app/asu_discord/cogs/analytics.py", line 652, in on_member_update
    before_timeout = before.timed_out_until
                     ^^^^^^^^^^^^^^^^^^^^^^
AttributeError: 'Member' object has no attribute 'timed_out_until'
Ignoring exception in on_member_update
Traceback (most recent call last):
  File "/usr/local/lib/python3.12/site-packages/discord/client.py", line 465, in _run_event
    await coro(*args, **kwargs)
  File "/app/asu_discord/cogs/analytics.py", line 652, in on_member_update
    before_timeout = before.timed_out_until
                     ^^^^^^^^^^^^^^^^^^^^^^
AttributeError: 'Member' object has no attribute 'timed_out_until'
Ignoring exception in on_member_update
Traceback (most recent call last):
  File "/usr/local/lib/python3.12/site-packages/discord/client.py", line 465, in _run_event
    await coro(*args, **kwargs)
  File "/app/asu_discord/cogs/analytics.py", line 652, in on_member_update
    before_timeout = before.timed_out_until
                     ^^^^^^^^^^^^^^^^^^^^^^
AttributeError: 'Member' object has no attribute 'timed_out_until'
Ignoring exception in on_member_update
Traceback (most recent call last):
  File "/usr/local/lib/python3.12/site-packages/discord/client.py", line 465, in _run_event
    await coro(*args, **kwargs)
  File "/app/asu_discord/cogs/analytics.py", line 652, in on_member_update
    before_timeout = before.timed_out_until
                     ^^^^^^^^^^^^^^^^^^^^^^
AttributeError: 'Member' object has no attribute 'timed_out_until'
Ignoring exception in on_member_update
Traceback (most recent call last):
  File "/usr/local/lib/python3.12/site-packages/discord/client.py", line 465, in _run_event
    await coro(*args, **kwargs)
  File "/app/asu_discord/cogs/analytics.py", line 652, in on_member_update
    before_timeout = before.timed_out_until
                     ^^^^^^^^^^^^^^^^^^^^^^
AttributeError: 'Member' object has no attribute 'timed_out_until'
Ignoring exception in on_member_update
Traceback (most recent call last):
  File "/usr/local/lib/python3.12/site-packages/discord/client.py", line 465, in _run_event
    await coro(*args, **kwargs)
  File "/app/asu_discord/cogs/analytics.py", line 652, in on_member_update
    before_timeout = before.timed_out_until
                     ^^^^^^^^^^^^^^^^^^^^^^
AttributeError: 'Member' object has no attribute 'timed_out_until'
Ignoring exception in on_member_update
Traceback (most recent call last):
  File "/usr/local/lib/python3.12/site-packages/discord/client.py", line 465, in _run_event
    await coro(*args, **kwargs)
  File "/app/asu_discord/cogs/analytics.py", line 652, in on_member_update
    before_timeout = before.timed_out_until
                     ^^^^^^^^^^^^^^^^^^^^^^
AttributeError: 'Member' object has no attribute 'timed_out_until'
Ignoring exception in on_member_update
Traceback (most recent call last):
  File "/usr/local/lib/python3.12/site-packages/discord/client.py", line 465, in _run_event
    await coro(*args, **kwargs)
  File "/app/asu_discord/cogs/analytics.py", line 652, in on_member_update
    before_timeout = before.timed_out_until
                     ^^^^^^^^^^^^^^^^^^^^^^
AttributeError: 'Member' object has no attribute 'timed_out_until'
Ignoring exception in on_member_update
Traceback (most recent call last):
  File "/usr/local/lib/python3.12/site-packages/discord/client.py", line 465, in _run_event
    await coro(*args, **kwargs)
  File "/app/asu_discord/cogs/analytics.py", line 652, in on_member_update
    before_timeout = before.timed_out_until
                     ^^^^^^^^^^^^^^^^^^^^^^
AttributeError: 'Member' object has no attribute 'timed_out_until'
Ignoring exception in on_member_update
Traceback (most recent call last):
  File "/usr/local/lib/python3.12/site-packages/discord/client.py", line 465, in _run_event
    await coro(*args, **kwargs)
  File "/app/asu_discord/cogs/analytics.py", line 652, in on_member_update
    before_timeout = before.timed_out_until
                     ^^^^^^^^^^^^^^^^^^^^^^
AttributeError: 'Member' object has no attribute 'timed_out_until'
ERROR:cron.jobs:refresh_salesforce_roles: failed for nenoma (Discord ID 1034575854979784774): Timed out refresh Salesforce-based roles
WARNING:discord.http:We are being rate limited. Retrying in 1.30 seconds. Handled under the bucket "None:1187144343400751234:/guilds/{guild_id}/members/{user_id}/roles/{role_id}"
Ignoring exception in on_member_update
Traceback (most recent call last):
  File "/usr/local/lib/python3.12/site-packages/discord/client.py", line 465, in _run_event
    await coro(*args, **kwargs)
  File "/app/asu_discord/cogs/analytics.py", line 652, in on_member_update
    before_timeout = before.timed_out_until
                     ^^^^^^^^^^^^^^^^^^^^^^
AttributeError: 'Member' object has no attribute 'timed_out_until'
Ignoring exception in on_member_update
Traceback (most recent call last):
  File "/usr/local/lib/python3.12/site-packages/discord/client.py", line 465, in _run_event
    await coro(*args, **kwargs)
  File "/app/asu_discord/cogs/analytics.py", line 652, in on_member_update
    before_timeout = before.timed_out_until
                     ^^^^^^^^^^^^^^^^^^^^^^
AttributeError: 'Member' object has no attribute 'timed_out_until'
Ignoring exception in on_member_update
Traceback (most recent call last):
  File "/usr/local/lib/python3.12/site-packages/discord/client.py", line 465, in _run_event
    await coro(*args, **kwargs)
  File "/app/asu_discord/cogs/analytics.py", line 652, in on_member_update
    before_timeout = before.timed_out_until
                     ^^^^^^^^^^^^^^^^^^^^^^
AttributeError: 'Member' object has no attribute 'timed_out_until'
Ignoring exception in on_member_update
Traceback (most recent call last):
  File "/usr/local/lib/python3.12/site-packages/discord/client.py", line 465, in _run_event
    await coro(*args, **kwargs)
  File "/app/asu_discord/cogs/analytics.py", line 652, in on_member_update
    before_timeout = before.timed_out_until
                     ^^^^^^^^^^^^^^^^^^^^^^
AttributeError: 'Member' object has no attribute 'timed_out_until'
Ignoring exception in on_member_update
Traceback (most recent call last):
  File "/usr/local/lib/python3.12/site-packages/discord/client.py", line 465, in _run_event
    await coro(*args, **kwargs)
  File "/app/asu_discord/cogs/analytics.py", line 652, in on_member_update
    before_timeout = before.timed_out_until
                     ^^^^^^^^^^^^^^^^^^^^^^
AttributeError: 'Member' object has no attribute 'timed_out_until'
Ignoring exception in on_member_update
Traceback (most recent call last):
  File "/usr/local/lib/python3.12/site-packages/discord/client.py", line 465, in _run_event
    await coro(*args, **kwargs)
  File "/app/asu_discord/cogs/analytics.py", line 652, in on_member_update
    before_timeout = before.timed_out_until
                     ^^^^^^^^^^^^^^^^^^^^^^
AttributeError: 'Member' object has no attribute 'timed_out_until'
Ignoring exception in on_member_update
Traceback (most recent call last):
  File "/usr/local/lib/python3.12/site-packages/discord/client.py", line 465, in _run_event
    await coro(*args, **kwargs)
  File "/app/asu_discord/cogs/analytics.py", line 652, in on_member_update
    before_timeout = before.timed_out_until
                     ^^^^^^^^^^^^^^^^^^^^^^
AttributeError: 'Member' object has no attribute 'timed_out_until'
Ignoring exception in on_member_update
Traceback (most recent call last):
  File "/usr/local/lib/python3.12/site-packages/discord/client.py", line 465, in _run_event
    await coro(*args, **kwargs)
  File "/app/asu_discord/cogs/analytics.py", line 652, in on_member_update
    before_timeout = before.timed_out_until
                     ^^^^^^^^^^^^^^^^^^^^^^
AttributeError: 'Member' object has no attribute 'timed_out_until'
Ignoring exception in on_member_update
Traceback (most recent call last):
  File "/usr/local/lib/python3.12/site-packages/discord/client.py", line 465, in _run_event
    await coro(*args, **kwargs)
  File "/app/asu_discord/cogs/analytics.py", line 652, in on_member_update
    before_timeout = before.timed_out_until
                     ^^^^^^^^^^^^^^^^^^^^^^
AttributeError: 'Member' object has no attribute 'timed_out_until'
INFO:asu_discord.cogs.verification:Saved 5 roles to database for user ktraeger (Discord ID: 1457880804196880698)
INFO:asu_discord.cogs.verification:Refreshed Salesforce roles for Discord user 1457880804196880698: -4/+5 roles, assigned=[Commited, First Year, New College of Interdisciplinary Arts and Sciences, Out of State, West Valley]
Ignoring exception in on_member_update
Traceback (most recent call last):
  File "/usr/local/lib/python3.12/site-packages/discord/client.py", line 465, in _run_event
    await coro(*args, **kwargs)
  File "/app/asu_discord/cogs/analytics.py", line 652, in on_member_update
    before_timeout = before.timed_out_until
                     ^^^^^^^^^^^^^^^^^^^^^^
AttributeError: 'Member' object has no attribute 'timed_out_until'
Ignoring exception in on_member_update
Traceback (most recent call last):
  File "/usr/local/lib/python3.12/site-packages/discord/client.py", line 465, in _run_event
    await coro(*args, **kwargs)
  File "/app/asu_discord/cogs/analytics.py", line 652, in on_member_update
    before_timeout = before.timed_out_until
                     ^^^^^^^^^^^^^^^^^^^^^^
AttributeError: 'Member' object has no attribute 'timed_out_until'
Ignoring exception in on_member_update
Traceback (most recent call last):
  File "/usr/local/lib/python3.12/site-packages/discord/client.py", line 465, in _run_event
    await coro(*args, **kwargs)
  File "/app/asu_discord/cogs/analytics.py", line 652, in on_member_update
    before_timeout = before.timed_out_until
                     ^^^^^^^^^^^^^^^^^^^^^^
AttributeError: 'Member' object has no attribute 'timed_out_until'
Ignoring exception in on_member_update
Traceback (most recent call last):
  File "/usr/local/lib/python3.12/site-packages/discord/client.py", line 465, in _run_event
    await coro(*args, **kwargs)
  File "/app/asu_discord/cogs/analytics.py", line 652, in on_member_update
    before_timeout = before.timed_out_until
                     ^^^^^^^^^^^^^^^^^^^^^^
AttributeError: 'Member' object has no attribute 'timed_out_until'
Ignoring exception in on_member_update
Traceback (most recent call last):
  File "/usr/local/lib/python3.12/site-packages/discord/client.py", line 465, in _run_event
    await coro(*args, **kwargs)
  File "/app/asu_discord/cogs/analytics.py", line 652, in on_member_update
    before_timeout = before.timed_out_until
                     ^^^^^^^^^^^^^^^^^^^^^^
AttributeError: 'Member' object has no attribute 'timed_out_until'
Ignoring exception in on_member_update
Traceback (most recent call last):
  File "/usr/local/lib/python3.12/site-packages/discord/client.py", line 465, in _run_event
    await coro(*args, **kwargs)
  File "/app/asu_discord/cogs/analytics.py", line 652, in on_member_update
    before_timeout = before.timed_out_until
                     ^^^^^^^^^^^^^^^^^^^^^^
AttributeError: 'Member' object has no attribute 'timed_out_until'
Ignoring exception in on_member_update
Traceback (most recent call last):
  File "/usr/local/lib/python3.12/site-packages/discord/client.py", line 465, in _run_event
    await coro(*args, **kwargs)
  File "/app/asu_discord/cogs/analytics.py", line 652, in on_member_update
    before_timeout = before.timed_out_until
                     ^^^^^^^^^^^^^^^^^^^^^^
AttributeError: 'Member' object has no attribute 'timed_out_until'
Ignoring exception in on_member_update
Traceback (most recent call last):
  File "/usr/local/lib/python3.12/site-packages/discord/client.py", line 465, in _run_event
    await coro(*args, **kwargs)
  File "/app/asu_discord/cogs/analytics.py", line 652, in on_member_update
    before_timeout = before.timed_out_until
                     ^^^^^^^^^^^^^^^^^^^^^^
AttributeError: 'Member' object has no attribute 'timed_out_until'
Ignoring exception in on_member_update
Traceback (most recent call last):
  File "/usr/local/lib/python3.12/site-packages/discord/client.py", line 465, in _run_event
    await coro(*args, **kwargs)
  File "/app/asu_discord/cogs/analytics.py", line 652, in on_member_update
    before_timeout = before.timed_out_until
                     ^^^^^^^^^^^^^^^^^^^^^^
AttributeError: 'Member' object has no attribute 'timed_out_until'
Ignoring exception in on_member_update
Traceback (most recent call last):
  File "/usr/local/lib/python3.12/site-packages/discord/client.py", line 465, in _run_event
    await coro(*args, **kwargs)
  File "/app/asu_discord/cogs/analytics.py", line 652, in on_member_update
    before_timeout = before.timed_out_until
                     ^^^^^^^^^^^^^^^^^^^^^^
AttributeError: 'Member' object has no attribute 'timed_out_until'
INFO:asu_discord.cogs.verification:Saved 6 roles to database for user lmgarc45 (Discord ID: 754421692700426260)
INFO:asu_discord.cogs.verification:Refreshed Salesforce roles for Discord user 754421692700426260: -4/+6 roles, assigned=[Arizona Resident, Commited, First Year, Ira A. Fulton Schools of Engineering, Tempe, Upperclassmen]
ERROR:cron.jobs:refresh_salesforce_roles: failed for ejdobbin (Discord ID 1457900809583984641): Failed to refresh Salesforce-based roles: Discord user 1457900809583984641 is not a member of the guild
Ignoring exception in on_member_update
Traceback (most recent call last):
  File "/usr/local/lib/python3.12/site-packages/discord/client.py", line 465, in _run_event
    await coro(*args, **kwargs)
  File "/app/asu_discord/cogs/analytics.py", line 652, in on_member_update
    before_timeout = before.timed_out_until
                     ^^^^^^^^^^^^^^^^^^^^^^
AttributeError: 'Member' object has no attribute 'timed_out_until'
Ignoring exception in on_member_update
Traceback (most recent call last):
  File "/usr/local/lib/python3.12/site-packages/discord/client.py", line 465, in _run_event
    await coro(*args, **kwargs)
  File "/app/asu_discord/cogs/analytics.py", line 652, in on_member_update
    before_timeout = before.timed_out_until
                     ^^^^^^^^^^^^^^^^^^^^^^
AttributeError: 'Member' object has no attribute 'timed_out_until'
Ignoring exception in on_member_update
Traceback (most recent call last):
  File "/usr/local/lib/python3.12/site-packages/discord/client.py", line 465, in _run_event
    await coro(*args, **kwargs)
  File "/app/asu_discord/cogs/analytics.py", line 652, in on_member_update
    before_timeout = before.timed_out_until
                     ^^^^^^^^^^^^^^^^^^^^^^
AttributeError: 'Member' object has no attribute 'timed_out_until'
Ignoring exception in on_member_update
Traceback (most recent call last):
  File "/usr/local/lib/python3.12/site-packages/discord/client.py", line 465, in _run_event
    await coro(*args, **kwargs)
  File "/app/asu_discord/cogs/analytics.py", line 652, in on_member_update
    before_timeout = before.timed_out_until
                     ^^^^^^^^^^^^^^^^^^^^^^
AttributeError: 'Member' object has no attribute 'timed_out_until'
Ignoring exception in on_member_update
Traceback (most recent call last):
  File "/usr/local/lib/python3.12/site-packages/discord/client.py", line 465, in _run_event
    await coro(*args, **kwargs)
  File "/app/asu_discord/cogs/analytics.py", line 652, in on_member_update
    before_timeout = before.timed_out_until
                     ^^^^^^^^^^^^^^^^^^^^^^
AttributeError: 'Member' object has no attribute 'timed_out_until'
Ignoring exception in on_member_update
Traceback (most recent call last):
  File "/usr/local/lib/python3.12/site-packages/discord/client.py", line 465, in _run_event
    await coro(*args, **kwargs)
  File "/app/asu_discord/cogs/analytics.py", line 652, in on_member_update
    before_timeout = before.timed_out_until
                     ^^^^^^^^^^^^^^^^^^^^^^
AttributeError: 'Member' object has no attribute 'timed_out_until'
Ignoring exception in on_member_update
Traceback (most recent call last):
  File "/usr/local/lib/python3.12/site-packages/discord/client.py", line 465, in _run_event
    await coro(*args, **kwargs)
  File "/app/asu_discord/cogs/analytics.py", line 652, in on_member_update
    before_timeout = before.timed_out_until
                     ^^^^^^^^^^^^^^^^^^^^^^
AttributeError: 'Member' object has no attribute 'timed_out_until'
Ignoring exception in on_member_update
Traceback (most recent call last):
  File "/usr/local/lib/python3.12/site-packages/discord/client.py", line 465, in _run_event
    await coro(*args, **kwargs)
  File "/app/asu_discord/cogs/analytics.py", line 652, in on_member_update
    before_timeout = before.timed_out_until
                     ^^^^^^^^^^^^^^^^^^^^^^
AttributeError: 'Member' object has no attribute 'timed_out_until'
Ignoring exception in on_member_update
Traceback (most recent call last):
  File "/usr/local/lib/python3.12/site-packages/discord/client.py", line 465, in _run_event
    await coro(*args, **kwargs)
  File "/app/asu_discord/cogs/analytics.py", line 652, in on_member_update
    before_timeout = before.timed_out_until
                     ^^^^^^^^^^^^^^^^^^^^^^
AttributeError: 'Member' object has no attribute 'timed_out_until'
Ignoring exception in on_member_update
Traceback (most recent call last):
  File "/usr/local/lib/python3.12/site-packages/discord/client.py", line 465, in _run_event
    await coro(*args, **kwargs)
  File "/app/asu_discord/cogs/analytics.py", line 652, in on_member_update
    before_timeout = before.timed_out_until
                     ^^^^^^^^^^^^^^^^^^^^^^
AttributeError: 'Member' object has no attribute 'timed_out_until'
INFO:asu_discord.cogs.verification:Saved 5 roles to database for user tcseago (Discord ID: 119244312662900737)
INFO:asu_discord.cogs.verification:Refreshed Salesforce roles for Discord user 119244312662900737: -5/+5 roles, assigned=[Arizona Resident, Ira A. Fulton Schools of Engineering, Online, Transfer Student, Upperclassmen]
ERROR:cron.jobs:refresh_salesforce_roles: failed for mcerdave (Discord ID 786368488666300486): Failed to refresh Salesforce-based roles: Discord user 786368488666300486 is not a member of the guild
ERROR:cron.jobs:refresh_salesforce_roles: failed for rwill170 (Discord ID 1192608355454304298): Failed to refresh Salesforce-based roles: Discord user 1192608355454304298 is not a member of the guild
Ignoring exception in on_member_update
Traceback (most recent call last):
  File "/usr/local/lib/python3.12/site-packages/discord/client.py", line 465, in _run_event
    await coro(*args, **kwargs)
  File "/app/asu_discord/cogs/analytics.py", line 652, in on_member_update
    before_timeout = before.timed_out_until
                     ^^^^^^^^^^^^^^^^^^^^^^
AttributeError: 'Member' object has no attribute 'timed_out_until'
Ignoring exception in on_member_update
Traceback (most recent call last):
  File "/usr/local/lib/python3.12/site-packages/discord/client.py", line 465, in _run_event
    await coro(*args, **kwargs)
  File "/app/asu_discord/cogs/analytics.py", line 652, in on_member_update
    before_timeout = before.timed_out_until
                     ^^^^^^^^^^^^^^^^^^^^^^
AttributeError: 'Member' object has no attribute 'timed_out_until'
Ignoring exception in on_member_update
Traceback (most recent call last):
  File "/usr/local/lib/python3.12/site-packages/discord/client.py", line 465, in _run_event
    await coro(*args, **kwargs)
  File "/app/asu_discord/cogs/analytics.py", line 652, in on_member_update
    before_timeout = before.timed_out_until
                     ^^^^^^^^^^^^^^^^^^^^^^
AttributeError: 'Member' object has no attribute 'timed_out_until'
Ignoring exception in on_member_update
Traceback (most recent call last):
  File "/usr/local/lib/python3.12/site-packages/discord/client.py", line 465, in _run_event
    await coro(*args, **kwargs)
  File "/app/asu_discord/cogs/analytics.py", line 652, in on_member_update
    before_timeout = before.timed_out_until
                     ^^^^^^^^^^^^^^^^^^^^^^
AttributeError: 'Member' object has no attribute 'timed_out_until'
Ignoring exception in on_member_update
Traceback (most recent call last):
  File "/usr/local/lib/python3.12/site-packages/discord/client.py", line 465, in _run_event
    await coro(*args, **kwargs)
  File "/app/asu_discord/cogs/analytics.py", line 652, in on_member_update
    before_timeout = before.timed_out_until
                     ^^^^^^^^^^^^^^^^^^^^^^
AttributeError: 'Member' object has no attribute 'timed_out_until'
Ignoring exception in on_member_update
Traceback (most recent call last):
  File "/usr/local/lib/python3.12/site-packages/discord/client.py", line 465, in _run_event
    await coro(*args, **kwargs)
  File "/app/asu_discord/cogs/analytics.py", line 652, in on_member_update
    before_timeout = before.timed_out_until
                     ^^^^^^^^^^^^^^^^^^^^^^
AttributeError: 'Member' object has no attribute 'timed_out_until'
Ignoring exception in on_member_update
Traceback (most recent call last):
  File "/usr/local/lib/python3.12/site-packages/discord/client.py", line 465, in _run_event
    await coro(*args, **kwargs)
  File "/app/asu_discord/cogs/analytics.py", line 652, in on_member_update
    before_timeout = before.timed_out_until
                     ^^^^^^^^^^^^^^^^^^^^^^
AttributeError: 'Member' object has no attribute 'timed_out_until'
Ignoring exception in on_member_update
Traceback (most recent call last):
  File "/usr/local/lib/python3.12/site-packages/discord/client.py", line 465, in _run_event
    await coro(*args, **kwargs)
  File "/app/asu_discord/cogs/analytics.py", line 652, in on_member_update
    before_timeout = before.timed_out_until
                     ^^^^^^^^^^^^^^^^^^^^^^
AttributeError: 'Member' object has no attribute 'timed_out_until'
Ignoring exception in on_member_update
Traceback (most recent call last):
  File "/usr/local/lib/python3.12/site-packages/discord/client.py", line 465, in _run_event
    await coro(*args, **kwargs)
  File "/app/asu_discord/cogs/analytics.py", line 652, in on_member_update
    before_timeout = before.timed_out_until
                     ^^^^^^^^^^^^^^^^^^^^^^
AttributeError: 'Member' object has no attribute 'timed_out_until'
INFO:asu_discord.cogs.verification:Saved 5 roles to database for user jogbeama (Discord ID: 1448244039655624856)
INFO:asu_discord.cogs.verification:Refreshed Salesforce roles for Discord user 1448244039655624856: -4/+5 roles, assigned=[Commited, First Year, Out of State, Tempe, W.P. Carey School of Business]
Ignoring exception in on_member_update
Traceback (most recent call last):
  File "/usr/local/lib/python3.12/site-packages/discord/client.py", line 465, in _run_event
    await coro(*args, **kwargs)
  File "/app/asu_discord/cogs/analytics.py", line 652, in on_member_update
    before_timeout = before.timed_out_until
                     ^^^^^^^^^^^^^^^^^^^^^^
AttributeError: 'Member' object has no attribute 'timed_out_until'
Ignoring exception in on_member_update
Traceback (most recent call last):
  File "/usr/local/lib/python3.12/site-packages/discord/client.py", line 465, in _run_event
    await coro(*args, **kwargs)
  File "/app/asu_discord/cogs/analytics.py", line 652, in on_member_update
    before_timeout = before.timed_out_until
                     ^^^^^^^^^^^^^^^^^^^^^^
AttributeError: 'Member' object has no attribute 'timed_out_until'
Ignoring exception in on_member_update
Traceback (most recent call last):
  File "/usr/local/lib/python3.12/site-packages/discord/client.py", line 465, in _run_event
    await coro(*args, **kwargs)
  File "/app/asu_discord/cogs/analytics.py", line 652, in on_member_update
    before_timeout = before.timed_out_until
                     ^^^^^^^^^^^^^^^^^^^^^^
AttributeError: 'Member' object has no attribute 'timed_out_until'
Ignoring exception in on_member_update
Traceback (most recent call last):
  File "/usr/local/lib/python3.12/site-packages/discord/client.py", line 465, in _run_event
    await coro(*args, **kwargs)
  File "/app/asu_discord/cogs/analytics.py", line 652, in on_member_update
    before_timeout = before.timed_out_until
                     ^^^^^^^^^^^^^^^^^^^^^^
AttributeError: 'Member' object has no attribute 'timed_out_until'
Ignoring exception in on_member_update
Traceback (most recent call last):
  File "/usr/local/lib/python3.12/site-packages/discord/client.py", line 465, in _run_event
    await coro(*args, **kwargs)
  File "/app/asu_discord/cogs/analytics.py", line 652, in on_member_update
    before_timeout = before.timed_out_until
                     ^^^^^^^^^^^^^^^^^^^^^^
AttributeError: 'Member' object has no attribute 'timed_out_until'
Ignoring exception in on_member_update
Traceback (most recent call last):
  File "/usr/local/lib/python3.12/site-packages/discord/client.py", line 465, in _run_event
    await coro(*args, **kwargs)
  File "/app/asu_discord/cogs/analytics.py", line 652, in on_member_update
    before_timeout = before.timed_out_until
                     ^^^^^^^^^^^^^^^^^^^^^^
AttributeError: 'Member' object has no attribute 'timed_out_until'
Ignoring exception in on_member_update
Traceback (most recent call last):
  File "/usr/local/lib/python3.12/site-packages/discord/client.py", line 465, in _run_event
    await coro(*args, **kwargs)
  File "/app/asu_discord/cogs/analytics.py", line 652, in on_member_update
    before_timeout = before.timed_out_until
                     ^^^^^^^^^^^^^^^^^^^^^^
AttributeError: 'Member' object has no attribute 'timed_out_until'
Ignoring exception in on_member_update
Traceback (most recent call last):
  File "/usr/local/lib/python3.12/site-packages/discord/client.py", line 465, in _run_event
    await coro(*args, **kwargs)
  File "/app/asu_discord/cogs/analytics.py", line 652, in on_member_update
    before_timeout = before.timed_out_until
                     ^^^^^^^^^^^^^^^^^^^^^^
AttributeError: 'Member' object has no attribute 'timed_out_until'
Ignoring exception in on_member_update
Traceback (most recent call last):
  File "/usr/local/lib/python3.12/site-packages/discord/client.py", line 465, in _run_event
    await coro(*args, **kwargs)
  File "/app/asu_discord/cogs/analytics.py", line 652, in on_member_update
    before_timeout = before.timed_out_until
                     ^^^^^^^^^^^^^^^^^^^^^^
AttributeError: 'Member' object has no attribute 'timed_out_until'
Ignoring exception in on_member_update
Traceback (most recent call last):
  File "/usr/local/lib/python3.12/site-packages/discord/client.py", line 465, in _run_event
    await coro(*args, **kwargs)
  File "/app/asu_discord/cogs/analytics.py", line 652, in on_member_update
    before_timeout = before.timed_out_until
                     ^^^^^^^^^^^^^^^^^^^^^^
AttributeError: 'Member' object has no attribute 'timed_out_until'
INFO:asu_discord.cogs.verification:Saved 5 roles to database for user aknowle6 (Discord ID: 1457563167994548265)
INFO:asu_discord.cogs.verification:Refreshed Salesforce roles for Discord user 1457563167994548265: -5/+5 roles, assigned=[Arizona Resident, Commited, First Year, Ira A. Fulton Schools of Engineering, Tempe]
ERROR:cron.jobs:refresh_salesforce_roles: failed for vcthakka (Discord ID 514926361094258690): Failed to refresh Salesforce-based roles: Discord user 514926361094258690 is not a member of the guild
ERROR:cron.jobs:refresh_salesforce_roles: failed for athom380 (Discord ID 850173044819099658): Failed to refresh Salesforce-based roles: Discord user 850173044819099658 is not a member of the guild
Ignoring exception in on_member_update
Traceback (most recent call last):
  File "/usr/local/lib/python3.12/site-packages/discord/client.py", line 465, in _run_event
    await coro(*args, **kwargs)
  File "/app/asu_discord/cogs/analytics.py", line 652, in on_member_update
    before_timeout = before.timed_out_until
                     ^^^^^^^^^^^^^^^^^^^^^^
AttributeError: 'Member' object has no attribute 'timed_out_until'
Ignoring exception in on_member_update
Traceback (most recent call last):
  File "/usr/local/lib/python3.12/site-packages/discord/client.py", line 465, in _run_event
    await coro(*args, **kwargs)
  File "/app/asu_discord/cogs/analytics.py", line 652, in on_member_update
    before_timeout = before.timed_out_until
                     ^^^^^^^^^^^^^^^^^^^^^^
AttributeError: 'Member' object has no attribute 'timed_out_until'
Ignoring exception in on_member_update
Traceback (most recent call last):
  File "/usr/local/lib/python3.12/site-packages/discord/client.py", line 465, in _run_event
    await coro(*args, **kwargs)
  File "/app/asu_discord/cogs/analytics.py", line 652, in on_member_update
    before_timeout = before.timed_out_until
                     ^^^^^^^^^^^^^^^^^^^^^^
AttributeError: 'Member' object has no attribute 'timed_out_until'
Ignoring exception in on_member_update
Traceback (most recent call last):
  File "/usr/local/lib/python3.12/site-packages/discord/client.py", line 465, in _run_event
    await coro(*args, **kwargs)
  File "/app/asu_discord/cogs/analytics.py", line 652, in on_member_update
    before_timeout = before.timed_out_until
                     ^^^^^^^^^^^^^^^^^^^^^^
AttributeError: 'Member' object has no attribute 'timed_out_until'
Ignoring exception in on_member_update
Traceback (most recent call last):
  File "/usr/local/lib/python3.12/site-packages/discord/client.py", line 465, in _run_event
    await coro(*args, **kwargs)
  File "/app/asu_discord/cogs/analytics.py", line 652, in on_member_update
    before_timeout = before.timed_out_until
                     ^^^^^^^^^^^^^^^^^^^^^^
AttributeError: 'Member' object has no attribute 'timed_out_until'
Ignoring exception in on_member_update
Traceback (most recent call last):
  File "/usr/local/lib/python3.12/site-packages/discord/client.py", line 465, in _run_event
    await coro(*args, **kwargs)
  File "/app/asu_discord/cogs/analytics.py", line 652, in on_member_update
    before_timeout = before.timed_out_until
                     ^^^^^^^^^^^^^^^^^^^^^^
AttributeError: 'Member' object has no attribute 'timed_out_until'
Ignoring exception in on_member_update
Traceback (most recent call last):
  File "/usr/local/lib/python3.12/site-packages/discord/client.py", line 465, in _run_event
    await coro(*args, **kwargs)
  File "/app/asu_discord/cogs/analytics.py", line 652, in on_member_update
    before_timeout = before.timed_out_until
                     ^^^^^^^^^^^^^^^^^^^^^^
AttributeError: 'Member' object has no attribute 'timed_out_until'
Ignoring exception in on_member_update
Traceback (most recent call last):
  File "/usr/local/lib/python3.12/site-packages/discord/client.py", line 465, in _run_event
    await coro(*args, **kwargs)
  File "/app/asu_discord/cogs/analytics.py", line 652, in on_member_update
    before_timeout = before.timed_out_until
                     ^^^^^^^^^^^^^^^^^^^^^^
AttributeError: 'Member' object has no attribute 'timed_out_until'
Ignoring exception in on_member_update
Traceback (most recent call last):
  File "/usr/local/lib/python3.12/site-packages/discord/client.py", line 465, in _run_event
    await coro(*args, **kwargs)
  File "/app/asu_discord/cogs/analytics.py", line 652, in on_member_update
    before_timeout = before.timed_out_until
                     ^^^^^^^^^^^^^^^^^^^^^^
AttributeError: 'Member' object has no attribute 'timed_out_until'
INFO:asu_discord.cogs.verification:Saved 5 roles to database for user rbedard (Discord ID: 1232725118937989121)
INFO:asu_discord.cogs.verification:Refreshed Salesforce roles for Discord user 1232725118937989121: -4/+5 roles, assigned=[Ira A. Fulton Schools of Engineering, Online, Out of State, Transfer Student, Upperclassmen]
Ignoring exception in on_member_update
Traceback (most recent call last):
  File "/usr/local/lib/python3.12/site-packages/discord/client.py", line 465, in _run_event
    await coro(*args, **kwargs)
  File "/app/asu_discord/cogs/analytics.py", line 652, in on_member_update
    before_timeout = before.timed_out_until
                     ^^^^^^^^^^^^^^^^^^^^^^
AttributeError: 'Member' object has no attribute 'timed_out_until'
Ignoring exception in on_member_update
Traceback (most recent call last):
  File "/usr/local/lib/python3.12/site-packages/discord/client.py", line 465, in _run_event
    await coro(*args, **kwargs)
  File "/app/asu_discord/cogs/analytics.py", line 652, in on_member_update
    before_timeout = before.timed_out_until
                     ^^^^^^^^^^^^^^^^^^^^^^
AttributeError: 'Member' object has no attribute 'timed_out_until'
Ignoring exception in on_member_update
Traceback (most recent call last):
  File "/usr/local/lib/python3.12/site-packages/discord/client.py", line 465, in _run_event
    await coro(*args, **kwargs)
  File "/app/asu_discord/cogs/analytics.py", line 652, in on_member_update
    before_timeout = before.timed_out_until
                     ^^^^^^^^^^^^^^^^^^^^^^
AttributeError: 'Member' object has no attribute 'timed_out_until'
Ignoring exception in on_member_update
Traceback (most recent call last):
  File "/usr/local/lib/python3.12/site-packages/discord/client.py", line 465, in _run_event
    await coro(*args, **kwargs)
  File "/app/asu_discord/cogs/analytics.py", line 652, in on_member_update
    before_timeout = before.timed_out_until
                     ^^^^^^^^^^^^^^^^^^^^^^
AttributeError: 'Member' object has no attribute 'timed_out_until'
Ignoring exception in on_member_update
Traceback (most recent call last):
  File "/usr/local/lib/python3.12/site-packages/discord/client.py", line 465, in _run_event
    await coro(*args, **kwargs)
  File "/app/asu_discord/cogs/analytics.py", line 652, in on_member_update
    before_timeout = before.timed_out_until
                     ^^^^^^^^^^^^^^^^^^^^^^
AttributeError: 'Member' object has no attribute 'timed_out_until'
Ignoring exception in on_member_update
Traceback (most recent call last):
  File "/usr/local/lib/python3.12/site-packages/discord/client.py", line 465, in _run_event
    await coro(*args, **kwargs)
  File "/app/asu_discord/cogs/analytics.py", line 652, in on_member_update
    before_timeout = before.timed_out_until
                     ^^^^^^^^^^^^^^^^^^^^^^
AttributeError: 'Member' object has no attribute 'timed_out_until'
Ignoring exception in on_member_update
Traceback (most recent call last):
  File "/usr/local/lib/python3.12/site-packages/discord/client.py", line 465, in _run_event
    await coro(*args, **kwargs)
  File "/app/asu_discord/cogs/analytics.py", line 652, in on_member_update
    before_timeout = before.timed_out_until
                     ^^^^^^^^^^^^^^^^^^^^^^
AttributeError: 'Member' object has no attribute 'timed_out_until'
Ignoring exception in on_member_update
Traceback (most recent call last):
  File "/usr/local/lib/python3.12/site-packages/discord/client.py", line 465, in _run_event
    await coro(*args, **kwargs)
  File "/app/asu_discord/cogs/analytics.py", line 652, in on_member_update
    before_timeout = before.timed_out_until
                     ^^^^^^^^^^^^^^^^^^^^^^
AttributeError: 'Member' object has no attribute 'timed_out_until'
INFO:asu_discord.cogs.verification:Saved 4 roles to database for user aazab1 (Discord ID: 1068267538057805864)
INFO:asu_discord.cogs.verification:Refreshed Salesforce roles for Discord user 1068267538057805864: -4/+4 roles, assigned=[First Year, International Student, Ira A. Fulton Schools of Engineering, Polytechnic]
Ignoring exception in on_member_update
Traceback (most recent call last):
  File "/usr/local/lib/python3.12/site-packages/discord/client.py", line 465, in _run_event
    await coro(*args, **kwargs)
  File "/app/asu_discord/cogs/analytics.py", line 652, in on_member_update
    before_timeout = before.timed_out_until
                     ^^^^^^^^^^^^^^^^^^^^^^
AttributeError: 'Member' object has no attribute 'timed_out_until'
Ignoring exception in on_member_update
Traceback (most recent call last):
  File "/usr/local/lib/python3.12/site-packages/discord/client.py", line 465, in _run_event
    await coro(*args, **kwargs)
  File "/app/asu_discord/cogs/analytics.py", line 652, in on_member_update
    before_timeout = before.timed_out_until
                     ^^^^^^^^^^^^^^^^^^^^^^
AttributeError: 'Member' object has no attribute 'timed_out_until'
Ignoring exception in on_member_update
Traceback (most recent call last):
  File "/usr/local/lib/python3.12/site-packages/discord/client.py", line 465, in _run_event
    await coro(*args, **kwargs)
  File "/app/asu_discord/cogs/analytics.py", line 652, in on_member_update
    before_timeout = before.timed_out_until
                     ^^^^^^^^^^^^^^^^^^^^^^
AttributeError: 'Member' object has no attribute 'timed_out_until'
Ignoring exception in on_member_update
Traceback (most recent call last):
  File "/usr/local/lib/python3.12/site-packages/discord/client.py", line 465, in _run_event
    await coro(*args, **kwargs)
  File "/app/asu_discord/cogs/analytics.py", line 652, in on_member_update
    before_timeout = before.timed_out_until
                     ^^^^^^^^^^^^^^^^^^^^^^
AttributeError: 'Member' object has no attribute 'timed_out_until'
Ignoring exception in on_member_update
Traceback (most recent call last):
  File "/usr/local/lib/python3.12/site-packages/discord/client.py", line 465, in _run_event
    await coro(*args, **kwargs)
  File "/app/asu_discord/cogs/analytics.py", line 652, in on_member_update
    before_timeout = before.timed_out_until
                     ^^^^^^^^^^^^^^^^^^^^^^
AttributeError: 'Member' object has no attribute 'timed_out_until'
Ignoring exception in on_member_update
Traceback (most recent call last):
  File "/usr/local/lib/python3.12/site-packages/discord/client.py", line 465, in _run_event
    await coro(*args, **kwargs)
  File "/app/asu_discord/cogs/analytics.py", line 652, in on_member_update
    before_timeout = before.timed_out_until
                     ^^^^^^^^^^^^^^^^^^^^^^
AttributeError: 'Member' object has no attribute 'timed_out_until'
Ignoring exception in on_member_update
Traceback (most recent call last):
  File "/usr/local/lib/python3.12/site-packages/discord/client.py", line 465, in _run_event
    await coro(*args, **kwargs)
  File "/app/asu_discord/cogs/analytics.py", line 652, in on_member_update
    before_timeout = before.timed_out_until
                     ^^^^^^^^^^^^^^^^^^^^^^
AttributeError: 'Member' object has no attribute 'timed_out_until'
Ignoring exception in on_member_update
Traceback (most recent call last):
  File "/usr/local/lib/python3.12/site-packages/discord/client.py", line 465, in _run_event
    await coro(*args, **kwargs)
  File "/app/asu_discord/cogs/analytics.py", line 652, in on_member_update
    before_timeout = before.timed_out_until
                     ^^^^^^^^^^^^^^^^^^^^^^
AttributeError: 'Member' object has no attribute 'timed_out_until'
INFO:asu_discord.cogs.verification:Saved 4 roles to database for user ptieman1 (Discord ID: 1281081206288552049)
INFO:asu_discord.cogs.verification:Refreshed Salesforce roles for Discord user 1281081206288552049: -4/+4 roles, assigned=[Arizona Resident, First Year, Ira A. Fulton Schools of Engineering, Tempe]
Ignoring exception in on_member_update
Traceback (most recent call last):
  File "/usr/local/lib/python3.12/site-packages/discord/client.py", line 465, in _run_event
    await coro(*args, **kwargs)
  File "/app/asu_discord/cogs/analytics.py", line 652, in on_member_update
    before_timeout = before.timed_out_until
                     ^^^^^^^^^^^^^^^^^^^^^^
AttributeError: 'Member' object has no attribute 'timed_out_until'
Ignoring exception in on_member_update
Traceback (most recent call last):
  File "/usr/local/lib/python3.12/site-packages/discord/client.py", line 465, in _run_event
    await coro(*args, **kwargs)
  File "/app/asu_discord/cogs/analytics.py", line 652, in on_member_update
    before_timeout = before.timed_out_until
                     ^^^^^^^^^^^^^^^^^^^^^^
AttributeError: 'Member' object has no attribute 'timed_out_until'
Ignoring exception in on_member_update
Traceback (most recent call last):
  File "/usr/local/lib/python3.12/site-packages/discord/client.py", line 465, in _run_event
    await coro(*args, **kwargs)
  File "/app/asu_discord/cogs/analytics.py", line 652, in on_member_update
    before_timeout = before.timed_out_until
                     ^^^^^^^^^^^^^^^^^^^^^^
AttributeError: 'Member' object has no attribute 'timed_out_until'
Ignoring exception in on_member_update
Traceback (most recent call last):
  File "/usr/local/lib/python3.12/site-packages/discord/client.py", line 465, in _run_event
    await coro(*args, **kwargs)
  File "/app/asu_discord/cogs/analytics.py", line 652, in on_member_update
    before_timeout = before.timed_out_until
                     ^^^^^^^^^^^^^^^^^^^^^^
AttributeError: 'Member' object has no attribute 'timed_out_until'
Ignoring exception in on_member_update
Traceback (most recent call last):
  File "/usr/local/lib/python3.12/site-packages/discord/client.py", line 465, in _run_event
    await coro(*args, **kwargs)
  File "/app/asu_discord/cogs/analytics.py", line 652, in on_member_update
    before_timeout = before.timed_out_until
                     ^^^^^^^^^^^^^^^^^^^^^^
AttributeError: 'Member' object has no attribute 'timed_out_until'
Ignoring exception in on_member_update
Traceback (most recent call last):
  File "/usr/local/lib/python3.12/site-packages/discord/client.py", line 465, in _run_event
    await coro(*args, **kwargs)
  File "/app/asu_discord/cogs/analytics.py", line 652, in on_member_update
    before_timeout = before.timed_out_until
                     ^^^^^^^^^^^^^^^^^^^^^^
AttributeError: 'Member' object has no attribute 'timed_out_until'
Ignoring exception in on_member_update
Traceback (most recent call last):
  File "/usr/local/lib/python3.12/site-packages/discord/client.py", line 465, in _run_event
    await coro(*args, **kwargs)
  File "/app/asu_discord/cogs/analytics.py", line 652, in on_member_update
    before_timeout = before.timed_out_until
                     ^^^^^^^^^^^^^^^^^^^^^^
AttributeError: 'Member' object has no attribute 'timed_out_until'
Ignoring exception in on_member_update
Traceback (most recent call last):
  File "/usr/local/lib/python3.12/site-packages/discord/client.py", line 465, in _run_event
    await coro(*args, **kwargs)
  File "/app/asu_discord/cogs/analytics.py", line 652, in on_member_update
    before_timeout = before.timed_out_until
                     ^^^^^^^^^^^^^^^^^^^^^^
AttributeError: 'Member' object has no attribute 'timed_out_until'
Ignoring exception in on_member_update
Traceback (most recent call last):
  File "/usr/local/lib/python3.12/site-packages/discord/client.py", line 465, in _run_event
    await coro(*args, **kwargs)
  File "/app/asu_discord/cogs/analytics.py", line 652, in on_member_update
    before_timeout = before.timed_out_until
                     ^^^^^^^^^^^^^^^^^^^^^^
AttributeError: 'Member' object has no attribute 'timed_out_until'
INFO:asu_discord.cogs.verification:Saved 5 roles to database for user jcalver (Discord ID: 292694092574490624)
INFO:asu_discord.cogs.verification:Refreshed Salesforce roles for Discord user 292694092574490624: -4/+5 roles, assigned=[First Generation Student, First Year, International Student, Tempe, W.P. Carey School of Business]
Ignoring exception in on_member_update
Traceback (most recent call last):
  File "/usr/local/lib/python3.12/site-packages/discord/client.py", line 465, in _run_event
    await coro(*args, **kwargs)
  File "/app/asu_discord/cogs/analytics.py", line 652, in on_member_update
    before_timeout = before.timed_out_until
                     ^^^^^^^^^^^^^^^^^^^^^^
AttributeError: 'Member' object has no attribute 'timed_out_until'
Ignoring exception in on_member_update
Traceback (most recent call last):
  File "/usr/local/lib/python3.12/site-packages/discord/client.py", line 465, in _run_event
    await coro(*args, **kwargs)
  File "/app/asu_discord/cogs/analytics.py", line 652, in on_member_update
    before_timeout = before.timed_out_until
                     ^^^^^^^^^^^^^^^^^^^^^^
AttributeError: 'Member' object has no attribute 'timed_out_until'
Ignoring exception in on_member_update
Traceback (most recent call last):
  File "/usr/local/lib/python3.12/site-packages/discord/client.py", line 465, in _run_event
    await coro(*args, **kwargs)
  File "/app/asu_discord/cogs/analytics.py", line 652, in on_member_update
    before_timeout = before.timed_out_until
                     ^^^^^^^^^^^^^^^^^^^^^^
AttributeError: 'Member' object has no attribute 'timed_out_until'
Ignoring exception in on_member_update
Traceback (most recent call last):
  File "/usr/local/lib/python3.12/site-packages/discord/client.py", line 465, in _run_event
    await coro(*args, **kwargs)
  File "/app/asu_discord/cogs/analytics.py", line 652, in on_member_update
    before_timeout = before.timed_out_until
                     ^^^^^^^^^^^^^^^^^^^^^^
AttributeError: 'Member' object has no attribute 'timed_out_until'
Ignoring exception in on_member_update
Traceback (most recent call last):
  File "/usr/local/lib/python3.12/site-packages/discord/client.py", line 465, in _run_event
    await coro(*args, **kwargs)
  File "/app/asu_discord/cogs/analytics.py", line 652, in on_member_update
    before_timeout = before.timed_out_until
                     ^^^^^^^^^^^^^^^^^^^^^^
AttributeError: 'Member' object has no attribute 'timed_out_until'
Ignoring exception in on_member_update
Traceback (most recent call last):
  File "/usr/local/lib/python3.12/site-packages/discord/client.py", line 465, in _run_event
    await coro(*args, **kwargs)
  File "/app/asu_discord/cogs/analytics.py", line 652, in on_member_update
    before_timeout = before.timed_out_until
                     ^^^^^^^^^^^^^^^^^^^^^^
AttributeError: 'Member' object has no attribute 'timed_out_until'
Ignoring exception in on_member_update
Traceback (most recent call last):
  File "/usr/local/lib/python3.12/site-packages/discord/client.py", line 465, in _run_event
    await coro(*args, **kwargs)
  File "/app/asu_discord/cogs/analytics.py", line 652, in on_member_update
    before_timeout = before.timed_out_until
                     ^^^^^^^^^^^^^^^^^^^^^^
AttributeError: 'Member' object has no attribute 'timed_out_until'
Ignoring exception in on_member_update
Traceback (most recent call last):
  File "/usr/local/lib/python3.12/site-packages/discord/client.py", line 465, in _run_event
    await coro(*args, **kwargs)
  File "/app/asu_discord/cogs/analytics.py", line 652, in on_member_update
    before_timeout = before.timed_out_until
                     ^^^^^^^^^^^^^^^^^^^^^^
AttributeError: 'Member' object has no attribute 'timed_out_until'
INFO:asu_discord.cogs.verification:Saved 4 roles to database for user yprathi (Discord ID: 832775558446055525)
INFO:asu_discord.cogs.verification:Refreshed Salesforce roles for Discord user 832775558446055525: -4/+4 roles, assigned=[Arizona Resident, College of Liberal Arts and Sciences, First Year, Tempe]
ERROR:cron.jobs:refresh_salesforce_roles: failed for rviswan9 (Discord ID 734416913437950011): Failed to refresh Salesforce-based roles: Discord user 734416913437950011 is not a member of the guild
INFO:asu_discord.cogs.verification:Refreshed Salesforce roles for Discord user 1093745600425631784: -0/+0 roles, assigned=[none]
ERROR:cron.jobs:refresh_salesforce_roles: failed for carodr74 (Discord ID 813898542644068444): Failed to refresh Salesforce-based roles: Discord user 813898542644068444 is not a member of the guild
Ignoring exception in on_member_update
Traceback (most recent call last):
  File "/usr/local/lib/python3.12/site-packages/discord/client.py", line 465, in _run_event
    await coro(*args, **kwargs)
  File "/app/asu_discord/cogs/analytics.py", line 652, in on_member_update
    before_timeout = before.timed_out_until
                     ^^^^^^^^^^^^^^^^^^^^^^
AttributeError: 'Member' object has no attribute 'timed_out_until'
Ignoring exception in on_member_update
Traceback (most recent call last):
  File "/usr/local/lib/python3.12/site-packages/discord/client.py", line 465, in _run_event
    await coro(*args, **kwargs)
  File "/app/asu_discord/cogs/analytics.py", line 652, in on_member_update
    before_timeout = before.timed_out_until
                     ^^^^^^^^^^^^^^^^^^^^^^
AttributeError: 'Member' object has no attribute 'timed_out_until'
Ignoring exception in on_member_update
Traceback (most recent call last):
  File "/usr/local/lib/python3.12/site-packages/discord/client.py", line 465, in _run_event
    await coro(*args, **kwargs)
  File "/app/asu_discord/cogs/analytics.py", line 652, in on_member_update
    before_timeout = before.timed_out_until
                     ^^^^^^^^^^^^^^^^^^^^^^
AttributeError: 'Member' object has no attribute 'timed_out_until'
Ignoring exception in on_member_update
Traceback (most recent call last):
  File "/usr/local/lib/python3.12/site-packages/discord/client.py", line 465, in _run_event
    await coro(*args, **kwargs)
  File "/app/asu_discord/cogs/analytics.py", line 652, in on_member_update
    before_timeout = before.timed_out_until
                     ^^^^^^^^^^^^^^^^^^^^^^
AttributeError: 'Member' object has no attribute 'timed_out_until'
Ignoring exception in on_member_update
Traceback (most recent call last):
  File "/usr/local/lib/python3.12/site-packages/discord/client.py", line 465, in _run_event
    await coro(*args, **kwargs)
  File "/app/asu_discord/cogs/analytics.py", line 652, in on_member_update
    before_timeout = before.timed_out_until
                     ^^^^^^^^^^^^^^^^^^^^^^
AttributeError: 'Member' object has no attribute 'timed_out_until'
Ignoring exception in on_member_update
Traceback (most recent call last):
  File "/usr/local/lib/python3.12/site-packages/discord/client.py", line 465, in _run_event
    await coro(*args, **kwargs)
  File "/app/asu_discord/cogs/analytics.py", line 652, in on_member_update
    before_timeout = before.timed_out_until
                     ^^^^^^^^^^^^^^^^^^^^^^
AttributeError: 'Member' object has no attribute 'timed_out_until'
Ignoring exception in on_member_update
Traceback (most recent call last):
  File "/usr/local/lib/python3.12/site-packages/discord/client.py", line 465, in _run_event
    await coro(*args, **kwargs)
  File "/app/asu_discord/cogs/analytics.py", line 652, in on_member_update
    before_timeout = before.timed_out_until
                     ^^^^^^^^^^^^^^^^^^^^^^
AttributeError: 'Member' object has no attribute 'timed_out_until'
Ignoring exception in on_member_update
Traceback (most recent call last):
  File "/usr/local/lib/python3.12/site-packages/discord/client.py", line 465, in _run_event
    await coro(*args, **kwargs)
  File "/app/asu_discord/cogs/analytics.py", line 652, in on_member_update
    before_timeout = before.timed_out_until
                     ^^^^^^^^^^^^^^^^^^^^^^
AttributeError: 'Member' object has no attribute 'timed_out_until'
Ignoring exception in on_member_update
Traceback (most recent call last):
  File "/usr/local/lib/python3.12/site-packages/discord/client.py", line 465, in _run_event
    await coro(*args, **kwargs)
  File "/app/asu_discord/cogs/analytics.py", line 652, in on_member_update
    before_timeout = before.timed_out_until
                     ^^^^^^^^^^^^^^^^^^^^^^
AttributeError: 'Member' object has no attribute 'timed_out_until'
Ignoring exception in on_member_update
Traceback (most recent call last):
  File "/usr/local/lib/python3.12/site-packages/discord/client.py", line 465, in _run_event
    await coro(*args, **kwargs)
  File "/app/asu_discord/cogs/analytics.py", line 652, in on_member_update
    before_timeout = before.timed_out_until
                     ^^^^^^^^^^^^^^^^^^^^^^
AttributeError: 'Member' object has no attribute 'timed_out_until'
INFO:asu_discord.cogs.verification:Saved 6 roles to database for user lrpower1 (Discord ID: 740455385227591751)
INFO:asu_discord.cogs.verification:Refreshed Salesforce roles for Discord user 740455385227591751: -5/+5 roles, assigned=[Arizona Resident, Commited, Ira A. Fulton Schools of Engineering, Tempe, Transfer Student, Upperclassmen]
Ignoring exception in on_member_update
Traceback (most recent call last):
  File "/usr/local/lib/python3.12/site-packages/discord/client.py", line 465, in _run_event
    await coro(*args, **kwargs)
  File "/app/asu_discord/cogs/analytics.py", line 652, in on_member_update
    before_timeout = before.timed_out_until
                     ^^^^^^^^^^^^^^^^^^^^^^
AttributeError: 'Member' object has no attribute 'timed_out_until'
Ignoring exception in on_member_update
Traceback (most recent call last):
  File "/usr/local/lib/python3.12/site-packages/discord/client.py", line 465, in _run_event
    await coro(*args, **kwargs)
  File "/app/asu_discord/cogs/analytics.py", line 652, in on_member_update
    before_timeout = before.timed_out_until
                     ^^^^^^^^^^^^^^^^^^^^^^
AttributeError: 'Member' object has no attribute 'timed_out_until'
Ignoring exception in on_member_update
Traceback (most recent call last):
  File "/usr/local/lib/python3.12/site-packages/discord/client.py", line 465, in _run_event
    await coro(*args, **kwargs)
  File "/app/asu_discord/cogs/analytics.py", line 652, in on_member_update
    before_timeout = before.timed_out_until
                     ^^^^^^^^^^^^^^^^^^^^^^
AttributeError: 'Member' object has no attribute 'timed_out_until'
Ignoring exception in on_member_update
Traceback (most recent call last):
  File "/usr/local/lib/python3.12/site-packages/discord/client.py", line 465, in _run_event
    await coro(*args, **kwargs)
  File "/app/asu_discord/cogs/analytics.py", line 652, in on_member_update
    before_timeout = before.timed_out_until
                     ^^^^^^^^^^^^^^^^^^^^^^
AttributeError: 'Member' object has no attribute 'timed_out_until'
Ignoring exception in on_member_update
Traceback (most recent call last):
  File "/usr/local/lib/python3.12/site-packages/discord/client.py", line 465, in _run_event
    await coro(*args, **kwargs)
  File "/app/asu_discord/cogs/analytics.py", line 652, in on_member_update
    before_timeout = before.timed_out_until
                     ^^^^^^^^^^^^^^^^^^^^^^
AttributeError: 'Member' object has no attribute 'timed_out_until'
Ignoring exception in on_member_update
Traceback (most recent call last):
  File "/usr/local/lib/python3.12/site-packages/discord/client.py", line 465, in _run_event
    await coro(*args, **kwargs)
  File "/app/asu_discord/cogs/analytics.py", line 652, in on_member_update
    before_timeout = before.timed_out_until
                     ^^^^^^^^^^^^^^^^^^^^^^
AttributeError: 'Member' object has no attribute 'timed_out_until'
Ignoring exception in on_member_update
Traceback (most recent call last):
  File "/usr/local/lib/python3.12/site-packages/discord/client.py", line 465, in _run_event
    await coro(*args, **kwargs)
  File "/app/asu_discord/cogs/analytics.py", line 652, in on_member_update
    before_timeout = before.timed_out_until
                     ^^^^^^^^^^^^^^^^^^^^^^
AttributeError: 'Member' object has no attribute 'timed_out_until'
Ignoring exception in on_member_update
Traceback (most recent call last):
  File "/usr/local/lib/python3.12/site-packages/discord/client.py", line 465, in _run_event
    await coro(*args, **kwargs)
  File "/app/asu_discord/cogs/analytics.py", line 652, in on_member_update
    before_timeout = before.timed_out_until
                     ^^^^^^^^^^^^^^^^^^^^^^
AttributeError: 'Member' object has no attribute 'timed_out_until'
Ignoring exception in on_member_update
Traceback (most recent call last):
  File "/usr/local/lib/python3.12/site-packages/discord/client.py", line 465, in _run_event
    await coro(*args, **kwargs)
  File "/app/asu_discord/cogs/analytics.py", line 652, in on_member_update
    before_timeout = before.timed_out_until
                     ^^^^^^^^^^^^^^^^^^^^^^
AttributeError: 'Member' object has no attribute 'timed_out_until'
Ignoring exception in on_member_update
Traceback (most recent call last):
  File "/usr/local/lib/python3.12/site-packages/discord/client.py", line 465, in _run_event
    await coro(*args, **kwargs)
  File "/app/asu_discord/cogs/analytics.py", line 652, in on_member_update
    before_timeout = before.timed_out_until
                     ^^^^^^^^^^^^^^^^^^^^^^
AttributeError: 'Member' object has no attribute 'timed_out_until'
INFO:asu_discord.cogs.verification:Saved 6 roles to database for user kjewell3 (Discord ID: 1272691852499222541)
INFO:asu_discord.cogs.verification:Refreshed Salesforce roles for Discord user 1272691852499222541: -5/+5 roles, assigned=[Arizona Resident, First Generation Student, Tempe, Transfer Student, Upperclassmen, W.P. Carey School of Business]
Ignoring exception in on_member_update
Traceback (most recent call last):
  File "/usr/local/lib/python3.12/site-packages/discord/client.py", line 465, in _run_event
    await coro(*args, **kwargs)
  File "/app/asu_discord/cogs/analytics.py", line 652, in on_member_update
    before_timeout = before.timed_out_until
                     ^^^^^^^^^^^^^^^^^^^^^^
AttributeError: 'Member' object has no attribute 'timed_out_until'
Ignoring exception in on_member_update
Traceback (most recent call last):
  File "/usr/local/lib/python3.12/site-packages/discord/client.py", line 465, in _run_event
    await coro(*args, **kwargs)
  File "/app/asu_discord/cogs/analytics.py", line 652, in on_member_update
    before_timeout = before.timed_out_until
                     ^^^^^^^^^^^^^^^^^^^^^^
AttributeError: 'Member' object has no attribute 'timed_out_until'
Ignoring exception in on_member_update
Traceback (most recent call last):
  File "/usr/local/lib/python3.12/site-packages/discord/client.py", line 465, in _run_event
    await coro(*args, **kwargs)
  File "/app/asu_discord/cogs/analytics.py", line 652, in on_member_update
    before_timeout = before.timed_out_until
                     ^^^^^^^^^^^^^^^^^^^^^^
AttributeError: 'Member' object has no attribute 'timed_out_until'
Ignoring exception in on_member_update
Traceback (most recent call last):
  File "/usr/local/lib/python3.12/site-packages/discord/client.py", line 465, in _run_event
    await coro(*args, **kwargs)
  File "/app/asu_discord/cogs/analytics.py", line 652, in on_member_update
    before_timeout = before.timed_out_until
                     ^^^^^^^^^^^^^^^^^^^^^^
AttributeError: 'Member' object has no attribute 'timed_out_until'
Ignoring exception in on_member_update
Traceback (most recent call last):
  File "/usr/local/lib/python3.12/site-packages/discord/client.py", line 465, in _run_event
    await coro(*args, **kwargs)
  File "/app/asu_discord/cogs/analytics.py", line 652, in on_member_update
    before_timeout = before.timed_out_until
                     ^^^^^^^^^^^^^^^^^^^^^^
AttributeError: 'Member' object has no attribute 'timed_out_until'
Ignoring exception in on_member_update
Traceback (most recent call last):
  File "/usr/local/lib/python3.12/site-packages/discord/client.py", line 465, in _run_event
    await coro(*args, **kwargs)
  File "/app/asu_discord/cogs/analytics.py", line 652, in on_member_update
    before_timeout = before.timed_out_until
                     ^^^^^^^^^^^^^^^^^^^^^^
AttributeError: 'Member' object has no attribute 'timed_out_until'
Ignoring exception in on_member_update
Traceback (most recent call last):
  File "/usr/local/lib/python3.12/site-packages/discord/client.py", line 465, in _run_event
    await coro(*args, **kwargs)
  File "/app/asu_discord/cogs/analytics.py", line 652, in on_member_update
    before_timeout = before.timed_out_until
                     ^^^^^^^^^^^^^^^^^^^^^^
AttributeError: 'Member' object has no attribute 'timed_out_until'
Ignoring exception in on_member_update
Traceback (most recent call last):
  File "/usr/local/lib/python3.12/site-packages/discord/client.py", line 465, in _run_event
    await coro(*args, **kwargs)
  File "/app/asu_discord/cogs/analytics.py", line 652, in on_member_update
    before_timeout = before.timed_out_until
                     ^^^^^^^^^^^^^^^^^^^^^^
AttributeError: 'Member' object has no attribute 'timed_out_until'
Ignoring exception in on_member_update
Traceback (most recent call last):
  File "/usr/local/lib/python3.12/site-packages/discord/client.py", line 465, in _run_event
    await coro(*args, **kwargs)
  File "/app/asu_discord/cogs/analytics.py", line 652, in on_member_update
    before_timeout = before.timed_out_until
                     ^^^^^^^^^^^^^^^^^^^^^^
AttributeError: 'Member' object has no attribute 'timed_out_until'
Ignoring exception in on_member_update
Traceback (most recent call last):
  File "/usr/local/lib/python3.12/site-packages/discord/client.py", line 465, in _run_event
    await coro(*args, **kwargs)
  File "/app/asu_discord/cogs/analytics.py", line 652, in on_member_update
    before_timeout = before.timed_out_until
                     ^^^^^^^^^^^^^^^^^^^^^^
AttributeError: 'Member' object has no attribute 'timed_out_until'
INFO:asu_discord.cogs.verification:Saved 5 roles to database for user apurseho (Discord ID: 962891281925824614)
INFO:asu_discord.cogs.verification:Refreshed Salesforce roles for Discord user 962891281925824614: -5/+5 roles, assigned=[Arizona Resident, Commited, First Year, Ira A. Fulton Schools of Engineering, Tempe]
ERROR:cron.jobs:refresh_salesforce_roles: failed for kpujari (Discord ID 1289508671226642577): Failed to refresh Salesforce-based roles: Discord user 1289508671226642577 is not a member of the guild
Ignoring exception in on_member_update
Traceback (most recent call last):
  File "/usr/local/lib/python3.12/site-packages/discord/client.py", line 465, in _run_event
    await coro(*args, **kwargs)
  File "/app/asu_discord/cogs/analytics.py", line 652, in on_member_update
    before_timeout = before.timed_out_until
                     ^^^^^^^^^^^^^^^^^^^^^^
AttributeError: 'Member' object has no attribute 'timed_out_until'
Ignoring exception in on_member_update
Traceback (most recent call last):
  File "/usr/local/lib/python3.12/site-packages/discord/client.py", line 465, in _run_event
    await coro(*args, **kwargs)
  File "/app/asu_discord/cogs/analytics.py", line 652, in on_member_update
    before_timeout = before.timed_out_until
                     ^^^^^^^^^^^^^^^^^^^^^^
AttributeError: 'Member' object has no attribute 'timed_out_until'
Ignoring exception in on_member_update
Traceback (most recent call last):
  File "/usr/local/lib/python3.12/site-packages/discord/client.py", line 465, in _run_event
    await coro(*args, **kwargs)
  File "/app/asu_discord/cogs/analytics.py", line 652, in on_member_update
    before_timeout = before.timed_out_until
                     ^^^^^^^^^^^^^^^^^^^^^^
AttributeError: 'Member' object has no attribute 'timed_out_until'
Ignoring exception in on_member_update
Traceback (most recent call last):
  File "/usr/local/lib/python3.12/site-packages/discord/client.py", line 465, in _run_event
    await coro(*args, **kwargs)
  File "/app/asu_discord/cogs/analytics.py", line 652, in on_member_update
    before_timeout = before.timed_out_until
                     ^^^^^^^^^^^^^^^^^^^^^^
AttributeError: 'Member' object has no attribute 'timed_out_until'
Ignoring exception in on_member_update
Traceback (most recent call last):
  File "/usr/local/lib/python3.12/site-packages/discord/client.py", line 465, in _run_event
    await coro(*args, **kwargs)
  File "/app/asu_discord/cogs/analytics.py", line 652, in on_member_update
    before_timeout = before.timed_out_until
                     ^^^^^^^^^^^^^^^^^^^^^^
AttributeError: 'Member' object has no attribute 'timed_out_until'
Ignoring exception in on_member_update
Traceback (most recent call last):
  File "/usr/local/lib/python3.12/site-packages/discord/client.py", line 465, in _run_event
    await coro(*args, **kwargs)
  File "/app/asu_discord/cogs/analytics.py", line 652, in on_member_update
    before_timeout = before.timed_out_until
                     ^^^^^^^^^^^^^^^^^^^^^^
AttributeError: 'Member' object has no attribute 'timed_out_until'
Ignoring exception in on_member_update
Traceback (most recent call last):
  File "/usr/local/lib/python3.12/site-packages/discord/client.py", line 465, in _run_event
    await coro(*args, **kwargs)
  File "/app/asu_discord/cogs/analytics.py", line 652, in on_member_update
    before_timeout = before.timed_out_until
                     ^^^^^^^^^^^^^^^^^^^^^^
AttributeError: 'Member' object has no attribute 'timed_out_until'
Ignoring exception in on_member_update
Traceback (most recent call last):
  File "/usr/local/lib/python3.12/site-packages/discord/client.py", line 465, in _run_event
    await coro(*args, **kwargs)
  File "/app/asu_discord/cogs/analytics.py", line 652, in on_member_update
    before_timeout = before.timed_out_until
                     ^^^^^^^^^^^^^^^^^^^^^^
AttributeError: 'Member' object has no attribute 'timed_out_until'
Ignoring exception in on_member_update
Traceback (most recent call last):
  File "/usr/local/lib/python3.12/site-packages/discord/client.py", line 465, in _run_event
    await coro(*args, **kwargs)
  File "/app/asu_discord/cogs/analytics.py", line 652, in on_member_update
    before_timeout = before.timed_out_until
                     ^^^^^^^^^^^^^^^^^^^^^^
AttributeError: 'Member' object has no attribute 'timed_out_until'
Ignoring exception in on_member_update
Traceback (most recent call last):
  File "/usr/local/lib/python3.12/site-packages/discord/client.py", line 465, in _run_event
    await coro(*args, **kwargs)
  File "/app/asu_discord/cogs/analytics.py", line 652, in on_member_update
    before_timeout = before.timed_out_until
                     ^^^^^^^^^^^^^^^^^^^^^^
AttributeError: 'Member' object has no attribute 'timed_out_until'
INFO:asu_discord.cogs.verification:Saved 5 roles to database for user bchawda (Discord ID: 655078271787991060)
INFO:asu_discord.cogs.verification:Refreshed Salesforce roles for Discord user 655078271787991060: -5/+5 roles, assigned=[Commited, Graduate Student, International Student, Ira A. Fulton Schools of Engineering, Tempe]
Ignoring exception in on_member_update
Traceback (most recent call last):
  File "/usr/local/lib/python3.12/site-packages/discord/client.py", line 465, in _run_event
    await coro(*args, **kwargs)
  File "/app/asu_discord/cogs/analytics.py", line 652, in on_member_update
    before_timeout = before.timed_out_until
                     ^^^^^^^^^^^^^^^^^^^^^^
AttributeError: 'Member' object has no attribute 'timed_out_until'
Ignoring exception in on_member_update
Traceback (most recent call last):
  File "/usr/local/lib/python3.12/site-packages/discord/client.py", line 465, in _run_event
    await coro(*args, **kwargs)
  File "/app/asu_discord/cogs/analytics.py", line 652, in on_member_update
    before_timeout = before.timed_out_until
                     ^^^^^^^^^^^^^^^^^^^^^^
AttributeError: 'Member' object has no attribute 'timed_out_until'
Ignoring exception in on_member_update
Traceback (most recent call last):
  File "/usr/local/lib/python3.12/site-packages/discord/client.py", line 465, in _run_event
    await coro(*args, **kwargs)
  File "/app/asu_discord/cogs/analytics.py", line 652, in on_member_update
    before_timeout = before.timed_out_until
                     ^^^^^^^^^^^^^^^^^^^^^^
AttributeError: 'Member' object has no attribute 'timed_out_until'
Ignoring exception in on_member_update
Traceback (most recent call last):
  File "/usr/local/lib/python3.12/site-packages/discord/client.py", line 465, in _run_event
    await coro(*args, **kwargs)
  File "/app/asu_discord/cogs/analytics.py", line 652, in on_member_update
    before_timeout = before.timed_out_until
                     ^^^^^^^^^^^^^^^^^^^^^^
AttributeError: 'Member' object has no attribute 'timed_out_until'
Ignoring exception in on_member_update
Traceback (most recent call last):
  File "/usr/local/lib/python3.12/site-packages/discord/client.py", line 465, in _run_event
    await coro(*args, **kwargs)
  File "/app/asu_discord/cogs/analytics.py", line 652, in on_member_update
    before_timeout = before.timed_out_until
                     ^^^^^^^^^^^^^^^^^^^^^^
AttributeError: 'Member' object has no attribute 'timed_out_until'
Ignoring exception in on_member_update
Traceback (most recent call last):
  File "/usr/local/lib/python3.12/site-packages/discord/client.py", line 465, in _run_event
    await coro(*args, **kwargs)
  File "/app/asu_discord/cogs/analytics.py", line 652, in on_member_update
    before_timeout = before.timed_out_until
                     ^^^^^^^^^^^^^^^^^^^^^^
AttributeError: 'Member' object has no attribute 'timed_out_until'
Ignoring exception in on_member_update
Traceback (most recent call last):
  File "/usr/local/lib/python3.12/site-packages/discord/client.py", line 465, in _run_event
    await coro(*args, **kwargs)
  File "/app/asu_discord/cogs/analytics.py", line 652, in on_member_update
    before_timeout = before.timed_out_until
                     ^^^^^^^^^^^^^^^^^^^^^^
AttributeError: 'Member' object has no attribute 'timed_out_until'
Ignoring exception in on_member_update
Traceback (most recent call last):
  File "/usr/local/lib/python3.12/site-packages/discord/client.py", line 465, in _run_event
    await coro(*args, **kwargs)
  File "/app/asu_discord/cogs/analytics.py", line 652, in on_member_update
    before_timeout = before.timed_out_until
                     ^^^^^^^^^^^^^^^^^^^^^^
AttributeError: 'Member' object has no attribute 'timed_out_until'
Ignoring exception in on_member_update
Traceback (most recent call last):
  File "/usr/local/lib/python3.12/site-packages/discord/client.py", line 465, in _run_event
    await coro(*args, **kwargs)
  File "/app/asu_discord/cogs/analytics.py", line 652, in on_member_update
    before_timeout = before.timed_out_until
                     ^^^^^^^^^^^^^^^^^^^^^^
AttributeError: 'Member' object has no attribute 'timed_out_until'
Ignoring exception in on_member_update
Traceback (most recent call last):
  File "/usr/local/lib/python3.12/site-packages/discord/client.py", line 465, in _run_event
    await coro(*args, **kwargs)
  File "/app/asu_discord/cogs/analytics.py", line 652, in on_member_update
    before_timeout = before.timed_out_until
                     ^^^^^^^^^^^^^^^^^^^^^^
AttributeError: 'Member' object has no attribute 'timed_out_until'
INFO:asu_discord.cogs.verification:Saved 5 roles to database for user drlevi (Discord ID: 755815427472490617)
INFO:asu_discord.cogs.verification:Refreshed Salesforce roles for Discord user 755815427472490617: -5/+5 roles, assigned=[College of Liberal Arts and Sciences, Commited, First Year, Out of State, Tempe]
Ignoring exception in on_member_update
Traceback (most recent call last):
  File "/usr/local/lib/python3.12/site-packages/discord/client.py", line 465, in _run_event
    await coro(*args, **kwargs)
  File "/app/asu_discord/cogs/analytics.py", line 652, in on_member_update
    before_timeout = before.timed_out_until
                     ^^^^^^^^^^^^^^^^^^^^^^
AttributeError: 'Member' object has no attribute 'timed_out_until'
Ignoring exception in on_member_update
Traceback (most recent call last):
  File "/usr/local/lib/python3.12/site-packages/discord/client.py", line 465, in _run_event
    await coro(*args, **kwargs)
  File "/app/asu_discord/cogs/analytics.py", line 652, in on_member_update
    before_timeout = before.timed_out_until
                     ^^^^^^^^^^^^^^^^^^^^^^
AttributeError: 'Member' object has no attribute 'timed_out_until'
Ignoring exception in on_member_update
Traceback (most recent call last):
  File "/usr/local/lib/python3.12/site-packages/discord/client.py", line 465, in _run_event
    await coro(*args, **kwargs)
  File "/app/asu_discord/cogs/analytics.py", line 652, in on_member_update
    before_timeout = before.timed_out_until
                     ^^^^^^^^^^^^^^^^^^^^^^
AttributeError: 'Member' object has no attribute 'timed_out_until'
Ignoring exception in on_member_update
Traceback (most recent call last):
  File "/usr/local/lib/python3.12/site-packages/discord/client.py", line 465, in _run_event
    await coro(*args, **kwargs)
  File "/app/asu_discord/cogs/analytics.py", line 652, in on_member_update
    before_timeout = before.timed_out_until
                     ^^^^^^^^^^^^^^^^^^^^^^
AttributeError: 'Member' object has no attribute 'timed_out_until'
Ignoring exception in on_member_update
Traceback (most recent call last):
  File "/usr/local/lib/python3.12/site-packages/discord/client.py", line 465, in _run_event
    await coro(*args, **kwargs)
  File "/app/asu_discord/cogs/analytics.py", line 652, in on_member_update
    before_timeout = before.timed_out_until
                     ^^^^^^^^^^^^^^^^^^^^^^
AttributeError: 'Member' object has no attribute 'timed_out_until'
Ignoring exception in on_member_update
Traceback (most recent call last):
  File "/usr/local/lib/python3.12/site-packages/discord/client.py", line 465, in _run_event
    await coro(*args, **kwargs)
  File "/app/asu_discord/cogs/analytics.py", line 652, in on_member_update
    before_timeout = before.timed_out_until
                     ^^^^^^^^^^^^^^^^^^^^^^
AttributeError: 'Member' object has no attribute 'timed_out_until'
Ignoring exception in on_member_update
Traceback (most recent call last):
  File "/usr/local/lib/python3.12/site-packages/discord/client.py", line 465, in _run_event
    await coro(*args, **kwargs)
  File "/app/asu_discord/cogs/analytics.py", line 652, in on_member_update
    before_timeout = before.timed_out_until
                     ^^^^^^^^^^^^^^^^^^^^^^
AttributeError: 'Member' object has no attribute 'timed_out_until'
Ignoring exception in on_member_update
Traceback (most recent call last):
  File "/usr/local/lib/python3.12/site-packages/discord/client.py", line 465, in _run_event
    await coro(*args, **kwargs)
  File "/app/asu_discord/cogs/analytics.py", line 652, in on_member_update
    before_timeout = before.timed_out_until
                     ^^^^^^^^^^^^^^^^^^^^^^
AttributeError: 'Member' object has no attribute 'timed_out_until'
Ignoring exception in on_member_update
Traceback (most recent call last):
  File "/usr/local/lib/python3.12/site-packages/discord/client.py", line 465, in _run_event
    await coro(*args, **kwargs)
  File "/app/asu_discord/cogs/analytics.py", line 652, in on_member_update
    before_timeout = before.timed_out_until
                     ^^^^^^^^^^^^^^^^^^^^^^
AttributeError: 'Member' object has no attribute 'timed_out_until'
INFO:asu_discord.cogs.verification:Saved 5 roles to database for user bmolinam (Discord ID: 616795778521759745)
INFO:asu_discord.cogs.verification:Refreshed Salesforce roles for Discord user 616795778521759745: -4/+5 roles, assigned=[First Year, Herberger Institute for Design and the Arts, Online, Out of State, Upperclassmen]
Ignoring exception in on_member_update
Traceback (most recent call last):
  File "/usr/local/lib/python3.12/site-packages/discord/client.py", line 465, in _run_event
    await coro(*args, **kwargs)
  File "/app/asu_discord/cogs/analytics.py", line 652, in on_member_update
    before_timeout = before.timed_out_until
                     ^^^^^^^^^^^^^^^^^^^^^^
AttributeError: 'Member' object has no attribute 'timed_out_until'
Ignoring exception in on_member_update
Traceback (most recent call last):
  File "/usr/local/lib/python3.12/site-packages/discord/client.py", line 465, in _run_event
    await coro(*args, **kwargs)
  File "/app/asu_discord/cogs/analytics.py", line 652, in on_member_update
    before_timeout = before.timed_out_until
                     ^^^^^^^^^^^^^^^^^^^^^^
AttributeError: 'Member' object has no attribute 'timed_out_until'
Ignoring exception in on_member_update
Traceback (most recent call last):
  File "/usr/local/lib/python3.12/site-packages/discord/client.py", line 465, in _run_event
    await coro(*args, **kwargs)
  File "/app/asu_discord/cogs/analytics.py", line 652, in on_member_update
    before_timeout = before.timed_out_until
                     ^^^^^^^^^^^^^^^^^^^^^^
AttributeError: 'Member' object has no attribute 'timed_out_until'
Ignoring exception in on_member_update
Traceback (most recent call last):
  File "/usr/local/lib/python3.12/site-packages/discord/client.py", line 465, in _run_event
    await coro(*args, **kwargs)
  File "/app/asu_discord/cogs/analytics.py", line 652, in on_member_update
    before_timeout = before.timed_out_until
                     ^^^^^^^^^^^^^^^^^^^^^^
AttributeError: 'Member' object has no attribute 'timed_out_until'
Ignoring exception in on_member_update
Traceback (most recent call last):
  File "/usr/local/lib/python3.12/site-packages/discord/client.py", line 465, in _run_event
    await coro(*args, **kwargs)
  File "/app/asu_discord/cogs/analytics.py", line 652, in on_member_update
    before_timeout = before.timed_out_until
                     ^^^^^^^^^^^^^^^^^^^^^^
AttributeError: 'Member' object has no attribute 'timed_out_until'
Ignoring exception in on_member_update
Traceback (most recent call last):
  File "/usr/local/lib/python3.12/site-packages/discord/client.py", line 465, in _run_event
    await coro(*args, **kwargs)
  File "/app/asu_discord/cogs/analytics.py", line 652, in on_member_update
    before_timeout = before.timed_out_until
                     ^^^^^^^^^^^^^^^^^^^^^^
AttributeError: 'Member' object has no attribute 'timed_out_until'
Ignoring exception in on_member_update
Traceback (most recent call last):
  File "/usr/local/lib/python3.12/site-packages/discord/client.py", line 465, in _run_event
    await coro(*args, **kwargs)
  File "/app/asu_discord/cogs/analytics.py", line 652, in on_member_update
    before_timeout = before.timed_out_until
                     ^^^^^^^^^^^^^^^^^^^^^^
AttributeError: 'Member' object has no attribute 'timed_out_until'
Ignoring exception in on_member_update
Traceback (most recent call last):
  File "/usr/local/lib/python3.12/site-packages/discord/client.py", line 465, in _run_event
    await coro(*args, **kwargs)
  File "/app/asu_discord/cogs/analytics.py", line 652, in on_member_update
    before_timeout = before.timed_out_until
                     ^^^^^^^^^^^^^^^^^^^^^^
AttributeError: 'Member' object has no attribute 'timed_out_until'
Ignoring exception in on_member_update
Traceback (most recent call last):
  File "/usr/local/lib/python3.12/site-packages/discord/client.py", line 465, in _run_event
    await coro(*args, **kwargs)
  File "/app/asu_discord/cogs/analytics.py", line 652, in on_member_update
    before_timeout = before.timed_out_until
                     ^^^^^^^^^^^^^^^^^^^^^^
AttributeError: 'Member' object has no attribute 'timed_out_until'
INFO:asu_discord.cogs.verification:Saved 5 roles to database for user wfeckovi (Discord ID: 1290045498744635536)
INFO:asu_discord.cogs.verification:Refreshed Salesforce roles for Discord user 1290045498744635536: -5/+4 roles, assigned=[Arizona Resident, Commited, First Year, Herberger Institute for Design and the Arts, Tempe]
Ignoring exception in on_member_update
Traceback (most recent call last):
  File "/usr/local/lib/python3.12/site-packages/discord/client.py", line 465, in _run_event
    await coro(*args, **kwargs)
  File "/app/asu_discord/cogs/analytics.py", line 652, in on_member_update
    before_timeout = before.timed_out_until
                     ^^^^^^^^^^^^^^^^^^^^^^
AttributeError: 'Member' object has no attribute 'timed_out_until'
Ignoring exception in on_member_update
Traceback (most recent call last):
  File "/usr/local/lib/python3.12/site-packages/discord/client.py", line 465, in _run_event
    await coro(*args, **kwargs)
  File "/app/asu_discord/cogs/analytics.py", line 652, in on_member_update
    before_timeout = before.timed_out_until
                     ^^^^^^^^^^^^^^^^^^^^^^
AttributeError: 'Member' object has no attribute 'timed_out_until'
Ignoring exception in on_member_update
Traceback (most recent call last):
  File "/usr/local/lib/python3.12/site-packages/discord/client.py", line 465, in _run_event
    await coro(*args, **kwargs)
  File "/app/asu_discord/cogs/analytics.py", line 652, in on_member_update
    before_timeout = before.timed_out_until
                     ^^^^^^^^^^^^^^^^^^^^^^
AttributeError: 'Member' object has no attribute 'timed_out_until'
Ignoring exception in on_member_update
Traceback (most recent call last):
  File "/usr/local/lib/python3.12/site-packages/discord/client.py", line 465, in _run_event
    await coro(*args, **kwargs)
  File "/app/asu_discord/cogs/analytics.py", line 652, in on_member_update
    before_timeout = before.timed_out_until
                     ^^^^^^^^^^^^^^^^^^^^^^
AttributeError: 'Member' object has no attribute 'timed_out_until'
Ignoring exception in on_member_update
Traceback (most recent call last):
  File "/usr/local/lib/python3.12/site-packages/discord/client.py", line 465, in _run_event
    await coro(*args, **kwargs)
  File "/app/asu_discord/cogs/analytics.py", line 652, in on_member_update
    before_timeout = before.timed_out_until
                     ^^^^^^^^^^^^^^^^^^^^^^
AttributeError: 'Member' object has no attribute 'timed_out_until'
Ignoring exception in on_member_update
Traceback (most recent call last):
  File "/usr/local/lib/python3.12/site-packages/discord/client.py", line 465, in _run_event
    await coro(*args, **kwargs)
  File "/app/asu_discord/cogs/analytics.py", line 652, in on_member_update
    before_timeout = before.timed_out_until
                     ^^^^^^^^^^^^^^^^^^^^^^
AttributeError: 'Member' object has no attribute 'timed_out_until'
Ignoring exception in on_member_update
Traceback (most recent call last):
  File "/usr/local/lib/python3.12/site-packages/discord/client.py", line 465, in _run_event
    await coro(*args, **kwargs)
  File "/app/asu_discord/cogs/analytics.py", line 652, in on_member_update
    before_timeout = before.timed_out_until
                     ^^^^^^^^^^^^^^^^^^^^^^
AttributeError: 'Member' object has no attribute 'timed_out_until'
Ignoring exception in on_member_update
Traceback (most recent call last):
  File "/usr/local/lib/python3.12/site-packages/discord/client.py", line 465, in _run_event
    await coro(*args, **kwargs)
  File "/app/asu_discord/cogs/analytics.py", line 652, in on_member_update
    before_timeout = before.timed_out_until
                     ^^^^^^^^^^^^^^^^^^^^^^
AttributeError: 'Member' object has no attribute 'timed_out_until'
Ignoring exception in on_member_update
Traceback (most recent call last):
  File "/usr/local/lib/python3.12/site-packages/discord/client.py", line 465, in _run_event
    await coro(*args, **kwargs)
  File "/app/asu_discord/cogs/analytics.py", line 652, in on_member_update
    before_timeout = before.timed_out_until
                     ^^^^^^^^^^^^^^^^^^^^^^
AttributeError: 'Member' object has no attribute 'timed_out_until'
Ignoring exception in on_member_update
Traceback (most recent call last):
  File "/usr/local/lib/python3.12/site-packages/discord/client.py", line 465, in _run_event
    await coro(*args, **kwargs)
  File "/app/asu_discord/cogs/analytics.py", line 652, in on_member_update
    before_timeout = before.timed_out_until
                     ^^^^^^^^^^^^^^^^^^^^^^
AttributeError: 'Member' object has no attribute 'timed_out_until'
Ignoring exception in on_member_update
Traceback (most recent call last):
  File "/usr/local/lib/python3.12/site-packages/discord/client.py", line 465, in _run_event
    await coro(*args, **kwargs)
  File "/app/asu_discord/cogs/analytics.py", line 652, in on_member_update
    before_timeout = before.timed_out_until
                     ^^^^^^^^^^^^^^^^^^^^^^
AttributeError: 'Member' object has no attribute 'timed_out_until'
Ignoring exception in on_member_update
Traceback (most recent call last):
  File "/usr/local/lib/python3.12/site-packages/discord/client.py", line 465, in _run_event
    await coro(*args, **kwargs)
  File "/app/asu_discord/cogs/analytics.py", line 652, in on_member_update
    before_timeout = before.timed_out_until
                     ^^^^^^^^^^^^^^^^^^^^^^
AttributeError: 'Member' object has no attribute 'timed_out_until'
INFO:asu_discord.cogs.verification:Saved 7 roles to database for user labarlow (Discord ID: 1370959432200228967)
INFO:asu_discord.cogs.verification:Refreshed Salesforce roles for Discord user 1370959432200228967: -5/+7 roles, assigned=[Arizona Resident, Commited, First Generation Student, Ira A. Fulton Schools of Engineering, Tempe, Transfer Student, Upperclassmen]
ERROR:cron.jobs:refresh_salesforce_roles: failed for jgorskie (Discord ID 822292331343511632): Failed to refresh Salesforce-based roles: Discord user 822292331343511632 is not a member of the guild
Ignoring exception in on_member_update
Traceback (most recent call last):
  File "/usr/local/lib/python3.12/site-packages/discord/client.py", line 465, in _run_event
    await coro(*args, **kwargs)
  File "/app/asu_discord/cogs/analytics.py", line 652, in on_member_update
    before_timeout = before.timed_out_until
                     ^^^^^^^^^^^^^^^^^^^^^^
AttributeError: 'Member' object has no attribute 'timed_out_until'
Ignoring exception in on_member_update
Traceback (most recent call last):
  File "/usr/local/lib/python3.12/site-packages/discord/client.py", line 465, in _run_event
    await coro(*args, **kwargs)
  File "/app/asu_discord/cogs/analytics.py", line 652, in on_member_update
    before_timeout = before.timed_out_until
                     ^^^^^^^^^^^^^^^^^^^^^^
AttributeError: 'Member' object has no attribute 'timed_out_until'
Ignoring exception in on_member_update
Traceback (most recent call last):
  File "/usr/local/lib/python3.12/site-packages/discord/client.py", line 465, in _run_event
    await coro(*args, **kwargs)
  File "/app/asu_discord/cogs/analytics.py", line 652, in on_member_update
    before_timeout = before.timed_out_until
                     ^^^^^^^^^^^^^^^^^^^^^^
AttributeError: 'Member' object has no attribute 'timed_out_until'
Ignoring exception in on_member_update
Traceback (most recent call last):
  File "/usr/local/lib/python3.12/site-packages/discord/client.py", line 465, in _run_event
    await coro(*args, **kwargs)
  File "/app/asu_discord/cogs/analytics.py", line 652, in on_member_update
    before_timeout = before.timed_out_until
                     ^^^^^^^^^^^^^^^^^^^^^^
AttributeError: 'Member' object has no attribute 'timed_out_until'
Ignoring exception in on_member_update
Traceback (most recent call last):
  File "/usr/local/lib/python3.12/site-packages/discord/client.py", line 465, in _run_event
    await coro(*args, **kwargs)
  File "/app/asu_discord/cogs/analytics.py", line 652, in on_member_update
    before_timeout = before.timed_out_until
                     ^^^^^^^^^^^^^^^^^^^^^^
AttributeError: 'Member' object has no attribute 'timed_out_until'
Ignoring exception in on_member_update
Traceback (most recent call last):
  File "/usr/local/lib/python3.12/site-packages/discord/client.py", line 465, in _run_event
    await coro(*args, **kwargs)
  File "/app/asu_discord/cogs/analytics.py", line 652, in on_member_update
    before_timeout = before.timed_out_until
                     ^^^^^^^^^^^^^^^^^^^^^^
AttributeError: 'Member' object has no attribute 'timed_out_until'
Ignoring exception in on_member_update
Traceback (most recent call last):
  File "/usr/local/lib/python3.12/site-packages/discord/client.py", line 465, in _run_event
    await coro(*args, **kwargs)
  File "/app/asu_discord/cogs/analytics.py", line 652, in on_member_update
    before_timeout = before.timed_out_until
                     ^^^^^^^^^^^^^^^^^^^^^^
AttributeError: 'Member' object has no attribute 'timed_out_until'
Ignoring exception in on_member_update
Traceback (most recent call last):
  File "/usr/local/lib/python3.12/site-packages/discord/client.py", line 465, in _run_event
    await coro(*args, **kwargs)
  File "/app/asu_discord/cogs/analytics.py", line 652, in on_member_update
    before_timeout = before.timed_out_until
                     ^^^^^^^^^^^^^^^^^^^^^^
AttributeError: 'Member' object has no attribute 'timed_out_until'
INFO:asu_discord.cogs.verification:Saved 4 roles to database for user civery1 (Discord ID: 1271596122967769189)
INFO:asu_discord.cogs.verification:Refreshed Salesforce roles for Discord user 1271596122967769189: -4/+4 roles, assigned=[Arizona Resident, College of Liberal Arts and Sciences, First Year, Tempe]
Ignoring exception in on_member_update
Traceback (most recent call last):
  File "/usr/local/lib/python3.12/site-packages/discord/client.py", line 465, in _run_event
    await coro(*args, **kwargs)
  File "/app/asu_discord/cogs/analytics.py", line 652, in on_member_update
    before_timeout = before.timed_out_until
                     ^^^^^^^^^^^^^^^^^^^^^^
AttributeError: 'Member' object has no attribute 'timed_out_until'
Ignoring exception in on_member_update
Traceback (most recent call last):
  File "/usr/local/lib/python3.12/site-packages/discord/client.py", line 465, in _run_event
    await coro(*args, **kwargs)
  File "/app/asu_discord/cogs/analytics.py", line 652, in on_member_update
    before_timeout = before.timed_out_until
                     ^^^^^^^^^^^^^^^^^^^^^^
AttributeError: 'Member' object has no attribute 'timed_out_until'
Ignoring exception in on_member_update
Traceback (most recent call last):
  File "/usr/local/lib/python3.12/site-packages/discord/client.py", line 465, in _run_event
    await coro(*args, **kwargs)
  File "/app/asu_discord/cogs/analytics.py", line 652, in on_member_update
    before_timeout = before.timed_out_until
                     ^^^^^^^^^^^^^^^^^^^^^^
AttributeError: 'Member' object has no attribute 'timed_out_until'
Ignoring exception in on_member_update
Traceback (most recent call last):
  File "/usr/local/lib/python3.12/site-packages/discord/client.py", line 465, in _run_event
    await coro(*args, **kwargs)
  File "/app/asu_discord/cogs/analytics.py", line 652, in on_member_update
    before_timeout = before.timed_out_until
                     ^^^^^^^^^^^^^^^^^^^^^^
AttributeError: 'Member' object has no attribute 'timed_out_until'
Ignoring exception in on_member_update
Traceback (most recent call last):
  File "/usr/local/lib/python3.12/site-packages/discord/client.py", line 465, in _run_event
    await coro(*args, **kwargs)
  File "/app/asu_discord/cogs/analytics.py", line 652, in on_member_update
    before_timeout = before.timed_out_until
                     ^^^^^^^^^^^^^^^^^^^^^^
AttributeError: 'Member' object has no attribute 'timed_out_until'
Ignoring exception in on_member_update
Traceback (most recent call last):
  File "/usr/local/lib/python3.12/site-packages/discord/client.py", line 465, in _run_event
    await coro(*args, **kwargs)
  File "/app/asu_discord/cogs/analytics.py", line 652, in on_member_update
    before_timeout = before.timed_out_until
                     ^^^^^^^^^^^^^^^^^^^^^^
AttributeError: 'Member' object has no attribute 'timed_out_until'
Ignoring exception in on_member_update
Traceback (most recent call last):
  File "/usr/local/lib/python3.12/site-packages/discord/client.py", line 465, in _run_event
    await coro(*args, **kwargs)
  File "/app/asu_discord/cogs/analytics.py", line 652, in on_member_update
    before_timeout = before.timed_out_until
                     ^^^^^^^^^^^^^^^^^^^^^^
AttributeError: 'Member' object has no attribute 'timed_out_until'
Ignoring exception in on_member_update
Traceback (most recent call last):
  File "/usr/local/lib/python3.12/site-packages/discord/client.py", line 465, in _run_event
    await coro(*args, **kwargs)
  File "/app/asu_discord/cogs/analytics.py", line 652, in on_member_update
    before_timeout = before.timed_out_until
                     ^^^^^^^^^^^^^^^^^^^^^^
AttributeError: 'Member' object has no attribute 'timed_out_until'
INFO:asu_discord.cogs.verification:Saved 4 roles to database for user dldillon (Discord ID: 788056465599889470)
INFO:asu_discord.cogs.verification:Refreshed Salesforce roles for Discord user 788056465599889470: -4/+4 roles, assigned=[Graduate Student, Ira A. Fulton Schools of Engineering, Online, Out of State]
Ignoring exception in on_member_update
Traceback (most recent call last):
  File "/usr/local/lib/python3.12/site-packages/discord/client.py", line 465, in _run_event
    await coro(*args, **kwargs)
  File "/app/asu_discord/cogs/analytics.py", line 652, in on_member_update
    before_timeout = before.timed_out_until
                     ^^^^^^^^^^^^^^^^^^^^^^
AttributeError: 'Member' object has no attribute 'timed_out_until'
Ignoring exception in on_member_update
Traceback (most recent call last):
  File "/usr/local/lib/python3.12/site-packages/discord/client.py", line 465, in _run_event
    await coro(*args, **kwargs)
  File "/app/asu_discord/cogs/analytics.py", line 652, in on_member_update
    before_timeout = before.timed_out_until
                     ^^^^^^^^^^^^^^^^^^^^^^
AttributeError: 'Member' object has no attribute 'timed_out_until'
Ignoring exception in on_member_update
Traceback (most recent call last):
  File "/usr/local/lib/python3.12/site-packages/discord/client.py", line 465, in _run_event
    await coro(*args, **kwargs)
  File "/app/asu_discord/cogs/analytics.py", line 652, in on_member_update
    before_timeout = before.timed_out_until
                     ^^^^^^^^^^^^^^^^^^^^^^
AttributeError: 'Member' object has no attribute 'timed_out_until'
Ignoring exception in on_member_update
Traceback (most recent call last):
  File "/usr/local/lib/python3.12/site-packages/discord/client.py", line 465, in _run_event
    await coro(*args, **kwargs)
  File "/app/asu_discord/cogs/analytics.py", line 652, in on_member_update
    before_timeout = before.timed_out_until
                     ^^^^^^^^^^^^^^^^^^^^^^
AttributeError: 'Member' object has no attribute 'timed_out_until'
Ignoring exception in on_member_update
Traceback (most recent call last):
  File "/usr/local/lib/python3.12/site-packages/discord/client.py", line 465, in _run_event
    await coro(*args, **kwargs)
  File "/app/asu_discord/cogs/analytics.py", line 652, in on_member_update
    before_timeout = before.timed_out_until
                     ^^^^^^^^^^^^^^^^^^^^^^
AttributeError: 'Member' object has no attribute 'timed_out_until'
Ignoring exception in on_member_update
Traceback (most recent call last):
  File "/usr/local/lib/python3.12/site-packages/discord/client.py", line 465, in _run_event
    await coro(*args, **kwargs)
  File "/app/asu_discord/cogs/analytics.py", line 652, in on_member_update
    before_timeout = before.timed_out_until
                     ^^^^^^^^^^^^^^^^^^^^^^
AttributeError: 'Member' object has no attribute 'timed_out_until'
Ignoring exception in on_member_update
Traceback (most recent call last):
  File "/usr/local/lib/python3.12/site-packages/discord/client.py", line 465, in _run_event
    await coro(*args, **kwargs)
  File "/app/asu_discord/cogs/analytics.py", line 652, in on_member_update
    before_timeout = before.timed_out_until
                     ^^^^^^^^^^^^^^^^^^^^^^
AttributeError: 'Member' object has no attribute 'timed_out_until'
Ignoring exception in on_member_update
Traceback (most recent call last):
  File "/usr/local/lib/python3.12/site-packages/discord/client.py", line 465, in _run_event
    await coro(*args, **kwargs)
  File "/app/asu_discord/cogs/analytics.py", line 652, in on_member_update
    before_timeout = before.timed_out_until
                     ^^^^^^^^^^^^^^^^^^^^^^
AttributeError: 'Member' object has no attribute 'timed_out_until'
Ignoring exception in on_member_update
Traceback (most recent call last):
  File "/usr/local/lib/python3.12/site-packages/discord/client.py", line 465, in _run_event
    await coro(*args, **kwargs)
  File "/app/asu_discord/cogs/analytics.py", line 652, in on_member_update
    before_timeout = before.timed_out_until
                     ^^^^^^^^^^^^^^^^^^^^^^
AttributeError: 'Member' object has no attribute 'timed_out_until'
Ignoring exception in on_member_update
Traceback (most recent call last):
  File "/usr/local/lib/python3.12/site-packages/discord/client.py", line 465, in _run_event
    await coro(*args, **kwargs)
  File "/app/asu_discord/cogs/analytics.py", line 652, in on_member_update
    before_timeout = before.timed_out_until
                     ^^^^^^^^^^^^^^^^^^^^^^
AttributeError: 'Member' object has no attribute 'timed_out_until'
Ignoring exception in on_member_update
Traceback (most recent call last):
  File "/usr/local/lib/python3.12/site-packages/discord/client.py", line 465, in _run_event
    await coro(*args, **kwargs)
  File "/app/asu_discord/cogs/analytics.py", line 652, in on_member_update
    before_timeout = before.timed_out_until
                     ^^^^^^^^^^^^^^^^^^^^^^
AttributeError: 'Member' object has no attribute 'timed_out_until'
Ignoring exception in on_member_update
Traceback (most recent call last):
  File "/usr/local/lib/python3.12/site-packages/discord/client.py", line 465, in _run_event
    await coro(*args, **kwargs)
  File "/app/asu_discord/cogs/analytics.py", line 652, in on_member_update
    before_timeout = before.timed_out_until
                     ^^^^^^^^^^^^^^^^^^^^^^
AttributeError: 'Member' object has no attribute 'timed_out_until'
INFO:asu_discord.cogs.verification:Saved 6 roles to database for user cadaven2 (Discord ID: 461732380642770944)
INFO:asu_discord.cogs.verification:Refreshed Salesforce roles for Discord user 461732380642770944: -6/+6 roles, assigned=[Commited, First Generation Student, First Year, Ira A. Fulton Schools of Engineering, Out of State, Tempe]
Ignoring exception in on_member_update
Traceback (most recent call last):
  File "/usr/local/lib/python3.12/site-packages/discord/client.py", line 465, in _run_event
    await coro(*args, **kwargs)
  File "/app/asu_discord/cogs/analytics.py", line 652, in on_member_update
    before_timeout = before.timed_out_until
                     ^^^^^^^^^^^^^^^^^^^^^^
AttributeError: 'Member' object has no attribute 'timed_out_until'
Ignoring exception in on_member_update
Traceback (most recent call last):
  File "/usr/local/lib/python3.12/site-packages/discord/client.py", line 465, in _run_event
    await coro(*args, **kwargs)
  File "/app/asu_discord/cogs/analytics.py", line 652, in on_member_update
    before_timeout = before.timed_out_until
                     ^^^^^^^^^^^^^^^^^^^^^^
AttributeError: 'Member' object has no attribute 'timed_out_until'
Ignoring exception in on_member_update
Traceback (most recent call last):
  File "/usr/local/lib/python3.12/site-packages/discord/client.py", line 465, in _run_event
    await coro(*args, **kwargs)
  File "/app/asu_discord/cogs/analytics.py", line 652, in on_member_update
    before_timeout = before.timed_out_until
                     ^^^^^^^^^^^^^^^^^^^^^^
AttributeError: 'Member' object has no attribute 'timed_out_until'
Ignoring exception in on_member_update
Traceback (most recent call last):
  File "/usr/local/lib/python3.12/site-packages/discord/client.py", line 465, in _run_event
    await coro(*args, **kwargs)
  File "/app/asu_discord/cogs/analytics.py", line 652, in on_member_update
    before_timeout = before.timed_out_until
                     ^^^^^^^^^^^^^^^^^^^^^^
AttributeError: 'Member' object has no attribute 'timed_out_until'
Ignoring exception in on_member_update
Traceback (most recent call last):
  File "/usr/local/lib/python3.12/site-packages/discord/client.py", line 465, in _run_event
    await coro(*args, **kwargs)
  File "/app/asu_discord/cogs/analytics.py", line 652, in on_member_update
    before_timeout = before.timed_out_until
                     ^^^^^^^^^^^^^^^^^^^^^^
AttributeError: 'Member' object has no attribute 'timed_out_until'
Ignoring exception in on_member_update
Traceback (most recent call last):
  File "/usr/local/lib/python3.12/site-packages/discord/client.py", line 465, in _run_event
    await coro(*args, **kwargs)
  File "/app/asu_discord/cogs/analytics.py", line 652, in on_member_update
    before_timeout = before.timed_out_until
                     ^^^^^^^^^^^^^^^^^^^^^^
AttributeError: 'Member' object has no attribute 'timed_out_until'
Ignoring exception in on_member_update
Traceback (most recent call last):
  File "/usr/local/lib/python3.12/site-packages/discord/client.py", line 465, in _run_event
    await coro(*args, **kwargs)
  File "/app/asu_discord/cogs/analytics.py", line 652, in on_member_update
    before_timeout = before.timed_out_until
                     ^^^^^^^^^^^^^^^^^^^^^^
AttributeError: 'Member' object has no attribute 'timed_out_until'
Ignoring exception in on_member_update
Traceback (most recent call last):
  File "/usr/local/lib/python3.12/site-packages/discord/client.py", line 465, in _run_event
    await coro(*args, **kwargs)
  File "/app/asu_discord/cogs/analytics.py", line 652, in on_member_update
    before_timeout = before.timed_out_until
                     ^^^^^^^^^^^^^^^^^^^^^^
AttributeError: 'Member' object has no attribute 'timed_out_until'
Ignoring exception in on_member_update
Traceback (most recent call last):
  File "/usr/local/lib/python3.12/site-packages/discord/client.py", line 465, in _run_event
    await coro(*args, **kwargs)
  File "/app/asu_discord/cogs/analytics.py", line 652, in on_member_update
    before_timeout = before.timed_out_until
                     ^^^^^^^^^^^^^^^^^^^^^^
AttributeError: 'Member' object has no attribute 'timed_out_until'
Ignoring exception in on_member_update
Traceback (most recent call last):
  File "/usr/local/lib/python3.12/site-packages/discord/client.py", line 465, in _run_event
    await coro(*args, **kwargs)
  File "/app/asu_discord/cogs/analytics.py", line 652, in on_member_update
    before_timeout = before.timed_out_until
                     ^^^^^^^^^^^^^^^^^^^^^^
AttributeError: 'Member' object has no attribute 'timed_out_until'
Ignoring exception in on_member_update
Traceback (most recent call last):
  File "/usr/local/lib/python3.12/site-packages/discord/client.py", line 465, in _run_event
    await coro(*args, **kwargs)
  File "/app/asu_discord/cogs/analytics.py", line 652, in on_member_update
    before_timeout = before.timed_out_until
                     ^^^^^^^^^^^^^^^^^^^^^^
AttributeError: 'Member' object has no attribute 'timed_out_until'
Ignoring exception in on_member_update
Traceback (most recent call last):
  File "/usr/local/lib/python3.12/site-packages/discord/client.py", line 465, in _run_event
    await coro(*args, **kwargs)
  File "/app/asu_discord/cogs/analytics.py", line 652, in on_member_update
    before_timeout = before.timed_out_until
                     ^^^^^^^^^^^^^^^^^^^^^^
AttributeError: 'Member' object has no attribute 'timed_out_until'
INFO:asu_discord.cogs.verification:Saved 6 roles to database for user faalcant (Discord ID: 763488931105996850)
INFO:asu_discord.cogs.verification:Refreshed Salesforce roles for Discord user 763488931105996850: -6/+6 roles, assigned=[Arizona Resident, Commited, First Generation Student, First Year, Tempe, W.P. Carey School of Business]
ERROR:cron.jobs:refresh_salesforce_roles: failed for mhintz14 (Discord ID 1440365878662266910): Failed to refresh Salesforce-based roles: Discord user 1440365878662266910 is not a member of the guild
Ignoring exception in on_member_update
Traceback (most recent call last):
  File "/usr/local/lib/python3.12/site-packages/discord/client.py", line 465, in _run_event
    await coro(*args, **kwargs)
  File "/app/asu_discord/cogs/analytics.py", line 652, in on_member_update
    before_timeout = before.timed_out_until
                     ^^^^^^^^^^^^^^^^^^^^^^
AttributeError: 'Member' object has no attribute 'timed_out_until'
Ignoring exception in on_member_update
Traceback (most recent call last):
  File "/usr/local/lib/python3.12/site-packages/discord/client.py", line 465, in _run_event
    await coro(*args, **kwargs)
  File "/app/asu_discord/cogs/analytics.py", line 652, in on_member_update
    before_timeout = before.timed_out_until
                     ^^^^^^^^^^^^^^^^^^^^^^
AttributeError: 'Member' object has no attribute 'timed_out_until'
Ignoring exception in on_member_update
Traceback (most recent call last):
  File "/usr/local/lib/python3.12/site-packages/discord/client.py", line 465, in _run_event
    await coro(*args, **kwargs)
  File "/app/asu_discord/cogs/analytics.py", line 652, in on_member_update
    before_timeout = before.timed_out_until
                     ^^^^^^^^^^^^^^^^^^^^^^
AttributeError: 'Member' object has no attribute 'timed_out_until'
Ignoring exception in on_member_update
Traceback (most recent call last):
  File "/usr/local/lib/python3.12/site-packages/discord/client.py", line 465, in _run_event
    await coro(*args, **kwargs)
  File "/app/asu_discord/cogs/analytics.py", line 652, in on_member_update
    before_timeout = before.timed_out_until
                     ^^^^^^^^^^^^^^^^^^^^^^
AttributeError: 'Member' object has no attribute 'timed_out_until'
Ignoring exception in on_member_update
Traceback (most recent call last):
  File "/usr/local/lib/python3.12/site-packages/discord/client.py", line 465, in _run_event
    await coro(*args, **kwargs)
  File "/app/asu_discord/cogs/analytics.py", line 652, in on_member_update
    before_timeout = before.timed_out_until
                     ^^^^^^^^^^^^^^^^^^^^^^
AttributeError: 'Member' object has no attribute 'timed_out_until'
Ignoring exception in on_member_update
Traceback (most recent call last):
  File "/usr/local/lib/python3.12/site-packages/discord/client.py", line 465, in _run_event
    await coro(*args, **kwargs)
  File "/app/asu_discord/cogs/analytics.py", line 652, in on_member_update
    before_timeout = before.timed_out_until
                     ^^^^^^^^^^^^^^^^^^^^^^
AttributeError: 'Member' object has no attribute 'timed_out_until'
Ignoring exception in on_member_update
Traceback (most recent call last):
  File "/usr/local/lib/python3.12/site-packages/discord/client.py", line 465, in _run_event
    await coro(*args, **kwargs)
  File "/app/asu_discord/cogs/analytics.py", line 652, in on_member_update
    before_timeout = before.timed_out_until
                     ^^^^^^^^^^^^^^^^^^^^^^
AttributeError: 'Member' object has no attribute 'timed_out_until'
Ignoring exception in on_member_update
Traceback (most recent call last):
  File "/usr/local/lib/python3.12/site-packages/discord/client.py", line 465, in _run_event
    await coro(*args, **kwargs)
  File "/app/asu_discord/cogs/analytics.py", line 652, in on_member_update
    before_timeout = before.timed_out_until
                     ^^^^^^^^^^^^^^^^^^^^^^
AttributeError: 'Member' object has no attribute 'timed_out_until'
INFO:asu_discord.cogs.verification:Saved 5 roles to database for user drredden (Discord ID: 1440163663724937236)
INFO:asu_discord.cogs.verification:Refreshed Salesforce roles for Discord user 1440163663724937236: -4/+4 roles, assigned=[Ira A. Fulton Schools of Engineering, Online, Out of State, Transfer Student, Upperclassmen]
ERROR:cron.jobs:refresh_salesforce_roles: failed for svphilip (Discord ID 1389100044203851797): Failed to refresh Salesforce-based roles: Discord user 1389100044203851797 is not a member of the guild
Ignoring exception in on_member_update
Traceback (most recent call last):
  File "/usr/local/lib/python3.12/site-packages/discord/client.py", line 465, in _run_event
    await coro(*args, **kwargs)
  File "/app/asu_discord/cogs/analytics.py", line 652, in on_member_update
    before_timeout = before.timed_out_until
                     ^^^^^^^^^^^^^^^^^^^^^^
AttributeError: 'Member' object has no attribute 'timed_out_until'
Ignoring exception in on_member_update
Traceback (most recent call last):
  File "/usr/local/lib/python3.12/site-packages/discord/client.py", line 465, in _run_event
    await coro(*args, **kwargs)
  File "/app/asu_discord/cogs/analytics.py", line 652, in on_member_update
    before_timeout = before.timed_out_until
                     ^^^^^^^^^^^^^^^^^^^^^^
AttributeError: 'Member' object has no attribute 'timed_out_until'
Ignoring exception in on_member_update
Traceback (most recent call last):
  File "/usr/local/lib/python3.12/site-packages/discord/client.py", line 465, in _run_event
    await coro(*args, **kwargs)
  File "/app/asu_discord/cogs/analytics.py", line 652, in on_member_update
    before_timeout = before.timed_out_until
                     ^^^^^^^^^^^^^^^^^^^^^^
AttributeError: 'Member' object has no attribute 'timed_out_until'
Ignoring exception in on_member_update
Traceback (most recent call last):
  File "/usr/local/lib/python3.12/site-packages/discord/client.py", line 465, in _run_event
    await coro(*args, **kwargs)
  File "/app/asu_discord/cogs/analytics.py", line 652, in on_member_update
    before_timeout = before.timed_out_until
                     ^^^^^^^^^^^^^^^^^^^^^^
AttributeError: 'Member' object has no attribute 'timed_out_until'
Ignoring exception in on_member_update
Traceback (most recent call last):
  File "/usr/local/lib/python3.12/site-packages/discord/client.py", line 465, in _run_event
    await coro(*args, **kwargs)
  File "/app/asu_discord/cogs/analytics.py", line 652, in on_member_update
    before_timeout = before.timed_out_until
                     ^^^^^^^^^^^^^^^^^^^^^^
AttributeError: 'Member' object has no attribute 'timed_out_until'
Ignoring exception in on_member_update
Traceback (most recent call last):
  File "/usr/local/lib/python3.12/site-packages/discord/client.py", line 465, in _run_event
    await coro(*args, **kwargs)
  File "/app/asu_discord/cogs/analytics.py", line 652, in on_member_update
    before_timeout = before.timed_out_until
                     ^^^^^^^^^^^^^^^^^^^^^^
AttributeError: 'Member' object has no attribute 'timed_out_until'
Ignoring exception in on_member_update
Traceback (most recent call last):
  File "/usr/local/lib/python3.12/site-packages/discord/client.py", line 465, in _run_event
    await coro(*args, **kwargs)
  File "/app/asu_discord/cogs/analytics.py", line 652, in on_member_update
    before_timeout = before.timed_out_until
                     ^^^^^^^^^^^^^^^^^^^^^^
AttributeError: 'Member' object has no attribute 'timed_out_until'
Ignoring exception in on_member_update
Traceback (most recent call last):
  File "/usr/local/lib/python3.12/site-packages/discord/client.py", line 465, in _run_event
    await coro(*args, **kwargs)
  File "/app/asu_discord/cogs/analytics.py", line 652, in on_member_update
    before_timeout = before.timed_out_until
                     ^^^^^^^^^^^^^^^^^^^^^^
AttributeError: 'Member' object has no attribute 'timed_out_until'
Ignoring exception in on_member_update
Traceback (most recent call last):
  File "/usr/local/lib/python3.12/site-packages/discord/client.py", line 465, in _run_event
    await coro(*args, **kwargs)
  File "/app/asu_discord/cogs/analytics.py", line 652, in on_member_update
    before_timeout = before.timed_out_until
                     ^^^^^^^^^^^^^^^^^^^^^^
AttributeError: 'Member' object has no attribute 'timed_out_until'
Ignoring exception in on_member_update
Traceback (most recent call last):
  File "/usr/local/lib/python3.12/site-packages/discord/client.py", line 465, in _run_event
    await coro(*args, **kwargs)
  File "/app/asu_discord/cogs/analytics.py", line 652, in on_member_update
    before_timeout = before.timed_out_until
                     ^^^^^^^^^^^^^^^^^^^^^^
AttributeError: 'Member' object has no attribute 'timed_out_until'
Ignoring exception in on_member_update
Traceback (most recent call last):
  File "/usr/local/lib/python3.12/site-packages/discord/client.py", line 465, in _run_event
    await coro(*args, **kwargs)
  File "/app/asu_discord/cogs/analytics.py", line 652, in on_member_update
    before_timeout = before.timed_out_until
                     ^^^^^^^^^^^^^^^^^^^^^^
AttributeError: 'Member' object has no attribute 'timed_out_until'
Ignoring exception in on_member_update
Traceback (most recent call last):
  File "/usr/local/lib/python3.12/site-packages/discord/client.py", line 465, in _run_event
    await coro(*args, **kwargs)
  File "/app/asu_discord/cogs/analytics.py", line 652, in on_member_update
    before_timeout = before.timed_out_until
                     ^^^^^^^^^^^^^^^^^^^^^^
AttributeError: 'Member' object has no attribute 'timed_out_until'
INFO:asu_discord.cogs.verification:Saved 6 roles to database for user bmar2 (Discord ID: 1211144364034883639)
INFO:asu_discord.cogs.verification:Refreshed Salesforce roles for Discord user 1211144364034883639: -6/+6 roles, assigned=[Arizona Resident, First Generation Student, Herberger Institute for Design and the Arts, Tempe, Transfer Student, Upperclassmen]
Ignoring exception in on_member_update
Traceback (most recent call last):
  File "/usr/local/lib/python3.12/site-packages/discord/client.py", line 465, in _run_event
    await coro(*args, **kwargs)
  File "/app/asu_discord/cogs/analytics.py", line 652, in on_member_update
    before_timeout = before.timed_out_until
                     ^^^^^^^^^^^^^^^^^^^^^^
AttributeError: 'Member' object has no attribute 'timed_out_until'
Ignoring exception in on_member_update
Traceback (most recent call last):
  File "/usr/local/lib/python3.12/site-packages/discord/client.py", line 465, in _run_event
    await coro(*args, **kwargs)
  File "/app/asu_discord/cogs/analytics.py", line 652, in on_member_update
    before_timeout = before.timed_out_until
                     ^^^^^^^^^^^^^^^^^^^^^^
AttributeError: 'Member' object has no attribute 'timed_out_until'
Ignoring exception in on_member_update
Traceback (most recent call last):
  File "/usr/local/lib/python3.12/site-packages/discord/client.py", line 465, in _run_event
    await coro(*args, **kwargs)
  File "/app/asu_discord/cogs/analytics.py", line 652, in on_member_update
    before_timeout = before.timed_out_until
                     ^^^^^^^^^^^^^^^^^^^^^^
AttributeError: 'Member' object has no attribute 'timed_out_until'
Ignoring exception in on_member_update
Traceback (most recent call last):
  File "/usr/local/lib/python3.12/site-packages/discord/client.py", line 465, in _run_event
    await coro(*args, **kwargs)
  File "/app/asu_discord/cogs/analytics.py", line 652, in on_member_update
    before_timeout = before.timed_out_until
                     ^^^^^^^^^^^^^^^^^^^^^^
AttributeError: 'Member' object has no attribute 'timed_out_until'
Ignoring exception in on_member_update
Traceback (most recent call last):
  File "/usr/local/lib/python3.12/site-packages/discord/client.py", line 465, in _run_event
    await coro(*args, **kwargs)
  File "/app/asu_discord/cogs/analytics.py", line 652, in on_member_update
    before_timeout = before.timed_out_until
                     ^^^^^^^^^^^^^^^^^^^^^^
AttributeError: 'Member' object has no attribute 'timed_out_until'
Ignoring exception in on_member_update
Traceback (most recent call last):
  File "/usr/local/lib/python3.12/site-packages/discord/client.py", line 465, in _run_event
    await coro(*args, **kwargs)
  File "/app/asu_discord/cogs/analytics.py", line 652, in on_member_update
    before_timeout = before.timed_out_until
                     ^^^^^^^^^^^^^^^^^^^^^^
AttributeError: 'Member' object has no attribute 'timed_out_until'
Ignoring exception in on_member_update
Traceback (most recent call last):
  File "/usr/local/lib/python3.12/site-packages/discord/client.py", line 465, in _run_event
    await coro(*args, **kwargs)
  File "/app/asu_discord/cogs/analytics.py", line 652, in on_member_update
    before_timeout = before.timed_out_until
                     ^^^^^^^^^^^^^^^^^^^^^^
AttributeError: 'Member' object has no attribute 'timed_out_until'
Ignoring exception in on_member_update
Traceback (most recent call last):
  File "/usr/local/lib/python3.12/site-packages/discord/client.py", line 465, in _run_event
    await coro(*args, **kwargs)
  File "/app/asu_discord/cogs/analytics.py", line 652, in on_member_update
    before_timeout = before.timed_out_until
                     ^^^^^^^^^^^^^^^^^^^^^^
AttributeError: 'Member' object has no attribute 'timed_out_until'
INFO:asu_discord.cogs.verification:Saved 4 roles to database for user adtanori (Discord ID: 531331768372953099)
INFO:asu_discord.cogs.verification:Refreshed Salesforce roles for Discord user 531331768372953099: -4/+4 roles, assigned=[Arizona Resident, First Year, Herberger Institute for Design and the Arts, Tempe]
ERROR:cron.jobs:refresh_salesforce_roles: failed for hwilli82 (Discord ID 1138194499093401741): Failed to refresh Salesforce-based roles: Discord user 1138194499093401741 is not a member of the guild
Ignoring exception in on_member_update
Traceback (most recent call last):
  File "/usr/local/lib/python3.12/site-packages/discord/client.py", line 465, in _run_event
    await coro(*args, **kwargs)
  File "/app/asu_discord/cogs/analytics.py", line 652, in on_member_update
    before_timeout = before.timed_out_until
                     ^^^^^^^^^^^^^^^^^^^^^^
AttributeError: 'Member' object has no attribute 'timed_out_until'
Ignoring exception in on_member_update
Traceback (most recent call last):
  File "/usr/local/lib/python3.12/site-packages/discord/client.py", line 465, in _run_event
    await coro(*args, **kwargs)
  File "/app/asu_discord/cogs/analytics.py", line 652, in on_member_update
    before_timeout = before.timed_out_until
                     ^^^^^^^^^^^^^^^^^^^^^^
AttributeError: 'Member' object has no attribute 'timed_out_until'
Ignoring exception in on_member_update
Traceback (most recent call last):
  File "/usr/local/lib/python3.12/site-packages/discord/client.py", line 465, in _run_event
    await coro(*args, **kwargs)
  File "/app/asu_discord/cogs/analytics.py", line 652, in on_member_update
    before_timeout = before.timed_out_until
                     ^^^^^^^^^^^^^^^^^^^^^^
AttributeError: 'Member' object has no attribute 'timed_out_until'
Ignoring exception in on_member_update
Traceback (most recent call last):
  File "/usr/local/lib/python3.12/site-packages/discord/client.py", line 465, in _run_event
    await coro(*args, **kwargs)
  File "/app/asu_discord/cogs/analytics.py", line 652, in on_member_update
    before_timeout = before.timed_out_until
                     ^^^^^^^^^^^^^^^^^^^^^^
AttributeError: 'Member' object has no attribute 'timed_out_until'
Ignoring exception in on_member_update
Traceback (most recent call last):
  File "/usr/local/lib/python3.12/site-packages/discord/client.py", line 465, in _run_event
    await coro(*args, **kwargs)
  File "/app/asu_discord/cogs/analytics.py", line 652, in on_member_update
    before_timeout = before.timed_out_until
                     ^^^^^^^^^^^^^^^^^^^^^^
AttributeError: 'Member' object has no attribute 'timed_out_until'
Ignoring exception in on_member_update
Traceback (most recent call last):
  File "/usr/local/lib/python3.12/site-packages/discord/client.py", line 465, in _run_event
    await coro(*args, **kwargs)
  File "/app/asu_discord/cogs/analytics.py", line 652, in on_member_update
    before_timeout = before.timed_out_until
                     ^^^^^^^^^^^^^^^^^^^^^^
AttributeError: 'Member' object has no attribute 'timed_out_until'
Ignoring exception in on_member_update
Traceback (most recent call last):
  File "/usr/local/lib/python3.12/site-packages/discord/client.py", line 465, in _run_event
    await coro(*args, **kwargs)
  File "/app/asu_discord/cogs/analytics.py", line 652, in on_member_update
    before_timeout = before.timed_out_until
                     ^^^^^^^^^^^^^^^^^^^^^^
AttributeError: 'Member' object has no attribute 'timed_out_until'
Ignoring exception in on_member_update
Traceback (most recent call last):
  File "/usr/local/lib/python3.12/site-packages/discord/client.py", line 465, in _run_event
    await coro(*args, **kwargs)
  File "/app/asu_discord/cogs/analytics.py", line 652, in on_member_update
    before_timeout = before.timed_out_until
                     ^^^^^^^^^^^^^^^^^^^^^^
AttributeError: 'Member' object has no attribute 'timed_out_until'
Ignoring exception in on_member_update
Traceback (most recent call last):
  File "/usr/local/lib/python3.12/site-packages/discord/client.py", line 465, in _run_event
    await coro(*args, **kwargs)
  File "/app/asu_discord/cogs/analytics.py", line 652, in on_member_update
    before_timeout = before.timed_out_until
                     ^^^^^^^^^^^^^^^^^^^^^^
AttributeError: 'Member' object has no attribute 'timed_out_until'
INFO:asu_discord.cogs.verification:Saved 5 roles to database for user wmoncur (Discord ID: 959246394319839302)
INFO:asu_discord.cogs.verification:Refreshed Salesforce roles for Discord user 959246394319839302: -5/+4 roles, assigned=[Arizona Resident, Commited, First Year, Ira A. Fulton Schools of Engineering, Tempe]
Ignoring exception in on_member_update
Traceback (most recent call last):
  File "/usr/local/lib/python3.12/site-packages/discord/client.py", line 465, in _run_event
    await coro(*args, **kwargs)
  File "/app/asu_discord/cogs/analytics.py", line 652, in on_member_update
    before_timeout = before.timed_out_until
                     ^^^^^^^^^^^^^^^^^^^^^^
AttributeError: 'Member' object has no attribute 'timed_out_until'
Ignoring exception in on_member_update
Traceback (most recent call last):
  File "/usr/local/lib/python3.12/site-packages/discord/client.py", line 465, in _run_event
    await coro(*args, **kwargs)
  File "/app/asu_discord/cogs/analytics.py", line 652, in on_member_update
    before_timeout = before.timed_out_until
                     ^^^^^^^^^^^^^^^^^^^^^^
AttributeError: 'Member' object has no attribute 'timed_out_until'
Ignoring exception in on_member_update
Traceback (most recent call last):
  File "/usr/local/lib/python3.12/site-packages/discord/client.py", line 465, in _run_event
    await coro(*args, **kwargs)
  File "/app/asu_discord/cogs/analytics.py", line 652, in on_member_update
    before_timeout = before.timed_out_until
                     ^^^^^^^^^^^^^^^^^^^^^^
AttributeError: 'Member' object has no attribute 'timed_out_until'
Ignoring exception in on_member_update
Traceback (most recent call last):
  File "/usr/local/lib/python3.12/site-packages/discord/client.py", line 465, in _run_event
    await coro(*args, **kwargs)
  File "/app/asu_discord/cogs/analytics.py", line 652, in on_member_update
    before_timeout = before.timed_out_until
                     ^^^^^^^^^^^^^^^^^^^^^^
AttributeError: 'Member' object has no attribute 'timed_out_until'
Ignoring exception in on_member_update
Traceback (most recent call last):
  File "/usr/local/lib/python3.12/site-packages/discord/client.py", line 465, in _run_event
    await coro(*args, **kwargs)
  File "/app/asu_discord/cogs/analytics.py", line 652, in on_member_update
    before_timeout = before.timed_out_until
                     ^^^^^^^^^^^^^^^^^^^^^^
AttributeError: 'Member' object has no attribute 'timed_out_until'
Ignoring exception in on_member_update
Traceback (most recent call last):
  File "/usr/local/lib/python3.12/site-packages/discord/client.py", line 465, in _run_event
    await coro(*args, **kwargs)
  File "/app/asu_discord/cogs/analytics.py", line 652, in on_member_update
    before_timeout = before.timed_out_until
                     ^^^^^^^^^^^^^^^^^^^^^^
AttributeError: 'Member' object has no attribute 'timed_out_until'
Ignoring exception in on_member_update
Traceback (most recent call last):
  File "/usr/local/lib/python3.12/site-packages/discord/client.py", line 465, in _run_event
    await coro(*args, **kwargs)
  File "/app/asu_discord/cogs/analytics.py", line 652, in on_member_update
    before_timeout = before.timed_out_until
                     ^^^^^^^^^^^^^^^^^^^^^^
AttributeError: 'Member' object has no attribute 'timed_out_until'
Ignoring exception in on_member_update
Traceback (most recent call last):
  File "/usr/local/lib/python3.12/site-packages/discord/client.py", line 465, in _run_event
    await coro(*args, **kwargs)
  File "/app/asu_discord/cogs/analytics.py", line 652, in on_member_update
    before_timeout = before.timed_out_until
                     ^^^^^^^^^^^^^^^^^^^^^^
AttributeError: 'Member' object has no attribute 'timed_out_until'
INFO:asu_discord.cogs.verification:Saved 4 roles to database for user guyunluo (Discord ID: 852755528768684123)
INFO:asu_discord.cogs.verification:Refreshed Salesforce roles for Discord user 852755528768684123: -4/+4 roles, assigned=[Herberger Institute for Design and the Arts, Online, Transfer Student, Upperclassmen]
Ignoring exception in on_member_update
Traceback (most recent call last):
  File "/usr/local/lib/python3.12/site-packages/discord/client.py", line 465, in _run_event
    await coro(*args, **kwargs)
  File "/app/asu_discord/cogs/analytics.py", line 652, in on_member_update
    before_timeout = before.timed_out_until
                     ^^^^^^^^^^^^^^^^^^^^^^
AttributeError: 'Member' object has no attribute 'timed_out_until'
Ignoring exception in on_member_update
Traceback (most recent call last):
  File "/usr/local/lib/python3.12/site-packages/discord/client.py", line 465, in _run_event
    await coro(*args, **kwargs)
  File "/app/asu_discord/cogs/analytics.py", line 652, in on_member_update
    before_timeout = before.timed_out_until
                     ^^^^^^^^^^^^^^^^^^^^^^
AttributeError: 'Member' object has no attribute 'timed_out_until'
Ignoring exception in on_member_update
Traceback (most recent call last):
  File "/usr/local/lib/python3.12/site-packages/discord/client.py", line 465, in _run_event
    await coro(*args, **kwargs)
  File "/app/asu_discord/cogs/analytics.py", line 652, in on_member_update
    before_timeout = before.timed_out_until
                     ^^^^^^^^^^^^^^^^^^^^^^
AttributeError: 'Member' object has no attribute 'timed_out_until'
Ignoring exception in on_member_update
Traceback (most recent call last):
  File "/usr/local/lib/python3.12/site-packages/discord/client.py", line 465, in _run_event
    await coro(*args, **kwargs)
  File "/app/asu_discord/cogs/analytics.py", line 652, in on_member_update
    before_timeout = before.timed_out_until
                     ^^^^^^^^^^^^^^^^^^^^^^
AttributeError: 'Member' object has no attribute 'timed_out_until'
Ignoring exception in on_member_update
Traceback (most recent call last):
  File "/usr/local/lib/python3.12/site-packages/discord/client.py", line 465, in _run_event
    await coro(*args, **kwargs)
  File "/app/asu_discord/cogs/analytics.py", line 652, in on_member_update
    before_timeout = before.timed_out_until
                     ^^^^^^^^^^^^^^^^^^^^^^
AttributeError: 'Member' object has no attribute 'timed_out_until'
Ignoring exception in on_member_update
Traceback (most recent call last):
  File "/usr/local/lib/python3.12/site-packages/discord/client.py", line 465, in _run_event
    await coro(*args, **kwargs)
  File "/app/asu_discord/cogs/analytics.py", line 652, in on_member_update
    before_timeout = before.timed_out_until
                     ^^^^^^^^^^^^^^^^^^^^^^
AttributeError: 'Member' object has no attribute 'timed_out_until'
Ignoring exception in on_member_update
Traceback (most recent call last):
  File "/usr/local/lib/python3.12/site-packages/discord/client.py", line 465, in _run_event
    await coro(*args, **kwargs)
  File "/app/asu_discord/cogs/analytics.py", line 652, in on_member_update
    before_timeout = before.timed_out_until
                     ^^^^^^^^^^^^^^^^^^^^^^
AttributeError: 'Member' object has no attribute 'timed_out_until'
Ignoring exception in on_member_update
Traceback (most recent call last):
  File "/usr/local/lib/python3.12/site-packages/discord/client.py", line 465, in _run_event
    await coro(*args, **kwargs)
  File "/app/asu_discord/cogs/analytics.py", line 652, in on_member_update
    before_timeout = before.timed_out_until
                     ^^^^^^^^^^^^^^^^^^^^^^
AttributeError: 'Member' object has no attribute 'timed_out_until'
Ignoring exception in on_member_update
Traceback (most recent call last):
  File "/usr/local/lib/python3.12/site-packages/discord/client.py", line 465, in _run_event
    await coro(*args, **kwargs)
  File "/app/asu_discord/cogs/analytics.py", line 652, in on_member_update
    before_timeout = before.timed_out_until
                     ^^^^^^^^^^^^^^^^^^^^^^
AttributeError: 'Member' object has no attribute 'timed_out_until'
Ignoring exception in on_member_update
Traceback (most recent call last):
  File "/usr/local/lib/python3.12/site-packages/discord/client.py", line 465, in _run_event
    await coro(*args, **kwargs)
  File "/app/asu_discord/cogs/analytics.py", line 652, in on_member_update
    before_timeout = before.timed_out_until
                     ^^^^^^^^^^^^^^^^^^^^^^
AttributeError: 'Member' object has no attribute 'timed_out_until'
INFO:asu_discord.cogs.verification:Saved 5 roles to database for user sjwalk15 (Discord ID: 709876342644277309)
INFO:asu_discord.cogs.verification:Refreshed Salesforce roles for Discord user 709876342644277309: -5/+5 roles, assigned=[Arizona Resident, College of Liberal Arts and Sciences, Commited, First Year, Tempe]
Ignoring exception in on_member_update
Traceback (most recent call last):
  File "/usr/local/lib/python3.12/site-packages/discord/client.py", line 465, in _run_event
    await coro(*args, **kwargs)
  File "/app/asu_discord/cogs/analytics.py", line 652, in on_member_update
    before_timeout = before.timed_out_until
                     ^^^^^^^^^^^^^^^^^^^^^^
AttributeError: 'Member' object has no attribute 'timed_out_until'
Ignoring exception in on_member_update
Traceback (most recent call last):
  File "/usr/local/lib/python3.12/site-packages/discord/client.py", line 465, in _run_event
    await coro(*args, **kwargs)
  File "/app/asu_discord/cogs/analytics.py", line 652, in on_member_update
    before_timeout = before.timed_out_until
                     ^^^^^^^^^^^^^^^^^^^^^^
AttributeError: 'Member' object has no attribute 'timed_out_until'
Ignoring exception in on_member_update
Traceback (most recent call last):
  File "/usr/local/lib/python3.12/site-packages/discord/client.py", line 465, in _run_event
    await coro(*args, **kwargs)
  File "/app/asu_discord/cogs/analytics.py", line 652, in on_member_update
    before_timeout = before.timed_out_until
                     ^^^^^^^^^^^^^^^^^^^^^^
AttributeError: 'Member' object has no attribute 'timed_out_until'
Ignoring exception in on_member_update
Traceback (most recent call last):
  File "/usr/local/lib/python3.12/site-packages/discord/client.py", line 465, in _run_event
    await coro(*args, **kwargs)
  File "/app/asu_discord/cogs/analytics.py", line 652, in on_member_update
    before_timeout = before.timed_out_until
                     ^^^^^^^^^^^^^^^^^^^^^^
AttributeError: 'Member' object has no attribute 'timed_out_until'
Ignoring exception in on_member_update
Traceback (most recent call last):
  File "/usr/local/lib/python3.12/site-packages/discord/client.py", line 465, in _run_event
    await coro(*args, **kwargs)
  File "/app/asu_discord/cogs/analytics.py", line 652, in on_member_update
    before_timeout = before.timed_out_until
                     ^^^^^^^^^^^^^^^^^^^^^^
AttributeError: 'Member' object has no attribute 'timed_out_until'
Ignoring exception in on_member_update
Traceback (most recent call last):
  File "/usr/local/lib/python3.12/site-packages/discord/client.py", line 465, in _run_event
    await coro(*args, **kwargs)
  File "/app/asu_discord/cogs/analytics.py", line 652, in on_member_update
    before_timeout = before.timed_out_until
                     ^^^^^^^^^^^^^^^^^^^^^^
AttributeError: 'Member' object has no attribute 'timed_out_until'
Ignoring exception in on_member_update
Traceback (most recent call last):
  File "/usr/local/lib/python3.12/site-packages/discord/client.py", line 465, in _run_event
    await coro(*args, **kwargs)
  File "/app/asu_discord/cogs/analytics.py", line 652, in on_member_update
    before_timeout = before.timed_out_until
                     ^^^^^^^^^^^^^^^^^^^^^^
AttributeError: 'Member' object has no attribute 'timed_out_until'
Ignoring exception in on_member_update
Traceback (most recent call last):
  File "/usr/local/lib/python3.12/site-packages/discord/client.py", line 465, in _run_event
    await coro(*args, **kwargs)
  File "/app/asu_discord/cogs/analytics.py", line 652, in on_member_update
    before_timeout = before.timed_out_until
                     ^^^^^^^^^^^^^^^^^^^^^^
AttributeError: 'Member' object has no attribute 'timed_out_until'
Ignoring exception in on_member_update
Traceback (most recent call last):
  File "/usr/local/lib/python3.12/site-packages/discord/client.py", line 465, in _run_event
    await coro(*args, **kwargs)
  File "/app/asu_discord/cogs/analytics.py", line 652, in on_member_update
    before_timeout = before.timed_out_until
                     ^^^^^^^^^^^^^^^^^^^^^^
AttributeError: 'Member' object has no attribute 'timed_out_until'
Ignoring exception in on_member_update
Traceback (most recent call last):
  File "/usr/local/lib/python3.12/site-packages/discord/client.py", line 465, in _run_event
    await coro(*args, **kwargs)
  File "/app/asu_discord/cogs/analytics.py", line 652, in on_member_update
    before_timeout = before.timed_out_until
                     ^^^^^^^^^^^^^^^^^^^^^^
AttributeError: 'Member' object has no attribute 'timed_out_until'
Ignoring exception in on_member_update
Traceback (most recent call last):
  File "/usr/local/lib/python3.12/site-packages/discord/client.py", line 465, in _run_event
    await coro(*args, **kwargs)
  File "/app/asu_discord/cogs/analytics.py", line 652, in on_member_update
    before_timeout = before.timed_out_until
                     ^^^^^^^^^^^^^^^^^^^^^^
AttributeError: 'Member' object has no attribute 'timed_out_until'
INFO:asu_discord.cogs.verification:Saved 6 roles to database for user djnels23 (Discord ID: 929440915540549692)
INFO:asu_discord.cogs.verification:Refreshed Salesforce roles for Discord user 929440915540549692: -6/+5 roles, assigned=[Arizona Resident, Commited, First Generation Student, First Year, Tempe, W.P. Carey School of Business]
ERROR:cron.jobs:refresh_salesforce_roles: failed for czhan379 (Discord ID 781604839992852510): Failed to refresh Salesforce-based roles: Discord user 781604839992852510 is not a member of the guild
Ignoring exception in on_member_update
Traceback (most recent call last):
  File "/usr/local/lib/python3.12/site-packages/discord/client.py", line 465, in _run_event
    await coro(*args, **kwargs)
  File "/app/asu_discord/cogs/analytics.py", line 652, in on_member_update
    before_timeout = before.timed_out_until
                     ^^^^^^^^^^^^^^^^^^^^^^
AttributeError: 'Member' object has no attribute 'timed_out_until'
Ignoring exception in on_member_update
Traceback (most recent call last):
  File "/usr/local/lib/python3.12/site-packages/discord/client.py", line 465, in _run_event
    await coro(*args, **kwargs)
  File "/app/asu_discord/cogs/analytics.py", line 652, in on_member_update
    before_timeout = before.timed_out_until
                     ^^^^^^^^^^^^^^^^^^^^^^
AttributeError: 'Member' object has no attribute 'timed_out_until'
Ignoring exception in on_member_update
Traceback (most recent call last):
  File "/usr/local/lib/python3.12/site-packages/discord/client.py", line 465, in _run_event
    await coro(*args, **kwargs)
  File "/app/asu_discord/cogs/analytics.py", line 652, in on_member_update
    before_timeout = before.timed_out_until
                     ^^^^^^^^^^^^^^^^^^^^^^
AttributeError: 'Member' object has no attribute 'timed_out_until'
Ignoring exception in on_member_update
Traceback (most recent call last):
  File "/usr/local/lib/python3.12/site-packages/discord/client.py", line 465, in _run_event
    await coro(*args, **kwargs)
  File "/app/asu_discord/cogs/analytics.py", line 652, in on_member_update
    before_timeout = before.timed_out_until
                     ^^^^^^^^^^^^^^^^^^^^^^
AttributeError: 'Member' object has no attribute 'timed_out_until'
Ignoring exception in on_member_update
Traceback (most recent call last):
  File "/usr/local/lib/python3.12/site-packages/discord/client.py", line 465, in _run_event
    await coro(*args, **kwargs)
  File "/app/asu_discord/cogs/analytics.py", line 652, in on_member_update
    before_timeout = before.timed_out_until
                     ^^^^^^^^^^^^^^^^^^^^^^
AttributeError: 'Member' object has no attribute 'timed_out_until'
Ignoring exception in on_member_update
Traceback (most recent call last):
  File "/usr/local/lib/python3.12/site-packages/discord/client.py", line 465, in _run_event
    await coro(*args, **kwargs)
  File "/app/asu_discord/cogs/analytics.py", line 652, in on_member_update
    before_timeout = before.timed_out_until
                     ^^^^^^^^^^^^^^^^^^^^^^
AttributeError: 'Member' object has no attribute 'timed_out_until'
Ignoring exception in on_member_update
Traceback (most recent call last):
  File "/usr/local/lib/python3.12/site-packages/discord/client.py", line 465, in _run_event
    await coro(*args, **kwargs)
  File "/app/asu_discord/cogs/analytics.py", line 652, in on_member_update
    before_timeout = before.timed_out_until
                     ^^^^^^^^^^^^^^^^^^^^^^
AttributeError: 'Member' object has no attribute 'timed_out_until'
Ignoring exception in on_member_update
Traceback (most recent call last):
  File "/usr/local/lib/python3.12/site-packages/discord/client.py", line 465, in _run_event
    await coro(*args, **kwargs)
  File "/app/asu_discord/cogs/analytics.py", line 652, in on_member_update
    before_timeout = before.timed_out_until
                     ^^^^^^^^^^^^^^^^^^^^^^
AttributeError: 'Member' object has no attribute 'timed_out_until'
Ignoring exception in on_member_update
Traceback (most recent call last):
  File "/usr/local/lib/python3.12/site-packages/discord/client.py", line 465, in _run_event
    await coro(*args, **kwargs)
  File "/app/asu_discord/cogs/analytics.py", line 652, in on_member_update
    before_timeout = before.timed_out_until
                     ^^^^^^^^^^^^^^^^^^^^^^
AttributeError: 'Member' object has no attribute 'timed_out_until'
Ignoring exception in on_member_update
Traceback (most recent call last):
  File "/usr/local/lib/python3.12/site-packages/discord/client.py", line 465, in _run_event
    await coro(*args, **kwargs)
  File "/app/asu_discord/cogs/analytics.py", line 652, in on_member_update
    before_timeout = before.timed_out_until
                     ^^^^^^^^^^^^^^^^^^^^^^
AttributeError: 'Member' object has no attribute 'timed_out_until'
Ignoring exception in on_member_update
Traceback (most recent call last):
  File "/usr/local/lib/python3.12/site-packages/discord/client.py", line 465, in _run_event
    await coro(*args, **kwargs)
  File "/app/asu_discord/cogs/analytics.py", line 652, in on_member_update
    before_timeout = before.timed_out_until
                     ^^^^^^^^^^^^^^^^^^^^^^
AttributeError: 'Member' object has no attribute 'timed_out_until'
Ignoring exception in on_member_update
Traceback (most recent call last):
  File "/usr/local/lib/python3.12/site-packages/discord/client.py", line 465, in _run_event
    await coro(*args, **kwargs)
  File "/app/asu_discord/cogs/analytics.py", line 652, in on_member_update
    before_timeout = before.timed_out_until
                     ^^^^^^^^^^^^^^^^^^^^^^
AttributeError: 'Member' object has no attribute 'timed_out_until'
INFO:asu_discord.cogs.verification:Saved 6 roles to database for user cmart407 (Discord ID: 1459004928885526654)
INFO:asu_discord.cogs.verification:Refreshed Salesforce roles for Discord user 1459004928885526654: -6/+6 roles, assigned=[Arizona Resident, College of Liberal Arts and Sciences, Commited, First Generation Student, First Year, Tempe]
ERROR:cron.jobs:refresh_salesforce_roles: failed for achande9 (Discord ID 853193112360321034): Failed to refresh Salesforce-based roles: Discord user 853193112360321034 is not a member of the guild
Ignoring exception in on_member_update
Traceback (most recent call last):
  File "/usr/local/lib/python3.12/site-packages/discord/client.py", line 465, in _run_event
    await coro(*args, **kwargs)
  File "/app/asu_discord/cogs/analytics.py", line 652, in on_member_update
    before_timeout = before.timed_out_until
                     ^^^^^^^^^^^^^^^^^^^^^^
AttributeError: 'Member' object has no attribute 'timed_out_until'
Ignoring exception in on_member_update
Traceback (most recent call last):
  File "/usr/local/lib/python3.12/site-packages/discord/client.py", line 465, in _run_event
    await coro(*args, **kwargs)
  File "/app/asu_discord/cogs/analytics.py", line 652, in on_member_update
    before_timeout = before.timed_out_until
                     ^^^^^^^^^^^^^^^^^^^^^^
AttributeError: 'Member' object has no attribute 'timed_out_until'
Ignoring exception in on_member_update
Traceback (most recent call last):
  File "/usr/local/lib/python3.12/site-packages/discord/client.py", line 465, in _run_event
    await coro(*args, **kwargs)
  File "/app/asu_discord/cogs/analytics.py", line 652, in on_member_update
    before_timeout = before.timed_out_until
                     ^^^^^^^^^^^^^^^^^^^^^^
AttributeError: 'Member' object has no attribute 'timed_out_until'
Ignoring exception in on_member_update
Traceback (most recent call last):
  File "/usr/local/lib/python3.12/site-packages/discord/client.py", line 465, in _run_event
    await coro(*args, **kwargs)
  File "/app/asu_discord/cogs/analytics.py", line 652, in on_member_update
    before_timeout = before.timed_out_until
                     ^^^^^^^^^^^^^^^^^^^^^^
AttributeError: 'Member' object has no attribute 'timed_out_until'
Ignoring exception in on_member_update
Traceback (most recent call last):
  File "/usr/local/lib/python3.12/site-packages/discord/client.py", line 465, in _run_event
    await coro(*args, **kwargs)
  File "/app/asu_discord/cogs/analytics.py", line 652, in on_member_update
    before_timeout = before.timed_out_until
                     ^^^^^^^^^^^^^^^^^^^^^^
AttributeError: 'Member' object has no attribute 'timed_out_until'
Ignoring exception in on_member_update
Traceback (most recent call last):
  File "/usr/local/lib/python3.12/site-packages/discord/client.py", line 465, in _run_event
    await coro(*args, **kwargs)
  File "/app/asu_discord/cogs/analytics.py", line 652, in on_member_update
    before_timeout = before.timed_out_until
                     ^^^^^^^^^^^^^^^^^^^^^^
AttributeError: 'Member' object has no attribute 'timed_out_until'
Ignoring exception in on_member_update
Traceback (most recent call last):
  File "/usr/local/lib/python3.12/site-packages/discord/client.py", line 465, in _run_event
    await coro(*args, **kwargs)
  File "/app/asu_discord/cogs/analytics.py", line 652, in on_member_update
    before_timeout = before.timed_out_until
                     ^^^^^^^^^^^^^^^^^^^^^^
AttributeError: 'Member' object has no attribute 'timed_out_until'
Ignoring exception in on_member_update
Traceback (most recent call last):
  File "/usr/local/lib/python3.12/site-packages/discord/client.py", line 465, in _run_event
    await coro(*args, **kwargs)
  File "/app/asu_discord/cogs/analytics.py", line 652, in on_member_update
    before_timeout = before.timed_out_until
                     ^^^^^^^^^^^^^^^^^^^^^^
AttributeError: 'Member' object has no attribute 'timed_out_until'
INFO:asu_discord.cogs.verification:Saved 4 roles to database for user thigson (Discord ID: 719302925578534952)
INFO:asu_discord.cogs.verification:Refreshed Salesforce roles for Discord user 719302925578534952: -4/+4 roles, assigned=[First Year, Out of State, Tempe, W.P. Carey School of Business]
Ignoring exception in on_member_update
Traceback (most recent call last):
  File "/usr/local/lib/python3.12/site-packages/discord/client.py", line 465, in _run_event
    await coro(*args, **kwargs)
  File "/app/asu_discord/cogs/analytics.py", line 652, in on_member_update
    before_timeout = before.timed_out_until
                     ^^^^^^^^^^^^^^^^^^^^^^
AttributeError: 'Member' object has no attribute 'timed_out_until'
INFO:asu_discord.cogs.verification:Saved 1 roles to database for user jdankows (Discord ID: 640733636580212776)
INFO:asu_discord.cogs.verification:Refreshed Salesforce roles for Discord user 640733636580212776: -1/+0 roles, assigned=[Out of State]
Ignoring exception in on_member_update
Traceback (most recent call last):
  File "/usr/local/lib/python3.12/site-packages/discord/client.py", line 465, in _run_event
    await coro(*args, **kwargs)
  File "/app/asu_discord/cogs/analytics.py", line 652, in on_member_update
    before_timeout = before.timed_out_until
                     ^^^^^^^^^^^^^^^^^^^^^^
AttributeError: 'Member' object has no attribute 'timed_out_until'
Ignoring exception in on_member_update
Traceback (most recent call last):
  File "/usr/local/lib/python3.12/site-packages/discord/client.py", line 465, in _run_event
    await coro(*args, **kwargs)
  File "/app/asu_discord/cogs/analytics.py", line 652, in on_member_update
    before_timeout = before.timed_out_until
                     ^^^^^^^^^^^^^^^^^^^^^^
AttributeError: 'Member' object has no attribute 'timed_out_until'
Ignoring exception in on_member_update
Traceback (most recent call last):
  File "/usr/local/lib/python3.12/site-packages/discord/client.py", line 465, in _run_event
    await coro(*args, **kwargs)
  File "/app/asu_discord/cogs/analytics.py", line 652, in on_member_update
    before_timeout = before.timed_out_until
                     ^^^^^^^^^^^^^^^^^^^^^^
AttributeError: 'Member' object has no attribute 'timed_out_until'
Ignoring exception in on_member_update
Traceback (most recent call last):
  File "/usr/local/lib/python3.12/site-packages/discord/client.py", line 465, in _run_event
    await coro(*args, **kwargs)
  File "/app/asu_discord/cogs/analytics.py", line 652, in on_member_update
    before_timeout = before.timed_out_until
                     ^^^^^^^^^^^^^^^^^^^^^^
AttributeError: 'Member' object has no attribute 'timed_out_until'
Ignoring exception in on_member_update
Traceback (most recent call last):
  File "/usr/local/lib/python3.12/site-packages/discord/client.py", line 465, in _run_event
    await coro(*args, **kwargs)
  File "/app/asu_discord/cogs/analytics.py", line 652, in on_member_update
    before_timeout = before.timed_out_until
                     ^^^^^^^^^^^^^^^^^^^^^^
AttributeError: 'Member' object has no attribute 'timed_out_until'
Ignoring exception in on_member_update
Traceback (most recent call last):
  File "/usr/local/lib/python3.12/site-packages/discord/client.py", line 465, in _run_event
    await coro(*args, **kwargs)
  File "/app/asu_discord/cogs/analytics.py", line 652, in on_member_update
    before_timeout = before.timed_out_until
                     ^^^^^^^^^^^^^^^^^^^^^^
AttributeError: 'Member' object has no attribute 'timed_out_until'
Ignoring exception in on_member_update
Traceback (most recent call last):
  File "/usr/local/lib/python3.12/site-packages/discord/client.py", line 465, in _run_event
    await coro(*args, **kwargs)
  File "/app/asu_discord/cogs/analytics.py", line 652, in on_member_update
    before_timeout = before.timed_out_until
                     ^^^^^^^^^^^^^^^^^^^^^^
AttributeError: 'Member' object has no attribute 'timed_out_until'
Ignoring exception in on_member_update
Traceback (most recent call last):
  File "/usr/local/lib/python3.12/site-packages/discord/client.py", line 465, in _run_event
    await coro(*args, **kwargs)
  File "/app/asu_discord/cogs/analytics.py", line 652, in on_member_update
    before_timeout = before.timed_out_until
                     ^^^^^^^^^^^^^^^^^^^^^^
AttributeError: 'Member' object has no attribute 'timed_out_until'
Ignoring exception in on_member_update
Traceback (most recent call last):
  File "/usr/local/lib/python3.12/site-packages/discord/client.py", line 465, in _run_event
    await coro(*args, **kwargs)
  File "/app/asu_discord/cogs/analytics.py", line 652, in on_member_update
    before_timeout = before.timed_out_until
                     ^^^^^^^^^^^^^^^^^^^^^^
AttributeError: 'Member' object has no attribute 'timed_out_until'
INFO:asu_discord.cogs.verification:Saved 5 roles to database for user maorti28 (Discord ID: 1418054660488433836)
INFO:asu_discord.cogs.verification:Refreshed Salesforce roles for Discord user 1418054660488433836: -4/+5 roles, assigned=[Arizona Resident, First Year, Herberger Institute for Design and the Arts, Tempe, Upperclassmen]
Ignoring exception in on_member_update
Traceback (most recent call last):
  File "/usr/local/lib/python3.12/site-packages/discord/client.py", line 465, in _run_event
    await coro(*args, **kwargs)
  File "/app/asu_discord/cogs/analytics.py", line 652, in on_member_update
    before_timeout = before.timed_out_until
                     ^^^^^^^^^^^^^^^^^^^^^^
AttributeError: 'Member' object has no attribute 'timed_out_until'
Ignoring exception in on_member_update
Traceback (most recent call last):
  File "/usr/local/lib/python3.12/site-packages/discord/client.py", line 465, in _run_event
    await coro(*args, **kwargs)
  File "/app/asu_discord/cogs/analytics.py", line 652, in on_member_update
    before_timeout = before.timed_out_until
                     ^^^^^^^^^^^^^^^^^^^^^^
AttributeError: 'Member' object has no attribute 'timed_out_until'
Ignoring exception in on_member_update
Traceback (most recent call last):
  File "/usr/local/lib/python3.12/site-packages/discord/client.py", line 465, in _run_event
    await coro(*args, **kwargs)
  File "/app/asu_discord/cogs/analytics.py", line 652, in on_member_update
    before_timeout = before.timed_out_until
                     ^^^^^^^^^^^^^^^^^^^^^^
AttributeError: 'Member' object has no attribute 'timed_out_until'
Ignoring exception in on_member_update
Traceback (most recent call last):
  File "/usr/local/lib/python3.12/site-packages/discord/client.py", line 465, in _run_event
    await coro(*args, **kwargs)
  File "/app/asu_discord/cogs/analytics.py", line 652, in on_member_update
    before_timeout = before.timed_out_until
                     ^^^^^^^^^^^^^^^^^^^^^^
AttributeError: 'Member' object has no attribute 'timed_out_until'
Ignoring exception in on_member_update
Traceback (most recent call last):
  File "/usr/local/lib/python3.12/site-packages/discord/client.py", line 465, in _run_event
    await coro(*args, **kwargs)
  File "/app/asu_discord/cogs/analytics.py", line 652, in on_member_update
    before_timeout = before.timed_out_until
                     ^^^^^^^^^^^^^^^^^^^^^^
AttributeError: 'Member' object has no attribute 'timed_out_until'
Ignoring exception in on_member_update
Traceback (most recent call last):
  File "/usr/local/lib/python3.12/site-packages/discord/client.py", line 465, in _run_event
    await coro(*args, **kwargs)
  File "/app/asu_discord/cogs/analytics.py", line 652, in on_member_update
    before_timeout = before.timed_out_until
                     ^^^^^^^^^^^^^^^^^^^^^^
AttributeError: 'Member' object has no attribute 'timed_out_until'
Ignoring exception in on_member_update
Traceback (most recent call last):
  File "/usr/local/lib/python3.12/site-packages/discord/client.py", line 465, in _run_event
    await coro(*args, **kwargs)
  File "/app/asu_discord/cogs/analytics.py", line 652, in on_member_update
    before_timeout = before.timed_out_until
                     ^^^^^^^^^^^^^^^^^^^^^^
AttributeError: 'Member' object has no attribute 'timed_out_until'
Ignoring exception in on_member_update
Traceback (most recent call last):
  File "/usr/local/lib/python3.12/site-packages/discord/client.py", line 465, in _run_event
    await coro(*args, **kwargs)
  File "/app/asu_discord/cogs/analytics.py", line 652, in on_member_update
    before_timeout = before.timed_out_until
                     ^^^^^^^^^^^^^^^^^^^^^^
AttributeError: 'Member' object has no attribute 'timed_out_until'
Ignoring exception in on_member_update
Traceback (most recent call last):
  File "/usr/local/lib/python3.12/site-packages/discord/client.py", line 465, in _run_event
    await coro(*args, **kwargs)
  File "/app/asu_discord/cogs/analytics.py", line 652, in on_member_update
    before_timeout = before.timed_out_until
                     ^^^^^^^^^^^^^^^^^^^^^^
AttributeError: 'Member' object has no attribute 'timed_out_until'
INFO:asu_discord.cogs.verification:Saved 5 roles to database for user aeolsen2 (Discord ID: 796564919839227946)
INFO:asu_discord.cogs.verification:Refreshed Salesforce roles for Discord user 796564919839227946: -4/+5 roles, assigned=[Arizona Resident, Commited, Herberger Institute for Design and the Arts, Tempe, Transfer Student]
ERROR:cron.jobs:refresh_salesforce_roles: failed for siwata1 (Discord ID 695986147914153994): Failed to refresh Salesforce-based roles: Discord user 695986147914153994 is not a member of the guild
Ignoring exception in on_member_update
Traceback (most recent call last):
  File "/usr/local/lib/python3.12/site-packages/discord/client.py", line 465, in _run_event
    await coro(*args, **kwargs)
  File "/app/asu_discord/cogs/analytics.py", line 652, in on_member_update
    before_timeout = before.timed_out_until
                     ^^^^^^^^^^^^^^^^^^^^^^
AttributeError: 'Member' object has no attribute 'timed_out_until'
Ignoring exception in on_member_update
Traceback (most recent call last):
  File "/usr/local/lib/python3.12/site-packages/discord/client.py", line 465, in _run_event
    await coro(*args, **kwargs)
  File "/app/asu_discord/cogs/analytics.py", line 652, in on_member_update
    before_timeout = before.timed_out_until
                     ^^^^^^^^^^^^^^^^^^^^^^
AttributeError: 'Member' object has no attribute 'timed_out_until'
Ignoring exception in on_member_update
Traceback (most recent call last):
  File "/usr/local/lib/python3.12/site-packages/discord/client.py", line 465, in _run_event
    await coro(*args, **kwargs)
  File "/app/asu_discord/cogs/analytics.py", line 652, in on_member_update
    before_timeout = before.timed_out_until
                     ^^^^^^^^^^^^^^^^^^^^^^
AttributeError: 'Member' object has no attribute 'timed_out_until'
Ignoring exception in on_member_update
Traceback (most recent call last):
  File "/usr/local/lib/python3.12/site-packages/discord/client.py", line 465, in _run_event
    await coro(*args, **kwargs)
  File "/app/asu_discord/cogs/analytics.py", line 652, in on_member_update
    before_timeout = before.timed_out_until
                     ^^^^^^^^^^^^^^^^^^^^^^
AttributeError: 'Member' object has no attribute 'timed_out_until'
Ignoring exception in on_member_update
Traceback (most recent call last):
  File "/usr/local/lib/python3.12/site-packages/discord/client.py", line 465, in _run_event
    await coro(*args, **kwargs)
  File "/app/asu_discord/cogs/analytics.py", line 652, in on_member_update
    before_timeout = before.timed_out_until
                     ^^^^^^^^^^^^^^^^^^^^^^
AttributeError: 'Member' object has no attribute 'timed_out_until'
Ignoring exception in on_member_update
Traceback (most recent call last):
  File "/usr/local/lib/python3.12/site-packages/discord/client.py", line 465, in _run_event
    await coro(*args, **kwargs)
  File "/app/asu_discord/cogs/analytics.py", line 652, in on_member_update
    before_timeout = before.timed_out_until
                     ^^^^^^^^^^^^^^^^^^^^^^
AttributeError: 'Member' object has no attribute 'timed_out_until'
Ignoring exception in on_member_update
Traceback (most recent call last):
  File "/usr/local/lib/python3.12/site-packages/discord/client.py", line 465, in _run_event
    await coro(*args, **kwargs)
  File "/app/asu_discord/cogs/analytics.py", line 652, in on_member_update
    before_timeout = before.timed_out_until
                     ^^^^^^^^^^^^^^^^^^^^^^
AttributeError: 'Member' object has no attribute 'timed_out_until'
Ignoring exception in on_member_update
Traceback (most recent call last):
  File "/usr/local/lib/python3.12/site-packages/discord/client.py", line 465, in _run_event
    await coro(*args, **kwargs)
  File "/app/asu_discord/cogs/analytics.py", line 652, in on_member_update
    before_timeout = before.timed_out_until
                     ^^^^^^^^^^^^^^^^^^^^^^
AttributeError: 'Member' object has no attribute 'timed_out_until'
Ignoring exception in on_member_update
Traceback (most recent call last):
  File "/usr/local/lib/python3.12/site-packages/discord/client.py", line 465, in _run_event
    await coro(*args, **kwargs)
  File "/app/asu_discord/cogs/analytics.py", line 652, in on_member_update
    before_timeout = before.timed_out_until
                     ^^^^^^^^^^^^^^^^^^^^^^
AttributeError: 'Member' object has no attribute 'timed_out_until'
Ignoring exception in on_member_update
Traceback (most recent call last):
  File "/usr/local/lib/python3.12/site-packages/discord/client.py", line 465, in _run_event
    await coro(*args, **kwargs)
  File "/app/asu_discord/cogs/analytics.py", line 652, in on_member_update
    before_timeout = before.timed_out_until
                     ^^^^^^^^^^^^^^^^^^^^^^
AttributeError: 'Member' object has no attribute 'timed_out_until'
INFO:asu_discord.cogs.verification:Saved 5 roles to database for user sallis13 (Discord ID: 1458231047799046338)
INFO:asu_discord.cogs.verification:Refreshed Salesforce roles for Discord user 1458231047799046338: -5/+5 roles, assigned=[College of Liberal Arts and Sciences, Commited, Out of State, Tempe, Transfer Student]
ERROR:cron.jobs:refresh_salesforce_roles: failed for bvvaghel (Discord ID 794789330370691112): Failed to refresh Salesforce-based roles: Discord user 794789330370691112 is not a member of the guild
ERROR:cron.jobs:refresh_salesforce_roles: failed for msalbatt (Discord ID 1352477458418499715): Failed to refresh Salesforce-based roles: Discord user 1352477458418499715 is not a member of the guild
Ignoring exception in on_member_update
Traceback (most recent call last):
  File "/usr/local/lib/python3.12/site-packages/discord/client.py", line 465, in _run_event
    await coro(*args, **kwargs)
  File "/app/asu_discord/cogs/analytics.py", line 652, in on_member_update
    before_timeout = before.timed_out_until
                     ^^^^^^^^^^^^^^^^^^^^^^
AttributeError: 'Member' object has no attribute 'timed_out_until'
Ignoring exception in on_member_update
Traceback (most recent call last):
  File "/usr/local/lib/python3.12/site-packages/discord/client.py", line 465, in _run_event
    await coro(*args, **kwargs)
  File "/app/asu_discord/cogs/analytics.py", line 652, in on_member_update
    before_timeout = before.timed_out_until
                     ^^^^^^^^^^^^^^^^^^^^^^
AttributeError: 'Member' object has no attribute 'timed_out_until'
Ignoring exception in on_member_update
Traceback (most recent call last):
  File "/usr/local/lib/python3.12/site-packages/discord/client.py", line 465, in _run_event
    await coro(*args, **kwargs)
  File "/app/asu_discord/cogs/analytics.py", line 652, in on_member_update
    before_timeout = before.timed_out_until
                     ^^^^^^^^^^^^^^^^^^^^^^
AttributeError: 'Member' object has no attribute 'timed_out_until'
Ignoring exception in on_member_update
Traceback (most recent call last):
  File "/usr/local/lib/python3.12/site-packages/discord/client.py", line 465, in _run_event
    await coro(*args, **kwargs)
  File "/app/asu_discord/cogs/analytics.py", line 652, in on_member_update
    before_timeout = before.timed_out_until
                     ^^^^^^^^^^^^^^^^^^^^^^
AttributeError: 'Member' object has no attribute 'timed_out_until'
Ignoring exception in on_member_update
Traceback (most recent call last):
  File "/usr/local/lib/python3.12/site-packages/discord/client.py", line 465, in _run_event
    await coro(*args, **kwargs)
  File "/app/asu_discord/cogs/analytics.py", line 652, in on_member_update
    before_timeout = before.timed_out_until
                     ^^^^^^^^^^^^^^^^^^^^^^
AttributeError: 'Member' object has no attribute 'timed_out_until'
Ignoring exception in on_member_update
Traceback (most recent call last):
  File "/usr/local/lib/python3.12/site-packages/discord/client.py", line 465, in _run_event
    await coro(*args, **kwargs)
  File "/app/asu_discord/cogs/analytics.py", line 652, in on_member_update
    before_timeout = before.timed_out_until
                     ^^^^^^^^^^^^^^^^^^^^^^
AttributeError: 'Member' object has no attribute 'timed_out_until'
Ignoring exception in on_member_update
Traceback (most recent call last):
  File "/usr/local/lib/python3.12/site-packages/discord/client.py", line 465, in _run_event
    await coro(*args, **kwargs)
  File "/app/asu_discord/cogs/analytics.py", line 652, in on_member_update
    before_timeout = before.timed_out_until
                     ^^^^^^^^^^^^^^^^^^^^^^
AttributeError: 'Member' object has no attribute 'timed_out_until'
Ignoring exception in on_member_update
Traceback (most recent call last):
  File "/usr/local/lib/python3.12/site-packages/discord/client.py", line 465, in _run_event
    await coro(*args, **kwargs)
  File "/app/asu_discord/cogs/analytics.py", line 652, in on_member_update
    before_timeout = before.timed_out_until
                     ^^^^^^^^^^^^^^^^^^^^^^
AttributeError: 'Member' object has no attribute 'timed_out_until'
Ignoring exception in on_member_update
Traceback (most recent call last):
  File "/usr/local/lib/python3.12/site-packages/discord/client.py", line 465, in _run_event
    await coro(*args, **kwargs)
  File "/app/asu_discord/cogs/analytics.py", line 652, in on_member_update
    before_timeout = before.timed_out_until
                     ^^^^^^^^^^^^^^^^^^^^^^
AttributeError: 'Member' object has no attribute 'timed_out_until'
Ignoring exception in on_member_update
Traceback (most recent call last):
  File "/usr/local/lib/python3.12/site-packages/discord/client.py", line 465, in _run_event
    await coro(*args, **kwargs)
  File "/app/asu_discord/cogs/analytics.py", line 652, in on_member_update
    before_timeout = before.timed_out_until
                     ^^^^^^^^^^^^^^^^^^^^^^
AttributeError: 'Member' object has no attribute 'timed_out_until'
INFO:asu_discord.cogs.verification:Saved 5 roles to database for user egoyal1 (Discord ID: 765553733039816726)
INFO:asu_discord.cogs.verification:Refreshed Salesforce roles for Discord user 765553733039816726: -5/+5 roles, assigned=[Commited, First Year, International Student, Ira A. Fulton Schools of Engineering, Tempe]
ERROR:cron.jobs:refresh_salesforce_roles: failed for omercha1 (Discord ID 1009875784699228170): Failed to refresh Salesforce-based roles: Discord user 1009875784699228170 is not a member of the guild
Ignoring exception in on_member_update
Traceback (most recent call last):
  File "/usr/local/lib/python3.12/site-packages/discord/client.py", line 465, in _run_event
    await coro(*args, **kwargs)
  File "/app/asu_discord/cogs/analytics.py", line 652, in on_member_update
    before_timeout = before.timed_out_until
                     ^^^^^^^^^^^^^^^^^^^^^^
AttributeError: 'Member' object has no attribute 'timed_out_until'
Ignoring exception in on_member_update
Traceback (most recent call last):
  File "/usr/local/lib/python3.12/site-packages/discord/client.py", line 465, in _run_event
    await coro(*args, **kwargs)
  File "/app/asu_discord/cogs/analytics.py", line 652, in on_member_update
    before_timeout = before.timed_out_until
                     ^^^^^^^^^^^^^^^^^^^^^^
AttributeError: 'Member' object has no attribute 'timed_out_until'
Ignoring exception in on_member_update
Traceback (most recent call last):
  File "/usr/local/lib/python3.12/site-packages/discord/client.py", line 465, in _run_event
    await coro(*args, **kwargs)
  File "/app/asu_discord/cogs/analytics.py", line 652, in on_member_update
    before_timeout = before.timed_out_until
                     ^^^^^^^^^^^^^^^^^^^^^^
AttributeError: 'Member' object has no attribute 'timed_out_until'
Ignoring exception in on_member_update
Traceback (most recent call last):
  File "/usr/local/lib/python3.12/site-packages/discord/client.py", line 465, in _run_event
    await coro(*args, **kwargs)
  File "/app/asu_discord/cogs/analytics.py", line 652, in on_member_update
    before_timeout = before.timed_out_until
                     ^^^^^^^^^^^^^^^^^^^^^^
AttributeError: 'Member' object has no attribute 'timed_out_until'
Ignoring exception in on_member_update
Traceback (most recent call last):
  File "/usr/local/lib/python3.12/site-packages/discord/client.py", line 465, in _run_event
    await coro(*args, **kwargs)
  File "/app/asu_discord/cogs/analytics.py", line 652, in on_member_update
    before_timeout = before.timed_out_until
                     ^^^^^^^^^^^^^^^^^^^^^^
AttributeError: 'Member' object has no attribute 'timed_out_until'
Ignoring exception in on_member_update
Traceback (most recent call last):
  File "/usr/local/lib/python3.12/site-packages/discord/client.py", line 465, in _run_event
    await coro(*args, **kwargs)
  File "/app/asu_discord/cogs/analytics.py", line 652, in on_member_update
    before_timeout = before.timed_out_until
                     ^^^^^^^^^^^^^^^^^^^^^^
AttributeError: 'Member' object has no attribute 'timed_out_until'
Ignoring exception in on_member_update
Traceback (most recent call last):
  File "/usr/local/lib/python3.12/site-packages/discord/client.py", line 465, in _run_event
    await coro(*args, **kwargs)
  File "/app/asu_discord/cogs/analytics.py", line 652, in on_member_update
    before_timeout = before.timed_out_until
                     ^^^^^^^^^^^^^^^^^^^^^^
AttributeError: 'Member' object has no attribute 'timed_out_until'
Ignoring exception in on_member_update
Traceback (most recent call last):
  File "/usr/local/lib/python3.12/site-packages/discord/client.py", line 465, in _run_event
    await coro(*args, **kwargs)
  File "/app/asu_discord/cogs/analytics.py", line 652, in on_member_update
    before_timeout = before.timed_out_until
                     ^^^^^^^^^^^^^^^^^^^^^^
AttributeError: 'Member' object has no attribute 'timed_out_until'
Ignoring exception in on_member_update
Traceback (most recent call last):
  File "/usr/local/lib/python3.12/site-packages/discord/client.py", line 465, in _run_event
    await coro(*args, **kwargs)
  File "/app/asu_discord/cogs/analytics.py", line 652, in on_member_update
    before_timeout = before.timed_out_until
                     ^^^^^^^^^^^^^^^^^^^^^^
AttributeError: 'Member' object has no attribute 'timed_out_until'
Ignoring exception in on_member_update
Traceback (most recent call last):
  File "/usr/local/lib/python3.12/site-packages/discord/client.py", line 465, in _run_event
    await coro(*args, **kwargs)
  File "/app/asu_discord/cogs/analytics.py", line 652, in on_member_update
    before_timeout = before.timed_out_until
                     ^^^^^^^^^^^^^^^^^^^^^^
AttributeError: 'Member' object has no attribute 'timed_out_until'
INFO:asu_discord.cogs.verification:Saved 5 roles to database for user vzpospis (Discord ID: 627999021755138048)
INFO:asu_discord.cogs.verification:Refreshed Salesforce roles for Discord user 627999021755138048: -5/+5 roles, assigned=[Commited, Downtown Phoenix, First Year, Out of State, Walter Cronkite School of Journalism and Mass Communication]
Ignoring exception in on_member_update
Traceback (most recent call last):
  File "/usr/local/lib/python3.12/site-packages/discord/client.py", line 465, in _run_event
    await coro(*args, **kwargs)
  File "/app/asu_discord/cogs/analytics.py", line 652, in on_member_update
    before_timeout = before.timed_out_until
                     ^^^^^^^^^^^^^^^^^^^^^^
AttributeError: 'Member' object has no attribute 'timed_out_until'
Ignoring exception in on_member_update
Traceback (most recent call last):
  File "/usr/local/lib/python3.12/site-packages/discord/client.py", line 465, in _run_event
    await coro(*args, **kwargs)
  File "/app/asu_discord/cogs/analytics.py", line 652, in on_member_update
    before_timeout = before.timed_out_until
                     ^^^^^^^^^^^^^^^^^^^^^^
AttributeError: 'Member' object has no attribute 'timed_out_until'
Ignoring exception in on_member_update
Traceback (most recent call last):
  File "/usr/local/lib/python3.12/site-packages/discord/client.py", line 465, in _run_event
    await coro(*args, **kwargs)
  File "/app/asu_discord/cogs/analytics.py", line 652, in on_member_update
    before_timeout = before.timed_out_until
                     ^^^^^^^^^^^^^^^^^^^^^^
AttributeError: 'Member' object has no attribute 'timed_out_until'
Ignoring exception in on_member_update
Traceback (most recent call last):
  File "/usr/local/lib/python3.12/site-packages/discord/client.py", line 465, in _run_event
    await coro(*args, **kwargs)
  File "/app/asu_discord/cogs/analytics.py", line 652, in on_member_update
    before_timeout = before.timed_out_until
                     ^^^^^^^^^^^^^^^^^^^^^^
AttributeError: 'Member' object has no attribute 'timed_out_until'
Ignoring exception in on_member_update
Traceback (most recent call last):
  File "/usr/local/lib/python3.12/site-packages/discord/client.py", line 465, in _run_event
    await coro(*args, **kwargs)
  File "/app/asu_discord/cogs/analytics.py", line 652, in on_member_update
    before_timeout = before.timed_out_until
                     ^^^^^^^^^^^^^^^^^^^^^^
AttributeError: 'Member' object has no attribute 'timed_out_until'
Ignoring exception in on_member_update
Traceback (most recent call last):
  File "/usr/local/lib/python3.12/site-packages/discord/client.py", line 465, in _run_event
    await coro(*args, **kwargs)
  File "/app/asu_discord/cogs/analytics.py", line 652, in on_member_update
    before_timeout = before.timed_out_until
                     ^^^^^^^^^^^^^^^^^^^^^^
AttributeError: 'Member' object has no attribute 'timed_out_until'
Ignoring exception in on_member_update
Traceback (most recent call last):
  File "/usr/local/lib/python3.12/site-packages/discord/client.py", line 465, in _run_event
    await coro(*args, **kwargs)
  File "/app/asu_discord/cogs/analytics.py", line 652, in on_member_update
    before_timeout = before.timed_out_until
                     ^^^^^^^^^^^^^^^^^^^^^^
AttributeError: 'Member' object has no attribute 'timed_out_until'
Ignoring exception in on_member_update
Traceback (most recent call last):
  File "/usr/local/lib/python3.12/site-packages/discord/client.py", line 465, in _run_event
    await coro(*args, **kwargs)
  File "/app/asu_discord/cogs/analytics.py", line 652, in on_member_update
    before_timeout = before.timed_out_until
                     ^^^^^^^^^^^^^^^^^^^^^^
AttributeError: 'Member' object has no attribute 'timed_out_until'
Ignoring exception in on_member_update
Traceback (most recent call last):
  File "/usr/local/lib/python3.12/site-packages/discord/client.py", line 465, in _run_event
    await coro(*args, **kwargs)
  File "/app/asu_discord/cogs/analytics.py", line 652, in on_member_update
    before_timeout = before.timed_out_until
                     ^^^^^^^^^^^^^^^^^^^^^^
AttributeError: 'Member' object has no attribute 'timed_out_until'
Ignoring exception in on_member_update
Traceback (most recent call last):
  File "/usr/local/lib/python3.12/site-packages/discord/client.py", line 465, in _run_event
    await coro(*args, **kwargs)
  File "/app/asu_discord/cogs/analytics.py", line 652, in on_member_update
    before_timeout = before.timed_out_until
                     ^^^^^^^^^^^^^^^^^^^^^^
AttributeError: 'Member' object has no attribute 'timed_out_until'
ERROR:cron.jobs:refresh_salesforce_roles: failed for llopeza3 (Discord ID 1448133754248892416): Timed out refresh Salesforce-based roles
Ignoring exception in on_member_update
Traceback (most recent call last):
  File "/usr/local/lib/python3.12/site-packages/discord/client.py", line 465, in _run_event
    await coro(*args, **kwargs)
  File "/app/asu_discord/cogs/analytics.py", line 652, in on_member_update
    before_timeout = before.timed_out_until
                     ^^^^^^^^^^^^^^^^^^^^^^
AttributeError: 'Member' object has no attribute 'timed_out_until'
Ignoring exception in on_member_update
Traceback (most recent call last):
  File "/usr/local/lib/python3.12/site-packages/discord/client.py", line 465, in _run_event
    await coro(*args, **kwargs)
  File "/app/asu_discord/cogs/analytics.py", line 652, in on_member_update
    before_timeout = before.timed_out_until
                     ^^^^^^^^^^^^^^^^^^^^^^
AttributeError: 'Member' object has no attribute 'timed_out_until'
Ignoring exception in on_member_update
Traceback (most recent call last):
  File "/usr/local/lib/python3.12/site-packages/discord/client.py", line 465, in _run_event
    await coro(*args, **kwargs)
  File "/app/asu_discord/cogs/analytics.py", line 652, in on_member_update
    before_timeout = before.timed_out_until
                     ^^^^^^^^^^^^^^^^^^^^^^
AttributeError: 'Member' object has no attribute 'timed_out_until'
Ignoring exception in on_member_update
Traceback (most recent call last):
  File "/usr/local/lib/python3.12/site-packages/discord/client.py", line 465, in _run_event
    await coro(*args, **kwargs)
  File "/app/asu_discord/cogs/analytics.py", line 652, in on_member_update
    before_timeout = before.timed_out_until
                     ^^^^^^^^^^^^^^^^^^^^^^
AttributeError: 'Member' object has no attribute 'timed_out_until'
Ignoring exception in on_member_update
Traceback (most recent call last):
  File "/usr/local/lib/python3.12/site-packages/discord/client.py", line 465, in _run_event
    await coro(*args, **kwargs)
  File "/app/asu_discord/cogs/analytics.py", line 652, in on_member_update
    before_timeout = before.timed_out_until
                     ^^^^^^^^^^^^^^^^^^^^^^
AttributeError: 'Member' object has no attribute 'timed_out_until'
Ignoring exception in on_member_update
Traceback (most recent call last):
  File "/usr/local/lib/python3.12/site-packages/discord/client.py", line 465, in _run_event
    await coro(*args, **kwargs)
  File "/app/asu_discord/cogs/analytics.py", line 652, in on_member_update
    before_timeout = before.timed_out_until
                     ^^^^^^^^^^^^^^^^^^^^^^
AttributeError: 'Member' object has no attribute 'timed_out_until'
Ignoring exception in on_member_update
Traceback (most recent call last):
  File "/usr/local/lib/python3.12/site-packages/discord/client.py", line 465, in _run_event
    await coro(*args, **kwargs)
  File "/app/asu_discord/cogs/analytics.py", line 652, in on_member_update
    before_timeout = before.timed_out_until
                     ^^^^^^^^^^^^^^^^^^^^^^
AttributeError: 'Member' object has no attribute 'timed_out_until'
Ignoring exception in on_member_update
Traceback (most recent call last):
  File "/usr/local/lib/python3.12/site-packages/discord/client.py", line 465, in _run_event
    await coro(*args, **kwargs)
  File "/app/asu_discord/cogs/analytics.py", line 652, in on_member_update
    before_timeout = before.timed_out_until
                     ^^^^^^^^^^^^^^^^^^^^^^
AttributeError: 'Member' object has no attribute 'timed_out_until'
Ignoring exception in on_member_update
Traceback (most recent call last):
  File "/usr/local/lib/python3.12/site-packages/discord/client.py", line 465, in _run_event
    await coro(*args, **kwargs)
  File "/app/asu_discord/cogs/analytics.py", line 652, in on_member_update
    before_timeout = before.timed_out_until
                     ^^^^^^^^^^^^^^^^^^^^^^
AttributeError: 'Member' object has no attribute 'timed_out_until'
Ignoring exception in on_member_update
Traceback (most recent call last):
  File "/usr/local/lib/python3.12/site-packages/discord/client.py", line 465, in _run_event
    await coro(*args, **kwargs)
  File "/app/asu_discord/cogs/analytics.py", line 652, in on_member_update
    before_timeout = before.timed_out_until
                     ^^^^^^^^^^^^^^^^^^^^^^
AttributeError: 'Member' object has no attribute 'timed_out_until'
INFO:asu_discord.cogs.verification:Saved 5 roles to database for user joelkiaw (Discord ID: 1362761452364103743)
INFO:asu_discord.cogs.verification:Refreshed Salesforce roles for Discord user 1362761452364103743: -5/+5 roles, assigned=[College of Global Futures, First Generation Student, Graduate Student, International Student, Tempe]
Ignoring exception in on_member_update
Traceback (most recent call last):
  File "/usr/local/lib/python3.12/site-packages/discord/client.py", line 465, in _run_event
    await coro(*args, **kwargs)
  File "/app/asu_discord/cogs/analytics.py", line 652, in on_member_update
    before_timeout = before.timed_out_until
                     ^^^^^^^^^^^^^^^^^^^^^^
AttributeError: 'Member' object has no attribute 'timed_out_until'
Ignoring exception in on_member_update
Traceback (most recent call last):
  File "/usr/local/lib/python3.12/site-packages/discord/client.py", line 465, in _run_event
    await coro(*args, **kwargs)
  File "/app/asu_discord/cogs/analytics.py", line 652, in on_member_update
    before_timeout = before.timed_out_until
                     ^^^^^^^^^^^^^^^^^^^^^^
AttributeError: 'Member' object has no attribute 'timed_out_until'
Ignoring exception in on_member_update
Traceback (most recent call last):
  File "/usr/local/lib/python3.12/site-packages/discord/client.py", line 465, in _run_event
    await coro(*args, **kwargs)
  File "/app/asu_discord/cogs/analytics.py", line 652, in on_member_update
    before_timeout = before.timed_out_until
                     ^^^^^^^^^^^^^^^^^^^^^^
AttributeError: 'Member' object has no attribute 'timed_out_until'
Ignoring exception in on_member_update
Traceback (most recent call last):
  File "/usr/local/lib/python3.12/site-packages/discord/client.py", line 465, in _run_event
    await coro(*args, **kwargs)
  File "/app/asu_discord/cogs/analytics.py", line 652, in on_member_update
    before_timeout = before.timed_out_until
                     ^^^^^^^^^^^^^^^^^^^^^^
AttributeError: 'Member' object has no attribute 'timed_out_until'
Ignoring exception in on_member_update
Traceback (most recent call last):
  File "/usr/local/lib/python3.12/site-packages/discord/client.py", line 465, in _run_event
    await coro(*args, **kwargs)
  File "/app/asu_discord/cogs/analytics.py", line 652, in on_member_update
    before_timeout = before.timed_out_until
                     ^^^^^^^^^^^^^^^^^^^^^^
AttributeError: 'Member' object has no attribute 'timed_out_until'
Ignoring exception in on_member_update
Traceback (most recent call last):
  File "/usr/local/lib/python3.12/site-packages/discord/client.py", line 465, in _run_event
    await coro(*args, **kwargs)
  File "/app/asu_discord/cogs/analytics.py", line 652, in on_member_update
    before_timeout = before.timed_out_until
                     ^^^^^^^^^^^^^^^^^^^^^^
AttributeError: 'Member' object has no attribute 'timed_out_until'
Ignoring exception in on_member_update
Traceback (most recent call last):
  File "/usr/local/lib/python3.12/site-packages/discord/client.py", line 465, in _run_event
    await coro(*args, **kwargs)
  File "/app/asu_discord/cogs/analytics.py", line 652, in on_member_update
    before_timeout = before.timed_out_until
                     ^^^^^^^^^^^^^^^^^^^^^^
AttributeError: 'Member' object has no attribute 'timed_out_until'
Ignoring exception in on_member_update
Traceback (most recent call last):
  File "/usr/local/lib/python3.12/site-packages/discord/client.py", line 465, in _run_event
    await coro(*args, **kwargs)
  File "/app/asu_discord/cogs/analytics.py", line 652, in on_member_update
    before_timeout = before.timed_out_until
                     ^^^^^^^^^^^^^^^^^^^^^^
AttributeError: 'Member' object has no attribute 'timed_out_until'
Ignoring exception in on_member_update
Traceback (most recent call last):
  File "/usr/local/lib/python3.12/site-packages/discord/client.py", line 465, in _run_event
    await coro(*args, **kwargs)
  File "/app/asu_discord/cogs/analytics.py", line 652, in on_member_update
    before_timeout = before.timed_out_until
                     ^^^^^^^^^^^^^^^^^^^^^^
AttributeError: 'Member' object has no attribute 'timed_out_until'
INFO:asu_discord.cogs.verification:Saved 5 roles to database for user cjgrif15 (Discord ID: 1081224805602316368)
INFO:asu_discord.cogs.verification:Refreshed Salesforce roles for Discord user 1081224805602316368: -4/+5 roles, assigned=[College of Liberal Arts and Sciences, Commited, First Year, International Student, Tempe]
Ignoring exception in on_member_update
Traceback (most recent call last):
  File "/usr/local/lib/python3.12/site-packages/discord/client.py", line 465, in _run_event
    await coro(*args, **kwargs)
  File "/app/asu_discord/cogs/analytics.py", line 652, in on_member_update
    before_timeout = before.timed_out_until
                     ^^^^^^^^^^^^^^^^^^^^^^
AttributeError: 'Member' object has no attribute 'timed_out_until'
Ignoring exception in on_member_update
Traceback (most recent call last):
  File "/usr/local/lib/python3.12/site-packages/discord/client.py", line 465, in _run_event
    await coro(*args, **kwargs)
  File "/app/asu_discord/cogs/analytics.py", line 652, in on_member_update
    before_timeout = before.timed_out_until
                     ^^^^^^^^^^^^^^^^^^^^^^
AttributeError: 'Member' object has no attribute 'timed_out_until'
Ignoring exception in on_member_update
Traceback (most recent call last):
  File "/usr/local/lib/python3.12/site-packages/discord/client.py", line 465, in _run_event
    await coro(*args, **kwargs)
  File "/app/asu_discord/cogs/analytics.py", line 652, in on_member_update
    before_timeout = before.timed_out_until
                     ^^^^^^^^^^^^^^^^^^^^^^
AttributeError: 'Member' object has no attribute 'timed_out_until'
Ignoring exception in on_member_update
Traceback (most recent call last):
  File "/usr/local/lib/python3.12/site-packages/discord/client.py", line 465, in _run_event
    await coro(*args, **kwargs)
  File "/app/asu_discord/cogs/analytics.py", line 652, in on_member_update
    before_timeout = before.timed_out_until
                     ^^^^^^^^^^^^^^^^^^^^^^
AttributeError: 'Member' object has no attribute 'timed_out_until'
Ignoring exception in on_member_update
Traceback (most recent call last):
  File "/usr/local/lib/python3.12/site-packages/discord/client.py", line 465, in _run_event
    await coro(*args, **kwargs)
  File "/app/asu_discord/cogs/analytics.py", line 652, in on_member_update
    before_timeout = before.timed_out_until
                     ^^^^^^^^^^^^^^^^^^^^^^
AttributeError: 'Member' object has no attribute 'timed_out_until'
Ignoring exception in on_member_update
Traceback (most recent call last):
  File "/usr/local/lib/python3.12/site-packages/discord/client.py", line 465, in _run_event
    await coro(*args, **kwargs)
  File "/app/asu_discord/cogs/analytics.py", line 652, in on_member_update
    before_timeout = before.timed_out_until
                     ^^^^^^^^^^^^^^^^^^^^^^
AttributeError: 'Member' object has no attribute 'timed_out_until'
Ignoring exception in on_member_update
Traceback (most recent call last):
  File "/usr/local/lib/python3.12/site-packages/discord/client.py", line 465, in _run_event
    await coro(*args, **kwargs)
  File "/app/asu_discord/cogs/analytics.py", line 652, in on_member_update
    before_timeout = before.timed_out_until
                     ^^^^^^^^^^^^^^^^^^^^^^
AttributeError: 'Member' object has no attribute 'timed_out_until'
Ignoring exception in on_member_update
Traceback (most recent call last):
  File "/usr/local/lib/python3.12/site-packages/discord/client.py", line 465, in _run_event
    await coro(*args, **kwargs)
  File "/app/asu_discord/cogs/analytics.py", line 652, in on_member_update
    before_timeout = before.timed_out_until
                     ^^^^^^^^^^^^^^^^^^^^^^
AttributeError: 'Member' object has no attribute 'timed_out_until'
Ignoring exception in on_member_update
Traceback (most recent call last):
  File "/usr/local/lib/python3.12/site-packages/discord/client.py", line 465, in _run_event
    await coro(*args, **kwargs)
  File "/app/asu_discord/cogs/analytics.py", line 652, in on_member_update
    before_timeout = before.timed_out_until
                     ^^^^^^^^^^^^^^^^^^^^^^
AttributeError: 'Member' object has no attribute 'timed_out_until'
INFO:asu_discord.cogs.verification:Saved 5 roles to database for user jtremb15 (Discord ID: 1440044364435947615)
INFO:asu_discord.cogs.verification:Refreshed Salesforce roles for Discord user 1440044364435947615: -5/+4 roles, assigned=[Arizona Resident, College of Liberal Arts and Sciences, First Generation Student, Graduate Student, Online]
Ignoring exception in on_member_update
Traceback (most recent call last):
  File "/usr/local/lib/python3.12/site-packages/discord/client.py", line 465, in _run_event
    await coro(*args, **kwargs)
  File "/app/asu_discord/cogs/analytics.py", line 652, in on_member_update
    before_timeout = before.timed_out_until
                     ^^^^^^^^^^^^^^^^^^^^^^
AttributeError: 'Member' object has no attribute 'timed_out_until'
Ignoring exception in on_member_update
Traceback (most recent call last):
  File "/usr/local/lib/python3.12/site-packages/discord/client.py", line 465, in _run_event
    await coro(*args, **kwargs)
  File "/app/asu_discord/cogs/analytics.py", line 652, in on_member_update
    before_timeout = before.timed_out_until
                     ^^^^^^^^^^^^^^^^^^^^^^
AttributeError: 'Member' object has no attribute 'timed_out_until'
Ignoring exception in on_member_update
Traceback (most recent call last):
  File "/usr/local/lib/python3.12/site-packages/discord/client.py", line 465, in _run_event
    await coro(*args, **kwargs)
  File "/app/asu_discord/cogs/analytics.py", line 652, in on_member_update
    before_timeout = before.timed_out_until
                     ^^^^^^^^^^^^^^^^^^^^^^
AttributeError: 'Member' object has no attribute 'timed_out_until'
Ignoring exception in on_member_update
Traceback (most recent call last):
  File "/usr/local/lib/python3.12/site-packages/discord/client.py", line 465, in _run_event
    await coro(*args, **kwargs)
  File "/app/asu_discord/cogs/analytics.py", line 652, in on_member_update
    before_timeout = before.timed_out_until
                     ^^^^^^^^^^^^^^^^^^^^^^
AttributeError: 'Member' object has no attribute 'timed_out_until'
Ignoring exception in on_member_update
Traceback (most recent call last):
  File "/usr/local/lib/python3.12/site-packages/discord/client.py", line 465, in _run_event
    await coro(*args, **kwargs)
  File "/app/asu_discord/cogs/analytics.py", line 652, in on_member_update
    before_timeout = before.timed_out_until
                     ^^^^^^^^^^^^^^^^^^^^^^
AttributeError: 'Member' object has no attribute 'timed_out_until'
Ignoring exception in on_member_update
Traceback (most recent call last):
  File "/usr/local/lib/python3.12/site-packages/discord/client.py", line 465, in _run_event
    await coro(*args, **kwargs)
  File "/app/asu_discord/cogs/analytics.py", line 652, in on_member_update
    before_timeout = before.timed_out_until
                     ^^^^^^^^^^^^^^^^^^^^^^
AttributeError: 'Member' object has no attribute 'timed_out_until'
Ignoring exception in on_member_update
Traceback (most recent call last):
  File "/usr/local/lib/python3.12/site-packages/discord/client.py", line 465, in _run_event
    await coro(*args, **kwargs)
  File "/app/asu_discord/cogs/analytics.py", line 652, in on_member_update
    before_timeout = before.timed_out_until
                     ^^^^^^^^^^^^^^^^^^^^^^
AttributeError: 'Member' object has no attribute 'timed_out_until'
Ignoring exception in on_member_update
Traceback (most recent call last):
  File "/usr/local/lib/python3.12/site-packages/discord/client.py", line 465, in _run_event
    await coro(*args, **kwargs)
  File "/app/asu_discord/cogs/analytics.py", line 652, in on_member_update
    before_timeout = before.timed_out_until
                     ^^^^^^^^^^^^^^^^^^^^^^
AttributeError: 'Member' object has no attribute 'timed_out_until'
Ignoring exception in on_member_update
Traceback (most recent call last):
  File "/usr/local/lib/python3.12/site-packages/discord/client.py", line 465, in _run_event
    await coro(*args, **kwargs)
  File "/app/asu_discord/cogs/analytics.py", line 652, in on_member_update
    before_timeout = before.timed_out_until
                     ^^^^^^^^^^^^^^^^^^^^^^
AttributeError: 'Member' object has no attribute 'timed_out_until'
Ignoring exception in on_member_update
Traceback (most recent call last):
  File "/usr/local/lib/python3.12/site-packages/discord/client.py", line 465, in _run_event
    await coro(*args, **kwargs)
  File "/app/asu_discord/cogs/analytics.py", line 652, in on_member_update
    before_timeout = before.timed_out_until
                     ^^^^^^^^^^^^^^^^^^^^^^
AttributeError: 'Member' object has no attribute 'timed_out_until'
INFO:asu_discord.cogs.verification:Saved 5 roles to database for user apower31 (Discord ID: 601544221073080343)
INFO:asu_discord.cogs.verification:Refreshed Salesforce roles for Discord user 601544221073080343: -5/+5 roles, assigned=[Arizona Resident, Commited, Graduate Student, New College of Interdisciplinary Arts and Sciences, West Valley]
Ignoring exception in on_member_update
Traceback (most recent call last):
  File "/usr/local/lib/python3.12/site-packages/discord/client.py", line 465, in _run_event
    await coro(*args, **kwargs)
  File "/app/asu_discord/cogs/analytics.py", line 652, in on_member_update
    before_timeout = before.timed_out_until
                     ^^^^^^^^^^^^^^^^^^^^^^
AttributeError: 'Member' object has no attribute 'timed_out_until'
Ignoring exception in on_member_update
Traceback (most recent call last):
  File "/usr/local/lib/python3.12/site-packages/discord/client.py", line 465, in _run_event
    await coro(*args, **kwargs)
  File "/app/asu_discord/cogs/analytics.py", line 652, in on_member_update
    before_timeout = before.timed_out_until
                     ^^^^^^^^^^^^^^^^^^^^^^
AttributeError: 'Member' object has no attribute 'timed_out_until'
Ignoring exception in on_member_update
Traceback (most recent call last):
  File "/usr/local/lib/python3.12/site-packages/discord/client.py", line 465, in _run_event
    await coro(*args, **kwargs)
  File "/app/asu_discord/cogs/analytics.py", line 652, in on_member_update
    before_timeout = before.timed_out_until
                     ^^^^^^^^^^^^^^^^^^^^^^
AttributeError: 'Member' object has no attribute 'timed_out_until'
Ignoring exception in on_member_update
Traceback (most recent call last):
  File "/usr/local/lib/python3.12/site-packages/discord/client.py", line 465, in _run_event
    await coro(*args, **kwargs)
  File "/app/asu_discord/cogs/analytics.py", line 652, in on_member_update
    before_timeout = before.timed_out_until
                     ^^^^^^^^^^^^^^^^^^^^^^
AttributeError: 'Member' object has no attribute 'timed_out_until'
Ignoring exception in on_member_update
Traceback (most recent call last):
  File "/usr/local/lib/python3.12/site-packages/discord/client.py", line 465, in _run_event
    await coro(*args, **kwargs)
  File "/app/asu_discord/cogs/analytics.py", line 652, in on_member_update
    before_timeout = before.timed_out_until
                     ^^^^^^^^^^^^^^^^^^^^^^
AttributeError: 'Member' object has no attribute 'timed_out_until'
Ignoring exception in on_member_update
Traceback (most recent call last):
  File "/usr/local/lib/python3.12/site-packages/discord/client.py", line 465, in _run_event
    await coro(*args, **kwargs)
  File "/app/asu_discord/cogs/analytics.py", line 652, in on_member_update
    before_timeout = before.timed_out_until
                     ^^^^^^^^^^^^^^^^^^^^^^
AttributeError: 'Member' object has no attribute 'timed_out_until'
Ignoring exception in on_member_update
Traceback (most recent call last):
  File "/usr/local/lib/python3.12/site-packages/discord/client.py", line 465, in _run_event
    await coro(*args, **kwargs)
  File "/app/asu_discord/cogs/analytics.py", line 652, in on_member_update
    before_timeout = before.timed_out_until
                     ^^^^^^^^^^^^^^^^^^^^^^
AttributeError: 'Member' object has no attribute 'timed_out_until'
Ignoring exception in on_member_update
Traceback (most recent call last):
  File "/usr/local/lib/python3.12/site-packages/discord/client.py", line 465, in _run_event
    await coro(*args, **kwargs)
  File "/app/asu_discord/cogs/analytics.py", line 652, in on_member_update
    before_timeout = before.timed_out_until
                     ^^^^^^^^^^^^^^^^^^^^^^
AttributeError: 'Member' object has no attribute 'timed_out_until'
Ignoring exception in on_member_update
Traceback (most recent call last):
  File "/usr/local/lib/python3.12/site-packages/discord/client.py", line 465, in _run_event
    await coro(*args, **kwargs)
  File "/app/asu_discord/cogs/analytics.py", line 652, in on_member_update
    before_timeout = before.timed_out_until
                     ^^^^^^^^^^^^^^^^^^^^^^
AttributeError: 'Member' object has no attribute 'timed_out_until'
INFO:asu_discord.cogs.verification:Saved 5 roles to database for user aatkin29 (Discord ID: 701176189649289286)
INFO:asu_discord.cogs.verification:Refreshed Salesforce roles for Discord user 701176189649289286: -5/+4 roles, assigned=[Arizona Resident, College of Integrative Sciences and Arts, Commited, First Year, Polytechnic]
Ignoring exception in on_member_update
Traceback (most recent call last):
  File "/usr/local/lib/python3.12/site-packages/discord/client.py", line 465, in _run_event
    await coro(*args, **kwargs)
  File "/app/asu_discord/cogs/analytics.py", line 652, in on_member_update
    before_timeout = before.timed_out_until
                     ^^^^^^^^^^^^^^^^^^^^^^
AttributeError: 'Member' object has no attribute 'timed_out_until'
Ignoring exception in on_member_update
Traceback (most recent call last):
  File "/usr/local/lib/python3.12/site-packages/discord/client.py", line 465, in _run_event
    await coro(*args, **kwargs)
  File "/app/asu_discord/cogs/analytics.py", line 652, in on_member_update
    before_timeout = before.timed_out_until
                     ^^^^^^^^^^^^^^^^^^^^^^
AttributeError: 'Member' object has no attribute 'timed_out_until'
Ignoring exception in on_member_update
Traceback (most recent call last):
  File "/usr/local/lib/python3.12/site-packages/discord/client.py", line 465, in _run_event
    await coro(*args, **kwargs)
  File "/app/asu_discord/cogs/analytics.py", line 652, in on_member_update
    before_timeout = before.timed_out_until
                     ^^^^^^^^^^^^^^^^^^^^^^
AttributeError: 'Member' object has no attribute 'timed_out_until'
Ignoring exception in on_member_update
Traceback (most recent call last):
  File "/usr/local/lib/python3.12/site-packages/discord/client.py", line 465, in _run_event
    await coro(*args, **kwargs)
  File "/app/asu_discord/cogs/analytics.py", line 652, in on_member_update
    before_timeout = before.timed_out_until
                     ^^^^^^^^^^^^^^^^^^^^^^
AttributeError: 'Member' object has no attribute 'timed_out_until'
Ignoring exception in on_member_update
Traceback (most recent call last):
  File "/usr/local/lib/python3.12/site-packages/discord/client.py", line 465, in _run_event
    await coro(*args, **kwargs)
  File "/app/asu_discord/cogs/analytics.py", line 652, in on_member_update
    before_timeout = before.timed_out_until
                     ^^^^^^^^^^^^^^^^^^^^^^
AttributeError: 'Member' object has no attribute 'timed_out_until'
Ignoring exception in on_member_update
Traceback (most recent call last):
  File "/usr/local/lib/python3.12/site-packages/discord/client.py", line 465, in _run_event
    await coro(*args, **kwargs)
  File "/app/asu_discord/cogs/analytics.py", line 652, in on_member_update
    before_timeout = before.timed_out_until
                     ^^^^^^^^^^^^^^^^^^^^^^
AttributeError: 'Member' object has no attribute 'timed_out_until'
Ignoring exception in on_member_update
Traceback (most recent call last):
  File "/usr/local/lib/python3.12/site-packages/discord/client.py", line 465, in _run_event
    await coro(*args, **kwargs)
  File "/app/asu_discord/cogs/analytics.py", line 652, in on_member_update
    before_timeout = before.timed_out_until
                     ^^^^^^^^^^^^^^^^^^^^^^
AttributeError: 'Member' object has no attribute 'timed_out_until'
Ignoring exception in on_member_update
Traceback (most recent call last):
  File "/usr/local/lib/python3.12/site-packages/discord/client.py", line 465, in _run_event
    await coro(*args, **kwargs)
  File "/app/asu_discord/cogs/analytics.py", line 652, in on_member_update
    before_timeout = before.timed_out_until
                     ^^^^^^^^^^^^^^^^^^^^^^
AttributeError: 'Member' object has no attribute 'timed_out_until'
Ignoring exception in on_member_update
Traceback (most recent call last):
  File "/usr/local/lib/python3.12/site-packages/discord/client.py", line 465, in _run_event
    await coro(*args, **kwargs)
  File "/app/asu_discord/cogs/analytics.py", line 652, in on_member_update
    before_timeout = before.timed_out_until
                     ^^^^^^^^^^^^^^^^^^^^^^
AttributeError: 'Member' object has no attribute 'timed_out_until'
INFO:asu_discord.cogs.verification:Saved 5 roles to database for user mahamil8 (Discord ID: 1437466521365516408)
INFO:asu_discord.cogs.verification:Refreshed Salesforce roles for Discord user 1437466521365516408: -4/+5 roles, assigned=[First Year, Online, Out of State, Upperclassmen, Watts College of Public Service and Community Solutions]
ERROR:cron.jobs:refresh_salesforce_roles: failed for dnrosale (Discord ID 1358973916533756095): Failed to refresh Salesforce-based roles: Discord user 1358973916533756095 is not a member of the guild
Ignoring exception in on_member_update
Traceback (most recent call last):
  File "/usr/local/lib/python3.12/site-packages/discord/client.py", line 465, in _run_event
    await coro(*args, **kwargs)
  File "/app/asu_discord/cogs/analytics.py", line 652, in on_member_update
    before_timeout = before.timed_out_until
                     ^^^^^^^^^^^^^^^^^^^^^^
AttributeError: 'Member' object has no attribute 'timed_out_until'
INFO:asu_discord.cogs.verification:Saved 1 roles to database for user hgelston (Discord ID: 618107641452822569)
INFO:asu_discord.cogs.verification:Refreshed Salesforce roles for Discord user 618107641452822569: -0/+1 roles, assigned=[Out of State]
Ignoring exception in on_member_update
Traceback (most recent call last):
  File "/usr/local/lib/python3.12/site-packages/discord/client.py", line 465, in _run_event
    await coro(*args, **kwargs)
  File "/app/asu_discord/cogs/analytics.py", line 652, in on_member_update
    before_timeout = before.timed_out_until
                     ^^^^^^^^^^^^^^^^^^^^^^
AttributeError: 'Member' object has no attribute 'timed_out_until'
Ignoring exception in on_member_update
Traceback (most recent call last):
  File "/usr/local/lib/python3.12/site-packages/discord/client.py", line 465, in _run_event
    await coro(*args, **kwargs)
  File "/app/asu_discord/cogs/analytics.py", line 652, in on_member_update
    before_timeout = before.timed_out_until
                     ^^^^^^^^^^^^^^^^^^^^^^
AttributeError: 'Member' object has no attribute 'timed_out_until'
Ignoring exception in on_member_update
Traceback (most recent call last):
  File "/usr/local/lib/python3.12/site-packages/discord/client.py", line 465, in _run_event
    await coro(*args, **kwargs)
  File "/app/asu_discord/cogs/analytics.py", line 652, in on_member_update
    before_timeout = before.timed_out_until
                     ^^^^^^^^^^^^^^^^^^^^^^
AttributeError: 'Member' object has no attribute 'timed_out_until'
Ignoring exception in on_member_update
Traceback (most recent call last):
  File "/usr/local/lib/python3.12/site-packages/discord/client.py", line 465, in _run_event
    await coro(*args, **kwargs)
  File "/app/asu_discord/cogs/analytics.py", line 652, in on_member_update
    before_timeout = before.timed_out_until
                     ^^^^^^^^^^^^^^^^^^^^^^
AttributeError: 'Member' object has no attribute 'timed_out_until'
Ignoring exception in on_member_update
Traceback (most recent call last):
  File "/usr/local/lib/python3.12/site-packages/discord/client.py", line 465, in _run_event
    await coro(*args, **kwargs)
  File "/app/asu_discord/cogs/analytics.py", line 652, in on_member_update
    before_timeout = before.timed_out_until
                     ^^^^^^^^^^^^^^^^^^^^^^
AttributeError: 'Member' object has no attribute 'timed_out_until'
Ignoring exception in on_member_update
Traceback (most recent call last):
  File "/usr/local/lib/python3.12/site-packages/discord/client.py", line 465, in _run_event
    await coro(*args, **kwargs)
  File "/app/asu_discord/cogs/analytics.py", line 652, in on_member_update
    before_timeout = before.timed_out_until
                     ^^^^^^^^^^^^^^^^^^^^^^
AttributeError: 'Member' object has no attribute 'timed_out_until'
Ignoring exception in on_member_update
Traceback (most recent call last):
  File "/usr/local/lib/python3.12/site-packages/discord/client.py", line 465, in _run_event
    await coro(*args, **kwargs)
  File "/app/asu_discord/cogs/analytics.py", line 652, in on_member_update
    before_timeout = before.timed_out_until
                     ^^^^^^^^^^^^^^^^^^^^^^
AttributeError: 'Member' object has no attribute 'timed_out_until'
Ignoring exception in on_member_update
Traceback (most recent call last):
  File "/usr/local/lib/python3.12/site-packages/discord/client.py", line 465, in _run_event
    await coro(*args, **kwargs)
  File "/app/asu_discord/cogs/analytics.py", line 652, in on_member_update
    before_timeout = before.timed_out_until
                     ^^^^^^^^^^^^^^^^^^^^^^
AttributeError: 'Member' object has no attribute 'timed_out_until'
Ignoring exception in on_member_update
Traceback (most recent call last):
  File "/usr/local/lib/python3.12/site-packages/discord/client.py", line 465, in _run_event
    await coro(*args, **kwargs)
  File "/app/asu_discord/cogs/analytics.py", line 652, in on_member_update
    before_timeout = before.timed_out_until
                     ^^^^^^^^^^^^^^^^^^^^^^
AttributeError: 'Member' object has no attribute 'timed_out_until'
Ignoring exception in on_member_update
Traceback (most recent call last):
  File "/usr/local/lib/python3.12/site-packages/discord/client.py", line 465, in _run_event
    await coro(*args, **kwargs)
  File "/app/asu_discord/cogs/analytics.py", line 652, in on_member_update
    before_timeout = before.timed_out_until
                     ^^^^^^^^^^^^^^^^^^^^^^
AttributeError: 'Member' object has no attribute 'timed_out_until'
INFO:asu_discord.cogs.verification:Saved 6 roles to database for user aantilus (Discord ID: 895085333421649990)
INFO:asu_discord.cogs.verification:Refreshed Salesforce roles for Discord user 895085333421649990: -4/+6 roles, assigned=[Commited, First Generation Student, First Year, Ira A. Fulton Schools of Engineering, Out of State, Polytechnic]
Ignoring exception in on_member_update
Traceback (most recent call last):
  File "/usr/local/lib/python3.12/site-packages/discord/client.py", line 465, in _run_event
    await coro(*args, **kwargs)
  File "/app/asu_discord/cogs/analytics.py", line 652, in on_member_update
    before_timeout = before.timed_out_until
                     ^^^^^^^^^^^^^^^^^^^^^^
AttributeError: 'Member' object has no attribute 'timed_out_until'
Ignoring exception in on_member_update
Traceback (most recent call last):
  File "/usr/local/lib/python3.12/site-packages/discord/client.py", line 465, in _run_event
    await coro(*args, **kwargs)
  File "/app/asu_discord/cogs/analytics.py", line 652, in on_member_update
    before_timeout = before.timed_out_until
                     ^^^^^^^^^^^^^^^^^^^^^^
AttributeError: 'Member' object has no attribute 'timed_out_until'
Ignoring exception in on_member_update
Traceback (most recent call last):
  File "/usr/local/lib/python3.12/site-packages/discord/client.py", line 465, in _run_event
    await coro(*args, **kwargs)
  File "/app/asu_discord/cogs/analytics.py", line 652, in on_member_update
    before_timeout = before.timed_out_until
                     ^^^^^^^^^^^^^^^^^^^^^^
AttributeError: 'Member' object has no attribute 'timed_out_until'
Ignoring exception in on_member_update
Traceback (most recent call last):
  File "/usr/local/lib/python3.12/site-packages/discord/client.py", line 465, in _run_event
    await coro(*args, **kwargs)
  File "/app/asu_discord/cogs/analytics.py", line 652, in on_member_update
    before_timeout = before.timed_out_until
                     ^^^^^^^^^^^^^^^^^^^^^^
AttributeError: 'Member' object has no attribute 'timed_out_until'
Ignoring exception in on_member_update
Traceback (most recent call last):
  File "/usr/local/lib/python3.12/site-packages/discord/client.py", line 465, in _run_event
    await coro(*args, **kwargs)
  File "/app/asu_discord/cogs/analytics.py", line 652, in on_member_update
    before_timeout = before.timed_out_until
                     ^^^^^^^^^^^^^^^^^^^^^^
AttributeError: 'Member' object has no attribute 'timed_out_until'
Ignoring exception in on_member_update
Traceback (most recent call last):
  File "/usr/local/lib/python3.12/site-packages/discord/client.py", line 465, in _run_event
    await coro(*args, **kwargs)
  File "/app/asu_discord/cogs/analytics.py", line 652, in on_member_update
    before_timeout = before.timed_out_until
                     ^^^^^^^^^^^^^^^^^^^^^^
AttributeError: 'Member' object has no attribute 'timed_out_until'
Ignoring exception in on_member_update
Traceback (most recent call last):
  File "/usr/local/lib/python3.12/site-packages/discord/client.py", line 465, in _run_event
    await coro(*args, **kwargs)
  File "/app/asu_discord/cogs/analytics.py", line 652, in on_member_update
    before_timeout = before.timed_out_until
                     ^^^^^^^^^^^^^^^^^^^^^^
AttributeError: 'Member' object has no attribute 'timed_out_until'
Ignoring exception in on_member_update
Traceback (most recent call last):
  File "/usr/local/lib/python3.12/site-packages/discord/client.py", line 465, in _run_event
    await coro(*args, **kwargs)
  File "/app/asu_discord/cogs/analytics.py", line 652, in on_member_update
    before_timeout = before.timed_out_until
                     ^^^^^^^^^^^^^^^^^^^^^^
AttributeError: 'Member' object has no attribute 'timed_out_until'
Ignoring exception in on_member_update
Traceback (most recent call last):
  File "/usr/local/lib/python3.12/site-packages/discord/client.py", line 465, in _run_event
    await coro(*args, **kwargs)
  File "/app/asu_discord/cogs/analytics.py", line 652, in on_member_update
    before_timeout = before.timed_out_until
                     ^^^^^^^^^^^^^^^^^^^^^^
AttributeError: 'Member' object has no attribute 'timed_out_until'
Ignoring exception in on_member_update
Traceback (most recent call last):
  File "/usr/local/lib/python3.12/site-packages/discord/client.py", line 465, in _run_event
    await coro(*args, **kwargs)
  File "/app/asu_discord/cogs/analytics.py", line 652, in on_member_update
    before_timeout = before.timed_out_until
                     ^^^^^^^^^^^^^^^^^^^^^^
AttributeError: 'Member' object has no attribute 'timed_out_until'
INFO:asu_discord.cogs.verification:Saved 6 roles to database for user gpintor (Discord ID: 1354647401016590580)
INFO:asu_discord.cogs.verification:Refreshed Salesforce roles for Discord user 1354647401016590580: -4/+6 roles, assigned=[College of Liberal Arts and Sciences, Commited, Downtown Phoenix, First Generation Student, First Year, Out of State]
Ignoring exception in on_member_update
Traceback (most recent call last):
  File "/usr/local/lib/python3.12/site-packages/discord/client.py", line 465, in _run_event
    await coro(*args, **kwargs)
  File "/app/asu_discord/cogs/analytics.py", line 652, in on_member_update
    before_timeout = before.timed_out_until
                     ^^^^^^^^^^^^^^^^^^^^^^
AttributeError: 'Member' object has no attribute 'timed_out_until'
Ignoring exception in on_member_update
Traceback (most recent call last):
  File "/usr/local/lib/python3.12/site-packages/discord/client.py", line 465, in _run_event
    await coro(*args, **kwargs)
  File "/app/asu_discord/cogs/analytics.py", line 652, in on_member_update
    before_timeout = before.timed_out_until
                     ^^^^^^^^^^^^^^^^^^^^^^
AttributeError: 'Member' object has no attribute 'timed_out_until'
Ignoring exception in on_member_update
Traceback (most recent call last):
  File "/usr/local/lib/python3.12/site-packages/discord/client.py", line 465, in _run_event
    await coro(*args, **kwargs)
  File "/app/asu_discord/cogs/analytics.py", line 652, in on_member_update
    before_timeout = before.timed_out_until
                     ^^^^^^^^^^^^^^^^^^^^^^
AttributeError: 'Member' object has no attribute 'timed_out_until'
Ignoring exception in on_member_update
Traceback (most recent call last):
  File "/usr/local/lib/python3.12/site-packages/discord/client.py", line 465, in _run_event
    await coro(*args, **kwargs)
  File "/app/asu_discord/cogs/analytics.py", line 652, in on_member_update
    before_timeout = before.timed_out_until
                     ^^^^^^^^^^^^^^^^^^^^^^
AttributeError: 'Member' object has no attribute 'timed_out_until'
Ignoring exception in on_member_update
Traceback (most recent call last):
  File "/usr/local/lib/python3.12/site-packages/discord/client.py", line 465, in _run_event
    await coro(*args, **kwargs)
  File "/app/asu_discord/cogs/analytics.py", line 652, in on_member_update
    before_timeout = before.timed_out_until
                     ^^^^^^^^^^^^^^^^^^^^^^
AttributeError: 'Member' object has no attribute 'timed_out_until'
Ignoring exception in on_member_update
Traceback (most recent call last):
  File "/usr/local/lib/python3.12/site-packages/discord/client.py", line 465, in _run_event
    await coro(*args, **kwargs)
  File "/app/asu_discord/cogs/analytics.py", line 652, in on_member_update
    before_timeout = before.timed_out_until
                     ^^^^^^^^^^^^^^^^^^^^^^
AttributeError: 'Member' object has no attribute 'timed_out_until'
Ignoring exception in on_member_update
Traceback (most recent call last):
  File "/usr/local/lib/python3.12/site-packages/discord/client.py", line 465, in _run_event
    await coro(*args, **kwargs)
  File "/app/asu_discord/cogs/analytics.py", line 652, in on_member_update
    before_timeout = before.timed_out_until
                     ^^^^^^^^^^^^^^^^^^^^^^
AttributeError: 'Member' object has no attribute 'timed_out_until'
Ignoring exception in on_member_update
Traceback (most recent call last):
  File "/usr/local/lib/python3.12/site-packages/discord/client.py", line 465, in _run_event
    await coro(*args, **kwargs)
  File "/app/asu_discord/cogs/analytics.py", line 652, in on_member_update
    before_timeout = before.timed_out_until
                     ^^^^^^^^^^^^^^^^^^^^^^
AttributeError: 'Member' object has no attribute 'timed_out_until'
Ignoring exception in on_member_update
Traceback (most recent call last):
  File "/usr/local/lib/python3.12/site-packages/discord/client.py", line 465, in _run_event
    await coro(*args, **kwargs)
  File "/app/asu_discord/cogs/analytics.py", line 652, in on_member_update
    before_timeout = before.timed_out_until
                     ^^^^^^^^^^^^^^^^^^^^^^
AttributeError: 'Member' object has no attribute 'timed_out_until'
Ignoring exception in on_member_update
Traceback (most recent call last):
  File "/usr/local/lib/python3.12/site-packages/discord/client.py", line 465, in _run_event
    await coro(*args, **kwargs)
  File "/app/asu_discord/cogs/analytics.py", line 652, in on_member_update
    before_timeout = before.timed_out_until
                     ^^^^^^^^^^^^^^^^^^^^^^
AttributeError: 'Member' object has no attribute 'timed_out_until'
INFO:asu_discord.cogs.verification:Saved 6 roles to database for user adepazng (Discord ID: 1458307908553932843)
INFO:asu_discord.cogs.verification:Refreshed Salesforce roles for Discord user 1458307908553932843: -4/+6 roles, assigned=[Arizona Resident, Commited, First Generation Student, First Year, Tempe, W.P. Carey School of Business]
Ignoring exception in on_member_update
Traceback (most recent call last):
  File "/usr/local/lib/python3.12/site-packages/discord/client.py", line 465, in _run_event
    await coro(*args, **kwargs)
  File "/app/asu_discord/cogs/analytics.py", line 652, in on_member_update
    before_timeout = before.timed_out_until
                     ^^^^^^^^^^^^^^^^^^^^^^
AttributeError: 'Member' object has no attribute 'timed_out_until'
Ignoring exception in on_member_update
Traceback (most recent call last):
  File "/usr/local/lib/python3.12/site-packages/discord/client.py", line 465, in _run_event
    await coro(*args, **kwargs)
  File "/app/asu_discord/cogs/analytics.py", line 652, in on_member_update
    before_timeout = before.timed_out_until
                     ^^^^^^^^^^^^^^^^^^^^^^
AttributeError: 'Member' object has no attribute 'timed_out_until'
Ignoring exception in on_member_update
Traceback (most recent call last):
  File "/usr/local/lib/python3.12/site-packages/discord/client.py", line 465, in _run_event
    await coro(*args, **kwargs)
  File "/app/asu_discord/cogs/analytics.py", line 652, in on_member_update
    before_timeout = before.timed_out_until
                     ^^^^^^^^^^^^^^^^^^^^^^
AttributeError: 'Member' object has no attribute 'timed_out_until'
Ignoring exception in on_member_update
Traceback (most recent call last):
  File "/usr/local/lib/python3.12/site-packages/discord/client.py", line 465, in _run_event
    await coro(*args, **kwargs)
  File "/app/asu_discord/cogs/analytics.py", line 652, in on_member_update
    before_timeout = before.timed_out_until
                     ^^^^^^^^^^^^^^^^^^^^^^
AttributeError: 'Member' object has no attribute 'timed_out_until'
Ignoring exception in on_member_update
Traceback (most recent call last):
  File "/usr/local/lib/python3.12/site-packages/discord/client.py", line 465, in _run_event
    await coro(*args, **kwargs)
  File "/app/asu_discord/cogs/analytics.py", line 652, in on_member_update
    before_timeout = before.timed_out_until
                     ^^^^^^^^^^^^^^^^^^^^^^
AttributeError: 'Member' object has no attribute 'timed_out_until'
Ignoring exception in on_member_update
Traceback (most recent call last):
  File "/usr/local/lib/python3.12/site-packages/discord/client.py", line 465, in _run_event
    await coro(*args, **kwargs)
  File "/app/asu_discord/cogs/analytics.py", line 652, in on_member_update
    before_timeout = before.timed_out_until
                     ^^^^^^^^^^^^^^^^^^^^^^
AttributeError: 'Member' object has no attribute 'timed_out_until'
Ignoring exception in on_member_update
Traceback (most recent call last):
  File "/usr/local/lib/python3.12/site-packages/discord/client.py", line 465, in _run_event
    await coro(*args, **kwargs)
  File "/app/asu_discord/cogs/analytics.py", line 652, in on_member_update
    before_timeout = before.timed_out_until
                     ^^^^^^^^^^^^^^^^^^^^^^
AttributeError: 'Member' object has no attribute 'timed_out_until'
Ignoring exception in on_member_update
Traceback (most recent call last):
  File "/usr/local/lib/python3.12/site-packages/discord/client.py", line 465, in _run_event
    await coro(*args, **kwargs)
  File "/app/asu_discord/cogs/analytics.py", line 652, in on_member_update
    before_timeout = before.timed_out_until
                     ^^^^^^^^^^^^^^^^^^^^^^
AttributeError: 'Member' object has no attribute 'timed_out_until'
Ignoring exception in on_member_update
Traceback (most recent call last):
  File "/usr/local/lib/python3.12/site-packages/discord/client.py", line 465, in _run_event
    await coro(*args, **kwargs)
  File "/app/asu_discord/cogs/analytics.py", line 652, in on_member_update
    before_timeout = before.timed_out_until
                     ^^^^^^^^^^^^^^^^^^^^^^
AttributeError: 'Member' object has no attribute 'timed_out_until'
Ignoring exception in on_member_update
Traceback (most recent call last):
  File "/usr/local/lib/python3.12/site-packages/discord/client.py", line 465, in _run_event
    await coro(*args, **kwargs)
  File "/app/asu_discord/cogs/analytics.py", line 652, in on_member_update
    before_timeout = before.timed_out_until
                     ^^^^^^^^^^^^^^^^^^^^^^
AttributeError: 'Member' object has no attribute 'timed_out_until'
INFO:asu_discord.cogs.verification:Saved 5 roles to database for user kcmelton (Discord ID: 888575254534971472)
INFO:asu_discord.cogs.verification:Refreshed Salesforce roles for Discord user 888575254534971472: -5/+5 roles, assigned=[Arizona Resident, College of Liberal Arts and Sciences, Commited, First Year, Tempe]
Ignoring exception in on_member_update
Traceback (most recent call last):
  File "/usr/local/lib/python3.12/site-packages/discord/client.py", line 465, in _run_event
    await coro(*args, **kwargs)
  File "/app/asu_discord/cogs/analytics.py", line 652, in on_member_update
    before_timeout = before.timed_out_until
                     ^^^^^^^^^^^^^^^^^^^^^^
AttributeError: 'Member' object has no attribute 'timed_out_until'
Ignoring exception in on_member_update
Traceback (most recent call last):
  File "/usr/local/lib/python3.12/site-packages/discord/client.py", line 465, in _run_event
    await coro(*args, **kwargs)
  File "/app/asu_discord/cogs/analytics.py", line 652, in on_member_update
    before_timeout = before.timed_out_until
                     ^^^^^^^^^^^^^^^^^^^^^^
AttributeError: 'Member' object has no attribute 'timed_out_until'
Ignoring exception in on_member_update
Traceback (most recent call last):
  File "/usr/local/lib/python3.12/site-packages/discord/client.py", line 465, in _run_event
    await coro(*args, **kwargs)
  File "/app/asu_discord/cogs/analytics.py", line 652, in on_member_update
    before_timeout = before.timed_out_until
                     ^^^^^^^^^^^^^^^^^^^^^^
AttributeError: 'Member' object has no attribute 'timed_out_until'
Ignoring exception in on_member_update
Traceback (most recent call last):
  File "/usr/local/lib/python3.12/site-packages/discord/client.py", line 465, in _run_event
    await coro(*args, **kwargs)
  File "/app/asu_discord/cogs/analytics.py", line 652, in on_member_update
    before_timeout = before.timed_out_until
                     ^^^^^^^^^^^^^^^^^^^^^^
AttributeError: 'Member' object has no attribute 'timed_out_until'
Ignoring exception in on_member_update
Traceback (most recent call last):
  File "/usr/local/lib/python3.12/site-packages/discord/client.py", line 465, in _run_event
    await coro(*args, **kwargs)
  File "/app/asu_discord/cogs/analytics.py", line 652, in on_member_update
    before_timeout = before.timed_out_until
                     ^^^^^^^^^^^^^^^^^^^^^^
AttributeError: 'Member' object has no attribute 'timed_out_until'
Ignoring exception in on_member_update
Traceback (most recent call last):
  File "/usr/local/lib/python3.12/site-packages/discord/client.py", line 465, in _run_event
    await coro(*args, **kwargs)
  File "/app/asu_discord/cogs/analytics.py", line 652, in on_member_update
    before_timeout = before.timed_out_until
                     ^^^^^^^^^^^^^^^^^^^^^^
AttributeError: 'Member' object has no attribute 'timed_out_until'
Ignoring exception in on_member_update
Traceback (most recent call last):
  File "/usr/local/lib/python3.12/site-packages/discord/client.py", line 465, in _run_event
    await coro(*args, **kwargs)
  File "/app/asu_discord/cogs/analytics.py", line 652, in on_member_update
    before_timeout = before.timed_out_until
                     ^^^^^^^^^^^^^^^^^^^^^^
AttributeError: 'Member' object has no attribute 'timed_out_until'
Ignoring exception in on_member_update
Traceback (most recent call last):
  File "/usr/local/lib/python3.12/site-packages/discord/client.py", line 465, in _run_event
    await coro(*args, **kwargs)
  File "/app/asu_discord/cogs/analytics.py", line 652, in on_member_update
    before_timeout = before.timed_out_until
                     ^^^^^^^^^^^^^^^^^^^^^^
AttributeError: 'Member' object has no attribute 'timed_out_until'
Ignoring exception in on_member_update
Traceback (most recent call last):
  File "/usr/local/lib/python3.12/site-packages/discord/client.py", line 465, in _run_event
    await coro(*args, **kwargs)
  File "/app/asu_discord/cogs/analytics.py", line 652, in on_member_update
    before_timeout = before.timed_out_until
                     ^^^^^^^^^^^^^^^^^^^^^^
AttributeError: 'Member' object has no attribute 'timed_out_until'
Ignoring exception in on_member_update
Traceback (most recent call last):
  File "/usr/local/lib/python3.12/site-packages/discord/client.py", line 465, in _run_event
    await coro(*args, **kwargs)
  File "/app/asu_discord/cogs/analytics.py", line 652, in on_member_update
    before_timeout = before.timed_out_until
                     ^^^^^^^^^^^^^^^^^^^^^^
AttributeError: 'Member' object has no attribute 'timed_out_until'
INFO:asu_discord.cogs.verification:Saved 5 roles to database for user sluckie1 (Discord ID: 1191177671196016710)
INFO:asu_discord.cogs.verification:Refreshed Salesforce roles for Discord user 1191177671196016710: -5/+5 roles, assigned=[Arizona Resident, Commited, First Year, Mary Lou Fulton Teachers College, Tempe]
Ignoring exception in on_member_update
Traceback (most recent call last):
  File "/usr/local/lib/python3.12/site-packages/discord/client.py", line 465, in _run_event
    await coro(*args, **kwargs)
  File "/app/asu_discord/cogs/analytics.py", line 652, in on_member_update
    before_timeout = before.timed_out_until
                     ^^^^^^^^^^^^^^^^^^^^^^
AttributeError: 'Member' object has no attribute 'timed_out_until'
Ignoring exception in on_member_update
Traceback (most recent call last):
  File "/usr/local/lib/python3.12/site-packages/discord/client.py", line 465, in _run_event
    await coro(*args, **kwargs)
  File "/app/asu_discord/cogs/analytics.py", line 652, in on_member_update
    before_timeout = before.timed_out_until
                     ^^^^^^^^^^^^^^^^^^^^^^
AttributeError: 'Member' object has no attribute 'timed_out_until'
Ignoring exception in on_member_update
Traceback (most recent call last):
  File "/usr/local/lib/python3.12/site-packages/discord/client.py", line 465, in _run_event
    await coro(*args, **kwargs)
  File "/app/asu_discord/cogs/analytics.py", line 652, in on_member_update
    before_timeout = before.timed_out_until
                     ^^^^^^^^^^^^^^^^^^^^^^
AttributeError: 'Member' object has no attribute 'timed_out_until'
Ignoring exception in on_member_update
Traceback (most recent call last):
  File "/usr/local/lib/python3.12/site-packages/discord/client.py", line 465, in _run_event
    await coro(*args, **kwargs)
  File "/app/asu_discord/cogs/analytics.py", line 652, in on_member_update
    before_timeout = before.timed_out_until
                     ^^^^^^^^^^^^^^^^^^^^^^
AttributeError: 'Member' object has no attribute 'timed_out_until'
Ignoring exception in on_member_update
Traceback (most recent call last):
  File "/usr/local/lib/python3.12/site-packages/discord/client.py", line 465, in _run_event
    await coro(*args, **kwargs)
  File "/app/asu_discord/cogs/analytics.py", line 652, in on_member_update
    before_timeout = before.timed_out_until
                     ^^^^^^^^^^^^^^^^^^^^^^
AttributeError: 'Member' object has no attribute 'timed_out_until'
Ignoring exception in on_member_update
Traceback (most recent call last):
  File "/usr/local/lib/python3.12/site-packages/discord/client.py", line 465, in _run_event
    await coro(*args, **kwargs)
  File "/app/asu_discord/cogs/analytics.py", line 652, in on_member_update
    before_timeout = before.timed_out_until
                     ^^^^^^^^^^^^^^^^^^^^^^
AttributeError: 'Member' object has no attribute 'timed_out_until'
Ignoring exception in on_member_update
Traceback (most recent call last):
  File "/usr/local/lib/python3.12/site-packages/discord/client.py", line 465, in _run_event
    await coro(*args, **kwargs)
  File "/app/asu_discord/cogs/analytics.py", line 652, in on_member_update
    before_timeout = before.timed_out_until
                     ^^^^^^^^^^^^^^^^^^^^^^
AttributeError: 'Member' object has no attribute 'timed_out_until'
Ignoring exception in on_member_update
Traceback (most recent call last):
  File "/usr/local/lib/python3.12/site-packages/discord/client.py", line 465, in _run_event
    await coro(*args, **kwargs)
  File "/app/asu_discord/cogs/analytics.py", line 652, in on_member_update
    before_timeout = before.timed_out_until
                     ^^^^^^^^^^^^^^^^^^^^^^
AttributeError: 'Member' object has no attribute 'timed_out_until'
INFO:asu_discord.cogs.verification:Saved 4 roles to database for user mvanniya (Discord ID: 1397195022251851919)
INFO:asu_discord.cogs.verification:Refreshed Salesforce roles for Discord user 1397195022251851919: -4/+4 roles, assigned=[First Year, International Student, Ira A. Fulton Schools of Engineering, Tempe]
Ignoring exception in on_member_update
Traceback (most recent call last):
  File "/usr/local/lib/python3.12/site-packages/discord/client.py", line 465, in _run_event
    await coro(*args, **kwargs)
  File "/app/asu_discord/cogs/analytics.py", line 652, in on_member_update
    before_timeout = before.timed_out_until
                     ^^^^^^^^^^^^^^^^^^^^^^
AttributeError: 'Member' object has no attribute 'timed_out_until'
Ignoring exception in on_member_update
Traceback (most recent call last):
  File "/usr/local/lib/python3.12/site-packages/discord/client.py", line 465, in _run_event
    await coro(*args, **kwargs)
  File "/app/asu_discord/cogs/analytics.py", line 652, in on_member_update
    before_timeout = before.timed_out_until
                     ^^^^^^^^^^^^^^^^^^^^^^
AttributeError: 'Member' object has no attribute 'timed_out_until'
INFO:asu_discord.cogs.verification:Saved 1 roles to database for user nhubenak (Discord ID: 616046463113232448)
INFO:asu_discord.cogs.verification:Refreshed Salesforce roles for Discord user 616046463113232448: -1/+1 roles, assigned=[Out of State]
Ignoring exception in on_member_update
Traceback (most recent call last):
  File "/usr/local/lib/python3.12/site-packages/discord/client.py", line 465, in _run_event
    await coro(*args, **kwargs)
  File "/app/asu_discord/cogs/analytics.py", line 652, in on_member_update
    before_timeout = before.timed_out_until
                     ^^^^^^^^^^^^^^^^^^^^^^
AttributeError: 'Member' object has no attribute 'timed_out_until'
Ignoring exception in on_member_update
Traceback (most recent call last):
  File "/usr/local/lib/python3.12/site-packages/discord/client.py", line 465, in _run_event
    await coro(*args, **kwargs)
  File "/app/asu_discord/cogs/analytics.py", line 652, in on_member_update
    before_timeout = before.timed_out_until
                     ^^^^^^^^^^^^^^^^^^^^^^
AttributeError: 'Member' object has no attribute 'timed_out_until'
Ignoring exception in on_member_update
Traceback (most recent call last):
  File "/usr/local/lib/python3.12/site-packages/discord/client.py", line 465, in _run_event
    await coro(*args, **kwargs)
  File "/app/asu_discord/cogs/analytics.py", line 652, in on_member_update
    before_timeout = before.timed_out_until
                     ^^^^^^^^^^^^^^^^^^^^^^
AttributeError: 'Member' object has no attribute 'timed_out_until'
Ignoring exception in on_member_update
Traceback (most recent call last):
  File "/usr/local/lib/python3.12/site-packages/discord/client.py", line 465, in _run_event
    await coro(*args, **kwargs)
  File "/app/asu_discord/cogs/analytics.py", line 652, in on_member_update
    before_timeout = before.timed_out_until
                     ^^^^^^^^^^^^^^^^^^^^^^
AttributeError: 'Member' object has no attribute 'timed_out_until'
Ignoring exception in on_member_update
Traceback (most recent call last):
  File "/usr/local/lib/python3.12/site-packages/discord/client.py", line 465, in _run_event
    await coro(*args, **kwargs)
  File "/app/asu_discord/cogs/analytics.py", line 652, in on_member_update
    before_timeout = before.timed_out_until
                     ^^^^^^^^^^^^^^^^^^^^^^
AttributeError: 'Member' object has no attribute 'timed_out_until'
Ignoring exception in on_member_update
Traceback (most recent call last):
  File "/usr/local/lib/python3.12/site-packages/discord/client.py", line 465, in _run_event
    await coro(*args, **kwargs)
  File "/app/asu_discord/cogs/analytics.py", line 652, in on_member_update
    before_timeout = before.timed_out_until
                     ^^^^^^^^^^^^^^^^^^^^^^
AttributeError: 'Member' object has no attribute 'timed_out_until'
Ignoring exception in on_member_update
Traceback (most recent call last):
  File "/usr/local/lib/python3.12/site-packages/discord/client.py", line 465, in _run_event
    await coro(*args, **kwargs)
  File "/app/asu_discord/cogs/analytics.py", line 652, in on_member_update
    before_timeout = before.timed_out_until
                     ^^^^^^^^^^^^^^^^^^^^^^
AttributeError: 'Member' object has no attribute 'timed_out_until'
Ignoring exception in on_member_update
Traceback (most recent call last):
  File "/usr/local/lib/python3.12/site-packages/discord/client.py", line 465, in _run_event
    await coro(*args, **kwargs)
  File "/app/asu_discord/cogs/analytics.py", line 652, in on_member_update
    before_timeout = before.timed_out_until
                     ^^^^^^^^^^^^^^^^^^^^^^
AttributeError: 'Member' object has no attribute 'timed_out_until'
INFO:asu_discord.cogs.verification:Saved 4 roles to database for user ajain445 (Discord ID: 1450481900282970203)
INFO:asu_discord.cogs.verification:Refreshed Salesforce roles for Discord user 1450481900282970203: -4/+4 roles, assigned=[Graduate Student, International Student, Ira A. Fulton Schools of Engineering, Polytechnic]
ERROR:cron.jobs:refresh_salesforce_roles: failed for jialefan (Discord ID 1397445001084141622): Failed to refresh Salesforce-based roles: Discord user 1397445001084141622 is not a member of the guild
Ignoring exception in on_member_update
Traceback (most recent call last):
  File "/usr/local/lib/python3.12/site-packages/discord/client.py", line 465, in _run_event
    await coro(*args, **kwargs)
  File "/app/asu_discord/cogs/analytics.py", line 652, in on_member_update
    before_timeout = before.timed_out_until
                     ^^^^^^^^^^^^^^^^^^^^^^
AttributeError: 'Member' object has no attribute 'timed_out_until'
Ignoring exception in on_member_update
Traceback (most recent call last):
  File "/usr/local/lib/python3.12/site-packages/discord/client.py", line 465, in _run_event
    await coro(*args, **kwargs)
  File "/app/asu_discord/cogs/analytics.py", line 652, in on_member_update
    before_timeout = before.timed_out_until
                     ^^^^^^^^^^^^^^^^^^^^^^
AttributeError: 'Member' object has no attribute 'timed_out_until'
Ignoring exception in on_member_update
Traceback (most recent call last):
  File "/usr/local/lib/python3.12/site-packages/discord/client.py", line 465, in _run_event
    await coro(*args, **kwargs)
  File "/app/asu_discord/cogs/analytics.py", line 652, in on_member_update
    before_timeout = before.timed_out_until
                     ^^^^^^^^^^^^^^^^^^^^^^
AttributeError: 'Member' object has no attribute 'timed_out_until'
Ignoring exception in on_member_update
Traceback (most recent call last):
  File "/usr/local/lib/python3.12/site-packages/discord/client.py", line 465, in _run_event
    await coro(*args, **kwargs)
  File "/app/asu_discord/cogs/analytics.py", line 652, in on_member_update
    before_timeout = before.timed_out_until
                     ^^^^^^^^^^^^^^^^^^^^^^
AttributeError: 'Member' object has no attribute 'timed_out_until'
Ignoring exception in on_member_update
Traceback (most recent call last):
  File "/usr/local/lib/python3.12/site-packages/discord/client.py", line 465, in _run_event
    await coro(*args, **kwargs)
  File "/app/asu_discord/cogs/analytics.py", line 652, in on_member_update
    before_timeout = before.timed_out_until
                     ^^^^^^^^^^^^^^^^^^^^^^
AttributeError: 'Member' object has no attribute 'timed_out_until'
Ignoring exception in on_member_update
Traceback (most recent call last):
  File "/usr/local/lib/python3.12/site-packages/discord/client.py", line 465, in _run_event
    await coro(*args, **kwargs)
  File "/app/asu_discord/cogs/analytics.py", line 652, in on_member_update
    before_timeout = before.timed_out_until
                     ^^^^^^^^^^^^^^^^^^^^^^
AttributeError: 'Member' object has no attribute 'timed_out_until'
Ignoring exception in on_member_update
Traceback (most recent call last):
  File "/usr/local/lib/python3.12/site-packages/discord/client.py", line 465, in _run_event
    await coro(*args, **kwargs)
  File "/app/asu_discord/cogs/analytics.py", line 652, in on_member_update
    before_timeout = before.timed_out_until
                     ^^^^^^^^^^^^^^^^^^^^^^
AttributeError: 'Member' object has no attribute 'timed_out_until'
Ignoring exception in on_member_update
Traceback (most recent call last):
  File "/usr/local/lib/python3.12/site-packages/discord/client.py", line 465, in _run_event
    await coro(*args, **kwargs)
  File "/app/asu_discord/cogs/analytics.py", line 652, in on_member_update
    before_timeout = before.timed_out_until
                     ^^^^^^^^^^^^^^^^^^^^^^
AttributeError: 'Member' object has no attribute 'timed_out_until'
Ignoring exception in on_member_update
Traceback (most recent call last):
  File "/usr/local/lib/python3.12/site-packages/discord/client.py", line 465, in _run_event
    await coro(*args, **kwargs)
  File "/app/asu_discord/cogs/analytics.py", line 652, in on_member_update
    before_timeout = before.timed_out_until
                     ^^^^^^^^^^^^^^^^^^^^^^
AttributeError: 'Member' object has no attribute 'timed_out_until'
Ignoring exception in on_member_update
Traceback (most recent call last):
  File "/usr/local/lib/python3.12/site-packages/discord/client.py", line 465, in _run_event
    await coro(*args, **kwargs)
  File "/app/asu_discord/cogs/analytics.py", line 652, in on_member_update
    before_timeout = before.timed_out_until
                     ^^^^^^^^^^^^^^^^^^^^^^
AttributeError: 'Member' object has no attribute 'timed_out_until'
INFO:asu_discord.cogs.verification:Saved 5 roles to database for user cjstakse (Discord ID: 1455370124008751185)
INFO:asu_discord.cogs.verification:Refreshed Salesforce roles for Discord user 1455370124008751185: -5/+5 roles, assigned=[Commited, First Year, Out of State, Tempe, W.P. Carey School of Business]
ERROR:cron.jobs:refresh_salesforce_roles: failed for hthuynh5 (Discord ID 442789257619177486): Failed to refresh Salesforce-based roles: Discord user 442789257619177486 is not a member of the guild
ERROR:cron.jobs:refresh_salesforce_roles: failed for smaruthu (Discord ID 1459545808008515777): Failed to refresh Salesforce-based roles: Discord user 1459545808008515777 is not a member of the guild
Ignoring exception in on_member_update
Traceback (most recent call last):
  File "/usr/local/lib/python3.12/site-packages/discord/client.py", line 465, in _run_event
    await coro(*args, **kwargs)
  File "/app/asu_discord/cogs/analytics.py", line 652, in on_member_update
    before_timeout = before.timed_out_until
                     ^^^^^^^^^^^^^^^^^^^^^^
AttributeError: 'Member' object has no attribute 'timed_out_until'
Ignoring exception in on_member_update
Traceback (most recent call last):
  File "/usr/local/lib/python3.12/site-packages/discord/client.py", line 465, in _run_event
    await coro(*args, **kwargs)
  File "/app/asu_discord/cogs/analytics.py", line 652, in on_member_update
    before_timeout = before.timed_out_until
                     ^^^^^^^^^^^^^^^^^^^^^^
AttributeError: 'Member' object has no attribute 'timed_out_until'
Ignoring exception in on_member_update
Traceback (most recent call last):
  File "/usr/local/lib/python3.12/site-packages/discord/client.py", line 465, in _run_event
    await coro(*args, **kwargs)
  File "/app/asu_discord/cogs/analytics.py", line 652, in on_member_update
    before_timeout = before.timed_out_until
                     ^^^^^^^^^^^^^^^^^^^^^^
AttributeError: 'Member' object has no attribute 'timed_out_until'
Ignoring exception in on_member_update
Traceback (most recent call last):
  File "/usr/local/lib/python3.12/site-packages/discord/client.py", line 465, in _run_event
    await coro(*args, **kwargs)
  File "/app/asu_discord/cogs/analytics.py", line 652, in on_member_update
    before_timeout = before.timed_out_until
                     ^^^^^^^^^^^^^^^^^^^^^^
AttributeError: 'Member' object has no attribute 'timed_out_until'
Ignoring exception in on_member_update
Traceback (most recent call last):
  File "/usr/local/lib/python3.12/site-packages/discord/client.py", line 465, in _run_event
    await coro(*args, **kwargs)
  File "/app/asu_discord/cogs/analytics.py", line 652, in on_member_update
    before_timeout = before.timed_out_until
                     ^^^^^^^^^^^^^^^^^^^^^^
AttributeError: 'Member' object has no attribute 'timed_out_until'
Ignoring exception in on_member_update
Traceback (most recent call last):
  File "/usr/local/lib/python3.12/site-packages/discord/client.py", line 465, in _run_event
    await coro(*args, **kwargs)
  File "/app/asu_discord/cogs/analytics.py", line 652, in on_member_update
    before_timeout = before.timed_out_until
                     ^^^^^^^^^^^^^^^^^^^^^^
AttributeError: 'Member' object has no attribute 'timed_out_until'
Ignoring exception in on_member_update
Traceback (most recent call last):
  File "/usr/local/lib/python3.12/site-packages/discord/client.py", line 465, in _run_event
    await coro(*args, **kwargs)
  File "/app/asu_discord/cogs/analytics.py", line 652, in on_member_update
    before_timeout = before.timed_out_until
                     ^^^^^^^^^^^^^^^^^^^^^^
AttributeError: 'Member' object has no attribute 'timed_out_until'
Ignoring exception in on_member_update
Traceback (most recent call last):
  File "/usr/local/lib/python3.12/site-packages/discord/client.py", line 465, in _run_event
    await coro(*args, **kwargs)
  File "/app/asu_discord/cogs/analytics.py", line 652, in on_member_update
    before_timeout = before.timed_out_until
                     ^^^^^^^^^^^^^^^^^^^^^^
AttributeError: 'Member' object has no attribute 'timed_out_until'
Ignoring exception in on_member_update
Traceback (most recent call last):
  File "/usr/local/lib/python3.12/site-packages/discord/client.py", line 465, in _run_event
    await coro(*args, **kwargs)
  File "/app/asu_discord/cogs/analytics.py", line 652, in on_member_update
    before_timeout = before.timed_out_until
                     ^^^^^^^^^^^^^^^^^^^^^^
AttributeError: 'Member' object has no attribute 'timed_out_until'
INFO:asu_discord.cogs.verification:Saved 5 roles to database for user ckutikup (Discord ID: 710035693476511776)
INFO:asu_discord.cogs.verification:Refreshed Salesforce roles for Discord user 710035693476511776: -4/+5 roles, assigned=[Commited, Graduate Student, International Student, Ira A. Fulton Schools of Engineering, Polytechnic]
Ignoring exception in on_member_update
Traceback (most recent call last):
  File "/usr/local/lib/python3.12/site-packages/discord/client.py", line 465, in _run_event
    await coro(*args, **kwargs)
  File "/app/asu_discord/cogs/analytics.py", line 652, in on_member_update
    before_timeout = before.timed_out_until
                     ^^^^^^^^^^^^^^^^^^^^^^
AttributeError: 'Member' object has no attribute 'timed_out_until'
Ignoring exception in on_member_update
Traceback (most recent call last):
  File "/usr/local/lib/python3.12/site-packages/discord/client.py", line 465, in _run_event
    await coro(*args, **kwargs)
  File "/app/asu_discord/cogs/analytics.py", line 652, in on_member_update
    before_timeout = before.timed_out_until
                     ^^^^^^^^^^^^^^^^^^^^^^
AttributeError: 'Member' object has no attribute 'timed_out_until'
Ignoring exception in on_member_update
Traceback (most recent call last):
  File "/usr/local/lib/python3.12/site-packages/discord/client.py", line 465, in _run_event
    await coro(*args, **kwargs)
  File "/app/asu_discord/cogs/analytics.py", line 652, in on_member_update
    before_timeout = before.timed_out_until
                     ^^^^^^^^^^^^^^^^^^^^^^
AttributeError: 'Member' object has no attribute 'timed_out_until'
Ignoring exception in on_member_update
Traceback (most recent call last):
  File "/usr/local/lib/python3.12/site-packages/discord/client.py", line 465, in _run_event
    await coro(*args, **kwargs)
  File "/app/asu_discord/cogs/analytics.py", line 652, in on_member_update
    before_timeout = before.timed_out_until
                     ^^^^^^^^^^^^^^^^^^^^^^
AttributeError: 'Member' object has no attribute 'timed_out_until'
Ignoring exception in on_member_update
Traceback (most recent call last):
  File "/usr/local/lib/python3.12/site-packages/discord/client.py", line 465, in _run_event
    await coro(*args, **kwargs)
  File "/app/asu_discord/cogs/analytics.py", line 652, in on_member_update
    before_timeout = before.timed_out_until
                     ^^^^^^^^^^^^^^^^^^^^^^
AttributeError: 'Member' object has no attribute 'timed_out_until'
Ignoring exception in on_member_update
Traceback (most recent call last):
  File "/usr/local/lib/python3.12/site-packages/discord/client.py", line 465, in _run_event
    await coro(*args, **kwargs)
  File "/app/asu_discord/cogs/analytics.py", line 652, in on_member_update
    before_timeout = before.timed_out_until
                     ^^^^^^^^^^^^^^^^^^^^^^
AttributeError: 'Member' object has no attribute 'timed_out_until'
Ignoring exception in on_member_update
Traceback (most recent call last):
  File "/usr/local/lib/python3.12/site-packages/discord/client.py", line 465, in _run_event
    await coro(*args, **kwargs)
  File "/app/asu_discord/cogs/analytics.py", line 652, in on_member_update
    before_timeout = before.timed_out_until
                     ^^^^^^^^^^^^^^^^^^^^^^
AttributeError: 'Member' object has no attribute 'timed_out_until'
Ignoring exception in on_member_update
Traceback (most recent call last):
  File "/usr/local/lib/python3.12/site-packages/discord/client.py", line 465, in _run_event
    await coro(*args, **kwargs)
  File "/app/asu_discord/cogs/analytics.py", line 652, in on_member_update
    before_timeout = before.timed_out_until
                     ^^^^^^^^^^^^^^^^^^^^^^
AttributeError: 'Member' object has no attribute 'timed_out_until'
Ignoring exception in on_member_update
Traceback (most recent call last):
  File "/usr/local/lib/python3.12/site-packages/discord/client.py", line 465, in _run_event
    await coro(*args, **kwargs)
  File "/app/asu_discord/cogs/analytics.py", line 652, in on_member_update
    before_timeout = before.timed_out_until
                     ^^^^^^^^^^^^^^^^^^^^^^
AttributeError: 'Member' object has no attribute 'timed_out_until'
INFO:asu_discord.cogs.verification:Saved 5 roles to database for user jrodr656 (Discord ID: 875897151077638197)
INFO:asu_discord.cogs.verification:Refreshed Salesforce roles for Discord user 875897151077638197: -4/+5 roles, assigned=[Arizona Resident, College of Liberal Arts and Sciences, First Generation Student, First Year, Tempe]
Ignoring exception in on_member_update
Traceback (most recent call last):
  File "/usr/local/lib/python3.12/site-packages/discord/client.py", line 465, in _run_event
    await coro(*args, **kwargs)
  File "/app/asu_discord/cogs/analytics.py", line 652, in on_member_update
    before_timeout = before.timed_out_until
                     ^^^^^^^^^^^^^^^^^^^^^^
AttributeError: 'Member' object has no attribute 'timed_out_until'
Ignoring exception in on_member_update
Traceback (most recent call last):
  File "/usr/local/lib/python3.12/site-packages/discord/client.py", line 465, in _run_event
    await coro(*args, **kwargs)
  File "/app/asu_discord/cogs/analytics.py", line 652, in on_member_update
    before_timeout = before.timed_out_until
                     ^^^^^^^^^^^^^^^^^^^^^^
AttributeError: 'Member' object has no attribute 'timed_out_until'
Ignoring exception in on_member_update
Traceback (most recent call last):
  File "/usr/local/lib/python3.12/site-packages/discord/client.py", line 465, in _run_event
    await coro(*args, **kwargs)
  File "/app/asu_discord/cogs/analytics.py", line 652, in on_member_update
    before_timeout = before.timed_out_until
                     ^^^^^^^^^^^^^^^^^^^^^^
AttributeError: 'Member' object has no attribute 'timed_out_until'
Ignoring exception in on_member_update
Traceback (most recent call last):
  File "/usr/local/lib/python3.12/site-packages/discord/client.py", line 465, in _run_event
    await coro(*args, **kwargs)
  File "/app/asu_discord/cogs/analytics.py", line 652, in on_member_update
    before_timeout = before.timed_out_until
                     ^^^^^^^^^^^^^^^^^^^^^^
AttributeError: 'Member' object has no attribute 'timed_out_until'
Ignoring exception in on_member_update
Traceback (most recent call last):
  File "/usr/local/lib/python3.12/site-packages/discord/client.py", line 465, in _run_event
    await coro(*args, **kwargs)
  File "/app/asu_discord/cogs/analytics.py", line 652, in on_member_update
    before_timeout = before.timed_out_until
                     ^^^^^^^^^^^^^^^^^^^^^^
AttributeError: 'Member' object has no attribute 'timed_out_until'
Ignoring exception in on_member_update
Traceback (most recent call last):
  File "/usr/local/lib/python3.12/site-packages/discord/client.py", line 465, in _run_event
    await coro(*args, **kwargs)
  File "/app/asu_discord/cogs/analytics.py", line 652, in on_member_update
    before_timeout = before.timed_out_until
                     ^^^^^^^^^^^^^^^^^^^^^^
AttributeError: 'Member' object has no attribute 'timed_out_until'
Ignoring exception in on_member_update
Traceback (most recent call last):
  File "/usr/local/lib/python3.12/site-packages/discord/client.py", line 465, in _run_event
    await coro(*args, **kwargs)
  File "/app/asu_discord/cogs/analytics.py", line 652, in on_member_update
    before_timeout = before.timed_out_until
                     ^^^^^^^^^^^^^^^^^^^^^^
AttributeError: 'Member' object has no attribute 'timed_out_until'
Ignoring exception in on_member_update
Traceback (most recent call last):
  File "/usr/local/lib/python3.12/site-packages/discord/client.py", line 465, in _run_event
    await coro(*args, **kwargs)
  File "/app/asu_discord/cogs/analytics.py", line 652, in on_member_update
    before_timeout = before.timed_out_until
                     ^^^^^^^^^^^^^^^^^^^^^^
AttributeError: 'Member' object has no attribute 'timed_out_until'
Ignoring exception in on_member_update
Traceback (most recent call last):
  File "/usr/local/lib/python3.12/site-packages/discord/client.py", line 465, in _run_event
    await coro(*args, **kwargs)
  File "/app/asu_discord/cogs/analytics.py", line 652, in on_member_update
    before_timeout = before.timed_out_until
                     ^^^^^^^^^^^^^^^^^^^^^^
AttributeError: 'Member' object has no attribute 'timed_out_until'
INFO:asu_discord.cogs.verification:Saved 5 roles to database for user ggannon1 (Discord ID: 1459441009443209365)
INFO:asu_discord.cogs.verification:Refreshed Salesforce roles for Discord user 1459441009443209365: -5/+4 roles, assigned=[College of Liberal Arts and Sciences, Commited, First Year, Out of State, Tempe]
Ignoring exception in on_member_update
Traceback (most recent call last):
  File "/usr/local/lib/python3.12/site-packages/discord/client.py", line 465, in _run_event
    await coro(*args, **kwargs)
  File "/app/asu_discord/cogs/analytics.py", line 652, in on_member_update
    before_timeout = before.timed_out_until
                     ^^^^^^^^^^^^^^^^^^^^^^
AttributeError: 'Member' object has no attribute 'timed_out_until'
Ignoring exception in on_member_update
Traceback (most recent call last):
  File "/usr/local/lib/python3.12/site-packages/discord/client.py", line 465, in _run_event
    await coro(*args, **kwargs)
  File "/app/asu_discord/cogs/analytics.py", line 652, in on_member_update
    before_timeout = before.timed_out_until
                     ^^^^^^^^^^^^^^^^^^^^^^
AttributeError: 'Member' object has no attribute 'timed_out_until'
Ignoring exception in on_member_update
Traceback (most recent call last):
  File "/usr/local/lib/python3.12/site-packages/discord/client.py", line 465, in _run_event
    await coro(*args, **kwargs)
  File "/app/asu_discord/cogs/analytics.py", line 652, in on_member_update
    before_timeout = before.timed_out_until
                     ^^^^^^^^^^^^^^^^^^^^^^
AttributeError: 'Member' object has no attribute 'timed_out_until'
Ignoring exception in on_member_update
Traceback (most recent call last):
  File "/usr/local/lib/python3.12/site-packages/discord/client.py", line 465, in _run_event
    await coro(*args, **kwargs)
  File "/app/asu_discord/cogs/analytics.py", line 652, in on_member_update
    before_timeout = before.timed_out_until
                     ^^^^^^^^^^^^^^^^^^^^^^
AttributeError: 'Member' object has no attribute 'timed_out_until'
Ignoring exception in on_member_update
Traceback (most recent call last):
  File "/usr/local/lib/python3.12/site-packages/discord/client.py", line 465, in _run_event
    await coro(*args, **kwargs)
  File "/app/asu_discord/cogs/analytics.py", line 652, in on_member_update
    before_timeout = before.timed_out_until
                     ^^^^^^^^^^^^^^^^^^^^^^
AttributeError: 'Member' object has no attribute 'timed_out_until'
Ignoring exception in on_member_update
Traceback (most recent call last):
  File "/usr/local/lib/python3.12/site-packages/discord/client.py", line 465, in _run_event
    await coro(*args, **kwargs)
  File "/app/asu_discord/cogs/analytics.py", line 652, in on_member_update
    before_timeout = before.timed_out_until
                     ^^^^^^^^^^^^^^^^^^^^^^
AttributeError: 'Member' object has no attribute 'timed_out_until'
Ignoring exception in on_member_update
Traceback (most recent call last):
  File "/usr/local/lib/python3.12/site-packages/discord/client.py", line 465, in _run_event
    await coro(*args, **kwargs)
  File "/app/asu_discord/cogs/analytics.py", line 652, in on_member_update
    before_timeout = before.timed_out_until
                     ^^^^^^^^^^^^^^^^^^^^^^
AttributeError: 'Member' object has no attribute 'timed_out_until'
Ignoring exception in on_member_update
Traceback (most recent call last):
  File "/usr/local/lib/python3.12/site-packages/discord/client.py", line 465, in _run_event
    await coro(*args, **kwargs)
  File "/app/asu_discord/cogs/analytics.py", line 652, in on_member_update
    before_timeout = before.timed_out_until
                     ^^^^^^^^^^^^^^^^^^^^^^
AttributeError: 'Member' object has no attribute 'timed_out_until'
Ignoring exception in on_member_update
Traceback (most recent call last):
  File "/usr/local/lib/python3.12/site-packages/discord/client.py", line 465, in _run_event
    await coro(*args, **kwargs)
  File "/app/asu_discord/cogs/analytics.py", line 652, in on_member_update
    before_timeout = before.timed_out_until
                     ^^^^^^^^^^^^^^^^^^^^^^
AttributeError: 'Member' object has no attribute 'timed_out_until'
INFO:asu_discord.cogs.verification:Saved 5 roles to database for user lchen376 (Discord ID: 1408999323756400732)
INFO:asu_discord.cogs.verification:Refreshed Salesforce roles for Discord user 1408999323756400732: -5/+4 roles, assigned=[Commited, First Year, International Student, Ira A. Fulton Schools of Engineering, Tempe]
Ignoring exception in on_member_update
Traceback (most recent call last):
  File "/usr/local/lib/python3.12/site-packages/discord/client.py", line 465, in _run_event
    await coro(*args, **kwargs)
  File "/app/asu_discord/cogs/analytics.py", line 652, in on_member_update
    before_timeout = before.timed_out_until
                     ^^^^^^^^^^^^^^^^^^^^^^
AttributeError: 'Member' object has no attribute 'timed_out_until'
Ignoring exception in on_member_update
Traceback (most recent call last):
  File "/usr/local/lib/python3.12/site-packages/discord/client.py", line 465, in _run_event
    await coro(*args, **kwargs)
  File "/app/asu_discord/cogs/analytics.py", line 652, in on_member_update
    before_timeout = before.timed_out_until
                     ^^^^^^^^^^^^^^^^^^^^^^
AttributeError: 'Member' object has no attribute 'timed_out_until'
Ignoring exception in on_member_update
Traceback (most recent call last):
  File "/usr/local/lib/python3.12/site-packages/discord/client.py", line 465, in _run_event
    await coro(*args, **kwargs)
  File "/app/asu_discord/cogs/analytics.py", line 652, in on_member_update
    before_timeout = before.timed_out_until
                     ^^^^^^^^^^^^^^^^^^^^^^
AttributeError: 'Member' object has no attribute 'timed_out_until'
Ignoring exception in on_member_update
Traceback (most recent call last):
  File "/usr/local/lib/python3.12/site-packages/discord/client.py", line 465, in _run_event
    await coro(*args, **kwargs)
  File "/app/asu_discord/cogs/analytics.py", line 652, in on_member_update
    before_timeout = before.timed_out_until
                     ^^^^^^^^^^^^^^^^^^^^^^
AttributeError: 'Member' object has no attribute 'timed_out_until'
Ignoring exception in on_member_update
Traceback (most recent call last):
  File "/usr/local/lib/python3.12/site-packages/discord/client.py", line 465, in _run_event
    await coro(*args, **kwargs)
  File "/app/asu_discord/cogs/analytics.py", line 652, in on_member_update
    before_timeout = before.timed_out_until
                     ^^^^^^^^^^^^^^^^^^^^^^
AttributeError: 'Member' object has no attribute 'timed_out_until'
Ignoring exception in on_member_update
Traceback (most recent call last):
  File "/usr/local/lib/python3.12/site-packages/discord/client.py", line 465, in _run_event
    await coro(*args, **kwargs)
  File "/app/asu_discord/cogs/analytics.py", line 652, in on_member_update
    before_timeout = before.timed_out_until
                     ^^^^^^^^^^^^^^^^^^^^^^
AttributeError: 'Member' object has no attribute 'timed_out_until'
Ignoring exception in on_member_update
Traceback (most recent call last):
  File "/usr/local/lib/python3.12/site-packages/discord/client.py", line 465, in _run_event
    await coro(*args, **kwargs)
  File "/app/asu_discord/cogs/analytics.py", line 652, in on_member_update
    before_timeout = before.timed_out_until
                     ^^^^^^^^^^^^^^^^^^^^^^
AttributeError: 'Member' object has no attribute 'timed_out_until'
Ignoring exception in on_member_update
Traceback (most recent call last):
  File "/usr/local/lib/python3.12/site-packages/discord/client.py", line 465, in _run_event
    await coro(*args, **kwargs)
  File "/app/asu_discord/cogs/analytics.py", line 652, in on_member_update
    before_timeout = before.timed_out_until
                     ^^^^^^^^^^^^^^^^^^^^^^
AttributeError: 'Member' object has no attribute 'timed_out_until'
Ignoring exception in on_member_update
Traceback (most recent call last):
  File "/usr/local/lib/python3.12/site-packages/discord/client.py", line 465, in _run_event
    await coro(*args, **kwargs)
  File "/app/asu_discord/cogs/analytics.py", line 652, in on_member_update
    before_timeout = before.timed_out_until
                     ^^^^^^^^^^^^^^^^^^^^^^
AttributeError: 'Member' object has no attribute 'timed_out_until'
Ignoring exception in on_member_update
Traceback (most recent call last):
  File "/usr/local/lib/python3.12/site-packages/discord/client.py", line 465, in _run_event
    await coro(*args, **kwargs)
  File "/app/asu_discord/cogs/analytics.py", line 652, in on_member_update
    before_timeout = before.timed_out_until
                     ^^^^^^^^^^^^^^^^^^^^^^
AttributeError: 'Member' object has no attribute 'timed_out_until'
INFO:asu_discord.cogs.verification:Saved 5 roles to database for user vmunaval (Discord ID: 1378823919544565834)
INFO:asu_discord.cogs.verification:Refreshed Salesforce roles for Discord user 1378823919544565834: -5/+5 roles, assigned=[College of Liberal Arts and Sciences, Commited, First Year, Out of State, Tempe]
Ignoring exception in on_member_update
Traceback (most recent call last):
  File "/usr/local/lib/python3.12/site-packages/discord/client.py", line 465, in _run_event
    await coro(*args, **kwargs)
  File "/app/asu_discord/cogs/analytics.py", line 652, in on_member_update
    before_timeout = before.timed_out_until
                     ^^^^^^^^^^^^^^^^^^^^^^
AttributeError: 'Member' object has no attribute 'timed_out_until'
Ignoring exception in on_member_update
Traceback (most recent call last):
  File "/usr/local/lib/python3.12/site-packages/discord/client.py", line 465, in _run_event
    await coro(*args, **kwargs)
  File "/app/asu_discord/cogs/analytics.py", line 652, in on_member_update
    before_timeout = before.timed_out_until
                     ^^^^^^^^^^^^^^^^^^^^^^
AttributeError: 'Member' object has no attribute 'timed_out_until'
Ignoring exception in on_member_update
Traceback (most recent call last):
  File "/usr/local/lib/python3.12/site-packages/discord/client.py", line 465, in _run_event
    await coro(*args, **kwargs)
  File "/app/asu_discord/cogs/analytics.py", line 652, in on_member_update
    before_timeout = before.timed_out_until
                     ^^^^^^^^^^^^^^^^^^^^^^
AttributeError: 'Member' object has no attribute 'timed_out_until'
Ignoring exception in on_member_update
Traceback (most recent call last):
  File "/usr/local/lib/python3.12/site-packages/discord/client.py", line 465, in _run_event
    await coro(*args, **kwargs)
  File "/app/asu_discord/cogs/analytics.py", line 652, in on_member_update
    before_timeout = before.timed_out_until
                     ^^^^^^^^^^^^^^^^^^^^^^
AttributeError: 'Member' object has no attribute 'timed_out_until'
Ignoring exception in on_member_update
Traceback (most recent call last):
  File "/usr/local/lib/python3.12/site-packages/discord/client.py", line 465, in _run_event
    await coro(*args, **kwargs)
  File "/app/asu_discord/cogs/analytics.py", line 652, in on_member_update
    before_timeout = before.timed_out_until
                     ^^^^^^^^^^^^^^^^^^^^^^
AttributeError: 'Member' object has no attribute 'timed_out_until'
Ignoring exception in on_member_update
Traceback (most recent call last):
  File "/usr/local/lib/python3.12/site-packages/discord/client.py", line 465, in _run_event
    await coro(*args, **kwargs)
  File "/app/asu_discord/cogs/analytics.py", line 652, in on_member_update
    before_timeout = before.timed_out_until
                     ^^^^^^^^^^^^^^^^^^^^^^
AttributeError: 'Member' object has no attribute 'timed_out_until'
Ignoring exception in on_member_update
Traceback (most recent call last):
  File "/usr/local/lib/python3.12/site-packages/discord/client.py", line 465, in _run_event
    await coro(*args, **kwargs)
  File "/app/asu_discord/cogs/analytics.py", line 652, in on_member_update
    before_timeout = before.timed_out_until
                     ^^^^^^^^^^^^^^^^^^^^^^
AttributeError: 'Member' object has no attribute 'timed_out_until'
INFO:asu_discord.cogs.verification:Saved 4 roles to database for user lrkalish (Discord ID: 1440051414696202491)
INFO:asu_discord.cogs.verification:Refreshed Salesforce roles for Discord user 1440051414696202491: -3/+4 roles, assigned=[Arizona Resident, First Year, Ira A. Fulton Schools of Engineering, Tempe]
Ignoring exception in on_member_update
Traceback (most recent call last):
  File "/usr/local/lib/python3.12/site-packages/discord/client.py", line 465, in _run_event
    await coro(*args, **kwargs)
  File "/app/asu_discord/cogs/analytics.py", line 652, in on_member_update
    before_timeout = before.timed_out_until
                     ^^^^^^^^^^^^^^^^^^^^^^
AttributeError: 'Member' object has no attribute 'timed_out_until'
Ignoring exception in on_member_update
Traceback (most recent call last):
  File "/usr/local/lib/python3.12/site-packages/discord/client.py", line 465, in _run_event
    await coro(*args, **kwargs)
  File "/app/asu_discord/cogs/analytics.py", line 652, in on_member_update
    before_timeout = before.timed_out_until
                     ^^^^^^^^^^^^^^^^^^^^^^
AttributeError: 'Member' object has no attribute 'timed_out_until'
Ignoring exception in on_member_update
Traceback (most recent call last):
  File "/usr/local/lib/python3.12/site-packages/discord/client.py", line 465, in _run_event
    await coro(*args, **kwargs)
  File "/app/asu_discord/cogs/analytics.py", line 652, in on_member_update
    before_timeout = before.timed_out_until
                     ^^^^^^^^^^^^^^^^^^^^^^
AttributeError: 'Member' object has no attribute 'timed_out_until'
Ignoring exception in on_member_update
Traceback (most recent call last):
  File "/usr/local/lib/python3.12/site-packages/discord/client.py", line 465, in _run_event
    await coro(*args, **kwargs)
  File "/app/asu_discord/cogs/analytics.py", line 652, in on_member_update
    before_timeout = before.timed_out_until
                     ^^^^^^^^^^^^^^^^^^^^^^
AttributeError: 'Member' object has no attribute 'timed_out_until'
Ignoring exception in on_member_update
Traceback (most recent call last):
  File "/usr/local/lib/python3.12/site-packages/discord/client.py", line 465, in _run_event
    await coro(*args, **kwargs)
  File "/app/asu_discord/cogs/analytics.py", line 652, in on_member_update
    before_timeout = before.timed_out_until
                     ^^^^^^^^^^^^^^^^^^^^^^
AttributeError: 'Member' object has no attribute 'timed_out_until'
Ignoring exception in on_member_update
Traceback (most recent call last):
  File "/usr/local/lib/python3.12/site-packages/discord/client.py", line 465, in _run_event
    await coro(*args, **kwargs)
  File "/app/asu_discord/cogs/analytics.py", line 652, in on_member_update
    before_timeout = before.timed_out_until
                     ^^^^^^^^^^^^^^^^^^^^^^
AttributeError: 'Member' object has no attribute 'timed_out_until'
Ignoring exception in on_member_update
Traceback (most recent call last):
  File "/usr/local/lib/python3.12/site-packages/discord/client.py", line 465, in _run_event
    await coro(*args, **kwargs)
  File "/app/asu_discord/cogs/analytics.py", line 652, in on_member_update
    before_timeout = before.timed_out_until
                     ^^^^^^^^^^^^^^^^^^^^^^
AttributeError: 'Member' object has no attribute 'timed_out_until'
Ignoring exception in on_member_update
Traceback (most recent call last):
  File "/usr/local/lib/python3.12/site-packages/discord/client.py", line 465, in _run_event
    await coro(*args, **kwargs)
  File "/app/asu_discord/cogs/analytics.py", line 652, in on_member_update
    before_timeout = before.timed_out_until
                     ^^^^^^^^^^^^^^^^^^^^^^
AttributeError: 'Member' object has no attribute 'timed_out_until'
Ignoring exception in on_member_update
Traceback (most recent call last):
  File "/usr/local/lib/python3.12/site-packages/discord/client.py", line 465, in _run_event
    await coro(*args, **kwargs)
  File "/app/asu_discord/cogs/analytics.py", line 652, in on_member_update
    before_timeout = before.timed_out_until
                     ^^^^^^^^^^^^^^^^^^^^^^
AttributeError: 'Member' object has no attribute 'timed_out_until'
Ignoring exception in on_member_update
Traceback (most recent call last):
  File "/usr/local/lib/python3.12/site-packages/discord/client.py", line 465, in _run_event
    await coro(*args, **kwargs)
  File "/app/asu_discord/cogs/analytics.py", line 652, in on_member_update
    before_timeout = before.timed_out_until
                     ^^^^^^^^^^^^^^^^^^^^^^
AttributeError: 'Member' object has no attribute 'timed_out_until'
INFO:asu_discord.cogs.verification:Saved 5 roles to database for user kpratt15 (Discord ID: 1459623931291107335)
INFO:asu_discord.cogs.verification:Refreshed Salesforce roles for Discord user 1459623931291107335: -5/+5 roles, assigned=[Arizona Resident, Commited, First Year, Tempe, W.P. Carey School of Business]
Ignoring exception in on_member_update
Traceback (most recent call last):
  File "/usr/local/lib/python3.12/site-packages/discord/client.py", line 465, in _run_event
    await coro(*args, **kwargs)
  File "/app/asu_discord/cogs/analytics.py", line 652, in on_member_update
    before_timeout = before.timed_out_until
                     ^^^^^^^^^^^^^^^^^^^^^^
AttributeError: 'Member' object has no attribute 'timed_out_until'
Ignoring exception in on_member_update
Traceback (most recent call last):
  File "/usr/local/lib/python3.12/site-packages/discord/client.py", line 465, in _run_event
    await coro(*args, **kwargs)
  File "/app/asu_discord/cogs/analytics.py", line 652, in on_member_update
    before_timeout = before.timed_out_until
                     ^^^^^^^^^^^^^^^^^^^^^^
AttributeError: 'Member' object has no attribute 'timed_out_until'
Ignoring exception in on_member_update
Traceback (most recent call last):
  File "/usr/local/lib/python3.12/site-packages/discord/client.py", line 465, in _run_event
    await coro(*args, **kwargs)
  File "/app/asu_discord/cogs/analytics.py", line 652, in on_member_update
    before_timeout = before.timed_out_until
                     ^^^^^^^^^^^^^^^^^^^^^^
AttributeError: 'Member' object has no attribute 'timed_out_until'
Ignoring exception in on_member_update
Traceback (most recent call last):
  File "/usr/local/lib/python3.12/site-packages/discord/client.py", line 465, in _run_event
    await coro(*args, **kwargs)
  File "/app/asu_discord/cogs/analytics.py", line 652, in on_member_update
    before_timeout = before.timed_out_until
                     ^^^^^^^^^^^^^^^^^^^^^^
AttributeError: 'Member' object has no attribute 'timed_out_until'
Ignoring exception in on_member_update
Traceback (most recent call last):
  File "/usr/local/lib/python3.12/site-packages/discord/client.py", line 465, in _run_event
    await coro(*args, **kwargs)
  File "/app/asu_discord/cogs/analytics.py", line 652, in on_member_update
    before_timeout = before.timed_out_until
                     ^^^^^^^^^^^^^^^^^^^^^^
AttributeError: 'Member' object has no attribute 'timed_out_until'
Ignoring exception in on_member_update
Traceback (most recent call last):
  File "/usr/local/lib/python3.12/site-packages/discord/client.py", line 465, in _run_event
    await coro(*args, **kwargs)
  File "/app/asu_discord/cogs/analytics.py", line 652, in on_member_update
    before_timeout = before.timed_out_until
                     ^^^^^^^^^^^^^^^^^^^^^^
AttributeError: 'Member' object has no attribute 'timed_out_until'
Ignoring exception in on_member_update
Traceback (most recent call last):
  File "/usr/local/lib/python3.12/site-packages/discord/client.py", line 465, in _run_event
    await coro(*args, **kwargs)
  File "/app/asu_discord/cogs/analytics.py", line 652, in on_member_update
    before_timeout = before.timed_out_until
                     ^^^^^^^^^^^^^^^^^^^^^^
AttributeError: 'Member' object has no attribute 'timed_out_until'
Ignoring exception in on_member_update
Traceback (most recent call last):
  File "/usr/local/lib/python3.12/site-packages/discord/client.py", line 465, in _run_event
    await coro(*args, **kwargs)
  File "/app/asu_discord/cogs/analytics.py", line 652, in on_member_update
    before_timeout = before.timed_out_until
                     ^^^^^^^^^^^^^^^^^^^^^^
AttributeError: 'Member' object has no attribute 'timed_out_until'
Ignoring exception in on_member_update
Traceback (most recent call last):
  File "/usr/local/lib/python3.12/site-packages/discord/client.py", line 465, in _run_event
    await coro(*args, **kwargs)
  File "/app/asu_discord/cogs/analytics.py", line 652, in on_member_update
    before_timeout = before.timed_out_until
                     ^^^^^^^^^^^^^^^^^^^^^^
AttributeError: 'Member' object has no attribute 'timed_out_until'
INFO:asu_discord.cogs.verification:Saved 5 roles to database for user ejhorto2 (Discord ID: 1459626215936626688)
INFO:asu_discord.cogs.verification:Refreshed Salesforce roles for Discord user 1459626215936626688: -5/+4 roles, assigned=[Arizona Resident, Commited, First Year, Tempe, W.P. Carey School of Business]
Ignoring exception in on_member_update
Traceback (most recent call last):
  File "/usr/local/lib/python3.12/site-packages/discord/client.py", line 465, in _run_event
    await coro(*args, **kwargs)
  File "/app/asu_discord/cogs/analytics.py", line 652, in on_member_update
    before_timeout = before.timed_out_until
                     ^^^^^^^^^^^^^^^^^^^^^^
AttributeError: 'Member' object has no attribute 'timed_out_until'
Ignoring exception in on_member_update
Traceback (most recent call last):
  File "/usr/local/lib/python3.12/site-packages/discord/client.py", line 465, in _run_event
    await coro(*args, **kwargs)
  File "/app/asu_discord/cogs/analytics.py", line 652, in on_member_update
    before_timeout = before.timed_out_until
                     ^^^^^^^^^^^^^^^^^^^^^^
AttributeError: 'Member' object has no attribute 'timed_out_until'
Ignoring exception in on_member_update
Traceback (most recent call last):
  File "/usr/local/lib/python3.12/site-packages/discord/client.py", line 465, in _run_event
    await coro(*args, **kwargs)
  File "/app/asu_discord/cogs/analytics.py", line 652, in on_member_update
    before_timeout = before.timed_out_until
                     ^^^^^^^^^^^^^^^^^^^^^^
AttributeError: 'Member' object has no attribute 'timed_out_until'
Ignoring exception in on_member_update
Traceback (most recent call last):
  File "/usr/local/lib/python3.12/site-packages/discord/client.py", line 465, in _run_event
    await coro(*args, **kwargs)
  File "/app/asu_discord/cogs/analytics.py", line 652, in on_member_update
    before_timeout = before.timed_out_until
                     ^^^^^^^^^^^^^^^^^^^^^^
AttributeError: 'Member' object has no attribute 'timed_out_until'
Ignoring exception in on_member_update
Traceback (most recent call last):
  File "/usr/local/lib/python3.12/site-packages/discord/client.py", line 465, in _run_event
    await coro(*args, **kwargs)
  File "/app/asu_discord/cogs/analytics.py", line 652, in on_member_update
    before_timeout = before.timed_out_until
                     ^^^^^^^^^^^^^^^^^^^^^^
AttributeError: 'Member' object has no attribute 'timed_out_until'
Ignoring exception in on_member_update
Traceback (most recent call last):
  File "/usr/local/lib/python3.12/site-packages/discord/client.py", line 465, in _run_event
    await coro(*args, **kwargs)
  File "/app/asu_discord/cogs/analytics.py", line 652, in on_member_update
    before_timeout = before.timed_out_until
                     ^^^^^^^^^^^^^^^^^^^^^^
AttributeError: 'Member' object has no attribute 'timed_out_until'
Ignoring exception in on_member_update
Traceback (most recent call last):
  File "/usr/local/lib/python3.12/site-packages/discord/client.py", line 465, in _run_event
    await coro(*args, **kwargs)
  File "/app/asu_discord/cogs/analytics.py", line 652, in on_member_update
    before_timeout = before.timed_out_until
                     ^^^^^^^^^^^^^^^^^^^^^^
AttributeError: 'Member' object has no attribute 'timed_out_until'
Ignoring exception in on_member_update
Traceback (most recent call last):
  File "/usr/local/lib/python3.12/site-packages/discord/client.py", line 465, in _run_event
    await coro(*args, **kwargs)
  File "/app/asu_discord/cogs/analytics.py", line 652, in on_member_update
    before_timeout = before.timed_out_until
                     ^^^^^^^^^^^^^^^^^^^^^^
AttributeError: 'Member' object has no attribute 'timed_out_until'
INFO:asu_discord.cogs.verification:Saved 4 roles to database for user kaschul8 (Discord ID: 709626021846057001)
INFO:asu_discord.cogs.verification:Refreshed Salesforce roles for Discord user 709626021846057001: -4/+4 roles, assigned=[First Year, Ira A. Fulton Schools of Engineering, Out of State, Polytechnic]
Ignoring exception in on_member_update
Traceback (most recent call last):
  File "/usr/local/lib/python3.12/site-packages/discord/client.py", line 465, in _run_event
    await coro(*args, **kwargs)
  File "/app/asu_discord/cogs/analytics.py", line 652, in on_member_update
    before_timeout = before.timed_out_until
                     ^^^^^^^^^^^^^^^^^^^^^^
AttributeError: 'Member' object has no attribute 'timed_out_until'
Ignoring exception in on_member_update
Traceback (most recent call last):
  File "/usr/local/lib/python3.12/site-packages/discord/client.py", line 465, in _run_event
    await coro(*args, **kwargs)
  File "/app/asu_discord/cogs/analytics.py", line 652, in on_member_update
    before_timeout = before.timed_out_until
                     ^^^^^^^^^^^^^^^^^^^^^^
AttributeError: 'Member' object has no attribute 'timed_out_until'
Ignoring exception in on_member_update
Traceback (most recent call last):
  File "/usr/local/lib/python3.12/site-packages/discord/client.py", line 465, in _run_event
    await coro(*args, **kwargs)
  File "/app/asu_discord/cogs/analytics.py", line 652, in on_member_update
    before_timeout = before.timed_out_until
                     ^^^^^^^^^^^^^^^^^^^^^^
AttributeError: 'Member' object has no attribute 'timed_out_until'
Ignoring exception in on_member_update
Traceback (most recent call last):
  File "/usr/local/lib/python3.12/site-packages/discord/client.py", line 465, in _run_event
    await coro(*args, **kwargs)
  File "/app/asu_discord/cogs/analytics.py", line 652, in on_member_update
    before_timeout = before.timed_out_until
                     ^^^^^^^^^^^^^^^^^^^^^^
AttributeError: 'Member' object has no attribute 'timed_out_until'
Ignoring exception in on_member_update
Traceback (most recent call last):
  File "/usr/local/lib/python3.12/site-packages/discord/client.py", line 465, in _run_event
    await coro(*args, **kwargs)
  File "/app/asu_discord/cogs/analytics.py", line 652, in on_member_update
    before_timeout = before.timed_out_until
                     ^^^^^^^^^^^^^^^^^^^^^^
AttributeError: 'Member' object has no attribute 'timed_out_until'
Ignoring exception in on_member_update
Traceback (most recent call last):
  File "/usr/local/lib/python3.12/site-packages/discord/client.py", line 465, in _run_event
    await coro(*args, **kwargs)
  File "/app/asu_discord/cogs/analytics.py", line 652, in on_member_update
    before_timeout = before.timed_out_until
                     ^^^^^^^^^^^^^^^^^^^^^^
AttributeError: 'Member' object has no attribute 'timed_out_until'
Ignoring exception in on_member_update
Traceback (most recent call last):
  File "/usr/local/lib/python3.12/site-packages/discord/client.py", line 465, in _run_event
    await coro(*args, **kwargs)
  File "/app/asu_discord/cogs/analytics.py", line 652, in on_member_update
    before_timeout = before.timed_out_until
                     ^^^^^^^^^^^^^^^^^^^^^^
AttributeError: 'Member' object has no attribute 'timed_out_until'
Ignoring exception in on_member_update
Traceback (most recent call last):
  File "/usr/local/lib/python3.12/site-packages/discord/client.py", line 465, in _run_event
    await coro(*args, **kwargs)
  File "/app/asu_discord/cogs/analytics.py", line 652, in on_member_update
    before_timeout = before.timed_out_until
                     ^^^^^^^^^^^^^^^^^^^^^^
AttributeError: 'Member' object has no attribute 'timed_out_until'
Ignoring exception in on_member_update
Traceback (most recent call last):
  File "/usr/local/lib/python3.12/site-packages/discord/client.py", line 465, in _run_event
    await coro(*args, **kwargs)
  File "/app/asu_discord/cogs/analytics.py", line 652, in on_member_update
    before_timeout = before.timed_out_until
                     ^^^^^^^^^^^^^^^^^^^^^^
AttributeError: 'Member' object has no attribute 'timed_out_until'
Ignoring exception in on_member_update
Traceback (most recent call last):
  File "/usr/local/lib/python3.12/site-packages/discord/client.py", line 465, in _run_event
    await coro(*args, **kwargs)
  File "/app/asu_discord/cogs/analytics.py", line 652, in on_member_update
    before_timeout = before.timed_out_until
                     ^^^^^^^^^^^^^^^^^^^^^^
AttributeError: 'Member' object has no attribute 'timed_out_until'
ERROR:cron.jobs:refresh_salesforce_roles: failed for ajuneja9 (Discord ID 848475111371046922): Timed out refresh Salesforce-based roles
Ignoring exception in on_member_update
Traceback (most recent call last):
  File "/usr/local/lib/python3.12/site-packages/discord/client.py", line 465, in _run_event
    await coro(*args, **kwargs)
  File "/app/asu_discord/cogs/analytics.py", line 652, in on_member_update
    before_timeout = before.timed_out_until
                     ^^^^^^^^^^^^^^^^^^^^^^
AttributeError: 'Member' object has no attribute 'timed_out_until'
Ignoring exception in on_member_update
Traceback (most recent call last):
  File "/usr/local/lib/python3.12/site-packages/discord/client.py", line 465, in _run_event
    await coro(*args, **kwargs)
  File "/app/asu_discord/cogs/analytics.py", line 652, in on_member_update
    before_timeout = before.timed_out_until
                     ^^^^^^^^^^^^^^^^^^^^^^
AttributeError: 'Member' object has no attribute 'timed_out_until'
Ignoring exception in on_member_update
Traceback (most recent call last):
  File "/usr/local/lib/python3.12/site-packages/discord/client.py", line 465, in _run_event
    await coro(*args, **kwargs)
  File "/app/asu_discord/cogs/analytics.py", line 652, in on_member_update
    before_timeout = before.timed_out_until
                     ^^^^^^^^^^^^^^^^^^^^^^
AttributeError: 'Member' object has no attribute 'timed_out_until'
Ignoring exception in on_member_update
Traceback (most recent call last):
  File "/usr/local/lib/python3.12/site-packages/discord/client.py", line 465, in _run_event
    await coro(*args, **kwargs)
  File "/app/asu_discord/cogs/analytics.py", line 652, in on_member_update
    before_timeout = before.timed_out_until
                     ^^^^^^^^^^^^^^^^^^^^^^
AttributeError: 'Member' object has no attribute 'timed_out_until'
Ignoring exception in on_member_update
Traceback (most recent call last):
  File "/usr/local/lib/python3.12/site-packages/discord/client.py", line 465, in _run_event
    await coro(*args, **kwargs)
  File "/app/asu_discord/cogs/analytics.py", line 652, in on_member_update
    before_timeout = before.timed_out_until
                     ^^^^^^^^^^^^^^^^^^^^^^
AttributeError: 'Member' object has no attribute 'timed_out_until'
Ignoring exception in on_member_update
Traceback (most recent call last):
  File "/usr/local/lib/python3.12/site-packages/discord/client.py", line 465, in _run_event
    await coro(*args, **kwargs)
  File "/app/asu_discord/cogs/analytics.py", line 652, in on_member_update
    before_timeout = before.timed_out_until
                     ^^^^^^^^^^^^^^^^^^^^^^
AttributeError: 'Member' object has no attribute 'timed_out_until'
Ignoring exception in on_member_update
Traceback (most recent call last):
  File "/usr/local/lib/python3.12/site-packages/discord/client.py", line 465, in _run_event
    await coro(*args, **kwargs)
  File "/app/asu_discord/cogs/analytics.py", line 652, in on_member_update
    before_timeout = before.timed_out_until
                     ^^^^^^^^^^^^^^^^^^^^^^
AttributeError: 'Member' object has no attribute 'timed_out_until'
Ignoring exception in on_member_update
Traceback (most recent call last):
  File "/usr/local/lib/python3.12/site-packages/discord/client.py", line 465, in _run_event
    await coro(*args, **kwargs)
  File "/app/asu_discord/cogs/analytics.py", line 652, in on_member_update
    before_timeout = before.timed_out_until
                     ^^^^^^^^^^^^^^^^^^^^^^
AttributeError: 'Member' object has no attribute 'timed_out_until'
Ignoring exception in on_member_update
Traceback (most recent call last):
  File "/usr/local/lib/python3.12/site-packages/discord/client.py", line 465, in _run_event
    await coro(*args, **kwargs)
  File "/app/asu_discord/cogs/analytics.py", line 652, in on_member_update
    before_timeout = before.timed_out_until
                     ^^^^^^^^^^^^^^^^^^^^^^
AttributeError: 'Member' object has no attribute 'timed_out_until'
INFO:asu_discord.cogs.verification:Saved 5 roles to database for user jawilk15 (Discord ID: 1049199661984006164)
INFO:asu_discord.cogs.verification:Refreshed Salesforce roles for Discord user 1049199661984006164: -5/+4 roles, assigned=[College of Liberal Arts and Sciences, Commited, First Year, Out of State, Tempe]
Ignoring exception in on_member_update
Traceback (most recent call last):
  File "/usr/local/lib/python3.12/site-packages/discord/client.py", line 465, in _run_event
    await coro(*args, **kwargs)
  File "/app/asu_discord/cogs/analytics.py", line 652, in on_member_update
    before_timeout = before.timed_out_until
                     ^^^^^^^^^^^^^^^^^^^^^^
AttributeError: 'Member' object has no attribute 'timed_out_until'
Ignoring exception in on_member_update
Traceback (most recent call last):
  File "/usr/local/lib/python3.12/site-packages/discord/client.py", line 465, in _run_event
    await coro(*args, **kwargs)
  File "/app/asu_discord/cogs/analytics.py", line 652, in on_member_update
    before_timeout = before.timed_out_until
                     ^^^^^^^^^^^^^^^^^^^^^^
AttributeError: 'Member' object has no attribute 'timed_out_until'
Ignoring exception in on_member_update
Traceback (most recent call last):
  File "/usr/local/lib/python3.12/site-packages/discord/client.py", line 465, in _run_event
    await coro(*args, **kwargs)
  File "/app/asu_discord/cogs/analytics.py", line 652, in on_member_update
    before_timeout = before.timed_out_until
                     ^^^^^^^^^^^^^^^^^^^^^^
AttributeError: 'Member' object has no attribute 'timed_out_until'
Ignoring exception in on_member_update
Traceback (most recent call last):
  File "/usr/local/lib/python3.12/site-packages/discord/client.py", line 465, in _run_event
    await coro(*args, **kwargs)
  File "/app/asu_discord/cogs/analytics.py", line 652, in on_member_update
    before_timeout = before.timed_out_until
                     ^^^^^^^^^^^^^^^^^^^^^^
AttributeError: 'Member' object has no attribute 'timed_out_until'
Ignoring exception in on_member_update
Traceback (most recent call last):
  File "/usr/local/lib/python3.12/site-packages/discord/client.py", line 465, in _run_event
    await coro(*args, **kwargs)
  File "/app/asu_discord/cogs/analytics.py", line 652, in on_member_update
    before_timeout = before.timed_out_until
                     ^^^^^^^^^^^^^^^^^^^^^^
AttributeError: 'Member' object has no attribute 'timed_out_until'
Ignoring exception in on_member_update
Traceback (most recent call last):
  File "/usr/local/lib/python3.12/site-packages/discord/client.py", line 465, in _run_event
    await coro(*args, **kwargs)
  File "/app/asu_discord/cogs/analytics.py", line 652, in on_member_update
    before_timeout = before.timed_out_until
                     ^^^^^^^^^^^^^^^^^^^^^^
AttributeError: 'Member' object has no attribute 'timed_out_until'
Ignoring exception in on_member_update
Traceback (most recent call last):
  File "/usr/local/lib/python3.12/site-packages/discord/client.py", line 465, in _run_event
    await coro(*args, **kwargs)
  File "/app/asu_discord/cogs/analytics.py", line 652, in on_member_update
    before_timeout = before.timed_out_until
                     ^^^^^^^^^^^^^^^^^^^^^^
AttributeError: 'Member' object has no attribute 'timed_out_until'
Ignoring exception in on_member_update
Traceback (most recent call last):
  File "/usr/local/lib/python3.12/site-packages/discord/client.py", line 465, in _run_event
    await coro(*args, **kwargs)
  File "/app/asu_discord/cogs/analytics.py", line 652, in on_member_update
    before_timeout = before.timed_out_until
                     ^^^^^^^^^^^^^^^^^^^^^^
AttributeError: 'Member' object has no attribute 'timed_out_until'
Ignoring exception in on_member_update
Traceback (most recent call last):
  File "/usr/local/lib/python3.12/site-packages/discord/client.py", line 465, in _run_event
    await coro(*args, **kwargs)
  File "/app/asu_discord/cogs/analytics.py", line 652, in on_member_update
    before_timeout = before.timed_out_until
                     ^^^^^^^^^^^^^^^^^^^^^^
AttributeError: 'Member' object has no attribute 'timed_out_until'
Ignoring exception in on_member_update
Traceback (most recent call last):
  File "/usr/local/lib/python3.12/site-packages/discord/client.py", line 465, in _run_event
    await coro(*args, **kwargs)
  File "/app/asu_discord/cogs/analytics.py", line 652, in on_member_update
    before_timeout = before.timed_out_until
                     ^^^^^^^^^^^^^^^^^^^^^^
AttributeError: 'Member' object has no attribute 'timed_out_until'
Ignoring exception in on_member_update
Traceback (most recent call last):
  File "/usr/local/lib/python3.12/site-packages/discord/client.py", line 465, in _run_event
    await coro(*args, **kwargs)
  File "/app/asu_discord/cogs/analytics.py", line 652, in on_member_update
    before_timeout = before.timed_out_until
                     ^^^^^^^^^^^^^^^^^^^^^^
AttributeError: 'Member' object has no attribute 'timed_out_until'
ERROR:cron.jobs:refresh_salesforce_roles: failed for hahmed36 (Discord ID 698212993397424309): Timed out refresh Salesforce-based roles
ERROR:cron.jobs:refresh_salesforce_roles: failed for alaranja (Discord ID 882971305257861140): Failed to refresh Salesforce-based roles: Discord user 882971305257861140 is not a member of the guild
Ignoring exception in on_member_update
Traceback (most recent call last):
  File "/usr/local/lib/python3.12/site-packages/discord/client.py", line 465, in _run_event
    await coro(*args, **kwargs)
  File "/app/asu_discord/cogs/analytics.py", line 652, in on_member_update
    before_timeout = before.timed_out_until
                     ^^^^^^^^^^^^^^^^^^^^^^
AttributeError: 'Member' object has no attribute 'timed_out_until'
Ignoring exception in on_member_update
Traceback (most recent call last):
  File "/usr/local/lib/python3.12/site-packages/discord/client.py", line 465, in _run_event
    await coro(*args, **kwargs)
  File "/app/asu_discord/cogs/analytics.py", line 652, in on_member_update
    before_timeout = before.timed_out_until
                     ^^^^^^^^^^^^^^^^^^^^^^
AttributeError: 'Member' object has no attribute 'timed_out_until'
Ignoring exception in on_member_update
Traceback (most recent call last):
  File "/usr/local/lib/python3.12/site-packages/discord/client.py", line 465, in _run_event
    await coro(*args, **kwargs)
  File "/app/asu_discord/cogs/analytics.py", line 652, in on_member_update
    before_timeout = before.timed_out_until
                     ^^^^^^^^^^^^^^^^^^^^^^
AttributeError: 'Member' object has no attribute 'timed_out_until'
Ignoring exception in on_member_update
Traceback (most recent call last):
  File "/usr/local/lib/python3.12/site-packages/discord/client.py", line 465, in _run_event
    await coro(*args, **kwargs)
  File "/app/asu_discord/cogs/analytics.py", line 652, in on_member_update
    before_timeout = before.timed_out_until
                     ^^^^^^^^^^^^^^^^^^^^^^
AttributeError: 'Member' object has no attribute 'timed_out_until'
Ignoring exception in on_member_update
Traceback (most recent call last):
  File "/usr/local/lib/python3.12/site-packages/discord/client.py", line 465, in _run_event
    await coro(*args, **kwargs)
  File "/app/asu_discord/cogs/analytics.py", line 652, in on_member_update
    before_timeout = before.timed_out_until
                     ^^^^^^^^^^^^^^^^^^^^^^
AttributeError: 'Member' object has no attribute 'timed_out_until'
Ignoring exception in on_member_update
Traceback (most recent call last):
  File "/usr/local/lib/python3.12/site-packages/discord/client.py", line 465, in _run_event
    await coro(*args, **kwargs)
  File "/app/asu_discord/cogs/analytics.py", line 652, in on_member_update
    before_timeout = before.timed_out_until
                     ^^^^^^^^^^^^^^^^^^^^^^
AttributeError: 'Member' object has no attribute 'timed_out_until'
Ignoring exception in on_member_update
Traceback (most recent call last):
  File "/usr/local/lib/python3.12/site-packages/discord/client.py", line 465, in _run_event
    await coro(*args, **kwargs)
  File "/app/asu_discord/cogs/analytics.py", line 652, in on_member_update
    before_timeout = before.timed_out_until
                     ^^^^^^^^^^^^^^^^^^^^^^
AttributeError: 'Member' object has no attribute 'timed_out_until'
Ignoring exception in on_member_update
Traceback (most recent call last):
  File "/usr/local/lib/python3.12/site-packages/discord/client.py", line 465, in _run_event
    await coro(*args, **kwargs)
  File "/app/asu_discord/cogs/analytics.py", line 652, in on_member_update
    before_timeout = before.timed_out_until
                     ^^^^^^^^^^^^^^^^^^^^^^
AttributeError: 'Member' object has no attribute 'timed_out_until'
Ignoring exception in on_member_update
Traceback (most recent call last):
  File "/usr/local/lib/python3.12/site-packages/discord/client.py", line 465, in _run_event
    await coro(*args, **kwargs)
  File "/app/asu_discord/cogs/analytics.py", line 652, in on_member_update
    before_timeout = before.timed_out_until
                     ^^^^^^^^^^^^^^^^^^^^^^
AttributeError: 'Member' object has no attribute 'timed_out_until'
INFO:asu_discord.cogs.verification:Saved 5 roles to database for user rhfindle (Discord ID: 695370588314665080)
INFO:asu_discord.cogs.verification:Refreshed Salesforce roles for Discord user 695370588314665080: -4/+5 roles, assigned=[Commited, First Year, Ira A. Fulton Schools of Engineering, Out of State, Tempe]
Ignoring exception in on_member_update
Traceback (most recent call last):
  File "/usr/local/lib/python3.12/site-packages/discord/client.py", line 465, in _run_event
    await coro(*args, **kwargs)
  File "/app/asu_discord/cogs/analytics.py", line 652, in on_member_update
    before_timeout = before.timed_out_until
                     ^^^^^^^^^^^^^^^^^^^^^^
AttributeError: 'Member' object has no attribute 'timed_out_until'
Ignoring exception in on_member_update
Traceback (most recent call last):
  File "/usr/local/lib/python3.12/site-packages/discord/client.py", line 465, in _run_event
    await coro(*args, **kwargs)
  File "/app/asu_discord/cogs/analytics.py", line 652, in on_member_update
    before_timeout = before.timed_out_until
                     ^^^^^^^^^^^^^^^^^^^^^^
AttributeError: 'Member' object has no attribute 'timed_out_until'
Ignoring exception in on_member_update
Traceback (most recent call last):
  File "/usr/local/lib/python3.12/site-packages/discord/client.py", line 465, in _run_event
    await coro(*args, **kwargs)
  File "/app/asu_discord/cogs/analytics.py", line 652, in on_member_update
    before_timeout = before.timed_out_until
                     ^^^^^^^^^^^^^^^^^^^^^^
AttributeError: 'Member' object has no attribute 'timed_out_until'
Ignoring exception in on_member_update
Traceback (most recent call last):
  File "/usr/local/lib/python3.12/site-packages/discord/client.py", line 465, in _run_event
    await coro(*args, **kwargs)
  File "/app/asu_discord/cogs/analytics.py", line 652, in on_member_update
    before_timeout = before.timed_out_until
                     ^^^^^^^^^^^^^^^^^^^^^^
AttributeError: 'Member' object has no attribute 'timed_out_until'
Ignoring exception in on_member_update
Traceback (most recent call last):
  File "/usr/local/lib/python3.12/site-packages/discord/client.py", line 465, in _run_event
    await coro(*args, **kwargs)
  File "/app/asu_discord/cogs/analytics.py", line 652, in on_member_update
    before_timeout = before.timed_out_until
                     ^^^^^^^^^^^^^^^^^^^^^^
AttributeError: 'Member' object has no attribute 'timed_out_until'
Ignoring exception in on_member_update
Traceback (most recent call last):
  File "/usr/local/lib/python3.12/site-packages/discord/client.py", line 465, in _run_event
    await coro(*args, **kwargs)
  File "/app/asu_discord/cogs/analytics.py", line 652, in on_member_update
    before_timeout = before.timed_out_until
                     ^^^^^^^^^^^^^^^^^^^^^^
AttributeError: 'Member' object has no attribute 'timed_out_until'
Ignoring exception in on_member_update
Traceback (most recent call last):
  File "/usr/local/lib/python3.12/site-packages/discord/client.py", line 465, in _run_event
    await coro(*args, **kwargs)
  File "/app/asu_discord/cogs/analytics.py", line 652, in on_member_update
    before_timeout = before.timed_out_until
                     ^^^^^^^^^^^^^^^^^^^^^^
AttributeError: 'Member' object has no attribute 'timed_out_until'
Ignoring exception in on_member_update
Traceback (most recent call last):
  File "/usr/local/lib/python3.12/site-packages/discord/client.py", line 465, in _run_event
    await coro(*args, **kwargs)
  File "/app/asu_discord/cogs/analytics.py", line 652, in on_member_update
    before_timeout = before.timed_out_until
                     ^^^^^^^^^^^^^^^^^^^^^^
AttributeError: 'Member' object has no attribute 'timed_out_until'
Ignoring exception in on_member_update
Traceback (most recent call last):
  File "/usr/local/lib/python3.12/site-packages/discord/client.py", line 465, in _run_event
    await coro(*args, **kwargs)
  File "/app/asu_discord/cogs/analytics.py", line 652, in on_member_update
    before_timeout = before.timed_out_until
                     ^^^^^^^^^^^^^^^^^^^^^^
AttributeError: 'Member' object has no attribute 'timed_out_until'
Ignoring exception in on_member_update
Traceback (most recent call last):
  File "/usr/local/lib/python3.12/site-packages/discord/client.py", line 465, in _run_event
    await coro(*args, **kwargs)
  File "/app/asu_discord/cogs/analytics.py", line 652, in on_member_update
    before_timeout = before.timed_out_until
                     ^^^^^^^^^^^^^^^^^^^^^^
AttributeError: 'Member' object has no attribute 'timed_out_until'
INFO:asu_discord.cogs.verification:Saved 5 roles to database for user paruiz8 (Discord ID: 1229640517818650625)
INFO:asu_discord.cogs.verification:Refreshed Salesforce roles for Discord user 1229640517818650625: -5/+5 roles, assigned=[College of Global Futures, Commited, Out of State, Tempe, Transfer Student]
Ignoring exception in on_member_update
Traceback (most recent call last):
  File "/usr/local/lib/python3.12/site-packages/discord/client.py", line 465, in _run_event
    await coro(*args, **kwargs)
  File "/app/asu_discord/cogs/analytics.py", line 652, in on_member_update
    before_timeout = before.timed_out_until
                     ^^^^^^^^^^^^^^^^^^^^^^
AttributeError: 'Member' object has no attribute 'timed_out_until'
Ignoring exception in on_member_update
Traceback (most recent call last):
  File "/usr/local/lib/python3.12/site-packages/discord/client.py", line 465, in _run_event
    await coro(*args, **kwargs)
  File "/app/asu_discord/cogs/analytics.py", line 652, in on_member_update
    before_timeout = before.timed_out_until
                     ^^^^^^^^^^^^^^^^^^^^^^
AttributeError: 'Member' object has no attribute 'timed_out_until'
Ignoring exception in on_member_update
Traceback (most recent call last):
  File "/usr/local/lib/python3.12/site-packages/discord/client.py", line 465, in _run_event
    await coro(*args, **kwargs)
  File "/app/asu_discord/cogs/analytics.py", line 652, in on_member_update
    before_timeout = before.timed_out_until
                     ^^^^^^^^^^^^^^^^^^^^^^
AttributeError: 'Member' object has no attribute 'timed_out_until'
Ignoring exception in on_member_update
Traceback (most recent call last):
  File "/usr/local/lib/python3.12/site-packages/discord/client.py", line 465, in _run_event
    await coro(*args, **kwargs)
  File "/app/asu_discord/cogs/analytics.py", line 652, in on_member_update
    before_timeout = before.timed_out_until
                     ^^^^^^^^^^^^^^^^^^^^^^
AttributeError: 'Member' object has no attribute 'timed_out_until'
Ignoring exception in on_member_update
Traceback (most recent call last):
  File "/usr/local/lib/python3.12/site-packages/discord/client.py", line 465, in _run_event
    await coro(*args, **kwargs)
  File "/app/asu_discord/cogs/analytics.py", line 652, in on_member_update
    before_timeout = before.timed_out_until
                     ^^^^^^^^^^^^^^^^^^^^^^
AttributeError: 'Member' object has no attribute 'timed_out_until'
Ignoring exception in on_member_update
Traceback (most recent call last):
  File "/usr/local/lib/python3.12/site-packages/discord/client.py", line 465, in _run_event
    await coro(*args, **kwargs)
  File "/app/asu_discord/cogs/analytics.py", line 652, in on_member_update
    before_timeout = before.timed_out_until
                     ^^^^^^^^^^^^^^^^^^^^^^
AttributeError: 'Member' object has no attribute 'timed_out_until'
Ignoring exception in on_member_update
Traceback (most recent call last):
  File "/usr/local/lib/python3.12/site-packages/discord/client.py", line 465, in _run_event
    await coro(*args, **kwargs)
  File "/app/asu_discord/cogs/analytics.py", line 652, in on_member_update
    before_timeout = before.timed_out_until
                     ^^^^^^^^^^^^^^^^^^^^^^
AttributeError: 'Member' object has no attribute 'timed_out_until'
Ignoring exception in on_member_update
Traceback (most recent call last):
  File "/usr/local/lib/python3.12/site-packages/discord/client.py", line 465, in _run_event
    await coro(*args, **kwargs)
  File "/app/asu_discord/cogs/analytics.py", line 652, in on_member_update
    before_timeout = before.timed_out_until
                     ^^^^^^^^^^^^^^^^^^^^^^
AttributeError: 'Member' object has no attribute 'timed_out_until'
Ignoring exception in on_member_update
Traceback (most recent call last):
  File "/usr/local/lib/python3.12/site-packages/discord/client.py", line 465, in _run_event
    await coro(*args, **kwargs)
  File "/app/asu_discord/cogs/analytics.py", line 652, in on_member_update
    before_timeout = before.timed_out_until
                     ^^^^^^^^^^^^^^^^^^^^^^
AttributeError: 'Member' object has no attribute 'timed_out_until'
Ignoring exception in on_member_update
Traceback (most recent call last):
  File "/usr/local/lib/python3.12/site-packages/discord/client.py", line 465, in _run_event
    await coro(*args, **kwargs)
  File "/app/asu_discord/cogs/analytics.py", line 652, in on_member_update
    before_timeout = before.timed_out_until
                     ^^^^^^^^^^^^^^^^^^^^^^
AttributeError: 'Member' object has no attribute 'timed_out_until'
Ignoring exception in on_member_update
Traceback (most recent call last):
  File "/usr/local/lib/python3.12/site-packages/discord/client.py", line 465, in _run_event
    await coro(*args, **kwargs)
  File "/app/asu_discord/cogs/analytics.py", line 652, in on_member_update
    before_timeout = before.timed_out_until
                     ^^^^^^^^^^^^^^^^^^^^^^
AttributeError: 'Member' object has no attribute 'timed_out_until'
ERROR:cron.jobs:refresh_salesforce_roles: failed for jlopez90 (Discord ID 1375901967208943636): Timed out refresh Salesforce-based roles
Ignoring exception in on_member_update
Traceback (most recent call last):
  File "/usr/local/lib/python3.12/site-packages/discord/client.py", line 465, in _run_event
    await coro(*args, **kwargs)
  File "/app/asu_discord/cogs/analytics.py", line 652, in on_member_update
    before_timeout = before.timed_out_until
                     ^^^^^^^^^^^^^^^^^^^^^^
AttributeError: 'Member' object has no attribute 'timed_out_until'
Ignoring exception in on_member_update
Traceback (most recent call last):
  File "/usr/local/lib/python3.12/site-packages/discord/client.py", line 465, in _run_event
    await coro(*args, **kwargs)
  File "/app/asu_discord/cogs/analytics.py", line 652, in on_member_update
    before_timeout = before.timed_out_until
                     ^^^^^^^^^^^^^^^^^^^^^^
AttributeError: 'Member' object has no attribute 'timed_out_until'
Ignoring exception in on_member_update
Traceback (most recent call last):
  File "/usr/local/lib/python3.12/site-packages/discord/client.py", line 465, in _run_event
    await coro(*args, **kwargs)
  File "/app/asu_discord/cogs/analytics.py", line 652, in on_member_update
    before_timeout = before.timed_out_until
                     ^^^^^^^^^^^^^^^^^^^^^^
AttributeError: 'Member' object has no attribute 'timed_out_until'
Ignoring exception in on_member_update
Traceback (most recent call last):
  File "/usr/local/lib/python3.12/site-packages/discord/client.py", line 465, in _run_event
    await coro(*args, **kwargs)
  File "/app/asu_discord/cogs/analytics.py", line 652, in on_member_update
    before_timeout = before.timed_out_until
                     ^^^^^^^^^^^^^^^^^^^^^^
AttributeError: 'Member' object has no attribute 'timed_out_until'
Ignoring exception in on_member_update
Traceback (most recent call last):
  File "/usr/local/lib/python3.12/site-packages/discord/client.py", line 465, in _run_event
    await coro(*args, **kwargs)
  File "/app/asu_discord/cogs/analytics.py", line 652, in on_member_update
    before_timeout = before.timed_out_until
                     ^^^^^^^^^^^^^^^^^^^^^^
AttributeError: 'Member' object has no attribute 'timed_out_until'
Ignoring exception in on_member_update
Traceback (most recent call last):
  File "/usr/local/lib/python3.12/site-packages/discord/client.py", line 465, in _run_event
    await coro(*args, **kwargs)
  File "/app/asu_discord/cogs/analytics.py", line 652, in on_member_update
    before_timeout = before.timed_out_until
                     ^^^^^^^^^^^^^^^^^^^^^^
AttributeError: 'Member' object has no attribute 'timed_out_until'
Ignoring exception in on_member_update
Traceback (most recent call last):
  File "/usr/local/lib/python3.12/site-packages/discord/client.py", line 465, in _run_event
    await coro(*args, **kwargs)
  File "/app/asu_discord/cogs/analytics.py", line 652, in on_member_update
    before_timeout = before.timed_out_until
                     ^^^^^^^^^^^^^^^^^^^^^^
AttributeError: 'Member' object has no attribute 'timed_out_until'
Ignoring exception in on_member_update
Traceback (most recent call last):
  File "/usr/local/lib/python3.12/site-packages/discord/client.py", line 465, in _run_event
    await coro(*args, **kwargs)
  File "/app/asu_discord/cogs/analytics.py", line 652, in on_member_update
    before_timeout = before.timed_out_until
                     ^^^^^^^^^^^^^^^^^^^^^^
AttributeError: 'Member' object has no attribute 'timed_out_until'
Ignoring exception in on_member_update
Traceback (most recent call last):
  File "/usr/local/lib/python3.12/site-packages/discord/client.py", line 465, in _run_event
    await coro(*args, **kwargs)
  File "/app/asu_discord/cogs/analytics.py", line 652, in on_member_update
    before_timeout = before.timed_out_until
                     ^^^^^^^^^^^^^^^^^^^^^^
AttributeError: 'Member' object has no attribute 'timed_out_until'
Ignoring exception in on_member_update
Traceback (most recent call last):
  File "/usr/local/lib/python3.12/site-packages/discord/client.py", line 465, in _run_event
    await coro(*args, **kwargs)
  File "/app/asu_discord/cogs/analytics.py", line 652, in on_member_update
    before_timeout = before.timed_out_until
                     ^^^^^^^^^^^^^^^^^^^^^^
AttributeError: 'Member' object has no attribute 'timed_out_until'
INFO:asu_discord.cogs.verification:Saved 5 roles to database for user dgueva17 (Discord ID: 1440080392563593286)
INFO:asu_discord.cogs.verification:Refreshed Salesforce roles for Discord user 1440080392563593286: -5/+5 roles, assigned=[First Year, Ira A. Fulton Schools of Engineering, Online, Out of State, Upperclassmen]
Ignoring exception in on_member_update
Traceback (most recent call last):
  File "/usr/local/lib/python3.12/site-packages/discord/client.py", line 465, in _run_event
    await coro(*args, **kwargs)
  File "/app/asu_discord/cogs/analytics.py", line 652, in on_member_update
    before_timeout = before.timed_out_until
                     ^^^^^^^^^^^^^^^^^^^^^^
AttributeError: 'Member' object has no attribute 'timed_out_until'
Ignoring exception in on_member_update
Traceback (most recent call last):
  File "/usr/local/lib/python3.12/site-packages/discord/client.py", line 465, in _run_event
    await coro(*args, **kwargs)
  File "/app/asu_discord/cogs/analytics.py", line 652, in on_member_update
    before_timeout = before.timed_out_until
                     ^^^^^^^^^^^^^^^^^^^^^^
AttributeError: 'Member' object has no attribute 'timed_out_until'
Ignoring exception in on_member_update
Traceback (most recent call last):
  File "/usr/local/lib/python3.12/site-packages/discord/client.py", line 465, in _run_event
    await coro(*args, **kwargs)
  File "/app/asu_discord/cogs/analytics.py", line 652, in on_member_update
    before_timeout = before.timed_out_until
                     ^^^^^^^^^^^^^^^^^^^^^^
AttributeError: 'Member' object has no attribute 'timed_out_until'
Ignoring exception in on_member_update
Traceback (most recent call last):
  File "/usr/local/lib/python3.12/site-packages/discord/client.py", line 465, in _run_event
    await coro(*args, **kwargs)
  File "/app/asu_discord/cogs/analytics.py", line 652, in on_member_update
    before_timeout = before.timed_out_until
                     ^^^^^^^^^^^^^^^^^^^^^^
AttributeError: 'Member' object has no attribute 'timed_out_until'
Ignoring exception in on_member_update
Traceback (most recent call last):
  File "/usr/local/lib/python3.12/site-packages/discord/client.py", line 465, in _run_event
    await coro(*args, **kwargs)
  File "/app/asu_discord/cogs/analytics.py", line 652, in on_member_update
    before_timeout = before.timed_out_until
                     ^^^^^^^^^^^^^^^^^^^^^^
AttributeError: 'Member' object has no attribute 'timed_out_until'
Ignoring exception in on_member_update
Traceback (most recent call last):
  File "/usr/local/lib/python3.12/site-packages/discord/client.py", line 465, in _run_event
    await coro(*args, **kwargs)
  File "/app/asu_discord/cogs/analytics.py", line 652, in on_member_update
    before_timeout = before.timed_out_until
                     ^^^^^^^^^^^^^^^^^^^^^^
AttributeError: 'Member' object has no attribute 'timed_out_until'
Ignoring exception in on_member_update
Traceback (most recent call last):
  File "/usr/local/lib/python3.12/site-packages/discord/client.py", line 465, in _run_event
    await coro(*args, **kwargs)
  File "/app/asu_discord/cogs/analytics.py", line 652, in on_member_update
    before_timeout = before.timed_out_until
                     ^^^^^^^^^^^^^^^^^^^^^^
AttributeError: 'Member' object has no attribute 'timed_out_until'
Ignoring exception in on_member_update
Traceback (most recent call last):
  File "/usr/local/lib/python3.12/site-packages/discord/client.py", line 465, in _run_event
    await coro(*args, **kwargs)
  File "/app/asu_discord/cogs/analytics.py", line 652, in on_member_update
    before_timeout = before.timed_out_until
                     ^^^^^^^^^^^^^^^^^^^^^^
AttributeError: 'Member' object has no attribute 'timed_out_until'
INFO:asu_discord.cogs.verification:Saved 4 roles to database for user rmoral90 (Discord ID: 1440047375992356969)
INFO:asu_discord.cogs.verification:Refreshed Salesforce roles for Discord user 1440047375992356969: -4/+4 roles, assigned=[First Generation Student, Graduate Student, Ira A. Fulton Schools of Engineering, Online]
Ignoring exception in on_member_update
Traceback (most recent call last):
  File "/usr/local/lib/python3.12/site-packages/discord/client.py", line 465, in _run_event
    await coro(*args, **kwargs)
  File "/app/asu_discord/cogs/analytics.py", line 652, in on_member_update
    before_timeout = before.timed_out_until
                     ^^^^^^^^^^^^^^^^^^^^^^
AttributeError: 'Member' object has no attribute 'timed_out_until'
Ignoring exception in on_member_update
Traceback (most recent call last):
  File "/usr/local/lib/python3.12/site-packages/discord/client.py", line 465, in _run_event
    await coro(*args, **kwargs)
  File "/app/asu_discord/cogs/analytics.py", line 652, in on_member_update
    before_timeout = before.timed_out_until
                     ^^^^^^^^^^^^^^^^^^^^^^
AttributeError: 'Member' object has no attribute 'timed_out_until'
Ignoring exception in on_member_update
Traceback (most recent call last):
  File "/usr/local/lib/python3.12/site-packages/discord/client.py", line 465, in _run_event
    await coro(*args, **kwargs)
  File "/app/asu_discord/cogs/analytics.py", line 652, in on_member_update
    before_timeout = before.timed_out_until
                     ^^^^^^^^^^^^^^^^^^^^^^
AttributeError: 'Member' object has no attribute 'timed_out_until'
Ignoring exception in on_member_update
Traceback (most recent call last):
  File "/usr/local/lib/python3.12/site-packages/discord/client.py", line 465, in _run_event
    await coro(*args, **kwargs)
  File "/app/asu_discord/cogs/analytics.py", line 652, in on_member_update
    before_timeout = before.timed_out_until
                     ^^^^^^^^^^^^^^^^^^^^^^
AttributeError: 'Member' object has no attribute 'timed_out_until'
Ignoring exception in on_member_update
Traceback (most recent call last):
  File "/usr/local/lib/python3.12/site-packages/discord/client.py", line 465, in _run_event
    await coro(*args, **kwargs)
  File "/app/asu_discord/cogs/analytics.py", line 652, in on_member_update
    before_timeout = before.timed_out_until
                     ^^^^^^^^^^^^^^^^^^^^^^
AttributeError: 'Member' object has no attribute 'timed_out_until'
Ignoring exception in on_member_update
Traceback (most recent call last):
  File "/usr/local/lib/python3.12/site-packages/discord/client.py", line 465, in _run_event
    await coro(*args, **kwargs)
  File "/app/asu_discord/cogs/analytics.py", line 652, in on_member_update
    before_timeout = before.timed_out_until
                     ^^^^^^^^^^^^^^^^^^^^^^
AttributeError: 'Member' object has no attribute 'timed_out_until'
Ignoring exception in on_member_update
Traceback (most recent call last):
  File "/usr/local/lib/python3.12/site-packages/discord/client.py", line 465, in _run_event
    await coro(*args, **kwargs)
  File "/app/asu_discord/cogs/analytics.py", line 652, in on_member_update
    before_timeout = before.timed_out_until
                     ^^^^^^^^^^^^^^^^^^^^^^
AttributeError: 'Member' object has no attribute 'timed_out_until'
Ignoring exception in on_member_update
Traceback (most recent call last):
  File "/usr/local/lib/python3.12/site-packages/discord/client.py", line 465, in _run_event
    await coro(*args, **kwargs)
  File "/app/asu_discord/cogs/analytics.py", line 652, in on_member_update
    before_timeout = before.timed_out_until
                     ^^^^^^^^^^^^^^^^^^^^^^
AttributeError: 'Member' object has no attribute 'timed_out_until'
Ignoring exception in on_member_update
Traceback (most recent call last):
  File "/usr/local/lib/python3.12/site-packages/discord/client.py", line 465, in _run_event
    await coro(*args, **kwargs)
  File "/app/asu_discord/cogs/analytics.py", line 652, in on_member_update
    before_timeout = before.timed_out_until
                     ^^^^^^^^^^^^^^^^^^^^^^
AttributeError: 'Member' object has no attribute 'timed_out_until'
Ignoring exception in on_member_update
Traceback (most recent call last):
  File "/usr/local/lib/python3.12/site-packages/discord/client.py", line 465, in _run_event
    await coro(*args, **kwargs)
  File "/app/asu_discord/cogs/analytics.py", line 652, in on_member_update
    before_timeout = before.timed_out_until
                     ^^^^^^^^^^^^^^^^^^^^^^
AttributeError: 'Member' object has no attribute 'timed_out_until'
INFO:asu_discord.cogs.verification:Saved 5 roles to database for user cbestry (Discord ID: 862756049571938324)
INFO:asu_discord.cogs.verification:Refreshed Salesforce roles for Discord user 862756049571938324: -5/+5 roles, assigned=[Arizona Resident, College of Liberal Arts and Sciences, First Generation Student, First Year, West Valley]
Ignoring exception in on_member_update
Traceback (most recent call last):
  File "/usr/local/lib/python3.12/site-packages/discord/client.py", line 465, in _run_event
    await coro(*args, **kwargs)
  File "/app/asu_discord/cogs/analytics.py", line 652, in on_member_update
    before_timeout = before.timed_out_until
                     ^^^^^^^^^^^^^^^^^^^^^^
AttributeError: 'Member' object has no attribute 'timed_out_until'
Ignoring exception in on_member_update
Traceback (most recent call last):
  File "/usr/local/lib/python3.12/site-packages/discord/client.py", line 465, in _run_event
    await coro(*args, **kwargs)
  File "/app/asu_discord/cogs/analytics.py", line 652, in on_member_update
    before_timeout = before.timed_out_until
                     ^^^^^^^^^^^^^^^^^^^^^^
AttributeError: 'Member' object has no attribute 'timed_out_until'
Ignoring exception in on_member_update
Traceback (most recent call last):
  File "/usr/local/lib/python3.12/site-packages/discord/client.py", line 465, in _run_event
    await coro(*args, **kwargs)
  File "/app/asu_discord/cogs/analytics.py", line 652, in on_member_update
    before_timeout = before.timed_out_until
                     ^^^^^^^^^^^^^^^^^^^^^^
AttributeError: 'Member' object has no attribute 'timed_out_until'
Ignoring exception in on_member_update
Traceback (most recent call last):
  File "/usr/local/lib/python3.12/site-packages/discord/client.py", line 465, in _run_event
    await coro(*args, **kwargs)
  File "/app/asu_discord/cogs/analytics.py", line 652, in on_member_update
    before_timeout = before.timed_out_until
                     ^^^^^^^^^^^^^^^^^^^^^^
AttributeError: 'Member' object has no attribute 'timed_out_until'
Ignoring exception in on_member_update
Traceback (most recent call last):
  File "/usr/local/lib/python3.12/site-packages/discord/client.py", line 465, in _run_event
    await coro(*args, **kwargs)
  File "/app/asu_discord/cogs/analytics.py", line 652, in on_member_update
    before_timeout = before.timed_out_until
                     ^^^^^^^^^^^^^^^^^^^^^^
AttributeError: 'Member' object has no attribute 'timed_out_until'
Ignoring exception in on_member_update
Traceback (most recent call last):
  File "/usr/local/lib/python3.12/site-packages/discord/client.py", line 465, in _run_event
    await coro(*args, **kwargs)
  File "/app/asu_discord/cogs/analytics.py", line 652, in on_member_update
    before_timeout = before.timed_out_until
                     ^^^^^^^^^^^^^^^^^^^^^^
AttributeError: 'Member' object has no attribute 'timed_out_until'
Ignoring exception in on_member_update
Traceback (most recent call last):
  File "/usr/local/lib/python3.12/site-packages/discord/client.py", line 465, in _run_event
    await coro(*args, **kwargs)
  File "/app/asu_discord/cogs/analytics.py", line 652, in on_member_update
    before_timeout = before.timed_out_until
                     ^^^^^^^^^^^^^^^^^^^^^^
AttributeError: 'Member' object has no attribute 'timed_out_until'
Ignoring exception in on_member_update
Traceback (most recent call last):
  File "/usr/local/lib/python3.12/site-packages/discord/client.py", line 465, in _run_event
    await coro(*args, **kwargs)
  File "/app/asu_discord/cogs/analytics.py", line 652, in on_member_update
    before_timeout = before.timed_out_until
                     ^^^^^^^^^^^^^^^^^^^^^^
AttributeError: 'Member' object has no attribute 'timed_out_until'
INFO:asu_discord.cogs.verification:Saved 4 roles to database for user lrtassot (Discord ID: 973768863378468884)
INFO:asu_discord.cogs.verification:Refreshed Salesforce roles for Discord user 973768863378468884: -4/+4 roles, assigned=[Arizona Resident, College of Integrative Sciences and Arts, First Year, Polytechnic]
Ignoring exception in on_member_update
Traceback (most recent call last):
  File "/usr/local/lib/python3.12/site-packages/discord/client.py", line 465, in _run_event
    await coro(*args, **kwargs)
  File "/app/asu_discord/cogs/analytics.py", line 652, in on_member_update
    before_timeout = before.timed_out_until
                     ^^^^^^^^^^^^^^^^^^^^^^
AttributeError: 'Member' object has no attribute 'timed_out_until'
Ignoring exception in on_member_update
Traceback (most recent call last):
  File "/usr/local/lib/python3.12/site-packages/discord/client.py", line 465, in _run_event
    await coro(*args, **kwargs)
  File "/app/asu_discord/cogs/analytics.py", line 652, in on_member_update
    before_timeout = before.timed_out_until
                     ^^^^^^^^^^^^^^^^^^^^^^
AttributeError: 'Member' object has no attribute 'timed_out_until'
Ignoring exception in on_member_update
Traceback (most recent call last):
  File "/usr/local/lib/python3.12/site-packages/discord/client.py", line 465, in _run_event
    await coro(*args, **kwargs)
  File "/app/asu_discord/cogs/analytics.py", line 652, in on_member_update
    before_timeout = before.timed_out_until
                     ^^^^^^^^^^^^^^^^^^^^^^
AttributeError: 'Member' object has no attribute 'timed_out_until'
Ignoring exception in on_member_update
Traceback (most recent call last):
  File "/usr/local/lib/python3.12/site-packages/discord/client.py", line 465, in _run_event
    await coro(*args, **kwargs)
  File "/app/asu_discord/cogs/analytics.py", line 652, in on_member_update
    before_timeout = before.timed_out_until
                     ^^^^^^^^^^^^^^^^^^^^^^
AttributeError: 'Member' object has no attribute 'timed_out_until'
Ignoring exception in on_member_update
Traceback (most recent call last):
  File "/usr/local/lib/python3.12/site-packages/discord/client.py", line 465, in _run_event
    await coro(*args, **kwargs)
  File "/app/asu_discord/cogs/analytics.py", line 652, in on_member_update
    before_timeout = before.timed_out_until
                     ^^^^^^^^^^^^^^^^^^^^^^
AttributeError: 'Member' object has no attribute 'timed_out_until'
Ignoring exception in on_member_update
Traceback (most recent call last):
  File "/usr/local/lib/python3.12/site-packages/discord/client.py", line 465, in _run_event
    await coro(*args, **kwargs)
  File "/app/asu_discord/cogs/analytics.py", line 652, in on_member_update
    before_timeout = before.timed_out_until
                     ^^^^^^^^^^^^^^^^^^^^^^
AttributeError: 'Member' object has no attribute 'timed_out_until'
Ignoring exception in on_member_update
Traceback (most recent call last):
  File "/usr/local/lib/python3.12/site-packages/discord/client.py", line 465, in _run_event
    await coro(*args, **kwargs)
  File "/app/asu_discord/cogs/analytics.py", line 652, in on_member_update
    before_timeout = before.timed_out_until
                     ^^^^^^^^^^^^^^^^^^^^^^
AttributeError: 'Member' object has no attribute 'timed_out_until'
Ignoring exception in on_member_update
Traceback (most recent call last):
  File "/usr/local/lib/python3.12/site-packages/discord/client.py", line 465, in _run_event
    await coro(*args, **kwargs)
  File "/app/asu_discord/cogs/analytics.py", line 652, in on_member_update
    before_timeout = before.timed_out_until
                     ^^^^^^^^^^^^^^^^^^^^^^
AttributeError: 'Member' object has no attribute 'timed_out_until'
Ignoring exception in on_member_update
Traceback (most recent call last):
  File "/usr/local/lib/python3.12/site-packages/discord/client.py", line 465, in _run_event
    await coro(*args, **kwargs)
  File "/app/asu_discord/cogs/analytics.py", line 652, in on_member_update
    before_timeout = before.timed_out_until
                     ^^^^^^^^^^^^^^^^^^^^^^
AttributeError: 'Member' object has no attribute 'timed_out_until'
Ignoring exception in on_member_update
Traceback (most recent call last):
  File "/usr/local/lib/python3.12/site-packages/discord/client.py", line 465, in _run_event
    await coro(*args, **kwargs)
  File "/app/asu_discord/cogs/analytics.py", line 652, in on_member_update
    before_timeout = before.timed_out_until
                     ^^^^^^^^^^^^^^^^^^^^^^
AttributeError: 'Member' object has no attribute 'timed_out_until'
INFO:asu_discord.cogs.verification:Saved 5 roles to database for user jfiegel (Discord ID: 692717555349192716)
INFO:asu_discord.cogs.verification:Refreshed Salesforce roles for Discord user 692717555349192716: -5/+5 roles, assigned=[College of Liberal Arts and Sciences, Commited, First Year, Out of State, Polytechnic]
Ignoring exception in on_member_update
Traceback (most recent call last):
  File "/usr/local/lib/python3.12/site-packages/discord/client.py", line 465, in _run_event
    await coro(*args, **kwargs)
  File "/app/asu_discord/cogs/analytics.py", line 652, in on_member_update
    before_timeout = before.timed_out_until
                     ^^^^^^^^^^^^^^^^^^^^^^
AttributeError: 'Member' object has no attribute 'timed_out_until'
Ignoring exception in on_member_update
Traceback (most recent call last):
  File "/usr/local/lib/python3.12/site-packages/discord/client.py", line 465, in _run_event
    await coro(*args, **kwargs)
  File "/app/asu_discord/cogs/analytics.py", line 652, in on_member_update
    before_timeout = before.timed_out_until
                     ^^^^^^^^^^^^^^^^^^^^^^
AttributeError: 'Member' object has no attribute 'timed_out_until'
Ignoring exception in on_member_update
Traceback (most recent call last):
  File "/usr/local/lib/python3.12/site-packages/discord/client.py", line 465, in _run_event
    await coro(*args, **kwargs)
  File "/app/asu_discord/cogs/analytics.py", line 652, in on_member_update
    before_timeout = before.timed_out_until
                     ^^^^^^^^^^^^^^^^^^^^^^
AttributeError: 'Member' object has no attribute 'timed_out_until'
Ignoring exception in on_member_update
Traceback (most recent call last):
  File "/usr/local/lib/python3.12/site-packages/discord/client.py", line 465, in _run_event
    await coro(*args, **kwargs)
  File "/app/asu_discord/cogs/analytics.py", line 652, in on_member_update
    before_timeout = before.timed_out_until
                     ^^^^^^^^^^^^^^^^^^^^^^
AttributeError: 'Member' object has no attribute 'timed_out_until'
Ignoring exception in on_member_update
Traceback (most recent call last):
  File "/usr/local/lib/python3.12/site-packages/discord/client.py", line 465, in _run_event
    await coro(*args, **kwargs)
  File "/app/asu_discord/cogs/analytics.py", line 652, in on_member_update
    before_timeout = before.timed_out_until
                     ^^^^^^^^^^^^^^^^^^^^^^
AttributeError: 'Member' object has no attribute 'timed_out_until'
Ignoring exception in on_member_update
Traceback (most recent call last):
  File "/usr/local/lib/python3.12/site-packages/discord/client.py", line 465, in _run_event
    await coro(*args, **kwargs)
  File "/app/asu_discord/cogs/analytics.py", line 652, in on_member_update
    before_timeout = before.timed_out_until
                     ^^^^^^^^^^^^^^^^^^^^^^
AttributeError: 'Member' object has no attribute 'timed_out_until'
Ignoring exception in on_member_update
Traceback (most recent call last):
  File "/usr/local/lib/python3.12/site-packages/discord/client.py", line 465, in _run_event
    await coro(*args, **kwargs)
  File "/app/asu_discord/cogs/analytics.py", line 652, in on_member_update
    before_timeout = before.timed_out_until
                     ^^^^^^^^^^^^^^^^^^^^^^
AttributeError: 'Member' object has no attribute 'timed_out_until'
INFO:asu_discord.cogs.verification:Saved 4 roles to database for user ajdunkel (Discord ID: 757796617553182780)
INFO:asu_discord.cogs.verification:Refreshed Salesforce roles for Discord user 757796617553182780: -4/+3 roles, assigned=[Arizona Resident, First Year, Ira A. Fulton Schools of Engineering, Tempe]
Ignoring exception in on_member_update
Traceback (most recent call last):
  File "/usr/local/lib/python3.12/site-packages/discord/client.py", line 465, in _run_event
    await coro(*args, **kwargs)
  File "/app/asu_discord/cogs/analytics.py", line 652, in on_member_update
    before_timeout = before.timed_out_until
                     ^^^^^^^^^^^^^^^^^^^^^^
AttributeError: 'Member' object has no attribute 'timed_out_until'
Ignoring exception in on_member_update
Traceback (most recent call last):
  File "/usr/local/lib/python3.12/site-packages/discord/client.py", line 465, in _run_event
    await coro(*args, **kwargs)
  File "/app/asu_discord/cogs/analytics.py", line 652, in on_member_update
    before_timeout = before.timed_out_until
                     ^^^^^^^^^^^^^^^^^^^^^^
AttributeError: 'Member' object has no attribute 'timed_out_until'
Ignoring exception in on_member_update
Traceback (most recent call last):
  File "/usr/local/lib/python3.12/site-packages/discord/client.py", line 465, in _run_event
    await coro(*args, **kwargs)
  File "/app/asu_discord/cogs/analytics.py", line 652, in on_member_update
    before_timeout = before.timed_out_until
                     ^^^^^^^^^^^^^^^^^^^^^^
AttributeError: 'Member' object has no attribute 'timed_out_until'
Ignoring exception in on_member_update
Traceback (most recent call last):
  File "/usr/local/lib/python3.12/site-packages/discord/client.py", line 465, in _run_event
    await coro(*args, **kwargs)
  File "/app/asu_discord/cogs/analytics.py", line 652, in on_member_update
    before_timeout = before.timed_out_until
                     ^^^^^^^^^^^^^^^^^^^^^^
AttributeError: 'Member' object has no attribute 'timed_out_until'
Ignoring exception in on_member_update
Traceback (most recent call last):
  File "/usr/local/lib/python3.12/site-packages/discord/client.py", line 465, in _run_event
    await coro(*args, **kwargs)
  File "/app/asu_discord/cogs/analytics.py", line 652, in on_member_update
    before_timeout = before.timed_out_until
                     ^^^^^^^^^^^^^^^^^^^^^^
AttributeError: 'Member' object has no attribute 'timed_out_until'
Ignoring exception in on_member_update
Traceback (most recent call last):
  File "/usr/local/lib/python3.12/site-packages/discord/client.py", line 465, in _run_event
    await coro(*args, **kwargs)
  File "/app/asu_discord/cogs/analytics.py", line 652, in on_member_update
    before_timeout = before.timed_out_until
                     ^^^^^^^^^^^^^^^^^^^^^^
AttributeError: 'Member' object has no attribute 'timed_out_until'
Ignoring exception in on_member_update
Traceback (most recent call last):
  File "/usr/local/lib/python3.12/site-packages/discord/client.py", line 465, in _run_event
    await coro(*args, **kwargs)
  File "/app/asu_discord/cogs/analytics.py", line 652, in on_member_update
    before_timeout = before.timed_out_until
                     ^^^^^^^^^^^^^^^^^^^^^^
AttributeError: 'Member' object has no attribute 'timed_out_until'
Ignoring exception in on_member_update
Traceback (most recent call last):
  File "/usr/local/lib/python3.12/site-packages/discord/client.py", line 465, in _run_event
    await coro(*args, **kwargs)
  File "/app/asu_discord/cogs/analytics.py", line 652, in on_member_update
    before_timeout = before.timed_out_until
                     ^^^^^^^^^^^^^^^^^^^^^^
AttributeError: 'Member' object has no attribute 'timed_out_until'
INFO:asu_discord.cogs.verification:Saved 4 roles to database for user alaurea3 (Discord ID: 684233742835122269)
INFO:asu_discord.cogs.verification:Refreshed Salesforce roles for Discord user 684233742835122269: -4/+4 roles, assigned=[Arizona Resident, College of Liberal Arts and Sciences, First Year, Tempe]
Ignoring exception in on_member_update
Traceback (most recent call last):
  File "/usr/local/lib/python3.12/site-packages/discord/client.py", line 465, in _run_event
    await coro(*args, **kwargs)
  File "/app/asu_discord/cogs/analytics.py", line 652, in on_member_update
    before_timeout = before.timed_out_until
                     ^^^^^^^^^^^^^^^^^^^^^^
AttributeError: 'Member' object has no attribute 'timed_out_until'
Ignoring exception in on_member_update
Traceback (most recent call last):
  File "/usr/local/lib/python3.12/site-packages/discord/client.py", line 465, in _run_event
    await coro(*args, **kwargs)
  File "/app/asu_discord/cogs/analytics.py", line 652, in on_member_update
    before_timeout = before.timed_out_until
                     ^^^^^^^^^^^^^^^^^^^^^^
AttributeError: 'Member' object has no attribute 'timed_out_until'
Ignoring exception in on_member_update
Traceback (most recent call last):
  File "/usr/local/lib/python3.12/site-packages/discord/client.py", line 465, in _run_event
    await coro(*args, **kwargs)
  File "/app/asu_discord/cogs/analytics.py", line 652, in on_member_update
    before_timeout = before.timed_out_until
                     ^^^^^^^^^^^^^^^^^^^^^^
AttributeError: 'Member' object has no attribute 'timed_out_until'
Ignoring exception in on_member_update
Traceback (most recent call last):
  File "/usr/local/lib/python3.12/site-packages/discord/client.py", line 465, in _run_event
    await coro(*args, **kwargs)
  File "/app/asu_discord/cogs/analytics.py", line 652, in on_member_update
    before_timeout = before.timed_out_until
                     ^^^^^^^^^^^^^^^^^^^^^^
AttributeError: 'Member' object has no attribute 'timed_out_until'
Ignoring exception in on_member_update
Traceback (most recent call last):
  File "/usr/local/lib/python3.12/site-packages/discord/client.py", line 465, in _run_event
    await coro(*args, **kwargs)
  File "/app/asu_discord/cogs/analytics.py", line 652, in on_member_update
    before_timeout = before.timed_out_until
                     ^^^^^^^^^^^^^^^^^^^^^^
AttributeError: 'Member' object has no attribute 'timed_out_until'
Ignoring exception in on_member_update
Traceback (most recent call last):
  File "/usr/local/lib/python3.12/site-packages/discord/client.py", line 465, in _run_event
    await coro(*args, **kwargs)
  File "/app/asu_discord/cogs/analytics.py", line 652, in on_member_update
    before_timeout = before.timed_out_until
                     ^^^^^^^^^^^^^^^^^^^^^^
AttributeError: 'Member' object has no attribute 'timed_out_until'
Ignoring exception in on_member_update
Traceback (most recent call last):
  File "/usr/local/lib/python3.12/site-packages/discord/client.py", line 465, in _run_event
    await coro(*args, **kwargs)
  File "/app/asu_discord/cogs/analytics.py", line 652, in on_member_update
    before_timeout = before.timed_out_until
                     ^^^^^^^^^^^^^^^^^^^^^^
AttributeError: 'Member' object has no attribute 'timed_out_until'
Ignoring exception in on_member_update
Traceback (most recent call last):
  File "/usr/local/lib/python3.12/site-packages/discord/client.py", line 465, in _run_event
    await coro(*args, **kwargs)
  File "/app/asu_discord/cogs/analytics.py", line 652, in on_member_update
    before_timeout = before.timed_out_until
                     ^^^^^^^^^^^^^^^^^^^^^^
AttributeError: 'Member' object has no attribute 'timed_out_until'
Ignoring exception in on_member_update
Traceback (most recent call last):
  File "/usr/local/lib/python3.12/site-packages/discord/client.py", line 465, in _run_event
    await coro(*args, **kwargs)
  File "/app/asu_discord/cogs/analytics.py", line 652, in on_member_update
    before_timeout = before.timed_out_until
                     ^^^^^^^^^^^^^^^^^^^^^^
AttributeError: 'Member' object has no attribute 'timed_out_until'
INFO:asu_discord.cogs.verification:Saved 5 roles to database for user bandre34 (Discord ID: 766092212605288469)
INFO:asu_discord.cogs.verification:Refreshed Salesforce roles for Discord user 766092212605288469: -4/+5 roles, assigned=[Commited, First Year, Herberger Institute for Design and the Arts, Out of State, Tempe]
Ignoring exception in on_member_update
Traceback (most recent call last):
  File "/usr/local/lib/python3.12/site-packages/discord/client.py", line 465, in _run_event
    await coro(*args, **kwargs)
  File "/app/asu_discord/cogs/analytics.py", line 652, in on_member_update
    before_timeout = before.timed_out_until
                     ^^^^^^^^^^^^^^^^^^^^^^
AttributeError: 'Member' object has no attribute 'timed_out_until'
Ignoring exception in on_member_update
Traceback (most recent call last):
  File "/usr/local/lib/python3.12/site-packages/discord/client.py", line 465, in _run_event
    await coro(*args, **kwargs)
  File "/app/asu_discord/cogs/analytics.py", line 652, in on_member_update
    before_timeout = before.timed_out_until
                     ^^^^^^^^^^^^^^^^^^^^^^
AttributeError: 'Member' object has no attribute 'timed_out_until'
Ignoring exception in on_member_update
Traceback (most recent call last):
  File "/usr/local/lib/python3.12/site-packages/discord/client.py", line 465, in _run_event
    await coro(*args, **kwargs)
  File "/app/asu_discord/cogs/analytics.py", line 652, in on_member_update
    before_timeout = before.timed_out_until
                     ^^^^^^^^^^^^^^^^^^^^^^
AttributeError: 'Member' object has no attribute 'timed_out_until'
Ignoring exception in on_member_update
Traceback (most recent call last):
  File "/usr/local/lib/python3.12/site-packages/discord/client.py", line 465, in _run_event
    await coro(*args, **kwargs)
  File "/app/asu_discord/cogs/analytics.py", line 652, in on_member_update
    before_timeout = before.timed_out_until
                     ^^^^^^^^^^^^^^^^^^^^^^
AttributeError: 'Member' object has no attribute 'timed_out_until'
Ignoring exception in on_member_update
Traceback (most recent call last):
  File "/usr/local/lib/python3.12/site-packages/discord/client.py", line 465, in _run_event
    await coro(*args, **kwargs)
  File "/app/asu_discord/cogs/analytics.py", line 652, in on_member_update
    before_timeout = before.timed_out_until
                     ^^^^^^^^^^^^^^^^^^^^^^
AttributeError: 'Member' object has no attribute 'timed_out_until'
Ignoring exception in on_member_update
Traceback (most recent call last):
  File "/usr/local/lib/python3.12/site-packages/discord/client.py", line 465, in _run_event
    await coro(*args, **kwargs)
  File "/app/asu_discord/cogs/analytics.py", line 652, in on_member_update
    before_timeout = before.timed_out_until
                     ^^^^^^^^^^^^^^^^^^^^^^
AttributeError: 'Member' object has no attribute 'timed_out_until'
Ignoring exception in on_member_update
Traceback (most recent call last):
  File "/usr/local/lib/python3.12/site-packages/discord/client.py", line 465, in _run_event
    await coro(*args, **kwargs)
  File "/app/asu_discord/cogs/analytics.py", line 652, in on_member_update
    before_timeout = before.timed_out_until
                     ^^^^^^^^^^^^^^^^^^^^^^
AttributeError: 'Member' object has no attribute 'timed_out_until'
Ignoring exception in on_member_update
Traceback (most recent call last):
  File "/usr/local/lib/python3.12/site-packages/discord/client.py", line 465, in _run_event
    await coro(*args, **kwargs)
  File "/app/asu_discord/cogs/analytics.py", line 652, in on_member_update
    before_timeout = before.timed_out_until
                     ^^^^^^^^^^^^^^^^^^^^^^
AttributeError: 'Member' object has no attribute 'timed_out_until'
Ignoring exception in on_member_update
Traceback (most recent call last):
  File "/usr/local/lib/python3.12/site-packages/discord/client.py", line 465, in _run_event
    await coro(*args, **kwargs)
  File "/app/asu_discord/cogs/analytics.py", line 652, in on_member_update
    before_timeout = before.timed_out_until
                     ^^^^^^^^^^^^^^^^^^^^^^
AttributeError: 'Member' object has no attribute 'timed_out_until'
Ignoring exception in on_member_update
Traceback (most recent call last):
  File "/usr/local/lib/python3.12/site-packages/discord/client.py", line 465, in _run_event
    await coro(*args, **kwargs)
  File "/app/asu_discord/cogs/analytics.py", line 652, in on_member_update
    before_timeout = before.timed_out_until
                     ^^^^^^^^^^^^^^^^^^^^^^
AttributeError: 'Member' object has no attribute 'timed_out_until'
INFO:asu_discord.cogs.verification:Saved 6 roles to database for user hkohrs (Discord ID: 330931275928174593)
INFO:asu_discord.cogs.verification:Refreshed Salesforce roles for Discord user 330931275928174593: -5/+5 roles, assigned=[Arizona Resident, Commited, New College of Interdisciplinary Arts and Sciences, Transfer Student, Upperclassmen, West Valley]
Ignoring exception in on_member_update
Traceback (most recent call last):
  File "/usr/local/lib/python3.12/site-packages/discord/client.py", line 465, in _run_event
    await coro(*args, **kwargs)
  File "/app/asu_discord/cogs/analytics.py", line 652, in on_member_update
    before_timeout = before.timed_out_until
                     ^^^^^^^^^^^^^^^^^^^^^^
AttributeError: 'Member' object has no attribute 'timed_out_until'
Ignoring exception in on_member_update
Traceback (most recent call last):
  File "/usr/local/lib/python3.12/site-packages/discord/client.py", line 465, in _run_event
    await coro(*args, **kwargs)
  File "/app/asu_discord/cogs/analytics.py", line 652, in on_member_update
    before_timeout = before.timed_out_until
                     ^^^^^^^^^^^^^^^^^^^^^^
AttributeError: 'Member' object has no attribute 'timed_out_until'
Ignoring exception in on_member_update
Traceback (most recent call last):
  File "/usr/local/lib/python3.12/site-packages/discord/client.py", line 465, in _run_event
    await coro(*args, **kwargs)
  File "/app/asu_discord/cogs/analytics.py", line 652, in on_member_update
    before_timeout = before.timed_out_until
                     ^^^^^^^^^^^^^^^^^^^^^^
AttributeError: 'Member' object has no attribute 'timed_out_until'
Ignoring exception in on_member_update
Traceback (most recent call last):
  File "/usr/local/lib/python3.12/site-packages/discord/client.py", line 465, in _run_event
    await coro(*args, **kwargs)
  File "/app/asu_discord/cogs/analytics.py", line 652, in on_member_update
    before_timeout = before.timed_out_until
                     ^^^^^^^^^^^^^^^^^^^^^^
AttributeError: 'Member' object has no attribute 'timed_out_until'
Ignoring exception in on_member_update
Traceback (most recent call last):
  File "/usr/local/lib/python3.12/site-packages/discord/client.py", line 465, in _run_event
    await coro(*args, **kwargs)
  File "/app/asu_discord/cogs/analytics.py", line 652, in on_member_update
    before_timeout = before.timed_out_until
                     ^^^^^^^^^^^^^^^^^^^^^^
AttributeError: 'Member' object has no attribute 'timed_out_until'
Ignoring exception in on_member_update
Traceback (most recent call last):
  File "/usr/local/lib/python3.12/site-packages/discord/client.py", line 465, in _run_event
    await coro(*args, **kwargs)
  File "/app/asu_discord/cogs/analytics.py", line 652, in on_member_update
    before_timeout = before.timed_out_until
                     ^^^^^^^^^^^^^^^^^^^^^^
AttributeError: 'Member' object has no attribute 'timed_out_until'
Ignoring exception in on_member_update
Traceback (most recent call last):
  File "/usr/local/lib/python3.12/site-packages/discord/client.py", line 465, in _run_event
    await coro(*args, **kwargs)
  File "/app/asu_discord/cogs/analytics.py", line 652, in on_member_update
    before_timeout = before.timed_out_until
                     ^^^^^^^^^^^^^^^^^^^^^^
AttributeError: 'Member' object has no attribute 'timed_out_until'
Ignoring exception in on_member_update
Traceback (most recent call last):
  File "/usr/local/lib/python3.12/site-packages/discord/client.py", line 465, in _run_event
    await coro(*args, **kwargs)
  File "/app/asu_discord/cogs/analytics.py", line 652, in on_member_update
    before_timeout = before.timed_out_until
                     ^^^^^^^^^^^^^^^^^^^^^^
AttributeError: 'Member' object has no attribute 'timed_out_until'
Ignoring exception in on_member_update
Traceback (most recent call last):
  File "/usr/local/lib/python3.12/site-packages/discord/client.py", line 465, in _run_event
    await coro(*args, **kwargs)
  File "/app/asu_discord/cogs/analytics.py", line 652, in on_member_update
    before_timeout = before.timed_out_until
                     ^^^^^^^^^^^^^^^^^^^^^^
AttributeError: 'Member' object has no attribute 'timed_out_until'
Ignoring exception in on_member_update
Traceback (most recent call last):
  File "/usr/local/lib/python3.12/site-packages/discord/client.py", line 465, in _run_event
    await coro(*args, **kwargs)
  File "/app/asu_discord/cogs/analytics.py", line 652, in on_member_update
    before_timeout = before.timed_out_until
                     ^^^^^^^^^^^^^^^^^^^^^^
AttributeError: 'Member' object has no attribute 'timed_out_until'
INFO:asu_discord.cogs.verification:Saved 5 roles to database for user hherre17 (Discord ID: 1091993665972486196)
INFO:asu_discord.cogs.verification:Refreshed Salesforce roles for Discord user 1091993665972486196: -5/+5 roles, assigned=[Arizona Resident, First Generation Student, First Year, Tempe, W.P. Carey School of Business]
Ignoring exception in on_member_update
Traceback (most recent call last):
  File "/usr/local/lib/python3.12/site-packages/discord/client.py", line 465, in _run_event
    await coro(*args, **kwargs)
  File "/app/asu_discord/cogs/analytics.py", line 652, in on_member_update
    before_timeout = before.timed_out_until
                     ^^^^^^^^^^^^^^^^^^^^^^
AttributeError: 'Member' object has no attribute 'timed_out_until'
Ignoring exception in on_member_update
Traceback (most recent call last):
  File "/usr/local/lib/python3.12/site-packages/discord/client.py", line 465, in _run_event
    await coro(*args, **kwargs)
  File "/app/asu_discord/cogs/analytics.py", line 652, in on_member_update
    before_timeout = before.timed_out_until
                     ^^^^^^^^^^^^^^^^^^^^^^
AttributeError: 'Member' object has no attribute 'timed_out_until'
Ignoring exception in on_member_update
Traceback (most recent call last):
  File "/usr/local/lib/python3.12/site-packages/discord/client.py", line 465, in _run_event
    await coro(*args, **kwargs)
  File "/app/asu_discord/cogs/analytics.py", line 652, in on_member_update
    before_timeout = before.timed_out_until
                     ^^^^^^^^^^^^^^^^^^^^^^
AttributeError: 'Member' object has no attribute 'timed_out_until'
Ignoring exception in on_member_update
Traceback (most recent call last):
  File "/usr/local/lib/python3.12/site-packages/discord/client.py", line 465, in _run_event
    await coro(*args, **kwargs)
  File "/app/asu_discord/cogs/analytics.py", line 652, in on_member_update
    before_timeout = before.timed_out_until
                     ^^^^^^^^^^^^^^^^^^^^^^
AttributeError: 'Member' object has no attribute 'timed_out_until'
Ignoring exception in on_member_update
Traceback (most recent call last):
  File "/usr/local/lib/python3.12/site-packages/discord/client.py", line 465, in _run_event
    await coro(*args, **kwargs)
  File "/app/asu_discord/cogs/analytics.py", line 652, in on_member_update
    before_timeout = before.timed_out_until
                     ^^^^^^^^^^^^^^^^^^^^^^
AttributeError: 'Member' object has no attribute 'timed_out_until'
Ignoring exception in on_member_update
Traceback (most recent call last):
  File "/usr/local/lib/python3.12/site-packages/discord/client.py", line 465, in _run_event
    await coro(*args, **kwargs)
  File "/app/asu_discord/cogs/analytics.py", line 652, in on_member_update
    before_timeout = before.timed_out_until
                     ^^^^^^^^^^^^^^^^^^^^^^
AttributeError: 'Member' object has no attribute 'timed_out_until'
Ignoring exception in on_member_update
Traceback (most recent call last):
  File "/usr/local/lib/python3.12/site-packages/discord/client.py", line 465, in _run_event
    await coro(*args, **kwargs)
  File "/app/asu_discord/cogs/analytics.py", line 652, in on_member_update
    before_timeout = before.timed_out_until
                     ^^^^^^^^^^^^^^^^^^^^^^
AttributeError: 'Member' object has no attribute 'timed_out_until'
Ignoring exception in on_member_update
Traceback (most recent call last):
  File "/usr/local/lib/python3.12/site-packages/discord/client.py", line 465, in _run_event
    await coro(*args, **kwargs)
  File "/app/asu_discord/cogs/analytics.py", line 652, in on_member_update
    before_timeout = before.timed_out_until
                     ^^^^^^^^^^^^^^^^^^^^^^
AttributeError: 'Member' object has no attribute 'timed_out_until'
Ignoring exception in on_member_update
Traceback (most recent call last):
  File "/usr/local/lib/python3.12/site-packages/discord/client.py", line 465, in _run_event
    await coro(*args, **kwargs)
  File "/app/asu_discord/cogs/analytics.py", line 652, in on_member_update
    before_timeout = before.timed_out_until
                     ^^^^^^^^^^^^^^^^^^^^^^
AttributeError: 'Member' object has no attribute 'timed_out_until'
INFO:asu_discord.cogs.verification:Saved 5 roles to database for user aaaldos5 (Discord ID: 933104684577726524)
INFO:asu_discord.cogs.verification:Refreshed Salesforce roles for Discord user 933104684577726524: -5/+4 roles, assigned=[Commited, International Student, Ira A. Fulton Schools of Engineering, Polytechnic, Transfer Student]
Ignoring exception in on_member_update
Traceback (most recent call last):
  File "/usr/local/lib/python3.12/site-packages/discord/client.py", line 465, in _run_event
    await coro(*args, **kwargs)
  File "/app/asu_discord/cogs/analytics.py", line 652, in on_member_update
    before_timeout = before.timed_out_until
                     ^^^^^^^^^^^^^^^^^^^^^^
AttributeError: 'Member' object has no attribute 'timed_out_until'
Ignoring exception in on_member_update
Traceback (most recent call last):
  File "/usr/local/lib/python3.12/site-packages/discord/client.py", line 465, in _run_event
    await coro(*args, **kwargs)
  File "/app/asu_discord/cogs/analytics.py", line 652, in on_member_update
    before_timeout = before.timed_out_until
                     ^^^^^^^^^^^^^^^^^^^^^^
AttributeError: 'Member' object has no attribute 'timed_out_until'
Ignoring exception in on_member_update
Traceback (most recent call last):
  File "/usr/local/lib/python3.12/site-packages/discord/client.py", line 465, in _run_event
    await coro(*args, **kwargs)
  File "/app/asu_discord/cogs/analytics.py", line 652, in on_member_update
    before_timeout = before.timed_out_until
                     ^^^^^^^^^^^^^^^^^^^^^^
AttributeError: 'Member' object has no attribute 'timed_out_until'
Ignoring exception in on_member_update
Traceback (most recent call last):
  File "/usr/local/lib/python3.12/site-packages/discord/client.py", line 465, in _run_event
    await coro(*args, **kwargs)
  File "/app/asu_discord/cogs/analytics.py", line 652, in on_member_update
    before_timeout = before.timed_out_until
                     ^^^^^^^^^^^^^^^^^^^^^^
AttributeError: 'Member' object has no attribute 'timed_out_until'
Ignoring exception in on_member_update
Traceback (most recent call last):
  File "/usr/local/lib/python3.12/site-packages/discord/client.py", line 465, in _run_event
    await coro(*args, **kwargs)
  File "/app/asu_discord/cogs/analytics.py", line 652, in on_member_update
    before_timeout = before.timed_out_until
                     ^^^^^^^^^^^^^^^^^^^^^^
AttributeError: 'Member' object has no attribute 'timed_out_until'
Ignoring exception in on_member_update
Traceback (most recent call last):
  File "/usr/local/lib/python3.12/site-packages/discord/client.py", line 465, in _run_event
    await coro(*args, **kwargs)
  File "/app/asu_discord/cogs/analytics.py", line 652, in on_member_update
    before_timeout = before.timed_out_until
                     ^^^^^^^^^^^^^^^^^^^^^^
AttributeError: 'Member' object has no attribute 'timed_out_until'
Ignoring exception in on_member_update
Traceback (most recent call last):
  File "/usr/local/lib/python3.12/site-packages/discord/client.py", line 465, in _run_event
    await coro(*args, **kwargs)
  File "/app/asu_discord/cogs/analytics.py", line 652, in on_member_update
    before_timeout = before.timed_out_until
                     ^^^^^^^^^^^^^^^^^^^^^^
AttributeError: 'Member' object has no attribute 'timed_out_until'
Ignoring exception in on_member_update
Traceback (most recent call last):
  File "/usr/local/lib/python3.12/site-packages/discord/client.py", line 465, in _run_event
    await coro(*args, **kwargs)
  File "/app/asu_discord/cogs/analytics.py", line 652, in on_member_update
    before_timeout = before.timed_out_until
                     ^^^^^^^^^^^^^^^^^^^^^^
AttributeError: 'Member' object has no attribute 'timed_out_until'
Ignoring exception in on_member_update
Traceback (most recent call last):
  File "/usr/local/lib/python3.12/site-packages/discord/client.py", line 465, in _run_event
    await coro(*args, **kwargs)
  File "/app/asu_discord/cogs/analytics.py", line 652, in on_member_update
    before_timeout = before.timed_out_until
                     ^^^^^^^^^^^^^^^^^^^^^^
AttributeError: 'Member' object has no attribute 'timed_out_until'
Ignoring exception in on_member_update
Traceback (most recent call last):
  File "/usr/local/lib/python3.12/site-packages/discord/client.py", line 465, in _run_event
    await coro(*args, **kwargs)
  File "/app/asu_discord/cogs/analytics.py", line 652, in on_member_update
    before_timeout = before.timed_out_until
                     ^^^^^^^^^^^^^^^^^^^^^^
AttributeError: 'Member' object has no attribute 'timed_out_until'
INFO:asu_discord.cogs.verification:Saved 5 roles to database for user ssynghal (Discord ID: 748154731381260329)
INFO:asu_discord.cogs.verification:Refreshed Salesforce roles for Discord user 748154731381260329: -5/+5 roles, assigned=[Commited, First Year, International Student, Tempe, W.P. Carey School of Business]
ERROR:cron.jobs:refresh_salesforce_roles: failed for jchoi269 (Discord ID 808857129942908949): Failed to refresh Salesforce-based roles: Discord user 808857129942908949 is not a member of the guild
Ignoring exception in on_member_update
Traceback (most recent call last):
  File "/usr/local/lib/python3.12/site-packages/discord/client.py", line 465, in _run_event
    await coro(*args, **kwargs)
  File "/app/asu_discord/cogs/analytics.py", line 652, in on_member_update
    before_timeout = before.timed_out_until
                     ^^^^^^^^^^^^^^^^^^^^^^
AttributeError: 'Member' object has no attribute 'timed_out_until'
Ignoring exception in on_member_update
Traceback (most recent call last):
  File "/usr/local/lib/python3.12/site-packages/discord/client.py", line 465, in _run_event
    await coro(*args, **kwargs)
  File "/app/asu_discord/cogs/analytics.py", line 652, in on_member_update
    before_timeout = before.timed_out_until
                     ^^^^^^^^^^^^^^^^^^^^^^
AttributeError: 'Member' object has no attribute 'timed_out_until'
Ignoring exception in on_member_update
Traceback (most recent call last):
  File "/usr/local/lib/python3.12/site-packages/discord/client.py", line 465, in _run_event
    await coro(*args, **kwargs)
  File "/app/asu_discord/cogs/analytics.py", line 652, in on_member_update
    before_timeout = before.timed_out_until
                     ^^^^^^^^^^^^^^^^^^^^^^
AttributeError: 'Member' object has no attribute 'timed_out_until'
Ignoring exception in on_member_update
Traceback (most recent call last):
  File "/usr/local/lib/python3.12/site-packages/discord/client.py", line 465, in _run_event
    await coro(*args, **kwargs)
  File "/app/asu_discord/cogs/analytics.py", line 652, in on_member_update
    before_timeout = before.timed_out_until
                     ^^^^^^^^^^^^^^^^^^^^^^
AttributeError: 'Member' object has no attribute 'timed_out_until'
Ignoring exception in on_member_update
Traceback (most recent call last):
  File "/usr/local/lib/python3.12/site-packages/discord/client.py", line 465, in _run_event
    await coro(*args, **kwargs)
  File "/app/asu_discord/cogs/analytics.py", line 652, in on_member_update
    before_timeout = before.timed_out_until
                     ^^^^^^^^^^^^^^^^^^^^^^
AttributeError: 'Member' object has no attribute 'timed_out_until'
Ignoring exception in on_member_update
Traceback (most recent call last):
  File "/usr/local/lib/python3.12/site-packages/discord/client.py", line 465, in _run_event
    await coro(*args, **kwargs)
  File "/app/asu_discord/cogs/analytics.py", line 652, in on_member_update
    before_timeout = before.timed_out_until
                     ^^^^^^^^^^^^^^^^^^^^^^
AttributeError: 'Member' object has no attribute 'timed_out_until'
Ignoring exception in on_member_update
Traceback (most recent call last):
  File "/usr/local/lib/python3.12/site-packages/discord/client.py", line 465, in _run_event
    await coro(*args, **kwargs)
  File "/app/asu_discord/cogs/analytics.py", line 652, in on_member_update
    before_timeout = before.timed_out_until
                     ^^^^^^^^^^^^^^^^^^^^^^
AttributeError: 'Member' object has no attribute 'timed_out_until'
Ignoring exception in on_member_update
Traceback (most recent call last):
  File "/usr/local/lib/python3.12/site-packages/discord/client.py", line 465, in _run_event
    await coro(*args, **kwargs)
  File "/app/asu_discord/cogs/analytics.py", line 652, in on_member_update
    before_timeout = before.timed_out_until
                     ^^^^^^^^^^^^^^^^^^^^^^
AttributeError: 'Member' object has no attribute 'timed_out_until'
Ignoring exception in on_member_update
Traceback (most recent call last):
  File "/usr/local/lib/python3.12/site-packages/discord/client.py", line 465, in _run_event
    await coro(*args, **kwargs)
  File "/app/asu_discord/cogs/analytics.py", line 652, in on_member_update
    before_timeout = before.timed_out_until
                     ^^^^^^^^^^^^^^^^^^^^^^
AttributeError: 'Member' object has no attribute 'timed_out_until'
Ignoring exception in on_member_update
Traceback (most recent call last):
  File "/usr/local/lib/python3.12/site-packages/discord/client.py", line 465, in _run_event
    await coro(*args, **kwargs)
  File "/app/asu_discord/cogs/analytics.py", line 652, in on_member_update
    before_timeout = before.timed_out_until
                     ^^^^^^^^^^^^^^^^^^^^^^
AttributeError: 'Member' object has no attribute 'timed_out_until'
INFO:asu_discord.cogs.verification:Saved 6 roles to database for user dpham39 (Discord ID: 1240619429709221914)
INFO:asu_discord.cogs.verification:Refreshed Salesforce roles for Discord user 1240619429709221914: -4/+6 roles, assigned=[Commited, First Year, International Student, Ira A. Fulton Schools of Engineering, Tempe, Upperclassmen]
Ignoring exception in on_member_update
Traceback (most recent call last):
  File "/usr/local/lib/python3.12/site-packages/discord/client.py", line 465, in _run_event
    await coro(*args, **kwargs)
  File "/app/asu_discord/cogs/analytics.py", line 652, in on_member_update
    before_timeout = before.timed_out_until
                     ^^^^^^^^^^^^^^^^^^^^^^
AttributeError: 'Member' object has no attribute 'timed_out_until'
Ignoring exception in on_member_update
Traceback (most recent call last):
  File "/usr/local/lib/python3.12/site-packages/discord/client.py", line 465, in _run_event
    await coro(*args, **kwargs)
  File "/app/asu_discord/cogs/analytics.py", line 652, in on_member_update
    before_timeout = before.timed_out_until
                     ^^^^^^^^^^^^^^^^^^^^^^
AttributeError: 'Member' object has no attribute 'timed_out_until'
Ignoring exception in on_member_update
Traceback (most recent call last):
  File "/usr/local/lib/python3.12/site-packages/discord/client.py", line 465, in _run_event
    await coro(*args, **kwargs)
  File "/app/asu_discord/cogs/analytics.py", line 652, in on_member_update
    before_timeout = before.timed_out_until
                     ^^^^^^^^^^^^^^^^^^^^^^
AttributeError: 'Member' object has no attribute 'timed_out_until'
Ignoring exception in on_member_update
Traceback (most recent call last):
  File "/usr/local/lib/python3.12/site-packages/discord/client.py", line 465, in _run_event
    await coro(*args, **kwargs)
  File "/app/asu_discord/cogs/analytics.py", line 652, in on_member_update
    before_timeout = before.timed_out_until
                     ^^^^^^^^^^^^^^^^^^^^^^
AttributeError: 'Member' object has no attribute 'timed_out_until'
Ignoring exception in on_member_update
Traceback (most recent call last):
  File "/usr/local/lib/python3.12/site-packages/discord/client.py", line 465, in _run_event
    await coro(*args, **kwargs)
  File "/app/asu_discord/cogs/analytics.py", line 652, in on_member_update
    before_timeout = before.timed_out_until
                     ^^^^^^^^^^^^^^^^^^^^^^
AttributeError: 'Member' object has no attribute 'timed_out_until'
Ignoring exception in on_member_update
Traceback (most recent call last):
  File "/usr/local/lib/python3.12/site-packages/discord/client.py", line 465, in _run_event
    await coro(*args, **kwargs)
  File "/app/asu_discord/cogs/analytics.py", line 652, in on_member_update
    before_timeout = before.timed_out_until
                     ^^^^^^^^^^^^^^^^^^^^^^
AttributeError: 'Member' object has no attribute 'timed_out_until'
Ignoring exception in on_member_update
Traceback (most recent call last):
  File "/usr/local/lib/python3.12/site-packages/discord/client.py", line 465, in _run_event
    await coro(*args, **kwargs)
  File "/app/asu_discord/cogs/analytics.py", line 652, in on_member_update
    before_timeout = before.timed_out_until
                     ^^^^^^^^^^^^^^^^^^^^^^
AttributeError: 'Member' object has no attribute 'timed_out_until'
Ignoring exception in on_member_update
Traceback (most recent call last):
  File "/usr/local/lib/python3.12/site-packages/discord/client.py", line 465, in _run_event
    await coro(*args, **kwargs)
  File "/app/asu_discord/cogs/analytics.py", line 652, in on_member_update
    before_timeout = before.timed_out_until
                     ^^^^^^^^^^^^^^^^^^^^^^
AttributeError: 'Member' object has no attribute 'timed_out_until'
Ignoring exception in on_member_update
Traceback (most recent call last):
  File "/usr/local/lib/python3.12/site-packages/discord/client.py", line 465, in _run_event
    await coro(*args, **kwargs)
  File "/app/asu_discord/cogs/analytics.py", line 652, in on_member_update
    before_timeout = before.timed_out_until
                     ^^^^^^^^^^^^^^^^^^^^^^
AttributeError: 'Member' object has no attribute 'timed_out_until'
Ignoring exception in on_member_update
Traceback (most recent call last):
  File "/usr/local/lib/python3.12/site-packages/discord/client.py", line 465, in _run_event
    await coro(*args, **kwargs)
  File "/app/asu_discord/cogs/analytics.py", line 652, in on_member_update
    before_timeout = before.timed_out_until
                     ^^^^^^^^^^^^^^^^^^^^^^
AttributeError: 'Member' object has no attribute 'timed_out_until'
INFO:asu_discord.cogs.verification:Saved 6 roles to database for user thitoo (Discord ID: 729365091899801670)
INFO:asu_discord.cogs.verification:Refreshed Salesforce roles for Discord user 729365091899801670: -4/+6 roles, assigned=[Arizona Resident, Commited, First Generation Student, First Year, New College of Interdisciplinary Arts and Sciences, West Valley]
Ignoring exception in on_member_update
Traceback (most recent call last):
  File "/usr/local/lib/python3.12/site-packages/discord/client.py", line 465, in _run_event
    await coro(*args, **kwargs)
  File "/app/asu_discord/cogs/analytics.py", line 652, in on_member_update
    before_timeout = before.timed_out_until
                     ^^^^^^^^^^^^^^^^^^^^^^
AttributeError: 'Member' object has no attribute 'timed_out_until'
Ignoring exception in on_member_update
Traceback (most recent call last):
  File "/usr/local/lib/python3.12/site-packages/discord/client.py", line 465, in _run_event
    await coro(*args, **kwargs)
  File "/app/asu_discord/cogs/analytics.py", line 652, in on_member_update
    before_timeout = before.timed_out_until
                     ^^^^^^^^^^^^^^^^^^^^^^
AttributeError: 'Member' object has no attribute 'timed_out_until'
Ignoring exception in on_member_update
Traceback (most recent call last):
  File "/usr/local/lib/python3.12/site-packages/discord/client.py", line 465, in _run_event
    await coro(*args, **kwargs)
  File "/app/asu_discord/cogs/analytics.py", line 652, in on_member_update
    before_timeout = before.timed_out_until
                     ^^^^^^^^^^^^^^^^^^^^^^
AttributeError: 'Member' object has no attribute 'timed_out_until'
Ignoring exception in on_member_update
Traceback (most recent call last):
  File "/usr/local/lib/python3.12/site-packages/discord/client.py", line 465, in _run_event
    await coro(*args, **kwargs)
  File "/app/asu_discord/cogs/analytics.py", line 652, in on_member_update
    before_timeout = before.timed_out_until
                     ^^^^^^^^^^^^^^^^^^^^^^
AttributeError: 'Member' object has no attribute 'timed_out_until'
Ignoring exception in on_member_update
Traceback (most recent call last):
  File "/usr/local/lib/python3.12/site-packages/discord/client.py", line 465, in _run_event
    await coro(*args, **kwargs)
  File "/app/asu_discord/cogs/analytics.py", line 652, in on_member_update
    before_timeout = before.timed_out_until
                     ^^^^^^^^^^^^^^^^^^^^^^
AttributeError: 'Member' object has no attribute 'timed_out_until'
Ignoring exception in on_member_update
Traceback (most recent call last):
  File "/usr/local/lib/python3.12/site-packages/discord/client.py", line 465, in _run_event
    await coro(*args, **kwargs)
  File "/app/asu_discord/cogs/analytics.py", line 652, in on_member_update
    before_timeout = before.timed_out_until
                     ^^^^^^^^^^^^^^^^^^^^^^
AttributeError: 'Member' object has no attribute 'timed_out_until'
Ignoring exception in on_member_update
Traceback (most recent call last):
  File "/usr/local/lib/python3.12/site-packages/discord/client.py", line 465, in _run_event
    await coro(*args, **kwargs)
  File "/app/asu_discord/cogs/analytics.py", line 652, in on_member_update
    before_timeout = before.timed_out_until
                     ^^^^^^^^^^^^^^^^^^^^^^
AttributeError: 'Member' object has no attribute 'timed_out_until'
Ignoring exception in on_member_update
Traceback (most recent call last):
  File "/usr/local/lib/python3.12/site-packages/discord/client.py", line 465, in _run_event
    await coro(*args, **kwargs)
  File "/app/asu_discord/cogs/analytics.py", line 652, in on_member_update
    before_timeout = before.timed_out_until
                     ^^^^^^^^^^^^^^^^^^^^^^
AttributeError: 'Member' object has no attribute 'timed_out_until'
Ignoring exception in on_member_update
Traceback (most recent call last):
  File "/usr/local/lib/python3.12/site-packages/discord/client.py", line 465, in _run_event
    await coro(*args, **kwargs)
  File "/app/asu_discord/cogs/analytics.py", line 652, in on_member_update
    before_timeout = before.timed_out_until
                     ^^^^^^^^^^^^^^^^^^^^^^
AttributeError: 'Member' object has no attribute 'timed_out_until'
INFO:asu_discord.cogs.verification:Saved 6 roles to database for user rwill273 (Discord ID: 1440036549218668634)
INFO:asu_discord.cogs.verification:Refreshed Salesforce roles for Discord user 1440036549218668634: -4/+5 roles, assigned=[First Generation Student, New College of Interdisciplinary Arts and Sciences, Online, Out of State, Transfer Student, Upperclassmen]
Ignoring exception in on_member_update
Traceback (most recent call last):
  File "/usr/local/lib/python3.12/site-packages/discord/client.py", line 465, in _run_event
    await coro(*args, **kwargs)
  File "/app/asu_discord/cogs/analytics.py", line 652, in on_member_update
    before_timeout = before.timed_out_until
                     ^^^^^^^^^^^^^^^^^^^^^^
AttributeError: 'Member' object has no attribute 'timed_out_until'
Ignoring exception in on_member_update
Traceback (most recent call last):
  File "/usr/local/lib/python3.12/site-packages/discord/client.py", line 465, in _run_event
    await coro(*args, **kwargs)
  File "/app/asu_discord/cogs/analytics.py", line 652, in on_member_update
    before_timeout = before.timed_out_until
                     ^^^^^^^^^^^^^^^^^^^^^^
AttributeError: 'Member' object has no attribute 'timed_out_until'
Ignoring exception in on_member_update
Traceback (most recent call last):
  File "/usr/local/lib/python3.12/site-packages/discord/client.py", line 465, in _run_event
    await coro(*args, **kwargs)
  File "/app/asu_discord/cogs/analytics.py", line 652, in on_member_update
    before_timeout = before.timed_out_until
                     ^^^^^^^^^^^^^^^^^^^^^^
AttributeError: 'Member' object has no attribute 'timed_out_until'
Ignoring exception in on_member_update
Traceback (most recent call last):
  File "/usr/local/lib/python3.12/site-packages/discord/client.py", line 465, in _run_event
    await coro(*args, **kwargs)
  File "/app/asu_discord/cogs/analytics.py", line 652, in on_member_update
    before_timeout = before.timed_out_until
                     ^^^^^^^^^^^^^^^^^^^^^^
AttributeError: 'Member' object has no attribute 'timed_out_until'
Ignoring exception in on_member_update
Traceback (most recent call last):
  File "/usr/local/lib/python3.12/site-packages/discord/client.py", line 465, in _run_event
    await coro(*args, **kwargs)
  File "/app/asu_discord/cogs/analytics.py", line 652, in on_member_update
    before_timeout = before.timed_out_until
                     ^^^^^^^^^^^^^^^^^^^^^^
AttributeError: 'Member' object has no attribute 'timed_out_until'
Ignoring exception in on_member_update
Traceback (most recent call last):
  File "/usr/local/lib/python3.12/site-packages/discord/client.py", line 465, in _run_event
    await coro(*args, **kwargs)
  File "/app/asu_discord/cogs/analytics.py", line 652, in on_member_update
    before_timeout = before.timed_out_until
                     ^^^^^^^^^^^^^^^^^^^^^^
AttributeError: 'Member' object has no attribute 'timed_out_until'
Ignoring exception in on_member_update
Traceback (most recent call last):
  File "/usr/local/lib/python3.12/site-packages/discord/client.py", line 465, in _run_event
    await coro(*args, **kwargs)
  File "/app/asu_discord/cogs/analytics.py", line 652, in on_member_update
    before_timeout = before.timed_out_until
                     ^^^^^^^^^^^^^^^^^^^^^^
AttributeError: 'Member' object has no attribute 'timed_out_until'
Ignoring exception in on_member_update
Traceback (most recent call last):
  File "/usr/local/lib/python3.12/site-packages/discord/client.py", line 465, in _run_event
    await coro(*args, **kwargs)
  File "/app/asu_discord/cogs/analytics.py", line 652, in on_member_update
    before_timeout = before.timed_out_until
                     ^^^^^^^^^^^^^^^^^^^^^^
AttributeError: 'Member' object has no attribute 'timed_out_until'
Ignoring exception in on_member_update
Traceback (most recent call last):
  File "/usr/local/lib/python3.12/site-packages/discord/client.py", line 465, in _run_event
    await coro(*args, **kwargs)
  File "/app/asu_discord/cogs/analytics.py", line 652, in on_member_update
    before_timeout = before.timed_out_until
                     ^^^^^^^^^^^^^^^^^^^^^^
AttributeError: 'Member' object has no attribute 'timed_out_until'
Ignoring exception in on_member_update
Traceback (most recent call last):
  File "/usr/local/lib/python3.12/site-packages/discord/client.py", line 465, in _run_event
    await coro(*args, **kwargs)
  File "/app/asu_discord/cogs/analytics.py", line 652, in on_member_update
    before_timeout = before.timed_out_until
                     ^^^^^^^^^^^^^^^^^^^^^^
AttributeError: 'Member' object has no attribute 'timed_out_until'
INFO:asu_discord.cogs.verification:Saved 6 roles to database for user tjafri (Discord ID: 1110586456440844340)
INFO:asu_discord.cogs.verification:Refreshed Salesforce roles for Discord user 1110586456440844340: -4/+6 roles, assigned=[Commited, First Year, International Student, Tempe, University College, Upperclassmen]
Ignoring exception in on_member_update
Traceback (most recent call last):
  File "/usr/local/lib/python3.12/site-packages/discord/client.py", line 465, in _run_event
    await coro(*args, **kwargs)
  File "/app/asu_discord/cogs/analytics.py", line 652, in on_member_update
    before_timeout = before.timed_out_until
                     ^^^^^^^^^^^^^^^^^^^^^^
AttributeError: 'Member' object has no attribute 'timed_out_until'
Ignoring exception in on_member_update
Traceback (most recent call last):
  File "/usr/local/lib/python3.12/site-packages/discord/client.py", line 465, in _run_event
    await coro(*args, **kwargs)
  File "/app/asu_discord/cogs/analytics.py", line 652, in on_member_update
    before_timeout = before.timed_out_until
                     ^^^^^^^^^^^^^^^^^^^^^^
AttributeError: 'Member' object has no attribute 'timed_out_until'
Ignoring exception in on_member_update
Traceback (most recent call last):
  File "/usr/local/lib/python3.12/site-packages/discord/client.py", line 465, in _run_event
    await coro(*args, **kwargs)
  File "/app/asu_discord/cogs/analytics.py", line 652, in on_member_update
    before_timeout = before.timed_out_until
                     ^^^^^^^^^^^^^^^^^^^^^^
AttributeError: 'Member' object has no attribute 'timed_out_until'
Ignoring exception in on_member_update
Traceback (most recent call last):
  File "/usr/local/lib/python3.12/site-packages/discord/client.py", line 465, in _run_event
    await coro(*args, **kwargs)
  File "/app/asu_discord/cogs/analytics.py", line 652, in on_member_update
    before_timeout = before.timed_out_until
                     ^^^^^^^^^^^^^^^^^^^^^^
AttributeError: 'Member' object has no attribute 'timed_out_until'
Ignoring exception in on_member_update
Traceback (most recent call last):
  File "/usr/local/lib/python3.12/site-packages/discord/client.py", line 465, in _run_event
    await coro(*args, **kwargs)
  File "/app/asu_discord/cogs/analytics.py", line 652, in on_member_update
    before_timeout = before.timed_out_until
                     ^^^^^^^^^^^^^^^^^^^^^^
AttributeError: 'Member' object has no attribute 'timed_out_until'
Ignoring exception in on_member_update
Traceback (most recent call last):
  File "/usr/local/lib/python3.12/site-packages/discord/client.py", line 465, in _run_event
    await coro(*args, **kwargs)
  File "/app/asu_discord/cogs/analytics.py", line 652, in on_member_update
    before_timeout = before.timed_out_until
                     ^^^^^^^^^^^^^^^^^^^^^^
AttributeError: 'Member' object has no attribute 'timed_out_until'
Ignoring exception in on_member_update
Traceback (most recent call last):
  File "/usr/local/lib/python3.12/site-packages/discord/client.py", line 465, in _run_event
    await coro(*args, **kwargs)
  File "/app/asu_discord/cogs/analytics.py", line 652, in on_member_update
    before_timeout = before.timed_out_until
                     ^^^^^^^^^^^^^^^^^^^^^^
AttributeError: 'Member' object has no attribute 'timed_out_until'
Ignoring exception in on_member_update
Traceback (most recent call last):
  File "/usr/local/lib/python3.12/site-packages/discord/client.py", line 465, in _run_event
    await coro(*args, **kwargs)
  File "/app/asu_discord/cogs/analytics.py", line 652, in on_member_update
    before_timeout = before.timed_out_until
                     ^^^^^^^^^^^^^^^^^^^^^^
AttributeError: 'Member' object has no attribute 'timed_out_until'
Ignoring exception in on_member_update
Traceback (most recent call last):
  File "/usr/local/lib/python3.12/site-packages/discord/client.py", line 465, in _run_event
    await coro(*args, **kwargs)
  File "/app/asu_discord/cogs/analytics.py", line 652, in on_member_update
    before_timeout = before.timed_out_until
                     ^^^^^^^^^^^^^^^^^^^^^^
AttributeError: 'Member' object has no attribute 'timed_out_until'
Ignoring exception in on_member_update
Traceback (most recent call last):
  File "/usr/local/lib/python3.12/site-packages/discord/client.py", line 465, in _run_event
    await coro(*args, **kwargs)
  File "/app/asu_discord/cogs/analytics.py", line 652, in on_member_update
    before_timeout = before.timed_out_until
                     ^^^^^^^^^^^^^^^^^^^^^^
AttributeError: 'Member' object has no attribute 'timed_out_until'
INFO:asu_discord.cogs.verification:Saved 6 roles to database for user mprashta (Discord ID: 1448064930191511584)
INFO:asu_discord.cogs.verification:Refreshed Salesforce roles for Discord user 1448064930191511584: -4/+6 roles, assigned=[Arizona Resident, College of Health Solutions, Commited, Downtown Phoenix, First Generation Student, First Year]
Ignoring exception in on_member_update
Traceback (most recent call last):
  File "/usr/local/lib/python3.12/site-packages/discord/client.py", line 465, in _run_event
    await coro(*args, **kwargs)
  File "/app/asu_discord/cogs/analytics.py", line 652, in on_member_update
    before_timeout = before.timed_out_until
                     ^^^^^^^^^^^^^^^^^^^^^^
AttributeError: 'Member' object has no attribute 'timed_out_until'
Ignoring exception in on_member_update
Traceback (most recent call last):
  File "/usr/local/lib/python3.12/site-packages/discord/client.py", line 465, in _run_event
    await coro(*args, **kwargs)
  File "/app/asu_discord/cogs/analytics.py", line 652, in on_member_update
    before_timeout = before.timed_out_until
                     ^^^^^^^^^^^^^^^^^^^^^^
AttributeError: 'Member' object has no attribute 'timed_out_until'
Ignoring exception in on_member_update
Traceback (most recent call last):
  File "/usr/local/lib/python3.12/site-packages/discord/client.py", line 465, in _run_event
    await coro(*args, **kwargs)
  File "/app/asu_discord/cogs/analytics.py", line 652, in on_member_update
    before_timeout = before.timed_out_until
                     ^^^^^^^^^^^^^^^^^^^^^^
AttributeError: 'Member' object has no attribute 'timed_out_until'
Ignoring exception in on_member_update
Traceback (most recent call last):
  File "/usr/local/lib/python3.12/site-packages/discord/client.py", line 465, in _run_event
    await coro(*args, **kwargs)
  File "/app/asu_discord/cogs/analytics.py", line 652, in on_member_update
    before_timeout = before.timed_out_until
                     ^^^^^^^^^^^^^^^^^^^^^^
AttributeError: 'Member' object has no attribute 'timed_out_until'
Ignoring exception in on_member_update
Traceback (most recent call last):
  File "/usr/local/lib/python3.12/site-packages/discord/client.py", line 465, in _run_event
    await coro(*args, **kwargs)
  File "/app/asu_discord/cogs/analytics.py", line 652, in on_member_update
    before_timeout = before.timed_out_until
                     ^^^^^^^^^^^^^^^^^^^^^^
AttributeError: 'Member' object has no attribute 'timed_out_until'
Ignoring exception in on_member_update
Traceback (most recent call last):
  File "/usr/local/lib/python3.12/site-packages/discord/client.py", line 465, in _run_event
    await coro(*args, **kwargs)
  File "/app/asu_discord/cogs/analytics.py", line 652, in on_member_update
    before_timeout = before.timed_out_until
                     ^^^^^^^^^^^^^^^^^^^^^^
AttributeError: 'Member' object has no attribute 'timed_out_until'
Ignoring exception in on_member_update
Traceback (most recent call last):
  File "/usr/local/lib/python3.12/site-packages/discord/client.py", line 465, in _run_event
    await coro(*args, **kwargs)
  File "/app/asu_discord/cogs/analytics.py", line 652, in on_member_update
    before_timeout = before.timed_out_until
                     ^^^^^^^^^^^^^^^^^^^^^^
AttributeError: 'Member' object has no attribute 'timed_out_until'
Ignoring exception in on_member_update
Traceback (most recent call last):
  File "/usr/local/lib/python3.12/site-packages/discord/client.py", line 465, in _run_event
    await coro(*args, **kwargs)
  File "/app/asu_discord/cogs/analytics.py", line 652, in on_member_update
    before_timeout = before.timed_out_until
                     ^^^^^^^^^^^^^^^^^^^^^^
AttributeError: 'Member' object has no attribute 'timed_out_until'
Ignoring exception in on_member_update
Traceback (most recent call last):
  File "/usr/local/lib/python3.12/site-packages/discord/client.py", line 465, in _run_event
    await coro(*args, **kwargs)
  File "/app/asu_discord/cogs/analytics.py", line 652, in on_member_update
    before_timeout = before.timed_out_until
                     ^^^^^^^^^^^^^^^^^^^^^^
AttributeError: 'Member' object has no attribute 'timed_out_until'
Ignoring exception in on_member_update
Traceback (most recent call last):
  File "/usr/local/lib/python3.12/site-packages/discord/client.py", line 465, in _run_event
    await coro(*args, **kwargs)
  File "/app/asu_discord/cogs/analytics.py", line 652, in on_member_update
    before_timeout = before.timed_out_until
                     ^^^^^^^^^^^^^^^^^^^^^^
AttributeError: 'Member' object has no attribute 'timed_out_until'
INFO:asu_discord.cogs.verification:Saved 6 roles to database for user mcmccom2 (Discord ID: 661116505286639686)
INFO:asu_discord.cogs.verification:Refreshed Salesforce roles for Discord user 661116505286639686: -4/+6 roles, assigned=[Arizona Resident, College of Integrative Sciences and Arts, Commited, First Year, Polytechnic, Upperclassmen]
Ignoring exception in on_member_update
Traceback (most recent call last):
  File "/usr/local/lib/python3.12/site-packages/discord/client.py", line 465, in _run_event
    await coro(*args, **kwargs)
  File "/app/asu_discord/cogs/analytics.py", line 652, in on_member_update
    before_timeout = before.timed_out_until
                     ^^^^^^^^^^^^^^^^^^^^^^
AttributeError: 'Member' object has no attribute 'timed_out_until'
Ignoring exception in on_member_update
Traceback (most recent call last):
  File "/usr/local/lib/python3.12/site-packages/discord/client.py", line 465, in _run_event
    await coro(*args, **kwargs)
  File "/app/asu_discord/cogs/analytics.py", line 652, in on_member_update
    before_timeout = before.timed_out_until
                     ^^^^^^^^^^^^^^^^^^^^^^
AttributeError: 'Member' object has no attribute 'timed_out_until'
Ignoring exception in on_member_update
Traceback (most recent call last):
  File "/usr/local/lib/python3.12/site-packages/discord/client.py", line 465, in _run_event
    await coro(*args, **kwargs)
  File "/app/asu_discord/cogs/analytics.py", line 652, in on_member_update
    before_timeout = before.timed_out_until
                     ^^^^^^^^^^^^^^^^^^^^^^
AttributeError: 'Member' object has no attribute 'timed_out_until'
Ignoring exception in on_member_update
Traceback (most recent call last):
  File "/usr/local/lib/python3.12/site-packages/discord/client.py", line 465, in _run_event
    await coro(*args, **kwargs)
  File "/app/asu_discord/cogs/analytics.py", line 652, in on_member_update
    before_timeout = before.timed_out_until
                     ^^^^^^^^^^^^^^^^^^^^^^
AttributeError: 'Member' object has no attribute 'timed_out_until'
Ignoring exception in on_member_update
Traceback (most recent call last):
  File "/usr/local/lib/python3.12/site-packages/discord/client.py", line 465, in _run_event
    await coro(*args, **kwargs)
  File "/app/asu_discord/cogs/analytics.py", line 652, in on_member_update
    before_timeout = before.timed_out_until
                     ^^^^^^^^^^^^^^^^^^^^^^
AttributeError: 'Member' object has no attribute 'timed_out_until'
Ignoring exception in on_member_update
Traceback (most recent call last):
  File "/usr/local/lib/python3.12/site-packages/discord/client.py", line 465, in _run_event
    await coro(*args, **kwargs)
  File "/app/asu_discord/cogs/analytics.py", line 652, in on_member_update
    before_timeout = before.timed_out_until
                     ^^^^^^^^^^^^^^^^^^^^^^
AttributeError: 'Member' object has no attribute 'timed_out_until'
Ignoring exception in on_member_update
Traceback (most recent call last):
  File "/usr/local/lib/python3.12/site-packages/discord/client.py", line 465, in _run_event
    await coro(*args, **kwargs)
  File "/app/asu_discord/cogs/analytics.py", line 652, in on_member_update
    before_timeout = before.timed_out_until
                     ^^^^^^^^^^^^^^^^^^^^^^
AttributeError: 'Member' object has no attribute 'timed_out_until'
Ignoring exception in on_member_update
Traceback (most recent call last):
  File "/usr/local/lib/python3.12/site-packages/discord/client.py", line 465, in _run_event
    await coro(*args, **kwargs)
  File "/app/asu_discord/cogs/analytics.py", line 652, in on_member_update
    before_timeout = before.timed_out_until
                     ^^^^^^^^^^^^^^^^^^^^^^
AttributeError: 'Member' object has no attribute 'timed_out_until'
Ignoring exception in on_member_update
Traceback (most recent call last):
  File "/usr/local/lib/python3.12/site-packages/discord/client.py", line 465, in _run_event
    await coro(*args, **kwargs)
  File "/app/asu_discord/cogs/analytics.py", line 652, in on_member_update
    before_timeout = before.timed_out_until
                     ^^^^^^^^^^^^^^^^^^^^^^
AttributeError: 'Member' object has no attribute 'timed_out_until'
Ignoring exception in on_member_update
Traceback (most recent call last):
  File "/usr/local/lib/python3.12/site-packages/discord/client.py", line 465, in _run_event
    await coro(*args, **kwargs)
  File "/app/asu_discord/cogs/analytics.py", line 652, in on_member_update
    before_timeout = before.timed_out_until
                     ^^^^^^^^^^^^^^^^^^^^^^
AttributeError: 'Member' object has no attribute 'timed_out_until'
INFO:asu_discord.cogs.verification:Saved 5 roles to database for user cpdvorak (Discord ID: 1458527701613805655)
INFO:asu_discord.cogs.verification:Refreshed Salesforce roles for Discord user 1458527701613805655: -5/+5 roles, assigned=[Commited, Downtown Phoenix, First Year, Out of State, Watts College of Public Service and Community Solutions]
Ignoring exception in on_member_update
Traceback (most recent call last):
  File "/usr/local/lib/python3.12/site-packages/discord/client.py", line 465, in _run_event
    await coro(*args, **kwargs)
  File "/app/asu_discord/cogs/analytics.py", line 652, in on_member_update
    before_timeout = before.timed_out_until
                     ^^^^^^^^^^^^^^^^^^^^^^
AttributeError: 'Member' object has no attribute 'timed_out_until'
Ignoring exception in on_member_update
Traceback (most recent call last):
  File "/usr/local/lib/python3.12/site-packages/discord/client.py", line 465, in _run_event
    await coro(*args, **kwargs)
  File "/app/asu_discord/cogs/analytics.py", line 652, in on_member_update
    before_timeout = before.timed_out_until
                     ^^^^^^^^^^^^^^^^^^^^^^
AttributeError: 'Member' object has no attribute 'timed_out_until'
Ignoring exception in on_member_update
Traceback (most recent call last):
  File "/usr/local/lib/python3.12/site-packages/discord/client.py", line 465, in _run_event
    await coro(*args, **kwargs)
  File "/app/asu_discord/cogs/analytics.py", line 652, in on_member_update
    before_timeout = before.timed_out_until
                     ^^^^^^^^^^^^^^^^^^^^^^
AttributeError: 'Member' object has no attribute 'timed_out_until'
Ignoring exception in on_member_update
Traceback (most recent call last):
  File "/usr/local/lib/python3.12/site-packages/discord/client.py", line 465, in _run_event
    await coro(*args, **kwargs)
  File "/app/asu_discord/cogs/analytics.py", line 652, in on_member_update
    before_timeout = before.timed_out_until
                     ^^^^^^^^^^^^^^^^^^^^^^
AttributeError: 'Member' object has no attribute 'timed_out_until'
Ignoring exception in on_member_update
Traceback (most recent call last):
  File "/usr/local/lib/python3.12/site-packages/discord/client.py", line 465, in _run_event
    await coro(*args, **kwargs)
  File "/app/asu_discord/cogs/analytics.py", line 652, in on_member_update
    before_timeout = before.timed_out_until
                     ^^^^^^^^^^^^^^^^^^^^^^
AttributeError: 'Member' object has no attribute 'timed_out_until'
Ignoring exception in on_member_update
Traceback (most recent call last):
  File "/usr/local/lib/python3.12/site-packages/discord/client.py", line 465, in _run_event
    await coro(*args, **kwargs)
  File "/app/asu_discord/cogs/analytics.py", line 652, in on_member_update
    before_timeout = before.timed_out_until
                     ^^^^^^^^^^^^^^^^^^^^^^
AttributeError: 'Member' object has no attribute 'timed_out_until'
Ignoring exception in on_member_update
Traceback (most recent call last):
  File "/usr/local/lib/python3.12/site-packages/discord/client.py", line 465, in _run_event
    await coro(*args, **kwargs)
  File "/app/asu_discord/cogs/analytics.py", line 652, in on_member_update
    before_timeout = before.timed_out_until
                     ^^^^^^^^^^^^^^^^^^^^^^
AttributeError: 'Member' object has no attribute 'timed_out_until'
Ignoring exception in on_member_update
Traceback (most recent call last):
  File "/usr/local/lib/python3.12/site-packages/discord/client.py", line 465, in _run_event
    await coro(*args, **kwargs)
  File "/app/asu_discord/cogs/analytics.py", line 652, in on_member_update
    before_timeout = before.timed_out_until
                     ^^^^^^^^^^^^^^^^^^^^^^
AttributeError: 'Member' object has no attribute 'timed_out_until'
Ignoring exception in on_member_update
Traceback (most recent call last):
  File "/usr/local/lib/python3.12/site-packages/discord/client.py", line 465, in _run_event
    await coro(*args, **kwargs)
  File "/app/asu_discord/cogs/analytics.py", line 652, in on_member_update
    before_timeout = before.timed_out_until
                     ^^^^^^^^^^^^^^^^^^^^^^
AttributeError: 'Member' object has no attribute 'timed_out_until'
INFO:asu_discord.cogs.verification:Saved 5 roles to database for user agonz706 (Discord ID: 770665087429640199)
INFO:asu_discord.cogs.verification:Refreshed Salesforce roles for Discord user 770665087429640199: -5/+4 roles, assigned=[Arizona Resident, First Generation Student, First Year, Ira A. Fulton Schools of Engineering, West Valley]
Ignoring exception in on_member_update
Traceback (most recent call last):
  File "/usr/local/lib/python3.12/site-packages/discord/client.py", line 465, in _run_event
    await coro(*args, **kwargs)
  File "/app/asu_discord/cogs/analytics.py", line 652, in on_member_update
    before_timeout = before.timed_out_until
                     ^^^^^^^^^^^^^^^^^^^^^^
AttributeError: 'Member' object has no attribute 'timed_out_until'
Ignoring exception in on_member_update
Traceback (most recent call last):
  File "/usr/local/lib/python3.12/site-packages/discord/client.py", line 465, in _run_event
    await coro(*args, **kwargs)
  File "/app/asu_discord/cogs/analytics.py", line 652, in on_member_update
    before_timeout = before.timed_out_until
                     ^^^^^^^^^^^^^^^^^^^^^^
AttributeError: 'Member' object has no attribute 'timed_out_until'
Ignoring exception in on_member_update
Traceback (most recent call last):
  File "/usr/local/lib/python3.12/site-packages/discord/client.py", line 465, in _run_event
    await coro(*args, **kwargs)
  File "/app/asu_discord/cogs/analytics.py", line 652, in on_member_update
    before_timeout = before.timed_out_until
                     ^^^^^^^^^^^^^^^^^^^^^^
AttributeError: 'Member' object has no attribute 'timed_out_until'
Ignoring exception in on_member_update
Traceback (most recent call last):
  File "/usr/local/lib/python3.12/site-packages/discord/client.py", line 465, in _run_event
    await coro(*args, **kwargs)
  File "/app/asu_discord/cogs/analytics.py", line 652, in on_member_update
    before_timeout = before.timed_out_until
                     ^^^^^^^^^^^^^^^^^^^^^^
AttributeError: 'Member' object has no attribute 'timed_out_until'
Ignoring exception in on_member_update
Traceback (most recent call last):
  File "/usr/local/lib/python3.12/site-packages/discord/client.py", line 465, in _run_event
    await coro(*args, **kwargs)
  File "/app/asu_discord/cogs/analytics.py", line 652, in on_member_update
    before_timeout = before.timed_out_until
                     ^^^^^^^^^^^^^^^^^^^^^^
AttributeError: 'Member' object has no attribute 'timed_out_until'
Ignoring exception in on_member_update
Traceback (most recent call last):
  File "/usr/local/lib/python3.12/site-packages/discord/client.py", line 465, in _run_event
    await coro(*args, **kwargs)
  File "/app/asu_discord/cogs/analytics.py", line 652, in on_member_update
    before_timeout = before.timed_out_until
                     ^^^^^^^^^^^^^^^^^^^^^^
AttributeError: 'Member' object has no attribute 'timed_out_until'
Ignoring exception in on_member_update
Traceback (most recent call last):
  File "/usr/local/lib/python3.12/site-packages/discord/client.py", line 465, in _run_event
    await coro(*args, **kwargs)
  File "/app/asu_discord/cogs/analytics.py", line 652, in on_member_update
    before_timeout = before.timed_out_until
                     ^^^^^^^^^^^^^^^^^^^^^^
AttributeError: 'Member' object has no attribute 'timed_out_until'
Ignoring exception in on_member_update
Traceback (most recent call last):
  File "/usr/local/lib/python3.12/site-packages/discord/client.py", line 465, in _run_event
    await coro(*args, **kwargs)
  File "/app/asu_discord/cogs/analytics.py", line 652, in on_member_update
    before_timeout = before.timed_out_until
                     ^^^^^^^^^^^^^^^^^^^^^^
AttributeError: 'Member' object has no attribute 'timed_out_until'
Ignoring exception in on_member_update
Traceback (most recent call last):
  File "/usr/local/lib/python3.12/site-packages/discord/client.py", line 465, in _run_event
    await coro(*args, **kwargs)
  File "/app/asu_discord/cogs/analytics.py", line 652, in on_member_update
    before_timeout = before.timed_out_until
                     ^^^^^^^^^^^^^^^^^^^^^^
AttributeError: 'Member' object has no attribute 'timed_out_until'
Ignoring exception in on_member_update
Traceback (most recent call last):
  File "/usr/local/lib/python3.12/site-packages/discord/client.py", line 465, in _run_event
    await coro(*args, **kwargs)
  File "/app/asu_discord/cogs/analytics.py", line 652, in on_member_update
    before_timeout = before.timed_out_until
                     ^^^^^^^^^^^^^^^^^^^^^^
AttributeError: 'Member' object has no attribute 'timed_out_until'
INFO:asu_discord.cogs.verification:Saved 5 roles to database for user sveerap2 (Discord ID: 1295394346644013200)
INFO:asu_discord.cogs.verification:Refreshed Salesforce roles for Discord user 1295394346644013200: -5/+5 roles, assigned=[Graduate Student, Ira A. Fulton Schools of Engineering, Online, Out of State, Polytechnic]
Ignoring exception in on_member_update
Traceback (most recent call last):
  File "/usr/local/lib/python3.12/site-packages/discord/client.py", line 465, in _run_event
    await coro(*args, **kwargs)
  File "/app/asu_discord/cogs/analytics.py", line 652, in on_member_update
    before_timeout = before.timed_out_until
                     ^^^^^^^^^^^^^^^^^^^^^^
AttributeError: 'Member' object has no attribute 'timed_out_until'
Ignoring exception in on_member_update
Traceback (most recent call last):
  File "/usr/local/lib/python3.12/site-packages/discord/client.py", line 465, in _run_event
    await coro(*args, **kwargs)
  File "/app/asu_discord/cogs/analytics.py", line 652, in on_member_update
    before_timeout = before.timed_out_until
                     ^^^^^^^^^^^^^^^^^^^^^^
AttributeError: 'Member' object has no attribute 'timed_out_until'
Ignoring exception in on_member_update
Traceback (most recent call last):
  File "/usr/local/lib/python3.12/site-packages/discord/client.py", line 465, in _run_event
    await coro(*args, **kwargs)
  File "/app/asu_discord/cogs/analytics.py", line 652, in on_member_update
    before_timeout = before.timed_out_until
                     ^^^^^^^^^^^^^^^^^^^^^^
AttributeError: 'Member' object has no attribute 'timed_out_until'
Ignoring exception in on_member_update
Traceback (most recent call last):
  File "/usr/local/lib/python3.12/site-packages/discord/client.py", line 465, in _run_event
    await coro(*args, **kwargs)
  File "/app/asu_discord/cogs/analytics.py", line 652, in on_member_update
    before_timeout = before.timed_out_until
                     ^^^^^^^^^^^^^^^^^^^^^^
AttributeError: 'Member' object has no attribute 'timed_out_until'
Ignoring exception in on_member_update
Traceback (most recent call last):
  File "/usr/local/lib/python3.12/site-packages/discord/client.py", line 465, in _run_event
    await coro(*args, **kwargs)
  File "/app/asu_discord/cogs/analytics.py", line 652, in on_member_update
    before_timeout = before.timed_out_until
                     ^^^^^^^^^^^^^^^^^^^^^^
AttributeError: 'Member' object has no attribute 'timed_out_until'
Ignoring exception in on_member_update
Traceback (most recent call last):
  File "/usr/local/lib/python3.12/site-packages/discord/client.py", line 465, in _run_event
    await coro(*args, **kwargs)
  File "/app/asu_discord/cogs/analytics.py", line 652, in on_member_update
    before_timeout = before.timed_out_until
                     ^^^^^^^^^^^^^^^^^^^^^^
AttributeError: 'Member' object has no attribute 'timed_out_until'
Ignoring exception in on_member_update
Traceback (most recent call last):
  File "/usr/local/lib/python3.12/site-packages/discord/client.py", line 465, in _run_event
    await coro(*args, **kwargs)
  File "/app/asu_discord/cogs/analytics.py", line 652, in on_member_update
    before_timeout = before.timed_out_until
                     ^^^^^^^^^^^^^^^^^^^^^^
AttributeError: 'Member' object has no attribute 'timed_out_until'
Ignoring exception in on_member_update
Traceback (most recent call last):
  File "/usr/local/lib/python3.12/site-packages/discord/client.py", line 465, in _run_event
    await coro(*args, **kwargs)
  File "/app/asu_discord/cogs/analytics.py", line 652, in on_member_update
    before_timeout = before.timed_out_until
                     ^^^^^^^^^^^^^^^^^^^^^^
AttributeError: 'Member' object has no attribute 'timed_out_until'
Ignoring exception in on_member_update
Traceback (most recent call last):
  File "/usr/local/lib/python3.12/site-packages/discord/client.py", line 465, in _run_event
    await coro(*args, **kwargs)
  File "/app/asu_discord/cogs/analytics.py", line 652, in on_member_update
    before_timeout = before.timed_out_until
                     ^^^^^^^^^^^^^^^^^^^^^^
AttributeError: 'Member' object has no attribute 'timed_out_until'
INFO:asu_discord.cogs.verification:Saved 5 roles to database for user caterry5 (Discord ID: 1310021978320670763)
INFO:asu_discord.cogs.verification:Refreshed Salesforce roles for Discord user 1310021978320670763: -4/+5 roles, assigned=[Arizona Resident, Commited, First Year, Herberger Institute for Design and the Arts, Tempe]
Ignoring exception in on_member_update
Traceback (most recent call last):
  File "/usr/local/lib/python3.12/site-packages/discord/client.py", line 465, in _run_event
    await coro(*args, **kwargs)
  File "/app/asu_discord/cogs/analytics.py", line 652, in on_member_update
    before_timeout = before.timed_out_until
                     ^^^^^^^^^^^^^^^^^^^^^^
AttributeError: 'Member' object has no attribute 'timed_out_until'
Ignoring exception in on_member_update
Traceback (most recent call last):
  File "/usr/local/lib/python3.12/site-packages/discord/client.py", line 465, in _run_event
    await coro(*args, **kwargs)
  File "/app/asu_discord/cogs/analytics.py", line 652, in on_member_update
    before_timeout = before.timed_out_until
                     ^^^^^^^^^^^^^^^^^^^^^^
AttributeError: 'Member' object has no attribute 'timed_out_until'
Ignoring exception in on_member_update
Traceback (most recent call last):
  File "/usr/local/lib/python3.12/site-packages/discord/client.py", line 465, in _run_event
    await coro(*args, **kwargs)
  File "/app/asu_discord/cogs/analytics.py", line 652, in on_member_update
    before_timeout = before.timed_out_until
                     ^^^^^^^^^^^^^^^^^^^^^^
AttributeError: 'Member' object has no attribute 'timed_out_until'
Ignoring exception in on_member_update
Traceback (most recent call last):
  File "/usr/local/lib/python3.12/site-packages/discord/client.py", line 465, in _run_event
    await coro(*args, **kwargs)
  File "/app/asu_discord/cogs/analytics.py", line 652, in on_member_update
    before_timeout = before.timed_out_until
                     ^^^^^^^^^^^^^^^^^^^^^^
AttributeError: 'Member' object has no attribute 'timed_out_until'
Ignoring exception in on_member_update
Traceback (most recent call last):
  File "/usr/local/lib/python3.12/site-packages/discord/client.py", line 465, in _run_event
    await coro(*args, **kwargs)
  File "/app/asu_discord/cogs/analytics.py", line 652, in on_member_update
    before_timeout = before.timed_out_until
                     ^^^^^^^^^^^^^^^^^^^^^^
AttributeError: 'Member' object has no attribute 'timed_out_until'
Ignoring exception in on_member_update
Traceback (most recent call last):
  File "/usr/local/lib/python3.12/site-packages/discord/client.py", line 465, in _run_event
    await coro(*args, **kwargs)
  File "/app/asu_discord/cogs/analytics.py", line 652, in on_member_update
    before_timeout = before.timed_out_until
                     ^^^^^^^^^^^^^^^^^^^^^^
AttributeError: 'Member' object has no attribute 'timed_out_until'
Ignoring exception in on_member_update
Traceback (most recent call last):
  File "/usr/local/lib/python3.12/site-packages/discord/client.py", line 465, in _run_event
    await coro(*args, **kwargs)
  File "/app/asu_discord/cogs/analytics.py", line 652, in on_member_update
    before_timeout = before.timed_out_until
                     ^^^^^^^^^^^^^^^^^^^^^^
AttributeError: 'Member' object has no attribute 'timed_out_until'
Ignoring exception in on_member_update
Traceback (most recent call last):
  File "/usr/local/lib/python3.12/site-packages/discord/client.py", line 465, in _run_event
    await coro(*args, **kwargs)
  File "/app/asu_discord/cogs/analytics.py", line 652, in on_member_update
    before_timeout = before.timed_out_until
                     ^^^^^^^^^^^^^^^^^^^^^^
AttributeError: 'Member' object has no attribute 'timed_out_until'
Ignoring exception in on_member_update
Traceback (most recent call last):
  File "/usr/local/lib/python3.12/site-packages/discord/client.py", line 465, in _run_event
    await coro(*args, **kwargs)
  File "/app/asu_discord/cogs/analytics.py", line 652, in on_member_update
    before_timeout = before.timed_out_until
                     ^^^^^^^^^^^^^^^^^^^^^^
AttributeError: 'Member' object has no attribute 'timed_out_until'
Ignoring exception in on_member_update
Traceback (most recent call last):
  File "/usr/local/lib/python3.12/site-packages/discord/client.py", line 465, in _run_event
    await coro(*args, **kwargs)
  File "/app/asu_discord/cogs/analytics.py", line 652, in on_member_update
    before_timeout = before.timed_out_until
                     ^^^^^^^^^^^^^^^^^^^^^^
AttributeError: 'Member' object has no attribute 'timed_out_until'
INFO:asu_discord.cogs.verification:Saved 5 roles to database for user sbzoza (Discord ID: 1401214106052067358)
INFO:asu_discord.cogs.verification:Refreshed Salesforce roles for Discord user 1401214106052067358: -5/+5 roles, assigned=[Commited, Downtown Phoenix, First Year, Out of State, Walter Cronkite School of Journalism and Mass Communication]
Ignoring exception in on_member_update
Traceback (most recent call last):
  File "/usr/local/lib/python3.12/site-packages/discord/client.py", line 465, in _run_event
    await coro(*args, **kwargs)
  File "/app/asu_discord/cogs/analytics.py", line 652, in on_member_update
    before_timeout = before.timed_out_until
                     ^^^^^^^^^^^^^^^^^^^^^^
AttributeError: 'Member' object has no attribute 'timed_out_until'
Ignoring exception in on_member_update
Traceback (most recent call last):
  File "/usr/local/lib/python3.12/site-packages/discord/client.py", line 465, in _run_event
    await coro(*args, **kwargs)
  File "/app/asu_discord/cogs/analytics.py", line 652, in on_member_update
    before_timeout = before.timed_out_until
                     ^^^^^^^^^^^^^^^^^^^^^^
AttributeError: 'Member' object has no attribute 'timed_out_until'
Ignoring exception in on_member_update
Traceback (most recent call last):
  File "/usr/local/lib/python3.12/site-packages/discord/client.py", line 465, in _run_event
    await coro(*args, **kwargs)
  File "/app/asu_discord/cogs/analytics.py", line 652, in on_member_update
    before_timeout = before.timed_out_until
                     ^^^^^^^^^^^^^^^^^^^^^^
AttributeError: 'Member' object has no attribute 'timed_out_until'
Ignoring exception in on_member_update
Traceback (most recent call last):
  File "/usr/local/lib/python3.12/site-packages/discord/client.py", line 465, in _run_event
    await coro(*args, **kwargs)
  File "/app/asu_discord/cogs/analytics.py", line 652, in on_member_update
    before_timeout = before.timed_out_until
                     ^^^^^^^^^^^^^^^^^^^^^^
AttributeError: 'Member' object has no attribute 'timed_out_until'
INFO:discord.gateway:Websocket closed with 1006, attempting a reconnect.
INFO:discord.client:Got a request to RESUME the websocket.
INFO:discord.gateway:Shard ID None has sent the RESUME payload.
INFO:discord.gateway:Shard ID None has successfully RESUMED session 6e3407fd591f617e4a33b69139a85b12 under trace ["gateway-prd-arm-us-east1-b-jq5m",{"micros":460,"calls":["id_created",{"micros":0,"calls":[]},"session_lookup_time",{"micros":228,"calls":[]},"session_lookup_finished",{"micros":11,"calls":[]},"sessions-prd-gcp-us-east1-b-23",{"micros":26}]}].
Ignoring exception in on_member_update
Traceback (most recent call last):
  File "/usr/local/lib/python3.12/site-packages/discord/client.py", line 465, in _run_event
    await coro(*args, **kwargs)
  File "/app/asu_discord/cogs/analytics.py", line 652, in on_member_update
    before_timeout = before.timed_out_until
                     ^^^^^^^^^^^^^^^^^^^^^^
AttributeError: 'Member' object has no attribute 'timed_out_until'
Ignoring exception in on_member_update
Traceback (most recent call last):
  File "/usr/local/lib/python3.12/site-packages/discord/client.py", line 465, in _run_event
    await coro(*args, **kwargs)
  File "/app/asu_discord/cogs/analytics.py", line 652, in on_member_update
    before_timeout = before.timed_out_until
                     ^^^^^^^^^^^^^^^^^^^^^^
AttributeError: 'Member' object has no attribute 'timed_out_until'
Ignoring exception in on_member_update
Traceback (most recent call last):
  File "/usr/local/lib/python3.12/site-packages/discord/client.py", line 465, in _run_event
    await coro(*args, **kwargs)
  File "/app/asu_discord/cogs/analytics.py", line 652, in on_member_update
    before_timeout = before.timed_out_until
                     ^^^^^^^^^^^^^^^^^^^^^^
AttributeError: 'Member' object has no attribute 'timed_out_until'
Ignoring exception in on_member_update
Traceback (most recent call last):
  File "/usr/local/lib/python3.12/site-packages/discord/client.py", line 465, in _run_event
    await coro(*args, **kwargs)
  File "/app/asu_discord/cogs/analytics.py", line 652, in on_member_update
    before_timeout = before.timed_out_until
                     ^^^^^^^^^^^^^^^^^^^^^^
AttributeError: 'Member' object has no attribute 'timed_out_until'
Ignoring exception in on_member_update
Traceback (most recent call last):
  File "/usr/local/lib/python3.12/site-packages/discord/client.py", line 465, in _run_event
    await coro(*args, **kwargs)
  File "/app/asu_discord/cogs/analytics.py", line 652, in on_member_update
    before_timeout = before.timed_out_until
                     ^^^^^^^^^^^^^^^^^^^^^^
AttributeError: 'Member' object has no attribute 'timed_out_until'
Ignoring exception in on_member_update
Traceback (most recent call last):
  File "/usr/local/lib/python3.12/site-packages/discord/client.py", line 465, in _run_event
    await coro(*args, **kwargs)
  File "/app/asu_discord/cogs/analytics.py", line 652, in on_member_update
    before_timeout = before.timed_out_until
                     ^^^^^^^^^^^^^^^^^^^^^^
AttributeError: 'Member' object has no attribute 'timed_out_until'
INFO:asu_discord.cogs.verification:Saved 5 roles to database for user ericjlu1 (Discord ID: 478705772038062101)
INFO:asu_discord.cogs.verification:Refreshed Salesforce roles for Discord user 478705772038062101: -5/+5 roles, assigned=[First Generation Student, First Year, Ira A. Fulton Schools of Engineering, Out of State, Tempe]
ERROR:cron.jobs:refresh_salesforce_roles: failed for mbrook31 (Discord ID 888053090333368422): Failed to refresh Salesforce-based roles: Discord user 888053090333368422 is not a member of the guild
Ignoring exception in on_member_update
Traceback (most recent call last):
  File "/usr/local/lib/python3.12/site-packages/discord/client.py", line 465, in _run_event
    await coro(*args, **kwargs)
  File "/app/asu_discord/cogs/analytics.py", line 652, in on_member_update
    before_timeout = before.timed_out_until
                     ^^^^^^^^^^^^^^^^^^^^^^
AttributeError: 'Member' object has no attribute 'timed_out_until'
Ignoring exception in on_member_update
Traceback (most recent call last):
  File "/usr/local/lib/python3.12/site-packages/discord/client.py", line 465, in _run_event
    await coro(*args, **kwargs)
  File "/app/asu_discord/cogs/analytics.py", line 652, in on_member_update
    before_timeout = before.timed_out_until
                     ^^^^^^^^^^^^^^^^^^^^^^
AttributeError: 'Member' object has no attribute 'timed_out_until'
Ignoring exception in on_member_update
Traceback (most recent call last):
  File "/usr/local/lib/python3.12/site-packages/discord/client.py", line 465, in _run_event
    await coro(*args, **kwargs)
  File "/app/asu_discord/cogs/analytics.py", line 652, in on_member_update
    before_timeout = before.timed_out_until
                     ^^^^^^^^^^^^^^^^^^^^^^
AttributeError: 'Member' object has no attribute 'timed_out_until'
Ignoring exception in on_member_update
Traceback (most recent call last):
  File "/usr/local/lib/python3.12/site-packages/discord/client.py", line 465, in _run_event
    await coro(*args, **kwargs)
  File "/app/asu_discord/cogs/analytics.py", line 652, in on_member_update
    before_timeout = before.timed_out_until
                     ^^^^^^^^^^^^^^^^^^^^^^
AttributeError: 'Member' object has no attribute 'timed_out_until'
Ignoring exception in on_member_update
Traceback (most recent call last):
  File "/usr/local/lib/python3.12/site-packages/discord/client.py", line 465, in _run_event
    await coro(*args, **kwargs)
  File "/app/asu_discord/cogs/analytics.py", line 652, in on_member_update
    before_timeout = before.timed_out_until
                     ^^^^^^^^^^^^^^^^^^^^^^
AttributeError: 'Member' object has no attribute 'timed_out_until'
Ignoring exception in on_member_update
Traceback (most recent call last):
  File "/usr/local/lib/python3.12/site-packages/discord/client.py", line 465, in _run_event
    await coro(*args, **kwargs)
  File "/app/asu_discord/cogs/analytics.py", line 652, in on_member_update
    before_timeout = before.timed_out_until
                     ^^^^^^^^^^^^^^^^^^^^^^
AttributeError: 'Member' object has no attribute 'timed_out_until'
Ignoring exception in on_member_update
Traceback (most recent call last):
  File "/usr/local/lib/python3.12/site-packages/discord/client.py", line 465, in _run_event
    await coro(*args, **kwargs)
  File "/app/asu_discord/cogs/analytics.py", line 652, in on_member_update
    before_timeout = before.timed_out_until
                     ^^^^^^^^^^^^^^^^^^^^^^
AttributeError: 'Member' object has no attribute 'timed_out_until'
Ignoring exception in on_member_update
Traceback (most recent call last):
  File "/usr/local/lib/python3.12/site-packages/discord/client.py", line 465, in _run_event
    await coro(*args, **kwargs)
  File "/app/asu_discord/cogs/analytics.py", line 652, in on_member_update
    before_timeout = before.timed_out_until
                     ^^^^^^^^^^^^^^^^^^^^^^
AttributeError: 'Member' object has no attribute 'timed_out_until'
Ignoring exception in on_member_update
Traceback (most recent call last):
  File "/usr/local/lib/python3.12/site-packages/discord/client.py", line 465, in _run_event
    await coro(*args, **kwargs)
  File "/app/asu_discord/cogs/analytics.py", line 652, in on_member_update
    before_timeout = before.timed_out_until
                     ^^^^^^^^^^^^^^^^^^^^^^
AttributeError: 'Member' object has no attribute 'timed_out_until'
Ignoring exception in on_member_update
Traceback (most recent call last):
  File "/usr/local/lib/python3.12/site-packages/discord/client.py", line 465, in _run_event
    await coro(*args, **kwargs)
  File "/app/asu_discord/cogs/analytics.py", line 652, in on_member_update
    before_timeout = before.timed_out_until
                     ^^^^^^^^^^^^^^^^^^^^^^
AttributeError: 'Member' object has no attribute 'timed_out_until'
INFO:asu_discord.cogs.verification:Saved 5 roles to database for user ecbuck12 (Discord ID: 751583799069900831)
INFO:asu_discord.cogs.verification:Refreshed Salesforce roles for Discord user 751583799069900831: -5/+5 roles, assigned=[Ira A. Fulton Schools of Engineering, Online, Out of State, Transfer Student, Upperclassmen]
Ignoring exception in on_member_update
Traceback (most recent call last):
  File "/usr/local/lib/python3.12/site-packages/discord/client.py", line 465, in _run_event
    await coro(*args, **kwargs)
  File "/app/asu_discord/cogs/analytics.py", line 652, in on_member_update
    before_timeout = before.timed_out_until
                     ^^^^^^^^^^^^^^^^^^^^^^
AttributeError: 'Member' object has no attribute 'timed_out_until'
Ignoring exception in on_member_update
Traceback (most recent call last):
  File "/usr/local/lib/python3.12/site-packages/discord/client.py", line 465, in _run_event
    await coro(*args, **kwargs)
  File "/app/asu_discord/cogs/analytics.py", line 652, in on_member_update
    before_timeout = before.timed_out_until
                     ^^^^^^^^^^^^^^^^^^^^^^
AttributeError: 'Member' object has no attribute 'timed_out_until'
Ignoring exception in on_member_update
Traceback (most recent call last):
  File "/usr/local/lib/python3.12/site-packages/discord/client.py", line 465, in _run_event
    await coro(*args, **kwargs)
  File "/app/asu_discord/cogs/analytics.py", line 652, in on_member_update
    before_timeout = before.timed_out_until
                     ^^^^^^^^^^^^^^^^^^^^^^
AttributeError: 'Member' object has no attribute 'timed_out_until'
Ignoring exception in on_member_update
Traceback (most recent call last):
  File "/usr/local/lib/python3.12/site-packages/discord/client.py", line 465, in _run_event
    await coro(*args, **kwargs)
  File "/app/asu_discord/cogs/analytics.py", line 652, in on_member_update
    before_timeout = before.timed_out_until
                     ^^^^^^^^^^^^^^^^^^^^^^
AttributeError: 'Member' object has no attribute 'timed_out_until'
Ignoring exception in on_member_update
Traceback (most recent call last):
  File "/usr/local/lib/python3.12/site-packages/discord/client.py", line 465, in _run_event
    await coro(*args, **kwargs)
  File "/app/asu_discord/cogs/analytics.py", line 652, in on_member_update
    before_timeout = before.timed_out_until
                     ^^^^^^^^^^^^^^^^^^^^^^
AttributeError: 'Member' object has no attribute 'timed_out_until'
Ignoring exception in on_member_update
Traceback (most recent call last):
  File "/usr/local/lib/python3.12/site-packages/discord/client.py", line 465, in _run_event
    await coro(*args, **kwargs)
  File "/app/asu_discord/cogs/analytics.py", line 652, in on_member_update
    before_timeout = before.timed_out_until
                     ^^^^^^^^^^^^^^^^^^^^^^
AttributeError: 'Member' object has no attribute 'timed_out_until'
Ignoring exception in on_member_update
Traceback (most recent call last):
  File "/usr/local/lib/python3.12/site-packages/discord/client.py", line 465, in _run_event
    await coro(*args, **kwargs)
  File "/app/asu_discord/cogs/analytics.py", line 652, in on_member_update
    before_timeout = before.timed_out_until
                     ^^^^^^^^^^^^^^^^^^^^^^
AttributeError: 'Member' object has no attribute 'timed_out_until'
Ignoring exception in on_member_update
Traceback (most recent call last):
  File "/usr/local/lib/python3.12/site-packages/discord/client.py", line 465, in _run_event
    await coro(*args, **kwargs)
  File "/app/asu_discord/cogs/analytics.py", line 652, in on_member_update
    before_timeout = before.timed_out_until
                     ^^^^^^^^^^^^^^^^^^^^^^
AttributeError: 'Member' object has no attribute 'timed_out_until'
Ignoring exception in on_member_update
Traceback (most recent call last):
  File "/usr/local/lib/python3.12/site-packages/discord/client.py", line 465, in _run_event
    await coro(*args, **kwargs)
  File "/app/asu_discord/cogs/analytics.py", line 652, in on_member_update
    before_timeout = before.timed_out_until
                     ^^^^^^^^^^^^^^^^^^^^^^
AttributeError: 'Member' object has no attribute 'timed_out_until'
Ignoring exception in on_member_update
Traceback (most recent call last):
  File "/usr/local/lib/python3.12/site-packages/discord/client.py", line 465, in _run_event
    await coro(*args, **kwargs)
  File "/app/asu_discord/cogs/analytics.py", line 652, in on_member_update
    before_timeout = before.timed_out_until
                     ^^^^^^^^^^^^^^^^^^^^^^
AttributeError: 'Member' object has no attribute 'timed_out_until'
INFO:asu_discord.cogs.verification:Saved 5 roles to database for user jtiger12 (Discord ID: 858962002071257099)
INFO:asu_discord.cogs.verification:Refreshed Salesforce roles for Discord user 858962002071257099: -5/+5 roles, assigned=[Arizona Resident, College of Health Solutions, Commited, Downtown Phoenix, First Year]
Ignoring exception in on_member_update
Traceback (most recent call last):
  File "/usr/local/lib/python3.12/site-packages/discord/client.py", line 465, in _run_event
    await coro(*args, **kwargs)
  File "/app/asu_discord/cogs/analytics.py", line 652, in on_member_update
    before_timeout = before.timed_out_until
                     ^^^^^^^^^^^^^^^^^^^^^^
AttributeError: 'Member' object has no attribute 'timed_out_until'
Ignoring exception in on_member_update
Traceback (most recent call last):
  File "/usr/local/lib/python3.12/site-packages/discord/client.py", line 465, in _run_event
    await coro(*args, **kwargs)
  File "/app/asu_discord/cogs/analytics.py", line 652, in on_member_update
    before_timeout = before.timed_out_until
                     ^^^^^^^^^^^^^^^^^^^^^^
AttributeError: 'Member' object has no attribute 'timed_out_until'
Ignoring exception in on_member_update
Traceback (most recent call last):
  File "/usr/local/lib/python3.12/site-packages/discord/client.py", line 465, in _run_event
    await coro(*args, **kwargs)
  File "/app/asu_discord/cogs/analytics.py", line 652, in on_member_update
    before_timeout = before.timed_out_until
                     ^^^^^^^^^^^^^^^^^^^^^^
AttributeError: 'Member' object has no attribute 'timed_out_until'
Ignoring exception in on_member_update
Traceback (most recent call last):
  File "/usr/local/lib/python3.12/site-packages/discord/client.py", line 465, in _run_event
    await coro(*args, **kwargs)
  File "/app/asu_discord/cogs/analytics.py", line 652, in on_member_update
    before_timeout = before.timed_out_until
                     ^^^^^^^^^^^^^^^^^^^^^^
AttributeError: 'Member' object has no attribute 'timed_out_until'
Ignoring exception in on_member_update
Traceback (most recent call last):
  File "/usr/local/lib/python3.12/site-packages/discord/client.py", line 465, in _run_event
    await coro(*args, **kwargs)
  File "/app/asu_discord/cogs/analytics.py", line 652, in on_member_update
    before_timeout = before.timed_out_until
                     ^^^^^^^^^^^^^^^^^^^^^^
AttributeError: 'Member' object has no attribute 'timed_out_until'
Ignoring exception in on_member_update
Traceback (most recent call last):
  File "/usr/local/lib/python3.12/site-packages/discord/client.py", line 465, in _run_event
    await coro(*args, **kwargs)
  File "/app/asu_discord/cogs/analytics.py", line 652, in on_member_update
    before_timeout = before.timed_out_until
                     ^^^^^^^^^^^^^^^^^^^^^^
AttributeError: 'Member' object has no attribute 'timed_out_until'
Ignoring exception in on_member_update
Traceback (most recent call last):
  File "/usr/local/lib/python3.12/site-packages/discord/client.py", line 465, in _run_event
    await coro(*args, **kwargs)
  File "/app/asu_discord/cogs/analytics.py", line 652, in on_member_update
    before_timeout = before.timed_out_until
                     ^^^^^^^^^^^^^^^^^^^^^^
AttributeError: 'Member' object has no attribute 'timed_out_until'
Ignoring exception in on_member_update
Traceback (most recent call last):
  File "/usr/local/lib/python3.12/site-packages/discord/client.py", line 465, in _run_event
    await coro(*args, **kwargs)
  File "/app/asu_discord/cogs/analytics.py", line 652, in on_member_update
    before_timeout = before.timed_out_until
                     ^^^^^^^^^^^^^^^^^^^^^^
AttributeError: 'Member' object has no attribute 'timed_out_until'
Ignoring exception in on_member_update
Traceback (most recent call last):
  File "/usr/local/lib/python3.12/site-packages/discord/client.py", line 465, in _run_event
    await coro(*args, **kwargs)
  File "/app/asu_discord/cogs/analytics.py", line 652, in on_member_update
    before_timeout = before.timed_out_until
                     ^^^^^^^^^^^^^^^^^^^^^^
AttributeError: 'Member' object has no attribute 'timed_out_until'
INFO:asu_discord.cogs.verification:Saved 5 roles to database for user pmuirhea (Discord ID: 1187627193002627095)
INFO:asu_discord.cogs.verification:Refreshed Salesforce roles for Discord user 1187627193002627095: -4/+5 roles, assigned=[Arizona Resident, Commited, First Year, Tempe, W.P. Carey School of Business]
Ignoring exception in on_member_update
Traceback (most recent call last):
  File "/usr/local/lib/python3.12/site-packages/discord/client.py", line 465, in _run_event
    await coro(*args, **kwargs)
  File "/app/asu_discord/cogs/analytics.py", line 652, in on_member_update
    before_timeout = before.timed_out_until
                     ^^^^^^^^^^^^^^^^^^^^^^
AttributeError: 'Member' object has no attribute 'timed_out_until'
Ignoring exception in on_member_update
Traceback (most recent call last):
  File "/usr/local/lib/python3.12/site-packages/discord/client.py", line 465, in _run_event
    await coro(*args, **kwargs)
  File "/app/asu_discord/cogs/analytics.py", line 652, in on_member_update
    before_timeout = before.timed_out_until
                     ^^^^^^^^^^^^^^^^^^^^^^
AttributeError: 'Member' object has no attribute 'timed_out_until'
Ignoring exception in on_member_update
Traceback (most recent call last):
  File "/usr/local/lib/python3.12/site-packages/discord/client.py", line 465, in _run_event
    await coro(*args, **kwargs)
  File "/app/asu_discord/cogs/analytics.py", line 652, in on_member_update
    before_timeout = before.timed_out_until
                     ^^^^^^^^^^^^^^^^^^^^^^
AttributeError: 'Member' object has no attribute 'timed_out_until'
Ignoring exception in on_member_update
Traceback (most recent call last):
  File "/usr/local/lib/python3.12/site-packages/discord/client.py", line 465, in _run_event
    await coro(*args, **kwargs)
  File "/app/asu_discord/cogs/analytics.py", line 652, in on_member_update
    before_timeout = before.timed_out_until
                     ^^^^^^^^^^^^^^^^^^^^^^
AttributeError: 'Member' object has no attribute 'timed_out_until'
Ignoring exception in on_member_update
Traceback (most recent call last):
  File "/usr/local/lib/python3.12/site-packages/discord/client.py", line 465, in _run_event
    await coro(*args, **kwargs)
  File "/app/asu_discord/cogs/analytics.py", line 652, in on_member_update
    before_timeout = before.timed_out_until
                     ^^^^^^^^^^^^^^^^^^^^^^
AttributeError: 'Member' object has no attribute 'timed_out_until'
Ignoring exception in on_member_update
Traceback (most recent call last):
  File "/usr/local/lib/python3.12/site-packages/discord/client.py", line 465, in _run_event
    await coro(*args, **kwargs)
  File "/app/asu_discord/cogs/analytics.py", line 652, in on_member_update
    before_timeout = before.timed_out_until
                     ^^^^^^^^^^^^^^^^^^^^^^
AttributeError: 'Member' object has no attribute 'timed_out_until'
Ignoring exception in on_member_update
Traceback (most recent call last):
  File "/usr/local/lib/python3.12/site-packages/discord/client.py", line 465, in _run_event
    await coro(*args, **kwargs)
  File "/app/asu_discord/cogs/analytics.py", line 652, in on_member_update
    before_timeout = before.timed_out_until
                     ^^^^^^^^^^^^^^^^^^^^^^
AttributeError: 'Member' object has no attribute 'timed_out_until'
Ignoring exception in on_member_update
Traceback (most recent call last):
  File "/usr/local/lib/python3.12/site-packages/discord/client.py", line 465, in _run_event
    await coro(*args, **kwargs)
  File "/app/asu_discord/cogs/analytics.py", line 652, in on_member_update
    before_timeout = before.timed_out_until
                     ^^^^^^^^^^^^^^^^^^^^^^
AttributeError: 'Member' object has no attribute 'timed_out_until'
Ignoring exception in on_member_update
Traceback (most recent call last):
  File "/usr/local/lib/python3.12/site-packages/discord/client.py", line 465, in _run_event
    await coro(*args, **kwargs)
  File "/app/asu_discord/cogs/analytics.py", line 652, in on_member_update
    before_timeout = before.timed_out_until
                     ^^^^^^^^^^^^^^^^^^^^^^
AttributeError: 'Member' object has no attribute 'timed_out_until'
Ignoring exception in on_member_update
Traceback (most recent call last):
  File "/usr/local/lib/python3.12/site-packages/discord/client.py", line 465, in _run_event
    await coro(*args, **kwargs)
  File "/app/asu_discord/cogs/analytics.py", line 652, in on_member_update
    before_timeout = before.timed_out_until
                     ^^^^^^^^^^^^^^^^^^^^^^
AttributeError: 'Member' object has no attribute 'timed_out_until'
INFO:asu_discord.cogs.verification:Saved 5 roles to database for user afoess (Discord ID: 1460413416090108097)
INFO:asu_discord.cogs.verification:Refreshed Salesforce roles for Discord user 1460413416090108097: -5/+5 roles, assigned=[College of Liberal Arts and Sciences, Commited, First Year, Out of State, Tempe]
Ignoring exception in on_member_update
Traceback (most recent call last):
  File "/usr/local/lib/python3.12/site-packages/discord/client.py", line 465, in _run_event
    await coro(*args, **kwargs)
  File "/app/asu_discord/cogs/analytics.py", line 652, in on_member_update
    before_timeout = before.timed_out_until
                     ^^^^^^^^^^^^^^^^^^^^^^
AttributeError: 'Member' object has no attribute 'timed_out_until'
Ignoring exception in on_member_update
Traceback (most recent call last):
  File "/usr/local/lib/python3.12/site-packages/discord/client.py", line 465, in _run_event
    await coro(*args, **kwargs)
  File "/app/asu_discord/cogs/analytics.py", line 652, in on_member_update
    before_timeout = before.timed_out_until
                     ^^^^^^^^^^^^^^^^^^^^^^
AttributeError: 'Member' object has no attribute 'timed_out_until'
Ignoring exception in on_member_update
Traceback (most recent call last):
  File "/usr/local/lib/python3.12/site-packages/discord/client.py", line 465, in _run_event
    await coro(*args, **kwargs)
  File "/app/asu_discord/cogs/analytics.py", line 652, in on_member_update
    before_timeout = before.timed_out_until
                     ^^^^^^^^^^^^^^^^^^^^^^
AttributeError: 'Member' object has no attribute 'timed_out_until'
Ignoring exception in on_member_update
Traceback (most recent call last):
  File "/usr/local/lib/python3.12/site-packages/discord/client.py", line 465, in _run_event
    await coro(*args, **kwargs)
  File "/app/asu_discord/cogs/analytics.py", line 652, in on_member_update
    before_timeout = before.timed_out_until
                     ^^^^^^^^^^^^^^^^^^^^^^
AttributeError: 'Member' object has no attribute 'timed_out_until'
Ignoring exception in on_member_update
Traceback (most recent call last):
  File "/usr/local/lib/python3.12/site-packages/discord/client.py", line 465, in _run_event
    await coro(*args, **kwargs)
  File "/app/asu_discord/cogs/analytics.py", line 652, in on_member_update
    before_timeout = before.timed_out_until
                     ^^^^^^^^^^^^^^^^^^^^^^
AttributeError: 'Member' object has no attribute 'timed_out_until'
Ignoring exception in on_member_update
Traceback (most recent call last):
  File "/usr/local/lib/python3.12/site-packages/discord/client.py", line 465, in _run_event
    await coro(*args, **kwargs)
  File "/app/asu_discord/cogs/analytics.py", line 652, in on_member_update
    before_timeout = before.timed_out_until
                     ^^^^^^^^^^^^^^^^^^^^^^
AttributeError: 'Member' object has no attribute 'timed_out_until'
Ignoring exception in on_member_update
Traceback (most recent call last):
  File "/usr/local/lib/python3.12/site-packages/discord/client.py", line 465, in _run_event
    await coro(*args, **kwargs)
  File "/app/asu_discord/cogs/analytics.py", line 652, in on_member_update
    before_timeout = before.timed_out_until
                     ^^^^^^^^^^^^^^^^^^^^^^
AttributeError: 'Member' object has no attribute 'timed_out_until'
Ignoring exception in on_member_update
Traceback (most recent call last):
  File "/usr/local/lib/python3.12/site-packages/discord/client.py", line 465, in _run_event
    await coro(*args, **kwargs)
  File "/app/asu_discord/cogs/analytics.py", line 652, in on_member_update
    before_timeout = before.timed_out_until
                     ^^^^^^^^^^^^^^^^^^^^^^
AttributeError: 'Member' object has no attribute 'timed_out_until'
Ignoring exception in on_member_update
Traceback (most recent call last):
  File "/usr/local/lib/python3.12/site-packages/discord/client.py", line 465, in _run_event
    await coro(*args, **kwargs)
  File "/app/asu_discord/cogs/analytics.py", line 652, in on_member_update
    before_timeout = before.timed_out_until
                     ^^^^^^^^^^^^^^^^^^^^^^
AttributeError: 'Member' object has no attribute 'timed_out_until'
Ignoring exception in on_member_update
Traceback (most recent call last):
  File "/usr/local/lib/python3.12/site-packages/discord/client.py", line 465, in _run_event
    await coro(*args, **kwargs)
  File "/app/asu_discord/cogs/analytics.py", line 652, in on_member_update
    before_timeout = before.timed_out_until
                     ^^^^^^^^^^^^^^^^^^^^^^
AttributeError: 'Member' object has no attribute 'timed_out_until'
INFO:asu_discord.cogs.verification:Saved 5 roles to database for user agneal1 (Discord ID: 848650858132668448)
INFO:asu_discord.cogs.verification:Refreshed Salesforce roles for Discord user 848650858132668448: -5/+5 roles, assigned=[Arizona Resident, Commited, Herberger Institute for Design and the Arts, LA Center, Transfer Student]
Ignoring exception in on_member_update
Traceback (most recent call last):
  File "/usr/local/lib/python3.12/site-packages/discord/client.py", line 465, in _run_event
    await coro(*args, **kwargs)
  File "/app/asu_discord/cogs/analytics.py", line 652, in on_member_update
    before_timeout = before.timed_out_until
                     ^^^^^^^^^^^^^^^^^^^^^^
AttributeError: 'Member' object has no attribute 'timed_out_until'
Ignoring exception in on_member_update
Traceback (most recent call last):
  File "/usr/local/lib/python3.12/site-packages/discord/client.py", line 465, in _run_event
    await coro(*args, **kwargs)
  File "/app/asu_discord/cogs/analytics.py", line 652, in on_member_update
    before_timeout = before.timed_out_until
                     ^^^^^^^^^^^^^^^^^^^^^^
AttributeError: 'Member' object has no attribute 'timed_out_until'
Ignoring exception in on_member_update
Traceback (most recent call last):
  File "/usr/local/lib/python3.12/site-packages/discord/client.py", line 465, in _run_event
    await coro(*args, **kwargs)
  File "/app/asu_discord/cogs/analytics.py", line 652, in on_member_update
    before_timeout = before.timed_out_until
                     ^^^^^^^^^^^^^^^^^^^^^^
AttributeError: 'Member' object has no attribute 'timed_out_until'
Ignoring exception in on_member_update
Traceback (most recent call last):
  File "/usr/local/lib/python3.12/site-packages/discord/client.py", line 465, in _run_event
    await coro(*args, **kwargs)
  File "/app/asu_discord/cogs/analytics.py", line 652, in on_member_update
    before_timeout = before.timed_out_until
                     ^^^^^^^^^^^^^^^^^^^^^^
AttributeError: 'Member' object has no attribute 'timed_out_until'
Ignoring exception in on_member_update
Traceback (most recent call last):
  File "/usr/local/lib/python3.12/site-packages/discord/client.py", line 465, in _run_event
    await coro(*args, **kwargs)
  File "/app/asu_discord/cogs/analytics.py", line 652, in on_member_update
    before_timeout = before.timed_out_until
                     ^^^^^^^^^^^^^^^^^^^^^^
AttributeError: 'Member' object has no attribute 'timed_out_until'
Ignoring exception in on_member_update
Traceback (most recent call last):
  File "/usr/local/lib/python3.12/site-packages/discord/client.py", line 465, in _run_event
    await coro(*args, **kwargs)
  File "/app/asu_discord/cogs/analytics.py", line 652, in on_member_update
    before_timeout = before.timed_out_until
                     ^^^^^^^^^^^^^^^^^^^^^^
AttributeError: 'Member' object has no attribute 'timed_out_until'
Ignoring exception in on_member_update
Traceback (most recent call last):
  File "/usr/local/lib/python3.12/site-packages/discord/client.py", line 465, in _run_event
    await coro(*args, **kwargs)
  File "/app/asu_discord/cogs/analytics.py", line 652, in on_member_update
    before_timeout = before.timed_out_until
                     ^^^^^^^^^^^^^^^^^^^^^^
AttributeError: 'Member' object has no attribute 'timed_out_until'
Ignoring exception in on_member_update
Traceback (most recent call last):
  File "/usr/local/lib/python3.12/site-packages/discord/client.py", line 465, in _run_event
    await coro(*args, **kwargs)
  File "/app/asu_discord/cogs/analytics.py", line 652, in on_member_update
    before_timeout = before.timed_out_until
                     ^^^^^^^^^^^^^^^^^^^^^^
AttributeError: 'Member' object has no attribute 'timed_out_until'
Ignoring exception in on_member_update
Traceback (most recent call last):
  File "/usr/local/lib/python3.12/site-packages/discord/client.py", line 465, in _run_event
    await coro(*args, **kwargs)
  File "/app/asu_discord/cogs/analytics.py", line 652, in on_member_update
    before_timeout = before.timed_out_until
                     ^^^^^^^^^^^^^^^^^^^^^^
AttributeError: 'Member' object has no attribute 'timed_out_until'
Ignoring exception in on_member_update
Traceback (most recent call last):
  File "/usr/local/lib/python3.12/site-packages/discord/client.py", line 465, in _run_event
    await coro(*args, **kwargs)
  File "/app/asu_discord/cogs/analytics.py", line 652, in on_member_update
    before_timeout = before.timed_out_until
                     ^^^^^^^^^^^^^^^^^^^^^^
AttributeError: 'Member' object has no attribute 'timed_out_until'
Ignoring exception in on_member_update
Traceback (most recent call last):
  File "/usr/local/lib/python3.12/site-packages/discord/client.py", line 465, in _run_event
    await coro(*args, **kwargs)
  File "/app/asu_discord/cogs/analytics.py", line 652, in on_member_update
    before_timeout = before.timed_out_until
                     ^^^^^^^^^^^^^^^^^^^^^^
AttributeError: 'Member' object has no attribute 'timed_out_until'
Ignoring exception in on_member_update
Traceback (most recent call last):
  File "/usr/local/lib/python3.12/site-packages/discord/client.py", line 465, in _run_event
    await coro(*args, **kwargs)
  File "/app/asu_discord/cogs/analytics.py", line 652, in on_member_update
    before_timeout = before.timed_out_until
                     ^^^^^^^^^^^^^^^^^^^^^^
AttributeError: 'Member' object has no attribute 'timed_out_until'
INFO:asu_discord.cogs.verification:Saved 6 roles to database for user nnoli (Discord ID: 670696491425464320)
INFO:asu_discord.cogs.verification:Refreshed Salesforce roles for Discord user 670696491425464320: -6/+6 roles, assigned=[Arizona Resident, Commited, Downtown Phoenix, Edson College of Nursing and Health Innovation, First Generation Student, Transfer Student]
ERROR:cron.jobs:refresh_salesforce_roles: failed for lrkenne4 (Discord ID 1133471025544306721): Failed to refresh Salesforce-based roles: Discord user 1133471025544306721 is not a member of the guild
Ignoring exception in on_member_update
Traceback (most recent call last):
  File "/usr/local/lib/python3.12/site-packages/discord/client.py", line 465, in _run_event
    await coro(*args, **kwargs)
  File "/app/asu_discord/cogs/analytics.py", line 652, in on_member_update
    before_timeout = before.timed_out_until
                     ^^^^^^^^^^^^^^^^^^^^^^
AttributeError: 'Member' object has no attribute 'timed_out_until'
Ignoring exception in on_member_update
Traceback (most recent call last):
  File "/usr/local/lib/python3.12/site-packages/discord/client.py", line 465, in _run_event
    await coro(*args, **kwargs)
  File "/app/asu_discord/cogs/analytics.py", line 652, in on_member_update
    before_timeout = before.timed_out_until
                     ^^^^^^^^^^^^^^^^^^^^^^
AttributeError: 'Member' object has no attribute 'timed_out_until'
Ignoring exception in on_member_update
Traceback (most recent call last):
  File "/usr/local/lib/python3.12/site-packages/discord/client.py", line 465, in _run_event
    await coro(*args, **kwargs)
  File "/app/asu_discord/cogs/analytics.py", line 652, in on_member_update
    before_timeout = before.timed_out_until
                     ^^^^^^^^^^^^^^^^^^^^^^
AttributeError: 'Member' object has no attribute 'timed_out_until'
Ignoring exception in on_member_update
Traceback (most recent call last):
  File "/usr/local/lib/python3.12/site-packages/discord/client.py", line 465, in _run_event
    await coro(*args, **kwargs)
  File "/app/asu_discord/cogs/analytics.py", line 652, in on_member_update
    before_timeout = before.timed_out_until
                     ^^^^^^^^^^^^^^^^^^^^^^
AttributeError: 'Member' object has no attribute 'timed_out_until'
Ignoring exception in on_member_update
Traceback (most recent call last):
  File "/usr/local/lib/python3.12/site-packages/discord/client.py", line 465, in _run_event
    await coro(*args, **kwargs)
  File "/app/asu_discord/cogs/analytics.py", line 652, in on_member_update
    before_timeout = before.timed_out_until
                     ^^^^^^^^^^^^^^^^^^^^^^
AttributeError: 'Member' object has no attribute 'timed_out_until'
Ignoring exception in on_member_update
Traceback (most recent call last):
  File "/usr/local/lib/python3.12/site-packages/discord/client.py", line 465, in _run_event
    await coro(*args, **kwargs)
  File "/app/asu_discord/cogs/analytics.py", line 652, in on_member_update
    before_timeout = before.timed_out_until
                     ^^^^^^^^^^^^^^^^^^^^^^
AttributeError: 'Member' object has no attribute 'timed_out_until'
Ignoring exception in on_member_update
Traceback (most recent call last):
  File "/usr/local/lib/python3.12/site-packages/discord/client.py", line 465, in _run_event
    await coro(*args, **kwargs)
  File "/app/asu_discord/cogs/analytics.py", line 652, in on_member_update
    before_timeout = before.timed_out_until
                     ^^^^^^^^^^^^^^^^^^^^^^
AttributeError: 'Member' object has no attribute 'timed_out_until'
Ignoring exception in on_member_update
Traceback (most recent call last):
  File "/usr/local/lib/python3.12/site-packages/discord/client.py", line 465, in _run_event
    await coro(*args, **kwargs)
  File "/app/asu_discord/cogs/analytics.py", line 652, in on_member_update
    before_timeout = before.timed_out_until
                     ^^^^^^^^^^^^^^^^^^^^^^
AttributeError: 'Member' object has no attribute 'timed_out_until'
Ignoring exception in on_member_update
Traceback (most recent call last):
  File "/usr/local/lib/python3.12/site-packages/discord/client.py", line 465, in _run_event
    await coro(*args, **kwargs)
  File "/app/asu_discord/cogs/analytics.py", line 652, in on_member_update
    before_timeout = before.timed_out_until
                     ^^^^^^^^^^^^^^^^^^^^^^
AttributeError: 'Member' object has no attribute 'timed_out_until'
Ignoring exception in on_member_update
Traceback (most recent call last):
  File "/usr/local/lib/python3.12/site-packages/discord/client.py", line 465, in _run_event
    await coro(*args, **kwargs)
  File "/app/asu_discord/cogs/analytics.py", line 652, in on_member_update
    before_timeout = before.timed_out_until
                     ^^^^^^^^^^^^^^^^^^^^^^
AttributeError: 'Member' object has no attribute 'timed_out_until'
INFO:asu_discord.cogs.verification:Saved 5 roles to database for user mpbuxton (Discord ID: 659520958809505822)
INFO:asu_discord.cogs.verification:Refreshed Salesforce roles for Discord user 659520958809505822: -5/+5 roles, assigned=[Arizona Resident, College of Liberal Arts and Sciences, First Generation Student, Tempe, Transfer Student]
Ignoring exception in on_member_update
Traceback (most recent call last):
  File "/usr/local/lib/python3.12/site-packages/discord/client.py", line 465, in _run_event
    await coro(*args, **kwargs)
  File "/app/asu_discord/cogs/analytics.py", line 652, in on_member_update
    before_timeout = before.timed_out_until
                     ^^^^^^^^^^^^^^^^^^^^^^
AttributeError: 'Member' object has no attribute 'timed_out_until'
Ignoring exception in on_member_update
Traceback (most recent call last):
  File "/usr/local/lib/python3.12/site-packages/discord/client.py", line 465, in _run_event
    await coro(*args, **kwargs)
  File "/app/asu_discord/cogs/analytics.py", line 652, in on_member_update
    before_timeout = before.timed_out_until
                     ^^^^^^^^^^^^^^^^^^^^^^
AttributeError: 'Member' object has no attribute 'timed_out_until'
Ignoring exception in on_member_update
Traceback (most recent call last):
  File "/usr/local/lib/python3.12/site-packages/discord/client.py", line 465, in _run_event
    await coro(*args, **kwargs)
  File "/app/asu_discord/cogs/analytics.py", line 652, in on_member_update
    before_timeout = before.timed_out_until
                     ^^^^^^^^^^^^^^^^^^^^^^
AttributeError: 'Member' object has no attribute 'timed_out_until'
Ignoring exception in on_member_update
Traceback (most recent call last):
  File "/usr/local/lib/python3.12/site-packages/discord/client.py", line 465, in _run_event
    await coro(*args, **kwargs)
  File "/app/asu_discord/cogs/analytics.py", line 652, in on_member_update
    before_timeout = before.timed_out_until
                     ^^^^^^^^^^^^^^^^^^^^^^
AttributeError: 'Member' object has no attribute 'timed_out_until'
Ignoring exception in on_member_update
Traceback (most recent call last):
  File "/usr/local/lib/python3.12/site-packages/discord/client.py", line 465, in _run_event
    await coro(*args, **kwargs)
  File "/app/asu_discord/cogs/analytics.py", line 652, in on_member_update
    before_timeout = before.timed_out_until
                     ^^^^^^^^^^^^^^^^^^^^^^
AttributeError: 'Member' object has no attribute 'timed_out_until'
Ignoring exception in on_member_update
Traceback (most recent call last):
  File "/usr/local/lib/python3.12/site-packages/discord/client.py", line 465, in _run_event
    await coro(*args, **kwargs)
  File "/app/asu_discord/cogs/analytics.py", line 652, in on_member_update
    before_timeout = before.timed_out_until
                     ^^^^^^^^^^^^^^^^^^^^^^
AttributeError: 'Member' object has no attribute 'timed_out_until'
Ignoring exception in on_member_update
Traceback (most recent call last):
  File "/usr/local/lib/python3.12/site-packages/discord/client.py", line 465, in _run_event
    await coro(*args, **kwargs)
  File "/app/asu_discord/cogs/analytics.py", line 652, in on_member_update
    before_timeout = before.timed_out_until
                     ^^^^^^^^^^^^^^^^^^^^^^
AttributeError: 'Member' object has no attribute 'timed_out_until'
Ignoring exception in on_member_update
Traceback (most recent call last):
  File "/usr/local/lib/python3.12/site-packages/discord/client.py", line 465, in _run_event
    await coro(*args, **kwargs)
  File "/app/asu_discord/cogs/analytics.py", line 652, in on_member_update
    before_timeout = before.timed_out_until
                     ^^^^^^^^^^^^^^^^^^^^^^
AttributeError: 'Member' object has no attribute 'timed_out_until'
Ignoring exception in on_member_update
Traceback (most recent call last):
  File "/usr/local/lib/python3.12/site-packages/discord/client.py", line 465, in _run_event
    await coro(*args, **kwargs)
  File "/app/asu_discord/cogs/analytics.py", line 652, in on_member_update
    before_timeout = before.timed_out_until
                     ^^^^^^^^^^^^^^^^^^^^^^
AttributeError: 'Member' object has no attribute 'timed_out_until'
Ignoring exception in on_member_update
Traceback (most recent call last):
  File "/usr/local/lib/python3.12/site-packages/discord/client.py", line 465, in _run_event
    await coro(*args, **kwargs)
  File "/app/asu_discord/cogs/analytics.py", line 652, in on_member_update
    before_timeout = before.timed_out_until
                     ^^^^^^^^^^^^^^^^^^^^^^
AttributeError: 'Member' object has no attribute 'timed_out_until'
INFO:asu_discord.cogs.verification:Saved 6 roles to database for user tnguy342 (Discord ID: 181509718689316865)
INFO:asu_discord.cogs.verification:Refreshed Salesforce roles for Discord user 181509718689316865: -4/+6 roles, assigned=[Arizona Resident, Commited, First Year, Ira A. Fulton Schools of Engineering, Tempe, Upperclassmen]
Ignoring exception in on_member_update
Traceback (most recent call last):
  File "/usr/local/lib/python3.12/site-packages/discord/client.py", line 465, in _run_event
    await coro(*args, **kwargs)
  File "/app/asu_discord/cogs/analytics.py", line 652, in on_member_update
    before_timeout = before.timed_out_until
                     ^^^^^^^^^^^^^^^^^^^^^^
AttributeError: 'Member' object has no attribute 'timed_out_until'
Ignoring exception in on_member_update
Traceback (most recent call last):
  File "/usr/local/lib/python3.12/site-packages/discord/client.py", line 465, in _run_event
    await coro(*args, **kwargs)
  File "/app/asu_discord/cogs/analytics.py", line 652, in on_member_update
    before_timeout = before.timed_out_until
                     ^^^^^^^^^^^^^^^^^^^^^^
AttributeError: 'Member' object has no attribute 'timed_out_until'
Ignoring exception in on_member_update
Traceback (most recent call last):
  File "/usr/local/lib/python3.12/site-packages/discord/client.py", line 465, in _run_event
    await coro(*args, **kwargs)
  File "/app/asu_discord/cogs/analytics.py", line 652, in on_member_update
    before_timeout = before.timed_out_until
                     ^^^^^^^^^^^^^^^^^^^^^^
AttributeError: 'Member' object has no attribute 'timed_out_until'
Ignoring exception in on_member_update
Traceback (most recent call last):
  File "/usr/local/lib/python3.12/site-packages/discord/client.py", line 465, in _run_event
    await coro(*args, **kwargs)
  File "/app/asu_discord/cogs/analytics.py", line 652, in on_member_update
    before_timeout = before.timed_out_until
                     ^^^^^^^^^^^^^^^^^^^^^^
AttributeError: 'Member' object has no attribute 'timed_out_until'
Ignoring exception in on_member_update
Traceback (most recent call last):
  File "/usr/local/lib/python3.12/site-packages/discord/client.py", line 465, in _run_event
    await coro(*args, **kwargs)
  File "/app/asu_discord/cogs/analytics.py", line 652, in on_member_update
    before_timeout = before.timed_out_until
                     ^^^^^^^^^^^^^^^^^^^^^^
AttributeError: 'Member' object has no attribute 'timed_out_until'
Ignoring exception in on_member_update
Traceback (most recent call last):
  File "/usr/local/lib/python3.12/site-packages/discord/client.py", line 465, in _run_event
    await coro(*args, **kwargs)
  File "/app/asu_discord/cogs/analytics.py", line 652, in on_member_update
    before_timeout = before.timed_out_until
                     ^^^^^^^^^^^^^^^^^^^^^^
AttributeError: 'Member' object has no attribute 'timed_out_until'
Ignoring exception in on_member_update
Traceback (most recent call last):
  File "/usr/local/lib/python3.12/site-packages/discord/client.py", line 465, in _run_event
    await coro(*args, **kwargs)
  File "/app/asu_discord/cogs/analytics.py", line 652, in on_member_update
    before_timeout = before.timed_out_until
                     ^^^^^^^^^^^^^^^^^^^^^^
AttributeError: 'Member' object has no attribute 'timed_out_until'
Ignoring exception in on_member_update
Traceback (most recent call last):
  File "/usr/local/lib/python3.12/site-packages/discord/client.py", line 465, in _run_event
    await coro(*args, **kwargs)
  File "/app/asu_discord/cogs/analytics.py", line 652, in on_member_update
    before_timeout = before.timed_out_until
                     ^^^^^^^^^^^^^^^^^^^^^^
AttributeError: 'Member' object has no attribute 'timed_out_until'
Ignoring exception in on_member_update
Traceback (most recent call last):
  File "/usr/local/lib/python3.12/site-packages/discord/client.py", line 465, in _run_event
    await coro(*args, **kwargs)
  File "/app/asu_discord/cogs/analytics.py", line 652, in on_member_update
    before_timeout = before.timed_out_until
                     ^^^^^^^^^^^^^^^^^^^^^^
AttributeError: 'Member' object has no attribute 'timed_out_until'
Ignoring exception in on_member_update
Traceback (most recent call last):
  File "/usr/local/lib/python3.12/site-packages/discord/client.py", line 465, in _run_event
    await coro(*args, **kwargs)
  File "/app/asu_discord/cogs/analytics.py", line 652, in on_member_update
    before_timeout = before.timed_out_until
                     ^^^^^^^^^^^^^^^^^^^^^^
AttributeError: 'Member' object has no attribute 'timed_out_until'
INFO:asu_discord.cogs.verification:Saved 5 roles to database for user charr204 (Discord ID: 1452811802869235783)
INFO:asu_discord.cogs.verification:Refreshed Salesforce roles for Discord user 1452811802869235783: -5/+5 roles, assigned=[Arizona Resident, Commited, First Year, Ira A. Fulton Schools of Engineering, Tempe]
Ignoring exception in on_member_update
Traceback (most recent call last):
  File "/usr/local/lib/python3.12/site-packages/discord/client.py", line 465, in _run_event
    await coro(*args, **kwargs)
  File "/app/asu_discord/cogs/analytics.py", line 652, in on_member_update
    before_timeout = before.timed_out_until
                     ^^^^^^^^^^^^^^^^^^^^^^
AttributeError: 'Member' object has no attribute 'timed_out_until'
Ignoring exception in on_member_update
Traceback (most recent call last):
  File "/usr/local/lib/python3.12/site-packages/discord/client.py", line 465, in _run_event
    await coro(*args, **kwargs)
  File "/app/asu_discord/cogs/analytics.py", line 652, in on_member_update
    before_timeout = before.timed_out_until
                     ^^^^^^^^^^^^^^^^^^^^^^
AttributeError: 'Member' object has no attribute 'timed_out_until'
Ignoring exception in on_member_update
Traceback (most recent call last):
  File "/usr/local/lib/python3.12/site-packages/discord/client.py", line 465, in _run_event
    await coro(*args, **kwargs)
  File "/app/asu_discord/cogs/analytics.py", line 652, in on_member_update
    before_timeout = before.timed_out_until
                     ^^^^^^^^^^^^^^^^^^^^^^
AttributeError: 'Member' object has no attribute 'timed_out_until'
Ignoring exception in on_member_update
Traceback (most recent call last):
  File "/usr/local/lib/python3.12/site-packages/discord/client.py", line 465, in _run_event
    await coro(*args, **kwargs)
  File "/app/asu_discord/cogs/analytics.py", line 652, in on_member_update
    before_timeout = before.timed_out_until
                     ^^^^^^^^^^^^^^^^^^^^^^
AttributeError: 'Member' object has no attribute 'timed_out_until'
Ignoring exception in on_member_update
Traceback (most recent call last):
  File "/usr/local/lib/python3.12/site-packages/discord/client.py", line 465, in _run_event
    await coro(*args, **kwargs)
  File "/app/asu_discord/cogs/analytics.py", line 652, in on_member_update
    before_timeout = before.timed_out_until
                     ^^^^^^^^^^^^^^^^^^^^^^
AttributeError: 'Member' object has no attribute 'timed_out_until'
Ignoring exception in on_member_update
Traceback (most recent call last):
  File "/usr/local/lib/python3.12/site-packages/discord/client.py", line 465, in _run_event
    await coro(*args, **kwargs)
  File "/app/asu_discord/cogs/analytics.py", line 652, in on_member_update
    before_timeout = before.timed_out_until
                     ^^^^^^^^^^^^^^^^^^^^^^
AttributeError: 'Member' object has no attribute 'timed_out_until'
Ignoring exception in on_member_update
Traceback (most recent call last):
  File "/usr/local/lib/python3.12/site-packages/discord/client.py", line 465, in _run_event
    await coro(*args, **kwargs)
  File "/app/asu_discord/cogs/analytics.py", line 652, in on_member_update
    before_timeout = before.timed_out_until
                     ^^^^^^^^^^^^^^^^^^^^^^
AttributeError: 'Member' object has no attribute 'timed_out_until'
Ignoring exception in on_member_update
Traceback (most recent call last):
  File "/usr/local/lib/python3.12/site-packages/discord/client.py", line 465, in _run_event
    await coro(*args, **kwargs)
  File "/app/asu_discord/cogs/analytics.py", line 652, in on_member_update
    before_timeout = before.timed_out_until
                     ^^^^^^^^^^^^^^^^^^^^^^
AttributeError: 'Member' object has no attribute 'timed_out_until'
Ignoring exception in on_member_update
Traceback (most recent call last):
  File "/usr/local/lib/python3.12/site-packages/discord/client.py", line 465, in _run_event
    await coro(*args, **kwargs)
  File "/app/asu_discord/cogs/analytics.py", line 652, in on_member_update
    before_timeout = before.timed_out_until
                     ^^^^^^^^^^^^^^^^^^^^^^
AttributeError: 'Member' object has no attribute 'timed_out_until'
ERROR:cron.jobs:refresh_salesforce_roles: failed for msgross6 (Discord ID 386892024093081601): Timed out refresh Salesforce-based roles
Ignoring exception in on_member_update
Traceback (most recent call last):
  File "/usr/local/lib/python3.12/site-packages/discord/client.py", line 465, in _run_event
    await coro(*args, **kwargs)
  File "/app/asu_discord/cogs/analytics.py", line 652, in on_member_update
    before_timeout = before.timed_out_until
                     ^^^^^^^^^^^^^^^^^^^^^^
AttributeError: 'Member' object has no attribute 'timed_out_until'
ERROR:cron.jobs:refresh_salesforce_roles: failed for asrobe11 (Discord ID 496827159646699530): Failed to refresh Salesforce-based roles: Discord user 496827159646699530 is not a member of the guild
Ignoring exception in on_member_update
Traceback (most recent call last):
  File "/usr/local/lib/python3.12/site-packages/discord/client.py", line 465, in _run_event
    await coro(*args, **kwargs)
  File "/app/asu_discord/cogs/analytics.py", line 652, in on_member_update
    before_timeout = before.timed_out_until
                     ^^^^^^^^^^^^^^^^^^^^^^
AttributeError: 'Member' object has no attribute 'timed_out_until'
Ignoring exception in on_member_update
Traceback (most recent call last):
  File "/usr/local/lib/python3.12/site-packages/discord/client.py", line 465, in _run_event
    await coro(*args, **kwargs)
  File "/app/asu_discord/cogs/analytics.py", line 652, in on_member_update
    before_timeout = before.timed_out_until
                     ^^^^^^^^^^^^^^^^^^^^^^
AttributeError: 'Member' object has no attribute 'timed_out_until'
Ignoring exception in on_member_update
Traceback (most recent call last):
  File "/usr/local/lib/python3.12/site-packages/discord/client.py", line 465, in _run_event
    await coro(*args, **kwargs)
  File "/app/asu_discord/cogs/analytics.py", line 652, in on_member_update
    before_timeout = before.timed_out_until
                     ^^^^^^^^^^^^^^^^^^^^^^
AttributeError: 'Member' object has no attribute 'timed_out_until'
Ignoring exception in on_member_update
Traceback (most recent call last):
  File "/usr/local/lib/python3.12/site-packages/discord/client.py", line 465, in _run_event
    await coro(*args, **kwargs)
  File "/app/asu_discord/cogs/analytics.py", line 652, in on_member_update
    before_timeout = before.timed_out_until
                     ^^^^^^^^^^^^^^^^^^^^^^
AttributeError: 'Member' object has no attribute 'timed_out_until'
Ignoring exception in on_member_update
Traceback (most recent call last):
  File "/usr/local/lib/python3.12/site-packages/discord/client.py", line 465, in _run_event
    await coro(*args, **kwargs)
  File "/app/asu_discord/cogs/analytics.py", line 652, in on_member_update
    before_timeout = before.timed_out_until
                     ^^^^^^^^^^^^^^^^^^^^^^
AttributeError: 'Member' object has no attribute 'timed_out_until'
Ignoring exception in on_member_update
Traceback (most recent call last):
  File "/usr/local/lib/python3.12/site-packages/discord/client.py", line 465, in _run_event
    await coro(*args, **kwargs)
  File "/app/asu_discord/cogs/analytics.py", line 652, in on_member_update
    before_timeout = before.timed_out_until
                     ^^^^^^^^^^^^^^^^^^^^^^
AttributeError: 'Member' object has no attribute 'timed_out_until'
Ignoring exception in on_member_update
Traceback (most recent call last):
  File "/usr/local/lib/python3.12/site-packages/discord/client.py", line 465, in _run_event
    await coro(*args, **kwargs)
  File "/app/asu_discord/cogs/analytics.py", line 652, in on_member_update
    before_timeout = before.timed_out_until
                     ^^^^^^^^^^^^^^^^^^^^^^
AttributeError: 'Member' object has no attribute 'timed_out_until'
Ignoring exception in on_member_update
Traceback (most recent call last):
  File "/usr/local/lib/python3.12/site-packages/discord/client.py", line 465, in _run_event
    await coro(*args, **kwargs)
  File "/app/asu_discord/cogs/analytics.py", line 652, in on_member_update
    before_timeout = before.timed_out_until
                     ^^^^^^^^^^^^^^^^^^^^^^
AttributeError: 'Member' object has no attribute 'timed_out_until'
INFO:asu_discord.cogs.verification:Saved 4 roles to database for user sagra101 (Discord ID: 746619783394361375)
INFO:asu_discord.cogs.verification:Refreshed Salesforce roles for Discord user 746619783394361375: -4/+4 roles, assigned=[Graduate Student, International Student, Ira A. Fulton Schools of Engineering, Tempe]
Ignoring exception in on_member_update
Traceback (most recent call last):
  File "/usr/local/lib/python3.12/site-packages/discord/client.py", line 465, in _run_event
    await coro(*args, **kwargs)
  File "/app/asu_discord/cogs/analytics.py", line 652, in on_member_update
    before_timeout = before.timed_out_until
                     ^^^^^^^^^^^^^^^^^^^^^^
AttributeError: 'Member' object has no attribute 'timed_out_until'
Ignoring exception in on_member_update
Traceback (most recent call last):
  File "/usr/local/lib/python3.12/site-packages/discord/client.py", line 465, in _run_event
    await coro(*args, **kwargs)
  File "/app/asu_discord/cogs/analytics.py", line 652, in on_member_update
    before_timeout = before.timed_out_until
                     ^^^^^^^^^^^^^^^^^^^^^^
AttributeError: 'Member' object has no attribute 'timed_out_until'
Ignoring exception in on_member_update
Traceback (most recent call last):
  File "/usr/local/lib/python3.12/site-packages/discord/client.py", line 465, in _run_event
    await coro(*args, **kwargs)
  File "/app/asu_discord/cogs/analytics.py", line 652, in on_member_update
    before_timeout = before.timed_out_until
                     ^^^^^^^^^^^^^^^^^^^^^^
AttributeError: 'Member' object has no attribute 'timed_out_until'
Ignoring exception in on_member_update
Traceback (most recent call last):
  File "/usr/local/lib/python3.12/site-packages/discord/client.py", line 465, in _run_event
    await coro(*args, **kwargs)
  File "/app/asu_discord/cogs/analytics.py", line 652, in on_member_update
    before_timeout = before.timed_out_until
                     ^^^^^^^^^^^^^^^^^^^^^^
AttributeError: 'Member' object has no attribute 'timed_out_until'
Ignoring exception in on_member_update
Traceback (most recent call last):
  File "/usr/local/lib/python3.12/site-packages/discord/client.py", line 465, in _run_event
    await coro(*args, **kwargs)
  File "/app/asu_discord/cogs/analytics.py", line 652, in on_member_update
    before_timeout = before.timed_out_until
                     ^^^^^^^^^^^^^^^^^^^^^^
AttributeError: 'Member' object has no attribute 'timed_out_until'
Ignoring exception in on_member_update
Traceback (most recent call last):
  File "/usr/local/lib/python3.12/site-packages/discord/client.py", line 465, in _run_event
    await coro(*args, **kwargs)
  File "/app/asu_discord/cogs/analytics.py", line 652, in on_member_update
    before_timeout = before.timed_out_until
                     ^^^^^^^^^^^^^^^^^^^^^^
AttributeError: 'Member' object has no attribute 'timed_out_until'
Ignoring exception in on_member_update
Traceback (most recent call last):
  File "/usr/local/lib/python3.12/site-packages/discord/client.py", line 465, in _run_event
    await coro(*args, **kwargs)
  File "/app/asu_discord/cogs/analytics.py", line 652, in on_member_update
    before_timeout = before.timed_out_until
                     ^^^^^^^^^^^^^^^^^^^^^^
AttributeError: 'Member' object has no attribute 'timed_out_until'
Ignoring exception in on_member_update
Traceback (most recent call last):
  File "/usr/local/lib/python3.12/site-packages/discord/client.py", line 465, in _run_event
    await coro(*args, **kwargs)
  File "/app/asu_discord/cogs/analytics.py", line 652, in on_member_update
    before_timeout = before.timed_out_until
                     ^^^^^^^^^^^^^^^^^^^^^^
AttributeError: 'Member' object has no attribute 'timed_out_until'
Ignoring exception in on_member_update
Traceback (most recent call last):
  File "/usr/local/lib/python3.12/site-packages/discord/client.py", line 465, in _run_event
    await coro(*args, **kwargs)
  File "/app/asu_discord/cogs/analytics.py", line 652, in on_member_update
    before_timeout = before.timed_out_until
                     ^^^^^^^^^^^^^^^^^^^^^^
AttributeError: 'Member' object has no attribute 'timed_out_until'
Ignoring exception in on_member_update
Traceback (most recent call last):
  File "/usr/local/lib/python3.12/site-packages/discord/client.py", line 465, in _run_event
    await coro(*args, **kwargs)
  File "/app/asu_discord/cogs/analytics.py", line 652, in on_member_update
    before_timeout = before.timed_out_until
                     ^^^^^^^^^^^^^^^^^^^^^^
AttributeError: 'Member' object has no attribute 'timed_out_until'
INFO:asu_discord.cogs.verification:Saved 5 roles to database for user otdean (Discord ID: 858481203439337502)
INFO:asu_discord.cogs.verification:Refreshed Salesforce roles for Discord user 858481203439337502: -5/+5 roles, assigned=[First Generation Student, First Year, Herberger Institute for Design and the Arts, Out of State, Tempe]
Ignoring exception in on_member_update
Traceback (most recent call last):
  File "/usr/local/lib/python3.12/site-packages/discord/client.py", line 465, in _run_event
    await coro(*args, **kwargs)
  File "/app/asu_discord/cogs/analytics.py", line 652, in on_member_update
    before_timeout = before.timed_out_until
                     ^^^^^^^^^^^^^^^^^^^^^^
AttributeError: 'Member' object has no attribute 'timed_out_until'
Ignoring exception in on_member_update
Traceback (most recent call last):
  File "/usr/local/lib/python3.12/site-packages/discord/client.py", line 465, in _run_event
    await coro(*args, **kwargs)
  File "/app/asu_discord/cogs/analytics.py", line 652, in on_member_update
    before_timeout = before.timed_out_until
                     ^^^^^^^^^^^^^^^^^^^^^^
AttributeError: 'Member' object has no attribute 'timed_out_until'
Ignoring exception in on_member_update
Traceback (most recent call last):
  File "/usr/local/lib/python3.12/site-packages/discord/client.py", line 465, in _run_event
    await coro(*args, **kwargs)
  File "/app/asu_discord/cogs/analytics.py", line 652, in on_member_update
    before_timeout = before.timed_out_until
                     ^^^^^^^^^^^^^^^^^^^^^^
AttributeError: 'Member' object has no attribute 'timed_out_until'
Ignoring exception in on_member_update
Traceback (most recent call last):
  File "/usr/local/lib/python3.12/site-packages/discord/client.py", line 465, in _run_event
    await coro(*args, **kwargs)
  File "/app/asu_discord/cogs/analytics.py", line 652, in on_member_update
    before_timeout = before.timed_out_until
                     ^^^^^^^^^^^^^^^^^^^^^^
AttributeError: 'Member' object has no attribute 'timed_out_until'
Ignoring exception in on_member_update
Traceback (most recent call last):
  File "/usr/local/lib/python3.12/site-packages/discord/client.py", line 465, in _run_event
    await coro(*args, **kwargs)
  File "/app/asu_discord/cogs/analytics.py", line 652, in on_member_update
    before_timeout = before.timed_out_until
                     ^^^^^^^^^^^^^^^^^^^^^^
AttributeError: 'Member' object has no attribute 'timed_out_until'
Ignoring exception in on_member_update
Traceback (most recent call last):
  File "/usr/local/lib/python3.12/site-packages/discord/client.py", line 465, in _run_event
    await coro(*args, **kwargs)
  File "/app/asu_discord/cogs/analytics.py", line 652, in on_member_update
    before_timeout = before.timed_out_until
                     ^^^^^^^^^^^^^^^^^^^^^^
AttributeError: 'Member' object has no attribute 'timed_out_until'
Ignoring exception in on_member_update
Traceback (most recent call last):
  File "/usr/local/lib/python3.12/site-packages/discord/client.py", line 465, in _run_event
    await coro(*args, **kwargs)
  File "/app/asu_discord/cogs/analytics.py", line 652, in on_member_update
    before_timeout = before.timed_out_until
                     ^^^^^^^^^^^^^^^^^^^^^^
AttributeError: 'Member' object has no attribute 'timed_out_until'
Ignoring exception in on_member_update
Traceback (most recent call last):
  File "/usr/local/lib/python3.12/site-packages/discord/client.py", line 465, in _run_event
    await coro(*args, **kwargs)
  File "/app/asu_discord/cogs/analytics.py", line 652, in on_member_update
    before_timeout = before.timed_out_until
                     ^^^^^^^^^^^^^^^^^^^^^^
AttributeError: 'Member' object has no attribute 'timed_out_until'
Ignoring exception in on_member_update
Traceback (most recent call last):
  File "/usr/local/lib/python3.12/site-packages/discord/client.py", line 465, in _run_event
    await coro(*args, **kwargs)
  File "/app/asu_discord/cogs/analytics.py", line 652, in on_member_update
    before_timeout = before.timed_out_until
                     ^^^^^^^^^^^^^^^^^^^^^^
AttributeError: 'Member' object has no attribute 'timed_out_until'
INFO:asu_discord.cogs.verification:Saved 5 roles to database for user slinker1 (Discord ID: 1461159513099997225)
INFO:asu_discord.cogs.verification:Refreshed Salesforce roles for Discord user 1461159513099997225: -4/+5 roles, assigned=[Commited, Downtown Phoenix, Edson College of Nursing and Health Innovation, First Year, Out of State]
Ignoring exception in on_member_update
Traceback (most recent call last):
  File "/usr/local/lib/python3.12/site-packages/discord/client.py", line 465, in _run_event
    await coro(*args, **kwargs)
  File "/app/asu_discord/cogs/analytics.py", line 652, in on_member_update
    before_timeout = before.timed_out_until
                     ^^^^^^^^^^^^^^^^^^^^^^
AttributeError: 'Member' object has no attribute 'timed_out_until'
Ignoring exception in on_member_update
Traceback (most recent call last):
  File "/usr/local/lib/python3.12/site-packages/discord/client.py", line 465, in _run_event
    await coro(*args, **kwargs)
  File "/app/asu_discord/cogs/analytics.py", line 652, in on_member_update
    before_timeout = before.timed_out_until
                     ^^^^^^^^^^^^^^^^^^^^^^
AttributeError: 'Member' object has no attribute 'timed_out_until'
Ignoring exception in on_member_update
Traceback (most recent call last):
  File "/usr/local/lib/python3.12/site-packages/discord/client.py", line 465, in _run_event
    await coro(*args, **kwargs)
  File "/app/asu_discord/cogs/analytics.py", line 652, in on_member_update
    before_timeout = before.timed_out_until
                     ^^^^^^^^^^^^^^^^^^^^^^
AttributeError: 'Member' object has no attribute 'timed_out_until'
Ignoring exception in on_member_update
Traceback (most recent call last):
  File "/usr/local/lib/python3.12/site-packages/discord/client.py", line 465, in _run_event
    await coro(*args, **kwargs)
  File "/app/asu_discord/cogs/analytics.py", line 652, in on_member_update
    before_timeout = before.timed_out_until
                     ^^^^^^^^^^^^^^^^^^^^^^
AttributeError: 'Member' object has no attribute 'timed_out_until'
Ignoring exception in on_member_update
Traceback (most recent call last):
  File "/usr/local/lib/python3.12/site-packages/discord/client.py", line 465, in _run_event
    await coro(*args, **kwargs)
  File "/app/asu_discord/cogs/analytics.py", line 652, in on_member_update
    before_timeout = before.timed_out_until
                     ^^^^^^^^^^^^^^^^^^^^^^
AttributeError: 'Member' object has no attribute 'timed_out_until'
Ignoring exception in on_member_update
Traceback (most recent call last):
  File "/usr/local/lib/python3.12/site-packages/discord/client.py", line 465, in _run_event
    await coro(*args, **kwargs)
  File "/app/asu_discord/cogs/analytics.py", line 652, in on_member_update
    before_timeout = before.timed_out_until
                     ^^^^^^^^^^^^^^^^^^^^^^
AttributeError: 'Member' object has no attribute 'timed_out_until'
Ignoring exception in on_member_update
Traceback (most recent call last):
  File "/usr/local/lib/python3.12/site-packages/discord/client.py", line 465, in _run_event
    await coro(*args, **kwargs)
  File "/app/asu_discord/cogs/analytics.py", line 652, in on_member_update
    before_timeout = before.timed_out_until
                     ^^^^^^^^^^^^^^^^^^^^^^
AttributeError: 'Member' object has no attribute 'timed_out_until'
Ignoring exception in on_member_update
Traceback (most recent call last):
  File "/usr/local/lib/python3.12/site-packages/discord/client.py", line 465, in _run_event
    await coro(*args, **kwargs)
  File "/app/asu_discord/cogs/analytics.py", line 652, in on_member_update
    before_timeout = before.timed_out_until
                     ^^^^^^^^^^^^^^^^^^^^^^
AttributeError: 'Member' object has no attribute 'timed_out_until'
INFO:asu_discord.cogs.verification:Saved 4 roles to database for user aharisha (Discord ID: 907317680674070559)
INFO:asu_discord.cogs.verification:Refreshed Salesforce roles for Discord user 907317680674070559: -4/+4 roles, assigned=[First Year, International Student, Tempe, W.P. Carey School of Business]
Ignoring exception in on_member_update
Traceback (most recent call last):
  File "/usr/local/lib/python3.12/site-packages/discord/client.py", line 465, in _run_event
    await coro(*args, **kwargs)
  File "/app/asu_discord/cogs/analytics.py", line 652, in on_member_update
    before_timeout = before.timed_out_until
                     ^^^^^^^^^^^^^^^^^^^^^^
AttributeError: 'Member' object has no attribute 'timed_out_until'
Ignoring exception in on_member_update
Traceback (most recent call last):
  File "/usr/local/lib/python3.12/site-packages/discord/client.py", line 465, in _run_event
    await coro(*args, **kwargs)
  File "/app/asu_discord/cogs/analytics.py", line 652, in on_member_update
    before_timeout = before.timed_out_until
                     ^^^^^^^^^^^^^^^^^^^^^^
AttributeError: 'Member' object has no attribute 'timed_out_until'
Ignoring exception in on_member_update
Traceback (most recent call last):
  File "/usr/local/lib/python3.12/site-packages/discord/client.py", line 465, in _run_event
    await coro(*args, **kwargs)
  File "/app/asu_discord/cogs/analytics.py", line 652, in on_member_update
    before_timeout = before.timed_out_until
                     ^^^^^^^^^^^^^^^^^^^^^^
AttributeError: 'Member' object has no attribute 'timed_out_until'
Ignoring exception in on_member_update
Traceback (most recent call last):
  File "/usr/local/lib/python3.12/site-packages/discord/client.py", line 465, in _run_event
    await coro(*args, **kwargs)
  File "/app/asu_discord/cogs/analytics.py", line 652, in on_member_update
    before_timeout = before.timed_out_until
                     ^^^^^^^^^^^^^^^^^^^^^^
AttributeError: 'Member' object has no attribute 'timed_out_until'
Ignoring exception in on_member_update
Traceback (most recent call last):
  File "/usr/local/lib/python3.12/site-packages/discord/client.py", line 465, in _run_event
    await coro(*args, **kwargs)
  File "/app/asu_discord/cogs/analytics.py", line 652, in on_member_update
    before_timeout = before.timed_out_until
                     ^^^^^^^^^^^^^^^^^^^^^^
AttributeError: 'Member' object has no attribute 'timed_out_until'
Ignoring exception in on_member_update
Traceback (most recent call last):
  File "/usr/local/lib/python3.12/site-packages/discord/client.py", line 465, in _run_event
    await coro(*args, **kwargs)
  File "/app/asu_discord/cogs/analytics.py", line 652, in on_member_update
    before_timeout = before.timed_out_until
                     ^^^^^^^^^^^^^^^^^^^^^^
AttributeError: 'Member' object has no attribute 'timed_out_until'
Ignoring exception in on_member_update
Traceback (most recent call last):
  File "/usr/local/lib/python3.12/site-packages/discord/client.py", line 465, in _run_event
    await coro(*args, **kwargs)
  File "/app/asu_discord/cogs/analytics.py", line 652, in on_member_update
    before_timeout = before.timed_out_until
                     ^^^^^^^^^^^^^^^^^^^^^^
AttributeError: 'Member' object has no attribute 'timed_out_until'
Ignoring exception in on_member_update
Traceback (most recent call last):
  File "/usr/local/lib/python3.12/site-packages/discord/client.py", line 465, in _run_event
    await coro(*args, **kwargs)
  File "/app/asu_discord/cogs/analytics.py", line 652, in on_member_update
    before_timeout = before.timed_out_until
                     ^^^^^^^^^^^^^^^^^^^^^^
AttributeError: 'Member' object has no attribute 'timed_out_until'
Ignoring exception in on_member_update
Traceback (most recent call last):
  File "/usr/local/lib/python3.12/site-packages/discord/client.py", line 465, in _run_event
    await coro(*args, **kwargs)
  File "/app/asu_discord/cogs/analytics.py", line 652, in on_member_update
    before_timeout = before.timed_out_until
                     ^^^^^^^^^^^^^^^^^^^^^^
AttributeError: 'Member' object has no attribute 'timed_out_until'
Ignoring exception in on_member_update
Traceback (most recent call last):
  File "/usr/local/lib/python3.12/site-packages/discord/client.py", line 465, in _run_event
    await coro(*args, **kwargs)
  File "/app/asu_discord/cogs/analytics.py", line 652, in on_member_update
    before_timeout = before.timed_out_until
                     ^^^^^^^^^^^^^^^^^^^^^^
AttributeError: 'Member' object has no attribute 'timed_out_until'
INFO:asu_discord.cogs.verification:Saved 5 roles to database for user mccastr6 (Discord ID: 1119130351369977899)
INFO:asu_discord.cogs.verification:Refreshed Salesforce roles for Discord user 1119130351369977899: -5/+5 roles, assigned=[First Year, Online, Out of State, Upperclassmen, Watts College of Public Service and Community Solutions]
Ignoring exception in on_member_update
Traceback (most recent call last):
  File "/usr/local/lib/python3.12/site-packages/discord/client.py", line 465, in _run_event
    await coro(*args, **kwargs)
  File "/app/asu_discord/cogs/analytics.py", line 652, in on_member_update
    before_timeout = before.timed_out_until
                     ^^^^^^^^^^^^^^^^^^^^^^
AttributeError: 'Member' object has no attribute 'timed_out_until'
Ignoring exception in on_member_update
Traceback (most recent call last):
  File "/usr/local/lib/python3.12/site-packages/discord/client.py", line 465, in _run_event
    await coro(*args, **kwargs)
  File "/app/asu_discord/cogs/analytics.py", line 652, in on_member_update
    before_timeout = before.timed_out_until
                     ^^^^^^^^^^^^^^^^^^^^^^
AttributeError: 'Member' object has no attribute 'timed_out_until'
Ignoring exception in on_member_update
Traceback (most recent call last):
  File "/usr/local/lib/python3.12/site-packages/discord/client.py", line 465, in _run_event
    await coro(*args, **kwargs)
  File "/app/asu_discord/cogs/analytics.py", line 652, in on_member_update
    before_timeout = before.timed_out_until
                     ^^^^^^^^^^^^^^^^^^^^^^
AttributeError: 'Member' object has no attribute 'timed_out_until'
Ignoring exception in on_member_update
Traceback (most recent call last):
  File "/usr/local/lib/python3.12/site-packages/discord/client.py", line 465, in _run_event
    await coro(*args, **kwargs)
  File "/app/asu_discord/cogs/analytics.py", line 652, in on_member_update
    before_timeout = before.timed_out_until
                     ^^^^^^^^^^^^^^^^^^^^^^
AttributeError: 'Member' object has no attribute 'timed_out_until'
Ignoring exception in on_member_update
Traceback (most recent call last):
  File "/usr/local/lib/python3.12/site-packages/discord/client.py", line 465, in _run_event
    await coro(*args, **kwargs)
  File "/app/asu_discord/cogs/analytics.py", line 652, in on_member_update
    before_timeout = before.timed_out_until
                     ^^^^^^^^^^^^^^^^^^^^^^
AttributeError: 'Member' object has no attribute 'timed_out_until'
Ignoring exception in on_member_update
Traceback (most recent call last):
  File "/usr/local/lib/python3.12/site-packages/discord/client.py", line 465, in _run_event
    await coro(*args, **kwargs)
  File "/app/asu_discord/cogs/analytics.py", line 652, in on_member_update
    before_timeout = before.timed_out_until
                     ^^^^^^^^^^^^^^^^^^^^^^
AttributeError: 'Member' object has no attribute 'timed_out_until'
Ignoring exception in on_member_update
Traceback (most recent call last):
  File "/usr/local/lib/python3.12/site-packages/discord/client.py", line 465, in _run_event
    await coro(*args, **kwargs)
  File "/app/asu_discord/cogs/analytics.py", line 652, in on_member_update
    before_timeout = before.timed_out_until
                     ^^^^^^^^^^^^^^^^^^^^^^
AttributeError: 'Member' object has no attribute 'timed_out_until'
INFO:asu_discord.cogs.verification:Saved 4 roles to database for user ookaru (Discord ID: 1161540162543698000)
INFO:asu_discord.cogs.verification:Refreshed Salesforce roles for Discord user 1161540162543698000: -4/+3 roles, assigned=[Arizona Resident, College of Health Solutions, First Year, Tempe]
Ignoring exception in on_member_update
Traceback (most recent call last):
  File "/usr/local/lib/python3.12/site-packages/discord/client.py", line 465, in _run_event
    await coro(*args, **kwargs)
  File "/app/asu_discord/cogs/analytics.py", line 652, in on_member_update
    before_timeout = before.timed_out_until
                     ^^^^^^^^^^^^^^^^^^^^^^
AttributeError: 'Member' object has no attribute 'timed_out_until'
Ignoring exception in on_member_update
Traceback (most recent call last):
  File "/usr/local/lib/python3.12/site-packages/discord/client.py", line 465, in _run_event
    await coro(*args, **kwargs)
  File "/app/asu_discord/cogs/analytics.py", line 652, in on_member_update
    before_timeout = before.timed_out_until
                     ^^^^^^^^^^^^^^^^^^^^^^
AttributeError: 'Member' object has no attribute 'timed_out_until'
Ignoring exception in on_member_update
Traceback (most recent call last):
  File "/usr/local/lib/python3.12/site-packages/discord/client.py", line 465, in _run_event
    await coro(*args, **kwargs)
  File "/app/asu_discord/cogs/analytics.py", line 652, in on_member_update
    before_timeout = before.timed_out_until
                     ^^^^^^^^^^^^^^^^^^^^^^
AttributeError: 'Member' object has no attribute 'timed_out_until'
Ignoring exception in on_member_update
Traceback (most recent call last):
  File "/usr/local/lib/python3.12/site-packages/discord/client.py", line 465, in _run_event
    await coro(*args, **kwargs)
  File "/app/asu_discord/cogs/analytics.py", line 652, in on_member_update
    before_timeout = before.timed_out_until
                     ^^^^^^^^^^^^^^^^^^^^^^
AttributeError: 'Member' object has no attribute 'timed_out_until'
Ignoring exception in on_member_update
Traceback (most recent call last):
  File "/usr/local/lib/python3.12/site-packages/discord/client.py", line 465, in _run_event
    await coro(*args, **kwargs)
  File "/app/asu_discord/cogs/analytics.py", line 652, in on_member_update
    before_timeout = before.timed_out_until
                     ^^^^^^^^^^^^^^^^^^^^^^
AttributeError: 'Member' object has no attribute 'timed_out_until'
Ignoring exception in on_member_update
Traceback (most recent call last):
  File "/usr/local/lib/python3.12/site-packages/discord/client.py", line 465, in _run_event
    await coro(*args, **kwargs)
  File "/app/asu_discord/cogs/analytics.py", line 652, in on_member_update
    before_timeout = before.timed_out_until
                     ^^^^^^^^^^^^^^^^^^^^^^
AttributeError: 'Member' object has no attribute 'timed_out_until'
Ignoring exception in on_member_update
Traceback (most recent call last):
  File "/usr/local/lib/python3.12/site-packages/discord/client.py", line 465, in _run_event
    await coro(*args, **kwargs)
  File "/app/asu_discord/cogs/analytics.py", line 652, in on_member_update
    before_timeout = before.timed_out_until
                     ^^^^^^^^^^^^^^^^^^^^^^
AttributeError: 'Member' object has no attribute 'timed_out_until'
Ignoring exception in on_member_update
Traceback (most recent call last):
  File "/usr/local/lib/python3.12/site-packages/discord/client.py", line 465, in _run_event
    await coro(*args, **kwargs)
  File "/app/asu_discord/cogs/analytics.py", line 652, in on_member_update
    before_timeout = before.timed_out_until
                     ^^^^^^^^^^^^^^^^^^^^^^
AttributeError: 'Member' object has no attribute 'timed_out_until'
Ignoring exception in on_member_update
Traceback (most recent call last):
  File "/usr/local/lib/python3.12/site-packages/discord/client.py", line 465, in _run_event
    await coro(*args, **kwargs)
  File "/app/asu_discord/cogs/analytics.py", line 652, in on_member_update
    before_timeout = before.timed_out_until
                     ^^^^^^^^^^^^^^^^^^^^^^
AttributeError: 'Member' object has no attribute 'timed_out_until'
Ignoring exception in on_member_update
Traceback (most recent call last):
  File "/usr/local/lib/python3.12/site-packages/discord/client.py", line 465, in _run_event
    await coro(*args, **kwargs)
  File "/app/asu_discord/cogs/analytics.py", line 652, in on_member_update
    before_timeout = before.timed_out_until
                     ^^^^^^^^^^^^^^^^^^^^^^
AttributeError: 'Member' object has no attribute 'timed_out_until'
INFO:asu_discord.cogs.verification:Saved 5 roles to database for user ftrengga (Discord ID: 502160448695697438)
INFO:asu_discord.cogs.verification:Refreshed Salesforce roles for Discord user 502160448695697438: -5/+5 roles, assigned=[College of Liberal Arts and Sciences, First Generation Student, First Year, International Student, Tempe]
Ignoring exception in on_member_update
Traceback (most recent call last):
  File "/usr/local/lib/python3.12/site-packages/discord/client.py", line 465, in _run_event
    await coro(*args, **kwargs)
  File "/app/asu_discord/cogs/analytics.py", line 652, in on_member_update
    before_timeout = before.timed_out_until
                     ^^^^^^^^^^^^^^^^^^^^^^
AttributeError: 'Member' object has no attribute 'timed_out_until'
Ignoring exception in on_member_update
Traceback (most recent call last):
  File "/usr/local/lib/python3.12/site-packages/discord/client.py", line 465, in _run_event
    await coro(*args, **kwargs)
  File "/app/asu_discord/cogs/analytics.py", line 652, in on_member_update
    before_timeout = before.timed_out_until
                     ^^^^^^^^^^^^^^^^^^^^^^
AttributeError: 'Member' object has no attribute 'timed_out_until'
Ignoring exception in on_member_update
Traceback (most recent call last):
  File "/usr/local/lib/python3.12/site-packages/discord/client.py", line 465, in _run_event
    await coro(*args, **kwargs)
  File "/app/asu_discord/cogs/analytics.py", line 652, in on_member_update
    before_timeout = before.timed_out_until
                     ^^^^^^^^^^^^^^^^^^^^^^
AttributeError: 'Member' object has no attribute 'timed_out_until'
Ignoring exception in on_member_update
Traceback (most recent call last):
  File "/usr/local/lib/python3.12/site-packages/discord/client.py", line 465, in _run_event
    await coro(*args, **kwargs)
  File "/app/asu_discord/cogs/analytics.py", line 652, in on_member_update
    before_timeout = before.timed_out_until
                     ^^^^^^^^^^^^^^^^^^^^^^
AttributeError: 'Member' object has no attribute 'timed_out_until'
Ignoring exception in on_member_update
Traceback (most recent call last):
  File "/usr/local/lib/python3.12/site-packages/discord/client.py", line 465, in _run_event
    await coro(*args, **kwargs)
  File "/app/asu_discord/cogs/analytics.py", line 652, in on_member_update
    before_timeout = before.timed_out_until
                     ^^^^^^^^^^^^^^^^^^^^^^
AttributeError: 'Member' object has no attribute 'timed_out_until'
Ignoring exception in on_member_update
Traceback (most recent call last):
  File "/usr/local/lib/python3.12/site-packages/discord/client.py", line 465, in _run_event
    await coro(*args, **kwargs)
  File "/app/asu_discord/cogs/analytics.py", line 652, in on_member_update
    before_timeout = before.timed_out_until
                     ^^^^^^^^^^^^^^^^^^^^^^
AttributeError: 'Member' object has no attribute 'timed_out_until'
Ignoring exception in on_member_update
Traceback (most recent call last):
  File "/usr/local/lib/python3.12/site-packages/discord/client.py", line 465, in _run_event
    await coro(*args, **kwargs)
  File "/app/asu_discord/cogs/analytics.py", line 652, in on_member_update
    before_timeout = before.timed_out_until
                     ^^^^^^^^^^^^^^^^^^^^^^
AttributeError: 'Member' object has no attribute 'timed_out_until'
Ignoring exception in on_member_update
Traceback (most recent call last):
  File "/usr/local/lib/python3.12/site-packages/discord/client.py", line 465, in _run_event
    await coro(*args, **kwargs)
  File "/app/asu_discord/cogs/analytics.py", line 652, in on_member_update
    before_timeout = before.timed_out_until
                     ^^^^^^^^^^^^^^^^^^^^^^
AttributeError: 'Member' object has no attribute 'timed_out_until'
INFO:asu_discord.cogs.verification:Saved 4 roles to database for user ldunca14 (Discord ID: 290219930312376320)
INFO:asu_discord.cogs.verification:Refreshed Salesforce roles for Discord user 290219930312376320: -4/+4 roles, assigned=[Arizona Resident, Herberger Institute for Design and the Arts, Tempe, Transfer Student]
Ignoring exception in on_member_update
Traceback (most recent call last):
  File "/usr/local/lib/python3.12/site-packages/discord/client.py", line 465, in _run_event
    await coro(*args, **kwargs)
  File "/app/asu_discord/cogs/analytics.py", line 652, in on_member_update
    before_timeout = before.timed_out_until
                     ^^^^^^^^^^^^^^^^^^^^^^
AttributeError: 'Member' object has no attribute 'timed_out_until'
Ignoring exception in on_member_update
Traceback (most recent call last):
  File "/usr/local/lib/python3.12/site-packages/discord/client.py", line 465, in _run_event
    await coro(*args, **kwargs)
  File "/app/asu_discord/cogs/analytics.py", line 652, in on_member_update
    before_timeout = before.timed_out_until
                     ^^^^^^^^^^^^^^^^^^^^^^
AttributeError: 'Member' object has no attribute 'timed_out_until'
Ignoring exception in on_member_update
Traceback (most recent call last):
  File "/usr/local/lib/python3.12/site-packages/discord/client.py", line 465, in _run_event
    await coro(*args, **kwargs)
  File "/app/asu_discord/cogs/analytics.py", line 652, in on_member_update
    before_timeout = before.timed_out_until
                     ^^^^^^^^^^^^^^^^^^^^^^
AttributeError: 'Member' object has no attribute 'timed_out_until'
Ignoring exception in on_member_update
Traceback (most recent call last):
  File "/usr/local/lib/python3.12/site-packages/discord/client.py", line 465, in _run_event
    await coro(*args, **kwargs)
  File "/app/asu_discord/cogs/analytics.py", line 652, in on_member_update
    before_timeout = before.timed_out_until
                     ^^^^^^^^^^^^^^^^^^^^^^
AttributeError: 'Member' object has no attribute 'timed_out_until'
Ignoring exception in on_member_update
Traceback (most recent call last):
  File "/usr/local/lib/python3.12/site-packages/discord/client.py", line 465, in _run_event
    await coro(*args, **kwargs)
  File "/app/asu_discord/cogs/analytics.py", line 652, in on_member_update
    before_timeout = before.timed_out_until
                     ^^^^^^^^^^^^^^^^^^^^^^
AttributeError: 'Member' object has no attribute 'timed_out_until'
Ignoring exception in on_member_update
Traceback (most recent call last):
  File "/usr/local/lib/python3.12/site-packages/discord/client.py", line 465, in _run_event
    await coro(*args, **kwargs)
  File "/app/asu_discord/cogs/analytics.py", line 652, in on_member_update
    before_timeout = before.timed_out_until
                     ^^^^^^^^^^^^^^^^^^^^^^
AttributeError: 'Member' object has no attribute 'timed_out_until'
Ignoring exception in on_member_update
Traceback (most recent call last):
  File "/usr/local/lib/python3.12/site-packages/discord/client.py", line 465, in _run_event
    await coro(*args, **kwargs)
  File "/app/asu_discord/cogs/analytics.py", line 652, in on_member_update
    before_timeout = before.timed_out_until
                     ^^^^^^^^^^^^^^^^^^^^^^
AttributeError: 'Member' object has no attribute 'timed_out_until'
INFO:asu_discord.cogs.verification:Saved 4 roles to database for user cnguy169 (Discord ID: 580210898237390848)
INFO:asu_discord.cogs.verification:Refreshed Salesforce roles for Discord user 580210898237390848: -4/+3 roles, assigned=[College of Health Solutions, First Year, International Student, West Valley]
ERROR:cron.jobs:refresh_salesforce_roles: failed for gpratte (Discord ID 833179301770821672): Failed to refresh Salesforce-based roles: Discord user 833179301770821672 is not a member of the guild
ERROR:cron.jobs:refresh_salesforce_roles: failed for afmart30 (Discord ID 1461420711368327259): Failed to refresh Salesforce-based roles: Discord user 1461420711368327259 is not a member of the guild
Ignoring exception in on_member_update
Traceback (most recent call last):
  File "/usr/local/lib/python3.12/site-packages/discord/client.py", line 465, in _run_event
    await coro(*args, **kwargs)
  File "/app/asu_discord/cogs/analytics.py", line 652, in on_member_update
    before_timeout = before.timed_out_until
                     ^^^^^^^^^^^^^^^^^^^^^^
AttributeError: 'Member' object has no attribute 'timed_out_until'
Ignoring exception in on_member_update
Traceback (most recent call last):
  File "/usr/local/lib/python3.12/site-packages/discord/client.py", line 465, in _run_event
    await coro(*args, **kwargs)
  File "/app/asu_discord/cogs/analytics.py", line 652, in on_member_update
    before_timeout = before.timed_out_until
                     ^^^^^^^^^^^^^^^^^^^^^^
AttributeError: 'Member' object has no attribute 'timed_out_until'
Ignoring exception in on_member_update
Traceback (most recent call last):
  File "/usr/local/lib/python3.12/site-packages/discord/client.py", line 465, in _run_event
    await coro(*args, **kwargs)
  File "/app/asu_discord/cogs/analytics.py", line 652, in on_member_update
    before_timeout = before.timed_out_until
                     ^^^^^^^^^^^^^^^^^^^^^^
AttributeError: 'Member' object has no attribute 'timed_out_until'
Ignoring exception in on_member_update
Traceback (most recent call last):
  File "/usr/local/lib/python3.12/site-packages/discord/client.py", line 465, in _run_event
    await coro(*args, **kwargs)
  File "/app/asu_discord/cogs/analytics.py", line 652, in on_member_update
    before_timeout = before.timed_out_until
                     ^^^^^^^^^^^^^^^^^^^^^^
AttributeError: 'Member' object has no attribute 'timed_out_until'
Ignoring exception in on_member_update
Traceback (most recent call last):
  File "/usr/local/lib/python3.12/site-packages/discord/client.py", line 465, in _run_event
    await coro(*args, **kwargs)
  File "/app/asu_discord/cogs/analytics.py", line 652, in on_member_update
    before_timeout = before.timed_out_until
                     ^^^^^^^^^^^^^^^^^^^^^^
AttributeError: 'Member' object has no attribute 'timed_out_until'
Ignoring exception in on_member_update
Traceback (most recent call last):
  File "/usr/local/lib/python3.12/site-packages/discord/client.py", line 465, in _run_event
    await coro(*args, **kwargs)
  File "/app/asu_discord/cogs/analytics.py", line 652, in on_member_update
    before_timeout = before.timed_out_until
                     ^^^^^^^^^^^^^^^^^^^^^^
AttributeError: 'Member' object has no attribute 'timed_out_until'
Ignoring exception in on_member_update
Traceback (most recent call last):
  File "/usr/local/lib/python3.12/site-packages/discord/client.py", line 465, in _run_event
    await coro(*args, **kwargs)
  File "/app/asu_discord/cogs/analytics.py", line 652, in on_member_update
    before_timeout = before.timed_out_until
                     ^^^^^^^^^^^^^^^^^^^^^^
AttributeError: 'Member' object has no attribute 'timed_out_until'
Ignoring exception in on_member_update
Traceback (most recent call last):
  File "/usr/local/lib/python3.12/site-packages/discord/client.py", line 465, in _run_event
    await coro(*args, **kwargs)
  File "/app/asu_discord/cogs/analytics.py", line 652, in on_member_update
    before_timeout = before.timed_out_until
                     ^^^^^^^^^^^^^^^^^^^^^^
AttributeError: 'Member' object has no attribute 'timed_out_until'
Ignoring exception in on_member_update
Traceback (most recent call last):
  File "/usr/local/lib/python3.12/site-packages/discord/client.py", line 465, in _run_event
    await coro(*args, **kwargs)
  File "/app/asu_discord/cogs/analytics.py", line 652, in on_member_update
    before_timeout = before.timed_out_until
                     ^^^^^^^^^^^^^^^^^^^^^^
AttributeError: 'Member' object has no attribute 'timed_out_until'
Ignoring exception in on_member_update
Traceback (most recent call last):
  File "/usr/local/lib/python3.12/site-packages/discord/client.py", line 465, in _run_event
    await coro(*args, **kwargs)
  File "/app/asu_discord/cogs/analytics.py", line 652, in on_member_update
    before_timeout = before.timed_out_until
                     ^^^^^^^^^^^^^^^^^^^^^^
AttributeError: 'Member' object has no attribute 'timed_out_until'
Ignoring exception in on_member_update
Traceback (most recent call last):
  File "/usr/local/lib/python3.12/site-packages/discord/client.py", line 465, in _run_event
    await coro(*args, **kwargs)
  File "/app/asu_discord/cogs/analytics.py", line 652, in on_member_update
    before_timeout = before.timed_out_until
                     ^^^^^^^^^^^^^^^^^^^^^^
AttributeError: 'Member' object has no attribute 'timed_out_until'
INFO:asu_discord.cogs.verification:Saved 6 roles to database for user pmoll12 (Discord ID: 1453136960976584827)
INFO:asu_discord.cogs.verification:Refreshed Salesforce roles for Discord user 1453136960976584827: -5/+6 roles, assigned=[Commited, First Generation Student, First Year, Out of State, Tempe, W.P. Carey School of Business]
Ignoring exception in on_member_update
Traceback (most recent call last):
  File "/usr/local/lib/python3.12/site-packages/discord/client.py", line 465, in _run_event
    await coro(*args, **kwargs)
  File "/app/asu_discord/cogs/analytics.py", line 652, in on_member_update
    before_timeout = before.timed_out_until
                     ^^^^^^^^^^^^^^^^^^^^^^
AttributeError: 'Member' object has no attribute 'timed_out_until'
Ignoring exception in on_member_update
Traceback (most recent call last):
  File "/usr/local/lib/python3.12/site-packages/discord/client.py", line 465, in _run_event
    await coro(*args, **kwargs)
  File "/app/asu_discord/cogs/analytics.py", line 652, in on_member_update
    before_timeout = before.timed_out_until
                     ^^^^^^^^^^^^^^^^^^^^^^
AttributeError: 'Member' object has no attribute 'timed_out_until'
Ignoring exception in on_member_update
Traceback (most recent call last):
  File "/usr/local/lib/python3.12/site-packages/discord/client.py", line 465, in _run_event
    await coro(*args, **kwargs)
  File "/app/asu_discord/cogs/analytics.py", line 652, in on_member_update
    before_timeout = before.timed_out_until
                     ^^^^^^^^^^^^^^^^^^^^^^
AttributeError: 'Member' object has no attribute 'timed_out_until'
Ignoring exception in on_member_update
Traceback (most recent call last):
  File "/usr/local/lib/python3.12/site-packages/discord/client.py", line 465, in _run_event
    await coro(*args, **kwargs)
  File "/app/asu_discord/cogs/analytics.py", line 652, in on_member_update
    before_timeout = before.timed_out_until
                     ^^^^^^^^^^^^^^^^^^^^^^
AttributeError: 'Member' object has no attribute 'timed_out_until'
Ignoring exception in on_member_update
Traceback (most recent call last):
  File "/usr/local/lib/python3.12/site-packages/discord/client.py", line 465, in _run_event
    await coro(*args, **kwargs)
  File "/app/asu_discord/cogs/analytics.py", line 652, in on_member_update
    before_timeout = before.timed_out_until
                     ^^^^^^^^^^^^^^^^^^^^^^
AttributeError: 'Member' object has no attribute 'timed_out_until'
Ignoring exception in on_member_update
Traceback (most recent call last):
  File "/usr/local/lib/python3.12/site-packages/discord/client.py", line 465, in _run_event
    await coro(*args, **kwargs)
  File "/app/asu_discord/cogs/analytics.py", line 652, in on_member_update
    before_timeout = before.timed_out_until
                     ^^^^^^^^^^^^^^^^^^^^^^
AttributeError: 'Member' object has no attribute 'timed_out_until'
Ignoring exception in on_member_update
Traceback (most recent call last):
  File "/usr/local/lib/python3.12/site-packages/discord/client.py", line 465, in _run_event
    await coro(*args, **kwargs)
  File "/app/asu_discord/cogs/analytics.py", line 652, in on_member_update
    before_timeout = before.timed_out_until
                     ^^^^^^^^^^^^^^^^^^^^^^
AttributeError: 'Member' object has no attribute 'timed_out_until'
Ignoring exception in on_member_update
Traceback (most recent call last):
  File "/usr/local/lib/python3.12/site-packages/discord/client.py", line 465, in _run_event
    await coro(*args, **kwargs)
  File "/app/asu_discord/cogs/analytics.py", line 652, in on_member_update
    before_timeout = before.timed_out_until
                     ^^^^^^^^^^^^^^^^^^^^^^
AttributeError: 'Member' object has no attribute 'timed_out_until'
Ignoring exception in on_member_update
Traceback (most recent call last):
  File "/usr/local/lib/python3.12/site-packages/discord/client.py", line 465, in _run_event
    await coro(*args, **kwargs)
  File "/app/asu_discord/cogs/analytics.py", line 652, in on_member_update
    before_timeout = before.timed_out_until
                     ^^^^^^^^^^^^^^^^^^^^^^
AttributeError: 'Member' object has no attribute 'timed_out_until'
Ignoring exception in on_member_update
Traceback (most recent call last):
  File "/usr/local/lib/python3.12/site-packages/discord/client.py", line 465, in _run_event
    await coro(*args, **kwargs)
  File "/app/asu_discord/cogs/analytics.py", line 652, in on_member_update
    before_timeout = before.timed_out_until
                     ^^^^^^^^^^^^^^^^^^^^^^
AttributeError: 'Member' object has no attribute 'timed_out_until'
INFO:asu_discord.cogs.verification:Saved 5 roles to database for user jamarie1 (Discord ID: 203753545902587904)
INFO:asu_discord.cogs.verification:Refreshed Salesforce roles for Discord user 203753545902587904: -5/+5 roles, assigned=[First Year, Herberger Institute for Design and the Arts, Online, Out of State, Upperclassmen]
Ignoring exception in on_member_update
Traceback (most recent call last):
  File "/usr/local/lib/python3.12/site-packages/discord/client.py", line 465, in _run_event
    await coro(*args, **kwargs)
  File "/app/asu_discord/cogs/analytics.py", line 652, in on_member_update
    before_timeout = before.timed_out_until
                     ^^^^^^^^^^^^^^^^^^^^^^
AttributeError: 'Member' object has no attribute 'timed_out_until'
Ignoring exception in on_member_update
Traceback (most recent call last):
  File "/usr/local/lib/python3.12/site-packages/discord/client.py", line 465, in _run_event
    await coro(*args, **kwargs)
  File "/app/asu_discord/cogs/analytics.py", line 652, in on_member_update
    before_timeout = before.timed_out_until
                     ^^^^^^^^^^^^^^^^^^^^^^
AttributeError: 'Member' object has no attribute 'timed_out_until'
Ignoring exception in on_member_update
Traceback (most recent call last):
  File "/usr/local/lib/python3.12/site-packages/discord/client.py", line 465, in _run_event
    await coro(*args, **kwargs)
  File "/app/asu_discord/cogs/analytics.py", line 652, in on_member_update
    before_timeout = before.timed_out_until
                     ^^^^^^^^^^^^^^^^^^^^^^
AttributeError: 'Member' object has no attribute 'timed_out_until'
Ignoring exception in on_member_update
Traceback (most recent call last):
  File "/usr/local/lib/python3.12/site-packages/discord/client.py", line 465, in _run_event
    await coro(*args, **kwargs)
  File "/app/asu_discord/cogs/analytics.py", line 652, in on_member_update
    before_timeout = before.timed_out_until
                     ^^^^^^^^^^^^^^^^^^^^^^
AttributeError: 'Member' object has no attribute 'timed_out_until'
Ignoring exception in on_member_update
Traceback (most recent call last):
  File "/usr/local/lib/python3.12/site-packages/discord/client.py", line 465, in _run_event
    await coro(*args, **kwargs)
  File "/app/asu_discord/cogs/analytics.py", line 652, in on_member_update
    before_timeout = before.timed_out_until
                     ^^^^^^^^^^^^^^^^^^^^^^
AttributeError: 'Member' object has no attribute 'timed_out_until'
Ignoring exception in on_member_update
Traceback (most recent call last):
  File "/usr/local/lib/python3.12/site-packages/discord/client.py", line 465, in _run_event
    await coro(*args, **kwargs)
  File "/app/asu_discord/cogs/analytics.py", line 652, in on_member_update
    before_timeout = before.timed_out_until
                     ^^^^^^^^^^^^^^^^^^^^^^
AttributeError: 'Member' object has no attribute 'timed_out_until'
Ignoring exception in on_member_update
Traceback (most recent call last):
  File "/usr/local/lib/python3.12/site-packages/discord/client.py", line 465, in _run_event
    await coro(*args, **kwargs)
  File "/app/asu_discord/cogs/analytics.py", line 652, in on_member_update
    before_timeout = before.timed_out_until
                     ^^^^^^^^^^^^^^^^^^^^^^
AttributeError: 'Member' object has no attribute 'timed_out_until'
Ignoring exception in on_member_update
Traceback (most recent call last):
  File "/usr/local/lib/python3.12/site-packages/discord/client.py", line 465, in _run_event
    await coro(*args, **kwargs)
  File "/app/asu_discord/cogs/analytics.py", line 652, in on_member_update
    before_timeout = before.timed_out_until
                     ^^^^^^^^^^^^^^^^^^^^^^
AttributeError: 'Member' object has no attribute 'timed_out_until'
INFO:asu_discord.cogs.verification:Saved 4 roles to database for user sdosapa1 (Discord ID: 903849021100150784)
INFO:asu_discord.cogs.verification:Refreshed Salesforce roles for Discord user 903849021100150784: -4/+4 roles, assigned=[Commited, First Year, Ira A. Fulton Schools of Engineering, Polytechnic]
Ignoring exception in on_member_update
Traceback (most recent call last):
  File "/usr/local/lib/python3.12/site-packages/discord/client.py", line 465, in _run_event
    await coro(*args, **kwargs)
  File "/app/asu_discord/cogs/analytics.py", line 652, in on_member_update
    before_timeout = before.timed_out_until
                     ^^^^^^^^^^^^^^^^^^^^^^
AttributeError: 'Member' object has no attribute 'timed_out_until'
Ignoring exception in on_member_update
Traceback (most recent call last):
  File "/usr/local/lib/python3.12/site-packages/discord/client.py", line 465, in _run_event
    await coro(*args, **kwargs)
  File "/app/asu_discord/cogs/analytics.py", line 652, in on_member_update
    before_timeout = before.timed_out_until
                     ^^^^^^^^^^^^^^^^^^^^^^
AttributeError: 'Member' object has no attribute 'timed_out_until'
Ignoring exception in on_member_update
Traceback (most recent call last):
  File "/usr/local/lib/python3.12/site-packages/discord/client.py", line 465, in _run_event
    await coro(*args, **kwargs)
  File "/app/asu_discord/cogs/analytics.py", line 652, in on_member_update
    before_timeout = before.timed_out_until
                     ^^^^^^^^^^^^^^^^^^^^^^
AttributeError: 'Member' object has no attribute 'timed_out_until'
Ignoring exception in on_member_update
Traceback (most recent call last):
  File "/usr/local/lib/python3.12/site-packages/discord/client.py", line 465, in _run_event
    await coro(*args, **kwargs)
  File "/app/asu_discord/cogs/analytics.py", line 652, in on_member_update
    before_timeout = before.timed_out_until
                     ^^^^^^^^^^^^^^^^^^^^^^
AttributeError: 'Member' object has no attribute 'timed_out_until'
Ignoring exception in on_member_update
Traceback (most recent call last):
  File "/usr/local/lib/python3.12/site-packages/discord/client.py", line 465, in _run_event
    await coro(*args, **kwargs)
  File "/app/asu_discord/cogs/analytics.py", line 652, in on_member_update
    before_timeout = before.timed_out_until
                     ^^^^^^^^^^^^^^^^^^^^^^
AttributeError: 'Member' object has no attribute 'timed_out_until'
Ignoring exception in on_member_update
Traceback (most recent call last):
  File "/usr/local/lib/python3.12/site-packages/discord/client.py", line 465, in _run_event
    await coro(*args, **kwargs)
  File "/app/asu_discord/cogs/analytics.py", line 652, in on_member_update
    before_timeout = before.timed_out_until
                     ^^^^^^^^^^^^^^^^^^^^^^
AttributeError: 'Member' object has no attribute 'timed_out_until'
Ignoring exception in on_member_update
Traceback (most recent call last):
  File "/usr/local/lib/python3.12/site-packages/discord/client.py", line 465, in _run_event
    await coro(*args, **kwargs)
  File "/app/asu_discord/cogs/analytics.py", line 652, in on_member_update
    before_timeout = before.timed_out_until
                     ^^^^^^^^^^^^^^^^^^^^^^
AttributeError: 'Member' object has no attribute 'timed_out_until'
Ignoring exception in on_member_update
Traceback (most recent call last):
  File "/usr/local/lib/python3.12/site-packages/discord/client.py", line 465, in _run_event
    await coro(*args, **kwargs)
  File "/app/asu_discord/cogs/analytics.py", line 652, in on_member_update
    before_timeout = before.timed_out_until
                     ^^^^^^^^^^^^^^^^^^^^^^
AttributeError: 'Member' object has no attribute 'timed_out_until'
Ignoring exception in on_member_update
Traceback (most recent call last):
  File "/usr/local/lib/python3.12/site-packages/discord/client.py", line 465, in _run_event
    await coro(*args, **kwargs)
  File "/app/asu_discord/cogs/analytics.py", line 652, in on_member_update
    before_timeout = before.timed_out_until
                     ^^^^^^^^^^^^^^^^^^^^^^
AttributeError: 'Member' object has no attribute 'timed_out_until'
Ignoring exception in on_member_update
Traceback (most recent call last):
  File "/usr/local/lib/python3.12/site-packages/discord/client.py", line 465, in _run_event
    await coro(*args, **kwargs)
  File "/app/asu_discord/cogs/analytics.py", line 652, in on_member_update
    before_timeout = before.timed_out_until
                     ^^^^^^^^^^^^^^^^^^^^^^
AttributeError: 'Member' object has no attribute 'timed_out_until'
INFO:asu_discord.cogs.verification:Saved 5 roles to database for user msmukada (Discord ID: 1032933088390549524)
INFO:asu_discord.cogs.verification:Refreshed Salesforce roles for Discord user 1032933088390549524: -5/+5 roles, assigned=[Commited, First Year, International Student, Ira A. Fulton Schools of Engineering, Tempe]
Ignoring exception in on_member_update
Traceback (most recent call last):
  File "/usr/local/lib/python3.12/site-packages/discord/client.py", line 465, in _run_event
    await coro(*args, **kwargs)
  File "/app/asu_discord/cogs/analytics.py", line 652, in on_member_update
    before_timeout = before.timed_out_until
                     ^^^^^^^^^^^^^^^^^^^^^^
AttributeError: 'Member' object has no attribute 'timed_out_until'
Ignoring exception in on_member_update
Traceback (most recent call last):
  File "/usr/local/lib/python3.12/site-packages/discord/client.py", line 465, in _run_event
    await coro(*args, **kwargs)
  File "/app/asu_discord/cogs/analytics.py", line 652, in on_member_update
    before_timeout = before.timed_out_until
                     ^^^^^^^^^^^^^^^^^^^^^^
AttributeError: 'Member' object has no attribute 'timed_out_until'
Ignoring exception in on_member_update
Traceback (most recent call last):
  File "/usr/local/lib/python3.12/site-packages/discord/client.py", line 465, in _run_event
    await coro(*args, **kwargs)
  File "/app/asu_discord/cogs/analytics.py", line 652, in on_member_update
    before_timeout = before.timed_out_until
                     ^^^^^^^^^^^^^^^^^^^^^^
AttributeError: 'Member' object has no attribute 'timed_out_until'
Ignoring exception in on_member_update
Traceback (most recent call last):
  File "/usr/local/lib/python3.12/site-packages/discord/client.py", line 465, in _run_event
    await coro(*args, **kwargs)
  File "/app/asu_discord/cogs/analytics.py", line 652, in on_member_update
    before_timeout = before.timed_out_until
                     ^^^^^^^^^^^^^^^^^^^^^^
AttributeError: 'Member' object has no attribute 'timed_out_until'
Ignoring exception in on_member_update
Traceback (most recent call last):
  File "/usr/local/lib/python3.12/site-packages/discord/client.py", line 465, in _run_event
    await coro(*args, **kwargs)
  File "/app/asu_discord/cogs/analytics.py", line 652, in on_member_update
    before_timeout = before.timed_out_until
                     ^^^^^^^^^^^^^^^^^^^^^^
AttributeError: 'Member' object has no attribute 'timed_out_until'
Ignoring exception in on_member_update
Traceback (most recent call last):
  File "/usr/local/lib/python3.12/site-packages/discord/client.py", line 465, in _run_event
    await coro(*args, **kwargs)
  File "/app/asu_discord/cogs/analytics.py", line 652, in on_member_update
    before_timeout = before.timed_out_until
                     ^^^^^^^^^^^^^^^^^^^^^^
AttributeError: 'Member' object has no attribute 'timed_out_until'
Ignoring exception in on_member_update
Traceback (most recent call last):
  File "/usr/local/lib/python3.12/site-packages/discord/client.py", line 465, in _run_event
    await coro(*args, **kwargs)
  File "/app/asu_discord/cogs/analytics.py", line 652, in on_member_update
    before_timeout = before.timed_out_until
                     ^^^^^^^^^^^^^^^^^^^^^^
AttributeError: 'Member' object has no attribute 'timed_out_until'
Ignoring exception in on_member_update
Traceback (most recent call last):
  File "/usr/local/lib/python3.12/site-packages/discord/client.py", line 465, in _run_event
    await coro(*args, **kwargs)
  File "/app/asu_discord/cogs/analytics.py", line 652, in on_member_update
    before_timeout = before.timed_out_until
                     ^^^^^^^^^^^^^^^^^^^^^^
AttributeError: 'Member' object has no attribute 'timed_out_until'
Ignoring exception in on_member_update
Traceback (most recent call last):
  File "/usr/local/lib/python3.12/site-packages/discord/client.py", line 465, in _run_event
    await coro(*args, **kwargs)
  File "/app/asu_discord/cogs/analytics.py", line 652, in on_member_update
    before_timeout = before.timed_out_until
                     ^^^^^^^^^^^^^^^^^^^^^^
AttributeError: 'Member' object has no attribute 'timed_out_until'
INFO:asu_discord.cogs.verification:Saved 5 roles to database for user lrcarey (Discord ID: 1315502443957587968)
INFO:asu_discord.cogs.verification:Refreshed Salesforce roles for Discord user 1315502443957587968: -5/+5 roles, assigned=[Arizona Resident, Commited, First Year, Tempe, W.P. Carey School of Business]
Ignoring exception in on_member_update
Traceback (most recent call last):
  File "/usr/local/lib/python3.12/site-packages/discord/client.py", line 465, in _run_event
    await coro(*args, **kwargs)
  File "/app/asu_discord/cogs/analytics.py", line 652, in on_member_update
    before_timeout = before.timed_out_until
                     ^^^^^^^^^^^^^^^^^^^^^^
AttributeError: 'Member' object has no attribute 'timed_out_until'
ERROR:cron.jobs:refresh_salesforce_roles: failed for asalgh19 (Discord ID 713716112902062140): Failed to refresh Salesforce-based roles: Discord user 713716112902062140 is not a member of the guild
ERROR:cron.jobs:refresh_salesforce_roles: failed for rjjoshi3 (Discord ID 804062953421799424): Failed to refresh Salesforce-based roles: Discord user 804062953421799424 is not a member of the guild
Ignoring exception in on_member_update
Traceback (most recent call last):
  File "/usr/local/lib/python3.12/site-packages/discord/client.py", line 465, in _run_event
    await coro(*args, **kwargs)
  File "/app/asu_discord/cogs/analytics.py", line 652, in on_member_update
    before_timeout = before.timed_out_until
                     ^^^^^^^^^^^^^^^^^^^^^^
AttributeError: 'Member' object has no attribute 'timed_out_until'
Ignoring exception in on_member_update
Traceback (most recent call last):
  File "/usr/local/lib/python3.12/site-packages/discord/client.py", line 465, in _run_event
    await coro(*args, **kwargs)
  File "/app/asu_discord/cogs/analytics.py", line 652, in on_member_update
    before_timeout = before.timed_out_until
                     ^^^^^^^^^^^^^^^^^^^^^^
AttributeError: 'Member' object has no attribute 'timed_out_until'
Ignoring exception in on_member_update
Traceback (most recent call last):
  File "/usr/local/lib/python3.12/site-packages/discord/client.py", line 465, in _run_event
    await coro(*args, **kwargs)
  File "/app/asu_discord/cogs/analytics.py", line 652, in on_member_update
    before_timeout = before.timed_out_until
                     ^^^^^^^^^^^^^^^^^^^^^^
AttributeError: 'Member' object has no attribute 'timed_out_until'
Ignoring exception in on_member_update
Traceback (most recent call last):
  File "/usr/local/lib/python3.12/site-packages/discord/client.py", line 465, in _run_event
    await coro(*args, **kwargs)
  File "/app/asu_discord/cogs/analytics.py", line 652, in on_member_update
    before_timeout = before.timed_out_until
                     ^^^^^^^^^^^^^^^^^^^^^^
AttributeError: 'Member' object has no attribute 'timed_out_until'
Ignoring exception in on_member_update
Traceback (most recent call last):
  File "/usr/local/lib/python3.12/site-packages/discord/client.py", line 465, in _run_event
    await coro(*args, **kwargs)
  File "/app/asu_discord/cogs/analytics.py", line 652, in on_member_update
    before_timeout = before.timed_out_until
                     ^^^^^^^^^^^^^^^^^^^^^^
AttributeError: 'Member' object has no attribute 'timed_out_until'
Ignoring exception in on_member_update
Traceback (most recent call last):
  File "/usr/local/lib/python3.12/site-packages/discord/client.py", line 465, in _run_event
    await coro(*args, **kwargs)
  File "/app/asu_discord/cogs/analytics.py", line 652, in on_member_update
    before_timeout = before.timed_out_until
                     ^^^^^^^^^^^^^^^^^^^^^^
AttributeError: 'Member' object has no attribute 'timed_out_until'
Ignoring exception in on_member_update
Traceback (most recent call last):
  File "/usr/local/lib/python3.12/site-packages/discord/client.py", line 465, in _run_event
    await coro(*args, **kwargs)
  File "/app/asu_discord/cogs/analytics.py", line 652, in on_member_update
    before_timeout = before.timed_out_until
                     ^^^^^^^^^^^^^^^^^^^^^^
AttributeError: 'Member' object has no attribute 'timed_out_until'
Ignoring exception in on_member_update
Traceback (most recent call last):
  File "/usr/local/lib/python3.12/site-packages/discord/client.py", line 465, in _run_event
    await coro(*args, **kwargs)
  File "/app/asu_discord/cogs/analytics.py", line 652, in on_member_update
    before_timeout = before.timed_out_until
                     ^^^^^^^^^^^^^^^^^^^^^^
AttributeError: 'Member' object has no attribute 'timed_out_until'
Ignoring exception in on_member_update
Traceback (most recent call last):
  File "/usr/local/lib/python3.12/site-packages/discord/client.py", line 465, in _run_event
    await coro(*args, **kwargs)
  File "/app/asu_discord/cogs/analytics.py", line 652, in on_member_update
    before_timeout = before.timed_out_until
                     ^^^^^^^^^^^^^^^^^^^^^^
AttributeError: 'Member' object has no attribute 'timed_out_until'
Ignoring exception in on_member_update
Traceback (most recent call last):
  File "/usr/local/lib/python3.12/site-packages/discord/client.py", line 465, in _run_event
    await coro(*args, **kwargs)
  File "/app/asu_discord/cogs/analytics.py", line 652, in on_member_update
    before_timeout = before.timed_out_until
                     ^^^^^^^^^^^^^^^^^^^^^^
AttributeError: 'Member' object has no attribute 'timed_out_until'
INFO:asu_discord.cogs.verification:Saved 5 roles to database for user jmitc143 (Discord ID: 906003214049095681)
INFO:asu_discord.cogs.verification:Refreshed Salesforce roles for Discord user 906003214049095681: -5/+5 roles, assigned=[Arizona Resident, College of Liberal Arts and Sciences, First Generation Student, First Year, Tempe]
ERROR:cron.jobs:refresh_salesforce_roles: failed for straore5 (Discord ID 593886380803883050): Failed to refresh Salesforce-based roles: Discord user 593886380803883050 is not a member of the guild
Ignoring exception in on_member_update
Traceback (most recent call last):
  File "/usr/local/lib/python3.12/site-packages/discord/client.py", line 465, in _run_event
    await coro(*args, **kwargs)
  File "/app/asu_discord/cogs/analytics.py", line 652, in on_member_update
    before_timeout = before.timed_out_until
                     ^^^^^^^^^^^^^^^^^^^^^^
AttributeError: 'Member' object has no attribute 'timed_out_until'
Ignoring exception in on_member_update
Traceback (most recent call last):
  File "/usr/local/lib/python3.12/site-packages/discord/client.py", line 465, in _run_event
    await coro(*args, **kwargs)
  File "/app/asu_discord/cogs/analytics.py", line 652, in on_member_update
    before_timeout = before.timed_out_until
                     ^^^^^^^^^^^^^^^^^^^^^^
AttributeError: 'Member' object has no attribute 'timed_out_until'
Ignoring exception in on_member_update
Traceback (most recent call last):
  File "/usr/local/lib/python3.12/site-packages/discord/client.py", line 465, in _run_event
    await coro(*args, **kwargs)
  File "/app/asu_discord/cogs/analytics.py", line 652, in on_member_update
    before_timeout = before.timed_out_until
                     ^^^^^^^^^^^^^^^^^^^^^^
AttributeError: 'Member' object has no attribute 'timed_out_until'
Ignoring exception in on_member_update
Traceback (most recent call last):
  File "/usr/local/lib/python3.12/site-packages/discord/client.py", line 465, in _run_event
    await coro(*args, **kwargs)
  File "/app/asu_discord/cogs/analytics.py", line 652, in on_member_update
    before_timeout = before.timed_out_until
                     ^^^^^^^^^^^^^^^^^^^^^^
AttributeError: 'Member' object has no attribute 'timed_out_until'
Ignoring exception in on_member_update
Traceback (most recent call last):
  File "/usr/local/lib/python3.12/site-packages/discord/client.py", line 465, in _run_event
    await coro(*args, **kwargs)
  File "/app/asu_discord/cogs/analytics.py", line 652, in on_member_update
    before_timeout = before.timed_out_until
                     ^^^^^^^^^^^^^^^^^^^^^^
AttributeError: 'Member' object has no attribute 'timed_out_until'
Ignoring exception in on_member_update
Traceback (most recent call last):
  File "/usr/local/lib/python3.12/site-packages/discord/client.py", line 465, in _run_event
    await coro(*args, **kwargs)
  File "/app/asu_discord/cogs/analytics.py", line 652, in on_member_update
    before_timeout = before.timed_out_until
                     ^^^^^^^^^^^^^^^^^^^^^^
AttributeError: 'Member' object has no attribute 'timed_out_until'
Ignoring exception in on_member_update
Traceback (most recent call last):
  File "/usr/local/lib/python3.12/site-packages/discord/client.py", line 465, in _run_event
    await coro(*args, **kwargs)
  File "/app/asu_discord/cogs/analytics.py", line 652, in on_member_update
    before_timeout = before.timed_out_until
                     ^^^^^^^^^^^^^^^^^^^^^^
AttributeError: 'Member' object has no attribute 'timed_out_until'
Ignoring exception in on_member_update
Traceback (most recent call last):
  File "/usr/local/lib/python3.12/site-packages/discord/client.py", line 465, in _run_event
    await coro(*args, **kwargs)
  File "/app/asu_discord/cogs/analytics.py", line 652, in on_member_update
    before_timeout = before.timed_out_until
                     ^^^^^^^^^^^^^^^^^^^^^^
AttributeError: 'Member' object has no attribute 'timed_out_until'
Ignoring exception in on_member_update
Traceback (most recent call last):
  File "/usr/local/lib/python3.12/site-packages/discord/client.py", line 465, in _run_event
    await coro(*args, **kwargs)
  File "/app/asu_discord/cogs/analytics.py", line 652, in on_member_update
    before_timeout = before.timed_out_until
                     ^^^^^^^^^^^^^^^^^^^^^^
AttributeError: 'Member' object has no attribute 'timed_out_until'
Ignoring exception in on_member_update
Traceback (most recent call last):
  File "/usr/local/lib/python3.12/site-packages/discord/client.py", line 465, in _run_event
    await coro(*args, **kwargs)
  File "/app/asu_discord/cogs/analytics.py", line 652, in on_member_update
    before_timeout = before.timed_out_until
                     ^^^^^^^^^^^^^^^^^^^^^^
AttributeError: 'Member' object has no attribute 'timed_out_until'
INFO:asu_discord.cogs.verification:Saved 5 roles to database for user klyoun24 (Discord ID: 1461517318579556518)
INFO:asu_discord.cogs.verification:Refreshed Salesforce roles for Discord user 1461517318579556518: -5/+5 roles, assigned=[Commited, Downtown Phoenix, Edson College of Nursing and Health Innovation, First Year, Out of State]
Ignoring exception in on_member_update
Traceback (most recent call last):
  File "/usr/local/lib/python3.12/site-packages/discord/client.py", line 465, in _run_event
    await coro(*args, **kwargs)
  File "/app/asu_discord/cogs/analytics.py", line 652, in on_member_update
    before_timeout = before.timed_out_until
                     ^^^^^^^^^^^^^^^^^^^^^^
AttributeError: 'Member' object has no attribute 'timed_out_until'
Ignoring exception in on_member_update
Traceback (most recent call last):
  File "/usr/local/lib/python3.12/site-packages/discord/client.py", line 465, in _run_event
    await coro(*args, **kwargs)
  File "/app/asu_discord/cogs/analytics.py", line 652, in on_member_update
    before_timeout = before.timed_out_until
                     ^^^^^^^^^^^^^^^^^^^^^^
AttributeError: 'Member' object has no attribute 'timed_out_until'
Ignoring exception in on_member_update
Traceback (most recent call last):
  File "/usr/local/lib/python3.12/site-packages/discord/client.py", line 465, in _run_event
    await coro(*args, **kwargs)
  File "/app/asu_discord/cogs/analytics.py", line 652, in on_member_update
    before_timeout = before.timed_out_until
                     ^^^^^^^^^^^^^^^^^^^^^^
AttributeError: 'Member' object has no attribute 'timed_out_until'
Ignoring exception in on_member_update
Traceback (most recent call last):
  File "/usr/local/lib/python3.12/site-packages/discord/client.py", line 465, in _run_event
    await coro(*args, **kwargs)
  File "/app/asu_discord/cogs/analytics.py", line 652, in on_member_update
    before_timeout = before.timed_out_until
                     ^^^^^^^^^^^^^^^^^^^^^^
AttributeError: 'Member' object has no attribute 'timed_out_until'
Ignoring exception in on_member_update
Traceback (most recent call last):
  File "/usr/local/lib/python3.12/site-packages/discord/client.py", line 465, in _run_event
    await coro(*args, **kwargs)
  File "/app/asu_discord/cogs/analytics.py", line 652, in on_member_update
    before_timeout = before.timed_out_until
                     ^^^^^^^^^^^^^^^^^^^^^^
AttributeError: 'Member' object has no attribute 'timed_out_until'
Ignoring exception in on_member_update
Traceback (most recent call last):
  File "/usr/local/lib/python3.12/site-packages/discord/client.py", line 465, in _run_event
    await coro(*args, **kwargs)
  File "/app/asu_discord/cogs/analytics.py", line 652, in on_member_update
    before_timeout = before.timed_out_until
                     ^^^^^^^^^^^^^^^^^^^^^^
AttributeError: 'Member' object has no attribute 'timed_out_until'
Ignoring exception in on_member_update
Traceback (most recent call last):
  File "/usr/local/lib/python3.12/site-packages/discord/client.py", line 465, in _run_event
    await coro(*args, **kwargs)
  File "/app/asu_discord/cogs/analytics.py", line 652, in on_member_update
    before_timeout = before.timed_out_until
                     ^^^^^^^^^^^^^^^^^^^^^^
AttributeError: 'Member' object has no attribute 'timed_out_until'
Ignoring exception in on_member_update
Traceback (most recent call last):
  File "/usr/local/lib/python3.12/site-packages/discord/client.py", line 465, in _run_event
    await coro(*args, **kwargs)
  File "/app/asu_discord/cogs/analytics.py", line 652, in on_member_update
    before_timeout = before.timed_out_until
                     ^^^^^^^^^^^^^^^^^^^^^^
AttributeError: 'Member' object has no attribute 'timed_out_until'
Ignoring exception in on_member_update
Traceback (most recent call last):
  File "/usr/local/lib/python3.12/site-packages/discord/client.py", line 465, in _run_event
    await coro(*args, **kwargs)
  File "/app/asu_discord/cogs/analytics.py", line 652, in on_member_update
    before_timeout = before.timed_out_until
                     ^^^^^^^^^^^^^^^^^^^^^^
AttributeError: 'Member' object has no attribute 'timed_out_until'
Ignoring exception in on_member_update
Traceback (most recent call last):
  File "/usr/local/lib/python3.12/site-packages/discord/client.py", line 465, in _run_event
    await coro(*args, **kwargs)
  File "/app/asu_discord/cogs/analytics.py", line 652, in on_member_update
    before_timeout = before.timed_out_until
                     ^^^^^^^^^^^^^^^^^^^^^^
AttributeError: 'Member' object has no attribute 'timed_out_until'
INFO:asu_discord.cogs.verification:Saved 5 roles to database for user lkilgor2 (Discord ID: 760990396200910869)
INFO:asu_discord.cogs.verification:Refreshed Salesforce roles for Discord user 760990396200910869: -5/+5 roles, assigned=[Arizona Resident, Commited, Downtown Phoenix, First Year, Walter Cronkite School of Journalism and Mass Communication]
Ignoring exception in on_member_update
Traceback (most recent call last):
  File "/usr/local/lib/python3.12/site-packages/discord/client.py", line 465, in _run_event
    await coro(*args, **kwargs)
  File "/app/asu_discord/cogs/analytics.py", line 652, in on_member_update
    before_timeout = before.timed_out_until
                     ^^^^^^^^^^^^^^^^^^^^^^
AttributeError: 'Member' object has no attribute 'timed_out_until'
Ignoring exception in on_member_update
Traceback (most recent call last):
  File "/usr/local/lib/python3.12/site-packages/discord/client.py", line 465, in _run_event
    await coro(*args, **kwargs)
  File "/app/asu_discord/cogs/analytics.py", line 652, in on_member_update
    before_timeout = before.timed_out_until
                     ^^^^^^^^^^^^^^^^^^^^^^
AttributeError: 'Member' object has no attribute 'timed_out_until'
Ignoring exception in on_member_update
Traceback (most recent call last):
  File "/usr/local/lib/python3.12/site-packages/discord/client.py", line 465, in _run_event
    await coro(*args, **kwargs)
  File "/app/asu_discord/cogs/analytics.py", line 652, in on_member_update
    before_timeout = before.timed_out_until
                     ^^^^^^^^^^^^^^^^^^^^^^
AttributeError: 'Member' object has no attribute 'timed_out_until'
Ignoring exception in on_member_update
Traceback (most recent call last):
  File "/usr/local/lib/python3.12/site-packages/discord/client.py", line 465, in _run_event
    await coro(*args, **kwargs)
  File "/app/asu_discord/cogs/analytics.py", line 652, in on_member_update
    before_timeout = before.timed_out_until
                     ^^^^^^^^^^^^^^^^^^^^^^
AttributeError: 'Member' object has no attribute 'timed_out_until'
Ignoring exception in on_member_update
Traceback (most recent call last):
  File "/usr/local/lib/python3.12/site-packages/discord/client.py", line 465, in _run_event
    await coro(*args, **kwargs)
  File "/app/asu_discord/cogs/analytics.py", line 652, in on_member_update
    before_timeout = before.timed_out_until
                     ^^^^^^^^^^^^^^^^^^^^^^
AttributeError: 'Member' object has no attribute 'timed_out_until'
Ignoring exception in on_member_update
Traceback (most recent call last):
  File "/usr/local/lib/python3.12/site-packages/discord/client.py", line 465, in _run_event
    await coro(*args, **kwargs)
  File "/app/asu_discord/cogs/analytics.py", line 652, in on_member_update
    before_timeout = before.timed_out_until
                     ^^^^^^^^^^^^^^^^^^^^^^
AttributeError: 'Member' object has no attribute 'timed_out_until'
Ignoring exception in on_member_update
Traceback (most recent call last):
  File "/usr/local/lib/python3.12/site-packages/discord/client.py", line 465, in _run_event
    await coro(*args, **kwargs)
  File "/app/asu_discord/cogs/analytics.py", line 652, in on_member_update
    before_timeout = before.timed_out_until
                     ^^^^^^^^^^^^^^^^^^^^^^
AttributeError: 'Member' object has no attribute 'timed_out_until'
Ignoring exception in on_member_update
Traceback (most recent call last):
  File "/usr/local/lib/python3.12/site-packages/discord/client.py", line 465, in _run_event
    await coro(*args, **kwargs)
  File "/app/asu_discord/cogs/analytics.py", line 652, in on_member_update
    before_timeout = before.timed_out_until
                     ^^^^^^^^^^^^^^^^^^^^^^
AttributeError: 'Member' object has no attribute 'timed_out_until'
Ignoring exception in on_member_update
Traceback (most recent call last):
  File "/usr/local/lib/python3.12/site-packages/discord/client.py", line 465, in _run_event
    await coro(*args, **kwargs)
  File "/app/asu_discord/cogs/analytics.py", line 652, in on_member_update
    before_timeout = before.timed_out_until
                     ^^^^^^^^^^^^^^^^^^^^^^
AttributeError: 'Member' object has no attribute 'timed_out_until'
INFO:asu_discord.cogs.verification:Saved 5 roles to database for user rfgutier (Discord ID: 1461561147227635774)
INFO:asu_discord.cogs.verification:Refreshed Salesforce roles for Discord user 1461561147227635774: -4/+5 roles, assigned=[Arizona Resident, First Generation Student, First Year, Tempe, W.P. Carey School of Business]
Ignoring exception in on_member_update
Traceback (most recent call last):
  File "/usr/local/lib/python3.12/site-packages/discord/client.py", line 465, in _run_event
    await coro(*args, **kwargs)
  File "/app/asu_discord/cogs/analytics.py", line 652, in on_member_update
    before_timeout = before.timed_out_until
                     ^^^^^^^^^^^^^^^^^^^^^^
AttributeError: 'Member' object has no attribute 'timed_out_until'
Ignoring exception in on_member_update
Traceback (most recent call last):
  File "/usr/local/lib/python3.12/site-packages/discord/client.py", line 465, in _run_event
    await coro(*args, **kwargs)
  File "/app/asu_discord/cogs/analytics.py", line 652, in on_member_update
    before_timeout = before.timed_out_until
                     ^^^^^^^^^^^^^^^^^^^^^^
AttributeError: 'Member' object has no attribute 'timed_out_until'
Ignoring exception in on_member_update
Traceback (most recent call last):
  File "/usr/local/lib/python3.12/site-packages/discord/client.py", line 465, in _run_event
    await coro(*args, **kwargs)
  File "/app/asu_discord/cogs/analytics.py", line 652, in on_member_update
    before_timeout = before.timed_out_until
                     ^^^^^^^^^^^^^^^^^^^^^^
AttributeError: 'Member' object has no attribute 'timed_out_until'
Ignoring exception in on_member_update
Traceback (most recent call last):
  File "/usr/local/lib/python3.12/site-packages/discord/client.py", line 465, in _run_event
    await coro(*args, **kwargs)
  File "/app/asu_discord/cogs/analytics.py", line 652, in on_member_update
    before_timeout = before.timed_out_until
                     ^^^^^^^^^^^^^^^^^^^^^^
AttributeError: 'Member' object has no attribute 'timed_out_until'
Ignoring exception in on_member_update
Traceback (most recent call last):
  File "/usr/local/lib/python3.12/site-packages/discord/client.py", line 465, in _run_event
    await coro(*args, **kwargs)
  File "/app/asu_discord/cogs/analytics.py", line 652, in on_member_update
    before_timeout = before.timed_out_until
                     ^^^^^^^^^^^^^^^^^^^^^^
AttributeError: 'Member' object has no attribute 'timed_out_until'
Ignoring exception in on_member_update
Traceback (most recent call last):
  File "/usr/local/lib/python3.12/site-packages/discord/client.py", line 465, in _run_event
    await coro(*args, **kwargs)
  File "/app/asu_discord/cogs/analytics.py", line 652, in on_member_update
    before_timeout = before.timed_out_until
                     ^^^^^^^^^^^^^^^^^^^^^^
AttributeError: 'Member' object has no attribute 'timed_out_until'
Ignoring exception in on_member_update
Traceback (most recent call last):
  File "/usr/local/lib/python3.12/site-packages/discord/client.py", line 465, in _run_event
    await coro(*args, **kwargs)
  File "/app/asu_discord/cogs/analytics.py", line 652, in on_member_update
    before_timeout = before.timed_out_until
                     ^^^^^^^^^^^^^^^^^^^^^^
AttributeError: 'Member' object has no attribute 'timed_out_until'
Ignoring exception in on_member_update
Traceback (most recent call last):
  File "/usr/local/lib/python3.12/site-packages/discord/client.py", line 465, in _run_event
    await coro(*args, **kwargs)
  File "/app/asu_discord/cogs/analytics.py", line 652, in on_member_update
    before_timeout = before.timed_out_until
                     ^^^^^^^^^^^^^^^^^^^^^^
AttributeError: 'Member' object has no attribute 'timed_out_until'
Ignoring exception in on_member_update
Traceback (most recent call last):
  File "/usr/local/lib/python3.12/site-packages/discord/client.py", line 465, in _run_event
    await coro(*args, **kwargs)
  File "/app/asu_discord/cogs/analytics.py", line 652, in on_member_update
    before_timeout = before.timed_out_until
                     ^^^^^^^^^^^^^^^^^^^^^^
AttributeError: 'Member' object has no attribute 'timed_out_until'
Ignoring exception in on_member_update
Traceback (most recent call last):
  File "/usr/local/lib/python3.12/site-packages/discord/client.py", line 465, in _run_event
    await coro(*args, **kwargs)
  File "/app/asu_discord/cogs/analytics.py", line 652, in on_member_update
    before_timeout = before.timed_out_until
                     ^^^^^^^^^^^^^^^^^^^^^^
AttributeError: 'Member' object has no attribute 'timed_out_until'
INFO:asu_discord.cogs.verification:Saved 5 roles to database for user okazamel (Discord ID: 566996563553943560)
INFO:asu_discord.cogs.verification:Refreshed Salesforce roles for Discord user 566996563553943560: -5/+4 roles, assigned=[Commited, First Year, Ira A. Fulton Schools of Engineering, Out of State, Tempe]
Ignoring exception in on_member_update
Traceback (most recent call last):
  File "/usr/local/lib/python3.12/site-packages/discord/client.py", line 465, in _run_event
    await coro(*args, **kwargs)
  File "/app/asu_discord/cogs/analytics.py", line 652, in on_member_update
    before_timeout = before.timed_out_until
                     ^^^^^^^^^^^^^^^^^^^^^^
AttributeError: 'Member' object has no attribute 'timed_out_until'
Ignoring exception in on_member_update
Traceback (most recent call last):
  File "/usr/local/lib/python3.12/site-packages/discord/client.py", line 465, in _run_event
    await coro(*args, **kwargs)
  File "/app/asu_discord/cogs/analytics.py", line 652, in on_member_update
    before_timeout = before.timed_out_until
                     ^^^^^^^^^^^^^^^^^^^^^^
AttributeError: 'Member' object has no attribute 'timed_out_until'
Ignoring exception in on_member_update
Traceback (most recent call last):
  File "/usr/local/lib/python3.12/site-packages/discord/client.py", line 465, in _run_event
    await coro(*args, **kwargs)
  File "/app/asu_discord/cogs/analytics.py", line 652, in on_member_update
    before_timeout = before.timed_out_until
                     ^^^^^^^^^^^^^^^^^^^^^^
AttributeError: 'Member' object has no attribute 'timed_out_until'
Ignoring exception in on_member_update
Traceback (most recent call last):
  File "/usr/local/lib/python3.12/site-packages/discord/client.py", line 465, in _run_event
    await coro(*args, **kwargs)
  File "/app/asu_discord/cogs/analytics.py", line 652, in on_member_update
    before_timeout = before.timed_out_until
                     ^^^^^^^^^^^^^^^^^^^^^^
AttributeError: 'Member' object has no attribute 'timed_out_until'
Ignoring exception in on_member_update
Traceback (most recent call last):
  File "/usr/local/lib/python3.12/site-packages/discord/client.py", line 465, in _run_event
    await coro(*args, **kwargs)
  File "/app/asu_discord/cogs/analytics.py", line 652, in on_member_update
    before_timeout = before.timed_out_until
                     ^^^^^^^^^^^^^^^^^^^^^^
AttributeError: 'Member' object has no attribute 'timed_out_until'
Ignoring exception in on_member_update
Traceback (most recent call last):
  File "/usr/local/lib/python3.12/site-packages/discord/client.py", line 465, in _run_event
    await coro(*args, **kwargs)
  File "/app/asu_discord/cogs/analytics.py", line 652, in on_member_update
    before_timeout = before.timed_out_until
                     ^^^^^^^^^^^^^^^^^^^^^^
AttributeError: 'Member' object has no attribute 'timed_out_until'
Ignoring exception in on_member_update
Traceback (most recent call last):
  File "/usr/local/lib/python3.12/site-packages/discord/client.py", line 465, in _run_event
    await coro(*args, **kwargs)
  File "/app/asu_discord/cogs/analytics.py", line 652, in on_member_update
    before_timeout = before.timed_out_until
                     ^^^^^^^^^^^^^^^^^^^^^^
AttributeError: 'Member' object has no attribute 'timed_out_until'
Ignoring exception in on_member_update
Traceback (most recent call last):
  File "/usr/local/lib/python3.12/site-packages/discord/client.py", line 465, in _run_event
    await coro(*args, **kwargs)
  File "/app/asu_discord/cogs/analytics.py", line 652, in on_member_update
    before_timeout = before.timed_out_until
                     ^^^^^^^^^^^^^^^^^^^^^^
AttributeError: 'Member' object has no attribute 'timed_out_until'
Ignoring exception in on_member_update
Traceback (most recent call last):
  File "/usr/local/lib/python3.12/site-packages/discord/client.py", line 465, in _run_event
    await coro(*args, **kwargs)
  File "/app/asu_discord/cogs/analytics.py", line 652, in on_member_update
    before_timeout = before.timed_out_until
                     ^^^^^^^^^^^^^^^^^^^^^^
AttributeError: 'Member' object has no attribute 'timed_out_until'
Ignoring exception in on_member_update
Traceback (most recent call last):
  File "/usr/local/lib/python3.12/site-packages/discord/client.py", line 465, in _run_event
    await coro(*args, **kwargs)
  File "/app/asu_discord/cogs/analytics.py", line 652, in on_member_update
    before_timeout = before.timed_out_until
                     ^^^^^^^^^^^^^^^^^^^^^^
AttributeError: 'Member' object has no attribute 'timed_out_until'
Ignoring exception in on_member_update
Traceback (most recent call last):
  File "/usr/local/lib/python3.12/site-packages/discord/client.py", line 465, in _run_event
    await coro(*args, **kwargs)
  File "/app/asu_discord/cogs/analytics.py", line 652, in on_member_update
    before_timeout = before.timed_out_until
                     ^^^^^^^^^^^^^^^^^^^^^^
AttributeError: 'Member' object has no attribute 'timed_out_until'
Ignoring exception in on_member_update
Traceback (most recent call last):
  File "/usr/local/lib/python3.12/site-packages/discord/client.py", line 465, in _run_event
    await coro(*args, **kwargs)
  File "/app/asu_discord/cogs/analytics.py", line 652, in on_member_update
    before_timeout = before.timed_out_until
                     ^^^^^^^^^^^^^^^^^^^^^^
AttributeError: 'Member' object has no attribute 'timed_out_until'
INFO:asu_discord.cogs.verification:Saved 6 roles to database for user eibarela (Discord ID: 763056273561878558)
INFO:asu_discord.cogs.verification:Refreshed Salesforce roles for Discord user 763056273561878558: -6/+6 roles, assigned=[Arizona Resident, College of Liberal Arts and Sciences, Commited, Tempe, Transfer Student, Upperclassmen]
Ignoring exception in on_member_update
Traceback (most recent call last):
  File "/usr/local/lib/python3.12/site-packages/discord/client.py", line 465, in _run_event
    await coro(*args, **kwargs)
  File "/app/asu_discord/cogs/analytics.py", line 652, in on_member_update
    before_timeout = before.timed_out_until
                     ^^^^^^^^^^^^^^^^^^^^^^
AttributeError: 'Member' object has no attribute 'timed_out_until'
Ignoring exception in on_member_update
Traceback (most recent call last):
  File "/usr/local/lib/python3.12/site-packages/discord/client.py", line 465, in _run_event
    await coro(*args, **kwargs)
  File "/app/asu_discord/cogs/analytics.py", line 652, in on_member_update
    before_timeout = before.timed_out_until
                     ^^^^^^^^^^^^^^^^^^^^^^
AttributeError: 'Member' object has no attribute 'timed_out_until'
Ignoring exception in on_member_update
Traceback (most recent call last):
  File "/usr/local/lib/python3.12/site-packages/discord/client.py", line 465, in _run_event
    await coro(*args, **kwargs)
  File "/app/asu_discord/cogs/analytics.py", line 652, in on_member_update
    before_timeout = before.timed_out_until
                     ^^^^^^^^^^^^^^^^^^^^^^
AttributeError: 'Member' object has no attribute 'timed_out_until'
Ignoring exception in on_member_update
Traceback (most recent call last):
  File "/usr/local/lib/python3.12/site-packages/discord/client.py", line 465, in _run_event
    await coro(*args, **kwargs)
  File "/app/asu_discord/cogs/analytics.py", line 652, in on_member_update
    before_timeout = before.timed_out_until
                     ^^^^^^^^^^^^^^^^^^^^^^
AttributeError: 'Member' object has no attribute 'timed_out_until'
Ignoring exception in on_member_update
Traceback (most recent call last):
  File "/usr/local/lib/python3.12/site-packages/discord/client.py", line 465, in _run_event
    await coro(*args, **kwargs)
  File "/app/asu_discord/cogs/analytics.py", line 652, in on_member_update
    before_timeout = before.timed_out_until
                     ^^^^^^^^^^^^^^^^^^^^^^
AttributeError: 'Member' object has no attribute 'timed_out_until'
Ignoring exception in on_member_update
Traceback (most recent call last):
  File "/usr/local/lib/python3.12/site-packages/discord/client.py", line 465, in _run_event
    await coro(*args, **kwargs)
  File "/app/asu_discord/cogs/analytics.py", line 652, in on_member_update
    before_timeout = before.timed_out_until
                     ^^^^^^^^^^^^^^^^^^^^^^
AttributeError: 'Member' object has no attribute 'timed_out_until'
Ignoring exception in on_member_update
Traceback (most recent call last):
  File "/usr/local/lib/python3.12/site-packages/discord/client.py", line 465, in _run_event
    await coro(*args, **kwargs)
  File "/app/asu_discord/cogs/analytics.py", line 652, in on_member_update
    before_timeout = before.timed_out_until
                     ^^^^^^^^^^^^^^^^^^^^^^
AttributeError: 'Member' object has no attribute 'timed_out_until'
Ignoring exception in on_member_update
Traceback (most recent call last):
  File "/usr/local/lib/python3.12/site-packages/discord/client.py", line 465, in _run_event
    await coro(*args, **kwargs)
  File "/app/asu_discord/cogs/analytics.py", line 652, in on_member_update
    before_timeout = before.timed_out_until
                     ^^^^^^^^^^^^^^^^^^^^^^
AttributeError: 'Member' object has no attribute 'timed_out_until'
INFO:asu_discord.cogs.verification:Saved 4 roles to database for user mgopalar (Discord ID: 1459156723653808205)
INFO:asu_discord.cogs.verification:Refreshed Salesforce roles for Discord user 1459156723653808205: -4/+4 roles, assigned=[Graduate Student, International Student, Ira A. Fulton Schools of Engineering, Polytechnic]
ERROR:cron.jobs:refresh_salesforce_roles: failed for ubyahut (Discord ID 721680373419081829): Failed to refresh Salesforce-based roles: Discord user 721680373419081829 is not a member of the guild
Ignoring exception in on_member_update
Traceback (most recent call last):
  File "/usr/local/lib/python3.12/site-packages/discord/client.py", line 465, in _run_event
    await coro(*args, **kwargs)
  File "/app/asu_discord/cogs/analytics.py", line 652, in on_member_update
    before_timeout = before.timed_out_until
                     ^^^^^^^^^^^^^^^^^^^^^^
AttributeError: 'Member' object has no attribute 'timed_out_until'
Ignoring exception in on_member_update
Traceback (most recent call last):
  File "/usr/local/lib/python3.12/site-packages/discord/client.py", line 465, in _run_event
    await coro(*args, **kwargs)
  File "/app/asu_discord/cogs/analytics.py", line 652, in on_member_update
    before_timeout = before.timed_out_until
                     ^^^^^^^^^^^^^^^^^^^^^^
AttributeError: 'Member' object has no attribute 'timed_out_until'
Ignoring exception in on_member_update
Traceback (most recent call last):
  File "/usr/local/lib/python3.12/site-packages/discord/client.py", line 465, in _run_event
    await coro(*args, **kwargs)
  File "/app/asu_discord/cogs/analytics.py", line 652, in on_member_update
    before_timeout = before.timed_out_until
                     ^^^^^^^^^^^^^^^^^^^^^^
AttributeError: 'Member' object has no attribute 'timed_out_until'
Ignoring exception in on_member_update
Traceback (most recent call last):
  File "/usr/local/lib/python3.12/site-packages/discord/client.py", line 465, in _run_event
    await coro(*args, **kwargs)
  File "/app/asu_discord/cogs/analytics.py", line 652, in on_member_update
    before_timeout = before.timed_out_until
                     ^^^^^^^^^^^^^^^^^^^^^^
AttributeError: 'Member' object has no attribute 'timed_out_until'
Ignoring exception in on_member_update
Traceback (most recent call last):
  File "/usr/local/lib/python3.12/site-packages/discord/client.py", line 465, in _run_event
    await coro(*args, **kwargs)
  File "/app/asu_discord/cogs/analytics.py", line 652, in on_member_update
    before_timeout = before.timed_out_until
                     ^^^^^^^^^^^^^^^^^^^^^^
AttributeError: 'Member' object has no attribute 'timed_out_until'
Ignoring exception in on_member_update
Traceback (most recent call last):
  File "/usr/local/lib/python3.12/site-packages/discord/client.py", line 465, in _run_event
    await coro(*args, **kwargs)
  File "/app/asu_discord/cogs/analytics.py", line 652, in on_member_update
    before_timeout = before.timed_out_until
                     ^^^^^^^^^^^^^^^^^^^^^^
AttributeError: 'Member' object has no attribute 'timed_out_until'
Ignoring exception in on_member_update
Traceback (most recent call last):
  File "/usr/local/lib/python3.12/site-packages/discord/client.py", line 465, in _run_event
    await coro(*args, **kwargs)
  File "/app/asu_discord/cogs/analytics.py", line 652, in on_member_update
    before_timeout = before.timed_out_until
                     ^^^^^^^^^^^^^^^^^^^^^^
AttributeError: 'Member' object has no attribute 'timed_out_until'
Ignoring exception in on_member_update
Traceback (most recent call last):
  File "/usr/local/lib/python3.12/site-packages/discord/client.py", line 465, in _run_event
    await coro(*args, **kwargs)
  File "/app/asu_discord/cogs/analytics.py", line 652, in on_member_update
    before_timeout = before.timed_out_until
                     ^^^^^^^^^^^^^^^^^^^^^^
AttributeError: 'Member' object has no attribute 'timed_out_until'
Ignoring exception in on_member_update
Traceback (most recent call last):
  File "/usr/local/lib/python3.12/site-packages/discord/client.py", line 465, in _run_event
    await coro(*args, **kwargs)
  File "/app/asu_discord/cogs/analytics.py", line 652, in on_member_update
    before_timeout = before.timed_out_until
                     ^^^^^^^^^^^^^^^^^^^^^^
AttributeError: 'Member' object has no attribute 'timed_out_until'
Ignoring exception in on_member_update
Traceback (most recent call last):
  File "/usr/local/lib/python3.12/site-packages/discord/client.py", line 465, in _run_event
    await coro(*args, **kwargs)
  File "/app/asu_discord/cogs/analytics.py", line 652, in on_member_update
    before_timeout = before.timed_out_until
                     ^^^^^^^^^^^^^^^^^^^^^^
AttributeError: 'Member' object has no attribute 'timed_out_until'
INFO:asu_discord.cogs.verification:Saved 5 roles to database for user apeck125 (Discord ID: 534249930970103828)
INFO:asu_discord.cogs.verification:Refreshed Salesforce roles for Discord user 534249930970103828: -5/+5 roles, assigned=[Arizona Resident, College of Liberal Arts and Sciences, First Generation Student, First Year, Tempe]
Ignoring exception in on_member_update
Traceback (most recent call last):
  File "/usr/local/lib/python3.12/site-packages/discord/client.py", line 465, in _run_event
    await coro(*args, **kwargs)
  File "/app/asu_discord/cogs/analytics.py", line 652, in on_member_update
    before_timeout = before.timed_out_until
                     ^^^^^^^^^^^^^^^^^^^^^^
AttributeError: 'Member' object has no attribute 'timed_out_until'
Ignoring exception in on_member_update
Traceback (most recent call last):
  File "/usr/local/lib/python3.12/site-packages/discord/client.py", line 465, in _run_event
    await coro(*args, **kwargs)
  File "/app/asu_discord/cogs/analytics.py", line 652, in on_member_update
    before_timeout = before.timed_out_until
                     ^^^^^^^^^^^^^^^^^^^^^^
AttributeError: 'Member' object has no attribute 'timed_out_until'
Ignoring exception in on_member_update
Traceback (most recent call last):
  File "/usr/local/lib/python3.12/site-packages/discord/client.py", line 465, in _run_event
    await coro(*args, **kwargs)
  File "/app/asu_discord/cogs/analytics.py", line 652, in on_member_update
    before_timeout = before.timed_out_until
                     ^^^^^^^^^^^^^^^^^^^^^^
AttributeError: 'Member' object has no attribute 'timed_out_until'
Ignoring exception in on_member_update
Traceback (most recent call last):
  File "/usr/local/lib/python3.12/site-packages/discord/client.py", line 465, in _run_event
    await coro(*args, **kwargs)
  File "/app/asu_discord/cogs/analytics.py", line 652, in on_member_update
    before_timeout = before.timed_out_until
                     ^^^^^^^^^^^^^^^^^^^^^^
AttributeError: 'Member' object has no attribute 'timed_out_until'
Ignoring exception in on_member_update
Traceback (most recent call last):
  File "/usr/local/lib/python3.12/site-packages/discord/client.py", line 465, in _run_event
    await coro(*args, **kwargs)
  File "/app/asu_discord/cogs/analytics.py", line 652, in on_member_update
    before_timeout = before.timed_out_until
                     ^^^^^^^^^^^^^^^^^^^^^^
AttributeError: 'Member' object has no attribute 'timed_out_until'
Ignoring exception in on_member_update
Traceback (most recent call last):
  File "/usr/local/lib/python3.12/site-packages/discord/client.py", line 465, in _run_event
    await coro(*args, **kwargs)
  File "/app/asu_discord/cogs/analytics.py", line 652, in on_member_update
    before_timeout = before.timed_out_until
                     ^^^^^^^^^^^^^^^^^^^^^^
AttributeError: 'Member' object has no attribute 'timed_out_until'
Ignoring exception in on_member_update
Traceback (most recent call last):
  File "/usr/local/lib/python3.12/site-packages/discord/client.py", line 465, in _run_event
    await coro(*args, **kwargs)
  File "/app/asu_discord/cogs/analytics.py", line 652, in on_member_update
    before_timeout = before.timed_out_until
                     ^^^^^^^^^^^^^^^^^^^^^^
AttributeError: 'Member' object has no attribute 'timed_out_until'
Ignoring exception in on_member_update
Traceback (most recent call last):
  File "/usr/local/lib/python3.12/site-packages/discord/client.py", line 465, in _run_event
    await coro(*args, **kwargs)
  File "/app/asu_discord/cogs/analytics.py", line 652, in on_member_update
    before_timeout = before.timed_out_until
                     ^^^^^^^^^^^^^^^^^^^^^^
AttributeError: 'Member' object has no attribute 'timed_out_until'
Ignoring exception in on_member_update
Traceback (most recent call last):
  File "/usr/local/lib/python3.12/site-packages/discord/client.py", line 465, in _run_event
    await coro(*args, **kwargs)
  File "/app/asu_discord/cogs/analytics.py", line 652, in on_member_update
    before_timeout = before.timed_out_until
                     ^^^^^^^^^^^^^^^^^^^^^^
AttributeError: 'Member' object has no attribute 'timed_out_until'
Ignoring exception in on_member_update
Traceback (most recent call last):
  File "/usr/local/lib/python3.12/site-packages/discord/client.py", line 465, in _run_event
    await coro(*args, **kwargs)
  File "/app/asu_discord/cogs/analytics.py", line 652, in on_member_update
    before_timeout = before.timed_out_until
                     ^^^^^^^^^^^^^^^^^^^^^^
AttributeError: 'Member' object has no attribute 'timed_out_until'
INFO:asu_discord.cogs.verification:Saved 5 roles to database for user malzuba2 (Discord ID: 535546517642149898)
INFO:asu_discord.cogs.verification:Refreshed Salesforce roles for Discord user 535546517642149898: -5/+5 roles, assigned=[Commited, First Year, International Student, Ira A. Fulton Schools of Engineering, Polytechnic]
Ignoring exception in on_member_update
Traceback (most recent call last):
  File "/usr/local/lib/python3.12/site-packages/discord/client.py", line 465, in _run_event
    await coro(*args, **kwargs)
  File "/app/asu_discord/cogs/analytics.py", line 652, in on_member_update
    before_timeout = before.timed_out_until
                     ^^^^^^^^^^^^^^^^^^^^^^
AttributeError: 'Member' object has no attribute 'timed_out_until'
Ignoring exception in on_member_update
Traceback (most recent call last):
  File "/usr/local/lib/python3.12/site-packages/discord/client.py", line 465, in _run_event
    await coro(*args, **kwargs)
  File "/app/asu_discord/cogs/analytics.py", line 652, in on_member_update
    before_timeout = before.timed_out_until
                     ^^^^^^^^^^^^^^^^^^^^^^
AttributeError: 'Member' object has no attribute 'timed_out_until'
Ignoring exception in on_member_update
Traceback (most recent call last):
  File "/usr/local/lib/python3.12/site-packages/discord/client.py", line 465, in _run_event
    await coro(*args, **kwargs)
  File "/app/asu_discord/cogs/analytics.py", line 652, in on_member_update
    before_timeout = before.timed_out_until
                     ^^^^^^^^^^^^^^^^^^^^^^
AttributeError: 'Member' object has no attribute 'timed_out_until'
Ignoring exception in on_member_update
Traceback (most recent call last):
  File "/usr/local/lib/python3.12/site-packages/discord/client.py", line 465, in _run_event
    await coro(*args, **kwargs)
  File "/app/asu_discord/cogs/analytics.py", line 652, in on_member_update
    before_timeout = before.timed_out_until
                     ^^^^^^^^^^^^^^^^^^^^^^
AttributeError: 'Member' object has no attribute 'timed_out_until'
Ignoring exception in on_member_update
Traceback (most recent call last):
  File "/usr/local/lib/python3.12/site-packages/discord/client.py", line 465, in _run_event
    await coro(*args, **kwargs)
  File "/app/asu_discord/cogs/analytics.py", line 652, in on_member_update
    before_timeout = before.timed_out_until
                     ^^^^^^^^^^^^^^^^^^^^^^
AttributeError: 'Member' object has no attribute 'timed_out_until'
Ignoring exception in on_member_update
Traceback (most recent call last):
  File "/usr/local/lib/python3.12/site-packages/discord/client.py", line 465, in _run_event
    await coro(*args, **kwargs)
  File "/app/asu_discord/cogs/analytics.py", line 652, in on_member_update
    before_timeout = before.timed_out_until
                     ^^^^^^^^^^^^^^^^^^^^^^
AttributeError: 'Member' object has no attribute 'timed_out_until'
Ignoring exception in on_member_update
Traceback (most recent call last):
  File "/usr/local/lib/python3.12/site-packages/discord/client.py", line 465, in _run_event
    await coro(*args, **kwargs)
  File "/app/asu_discord/cogs/analytics.py", line 652, in on_member_update
    before_timeout = before.timed_out_until
                     ^^^^^^^^^^^^^^^^^^^^^^
AttributeError: 'Member' object has no attribute 'timed_out_until'
Ignoring exception in on_member_update
Traceback (most recent call last):
  File "/usr/local/lib/python3.12/site-packages/discord/client.py", line 465, in _run_event
    await coro(*args, **kwargs)
  File "/app/asu_discord/cogs/analytics.py", line 652, in on_member_update
    before_timeout = before.timed_out_until
                     ^^^^^^^^^^^^^^^^^^^^^^
AttributeError: 'Member' object has no attribute 'timed_out_until'
Ignoring exception in on_member_update
Traceback (most recent call last):
  File "/usr/local/lib/python3.12/site-packages/discord/client.py", line 465, in _run_event
    await coro(*args, **kwargs)
  File "/app/asu_discord/cogs/analytics.py", line 652, in on_member_update
    before_timeout = before.timed_out_until
                     ^^^^^^^^^^^^^^^^^^^^^^
AttributeError: 'Member' object has no attribute 'timed_out_until'
Ignoring exception in on_member_update
Traceback (most recent call last):
  File "/usr/local/lib/python3.12/site-packages/discord/client.py", line 465, in _run_event
    await coro(*args, **kwargs)
  File "/app/asu_discord/cogs/analytics.py", line 652, in on_member_update
    before_timeout = before.timed_out_until
                     ^^^^^^^^^^^^^^^^^^^^^^
AttributeError: 'Member' object has no attribute 'timed_out_until'
INFO:asu_discord.cogs.verification:Saved 5 roles to database for user mbvelas1 (Discord ID: 718984416608911400)
INFO:asu_discord.cogs.verification:Refreshed Salesforce roles for Discord user 718984416608911400: -5/+5 roles, assigned=[Arizona Resident, College of Liberal Arts and Sciences, Commited, First Year, Tempe]
Ignoring exception in on_member_update
Traceback (most recent call last):
  File "/usr/local/lib/python3.12/site-packages/discord/client.py", line 465, in _run_event
    await coro(*args, **kwargs)
  File "/app/asu_discord/cogs/analytics.py", line 652, in on_member_update
    before_timeout = before.timed_out_until
                     ^^^^^^^^^^^^^^^^^^^^^^
AttributeError: 'Member' object has no attribute 'timed_out_until'
Ignoring exception in on_member_update
Traceback (most recent call last):
  File "/usr/local/lib/python3.12/site-packages/discord/client.py", line 465, in _run_event
    await coro(*args, **kwargs)
  File "/app/asu_discord/cogs/analytics.py", line 652, in on_member_update
    before_timeout = before.timed_out_until
                     ^^^^^^^^^^^^^^^^^^^^^^
AttributeError: 'Member' object has no attribute 'timed_out_until'
Ignoring exception in on_member_update
Traceback (most recent call last):
  File "/usr/local/lib/python3.12/site-packages/discord/client.py", line 465, in _run_event
    await coro(*args, **kwargs)
  File "/app/asu_discord/cogs/analytics.py", line 652, in on_member_update
    before_timeout = before.timed_out_until
                     ^^^^^^^^^^^^^^^^^^^^^^
AttributeError: 'Member' object has no attribute 'timed_out_until'
Ignoring exception in on_member_update
Traceback (most recent call last):
  File "/usr/local/lib/python3.12/site-packages/discord/client.py", line 465, in _run_event
    await coro(*args, **kwargs)
  File "/app/asu_discord/cogs/analytics.py", line 652, in on_member_update
    before_timeout = before.timed_out_until
                     ^^^^^^^^^^^^^^^^^^^^^^
AttributeError: 'Member' object has no attribute 'timed_out_until'
Ignoring exception in on_member_update
Traceback (most recent call last):
  File "/usr/local/lib/python3.12/site-packages/discord/client.py", line 465, in _run_event
    await coro(*args, **kwargs)
  File "/app/asu_discord/cogs/analytics.py", line 652, in on_member_update
    before_timeout = before.timed_out_until
                     ^^^^^^^^^^^^^^^^^^^^^^
AttributeError: 'Member' object has no attribute 'timed_out_until'
Ignoring exception in on_member_update
Traceback (most recent call last):
  File "/usr/local/lib/python3.12/site-packages/discord/client.py", line 465, in _run_event
    await coro(*args, **kwargs)
  File "/app/asu_discord/cogs/analytics.py", line 652, in on_member_update
    before_timeout = before.timed_out_until
                     ^^^^^^^^^^^^^^^^^^^^^^
AttributeError: 'Member' object has no attribute 'timed_out_until'
Ignoring exception in on_member_update
Traceback (most recent call last):
  File "/usr/local/lib/python3.12/site-packages/discord/client.py", line 465, in _run_event
    await coro(*args, **kwargs)
  File "/app/asu_discord/cogs/analytics.py", line 652, in on_member_update
    before_timeout = before.timed_out_until
                     ^^^^^^^^^^^^^^^^^^^^^^
AttributeError: 'Member' object has no attribute 'timed_out_until'
Ignoring exception in on_member_update
Traceback (most recent call last):
  File "/usr/local/lib/python3.12/site-packages/discord/client.py", line 465, in _run_event
    await coro(*args, **kwargs)
  File "/app/asu_discord/cogs/analytics.py", line 652, in on_member_update
    before_timeout = before.timed_out_until
                     ^^^^^^^^^^^^^^^^^^^^^^
AttributeError: 'Member' object has no attribute 'timed_out_until'
INFO:asu_discord.cogs.verification:Saved 4 roles to database for user amalali7 (Discord ID: 1461820678226444455)
INFO:asu_discord.cogs.verification:Refreshed Salesforce roles for Discord user 1461820678226444455: -4/+4 roles, assigned=[Commited, First Year, Tempe, W.P. Carey School of Business]
Ignoring exception in on_member_update
Traceback (most recent call last):
  File "/usr/local/lib/python3.12/site-packages/discord/client.py", line 465, in _run_event
    await coro(*args, **kwargs)
  File "/app/asu_discord/cogs/analytics.py", line 652, in on_member_update
    before_timeout = before.timed_out_until
                     ^^^^^^^^^^^^^^^^^^^^^^
AttributeError: 'Member' object has no attribute 'timed_out_until'
Ignoring exception in on_member_update
Traceback (most recent call last):
  File "/usr/local/lib/python3.12/site-packages/discord/client.py", line 465, in _run_event
    await coro(*args, **kwargs)
  File "/app/asu_discord/cogs/analytics.py", line 652, in on_member_update
    before_timeout = before.timed_out_until
                     ^^^^^^^^^^^^^^^^^^^^^^
AttributeError: 'Member' object has no attribute 'timed_out_until'
Ignoring exception in on_member_update
Traceback (most recent call last):
  File "/usr/local/lib/python3.12/site-packages/discord/client.py", line 465, in _run_event
    await coro(*args, **kwargs)
  File "/app/asu_discord/cogs/analytics.py", line 652, in on_member_update
    before_timeout = before.timed_out_until
                     ^^^^^^^^^^^^^^^^^^^^^^
AttributeError: 'Member' object has no attribute 'timed_out_until'
Ignoring exception in on_member_update
Traceback (most recent call last):
  File "/usr/local/lib/python3.12/site-packages/discord/client.py", line 465, in _run_event
    await coro(*args, **kwargs)
  File "/app/asu_discord/cogs/analytics.py", line 652, in on_member_update
    before_timeout = before.timed_out_until
                     ^^^^^^^^^^^^^^^^^^^^^^
AttributeError: 'Member' object has no attribute 'timed_out_until'
Ignoring exception in on_member_update
Traceback (most recent call last):
  File "/usr/local/lib/python3.12/site-packages/discord/client.py", line 465, in _run_event
    await coro(*args, **kwargs)
  File "/app/asu_discord/cogs/analytics.py", line 652, in on_member_update
    before_timeout = before.timed_out_until
                     ^^^^^^^^^^^^^^^^^^^^^^
AttributeError: 'Member' object has no attribute 'timed_out_until'
Ignoring exception in on_member_update
Traceback (most recent call last):
  File "/usr/local/lib/python3.12/site-packages/discord/client.py", line 465, in _run_event
    await coro(*args, **kwargs)
  File "/app/asu_discord/cogs/analytics.py", line 652, in on_member_update
    before_timeout = before.timed_out_until
                     ^^^^^^^^^^^^^^^^^^^^^^
AttributeError: 'Member' object has no attribute 'timed_out_until'
Ignoring exception in on_member_update
Traceback (most recent call last):
  File "/usr/local/lib/python3.12/site-packages/discord/client.py", line 465, in _run_event
    await coro(*args, **kwargs)
  File "/app/asu_discord/cogs/analytics.py", line 652, in on_member_update
    before_timeout = before.timed_out_until
                     ^^^^^^^^^^^^^^^^^^^^^^
AttributeError: 'Member' object has no attribute 'timed_out_until'
Ignoring exception in on_member_update
Traceback (most recent call last):
  File "/usr/local/lib/python3.12/site-packages/discord/client.py", line 465, in _run_event
    await coro(*args, **kwargs)
  File "/app/asu_discord/cogs/analytics.py", line 652, in on_member_update
    before_timeout = before.timed_out_until
                     ^^^^^^^^^^^^^^^^^^^^^^
AttributeError: 'Member' object has no attribute 'timed_out_until'
INFO:asu_discord.cogs.verification:Saved 4 roles to database for user sxjacobo (Discord ID: 766010251773739059)
INFO:asu_discord.cogs.verification:Refreshed Salesforce roles for Discord user 766010251773739059: -4/+4 roles, assigned=[Arizona Resident, First Year, Tempe, W.P. Carey School of Business]
ERROR:cron.jobs:refresh_salesforce_roles: failed for jnuttal4 (Discord ID 659823850854416404): Failed to refresh Salesforce-based roles: Discord user 659823850854416404 is not a member of the guild
Ignoring exception in on_member_update
Traceback (most recent call last):
  File "/usr/local/lib/python3.12/site-packages/discord/client.py", line 465, in _run_event
    await coro(*args, **kwargs)
  File "/app/asu_discord/cogs/analytics.py", line 652, in on_member_update
    before_timeout = before.timed_out_until
                     ^^^^^^^^^^^^^^^^^^^^^^
AttributeError: 'Member' object has no attribute 'timed_out_until'
Ignoring exception in on_member_update
Traceback (most recent call last):
  File "/usr/local/lib/python3.12/site-packages/discord/client.py", line 465, in _run_event
    await coro(*args, **kwargs)
  File "/app/asu_discord/cogs/analytics.py", line 652, in on_member_update
    before_timeout = before.timed_out_until
                     ^^^^^^^^^^^^^^^^^^^^^^
AttributeError: 'Member' object has no attribute 'timed_out_until'
Ignoring exception in on_member_update
Traceback (most recent call last):
  File "/usr/local/lib/python3.12/site-packages/discord/client.py", line 465, in _run_event
    await coro(*args, **kwargs)
  File "/app/asu_discord/cogs/analytics.py", line 652, in on_member_update
    before_timeout = before.timed_out_until
                     ^^^^^^^^^^^^^^^^^^^^^^
AttributeError: 'Member' object has no attribute 'timed_out_until'
Ignoring exception in on_member_update
Traceback (most recent call last):
  File "/usr/local/lib/python3.12/site-packages/discord/client.py", line 465, in _run_event
    await coro(*args, **kwargs)
  File "/app/asu_discord/cogs/analytics.py", line 652, in on_member_update
    before_timeout = before.timed_out_until
                     ^^^^^^^^^^^^^^^^^^^^^^
AttributeError: 'Member' object has no attribute 'timed_out_until'
Ignoring exception in on_member_update
Traceback (most recent call last):
  File "/usr/local/lib/python3.12/site-packages/discord/client.py", line 465, in _run_event
    await coro(*args, **kwargs)
  File "/app/asu_discord/cogs/analytics.py", line 652, in on_member_update
    before_timeout = before.timed_out_until
                     ^^^^^^^^^^^^^^^^^^^^^^
AttributeError: 'Member' object has no attribute 'timed_out_until'
Ignoring exception in on_member_update
Traceback (most recent call last):
  File "/usr/local/lib/python3.12/site-packages/discord/client.py", line 465, in _run_event
    await coro(*args, **kwargs)
  File "/app/asu_discord/cogs/analytics.py", line 652, in on_member_update
    before_timeout = before.timed_out_until
                     ^^^^^^^^^^^^^^^^^^^^^^
AttributeError: 'Member' object has no attribute 'timed_out_until'
Ignoring exception in on_member_update
Traceback (most recent call last):
  File "/usr/local/lib/python3.12/site-packages/discord/client.py", line 465, in _run_event
    await coro(*args, **kwargs)
  File "/app/asu_discord/cogs/analytics.py", line 652, in on_member_update
    before_timeout = before.timed_out_until
                     ^^^^^^^^^^^^^^^^^^^^^^
AttributeError: 'Member' object has no attribute 'timed_out_until'
Ignoring exception in on_member_update
Traceback (most recent call last):
  File "/usr/local/lib/python3.12/site-packages/discord/client.py", line 465, in _run_event
    await coro(*args, **kwargs)
  File "/app/asu_discord/cogs/analytics.py", line 652, in on_member_update
    before_timeout = before.timed_out_until
                     ^^^^^^^^^^^^^^^^^^^^^^
AttributeError: 'Member' object has no attribute 'timed_out_until'
Ignoring exception in on_member_update
Traceback (most recent call last):
  File "/usr/local/lib/python3.12/site-packages/discord/client.py", line 465, in _run_event
    await coro(*args, **kwargs)
  File "/app/asu_discord/cogs/analytics.py", line 652, in on_member_update
    before_timeout = before.timed_out_until
                     ^^^^^^^^^^^^^^^^^^^^^^
AttributeError: 'Member' object has no attribute 'timed_out_until'
Ignoring exception in on_member_update
Traceback (most recent call last):
  File "/usr/local/lib/python3.12/site-packages/discord/client.py", line 465, in _run_event
    await coro(*args, **kwargs)
  File "/app/asu_discord/cogs/analytics.py", line 652, in on_member_update
    before_timeout = before.timed_out_until
                     ^^^^^^^^^^^^^^^^^^^^^^
AttributeError: 'Member' object has no attribute 'timed_out_until'
INFO:asu_discord.cogs.verification:Saved 5 roles to database for user ssando59 (Discord ID: 1461822497606471794)
INFO:asu_discord.cogs.verification:Refreshed Salesforce roles for Discord user 1461822497606471794: -5/+5 roles, assigned=[Downtown Phoenix, First Generation Student, First Year, Out of State, Watts College of Public Service and Community Solutions]
Ignoring exception in on_member_update
Traceback (most recent call last):
  File "/usr/local/lib/python3.12/site-packages/discord/client.py", line 465, in _run_event
    await coro(*args, **kwargs)
  File "/app/asu_discord/cogs/analytics.py", line 652, in on_member_update
    before_timeout = before.timed_out_until
                     ^^^^^^^^^^^^^^^^^^^^^^
AttributeError: 'Member' object has no attribute 'timed_out_until'
Ignoring exception in on_member_update
Traceback (most recent call last):
  File "/usr/local/lib/python3.12/site-packages/discord/client.py", line 465, in _run_event
    await coro(*args, **kwargs)
  File "/app/asu_discord/cogs/analytics.py", line 652, in on_member_update
    before_timeout = before.timed_out_until
                     ^^^^^^^^^^^^^^^^^^^^^^
AttributeError: 'Member' object has no attribute 'timed_out_until'
Ignoring exception in on_member_update
Traceback (most recent call last):
  File "/usr/local/lib/python3.12/site-packages/discord/client.py", line 465, in _run_event
    await coro(*args, **kwargs)
  File "/app/asu_discord/cogs/analytics.py", line 652, in on_member_update
    before_timeout = before.timed_out_until
                     ^^^^^^^^^^^^^^^^^^^^^^
AttributeError: 'Member' object has no attribute 'timed_out_until'
Ignoring exception in on_member_update
Traceback (most recent call last):
  File "/usr/local/lib/python3.12/site-packages/discord/client.py", line 465, in _run_event
    await coro(*args, **kwargs)
  File "/app/asu_discord/cogs/analytics.py", line 652, in on_member_update
    before_timeout = before.timed_out_until
                     ^^^^^^^^^^^^^^^^^^^^^^
AttributeError: 'Member' object has no attribute 'timed_out_until'
Ignoring exception in on_member_update
Traceback (most recent call last):
  File "/usr/local/lib/python3.12/site-packages/discord/client.py", line 465, in _run_event
    await coro(*args, **kwargs)
  File "/app/asu_discord/cogs/analytics.py", line 652, in on_member_update
    before_timeout = before.timed_out_until
                     ^^^^^^^^^^^^^^^^^^^^^^
AttributeError: 'Member' object has no attribute 'timed_out_until'
Ignoring exception in on_member_update
Traceback (most recent call last):
  File "/usr/local/lib/python3.12/site-packages/discord/client.py", line 465, in _run_event
    await coro(*args, **kwargs)
  File "/app/asu_discord/cogs/analytics.py", line 652, in on_member_update
    before_timeout = before.timed_out_until
                     ^^^^^^^^^^^^^^^^^^^^^^
AttributeError: 'Member' object has no attribute 'timed_out_until'
Ignoring exception in on_member_update
Traceback (most recent call last):
  File "/usr/local/lib/python3.12/site-packages/discord/client.py", line 465, in _run_event
    await coro(*args, **kwargs)
  File "/app/asu_discord/cogs/analytics.py", line 652, in on_member_update
    before_timeout = before.timed_out_until
                     ^^^^^^^^^^^^^^^^^^^^^^
AttributeError: 'Member' object has no attribute 'timed_out_until'
Ignoring exception in on_member_update
Traceback (most recent call last):
  File "/usr/local/lib/python3.12/site-packages/discord/client.py", line 465, in _run_event
    await coro(*args, **kwargs)
  File "/app/asu_discord/cogs/analytics.py", line 652, in on_member_update
    before_timeout = before.timed_out_until
                     ^^^^^^^^^^^^^^^^^^^^^^
AttributeError: 'Member' object has no attribute 'timed_out_until'
Ignoring exception in on_member_update
Traceback (most recent call last):
  File "/usr/local/lib/python3.12/site-packages/discord/client.py", line 465, in _run_event
    await coro(*args, **kwargs)
  File "/app/asu_discord/cogs/analytics.py", line 652, in on_member_update
    before_timeout = before.timed_out_until
                     ^^^^^^^^^^^^^^^^^^^^^^
AttributeError: 'Member' object has no attribute 'timed_out_until'
INFO:asu_discord.cogs.verification:Saved 5 roles to database for user rpkilaru (Discord ID: 706511295217795093)
INFO:asu_discord.cogs.verification:Refreshed Salesforce roles for Discord user 706511295217795093: -4/+5 roles, assigned=[Arizona Resident, Commited, First Year, Ira A. Fulton Schools of Engineering, Tempe]
Ignoring exception in on_member_update
Traceback (most recent call last):
  File "/usr/local/lib/python3.12/site-packages/discord/client.py", line 465, in _run_event
    await coro(*args, **kwargs)
  File "/app/asu_discord/cogs/analytics.py", line 652, in on_member_update
    before_timeout = before.timed_out_until
                     ^^^^^^^^^^^^^^^^^^^^^^
AttributeError: 'Member' object has no attribute 'timed_out_until'
Ignoring exception in on_member_update
Traceback (most recent call last):
  File "/usr/local/lib/python3.12/site-packages/discord/client.py", line 465, in _run_event
    await coro(*args, **kwargs)
  File "/app/asu_discord/cogs/analytics.py", line 652, in on_member_update
    before_timeout = before.timed_out_until
                     ^^^^^^^^^^^^^^^^^^^^^^
AttributeError: 'Member' object has no attribute 'timed_out_until'
Ignoring exception in on_member_update
Traceback (most recent call last):
  File "/usr/local/lib/python3.12/site-packages/discord/client.py", line 465, in _run_event
    await coro(*args, **kwargs)
  File "/app/asu_discord/cogs/analytics.py", line 652, in on_member_update
    before_timeout = before.timed_out_until
                     ^^^^^^^^^^^^^^^^^^^^^^
AttributeError: 'Member' object has no attribute 'timed_out_until'
Ignoring exception in on_member_update
Traceback (most recent call last):
  File "/usr/local/lib/python3.12/site-packages/discord/client.py", line 465, in _run_event
    await coro(*args, **kwargs)
  File "/app/asu_discord/cogs/analytics.py", line 652, in on_member_update
    before_timeout = before.timed_out_until
                     ^^^^^^^^^^^^^^^^^^^^^^
AttributeError: 'Member' object has no attribute 'timed_out_until'
Ignoring exception in on_member_update
Traceback (most recent call last):
  File "/usr/local/lib/python3.12/site-packages/discord/client.py", line 465, in _run_event
    await coro(*args, **kwargs)
  File "/app/asu_discord/cogs/analytics.py", line 652, in on_member_update
    before_timeout = before.timed_out_until
                     ^^^^^^^^^^^^^^^^^^^^^^
AttributeError: 'Member' object has no attribute 'timed_out_until'
Ignoring exception in on_member_update
Traceback (most recent call last):
  File "/usr/local/lib/python3.12/site-packages/discord/client.py", line 465, in _run_event
    await coro(*args, **kwargs)
  File "/app/asu_discord/cogs/analytics.py", line 652, in on_member_update
    before_timeout = before.timed_out_until
                     ^^^^^^^^^^^^^^^^^^^^^^
AttributeError: 'Member' object has no attribute 'timed_out_until'
Ignoring exception in on_member_update
Traceback (most recent call last):
  File "/usr/local/lib/python3.12/site-packages/discord/client.py", line 465, in _run_event
    await coro(*args, **kwargs)
  File "/app/asu_discord/cogs/analytics.py", line 652, in on_member_update
    before_timeout = before.timed_out_until
                     ^^^^^^^^^^^^^^^^^^^^^^
AttributeError: 'Member' object has no attribute 'timed_out_until'
INFO:asu_discord.cogs.verification:Saved 4 roles to database for user llope171 (Discord ID: 659135505002135556)
INFO:asu_discord.cogs.verification:Refreshed Salesforce roles for Discord user 659135505002135556: -3/+4 roles, assigned=[Arizona Resident, First Year, Ira A. Fulton Schools of Engineering, Polytechnic]
Ignoring exception in on_member_update
Traceback (most recent call last):
  File "/usr/local/lib/python3.12/site-packages/discord/client.py", line 465, in _run_event
    await coro(*args, **kwargs)
  File "/app/asu_discord/cogs/analytics.py", line 652, in on_member_update
    before_timeout = before.timed_out_until
                     ^^^^^^^^^^^^^^^^^^^^^^
AttributeError: 'Member' object has no attribute 'timed_out_until'
Ignoring exception in on_member_update
Traceback (most recent call last):
  File "/usr/local/lib/python3.12/site-packages/discord/client.py", line 465, in _run_event
    await coro(*args, **kwargs)
  File "/app/asu_discord/cogs/analytics.py", line 652, in on_member_update
    before_timeout = before.timed_out_until
                     ^^^^^^^^^^^^^^^^^^^^^^
AttributeError: 'Member' object has no attribute 'timed_out_until'
Ignoring exception in on_member_update
Traceback (most recent call last):
  File "/usr/local/lib/python3.12/site-packages/discord/client.py", line 465, in _run_event
    await coro(*args, **kwargs)
  File "/app/asu_discord/cogs/analytics.py", line 652, in on_member_update
    before_timeout = before.timed_out_until
                     ^^^^^^^^^^^^^^^^^^^^^^
AttributeError: 'Member' object has no attribute 'timed_out_until'
Ignoring exception in on_member_update
Traceback (most recent call last):
  File "/usr/local/lib/python3.12/site-packages/discord/client.py", line 465, in _run_event
    await coro(*args, **kwargs)
  File "/app/asu_discord/cogs/analytics.py", line 652, in on_member_update
    before_timeout = before.timed_out_until
                     ^^^^^^^^^^^^^^^^^^^^^^
AttributeError: 'Member' object has no attribute 'timed_out_until'
Ignoring exception in on_member_update
Traceback (most recent call last):
  File "/usr/local/lib/python3.12/site-packages/discord/client.py", line 465, in _run_event
    await coro(*args, **kwargs)
  File "/app/asu_discord/cogs/analytics.py", line 652, in on_member_update
    before_timeout = before.timed_out_until
                     ^^^^^^^^^^^^^^^^^^^^^^
AttributeError: 'Member' object has no attribute 'timed_out_until'
Ignoring exception in on_member_update
Traceback (most recent call last):
  File "/usr/local/lib/python3.12/site-packages/discord/client.py", line 465, in _run_event
    await coro(*args, **kwargs)
  File "/app/asu_discord/cogs/analytics.py", line 652, in on_member_update
    before_timeout = before.timed_out_until
                     ^^^^^^^^^^^^^^^^^^^^^^
AttributeError: 'Member' object has no attribute 'timed_out_until'
Ignoring exception in on_member_update
Traceback (most recent call last):
  File "/usr/local/lib/python3.12/site-packages/discord/client.py", line 465, in _run_event
    await coro(*args, **kwargs)
  File "/app/asu_discord/cogs/analytics.py", line 652, in on_member_update
    before_timeout = before.timed_out_until
                     ^^^^^^^^^^^^^^^^^^^^^^
AttributeError: 'Member' object has no attribute 'timed_out_until'
Ignoring exception in on_member_update
Traceback (most recent call last):
  File "/usr/local/lib/python3.12/site-packages/discord/client.py", line 465, in _run_event
    await coro(*args, **kwargs)
  File "/app/asu_discord/cogs/analytics.py", line 652, in on_member_update
    before_timeout = before.timed_out_until
                     ^^^^^^^^^^^^^^^^^^^^^^
AttributeError: 'Member' object has no attribute 'timed_out_until'
Ignoring exception in on_member_update
Traceback (most recent call last):
  File "/usr/local/lib/python3.12/site-packages/discord/client.py", line 465, in _run_event
    await coro(*args, **kwargs)
  File "/app/asu_discord/cogs/analytics.py", line 652, in on_member_update
    before_timeout = before.timed_out_until
                     ^^^^^^^^^^^^^^^^^^^^^^
AttributeError: 'Member' object has no attribute 'timed_out_until'
Ignoring exception in on_member_update
Traceback (most recent call last):
  File "/usr/local/lib/python3.12/site-packages/discord/client.py", line 465, in _run_event
    await coro(*args, **kwargs)
  File "/app/asu_discord/cogs/analytics.py", line 652, in on_member_update
    before_timeout = before.timed_out_until
                     ^^^^^^^^^^^^^^^^^^^^^^
AttributeError: 'Member' object has no attribute 'timed_out_until'
INFO:asu_discord.cogs.verification:Saved 5 roles to database for user naljoha3 (Discord ID: 1177813555618250855)
INFO:asu_discord.cogs.verification:Refreshed Salesforce roles for Discord user 1177813555618250855: -5/+5 roles, assigned=[Commited, First Year, International Student, Ira A. Fulton Schools of Engineering, Polytechnic]
Ignoring exception in on_member_update
Traceback (most recent call last):
  File "/usr/local/lib/python3.12/site-packages/discord/client.py", line 465, in _run_event
    await coro(*args, **kwargs)
  File "/app/asu_discord/cogs/analytics.py", line 652, in on_member_update
    before_timeout = before.timed_out_until
                     ^^^^^^^^^^^^^^^^^^^^^^
AttributeError: 'Member' object has no attribute 'timed_out_until'
Ignoring exception in on_member_update
Traceback (most recent call last):
  File "/usr/local/lib/python3.12/site-packages/discord/client.py", line 465, in _run_event
    await coro(*args, **kwargs)
  File "/app/asu_discord/cogs/analytics.py", line 652, in on_member_update
    before_timeout = before.timed_out_until
                     ^^^^^^^^^^^^^^^^^^^^^^
AttributeError: 'Member' object has no attribute 'timed_out_until'
Ignoring exception in on_member_update
Traceback (most recent call last):
  File "/usr/local/lib/python3.12/site-packages/discord/client.py", line 465, in _run_event
    await coro(*args, **kwargs)
  File "/app/asu_discord/cogs/analytics.py", line 652, in on_member_update
    before_timeout = before.timed_out_until
                     ^^^^^^^^^^^^^^^^^^^^^^
AttributeError: 'Member' object has no attribute 'timed_out_until'
Ignoring exception in on_member_update
Traceback (most recent call last):
  File "/usr/local/lib/python3.12/site-packages/discord/client.py", line 465, in _run_event
    await coro(*args, **kwargs)
  File "/app/asu_discord/cogs/analytics.py", line 652, in on_member_update
    before_timeout = before.timed_out_until
                     ^^^^^^^^^^^^^^^^^^^^^^
AttributeError: 'Member' object has no attribute 'timed_out_until'
Ignoring exception in on_member_update
Traceback (most recent call last):
  File "/usr/local/lib/python3.12/site-packages/discord/client.py", line 465, in _run_event
    await coro(*args, **kwargs)
  File "/app/asu_discord/cogs/analytics.py", line 652, in on_member_update
    before_timeout = before.timed_out_until
                     ^^^^^^^^^^^^^^^^^^^^^^
AttributeError: 'Member' object has no attribute 'timed_out_until'
Ignoring exception in on_member_update
Traceback (most recent call last):
  File "/usr/local/lib/python3.12/site-packages/discord/client.py", line 465, in _run_event
    await coro(*args, **kwargs)
  File "/app/asu_discord/cogs/analytics.py", line 652, in on_member_update
    before_timeout = before.timed_out_until
                     ^^^^^^^^^^^^^^^^^^^^^^
AttributeError: 'Member' object has no attribute 'timed_out_until'
Ignoring exception in on_member_update
Traceback (most recent call last):
  File "/usr/local/lib/python3.12/site-packages/discord/client.py", line 465, in _run_event
    await coro(*args, **kwargs)
  File "/app/asu_discord/cogs/analytics.py", line 652, in on_member_update
    before_timeout = before.timed_out_until
                     ^^^^^^^^^^^^^^^^^^^^^^
AttributeError: 'Member' object has no attribute 'timed_out_until'
INFO:asu_discord.cogs.verification:Saved 4 roles to database for user kalucer1 (Discord ID: 606635555379216384)
INFO:asu_discord.cogs.verification:Refreshed Salesforce roles for Discord user 606635555379216384: -3/+4 roles, assigned=[Arizona Resident, First Year, Tempe, W.P. Carey School of Business]
ERROR:cron.jobs:refresh_salesforce_roles: failed for mkalamer (Discord ID 699595808705740840): Failed to refresh Salesforce-based roles: Discord user 699595808705740840 is not a member of the guild
Ignoring exception in on_member_update
Traceback (most recent call last):
  File "/usr/local/lib/python3.12/site-packages/discord/client.py", line 465, in _run_event
    await coro(*args, **kwargs)
  File "/app/asu_discord/cogs/analytics.py", line 652, in on_member_update
    before_timeout = before.timed_out_until
                     ^^^^^^^^^^^^^^^^^^^^^^
AttributeError: 'Member' object has no attribute 'timed_out_until'
Ignoring exception in on_member_update
Traceback (most recent call last):
  File "/usr/local/lib/python3.12/site-packages/discord/client.py", line 465, in _run_event
    await coro(*args, **kwargs)
  File "/app/asu_discord/cogs/analytics.py", line 652, in on_member_update
    before_timeout = before.timed_out_until
                     ^^^^^^^^^^^^^^^^^^^^^^
AttributeError: 'Member' object has no attribute 'timed_out_until'
Ignoring exception in on_member_update
Traceback (most recent call last):
  File "/usr/local/lib/python3.12/site-packages/discord/client.py", line 465, in _run_event
    await coro(*args, **kwargs)
  File "/app/asu_discord/cogs/analytics.py", line 652, in on_member_update
    before_timeout = before.timed_out_until
                     ^^^^^^^^^^^^^^^^^^^^^^
AttributeError: 'Member' object has no attribute 'timed_out_until'
Ignoring exception in on_member_update
Traceback (most recent call last):
  File "/usr/local/lib/python3.12/site-packages/discord/client.py", line 465, in _run_event
    await coro(*args, **kwargs)
  File "/app/asu_discord/cogs/analytics.py", line 652, in on_member_update
    before_timeout = before.timed_out_until
                     ^^^^^^^^^^^^^^^^^^^^^^
AttributeError: 'Member' object has no attribute 'timed_out_until'
Ignoring exception in on_member_update
Traceback (most recent call last):
  File "/usr/local/lib/python3.12/site-packages/discord/client.py", line 465, in _run_event
    await coro(*args, **kwargs)
  File "/app/asu_discord/cogs/analytics.py", line 652, in on_member_update
    before_timeout = before.timed_out_until
                     ^^^^^^^^^^^^^^^^^^^^^^
AttributeError: 'Member' object has no attribute 'timed_out_until'
Ignoring exception in on_member_update
Traceback (most recent call last):
  File "/usr/local/lib/python3.12/site-packages/discord/client.py", line 465, in _run_event
    await coro(*args, **kwargs)
  File "/app/asu_discord/cogs/analytics.py", line 652, in on_member_update
    before_timeout = before.timed_out_until
                     ^^^^^^^^^^^^^^^^^^^^^^
AttributeError: 'Member' object has no attribute 'timed_out_until'
Ignoring exception in on_member_update
Traceback (most recent call last):
  File "/usr/local/lib/python3.12/site-packages/discord/client.py", line 465, in _run_event
    await coro(*args, **kwargs)
  File "/app/asu_discord/cogs/analytics.py", line 652, in on_member_update
    before_timeout = before.timed_out_until
                     ^^^^^^^^^^^^^^^^^^^^^^
AttributeError: 'Member' object has no attribute 'timed_out_until'
Ignoring exception in on_member_update
Traceback (most recent call last):
  File "/usr/local/lib/python3.12/site-packages/discord/client.py", line 465, in _run_event
    await coro(*args, **kwargs)
  File "/app/asu_discord/cogs/analytics.py", line 652, in on_member_update
    before_timeout = before.timed_out_until
                     ^^^^^^^^^^^^^^^^^^^^^^
AttributeError: 'Member' object has no attribute 'timed_out_until'
Ignoring exception in on_member_update
Traceback (most recent call last):
  File "/usr/local/lib/python3.12/site-packages/discord/client.py", line 465, in _run_event
    await coro(*args, **kwargs)
  File "/app/asu_discord/cogs/analytics.py", line 652, in on_member_update
    before_timeout = before.timed_out_until
                     ^^^^^^^^^^^^^^^^^^^^^^
AttributeError: 'Member' object has no attribute 'timed_out_until'
Ignoring exception in on_member_update
Traceback (most recent call last):
  File "/usr/local/lib/python3.12/site-packages/discord/client.py", line 465, in _run_event
    await coro(*args, **kwargs)
  File "/app/asu_discord/cogs/analytics.py", line 652, in on_member_update
    before_timeout = before.timed_out_until
                     ^^^^^^^^^^^^^^^^^^^^^^
AttributeError: 'Member' object has no attribute 'timed_out_until'
INFO:asu_discord.cogs.verification:Saved 5 roles to database for user eiarreol (Discord ID: 728093658137755659)
INFO:asu_discord.cogs.verification:Refreshed Salesforce roles for Discord user 728093658137755659: -5/+5 roles, assigned=[Arizona Resident, First Generation Student, First Year, New College of Interdisciplinary Arts and Sciences, Tempe]
Ignoring exception in on_member_update
Traceback (most recent call last):
  File "/usr/local/lib/python3.12/site-packages/discord/client.py", line 465, in _run_event
    await coro(*args, **kwargs)
  File "/app/asu_discord/cogs/analytics.py", line 652, in on_member_update
    before_timeout = before.timed_out_until
                     ^^^^^^^^^^^^^^^^^^^^^^
AttributeError: 'Member' object has no attribute 'timed_out_until'
Ignoring exception in on_member_update
Traceback (most recent call last):
  File "/usr/local/lib/python3.12/site-packages/discord/client.py", line 465, in _run_event
    await coro(*args, **kwargs)
  File "/app/asu_discord/cogs/analytics.py", line 652, in on_member_update
    before_timeout = before.timed_out_until
                     ^^^^^^^^^^^^^^^^^^^^^^
AttributeError: 'Member' object has no attribute 'timed_out_until'
Ignoring exception in on_member_update
Traceback (most recent call last):
  File "/usr/local/lib/python3.12/site-packages/discord/client.py", line 465, in _run_event
    await coro(*args, **kwargs)
  File "/app/asu_discord/cogs/analytics.py", line 652, in on_member_update
    before_timeout = before.timed_out_until
                     ^^^^^^^^^^^^^^^^^^^^^^
AttributeError: 'Member' object has no attribute 'timed_out_until'
Ignoring exception in on_member_update
Traceback (most recent call last):
  File "/usr/local/lib/python3.12/site-packages/discord/client.py", line 465, in _run_event
    await coro(*args, **kwargs)
  File "/app/asu_discord/cogs/analytics.py", line 652, in on_member_update
    before_timeout = before.timed_out_until
                     ^^^^^^^^^^^^^^^^^^^^^^
AttributeError: 'Member' object has no attribute 'timed_out_until'
Ignoring exception in on_member_update
Traceback (most recent call last):
  File "/usr/local/lib/python3.12/site-packages/discord/client.py", line 465, in _run_event
    await coro(*args, **kwargs)
  File "/app/asu_discord/cogs/analytics.py", line 652, in on_member_update
    before_timeout = before.timed_out_until
                     ^^^^^^^^^^^^^^^^^^^^^^
AttributeError: 'Member' object has no attribute 'timed_out_until'
Ignoring exception in on_member_update
Traceback (most recent call last):
  File "/usr/local/lib/python3.12/site-packages/discord/client.py", line 465, in _run_event
    await coro(*args, **kwargs)
  File "/app/asu_discord/cogs/analytics.py", line 652, in on_member_update
    before_timeout = before.timed_out_until
                     ^^^^^^^^^^^^^^^^^^^^^^
AttributeError: 'Member' object has no attribute 'timed_out_until'
Ignoring exception in on_member_update
Traceback (most recent call last):
  File "/usr/local/lib/python3.12/site-packages/discord/client.py", line 465, in _run_event
    await coro(*args, **kwargs)
  File "/app/asu_discord/cogs/analytics.py", line 652, in on_member_update
    before_timeout = before.timed_out_until
                     ^^^^^^^^^^^^^^^^^^^^^^
AttributeError: 'Member' object has no attribute 'timed_out_until'
Ignoring exception in on_member_update
Traceback (most recent call last):
  File "/usr/local/lib/python3.12/site-packages/discord/client.py", line 465, in _run_event
    await coro(*args, **kwargs)
  File "/app/asu_discord/cogs/analytics.py", line 652, in on_member_update
    before_timeout = before.timed_out_until
                     ^^^^^^^^^^^^^^^^^^^^^^
AttributeError: 'Member' object has no attribute 'timed_out_until'
Ignoring exception in on_member_update
Traceback (most recent call last):
  File "/usr/local/lib/python3.12/site-packages/discord/client.py", line 465, in _run_event
    await coro(*args, **kwargs)
  File "/app/asu_discord/cogs/analytics.py", line 652, in on_member_update
    before_timeout = before.timed_out_until
                     ^^^^^^^^^^^^^^^^^^^^^^
AttributeError: 'Member' object has no attribute 'timed_out_until'
Ignoring exception in on_member_update
Traceback (most recent call last):
  File "/usr/local/lib/python3.12/site-packages/discord/client.py", line 465, in _run_event
    await coro(*args, **kwargs)
  File "/app/asu_discord/cogs/analytics.py", line 652, in on_member_update
    before_timeout = before.timed_out_until
                     ^^^^^^^^^^^^^^^^^^^^^^
AttributeError: 'Member' object has no attribute 'timed_out_until'
INFO:asu_discord.cogs.verification:Saved 5 roles to database for user kjdelga2 (Discord ID: 822593569058455603)
INFO:asu_discord.cogs.verification:Refreshed Salesforce roles for Discord user 822593569058455603: -5/+5 roles, assigned=[Arizona Resident, Downtown Phoenix, Edson College of Nursing and Health Innovation, First Generation Student, First Year]
Ignoring exception in on_member_update
Traceback (most recent call last):
  File "/usr/local/lib/python3.12/site-packages/discord/client.py", line 465, in _run_event
    await coro(*args, **kwargs)
  File "/app/asu_discord/cogs/analytics.py", line 652, in on_member_update
    before_timeout = before.timed_out_until
                     ^^^^^^^^^^^^^^^^^^^^^^
AttributeError: 'Member' object has no attribute 'timed_out_until'
Ignoring exception in on_member_update
Traceback (most recent call last):
  File "/usr/local/lib/python3.12/site-packages/discord/client.py", line 465, in _run_event
    await coro(*args, **kwargs)
  File "/app/asu_discord/cogs/analytics.py", line 652, in on_member_update
    before_timeout = before.timed_out_until
                     ^^^^^^^^^^^^^^^^^^^^^^
AttributeError: 'Member' object has no attribute 'timed_out_until'
Ignoring exception in on_member_update
Traceback (most recent call last):
  File "/usr/local/lib/python3.12/site-packages/discord/client.py", line 465, in _run_event
    await coro(*args, **kwargs)
  File "/app/asu_discord/cogs/analytics.py", line 652, in on_member_update
    before_timeout = before.timed_out_until
                     ^^^^^^^^^^^^^^^^^^^^^^
AttributeError: 'Member' object has no attribute 'timed_out_until'
Ignoring exception in on_member_update
Traceback (most recent call last):
  File "/usr/local/lib/python3.12/site-packages/discord/client.py", line 465, in _run_event
    await coro(*args, **kwargs)
  File "/app/asu_discord/cogs/analytics.py", line 652, in on_member_update
    before_timeout = before.timed_out_until
                     ^^^^^^^^^^^^^^^^^^^^^^
AttributeError: 'Member' object has no attribute 'timed_out_until'
Ignoring exception in on_member_update
Traceback (most recent call last):
  File "/usr/local/lib/python3.12/site-packages/discord/client.py", line 465, in _run_event
    await coro(*args, **kwargs)
  File "/app/asu_discord/cogs/analytics.py", line 652, in on_member_update
    before_timeout = before.timed_out_until
                     ^^^^^^^^^^^^^^^^^^^^^^
AttributeError: 'Member' object has no attribute 'timed_out_until'
Ignoring exception in on_member_update
Traceback (most recent call last):
  File "/usr/local/lib/python3.12/site-packages/discord/client.py", line 465, in _run_event
    await coro(*args, **kwargs)
  File "/app/asu_discord/cogs/analytics.py", line 652, in on_member_update
    before_timeout = before.timed_out_until
                     ^^^^^^^^^^^^^^^^^^^^^^
AttributeError: 'Member' object has no attribute 'timed_out_until'
Ignoring exception in on_member_update
Traceback (most recent call last):
  File "/usr/local/lib/python3.12/site-packages/discord/client.py", line 465, in _run_event
    await coro(*args, **kwargs)
  File "/app/asu_discord/cogs/analytics.py", line 652, in on_member_update
    before_timeout = before.timed_out_until
                     ^^^^^^^^^^^^^^^^^^^^^^
AttributeError: 'Member' object has no attribute 'timed_out_until'
Ignoring exception in on_member_update
Traceback (most recent call last):
  File "/usr/local/lib/python3.12/site-packages/discord/client.py", line 465, in _run_event
    await coro(*args, **kwargs)
  File "/app/asu_discord/cogs/analytics.py", line 652, in on_member_update
    before_timeout = before.timed_out_until
                     ^^^^^^^^^^^^^^^^^^^^^^
AttributeError: 'Member' object has no attribute 'timed_out_until'
Ignoring exception in on_member_update
Traceback (most recent call last):
  File "/usr/local/lib/python3.12/site-packages/discord/client.py", line 465, in _run_event
    await coro(*args, **kwargs)
  File "/app/asu_discord/cogs/analytics.py", line 652, in on_member_update
    before_timeout = before.timed_out_until
                     ^^^^^^^^^^^^^^^^^^^^^^
AttributeError: 'Member' object has no attribute 'timed_out_until'
Ignoring exception in on_member_update
Traceback (most recent call last):
  File "/usr/local/lib/python3.12/site-packages/discord/client.py", line 465, in _run_event
    await coro(*args, **kwargs)
  File "/app/asu_discord/cogs/analytics.py", line 652, in on_member_update
    before_timeout = before.timed_out_until
                     ^^^^^^^^^^^^^^^^^^^^^^
AttributeError: 'Member' object has no attribute 'timed_out_until'
INFO:asu_discord.cogs.verification:Saved 5 roles to database for user fcheruku (Discord ID: 983393563863834724)
INFO:asu_discord.cogs.verification:Refreshed Salesforce roles for Discord user 983393563863834724: -5/+5 roles, assigned=[Commited, First Year, International Student, Ira A. Fulton Schools of Engineering, Tempe]
Ignoring exception in on_member_update
Traceback (most recent call last):
  File "/usr/local/lib/python3.12/site-packages/discord/client.py", line 465, in _run_event
    await coro(*args, **kwargs)
  File "/app/asu_discord/cogs/analytics.py", line 652, in on_member_update
    before_timeout = before.timed_out_until
                     ^^^^^^^^^^^^^^^^^^^^^^
AttributeError: 'Member' object has no attribute 'timed_out_until'
Ignoring exception in on_member_update
Traceback (most recent call last):
  File "/usr/local/lib/python3.12/site-packages/discord/client.py", line 465, in _run_event
    await coro(*args, **kwargs)
  File "/app/asu_discord/cogs/analytics.py", line 652, in on_member_update
    before_timeout = before.timed_out_until
                     ^^^^^^^^^^^^^^^^^^^^^^
AttributeError: 'Member' object has no attribute 'timed_out_until'
Ignoring exception in on_member_update
Traceback (most recent call last):
  File "/usr/local/lib/python3.12/site-packages/discord/client.py", line 465, in _run_event
    await coro(*args, **kwargs)
  File "/app/asu_discord/cogs/analytics.py", line 652, in on_member_update
    before_timeout = before.timed_out_until
                     ^^^^^^^^^^^^^^^^^^^^^^
AttributeError: 'Member' object has no attribute 'timed_out_until'
Ignoring exception in on_member_update
Traceback (most recent call last):
  File "/usr/local/lib/python3.12/site-packages/discord/client.py", line 465, in _run_event
    await coro(*args, **kwargs)
  File "/app/asu_discord/cogs/analytics.py", line 652, in on_member_update
    before_timeout = before.timed_out_until
                     ^^^^^^^^^^^^^^^^^^^^^^
AttributeError: 'Member' object has no attribute 'timed_out_until'
Ignoring exception in on_member_update
Traceback (most recent call last):
  File "/usr/local/lib/python3.12/site-packages/discord/client.py", line 465, in _run_event
    await coro(*args, **kwargs)
  File "/app/asu_discord/cogs/analytics.py", line 652, in on_member_update
    before_timeout = before.timed_out_until
                     ^^^^^^^^^^^^^^^^^^^^^^
AttributeError: 'Member' object has no attribute 'timed_out_until'
Ignoring exception in on_member_update
Traceback (most recent call last):
  File "/usr/local/lib/python3.12/site-packages/discord/client.py", line 465, in _run_event
    await coro(*args, **kwargs)
  File "/app/asu_discord/cogs/analytics.py", line 652, in on_member_update
    before_timeout = before.timed_out_until
                     ^^^^^^^^^^^^^^^^^^^^^^
AttributeError: 'Member' object has no attribute 'timed_out_until'
Ignoring exception in on_member_update
Traceback (most recent call last):
  File "/usr/local/lib/python3.12/site-packages/discord/client.py", line 465, in _run_event
    await coro(*args, **kwargs)
  File "/app/asu_discord/cogs/analytics.py", line 652, in on_member_update
    before_timeout = before.timed_out_until
                     ^^^^^^^^^^^^^^^^^^^^^^
AttributeError: 'Member' object has no attribute 'timed_out_until'
Ignoring exception in on_member_update
Traceback (most recent call last):
  File "/usr/local/lib/python3.12/site-packages/discord/client.py", line 465, in _run_event
    await coro(*args, **kwargs)
  File "/app/asu_discord/cogs/analytics.py", line 652, in on_member_update
    before_timeout = before.timed_out_until
                     ^^^^^^^^^^^^^^^^^^^^^^
AttributeError: 'Member' object has no attribute 'timed_out_until'
Ignoring exception in on_member_update
Traceback (most recent call last):
  File "/usr/local/lib/python3.12/site-packages/discord/client.py", line 465, in _run_event
    await coro(*args, **kwargs)
  File "/app/asu_discord/cogs/analytics.py", line 652, in on_member_update
    before_timeout = before.timed_out_until
                     ^^^^^^^^^^^^^^^^^^^^^^
AttributeError: 'Member' object has no attribute 'timed_out_until'
Ignoring exception in on_member_update
Traceback (most recent call last):
  File "/usr/local/lib/python3.12/site-packages/discord/client.py", line 465, in _run_event
    await coro(*args, **kwargs)
  File "/app/asu_discord/cogs/analytics.py", line 652, in on_member_update
    before_timeout = before.timed_out_until
                     ^^^^^^^^^^^^^^^^^^^^^^
AttributeError: 'Member' object has no attribute 'timed_out_until'
INFO:asu_discord.cogs.verification:Saved 5 roles to database for user nppatil4 (Discord ID: 513485746473271316)
INFO:asu_discord.cogs.verification:Refreshed Salesforce roles for Discord user 513485746473271316: -5/+5 roles, assigned=[College of Liberal Arts and Sciences, Commited, Graduate Student, International Student, Tempe]
Ignoring exception in on_member_update
Traceback (most recent call last):
  File "/usr/local/lib/python3.12/site-packages/discord/client.py", line 465, in _run_event
    await coro(*args, **kwargs)
  File "/app/asu_discord/cogs/analytics.py", line 652, in on_member_update
    before_timeout = before.timed_out_until
                     ^^^^^^^^^^^^^^^^^^^^^^
AttributeError: 'Member' object has no attribute 'timed_out_until'
Ignoring exception in on_member_update
Traceback (most recent call last):
  File "/usr/local/lib/python3.12/site-packages/discord/client.py", line 465, in _run_event
    await coro(*args, **kwargs)
  File "/app/asu_discord/cogs/analytics.py", line 652, in on_member_update
    before_timeout = before.timed_out_until
                     ^^^^^^^^^^^^^^^^^^^^^^
AttributeError: 'Member' object has no attribute 'timed_out_until'
INFO:asu_discord.cogs.verification:Saved 1 roles to database for user mtang128 (Discord ID: 732722132957659266)
INFO:asu_discord.cogs.verification:Refreshed Salesforce roles for Discord user 732722132957659266: -1/+1 roles, assigned=[Out of State]
Ignoring exception in on_member_update
Traceback (most recent call last):
  File "/usr/local/lib/python3.12/site-packages/discord/client.py", line 465, in _run_event
    await coro(*args, **kwargs)
  File "/app/asu_discord/cogs/analytics.py", line 652, in on_member_update
    before_timeout = before.timed_out_until
                     ^^^^^^^^^^^^^^^^^^^^^^
AttributeError: 'Member' object has no attribute 'timed_out_until'
Ignoring exception in on_member_update
Traceback (most recent call last):
  File "/usr/local/lib/python3.12/site-packages/discord/client.py", line 465, in _run_event
    await coro(*args, **kwargs)
  File "/app/asu_discord/cogs/analytics.py", line 652, in on_member_update
    before_timeout = before.timed_out_until
                     ^^^^^^^^^^^^^^^^^^^^^^
AttributeError: 'Member' object has no attribute 'timed_out_until'
Ignoring exception in on_member_update
Traceback (most recent call last):
  File "/usr/local/lib/python3.12/site-packages/discord/client.py", line 465, in _run_event
    await coro(*args, **kwargs)
  File "/app/asu_discord/cogs/analytics.py", line 652, in on_member_update
    before_timeout = before.timed_out_until
                     ^^^^^^^^^^^^^^^^^^^^^^
AttributeError: 'Member' object has no attribute 'timed_out_until'
Ignoring exception in on_member_update
Traceback (most recent call last):
  File "/usr/local/lib/python3.12/site-packages/discord/client.py", line 465, in _run_event
    await coro(*args, **kwargs)
  File "/app/asu_discord/cogs/analytics.py", line 652, in on_member_update
    before_timeout = before.timed_out_until
                     ^^^^^^^^^^^^^^^^^^^^^^
AttributeError: 'Member' object has no attribute 'timed_out_until'
Ignoring exception in on_member_update
Traceback (most recent call last):
  File "/usr/local/lib/python3.12/site-packages/discord/client.py", line 465, in _run_event
    await coro(*args, **kwargs)
  File "/app/asu_discord/cogs/analytics.py", line 652, in on_member_update
    before_timeout = before.timed_out_until
                     ^^^^^^^^^^^^^^^^^^^^^^
AttributeError: 'Member' object has no attribute 'timed_out_until'
Ignoring exception in on_member_update
Traceback (most recent call last):
  File "/usr/local/lib/python3.12/site-packages/discord/client.py", line 465, in _run_event
    await coro(*args, **kwargs)
  File "/app/asu_discord/cogs/analytics.py", line 652, in on_member_update
    before_timeout = before.timed_out_until
                     ^^^^^^^^^^^^^^^^^^^^^^
AttributeError: 'Member' object has no attribute 'timed_out_until'
Ignoring exception in on_member_update
Traceback (most recent call last):
  File "/usr/local/lib/python3.12/site-packages/discord/client.py", line 465, in _run_event
    await coro(*args, **kwargs)
  File "/app/asu_discord/cogs/analytics.py", line 652, in on_member_update
    before_timeout = before.timed_out_until
                     ^^^^^^^^^^^^^^^^^^^^^^
AttributeError: 'Member' object has no attribute 'timed_out_until'
Ignoring exception in on_member_update
Traceback (most recent call last):
  File "/usr/local/lib/python3.12/site-packages/discord/client.py", line 465, in _run_event
    await coro(*args, **kwargs)
  File "/app/asu_discord/cogs/analytics.py", line 652, in on_member_update
    before_timeout = before.timed_out_until
                     ^^^^^^^^^^^^^^^^^^^^^^
AttributeError: 'Member' object has no attribute 'timed_out_until'
Ignoring exception in on_member_update
Traceback (most recent call last):
  File "/usr/local/lib/python3.12/site-packages/discord/client.py", line 465, in _run_event
    await coro(*args, **kwargs)
  File "/app/asu_discord/cogs/analytics.py", line 652, in on_member_update
    before_timeout = before.timed_out_until
                     ^^^^^^^^^^^^^^^^^^^^^^
AttributeError: 'Member' object has no attribute 'timed_out_until'
Ignoring exception in on_member_update
Traceback (most recent call last):
  File "/usr/local/lib/python3.12/site-packages/discord/client.py", line 465, in _run_event
    await coro(*args, **kwargs)
  File "/app/asu_discord/cogs/analytics.py", line 652, in on_member_update
    before_timeout = before.timed_out_until
                     ^^^^^^^^^^^^^^^^^^^^^^
AttributeError: 'Member' object has no attribute 'timed_out_until'
INFO:asu_discord.cogs.verification:Saved 5 roles to database for user ayshabah (Discord ID: 1451773260919472158)
INFO:asu_discord.cogs.verification:Refreshed Salesforce roles for Discord user 1451773260919472158: -5/+5 roles, assigned=[Arizona Resident, College of Liberal Arts and Sciences, First Generation Student, First Year, West Valley]
ERROR:cron.jobs:refresh_salesforce_roles: failed for idbatra (Discord ID 1461975470168998138): Failed to refresh Salesforce-based roles: Discord user 1461975470168998138 is not a member of the guild
Ignoring exception in on_member_update
Traceback (most recent call last):
  File "/usr/local/lib/python3.12/site-packages/discord/client.py", line 465, in _run_event
    await coro(*args, **kwargs)
  File "/app/asu_discord/cogs/analytics.py", line 652, in on_member_update
    before_timeout = before.timed_out_until
                     ^^^^^^^^^^^^^^^^^^^^^^
AttributeError: 'Member' object has no attribute 'timed_out_until'
Ignoring exception in on_member_update
Traceback (most recent call last):
  File "/usr/local/lib/python3.12/site-packages/discord/client.py", line 465, in _run_event
    await coro(*args, **kwargs)
  File "/app/asu_discord/cogs/analytics.py", line 652, in on_member_update
    before_timeout = before.timed_out_until
                     ^^^^^^^^^^^^^^^^^^^^^^
AttributeError: 'Member' object has no attribute 'timed_out_until'
Ignoring exception in on_member_update
Traceback (most recent call last):
  File "/usr/local/lib/python3.12/site-packages/discord/client.py", line 465, in _run_event
    await coro(*args, **kwargs)
  File "/app/asu_discord/cogs/analytics.py", line 652, in on_member_update
    before_timeout = before.timed_out_until
                     ^^^^^^^^^^^^^^^^^^^^^^
AttributeError: 'Member' object has no attribute 'timed_out_until'
Ignoring exception in on_member_update
Traceback (most recent call last):
  File "/usr/local/lib/python3.12/site-packages/discord/client.py", line 465, in _run_event
    await coro(*args, **kwargs)
  File "/app/asu_discord/cogs/analytics.py", line 652, in on_member_update
    before_timeout = before.timed_out_until
                     ^^^^^^^^^^^^^^^^^^^^^^
AttributeError: 'Member' object has no attribute 'timed_out_until'
Ignoring exception in on_member_update
Traceback (most recent call last):
  File "/usr/local/lib/python3.12/site-packages/discord/client.py", line 465, in _run_event
    await coro(*args, **kwargs)
  File "/app/asu_discord/cogs/analytics.py", line 652, in on_member_update
    before_timeout = before.timed_out_until
                     ^^^^^^^^^^^^^^^^^^^^^^
AttributeError: 'Member' object has no attribute 'timed_out_until'
Ignoring exception in on_member_update
Traceback (most recent call last):
  File "/usr/local/lib/python3.12/site-packages/discord/client.py", line 465, in _run_event
    await coro(*args, **kwargs)
  File "/app/asu_discord/cogs/analytics.py", line 652, in on_member_update
    before_timeout = before.timed_out_until
                     ^^^^^^^^^^^^^^^^^^^^^^
AttributeError: 'Member' object has no attribute 'timed_out_until'
Ignoring exception in on_member_update
Traceback (most recent call last):
  File "/usr/local/lib/python3.12/site-packages/discord/client.py", line 465, in _run_event
    await coro(*args, **kwargs)
  File "/app/asu_discord/cogs/analytics.py", line 652, in on_member_update
    before_timeout = before.timed_out_until
                     ^^^^^^^^^^^^^^^^^^^^^^
AttributeError: 'Member' object has no attribute 'timed_out_until'
Ignoring exception in on_member_update
Traceback (most recent call last):
  File "/usr/local/lib/python3.12/site-packages/discord/client.py", line 465, in _run_event
    await coro(*args, **kwargs)
  File "/app/asu_discord/cogs/analytics.py", line 652, in on_member_update
    before_timeout = before.timed_out_until
                     ^^^^^^^^^^^^^^^^^^^^^^
AttributeError: 'Member' object has no attribute 'timed_out_until'
Ignoring exception in on_member_update
Traceback (most recent call last):
  File "/usr/local/lib/python3.12/site-packages/discord/client.py", line 465, in _run_event
    await coro(*args, **kwargs)
  File "/app/asu_discord/cogs/analytics.py", line 652, in on_member_update
    before_timeout = before.timed_out_until
                     ^^^^^^^^^^^^^^^^^^^^^^
AttributeError: 'Member' object has no attribute 'timed_out_until'
Ignoring exception in on_member_update
Traceback (most recent call last):
  File "/usr/local/lib/python3.12/site-packages/discord/client.py", line 465, in _run_event
    await coro(*args, **kwargs)
  File "/app/asu_discord/cogs/analytics.py", line 652, in on_member_update
    before_timeout = before.timed_out_until
                     ^^^^^^^^^^^^^^^^^^^^^^
AttributeError: 'Member' object has no attribute 'timed_out_until'
Ignoring exception in on_member_update
Traceback (most recent call last):
  File "/usr/local/lib/python3.12/site-packages/discord/client.py", line 465, in _run_event
    await coro(*args, **kwargs)
  File "/app/asu_discord/cogs/analytics.py", line 652, in on_member_update
    before_timeout = before.timed_out_until
                     ^^^^^^^^^^^^^^^^^^^^^^
AttributeError: 'Member' object has no attribute 'timed_out_until'
Ignoring exception in on_member_update
Traceback (most recent call last):
  File "/usr/local/lib/python3.12/site-packages/discord/client.py", line 465, in _run_event
    await coro(*args, **kwargs)
  File "/app/asu_discord/cogs/analytics.py", line 652, in on_member_update
    before_timeout = before.timed_out_until
                     ^^^^^^^^^^^^^^^^^^^^^^
AttributeError: 'Member' object has no attribute 'timed_out_until'
INFO:asu_discord.cogs.verification:Saved 6 roles to database for user lgchave2 (Discord ID: 890546182563180574)
INFO:asu_discord.cogs.verification:Refreshed Salesforce roles for Discord user 890546182563180574: -6/+6 roles, assigned=[Commited, Downtown Phoenix, First Generation Student, Herberger Institute for Design and the Arts, Out of State, Transfer Student]
Ignoring exception in on_member_update
Traceback (most recent call last):
  File "/usr/local/lib/python3.12/site-packages/discord/client.py", line 465, in _run_event
    await coro(*args, **kwargs)
  File "/app/asu_discord/cogs/analytics.py", line 652, in on_member_update
    before_timeout = before.timed_out_until
                     ^^^^^^^^^^^^^^^^^^^^^^
AttributeError: 'Member' object has no attribute 'timed_out_until'
Ignoring exception in on_member_update
Traceback (most recent call last):
  File "/usr/local/lib/python3.12/site-packages/discord/client.py", line 465, in _run_event
    await coro(*args, **kwargs)
  File "/app/asu_discord/cogs/analytics.py", line 652, in on_member_update
    before_timeout = before.timed_out_until
                     ^^^^^^^^^^^^^^^^^^^^^^
AttributeError: 'Member' object has no attribute 'timed_out_until'
Ignoring exception in on_member_update
Traceback (most recent call last):
  File "/usr/local/lib/python3.12/site-packages/discord/client.py", line 465, in _run_event
    await coro(*args, **kwargs)
  File "/app/asu_discord/cogs/analytics.py", line 652, in on_member_update
    before_timeout = before.timed_out_until
                     ^^^^^^^^^^^^^^^^^^^^^^
AttributeError: 'Member' object has no attribute 'timed_out_until'
Ignoring exception in on_member_update
Traceback (most recent call last):
  File "/usr/local/lib/python3.12/site-packages/discord/client.py", line 465, in _run_event
    await coro(*args, **kwargs)
  File "/app/asu_discord/cogs/analytics.py", line 652, in on_member_update
    before_timeout = before.timed_out_until
                     ^^^^^^^^^^^^^^^^^^^^^^
AttributeError: 'Member' object has no attribute 'timed_out_until'
Ignoring exception in on_member_update
Traceback (most recent call last):
  File "/usr/local/lib/python3.12/site-packages/discord/client.py", line 465, in _run_event
    await coro(*args, **kwargs)
  File "/app/asu_discord/cogs/analytics.py", line 652, in on_member_update
    before_timeout = before.timed_out_until
                     ^^^^^^^^^^^^^^^^^^^^^^
AttributeError: 'Member' object has no attribute 'timed_out_until'
Ignoring exception in on_member_update
Traceback (most recent call last):
  File "/usr/local/lib/python3.12/site-packages/discord/client.py", line 465, in _run_event
    await coro(*args, **kwargs)
  File "/app/asu_discord/cogs/analytics.py", line 652, in on_member_update
    before_timeout = before.timed_out_until
                     ^^^^^^^^^^^^^^^^^^^^^^
AttributeError: 'Member' object has no attribute 'timed_out_until'
Ignoring exception in on_member_update
Traceback (most recent call last):
  File "/usr/local/lib/python3.12/site-packages/discord/client.py", line 465, in _run_event
    await coro(*args, **kwargs)
  File "/app/asu_discord/cogs/analytics.py", line 652, in on_member_update
    before_timeout = before.timed_out_until
                     ^^^^^^^^^^^^^^^^^^^^^^
AttributeError: 'Member' object has no attribute 'timed_out_until'
Ignoring exception in on_member_update
Traceback (most recent call last):
  File "/usr/local/lib/python3.12/site-packages/discord/client.py", line 465, in _run_event
    await coro(*args, **kwargs)
  File "/app/asu_discord/cogs/analytics.py", line 652, in on_member_update
    before_timeout = before.timed_out_until
                     ^^^^^^^^^^^^^^^^^^^^^^
AttributeError: 'Member' object has no attribute 'timed_out_until'
Ignoring exception in on_member_update
Traceback (most recent call last):
  File "/usr/local/lib/python3.12/site-packages/discord/client.py", line 465, in _run_event
    await coro(*args, **kwargs)
  File "/app/asu_discord/cogs/analytics.py", line 652, in on_member_update
    before_timeout = before.timed_out_until
                     ^^^^^^^^^^^^^^^^^^^^^^
AttributeError: 'Member' object has no attribute 'timed_out_until'
Ignoring exception in on_member_update
Traceback (most recent call last):
  File "/usr/local/lib/python3.12/site-packages/discord/client.py", line 465, in _run_event
    await coro(*args, **kwargs)
  File "/app/asu_discord/cogs/analytics.py", line 652, in on_member_update
    before_timeout = before.timed_out_until
                     ^^^^^^^^^^^^^^^^^^^^^^
AttributeError: 'Member' object has no attribute 'timed_out_until'
INFO:asu_discord.cogs.verification:Saved 6 roles to database for user sgcalde4 (Discord ID: 538570529431486464)
INFO:asu_discord.cogs.verification:Refreshed Salesforce roles for Discord user 538570529431486464: -4/+6 roles, assigned=[Arizona Resident, Commited, First Generation Student, First Year, New College of Interdisciplinary Arts and Sciences, West Valley]
ERROR:cron.jobs:refresh_salesforce_roles: failed for etahearn (Discord ID 851245867406196737): Failed to refresh Salesforce-based roles: Discord user 851245867406196737 is not a member of the guild
Ignoring exception in on_member_update
Traceback (most recent call last):
  File "/usr/local/lib/python3.12/site-packages/discord/client.py", line 465, in _run_event
    await coro(*args, **kwargs)
  File "/app/asu_discord/cogs/analytics.py", line 652, in on_member_update
    before_timeout = before.timed_out_until
                     ^^^^^^^^^^^^^^^^^^^^^^
AttributeError: 'Member' object has no attribute 'timed_out_until'
Ignoring exception in on_member_update
Traceback (most recent call last):
  File "/usr/local/lib/python3.12/site-packages/discord/client.py", line 465, in _run_event
    await coro(*args, **kwargs)
  File "/app/asu_discord/cogs/analytics.py", line 652, in on_member_update
    before_timeout = before.timed_out_until
                     ^^^^^^^^^^^^^^^^^^^^^^
AttributeError: 'Member' object has no attribute 'timed_out_until'
Ignoring exception in on_member_update
Traceback (most recent call last):
  File "/usr/local/lib/python3.12/site-packages/discord/client.py", line 465, in _run_event
    await coro(*args, **kwargs)
  File "/app/asu_discord/cogs/analytics.py", line 652, in on_member_update
    before_timeout = before.timed_out_until
                     ^^^^^^^^^^^^^^^^^^^^^^
AttributeError: 'Member' object has no attribute 'timed_out_until'
Ignoring exception in on_member_update
Traceback (most recent call last):
  File "/usr/local/lib/python3.12/site-packages/discord/client.py", line 465, in _run_event
    await coro(*args, **kwargs)
  File "/app/asu_discord/cogs/analytics.py", line 652, in on_member_update
    before_timeout = before.timed_out_until
                     ^^^^^^^^^^^^^^^^^^^^^^
AttributeError: 'Member' object has no attribute 'timed_out_until'
Ignoring exception in on_member_update
Traceback (most recent call last):
  File "/usr/local/lib/python3.12/site-packages/discord/client.py", line 465, in _run_event
    await coro(*args, **kwargs)
  File "/app/asu_discord/cogs/analytics.py", line 652, in on_member_update
    before_timeout = before.timed_out_until
                     ^^^^^^^^^^^^^^^^^^^^^^
AttributeError: 'Member' object has no attribute 'timed_out_until'
Ignoring exception in on_member_update
Traceback (most recent call last):
  File "/usr/local/lib/python3.12/site-packages/discord/client.py", line 465, in _run_event
    await coro(*args, **kwargs)
  File "/app/asu_discord/cogs/analytics.py", line 652, in on_member_update
    before_timeout = before.timed_out_until
                     ^^^^^^^^^^^^^^^^^^^^^^
AttributeError: 'Member' object has no attribute 'timed_out_until'
Ignoring exception in on_member_update
Traceback (most recent call last):
  File "/usr/local/lib/python3.12/site-packages/discord/client.py", line 465, in _run_event
    await coro(*args, **kwargs)
  File "/app/asu_discord/cogs/analytics.py", line 652, in on_member_update
    before_timeout = before.timed_out_until
                     ^^^^^^^^^^^^^^^^^^^^^^
AttributeError: 'Member' object has no attribute 'timed_out_until'
Ignoring exception in on_member_update
Traceback (most recent call last):
  File "/usr/local/lib/python3.12/site-packages/discord/client.py", line 465, in _run_event
    await coro(*args, **kwargs)
  File "/app/asu_discord/cogs/analytics.py", line 652, in on_member_update
    before_timeout = before.timed_out_until
                     ^^^^^^^^^^^^^^^^^^^^^^
AttributeError: 'Member' object has no attribute 'timed_out_until'
INFO:asu_discord.cogs.verification:Saved 4 roles to database for user ccolem66 (Discord ID: 679119288799592450)
INFO:asu_discord.cogs.verification:Refreshed Salesforce roles for Discord user 679119288799592450: -4/+4 roles, assigned=[Arizona Resident, First Year, Ira A. Fulton Schools of Engineering, Tempe]
Ignoring exception in on_member_update
Traceback (most recent call last):
  File "/usr/local/lib/python3.12/site-packages/discord/client.py", line 465, in _run_event
    await coro(*args, **kwargs)
  File "/app/asu_discord/cogs/analytics.py", line 652, in on_member_update
    before_timeout = before.timed_out_until
                     ^^^^^^^^^^^^^^^^^^^^^^
AttributeError: 'Member' object has no attribute 'timed_out_until'
Ignoring exception in on_member_update
Traceback (most recent call last):
  File "/usr/local/lib/python3.12/site-packages/discord/client.py", line 465, in _run_event
    await coro(*args, **kwargs)
  File "/app/asu_discord/cogs/analytics.py", line 652, in on_member_update
    before_timeout = before.timed_out_until
                     ^^^^^^^^^^^^^^^^^^^^^^
AttributeError: 'Member' object has no attribute 'timed_out_until'
Ignoring exception in on_member_update
Traceback (most recent call last):
  File "/usr/local/lib/python3.12/site-packages/discord/client.py", line 465, in _run_event
    await coro(*args, **kwargs)
  File "/app/asu_discord/cogs/analytics.py", line 652, in on_member_update
    before_timeout = before.timed_out_until
                     ^^^^^^^^^^^^^^^^^^^^^^
AttributeError: 'Member' object has no attribute 'timed_out_until'
Ignoring exception in on_member_update
Traceback (most recent call last):
  File "/usr/local/lib/python3.12/site-packages/discord/client.py", line 465, in _run_event
    await coro(*args, **kwargs)
  File "/app/asu_discord/cogs/analytics.py", line 652, in on_member_update
    before_timeout = before.timed_out_until
                     ^^^^^^^^^^^^^^^^^^^^^^
AttributeError: 'Member' object has no attribute 'timed_out_until'
Ignoring exception in on_member_update
Traceback (most recent call last):
  File "/usr/local/lib/python3.12/site-packages/discord/client.py", line 465, in _run_event
    await coro(*args, **kwargs)
  File "/app/asu_discord/cogs/analytics.py", line 652, in on_member_update
    before_timeout = before.timed_out_until
                     ^^^^^^^^^^^^^^^^^^^^^^
AttributeError: 'Member' object has no attribute 'timed_out_until'
Ignoring exception in on_member_update
Traceback (most recent call last):
  File "/usr/local/lib/python3.12/site-packages/discord/client.py", line 465, in _run_event
    await coro(*args, **kwargs)
  File "/app/asu_discord/cogs/analytics.py", line 652, in on_member_update
    before_timeout = before.timed_out_until
                     ^^^^^^^^^^^^^^^^^^^^^^
AttributeError: 'Member' object has no attribute 'timed_out_until'
Ignoring exception in on_member_update
Traceback (most recent call last):
  File "/usr/local/lib/python3.12/site-packages/discord/client.py", line 465, in _run_event
    await coro(*args, **kwargs)
  File "/app/asu_discord/cogs/analytics.py", line 652, in on_member_update
    before_timeout = before.timed_out_until
                     ^^^^^^^^^^^^^^^^^^^^^^
AttributeError: 'Member' object has no attribute 'timed_out_until'
Ignoring exception in on_member_update
Traceback (most recent call last):
  File "/usr/local/lib/python3.12/site-packages/discord/client.py", line 465, in _run_event
    await coro(*args, **kwargs)
  File "/app/asu_discord/cogs/analytics.py", line 652, in on_member_update
    before_timeout = before.timed_out_until
                     ^^^^^^^^^^^^^^^^^^^^^^
AttributeError: 'Member' object has no attribute 'timed_out_until'
Ignoring exception in on_member_update
Traceback (most recent call last):
  File "/usr/local/lib/python3.12/site-packages/discord/client.py", line 465, in _run_event
    await coro(*args, **kwargs)
  File "/app/asu_discord/cogs/analytics.py", line 652, in on_member_update
    before_timeout = before.timed_out_until
                     ^^^^^^^^^^^^^^^^^^^^^^
AttributeError: 'Member' object has no attribute 'timed_out_until'
Ignoring exception in on_member_update
Traceback (most recent call last):
  File "/usr/local/lib/python3.12/site-packages/discord/client.py", line 465, in _run_event
    await coro(*args, **kwargs)
  File "/app/asu_discord/cogs/analytics.py", line 652, in on_member_update
    before_timeout = before.timed_out_until
                     ^^^^^^^^^^^^^^^^^^^^^^
AttributeError: 'Member' object has no attribute 'timed_out_until'
INFO:asu_discord.cogs.verification:Saved 5 roles to database for user jmgaglia (Discord ID: 1204145919491182683)
INFO:asu_discord.cogs.verification:Refreshed Salesforce roles for Discord user 1204145919491182683: -5/+5 roles, assigned=[Arizona Resident, College of Liberal Arts and Sciences, Commited, First Year, Tempe]
Ignoring exception in on_member_update
Traceback (most recent call last):
  File "/usr/local/lib/python3.12/site-packages/discord/client.py", line 465, in _run_event
    await coro(*args, **kwargs)
  File "/app/asu_discord/cogs/analytics.py", line 652, in on_member_update
    before_timeout = before.timed_out_until
                     ^^^^^^^^^^^^^^^^^^^^^^
AttributeError: 'Member' object has no attribute 'timed_out_until'
Ignoring exception in on_member_update
Traceback (most recent call last):
  File "/usr/local/lib/python3.12/site-packages/discord/client.py", line 465, in _run_event
    await coro(*args, **kwargs)
  File "/app/asu_discord/cogs/analytics.py", line 652, in on_member_update
    before_timeout = before.timed_out_until
                     ^^^^^^^^^^^^^^^^^^^^^^
AttributeError: 'Member' object has no attribute 'timed_out_until'
Ignoring exception in on_member_update
Traceback (most recent call last):
  File "/usr/local/lib/python3.12/site-packages/discord/client.py", line 465, in _run_event
    await coro(*args, **kwargs)
  File "/app/asu_discord/cogs/analytics.py", line 652, in on_member_update
    before_timeout = before.timed_out_until
                     ^^^^^^^^^^^^^^^^^^^^^^
AttributeError: 'Member' object has no attribute 'timed_out_until'
Ignoring exception in on_member_update
Traceback (most recent call last):
  File "/usr/local/lib/python3.12/site-packages/discord/client.py", line 465, in _run_event
    await coro(*args, **kwargs)
  File "/app/asu_discord/cogs/analytics.py", line 652, in on_member_update
    before_timeout = before.timed_out_until
                     ^^^^^^^^^^^^^^^^^^^^^^
AttributeError: 'Member' object has no attribute 'timed_out_until'
Ignoring exception in on_member_update
Traceback (most recent call last):
  File "/usr/local/lib/python3.12/site-packages/discord/client.py", line 465, in _run_event
    await coro(*args, **kwargs)
  File "/app/asu_discord/cogs/analytics.py", line 652, in on_member_update
    before_timeout = before.timed_out_until
                     ^^^^^^^^^^^^^^^^^^^^^^
AttributeError: 'Member' object has no attribute 'timed_out_until'
Ignoring exception in on_member_update
Traceback (most recent call last):
  File "/usr/local/lib/python3.12/site-packages/discord/client.py", line 465, in _run_event
    await coro(*args, **kwargs)
  File "/app/asu_discord/cogs/analytics.py", line 652, in on_member_update
    before_timeout = before.timed_out_until
                     ^^^^^^^^^^^^^^^^^^^^^^
AttributeError: 'Member' object has no attribute 'timed_out_until'
Ignoring exception in on_member_update
Traceback (most recent call last):
  File "/usr/local/lib/python3.12/site-packages/discord/client.py", line 465, in _run_event
    await coro(*args, **kwargs)
  File "/app/asu_discord/cogs/analytics.py", line 652, in on_member_update
    before_timeout = before.timed_out_until
                     ^^^^^^^^^^^^^^^^^^^^^^
AttributeError: 'Member' object has no attribute 'timed_out_until'
Ignoring exception in on_member_update
Traceback (most recent call last):
  File "/usr/local/lib/python3.12/site-packages/discord/client.py", line 465, in _run_event
    await coro(*args, **kwargs)
  File "/app/asu_discord/cogs/analytics.py", line 652, in on_member_update
    before_timeout = before.timed_out_until
                     ^^^^^^^^^^^^^^^^^^^^^^
AttributeError: 'Member' object has no attribute 'timed_out_until'
Ignoring exception in on_member_update
Traceback (most recent call last):
  File "/usr/local/lib/python3.12/site-packages/discord/client.py", line 465, in _run_event
    await coro(*args, **kwargs)
  File "/app/asu_discord/cogs/analytics.py", line 652, in on_member_update
    before_timeout = before.timed_out_until
                     ^^^^^^^^^^^^^^^^^^^^^^
AttributeError: 'Member' object has no attribute 'timed_out_until'
Ignoring exception in on_member_update
Traceback (most recent call last):
  File "/usr/local/lib/python3.12/site-packages/discord/client.py", line 465, in _run_event
    await coro(*args, **kwargs)
  File "/app/asu_discord/cogs/analytics.py", line 652, in on_member_update
    before_timeout = before.timed_out_until
                     ^^^^^^^^^^^^^^^^^^^^^^
AttributeError: 'Member' object has no attribute 'timed_out_until'
INFO:asu_discord.cogs.verification:Saved 5 roles to database for user tspear12 (Discord ID: 1462225113783996560)
INFO:asu_discord.cogs.verification:Refreshed Salesforce roles for Discord user 1462225113783996560: -5/+5 roles, assigned=[Arizona Resident, Commited, First Year, Ira A. Fulton Schools of Engineering, Tempe]
Ignoring exception in on_member_update
Traceback (most recent call last):
  File "/usr/local/lib/python3.12/site-packages/discord/client.py", line 465, in _run_event
    await coro(*args, **kwargs)
  File "/app/asu_discord/cogs/analytics.py", line 652, in on_member_update
    before_timeout = before.timed_out_until
                     ^^^^^^^^^^^^^^^^^^^^^^
AttributeError: 'Member' object has no attribute 'timed_out_until'
Ignoring exception in on_member_update
Traceback (most recent call last):
  File "/usr/local/lib/python3.12/site-packages/discord/client.py", line 465, in _run_event
    await coro(*args, **kwargs)
  File "/app/asu_discord/cogs/analytics.py", line 652, in on_member_update
    before_timeout = before.timed_out_until
                     ^^^^^^^^^^^^^^^^^^^^^^
AttributeError: 'Member' object has no attribute 'timed_out_until'
Ignoring exception in on_member_update
Traceback (most recent call last):
  File "/usr/local/lib/python3.12/site-packages/discord/client.py", line 465, in _run_event
    await coro(*args, **kwargs)
  File "/app/asu_discord/cogs/analytics.py", line 652, in on_member_update
    before_timeout = before.timed_out_until
                     ^^^^^^^^^^^^^^^^^^^^^^
AttributeError: 'Member' object has no attribute 'timed_out_until'
Ignoring exception in on_member_update
Traceback (most recent call last):
  File "/usr/local/lib/python3.12/site-packages/discord/client.py", line 465, in _run_event
    await coro(*args, **kwargs)
  File "/app/asu_discord/cogs/analytics.py", line 652, in on_member_update
    before_timeout = before.timed_out_until
                     ^^^^^^^^^^^^^^^^^^^^^^
AttributeError: 'Member' object has no attribute 'timed_out_until'
Ignoring exception in on_member_update
Traceback (most recent call last):
  File "/usr/local/lib/python3.12/site-packages/discord/client.py", line 465, in _run_event
    await coro(*args, **kwargs)
  File "/app/asu_discord/cogs/analytics.py", line 652, in on_member_update
    before_timeout = before.timed_out_until
                     ^^^^^^^^^^^^^^^^^^^^^^
AttributeError: 'Member' object has no attribute 'timed_out_until'
Ignoring exception in on_member_update
Traceback (most recent call last):
  File "/usr/local/lib/python3.12/site-packages/discord/client.py", line 465, in _run_event
    await coro(*args, **kwargs)
  File "/app/asu_discord/cogs/analytics.py", line 652, in on_member_update
    before_timeout = before.timed_out_until
                     ^^^^^^^^^^^^^^^^^^^^^^
AttributeError: 'Member' object has no attribute 'timed_out_until'
Ignoring exception in on_member_update
Traceback (most recent call last):
  File "/usr/local/lib/python3.12/site-packages/discord/client.py", line 465, in _run_event
    await coro(*args, **kwargs)
  File "/app/asu_discord/cogs/analytics.py", line 652, in on_member_update
    before_timeout = before.timed_out_until
                     ^^^^^^^^^^^^^^^^^^^^^^
AttributeError: 'Member' object has no attribute 'timed_out_until'
Ignoring exception in on_member_update
Traceback (most recent call last):
  File "/usr/local/lib/python3.12/site-packages/discord/client.py", line 465, in _run_event
    await coro(*args, **kwargs)
  File "/app/asu_discord/cogs/analytics.py", line 652, in on_member_update
    before_timeout = before.timed_out_until
                     ^^^^^^^^^^^^^^^^^^^^^^
AttributeError: 'Member' object has no attribute 'timed_out_until'
Ignoring exception in on_member_update
Traceback (most recent call last):
  File "/usr/local/lib/python3.12/site-packages/discord/client.py", line 465, in _run_event
    await coro(*args, **kwargs)
  File "/app/asu_discord/cogs/analytics.py", line 652, in on_member_update
    before_timeout = before.timed_out_until
                     ^^^^^^^^^^^^^^^^^^^^^^
AttributeError: 'Member' object has no attribute 'timed_out_until'
INFO:asu_discord.cogs.verification:Saved 5 roles to database for user gcitrogo (Discord ID: 662793511749287936)
INFO:asu_discord.cogs.verification:Refreshed Salesforce roles for Discord user 662793511749287936: -5/+4 roles, assigned=[Arizona Resident, Commited, First Year, Tempe, W.P. Carey School of Business]
Ignoring exception in on_member_update
Traceback (most recent call last):
  File "/usr/local/lib/python3.12/site-packages/discord/client.py", line 465, in _run_event
    await coro(*args, **kwargs)
  File "/app/asu_discord/cogs/analytics.py", line 652, in on_member_update
    before_timeout = before.timed_out_until
                     ^^^^^^^^^^^^^^^^^^^^^^
AttributeError: 'Member' object has no attribute 'timed_out_until'
Ignoring exception in on_member_update
Traceback (most recent call last):
  File "/usr/local/lib/python3.12/site-packages/discord/client.py", line 465, in _run_event
    await coro(*args, **kwargs)
  File "/app/asu_discord/cogs/analytics.py", line 652, in on_member_update
    before_timeout = before.timed_out_until
                     ^^^^^^^^^^^^^^^^^^^^^^
AttributeError: 'Member' object has no attribute 'timed_out_until'
Ignoring exception in on_member_update
Traceback (most recent call last):
  File "/usr/local/lib/python3.12/site-packages/discord/client.py", line 465, in _run_event
    await coro(*args, **kwargs)
  File "/app/asu_discord/cogs/analytics.py", line 652, in on_member_update
    before_timeout = before.timed_out_until
                     ^^^^^^^^^^^^^^^^^^^^^^
AttributeError: 'Member' object has no attribute 'timed_out_until'
Ignoring exception in on_member_update
Traceback (most recent call last):
  File "/usr/local/lib/python3.12/site-packages/discord/client.py", line 465, in _run_event
    await coro(*args, **kwargs)
  File "/app/asu_discord/cogs/analytics.py", line 652, in on_member_update
    before_timeout = before.timed_out_until
                     ^^^^^^^^^^^^^^^^^^^^^^
AttributeError: 'Member' object has no attribute 'timed_out_until'
Ignoring exception in on_member_update
Traceback (most recent call last):
  File "/usr/local/lib/python3.12/site-packages/discord/client.py", line 465, in _run_event
    await coro(*args, **kwargs)
  File "/app/asu_discord/cogs/analytics.py", line 652, in on_member_update
    before_timeout = before.timed_out_until
                     ^^^^^^^^^^^^^^^^^^^^^^
AttributeError: 'Member' object has no attribute 'timed_out_until'
Ignoring exception in on_member_update
Traceback (most recent call last):
  File "/usr/local/lib/python3.12/site-packages/discord/client.py", line 465, in _run_event
    await coro(*args, **kwargs)
  File "/app/asu_discord/cogs/analytics.py", line 652, in on_member_update
    before_timeout = before.timed_out_until
                     ^^^^^^^^^^^^^^^^^^^^^^
AttributeError: 'Member' object has no attribute 'timed_out_until'
Ignoring exception in on_member_update
Traceback (most recent call last):
  File "/usr/local/lib/python3.12/site-packages/discord/client.py", line 465, in _run_event
    await coro(*args, **kwargs)
  File "/app/asu_discord/cogs/analytics.py", line 652, in on_member_update
    before_timeout = before.timed_out_until
                     ^^^^^^^^^^^^^^^^^^^^^^
AttributeError: 'Member' object has no attribute 'timed_out_until'
Ignoring exception in on_member_update
Traceback (most recent call last):
  File "/usr/local/lib/python3.12/site-packages/discord/client.py", line 465, in _run_event
    await coro(*args, **kwargs)
  File "/app/asu_discord/cogs/analytics.py", line 652, in on_member_update
    before_timeout = before.timed_out_until
                     ^^^^^^^^^^^^^^^^^^^^^^
AttributeError: 'Member' object has no attribute 'timed_out_until'
Ignoring exception in on_member_update
Traceback (most recent call last):
  File "/usr/local/lib/python3.12/site-packages/discord/client.py", line 465, in _run_event
    await coro(*args, **kwargs)
  File "/app/asu_discord/cogs/analytics.py", line 652, in on_member_update
    before_timeout = before.timed_out_until
                     ^^^^^^^^^^^^^^^^^^^^^^
AttributeError: 'Member' object has no attribute 'timed_out_until'
Ignoring exception in on_member_update
Traceback (most recent call last):
  File "/usr/local/lib/python3.12/site-packages/discord/client.py", line 465, in _run_event
    await coro(*args, **kwargs)
  File "/app/asu_discord/cogs/analytics.py", line 652, in on_member_update
    before_timeout = before.timed_out_until
                     ^^^^^^^^^^^^^^^^^^^^^^
AttributeError: 'Member' object has no attribute 'timed_out_until'
INFO:asu_discord.cogs.verification:Saved 5 roles to database for user jckubota (Discord ID: 806112634356105267)
INFO:asu_discord.cogs.verification:Refreshed Salesforce roles for Discord user 806112634356105267: -5/+5 roles, assigned=[Commited, First Year, Out of State, Tempe, W.P. Carey School of Business]
Ignoring exception in on_member_update
Traceback (most recent call last):
  File "/usr/local/lib/python3.12/site-packages/discord/client.py", line 465, in _run_event
    await coro(*args, **kwargs)
  File "/app/asu_discord/cogs/analytics.py", line 652, in on_member_update
    before_timeout = before.timed_out_until
                     ^^^^^^^^^^^^^^^^^^^^^^
AttributeError: 'Member' object has no attribute 'timed_out_until'
Ignoring exception in on_member_update
Traceback (most recent call last):
  File "/usr/local/lib/python3.12/site-packages/discord/client.py", line 465, in _run_event
    await coro(*args, **kwargs)
  File "/app/asu_discord/cogs/analytics.py", line 652, in on_member_update
    before_timeout = before.timed_out_until
                     ^^^^^^^^^^^^^^^^^^^^^^
AttributeError: 'Member' object has no attribute 'timed_out_until'
Ignoring exception in on_member_update
Traceback (most recent call last):
  File "/usr/local/lib/python3.12/site-packages/discord/client.py", line 465, in _run_event
    await coro(*args, **kwargs)
  File "/app/asu_discord/cogs/analytics.py", line 652, in on_member_update
    before_timeout = before.timed_out_until
                     ^^^^^^^^^^^^^^^^^^^^^^
AttributeError: 'Member' object has no attribute 'timed_out_until'
Ignoring exception in on_member_update
Traceback (most recent call last):
  File "/usr/local/lib/python3.12/site-packages/discord/client.py", line 465, in _run_event
    await coro(*args, **kwargs)
  File "/app/asu_discord/cogs/analytics.py", line 652, in on_member_update
    before_timeout = before.timed_out_until
                     ^^^^^^^^^^^^^^^^^^^^^^
AttributeError: 'Member' object has no attribute 'timed_out_until'
Ignoring exception in on_member_update
Traceback (most recent call last):
  File "/usr/local/lib/python3.12/site-packages/discord/client.py", line 465, in _run_event
    await coro(*args, **kwargs)
  File "/app/asu_discord/cogs/analytics.py", line 652, in on_member_update
    before_timeout = before.timed_out_until
                     ^^^^^^^^^^^^^^^^^^^^^^
AttributeError: 'Member' object has no attribute 'timed_out_until'
Ignoring exception in on_member_update
Traceback (most recent call last):
  File "/usr/local/lib/python3.12/site-packages/discord/client.py", line 465, in _run_event
    await coro(*args, **kwargs)
  File "/app/asu_discord/cogs/analytics.py", line 652, in on_member_update
    before_timeout = before.timed_out_until
                     ^^^^^^^^^^^^^^^^^^^^^^
AttributeError: 'Member' object has no attribute 'timed_out_until'
Ignoring exception in on_member_update
Traceback (most recent call last):
  File "/usr/local/lib/python3.12/site-packages/discord/client.py", line 465, in _run_event
    await coro(*args, **kwargs)
  File "/app/asu_discord/cogs/analytics.py", line 652, in on_member_update
    before_timeout = before.timed_out_until
                     ^^^^^^^^^^^^^^^^^^^^^^
AttributeError: 'Member' object has no attribute 'timed_out_until'
Ignoring exception in on_member_update
Traceback (most recent call last):
  File "/usr/local/lib/python3.12/site-packages/discord/client.py", line 465, in _run_event
    await coro(*args, **kwargs)
  File "/app/asu_discord/cogs/analytics.py", line 652, in on_member_update
    before_timeout = before.timed_out_until
                     ^^^^^^^^^^^^^^^^^^^^^^
AttributeError: 'Member' object has no attribute 'timed_out_until'
INFO:asu_discord.cogs.verification:Saved 4 roles to database for user ameirale (Discord ID: 574690734268219414)
INFO:asu_discord.cogs.verification:Refreshed Salesforce roles for Discord user 574690734268219414: -4/+4 roles, assigned=[Arizona Resident, College of Liberal Arts and Sciences, First Year, Tempe]
Ignoring exception in on_member_update
Traceback (most recent call last):
  File "/usr/local/lib/python3.12/site-packages/discord/client.py", line 465, in _run_event
    await coro(*args, **kwargs)
  File "/app/asu_discord/cogs/analytics.py", line 652, in on_member_update
    before_timeout = before.timed_out_until
                     ^^^^^^^^^^^^^^^^^^^^^^
AttributeError: 'Member' object has no attribute 'timed_out_until'
Ignoring exception in on_member_update
Traceback (most recent call last):
  File "/usr/local/lib/python3.12/site-packages/discord/client.py", line 465, in _run_event
    await coro(*args, **kwargs)
  File "/app/asu_discord/cogs/analytics.py", line 652, in on_member_update
    before_timeout = before.timed_out_until
                     ^^^^^^^^^^^^^^^^^^^^^^
AttributeError: 'Member' object has no attribute 'timed_out_until'
Ignoring exception in on_member_update
Traceback (most recent call last):
  File "/usr/local/lib/python3.12/site-packages/discord/client.py", line 465, in _run_event
    await coro(*args, **kwargs)
  File "/app/asu_discord/cogs/analytics.py", line 652, in on_member_update
    before_timeout = before.timed_out_until
                     ^^^^^^^^^^^^^^^^^^^^^^
AttributeError: 'Member' object has no attribute 'timed_out_until'
Ignoring exception in on_member_update
Traceback (most recent call last):
  File "/usr/local/lib/python3.12/site-packages/discord/client.py", line 465, in _run_event
    await coro(*args, **kwargs)
  File "/app/asu_discord/cogs/analytics.py", line 652, in on_member_update
    before_timeout = before.timed_out_until
                     ^^^^^^^^^^^^^^^^^^^^^^
AttributeError: 'Member' object has no attribute 'timed_out_until'
Ignoring exception in on_member_update
Traceback (most recent call last):
  File "/usr/local/lib/python3.12/site-packages/discord/client.py", line 465, in _run_event
    await coro(*args, **kwargs)
  File "/app/asu_discord/cogs/analytics.py", line 652, in on_member_update
    before_timeout = before.timed_out_until
                     ^^^^^^^^^^^^^^^^^^^^^^
AttributeError: 'Member' object has no attribute 'timed_out_until'
Ignoring exception in on_member_update
Traceback (most recent call last):
  File "/usr/local/lib/python3.12/site-packages/discord/client.py", line 465, in _run_event
    await coro(*args, **kwargs)
  File "/app/asu_discord/cogs/analytics.py", line 652, in on_member_update
    before_timeout = before.timed_out_until
                     ^^^^^^^^^^^^^^^^^^^^^^
AttributeError: 'Member' object has no attribute 'timed_out_until'
Ignoring exception in on_member_update
Traceback (most recent call last):
  File "/usr/local/lib/python3.12/site-packages/discord/client.py", line 465, in _run_event
    await coro(*args, **kwargs)
  File "/app/asu_discord/cogs/analytics.py", line 652, in on_member_update
    before_timeout = before.timed_out_until
                     ^^^^^^^^^^^^^^^^^^^^^^
AttributeError: 'Member' object has no attribute 'timed_out_until'
Ignoring exception in on_member_update
Traceback (most recent call last):
  File "/usr/local/lib/python3.12/site-packages/discord/client.py", line 465, in _run_event
    await coro(*args, **kwargs)
  File "/app/asu_discord/cogs/analytics.py", line 652, in on_member_update
    before_timeout = before.timed_out_until
                     ^^^^^^^^^^^^^^^^^^^^^^
AttributeError: 'Member' object has no attribute 'timed_out_until'
Ignoring exception in on_member_update
Traceback (most recent call last):
  File "/usr/local/lib/python3.12/site-packages/discord/client.py", line 465, in _run_event
    await coro(*args, **kwargs)
  File "/app/asu_discord/cogs/analytics.py", line 652, in on_member_update
    before_timeout = before.timed_out_until
                     ^^^^^^^^^^^^^^^^^^^^^^
AttributeError: 'Member' object has no attribute 'timed_out_until'
Ignoring exception in on_member_update
Traceback (most recent call last):
  File "/usr/local/lib/python3.12/site-packages/discord/client.py", line 465, in _run_event
    await coro(*args, **kwargs)
  File "/app/asu_discord/cogs/analytics.py", line 652, in on_member_update
    before_timeout = before.timed_out_until
                     ^^^^^^^^^^^^^^^^^^^^^^
AttributeError: 'Member' object has no attribute 'timed_out_until'
INFO:asu_discord.cogs.verification:Saved 5 roles to database for user srdesou1 (Discord ID: 1080884176703721472)
INFO:asu_discord.cogs.verification:Refreshed Salesforce roles for Discord user 1080884176703721472: -5/+5 roles, assigned=[Arizona Resident, First Generation Student, First Year, Ira A. Fulton Schools of Engineering, West Valley]
Ignoring exception in on_member_update
Traceback (most recent call last):
  File "/usr/local/lib/python3.12/site-packages/discord/client.py", line 465, in _run_event
    await coro(*args, **kwargs)
  File "/app/asu_discord/cogs/analytics.py", line 652, in on_member_update
    before_timeout = before.timed_out_until
                     ^^^^^^^^^^^^^^^^^^^^^^
AttributeError: 'Member' object has no attribute 'timed_out_until'
INFO:asu_discord.cogs.verification:Saved 1 roles to database for user rdiamon4 (Discord ID: 661051662903017513)
INFO:asu_discord.cogs.verification:Refreshed Salesforce roles for Discord user 661051662903017513: -0/+1 roles, assigned=[Out of State]
Ignoring exception in on_member_update
Traceback (most recent call last):
  File "/usr/local/lib/python3.12/site-packages/discord/client.py", line 465, in _run_event
    await coro(*args, **kwargs)
  File "/app/asu_discord/cogs/analytics.py", line 652, in on_member_update
    before_timeout = before.timed_out_until
                     ^^^^^^^^^^^^^^^^^^^^^^
AttributeError: 'Member' object has no attribute 'timed_out_until'
Ignoring exception in on_member_update
Traceback (most recent call last):
  File "/usr/local/lib/python3.12/site-packages/discord/client.py", line 465, in _run_event
    await coro(*args, **kwargs)
  File "/app/asu_discord/cogs/analytics.py", line 652, in on_member_update
    before_timeout = before.timed_out_until
                     ^^^^^^^^^^^^^^^^^^^^^^
AttributeError: 'Member' object has no attribute 'timed_out_until'
Ignoring exception in on_member_update
Traceback (most recent call last):
  File "/usr/local/lib/python3.12/site-packages/discord/client.py", line 465, in _run_event
    await coro(*args, **kwargs)
  File "/app/asu_discord/cogs/analytics.py", line 652, in on_member_update
    before_timeout = before.timed_out_until
                     ^^^^^^^^^^^^^^^^^^^^^^
AttributeError: 'Member' object has no attribute 'timed_out_until'
Ignoring exception in on_member_update
Traceback (most recent call last):
  File "/usr/local/lib/python3.12/site-packages/discord/client.py", line 465, in _run_event
    await coro(*args, **kwargs)
  File "/app/asu_discord/cogs/analytics.py", line 652, in on_member_update
    before_timeout = before.timed_out_until
                     ^^^^^^^^^^^^^^^^^^^^^^
AttributeError: 'Member' object has no attribute 'timed_out_until'
Ignoring exception in on_member_update
Traceback (most recent call last):
  File "/usr/local/lib/python3.12/site-packages/discord/client.py", line 465, in _run_event
    await coro(*args, **kwargs)
  File "/app/asu_discord/cogs/analytics.py", line 652, in on_member_update
    before_timeout = before.timed_out_until
                     ^^^^^^^^^^^^^^^^^^^^^^
AttributeError: 'Member' object has no attribute 'timed_out_until'
Ignoring exception in on_member_update
Traceback (most recent call last):
  File "/usr/local/lib/python3.12/site-packages/discord/client.py", line 465, in _run_event
    await coro(*args, **kwargs)
  File "/app/asu_discord/cogs/analytics.py", line 652, in on_member_update
    before_timeout = before.timed_out_until
                     ^^^^^^^^^^^^^^^^^^^^^^
AttributeError: 'Member' object has no attribute 'timed_out_until'
Ignoring exception in on_member_update
Traceback (most recent call last):
  File "/usr/local/lib/python3.12/site-packages/discord/client.py", line 465, in _run_event
    await coro(*args, **kwargs)
  File "/app/asu_discord/cogs/analytics.py", line 652, in on_member_update
    before_timeout = before.timed_out_until
                     ^^^^^^^^^^^^^^^^^^^^^^
AttributeError: 'Member' object has no attribute 'timed_out_until'
Ignoring exception in on_member_update
Traceback (most recent call last):
  File "/usr/local/lib/python3.12/site-packages/discord/client.py", line 465, in _run_event
    await coro(*args, **kwargs)
  File "/app/asu_discord/cogs/analytics.py", line 652, in on_member_update
    before_timeout = before.timed_out_until
                     ^^^^^^^^^^^^^^^^^^^^^^
AttributeError: 'Member' object has no attribute 'timed_out_until'
Ignoring exception in on_member_update
Traceback (most recent call last):
  File "/usr/local/lib/python3.12/site-packages/discord/client.py", line 465, in _run_event
    await coro(*args, **kwargs)
  File "/app/asu_discord/cogs/analytics.py", line 652, in on_member_update
    before_timeout = before.timed_out_until
                     ^^^^^^^^^^^^^^^^^^^^^^
AttributeError: 'Member' object has no attribute 'timed_out_until'
Ignoring exception in on_member_update
Traceback (most recent call last):
  File "/usr/local/lib/python3.12/site-packages/discord/client.py", line 465, in _run_event
    await coro(*args, **kwargs)
  File "/app/asu_discord/cogs/analytics.py", line 652, in on_member_update
    before_timeout = before.timed_out_until
                     ^^^^^^^^^^^^^^^^^^^^^^
AttributeError: 'Member' object has no attribute 'timed_out_until'
INFO:asu_discord.cogs.verification:Saved 5 roles to database for user jvaldi12 (Discord ID: 1462369633913929728)
INFO:asu_discord.cogs.verification:Refreshed Salesforce roles for Discord user 1462369633913929728: -5/+5 roles, assigned=[Arizona Resident, College of Health Solutions, First Generation Student, First Year, Polytechnic]
Ignoring exception in on_member_update
Traceback (most recent call last):
  File "/usr/local/lib/python3.12/site-packages/discord/client.py", line 465, in _run_event
    await coro(*args, **kwargs)
  File "/app/asu_discord/cogs/analytics.py", line 652, in on_member_update
    before_timeout = before.timed_out_until
                     ^^^^^^^^^^^^^^^^^^^^^^
AttributeError: 'Member' object has no attribute 'timed_out_until'
Ignoring exception in on_member_update
Traceback (most recent call last):
  File "/usr/local/lib/python3.12/site-packages/discord/client.py", line 465, in _run_event
    await coro(*args, **kwargs)
  File "/app/asu_discord/cogs/analytics.py", line 652, in on_member_update
    before_timeout = before.timed_out_until
                     ^^^^^^^^^^^^^^^^^^^^^^
AttributeError: 'Member' object has no attribute 'timed_out_until'
Ignoring exception in on_member_update
Traceback (most recent call last):
  File "/usr/local/lib/python3.12/site-packages/discord/client.py", line 465, in _run_event
    await coro(*args, **kwargs)
  File "/app/asu_discord/cogs/analytics.py", line 652, in on_member_update
    before_timeout = before.timed_out_until
                     ^^^^^^^^^^^^^^^^^^^^^^
AttributeError: 'Member' object has no attribute 'timed_out_until'
Ignoring exception in on_member_update
Traceback (most recent call last):
  File "/usr/local/lib/python3.12/site-packages/discord/client.py", line 465, in _run_event
    await coro(*args, **kwargs)
  File "/app/asu_discord/cogs/analytics.py", line 652, in on_member_update
    before_timeout = before.timed_out_until
                     ^^^^^^^^^^^^^^^^^^^^^^
AttributeError: 'Member' object has no attribute 'timed_out_until'
Ignoring exception in on_member_update
Traceback (most recent call last):
  File "/usr/local/lib/python3.12/site-packages/discord/client.py", line 465, in _run_event
    await coro(*args, **kwargs)
  File "/app/asu_discord/cogs/analytics.py", line 652, in on_member_update
    before_timeout = before.timed_out_until
                     ^^^^^^^^^^^^^^^^^^^^^^
AttributeError: 'Member' object has no attribute 'timed_out_until'
Ignoring exception in on_member_update
Traceback (most recent call last):
  File "/usr/local/lib/python3.12/site-packages/discord/client.py", line 465, in _run_event
    await coro(*args, **kwargs)
  File "/app/asu_discord/cogs/analytics.py", line 652, in on_member_update
    before_timeout = before.timed_out_until
                     ^^^^^^^^^^^^^^^^^^^^^^
AttributeError: 'Member' object has no attribute 'timed_out_until'
Ignoring exception in on_member_update
Traceback (most recent call last):
  File "/usr/local/lib/python3.12/site-packages/discord/client.py", line 465, in _run_event
    await coro(*args, **kwargs)
  File "/app/asu_discord/cogs/analytics.py", line 652, in on_member_update
    before_timeout = before.timed_out_until
                     ^^^^^^^^^^^^^^^^^^^^^^
AttributeError: 'Member' object has no attribute 'timed_out_until'
Ignoring exception in on_member_update
Traceback (most recent call last):
  File "/usr/local/lib/python3.12/site-packages/discord/client.py", line 465, in _run_event
    await coro(*args, **kwargs)
  File "/app/asu_discord/cogs/analytics.py", line 652, in on_member_update
    before_timeout = before.timed_out_until
                     ^^^^^^^^^^^^^^^^^^^^^^
AttributeError: 'Member' object has no attribute 'timed_out_until'
INFO:asu_discord.cogs.verification:Saved 4 roles to database for user kmalla1 (Discord ID: 1462452209974382845)
INFO:asu_discord.cogs.verification:Refreshed Salesforce roles for Discord user 1462452209974382845: -4/+4 roles, assigned=[Graduate Student, International Student, Ira A. Fulton Schools of Engineering, Polytechnic]
Ignoring exception in on_member_update
Traceback (most recent call last):
  File "/usr/local/lib/python3.12/site-packages/discord/client.py", line 465, in _run_event
    await coro(*args, **kwargs)
  File "/app/asu_discord/cogs/analytics.py", line 652, in on_member_update
    before_timeout = before.timed_out_until
                     ^^^^^^^^^^^^^^^^^^^^^^
AttributeError: 'Member' object has no attribute 'timed_out_until'
Ignoring exception in on_member_update
Traceback (most recent call last):
  File "/usr/local/lib/python3.12/site-packages/discord/client.py", line 465, in _run_event
    await coro(*args, **kwargs)
  File "/app/asu_discord/cogs/analytics.py", line 652, in on_member_update
    before_timeout = before.timed_out_until
                     ^^^^^^^^^^^^^^^^^^^^^^
AttributeError: 'Member' object has no attribute 'timed_out_until'
Ignoring exception in on_member_update
Traceback (most recent call last):
  File "/usr/local/lib/python3.12/site-packages/discord/client.py", line 465, in _run_event
    await coro(*args, **kwargs)
  File "/app/asu_discord/cogs/analytics.py", line 652, in on_member_update
    before_timeout = before.timed_out_until
                     ^^^^^^^^^^^^^^^^^^^^^^
AttributeError: 'Member' object has no attribute 'timed_out_until'
Ignoring exception in on_member_update
Traceback (most recent call last):
  File "/usr/local/lib/python3.12/site-packages/discord/client.py", line 465, in _run_event
    await coro(*args, **kwargs)
  File "/app/asu_discord/cogs/analytics.py", line 652, in on_member_update
    before_timeout = before.timed_out_until
                     ^^^^^^^^^^^^^^^^^^^^^^
AttributeError: 'Member' object has no attribute 'timed_out_until'
Ignoring exception in on_member_update
Traceback (most recent call last):
  File "/usr/local/lib/python3.12/site-packages/discord/client.py", line 465, in _run_event
    await coro(*args, **kwargs)
  File "/app/asu_discord/cogs/analytics.py", line 652, in on_member_update
    before_timeout = before.timed_out_until
                     ^^^^^^^^^^^^^^^^^^^^^^
AttributeError: 'Member' object has no attribute 'timed_out_until'
Ignoring exception in on_member_update
Traceback (most recent call last):
  File "/usr/local/lib/python3.12/site-packages/discord/client.py", line 465, in _run_event
    await coro(*args, **kwargs)
  File "/app/asu_discord/cogs/analytics.py", line 652, in on_member_update
    before_timeout = before.timed_out_until
                     ^^^^^^^^^^^^^^^^^^^^^^
AttributeError: 'Member' object has no attribute 'timed_out_until'
Ignoring exception in on_member_update
Traceback (most recent call last):
  File "/usr/local/lib/python3.12/site-packages/discord/client.py", line 465, in _run_event
    await coro(*args, **kwargs)
  File "/app/asu_discord/cogs/analytics.py", line 652, in on_member_update
    before_timeout = before.timed_out_until
                     ^^^^^^^^^^^^^^^^^^^^^^
AttributeError: 'Member' object has no attribute 'timed_out_until'
Ignoring exception in on_member_update
Traceback (most recent call last):
  File "/usr/local/lib/python3.12/site-packages/discord/client.py", line 465, in _run_event
    await coro(*args, **kwargs)
  File "/app/asu_discord/cogs/analytics.py", line 652, in on_member_update
    before_timeout = before.timed_out_until
                     ^^^^^^^^^^^^^^^^^^^^^^
AttributeError: 'Member' object has no attribute 'timed_out_until'
Ignoring exception in on_member_update
Traceback (most recent call last):
  File "/usr/local/lib/python3.12/site-packages/discord/client.py", line 465, in _run_event
    await coro(*args, **kwargs)
  File "/app/asu_discord/cogs/analytics.py", line 652, in on_member_update
    before_timeout = before.timed_out_until
                     ^^^^^^^^^^^^^^^^^^^^^^
AttributeError: 'Member' object has no attribute 'timed_out_until'
Ignoring exception in on_member_update
Traceback (most recent call last):
  File "/usr/local/lib/python3.12/site-packages/discord/client.py", line 465, in _run_event
    await coro(*args, **kwargs)
  File "/app/asu_discord/cogs/analytics.py", line 652, in on_member_update
    before_timeout = before.timed_out_until
                     ^^^^^^^^^^^^^^^^^^^^^^
AttributeError: 'Member' object has no attribute 'timed_out_until'
INFO:asu_discord.cogs.verification:Saved 5 roles to database for user kmjone86 (Discord ID: 1188240643047301141)
INFO:asu_discord.cogs.verification:Refreshed Salesforce roles for Discord user 1188240643047301141: -5/+5 roles, assigned=[Arizona Resident, College of Integrative Sciences and Arts, Commited, First Year, Polytechnic]
Ignoring exception in on_member_update
Traceback (most recent call last):
  File "/usr/local/lib/python3.12/site-packages/discord/client.py", line 465, in _run_event
    await coro(*args, **kwargs)
  File "/app/asu_discord/cogs/analytics.py", line 652, in on_member_update
    before_timeout = before.timed_out_until
                     ^^^^^^^^^^^^^^^^^^^^^^
AttributeError: 'Member' object has no attribute 'timed_out_until'
Ignoring exception in on_member_update
Traceback (most recent call last):
  File "/usr/local/lib/python3.12/site-packages/discord/client.py", line 465, in _run_event
    await coro(*args, **kwargs)
  File "/app/asu_discord/cogs/analytics.py", line 652, in on_member_update
    before_timeout = before.timed_out_until
                     ^^^^^^^^^^^^^^^^^^^^^^
AttributeError: 'Member' object has no attribute 'timed_out_until'
Ignoring exception in on_member_update
Traceback (most recent call last):
  File "/usr/local/lib/python3.12/site-packages/discord/client.py", line 465, in _run_event
    await coro(*args, **kwargs)
  File "/app/asu_discord/cogs/analytics.py", line 652, in on_member_update
    before_timeout = before.timed_out_until
                     ^^^^^^^^^^^^^^^^^^^^^^
AttributeError: 'Member' object has no attribute 'timed_out_until'
Ignoring exception in on_member_update
Traceback (most recent call last):
  File "/usr/local/lib/python3.12/site-packages/discord/client.py", line 465, in _run_event
    await coro(*args, **kwargs)
  File "/app/asu_discord/cogs/analytics.py", line 652, in on_member_update
    before_timeout = before.timed_out_until
                     ^^^^^^^^^^^^^^^^^^^^^^
AttributeError: 'Member' object has no attribute 'timed_out_until'
Ignoring exception in on_member_update
Traceback (most recent call last):
  File "/usr/local/lib/python3.12/site-packages/discord/client.py", line 465, in _run_event
    await coro(*args, **kwargs)
  File "/app/asu_discord/cogs/analytics.py", line 652, in on_member_update
    before_timeout = before.timed_out_until
                     ^^^^^^^^^^^^^^^^^^^^^^
AttributeError: 'Member' object has no attribute 'timed_out_until'
Ignoring exception in on_member_update
Traceback (most recent call last):
  File "/usr/local/lib/python3.12/site-packages/discord/client.py", line 465, in _run_event
    await coro(*args, **kwargs)
  File "/app/asu_discord/cogs/analytics.py", line 652, in on_member_update
    before_timeout = before.timed_out_until
                     ^^^^^^^^^^^^^^^^^^^^^^
AttributeError: 'Member' object has no attribute 'timed_out_until'
Ignoring exception in on_member_update
Traceback (most recent call last):
  File "/usr/local/lib/python3.12/site-packages/discord/client.py", line 465, in _run_event
    await coro(*args, **kwargs)
  File "/app/asu_discord/cogs/analytics.py", line 652, in on_member_update
    before_timeout = before.timed_out_until
                     ^^^^^^^^^^^^^^^^^^^^^^
AttributeError: 'Member' object has no attribute 'timed_out_until'
Ignoring exception in on_member_update
Traceback (most recent call last):
  File "/usr/local/lib/python3.12/site-packages/discord/client.py", line 465, in _run_event
    await coro(*args, **kwargs)
  File "/app/asu_discord/cogs/analytics.py", line 652, in on_member_update
    before_timeout = before.timed_out_until
                     ^^^^^^^^^^^^^^^^^^^^^^
AttributeError: 'Member' object has no attribute 'timed_out_until'
INFO:asu_discord.cogs.verification:Saved 4 roles to database for user dvanos (Discord ID: 1435698726890115195)
INFO:asu_discord.cogs.verification:Refreshed Salesforce roles for Discord user 1435698726890115195: -4/+4 roles, assigned=[Arizona Resident, First Year, Ira A. Fulton Schools of Engineering, Polytechnic]
Ignoring exception in on_member_update
Traceback (most recent call last):
  File "/usr/local/lib/python3.12/site-packages/discord/client.py", line 465, in _run_event
    await coro(*args, **kwargs)
  File "/app/asu_discord/cogs/analytics.py", line 652, in on_member_update
    before_timeout = before.timed_out_until
                     ^^^^^^^^^^^^^^^^^^^^^^
AttributeError: 'Member' object has no attribute 'timed_out_until'
Ignoring exception in on_member_update
Traceback (most recent call last):
  File "/usr/local/lib/python3.12/site-packages/discord/client.py", line 465, in _run_event
    await coro(*args, **kwargs)
  File "/app/asu_discord/cogs/analytics.py", line 652, in on_member_update
    before_timeout = before.timed_out_until
                     ^^^^^^^^^^^^^^^^^^^^^^
AttributeError: 'Member' object has no attribute 'timed_out_until'
Ignoring exception in on_member_update
Traceback (most recent call last):
  File "/usr/local/lib/python3.12/site-packages/discord/client.py", line 465, in _run_event
    await coro(*args, **kwargs)
  File "/app/asu_discord/cogs/analytics.py", line 652, in on_member_update
    before_timeout = before.timed_out_until
                     ^^^^^^^^^^^^^^^^^^^^^^
AttributeError: 'Member' object has no attribute 'timed_out_until'
Ignoring exception in on_member_update
Traceback (most recent call last):
  File "/usr/local/lib/python3.12/site-packages/discord/client.py", line 465, in _run_event
    await coro(*args, **kwargs)
  File "/app/asu_discord/cogs/analytics.py", line 652, in on_member_update
    before_timeout = before.timed_out_until
                     ^^^^^^^^^^^^^^^^^^^^^^
AttributeError: 'Member' object has no attribute 'timed_out_until'
Ignoring exception in on_member_update
Traceback (most recent call last):
  File "/usr/local/lib/python3.12/site-packages/discord/client.py", line 465, in _run_event
    await coro(*args, **kwargs)
  File "/app/asu_discord/cogs/analytics.py", line 652, in on_member_update
    before_timeout = before.timed_out_until
                     ^^^^^^^^^^^^^^^^^^^^^^
AttributeError: 'Member' object has no attribute 'timed_out_until'
Ignoring exception in on_member_update
Traceback (most recent call last):
  File "/usr/local/lib/python3.12/site-packages/discord/client.py", line 465, in _run_event
    await coro(*args, **kwargs)
  File "/app/asu_discord/cogs/analytics.py", line 652, in on_member_update
    before_timeout = before.timed_out_until
                     ^^^^^^^^^^^^^^^^^^^^^^
AttributeError: 'Member' object has no attribute 'timed_out_until'
Ignoring exception in on_member_update
Traceback (most recent call last):
  File "/usr/local/lib/python3.12/site-packages/discord/client.py", line 465, in _run_event
    await coro(*args, **kwargs)
  File "/app/asu_discord/cogs/analytics.py", line 652, in on_member_update
    before_timeout = before.timed_out_until
                     ^^^^^^^^^^^^^^^^^^^^^^
AttributeError: 'Member' object has no attribute 'timed_out_until'
Ignoring exception in on_member_update
Traceback (most recent call last):
  File "/usr/local/lib/python3.12/site-packages/discord/client.py", line 465, in _run_event
    await coro(*args, **kwargs)
  File "/app/asu_discord/cogs/analytics.py", line 652, in on_member_update
    before_timeout = before.timed_out_until
                     ^^^^^^^^^^^^^^^^^^^^^^
AttributeError: 'Member' object has no attribute 'timed_out_until'
INFO:asu_discord.cogs.verification:Saved 4 roles to database for user hsinhuaw (Discord ID: 882059984047849512)
INFO:asu_discord.cogs.verification:Refreshed Salesforce roles for Discord user 882059984047849512: -4/+4 roles, assigned=[Graduate Student, International Student, W.P. Carey School of Business, West Valley]
Ignoring exception in on_member_update
Traceback (most recent call last):
  File "/usr/local/lib/python3.12/site-packages/discord/client.py", line 465, in _run_event
    await coro(*args, **kwargs)
  File "/app/asu_discord/cogs/analytics.py", line 652, in on_member_update
    before_timeout = before.timed_out_until
                     ^^^^^^^^^^^^^^^^^^^^^^
AttributeError: 'Member' object has no attribute 'timed_out_until'
Ignoring exception in on_member_update
Traceback (most recent call last):
  File "/usr/local/lib/python3.12/site-packages/discord/client.py", line 465, in _run_event
    await coro(*args, **kwargs)
  File "/app/asu_discord/cogs/analytics.py", line 652, in on_member_update
    before_timeout = before.timed_out_until
                     ^^^^^^^^^^^^^^^^^^^^^^
AttributeError: 'Member' object has no attribute 'timed_out_until'
Ignoring exception in on_member_update
Traceback (most recent call last):
  File "/usr/local/lib/python3.12/site-packages/discord/client.py", line 465, in _run_event
    await coro(*args, **kwargs)
  File "/app/asu_discord/cogs/analytics.py", line 652, in on_member_update
    before_timeout = before.timed_out_until
                     ^^^^^^^^^^^^^^^^^^^^^^
AttributeError: 'Member' object has no attribute 'timed_out_until'
Ignoring exception in on_member_update
Traceback (most recent call last):
  File "/usr/local/lib/python3.12/site-packages/discord/client.py", line 465, in _run_event
    await coro(*args, **kwargs)
  File "/app/asu_discord/cogs/analytics.py", line 652, in on_member_update
    before_timeout = before.timed_out_until
                     ^^^^^^^^^^^^^^^^^^^^^^
AttributeError: 'Member' object has no attribute 'timed_out_until'
Ignoring exception in on_member_update
Traceback (most recent call last):
  File "/usr/local/lib/python3.12/site-packages/discord/client.py", line 465, in _run_event
    await coro(*args, **kwargs)
  File "/app/asu_discord/cogs/analytics.py", line 652, in on_member_update
    before_timeout = before.timed_out_until
                     ^^^^^^^^^^^^^^^^^^^^^^
AttributeError: 'Member' object has no attribute 'timed_out_until'
Ignoring exception in on_member_update
Traceback (most recent call last):
  File "/usr/local/lib/python3.12/site-packages/discord/client.py", line 465, in _run_event
    await coro(*args, **kwargs)
  File "/app/asu_discord/cogs/analytics.py", line 652, in on_member_update
    before_timeout = before.timed_out_until
                     ^^^^^^^^^^^^^^^^^^^^^^
AttributeError: 'Member' object has no attribute 'timed_out_until'
Ignoring exception in on_member_update
Traceback (most recent call last):
  File "/usr/local/lib/python3.12/site-packages/discord/client.py", line 465, in _run_event
    await coro(*args, **kwargs)
  File "/app/asu_discord/cogs/analytics.py", line 652, in on_member_update
    before_timeout = before.timed_out_until
                     ^^^^^^^^^^^^^^^^^^^^^^
AttributeError: 'Member' object has no attribute 'timed_out_until'
Ignoring exception in on_member_update
Traceback (most recent call last):
  File "/usr/local/lib/python3.12/site-packages/discord/client.py", line 465, in _run_event
    await coro(*args, **kwargs)
  File "/app/asu_discord/cogs/analytics.py", line 652, in on_member_update
    before_timeout = before.timed_out_until
                     ^^^^^^^^^^^^^^^^^^^^^^
AttributeError: 'Member' object has no attribute 'timed_out_until'
Ignoring exception in on_member_update
Traceback (most recent call last):
  File "/usr/local/lib/python3.12/site-packages/discord/client.py", line 465, in _run_event
    await coro(*args, **kwargs)
  File "/app/asu_discord/cogs/analytics.py", line 652, in on_member_update
    before_timeout = before.timed_out_until
                     ^^^^^^^^^^^^^^^^^^^^^^
AttributeError: 'Member' object has no attribute 'timed_out_until'
Ignoring exception in on_member_update
Traceback (most recent call last):
  File "/usr/local/lib/python3.12/site-packages/discord/client.py", line 465, in _run_event
    await coro(*args, **kwargs)
  File "/app/asu_discord/cogs/analytics.py", line 652, in on_member_update
    before_timeout = before.timed_out_until
                     ^^^^^^^^^^^^^^^^^^^^^^
AttributeError: 'Member' object has no attribute 'timed_out_until'
INFO:asu_discord.cogs.verification:Saved 5 roles to database for user kdevaney (Discord ID: 893223201168044072)
INFO:asu_discord.cogs.verification:Refreshed Salesforce roles for Discord user 893223201168044072: -5/+5 roles, assigned=[Arizona Resident, Commited, First Year, Ira A. Fulton Schools of Engineering, Tempe]
Ignoring exception in on_member_update
Traceback (most recent call last):
  File "/usr/local/lib/python3.12/site-packages/discord/client.py", line 465, in _run_event
    await coro(*args, **kwargs)
  File "/app/asu_discord/cogs/analytics.py", line 652, in on_member_update
    before_timeout = before.timed_out_until
                     ^^^^^^^^^^^^^^^^^^^^^^
AttributeError: 'Member' object has no attribute 'timed_out_until'
Ignoring exception in on_member_update
Traceback (most recent call last):
  File "/usr/local/lib/python3.12/site-packages/discord/client.py", line 465, in _run_event
    await coro(*args, **kwargs)
  File "/app/asu_discord/cogs/analytics.py", line 652, in on_member_update
    before_timeout = before.timed_out_until
                     ^^^^^^^^^^^^^^^^^^^^^^
AttributeError: 'Member' object has no attribute 'timed_out_until'
Ignoring exception in on_member_update
Traceback (most recent call last):
  File "/usr/local/lib/python3.12/site-packages/discord/client.py", line 465, in _run_event
    await coro(*args, **kwargs)
  File "/app/asu_discord/cogs/analytics.py", line 652, in on_member_update
    before_timeout = before.timed_out_until
                     ^^^^^^^^^^^^^^^^^^^^^^
AttributeError: 'Member' object has no attribute 'timed_out_until'
Ignoring exception in on_member_update
Traceback (most recent call last):
  File "/usr/local/lib/python3.12/site-packages/discord/client.py", line 465, in _run_event
    await coro(*args, **kwargs)
  File "/app/asu_discord/cogs/analytics.py", line 652, in on_member_update
    before_timeout = before.timed_out_until
                     ^^^^^^^^^^^^^^^^^^^^^^
AttributeError: 'Member' object has no attribute 'timed_out_until'
Ignoring exception in on_member_update
Traceback (most recent call last):
  File "/usr/local/lib/python3.12/site-packages/discord/client.py", line 465, in _run_event
    await coro(*args, **kwargs)
  File "/app/asu_discord/cogs/analytics.py", line 652, in on_member_update
    before_timeout = before.timed_out_until
                     ^^^^^^^^^^^^^^^^^^^^^^
AttributeError: 'Member' object has no attribute 'timed_out_until'
Ignoring exception in on_member_update
Traceback (most recent call last):
  File "/usr/local/lib/python3.12/site-packages/discord/client.py", line 465, in _run_event
    await coro(*args, **kwargs)
  File "/app/asu_discord/cogs/analytics.py", line 652, in on_member_update
    before_timeout = before.timed_out_until
                     ^^^^^^^^^^^^^^^^^^^^^^
AttributeError: 'Member' object has no attribute 'timed_out_until'
Ignoring exception in on_member_update
Traceback (most recent call last):
  File "/usr/local/lib/python3.12/site-packages/discord/client.py", line 465, in _run_event
    await coro(*args, **kwargs)
  File "/app/asu_discord/cogs/analytics.py", line 652, in on_member_update
    before_timeout = before.timed_out_until
                     ^^^^^^^^^^^^^^^^^^^^^^
AttributeError: 'Member' object has no attribute 'timed_out_until'
Ignoring exception in on_member_update
Traceback (most recent call last):
  File "/usr/local/lib/python3.12/site-packages/discord/client.py", line 465, in _run_event
    await coro(*args, **kwargs)
  File "/app/asu_discord/cogs/analytics.py", line 652, in on_member_update
    before_timeout = before.timed_out_until
                     ^^^^^^^^^^^^^^^^^^^^^^
AttributeError: 'Member' object has no attribute 'timed_out_until'
Ignoring exception in on_member_update
Traceback (most recent call last):
  File "/usr/local/lib/python3.12/site-packages/discord/client.py", line 465, in _run_event
    await coro(*args, **kwargs)
  File "/app/asu_discord/cogs/analytics.py", line 652, in on_member_update
    before_timeout = before.timed_out_until
                     ^^^^^^^^^^^^^^^^^^^^^^
AttributeError: 'Member' object has no attribute 'timed_out_until'
Ignoring exception in on_member_update
Traceback (most recent call last):
  File "/usr/local/lib/python3.12/site-packages/discord/client.py", line 465, in _run_event
    await coro(*args, **kwargs)
  File "/app/asu_discord/cogs/analytics.py", line 652, in on_member_update
    before_timeout = before.timed_out_until
                     ^^^^^^^^^^^^^^^^^^^^^^
AttributeError: 'Member' object has no attribute 'timed_out_until'
INFO:asu_discord.cogs.verification:Saved 5 roles to database for user timansfi (Discord ID: 1018884187333329077)
INFO:asu_discord.cogs.verification:Refreshed Salesforce roles for Discord user 1018884187333329077: -5/+5 roles, assigned=[Arizona Resident, Commited, First Year, Herberger Institute for Design and the Arts, Tempe]
Ignoring exception in on_member_update
Traceback (most recent call last):
  File "/usr/local/lib/python3.12/site-packages/discord/client.py", line 465, in _run_event
    await coro(*args, **kwargs)
  File "/app/asu_discord/cogs/analytics.py", line 652, in on_member_update
    before_timeout = before.timed_out_until
                     ^^^^^^^^^^^^^^^^^^^^^^
AttributeError: 'Member' object has no attribute 'timed_out_until'
Ignoring exception in on_member_update
Traceback (most recent call last):
  File "/usr/local/lib/python3.12/site-packages/discord/client.py", line 465, in _run_event
    await coro(*args, **kwargs)
  File "/app/asu_discord/cogs/analytics.py", line 652, in on_member_update
    before_timeout = before.timed_out_until
                     ^^^^^^^^^^^^^^^^^^^^^^
AttributeError: 'Member' object has no attribute 'timed_out_until'
Ignoring exception in on_member_update
Traceback (most recent call last):
  File "/usr/local/lib/python3.12/site-packages/discord/client.py", line 465, in _run_event
    await coro(*args, **kwargs)
  File "/app/asu_discord/cogs/analytics.py", line 652, in on_member_update
    before_timeout = before.timed_out_until
                     ^^^^^^^^^^^^^^^^^^^^^^
AttributeError: 'Member' object has no attribute 'timed_out_until'
Ignoring exception in on_member_update
Traceback (most recent call last):
  File "/usr/local/lib/python3.12/site-packages/discord/client.py", line 465, in _run_event
    await coro(*args, **kwargs)
  File "/app/asu_discord/cogs/analytics.py", line 652, in on_member_update
    before_timeout = before.timed_out_until
                     ^^^^^^^^^^^^^^^^^^^^^^
AttributeError: 'Member' object has no attribute 'timed_out_until'
Ignoring exception in on_member_update
Traceback (most recent call last):
  File "/usr/local/lib/python3.12/site-packages/discord/client.py", line 465, in _run_event
    await coro(*args, **kwargs)
  File "/app/asu_discord/cogs/analytics.py", line 652, in on_member_update
    before_timeout = before.timed_out_until
                     ^^^^^^^^^^^^^^^^^^^^^^
AttributeError: 'Member' object has no attribute 'timed_out_until'
Ignoring exception in on_member_update
Traceback (most recent call last):
  File "/usr/local/lib/python3.12/site-packages/discord/client.py", line 465, in _run_event
    await coro(*args, **kwargs)
  File "/app/asu_discord/cogs/analytics.py", line 652, in on_member_update
    before_timeout = before.timed_out_until
                     ^^^^^^^^^^^^^^^^^^^^^^
AttributeError: 'Member' object has no attribute 'timed_out_until'
ERROR:cron.jobs:refresh_salesforce_roles: failed for mchoud30 (Discord ID 996968422829215826): Timed out refresh Salesforce-based roles
Ignoring exception in on_member_update
Traceback (most recent call last):
  File "/usr/local/lib/python3.12/site-packages/discord/client.py", line 465, in _run_event
    await coro(*args, **kwargs)
  File "/app/asu_discord/cogs/analytics.py", line 652, in on_member_update
    before_timeout = before.timed_out_until
                     ^^^^^^^^^^^^^^^^^^^^^^
AttributeError: 'Member' object has no attribute 'timed_out_until'
Ignoring exception in on_member_update
Traceback (most recent call last):
  File "/usr/local/lib/python3.12/site-packages/discord/client.py", line 465, in _run_event
    await coro(*args, **kwargs)
  File "/app/asu_discord/cogs/analytics.py", line 652, in on_member_update
    before_timeout = before.timed_out_until
                     ^^^^^^^^^^^^^^^^^^^^^^
AttributeError: 'Member' object has no attribute 'timed_out_until'
Ignoring exception in on_member_update
Traceback (most recent call last):
  File "/usr/local/lib/python3.12/site-packages/discord/client.py", line 465, in _run_event
    await coro(*args, **kwargs)
  File "/app/asu_discord/cogs/analytics.py", line 652, in on_member_update
    before_timeout = before.timed_out_until
                     ^^^^^^^^^^^^^^^^^^^^^^
AttributeError: 'Member' object has no attribute 'timed_out_until'
Ignoring exception in on_member_update
Traceback (most recent call last):
  File "/usr/local/lib/python3.12/site-packages/discord/client.py", line 465, in _run_event
    await coro(*args, **kwargs)
  File "/app/asu_discord/cogs/analytics.py", line 652, in on_member_update
    before_timeout = before.timed_out_until
                     ^^^^^^^^^^^^^^^^^^^^^^
AttributeError: 'Member' object has no attribute 'timed_out_until'
Ignoring exception in on_member_update
Traceback (most recent call last):
  File "/usr/local/lib/python3.12/site-packages/discord/client.py", line 465, in _run_event
    await coro(*args, **kwargs)
  File "/app/asu_discord/cogs/analytics.py", line 652, in on_member_update
    before_timeout = before.timed_out_until
                     ^^^^^^^^^^^^^^^^^^^^^^
AttributeError: 'Member' object has no attribute 'timed_out_until'
Ignoring exception in on_member_update
Traceback (most recent call last):
  File "/usr/local/lib/python3.12/site-packages/discord/client.py", line 465, in _run_event
    await coro(*args, **kwargs)
  File "/app/asu_discord/cogs/analytics.py", line 652, in on_member_update
    before_timeout = before.timed_out_until
                     ^^^^^^^^^^^^^^^^^^^^^^
AttributeError: 'Member' object has no attribute 'timed_out_until'
Ignoring exception in on_member_update
Traceback (most recent call last):
  File "/usr/local/lib/python3.12/site-packages/discord/client.py", line 465, in _run_event
    await coro(*args, **kwargs)
  File "/app/asu_discord/cogs/analytics.py", line 652, in on_member_update
    before_timeout = before.timed_out_until
                     ^^^^^^^^^^^^^^^^^^^^^^
AttributeError: 'Member' object has no attribute 'timed_out_until'
Ignoring exception in on_member_update
Traceback (most recent call last):
  File "/usr/local/lib/python3.12/site-packages/discord/client.py", line 465, in _run_event
    await coro(*args, **kwargs)
  File "/app/asu_discord/cogs/analytics.py", line 652, in on_member_update
    before_timeout = before.timed_out_until
                     ^^^^^^^^^^^^^^^^^^^^^^
AttributeError: 'Member' object has no attribute 'timed_out_until'
Ignoring exception in on_member_update
Traceback (most recent call last):
  File "/usr/local/lib/python3.12/site-packages/discord/client.py", line 465, in _run_event
    await coro(*args, **kwargs)
  File "/app/asu_discord/cogs/analytics.py", line 652, in on_member_update
    before_timeout = before.timed_out_until
                     ^^^^^^^^^^^^^^^^^^^^^^
AttributeError: 'Member' object has no attribute 'timed_out_until'
Ignoring exception in on_member_update
Traceback (most recent call last):
  File "/usr/local/lib/python3.12/site-packages/discord/client.py", line 465, in _run_event
    await coro(*args, **kwargs)
  File "/app/asu_discord/cogs/analytics.py", line 652, in on_member_update
    before_timeout = before.timed_out_until
                     ^^^^^^^^^^^^^^^^^^^^^^
AttributeError: 'Member' object has no attribute 'timed_out_until'
Ignoring exception in on_member_update
Traceback (most recent call last):
  File "/usr/local/lib/python3.12/site-packages/discord/client.py", line 465, in _run_event
    await coro(*args, **kwargs)
  File "/app/asu_discord/cogs/analytics.py", line 652, in on_member_update
    before_timeout = before.timed_out_until
                     ^^^^^^^^^^^^^^^^^^^^^^
AttributeError: 'Member' object has no attribute 'timed_out_until'
INFO:asu_discord.cogs.verification:Saved 5 roles to database for user mgkanneh (Discord ID: 1452583258025099396)
INFO:asu_discord.cogs.verification:Refreshed Salesforce roles for Discord user 1452583258025099396: -5/+5 roles, assigned=[College of Global Futures, First Generation Student, Graduate Student, International Student, Tempe]
Ignoring exception in on_member_update
Traceback (most recent call last):
  File "/usr/local/lib/python3.12/site-packages/discord/client.py", line 465, in _run_event
    await coro(*args, **kwargs)
  File "/app/asu_discord/cogs/analytics.py", line 652, in on_member_update
    before_timeout = before.timed_out_until
                     ^^^^^^^^^^^^^^^^^^^^^^
AttributeError: 'Member' object has no attribute 'timed_out_until'
Ignoring exception in on_member_update
Traceback (most recent call last):
  File "/usr/local/lib/python3.12/site-packages/discord/client.py", line 465, in _run_event
    await coro(*args, **kwargs)
  File "/app/asu_discord/cogs/analytics.py", line 652, in on_member_update
    before_timeout = before.timed_out_until
                     ^^^^^^^^^^^^^^^^^^^^^^
AttributeError: 'Member' object has no attribute 'timed_out_until'
Ignoring exception in on_member_update
Traceback (most recent call last):
  File "/usr/local/lib/python3.12/site-packages/discord/client.py", line 465, in _run_event
    await coro(*args, **kwargs)
  File "/app/asu_discord/cogs/analytics.py", line 652, in on_member_update
    before_timeout = before.timed_out_until
                     ^^^^^^^^^^^^^^^^^^^^^^
AttributeError: 'Member' object has no attribute 'timed_out_until'
Ignoring exception in on_member_update
Traceback (most recent call last):
  File "/usr/local/lib/python3.12/site-packages/discord/client.py", line 465, in _run_event
    await coro(*args, **kwargs)
  File "/app/asu_discord/cogs/analytics.py", line 652, in on_member_update
    before_timeout = before.timed_out_until
                     ^^^^^^^^^^^^^^^^^^^^^^
AttributeError: 'Member' object has no attribute 'timed_out_until'
Ignoring exception in on_member_update
Traceback (most recent call last):
  File "/usr/local/lib/python3.12/site-packages/discord/client.py", line 465, in _run_event
    await coro(*args, **kwargs)
  File "/app/asu_discord/cogs/analytics.py", line 652, in on_member_update
    before_timeout = before.timed_out_until
                     ^^^^^^^^^^^^^^^^^^^^^^
AttributeError: 'Member' object has no attribute 'timed_out_until'
Ignoring exception in on_member_update
Traceback (most recent call last):
  File "/usr/local/lib/python3.12/site-packages/discord/client.py", line 465, in _run_event
    await coro(*args, **kwargs)
  File "/app/asu_discord/cogs/analytics.py", line 652, in on_member_update
    before_timeout = before.timed_out_until
                     ^^^^^^^^^^^^^^^^^^^^^^
AttributeError: 'Member' object has no attribute 'timed_out_until'
Ignoring exception in on_member_update
Traceback (most recent call last):
  File "/usr/local/lib/python3.12/site-packages/discord/client.py", line 465, in _run_event
    await coro(*args, **kwargs)
  File "/app/asu_discord/cogs/analytics.py", line 652, in on_member_update
    before_timeout = before.timed_out_until
                     ^^^^^^^^^^^^^^^^^^^^^^
AttributeError: 'Member' object has no attribute 'timed_out_until'
Ignoring exception in on_member_update
Traceback (most recent call last):
  File "/usr/local/lib/python3.12/site-packages/discord/client.py", line 465, in _run_event
    await coro(*args, **kwargs)
  File "/app/asu_discord/cogs/analytics.py", line 652, in on_member_update
    before_timeout = before.timed_out_until
                     ^^^^^^^^^^^^^^^^^^^^^^
AttributeError: 'Member' object has no attribute 'timed_out_until'
Ignoring exception in on_member_update
Traceback (most recent call last):
  File "/usr/local/lib/python3.12/site-packages/discord/client.py", line 465, in _run_event
    await coro(*args, **kwargs)
  File "/app/asu_discord/cogs/analytics.py", line 652, in on_member_update
    before_timeout = before.timed_out_until
                     ^^^^^^^^^^^^^^^^^^^^^^
AttributeError: 'Member' object has no attribute 'timed_out_until'
INFO:asu_discord.cogs.verification:Saved 5 roles to database for user alucas33 (Discord ID: 1454522436229005336)
INFO:asu_discord.cogs.verification:Refreshed Salesforce roles for Discord user 1454522436229005336: -4/+5 roles, assigned=[Commited, First Year, New College of Interdisciplinary Arts and Sciences, Out of State, West Valley]
Ignoring exception in on_member_update
Traceback (most recent call last):
  File "/usr/local/lib/python3.12/site-packages/discord/client.py", line 465, in _run_event
    await coro(*args, **kwargs)
  File "/app/asu_discord/cogs/analytics.py", line 652, in on_member_update
    before_timeout = before.timed_out_until
                     ^^^^^^^^^^^^^^^^^^^^^^
AttributeError: 'Member' object has no attribute 'timed_out_until'
Ignoring exception in on_member_update
Traceback (most recent call last):
  File "/usr/local/lib/python3.12/site-packages/discord/client.py", line 465, in _run_event
    await coro(*args, **kwargs)
  File "/app/asu_discord/cogs/analytics.py", line 652, in on_member_update
    before_timeout = before.timed_out_until
                     ^^^^^^^^^^^^^^^^^^^^^^
AttributeError: 'Member' object has no attribute 'timed_out_until'
Ignoring exception in on_member_update
Traceback (most recent call last):
  File "/usr/local/lib/python3.12/site-packages/discord/client.py", line 465, in _run_event
    await coro(*args, **kwargs)
  File "/app/asu_discord/cogs/analytics.py", line 652, in on_member_update
    before_timeout = before.timed_out_until
                     ^^^^^^^^^^^^^^^^^^^^^^
AttributeError: 'Member' object has no attribute 'timed_out_until'
Ignoring exception in on_member_update
Traceback (most recent call last):
  File "/usr/local/lib/python3.12/site-packages/discord/client.py", line 465, in _run_event
    await coro(*args, **kwargs)
  File "/app/asu_discord/cogs/analytics.py", line 652, in on_member_update
    before_timeout = before.timed_out_until
                     ^^^^^^^^^^^^^^^^^^^^^^
AttributeError: 'Member' object has no attribute 'timed_out_until'
Ignoring exception in on_member_update
Traceback (most recent call last):
  File "/usr/local/lib/python3.12/site-packages/discord/client.py", line 465, in _run_event
    await coro(*args, **kwargs)
  File "/app/asu_discord/cogs/analytics.py", line 652, in on_member_update
    before_timeout = before.timed_out_until
                     ^^^^^^^^^^^^^^^^^^^^^^
AttributeError: 'Member' object has no attribute 'timed_out_until'
Ignoring exception in on_member_update
Traceback (most recent call last):
  File "/usr/local/lib/python3.12/site-packages/discord/client.py", line 465, in _run_event
    await coro(*args, **kwargs)
  File "/app/asu_discord/cogs/analytics.py", line 652, in on_member_update
    before_timeout = before.timed_out_until
                     ^^^^^^^^^^^^^^^^^^^^^^
AttributeError: 'Member' object has no attribute 'timed_out_until'
Ignoring exception in on_member_update
Traceback (most recent call last):
  File "/usr/local/lib/python3.12/site-packages/discord/client.py", line 465, in _run_event
    await coro(*args, **kwargs)
  File "/app/asu_discord/cogs/analytics.py", line 652, in on_member_update
    before_timeout = before.timed_out_until
                     ^^^^^^^^^^^^^^^^^^^^^^
AttributeError: 'Member' object has no attribute 'timed_out_until'
Ignoring exception in on_member_update
Traceback (most recent call last):
  File "/usr/local/lib/python3.12/site-packages/discord/client.py", line 465, in _run_event
    await coro(*args, **kwargs)
  File "/app/asu_discord/cogs/analytics.py", line 652, in on_member_update
    before_timeout = before.timed_out_until
                     ^^^^^^^^^^^^^^^^^^^^^^
AttributeError: 'Member' object has no attribute 'timed_out_until'
Ignoring exception in on_member_update
Traceback (most recent call last):
  File "/usr/local/lib/python3.12/site-packages/discord/client.py", line 465, in _run_event
    await coro(*args, **kwargs)
  File "/app/asu_discord/cogs/analytics.py", line 652, in on_member_update
    before_timeout = before.timed_out_until
                     ^^^^^^^^^^^^^^^^^^^^^^
AttributeError: 'Member' object has no attribute 'timed_out_until'
Ignoring exception in on_member_update
Traceback (most recent call last):
  File "/usr/local/lib/python3.12/site-packages/discord/client.py", line 465, in _run_event
    await coro(*args, **kwargs)
  File "/app/asu_discord/cogs/analytics.py", line 652, in on_member_update
    before_timeout = before.timed_out_until
                     ^^^^^^^^^^^^^^^^^^^^^^
AttributeError: 'Member' object has no attribute 'timed_out_until'
Ignoring exception in on_member_update
Traceback (most recent call last):
  File "/usr/local/lib/python3.12/site-packages/discord/client.py", line 465, in _run_event
    await coro(*args, **kwargs)
  File "/app/asu_discord/cogs/analytics.py", line 652, in on_member_update
    before_timeout = before.timed_out_until
                     ^^^^^^^^^^^^^^^^^^^^^^
AttributeError: 'Member' object has no attribute 'timed_out_until'
INFO:asu_discord.cogs.verification:Saved 6 roles to database for user ckponter (Discord ID: 1462873544999309423)
INFO:asu_discord.cogs.verification:Refreshed Salesforce roles for Discord user 1462873544999309423: -5/+6 roles, assigned=[Commited, First Generation Student, First Year, Herberger Institute for Design and the Arts, Out of State, Tempe]
Ignoring exception in on_member_update
Traceback (most recent call last):
  File "/usr/local/lib/python3.12/site-packages/discord/client.py", line 465, in _run_event
    await coro(*args, **kwargs)
  File "/app/asu_discord/cogs/analytics.py", line 652, in on_member_update
    before_timeout = before.timed_out_until
                     ^^^^^^^^^^^^^^^^^^^^^^
AttributeError: 'Member' object has no attribute 'timed_out_until'
Ignoring exception in on_member_update
Traceback (most recent call last):
  File "/usr/local/lib/python3.12/site-packages/discord/client.py", line 465, in _run_event
    await coro(*args, **kwargs)
  File "/app/asu_discord/cogs/analytics.py", line 652, in on_member_update
    before_timeout = before.timed_out_until
                     ^^^^^^^^^^^^^^^^^^^^^^
AttributeError: 'Member' object has no attribute 'timed_out_until'
Ignoring exception in on_member_update
Traceback (most recent call last):
  File "/usr/local/lib/python3.12/site-packages/discord/client.py", line 465, in _run_event
    await coro(*args, **kwargs)
  File "/app/asu_discord/cogs/analytics.py", line 652, in on_member_update
    before_timeout = before.timed_out_until
                     ^^^^^^^^^^^^^^^^^^^^^^
AttributeError: 'Member' object has no attribute 'timed_out_until'
Ignoring exception in on_member_update
Traceback (most recent call last):
  File "/usr/local/lib/python3.12/site-packages/discord/client.py", line 465, in _run_event
    await coro(*args, **kwargs)
  File "/app/asu_discord/cogs/analytics.py", line 652, in on_member_update
    before_timeout = before.timed_out_until
                     ^^^^^^^^^^^^^^^^^^^^^^
AttributeError: 'Member' object has no attribute 'timed_out_until'
Ignoring exception in on_member_update
Traceback (most recent call last):
  File "/usr/local/lib/python3.12/site-packages/discord/client.py", line 465, in _run_event
    await coro(*args, **kwargs)
  File "/app/asu_discord/cogs/analytics.py", line 652, in on_member_update
    before_timeout = before.timed_out_until
                     ^^^^^^^^^^^^^^^^^^^^^^
AttributeError: 'Member' object has no attribute 'timed_out_until'
Ignoring exception in on_member_update
Traceback (most recent call last):
  File "/usr/local/lib/python3.12/site-packages/discord/client.py", line 465, in _run_event
    await coro(*args, **kwargs)
  File "/app/asu_discord/cogs/analytics.py", line 652, in on_member_update
    before_timeout = before.timed_out_until
                     ^^^^^^^^^^^^^^^^^^^^^^
AttributeError: 'Member' object has no attribute 'timed_out_until'
Ignoring exception in on_member_update
Traceback (most recent call last):
  File "/usr/local/lib/python3.12/site-packages/discord/client.py", line 465, in _run_event
    await coro(*args, **kwargs)
  File "/app/asu_discord/cogs/analytics.py", line 652, in on_member_update
    before_timeout = before.timed_out_until
                     ^^^^^^^^^^^^^^^^^^^^^^
AttributeError: 'Member' object has no attribute 'timed_out_until'
Ignoring exception in on_member_update
Traceback (most recent call last):
  File "/usr/local/lib/python3.12/site-packages/discord/client.py", line 465, in _run_event
    await coro(*args, **kwargs)
  File "/app/asu_discord/cogs/analytics.py", line 652, in on_member_update
    before_timeout = before.timed_out_until
                     ^^^^^^^^^^^^^^^^^^^^^^
AttributeError: 'Member' object has no attribute 'timed_out_until'
Ignoring exception in on_member_update
Traceback (most recent call last):
  File "/usr/local/lib/python3.12/site-packages/discord/client.py", line 465, in _run_event
    await coro(*args, **kwargs)
  File "/app/asu_discord/cogs/analytics.py", line 652, in on_member_update
    before_timeout = before.timed_out_until
                     ^^^^^^^^^^^^^^^^^^^^^^
AttributeError: 'Member' object has no attribute 'timed_out_until'
Ignoring exception in on_member_update
Traceback (most recent call last):
  File "/usr/local/lib/python3.12/site-packages/discord/client.py", line 465, in _run_event
    await coro(*args, **kwargs)
  File "/app/asu_discord/cogs/analytics.py", line 652, in on_member_update
    before_timeout = before.timed_out_until
                     ^^^^^^^^^^^^^^^^^^^^^^
AttributeError: 'Member' object has no attribute 'timed_out_until'
INFO:asu_discord.cogs.verification:Saved 5 roles to database for user chughe54 (Discord ID: 1152290124130955274)
INFO:asu_discord.cogs.verification:Refreshed Salesforce roles for Discord user 1152290124130955274: -5/+5 roles, assigned=[Commited, First Year, Ira A. Fulton Schools of Engineering, Out of State, Polytechnic]
Ignoring exception in on_member_update
Traceback (most recent call last):
  File "/usr/local/lib/python3.12/site-packages/discord/client.py", line 465, in _run_event
    await coro(*args, **kwargs)
  File "/app/asu_discord/cogs/analytics.py", line 652, in on_member_update
    before_timeout = before.timed_out_until
                     ^^^^^^^^^^^^^^^^^^^^^^
AttributeError: 'Member' object has no attribute 'timed_out_until'
Ignoring exception in on_member_update
Traceback (most recent call last):
  File "/usr/local/lib/python3.12/site-packages/discord/client.py", line 465, in _run_event
    await coro(*args, **kwargs)
  File "/app/asu_discord/cogs/analytics.py", line 652, in on_member_update
    before_timeout = before.timed_out_until
                     ^^^^^^^^^^^^^^^^^^^^^^
AttributeError: 'Member' object has no attribute 'timed_out_until'
Ignoring exception in on_member_update
Traceback (most recent call last):
  File "/usr/local/lib/python3.12/site-packages/discord/client.py", line 465, in _run_event
    await coro(*args, **kwargs)
  File "/app/asu_discord/cogs/analytics.py", line 652, in on_member_update
    before_timeout = before.timed_out_until
                     ^^^^^^^^^^^^^^^^^^^^^^
AttributeError: 'Member' object has no attribute 'timed_out_until'
Ignoring exception in on_member_update
Traceback (most recent call last):
  File "/usr/local/lib/python3.12/site-packages/discord/client.py", line 465, in _run_event
    await coro(*args, **kwargs)
  File "/app/asu_discord/cogs/analytics.py", line 652, in on_member_update
    before_timeout = before.timed_out_until
                     ^^^^^^^^^^^^^^^^^^^^^^
AttributeError: 'Member' object has no attribute 'timed_out_until'
Ignoring exception in on_member_update
Traceback (most recent call last):
  File "/usr/local/lib/python3.12/site-packages/discord/client.py", line 465, in _run_event
    await coro(*args, **kwargs)
  File "/app/asu_discord/cogs/analytics.py", line 652, in on_member_update
    before_timeout = before.timed_out_until
                     ^^^^^^^^^^^^^^^^^^^^^^
AttributeError: 'Member' object has no attribute 'timed_out_until'
Ignoring exception in on_member_update
Traceback (most recent call last):
  File "/usr/local/lib/python3.12/site-packages/discord/client.py", line 465, in _run_event
    await coro(*args, **kwargs)
  File "/app/asu_discord/cogs/analytics.py", line 652, in on_member_update
    before_timeout = before.timed_out_until
                     ^^^^^^^^^^^^^^^^^^^^^^
AttributeError: 'Member' object has no attribute 'timed_out_until'
Ignoring exception in on_member_update
Traceback (most recent call last):
  File "/usr/local/lib/python3.12/site-packages/discord/client.py", line 465, in _run_event
    await coro(*args, **kwargs)
  File "/app/asu_discord/cogs/analytics.py", line 652, in on_member_update
    before_timeout = before.timed_out_until
                     ^^^^^^^^^^^^^^^^^^^^^^
AttributeError: 'Member' object has no attribute 'timed_out_until'
Ignoring exception in on_member_update
Traceback (most recent call last):
  File "/usr/local/lib/python3.12/site-packages/discord/client.py", line 465, in _run_event
    await coro(*args, **kwargs)
  File "/app/asu_discord/cogs/analytics.py", line 652, in on_member_update
    before_timeout = before.timed_out_until
                     ^^^^^^^^^^^^^^^^^^^^^^
AttributeError: 'Member' object has no attribute 'timed_out_until'
Ignoring exception in on_member_update
Traceback (most recent call last):
  File "/usr/local/lib/python3.12/site-packages/discord/client.py", line 465, in _run_event
    await coro(*args, **kwargs)
  File "/app/asu_discord/cogs/analytics.py", line 652, in on_member_update
    before_timeout = before.timed_out_until
                     ^^^^^^^^^^^^^^^^^^^^^^
AttributeError: 'Member' object has no attribute 'timed_out_until'
Ignoring exception in on_member_update
Traceback (most recent call last):
  File "/usr/local/lib/python3.12/site-packages/discord/client.py", line 465, in _run_event
    await coro(*args, **kwargs)
  File "/app/asu_discord/cogs/analytics.py", line 652, in on_member_update
    before_timeout = before.timed_out_until
                     ^^^^^^^^^^^^^^^^^^^^^^
AttributeError: 'Member' object has no attribute 'timed_out_until'
INFO:asu_discord.cogs.verification:Saved 5 roles to database for user ladelva1 (Discord ID: 578054523415822346)
INFO:asu_discord.cogs.verification:Refreshed Salesforce roles for Discord user 578054523415822346: -5/+5 roles, assigned=[Arizona Resident, Commited, First Year, Ira A. Fulton Schools of Engineering, Tempe]
INFO:asu_discord.salesforce:No Salesforce contact found for krami100
INFO:cron.jobs:refresh_salesforce_roles: skipping krami100: no profile returned
ERROR:cron.jobs:refresh_salesforce_roles: failed for eltate12 (Discord ID 725937505333018634): Failed to refresh Salesforce-based roles: Discord user 725937505333018634 is not a member of the guild
ERROR:cron.jobs:refresh_salesforce_roles: failed for nsbolden (Discord ID 778109734187434034): Failed to refresh Salesforce-based roles: Discord user 778109734187434034 is not a member of the guild
Ignoring exception in on_member_update
Traceback (most recent call last):
  File "/usr/local/lib/python3.12/site-packages/discord/client.py", line 465, in _run_event
    await coro(*args, **kwargs)
  File "/app/asu_discord/cogs/analytics.py", line 652, in on_member_update
    before_timeout = before.timed_out_until
                     ^^^^^^^^^^^^^^^^^^^^^^
AttributeError: 'Member' object has no attribute 'timed_out_until'
Ignoring exception in on_member_update
Traceback (most recent call last):
  File "/usr/local/lib/python3.12/site-packages/discord/client.py", line 465, in _run_event
    await coro(*args, **kwargs)
  File "/app/asu_discord/cogs/analytics.py", line 652, in on_member_update
    before_timeout = before.timed_out_until
                     ^^^^^^^^^^^^^^^^^^^^^^
AttributeError: 'Member' object has no attribute 'timed_out_until'
Ignoring exception in on_member_update
Traceback (most recent call last):
  File "/usr/local/lib/python3.12/site-packages/discord/client.py", line 465, in _run_event
    await coro(*args, **kwargs)
  File "/app/asu_discord/cogs/analytics.py", line 652, in on_member_update
    before_timeout = before.timed_out_until
                     ^^^^^^^^^^^^^^^^^^^^^^
AttributeError: 'Member' object has no attribute 'timed_out_until'
Ignoring exception in on_member_update
Traceback (most recent call last):
  File "/usr/local/lib/python3.12/site-packages/discord/client.py", line 465, in _run_event
    await coro(*args, **kwargs)
  File "/app/asu_discord/cogs/analytics.py", line 652, in on_member_update
    before_timeout = before.timed_out_until
                     ^^^^^^^^^^^^^^^^^^^^^^
AttributeError: 'Member' object has no attribute 'timed_out_until'
Ignoring exception in on_member_update
Traceback (most recent call last):
  File "/usr/local/lib/python3.12/site-packages/discord/client.py", line 465, in _run_event
    await coro(*args, **kwargs)
  File "/app/asu_discord/cogs/analytics.py", line 652, in on_member_update
    before_timeout = before.timed_out_until
                     ^^^^^^^^^^^^^^^^^^^^^^
AttributeError: 'Member' object has no attribute 'timed_out_until'
Ignoring exception in on_member_update
Traceback (most recent call last):
  File "/usr/local/lib/python3.12/site-packages/discord/client.py", line 465, in _run_event
    await coro(*args, **kwargs)
  File "/app/asu_discord/cogs/analytics.py", line 652, in on_member_update
    before_timeout = before.timed_out_until
                     ^^^^^^^^^^^^^^^^^^^^^^
AttributeError: 'Member' object has no attribute 'timed_out_until'
Ignoring exception in on_member_update
Traceback (most recent call last):
  File "/usr/local/lib/python3.12/site-packages/discord/client.py", line 465, in _run_event
    await coro(*args, **kwargs)
  File "/app/asu_discord/cogs/analytics.py", line 652, in on_member_update
    before_timeout = before.timed_out_until
                     ^^^^^^^^^^^^^^^^^^^^^^
AttributeError: 'Member' object has no attribute 'timed_out_until'
Ignoring exception in on_member_update
Traceback (most recent call last):
  File "/usr/local/lib/python3.12/site-packages/discord/client.py", line 465, in _run_event
    await coro(*args, **kwargs)
  File "/app/asu_discord/cogs/analytics.py", line 652, in on_member_update
    before_timeout = before.timed_out_until
                     ^^^^^^^^^^^^^^^^^^^^^^
AttributeError: 'Member' object has no attribute 'timed_out_until'
Ignoring exception in on_member_update
Traceback (most recent call last):
  File "/usr/local/lib/python3.12/site-packages/discord/client.py", line 465, in _run_event
    await coro(*args, **kwargs)
  File "/app/asu_discord/cogs/analytics.py", line 652, in on_member_update
    before_timeout = before.timed_out_until
                     ^^^^^^^^^^^^^^^^^^^^^^
AttributeError: 'Member' object has no attribute 'timed_out_until'
Ignoring exception in on_member_update
Traceback (most recent call last):
  File "/usr/local/lib/python3.12/site-packages/discord/client.py", line 465, in _run_event
    await coro(*args, **kwargs)
  File "/app/asu_discord/cogs/analytics.py", line 652, in on_member_update
    before_timeout = before.timed_out_until
                     ^^^^^^^^^^^^^^^^^^^^^^
AttributeError: 'Member' object has no attribute 'timed_out_until'
INFO:asu_discord.cogs.verification:Saved 5 roles to database for user kjoshi23 (Discord ID: 827236290797502485)
INFO:asu_discord.cogs.verification:Refreshed Salesforce roles for Discord user 827236290797502485: -5/+5 roles, assigned=[Arizona Resident, First Generation Student, First Year, Tempe, W.P. Carey School of Business]
ERROR:cron.jobs:refresh_salesforce_roles: failed for mware124 (Discord ID 733960101806997545): Failed to refresh Salesforce-based roles: Discord user 733960101806997545 is not a member of the guild
Ignoring exception in on_member_update
Traceback (most recent call last):
  File "/usr/local/lib/python3.12/site-packages/discord/client.py", line 465, in _run_event
    await coro(*args, **kwargs)
  File "/app/asu_discord/cogs/analytics.py", line 652, in on_member_update
    before_timeout = before.timed_out_until
                     ^^^^^^^^^^^^^^^^^^^^^^
AttributeError: 'Member' object has no attribute 'timed_out_until'
Ignoring exception in on_member_update
Traceback (most recent call last):
  File "/usr/local/lib/python3.12/site-packages/discord/client.py", line 465, in _run_event
    await coro(*args, **kwargs)
  File "/app/asu_discord/cogs/analytics.py", line 652, in on_member_update
    before_timeout = before.timed_out_until
                     ^^^^^^^^^^^^^^^^^^^^^^
AttributeError: 'Member' object has no attribute 'timed_out_until'
Ignoring exception in on_member_update
Traceback (most recent call last):
  File "/usr/local/lib/python3.12/site-packages/discord/client.py", line 465, in _run_event
    await coro(*args, **kwargs)
  File "/app/asu_discord/cogs/analytics.py", line 652, in on_member_update
    before_timeout = before.timed_out_until
                     ^^^^^^^^^^^^^^^^^^^^^^
AttributeError: 'Member' object has no attribute 'timed_out_until'
Ignoring exception in on_member_update
Traceback (most recent call last):
  File "/usr/local/lib/python3.12/site-packages/discord/client.py", line 465, in _run_event
    await coro(*args, **kwargs)
  File "/app/asu_discord/cogs/analytics.py", line 652, in on_member_update
    before_timeout = before.timed_out_until
                     ^^^^^^^^^^^^^^^^^^^^^^
AttributeError: 'Member' object has no attribute 'timed_out_until'
Ignoring exception in on_member_update
Traceback (most recent call last):
  File "/usr/local/lib/python3.12/site-packages/discord/client.py", line 465, in _run_event
    await coro(*args, **kwargs)
  File "/app/asu_discord/cogs/analytics.py", line 652, in on_member_update
    before_timeout = before.timed_out_until
                     ^^^^^^^^^^^^^^^^^^^^^^
AttributeError: 'Member' object has no attribute 'timed_out_until'
Ignoring exception in on_member_update
Traceback (most recent call last):
  File "/usr/local/lib/python3.12/site-packages/discord/client.py", line 465, in _run_event
    await coro(*args, **kwargs)
  File "/app/asu_discord/cogs/analytics.py", line 652, in on_member_update
    before_timeout = before.timed_out_until
                     ^^^^^^^^^^^^^^^^^^^^^^
AttributeError: 'Member' object has no attribute 'timed_out_until'
Ignoring exception in on_member_update
Traceback (most recent call last):
  File "/usr/local/lib/python3.12/site-packages/discord/client.py", line 465, in _run_event
    await coro(*args, **kwargs)
  File "/app/asu_discord/cogs/analytics.py", line 652, in on_member_update
    before_timeout = before.timed_out_until
                     ^^^^^^^^^^^^^^^^^^^^^^
AttributeError: 'Member' object has no attribute 'timed_out_until'
Ignoring exception in on_member_update
Traceback (most recent call last):
  File "/usr/local/lib/python3.12/site-packages/discord/client.py", line 465, in _run_event
    await coro(*args, **kwargs)
  File "/app/asu_discord/cogs/analytics.py", line 652, in on_member_update
    before_timeout = before.timed_out_until
                     ^^^^^^^^^^^^^^^^^^^^^^
AttributeError: 'Member' object has no attribute 'timed_out_until'
Ignoring exception in on_member_update
Traceback (most recent call last):
  File "/usr/local/lib/python3.12/site-packages/discord/client.py", line 465, in _run_event
    await coro(*args, **kwargs)
  File "/app/asu_discord/cogs/analytics.py", line 652, in on_member_update
    before_timeout = before.timed_out_until
                     ^^^^^^^^^^^^^^^^^^^^^^
AttributeError: 'Member' object has no attribute 'timed_out_until'
Ignoring exception in on_member_update
Traceback (most recent call last):
  File "/usr/local/lib/python3.12/site-packages/discord/client.py", line 465, in _run_event
    await coro(*args, **kwargs)
  File "/app/asu_discord/cogs/analytics.py", line 652, in on_member_update
    before_timeout = before.timed_out_until
                     ^^^^^^^^^^^^^^^^^^^^^^
AttributeError: 'Member' object has no attribute 'timed_out_until'
INFO:asu_discord.cogs.verification:Saved 5 roles to database for user cfield21 (Discord ID: 447645500091400213)
INFO:asu_discord.cogs.verification:Refreshed Salesforce roles for Discord user 447645500091400213: -5/+5 roles, assigned=[Commited, First Year, Herberger Institute for Design and the Arts, Out of State, Tempe]
Ignoring exception in on_member_update
Traceback (most recent call last):
  File "/usr/local/lib/python3.12/site-packages/discord/client.py", line 465, in _run_event
    await coro(*args, **kwargs)
  File "/app/asu_discord/cogs/analytics.py", line 652, in on_member_update
    before_timeout = before.timed_out_until
                     ^^^^^^^^^^^^^^^^^^^^^^
AttributeError: 'Member' object has no attribute 'timed_out_until'
Ignoring exception in on_member_update
Traceback (most recent call last):
  File "/usr/local/lib/python3.12/site-packages/discord/client.py", line 465, in _run_event
    await coro(*args, **kwargs)
  File "/app/asu_discord/cogs/analytics.py", line 652, in on_member_update
    before_timeout = before.timed_out_until
                     ^^^^^^^^^^^^^^^^^^^^^^
AttributeError: 'Member' object has no attribute 'timed_out_until'
Ignoring exception in on_member_update
Traceback (most recent call last):
  File "/usr/local/lib/python3.12/site-packages/discord/client.py", line 465, in _run_event
    await coro(*args, **kwargs)
  File "/app/asu_discord/cogs/analytics.py", line 652, in on_member_update
    before_timeout = before.timed_out_until
                     ^^^^^^^^^^^^^^^^^^^^^^
AttributeError: 'Member' object has no attribute 'timed_out_until'
Ignoring exception in on_member_update
Traceback (most recent call last):
  File "/usr/local/lib/python3.12/site-packages/discord/client.py", line 465, in _run_event
    await coro(*args, **kwargs)
  File "/app/asu_discord/cogs/analytics.py", line 652, in on_member_update
    before_timeout = before.timed_out_until
                     ^^^^^^^^^^^^^^^^^^^^^^
AttributeError: 'Member' object has no attribute 'timed_out_until'
Ignoring exception in on_member_update
Traceback (most recent call last):
  File "/usr/local/lib/python3.12/site-packages/discord/client.py", line 465, in _run_event
    await coro(*args, **kwargs)
  File "/app/asu_discord/cogs/analytics.py", line 652, in on_member_update
    before_timeout = before.timed_out_until
                     ^^^^^^^^^^^^^^^^^^^^^^
AttributeError: 'Member' object has no attribute 'timed_out_until'
Ignoring exception in on_member_update
Traceback (most recent call last):
  File "/usr/local/lib/python3.12/site-packages/discord/client.py", line 465, in _run_event
    await coro(*args, **kwargs)
  File "/app/asu_discord/cogs/analytics.py", line 652, in on_member_update
    before_timeout = before.timed_out_until
                     ^^^^^^^^^^^^^^^^^^^^^^
AttributeError: 'Member' object has no attribute 'timed_out_until'
Ignoring exception in on_member_update
Traceback (most recent call last):
  File "/usr/local/lib/python3.12/site-packages/discord/client.py", line 465, in _run_event
    await coro(*args, **kwargs)
  File "/app/asu_discord/cogs/analytics.py", line 652, in on_member_update
    before_timeout = before.timed_out_until
                     ^^^^^^^^^^^^^^^^^^^^^^
AttributeError: 'Member' object has no attribute 'timed_out_until'
Ignoring exception in on_member_update
Traceback (most recent call last):
  File "/usr/local/lib/python3.12/site-packages/discord/client.py", line 465, in _run_event
    await coro(*args, **kwargs)
  File "/app/asu_discord/cogs/analytics.py", line 652, in on_member_update
    before_timeout = before.timed_out_until
                     ^^^^^^^^^^^^^^^^^^^^^^
AttributeError: 'Member' object has no attribute 'timed_out_until'
Ignoring exception in on_member_update
Traceback (most recent call last):
  File "/usr/local/lib/python3.12/site-packages/discord/client.py", line 465, in _run_event
    await coro(*args, **kwargs)
  File "/app/asu_discord/cogs/analytics.py", line 652, in on_member_update
    before_timeout = before.timed_out_until
                     ^^^^^^^^^^^^^^^^^^^^^^
AttributeError: 'Member' object has no attribute 'timed_out_until'
Ignoring exception in on_member_update
Traceback (most recent call last):
  File "/usr/local/lib/python3.12/site-packages/discord/client.py", line 465, in _run_event
    await coro(*args, **kwargs)
  File "/app/asu_discord/cogs/analytics.py", line 652, in on_member_update
    before_timeout = before.timed_out_until
                     ^^^^^^^^^^^^^^^^^^^^^^
AttributeError: 'Member' object has no attribute 'timed_out_until'
INFO:asu_discord.cogs.verification:Saved 5 roles to database for user ktholli2 (Discord ID: 810957115249524756)
INFO:asu_discord.cogs.verification:Refreshed Salesforce roles for Discord user 810957115249524756: -5/+5 roles, assigned=[Arizona Resident, Commited, Downtown Phoenix, First Year, Watts College of Public Service and Community Solutions]
ERROR:cron.jobs:refresh_salesforce_roles: failed for fpiefer (Discord ID 692762420707328021): Failed to refresh Salesforce-based roles: Discord user 692762420707328021 is not a member of the guild
Ignoring exception in on_member_update
Traceback (most recent call last):
  File "/usr/local/lib/python3.12/site-packages/discord/client.py", line 465, in _run_event
    await coro(*args, **kwargs)
  File "/app/asu_discord/cogs/analytics.py", line 652, in on_member_update
    before_timeout = before.timed_out_until
                     ^^^^^^^^^^^^^^^^^^^^^^
AttributeError: 'Member' object has no attribute 'timed_out_until'
Ignoring exception in on_member_update
Traceback (most recent call last):
  File "/usr/local/lib/python3.12/site-packages/discord/client.py", line 465, in _run_event
    await coro(*args, **kwargs)
  File "/app/asu_discord/cogs/analytics.py", line 652, in on_member_update
    before_timeout = before.timed_out_until
                     ^^^^^^^^^^^^^^^^^^^^^^
AttributeError: 'Member' object has no attribute 'timed_out_until'
Ignoring exception in on_member_update
Traceback (most recent call last):
  File "/usr/local/lib/python3.12/site-packages/discord/client.py", line 465, in _run_event
    await coro(*args, **kwargs)
  File "/app/asu_discord/cogs/analytics.py", line 652, in on_member_update
    before_timeout = before.timed_out_until
                     ^^^^^^^^^^^^^^^^^^^^^^
AttributeError: 'Member' object has no attribute 'timed_out_until'
Ignoring exception in on_member_update
Traceback (most recent call last):
  File "/usr/local/lib/python3.12/site-packages/discord/client.py", line 465, in _run_event
    await coro(*args, **kwargs)
  File "/app/asu_discord/cogs/analytics.py", line 652, in on_member_update
    before_timeout = before.timed_out_until
                     ^^^^^^^^^^^^^^^^^^^^^^
AttributeError: 'Member' object has no attribute 'timed_out_until'
Ignoring exception in on_member_update
Traceback (most recent call last):
  File "/usr/local/lib/python3.12/site-packages/discord/client.py", line 465, in _run_event
    await coro(*args, **kwargs)
  File "/app/asu_discord/cogs/analytics.py", line 652, in on_member_update
    before_timeout = before.timed_out_until
                     ^^^^^^^^^^^^^^^^^^^^^^
AttributeError: 'Member' object has no attribute 'timed_out_until'
Ignoring exception in on_member_update
Traceback (most recent call last):
  File "/usr/local/lib/python3.12/site-packages/discord/client.py", line 465, in _run_event
    await coro(*args, **kwargs)
  File "/app/asu_discord/cogs/analytics.py", line 652, in on_member_update
    before_timeout = before.timed_out_until
                     ^^^^^^^^^^^^^^^^^^^^^^
AttributeError: 'Member' object has no attribute 'timed_out_until'
Ignoring exception in on_member_update
Traceback (most recent call last):
  File "/usr/local/lib/python3.12/site-packages/discord/client.py", line 465, in _run_event
    await coro(*args, **kwargs)
  File "/app/asu_discord/cogs/analytics.py", line 652, in on_member_update
    before_timeout = before.timed_out_until
                     ^^^^^^^^^^^^^^^^^^^^^^
AttributeError: 'Member' object has no attribute 'timed_out_until'
Ignoring exception in on_member_update
Traceback (most recent call last):
  File "/usr/local/lib/python3.12/site-packages/discord/client.py", line 465, in _run_event
    await coro(*args, **kwargs)
  File "/app/asu_discord/cogs/analytics.py", line 652, in on_member_update
    before_timeout = before.timed_out_until
                     ^^^^^^^^^^^^^^^^^^^^^^
AttributeError: 'Member' object has no attribute 'timed_out_until'
Ignoring exception in on_member_update
Traceback (most recent call last):
  File "/usr/local/lib/python3.12/site-packages/discord/client.py", line 465, in _run_event
    await coro(*args, **kwargs)
  File "/app/asu_discord/cogs/analytics.py", line 652, in on_member_update
    before_timeout = before.timed_out_until
                     ^^^^^^^^^^^^^^^^^^^^^^
AttributeError: 'Member' object has no attribute 'timed_out_until'
Ignoring exception in on_member_update
Traceback (most recent call last):
  File "/usr/local/lib/python3.12/site-packages/discord/client.py", line 465, in _run_event
    await coro(*args, **kwargs)
  File "/app/asu_discord/cogs/analytics.py", line 652, in on_member_update
    before_timeout = before.timed_out_until
                     ^^^^^^^^^^^^^^^^^^^^^^
AttributeError: 'Member' object has no attribute 'timed_out_until'
INFO:asu_discord.cogs.verification:Saved 5 roles to database for user grmackey (Discord ID: 1462958950084514001)
INFO:asu_discord.cogs.verification:Refreshed Salesforce roles for Discord user 1462958950084514001: -5/+5 roles, assigned=[Arizona Resident, College of Health Solutions, Commited, First Year, Tempe]
Ignoring exception in on_member_update
Traceback (most recent call last):
  File "/usr/local/lib/python3.12/site-packages/discord/client.py", line 465, in _run_event
    await coro(*args, **kwargs)
  File "/app/asu_discord/cogs/analytics.py", line 652, in on_member_update
    before_timeout = before.timed_out_until
                     ^^^^^^^^^^^^^^^^^^^^^^
AttributeError: 'Member' object has no attribute 'timed_out_until'
Ignoring exception in on_member_update
Traceback (most recent call last):
  File "/usr/local/lib/python3.12/site-packages/discord/client.py", line 465, in _run_event
    await coro(*args, **kwargs)
  File "/app/asu_discord/cogs/analytics.py", line 652, in on_member_update
    before_timeout = before.timed_out_until
                     ^^^^^^^^^^^^^^^^^^^^^^
AttributeError: 'Member' object has no attribute 'timed_out_until'
Ignoring exception in on_member_update
Traceback (most recent call last):
  File "/usr/local/lib/python3.12/site-packages/discord/client.py", line 465, in _run_event
    await coro(*args, **kwargs)
  File "/app/asu_discord/cogs/analytics.py", line 652, in on_member_update
    before_timeout = before.timed_out_until
                     ^^^^^^^^^^^^^^^^^^^^^^
AttributeError: 'Member' object has no attribute 'timed_out_until'
Ignoring exception in on_member_update
Traceback (most recent call last):
  File "/usr/local/lib/python3.12/site-packages/discord/client.py", line 465, in _run_event
    await coro(*args, **kwargs)
  File "/app/asu_discord/cogs/analytics.py", line 652, in on_member_update
    before_timeout = before.timed_out_until
                     ^^^^^^^^^^^^^^^^^^^^^^
AttributeError: 'Member' object has no attribute 'timed_out_until'
Ignoring exception in on_member_update
Traceback (most recent call last):
  File "/usr/local/lib/python3.12/site-packages/discord/client.py", line 465, in _run_event
    await coro(*args, **kwargs)
  File "/app/asu_discord/cogs/analytics.py", line 652, in on_member_update
    before_timeout = before.timed_out_until
                     ^^^^^^^^^^^^^^^^^^^^^^
AttributeError: 'Member' object has no attribute 'timed_out_until'
Ignoring exception in on_member_update
Traceback (most recent call last):
  File "/usr/local/lib/python3.12/site-packages/discord/client.py", line 465, in _run_event
    await coro(*args, **kwargs)
  File "/app/asu_discord/cogs/analytics.py", line 652, in on_member_update
    before_timeout = before.timed_out_until
                     ^^^^^^^^^^^^^^^^^^^^^^
AttributeError: 'Member' object has no attribute 'timed_out_until'
Ignoring exception in on_member_update
Traceback (most recent call last):
  File "/usr/local/lib/python3.12/site-packages/discord/client.py", line 465, in _run_event
    await coro(*args, **kwargs)
  File "/app/asu_discord/cogs/analytics.py", line 652, in on_member_update
    before_timeout = before.timed_out_until
                     ^^^^^^^^^^^^^^^^^^^^^^
AttributeError: 'Member' object has no attribute 'timed_out_until'
INFO:asu_discord.cogs.verification:Saved 4 roles to database for user rrfranc3 (Discord ID: 300802352452206592)
INFO:asu_discord.cogs.verification:Refreshed Salesforce roles for Discord user 300802352452206592: -4/+3 roles, assigned=[First Year, Out of State, W.P. Carey School of Business, West Valley]
Ignoring exception in on_member_update
Traceback (most recent call last):
  File "/usr/local/lib/python3.12/site-packages/discord/client.py", line 465, in _run_event
    await coro(*args, **kwargs)
  File "/app/asu_discord/cogs/analytics.py", line 652, in on_member_update
    before_timeout = before.timed_out_until
                     ^^^^^^^^^^^^^^^^^^^^^^
AttributeError: 'Member' object has no attribute 'timed_out_until'
Ignoring exception in on_member_update
Traceback (most recent call last):
  File "/usr/local/lib/python3.12/site-packages/discord/client.py", line 465, in _run_event
    await coro(*args, **kwargs)
  File "/app/asu_discord/cogs/analytics.py", line 652, in on_member_update
    before_timeout = before.timed_out_until
                     ^^^^^^^^^^^^^^^^^^^^^^
AttributeError: 'Member' object has no attribute 'timed_out_until'
Ignoring exception in on_member_update
Traceback (most recent call last):
  File "/usr/local/lib/python3.12/site-packages/discord/client.py", line 465, in _run_event
    await coro(*args, **kwargs)
  File "/app/asu_discord/cogs/analytics.py", line 652, in on_member_update
    before_timeout = before.timed_out_until
                     ^^^^^^^^^^^^^^^^^^^^^^
AttributeError: 'Member' object has no attribute 'timed_out_until'
Ignoring exception in on_member_update
Traceback (most recent call last):
  File "/usr/local/lib/python3.12/site-packages/discord/client.py", line 465, in _run_event
    await coro(*args, **kwargs)
  File "/app/asu_discord/cogs/analytics.py", line 652, in on_member_update
    before_timeout = before.timed_out_until
                     ^^^^^^^^^^^^^^^^^^^^^^
AttributeError: 'Member' object has no attribute 'timed_out_until'
Ignoring exception in on_member_update
Traceback (most recent call last):
  File "/usr/local/lib/python3.12/site-packages/discord/client.py", line 465, in _run_event
    await coro(*args, **kwargs)
  File "/app/asu_discord/cogs/analytics.py", line 652, in on_member_update
    before_timeout = before.timed_out_until
                     ^^^^^^^^^^^^^^^^^^^^^^
AttributeError: 'Member' object has no attribute 'timed_out_until'
Ignoring exception in on_member_update
Traceback (most recent call last):
  File "/usr/local/lib/python3.12/site-packages/discord/client.py", line 465, in _run_event
    await coro(*args, **kwargs)
  File "/app/asu_discord/cogs/analytics.py", line 652, in on_member_update
    before_timeout = before.timed_out_until
                     ^^^^^^^^^^^^^^^^^^^^^^
AttributeError: 'Member' object has no attribute 'timed_out_until'
Ignoring exception in on_member_update
Traceback (most recent call last):
  File "/usr/local/lib/python3.12/site-packages/discord/client.py", line 465, in _run_event
    await coro(*args, **kwargs)
  File "/app/asu_discord/cogs/analytics.py", line 652, in on_member_update
    before_timeout = before.timed_out_until
                     ^^^^^^^^^^^^^^^^^^^^^^
AttributeError: 'Member' object has no attribute 'timed_out_until'
Ignoring exception in on_member_update
Traceback (most recent call last):
  File "/usr/local/lib/python3.12/site-packages/discord/client.py", line 465, in _run_event
    await coro(*args, **kwargs)
  File "/app/asu_discord/cogs/analytics.py", line 652, in on_member_update
    before_timeout = before.timed_out_until
                     ^^^^^^^^^^^^^^^^^^^^^^
AttributeError: 'Member' object has no attribute 'timed_out_until'
Ignoring exception in on_member_update
Traceback (most recent call last):
  File "/usr/local/lib/python3.12/site-packages/discord/client.py", line 465, in _run_event
    await coro(*args, **kwargs)
  File "/app/asu_discord/cogs/analytics.py", line 652, in on_member_update
    before_timeout = before.timed_out_until
                     ^^^^^^^^^^^^^^^^^^^^^^
AttributeError: 'Member' object has no attribute 'timed_out_until'
Ignoring exception in on_member_update
Traceback (most recent call last):
  File "/usr/local/lib/python3.12/site-packages/discord/client.py", line 465, in _run_event
    await coro(*args, **kwargs)
  File "/app/asu_discord/cogs/analytics.py", line 652, in on_member_update
    before_timeout = before.timed_out_until
                     ^^^^^^^^^^^^^^^^^^^^^^
AttributeError: 'Member' object has no attribute 'timed_out_until'
INFO:asu_discord.cogs.verification:Saved 5 roles to database for user aegree17 (Discord ID: 927772762720858132)
INFO:asu_discord.cogs.verification:Refreshed Salesforce roles for Discord user 927772762720858132: -5/+5 roles, assigned=[Commited, First Year, Mary Lou Fulton Teachers College, Out of State, West Valley]
Ignoring exception in on_member_update
Traceback (most recent call last):
  File "/usr/local/lib/python3.12/site-packages/discord/client.py", line 465, in _run_event
    await coro(*args, **kwargs)
  File "/app/asu_discord/cogs/analytics.py", line 652, in on_member_update
    before_timeout = before.timed_out_until
                     ^^^^^^^^^^^^^^^^^^^^^^
AttributeError: 'Member' object has no attribute 'timed_out_until'
Ignoring exception in on_member_update
Traceback (most recent call last):
  File "/usr/local/lib/python3.12/site-packages/discord/client.py", line 465, in _run_event
    await coro(*args, **kwargs)
  File "/app/asu_discord/cogs/analytics.py", line 652, in on_member_update
    before_timeout = before.timed_out_until
                     ^^^^^^^^^^^^^^^^^^^^^^
AttributeError: 'Member' object has no attribute 'timed_out_until'
Ignoring exception in on_member_update
Traceback (most recent call last):
  File "/usr/local/lib/python3.12/site-packages/discord/client.py", line 465, in _run_event
    await coro(*args, **kwargs)
  File "/app/asu_discord/cogs/analytics.py", line 652, in on_member_update
    before_timeout = before.timed_out_until
                     ^^^^^^^^^^^^^^^^^^^^^^
AttributeError: 'Member' object has no attribute 'timed_out_until'
Ignoring exception in on_member_update
Traceback (most recent call last):
  File "/usr/local/lib/python3.12/site-packages/discord/client.py", line 465, in _run_event
    await coro(*args, **kwargs)
  File "/app/asu_discord/cogs/analytics.py", line 652, in on_member_update
    before_timeout = before.timed_out_until
                     ^^^^^^^^^^^^^^^^^^^^^^
AttributeError: 'Member' object has no attribute 'timed_out_until'
Ignoring exception in on_member_update
Traceback (most recent call last):
  File "/usr/local/lib/python3.12/site-packages/discord/client.py", line 465, in _run_event
    await coro(*args, **kwargs)
  File "/app/asu_discord/cogs/analytics.py", line 652, in on_member_update
    before_timeout = before.timed_out_until
                     ^^^^^^^^^^^^^^^^^^^^^^
AttributeError: 'Member' object has no attribute 'timed_out_until'
Ignoring exception in on_member_update
Traceback (most recent call last):
  File "/usr/local/lib/python3.12/site-packages/discord/client.py", line 465, in _run_event
    await coro(*args, **kwargs)
  File "/app/asu_discord/cogs/analytics.py", line 652, in on_member_update
    before_timeout = before.timed_out_until
                     ^^^^^^^^^^^^^^^^^^^^^^
AttributeError: 'Member' object has no attribute 'timed_out_until'
Ignoring exception in on_member_update
Traceback (most recent call last):
  File "/usr/local/lib/python3.12/site-packages/discord/client.py", line 465, in _run_event
    await coro(*args, **kwargs)
  File "/app/asu_discord/cogs/analytics.py", line 652, in on_member_update
    before_timeout = before.timed_out_until
                     ^^^^^^^^^^^^^^^^^^^^^^
AttributeError: 'Member' object has no attribute 'timed_out_until'
INFO:asu_discord.cogs.verification:Saved 4 roles to database for user onyukim (Discord ID: 730931640213307392)
INFO:asu_discord.cogs.verification:Refreshed Salesforce roles for Discord user 730931640213307392: -3/+4 roles, assigned=[Downtown Phoenix, Edson College of Nursing and Health Innovation, First Year, Out of State]
Ignoring exception in on_member_update
Traceback (most recent call last):
  File "/usr/local/lib/python3.12/site-packages/discord/client.py", line 465, in _run_event
    await coro(*args, **kwargs)
  File "/app/asu_discord/cogs/analytics.py", line 652, in on_member_update
    before_timeout = before.timed_out_until
                     ^^^^^^^^^^^^^^^^^^^^^^
AttributeError: 'Member' object has no attribute 'timed_out_until'
Ignoring exception in on_member_update
Traceback (most recent call last):
  File "/usr/local/lib/python3.12/site-packages/discord/client.py", line 465, in _run_event
    await coro(*args, **kwargs)
  File "/app/asu_discord/cogs/analytics.py", line 652, in on_member_update
    before_timeout = before.timed_out_until
                     ^^^^^^^^^^^^^^^^^^^^^^
AttributeError: 'Member' object has no attribute 'timed_out_until'
Ignoring exception in on_member_update
Traceback (most recent call last):
  File "/usr/local/lib/python3.12/site-packages/discord/client.py", line 465, in _run_event
    await coro(*args, **kwargs)
  File "/app/asu_discord/cogs/analytics.py", line 652, in on_member_update
    before_timeout = before.timed_out_until
                     ^^^^^^^^^^^^^^^^^^^^^^
AttributeError: 'Member' object has no attribute 'timed_out_until'
Ignoring exception in on_member_update
Traceback (most recent call last):
  File "/usr/local/lib/python3.12/site-packages/discord/client.py", line 465, in _run_event
    await coro(*args, **kwargs)
  File "/app/asu_discord/cogs/analytics.py", line 652, in on_member_update
    before_timeout = before.timed_out_until
                     ^^^^^^^^^^^^^^^^^^^^^^
AttributeError: 'Member' object has no attribute 'timed_out_until'
Ignoring exception in on_member_update
Traceback (most recent call last):
  File "/usr/local/lib/python3.12/site-packages/discord/client.py", line 465, in _run_event
    await coro(*args, **kwargs)
  File "/app/asu_discord/cogs/analytics.py", line 652, in on_member_update
    before_timeout = before.timed_out_until
                     ^^^^^^^^^^^^^^^^^^^^^^
AttributeError: 'Member' object has no attribute 'timed_out_until'
Ignoring exception in on_member_update
Traceback (most recent call last):
  File "/usr/local/lib/python3.12/site-packages/discord/client.py", line 465, in _run_event
    await coro(*args, **kwargs)
  File "/app/asu_discord/cogs/analytics.py", line 652, in on_member_update
    before_timeout = before.timed_out_until
                     ^^^^^^^^^^^^^^^^^^^^^^
AttributeError: 'Member' object has no attribute 'timed_out_until'
Ignoring exception in on_member_update
Traceback (most recent call last):
  File "/usr/local/lib/python3.12/site-packages/discord/client.py", line 465, in _run_event
    await coro(*args, **kwargs)
  File "/app/asu_discord/cogs/analytics.py", line 652, in on_member_update
    before_timeout = before.timed_out_until
                     ^^^^^^^^^^^^^^^^^^^^^^
AttributeError: 'Member' object has no attribute 'timed_out_until'
Ignoring exception in on_member_update
Traceback (most recent call last):
  File "/usr/local/lib/python3.12/site-packages/discord/client.py", line 465, in _run_event
    await coro(*args, **kwargs)
  File "/app/asu_discord/cogs/analytics.py", line 652, in on_member_update
    before_timeout = before.timed_out_until
                     ^^^^^^^^^^^^^^^^^^^^^^
AttributeError: 'Member' object has no attribute 'timed_out_until'
Ignoring exception in on_member_update
Traceback (most recent call last):
  File "/usr/local/lib/python3.12/site-packages/discord/client.py", line 465, in _run_event
    await coro(*args, **kwargs)
  File "/app/asu_discord/cogs/analytics.py", line 652, in on_member_update
    before_timeout = before.timed_out_until
                     ^^^^^^^^^^^^^^^^^^^^^^
AttributeError: 'Member' object has no attribute 'timed_out_until'
Ignoring exception in on_member_update
Traceback (most recent call last):
  File "/usr/local/lib/python3.12/site-packages/discord/client.py", line 465, in _run_event
    await coro(*args, **kwargs)
  File "/app/asu_discord/cogs/analytics.py", line 652, in on_member_update
    before_timeout = before.timed_out_until
                     ^^^^^^^^^^^^^^^^^^^^^^
AttributeError: 'Member' object has no attribute 'timed_out_until'
Ignoring exception in on_member_update
Traceback (most recent call last):
  File "/usr/local/lib/python3.12/site-packages/discord/client.py", line 465, in _run_event
    await coro(*args, **kwargs)
  File "/app/asu_discord/cogs/analytics.py", line 652, in on_member_update
    before_timeout = before.timed_out_until
                     ^^^^^^^^^^^^^^^^^^^^^^
AttributeError: 'Member' object has no attribute 'timed_out_until'
Ignoring exception in on_member_update
Traceback (most recent call last):
  File "/usr/local/lib/python3.12/site-packages/discord/client.py", line 465, in _run_event
    await coro(*args, **kwargs)
  File "/app/asu_discord/cogs/analytics.py", line 652, in on_member_update
    before_timeout = before.timed_out_until
                     ^^^^^^^^^^^^^^^^^^^^^^
AttributeError: 'Member' object has no attribute 'timed_out_until'
INFO:asu_discord.cogs.verification:Saved 6 roles to database for user kbthoma6 (Discord ID: 933066420592476170)
INFO:asu_discord.cogs.verification:Refreshed Salesforce roles for Discord user 933066420592476170: -6/+6 roles, assigned=[Commited, First Generation Student, First Year, New College of Interdisciplinary Arts and Sciences, Out of State, West Valley]
Ignoring exception in on_member_update
Traceback (most recent call last):
  File "/usr/local/lib/python3.12/site-packages/discord/client.py", line 465, in _run_event
    await coro(*args, **kwargs)
  File "/app/asu_discord/cogs/analytics.py", line 652, in on_member_update
    before_timeout = before.timed_out_until
                     ^^^^^^^^^^^^^^^^^^^^^^
AttributeError: 'Member' object has no attribute 'timed_out_until'
Ignoring exception in on_member_update
Traceback (most recent call last):
  File "/usr/local/lib/python3.12/site-packages/discord/client.py", line 465, in _run_event
    await coro(*args, **kwargs)
  File "/app/asu_discord/cogs/analytics.py", line 652, in on_member_update
    before_timeout = before.timed_out_until
                     ^^^^^^^^^^^^^^^^^^^^^^
AttributeError: 'Member' object has no attribute 'timed_out_until'
Ignoring exception in on_member_update
Traceback (most recent call last):
  File "/usr/local/lib/python3.12/site-packages/discord/client.py", line 465, in _run_event
    await coro(*args, **kwargs)
  File "/app/asu_discord/cogs/analytics.py", line 652, in on_member_update
    before_timeout = before.timed_out_until
                     ^^^^^^^^^^^^^^^^^^^^^^
AttributeError: 'Member' object has no attribute 'timed_out_until'
Ignoring exception in on_member_update
Traceback (most recent call last):
  File "/usr/local/lib/python3.12/site-packages/discord/client.py", line 465, in _run_event
    await coro(*args, **kwargs)
  File "/app/asu_discord/cogs/analytics.py", line 652, in on_member_update
    before_timeout = before.timed_out_until
                     ^^^^^^^^^^^^^^^^^^^^^^
AttributeError: 'Member' object has no attribute 'timed_out_until'
Ignoring exception in on_member_update
Traceback (most recent call last):
  File "/usr/local/lib/python3.12/site-packages/discord/client.py", line 465, in _run_event
    await coro(*args, **kwargs)
  File "/app/asu_discord/cogs/analytics.py", line 652, in on_member_update
    before_timeout = before.timed_out_until
                     ^^^^^^^^^^^^^^^^^^^^^^
AttributeError: 'Member' object has no attribute 'timed_out_until'
Ignoring exception in on_member_update
Traceback (most recent call last):
  File "/usr/local/lib/python3.12/site-packages/discord/client.py", line 465, in _run_event
    await coro(*args, **kwargs)
  File "/app/asu_discord/cogs/analytics.py", line 652, in on_member_update
    before_timeout = before.timed_out_until
                     ^^^^^^^^^^^^^^^^^^^^^^
AttributeError: 'Member' object has no attribute 'timed_out_until'
Ignoring exception in on_member_update
Traceback (most recent call last):
  File "/usr/local/lib/python3.12/site-packages/discord/client.py", line 465, in _run_event
    await coro(*args, **kwargs)
  File "/app/asu_discord/cogs/analytics.py", line 652, in on_member_update
    before_timeout = before.timed_out_until
                     ^^^^^^^^^^^^^^^^^^^^^^
AttributeError: 'Member' object has no attribute 'timed_out_until'
Ignoring exception in on_member_update
Traceback (most recent call last):
  File "/usr/local/lib/python3.12/site-packages/discord/client.py", line 465, in _run_event
    await coro(*args, **kwargs)
  File "/app/asu_discord/cogs/analytics.py", line 652, in on_member_update
    before_timeout = before.timed_out_until
                     ^^^^^^^^^^^^^^^^^^^^^^
AttributeError: 'Member' object has no attribute 'timed_out_until'
Ignoring exception in on_member_update
Traceback (most recent call last):
  File "/usr/local/lib/python3.12/site-packages/discord/client.py", line 465, in _run_event
    await coro(*args, **kwargs)
  File "/app/asu_discord/cogs/analytics.py", line 652, in on_member_update
    before_timeout = before.timed_out_until
                     ^^^^^^^^^^^^^^^^^^^^^^
AttributeError: 'Member' object has no attribute 'timed_out_until'
Ignoring exception in on_member_update
Traceback (most recent call last):
  File "/usr/local/lib/python3.12/site-packages/discord/client.py", line 465, in _run_event
    await coro(*args, **kwargs)
  File "/app/asu_discord/cogs/analytics.py", line 652, in on_member_update
    before_timeout = before.timed_out_until
                     ^^^^^^^^^^^^^^^^^^^^^^
AttributeError: 'Member' object has no attribute 'timed_out_until'
Ignoring exception in on_member_update
Traceback (most recent call last):
  File "/usr/local/lib/python3.12/site-packages/discord/client.py", line 465, in _run_event
    await coro(*args, **kwargs)
  File "/app/asu_discord/cogs/analytics.py", line 652, in on_member_update
    before_timeout = before.timed_out_until
                     ^^^^^^^^^^^^^^^^^^^^^^
AttributeError: 'Member' object has no attribute 'timed_out_until'
Ignoring exception in on_member_update
Traceback (most recent call last):
  File "/usr/local/lib/python3.12/site-packages/discord/client.py", line 465, in _run_event
    await coro(*args, **kwargs)
  File "/app/asu_discord/cogs/analytics.py", line 652, in on_member_update
    before_timeout = before.timed_out_until
                     ^^^^^^^^^^^^^^^^^^^^^^
AttributeError: 'Member' object has no attribute 'timed_out_until'
INFO:asu_discord.cogs.verification:Saved 6 roles to database for user atorr176 (Discord ID: 1455035962160713819)
INFO:asu_discord.cogs.verification:Refreshed Salesforce roles for Discord user 1455035962160713819: -6/+6 roles, assigned=[Arizona Resident, Commited, First Generation Student, First Year, New College of Interdisciplinary Arts and Sciences, West Valley]
Ignoring exception in on_member_update
Traceback (most recent call last):
  File "/usr/local/lib/python3.12/site-packages/discord/client.py", line 465, in _run_event
    await coro(*args, **kwargs)
  File "/app/asu_discord/cogs/analytics.py", line 652, in on_member_update
    before_timeout = before.timed_out_until
                     ^^^^^^^^^^^^^^^^^^^^^^
AttributeError: 'Member' object has no attribute 'timed_out_until'
Ignoring exception in on_member_update
Traceback (most recent call last):
  File "/usr/local/lib/python3.12/site-packages/discord/client.py", line 465, in _run_event
    await coro(*args, **kwargs)
  File "/app/asu_discord/cogs/analytics.py", line 652, in on_member_update
    before_timeout = before.timed_out_until
                     ^^^^^^^^^^^^^^^^^^^^^^
AttributeError: 'Member' object has no attribute 'timed_out_until'
Ignoring exception in on_member_update
Traceback (most recent call last):
  File "/usr/local/lib/python3.12/site-packages/discord/client.py", line 465, in _run_event
    await coro(*args, **kwargs)
  File "/app/asu_discord/cogs/analytics.py", line 652, in on_member_update
    before_timeout = before.timed_out_until
                     ^^^^^^^^^^^^^^^^^^^^^^
AttributeError: 'Member' object has no attribute 'timed_out_until'
Ignoring exception in on_member_update
Traceback (most recent call last):
  File "/usr/local/lib/python3.12/site-packages/discord/client.py", line 465, in _run_event
    await coro(*args, **kwargs)
  File "/app/asu_discord/cogs/analytics.py", line 652, in on_member_update
    before_timeout = before.timed_out_until
                     ^^^^^^^^^^^^^^^^^^^^^^
AttributeError: 'Member' object has no attribute 'timed_out_until'
Ignoring exception in on_member_update
Traceback (most recent call last):
  File "/usr/local/lib/python3.12/site-packages/discord/client.py", line 465, in _run_event
    await coro(*args, **kwargs)
  File "/app/asu_discord/cogs/analytics.py", line 652, in on_member_update
    before_timeout = before.timed_out_until
                     ^^^^^^^^^^^^^^^^^^^^^^
AttributeError: 'Member' object has no attribute 'timed_out_until'
Ignoring exception in on_member_update
Traceback (most recent call last):
  File "/usr/local/lib/python3.12/site-packages/discord/client.py", line 465, in _run_event
    await coro(*args, **kwargs)
  File "/app/asu_discord/cogs/analytics.py", line 652, in on_member_update
    before_timeout = before.timed_out_until
                     ^^^^^^^^^^^^^^^^^^^^^^
AttributeError: 'Member' object has no attribute 'timed_out_until'
Ignoring exception in on_member_update
Traceback (most recent call last):
  File "/usr/local/lib/python3.12/site-packages/discord/client.py", line 465, in _run_event
    await coro(*args, **kwargs)
  File "/app/asu_discord/cogs/analytics.py", line 652, in on_member_update
    before_timeout = before.timed_out_until
                     ^^^^^^^^^^^^^^^^^^^^^^
AttributeError: 'Member' object has no attribute 'timed_out_until'
Ignoring exception in on_member_update
Traceback (most recent call last):
  File "/usr/local/lib/python3.12/site-packages/discord/client.py", line 465, in _run_event
    await coro(*args, **kwargs)
  File "/app/asu_discord/cogs/analytics.py", line 652, in on_member_update
    before_timeout = before.timed_out_until
                     ^^^^^^^^^^^^^^^^^^^^^^
AttributeError: 'Member' object has no attribute 'timed_out_until'
Ignoring exception in on_member_update
Traceback (most recent call last):
  File "/usr/local/lib/python3.12/site-packages/discord/client.py", line 465, in _run_event
    await coro(*args, **kwargs)
  File "/app/asu_discord/cogs/analytics.py", line 652, in on_member_update
    before_timeout = before.timed_out_until
                     ^^^^^^^^^^^^^^^^^^^^^^
AttributeError: 'Member' object has no attribute 'timed_out_until'
Ignoring exception in on_member_update
Traceback (most recent call last):
  File "/usr/local/lib/python3.12/site-packages/discord/client.py", line 465, in _run_event
    await coro(*args, **kwargs)
  File "/app/asu_discord/cogs/analytics.py", line 652, in on_member_update
    before_timeout = before.timed_out_until
                     ^^^^^^^^^^^^^^^^^^^^^^
AttributeError: 'Member' object has no attribute 'timed_out_until'
Ignoring exception in on_member_update
Traceback (most recent call last):
  File "/usr/local/lib/python3.12/site-packages/discord/client.py", line 465, in _run_event
    await coro(*args, **kwargs)
  File "/app/asu_discord/cogs/analytics.py", line 652, in on_member_update
    before_timeout = before.timed_out_until
                     ^^^^^^^^^^^^^^^^^^^^^^
AttributeError: 'Member' object has no attribute 'timed_out_until'
INFO:asu_discord.cogs.verification:Saved 6 roles to database for user sgibbs15 (Discord ID: 706727650663596073)
INFO:asu_discord.cogs.verification:Refreshed Salesforce roles for Discord user 706727650663596073: -5/+6 roles, assigned=[Arizona Resident, Commited, First Generation Student, First Year, Herberger Institute for Design and the Arts, Tempe]
Ignoring exception in on_member_update
Traceback (most recent call last):
  File "/usr/local/lib/python3.12/site-packages/discord/client.py", line 465, in _run_event
    await coro(*args, **kwargs)
  File "/app/asu_discord/cogs/analytics.py", line 652, in on_member_update
    before_timeout = before.timed_out_until
                     ^^^^^^^^^^^^^^^^^^^^^^
AttributeError: 'Member' object has no attribute 'timed_out_until'
Ignoring exception in on_member_update
Traceback (most recent call last):
  File "/usr/local/lib/python3.12/site-packages/discord/client.py", line 465, in _run_event
    await coro(*args, **kwargs)
  File "/app/asu_discord/cogs/analytics.py", line 652, in on_member_update
    before_timeout = before.timed_out_until
                     ^^^^^^^^^^^^^^^^^^^^^^
AttributeError: 'Member' object has no attribute 'timed_out_until'
Ignoring exception in on_member_update
Traceback (most recent call last):
  File "/usr/local/lib/python3.12/site-packages/discord/client.py", line 465, in _run_event
    await coro(*args, **kwargs)
  File "/app/asu_discord/cogs/analytics.py", line 652, in on_member_update
    before_timeout = before.timed_out_until
                     ^^^^^^^^^^^^^^^^^^^^^^
AttributeError: 'Member' object has no attribute 'timed_out_until'
Ignoring exception in on_member_update
Traceback (most recent call last):
  File "/usr/local/lib/python3.12/site-packages/discord/client.py", line 465, in _run_event
    await coro(*args, **kwargs)
  File "/app/asu_discord/cogs/analytics.py", line 652, in on_member_update
    before_timeout = before.timed_out_until
                     ^^^^^^^^^^^^^^^^^^^^^^
AttributeError: 'Member' object has no attribute 'timed_out_until'
Ignoring exception in on_member_update
Traceback (most recent call last):
  File "/usr/local/lib/python3.12/site-packages/discord/client.py", line 465, in _run_event
    await coro(*args, **kwargs)
  File "/app/asu_discord/cogs/analytics.py", line 652, in on_member_update
    before_timeout = before.timed_out_until
                     ^^^^^^^^^^^^^^^^^^^^^^
AttributeError: 'Member' object has no attribute 'timed_out_until'
Ignoring exception in on_member_update
Traceback (most recent call last):
  File "/usr/local/lib/python3.12/site-packages/discord/client.py", line 465, in _run_event
    await coro(*args, **kwargs)
  File "/app/asu_discord/cogs/analytics.py", line 652, in on_member_update
    before_timeout = before.timed_out_until
                     ^^^^^^^^^^^^^^^^^^^^^^
AttributeError: 'Member' object has no attribute 'timed_out_until'
Ignoring exception in on_member_update
Traceback (most recent call last):
  File "/usr/local/lib/python3.12/site-packages/discord/client.py", line 465, in _run_event
    await coro(*args, **kwargs)
  File "/app/asu_discord/cogs/analytics.py", line 652, in on_member_update
    before_timeout = before.timed_out_until
                     ^^^^^^^^^^^^^^^^^^^^^^
AttributeError: 'Member' object has no attribute 'timed_out_until'
Ignoring exception in on_member_update
Traceback (most recent call last):
  File "/usr/local/lib/python3.12/site-packages/discord/client.py", line 465, in _run_event
    await coro(*args, **kwargs)
  File "/app/asu_discord/cogs/analytics.py", line 652, in on_member_update
    before_timeout = before.timed_out_until
                     ^^^^^^^^^^^^^^^^^^^^^^
AttributeError: 'Member' object has no attribute 'timed_out_until'
Ignoring exception in on_member_update
Traceback (most recent call last):
  File "/usr/local/lib/python3.12/site-packages/discord/client.py", line 465, in _run_event
    await coro(*args, **kwargs)
  File "/app/asu_discord/cogs/analytics.py", line 652, in on_member_update
    before_timeout = before.timed_out_until
                     ^^^^^^^^^^^^^^^^^^^^^^
AttributeError: 'Member' object has no attribute 'timed_out_until'
Ignoring exception in on_member_update
Traceback (most recent call last):
  File "/usr/local/lib/python3.12/site-packages/discord/client.py", line 465, in _run_event
    await coro(*args, **kwargs)
  File "/app/asu_discord/cogs/analytics.py", line 652, in on_member_update
    before_timeout = before.timed_out_until
                     ^^^^^^^^^^^^^^^^^^^^^^
AttributeError: 'Member' object has no attribute 'timed_out_until'
INFO:asu_discord.cogs.verification:Saved 6 roles to database for user bbzdak (Discord ID: 674391767981883432)
INFO:asu_discord.cogs.verification:Refreshed Salesforce roles for Discord user 674391767981883432: -4/+6 roles, assigned=[Arizona Resident, College of Liberal Arts and Sciences, Commited, First Year, Tempe, Upperclassmen]
Ignoring exception in on_member_update
Traceback (most recent call last):
  File "/usr/local/lib/python3.12/site-packages/discord/client.py", line 465, in _run_event
    await coro(*args, **kwargs)
  File "/app/asu_discord/cogs/analytics.py", line 652, in on_member_update
    before_timeout = before.timed_out_until
                     ^^^^^^^^^^^^^^^^^^^^^^
AttributeError: 'Member' object has no attribute 'timed_out_until'
Ignoring exception in on_member_update
Traceback (most recent call last):
  File "/usr/local/lib/python3.12/site-packages/discord/client.py", line 465, in _run_event
    await coro(*args, **kwargs)
  File "/app/asu_discord/cogs/analytics.py", line 652, in on_member_update
    before_timeout = before.timed_out_until
                     ^^^^^^^^^^^^^^^^^^^^^^
AttributeError: 'Member' object has no attribute 'timed_out_until'
Ignoring exception in on_member_update
Traceback (most recent call last):
  File "/usr/local/lib/python3.12/site-packages/discord/client.py", line 465, in _run_event
    await coro(*args, **kwargs)
  File "/app/asu_discord/cogs/analytics.py", line 652, in on_member_update
    before_timeout = before.timed_out_until
                     ^^^^^^^^^^^^^^^^^^^^^^
AttributeError: 'Member' object has no attribute 'timed_out_until'
Ignoring exception in on_member_update
Traceback (most recent call last):
  File "/usr/local/lib/python3.12/site-packages/discord/client.py", line 465, in _run_event
    await coro(*args, **kwargs)
  File "/app/asu_discord/cogs/analytics.py", line 652, in on_member_update
    before_timeout = before.timed_out_until
                     ^^^^^^^^^^^^^^^^^^^^^^
AttributeError: 'Member' object has no attribute 'timed_out_until'
Ignoring exception in on_member_update
Traceback (most recent call last):
  File "/usr/local/lib/python3.12/site-packages/discord/client.py", line 465, in _run_event
    await coro(*args, **kwargs)
  File "/app/asu_discord/cogs/analytics.py", line 652, in on_member_update
    before_timeout = before.timed_out_until
                     ^^^^^^^^^^^^^^^^^^^^^^
AttributeError: 'Member' object has no attribute 'timed_out_until'
Ignoring exception in on_member_update
Traceback (most recent call last):
  File "/usr/local/lib/python3.12/site-packages/discord/client.py", line 465, in _run_event
    await coro(*args, **kwargs)
  File "/app/asu_discord/cogs/analytics.py", line 652, in on_member_update
    before_timeout = before.timed_out_until
                     ^^^^^^^^^^^^^^^^^^^^^^
AttributeError: 'Member' object has no attribute 'timed_out_until'
Ignoring exception in on_member_update
Traceback (most recent call last):
  File "/usr/local/lib/python3.12/site-packages/discord/client.py", line 465, in _run_event
    await coro(*args, **kwargs)
  File "/app/asu_discord/cogs/analytics.py", line 652, in on_member_update
    before_timeout = before.timed_out_until
                     ^^^^^^^^^^^^^^^^^^^^^^
AttributeError: 'Member' object has no attribute 'timed_out_until'
Ignoring exception in on_member_update
Traceback (most recent call last):
  File "/usr/local/lib/python3.12/site-packages/discord/client.py", line 465, in _run_event
    await coro(*args, **kwargs)
  File "/app/asu_discord/cogs/analytics.py", line 652, in on_member_update
    before_timeout = before.timed_out_until
                     ^^^^^^^^^^^^^^^^^^^^^^
AttributeError: 'Member' object has no attribute 'timed_out_until'
Ignoring exception in on_member_update
Traceback (most recent call last):
  File "/usr/local/lib/python3.12/site-packages/discord/client.py", line 465, in _run_event
    await coro(*args, **kwargs)
  File "/app/asu_discord/cogs/analytics.py", line 652, in on_member_update
    before_timeout = before.timed_out_until
                     ^^^^^^^^^^^^^^^^^^^^^^
AttributeError: 'Member' object has no attribute 'timed_out_until'
Ignoring exception in on_member_update
Traceback (most recent call last):
  File "/usr/local/lib/python3.12/site-packages/discord/client.py", line 465, in _run_event
    await coro(*args, **kwargs)
  File "/app/asu_discord/cogs/analytics.py", line 652, in on_member_update
    before_timeout = before.timed_out_until
                     ^^^^^^^^^^^^^^^^^^^^^^
AttributeError: 'Member' object has no attribute 'timed_out_until'
INFO:asu_discord.cogs.verification:Saved 6 roles to database for user magome43 (Discord ID: 609527266669494276)
INFO:asu_discord.cogs.verification:Refreshed Salesforce roles for Discord user 609527266669494276: -4/+6 roles, assigned=[Arizona Resident, Commited, First Generation Student, First Year, Watts College of Public Service and Community Solutions, West Valley]
Ignoring exception in on_member_update
Traceback (most recent call last):
  File "/usr/local/lib/python3.12/site-packages/discord/client.py", line 465, in _run_event
    await coro(*args, **kwargs)
  File "/app/asu_discord/cogs/analytics.py", line 652, in on_member_update
    before_timeout = before.timed_out_until
                     ^^^^^^^^^^^^^^^^^^^^^^
AttributeError: 'Member' object has no attribute 'timed_out_until'
Ignoring exception in on_member_update
Traceback (most recent call last):
  File "/usr/local/lib/python3.12/site-packages/discord/client.py", line 465, in _run_event
    await coro(*args, **kwargs)
  File "/app/asu_discord/cogs/analytics.py", line 652, in on_member_update
    before_timeout = before.timed_out_until
                     ^^^^^^^^^^^^^^^^^^^^^^
AttributeError: 'Member' object has no attribute 'timed_out_until'
Ignoring exception in on_member_update
Traceback (most recent call last):
  File "/usr/local/lib/python3.12/site-packages/discord/client.py", line 465, in _run_event
    await coro(*args, **kwargs)
  File "/app/asu_discord/cogs/analytics.py", line 652, in on_member_update
    before_timeout = before.timed_out_until
                     ^^^^^^^^^^^^^^^^^^^^^^
AttributeError: 'Member' object has no attribute 'timed_out_until'
Ignoring exception in on_member_update
Traceback (most recent call last):
  File "/usr/local/lib/python3.12/site-packages/discord/client.py", line 465, in _run_event
    await coro(*args, **kwargs)
  File "/app/asu_discord/cogs/analytics.py", line 652, in on_member_update
    before_timeout = before.timed_out_until
                     ^^^^^^^^^^^^^^^^^^^^^^
AttributeError: 'Member' object has no attribute 'timed_out_until'
Ignoring exception in on_member_update
Traceback (most recent call last):
  File "/usr/local/lib/python3.12/site-packages/discord/client.py", line 465, in _run_event
    await coro(*args, **kwargs)
  File "/app/asu_discord/cogs/analytics.py", line 652, in on_member_update
    before_timeout = before.timed_out_until
                     ^^^^^^^^^^^^^^^^^^^^^^
AttributeError: 'Member' object has no attribute 'timed_out_until'
Ignoring exception in on_member_update
Traceback (most recent call last):
  File "/usr/local/lib/python3.12/site-packages/discord/client.py", line 465, in _run_event
    await coro(*args, **kwargs)
  File "/app/asu_discord/cogs/analytics.py", line 652, in on_member_update
    before_timeout = before.timed_out_until
                     ^^^^^^^^^^^^^^^^^^^^^^
AttributeError: 'Member' object has no attribute 'timed_out_until'
Ignoring exception in on_member_update
Traceback (most recent call last):
  File "/usr/local/lib/python3.12/site-packages/discord/client.py", line 465, in _run_event
    await coro(*args, **kwargs)
  File "/app/asu_discord/cogs/analytics.py", line 652, in on_member_update
    before_timeout = before.timed_out_until
                     ^^^^^^^^^^^^^^^^^^^^^^
AttributeError: 'Member' object has no attribute 'timed_out_until'
Ignoring exception in on_member_update
Traceback (most recent call last):
  File "/usr/local/lib/python3.12/site-packages/discord/client.py", line 465, in _run_event
    await coro(*args, **kwargs)
  File "/app/asu_discord/cogs/analytics.py", line 652, in on_member_update
    before_timeout = before.timed_out_until
                     ^^^^^^^^^^^^^^^^^^^^^^
AttributeError: 'Member' object has no attribute 'timed_out_until'
Ignoring exception in on_member_update
Traceback (most recent call last):
  File "/usr/local/lib/python3.12/site-packages/discord/client.py", line 465, in _run_event
    await coro(*args, **kwargs)
  File "/app/asu_discord/cogs/analytics.py", line 652, in on_member_update
    before_timeout = before.timed_out_until
                     ^^^^^^^^^^^^^^^^^^^^^^
AttributeError: 'Member' object has no attribute 'timed_out_until'
Ignoring exception in on_member_update
Traceback (most recent call last):
  File "/usr/local/lib/python3.12/site-packages/discord/client.py", line 465, in _run_event
    await coro(*args, **kwargs)
  File "/app/asu_discord/cogs/analytics.py", line 652, in on_member_update
    before_timeout = before.timed_out_until
                     ^^^^^^^^^^^^^^^^^^^^^^
AttributeError: 'Member' object has no attribute 'timed_out_until'
INFO:asu_discord.cogs.verification:Saved 5 roles to database for user dguzma39 (Discord ID: 1461886446431375484)
INFO:asu_discord.cogs.verification:Refreshed Salesforce roles for Discord user 1461886446431375484: -5/+5 roles, assigned=[Arizona Resident, First Generation Student, First Year, Tempe, W.P. Carey School of Business]
Ignoring exception in on_member_update
Traceback (most recent call last):
  File "/usr/local/lib/python3.12/site-packages/discord/client.py", line 465, in _run_event
    await coro(*args, **kwargs)
  File "/app/asu_discord/cogs/analytics.py", line 652, in on_member_update
    before_timeout = before.timed_out_until
                     ^^^^^^^^^^^^^^^^^^^^^^
AttributeError: 'Member' object has no attribute 'timed_out_until'
Ignoring exception in on_member_update
Traceback (most recent call last):
  File "/usr/local/lib/python3.12/site-packages/discord/client.py", line 465, in _run_event
    await coro(*args, **kwargs)
  File "/app/asu_discord/cogs/analytics.py", line 652, in on_member_update
    before_timeout = before.timed_out_until
                     ^^^^^^^^^^^^^^^^^^^^^^
AttributeError: 'Member' object has no attribute 'timed_out_until'
Ignoring exception in on_member_update
Traceback (most recent call last):
  File "/usr/local/lib/python3.12/site-packages/discord/client.py", line 465, in _run_event
    await coro(*args, **kwargs)
  File "/app/asu_discord/cogs/analytics.py", line 652, in on_member_update
    before_timeout = before.timed_out_until
                     ^^^^^^^^^^^^^^^^^^^^^^
AttributeError: 'Member' object has no attribute 'timed_out_until'
Ignoring exception in on_member_update
Traceback (most recent call last):
  File "/usr/local/lib/python3.12/site-packages/discord/client.py", line 465, in _run_event
    await coro(*args, **kwargs)
  File "/app/asu_discord/cogs/analytics.py", line 652, in on_member_update
    before_timeout = before.timed_out_until
                     ^^^^^^^^^^^^^^^^^^^^^^
AttributeError: 'Member' object has no attribute 'timed_out_until'
Ignoring exception in on_member_update
Traceback (most recent call last):
  File "/usr/local/lib/python3.12/site-packages/discord/client.py", line 465, in _run_event
    await coro(*args, **kwargs)
  File "/app/asu_discord/cogs/analytics.py", line 652, in on_member_update
    before_timeout = before.timed_out_until
                     ^^^^^^^^^^^^^^^^^^^^^^
AttributeError: 'Member' object has no attribute 'timed_out_until'
Ignoring exception in on_member_update
Traceback (most recent call last):
  File "/usr/local/lib/python3.12/site-packages/discord/client.py", line 465, in _run_event
    await coro(*args, **kwargs)
  File "/app/asu_discord/cogs/analytics.py", line 652, in on_member_update
    before_timeout = before.timed_out_until
                     ^^^^^^^^^^^^^^^^^^^^^^
AttributeError: 'Member' object has no attribute 'timed_out_until'
Ignoring exception in on_member_update
Traceback (most recent call last):
  File "/usr/local/lib/python3.12/site-packages/discord/client.py", line 465, in _run_event
    await coro(*args, **kwargs)
  File "/app/asu_discord/cogs/analytics.py", line 652, in on_member_update
    before_timeout = before.timed_out_until
                     ^^^^^^^^^^^^^^^^^^^^^^
AttributeError: 'Member' object has no attribute 'timed_out_until'
Ignoring exception in on_member_update
Traceback (most recent call last):
  File "/usr/local/lib/python3.12/site-packages/discord/client.py", line 465, in _run_event
    await coro(*args, **kwargs)
  File "/app/asu_discord/cogs/analytics.py", line 652, in on_member_update
    before_timeout = before.timed_out_until
                     ^^^^^^^^^^^^^^^^^^^^^^
AttributeError: 'Member' object has no attribute 'timed_out_until'
INFO:asu_discord.cogs.verification:Saved 4 roles to database for user srahma79 (Discord ID: 678272147239731201)
INFO:asu_discord.cogs.verification:Refreshed Salesforce roles for Discord user 678272147239731201: -4/+4 roles, assigned=[First Year, International Student, Ira A. Fulton Schools of Engineering, Tempe]
ERROR:cron.jobs:refresh_salesforce_roles: failed for sapiment (Discord ID 1392184222307057886): Failed to refresh Salesforce-based roles: Discord user 1392184222307057886 is not a member of the guild
Ignoring exception in on_member_update
Traceback (most recent call last):
  File "/usr/local/lib/python3.12/site-packages/discord/client.py", line 465, in _run_event
    await coro(*args, **kwargs)
  File "/app/asu_discord/cogs/analytics.py", line 652, in on_member_update
    before_timeout = before.timed_out_until
                     ^^^^^^^^^^^^^^^^^^^^^^
AttributeError: 'Member' object has no attribute 'timed_out_until'
Ignoring exception in on_member_update
Traceback (most recent call last):
  File "/usr/local/lib/python3.12/site-packages/discord/client.py", line 465, in _run_event
    await coro(*args, **kwargs)
  File "/app/asu_discord/cogs/analytics.py", line 652, in on_member_update
    before_timeout = before.timed_out_until
                     ^^^^^^^^^^^^^^^^^^^^^^
AttributeError: 'Member' object has no attribute 'timed_out_until'
Ignoring exception in on_member_update
Traceback (most recent call last):
  File "/usr/local/lib/python3.12/site-packages/discord/client.py", line 465, in _run_event
    await coro(*args, **kwargs)
  File "/app/asu_discord/cogs/analytics.py", line 652, in on_member_update
    before_timeout = before.timed_out_until
                     ^^^^^^^^^^^^^^^^^^^^^^
AttributeError: 'Member' object has no attribute 'timed_out_until'
Ignoring exception in on_member_update
Traceback (most recent call last):
  File "/usr/local/lib/python3.12/site-packages/discord/client.py", line 465, in _run_event
    await coro(*args, **kwargs)
  File "/app/asu_discord/cogs/analytics.py", line 652, in on_member_update
    before_timeout = before.timed_out_until
                     ^^^^^^^^^^^^^^^^^^^^^^
AttributeError: 'Member' object has no attribute 'timed_out_until'
Ignoring exception in on_member_update
Traceback (most recent call last):
  File "/usr/local/lib/python3.12/site-packages/discord/client.py", line 465, in _run_event
    await coro(*args, **kwargs)
  File "/app/asu_discord/cogs/analytics.py", line 652, in on_member_update
    before_timeout = before.timed_out_until
                     ^^^^^^^^^^^^^^^^^^^^^^
AttributeError: 'Member' object has no attribute 'timed_out_until'
Ignoring exception in on_member_update
Traceback (most recent call last):
  File "/usr/local/lib/python3.12/site-packages/discord/client.py", line 465, in _run_event
    await coro(*args, **kwargs)
  File "/app/asu_discord/cogs/analytics.py", line 652, in on_member_update
    before_timeout = before.timed_out_until
                     ^^^^^^^^^^^^^^^^^^^^^^
AttributeError: 'Member' object has no attribute 'timed_out_until'
Ignoring exception in on_member_update
Traceback (most recent call last):
  File "/usr/local/lib/python3.12/site-packages/discord/client.py", line 465, in _run_event
    await coro(*args, **kwargs)
  File "/app/asu_discord/cogs/analytics.py", line 652, in on_member_update
    before_timeout = before.timed_out_until
                     ^^^^^^^^^^^^^^^^^^^^^^
AttributeError: 'Member' object has no attribute 'timed_out_until'
Ignoring exception in on_member_update
Traceback (most recent call last):
  File "/usr/local/lib/python3.12/site-packages/discord/client.py", line 465, in _run_event
    await coro(*args, **kwargs)
  File "/app/asu_discord/cogs/analytics.py", line 652, in on_member_update
    before_timeout = before.timed_out_until
                     ^^^^^^^^^^^^^^^^^^^^^^
AttributeError: 'Member' object has no attribute 'timed_out_until'
INFO:asu_discord.cogs.verification:Saved 4 roles to database for user rmcken22 (Discord ID: 682357157936758956)
INFO:asu_discord.cogs.verification:Refreshed Salesforce roles for Discord user 682357157936758956: -4/+4 roles, assigned=[Downtown Phoenix, First Year, Herberger Institute for Design and the Arts, Out of State]
Ignoring exception in on_member_update
Traceback (most recent call last):
  File "/usr/local/lib/python3.12/site-packages/discord/client.py", line 465, in _run_event
    await coro(*args, **kwargs)
  File "/app/asu_discord/cogs/analytics.py", line 652, in on_member_update
    before_timeout = before.timed_out_until
                     ^^^^^^^^^^^^^^^^^^^^^^
AttributeError: 'Member' object has no attribute 'timed_out_until'
Ignoring exception in on_member_update
Traceback (most recent call last):
  File "/usr/local/lib/python3.12/site-packages/discord/client.py", line 465, in _run_event
    await coro(*args, **kwargs)
  File "/app/asu_discord/cogs/analytics.py", line 652, in on_member_update
    before_timeout = before.timed_out_until
                     ^^^^^^^^^^^^^^^^^^^^^^
AttributeError: 'Member' object has no attribute 'timed_out_until'
Ignoring exception in on_member_update
Traceback (most recent call last):
  File "/usr/local/lib/python3.12/site-packages/discord/client.py", line 465, in _run_event
    await coro(*args, **kwargs)
  File "/app/asu_discord/cogs/analytics.py", line 652, in on_member_update
    before_timeout = before.timed_out_until
                     ^^^^^^^^^^^^^^^^^^^^^^
AttributeError: 'Member' object has no attribute 'timed_out_until'
Ignoring exception in on_member_update
Traceback (most recent call last):
  File "/usr/local/lib/python3.12/site-packages/discord/client.py", line 465, in _run_event
    await coro(*args, **kwargs)
  File "/app/asu_discord/cogs/analytics.py", line 652, in on_member_update
    before_timeout = before.timed_out_until
                     ^^^^^^^^^^^^^^^^^^^^^^
AttributeError: 'Member' object has no attribute 'timed_out_until'
Ignoring exception in on_member_update
Traceback (most recent call last):
  File "/usr/local/lib/python3.12/site-packages/discord/client.py", line 465, in _run_event
    await coro(*args, **kwargs)
  File "/app/asu_discord/cogs/analytics.py", line 652, in on_member_update
    before_timeout = before.timed_out_until
                     ^^^^^^^^^^^^^^^^^^^^^^
AttributeError: 'Member' object has no attribute 'timed_out_until'
Ignoring exception in on_member_update
Traceback (most recent call last):
  File "/usr/local/lib/python3.12/site-packages/discord/client.py", line 465, in _run_event
    await coro(*args, **kwargs)
  File "/app/asu_discord/cogs/analytics.py", line 652, in on_member_update
    before_timeout = before.timed_out_until
                     ^^^^^^^^^^^^^^^^^^^^^^
AttributeError: 'Member' object has no attribute 'timed_out_until'
Ignoring exception in on_member_update
Traceback (most recent call last):
  File "/usr/local/lib/python3.12/site-packages/discord/client.py", line 465, in _run_event
    await coro(*args, **kwargs)
  File "/app/asu_discord/cogs/analytics.py", line 652, in on_member_update
    before_timeout = before.timed_out_until
                     ^^^^^^^^^^^^^^^^^^^^^^
AttributeError: 'Member' object has no attribute 'timed_out_until'
Ignoring exception in on_member_update
Traceback (most recent call last):
  File "/usr/local/lib/python3.12/site-packages/discord/client.py", line 465, in _run_event
    await coro(*args, **kwargs)
  File "/app/asu_discord/cogs/analytics.py", line 652, in on_member_update
    before_timeout = before.timed_out_until
                     ^^^^^^^^^^^^^^^^^^^^^^
AttributeError: 'Member' object has no attribute 'timed_out_until'
Ignoring exception in on_member_update
Traceback (most recent call last):
  File "/usr/local/lib/python3.12/site-packages/discord/client.py", line 465, in _run_event
    await coro(*args, **kwargs)
  File "/app/asu_discord/cogs/analytics.py", line 652, in on_member_update
    before_timeout = before.timed_out_until
                     ^^^^^^^^^^^^^^^^^^^^^^
AttributeError: 'Member' object has no attribute 'timed_out_until'
Ignoring exception in on_member_update
Traceback (most recent call last):
  File "/usr/local/lib/python3.12/site-packages/discord/client.py", line 465, in _run_event
    await coro(*args, **kwargs)
  File "/app/asu_discord/cogs/analytics.py", line 652, in on_member_update
    before_timeout = before.timed_out_until
                     ^^^^^^^^^^^^^^^^^^^^^^
AttributeError: 'Member' object has no attribute 'timed_out_until'
INFO:asu_discord.cogs.verification:Saved 5 roles to database for user ejellis3 (Discord ID: 1300653481589473310)
INFO:asu_discord.cogs.verification:Refreshed Salesforce roles for Discord user 1300653481589473310: -5/+5 roles, assigned=[Arizona Resident, Commited, Ira A. Fulton Schools of Engineering, Tempe, Transfer Student]
Ignoring exception in on_member_update
Traceback (most recent call last):
  File "/usr/local/lib/python3.12/site-packages/discord/client.py", line 465, in _run_event
    await coro(*args, **kwargs)
  File "/app/asu_discord/cogs/analytics.py", line 652, in on_member_update
    before_timeout = before.timed_out_until
                     ^^^^^^^^^^^^^^^^^^^^^^
AttributeError: 'Member' object has no attribute 'timed_out_until'
Ignoring exception in on_member_update
Traceback (most recent call last):
  File "/usr/local/lib/python3.12/site-packages/discord/client.py", line 465, in _run_event
    await coro(*args, **kwargs)
  File "/app/asu_discord/cogs/analytics.py", line 652, in on_member_update
    before_timeout = before.timed_out_until
                     ^^^^^^^^^^^^^^^^^^^^^^
AttributeError: 'Member' object has no attribute 'timed_out_until'
Ignoring exception in on_member_update
Traceback (most recent call last):
  File "/usr/local/lib/python3.12/site-packages/discord/client.py", line 465, in _run_event
    await coro(*args, **kwargs)
  File "/app/asu_discord/cogs/analytics.py", line 652, in on_member_update
    before_timeout = before.timed_out_until
                     ^^^^^^^^^^^^^^^^^^^^^^
AttributeError: 'Member' object has no attribute 'timed_out_until'
Ignoring exception in on_member_update
Traceback (most recent call last):
  File "/usr/local/lib/python3.12/site-packages/discord/client.py", line 465, in _run_event
    await coro(*args, **kwargs)
  File "/app/asu_discord/cogs/analytics.py", line 652, in on_member_update
    before_timeout = before.timed_out_until
                     ^^^^^^^^^^^^^^^^^^^^^^
AttributeError: 'Member' object has no attribute 'timed_out_until'
Ignoring exception in on_member_update
Traceback (most recent call last):
  File "/usr/local/lib/python3.12/site-packages/discord/client.py", line 465, in _run_event
    await coro(*args, **kwargs)
  File "/app/asu_discord/cogs/analytics.py", line 652, in on_member_update
    before_timeout = before.timed_out_until
                     ^^^^^^^^^^^^^^^^^^^^^^
AttributeError: 'Member' object has no attribute 'timed_out_until'
Ignoring exception in on_member_update
Traceback (most recent call last):
  File "/usr/local/lib/python3.12/site-packages/discord/client.py", line 465, in _run_event
    await coro(*args, **kwargs)
  File "/app/asu_discord/cogs/analytics.py", line 652, in on_member_update
    before_timeout = before.timed_out_until
                     ^^^^^^^^^^^^^^^^^^^^^^
AttributeError: 'Member' object has no attribute 'timed_out_until'
Ignoring exception in on_member_update
Traceback (most recent call last):
  File "/usr/local/lib/python3.12/site-packages/discord/client.py", line 465, in _run_event
    await coro(*args, **kwargs)
  File "/app/asu_discord/cogs/analytics.py", line 652, in on_member_update
    before_timeout = before.timed_out_until
                     ^^^^^^^^^^^^^^^^^^^^^^
AttributeError: 'Member' object has no attribute 'timed_out_until'
Ignoring exception in on_member_update
Traceback (most recent call last):
  File "/usr/local/lib/python3.12/site-packages/discord/client.py", line 465, in _run_event
    await coro(*args, **kwargs)
  File "/app/asu_discord/cogs/analytics.py", line 652, in on_member_update
    before_timeout = before.timed_out_until
                     ^^^^^^^^^^^^^^^^^^^^^^
AttributeError: 'Member' object has no attribute 'timed_out_until'
Ignoring exception in on_member_update
Traceback (most recent call last):
  File "/usr/local/lib/python3.12/site-packages/discord/client.py", line 465, in _run_event
    await coro(*args, **kwargs)
  File "/app/asu_discord/cogs/analytics.py", line 652, in on_member_update
    before_timeout = before.timed_out_until
                     ^^^^^^^^^^^^^^^^^^^^^^
AttributeError: 'Member' object has no attribute 'timed_out_until'
Ignoring exception in on_member_update
Traceback (most recent call last):
  File "/usr/local/lib/python3.12/site-packages/discord/client.py", line 465, in _run_event
    await coro(*args, **kwargs)
  File "/app/asu_discord/cogs/analytics.py", line 652, in on_member_update
    before_timeout = before.timed_out_until
                     ^^^^^^^^^^^^^^^^^^^^^^
AttributeError: 'Member' object has no attribute 'timed_out_until'
INFO:asu_discord.cogs.verification:Saved 5 roles to database for user crschuma (Discord ID: 1463210560521765130)
INFO:asu_discord.cogs.verification:Refreshed Salesforce roles for Discord user 1463210560521765130: -5/+5 roles, assigned=[Arizona Resident, Commited, First Year, Herberger Institute for Design and the Arts, Tempe]
Ignoring exception in on_member_update
Traceback (most recent call last):
  File "/usr/local/lib/python3.12/site-packages/discord/client.py", line 465, in _run_event
    await coro(*args, **kwargs)
  File "/app/asu_discord/cogs/analytics.py", line 652, in on_member_update
    before_timeout = before.timed_out_until
                     ^^^^^^^^^^^^^^^^^^^^^^
AttributeError: 'Member' object has no attribute 'timed_out_until'
Ignoring exception in on_member_update
Traceback (most recent call last):
  File "/usr/local/lib/python3.12/site-packages/discord/client.py", line 465, in _run_event
    await coro(*args, **kwargs)
  File "/app/asu_discord/cogs/analytics.py", line 652, in on_member_update
    before_timeout = before.timed_out_until
                     ^^^^^^^^^^^^^^^^^^^^^^
AttributeError: 'Member' object has no attribute 'timed_out_until'
Ignoring exception in on_member_update
Traceback (most recent call last):
  File "/usr/local/lib/python3.12/site-packages/discord/client.py", line 465, in _run_event
    await coro(*args, **kwargs)
  File "/app/asu_discord/cogs/analytics.py", line 652, in on_member_update
    before_timeout = before.timed_out_until
                     ^^^^^^^^^^^^^^^^^^^^^^
AttributeError: 'Member' object has no attribute 'timed_out_until'
Ignoring exception in on_member_update
Traceback (most recent call last):
  File "/usr/local/lib/python3.12/site-packages/discord/client.py", line 465, in _run_event
    await coro(*args, **kwargs)
  File "/app/asu_discord/cogs/analytics.py", line 652, in on_member_update
    before_timeout = before.timed_out_until
                     ^^^^^^^^^^^^^^^^^^^^^^
AttributeError: 'Member' object has no attribute 'timed_out_until'
Ignoring exception in on_member_update
Traceback (most recent call last):
  File "/usr/local/lib/python3.12/site-packages/discord/client.py", line 465, in _run_event
    await coro(*args, **kwargs)
  File "/app/asu_discord/cogs/analytics.py", line 652, in on_member_update
    before_timeout = before.timed_out_until
                     ^^^^^^^^^^^^^^^^^^^^^^
AttributeError: 'Member' object has no attribute 'timed_out_until'
Ignoring exception in on_member_update
Traceback (most recent call last):
  File "/usr/local/lib/python3.12/site-packages/discord/client.py", line 465, in _run_event
    await coro(*args, **kwargs)
  File "/app/asu_discord/cogs/analytics.py", line 652, in on_member_update
    before_timeout = before.timed_out_until
                     ^^^^^^^^^^^^^^^^^^^^^^
AttributeError: 'Member' object has no attribute 'timed_out_until'
Ignoring exception in on_member_update
Traceback (most recent call last):
  File "/usr/local/lib/python3.12/site-packages/discord/client.py", line 465, in _run_event
    await coro(*args, **kwargs)
  File "/app/asu_discord/cogs/analytics.py", line 652, in on_member_update
    before_timeout = before.timed_out_until
                     ^^^^^^^^^^^^^^^^^^^^^^
AttributeError: 'Member' object has no attribute 'timed_out_until'
Ignoring exception in on_member_update
Traceback (most recent call last):
  File "/usr/local/lib/python3.12/site-packages/discord/client.py", line 465, in _run_event
    await coro(*args, **kwargs)
  File "/app/asu_discord/cogs/analytics.py", line 652, in on_member_update
    before_timeout = before.timed_out_until
                     ^^^^^^^^^^^^^^^^^^^^^^
AttributeError: 'Member' object has no attribute 'timed_out_until'
Ignoring exception in on_member_update
Traceback (most recent call last):
  File "/usr/local/lib/python3.12/site-packages/discord/client.py", line 465, in _run_event
    await coro(*args, **kwargs)
  File "/app/asu_discord/cogs/analytics.py", line 652, in on_member_update
    before_timeout = before.timed_out_until
                     ^^^^^^^^^^^^^^^^^^^^^^
AttributeError: 'Member' object has no attribute 'timed_out_until'
Ignoring exception in on_member_update
Traceback (most recent call last):
  File "/usr/local/lib/python3.12/site-packages/discord/client.py", line 465, in _run_event
    await coro(*args, **kwargs)
  File "/app/asu_discord/cogs/analytics.py", line 652, in on_member_update
    before_timeout = before.timed_out_until
                     ^^^^^^^^^^^^^^^^^^^^^^
AttributeError: 'Member' object has no attribute 'timed_out_until'
INFO:asu_discord.cogs.verification:Saved 5 roles to database for user vbhakta2 (Discord ID: 856978654336647209)
INFO:asu_discord.cogs.verification:Refreshed Salesforce roles for Discord user 856978654336647209: -5/+5 roles, assigned=[Arizona Resident, Commited, First Year, Polytechnic, W.P. Carey School of Business]
Ignoring exception in on_member_update
Traceback (most recent call last):
  File "/usr/local/lib/python3.12/site-packages/discord/client.py", line 465, in _run_event
    await coro(*args, **kwargs)
  File "/app/asu_discord/cogs/analytics.py", line 652, in on_member_update
    before_timeout = before.timed_out_until
                     ^^^^^^^^^^^^^^^^^^^^^^
AttributeError: 'Member' object has no attribute 'timed_out_until'
Ignoring exception in on_member_update
Traceback (most recent call last):
  File "/usr/local/lib/python3.12/site-packages/discord/client.py", line 465, in _run_event
    await coro(*args, **kwargs)
  File "/app/asu_discord/cogs/analytics.py", line 652, in on_member_update
    before_timeout = before.timed_out_until
                     ^^^^^^^^^^^^^^^^^^^^^^
AttributeError: 'Member' object has no attribute 'timed_out_until'
Ignoring exception in on_member_update
Traceback (most recent call last):
  File "/usr/local/lib/python3.12/site-packages/discord/client.py", line 465, in _run_event
    await coro(*args, **kwargs)
  File "/app/asu_discord/cogs/analytics.py", line 652, in on_member_update
    before_timeout = before.timed_out_until
                     ^^^^^^^^^^^^^^^^^^^^^^
AttributeError: 'Member' object has no attribute 'timed_out_until'
Ignoring exception in on_member_update
Traceback (most recent call last):
  File "/usr/local/lib/python3.12/site-packages/discord/client.py", line 465, in _run_event
    await coro(*args, **kwargs)
  File "/app/asu_discord/cogs/analytics.py", line 652, in on_member_update
    before_timeout = before.timed_out_until
                     ^^^^^^^^^^^^^^^^^^^^^^
AttributeError: 'Member' object has no attribute 'timed_out_until'
Ignoring exception in on_member_update
Traceback (most recent call last):
  File "/usr/local/lib/python3.12/site-packages/discord/client.py", line 465, in _run_event
    await coro(*args, **kwargs)
  File "/app/asu_discord/cogs/analytics.py", line 652, in on_member_update
    before_timeout = before.timed_out_until
                     ^^^^^^^^^^^^^^^^^^^^^^
AttributeError: 'Member' object has no attribute 'timed_out_until'
Ignoring exception in on_member_update
Traceback (most recent call last):
  File "/usr/local/lib/python3.12/site-packages/discord/client.py", line 465, in _run_event
    await coro(*args, **kwargs)
  File "/app/asu_discord/cogs/analytics.py", line 652, in on_member_update
    before_timeout = before.timed_out_until
                     ^^^^^^^^^^^^^^^^^^^^^^
AttributeError: 'Member' object has no attribute 'timed_out_until'
Ignoring exception in on_member_update
Traceback (most recent call last):
  File "/usr/local/lib/python3.12/site-packages/discord/client.py", line 465, in _run_event
    await coro(*args, **kwargs)
  File "/app/asu_discord/cogs/analytics.py", line 652, in on_member_update
    before_timeout = before.timed_out_until
                     ^^^^^^^^^^^^^^^^^^^^^^
AttributeError: 'Member' object has no attribute 'timed_out_until'
Ignoring exception in on_member_update
Traceback (most recent call last):
  File "/usr/local/lib/python3.12/site-packages/discord/client.py", line 465, in _run_event
    await coro(*args, **kwargs)
  File "/app/asu_discord/cogs/analytics.py", line 652, in on_member_update
    before_timeout = before.timed_out_until
                     ^^^^^^^^^^^^^^^^^^^^^^
AttributeError: 'Member' object has no attribute 'timed_out_until'
Ignoring exception in on_member_update
Traceback (most recent call last):
  File "/usr/local/lib/python3.12/site-packages/discord/client.py", line 465, in _run_event
    await coro(*args, **kwargs)
  File "/app/asu_discord/cogs/analytics.py", line 652, in on_member_update
    before_timeout = before.timed_out_until
                     ^^^^^^^^^^^^^^^^^^^^^^
AttributeError: 'Member' object has no attribute 'timed_out_until'
Ignoring exception in on_member_update
Traceback (most recent call last):
  File "/usr/local/lib/python3.12/site-packages/discord/client.py", line 465, in _run_event
    await coro(*args, **kwargs)
  File "/app/asu_discord/cogs/analytics.py", line 652, in on_member_update
    before_timeout = before.timed_out_until
                     ^^^^^^^^^^^^^^^^^^^^^^
AttributeError: 'Member' object has no attribute 'timed_out_until'
INFO:asu_discord.cogs.verification:Saved 5 roles to database for user tmettee (Discord ID: 1043973506771210280)
INFO:asu_discord.cogs.verification:Refreshed Salesforce roles for Discord user 1043973506771210280: -5/+5 roles, assigned=[Arizona Resident, Commited, First Year, Herberger Institute for Design and the Arts, Tempe]
Ignoring exception in on_member_update
Traceback (most recent call last):
  File "/usr/local/lib/python3.12/site-packages/discord/client.py", line 465, in _run_event
    await coro(*args, **kwargs)
  File "/app/asu_discord/cogs/analytics.py", line 652, in on_member_update
    before_timeout = before.timed_out_until
                     ^^^^^^^^^^^^^^^^^^^^^^
AttributeError: 'Member' object has no attribute 'timed_out_until'
Ignoring exception in on_member_update
Traceback (most recent call last):
  File "/usr/local/lib/python3.12/site-packages/discord/client.py", line 465, in _run_event
    await coro(*args, **kwargs)
  File "/app/asu_discord/cogs/analytics.py", line 652, in on_member_update
    before_timeout = before.timed_out_until
                     ^^^^^^^^^^^^^^^^^^^^^^
AttributeError: 'Member' object has no attribute 'timed_out_until'
Ignoring exception in on_member_update
Traceback (most recent call last):
  File "/usr/local/lib/python3.12/site-packages/discord/client.py", line 465, in _run_event
    await coro(*args, **kwargs)
  File "/app/asu_discord/cogs/analytics.py", line 652, in on_member_update
    before_timeout = before.timed_out_until
                     ^^^^^^^^^^^^^^^^^^^^^^
AttributeError: 'Member' object has no attribute 'timed_out_until'
Ignoring exception in on_member_update
Traceback (most recent call last):
  File "/usr/local/lib/python3.12/site-packages/discord/client.py", line 465, in _run_event
    await coro(*args, **kwargs)
  File "/app/asu_discord/cogs/analytics.py", line 652, in on_member_update
    before_timeout = before.timed_out_until
                     ^^^^^^^^^^^^^^^^^^^^^^
AttributeError: 'Member' object has no attribute 'timed_out_until'
Ignoring exception in on_member_update
Traceback (most recent call last):
  File "/usr/local/lib/python3.12/site-packages/discord/client.py", line 465, in _run_event
    await coro(*args, **kwargs)
  File "/app/asu_discord/cogs/analytics.py", line 652, in on_member_update
    before_timeout = before.timed_out_until
                     ^^^^^^^^^^^^^^^^^^^^^^
AttributeError: 'Member' object has no attribute 'timed_out_until'
Ignoring exception in on_member_update
Traceback (most recent call last):
  File "/usr/local/lib/python3.12/site-packages/discord/client.py", line 465, in _run_event
    await coro(*args, **kwargs)
  File "/app/asu_discord/cogs/analytics.py", line 652, in on_member_update
    before_timeout = before.timed_out_until
                     ^^^^^^^^^^^^^^^^^^^^^^
AttributeError: 'Member' object has no attribute 'timed_out_until'
Ignoring exception in on_member_update
Traceback (most recent call last):
  File "/usr/local/lib/python3.12/site-packages/discord/client.py", line 465, in _run_event
    await coro(*args, **kwargs)
  File "/app/asu_discord/cogs/analytics.py", line 652, in on_member_update
    before_timeout = before.timed_out_until
                     ^^^^^^^^^^^^^^^^^^^^^^
AttributeError: 'Member' object has no attribute 'timed_out_until'
Ignoring exception in on_member_update
Traceback (most recent call last):
  File "/usr/local/lib/python3.12/site-packages/discord/client.py", line 465, in _run_event
    await coro(*args, **kwargs)
  File "/app/asu_discord/cogs/analytics.py", line 652, in on_member_update
    before_timeout = before.timed_out_until
                     ^^^^^^^^^^^^^^^^^^^^^^
AttributeError: 'Member' object has no attribute 'timed_out_until'
Ignoring exception in on_member_update
Traceback (most recent call last):
  File "/usr/local/lib/python3.12/site-packages/discord/client.py", line 465, in _run_event
    await coro(*args, **kwargs)
  File "/app/asu_discord/cogs/analytics.py", line 652, in on_member_update
    before_timeout = before.timed_out_until
                     ^^^^^^^^^^^^^^^^^^^^^^
AttributeError: 'Member' object has no attribute 'timed_out_until'
Ignoring exception in on_member_update
Traceback (most recent call last):
  File "/usr/local/lib/python3.12/site-packages/discord/client.py", line 465, in _run_event
    await coro(*args, **kwargs)
  File "/app/asu_discord/cogs/analytics.py", line 652, in on_member_update
    before_timeout = before.timed_out_until
                     ^^^^^^^^^^^^^^^^^^^^^^
AttributeError: 'Member' object has no attribute 'timed_out_until'
Ignoring exception in on_member_update
Traceback (most recent call last):
  File "/usr/local/lib/python3.12/site-packages/discord/client.py", line 465, in _run_event
    await coro(*args, **kwargs)
  File "/app/asu_discord/cogs/analytics.py", line 652, in on_member_update
    before_timeout = before.timed_out_until
                     ^^^^^^^^^^^^^^^^^^^^^^
AttributeError: 'Member' object has no attribute 'timed_out_until'
Ignoring exception in on_member_update
Traceback (most recent call last):
  File "/usr/local/lib/python3.12/site-packages/discord/client.py", line 465, in _run_event
    await coro(*args, **kwargs)
  File "/app/asu_discord/cogs/analytics.py", line 652, in on_member_update
    before_timeout = before.timed_out_until
                     ^^^^^^^^^^^^^^^^^^^^^^
AttributeError: 'Member' object has no attribute 'timed_out_until'
INFO:asu_discord.cogs.verification:Saved 6 roles to database for user bagonz23 (Discord ID: 693320784239657032)
INFO:asu_discord.cogs.verification:Refreshed Salesforce roles for Discord user 693320784239657032: -6/+6 roles, assigned=[Commited, First Generation Student, Herberger Institute for Design and the Arts, Out of State, Tempe, Transfer Student]
ERROR:cron.jobs:refresh_salesforce_roles: failed for mshahz10 (Discord ID 1394305791036620800): Failed to refresh Salesforce-based roles: Discord user 1394305791036620800 is not a member of the guild
Ignoring exception in on_member_update
Traceback (most recent call last):
  File "/usr/local/lib/python3.12/site-packages/discord/client.py", line 465, in _run_event
    await coro(*args, **kwargs)
  File "/app/asu_discord/cogs/analytics.py", line 652, in on_member_update
    before_timeout = before.timed_out_until
                     ^^^^^^^^^^^^^^^^^^^^^^
AttributeError: 'Member' object has no attribute 'timed_out_until'
Ignoring exception in on_member_update
Traceback (most recent call last):
  File "/usr/local/lib/python3.12/site-packages/discord/client.py", line 465, in _run_event
    await coro(*args, **kwargs)
  File "/app/asu_discord/cogs/analytics.py", line 652, in on_member_update
    before_timeout = before.timed_out_until
                     ^^^^^^^^^^^^^^^^^^^^^^
AttributeError: 'Member' object has no attribute 'timed_out_until'
Ignoring exception in on_member_update
Traceback (most recent call last):
  File "/usr/local/lib/python3.12/site-packages/discord/client.py", line 465, in _run_event
    await coro(*args, **kwargs)
  File "/app/asu_discord/cogs/analytics.py", line 652, in on_member_update
    before_timeout = before.timed_out_until
                     ^^^^^^^^^^^^^^^^^^^^^^
AttributeError: 'Member' object has no attribute 'timed_out_until'
Ignoring exception in on_member_update
Traceback (most recent call last):
  File "/usr/local/lib/python3.12/site-packages/discord/client.py", line 465, in _run_event
    await coro(*args, **kwargs)
  File "/app/asu_discord/cogs/analytics.py", line 652, in on_member_update
    before_timeout = before.timed_out_until
                     ^^^^^^^^^^^^^^^^^^^^^^
AttributeError: 'Member' object has no attribute 'timed_out_until'
Ignoring exception in on_member_update
Traceback (most recent call last):
  File "/usr/local/lib/python3.12/site-packages/discord/client.py", line 465, in _run_event
    await coro(*args, **kwargs)
  File "/app/asu_discord/cogs/analytics.py", line 652, in on_member_update
    before_timeout = before.timed_out_until
                     ^^^^^^^^^^^^^^^^^^^^^^
AttributeError: 'Member' object has no attribute 'timed_out_until'
Ignoring exception in on_member_update
Traceback (most recent call last):
  File "/usr/local/lib/python3.12/site-packages/discord/client.py", line 465, in _run_event
    await coro(*args, **kwargs)
  File "/app/asu_discord/cogs/analytics.py", line 652, in on_member_update
    before_timeout = before.timed_out_until
                     ^^^^^^^^^^^^^^^^^^^^^^
AttributeError: 'Member' object has no attribute 'timed_out_until'
Ignoring exception in on_member_update
Traceback (most recent call last):
  File "/usr/local/lib/python3.12/site-packages/discord/client.py", line 465, in _run_event
    await coro(*args, **kwargs)
  File "/app/asu_discord/cogs/analytics.py", line 652, in on_member_update
    before_timeout = before.timed_out_until
                     ^^^^^^^^^^^^^^^^^^^^^^
AttributeError: 'Member' object has no attribute 'timed_out_until'
Ignoring exception in on_member_update
Traceback (most recent call last):
  File "/usr/local/lib/python3.12/site-packages/discord/client.py", line 465, in _run_event
    await coro(*args, **kwargs)
  File "/app/asu_discord/cogs/analytics.py", line 652, in on_member_update
    before_timeout = before.timed_out_until
                     ^^^^^^^^^^^^^^^^^^^^^^
AttributeError: 'Member' object has no attribute 'timed_out_until'
Ignoring exception in on_member_update
Traceback (most recent call last):
  File "/usr/local/lib/python3.12/site-packages/discord/client.py", line 465, in _run_event
    await coro(*args, **kwargs)
  File "/app/asu_discord/cogs/analytics.py", line 652, in on_member_update
    before_timeout = before.timed_out_until
                     ^^^^^^^^^^^^^^^^^^^^^^
AttributeError: 'Member' object has no attribute 'timed_out_until'
Ignoring exception in on_member_update
Traceback (most recent call last):
  File "/usr/local/lib/python3.12/site-packages/discord/client.py", line 465, in _run_event
    await coro(*args, **kwargs)
  File "/app/asu_discord/cogs/analytics.py", line 652, in on_member_update
    before_timeout = before.timed_out_until
                     ^^^^^^^^^^^^^^^^^^^^^^
AttributeError: 'Member' object has no attribute 'timed_out_until'
Ignoring exception in on_member_update
Traceback (most recent call last):
  File "/usr/local/lib/python3.12/site-packages/discord/client.py", line 465, in _run_event
    await coro(*args, **kwargs)
  File "/app/asu_discord/cogs/analytics.py", line 652, in on_member_update
    before_timeout = before.timed_out_until
                     ^^^^^^^^^^^^^^^^^^^^^^
AttributeError: 'Member' object has no attribute 'timed_out_until'
Ignoring exception in on_member_update
Traceback (most recent call last):
  File "/usr/local/lib/python3.12/site-packages/discord/client.py", line 465, in _run_event
    await coro(*args, **kwargs)
  File "/app/asu_discord/cogs/analytics.py", line 652, in on_member_update
    before_timeout = before.timed_out_until
                     ^^^^^^^^^^^^^^^^^^^^^^
AttributeError: 'Member' object has no attribute 'timed_out_until'
INFO:asu_discord.cogs.verification:Saved 6 roles to database for user jmvale26 (Discord ID: 1248536869126275168)
INFO:asu_discord.cogs.verification:Refreshed Salesforce roles for Discord user 1248536869126275168: -6/+6 roles, assigned=[Commited, First Generation Student, Ira A. Fulton Schools of Engineering, Out of State, Tempe, Transfer Student]
Ignoring exception in on_member_update
Traceback (most recent call last):
  File "/usr/local/lib/python3.12/site-packages/discord/client.py", line 465, in _run_event
    await coro(*args, **kwargs)
  File "/app/asu_discord/cogs/analytics.py", line 652, in on_member_update
    before_timeout = before.timed_out_until
                     ^^^^^^^^^^^^^^^^^^^^^^
AttributeError: 'Member' object has no attribute 'timed_out_until'
Ignoring exception in on_member_update
Traceback (most recent call last):
  File "/usr/local/lib/python3.12/site-packages/discord/client.py", line 465, in _run_event
    await coro(*args, **kwargs)
  File "/app/asu_discord/cogs/analytics.py", line 652, in on_member_update
    before_timeout = before.timed_out_until
                     ^^^^^^^^^^^^^^^^^^^^^^
AttributeError: 'Member' object has no attribute 'timed_out_until'
Ignoring exception in on_member_update
Traceback (most recent call last):
  File "/usr/local/lib/python3.12/site-packages/discord/client.py", line 465, in _run_event
    await coro(*args, **kwargs)
  File "/app/asu_discord/cogs/analytics.py", line 652, in on_member_update
    before_timeout = before.timed_out_until
                     ^^^^^^^^^^^^^^^^^^^^^^
AttributeError: 'Member' object has no attribute 'timed_out_until'
Ignoring exception in on_member_update
Traceback (most recent call last):
  File "/usr/local/lib/python3.12/site-packages/discord/client.py", line 465, in _run_event
    await coro(*args, **kwargs)
  File "/app/asu_discord/cogs/analytics.py", line 652, in on_member_update
    before_timeout = before.timed_out_until
                     ^^^^^^^^^^^^^^^^^^^^^^
AttributeError: 'Member' object has no attribute 'timed_out_until'
Ignoring exception in on_member_update
Traceback (most recent call last):
  File "/usr/local/lib/python3.12/site-packages/discord/client.py", line 465, in _run_event
    await coro(*args, **kwargs)
  File "/app/asu_discord/cogs/analytics.py", line 652, in on_member_update
    before_timeout = before.timed_out_until
                     ^^^^^^^^^^^^^^^^^^^^^^
AttributeError: 'Member' object has no attribute 'timed_out_until'
Ignoring exception in on_member_update
Traceback (most recent call last):
  File "/usr/local/lib/python3.12/site-packages/discord/client.py", line 465, in _run_event
    await coro(*args, **kwargs)
  File "/app/asu_discord/cogs/analytics.py", line 652, in on_member_update
    before_timeout = before.timed_out_until
                     ^^^^^^^^^^^^^^^^^^^^^^
AttributeError: 'Member' object has no attribute 'timed_out_until'
Ignoring exception in on_member_update
Traceback (most recent call last):
  File "/usr/local/lib/python3.12/site-packages/discord/client.py", line 465, in _run_event
    await coro(*args, **kwargs)
  File "/app/asu_discord/cogs/analytics.py", line 652, in on_member_update
    before_timeout = before.timed_out_until
                     ^^^^^^^^^^^^^^^^^^^^^^
AttributeError: 'Member' object has no attribute 'timed_out_until'
Ignoring exception in on_member_update
Traceback (most recent call last):
  File "/usr/local/lib/python3.12/site-packages/discord/client.py", line 465, in _run_event
    await coro(*args, **kwargs)
  File "/app/asu_discord/cogs/analytics.py", line 652, in on_member_update
    before_timeout = before.timed_out_until
                     ^^^^^^^^^^^^^^^^^^^^^^
AttributeError: 'Member' object has no attribute 'timed_out_until'
Ignoring exception in on_member_update
Traceback (most recent call last):
  File "/usr/local/lib/python3.12/site-packages/discord/client.py", line 465, in _run_event
    await coro(*args, **kwargs)
  File "/app/asu_discord/cogs/analytics.py", line 652, in on_member_update
    before_timeout = before.timed_out_until
                     ^^^^^^^^^^^^^^^^^^^^^^
AttributeError: 'Member' object has no attribute 'timed_out_until'
Ignoring exception in on_member_update
Traceback (most recent call last):
  File "/usr/local/lib/python3.12/site-packages/discord/client.py", line 465, in _run_event
    await coro(*args, **kwargs)
  File "/app/asu_discord/cogs/analytics.py", line 652, in on_member_update
    before_timeout = before.timed_out_until
                     ^^^^^^^^^^^^^^^^^^^^^^
AttributeError: 'Member' object has no attribute 'timed_out_until'
INFO:asu_discord.cogs.verification:Saved 5 roles to database for user grajase6 (Discord ID: 799493459534020668)
INFO:asu_discord.cogs.verification:Refreshed Salesforce roles for Discord user 799493459534020668: -5/+5 roles, assigned=[Arizona Resident, College of Liberal Arts and Sciences, Commited, First Year, Tempe]
ERROR:cron.jobs:refresh_salesforce_roles: failed for jzweng (Discord ID 496127160256299021): Failed to refresh Salesforce-based roles: Discord user 496127160256299021 is not a member of the guild
Ignoring exception in on_member_update
Traceback (most recent call last):
  File "/usr/local/lib/python3.12/site-packages/discord/client.py", line 465, in _run_event
    await coro(*args, **kwargs)
  File "/app/asu_discord/cogs/analytics.py", line 652, in on_member_update
    before_timeout = before.timed_out_until
                     ^^^^^^^^^^^^^^^^^^^^^^
AttributeError: 'Member' object has no attribute 'timed_out_until'
Ignoring exception in on_member_update
Traceback (most recent call last):
  File "/usr/local/lib/python3.12/site-packages/discord/client.py", line 465, in _run_event
    await coro(*args, **kwargs)
  File "/app/asu_discord/cogs/analytics.py", line 652, in on_member_update
    before_timeout = before.timed_out_until
                     ^^^^^^^^^^^^^^^^^^^^^^
AttributeError: 'Member' object has no attribute 'timed_out_until'
Ignoring exception in on_member_update
Traceback (most recent call last):
  File "/usr/local/lib/python3.12/site-packages/discord/client.py", line 465, in _run_event
    await coro(*args, **kwargs)
  File "/app/asu_discord/cogs/analytics.py", line 652, in on_member_update
    before_timeout = before.timed_out_until
                     ^^^^^^^^^^^^^^^^^^^^^^
AttributeError: 'Member' object has no attribute 'timed_out_until'
Ignoring exception in on_member_update
Traceback (most recent call last):
  File "/usr/local/lib/python3.12/site-packages/discord/client.py", line 465, in _run_event
    await coro(*args, **kwargs)
  File "/app/asu_discord/cogs/analytics.py", line 652, in on_member_update
    before_timeout = before.timed_out_until
                     ^^^^^^^^^^^^^^^^^^^^^^
AttributeError: 'Member' object has no attribute 'timed_out_until'
Ignoring exception in on_member_update
Traceback (most recent call last):
  File "/usr/local/lib/python3.12/site-packages/discord/client.py", line 465, in _run_event
    await coro(*args, **kwargs)
  File "/app/asu_discord/cogs/analytics.py", line 652, in on_member_update
    before_timeout = before.timed_out_until
                     ^^^^^^^^^^^^^^^^^^^^^^
AttributeError: 'Member' object has no attribute 'timed_out_until'
Ignoring exception in on_member_update
Traceback (most recent call last):
  File "/usr/local/lib/python3.12/site-packages/discord/client.py", line 465, in _run_event
    await coro(*args, **kwargs)
  File "/app/asu_discord/cogs/analytics.py", line 652, in on_member_update
    before_timeout = before.timed_out_until
                     ^^^^^^^^^^^^^^^^^^^^^^
AttributeError: 'Member' object has no attribute 'timed_out_until'
Ignoring exception in on_member_update
Traceback (most recent call last):
  File "/usr/local/lib/python3.12/site-packages/discord/client.py", line 465, in _run_event
    await coro(*args, **kwargs)
  File "/app/asu_discord/cogs/analytics.py", line 652, in on_member_update
    before_timeout = before.timed_out_until
                     ^^^^^^^^^^^^^^^^^^^^^^
AttributeError: 'Member' object has no attribute 'timed_out_until'
Ignoring exception in on_member_update
Traceback (most recent call last):
  File "/usr/local/lib/python3.12/site-packages/discord/client.py", line 465, in _run_event
    await coro(*args, **kwargs)
  File "/app/asu_discord/cogs/analytics.py", line 652, in on_member_update
    before_timeout = before.timed_out_until
                     ^^^^^^^^^^^^^^^^^^^^^^
AttributeError: 'Member' object has no attribute 'timed_out_until'
Ignoring exception in on_member_update
Traceback (most recent call last):
  File "/usr/local/lib/python3.12/site-packages/discord/client.py", line 465, in _run_event
    await coro(*args, **kwargs)
  File "/app/asu_discord/cogs/analytics.py", line 652, in on_member_update
    before_timeout = before.timed_out_until
                     ^^^^^^^^^^^^^^^^^^^^^^
AttributeError: 'Member' object has no attribute 'timed_out_until'
Ignoring exception in on_member_update
Traceback (most recent call last):
  File "/usr/local/lib/python3.12/site-packages/discord/client.py", line 465, in _run_event
    await coro(*args, **kwargs)
  File "/app/asu_discord/cogs/analytics.py", line 652, in on_member_update
    before_timeout = before.timed_out_until
                     ^^^^^^^^^^^^^^^^^^^^^^
AttributeError: 'Member' object has no attribute 'timed_out_until'
INFO:asu_discord.cogs.verification:Saved 5 roles to database for user lgoogins (Discord ID: 1264805901014011964)
INFO:asu_discord.cogs.verification:Refreshed Salesforce roles for Discord user 1264805901014011964: -5/+5 roles, assigned=[Arizona Resident, Commited, First Year, Mary Lou Fulton Teachers College, West Valley]
Ignoring exception in on_member_update
Traceback (most recent call last):
  File "/usr/local/lib/python3.12/site-packages/discord/client.py", line 465, in _run_event
    await coro(*args, **kwargs)
  File "/app/asu_discord/cogs/analytics.py", line 652, in on_member_update
    before_timeout = before.timed_out_until
                     ^^^^^^^^^^^^^^^^^^^^^^
AttributeError: 'Member' object has no attribute 'timed_out_until'
Ignoring exception in on_member_update
Traceback (most recent call last):
  File "/usr/local/lib/python3.12/site-packages/discord/client.py", line 465, in _run_event
    await coro(*args, **kwargs)
  File "/app/asu_discord/cogs/analytics.py", line 652, in on_member_update
    before_timeout = before.timed_out_until
                     ^^^^^^^^^^^^^^^^^^^^^^
AttributeError: 'Member' object has no attribute 'timed_out_until'
Ignoring exception in on_member_update
Traceback (most recent call last):
  File "/usr/local/lib/python3.12/site-packages/discord/client.py", line 465, in _run_event
    await coro(*args, **kwargs)
  File "/app/asu_discord/cogs/analytics.py", line 652, in on_member_update
    before_timeout = before.timed_out_until
                     ^^^^^^^^^^^^^^^^^^^^^^
AttributeError: 'Member' object has no attribute 'timed_out_until'
Ignoring exception in on_member_update
Traceback (most recent call last):
  File "/usr/local/lib/python3.12/site-packages/discord/client.py", line 465, in _run_event
    await coro(*args, **kwargs)
  File "/app/asu_discord/cogs/analytics.py", line 652, in on_member_update
    before_timeout = before.timed_out_until
                     ^^^^^^^^^^^^^^^^^^^^^^
AttributeError: 'Member' object has no attribute 'timed_out_until'
Ignoring exception in on_member_update
Traceback (most recent call last):
  File "/usr/local/lib/python3.12/site-packages/discord/client.py", line 465, in _run_event
    await coro(*args, **kwargs)
  File "/app/asu_discord/cogs/analytics.py", line 652, in on_member_update
    before_timeout = before.timed_out_until
                     ^^^^^^^^^^^^^^^^^^^^^^
AttributeError: 'Member' object has no attribute 'timed_out_until'
Ignoring exception in on_member_update
Traceback (most recent call last):
  File "/usr/local/lib/python3.12/site-packages/discord/client.py", line 465, in _run_event
    await coro(*args, **kwargs)
  File "/app/asu_discord/cogs/analytics.py", line 652, in on_member_update
    before_timeout = before.timed_out_until
                     ^^^^^^^^^^^^^^^^^^^^^^
AttributeError: 'Member' object has no attribute 'timed_out_until'
Ignoring exception in on_member_update
Traceback (most recent call last):
  File "/usr/local/lib/python3.12/site-packages/discord/client.py", line 465, in _run_event
    await coro(*args, **kwargs)
  File "/app/asu_discord/cogs/analytics.py", line 652, in on_member_update
    before_timeout = before.timed_out_until
                     ^^^^^^^^^^^^^^^^^^^^^^
AttributeError: 'Member' object has no attribute 'timed_out_until'
Ignoring exception in on_member_update
Traceback (most recent call last):
  File "/usr/local/lib/python3.12/site-packages/discord/client.py", line 465, in _run_event
    await coro(*args, **kwargs)
  File "/app/asu_discord/cogs/analytics.py", line 652, in on_member_update
    before_timeout = before.timed_out_until
                     ^^^^^^^^^^^^^^^^^^^^^^
AttributeError: 'Member' object has no attribute 'timed_out_until'
INFO:asu_discord.cogs.verification:Saved 4 roles to database for user ebaker47 (Discord ID: 1463368459449663542)
INFO:asu_discord.cogs.verification:Refreshed Salesforce roles for Discord user 1463368459449663542: -4/+4 roles, assigned=[First Year, Out of State, W.P. Carey School of Business, West Valley]
Ignoring exception in on_member_update
Traceback (most recent call last):
  File "/usr/local/lib/python3.12/site-packages/discord/client.py", line 465, in _run_event
    await coro(*args, **kwargs)
  File "/app/asu_discord/cogs/analytics.py", line 652, in on_member_update
    before_timeout = before.timed_out_until
                     ^^^^^^^^^^^^^^^^^^^^^^
AttributeError: 'Member' object has no attribute 'timed_out_until'
Ignoring exception in on_member_update
Traceback (most recent call last):
  File "/usr/local/lib/python3.12/site-packages/discord/client.py", line 465, in _run_event
    await coro(*args, **kwargs)
  File "/app/asu_discord/cogs/analytics.py", line 652, in on_member_update
    before_timeout = before.timed_out_until
                     ^^^^^^^^^^^^^^^^^^^^^^
AttributeError: 'Member' object has no attribute 'timed_out_until'
Ignoring exception in on_member_update
Traceback (most recent call last):
  File "/usr/local/lib/python3.12/site-packages/discord/client.py", line 465, in _run_event
    await coro(*args, **kwargs)
  File "/app/asu_discord/cogs/analytics.py", line 652, in on_member_update
    before_timeout = before.timed_out_until
                     ^^^^^^^^^^^^^^^^^^^^^^
AttributeError: 'Member' object has no attribute 'timed_out_until'
Ignoring exception in on_member_update
Traceback (most recent call last):
  File "/usr/local/lib/python3.12/site-packages/discord/client.py", line 465, in _run_event
    await coro(*args, **kwargs)
  File "/app/asu_discord/cogs/analytics.py", line 652, in on_member_update
    before_timeout = before.timed_out_until
                     ^^^^^^^^^^^^^^^^^^^^^^
AttributeError: 'Member' object has no attribute 'timed_out_until'
Ignoring exception in on_member_update
Traceback (most recent call last):
  File "/usr/local/lib/python3.12/site-packages/discord/client.py", line 465, in _run_event
    await coro(*args, **kwargs)
  File "/app/asu_discord/cogs/analytics.py", line 652, in on_member_update
    before_timeout = before.timed_out_until
                     ^^^^^^^^^^^^^^^^^^^^^^
AttributeError: 'Member' object has no attribute 'timed_out_until'
Ignoring exception in on_member_update
Traceback (most recent call last):
  File "/usr/local/lib/python3.12/site-packages/discord/client.py", line 465, in _run_event
    await coro(*args, **kwargs)
  File "/app/asu_discord/cogs/analytics.py", line 652, in on_member_update
    before_timeout = before.timed_out_until
                     ^^^^^^^^^^^^^^^^^^^^^^
AttributeError: 'Member' object has no attribute 'timed_out_until'
Ignoring exception in on_member_update
Traceback (most recent call last):
  File "/usr/local/lib/python3.12/site-packages/discord/client.py", line 465, in _run_event
    await coro(*args, **kwargs)
  File "/app/asu_discord/cogs/analytics.py", line 652, in on_member_update
    before_timeout = before.timed_out_until
                     ^^^^^^^^^^^^^^^^^^^^^^
AttributeError: 'Member' object has no attribute 'timed_out_until'
Ignoring exception in on_member_update
Traceback (most recent call last):
  File "/usr/local/lib/python3.12/site-packages/discord/client.py", line 465, in _run_event
    await coro(*args, **kwargs)
  File "/app/asu_discord/cogs/analytics.py", line 652, in on_member_update
    before_timeout = before.timed_out_until
                     ^^^^^^^^^^^^^^^^^^^^^^
AttributeError: 'Member' object has no attribute 'timed_out_until'
Ignoring exception in on_member_update
Traceback (most recent call last):
  File "/usr/local/lib/python3.12/site-packages/discord/client.py", line 465, in _run_event
    await coro(*args, **kwargs)
  File "/app/asu_discord/cogs/analytics.py", line 652, in on_member_update
    before_timeout = before.timed_out_until
                     ^^^^^^^^^^^^^^^^^^^^^^
AttributeError: 'Member' object has no attribute 'timed_out_until'
Ignoring exception in on_member_update
Traceback (most recent call last):
  File "/usr/local/lib/python3.12/site-packages/discord/client.py", line 465, in _run_event
    await coro(*args, **kwargs)
  File "/app/asu_discord/cogs/analytics.py", line 652, in on_member_update
    before_timeout = before.timed_out_until
                     ^^^^^^^^^^^^^^^^^^^^^^
AttributeError: 'Member' object has no attribute 'timed_out_until'
INFO:asu_discord.cogs.verification:Saved 5 roles to database for user dcquijad (Discord ID: 880243281378828350)
INFO:asu_discord.cogs.verification:Refreshed Salesforce roles for Discord user 880243281378828350: -5/+5 roles, assigned=[Arizona Resident, College of Liberal Arts and Sciences, First Generation Student, First Year, Tempe]
Ignoring exception in on_member_update
Traceback (most recent call last):
  File "/usr/local/lib/python3.12/site-packages/discord/client.py", line 465, in _run_event
    await coro(*args, **kwargs)
  File "/app/asu_discord/cogs/analytics.py", line 652, in on_member_update
    before_timeout = before.timed_out_until
                     ^^^^^^^^^^^^^^^^^^^^^^
AttributeError: 'Member' object has no attribute 'timed_out_until'
Ignoring exception in on_member_update
Traceback (most recent call last):
  File "/usr/local/lib/python3.12/site-packages/discord/client.py", line 465, in _run_event
    await coro(*args, **kwargs)
  File "/app/asu_discord/cogs/analytics.py", line 652, in on_member_update
    before_timeout = before.timed_out_until
                     ^^^^^^^^^^^^^^^^^^^^^^
AttributeError: 'Member' object has no attribute 'timed_out_until'
Ignoring exception in on_member_update
Traceback (most recent call last):
  File "/usr/local/lib/python3.12/site-packages/discord/client.py", line 465, in _run_event
    await coro(*args, **kwargs)
  File "/app/asu_discord/cogs/analytics.py", line 652, in on_member_update
    before_timeout = before.timed_out_until
                     ^^^^^^^^^^^^^^^^^^^^^^
AttributeError: 'Member' object has no attribute 'timed_out_until'
Ignoring exception in on_member_update
Traceback (most recent call last):
  File "/usr/local/lib/python3.12/site-packages/discord/client.py", line 465, in _run_event
    await coro(*args, **kwargs)
  File "/app/asu_discord/cogs/analytics.py", line 652, in on_member_update
    before_timeout = before.timed_out_until
                     ^^^^^^^^^^^^^^^^^^^^^^
AttributeError: 'Member' object has no attribute 'timed_out_until'
Ignoring exception in on_member_update
Traceback (most recent call last):
  File "/usr/local/lib/python3.12/site-packages/discord/client.py", line 465, in _run_event
    await coro(*args, **kwargs)
  File "/app/asu_discord/cogs/analytics.py", line 652, in on_member_update
    before_timeout = before.timed_out_until
                     ^^^^^^^^^^^^^^^^^^^^^^
AttributeError: 'Member' object has no attribute 'timed_out_until'
Ignoring exception in on_member_update
Traceback (most recent call last):
  File "/usr/local/lib/python3.12/site-packages/discord/client.py", line 465, in _run_event
    await coro(*args, **kwargs)
  File "/app/asu_discord/cogs/analytics.py", line 652, in on_member_update
    before_timeout = before.timed_out_until
                     ^^^^^^^^^^^^^^^^^^^^^^
AttributeError: 'Member' object has no attribute 'timed_out_until'
Ignoring exception in on_member_update
Traceback (most recent call last):
  File "/usr/local/lib/python3.12/site-packages/discord/client.py", line 465, in _run_event
    await coro(*args, **kwargs)
  File "/app/asu_discord/cogs/analytics.py", line 652, in on_member_update
    before_timeout = before.timed_out_until
                     ^^^^^^^^^^^^^^^^^^^^^^
AttributeError: 'Member' object has no attribute 'timed_out_until'
Ignoring exception in on_member_update
Traceback (most recent call last):
  File "/usr/local/lib/python3.12/site-packages/discord/client.py", line 465, in _run_event
    await coro(*args, **kwargs)
  File "/app/asu_discord/cogs/analytics.py", line 652, in on_member_update
    before_timeout = before.timed_out_until
                     ^^^^^^^^^^^^^^^^^^^^^^
AttributeError: 'Member' object has no attribute 'timed_out_until'
Ignoring exception in on_member_update
Traceback (most recent call last):
  File "/usr/local/lib/python3.12/site-packages/discord/client.py", line 465, in _run_event
    await coro(*args, **kwargs)
  File "/app/asu_discord/cogs/analytics.py", line 652, in on_member_update
    before_timeout = before.timed_out_until
                     ^^^^^^^^^^^^^^^^^^^^^^
AttributeError: 'Member' object has no attribute 'timed_out_until'
Ignoring exception in on_member_update
Traceback (most recent call last):
  File "/usr/local/lib/python3.12/site-packages/discord/client.py", line 465, in _run_event
    await coro(*args, **kwargs)
  File "/app/asu_discord/cogs/analytics.py", line 652, in on_member_update
    before_timeout = before.timed_out_until
                     ^^^^^^^^^^^^^^^^^^^^^^
AttributeError: 'Member' object has no attribute 'timed_out_until'
INFO:asu_discord.cogs.verification:Saved 5 roles to database for user mebraun2 (Discord ID: 1002433689097085048)
INFO:asu_discord.cogs.verification:Refreshed Salesforce roles for Discord user 1002433689097085048: -5/+5 roles, assigned=[Commited, First Year, Herberger Institute for Design and the Arts, LA Center, Out of State]
Ignoring exception in on_member_update
Traceback (most recent call last):
  File "/usr/local/lib/python3.12/site-packages/discord/client.py", line 465, in _run_event
    await coro(*args, **kwargs)
  File "/app/asu_discord/cogs/analytics.py", line 652, in on_member_update
    before_timeout = before.timed_out_until
                     ^^^^^^^^^^^^^^^^^^^^^^
AttributeError: 'Member' object has no attribute 'timed_out_until'
Ignoring exception in on_member_update
Traceback (most recent call last):
  File "/usr/local/lib/python3.12/site-packages/discord/client.py", line 465, in _run_event
    await coro(*args, **kwargs)
  File "/app/asu_discord/cogs/analytics.py", line 652, in on_member_update
    before_timeout = before.timed_out_until
                     ^^^^^^^^^^^^^^^^^^^^^^
AttributeError: 'Member' object has no attribute 'timed_out_until'
Ignoring exception in on_member_update
Traceback (most recent call last):
  File "/usr/local/lib/python3.12/site-packages/discord/client.py", line 465, in _run_event
    await coro(*args, **kwargs)
  File "/app/asu_discord/cogs/analytics.py", line 652, in on_member_update
    before_timeout = before.timed_out_until
                     ^^^^^^^^^^^^^^^^^^^^^^
AttributeError: 'Member' object has no attribute 'timed_out_until'
Ignoring exception in on_member_update
Traceback (most recent call last):
  File "/usr/local/lib/python3.12/site-packages/discord/client.py", line 465, in _run_event
    await coro(*args, **kwargs)
  File "/app/asu_discord/cogs/analytics.py", line 652, in on_member_update
    before_timeout = before.timed_out_until
                     ^^^^^^^^^^^^^^^^^^^^^^
AttributeError: 'Member' object has no attribute 'timed_out_until'
Ignoring exception in on_member_update
Traceback (most recent call last):
  File "/usr/local/lib/python3.12/site-packages/discord/client.py", line 465, in _run_event
    await coro(*args, **kwargs)
  File "/app/asu_discord/cogs/analytics.py", line 652, in on_member_update
    before_timeout = before.timed_out_until
                     ^^^^^^^^^^^^^^^^^^^^^^
AttributeError: 'Member' object has no attribute 'timed_out_until'
Ignoring exception in on_member_update
Traceback (most recent call last):
  File "/usr/local/lib/python3.12/site-packages/discord/client.py", line 465, in _run_event
    await coro(*args, **kwargs)
  File "/app/asu_discord/cogs/analytics.py", line 652, in on_member_update
    before_timeout = before.timed_out_until
                     ^^^^^^^^^^^^^^^^^^^^^^
AttributeError: 'Member' object has no attribute 'timed_out_until'
Ignoring exception in on_member_update
Traceback (most recent call last):
  File "/usr/local/lib/python3.12/site-packages/discord/client.py", line 465, in _run_event
    await coro(*args, **kwargs)
  File "/app/asu_discord/cogs/analytics.py", line 652, in on_member_update
    before_timeout = before.timed_out_until
                     ^^^^^^^^^^^^^^^^^^^^^^
AttributeError: 'Member' object has no attribute 'timed_out_until'
Ignoring exception in on_member_update
Traceback (most recent call last):
  File "/usr/local/lib/python3.12/site-packages/discord/client.py", line 465, in _run_event
    await coro(*args, **kwargs)
  File "/app/asu_discord/cogs/analytics.py", line 652, in on_member_update
    before_timeout = before.timed_out_until
                     ^^^^^^^^^^^^^^^^^^^^^^
AttributeError: 'Member' object has no attribute 'timed_out_until'
Ignoring exception in on_member_update
Traceback (most recent call last):
  File "/usr/local/lib/python3.12/site-packages/discord/client.py", line 465, in _run_event
    await coro(*args, **kwargs)
  File "/app/asu_discord/cogs/analytics.py", line 652, in on_member_update
    before_timeout = before.timed_out_until
                     ^^^^^^^^^^^^^^^^^^^^^^
AttributeError: 'Member' object has no attribute 'timed_out_until'
Ignoring exception in on_member_update
Traceback (most recent call last):
  File "/usr/local/lib/python3.12/site-packages/discord/client.py", line 465, in _run_event
    await coro(*args, **kwargs)
  File "/app/asu_discord/cogs/analytics.py", line 652, in on_member_update
    before_timeout = before.timed_out_until
                     ^^^^^^^^^^^^^^^^^^^^^^
AttributeError: 'Member' object has no attribute 'timed_out_until'
INFO:asu_discord.cogs.verification:Saved 5 roles to database for user ldeaton4 (Discord ID: 1312939881290403873)
INFO:asu_discord.cogs.verification:Refreshed Salesforce roles for Discord user 1312939881290403873: -5/+5 roles, assigned=[Arizona Resident, Commited, First Year, Ira A. Fulton Schools of Engineering, Tempe]
Ignoring exception in on_member_update
Traceback (most recent call last):
  File "/usr/local/lib/python3.12/site-packages/discord/client.py", line 465, in _run_event
    await coro(*args, **kwargs)
  File "/app/asu_discord/cogs/analytics.py", line 652, in on_member_update
    before_timeout = before.timed_out_until
                     ^^^^^^^^^^^^^^^^^^^^^^
AttributeError: 'Member' object has no attribute 'timed_out_until'
Ignoring exception in on_member_update
Traceback (most recent call last):
  File "/usr/local/lib/python3.12/site-packages/discord/client.py", line 465, in _run_event
    await coro(*args, **kwargs)
  File "/app/asu_discord/cogs/analytics.py", line 652, in on_member_update
    before_timeout = before.timed_out_until
                     ^^^^^^^^^^^^^^^^^^^^^^
AttributeError: 'Member' object has no attribute 'timed_out_until'
Ignoring exception in on_member_update
Traceback (most recent call last):
  File "/usr/local/lib/python3.12/site-packages/discord/client.py", line 465, in _run_event
    await coro(*args, **kwargs)
  File "/app/asu_discord/cogs/analytics.py", line 652, in on_member_update
    before_timeout = before.timed_out_until
                     ^^^^^^^^^^^^^^^^^^^^^^
AttributeError: 'Member' object has no attribute 'timed_out_until'
Ignoring exception in on_member_update
Traceback (most recent call last):
  File "/usr/local/lib/python3.12/site-packages/discord/client.py", line 465, in _run_event
    await coro(*args, **kwargs)
  File "/app/asu_discord/cogs/analytics.py", line 652, in on_member_update
    before_timeout = before.timed_out_until
                     ^^^^^^^^^^^^^^^^^^^^^^
AttributeError: 'Member' object has no attribute 'timed_out_until'
Ignoring exception in on_member_update
Traceback (most recent call last):
  File "/usr/local/lib/python3.12/site-packages/discord/client.py", line 465, in _run_event
    await coro(*args, **kwargs)
  File "/app/asu_discord/cogs/analytics.py", line 652, in on_member_update
    before_timeout = before.timed_out_until
                     ^^^^^^^^^^^^^^^^^^^^^^
AttributeError: 'Member' object has no attribute 'timed_out_until'
Ignoring exception in on_member_update
Traceback (most recent call last):
  File "/usr/local/lib/python3.12/site-packages/discord/client.py", line 465, in _run_event
    await coro(*args, **kwargs)
  File "/app/asu_discord/cogs/analytics.py", line 652, in on_member_update
    before_timeout = before.timed_out_until
                     ^^^^^^^^^^^^^^^^^^^^^^
AttributeError: 'Member' object has no attribute 'timed_out_until'
Ignoring exception in on_member_update
Traceback (most recent call last):
  File "/usr/local/lib/python3.12/site-packages/discord/client.py", line 465, in _run_event
    await coro(*args, **kwargs)
  File "/app/asu_discord/cogs/analytics.py", line 652, in on_member_update
    before_timeout = before.timed_out_until
                     ^^^^^^^^^^^^^^^^^^^^^^
AttributeError: 'Member' object has no attribute 'timed_out_until'
Ignoring exception in on_member_update
Traceback (most recent call last):
  File "/usr/local/lib/python3.12/site-packages/discord/client.py", line 465, in _run_event
    await coro(*args, **kwargs)
  File "/app/asu_discord/cogs/analytics.py", line 652, in on_member_update
    before_timeout = before.timed_out_until
                     ^^^^^^^^^^^^^^^^^^^^^^
AttributeError: 'Member' object has no attribute 'timed_out_until'
Ignoring exception in on_member_update
Traceback (most recent call last):
  File "/usr/local/lib/python3.12/site-packages/discord/client.py", line 465, in _run_event
    await coro(*args, **kwargs)
  File "/app/asu_discord/cogs/analytics.py", line 652, in on_member_update
    before_timeout = before.timed_out_until
                     ^^^^^^^^^^^^^^^^^^^^^^
AttributeError: 'Member' object has no attribute 'timed_out_until'
Ignoring exception in on_member_update
Traceback (most recent call last):
  File "/usr/local/lib/python3.12/site-packages/discord/client.py", line 465, in _run_event
    await coro(*args, **kwargs)
  File "/app/asu_discord/cogs/analytics.py", line 652, in on_member_update
    before_timeout = before.timed_out_until
                     ^^^^^^^^^^^^^^^^^^^^^^
AttributeError: 'Member' object has no attribute 'timed_out_until'
INFO:asu_discord.cogs.verification:Saved 5 roles to database for user richar44 (Discord ID: 290613972078559232)
INFO:asu_discord.cogs.verification:Refreshed Salesforce roles for Discord user 290613972078559232: -5/+5 roles, assigned=[Arizona Resident, First Generation Student, First Year, Tempe, W.P. Carey School of Business]
Ignoring exception in on_member_update
Traceback (most recent call last):
  File "/usr/local/lib/python3.12/site-packages/discord/client.py", line 465, in _run_event
    await coro(*args, **kwargs)
  File "/app/asu_discord/cogs/analytics.py", line 652, in on_member_update
    before_timeout = before.timed_out_until
                     ^^^^^^^^^^^^^^^^^^^^^^
AttributeError: 'Member' object has no attribute 'timed_out_until'
Ignoring exception in on_member_update
Traceback (most recent call last):
  File "/usr/local/lib/python3.12/site-packages/discord/client.py", line 465, in _run_event
    await coro(*args, **kwargs)
  File "/app/asu_discord/cogs/analytics.py", line 652, in on_member_update
    before_timeout = before.timed_out_until
                     ^^^^^^^^^^^^^^^^^^^^^^
AttributeError: 'Member' object has no attribute 'timed_out_until'
Ignoring exception in on_member_update
Traceback (most recent call last):
  File "/usr/local/lib/python3.12/site-packages/discord/client.py", line 465, in _run_event
    await coro(*args, **kwargs)
  File "/app/asu_discord/cogs/analytics.py", line 652, in on_member_update
    before_timeout = before.timed_out_until
                     ^^^^^^^^^^^^^^^^^^^^^^
AttributeError: 'Member' object has no attribute 'timed_out_until'
Ignoring exception in on_member_update
Traceback (most recent call last):
  File "/usr/local/lib/python3.12/site-packages/discord/client.py", line 465, in _run_event
    await coro(*args, **kwargs)
  File "/app/asu_discord/cogs/analytics.py", line 652, in on_member_update
    before_timeout = before.timed_out_until
                     ^^^^^^^^^^^^^^^^^^^^^^
AttributeError: 'Member' object has no attribute 'timed_out_until'
Ignoring exception in on_member_update
Traceback (most recent call last):
  File "/usr/local/lib/python3.12/site-packages/discord/client.py", line 465, in _run_event
    await coro(*args, **kwargs)
  File "/app/asu_discord/cogs/analytics.py", line 652, in on_member_update
    before_timeout = before.timed_out_until
                     ^^^^^^^^^^^^^^^^^^^^^^
AttributeError: 'Member' object has no attribute 'timed_out_until'
Ignoring exception in on_member_update
Traceback (most recent call last):
  File "/usr/local/lib/python3.12/site-packages/discord/client.py", line 465, in _run_event
    await coro(*args, **kwargs)
  File "/app/asu_discord/cogs/analytics.py", line 652, in on_member_update
    before_timeout = before.timed_out_until
                     ^^^^^^^^^^^^^^^^^^^^^^
AttributeError: 'Member' object has no attribute 'timed_out_until'
Ignoring exception in on_member_update
Traceback (most recent call last):
  File "/usr/local/lib/python3.12/site-packages/discord/client.py", line 465, in _run_event
    await coro(*args, **kwargs)
  File "/app/asu_discord/cogs/analytics.py", line 652, in on_member_update
    before_timeout = before.timed_out_until
                     ^^^^^^^^^^^^^^^^^^^^^^
AttributeError: 'Member' object has no attribute 'timed_out_until'
Ignoring exception in on_member_update
Traceback (most recent call last):
  File "/usr/local/lib/python3.12/site-packages/discord/client.py", line 465, in _run_event
    await coro(*args, **kwargs)
  File "/app/asu_discord/cogs/analytics.py", line 652, in on_member_update
    before_timeout = before.timed_out_until
                     ^^^^^^^^^^^^^^^^^^^^^^
AttributeError: 'Member' object has no attribute 'timed_out_until'
Ignoring exception in on_member_update
Traceback (most recent call last):
  File "/usr/local/lib/python3.12/site-packages/discord/client.py", line 465, in _run_event
    await coro(*args, **kwargs)
  File "/app/asu_discord/cogs/analytics.py", line 652, in on_member_update
    before_timeout = before.timed_out_until
                     ^^^^^^^^^^^^^^^^^^^^^^
AttributeError: 'Member' object has no attribute 'timed_out_until'
Ignoring exception in on_member_update
Traceback (most recent call last):
  File "/usr/local/lib/python3.12/site-packages/discord/client.py", line 465, in _run_event
    await coro(*args, **kwargs)
  File "/app/asu_discord/cogs/analytics.py", line 652, in on_member_update
    before_timeout = before.timed_out_until
                     ^^^^^^^^^^^^^^^^^^^^^^
AttributeError: 'Member' object has no attribute 'timed_out_until'
INFO:asu_discord.cogs.verification:Saved 5 roles to database for user rleeling (Discord ID: 1018594150683250718)
INFO:asu_discord.cogs.verification:Refreshed Salesforce roles for Discord user 1018594150683250718: -5/+5 roles, assigned=[Commited, Downtown Phoenix, First Year, Out of State, Walter Cronkite School of Journalism and Mass Communication]
ERROR:cron.jobs:refresh_salesforce_roles: failed for vjasti14 (Discord ID 1246329176378708019): Failed to refresh Salesforce-based roles: Discord user 1246329176378708019 is not a member of the guild
Ignoring exception in on_member_update
Traceback (most recent call last):
  File "/usr/local/lib/python3.12/site-packages/discord/client.py", line 465, in _run_event
    await coro(*args, **kwargs)
  File "/app/asu_discord/cogs/analytics.py", line 652, in on_member_update
    before_timeout = before.timed_out_until
                     ^^^^^^^^^^^^^^^^^^^^^^
AttributeError: 'Member' object has no attribute 'timed_out_until'
Ignoring exception in on_member_update
Traceback (most recent call last):
  File "/usr/local/lib/python3.12/site-packages/discord/client.py", line 465, in _run_event
    await coro(*args, **kwargs)
  File "/app/asu_discord/cogs/analytics.py", line 652, in on_member_update
    before_timeout = before.timed_out_until
                     ^^^^^^^^^^^^^^^^^^^^^^
AttributeError: 'Member' object has no attribute 'timed_out_until'
Ignoring exception in on_member_update
Traceback (most recent call last):
  File "/usr/local/lib/python3.12/site-packages/discord/client.py", line 465, in _run_event
    await coro(*args, **kwargs)
  File "/app/asu_discord/cogs/analytics.py", line 652, in on_member_update
    before_timeout = before.timed_out_until
                     ^^^^^^^^^^^^^^^^^^^^^^
AttributeError: 'Member' object has no attribute 'timed_out_until'
Ignoring exception in on_member_update
Traceback (most recent call last):
  File "/usr/local/lib/python3.12/site-packages/discord/client.py", line 465, in _run_event
    await coro(*args, **kwargs)
  File "/app/asu_discord/cogs/analytics.py", line 652, in on_member_update
    before_timeout = before.timed_out_until
                     ^^^^^^^^^^^^^^^^^^^^^^
AttributeError: 'Member' object has no attribute 'timed_out_until'
Ignoring exception in on_member_update
Traceback (most recent call last):
  File "/usr/local/lib/python3.12/site-packages/discord/client.py", line 465, in _run_event
    await coro(*args, **kwargs)
  File "/app/asu_discord/cogs/analytics.py", line 652, in on_member_update
    before_timeout = before.timed_out_until
                     ^^^^^^^^^^^^^^^^^^^^^^
AttributeError: 'Member' object has no attribute 'timed_out_until'
Ignoring exception in on_member_update
Traceback (most recent call last):
  File "/usr/local/lib/python3.12/site-packages/discord/client.py", line 465, in _run_event
    await coro(*args, **kwargs)
  File "/app/asu_discord/cogs/analytics.py", line 652, in on_member_update
    before_timeout = before.timed_out_until
                     ^^^^^^^^^^^^^^^^^^^^^^
AttributeError: 'Member' object has no attribute 'timed_out_until'
Ignoring exception in on_member_update
Traceback (most recent call last):
  File "/usr/local/lib/python3.12/site-packages/discord/client.py", line 465, in _run_event
    await coro(*args, **kwargs)
  File "/app/asu_discord/cogs/analytics.py", line 652, in on_member_update
    before_timeout = before.timed_out_until
                     ^^^^^^^^^^^^^^^^^^^^^^
AttributeError: 'Member' object has no attribute 'timed_out_until'
Ignoring exception in on_member_update
Traceback (most recent call last):
  File "/usr/local/lib/python3.12/site-packages/discord/client.py", line 465, in _run_event
    await coro(*args, **kwargs)
  File "/app/asu_discord/cogs/analytics.py", line 652, in on_member_update
    before_timeout = before.timed_out_until
                     ^^^^^^^^^^^^^^^^^^^^^^
AttributeError: 'Member' object has no attribute 'timed_out_until'
INFO:asu_discord.cogs.verification:Saved 4 roles to database for user tsrusse9 (Discord ID: 771255633051516939)
INFO:asu_discord.cogs.verification:Refreshed Salesforce roles for Discord user 771255633051516939: -4/+4 roles, assigned=[Arizona Resident, College of Health Solutions, First Year, West Valley]
Ignoring exception in on_member_update
Traceback (most recent call last):
  File "/usr/local/lib/python3.12/site-packages/discord/client.py", line 465, in _run_event
    await coro(*args, **kwargs)
  File "/app/asu_discord/cogs/analytics.py", line 652, in on_member_update
    before_timeout = before.timed_out_until
                     ^^^^^^^^^^^^^^^^^^^^^^
AttributeError: 'Member' object has no attribute 'timed_out_until'
Ignoring exception in on_member_update
Traceback (most recent call last):
  File "/usr/local/lib/python3.12/site-packages/discord/client.py", line 465, in _run_event
    await coro(*args, **kwargs)
  File "/app/asu_discord/cogs/analytics.py", line 652, in on_member_update
    before_timeout = before.timed_out_until
                     ^^^^^^^^^^^^^^^^^^^^^^
AttributeError: 'Member' object has no attribute 'timed_out_until'
Ignoring exception in on_member_update
Traceback (most recent call last):
  File "/usr/local/lib/python3.12/site-packages/discord/client.py", line 465, in _run_event
    await coro(*args, **kwargs)
  File "/app/asu_discord/cogs/analytics.py", line 652, in on_member_update
    before_timeout = before.timed_out_until
                     ^^^^^^^^^^^^^^^^^^^^^^
AttributeError: 'Member' object has no attribute 'timed_out_until'
Ignoring exception in on_member_update
Traceback (most recent call last):
  File "/usr/local/lib/python3.12/site-packages/discord/client.py", line 465, in _run_event
    await coro(*args, **kwargs)
  File "/app/asu_discord/cogs/analytics.py", line 652, in on_member_update
    before_timeout = before.timed_out_until
                     ^^^^^^^^^^^^^^^^^^^^^^
AttributeError: 'Member' object has no attribute 'timed_out_until'
Ignoring exception in on_member_update
Traceback (most recent call last):
  File "/usr/local/lib/python3.12/site-packages/discord/client.py", line 465, in _run_event
    await coro(*args, **kwargs)
  File "/app/asu_discord/cogs/analytics.py", line 652, in on_member_update
    before_timeout = before.timed_out_until
                     ^^^^^^^^^^^^^^^^^^^^^^
AttributeError: 'Member' object has no attribute 'timed_out_until'
Ignoring exception in on_member_update
Traceback (most recent call last):
  File "/usr/local/lib/python3.12/site-packages/discord/client.py", line 465, in _run_event
    await coro(*args, **kwargs)
  File "/app/asu_discord/cogs/analytics.py", line 652, in on_member_update
    before_timeout = before.timed_out_until
                     ^^^^^^^^^^^^^^^^^^^^^^
AttributeError: 'Member' object has no attribute 'timed_out_until'
Ignoring exception in on_member_update
Traceback (most recent call last):
  File "/usr/local/lib/python3.12/site-packages/discord/client.py", line 465, in _run_event
    await coro(*args, **kwargs)
  File "/app/asu_discord/cogs/analytics.py", line 652, in on_member_update
    before_timeout = before.timed_out_until
                     ^^^^^^^^^^^^^^^^^^^^^^
AttributeError: 'Member' object has no attribute 'timed_out_until'
Ignoring exception in on_member_update
Traceback (most recent call last):
  File "/usr/local/lib/python3.12/site-packages/discord/client.py", line 465, in _run_event
    await coro(*args, **kwargs)
  File "/app/asu_discord/cogs/analytics.py", line 652, in on_member_update
    before_timeout = before.timed_out_until
                     ^^^^^^^^^^^^^^^^^^^^^^
AttributeError: 'Member' object has no attribute 'timed_out_until'
Ignoring exception in on_member_update
Traceback (most recent call last):
  File "/usr/local/lib/python3.12/site-packages/discord/client.py", line 465, in _run_event
    await coro(*args, **kwargs)
  File "/app/asu_discord/cogs/analytics.py", line 652, in on_member_update
    before_timeout = before.timed_out_until
                     ^^^^^^^^^^^^^^^^^^^^^^
AttributeError: 'Member' object has no attribute 'timed_out_until'
Ignoring exception in on_member_update
Traceback (most recent call last):
  File "/usr/local/lib/python3.12/site-packages/discord/client.py", line 465, in _run_event
    await coro(*args, **kwargs)
  File "/app/asu_discord/cogs/analytics.py", line 652, in on_member_update
    before_timeout = before.timed_out_until
                     ^^^^^^^^^^^^^^^^^^^^^^
AttributeError: 'Member' object has no attribute 'timed_out_until'
INFO:asu_discord.cogs.verification:Saved 5 roles to database for user maruss20 (Discord ID: 1462610021019029741)
INFO:asu_discord.cogs.verification:Refreshed Salesforce roles for Discord user 1462610021019029741: -5/+5 roles, assigned=[Commited, Downtown Phoenix, First Year, Out of State, Watts College of Public Service and Community Solutions]
Ignoring exception in on_member_update
Traceback (most recent call last):
  File "/usr/local/lib/python3.12/site-packages/discord/client.py", line 465, in _run_event
    await coro(*args, **kwargs)
  File "/app/asu_discord/cogs/analytics.py", line 652, in on_member_update
    before_timeout = before.timed_out_until
                     ^^^^^^^^^^^^^^^^^^^^^^
AttributeError: 'Member' object has no attribute 'timed_out_until'
Ignoring exception in on_member_update
Traceback (most recent call last):
  File "/usr/local/lib/python3.12/site-packages/discord/client.py", line 465, in _run_event
    await coro(*args, **kwargs)
  File "/app/asu_discord/cogs/analytics.py", line 652, in on_member_update
    before_timeout = before.timed_out_until
                     ^^^^^^^^^^^^^^^^^^^^^^
AttributeError: 'Member' object has no attribute 'timed_out_until'
Ignoring exception in on_member_update
Traceback (most recent call last):
  File "/usr/local/lib/python3.12/site-packages/discord/client.py", line 465, in _run_event
    await coro(*args, **kwargs)
  File "/app/asu_discord/cogs/analytics.py", line 652, in on_member_update
    before_timeout = before.timed_out_until
                     ^^^^^^^^^^^^^^^^^^^^^^
AttributeError: 'Member' object has no attribute 'timed_out_until'
Ignoring exception in on_member_update
Traceback (most recent call last):
  File "/usr/local/lib/python3.12/site-packages/discord/client.py", line 465, in _run_event
    await coro(*args, **kwargs)
  File "/app/asu_discord/cogs/analytics.py", line 652, in on_member_update
    before_timeout = before.timed_out_until
                     ^^^^^^^^^^^^^^^^^^^^^^
AttributeError: 'Member' object has no attribute 'timed_out_until'
Ignoring exception in on_member_update
Traceback (most recent call last):
  File "/usr/local/lib/python3.12/site-packages/discord/client.py", line 465, in _run_event
    await coro(*args, **kwargs)
  File "/app/asu_discord/cogs/analytics.py", line 652, in on_member_update
    before_timeout = before.timed_out_until
                     ^^^^^^^^^^^^^^^^^^^^^^
AttributeError: 'Member' object has no attribute 'timed_out_until'
Ignoring exception in on_member_update
Traceback (most recent call last):
  File "/usr/local/lib/python3.12/site-packages/discord/client.py", line 465, in _run_event
    await coro(*args, **kwargs)
  File "/app/asu_discord/cogs/analytics.py", line 652, in on_member_update
    before_timeout = before.timed_out_until
                     ^^^^^^^^^^^^^^^^^^^^^^
AttributeError: 'Member' object has no attribute 'timed_out_until'
Ignoring exception in on_member_update
Traceback (most recent call last):
  File "/usr/local/lib/python3.12/site-packages/discord/client.py", line 465, in _run_event
    await coro(*args, **kwargs)
  File "/app/asu_discord/cogs/analytics.py", line 652, in on_member_update
    before_timeout = before.timed_out_until
                     ^^^^^^^^^^^^^^^^^^^^^^
AttributeError: 'Member' object has no attribute 'timed_out_until'
Ignoring exception in on_member_update
Traceback (most recent call last):
  File "/usr/local/lib/python3.12/site-packages/discord/client.py", line 465, in _run_event
    await coro(*args, **kwargs)
  File "/app/asu_discord/cogs/analytics.py", line 652, in on_member_update
    before_timeout = before.timed_out_until
                     ^^^^^^^^^^^^^^^^^^^^^^
AttributeError: 'Member' object has no attribute 'timed_out_until'
Ignoring exception in on_member_update
Traceback (most recent call last):
  File "/usr/local/lib/python3.12/site-packages/discord/client.py", line 465, in _run_event
    await coro(*args, **kwargs)
  File "/app/asu_discord/cogs/analytics.py", line 652, in on_member_update
    before_timeout = before.timed_out_until
                     ^^^^^^^^^^^^^^^^^^^^^^
AttributeError: 'Member' object has no attribute 'timed_out_until'
Ignoring exception in on_member_update
Traceback (most recent call last):
  File "/usr/local/lib/python3.12/site-packages/discord/client.py", line 465, in _run_event
    await coro(*args, **kwargs)
  File "/app/asu_discord/cogs/analytics.py", line 652, in on_member_update
    before_timeout = before.timed_out_until
                     ^^^^^^^^^^^^^^^^^^^^^^
AttributeError: 'Member' object has no attribute 'timed_out_until'
INFO:asu_discord.cogs.verification:Saved 5 roles to database for user skonank1 (Discord ID: 898980828544110603)
INFO:asu_discord.cogs.verification:Refreshed Salesforce roles for Discord user 898980828544110603: -5/+5 roles, assigned=[Arizona Resident, College of Liberal Arts and Sciences, Commited, First Year, Tempe]
Ignoring exception in on_member_update
Traceback (most recent call last):
  File "/usr/local/lib/python3.12/site-packages/discord/client.py", line 465, in _run_event
    await coro(*args, **kwargs)
  File "/app/asu_discord/cogs/analytics.py", line 652, in on_member_update
    before_timeout = before.timed_out_until
                     ^^^^^^^^^^^^^^^^^^^^^^
AttributeError: 'Member' object has no attribute 'timed_out_until'
Ignoring exception in on_member_update
Traceback (most recent call last):
  File "/usr/local/lib/python3.12/site-packages/discord/client.py", line 465, in _run_event
    await coro(*args, **kwargs)
  File "/app/asu_discord/cogs/analytics.py", line 652, in on_member_update
    before_timeout = before.timed_out_until
                     ^^^^^^^^^^^^^^^^^^^^^^
AttributeError: 'Member' object has no attribute 'timed_out_until'
Ignoring exception in on_member_update
Traceback (most recent call last):
  File "/usr/local/lib/python3.12/site-packages/discord/client.py", line 465, in _run_event
    await coro(*args, **kwargs)
  File "/app/asu_discord/cogs/analytics.py", line 652, in on_member_update
    before_timeout = before.timed_out_until
                     ^^^^^^^^^^^^^^^^^^^^^^
AttributeError: 'Member' object has no attribute 'timed_out_until'
Ignoring exception in on_member_update
Traceback (most recent call last):
  File "/usr/local/lib/python3.12/site-packages/discord/client.py", line 465, in _run_event
    await coro(*args, **kwargs)
  File "/app/asu_discord/cogs/analytics.py", line 652, in on_member_update
    before_timeout = before.timed_out_until
                     ^^^^^^^^^^^^^^^^^^^^^^
AttributeError: 'Member' object has no attribute 'timed_out_until'
Ignoring exception in on_member_update
Traceback (most recent call last):
  File "/usr/local/lib/python3.12/site-packages/discord/client.py", line 465, in _run_event
    await coro(*args, **kwargs)
  File "/app/asu_discord/cogs/analytics.py", line 652, in on_member_update
    before_timeout = before.timed_out_until
                     ^^^^^^^^^^^^^^^^^^^^^^
AttributeError: 'Member' object has no attribute 'timed_out_until'
Ignoring exception in on_member_update
Traceback (most recent call last):
  File "/usr/local/lib/python3.12/site-packages/discord/client.py", line 465, in _run_event
    await coro(*args, **kwargs)
  File "/app/asu_discord/cogs/analytics.py", line 652, in on_member_update
    before_timeout = before.timed_out_until
                     ^^^^^^^^^^^^^^^^^^^^^^
AttributeError: 'Member' object has no attribute 'timed_out_until'
Ignoring exception in on_member_update
Traceback (most recent call last):
  File "/usr/local/lib/python3.12/site-packages/discord/client.py", line 465, in _run_event
    await coro(*args, **kwargs)
  File "/app/asu_discord/cogs/analytics.py", line 652, in on_member_update
    before_timeout = before.timed_out_until
                     ^^^^^^^^^^^^^^^^^^^^^^
AttributeError: 'Member' object has no attribute 'timed_out_until'
Ignoring exception in on_member_update
Traceback (most recent call last):
  File "/usr/local/lib/python3.12/site-packages/discord/client.py", line 465, in _run_event
    await coro(*args, **kwargs)
  File "/app/asu_discord/cogs/analytics.py", line 652, in on_member_update
    before_timeout = before.timed_out_until
                     ^^^^^^^^^^^^^^^^^^^^^^
AttributeError: 'Member' object has no attribute 'timed_out_until'
Ignoring exception in on_member_update
Traceback (most recent call last):
  File "/usr/local/lib/python3.12/site-packages/discord/client.py", line 465, in _run_event
    await coro(*args, **kwargs)
  File "/app/asu_discord/cogs/analytics.py", line 652, in on_member_update
    before_timeout = before.timed_out_until
                     ^^^^^^^^^^^^^^^^^^^^^^
AttributeError: 'Member' object has no attribute 'timed_out_until'
Ignoring exception in on_member_update
Traceback (most recent call last):
  File "/usr/local/lib/python3.12/site-packages/discord/client.py", line 465, in _run_event
    await coro(*args, **kwargs)
  File "/app/asu_discord/cogs/analytics.py", line 652, in on_member_update
    before_timeout = before.timed_out_until
                     ^^^^^^^^^^^^^^^^^^^^^^
AttributeError: 'Member' object has no attribute 'timed_out_until'
INFO:asu_discord.cogs.verification:Saved 5 roles to database for user along120 (Discord ID: 1463611778889027718)
INFO:asu_discord.cogs.verification:Refreshed Salesforce roles for Discord user 1463611778889027718: -5/+5 roles, assigned=[Arizona Resident, Commited, First Year, Herberger Institute for Design and the Arts, Tempe]
Ignoring exception in on_member_update
Traceback (most recent call last):
  File "/usr/local/lib/python3.12/site-packages/discord/client.py", line 465, in _run_event
    await coro(*args, **kwargs)
  File "/app/asu_discord/cogs/analytics.py", line 652, in on_member_update
    before_timeout = before.timed_out_until
                     ^^^^^^^^^^^^^^^^^^^^^^
AttributeError: 'Member' object has no attribute 'timed_out_until'
Ignoring exception in on_member_update
Traceback (most recent call last):
  File "/usr/local/lib/python3.12/site-packages/discord/client.py", line 465, in _run_event
    await coro(*args, **kwargs)
  File "/app/asu_discord/cogs/analytics.py", line 652, in on_member_update
    before_timeout = before.timed_out_until
                     ^^^^^^^^^^^^^^^^^^^^^^
AttributeError: 'Member' object has no attribute 'timed_out_until'
Ignoring exception in on_member_update
Traceback (most recent call last):
  File "/usr/local/lib/python3.12/site-packages/discord/client.py", line 465, in _run_event
    await coro(*args, **kwargs)
  File "/app/asu_discord/cogs/analytics.py", line 652, in on_member_update
    before_timeout = before.timed_out_until
                     ^^^^^^^^^^^^^^^^^^^^^^
AttributeError: 'Member' object has no attribute 'timed_out_until'
Ignoring exception in on_member_update
Traceback (most recent call last):
  File "/usr/local/lib/python3.12/site-packages/discord/client.py", line 465, in _run_event
    await coro(*args, **kwargs)
  File "/app/asu_discord/cogs/analytics.py", line 652, in on_member_update
    before_timeout = before.timed_out_until
                     ^^^^^^^^^^^^^^^^^^^^^^
AttributeError: 'Member' object has no attribute 'timed_out_until'
Ignoring exception in on_member_update
Traceback (most recent call last):
  File "/usr/local/lib/python3.12/site-packages/discord/client.py", line 465, in _run_event
    await coro(*args, **kwargs)
  File "/app/asu_discord/cogs/analytics.py", line 652, in on_member_update
    before_timeout = before.timed_out_until
                     ^^^^^^^^^^^^^^^^^^^^^^
AttributeError: 'Member' object has no attribute 'timed_out_until'
Ignoring exception in on_member_update
Traceback (most recent call last):
  File "/usr/local/lib/python3.12/site-packages/discord/client.py", line 465, in _run_event
    await coro(*args, **kwargs)
  File "/app/asu_discord/cogs/analytics.py", line 652, in on_member_update
    before_timeout = before.timed_out_until
                     ^^^^^^^^^^^^^^^^^^^^^^
AttributeError: 'Member' object has no attribute 'timed_out_until'
Ignoring exception in on_member_update
Traceback (most recent call last):
  File "/usr/local/lib/python3.12/site-packages/discord/client.py", line 465, in _run_event
    await coro(*args, **kwargs)
  File "/app/asu_discord/cogs/analytics.py", line 652, in on_member_update
    before_timeout = before.timed_out_until
                     ^^^^^^^^^^^^^^^^^^^^^^
AttributeError: 'Member' object has no attribute 'timed_out_until'
Ignoring exception in on_member_update
Traceback (most recent call last):
  File "/usr/local/lib/python3.12/site-packages/discord/client.py", line 465, in _run_event
    await coro(*args, **kwargs)
  File "/app/asu_discord/cogs/analytics.py", line 652, in on_member_update
    before_timeout = before.timed_out_until
                     ^^^^^^^^^^^^^^^^^^^^^^
AttributeError: 'Member' object has no attribute 'timed_out_until'
Ignoring exception in on_member_update
Traceback (most recent call last):
  File "/usr/local/lib/python3.12/site-packages/discord/client.py", line 465, in _run_event
    await coro(*args, **kwargs)
  File "/app/asu_discord/cogs/analytics.py", line 652, in on_member_update
    before_timeout = before.timed_out_until
                     ^^^^^^^^^^^^^^^^^^^^^^
AttributeError: 'Member' object has no attribute 'timed_out_until'
Ignoring exception in on_member_update
Traceback (most recent call last):
  File "/usr/local/lib/python3.12/site-packages/discord/client.py", line 465, in _run_event
    await coro(*args, **kwargs)
  File "/app/asu_discord/cogs/analytics.py", line 652, in on_member_update
    before_timeout = before.timed_out_until
                     ^^^^^^^^^^^^^^^^^^^^^^
AttributeError: 'Member' object has no attribute 'timed_out_until'
INFO:asu_discord.cogs.verification:Saved 5 roles to database for user anvarga8 (Discord ID: 1463991374121664667)
INFO:asu_discord.cogs.verification:Refreshed Salesforce roles for Discord user 1463991374121664667: -5/+5 roles, assigned=[Arizona Resident, College of Liberal Arts and Sciences, First Generation Student, First Year, Tempe]
Ignoring exception in on_member_update
Traceback (most recent call last):
  File "/usr/local/lib/python3.12/site-packages/discord/client.py", line 465, in _run_event
    await coro(*args, **kwargs)
  File "/app/asu_discord/cogs/analytics.py", line 652, in on_member_update
    before_timeout = before.timed_out_until
                     ^^^^^^^^^^^^^^^^^^^^^^
AttributeError: 'Member' object has no attribute 'timed_out_until'
Ignoring exception in on_member_update
Traceback (most recent call last):
  File "/usr/local/lib/python3.12/site-packages/discord/client.py", line 465, in _run_event
    await coro(*args, **kwargs)
  File "/app/asu_discord/cogs/analytics.py", line 652, in on_member_update
    before_timeout = before.timed_out_until
                     ^^^^^^^^^^^^^^^^^^^^^^
AttributeError: 'Member' object has no attribute 'timed_out_until'
Ignoring exception in on_member_update
Traceback (most recent call last):
  File "/usr/local/lib/python3.12/site-packages/discord/client.py", line 465, in _run_event
    await coro(*args, **kwargs)
  File "/app/asu_discord/cogs/analytics.py", line 652, in on_member_update
    before_timeout = before.timed_out_until
                     ^^^^^^^^^^^^^^^^^^^^^^
AttributeError: 'Member' object has no attribute 'timed_out_until'
Ignoring exception in on_member_update
Traceback (most recent call last):
  File "/usr/local/lib/python3.12/site-packages/discord/client.py", line 465, in _run_event
    await coro(*args, **kwargs)
  File "/app/asu_discord/cogs/analytics.py", line 652, in on_member_update
    before_timeout = before.timed_out_until
                     ^^^^^^^^^^^^^^^^^^^^^^
AttributeError: 'Member' object has no attribute 'timed_out_until'
Ignoring exception in on_member_update
Traceback (most recent call last):
  File "/usr/local/lib/python3.12/site-packages/discord/client.py", line 465, in _run_event
    await coro(*args, **kwargs)
  File "/app/asu_discord/cogs/analytics.py", line 652, in on_member_update
    before_timeout = before.timed_out_until
                     ^^^^^^^^^^^^^^^^^^^^^^
AttributeError: 'Member' object has no attribute 'timed_out_until'
Ignoring exception in on_member_update
Traceback (most recent call last):
  File "/usr/local/lib/python3.12/site-packages/discord/client.py", line 465, in _run_event
    await coro(*args, **kwargs)
  File "/app/asu_discord/cogs/analytics.py", line 652, in on_member_update
    before_timeout = before.timed_out_until
                     ^^^^^^^^^^^^^^^^^^^^^^
AttributeError: 'Member' object has no attribute 'timed_out_until'
Ignoring exception in on_member_update
Traceback (most recent call last):
  File "/usr/local/lib/python3.12/site-packages/discord/client.py", line 465, in _run_event
    await coro(*args, **kwargs)
  File "/app/asu_discord/cogs/analytics.py", line 652, in on_member_update
    before_timeout = before.timed_out_until
                     ^^^^^^^^^^^^^^^^^^^^^^
AttributeError: 'Member' object has no attribute 'timed_out_until'
Ignoring exception in on_member_update
Traceback (most recent call last):
  File "/usr/local/lib/python3.12/site-packages/discord/client.py", line 465, in _run_event
    await coro(*args, **kwargs)
  File "/app/asu_discord/cogs/analytics.py", line 652, in on_member_update
    before_timeout = before.timed_out_until
                     ^^^^^^^^^^^^^^^^^^^^^^
AttributeError: 'Member' object has no attribute 'timed_out_until'
Ignoring exception in on_member_update
Traceback (most recent call last):
  File "/usr/local/lib/python3.12/site-packages/discord/client.py", line 465, in _run_event
    await coro(*args, **kwargs)
  File "/app/asu_discord/cogs/analytics.py", line 652, in on_member_update
    before_timeout = before.timed_out_until
                     ^^^^^^^^^^^^^^^^^^^^^^
AttributeError: 'Member' object has no attribute 'timed_out_until'
Ignoring exception in on_member_update
Traceback (most recent call last):
  File "/usr/local/lib/python3.12/site-packages/discord/client.py", line 465, in _run_event
    await coro(*args, **kwargs)
  File "/app/asu_discord/cogs/analytics.py", line 652, in on_member_update
    before_timeout = before.timed_out_until
                     ^^^^^^^^^^^^^^^^^^^^^^
AttributeError: 'Member' object has no attribute 'timed_out_until'
INFO:asu_discord.cogs.verification:Saved 5 roles to database for user iestra10 (Discord ID: 1057490474123927696)
INFO:asu_discord.cogs.verification:Refreshed Salesforce roles for Discord user 1057490474123927696: -5/+5 roles, assigned=[Arizona Resident, First Generation Student, First Year, W.P. Carey School of Business, West Valley]
Ignoring exception in on_member_update
Traceback (most recent call last):
  File "/usr/local/lib/python3.12/site-packages/discord/client.py", line 465, in _run_event
    await coro(*args, **kwargs)
  File "/app/asu_discord/cogs/analytics.py", line 652, in on_member_update
    before_timeout = before.timed_out_until
                     ^^^^^^^^^^^^^^^^^^^^^^
AttributeError: 'Member' object has no attribute 'timed_out_until'
Ignoring exception in on_member_update
Traceback (most recent call last):
  File "/usr/local/lib/python3.12/site-packages/discord/client.py", line 465, in _run_event
    await coro(*args, **kwargs)
  File "/app/asu_discord/cogs/analytics.py", line 652, in on_member_update
    before_timeout = before.timed_out_until
                     ^^^^^^^^^^^^^^^^^^^^^^
AttributeError: 'Member' object has no attribute 'timed_out_until'
Ignoring exception in on_member_update
Traceback (most recent call last):
  File "/usr/local/lib/python3.12/site-packages/discord/client.py", line 465, in _run_event
    await coro(*args, **kwargs)
  File "/app/asu_discord/cogs/analytics.py", line 652, in on_member_update
    before_timeout = before.timed_out_until
                     ^^^^^^^^^^^^^^^^^^^^^^
AttributeError: 'Member' object has no attribute 'timed_out_until'
Ignoring exception in on_member_update
Traceback (most recent call last):
  File "/usr/local/lib/python3.12/site-packages/discord/client.py", line 465, in _run_event
    await coro(*args, **kwargs)
  File "/app/asu_discord/cogs/analytics.py", line 652, in on_member_update
    before_timeout = before.timed_out_until
                     ^^^^^^^^^^^^^^^^^^^^^^
AttributeError: 'Member' object has no attribute 'timed_out_until'
Ignoring exception in on_member_update
Traceback (most recent call last):
  File "/usr/local/lib/python3.12/site-packages/discord/client.py", line 465, in _run_event
    await coro(*args, **kwargs)
  File "/app/asu_discord/cogs/analytics.py", line 652, in on_member_update
    before_timeout = before.timed_out_until
                     ^^^^^^^^^^^^^^^^^^^^^^
AttributeError: 'Member' object has no attribute 'timed_out_until'
Ignoring exception in on_member_update
Traceback (most recent call last):
  File "/usr/local/lib/python3.12/site-packages/discord/client.py", line 465, in _run_event
    await coro(*args, **kwargs)
  File "/app/asu_discord/cogs/analytics.py", line 652, in on_member_update
    before_timeout = before.timed_out_until
                     ^^^^^^^^^^^^^^^^^^^^^^
AttributeError: 'Member' object has no attribute 'timed_out_until'
Ignoring exception in on_member_update
Traceback (most recent call last):
  File "/usr/local/lib/python3.12/site-packages/discord/client.py", line 465, in _run_event
    await coro(*args, **kwargs)
  File "/app/asu_discord/cogs/analytics.py", line 652, in on_member_update
    before_timeout = before.timed_out_until
                     ^^^^^^^^^^^^^^^^^^^^^^
AttributeError: 'Member' object has no attribute 'timed_out_until'
Ignoring exception in on_member_update
Traceback (most recent call last):
  File "/usr/local/lib/python3.12/site-packages/discord/client.py", line 465, in _run_event
    await coro(*args, **kwargs)
  File "/app/asu_discord/cogs/analytics.py", line 652, in on_member_update
    before_timeout = before.timed_out_until
                     ^^^^^^^^^^^^^^^^^^^^^^
AttributeError: 'Member' object has no attribute 'timed_out_until'
Ignoring exception in on_member_update
Traceback (most recent call last):
  File "/usr/local/lib/python3.12/site-packages/discord/client.py", line 465, in _run_event
    await coro(*args, **kwargs)
  File "/app/asu_discord/cogs/analytics.py", line 652, in on_member_update
    before_timeout = before.timed_out_until
                     ^^^^^^^^^^^^^^^^^^^^^^
AttributeError: 'Member' object has no attribute 'timed_out_until'
Ignoring exception in on_member_update
Traceback (most recent call last):
  File "/usr/local/lib/python3.12/site-packages/discord/client.py", line 465, in _run_event
    await coro(*args, **kwargs)
  File "/app/asu_discord/cogs/analytics.py", line 652, in on_member_update
    before_timeout = before.timed_out_until
                     ^^^^^^^^^^^^^^^^^^^^^^
AttributeError: 'Member' object has no attribute 'timed_out_until'
Ignoring exception in on_member_update
Traceback (most recent call last):
  File "/usr/local/lib/python3.12/site-packages/discord/client.py", line 465, in _run_event
    await coro(*args, **kwargs)
  File "/app/asu_discord/cogs/analytics.py", line 652, in on_member_update
    before_timeout = before.timed_out_until
                     ^^^^^^^^^^^^^^^^^^^^^^
AttributeError: 'Member' object has no attribute 'timed_out_until'
INFO:asu_discord.cogs.verification:Saved 6 roles to database for user rmart370 (Discord ID: 574102255020670992)
INFO:asu_discord.cogs.verification:Refreshed Salesforce roles for Discord user 574102255020670992: -6/+5 roles, assigned=[Arizona Resident, Commited, First Generation Student, First Year, Mary Lou Fulton Teachers College, Tempe]
Ignoring exception in on_member_update
Traceback (most recent call last):
  File "/usr/local/lib/python3.12/site-packages/discord/client.py", line 465, in _run_event
    await coro(*args, **kwargs)
  File "/app/asu_discord/cogs/analytics.py", line 652, in on_member_update
    before_timeout = before.timed_out_until
                     ^^^^^^^^^^^^^^^^^^^^^^
AttributeError: 'Member' object has no attribute 'timed_out_until'
Ignoring exception in on_member_update
Traceback (most recent call last):
  File "/usr/local/lib/python3.12/site-packages/discord/client.py", line 465, in _run_event
    await coro(*args, **kwargs)
  File "/app/asu_discord/cogs/analytics.py", line 652, in on_member_update
    before_timeout = before.timed_out_until
                     ^^^^^^^^^^^^^^^^^^^^^^
AttributeError: 'Member' object has no attribute 'timed_out_until'
Ignoring exception in on_member_update
Traceback (most recent call last):
  File "/usr/local/lib/python3.12/site-packages/discord/client.py", line 465, in _run_event
    await coro(*args, **kwargs)
  File "/app/asu_discord/cogs/analytics.py", line 652, in on_member_update
    before_timeout = before.timed_out_until
                     ^^^^^^^^^^^^^^^^^^^^^^
AttributeError: 'Member' object has no attribute 'timed_out_until'
Ignoring exception in on_member_update
Traceback (most recent call last):
  File "/usr/local/lib/python3.12/site-packages/discord/client.py", line 465, in _run_event
    await coro(*args, **kwargs)
  File "/app/asu_discord/cogs/analytics.py", line 652, in on_member_update
    before_timeout = before.timed_out_until
                     ^^^^^^^^^^^^^^^^^^^^^^
AttributeError: 'Member' object has no attribute 'timed_out_until'
Ignoring exception in on_member_update
Traceback (most recent call last):
  File "/usr/local/lib/python3.12/site-packages/discord/client.py", line 465, in _run_event
    await coro(*args, **kwargs)
  File "/app/asu_discord/cogs/analytics.py", line 652, in on_member_update
    before_timeout = before.timed_out_until
                     ^^^^^^^^^^^^^^^^^^^^^^
AttributeError: 'Member' object has no attribute 'timed_out_until'
Ignoring exception in on_member_update
Traceback (most recent call last):
  File "/usr/local/lib/python3.12/site-packages/discord/client.py", line 465, in _run_event
    await coro(*args, **kwargs)
  File "/app/asu_discord/cogs/analytics.py", line 652, in on_member_update
    before_timeout = before.timed_out_until
                     ^^^^^^^^^^^^^^^^^^^^^^
AttributeError: 'Member' object has no attribute 'timed_out_until'
Ignoring exception in on_member_update
Traceback (most recent call last):
  File "/usr/local/lib/python3.12/site-packages/discord/client.py", line 465, in _run_event
    await coro(*args, **kwargs)
  File "/app/asu_discord/cogs/analytics.py", line 652, in on_member_update
    before_timeout = before.timed_out_until
                     ^^^^^^^^^^^^^^^^^^^^^^
AttributeError: 'Member' object has no attribute 'timed_out_until'
Ignoring exception in on_member_update
Traceback (most recent call last):
  File "/usr/local/lib/python3.12/site-packages/discord/client.py", line 465, in _run_event
    await coro(*args, **kwargs)
  File "/app/asu_discord/cogs/analytics.py", line 652, in on_member_update
    before_timeout = before.timed_out_until
                     ^^^^^^^^^^^^^^^^^^^^^^
AttributeError: 'Member' object has no attribute 'timed_out_until'
Ignoring exception in on_member_update
Traceback (most recent call last):
  File "/usr/local/lib/python3.12/site-packages/discord/client.py", line 465, in _run_event
    await coro(*args, **kwargs)
  File "/app/asu_discord/cogs/analytics.py", line 652, in on_member_update
    before_timeout = before.timed_out_until
                     ^^^^^^^^^^^^^^^^^^^^^^
AttributeError: 'Member' object has no attribute 'timed_out_until'
Ignoring exception in on_member_update
Traceback (most recent call last):
  File "/usr/local/lib/python3.12/site-packages/discord/client.py", line 465, in _run_event
    await coro(*args, **kwargs)
  File "/app/asu_discord/cogs/analytics.py", line 652, in on_member_update
    before_timeout = before.timed_out_until
                     ^^^^^^^^^^^^^^^^^^^^^^
AttributeError: 'Member' object has no attribute 'timed_out_until'
INFO:asu_discord.cogs.verification:Saved 5 roles to database for user gglinder (Discord ID: 800566941378412564)
INFO:asu_discord.cogs.verification:Refreshed Salesforce roles for Discord user 800566941378412564: -5/+5 roles, assigned=[Commited, First Year, New College of Interdisciplinary Arts and Sciences, Out of State, West Valley]
Ignoring exception in on_member_update
Traceback (most recent call last):
  File "/usr/local/lib/python3.12/site-packages/discord/client.py", line 465, in _run_event
    await coro(*args, **kwargs)
  File "/app/asu_discord/cogs/analytics.py", line 652, in on_member_update
    before_timeout = before.timed_out_until
                     ^^^^^^^^^^^^^^^^^^^^^^
AttributeError: 'Member' object has no attribute 'timed_out_until'
Ignoring exception in on_member_update
Traceback (most recent call last):
  File "/usr/local/lib/python3.12/site-packages/discord/client.py", line 465, in _run_event
    await coro(*args, **kwargs)
  File "/app/asu_discord/cogs/analytics.py", line 652, in on_member_update
    before_timeout = before.timed_out_until
                     ^^^^^^^^^^^^^^^^^^^^^^
AttributeError: 'Member' object has no attribute 'timed_out_until'
Ignoring exception in on_member_update
Traceback (most recent call last):
  File "/usr/local/lib/python3.12/site-packages/discord/client.py", line 465, in _run_event
    await coro(*args, **kwargs)
  File "/app/asu_discord/cogs/analytics.py", line 652, in on_member_update
    before_timeout = before.timed_out_until
                     ^^^^^^^^^^^^^^^^^^^^^^
AttributeError: 'Member' object has no attribute 'timed_out_until'
Ignoring exception in on_member_update
Traceback (most recent call last):
  File "/usr/local/lib/python3.12/site-packages/discord/client.py", line 465, in _run_event
    await coro(*args, **kwargs)
  File "/app/asu_discord/cogs/analytics.py", line 652, in on_member_update
    before_timeout = before.timed_out_until
                     ^^^^^^^^^^^^^^^^^^^^^^
AttributeError: 'Member' object has no attribute 'timed_out_until'
Ignoring exception in on_member_update
Traceback (most recent call last):
  File "/usr/local/lib/python3.12/site-packages/discord/client.py", line 465, in _run_event
    await coro(*args, **kwargs)
  File "/app/asu_discord/cogs/analytics.py", line 652, in on_member_update
    before_timeout = before.timed_out_until
                     ^^^^^^^^^^^^^^^^^^^^^^
AttributeError: 'Member' object has no attribute 'timed_out_until'
Ignoring exception in on_member_update
Traceback (most recent call last):
  File "/usr/local/lib/python3.12/site-packages/discord/client.py", line 465, in _run_event
    await coro(*args, **kwargs)
  File "/app/asu_discord/cogs/analytics.py", line 652, in on_member_update
    before_timeout = before.timed_out_until
                     ^^^^^^^^^^^^^^^^^^^^^^
AttributeError: 'Member' object has no attribute 'timed_out_until'
Ignoring exception in on_member_update
Traceback (most recent call last):
  File "/usr/local/lib/python3.12/site-packages/discord/client.py", line 465, in _run_event
    await coro(*args, **kwargs)
  File "/app/asu_discord/cogs/analytics.py", line 652, in on_member_update
    before_timeout = before.timed_out_until
                     ^^^^^^^^^^^^^^^^^^^^^^
AttributeError: 'Member' object has no attribute 'timed_out_until'
Ignoring exception in on_member_update
Traceback (most recent call last):
  File "/usr/local/lib/python3.12/site-packages/discord/client.py", line 465, in _run_event
    await coro(*args, **kwargs)
  File "/app/asu_discord/cogs/analytics.py", line 652, in on_member_update
    before_timeout = before.timed_out_until
                     ^^^^^^^^^^^^^^^^^^^^^^
AttributeError: 'Member' object has no attribute 'timed_out_until'
Ignoring exception in on_member_update
Traceback (most recent call last):
  File "/usr/local/lib/python3.12/site-packages/discord/client.py", line 465, in _run_event
    await coro(*args, **kwargs)
  File "/app/asu_discord/cogs/analytics.py", line 652, in on_member_update
    before_timeout = before.timed_out_until
                     ^^^^^^^^^^^^^^^^^^^^^^
AttributeError: 'Member' object has no attribute 'timed_out_until'
Ignoring exception in on_member_update
Traceback (most recent call last):
  File "/usr/local/lib/python3.12/site-packages/discord/client.py", line 465, in _run_event
    await coro(*args, **kwargs)
  File "/app/asu_discord/cogs/analytics.py", line 652, in on_member_update
    before_timeout = before.timed_out_until
                     ^^^^^^^^^^^^^^^^^^^^^^
AttributeError: 'Member' object has no attribute 'timed_out_until'
INFO:asu_discord.cogs.verification:Saved 5 roles to database for user scmills5 (Discord ID: 989205918401056768)
INFO:asu_discord.cogs.verification:Refreshed Salesforce roles for Discord user 989205918401056768: -5/+5 roles, assigned=[Commited, First Year, Out of State, W.P. Carey School of Business, West Valley]
Ignoring exception in on_member_update
Traceback (most recent call last):
  File "/usr/local/lib/python3.12/site-packages/discord/client.py", line 465, in _run_event
    await coro(*args, **kwargs)
  File "/app/asu_discord/cogs/analytics.py", line 652, in on_member_update
    before_timeout = before.timed_out_until
                     ^^^^^^^^^^^^^^^^^^^^^^
AttributeError: 'Member' object has no attribute 'timed_out_until'
Ignoring exception in on_member_update
Traceback (most recent call last):
  File "/usr/local/lib/python3.12/site-packages/discord/client.py", line 465, in _run_event
    await coro(*args, **kwargs)
  File "/app/asu_discord/cogs/analytics.py", line 652, in on_member_update
    before_timeout = before.timed_out_until
                     ^^^^^^^^^^^^^^^^^^^^^^
AttributeError: 'Member' object has no attribute 'timed_out_until'
Ignoring exception in on_member_update
Traceback (most recent call last):
  File "/usr/local/lib/python3.12/site-packages/discord/client.py", line 465, in _run_event
    await coro(*args, **kwargs)
  File "/app/asu_discord/cogs/analytics.py", line 652, in on_member_update
    before_timeout = before.timed_out_until
                     ^^^^^^^^^^^^^^^^^^^^^^
AttributeError: 'Member' object has no attribute 'timed_out_until'
Ignoring exception in on_member_update
Traceback (most recent call last):
  File "/usr/local/lib/python3.12/site-packages/discord/client.py", line 465, in _run_event
    await coro(*args, **kwargs)
  File "/app/asu_discord/cogs/analytics.py", line 652, in on_member_update
    before_timeout = before.timed_out_until
                     ^^^^^^^^^^^^^^^^^^^^^^
AttributeError: 'Member' object has no attribute 'timed_out_until'
Ignoring exception in on_member_update
Traceback (most recent call last):
  File "/usr/local/lib/python3.12/site-packages/discord/client.py", line 465, in _run_event
    await coro(*args, **kwargs)
  File "/app/asu_discord/cogs/analytics.py", line 652, in on_member_update
    before_timeout = before.timed_out_until
                     ^^^^^^^^^^^^^^^^^^^^^^
AttributeError: 'Member' object has no attribute 'timed_out_until'
Ignoring exception in on_member_update
Traceback (most recent call last):
  File "/usr/local/lib/python3.12/site-packages/discord/client.py", line 465, in _run_event
    await coro(*args, **kwargs)
  File "/app/asu_discord/cogs/analytics.py", line 652, in on_member_update
    before_timeout = before.timed_out_until
                     ^^^^^^^^^^^^^^^^^^^^^^
AttributeError: 'Member' object has no attribute 'timed_out_until'
Ignoring exception in on_member_update
Traceback (most recent call last):
  File "/usr/local/lib/python3.12/site-packages/discord/client.py", line 465, in _run_event
    await coro(*args, **kwargs)
  File "/app/asu_discord/cogs/analytics.py", line 652, in on_member_update
    before_timeout = before.timed_out_until
                     ^^^^^^^^^^^^^^^^^^^^^^
AttributeError: 'Member' object has no attribute 'timed_out_until'
Ignoring exception in on_member_update
Traceback (most recent call last):
  File "/usr/local/lib/python3.12/site-packages/discord/client.py", line 465, in _run_event
    await coro(*args, **kwargs)
  File "/app/asu_discord/cogs/analytics.py", line 652, in on_member_update
    before_timeout = before.timed_out_until
                     ^^^^^^^^^^^^^^^^^^^^^^
AttributeError: 'Member' object has no attribute 'timed_out_until'
Ignoring exception in on_member_update
Traceback (most recent call last):
  File "/usr/local/lib/python3.12/site-packages/discord/client.py", line 465, in _run_event
    await coro(*args, **kwargs)
  File "/app/asu_discord/cogs/analytics.py", line 652, in on_member_update
    before_timeout = before.timed_out_until
                     ^^^^^^^^^^^^^^^^^^^^^^
AttributeError: 'Member' object has no attribute 'timed_out_until'
INFO:asu_discord.cogs.verification:Saved 5 roles to database for user emort12 (Discord ID: 706231098765738081)
INFO:asu_discord.cogs.verification:Refreshed Salesforce roles for Discord user 706231098765738081: -4/+5 roles, assigned=[Arizona Resident, College of Liberal Arts and Sciences, Commited, First Year, Tempe]
Ignoring exception in on_member_update
Traceback (most recent call last):
  File "/usr/local/lib/python3.12/site-packages/discord/client.py", line 465, in _run_event
    await coro(*args, **kwargs)
  File "/app/asu_discord/cogs/analytics.py", line 652, in on_member_update
    before_timeout = before.timed_out_until
                     ^^^^^^^^^^^^^^^^^^^^^^
AttributeError: 'Member' object has no attribute 'timed_out_until'
Ignoring exception in on_member_update
Traceback (most recent call last):
  File "/usr/local/lib/python3.12/site-packages/discord/client.py", line 465, in _run_event
    await coro(*args, **kwargs)
  File "/app/asu_discord/cogs/analytics.py", line 652, in on_member_update
    before_timeout = before.timed_out_until
                     ^^^^^^^^^^^^^^^^^^^^^^
AttributeError: 'Member' object has no attribute 'timed_out_until'
Ignoring exception in on_member_update
Traceback (most recent call last):
  File "/usr/local/lib/python3.12/site-packages/discord/client.py", line 465, in _run_event
    await coro(*args, **kwargs)
  File "/app/asu_discord/cogs/analytics.py", line 652, in on_member_update
    before_timeout = before.timed_out_until
                     ^^^^^^^^^^^^^^^^^^^^^^
AttributeError: 'Member' object has no attribute 'timed_out_until'
Ignoring exception in on_member_update
Traceback (most recent call last):
  File "/usr/local/lib/python3.12/site-packages/discord/client.py", line 465, in _run_event
    await coro(*args, **kwargs)
  File "/app/asu_discord/cogs/analytics.py", line 652, in on_member_update
    before_timeout = before.timed_out_until
                     ^^^^^^^^^^^^^^^^^^^^^^
AttributeError: 'Member' object has no attribute 'timed_out_until'
Ignoring exception in on_member_update
Traceback (most recent call last):
  File "/usr/local/lib/python3.12/site-packages/discord/client.py", line 465, in _run_event
    await coro(*args, **kwargs)
  File "/app/asu_discord/cogs/analytics.py", line 652, in on_member_update
    before_timeout = before.timed_out_until
                     ^^^^^^^^^^^^^^^^^^^^^^
AttributeError: 'Member' object has no attribute 'timed_out_until'
Ignoring exception in on_member_update
Traceback (most recent call last):
  File "/usr/local/lib/python3.12/site-packages/discord/client.py", line 465, in _run_event
    await coro(*args, **kwargs)
  File "/app/asu_discord/cogs/analytics.py", line 652, in on_member_update
    before_timeout = before.timed_out_until
                     ^^^^^^^^^^^^^^^^^^^^^^
AttributeError: 'Member' object has no attribute 'timed_out_until'
Ignoring exception in on_member_update
Traceback (most recent call last):
  File "/usr/local/lib/python3.12/site-packages/discord/client.py", line 465, in _run_event
    await coro(*args, **kwargs)
  File "/app/asu_discord/cogs/analytics.py", line 652, in on_member_update
    before_timeout = before.timed_out_until
                     ^^^^^^^^^^^^^^^^^^^^^^
AttributeError: 'Member' object has no attribute 'timed_out_until'
Ignoring exception in on_member_update
Traceback (most recent call last):
  File "/usr/local/lib/python3.12/site-packages/discord/client.py", line 465, in _run_event
    await coro(*args, **kwargs)
  File "/app/asu_discord/cogs/analytics.py", line 652, in on_member_update
    before_timeout = before.timed_out_until
                     ^^^^^^^^^^^^^^^^^^^^^^
AttributeError: 'Member' object has no attribute 'timed_out_until'
Ignoring exception in on_member_update
Traceback (most recent call last):
  File "/usr/local/lib/python3.12/site-packages/discord/client.py", line 465, in _run_event
    await coro(*args, **kwargs)
  File "/app/asu_discord/cogs/analytics.py", line 652, in on_member_update
    before_timeout = before.timed_out_until
                     ^^^^^^^^^^^^^^^^^^^^^^
AttributeError: 'Member' object has no attribute 'timed_out_until'
Ignoring exception in on_member_update
Traceback (most recent call last):
  File "/usr/local/lib/python3.12/site-packages/discord/client.py", line 465, in _run_event
    await coro(*args, **kwargs)
  File "/app/asu_discord/cogs/analytics.py", line 652, in on_member_update
    before_timeout = before.timed_out_until
                     ^^^^^^^^^^^^^^^^^^^^^^
AttributeError: 'Member' object has no attribute 'timed_out_until'
INFO:asu_discord.cogs.verification:Saved 5 roles to database for user avelmuru (Discord ID: 1464034388798083092)
INFO:asu_discord.cogs.verification:Refreshed Salesforce roles for Discord user 1464034388798083092: -5/+5 roles, assigned=[Commited, Downtown Phoenix, First Year, Ira A. Fulton Schools of Engineering, Out of State]
ERROR:cron.jobs:refresh_salesforce_roles: failed for lhedward (Discord ID 1464026792712081472): Failed to refresh Salesforce-based roles: Discord user 1464026792712081472 is not a member of the guild
Ignoring exception in on_member_update
Traceback (most recent call last):
  File "/usr/local/lib/python3.12/site-packages/discord/client.py", line 465, in _run_event
    await coro(*args, **kwargs)
  File "/app/asu_discord/cogs/analytics.py", line 652, in on_member_update
    before_timeout = before.timed_out_until
                     ^^^^^^^^^^^^^^^^^^^^^^
AttributeError: 'Member' object has no attribute 'timed_out_until'
Ignoring exception in on_member_update
Traceback (most recent call last):
  File "/usr/local/lib/python3.12/site-packages/discord/client.py", line 465, in _run_event
    await coro(*args, **kwargs)
  File "/app/asu_discord/cogs/analytics.py", line 652, in on_member_update
    before_timeout = before.timed_out_until
                     ^^^^^^^^^^^^^^^^^^^^^^
AttributeError: 'Member' object has no attribute 'timed_out_until'
Ignoring exception in on_member_update
Traceback (most recent call last):
  File "/usr/local/lib/python3.12/site-packages/discord/client.py", line 465, in _run_event
    await coro(*args, **kwargs)
  File "/app/asu_discord/cogs/analytics.py", line 652, in on_member_update
    before_timeout = before.timed_out_until
                     ^^^^^^^^^^^^^^^^^^^^^^
AttributeError: 'Member' object has no attribute 'timed_out_until'
Ignoring exception in on_member_update
Traceback (most recent call last):
  File "/usr/local/lib/python3.12/site-packages/discord/client.py", line 465, in _run_event
    await coro(*args, **kwargs)
  File "/app/asu_discord/cogs/analytics.py", line 652, in on_member_update
    before_timeout = before.timed_out_until
                     ^^^^^^^^^^^^^^^^^^^^^^
AttributeError: 'Member' object has no attribute 'timed_out_until'
Ignoring exception in on_member_update
Traceback (most recent call last):
  File "/usr/local/lib/python3.12/site-packages/discord/client.py", line 465, in _run_event
    await coro(*args, **kwargs)
  File "/app/asu_discord/cogs/analytics.py", line 652, in on_member_update
    before_timeout = before.timed_out_until
                     ^^^^^^^^^^^^^^^^^^^^^^
AttributeError: 'Member' object has no attribute 'timed_out_until'
Ignoring exception in on_member_update
Traceback (most recent call last):
  File "/usr/local/lib/python3.12/site-packages/discord/client.py", line 465, in _run_event
    await coro(*args, **kwargs)
  File "/app/asu_discord/cogs/analytics.py", line 652, in on_member_update
    before_timeout = before.timed_out_until
                     ^^^^^^^^^^^^^^^^^^^^^^
AttributeError: 'Member' object has no attribute 'timed_out_until'
Ignoring exception in on_member_update
Traceback (most recent call last):
  File "/usr/local/lib/python3.12/site-packages/discord/client.py", line 465, in _run_event
    await coro(*args, **kwargs)
  File "/app/asu_discord/cogs/analytics.py", line 652, in on_member_update
    before_timeout = before.timed_out_until
                     ^^^^^^^^^^^^^^^^^^^^^^
AttributeError: 'Member' object has no attribute 'timed_out_until'
Ignoring exception in on_member_update
Traceback (most recent call last):
  File "/usr/local/lib/python3.12/site-packages/discord/client.py", line 465, in _run_event
    await coro(*args, **kwargs)
  File "/app/asu_discord/cogs/analytics.py", line 652, in on_member_update
    before_timeout = before.timed_out_until
                     ^^^^^^^^^^^^^^^^^^^^^^
AttributeError: 'Member' object has no attribute 'timed_out_until'
Ignoring exception in on_member_update
Traceback (most recent call last):
  File "/usr/local/lib/python3.12/site-packages/discord/client.py", line 465, in _run_event
    await coro(*args, **kwargs)
  File "/app/asu_discord/cogs/analytics.py", line 652, in on_member_update
    before_timeout = before.timed_out_until
                     ^^^^^^^^^^^^^^^^^^^^^^
AttributeError: 'Member' object has no attribute 'timed_out_until'
Ignoring exception in on_member_update
Traceback (most recent call last):
  File "/usr/local/lib/python3.12/site-packages/discord/client.py", line 465, in _run_event
    await coro(*args, **kwargs)
  File "/app/asu_discord/cogs/analytics.py", line 652, in on_member_update
    before_timeout = before.timed_out_until
                     ^^^^^^^^^^^^^^^^^^^^^^
AttributeError: 'Member' object has no attribute 'timed_out_until'
Ignoring exception in on_member_update
Traceback (most recent call last):
  File "/usr/local/lib/python3.12/site-packages/discord/client.py", line 465, in _run_event
    await coro(*args, **kwargs)
  File "/app/asu_discord/cogs/analytics.py", line 652, in on_member_update
    before_timeout = before.timed_out_until
                     ^^^^^^^^^^^^^^^^^^^^^^
AttributeError: 'Member' object has no attribute 'timed_out_until'
Ignoring exception in on_member_update
Traceback (most recent call last):
  File "/usr/local/lib/python3.12/site-packages/discord/client.py", line 465, in _run_event
    await coro(*args, **kwargs)
  File "/app/asu_discord/cogs/analytics.py", line 652, in on_member_update
    before_timeout = before.timed_out_until
                     ^^^^^^^^^^^^^^^^^^^^^^
AttributeError: 'Member' object has no attribute 'timed_out_until'
INFO:asu_discord.cogs.verification:Saved 6 roles to database for user sspadill (Discord ID: 501236283041906698)
INFO:asu_discord.cogs.verification:Refreshed Salesforce roles for Discord user 501236283041906698: -6/+6 roles, assigned=[Commited, First Generation Student, First Year, Herberger Institute for Design and the Arts, Out of State, Tempe]
Ignoring exception in on_member_update
Traceback (most recent call last):
  File "/usr/local/lib/python3.12/site-packages/discord/client.py", line 465, in _run_event
    await coro(*args, **kwargs)
  File "/app/asu_discord/cogs/analytics.py", line 652, in on_member_update
    before_timeout = before.timed_out_until
                     ^^^^^^^^^^^^^^^^^^^^^^
AttributeError: 'Member' object has no attribute 'timed_out_until'
Ignoring exception in on_member_update
Traceback (most recent call last):
  File "/usr/local/lib/python3.12/site-packages/discord/client.py", line 465, in _run_event
    await coro(*args, **kwargs)
  File "/app/asu_discord/cogs/analytics.py", line 652, in on_member_update
    before_timeout = before.timed_out_until
                     ^^^^^^^^^^^^^^^^^^^^^^
AttributeError: 'Member' object has no attribute 'timed_out_until'
Ignoring exception in on_member_update
Traceback (most recent call last):
  File "/usr/local/lib/python3.12/site-packages/discord/client.py", line 465, in _run_event
    await coro(*args, **kwargs)
  File "/app/asu_discord/cogs/analytics.py", line 652, in on_member_update
    before_timeout = before.timed_out_until
                     ^^^^^^^^^^^^^^^^^^^^^^
AttributeError: 'Member' object has no attribute 'timed_out_until'
Ignoring exception in on_member_update
Traceback (most recent call last):
  File "/usr/local/lib/python3.12/site-packages/discord/client.py", line 465, in _run_event
    await coro(*args, **kwargs)
  File "/app/asu_discord/cogs/analytics.py", line 652, in on_member_update
    before_timeout = before.timed_out_until
                     ^^^^^^^^^^^^^^^^^^^^^^
AttributeError: 'Member' object has no attribute 'timed_out_until'
Ignoring exception in on_member_update
Traceback (most recent call last):
  File "/usr/local/lib/python3.12/site-packages/discord/client.py", line 465, in _run_event
    await coro(*args, **kwargs)
  File "/app/asu_discord/cogs/analytics.py", line 652, in on_member_update
    before_timeout = before.timed_out_until
                     ^^^^^^^^^^^^^^^^^^^^^^
AttributeError: 'Member' object has no attribute 'timed_out_until'
Ignoring exception in on_member_update
Traceback (most recent call last):
  File "/usr/local/lib/python3.12/site-packages/discord/client.py", line 465, in _run_event
    await coro(*args, **kwargs)
  File "/app/asu_discord/cogs/analytics.py", line 652, in on_member_update
    before_timeout = before.timed_out_until
                     ^^^^^^^^^^^^^^^^^^^^^^
AttributeError: 'Member' object has no attribute 'timed_out_until'
Ignoring exception in on_member_update
Traceback (most recent call last):
  File "/usr/local/lib/python3.12/site-packages/discord/client.py", line 465, in _run_event
    await coro(*args, **kwargs)
  File "/app/asu_discord/cogs/analytics.py", line 652, in on_member_update
    before_timeout = before.timed_out_until
                     ^^^^^^^^^^^^^^^^^^^^^^
AttributeError: 'Member' object has no attribute 'timed_out_until'
Ignoring exception in on_member_update
Traceback (most recent call last):
  File "/usr/local/lib/python3.12/site-packages/discord/client.py", line 465, in _run_event
    await coro(*args, **kwargs)
  File "/app/asu_discord/cogs/analytics.py", line 652, in on_member_update
    before_timeout = before.timed_out_until
                     ^^^^^^^^^^^^^^^^^^^^^^
AttributeError: 'Member' object has no attribute 'timed_out_until'
INFO:asu_discord.cogs.verification:Saved 4 roles to database for user ssunagaw (Discord ID: 1464030370596126741)
INFO:asu_discord.cogs.verification:Refreshed Salesforce roles for Discord user 1464030370596126741: -4/+4 roles, assigned=[College of Global Futures, Commited, First Year, Tempe]
Ignoring exception in on_member_update
Traceback (most recent call last):
  File "/usr/local/lib/python3.12/site-packages/discord/client.py", line 465, in _run_event
    await coro(*args, **kwargs)
  File "/app/asu_discord/cogs/analytics.py", line 652, in on_member_update
    before_timeout = before.timed_out_until
                     ^^^^^^^^^^^^^^^^^^^^^^
AttributeError: 'Member' object has no attribute 'timed_out_until'
Ignoring exception in on_member_update
Traceback (most recent call last):
  File "/usr/local/lib/python3.12/site-packages/discord/client.py", line 465, in _run_event
    await coro(*args, **kwargs)
  File "/app/asu_discord/cogs/analytics.py", line 652, in on_member_update
    before_timeout = before.timed_out_until
                     ^^^^^^^^^^^^^^^^^^^^^^
AttributeError: 'Member' object has no attribute 'timed_out_until'
Ignoring exception in on_member_update
Traceback (most recent call last):
  File "/usr/local/lib/python3.12/site-packages/discord/client.py", line 465, in _run_event
    await coro(*args, **kwargs)
  File "/app/asu_discord/cogs/analytics.py", line 652, in on_member_update
    before_timeout = before.timed_out_until
                     ^^^^^^^^^^^^^^^^^^^^^^
AttributeError: 'Member' object has no attribute 'timed_out_until'
Ignoring exception in on_member_update
Traceback (most recent call last):
  File "/usr/local/lib/python3.12/site-packages/discord/client.py", line 465, in _run_event
    await coro(*args, **kwargs)
  File "/app/asu_discord/cogs/analytics.py", line 652, in on_member_update
    before_timeout = before.timed_out_until
                     ^^^^^^^^^^^^^^^^^^^^^^
AttributeError: 'Member' object has no attribute 'timed_out_until'
Ignoring exception in on_member_update
Traceback (most recent call last):
  File "/usr/local/lib/python3.12/site-packages/discord/client.py", line 465, in _run_event
    await coro(*args, **kwargs)
  File "/app/asu_discord/cogs/analytics.py", line 652, in on_member_update
    before_timeout = before.timed_out_until
                     ^^^^^^^^^^^^^^^^^^^^^^
AttributeError: 'Member' object has no attribute 'timed_out_until'
Ignoring exception in on_member_update
Traceback (most recent call last):
  File "/usr/local/lib/python3.12/site-packages/discord/client.py", line 465, in _run_event
    await coro(*args, **kwargs)
  File "/app/asu_discord/cogs/analytics.py", line 652, in on_member_update
    before_timeout = before.timed_out_until
                     ^^^^^^^^^^^^^^^^^^^^^^
AttributeError: 'Member' object has no attribute 'timed_out_until'
Ignoring exception in on_member_update
Traceback (most recent call last):
  File "/usr/local/lib/python3.12/site-packages/discord/client.py", line 465, in _run_event
    await coro(*args, **kwargs)
  File "/app/asu_discord/cogs/analytics.py", line 652, in on_member_update
    before_timeout = before.timed_out_until
                     ^^^^^^^^^^^^^^^^^^^^^^
AttributeError: 'Member' object has no attribute 'timed_out_until'
Ignoring exception in on_member_update
Traceback (most recent call last):
  File "/usr/local/lib/python3.12/site-packages/discord/client.py", line 465, in _run_event
    await coro(*args, **kwargs)
  File "/app/asu_discord/cogs/analytics.py", line 652, in on_member_update
    before_timeout = before.timed_out_until
                     ^^^^^^^^^^^^^^^^^^^^^^
AttributeError: 'Member' object has no attribute 'timed_out_until'
Ignoring exception in on_member_update
Traceback (most recent call last):
  File "/usr/local/lib/python3.12/site-packages/discord/client.py", line 465, in _run_event
    await coro(*args, **kwargs)
  File "/app/asu_discord/cogs/analytics.py", line 652, in on_member_update
    before_timeout = before.timed_out_until
                     ^^^^^^^^^^^^^^^^^^^^^^
AttributeError: 'Member' object has no attribute 'timed_out_until'
Ignoring exception in on_member_update
Traceback (most recent call last):
  File "/usr/local/lib/python3.12/site-packages/discord/client.py", line 465, in _run_event
    await coro(*args, **kwargs)
  File "/app/asu_discord/cogs/analytics.py", line 652, in on_member_update
    before_timeout = before.timed_out_until
                     ^^^^^^^^^^^^^^^^^^^^^^
AttributeError: 'Member' object has no attribute 'timed_out_until'
INFO:asu_discord.cogs.verification:Saved 5 roles to database for user crmackay (Discord ID: 745031703516414104)
INFO:asu_discord.cogs.verification:Refreshed Salesforce roles for Discord user 745031703516414104: -5/+5 roles, assigned=[Arizona Resident, Commited, First Year, Tempe, W.P. Carey School of Business]
ERROR:cron.jobs:refresh_salesforce_roles: failed for arivasto (Discord ID 1427035445769932810): Failed to refresh Salesforce-based roles: Discord user 1427035445769932810 is not a member of the guild
Ignoring exception in on_member_update
Traceback (most recent call last):
  File "/usr/local/lib/python3.12/site-packages/discord/client.py", line 465, in _run_event
    await coro(*args, **kwargs)
  File "/app/asu_discord/cogs/analytics.py", line 652, in on_member_update
    before_timeout = before.timed_out_until
                     ^^^^^^^^^^^^^^^^^^^^^^
AttributeError: 'Member' object has no attribute 'timed_out_until'
Ignoring exception in on_member_update
Traceback (most recent call last):
  File "/usr/local/lib/python3.12/site-packages/discord/client.py", line 465, in _run_event
    await coro(*args, **kwargs)
  File "/app/asu_discord/cogs/analytics.py", line 652, in on_member_update
    before_timeout = before.timed_out_until
                     ^^^^^^^^^^^^^^^^^^^^^^
AttributeError: 'Member' object has no attribute 'timed_out_until'
Ignoring exception in on_member_update
Traceback (most recent call last):
  File "/usr/local/lib/python3.12/site-packages/discord/client.py", line 465, in _run_event
    await coro(*args, **kwargs)
  File "/app/asu_discord/cogs/analytics.py", line 652, in on_member_update
    before_timeout = before.timed_out_until
                     ^^^^^^^^^^^^^^^^^^^^^^
AttributeError: 'Member' object has no attribute 'timed_out_until'
Ignoring exception in on_member_update
Traceback (most recent call last):
  File "/usr/local/lib/python3.12/site-packages/discord/client.py", line 465, in _run_event
    await coro(*args, **kwargs)
  File "/app/asu_discord/cogs/analytics.py", line 652, in on_member_update
    before_timeout = before.timed_out_until
                     ^^^^^^^^^^^^^^^^^^^^^^
AttributeError: 'Member' object has no attribute 'timed_out_until'
Ignoring exception in on_member_update
Traceback (most recent call last):
  File "/usr/local/lib/python3.12/site-packages/discord/client.py", line 465, in _run_event
    await coro(*args, **kwargs)
  File "/app/asu_discord/cogs/analytics.py", line 652, in on_member_update
    before_timeout = before.timed_out_until
                     ^^^^^^^^^^^^^^^^^^^^^^
AttributeError: 'Member' object has no attribute 'timed_out_until'
Ignoring exception in on_member_update
Traceback (most recent call last):
  File "/usr/local/lib/python3.12/site-packages/discord/client.py", line 465, in _run_event
    await coro(*args, **kwargs)
  File "/app/asu_discord/cogs/analytics.py", line 652, in on_member_update
    before_timeout = before.timed_out_until
                     ^^^^^^^^^^^^^^^^^^^^^^
AttributeError: 'Member' object has no attribute 'timed_out_until'
Ignoring exception in on_member_update
Traceback (most recent call last):
  File "/usr/local/lib/python3.12/site-packages/discord/client.py", line 465, in _run_event
    await coro(*args, **kwargs)
  File "/app/asu_discord/cogs/analytics.py", line 652, in on_member_update
    before_timeout = before.timed_out_until
                     ^^^^^^^^^^^^^^^^^^^^^^
AttributeError: 'Member' object has no attribute 'timed_out_until'
Ignoring exception in on_member_update
Traceback (most recent call last):
  File "/usr/local/lib/python3.12/site-packages/discord/client.py", line 465, in _run_event
    await coro(*args, **kwargs)
  File "/app/asu_discord/cogs/analytics.py", line 652, in on_member_update
    before_timeout = before.timed_out_until
                     ^^^^^^^^^^^^^^^^^^^^^^
AttributeError: 'Member' object has no attribute 'timed_out_until'
INFO:asu_discord.cogs.verification:Saved 4 roles to database for user jtobin12 (Discord ID: 747975870572134410)
INFO:asu_discord.cogs.verification:Refreshed Salesforce roles for Discord user 747975870572134410: -4/+4 roles, assigned=[Arizona Resident, College of Liberal Arts and Sciences, First Year, Tempe]
Ignoring exception in on_member_update
Traceback (most recent call last):
  File "/usr/local/lib/python3.12/site-packages/discord/client.py", line 465, in _run_event
    await coro(*args, **kwargs)
  File "/app/asu_discord/cogs/analytics.py", line 652, in on_member_update
    before_timeout = before.timed_out_until
                     ^^^^^^^^^^^^^^^^^^^^^^
AttributeError: 'Member' object has no attribute 'timed_out_until'
Ignoring exception in on_member_update
Traceback (most recent call last):
  File "/usr/local/lib/python3.12/site-packages/discord/client.py", line 465, in _run_event
    await coro(*args, **kwargs)
  File "/app/asu_discord/cogs/analytics.py", line 652, in on_member_update
    before_timeout = before.timed_out_until
                     ^^^^^^^^^^^^^^^^^^^^^^
AttributeError: 'Member' object has no attribute 'timed_out_until'
Ignoring exception in on_member_update
Traceback (most recent call last):
  File "/usr/local/lib/python3.12/site-packages/discord/client.py", line 465, in _run_event
    await coro(*args, **kwargs)
  File "/app/asu_discord/cogs/analytics.py", line 652, in on_member_update
    before_timeout = before.timed_out_until
                     ^^^^^^^^^^^^^^^^^^^^^^
AttributeError: 'Member' object has no attribute 'timed_out_until'
Ignoring exception in on_member_update
Traceback (most recent call last):
  File "/usr/local/lib/python3.12/site-packages/discord/client.py", line 465, in _run_event
    await coro(*args, **kwargs)
  File "/app/asu_discord/cogs/analytics.py", line 652, in on_member_update
    before_timeout = before.timed_out_until
                     ^^^^^^^^^^^^^^^^^^^^^^
AttributeError: 'Member' object has no attribute 'timed_out_until'
Ignoring exception in on_member_update
Traceback (most recent call last):
  File "/usr/local/lib/python3.12/site-packages/discord/client.py", line 465, in _run_event
    await coro(*args, **kwargs)
  File "/app/asu_discord/cogs/analytics.py", line 652, in on_member_update
    before_timeout = before.timed_out_until
                     ^^^^^^^^^^^^^^^^^^^^^^
AttributeError: 'Member' object has no attribute 'timed_out_until'
Ignoring exception in on_member_update
Traceback (most recent call last):
  File "/usr/local/lib/python3.12/site-packages/discord/client.py", line 465, in _run_event
    await coro(*args, **kwargs)
  File "/app/asu_discord/cogs/analytics.py", line 652, in on_member_update
    before_timeout = before.timed_out_until
                     ^^^^^^^^^^^^^^^^^^^^^^
AttributeError: 'Member' object has no attribute 'timed_out_until'
Ignoring exception in on_member_update
Traceback (most recent call last):
  File "/usr/local/lib/python3.12/site-packages/discord/client.py", line 465, in _run_event
    await coro(*args, **kwargs)
  File "/app/asu_discord/cogs/analytics.py", line 652, in on_member_update
    before_timeout = before.timed_out_until
                     ^^^^^^^^^^^^^^^^^^^^^^
AttributeError: 'Member' object has no attribute 'timed_out_until'
Ignoring exception in on_member_update
Traceback (most recent call last):
  File "/usr/local/lib/python3.12/site-packages/discord/client.py", line 465, in _run_event
    await coro(*args, **kwargs)
  File "/app/asu_discord/cogs/analytics.py", line 652, in on_member_update
    before_timeout = before.timed_out_until
                     ^^^^^^^^^^^^^^^^^^^^^^
AttributeError: 'Member' object has no attribute 'timed_out_until'
Ignoring exception in on_member_update
Traceback (most recent call last):
  File "/usr/local/lib/python3.12/site-packages/discord/client.py", line 465, in _run_event
    await coro(*args, **kwargs)
  File "/app/asu_discord/cogs/analytics.py", line 652, in on_member_update
    before_timeout = before.timed_out_until
                     ^^^^^^^^^^^^^^^^^^^^^^
AttributeError: 'Member' object has no attribute 'timed_out_until'
Ignoring exception in on_member_update
Traceback (most recent call last):
  File "/usr/local/lib/python3.12/site-packages/discord/client.py", line 465, in _run_event
    await coro(*args, **kwargs)
  File "/app/asu_discord/cogs/analytics.py", line 652, in on_member_update
    before_timeout = before.timed_out_until
                     ^^^^^^^^^^^^^^^^^^^^^^
AttributeError: 'Member' object has no attribute 'timed_out_until'
INFO:asu_discord.cogs.verification:Saved 5 roles to database for user jdscot23 (Discord ID: 722974676770357249)
INFO:asu_discord.cogs.verification:Refreshed Salesforce roles for Discord user 722974676770357249: -5/+5 roles, assigned=[Arizona Resident, Commited, Downtown Phoenix, First Year, Walter Cronkite School of Journalism and Mass Communication]
Ignoring exception in on_member_update
Traceback (most recent call last):
  File "/usr/local/lib/python3.12/site-packages/discord/client.py", line 465, in _run_event
    await coro(*args, **kwargs)
  File "/app/asu_discord/cogs/analytics.py", line 652, in on_member_update
    before_timeout = before.timed_out_until
                     ^^^^^^^^^^^^^^^^^^^^^^
AttributeError: 'Member' object has no attribute 'timed_out_until'
Ignoring exception in on_member_update
Traceback (most recent call last):
  File "/usr/local/lib/python3.12/site-packages/discord/client.py", line 465, in _run_event
    await coro(*args, **kwargs)
  File "/app/asu_discord/cogs/analytics.py", line 652, in on_member_update
    before_timeout = before.timed_out_until
                     ^^^^^^^^^^^^^^^^^^^^^^
AttributeError: 'Member' object has no attribute 'timed_out_until'
Ignoring exception in on_member_update
Traceback (most recent call last):
  File "/usr/local/lib/python3.12/site-packages/discord/client.py", line 465, in _run_event
    await coro(*args, **kwargs)
  File "/app/asu_discord/cogs/analytics.py", line 652, in on_member_update
    before_timeout = before.timed_out_until
                     ^^^^^^^^^^^^^^^^^^^^^^
AttributeError: 'Member' object has no attribute 'timed_out_until'
Ignoring exception in on_member_update
Traceback (most recent call last):
  File "/usr/local/lib/python3.12/site-packages/discord/client.py", line 465, in _run_event
    await coro(*args, **kwargs)
  File "/app/asu_discord/cogs/analytics.py", line 652, in on_member_update
    before_timeout = before.timed_out_until
                     ^^^^^^^^^^^^^^^^^^^^^^
AttributeError: 'Member' object has no attribute 'timed_out_until'
Ignoring exception in on_member_update
Traceback (most recent call last):
  File "/usr/local/lib/python3.12/site-packages/discord/client.py", line 465, in _run_event
    await coro(*args, **kwargs)
  File "/app/asu_discord/cogs/analytics.py", line 652, in on_member_update
    before_timeout = before.timed_out_until
                     ^^^^^^^^^^^^^^^^^^^^^^
AttributeError: 'Member' object has no attribute 'timed_out_until'
Ignoring exception in on_member_update
Traceback (most recent call last):
  File "/usr/local/lib/python3.12/site-packages/discord/client.py", line 465, in _run_event
    await coro(*args, **kwargs)
  File "/app/asu_discord/cogs/analytics.py", line 652, in on_member_update
    before_timeout = before.timed_out_until
                     ^^^^^^^^^^^^^^^^^^^^^^
AttributeError: 'Member' object has no attribute 'timed_out_until'
Ignoring exception in on_member_update
Traceback (most recent call last):
  File "/usr/local/lib/python3.12/site-packages/discord/client.py", line 465, in _run_event
    await coro(*args, **kwargs)
  File "/app/asu_discord/cogs/analytics.py", line 652, in on_member_update
    before_timeout = before.timed_out_until
                     ^^^^^^^^^^^^^^^^^^^^^^
AttributeError: 'Member' object has no attribute 'timed_out_until'
Ignoring exception in on_member_update
Traceback (most recent call last):
  File "/usr/local/lib/python3.12/site-packages/discord/client.py", line 465, in _run_event
    await coro(*args, **kwargs)
  File "/app/asu_discord/cogs/analytics.py", line 652, in on_member_update
    before_timeout = before.timed_out_until
                     ^^^^^^^^^^^^^^^^^^^^^^
AttributeError: 'Member' object has no attribute 'timed_out_until'
Ignoring exception in on_member_update
Traceback (most recent call last):
  File "/usr/local/lib/python3.12/site-packages/discord/client.py", line 465, in _run_event
    await coro(*args, **kwargs)
  File "/app/asu_discord/cogs/analytics.py", line 652, in on_member_update
    before_timeout = before.timed_out_until
                     ^^^^^^^^^^^^^^^^^^^^^^
AttributeError: 'Member' object has no attribute 'timed_out_until'
Ignoring exception in on_member_update
Traceback (most recent call last):
  File "/usr/local/lib/python3.12/site-packages/discord/client.py", line 465, in _run_event
    await coro(*args, **kwargs)
  File "/app/asu_discord/cogs/analytics.py", line 652, in on_member_update
    before_timeout = before.timed_out_until
                     ^^^^^^^^^^^^^^^^^^^^^^
AttributeError: 'Member' object has no attribute 'timed_out_until'
INFO:asu_discord.cogs.verification:Saved 5 roles to database for user mchanyus (Discord ID: 703269590737748048)
INFO:asu_discord.cogs.verification:Refreshed Salesforce roles for Discord user 703269590737748048: -5/+5 roles, assigned=[Commited, First Year, International Student, Ira A. Fulton Schools of Engineering, Tempe]
ERROR:cron.jobs:refresh_salesforce_roles: failed for sdherma1 (Discord ID 795085424380346418): Failed to refresh Salesforce-based roles: Discord user 795085424380346418 is not a member of the guild
Ignoring exception in on_member_update
Traceback (most recent call last):
  File "/usr/local/lib/python3.12/site-packages/discord/client.py", line 465, in _run_event
    await coro(*args, **kwargs)
  File "/app/asu_discord/cogs/analytics.py", line 652, in on_member_update
    before_timeout = before.timed_out_until
                     ^^^^^^^^^^^^^^^^^^^^^^
AttributeError: 'Member' object has no attribute 'timed_out_until'
Ignoring exception in on_member_update
Traceback (most recent call last):
  File "/usr/local/lib/python3.12/site-packages/discord/client.py", line 465, in _run_event
    await coro(*args, **kwargs)
  File "/app/asu_discord/cogs/analytics.py", line 652, in on_member_update
    before_timeout = before.timed_out_until
                     ^^^^^^^^^^^^^^^^^^^^^^
AttributeError: 'Member' object has no attribute 'timed_out_until'
Ignoring exception in on_member_update
Traceback (most recent call last):
  File "/usr/local/lib/python3.12/site-packages/discord/client.py", line 465, in _run_event
    await coro(*args, **kwargs)
  File "/app/asu_discord/cogs/analytics.py", line 652, in on_member_update
    before_timeout = before.timed_out_until
                     ^^^^^^^^^^^^^^^^^^^^^^
AttributeError: 'Member' object has no attribute 'timed_out_until'
Ignoring exception in on_member_update
Traceback (most recent call last):
  File "/usr/local/lib/python3.12/site-packages/discord/client.py", line 465, in _run_event
    await coro(*args, **kwargs)
  File "/app/asu_discord/cogs/analytics.py", line 652, in on_member_update
    before_timeout = before.timed_out_until
                     ^^^^^^^^^^^^^^^^^^^^^^
AttributeError: 'Member' object has no attribute 'timed_out_until'
Ignoring exception in on_member_update
Traceback (most recent call last):
  File "/usr/local/lib/python3.12/site-packages/discord/client.py", line 465, in _run_event
    await coro(*args, **kwargs)
  File "/app/asu_discord/cogs/analytics.py", line 652, in on_member_update
    before_timeout = before.timed_out_until
                     ^^^^^^^^^^^^^^^^^^^^^^
AttributeError: 'Member' object has no attribute 'timed_out_until'
Ignoring exception in on_member_update
Traceback (most recent call last):
  File "/usr/local/lib/python3.12/site-packages/discord/client.py", line 465, in _run_event
    await coro(*args, **kwargs)
  File "/app/asu_discord/cogs/analytics.py", line 652, in on_member_update
    before_timeout = before.timed_out_until
                     ^^^^^^^^^^^^^^^^^^^^^^
AttributeError: 'Member' object has no attribute 'timed_out_until'
Ignoring exception in on_member_update
Traceback (most recent call last):
  File "/usr/local/lib/python3.12/site-packages/discord/client.py", line 465, in _run_event
    await coro(*args, **kwargs)
  File "/app/asu_discord/cogs/analytics.py", line 652, in on_member_update
    before_timeout = before.timed_out_until
                     ^^^^^^^^^^^^^^^^^^^^^^
AttributeError: 'Member' object has no attribute 'timed_out_until'
Ignoring exception in on_member_update
Traceback (most recent call last):
  File "/usr/local/lib/python3.12/site-packages/discord/client.py", line 465, in _run_event
    await coro(*args, **kwargs)
  File "/app/asu_discord/cogs/analytics.py", line 652, in on_member_update
    before_timeout = before.timed_out_until
                     ^^^^^^^^^^^^^^^^^^^^^^
AttributeError: 'Member' object has no attribute 'timed_out_until'
Ignoring exception in on_member_update
Traceback (most recent call last):
  File "/usr/local/lib/python3.12/site-packages/discord/client.py", line 465, in _run_event
    await coro(*args, **kwargs)
  File "/app/asu_discord/cogs/analytics.py", line 652, in on_member_update
    before_timeout = before.timed_out_until
                     ^^^^^^^^^^^^^^^^^^^^^^
AttributeError: 'Member' object has no attribute 'timed_out_until'
Ignoring exception in on_member_update
Traceback (most recent call last):
  File "/usr/local/lib/python3.12/site-packages/discord/client.py", line 465, in _run_event
    await coro(*args, **kwargs)
  File "/app/asu_discord/cogs/analytics.py", line 652, in on_member_update
    before_timeout = before.timed_out_until
                     ^^^^^^^^^^^^^^^^^^^^^^
AttributeError: 'Member' object has no attribute 'timed_out_until'
INFO:asu_discord.cogs.verification:Saved 5 roles to database for user cssmit46 (Discord ID: 1464076417858801704)
INFO:asu_discord.cogs.verification:Refreshed Salesforce roles for Discord user 1464076417858801704: -5/+5 roles, assigned=[Arizona Resident, Commited, First Year, Tempe, Watts College of Public Service and Community Solutions]
Ignoring exception in on_member_update
Traceback (most recent call last):
  File "/usr/local/lib/python3.12/site-packages/discord/client.py", line 465, in _run_event
    await coro(*args, **kwargs)
  File "/app/asu_discord/cogs/analytics.py", line 652, in on_member_update
    before_timeout = before.timed_out_until
                     ^^^^^^^^^^^^^^^^^^^^^^
AttributeError: 'Member' object has no attribute 'timed_out_until'
Ignoring exception in on_member_update
Traceback (most recent call last):
  File "/usr/local/lib/python3.12/site-packages/discord/client.py", line 465, in _run_event
    await coro(*args, **kwargs)
  File "/app/asu_discord/cogs/analytics.py", line 652, in on_member_update
    before_timeout = before.timed_out_until
                     ^^^^^^^^^^^^^^^^^^^^^^
AttributeError: 'Member' object has no attribute 'timed_out_until'
INFO:asu_discord.cogs.verification:Saved 1 roles to database for user ersmit53 (Discord ID: 798413684157317142)
INFO:asu_discord.cogs.verification:Refreshed Salesforce roles for Discord user 798413684157317142: -1/+1 roles, assigned=[Arizona Resident]
ERROR:cron.jobs:refresh_salesforce_roles: failed for egoreli1 (Discord ID 1257456145552117821): Failed to refresh Salesforce-based roles: Discord user 1257456145552117821 is not a member of the guild
Ignoring exception in on_member_update
Traceback (most recent call last):
  File "/usr/local/lib/python3.12/site-packages/discord/client.py", line 465, in _run_event
    await coro(*args, **kwargs)
  File "/app/asu_discord/cogs/analytics.py", line 652, in on_member_update
    before_timeout = before.timed_out_until
                     ^^^^^^^^^^^^^^^^^^^^^^
AttributeError: 'Member' object has no attribute 'timed_out_until'
Ignoring exception in on_member_update
Traceback (most recent call last):
  File "/usr/local/lib/python3.12/site-packages/discord/client.py", line 465, in _run_event
    await coro(*args, **kwargs)
  File "/app/asu_discord/cogs/analytics.py", line 652, in on_member_update
    before_timeout = before.timed_out_until
                     ^^^^^^^^^^^^^^^^^^^^^^
AttributeError: 'Member' object has no attribute 'timed_out_until'
Ignoring exception in on_member_update
Traceback (most recent call last):
  File "/usr/local/lib/python3.12/site-packages/discord/client.py", line 465, in _run_event
    await coro(*args, **kwargs)
  File "/app/asu_discord/cogs/analytics.py", line 652, in on_member_update
    before_timeout = before.timed_out_until
                     ^^^^^^^^^^^^^^^^^^^^^^
AttributeError: 'Member' object has no attribute 'timed_out_until'
Ignoring exception in on_member_update
Traceback (most recent call last):
  File "/usr/local/lib/python3.12/site-packages/discord/client.py", line 465, in _run_event
    await coro(*args, **kwargs)
  File "/app/asu_discord/cogs/analytics.py", line 652, in on_member_update
    before_timeout = before.timed_out_until
                     ^^^^^^^^^^^^^^^^^^^^^^
AttributeError: 'Member' object has no attribute 'timed_out_until'
Ignoring exception in on_member_update
Traceback (most recent call last):
  File "/usr/local/lib/python3.12/site-packages/discord/client.py", line 465, in _run_event
    await coro(*args, **kwargs)
  File "/app/asu_discord/cogs/analytics.py", line 652, in on_member_update
    before_timeout = before.timed_out_until
                     ^^^^^^^^^^^^^^^^^^^^^^
AttributeError: 'Member' object has no attribute 'timed_out_until'
Ignoring exception in on_member_update
Traceback (most recent call last):
  File "/usr/local/lib/python3.12/site-packages/discord/client.py", line 465, in _run_event
    await coro(*args, **kwargs)
  File "/app/asu_discord/cogs/analytics.py", line 652, in on_member_update
    before_timeout = before.timed_out_until
                     ^^^^^^^^^^^^^^^^^^^^^^
AttributeError: 'Member' object has no attribute 'timed_out_until'
Ignoring exception in on_member_update
Traceback (most recent call last):
  File "/usr/local/lib/python3.12/site-packages/discord/client.py", line 465, in _run_event
    await coro(*args, **kwargs)
  File "/app/asu_discord/cogs/analytics.py", line 652, in on_member_update
    before_timeout = before.timed_out_until
                     ^^^^^^^^^^^^^^^^^^^^^^
AttributeError: 'Member' object has no attribute 'timed_out_until'
Ignoring exception in on_member_update
Traceback (most recent call last):
  File "/usr/local/lib/python3.12/site-packages/discord/client.py", line 465, in _run_event
    await coro(*args, **kwargs)
  File "/app/asu_discord/cogs/analytics.py", line 652, in on_member_update
    before_timeout = before.timed_out_until
                     ^^^^^^^^^^^^^^^^^^^^^^
AttributeError: 'Member' object has no attribute 'timed_out_until'
Ignoring exception in on_member_update
Traceback (most recent call last):
  File "/usr/local/lib/python3.12/site-packages/discord/client.py", line 465, in _run_event
    await coro(*args, **kwargs)
  File "/app/asu_discord/cogs/analytics.py", line 652, in on_member_update
    before_timeout = before.timed_out_until
                     ^^^^^^^^^^^^^^^^^^^^^^
AttributeError: 'Member' object has no attribute 'timed_out_until'
Ignoring exception in on_member_update
Traceback (most recent call last):
  File "/usr/local/lib/python3.12/site-packages/discord/client.py", line 465, in _run_event
    await coro(*args, **kwargs)
  File "/app/asu_discord/cogs/analytics.py", line 652, in on_member_update
    before_timeout = before.timed_out_until
                     ^^^^^^^^^^^^^^^^^^^^^^
AttributeError: 'Member' object has no attribute 'timed_out_until'
INFO:asu_discord.cogs.verification:Saved 5 roles to database for user esalido (Discord ID: 529846960157360129)
INFO:asu_discord.cogs.verification:Refreshed Salesforce roles for Discord user 529846960157360129: -5/+5 roles, assigned=[Arizona Resident, First Generation Student, First Year, Tempe, W.P. Carey School of Business]
Ignoring exception in on_member_update
Traceback (most recent call last):
  File "/usr/local/lib/python3.12/site-packages/discord/client.py", line 465, in _run_event
    await coro(*args, **kwargs)
  File "/app/asu_discord/cogs/analytics.py", line 652, in on_member_update
    before_timeout = before.timed_out_until
                     ^^^^^^^^^^^^^^^^^^^^^^
AttributeError: 'Member' object has no attribute 'timed_out_until'
Ignoring exception in on_member_update
Traceback (most recent call last):
  File "/usr/local/lib/python3.12/site-packages/discord/client.py", line 465, in _run_event
    await coro(*args, **kwargs)
  File "/app/asu_discord/cogs/analytics.py", line 652, in on_member_update
    before_timeout = before.timed_out_until
                     ^^^^^^^^^^^^^^^^^^^^^^
AttributeError: 'Member' object has no attribute 'timed_out_until'
Ignoring exception in on_member_update
Traceback (most recent call last):
  File "/usr/local/lib/python3.12/site-packages/discord/client.py", line 465, in _run_event
    await coro(*args, **kwargs)
  File "/app/asu_discord/cogs/analytics.py", line 652, in on_member_update
    before_timeout = before.timed_out_until
                     ^^^^^^^^^^^^^^^^^^^^^^
AttributeError: 'Member' object has no attribute 'timed_out_until'
Ignoring exception in on_member_update
Traceback (most recent call last):
  File "/usr/local/lib/python3.12/site-packages/discord/client.py", line 465, in _run_event
    await coro(*args, **kwargs)
  File "/app/asu_discord/cogs/analytics.py", line 652, in on_member_update
    before_timeout = before.timed_out_until
                     ^^^^^^^^^^^^^^^^^^^^^^
AttributeError: 'Member' object has no attribute 'timed_out_until'
Ignoring exception in on_member_update
Traceback (most recent call last):
  File "/usr/local/lib/python3.12/site-packages/discord/client.py", line 465, in _run_event
    await coro(*args, **kwargs)
  File "/app/asu_discord/cogs/analytics.py", line 652, in on_member_update
    before_timeout = before.timed_out_until
                     ^^^^^^^^^^^^^^^^^^^^^^
AttributeError: 'Member' object has no attribute 'timed_out_until'
Ignoring exception in on_member_update
Traceback (most recent call last):
  File "/usr/local/lib/python3.12/site-packages/discord/client.py", line 465, in _run_event
    await coro(*args, **kwargs)
  File "/app/asu_discord/cogs/analytics.py", line 652, in on_member_update
    before_timeout = before.timed_out_until
                     ^^^^^^^^^^^^^^^^^^^^^^
AttributeError: 'Member' object has no attribute 'timed_out_until'
Ignoring exception in on_member_update
Traceback (most recent call last):
  File "/usr/local/lib/python3.12/site-packages/discord/client.py", line 465, in _run_event
    await coro(*args, **kwargs)
  File "/app/asu_discord/cogs/analytics.py", line 652, in on_member_update
    before_timeout = before.timed_out_until
                     ^^^^^^^^^^^^^^^^^^^^^^
AttributeError: 'Member' object has no attribute 'timed_out_until'
Ignoring exception in on_member_update
Traceback (most recent call last):
  File "/usr/local/lib/python3.12/site-packages/discord/client.py", line 465, in _run_event
    await coro(*args, **kwargs)
  File "/app/asu_discord/cogs/analytics.py", line 652, in on_member_update
    before_timeout = before.timed_out_until
                     ^^^^^^^^^^^^^^^^^^^^^^
AttributeError: 'Member' object has no attribute 'timed_out_until'
Ignoring exception in on_member_update
Traceback (most recent call last):
  File "/usr/local/lib/python3.12/site-packages/discord/client.py", line 465, in _run_event
    await coro(*args, **kwargs)
  File "/app/asu_discord/cogs/analytics.py", line 652, in on_member_update
    before_timeout = before.timed_out_until
                     ^^^^^^^^^^^^^^^^^^^^^^
AttributeError: 'Member' object has no attribute 'timed_out_until'
Ignoring exception in on_member_update
Traceback (most recent call last):
  File "/usr/local/lib/python3.12/site-packages/discord/client.py", line 465, in _run_event
    await coro(*args, **kwargs)
  File "/app/asu_discord/cogs/analytics.py", line 652, in on_member_update
    before_timeout = before.timed_out_until
                     ^^^^^^^^^^^^^^^^^^^^^^
AttributeError: 'Member' object has no attribute 'timed_out_until'
INFO:asu_discord.cogs.verification:Saved 5 roles to database for user ajvill28 (Discord ID: 701962715777859623)
INFO:asu_discord.cogs.verification:Refreshed Salesforce roles for Discord user 701962715777859623: -5/+5 roles, assigned=[Arizona Resident, First Generation Student, First Year, Herberger Institute for Design and the Arts, Tempe]
Ignoring exception in on_member_update
Traceback (most recent call last):
  File "/usr/local/lib/python3.12/site-packages/discord/client.py", line 465, in _run_event
    await coro(*args, **kwargs)
  File "/app/asu_discord/cogs/analytics.py", line 652, in on_member_update
    before_timeout = before.timed_out_until
                     ^^^^^^^^^^^^^^^^^^^^^^
AttributeError: 'Member' object has no attribute 'timed_out_until'
Ignoring exception in on_member_update
Traceback (most recent call last):
  File "/usr/local/lib/python3.12/site-packages/discord/client.py", line 465, in _run_event
    await coro(*args, **kwargs)
  File "/app/asu_discord/cogs/analytics.py", line 652, in on_member_update
    before_timeout = before.timed_out_until
                     ^^^^^^^^^^^^^^^^^^^^^^
AttributeError: 'Member' object has no attribute 'timed_out_until'
Ignoring exception in on_member_update
Traceback (most recent call last):
  File "/usr/local/lib/python3.12/site-packages/discord/client.py", line 465, in _run_event
    await coro(*args, **kwargs)
  File "/app/asu_discord/cogs/analytics.py", line 652, in on_member_update
    before_timeout = before.timed_out_until
                     ^^^^^^^^^^^^^^^^^^^^^^
AttributeError: 'Member' object has no attribute 'timed_out_until'
Ignoring exception in on_member_update
Traceback (most recent call last):
  File "/usr/local/lib/python3.12/site-packages/discord/client.py", line 465, in _run_event
    await coro(*args, **kwargs)
  File "/app/asu_discord/cogs/analytics.py", line 652, in on_member_update
    before_timeout = before.timed_out_until
                     ^^^^^^^^^^^^^^^^^^^^^^
AttributeError: 'Member' object has no attribute 'timed_out_until'
Ignoring exception in on_member_update
Traceback (most recent call last):
  File "/usr/local/lib/python3.12/site-packages/discord/client.py", line 465, in _run_event
    await coro(*args, **kwargs)
  File "/app/asu_discord/cogs/analytics.py", line 652, in on_member_update
    before_timeout = before.timed_out_until
                     ^^^^^^^^^^^^^^^^^^^^^^
AttributeError: 'Member' object has no attribute 'timed_out_until'
Ignoring exception in on_member_update
Traceback (most recent call last):
  File "/usr/local/lib/python3.12/site-packages/discord/client.py", line 465, in _run_event
    await coro(*args, **kwargs)
  File "/app/asu_discord/cogs/analytics.py", line 652, in on_member_update
    before_timeout = before.timed_out_until
                     ^^^^^^^^^^^^^^^^^^^^^^
AttributeError: 'Member' object has no attribute 'timed_out_until'
Ignoring exception in on_member_update
Traceback (most recent call last):
  File "/usr/local/lib/python3.12/site-packages/discord/client.py", line 465, in _run_event
    await coro(*args, **kwargs)
  File "/app/asu_discord/cogs/analytics.py", line 652, in on_member_update
    before_timeout = before.timed_out_until
                     ^^^^^^^^^^^^^^^^^^^^^^
AttributeError: 'Member' object has no attribute 'timed_out_until'
Ignoring exception in on_member_update
Traceback (most recent call last):
  File "/usr/local/lib/python3.12/site-packages/discord/client.py", line 465, in _run_event
    await coro(*args, **kwargs)
  File "/app/asu_discord/cogs/analytics.py", line 652, in on_member_update
    before_timeout = before.timed_out_until
                     ^^^^^^^^^^^^^^^^^^^^^^
AttributeError: 'Member' object has no attribute 'timed_out_until'
Ignoring exception in on_member_update
Traceback (most recent call last):
  File "/usr/local/lib/python3.12/site-packages/discord/client.py", line 465, in _run_event
    await coro(*args, **kwargs)
  File "/app/asu_discord/cogs/analytics.py", line 652, in on_member_update
    before_timeout = before.timed_out_until
                     ^^^^^^^^^^^^^^^^^^^^^^
AttributeError: 'Member' object has no attribute 'timed_out_until'
Ignoring exception in on_member_update
Traceback (most recent call last):
  File "/usr/local/lib/python3.12/site-packages/discord/client.py", line 465, in _run_event
    await coro(*args, **kwargs)
  File "/app/asu_discord/cogs/analytics.py", line 652, in on_member_update
    before_timeout = before.timed_out_until
                     ^^^^^^^^^^^^^^^^^^^^^^
AttributeError: 'Member' object has no attribute 'timed_out_until'
ERROR:cron.jobs:refresh_salesforce_roles: failed for qullah (Discord ID 1459051647732023308): Timed out refresh Salesforce-based roles
Ignoring exception in on_member_update
Traceback (most recent call last):
  File "/usr/local/lib/python3.12/site-packages/discord/client.py", line 465, in _run_event
    await coro(*args, **kwargs)
  File "/app/asu_discord/cogs/analytics.py", line 652, in on_member_update
    before_timeout = before.timed_out_until
                     ^^^^^^^^^^^^^^^^^^^^^^
AttributeError: 'Member' object has no attribute 'timed_out_until'
Ignoring exception in on_member_update
Traceback (most recent call last):
  File "/usr/local/lib/python3.12/site-packages/discord/client.py", line 465, in _run_event
    await coro(*args, **kwargs)
  File "/app/asu_discord/cogs/analytics.py", line 652, in on_member_update
    before_timeout = before.timed_out_until
                     ^^^^^^^^^^^^^^^^^^^^^^
AttributeError: 'Member' object has no attribute 'timed_out_until'
Ignoring exception in on_member_update
Traceback (most recent call last):
  File "/usr/local/lib/python3.12/site-packages/discord/client.py", line 465, in _run_event
    await coro(*args, **kwargs)
  File "/app/asu_discord/cogs/analytics.py", line 652, in on_member_update
    before_timeout = before.timed_out_until
                     ^^^^^^^^^^^^^^^^^^^^^^
AttributeError: 'Member' object has no attribute 'timed_out_until'
Ignoring exception in on_member_update
Traceback (most recent call last):
  File "/usr/local/lib/python3.12/site-packages/discord/client.py", line 465, in _run_event
    await coro(*args, **kwargs)
  File "/app/asu_discord/cogs/analytics.py", line 652, in on_member_update
    before_timeout = before.timed_out_until
                     ^^^^^^^^^^^^^^^^^^^^^^
AttributeError: 'Member' object has no attribute 'timed_out_until'
Ignoring exception in on_member_update
Traceback (most recent call last):
  File "/usr/local/lib/python3.12/site-packages/discord/client.py", line 465, in _run_event
    await coro(*args, **kwargs)
  File "/app/asu_discord/cogs/analytics.py", line 652, in on_member_update
    before_timeout = before.timed_out_until
                     ^^^^^^^^^^^^^^^^^^^^^^
AttributeError: 'Member' object has no attribute 'timed_out_until'
Ignoring exception in on_member_update
Traceback (most recent call last):
  File "/usr/local/lib/python3.12/site-packages/discord/client.py", line 465, in _run_event
    await coro(*args, **kwargs)
  File "/app/asu_discord/cogs/analytics.py", line 652, in on_member_update
    before_timeout = before.timed_out_until
                     ^^^^^^^^^^^^^^^^^^^^^^
AttributeError: 'Member' object has no attribute 'timed_out_until'
Ignoring exception in on_member_update
Traceback (most recent call last):
  File "/usr/local/lib/python3.12/site-packages/discord/client.py", line 465, in _run_event
    await coro(*args, **kwargs)
  File "/app/asu_discord/cogs/analytics.py", line 652, in on_member_update
    before_timeout = before.timed_out_until
                     ^^^^^^^^^^^^^^^^^^^^^^
AttributeError: 'Member' object has no attribute 'timed_out_until'
Ignoring exception in on_member_update
Traceback (most recent call last):
  File "/usr/local/lib/python3.12/site-packages/discord/client.py", line 465, in _run_event
    await coro(*args, **kwargs)
  File "/app/asu_discord/cogs/analytics.py", line 652, in on_member_update
    before_timeout = before.timed_out_until
                     ^^^^^^^^^^^^^^^^^^^^^^
AttributeError: 'Member' object has no attribute 'timed_out_until'
INFO:asu_discord.cogs.verification:Saved 4 roles to database for user bminocha (Discord ID: 291129955822338048)
INFO:asu_discord.cogs.verification:Refreshed Salesforce roles for Discord user 291129955822338048: -4/+4 roles, assigned=[Graduate Student, International Student, Ira A. Fulton Schools of Engineering, Tempe]
ERROR:cron.jobs:refresh_salesforce_roles: failed for rsubah (Discord ID 963910184542040064): Failed to refresh Salesforce-based roles: Discord user 963910184542040064 is not a member of the guild
Ignoring exception in on_member_update
Traceback (most recent call last):
  File "/usr/local/lib/python3.12/site-packages/discord/client.py", line 465, in _run_event
    await coro(*args, **kwargs)
  File "/app/asu_discord/cogs/analytics.py", line 652, in on_member_update
    before_timeout = before.timed_out_until
                     ^^^^^^^^^^^^^^^^^^^^^^
AttributeError: 'Member' object has no attribute 'timed_out_until'
Ignoring exception in on_member_update
Traceback (most recent call last):
  File "/usr/local/lib/python3.12/site-packages/discord/client.py", line 465, in _run_event
    await coro(*args, **kwargs)
  File "/app/asu_discord/cogs/analytics.py", line 652, in on_member_update
    before_timeout = before.timed_out_until
                     ^^^^^^^^^^^^^^^^^^^^^^
AttributeError: 'Member' object has no attribute 'timed_out_until'
Ignoring exception in on_member_update
Traceback (most recent call last):
  File "/usr/local/lib/python3.12/site-packages/discord/client.py", line 465, in _run_event
    await coro(*args, **kwargs)
  File "/app/asu_discord/cogs/analytics.py", line 652, in on_member_update
    before_timeout = before.timed_out_until
                     ^^^^^^^^^^^^^^^^^^^^^^
AttributeError: 'Member' object has no attribute 'timed_out_until'
Ignoring exception in on_member_update
Traceback (most recent call last):
  File "/usr/local/lib/python3.12/site-packages/discord/client.py", line 465, in _run_event
    await coro(*args, **kwargs)
  File "/app/asu_discord/cogs/analytics.py", line 652, in on_member_update
    before_timeout = before.timed_out_until
                     ^^^^^^^^^^^^^^^^^^^^^^
AttributeError: 'Member' object has no attribute 'timed_out_until'
Ignoring exception in on_member_update
Traceback (most recent call last):
  File "/usr/local/lib/python3.12/site-packages/discord/client.py", line 465, in _run_event
    await coro(*args, **kwargs)
  File "/app/asu_discord/cogs/analytics.py", line 652, in on_member_update
    before_timeout = before.timed_out_until
                     ^^^^^^^^^^^^^^^^^^^^^^
AttributeError: 'Member' object has no attribute 'timed_out_until'
Ignoring exception in on_member_update
Traceback (most recent call last):
  File "/usr/local/lib/python3.12/site-packages/discord/client.py", line 465, in _run_event
    await coro(*args, **kwargs)
  File "/app/asu_discord/cogs/analytics.py", line 652, in on_member_update
    before_timeout = before.timed_out_until
                     ^^^^^^^^^^^^^^^^^^^^^^
AttributeError: 'Member' object has no attribute 'timed_out_until'
Ignoring exception in on_member_update
Traceback (most recent call last):
  File "/usr/local/lib/python3.12/site-packages/discord/client.py", line 465, in _run_event
    await coro(*args, **kwargs)
  File "/app/asu_discord/cogs/analytics.py", line 652, in on_member_update
    before_timeout = before.timed_out_until
                     ^^^^^^^^^^^^^^^^^^^^^^
AttributeError: 'Member' object has no attribute 'timed_out_until'
Ignoring exception in on_member_update
Traceback (most recent call last):
  File "/usr/local/lib/python3.12/site-packages/discord/client.py", line 465, in _run_event
    await coro(*args, **kwargs)
  File "/app/asu_discord/cogs/analytics.py", line 652, in on_member_update
    before_timeout = before.timed_out_until
                     ^^^^^^^^^^^^^^^^^^^^^^
AttributeError: 'Member' object has no attribute 'timed_out_until'
Ignoring exception in on_member_update
Traceback (most recent call last):
  File "/usr/local/lib/python3.12/site-packages/discord/client.py", line 465, in _run_event
    await coro(*args, **kwargs)
  File "/app/asu_discord/cogs/analytics.py", line 652, in on_member_update
    before_timeout = before.timed_out_until
                     ^^^^^^^^^^^^^^^^^^^^^^
AttributeError: 'Member' object has no attribute 'timed_out_until'
Ignoring exception in on_member_update
Traceback (most recent call last):
  File "/usr/local/lib/python3.12/site-packages/discord/client.py", line 465, in _run_event
    await coro(*args, **kwargs)
  File "/app/asu_discord/cogs/analytics.py", line 652, in on_member_update
    before_timeout = before.timed_out_until
                     ^^^^^^^^^^^^^^^^^^^^^^
AttributeError: 'Member' object has no attribute 'timed_out_until'
ERROR:cron.jobs:refresh_salesforce_roles: failed for mncook13 (Discord ID 1460814452961181991): Timed out refresh Salesforce-based roles
ERROR:cron.jobs:refresh_salesforce_roles: failed for emsilva6 (Discord ID 746548967122272286): Failed to refresh Salesforce-based roles: Discord user 746548967122272286 is not a member of the guild
Ignoring exception in on_member_update
Traceback (most recent call last):
  File "/usr/local/lib/python3.12/site-packages/discord/client.py", line 465, in _run_event
    await coro(*args, **kwargs)
  File "/app/asu_discord/cogs/analytics.py", line 652, in on_member_update
    before_timeout = before.timed_out_until
                     ^^^^^^^^^^^^^^^^^^^^^^
AttributeError: 'Member' object has no attribute 'timed_out_until'
Ignoring exception in on_member_update
Traceback (most recent call last):
  File "/usr/local/lib/python3.12/site-packages/discord/client.py", line 465, in _run_event
    await coro(*args, **kwargs)
  File "/app/asu_discord/cogs/analytics.py", line 652, in on_member_update
    before_timeout = before.timed_out_until
                     ^^^^^^^^^^^^^^^^^^^^^^
AttributeError: 'Member' object has no attribute 'timed_out_until'
Ignoring exception in on_member_update
Traceback (most recent call last):
  File "/usr/local/lib/python3.12/site-packages/discord/client.py", line 465, in _run_event
    await coro(*args, **kwargs)
  File "/app/asu_discord/cogs/analytics.py", line 652, in on_member_update
    before_timeout = before.timed_out_until
                     ^^^^^^^^^^^^^^^^^^^^^^
AttributeError: 'Member' object has no attribute 'timed_out_until'
Ignoring exception in on_member_update
Traceback (most recent call last):
  File "/usr/local/lib/python3.12/site-packages/discord/client.py", line 465, in _run_event
    await coro(*args, **kwargs)
  File "/app/asu_discord/cogs/analytics.py", line 652, in on_member_update
    before_timeout = before.timed_out_until
                     ^^^^^^^^^^^^^^^^^^^^^^
AttributeError: 'Member' object has no attribute 'timed_out_until'
Ignoring exception in on_member_update
Traceback (most recent call last):
  File "/usr/local/lib/python3.12/site-packages/discord/client.py", line 465, in _run_event
    await coro(*args, **kwargs)
  File "/app/asu_discord/cogs/analytics.py", line 652, in on_member_update
    before_timeout = before.timed_out_until
                     ^^^^^^^^^^^^^^^^^^^^^^
AttributeError: 'Member' object has no attribute 'timed_out_until'
Ignoring exception in on_member_update
Traceback (most recent call last):
  File "/usr/local/lib/python3.12/site-packages/discord/client.py", line 465, in _run_event
    await coro(*args, **kwargs)
  File "/app/asu_discord/cogs/analytics.py", line 652, in on_member_update
    before_timeout = before.timed_out_until
                     ^^^^^^^^^^^^^^^^^^^^^^
AttributeError: 'Member' object has no attribute 'timed_out_until'
Ignoring exception in on_member_update
Traceback (most recent call last):
  File "/usr/local/lib/python3.12/site-packages/discord/client.py", line 465, in _run_event
    await coro(*args, **kwargs)
  File "/app/asu_discord/cogs/analytics.py", line 652, in on_member_update
    before_timeout = before.timed_out_until
                     ^^^^^^^^^^^^^^^^^^^^^^
AttributeError: 'Member' object has no attribute 'timed_out_until'
INFO:asu_discord.cogs.verification:Saved 4 roles to database for user cabiloro (Discord ID: 1464061048142299297)
INFO:asu_discord.cogs.verification:Refreshed Salesforce roles for Discord user 1464061048142299297: -4/+3 roles, assigned=[Graduate Student, International Student, New College of Interdisciplinary Arts and Sciences, West Valley]
Ignoring exception in on_member_update
Traceback (most recent call last):
  File "/usr/local/lib/python3.12/site-packages/discord/client.py", line 465, in _run_event
    await coro(*args, **kwargs)
  File "/app/asu_discord/cogs/analytics.py", line 652, in on_member_update
    before_timeout = before.timed_out_until
                     ^^^^^^^^^^^^^^^^^^^^^^
AttributeError: 'Member' object has no attribute 'timed_out_until'
Ignoring exception in on_member_update
Traceback (most recent call last):
  File "/usr/local/lib/python3.12/site-packages/discord/client.py", line 465, in _run_event
    await coro(*args, **kwargs)
  File "/app/asu_discord/cogs/analytics.py", line 652, in on_member_update
    before_timeout = before.timed_out_until
                     ^^^^^^^^^^^^^^^^^^^^^^
AttributeError: 'Member' object has no attribute 'timed_out_until'
Ignoring exception in on_member_update
Traceback (most recent call last):
  File "/usr/local/lib/python3.12/site-packages/discord/client.py", line 465, in _run_event
    await coro(*args, **kwargs)
  File "/app/asu_discord/cogs/analytics.py", line 652, in on_member_update
    before_timeout = before.timed_out_until
                     ^^^^^^^^^^^^^^^^^^^^^^
AttributeError: 'Member' object has no attribute 'timed_out_until'
Ignoring exception in on_member_update
Traceback (most recent call last):
  File "/usr/local/lib/python3.12/site-packages/discord/client.py", line 465, in _run_event
    await coro(*args, **kwargs)
  File "/app/asu_discord/cogs/analytics.py", line 652, in on_member_update
    before_timeout = before.timed_out_until
                     ^^^^^^^^^^^^^^^^^^^^^^
AttributeError: 'Member' object has no attribute 'timed_out_until'
Ignoring exception in on_member_update
Traceback (most recent call last):
  File "/usr/local/lib/python3.12/site-packages/discord/client.py", line 465, in _run_event
    await coro(*args, **kwargs)
  File "/app/asu_discord/cogs/analytics.py", line 652, in on_member_update
    before_timeout = before.timed_out_until
                     ^^^^^^^^^^^^^^^^^^^^^^
AttributeError: 'Member' object has no attribute 'timed_out_until'
Ignoring exception in on_member_update
Traceback (most recent call last):
  File "/usr/local/lib/python3.12/site-packages/discord/client.py", line 465, in _run_event
    await coro(*args, **kwargs)
  File "/app/asu_discord/cogs/analytics.py", line 652, in on_member_update
    before_timeout = before.timed_out_until
                     ^^^^^^^^^^^^^^^^^^^^^^
AttributeError: 'Member' object has no attribute 'timed_out_until'
Ignoring exception in on_member_update
Traceback (most recent call last):
  File "/usr/local/lib/python3.12/site-packages/discord/client.py", line 465, in _run_event
    await coro(*args, **kwargs)
  File "/app/asu_discord/cogs/analytics.py", line 652, in on_member_update
    before_timeout = before.timed_out_until
                     ^^^^^^^^^^^^^^^^^^^^^^
AttributeError: 'Member' object has no attribute 'timed_out_until'
Ignoring exception in on_member_update
Traceback (most recent call last):
  File "/usr/local/lib/python3.12/site-packages/discord/client.py", line 465, in _run_event
    await coro(*args, **kwargs)
  File "/app/asu_discord/cogs/analytics.py", line 652, in on_member_update
    before_timeout = before.timed_out_until
                     ^^^^^^^^^^^^^^^^^^^^^^
AttributeError: 'Member' object has no attribute 'timed_out_until'
Ignoring exception in on_member_update
Traceback (most recent call last):
  File "/usr/local/lib/python3.12/site-packages/discord/client.py", line 465, in _run_event
    await coro(*args, **kwargs)
  File "/app/asu_discord/cogs/analytics.py", line 652, in on_member_update
    before_timeout = before.timed_out_until
                     ^^^^^^^^^^^^^^^^^^^^^^
AttributeError: 'Member' object has no attribute 'timed_out_until'
Ignoring exception in on_member_update
Traceback (most recent call last):
  File "/usr/local/lib/python3.12/site-packages/discord/client.py", line 465, in _run_event
    await coro(*args, **kwargs)
  File "/app/asu_discord/cogs/analytics.py", line 652, in on_member_update
    before_timeout = before.timed_out_until
                     ^^^^^^^^^^^^^^^^^^^^^^
AttributeError: 'Member' object has no attribute 'timed_out_until'
INFO:asu_discord.cogs.verification:Saved 5 roles to database for user gfixler (Discord ID: 1464426848875450563)
INFO:asu_discord.cogs.verification:Refreshed Salesforce roles for Discord user 1464426848875450563: -5/+5 roles, assigned=[College of Liberal Arts and Sciences, Commited, First Year, Out of State, Tempe]
Ignoring exception in on_member_update
Traceback (most recent call last):
  File "/usr/local/lib/python3.12/site-packages/discord/client.py", line 465, in _run_event
    await coro(*args, **kwargs)
  File "/app/asu_discord/cogs/analytics.py", line 652, in on_member_update
    before_timeout = before.timed_out_until
                     ^^^^^^^^^^^^^^^^^^^^^^
AttributeError: 'Member' object has no attribute 'timed_out_until'
Ignoring exception in on_member_update
Traceback (most recent call last):
  File "/usr/local/lib/python3.12/site-packages/discord/client.py", line 465, in _run_event
    await coro(*args, **kwargs)
  File "/app/asu_discord/cogs/analytics.py", line 652, in on_member_update
    before_timeout = before.timed_out_until
                     ^^^^^^^^^^^^^^^^^^^^^^
AttributeError: 'Member' object has no attribute 'timed_out_until'
Ignoring exception in on_member_update
Traceback (most recent call last):
  File "/usr/local/lib/python3.12/site-packages/discord/client.py", line 465, in _run_event
    await coro(*args, **kwargs)
  File "/app/asu_discord/cogs/analytics.py", line 652, in on_member_update
    before_timeout = before.timed_out_until
                     ^^^^^^^^^^^^^^^^^^^^^^
AttributeError: 'Member' object has no attribute 'timed_out_until'
Ignoring exception in on_member_update
Traceback (most recent call last):
  File "/usr/local/lib/python3.12/site-packages/discord/client.py", line 465, in _run_event
    await coro(*args, **kwargs)
  File "/app/asu_discord/cogs/analytics.py", line 652, in on_member_update
    before_timeout = before.timed_out_until
                     ^^^^^^^^^^^^^^^^^^^^^^
AttributeError: 'Member' object has no attribute 'timed_out_until'
Ignoring exception in on_member_update
Traceback (most recent call last):
  File "/usr/local/lib/python3.12/site-packages/discord/client.py", line 465, in _run_event
    await coro(*args, **kwargs)
  File "/app/asu_discord/cogs/analytics.py", line 652, in on_member_update
    before_timeout = before.timed_out_until
                     ^^^^^^^^^^^^^^^^^^^^^^
AttributeError: 'Member' object has no attribute 'timed_out_until'
Ignoring exception in on_member_update
Traceback (most recent call last):
  File "/usr/local/lib/python3.12/site-packages/discord/client.py", line 465, in _run_event
    await coro(*args, **kwargs)
  File "/app/asu_discord/cogs/analytics.py", line 652, in on_member_update
    before_timeout = before.timed_out_until
                     ^^^^^^^^^^^^^^^^^^^^^^
AttributeError: 'Member' object has no attribute 'timed_out_until'
Ignoring exception in on_member_update
Traceback (most recent call last):
  File "/usr/local/lib/python3.12/site-packages/discord/client.py", line 465, in _run_event
    await coro(*args, **kwargs)
  File "/app/asu_discord/cogs/analytics.py", line 652, in on_member_update
    before_timeout = before.timed_out_until
                     ^^^^^^^^^^^^^^^^^^^^^^
AttributeError: 'Member' object has no attribute 'timed_out_until'
Ignoring exception in on_member_update
Traceback (most recent call last):
  File "/usr/local/lib/python3.12/site-packages/discord/client.py", line 465, in _run_event
    await coro(*args, **kwargs)
  File "/app/asu_discord/cogs/analytics.py", line 652, in on_member_update
    before_timeout = before.timed_out_until
                     ^^^^^^^^^^^^^^^^^^^^^^
AttributeError: 'Member' object has no attribute 'timed_out_until'
Ignoring exception in on_member_update
Traceback (most recent call last):
  File "/usr/local/lib/python3.12/site-packages/discord/client.py", line 465, in _run_event
    await coro(*args, **kwargs)
  File "/app/asu_discord/cogs/analytics.py", line 652, in on_member_update
    before_timeout = before.timed_out_until
                     ^^^^^^^^^^^^^^^^^^^^^^
AttributeError: 'Member' object has no attribute 'timed_out_until'
Ignoring exception in on_member_update
Traceback (most recent call last):
  File "/usr/local/lib/python3.12/site-packages/discord/client.py", line 465, in _run_event
    await coro(*args, **kwargs)
  File "/app/asu_discord/cogs/analytics.py", line 652, in on_member_update
    before_timeout = before.timed_out_until
                     ^^^^^^^^^^^^^^^^^^^^^^
AttributeError: 'Member' object has no attribute 'timed_out_until'
INFO:asu_discord.cogs.verification:Saved 5 roles to database for user mdarend (Discord ID: 792532823642341406)
INFO:asu_discord.cogs.verification:Refreshed Salesforce roles for Discord user 792532823642341406: -5/+5 roles, assigned=[College of Health Solutions, Commited, Downtown Phoenix, First Year, Out of State]
ERROR:cron.jobs:refresh_salesforce_roles: failed for aozbilgi (Discord ID 568761615642525711): Failed to refresh Salesforce-based roles: Discord user 568761615642525711 is not a member of the guild
ERROR:cron.jobs:refresh_salesforce_roles: failed for rlblock2 (Discord ID 1153141282932260934): Failed to refresh Salesforce-based roles: Discord user 1153141282932260934 is not a member of the guild
ERROR:cron.jobs:refresh_salesforce_roles: failed for cmoren79 (Discord ID 827793552381313064): Failed to refresh Salesforce-based roles: Discord user 827793552381313064 is not a member of the guild
Ignoring exception in on_member_update
Traceback (most recent call last):
  File "/usr/local/lib/python3.12/site-packages/discord/client.py", line 465, in _run_event
    await coro(*args, **kwargs)
  File "/app/asu_discord/cogs/analytics.py", line 652, in on_member_update
    before_timeout = before.timed_out_until
                     ^^^^^^^^^^^^^^^^^^^^^^
AttributeError: 'Member' object has no attribute 'timed_out_until'
Ignoring exception in on_member_update
Traceback (most recent call last):
  File "/usr/local/lib/python3.12/site-packages/discord/client.py", line 465, in _run_event
    await coro(*args, **kwargs)
  File "/app/asu_discord/cogs/analytics.py", line 652, in on_member_update
    before_timeout = before.timed_out_until
                     ^^^^^^^^^^^^^^^^^^^^^^
AttributeError: 'Member' object has no attribute 'timed_out_until'
Ignoring exception in on_member_update
Traceback (most recent call last):
  File "/usr/local/lib/python3.12/site-packages/discord/client.py", line 465, in _run_event
    await coro(*args, **kwargs)
  File "/app/asu_discord/cogs/analytics.py", line 652, in on_member_update
    before_timeout = before.timed_out_until
                     ^^^^^^^^^^^^^^^^^^^^^^
AttributeError: 'Member' object has no attribute 'timed_out_until'
Ignoring exception in on_member_update
Traceback (most recent call last):
  File "/usr/local/lib/python3.12/site-packages/discord/client.py", line 465, in _run_event
    await coro(*args, **kwargs)
  File "/app/asu_discord/cogs/analytics.py", line 652, in on_member_update
    before_timeout = before.timed_out_until
                     ^^^^^^^^^^^^^^^^^^^^^^
AttributeError: 'Member' object has no attribute 'timed_out_until'
Ignoring exception in on_member_update
Traceback (most recent call last):
  File "/usr/local/lib/python3.12/site-packages/discord/client.py", line 465, in _run_event
    await coro(*args, **kwargs)
  File "/app/asu_discord/cogs/analytics.py", line 652, in on_member_update
    before_timeout = before.timed_out_until
                     ^^^^^^^^^^^^^^^^^^^^^^
AttributeError: 'Member' object has no attribute 'timed_out_until'
Ignoring exception in on_member_update
Traceback (most recent call last):
  File "/usr/local/lib/python3.12/site-packages/discord/client.py", line 465, in _run_event
    await coro(*args, **kwargs)
  File "/app/asu_discord/cogs/analytics.py", line 652, in on_member_update
    before_timeout = before.timed_out_until
                     ^^^^^^^^^^^^^^^^^^^^^^
AttributeError: 'Member' object has no attribute 'timed_out_until'
Ignoring exception in on_member_update
Traceback (most recent call last):
  File "/usr/local/lib/python3.12/site-packages/discord/client.py", line 465, in _run_event
    await coro(*args, **kwargs)
  File "/app/asu_discord/cogs/analytics.py", line 652, in on_member_update
    before_timeout = before.timed_out_until
                     ^^^^^^^^^^^^^^^^^^^^^^
AttributeError: 'Member' object has no attribute 'timed_out_until'
Ignoring exception in on_member_update
Traceback (most recent call last):
  File "/usr/local/lib/python3.12/site-packages/discord/client.py", line 465, in _run_event
    await coro(*args, **kwargs)
  File "/app/asu_discord/cogs/analytics.py", line 652, in on_member_update
    before_timeout = before.timed_out_until
                     ^^^^^^^^^^^^^^^^^^^^^^
AttributeError: 'Member' object has no attribute 'timed_out_until'
Ignoring exception in on_member_update
Traceback (most recent call last):
  File "/usr/local/lib/python3.12/site-packages/discord/client.py", line 465, in _run_event
    await coro(*args, **kwargs)
  File "/app/asu_discord/cogs/analytics.py", line 652, in on_member_update
    before_timeout = before.timed_out_until
                     ^^^^^^^^^^^^^^^^^^^^^^
AttributeError: 'Member' object has no attribute 'timed_out_until'
Ignoring exception in on_member_update
Traceback (most recent call last):
  File "/usr/local/lib/python3.12/site-packages/discord/client.py", line 465, in _run_event
    await coro(*args, **kwargs)
  File "/app/asu_discord/cogs/analytics.py", line 652, in on_member_update
    before_timeout = before.timed_out_until
                     ^^^^^^^^^^^^^^^^^^^^^^
AttributeError: 'Member' object has no attribute 'timed_out_until'
INFO:asu_discord.cogs.verification:Saved 5 roles to database for user hozdamar (Discord ID: 1464755238849347788)
INFO:asu_discord.cogs.verification:Refreshed Salesforce roles for Discord user 1464755238849347788: -5/+5 roles, assigned=[Commited, First Year, International Student, Polytechnic, W.P. Carey School of Business]
ERROR:cron.jobs:refresh_salesforce_roles: failed for twalsula (Discord ID 846300235625398302): Failed to refresh Salesforce-based roles: Discord user 846300235625398302 is not a member of the guild
Ignoring exception in on_member_update
Traceback (most recent call last):
  File "/usr/local/lib/python3.12/site-packages/discord/client.py", line 465, in _run_event
    await coro(*args, **kwargs)
  File "/app/asu_discord/cogs/analytics.py", line 652, in on_member_update
    before_timeout = before.timed_out_until
                     ^^^^^^^^^^^^^^^^^^^^^^
AttributeError: 'Member' object has no attribute 'timed_out_until'
Ignoring exception in on_member_update
Traceback (most recent call last):
  File "/usr/local/lib/python3.12/site-packages/discord/client.py", line 465, in _run_event
    await coro(*args, **kwargs)
  File "/app/asu_discord/cogs/analytics.py", line 652, in on_member_update
    before_timeout = before.timed_out_until
                     ^^^^^^^^^^^^^^^^^^^^^^
AttributeError: 'Member' object has no attribute 'timed_out_until'
Ignoring exception in on_member_update
Traceback (most recent call last):
  File "/usr/local/lib/python3.12/site-packages/discord/client.py", line 465, in _run_event
    await coro(*args, **kwargs)
  File "/app/asu_discord/cogs/analytics.py", line 652, in on_member_update
    before_timeout = before.timed_out_until
                     ^^^^^^^^^^^^^^^^^^^^^^
AttributeError: 'Member' object has no attribute 'timed_out_until'
Ignoring exception in on_member_update
Traceback (most recent call last):
  File "/usr/local/lib/python3.12/site-packages/discord/client.py", line 465, in _run_event
    await coro(*args, **kwargs)
  File "/app/asu_discord/cogs/analytics.py", line 652, in on_member_update
    before_timeout = before.timed_out_until
                     ^^^^^^^^^^^^^^^^^^^^^^
AttributeError: 'Member' object has no attribute 'timed_out_until'
Ignoring exception in on_member_update
Traceback (most recent call last):
  File "/usr/local/lib/python3.12/site-packages/discord/client.py", line 465, in _run_event
    await coro(*args, **kwargs)
  File "/app/asu_discord/cogs/analytics.py", line 652, in on_member_update
    before_timeout = before.timed_out_until
                     ^^^^^^^^^^^^^^^^^^^^^^
AttributeError: 'Member' object has no attribute 'timed_out_until'
Ignoring exception in on_member_update
Traceback (most recent call last):
  File "/usr/local/lib/python3.12/site-packages/discord/client.py", line 465, in _run_event
    await coro(*args, **kwargs)
  File "/app/asu_discord/cogs/analytics.py", line 652, in on_member_update
    before_timeout = before.timed_out_until
                     ^^^^^^^^^^^^^^^^^^^^^^
AttributeError: 'Member' object has no attribute 'timed_out_until'
Ignoring exception in on_member_update
Traceback (most recent call last):
  File "/usr/local/lib/python3.12/site-packages/discord/client.py", line 465, in _run_event
    await coro(*args, **kwargs)
  File "/app/asu_discord/cogs/analytics.py", line 652, in on_member_update
    before_timeout = before.timed_out_until
                     ^^^^^^^^^^^^^^^^^^^^^^
AttributeError: 'Member' object has no attribute 'timed_out_until'
Ignoring exception in on_member_update
Traceback (most recent call last):
  File "/usr/local/lib/python3.12/site-packages/discord/client.py", line 465, in _run_event
    await coro(*args, **kwargs)
  File "/app/asu_discord/cogs/analytics.py", line 652, in on_member_update
    before_timeout = before.timed_out_until
                     ^^^^^^^^^^^^^^^^^^^^^^
AttributeError: 'Member' object has no attribute 'timed_out_until'
Ignoring exception in on_member_update
Traceback (most recent call last):
  File "/usr/local/lib/python3.12/site-packages/discord/client.py", line 465, in _run_event
    await coro(*args, **kwargs)
  File "/app/asu_discord/cogs/analytics.py", line 652, in on_member_update
    before_timeout = before.timed_out_until
                     ^^^^^^^^^^^^^^^^^^^^^^
AttributeError: 'Member' object has no attribute 'timed_out_until'
Ignoring exception in on_member_update
Traceback (most recent call last):
  File "/usr/local/lib/python3.12/site-packages/discord/client.py", line 465, in _run_event
    await coro(*args, **kwargs)
  File "/app/asu_discord/cogs/analytics.py", line 652, in on_member_update
    before_timeout = before.timed_out_until
                     ^^^^^^^^^^^^^^^^^^^^^^
AttributeError: 'Member' object has no attribute 'timed_out_until'
INFO:asu_discord.cogs.verification:Saved 6 roles to database for user ahchave1 (Discord ID: 578339917961232404)
INFO:asu_discord.cogs.verification:Refreshed Salesforce roles for Discord user 578339917961232404: -4/+6 roles, assigned=[Arizona Resident, Commited, First Generation Student, Ira A. Fulton Schools of Engineering, Polytechnic, Transfer Student]
Ignoring exception in on_member_update
Traceback (most recent call last):
  File "/usr/local/lib/python3.12/site-packages/discord/client.py", line 465, in _run_event
    await coro(*args, **kwargs)
  File "/app/asu_discord/cogs/analytics.py", line 652, in on_member_update
    before_timeout = before.timed_out_until
                     ^^^^^^^^^^^^^^^^^^^^^^
AttributeError: 'Member' object has no attribute 'timed_out_until'
Ignoring exception in on_member_update
Traceback (most recent call last):
  File "/usr/local/lib/python3.12/site-packages/discord/client.py", line 465, in _run_event
    await coro(*args, **kwargs)
  File "/app/asu_discord/cogs/analytics.py", line 652, in on_member_update
    before_timeout = before.timed_out_until
                     ^^^^^^^^^^^^^^^^^^^^^^
AttributeError: 'Member' object has no attribute 'timed_out_until'
Ignoring exception in on_member_update
Traceback (most recent call last):
  File "/usr/local/lib/python3.12/site-packages/discord/client.py", line 465, in _run_event
    await coro(*args, **kwargs)
  File "/app/asu_discord/cogs/analytics.py", line 652, in on_member_update
    before_timeout = before.timed_out_until
                     ^^^^^^^^^^^^^^^^^^^^^^
AttributeError: 'Member' object has no attribute 'timed_out_until'
Ignoring exception in on_member_update
Traceback (most recent call last):
  File "/usr/local/lib/python3.12/site-packages/discord/client.py", line 465, in _run_event
    await coro(*args, **kwargs)
  File "/app/asu_discord/cogs/analytics.py", line 652, in on_member_update
    before_timeout = before.timed_out_until
                     ^^^^^^^^^^^^^^^^^^^^^^
AttributeError: 'Member' object has no attribute 'timed_out_until'
Ignoring exception in on_member_update
Traceback (most recent call last):
  File "/usr/local/lib/python3.12/site-packages/discord/client.py", line 465, in _run_event
    await coro(*args, **kwargs)
  File "/app/asu_discord/cogs/analytics.py", line 652, in on_member_update
    before_timeout = before.timed_out_until
                     ^^^^^^^^^^^^^^^^^^^^^^
AttributeError: 'Member' object has no attribute 'timed_out_until'
Ignoring exception in on_member_update
Traceback (most recent call last):
  File "/usr/local/lib/python3.12/site-packages/discord/client.py", line 465, in _run_event
    await coro(*args, **kwargs)
  File "/app/asu_discord/cogs/analytics.py", line 652, in on_member_update
    before_timeout = before.timed_out_until
                     ^^^^^^^^^^^^^^^^^^^^^^
AttributeError: 'Member' object has no attribute 'timed_out_until'
Ignoring exception in on_member_update
Traceback (most recent call last):
  File "/usr/local/lib/python3.12/site-packages/discord/client.py", line 465, in _run_event
    await coro(*args, **kwargs)
  File "/app/asu_discord/cogs/analytics.py", line 652, in on_member_update
    before_timeout = before.timed_out_until
                     ^^^^^^^^^^^^^^^^^^^^^^
AttributeError: 'Member' object has no attribute 'timed_out_until'
Ignoring exception in on_member_update
Traceback (most recent call last):
  File "/usr/local/lib/python3.12/site-packages/discord/client.py", line 465, in _run_event
    await coro(*args, **kwargs)
  File "/app/asu_discord/cogs/analytics.py", line 652, in on_member_update
    before_timeout = before.timed_out_until
                     ^^^^^^^^^^^^^^^^^^^^^^
AttributeError: 'Member' object has no attribute 'timed_out_until'
INFO:asu_discord.cogs.verification:Saved 4 roles to database for user brendanh (Discord ID: 705780306682314822)
INFO:asu_discord.cogs.verification:Refreshed Salesforce roles for Discord user 705780306682314822: -4/+4 roles, assigned=[Commited, First Year, Ira A. Fulton Schools of Engineering, Tempe]
Ignoring exception in on_member_update
Traceback (most recent call last):
  File "/usr/local/lib/python3.12/site-packages/discord/client.py", line 465, in _run_event
    await coro(*args, **kwargs)
  File "/app/asu_discord/cogs/analytics.py", line 652, in on_member_update
    before_timeout = before.timed_out_until
                     ^^^^^^^^^^^^^^^^^^^^^^
AttributeError: 'Member' object has no attribute 'timed_out_until'
Ignoring exception in on_member_update
Traceback (most recent call last):
  File "/usr/local/lib/python3.12/site-packages/discord/client.py", line 465, in _run_event
    await coro(*args, **kwargs)
  File "/app/asu_discord/cogs/analytics.py", line 652, in on_member_update
    before_timeout = before.timed_out_until
                     ^^^^^^^^^^^^^^^^^^^^^^
AttributeError: 'Member' object has no attribute 'timed_out_until'
Ignoring exception in on_member_update
Traceback (most recent call last):
  File "/usr/local/lib/python3.12/site-packages/discord/client.py", line 465, in _run_event
    await coro(*args, **kwargs)
  File "/app/asu_discord/cogs/analytics.py", line 652, in on_member_update
    before_timeout = before.timed_out_until
                     ^^^^^^^^^^^^^^^^^^^^^^
AttributeError: 'Member' object has no attribute 'timed_out_until'
Ignoring exception in on_member_update
Traceback (most recent call last):
  File "/usr/local/lib/python3.12/site-packages/discord/client.py", line 465, in _run_event
    await coro(*args, **kwargs)
  File "/app/asu_discord/cogs/analytics.py", line 652, in on_member_update
    before_timeout = before.timed_out_until
                     ^^^^^^^^^^^^^^^^^^^^^^
AttributeError: 'Member' object has no attribute 'timed_out_until'
Ignoring exception in on_member_update
Traceback (most recent call last):
  File "/usr/local/lib/python3.12/site-packages/discord/client.py", line 465, in _run_event
    await coro(*args, **kwargs)
  File "/app/asu_discord/cogs/analytics.py", line 652, in on_member_update
    before_timeout = before.timed_out_until
                     ^^^^^^^^^^^^^^^^^^^^^^
AttributeError: 'Member' object has no attribute 'timed_out_until'
Ignoring exception in on_member_update
Traceback (most recent call last):
  File "/usr/local/lib/python3.12/site-packages/discord/client.py", line 465, in _run_event
    await coro(*args, **kwargs)
  File "/app/asu_discord/cogs/analytics.py", line 652, in on_member_update
    before_timeout = before.timed_out_until
                     ^^^^^^^^^^^^^^^^^^^^^^
AttributeError: 'Member' object has no attribute 'timed_out_until'
Ignoring exception in on_member_update
Traceback (most recent call last):
  File "/usr/local/lib/python3.12/site-packages/discord/client.py", line 465, in _run_event
    await coro(*args, **kwargs)
  File "/app/asu_discord/cogs/analytics.py", line 652, in on_member_update
    before_timeout = before.timed_out_until
                     ^^^^^^^^^^^^^^^^^^^^^^
AttributeError: 'Member' object has no attribute 'timed_out_until'
Ignoring exception in on_member_update
Traceback (most recent call last):
  File "/usr/local/lib/python3.12/site-packages/discord/client.py", line 465, in _run_event
    await coro(*args, **kwargs)
  File "/app/asu_discord/cogs/analytics.py", line 652, in on_member_update
    before_timeout = before.timed_out_until
                     ^^^^^^^^^^^^^^^^^^^^^^
AttributeError: 'Member' object has no attribute 'timed_out_until'
Ignoring exception in on_member_update
Traceback (most recent call last):
  File "/usr/local/lib/python3.12/site-packages/discord/client.py", line 465, in _run_event
    await coro(*args, **kwargs)
  File "/app/asu_discord/cogs/analytics.py", line 652, in on_member_update
    before_timeout = before.timed_out_until
                     ^^^^^^^^^^^^^^^^^^^^^^
AttributeError: 'Member' object has no attribute 'timed_out_until'
INFO:asu_discord.cogs.verification:Saved 5 roles to database for user igbenav1 (Discord ID: 757124087955980328)
INFO:asu_discord.cogs.verification:Refreshed Salesforce roles for Discord user 757124087955980328: -4/+5 roles, assigned=[Arizona Resident, College of Liberal Arts and Sciences, Commited, First Year, Tempe]
Ignoring exception in on_member_update
Traceback (most recent call last):
  File "/usr/local/lib/python3.12/site-packages/discord/client.py", line 465, in _run_event
    await coro(*args, **kwargs)
  File "/app/asu_discord/cogs/analytics.py", line 652, in on_member_update
    before_timeout = before.timed_out_until
                     ^^^^^^^^^^^^^^^^^^^^^^
AttributeError: 'Member' object has no attribute 'timed_out_until'
Ignoring exception in on_member_update
Traceback (most recent call last):
  File "/usr/local/lib/python3.12/site-packages/discord/client.py", line 465, in _run_event
    await coro(*args, **kwargs)
  File "/app/asu_discord/cogs/analytics.py", line 652, in on_member_update
    before_timeout = before.timed_out_until
                     ^^^^^^^^^^^^^^^^^^^^^^
AttributeError: 'Member' object has no attribute 'timed_out_until'
Ignoring exception in on_member_update
Traceback (most recent call last):
  File "/usr/local/lib/python3.12/site-packages/discord/client.py", line 465, in _run_event
    await coro(*args, **kwargs)
  File "/app/asu_discord/cogs/analytics.py", line 652, in on_member_update
    before_timeout = before.timed_out_until
                     ^^^^^^^^^^^^^^^^^^^^^^
AttributeError: 'Member' object has no attribute 'timed_out_until'
Ignoring exception in on_member_update
Traceback (most recent call last):
  File "/usr/local/lib/python3.12/site-packages/discord/client.py", line 465, in _run_event
    await coro(*args, **kwargs)
  File "/app/asu_discord/cogs/analytics.py", line 652, in on_member_update
    before_timeout = before.timed_out_until
                     ^^^^^^^^^^^^^^^^^^^^^^
AttributeError: 'Member' object has no attribute 'timed_out_until'
Ignoring exception in on_member_update
Traceback (most recent call last):
  File "/usr/local/lib/python3.12/site-packages/discord/client.py", line 465, in _run_event
    await coro(*args, **kwargs)
  File "/app/asu_discord/cogs/analytics.py", line 652, in on_member_update
    before_timeout = before.timed_out_until
                     ^^^^^^^^^^^^^^^^^^^^^^
AttributeError: 'Member' object has no attribute 'timed_out_until'
Ignoring exception in on_member_update
Traceback (most recent call last):
  File "/usr/local/lib/python3.12/site-packages/discord/client.py", line 465, in _run_event
    await coro(*args, **kwargs)
  File "/app/asu_discord/cogs/analytics.py", line 652, in on_member_update
    before_timeout = before.timed_out_until
                     ^^^^^^^^^^^^^^^^^^^^^^
AttributeError: 'Member' object has no attribute 'timed_out_until'
Ignoring exception in on_member_update
Traceback (most recent call last):
  File "/usr/local/lib/python3.12/site-packages/discord/client.py", line 465, in _run_event
    await coro(*args, **kwargs)
  File "/app/asu_discord/cogs/analytics.py", line 652, in on_member_update
    before_timeout = before.timed_out_until
                     ^^^^^^^^^^^^^^^^^^^^^^
AttributeError: 'Member' object has no attribute 'timed_out_until'
INFO:asu_discord.cogs.verification:Saved 4 roles to database for user kethom20 (Discord ID: 1060030668102451200)
INFO:asu_discord.cogs.verification:Refreshed Salesforce roles for Discord user 1060030668102451200: -4/+3 roles, assigned=[First Year, New College of Interdisciplinary Arts and Sciences, Out of State, West Valley]
Ignoring exception in on_member_update
Traceback (most recent call last):
  File "/usr/local/lib/python3.12/site-packages/discord/client.py", line 465, in _run_event
    await coro(*args, **kwargs)
  File "/app/asu_discord/cogs/analytics.py", line 652, in on_member_update
    before_timeout = before.timed_out_until
                     ^^^^^^^^^^^^^^^^^^^^^^
AttributeError: 'Member' object has no attribute 'timed_out_until'
Ignoring exception in on_member_update
Traceback (most recent call last):
  File "/usr/local/lib/python3.12/site-packages/discord/client.py", line 465, in _run_event
    await coro(*args, **kwargs)
  File "/app/asu_discord/cogs/analytics.py", line 652, in on_member_update
    before_timeout = before.timed_out_until
                     ^^^^^^^^^^^^^^^^^^^^^^
AttributeError: 'Member' object has no attribute 'timed_out_until'
Ignoring exception in on_member_update
Traceback (most recent call last):
  File "/usr/local/lib/python3.12/site-packages/discord/client.py", line 465, in _run_event
    await coro(*args, **kwargs)
  File "/app/asu_discord/cogs/analytics.py", line 652, in on_member_update
    before_timeout = before.timed_out_until
                     ^^^^^^^^^^^^^^^^^^^^^^
AttributeError: 'Member' object has no attribute 'timed_out_until'
Ignoring exception in on_member_update
Traceback (most recent call last):
  File "/usr/local/lib/python3.12/site-packages/discord/client.py", line 465, in _run_event
    await coro(*args, **kwargs)
  File "/app/asu_discord/cogs/analytics.py", line 652, in on_member_update
    before_timeout = before.timed_out_until
                     ^^^^^^^^^^^^^^^^^^^^^^
AttributeError: 'Member' object has no attribute 'timed_out_until'
Ignoring exception in on_member_update
Traceback (most recent call last):
  File "/usr/local/lib/python3.12/site-packages/discord/client.py", line 465, in _run_event
    await coro(*args, **kwargs)
  File "/app/asu_discord/cogs/analytics.py", line 652, in on_member_update
    before_timeout = before.timed_out_until
                     ^^^^^^^^^^^^^^^^^^^^^^
AttributeError: 'Member' object has no attribute 'timed_out_until'
Ignoring exception in on_member_update
Traceback (most recent call last):
  File "/usr/local/lib/python3.12/site-packages/discord/client.py", line 465, in _run_event
    await coro(*args, **kwargs)
  File "/app/asu_discord/cogs/analytics.py", line 652, in on_member_update
    before_timeout = before.timed_out_until
                     ^^^^^^^^^^^^^^^^^^^^^^
AttributeError: 'Member' object has no attribute 'timed_out_until'
Ignoring exception in on_member_update
Traceback (most recent call last):
  File "/usr/local/lib/python3.12/site-packages/discord/client.py", line 465, in _run_event
    await coro(*args, **kwargs)
  File "/app/asu_discord/cogs/analytics.py", line 652, in on_member_update
    before_timeout = before.timed_out_until
                     ^^^^^^^^^^^^^^^^^^^^^^
AttributeError: 'Member' object has no attribute 'timed_out_until'
Ignoring exception in on_member_update
Traceback (most recent call last):
  File "/usr/local/lib/python3.12/site-packages/discord/client.py", line 465, in _run_event
    await coro(*args, **kwargs)
  File "/app/asu_discord/cogs/analytics.py", line 652, in on_member_update
    before_timeout = before.timed_out_until
                     ^^^^^^^^^^^^^^^^^^^^^^
AttributeError: 'Member' object has no attribute 'timed_out_until'
Ignoring exception in on_member_update
Traceback (most recent call last):
  File "/usr/local/lib/python3.12/site-packages/discord/client.py", line 465, in _run_event
    await coro(*args, **kwargs)
  File "/app/asu_discord/cogs/analytics.py", line 652, in on_member_update
    before_timeout = before.timed_out_until
                     ^^^^^^^^^^^^^^^^^^^^^^
AttributeError: 'Member' object has no attribute 'timed_out_until'
Ignoring exception in on_member_update
Traceback (most recent call last):
  File "/usr/local/lib/python3.12/site-packages/discord/client.py", line 465, in _run_event
    await coro(*args, **kwargs)
  File "/app/asu_discord/cogs/analytics.py", line 652, in on_member_update
    before_timeout = before.timed_out_until
                     ^^^^^^^^^^^^^^^^^^^^^^
AttributeError: 'Member' object has no attribute 'timed_out_until'
INFO:asu_discord.cogs.verification:Saved 5 roles to database for user zkrizan (Discord ID: 952669953847337001)
INFO:asu_discord.cogs.verification:Refreshed Salesforce roles for Discord user 952669953847337001: -5/+5 roles, assigned=[Arizona Resident, College of Health Solutions, Commited, Downtown Phoenix, First Year]
ERROR:cron.jobs:refresh_salesforce_roles: failed for joohyunl (Discord ID 1091381764963962990): Failed to refresh Salesforce-based roles: Discord user 1091381764963962990 is not a member of the guild
Ignoring exception in on_member_update
Traceback (most recent call last):
  File "/usr/local/lib/python3.12/site-packages/discord/client.py", line 465, in _run_event
    await coro(*args, **kwargs)
  File "/app/asu_discord/cogs/analytics.py", line 652, in on_member_update
    before_timeout = before.timed_out_until
                     ^^^^^^^^^^^^^^^^^^^^^^
AttributeError: 'Member' object has no attribute 'timed_out_until'
Ignoring exception in on_member_update
Traceback (most recent call last):
  File "/usr/local/lib/python3.12/site-packages/discord/client.py", line 465, in _run_event
    await coro(*args, **kwargs)
  File "/app/asu_discord/cogs/analytics.py", line 652, in on_member_update
    before_timeout = before.timed_out_until
                     ^^^^^^^^^^^^^^^^^^^^^^
AttributeError: 'Member' object has no attribute 'timed_out_until'
Ignoring exception in on_member_update
Traceback (most recent call last):
  File "/usr/local/lib/python3.12/site-packages/discord/client.py", line 465, in _run_event
    await coro(*args, **kwargs)
  File "/app/asu_discord/cogs/analytics.py", line 652, in on_member_update
    before_timeout = before.timed_out_until
                     ^^^^^^^^^^^^^^^^^^^^^^
AttributeError: 'Member' object has no attribute 'timed_out_until'
Ignoring exception in on_member_update
Traceback (most recent call last):
  File "/usr/local/lib/python3.12/site-packages/discord/client.py", line 465, in _run_event
    await coro(*args, **kwargs)
  File "/app/asu_discord/cogs/analytics.py", line 652, in on_member_update
    before_timeout = before.timed_out_until
                     ^^^^^^^^^^^^^^^^^^^^^^
AttributeError: 'Member' object has no attribute 'timed_out_until'
Ignoring exception in on_member_update
Traceback (most recent call last):
  File "/usr/local/lib/python3.12/site-packages/discord/client.py", line 465, in _run_event
    await coro(*args, **kwargs)
  File "/app/asu_discord/cogs/analytics.py", line 652, in on_member_update
    before_timeout = before.timed_out_until
                     ^^^^^^^^^^^^^^^^^^^^^^
AttributeError: 'Member' object has no attribute 'timed_out_until'
Ignoring exception in on_member_update
Traceback (most recent call last):
  File "/usr/local/lib/python3.12/site-packages/discord/client.py", line 465, in _run_event
    await coro(*args, **kwargs)
  File "/app/asu_discord/cogs/analytics.py", line 652, in on_member_update
    before_timeout = before.timed_out_until
                     ^^^^^^^^^^^^^^^^^^^^^^
AttributeError: 'Member' object has no attribute 'timed_out_until'
Ignoring exception in on_member_update
Traceback (most recent call last):
  File "/usr/local/lib/python3.12/site-packages/discord/client.py", line 465, in _run_event
    await coro(*args, **kwargs)
  File "/app/asu_discord/cogs/analytics.py", line 652, in on_member_update
    before_timeout = before.timed_out_until
                     ^^^^^^^^^^^^^^^^^^^^^^
AttributeError: 'Member' object has no attribute 'timed_out_until'
Ignoring exception in on_member_update
Traceback (most recent call last):
  File "/usr/local/lib/python3.12/site-packages/discord/client.py", line 465, in _run_event
    await coro(*args, **kwargs)
  File "/app/asu_discord/cogs/analytics.py", line 652, in on_member_update
    before_timeout = before.timed_out_until
                     ^^^^^^^^^^^^^^^^^^^^^^
AttributeError: 'Member' object has no attribute 'timed_out_until'
Ignoring exception in on_member_update
Traceback (most recent call last):
  File "/usr/local/lib/python3.12/site-packages/discord/client.py", line 465, in _run_event
    await coro(*args, **kwargs)
  File "/app/asu_discord/cogs/analytics.py", line 652, in on_member_update
    before_timeout = before.timed_out_until
                     ^^^^^^^^^^^^^^^^^^^^^^
AttributeError: 'Member' object has no attribute 'timed_out_until'
Ignoring exception in on_member_update
Traceback (most recent call last):
  File "/usr/local/lib/python3.12/site-packages/discord/client.py", line 465, in _run_event
    await coro(*args, **kwargs)
  File "/app/asu_discord/cogs/analytics.py", line 652, in on_member_update
    before_timeout = before.timed_out_until
                     ^^^^^^^^^^^^^^^^^^^^^^
AttributeError: 'Member' object has no attribute 'timed_out_until'
INFO:asu_discord.cogs.verification:Saved 5 roles to database for user kasharma (Discord ID: 879177753356800061)
INFO:asu_discord.cogs.verification:Refreshed Salesforce roles for Discord user 879177753356800061: -5/+5 roles, assigned=[Arizona Resident, Commited, First Year, Tempe, W.P. Carey School of Business]
Ignoring exception in on_member_update
Traceback (most recent call last):
  File "/usr/local/lib/python3.12/site-packages/discord/client.py", line 465, in _run_event
    await coro(*args, **kwargs)
  File "/app/asu_discord/cogs/analytics.py", line 652, in on_member_update
    before_timeout = before.timed_out_until
                     ^^^^^^^^^^^^^^^^^^^^^^
AttributeError: 'Member' object has no attribute 'timed_out_until'
Ignoring exception in on_member_update
Traceback (most recent call last):
  File "/usr/local/lib/python3.12/site-packages/discord/client.py", line 465, in _run_event
    await coro(*args, **kwargs)
  File "/app/asu_discord/cogs/analytics.py", line 652, in on_member_update
    before_timeout = before.timed_out_until
                     ^^^^^^^^^^^^^^^^^^^^^^
AttributeError: 'Member' object has no attribute 'timed_out_until'
Ignoring exception in on_member_update
Traceback (most recent call last):
  File "/usr/local/lib/python3.12/site-packages/discord/client.py", line 465, in _run_event
    await coro(*args, **kwargs)
  File "/app/asu_discord/cogs/analytics.py", line 652, in on_member_update
    before_timeout = before.timed_out_until
                     ^^^^^^^^^^^^^^^^^^^^^^
AttributeError: 'Member' object has no attribute 'timed_out_until'
Ignoring exception in on_member_update
Traceback (most recent call last):
  File "/usr/local/lib/python3.12/site-packages/discord/client.py", line 465, in _run_event
    await coro(*args, **kwargs)
  File "/app/asu_discord/cogs/analytics.py", line 652, in on_member_update
    before_timeout = before.timed_out_until
                     ^^^^^^^^^^^^^^^^^^^^^^
AttributeError: 'Member' object has no attribute 'timed_out_until'
Ignoring exception in on_member_update
Traceback (most recent call last):
  File "/usr/local/lib/python3.12/site-packages/discord/client.py", line 465, in _run_event
    await coro(*args, **kwargs)
  File "/app/asu_discord/cogs/analytics.py", line 652, in on_member_update
    before_timeout = before.timed_out_until
                     ^^^^^^^^^^^^^^^^^^^^^^
AttributeError: 'Member' object has no attribute 'timed_out_until'
Ignoring exception in on_member_update
Traceback (most recent call last):
  File "/usr/local/lib/python3.12/site-packages/discord/client.py", line 465, in _run_event
    await coro(*args, **kwargs)
  File "/app/asu_discord/cogs/analytics.py", line 652, in on_member_update
    before_timeout = before.timed_out_until
                     ^^^^^^^^^^^^^^^^^^^^^^
AttributeError: 'Member' object has no attribute 'timed_out_until'
Ignoring exception in on_member_update
Traceback (most recent call last):
  File "/usr/local/lib/python3.12/site-packages/discord/client.py", line 465, in _run_event
    await coro(*args, **kwargs)
  File "/app/asu_discord/cogs/analytics.py", line 652, in on_member_update
    before_timeout = before.timed_out_until
                     ^^^^^^^^^^^^^^^^^^^^^^
AttributeError: 'Member' object has no attribute 'timed_out_until'
Ignoring exception in on_member_update
Traceback (most recent call last):
  File "/usr/local/lib/python3.12/site-packages/discord/client.py", line 465, in _run_event
    await coro(*args, **kwargs)
  File "/app/asu_discord/cogs/analytics.py", line 652, in on_member_update
    before_timeout = before.timed_out_until
                     ^^^^^^^^^^^^^^^^^^^^^^
AttributeError: 'Member' object has no attribute 'timed_out_until'
INFO:asu_discord.cogs.verification:Saved 5 roles to database for user hheusink (Discord ID: 1440517317791322198)
INFO:asu_discord.cogs.verification:Refreshed Salesforce roles for Discord user 1440517317791322198: -4/+4 roles, assigned=[College of Liberal Arts and Sciences, Commited, First Year, Online, Out of State]
Ignoring exception in on_member_update
Traceback (most recent call last):
  File "/usr/local/lib/python3.12/site-packages/discord/client.py", line 465, in _run_event
    await coro(*args, **kwargs)
  File "/app/asu_discord/cogs/analytics.py", line 652, in on_member_update
    before_timeout = before.timed_out_until
                     ^^^^^^^^^^^^^^^^^^^^^^
AttributeError: 'Member' object has no attribute 'timed_out_until'
Ignoring exception in on_member_update
Traceback (most recent call last):
  File "/usr/local/lib/python3.12/site-packages/discord/client.py", line 465, in _run_event
    await coro(*args, **kwargs)
  File "/app/asu_discord/cogs/analytics.py", line 652, in on_member_update
    before_timeout = before.timed_out_until
                     ^^^^^^^^^^^^^^^^^^^^^^
AttributeError: 'Member' object has no attribute 'timed_out_until'
Ignoring exception in on_member_update
Traceback (most recent call last):
  File "/usr/local/lib/python3.12/site-packages/discord/client.py", line 465, in _run_event
    await coro(*args, **kwargs)
  File "/app/asu_discord/cogs/analytics.py", line 652, in on_member_update
    before_timeout = before.timed_out_until
                     ^^^^^^^^^^^^^^^^^^^^^^
AttributeError: 'Member' object has no attribute 'timed_out_until'
Ignoring exception in on_member_update
Traceback (most recent call last):
  File "/usr/local/lib/python3.12/site-packages/discord/client.py", line 465, in _run_event
    await coro(*args, **kwargs)
  File "/app/asu_discord/cogs/analytics.py", line 652, in on_member_update
    before_timeout = before.timed_out_until
                     ^^^^^^^^^^^^^^^^^^^^^^
AttributeError: 'Member' object has no attribute 'timed_out_until'
Ignoring exception in on_member_update
Traceback (most recent call last):
  File "/usr/local/lib/python3.12/site-packages/discord/client.py", line 465, in _run_event
    await coro(*args, **kwargs)
  File "/app/asu_discord/cogs/analytics.py", line 652, in on_member_update
    before_timeout = before.timed_out_until
                     ^^^^^^^^^^^^^^^^^^^^^^
AttributeError: 'Member' object has no attribute 'timed_out_until'
Ignoring exception in on_member_update
Traceback (most recent call last):
  File "/usr/local/lib/python3.12/site-packages/discord/client.py", line 465, in _run_event
    await coro(*args, **kwargs)
  File "/app/asu_discord/cogs/analytics.py", line 652, in on_member_update
    before_timeout = before.timed_out_until
                     ^^^^^^^^^^^^^^^^^^^^^^
AttributeError: 'Member' object has no attribute 'timed_out_until'
Ignoring exception in on_member_update
Traceback (most recent call last):
  File "/usr/local/lib/python3.12/site-packages/discord/client.py", line 465, in _run_event
    await coro(*args, **kwargs)
  File "/app/asu_discord/cogs/analytics.py", line 652, in on_member_update
    before_timeout = before.timed_out_until
                     ^^^^^^^^^^^^^^^^^^^^^^
AttributeError: 'Member' object has no attribute 'timed_out_until'
Ignoring exception in on_member_update
Traceback (most recent call last):
  File "/usr/local/lib/python3.12/site-packages/discord/client.py", line 465, in _run_event
    await coro(*args, **kwargs)
  File "/app/asu_discord/cogs/analytics.py", line 652, in on_member_update
    before_timeout = before.timed_out_until
                     ^^^^^^^^^^^^^^^^^^^^^^
AttributeError: 'Member' object has no attribute 'timed_out_until'
Ignoring exception in on_member_update
Traceback (most recent call last):
  File "/usr/local/lib/python3.12/site-packages/discord/client.py", line 465, in _run_event
    await coro(*args, **kwargs)
  File "/app/asu_discord/cogs/analytics.py", line 652, in on_member_update
    before_timeout = before.timed_out_until
                     ^^^^^^^^^^^^^^^^^^^^^^
AttributeError: 'Member' object has no attribute 'timed_out_until'
Ignoring exception in on_member_update
Traceback (most recent call last):
  File "/usr/local/lib/python3.12/site-packages/discord/client.py", line 465, in _run_event
    await coro(*args, **kwargs)
  File "/app/asu_discord/cogs/analytics.py", line 652, in on_member_update
    before_timeout = before.timed_out_until
                     ^^^^^^^^^^^^^^^^^^^^^^
AttributeError: 'Member' object has no attribute 'timed_out_until'
INFO:asu_discord.cogs.verification:Saved 5 roles to database for user mgredlic (Discord ID: 1053100846906343464)
INFO:asu_discord.cogs.verification:Refreshed Salesforce roles for Discord user 1053100846906343464: -5/+5 roles, assigned=[Arizona Resident, Commited, First Year, Herberger Institute for Design and the Arts, Tempe]
Ignoring exception in on_member_update
Traceback (most recent call last):
  File "/usr/local/lib/python3.12/site-packages/discord/client.py", line 465, in _run_event
    await coro(*args, **kwargs)
  File "/app/asu_discord/cogs/analytics.py", line 652, in on_member_update
    before_timeout = before.timed_out_until
                     ^^^^^^^^^^^^^^^^^^^^^^
AttributeError: 'Member' object has no attribute 'timed_out_until'
Ignoring exception in on_member_update
Traceback (most recent call last):
  File "/usr/local/lib/python3.12/site-packages/discord/client.py", line 465, in _run_event
    await coro(*args, **kwargs)
  File "/app/asu_discord/cogs/analytics.py", line 652, in on_member_update
    before_timeout = before.timed_out_until
                     ^^^^^^^^^^^^^^^^^^^^^^
AttributeError: 'Member' object has no attribute 'timed_out_until'
Ignoring exception in on_member_update
Traceback (most recent call last):
  File "/usr/local/lib/python3.12/site-packages/discord/client.py", line 465, in _run_event
    await coro(*args, **kwargs)
  File "/app/asu_discord/cogs/analytics.py", line 652, in on_member_update
    before_timeout = before.timed_out_until
                     ^^^^^^^^^^^^^^^^^^^^^^
AttributeError: 'Member' object has no attribute 'timed_out_until'
Ignoring exception in on_member_update
Traceback (most recent call last):
  File "/usr/local/lib/python3.12/site-packages/discord/client.py", line 465, in _run_event
    await coro(*args, **kwargs)
  File "/app/asu_discord/cogs/analytics.py", line 652, in on_member_update
    before_timeout = before.timed_out_until
                     ^^^^^^^^^^^^^^^^^^^^^^
AttributeError: 'Member' object has no attribute 'timed_out_until'
Ignoring exception in on_member_update
Traceback (most recent call last):
  File "/usr/local/lib/python3.12/site-packages/discord/client.py", line 465, in _run_event
    await coro(*args, **kwargs)
  File "/app/asu_discord/cogs/analytics.py", line 652, in on_member_update
    before_timeout = before.timed_out_until
                     ^^^^^^^^^^^^^^^^^^^^^^
AttributeError: 'Member' object has no attribute 'timed_out_until'
Ignoring exception in on_member_update
Traceback (most recent call last):
  File "/usr/local/lib/python3.12/site-packages/discord/client.py", line 465, in _run_event
    await coro(*args, **kwargs)
  File "/app/asu_discord/cogs/analytics.py", line 652, in on_member_update
    before_timeout = before.timed_out_until
                     ^^^^^^^^^^^^^^^^^^^^^^
AttributeError: 'Member' object has no attribute 'timed_out_until'
Ignoring exception in on_member_update
Traceback (most recent call last):
  File "/usr/local/lib/python3.12/site-packages/discord/client.py", line 465, in _run_event
    await coro(*args, **kwargs)
  File "/app/asu_discord/cogs/analytics.py", line 652, in on_member_update
    before_timeout = before.timed_out_until
                     ^^^^^^^^^^^^^^^^^^^^^^
AttributeError: 'Member' object has no attribute 'timed_out_until'
Ignoring exception in on_member_update
Traceback (most recent call last):
  File "/usr/local/lib/python3.12/site-packages/discord/client.py", line 465, in _run_event
    await coro(*args, **kwargs)
  File "/app/asu_discord/cogs/analytics.py", line 652, in on_member_update
    before_timeout = before.timed_out_until
                     ^^^^^^^^^^^^^^^^^^^^^^
AttributeError: 'Member' object has no attribute 'timed_out_until'
Ignoring exception in on_member_update
Traceback (most recent call last):
  File "/usr/local/lib/python3.12/site-packages/discord/client.py", line 465, in _run_event
    await coro(*args, **kwargs)
  File "/app/asu_discord/cogs/analytics.py", line 652, in on_member_update
    before_timeout = before.timed_out_until
                     ^^^^^^^^^^^^^^^^^^^^^^
AttributeError: 'Member' object has no attribute 'timed_out_until'
Ignoring exception in on_member_update
Traceback (most recent call last):
  File "/usr/local/lib/python3.12/site-packages/discord/client.py", line 465, in _run_event
    await coro(*args, **kwargs)
  File "/app/asu_discord/cogs/analytics.py", line 652, in on_member_update
    before_timeout = before.timed_out_until
                     ^^^^^^^^^^^^^^^^^^^^^^
AttributeError: 'Member' object has no attribute 'timed_out_until'
INFO:asu_discord.cogs.verification:Saved 5 roles to database for user brcasias (Discord ID: 1448456229121953895)
INFO:asu_discord.cogs.verification:Refreshed Salesforce roles for Discord user 1448456229121953895: -5/+5 roles, assigned=[Commited, Downtown Phoenix, First Year, Out of State, Watts College of Public Service and Community Solutions]
Ignoring exception in on_member_update
Traceback (most recent call last):
  File "/usr/local/lib/python3.12/site-packages/discord/client.py", line 465, in _run_event
    await coro(*args, **kwargs)
  File "/app/asu_discord/cogs/analytics.py", line 652, in on_member_update
    before_timeout = before.timed_out_until
                     ^^^^^^^^^^^^^^^^^^^^^^
AttributeError: 'Member' object has no attribute 'timed_out_until'
Ignoring exception in on_member_update
Traceback (most recent call last):
  File "/usr/local/lib/python3.12/site-packages/discord/client.py", line 465, in _run_event
    await coro(*args, **kwargs)
  File "/app/asu_discord/cogs/analytics.py", line 652, in on_member_update
    before_timeout = before.timed_out_until
                     ^^^^^^^^^^^^^^^^^^^^^^
AttributeError: 'Member' object has no attribute 'timed_out_until'
Ignoring exception in on_member_update
Traceback (most recent call last):
  File "/usr/local/lib/python3.12/site-packages/discord/client.py", line 465, in _run_event
    await coro(*args, **kwargs)
  File "/app/asu_discord/cogs/analytics.py", line 652, in on_member_update
    before_timeout = before.timed_out_until
                     ^^^^^^^^^^^^^^^^^^^^^^
AttributeError: 'Member' object has no attribute 'timed_out_until'
Ignoring exception in on_member_update
Traceback (most recent call last):
  File "/usr/local/lib/python3.12/site-packages/discord/client.py", line 465, in _run_event
    await coro(*args, **kwargs)
  File "/app/asu_discord/cogs/analytics.py", line 652, in on_member_update
    before_timeout = before.timed_out_until
                     ^^^^^^^^^^^^^^^^^^^^^^
AttributeError: 'Member' object has no attribute 'timed_out_until'
Ignoring exception in on_member_update
Traceback (most recent call last):
  File "/usr/local/lib/python3.12/site-packages/discord/client.py", line 465, in _run_event
    await coro(*args, **kwargs)
  File "/app/asu_discord/cogs/analytics.py", line 652, in on_member_update
    before_timeout = before.timed_out_until
                     ^^^^^^^^^^^^^^^^^^^^^^
AttributeError: 'Member' object has no attribute 'timed_out_until'
Ignoring exception in on_member_update
Traceback (most recent call last):
  File "/usr/local/lib/python3.12/site-packages/discord/client.py", line 465, in _run_event
    await coro(*args, **kwargs)
  File "/app/asu_discord/cogs/analytics.py", line 652, in on_member_update
    before_timeout = before.timed_out_until
                     ^^^^^^^^^^^^^^^^^^^^^^
AttributeError: 'Member' object has no attribute 'timed_out_until'
Ignoring exception in on_member_update
Traceback (most recent call last):
  File "/usr/local/lib/python3.12/site-packages/discord/client.py", line 465, in _run_event
    await coro(*args, **kwargs)
  File "/app/asu_discord/cogs/analytics.py", line 652, in on_member_update
    before_timeout = before.timed_out_until
                     ^^^^^^^^^^^^^^^^^^^^^^
AttributeError: 'Member' object has no attribute 'timed_out_until'
Ignoring exception in on_member_update
Traceback (most recent call last):
  File "/usr/local/lib/python3.12/site-packages/discord/client.py", line 465, in _run_event
    await coro(*args, **kwargs)
  File "/app/asu_discord/cogs/analytics.py", line 652, in on_member_update
    before_timeout = before.timed_out_until
                     ^^^^^^^^^^^^^^^^^^^^^^
AttributeError: 'Member' object has no attribute 'timed_out_until'
Ignoring exception in on_member_update
Traceback (most recent call last):
  File "/usr/local/lib/python3.12/site-packages/discord/client.py", line 465, in _run_event
    await coro(*args, **kwargs)
  File "/app/asu_discord/cogs/analytics.py", line 652, in on_member_update
    before_timeout = before.timed_out_until
                     ^^^^^^^^^^^^^^^^^^^^^^
AttributeError: 'Member' object has no attribute 'timed_out_until'
Ignoring exception in on_member_update
Traceback (most recent call last):
  File "/usr/local/lib/python3.12/site-packages/discord/client.py", line 465, in _run_event
    await coro(*args, **kwargs)
  File "/app/asu_discord/cogs/analytics.py", line 652, in on_member_update
    before_timeout = before.timed_out_until
                     ^^^^^^^^^^^^^^^^^^^^^^
AttributeError: 'Member' object has no attribute 'timed_out_until'
INFO:asu_discord.cogs.verification:Saved 5 roles to database for user emtayl17 (Discord ID: 1465176571638976735)
INFO:asu_discord.cogs.verification:Refreshed Salesforce roles for Discord user 1465176571638976735: -5/+5 roles, assigned=[Commited, First Year, Out of State, Tempe, W.P. Carey School of Business]
ERROR:cron.jobs:refresh_salesforce_roles: failed for eramsey7 (Discord ID 837800814164443176): Failed to refresh Salesforce-based roles: Discord user 837800814164443176 is not a member of the guild
Ignoring exception in on_member_update
Traceback (most recent call last):
  File "/usr/local/lib/python3.12/site-packages/discord/client.py", line 465, in _run_event
    await coro(*args, **kwargs)
  File "/app/asu_discord/cogs/analytics.py", line 652, in on_member_update
    before_timeout = before.timed_out_until
                     ^^^^^^^^^^^^^^^^^^^^^^
AttributeError: 'Member' object has no attribute 'timed_out_until'
Ignoring exception in on_member_update
Traceback (most recent call last):
  File "/usr/local/lib/python3.12/site-packages/discord/client.py", line 465, in _run_event
    await coro(*args, **kwargs)
  File "/app/asu_discord/cogs/analytics.py", line 652, in on_member_update
    before_timeout = before.timed_out_until
                     ^^^^^^^^^^^^^^^^^^^^^^
AttributeError: 'Member' object has no attribute 'timed_out_until'
Ignoring exception in on_member_update
Traceback (most recent call last):
  File "/usr/local/lib/python3.12/site-packages/discord/client.py", line 465, in _run_event
    await coro(*args, **kwargs)
  File "/app/asu_discord/cogs/analytics.py", line 652, in on_member_update
    before_timeout = before.timed_out_until
                     ^^^^^^^^^^^^^^^^^^^^^^
AttributeError: 'Member' object has no attribute 'timed_out_until'
Ignoring exception in on_member_update
Traceback (most recent call last):
  File "/usr/local/lib/python3.12/site-packages/discord/client.py", line 465, in _run_event
    await coro(*args, **kwargs)
  File "/app/asu_discord/cogs/analytics.py", line 652, in on_member_update
    before_timeout = before.timed_out_until
                     ^^^^^^^^^^^^^^^^^^^^^^
AttributeError: 'Member' object has no attribute 'timed_out_until'
Ignoring exception in on_member_update
Traceback (most recent call last):
  File "/usr/local/lib/python3.12/site-packages/discord/client.py", line 465, in _run_event
    await coro(*args, **kwargs)
  File "/app/asu_discord/cogs/analytics.py", line 652, in on_member_update
    before_timeout = before.timed_out_until
                     ^^^^^^^^^^^^^^^^^^^^^^
AttributeError: 'Member' object has no attribute 'timed_out_until'
Ignoring exception in on_member_update
Traceback (most recent call last):
  File "/usr/local/lib/python3.12/site-packages/discord/client.py", line 465, in _run_event
    await coro(*args, **kwargs)
  File "/app/asu_discord/cogs/analytics.py", line 652, in on_member_update
    before_timeout = before.timed_out_until
                     ^^^^^^^^^^^^^^^^^^^^^^
AttributeError: 'Member' object has no attribute 'timed_out_until'
Ignoring exception in on_member_update
Traceback (most recent call last):
  File "/usr/local/lib/python3.12/site-packages/discord/client.py", line 465, in _run_event
    await coro(*args, **kwargs)
  File "/app/asu_discord/cogs/analytics.py", line 652, in on_member_update
    before_timeout = before.timed_out_until
                     ^^^^^^^^^^^^^^^^^^^^^^
AttributeError: 'Member' object has no attribute 'timed_out_until'
Ignoring exception in on_member_update
Traceback (most recent call last):
  File "/usr/local/lib/python3.12/site-packages/discord/client.py", line 465, in _run_event
    await coro(*args, **kwargs)
  File "/app/asu_discord/cogs/analytics.py", line 652, in on_member_update
    before_timeout = before.timed_out_until
                     ^^^^^^^^^^^^^^^^^^^^^^
AttributeError: 'Member' object has no attribute 'timed_out_until'
INFO:asu_discord.cogs.verification:Saved 5 roles to database for user vsanch79 (Discord ID: 1256431532705448009)
INFO:asu_discord.cogs.verification:Refreshed Salesforce roles for Discord user 1256431532705448009: -4/+4 roles, assigned=[Arizona Resident, College of Liberal Arts and Sciences, Commited, First Year, Tempe]
Ignoring exception in on_member_update
Traceback (most recent call last):
  File "/usr/local/lib/python3.12/site-packages/discord/client.py", line 465, in _run_event
    await coro(*args, **kwargs)
  File "/app/asu_discord/cogs/analytics.py", line 652, in on_member_update
    before_timeout = before.timed_out_until
                     ^^^^^^^^^^^^^^^^^^^^^^
AttributeError: 'Member' object has no attribute 'timed_out_until'
Ignoring exception in on_member_update
Traceback (most recent call last):
  File "/usr/local/lib/python3.12/site-packages/discord/client.py", line 465, in _run_event
    await coro(*args, **kwargs)
  File "/app/asu_discord/cogs/analytics.py", line 652, in on_member_update
    before_timeout = before.timed_out_until
                     ^^^^^^^^^^^^^^^^^^^^^^
AttributeError: 'Member' object has no attribute 'timed_out_until'
Ignoring exception in on_member_update
Traceback (most recent call last):
  File "/usr/local/lib/python3.12/site-packages/discord/client.py", line 465, in _run_event
    await coro(*args, **kwargs)
  File "/app/asu_discord/cogs/analytics.py", line 652, in on_member_update
    before_timeout = before.timed_out_until
                     ^^^^^^^^^^^^^^^^^^^^^^
AttributeError: 'Member' object has no attribute 'timed_out_until'
Ignoring exception in on_member_update
Traceback (most recent call last):
  File "/usr/local/lib/python3.12/site-packages/discord/client.py", line 465, in _run_event
    await coro(*args, **kwargs)
  File "/app/asu_discord/cogs/analytics.py", line 652, in on_member_update
    before_timeout = before.timed_out_until
                     ^^^^^^^^^^^^^^^^^^^^^^
AttributeError: 'Member' object has no attribute 'timed_out_until'
Ignoring exception in on_member_update
Traceback (most recent call last):
  File "/usr/local/lib/python3.12/site-packages/discord/client.py", line 465, in _run_event
    await coro(*args, **kwargs)
  File "/app/asu_discord/cogs/analytics.py", line 652, in on_member_update
    before_timeout = before.timed_out_until
                     ^^^^^^^^^^^^^^^^^^^^^^
AttributeError: 'Member' object has no attribute 'timed_out_until'
Ignoring exception in on_member_update
Traceback (most recent call last):
  File "/usr/local/lib/python3.12/site-packages/discord/client.py", line 465, in _run_event
    await coro(*args, **kwargs)
  File "/app/asu_discord/cogs/analytics.py", line 652, in on_member_update
    before_timeout = before.timed_out_until
                     ^^^^^^^^^^^^^^^^^^^^^^
AttributeError: 'Member' object has no attribute 'timed_out_until'
Ignoring exception in on_member_update
Traceback (most recent call last):
  File "/usr/local/lib/python3.12/site-packages/discord/client.py", line 465, in _run_event
    await coro(*args, **kwargs)
  File "/app/asu_discord/cogs/analytics.py", line 652, in on_member_update
    before_timeout = before.timed_out_until
                     ^^^^^^^^^^^^^^^^^^^^^^
AttributeError: 'Member' object has no attribute 'timed_out_until'
Ignoring exception in on_member_update
Traceback (most recent call last):
  File "/usr/local/lib/python3.12/site-packages/discord/client.py", line 465, in _run_event
    await coro(*args, **kwargs)
  File "/app/asu_discord/cogs/analytics.py", line 652, in on_member_update
    before_timeout = before.timed_out_until
                     ^^^^^^^^^^^^^^^^^^^^^^
AttributeError: 'Member' object has no attribute 'timed_out_until'
Ignoring exception in on_member_update
Traceback (most recent call last):
  File "/usr/local/lib/python3.12/site-packages/discord/client.py", line 465, in _run_event
    await coro(*args, **kwargs)
  File "/app/asu_discord/cogs/analytics.py", line 652, in on_member_update
    before_timeout = before.timed_out_until
                     ^^^^^^^^^^^^^^^^^^^^^^
AttributeError: 'Member' object has no attribute 'timed_out_until'
Ignoring exception in on_member_update
Traceback (most recent call last):
  File "/usr/local/lib/python3.12/site-packages/discord/client.py", line 465, in _run_event
    await coro(*args, **kwargs)
  File "/app/asu_discord/cogs/analytics.py", line 652, in on_member_update
    before_timeout = before.timed_out_until
                     ^^^^^^^^^^^^^^^^^^^^^^
AttributeError: 'Member' object has no attribute 'timed_out_until'
Ignoring exception in on_member_update
Traceback (most recent call last):
  File "/usr/local/lib/python3.12/site-packages/discord/client.py", line 465, in _run_event
    await coro(*args, **kwargs)
  File "/app/asu_discord/cogs/analytics.py", line 652, in on_member_update
    before_timeout = before.timed_out_until
                     ^^^^^^^^^^^^^^^^^^^^^^
AttributeError: 'Member' object has no attribute 'timed_out_until'
Ignoring exception in on_member_update
Traceback (most recent call last):
  File "/usr/local/lib/python3.12/site-packages/discord/client.py", line 465, in _run_event
    await coro(*args, **kwargs)
  File "/app/asu_discord/cogs/analytics.py", line 652, in on_member_update
    before_timeout = before.timed_out_until
                     ^^^^^^^^^^^^^^^^^^^^^^
AttributeError: 'Member' object has no attribute 'timed_out_until'
INFO:asu_discord.cogs.verification:Saved 6 roles to database for user bdwynne (Discord ID: 1086425040150605854)
INFO:asu_discord.cogs.verification:Refreshed Salesforce roles for Discord user 1086425040150605854: -6/+6 roles, assigned=[Arizona Resident, Commited, First Generation Student, First Year, Tempe, W.P. Carey School of Business]
Ignoring exception in on_member_update
Traceback (most recent call last):
  File "/usr/local/lib/python3.12/site-packages/discord/client.py", line 465, in _run_event
    await coro(*args, **kwargs)
  File "/app/asu_discord/cogs/analytics.py", line 652, in on_member_update
    before_timeout = before.timed_out_until
                     ^^^^^^^^^^^^^^^^^^^^^^
AttributeError: 'Member' object has no attribute 'timed_out_until'
Ignoring exception in on_member_update
Traceback (most recent call last):
  File "/usr/local/lib/python3.12/site-packages/discord/client.py", line 465, in _run_event
    await coro(*args, **kwargs)
  File "/app/asu_discord/cogs/analytics.py", line 652, in on_member_update
    before_timeout = before.timed_out_until
                     ^^^^^^^^^^^^^^^^^^^^^^
AttributeError: 'Member' object has no attribute 'timed_out_until'
Ignoring exception in on_member_update
Traceback (most recent call last):
  File "/usr/local/lib/python3.12/site-packages/discord/client.py", line 465, in _run_event
    await coro(*args, **kwargs)
  File "/app/asu_discord/cogs/analytics.py", line 652, in on_member_update
    before_timeout = before.timed_out_until
                     ^^^^^^^^^^^^^^^^^^^^^^
AttributeError: 'Member' object has no attribute 'timed_out_until'
Ignoring exception in on_member_update
Traceback (most recent call last):
  File "/usr/local/lib/python3.12/site-packages/discord/client.py", line 465, in _run_event
    await coro(*args, **kwargs)
  File "/app/asu_discord/cogs/analytics.py", line 652, in on_member_update
    before_timeout = before.timed_out_until
                     ^^^^^^^^^^^^^^^^^^^^^^
AttributeError: 'Member' object has no attribute 'timed_out_until'
Ignoring exception in on_member_update
Traceback (most recent call last):
  File "/usr/local/lib/python3.12/site-packages/discord/client.py", line 465, in _run_event
    await coro(*args, **kwargs)
  File "/app/asu_discord/cogs/analytics.py", line 652, in on_member_update
    before_timeout = before.timed_out_until
                     ^^^^^^^^^^^^^^^^^^^^^^
AttributeError: 'Member' object has no attribute 'timed_out_until'
Ignoring exception in on_member_update
Traceback (most recent call last):
  File "/usr/local/lib/python3.12/site-packages/discord/client.py", line 465, in _run_event
    await coro(*args, **kwargs)
  File "/app/asu_discord/cogs/analytics.py", line 652, in on_member_update
    before_timeout = before.timed_out_until
                     ^^^^^^^^^^^^^^^^^^^^^^
AttributeError: 'Member' object has no attribute 'timed_out_until'
Ignoring exception in on_member_update
Traceback (most recent call last):
  File "/usr/local/lib/python3.12/site-packages/discord/client.py", line 465, in _run_event
    await coro(*args, **kwargs)
  File "/app/asu_discord/cogs/analytics.py", line 652, in on_member_update
    before_timeout = before.timed_out_until
                     ^^^^^^^^^^^^^^^^^^^^^^
AttributeError: 'Member' object has no attribute 'timed_out_until'
Ignoring exception in on_member_update
Traceback (most recent call last):
  File "/usr/local/lib/python3.12/site-packages/discord/client.py", line 465, in _run_event
    await coro(*args, **kwargs)
  File "/app/asu_discord/cogs/analytics.py", line 652, in on_member_update
    before_timeout = before.timed_out_until
                     ^^^^^^^^^^^^^^^^^^^^^^
AttributeError: 'Member' object has no attribute 'timed_out_until'
Ignoring exception in on_member_update
Traceback (most recent call last):
  File "/usr/local/lib/python3.12/site-packages/discord/client.py", line 465, in _run_event
    await coro(*args, **kwargs)
  File "/app/asu_discord/cogs/analytics.py", line 652, in on_member_update
    before_timeout = before.timed_out_until
                     ^^^^^^^^^^^^^^^^^^^^^^
AttributeError: 'Member' object has no attribute 'timed_out_until'
Ignoring exception in on_member_update
Traceback (most recent call last):
  File "/usr/local/lib/python3.12/site-packages/discord/client.py", line 465, in _run_event
    await coro(*args, **kwargs)
  File "/app/asu_discord/cogs/analytics.py", line 652, in on_member_update
    before_timeout = before.timed_out_until
                     ^^^^^^^^^^^^^^^^^^^^^^
AttributeError: 'Member' object has no attribute 'timed_out_until'
INFO:asu_discord.cogs.verification:Saved 5 roles to database for user akmerri1 (Discord ID: 430106530570829824)
INFO:asu_discord.cogs.verification:Refreshed Salesforce roles for Discord user 430106530570829824: -5/+5 roles, assigned=[Arizona Resident, Commited, Herberger Institute for Design and the Arts, Tempe, Transfer Student]
INFO:asu_discord.salesforce:No Salesforce opportunities found for aschel10
INFO:cron.jobs:refresh_salesforce_roles: skipping aschel10: no profile returned
Ignoring exception in on_member_update
Traceback (most recent call last):
  File "/usr/local/lib/python3.12/site-packages/discord/client.py", line 465, in _run_event
    await coro(*args, **kwargs)
  File "/app/asu_discord/cogs/analytics.py", line 652, in on_member_update
    before_timeout = before.timed_out_until
                     ^^^^^^^^^^^^^^^^^^^^^^
AttributeError: 'Member' object has no attribute 'timed_out_until'
Ignoring exception in on_member_update
Traceback (most recent call last):
  File "/usr/local/lib/python3.12/site-packages/discord/client.py", line 465, in _run_event
    await coro(*args, **kwargs)
  File "/app/asu_discord/cogs/analytics.py", line 652, in on_member_update
    before_timeout = before.timed_out_until
                     ^^^^^^^^^^^^^^^^^^^^^^
AttributeError: 'Member' object has no attribute 'timed_out_until'
Ignoring exception in on_member_update
Traceback (most recent call last):
  File "/usr/local/lib/python3.12/site-packages/discord/client.py", line 465, in _run_event
    await coro(*args, **kwargs)
  File "/app/asu_discord/cogs/analytics.py", line 652, in on_member_update
    before_timeout = before.timed_out_until
                     ^^^^^^^^^^^^^^^^^^^^^^
AttributeError: 'Member' object has no attribute 'timed_out_until'
Ignoring exception in on_member_update
Traceback (most recent call last):
  File "/usr/local/lib/python3.12/site-packages/discord/client.py", line 465, in _run_event
    await coro(*args, **kwargs)
  File "/app/asu_discord/cogs/analytics.py", line 652, in on_member_update
    before_timeout = before.timed_out_until
                     ^^^^^^^^^^^^^^^^^^^^^^
AttributeError: 'Member' object has no attribute 'timed_out_until'
Ignoring exception in on_member_update
Traceback (most recent call last):
  File "/usr/local/lib/python3.12/site-packages/discord/client.py", line 465, in _run_event
    await coro(*args, **kwargs)
  File "/app/asu_discord/cogs/analytics.py", line 652, in on_member_update
    before_timeout = before.timed_out_until
                     ^^^^^^^^^^^^^^^^^^^^^^
AttributeError: 'Member' object has no attribute 'timed_out_until'
Ignoring exception in on_member_update
Traceback (most recent call last):
  File "/usr/local/lib/python3.12/site-packages/discord/client.py", line 465, in _run_event
    await coro(*args, **kwargs)
  File "/app/asu_discord/cogs/analytics.py", line 652, in on_member_update
    before_timeout = before.timed_out_until
                     ^^^^^^^^^^^^^^^^^^^^^^
AttributeError: 'Member' object has no attribute 'timed_out_until'
Ignoring exception in on_member_update
Traceback (most recent call last):
  File "/usr/local/lib/python3.12/site-packages/discord/client.py", line 465, in _run_event
    await coro(*args, **kwargs)
  File "/app/asu_discord/cogs/analytics.py", line 652, in on_member_update
    before_timeout = before.timed_out_until
                     ^^^^^^^^^^^^^^^^^^^^^^
AttributeError: 'Member' object has no attribute 'timed_out_until'
Ignoring exception in on_member_update
Traceback (most recent call last):
  File "/usr/local/lib/python3.12/site-packages/discord/client.py", line 465, in _run_event
    await coro(*args, **kwargs)
  File "/app/asu_discord/cogs/analytics.py", line 652, in on_member_update
    before_timeout = before.timed_out_until
                     ^^^^^^^^^^^^^^^^^^^^^^
AttributeError: 'Member' object has no attribute 'timed_out_until'
Ignoring exception in on_member_update
Traceback (most recent call last):
  File "/usr/local/lib/python3.12/site-packages/discord/client.py", line 465, in _run_event
    await coro(*args, **kwargs)
  File "/app/asu_discord/cogs/analytics.py", line 652, in on_member_update
    before_timeout = before.timed_out_until
                     ^^^^^^^^^^^^^^^^^^^^^^
AttributeError: 'Member' object has no attribute 'timed_out_until'
Ignoring exception in on_member_update
Traceback (most recent call last):
  File "/usr/local/lib/python3.12/site-packages/discord/client.py", line 465, in _run_event
    await coro(*args, **kwargs)
  File "/app/asu_discord/cogs/analytics.py", line 652, in on_member_update
    before_timeout = before.timed_out_until
                     ^^^^^^^^^^^^^^^^^^^^^^
AttributeError: 'Member' object has no attribute 'timed_out_until'
Ignoring exception in on_member_update
Traceback (most recent call last):
  File "/usr/local/lib/python3.12/site-packages/discord/client.py", line 465, in _run_event
    await coro(*args, **kwargs)
  File "/app/asu_discord/cogs/analytics.py", line 652, in on_member_update
    before_timeout = before.timed_out_until
                     ^^^^^^^^^^^^^^^^^^^^^^
AttributeError: 'Member' object has no attribute 'timed_out_until'
Ignoring exception in on_member_update
Traceback (most recent call last):
  File "/usr/local/lib/python3.12/site-packages/discord/client.py", line 465, in _run_event
    await coro(*args, **kwargs)
  File "/app/asu_discord/cogs/analytics.py", line 652, in on_member_update
    before_timeout = before.timed_out_until
                     ^^^^^^^^^^^^^^^^^^^^^^
AttributeError: 'Member' object has no attribute 'timed_out_until'
INFO:asu_discord.cogs.verification:Saved 6 roles to database for user chuan252 (Discord ID: 760977720720490506)
INFO:asu_discord.cogs.verification:Refreshed Salesforce roles for Discord user 760977720720490506: -6/+6 roles, assigned=[Commited, First Generation Student, First Year, Herberger Institute for Design and the Arts, Out of State, Tempe]
Ignoring exception in on_member_update
Traceback (most recent call last):
  File "/usr/local/lib/python3.12/site-packages/discord/client.py", line 465, in _run_event
    await coro(*args, **kwargs)
  File "/app/asu_discord/cogs/analytics.py", line 652, in on_member_update
    before_timeout = before.timed_out_until
                     ^^^^^^^^^^^^^^^^^^^^^^
AttributeError: 'Member' object has no attribute 'timed_out_until'
Ignoring exception in on_member_update
Traceback (most recent call last):
  File "/usr/local/lib/python3.12/site-packages/discord/client.py", line 465, in _run_event
    await coro(*args, **kwargs)
  File "/app/asu_discord/cogs/analytics.py", line 652, in on_member_update
    before_timeout = before.timed_out_until
                     ^^^^^^^^^^^^^^^^^^^^^^
AttributeError: 'Member' object has no attribute 'timed_out_until'
Ignoring exception in on_member_update
Traceback (most recent call last):
  File "/usr/local/lib/python3.12/site-packages/discord/client.py", line 465, in _run_event
    await coro(*args, **kwargs)
  File "/app/asu_discord/cogs/analytics.py", line 652, in on_member_update
    before_timeout = before.timed_out_until
                     ^^^^^^^^^^^^^^^^^^^^^^
AttributeError: 'Member' object has no attribute 'timed_out_until'
Ignoring exception in on_member_update
Traceback (most recent call last):
  File "/usr/local/lib/python3.12/site-packages/discord/client.py", line 465, in _run_event
    await coro(*args, **kwargs)
  File "/app/asu_discord/cogs/analytics.py", line 652, in on_member_update
    before_timeout = before.timed_out_until
                     ^^^^^^^^^^^^^^^^^^^^^^
AttributeError: 'Member' object has no attribute 'timed_out_until'
Ignoring exception in on_member_update
Traceback (most recent call last):
  File "/usr/local/lib/python3.12/site-packages/discord/client.py", line 465, in _run_event
    await coro(*args, **kwargs)
  File "/app/asu_discord/cogs/analytics.py", line 652, in on_member_update
    before_timeout = before.timed_out_until
                     ^^^^^^^^^^^^^^^^^^^^^^
AttributeError: 'Member' object has no attribute 'timed_out_until'
Ignoring exception in on_member_update
Traceback (most recent call last):
  File "/usr/local/lib/python3.12/site-packages/discord/client.py", line 465, in _run_event
    await coro(*args, **kwargs)
  File "/app/asu_discord/cogs/analytics.py", line 652, in on_member_update
    before_timeout = before.timed_out_until
                     ^^^^^^^^^^^^^^^^^^^^^^
AttributeError: 'Member' object has no attribute 'timed_out_until'
Ignoring exception in on_member_update
Traceback (most recent call last):
  File "/usr/local/lib/python3.12/site-packages/discord/client.py", line 465, in _run_event
    await coro(*args, **kwargs)
  File "/app/asu_discord/cogs/analytics.py", line 652, in on_member_update
    before_timeout = before.timed_out_until
                     ^^^^^^^^^^^^^^^^^^^^^^
AttributeError: 'Member' object has no attribute 'timed_out_until'
Ignoring exception in on_member_update
Traceback (most recent call last):
  File "/usr/local/lib/python3.12/site-packages/discord/client.py", line 465, in _run_event
    await coro(*args, **kwargs)
  File "/app/asu_discord/cogs/analytics.py", line 652, in on_member_update
    before_timeout = before.timed_out_until
                     ^^^^^^^^^^^^^^^^^^^^^^
AttributeError: 'Member' object has no attribute 'timed_out_until'
Ignoring exception in on_member_update
Traceback (most recent call last):
  File "/usr/local/lib/python3.12/site-packages/discord/client.py", line 465, in _run_event
    await coro(*args, **kwargs)
  File "/app/asu_discord/cogs/analytics.py", line 652, in on_member_update
    before_timeout = before.timed_out_until
                     ^^^^^^^^^^^^^^^^^^^^^^
AttributeError: 'Member' object has no attribute 'timed_out_until'
Ignoring exception in on_member_update
Traceback (most recent call last):
  File "/usr/local/lib/python3.12/site-packages/discord/client.py", line 465, in _run_event
    await coro(*args, **kwargs)
  File "/app/asu_discord/cogs/analytics.py", line 652, in on_member_update
    before_timeout = before.timed_out_until
                     ^^^^^^^^^^^^^^^^^^^^^^
AttributeError: 'Member' object has no attribute 'timed_out_until'
ERROR:cron.jobs:refresh_salesforce_roles: failed for jsborges (Discord ID 1465487938857992264): Timed out refresh Salesforce-based roles
Ignoring exception in on_member_update
Traceback (most recent call last):
  File "/usr/local/lib/python3.12/site-packages/discord/client.py", line 465, in _run_event
    await coro(*args, **kwargs)
  File "/app/asu_discord/cogs/analytics.py", line 652, in on_member_update
    before_timeout = before.timed_out_until
                     ^^^^^^^^^^^^^^^^^^^^^^
AttributeError: 'Member' object has no attribute 'timed_out_until'
Ignoring exception in on_member_update
Traceback (most recent call last):
  File "/usr/local/lib/python3.12/site-packages/discord/client.py", line 465, in _run_event
    await coro(*args, **kwargs)
  File "/app/asu_discord/cogs/analytics.py", line 652, in on_member_update
    before_timeout = before.timed_out_until
                     ^^^^^^^^^^^^^^^^^^^^^^
AttributeError: 'Member' object has no attribute 'timed_out_until'
Ignoring exception in on_member_update
Traceback (most recent call last):
  File "/usr/local/lib/python3.12/site-packages/discord/client.py", line 465, in _run_event
    await coro(*args, **kwargs)
  File "/app/asu_discord/cogs/analytics.py", line 652, in on_member_update
    before_timeout = before.timed_out_until
                     ^^^^^^^^^^^^^^^^^^^^^^
AttributeError: 'Member' object has no attribute 'timed_out_until'
Ignoring exception in on_member_update
Traceback (most recent call last):
  File "/usr/local/lib/python3.12/site-packages/discord/client.py", line 465, in _run_event
    await coro(*args, **kwargs)
  File "/app/asu_discord/cogs/analytics.py", line 652, in on_member_update
    before_timeout = before.timed_out_until
                     ^^^^^^^^^^^^^^^^^^^^^^
AttributeError: 'Member' object has no attribute 'timed_out_until'
Ignoring exception in on_member_update
Traceback (most recent call last):
  File "/usr/local/lib/python3.12/site-packages/discord/client.py", line 465, in _run_event
    await coro(*args, **kwargs)
  File "/app/asu_discord/cogs/analytics.py", line 652, in on_member_update
    before_timeout = before.timed_out_until
                     ^^^^^^^^^^^^^^^^^^^^^^
AttributeError: 'Member' object has no attribute 'timed_out_until'
Ignoring exception in on_member_update
Traceback (most recent call last):
  File "/usr/local/lib/python3.12/site-packages/discord/client.py", line 465, in _run_event
    await coro(*args, **kwargs)
  File "/app/asu_discord/cogs/analytics.py", line 652, in on_member_update
    before_timeout = before.timed_out_until
                     ^^^^^^^^^^^^^^^^^^^^^^
AttributeError: 'Member' object has no attribute 'timed_out_until'
Ignoring exception in on_member_update
Traceback (most recent call last):
  File "/usr/local/lib/python3.12/site-packages/discord/client.py", line 465, in _run_event
    await coro(*args, **kwargs)
  File "/app/asu_discord/cogs/analytics.py", line 652, in on_member_update
    before_timeout = before.timed_out_until
                     ^^^^^^^^^^^^^^^^^^^^^^
AttributeError: 'Member' object has no attribute 'timed_out_until'
Ignoring exception in on_member_update
Traceback (most recent call last):
  File "/usr/local/lib/python3.12/site-packages/discord/client.py", line 465, in _run_event
    await coro(*args, **kwargs)
  File "/app/asu_discord/cogs/analytics.py", line 652, in on_member_update
    before_timeout = before.timed_out_until
                     ^^^^^^^^^^^^^^^^^^^^^^
AttributeError: 'Member' object has no attribute 'timed_out_until'
Ignoring exception in on_member_update
Traceback (most recent call last):
  File "/usr/local/lib/python3.12/site-packages/discord/client.py", line 465, in _run_event
    await coro(*args, **kwargs)
  File "/app/asu_discord/cogs/analytics.py", line 652, in on_member_update
    before_timeout = before.timed_out_until
                     ^^^^^^^^^^^^^^^^^^^^^^
AttributeError: 'Member' object has no attribute 'timed_out_until'
Ignoring exception in on_member_update
Traceback (most recent call last):
  File "/usr/local/lib/python3.12/site-packages/discord/client.py", line 465, in _run_event
    await coro(*args, **kwargs)
  File "/app/asu_discord/cogs/analytics.py", line 652, in on_member_update
    before_timeout = before.timed_out_until
                     ^^^^^^^^^^^^^^^^^^^^^^
AttributeError: 'Member' object has no attribute 'timed_out_until'
INFO:asu_discord.cogs.verification:Saved 5 roles to database for user jefuent3 (Discord ID: 780524886115483750)
INFO:asu_discord.cogs.verification:Refreshed Salesforce roles for Discord user 780524886115483750: -5/+5 roles, assigned=[Arizona Resident, College of Health Solutions, First Generation Student, First Year, West Valley]
Ignoring exception in on_member_update
Traceback (most recent call last):
  File "/usr/local/lib/python3.12/site-packages/discord/client.py", line 465, in _run_event
    await coro(*args, **kwargs)
  File "/app/asu_discord/cogs/analytics.py", line 652, in on_member_update
    before_timeout = before.timed_out_until
                     ^^^^^^^^^^^^^^^^^^^^^^
AttributeError: 'Member' object has no attribute 'timed_out_until'
Ignoring exception in on_member_update
Traceback (most recent call last):
  File "/usr/local/lib/python3.12/site-packages/discord/client.py", line 465, in _run_event
    await coro(*args, **kwargs)
  File "/app/asu_discord/cogs/analytics.py", line 652, in on_member_update
    before_timeout = before.timed_out_until
                     ^^^^^^^^^^^^^^^^^^^^^^
AttributeError: 'Member' object has no attribute 'timed_out_until'
Ignoring exception in on_member_update
Traceback (most recent call last):
  File "/usr/local/lib/python3.12/site-packages/discord/client.py", line 465, in _run_event
    await coro(*args, **kwargs)
  File "/app/asu_discord/cogs/analytics.py", line 652, in on_member_update
    before_timeout = before.timed_out_until
                     ^^^^^^^^^^^^^^^^^^^^^^
AttributeError: 'Member' object has no attribute 'timed_out_until'
Ignoring exception in on_member_update
Traceback (most recent call last):
  File "/usr/local/lib/python3.12/site-packages/discord/client.py", line 465, in _run_event
    await coro(*args, **kwargs)
  File "/app/asu_discord/cogs/analytics.py", line 652, in on_member_update
    before_timeout = before.timed_out_until
                     ^^^^^^^^^^^^^^^^^^^^^^
AttributeError: 'Member' object has no attribute 'timed_out_until'
Ignoring exception in on_member_update
Traceback (most recent call last):
  File "/usr/local/lib/python3.12/site-packages/discord/client.py", line 465, in _run_event
    await coro(*args, **kwargs)
  File "/app/asu_discord/cogs/analytics.py", line 652, in on_member_update
    before_timeout = before.timed_out_until
                     ^^^^^^^^^^^^^^^^^^^^^^
AttributeError: 'Member' object has no attribute 'timed_out_until'
Ignoring exception in on_member_update
Traceback (most recent call last):
  File "/usr/local/lib/python3.12/site-packages/discord/client.py", line 465, in _run_event
    await coro(*args, **kwargs)
  File "/app/asu_discord/cogs/analytics.py", line 652, in on_member_update
    before_timeout = before.timed_out_until
                     ^^^^^^^^^^^^^^^^^^^^^^
AttributeError: 'Member' object has no attribute 'timed_out_until'
Ignoring exception in on_member_update
Traceback (most recent call last):
  File "/usr/local/lib/python3.12/site-packages/discord/client.py", line 465, in _run_event
    await coro(*args, **kwargs)
  File "/app/asu_discord/cogs/analytics.py", line 652, in on_member_update
    before_timeout = before.timed_out_until
                     ^^^^^^^^^^^^^^^^^^^^^^
AttributeError: 'Member' object has no attribute 'timed_out_until'
Ignoring exception in on_member_update
Traceback (most recent call last):
  File "/usr/local/lib/python3.12/site-packages/discord/client.py", line 465, in _run_event
    await coro(*args, **kwargs)
  File "/app/asu_discord/cogs/analytics.py", line 652, in on_member_update
    before_timeout = before.timed_out_until
                     ^^^^^^^^^^^^^^^^^^^^^^
AttributeError: 'Member' object has no attribute 'timed_out_until'
Ignoring exception in on_member_update
Traceback (most recent call last):
  File "/usr/local/lib/python3.12/site-packages/discord/client.py", line 465, in _run_event
    await coro(*args, **kwargs)
  File "/app/asu_discord/cogs/analytics.py", line 652, in on_member_update
    before_timeout = before.timed_out_until
                     ^^^^^^^^^^^^^^^^^^^^^^
AttributeError: 'Member' object has no attribute 'timed_out_until'
Ignoring exception in on_member_update
Traceback (most recent call last):
  File "/usr/local/lib/python3.12/site-packages/discord/client.py", line 465, in _run_event
    await coro(*args, **kwargs)
  File "/app/asu_discord/cogs/analytics.py", line 652, in on_member_update
    before_timeout = before.timed_out_until
                     ^^^^^^^^^^^^^^^^^^^^^^
AttributeError: 'Member' object has no attribute 'timed_out_until'
ERROR:cron.jobs:refresh_salesforce_roles: failed for amcort14 (Discord ID 1465480090640191779): Timed out refresh Salesforce-based roles
Ignoring exception in on_member_update
Traceback (most recent call last):
  File "/usr/local/lib/python3.12/site-packages/discord/client.py", line 465, in _run_event
    await coro(*args, **kwargs)
  File "/app/asu_discord/cogs/analytics.py", line 652, in on_member_update
    before_timeout = before.timed_out_until
                     ^^^^^^^^^^^^^^^^^^^^^^
AttributeError: 'Member' object has no attribute 'timed_out_until'
Ignoring exception in on_member_update
Traceback (most recent call last):
  File "/usr/local/lib/python3.12/site-packages/discord/client.py", line 465, in _run_event
    await coro(*args, **kwargs)
  File "/app/asu_discord/cogs/analytics.py", line 652, in on_member_update
    before_timeout = before.timed_out_until
                     ^^^^^^^^^^^^^^^^^^^^^^
AttributeError: 'Member' object has no attribute 'timed_out_until'
Ignoring exception in on_member_update
Traceback (most recent call last):
  File "/usr/local/lib/python3.12/site-packages/discord/client.py", line 465, in _run_event
    await coro(*args, **kwargs)
  File "/app/asu_discord/cogs/analytics.py", line 652, in on_member_update
    before_timeout = before.timed_out_until
                     ^^^^^^^^^^^^^^^^^^^^^^
AttributeError: 'Member' object has no attribute 'timed_out_until'
Ignoring exception in on_member_update
Traceback (most recent call last):
  File "/usr/local/lib/python3.12/site-packages/discord/client.py", line 465, in _run_event
    await coro(*args, **kwargs)
  File "/app/asu_discord/cogs/analytics.py", line 652, in on_member_update
    before_timeout = before.timed_out_until
                     ^^^^^^^^^^^^^^^^^^^^^^
AttributeError: 'Member' object has no attribute 'timed_out_until'
Ignoring exception in on_member_update
Traceback (most recent call last):
  File "/usr/local/lib/python3.12/site-packages/discord/client.py", line 465, in _run_event
    await coro(*args, **kwargs)
  File "/app/asu_discord/cogs/analytics.py", line 652, in on_member_update
    before_timeout = before.timed_out_until
                     ^^^^^^^^^^^^^^^^^^^^^^
AttributeError: 'Member' object has no attribute 'timed_out_until'
Ignoring exception in on_member_update
Traceback (most recent call last):
  File "/usr/local/lib/python3.12/site-packages/discord/client.py", line 465, in _run_event
    await coro(*args, **kwargs)
  File "/app/asu_discord/cogs/analytics.py", line 652, in on_member_update
    before_timeout = before.timed_out_until
                     ^^^^^^^^^^^^^^^^^^^^^^
AttributeError: 'Member' object has no attribute 'timed_out_until'
Ignoring exception in on_member_update
Traceback (most recent call last):
  File "/usr/local/lib/python3.12/site-packages/discord/client.py", line 465, in _run_event
    await coro(*args, **kwargs)
  File "/app/asu_discord/cogs/analytics.py", line 652, in on_member_update
    before_timeout = before.timed_out_until
                     ^^^^^^^^^^^^^^^^^^^^^^
AttributeError: 'Member' object has no attribute 'timed_out_until'
Ignoring exception in on_member_update
Traceback (most recent call last):
  File "/usr/local/lib/python3.12/site-packages/discord/client.py", line 465, in _run_event
    await coro(*args, **kwargs)
  File "/app/asu_discord/cogs/analytics.py", line 652, in on_member_update
    before_timeout = before.timed_out_until
                     ^^^^^^^^^^^^^^^^^^^^^^
AttributeError: 'Member' object has no attribute 'timed_out_until'
Ignoring exception in on_member_update
Traceback (most recent call last):
  File "/usr/local/lib/python3.12/site-packages/discord/client.py", line 465, in _run_event
    await coro(*args, **kwargs)
  File "/app/asu_discord/cogs/analytics.py", line 652, in on_member_update
    before_timeout = before.timed_out_until
                     ^^^^^^^^^^^^^^^^^^^^^^
AttributeError: 'Member' object has no attribute 'timed_out_until'
Ignoring exception in on_member_update
Traceback (most recent call last):
  File "/usr/local/lib/python3.12/site-packages/discord/client.py", line 465, in _run_event
    await coro(*args, **kwargs)
  File "/app/asu_discord/cogs/analytics.py", line 652, in on_member_update
    before_timeout = before.timed_out_until
                     ^^^^^^^^^^^^^^^^^^^^^^
AttributeError: 'Member' object has no attribute 'timed_out_until'
ERROR:cron.jobs:refresh_salesforce_roles: failed for iromancr (Discord ID 579255927887101953): Timed out refresh Salesforce-based roles
Ignoring exception in on_member_update
Traceback (most recent call last):
  File "/usr/local/lib/python3.12/site-packages/discord/client.py", line 465, in _run_event
    await coro(*args, **kwargs)
  File "/app/asu_discord/cogs/analytics.py", line 652, in on_member_update
    before_timeout = before.timed_out_until
                     ^^^^^^^^^^^^^^^^^^^^^^
AttributeError: 'Member' object has no attribute 'timed_out_until'
Ignoring exception in on_member_update
Traceback (most recent call last):
  File "/usr/local/lib/python3.12/site-packages/discord/client.py", line 465, in _run_event
    await coro(*args, **kwargs)
  File "/app/asu_discord/cogs/analytics.py", line 652, in on_member_update
    before_timeout = before.timed_out_until
                     ^^^^^^^^^^^^^^^^^^^^^^
AttributeError: 'Member' object has no attribute 'timed_out_until'
Ignoring exception in on_member_update
Traceback (most recent call last):
  File "/usr/local/lib/python3.12/site-packages/discord/client.py", line 465, in _run_event
    await coro(*args, **kwargs)
  File "/app/asu_discord/cogs/analytics.py", line 652, in on_member_update
    before_timeout = before.timed_out_until
                     ^^^^^^^^^^^^^^^^^^^^^^
AttributeError: 'Member' object has no attribute 'timed_out_until'
Ignoring exception in on_member_update
Traceback (most recent call last):
  File "/usr/local/lib/python3.12/site-packages/discord/client.py", line 465, in _run_event
    await coro(*args, **kwargs)
  File "/app/asu_discord/cogs/analytics.py", line 652, in on_member_update
    before_timeout = before.timed_out_until
                     ^^^^^^^^^^^^^^^^^^^^^^
AttributeError: 'Member' object has no attribute 'timed_out_until'
Ignoring exception in on_member_update
Traceback (most recent call last):
  File "/usr/local/lib/python3.12/site-packages/discord/client.py", line 465, in _run_event
    await coro(*args, **kwargs)
  File "/app/asu_discord/cogs/analytics.py", line 652, in on_member_update
    before_timeout = before.timed_out_until
                     ^^^^^^^^^^^^^^^^^^^^^^
AttributeError: 'Member' object has no attribute 'timed_out_until'
Ignoring exception in on_member_update
Traceback (most recent call last):
  File "/usr/local/lib/python3.12/site-packages/discord/client.py", line 465, in _run_event
    await coro(*args, **kwargs)
  File "/app/asu_discord/cogs/analytics.py", line 652, in on_member_update
    before_timeout = before.timed_out_until
                     ^^^^^^^^^^^^^^^^^^^^^^
AttributeError: 'Member' object has no attribute 'timed_out_until'
Ignoring exception in on_member_update
Traceback (most recent call last):
  File "/usr/local/lib/python3.12/site-packages/discord/client.py", line 465, in _run_event
    await coro(*args, **kwargs)
  File "/app/asu_discord/cogs/analytics.py", line 652, in on_member_update
    before_timeout = before.timed_out_until
                     ^^^^^^^^^^^^^^^^^^^^^^
AttributeError: 'Member' object has no attribute 'timed_out_until'
Ignoring exception in on_member_update
Traceback (most recent call last):
  File "/usr/local/lib/python3.12/site-packages/discord/client.py", line 465, in _run_event
    await coro(*args, **kwargs)
  File "/app/asu_discord/cogs/analytics.py", line 652, in on_member_update
    before_timeout = before.timed_out_until
                     ^^^^^^^^^^^^^^^^^^^^^^
AttributeError: 'Member' object has no attribute 'timed_out_until'
Ignoring exception in on_member_update
Traceback (most recent call last):
  File "/usr/local/lib/python3.12/site-packages/discord/client.py", line 465, in _run_event
    await coro(*args, **kwargs)
  File "/app/asu_discord/cogs/analytics.py", line 652, in on_member_update
    before_timeout = before.timed_out_until
                     ^^^^^^^^^^^^^^^^^^^^^^
AttributeError: 'Member' object has no attribute 'timed_out_until'
INFO:asu_discord.cogs.verification:Saved 5 roles to database for user ryyang1 (Discord ID: 1020469169348677703)
INFO:asu_discord.cogs.verification:Refreshed Salesforce roles for Discord user 1020469169348677703: -5/+4 roles, assigned=[Commited, First Year, Ira A. Fulton Schools of Engineering, Out of State, Polytechnic]
Ignoring exception in on_member_update
Traceback (most recent call last):
  File "/usr/local/lib/python3.12/site-packages/discord/client.py", line 465, in _run_event
    await coro(*args, **kwargs)
  File "/app/asu_discord/cogs/analytics.py", line 652, in on_member_update
    before_timeout = before.timed_out_until
                     ^^^^^^^^^^^^^^^^^^^^^^
AttributeError: 'Member' object has no attribute 'timed_out_until'
Ignoring exception in on_member_update
Traceback (most recent call last):
  File "/usr/local/lib/python3.12/site-packages/discord/client.py", line 465, in _run_event
    await coro(*args, **kwargs)
  File "/app/asu_discord/cogs/analytics.py", line 652, in on_member_update
    before_timeout = before.timed_out_until
                     ^^^^^^^^^^^^^^^^^^^^^^
AttributeError: 'Member' object has no attribute 'timed_out_until'
Ignoring exception in on_member_update
Traceback (most recent call last):
  File "/usr/local/lib/python3.12/site-packages/discord/client.py", line 465, in _run_event
    await coro(*args, **kwargs)
  File "/app/asu_discord/cogs/analytics.py", line 652, in on_member_update
    before_timeout = before.timed_out_until
                     ^^^^^^^^^^^^^^^^^^^^^^
AttributeError: 'Member' object has no attribute 'timed_out_until'
Ignoring exception in on_member_update
Traceback (most recent call last):
  File "/usr/local/lib/python3.12/site-packages/discord/client.py", line 465, in _run_event
    await coro(*args, **kwargs)
  File "/app/asu_discord/cogs/analytics.py", line 652, in on_member_update
    before_timeout = before.timed_out_until
                     ^^^^^^^^^^^^^^^^^^^^^^
AttributeError: 'Member' object has no attribute 'timed_out_until'
Ignoring exception in on_member_update
Traceback (most recent call last):
  File "/usr/local/lib/python3.12/site-packages/discord/client.py", line 465, in _run_event
    await coro(*args, **kwargs)
  File "/app/asu_discord/cogs/analytics.py", line 652, in on_member_update
    before_timeout = before.timed_out_until
                     ^^^^^^^^^^^^^^^^^^^^^^
AttributeError: 'Member' object has no attribute 'timed_out_until'
Ignoring exception in on_member_update
Traceback (most recent call last):
  File "/usr/local/lib/python3.12/site-packages/discord/client.py", line 465, in _run_event
    await coro(*args, **kwargs)
  File "/app/asu_discord/cogs/analytics.py", line 652, in on_member_update
    before_timeout = before.timed_out_until
                     ^^^^^^^^^^^^^^^^^^^^^^
AttributeError: 'Member' object has no attribute 'timed_out_until'
Ignoring exception in on_member_update
Traceback (most recent call last):
  File "/usr/local/lib/python3.12/site-packages/discord/client.py", line 465, in _run_event
    await coro(*args, **kwargs)
  File "/app/asu_discord/cogs/analytics.py", line 652, in on_member_update
    before_timeout = before.timed_out_until
                     ^^^^^^^^^^^^^^^^^^^^^^
AttributeError: 'Member' object has no attribute 'timed_out_until'
Ignoring exception in on_member_update
Traceback (most recent call last):
  File "/usr/local/lib/python3.12/site-packages/discord/client.py", line 465, in _run_event
    await coro(*args, **kwargs)
  File "/app/asu_discord/cogs/analytics.py", line 652, in on_member_update
    before_timeout = before.timed_out_until
                     ^^^^^^^^^^^^^^^^^^^^^^
AttributeError: 'Member' object has no attribute 'timed_out_until'
Ignoring exception in on_member_update
Traceback (most recent call last):
  File "/usr/local/lib/python3.12/site-packages/discord/client.py", line 465, in _run_event
    await coro(*args, **kwargs)
  File "/app/asu_discord/cogs/analytics.py", line 652, in on_member_update
    before_timeout = before.timed_out_until
                     ^^^^^^^^^^^^^^^^^^^^^^
AttributeError: 'Member' object has no attribute 'timed_out_until'
Ignoring exception in on_member_update
Traceback (most recent call last):
  File "/usr/local/lib/python3.12/site-packages/discord/client.py", line 465, in _run_event
    await coro(*args, **kwargs)
  File "/app/asu_discord/cogs/analytics.py", line 652, in on_member_update
    before_timeout = before.timed_out_until
                     ^^^^^^^^^^^^^^^^^^^^^^
AttributeError: 'Member' object has no attribute 'timed_out_until'
INFO:asu_discord.cogs.verification:Saved 5 roles to database for user bmrobi21 (Discord ID: 1465478232290889776)
INFO:asu_discord.cogs.verification:Refreshed Salesforce roles for Discord user 1465478232290889776: -5/+5 roles, assigned=[Commited, Downtown Phoenix, First Year, Out of State, Watts College of Public Service and Community Solutions]
Ignoring exception in on_member_update
Traceback (most recent call last):
  File "/usr/local/lib/python3.12/site-packages/discord/client.py", line 465, in _run_event
    await coro(*args, **kwargs)
  File "/app/asu_discord/cogs/analytics.py", line 652, in on_member_update
    before_timeout = before.timed_out_until
                     ^^^^^^^^^^^^^^^^^^^^^^
AttributeError: 'Member' object has no attribute 'timed_out_until'
Ignoring exception in on_member_update
Traceback (most recent call last):
  File "/usr/local/lib/python3.12/site-packages/discord/client.py", line 465, in _run_event
    await coro(*args, **kwargs)
  File "/app/asu_discord/cogs/analytics.py", line 652, in on_member_update
    before_timeout = before.timed_out_until
                     ^^^^^^^^^^^^^^^^^^^^^^
AttributeError: 'Member' object has no attribute 'timed_out_until'
Ignoring exception in on_member_update
Traceback (most recent call last):
  File "/usr/local/lib/python3.12/site-packages/discord/client.py", line 465, in _run_event
    await coro(*args, **kwargs)
  File "/app/asu_discord/cogs/analytics.py", line 652, in on_member_update
    before_timeout = before.timed_out_until
                     ^^^^^^^^^^^^^^^^^^^^^^
AttributeError: 'Member' object has no attribute 'timed_out_until'
Ignoring exception in on_member_update
Traceback (most recent call last):
  File "/usr/local/lib/python3.12/site-packages/discord/client.py", line 465, in _run_event
    await coro(*args, **kwargs)
  File "/app/asu_discord/cogs/analytics.py", line 652, in on_member_update
    before_timeout = before.timed_out_until
                     ^^^^^^^^^^^^^^^^^^^^^^
AttributeError: 'Member' object has no attribute 'timed_out_until'
Ignoring exception in on_member_update
Traceback (most recent call last):
  File "/usr/local/lib/python3.12/site-packages/discord/client.py", line 465, in _run_event
    await coro(*args, **kwargs)
  File "/app/asu_discord/cogs/analytics.py", line 652, in on_member_update
    before_timeout = before.timed_out_until
                     ^^^^^^^^^^^^^^^^^^^^^^
AttributeError: 'Member' object has no attribute 'timed_out_until'
Ignoring exception in on_member_update
Traceback (most recent call last):
  File "/usr/local/lib/python3.12/site-packages/discord/client.py", line 465, in _run_event
    await coro(*args, **kwargs)
  File "/app/asu_discord/cogs/analytics.py", line 652, in on_member_update
    before_timeout = before.timed_out_until
                     ^^^^^^^^^^^^^^^^^^^^^^
AttributeError: 'Member' object has no attribute 'timed_out_until'
Ignoring exception in on_member_update
Traceback (most recent call last):
  File "/usr/local/lib/python3.12/site-packages/discord/client.py", line 465, in _run_event
    await coro(*args, **kwargs)
  File "/app/asu_discord/cogs/analytics.py", line 652, in on_member_update
    before_timeout = before.timed_out_until
                     ^^^^^^^^^^^^^^^^^^^^^^
AttributeError: 'Member' object has no attribute 'timed_out_until'
Ignoring exception in on_member_update
Traceback (most recent call last):
  File "/usr/local/lib/python3.12/site-packages/discord/client.py", line 465, in _run_event
    await coro(*args, **kwargs)
  File "/app/asu_discord/cogs/analytics.py", line 652, in on_member_update
    before_timeout = before.timed_out_until
                     ^^^^^^^^^^^^^^^^^^^^^^
AttributeError: 'Member' object has no attribute 'timed_out_until'
Ignoring exception in on_member_update
Traceback (most recent call last):
  File "/usr/local/lib/python3.12/site-packages/discord/client.py", line 465, in _run_event
    await coro(*args, **kwargs)
  File "/app/asu_discord/cogs/analytics.py", line 652, in on_member_update
    before_timeout = before.timed_out_until
                     ^^^^^^^^^^^^^^^^^^^^^^
AttributeError: 'Member' object has no attribute 'timed_out_until'
Ignoring exception in on_member_update
Traceback (most recent call last):
  File "/usr/local/lib/python3.12/site-packages/discord/client.py", line 465, in _run_event
    await coro(*args, **kwargs)
  File "/app/asu_discord/cogs/analytics.py", line 652, in on_member_update
    before_timeout = before.timed_out_until
                     ^^^^^^^^^^^^^^^^^^^^^^
AttributeError: 'Member' object has no attribute 'timed_out_until'
INFO:asu_discord.cogs.verification:Saved 5 roles to database for user alexle12 (Discord ID: 522939551585665045)
INFO:asu_discord.cogs.verification:Refreshed Salesforce roles for Discord user 522939551585665045: -5/+5 roles, assigned=[College of Liberal Arts and Sciences, First Generation Student, First Year, Out of State, Tempe]
Ignoring exception in on_member_update
Traceback (most recent call last):
  File "/usr/local/lib/python3.12/site-packages/discord/client.py", line 465, in _run_event
    await coro(*args, **kwargs)
  File "/app/asu_discord/cogs/analytics.py", line 652, in on_member_update
    before_timeout = before.timed_out_until
                     ^^^^^^^^^^^^^^^^^^^^^^
AttributeError: 'Member' object has no attribute 'timed_out_until'
Ignoring exception in on_member_update
Traceback (most recent call last):
  File "/usr/local/lib/python3.12/site-packages/discord/client.py", line 465, in _run_event
    await coro(*args, **kwargs)
  File "/app/asu_discord/cogs/analytics.py", line 652, in on_member_update
    before_timeout = before.timed_out_until
                     ^^^^^^^^^^^^^^^^^^^^^^
AttributeError: 'Member' object has no attribute 'timed_out_until'
Ignoring exception in on_member_update
Traceback (most recent call last):
  File "/usr/local/lib/python3.12/site-packages/discord/client.py", line 465, in _run_event
    await coro(*args, **kwargs)
  File "/app/asu_discord/cogs/analytics.py", line 652, in on_member_update
    before_timeout = before.timed_out_until
                     ^^^^^^^^^^^^^^^^^^^^^^
AttributeError: 'Member' object has no attribute 'timed_out_until'
Ignoring exception in on_member_update
Traceback (most recent call last):
  File "/usr/local/lib/python3.12/site-packages/discord/client.py", line 465, in _run_event
    await coro(*args, **kwargs)
  File "/app/asu_discord/cogs/analytics.py", line 652, in on_member_update
    before_timeout = before.timed_out_until
                     ^^^^^^^^^^^^^^^^^^^^^^
AttributeError: 'Member' object has no attribute 'timed_out_until'
Ignoring exception in on_member_update
Traceback (most recent call last):
  File "/usr/local/lib/python3.12/site-packages/discord/client.py", line 465, in _run_event
    await coro(*args, **kwargs)
  File "/app/asu_discord/cogs/analytics.py", line 652, in on_member_update
    before_timeout = before.timed_out_until
                     ^^^^^^^^^^^^^^^^^^^^^^
AttributeError: 'Member' object has no attribute 'timed_out_until'
Ignoring exception in on_member_update
Traceback (most recent call last):
  File "/usr/local/lib/python3.12/site-packages/discord/client.py", line 465, in _run_event
    await coro(*args, **kwargs)
  File "/app/asu_discord/cogs/analytics.py", line 652, in on_member_update
    before_timeout = before.timed_out_until
                     ^^^^^^^^^^^^^^^^^^^^^^
AttributeError: 'Member' object has no attribute 'timed_out_until'
Ignoring exception in on_member_update
Traceback (most recent call last):
  File "/usr/local/lib/python3.12/site-packages/discord/client.py", line 465, in _run_event
    await coro(*args, **kwargs)
  File "/app/asu_discord/cogs/analytics.py", line 652, in on_member_update
    before_timeout = before.timed_out_until
                     ^^^^^^^^^^^^^^^^^^^^^^
AttributeError: 'Member' object has no attribute 'timed_out_until'
Ignoring exception in on_member_update
Traceback (most recent call last):
  File "/usr/local/lib/python3.12/site-packages/discord/client.py", line 465, in _run_event
    await coro(*args, **kwargs)
  File "/app/asu_discord/cogs/analytics.py", line 652, in on_member_update
    before_timeout = before.timed_out_until
                     ^^^^^^^^^^^^^^^^^^^^^^
AttributeError: 'Member' object has no attribute 'timed_out_until'
Ignoring exception in on_member_update
Traceback (most recent call last):
  File "/usr/local/lib/python3.12/site-packages/discord/client.py", line 465, in _run_event
    await coro(*args, **kwargs)
  File "/app/asu_discord/cogs/analytics.py", line 652, in on_member_update
    before_timeout = before.timed_out_until
                     ^^^^^^^^^^^^^^^^^^^^^^
AttributeError: 'Member' object has no attribute 'timed_out_until'
Ignoring exception in on_member_update
Traceback (most recent call last):
  File "/usr/local/lib/python3.12/site-packages/discord/client.py", line 465, in _run_event
    await coro(*args, **kwargs)
  File "/app/asu_discord/cogs/analytics.py", line 652, in on_member_update
    before_timeout = before.timed_out_until
                     ^^^^^^^^^^^^^^^^^^^^^^
AttributeError: 'Member' object has no attribute 'timed_out_until'
INFO:asu_discord.cogs.verification:Saved 6 roles to database for user jghern34 (Discord ID: 1465497221859639346)
INFO:asu_discord.cogs.verification:Refreshed Salesforce roles for Discord user 1465497221859639346: -4/+6 roles, assigned=[Arizona Resident, Commited, First Generation Student, First Year, Ira A. Fulton Schools of Engineering, Tempe]
Ignoring exception in on_member_update
Traceback (most recent call last):
  File "/usr/local/lib/python3.12/site-packages/discord/client.py", line 465, in _run_event
    await coro(*args, **kwargs)
  File "/app/asu_discord/cogs/analytics.py", line 652, in on_member_update
    before_timeout = before.timed_out_until
                     ^^^^^^^^^^^^^^^^^^^^^^
AttributeError: 'Member' object has no attribute 'timed_out_until'
Ignoring exception in on_member_update
Traceback (most recent call last):
  File "/usr/local/lib/python3.12/site-packages/discord/client.py", line 465, in _run_event
    await coro(*args, **kwargs)
  File "/app/asu_discord/cogs/analytics.py", line 652, in on_member_update
    before_timeout = before.timed_out_until
                     ^^^^^^^^^^^^^^^^^^^^^^
AttributeError: 'Member' object has no attribute 'timed_out_until'
Ignoring exception in on_member_update
Traceback (most recent call last):
  File "/usr/local/lib/python3.12/site-packages/discord/client.py", line 465, in _run_event
    await coro(*args, **kwargs)
  File "/app/asu_discord/cogs/analytics.py", line 652, in on_member_update
    before_timeout = before.timed_out_until
                     ^^^^^^^^^^^^^^^^^^^^^^
AttributeError: 'Member' object has no attribute 'timed_out_until'
Ignoring exception in on_member_update
Traceback (most recent call last):
  File "/usr/local/lib/python3.12/site-packages/discord/client.py", line 465, in _run_event
    await coro(*args, **kwargs)
  File "/app/asu_discord/cogs/analytics.py", line 652, in on_member_update
    before_timeout = before.timed_out_until
                     ^^^^^^^^^^^^^^^^^^^^^^
AttributeError: 'Member' object has no attribute 'timed_out_until'
Ignoring exception in on_member_update
Traceback (most recent call last):
  File "/usr/local/lib/python3.12/site-packages/discord/client.py", line 465, in _run_event
    await coro(*args, **kwargs)
  File "/app/asu_discord/cogs/analytics.py", line 652, in on_member_update
    before_timeout = before.timed_out_until
                     ^^^^^^^^^^^^^^^^^^^^^^
AttributeError: 'Member' object has no attribute 'timed_out_until'
Ignoring exception in on_member_update
Traceback (most recent call last):
  File "/usr/local/lib/python3.12/site-packages/discord/client.py", line 465, in _run_event
    await coro(*args, **kwargs)
  File "/app/asu_discord/cogs/analytics.py", line 652, in on_member_update
    before_timeout = before.timed_out_until
                     ^^^^^^^^^^^^^^^^^^^^^^
AttributeError: 'Member' object has no attribute 'timed_out_until'
Ignoring exception in on_member_update
Traceback (most recent call last):
  File "/usr/local/lib/python3.12/site-packages/discord/client.py", line 465, in _run_event
    await coro(*args, **kwargs)
  File "/app/asu_discord/cogs/analytics.py", line 652, in on_member_update
    before_timeout = before.timed_out_until
                     ^^^^^^^^^^^^^^^^^^^^^^
AttributeError: 'Member' object has no attribute 'timed_out_until'
Ignoring exception in on_member_update
Traceback (most recent call last):
  File "/usr/local/lib/python3.12/site-packages/discord/client.py", line 465, in _run_event
    await coro(*args, **kwargs)
  File "/app/asu_discord/cogs/analytics.py", line 652, in on_member_update
    before_timeout = before.timed_out_until
                     ^^^^^^^^^^^^^^^^^^^^^^
AttributeError: 'Member' object has no attribute 'timed_out_until'
Ignoring exception in on_member_update
Traceback (most recent call last):
  File "/usr/local/lib/python3.12/site-packages/discord/client.py", line 465, in _run_event
    await coro(*args, **kwargs)
  File "/app/asu_discord/cogs/analytics.py", line 652, in on_member_update
    before_timeout = before.timed_out_until
                     ^^^^^^^^^^^^^^^^^^^^^^
AttributeError: 'Member' object has no attribute 'timed_out_until'
Ignoring exception in on_member_update
Traceback (most recent call last):
  File "/usr/local/lib/python3.12/site-packages/discord/client.py", line 465, in _run_event
    await coro(*args, **kwargs)
  File "/app/asu_discord/cogs/analytics.py", line 652, in on_member_update
    before_timeout = before.timed_out_until
                     ^^^^^^^^^^^^^^^^^^^^^^
AttributeError: 'Member' object has no attribute 'timed_out_until'
INFO:asu_discord.cogs.verification:Saved 5 roles to database for user aloveitt (Discord ID: 1406651861469233152)
INFO:asu_discord.cogs.verification:Refreshed Salesforce roles for Discord user 1406651861469233152: -5/+5 roles, assigned=[Arizona Resident, Commited, First Year, Herberger Institute for Design and the Arts, LA Center]
ERROR:cron.jobs:refresh_salesforce_roles: failed for ldenesta (Discord ID 1016391782759669801): Failed to refresh Salesforce-based roles: Discord user 1016391782759669801 is not a member of the guild
Ignoring exception in on_member_update
Traceback (most recent call last):
  File "/usr/local/lib/python3.12/site-packages/discord/client.py", line 465, in _run_event
    await coro(*args, **kwargs)
  File "/app/asu_discord/cogs/analytics.py", line 652, in on_member_update
    before_timeout = before.timed_out_until
                     ^^^^^^^^^^^^^^^^^^^^^^
AttributeError: 'Member' object has no attribute 'timed_out_until'
Ignoring exception in on_member_update
Traceback (most recent call last):
  File "/usr/local/lib/python3.12/site-packages/discord/client.py", line 465, in _run_event
    await coro(*args, **kwargs)
  File "/app/asu_discord/cogs/analytics.py", line 652, in on_member_update
    before_timeout = before.timed_out_until
                     ^^^^^^^^^^^^^^^^^^^^^^
AttributeError: 'Member' object has no attribute 'timed_out_until'
Ignoring exception in on_member_update
Traceback (most recent call last):
  File "/usr/local/lib/python3.12/site-packages/discord/client.py", line 465, in _run_event
    await coro(*args, **kwargs)
  File "/app/asu_discord/cogs/analytics.py", line 652, in on_member_update
    before_timeout = before.timed_out_until
                     ^^^^^^^^^^^^^^^^^^^^^^
AttributeError: 'Member' object has no attribute 'timed_out_until'
Ignoring exception in on_member_update
Traceback (most recent call last):
  File "/usr/local/lib/python3.12/site-packages/discord/client.py", line 465, in _run_event
    await coro(*args, **kwargs)
  File "/app/asu_discord/cogs/analytics.py", line 652, in on_member_update
    before_timeout = before.timed_out_until
                     ^^^^^^^^^^^^^^^^^^^^^^
AttributeError: 'Member' object has no attribute 'timed_out_until'
Ignoring exception in on_member_update
Traceback (most recent call last):
  File "/usr/local/lib/python3.12/site-packages/discord/client.py", line 465, in _run_event
    await coro(*args, **kwargs)
  File "/app/asu_discord/cogs/analytics.py", line 652, in on_member_update
    before_timeout = before.timed_out_until
                     ^^^^^^^^^^^^^^^^^^^^^^
AttributeError: 'Member' object has no attribute 'timed_out_until'
Ignoring exception in on_member_update
Traceback (most recent call last):
  File "/usr/local/lib/python3.12/site-packages/discord/client.py", line 465, in _run_event
    await coro(*args, **kwargs)
  File "/app/asu_discord/cogs/analytics.py", line 652, in on_member_update
    before_timeout = before.timed_out_until
                     ^^^^^^^^^^^^^^^^^^^^^^
AttributeError: 'Member' object has no attribute 'timed_out_until'
Ignoring exception in on_member_update
Traceback (most recent call last):
  File "/usr/local/lib/python3.12/site-packages/discord/client.py", line 465, in _run_event
    await coro(*args, **kwargs)
  File "/app/asu_discord/cogs/analytics.py", line 652, in on_member_update
    before_timeout = before.timed_out_until
                     ^^^^^^^^^^^^^^^^^^^^^^
AttributeError: 'Member' object has no attribute 'timed_out_until'
Ignoring exception in on_member_update
Traceback (most recent call last):
  File "/usr/local/lib/python3.12/site-packages/discord/client.py", line 465, in _run_event
    await coro(*args, **kwargs)
  File "/app/asu_discord/cogs/analytics.py", line 652, in on_member_update
    before_timeout = before.timed_out_until
                     ^^^^^^^^^^^^^^^^^^^^^^
AttributeError: 'Member' object has no attribute 'timed_out_until'
Ignoring exception in on_member_update
Traceback (most recent call last):
  File "/usr/local/lib/python3.12/site-packages/discord/client.py", line 465, in _run_event
    await coro(*args, **kwargs)
  File "/app/asu_discord/cogs/analytics.py", line 652, in on_member_update
    before_timeout = before.timed_out_until
                     ^^^^^^^^^^^^^^^^^^^^^^
AttributeError: 'Member' object has no attribute 'timed_out_until'
Ignoring exception in on_member_update
Traceback (most recent call last):
  File "/usr/local/lib/python3.12/site-packages/discord/client.py", line 465, in _run_event
    await coro(*args, **kwargs)
  File "/app/asu_discord/cogs/analytics.py", line 652, in on_member_update
    before_timeout = before.timed_out_until
                     ^^^^^^^^^^^^^^^^^^^^^^
AttributeError: 'Member' object has no attribute 'timed_out_until'
INFO:asu_discord.cogs.verification:Saved 5 roles to database for user eenriq26 (Discord ID: 1045842408270741584)
INFO:asu_discord.cogs.verification:Refreshed Salesforce roles for Discord user 1045842408270741584: -5/+5 roles, assigned=[Arizona Resident, First Generation Student, First Year, Polytechnic, W.P. Carey School of Business]
Ignoring exception in on_member_update
Traceback (most recent call last):
  File "/usr/local/lib/python3.12/site-packages/discord/client.py", line 465, in _run_event
    await coro(*args, **kwargs)
  File "/app/asu_discord/cogs/analytics.py", line 652, in on_member_update
    before_timeout = before.timed_out_until
                     ^^^^^^^^^^^^^^^^^^^^^^
AttributeError: 'Member' object has no attribute 'timed_out_until'
Ignoring exception in on_member_update
Traceback (most recent call last):
  File "/usr/local/lib/python3.12/site-packages/discord/client.py", line 465, in _run_event
    await coro(*args, **kwargs)
  File "/app/asu_discord/cogs/analytics.py", line 652, in on_member_update
    before_timeout = before.timed_out_until
                     ^^^^^^^^^^^^^^^^^^^^^^
AttributeError: 'Member' object has no attribute 'timed_out_until'
Ignoring exception in on_member_update
Traceback (most recent call last):
  File "/usr/local/lib/python3.12/site-packages/discord/client.py", line 465, in _run_event
    await coro(*args, **kwargs)
  File "/app/asu_discord/cogs/analytics.py", line 652, in on_member_update
    before_timeout = before.timed_out_until
                     ^^^^^^^^^^^^^^^^^^^^^^
AttributeError: 'Member' object has no attribute 'timed_out_until'
Ignoring exception in on_member_update
Traceback (most recent call last):
  File "/usr/local/lib/python3.12/site-packages/discord/client.py", line 465, in _run_event
    await coro(*args, **kwargs)
  File "/app/asu_discord/cogs/analytics.py", line 652, in on_member_update
    before_timeout = before.timed_out_until
                     ^^^^^^^^^^^^^^^^^^^^^^
AttributeError: 'Member' object has no attribute 'timed_out_until'
Ignoring exception in on_member_update
Traceback (most recent call last):
  File "/usr/local/lib/python3.12/site-packages/discord/client.py", line 465, in _run_event
    await coro(*args, **kwargs)
  File "/app/asu_discord/cogs/analytics.py", line 652, in on_member_update
    before_timeout = before.timed_out_until
                     ^^^^^^^^^^^^^^^^^^^^^^
AttributeError: 'Member' object has no attribute 'timed_out_until'
Ignoring exception in on_member_update
Traceback (most recent call last):
  File "/usr/local/lib/python3.12/site-packages/discord/client.py", line 465, in _run_event
    await coro(*args, **kwargs)
  File "/app/asu_discord/cogs/analytics.py", line 652, in on_member_update
    before_timeout = before.timed_out_until
                     ^^^^^^^^^^^^^^^^^^^^^^
AttributeError: 'Member' object has no attribute 'timed_out_until'
Ignoring exception in on_member_update
Traceback (most recent call last):
  File "/usr/local/lib/python3.12/site-packages/discord/client.py", line 465, in _run_event
    await coro(*args, **kwargs)
  File "/app/asu_discord/cogs/analytics.py", line 652, in on_member_update
    before_timeout = before.timed_out_until
                     ^^^^^^^^^^^^^^^^^^^^^^
AttributeError: 'Member' object has no attribute 'timed_out_until'
Ignoring exception in on_member_update
Traceback (most recent call last):
  File "/usr/local/lib/python3.12/site-packages/discord/client.py", line 465, in _run_event
    await coro(*args, **kwargs)
  File "/app/asu_discord/cogs/analytics.py", line 652, in on_member_update
    before_timeout = before.timed_out_until
                     ^^^^^^^^^^^^^^^^^^^^^^
AttributeError: 'Member' object has no attribute 'timed_out_until'
Ignoring exception in on_member_update
Traceback (most recent call last):
  File "/usr/local/lib/python3.12/site-packages/discord/client.py", line 465, in _run_event
    await coro(*args, **kwargs)
  File "/app/asu_discord/cogs/analytics.py", line 652, in on_member_update
    before_timeout = before.timed_out_until
                     ^^^^^^^^^^^^^^^^^^^^^^
AttributeError: 'Member' object has no attribute 'timed_out_until'
INFO:asu_discord.cogs.verification:Saved 5 roles to database for user cyapp (Discord ID: 1392758982288085063)
INFO:asu_discord.cogs.verification:Refreshed Salesforce roles for Discord user 1392758982288085063: -4/+5 roles, assigned=[Arizona Resident, Commited, First Year, Tempe, W.P. Carey School of Business]
Ignoring exception in on_member_update
Traceback (most recent call last):
  File "/usr/local/lib/python3.12/site-packages/discord/client.py", line 465, in _run_event
    await coro(*args, **kwargs)
  File "/app/asu_discord/cogs/analytics.py", line 652, in on_member_update
    before_timeout = before.timed_out_until
                     ^^^^^^^^^^^^^^^^^^^^^^
AttributeError: 'Member' object has no attribute 'timed_out_until'
Ignoring exception in on_member_update
Traceback (most recent call last):
  File "/usr/local/lib/python3.12/site-packages/discord/client.py", line 465, in _run_event
    await coro(*args, **kwargs)
  File "/app/asu_discord/cogs/analytics.py", line 652, in on_member_update
    before_timeout = before.timed_out_until
                     ^^^^^^^^^^^^^^^^^^^^^^
AttributeError: 'Member' object has no attribute 'timed_out_until'
Ignoring exception in on_member_update
Traceback (most recent call last):
  File "/usr/local/lib/python3.12/site-packages/discord/client.py", line 465, in _run_event
    await coro(*args, **kwargs)
  File "/app/asu_discord/cogs/analytics.py", line 652, in on_member_update
    before_timeout = before.timed_out_until
                     ^^^^^^^^^^^^^^^^^^^^^^
AttributeError: 'Member' object has no attribute 'timed_out_until'
Ignoring exception in on_member_update
Traceback (most recent call last):
  File "/usr/local/lib/python3.12/site-packages/discord/client.py", line 465, in _run_event
    await coro(*args, **kwargs)
  File "/app/asu_discord/cogs/analytics.py", line 652, in on_member_update
    before_timeout = before.timed_out_until
                     ^^^^^^^^^^^^^^^^^^^^^^
AttributeError: 'Member' object has no attribute 'timed_out_until'
Ignoring exception in on_member_update
Traceback (most recent call last):
  File "/usr/local/lib/python3.12/site-packages/discord/client.py", line 465, in _run_event
    await coro(*args, **kwargs)
  File "/app/asu_discord/cogs/analytics.py", line 652, in on_member_update
    before_timeout = before.timed_out_until
                     ^^^^^^^^^^^^^^^^^^^^^^
AttributeError: 'Member' object has no attribute 'timed_out_until'
Ignoring exception in on_member_update
Traceback (most recent call last):
  File "/usr/local/lib/python3.12/site-packages/discord/client.py", line 465, in _run_event
    await coro(*args, **kwargs)
  File "/app/asu_discord/cogs/analytics.py", line 652, in on_member_update
    before_timeout = before.timed_out_until
                     ^^^^^^^^^^^^^^^^^^^^^^
AttributeError: 'Member' object has no attribute 'timed_out_until'
Ignoring exception in on_member_update
Traceback (most recent call last):
  File "/usr/local/lib/python3.12/site-packages/discord/client.py", line 465, in _run_event
    await coro(*args, **kwargs)
  File "/app/asu_discord/cogs/analytics.py", line 652, in on_member_update
    before_timeout = before.timed_out_until
                     ^^^^^^^^^^^^^^^^^^^^^^
AttributeError: 'Member' object has no attribute 'timed_out_until'
Ignoring exception in on_member_update
Traceback (most recent call last):
  File "/usr/local/lib/python3.12/site-packages/discord/client.py", line 465, in _run_event
    await coro(*args, **kwargs)
  File "/app/asu_discord/cogs/analytics.py", line 652, in on_member_update
    before_timeout = before.timed_out_until
                     ^^^^^^^^^^^^^^^^^^^^^^
AttributeError: 'Member' object has no attribute 'timed_out_until'
Ignoring exception in on_member_update
Traceback (most recent call last):
  File "/usr/local/lib/python3.12/site-packages/discord/client.py", line 465, in _run_event
    await coro(*args, **kwargs)
  File "/app/asu_discord/cogs/analytics.py", line 652, in on_member_update
    before_timeout = before.timed_out_until
                     ^^^^^^^^^^^^^^^^^^^^^^
AttributeError: 'Member' object has no attribute 'timed_out_until'
INFO:asu_discord.cogs.verification:Saved 5 roles to database for user salle117 (Discord ID: 790316178953863168)
INFO:asu_discord.cogs.verification:Refreshed Salesforce roles for Discord user 790316178953863168: -5/+4 roles, assigned=[Downtown Phoenix, Edson College of Nursing and Health Innovation, First Generation Student, First Year, Out of State]
Ignoring exception in on_member_update
Traceback (most recent call last):
  File "/usr/local/lib/python3.12/site-packages/discord/client.py", line 465, in _run_event
    await coro(*args, **kwargs)
  File "/app/asu_discord/cogs/analytics.py", line 652, in on_member_update
    before_timeout = before.timed_out_until
                     ^^^^^^^^^^^^^^^^^^^^^^
AttributeError: 'Member' object has no attribute 'timed_out_until'
Ignoring exception in on_member_update
Traceback (most recent call last):
  File "/usr/local/lib/python3.12/site-packages/discord/client.py", line 465, in _run_event
    await coro(*args, **kwargs)
  File "/app/asu_discord/cogs/analytics.py", line 652, in on_member_update
    before_timeout = before.timed_out_until
                     ^^^^^^^^^^^^^^^^^^^^^^
AttributeError: 'Member' object has no attribute 'timed_out_until'
Ignoring exception in on_member_update
Traceback (most recent call last):
  File "/usr/local/lib/python3.12/site-packages/discord/client.py", line 465, in _run_event
    await coro(*args, **kwargs)
  File "/app/asu_discord/cogs/analytics.py", line 652, in on_member_update
    before_timeout = before.timed_out_until
                     ^^^^^^^^^^^^^^^^^^^^^^
AttributeError: 'Member' object has no attribute 'timed_out_until'
Ignoring exception in on_member_update
Traceback (most recent call last):
  File "/usr/local/lib/python3.12/site-packages/discord/client.py", line 465, in _run_event
    await coro(*args, **kwargs)
  File "/app/asu_discord/cogs/analytics.py", line 652, in on_member_update
    before_timeout = before.timed_out_until
                     ^^^^^^^^^^^^^^^^^^^^^^
AttributeError: 'Member' object has no attribute 'timed_out_until'
Ignoring exception in on_member_update
Traceback (most recent call last):
  File "/usr/local/lib/python3.12/site-packages/discord/client.py", line 465, in _run_event
    await coro(*args, **kwargs)
  File "/app/asu_discord/cogs/analytics.py", line 652, in on_member_update
    before_timeout = before.timed_out_until
                     ^^^^^^^^^^^^^^^^^^^^^^
AttributeError: 'Member' object has no attribute 'timed_out_until'
Ignoring exception in on_member_update
Traceback (most recent call last):
  File "/usr/local/lib/python3.12/site-packages/discord/client.py", line 465, in _run_event
    await coro(*args, **kwargs)
  File "/app/asu_discord/cogs/analytics.py", line 652, in on_member_update
    before_timeout = before.timed_out_until
                     ^^^^^^^^^^^^^^^^^^^^^^
AttributeError: 'Member' object has no attribute 'timed_out_until'
Ignoring exception in on_member_update
Traceback (most recent call last):
  File "/usr/local/lib/python3.12/site-packages/discord/client.py", line 465, in _run_event
    await coro(*args, **kwargs)
  File "/app/asu_discord/cogs/analytics.py", line 652, in on_member_update
    before_timeout = before.timed_out_until
                     ^^^^^^^^^^^^^^^^^^^^^^
AttributeError: 'Member' object has no attribute 'timed_out_until'
Ignoring exception in on_member_update
Traceback (most recent call last):
  File "/usr/local/lib/python3.12/site-packages/discord/client.py", line 465, in _run_event
    await coro(*args, **kwargs)
  File "/app/asu_discord/cogs/analytics.py", line 652, in on_member_update
    before_timeout = before.timed_out_until
                     ^^^^^^^^^^^^^^^^^^^^^^
AttributeError: 'Member' object has no attribute 'timed_out_until'
Ignoring exception in on_member_update
Traceback (most recent call last):
  File "/usr/local/lib/python3.12/site-packages/discord/client.py", line 465, in _run_event
    await coro(*args, **kwargs)
  File "/app/asu_discord/cogs/analytics.py", line 652, in on_member_update
    before_timeout = before.timed_out_until
                     ^^^^^^^^^^^^^^^^^^^^^^
AttributeError: 'Member' object has no attribute 'timed_out_until'
Ignoring exception in on_member_update
Traceback (most recent call last):
  File "/usr/local/lib/python3.12/site-packages/discord/client.py", line 465, in _run_event
    await coro(*args, **kwargs)
  File "/app/asu_discord/cogs/analytics.py", line 652, in on_member_update
    before_timeout = before.timed_out_until
                     ^^^^^^^^^^^^^^^^^^^^^^
AttributeError: 'Member' object has no attribute 'timed_out_until'
INFO:asu_discord.cogs.verification:Saved 5 roles to database for user aishreev (Discord ID: 1440058418764189910)
INFO:asu_discord.cogs.verification:Refreshed Salesforce roles for Discord user 1440058418764189910: -5/+5 roles, assigned=[Arizona Resident, Commited, First Year, Tempe, W.P. Carey School of Business]
Ignoring exception in on_member_update
Traceback (most recent call last):
  File "/usr/local/lib/python3.12/site-packages/discord/client.py", line 465, in _run_event
    await coro(*args, **kwargs)
  File "/app/asu_discord/cogs/analytics.py", line 652, in on_member_update
    before_timeout = before.timed_out_until
                     ^^^^^^^^^^^^^^^^^^^^^^
AttributeError: 'Member' object has no attribute 'timed_out_until'
Ignoring exception in on_member_update
Traceback (most recent call last):
  File "/usr/local/lib/python3.12/site-packages/discord/client.py", line 465, in _run_event
    await coro(*args, **kwargs)
  File "/app/asu_discord/cogs/analytics.py", line 652, in on_member_update
    before_timeout = before.timed_out_until
                     ^^^^^^^^^^^^^^^^^^^^^^
AttributeError: 'Member' object has no attribute 'timed_out_until'
Ignoring exception in on_member_update
Traceback (most recent call last):
  File "/usr/local/lib/python3.12/site-packages/discord/client.py", line 465, in _run_event
    await coro(*args, **kwargs)
  File "/app/asu_discord/cogs/analytics.py", line 652, in on_member_update
    before_timeout = before.timed_out_until
                     ^^^^^^^^^^^^^^^^^^^^^^
AttributeError: 'Member' object has no attribute 'timed_out_until'
Ignoring exception in on_member_update
Traceback (most recent call last):
  File "/usr/local/lib/python3.12/site-packages/discord/client.py", line 465, in _run_event
    await coro(*args, **kwargs)
  File "/app/asu_discord/cogs/analytics.py", line 652, in on_member_update
    before_timeout = before.timed_out_until
                     ^^^^^^^^^^^^^^^^^^^^^^
AttributeError: 'Member' object has no attribute 'timed_out_until'
Ignoring exception in on_member_update
Traceback (most recent call last):
  File "/usr/local/lib/python3.12/site-packages/discord/client.py", line 465, in _run_event
    await coro(*args, **kwargs)
  File "/app/asu_discord/cogs/analytics.py", line 652, in on_member_update
    before_timeout = before.timed_out_until
                     ^^^^^^^^^^^^^^^^^^^^^^
AttributeError: 'Member' object has no attribute 'timed_out_until'
Ignoring exception in on_member_update
Traceback (most recent call last):
  File "/usr/local/lib/python3.12/site-packages/discord/client.py", line 465, in _run_event
    await coro(*args, **kwargs)
  File "/app/asu_discord/cogs/analytics.py", line 652, in on_member_update
    before_timeout = before.timed_out_until
                     ^^^^^^^^^^^^^^^^^^^^^^
AttributeError: 'Member' object has no attribute 'timed_out_until'
Ignoring exception in on_member_update
Traceback (most recent call last):
  File "/usr/local/lib/python3.12/site-packages/discord/client.py", line 465, in _run_event
    await coro(*args, **kwargs)
  File "/app/asu_discord/cogs/analytics.py", line 652, in on_member_update
    before_timeout = before.timed_out_until
                     ^^^^^^^^^^^^^^^^^^^^^^
AttributeError: 'Member' object has no attribute 'timed_out_until'
Ignoring exception in on_member_update
Traceback (most recent call last):
  File "/usr/local/lib/python3.12/site-packages/discord/client.py", line 465, in _run_event
    await coro(*args, **kwargs)
  File "/app/asu_discord/cogs/analytics.py", line 652, in on_member_update
    before_timeout = before.timed_out_until
                     ^^^^^^^^^^^^^^^^^^^^^^
AttributeError: 'Member' object has no attribute 'timed_out_until'
Ignoring exception in on_member_update
Traceback (most recent call last):
  File "/usr/local/lib/python3.12/site-packages/discord/client.py", line 465, in _run_event
    await coro(*args, **kwargs)
  File "/app/asu_discord/cogs/analytics.py", line 652, in on_member_update
    before_timeout = before.timed_out_until
                     ^^^^^^^^^^^^^^^^^^^^^^
AttributeError: 'Member' object has no attribute 'timed_out_until'
Ignoring exception in on_member_update
Traceback (most recent call last):
  File "/usr/local/lib/python3.12/site-packages/discord/client.py", line 465, in _run_event
    await coro(*args, **kwargs)
  File "/app/asu_discord/cogs/analytics.py", line 652, in on_member_update
    before_timeout = before.timed_out_until
                     ^^^^^^^^^^^^^^^^^^^^^^
AttributeError: 'Member' object has no attribute 'timed_out_until'
INFO:asu_discord.cogs.verification:Saved 5 roles to database for user azarifis (Discord ID: 780564855647764500)
INFO:asu_discord.cogs.verification:Refreshed Salesforce roles for Discord user 780564855647764500: -5/+5 roles, assigned=[Commited, First Year, Ira A. Fulton Schools of Engineering, Out of State, Tempe]
Ignoring exception in on_member_update
Traceback (most recent call last):
  File "/usr/local/lib/python3.12/site-packages/discord/client.py", line 465, in _run_event
    await coro(*args, **kwargs)
  File "/app/asu_discord/cogs/analytics.py", line 652, in on_member_update
    before_timeout = before.timed_out_until
                     ^^^^^^^^^^^^^^^^^^^^^^
AttributeError: 'Member' object has no attribute 'timed_out_until'
Ignoring exception in on_member_update
Traceback (most recent call last):
  File "/usr/local/lib/python3.12/site-packages/discord/client.py", line 465, in _run_event
    await coro(*args, **kwargs)
  File "/app/asu_discord/cogs/analytics.py", line 652, in on_member_update
    before_timeout = before.timed_out_until
                     ^^^^^^^^^^^^^^^^^^^^^^
AttributeError: 'Member' object has no attribute 'timed_out_until'
Ignoring exception in on_member_update
Traceback (most recent call last):
  File "/usr/local/lib/python3.12/site-packages/discord/client.py", line 465, in _run_event
    await coro(*args, **kwargs)
  File "/app/asu_discord/cogs/analytics.py", line 652, in on_member_update
    before_timeout = before.timed_out_until
                     ^^^^^^^^^^^^^^^^^^^^^^
AttributeError: 'Member' object has no attribute 'timed_out_until'
Ignoring exception in on_member_update
Traceback (most recent call last):
  File "/usr/local/lib/python3.12/site-packages/discord/client.py", line 465, in _run_event
    await coro(*args, **kwargs)
  File "/app/asu_discord/cogs/analytics.py", line 652, in on_member_update
    before_timeout = before.timed_out_until
                     ^^^^^^^^^^^^^^^^^^^^^^
AttributeError: 'Member' object has no attribute 'timed_out_until'
Ignoring exception in on_member_update
Traceback (most recent call last):
  File "/usr/local/lib/python3.12/site-packages/discord/client.py", line 465, in _run_event
    await coro(*args, **kwargs)
  File "/app/asu_discord/cogs/analytics.py", line 652, in on_member_update
    before_timeout = before.timed_out_until
                     ^^^^^^^^^^^^^^^^^^^^^^
AttributeError: 'Member' object has no attribute 'timed_out_until'
Ignoring exception in on_member_update
Traceback (most recent call last):
  File "/usr/local/lib/python3.12/site-packages/discord/client.py", line 465, in _run_event
    await coro(*args, **kwargs)
  File "/app/asu_discord/cogs/analytics.py", line 652, in on_member_update
    before_timeout = before.timed_out_until
                     ^^^^^^^^^^^^^^^^^^^^^^
AttributeError: 'Member' object has no attribute 'timed_out_until'
Ignoring exception in on_member_update
Traceback (most recent call last):
  File "/usr/local/lib/python3.12/site-packages/discord/client.py", line 465, in _run_event
    await coro(*args, **kwargs)
  File "/app/asu_discord/cogs/analytics.py", line 652, in on_member_update
    before_timeout = before.timed_out_until
                     ^^^^^^^^^^^^^^^^^^^^^^
AttributeError: 'Member' object has no attribute 'timed_out_until'
Ignoring exception in on_member_update
Traceback (most recent call last):
  File "/usr/local/lib/python3.12/site-packages/discord/client.py", line 465, in _run_event
    await coro(*args, **kwargs)
  File "/app/asu_discord/cogs/analytics.py", line 652, in on_member_update
    before_timeout = before.timed_out_until
                     ^^^^^^^^^^^^^^^^^^^^^^
AttributeError: 'Member' object has no attribute 'timed_out_until'
Ignoring exception in on_member_update
Traceback (most recent call last):
  File "/usr/local/lib/python3.12/site-packages/discord/client.py", line 465, in _run_event
    await coro(*args, **kwargs)
  File "/app/asu_discord/cogs/analytics.py", line 652, in on_member_update
    before_timeout = before.timed_out_until
                     ^^^^^^^^^^^^^^^^^^^^^^
AttributeError: 'Member' object has no attribute 'timed_out_until'
Ignoring exception in on_member_update
Traceback (most recent call last):
  File "/usr/local/lib/python3.12/site-packages/discord/client.py", line 465, in _run_event
    await coro(*args, **kwargs)
  File "/app/asu_discord/cogs/analytics.py", line 652, in on_member_update
    before_timeout = before.timed_out_until
                     ^^^^^^^^^^^^^^^^^^^^^^
AttributeError: 'Member' object has no attribute 'timed_out_until'
INFO:asu_discord.cogs.verification:Saved 5 roles to database for user lkrosky (Discord ID: 616032748116639754)
INFO:asu_discord.cogs.verification:Refreshed Salesforce roles for Discord user 616032748116639754: -5/+5 roles, assigned=[Arizona Resident, College of Liberal Arts and Sciences, Commited, First Year, Tempe]
Ignoring exception in on_member_update
Traceback (most recent call last):
  File "/usr/local/lib/python3.12/site-packages/discord/client.py", line 465, in _run_event
    await coro(*args, **kwargs)
  File "/app/asu_discord/cogs/analytics.py", line 652, in on_member_update
    before_timeout = before.timed_out_until
                     ^^^^^^^^^^^^^^^^^^^^^^
AttributeError: 'Member' object has no attribute 'timed_out_until'
Ignoring exception in on_member_update
Traceback (most recent call last):
  File "/usr/local/lib/python3.12/site-packages/discord/client.py", line 465, in _run_event
    await coro(*args, **kwargs)
  File "/app/asu_discord/cogs/analytics.py", line 652, in on_member_update
    before_timeout = before.timed_out_until
                     ^^^^^^^^^^^^^^^^^^^^^^
AttributeError: 'Member' object has no attribute 'timed_out_until'
Ignoring exception in on_member_update
Traceback (most recent call last):
  File "/usr/local/lib/python3.12/site-packages/discord/client.py", line 465, in _run_event
    await coro(*args, **kwargs)
  File "/app/asu_discord/cogs/analytics.py", line 652, in on_member_update
    before_timeout = before.timed_out_until
                     ^^^^^^^^^^^^^^^^^^^^^^
AttributeError: 'Member' object has no attribute 'timed_out_until'
Ignoring exception in on_member_update
Traceback (most recent call last):
  File "/usr/local/lib/python3.12/site-packages/discord/client.py", line 465, in _run_event
    await coro(*args, **kwargs)
  File "/app/asu_discord/cogs/analytics.py", line 652, in on_member_update
    before_timeout = before.timed_out_until
                     ^^^^^^^^^^^^^^^^^^^^^^
AttributeError: 'Member' object has no attribute 'timed_out_until'
Ignoring exception in on_member_update
Traceback (most recent call last):
  File "/usr/local/lib/python3.12/site-packages/discord/client.py", line 465, in _run_event
    await coro(*args, **kwargs)
  File "/app/asu_discord/cogs/analytics.py", line 652, in on_member_update
    before_timeout = before.timed_out_until
                     ^^^^^^^^^^^^^^^^^^^^^^
AttributeError: 'Member' object has no attribute 'timed_out_until'
Ignoring exception in on_member_update
Traceback (most recent call last):
  File "/usr/local/lib/python3.12/site-packages/discord/client.py", line 465, in _run_event
    await coro(*args, **kwargs)
  File "/app/asu_discord/cogs/analytics.py", line 652, in on_member_update
    before_timeout = before.timed_out_until
                     ^^^^^^^^^^^^^^^^^^^^^^
AttributeError: 'Member' object has no attribute 'timed_out_until'
Ignoring exception in on_member_update
Traceback (most recent call last):
  File "/usr/local/lib/python3.12/site-packages/discord/client.py", line 465, in _run_event
    await coro(*args, **kwargs)
  File "/app/asu_discord/cogs/analytics.py", line 652, in on_member_update
    before_timeout = before.timed_out_until
                     ^^^^^^^^^^^^^^^^^^^^^^
AttributeError: 'Member' object has no attribute 'timed_out_until'
INFO:asu_discord.cogs.verification:Saved 4 roles to database for user ejdavi17 (Discord ID: 1029228950821548072)
INFO:asu_discord.cogs.verification:Refreshed Salesforce roles for Discord user 1029228950821548072: -4/+3 roles, assigned=[Arizona Resident, College of Liberal Arts and Sciences, First Year, Tempe]
Ignoring exception in on_member_update
Traceback (most recent call last):
  File "/usr/local/lib/python3.12/site-packages/discord/client.py", line 465, in _run_event
    await coro(*args, **kwargs)
  File "/app/asu_discord/cogs/analytics.py", line 652, in on_member_update
    before_timeout = before.timed_out_until
                     ^^^^^^^^^^^^^^^^^^^^^^
AttributeError: 'Member' object has no attribute 'timed_out_until'
Ignoring exception in on_member_update
Traceback (most recent call last):
  File "/usr/local/lib/python3.12/site-packages/discord/client.py", line 465, in _run_event
    await coro(*args, **kwargs)
  File "/app/asu_discord/cogs/analytics.py", line 652, in on_member_update
    before_timeout = before.timed_out_until
                     ^^^^^^^^^^^^^^^^^^^^^^
AttributeError: 'Member' object has no attribute 'timed_out_until'
Ignoring exception in on_member_update
Traceback (most recent call last):
  File "/usr/local/lib/python3.12/site-packages/discord/client.py", line 465, in _run_event
    await coro(*args, **kwargs)
  File "/app/asu_discord/cogs/analytics.py", line 652, in on_member_update
    before_timeout = before.timed_out_until
                     ^^^^^^^^^^^^^^^^^^^^^^
AttributeError: 'Member' object has no attribute 'timed_out_until'
Ignoring exception in on_member_update
Traceback (most recent call last):
  File "/usr/local/lib/python3.12/site-packages/discord/client.py", line 465, in _run_event
    await coro(*args, **kwargs)
  File "/app/asu_discord/cogs/analytics.py", line 652, in on_member_update
    before_timeout = before.timed_out_until
                     ^^^^^^^^^^^^^^^^^^^^^^
AttributeError: 'Member' object has no attribute 'timed_out_until'
Ignoring exception in on_member_update
Traceback (most recent call last):
  File "/usr/local/lib/python3.12/site-packages/discord/client.py", line 465, in _run_event
    await coro(*args, **kwargs)
  File "/app/asu_discord/cogs/analytics.py", line 652, in on_member_update
    before_timeout = before.timed_out_until
                     ^^^^^^^^^^^^^^^^^^^^^^
AttributeError: 'Member' object has no attribute 'timed_out_until'
Ignoring exception in on_member_update
Traceback (most recent call last):
  File "/usr/local/lib/python3.12/site-packages/discord/client.py", line 465, in _run_event
    await coro(*args, **kwargs)
  File "/app/asu_discord/cogs/analytics.py", line 652, in on_member_update
    before_timeout = before.timed_out_until
                     ^^^^^^^^^^^^^^^^^^^^^^
AttributeError: 'Member' object has no attribute 'timed_out_until'
Ignoring exception in on_member_update
Traceback (most recent call last):
  File "/usr/local/lib/python3.12/site-packages/discord/client.py", line 465, in _run_event
    await coro(*args, **kwargs)
  File "/app/asu_discord/cogs/analytics.py", line 652, in on_member_update
    before_timeout = before.timed_out_until
                     ^^^^^^^^^^^^^^^^^^^^^^
AttributeError: 'Member' object has no attribute 'timed_out_until'
Ignoring exception in on_member_update
Traceback (most recent call last):
  File "/usr/local/lib/python3.12/site-packages/discord/client.py", line 465, in _run_event
    await coro(*args, **kwargs)
  File "/app/asu_discord/cogs/analytics.py", line 652, in on_member_update
    before_timeout = before.timed_out_until
                     ^^^^^^^^^^^^^^^^^^^^^^
AttributeError: 'Member' object has no attribute 'timed_out_until'
Ignoring exception in on_member_update
Traceback (most recent call last):
  File "/usr/local/lib/python3.12/site-packages/discord/client.py", line 465, in _run_event
    await coro(*args, **kwargs)
  File "/app/asu_discord/cogs/analytics.py", line 652, in on_member_update
    before_timeout = before.timed_out_until
                     ^^^^^^^^^^^^^^^^^^^^^^
AttributeError: 'Member' object has no attribute 'timed_out_until'
Ignoring exception in on_member_update
Traceback (most recent call last):
  File "/usr/local/lib/python3.12/site-packages/discord/client.py", line 465, in _run_event
    await coro(*args, **kwargs)
  File "/app/asu_discord/cogs/analytics.py", line 652, in on_member_update
    before_timeout = before.timed_out_until
                     ^^^^^^^^^^^^^^^^^^^^^^
AttributeError: 'Member' object has no attribute 'timed_out_until'
INFO:asu_discord.cogs.verification:Saved 5 roles to database for user hbmayer (Discord ID: 587419051756617735)
INFO:asu_discord.cogs.verification:Refreshed Salesforce roles for Discord user 587419051756617735: -5/+5 roles, assigned=[Commited, First Year, New College of Interdisciplinary Arts and Sciences, Out of State, West Valley]
Ignoring exception in on_member_update
Traceback (most recent call last):
  File "/usr/local/lib/python3.12/site-packages/discord/client.py", line 465, in _run_event
    await coro(*args, **kwargs)
  File "/app/asu_discord/cogs/analytics.py", line 652, in on_member_update
    before_timeout = before.timed_out_until
                     ^^^^^^^^^^^^^^^^^^^^^^
AttributeError: 'Member' object has no attribute 'timed_out_until'
Ignoring exception in on_member_update
Traceback (most recent call last):
  File "/usr/local/lib/python3.12/site-packages/discord/client.py", line 465, in _run_event
    await coro(*args, **kwargs)
  File "/app/asu_discord/cogs/analytics.py", line 652, in on_member_update
    before_timeout = before.timed_out_until
                     ^^^^^^^^^^^^^^^^^^^^^^
AttributeError: 'Member' object has no attribute 'timed_out_until'
INFO:asu_discord.cogs.verification:Saved 1 roles to database for user ahnair (Discord ID: 880276983169294396)
INFO:asu_discord.cogs.verification:Refreshed Salesforce roles for Discord user 880276983169294396: -1/+1 roles, assigned=[Arizona Resident]
Ignoring exception in on_member_update
Traceback (most recent call last):
  File "/usr/local/lib/python3.12/site-packages/discord/client.py", line 465, in _run_event
    await coro(*args, **kwargs)
  File "/app/asu_discord/cogs/analytics.py", line 652, in on_member_update
    before_timeout = before.timed_out_until
                     ^^^^^^^^^^^^^^^^^^^^^^
AttributeError: 'Member' object has no attribute 'timed_out_until'
Ignoring exception in on_member_update
Traceback (most recent call last):
  File "/usr/local/lib/python3.12/site-packages/discord/client.py", line 465, in _run_event
    await coro(*args, **kwargs)
  File "/app/asu_discord/cogs/analytics.py", line 652, in on_member_update
    before_timeout = before.timed_out_until
                     ^^^^^^^^^^^^^^^^^^^^^^
AttributeError: 'Member' object has no attribute 'timed_out_until'
Ignoring exception in on_member_update
Traceback (most recent call last):
  File "/usr/local/lib/python3.12/site-packages/discord/client.py", line 465, in _run_event
    await coro(*args, **kwargs)
  File "/app/asu_discord/cogs/analytics.py", line 652, in on_member_update
    before_timeout = before.timed_out_until
                     ^^^^^^^^^^^^^^^^^^^^^^
AttributeError: 'Member' object has no attribute 'timed_out_until'
Ignoring exception in on_member_update
Traceback (most recent call last):
  File "/usr/local/lib/python3.12/site-packages/discord/client.py", line 465, in _run_event
    await coro(*args, **kwargs)
  File "/app/asu_discord/cogs/analytics.py", line 652, in on_member_update
    before_timeout = before.timed_out_until
                     ^^^^^^^^^^^^^^^^^^^^^^
AttributeError: 'Member' object has no attribute 'timed_out_until'
Ignoring exception in on_member_update
Traceback (most recent call last):
  File "/usr/local/lib/python3.12/site-packages/discord/client.py", line 465, in _run_event
    await coro(*args, **kwargs)
  File "/app/asu_discord/cogs/analytics.py", line 652, in on_member_update
    before_timeout = before.timed_out_until
                     ^^^^^^^^^^^^^^^^^^^^^^
AttributeError: 'Member' object has no attribute 'timed_out_until'
Ignoring exception in on_member_update
Traceback (most recent call last):
  File "/usr/local/lib/python3.12/site-packages/discord/client.py", line 465, in _run_event
    await coro(*args, **kwargs)
  File "/app/asu_discord/cogs/analytics.py", line 652, in on_member_update
    before_timeout = before.timed_out_until
                     ^^^^^^^^^^^^^^^^^^^^^^
AttributeError: 'Member' object has no attribute 'timed_out_until'
Ignoring exception in on_member_update
Traceback (most recent call last):
  File "/usr/local/lib/python3.12/site-packages/discord/client.py", line 465, in _run_event
    await coro(*args, **kwargs)
  File "/app/asu_discord/cogs/analytics.py", line 652, in on_member_update
    before_timeout = before.timed_out_until
                     ^^^^^^^^^^^^^^^^^^^^^^
AttributeError: 'Member' object has no attribute 'timed_out_until'
Ignoring exception in on_member_update
Traceback (most recent call last):
  File "/usr/local/lib/python3.12/site-packages/discord/client.py", line 465, in _run_event
    await coro(*args, **kwargs)
  File "/app/asu_discord/cogs/analytics.py", line 652, in on_member_update
    before_timeout = before.timed_out_until
                     ^^^^^^^^^^^^^^^^^^^^^^
AttributeError: 'Member' object has no attribute 'timed_out_until'
Ignoring exception in on_member_update
Traceback (most recent call last):
  File "/usr/local/lib/python3.12/site-packages/discord/client.py", line 465, in _run_event
    await coro(*args, **kwargs)
  File "/app/asu_discord/cogs/analytics.py", line 652, in on_member_update
    before_timeout = before.timed_out_until
                     ^^^^^^^^^^^^^^^^^^^^^^
AttributeError: 'Member' object has no attribute 'timed_out_until'
Ignoring exception in on_member_update
Traceback (most recent call last):
  File "/usr/local/lib/python3.12/site-packages/discord/client.py", line 465, in _run_event
    await coro(*args, **kwargs)
  File "/app/asu_discord/cogs/analytics.py", line 652, in on_member_update
    before_timeout = before.timed_out_until
                     ^^^^^^^^^^^^^^^^^^^^^^
AttributeError: 'Member' object has no attribute 'timed_out_until'
INFO:asu_discord.cogs.verification:Saved 5 roles to database for user clynn13 (Discord ID: 837119081790046228)
INFO:asu_discord.cogs.verification:Refreshed Salesforce roles for Discord user 837119081790046228: -5/+5 roles, assigned=[Arizona Resident, Commited, First Year, Ira A. Fulton Schools of Engineering, Polytechnic]
Ignoring exception in on_member_update
Traceback (most recent call last):
  File "/usr/local/lib/python3.12/site-packages/discord/client.py", line 465, in _run_event
    await coro(*args, **kwargs)
  File "/app/asu_discord/cogs/analytics.py", line 652, in on_member_update
    before_timeout = before.timed_out_until
                     ^^^^^^^^^^^^^^^^^^^^^^
AttributeError: 'Member' object has no attribute 'timed_out_until'
Ignoring exception in on_member_update
Traceback (most recent call last):
  File "/usr/local/lib/python3.12/site-packages/discord/client.py", line 465, in _run_event
    await coro(*args, **kwargs)
  File "/app/asu_discord/cogs/analytics.py", line 652, in on_member_update
    before_timeout = before.timed_out_until
                     ^^^^^^^^^^^^^^^^^^^^^^
AttributeError: 'Member' object has no attribute 'timed_out_until'
Ignoring exception in on_member_update
Traceback (most recent call last):
  File "/usr/local/lib/python3.12/site-packages/discord/client.py", line 465, in _run_event
    await coro(*args, **kwargs)
  File "/app/asu_discord/cogs/analytics.py", line 652, in on_member_update
    before_timeout = before.timed_out_until
                     ^^^^^^^^^^^^^^^^^^^^^^
AttributeError: 'Member' object has no attribute 'timed_out_until'
Ignoring exception in on_member_update
Traceback (most recent call last):
  File "/usr/local/lib/python3.12/site-packages/discord/client.py", line 465, in _run_event
    await coro(*args, **kwargs)
  File "/app/asu_discord/cogs/analytics.py", line 652, in on_member_update
    before_timeout = before.timed_out_until
                     ^^^^^^^^^^^^^^^^^^^^^^
AttributeError: 'Member' object has no attribute 'timed_out_until'
Ignoring exception in on_member_update
Traceback (most recent call last):
  File "/usr/local/lib/python3.12/site-packages/discord/client.py", line 465, in _run_event
    await coro(*args, **kwargs)
  File "/app/asu_discord/cogs/analytics.py", line 652, in on_member_update
    before_timeout = before.timed_out_until
                     ^^^^^^^^^^^^^^^^^^^^^^
AttributeError: 'Member' object has no attribute 'timed_out_until'
Ignoring exception in on_member_update
Traceback (most recent call last):
  File "/usr/local/lib/python3.12/site-packages/discord/client.py", line 465, in _run_event
    await coro(*args, **kwargs)
  File "/app/asu_discord/cogs/analytics.py", line 652, in on_member_update
    before_timeout = before.timed_out_until
                     ^^^^^^^^^^^^^^^^^^^^^^
AttributeError: 'Member' object has no attribute 'timed_out_until'
Ignoring exception in on_member_update
Traceback (most recent call last):
  File "/usr/local/lib/python3.12/site-packages/discord/client.py", line 465, in _run_event
    await coro(*args, **kwargs)
  File "/app/asu_discord/cogs/analytics.py", line 652, in on_member_update
    before_timeout = before.timed_out_until
                     ^^^^^^^^^^^^^^^^^^^^^^
AttributeError: 'Member' object has no attribute 'timed_out_until'
Ignoring exception in on_member_update
Traceback (most recent call last):
  File "/usr/local/lib/python3.12/site-packages/discord/client.py", line 465, in _run_event
    await coro(*args, **kwargs)
  File "/app/asu_discord/cogs/analytics.py", line 652, in on_member_update
    before_timeout = before.timed_out_until
                     ^^^^^^^^^^^^^^^^^^^^^^
AttributeError: 'Member' object has no attribute 'timed_out_until'
Ignoring exception in on_member_update
Traceback (most recent call last):
  File "/usr/local/lib/python3.12/site-packages/discord/client.py", line 465, in _run_event
    await coro(*args, **kwargs)
  File "/app/asu_discord/cogs/analytics.py", line 652, in on_member_update
    before_timeout = before.timed_out_until
                     ^^^^^^^^^^^^^^^^^^^^^^
AttributeError: 'Member' object has no attribute 'timed_out_until'
Ignoring exception in on_member_update
Traceback (most recent call last):
  File "/usr/local/lib/python3.12/site-packages/discord/client.py", line 465, in _run_event
    await coro(*args, **kwargs)
  File "/app/asu_discord/cogs/analytics.py", line 652, in on_member_update
    before_timeout = before.timed_out_until
                     ^^^^^^^^^^^^^^^^^^^^^^
AttributeError: 'Member' object has no attribute 'timed_out_until'
INFO:asu_discord.cogs.verification:Saved 5 roles to database for user snavila3 (Discord ID: 755092108565807205)
INFO:asu_discord.cogs.verification:Refreshed Salesforce roles for Discord user 755092108565807205: -5/+5 roles, assigned=[Arizona Resident, First Generation Student, First Year, New College of Interdisciplinary Arts and Sciences, West Valley]
Ignoring exception in on_member_update
Traceback (most recent call last):
  File "/usr/local/lib/python3.12/site-packages/discord/client.py", line 465, in _run_event
    await coro(*args, **kwargs)
  File "/app/asu_discord/cogs/analytics.py", line 652, in on_member_update
    before_timeout = before.timed_out_until
                     ^^^^^^^^^^^^^^^^^^^^^^
AttributeError: 'Member' object has no attribute 'timed_out_until'
Ignoring exception in on_member_update
Traceback (most recent call last):
  File "/usr/local/lib/python3.12/site-packages/discord/client.py", line 465, in _run_event
    await coro(*args, **kwargs)
  File "/app/asu_discord/cogs/analytics.py", line 652, in on_member_update
    before_timeout = before.timed_out_until
                     ^^^^^^^^^^^^^^^^^^^^^^
AttributeError: 'Member' object has no attribute 'timed_out_until'
Ignoring exception in on_member_update
Traceback (most recent call last):
  File "/usr/local/lib/python3.12/site-packages/discord/client.py", line 465, in _run_event
    await coro(*args, **kwargs)
  File "/app/asu_discord/cogs/analytics.py", line 652, in on_member_update
    before_timeout = before.timed_out_until
                     ^^^^^^^^^^^^^^^^^^^^^^
AttributeError: 'Member' object has no attribute 'timed_out_until'
Ignoring exception in on_member_update
Traceback (most recent call last):
  File "/usr/local/lib/python3.12/site-packages/discord/client.py", line 465, in _run_event
    await coro(*args, **kwargs)
  File "/app/asu_discord/cogs/analytics.py", line 652, in on_member_update
    before_timeout = before.timed_out_until
                     ^^^^^^^^^^^^^^^^^^^^^^
AttributeError: 'Member' object has no attribute 'timed_out_until'
Ignoring exception in on_member_update
Traceback (most recent call last):
  File "/usr/local/lib/python3.12/site-packages/discord/client.py", line 465, in _run_event
    await coro(*args, **kwargs)
  File "/app/asu_discord/cogs/analytics.py", line 652, in on_member_update
    before_timeout = before.timed_out_until
                     ^^^^^^^^^^^^^^^^^^^^^^
AttributeError: 'Member' object has no attribute 'timed_out_until'
Ignoring exception in on_member_update
Traceback (most recent call last):
  File "/usr/local/lib/python3.12/site-packages/discord/client.py", line 465, in _run_event
    await coro(*args, **kwargs)
  File "/app/asu_discord/cogs/analytics.py", line 652, in on_member_update
    before_timeout = before.timed_out_until
                     ^^^^^^^^^^^^^^^^^^^^^^
AttributeError: 'Member' object has no attribute 'timed_out_until'
Ignoring exception in on_member_update
Traceback (most recent call last):
  File "/usr/local/lib/python3.12/site-packages/discord/client.py", line 465, in _run_event
    await coro(*args, **kwargs)
  File "/app/asu_discord/cogs/analytics.py", line 652, in on_member_update
    before_timeout = before.timed_out_until
                     ^^^^^^^^^^^^^^^^^^^^^^
AttributeError: 'Member' object has no attribute 'timed_out_until'
Ignoring exception in on_member_update
Traceback (most recent call last):
  File "/usr/local/lib/python3.12/site-packages/discord/client.py", line 465, in _run_event
    await coro(*args, **kwargs)
  File "/app/asu_discord/cogs/analytics.py", line 652, in on_member_update
    before_timeout = before.timed_out_until
                     ^^^^^^^^^^^^^^^^^^^^^^
AttributeError: 'Member' object has no attribute 'timed_out_until'
Ignoring exception in on_member_update
Traceback (most recent call last):
  File "/usr/local/lib/python3.12/site-packages/discord/client.py", line 465, in _run_event
    await coro(*args, **kwargs)
  File "/app/asu_discord/cogs/analytics.py", line 652, in on_member_update
    before_timeout = before.timed_out_until
                     ^^^^^^^^^^^^^^^^^^^^^^
AttributeError: 'Member' object has no attribute 'timed_out_until'
INFO:asu_discord.cogs.verification:Saved 5 roles to database for user ahenri13 (Discord ID: 763115817385590845)
INFO:asu_discord.cogs.verification:Refreshed Salesforce roles for Discord user 763115817385590845: -5/+4 roles, assigned=[Arizona Resident, Commited, First Year, Tempe, W.P. Carey School of Business]
ERROR:cron.jobs:refresh_salesforce_roles: failed for kaswens2 (Discord ID 1434725927442579668): Failed to refresh Salesforce-based roles: Discord user 1434725927442579668 is not a member of the guild
INFO:asu_discord.cogs.verification:Refreshed Salesforce roles for Discord user 756393122048507977: -0/+0 roles, assigned=[none]
Ignoring exception in on_member_update
Traceback (most recent call last):
  File "/usr/local/lib/python3.12/site-packages/discord/client.py", line 465, in _run_event
    await coro(*args, **kwargs)
  File "/app/asu_discord/cogs/analytics.py", line 652, in on_member_update
    before_timeout = before.timed_out_until
                     ^^^^^^^^^^^^^^^^^^^^^^
AttributeError: 'Member' object has no attribute 'timed_out_until'
Ignoring exception in on_member_update
Traceback (most recent call last):
  File "/usr/local/lib/python3.12/site-packages/discord/client.py", line 465, in _run_event
    await coro(*args, **kwargs)
  File "/app/asu_discord/cogs/analytics.py", line 652, in on_member_update
    before_timeout = before.timed_out_until
                     ^^^^^^^^^^^^^^^^^^^^^^
AttributeError: 'Member' object has no attribute 'timed_out_until'
Ignoring exception in on_member_update
Traceback (most recent call last):
  File "/usr/local/lib/python3.12/site-packages/discord/client.py", line 465, in _run_event
    await coro(*args, **kwargs)
  File "/app/asu_discord/cogs/analytics.py", line 652, in on_member_update
    before_timeout = before.timed_out_until
                     ^^^^^^^^^^^^^^^^^^^^^^
AttributeError: 'Member' object has no attribute 'timed_out_until'
Ignoring exception in on_member_update
Traceback (most recent call last):
  File "/usr/local/lib/python3.12/site-packages/discord/client.py", line 465, in _run_event
    await coro(*args, **kwargs)
  File "/app/asu_discord/cogs/analytics.py", line 652, in on_member_update
    before_timeout = before.timed_out_until
                     ^^^^^^^^^^^^^^^^^^^^^^
AttributeError: 'Member' object has no attribute 'timed_out_until'
Ignoring exception in on_member_update
Traceback (most recent call last):
  File "/usr/local/lib/python3.12/site-packages/discord/client.py", line 465, in _run_event
    await coro(*args, **kwargs)
  File "/app/asu_discord/cogs/analytics.py", line 652, in on_member_update
    before_timeout = before.timed_out_until
                     ^^^^^^^^^^^^^^^^^^^^^^
AttributeError: 'Member' object has no attribute 'timed_out_until'
Ignoring exception in on_member_update
Traceback (most recent call last):
  File "/usr/local/lib/python3.12/site-packages/discord/client.py", line 465, in _run_event
    await coro(*args, **kwargs)
  File "/app/asu_discord/cogs/analytics.py", line 652, in on_member_update
    before_timeout = before.timed_out_until
                     ^^^^^^^^^^^^^^^^^^^^^^
AttributeError: 'Member' object has no attribute 'timed_out_until'
Ignoring exception in on_member_update
Traceback (most recent call last):
  File "/usr/local/lib/python3.12/site-packages/discord/client.py", line 465, in _run_event
    await coro(*args, **kwargs)
  File "/app/asu_discord/cogs/analytics.py", line 652, in on_member_update
    before_timeout = before.timed_out_until
                     ^^^^^^^^^^^^^^^^^^^^^^
AttributeError: 'Member' object has no attribute 'timed_out_until'
Ignoring exception in on_member_update
Traceback (most recent call last):
  File "/usr/local/lib/python3.12/site-packages/discord/client.py", line 465, in _run_event
    await coro(*args, **kwargs)
  File "/app/asu_discord/cogs/analytics.py", line 652, in on_member_update
    before_timeout = before.timed_out_until
                     ^^^^^^^^^^^^^^^^^^^^^^
AttributeError: 'Member' object has no attribute 'timed_out_until'
Ignoring exception in on_member_update
Traceback (most recent call last):
  File "/usr/local/lib/python3.12/site-packages/discord/client.py", line 465, in _run_event
    await coro(*args, **kwargs)
  File "/app/asu_discord/cogs/analytics.py", line 652, in on_member_update
    before_timeout = before.timed_out_until
                     ^^^^^^^^^^^^^^^^^^^^^^
AttributeError: 'Member' object has no attribute 'timed_out_until'
Ignoring exception in on_member_update
Traceback (most recent call last):
  File "/usr/local/lib/python3.12/site-packages/discord/client.py", line 465, in _run_event
    await coro(*args, **kwargs)
  File "/app/asu_discord/cogs/analytics.py", line 652, in on_member_update
    before_timeout = before.timed_out_until
                     ^^^^^^^^^^^^^^^^^^^^^^
AttributeError: 'Member' object has no attribute 'timed_out_until'
Ignoring exception in on_member_update
Traceback (most recent call last):
  File "/usr/local/lib/python3.12/site-packages/discord/client.py", line 465, in _run_event
    await coro(*args, **kwargs)
  File "/app/asu_discord/cogs/analytics.py", line 652, in on_member_update
    before_timeout = before.timed_out_until
                     ^^^^^^^^^^^^^^^^^^^^^^
AttributeError: 'Member' object has no attribute 'timed_out_until'
INFO:asu_discord.cogs.verification:Saved 6 roles to database for user letorris (Discord ID: 916379506980302918)
INFO:asu_discord.cogs.verification:Refreshed Salesforce roles for Discord user 916379506980302918: -5/+6 roles, assigned=[Arizona Resident, Commited, First Generation Student, First Year, Tempe, University College]
ERROR:cron.jobs:refresh_salesforce_roles: failed for apate453 (Discord ID 1124976308514996264): Failed to refresh Salesforce-based roles: Discord user 1124976308514996264 is not a member of the guild
Ignoring exception in on_member_update
Traceback (most recent call last):
  File "/usr/local/lib/python3.12/site-packages/discord/client.py", line 465, in _run_event
    await coro(*args, **kwargs)
  File "/app/asu_discord/cogs/analytics.py", line 652, in on_member_update
    before_timeout = before.timed_out_until
                     ^^^^^^^^^^^^^^^^^^^^^^
AttributeError: 'Member' object has no attribute 'timed_out_until'
Ignoring exception in on_member_update
Traceback (most recent call last):
  File "/usr/local/lib/python3.12/site-packages/discord/client.py", line 465, in _run_event
    await coro(*args, **kwargs)
  File "/app/asu_discord/cogs/analytics.py", line 652, in on_member_update
    before_timeout = before.timed_out_until
                     ^^^^^^^^^^^^^^^^^^^^^^
AttributeError: 'Member' object has no attribute 'timed_out_until'
Ignoring exception in on_member_update
Traceback (most recent call last):
  File "/usr/local/lib/python3.12/site-packages/discord/client.py", line 465, in _run_event
    await coro(*args, **kwargs)
  File "/app/asu_discord/cogs/analytics.py", line 652, in on_member_update
    before_timeout = before.timed_out_until
                     ^^^^^^^^^^^^^^^^^^^^^^
AttributeError: 'Member' object has no attribute 'timed_out_until'
Ignoring exception in on_member_update
Traceback (most recent call last):
  File "/usr/local/lib/python3.12/site-packages/discord/client.py", line 465, in _run_event
    await coro(*args, **kwargs)
  File "/app/asu_discord/cogs/analytics.py", line 652, in on_member_update
    before_timeout = before.timed_out_until
                     ^^^^^^^^^^^^^^^^^^^^^^
AttributeError: 'Member' object has no attribute 'timed_out_until'
Ignoring exception in on_member_update
Traceback (most recent call last):
  File "/usr/local/lib/python3.12/site-packages/discord/client.py", line 465, in _run_event
    await coro(*args, **kwargs)
  File "/app/asu_discord/cogs/analytics.py", line 652, in on_member_update
    before_timeout = before.timed_out_until
                     ^^^^^^^^^^^^^^^^^^^^^^
AttributeError: 'Member' object has no attribute 'timed_out_until'
Ignoring exception in on_member_update
Traceback (most recent call last):
  File "/usr/local/lib/python3.12/site-packages/discord/client.py", line 465, in _run_event
    await coro(*args, **kwargs)
  File "/app/asu_discord/cogs/analytics.py", line 652, in on_member_update
    before_timeout = before.timed_out_until
                     ^^^^^^^^^^^^^^^^^^^^^^
AttributeError: 'Member' object has no attribute 'timed_out_until'
Ignoring exception in on_member_update
Traceback (most recent call last):
  File "/usr/local/lib/python3.12/site-packages/discord/client.py", line 465, in _run_event
    await coro(*args, **kwargs)
  File "/app/asu_discord/cogs/analytics.py", line 652, in on_member_update
    before_timeout = before.timed_out_until
                     ^^^^^^^^^^^^^^^^^^^^^^
AttributeError: 'Member' object has no attribute 'timed_out_until'
Ignoring exception in on_member_update
Traceback (most recent call last):
  File "/usr/local/lib/python3.12/site-packages/discord/client.py", line 465, in _run_event
    await coro(*args, **kwargs)
  File "/app/asu_discord/cogs/analytics.py", line 652, in on_member_update
    before_timeout = before.timed_out_until
                     ^^^^^^^^^^^^^^^^^^^^^^
AttributeError: 'Member' object has no attribute 'timed_out_until'
Ignoring exception in on_member_update
Traceback (most recent call last):
  File "/usr/local/lib/python3.12/site-packages/discord/client.py", line 465, in _run_event
    await coro(*args, **kwargs)
  File "/app/asu_discord/cogs/analytics.py", line 652, in on_member_update
    before_timeout = before.timed_out_until
                     ^^^^^^^^^^^^^^^^^^^^^^
AttributeError: 'Member' object has no attribute 'timed_out_until'
Ignoring exception in on_member_update
Traceback (most recent call last):
  File "/usr/local/lib/python3.12/site-packages/discord/client.py", line 465, in _run_event
    await coro(*args, **kwargs)
  File "/app/asu_discord/cogs/analytics.py", line 652, in on_member_update
    before_timeout = before.timed_out_until
                     ^^^^^^^^^^^^^^^^^^^^^^
AttributeError: 'Member' object has no attribute 'timed_out_until'
INFO:asu_discord.cogs.verification:Saved 5 roles to database for user rlopezba (Discord ID: 1123000856128794795)
INFO:asu_discord.cogs.verification:Refreshed Salesforce roles for Discord user 1123000856128794795: -5/+5 roles, assigned=[Arizona Resident, Commited, First Year, Ira A. Fulton Schools of Engineering, Polytechnic]
Ignoring exception in on_member_update
Traceback (most recent call last):
  File "/usr/local/lib/python3.12/site-packages/discord/client.py", line 465, in _run_event
    await coro(*args, **kwargs)
  File "/app/asu_discord/cogs/analytics.py", line 652, in on_member_update
    before_timeout = before.timed_out_until
                     ^^^^^^^^^^^^^^^^^^^^^^
AttributeError: 'Member' object has no attribute 'timed_out_until'
Ignoring exception in on_member_update
Traceback (most recent call last):
  File "/usr/local/lib/python3.12/site-packages/discord/client.py", line 465, in _run_event
    await coro(*args, **kwargs)
  File "/app/asu_discord/cogs/analytics.py", line 652, in on_member_update
    before_timeout = before.timed_out_until
                     ^^^^^^^^^^^^^^^^^^^^^^
AttributeError: 'Member' object has no attribute 'timed_out_until'
Ignoring exception in on_member_update
Traceback (most recent call last):
  File "/usr/local/lib/python3.12/site-packages/discord/client.py", line 465, in _run_event
    await coro(*args, **kwargs)
  File "/app/asu_discord/cogs/analytics.py", line 652, in on_member_update
    before_timeout = before.timed_out_until
                     ^^^^^^^^^^^^^^^^^^^^^^
AttributeError: 'Member' object has no attribute 'timed_out_until'
Ignoring exception in on_member_update
Traceback (most recent call last):
  File "/usr/local/lib/python3.12/site-packages/discord/client.py", line 465, in _run_event
    await coro(*args, **kwargs)
  File "/app/asu_discord/cogs/analytics.py", line 652, in on_member_update
    before_timeout = before.timed_out_until
                     ^^^^^^^^^^^^^^^^^^^^^^
AttributeError: 'Member' object has no attribute 'timed_out_until'
Ignoring exception in on_member_update
Traceback (most recent call last):
  File "/usr/local/lib/python3.12/site-packages/discord/client.py", line 465, in _run_event
    await coro(*args, **kwargs)
  File "/app/asu_discord/cogs/analytics.py", line 652, in on_member_update
    before_timeout = before.timed_out_until
                     ^^^^^^^^^^^^^^^^^^^^^^
AttributeError: 'Member' object has no attribute 'timed_out_until'
Ignoring exception in on_member_update
Traceback (most recent call last):
  File "/usr/local/lib/python3.12/site-packages/discord/client.py", line 465, in _run_event
    await coro(*args, **kwargs)
  File "/app/asu_discord/cogs/analytics.py", line 652, in on_member_update
    before_timeout = before.timed_out_until
                     ^^^^^^^^^^^^^^^^^^^^^^
AttributeError: 'Member' object has no attribute 'timed_out_until'
Ignoring exception in on_member_update
Traceback (most recent call last):
  File "/usr/local/lib/python3.12/site-packages/discord/client.py", line 465, in _run_event
    await coro(*args, **kwargs)
  File "/app/asu_discord/cogs/analytics.py", line 652, in on_member_update
    before_timeout = before.timed_out_until
                     ^^^^^^^^^^^^^^^^^^^^^^
AttributeError: 'Member' object has no attribute 'timed_out_until'
INFO:asu_discord.cogs.verification:Saved 4 roles to database for user haldarad (Discord ID: 1415457589793390664)
INFO:asu_discord.cogs.verification:Refreshed Salesforce roles for Discord user 1415457589793390664: -3/+4 roles, assigned=[Arizona Resident, First Year, Ira A. Fulton Schools of Engineering, Tempe]
Ignoring exception in on_member_update
Traceback (most recent call last):
  File "/usr/local/lib/python3.12/site-packages/discord/client.py", line 465, in _run_event
    await coro(*args, **kwargs)
  File "/app/asu_discord/cogs/analytics.py", line 652, in on_member_update
    before_timeout = before.timed_out_until
                     ^^^^^^^^^^^^^^^^^^^^^^
AttributeError: 'Member' object has no attribute 'timed_out_until'
Ignoring exception in on_member_update
Traceback (most recent call last):
  File "/usr/local/lib/python3.12/site-packages/discord/client.py", line 465, in _run_event
    await coro(*args, **kwargs)
  File "/app/asu_discord/cogs/analytics.py", line 652, in on_member_update
    before_timeout = before.timed_out_until
                     ^^^^^^^^^^^^^^^^^^^^^^
AttributeError: 'Member' object has no attribute 'timed_out_until'
Ignoring exception in on_member_update
Traceback (most recent call last):
  File "/usr/local/lib/python3.12/site-packages/discord/client.py", line 465, in _run_event
    await coro(*args, **kwargs)
  File "/app/asu_discord/cogs/analytics.py", line 652, in on_member_update
    before_timeout = before.timed_out_until
                     ^^^^^^^^^^^^^^^^^^^^^^
AttributeError: 'Member' object has no attribute 'timed_out_until'
Ignoring exception in on_member_update
Traceback (most recent call last):
  File "/usr/local/lib/python3.12/site-packages/discord/client.py", line 465, in _run_event
    await coro(*args, **kwargs)
  File "/app/asu_discord/cogs/analytics.py", line 652, in on_member_update
    before_timeout = before.timed_out_until
                     ^^^^^^^^^^^^^^^^^^^^^^
AttributeError: 'Member' object has no attribute 'timed_out_until'
Ignoring exception in on_member_update
Traceback (most recent call last):
  File "/usr/local/lib/python3.12/site-packages/discord/client.py", line 465, in _run_event
    await coro(*args, **kwargs)
  File "/app/asu_discord/cogs/analytics.py", line 652, in on_member_update
    before_timeout = before.timed_out_until
                     ^^^^^^^^^^^^^^^^^^^^^^
AttributeError: 'Member' object has no attribute 'timed_out_until'
Ignoring exception in on_member_update
Traceback (most recent call last):
  File "/usr/local/lib/python3.12/site-packages/discord/client.py", line 465, in _run_event
    await coro(*args, **kwargs)
  File "/app/asu_discord/cogs/analytics.py", line 652, in on_member_update
    before_timeout = before.timed_out_until
                     ^^^^^^^^^^^^^^^^^^^^^^
AttributeError: 'Member' object has no attribute 'timed_out_until'
Ignoring exception in on_member_update
Traceback (most recent call last):
  File "/usr/local/lib/python3.12/site-packages/discord/client.py", line 465, in _run_event
    await coro(*args, **kwargs)
  File "/app/asu_discord/cogs/analytics.py", line 652, in on_member_update
    before_timeout = before.timed_out_until
                     ^^^^^^^^^^^^^^^^^^^^^^
AttributeError: 'Member' object has no attribute 'timed_out_until'
Ignoring exception in on_member_update
Traceback (most recent call last):
  File "/usr/local/lib/python3.12/site-packages/discord/client.py", line 465, in _run_event
    await coro(*args, **kwargs)
  File "/app/asu_discord/cogs/analytics.py", line 652, in on_member_update
    before_timeout = before.timed_out_until
                     ^^^^^^^^^^^^^^^^^^^^^^
AttributeError: 'Member' object has no attribute 'timed_out_until'
Ignoring exception in on_member_update
Traceback (most recent call last):
  File "/usr/local/lib/python3.12/site-packages/discord/client.py", line 465, in _run_event
    await coro(*args, **kwargs)
  File "/app/asu_discord/cogs/analytics.py", line 652, in on_member_update
    before_timeout = before.timed_out_until
                     ^^^^^^^^^^^^^^^^^^^^^^
AttributeError: 'Member' object has no attribute 'timed_out_until'
Ignoring exception in on_member_update
Traceback (most recent call last):
  File "/usr/local/lib/python3.12/site-packages/discord/client.py", line 465, in _run_event
    await coro(*args, **kwargs)
  File "/app/asu_discord/cogs/analytics.py", line 652, in on_member_update
    before_timeout = before.timed_out_until
                     ^^^^^^^^^^^^^^^^^^^^^^
AttributeError: 'Member' object has no attribute 'timed_out_until'
INFO:asu_discord.cogs.verification:Saved 5 roles to database for user ehofer12 (Discord ID: 635996178315608084)
INFO:asu_discord.cogs.verification:Refreshed Salesforce roles for Discord user 635996178315608084: -5/+5 roles, assigned=[Arizona Resident, First Generation Student, First Year, W.P. Carey School of Business, West Valley]
Ignoring exception in on_member_update
Traceback (most recent call last):
  File "/usr/local/lib/python3.12/site-packages/discord/client.py", line 465, in _run_event
    await coro(*args, **kwargs)
  File "/app/asu_discord/cogs/analytics.py", line 652, in on_member_update
    before_timeout = before.timed_out_until
                     ^^^^^^^^^^^^^^^^^^^^^^
AttributeError: 'Member' object has no attribute 'timed_out_until'
Ignoring exception in on_member_update
Traceback (most recent call last):
  File "/usr/local/lib/python3.12/site-packages/discord/client.py", line 465, in _run_event
    await coro(*args, **kwargs)
  File "/app/asu_discord/cogs/analytics.py", line 652, in on_member_update
    before_timeout = before.timed_out_until
                     ^^^^^^^^^^^^^^^^^^^^^^
AttributeError: 'Member' object has no attribute 'timed_out_until'
Ignoring exception in on_member_update
Traceback (most recent call last):
  File "/usr/local/lib/python3.12/site-packages/discord/client.py", line 465, in _run_event
    await coro(*args, **kwargs)
  File "/app/asu_discord/cogs/analytics.py", line 652, in on_member_update
    before_timeout = before.timed_out_until
                     ^^^^^^^^^^^^^^^^^^^^^^
AttributeError: 'Member' object has no attribute 'timed_out_until'
Ignoring exception in on_member_update
Traceback (most recent call last):
  File "/usr/local/lib/python3.12/site-packages/discord/client.py", line 465, in _run_event
    await coro(*args, **kwargs)
  File "/app/asu_discord/cogs/analytics.py", line 652, in on_member_update
    before_timeout = before.timed_out_until
                     ^^^^^^^^^^^^^^^^^^^^^^
AttributeError: 'Member' object has no attribute 'timed_out_until'
Ignoring exception in on_member_update
Traceback (most recent call last):
  File "/usr/local/lib/python3.12/site-packages/discord/client.py", line 465, in _run_event
    await coro(*args, **kwargs)
  File "/app/asu_discord/cogs/analytics.py", line 652, in on_member_update
    before_timeout = before.timed_out_until
                     ^^^^^^^^^^^^^^^^^^^^^^
AttributeError: 'Member' object has no attribute 'timed_out_until'
Ignoring exception in on_member_update
Traceback (most recent call last):
  File "/usr/local/lib/python3.12/site-packages/discord/client.py", line 465, in _run_event
    await coro(*args, **kwargs)
  File "/app/asu_discord/cogs/analytics.py", line 652, in on_member_update
    before_timeout = before.timed_out_until
                     ^^^^^^^^^^^^^^^^^^^^^^
AttributeError: 'Member' object has no attribute 'timed_out_until'
Ignoring exception in on_member_update
Traceback (most recent call last):
  File "/usr/local/lib/python3.12/site-packages/discord/client.py", line 465, in _run_event
    await coro(*args, **kwargs)
  File "/app/asu_discord/cogs/analytics.py", line 652, in on_member_update
    before_timeout = before.timed_out_until
                     ^^^^^^^^^^^^^^^^^^^^^^
AttributeError: 'Member' object has no attribute 'timed_out_until'
Ignoring exception in on_member_update
Traceback (most recent call last):
  File "/usr/local/lib/python3.12/site-packages/discord/client.py", line 465, in _run_event
    await coro(*args, **kwargs)
  File "/app/asu_discord/cogs/analytics.py", line 652, in on_member_update
    before_timeout = before.timed_out_until
                     ^^^^^^^^^^^^^^^^^^^^^^
AttributeError: 'Member' object has no attribute 'timed_out_until'
INFO:asu_discord.cogs.verification:Saved 4 roles to database for user lfgamble (Discord ID: 751526308000825348)
INFO:asu_discord.cogs.verification:Refreshed Salesforce roles for Discord user 751526308000825348: -4/+4 roles, assigned=[Arizona Resident, First Year, Herberger Institute for Design and the Arts, Tempe]
Ignoring exception in on_member_update
Traceback (most recent call last):
  File "/usr/local/lib/python3.12/site-packages/discord/client.py", line 465, in _run_event
    await coro(*args, **kwargs)
  File "/app/asu_discord/cogs/analytics.py", line 652, in on_member_update
    before_timeout = before.timed_out_until
                     ^^^^^^^^^^^^^^^^^^^^^^
AttributeError: 'Member' object has no attribute 'timed_out_until'
Ignoring exception in on_member_update
Traceback (most recent call last):
  File "/usr/local/lib/python3.12/site-packages/discord/client.py", line 465, in _run_event
    await coro(*args, **kwargs)
  File "/app/asu_discord/cogs/analytics.py", line 652, in on_member_update
    before_timeout = before.timed_out_until
                     ^^^^^^^^^^^^^^^^^^^^^^
AttributeError: 'Member' object has no attribute 'timed_out_until'
Ignoring exception in on_member_update
Traceback (most recent call last):
  File "/usr/local/lib/python3.12/site-packages/discord/client.py", line 465, in _run_event
    await coro(*args, **kwargs)
  File "/app/asu_discord/cogs/analytics.py", line 652, in on_member_update
    before_timeout = before.timed_out_until
                     ^^^^^^^^^^^^^^^^^^^^^^
AttributeError: 'Member' object has no attribute 'timed_out_until'
Ignoring exception in on_member_update
Traceback (most recent call last):
  File "/usr/local/lib/python3.12/site-packages/discord/client.py", line 465, in _run_event
    await coro(*args, **kwargs)
  File "/app/asu_discord/cogs/analytics.py", line 652, in on_member_update
    before_timeout = before.timed_out_until
                     ^^^^^^^^^^^^^^^^^^^^^^
AttributeError: 'Member' object has no attribute 'timed_out_until'
Ignoring exception in on_member_update
Traceback (most recent call last):
  File "/usr/local/lib/python3.12/site-packages/discord/client.py", line 465, in _run_event
    await coro(*args, **kwargs)
  File "/app/asu_discord/cogs/analytics.py", line 652, in on_member_update
    before_timeout = before.timed_out_until
                     ^^^^^^^^^^^^^^^^^^^^^^
AttributeError: 'Member' object has no attribute 'timed_out_until'
Ignoring exception in on_member_update
Traceback (most recent call last):
  File "/usr/local/lib/python3.12/site-packages/discord/client.py", line 465, in _run_event
    await coro(*args, **kwargs)
  File "/app/asu_discord/cogs/analytics.py", line 652, in on_member_update
    before_timeout = before.timed_out_until
                     ^^^^^^^^^^^^^^^^^^^^^^
AttributeError: 'Member' object has no attribute 'timed_out_until'
Ignoring exception in on_member_update
Traceback (most recent call last):
  File "/usr/local/lib/python3.12/site-packages/discord/client.py", line 465, in _run_event
    await coro(*args, **kwargs)
  File "/app/asu_discord/cogs/analytics.py", line 652, in on_member_update
    before_timeout = before.timed_out_until
                     ^^^^^^^^^^^^^^^^^^^^^^
AttributeError: 'Member' object has no attribute 'timed_out_until'
Ignoring exception in on_member_update
Traceback (most recent call last):
  File "/usr/local/lib/python3.12/site-packages/discord/client.py", line 465, in _run_event
    await coro(*args, **kwargs)
  File "/app/asu_discord/cogs/analytics.py", line 652, in on_member_update
    before_timeout = before.timed_out_until
                     ^^^^^^^^^^^^^^^^^^^^^^
AttributeError: 'Member' object has no attribute 'timed_out_until'
Ignoring exception in on_member_update
Traceback (most recent call last):
  File "/usr/local/lib/python3.12/site-packages/discord/client.py", line 465, in _run_event
    await coro(*args, **kwargs)
  File "/app/asu_discord/cogs/analytics.py", line 652, in on_member_update
    before_timeout = before.timed_out_until
                     ^^^^^^^^^^^^^^^^^^^^^^
AttributeError: 'Member' object has no attribute 'timed_out_until'
INFO:asu_discord.cogs.verification:Saved 5 roles to database for user ajarends (Discord ID: 493245588670906369)
INFO:asu_discord.cogs.verification:Refreshed Salesforce roles for Discord user 493245588670906369: -4/+5 roles, assigned=[Arizona Resident, Commited, Herberger Institute for Design and the Arts, Tempe, Transfer Student]
Ignoring exception in on_member_update
Traceback (most recent call last):
  File "/usr/local/lib/python3.12/site-packages/discord/client.py", line 465, in _run_event
    await coro(*args, **kwargs)
  File "/app/asu_discord/cogs/analytics.py", line 652, in on_member_update
    before_timeout = before.timed_out_until
                     ^^^^^^^^^^^^^^^^^^^^^^
AttributeError: 'Member' object has no attribute 'timed_out_until'
Ignoring exception in on_member_update
Traceback (most recent call last):
  File "/usr/local/lib/python3.12/site-packages/discord/client.py", line 465, in _run_event
    await coro(*args, **kwargs)
  File "/app/asu_discord/cogs/analytics.py", line 652, in on_member_update
    before_timeout = before.timed_out_until
                     ^^^^^^^^^^^^^^^^^^^^^^
AttributeError: 'Member' object has no attribute 'timed_out_until'
Ignoring exception in on_member_update
Traceback (most recent call last):
  File "/usr/local/lib/python3.12/site-packages/discord/client.py", line 465, in _run_event
    await coro(*args, **kwargs)
  File "/app/asu_discord/cogs/analytics.py", line 652, in on_member_update
    before_timeout = before.timed_out_until
                     ^^^^^^^^^^^^^^^^^^^^^^
AttributeError: 'Member' object has no attribute 'timed_out_until'
Ignoring exception in on_member_update
Traceback (most recent call last):
  File "/usr/local/lib/python3.12/site-packages/discord/client.py", line 465, in _run_event
    await coro(*args, **kwargs)
  File "/app/asu_discord/cogs/analytics.py", line 652, in on_member_update
    before_timeout = before.timed_out_until
                     ^^^^^^^^^^^^^^^^^^^^^^
AttributeError: 'Member' object has no attribute 'timed_out_until'
Ignoring exception in on_member_update
Traceback (most recent call last):
  File "/usr/local/lib/python3.12/site-packages/discord/client.py", line 465, in _run_event
    await coro(*args, **kwargs)
  File "/app/asu_discord/cogs/analytics.py", line 652, in on_member_update
    before_timeout = before.timed_out_until
                     ^^^^^^^^^^^^^^^^^^^^^^
AttributeError: 'Member' object has no attribute 'timed_out_until'
Ignoring exception in on_member_update
Traceback (most recent call last):
  File "/usr/local/lib/python3.12/site-packages/discord/client.py", line 465, in _run_event
    await coro(*args, **kwargs)
  File "/app/asu_discord/cogs/analytics.py", line 652, in on_member_update
    before_timeout = before.timed_out_until
                     ^^^^^^^^^^^^^^^^^^^^^^
AttributeError: 'Member' object has no attribute 'timed_out_until'
Ignoring exception in on_member_update
Traceback (most recent call last):
  File "/usr/local/lib/python3.12/site-packages/discord/client.py", line 465, in _run_event
    await coro(*args, **kwargs)
  File "/app/asu_discord/cogs/analytics.py", line 652, in on_member_update
    before_timeout = before.timed_out_until
                     ^^^^^^^^^^^^^^^^^^^^^^
AttributeError: 'Member' object has no attribute 'timed_out_until'
Ignoring exception in on_member_update
Traceback (most recent call last):
  File "/usr/local/lib/python3.12/site-packages/discord/client.py", line 465, in _run_event
    await coro(*args, **kwargs)
  File "/app/asu_discord/cogs/analytics.py", line 652, in on_member_update
    before_timeout = before.timed_out_until
                     ^^^^^^^^^^^^^^^^^^^^^^
AttributeError: 'Member' object has no attribute 'timed_out_until'
Ignoring exception in on_member_update
Traceback (most recent call last):
  File "/usr/local/lib/python3.12/site-packages/discord/client.py", line 465, in _run_event
    await coro(*args, **kwargs)
  File "/app/asu_discord/cogs/analytics.py", line 652, in on_member_update
    before_timeout = before.timed_out_until
                     ^^^^^^^^^^^^^^^^^^^^^^
AttributeError: 'Member' object has no attribute 'timed_out_until'
Ignoring exception in on_member_update
Traceback (most recent call last):
  File "/usr/local/lib/python3.12/site-packages/discord/client.py", line 465, in _run_event
    await coro(*args, **kwargs)
  File "/app/asu_discord/cogs/analytics.py", line 652, in on_member_update
    before_timeout = before.timed_out_until
                     ^^^^^^^^^^^^^^^^^^^^^^
AttributeError: 'Member' object has no attribute 'timed_out_until'
Ignoring exception in on_member_update
Traceback (most recent call last):
  File "/usr/local/lib/python3.12/site-packages/discord/client.py", line 465, in _run_event
    await coro(*args, **kwargs)
  File "/app/asu_discord/cogs/analytics.py", line 652, in on_member_update
    before_timeout = before.timed_out_until
                     ^^^^^^^^^^^^^^^^^^^^^^
AttributeError: 'Member' object has no attribute 'timed_out_until'
Ignoring exception in on_member_update
Traceback (most recent call last):
  File "/usr/local/lib/python3.12/site-packages/discord/client.py", line 465, in _run_event
    await coro(*args, **kwargs)
  File "/app/asu_discord/cogs/analytics.py", line 652, in on_member_update
    before_timeout = before.timed_out_until
                     ^^^^^^^^^^^^^^^^^^^^^^
AttributeError: 'Member' object has no attribute 'timed_out_until'
INFO:asu_discord.cogs.verification:Saved 6 roles to database for user mlkoob (Discord ID: 1465531498953441443)
INFO:asu_discord.cogs.verification:Refreshed Salesforce roles for Discord user 1465531498953441443: -6/+6 roles, assigned=[Arizona Resident, Commited, First Generation Student, First Year, Tempe, W.P. Carey School of Business]
Ignoring exception in on_member_update
Traceback (most recent call last):
  File "/usr/local/lib/python3.12/site-packages/discord/client.py", line 465, in _run_event
    await coro(*args, **kwargs)
  File "/app/asu_discord/cogs/analytics.py", line 652, in on_member_update
    before_timeout = before.timed_out_until
                     ^^^^^^^^^^^^^^^^^^^^^^
AttributeError: 'Member' object has no attribute 'timed_out_until'
Ignoring exception in on_member_update
Traceback (most recent call last):
  File "/usr/local/lib/python3.12/site-packages/discord/client.py", line 465, in _run_event
    await coro(*args, **kwargs)
  File "/app/asu_discord/cogs/analytics.py", line 652, in on_member_update
    before_timeout = before.timed_out_until
                     ^^^^^^^^^^^^^^^^^^^^^^
AttributeError: 'Member' object has no attribute 'timed_out_until'
Ignoring exception in on_member_update
Traceback (most recent call last):
  File "/usr/local/lib/python3.12/site-packages/discord/client.py", line 465, in _run_event
    await coro(*args, **kwargs)
  File "/app/asu_discord/cogs/analytics.py", line 652, in on_member_update
    before_timeout = before.timed_out_until
                     ^^^^^^^^^^^^^^^^^^^^^^
AttributeError: 'Member' object has no attribute 'timed_out_until'
Ignoring exception in on_member_update
Traceback (most recent call last):
  File "/usr/local/lib/python3.12/site-packages/discord/client.py", line 465, in _run_event
    await coro(*args, **kwargs)
  File "/app/asu_discord/cogs/analytics.py", line 652, in on_member_update
    before_timeout = before.timed_out_until
                     ^^^^^^^^^^^^^^^^^^^^^^
AttributeError: 'Member' object has no attribute 'timed_out_until'
Ignoring exception in on_member_update
Traceback (most recent call last):
  File "/usr/local/lib/python3.12/site-packages/discord/client.py", line 465, in _run_event
    await coro(*args, **kwargs)
  File "/app/asu_discord/cogs/analytics.py", line 652, in on_member_update
    before_timeout = before.timed_out_until
                     ^^^^^^^^^^^^^^^^^^^^^^
AttributeError: 'Member' object has no attribute 'timed_out_until'
Ignoring exception in on_member_update
Traceback (most recent call last):
  File "/usr/local/lib/python3.12/site-packages/discord/client.py", line 465, in _run_event
    await coro(*args, **kwargs)
  File "/app/asu_discord/cogs/analytics.py", line 652, in on_member_update
    before_timeout = before.timed_out_until
                     ^^^^^^^^^^^^^^^^^^^^^^
AttributeError: 'Member' object has no attribute 'timed_out_until'
Ignoring exception in on_member_update
Traceback (most recent call last):
  File "/usr/local/lib/python3.12/site-packages/discord/client.py", line 465, in _run_event
    await coro(*args, **kwargs)
  File "/app/asu_discord/cogs/analytics.py", line 652, in on_member_update
    before_timeout = before.timed_out_until
                     ^^^^^^^^^^^^^^^^^^^^^^
AttributeError: 'Member' object has no attribute 'timed_out_until'
Ignoring exception in on_member_update
Traceback (most recent call last):
  File "/usr/local/lib/python3.12/site-packages/discord/client.py", line 465, in _run_event
    await coro(*args, **kwargs)
  File "/app/asu_discord/cogs/analytics.py", line 652, in on_member_update
    before_timeout = before.timed_out_until
                     ^^^^^^^^^^^^^^^^^^^^^^
AttributeError: 'Member' object has no attribute 'timed_out_until'
INFO:asu_discord.cogs.verification:Saved 4 roles to database for user jsande85 (Discord ID: 1080912953991241870)
INFO:asu_discord.cogs.verification:Refreshed Salesforce roles for Discord user 1080912953991241870: -4/+4 roles, assigned=[Arizona Resident, First Year, Ira A. Fulton Schools of Engineering, Tempe]
Ignoring exception in on_member_update
Traceback (most recent call last):
  File "/usr/local/lib/python3.12/site-packages/discord/client.py", line 465, in _run_event
    await coro(*args, **kwargs)
  File "/app/asu_discord/cogs/analytics.py", line 652, in on_member_update
    before_timeout = before.timed_out_until
                     ^^^^^^^^^^^^^^^^^^^^^^
AttributeError: 'Member' object has no attribute 'timed_out_until'
Ignoring exception in on_member_update
Traceback (most recent call last):
  File "/usr/local/lib/python3.12/site-packages/discord/client.py", line 465, in _run_event
    await coro(*args, **kwargs)
  File "/app/asu_discord/cogs/analytics.py", line 652, in on_member_update
    before_timeout = before.timed_out_until
                     ^^^^^^^^^^^^^^^^^^^^^^
AttributeError: 'Member' object has no attribute 'timed_out_until'
Ignoring exception in on_member_update
Traceback (most recent call last):
  File "/usr/local/lib/python3.12/site-packages/discord/client.py", line 465, in _run_event
    await coro(*args, **kwargs)
  File "/app/asu_discord/cogs/analytics.py", line 652, in on_member_update
    before_timeout = before.timed_out_until
                     ^^^^^^^^^^^^^^^^^^^^^^
AttributeError: 'Member' object has no attribute 'timed_out_until'
Ignoring exception in on_member_update
Traceback (most recent call last):
  File "/usr/local/lib/python3.12/site-packages/discord/client.py", line 465, in _run_event
    await coro(*args, **kwargs)
  File "/app/asu_discord/cogs/analytics.py", line 652, in on_member_update
    before_timeout = before.timed_out_until
                     ^^^^^^^^^^^^^^^^^^^^^^
AttributeError: 'Member' object has no attribute 'timed_out_until'
Ignoring exception in on_member_update
Traceback (most recent call last):
  File "/usr/local/lib/python3.12/site-packages/discord/client.py", line 465, in _run_event
    await coro(*args, **kwargs)
  File "/app/asu_discord/cogs/analytics.py", line 652, in on_member_update
    before_timeout = before.timed_out_until
                     ^^^^^^^^^^^^^^^^^^^^^^
AttributeError: 'Member' object has no attribute 'timed_out_until'
Ignoring exception in on_member_update
Traceback (most recent call last):
  File "/usr/local/lib/python3.12/site-packages/discord/client.py", line 465, in _run_event
    await coro(*args, **kwargs)
  File "/app/asu_discord/cogs/analytics.py", line 652, in on_member_update
    before_timeout = before.timed_out_until
                     ^^^^^^^^^^^^^^^^^^^^^^
AttributeError: 'Member' object has no attribute 'timed_out_until'
Ignoring exception in on_member_update
Traceback (most recent call last):
  File "/usr/local/lib/python3.12/site-packages/discord/client.py", line 465, in _run_event
    await coro(*args, **kwargs)
  File "/app/asu_discord/cogs/analytics.py", line 652, in on_member_update
    before_timeout = before.timed_out_until
                     ^^^^^^^^^^^^^^^^^^^^^^
AttributeError: 'Member' object has no attribute 'timed_out_until'
Ignoring exception in on_member_update
Traceback (most recent call last):
  File "/usr/local/lib/python3.12/site-packages/discord/client.py", line 465, in _run_event
    await coro(*args, **kwargs)
  File "/app/asu_discord/cogs/analytics.py", line 652, in on_member_update
    before_timeout = before.timed_out_until
                     ^^^^^^^^^^^^^^^^^^^^^^
AttributeError: 'Member' object has no attribute 'timed_out_until'
Ignoring exception in on_member_update
Traceback (most recent call last):
  File "/usr/local/lib/python3.12/site-packages/discord/client.py", line 465, in _run_event
    await coro(*args, **kwargs)
  File "/app/asu_discord/cogs/analytics.py", line 652, in on_member_update
    before_timeout = before.timed_out_until
                     ^^^^^^^^^^^^^^^^^^^^^^
AttributeError: 'Member' object has no attribute 'timed_out_until'
Ignoring exception in on_member_update
Traceback (most recent call last):
  File "/usr/local/lib/python3.12/site-packages/discord/client.py", line 465, in _run_event
    await coro(*args, **kwargs)
  File "/app/asu_discord/cogs/analytics.py", line 652, in on_member_update
    before_timeout = before.timed_out_until
                     ^^^^^^^^^^^^^^^^^^^^^^
AttributeError: 'Member' object has no attribute 'timed_out_until'
INFO:asu_discord.cogs.verification:Saved 5 roles to database for user knsheari (Discord ID: 984220647171448902)
INFO:asu_discord.cogs.verification:Refreshed Salesforce roles for Discord user 984220647171448902: -5/+5 roles, assigned=[Commited, First Year, New College of Interdisciplinary Arts and Sciences, Out of State, West Valley]
Ignoring exception in on_member_update
Traceback (most recent call last):
  File "/usr/local/lib/python3.12/site-packages/discord/client.py", line 465, in _run_event
    await coro(*args, **kwargs)
  File "/app/asu_discord/cogs/analytics.py", line 652, in on_member_update
    before_timeout = before.timed_out_until
                     ^^^^^^^^^^^^^^^^^^^^^^
AttributeError: 'Member' object has no attribute 'timed_out_until'
Ignoring exception in on_member_update
Traceback (most recent call last):
  File "/usr/local/lib/python3.12/site-packages/discord/client.py", line 465, in _run_event
    await coro(*args, **kwargs)
  File "/app/asu_discord/cogs/analytics.py", line 652, in on_member_update
    before_timeout = before.timed_out_until
                     ^^^^^^^^^^^^^^^^^^^^^^
AttributeError: 'Member' object has no attribute 'timed_out_until'
Ignoring exception in on_member_update
Traceback (most recent call last):
  File "/usr/local/lib/python3.12/site-packages/discord/client.py", line 465, in _run_event
    await coro(*args, **kwargs)
  File "/app/asu_discord/cogs/analytics.py", line 652, in on_member_update
    before_timeout = before.timed_out_until
                     ^^^^^^^^^^^^^^^^^^^^^^
AttributeError: 'Member' object has no attribute 'timed_out_until'
Ignoring exception in on_member_update
Traceback (most recent call last):
  File "/usr/local/lib/python3.12/site-packages/discord/client.py", line 465, in _run_event
    await coro(*args, **kwargs)
  File "/app/asu_discord/cogs/analytics.py", line 652, in on_member_update
    before_timeout = before.timed_out_until
                     ^^^^^^^^^^^^^^^^^^^^^^
AttributeError: 'Member' object has no attribute 'timed_out_until'
Ignoring exception in on_member_update
Traceback (most recent call last):
  File "/usr/local/lib/python3.12/site-packages/discord/client.py", line 465, in _run_event
    await coro(*args, **kwargs)
  File "/app/asu_discord/cogs/analytics.py", line 652, in on_member_update
    before_timeout = before.timed_out_until
                     ^^^^^^^^^^^^^^^^^^^^^^
AttributeError: 'Member' object has no attribute 'timed_out_until'
Ignoring exception in on_member_update
Traceback (most recent call last):
  File "/usr/local/lib/python3.12/site-packages/discord/client.py", line 465, in _run_event
    await coro(*args, **kwargs)
  File "/app/asu_discord/cogs/analytics.py", line 652, in on_member_update
    before_timeout = before.timed_out_until
                     ^^^^^^^^^^^^^^^^^^^^^^
AttributeError: 'Member' object has no attribute 'timed_out_until'
Ignoring exception in on_member_update
Traceback (most recent call last):
  File "/usr/local/lib/python3.12/site-packages/discord/client.py", line 465, in _run_event
    await coro(*args, **kwargs)
  File "/app/asu_discord/cogs/analytics.py", line 652, in on_member_update
    before_timeout = before.timed_out_until
                     ^^^^^^^^^^^^^^^^^^^^^^
AttributeError: 'Member' object has no attribute 'timed_out_until'
Ignoring exception in on_member_update
Traceback (most recent call last):
  File "/usr/local/lib/python3.12/site-packages/discord/client.py", line 465, in _run_event
    await coro(*args, **kwargs)
  File "/app/asu_discord/cogs/analytics.py", line 652, in on_member_update
    before_timeout = before.timed_out_until
                     ^^^^^^^^^^^^^^^^^^^^^^
AttributeError: 'Member' object has no attribute 'timed_out_until'
INFO:asu_discord.cogs.verification:Saved 4 roles to database for user igrether (Discord ID: 745073670363283516)
INFO:asu_discord.cogs.verification:Refreshed Salesforce roles for Discord user 745073670363283516: -4/+4 roles, assigned=[College of Liberal Arts and Sciences, First Year, Out of State, Tempe]
Ignoring exception in on_member_update
Traceback (most recent call last):
  File "/usr/local/lib/python3.12/site-packages/discord/client.py", line 465, in _run_event
    await coro(*args, **kwargs)
  File "/app/asu_discord/cogs/analytics.py", line 652, in on_member_update
    before_timeout = before.timed_out_until
                     ^^^^^^^^^^^^^^^^^^^^^^
AttributeError: 'Member' object has no attribute 'timed_out_until'
Ignoring exception in on_member_update
Traceback (most recent call last):
  File "/usr/local/lib/python3.12/site-packages/discord/client.py", line 465, in _run_event
    await coro(*args, **kwargs)
  File "/app/asu_discord/cogs/analytics.py", line 652, in on_member_update
    before_timeout = before.timed_out_until
                     ^^^^^^^^^^^^^^^^^^^^^^
AttributeError: 'Member' object has no attribute 'timed_out_until'
Ignoring exception in on_member_update
Traceback (most recent call last):
  File "/usr/local/lib/python3.12/site-packages/discord/client.py", line 465, in _run_event
    await coro(*args, **kwargs)
  File "/app/asu_discord/cogs/analytics.py", line 652, in on_member_update
    before_timeout = before.timed_out_until
                     ^^^^^^^^^^^^^^^^^^^^^^
AttributeError: 'Member' object has no attribute 'timed_out_until'
Ignoring exception in on_member_update
Traceback (most recent call last):
  File "/usr/local/lib/python3.12/site-packages/discord/client.py", line 465, in _run_event
    await coro(*args, **kwargs)
  File "/app/asu_discord/cogs/analytics.py", line 652, in on_member_update
    before_timeout = before.timed_out_until
                     ^^^^^^^^^^^^^^^^^^^^^^
AttributeError: 'Member' object has no attribute 'timed_out_until'
Ignoring exception in on_member_update
Traceback (most recent call last):
  File "/usr/local/lib/python3.12/site-packages/discord/client.py", line 465, in _run_event
    await coro(*args, **kwargs)
  File "/app/asu_discord/cogs/analytics.py", line 652, in on_member_update
    before_timeout = before.timed_out_until
                     ^^^^^^^^^^^^^^^^^^^^^^
AttributeError: 'Member' object has no attribute 'timed_out_until'
Ignoring exception in on_member_update
Traceback (most recent call last):
  File "/usr/local/lib/python3.12/site-packages/discord/client.py", line 465, in _run_event
    await coro(*args, **kwargs)
  File "/app/asu_discord/cogs/analytics.py", line 652, in on_member_update
    before_timeout = before.timed_out_until
                     ^^^^^^^^^^^^^^^^^^^^^^
AttributeError: 'Member' object has no attribute 'timed_out_until'
Ignoring exception in on_member_update
Traceback (most recent call last):
  File "/usr/local/lib/python3.12/site-packages/discord/client.py", line 465, in _run_event
    await coro(*args, **kwargs)
  File "/app/asu_discord/cogs/analytics.py", line 652, in on_member_update
    before_timeout = before.timed_out_until
                     ^^^^^^^^^^^^^^^^^^^^^^
AttributeError: 'Member' object has no attribute 'timed_out_until'
Ignoring exception in on_member_update
Traceback (most recent call last):
  File "/usr/local/lib/python3.12/site-packages/discord/client.py", line 465, in _run_event
    await coro(*args, **kwargs)
  File "/app/asu_discord/cogs/analytics.py", line 652, in on_member_update
    before_timeout = before.timed_out_until
                     ^^^^^^^^^^^^^^^^^^^^^^
AttributeError: 'Member' object has no attribute 'timed_out_until'
Ignoring exception in on_member_update
Traceback (most recent call last):
  File "/usr/local/lib/python3.12/site-packages/discord/client.py", line 465, in _run_event
    await coro(*args, **kwargs)
  File "/app/asu_discord/cogs/analytics.py", line 652, in on_member_update
    before_timeout = before.timed_out_until
                     ^^^^^^^^^^^^^^^^^^^^^^
AttributeError: 'Member' object has no attribute 'timed_out_until'
Ignoring exception in on_member_update
Traceback (most recent call last):
  File "/usr/local/lib/python3.12/site-packages/discord/client.py", line 465, in _run_event
    await coro(*args, **kwargs)
  File "/app/asu_discord/cogs/analytics.py", line 652, in on_member_update
    before_timeout = before.timed_out_until
                     ^^^^^^^^^^^^^^^^^^^^^^
AttributeError: 'Member' object has no attribute 'timed_out_until'
INFO:asu_discord.cogs.verification:Saved 6 roles to database for user oetpison (Discord ID: 1405289863749566537)
INFO:asu_discord.cogs.verification:Refreshed Salesforce roles for Discord user 1405289863749566537: -4/+6 roles, assigned=[Arizona Resident, College of Integrative Sciences and Arts, Commited, First Year, Polytechnic, Upperclassmen]
Ignoring exception in on_member_update
Traceback (most recent call last):
  File "/usr/local/lib/python3.12/site-packages/discord/client.py", line 465, in _run_event
    await coro(*args, **kwargs)
  File "/app/asu_discord/cogs/analytics.py", line 652, in on_member_update
    before_timeout = before.timed_out_until
                     ^^^^^^^^^^^^^^^^^^^^^^
AttributeError: 'Member' object has no attribute 'timed_out_until'
Ignoring exception in on_member_update
Traceback (most recent call last):
  File "/usr/local/lib/python3.12/site-packages/discord/client.py", line 465, in _run_event
    await coro(*args, **kwargs)
  File "/app/asu_discord/cogs/analytics.py", line 652, in on_member_update
    before_timeout = before.timed_out_until
                     ^^^^^^^^^^^^^^^^^^^^^^
AttributeError: 'Member' object has no attribute 'timed_out_until'
Ignoring exception in on_member_update
Traceback (most recent call last):
  File "/usr/local/lib/python3.12/site-packages/discord/client.py", line 465, in _run_event
    await coro(*args, **kwargs)
  File "/app/asu_discord/cogs/analytics.py", line 652, in on_member_update
    before_timeout = before.timed_out_until
                     ^^^^^^^^^^^^^^^^^^^^^^
AttributeError: 'Member' object has no attribute 'timed_out_until'
Ignoring exception in on_member_update
Traceback (most recent call last):
  File "/usr/local/lib/python3.12/site-packages/discord/client.py", line 465, in _run_event
    await coro(*args, **kwargs)
  File "/app/asu_discord/cogs/analytics.py", line 652, in on_member_update
    before_timeout = before.timed_out_until
                     ^^^^^^^^^^^^^^^^^^^^^^
AttributeError: 'Member' object has no attribute 'timed_out_until'
Ignoring exception in on_member_update
Traceback (most recent call last):
  File "/usr/local/lib/python3.12/site-packages/discord/client.py", line 465, in _run_event
    await coro(*args, **kwargs)
  File "/app/asu_discord/cogs/analytics.py", line 652, in on_member_update
    before_timeout = before.timed_out_until
                     ^^^^^^^^^^^^^^^^^^^^^^
AttributeError: 'Member' object has no attribute 'timed_out_until'
Ignoring exception in on_member_update
Traceback (most recent call last):
  File "/usr/local/lib/python3.12/site-packages/discord/client.py", line 465, in _run_event
    await coro(*args, **kwargs)
  File "/app/asu_discord/cogs/analytics.py", line 652, in on_member_update
    before_timeout = before.timed_out_until
                     ^^^^^^^^^^^^^^^^^^^^^^
AttributeError: 'Member' object has no attribute 'timed_out_until'
Ignoring exception in on_member_update
Traceback (most recent call last):
  File "/usr/local/lib/python3.12/site-packages/discord/client.py", line 465, in _run_event
    await coro(*args, **kwargs)
  File "/app/asu_discord/cogs/analytics.py", line 652, in on_member_update
    before_timeout = before.timed_out_until
                     ^^^^^^^^^^^^^^^^^^^^^^
AttributeError: 'Member' object has no attribute 'timed_out_until'
Ignoring exception in on_member_update
Traceback (most recent call last):
  File "/usr/local/lib/python3.12/site-packages/discord/client.py", line 465, in _run_event
    await coro(*args, **kwargs)
  File "/app/asu_discord/cogs/analytics.py", line 652, in on_member_update
    before_timeout = before.timed_out_until
                     ^^^^^^^^^^^^^^^^^^^^^^
AttributeError: 'Member' object has no attribute 'timed_out_until'
INFO:asu_discord.cogs.verification:Saved 4 roles to database for user mgarc484 (Discord ID: 1320602559727140995)
INFO:asu_discord.cogs.verification:Refreshed Salesforce roles for Discord user 1320602559727140995: -4/+4 roles, assigned=[Downtown Phoenix, Graduate Student, Out of State, Walter Cronkite School of Journalism and Mass Communication]
Ignoring exception in on_member_update
Traceback (most recent call last):
  File "/usr/local/lib/python3.12/site-packages/discord/client.py", line 465, in _run_event
    await coro(*args, **kwargs)
  File "/app/asu_discord/cogs/analytics.py", line 652, in on_member_update
    before_timeout = before.timed_out_until
                     ^^^^^^^^^^^^^^^^^^^^^^
AttributeError: 'Member' object has no attribute 'timed_out_until'
Ignoring exception in on_member_update
Traceback (most recent call last):
  File "/usr/local/lib/python3.12/site-packages/discord/client.py", line 465, in _run_event
    await coro(*args, **kwargs)
  File "/app/asu_discord/cogs/analytics.py", line 652, in on_member_update
    before_timeout = before.timed_out_until
                     ^^^^^^^^^^^^^^^^^^^^^^
AttributeError: 'Member' object has no attribute 'timed_out_until'
Ignoring exception in on_member_update
Traceback (most recent call last):
  File "/usr/local/lib/python3.12/site-packages/discord/client.py", line 465, in _run_event
    await coro(*args, **kwargs)
  File "/app/asu_discord/cogs/analytics.py", line 652, in on_member_update
    before_timeout = before.timed_out_until
                     ^^^^^^^^^^^^^^^^^^^^^^
AttributeError: 'Member' object has no attribute 'timed_out_until'
Ignoring exception in on_member_update
Traceback (most recent call last):
  File "/usr/local/lib/python3.12/site-packages/discord/client.py", line 465, in _run_event
    await coro(*args, **kwargs)
  File "/app/asu_discord/cogs/analytics.py", line 652, in on_member_update
    before_timeout = before.timed_out_until
                     ^^^^^^^^^^^^^^^^^^^^^^
AttributeError: 'Member' object has no attribute 'timed_out_until'
Ignoring exception in on_member_update
Traceback (most recent call last):
  File "/usr/local/lib/python3.12/site-packages/discord/client.py", line 465, in _run_event
    await coro(*args, **kwargs)
  File "/app/asu_discord/cogs/analytics.py", line 652, in on_member_update
    before_timeout = before.timed_out_until
                     ^^^^^^^^^^^^^^^^^^^^^^
AttributeError: 'Member' object has no attribute 'timed_out_until'
Ignoring exception in on_member_update
Traceback (most recent call last):
  File "/usr/local/lib/python3.12/site-packages/discord/client.py", line 465, in _run_event
    await coro(*args, **kwargs)
  File "/app/asu_discord/cogs/analytics.py", line 652, in on_member_update
    before_timeout = before.timed_out_until
                     ^^^^^^^^^^^^^^^^^^^^^^
AttributeError: 'Member' object has no attribute 'timed_out_until'
Ignoring exception in on_member_update
Traceback (most recent call last):
  File "/usr/local/lib/python3.12/site-packages/discord/client.py", line 465, in _run_event
    await coro(*args, **kwargs)
  File "/app/asu_discord/cogs/analytics.py", line 652, in on_member_update
    before_timeout = before.timed_out_until
                     ^^^^^^^^^^^^^^^^^^^^^^
AttributeError: 'Member' object has no attribute 'timed_out_until'
Ignoring exception in on_member_update
Traceback (most recent call last):
  File "/usr/local/lib/python3.12/site-packages/discord/client.py", line 465, in _run_event
    await coro(*args, **kwargs)
  File "/app/asu_discord/cogs/analytics.py", line 652, in on_member_update
    before_timeout = before.timed_out_until
                     ^^^^^^^^^^^^^^^^^^^^^^
AttributeError: 'Member' object has no attribute 'timed_out_until'
Ignoring exception in on_member_update
Traceback (most recent call last):
  File "/usr/local/lib/python3.12/site-packages/discord/client.py", line 465, in _run_event
    await coro(*args, **kwargs)
  File "/app/asu_discord/cogs/analytics.py", line 652, in on_member_update
    before_timeout = before.timed_out_until
                     ^^^^^^^^^^^^^^^^^^^^^^
AttributeError: 'Member' object has no attribute 'timed_out_until'
Ignoring exception in on_member_update
Traceback (most recent call last):
  File "/usr/local/lib/python3.12/site-packages/discord/client.py", line 465, in _run_event
    await coro(*args, **kwargs)
  File "/app/asu_discord/cogs/analytics.py", line 652, in on_member_update
    before_timeout = before.timed_out_until
                     ^^^^^^^^^^^^^^^^^^^^^^
AttributeError: 'Member' object has no attribute 'timed_out_until'
INFO:asu_discord.cogs.verification:Saved 5 roles to database for user jnbill (Discord ID: 528805828233265152)
INFO:asu_discord.cogs.verification:Refreshed Salesforce roles for Discord user 528805828233265152: -5/+5 roles, assigned=[Commited, First Year, Ira A. Fulton Schools of Engineering, Out of State, Tempe]
Ignoring exception in on_member_update
Traceback (most recent call last):
  File "/usr/local/lib/python3.12/site-packages/discord/client.py", line 465, in _run_event
    await coro(*args, **kwargs)
  File "/app/asu_discord/cogs/analytics.py", line 652, in on_member_update
    before_timeout = before.timed_out_until
                     ^^^^^^^^^^^^^^^^^^^^^^
AttributeError: 'Member' object has no attribute 'timed_out_until'
Ignoring exception in on_member_update
Traceback (most recent call last):
  File "/usr/local/lib/python3.12/site-packages/discord/client.py", line 465, in _run_event
    await coro(*args, **kwargs)
  File "/app/asu_discord/cogs/analytics.py", line 652, in on_member_update
    before_timeout = before.timed_out_until
                     ^^^^^^^^^^^^^^^^^^^^^^
AttributeError: 'Member' object has no attribute 'timed_out_until'
Ignoring exception in on_member_update
Traceback (most recent call last):
  File "/usr/local/lib/python3.12/site-packages/discord/client.py", line 465, in _run_event
    await coro(*args, **kwargs)
  File "/app/asu_discord/cogs/analytics.py", line 652, in on_member_update
    before_timeout = before.timed_out_until
                     ^^^^^^^^^^^^^^^^^^^^^^
AttributeError: 'Member' object has no attribute 'timed_out_until'
Ignoring exception in on_member_update
Traceback (most recent call last):
  File "/usr/local/lib/python3.12/site-packages/discord/client.py", line 465, in _run_event
    await coro(*args, **kwargs)
  File "/app/asu_discord/cogs/analytics.py", line 652, in on_member_update
    before_timeout = before.timed_out_until
                     ^^^^^^^^^^^^^^^^^^^^^^
AttributeError: 'Member' object has no attribute 'timed_out_until'
Ignoring exception in on_member_update
Traceback (most recent call last):
  File "/usr/local/lib/python3.12/site-packages/discord/client.py", line 465, in _run_event
    await coro(*args, **kwargs)
  File "/app/asu_discord/cogs/analytics.py", line 652, in on_member_update
    before_timeout = before.timed_out_until
                     ^^^^^^^^^^^^^^^^^^^^^^
AttributeError: 'Member' object has no attribute 'timed_out_until'
Ignoring exception in on_member_update
Traceback (most recent call last):
  File "/usr/local/lib/python3.12/site-packages/discord/client.py", line 465, in _run_event
    await coro(*args, **kwargs)
  File "/app/asu_discord/cogs/analytics.py", line 652, in on_member_update
    before_timeout = before.timed_out_until
                     ^^^^^^^^^^^^^^^^^^^^^^
AttributeError: 'Member' object has no attribute 'timed_out_until'
Ignoring exception in on_member_update
Traceback (most recent call last):
  File "/usr/local/lib/python3.12/site-packages/discord/client.py", line 465, in _run_event
    await coro(*args, **kwargs)
  File "/app/asu_discord/cogs/analytics.py", line 652, in on_member_update
    before_timeout = before.timed_out_until
                     ^^^^^^^^^^^^^^^^^^^^^^
AttributeError: 'Member' object has no attribute 'timed_out_until'
Ignoring exception in on_member_update
Traceback (most recent call last):
  File "/usr/local/lib/python3.12/site-packages/discord/client.py", line 465, in _run_event
    await coro(*args, **kwargs)
  File "/app/asu_discord/cogs/analytics.py", line 652, in on_member_update
    before_timeout = before.timed_out_until
                     ^^^^^^^^^^^^^^^^^^^^^^
AttributeError: 'Member' object has no attribute 'timed_out_until'
Ignoring exception in on_member_update
Traceback (most recent call last):
  File "/usr/local/lib/python3.12/site-packages/discord/client.py", line 465, in _run_event
    await coro(*args, **kwargs)
  File "/app/asu_discord/cogs/analytics.py", line 652, in on_member_update
    before_timeout = before.timed_out_until
                     ^^^^^^^^^^^^^^^^^^^^^^
AttributeError: 'Member' object has no attribute 'timed_out_until'
INFO:asu_discord.cogs.verification:Saved 5 roles to database for user cwcain1 (Discord ID: 701159173328732240)
INFO:asu_discord.cogs.verification:Refreshed Salesforce roles for Discord user 701159173328732240: -5/+4 roles, assigned=[Commited, First Year, Herberger Institute for Design and the Arts, Out of State, Tempe]
Ignoring exception in on_member_update
Traceback (most recent call last):
  File "/usr/local/lib/python3.12/site-packages/discord/client.py", line 465, in _run_event
    await coro(*args, **kwargs)
  File "/app/asu_discord/cogs/analytics.py", line 652, in on_member_update
    before_timeout = before.timed_out_until
                     ^^^^^^^^^^^^^^^^^^^^^^
AttributeError: 'Member' object has no attribute 'timed_out_until'
Ignoring exception in on_member_update
Traceback (most recent call last):
  File "/usr/local/lib/python3.12/site-packages/discord/client.py", line 465, in _run_event
    await coro(*args, **kwargs)
  File "/app/asu_discord/cogs/analytics.py", line 652, in on_member_update
    before_timeout = before.timed_out_until
                     ^^^^^^^^^^^^^^^^^^^^^^
AttributeError: 'Member' object has no attribute 'timed_out_until'
Ignoring exception in on_member_update
Traceback (most recent call last):
  File "/usr/local/lib/python3.12/site-packages/discord/client.py", line 465, in _run_event
    await coro(*args, **kwargs)
  File "/app/asu_discord/cogs/analytics.py", line 652, in on_member_update
    before_timeout = before.timed_out_until
                     ^^^^^^^^^^^^^^^^^^^^^^
AttributeError: 'Member' object has no attribute 'timed_out_until'
Ignoring exception in on_member_update
Traceback (most recent call last):
  File "/usr/local/lib/python3.12/site-packages/discord/client.py", line 465, in _run_event
    await coro(*args, **kwargs)
  File "/app/asu_discord/cogs/analytics.py", line 652, in on_member_update
    before_timeout = before.timed_out_until
                     ^^^^^^^^^^^^^^^^^^^^^^
AttributeError: 'Member' object has no attribute 'timed_out_until'
Ignoring exception in on_member_update
Traceback (most recent call last):
  File "/usr/local/lib/python3.12/site-packages/discord/client.py", line 465, in _run_event
    await coro(*args, **kwargs)
  File "/app/asu_discord/cogs/analytics.py", line 652, in on_member_update
    before_timeout = before.timed_out_until
                     ^^^^^^^^^^^^^^^^^^^^^^
AttributeError: 'Member' object has no attribute 'timed_out_until'
Ignoring exception in on_member_update
Traceback (most recent call last):
  File "/usr/local/lib/python3.12/site-packages/discord/client.py", line 465, in _run_event
    await coro(*args, **kwargs)
  File "/app/asu_discord/cogs/analytics.py", line 652, in on_member_update
    before_timeout = before.timed_out_until
                     ^^^^^^^^^^^^^^^^^^^^^^
AttributeError: 'Member' object has no attribute 'timed_out_until'
Ignoring exception in on_member_update
Traceback (most recent call last):
  File "/usr/local/lib/python3.12/site-packages/discord/client.py", line 465, in _run_event
    await coro(*args, **kwargs)
  File "/app/asu_discord/cogs/analytics.py", line 652, in on_member_update
    before_timeout = before.timed_out_until
                     ^^^^^^^^^^^^^^^^^^^^^^
AttributeError: 'Member' object has no attribute 'timed_out_until'
Ignoring exception in on_member_update
Traceback (most recent call last):
  File "/usr/local/lib/python3.12/site-packages/discord/client.py", line 465, in _run_event
    await coro(*args, **kwargs)
  File "/app/asu_discord/cogs/analytics.py", line 652, in on_member_update
    before_timeout = before.timed_out_until
                     ^^^^^^^^^^^^^^^^^^^^^^
AttributeError: 'Member' object has no attribute 'timed_out_until'
Ignoring exception in on_member_update
Traceback (most recent call last):
  File "/usr/local/lib/python3.12/site-packages/discord/client.py", line 465, in _run_event
    await coro(*args, **kwargs)
  File "/app/asu_discord/cogs/analytics.py", line 652, in on_member_update
    before_timeout = before.timed_out_until
                     ^^^^^^^^^^^^^^^^^^^^^^
AttributeError: 'Member' object has no attribute 'timed_out_until'
Ignoring exception in on_member_update
Traceback (most recent call last):
  File "/usr/local/lib/python3.12/site-packages/discord/client.py", line 465, in _run_event
    await coro(*args, **kwargs)
  File "/app/asu_discord/cogs/analytics.py", line 652, in on_member_update
    before_timeout = before.timed_out_until
                     ^^^^^^^^^^^^^^^^^^^^^^
AttributeError: 'Member' object has no attribute 'timed_out_until'
Ignoring exception in on_member_update
Traceback (most recent call last):
  File "/usr/local/lib/python3.12/site-packages/discord/client.py", line 465, in _run_event
    await coro(*args, **kwargs)
  File "/app/asu_discord/cogs/analytics.py", line 652, in on_member_update
    before_timeout = before.timed_out_until
                     ^^^^^^^^^^^^^^^^^^^^^^
AttributeError: 'Member' object has no attribute 'timed_out_until'
INFO:asu_discord.cogs.verification:Saved 6 roles to database for user elspenc3 (Discord ID: 1409697803772497930)
INFO:asu_discord.cogs.verification:Refreshed Salesforce roles for Discord user 1409697803772497930: -6/+5 roles, assigned=[Arizona Resident, Commited, First Generation Student, Tempe, Transfer Student, W.P. Carey School of Business]
Ignoring exception in on_member_update
Traceback (most recent call last):
  File "/usr/local/lib/python3.12/site-packages/discord/client.py", line 465, in _run_event
    await coro(*args, **kwargs)
  File "/app/asu_discord/cogs/analytics.py", line 652, in on_member_update
    before_timeout = before.timed_out_until
                     ^^^^^^^^^^^^^^^^^^^^^^
AttributeError: 'Member' object has no attribute 'timed_out_until'
Ignoring exception in on_member_update
Traceback (most recent call last):
  File "/usr/local/lib/python3.12/site-packages/discord/client.py", line 465, in _run_event
    await coro(*args, **kwargs)
  File "/app/asu_discord/cogs/analytics.py", line 652, in on_member_update
    before_timeout = before.timed_out_until
                     ^^^^^^^^^^^^^^^^^^^^^^
AttributeError: 'Member' object has no attribute 'timed_out_until'
Ignoring exception in on_member_update
Traceback (most recent call last):
  File "/usr/local/lib/python3.12/site-packages/discord/client.py", line 465, in _run_event
    await coro(*args, **kwargs)
  File "/app/asu_discord/cogs/analytics.py", line 652, in on_member_update
    before_timeout = before.timed_out_until
                     ^^^^^^^^^^^^^^^^^^^^^^
AttributeError: 'Member' object has no attribute 'timed_out_until'
Ignoring exception in on_member_update
Traceback (most recent call last):
  File "/usr/local/lib/python3.12/site-packages/discord/client.py", line 465, in _run_event
    await coro(*args, **kwargs)
  File "/app/asu_discord/cogs/analytics.py", line 652, in on_member_update
    before_timeout = before.timed_out_until
                     ^^^^^^^^^^^^^^^^^^^^^^
AttributeError: 'Member' object has no attribute 'timed_out_until'
Ignoring exception in on_member_update
Traceback (most recent call last):
  File "/usr/local/lib/python3.12/site-packages/discord/client.py", line 465, in _run_event
    await coro(*args, **kwargs)
  File "/app/asu_discord/cogs/analytics.py", line 652, in on_member_update
    before_timeout = before.timed_out_until
                     ^^^^^^^^^^^^^^^^^^^^^^
AttributeError: 'Member' object has no attribute 'timed_out_until'
Ignoring exception in on_member_update
Traceback (most recent call last):
  File "/usr/local/lib/python3.12/site-packages/discord/client.py", line 465, in _run_event
    await coro(*args, **kwargs)
  File "/app/asu_discord/cogs/analytics.py", line 652, in on_member_update
    before_timeout = before.timed_out_until
                     ^^^^^^^^^^^^^^^^^^^^^^
AttributeError: 'Member' object has no attribute 'timed_out_until'
Ignoring exception in on_member_update
Traceback (most recent call last):
  File "/usr/local/lib/python3.12/site-packages/discord/client.py", line 465, in _run_event
    await coro(*args, **kwargs)
  File "/app/asu_discord/cogs/analytics.py", line 652, in on_member_update
    before_timeout = before.timed_out_until
                     ^^^^^^^^^^^^^^^^^^^^^^
AttributeError: 'Member' object has no attribute 'timed_out_until'
Ignoring exception in on_member_update
Traceback (most recent call last):
  File "/usr/local/lib/python3.12/site-packages/discord/client.py", line 465, in _run_event
    await coro(*args, **kwargs)
  File "/app/asu_discord/cogs/analytics.py", line 652, in on_member_update
    before_timeout = before.timed_out_until
                     ^^^^^^^^^^^^^^^^^^^^^^
AttributeError: 'Member' object has no attribute 'timed_out_until'
Ignoring exception in on_member_update
Traceback (most recent call last):
  File "/usr/local/lib/python3.12/site-packages/discord/client.py", line 465, in _run_event
    await coro(*args, **kwargs)
  File "/app/asu_discord/cogs/analytics.py", line 652, in on_member_update
    before_timeout = before.timed_out_until
                     ^^^^^^^^^^^^^^^^^^^^^^
AttributeError: 'Member' object has no attribute 'timed_out_until'
Ignoring exception in on_member_update
Traceback (most recent call last):
  File "/usr/local/lib/python3.12/site-packages/discord/client.py", line 465, in _run_event
    await coro(*args, **kwargs)
  File "/app/asu_discord/cogs/analytics.py", line 652, in on_member_update
    before_timeout = before.timed_out_until
                     ^^^^^^^^^^^^^^^^^^^^^^
AttributeError: 'Member' object has no attribute 'timed_out_until'
INFO:asu_discord.cogs.verification:Saved 5 roles to database for user sjgonz24 (Discord ID: 799137662056267799)
INFO:asu_discord.cogs.verification:Refreshed Salesforce roles for Discord user 799137662056267799: -5/+5 roles, assigned=[Arizona Resident, College of Liberal Arts and Sciences, Commited, First Year, Tempe]
Ignoring exception in on_member_update
Traceback (most recent call last):
  File "/usr/local/lib/python3.12/site-packages/discord/client.py", line 465, in _run_event
    await coro(*args, **kwargs)
  File "/app/asu_discord/cogs/analytics.py", line 652, in on_member_update
    before_timeout = before.timed_out_until
                     ^^^^^^^^^^^^^^^^^^^^^^
AttributeError: 'Member' object has no attribute 'timed_out_until'
Ignoring exception in on_member_update
Traceback (most recent call last):
  File "/usr/local/lib/python3.12/site-packages/discord/client.py", line 465, in _run_event
    await coro(*args, **kwargs)
  File "/app/asu_discord/cogs/analytics.py", line 652, in on_member_update
    before_timeout = before.timed_out_until
                     ^^^^^^^^^^^^^^^^^^^^^^
AttributeError: 'Member' object has no attribute 'timed_out_until'
Ignoring exception in on_member_update
Traceback (most recent call last):
  File "/usr/local/lib/python3.12/site-packages/discord/client.py", line 465, in _run_event
    await coro(*args, **kwargs)
  File "/app/asu_discord/cogs/analytics.py", line 652, in on_member_update
    before_timeout = before.timed_out_until
                     ^^^^^^^^^^^^^^^^^^^^^^
AttributeError: 'Member' object has no attribute 'timed_out_until'
Ignoring exception in on_member_update
Traceback (most recent call last):
  File "/usr/local/lib/python3.12/site-packages/discord/client.py", line 465, in _run_event
    await coro(*args, **kwargs)
  File "/app/asu_discord/cogs/analytics.py", line 652, in on_member_update
    before_timeout = before.timed_out_until
                     ^^^^^^^^^^^^^^^^^^^^^^
AttributeError: 'Member' object has no attribute 'timed_out_until'
Ignoring exception in on_member_update
Traceback (most recent call last):
  File "/usr/local/lib/python3.12/site-packages/discord/client.py", line 465, in _run_event
    await coro(*args, **kwargs)
  File "/app/asu_discord/cogs/analytics.py", line 652, in on_member_update
    before_timeout = before.timed_out_until
                     ^^^^^^^^^^^^^^^^^^^^^^
AttributeError: 'Member' object has no attribute 'timed_out_until'
Ignoring exception in on_member_update
Traceback (most recent call last):
  File "/usr/local/lib/python3.12/site-packages/discord/client.py", line 465, in _run_event
    await coro(*args, **kwargs)
  File "/app/asu_discord/cogs/analytics.py", line 652, in on_member_update
    before_timeout = before.timed_out_until
                     ^^^^^^^^^^^^^^^^^^^^^^
AttributeError: 'Member' object has no attribute 'timed_out_until'
Ignoring exception in on_member_update
Traceback (most recent call last):
  File "/usr/local/lib/python3.12/site-packages/discord/client.py", line 465, in _run_event
    await coro(*args, **kwargs)
  File "/app/asu_discord/cogs/analytics.py", line 652, in on_member_update
    before_timeout = before.timed_out_until
                     ^^^^^^^^^^^^^^^^^^^^^^
AttributeError: 'Member' object has no attribute 'timed_out_until'
Ignoring exception in on_member_update
Traceback (most recent call last):
  File "/usr/local/lib/python3.12/site-packages/discord/client.py", line 465, in _run_event
    await coro(*args, **kwargs)
  File "/app/asu_discord/cogs/analytics.py", line 652, in on_member_update
    before_timeout = before.timed_out_until
                     ^^^^^^^^^^^^^^^^^^^^^^
AttributeError: 'Member' object has no attribute 'timed_out_until'
Ignoring exception in on_member_update
Traceback (most recent call last):
  File "/usr/local/lib/python3.12/site-packages/discord/client.py", line 465, in _run_event
    await coro(*args, **kwargs)
  File "/app/asu_discord/cogs/analytics.py", line 652, in on_member_update
    before_timeout = before.timed_out_until
                     ^^^^^^^^^^^^^^^^^^^^^^
AttributeError: 'Member' object has no attribute 'timed_out_until'
Ignoring exception in on_member_update
Traceback (most recent call last):
  File "/usr/local/lib/python3.12/site-packages/discord/client.py", line 465, in _run_event
    await coro(*args, **kwargs)
  File "/app/asu_discord/cogs/analytics.py", line 652, in on_member_update
    before_timeout = before.timed_out_until
                     ^^^^^^^^^^^^^^^^^^^^^^
AttributeError: 'Member' object has no attribute 'timed_out_until'
INFO:asu_discord.cogs.verification:Saved 5 roles to database for user jsing217 (Discord ID: 1233378608060567636)
INFO:asu_discord.cogs.verification:Refreshed Salesforce roles for Discord user 1233378608060567636: -5/+5 roles, assigned=[Commited, First Year, International Student, Ira A. Fulton Schools of Engineering, Tempe]
ERROR:cron.jobs:refresh_salesforce_roles: failed for sbajis (Discord ID 596374163141296148): Failed to refresh Salesforce-based roles: Discord user 596374163141296148 is not a member of the guild
Ignoring exception in on_member_update
Traceback (most recent call last):
  File "/usr/local/lib/python3.12/site-packages/discord/client.py", line 465, in _run_event
    await coro(*args, **kwargs)
  File "/app/asu_discord/cogs/analytics.py", line 652, in on_member_update
    before_timeout = before.timed_out_until
                     ^^^^^^^^^^^^^^^^^^^^^^
AttributeError: 'Member' object has no attribute 'timed_out_until'
Ignoring exception in on_member_update
Traceback (most recent call last):
  File "/usr/local/lib/python3.12/site-packages/discord/client.py", line 465, in _run_event
    await coro(*args, **kwargs)
  File "/app/asu_discord/cogs/analytics.py", line 652, in on_member_update
    before_timeout = before.timed_out_until
                     ^^^^^^^^^^^^^^^^^^^^^^
AttributeError: 'Member' object has no attribute 'timed_out_until'
Ignoring exception in on_member_update
Traceback (most recent call last):
  File "/usr/local/lib/python3.12/site-packages/discord/client.py", line 465, in _run_event
    await coro(*args, **kwargs)
  File "/app/asu_discord/cogs/analytics.py", line 652, in on_member_update
    before_timeout = before.timed_out_until
                     ^^^^^^^^^^^^^^^^^^^^^^
AttributeError: 'Member' object has no attribute 'timed_out_until'
Ignoring exception in on_member_update
Traceback (most recent call last):
  File "/usr/local/lib/python3.12/site-packages/discord/client.py", line 465, in _run_event
    await coro(*args, **kwargs)
  File "/app/asu_discord/cogs/analytics.py", line 652, in on_member_update
    before_timeout = before.timed_out_until
                     ^^^^^^^^^^^^^^^^^^^^^^
AttributeError: 'Member' object has no attribute 'timed_out_until'
Ignoring exception in on_member_update
Traceback (most recent call last):
  File "/usr/local/lib/python3.12/site-packages/discord/client.py", line 465, in _run_event
    await coro(*args, **kwargs)
  File "/app/asu_discord/cogs/analytics.py", line 652, in on_member_update
    before_timeout = before.timed_out_until
                     ^^^^^^^^^^^^^^^^^^^^^^
AttributeError: 'Member' object has no attribute 'timed_out_until'
Ignoring exception in on_member_update
Traceback (most recent call last):
  File "/usr/local/lib/python3.12/site-packages/discord/client.py", line 465, in _run_event
    await coro(*args, **kwargs)
  File "/app/asu_discord/cogs/analytics.py", line 652, in on_member_update
    before_timeout = before.timed_out_until
                     ^^^^^^^^^^^^^^^^^^^^^^
AttributeError: 'Member' object has no attribute 'timed_out_until'
Ignoring exception in on_member_update
Traceback (most recent call last):
  File "/usr/local/lib/python3.12/site-packages/discord/client.py", line 465, in _run_event
    await coro(*args, **kwargs)
  File "/app/asu_discord/cogs/analytics.py", line 652, in on_member_update
    before_timeout = before.timed_out_until
                     ^^^^^^^^^^^^^^^^^^^^^^
AttributeError: 'Member' object has no attribute 'timed_out_until'
Ignoring exception in on_member_update
Traceback (most recent call last):
  File "/usr/local/lib/python3.12/site-packages/discord/client.py", line 465, in _run_event
    await coro(*args, **kwargs)
  File "/app/asu_discord/cogs/analytics.py", line 652, in on_member_update
    before_timeout = before.timed_out_until
                     ^^^^^^^^^^^^^^^^^^^^^^
AttributeError: 'Member' object has no attribute 'timed_out_until'
Ignoring exception in on_member_update
Traceback (most recent call last):
  File "/usr/local/lib/python3.12/site-packages/discord/client.py", line 465, in _run_event
    await coro(*args, **kwargs)
  File "/app/asu_discord/cogs/analytics.py", line 652, in on_member_update
    before_timeout = before.timed_out_until
                     ^^^^^^^^^^^^^^^^^^^^^^
AttributeError: 'Member' object has no attribute 'timed_out_until'
Ignoring exception in on_member_update
Traceback (most recent call last):
  File "/usr/local/lib/python3.12/site-packages/discord/client.py", line 465, in _run_event
    await coro(*args, **kwargs)
  File "/app/asu_discord/cogs/analytics.py", line 652, in on_member_update
    before_timeout = before.timed_out_until
                     ^^^^^^^^^^^^^^^^^^^^^^
AttributeError: 'Member' object has no attribute 'timed_out_until'
INFO:asu_discord.cogs.verification:Saved 5 roles to database for user kbates22 (Discord ID: 698104755943112714)
INFO:asu_discord.cogs.verification:Refreshed Salesforce roles for Discord user 698104755943112714: -5/+5 roles, assigned=[College of Liberal Arts and Sciences, Commited, Out of State, Tempe, Transfer Student]
Ignoring exception in on_member_update
Traceback (most recent call last):
  File "/usr/local/lib/python3.12/site-packages/discord/client.py", line 465, in _run_event
    await coro(*args, **kwargs)
  File "/app/asu_discord/cogs/analytics.py", line 652, in on_member_update
    before_timeout = before.timed_out_until
                     ^^^^^^^^^^^^^^^^^^^^^^
AttributeError: 'Member' object has no attribute 'timed_out_until'
Ignoring exception in on_member_update
Traceback (most recent call last):
  File "/usr/local/lib/python3.12/site-packages/discord/client.py", line 465, in _run_event
    await coro(*args, **kwargs)
  File "/app/asu_discord/cogs/analytics.py", line 652, in on_member_update
    before_timeout = before.timed_out_until
                     ^^^^^^^^^^^^^^^^^^^^^^
AttributeError: 'Member' object has no attribute 'timed_out_until'
Ignoring exception in on_member_update
Traceback (most recent call last):
  File "/usr/local/lib/python3.12/site-packages/discord/client.py", line 465, in _run_event
    await coro(*args, **kwargs)
  File "/app/asu_discord/cogs/analytics.py", line 652, in on_member_update
    before_timeout = before.timed_out_until
                     ^^^^^^^^^^^^^^^^^^^^^^
AttributeError: 'Member' object has no attribute 'timed_out_until'
Ignoring exception in on_member_update
Traceback (most recent call last):
  File "/usr/local/lib/python3.12/site-packages/discord/client.py", line 465, in _run_event
    await coro(*args, **kwargs)
  File "/app/asu_discord/cogs/analytics.py", line 652, in on_member_update
    before_timeout = before.timed_out_until
                     ^^^^^^^^^^^^^^^^^^^^^^
AttributeError: 'Member' object has no attribute 'timed_out_until'
Ignoring exception in on_member_update
Traceback (most recent call last):
  File "/usr/local/lib/python3.12/site-packages/discord/client.py", line 465, in _run_event
    await coro(*args, **kwargs)
  File "/app/asu_discord/cogs/analytics.py", line 652, in on_member_update
    before_timeout = before.timed_out_until
                     ^^^^^^^^^^^^^^^^^^^^^^
AttributeError: 'Member' object has no attribute 'timed_out_until'
Ignoring exception in on_member_update
Traceback (most recent call last):
  File "/usr/local/lib/python3.12/site-packages/discord/client.py", line 465, in _run_event
    await coro(*args, **kwargs)
  File "/app/asu_discord/cogs/analytics.py", line 652, in on_member_update
    before_timeout = before.timed_out_until
                     ^^^^^^^^^^^^^^^^^^^^^^
AttributeError: 'Member' object has no attribute 'timed_out_until'
Ignoring exception in on_member_update
Traceback (most recent call last):
  File "/usr/local/lib/python3.12/site-packages/discord/client.py", line 465, in _run_event
    await coro(*args, **kwargs)
  File "/app/asu_discord/cogs/analytics.py", line 652, in on_member_update
    before_timeout = before.timed_out_until
                     ^^^^^^^^^^^^^^^^^^^^^^
AttributeError: 'Member' object has no attribute 'timed_out_until'
Ignoring exception in on_member_update
Traceback (most recent call last):
  File "/usr/local/lib/python3.12/site-packages/discord/client.py", line 465, in _run_event
    await coro(*args, **kwargs)
  File "/app/asu_discord/cogs/analytics.py", line 652, in on_member_update
    before_timeout = before.timed_out_until
                     ^^^^^^^^^^^^^^^^^^^^^^
AttributeError: 'Member' object has no attribute 'timed_out_until'
Ignoring exception in on_member_update
Traceback (most recent call last):
  File "/usr/local/lib/python3.12/site-packages/discord/client.py", line 465, in _run_event
    await coro(*args, **kwargs)
  File "/app/asu_discord/cogs/analytics.py", line 652, in on_member_update
    before_timeout = before.timed_out_until
                     ^^^^^^^^^^^^^^^^^^^^^^
AttributeError: 'Member' object has no attribute 'timed_out_until'
INFO:asu_discord.cogs.verification:Saved 5 roles to database for user jtenney5 (Discord ID: 1229610465378697220)
INFO:asu_discord.cogs.verification:Refreshed Salesforce roles for Discord user 1229610465378697220: -4/+5 roles, assigned=[Arizona Resident, Commited, Downtown Phoenix, First Year, Walter Cronkite School of Journalism and Mass Communication]
Ignoring exception in on_member_update
Traceback (most recent call last):
  File "/usr/local/lib/python3.12/site-packages/discord/client.py", line 465, in _run_event
    await coro(*args, **kwargs)
  File "/app/asu_discord/cogs/analytics.py", line 652, in on_member_update
    before_timeout = before.timed_out_until
                     ^^^^^^^^^^^^^^^^^^^^^^
AttributeError: 'Member' object has no attribute 'timed_out_until'
Ignoring exception in on_member_update
Traceback (most recent call last):
  File "/usr/local/lib/python3.12/site-packages/discord/client.py", line 465, in _run_event
    await coro(*args, **kwargs)
  File "/app/asu_discord/cogs/analytics.py", line 652, in on_member_update
    before_timeout = before.timed_out_until
                     ^^^^^^^^^^^^^^^^^^^^^^
AttributeError: 'Member' object has no attribute 'timed_out_until'
INFO:asu_discord.cogs.verification:Saved 1 roles to database for user kmleek (Discord ID: 528412437444296717)
INFO:asu_discord.cogs.verification:Refreshed Salesforce roles for Discord user 528412437444296717: -1/+1 roles, assigned=[Out of State]
Ignoring exception in on_member_update
Traceback (most recent call last):
  File "/usr/local/lib/python3.12/site-packages/discord/client.py", line 465, in _run_event
    await coro(*args, **kwargs)
  File "/app/asu_discord/cogs/analytics.py", line 652, in on_member_update
    before_timeout = before.timed_out_until
                     ^^^^^^^^^^^^^^^^^^^^^^
AttributeError: 'Member' object has no attribute 'timed_out_until'
Ignoring exception in on_member_update
Traceback (most recent call last):
  File "/usr/local/lib/python3.12/site-packages/discord/client.py", line 465, in _run_event
    await coro(*args, **kwargs)
  File "/app/asu_discord/cogs/analytics.py", line 652, in on_member_update
    before_timeout = before.timed_out_until
                     ^^^^^^^^^^^^^^^^^^^^^^
AttributeError: 'Member' object has no attribute 'timed_out_until'
Ignoring exception in on_member_update
Traceback (most recent call last):
  File "/usr/local/lib/python3.12/site-packages/discord/client.py", line 465, in _run_event
    await coro(*args, **kwargs)
  File "/app/asu_discord/cogs/analytics.py", line 652, in on_member_update
    before_timeout = before.timed_out_until
                     ^^^^^^^^^^^^^^^^^^^^^^
AttributeError: 'Member' object has no attribute 'timed_out_until'
Ignoring exception in on_member_update
Traceback (most recent call last):
  File "/usr/local/lib/python3.12/site-packages/discord/client.py", line 465, in _run_event
    await coro(*args, **kwargs)
  File "/app/asu_discord/cogs/analytics.py", line 652, in on_member_update
    before_timeout = before.timed_out_until
                     ^^^^^^^^^^^^^^^^^^^^^^
AttributeError: 'Member' object has no attribute 'timed_out_until'
Ignoring exception in on_member_update
Traceback (most recent call last):
  File "/usr/local/lib/python3.12/site-packages/discord/client.py", line 465, in _run_event
    await coro(*args, **kwargs)
  File "/app/asu_discord/cogs/analytics.py", line 652, in on_member_update
    before_timeout = before.timed_out_until
                     ^^^^^^^^^^^^^^^^^^^^^^
AttributeError: 'Member' object has no attribute 'timed_out_until'
Ignoring exception in on_member_update
Traceback (most recent call last):
  File "/usr/local/lib/python3.12/site-packages/discord/client.py", line 465, in _run_event
    await coro(*args, **kwargs)
  File "/app/asu_discord/cogs/analytics.py", line 652, in on_member_update
    before_timeout = before.timed_out_until
                     ^^^^^^^^^^^^^^^^^^^^^^
AttributeError: 'Member' object has no attribute 'timed_out_until'
Ignoring exception in on_member_update
Traceback (most recent call last):
  File "/usr/local/lib/python3.12/site-packages/discord/client.py", line 465, in _run_event
    await coro(*args, **kwargs)
  File "/app/asu_discord/cogs/analytics.py", line 652, in on_member_update
    before_timeout = before.timed_out_until
                     ^^^^^^^^^^^^^^^^^^^^^^
AttributeError: 'Member' object has no attribute 'timed_out_until'
Ignoring exception in on_member_update
Traceback (most recent call last):
  File "/usr/local/lib/python3.12/site-packages/discord/client.py", line 465, in _run_event
    await coro(*args, **kwargs)
  File "/app/asu_discord/cogs/analytics.py", line 652, in on_member_update
    before_timeout = before.timed_out_until
                     ^^^^^^^^^^^^^^^^^^^^^^
AttributeError: 'Member' object has no attribute 'timed_out_until'
Ignoring exception in on_member_update
Traceback (most recent call last):
  File "/usr/local/lib/python3.12/site-packages/discord/client.py", line 465, in _run_event
    await coro(*args, **kwargs)
  File "/app/asu_discord/cogs/analytics.py", line 652, in on_member_update
    before_timeout = before.timed_out_until
                     ^^^^^^^^^^^^^^^^^^^^^^
AttributeError: 'Member' object has no attribute 'timed_out_until'
INFO:asu_discord.cogs.verification:Saved 5 roles to database for user issawyer (Discord ID: 613679216591896578)
INFO:asu_discord.cogs.verification:Refreshed Salesforce roles for Discord user 613679216591896578: -5/+4 roles, assigned=[Arizona Resident, Commited, First Year, Ira A. Fulton Schools of Engineering, Tempe]
Ignoring exception in on_member_update
Traceback (most recent call last):
  File "/usr/local/lib/python3.12/site-packages/discord/client.py", line 465, in _run_event
    await coro(*args, **kwargs)
  File "/app/asu_discord/cogs/analytics.py", line 652, in on_member_update
    before_timeout = before.timed_out_until
                     ^^^^^^^^^^^^^^^^^^^^^^
AttributeError: 'Member' object has no attribute 'timed_out_until'
Ignoring exception in on_member_update
Traceback (most recent call last):
  File "/usr/local/lib/python3.12/site-packages/discord/client.py", line 465, in _run_event
    await coro(*args, **kwargs)
  File "/app/asu_discord/cogs/analytics.py", line 652, in on_member_update
    before_timeout = before.timed_out_until
                     ^^^^^^^^^^^^^^^^^^^^^^
AttributeError: 'Member' object has no attribute 'timed_out_until'
Ignoring exception in on_member_update
Traceback (most recent call last):
  File "/usr/local/lib/python3.12/site-packages/discord/client.py", line 465, in _run_event
    await coro(*args, **kwargs)
  File "/app/asu_discord/cogs/analytics.py", line 652, in on_member_update
    before_timeout = before.timed_out_until
                     ^^^^^^^^^^^^^^^^^^^^^^
AttributeError: 'Member' object has no attribute 'timed_out_until'
Ignoring exception in on_member_update
Traceback (most recent call last):
  File "/usr/local/lib/python3.12/site-packages/discord/client.py", line 465, in _run_event
    await coro(*args, **kwargs)
  File "/app/asu_discord/cogs/analytics.py", line 652, in on_member_update
    before_timeout = before.timed_out_until
                     ^^^^^^^^^^^^^^^^^^^^^^
AttributeError: 'Member' object has no attribute 'timed_out_until'
Ignoring exception in on_member_update
Traceback (most recent call last):
  File "/usr/local/lib/python3.12/site-packages/discord/client.py", line 465, in _run_event
    await coro(*args, **kwargs)
  File "/app/asu_discord/cogs/analytics.py", line 652, in on_member_update
    before_timeout = before.timed_out_until
                     ^^^^^^^^^^^^^^^^^^^^^^
AttributeError: 'Member' object has no attribute 'timed_out_until'
Ignoring exception in on_member_update
Traceback (most recent call last):
  File "/usr/local/lib/python3.12/site-packages/discord/client.py", line 465, in _run_event
    await coro(*args, **kwargs)
  File "/app/asu_discord/cogs/analytics.py", line 652, in on_member_update
    before_timeout = before.timed_out_until
                     ^^^^^^^^^^^^^^^^^^^^^^
AttributeError: 'Member' object has no attribute 'timed_out_until'
Ignoring exception in on_member_update
Traceback (most recent call last):
  File "/usr/local/lib/python3.12/site-packages/discord/client.py", line 465, in _run_event
    await coro(*args, **kwargs)
  File "/app/asu_discord/cogs/analytics.py", line 652, in on_member_update
    before_timeout = before.timed_out_until
                     ^^^^^^^^^^^^^^^^^^^^^^
AttributeError: 'Member' object has no attribute 'timed_out_until'
Ignoring exception in on_member_update
Traceback (most recent call last):
  File "/usr/local/lib/python3.12/site-packages/discord/client.py", line 465, in _run_event
    await coro(*args, **kwargs)
  File "/app/asu_discord/cogs/analytics.py", line 652, in on_member_update
    before_timeout = before.timed_out_until
                     ^^^^^^^^^^^^^^^^^^^^^^
AttributeError: 'Member' object has no attribute 'timed_out_until'
INFO:asu_discord.cogs.verification:Saved 4 roles to database for user sbhagw10 (Discord ID: 787661036345622578)
INFO:asu_discord.cogs.verification:Refreshed Salesforce roles for Discord user 787661036345622578: -4/+4 roles, assigned=[Graduate Student, International Student, Ira A. Fulton Schools of Engineering, Tempe]
Ignoring exception in on_member_update
Traceback (most recent call last):
  File "/usr/local/lib/python3.12/site-packages/discord/client.py", line 465, in _run_event
    await coro(*args, **kwargs)
  File "/app/asu_discord/cogs/analytics.py", line 652, in on_member_update
    before_timeout = before.timed_out_until
                     ^^^^^^^^^^^^^^^^^^^^^^
AttributeError: 'Member' object has no attribute 'timed_out_until'
Ignoring exception in on_member_update
Traceback (most recent call last):
  File "/usr/local/lib/python3.12/site-packages/discord/client.py", line 465, in _run_event
    await coro(*args, **kwargs)
  File "/app/asu_discord/cogs/analytics.py", line 652, in on_member_update
    before_timeout = before.timed_out_until
                     ^^^^^^^^^^^^^^^^^^^^^^
AttributeError: 'Member' object has no attribute 'timed_out_until'
Ignoring exception in on_member_update
Traceback (most recent call last):
  File "/usr/local/lib/python3.12/site-packages/discord/client.py", line 465, in _run_event
    await coro(*args, **kwargs)
  File "/app/asu_discord/cogs/analytics.py", line 652, in on_member_update
    before_timeout = before.timed_out_until
                     ^^^^^^^^^^^^^^^^^^^^^^
AttributeError: 'Member' object has no attribute 'timed_out_until'
Ignoring exception in on_member_update
Traceback (most recent call last):
  File "/usr/local/lib/python3.12/site-packages/discord/client.py", line 465, in _run_event
    await coro(*args, **kwargs)
  File "/app/asu_discord/cogs/analytics.py", line 652, in on_member_update
    before_timeout = before.timed_out_until
                     ^^^^^^^^^^^^^^^^^^^^^^
AttributeError: 'Member' object has no attribute 'timed_out_until'
Ignoring exception in on_member_update
Traceback (most recent call last):
  File "/usr/local/lib/python3.12/site-packages/discord/client.py", line 465, in _run_event
    await coro(*args, **kwargs)
  File "/app/asu_discord/cogs/analytics.py", line 652, in on_member_update
    before_timeout = before.timed_out_until
                     ^^^^^^^^^^^^^^^^^^^^^^
AttributeError: 'Member' object has no attribute 'timed_out_until'
Ignoring exception in on_member_update
Traceback (most recent call last):
  File "/usr/local/lib/python3.12/site-packages/discord/client.py", line 465, in _run_event
    await coro(*args, **kwargs)
  File "/app/asu_discord/cogs/analytics.py", line 652, in on_member_update
    before_timeout = before.timed_out_until
                     ^^^^^^^^^^^^^^^^^^^^^^
AttributeError: 'Member' object has no attribute 'timed_out_until'
Ignoring exception in on_member_update
Traceback (most recent call last):
  File "/usr/local/lib/python3.12/site-packages/discord/client.py", line 465, in _run_event
    await coro(*args, **kwargs)
  File "/app/asu_discord/cogs/analytics.py", line 652, in on_member_update
    before_timeout = before.timed_out_until
                     ^^^^^^^^^^^^^^^^^^^^^^
AttributeError: 'Member' object has no attribute 'timed_out_until'
Ignoring exception in on_member_update
Traceback (most recent call last):
  File "/usr/local/lib/python3.12/site-packages/discord/client.py", line 465, in _run_event
    await coro(*args, **kwargs)
  File "/app/asu_discord/cogs/analytics.py", line 652, in on_member_update
    before_timeout = before.timed_out_until
                     ^^^^^^^^^^^^^^^^^^^^^^
AttributeError: 'Member' object has no attribute 'timed_out_until'
Ignoring exception in on_member_update
Traceback (most recent call last):
  File "/usr/local/lib/python3.12/site-packages/discord/client.py", line 465, in _run_event
    await coro(*args, **kwargs)
  File "/app/asu_discord/cogs/analytics.py", line 652, in on_member_update
    before_timeout = before.timed_out_until
                     ^^^^^^^^^^^^^^^^^^^^^^
AttributeError: 'Member' object has no attribute 'timed_out_until'
Ignoring exception in on_member_update
Traceback (most recent call last):
  File "/usr/local/lib/python3.12/site-packages/discord/client.py", line 465, in _run_event
    await coro(*args, **kwargs)
  File "/app/asu_discord/cogs/analytics.py", line 652, in on_member_update
    before_timeout = before.timed_out_until
                     ^^^^^^^^^^^^^^^^^^^^^^
AttributeError: 'Member' object has no attribute 'timed_out_until'
INFO:asu_discord.cogs.verification:Saved 5 roles to database for user syada102 (Discord ID: 929555448254849024)
INFO:asu_discord.cogs.verification:Refreshed Salesforce roles for Discord user 929555448254849024: -5/+5 roles, assigned=[Arizona Resident, Commited, First Year, Ira A. Fulton Schools of Engineering, Tempe]
Ignoring exception in on_member_update
Traceback (most recent call last):
  File "/usr/local/lib/python3.12/site-packages/discord/client.py", line 465, in _run_event
    await coro(*args, **kwargs)
  File "/app/asu_discord/cogs/analytics.py", line 652, in on_member_update
    before_timeout = before.timed_out_until
                     ^^^^^^^^^^^^^^^^^^^^^^
AttributeError: 'Member' object has no attribute 'timed_out_until'
Ignoring exception in on_member_update
Traceback (most recent call last):
  File "/usr/local/lib/python3.12/site-packages/discord/client.py", line 465, in _run_event
    await coro(*args, **kwargs)
  File "/app/asu_discord/cogs/analytics.py", line 652, in on_member_update
    before_timeout = before.timed_out_until
                     ^^^^^^^^^^^^^^^^^^^^^^
AttributeError: 'Member' object has no attribute 'timed_out_until'
Ignoring exception in on_member_update
Traceback (most recent call last):
  File "/usr/local/lib/python3.12/site-packages/discord/client.py", line 465, in _run_event
    await coro(*args, **kwargs)
  File "/app/asu_discord/cogs/analytics.py", line 652, in on_member_update
    before_timeout = before.timed_out_until
                     ^^^^^^^^^^^^^^^^^^^^^^
AttributeError: 'Member' object has no attribute 'timed_out_until'
Ignoring exception in on_member_update
Traceback (most recent call last):
  File "/usr/local/lib/python3.12/site-packages/discord/client.py", line 465, in _run_event
    await coro(*args, **kwargs)
  File "/app/asu_discord/cogs/analytics.py", line 652, in on_member_update
    before_timeout = before.timed_out_until
                     ^^^^^^^^^^^^^^^^^^^^^^
AttributeError: 'Member' object has no attribute 'timed_out_until'
Ignoring exception in on_member_update
Traceback (most recent call last):
  File "/usr/local/lib/python3.12/site-packages/discord/client.py", line 465, in _run_event
    await coro(*args, **kwargs)
  File "/app/asu_discord/cogs/analytics.py", line 652, in on_member_update
    before_timeout = before.timed_out_until
                     ^^^^^^^^^^^^^^^^^^^^^^
AttributeError: 'Member' object has no attribute 'timed_out_until'
Ignoring exception in on_member_update
Traceback (most recent call last):
  File "/usr/local/lib/python3.12/site-packages/discord/client.py", line 465, in _run_event
    await coro(*args, **kwargs)
  File "/app/asu_discord/cogs/analytics.py", line 652, in on_member_update
    before_timeout = before.timed_out_until
                     ^^^^^^^^^^^^^^^^^^^^^^
AttributeError: 'Member' object has no attribute 'timed_out_until'
Ignoring exception in on_member_update
Traceback (most recent call last):
  File "/usr/local/lib/python3.12/site-packages/discord/client.py", line 465, in _run_event
    await coro(*args, **kwargs)
  File "/app/asu_discord/cogs/analytics.py", line 652, in on_member_update
    before_timeout = before.timed_out_until
                     ^^^^^^^^^^^^^^^^^^^^^^
AttributeError: 'Member' object has no attribute 'timed_out_until'
Ignoring exception in on_member_update
Traceback (most recent call last):
  File "/usr/local/lib/python3.12/site-packages/discord/client.py", line 465, in _run_event
    await coro(*args, **kwargs)
  File "/app/asu_discord/cogs/analytics.py", line 652, in on_member_update
    before_timeout = before.timed_out_until
                     ^^^^^^^^^^^^^^^^^^^^^^
AttributeError: 'Member' object has no attribute 'timed_out_until'
INFO:asu_discord.cogs.verification:Saved 4 roles to database for user kchua12 (Discord ID: 709048073959112714)
INFO:asu_discord.cogs.verification:Refreshed Salesforce roles for Discord user 709048073959112714: -4/+4 roles, assigned=[Graduate Student, International Student, Ira A. Fulton Schools of Engineering, Tempe]
Ignoring exception in on_member_update
Traceback (most recent call last):
  File "/usr/local/lib/python3.12/site-packages/discord/client.py", line 465, in _run_event
    await coro(*args, **kwargs)
  File "/app/asu_discord/cogs/analytics.py", line 652, in on_member_update
    before_timeout = before.timed_out_until
                     ^^^^^^^^^^^^^^^^^^^^^^
AttributeError: 'Member' object has no attribute 'timed_out_until'
Ignoring exception in on_member_update
Traceback (most recent call last):
  File "/usr/local/lib/python3.12/site-packages/discord/client.py", line 465, in _run_event
    await coro(*args, **kwargs)
  File "/app/asu_discord/cogs/analytics.py", line 652, in on_member_update
    before_timeout = before.timed_out_until
                     ^^^^^^^^^^^^^^^^^^^^^^
AttributeError: 'Member' object has no attribute 'timed_out_until'
Ignoring exception in on_member_update
Traceback (most recent call last):
  File "/usr/local/lib/python3.12/site-packages/discord/client.py", line 465, in _run_event
    await coro(*args, **kwargs)
  File "/app/asu_discord/cogs/analytics.py", line 652, in on_member_update
    before_timeout = before.timed_out_until
                     ^^^^^^^^^^^^^^^^^^^^^^
AttributeError: 'Member' object has no attribute 'timed_out_until'
Ignoring exception in on_member_update
Traceback (most recent call last):
  File "/usr/local/lib/python3.12/site-packages/discord/client.py", line 465, in _run_event
    await coro(*args, **kwargs)
  File "/app/asu_discord/cogs/analytics.py", line 652, in on_member_update
    before_timeout = before.timed_out_until
                     ^^^^^^^^^^^^^^^^^^^^^^
AttributeError: 'Member' object has no attribute 'timed_out_until'
Ignoring exception in on_member_update
Traceback (most recent call last):
  File "/usr/local/lib/python3.12/site-packages/discord/client.py", line 465, in _run_event
    await coro(*args, **kwargs)
  File "/app/asu_discord/cogs/analytics.py", line 652, in on_member_update
    before_timeout = before.timed_out_until
                     ^^^^^^^^^^^^^^^^^^^^^^
AttributeError: 'Member' object has no attribute 'timed_out_until'
Ignoring exception in on_member_update
Traceback (most recent call last):
  File "/usr/local/lib/python3.12/site-packages/discord/client.py", line 465, in _run_event
    await coro(*args, **kwargs)
  File "/app/asu_discord/cogs/analytics.py", line 652, in on_member_update
    before_timeout = before.timed_out_until
                     ^^^^^^^^^^^^^^^^^^^^^^
AttributeError: 'Member' object has no attribute 'timed_out_until'
Ignoring exception in on_member_update
Traceback (most recent call last):
  File "/usr/local/lib/python3.12/site-packages/discord/client.py", line 465, in _run_event
    await coro(*args, **kwargs)
  File "/app/asu_discord/cogs/analytics.py", line 652, in on_member_update
    before_timeout = before.timed_out_until
                     ^^^^^^^^^^^^^^^^^^^^^^
AttributeError: 'Member' object has no attribute 'timed_out_until'
Ignoring exception in on_member_update
Traceback (most recent call last):
  File "/usr/local/lib/python3.12/site-packages/discord/client.py", line 465, in _run_event
    await coro(*args, **kwargs)
  File "/app/asu_discord/cogs/analytics.py", line 652, in on_member_update
    before_timeout = before.timed_out_until
                     ^^^^^^^^^^^^^^^^^^^^^^
AttributeError: 'Member' object has no attribute 'timed_out_until'
Ignoring exception in on_member_update
Traceback (most recent call last):
  File "/usr/local/lib/python3.12/site-packages/discord/client.py", line 465, in _run_event
    await coro(*args, **kwargs)
  File "/app/asu_discord/cogs/analytics.py", line 652, in on_member_update
    before_timeout = before.timed_out_until
                     ^^^^^^^^^^^^^^^^^^^^^^
AttributeError: 'Member' object has no attribute 'timed_out_until'
Ignoring exception in on_member_update
Traceback (most recent call last):
  File "/usr/local/lib/python3.12/site-packages/discord/client.py", line 465, in _run_event
    await coro(*args, **kwargs)
  File "/app/asu_discord/cogs/analytics.py", line 652, in on_member_update
    before_timeout = before.timed_out_until
                     ^^^^^^^^^^^^^^^^^^^^^^
AttributeError: 'Member' object has no attribute 'timed_out_until'
INFO:asu_discord.cogs.verification:Saved 5 roles to database for user csjerrel (Discord ID: 1418743031221457028)
INFO:asu_discord.cogs.verification:Refreshed Salesforce roles for Discord user 1418743031221457028: -5/+5 roles, assigned=[Arizona Resident, College of Liberal Arts and Sciences, Commited, Transfer Student, West Valley]
Ignoring exception in on_member_update
Traceback (most recent call last):
  File "/usr/local/lib/python3.12/site-packages/discord/client.py", line 465, in _run_event
    await coro(*args, **kwargs)
  File "/app/asu_discord/cogs/analytics.py", line 652, in on_member_update
    before_timeout = before.timed_out_until
                     ^^^^^^^^^^^^^^^^^^^^^^
AttributeError: 'Member' object has no attribute 'timed_out_until'
Ignoring exception in on_member_update
Traceback (most recent call last):
  File "/usr/local/lib/python3.12/site-packages/discord/client.py", line 465, in _run_event
    await coro(*args, **kwargs)
  File "/app/asu_discord/cogs/analytics.py", line 652, in on_member_update
    before_timeout = before.timed_out_until
                     ^^^^^^^^^^^^^^^^^^^^^^
AttributeError: 'Member' object has no attribute 'timed_out_until'
Ignoring exception in on_member_update
Traceback (most recent call last):
  File "/usr/local/lib/python3.12/site-packages/discord/client.py", line 465, in _run_event
    await coro(*args, **kwargs)
  File "/app/asu_discord/cogs/analytics.py", line 652, in on_member_update
    before_timeout = before.timed_out_until
                     ^^^^^^^^^^^^^^^^^^^^^^
AttributeError: 'Member' object has no attribute 'timed_out_until'
Ignoring exception in on_member_update
Traceback (most recent call last):
  File "/usr/local/lib/python3.12/site-packages/discord/client.py", line 465, in _run_event
    await coro(*args, **kwargs)
  File "/app/asu_discord/cogs/analytics.py", line 652, in on_member_update
    before_timeout = before.timed_out_until
                     ^^^^^^^^^^^^^^^^^^^^^^
AttributeError: 'Member' object has no attribute 'timed_out_until'
Ignoring exception in on_member_update
Traceback (most recent call last):
  File "/usr/local/lib/python3.12/site-packages/discord/client.py", line 465, in _run_event
    await coro(*args, **kwargs)
  File "/app/asu_discord/cogs/analytics.py", line 652, in on_member_update
    before_timeout = before.timed_out_until
                     ^^^^^^^^^^^^^^^^^^^^^^
AttributeError: 'Member' object has no attribute 'timed_out_until'
Ignoring exception in on_member_update
Traceback (most recent call last):
  File "/usr/local/lib/python3.12/site-packages/discord/client.py", line 465, in _run_event
    await coro(*args, **kwargs)
  File "/app/asu_discord/cogs/analytics.py", line 652, in on_member_update
    before_timeout = before.timed_out_until
                     ^^^^^^^^^^^^^^^^^^^^^^
AttributeError: 'Member' object has no attribute 'timed_out_until'
Ignoring exception in on_member_update
Traceback (most recent call last):
  File "/usr/local/lib/python3.12/site-packages/discord/client.py", line 465, in _run_event
    await coro(*args, **kwargs)
  File "/app/asu_discord/cogs/analytics.py", line 652, in on_member_update
    before_timeout = before.timed_out_until
                     ^^^^^^^^^^^^^^^^^^^^^^
AttributeError: 'Member' object has no attribute 'timed_out_until'
Ignoring exception in on_member_update
Traceback (most recent call last):
  File "/usr/local/lib/python3.12/site-packages/discord/client.py", line 465, in _run_event
    await coro(*args, **kwargs)
  File "/app/asu_discord/cogs/analytics.py", line 652, in on_member_update
    before_timeout = before.timed_out_until
                     ^^^^^^^^^^^^^^^^^^^^^^
AttributeError: 'Member' object has no attribute 'timed_out_until'
Ignoring exception in on_member_update
Traceback (most recent call last):
  File "/usr/local/lib/python3.12/site-packages/discord/client.py", line 465, in _run_event
    await coro(*args, **kwargs)
  File "/app/asu_discord/cogs/analytics.py", line 652, in on_member_update
    before_timeout = before.timed_out_until
                     ^^^^^^^^^^^^^^^^^^^^^^
AttributeError: 'Member' object has no attribute 'timed_out_until'
Ignoring exception in on_member_update
Traceback (most recent call last):
  File "/usr/local/lib/python3.12/site-packages/discord/client.py", line 465, in _run_event
    await coro(*args, **kwargs)
  File "/app/asu_discord/cogs/analytics.py", line 652, in on_member_update
    before_timeout = before.timed_out_until
                     ^^^^^^^^^^^^^^^^^^^^^^
AttributeError: 'Member' object has no attribute 'timed_out_until'
INFO:asu_discord.cogs.verification:Saved 5 roles to database for user jyarger2 (Discord ID: 990760989492400188)
INFO:asu_discord.cogs.verification:Refreshed Salesforce roles for Discord user 990760989492400188: -5/+5 roles, assigned=[Arizona Resident, Commited, First Year, Ira A. Fulton Schools of Engineering, Tempe]
ERROR:cron.jobs:refresh_salesforce_roles: failed for jkauwe (Discord ID 913988831819210752): Failed to refresh Salesforce-based roles: Discord user 913988831819210752 is not a member of the guild
Ignoring exception in on_member_update
Traceback (most recent call last):
  File "/usr/local/lib/python3.12/site-packages/discord/client.py", line 465, in _run_event
    await coro(*args, **kwargs)
  File "/app/asu_discord/cogs/analytics.py", line 652, in on_member_update
    before_timeout = before.timed_out_until
                     ^^^^^^^^^^^^^^^^^^^^^^
AttributeError: 'Member' object has no attribute 'timed_out_until'
Ignoring exception in on_member_update
Traceback (most recent call last):
  File "/usr/local/lib/python3.12/site-packages/discord/client.py", line 465, in _run_event
    await coro(*args, **kwargs)
  File "/app/asu_discord/cogs/analytics.py", line 652, in on_member_update
    before_timeout = before.timed_out_until
                     ^^^^^^^^^^^^^^^^^^^^^^
AttributeError: 'Member' object has no attribute 'timed_out_until'
Ignoring exception in on_member_update
Traceback (most recent call last):
  File "/usr/local/lib/python3.12/site-packages/discord/client.py", line 465, in _run_event
    await coro(*args, **kwargs)
  File "/app/asu_discord/cogs/analytics.py", line 652, in on_member_update
    before_timeout = before.timed_out_until
                     ^^^^^^^^^^^^^^^^^^^^^^
AttributeError: 'Member' object has no attribute 'timed_out_until'
Ignoring exception in on_member_update
Traceback (most recent call last):
  File "/usr/local/lib/python3.12/site-packages/discord/client.py", line 465, in _run_event
    await coro(*args, **kwargs)
  File "/app/asu_discord/cogs/analytics.py", line 652, in on_member_update
    before_timeout = before.timed_out_until
                     ^^^^^^^^^^^^^^^^^^^^^^
AttributeError: 'Member' object has no attribute 'timed_out_until'
Ignoring exception in on_member_update
Traceback (most recent call last):
  File "/usr/local/lib/python3.12/site-packages/discord/client.py", line 465, in _run_event
    await coro(*args, **kwargs)
  File "/app/asu_discord/cogs/analytics.py", line 652, in on_member_update
    before_timeout = before.timed_out_until
                     ^^^^^^^^^^^^^^^^^^^^^^
AttributeError: 'Member' object has no attribute 'timed_out_until'
Ignoring exception in on_member_update
Traceback (most recent call last):
  File "/usr/local/lib/python3.12/site-packages/discord/client.py", line 465, in _run_event
    await coro(*args, **kwargs)
  File "/app/asu_discord/cogs/analytics.py", line 652, in on_member_update
    before_timeout = before.timed_out_until
                     ^^^^^^^^^^^^^^^^^^^^^^
AttributeError: 'Member' object has no attribute 'timed_out_until'
Ignoring exception in on_member_update
Traceback (most recent call last):
  File "/usr/local/lib/python3.12/site-packages/discord/client.py", line 465, in _run_event
    await coro(*args, **kwargs)
  File "/app/asu_discord/cogs/analytics.py", line 652, in on_member_update
    before_timeout = before.timed_out_until
                     ^^^^^^^^^^^^^^^^^^^^^^
AttributeError: 'Member' object has no attribute 'timed_out_until'
Ignoring exception in on_member_update
Traceback (most recent call last):
  File "/usr/local/lib/python3.12/site-packages/discord/client.py", line 465, in _run_event
    await coro(*args, **kwargs)
  File "/app/asu_discord/cogs/analytics.py", line 652, in on_member_update
    before_timeout = before.timed_out_until
                     ^^^^^^^^^^^^^^^^^^^^^^
AttributeError: 'Member' object has no attribute 'timed_out_until'
Ignoring exception in on_member_update
Traceback (most recent call last):
  File "/usr/local/lib/python3.12/site-packages/discord/client.py", line 465, in _run_event
    await coro(*args, **kwargs)
  File "/app/asu_discord/cogs/analytics.py", line 652, in on_member_update
    before_timeout = before.timed_out_until
                     ^^^^^^^^^^^^^^^^^^^^^^
AttributeError: 'Member' object has no attribute 'timed_out_until'
Ignoring exception in on_member_update
Traceback (most recent call last):
  File "/usr/local/lib/python3.12/site-packages/discord/client.py", line 465, in _run_event
    await coro(*args, **kwargs)
  File "/app/asu_discord/cogs/analytics.py", line 652, in on_member_update
    before_timeout = before.timed_out_until
                     ^^^^^^^^^^^^^^^^^^^^^^
AttributeError: 'Member' object has no attribute 'timed_out_until'
ERROR:cron.jobs:refresh_salesforce_roles: failed for krichtmy (Discord ID 1466920678929465447): Timed out refresh Salesforce-based roles
Ignoring exception in on_member_update
Traceback (most recent call last):
  File "/usr/local/lib/python3.12/site-packages/discord/client.py", line 465, in _run_event
    await coro(*args, **kwargs)
  File "/app/asu_discord/cogs/analytics.py", line 652, in on_member_update
    before_timeout = before.timed_out_until
                     ^^^^^^^^^^^^^^^^^^^^^^
AttributeError: 'Member' object has no attribute 'timed_out_until'
Ignoring exception in on_member_update
Traceback (most recent call last):
  File "/usr/local/lib/python3.12/site-packages/discord/client.py", line 465, in _run_event
    await coro(*args, **kwargs)
  File "/app/asu_discord/cogs/analytics.py", line 652, in on_member_update
    before_timeout = before.timed_out_until
                     ^^^^^^^^^^^^^^^^^^^^^^
AttributeError: 'Member' object has no attribute 'timed_out_until'
Ignoring exception in on_member_update
Traceback (most recent call last):
  File "/usr/local/lib/python3.12/site-packages/discord/client.py", line 465, in _run_event
    await coro(*args, **kwargs)
  File "/app/asu_discord/cogs/analytics.py", line 652, in on_member_update
    before_timeout = before.timed_out_until
                     ^^^^^^^^^^^^^^^^^^^^^^
AttributeError: 'Member' object has no attribute 'timed_out_until'
Ignoring exception in on_member_update
Traceback (most recent call last):
  File "/usr/local/lib/python3.12/site-packages/discord/client.py", line 465, in _run_event
    await coro(*args, **kwargs)
  File "/app/asu_discord/cogs/analytics.py", line 652, in on_member_update
    before_timeout = before.timed_out_until
                     ^^^^^^^^^^^^^^^^^^^^^^
AttributeError: 'Member' object has no attribute 'timed_out_until'
Ignoring exception in on_member_update
Traceback (most recent call last):
  File "/usr/local/lib/python3.12/site-packages/discord/client.py", line 465, in _run_event
    await coro(*args, **kwargs)
  File "/app/asu_discord/cogs/analytics.py", line 652, in on_member_update
    before_timeout = before.timed_out_until
                     ^^^^^^^^^^^^^^^^^^^^^^
AttributeError: 'Member' object has no attribute 'timed_out_until'
Ignoring exception in on_member_update
Traceback (most recent call last):
  File "/usr/local/lib/python3.12/site-packages/discord/client.py", line 465, in _run_event
    await coro(*args, **kwargs)
  File "/app/asu_discord/cogs/analytics.py", line 652, in on_member_update
    before_timeout = before.timed_out_until
                     ^^^^^^^^^^^^^^^^^^^^^^
AttributeError: 'Member' object has no attribute 'timed_out_until'
Ignoring exception in on_member_update
Traceback (most recent call last):
  File "/usr/local/lib/python3.12/site-packages/discord/client.py", line 465, in _run_event
    await coro(*args, **kwargs)
  File "/app/asu_discord/cogs/analytics.py", line 652, in on_member_update
    before_timeout = before.timed_out_until
                     ^^^^^^^^^^^^^^^^^^^^^^
AttributeError: 'Member' object has no attribute 'timed_out_until'
Ignoring exception in on_member_update
Traceback (most recent call last):
  File "/usr/local/lib/python3.12/site-packages/discord/client.py", line 465, in _run_event
    await coro(*args, **kwargs)
  File "/app/asu_discord/cogs/analytics.py", line 652, in on_member_update
    before_timeout = before.timed_out_until
                     ^^^^^^^^^^^^^^^^^^^^^^
AttributeError: 'Member' object has no attribute 'timed_out_until'
Ignoring exception in on_member_update
Traceback (most recent call last):
  File "/usr/local/lib/python3.12/site-packages/discord/client.py", line 465, in _run_event
    await coro(*args, **kwargs)
  File "/app/asu_discord/cogs/analytics.py", line 652, in on_member_update
    before_timeout = before.timed_out_until
                     ^^^^^^^^^^^^^^^^^^^^^^
AttributeError: 'Member' object has no attribute 'timed_out_until'
Ignoring exception in on_member_update
Traceback (most recent call last):
  File "/usr/local/lib/python3.12/site-packages/discord/client.py", line 465, in _run_event
    await coro(*args, **kwargs)
  File "/app/asu_discord/cogs/analytics.py", line 652, in on_member_update
    before_timeout = before.timed_out_until
                     ^^^^^^^^^^^^^^^^^^^^^^
AttributeError: 'Member' object has no attribute 'timed_out_until'
INFO:asu_discord.cogs.verification:Saved 5 roles to database for user garaphae (Discord ID: 1465942545350656127)
INFO:asu_discord.cogs.verification:Refreshed Salesforce roles for Discord user 1465942545350656127: -5/+5 roles, assigned=[Commited, Downtown Phoenix, Edson College of Nursing and Health Innovation, First Year, Out of State]
Ignoring exception in on_member_update
Traceback (most recent call last):
  File "/usr/local/lib/python3.12/site-packages/discord/client.py", line 465, in _run_event
    await coro(*args, **kwargs)
  File "/app/asu_discord/cogs/analytics.py", line 652, in on_member_update
    before_timeout = before.timed_out_until
                     ^^^^^^^^^^^^^^^^^^^^^^
AttributeError: 'Member' object has no attribute 'timed_out_until'
Ignoring exception in on_member_update
Traceback (most recent call last):
  File "/usr/local/lib/python3.12/site-packages/discord/client.py", line 465, in _run_event
    await coro(*args, **kwargs)
  File "/app/asu_discord/cogs/analytics.py", line 652, in on_member_update
    before_timeout = before.timed_out_until
                     ^^^^^^^^^^^^^^^^^^^^^^
AttributeError: 'Member' object has no attribute 'timed_out_until'
Ignoring exception in on_member_update
Traceback (most recent call last):
  File "/usr/local/lib/python3.12/site-packages/discord/client.py", line 465, in _run_event
    await coro(*args, **kwargs)
  File "/app/asu_discord/cogs/analytics.py", line 652, in on_member_update
    before_timeout = before.timed_out_until
                     ^^^^^^^^^^^^^^^^^^^^^^
AttributeError: 'Member' object has no attribute 'timed_out_until'
Ignoring exception in on_member_update
Traceback (most recent call last):
  File "/usr/local/lib/python3.12/site-packages/discord/client.py", line 465, in _run_event
    await coro(*args, **kwargs)
  File "/app/asu_discord/cogs/analytics.py", line 652, in on_member_update
    before_timeout = before.timed_out_until
                     ^^^^^^^^^^^^^^^^^^^^^^
AttributeError: 'Member' object has no attribute 'timed_out_until'
Ignoring exception in on_member_update
Traceback (most recent call last):
  File "/usr/local/lib/python3.12/site-packages/discord/client.py", line 465, in _run_event
    await coro(*args, **kwargs)
  File "/app/asu_discord/cogs/analytics.py", line 652, in on_member_update
    before_timeout = before.timed_out_until
                     ^^^^^^^^^^^^^^^^^^^^^^
AttributeError: 'Member' object has no attribute 'timed_out_until'
Ignoring exception in on_member_update
Traceback (most recent call last):
  File "/usr/local/lib/python3.12/site-packages/discord/client.py", line 465, in _run_event
    await coro(*args, **kwargs)
  File "/app/asu_discord/cogs/analytics.py", line 652, in on_member_update
    before_timeout = before.timed_out_until
                     ^^^^^^^^^^^^^^^^^^^^^^
AttributeError: 'Member' object has no attribute 'timed_out_until'
Ignoring exception in on_member_update
Traceback (most recent call last):
  File "/usr/local/lib/python3.12/site-packages/discord/client.py", line 465, in _run_event
    await coro(*args, **kwargs)
  File "/app/asu_discord/cogs/analytics.py", line 652, in on_member_update
    before_timeout = before.timed_out_until
                     ^^^^^^^^^^^^^^^^^^^^^^
AttributeError: 'Member' object has no attribute 'timed_out_until'
Ignoring exception in on_member_update
Traceback (most recent call last):
  File "/usr/local/lib/python3.12/site-packages/discord/client.py", line 465, in _run_event
    await coro(*args, **kwargs)
  File "/app/asu_discord/cogs/analytics.py", line 652, in on_member_update
    before_timeout = before.timed_out_until
                     ^^^^^^^^^^^^^^^^^^^^^^
AttributeError: 'Member' object has no attribute 'timed_out_until'
Ignoring exception in on_member_update
Traceback (most recent call last):
  File "/usr/local/lib/python3.12/site-packages/discord/client.py", line 465, in _run_event
    await coro(*args, **kwargs)
  File "/app/asu_discord/cogs/analytics.py", line 652, in on_member_update
    before_timeout = before.timed_out_until
                     ^^^^^^^^^^^^^^^^^^^^^^
AttributeError: 'Member' object has no attribute 'timed_out_until'
INFO:asu_discord.cogs.verification:Saved 5 roles to database for user vsutherl (Discord ID: 1465788047433142578)
INFO:asu_discord.cogs.verification:Refreshed Salesforce roles for Discord user 1465788047433142578: -4/+5 roles, assigned=[College of Health Solutions, Commited, First Year, Out of State, Tempe]
Ignoring exception in on_member_update
Traceback (most recent call last):
  File "/usr/local/lib/python3.12/site-packages/discord/client.py", line 465, in _run_event
    await coro(*args, **kwargs)
  File "/app/asu_discord/cogs/analytics.py", line 652, in on_member_update
    before_timeout = before.timed_out_until
                     ^^^^^^^^^^^^^^^^^^^^^^
AttributeError: 'Member' object has no attribute 'timed_out_until'
Ignoring exception in on_member_update
Traceback (most recent call last):
  File "/usr/local/lib/python3.12/site-packages/discord/client.py", line 465, in _run_event
    await coro(*args, **kwargs)
  File "/app/asu_discord/cogs/analytics.py", line 652, in on_member_update
    before_timeout = before.timed_out_until
                     ^^^^^^^^^^^^^^^^^^^^^^
AttributeError: 'Member' object has no attribute 'timed_out_until'
Ignoring exception in on_member_update
Traceback (most recent call last):
  File "/usr/local/lib/python3.12/site-packages/discord/client.py", line 465, in _run_event
    await coro(*args, **kwargs)
  File "/app/asu_discord/cogs/analytics.py", line 652, in on_member_update
    before_timeout = before.timed_out_until
                     ^^^^^^^^^^^^^^^^^^^^^^
AttributeError: 'Member' object has no attribute 'timed_out_until'
Ignoring exception in on_member_update
Traceback (most recent call last):
  File "/usr/local/lib/python3.12/site-packages/discord/client.py", line 465, in _run_event
    await coro(*args, **kwargs)
  File "/app/asu_discord/cogs/analytics.py", line 652, in on_member_update
    before_timeout = before.timed_out_until
                     ^^^^^^^^^^^^^^^^^^^^^^
AttributeError: 'Member' object has no attribute 'timed_out_until'
Ignoring exception in on_member_update
Traceback (most recent call last):
  File "/usr/local/lib/python3.12/site-packages/discord/client.py", line 465, in _run_event
    await coro(*args, **kwargs)
  File "/app/asu_discord/cogs/analytics.py", line 652, in on_member_update
    before_timeout = before.timed_out_until
                     ^^^^^^^^^^^^^^^^^^^^^^
AttributeError: 'Member' object has no attribute 'timed_out_until'
Ignoring exception in on_member_update
Traceback (most recent call last):
  File "/usr/local/lib/python3.12/site-packages/discord/client.py", line 465, in _run_event
    await coro(*args, **kwargs)
  File "/app/asu_discord/cogs/analytics.py", line 652, in on_member_update
    before_timeout = before.timed_out_until
                     ^^^^^^^^^^^^^^^^^^^^^^
AttributeError: 'Member' object has no attribute 'timed_out_until'
Ignoring exception in on_member_update
Traceback (most recent call last):
  File "/usr/local/lib/python3.12/site-packages/discord/client.py", line 465, in _run_event
    await coro(*args, **kwargs)
  File "/app/asu_discord/cogs/analytics.py", line 652, in on_member_update
    before_timeout = before.timed_out_until
                     ^^^^^^^^^^^^^^^^^^^^^^
AttributeError: 'Member' object has no attribute 'timed_out_until'
Ignoring exception in on_member_update
Traceback (most recent call last):
  File "/usr/local/lib/python3.12/site-packages/discord/client.py", line 465, in _run_event
    await coro(*args, **kwargs)
  File "/app/asu_discord/cogs/analytics.py", line 652, in on_member_update
    before_timeout = before.timed_out_until
                     ^^^^^^^^^^^^^^^^^^^^^^
AttributeError: 'Member' object has no attribute 'timed_out_until'
Ignoring exception in on_member_update
Traceback (most recent call last):
  File "/usr/local/lib/python3.12/site-packages/discord/client.py", line 465, in _run_event
    await coro(*args, **kwargs)
  File "/app/asu_discord/cogs/analytics.py", line 652, in on_member_update
    before_timeout = before.timed_out_until
                     ^^^^^^^^^^^^^^^^^^^^^^
AttributeError: 'Member' object has no attribute 'timed_out_until'
Ignoring exception in on_member_update
Traceback (most recent call last):
  File "/usr/local/lib/python3.12/site-packages/discord/client.py", line 465, in _run_event
    await coro(*args, **kwargs)
  File "/app/asu_discord/cogs/analytics.py", line 652, in on_member_update
    before_timeout = before.timed_out_until
                     ^^^^^^^^^^^^^^^^^^^^^^
AttributeError: 'Member' object has no attribute 'timed_out_until'
ERROR:cron.jobs:refresh_salesforce_roles: failed for nevinxie (Discord ID 1005235696723820584): Timed out refresh Salesforce-based roles
Ignoring exception in on_member_update
Traceback (most recent call last):
  File "/usr/local/lib/python3.12/site-packages/discord/client.py", line 465, in _run_event
    await coro(*args, **kwargs)
  File "/app/asu_discord/cogs/analytics.py", line 652, in on_member_update
    before_timeout = before.timed_out_until
                     ^^^^^^^^^^^^^^^^^^^^^^
AttributeError: 'Member' object has no attribute 'timed_out_until'
Ignoring exception in on_member_update
Traceback (most recent call last):
  File "/usr/local/lib/python3.12/site-packages/discord/client.py", line 465, in _run_event
    await coro(*args, **kwargs)
  File "/app/asu_discord/cogs/analytics.py", line 652, in on_member_update
    before_timeout = before.timed_out_until
                     ^^^^^^^^^^^^^^^^^^^^^^
AttributeError: 'Member' object has no attribute 'timed_out_until'
Ignoring exception in on_member_update
Traceback (most recent call last):
  File "/usr/local/lib/python3.12/site-packages/discord/client.py", line 465, in _run_event
    await coro(*args, **kwargs)
  File "/app/asu_discord/cogs/analytics.py", line 652, in on_member_update
    before_timeout = before.timed_out_until
                     ^^^^^^^^^^^^^^^^^^^^^^
AttributeError: 'Member' object has no attribute 'timed_out_until'
Ignoring exception in on_member_update
Traceback (most recent call last):
  File "/usr/local/lib/python3.12/site-packages/discord/client.py", line 465, in _run_event
    await coro(*args, **kwargs)
  File "/app/asu_discord/cogs/analytics.py", line 652, in on_member_update
    before_timeout = before.timed_out_until
                     ^^^^^^^^^^^^^^^^^^^^^^
AttributeError: 'Member' object has no attribute 'timed_out_until'
Ignoring exception in on_member_update
Traceback (most recent call last):
  File "/usr/local/lib/python3.12/site-packages/discord/client.py", line 465, in _run_event
    await coro(*args, **kwargs)
  File "/app/asu_discord/cogs/analytics.py", line 652, in on_member_update
    before_timeout = before.timed_out_until
                     ^^^^^^^^^^^^^^^^^^^^^^
AttributeError: 'Member' object has no attribute 'timed_out_until'
Ignoring exception in on_member_update
Traceback (most recent call last):
  File "/usr/local/lib/python3.12/site-packages/discord/client.py", line 465, in _run_event
    await coro(*args, **kwargs)
  File "/app/asu_discord/cogs/analytics.py", line 652, in on_member_update
    before_timeout = before.timed_out_until
                     ^^^^^^^^^^^^^^^^^^^^^^
AttributeError: 'Member' object has no attribute 'timed_out_until'
Ignoring exception in on_member_update
Traceback (most recent call last):
  File "/usr/local/lib/python3.12/site-packages/discord/client.py", line 465, in _run_event
    await coro(*args, **kwargs)
  File "/app/asu_discord/cogs/analytics.py", line 652, in on_member_update
    before_timeout = before.timed_out_until
                     ^^^^^^^^^^^^^^^^^^^^^^
AttributeError: 'Member' object has no attribute 'timed_out_until'
Ignoring exception in on_member_update
Traceback (most recent call last):
  File "/usr/local/lib/python3.12/site-packages/discord/client.py", line 465, in _run_event
    await coro(*args, **kwargs)
  File "/app/asu_discord/cogs/analytics.py", line 652, in on_member_update
    before_timeout = before.timed_out_until
                     ^^^^^^^^^^^^^^^^^^^^^^
AttributeError: 'Member' object has no attribute 'timed_out_until'
Ignoring exception in on_member_update
Traceback (most recent call last):
  File "/usr/local/lib/python3.12/site-packages/discord/client.py", line 465, in _run_event
    await coro(*args, **kwargs)
  File "/app/asu_discord/cogs/analytics.py", line 652, in on_member_update
    before_timeout = before.timed_out_until
                     ^^^^^^^^^^^^^^^^^^^^^^
AttributeError: 'Member' object has no attribute 'timed_out_until'
Ignoring exception in on_member_update
Traceback (most recent call last):
  File "/usr/local/lib/python3.12/site-packages/discord/client.py", line 465, in _run_event
    await coro(*args, **kwargs)
  File "/app/asu_discord/cogs/analytics.py", line 652, in on_member_update
    before_timeout = before.timed_out_until
                     ^^^^^^^^^^^^^^^^^^^^^^
AttributeError: 'Member' object has no attribute 'timed_out_until'
Ignoring exception in on_member_update
Traceback (most recent call last):
  File "/usr/local/lib/python3.12/site-packages/discord/client.py", line 465, in _run_event
    await coro(*args, **kwargs)
  File "/app/asu_discord/cogs/analytics.py", line 652, in on_member_update
    before_timeout = before.timed_out_until
                     ^^^^^^^^^^^^^^^^^^^^^^
AttributeError: 'Member' object has no attribute 'timed_out_until'
ERROR:cron.jobs:refresh_salesforce_roles: failed for mjroven1 (Discord ID 1193323231944376392): Timed out refresh Salesforce-based roles
Ignoring exception in on_member_update
Traceback (most recent call last):
  File "/usr/local/lib/python3.12/site-packages/discord/client.py", line 465, in _run_event
    await coro(*args, **kwargs)
  File "/app/asu_discord/cogs/analytics.py", line 652, in on_member_update
    before_timeout = before.timed_out_until
                     ^^^^^^^^^^^^^^^^^^^^^^
AttributeError: 'Member' object has no attribute 'timed_out_until'
Ignoring exception in on_member_update
Traceback (most recent call last):
  File "/usr/local/lib/python3.12/site-packages/discord/client.py", line 465, in _run_event
    await coro(*args, **kwargs)
  File "/app/asu_discord/cogs/analytics.py", line 652, in on_member_update
    before_timeout = before.timed_out_until
                     ^^^^^^^^^^^^^^^^^^^^^^
AttributeError: 'Member' object has no attribute 'timed_out_until'
Ignoring exception in on_member_update
Traceback (most recent call last):
  File "/usr/local/lib/python3.12/site-packages/discord/client.py", line 465, in _run_event
    await coro(*args, **kwargs)
  File "/app/asu_discord/cogs/analytics.py", line 652, in on_member_update
    before_timeout = before.timed_out_until
                     ^^^^^^^^^^^^^^^^^^^^^^
AttributeError: 'Member' object has no attribute 'timed_out_until'
Ignoring exception in on_member_update
Traceback (most recent call last):
  File "/usr/local/lib/python3.12/site-packages/discord/client.py", line 465, in _run_event
    await coro(*args, **kwargs)
  File "/app/asu_discord/cogs/analytics.py", line 652, in on_member_update
    before_timeout = before.timed_out_until
                     ^^^^^^^^^^^^^^^^^^^^^^
AttributeError: 'Member' object has no attribute 'timed_out_until'
Ignoring exception in on_member_update
Traceback (most recent call last):
  File "/usr/local/lib/python3.12/site-packages/discord/client.py", line 465, in _run_event
    await coro(*args, **kwargs)
  File "/app/asu_discord/cogs/analytics.py", line 652, in on_member_update
    before_timeout = before.timed_out_until
                     ^^^^^^^^^^^^^^^^^^^^^^
AttributeError: 'Member' object has no attribute 'timed_out_until'
Ignoring exception in on_member_update
Traceback (most recent call last):
  File "/usr/local/lib/python3.12/site-packages/discord/client.py", line 465, in _run_event
    await coro(*args, **kwargs)
  File "/app/asu_discord/cogs/analytics.py", line 652, in on_member_update
    before_timeout = before.timed_out_until
                     ^^^^^^^^^^^^^^^^^^^^^^
AttributeError: 'Member' object has no attribute 'timed_out_until'
Ignoring exception in on_member_update
Traceback (most recent call last):
  File "/usr/local/lib/python3.12/site-packages/discord/client.py", line 465, in _run_event
    await coro(*args, **kwargs)
  File "/app/asu_discord/cogs/analytics.py", line 652, in on_member_update
    before_timeout = before.timed_out_until
                     ^^^^^^^^^^^^^^^^^^^^^^
AttributeError: 'Member' object has no attribute 'timed_out_until'
Ignoring exception in on_member_update
Traceback (most recent call last):
  File "/usr/local/lib/python3.12/site-packages/discord/client.py", line 465, in _run_event
    await coro(*args, **kwargs)
  File "/app/asu_discord/cogs/analytics.py", line 652, in on_member_update
    before_timeout = before.timed_out_until
                     ^^^^^^^^^^^^^^^^^^^^^^
AttributeError: 'Member' object has no attribute 'timed_out_until'
Ignoring exception in on_member_update
Traceback (most recent call last):
  File "/usr/local/lib/python3.12/site-packages/discord/client.py", line 465, in _run_event
    await coro(*args, **kwargs)
  File "/app/asu_discord/cogs/analytics.py", line 652, in on_member_update
    before_timeout = before.timed_out_until
                     ^^^^^^^^^^^^^^^^^^^^^^
AttributeError: 'Member' object has no attribute 'timed_out_until'
Ignoring exception in on_member_update
Traceback (most recent call last):
  File "/usr/local/lib/python3.12/site-packages/discord/client.py", line 465, in _run_event
    await coro(*args, **kwargs)
  File "/app/asu_discord/cogs/analytics.py", line 652, in on_member_update
    before_timeout = before.timed_out_until
                     ^^^^^^^^^^^^^^^^^^^^^^
AttributeError: 'Member' object has no attribute 'timed_out_until'
INFO:asu_discord.cogs.verification:Saved 5 roles to database for user prodri88 (Discord ID: 1138813836556767252)
INFO:asu_discord.cogs.verification:Refreshed Salesforce roles for Discord user 1138813836556767252: -5/+5 roles, assigned=[Arizona Resident, Commited, First Year, Herberger Institute for Design and the Arts, Tempe]
Ignoring exception in on_member_update
Traceback (most recent call last):
  File "/usr/local/lib/python3.12/site-packages/discord/client.py", line 465, in _run_event
    await coro(*args, **kwargs)
  File "/app/asu_discord/cogs/analytics.py", line 652, in on_member_update
    before_timeout = before.timed_out_until
                     ^^^^^^^^^^^^^^^^^^^^^^
AttributeError: 'Member' object has no attribute 'timed_out_until'
Ignoring exception in on_member_update
Traceback (most recent call last):
  File "/usr/local/lib/python3.12/site-packages/discord/client.py", line 465, in _run_event
    await coro(*args, **kwargs)
  File "/app/asu_discord/cogs/analytics.py", line 652, in on_member_update
    before_timeout = before.timed_out_until
                     ^^^^^^^^^^^^^^^^^^^^^^
AttributeError: 'Member' object has no attribute 'timed_out_until'
Ignoring exception in on_member_update
Traceback (most recent call last):
  File "/usr/local/lib/python3.12/site-packages/discord/client.py", line 465, in _run_event
    await coro(*args, **kwargs)
  File "/app/asu_discord/cogs/analytics.py", line 652, in on_member_update
    before_timeout = before.timed_out_until
                     ^^^^^^^^^^^^^^^^^^^^^^
AttributeError: 'Member' object has no attribute 'timed_out_until'
Ignoring exception in on_member_update
Traceback (most recent call last):
  File "/usr/local/lib/python3.12/site-packages/discord/client.py", line 465, in _run_event
    await coro(*args, **kwargs)
  File "/app/asu_discord/cogs/analytics.py", line 652, in on_member_update
    before_timeout = before.timed_out_until
                     ^^^^^^^^^^^^^^^^^^^^^^
AttributeError: 'Member' object has no attribute 'timed_out_until'
Ignoring exception in on_member_update
Traceback (most recent call last):
  File "/usr/local/lib/python3.12/site-packages/discord/client.py", line 465, in _run_event
    await coro(*args, **kwargs)
  File "/app/asu_discord/cogs/analytics.py", line 652, in on_member_update
    before_timeout = before.timed_out_until
                     ^^^^^^^^^^^^^^^^^^^^^^
AttributeError: 'Member' object has no attribute 'timed_out_until'
Ignoring exception in on_member_update
Traceback (most recent call last):
  File "/usr/local/lib/python3.12/site-packages/discord/client.py", line 465, in _run_event
    await coro(*args, **kwargs)
  File "/app/asu_discord/cogs/analytics.py", line 652, in on_member_update
    before_timeout = before.timed_out_until
                     ^^^^^^^^^^^^^^^^^^^^^^
AttributeError: 'Member' object has no attribute 'timed_out_until'
Ignoring exception in on_member_update
Traceback (most recent call last):
  File "/usr/local/lib/python3.12/site-packages/discord/client.py", line 465, in _run_event
    await coro(*args, **kwargs)
  File "/app/asu_discord/cogs/analytics.py", line 652, in on_member_update
    before_timeout = before.timed_out_until
                     ^^^^^^^^^^^^^^^^^^^^^^
AttributeError: 'Member' object has no attribute 'timed_out_until'
Ignoring exception in on_member_update
Traceback (most recent call last):
  File "/usr/local/lib/python3.12/site-packages/discord/client.py", line 465, in _run_event
    await coro(*args, **kwargs)
  File "/app/asu_discord/cogs/analytics.py", line 652, in on_member_update
    before_timeout = before.timed_out_until
                     ^^^^^^^^^^^^^^^^^^^^^^
AttributeError: 'Member' object has no attribute 'timed_out_until'
Ignoring exception in on_member_update
Traceback (most recent call last):
  File "/usr/local/lib/python3.12/site-packages/discord/client.py", line 465, in _run_event
    await coro(*args, **kwargs)
  File "/app/asu_discord/cogs/analytics.py", line 652, in on_member_update
    before_timeout = before.timed_out_until
                     ^^^^^^^^^^^^^^^^^^^^^^
AttributeError: 'Member' object has no attribute 'timed_out_until'
INFO:asu_discord.cogs.verification:Saved 5 roles to database for user jhuston9 (Discord ID: 1464065177010962453)
INFO:asu_discord.cogs.verification:Refreshed Salesforce roles for Discord user 1464065177010962453: -4/+5 roles, assigned=[Arizona Resident, Commited, First Year, Tempe, W.P. Carey School of Business]
ERROR:cron.jobs:refresh_salesforce_roles: failed for wfyoung (Discord ID 696846028686622792): Failed to refresh Salesforce-based roles: Discord user 696846028686622792 is not a member of the guild
Ignoring exception in on_member_update
Traceback (most recent call last):
  File "/usr/local/lib/python3.12/site-packages/discord/client.py", line 465, in _run_event
    await coro(*args, **kwargs)
  File "/app/asu_discord/cogs/analytics.py", line 652, in on_member_update
    before_timeout = before.timed_out_until
                     ^^^^^^^^^^^^^^^^^^^^^^
AttributeError: 'Member' object has no attribute 'timed_out_until'
Ignoring exception in on_member_update
Traceback (most recent call last):
  File "/usr/local/lib/python3.12/site-packages/discord/client.py", line 465, in _run_event
    await coro(*args, **kwargs)
  File "/app/asu_discord/cogs/analytics.py", line 652, in on_member_update
    before_timeout = before.timed_out_until
                     ^^^^^^^^^^^^^^^^^^^^^^
AttributeError: 'Member' object has no attribute 'timed_out_until'
Ignoring exception in on_member_update
Traceback (most recent call last):
  File "/usr/local/lib/python3.12/site-packages/discord/client.py", line 465, in _run_event
    await coro(*args, **kwargs)
  File "/app/asu_discord/cogs/analytics.py", line 652, in on_member_update
    before_timeout = before.timed_out_until
                     ^^^^^^^^^^^^^^^^^^^^^^
AttributeError: 'Member' object has no attribute 'timed_out_until'
Ignoring exception in on_member_update
Traceback (most recent call last):
  File "/usr/local/lib/python3.12/site-packages/discord/client.py", line 465, in _run_event
    await coro(*args, **kwargs)
  File "/app/asu_discord/cogs/analytics.py", line 652, in on_member_update
    before_timeout = before.timed_out_until
                     ^^^^^^^^^^^^^^^^^^^^^^
AttributeError: 'Member' object has no attribute 'timed_out_until'
Ignoring exception in on_member_update
Traceback (most recent call last):
  File "/usr/local/lib/python3.12/site-packages/discord/client.py", line 465, in _run_event
    await coro(*args, **kwargs)
  File "/app/asu_discord/cogs/analytics.py", line 652, in on_member_update
    before_timeout = before.timed_out_until
                     ^^^^^^^^^^^^^^^^^^^^^^
AttributeError: 'Member' object has no attribute 'timed_out_until'
Ignoring exception in on_member_update
Traceback (most recent call last):
  File "/usr/local/lib/python3.12/site-packages/discord/client.py", line 465, in _run_event
    await coro(*args, **kwargs)
  File "/app/asu_discord/cogs/analytics.py", line 652, in on_member_update
    before_timeout = before.timed_out_until
                     ^^^^^^^^^^^^^^^^^^^^^^
AttributeError: 'Member' object has no attribute 'timed_out_until'
Ignoring exception in on_member_update
Traceback (most recent call last):
  File "/usr/local/lib/python3.12/site-packages/discord/client.py", line 465, in _run_event
    await coro(*args, **kwargs)
  File "/app/asu_discord/cogs/analytics.py", line 652, in on_member_update
    before_timeout = before.timed_out_until
                     ^^^^^^^^^^^^^^^^^^^^^^
AttributeError: 'Member' object has no attribute 'timed_out_until'
Ignoring exception in on_member_update
Traceback (most recent call last):
  File "/usr/local/lib/python3.12/site-packages/discord/client.py", line 465, in _run_event
    await coro(*args, **kwargs)
  File "/app/asu_discord/cogs/analytics.py", line 652, in on_member_update
    before_timeout = before.timed_out_until
                     ^^^^^^^^^^^^^^^^^^^^^^
AttributeError: 'Member' object has no attribute 'timed_out_until'
INFO:asu_discord.cogs.verification:Saved 4 roles to database for user guanche5 (Discord ID: 783554352496640003)
INFO:asu_discord.cogs.verification:Refreshed Salesforce roles for Discord user 783554352496640003: -4/+4 roles, assigned=[Graduate Student, International Student, Ira A. Fulton Schools of Engineering, Tempe]
ERROR:cron.jobs:refresh_salesforce_roles: failed for mrlecomp (Discord ID 1069438358603976786): Failed to refresh Salesforce-based roles: Discord user 1069438358603976786 is not a member of the guild
Ignoring exception in on_member_update
Traceback (most recent call last):
  File "/usr/local/lib/python3.12/site-packages/discord/client.py", line 465, in _run_event
    await coro(*args, **kwargs)
  File "/app/asu_discord/cogs/analytics.py", line 652, in on_member_update
    before_timeout = before.timed_out_until
                     ^^^^^^^^^^^^^^^^^^^^^^
AttributeError: 'Member' object has no attribute 'timed_out_until'
Ignoring exception in on_member_update
Traceback (most recent call last):
  File "/usr/local/lib/python3.12/site-packages/discord/client.py", line 465, in _run_event
    await coro(*args, **kwargs)
  File "/app/asu_discord/cogs/analytics.py", line 652, in on_member_update
    before_timeout = before.timed_out_until
                     ^^^^^^^^^^^^^^^^^^^^^^
AttributeError: 'Member' object has no attribute 'timed_out_until'
Ignoring exception in on_member_update
Traceback (most recent call last):
  File "/usr/local/lib/python3.12/site-packages/discord/client.py", line 465, in _run_event
    await coro(*args, **kwargs)
  File "/app/asu_discord/cogs/analytics.py", line 652, in on_member_update
    before_timeout = before.timed_out_until
                     ^^^^^^^^^^^^^^^^^^^^^^
AttributeError: 'Member' object has no attribute 'timed_out_until'
Ignoring exception in on_member_update
Traceback (most recent call last):
  File "/usr/local/lib/python3.12/site-packages/discord/client.py", line 465, in _run_event
    await coro(*args, **kwargs)
  File "/app/asu_discord/cogs/analytics.py", line 652, in on_member_update
    before_timeout = before.timed_out_until
                     ^^^^^^^^^^^^^^^^^^^^^^
AttributeError: 'Member' object has no attribute 'timed_out_until'
Ignoring exception in on_member_update
Traceback (most recent call last):
  File "/usr/local/lib/python3.12/site-packages/discord/client.py", line 465, in _run_event
    await coro(*args, **kwargs)
  File "/app/asu_discord/cogs/analytics.py", line 652, in on_member_update
    before_timeout = before.timed_out_until
                     ^^^^^^^^^^^^^^^^^^^^^^
AttributeError: 'Member' object has no attribute 'timed_out_until'
Ignoring exception in on_member_update
Traceback (most recent call last):
  File "/usr/local/lib/python3.12/site-packages/discord/client.py", line 465, in _run_event
    await coro(*args, **kwargs)
  File "/app/asu_discord/cogs/analytics.py", line 652, in on_member_update
    before_timeout = before.timed_out_until
                     ^^^^^^^^^^^^^^^^^^^^^^
AttributeError: 'Member' object has no attribute 'timed_out_until'
Ignoring exception in on_member_update
Traceback (most recent call last):
  File "/usr/local/lib/python3.12/site-packages/discord/client.py", line 465, in _run_event
    await coro(*args, **kwargs)
  File "/app/asu_discord/cogs/analytics.py", line 652, in on_member_update
    before_timeout = before.timed_out_until
                     ^^^^^^^^^^^^^^^^^^^^^^
AttributeError: 'Member' object has no attribute 'timed_out_until'
Ignoring exception in on_member_update
Traceback (most recent call last):
  File "/usr/local/lib/python3.12/site-packages/discord/client.py", line 465, in _run_event
    await coro(*args, **kwargs)
  File "/app/asu_discord/cogs/analytics.py", line 652, in on_member_update
    before_timeout = before.timed_out_until
                     ^^^^^^^^^^^^^^^^^^^^^^
AttributeError: 'Member' object has no attribute 'timed_out_until'
Ignoring exception in on_member_update
Traceback (most recent call last):
  File "/usr/local/lib/python3.12/site-packages/discord/client.py", line 465, in _run_event
    await coro(*args, **kwargs)
  File "/app/asu_discord/cogs/analytics.py", line 652, in on_member_update
    before_timeout = before.timed_out_until
                     ^^^^^^^^^^^^^^^^^^^^^^
AttributeError: 'Member' object has no attribute 'timed_out_until'
Ignoring exception in on_member_update
Traceback (most recent call last):
  File "/usr/local/lib/python3.12/site-packages/discord/client.py", line 465, in _run_event
    await coro(*args, **kwargs)
  File "/app/asu_discord/cogs/analytics.py", line 652, in on_member_update
    before_timeout = before.timed_out_until
                     ^^^^^^^^^^^^^^^^^^^^^^
AttributeError: 'Member' object has no attribute 'timed_out_until'
Ignoring exception in on_member_update
Traceback (most recent call last):
  File "/usr/local/lib/python3.12/site-packages/discord/client.py", line 465, in _run_event
    await coro(*args, **kwargs)
  File "/app/asu_discord/cogs/analytics.py", line 652, in on_member_update
    before_timeout = before.timed_out_until
                     ^^^^^^^^^^^^^^^^^^^^^^
AttributeError: 'Member' object has no attribute 'timed_out_until'
Ignoring exception in on_member_update
Traceback (most recent call last):
  File "/usr/local/lib/python3.12/site-packages/discord/client.py", line 465, in _run_event
    await coro(*args, **kwargs)
  File "/app/asu_discord/cogs/analytics.py", line 652, in on_member_update
    before_timeout = before.timed_out_until
                     ^^^^^^^^^^^^^^^^^^^^^^
AttributeError: 'Member' object has no attribute 'timed_out_until'
INFO:asu_discord.cogs.verification:Saved 6 roles to database for user agnguye2 (Discord ID: 591392019256049711)
INFO:asu_discord.cogs.verification:Refreshed Salesforce roles for Discord user 591392019256049711: -6/+6 roles, assigned=[Arizona Resident, Commited, First Generation Student, First Year, New College of Interdisciplinary Arts and Sciences, West Valley]
Ignoring exception in on_member_update
Traceback (most recent call last):
  File "/usr/local/lib/python3.12/site-packages/discord/client.py", line 465, in _run_event
    await coro(*args, **kwargs)
  File "/app/asu_discord/cogs/analytics.py", line 652, in on_member_update
    before_timeout = before.timed_out_until
                     ^^^^^^^^^^^^^^^^^^^^^^
AttributeError: 'Member' object has no attribute 'timed_out_until'
Ignoring exception in on_member_update
Traceback (most recent call last):
  File "/usr/local/lib/python3.12/site-packages/discord/client.py", line 465, in _run_event
    await coro(*args, **kwargs)
  File "/app/asu_discord/cogs/analytics.py", line 652, in on_member_update
    before_timeout = before.timed_out_until
                     ^^^^^^^^^^^^^^^^^^^^^^
AttributeError: 'Member' object has no attribute 'timed_out_until'
Ignoring exception in on_member_update
Traceback (most recent call last):
  File "/usr/local/lib/python3.12/site-packages/discord/client.py", line 465, in _run_event
    await coro(*args, **kwargs)
  File "/app/asu_discord/cogs/analytics.py", line 652, in on_member_update
    before_timeout = before.timed_out_until
                     ^^^^^^^^^^^^^^^^^^^^^^
AttributeError: 'Member' object has no attribute 'timed_out_until'
Ignoring exception in on_member_update
Traceback (most recent call last):
  File "/usr/local/lib/python3.12/site-packages/discord/client.py", line 465, in _run_event
    await coro(*args, **kwargs)
  File "/app/asu_discord/cogs/analytics.py", line 652, in on_member_update
    before_timeout = before.timed_out_until
                     ^^^^^^^^^^^^^^^^^^^^^^
AttributeError: 'Member' object has no attribute 'timed_out_until'
Ignoring exception in on_member_update
Traceback (most recent call last):
  File "/usr/local/lib/python3.12/site-packages/discord/client.py", line 465, in _run_event
    await coro(*args, **kwargs)
  File "/app/asu_discord/cogs/analytics.py", line 652, in on_member_update
    before_timeout = before.timed_out_until
                     ^^^^^^^^^^^^^^^^^^^^^^
AttributeError: 'Member' object has no attribute 'timed_out_until'
Ignoring exception in on_member_update
Traceback (most recent call last):
  File "/usr/local/lib/python3.12/site-packages/discord/client.py", line 465, in _run_event
    await coro(*args, **kwargs)
  File "/app/asu_discord/cogs/analytics.py", line 652, in on_member_update
    before_timeout = before.timed_out_until
                     ^^^^^^^^^^^^^^^^^^^^^^
AttributeError: 'Member' object has no attribute 'timed_out_until'
Ignoring exception in on_member_update
Traceback (most recent call last):
  File "/usr/local/lib/python3.12/site-packages/discord/client.py", line 465, in _run_event
    await coro(*args, **kwargs)
  File "/app/asu_discord/cogs/analytics.py", line 652, in on_member_update
    before_timeout = before.timed_out_until
                     ^^^^^^^^^^^^^^^^^^^^^^
AttributeError: 'Member' object has no attribute 'timed_out_until'
Ignoring exception in on_member_update
Traceback (most recent call last):
  File "/usr/local/lib/python3.12/site-packages/discord/client.py", line 465, in _run_event
    await coro(*args, **kwargs)
  File "/app/asu_discord/cogs/analytics.py", line 652, in on_member_update
    before_timeout = before.timed_out_until
                     ^^^^^^^^^^^^^^^^^^^^^^
AttributeError: 'Member' object has no attribute 'timed_out_until'
Ignoring exception in on_member_update
Traceback (most recent call last):
  File "/usr/local/lib/python3.12/site-packages/discord/client.py", line 465, in _run_event
    await coro(*args, **kwargs)
  File "/app/asu_discord/cogs/analytics.py", line 652, in on_member_update
    before_timeout = before.timed_out_until
                     ^^^^^^^^^^^^^^^^^^^^^^
AttributeError: 'Member' object has no attribute 'timed_out_until'
INFO:asu_discord.cogs.verification:Saved 5 roles to database for user skarna13 (Discord ID: 798718132532674570)
INFO:asu_discord.cogs.verification:Refreshed Salesforce roles for Discord user 798718132532674570: -4/+5 roles, assigned=[Arizona Resident, First Generation Student, First Year, Ira A. Fulton Schools of Engineering, Tempe]
Ignoring exception in on_member_update
Traceback (most recent call last):
  File "/usr/local/lib/python3.12/site-packages/discord/client.py", line 465, in _run_event
    await coro(*args, **kwargs)
  File "/app/asu_discord/cogs/analytics.py", line 652, in on_member_update
    before_timeout = before.timed_out_until
                     ^^^^^^^^^^^^^^^^^^^^^^
AttributeError: 'Member' object has no attribute 'timed_out_until'
Ignoring exception in on_member_update
Traceback (most recent call last):
  File "/usr/local/lib/python3.12/site-packages/discord/client.py", line 465, in _run_event
    await coro(*args, **kwargs)
  File "/app/asu_discord/cogs/analytics.py", line 652, in on_member_update
    before_timeout = before.timed_out_until
                     ^^^^^^^^^^^^^^^^^^^^^^
AttributeError: 'Member' object has no attribute 'timed_out_until'
Ignoring exception in on_member_update
Traceback (most recent call last):
  File "/usr/local/lib/python3.12/site-packages/discord/client.py", line 465, in _run_event
    await coro(*args, **kwargs)
  File "/app/asu_discord/cogs/analytics.py", line 652, in on_member_update
    before_timeout = before.timed_out_until
                     ^^^^^^^^^^^^^^^^^^^^^^
AttributeError: 'Member' object has no attribute 'timed_out_until'
Ignoring exception in on_member_update
Traceback (most recent call last):
  File "/usr/local/lib/python3.12/site-packages/discord/client.py", line 465, in _run_event
    await coro(*args, **kwargs)
  File "/app/asu_discord/cogs/analytics.py", line 652, in on_member_update
    before_timeout = before.timed_out_until
                     ^^^^^^^^^^^^^^^^^^^^^^
AttributeError: 'Member' object has no attribute 'timed_out_until'
Ignoring exception in on_member_update
Traceback (most recent call last):
  File "/usr/local/lib/python3.12/site-packages/discord/client.py", line 465, in _run_event
    await coro(*args, **kwargs)
  File "/app/asu_discord/cogs/analytics.py", line 652, in on_member_update
    before_timeout = before.timed_out_until
                     ^^^^^^^^^^^^^^^^^^^^^^
AttributeError: 'Member' object has no attribute 'timed_out_until'
Ignoring exception in on_member_update
Traceback (most recent call last):
  File "/usr/local/lib/python3.12/site-packages/discord/client.py", line 465, in _run_event
    await coro(*args, **kwargs)
  File "/app/asu_discord/cogs/analytics.py", line 652, in on_member_update
    before_timeout = before.timed_out_until
                     ^^^^^^^^^^^^^^^^^^^^^^
AttributeError: 'Member' object has no attribute 'timed_out_until'
Ignoring exception in on_member_update
Traceback (most recent call last):
  File "/usr/local/lib/python3.12/site-packages/discord/client.py", line 465, in _run_event
    await coro(*args, **kwargs)
  File "/app/asu_discord/cogs/analytics.py", line 652, in on_member_update
    before_timeout = before.timed_out_until
                     ^^^^^^^^^^^^^^^^^^^^^^
AttributeError: 'Member' object has no attribute 'timed_out_until'
Ignoring exception in on_member_update
Traceback (most recent call last):
  File "/usr/local/lib/python3.12/site-packages/discord/client.py", line 465, in _run_event
    await coro(*args, **kwargs)
  File "/app/asu_discord/cogs/analytics.py", line 652, in on_member_update
    before_timeout = before.timed_out_until
                     ^^^^^^^^^^^^^^^^^^^^^^
AttributeError: 'Member' object has no attribute 'timed_out_until'
Ignoring exception in on_member_update
Traceback (most recent call last):
  File "/usr/local/lib/python3.12/site-packages/discord/client.py", line 465, in _run_event
    await coro(*args, **kwargs)
  File "/app/asu_discord/cogs/analytics.py", line 652, in on_member_update
    before_timeout = before.timed_out_until
                     ^^^^^^^^^^^^^^^^^^^^^^
AttributeError: 'Member' object has no attribute 'timed_out_until'
Ignoring exception in on_member_update
Traceback (most recent call last):
  File "/usr/local/lib/python3.12/site-packages/discord/client.py", line 465, in _run_event
    await coro(*args, **kwargs)
  File "/app/asu_discord/cogs/analytics.py", line 652, in on_member_update
    before_timeout = before.timed_out_until
                     ^^^^^^^^^^^^^^^^^^^^^^
AttributeError: 'Member' object has no attribute 'timed_out_until'
INFO:asu_discord.cogs.verification:Saved 5 roles to database for user hpradha3 (Discord ID: 399993400104845313)
INFO:asu_discord.cogs.verification:Refreshed Salesforce roles for Discord user 399993400104845313: -5/+5 roles, assigned=[Commited, Graduate Student, International Student, Ira A. Fulton Schools of Engineering, Tempe]
Ignoring exception in on_member_update
Traceback (most recent call last):
  File "/usr/local/lib/python3.12/site-packages/discord/client.py", line 465, in _run_event
    await coro(*args, **kwargs)
  File "/app/asu_discord/cogs/analytics.py", line 652, in on_member_update
    before_timeout = before.timed_out_until
                     ^^^^^^^^^^^^^^^^^^^^^^
AttributeError: 'Member' object has no attribute 'timed_out_until'
Ignoring exception in on_member_update
Traceback (most recent call last):
  File "/usr/local/lib/python3.12/site-packages/discord/client.py", line 465, in _run_event
    await coro(*args, **kwargs)
  File "/app/asu_discord/cogs/analytics.py", line 652, in on_member_update
    before_timeout = before.timed_out_until
                     ^^^^^^^^^^^^^^^^^^^^^^
AttributeError: 'Member' object has no attribute 'timed_out_until'
Ignoring exception in on_member_update
Traceback (most recent call last):
  File "/usr/local/lib/python3.12/site-packages/discord/client.py", line 465, in _run_event
    await coro(*args, **kwargs)
  File "/app/asu_discord/cogs/analytics.py", line 652, in on_member_update
    before_timeout = before.timed_out_until
                     ^^^^^^^^^^^^^^^^^^^^^^
AttributeError: 'Member' object has no attribute 'timed_out_until'
Ignoring exception in on_member_update
Traceback (most recent call last):
  File "/usr/local/lib/python3.12/site-packages/discord/client.py", line 465, in _run_event
    await coro(*args, **kwargs)
  File "/app/asu_discord/cogs/analytics.py", line 652, in on_member_update
    before_timeout = before.timed_out_until
                     ^^^^^^^^^^^^^^^^^^^^^^
AttributeError: 'Member' object has no attribute 'timed_out_until'
Ignoring exception in on_member_update
Traceback (most recent call last):
  File "/usr/local/lib/python3.12/site-packages/discord/client.py", line 465, in _run_event
    await coro(*args, **kwargs)
  File "/app/asu_discord/cogs/analytics.py", line 652, in on_member_update
    before_timeout = before.timed_out_until
                     ^^^^^^^^^^^^^^^^^^^^^^
AttributeError: 'Member' object has no attribute 'timed_out_until'
Ignoring exception in on_member_update
Traceback (most recent call last):
  File "/usr/local/lib/python3.12/site-packages/discord/client.py", line 465, in _run_event
    await coro(*args, **kwargs)
  File "/app/asu_discord/cogs/analytics.py", line 652, in on_member_update
    before_timeout = before.timed_out_until
                     ^^^^^^^^^^^^^^^^^^^^^^
AttributeError: 'Member' object has no attribute 'timed_out_until'
Ignoring exception in on_member_update
Traceback (most recent call last):
  File "/usr/local/lib/python3.12/site-packages/discord/client.py", line 465, in _run_event
    await coro(*args, **kwargs)
  File "/app/asu_discord/cogs/analytics.py", line 652, in on_member_update
    before_timeout = before.timed_out_until
                     ^^^^^^^^^^^^^^^^^^^^^^
AttributeError: 'Member' object has no attribute 'timed_out_until'
Ignoring exception in on_member_update
Traceback (most recent call last):
  File "/usr/local/lib/python3.12/site-packages/discord/client.py", line 465, in _run_event
    await coro(*args, **kwargs)
  File "/app/asu_discord/cogs/analytics.py", line 652, in on_member_update
    before_timeout = before.timed_out_until
                     ^^^^^^^^^^^^^^^^^^^^^^
AttributeError: 'Member' object has no attribute 'timed_out_until'
Ignoring exception in on_member_update
Traceback (most recent call last):
  File "/usr/local/lib/python3.12/site-packages/discord/client.py", line 465, in _run_event
    await coro(*args, **kwargs)
  File "/app/asu_discord/cogs/analytics.py", line 652, in on_member_update
    before_timeout = before.timed_out_until
                     ^^^^^^^^^^^^^^^^^^^^^^
AttributeError: 'Member' object has no attribute 'timed_out_until'
Ignoring exception in on_member_update
Traceback (most recent call last):
  File "/usr/local/lib/python3.12/site-packages/discord/client.py", line 465, in _run_event
    await coro(*args, **kwargs)
  File "/app/asu_discord/cogs/analytics.py", line 652, in on_member_update
    before_timeout = before.timed_out_until
                     ^^^^^^^^^^^^^^^^^^^^^^
AttributeError: 'Member' object has no attribute 'timed_out_until'
INFO:asu_discord.cogs.verification:Saved 5 roles to database for user njuban (Discord ID: 797665418704846889)
INFO:asu_discord.cogs.verification:Refreshed Salesforce roles for Discord user 797665418704846889: -5/+5 roles, assigned=[Arizona Resident, Commited, First Year, Tempe, Thunderbird School of Global Management]
Ignoring exception in on_member_update
Traceback (most recent call last):
  File "/usr/local/lib/python3.12/site-packages/discord/client.py", line 465, in _run_event
    await coro(*args, **kwargs)
  File "/app/asu_discord/cogs/analytics.py", line 652, in on_member_update
    before_timeout = before.timed_out_until
                     ^^^^^^^^^^^^^^^^^^^^^^
AttributeError: 'Member' object has no attribute 'timed_out_until'
Ignoring exception in on_member_update
Traceback (most recent call last):
  File "/usr/local/lib/python3.12/site-packages/discord/client.py", line 465, in _run_event
    await coro(*args, **kwargs)
  File "/app/asu_discord/cogs/analytics.py", line 652, in on_member_update
    before_timeout = before.timed_out_until
                     ^^^^^^^^^^^^^^^^^^^^^^
AttributeError: 'Member' object has no attribute 'timed_out_until'
Ignoring exception in on_member_update
Traceback (most recent call last):
  File "/usr/local/lib/python3.12/site-packages/discord/client.py", line 465, in _run_event
    await coro(*args, **kwargs)
  File "/app/asu_discord/cogs/analytics.py", line 652, in on_member_update
    before_timeout = before.timed_out_until
                     ^^^^^^^^^^^^^^^^^^^^^^
AttributeError: 'Member' object has no attribute 'timed_out_until'
Ignoring exception in on_member_update
Traceback (most recent call last):
  File "/usr/local/lib/python3.12/site-packages/discord/client.py", line 465, in _run_event
    await coro(*args, **kwargs)
  File "/app/asu_discord/cogs/analytics.py", line 652, in on_member_update
    before_timeout = before.timed_out_until
                     ^^^^^^^^^^^^^^^^^^^^^^
AttributeError: 'Member' object has no attribute 'timed_out_until'
Ignoring exception in on_member_update
Traceback (most recent call last):
  File "/usr/local/lib/python3.12/site-packages/discord/client.py", line 465, in _run_event
    await coro(*args, **kwargs)
  File "/app/asu_discord/cogs/analytics.py", line 652, in on_member_update
    before_timeout = before.timed_out_until
                     ^^^^^^^^^^^^^^^^^^^^^^
AttributeError: 'Member' object has no attribute 'timed_out_until'
Ignoring exception in on_member_update
Traceback (most recent call last):
  File "/usr/local/lib/python3.12/site-packages/discord/client.py", line 465, in _run_event
    await coro(*args, **kwargs)
  File "/app/asu_discord/cogs/analytics.py", line 652, in on_member_update
    before_timeout = before.timed_out_until
                     ^^^^^^^^^^^^^^^^^^^^^^
AttributeError: 'Member' object has no attribute 'timed_out_until'
Ignoring exception in on_member_update
Traceback (most recent call last):
  File "/usr/local/lib/python3.12/site-packages/discord/client.py", line 465, in _run_event
    await coro(*args, **kwargs)
  File "/app/asu_discord/cogs/analytics.py", line 652, in on_member_update
    before_timeout = before.timed_out_until
                     ^^^^^^^^^^^^^^^^^^^^^^
AttributeError: 'Member' object has no attribute 'timed_out_until'
Ignoring exception in on_member_update
Traceback (most recent call last):
  File "/usr/local/lib/python3.12/site-packages/discord/client.py", line 465, in _run_event
    await coro(*args, **kwargs)
  File "/app/asu_discord/cogs/analytics.py", line 652, in on_member_update
    before_timeout = before.timed_out_until
                     ^^^^^^^^^^^^^^^^^^^^^^
AttributeError: 'Member' object has no attribute 'timed_out_until'
Ignoring exception in on_member_update
Traceback (most recent call last):
  File "/usr/local/lib/python3.12/site-packages/discord/client.py", line 465, in _run_event
    await coro(*args, **kwargs)
  File "/app/asu_discord/cogs/analytics.py", line 652, in on_member_update
    before_timeout = before.timed_out_until
                     ^^^^^^^^^^^^^^^^^^^^^^
AttributeError: 'Member' object has no attribute 'timed_out_until'
Ignoring exception in on_member_update
Traceback (most recent call last):
  File "/usr/local/lib/python3.12/site-packages/discord/client.py", line 465, in _run_event
    await coro(*args, **kwargs)
  File "/app/asu_discord/cogs/analytics.py", line 652, in on_member_update
    before_timeout = before.timed_out_until
                     ^^^^^^^^^^^^^^^^^^^^^^
AttributeError: 'Member' object has no attribute 'timed_out_until'
INFO:asu_discord.cogs.verification:Saved 5 roles to database for user kqpham1 (Discord ID: 466936933348540426)
INFO:asu_discord.cogs.verification:Refreshed Salesforce roles for Discord user 466936933348540426: -5/+5 roles, assigned=[Arizona Resident, Commited, Downtown Phoenix, Edson College of Nursing and Health Innovation, First Year]
Ignoring exception in on_member_update
Traceback (most recent call last):
  File "/usr/local/lib/python3.12/site-packages/discord/client.py", line 465, in _run_event
    await coro(*args, **kwargs)
  File "/app/asu_discord/cogs/analytics.py", line 652, in on_member_update
    before_timeout = before.timed_out_until
                     ^^^^^^^^^^^^^^^^^^^^^^
AttributeError: 'Member' object has no attribute 'timed_out_until'
Ignoring exception in on_member_update
Traceback (most recent call last):
  File "/usr/local/lib/python3.12/site-packages/discord/client.py", line 465, in _run_event
    await coro(*args, **kwargs)
  File "/app/asu_discord/cogs/analytics.py", line 652, in on_member_update
    before_timeout = before.timed_out_until
                     ^^^^^^^^^^^^^^^^^^^^^^
AttributeError: 'Member' object has no attribute 'timed_out_until'
Ignoring exception in on_member_update
Traceback (most recent call last):
  File "/usr/local/lib/python3.12/site-packages/discord/client.py", line 465, in _run_event
    await coro(*args, **kwargs)
  File "/app/asu_discord/cogs/analytics.py", line 652, in on_member_update
    before_timeout = before.timed_out_until
                     ^^^^^^^^^^^^^^^^^^^^^^
AttributeError: 'Member' object has no attribute 'timed_out_until'
Ignoring exception in on_member_update
Traceback (most recent call last):
  File "/usr/local/lib/python3.12/site-packages/discord/client.py", line 465, in _run_event
    await coro(*args, **kwargs)
  File "/app/asu_discord/cogs/analytics.py", line 652, in on_member_update
    before_timeout = before.timed_out_until
                     ^^^^^^^^^^^^^^^^^^^^^^
AttributeError: 'Member' object has no attribute 'timed_out_until'
Ignoring exception in on_member_update
Traceback (most recent call last):
  File "/usr/local/lib/python3.12/site-packages/discord/client.py", line 465, in _run_event
    await coro(*args, **kwargs)
  File "/app/asu_discord/cogs/analytics.py", line 652, in on_member_update
    before_timeout = before.timed_out_until
                     ^^^^^^^^^^^^^^^^^^^^^^
AttributeError: 'Member' object has no attribute 'timed_out_until'
Ignoring exception in on_member_update
Traceback (most recent call last):
  File "/usr/local/lib/python3.12/site-packages/discord/client.py", line 465, in _run_event
    await coro(*args, **kwargs)
  File "/app/asu_discord/cogs/analytics.py", line 652, in on_member_update
    before_timeout = before.timed_out_until
                     ^^^^^^^^^^^^^^^^^^^^^^
AttributeError: 'Member' object has no attribute 'timed_out_until'
Ignoring exception in on_member_update
Traceback (most recent call last):
  File "/usr/local/lib/python3.12/site-packages/discord/client.py", line 465, in _run_event
    await coro(*args, **kwargs)
  File "/app/asu_discord/cogs/analytics.py", line 652, in on_member_update
    before_timeout = before.timed_out_until
                     ^^^^^^^^^^^^^^^^^^^^^^
AttributeError: 'Member' object has no attribute 'timed_out_until'
Ignoring exception in on_member_update
Traceback (most recent call last):
  File "/usr/local/lib/python3.12/site-packages/discord/client.py", line 465, in _run_event
    await coro(*args, **kwargs)
  File "/app/asu_discord/cogs/analytics.py", line 652, in on_member_update
    before_timeout = before.timed_out_until
                     ^^^^^^^^^^^^^^^^^^^^^^
AttributeError: 'Member' object has no attribute 'timed_out_until'
INFO:asu_discord.cogs.verification:Saved 4 roles to database for user vsures36 (Discord ID: 794465710897364994)
INFO:asu_discord.cogs.verification:Refreshed Salesforce roles for Discord user 794465710897364994: -4/+4 roles, assigned=[First Year, International Student, Ira A. Fulton Schools of Engineering, Tempe]
ERROR:cron.jobs:refresh_salesforce_roles: failed for jecarper (Discord ID 1438118262922678333): Failed to refresh Salesforce-based roles: Discord user 1438118262922678333 is not a member of the guild
Ignoring exception in on_member_update
Traceback (most recent call last):
  File "/usr/local/lib/python3.12/site-packages/discord/client.py", line 465, in _run_event
    await coro(*args, **kwargs)
  File "/app/asu_discord/cogs/analytics.py", line 652, in on_member_update
    before_timeout = before.timed_out_until
                     ^^^^^^^^^^^^^^^^^^^^^^
AttributeError: 'Member' object has no attribute 'timed_out_until'
Ignoring exception in on_member_update
Traceback (most recent call last):
  File "/usr/local/lib/python3.12/site-packages/discord/client.py", line 465, in _run_event
    await coro(*args, **kwargs)
  File "/app/asu_discord/cogs/analytics.py", line 652, in on_member_update
    before_timeout = before.timed_out_until
                     ^^^^^^^^^^^^^^^^^^^^^^
AttributeError: 'Member' object has no attribute 'timed_out_until'
Ignoring exception in on_member_update
Traceback (most recent call last):
  File "/usr/local/lib/python3.12/site-packages/discord/client.py", line 465, in _run_event
    await coro(*args, **kwargs)
  File "/app/asu_discord/cogs/analytics.py", line 652, in on_member_update
    before_timeout = before.timed_out_until
                     ^^^^^^^^^^^^^^^^^^^^^^
AttributeError: 'Member' object has no attribute 'timed_out_until'
Ignoring exception in on_member_update
Traceback (most recent call last):
  File "/usr/local/lib/python3.12/site-packages/discord/client.py", line 465, in _run_event
    await coro(*args, **kwargs)
  File "/app/asu_discord/cogs/analytics.py", line 652, in on_member_update
    before_timeout = before.timed_out_until
                     ^^^^^^^^^^^^^^^^^^^^^^
AttributeError: 'Member' object has no attribute 'timed_out_until'
Ignoring exception in on_member_update
Traceback (most recent call last):
  File "/usr/local/lib/python3.12/site-packages/discord/client.py", line 465, in _run_event
    await coro(*args, **kwargs)
  File "/app/asu_discord/cogs/analytics.py", line 652, in on_member_update
    before_timeout = before.timed_out_until
                     ^^^^^^^^^^^^^^^^^^^^^^
AttributeError: 'Member' object has no attribute 'timed_out_until'
Ignoring exception in on_member_update
Traceback (most recent call last):
  File "/usr/local/lib/python3.12/site-packages/discord/client.py", line 465, in _run_event
    await coro(*args, **kwargs)
  File "/app/asu_discord/cogs/analytics.py", line 652, in on_member_update
    before_timeout = before.timed_out_until
                     ^^^^^^^^^^^^^^^^^^^^^^
AttributeError: 'Member' object has no attribute 'timed_out_until'
Ignoring exception in on_member_update
Traceback (most recent call last):
  File "/usr/local/lib/python3.12/site-packages/discord/client.py", line 465, in _run_event
    await coro(*args, **kwargs)
  File "/app/asu_discord/cogs/analytics.py", line 652, in on_member_update
    before_timeout = before.timed_out_until
                     ^^^^^^^^^^^^^^^^^^^^^^
AttributeError: 'Member' object has no attribute 'timed_out_until'
Ignoring exception in on_member_update
Traceback (most recent call last):
  File "/usr/local/lib/python3.12/site-packages/discord/client.py", line 465, in _run_event
    await coro(*args, **kwargs)
  File "/app/asu_discord/cogs/analytics.py", line 652, in on_member_update
    before_timeout = before.timed_out_until
                     ^^^^^^^^^^^^^^^^^^^^^^
AttributeError: 'Member' object has no attribute 'timed_out_until'
INFO:asu_discord.cogs.verification:Saved 4 roles to database for user raunakr1 (Discord ID: 673942438032703488)
INFO:asu_discord.cogs.verification:Refreshed Salesforce roles for Discord user 673942438032703488: -4/+4 roles, assigned=[Graduate Student, International Student, Ira A. Fulton Schools of Engineering, Tempe]
Ignoring exception in on_member_update
Traceback (most recent call last):
  File "/usr/local/lib/python3.12/site-packages/discord/client.py", line 465, in _run_event
    await coro(*args, **kwargs)
  File "/app/asu_discord/cogs/analytics.py", line 652, in on_member_update
    before_timeout = before.timed_out_until
                     ^^^^^^^^^^^^^^^^^^^^^^
AttributeError: 'Member' object has no attribute 'timed_out_until'
Ignoring exception in on_member_update
Traceback (most recent call last):
  File "/usr/local/lib/python3.12/site-packages/discord/client.py", line 465, in _run_event
    await coro(*args, **kwargs)
  File "/app/asu_discord/cogs/analytics.py", line 652, in on_member_update
    before_timeout = before.timed_out_until
                     ^^^^^^^^^^^^^^^^^^^^^^
AttributeError: 'Member' object has no attribute 'timed_out_until'
Ignoring exception in on_member_update
Traceback (most recent call last):
  File "/usr/local/lib/python3.12/site-packages/discord/client.py", line 465, in _run_event
    await coro(*args, **kwargs)
  File "/app/asu_discord/cogs/analytics.py", line 652, in on_member_update
    before_timeout = before.timed_out_until
                     ^^^^^^^^^^^^^^^^^^^^^^
AttributeError: 'Member' object has no attribute 'timed_out_until'
Ignoring exception in on_member_update
Traceback (most recent call last):
  File "/usr/local/lib/python3.12/site-packages/discord/client.py", line 465, in _run_event
    await coro(*args, **kwargs)
  File "/app/asu_discord/cogs/analytics.py", line 652, in on_member_update
    before_timeout = before.timed_out_until
                     ^^^^^^^^^^^^^^^^^^^^^^
AttributeError: 'Member' object has no attribute 'timed_out_until'
Ignoring exception in on_member_update
Traceback (most recent call last):
  File "/usr/local/lib/python3.12/site-packages/discord/client.py", line 465, in _run_event
    await coro(*args, **kwargs)
  File "/app/asu_discord/cogs/analytics.py", line 652, in on_member_update
    before_timeout = before.timed_out_until
                     ^^^^^^^^^^^^^^^^^^^^^^
AttributeError: 'Member' object has no attribute 'timed_out_until'
Ignoring exception in on_member_update
Traceback (most recent call last):
  File "/usr/local/lib/python3.12/site-packages/discord/client.py", line 465, in _run_event
    await coro(*args, **kwargs)
  File "/app/asu_discord/cogs/analytics.py", line 652, in on_member_update
    before_timeout = before.timed_out_until
                     ^^^^^^^^^^^^^^^^^^^^^^
AttributeError: 'Member' object has no attribute 'timed_out_until'
Ignoring exception in on_member_update
Traceback (most recent call last):
  File "/usr/local/lib/python3.12/site-packages/discord/client.py", line 465, in _run_event
    await coro(*args, **kwargs)
  File "/app/asu_discord/cogs/analytics.py", line 652, in on_member_update
    before_timeout = before.timed_out_until
                     ^^^^^^^^^^^^^^^^^^^^^^
AttributeError: 'Member' object has no attribute 'timed_out_until'
Ignoring exception in on_member_update
Traceback (most recent call last):
  File "/usr/local/lib/python3.12/site-packages/discord/client.py", line 465, in _run_event
    await coro(*args, **kwargs)
  File "/app/asu_discord/cogs/analytics.py", line 652, in on_member_update
    before_timeout = before.timed_out_until
                     ^^^^^^^^^^^^^^^^^^^^^^
AttributeError: 'Member' object has no attribute 'timed_out_until'
Ignoring exception in on_member_update
Traceback (most recent call last):
  File "/usr/local/lib/python3.12/site-packages/discord/client.py", line 465, in _run_event
    await coro(*args, **kwargs)
  File "/app/asu_discord/cogs/analytics.py", line 652, in on_member_update
    before_timeout = before.timed_out_until
                     ^^^^^^^^^^^^^^^^^^^^^^
AttributeError: 'Member' object has no attribute 'timed_out_until'
Ignoring exception in on_member_update
Traceback (most recent call last):
  File "/usr/local/lib/python3.12/site-packages/discord/client.py", line 465, in _run_event
    await coro(*args, **kwargs)
  File "/app/asu_discord/cogs/analytics.py", line 652, in on_member_update
    before_timeout = before.timed_out_until
                     ^^^^^^^^^^^^^^^^^^^^^^
AttributeError: 'Member' object has no attribute 'timed_out_until'
INFO:asu_discord.cogs.verification:Saved 5 roles to database for user hkunasee (Discord ID: 751121626707394641)
INFO:asu_discord.cogs.verification:Refreshed Salesforce roles for Discord user 751121626707394641: -5/+5 roles, assigned=[Commited, First Year, International Student, Ira A. Fulton Schools of Engineering, Tempe]
Ignoring exception in on_member_update
Traceback (most recent call last):
  File "/usr/local/lib/python3.12/site-packages/discord/client.py", line 465, in _run_event
    await coro(*args, **kwargs)
  File "/app/asu_discord/cogs/analytics.py", line 652, in on_member_update
    before_timeout = before.timed_out_until
                     ^^^^^^^^^^^^^^^^^^^^^^
AttributeError: 'Member' object has no attribute 'timed_out_until'
Ignoring exception in on_member_update
Traceback (most recent call last):
  File "/usr/local/lib/python3.12/site-packages/discord/client.py", line 465, in _run_event
    await coro(*args, **kwargs)
  File "/app/asu_discord/cogs/analytics.py", line 652, in on_member_update
    before_timeout = before.timed_out_until
                     ^^^^^^^^^^^^^^^^^^^^^^
AttributeError: 'Member' object has no attribute 'timed_out_until'
Ignoring exception in on_member_update
Traceback (most recent call last):
  File "/usr/local/lib/python3.12/site-packages/discord/client.py", line 465, in _run_event
    await coro(*args, **kwargs)
  File "/app/asu_discord/cogs/analytics.py", line 652, in on_member_update
    before_timeout = before.timed_out_until
                     ^^^^^^^^^^^^^^^^^^^^^^
AttributeError: 'Member' object has no attribute 'timed_out_until'
Ignoring exception in on_member_update
Traceback (most recent call last):
  File "/usr/local/lib/python3.12/site-packages/discord/client.py", line 465, in _run_event
    await coro(*args, **kwargs)
  File "/app/asu_discord/cogs/analytics.py", line 652, in on_member_update
    before_timeout = before.timed_out_until
                     ^^^^^^^^^^^^^^^^^^^^^^
AttributeError: 'Member' object has no attribute 'timed_out_until'
Ignoring exception in on_member_update
Traceback (most recent call last):
  File "/usr/local/lib/python3.12/site-packages/discord/client.py", line 465, in _run_event
    await coro(*args, **kwargs)
  File "/app/asu_discord/cogs/analytics.py", line 652, in on_member_update
    before_timeout = before.timed_out_until
                     ^^^^^^^^^^^^^^^^^^^^^^
AttributeError: 'Member' object has no attribute 'timed_out_until'
Ignoring exception in on_member_update
Traceback (most recent call last):
  File "/usr/local/lib/python3.12/site-packages/discord/client.py", line 465, in _run_event
    await coro(*args, **kwargs)
  File "/app/asu_discord/cogs/analytics.py", line 652, in on_member_update
    before_timeout = before.timed_out_until
                     ^^^^^^^^^^^^^^^^^^^^^^
AttributeError: 'Member' object has no attribute 'timed_out_until'
Ignoring exception in on_member_update
Traceback (most recent call last):
  File "/usr/local/lib/python3.12/site-packages/discord/client.py", line 465, in _run_event
    await coro(*args, **kwargs)
  File "/app/asu_discord/cogs/analytics.py", line 652, in on_member_update
    before_timeout = before.timed_out_until
                     ^^^^^^^^^^^^^^^^^^^^^^
AttributeError: 'Member' object has no attribute 'timed_out_until'
INFO:asu_discord.cogs.verification:Saved 4 roles to database for user kruiz117 (Discord ID: 1302394230479786094)
INFO:asu_discord.cogs.verification:Refreshed Salesforce roles for Discord user 1302394230479786094: -3/+4 roles, assigned=[Arizona Resident, College of Integrative Sciences and Arts, First Year, Polytechnic]
Ignoring exception in on_member_update
Traceback (most recent call last):
  File "/usr/local/lib/python3.12/site-packages/discord/client.py", line 465, in _run_event
    await coro(*args, **kwargs)
  File "/app/asu_discord/cogs/analytics.py", line 652, in on_member_update
    before_timeout = before.timed_out_until
                     ^^^^^^^^^^^^^^^^^^^^^^
AttributeError: 'Member' object has no attribute 'timed_out_until'
Ignoring exception in on_member_update
Traceback (most recent call last):
  File "/usr/local/lib/python3.12/site-packages/discord/client.py", line 465, in _run_event
    await coro(*args, **kwargs)
  File "/app/asu_discord/cogs/analytics.py", line 652, in on_member_update
    before_timeout = before.timed_out_until
                     ^^^^^^^^^^^^^^^^^^^^^^
AttributeError: 'Member' object has no attribute 'timed_out_until'
Ignoring exception in on_member_update
Traceback (most recent call last):
  File "/usr/local/lib/python3.12/site-packages/discord/client.py", line 465, in _run_event
    await coro(*args, **kwargs)
  File "/app/asu_discord/cogs/analytics.py", line 652, in on_member_update
    before_timeout = before.timed_out_until
                     ^^^^^^^^^^^^^^^^^^^^^^
AttributeError: 'Member' object has no attribute 'timed_out_until'
Ignoring exception in on_member_update
Traceback (most recent call last):
  File "/usr/local/lib/python3.12/site-packages/discord/client.py", line 465, in _run_event
    await coro(*args, **kwargs)
  File "/app/asu_discord/cogs/analytics.py", line 652, in on_member_update
    before_timeout = before.timed_out_until
                     ^^^^^^^^^^^^^^^^^^^^^^
AttributeError: 'Member' object has no attribute 'timed_out_until'
Ignoring exception in on_member_update
Traceback (most recent call last):
  File "/usr/local/lib/python3.12/site-packages/discord/client.py", line 465, in _run_event
    await coro(*args, **kwargs)
  File "/app/asu_discord/cogs/analytics.py", line 652, in on_member_update
    before_timeout = before.timed_out_until
                     ^^^^^^^^^^^^^^^^^^^^^^
AttributeError: 'Member' object has no attribute 'timed_out_until'
Ignoring exception in on_member_update
Traceback (most recent call last):
  File "/usr/local/lib/python3.12/site-packages/discord/client.py", line 465, in _run_event
    await coro(*args, **kwargs)
  File "/app/asu_discord/cogs/analytics.py", line 652, in on_member_update
    before_timeout = before.timed_out_until
                     ^^^^^^^^^^^^^^^^^^^^^^
AttributeError: 'Member' object has no attribute 'timed_out_until'
Ignoring exception in on_member_update
Traceback (most recent call last):
  File "/usr/local/lib/python3.12/site-packages/discord/client.py", line 465, in _run_event
    await coro(*args, **kwargs)
  File "/app/asu_discord/cogs/analytics.py", line 652, in on_member_update
    before_timeout = before.timed_out_until
                     ^^^^^^^^^^^^^^^^^^^^^^
AttributeError: 'Member' object has no attribute 'timed_out_until'
Ignoring exception in on_member_update
Traceback (most recent call last):
  File "/usr/local/lib/python3.12/site-packages/discord/client.py", line 465, in _run_event
    await coro(*args, **kwargs)
  File "/app/asu_discord/cogs/analytics.py", line 652, in on_member_update
    before_timeout = before.timed_out_until
                     ^^^^^^^^^^^^^^^^^^^^^^
AttributeError: 'Member' object has no attribute 'timed_out_until'
Ignoring exception in on_member_update
Traceback (most recent call last):
  File "/usr/local/lib/python3.12/site-packages/discord/client.py", line 465, in _run_event
    await coro(*args, **kwargs)
  File "/app/asu_discord/cogs/analytics.py", line 652, in on_member_update
    before_timeout = before.timed_out_until
                     ^^^^^^^^^^^^^^^^^^^^^^
AttributeError: 'Member' object has no attribute 'timed_out_until'
Ignoring exception in on_member_update
Traceback (most recent call last):
  File "/usr/local/lib/python3.12/site-packages/discord/client.py", line 465, in _run_event
    await coro(*args, **kwargs)
  File "/app/asu_discord/cogs/analytics.py", line 652, in on_member_update
    before_timeout = before.timed_out_until
                     ^^^^^^^^^^^^^^^^^^^^^^
AttributeError: 'Member' object has no attribute 'timed_out_until'
INFO:asu_discord.cogs.verification:Saved 5 roles to database for user bmbobadi (Discord ID: 704366807645159495)
INFO:asu_discord.cogs.verification:Refreshed Salesforce roles for Discord user 704366807645159495: -5/+5 roles, assigned=[Arizona Resident, Commited, Ira A. Fulton Schools of Engineering, Tempe, Transfer Student]
Ignoring exception in on_member_update
Traceback (most recent call last):
  File "/usr/local/lib/python3.12/site-packages/discord/client.py", line 465, in _run_event
    await coro(*args, **kwargs)
  File "/app/asu_discord/cogs/analytics.py", line 652, in on_member_update
    before_timeout = before.timed_out_until
                     ^^^^^^^^^^^^^^^^^^^^^^
AttributeError: 'Member' object has no attribute 'timed_out_until'
Ignoring exception in on_member_update
Traceback (most recent call last):
  File "/usr/local/lib/python3.12/site-packages/discord/client.py", line 465, in _run_event
    await coro(*args, **kwargs)
  File "/app/asu_discord/cogs/analytics.py", line 652, in on_member_update
    before_timeout = before.timed_out_until
                     ^^^^^^^^^^^^^^^^^^^^^^
AttributeError: 'Member' object has no attribute 'timed_out_until'
Ignoring exception in on_member_update
Traceback (most recent call last):
  File "/usr/local/lib/python3.12/site-packages/discord/client.py", line 465, in _run_event
    await coro(*args, **kwargs)
  File "/app/asu_discord/cogs/analytics.py", line 652, in on_member_update
    before_timeout = before.timed_out_until
                     ^^^^^^^^^^^^^^^^^^^^^^
AttributeError: 'Member' object has no attribute 'timed_out_until'
Ignoring exception in on_member_update
Traceback (most recent call last):
  File "/usr/local/lib/python3.12/site-packages/discord/client.py", line 465, in _run_event
    await coro(*args, **kwargs)
  File "/app/asu_discord/cogs/analytics.py", line 652, in on_member_update
    before_timeout = before.timed_out_until
                     ^^^^^^^^^^^^^^^^^^^^^^
AttributeError: 'Member' object has no attribute 'timed_out_until'
Ignoring exception in on_member_update
Traceback (most recent call last):
  File "/usr/local/lib/python3.12/site-packages/discord/client.py", line 465, in _run_event
    await coro(*args, **kwargs)
  File "/app/asu_discord/cogs/analytics.py", line 652, in on_member_update
    before_timeout = before.timed_out_until
                     ^^^^^^^^^^^^^^^^^^^^^^
AttributeError: 'Member' object has no attribute 'timed_out_until'
Ignoring exception in on_member_update
Traceback (most recent call last):
  File "/usr/local/lib/python3.12/site-packages/discord/client.py", line 465, in _run_event
    await coro(*args, **kwargs)
  File "/app/asu_discord/cogs/analytics.py", line 652, in on_member_update
    before_timeout = before.timed_out_until
                     ^^^^^^^^^^^^^^^^^^^^^^
AttributeError: 'Member' object has no attribute 'timed_out_until'
Ignoring exception in on_member_update
Traceback (most recent call last):
  File "/usr/local/lib/python3.12/site-packages/discord/client.py", line 465, in _run_event
    await coro(*args, **kwargs)
  File "/app/asu_discord/cogs/analytics.py", line 652, in on_member_update
    before_timeout = before.timed_out_until
                     ^^^^^^^^^^^^^^^^^^^^^^
AttributeError: 'Member' object has no attribute 'timed_out_until'
Ignoring exception in on_member_update
Traceback (most recent call last):
  File "/usr/local/lib/python3.12/site-packages/discord/client.py", line 465, in _run_event
    await coro(*args, **kwargs)
  File "/app/asu_discord/cogs/analytics.py", line 652, in on_member_update
    before_timeout = before.timed_out_until
                     ^^^^^^^^^^^^^^^^^^^^^^
AttributeError: 'Member' object has no attribute 'timed_out_until'
Ignoring exception in on_member_update
Traceback (most recent call last):
  File "/usr/local/lib/python3.12/site-packages/discord/client.py", line 465, in _run_event
    await coro(*args, **kwargs)
  File "/app/asu_discord/cogs/analytics.py", line 652, in on_member_update
    before_timeout = before.timed_out_until
                     ^^^^^^^^^^^^^^^^^^^^^^
AttributeError: 'Member' object has no attribute 'timed_out_until'
Ignoring exception in on_member_update
Traceback (most recent call last):
  File "/usr/local/lib/python3.12/site-packages/discord/client.py", line 465, in _run_event
    await coro(*args, **kwargs)
  File "/app/asu_discord/cogs/analytics.py", line 652, in on_member_update
    before_timeout = before.timed_out_until
                     ^^^^^^^^^^^^^^^^^^^^^^
AttributeError: 'Member' object has no attribute 'timed_out_until'
INFO:asu_discord.cogs.verification:Saved 5 roles to database for user sbhara26 (Discord ID: 1464748852392230923)
INFO:asu_discord.cogs.verification:Refreshed Salesforce roles for Discord user 1464748852392230923: -5/+5 roles, assigned=[Arizona Resident, Commited, First Year, Ira A. Fulton Schools of Engineering, Tempe]
Ignoring exception in on_member_update
Traceback (most recent call last):
  File "/usr/local/lib/python3.12/site-packages/discord/client.py", line 465, in _run_event
    await coro(*args, **kwargs)
  File "/app/asu_discord/cogs/analytics.py", line 652, in on_member_update
    before_timeout = before.timed_out_until
                     ^^^^^^^^^^^^^^^^^^^^^^
AttributeError: 'Member' object has no attribute 'timed_out_until'
Ignoring exception in on_member_update
Traceback (most recent call last):
  File "/usr/local/lib/python3.12/site-packages/discord/client.py", line 465, in _run_event
    await coro(*args, **kwargs)
  File "/app/asu_discord/cogs/analytics.py", line 652, in on_member_update
    before_timeout = before.timed_out_until
                     ^^^^^^^^^^^^^^^^^^^^^^
AttributeError: 'Member' object has no attribute 'timed_out_until'
Ignoring exception in on_member_update
Traceback (most recent call last):
  File "/usr/local/lib/python3.12/site-packages/discord/client.py", line 465, in _run_event
    await coro(*args, **kwargs)
  File "/app/asu_discord/cogs/analytics.py", line 652, in on_member_update
    before_timeout = before.timed_out_until
                     ^^^^^^^^^^^^^^^^^^^^^^
AttributeError: 'Member' object has no attribute 'timed_out_until'
Ignoring exception in on_member_update
Traceback (most recent call last):
  File "/usr/local/lib/python3.12/site-packages/discord/client.py", line 465, in _run_event
    await coro(*args, **kwargs)
  File "/app/asu_discord/cogs/analytics.py", line 652, in on_member_update
    before_timeout = before.timed_out_until
                     ^^^^^^^^^^^^^^^^^^^^^^
AttributeError: 'Member' object has no attribute 'timed_out_until'
Ignoring exception in on_member_update
Traceback (most recent call last):
  File "/usr/local/lib/python3.12/site-packages/discord/client.py", line 465, in _run_event
    await coro(*args, **kwargs)
  File "/app/asu_discord/cogs/analytics.py", line 652, in on_member_update
    before_timeout = before.timed_out_until
                     ^^^^^^^^^^^^^^^^^^^^^^
AttributeError: 'Member' object has no attribute 'timed_out_until'
Ignoring exception in on_member_update
Traceback (most recent call last):
  File "/usr/local/lib/python3.12/site-packages/discord/client.py", line 465, in _run_event
    await coro(*args, **kwargs)
  File "/app/asu_discord/cogs/analytics.py", line 652, in on_member_update
    before_timeout = before.timed_out_until
                     ^^^^^^^^^^^^^^^^^^^^^^
AttributeError: 'Member' object has no attribute 'timed_out_until'
Ignoring exception in on_member_update
Traceback (most recent call last):
  File "/usr/local/lib/python3.12/site-packages/discord/client.py", line 465, in _run_event
    await coro(*args, **kwargs)
  File "/app/asu_discord/cogs/analytics.py", line 652, in on_member_update
    before_timeout = before.timed_out_until
                     ^^^^^^^^^^^^^^^^^^^^^^
AttributeError: 'Member' object has no attribute 'timed_out_until'
Ignoring exception in on_member_update
Traceback (most recent call last):
  File "/usr/local/lib/python3.12/site-packages/discord/client.py", line 465, in _run_event
    await coro(*args, **kwargs)
  File "/app/asu_discord/cogs/analytics.py", line 652, in on_member_update
    before_timeout = before.timed_out_until
                     ^^^^^^^^^^^^^^^^^^^^^^
AttributeError: 'Member' object has no attribute 'timed_out_until'
Ignoring exception in on_member_update
Traceback (most recent call last):
  File "/usr/local/lib/python3.12/site-packages/discord/client.py", line 465, in _run_event
    await coro(*args, **kwargs)
  File "/app/asu_discord/cogs/analytics.py", line 652, in on_member_update
    before_timeout = before.timed_out_until
                     ^^^^^^^^^^^^^^^^^^^^^^
AttributeError: 'Member' object has no attribute 'timed_out_until'
Ignoring exception in on_member_update
Traceback (most recent call last):
  File "/usr/local/lib/python3.12/site-packages/discord/client.py", line 465, in _run_event
    await coro(*args, **kwargs)
  File "/app/asu_discord/cogs/analytics.py", line 652, in on_member_update
    before_timeout = before.timed_out_until
                     ^^^^^^^^^^^^^^^^^^^^^^
AttributeError: 'Member' object has no attribute 'timed_out_until'
INFO:asu_discord.cogs.verification:Saved 5 roles to database for user asreyes5 (Discord ID: 715399712106348658)
INFO:asu_discord.cogs.verification:Refreshed Salesforce roles for Discord user 715399712106348658: -5/+5 roles, assigned=[Arizona Resident, First Generation Student, First Year, Tempe, W.P. Carey School of Business]
ERROR:cron.jobs:refresh_salesforce_roles: failed for tapatte3 (Discord ID 919955225773756517): Failed to refresh Salesforce-based roles: Discord user 919955225773756517 is not a member of the guild
ERROR:cron.jobs:refresh_salesforce_roles: failed for dbondare (Discord ID 1213136041507291158): Failed to refresh Salesforce-based roles: Discord user 1213136041507291158 is not a member of the guild
Ignoring exception in on_member_update
Traceback (most recent call last):
  File "/usr/local/lib/python3.12/site-packages/discord/client.py", line 465, in _run_event
    await coro(*args, **kwargs)
  File "/app/asu_discord/cogs/analytics.py", line 652, in on_member_update
    before_timeout = before.timed_out_until
                     ^^^^^^^^^^^^^^^^^^^^^^
AttributeError: 'Member' object has no attribute 'timed_out_until'
Ignoring exception in on_member_update
Traceback (most recent call last):
  File "/usr/local/lib/python3.12/site-packages/discord/client.py", line 465, in _run_event
    await coro(*args, **kwargs)
  File "/app/asu_discord/cogs/analytics.py", line 652, in on_member_update
    before_timeout = before.timed_out_until
                     ^^^^^^^^^^^^^^^^^^^^^^
AttributeError: 'Member' object has no attribute 'timed_out_until'
Ignoring exception in on_member_update
Traceback (most recent call last):
  File "/usr/local/lib/python3.12/site-packages/discord/client.py", line 465, in _run_event
    await coro(*args, **kwargs)
  File "/app/asu_discord/cogs/analytics.py", line 652, in on_member_update
    before_timeout = before.timed_out_until
                     ^^^^^^^^^^^^^^^^^^^^^^
AttributeError: 'Member' object has no attribute 'timed_out_until'
Ignoring exception in on_member_update
Traceback (most recent call last):
  File "/usr/local/lib/python3.12/site-packages/discord/client.py", line 465, in _run_event
    await coro(*args, **kwargs)
  File "/app/asu_discord/cogs/analytics.py", line 652, in on_member_update
    before_timeout = before.timed_out_until
                     ^^^^^^^^^^^^^^^^^^^^^^
AttributeError: 'Member' object has no attribute 'timed_out_until'
Ignoring exception in on_member_update
Traceback (most recent call last):
  File "/usr/local/lib/python3.12/site-packages/discord/client.py", line 465, in _run_event
    await coro(*args, **kwargs)
  File "/app/asu_discord/cogs/analytics.py", line 652, in on_member_update
    before_timeout = before.timed_out_until
                     ^^^^^^^^^^^^^^^^^^^^^^
AttributeError: 'Member' object has no attribute 'timed_out_until'
Ignoring exception in on_member_update
Traceback (most recent call last):
  File "/usr/local/lib/python3.12/site-packages/discord/client.py", line 465, in _run_event
    await coro(*args, **kwargs)
  File "/app/asu_discord/cogs/analytics.py", line 652, in on_member_update
    before_timeout = before.timed_out_until
                     ^^^^^^^^^^^^^^^^^^^^^^
AttributeError: 'Member' object has no attribute 'timed_out_until'
Ignoring exception in on_member_update
Traceback (most recent call last):
  File "/usr/local/lib/python3.12/site-packages/discord/client.py", line 465, in _run_event
    await coro(*args, **kwargs)
  File "/app/asu_discord/cogs/analytics.py", line 652, in on_member_update
    before_timeout = before.timed_out_until
                     ^^^^^^^^^^^^^^^^^^^^^^
AttributeError: 'Member' object has no attribute 'timed_out_until'
Ignoring exception in on_member_update
Traceback (most recent call last):
  File "/usr/local/lib/python3.12/site-packages/discord/client.py", line 465, in _run_event
    await coro(*args, **kwargs)
  File "/app/asu_discord/cogs/analytics.py", line 652, in on_member_update
    before_timeout = before.timed_out_until
                     ^^^^^^^^^^^^^^^^^^^^^^
AttributeError: 'Member' object has no attribute 'timed_out_until'
Ignoring exception in on_member_update
Traceback (most recent call last):
  File "/usr/local/lib/python3.12/site-packages/discord/client.py", line 465, in _run_event
    await coro(*args, **kwargs)
  File "/app/asu_discord/cogs/analytics.py", line 652, in on_member_update
    before_timeout = before.timed_out_until
                     ^^^^^^^^^^^^^^^^^^^^^^
AttributeError: 'Member' object has no attribute 'timed_out_until'
Ignoring exception in on_member_update
Traceback (most recent call last):
  File "/usr/local/lib/python3.12/site-packages/discord/client.py", line 465, in _run_event
    await coro(*args, **kwargs)
  File "/app/asu_discord/cogs/analytics.py", line 652, in on_member_update
    before_timeout = before.timed_out_until
                     ^^^^^^^^^^^^^^^^^^^^^^
AttributeError: 'Member' object has no attribute 'timed_out_until'
INFO:asu_discord.cogs.verification:Saved 5 roles to database for user ewcamp (Discord ID: 1161783504972042330)
INFO:asu_discord.cogs.verification:Refreshed Salesforce roles for Discord user 1161783504972042330: -5/+5 roles, assigned=[Arizona Resident, Commited, First Year, Herberger Institute for Design and the Arts, Tempe]
Ignoring exception in on_member_update
Traceback (most recent call last):
  File "/usr/local/lib/python3.12/site-packages/discord/client.py", line 465, in _run_event
    await coro(*args, **kwargs)
  File "/app/asu_discord/cogs/analytics.py", line 652, in on_member_update
    before_timeout = before.timed_out_until
                     ^^^^^^^^^^^^^^^^^^^^^^
AttributeError: 'Member' object has no attribute 'timed_out_until'
Ignoring exception in on_member_update
Traceback (most recent call last):
  File "/usr/local/lib/python3.12/site-packages/discord/client.py", line 465, in _run_event
    await coro(*args, **kwargs)
  File "/app/asu_discord/cogs/analytics.py", line 652, in on_member_update
    before_timeout = before.timed_out_until
                     ^^^^^^^^^^^^^^^^^^^^^^
AttributeError: 'Member' object has no attribute 'timed_out_until'
Ignoring exception in on_member_update
Traceback (most recent call last):
  File "/usr/local/lib/python3.12/site-packages/discord/client.py", line 465, in _run_event
    await coro(*args, **kwargs)
  File "/app/asu_discord/cogs/analytics.py", line 652, in on_member_update
    before_timeout = before.timed_out_until
                     ^^^^^^^^^^^^^^^^^^^^^^
AttributeError: 'Member' object has no attribute 'timed_out_until'
Ignoring exception in on_member_update
Traceback (most recent call last):
  File "/usr/local/lib/python3.12/site-packages/discord/client.py", line 465, in _run_event
    await coro(*args, **kwargs)
  File "/app/asu_discord/cogs/analytics.py", line 652, in on_member_update
    before_timeout = before.timed_out_until
                     ^^^^^^^^^^^^^^^^^^^^^^
AttributeError: 'Member' object has no attribute 'timed_out_until'
Ignoring exception in on_member_update
Traceback (most recent call last):
  File "/usr/local/lib/python3.12/site-packages/discord/client.py", line 465, in _run_event
    await coro(*args, **kwargs)
  File "/app/asu_discord/cogs/analytics.py", line 652, in on_member_update
    before_timeout = before.timed_out_until
                     ^^^^^^^^^^^^^^^^^^^^^^
AttributeError: 'Member' object has no attribute 'timed_out_until'
Ignoring exception in on_member_update
Traceback (most recent call last):
  File "/usr/local/lib/python3.12/site-packages/discord/client.py", line 465, in _run_event
    await coro(*args, **kwargs)
  File "/app/asu_discord/cogs/analytics.py", line 652, in on_member_update
    before_timeout = before.timed_out_until
                     ^^^^^^^^^^^^^^^^^^^^^^
AttributeError: 'Member' object has no attribute 'timed_out_until'
Ignoring exception in on_member_update
Traceback (most recent call last):
  File "/usr/local/lib/python3.12/site-packages/discord/client.py", line 465, in _run_event
    await coro(*args, **kwargs)
  File "/app/asu_discord/cogs/analytics.py", line 652, in on_member_update
    before_timeout = before.timed_out_until
                     ^^^^^^^^^^^^^^^^^^^^^^
AttributeError: 'Member' object has no attribute 'timed_out_until'
Ignoring exception in on_member_update
Traceback (most recent call last):
  File "/usr/local/lib/python3.12/site-packages/discord/client.py", line 465, in _run_event
    await coro(*args, **kwargs)
  File "/app/asu_discord/cogs/analytics.py", line 652, in on_member_update
    before_timeout = before.timed_out_until
                     ^^^^^^^^^^^^^^^^^^^^^^
AttributeError: 'Member' object has no attribute 'timed_out_until'
INFO:asu_discord.cogs.verification:Saved 4 roles to database for user jbmaddox (Discord ID: 766430405959483412)
INFO:asu_discord.cogs.verification:Refreshed Salesforce roles for Discord user 766430405959483412: -4/+4 roles, assigned=[Arizona Resident, First Year, Mary Lou Fulton Teachers College, Tempe]
Ignoring exception in on_member_update
Traceback (most recent call last):
  File "/usr/local/lib/python3.12/site-packages/discord/client.py", line 465, in _run_event
    await coro(*args, **kwargs)
  File "/app/asu_discord/cogs/analytics.py", line 652, in on_member_update
    before_timeout = before.timed_out_until
                     ^^^^^^^^^^^^^^^^^^^^^^
AttributeError: 'Member' object has no attribute 'timed_out_until'
Ignoring exception in on_member_update
Traceback (most recent call last):
  File "/usr/local/lib/python3.12/site-packages/discord/client.py", line 465, in _run_event
    await coro(*args, **kwargs)
  File "/app/asu_discord/cogs/analytics.py", line 652, in on_member_update
    before_timeout = before.timed_out_until
                     ^^^^^^^^^^^^^^^^^^^^^^
AttributeError: 'Member' object has no attribute 'timed_out_until'
Ignoring exception in on_member_update
Traceback (most recent call last):
  File "/usr/local/lib/python3.12/site-packages/discord/client.py", line 465, in _run_event
    await coro(*args, **kwargs)
  File "/app/asu_discord/cogs/analytics.py", line 652, in on_member_update
    before_timeout = before.timed_out_until
                     ^^^^^^^^^^^^^^^^^^^^^^
AttributeError: 'Member' object has no attribute 'timed_out_until'
Ignoring exception in on_member_update
Traceback (most recent call last):
  File "/usr/local/lib/python3.12/site-packages/discord/client.py", line 465, in _run_event
    await coro(*args, **kwargs)
  File "/app/asu_discord/cogs/analytics.py", line 652, in on_member_update
    before_timeout = before.timed_out_until
                     ^^^^^^^^^^^^^^^^^^^^^^
AttributeError: 'Member' object has no attribute 'timed_out_until'
Ignoring exception in on_member_update
Traceback (most recent call last):
  File "/usr/local/lib/python3.12/site-packages/discord/client.py", line 465, in _run_event
    await coro(*args, **kwargs)
  File "/app/asu_discord/cogs/analytics.py", line 652, in on_member_update
    before_timeout = before.timed_out_until
                     ^^^^^^^^^^^^^^^^^^^^^^
AttributeError: 'Member' object has no attribute 'timed_out_until'
Ignoring exception in on_member_update
Traceback (most recent call last):
  File "/usr/local/lib/python3.12/site-packages/discord/client.py", line 465, in _run_event
    await coro(*args, **kwargs)
  File "/app/asu_discord/cogs/analytics.py", line 652, in on_member_update
    before_timeout = before.timed_out_until
                     ^^^^^^^^^^^^^^^^^^^^^^
AttributeError: 'Member' object has no attribute 'timed_out_until'
Ignoring exception in on_member_update
Traceback (most recent call last):
  File "/usr/local/lib/python3.12/site-packages/discord/client.py", line 465, in _run_event
    await coro(*args, **kwargs)
  File "/app/asu_discord/cogs/analytics.py", line 652, in on_member_update
    before_timeout = before.timed_out_until
                     ^^^^^^^^^^^^^^^^^^^^^^
AttributeError: 'Member' object has no attribute 'timed_out_until'
Ignoring exception in on_member_update
Traceback (most recent call last):
  File "/usr/local/lib/python3.12/site-packages/discord/client.py", line 465, in _run_event
    await coro(*args, **kwargs)
  File "/app/asu_discord/cogs/analytics.py", line 652, in on_member_update
    before_timeout = before.timed_out_until
                     ^^^^^^^^^^^^^^^^^^^^^^
AttributeError: 'Member' object has no attribute 'timed_out_until'
Ignoring exception in on_member_update
Traceback (most recent call last):
  File "/usr/local/lib/python3.12/site-packages/discord/client.py", line 465, in _run_event
    await coro(*args, **kwargs)
  File "/app/asu_discord/cogs/analytics.py", line 652, in on_member_update
    before_timeout = before.timed_out_until
                     ^^^^^^^^^^^^^^^^^^^^^^
AttributeError: 'Member' object has no attribute 'timed_out_until'
Ignoring exception in on_member_update
Traceback (most recent call last):
  File "/usr/local/lib/python3.12/site-packages/discord/client.py", line 465, in _run_event
    await coro(*args, **kwargs)
  File "/app/asu_discord/cogs/analytics.py", line 652, in on_member_update
    before_timeout = before.timed_out_until
                     ^^^^^^^^^^^^^^^^^^^^^^
AttributeError: 'Member' object has no attribute 'timed_out_until'
INFO:asu_discord.cogs.verification:Saved 5 roles to database for user nalibinh (Discord ID: 606129530805026816)
INFO:asu_discord.cogs.verification:Refreshed Salesforce roles for Discord user 606129530805026816: -5/+5 roles, assigned=[Commited, First Year, International Student, Ira A. Fulton Schools of Engineering, Tempe]
Ignoring exception in on_member_update
Traceback (most recent call last):
  File "/usr/local/lib/python3.12/site-packages/discord/client.py", line 465, in _run_event
    await coro(*args, **kwargs)
  File "/app/asu_discord/cogs/analytics.py", line 652, in on_member_update
    before_timeout = before.timed_out_until
                     ^^^^^^^^^^^^^^^^^^^^^^
AttributeError: 'Member' object has no attribute 'timed_out_until'
Ignoring exception in on_member_update
Traceback (most recent call last):
  File "/usr/local/lib/python3.12/site-packages/discord/client.py", line 465, in _run_event
    await coro(*args, **kwargs)
  File "/app/asu_discord/cogs/analytics.py", line 652, in on_member_update
    before_timeout = before.timed_out_until
                     ^^^^^^^^^^^^^^^^^^^^^^
AttributeError: 'Member' object has no attribute 'timed_out_until'
Ignoring exception in on_member_update
Traceback (most recent call last):
  File "/usr/local/lib/python3.12/site-packages/discord/client.py", line 465, in _run_event
    await coro(*args, **kwargs)
  File "/app/asu_discord/cogs/analytics.py", line 652, in on_member_update
    before_timeout = before.timed_out_until
                     ^^^^^^^^^^^^^^^^^^^^^^
AttributeError: 'Member' object has no attribute 'timed_out_until'
Ignoring exception in on_member_update
Traceback (most recent call last):
  File "/usr/local/lib/python3.12/site-packages/discord/client.py", line 465, in _run_event
    await coro(*args, **kwargs)
  File "/app/asu_discord/cogs/analytics.py", line 652, in on_member_update
    before_timeout = before.timed_out_until
                     ^^^^^^^^^^^^^^^^^^^^^^
AttributeError: 'Member' object has no attribute 'timed_out_until'
Ignoring exception in on_member_update
Traceback (most recent call last):
  File "/usr/local/lib/python3.12/site-packages/discord/client.py", line 465, in _run_event
    await coro(*args, **kwargs)
  File "/app/asu_discord/cogs/analytics.py", line 652, in on_member_update
    before_timeout = before.timed_out_until
                     ^^^^^^^^^^^^^^^^^^^^^^
AttributeError: 'Member' object has no attribute 'timed_out_until'
Ignoring exception in on_member_update
Traceback (most recent call last):
  File "/usr/local/lib/python3.12/site-packages/discord/client.py", line 465, in _run_event
    await coro(*args, **kwargs)
  File "/app/asu_discord/cogs/analytics.py", line 652, in on_member_update
    before_timeout = before.timed_out_until
                     ^^^^^^^^^^^^^^^^^^^^^^
AttributeError: 'Member' object has no attribute 'timed_out_until'
Ignoring exception in on_member_update
Traceback (most recent call last):
  File "/usr/local/lib/python3.12/site-packages/discord/client.py", line 465, in _run_event
    await coro(*args, **kwargs)
  File "/app/asu_discord/cogs/analytics.py", line 652, in on_member_update
    before_timeout = before.timed_out_until
                     ^^^^^^^^^^^^^^^^^^^^^^
AttributeError: 'Member' object has no attribute 'timed_out_until'
Ignoring exception in on_member_update
Traceback (most recent call last):
  File "/usr/local/lib/python3.12/site-packages/discord/client.py", line 465, in _run_event
    await coro(*args, **kwargs)
  File "/app/asu_discord/cogs/analytics.py", line 652, in on_member_update
    before_timeout = before.timed_out_until
                     ^^^^^^^^^^^^^^^^^^^^^^
AttributeError: 'Member' object has no attribute 'timed_out_until'
Ignoring exception in on_member_update
Traceback (most recent call last):
  File "/usr/local/lib/python3.12/site-packages/discord/client.py", line 465, in _run_event
    await coro(*args, **kwargs)
  File "/app/asu_discord/cogs/analytics.py", line 652, in on_member_update
    before_timeout = before.timed_out_until
                     ^^^^^^^^^^^^^^^^^^^^^^
AttributeError: 'Member' object has no attribute 'timed_out_until'
Ignoring exception in on_member_update
Traceback (most recent call last):
  File "/usr/local/lib/python3.12/site-packages/discord/client.py", line 465, in _run_event
    await coro(*args, **kwargs)
  File "/app/asu_discord/cogs/analytics.py", line 652, in on_member_update
    before_timeout = before.timed_out_until
                     ^^^^^^^^^^^^^^^^^^^^^^
AttributeError: 'Member' object has no attribute 'timed_out_until'
INFO:asu_discord.cogs.verification:Saved 5 roles to database for user asalha13 (Discord ID: 731204495496970320)
INFO:asu_discord.cogs.verification:Refreshed Salesforce roles for Discord user 731204495496970320: -5/+5 roles, assigned=[Commited, First Year, International Student, Tempe, W.P. Carey School of Business]
Ignoring exception in on_member_update
Traceback (most recent call last):
  File "/usr/local/lib/python3.12/site-packages/discord/client.py", line 465, in _run_event
    await coro(*args, **kwargs)
  File "/app/asu_discord/cogs/analytics.py", line 652, in on_member_update
    before_timeout = before.timed_out_until
                     ^^^^^^^^^^^^^^^^^^^^^^
AttributeError: 'Member' object has no attribute 'timed_out_until'
Ignoring exception in on_member_update
Traceback (most recent call last):
  File "/usr/local/lib/python3.12/site-packages/discord/client.py", line 465, in _run_event
    await coro(*args, **kwargs)
  File "/app/asu_discord/cogs/analytics.py", line 652, in on_member_update
    before_timeout = before.timed_out_until
                     ^^^^^^^^^^^^^^^^^^^^^^
AttributeError: 'Member' object has no attribute 'timed_out_until'
Ignoring exception in on_member_update
Traceback (most recent call last):
  File "/usr/local/lib/python3.12/site-packages/discord/client.py", line 465, in _run_event
    await coro(*args, **kwargs)
  File "/app/asu_discord/cogs/analytics.py", line 652, in on_member_update
    before_timeout = before.timed_out_until
                     ^^^^^^^^^^^^^^^^^^^^^^
AttributeError: 'Member' object has no attribute 'timed_out_until'
Ignoring exception in on_member_update
Traceback (most recent call last):
  File "/usr/local/lib/python3.12/site-packages/discord/client.py", line 465, in _run_event
    await coro(*args, **kwargs)
  File "/app/asu_discord/cogs/analytics.py", line 652, in on_member_update
    before_timeout = before.timed_out_until
                     ^^^^^^^^^^^^^^^^^^^^^^
AttributeError: 'Member' object has no attribute 'timed_out_until'
Ignoring exception in on_member_update
Traceback (most recent call last):
  File "/usr/local/lib/python3.12/site-packages/discord/client.py", line 465, in _run_event
    await coro(*args, **kwargs)
  File "/app/asu_discord/cogs/analytics.py", line 652, in on_member_update
    before_timeout = before.timed_out_until
                     ^^^^^^^^^^^^^^^^^^^^^^
AttributeError: 'Member' object has no attribute 'timed_out_until'
Ignoring exception in on_member_update
Traceback (most recent call last):
  File "/usr/local/lib/python3.12/site-packages/discord/client.py", line 465, in _run_event
    await coro(*args, **kwargs)
  File "/app/asu_discord/cogs/analytics.py", line 652, in on_member_update
    before_timeout = before.timed_out_until
                     ^^^^^^^^^^^^^^^^^^^^^^
AttributeError: 'Member' object has no attribute 'timed_out_until'
Ignoring exception in on_member_update
Traceback (most recent call last):
  File "/usr/local/lib/python3.12/site-packages/discord/client.py", line 465, in _run_event
    await coro(*args, **kwargs)
  File "/app/asu_discord/cogs/analytics.py", line 652, in on_member_update
    before_timeout = before.timed_out_until
                     ^^^^^^^^^^^^^^^^^^^^^^
AttributeError: 'Member' object has no attribute 'timed_out_until'
Ignoring exception in on_member_update
Traceback (most recent call last):
  File "/usr/local/lib/python3.12/site-packages/discord/client.py", line 465, in _run_event
    await coro(*args, **kwargs)
  File "/app/asu_discord/cogs/analytics.py", line 652, in on_member_update
    before_timeout = before.timed_out_until
                     ^^^^^^^^^^^^^^^^^^^^^^
AttributeError: 'Member' object has no attribute 'timed_out_until'
Ignoring exception in on_member_update
Traceback (most recent call last):
  File "/usr/local/lib/python3.12/site-packages/discord/client.py", line 465, in _run_event
    await coro(*args, **kwargs)
  File "/app/asu_discord/cogs/analytics.py", line 652, in on_member_update
    before_timeout = before.timed_out_until
                     ^^^^^^^^^^^^^^^^^^^^^^
AttributeError: 'Member' object has no attribute 'timed_out_until'
Ignoring exception in on_member_update
Traceback (most recent call last):
  File "/usr/local/lib/python3.12/site-packages/discord/client.py", line 465, in _run_event
    await coro(*args, **kwargs)
  File "/app/asu_discord/cogs/analytics.py", line 652, in on_member_update
    before_timeout = before.timed_out_until
                     ^^^^^^^^^^^^^^^^^^^^^^
AttributeError: 'Member' object has no attribute 'timed_out_until'
INFO:asu_discord.cogs.verification:Saved 5 roles to database for user iwang128 (Discord ID: 707975998313988166)
INFO:asu_discord.cogs.verification:Refreshed Salesforce roles for Discord user 707975998313988166: -5/+5 roles, assigned=[First Generation Student, First Year, Ira A. Fulton Schools of Engineering, Out of State, Tempe]
Ignoring exception in on_member_update
Traceback (most recent call last):
  File "/usr/local/lib/python3.12/site-packages/discord/client.py", line 465, in _run_event
    await coro(*args, **kwargs)
  File "/app/asu_discord/cogs/analytics.py", line 652, in on_member_update
    before_timeout = before.timed_out_until
                     ^^^^^^^^^^^^^^^^^^^^^^
AttributeError: 'Member' object has no attribute 'timed_out_until'
Ignoring exception in on_member_update
Traceback (most recent call last):
  File "/usr/local/lib/python3.12/site-packages/discord/client.py", line 465, in _run_event
    await coro(*args, **kwargs)
  File "/app/asu_discord/cogs/analytics.py", line 652, in on_member_update
    before_timeout = before.timed_out_until
                     ^^^^^^^^^^^^^^^^^^^^^^
AttributeError: 'Member' object has no attribute 'timed_out_until'
Ignoring exception in on_member_update
Traceback (most recent call last):
  File "/usr/local/lib/python3.12/site-packages/discord/client.py", line 465, in _run_event
    await coro(*args, **kwargs)
  File "/app/asu_discord/cogs/analytics.py", line 652, in on_member_update
    before_timeout = before.timed_out_until
                     ^^^^^^^^^^^^^^^^^^^^^^
AttributeError: 'Member' object has no attribute 'timed_out_until'
Ignoring exception in on_member_update
Traceback (most recent call last):
  File "/usr/local/lib/python3.12/site-packages/discord/client.py", line 465, in _run_event
    await coro(*args, **kwargs)
  File "/app/asu_discord/cogs/analytics.py", line 652, in on_member_update
    before_timeout = before.timed_out_until
                     ^^^^^^^^^^^^^^^^^^^^^^
AttributeError: 'Member' object has no attribute 'timed_out_until'
Ignoring exception in on_member_update
Traceback (most recent call last):
  File "/usr/local/lib/python3.12/site-packages/discord/client.py", line 465, in _run_event
    await coro(*args, **kwargs)
  File "/app/asu_discord/cogs/analytics.py", line 652, in on_member_update
    before_timeout = before.timed_out_until
                     ^^^^^^^^^^^^^^^^^^^^^^
AttributeError: 'Member' object has no attribute 'timed_out_until'
Ignoring exception in on_member_update
Traceback (most recent call last):
  File "/usr/local/lib/python3.12/site-packages/discord/client.py", line 465, in _run_event
    await coro(*args, **kwargs)
  File "/app/asu_discord/cogs/analytics.py", line 652, in on_member_update
    before_timeout = before.timed_out_until
                     ^^^^^^^^^^^^^^^^^^^^^^
AttributeError: 'Member' object has no attribute 'timed_out_until'
Ignoring exception in on_member_update
Traceback (most recent call last):
  File "/usr/local/lib/python3.12/site-packages/discord/client.py", line 465, in _run_event
    await coro(*args, **kwargs)
  File "/app/asu_discord/cogs/analytics.py", line 652, in on_member_update
    before_timeout = before.timed_out_until
                     ^^^^^^^^^^^^^^^^^^^^^^
AttributeError: 'Member' object has no attribute 'timed_out_until'
Ignoring exception in on_member_update
Traceback (most recent call last):
  File "/usr/local/lib/python3.12/site-packages/discord/client.py", line 465, in _run_event
    await coro(*args, **kwargs)
  File "/app/asu_discord/cogs/analytics.py", line 652, in on_member_update
    before_timeout = before.timed_out_until
                     ^^^^^^^^^^^^^^^^^^^^^^
AttributeError: 'Member' object has no attribute 'timed_out_until'
Ignoring exception in on_member_update
Traceback (most recent call last):
  File "/usr/local/lib/python3.12/site-packages/discord/client.py", line 465, in _run_event
    await coro(*args, **kwargs)
  File "/app/asu_discord/cogs/analytics.py", line 652, in on_member_update
    before_timeout = before.timed_out_until
                     ^^^^^^^^^^^^^^^^^^^^^^
AttributeError: 'Member' object has no attribute 'timed_out_until'
Ignoring exception in on_member_update
Traceback (most recent call last):
  File "/usr/local/lib/python3.12/site-packages/discord/client.py", line 465, in _run_event
    await coro(*args, **kwargs)
  File "/app/asu_discord/cogs/analytics.py", line 652, in on_member_update
    before_timeout = before.timed_out_until
                     ^^^^^^^^^^^^^^^^^^^^^^
AttributeError: 'Member' object has no attribute 'timed_out_until'
INFO:asu_discord.cogs.verification:Saved 5 roles to database for user ktdelacr (Discord ID: 792198850940108801)
INFO:asu_discord.cogs.verification:Refreshed Salesforce roles for Discord user 792198850940108801: -5/+5 roles, assigned=[Commited, First Year, Ira A. Fulton Schools of Engineering, Out of State, Tempe]
Ignoring exception in on_member_update
Traceback (most recent call last):
  File "/usr/local/lib/python3.12/site-packages/discord/client.py", line 465, in _run_event
    await coro(*args, **kwargs)
  File "/app/asu_discord/cogs/analytics.py", line 652, in on_member_update
    before_timeout = before.timed_out_until
                     ^^^^^^^^^^^^^^^^^^^^^^
AttributeError: 'Member' object has no attribute 'timed_out_until'
Ignoring exception in on_member_update
Traceback (most recent call last):
  File "/usr/local/lib/python3.12/site-packages/discord/client.py", line 465, in _run_event
    await coro(*args, **kwargs)
  File "/app/asu_discord/cogs/analytics.py", line 652, in on_member_update
    before_timeout = before.timed_out_until
                     ^^^^^^^^^^^^^^^^^^^^^^
AttributeError: 'Member' object has no attribute 'timed_out_until'
Ignoring exception in on_member_update
Traceback (most recent call last):
  File "/usr/local/lib/python3.12/site-packages/discord/client.py", line 465, in _run_event
    await coro(*args, **kwargs)
  File "/app/asu_discord/cogs/analytics.py", line 652, in on_member_update
    before_timeout = before.timed_out_until
                     ^^^^^^^^^^^^^^^^^^^^^^
AttributeError: 'Member' object has no attribute 'timed_out_until'
Ignoring exception in on_member_update
Traceback (most recent call last):
  File "/usr/local/lib/python3.12/site-packages/discord/client.py", line 465, in _run_event
    await coro(*args, **kwargs)
  File "/app/asu_discord/cogs/analytics.py", line 652, in on_member_update
    before_timeout = before.timed_out_until
                     ^^^^^^^^^^^^^^^^^^^^^^
AttributeError: 'Member' object has no attribute 'timed_out_until'
Ignoring exception in on_member_update
Traceback (most recent call last):
  File "/usr/local/lib/python3.12/site-packages/discord/client.py", line 465, in _run_event
    await coro(*args, **kwargs)
  File "/app/asu_discord/cogs/analytics.py", line 652, in on_member_update
    before_timeout = before.timed_out_until
                     ^^^^^^^^^^^^^^^^^^^^^^
AttributeError: 'Member' object has no attribute 'timed_out_until'
Ignoring exception in on_member_update
Traceback (most recent call last):
  File "/usr/local/lib/python3.12/site-packages/discord/client.py", line 465, in _run_event
    await coro(*args, **kwargs)
  File "/app/asu_discord/cogs/analytics.py", line 652, in on_member_update
    before_timeout = before.timed_out_until
                     ^^^^^^^^^^^^^^^^^^^^^^
AttributeError: 'Member' object has no attribute 'timed_out_until'
Ignoring exception in on_member_update
Traceback (most recent call last):
  File "/usr/local/lib/python3.12/site-packages/discord/client.py", line 465, in _run_event
    await coro(*args, **kwargs)
  File "/app/asu_discord/cogs/analytics.py", line 652, in on_member_update
    before_timeout = before.timed_out_until
                     ^^^^^^^^^^^^^^^^^^^^^^
AttributeError: 'Member' object has no attribute 'timed_out_until'
Ignoring exception in on_member_update
Traceback (most recent call last):
  File "/usr/local/lib/python3.12/site-packages/discord/client.py", line 465, in _run_event
    await coro(*args, **kwargs)
  File "/app/asu_discord/cogs/analytics.py", line 652, in on_member_update
    before_timeout = before.timed_out_until
                     ^^^^^^^^^^^^^^^^^^^^^^
AttributeError: 'Member' object has no attribute 'timed_out_until'
INFO:asu_discord.cogs.verification:Saved 4 roles to database for user jhathaw7 (Discord ID: 698279526848790709)
INFO:asu_discord.cogs.verification:Refreshed Salesforce roles for Discord user 698279526848790709: -4/+4 roles, assigned=[Downtown Phoenix, First Year, Out of State, Walter Cronkite School of Journalism and Mass Communication]
Ignoring exception in on_member_update
Traceback (most recent call last):
  File "/usr/local/lib/python3.12/site-packages/discord/client.py", line 465, in _run_event
    await coro(*args, **kwargs)
  File "/app/asu_discord/cogs/analytics.py", line 652, in on_member_update
    before_timeout = before.timed_out_until
                     ^^^^^^^^^^^^^^^^^^^^^^
AttributeError: 'Member' object has no attribute 'timed_out_until'
Ignoring exception in on_member_update
Traceback (most recent call last):
  File "/usr/local/lib/python3.12/site-packages/discord/client.py", line 465, in _run_event
    await coro(*args, **kwargs)
  File "/app/asu_discord/cogs/analytics.py", line 652, in on_member_update
    before_timeout = before.timed_out_until
                     ^^^^^^^^^^^^^^^^^^^^^^
AttributeError: 'Member' object has no attribute 'timed_out_until'
Ignoring exception in on_member_update
Traceback (most recent call last):
  File "/usr/local/lib/python3.12/site-packages/discord/client.py", line 465, in _run_event
    await coro(*args, **kwargs)
  File "/app/asu_discord/cogs/analytics.py", line 652, in on_member_update
    before_timeout = before.timed_out_until
                     ^^^^^^^^^^^^^^^^^^^^^^
AttributeError: 'Member' object has no attribute 'timed_out_until'
Ignoring exception in on_member_update
Traceback (most recent call last):
  File "/usr/local/lib/python3.12/site-packages/discord/client.py", line 465, in _run_event
    await coro(*args, **kwargs)
  File "/app/asu_discord/cogs/analytics.py", line 652, in on_member_update
    before_timeout = before.timed_out_until
                     ^^^^^^^^^^^^^^^^^^^^^^
AttributeError: 'Member' object has no attribute 'timed_out_until'
Ignoring exception in on_member_update
Traceback (most recent call last):
  File "/usr/local/lib/python3.12/site-packages/discord/client.py", line 465, in _run_event
    await coro(*args, **kwargs)
  File "/app/asu_discord/cogs/analytics.py", line 652, in on_member_update
    before_timeout = before.timed_out_until
                     ^^^^^^^^^^^^^^^^^^^^^^
AttributeError: 'Member' object has no attribute 'timed_out_until'
Ignoring exception in on_member_update
Traceback (most recent call last):
  File "/usr/local/lib/python3.12/site-packages/discord/client.py", line 465, in _run_event
    await coro(*args, **kwargs)
  File "/app/asu_discord/cogs/analytics.py", line 652, in on_member_update
    before_timeout = before.timed_out_until
                     ^^^^^^^^^^^^^^^^^^^^^^
AttributeError: 'Member' object has no attribute 'timed_out_until'
Ignoring exception in on_member_update
Traceback (most recent call last):
  File "/usr/local/lib/python3.12/site-packages/discord/client.py", line 465, in _run_event
    await coro(*args, **kwargs)
  File "/app/asu_discord/cogs/analytics.py", line 652, in on_member_update
    before_timeout = before.timed_out_until
                     ^^^^^^^^^^^^^^^^^^^^^^
AttributeError: 'Member' object has no attribute 'timed_out_until'
Ignoring exception in on_member_update
Traceback (most recent call last):
  File "/usr/local/lib/python3.12/site-packages/discord/client.py", line 465, in _run_event
    await coro(*args, **kwargs)
  File "/app/asu_discord/cogs/analytics.py", line 652, in on_member_update
    before_timeout = before.timed_out_until
                     ^^^^^^^^^^^^^^^^^^^^^^
AttributeError: 'Member' object has no attribute 'timed_out_until'
Ignoring exception in on_member_update
Traceback (most recent call last):
  File "/usr/local/lib/python3.12/site-packages/discord/client.py", line 465, in _run_event
    await coro(*args, **kwargs)
  File "/app/asu_discord/cogs/analytics.py", line 652, in on_member_update
    before_timeout = before.timed_out_until
                     ^^^^^^^^^^^^^^^^^^^^^^
AttributeError: 'Member' object has no attribute 'timed_out_until'
Ignoring exception in on_member_update
Traceback (most recent call last):
  File "/usr/local/lib/python3.12/site-packages/discord/client.py", line 465, in _run_event
    await coro(*args, **kwargs)
  File "/app/asu_discord/cogs/analytics.py", line 652, in on_member_update
    before_timeout = before.timed_out_until
                     ^^^^^^^^^^^^^^^^^^^^^^
AttributeError: 'Member' object has no attribute 'timed_out_until'
Ignoring exception in on_member_update
Traceback (most recent call last):
  File "/usr/local/lib/python3.12/site-packages/discord/client.py", line 465, in _run_event
    await coro(*args, **kwargs)
  File "/app/asu_discord/cogs/analytics.py", line 652, in on_member_update
    before_timeout = before.timed_out_until
                     ^^^^^^^^^^^^^^^^^^^^^^
AttributeError: 'Member' object has no attribute 'timed_out_until'
Ignoring exception in on_member_update
Traceback (most recent call last):
  File "/usr/local/lib/python3.12/site-packages/discord/client.py", line 465, in _run_event
    await coro(*args, **kwargs)
  File "/app/asu_discord/cogs/analytics.py", line 652, in on_member_update
    before_timeout = before.timed_out_until
                     ^^^^^^^^^^^^^^^^^^^^^^
AttributeError: 'Member' object has no attribute 'timed_out_until'
INFO:asu_discord.cogs.verification:Saved 6 roles to database for user pearldao (Discord ID: 764616950348906496)
INFO:asu_discord.cogs.verification:Refreshed Salesforce roles for Discord user 764616950348906496: -6/+6 roles, assigned=[Commited, First Generation Student, First Year, Out of State, Tempe, W.P. Carey School of Business]
Ignoring exception in on_member_update
Traceback (most recent call last):
  File "/usr/local/lib/python3.12/site-packages/discord/client.py", line 465, in _run_event
    await coro(*args, **kwargs)
  File "/app/asu_discord/cogs/analytics.py", line 652, in on_member_update
    before_timeout = before.timed_out_until
                     ^^^^^^^^^^^^^^^^^^^^^^
AttributeError: 'Member' object has no attribute 'timed_out_until'
Ignoring exception in on_member_update
Traceback (most recent call last):
  File "/usr/local/lib/python3.12/site-packages/discord/client.py", line 465, in _run_event
    await coro(*args, **kwargs)
  File "/app/asu_discord/cogs/analytics.py", line 652, in on_member_update
    before_timeout = before.timed_out_until
                     ^^^^^^^^^^^^^^^^^^^^^^
AttributeError: 'Member' object has no attribute 'timed_out_until'
Ignoring exception in on_member_update
Traceback (most recent call last):
  File "/usr/local/lib/python3.12/site-packages/discord/client.py", line 465, in _run_event
    await coro(*args, **kwargs)
  File "/app/asu_discord/cogs/analytics.py", line 652, in on_member_update
    before_timeout = before.timed_out_until
                     ^^^^^^^^^^^^^^^^^^^^^^
AttributeError: 'Member' object has no attribute 'timed_out_until'
Ignoring exception in on_member_update
Traceback (most recent call last):
  File "/usr/local/lib/python3.12/site-packages/discord/client.py", line 465, in _run_event
    await coro(*args, **kwargs)
  File "/app/asu_discord/cogs/analytics.py", line 652, in on_member_update
    before_timeout = before.timed_out_until
                     ^^^^^^^^^^^^^^^^^^^^^^
AttributeError: 'Member' object has no attribute 'timed_out_until'
Ignoring exception in on_member_update
Traceback (most recent call last):
  File "/usr/local/lib/python3.12/site-packages/discord/client.py", line 465, in _run_event
    await coro(*args, **kwargs)
  File "/app/asu_discord/cogs/analytics.py", line 652, in on_member_update
    before_timeout = before.timed_out_until
                     ^^^^^^^^^^^^^^^^^^^^^^
AttributeError: 'Member' object has no attribute 'timed_out_until'
Ignoring exception in on_member_update
Traceback (most recent call last):
  File "/usr/local/lib/python3.12/site-packages/discord/client.py", line 465, in _run_event
    await coro(*args, **kwargs)
  File "/app/asu_discord/cogs/analytics.py", line 652, in on_member_update
    before_timeout = before.timed_out_until
                     ^^^^^^^^^^^^^^^^^^^^^^
AttributeError: 'Member' object has no attribute 'timed_out_until'
Ignoring exception in on_member_update
Traceback (most recent call last):
  File "/usr/local/lib/python3.12/site-packages/discord/client.py", line 465, in _run_event
    await coro(*args, **kwargs)
  File "/app/asu_discord/cogs/analytics.py", line 652, in on_member_update
    before_timeout = before.timed_out_until
                     ^^^^^^^^^^^^^^^^^^^^^^
AttributeError: 'Member' object has no attribute 'timed_out_until'
Ignoring exception in on_member_update
Traceback (most recent call last):
  File "/usr/local/lib/python3.12/site-packages/discord/client.py", line 465, in _run_event
    await coro(*args, **kwargs)
  File "/app/asu_discord/cogs/analytics.py", line 652, in on_member_update
    before_timeout = before.timed_out_until
                     ^^^^^^^^^^^^^^^^^^^^^^
AttributeError: 'Member' object has no attribute 'timed_out_until'
Ignoring exception in on_member_update
Traceback (most recent call last):
  File "/usr/local/lib/python3.12/site-packages/discord/client.py", line 465, in _run_event
    await coro(*args, **kwargs)
  File "/app/asu_discord/cogs/analytics.py", line 652, in on_member_update
    before_timeout = before.timed_out_until
                     ^^^^^^^^^^^^^^^^^^^^^^
AttributeError: 'Member' object has no attribute 'timed_out_until'
Ignoring exception in on_member_update
Traceback (most recent call last):
  File "/usr/local/lib/python3.12/site-packages/discord/client.py", line 465, in _run_event
    await coro(*args, **kwargs)
  File "/app/asu_discord/cogs/analytics.py", line 652, in on_member_update
    before_timeout = before.timed_out_until
                     ^^^^^^^^^^^^^^^^^^^^^^
AttributeError: 'Member' object has no attribute 'timed_out_until'
INFO:asu_discord.cogs.verification:Saved 5 roles to database for user nacordo1 (Discord ID: 1423002335638192128)
INFO:asu_discord.cogs.verification:Refreshed Salesforce roles for Discord user 1423002335638192128: -5/+5 roles, assigned=[College of Liberal Arts and Sciences, First Generation Student, First Year, Out of State, Tempe]
Ignoring exception in on_member_update
Traceback (most recent call last):
  File "/usr/local/lib/python3.12/site-packages/discord/client.py", line 465, in _run_event
    await coro(*args, **kwargs)
  File "/app/asu_discord/cogs/analytics.py", line 652, in on_member_update
    before_timeout = before.timed_out_until
                     ^^^^^^^^^^^^^^^^^^^^^^
AttributeError: 'Member' object has no attribute 'timed_out_until'
Ignoring exception in on_member_update
Traceback (most recent call last):
  File "/usr/local/lib/python3.12/site-packages/discord/client.py", line 465, in _run_event
    await coro(*args, **kwargs)
  File "/app/asu_discord/cogs/analytics.py", line 652, in on_member_update
    before_timeout = before.timed_out_until
                     ^^^^^^^^^^^^^^^^^^^^^^
AttributeError: 'Member' object has no attribute 'timed_out_until'
Ignoring exception in on_member_update
Traceback (most recent call last):
  File "/usr/local/lib/python3.12/site-packages/discord/client.py", line 465, in _run_event
    await coro(*args, **kwargs)
  File "/app/asu_discord/cogs/analytics.py", line 652, in on_member_update
    before_timeout = before.timed_out_until
                     ^^^^^^^^^^^^^^^^^^^^^^
AttributeError: 'Member' object has no attribute 'timed_out_until'
Ignoring exception in on_member_update
Traceback (most recent call last):
  File "/usr/local/lib/python3.12/site-packages/discord/client.py", line 465, in _run_event
    await coro(*args, **kwargs)
  File "/app/asu_discord/cogs/analytics.py", line 652, in on_member_update
    before_timeout = before.timed_out_until
                     ^^^^^^^^^^^^^^^^^^^^^^
AttributeError: 'Member' object has no attribute 'timed_out_until'
Ignoring exception in on_member_update
Traceback (most recent call last):
  File "/usr/local/lib/python3.12/site-packages/discord/client.py", line 465, in _run_event
    await coro(*args, **kwargs)
  File "/app/asu_discord/cogs/analytics.py", line 652, in on_member_update
    before_timeout = before.timed_out_until
                     ^^^^^^^^^^^^^^^^^^^^^^
AttributeError: 'Member' object has no attribute 'timed_out_until'
Ignoring exception in on_member_update
Traceback (most recent call last):
  File "/usr/local/lib/python3.12/site-packages/discord/client.py", line 465, in _run_event
    await coro(*args, **kwargs)
  File "/app/asu_discord/cogs/analytics.py", line 652, in on_member_update
    before_timeout = before.timed_out_until
                     ^^^^^^^^^^^^^^^^^^^^^^
AttributeError: 'Member' object has no attribute 'timed_out_until'
Ignoring exception in on_member_update
Traceback (most recent call last):
  File "/usr/local/lib/python3.12/site-packages/discord/client.py", line 465, in _run_event
    await coro(*args, **kwargs)
  File "/app/asu_discord/cogs/analytics.py", line 652, in on_member_update
    before_timeout = before.timed_out_until
                     ^^^^^^^^^^^^^^^^^^^^^^
AttributeError: 'Member' object has no attribute 'timed_out_until'
Ignoring exception in on_member_update
Traceback (most recent call last):
  File "/usr/local/lib/python3.12/site-packages/discord/client.py", line 465, in _run_event
    await coro(*args, **kwargs)
  File "/app/asu_discord/cogs/analytics.py", line 652, in on_member_update
    before_timeout = before.timed_out_until
                     ^^^^^^^^^^^^^^^^^^^^^^
AttributeError: 'Member' object has no attribute 'timed_out_until'
Ignoring exception in on_member_update
Traceback (most recent call last):
  File "/usr/local/lib/python3.12/site-packages/discord/client.py", line 465, in _run_event
    await coro(*args, **kwargs)
  File "/app/asu_discord/cogs/analytics.py", line 652, in on_member_update
    before_timeout = before.timed_out_until
                     ^^^^^^^^^^^^^^^^^^^^^^
AttributeError: 'Member' object has no attribute 'timed_out_until'
Ignoring exception in on_member_update
Traceback (most recent call last):
  File "/usr/local/lib/python3.12/site-packages/discord/client.py", line 465, in _run_event
    await coro(*args, **kwargs)
  File "/app/asu_discord/cogs/analytics.py", line 652, in on_member_update
    before_timeout = before.timed_out_until
                     ^^^^^^^^^^^^^^^^^^^^^^
AttributeError: 'Member' object has no attribute 'timed_out_until'
INFO:asu_discord.cogs.verification:Saved 5 roles to database for user acalbre2 (Discord ID: 1171888320251441285)
INFO:asu_discord.cogs.verification:Refreshed Salesforce roles for Discord user 1171888320251441285: -5/+5 roles, assigned=[College of Health Solutions, Commited, Downtown Phoenix, First Year, Out of State]
ERROR:cron.jobs:refresh_salesforce_roles: failed for ztasnim7 (Discord ID 736901389296599052): Failed to refresh Salesforce-based roles: Discord user 736901389296599052 is not a member of the guild
Ignoring exception in on_member_update
Traceback (most recent call last):
  File "/usr/local/lib/python3.12/site-packages/discord/client.py", line 465, in _run_event
    await coro(*args, **kwargs)
  File "/app/asu_discord/cogs/analytics.py", line 652, in on_member_update
    before_timeout = before.timed_out_until
                     ^^^^^^^^^^^^^^^^^^^^^^
AttributeError: 'Member' object has no attribute 'timed_out_until'
Ignoring exception in on_member_update
Traceback (most recent call last):
  File "/usr/local/lib/python3.12/site-packages/discord/client.py", line 465, in _run_event
    await coro(*args, **kwargs)
  File "/app/asu_discord/cogs/analytics.py", line 652, in on_member_update
    before_timeout = before.timed_out_until
                     ^^^^^^^^^^^^^^^^^^^^^^
AttributeError: 'Member' object has no attribute 'timed_out_until'
Ignoring exception in on_member_update
Traceback (most recent call last):
  File "/usr/local/lib/python3.12/site-packages/discord/client.py", line 465, in _run_event
    await coro(*args, **kwargs)
  File "/app/asu_discord/cogs/analytics.py", line 652, in on_member_update
    before_timeout = before.timed_out_until
                     ^^^^^^^^^^^^^^^^^^^^^^
AttributeError: 'Member' object has no attribute 'timed_out_until'
Ignoring exception in on_member_update
Traceback (most recent call last):
  File "/usr/local/lib/python3.12/site-packages/discord/client.py", line 465, in _run_event
    await coro(*args, **kwargs)
  File "/app/asu_discord/cogs/analytics.py", line 652, in on_member_update
    before_timeout = before.timed_out_until
                     ^^^^^^^^^^^^^^^^^^^^^^
AttributeError: 'Member' object has no attribute 'timed_out_until'
Ignoring exception in on_member_update
Traceback (most recent call last):
  File "/usr/local/lib/python3.12/site-packages/discord/client.py", line 465, in _run_event
    await coro(*args, **kwargs)
  File "/app/asu_discord/cogs/analytics.py", line 652, in on_member_update
    before_timeout = before.timed_out_until
                     ^^^^^^^^^^^^^^^^^^^^^^
AttributeError: 'Member' object has no attribute 'timed_out_until'
Ignoring exception in on_member_update
Traceback (most recent call last):
  File "/usr/local/lib/python3.12/site-packages/discord/client.py", line 465, in _run_event
    await coro(*args, **kwargs)
  File "/app/asu_discord/cogs/analytics.py", line 652, in on_member_update
    before_timeout = before.timed_out_until
                     ^^^^^^^^^^^^^^^^^^^^^^
AttributeError: 'Member' object has no attribute 'timed_out_until'
Ignoring exception in on_member_update
Traceback (most recent call last):
  File "/usr/local/lib/python3.12/site-packages/discord/client.py", line 465, in _run_event
    await coro(*args, **kwargs)
  File "/app/asu_discord/cogs/analytics.py", line 652, in on_member_update
    before_timeout = before.timed_out_until
                     ^^^^^^^^^^^^^^^^^^^^^^
AttributeError: 'Member' object has no attribute 'timed_out_until'
Ignoring exception in on_member_update
Traceback (most recent call last):
  File "/usr/local/lib/python3.12/site-packages/discord/client.py", line 465, in _run_event
    await coro(*args, **kwargs)
  File "/app/asu_discord/cogs/analytics.py", line 652, in on_member_update
    before_timeout = before.timed_out_until
                     ^^^^^^^^^^^^^^^^^^^^^^
AttributeError: 'Member' object has no attribute 'timed_out_until'
Ignoring exception in on_member_update
Traceback (most recent call last):
  File "/usr/local/lib/python3.12/site-packages/discord/client.py", line 465, in _run_event
    await coro(*args, **kwargs)
  File "/app/asu_discord/cogs/analytics.py", line 652, in on_member_update
    before_timeout = before.timed_out_until
                     ^^^^^^^^^^^^^^^^^^^^^^
AttributeError: 'Member' object has no attribute 'timed_out_until'
INFO:asu_discord.cogs.verification:Saved 5 roles to database for user palmerco (Discord ID: 1029127664948236298)
INFO:asu_discord.cogs.verification:Refreshed Salesforce roles for Discord user 1029127664948236298: -4/+5 roles, assigned=[Commited, Downtown Phoenix, First Year, Out of State, Walter Cronkite School of Journalism and Mass Communication]
ERROR:cron.jobs:refresh_salesforce_roles: failed for mkuriha1 (Discord ID 1008511673591668796): Failed to refresh Salesforce-based roles: Discord user 1008511673591668796 is not a member of the guild
Ignoring exception in on_member_update
Traceback (most recent call last):
  File "/usr/local/lib/python3.12/site-packages/discord/client.py", line 465, in _run_event
    await coro(*args, **kwargs)
  File "/app/asu_discord/cogs/analytics.py", line 652, in on_member_update
    before_timeout = before.timed_out_until
                     ^^^^^^^^^^^^^^^^^^^^^^
AttributeError: 'Member' object has no attribute 'timed_out_until'
Ignoring exception in on_member_update
Traceback (most recent call last):
  File "/usr/local/lib/python3.12/site-packages/discord/client.py", line 465, in _run_event
    await coro(*args, **kwargs)
  File "/app/asu_discord/cogs/analytics.py", line 652, in on_member_update
    before_timeout = before.timed_out_until
                     ^^^^^^^^^^^^^^^^^^^^^^
AttributeError: 'Member' object has no attribute 'timed_out_until'
Ignoring exception in on_member_update
Traceback (most recent call last):
  File "/usr/local/lib/python3.12/site-packages/discord/client.py", line 465, in _run_event
    await coro(*args, **kwargs)
  File "/app/asu_discord/cogs/analytics.py", line 652, in on_member_update
    before_timeout = before.timed_out_until
                     ^^^^^^^^^^^^^^^^^^^^^^
AttributeError: 'Member' object has no attribute 'timed_out_until'
Ignoring exception in on_member_update
Traceback (most recent call last):
  File "/usr/local/lib/python3.12/site-packages/discord/client.py", line 465, in _run_event
    await coro(*args, **kwargs)
  File "/app/asu_discord/cogs/analytics.py", line 652, in on_member_update
    before_timeout = before.timed_out_until
                     ^^^^^^^^^^^^^^^^^^^^^^
AttributeError: 'Member' object has no attribute 'timed_out_until'
Ignoring exception in on_member_update
Traceback (most recent call last):
  File "/usr/local/lib/python3.12/site-packages/discord/client.py", line 465, in _run_event
    await coro(*args, **kwargs)
  File "/app/asu_discord/cogs/analytics.py", line 652, in on_member_update
    before_timeout = before.timed_out_until
                     ^^^^^^^^^^^^^^^^^^^^^^
AttributeError: 'Member' object has no attribute 'timed_out_until'
Ignoring exception in on_member_update
Traceback (most recent call last):
  File "/usr/local/lib/python3.12/site-packages/discord/client.py", line 465, in _run_event
    await coro(*args, **kwargs)
  File "/app/asu_discord/cogs/analytics.py", line 652, in on_member_update
    before_timeout = before.timed_out_until
                     ^^^^^^^^^^^^^^^^^^^^^^
AttributeError: 'Member' object has no attribute 'timed_out_until'
Ignoring exception in on_member_update
Traceback (most recent call last):
  File "/usr/local/lib/python3.12/site-packages/discord/client.py", line 465, in _run_event
    await coro(*args, **kwargs)
  File "/app/asu_discord/cogs/analytics.py", line 652, in on_member_update
    before_timeout = before.timed_out_until
                     ^^^^^^^^^^^^^^^^^^^^^^
AttributeError: 'Member' object has no attribute 'timed_out_until'
Ignoring exception in on_member_update
Traceback (most recent call last):
  File "/usr/local/lib/python3.12/site-packages/discord/client.py", line 465, in _run_event
    await coro(*args, **kwargs)
  File "/app/asu_discord/cogs/analytics.py", line 652, in on_member_update
    before_timeout = before.timed_out_until
                     ^^^^^^^^^^^^^^^^^^^^^^
AttributeError: 'Member' object has no attribute 'timed_out_until'
Ignoring exception in on_member_update
Traceback (most recent call last):
  File "/usr/local/lib/python3.12/site-packages/discord/client.py", line 465, in _run_event
    await coro(*args, **kwargs)
  File "/app/asu_discord/cogs/analytics.py", line 652, in on_member_update
    before_timeout = before.timed_out_until
                     ^^^^^^^^^^^^^^^^^^^^^^
AttributeError: 'Member' object has no attribute 'timed_out_until'
Ignoring exception in on_member_update
Traceback (most recent call last):
  File "/usr/local/lib/python3.12/site-packages/discord/client.py", line 465, in _run_event
    await coro(*args, **kwargs)
  File "/app/asu_discord/cogs/analytics.py", line 652, in on_member_update
    before_timeout = before.timed_out_until
                     ^^^^^^^^^^^^^^^^^^^^^^
AttributeError: 'Member' object has no attribute 'timed_out_until'
INFO:asu_discord.cogs.verification:Saved 5 roles to database for user tjohn416 (Discord ID: 827729822888886272)
INFO:asu_discord.cogs.verification:Refreshed Salesforce roles for Discord user 827729822888886272: -5/+5 roles, assigned=[College of Liberal Arts and Sciences, Commited, First Year, Out of State, Polytechnic]
Ignoring exception in on_member_update
Traceback (most recent call last):
  File "/usr/local/lib/python3.12/site-packages/discord/client.py", line 465, in _run_event
    await coro(*args, **kwargs)
  File "/app/asu_discord/cogs/analytics.py", line 652, in on_member_update
    before_timeout = before.timed_out_until
                     ^^^^^^^^^^^^^^^^^^^^^^
AttributeError: 'Member' object has no attribute 'timed_out_until'
Ignoring exception in on_member_update
Traceback (most recent call last):
  File "/usr/local/lib/python3.12/site-packages/discord/client.py", line 465, in _run_event
    await coro(*args, **kwargs)
  File "/app/asu_discord/cogs/analytics.py", line 652, in on_member_update
    before_timeout = before.timed_out_until
                     ^^^^^^^^^^^^^^^^^^^^^^
AttributeError: 'Member' object has no attribute 'timed_out_until'
Ignoring exception in on_member_update
Traceback (most recent call last):
  File "/usr/local/lib/python3.12/site-packages/discord/client.py", line 465, in _run_event
    await coro(*args, **kwargs)
  File "/app/asu_discord/cogs/analytics.py", line 652, in on_member_update
    before_timeout = before.timed_out_until
                     ^^^^^^^^^^^^^^^^^^^^^^
AttributeError: 'Member' object has no attribute 'timed_out_until'
Ignoring exception in on_member_update
Traceback (most recent call last):
  File "/usr/local/lib/python3.12/site-packages/discord/client.py", line 465, in _run_event
    await coro(*args, **kwargs)
  File "/app/asu_discord/cogs/analytics.py", line 652, in on_member_update
    before_timeout = before.timed_out_until
                     ^^^^^^^^^^^^^^^^^^^^^^
AttributeError: 'Member' object has no attribute 'timed_out_until'
Ignoring exception in on_member_update
Traceback (most recent call last):
  File "/usr/local/lib/python3.12/site-packages/discord/client.py", line 465, in _run_event
    await coro(*args, **kwargs)
  File "/app/asu_discord/cogs/analytics.py", line 652, in on_member_update
    before_timeout = before.timed_out_until
                     ^^^^^^^^^^^^^^^^^^^^^^
AttributeError: 'Member' object has no attribute 'timed_out_until'
Ignoring exception in on_member_update
Traceback (most recent call last):
  File "/usr/local/lib/python3.12/site-packages/discord/client.py", line 465, in _run_event
    await coro(*args, **kwargs)
  File "/app/asu_discord/cogs/analytics.py", line 652, in on_member_update
    before_timeout = before.timed_out_until
                     ^^^^^^^^^^^^^^^^^^^^^^
AttributeError: 'Member' object has no attribute 'timed_out_until'
Ignoring exception in on_member_update
Traceback (most recent call last):
  File "/usr/local/lib/python3.12/site-packages/discord/client.py", line 465, in _run_event
    await coro(*args, **kwargs)
  File "/app/asu_discord/cogs/analytics.py", line 652, in on_member_update
    before_timeout = before.timed_out_until
                     ^^^^^^^^^^^^^^^^^^^^^^
AttributeError: 'Member' object has no attribute 'timed_out_until'
Ignoring exception in on_member_update
Traceback (most recent call last):
  File "/usr/local/lib/python3.12/site-packages/discord/client.py", line 465, in _run_event
    await coro(*args, **kwargs)
  File "/app/asu_discord/cogs/analytics.py", line 652, in on_member_update
    before_timeout = before.timed_out_until
                     ^^^^^^^^^^^^^^^^^^^^^^
AttributeError: 'Member' object has no attribute 'timed_out_until'
Ignoring exception in on_member_update
Traceback (most recent call last):
  File "/usr/local/lib/python3.12/site-packages/discord/client.py", line 465, in _run_event
    await coro(*args, **kwargs)
  File "/app/asu_discord/cogs/analytics.py", line 652, in on_member_update
    before_timeout = before.timed_out_until
                     ^^^^^^^^^^^^^^^^^^^^^^
AttributeError: 'Member' object has no attribute 'timed_out_until'
INFO:asu_discord.cogs.verification:Saved 5 roles to database for user gtuffuor (Discord ID: 1006254940831879278)
INFO:asu_discord.cogs.verification:Refreshed Salesforce roles for Discord user 1006254940831879278: -5/+4 roles, assigned=[Commited, First Year, International Student, Ira A. Fulton Schools of Engineering, Tempe]
Ignoring exception in on_member_update
Traceback (most recent call last):
  File "/usr/local/lib/python3.12/site-packages/discord/client.py", line 465, in _run_event
    await coro(*args, **kwargs)
  File "/app/asu_discord/cogs/analytics.py", line 652, in on_member_update
    before_timeout = before.timed_out_until
                     ^^^^^^^^^^^^^^^^^^^^^^
AttributeError: 'Member' object has no attribute 'timed_out_until'
Ignoring exception in on_member_update
Traceback (most recent call last):
  File "/usr/local/lib/python3.12/site-packages/discord/client.py", line 465, in _run_event
    await coro(*args, **kwargs)
  File "/app/asu_discord/cogs/analytics.py", line 652, in on_member_update
    before_timeout = before.timed_out_until
                     ^^^^^^^^^^^^^^^^^^^^^^
AttributeError: 'Member' object has no attribute 'timed_out_until'
Ignoring exception in on_member_update
Traceback (most recent call last):
  File "/usr/local/lib/python3.12/site-packages/discord/client.py", line 465, in _run_event
    await coro(*args, **kwargs)
  File "/app/asu_discord/cogs/analytics.py", line 652, in on_member_update
    before_timeout = before.timed_out_until
                     ^^^^^^^^^^^^^^^^^^^^^^
AttributeError: 'Member' object has no attribute 'timed_out_until'
Ignoring exception in on_member_update
Traceback (most recent call last):
  File "/usr/local/lib/python3.12/site-packages/discord/client.py", line 465, in _run_event
    await coro(*args, **kwargs)
  File "/app/asu_discord/cogs/analytics.py", line 652, in on_member_update
    before_timeout = before.timed_out_until
                     ^^^^^^^^^^^^^^^^^^^^^^
AttributeError: 'Member' object has no attribute 'timed_out_until'
Ignoring exception in on_member_update
Traceback (most recent call last):
  File "/usr/local/lib/python3.12/site-packages/discord/client.py", line 465, in _run_event
    await coro(*args, **kwargs)
  File "/app/asu_discord/cogs/analytics.py", line 652, in on_member_update
    before_timeout = before.timed_out_until
                     ^^^^^^^^^^^^^^^^^^^^^^
AttributeError: 'Member' object has no attribute 'timed_out_until'
Ignoring exception in on_member_update
Traceback (most recent call last):
  File "/usr/local/lib/python3.12/site-packages/discord/client.py", line 465, in _run_event
    await coro(*args, **kwargs)
  File "/app/asu_discord/cogs/analytics.py", line 652, in on_member_update
    before_timeout = before.timed_out_until
                     ^^^^^^^^^^^^^^^^^^^^^^
AttributeError: 'Member' object has no attribute 'timed_out_until'
Ignoring exception in on_member_update
Traceback (most recent call last):
  File "/usr/local/lib/python3.12/site-packages/discord/client.py", line 465, in _run_event
    await coro(*args, **kwargs)
  File "/app/asu_discord/cogs/analytics.py", line 652, in on_member_update
    before_timeout = before.timed_out_until
                     ^^^^^^^^^^^^^^^^^^^^^^
AttributeError: 'Member' object has no attribute 'timed_out_until'
Ignoring exception in on_member_update
Traceback (most recent call last):
  File "/usr/local/lib/python3.12/site-packages/discord/client.py", line 465, in _run_event
    await coro(*args, **kwargs)
  File "/app/asu_discord/cogs/analytics.py", line 652, in on_member_update
    before_timeout = before.timed_out_until
                     ^^^^^^^^^^^^^^^^^^^^^^
AttributeError: 'Member' object has no attribute 'timed_out_until'
Ignoring exception in on_member_update
Traceback (most recent call last):
  File "/usr/local/lib/python3.12/site-packages/discord/client.py", line 465, in _run_event
    await coro(*args, **kwargs)
  File "/app/asu_discord/cogs/analytics.py", line 652, in on_member_update
    before_timeout = before.timed_out_until
                     ^^^^^^^^^^^^^^^^^^^^^^
AttributeError: 'Member' object has no attribute 'timed_out_until'
Ignoring exception in on_member_update
Traceback (most recent call last):
  File "/usr/local/lib/python3.12/site-packages/discord/client.py", line 465, in _run_event
    await coro(*args, **kwargs)
  File "/app/asu_discord/cogs/analytics.py", line 652, in on_member_update
    before_timeout = before.timed_out_until
                     ^^^^^^^^^^^^^^^^^^^^^^
AttributeError: 'Member' object has no attribute 'timed_out_until'
Ignoring exception in on_member_update
Traceback (most recent call last):
  File "/usr/local/lib/python3.12/site-packages/discord/client.py", line 465, in _run_event
    await coro(*args, **kwargs)
  File "/app/asu_discord/cogs/analytics.py", line 652, in on_member_update
    before_timeout = before.timed_out_until
                     ^^^^^^^^^^^^^^^^^^^^^^
AttributeError: 'Member' object has no attribute 'timed_out_until'
Ignoring exception in on_member_update
Traceback (most recent call last):
  File "/usr/local/lib/python3.12/site-packages/discord/client.py", line 465, in _run_event
    await coro(*args, **kwargs)
  File "/app/asu_discord/cogs/analytics.py", line 652, in on_member_update
    before_timeout = before.timed_out_until
                     ^^^^^^^^^^^^^^^^^^^^^^
AttributeError: 'Member' object has no attribute 'timed_out_until'
INFO:asu_discord.cogs.verification:Saved 6 roles to database for user clementi (Discord ID: 1465052027506921494)
INFO:asu_discord.cogs.verification:Refreshed Salesforce roles for Discord user 1465052027506921494: -6/+6 roles, assigned=[Arizona Resident, Commited, First Generation Student, First Year, Tempe, W.P. Carey School of Business]
Ignoring exception in on_member_update
Traceback (most recent call last):
  File "/usr/local/lib/python3.12/site-packages/discord/client.py", line 465, in _run_event
    await coro(*args, **kwargs)
  File "/app/asu_discord/cogs/analytics.py", line 652, in on_member_update
    before_timeout = before.timed_out_until
                     ^^^^^^^^^^^^^^^^^^^^^^
AttributeError: 'Member' object has no attribute 'timed_out_until'
Ignoring exception in on_member_update
Traceback (most recent call last):
  File "/usr/local/lib/python3.12/site-packages/discord/client.py", line 465, in _run_event
    await coro(*args, **kwargs)
  File "/app/asu_discord/cogs/analytics.py", line 652, in on_member_update
    before_timeout = before.timed_out_until
                     ^^^^^^^^^^^^^^^^^^^^^^
AttributeError: 'Member' object has no attribute 'timed_out_until'
Ignoring exception in on_member_update
Traceback (most recent call last):
  File "/usr/local/lib/python3.12/site-packages/discord/client.py", line 465, in _run_event
    await coro(*args, **kwargs)
  File "/app/asu_discord/cogs/analytics.py", line 652, in on_member_update
    before_timeout = before.timed_out_until
                     ^^^^^^^^^^^^^^^^^^^^^^
AttributeError: 'Member' object has no attribute 'timed_out_until'
Ignoring exception in on_member_update
Traceback (most recent call last):
  File "/usr/local/lib/python3.12/site-packages/discord/client.py", line 465, in _run_event
    await coro(*args, **kwargs)
  File "/app/asu_discord/cogs/analytics.py", line 652, in on_member_update
    before_timeout = before.timed_out_until
                     ^^^^^^^^^^^^^^^^^^^^^^
AttributeError: 'Member' object has no attribute 'timed_out_until'
Ignoring exception in on_member_update
Traceback (most recent call last):
  File "/usr/local/lib/python3.12/site-packages/discord/client.py", line 465, in _run_event
    await coro(*args, **kwargs)
  File "/app/asu_discord/cogs/analytics.py", line 652, in on_member_update
    before_timeout = before.timed_out_until
                     ^^^^^^^^^^^^^^^^^^^^^^
AttributeError: 'Member' object has no attribute 'timed_out_until'
Ignoring exception in on_member_update
Traceback (most recent call last):
  File "/usr/local/lib/python3.12/site-packages/discord/client.py", line 465, in _run_event
    await coro(*args, **kwargs)
  File "/app/asu_discord/cogs/analytics.py", line 652, in on_member_update
    before_timeout = before.timed_out_until
                     ^^^^^^^^^^^^^^^^^^^^^^
AttributeError: 'Member' object has no attribute 'timed_out_until'
Ignoring exception in on_member_update
Traceback (most recent call last):
  File "/usr/local/lib/python3.12/site-packages/discord/client.py", line 465, in _run_event
    await coro(*args, **kwargs)
  File "/app/asu_discord/cogs/analytics.py", line 652, in on_member_update
    before_timeout = before.timed_out_until
                     ^^^^^^^^^^^^^^^^^^^^^^
AttributeError: 'Member' object has no attribute 'timed_out_until'
Ignoring exception in on_member_update
Traceback (most recent call last):
  File "/usr/local/lib/python3.12/site-packages/discord/client.py", line 465, in _run_event
    await coro(*args, **kwargs)
  File "/app/asu_discord/cogs/analytics.py", line 652, in on_member_update
    before_timeout = before.timed_out_until
                     ^^^^^^^^^^^^^^^^^^^^^^
AttributeError: 'Member' object has no attribute 'timed_out_until'
Ignoring exception in on_member_update
Traceback (most recent call last):
  File "/usr/local/lib/python3.12/site-packages/discord/client.py", line 465, in _run_event
    await coro(*args, **kwargs)
  File "/app/asu_discord/cogs/analytics.py", line 652, in on_member_update
    before_timeout = before.timed_out_until
                     ^^^^^^^^^^^^^^^^^^^^^^
AttributeError: 'Member' object has no attribute 'timed_out_until'
Ignoring exception in on_member_update
Traceback (most recent call last):
  File "/usr/local/lib/python3.12/site-packages/discord/client.py", line 465, in _run_event
    await coro(*args, **kwargs)
  File "/app/asu_discord/cogs/analytics.py", line 652, in on_member_update
    before_timeout = before.timed_out_until
                     ^^^^^^^^^^^^^^^^^^^^^^
AttributeError: 'Member' object has no attribute 'timed_out_until'
Ignoring exception in on_member_update
Traceback (most recent call last):
  File "/usr/local/lib/python3.12/site-packages/discord/client.py", line 465, in _run_event
    await coro(*args, **kwargs)
  File "/app/asu_discord/cogs/analytics.py", line 652, in on_member_update
    before_timeout = before.timed_out_until
                     ^^^^^^^^^^^^^^^^^^^^^^
AttributeError: 'Member' object has no attribute 'timed_out_until'
Ignoring exception in on_member_update
Traceback (most recent call last):
  File "/usr/local/lib/python3.12/site-packages/discord/client.py", line 465, in _run_event
    await coro(*args, **kwargs)
  File "/app/asu_discord/cogs/analytics.py", line 652, in on_member_update
    before_timeout = before.timed_out_until
                     ^^^^^^^^^^^^^^^^^^^^^^
AttributeError: 'Member' object has no attribute 'timed_out_until'
INFO:asu_discord.cogs.verification:Saved 6 roles to database for user dkwheelw (Discord ID: 891106939377942568)
INFO:asu_discord.cogs.verification:Refreshed Salesforce roles for Discord user 891106939377942568: -6/+6 roles, assigned=[Arizona Resident, Commited, First Generation Student, First Year, Ira A. Fulton Schools of Engineering, Tempe]
Ignoring exception in on_member_update
Traceback (most recent call last):
  File "/usr/local/lib/python3.12/site-packages/discord/client.py", line 465, in _run_event
    await coro(*args, **kwargs)
  File "/app/asu_discord/cogs/analytics.py", line 652, in on_member_update
    before_timeout = before.timed_out_until
                     ^^^^^^^^^^^^^^^^^^^^^^
AttributeError: 'Member' object has no attribute 'timed_out_until'
Ignoring exception in on_member_update
Traceback (most recent call last):
  File "/usr/local/lib/python3.12/site-packages/discord/client.py", line 465, in _run_event
    await coro(*args, **kwargs)
  File "/app/asu_discord/cogs/analytics.py", line 652, in on_member_update
    before_timeout = before.timed_out_until
                     ^^^^^^^^^^^^^^^^^^^^^^
AttributeError: 'Member' object has no attribute 'timed_out_until'
Ignoring exception in on_member_update
Traceback (most recent call last):
  File "/usr/local/lib/python3.12/site-packages/discord/client.py", line 465, in _run_event
    await coro(*args, **kwargs)
  File "/app/asu_discord/cogs/analytics.py", line 652, in on_member_update
    before_timeout = before.timed_out_until
                     ^^^^^^^^^^^^^^^^^^^^^^
AttributeError: 'Member' object has no attribute 'timed_out_until'
Ignoring exception in on_member_update
Traceback (most recent call last):
  File "/usr/local/lib/python3.12/site-packages/discord/client.py", line 465, in _run_event
    await coro(*args, **kwargs)
  File "/app/asu_discord/cogs/analytics.py", line 652, in on_member_update
    before_timeout = before.timed_out_until
                     ^^^^^^^^^^^^^^^^^^^^^^
AttributeError: 'Member' object has no attribute 'timed_out_until'
Ignoring exception in on_member_update
Traceback (most recent call last):
  File "/usr/local/lib/python3.12/site-packages/discord/client.py", line 465, in _run_event
    await coro(*args, **kwargs)
  File "/app/asu_discord/cogs/analytics.py", line 652, in on_member_update
    before_timeout = before.timed_out_until
                     ^^^^^^^^^^^^^^^^^^^^^^
AttributeError: 'Member' object has no attribute 'timed_out_until'
Ignoring exception in on_member_update
Traceback (most recent call last):
  File "/usr/local/lib/python3.12/site-packages/discord/client.py", line 465, in _run_event
    await coro(*args, **kwargs)
  File "/app/asu_discord/cogs/analytics.py", line 652, in on_member_update
    before_timeout = before.timed_out_until
                     ^^^^^^^^^^^^^^^^^^^^^^
AttributeError: 'Member' object has no attribute 'timed_out_until'
Ignoring exception in on_member_update
Traceback (most recent call last):
  File "/usr/local/lib/python3.12/site-packages/discord/client.py", line 465, in _run_event
    await coro(*args, **kwargs)
  File "/app/asu_discord/cogs/analytics.py", line 652, in on_member_update
    before_timeout = before.timed_out_until
                     ^^^^^^^^^^^^^^^^^^^^^^
AttributeError: 'Member' object has no attribute 'timed_out_until'
Ignoring exception in on_member_update
Traceback (most recent call last):
  File "/usr/local/lib/python3.12/site-packages/discord/client.py", line 465, in _run_event
    await coro(*args, **kwargs)
  File "/app/asu_discord/cogs/analytics.py", line 652, in on_member_update
    before_timeout = before.timed_out_until
                     ^^^^^^^^^^^^^^^^^^^^^^
AttributeError: 'Member' object has no attribute 'timed_out_until'
Ignoring exception in on_member_update
Traceback (most recent call last):
  File "/usr/local/lib/python3.12/site-packages/discord/client.py", line 465, in _run_event
    await coro(*args, **kwargs)
  File "/app/asu_discord/cogs/analytics.py", line 652, in on_member_update
    before_timeout = before.timed_out_until
                     ^^^^^^^^^^^^^^^^^^^^^^
AttributeError: 'Member' object has no attribute 'timed_out_until'
Ignoring exception in on_member_update
Traceback (most recent call last):
  File "/usr/local/lib/python3.12/site-packages/discord/client.py", line 465, in _run_event
    await coro(*args, **kwargs)
  File "/app/asu_discord/cogs/analytics.py", line 652, in on_member_update
    before_timeout = before.timed_out_until
                     ^^^^^^^^^^^^^^^^^^^^^^
AttributeError: 'Member' object has no attribute 'timed_out_until'
INFO:asu_discord.cogs.verification:Saved 5 roles to database for user hcander5 (Discord ID: 506951995425554443)
INFO:asu_discord.cogs.verification:Refreshed Salesforce roles for Discord user 506951995425554443: -5/+5 roles, assigned=[Arizona Resident, Commited, First Year, Tempe, W.P. Carey School of Business]
ERROR:cron.jobs:refresh_salesforce_roles: failed for ngalva11 (Discord ID 1414322845248651354): Failed to refresh Salesforce-based roles: Discord user 1414322845248651354 is not a member of the guild
ERROR:cron.jobs:refresh_salesforce_roles: failed for sgarc326 (Discord ID 286155647362269185): Failed to refresh Salesforce-based roles: Discord user 286155647362269185 is not a member of the guild
Ignoring exception in on_member_update
Traceback (most recent call last):
  File "/usr/local/lib/python3.12/site-packages/discord/client.py", line 465, in _run_event
    await coro(*args, **kwargs)
  File "/app/asu_discord/cogs/analytics.py", line 652, in on_member_update
    before_timeout = before.timed_out_until
                     ^^^^^^^^^^^^^^^^^^^^^^
AttributeError: 'Member' object has no attribute 'timed_out_until'
Ignoring exception in on_member_update
Traceback (most recent call last):
  File "/usr/local/lib/python3.12/site-packages/discord/client.py", line 465, in _run_event
    await coro(*args, **kwargs)
  File "/app/asu_discord/cogs/analytics.py", line 652, in on_member_update
    before_timeout = before.timed_out_until
                     ^^^^^^^^^^^^^^^^^^^^^^
AttributeError: 'Member' object has no attribute 'timed_out_until'
Ignoring exception in on_member_update
Traceback (most recent call last):
  File "/usr/local/lib/python3.12/site-packages/discord/client.py", line 465, in _run_event
    await coro(*args, **kwargs)
  File "/app/asu_discord/cogs/analytics.py", line 652, in on_member_update
    before_timeout = before.timed_out_until
                     ^^^^^^^^^^^^^^^^^^^^^^
AttributeError: 'Member' object has no attribute 'timed_out_until'
Ignoring exception in on_member_update
Traceback (most recent call last):
  File "/usr/local/lib/python3.12/site-packages/discord/client.py", line 465, in _run_event
    await coro(*args, **kwargs)
  File "/app/asu_discord/cogs/analytics.py", line 652, in on_member_update
    before_timeout = before.timed_out_until
                     ^^^^^^^^^^^^^^^^^^^^^^
AttributeError: 'Member' object has no attribute 'timed_out_until'
Ignoring exception in on_member_update
Traceback (most recent call last):
  File "/usr/local/lib/python3.12/site-packages/discord/client.py", line 465, in _run_event
    await coro(*args, **kwargs)
  File "/app/asu_discord/cogs/analytics.py", line 652, in on_member_update
    before_timeout = before.timed_out_until
                     ^^^^^^^^^^^^^^^^^^^^^^
AttributeError: 'Member' object has no attribute 'timed_out_until'
Ignoring exception in on_member_update
Traceback (most recent call last):
  File "/usr/local/lib/python3.12/site-packages/discord/client.py", line 465, in _run_event
    await coro(*args, **kwargs)
  File "/app/asu_discord/cogs/analytics.py", line 652, in on_member_update
    before_timeout = before.timed_out_until
                     ^^^^^^^^^^^^^^^^^^^^^^
AttributeError: 'Member' object has no attribute 'timed_out_until'
Ignoring exception in on_member_update
Traceback (most recent call last):
  File "/usr/local/lib/python3.12/site-packages/discord/client.py", line 465, in _run_event
    await coro(*args, **kwargs)
  File "/app/asu_discord/cogs/analytics.py", line 652, in on_member_update
    before_timeout = before.timed_out_until
                     ^^^^^^^^^^^^^^^^^^^^^^
AttributeError: 'Member' object has no attribute 'timed_out_until'
Ignoring exception in on_member_update
Traceback (most recent call last):
  File "/usr/local/lib/python3.12/site-packages/discord/client.py", line 465, in _run_event
    await coro(*args, **kwargs)
  File "/app/asu_discord/cogs/analytics.py", line 652, in on_member_update
    before_timeout = before.timed_out_until
                     ^^^^^^^^^^^^^^^^^^^^^^
AttributeError: 'Member' object has no attribute 'timed_out_until'
INFO:asu_discord.cogs.verification:Saved 4 roles to database for user annicho7 (Discord ID: 1466571439552331789)
INFO:asu_discord.cogs.verification:Refreshed Salesforce roles for Discord user 1466571439552331789: -4/+4 roles, assigned=[Arizona Resident, First Year, Ira A. Fulton Schools of Engineering, Tempe]
Ignoring exception in on_member_update
Traceback (most recent call last):
  File "/usr/local/lib/python3.12/site-packages/discord/client.py", line 465, in _run_event
    await coro(*args, **kwargs)
  File "/app/asu_discord/cogs/analytics.py", line 652, in on_member_update
    before_timeout = before.timed_out_until
                     ^^^^^^^^^^^^^^^^^^^^^^
AttributeError: 'Member' object has no attribute 'timed_out_until'
Ignoring exception in on_member_update
Traceback (most recent call last):
  File "/usr/local/lib/python3.12/site-packages/discord/client.py", line 465, in _run_event
    await coro(*args, **kwargs)
  File "/app/asu_discord/cogs/analytics.py", line 652, in on_member_update
    before_timeout = before.timed_out_until
                     ^^^^^^^^^^^^^^^^^^^^^^
AttributeError: 'Member' object has no attribute 'timed_out_until'
Ignoring exception in on_member_update
Traceback (most recent call last):
  File "/usr/local/lib/python3.12/site-packages/discord/client.py", line 465, in _run_event
    await coro(*args, **kwargs)
  File "/app/asu_discord/cogs/analytics.py", line 652, in on_member_update
    before_timeout = before.timed_out_until
                     ^^^^^^^^^^^^^^^^^^^^^^
AttributeError: 'Member' object has no attribute 'timed_out_until'
Ignoring exception in on_member_update
Traceback (most recent call last):
  File "/usr/local/lib/python3.12/site-packages/discord/client.py", line 465, in _run_event
    await coro(*args, **kwargs)
  File "/app/asu_discord/cogs/analytics.py", line 652, in on_member_update
    before_timeout = before.timed_out_until
                     ^^^^^^^^^^^^^^^^^^^^^^
AttributeError: 'Member' object has no attribute 'timed_out_until'
Ignoring exception in on_member_update
Traceback (most recent call last):
  File "/usr/local/lib/python3.12/site-packages/discord/client.py", line 465, in _run_event
    await coro(*args, **kwargs)
  File "/app/asu_discord/cogs/analytics.py", line 652, in on_member_update
    before_timeout = before.timed_out_until
                     ^^^^^^^^^^^^^^^^^^^^^^
AttributeError: 'Member' object has no attribute 'timed_out_until'
Ignoring exception in on_member_update
Traceback (most recent call last):
  File "/usr/local/lib/python3.12/site-packages/discord/client.py", line 465, in _run_event
    await coro(*args, **kwargs)
  File "/app/asu_discord/cogs/analytics.py", line 652, in on_member_update
    before_timeout = before.timed_out_until
                     ^^^^^^^^^^^^^^^^^^^^^^
AttributeError: 'Member' object has no attribute 'timed_out_until'
Ignoring exception in on_member_update
Traceback (most recent call last):
  File "/usr/local/lib/python3.12/site-packages/discord/client.py", line 465, in _run_event
    await coro(*args, **kwargs)
  File "/app/asu_discord/cogs/analytics.py", line 652, in on_member_update
    before_timeout = before.timed_out_until
                     ^^^^^^^^^^^^^^^^^^^^^^
AttributeError: 'Member' object has no attribute 'timed_out_until'
Ignoring exception in on_member_update
Traceback (most recent call last):
  File "/usr/local/lib/python3.12/site-packages/discord/client.py", line 465, in _run_event
    await coro(*args, **kwargs)
  File "/app/asu_discord/cogs/analytics.py", line 652, in on_member_update
    before_timeout = before.timed_out_until
                     ^^^^^^^^^^^^^^^^^^^^^^
AttributeError: 'Member' object has no attribute 'timed_out_until'
INFO:asu_discord.cogs.verification:Saved 4 roles to database for user lwhiten1 (Discord ID: 1466575438926188806)
INFO:asu_discord.cogs.verification:Refreshed Salesforce roles for Discord user 1466575438926188806: -4/+4 roles, assigned=[First Year, Out of State, Tempe, University College]
Ignoring exception in on_member_update
Traceback (most recent call last):
  File "/usr/local/lib/python3.12/site-packages/discord/client.py", line 465, in _run_event
    await coro(*args, **kwargs)
  File "/app/asu_discord/cogs/analytics.py", line 652, in on_member_update
    before_timeout = before.timed_out_until
                     ^^^^^^^^^^^^^^^^^^^^^^
AttributeError: 'Member' object has no attribute 'timed_out_until'
Ignoring exception in on_member_update
Traceback (most recent call last):
  File "/usr/local/lib/python3.12/site-packages/discord/client.py", line 465, in _run_event
    await coro(*args, **kwargs)
  File "/app/asu_discord/cogs/analytics.py", line 652, in on_member_update
    before_timeout = before.timed_out_until
                     ^^^^^^^^^^^^^^^^^^^^^^
AttributeError: 'Member' object has no attribute 'timed_out_until'
INFO:asu_discord.cogs.verification:Saved 1 roles to database for user gsulli17 (Discord ID: 1465776919634120889)
INFO:asu_discord.cogs.verification:Refreshed Salesforce roles for Discord user 1465776919634120889: -1/+1 roles, assigned=[Out of State]
Ignoring exception in on_member_update
Traceback (most recent call last):
  File "/usr/local/lib/python3.12/site-packages/discord/client.py", line 465, in _run_event
    await coro(*args, **kwargs)
  File "/app/asu_discord/cogs/analytics.py", line 652, in on_member_update
    before_timeout = before.timed_out_until
                     ^^^^^^^^^^^^^^^^^^^^^^
AttributeError: 'Member' object has no attribute 'timed_out_until'
Ignoring exception in on_member_update
Traceback (most recent call last):
  File "/usr/local/lib/python3.12/site-packages/discord/client.py", line 465, in _run_event
    await coro(*args, **kwargs)
  File "/app/asu_discord/cogs/analytics.py", line 652, in on_member_update
    before_timeout = before.timed_out_until
                     ^^^^^^^^^^^^^^^^^^^^^^
AttributeError: 'Member' object has no attribute 'timed_out_until'
Ignoring exception in on_member_update
Traceback (most recent call last):
  File "/usr/local/lib/python3.12/site-packages/discord/client.py", line 465, in _run_event
    await coro(*args, **kwargs)
  File "/app/asu_discord/cogs/analytics.py", line 652, in on_member_update
    before_timeout = before.timed_out_until
                     ^^^^^^^^^^^^^^^^^^^^^^
AttributeError: 'Member' object has no attribute 'timed_out_until'
Ignoring exception in on_member_update
Traceback (most recent call last):
  File "/usr/local/lib/python3.12/site-packages/discord/client.py", line 465, in _run_event
    await coro(*args, **kwargs)
  File "/app/asu_discord/cogs/analytics.py", line 652, in on_member_update
    before_timeout = before.timed_out_until
                     ^^^^^^^^^^^^^^^^^^^^^^
AttributeError: 'Member' object has no attribute 'timed_out_until'
Ignoring exception in on_member_update
Traceback (most recent call last):
  File "/usr/local/lib/python3.12/site-packages/discord/client.py", line 465, in _run_event
    await coro(*args, **kwargs)
  File "/app/asu_discord/cogs/analytics.py", line 652, in on_member_update
    before_timeout = before.timed_out_until
                     ^^^^^^^^^^^^^^^^^^^^^^
AttributeError: 'Member' object has no attribute 'timed_out_until'
Ignoring exception in on_member_update
Traceback (most recent call last):
  File "/usr/local/lib/python3.12/site-packages/discord/client.py", line 465, in _run_event
    await coro(*args, **kwargs)
  File "/app/asu_discord/cogs/analytics.py", line 652, in on_member_update
    before_timeout = before.timed_out_until
                     ^^^^^^^^^^^^^^^^^^^^^^
AttributeError: 'Member' object has no attribute 'timed_out_until'
Ignoring exception in on_member_update
Traceback (most recent call last):
  File "/usr/local/lib/python3.12/site-packages/discord/client.py", line 465, in _run_event
    await coro(*args, **kwargs)
  File "/app/asu_discord/cogs/analytics.py", line 652, in on_member_update
    before_timeout = before.timed_out_until
                     ^^^^^^^^^^^^^^^^^^^^^^
AttributeError: 'Member' object has no attribute 'timed_out_until'
Ignoring exception in on_member_update
Traceback (most recent call last):
  File "/usr/local/lib/python3.12/site-packages/discord/client.py", line 465, in _run_event
    await coro(*args, **kwargs)
  File "/app/asu_discord/cogs/analytics.py", line 652, in on_member_update
    before_timeout = before.timed_out_until
                     ^^^^^^^^^^^^^^^^^^^^^^
AttributeError: 'Member' object has no attribute 'timed_out_until'
Ignoring exception in on_member_update
Traceback (most recent call last):
  File "/usr/local/lib/python3.12/site-packages/discord/client.py", line 465, in _run_event
    await coro(*args, **kwargs)
  File "/app/asu_discord/cogs/analytics.py", line 652, in on_member_update
    before_timeout = before.timed_out_until
                     ^^^^^^^^^^^^^^^^^^^^^^
AttributeError: 'Member' object has no attribute 'timed_out_until'
INFO:asu_discord.cogs.verification:Saved 5 roles to database for user jlimjoco (Discord ID: 1465504364767612959)
INFO:asu_discord.cogs.verification:Refreshed Salesforce roles for Discord user 1465504364767612959: -5/+4 roles, assigned=[Arizona Resident, Commited, First Year, Herberger Institute for Design and the Arts, Tempe]
Ignoring exception in on_member_update
Traceback (most recent call last):
  File "/usr/local/lib/python3.12/site-packages/discord/client.py", line 465, in _run_event
    await coro(*args, **kwargs)
  File "/app/asu_discord/cogs/analytics.py", line 652, in on_member_update
    before_timeout = before.timed_out_until
                     ^^^^^^^^^^^^^^^^^^^^^^
AttributeError: 'Member' object has no attribute 'timed_out_until'
Ignoring exception in on_member_update
Traceback (most recent call last):
  File "/usr/local/lib/python3.12/site-packages/discord/client.py", line 465, in _run_event
    await coro(*args, **kwargs)
  File "/app/asu_discord/cogs/analytics.py", line 652, in on_member_update
    before_timeout = before.timed_out_until
                     ^^^^^^^^^^^^^^^^^^^^^^
AttributeError: 'Member' object has no attribute 'timed_out_until'
Ignoring exception in on_member_update
Traceback (most recent call last):
  File "/usr/local/lib/python3.12/site-packages/discord/client.py", line 465, in _run_event
    await coro(*args, **kwargs)
  File "/app/asu_discord/cogs/analytics.py", line 652, in on_member_update
    before_timeout = before.timed_out_until
                     ^^^^^^^^^^^^^^^^^^^^^^
AttributeError: 'Member' object has no attribute 'timed_out_until'
Ignoring exception in on_member_update
Traceback (most recent call last):
  File "/usr/local/lib/python3.12/site-packages/discord/client.py", line 465, in _run_event
    await coro(*args, **kwargs)
  File "/app/asu_discord/cogs/analytics.py", line 652, in on_member_update
    before_timeout = before.timed_out_until
                     ^^^^^^^^^^^^^^^^^^^^^^
AttributeError: 'Member' object has no attribute 'timed_out_until'
Ignoring exception in on_member_update
Traceback (most recent call last):
  File "/usr/local/lib/python3.12/site-packages/discord/client.py", line 465, in _run_event
    await coro(*args, **kwargs)
  File "/app/asu_discord/cogs/analytics.py", line 652, in on_member_update
    before_timeout = before.timed_out_until
                     ^^^^^^^^^^^^^^^^^^^^^^
AttributeError: 'Member' object has no attribute 'timed_out_until'
Ignoring exception in on_member_update
Traceback (most recent call last):
  File "/usr/local/lib/python3.12/site-packages/discord/client.py", line 465, in _run_event
    await coro(*args, **kwargs)
  File "/app/asu_discord/cogs/analytics.py", line 652, in on_member_update
    before_timeout = before.timed_out_until
                     ^^^^^^^^^^^^^^^^^^^^^^
AttributeError: 'Member' object has no attribute 'timed_out_until'
Ignoring exception in on_member_update
Traceback (most recent call last):
  File "/usr/local/lib/python3.12/site-packages/discord/client.py", line 465, in _run_event
    await coro(*args, **kwargs)
  File "/app/asu_discord/cogs/analytics.py", line 652, in on_member_update
    before_timeout = before.timed_out_until
                     ^^^^^^^^^^^^^^^^^^^^^^
AttributeError: 'Member' object has no attribute 'timed_out_until'
Ignoring exception in on_member_update
Traceback (most recent call last):
  File "/usr/local/lib/python3.12/site-packages/discord/client.py", line 465, in _run_event
    await coro(*args, **kwargs)
  File "/app/asu_discord/cogs/analytics.py", line 652, in on_member_update
    before_timeout = before.timed_out_until
                     ^^^^^^^^^^^^^^^^^^^^^^
AttributeError: 'Member' object has no attribute 'timed_out_until'
Ignoring exception in on_member_update
Traceback (most recent call last):
  File "/usr/local/lib/python3.12/site-packages/discord/client.py", line 465, in _run_event
    await coro(*args, **kwargs)
  File "/app/asu_discord/cogs/analytics.py", line 652, in on_member_update
    before_timeout = before.timed_out_until
                     ^^^^^^^^^^^^^^^^^^^^^^
AttributeError: 'Member' object has no attribute 'timed_out_until'
Ignoring exception in on_member_update
Traceback (most recent call last):
  File "/usr/local/lib/python3.12/site-packages/discord/client.py", line 465, in _run_event
    await coro(*args, **kwargs)
  File "/app/asu_discord/cogs/analytics.py", line 652, in on_member_update
    before_timeout = before.timed_out_until
                     ^^^^^^^^^^^^^^^^^^^^^^
AttributeError: 'Member' object has no attribute 'timed_out_until'
INFO:asu_discord.cogs.verification:Saved 5 roles to database for user zibrahi2 (Discord ID: 455857511896186901)
INFO:asu_discord.cogs.verification:Refreshed Salesforce roles for Discord user 455857511896186901: -5/+5 roles, assigned=[Arizona Resident, College of Liberal Arts and Sciences, Commited, First Year, Tempe]
Ignoring exception in on_member_update
Traceback (most recent call last):
  File "/usr/local/lib/python3.12/site-packages/discord/client.py", line 465, in _run_event
    await coro(*args, **kwargs)
  File "/app/asu_discord/cogs/analytics.py", line 652, in on_member_update
    before_timeout = before.timed_out_until
                     ^^^^^^^^^^^^^^^^^^^^^^
AttributeError: 'Member' object has no attribute 'timed_out_until'
Ignoring exception in on_member_update
Traceback (most recent call last):
  File "/usr/local/lib/python3.12/site-packages/discord/client.py", line 465, in _run_event
    await coro(*args, **kwargs)
  File "/app/asu_discord/cogs/analytics.py", line 652, in on_member_update
    before_timeout = before.timed_out_until
                     ^^^^^^^^^^^^^^^^^^^^^^
AttributeError: 'Member' object has no attribute 'timed_out_until'
Ignoring exception in on_member_update
Traceback (most recent call last):
  File "/usr/local/lib/python3.12/site-packages/discord/client.py", line 465, in _run_event
    await coro(*args, **kwargs)
  File "/app/asu_discord/cogs/analytics.py", line 652, in on_member_update
    before_timeout = before.timed_out_until
                     ^^^^^^^^^^^^^^^^^^^^^^
AttributeError: 'Member' object has no attribute 'timed_out_until'
Ignoring exception in on_member_update
Traceback (most recent call last):
  File "/usr/local/lib/python3.12/site-packages/discord/client.py", line 465, in _run_event
    await coro(*args, **kwargs)
  File "/app/asu_discord/cogs/analytics.py", line 652, in on_member_update
    before_timeout = before.timed_out_until
                     ^^^^^^^^^^^^^^^^^^^^^^
AttributeError: 'Member' object has no attribute 'timed_out_until'
Ignoring exception in on_member_update
Traceback (most recent call last):
  File "/usr/local/lib/python3.12/site-packages/discord/client.py", line 465, in _run_event
    await coro(*args, **kwargs)
  File "/app/asu_discord/cogs/analytics.py", line 652, in on_member_update
    before_timeout = before.timed_out_until
                     ^^^^^^^^^^^^^^^^^^^^^^
AttributeError: 'Member' object has no attribute 'timed_out_until'
Ignoring exception in on_member_update
Traceback (most recent call last):
  File "/usr/local/lib/python3.12/site-packages/discord/client.py", line 465, in _run_event
    await coro(*args, **kwargs)
  File "/app/asu_discord/cogs/analytics.py", line 652, in on_member_update
    before_timeout = before.timed_out_until
                     ^^^^^^^^^^^^^^^^^^^^^^
AttributeError: 'Member' object has no attribute 'timed_out_until'
Ignoring exception in on_member_update
Traceback (most recent call last):
  File "/usr/local/lib/python3.12/site-packages/discord/client.py", line 465, in _run_event
    await coro(*args, **kwargs)
  File "/app/asu_discord/cogs/analytics.py", line 652, in on_member_update
    before_timeout = before.timed_out_until
                     ^^^^^^^^^^^^^^^^^^^^^^
AttributeError: 'Member' object has no attribute 'timed_out_until'
Ignoring exception in on_member_update
Traceback (most recent call last):
  File "/usr/local/lib/python3.12/site-packages/discord/client.py", line 465, in _run_event
    await coro(*args, **kwargs)
  File "/app/asu_discord/cogs/analytics.py", line 652, in on_member_update
    before_timeout = before.timed_out_until
                     ^^^^^^^^^^^^^^^^^^^^^^
AttributeError: 'Member' object has no attribute 'timed_out_until'
Ignoring exception in on_member_update
Traceback (most recent call last):
  File "/usr/local/lib/python3.12/site-packages/discord/client.py", line 465, in _run_event
    await coro(*args, **kwargs)
  File "/app/asu_discord/cogs/analytics.py", line 652, in on_member_update
    before_timeout = before.timed_out_until
                     ^^^^^^^^^^^^^^^^^^^^^^
AttributeError: 'Member' object has no attribute 'timed_out_until'
INFO:asu_discord.cogs.verification:Saved 5 roles to database for user axmunoz (Discord ID: 859262009710084146)
INFO:asu_discord.cogs.verification:Refreshed Salesforce roles for Discord user 859262009710084146: -4/+5 roles, assigned=[Arizona Resident, Commited, First Year, Herberger Institute for Design and the Arts, Tempe]
Ignoring exception in on_member_update
Traceback (most recent call last):
  File "/usr/local/lib/python3.12/site-packages/discord/client.py", line 465, in _run_event
    await coro(*args, **kwargs)
  File "/app/asu_discord/cogs/analytics.py", line 652, in on_member_update
    before_timeout = before.timed_out_until
                     ^^^^^^^^^^^^^^^^^^^^^^
AttributeError: 'Member' object has no attribute 'timed_out_until'
Ignoring exception in on_member_update
Traceback (most recent call last):
  File "/usr/local/lib/python3.12/site-packages/discord/client.py", line 465, in _run_event
    await coro(*args, **kwargs)
  File "/app/asu_discord/cogs/analytics.py", line 652, in on_member_update
    before_timeout = before.timed_out_until
                     ^^^^^^^^^^^^^^^^^^^^^^
AttributeError: 'Member' object has no attribute 'timed_out_until'
Ignoring exception in on_member_update
Traceback (most recent call last):
  File "/usr/local/lib/python3.12/site-packages/discord/client.py", line 465, in _run_event
    await coro(*args, **kwargs)
  File "/app/asu_discord/cogs/analytics.py", line 652, in on_member_update
    before_timeout = before.timed_out_until
                     ^^^^^^^^^^^^^^^^^^^^^^
AttributeError: 'Member' object has no attribute 'timed_out_until'
Ignoring exception in on_member_update
Traceback (most recent call last):
  File "/usr/local/lib/python3.12/site-packages/discord/client.py", line 465, in _run_event
    await coro(*args, **kwargs)
  File "/app/asu_discord/cogs/analytics.py", line 652, in on_member_update
    before_timeout = before.timed_out_until
                     ^^^^^^^^^^^^^^^^^^^^^^
AttributeError: 'Member' object has no attribute 'timed_out_until'
Ignoring exception in on_member_update
Traceback (most recent call last):
  File "/usr/local/lib/python3.12/site-packages/discord/client.py", line 465, in _run_event
    await coro(*args, **kwargs)
  File "/app/asu_discord/cogs/analytics.py", line 652, in on_member_update
    before_timeout = before.timed_out_until
                     ^^^^^^^^^^^^^^^^^^^^^^
AttributeError: 'Member' object has no attribute 'timed_out_until'
Ignoring exception in on_member_update
Traceback (most recent call last):
  File "/usr/local/lib/python3.12/site-packages/discord/client.py", line 465, in _run_event
    await coro(*args, **kwargs)
  File "/app/asu_discord/cogs/analytics.py", line 652, in on_member_update
    before_timeout = before.timed_out_until
                     ^^^^^^^^^^^^^^^^^^^^^^
AttributeError: 'Member' object has no attribute 'timed_out_until'
Ignoring exception in on_member_update
Traceback (most recent call last):
  File "/usr/local/lib/python3.12/site-packages/discord/client.py", line 465, in _run_event
    await coro(*args, **kwargs)
  File "/app/asu_discord/cogs/analytics.py", line 652, in on_member_update
    before_timeout = before.timed_out_until
                     ^^^^^^^^^^^^^^^^^^^^^^
AttributeError: 'Member' object has no attribute 'timed_out_until'
Ignoring exception in on_member_update
Traceback (most recent call last):
  File "/usr/local/lib/python3.12/site-packages/discord/client.py", line 465, in _run_event
    await coro(*args, **kwargs)
  File "/app/asu_discord/cogs/analytics.py", line 652, in on_member_update
    before_timeout = before.timed_out_until
                     ^^^^^^^^^^^^^^^^^^^^^^
AttributeError: 'Member' object has no attribute 'timed_out_until'
Ignoring exception in on_member_update
Traceback (most recent call last):
  File "/usr/local/lib/python3.12/site-packages/discord/client.py", line 465, in _run_event
    await coro(*args, **kwargs)
  File "/app/asu_discord/cogs/analytics.py", line 652, in on_member_update
    before_timeout = before.timed_out_until
                     ^^^^^^^^^^^^^^^^^^^^^^
AttributeError: 'Member' object has no attribute 'timed_out_until'
Ignoring exception in on_member_update
Traceback (most recent call last):
  File "/usr/local/lib/python3.12/site-packages/discord/client.py", line 465, in _run_event
    await coro(*args, **kwargs)
  File "/app/asu_discord/cogs/analytics.py", line 652, in on_member_update
    before_timeout = before.timed_out_until
                     ^^^^^^^^^^^^^^^^^^^^^^
AttributeError: 'Member' object has no attribute 'timed_out_until'
Ignoring exception in on_member_update
Traceback (most recent call last):
  File "/usr/local/lib/python3.12/site-packages/discord/client.py", line 465, in _run_event
    await coro(*args, **kwargs)
  File "/app/asu_discord/cogs/analytics.py", line 652, in on_member_update
    before_timeout = before.timed_out_until
                     ^^^^^^^^^^^^^^^^^^^^^^
AttributeError: 'Member' object has no attribute 'timed_out_until'
Ignoring exception in on_member_update
Traceback (most recent call last):
  File "/usr/local/lib/python3.12/site-packages/discord/client.py", line 465, in _run_event
    await coro(*args, **kwargs)
  File "/app/asu_discord/cogs/analytics.py", line 652, in on_member_update
    before_timeout = before.timed_out_until
                     ^^^^^^^^^^^^^^^^^^^^^^
AttributeError: 'Member' object has no attribute 'timed_out_until'
INFO:asu_discord.cogs.verification:Saved 6 roles to database for user drmacia1 (Discord ID: 1466578733413695560)
INFO:asu_discord.cogs.verification:Refreshed Salesforce roles for Discord user 1466578733413695560: -6/+6 roles, assigned=[Arizona Resident, Commited, First Generation Student, First Year, Ira A. Fulton Schools of Engineering, Tempe]
Ignoring exception in on_member_update
Traceback (most recent call last):
  File "/usr/local/lib/python3.12/site-packages/discord/client.py", line 465, in _run_event
    await coro(*args, **kwargs)
  File "/app/asu_discord/cogs/analytics.py", line 652, in on_member_update
    before_timeout = before.timed_out_until
                     ^^^^^^^^^^^^^^^^^^^^^^
AttributeError: 'Member' object has no attribute 'timed_out_until'
Ignoring exception in on_member_update
Traceback (most recent call last):
  File "/usr/local/lib/python3.12/site-packages/discord/client.py", line 465, in _run_event
    await coro(*args, **kwargs)
  File "/app/asu_discord/cogs/analytics.py", line 652, in on_member_update
    before_timeout = before.timed_out_until
                     ^^^^^^^^^^^^^^^^^^^^^^
AttributeError: 'Member' object has no attribute 'timed_out_until'
Ignoring exception in on_member_update
Traceback (most recent call last):
  File "/usr/local/lib/python3.12/site-packages/discord/client.py", line 465, in _run_event
    await coro(*args, **kwargs)
  File "/app/asu_discord/cogs/analytics.py", line 652, in on_member_update
    before_timeout = before.timed_out_until
                     ^^^^^^^^^^^^^^^^^^^^^^
AttributeError: 'Member' object has no attribute 'timed_out_until'
Ignoring exception in on_member_update
Traceback (most recent call last):
  File "/usr/local/lib/python3.12/site-packages/discord/client.py", line 465, in _run_event
    await coro(*args, **kwargs)
  File "/app/asu_discord/cogs/analytics.py", line 652, in on_member_update
    before_timeout = before.timed_out_until
                     ^^^^^^^^^^^^^^^^^^^^^^
AttributeError: 'Member' object has no attribute 'timed_out_until'
Ignoring exception in on_member_update
Traceback (most recent call last):
  File "/usr/local/lib/python3.12/site-packages/discord/client.py", line 465, in _run_event
    await coro(*args, **kwargs)
  File "/app/asu_discord/cogs/analytics.py", line 652, in on_member_update
    before_timeout = before.timed_out_until
                     ^^^^^^^^^^^^^^^^^^^^^^
AttributeError: 'Member' object has no attribute 'timed_out_until'
Ignoring exception in on_member_update
Traceback (most recent call last):
  File "/usr/local/lib/python3.12/site-packages/discord/client.py", line 465, in _run_event
    await coro(*args, **kwargs)
  File "/app/asu_discord/cogs/analytics.py", line 652, in on_member_update
    before_timeout = before.timed_out_until
                     ^^^^^^^^^^^^^^^^^^^^^^
AttributeError: 'Member' object has no attribute 'timed_out_until'
Ignoring exception in on_member_update
Traceback (most recent call last):
  File "/usr/local/lib/python3.12/site-packages/discord/client.py", line 465, in _run_event
    await coro(*args, **kwargs)
  File "/app/asu_discord/cogs/analytics.py", line 652, in on_member_update
    before_timeout = before.timed_out_until
                     ^^^^^^^^^^^^^^^^^^^^^^
AttributeError: 'Member' object has no attribute 'timed_out_until'
Ignoring exception in on_member_update
Traceback (most recent call last):
  File "/usr/local/lib/python3.12/site-packages/discord/client.py", line 465, in _run_event
    await coro(*args, **kwargs)
  File "/app/asu_discord/cogs/analytics.py", line 652, in on_member_update
    before_timeout = before.timed_out_until
                     ^^^^^^^^^^^^^^^^^^^^^^
AttributeError: 'Member' object has no attribute 'timed_out_until'
Ignoring exception in on_member_update
Traceback (most recent call last):
  File "/usr/local/lib/python3.12/site-packages/discord/client.py", line 465, in _run_event
    await coro(*args, **kwargs)
  File "/app/asu_discord/cogs/analytics.py", line 652, in on_member_update
    before_timeout = before.timed_out_until
                     ^^^^^^^^^^^^^^^^^^^^^^
AttributeError: 'Member' object has no attribute 'timed_out_until'
Ignoring exception in on_member_update
Traceback (most recent call last):
  File "/usr/local/lib/python3.12/site-packages/discord/client.py", line 465, in _run_event
    await coro(*args, **kwargs)
  File "/app/asu_discord/cogs/analytics.py", line 652, in on_member_update
    before_timeout = before.timed_out_until
                     ^^^^^^^^^^^^^^^^^^^^^^
AttributeError: 'Member' object has no attribute 'timed_out_until'
Ignoring exception in on_member_update
Traceback (most recent call last):
  File "/usr/local/lib/python3.12/site-packages/discord/client.py", line 465, in _run_event
    await coro(*args, **kwargs)
  File "/app/asu_discord/cogs/analytics.py", line 652, in on_member_update
    before_timeout = before.timed_out_until
                     ^^^^^^^^^^^^^^^^^^^^^^
AttributeError: 'Member' object has no attribute 'timed_out_until'
ERROR:cron.jobs:refresh_salesforce_roles: failed for mlheldt (Discord ID 914723372418629652): Timed out refresh Salesforce-based roles
Ignoring exception in on_member_update
Traceback (most recent call last):
  File "/usr/local/lib/python3.12/site-packages/discord/client.py", line 465, in _run_event
    await coro(*args, **kwargs)
  File "/app/asu_discord/cogs/analytics.py", line 652, in on_member_update
    before_timeout = before.timed_out_until
                     ^^^^^^^^^^^^^^^^^^^^^^
AttributeError: 'Member' object has no attribute 'timed_out_until'
ERROR:cron.jobs:refresh_salesforce_roles: failed for amalapa3 (Discord ID 1065527264688754688): Failed to refresh Salesforce-based roles: Discord user 1065527264688754688 is not a member of the guild
Ignoring exception in on_member_update
Traceback (most recent call last):
  File "/usr/local/lib/python3.12/site-packages/discord/client.py", line 465, in _run_event
    await coro(*args, **kwargs)
  File "/app/asu_discord/cogs/analytics.py", line 652, in on_member_update
    before_timeout = before.timed_out_until
                     ^^^^^^^^^^^^^^^^^^^^^^
AttributeError: 'Member' object has no attribute 'timed_out_until'
Ignoring exception in on_member_update
Traceback (most recent call last):
  File "/usr/local/lib/python3.12/site-packages/discord/client.py", line 465, in _run_event
    await coro(*args, **kwargs)
  File "/app/asu_discord/cogs/analytics.py", line 652, in on_member_update
    before_timeout = before.timed_out_until
                     ^^^^^^^^^^^^^^^^^^^^^^
AttributeError: 'Member' object has no attribute 'timed_out_until'
Ignoring exception in on_member_update
Traceback (most recent call last):
  File "/usr/local/lib/python3.12/site-packages/discord/client.py", line 465, in _run_event
    await coro(*args, **kwargs)
  File "/app/asu_discord/cogs/analytics.py", line 652, in on_member_update
    before_timeout = before.timed_out_until
                     ^^^^^^^^^^^^^^^^^^^^^^
AttributeError: 'Member' object has no attribute 'timed_out_until'
Ignoring exception in on_member_update
Traceback (most recent call last):
  File "/usr/local/lib/python3.12/site-packages/discord/client.py", line 465, in _run_event
    await coro(*args, **kwargs)
  File "/app/asu_discord/cogs/analytics.py", line 652, in on_member_update
    before_timeout = before.timed_out_until
                     ^^^^^^^^^^^^^^^^^^^^^^
AttributeError: 'Member' object has no attribute 'timed_out_until'
Ignoring exception in on_member_update
Traceback (most recent call last):
  File "/usr/local/lib/python3.12/site-packages/discord/client.py", line 465, in _run_event
    await coro(*args, **kwargs)
  File "/app/asu_discord/cogs/analytics.py", line 652, in on_member_update
    before_timeout = before.timed_out_until
                     ^^^^^^^^^^^^^^^^^^^^^^
AttributeError: 'Member' object has no attribute 'timed_out_until'
Ignoring exception in on_member_update
Traceback (most recent call last):
  File "/usr/local/lib/python3.12/site-packages/discord/client.py", line 465, in _run_event
    await coro(*args, **kwargs)
  File "/app/asu_discord/cogs/analytics.py", line 652, in on_member_update
    before_timeout = before.timed_out_until
                     ^^^^^^^^^^^^^^^^^^^^^^
AttributeError: 'Member' object has no attribute 'timed_out_until'
Ignoring exception in on_member_update
Traceback (most recent call last):
  File "/usr/local/lib/python3.12/site-packages/discord/client.py", line 465, in _run_event
    await coro(*args, **kwargs)
  File "/app/asu_discord/cogs/analytics.py", line 652, in on_member_update
    before_timeout = before.timed_out_until
                     ^^^^^^^^^^^^^^^^^^^^^^
AttributeError: 'Member' object has no attribute 'timed_out_until'
Ignoring exception in on_member_update
Traceback (most recent call last):
  File "/usr/local/lib/python3.12/site-packages/discord/client.py", line 465, in _run_event
    await coro(*args, **kwargs)
  File "/app/asu_discord/cogs/analytics.py", line 652, in on_member_update
    before_timeout = before.timed_out_until
                     ^^^^^^^^^^^^^^^^^^^^^^
AttributeError: 'Member' object has no attribute 'timed_out_until'
Ignoring exception in on_member_update
Traceback (most recent call last):
  File "/usr/local/lib/python3.12/site-packages/discord/client.py", line 465, in _run_event
    await coro(*args, **kwargs)
  File "/app/asu_discord/cogs/analytics.py", line 652, in on_member_update
    before_timeout = before.timed_out_until
                     ^^^^^^^^^^^^^^^^^^^^^^
AttributeError: 'Member' object has no attribute 'timed_out_until'
Ignoring exception in on_member_update
Traceback (most recent call last):
  File "/usr/local/lib/python3.12/site-packages/discord/client.py", line 465, in _run_event
    await coro(*args, **kwargs)
  File "/app/asu_discord/cogs/analytics.py", line 652, in on_member_update
    before_timeout = before.timed_out_until
                     ^^^^^^^^^^^^^^^^^^^^^^
AttributeError: 'Member' object has no attribute 'timed_out_until'
ERROR:cron.jobs:refresh_salesforce_roles: failed for ganbesaj (Discord ID 1346171995179454596): Timed out refresh Salesforce-based roles
Ignoring exception in on_member_update
Traceback (most recent call last):
  File "/usr/local/lib/python3.12/site-packages/discord/client.py", line 465, in _run_event
    await coro(*args, **kwargs)
  File "/app/asu_discord/cogs/analytics.py", line 652, in on_member_update
    before_timeout = before.timed_out_until
                     ^^^^^^^^^^^^^^^^^^^^^^
AttributeError: 'Member' object has no attribute 'timed_out_until'
Ignoring exception in on_member_update
Traceback (most recent call last):
  File "/usr/local/lib/python3.12/site-packages/discord/client.py", line 465, in _run_event
    await coro(*args, **kwargs)
  File "/app/asu_discord/cogs/analytics.py", line 652, in on_member_update
    before_timeout = before.timed_out_until
                     ^^^^^^^^^^^^^^^^^^^^^^
AttributeError: 'Member' object has no attribute 'timed_out_until'
Ignoring exception in on_member_update
Traceback (most recent call last):
  File "/usr/local/lib/python3.12/site-packages/discord/client.py", line 465, in _run_event
    await coro(*args, **kwargs)
  File "/app/asu_discord/cogs/analytics.py", line 652, in on_member_update
    before_timeout = before.timed_out_until
                     ^^^^^^^^^^^^^^^^^^^^^^
AttributeError: 'Member' object has no attribute 'timed_out_until'
Ignoring exception in on_member_update
Traceback (most recent call last):
  File "/usr/local/lib/python3.12/site-packages/discord/client.py", line 465, in _run_event
    await coro(*args, **kwargs)
  File "/app/asu_discord/cogs/analytics.py", line 652, in on_member_update
    before_timeout = before.timed_out_until
                     ^^^^^^^^^^^^^^^^^^^^^^
AttributeError: 'Member' object has no attribute 'timed_out_until'
Ignoring exception in on_member_update
Traceback (most recent call last):
  File "/usr/local/lib/python3.12/site-packages/discord/client.py", line 465, in _run_event
    await coro(*args, **kwargs)
  File "/app/asu_discord/cogs/analytics.py", line 652, in on_member_update
    before_timeout = before.timed_out_until
                     ^^^^^^^^^^^^^^^^^^^^^^
AttributeError: 'Member' object has no attribute 'timed_out_until'
Ignoring exception in on_member_update
Traceback (most recent call last):
  File "/usr/local/lib/python3.12/site-packages/discord/client.py", line 465, in _run_event
    await coro(*args, **kwargs)
  File "/app/asu_discord/cogs/analytics.py", line 652, in on_member_update
    before_timeout = before.timed_out_until
                     ^^^^^^^^^^^^^^^^^^^^^^
AttributeError: 'Member' object has no attribute 'timed_out_until'
Ignoring exception in on_member_update
Traceback (most recent call last):
  File "/usr/local/lib/python3.12/site-packages/discord/client.py", line 465, in _run_event
    await coro(*args, **kwargs)
  File "/app/asu_discord/cogs/analytics.py", line 652, in on_member_update
    before_timeout = before.timed_out_until
                     ^^^^^^^^^^^^^^^^^^^^^^
AttributeError: 'Member' object has no attribute 'timed_out_until'
Ignoring exception in on_member_update
Traceback (most recent call last):
  File "/usr/local/lib/python3.12/site-packages/discord/client.py", line 465, in _run_event
    await coro(*args, **kwargs)
  File "/app/asu_discord/cogs/analytics.py", line 652, in on_member_update
    before_timeout = before.timed_out_until
                     ^^^^^^^^^^^^^^^^^^^^^^
AttributeError: 'Member' object has no attribute 'timed_out_until'
Ignoring exception in on_member_update
Traceback (most recent call last):
  File "/usr/local/lib/python3.12/site-packages/discord/client.py", line 465, in _run_event
    await coro(*args, **kwargs)
  File "/app/asu_discord/cogs/analytics.py", line 652, in on_member_update
    before_timeout = before.timed_out_until
                     ^^^^^^^^^^^^^^^^^^^^^^
AttributeError: 'Member' object has no attribute 'timed_out_until'
INFO:asu_discord.cogs.verification:Saved 5 roles to database for user abombuwa (Discord ID: 893951352894529617)
INFO:asu_discord.cogs.verification:Refreshed Salesforce roles for Discord user 893951352894529617: -5/+4 roles, assigned=[Commited, Graduate Student, International Student, Ira A. Fulton Schools of Engineering, Tempe]
ERROR:cron.jobs:refresh_salesforce_roles: failed for srswaroo (Discord ID 1148638444520742994): Failed to refresh Salesforce-based roles: Discord user 1148638444520742994 is not a member of the guild
Ignoring exception in on_member_update
Traceback (most recent call last):
  File "/usr/local/lib/python3.12/site-packages/discord/client.py", line 465, in _run_event
    await coro(*args, **kwargs)
  File "/app/asu_discord/cogs/analytics.py", line 652, in on_member_update
    before_timeout = before.timed_out_until
                     ^^^^^^^^^^^^^^^^^^^^^^
AttributeError: 'Member' object has no attribute 'timed_out_until'
Ignoring exception in on_member_update
Traceback (most recent call last):
  File "/usr/local/lib/python3.12/site-packages/discord/client.py", line 465, in _run_event
    await coro(*args, **kwargs)
  File "/app/asu_discord/cogs/analytics.py", line 652, in on_member_update
    before_timeout = before.timed_out_until
                     ^^^^^^^^^^^^^^^^^^^^^^
AttributeError: 'Member' object has no attribute 'timed_out_until'
Ignoring exception in on_member_update
Traceback (most recent call last):
  File "/usr/local/lib/python3.12/site-packages/discord/client.py", line 465, in _run_event
    await coro(*args, **kwargs)
  File "/app/asu_discord/cogs/analytics.py", line 652, in on_member_update
    before_timeout = before.timed_out_until
                     ^^^^^^^^^^^^^^^^^^^^^^
AttributeError: 'Member' object has no attribute 'timed_out_until'
Ignoring exception in on_member_update
Traceback (most recent call last):
  File "/usr/local/lib/python3.12/site-packages/discord/client.py", line 465, in _run_event
    await coro(*args, **kwargs)
  File "/app/asu_discord/cogs/analytics.py", line 652, in on_member_update
    before_timeout = before.timed_out_until
                     ^^^^^^^^^^^^^^^^^^^^^^
AttributeError: 'Member' object has no attribute 'timed_out_until'
Ignoring exception in on_member_update
Traceback (most recent call last):
  File "/usr/local/lib/python3.12/site-packages/discord/client.py", line 465, in _run_event
    await coro(*args, **kwargs)
  File "/app/asu_discord/cogs/analytics.py", line 652, in on_member_update
    before_timeout = before.timed_out_until
                     ^^^^^^^^^^^^^^^^^^^^^^
AttributeError: 'Member' object has no attribute 'timed_out_until'
Ignoring exception in on_member_update
Traceback (most recent call last):
  File "/usr/local/lib/python3.12/site-packages/discord/client.py", line 465, in _run_event
    await coro(*args, **kwargs)
  File "/app/asu_discord/cogs/analytics.py", line 652, in on_member_update
    before_timeout = before.timed_out_until
                     ^^^^^^^^^^^^^^^^^^^^^^
AttributeError: 'Member' object has no attribute 'timed_out_until'
Ignoring exception in on_member_update
Traceback (most recent call last):
  File "/usr/local/lib/python3.12/site-packages/discord/client.py", line 465, in _run_event
    await coro(*args, **kwargs)
  File "/app/asu_discord/cogs/analytics.py", line 652, in on_member_update
    before_timeout = before.timed_out_until
                     ^^^^^^^^^^^^^^^^^^^^^^
AttributeError: 'Member' object has no attribute 'timed_out_until'
Ignoring exception in on_member_update
Traceback (most recent call last):
  File "/usr/local/lib/python3.12/site-packages/discord/client.py", line 465, in _run_event
    await coro(*args, **kwargs)
  File "/app/asu_discord/cogs/analytics.py", line 652, in on_member_update
    before_timeout = before.timed_out_until
                     ^^^^^^^^^^^^^^^^^^^^^^
AttributeError: 'Member' object has no attribute 'timed_out_until'
Ignoring exception in on_member_update
Traceback (most recent call last):
  File "/usr/local/lib/python3.12/site-packages/discord/client.py", line 465, in _run_event
    await coro(*args, **kwargs)
  File "/app/asu_discord/cogs/analytics.py", line 652, in on_member_update
    before_timeout = before.timed_out_until
                     ^^^^^^^^^^^^^^^^^^^^^^
AttributeError: 'Member' object has no attribute 'timed_out_until'
Ignoring exception in on_member_update
Traceback (most recent call last):
  File "/usr/local/lib/python3.12/site-packages/discord/client.py", line 465, in _run_event
    await coro(*args, **kwargs)
  File "/app/asu_discord/cogs/analytics.py", line 652, in on_member_update
    before_timeout = before.timed_out_until
                     ^^^^^^^^^^^^^^^^^^^^^^
AttributeError: 'Member' object has no attribute 'timed_out_until'
INFO:asu_discord.cogs.verification:Saved 5 roles to database for user amcarr31 (Discord ID: 775790812046688348)
INFO:asu_discord.cogs.verification:Refreshed Salesforce roles for Discord user 775790812046688348: -5/+5 roles, assigned=[First Generation Student, First Year, New College of Interdisciplinary Arts and Sciences, Out of State, West Valley]
Ignoring exception in on_member_update
Traceback (most recent call last):
  File "/usr/local/lib/python3.12/site-packages/discord/client.py", line 465, in _run_event
    await coro(*args, **kwargs)
  File "/app/asu_discord/cogs/analytics.py", line 652, in on_member_update
    before_timeout = before.timed_out_until
                     ^^^^^^^^^^^^^^^^^^^^^^
AttributeError: 'Member' object has no attribute 'timed_out_until'
Ignoring exception in on_member_update
Traceback (most recent call last):
  File "/usr/local/lib/python3.12/site-packages/discord/client.py", line 465, in _run_event
    await coro(*args, **kwargs)
  File "/app/asu_discord/cogs/analytics.py", line 652, in on_member_update
    before_timeout = before.timed_out_until
                     ^^^^^^^^^^^^^^^^^^^^^^
AttributeError: 'Member' object has no attribute 'timed_out_until'
Ignoring exception in on_member_update
Traceback (most recent call last):
  File "/usr/local/lib/python3.12/site-packages/discord/client.py", line 465, in _run_event
    await coro(*args, **kwargs)
  File "/app/asu_discord/cogs/analytics.py", line 652, in on_member_update
    before_timeout = before.timed_out_until
                     ^^^^^^^^^^^^^^^^^^^^^^
AttributeError: 'Member' object has no attribute 'timed_out_until'
Ignoring exception in on_member_update
Traceback (most recent call last):
  File "/usr/local/lib/python3.12/site-packages/discord/client.py", line 465, in _run_event
    await coro(*args, **kwargs)
  File "/app/asu_discord/cogs/analytics.py", line 652, in on_member_update
    before_timeout = before.timed_out_until
                     ^^^^^^^^^^^^^^^^^^^^^^
AttributeError: 'Member' object has no attribute 'timed_out_until'
Ignoring exception in on_member_update
Traceback (most recent call last):
  File "/usr/local/lib/python3.12/site-packages/discord/client.py", line 465, in _run_event
    await coro(*args, **kwargs)
  File "/app/asu_discord/cogs/analytics.py", line 652, in on_member_update
    before_timeout = before.timed_out_until
                     ^^^^^^^^^^^^^^^^^^^^^^
AttributeError: 'Member' object has no attribute 'timed_out_until'
Ignoring exception in on_member_update
Traceback (most recent call last):
  File "/usr/local/lib/python3.12/site-packages/discord/client.py", line 465, in _run_event
    await coro(*args, **kwargs)
  File "/app/asu_discord/cogs/analytics.py", line 652, in on_member_update
    before_timeout = before.timed_out_until
                     ^^^^^^^^^^^^^^^^^^^^^^
AttributeError: 'Member' object has no attribute 'timed_out_until'
Ignoring exception in on_member_update
Traceback (most recent call last):
  File "/usr/local/lib/python3.12/site-packages/discord/client.py", line 465, in _run_event
    await coro(*args, **kwargs)
  File "/app/asu_discord/cogs/analytics.py", line 652, in on_member_update
    before_timeout = before.timed_out_until
                     ^^^^^^^^^^^^^^^^^^^^^^
AttributeError: 'Member' object has no attribute 'timed_out_until'
Ignoring exception in on_member_update
Traceback (most recent call last):
  File "/usr/local/lib/python3.12/site-packages/discord/client.py", line 465, in _run_event
    await coro(*args, **kwargs)
  File "/app/asu_discord/cogs/analytics.py", line 652, in on_member_update
    before_timeout = before.timed_out_until
                     ^^^^^^^^^^^^^^^^^^^^^^
AttributeError: 'Member' object has no attribute 'timed_out_until'
Ignoring exception in on_member_update
Traceback (most recent call last):
  File "/usr/local/lib/python3.12/site-packages/discord/client.py", line 465, in _run_event
    await coro(*args, **kwargs)
  File "/app/asu_discord/cogs/analytics.py", line 652, in on_member_update
    before_timeout = before.timed_out_until
                     ^^^^^^^^^^^^^^^^^^^^^^
AttributeError: 'Member' object has no attribute 'timed_out_until'
INFO:asu_discord.cogs.verification:Saved 5 roles to database for user bamerca3 (Discord ID: 1463560131668213862)
INFO:asu_discord.cogs.verification:Refreshed Salesforce roles for Discord user 1463560131668213862: -5/+4 roles, assigned=[Commited, First Year, Herberger Institute for Design and the Arts, Out of State, Tempe]
Ignoring exception in on_member_update
Traceback (most recent call last):
  File "/usr/local/lib/python3.12/site-packages/discord/client.py", line 465, in _run_event
    await coro(*args, **kwargs)
  File "/app/asu_discord/cogs/analytics.py", line 652, in on_member_update
    before_timeout = before.timed_out_until
                     ^^^^^^^^^^^^^^^^^^^^^^
AttributeError: 'Member' object has no attribute 'timed_out_until'
Ignoring exception in on_member_update
Traceback (most recent call last):
  File "/usr/local/lib/python3.12/site-packages/discord/client.py", line 465, in _run_event
    await coro(*args, **kwargs)
  File "/app/asu_discord/cogs/analytics.py", line 652, in on_member_update
    before_timeout = before.timed_out_until
                     ^^^^^^^^^^^^^^^^^^^^^^
AttributeError: 'Member' object has no attribute 'timed_out_until'
Ignoring exception in on_member_update
Traceback (most recent call last):
  File "/usr/local/lib/python3.12/site-packages/discord/client.py", line 465, in _run_event
    await coro(*args, **kwargs)
  File "/app/asu_discord/cogs/analytics.py", line 652, in on_member_update
    before_timeout = before.timed_out_until
                     ^^^^^^^^^^^^^^^^^^^^^^
AttributeError: 'Member' object has no attribute 'timed_out_until'
Ignoring exception in on_member_update
Traceback (most recent call last):
  File "/usr/local/lib/python3.12/site-packages/discord/client.py", line 465, in _run_event
    await coro(*args, **kwargs)
  File "/app/asu_discord/cogs/analytics.py", line 652, in on_member_update
    before_timeout = before.timed_out_until
                     ^^^^^^^^^^^^^^^^^^^^^^
AttributeError: 'Member' object has no attribute 'timed_out_until'
Ignoring exception in on_member_update
Traceback (most recent call last):
  File "/usr/local/lib/python3.12/site-packages/discord/client.py", line 465, in _run_event
    await coro(*args, **kwargs)
  File "/app/asu_discord/cogs/analytics.py", line 652, in on_member_update
    before_timeout = before.timed_out_until
                     ^^^^^^^^^^^^^^^^^^^^^^
AttributeError: 'Member' object has no attribute 'timed_out_until'
Ignoring exception in on_member_update
Traceback (most recent call last):
  File "/usr/local/lib/python3.12/site-packages/discord/client.py", line 465, in _run_event
    await coro(*args, **kwargs)
  File "/app/asu_discord/cogs/analytics.py", line 652, in on_member_update
    before_timeout = before.timed_out_until
                     ^^^^^^^^^^^^^^^^^^^^^^
AttributeError: 'Member' object has no attribute 'timed_out_until'
Ignoring exception in on_member_update
Traceback (most recent call last):
  File "/usr/local/lib/python3.12/site-packages/discord/client.py", line 465, in _run_event
    await coro(*args, **kwargs)
  File "/app/asu_discord/cogs/analytics.py", line 652, in on_member_update
    before_timeout = before.timed_out_until
                     ^^^^^^^^^^^^^^^^^^^^^^
AttributeError: 'Member' object has no attribute 'timed_out_until'
Ignoring exception in on_member_update
Traceback (most recent call last):
  File "/usr/local/lib/python3.12/site-packages/discord/client.py", line 465, in _run_event
    await coro(*args, **kwargs)
  File "/app/asu_discord/cogs/analytics.py", line 652, in on_member_update
    before_timeout = before.timed_out_until
                     ^^^^^^^^^^^^^^^^^^^^^^
AttributeError: 'Member' object has no attribute 'timed_out_until'
Ignoring exception in on_member_update
Traceback (most recent call last):
  File "/usr/local/lib/python3.12/site-packages/discord/client.py", line 465, in _run_event
    await coro(*args, **kwargs)
  File "/app/asu_discord/cogs/analytics.py", line 652, in on_member_update
    before_timeout = before.timed_out_until
                     ^^^^^^^^^^^^^^^^^^^^^^
AttributeError: 'Member' object has no attribute 'timed_out_until'
Ignoring exception in on_member_update
Traceback (most recent call last):
  File "/usr/local/lib/python3.12/site-packages/discord/client.py", line 465, in _run_event
    await coro(*args, **kwargs)
  File "/app/asu_discord/cogs/analytics.py", line 652, in on_member_update
    before_timeout = before.timed_out_until
                     ^^^^^^^^^^^^^^^^^^^^^^
AttributeError: 'Member' object has no attribute 'timed_out_until'
INFO:asu_discord.cogs.verification:Saved 5 roles to database for user cgnanapr (Discord ID: 852749214589255680)
INFO:asu_discord.cogs.verification:Refreshed Salesforce roles for Discord user 852749214589255680: -5/+5 roles, assigned=[Arizona Resident, Commited, First Year, Ira A. Fulton Schools of Engineering, Tempe]
Ignoring exception in on_member_update
Traceback (most recent call last):
  File "/usr/local/lib/python3.12/site-packages/discord/client.py", line 465, in _run_event
    await coro(*args, **kwargs)
  File "/app/asu_discord/cogs/analytics.py", line 652, in on_member_update
    before_timeout = before.timed_out_until
                     ^^^^^^^^^^^^^^^^^^^^^^
AttributeError: 'Member' object has no attribute 'timed_out_until'
Ignoring exception in on_member_update
Traceback (most recent call last):
  File "/usr/local/lib/python3.12/site-packages/discord/client.py", line 465, in _run_event
    await coro(*args, **kwargs)
  File "/app/asu_discord/cogs/analytics.py", line 652, in on_member_update
    before_timeout = before.timed_out_until
                     ^^^^^^^^^^^^^^^^^^^^^^
AttributeError: 'Member' object has no attribute 'timed_out_until'
Ignoring exception in on_member_update
Traceback (most recent call last):
  File "/usr/local/lib/python3.12/site-packages/discord/client.py", line 465, in _run_event
    await coro(*args, **kwargs)
  File "/app/asu_discord/cogs/analytics.py", line 652, in on_member_update
    before_timeout = before.timed_out_until
                     ^^^^^^^^^^^^^^^^^^^^^^
AttributeError: 'Member' object has no attribute 'timed_out_until'
Ignoring exception in on_member_update
Traceback (most recent call last):
  File "/usr/local/lib/python3.12/site-packages/discord/client.py", line 465, in _run_event
    await coro(*args, **kwargs)
  File "/app/asu_discord/cogs/analytics.py", line 652, in on_member_update
    before_timeout = before.timed_out_until
                     ^^^^^^^^^^^^^^^^^^^^^^
AttributeError: 'Member' object has no attribute 'timed_out_until'
Ignoring exception in on_member_update
Traceback (most recent call last):
  File "/usr/local/lib/python3.12/site-packages/discord/client.py", line 465, in _run_event
    await coro(*args, **kwargs)
  File "/app/asu_discord/cogs/analytics.py", line 652, in on_member_update
    before_timeout = before.timed_out_until
                     ^^^^^^^^^^^^^^^^^^^^^^
AttributeError: 'Member' object has no attribute 'timed_out_until'
Ignoring exception in on_member_update
Traceback (most recent call last):
  File "/usr/local/lib/python3.12/site-packages/discord/client.py", line 465, in _run_event
    await coro(*args, **kwargs)
  File "/app/asu_discord/cogs/analytics.py", line 652, in on_member_update
    before_timeout = before.timed_out_until
                     ^^^^^^^^^^^^^^^^^^^^^^
AttributeError: 'Member' object has no attribute 'timed_out_until'
Ignoring exception in on_member_update
Traceback (most recent call last):
  File "/usr/local/lib/python3.12/site-packages/discord/client.py", line 465, in _run_event
    await coro(*args, **kwargs)
  File "/app/asu_discord/cogs/analytics.py", line 652, in on_member_update
    before_timeout = before.timed_out_until
                     ^^^^^^^^^^^^^^^^^^^^^^
AttributeError: 'Member' object has no attribute 'timed_out_until'
INFO:asu_discord.cogs.verification:Saved 4 roles to database for user hmnegret (Discord ID: 224303859760234496)
INFO:asu_discord.cogs.verification:Refreshed Salesforce roles for Discord user 224303859760234496: -4/+4 roles, assigned=[Arizona Resident, Ira A. Fulton Schools of Engineering, Tempe, Transfer Student]
Ignoring exception in on_member_update
Traceback (most recent call last):
  File "/usr/local/lib/python3.12/site-packages/discord/client.py", line 465, in _run_event
    await coro(*args, **kwargs)
  File "/app/asu_discord/cogs/analytics.py", line 652, in on_member_update
    before_timeout = before.timed_out_until
                     ^^^^^^^^^^^^^^^^^^^^^^
AttributeError: 'Member' object has no attribute 'timed_out_until'
ERROR:cron.jobs:refresh_salesforce_roles: failed for rbsanfo1 (Discord ID 366362925687898113): Failed to refresh Salesforce-based roles: Discord user 366362925687898113 is not a member of the guild
Ignoring exception in on_member_update
Traceback (most recent call last):
  File "/usr/local/lib/python3.12/site-packages/discord/client.py", line 465, in _run_event
    await coro(*args, **kwargs)
  File "/app/asu_discord/cogs/analytics.py", line 652, in on_member_update
    before_timeout = before.timed_out_until
                     ^^^^^^^^^^^^^^^^^^^^^^
AttributeError: 'Member' object has no attribute 'timed_out_until'
Ignoring exception in on_member_update
Traceback (most recent call last):
  File "/usr/local/lib/python3.12/site-packages/discord/client.py", line 465, in _run_event
    await coro(*args, **kwargs)
  File "/app/asu_discord/cogs/analytics.py", line 652, in on_member_update
    before_timeout = before.timed_out_until
                     ^^^^^^^^^^^^^^^^^^^^^^
AttributeError: 'Member' object has no attribute 'timed_out_until'
Ignoring exception in on_member_update
Traceback (most recent call last):
  File "/usr/local/lib/python3.12/site-packages/discord/client.py", line 465, in _run_event
    await coro(*args, **kwargs)
  File "/app/asu_discord/cogs/analytics.py", line 652, in on_member_update
    before_timeout = before.timed_out_until
                     ^^^^^^^^^^^^^^^^^^^^^^
AttributeError: 'Member' object has no attribute 'timed_out_until'
Ignoring exception in on_member_update
Traceback (most recent call last):
  File "/usr/local/lib/python3.12/site-packages/discord/client.py", line 465, in _run_event
    await coro(*args, **kwargs)
  File "/app/asu_discord/cogs/analytics.py", line 652, in on_member_update
    before_timeout = before.timed_out_until
                     ^^^^^^^^^^^^^^^^^^^^^^
AttributeError: 'Member' object has no attribute 'timed_out_until'
Ignoring exception in on_member_update
Traceback (most recent call last):
  File "/usr/local/lib/python3.12/site-packages/discord/client.py", line 465, in _run_event
    await coro(*args, **kwargs)
  File "/app/asu_discord/cogs/analytics.py", line 652, in on_member_update
    before_timeout = before.timed_out_until
                     ^^^^^^^^^^^^^^^^^^^^^^
AttributeError: 'Member' object has no attribute 'timed_out_until'
Ignoring exception in on_member_update
Traceback (most recent call last):
  File "/usr/local/lib/python3.12/site-packages/discord/client.py", line 465, in _run_event
    await coro(*args, **kwargs)
  File "/app/asu_discord/cogs/analytics.py", line 652, in on_member_update
    before_timeout = before.timed_out_until
                     ^^^^^^^^^^^^^^^^^^^^^^
AttributeError: 'Member' object has no attribute 'timed_out_until'
Ignoring exception in on_member_update
Traceback (most recent call last):
  File "/usr/local/lib/python3.12/site-packages/discord/client.py", line 465, in _run_event
    await coro(*args, **kwargs)
  File "/app/asu_discord/cogs/analytics.py", line 652, in on_member_update
    before_timeout = before.timed_out_until
                     ^^^^^^^^^^^^^^^^^^^^^^
AttributeError: 'Member' object has no attribute 'timed_out_until'
Ignoring exception in on_member_update
Traceback (most recent call last):
  File "/usr/local/lib/python3.12/site-packages/discord/client.py", line 465, in _run_event
    await coro(*args, **kwargs)
  File "/app/asu_discord/cogs/analytics.py", line 652, in on_member_update
    before_timeout = before.timed_out_until
                     ^^^^^^^^^^^^^^^^^^^^^^
AttributeError: 'Member' object has no attribute 'timed_out_until'
Ignoring exception in on_member_update
Traceback (most recent call last):
  File "/usr/local/lib/python3.12/site-packages/discord/client.py", line 465, in _run_event
    await coro(*args, **kwargs)
  File "/app/asu_discord/cogs/analytics.py", line 652, in on_member_update
    before_timeout = before.timed_out_until
                     ^^^^^^^^^^^^^^^^^^^^^^
AttributeError: 'Member' object has no attribute 'timed_out_until'
Ignoring exception in on_member_update
Traceback (most recent call last):
  File "/usr/local/lib/python3.12/site-packages/discord/client.py", line 465, in _run_event
    await coro(*args, **kwargs)
  File "/app/asu_discord/cogs/analytics.py", line 652, in on_member_update
    before_timeout = before.timed_out_until
                     ^^^^^^^^^^^^^^^^^^^^^^
AttributeError: 'Member' object has no attribute 'timed_out_until'
INFO:asu_discord.cogs.verification:Saved 5 roles to database for user bmfelix1 (Discord ID: 796608289717747733)
INFO:asu_discord.cogs.verification:Refreshed Salesforce roles for Discord user 796608289717747733: -5/+5 roles, assigned=[Arizona Resident, College of Integrative Sciences and Arts, First Generation Student, First Year, Polytechnic]
Ignoring exception in on_member_update
Traceback (most recent call last):
  File "/usr/local/lib/python3.12/site-packages/discord/client.py", line 465, in _run_event
    await coro(*args, **kwargs)
  File "/app/asu_discord/cogs/analytics.py", line 652, in on_member_update
    before_timeout = before.timed_out_until
                     ^^^^^^^^^^^^^^^^^^^^^^
AttributeError: 'Member' object has no attribute 'timed_out_until'
Ignoring exception in on_member_update
Traceback (most recent call last):
  File "/usr/local/lib/python3.12/site-packages/discord/client.py", line 465, in _run_event
    await coro(*args, **kwargs)
  File "/app/asu_discord/cogs/analytics.py", line 652, in on_member_update
    before_timeout = before.timed_out_until
                     ^^^^^^^^^^^^^^^^^^^^^^
AttributeError: 'Member' object has no attribute 'timed_out_until'
Ignoring exception in on_member_update
Traceback (most recent call last):
  File "/usr/local/lib/python3.12/site-packages/discord/client.py", line 465, in _run_event
    await coro(*args, **kwargs)
  File "/app/asu_discord/cogs/analytics.py", line 652, in on_member_update
    before_timeout = before.timed_out_until
                     ^^^^^^^^^^^^^^^^^^^^^^
AttributeError: 'Member' object has no attribute 'timed_out_until'
Ignoring exception in on_member_update
Traceback (most recent call last):
  File "/usr/local/lib/python3.12/site-packages/discord/client.py", line 465, in _run_event
    await coro(*args, **kwargs)
  File "/app/asu_discord/cogs/analytics.py", line 652, in on_member_update
    before_timeout = before.timed_out_until
                     ^^^^^^^^^^^^^^^^^^^^^^
AttributeError: 'Member' object has no attribute 'timed_out_until'
Ignoring exception in on_member_update
Traceback (most recent call last):
  File "/usr/local/lib/python3.12/site-packages/discord/client.py", line 465, in _run_event
    await coro(*args, **kwargs)
  File "/app/asu_discord/cogs/analytics.py", line 652, in on_member_update
    before_timeout = before.timed_out_until
                     ^^^^^^^^^^^^^^^^^^^^^^
AttributeError: 'Member' object has no attribute 'timed_out_until'
Ignoring exception in on_member_update
Traceback (most recent call last):
  File "/usr/local/lib/python3.12/site-packages/discord/client.py", line 465, in _run_event
    await coro(*args, **kwargs)
  File "/app/asu_discord/cogs/analytics.py", line 652, in on_member_update
    before_timeout = before.timed_out_until
                     ^^^^^^^^^^^^^^^^^^^^^^
AttributeError: 'Member' object has no attribute 'timed_out_until'
Ignoring exception in on_member_update
Traceback (most recent call last):
  File "/usr/local/lib/python3.12/site-packages/discord/client.py", line 465, in _run_event
    await coro(*args, **kwargs)
  File "/app/asu_discord/cogs/analytics.py", line 652, in on_member_update
    before_timeout = before.timed_out_until
                     ^^^^^^^^^^^^^^^^^^^^^^
AttributeError: 'Member' object has no attribute 'timed_out_until'
Ignoring exception in on_member_update
Traceback (most recent call last):
  File "/usr/local/lib/python3.12/site-packages/discord/client.py", line 465, in _run_event
    await coro(*args, **kwargs)
  File "/app/asu_discord/cogs/analytics.py", line 652, in on_member_update
    before_timeout = before.timed_out_until
                     ^^^^^^^^^^^^^^^^^^^^^^
AttributeError: 'Member' object has no attribute 'timed_out_until'
INFO:asu_discord.cogs.verification:Saved 4 roles to database for user amorabar (Discord ID: 745395420804677662)
INFO:asu_discord.cogs.verification:Refreshed Salesforce roles for Discord user 745395420804677662: -4/+4 roles, assigned=[Arizona Resident, College of Liberal Arts and Sciences, Tempe, Transfer Student]
ERROR:cron.jobs:refresh_salesforce_roles: failed for emill144 (Discord ID 422094983550730242): Failed to refresh Salesforce-based roles: Discord user 422094983550730242 is not a member of the guild
Ignoring exception in on_member_update
Traceback (most recent call last):
  File "/usr/local/lib/python3.12/site-packages/discord/client.py", line 465, in _run_event
    await coro(*args, **kwargs)
  File "/app/asu_discord/cogs/analytics.py", line 652, in on_member_update
    before_timeout = before.timed_out_until
                     ^^^^^^^^^^^^^^^^^^^^^^
AttributeError: 'Member' object has no attribute 'timed_out_until'
Ignoring exception in on_member_update
Traceback (most recent call last):
  File "/usr/local/lib/python3.12/site-packages/discord/client.py", line 465, in _run_event
    await coro(*args, **kwargs)
  File "/app/asu_discord/cogs/analytics.py", line 652, in on_member_update
    before_timeout = before.timed_out_until
                     ^^^^^^^^^^^^^^^^^^^^^^
AttributeError: 'Member' object has no attribute 'timed_out_until'
Ignoring exception in on_member_update
Traceback (most recent call last):
  File "/usr/local/lib/python3.12/site-packages/discord/client.py", line 465, in _run_event
    await coro(*args, **kwargs)
  File "/app/asu_discord/cogs/analytics.py", line 652, in on_member_update
    before_timeout = before.timed_out_until
                     ^^^^^^^^^^^^^^^^^^^^^^
AttributeError: 'Member' object has no attribute 'timed_out_until'
Ignoring exception in on_member_update
Traceback (most recent call last):
  File "/usr/local/lib/python3.12/site-packages/discord/client.py", line 465, in _run_event
    await coro(*args, **kwargs)
  File "/app/asu_discord/cogs/analytics.py", line 652, in on_member_update
    before_timeout = before.timed_out_until
                     ^^^^^^^^^^^^^^^^^^^^^^
AttributeError: 'Member' object has no attribute 'timed_out_until'
Ignoring exception in on_member_update
Traceback (most recent call last):
  File "/usr/local/lib/python3.12/site-packages/discord/client.py", line 465, in _run_event
    await coro(*args, **kwargs)
  File "/app/asu_discord/cogs/analytics.py", line 652, in on_member_update
    before_timeout = before.timed_out_until
                     ^^^^^^^^^^^^^^^^^^^^^^
AttributeError: 'Member' object has no attribute 'timed_out_until'
Ignoring exception in on_member_update
Traceback (most recent call last):
  File "/usr/local/lib/python3.12/site-packages/discord/client.py", line 465, in _run_event
    await coro(*args, **kwargs)
  File "/app/asu_discord/cogs/analytics.py", line 652, in on_member_update
    before_timeout = before.timed_out_until
                     ^^^^^^^^^^^^^^^^^^^^^^
AttributeError: 'Member' object has no attribute 'timed_out_until'
Ignoring exception in on_member_update
Traceback (most recent call last):
  File "/usr/local/lib/python3.12/site-packages/discord/client.py", line 465, in _run_event
    await coro(*args, **kwargs)
  File "/app/asu_discord/cogs/analytics.py", line 652, in on_member_update
    before_timeout = before.timed_out_until
                     ^^^^^^^^^^^^^^^^^^^^^^
AttributeError: 'Member' object has no attribute 'timed_out_until'
INFO:asu_discord.cogs.verification:Saved 4 roles to database for user asandh24 (Discord ID: 1466559408933961973)
INFO:asu_discord.cogs.verification:Refreshed Salesforce roles for Discord user 1466559408933961973: -3/+4 roles, assigned=[First Year, Out of State, Tempe, W.P. Carey School of Business]
ERROR:cron.jobs:refresh_salesforce_roles: failed for leonard2 (Discord ID 689200839600111743): Failed to refresh Salesforce-based roles: Discord user 689200839600111743 is not a member of the guild
ERROR:cron.jobs:refresh_salesforce_roles: failed for mprescod (Discord ID 760618759060062241): Failed to refresh Salesforce-based roles: Discord user 760618759060062241 is not a member of the guild
Ignoring exception in on_member_update
Traceback (most recent call last):
  File "/usr/local/lib/python3.12/site-packages/discord/client.py", line 465, in _run_event
    await coro(*args, **kwargs)
  File "/app/asu_discord/cogs/analytics.py", line 652, in on_member_update
    before_timeout = before.timed_out_until
                     ^^^^^^^^^^^^^^^^^^^^^^
AttributeError: 'Member' object has no attribute 'timed_out_until'
Ignoring exception in on_member_update
Traceback (most recent call last):
  File "/usr/local/lib/python3.12/site-packages/discord/client.py", line 465, in _run_event
    await coro(*args, **kwargs)
  File "/app/asu_discord/cogs/analytics.py", line 652, in on_member_update
    before_timeout = before.timed_out_until
                     ^^^^^^^^^^^^^^^^^^^^^^
AttributeError: 'Member' object has no attribute 'timed_out_until'
Ignoring exception in on_member_update
Traceback (most recent call last):
  File "/usr/local/lib/python3.12/site-packages/discord/client.py", line 465, in _run_event
    await coro(*args, **kwargs)
  File "/app/asu_discord/cogs/analytics.py", line 652, in on_member_update
    before_timeout = before.timed_out_until
                     ^^^^^^^^^^^^^^^^^^^^^^
AttributeError: 'Member' object has no attribute 'timed_out_until'
Ignoring exception in on_member_update
Traceback (most recent call last):
  File "/usr/local/lib/python3.12/site-packages/discord/client.py", line 465, in _run_event
    await coro(*args, **kwargs)
  File "/app/asu_discord/cogs/analytics.py", line 652, in on_member_update
    before_timeout = before.timed_out_until
                     ^^^^^^^^^^^^^^^^^^^^^^
AttributeError: 'Member' object has no attribute 'timed_out_until'
Ignoring exception in on_member_update
Traceback (most recent call last):
  File "/usr/local/lib/python3.12/site-packages/discord/client.py", line 465, in _run_event
    await coro(*args, **kwargs)
  File "/app/asu_discord/cogs/analytics.py", line 652, in on_member_update
    before_timeout = before.timed_out_until
                     ^^^^^^^^^^^^^^^^^^^^^^
AttributeError: 'Member' object has no attribute 'timed_out_until'
Ignoring exception in on_member_update
Traceback (most recent call last):
  File "/usr/local/lib/python3.12/site-packages/discord/client.py", line 465, in _run_event
    await coro(*args, **kwargs)
  File "/app/asu_discord/cogs/analytics.py", line 652, in on_member_update
    before_timeout = before.timed_out_until
                     ^^^^^^^^^^^^^^^^^^^^^^
AttributeError: 'Member' object has no attribute 'timed_out_until'
Ignoring exception in on_member_update
Traceback (most recent call last):
  File "/usr/local/lib/python3.12/site-packages/discord/client.py", line 465, in _run_event
    await coro(*args, **kwargs)
  File "/app/asu_discord/cogs/analytics.py", line 652, in on_member_update
    before_timeout = before.timed_out_until
                     ^^^^^^^^^^^^^^^^^^^^^^
AttributeError: 'Member' object has no attribute 'timed_out_until'
Ignoring exception in on_member_update
Traceback (most recent call last):
  File "/usr/local/lib/python3.12/site-packages/discord/client.py", line 465, in _run_event
    await coro(*args, **kwargs)
  File "/app/asu_discord/cogs/analytics.py", line 652, in on_member_update
    before_timeout = before.timed_out_until
                     ^^^^^^^^^^^^^^^^^^^^^^
AttributeError: 'Member' object has no attribute 'timed_out_until'
Ignoring exception in on_member_update
Traceback (most recent call last):
  File "/usr/local/lib/python3.12/site-packages/discord/client.py", line 465, in _run_event
    await coro(*args, **kwargs)
  File "/app/asu_discord/cogs/analytics.py", line 652, in on_member_update
    before_timeout = before.timed_out_until
                     ^^^^^^^^^^^^^^^^^^^^^^
AttributeError: 'Member' object has no attribute 'timed_out_until'
Ignoring exception in on_member_update
Traceback (most recent call last):
  File "/usr/local/lib/python3.12/site-packages/discord/client.py", line 465, in _run_event
    await coro(*args, **kwargs)
  File "/app/asu_discord/cogs/analytics.py", line 652, in on_member_update
    before_timeout = before.timed_out_until
                     ^^^^^^^^^^^^^^^^^^^^^^
AttributeError: 'Member' object has no attribute 'timed_out_until'
INFO:asu_discord.cogs.verification:Saved 5 roles to database for user charpe29 (Discord ID: 1166849898306600981)
INFO:asu_discord.cogs.verification:Refreshed Salesforce roles for Discord user 1166849898306600981: -5/+5 roles, assigned=[Commited, First Year, Ira A. Fulton Schools of Engineering, Out of State, Tempe]
Ignoring exception in on_member_update
Traceback (most recent call last):
  File "/usr/local/lib/python3.12/site-packages/discord/client.py", line 465, in _run_event
    await coro(*args, **kwargs)
  File "/app/asu_discord/cogs/analytics.py", line 652, in on_member_update
    before_timeout = before.timed_out_until
                     ^^^^^^^^^^^^^^^^^^^^^^
AttributeError: 'Member' object has no attribute 'timed_out_until'
Ignoring exception in on_member_update
Traceback (most recent call last):
  File "/usr/local/lib/python3.12/site-packages/discord/client.py", line 465, in _run_event
    await coro(*args, **kwargs)
  File "/app/asu_discord/cogs/analytics.py", line 652, in on_member_update
    before_timeout = before.timed_out_until
                     ^^^^^^^^^^^^^^^^^^^^^^
AttributeError: 'Member' object has no attribute 'timed_out_until'
Ignoring exception in on_member_update
Traceback (most recent call last):
  File "/usr/local/lib/python3.12/site-packages/discord/client.py", line 465, in _run_event
    await coro(*args, **kwargs)
  File "/app/asu_discord/cogs/analytics.py", line 652, in on_member_update
    before_timeout = before.timed_out_until
                     ^^^^^^^^^^^^^^^^^^^^^^
AttributeError: 'Member' object has no attribute 'timed_out_until'
Ignoring exception in on_member_update
Traceback (most recent call last):
  File "/usr/local/lib/python3.12/site-packages/discord/client.py", line 465, in _run_event
    await coro(*args, **kwargs)
  File "/app/asu_discord/cogs/analytics.py", line 652, in on_member_update
    before_timeout = before.timed_out_until
                     ^^^^^^^^^^^^^^^^^^^^^^
AttributeError: 'Member' object has no attribute 'timed_out_until'
Ignoring exception in on_member_update
Traceback (most recent call last):
  File "/usr/local/lib/python3.12/site-packages/discord/client.py", line 465, in _run_event
    await coro(*args, **kwargs)
  File "/app/asu_discord/cogs/analytics.py", line 652, in on_member_update
    before_timeout = before.timed_out_until
                     ^^^^^^^^^^^^^^^^^^^^^^
AttributeError: 'Member' object has no attribute 'timed_out_until'
Ignoring exception in on_member_update
Traceback (most recent call last):
  File "/usr/local/lib/python3.12/site-packages/discord/client.py", line 465, in _run_event
    await coro(*args, **kwargs)
  File "/app/asu_discord/cogs/analytics.py", line 652, in on_member_update
    before_timeout = before.timed_out_until
                     ^^^^^^^^^^^^^^^^^^^^^^
AttributeError: 'Member' object has no attribute 'timed_out_until'
Ignoring exception in on_member_update
Traceback (most recent call last):
  File "/usr/local/lib/python3.12/site-packages/discord/client.py", line 465, in _run_event
    await coro(*args, **kwargs)
  File "/app/asu_discord/cogs/analytics.py", line 652, in on_member_update
    before_timeout = before.timed_out_until
                     ^^^^^^^^^^^^^^^^^^^^^^
AttributeError: 'Member' object has no attribute 'timed_out_until'
Ignoring exception in on_member_update
Traceback (most recent call last):
  File "/usr/local/lib/python3.12/site-packages/discord/client.py", line 465, in _run_event
    await coro(*args, **kwargs)
  File "/app/asu_discord/cogs/analytics.py", line 652, in on_member_update
    before_timeout = before.timed_out_until
                     ^^^^^^^^^^^^^^^^^^^^^^
AttributeError: 'Member' object has no attribute 'timed_out_until'
Ignoring exception in on_member_update
Traceback (most recent call last):
  File "/usr/local/lib/python3.12/site-packages/discord/client.py", line 465, in _run_event
    await coro(*args, **kwargs)
  File "/app/asu_discord/cogs/analytics.py", line 652, in on_member_update
    before_timeout = before.timed_out_until
                     ^^^^^^^^^^^^^^^^^^^^^^
AttributeError: 'Member' object has no attribute 'timed_out_until'
INFO:asu_discord.cogs.verification:Saved 5 roles to database for user jjogi1 (Discord ID: 1519739615387582595)
INFO:asu_discord.cogs.verification:Refreshed Salesforce roles for Discord user 1519739615387582595: -5/+4 roles, assigned=[Commited, First Year, International Student, Ira A. Fulton Schools of Engineering, Polytechnic]
Ignoring exception in on_member_update
Traceback (most recent call last):
  File "/usr/local/lib/python3.12/site-packages/discord/client.py", line 465, in _run_event
    await coro(*args, **kwargs)
  File "/app/asu_discord/cogs/analytics.py", line 652, in on_member_update
    before_timeout = before.timed_out_until
                     ^^^^^^^^^^^^^^^^^^^^^^
AttributeError: 'Member' object has no attribute 'timed_out_until'
Ignoring exception in on_member_update
Traceback (most recent call last):
  File "/usr/local/lib/python3.12/site-packages/discord/client.py", line 465, in _run_event
    await coro(*args, **kwargs)
  File "/app/asu_discord/cogs/analytics.py", line 652, in on_member_update
    before_timeout = before.timed_out_until
                     ^^^^^^^^^^^^^^^^^^^^^^
AttributeError: 'Member' object has no attribute 'timed_out_until'
Ignoring exception in on_member_update
Traceback (most recent call last):
  File "/usr/local/lib/python3.12/site-packages/discord/client.py", line 465, in _run_event
    await coro(*args, **kwargs)
  File "/app/asu_discord/cogs/analytics.py", line 652, in on_member_update
    before_timeout = before.timed_out_until
                     ^^^^^^^^^^^^^^^^^^^^^^
AttributeError: 'Member' object has no attribute 'timed_out_until'
Ignoring exception in on_member_update
Traceback (most recent call last):
  File "/usr/local/lib/python3.12/site-packages/discord/client.py", line 465, in _run_event
    await coro(*args, **kwargs)
  File "/app/asu_discord/cogs/analytics.py", line 652, in on_member_update
    before_timeout = before.timed_out_until
                     ^^^^^^^^^^^^^^^^^^^^^^
AttributeError: 'Member' object has no attribute 'timed_out_until'
Ignoring exception in on_member_update
Traceback (most recent call last):
  File "/usr/local/lib/python3.12/site-packages/discord/client.py", line 465, in _run_event
    await coro(*args, **kwargs)
  File "/app/asu_discord/cogs/analytics.py", line 652, in on_member_update
    before_timeout = before.timed_out_until
                     ^^^^^^^^^^^^^^^^^^^^^^
AttributeError: 'Member' object has no attribute 'timed_out_until'
Ignoring exception in on_member_update
Traceback (most recent call last):
  File "/usr/local/lib/python3.12/site-packages/discord/client.py", line 465, in _run_event
    await coro(*args, **kwargs)
  File "/app/asu_discord/cogs/analytics.py", line 652, in on_member_update
    before_timeout = before.timed_out_until
                     ^^^^^^^^^^^^^^^^^^^^^^
AttributeError: 'Member' object has no attribute 'timed_out_until'
Ignoring exception in on_member_update
Traceback (most recent call last):
  File "/usr/local/lib/python3.12/site-packages/discord/client.py", line 465, in _run_event
    await coro(*args, **kwargs)
  File "/app/asu_discord/cogs/analytics.py", line 652, in on_member_update
    before_timeout = before.timed_out_until
                     ^^^^^^^^^^^^^^^^^^^^^^
AttributeError: 'Member' object has no attribute 'timed_out_until'
Ignoring exception in on_member_update
Traceback (most recent call last):
  File "/usr/local/lib/python3.12/site-packages/discord/client.py", line 465, in _run_event
    await coro(*args, **kwargs)
  File "/app/asu_discord/cogs/analytics.py", line 652, in on_member_update
    before_timeout = before.timed_out_until
                     ^^^^^^^^^^^^^^^^^^^^^^
AttributeError: 'Member' object has no attribute 'timed_out_until'
Ignoring exception in on_member_update
Traceback (most recent call last):
  File "/usr/local/lib/python3.12/site-packages/discord/client.py", line 465, in _run_event
    await coro(*args, **kwargs)
  File "/app/asu_discord/cogs/analytics.py", line 652, in on_member_update
    before_timeout = before.timed_out_until
                     ^^^^^^^^^^^^^^^^^^^^^^
AttributeError: 'Member' object has no attribute 'timed_out_until'
INFO:asu_discord.cogs.verification:Saved 5 roles to database for user pkartley (Discord ID: 1466434474731372817)
INFO:asu_discord.cogs.verification:Refreshed Salesforce roles for Discord user 1466434474731372817: -4/+5 roles, assigned=[Commited, First Year, Out of State, Tempe, W.P. Carey School of Business]
Ignoring exception in on_member_update
Traceback (most recent call last):
  File "/usr/local/lib/python3.12/site-packages/discord/client.py", line 465, in _run_event
    await coro(*args, **kwargs)
  File "/app/asu_discord/cogs/analytics.py", line 652, in on_member_update
    before_timeout = before.timed_out_until
                     ^^^^^^^^^^^^^^^^^^^^^^
AttributeError: 'Member' object has no attribute 'timed_out_until'
Ignoring exception in on_member_update
Traceback (most recent call last):
  File "/usr/local/lib/python3.12/site-packages/discord/client.py", line 465, in _run_event
    await coro(*args, **kwargs)
  File "/app/asu_discord/cogs/analytics.py", line 652, in on_member_update
    before_timeout = before.timed_out_until
                     ^^^^^^^^^^^^^^^^^^^^^^
AttributeError: 'Member' object has no attribute 'timed_out_until'
Ignoring exception in on_member_update
Traceback (most recent call last):
  File "/usr/local/lib/python3.12/site-packages/discord/client.py", line 465, in _run_event
    await coro(*args, **kwargs)
  File "/app/asu_discord/cogs/analytics.py", line 652, in on_member_update
    before_timeout = before.timed_out_until
                     ^^^^^^^^^^^^^^^^^^^^^^
AttributeError: 'Member' object has no attribute 'timed_out_until'
Ignoring exception in on_member_update
Traceback (most recent call last):
  File "/usr/local/lib/python3.12/site-packages/discord/client.py", line 465, in _run_event
    await coro(*args, **kwargs)
  File "/app/asu_discord/cogs/analytics.py", line 652, in on_member_update
    before_timeout = before.timed_out_until
                     ^^^^^^^^^^^^^^^^^^^^^^
AttributeError: 'Member' object has no attribute 'timed_out_until'
Ignoring exception in on_member_update
Traceback (most recent call last):
  File "/usr/local/lib/python3.12/site-packages/discord/client.py", line 465, in _run_event
    await coro(*args, **kwargs)
  File "/app/asu_discord/cogs/analytics.py", line 652, in on_member_update
    before_timeout = before.timed_out_until
                     ^^^^^^^^^^^^^^^^^^^^^^
AttributeError: 'Member' object has no attribute 'timed_out_until'
Ignoring exception in on_member_update
Traceback (most recent call last):
  File "/usr/local/lib/python3.12/site-packages/discord/client.py", line 465, in _run_event
    await coro(*args, **kwargs)
  File "/app/asu_discord/cogs/analytics.py", line 652, in on_member_update
    before_timeout = before.timed_out_until
                     ^^^^^^^^^^^^^^^^^^^^^^
AttributeError: 'Member' object has no attribute 'timed_out_until'
Ignoring exception in on_member_update
Traceback (most recent call last):
  File "/usr/local/lib/python3.12/site-packages/discord/client.py", line 465, in _run_event
    await coro(*args, **kwargs)
  File "/app/asu_discord/cogs/analytics.py", line 652, in on_member_update
    before_timeout = before.timed_out_until
                     ^^^^^^^^^^^^^^^^^^^^^^
AttributeError: 'Member' object has no attribute 'timed_out_until'
Ignoring exception in on_member_update
Traceback (most recent call last):
  File "/usr/local/lib/python3.12/site-packages/discord/client.py", line 465, in _run_event
    await coro(*args, **kwargs)
  File "/app/asu_discord/cogs/analytics.py", line 652, in on_member_update
    before_timeout = before.timed_out_until
                     ^^^^^^^^^^^^^^^^^^^^^^
AttributeError: 'Member' object has no attribute 'timed_out_until'
INFO:asu_discord.cogs.verification:Saved 4 roles to database for user ggoyal13 (Discord ID: 941174627521159242)
INFO:asu_discord.cogs.verification:Refreshed Salesforce roles for Discord user 941174627521159242: -4/+4 roles, assigned=[Arizona Resident, College of Liberal Arts and Sciences, First Year, Tempe]
Ignoring exception in on_member_update
Traceback (most recent call last):
  File "/usr/local/lib/python3.12/site-packages/discord/client.py", line 465, in _run_event
    await coro(*args, **kwargs)
  File "/app/asu_discord/cogs/analytics.py", line 652, in on_member_update
    before_timeout = before.timed_out_until
                     ^^^^^^^^^^^^^^^^^^^^^^
AttributeError: 'Member' object has no attribute 'timed_out_until'
Ignoring exception in on_member_update
Traceback (most recent call last):
  File "/usr/local/lib/python3.12/site-packages/discord/client.py", line 465, in _run_event
    await coro(*args, **kwargs)
  File "/app/asu_discord/cogs/analytics.py", line 652, in on_member_update
    before_timeout = before.timed_out_until
                     ^^^^^^^^^^^^^^^^^^^^^^
AttributeError: 'Member' object has no attribute 'timed_out_until'
Ignoring exception in on_member_update
Traceback (most recent call last):
  File "/usr/local/lib/python3.12/site-packages/discord/client.py", line 465, in _run_event
    await coro(*args, **kwargs)
  File "/app/asu_discord/cogs/analytics.py", line 652, in on_member_update
    before_timeout = before.timed_out_until
                     ^^^^^^^^^^^^^^^^^^^^^^
AttributeError: 'Member' object has no attribute 'timed_out_until'
Ignoring exception in on_member_update
Traceback (most recent call last):
  File "/usr/local/lib/python3.12/site-packages/discord/client.py", line 465, in _run_event
    await coro(*args, **kwargs)
  File "/app/asu_discord/cogs/analytics.py", line 652, in on_member_update
    before_timeout = before.timed_out_until
                     ^^^^^^^^^^^^^^^^^^^^^^
AttributeError: 'Member' object has no attribute 'timed_out_until'
Ignoring exception in on_member_update
Traceback (most recent call last):
  File "/usr/local/lib/python3.12/site-packages/discord/client.py", line 465, in _run_event
    await coro(*args, **kwargs)
  File "/app/asu_discord/cogs/analytics.py", line 652, in on_member_update
    before_timeout = before.timed_out_until
                     ^^^^^^^^^^^^^^^^^^^^^^
AttributeError: 'Member' object has no attribute 'timed_out_until'
Ignoring exception in on_member_update
Traceback (most recent call last):
  File "/usr/local/lib/python3.12/site-packages/discord/client.py", line 465, in _run_event
    await coro(*args, **kwargs)
  File "/app/asu_discord/cogs/analytics.py", line 652, in on_member_update
    before_timeout = before.timed_out_until
                     ^^^^^^^^^^^^^^^^^^^^^^
AttributeError: 'Member' object has no attribute 'timed_out_until'
Ignoring exception in on_member_update
Traceback (most recent call last):
  File "/usr/local/lib/python3.12/site-packages/discord/client.py", line 465, in _run_event
    await coro(*args, **kwargs)
  File "/app/asu_discord/cogs/analytics.py", line 652, in on_member_update
    before_timeout = before.timed_out_until
                     ^^^^^^^^^^^^^^^^^^^^^^
AttributeError: 'Member' object has no attribute 'timed_out_until'
Ignoring exception in on_member_update
Traceback (most recent call last):
  File "/usr/local/lib/python3.12/site-packages/discord/client.py", line 465, in _run_event
    await coro(*args, **kwargs)
  File "/app/asu_discord/cogs/analytics.py", line 652, in on_member_update
    before_timeout = before.timed_out_until
                     ^^^^^^^^^^^^^^^^^^^^^^
AttributeError: 'Member' object has no attribute 'timed_out_until'
Ignoring exception in on_member_update
Traceback (most recent call last):
  File "/usr/local/lib/python3.12/site-packages/discord/client.py", line 465, in _run_event
    await coro(*args, **kwargs)
  File "/app/asu_discord/cogs/analytics.py", line 652, in on_member_update
    before_timeout = before.timed_out_until
                     ^^^^^^^^^^^^^^^^^^^^^^
AttributeError: 'Member' object has no attribute 'timed_out_until'
INFO:asu_discord.cogs.verification:Saved 5 roles to database for user ogomapon (Discord ID: 1455799126347223062)
INFO:asu_discord.cogs.verification:Refreshed Salesforce roles for Discord user 1455799126347223062: -5/+4 roles, assigned=[Arizona Resident, College of Liberal Arts and Sciences, First Generation Student, First Year, Tempe]
Ignoring exception in on_member_update
Traceback (most recent call last):
  File "/usr/local/lib/python3.12/site-packages/discord/client.py", line 465, in _run_event
    await coro(*args, **kwargs)
  File "/app/asu_discord/cogs/analytics.py", line 652, in on_member_update
    before_timeout = before.timed_out_until
                     ^^^^^^^^^^^^^^^^^^^^^^
AttributeError: 'Member' object has no attribute 'timed_out_until'
Ignoring exception in on_member_update
Traceback (most recent call last):
  File "/usr/local/lib/python3.12/site-packages/discord/client.py", line 465, in _run_event
    await coro(*args, **kwargs)
  File "/app/asu_discord/cogs/analytics.py", line 652, in on_member_update
    before_timeout = before.timed_out_until
                     ^^^^^^^^^^^^^^^^^^^^^^
AttributeError: 'Member' object has no attribute 'timed_out_until'
Ignoring exception in on_member_update
Traceback (most recent call last):
  File "/usr/local/lib/python3.12/site-packages/discord/client.py", line 465, in _run_event
    await coro(*args, **kwargs)
  File "/app/asu_discord/cogs/analytics.py", line 652, in on_member_update
    before_timeout = before.timed_out_until
                     ^^^^^^^^^^^^^^^^^^^^^^
AttributeError: 'Member' object has no attribute 'timed_out_until'
Ignoring exception in on_member_update
Traceback (most recent call last):
  File "/usr/local/lib/python3.12/site-packages/discord/client.py", line 465, in _run_event
    await coro(*args, **kwargs)
  File "/app/asu_discord/cogs/analytics.py", line 652, in on_member_update
    before_timeout = before.timed_out_until
                     ^^^^^^^^^^^^^^^^^^^^^^
AttributeError: 'Member' object has no attribute 'timed_out_until'
Ignoring exception in on_member_update
Traceback (most recent call last):
  File "/usr/local/lib/python3.12/site-packages/discord/client.py", line 465, in _run_event
    await coro(*args, **kwargs)
  File "/app/asu_discord/cogs/analytics.py", line 652, in on_member_update
    before_timeout = before.timed_out_until
                     ^^^^^^^^^^^^^^^^^^^^^^
AttributeError: 'Member' object has no attribute 'timed_out_until'
Ignoring exception in on_member_update
Traceback (most recent call last):
  File "/usr/local/lib/python3.12/site-packages/discord/client.py", line 465, in _run_event
    await coro(*args, **kwargs)
  File "/app/asu_discord/cogs/analytics.py", line 652, in on_member_update
    before_timeout = before.timed_out_until
                     ^^^^^^^^^^^^^^^^^^^^^^
AttributeError: 'Member' object has no attribute 'timed_out_until'
Ignoring exception in on_member_update
Traceback (most recent call last):
  File "/usr/local/lib/python3.12/site-packages/discord/client.py", line 465, in _run_event
    await coro(*args, **kwargs)
  File "/app/asu_discord/cogs/analytics.py", line 652, in on_member_update
    before_timeout = before.timed_out_until
                     ^^^^^^^^^^^^^^^^^^^^^^
AttributeError: 'Member' object has no attribute 'timed_out_until'
Ignoring exception in on_member_update
Traceback (most recent call last):
  File "/usr/local/lib/python3.12/site-packages/discord/client.py", line 465, in _run_event
    await coro(*args, **kwargs)
  File "/app/asu_discord/cogs/analytics.py", line 652, in on_member_update
    before_timeout = before.timed_out_until
                     ^^^^^^^^^^^^^^^^^^^^^^
AttributeError: 'Member' object has no attribute 'timed_out_until'
INFO:asu_discord.cogs.verification:Saved 4 roles to database for user qamohamm (Discord ID: 1203470104847974433)
INFO:asu_discord.cogs.verification:Refreshed Salesforce roles for Discord user 1203470104847974433: -4/+4 roles, assigned=[First Year, International Student, Tempe, W.P. Carey School of Business]
Ignoring exception in on_member_update
Traceback (most recent call last):
  File "/usr/local/lib/python3.12/site-packages/discord/client.py", line 465, in _run_event
    await coro(*args, **kwargs)
  File "/app/asu_discord/cogs/analytics.py", line 652, in on_member_update
    before_timeout = before.timed_out_until
                     ^^^^^^^^^^^^^^^^^^^^^^
AttributeError: 'Member' object has no attribute 'timed_out_until'
Ignoring exception in on_member_update
Traceback (most recent call last):
  File "/usr/local/lib/python3.12/site-packages/discord/client.py", line 465, in _run_event
    await coro(*args, **kwargs)
  File "/app/asu_discord/cogs/analytics.py", line 652, in on_member_update
    before_timeout = before.timed_out_until
                     ^^^^^^^^^^^^^^^^^^^^^^
AttributeError: 'Member' object has no attribute 'timed_out_until'
Ignoring exception in on_member_update
Traceback (most recent call last):
  File "/usr/local/lib/python3.12/site-packages/discord/client.py", line 465, in _run_event
    await coro(*args, **kwargs)
  File "/app/asu_discord/cogs/analytics.py", line 652, in on_member_update
    before_timeout = before.timed_out_until
                     ^^^^^^^^^^^^^^^^^^^^^^
AttributeError: 'Member' object has no attribute 'timed_out_until'
Ignoring exception in on_member_update
Traceback (most recent call last):
  File "/usr/local/lib/python3.12/site-packages/discord/client.py", line 465, in _run_event
    await coro(*args, **kwargs)
  File "/app/asu_discord/cogs/analytics.py", line 652, in on_member_update
    before_timeout = before.timed_out_until
                     ^^^^^^^^^^^^^^^^^^^^^^
AttributeError: 'Member' object has no attribute 'timed_out_until'
Ignoring exception in on_member_update
Traceback (most recent call last):
  File "/usr/local/lib/python3.12/site-packages/discord/client.py", line 465, in _run_event
    await coro(*args, **kwargs)
  File "/app/asu_discord/cogs/analytics.py", line 652, in on_member_update
    before_timeout = before.timed_out_until
                     ^^^^^^^^^^^^^^^^^^^^^^
AttributeError: 'Member' object has no attribute 'timed_out_until'
Ignoring exception in on_member_update
Traceback (most recent call last):
  File "/usr/local/lib/python3.12/site-packages/discord/client.py", line 465, in _run_event
    await coro(*args, **kwargs)
  File "/app/asu_discord/cogs/analytics.py", line 652, in on_member_update
    before_timeout = before.timed_out_until
                     ^^^^^^^^^^^^^^^^^^^^^^
AttributeError: 'Member' object has no attribute 'timed_out_until'
Ignoring exception in on_member_update
Traceback (most recent call last):
  File "/usr/local/lib/python3.12/site-packages/discord/client.py", line 465, in _run_event
    await coro(*args, **kwargs)
  File "/app/asu_discord/cogs/analytics.py", line 652, in on_member_update
    before_timeout = before.timed_out_until
                     ^^^^^^^^^^^^^^^^^^^^^^
AttributeError: 'Member' object has no attribute 'timed_out_until'
Ignoring exception in on_member_update
Traceback (most recent call last):
  File "/usr/local/lib/python3.12/site-packages/discord/client.py", line 465, in _run_event
    await coro(*args, **kwargs)
  File "/app/asu_discord/cogs/analytics.py", line 652, in on_member_update
    before_timeout = before.timed_out_until
                     ^^^^^^^^^^^^^^^^^^^^^^
AttributeError: 'Member' object has no attribute 'timed_out_until'
INFO:asu_discord.cogs.verification:Saved 4 roles to database for user peytonl1 (Discord ID: 1462880673953222798)
INFO:asu_discord.cogs.verification:Refreshed Salesforce roles for Discord user 1462880673953222798: -4/+4 roles, assigned=[Arizona Resident, First Year, Mary Lou Fulton Teachers College, Tempe]
Ignoring exception in on_member_update
Traceback (most recent call last):
  File "/usr/local/lib/python3.12/site-packages/discord/client.py", line 465, in _run_event
    await coro(*args, **kwargs)
  File "/app/asu_discord/cogs/analytics.py", line 652, in on_member_update
    before_timeout = before.timed_out_until
                     ^^^^^^^^^^^^^^^^^^^^^^
AttributeError: 'Member' object has no attribute 'timed_out_until'
Ignoring exception in on_member_update
Traceback (most recent call last):
  File "/usr/local/lib/python3.12/site-packages/discord/client.py", line 465, in _run_event
    await coro(*args, **kwargs)
  File "/app/asu_discord/cogs/analytics.py", line 652, in on_member_update
    before_timeout = before.timed_out_until
                     ^^^^^^^^^^^^^^^^^^^^^^
AttributeError: 'Member' object has no attribute 'timed_out_until'
Ignoring exception in on_member_update
Traceback (most recent call last):
  File "/usr/local/lib/python3.12/site-packages/discord/client.py", line 465, in _run_event
    await coro(*args, **kwargs)
  File "/app/asu_discord/cogs/analytics.py", line 652, in on_member_update
    before_timeout = before.timed_out_until
                     ^^^^^^^^^^^^^^^^^^^^^^
AttributeError: 'Member' object has no attribute 'timed_out_until'
Ignoring exception in on_member_update
Traceback (most recent call last):
  File "/usr/local/lib/python3.12/site-packages/discord/client.py", line 465, in _run_event
    await coro(*args, **kwargs)
  File "/app/asu_discord/cogs/analytics.py", line 652, in on_member_update
    before_timeout = before.timed_out_until
                     ^^^^^^^^^^^^^^^^^^^^^^
AttributeError: 'Member' object has no attribute 'timed_out_until'
Ignoring exception in on_member_update
Traceback (most recent call last):
  File "/usr/local/lib/python3.12/site-packages/discord/client.py", line 465, in _run_event
    await coro(*args, **kwargs)
  File "/app/asu_discord/cogs/analytics.py", line 652, in on_member_update
    before_timeout = before.timed_out_until
                     ^^^^^^^^^^^^^^^^^^^^^^
AttributeError: 'Member' object has no attribute 'timed_out_until'
Ignoring exception in on_member_update
Traceback (most recent call last):
  File "/usr/local/lib/python3.12/site-packages/discord/client.py", line 465, in _run_event
    await coro(*args, **kwargs)
  File "/app/asu_discord/cogs/analytics.py", line 652, in on_member_update
    before_timeout = before.timed_out_until
                     ^^^^^^^^^^^^^^^^^^^^^^
AttributeError: 'Member' object has no attribute 'timed_out_until'
Ignoring exception in on_member_update
Traceback (most recent call last):
  File "/usr/local/lib/python3.12/site-packages/discord/client.py", line 465, in _run_event
    await coro(*args, **kwargs)
  File "/app/asu_discord/cogs/analytics.py", line 652, in on_member_update
    before_timeout = before.timed_out_until
                     ^^^^^^^^^^^^^^^^^^^^^^
AttributeError: 'Member' object has no attribute 'timed_out_until'
Ignoring exception in on_member_update
Traceback (most recent call last):
  File "/usr/local/lib/python3.12/site-packages/discord/client.py", line 465, in _run_event
    await coro(*args, **kwargs)
  File "/app/asu_discord/cogs/analytics.py", line 652, in on_member_update
    before_timeout = before.timed_out_until
                     ^^^^^^^^^^^^^^^^^^^^^^
AttributeError: 'Member' object has no attribute 'timed_out_until'
Ignoring exception in on_member_update
Traceback (most recent call last):
  File "/usr/local/lib/python3.12/site-packages/discord/client.py", line 465, in _run_event
    await coro(*args, **kwargs)
  File "/app/asu_discord/cogs/analytics.py", line 652, in on_member_update
    before_timeout = before.timed_out_until
                     ^^^^^^^^^^^^^^^^^^^^^^
AttributeError: 'Member' object has no attribute 'timed_out_until'
Ignoring exception in on_member_update
Traceback (most recent call last):
  File "/usr/local/lib/python3.12/site-packages/discord/client.py", line 465, in _run_event
    await coro(*args, **kwargs)
  File "/app/asu_discord/cogs/analytics.py", line 652, in on_member_update
    before_timeout = before.timed_out_until
                     ^^^^^^^^^^^^^^^^^^^^^^
AttributeError: 'Member' object has no attribute 'timed_out_until'
INFO:asu_discord.cogs.verification:Saved 5 roles to database for user nwaddel2 (Discord ID: 752258142997446667)
INFO:asu_discord.cogs.verification:Refreshed Salesforce roles for Discord user 752258142997446667: -5/+5 roles, assigned=[Commited, First Year, Ira A. Fulton Schools of Engineering, Out of State, Tempe]
Ignoring exception in on_member_update
Traceback (most recent call last):
  File "/usr/local/lib/python3.12/site-packages/discord/client.py", line 465, in _run_event
    await coro(*args, **kwargs)
  File "/app/asu_discord/cogs/analytics.py", line 652, in on_member_update
    before_timeout = before.timed_out_until
                     ^^^^^^^^^^^^^^^^^^^^^^
AttributeError: 'Member' object has no attribute 'timed_out_until'
INFO:asu_discord.cogs.verification:Saved 1 roles to database for user vsofield (Discord ID: 973754184732131378)
INFO:asu_discord.cogs.verification:Refreshed Salesforce roles for Discord user 973754184732131378: -1/+0 roles, assigned=[Out of State]
Ignoring exception in on_member_update
Traceback (most recent call last):
  File "/usr/local/lib/python3.12/site-packages/discord/client.py", line 465, in _run_event
    await coro(*args, **kwargs)
  File "/app/asu_discord/cogs/analytics.py", line 652, in on_member_update
    before_timeout = before.timed_out_until
                     ^^^^^^^^^^^^^^^^^^^^^^
AttributeError: 'Member' object has no attribute 'timed_out_until'
Ignoring exception in on_member_update
Traceback (most recent call last):
  File "/usr/local/lib/python3.12/site-packages/discord/client.py", line 465, in _run_event
    await coro(*args, **kwargs)
  File "/app/asu_discord/cogs/analytics.py", line 652, in on_member_update
    before_timeout = before.timed_out_until
                     ^^^^^^^^^^^^^^^^^^^^^^
AttributeError: 'Member' object has no attribute 'timed_out_until'
Ignoring exception in on_member_update
Traceback (most recent call last):
  File "/usr/local/lib/python3.12/site-packages/discord/client.py", line 465, in _run_event
    await coro(*args, **kwargs)
  File "/app/asu_discord/cogs/analytics.py", line 652, in on_member_update
    before_timeout = before.timed_out_until
                     ^^^^^^^^^^^^^^^^^^^^^^
AttributeError: 'Member' object has no attribute 'timed_out_until'
Ignoring exception in on_member_update
Traceback (most recent call last):
  File "/usr/local/lib/python3.12/site-packages/discord/client.py", line 465, in _run_event
    await coro(*args, **kwargs)
  File "/app/asu_discord/cogs/analytics.py", line 652, in on_member_update
    before_timeout = before.timed_out_until
                     ^^^^^^^^^^^^^^^^^^^^^^
AttributeError: 'Member' object has no attribute 'timed_out_until'
Ignoring exception in on_member_update
Traceback (most recent call last):
  File "/usr/local/lib/python3.12/site-packages/discord/client.py", line 465, in _run_event
    await coro(*args, **kwargs)
  File "/app/asu_discord/cogs/analytics.py", line 652, in on_member_update
    before_timeout = before.timed_out_until
                     ^^^^^^^^^^^^^^^^^^^^^^
AttributeError: 'Member' object has no attribute 'timed_out_until'
Ignoring exception in on_member_update
Traceback (most recent call last):
  File "/usr/local/lib/python3.12/site-packages/discord/client.py", line 465, in _run_event
    await coro(*args, **kwargs)
  File "/app/asu_discord/cogs/analytics.py", line 652, in on_member_update
    before_timeout = before.timed_out_until
                     ^^^^^^^^^^^^^^^^^^^^^^
AttributeError: 'Member' object has no attribute 'timed_out_until'
Ignoring exception in on_member_update
Traceback (most recent call last):
  File "/usr/local/lib/python3.12/site-packages/discord/client.py", line 465, in _run_event
    await coro(*args, **kwargs)
  File "/app/asu_discord/cogs/analytics.py", line 652, in on_member_update
    before_timeout = before.timed_out_until
                     ^^^^^^^^^^^^^^^^^^^^^^
AttributeError: 'Member' object has no attribute 'timed_out_until'
Ignoring exception in on_member_update
Traceback (most recent call last):
  File "/usr/local/lib/python3.12/site-packages/discord/client.py", line 465, in _run_event
    await coro(*args, **kwargs)
  File "/app/asu_discord/cogs/analytics.py", line 652, in on_member_update
    before_timeout = before.timed_out_until
                     ^^^^^^^^^^^^^^^^^^^^^^
AttributeError: 'Member' object has no attribute 'timed_out_until'
INFO:asu_discord.cogs.verification:Saved 4 roles to database for user syassin4 (Discord ID: 925329837223202886)
INFO:asu_discord.cogs.verification:Refreshed Salesforce roles for Discord user 925329837223202886: -4/+4 roles, assigned=[Arizona Resident, College of Health Solutions, First Year, West Valley]
Ignoring exception in on_member_update
Traceback (most recent call last):
  File "/usr/local/lib/python3.12/site-packages/discord/client.py", line 465, in _run_event
    await coro(*args, **kwargs)
  File "/app/asu_discord/cogs/analytics.py", line 652, in on_member_update
    before_timeout = before.timed_out_until
                     ^^^^^^^^^^^^^^^^^^^^^^
AttributeError: 'Member' object has no attribute 'timed_out_until'
Ignoring exception in on_member_update
Traceback (most recent call last):
  File "/usr/local/lib/python3.12/site-packages/discord/client.py", line 465, in _run_event
    await coro(*args, **kwargs)
  File "/app/asu_discord/cogs/analytics.py", line 652, in on_member_update
    before_timeout = before.timed_out_until
                     ^^^^^^^^^^^^^^^^^^^^^^
AttributeError: 'Member' object has no attribute 'timed_out_until'
Ignoring exception in on_member_update
Traceback (most recent call last):
  File "/usr/local/lib/python3.12/site-packages/discord/client.py", line 465, in _run_event
    await coro(*args, **kwargs)
  File "/app/asu_discord/cogs/analytics.py", line 652, in on_member_update
    before_timeout = before.timed_out_until
                     ^^^^^^^^^^^^^^^^^^^^^^
AttributeError: 'Member' object has no attribute 'timed_out_until'
Ignoring exception in on_member_update
Traceback (most recent call last):
  File "/usr/local/lib/python3.12/site-packages/discord/client.py", line 465, in _run_event
    await coro(*args, **kwargs)
  File "/app/asu_discord/cogs/analytics.py", line 652, in on_member_update
    before_timeout = before.timed_out_until
                     ^^^^^^^^^^^^^^^^^^^^^^
AttributeError: 'Member' object has no attribute 'timed_out_until'
Ignoring exception in on_member_update
Traceback (most recent call last):
  File "/usr/local/lib/python3.12/site-packages/discord/client.py", line 465, in _run_event
    await coro(*args, **kwargs)
  File "/app/asu_discord/cogs/analytics.py", line 652, in on_member_update
    before_timeout = before.timed_out_until
                     ^^^^^^^^^^^^^^^^^^^^^^
AttributeError: 'Member' object has no attribute 'timed_out_until'
Ignoring exception in on_member_update
Traceback (most recent call last):
  File "/usr/local/lib/python3.12/site-packages/discord/client.py", line 465, in _run_event
    await coro(*args, **kwargs)
  File "/app/asu_discord/cogs/analytics.py", line 652, in on_member_update
    before_timeout = before.timed_out_until
                     ^^^^^^^^^^^^^^^^^^^^^^
AttributeError: 'Member' object has no attribute 'timed_out_until'
Ignoring exception in on_member_update
Traceback (most recent call last):
  File "/usr/local/lib/python3.12/site-packages/discord/client.py", line 465, in _run_event
    await coro(*args, **kwargs)
  File "/app/asu_discord/cogs/analytics.py", line 652, in on_member_update
    before_timeout = before.timed_out_until
                     ^^^^^^^^^^^^^^^^^^^^^^
AttributeError: 'Member' object has no attribute 'timed_out_until'
Ignoring exception in on_member_update
Traceback (most recent call last):
  File "/usr/local/lib/python3.12/site-packages/discord/client.py", line 465, in _run_event
    await coro(*args, **kwargs)
  File "/app/asu_discord/cogs/analytics.py", line 652, in on_member_update
    before_timeout = before.timed_out_until
                     ^^^^^^^^^^^^^^^^^^^^^^
AttributeError: 'Member' object has no attribute 'timed_out_until'
Ignoring exception in on_member_update
Traceback (most recent call last):
  File "/usr/local/lib/python3.12/site-packages/discord/client.py", line 465, in _run_event
    await coro(*args, **kwargs)
  File "/app/asu_discord/cogs/analytics.py", line 652, in on_member_update
    before_timeout = before.timed_out_until
                     ^^^^^^^^^^^^^^^^^^^^^^
AttributeError: 'Member' object has no attribute 'timed_out_until'
Ignoring exception in on_member_update
Traceback (most recent call last):
  File "/usr/local/lib/python3.12/site-packages/discord/client.py", line 465, in _run_event
    await coro(*args, **kwargs)
  File "/app/asu_discord/cogs/analytics.py", line 652, in on_member_update
    before_timeout = before.timed_out_until
                     ^^^^^^^^^^^^^^^^^^^^^^
AttributeError: 'Member' object has no attribute 'timed_out_until'
INFO:asu_discord.cogs.verification:Saved 5 roles to database for user sxoliqov (Discord ID: 1444564517697884294)
INFO:asu_discord.cogs.verification:Refreshed Salesforce roles for Discord user 1444564517697884294: -5/+5 roles, assigned=[First Generation Student, First Year, International Student, Ira A. Fulton Schools of Engineering, Tempe]
Ignoring exception in on_member_update
Traceback (most recent call last):
  File "/usr/local/lib/python3.12/site-packages/discord/client.py", line 465, in _run_event
    await coro(*args, **kwargs)
  File "/app/asu_discord/cogs/analytics.py", line 652, in on_member_update
    before_timeout = before.timed_out_until
                     ^^^^^^^^^^^^^^^^^^^^^^
AttributeError: 'Member' object has no attribute 'timed_out_until'
Ignoring exception in on_member_update
Traceback (most recent call last):
  File "/usr/local/lib/python3.12/site-packages/discord/client.py", line 465, in _run_event
    await coro(*args, **kwargs)
  File "/app/asu_discord/cogs/analytics.py", line 652, in on_member_update
    before_timeout = before.timed_out_until
                     ^^^^^^^^^^^^^^^^^^^^^^
AttributeError: 'Member' object has no attribute 'timed_out_until'
Ignoring exception in on_member_update
Traceback (most recent call last):
  File "/usr/local/lib/python3.12/site-packages/discord/client.py", line 465, in _run_event
    await coro(*args, **kwargs)
  File "/app/asu_discord/cogs/analytics.py", line 652, in on_member_update
    before_timeout = before.timed_out_until
                     ^^^^^^^^^^^^^^^^^^^^^^
AttributeError: 'Member' object has no attribute 'timed_out_until'
Ignoring exception in on_member_update
Traceback (most recent call last):
  File "/usr/local/lib/python3.12/site-packages/discord/client.py", line 465, in _run_event
    await coro(*args, **kwargs)
  File "/app/asu_discord/cogs/analytics.py", line 652, in on_member_update
    before_timeout = before.timed_out_until
                     ^^^^^^^^^^^^^^^^^^^^^^
AttributeError: 'Member' object has no attribute 'timed_out_until'
Ignoring exception in on_member_update
Traceback (most recent call last):
  File "/usr/local/lib/python3.12/site-packages/discord/client.py", line 465, in _run_event
    await coro(*args, **kwargs)
  File "/app/asu_discord/cogs/analytics.py", line 652, in on_member_update
    before_timeout = before.timed_out_until
                     ^^^^^^^^^^^^^^^^^^^^^^
AttributeError: 'Member' object has no attribute 'timed_out_until'
Ignoring exception in on_member_update
Traceback (most recent call last):
  File "/usr/local/lib/python3.12/site-packages/discord/client.py", line 465, in _run_event
    await coro(*args, **kwargs)
  File "/app/asu_discord/cogs/analytics.py", line 652, in on_member_update
    before_timeout = before.timed_out_until
                     ^^^^^^^^^^^^^^^^^^^^^^
AttributeError: 'Member' object has no attribute 'timed_out_until'
Ignoring exception in on_member_update
Traceback (most recent call last):
  File "/usr/local/lib/python3.12/site-packages/discord/client.py", line 465, in _run_event
    await coro(*args, **kwargs)
  File "/app/asu_discord/cogs/analytics.py", line 652, in on_member_update
    before_timeout = before.timed_out_until
                     ^^^^^^^^^^^^^^^^^^^^^^
AttributeError: 'Member' object has no attribute 'timed_out_until'
Ignoring exception in on_member_update
Traceback (most recent call last):
  File "/usr/local/lib/python3.12/site-packages/discord/client.py", line 465, in _run_event
    await coro(*args, **kwargs)
  File "/app/asu_discord/cogs/analytics.py", line 652, in on_member_update
    before_timeout = before.timed_out_until
                     ^^^^^^^^^^^^^^^^^^^^^^
AttributeError: 'Member' object has no attribute 'timed_out_until'
Ignoring exception in on_member_update
Traceback (most recent call last):
  File "/usr/local/lib/python3.12/site-packages/discord/client.py", line 465, in _run_event
    await coro(*args, **kwargs)
  File "/app/asu_discord/cogs/analytics.py", line 652, in on_member_update
    before_timeout = before.timed_out_until
                     ^^^^^^^^^^^^^^^^^^^^^^
AttributeError: 'Member' object has no attribute 'timed_out_until'
Ignoring exception in on_member_update
Traceback (most recent call last):
  File "/usr/local/lib/python3.12/site-packages/discord/client.py", line 465, in _run_event
    await coro(*args, **kwargs)
  File "/app/asu_discord/cogs/analytics.py", line 652, in on_member_update
    before_timeout = before.timed_out_until
                     ^^^^^^^^^^^^^^^^^^^^^^
AttributeError: 'Member' object has no attribute 'timed_out_until'
INFO:asu_discord.cogs.verification:Saved 5 roles to database for user ciashwor (Discord ID: 1204964537330040872)
INFO:asu_discord.cogs.verification:Refreshed Salesforce roles for Discord user 1204964537330040872: -5/+5 roles, assigned=[Arizona Resident, College of Integrative Sciences and Arts, Commited, Polytechnic, Transfer Student]
Ignoring exception in on_member_update
Traceback (most recent call last):
  File "/usr/local/lib/python3.12/site-packages/discord/client.py", line 465, in _run_event
    await coro(*args, **kwargs)
  File "/app/asu_discord/cogs/analytics.py", line 652, in on_member_update
    before_timeout = before.timed_out_until
                     ^^^^^^^^^^^^^^^^^^^^^^
AttributeError: 'Member' object has no attribute 'timed_out_until'
Ignoring exception in on_member_update
Traceback (most recent call last):
  File "/usr/local/lib/python3.12/site-packages/discord/client.py", line 465, in _run_event
    await coro(*args, **kwargs)
  File "/app/asu_discord/cogs/analytics.py", line 652, in on_member_update
    before_timeout = before.timed_out_until
                     ^^^^^^^^^^^^^^^^^^^^^^
AttributeError: 'Member' object has no attribute 'timed_out_until'
Ignoring exception in on_member_update
Traceback (most recent call last):
  File "/usr/local/lib/python3.12/site-packages/discord/client.py", line 465, in _run_event
    await coro(*args, **kwargs)
  File "/app/asu_discord/cogs/analytics.py", line 652, in on_member_update
    before_timeout = before.timed_out_until
                     ^^^^^^^^^^^^^^^^^^^^^^
AttributeError: 'Member' object has no attribute 'timed_out_until'
Ignoring exception in on_member_update
Traceback (most recent call last):
  File "/usr/local/lib/python3.12/site-packages/discord/client.py", line 465, in _run_event
    await coro(*args, **kwargs)
  File "/app/asu_discord/cogs/analytics.py", line 652, in on_member_update
    before_timeout = before.timed_out_until
                     ^^^^^^^^^^^^^^^^^^^^^^
AttributeError: 'Member' object has no attribute 'timed_out_until'
Ignoring exception in on_member_update
Traceback (most recent call last):
  File "/usr/local/lib/python3.12/site-packages/discord/client.py", line 465, in _run_event
    await coro(*args, **kwargs)
  File "/app/asu_discord/cogs/analytics.py", line 652, in on_member_update
    before_timeout = before.timed_out_until
                     ^^^^^^^^^^^^^^^^^^^^^^
AttributeError: 'Member' object has no attribute 'timed_out_until'
Ignoring exception in on_member_update
Traceback (most recent call last):
  File "/usr/local/lib/python3.12/site-packages/discord/client.py", line 465, in _run_event
    await coro(*args, **kwargs)
  File "/app/asu_discord/cogs/analytics.py", line 652, in on_member_update
    before_timeout = before.timed_out_until
                     ^^^^^^^^^^^^^^^^^^^^^^
AttributeError: 'Member' object has no attribute 'timed_out_until'
Ignoring exception in on_member_update
Traceback (most recent call last):
  File "/usr/local/lib/python3.12/site-packages/discord/client.py", line 465, in _run_event
    await coro(*args, **kwargs)
  File "/app/asu_discord/cogs/analytics.py", line 652, in on_member_update
    before_timeout = before.timed_out_until
                     ^^^^^^^^^^^^^^^^^^^^^^
AttributeError: 'Member' object has no attribute 'timed_out_until'
Ignoring exception in on_member_update
Traceback (most recent call last):
  File "/usr/local/lib/python3.12/site-packages/discord/client.py", line 465, in _run_event
    await coro(*args, **kwargs)
  File "/app/asu_discord/cogs/analytics.py", line 652, in on_member_update
    before_timeout = before.timed_out_until
                     ^^^^^^^^^^^^^^^^^^^^^^
AttributeError: 'Member' object has no attribute 'timed_out_until'
INFO:asu_discord.cogs.verification:Saved 4 roles to database for user npitchai (Discord ID: 743852652286181426)
INFO:asu_discord.cogs.verification:Refreshed Salesforce roles for Discord user 743852652286181426: -4/+4 roles, assigned=[Graduate Student, International Student, Ira A. Fulton Schools of Engineering, Tempe]
Ignoring exception in on_member_update
Traceback (most recent call last):
  File "/usr/local/lib/python3.12/site-packages/discord/client.py", line 465, in _run_event
    await coro(*args, **kwargs)
  File "/app/asu_discord/cogs/analytics.py", line 652, in on_member_update
    before_timeout = before.timed_out_until
                     ^^^^^^^^^^^^^^^^^^^^^^
AttributeError: 'Member' object has no attribute 'timed_out_until'
Ignoring exception in on_member_update
Traceback (most recent call last):
  File "/usr/local/lib/python3.12/site-packages/discord/client.py", line 465, in _run_event
    await coro(*args, **kwargs)
  File "/app/asu_discord/cogs/analytics.py", line 652, in on_member_update
    before_timeout = before.timed_out_until
                     ^^^^^^^^^^^^^^^^^^^^^^
AttributeError: 'Member' object has no attribute 'timed_out_until'
Ignoring exception in on_member_update
Traceback (most recent call last):
  File "/usr/local/lib/python3.12/site-packages/discord/client.py", line 465, in _run_event
    await coro(*args, **kwargs)
  File "/app/asu_discord/cogs/analytics.py", line 652, in on_member_update
    before_timeout = before.timed_out_until
                     ^^^^^^^^^^^^^^^^^^^^^^
AttributeError: 'Member' object has no attribute 'timed_out_until'
Ignoring exception in on_member_update
Traceback (most recent call last):
  File "/usr/local/lib/python3.12/site-packages/discord/client.py", line 465, in _run_event
    await coro(*args, **kwargs)
  File "/app/asu_discord/cogs/analytics.py", line 652, in on_member_update
    before_timeout = before.timed_out_until
                     ^^^^^^^^^^^^^^^^^^^^^^
AttributeError: 'Member' object has no attribute 'timed_out_until'
Ignoring exception in on_member_update
Traceback (most recent call last):
  File "/usr/local/lib/python3.12/site-packages/discord/client.py", line 465, in _run_event
    await coro(*args, **kwargs)
  File "/app/asu_discord/cogs/analytics.py", line 652, in on_member_update
    before_timeout = before.timed_out_until
                     ^^^^^^^^^^^^^^^^^^^^^^
AttributeError: 'Member' object has no attribute 'timed_out_until'
Ignoring exception in on_member_update
Traceback (most recent call last):
  File "/usr/local/lib/python3.12/site-packages/discord/client.py", line 465, in _run_event
    await coro(*args, **kwargs)
  File "/app/asu_discord/cogs/analytics.py", line 652, in on_member_update
    before_timeout = before.timed_out_until
                     ^^^^^^^^^^^^^^^^^^^^^^
AttributeError: 'Member' object has no attribute 'timed_out_until'
Ignoring exception in on_member_update
Traceback (most recent call last):
  File "/usr/local/lib/python3.12/site-packages/discord/client.py", line 465, in _run_event
    await coro(*args, **kwargs)
  File "/app/asu_discord/cogs/analytics.py", line 652, in on_member_update
    before_timeout = before.timed_out_until
                     ^^^^^^^^^^^^^^^^^^^^^^
AttributeError: 'Member' object has no attribute 'timed_out_until'
Ignoring exception in on_member_update
Traceback (most recent call last):
  File "/usr/local/lib/python3.12/site-packages/discord/client.py", line 465, in _run_event
    await coro(*args, **kwargs)
  File "/app/asu_discord/cogs/analytics.py", line 652, in on_member_update
    before_timeout = before.timed_out_until
                     ^^^^^^^^^^^^^^^^^^^^^^
AttributeError: 'Member' object has no attribute 'timed_out_until'
INFO:asu_discord.cogs.verification:Saved 4 roles to database for user frodri92 (Discord ID: 546123461286690829)
INFO:asu_discord.cogs.verification:Refreshed Salesforce roles for Discord user 546123461286690829: -4/+4 roles, assigned=[Arizona Resident, First Year, Tempe, W.P. Carey School of Business]
Ignoring exception in on_member_update
Traceback (most recent call last):
  File "/usr/local/lib/python3.12/site-packages/discord/client.py", line 465, in _run_event
    await coro(*args, **kwargs)
  File "/app/asu_discord/cogs/analytics.py", line 652, in on_member_update
    before_timeout = before.timed_out_until
                     ^^^^^^^^^^^^^^^^^^^^^^
AttributeError: 'Member' object has no attribute 'timed_out_until'
Ignoring exception in on_member_update
Traceback (most recent call last):
  File "/usr/local/lib/python3.12/site-packages/discord/client.py", line 465, in _run_event
    await coro(*args, **kwargs)
  File "/app/asu_discord/cogs/analytics.py", line 652, in on_member_update
    before_timeout = before.timed_out_until
                     ^^^^^^^^^^^^^^^^^^^^^^
AttributeError: 'Member' object has no attribute 'timed_out_until'
Ignoring exception in on_member_update
Traceback (most recent call last):
  File "/usr/local/lib/python3.12/site-packages/discord/client.py", line 465, in _run_event
    await coro(*args, **kwargs)
  File "/app/asu_discord/cogs/analytics.py", line 652, in on_member_update
    before_timeout = before.timed_out_until
                     ^^^^^^^^^^^^^^^^^^^^^^
AttributeError: 'Member' object has no attribute 'timed_out_until'
Ignoring exception in on_member_update
Traceback (most recent call last):
  File "/usr/local/lib/python3.12/site-packages/discord/client.py", line 465, in _run_event
    await coro(*args, **kwargs)
  File "/app/asu_discord/cogs/analytics.py", line 652, in on_member_update
    before_timeout = before.timed_out_until
                     ^^^^^^^^^^^^^^^^^^^^^^
AttributeError: 'Member' object has no attribute 'timed_out_until'
Ignoring exception in on_member_update
Traceback (most recent call last):
  File "/usr/local/lib/python3.12/site-packages/discord/client.py", line 465, in _run_event
    await coro(*args, **kwargs)
  File "/app/asu_discord/cogs/analytics.py", line 652, in on_member_update
    before_timeout = before.timed_out_until
                     ^^^^^^^^^^^^^^^^^^^^^^
AttributeError: 'Member' object has no attribute 'timed_out_until'
Ignoring exception in on_member_update
Traceback (most recent call last):
  File "/usr/local/lib/python3.12/site-packages/discord/client.py", line 465, in _run_event
    await coro(*args, **kwargs)
  File "/app/asu_discord/cogs/analytics.py", line 652, in on_member_update
    before_timeout = before.timed_out_until
                     ^^^^^^^^^^^^^^^^^^^^^^
AttributeError: 'Member' object has no attribute 'timed_out_until'
Ignoring exception in on_member_update
Traceback (most recent call last):
  File "/usr/local/lib/python3.12/site-packages/discord/client.py", line 465, in _run_event
    await coro(*args, **kwargs)
  File "/app/asu_discord/cogs/analytics.py", line 652, in on_member_update
    before_timeout = before.timed_out_until
                     ^^^^^^^^^^^^^^^^^^^^^^
AttributeError: 'Member' object has no attribute 'timed_out_until'
Ignoring exception in on_member_update
Traceback (most recent call last):
  File "/usr/local/lib/python3.12/site-packages/discord/client.py", line 465, in _run_event
    await coro(*args, **kwargs)
  File "/app/asu_discord/cogs/analytics.py", line 652, in on_member_update
    before_timeout = before.timed_out_until
                     ^^^^^^^^^^^^^^^^^^^^^^
AttributeError: 'Member' object has no attribute 'timed_out_until'
Ignoring exception in on_member_update
Traceback (most recent call last):
  File "/usr/local/lib/python3.12/site-packages/discord/client.py", line 465, in _run_event
    await coro(*args, **kwargs)
  File "/app/asu_discord/cogs/analytics.py", line 652, in on_member_update
    before_timeout = before.timed_out_until
                     ^^^^^^^^^^^^^^^^^^^^^^
AttributeError: 'Member' object has no attribute 'timed_out_until'
Ignoring exception in on_member_update
Traceback (most recent call last):
  File "/usr/local/lib/python3.12/site-packages/discord/client.py", line 465, in _run_event
    await coro(*args, **kwargs)
  File "/app/asu_discord/cogs/analytics.py", line 652, in on_member_update
    before_timeout = before.timed_out_until
                     ^^^^^^^^^^^^^^^^^^^^^^
AttributeError: 'Member' object has no attribute 'timed_out_until'
INFO:asu_discord.cogs.verification:Saved 5 roles to database for user erduggan (Discord ID: 1460066064737108040)
INFO:asu_discord.cogs.verification:Refreshed Salesforce roles for Discord user 1460066064737108040: -5/+5 roles, assigned=[College of Liberal Arts and Sciences, Commited, First Year, Out of State, Tempe]
ERROR:cron.jobs:refresh_salesforce_roles: failed for hmadduk2 (Discord ID 1326120892236828723): Failed to refresh Salesforce-based roles: Discord user 1326120892236828723 is not a member of the guild
Ignoring exception in on_member_update
Traceback (most recent call last):
  File "/usr/local/lib/python3.12/site-packages/discord/client.py", line 465, in _run_event
    await coro(*args, **kwargs)
  File "/app/asu_discord/cogs/analytics.py", line 652, in on_member_update
    before_timeout = before.timed_out_until
                     ^^^^^^^^^^^^^^^^^^^^^^
AttributeError: 'Member' object has no attribute 'timed_out_until'
Ignoring exception in on_member_update
Traceback (most recent call last):
  File "/usr/local/lib/python3.12/site-packages/discord/client.py", line 465, in _run_event
    await coro(*args, **kwargs)
  File "/app/asu_discord/cogs/analytics.py", line 652, in on_member_update
    before_timeout = before.timed_out_until
                     ^^^^^^^^^^^^^^^^^^^^^^
AttributeError: 'Member' object has no attribute 'timed_out_until'
Ignoring exception in on_member_update
Traceback (most recent call last):
  File "/usr/local/lib/python3.12/site-packages/discord/client.py", line 465, in _run_event
    await coro(*args, **kwargs)
  File "/app/asu_discord/cogs/analytics.py", line 652, in on_member_update
    before_timeout = before.timed_out_until
                     ^^^^^^^^^^^^^^^^^^^^^^
AttributeError: 'Member' object has no attribute 'timed_out_until'
Ignoring exception in on_member_update
Traceback (most recent call last):
  File "/usr/local/lib/python3.12/site-packages/discord/client.py", line 465, in _run_event
    await coro(*args, **kwargs)
  File "/app/asu_discord/cogs/analytics.py", line 652, in on_member_update
    before_timeout = before.timed_out_until
                     ^^^^^^^^^^^^^^^^^^^^^^
AttributeError: 'Member' object has no attribute 'timed_out_until'
Ignoring exception in on_member_update
Traceback (most recent call last):
  File "/usr/local/lib/python3.12/site-packages/discord/client.py", line 465, in _run_event
    await coro(*args, **kwargs)
  File "/app/asu_discord/cogs/analytics.py", line 652, in on_member_update
    before_timeout = before.timed_out_until
                     ^^^^^^^^^^^^^^^^^^^^^^
AttributeError: 'Member' object has no attribute 'timed_out_until'
Ignoring exception in on_member_update
Traceback (most recent call last):
  File "/usr/local/lib/python3.12/site-packages/discord/client.py", line 465, in _run_event
    await coro(*args, **kwargs)
  File "/app/asu_discord/cogs/analytics.py", line 652, in on_member_update
    before_timeout = before.timed_out_until
                     ^^^^^^^^^^^^^^^^^^^^^^
AttributeError: 'Member' object has no attribute 'timed_out_until'
Ignoring exception in on_member_update
Traceback (most recent call last):
  File "/usr/local/lib/python3.12/site-packages/discord/client.py", line 465, in _run_event
    await coro(*args, **kwargs)
  File "/app/asu_discord/cogs/analytics.py", line 652, in on_member_update
    before_timeout = before.timed_out_until
                     ^^^^^^^^^^^^^^^^^^^^^^
AttributeError: 'Member' object has no attribute 'timed_out_until'
Ignoring exception in on_member_update
Traceback (most recent call last):
  File "/usr/local/lib/python3.12/site-packages/discord/client.py", line 465, in _run_event
    await coro(*args, **kwargs)
  File "/app/asu_discord/cogs/analytics.py", line 652, in on_member_update
    before_timeout = before.timed_out_until
                     ^^^^^^^^^^^^^^^^^^^^^^
AttributeError: 'Member' object has no attribute 'timed_out_until'
INFO:asu_discord.cogs.verification:Saved 4 roles to database for user jdtucke7 (Discord ID: 770412313756041276)
INFO:asu_discord.cogs.verification:Refreshed Salesforce roles for Discord user 770412313756041276: -4/+4 roles, assigned=[Arizona Resident, College of Liberal Arts and Sciences, First Year, Tempe]
ERROR:cron.jobs:refresh_salesforce_roles: failed for aatluri4 (Discord ID 1016765181797339206): Failed to refresh Salesforce-based roles: Discord user 1016765181797339206 is not a member of the guild
Ignoring exception in on_member_update
Traceback (most recent call last):
  File "/usr/local/lib/python3.12/site-packages/discord/client.py", line 465, in _run_event
    await coro(*args, **kwargs)
  File "/app/asu_discord/cogs/analytics.py", line 652, in on_member_update
    before_timeout = before.timed_out_until
                     ^^^^^^^^^^^^^^^^^^^^^^
AttributeError: 'Member' object has no attribute 'timed_out_until'
Ignoring exception in on_member_update
Traceback (most recent call last):
  File "/usr/local/lib/python3.12/site-packages/discord/client.py", line 465, in _run_event
    await coro(*args, **kwargs)
  File "/app/asu_discord/cogs/analytics.py", line 652, in on_member_update
    before_timeout = before.timed_out_until
                     ^^^^^^^^^^^^^^^^^^^^^^
AttributeError: 'Member' object has no attribute 'timed_out_until'
Ignoring exception in on_member_update
Traceback (most recent call last):
  File "/usr/local/lib/python3.12/site-packages/discord/client.py", line 465, in _run_event
    await coro(*args, **kwargs)
  File "/app/asu_discord/cogs/analytics.py", line 652, in on_member_update
    before_timeout = before.timed_out_until
                     ^^^^^^^^^^^^^^^^^^^^^^
AttributeError: 'Member' object has no attribute 'timed_out_until'
Ignoring exception in on_member_update
Traceback (most recent call last):
  File "/usr/local/lib/python3.12/site-packages/discord/client.py", line 465, in _run_event
    await coro(*args, **kwargs)
  File "/app/asu_discord/cogs/analytics.py", line 652, in on_member_update
    before_timeout = before.timed_out_until
                     ^^^^^^^^^^^^^^^^^^^^^^
AttributeError: 'Member' object has no attribute 'timed_out_until'
Ignoring exception in on_member_update
Traceback (most recent call last):
  File "/usr/local/lib/python3.12/site-packages/discord/client.py", line 465, in _run_event
    await coro(*args, **kwargs)
  File "/app/asu_discord/cogs/analytics.py", line 652, in on_member_update
    before_timeout = before.timed_out_until
                     ^^^^^^^^^^^^^^^^^^^^^^
AttributeError: 'Member' object has no attribute 'timed_out_until'
Ignoring exception in on_member_update
Traceback (most recent call last):
  File "/usr/local/lib/python3.12/site-packages/discord/client.py", line 465, in _run_event
    await coro(*args, **kwargs)
  File "/app/asu_discord/cogs/analytics.py", line 652, in on_member_update
    before_timeout = before.timed_out_until
                     ^^^^^^^^^^^^^^^^^^^^^^
AttributeError: 'Member' object has no attribute 'timed_out_until'
Ignoring exception in on_member_update
Traceback (most recent call last):
  File "/usr/local/lib/python3.12/site-packages/discord/client.py", line 465, in _run_event
    await coro(*args, **kwargs)
  File "/app/asu_discord/cogs/analytics.py", line 652, in on_member_update
    before_timeout = before.timed_out_until
                     ^^^^^^^^^^^^^^^^^^^^^^
AttributeError: 'Member' object has no attribute 'timed_out_until'
Ignoring exception in on_member_update
Traceback (most recent call last):
  File "/usr/local/lib/python3.12/site-packages/discord/client.py", line 465, in _run_event
    await coro(*args, **kwargs)
  File "/app/asu_discord/cogs/analytics.py", line 652, in on_member_update
    before_timeout = before.timed_out_until
                     ^^^^^^^^^^^^^^^^^^^^^^
AttributeError: 'Member' object has no attribute 'timed_out_until'
Ignoring exception in on_member_update
Traceback (most recent call last):
  File "/usr/local/lib/python3.12/site-packages/discord/client.py", line 465, in _run_event
    await coro(*args, **kwargs)
  File "/app/asu_discord/cogs/analytics.py", line 652, in on_member_update
    before_timeout = before.timed_out_until
                     ^^^^^^^^^^^^^^^^^^^^^^
AttributeError: 'Member' object has no attribute 'timed_out_until'
Ignoring exception in on_member_update
Traceback (most recent call last):
  File "/usr/local/lib/python3.12/site-packages/discord/client.py", line 465, in _run_event
    await coro(*args, **kwargs)
  File "/app/asu_discord/cogs/analytics.py", line 652, in on_member_update
    before_timeout = before.timed_out_until
                     ^^^^^^^^^^^^^^^^^^^^^^
AttributeError: 'Member' object has no attribute 'timed_out_until'
INFO:asu_discord.cogs.verification:Saved 5 roles to database for user msgunnel (Discord ID: 1048751390425616404)
INFO:asu_discord.cogs.verification:Refreshed Salesforce roles for Discord user 1048751390425616404: -5/+5 roles, assigned=[Arizona Resident, Commited, First Year, Polytechnic, University College]
Ignoring exception in on_member_update
Traceback (most recent call last):
  File "/usr/local/lib/python3.12/site-packages/discord/client.py", line 465, in _run_event
    await coro(*args, **kwargs)
  File "/app/asu_discord/cogs/analytics.py", line 652, in on_member_update
    before_timeout = before.timed_out_until
                     ^^^^^^^^^^^^^^^^^^^^^^
AttributeError: 'Member' object has no attribute 'timed_out_until'
Ignoring exception in on_member_update
Traceback (most recent call last):
  File "/usr/local/lib/python3.12/site-packages/discord/client.py", line 465, in _run_event
    await coro(*args, **kwargs)
  File "/app/asu_discord/cogs/analytics.py", line 652, in on_member_update
    before_timeout = before.timed_out_until
                     ^^^^^^^^^^^^^^^^^^^^^^
AttributeError: 'Member' object has no attribute 'timed_out_until'
Ignoring exception in on_member_update
Traceback (most recent call last):
  File "/usr/local/lib/python3.12/site-packages/discord/client.py", line 465, in _run_event
    await coro(*args, **kwargs)
  File "/app/asu_discord/cogs/analytics.py", line 652, in on_member_update
    before_timeout = before.timed_out_until
                     ^^^^^^^^^^^^^^^^^^^^^^
AttributeError: 'Member' object has no attribute 'timed_out_until'
Ignoring exception in on_member_update
Traceback (most recent call last):
  File "/usr/local/lib/python3.12/site-packages/discord/client.py", line 465, in _run_event
    await coro(*args, **kwargs)
  File "/app/asu_discord/cogs/analytics.py", line 652, in on_member_update
    before_timeout = before.timed_out_until
                     ^^^^^^^^^^^^^^^^^^^^^^
AttributeError: 'Member' object has no attribute 'timed_out_until'
Ignoring exception in on_member_update
Traceback (most recent call last):
  File "/usr/local/lib/python3.12/site-packages/discord/client.py", line 465, in _run_event
    await coro(*args, **kwargs)
  File "/app/asu_discord/cogs/analytics.py", line 652, in on_member_update
    before_timeout = before.timed_out_until
                     ^^^^^^^^^^^^^^^^^^^^^^
AttributeError: 'Member' object has no attribute 'timed_out_until'
Ignoring exception in on_member_update
Traceback (most recent call last):
  File "/usr/local/lib/python3.12/site-packages/discord/client.py", line 465, in _run_event
    await coro(*args, **kwargs)
  File "/app/asu_discord/cogs/analytics.py", line 652, in on_member_update
    before_timeout = before.timed_out_until
                     ^^^^^^^^^^^^^^^^^^^^^^
AttributeError: 'Member' object has no attribute 'timed_out_until'
Ignoring exception in on_member_update
Traceback (most recent call last):
  File "/usr/local/lib/python3.12/site-packages/discord/client.py", line 465, in _run_event
    await coro(*args, **kwargs)
  File "/app/asu_discord/cogs/analytics.py", line 652, in on_member_update
    before_timeout = before.timed_out_until
                     ^^^^^^^^^^^^^^^^^^^^^^
AttributeError: 'Member' object has no attribute 'timed_out_until'
Ignoring exception in on_member_update
Traceback (most recent call last):
  File "/usr/local/lib/python3.12/site-packages/discord/client.py", line 465, in _run_event
    await coro(*args, **kwargs)
  File "/app/asu_discord/cogs/analytics.py", line 652, in on_member_update
    before_timeout = before.timed_out_until
                     ^^^^^^^^^^^^^^^^^^^^^^
AttributeError: 'Member' object has no attribute 'timed_out_until'
Ignoring exception in on_member_update
Traceback (most recent call last):
  File "/usr/local/lib/python3.12/site-packages/discord/client.py", line 465, in _run_event
    await coro(*args, **kwargs)
  File "/app/asu_discord/cogs/analytics.py", line 652, in on_member_update
    before_timeout = before.timed_out_until
                     ^^^^^^^^^^^^^^^^^^^^^^
AttributeError: 'Member' object has no attribute 'timed_out_until'
Ignoring exception in on_member_update
Traceback (most recent call last):
  File "/usr/local/lib/python3.12/site-packages/discord/client.py", line 465, in _run_event
    await coro(*args, **kwargs)
  File "/app/asu_discord/cogs/analytics.py", line 652, in on_member_update
    before_timeout = before.timed_out_until
                     ^^^^^^^^^^^^^^^^^^^^^^
AttributeError: 'Member' object has no attribute 'timed_out_until'
INFO:asu_discord.cogs.verification:Saved 5 roles to database for user rpuli1 (Discord ID: 948559727313424404)
INFO:asu_discord.cogs.verification:Refreshed Salesforce roles for Discord user 948559727313424404: -5/+5 roles, assigned=[Commited, Graduate Student, International Student, Ira A. Fulton Schools of Engineering, Tempe]
Ignoring exception in on_member_update
Traceback (most recent call last):
  File "/usr/local/lib/python3.12/site-packages/discord/client.py", line 465, in _run_event
    await coro(*args, **kwargs)
  File "/app/asu_discord/cogs/analytics.py", line 652, in on_member_update
    before_timeout = before.timed_out_until
                     ^^^^^^^^^^^^^^^^^^^^^^
AttributeError: 'Member' object has no attribute 'timed_out_until'
Ignoring exception in on_member_update
Traceback (most recent call last):
  File "/usr/local/lib/python3.12/site-packages/discord/client.py", line 465, in _run_event
    await coro(*args, **kwargs)
  File "/app/asu_discord/cogs/analytics.py", line 652, in on_member_update
    before_timeout = before.timed_out_until
                     ^^^^^^^^^^^^^^^^^^^^^^
AttributeError: 'Member' object has no attribute 'timed_out_until'
Ignoring exception in on_member_update
Traceback (most recent call last):
  File "/usr/local/lib/python3.12/site-packages/discord/client.py", line 465, in _run_event
    await coro(*args, **kwargs)
  File "/app/asu_discord/cogs/analytics.py", line 652, in on_member_update
    before_timeout = before.timed_out_until
                     ^^^^^^^^^^^^^^^^^^^^^^
AttributeError: 'Member' object has no attribute 'timed_out_until'
Ignoring exception in on_member_update
Traceback (most recent call last):
  File "/usr/local/lib/python3.12/site-packages/discord/client.py", line 465, in _run_event
    await coro(*args, **kwargs)
  File "/app/asu_discord/cogs/analytics.py", line 652, in on_member_update
    before_timeout = before.timed_out_until
                     ^^^^^^^^^^^^^^^^^^^^^^
AttributeError: 'Member' object has no attribute 'timed_out_until'
Ignoring exception in on_member_update
Traceback (most recent call last):
  File "/usr/local/lib/python3.12/site-packages/discord/client.py", line 465, in _run_event
    await coro(*args, **kwargs)
  File "/app/asu_discord/cogs/analytics.py", line 652, in on_member_update
    before_timeout = before.timed_out_until
                     ^^^^^^^^^^^^^^^^^^^^^^
AttributeError: 'Member' object has no attribute 'timed_out_until'
Ignoring exception in on_member_update
Traceback (most recent call last):
  File "/usr/local/lib/python3.12/site-packages/discord/client.py", line 465, in _run_event
    await coro(*args, **kwargs)
  File "/app/asu_discord/cogs/analytics.py", line 652, in on_member_update
    before_timeout = before.timed_out_until
                     ^^^^^^^^^^^^^^^^^^^^^^
AttributeError: 'Member' object has no attribute 'timed_out_until'
Ignoring exception in on_member_update
Traceback (most recent call last):
  File "/usr/local/lib/python3.12/site-packages/discord/client.py", line 465, in _run_event
    await coro(*args, **kwargs)
  File "/app/asu_discord/cogs/analytics.py", line 652, in on_member_update
    before_timeout = before.timed_out_until
                     ^^^^^^^^^^^^^^^^^^^^^^
AttributeError: 'Member' object has no attribute 'timed_out_until'
Ignoring exception in on_member_update
Traceback (most recent call last):
  File "/usr/local/lib/python3.12/site-packages/discord/client.py", line 465, in _run_event
    await coro(*args, **kwargs)
  File "/app/asu_discord/cogs/analytics.py", line 652, in on_member_update
    before_timeout = before.timed_out_until
                     ^^^^^^^^^^^^^^^^^^^^^^
AttributeError: 'Member' object has no attribute 'timed_out_until'
Ignoring exception in on_member_update
Traceback (most recent call last):
  File "/usr/local/lib/python3.12/site-packages/discord/client.py", line 465, in _run_event
    await coro(*args, **kwargs)
  File "/app/asu_discord/cogs/analytics.py", line 652, in on_member_update
    before_timeout = before.timed_out_until
                     ^^^^^^^^^^^^^^^^^^^^^^
AttributeError: 'Member' object has no attribute 'timed_out_until'
Ignoring exception in on_member_update
Traceback (most recent call last):
  File "/usr/local/lib/python3.12/site-packages/discord/client.py", line 465, in _run_event
    await coro(*args, **kwargs)
  File "/app/asu_discord/cogs/analytics.py", line 652, in on_member_update
    before_timeout = before.timed_out_until
                     ^^^^^^^^^^^^^^^^^^^^^^
AttributeError: 'Member' object has no attribute 'timed_out_until'
INFO:asu_discord.cogs.verification:Saved 5 roles to database for user amkhand1 (Discord ID: 817614640993140747)
INFO:asu_discord.cogs.verification:Refreshed Salesforce roles for Discord user 817614640993140747: -5/+5 roles, assigned=[First Generation Student, First Year, Out of State, Tempe, University College]
Ignoring exception in on_member_update
Traceback (most recent call last):
  File "/usr/local/lib/python3.12/site-packages/discord/client.py", line 465, in _run_event
    await coro(*args, **kwargs)
  File "/app/asu_discord/cogs/analytics.py", line 652, in on_member_update
    before_timeout = before.timed_out_until
                     ^^^^^^^^^^^^^^^^^^^^^^
AttributeError: 'Member' object has no attribute 'timed_out_until'
Ignoring exception in on_member_update
Traceback (most recent call last):
  File "/usr/local/lib/python3.12/site-packages/discord/client.py", line 465, in _run_event
    await coro(*args, **kwargs)
  File "/app/asu_discord/cogs/analytics.py", line 652, in on_member_update
    before_timeout = before.timed_out_until
                     ^^^^^^^^^^^^^^^^^^^^^^
AttributeError: 'Member' object has no attribute 'timed_out_until'
Ignoring exception in on_member_update
Traceback (most recent call last):
  File "/usr/local/lib/python3.12/site-packages/discord/client.py", line 465, in _run_event
    await coro(*args, **kwargs)
  File "/app/asu_discord/cogs/analytics.py", line 652, in on_member_update
    before_timeout = before.timed_out_until
                     ^^^^^^^^^^^^^^^^^^^^^^
AttributeError: 'Member' object has no attribute 'timed_out_until'
Ignoring exception in on_member_update
Traceback (most recent call last):
  File "/usr/local/lib/python3.12/site-packages/discord/client.py", line 465, in _run_event
    await coro(*args, **kwargs)
  File "/app/asu_discord/cogs/analytics.py", line 652, in on_member_update
    before_timeout = before.timed_out_until
                     ^^^^^^^^^^^^^^^^^^^^^^
AttributeError: 'Member' object has no attribute 'timed_out_until'
Ignoring exception in on_member_update
Traceback (most recent call last):
  File "/usr/local/lib/python3.12/site-packages/discord/client.py", line 465, in _run_event
    await coro(*args, **kwargs)
  File "/app/asu_discord/cogs/analytics.py", line 652, in on_member_update
    before_timeout = before.timed_out_until
                     ^^^^^^^^^^^^^^^^^^^^^^
AttributeError: 'Member' object has no attribute 'timed_out_until'
Ignoring exception in on_member_update
Traceback (most recent call last):
  File "/usr/local/lib/python3.12/site-packages/discord/client.py", line 465, in _run_event
    await coro(*args, **kwargs)
  File "/app/asu_discord/cogs/analytics.py", line 652, in on_member_update
    before_timeout = before.timed_out_until
                     ^^^^^^^^^^^^^^^^^^^^^^
AttributeError: 'Member' object has no attribute 'timed_out_until'
Ignoring exception in on_member_update
Traceback (most recent call last):
  File "/usr/local/lib/python3.12/site-packages/discord/client.py", line 465, in _run_event
    await coro(*args, **kwargs)
  File "/app/asu_discord/cogs/analytics.py", line 652, in on_member_update
    before_timeout = before.timed_out_until
                     ^^^^^^^^^^^^^^^^^^^^^^
AttributeError: 'Member' object has no attribute 'timed_out_until'
Ignoring exception in on_member_update
Traceback (most recent call last):
  File "/usr/local/lib/python3.12/site-packages/discord/client.py", line 465, in _run_event
    await coro(*args, **kwargs)
  File "/app/asu_discord/cogs/analytics.py", line 652, in on_member_update
    before_timeout = before.timed_out_until
                     ^^^^^^^^^^^^^^^^^^^^^^
AttributeError: 'Member' object has no attribute 'timed_out_until'
Ignoring exception in on_member_update
Traceback (most recent call last):
  File "/usr/local/lib/python3.12/site-packages/discord/client.py", line 465, in _run_event
    await coro(*args, **kwargs)
  File "/app/asu_discord/cogs/analytics.py", line 652, in on_member_update
    before_timeout = before.timed_out_until
                     ^^^^^^^^^^^^^^^^^^^^^^
AttributeError: 'Member' object has no attribute 'timed_out_until'
Ignoring exception in on_member_update
Traceback (most recent call last):
  File "/usr/local/lib/python3.12/site-packages/discord/client.py", line 465, in _run_event
    await coro(*args, **kwargs)
  File "/app/asu_discord/cogs/analytics.py", line 652, in on_member_update
    before_timeout = before.timed_out_until
                     ^^^^^^^^^^^^^^^^^^^^^^
AttributeError: 'Member' object has no attribute 'timed_out_until'
Ignoring exception in on_member_update
Traceback (most recent call last):
  File "/usr/local/lib/python3.12/site-packages/discord/client.py", line 465, in _run_event
    await coro(*args, **kwargs)
  File "/app/asu_discord/cogs/analytics.py", line 652, in on_member_update
    before_timeout = before.timed_out_until
                     ^^^^^^^^^^^^^^^^^^^^^^
AttributeError: 'Member' object has no attribute 'timed_out_until'
Ignoring exception in on_member_update
Traceback (most recent call last):
  File "/usr/local/lib/python3.12/site-packages/discord/client.py", line 465, in _run_event
    await coro(*args, **kwargs)
  File "/app/asu_discord/cogs/analytics.py", line 652, in on_member_update
    before_timeout = before.timed_out_until
                     ^^^^^^^^^^^^^^^^^^^^^^
AttributeError: 'Member' object has no attribute 'timed_out_until'
INFO:asu_discord.cogs.verification:Saved 6 roles to database for user sogalal (Discord ID: 832712174949367882)
INFO:asu_discord.cogs.verification:Refreshed Salesforce roles for Discord user 832712174949367882: -6/+6 roles, assigned=[Commited, First Generation Student, First Year, Ira A. Fulton Schools of Engineering, Out of State, Tempe]
Ignoring exception in on_member_update
Traceback (most recent call last):
  File "/usr/local/lib/python3.12/site-packages/discord/client.py", line 465, in _run_event
    await coro(*args, **kwargs)
  File "/app/asu_discord/cogs/analytics.py", line 652, in on_member_update
    before_timeout = before.timed_out_until
                     ^^^^^^^^^^^^^^^^^^^^^^
AttributeError: 'Member' object has no attribute 'timed_out_until'
Ignoring exception in on_member_update
Traceback (most recent call last):
  File "/usr/local/lib/python3.12/site-packages/discord/client.py", line 465, in _run_event
    await coro(*args, **kwargs)
  File "/app/asu_discord/cogs/analytics.py", line 652, in on_member_update
    before_timeout = before.timed_out_until
                     ^^^^^^^^^^^^^^^^^^^^^^
AttributeError: 'Member' object has no attribute 'timed_out_until'
Ignoring exception in on_member_update
Traceback (most recent call last):
  File "/usr/local/lib/python3.12/site-packages/discord/client.py", line 465, in _run_event
    await coro(*args, **kwargs)
  File "/app/asu_discord/cogs/analytics.py", line 652, in on_member_update
    before_timeout = before.timed_out_until
                     ^^^^^^^^^^^^^^^^^^^^^^
AttributeError: 'Member' object has no attribute 'timed_out_until'
Ignoring exception in on_member_update
Traceback (most recent call last):
  File "/usr/local/lib/python3.12/site-packages/discord/client.py", line 465, in _run_event
    await coro(*args, **kwargs)
  File "/app/asu_discord/cogs/analytics.py", line 652, in on_member_update
    before_timeout = before.timed_out_until
                     ^^^^^^^^^^^^^^^^^^^^^^
AttributeError: 'Member' object has no attribute 'timed_out_until'
Ignoring exception in on_member_update
Traceback (most recent call last):
  File "/usr/local/lib/python3.12/site-packages/discord/client.py", line 465, in _run_event
    await coro(*args, **kwargs)
  File "/app/asu_discord/cogs/analytics.py", line 652, in on_member_update
    before_timeout = before.timed_out_until
                     ^^^^^^^^^^^^^^^^^^^^^^
AttributeError: 'Member' object has no attribute 'timed_out_until'
Ignoring exception in on_member_update
Traceback (most recent call last):
  File "/usr/local/lib/python3.12/site-packages/discord/client.py", line 465, in _run_event
    await coro(*args, **kwargs)
  File "/app/asu_discord/cogs/analytics.py", line 652, in on_member_update
    before_timeout = before.timed_out_until
                     ^^^^^^^^^^^^^^^^^^^^^^
AttributeError: 'Member' object has no attribute 'timed_out_until'
Ignoring exception in on_member_update
Traceback (most recent call last):
  File "/usr/local/lib/python3.12/site-packages/discord/client.py", line 465, in _run_event
    await coro(*args, **kwargs)
  File "/app/asu_discord/cogs/analytics.py", line 652, in on_member_update
    before_timeout = before.timed_out_until
                     ^^^^^^^^^^^^^^^^^^^^^^
AttributeError: 'Member' object has no attribute 'timed_out_until'
Ignoring exception in on_member_update
Traceback (most recent call last):
  File "/usr/local/lib/python3.12/site-packages/discord/client.py", line 465, in _run_event
    await coro(*args, **kwargs)
  File "/app/asu_discord/cogs/analytics.py", line 652, in on_member_update
    before_timeout = before.timed_out_until
                     ^^^^^^^^^^^^^^^^^^^^^^
AttributeError: 'Member' object has no attribute 'timed_out_until'
Ignoring exception in on_member_update
Traceback (most recent call last):
  File "/usr/local/lib/python3.12/site-packages/discord/client.py", line 465, in _run_event
    await coro(*args, **kwargs)
  File "/app/asu_discord/cogs/analytics.py", line 652, in on_member_update
    before_timeout = before.timed_out_until
                     ^^^^^^^^^^^^^^^^^^^^^^
AttributeError: 'Member' object has no attribute 'timed_out_until'
Ignoring exception in on_member_update
Traceback (most recent call last):
  File "/usr/local/lib/python3.12/site-packages/discord/client.py", line 465, in _run_event
    await coro(*args, **kwargs)
  File "/app/asu_discord/cogs/analytics.py", line 652, in on_member_update
    before_timeout = before.timed_out_until
                     ^^^^^^^^^^^^^^^^^^^^^^
AttributeError: 'Member' object has no attribute 'timed_out_until'
INFO:asu_discord.cogs.verification:Saved 5 roles to database for user jhoushou (Discord ID: 739973385492365423)
INFO:asu_discord.cogs.verification:Refreshed Salesforce roles for Discord user 739973385492365423: -5/+5 roles, assigned=[Arizona Resident, College of Liberal Arts and Sciences, Commited, First Year, Tempe]
Ignoring exception in on_member_update
Traceback (most recent call last):
  File "/usr/local/lib/python3.12/site-packages/discord/client.py", line 465, in _run_event
    await coro(*args, **kwargs)
  File "/app/asu_discord/cogs/analytics.py", line 652, in on_member_update
    before_timeout = before.timed_out_until
                     ^^^^^^^^^^^^^^^^^^^^^^
AttributeError: 'Member' object has no attribute 'timed_out_until'
Ignoring exception in on_member_update
Traceback (most recent call last):
  File "/usr/local/lib/python3.12/site-packages/discord/client.py", line 465, in _run_event
    await coro(*args, **kwargs)
  File "/app/asu_discord/cogs/analytics.py", line 652, in on_member_update
    before_timeout = before.timed_out_until
                     ^^^^^^^^^^^^^^^^^^^^^^
AttributeError: 'Member' object has no attribute 'timed_out_until'
Ignoring exception in on_member_update
Traceback (most recent call last):
  File "/usr/local/lib/python3.12/site-packages/discord/client.py", line 465, in _run_event
    await coro(*args, **kwargs)
  File "/app/asu_discord/cogs/analytics.py", line 652, in on_member_update
    before_timeout = before.timed_out_until
                     ^^^^^^^^^^^^^^^^^^^^^^
AttributeError: 'Member' object has no attribute 'timed_out_until'
Ignoring exception in on_member_update
Traceback (most recent call last):
  File "/usr/local/lib/python3.12/site-packages/discord/client.py", line 465, in _run_event
    await coro(*args, **kwargs)
  File "/app/asu_discord/cogs/analytics.py", line 652, in on_member_update
    before_timeout = before.timed_out_until
                     ^^^^^^^^^^^^^^^^^^^^^^
AttributeError: 'Member' object has no attribute 'timed_out_until'
Ignoring exception in on_member_update
Traceback (most recent call last):
  File "/usr/local/lib/python3.12/site-packages/discord/client.py", line 465, in _run_event
    await coro(*args, **kwargs)
  File "/app/asu_discord/cogs/analytics.py", line 652, in on_member_update
    before_timeout = before.timed_out_until
                     ^^^^^^^^^^^^^^^^^^^^^^
AttributeError: 'Member' object has no attribute 'timed_out_until'
Ignoring exception in on_member_update
Traceback (most recent call last):
  File "/usr/local/lib/python3.12/site-packages/discord/client.py", line 465, in _run_event
    await coro(*args, **kwargs)
  File "/app/asu_discord/cogs/analytics.py", line 652, in on_member_update
    before_timeout = before.timed_out_until
                     ^^^^^^^^^^^^^^^^^^^^^^
AttributeError: 'Member' object has no attribute 'timed_out_until'
Ignoring exception in on_member_update
Traceback (most recent call last):
  File "/usr/local/lib/python3.12/site-packages/discord/client.py", line 465, in _run_event
    await coro(*args, **kwargs)
  File "/app/asu_discord/cogs/analytics.py", line 652, in on_member_update
    before_timeout = before.timed_out_until
                     ^^^^^^^^^^^^^^^^^^^^^^
AttributeError: 'Member' object has no attribute 'timed_out_until'
Ignoring exception in on_member_update
Traceback (most recent call last):
  File "/usr/local/lib/python3.12/site-packages/discord/client.py", line 465, in _run_event
    await coro(*args, **kwargs)
  File "/app/asu_discord/cogs/analytics.py", line 652, in on_member_update
    before_timeout = before.timed_out_until
                     ^^^^^^^^^^^^^^^^^^^^^^
AttributeError: 'Member' object has no attribute 'timed_out_until'
Ignoring exception in on_member_update
Traceback (most recent call last):
  File "/usr/local/lib/python3.12/site-packages/discord/client.py", line 465, in _run_event
    await coro(*args, **kwargs)
  File "/app/asu_discord/cogs/analytics.py", line 652, in on_member_update
    before_timeout = before.timed_out_until
                     ^^^^^^^^^^^^^^^^^^^^^^
AttributeError: 'Member' object has no attribute 'timed_out_until'
Ignoring exception in on_member_update
Traceback (most recent call last):
  File "/usr/local/lib/python3.12/site-packages/discord/client.py", line 465, in _run_event
    await coro(*args, **kwargs)
  File "/app/asu_discord/cogs/analytics.py", line 652, in on_member_update
    before_timeout = before.timed_out_until
                     ^^^^^^^^^^^^^^^^^^^^^^
AttributeError: 'Member' object has no attribute 'timed_out_until'
INFO:asu_discord.cogs.verification:Saved 5 roles to database for user zbspence (Discord ID: 707045712193650710)
INFO:asu_discord.cogs.verification:Refreshed Salesforce roles for Discord user 707045712193650710: -5/+5 roles, assigned=[Arizona Resident, Commited, First Year, Ira A. Fulton Schools of Engineering, Tempe]
ERROR:cron.jobs:refresh_salesforce_roles: failed for rlara126 (Discord ID 1285587979456221309): Failed to refresh Salesforce-based roles: Discord user 1285587979456221309 is not a member of the guild
Ignoring exception in on_member_update
Traceback (most recent call last):
  File "/usr/local/lib/python3.12/site-packages/discord/client.py", line 465, in _run_event
    await coro(*args, **kwargs)
  File "/app/asu_discord/cogs/analytics.py", line 652, in on_member_update
    before_timeout = before.timed_out_until
                     ^^^^^^^^^^^^^^^^^^^^^^
AttributeError: 'Member' object has no attribute 'timed_out_until'
Ignoring exception in on_member_update
Traceback (most recent call last):
  File "/usr/local/lib/python3.12/site-packages/discord/client.py", line 465, in _run_event
    await coro(*args, **kwargs)
  File "/app/asu_discord/cogs/analytics.py", line 652, in on_member_update
    before_timeout = before.timed_out_until
                     ^^^^^^^^^^^^^^^^^^^^^^
AttributeError: 'Member' object has no attribute 'timed_out_until'
Ignoring exception in on_member_update
Traceback (most recent call last):
  File "/usr/local/lib/python3.12/site-packages/discord/client.py", line 465, in _run_event
    await coro(*args, **kwargs)
  File "/app/asu_discord/cogs/analytics.py", line 652, in on_member_update
    before_timeout = before.timed_out_until
                     ^^^^^^^^^^^^^^^^^^^^^^
AttributeError: 'Member' object has no attribute 'timed_out_until'
Ignoring exception in on_member_update
Traceback (most recent call last):
  File "/usr/local/lib/python3.12/site-packages/discord/client.py", line 465, in _run_event
    await coro(*args, **kwargs)
  File "/app/asu_discord/cogs/analytics.py", line 652, in on_member_update
    before_timeout = before.timed_out_until
                     ^^^^^^^^^^^^^^^^^^^^^^
AttributeError: 'Member' object has no attribute 'timed_out_until'
Ignoring exception in on_member_update
Traceback (most recent call last):
  File "/usr/local/lib/python3.12/site-packages/discord/client.py", line 465, in _run_event
    await coro(*args, **kwargs)
  File "/app/asu_discord/cogs/analytics.py", line 652, in on_member_update
    before_timeout = before.timed_out_until
                     ^^^^^^^^^^^^^^^^^^^^^^
AttributeError: 'Member' object has no attribute 'timed_out_until'
Ignoring exception in on_member_update
Traceback (most recent call last):
  File "/usr/local/lib/python3.12/site-packages/discord/client.py", line 465, in _run_event
    await coro(*args, **kwargs)
  File "/app/asu_discord/cogs/analytics.py", line 652, in on_member_update
    before_timeout = before.timed_out_until
                     ^^^^^^^^^^^^^^^^^^^^^^
AttributeError: 'Member' object has no attribute 'timed_out_until'
Ignoring exception in on_member_update
Traceback (most recent call last):
  File "/usr/local/lib/python3.12/site-packages/discord/client.py", line 465, in _run_event
    await coro(*args, **kwargs)
  File "/app/asu_discord/cogs/analytics.py", line 652, in on_member_update
    before_timeout = before.timed_out_until
                     ^^^^^^^^^^^^^^^^^^^^^^
AttributeError: 'Member' object has no attribute 'timed_out_until'
Ignoring exception in on_member_update
Traceback (most recent call last):
  File "/usr/local/lib/python3.12/site-packages/discord/client.py", line 465, in _run_event
    await coro(*args, **kwargs)
  File "/app/asu_discord/cogs/analytics.py", line 652, in on_member_update
    before_timeout = before.timed_out_until
                     ^^^^^^^^^^^^^^^^^^^^^^
AttributeError: 'Member' object has no attribute 'timed_out_until'
Ignoring exception in on_member_update
Traceback (most recent call last):
  File "/usr/local/lib/python3.12/site-packages/discord/client.py", line 465, in _run_event
    await coro(*args, **kwargs)
  File "/app/asu_discord/cogs/analytics.py", line 652, in on_member_update
    before_timeout = before.timed_out_until
                     ^^^^^^^^^^^^^^^^^^^^^^
AttributeError: 'Member' object has no attribute 'timed_out_until'
Ignoring exception in on_member_update
Traceback (most recent call last):
  File "/usr/local/lib/python3.12/site-packages/discord/client.py", line 465, in _run_event
    await coro(*args, **kwargs)
  File "/app/asu_discord/cogs/analytics.py", line 652, in on_member_update
    before_timeout = before.timed_out_until
                     ^^^^^^^^^^^^^^^^^^^^^^
AttributeError: 'Member' object has no attribute 'timed_out_until'
INFO:asu_discord.cogs.verification:Saved 5 roles to database for user lpchampa (Discord ID: 883212514366722078)
INFO:asu_discord.cogs.verification:Refreshed Salesforce roles for Discord user 883212514366722078: -5/+5 roles, assigned=[Arizona Resident, College of Liberal Arts and Sciences, Commited, Downtown Phoenix, First Year]
Ignoring exception in on_member_update
Traceback (most recent call last):
  File "/usr/local/lib/python3.12/site-packages/discord/client.py", line 465, in _run_event
    await coro(*args, **kwargs)
  File "/app/asu_discord/cogs/analytics.py", line 652, in on_member_update
    before_timeout = before.timed_out_until
                     ^^^^^^^^^^^^^^^^^^^^^^
AttributeError: 'Member' object has no attribute 'timed_out_until'
Ignoring exception in on_member_update
Traceback (most recent call last):
  File "/usr/local/lib/python3.12/site-packages/discord/client.py", line 465, in _run_event
    await coro(*args, **kwargs)
  File "/app/asu_discord/cogs/analytics.py", line 652, in on_member_update
    before_timeout = before.timed_out_until
                     ^^^^^^^^^^^^^^^^^^^^^^
AttributeError: 'Member' object has no attribute 'timed_out_until'
Ignoring exception in on_member_update
Traceback (most recent call last):
  File "/usr/local/lib/python3.12/site-packages/discord/client.py", line 465, in _run_event
    await coro(*args, **kwargs)
  File "/app/asu_discord/cogs/analytics.py", line 652, in on_member_update
    before_timeout = before.timed_out_until
                     ^^^^^^^^^^^^^^^^^^^^^^
AttributeError: 'Member' object has no attribute 'timed_out_until'
Ignoring exception in on_member_update
Traceback (most recent call last):
  File "/usr/local/lib/python3.12/site-packages/discord/client.py", line 465, in _run_event
    await coro(*args, **kwargs)
  File "/app/asu_discord/cogs/analytics.py", line 652, in on_member_update
    before_timeout = before.timed_out_until
                     ^^^^^^^^^^^^^^^^^^^^^^
AttributeError: 'Member' object has no attribute 'timed_out_until'
Ignoring exception in on_member_update
Traceback (most recent call last):
  File "/usr/local/lib/python3.12/site-packages/discord/client.py", line 465, in _run_event
    await coro(*args, **kwargs)
  File "/app/asu_discord/cogs/analytics.py", line 652, in on_member_update
    before_timeout = before.timed_out_until
                     ^^^^^^^^^^^^^^^^^^^^^^
AttributeError: 'Member' object has no attribute 'timed_out_until'
Ignoring exception in on_member_update
Traceback (most recent call last):
  File "/usr/local/lib/python3.12/site-packages/discord/client.py", line 465, in _run_event
    await coro(*args, **kwargs)
  File "/app/asu_discord/cogs/analytics.py", line 652, in on_member_update
    before_timeout = before.timed_out_until
                     ^^^^^^^^^^^^^^^^^^^^^^
AttributeError: 'Member' object has no attribute 'timed_out_until'
Ignoring exception in on_member_update
Traceback (most recent call last):
  File "/usr/local/lib/python3.12/site-packages/discord/client.py", line 465, in _run_event
    await coro(*args, **kwargs)
  File "/app/asu_discord/cogs/analytics.py", line 652, in on_member_update
    before_timeout = before.timed_out_until
                     ^^^^^^^^^^^^^^^^^^^^^^
AttributeError: 'Member' object has no attribute 'timed_out_until'
Ignoring exception in on_member_update
Traceback (most recent call last):
  File "/usr/local/lib/python3.12/site-packages/discord/client.py", line 465, in _run_event
    await coro(*args, **kwargs)
  File "/app/asu_discord/cogs/analytics.py", line 652, in on_member_update
    before_timeout = before.timed_out_until
                     ^^^^^^^^^^^^^^^^^^^^^^
AttributeError: 'Member' object has no attribute 'timed_out_until'
INFO:asu_discord.cogs.verification:Saved 4 roles to database for user ssudha18 (Discord ID: 1081424237354565652)
INFO:asu_discord.cogs.verification:Refreshed Salesforce roles for Discord user 1081424237354565652: -4/+4 roles, assigned=[Commited, First Year, Ira A. Fulton Schools of Engineering, Tempe]
ERROR:cron.jobs:refresh_salesforce_roles: failed for jstew149 (Discord ID 1140824448363139072): Failed to refresh Salesforce-based roles: Discord user 1140824448363139072 is not a member of the guild
Ignoring exception in on_member_update
Traceback (most recent call last):
  File "/usr/local/lib/python3.12/site-packages/discord/client.py", line 465, in _run_event
    await coro(*args, **kwargs)
  File "/app/asu_discord/cogs/analytics.py", line 652, in on_member_update
    before_timeout = before.timed_out_until
                     ^^^^^^^^^^^^^^^^^^^^^^
AttributeError: 'Member' object has no attribute 'timed_out_until'
Ignoring exception in on_member_update
Traceback (most recent call last):
  File "/usr/local/lib/python3.12/site-packages/discord/client.py", line 465, in _run_event
    await coro(*args, **kwargs)
  File "/app/asu_discord/cogs/analytics.py", line 652, in on_member_update
    before_timeout = before.timed_out_until
                     ^^^^^^^^^^^^^^^^^^^^^^
AttributeError: 'Member' object has no attribute 'timed_out_until'
Ignoring exception in on_member_update
Traceback (most recent call last):
  File "/usr/local/lib/python3.12/site-packages/discord/client.py", line 465, in _run_event
    await coro(*args, **kwargs)
  File "/app/asu_discord/cogs/analytics.py", line 652, in on_member_update
    before_timeout = before.timed_out_until
                     ^^^^^^^^^^^^^^^^^^^^^^
AttributeError: 'Member' object has no attribute 'timed_out_until'
Ignoring exception in on_member_update
Traceback (most recent call last):
  File "/usr/local/lib/python3.12/site-packages/discord/client.py", line 465, in _run_event
    await coro(*args, **kwargs)
  File "/app/asu_discord/cogs/analytics.py", line 652, in on_member_update
    before_timeout = before.timed_out_until
                     ^^^^^^^^^^^^^^^^^^^^^^
AttributeError: 'Member' object has no attribute 'timed_out_until'
Ignoring exception in on_member_update
Traceback (most recent call last):
  File "/usr/local/lib/python3.12/site-packages/discord/client.py", line 465, in _run_event
    await coro(*args, **kwargs)
  File "/app/asu_discord/cogs/analytics.py", line 652, in on_member_update
    before_timeout = before.timed_out_until
                     ^^^^^^^^^^^^^^^^^^^^^^
AttributeError: 'Member' object has no attribute 'timed_out_until'
Ignoring exception in on_member_update
Traceback (most recent call last):
  File "/usr/local/lib/python3.12/site-packages/discord/client.py", line 465, in _run_event
    await coro(*args, **kwargs)
  File "/app/asu_discord/cogs/analytics.py", line 652, in on_member_update
    before_timeout = before.timed_out_until
                     ^^^^^^^^^^^^^^^^^^^^^^
AttributeError: 'Member' object has no attribute 'timed_out_until'
Ignoring exception in on_member_update
Traceback (most recent call last):
  File "/usr/local/lib/python3.12/site-packages/discord/client.py", line 465, in _run_event
    await coro(*args, **kwargs)
  File "/app/asu_discord/cogs/analytics.py", line 652, in on_member_update
    before_timeout = before.timed_out_until
                     ^^^^^^^^^^^^^^^^^^^^^^
AttributeError: 'Member' object has no attribute 'timed_out_until'
Ignoring exception in on_member_update
Traceback (most recent call last):
  File "/usr/local/lib/python3.12/site-packages/discord/client.py", line 465, in _run_event
    await coro(*args, **kwargs)
  File "/app/asu_discord/cogs/analytics.py", line 652, in on_member_update
    before_timeout = before.timed_out_until
                     ^^^^^^^^^^^^^^^^^^^^^^
AttributeError: 'Member' object has no attribute 'timed_out_until'
INFO:asu_discord.cogs.verification:Saved 4 roles to database for user ajbrow90 (Discord ID: 589307132676014110)
INFO:asu_discord.cogs.verification:Refreshed Salesforce roles for Discord user 589307132676014110: -4/+4 roles, assigned=[Arizona Resident, College of Liberal Arts and Sciences, First Year, Tempe]
Ignoring exception in on_member_update
Traceback (most recent call last):
  File "/usr/local/lib/python3.12/site-packages/discord/client.py", line 465, in _run_event
    await coro(*args, **kwargs)
  File "/app/asu_discord/cogs/analytics.py", line 652, in on_member_update
    before_timeout = before.timed_out_until
                     ^^^^^^^^^^^^^^^^^^^^^^
AttributeError: 'Member' object has no attribute 'timed_out_until'
Ignoring exception in on_member_update
Traceback (most recent call last):
  File "/usr/local/lib/python3.12/site-packages/discord/client.py", line 465, in _run_event
    await coro(*args, **kwargs)
  File "/app/asu_discord/cogs/analytics.py", line 652, in on_member_update
    before_timeout = before.timed_out_until
                     ^^^^^^^^^^^^^^^^^^^^^^
AttributeError: 'Member' object has no attribute 'timed_out_until'
Ignoring exception in on_member_update
Traceback (most recent call last):
  File "/usr/local/lib/python3.12/site-packages/discord/client.py", line 465, in _run_event
    await coro(*args, **kwargs)
  File "/app/asu_discord/cogs/analytics.py", line 652, in on_member_update
    before_timeout = before.timed_out_until
                     ^^^^^^^^^^^^^^^^^^^^^^
AttributeError: 'Member' object has no attribute 'timed_out_until'
Ignoring exception in on_member_update
Traceback (most recent call last):
  File "/usr/local/lib/python3.12/site-packages/discord/client.py", line 465, in _run_event
    await coro(*args, **kwargs)
  File "/app/asu_discord/cogs/analytics.py", line 652, in on_member_update
    before_timeout = before.timed_out_until
                     ^^^^^^^^^^^^^^^^^^^^^^
AttributeError: 'Member' object has no attribute 'timed_out_until'
Ignoring exception in on_member_update
Traceback (most recent call last):
  File "/usr/local/lib/python3.12/site-packages/discord/client.py", line 465, in _run_event
    await coro(*args, **kwargs)
  File "/app/asu_discord/cogs/analytics.py", line 652, in on_member_update
    before_timeout = before.timed_out_until
                     ^^^^^^^^^^^^^^^^^^^^^^
AttributeError: 'Member' object has no attribute 'timed_out_until'
Ignoring exception in on_member_update
Traceback (most recent call last):
  File "/usr/local/lib/python3.12/site-packages/discord/client.py", line 465, in _run_event
    await coro(*args, **kwargs)
  File "/app/asu_discord/cogs/analytics.py", line 652, in on_member_update
    before_timeout = before.timed_out_until
                     ^^^^^^^^^^^^^^^^^^^^^^
AttributeError: 'Member' object has no attribute 'timed_out_until'
Ignoring exception in on_member_update
Traceback (most recent call last):
  File "/usr/local/lib/python3.12/site-packages/discord/client.py", line 465, in _run_event
    await coro(*args, **kwargs)
  File "/app/asu_discord/cogs/analytics.py", line 652, in on_member_update
    before_timeout = before.timed_out_until
                     ^^^^^^^^^^^^^^^^^^^^^^
AttributeError: 'Member' object has no attribute 'timed_out_until'
Ignoring exception in on_member_update
Traceback (most recent call last):
  File "/usr/local/lib/python3.12/site-packages/discord/client.py", line 465, in _run_event
    await coro(*args, **kwargs)
  File "/app/asu_discord/cogs/analytics.py", line 652, in on_member_update
    before_timeout = before.timed_out_until
                     ^^^^^^^^^^^^^^^^^^^^^^
AttributeError: 'Member' object has no attribute 'timed_out_until'
Ignoring exception in on_member_update
Traceback (most recent call last):
  File "/usr/local/lib/python3.12/site-packages/discord/client.py", line 465, in _run_event
    await coro(*args, **kwargs)
  File "/app/asu_discord/cogs/analytics.py", line 652, in on_member_update
    before_timeout = before.timed_out_until
                     ^^^^^^^^^^^^^^^^^^^^^^
AttributeError: 'Member' object has no attribute 'timed_out_until'
Ignoring exception in on_member_update
Traceback (most recent call last):
  File "/usr/local/lib/python3.12/site-packages/discord/client.py", line 465, in _run_event
    await coro(*args, **kwargs)
  File "/app/asu_discord/cogs/analytics.py", line 652, in on_member_update
    before_timeout = before.timed_out_until
                     ^^^^^^^^^^^^^^^^^^^^^^
AttributeError: 'Member' object has no attribute 'timed_out_until'
INFO:asu_discord.cogs.verification:Saved 5 roles to database for user kjlemans (Discord ID: 345373774486700042)
INFO:asu_discord.cogs.verification:Refreshed Salesforce roles for Discord user 345373774486700042: -5/+5 roles, assigned=[Arizona Resident, Commited, First Year, Ira A. Fulton Schools of Engineering, Tempe]
Ignoring exception in on_member_update
Traceback (most recent call last):
  File "/usr/local/lib/python3.12/site-packages/discord/client.py", line 465, in _run_event
    await coro(*args, **kwargs)
  File "/app/asu_discord/cogs/analytics.py", line 652, in on_member_update
    before_timeout = before.timed_out_until
                     ^^^^^^^^^^^^^^^^^^^^^^
AttributeError: 'Member' object has no attribute 'timed_out_until'
Ignoring exception in on_member_update
Traceback (most recent call last):
  File "/usr/local/lib/python3.12/site-packages/discord/client.py", line 465, in _run_event
    await coro(*args, **kwargs)
  File "/app/asu_discord/cogs/analytics.py", line 652, in on_member_update
    before_timeout = before.timed_out_until
                     ^^^^^^^^^^^^^^^^^^^^^^
AttributeError: 'Member' object has no attribute 'timed_out_until'
Ignoring exception in on_member_update
Traceback (most recent call last):
  File "/usr/local/lib/python3.12/site-packages/discord/client.py", line 465, in _run_event
    await coro(*args, **kwargs)
  File "/app/asu_discord/cogs/analytics.py", line 652, in on_member_update
    before_timeout = before.timed_out_until
                     ^^^^^^^^^^^^^^^^^^^^^^
AttributeError: 'Member' object has no attribute 'timed_out_until'
Ignoring exception in on_member_update
Traceback (most recent call last):
  File "/usr/local/lib/python3.12/site-packages/discord/client.py", line 465, in _run_event
    await coro(*args, **kwargs)
  File "/app/asu_discord/cogs/analytics.py", line 652, in on_member_update
    before_timeout = before.timed_out_until
                     ^^^^^^^^^^^^^^^^^^^^^^
AttributeError: 'Member' object has no attribute 'timed_out_until'
Ignoring exception in on_member_update
Traceback (most recent call last):
  File "/usr/local/lib/python3.12/site-packages/discord/client.py", line 465, in _run_event
    await coro(*args, **kwargs)
  File "/app/asu_discord/cogs/analytics.py", line 652, in on_member_update
    before_timeout = before.timed_out_until
                     ^^^^^^^^^^^^^^^^^^^^^^
AttributeError: 'Member' object has no attribute 'timed_out_until'
Ignoring exception in on_member_update
Traceback (most recent call last):
  File "/usr/local/lib/python3.12/site-packages/discord/client.py", line 465, in _run_event
    await coro(*args, **kwargs)
  File "/app/asu_discord/cogs/analytics.py", line 652, in on_member_update
    before_timeout = before.timed_out_until
                     ^^^^^^^^^^^^^^^^^^^^^^
AttributeError: 'Member' object has no attribute 'timed_out_until'
Ignoring exception in on_member_update
Traceback (most recent call last):
  File "/usr/local/lib/python3.12/site-packages/discord/client.py", line 465, in _run_event
    await coro(*args, **kwargs)
  File "/app/asu_discord/cogs/analytics.py", line 652, in on_member_update
    before_timeout = before.timed_out_until
                     ^^^^^^^^^^^^^^^^^^^^^^
AttributeError: 'Member' object has no attribute 'timed_out_until'
Ignoring exception in on_member_update
Traceback (most recent call last):
  File "/usr/local/lib/python3.12/site-packages/discord/client.py", line 465, in _run_event
    await coro(*args, **kwargs)
  File "/app/asu_discord/cogs/analytics.py", line 652, in on_member_update
    before_timeout = before.timed_out_until
                     ^^^^^^^^^^^^^^^^^^^^^^
AttributeError: 'Member' object has no attribute 'timed_out_until'
Ignoring exception in on_member_update
Traceback (most recent call last):
  File "/usr/local/lib/python3.12/site-packages/discord/client.py", line 465, in _run_event
    await coro(*args, **kwargs)
  File "/app/asu_discord/cogs/analytics.py", line 652, in on_member_update
    before_timeout = before.timed_out_until
                     ^^^^^^^^^^^^^^^^^^^^^^
AttributeError: 'Member' object has no attribute 'timed_out_until'
Ignoring exception in on_member_update
Traceback (most recent call last):
  File "/usr/local/lib/python3.12/site-packages/discord/client.py", line 465, in _run_event
    await coro(*args, **kwargs)
  File "/app/asu_discord/cogs/analytics.py", line 652, in on_member_update
    before_timeout = before.timed_out_until
                     ^^^^^^^^^^^^^^^^^^^^^^
AttributeError: 'Member' object has no attribute 'timed_out_until'
INFO:asu_discord.cogs.verification:Saved 5 roles to database for user enketia (Discord ID: 889497979029954571)
INFO:asu_discord.cogs.verification:Refreshed Salesforce roles for Discord user 889497979029954571: -5/+5 roles, assigned=[First Generation Student, Graduate Student, International Student, Ira A. Fulton Schools of Engineering, Tempe]
Ignoring exception in on_member_update
Traceback (most recent call last):
  File "/usr/local/lib/python3.12/site-packages/discord/client.py", line 465, in _run_event
    await coro(*args, **kwargs)
  File "/app/asu_discord/cogs/analytics.py", line 652, in on_member_update
    before_timeout = before.timed_out_until
                     ^^^^^^^^^^^^^^^^^^^^^^
AttributeError: 'Member' object has no attribute 'timed_out_until'
Ignoring exception in on_member_update
Traceback (most recent call last):
  File "/usr/local/lib/python3.12/site-packages/discord/client.py", line 465, in _run_event
    await coro(*args, **kwargs)
  File "/app/asu_discord/cogs/analytics.py", line 652, in on_member_update
    before_timeout = before.timed_out_until
                     ^^^^^^^^^^^^^^^^^^^^^^
AttributeError: 'Member' object has no attribute 'timed_out_until'
Ignoring exception in on_member_update
Traceback (most recent call last):
  File "/usr/local/lib/python3.12/site-packages/discord/client.py", line 465, in _run_event
    await coro(*args, **kwargs)
  File "/app/asu_discord/cogs/analytics.py", line 652, in on_member_update
    before_timeout = before.timed_out_until
                     ^^^^^^^^^^^^^^^^^^^^^^
AttributeError: 'Member' object has no attribute 'timed_out_until'
Ignoring exception in on_member_update
Traceback (most recent call last):
  File "/usr/local/lib/python3.12/site-packages/discord/client.py", line 465, in _run_event
    await coro(*args, **kwargs)
  File "/app/asu_discord/cogs/analytics.py", line 652, in on_member_update
    before_timeout = before.timed_out_until
                     ^^^^^^^^^^^^^^^^^^^^^^
AttributeError: 'Member' object has no attribute 'timed_out_until'
Ignoring exception in on_member_update
Traceback (most recent call last):
  File "/usr/local/lib/python3.12/site-packages/discord/client.py", line 465, in _run_event
    await coro(*args, **kwargs)
  File "/app/asu_discord/cogs/analytics.py", line 652, in on_member_update
    before_timeout = before.timed_out_until
                     ^^^^^^^^^^^^^^^^^^^^^^
AttributeError: 'Member' object has no attribute 'timed_out_until'
Ignoring exception in on_member_update
Traceback (most recent call last):
  File "/usr/local/lib/python3.12/site-packages/discord/client.py", line 465, in _run_event
    await coro(*args, **kwargs)
  File "/app/asu_discord/cogs/analytics.py", line 652, in on_member_update
    before_timeout = before.timed_out_until
                     ^^^^^^^^^^^^^^^^^^^^^^
AttributeError: 'Member' object has no attribute 'timed_out_until'
Ignoring exception in on_member_update
Traceback (most recent call last):
  File "/usr/local/lib/python3.12/site-packages/discord/client.py", line 465, in _run_event
    await coro(*args, **kwargs)
  File "/app/asu_discord/cogs/analytics.py", line 652, in on_member_update
    before_timeout = before.timed_out_until
                     ^^^^^^^^^^^^^^^^^^^^^^
AttributeError: 'Member' object has no attribute 'timed_out_until'
Ignoring exception in on_member_update
Traceback (most recent call last):
  File "/usr/local/lib/python3.12/site-packages/discord/client.py", line 465, in _run_event
    await coro(*args, **kwargs)
  File "/app/asu_discord/cogs/analytics.py", line 652, in on_member_update
    before_timeout = before.timed_out_until
                     ^^^^^^^^^^^^^^^^^^^^^^
AttributeError: 'Member' object has no attribute 'timed_out_until'
INFO:asu_discord.cogs.verification:Saved 4 roles to database for user mabburu (Discord ID: 720950545631805451)
INFO:asu_discord.cogs.verification:Refreshed Salesforce roles for Discord user 720950545631805451: -4/+4 roles, assigned=[Graduate Student, International Student, Ira A. Fulton Schools of Engineering, Tempe]
Ignoring exception in on_member_update
Traceback (most recent call last):
  File "/usr/local/lib/python3.12/site-packages/discord/client.py", line 465, in _run_event
    await coro(*args, **kwargs)
  File "/app/asu_discord/cogs/analytics.py", line 652, in on_member_update
    before_timeout = before.timed_out_until
                     ^^^^^^^^^^^^^^^^^^^^^^
AttributeError: 'Member' object has no attribute 'timed_out_until'
Ignoring exception in on_member_update
Traceback (most recent call last):
  File "/usr/local/lib/python3.12/site-packages/discord/client.py", line 465, in _run_event
    await coro(*args, **kwargs)
  File "/app/asu_discord/cogs/analytics.py", line 652, in on_member_update
    before_timeout = before.timed_out_until
                     ^^^^^^^^^^^^^^^^^^^^^^
AttributeError: 'Member' object has no attribute 'timed_out_until'
Ignoring exception in on_member_update
Traceback (most recent call last):
  File "/usr/local/lib/python3.12/site-packages/discord/client.py", line 465, in _run_event
    await coro(*args, **kwargs)
  File "/app/asu_discord/cogs/analytics.py", line 652, in on_member_update
    before_timeout = before.timed_out_until
                     ^^^^^^^^^^^^^^^^^^^^^^
AttributeError: 'Member' object has no attribute 'timed_out_until'
Ignoring exception in on_member_update
Traceback (most recent call last):
  File "/usr/local/lib/python3.12/site-packages/discord/client.py", line 465, in _run_event
    await coro(*args, **kwargs)
  File "/app/asu_discord/cogs/analytics.py", line 652, in on_member_update
    before_timeout = before.timed_out_until
                     ^^^^^^^^^^^^^^^^^^^^^^
AttributeError: 'Member' object has no attribute 'timed_out_until'
Ignoring exception in on_member_update
Traceback (most recent call last):
  File "/usr/local/lib/python3.12/site-packages/discord/client.py", line 465, in _run_event
    await coro(*args, **kwargs)
  File "/app/asu_discord/cogs/analytics.py", line 652, in on_member_update
    before_timeout = before.timed_out_until
                     ^^^^^^^^^^^^^^^^^^^^^^
AttributeError: 'Member' object has no attribute 'timed_out_until'
Ignoring exception in on_member_update
Traceback (most recent call last):
  File "/usr/local/lib/python3.12/site-packages/discord/client.py", line 465, in _run_event
    await coro(*args, **kwargs)
  File "/app/asu_discord/cogs/analytics.py", line 652, in on_member_update
    before_timeout = before.timed_out_until
                     ^^^^^^^^^^^^^^^^^^^^^^
AttributeError: 'Member' object has no attribute 'timed_out_until'
Ignoring exception in on_member_update
Traceback (most recent call last):
  File "/usr/local/lib/python3.12/site-packages/discord/client.py", line 465, in _run_event
    await coro(*args, **kwargs)
  File "/app/asu_discord/cogs/analytics.py", line 652, in on_member_update
    before_timeout = before.timed_out_until
                     ^^^^^^^^^^^^^^^^^^^^^^
AttributeError: 'Member' object has no attribute 'timed_out_until'
Ignoring exception in on_member_update
Traceback (most recent call last):
  File "/usr/local/lib/python3.12/site-packages/discord/client.py", line 465, in _run_event
    await coro(*args, **kwargs)
  File "/app/asu_discord/cogs/analytics.py", line 652, in on_member_update
    before_timeout = before.timed_out_until
                     ^^^^^^^^^^^^^^^^^^^^^^
AttributeError: 'Member' object has no attribute 'timed_out_until'
INFO:asu_discord.cogs.verification:Saved 4 roles to database for user aangon (Discord ID: 937576007441981511)
INFO:asu_discord.cogs.verification:Refreshed Salesforce roles for Discord user 937576007441981511: -4/+4 roles, assigned=[Arizona Resident, First Year, Ira A. Fulton Schools of Engineering, West Valley]
ERROR:cron.jobs:refresh_salesforce_roles: failed for tlock1 (Discord ID 1077376007348158514): Failed to refresh Salesforce-based roles: Discord user 1077376007348158514 is not a member of the guild
ERROR:cron.jobs:refresh_salesforce_roles: failed for fnjohns2 (Discord ID 762786957876265000): Failed to refresh Salesforce-based roles: Discord user 762786957876265000 is not a member of the guild
Ignoring exception in on_member_update
Traceback (most recent call last):
  File "/usr/local/lib/python3.12/site-packages/discord/client.py", line 465, in _run_event
    await coro(*args, **kwargs)
  File "/app/asu_discord/cogs/analytics.py", line 652, in on_member_update
    before_timeout = before.timed_out_until
                     ^^^^^^^^^^^^^^^^^^^^^^
AttributeError: 'Member' object has no attribute 'timed_out_until'
Ignoring exception in on_member_update
Traceback (most recent call last):
  File "/usr/local/lib/python3.12/site-packages/discord/client.py", line 465, in _run_event
    await coro(*args, **kwargs)
  File "/app/asu_discord/cogs/analytics.py", line 652, in on_member_update
    before_timeout = before.timed_out_until
                     ^^^^^^^^^^^^^^^^^^^^^^
AttributeError: 'Member' object has no attribute 'timed_out_until'
Ignoring exception in on_member_update
Traceback (most recent call last):
  File "/usr/local/lib/python3.12/site-packages/discord/client.py", line 465, in _run_event
    await coro(*args, **kwargs)
  File "/app/asu_discord/cogs/analytics.py", line 652, in on_member_update
    before_timeout = before.timed_out_until
                     ^^^^^^^^^^^^^^^^^^^^^^
AttributeError: 'Member' object has no attribute 'timed_out_until'
Ignoring exception in on_member_update
Traceback (most recent call last):
  File "/usr/local/lib/python3.12/site-packages/discord/client.py", line 465, in _run_event
    await coro(*args, **kwargs)
  File "/app/asu_discord/cogs/analytics.py", line 652, in on_member_update
    before_timeout = before.timed_out_until
                     ^^^^^^^^^^^^^^^^^^^^^^
AttributeError: 'Member' object has no attribute 'timed_out_until'
Ignoring exception in on_member_update
Traceback (most recent call last):
  File "/usr/local/lib/python3.12/site-packages/discord/client.py", line 465, in _run_event
    await coro(*args, **kwargs)
  File "/app/asu_discord/cogs/analytics.py", line 652, in on_member_update
    before_timeout = before.timed_out_until
                     ^^^^^^^^^^^^^^^^^^^^^^
AttributeError: 'Member' object has no attribute 'timed_out_until'
Ignoring exception in on_member_update
Traceback (most recent call last):
  File "/usr/local/lib/python3.12/site-packages/discord/client.py", line 465, in _run_event
    await coro(*args, **kwargs)
  File "/app/asu_discord/cogs/analytics.py", line 652, in on_member_update
    before_timeout = before.timed_out_until
                     ^^^^^^^^^^^^^^^^^^^^^^
AttributeError: 'Member' object has no attribute 'timed_out_until'
Ignoring exception in on_member_update
Traceback (most recent call last):
  File "/usr/local/lib/python3.12/site-packages/discord/client.py", line 465, in _run_event
    await coro(*args, **kwargs)
  File "/app/asu_discord/cogs/analytics.py", line 652, in on_member_update
    before_timeout = before.timed_out_until
                     ^^^^^^^^^^^^^^^^^^^^^^
AttributeError: 'Member' object has no attribute 'timed_out_until'
Ignoring exception in on_member_update
Traceback (most recent call last):
  File "/usr/local/lib/python3.12/site-packages/discord/client.py", line 465, in _run_event
    await coro(*args, **kwargs)
  File "/app/asu_discord/cogs/analytics.py", line 652, in on_member_update
    before_timeout = before.timed_out_until
                     ^^^^^^^^^^^^^^^^^^^^^^
AttributeError: 'Member' object has no attribute 'timed_out_until'
Ignoring exception in on_member_update
Traceback (most recent call last):
  File "/usr/local/lib/python3.12/site-packages/discord/client.py", line 465, in _run_event
    await coro(*args, **kwargs)
  File "/app/asu_discord/cogs/analytics.py", line 652, in on_member_update
    before_timeout = before.timed_out_until
                     ^^^^^^^^^^^^^^^^^^^^^^
AttributeError: 'Member' object has no attribute 'timed_out_until'
Ignoring exception in on_member_update
Traceback (most recent call last):
  File "/usr/local/lib/python3.12/site-packages/discord/client.py", line 465, in _run_event
    await coro(*args, **kwargs)
  File "/app/asu_discord/cogs/analytics.py", line 652, in on_member_update
    before_timeout = before.timed_out_until
                     ^^^^^^^^^^^^^^^^^^^^^^
AttributeError: 'Member' object has no attribute 'timed_out_until'
INFO:asu_discord.cogs.verification:Saved 5 roles to database for user jolanlop (Discord ID: 591399239289143336)
INFO:asu_discord.cogs.verification:Refreshed Salesforce roles for Discord user 591399239289143336: -5/+5 roles, assigned=[Arizona Resident, First Generation Student, First Year, Ira A. Fulton Schools of Engineering, Tempe]
ERROR:cron.jobs:refresh_salesforce_roles: failed for balivobj (Discord ID 1348496475616968704): Failed to refresh Salesforce-based roles: Discord user 1348496475616968704 is not a member of the guild
Ignoring exception in on_member_update
Traceback (most recent call last):
  File "/usr/local/lib/python3.12/site-packages/discord/client.py", line 465, in _run_event
    await coro(*args, **kwargs)
  File "/app/asu_discord/cogs/analytics.py", line 652, in on_member_update
    before_timeout = before.timed_out_until
                     ^^^^^^^^^^^^^^^^^^^^^^
AttributeError: 'Member' object has no attribute 'timed_out_until'
Ignoring exception in on_member_update
Traceback (most recent call last):
  File "/usr/local/lib/python3.12/site-packages/discord/client.py", line 465, in _run_event
    await coro(*args, **kwargs)
  File "/app/asu_discord/cogs/analytics.py", line 652, in on_member_update
    before_timeout = before.timed_out_until
                     ^^^^^^^^^^^^^^^^^^^^^^
AttributeError: 'Member' object has no attribute 'timed_out_until'
Ignoring exception in on_member_update
Traceback (most recent call last):
  File "/usr/local/lib/python3.12/site-packages/discord/client.py", line 465, in _run_event
    await coro(*args, **kwargs)
  File "/app/asu_discord/cogs/analytics.py", line 652, in on_member_update
    before_timeout = before.timed_out_until
                     ^^^^^^^^^^^^^^^^^^^^^^
AttributeError: 'Member' object has no attribute 'timed_out_until'
Ignoring exception in on_member_update
Traceback (most recent call last):
  File "/usr/local/lib/python3.12/site-packages/discord/client.py", line 465, in _run_event
    await coro(*args, **kwargs)
  File "/app/asu_discord/cogs/analytics.py", line 652, in on_member_update
    before_timeout = before.timed_out_until
                     ^^^^^^^^^^^^^^^^^^^^^^
AttributeError: 'Member' object has no attribute 'timed_out_until'
Ignoring exception in on_member_update
Traceback (most recent call last):
  File "/usr/local/lib/python3.12/site-packages/discord/client.py", line 465, in _run_event
    await coro(*args, **kwargs)
  File "/app/asu_discord/cogs/analytics.py", line 652, in on_member_update
    before_timeout = before.timed_out_until
                     ^^^^^^^^^^^^^^^^^^^^^^
AttributeError: 'Member' object has no attribute 'timed_out_until'
Ignoring exception in on_member_update
Traceback (most recent call last):
  File "/usr/local/lib/python3.12/site-packages/discord/client.py", line 465, in _run_event
    await coro(*args, **kwargs)
  File "/app/asu_discord/cogs/analytics.py", line 652, in on_member_update
    before_timeout = before.timed_out_until
                     ^^^^^^^^^^^^^^^^^^^^^^
AttributeError: 'Member' object has no attribute 'timed_out_until'
Ignoring exception in on_member_update
Traceback (most recent call last):
  File "/usr/local/lib/python3.12/site-packages/discord/client.py", line 465, in _run_event
    await coro(*args, **kwargs)
  File "/app/asu_discord/cogs/analytics.py", line 652, in on_member_update
    before_timeout = before.timed_out_until
                     ^^^^^^^^^^^^^^^^^^^^^^
AttributeError: 'Member' object has no attribute 'timed_out_until'
Ignoring exception in on_member_update
Traceback (most recent call last):
  File "/usr/local/lib/python3.12/site-packages/discord/client.py", line 465, in _run_event
    await coro(*args, **kwargs)
  File "/app/asu_discord/cogs/analytics.py", line 652, in on_member_update
    before_timeout = before.timed_out_until
                     ^^^^^^^^^^^^^^^^^^^^^^
AttributeError: 'Member' object has no attribute 'timed_out_until'
Ignoring exception in on_member_update
Traceback (most recent call last):
  File "/usr/local/lib/python3.12/site-packages/discord/client.py", line 465, in _run_event
    await coro(*args, **kwargs)
  File "/app/asu_discord/cogs/analytics.py", line 652, in on_member_update
    before_timeout = before.timed_out_until
                     ^^^^^^^^^^^^^^^^^^^^^^
AttributeError: 'Member' object has no attribute 'timed_out_until'
Ignoring exception in on_member_update
Traceback (most recent call last):
  File "/usr/local/lib/python3.12/site-packages/discord/client.py", line 465, in _run_event
    await coro(*args, **kwargs)
  File "/app/asu_discord/cogs/analytics.py", line 652, in on_member_update
    before_timeout = before.timed_out_until
                     ^^^^^^^^^^^^^^^^^^^^^^
AttributeError: 'Member' object has no attribute 'timed_out_until'
ERROR:cron.jobs:refresh_salesforce_roles: failed for rehale (Discord ID 454105599052087307): Timed out refresh Salesforce-based roles
Ignoring exception in on_member_update
Traceback (most recent call last):
  File "/usr/local/lib/python3.12/site-packages/discord/client.py", line 465, in _run_event
    await coro(*args, **kwargs)
  File "/app/asu_discord/cogs/analytics.py", line 652, in on_member_update
    before_timeout = before.timed_out_until
                     ^^^^^^^^^^^^^^^^^^^^^^
AttributeError: 'Member' object has no attribute 'timed_out_until'
Ignoring exception in on_member_update
Traceback (most recent call last):
  File "/usr/local/lib/python3.12/site-packages/discord/client.py", line 465, in _run_event
    await coro(*args, **kwargs)
  File "/app/asu_discord/cogs/analytics.py", line 652, in on_member_update
    before_timeout = before.timed_out_until
                     ^^^^^^^^^^^^^^^^^^^^^^
AttributeError: 'Member' object has no attribute 'timed_out_until'
Ignoring exception in on_member_update
Traceback (most recent call last):
  File "/usr/local/lib/python3.12/site-packages/discord/client.py", line 465, in _run_event
    await coro(*args, **kwargs)
  File "/app/asu_discord/cogs/analytics.py", line 652, in on_member_update
    before_timeout = before.timed_out_until
                     ^^^^^^^^^^^^^^^^^^^^^^
AttributeError: 'Member' object has no attribute 'timed_out_until'
Ignoring exception in on_member_update
Traceback (most recent call last):
  File "/usr/local/lib/python3.12/site-packages/discord/client.py", line 465, in _run_event
    await coro(*args, **kwargs)
  File "/app/asu_discord/cogs/analytics.py", line 652, in on_member_update
    before_timeout = before.timed_out_until
                     ^^^^^^^^^^^^^^^^^^^^^^
AttributeError: 'Member' object has no attribute 'timed_out_until'
Ignoring exception in on_member_update
Traceback (most recent call last):
  File "/usr/local/lib/python3.12/site-packages/discord/client.py", line 465, in _run_event
    await coro(*args, **kwargs)
  File "/app/asu_discord/cogs/analytics.py", line 652, in on_member_update
    before_timeout = before.timed_out_until
                     ^^^^^^^^^^^^^^^^^^^^^^
AttributeError: 'Member' object has no attribute 'timed_out_until'
Ignoring exception in on_member_update
Traceback (most recent call last):
  File "/usr/local/lib/python3.12/site-packages/discord/client.py", line 465, in _run_event
    await coro(*args, **kwargs)
  File "/app/asu_discord/cogs/analytics.py", line 652, in on_member_update
    before_timeout = before.timed_out_until
                     ^^^^^^^^^^^^^^^^^^^^^^
AttributeError: 'Member' object has no attribute 'timed_out_until'
Ignoring exception in on_member_update
Traceback (most recent call last):
  File "/usr/local/lib/python3.12/site-packages/discord/client.py", line 465, in _run_event
    await coro(*args, **kwargs)
  File "/app/asu_discord/cogs/analytics.py", line 652, in on_member_update
    before_timeout = before.timed_out_until
                     ^^^^^^^^^^^^^^^^^^^^^^
AttributeError: 'Member' object has no attribute 'timed_out_until'
Ignoring exception in on_member_update
Traceback (most recent call last):
  File "/usr/local/lib/python3.12/site-packages/discord/client.py", line 465, in _run_event
    await coro(*args, **kwargs)
  File "/app/asu_discord/cogs/analytics.py", line 652, in on_member_update
    before_timeout = before.timed_out_until
                     ^^^^^^^^^^^^^^^^^^^^^^
AttributeError: 'Member' object has no attribute 'timed_out_until'
INFO:asu_discord.cogs.verification:Saved 4 roles to database for user pbasu123 (Discord ID: 1220197857382895697)
INFO:asu_discord.cogs.verification:Refreshed Salesforce roles for Discord user 1220197857382895697: -4/+4 roles, assigned=[First Year, International Student, Ira A. Fulton Schools of Engineering, Tempe]
Ignoring exception in on_member_update
Traceback (most recent call last):
  File "/usr/local/lib/python3.12/site-packages/discord/client.py", line 465, in _run_event
    await coro(*args, **kwargs)
  File "/app/asu_discord/cogs/analytics.py", line 652, in on_member_update
    before_timeout = before.timed_out_until
                     ^^^^^^^^^^^^^^^^^^^^^^
AttributeError: 'Member' object has no attribute 'timed_out_until'
Ignoring exception in on_member_update
Traceback (most recent call last):
  File "/usr/local/lib/python3.12/site-packages/discord/client.py", line 465, in _run_event
    await coro(*args, **kwargs)
  File "/app/asu_discord/cogs/analytics.py", line 652, in on_member_update
    before_timeout = before.timed_out_until
                     ^^^^^^^^^^^^^^^^^^^^^^
AttributeError: 'Member' object has no attribute 'timed_out_until'
Ignoring exception in on_member_update
Traceback (most recent call last):
  File "/usr/local/lib/python3.12/site-packages/discord/client.py", line 465, in _run_event
    await coro(*args, **kwargs)
  File "/app/asu_discord/cogs/analytics.py", line 652, in on_member_update
    before_timeout = before.timed_out_until
                     ^^^^^^^^^^^^^^^^^^^^^^
AttributeError: 'Member' object has no attribute 'timed_out_until'
Ignoring exception in on_member_update
Traceback (most recent call last):
  File "/usr/local/lib/python3.12/site-packages/discord/client.py", line 465, in _run_event
    await coro(*args, **kwargs)
  File "/app/asu_discord/cogs/analytics.py", line 652, in on_member_update
    before_timeout = before.timed_out_until
                     ^^^^^^^^^^^^^^^^^^^^^^
AttributeError: 'Member' object has no attribute 'timed_out_until'
Ignoring exception in on_member_update
Traceback (most recent call last):
  File "/usr/local/lib/python3.12/site-packages/discord/client.py", line 465, in _run_event
    await coro(*args, **kwargs)
  File "/app/asu_discord/cogs/analytics.py", line 652, in on_member_update
    before_timeout = before.timed_out_until
                     ^^^^^^^^^^^^^^^^^^^^^^
AttributeError: 'Member' object has no attribute 'timed_out_until'
Ignoring exception in on_member_update
Traceback (most recent call last):
  File "/usr/local/lib/python3.12/site-packages/discord/client.py", line 465, in _run_event
    await coro(*args, **kwargs)
  File "/app/asu_discord/cogs/analytics.py", line 652, in on_member_update
    before_timeout = before.timed_out_until
                     ^^^^^^^^^^^^^^^^^^^^^^
AttributeError: 'Member' object has no attribute 'timed_out_until'
Ignoring exception in on_member_update
Traceback (most recent call last):
  File "/usr/local/lib/python3.12/site-packages/discord/client.py", line 465, in _run_event
    await coro(*args, **kwargs)
  File "/app/asu_discord/cogs/analytics.py", line 652, in on_member_update
    before_timeout = before.timed_out_until
                     ^^^^^^^^^^^^^^^^^^^^^^
AttributeError: 'Member' object has no attribute 'timed_out_until'
Ignoring exception in on_member_update
Traceback (most recent call last):
  File "/usr/local/lib/python3.12/site-packages/discord/client.py", line 465, in _run_event
    await coro(*args, **kwargs)
  File "/app/asu_discord/cogs/analytics.py", line 652, in on_member_update
    before_timeout = before.timed_out_until
                     ^^^^^^^^^^^^^^^^^^^^^^
AttributeError: 'Member' object has no attribute 'timed_out_until'
Ignoring exception in on_member_update
Traceback (most recent call last):
  File "/usr/local/lib/python3.12/site-packages/discord/client.py", line 465, in _run_event
    await coro(*args, **kwargs)
  File "/app/asu_discord/cogs/analytics.py", line 652, in on_member_update
    before_timeout = before.timed_out_until
                     ^^^^^^^^^^^^^^^^^^^^^^
AttributeError: 'Member' object has no attribute 'timed_out_until'
Ignoring exception in on_member_update
Traceback (most recent call last):
  File "/usr/local/lib/python3.12/site-packages/discord/client.py", line 465, in _run_event
    await coro(*args, **kwargs)
  File "/app/asu_discord/cogs/analytics.py", line 652, in on_member_update
    before_timeout = before.timed_out_until
                     ^^^^^^^^^^^^^^^^^^^^^^
AttributeError: 'Member' object has no attribute 'timed_out_until'
INFO:asu_discord.cogs.verification:Saved 5 roles to database for user jmgartn1 (Discord ID: 720678001343332423)
INFO:asu_discord.cogs.verification:Refreshed Salesforce roles for Discord user 720678001343332423: -5/+5 roles, assigned=[College of Liberal Arts and Sciences, Commited, First Year, Out of State, Tempe]
Ignoring exception in on_member_update
Traceback (most recent call last):
  File "/usr/local/lib/python3.12/site-packages/discord/client.py", line 465, in _run_event
    await coro(*args, **kwargs)
  File "/app/asu_discord/cogs/analytics.py", line 652, in on_member_update
    before_timeout = before.timed_out_until
                     ^^^^^^^^^^^^^^^^^^^^^^
AttributeError: 'Member' object has no attribute 'timed_out_until'
Ignoring exception in on_member_update
Traceback (most recent call last):
  File "/usr/local/lib/python3.12/site-packages/discord/client.py", line 465, in _run_event
    await coro(*args, **kwargs)
  File "/app/asu_discord/cogs/analytics.py", line 652, in on_member_update
    before_timeout = before.timed_out_until
                     ^^^^^^^^^^^^^^^^^^^^^^
AttributeError: 'Member' object has no attribute 'timed_out_until'
Ignoring exception in on_member_update
Traceback (most recent call last):
  File "/usr/local/lib/python3.12/site-packages/discord/client.py", line 465, in _run_event
    await coro(*args, **kwargs)
  File "/app/asu_discord/cogs/analytics.py", line 652, in on_member_update
    before_timeout = before.timed_out_until
                     ^^^^^^^^^^^^^^^^^^^^^^
AttributeError: 'Member' object has no attribute 'timed_out_until'
Ignoring exception in on_member_update
Traceback (most recent call last):
  File "/usr/local/lib/python3.12/site-packages/discord/client.py", line 465, in _run_event
    await coro(*args, **kwargs)
  File "/app/asu_discord/cogs/analytics.py", line 652, in on_member_update
    before_timeout = before.timed_out_until
                     ^^^^^^^^^^^^^^^^^^^^^^
AttributeError: 'Member' object has no attribute 'timed_out_until'
Ignoring exception in on_member_update
Traceback (most recent call last):
  File "/usr/local/lib/python3.12/site-packages/discord/client.py", line 465, in _run_event
    await coro(*args, **kwargs)
  File "/app/asu_discord/cogs/analytics.py", line 652, in on_member_update
    before_timeout = before.timed_out_until
                     ^^^^^^^^^^^^^^^^^^^^^^
AttributeError: 'Member' object has no attribute 'timed_out_until'
Ignoring exception in on_member_update
Traceback (most recent call last):
  File "/usr/local/lib/python3.12/site-packages/discord/client.py", line 465, in _run_event
    await coro(*args, **kwargs)
  File "/app/asu_discord/cogs/analytics.py", line 652, in on_member_update
    before_timeout = before.timed_out_until
                     ^^^^^^^^^^^^^^^^^^^^^^
AttributeError: 'Member' object has no attribute 'timed_out_until'
Ignoring exception in on_member_update
Traceback (most recent call last):
  File "/usr/local/lib/python3.12/site-packages/discord/client.py", line 465, in _run_event
    await coro(*args, **kwargs)
  File "/app/asu_discord/cogs/analytics.py", line 652, in on_member_update
    before_timeout = before.timed_out_until
                     ^^^^^^^^^^^^^^^^^^^^^^
AttributeError: 'Member' object has no attribute 'timed_out_until'
Ignoring exception in on_member_update
Traceback (most recent call last):
  File "/usr/local/lib/python3.12/site-packages/discord/client.py", line 465, in _run_event
    await coro(*args, **kwargs)
  File "/app/asu_discord/cogs/analytics.py", line 652, in on_member_update
    before_timeout = before.timed_out_until
                     ^^^^^^^^^^^^^^^^^^^^^^
AttributeError: 'Member' object has no attribute 'timed_out_until'
Ignoring exception in on_member_update
Traceback (most recent call last):
  File "/usr/local/lib/python3.12/site-packages/discord/client.py", line 465, in _run_event
    await coro(*args, **kwargs)
  File "/app/asu_discord/cogs/analytics.py", line 652, in on_member_update
    before_timeout = before.timed_out_until
                     ^^^^^^^^^^^^^^^^^^^^^^
AttributeError: 'Member' object has no attribute 'timed_out_until'
INFO:asu_discord.cogs.verification:Saved 5 roles to database for user jnkusi (Discord ID: 1464264020394774652)
INFO:asu_discord.cogs.verification:Refreshed Salesforce roles for Discord user 1464264020394774652: -4/+5 roles, assigned=[College of Global Futures, First Generation Student, Graduate Student, International Student, Tempe]
Ignoring exception in on_member_update
Traceback (most recent call last):
  File "/usr/local/lib/python3.12/site-packages/discord/client.py", line 465, in _run_event
    await coro(*args, **kwargs)
  File "/app/asu_discord/cogs/analytics.py", line 652, in on_member_update
    before_timeout = before.timed_out_until
                     ^^^^^^^^^^^^^^^^^^^^^^
AttributeError: 'Member' object has no attribute 'timed_out_until'
Ignoring exception in on_member_update
Traceback (most recent call last):
  File "/usr/local/lib/python3.12/site-packages/discord/client.py", line 465, in _run_event
    await coro(*args, **kwargs)
  File "/app/asu_discord/cogs/analytics.py", line 652, in on_member_update
    before_timeout = before.timed_out_until
                     ^^^^^^^^^^^^^^^^^^^^^^
AttributeError: 'Member' object has no attribute 'timed_out_until'
Ignoring exception in on_member_update
Traceback (most recent call last):
  File "/usr/local/lib/python3.12/site-packages/discord/client.py", line 465, in _run_event
    await coro(*args, **kwargs)
  File "/app/asu_discord/cogs/analytics.py", line 652, in on_member_update
    before_timeout = before.timed_out_until
                     ^^^^^^^^^^^^^^^^^^^^^^
AttributeError: 'Member' object has no attribute 'timed_out_until'
Ignoring exception in on_member_update
Traceback (most recent call last):
  File "/usr/local/lib/python3.12/site-packages/discord/client.py", line 465, in _run_event
    await coro(*args, **kwargs)
  File "/app/asu_discord/cogs/analytics.py", line 652, in on_member_update
    before_timeout = before.timed_out_until
                     ^^^^^^^^^^^^^^^^^^^^^^
AttributeError: 'Member' object has no attribute 'timed_out_until'
Ignoring exception in on_member_update
Traceback (most recent call last):
  File "/usr/local/lib/python3.12/site-packages/discord/client.py", line 465, in _run_event
    await coro(*args, **kwargs)
  File "/app/asu_discord/cogs/analytics.py", line 652, in on_member_update
    before_timeout = before.timed_out_until
                     ^^^^^^^^^^^^^^^^^^^^^^
AttributeError: 'Member' object has no attribute 'timed_out_until'
Ignoring exception in on_member_update
Traceback (most recent call last):
  File "/usr/local/lib/python3.12/site-packages/discord/client.py", line 465, in _run_event
    await coro(*args, **kwargs)
  File "/app/asu_discord/cogs/analytics.py", line 652, in on_member_update
    before_timeout = before.timed_out_until
                     ^^^^^^^^^^^^^^^^^^^^^^
AttributeError: 'Member' object has no attribute 'timed_out_until'
Ignoring exception in on_member_update
Traceback (most recent call last):
  File "/usr/local/lib/python3.12/site-packages/discord/client.py", line 465, in _run_event
    await coro(*args, **kwargs)
  File "/app/asu_discord/cogs/analytics.py", line 652, in on_member_update
    before_timeout = before.timed_out_until
                     ^^^^^^^^^^^^^^^^^^^^^^
AttributeError: 'Member' object has no attribute 'timed_out_until'
Ignoring exception in on_member_update
Traceback (most recent call last):
  File "/usr/local/lib/python3.12/site-packages/discord/client.py", line 465, in _run_event
    await coro(*args, **kwargs)
  File "/app/asu_discord/cogs/analytics.py", line 652, in on_member_update
    before_timeout = before.timed_out_until
                     ^^^^^^^^^^^^^^^^^^^^^^
AttributeError: 'Member' object has no attribute 'timed_out_until'
Ignoring exception in on_member_update
Traceback (most recent call last):
  File "/usr/local/lib/python3.12/site-packages/discord/client.py", line 465, in _run_event
    await coro(*args, **kwargs)
  File "/app/asu_discord/cogs/analytics.py", line 652, in on_member_update
    before_timeout = before.timed_out_until
                     ^^^^^^^^^^^^^^^^^^^^^^
AttributeError: 'Member' object has no attribute 'timed_out_until'
Ignoring exception in on_member_update
Traceback (most recent call last):
  File "/usr/local/lib/python3.12/site-packages/discord/client.py", line 465, in _run_event
    await coro(*args, **kwargs)
  File "/app/asu_discord/cogs/analytics.py", line 652, in on_member_update
    before_timeout = before.timed_out_until
                     ^^^^^^^^^^^^^^^^^^^^^^
AttributeError: 'Member' object has no attribute 'timed_out_until'
Ignoring exception in on_member_update
Traceback (most recent call last):
  File "/usr/local/lib/python3.12/site-packages/discord/client.py", line 465, in _run_event
    await coro(*args, **kwargs)
  File "/app/asu_discord/cogs/analytics.py", line 652, in on_member_update
    before_timeout = before.timed_out_until
                     ^^^^^^^^^^^^^^^^^^^^^^
AttributeError: 'Member' object has no attribute 'timed_out_until'
Ignoring exception in on_member_update
Traceback (most recent call last):
  File "/usr/local/lib/python3.12/site-packages/discord/client.py", line 465, in _run_event
    await coro(*args, **kwargs)
  File "/app/asu_discord/cogs/analytics.py", line 652, in on_member_update
    before_timeout = before.timed_out_until
                     ^^^^^^^^^^^^^^^^^^^^^^
AttributeError: 'Member' object has no attribute 'timed_out_until'
INFO:asu_discord.cogs.verification:Saved 6 roles to database for user cshreve1 (Discord ID: 586058732383895572)
INFO:asu_discord.cogs.verification:Refreshed Salesforce roles for Discord user 586058732383895572: -6/+6 roles, assigned=[Commited, First Generation Student, First Year, Herberger Institute for Design and the Arts, Out of State, Tempe]
Ignoring exception in on_member_update
Traceback (most recent call last):
  File "/usr/local/lib/python3.12/site-packages/discord/client.py", line 465, in _run_event
    await coro(*args, **kwargs)
  File "/app/asu_discord/cogs/analytics.py", line 652, in on_member_update
    before_timeout = before.timed_out_until
                     ^^^^^^^^^^^^^^^^^^^^^^
AttributeError: 'Member' object has no attribute 'timed_out_until'
Ignoring exception in on_member_update
Traceback (most recent call last):
  File "/usr/local/lib/python3.12/site-packages/discord/client.py", line 465, in _run_event
    await coro(*args, **kwargs)
  File "/app/asu_discord/cogs/analytics.py", line 652, in on_member_update
    before_timeout = before.timed_out_until
                     ^^^^^^^^^^^^^^^^^^^^^^
AttributeError: 'Member' object has no attribute 'timed_out_until'
Ignoring exception in on_member_update
Traceback (most recent call last):
  File "/usr/local/lib/python3.12/site-packages/discord/client.py", line 465, in _run_event
    await coro(*args, **kwargs)
  File "/app/asu_discord/cogs/analytics.py", line 652, in on_member_update
    before_timeout = before.timed_out_until
                     ^^^^^^^^^^^^^^^^^^^^^^
AttributeError: 'Member' object has no attribute 'timed_out_until'
Ignoring exception in on_member_update
Traceback (most recent call last):
  File "/usr/local/lib/python3.12/site-packages/discord/client.py", line 465, in _run_event
    await coro(*args, **kwargs)
  File "/app/asu_discord/cogs/analytics.py", line 652, in on_member_update
    before_timeout = before.timed_out_until
                     ^^^^^^^^^^^^^^^^^^^^^^
AttributeError: 'Member' object has no attribute 'timed_out_until'
Ignoring exception in on_member_update
Traceback (most recent call last):
  File "/usr/local/lib/python3.12/site-packages/discord/client.py", line 465, in _run_event
    await coro(*args, **kwargs)
  File "/app/asu_discord/cogs/analytics.py", line 652, in on_member_update
    before_timeout = before.timed_out_until
                     ^^^^^^^^^^^^^^^^^^^^^^
AttributeError: 'Member' object has no attribute 'timed_out_until'
Ignoring exception in on_member_update
Traceback (most recent call last):
  File "/usr/local/lib/python3.12/site-packages/discord/client.py", line 465, in _run_event
    await coro(*args, **kwargs)
  File "/app/asu_discord/cogs/analytics.py", line 652, in on_member_update
    before_timeout = before.timed_out_until
                     ^^^^^^^^^^^^^^^^^^^^^^
AttributeError: 'Member' object has no attribute 'timed_out_until'
Ignoring exception in on_member_update
Traceback (most recent call last):
  File "/usr/local/lib/python3.12/site-packages/discord/client.py", line 465, in _run_event
    await coro(*args, **kwargs)
  File "/app/asu_discord/cogs/analytics.py", line 652, in on_member_update
    before_timeout = before.timed_out_until
                     ^^^^^^^^^^^^^^^^^^^^^^
AttributeError: 'Member' object has no attribute 'timed_out_until'
Ignoring exception in on_member_update
Traceback (most recent call last):
  File "/usr/local/lib/python3.12/site-packages/discord/client.py", line 465, in _run_event
    await coro(*args, **kwargs)
  File "/app/asu_discord/cogs/analytics.py", line 652, in on_member_update
    before_timeout = before.timed_out_until
                     ^^^^^^^^^^^^^^^^^^^^^^
AttributeError: 'Member' object has no attribute 'timed_out_until'
INFO:asu_discord.cogs.verification:Saved 4 roles to database for user aoantwi (Discord ID: 920049167957622846)
INFO:asu_discord.cogs.verification:Refreshed Salesforce roles for Discord user 920049167957622846: -4/+4 roles, assigned=[Graduate Student, International Student, Ira A. Fulton Schools of Engineering, Polytechnic]
ERROR:cron.jobs:refresh_salesforce_roles: failed for mshar146 (Discord ID 1462408041814294644): Failed to refresh Salesforce-based roles: Discord user 1462408041814294644 is not a member of the guild
Ignoring exception in on_member_update
Traceback (most recent call last):
  File "/usr/local/lib/python3.12/site-packages/discord/client.py", line 465, in _run_event
    await coro(*args, **kwargs)
  File "/app/asu_discord/cogs/analytics.py", line 652, in on_member_update
    before_timeout = before.timed_out_until
                     ^^^^^^^^^^^^^^^^^^^^^^
AttributeError: 'Member' object has no attribute 'timed_out_until'
Ignoring exception in on_member_update
Traceback (most recent call last):
  File "/usr/local/lib/python3.12/site-packages/discord/client.py", line 465, in _run_event
    await coro(*args, **kwargs)
  File "/app/asu_discord/cogs/analytics.py", line 652, in on_member_update
    before_timeout = before.timed_out_until
                     ^^^^^^^^^^^^^^^^^^^^^^
AttributeError: 'Member' object has no attribute 'timed_out_until'
Ignoring exception in on_member_update
Traceback (most recent call last):
  File "/usr/local/lib/python3.12/site-packages/discord/client.py", line 465, in _run_event
    await coro(*args, **kwargs)
  File "/app/asu_discord/cogs/analytics.py", line 652, in on_member_update
    before_timeout = before.timed_out_until
                     ^^^^^^^^^^^^^^^^^^^^^^
AttributeError: 'Member' object has no attribute 'timed_out_until'
Ignoring exception in on_member_update
Traceback (most recent call last):
  File "/usr/local/lib/python3.12/site-packages/discord/client.py", line 465, in _run_event
    await coro(*args, **kwargs)
  File "/app/asu_discord/cogs/analytics.py", line 652, in on_member_update
    before_timeout = before.timed_out_until
                     ^^^^^^^^^^^^^^^^^^^^^^
AttributeError: 'Member' object has no attribute 'timed_out_until'
Ignoring exception in on_member_update
Traceback (most recent call last):
  File "/usr/local/lib/python3.12/site-packages/discord/client.py", line 465, in _run_event
    await coro(*args, **kwargs)
  File "/app/asu_discord/cogs/analytics.py", line 652, in on_member_update
    before_timeout = before.timed_out_until
                     ^^^^^^^^^^^^^^^^^^^^^^
AttributeError: 'Member' object has no attribute 'timed_out_until'
Ignoring exception in on_member_update
Traceback (most recent call last):
  File "/usr/local/lib/python3.12/site-packages/discord/client.py", line 465, in _run_event
    await coro(*args, **kwargs)
  File "/app/asu_discord/cogs/analytics.py", line 652, in on_member_update
    before_timeout = before.timed_out_until
                     ^^^^^^^^^^^^^^^^^^^^^^
AttributeError: 'Member' object has no attribute 'timed_out_until'
Ignoring exception in on_member_update
Traceback (most recent call last):
  File "/usr/local/lib/python3.12/site-packages/discord/client.py", line 465, in _run_event
    await coro(*args, **kwargs)
  File "/app/asu_discord/cogs/analytics.py", line 652, in on_member_update
    before_timeout = before.timed_out_until
                     ^^^^^^^^^^^^^^^^^^^^^^
AttributeError: 'Member' object has no attribute 'timed_out_until'
Ignoring exception in on_member_update
Traceback (most recent call last):
  File "/usr/local/lib/python3.12/site-packages/discord/client.py", line 465, in _run_event
    await coro(*args, **kwargs)
  File "/app/asu_discord/cogs/analytics.py", line 652, in on_member_update
    before_timeout = before.timed_out_until
                     ^^^^^^^^^^^^^^^^^^^^^^
AttributeError: 'Member' object has no attribute 'timed_out_until'
Ignoring exception in on_member_update
Traceback (most recent call last):
  File "/usr/local/lib/python3.12/site-packages/discord/client.py", line 465, in _run_event
    await coro(*args, **kwargs)
  File "/app/asu_discord/cogs/analytics.py", line 652, in on_member_update
    before_timeout = before.timed_out_until
                     ^^^^^^^^^^^^^^^^^^^^^^
AttributeError: 'Member' object has no attribute 'timed_out_until'
Ignoring exception in on_member_update
Traceback (most recent call last):
  File "/usr/local/lib/python3.12/site-packages/discord/client.py", line 465, in _run_event
    await coro(*args, **kwargs)
  File "/app/asu_discord/cogs/analytics.py", line 652, in on_member_update
    before_timeout = before.timed_out_until
                     ^^^^^^^^^^^^^^^^^^^^^^
AttributeError: 'Member' object has no attribute 'timed_out_until'
INFO:asu_discord.cogs.verification:Saved 5 roles to database for user smaurya8 (Discord ID: 1465972423911538720)
INFO:asu_discord.cogs.verification:Refreshed Salesforce roles for Discord user 1465972423911538720: -5/+5 roles, assigned=[Commited, Graduate Student, International Student, Ira A. Fulton Schools of Engineering, Tempe]
INFO:asu_discord.cogs.verification:Refreshed Salesforce roles for Discord user 1013651823170691122: -0/+0 roles, assigned=[none]
Ignoring exception in on_member_update
Traceback (most recent call last):
  File "/usr/local/lib/python3.12/site-packages/discord/client.py", line 465, in _run_event
    await coro(*args, **kwargs)
  File "/app/asu_discord/cogs/analytics.py", line 652, in on_member_update
    before_timeout = before.timed_out_until
                     ^^^^^^^^^^^^^^^^^^^^^^
AttributeError: 'Member' object has no attribute 'timed_out_until'
Ignoring exception in on_member_update
Traceback (most recent call last):
  File "/usr/local/lib/python3.12/site-packages/discord/client.py", line 465, in _run_event
    await coro(*args, **kwargs)
  File "/app/asu_discord/cogs/analytics.py", line 652, in on_member_update
    before_timeout = before.timed_out_until
                     ^^^^^^^^^^^^^^^^^^^^^^
AttributeError: 'Member' object has no attribute 'timed_out_until'
Ignoring exception in on_member_update
Traceback (most recent call last):
  File "/usr/local/lib/python3.12/site-packages/discord/client.py", line 465, in _run_event
    await coro(*args, **kwargs)
  File "/app/asu_discord/cogs/analytics.py", line 652, in on_member_update
    before_timeout = before.timed_out_until
                     ^^^^^^^^^^^^^^^^^^^^^^
AttributeError: 'Member' object has no attribute 'timed_out_until'
Ignoring exception in on_member_update
Traceback (most recent call last):
  File "/usr/local/lib/python3.12/site-packages/discord/client.py", line 465, in _run_event
    await coro(*args, **kwargs)
  File "/app/asu_discord/cogs/analytics.py", line 652, in on_member_update
    before_timeout = before.timed_out_until
                     ^^^^^^^^^^^^^^^^^^^^^^
AttributeError: 'Member' object has no attribute 'timed_out_until'
Ignoring exception in on_member_update
Traceback (most recent call last):
  File "/usr/local/lib/python3.12/site-packages/discord/client.py", line 465, in _run_event
    await coro(*args, **kwargs)
  File "/app/asu_discord/cogs/analytics.py", line 652, in on_member_update
    before_timeout = before.timed_out_until
                     ^^^^^^^^^^^^^^^^^^^^^^
AttributeError: 'Member' object has no attribute 'timed_out_until'
Ignoring exception in on_member_update
Traceback (most recent call last):
  File "/usr/local/lib/python3.12/site-packages/discord/client.py", line 465, in _run_event
    await coro(*args, **kwargs)
  File "/app/asu_discord/cogs/analytics.py", line 652, in on_member_update
    before_timeout = before.timed_out_until
                     ^^^^^^^^^^^^^^^^^^^^^^
AttributeError: 'Member' object has no attribute 'timed_out_until'
Ignoring exception in on_member_update
Traceback (most recent call last):
  File "/usr/local/lib/python3.12/site-packages/discord/client.py", line 465, in _run_event
    await coro(*args, **kwargs)
  File "/app/asu_discord/cogs/analytics.py", line 652, in on_member_update
    before_timeout = before.timed_out_until
                     ^^^^^^^^^^^^^^^^^^^^^^
AttributeError: 'Member' object has no attribute 'timed_out_until'
Ignoring exception in on_member_update
Traceback (most recent call last):
  File "/usr/local/lib/python3.12/site-packages/discord/client.py", line 465, in _run_event
    await coro(*args, **kwargs)
  File "/app/asu_discord/cogs/analytics.py", line 652, in on_member_update
    before_timeout = before.timed_out_until
                     ^^^^^^^^^^^^^^^^^^^^^^
AttributeError: 'Member' object has no attribute 'timed_out_until'
Ignoring exception in on_member_update
Traceback (most recent call last):
  File "/usr/local/lib/python3.12/site-packages/discord/client.py", line 465, in _run_event
    await coro(*args, **kwargs)
  File "/app/asu_discord/cogs/analytics.py", line 652, in on_member_update
    before_timeout = before.timed_out_until
                     ^^^^^^^^^^^^^^^^^^^^^^
AttributeError: 'Member' object has no attribute 'timed_out_until'
Ignoring exception in on_member_update
Traceback (most recent call last):
  File "/usr/local/lib/python3.12/site-packages/discord/client.py", line 465, in _run_event
    await coro(*args, **kwargs)
  File "/app/asu_discord/cogs/analytics.py", line 652, in on_member_update
    before_timeout = before.timed_out_until
                     ^^^^^^^^^^^^^^^^^^^^^^
AttributeError: 'Member' object has no attribute 'timed_out_until'
Ignoring exception in on_member_update
Traceback (most recent call last):
  File "/usr/local/lib/python3.12/site-packages/discord/client.py", line 465, in _run_event
    await coro(*args, **kwargs)
  File "/app/asu_discord/cogs/analytics.py", line 652, in on_member_update
    before_timeout = before.timed_out_until
                     ^^^^^^^^^^^^^^^^^^^^^^
AttributeError: 'Member' object has no attribute 'timed_out_until'
INFO:asu_discord.cogs.verification:Saved 6 roles to database for user bamini13 (Discord ID: 721833936514449478)
INFO:asu_discord.cogs.verification:Refreshed Salesforce roles for Discord user 721833936514449478: -5/+6 roles, assigned=[Arizona Resident, Commited, First Generation Student, First Year, Tempe, W.P. Carey School of Business]
ERROR:cron.jobs:refresh_salesforce_roles: failed for dkaushi7 (Discord ID 831624574206476318): Failed to refresh Salesforce-based roles: Discord user 831624574206476318 is not a member of the guild
Ignoring exception in on_member_update
Traceback (most recent call last):
  File "/usr/local/lib/python3.12/site-packages/discord/client.py", line 465, in _run_event
    await coro(*args, **kwargs)
  File "/app/asu_discord/cogs/analytics.py", line 652, in on_member_update
    before_timeout = before.timed_out_until
                     ^^^^^^^^^^^^^^^^^^^^^^
AttributeError: 'Member' object has no attribute 'timed_out_until'
Ignoring exception in on_member_update
Traceback (most recent call last):
  File "/usr/local/lib/python3.12/site-packages/discord/client.py", line 465, in _run_event
    await coro(*args, **kwargs)
  File "/app/asu_discord/cogs/analytics.py", line 652, in on_member_update
    before_timeout = before.timed_out_until
                     ^^^^^^^^^^^^^^^^^^^^^^
AttributeError: 'Member' object has no attribute 'timed_out_until'
Ignoring exception in on_member_update
Traceback (most recent call last):
  File "/usr/local/lib/python3.12/site-packages/discord/client.py", line 465, in _run_event
    await coro(*args, **kwargs)
  File "/app/asu_discord/cogs/analytics.py", line 652, in on_member_update
    before_timeout = before.timed_out_until
                     ^^^^^^^^^^^^^^^^^^^^^^
AttributeError: 'Member' object has no attribute 'timed_out_until'
Ignoring exception in on_member_update
Traceback (most recent call last):
  File "/usr/local/lib/python3.12/site-packages/discord/client.py", line 465, in _run_event
    await coro(*args, **kwargs)
  File "/app/asu_discord/cogs/analytics.py", line 652, in on_member_update
    before_timeout = before.timed_out_until
                     ^^^^^^^^^^^^^^^^^^^^^^
AttributeError: 'Member' object has no attribute 'timed_out_until'
Ignoring exception in on_member_update
Traceback (most recent call last):
  File "/usr/local/lib/python3.12/site-packages/discord/client.py", line 465, in _run_event
    await coro(*args, **kwargs)
  File "/app/asu_discord/cogs/analytics.py", line 652, in on_member_update
    before_timeout = before.timed_out_until
                     ^^^^^^^^^^^^^^^^^^^^^^
AttributeError: 'Member' object has no attribute 'timed_out_until'
Ignoring exception in on_member_update
Traceback (most recent call last):
  File "/usr/local/lib/python3.12/site-packages/discord/client.py", line 465, in _run_event
    await coro(*args, **kwargs)
  File "/app/asu_discord/cogs/analytics.py", line 652, in on_member_update
    before_timeout = before.timed_out_until
                     ^^^^^^^^^^^^^^^^^^^^^^
AttributeError: 'Member' object has no attribute 'timed_out_until'
Ignoring exception in on_member_update
Traceback (most recent call last):
  File "/usr/local/lib/python3.12/site-packages/discord/client.py", line 465, in _run_event
    await coro(*args, **kwargs)
  File "/app/asu_discord/cogs/analytics.py", line 652, in on_member_update
    before_timeout = before.timed_out_until
                     ^^^^^^^^^^^^^^^^^^^^^^
AttributeError: 'Member' object has no attribute 'timed_out_until'
Ignoring exception in on_member_update
Traceback (most recent call last):
  File "/usr/local/lib/python3.12/site-packages/discord/client.py", line 465, in _run_event
    await coro(*args, **kwargs)
  File "/app/asu_discord/cogs/analytics.py", line 652, in on_member_update
    before_timeout = before.timed_out_until
                     ^^^^^^^^^^^^^^^^^^^^^^
AttributeError: 'Member' object has no attribute 'timed_out_until'
Ignoring exception in on_member_update
Traceback (most recent call last):
  File "/usr/local/lib/python3.12/site-packages/discord/client.py", line 465, in _run_event
    await coro(*args, **kwargs)
  File "/app/asu_discord/cogs/analytics.py", line 652, in on_member_update
    before_timeout = before.timed_out_until
                     ^^^^^^^^^^^^^^^^^^^^^^
AttributeError: 'Member' object has no attribute 'timed_out_until'
Ignoring exception in on_member_update
Traceback (most recent call last):
  File "/usr/local/lib/python3.12/site-packages/discord/client.py", line 465, in _run_event
    await coro(*args, **kwargs)
  File "/app/asu_discord/cogs/analytics.py", line 652, in on_member_update
    before_timeout = before.timed_out_until
                     ^^^^^^^^^^^^^^^^^^^^^^
AttributeError: 'Member' object has no attribute 'timed_out_until'
INFO:asu_discord.cogs.verification:Saved 5 roles to database for user rgutie70 (Discord ID: 948388678554775612)
INFO:asu_discord.cogs.verification:Refreshed Salesforce roles for Discord user 948388678554775612: -5/+5 roles, assigned=[Arizona Resident, First Generation Student, First Year, Ira A. Fulton Schools of Engineering, Tempe]
Ignoring exception in on_member_update
Traceback (most recent call last):
  File "/usr/local/lib/python3.12/site-packages/discord/client.py", line 465, in _run_event
    await coro(*args, **kwargs)
  File "/app/asu_discord/cogs/analytics.py", line 652, in on_member_update
    before_timeout = before.timed_out_until
                     ^^^^^^^^^^^^^^^^^^^^^^
AttributeError: 'Member' object has no attribute 'timed_out_until'
Ignoring exception in on_member_update
Traceback (most recent call last):
  File "/usr/local/lib/python3.12/site-packages/discord/client.py", line 465, in _run_event
    await coro(*args, **kwargs)
  File "/app/asu_discord/cogs/analytics.py", line 652, in on_member_update
    before_timeout = before.timed_out_until
                     ^^^^^^^^^^^^^^^^^^^^^^
AttributeError: 'Member' object has no attribute 'timed_out_until'
INFO:asu_discord.cogs.verification:Saved 1 roles to database for user krmcnea1 (Discord ID: 1466799865190154320)
INFO:asu_discord.cogs.verification:Refreshed Salesforce roles for Discord user 1466799865190154320: -1/+1 roles, assigned=[Out of State]
ERROR:cron.jobs:refresh_salesforce_roles: failed for adawood5 (Discord ID 626796290550005760): Failed to refresh Salesforce-based roles: Discord user 626796290550005760 is not a member of the guild
Ignoring exception in on_member_update
Traceback (most recent call last):
  File "/usr/local/lib/python3.12/site-packages/discord/client.py", line 465, in _run_event
    await coro(*args, **kwargs)
  File "/app/asu_discord/cogs/analytics.py", line 652, in on_member_update
    before_timeout = before.timed_out_until
                     ^^^^^^^^^^^^^^^^^^^^^^
AttributeError: 'Member' object has no attribute 'timed_out_until'
Ignoring exception in on_member_update
Traceback (most recent call last):
  File "/usr/local/lib/python3.12/site-packages/discord/client.py", line 465, in _run_event
    await coro(*args, **kwargs)
  File "/app/asu_discord/cogs/analytics.py", line 652, in on_member_update
    before_timeout = before.timed_out_until
                     ^^^^^^^^^^^^^^^^^^^^^^
AttributeError: 'Member' object has no attribute 'timed_out_until'
Ignoring exception in on_member_update
Traceback (most recent call last):
  File "/usr/local/lib/python3.12/site-packages/discord/client.py", line 465, in _run_event
    await coro(*args, **kwargs)
  File "/app/asu_discord/cogs/analytics.py", line 652, in on_member_update
    before_timeout = before.timed_out_until
                     ^^^^^^^^^^^^^^^^^^^^^^
AttributeError: 'Member' object has no attribute 'timed_out_until'
Ignoring exception in on_member_update
Traceback (most recent call last):
  File "/usr/local/lib/python3.12/site-packages/discord/client.py", line 465, in _run_event
    await coro(*args, **kwargs)
  File "/app/asu_discord/cogs/analytics.py", line 652, in on_member_update
    before_timeout = before.timed_out_until
                     ^^^^^^^^^^^^^^^^^^^^^^
AttributeError: 'Member' object has no attribute 'timed_out_until'
Ignoring exception in on_member_update
Traceback (most recent call last):
  File "/usr/local/lib/python3.12/site-packages/discord/client.py", line 465, in _run_event
    await coro(*args, **kwargs)
  File "/app/asu_discord/cogs/analytics.py", line 652, in on_member_update
    before_timeout = before.timed_out_until
                     ^^^^^^^^^^^^^^^^^^^^^^
AttributeError: 'Member' object has no attribute 'timed_out_until'
Ignoring exception in on_member_update
Traceback (most recent call last):
  File "/usr/local/lib/python3.12/site-packages/discord/client.py", line 465, in _run_event
    await coro(*args, **kwargs)
  File "/app/asu_discord/cogs/analytics.py", line 652, in on_member_update
    before_timeout = before.timed_out_until
                     ^^^^^^^^^^^^^^^^^^^^^^
AttributeError: 'Member' object has no attribute 'timed_out_until'
Ignoring exception in on_member_update
Traceback (most recent call last):
  File "/usr/local/lib/python3.12/site-packages/discord/client.py", line 465, in _run_event
    await coro(*args, **kwargs)
  File "/app/asu_discord/cogs/analytics.py", line 652, in on_member_update
    before_timeout = before.timed_out_until
                     ^^^^^^^^^^^^^^^^^^^^^^
AttributeError: 'Member' object has no attribute 'timed_out_until'
Ignoring exception in on_member_update
Traceback (most recent call last):
  File "/usr/local/lib/python3.12/site-packages/discord/client.py", line 465, in _run_event
    await coro(*args, **kwargs)
  File "/app/asu_discord/cogs/analytics.py", line 652, in on_member_update
    before_timeout = before.timed_out_until
                     ^^^^^^^^^^^^^^^^^^^^^^
AttributeError: 'Member' object has no attribute 'timed_out_until'
Ignoring exception in on_member_update
Traceback (most recent call last):
  File "/usr/local/lib/python3.12/site-packages/discord/client.py", line 465, in _run_event
    await coro(*args, **kwargs)
  File "/app/asu_discord/cogs/analytics.py", line 652, in on_member_update
    before_timeout = before.timed_out_until
                     ^^^^^^^^^^^^^^^^^^^^^^
AttributeError: 'Member' object has no attribute 'timed_out_until'
INFO:asu_discord.cogs.verification:Saved 5 roles to database for user mbhowar5 (Discord ID: 1028016674475098115)
INFO:asu_discord.cogs.verification:Refreshed Salesforce roles for Discord user 1028016674475098115: -5/+4 roles, assigned=[Commited, Out of State, Tempe, Transfer Student, W.P. Carey School of Business]
ERROR:cron.jobs:refresh_salesforce_roles: failed for cnicoles (Discord ID 1231059675110314096): Failed to refresh Salesforce-based roles: Discord user 1231059675110314096 is not a member of the guild
Ignoring exception in on_member_update
Traceback (most recent call last):
  File "/usr/local/lib/python3.12/site-packages/discord/client.py", line 465, in _run_event
    await coro(*args, **kwargs)
  File "/app/asu_discord/cogs/analytics.py", line 652, in on_member_update
    before_timeout = before.timed_out_until
                     ^^^^^^^^^^^^^^^^^^^^^^
AttributeError: 'Member' object has no attribute 'timed_out_until'
Ignoring exception in on_member_update
Traceback (most recent call last):
  File "/usr/local/lib/python3.12/site-packages/discord/client.py", line 465, in _run_event
    await coro(*args, **kwargs)
  File "/app/asu_discord/cogs/analytics.py", line 652, in on_member_update
    before_timeout = before.timed_out_until
                     ^^^^^^^^^^^^^^^^^^^^^^
AttributeError: 'Member' object has no attribute 'timed_out_until'
Ignoring exception in on_member_update
Traceback (most recent call last):
  File "/usr/local/lib/python3.12/site-packages/discord/client.py", line 465, in _run_event
    await coro(*args, **kwargs)
  File "/app/asu_discord/cogs/analytics.py", line 652, in on_member_update
    before_timeout = before.timed_out_until
                     ^^^^^^^^^^^^^^^^^^^^^^
AttributeError: 'Member' object has no attribute 'timed_out_until'
Ignoring exception in on_member_update
Traceback (most recent call last):
  File "/usr/local/lib/python3.12/site-packages/discord/client.py", line 465, in _run_event
    await coro(*args, **kwargs)
  File "/app/asu_discord/cogs/analytics.py", line 652, in on_member_update
    before_timeout = before.timed_out_until
                     ^^^^^^^^^^^^^^^^^^^^^^
AttributeError: 'Member' object has no attribute 'timed_out_until'
Ignoring exception in on_member_update
Traceback (most recent call last):
  File "/usr/local/lib/python3.12/site-packages/discord/client.py", line 465, in _run_event
    await coro(*args, **kwargs)
  File "/app/asu_discord/cogs/analytics.py", line 652, in on_member_update
    before_timeout = before.timed_out_until
                     ^^^^^^^^^^^^^^^^^^^^^^
AttributeError: 'Member' object has no attribute 'timed_out_until'
Ignoring exception in on_member_update
Traceback (most recent call last):
  File "/usr/local/lib/python3.12/site-packages/discord/client.py", line 465, in _run_event
    await coro(*args, **kwargs)
  File "/app/asu_discord/cogs/analytics.py", line 652, in on_member_update
    before_timeout = before.timed_out_until
                     ^^^^^^^^^^^^^^^^^^^^^^
AttributeError: 'Member' object has no attribute 'timed_out_until'
Ignoring exception in on_member_update
Traceback (most recent call last):
  File "/usr/local/lib/python3.12/site-packages/discord/client.py", line 465, in _run_event
    await coro(*args, **kwargs)
  File "/app/asu_discord/cogs/analytics.py", line 652, in on_member_update
    before_timeout = before.timed_out_until
                     ^^^^^^^^^^^^^^^^^^^^^^
AttributeError: 'Member' object has no attribute 'timed_out_until'
Ignoring exception in on_member_update
Traceback (most recent call last):
  File "/usr/local/lib/python3.12/site-packages/discord/client.py", line 465, in _run_event
    await coro(*args, **kwargs)
  File "/app/asu_discord/cogs/analytics.py", line 652, in on_member_update
    before_timeout = before.timed_out_until
                     ^^^^^^^^^^^^^^^^^^^^^^
AttributeError: 'Member' object has no attribute 'timed_out_until'
Ignoring exception in on_member_update
Traceback (most recent call last):
  File "/usr/local/lib/python3.12/site-packages/discord/client.py", line 465, in _run_event
    await coro(*args, **kwargs)
  File "/app/asu_discord/cogs/analytics.py", line 652, in on_member_update
    before_timeout = before.timed_out_until
                     ^^^^^^^^^^^^^^^^^^^^^^
AttributeError: 'Member' object has no attribute 'timed_out_until'
Ignoring exception in on_member_update
Traceback (most recent call last):
  File "/usr/local/lib/python3.12/site-packages/discord/client.py", line 465, in _run_event
    await coro(*args, **kwargs)
  File "/app/asu_discord/cogs/analytics.py", line 652, in on_member_update
    before_timeout = before.timed_out_until
                     ^^^^^^^^^^^^^^^^^^^^^^
AttributeError: 'Member' object has no attribute 'timed_out_until'
INFO:asu_discord.cogs.verification:Saved 5 roles to database for user ralba12 (Discord ID: 592848576237928452)
INFO:asu_discord.cogs.verification:Refreshed Salesforce roles for Discord user 592848576237928452: -5/+5 roles, assigned=[Commited, Downtown Phoenix, Edson College of Nursing and Health Innovation, First Year, Out of State]
ERROR:cron.jobs:refresh_salesforce_roles: failed for akalusan (Discord ID 679431251345670144): Failed to refresh Salesforce-based roles: Discord user 679431251345670144 is not a member of the guild
ERROR:cron.jobs:refresh_salesforce_roles: failed for lrich124 (Discord ID 1466898917600923843): Failed to refresh Salesforce-based roles: Discord user 1466898917600923843 is not a member of the guild
ERROR:cron.jobs:refresh_salesforce_roles: failed for rreddin (Discord ID 1333977382574489652): Failed to refresh Salesforce-based roles: Discord user 1333977382574489652 is not a member of the guild
Ignoring exception in on_member_update
Traceback (most recent call last):
  File "/usr/local/lib/python3.12/site-packages/discord/client.py", line 465, in _run_event
    await coro(*args, **kwargs)
  File "/app/asu_discord/cogs/analytics.py", line 652, in on_member_update
    before_timeout = before.timed_out_until
                     ^^^^^^^^^^^^^^^^^^^^^^
AttributeError: 'Member' object has no attribute 'timed_out_until'
Ignoring exception in on_member_update
Traceback (most recent call last):
  File "/usr/local/lib/python3.12/site-packages/discord/client.py", line 465, in _run_event
    await coro(*args, **kwargs)
  File "/app/asu_discord/cogs/analytics.py", line 652, in on_member_update
    before_timeout = before.timed_out_until
                     ^^^^^^^^^^^^^^^^^^^^^^
AttributeError: 'Member' object has no attribute 'timed_out_until'
Ignoring exception in on_member_update
Traceback (most recent call last):
  File "/usr/local/lib/python3.12/site-packages/discord/client.py", line 465, in _run_event
    await coro(*args, **kwargs)
  File "/app/asu_discord/cogs/analytics.py", line 652, in on_member_update
    before_timeout = before.timed_out_until
                     ^^^^^^^^^^^^^^^^^^^^^^
AttributeError: 'Member' object has no attribute 'timed_out_until'
Ignoring exception in on_member_update
Traceback (most recent call last):
  File "/usr/local/lib/python3.12/site-packages/discord/client.py", line 465, in _run_event
    await coro(*args, **kwargs)
  File "/app/asu_discord/cogs/analytics.py", line 652, in on_member_update
    before_timeout = before.timed_out_until
                     ^^^^^^^^^^^^^^^^^^^^^^
AttributeError: 'Member' object has no attribute 'timed_out_until'
Ignoring exception in on_member_update
Traceback (most recent call last):
  File "/usr/local/lib/python3.12/site-packages/discord/client.py", line 465, in _run_event
    await coro(*args, **kwargs)
  File "/app/asu_discord/cogs/analytics.py", line 652, in on_member_update
    before_timeout = before.timed_out_until
                     ^^^^^^^^^^^^^^^^^^^^^^
AttributeError: 'Member' object has no attribute 'timed_out_until'
Ignoring exception in on_member_update
Traceback (most recent call last):
  File "/usr/local/lib/python3.12/site-packages/discord/client.py", line 465, in _run_event
    await coro(*args, **kwargs)
  File "/app/asu_discord/cogs/analytics.py", line 652, in on_member_update
    before_timeout = before.timed_out_until
                     ^^^^^^^^^^^^^^^^^^^^^^
AttributeError: 'Member' object has no attribute 'timed_out_until'
Ignoring exception in on_member_update
Traceback (most recent call last):
  File "/usr/local/lib/python3.12/site-packages/discord/client.py", line 465, in _run_event
    await coro(*args, **kwargs)
  File "/app/asu_discord/cogs/analytics.py", line 652, in on_member_update
    before_timeout = before.timed_out_until
                     ^^^^^^^^^^^^^^^^^^^^^^
AttributeError: 'Member' object has no attribute 'timed_out_until'
Ignoring exception in on_member_update
Traceback (most recent call last):
  File "/usr/local/lib/python3.12/site-packages/discord/client.py", line 465, in _run_event
    await coro(*args, **kwargs)
  File "/app/asu_discord/cogs/analytics.py", line 652, in on_member_update
    before_timeout = before.timed_out_until
                     ^^^^^^^^^^^^^^^^^^^^^^
AttributeError: 'Member' object has no attribute 'timed_out_until'
Ignoring exception in on_member_update
Traceback (most recent call last):
  File "/usr/local/lib/python3.12/site-packages/discord/client.py", line 465, in _run_event
    await coro(*args, **kwargs)
  File "/app/asu_discord/cogs/analytics.py", line 652, in on_member_update
    before_timeout = before.timed_out_until
                     ^^^^^^^^^^^^^^^^^^^^^^
AttributeError: 'Member' object has no attribute 'timed_out_until'
Ignoring exception in on_member_update
Traceback (most recent call last):
  File "/usr/local/lib/python3.12/site-packages/discord/client.py", line 465, in _run_event
    await coro(*args, **kwargs)
  File "/app/asu_discord/cogs/analytics.py", line 652, in on_member_update
    before_timeout = before.timed_out_until
                     ^^^^^^^^^^^^^^^^^^^^^^
AttributeError: 'Member' object has no attribute 'timed_out_until'
INFO:asu_discord.cogs.verification:Saved 5 roles to database for user ysulee (Discord ID: 853712604551053333)
INFO:asu_discord.cogs.verification:Refreshed Salesforce roles for Discord user 853712604551053333: -5/+5 roles, assigned=[Commited, First Year, International Student, Ira A. Fulton Schools of Engineering, Tempe]
Ignoring exception in on_member_update
Traceback (most recent call last):
  File "/usr/local/lib/python3.12/site-packages/discord/client.py", line 465, in _run_event
    await coro(*args, **kwargs)
  File "/app/asu_discord/cogs/analytics.py", line 652, in on_member_update
    before_timeout = before.timed_out_until
                     ^^^^^^^^^^^^^^^^^^^^^^
AttributeError: 'Member' object has no attribute 'timed_out_until'
INFO:asu_discord.cogs.verification:Saved 1 roles to database for user agodha1 (Discord ID: 1483620819010719874)
INFO:asu_discord.cogs.verification:Refreshed Salesforce roles for Discord user 1483620819010719874: -0/+1 roles, assigned=[Out of State]
Ignoring exception in on_member_update
Traceback (most recent call last):
  File "/usr/local/lib/python3.12/site-packages/discord/client.py", line 465, in _run_event
    await coro(*args, **kwargs)
  File "/app/asu_discord/cogs/analytics.py", line 652, in on_member_update
    before_timeout = before.timed_out_until
                     ^^^^^^^^^^^^^^^^^^^^^^
AttributeError: 'Member' object has no attribute 'timed_out_until'
Ignoring exception in on_member_update
Traceback (most recent call last):
  File "/usr/local/lib/python3.12/site-packages/discord/client.py", line 465, in _run_event
    await coro(*args, **kwargs)
  File "/app/asu_discord/cogs/analytics.py", line 652, in on_member_update
    before_timeout = before.timed_out_until
                     ^^^^^^^^^^^^^^^^^^^^^^
AttributeError: 'Member' object has no attribute 'timed_out_until'
Ignoring exception in on_member_update
Traceback (most recent call last):
  File "/usr/local/lib/python3.12/site-packages/discord/client.py", line 465, in _run_event
    await coro(*args, **kwargs)
  File "/app/asu_discord/cogs/analytics.py", line 652, in on_member_update
    before_timeout = before.timed_out_until
                     ^^^^^^^^^^^^^^^^^^^^^^
AttributeError: 'Member' object has no attribute 'timed_out_until'
Ignoring exception in on_member_update
Traceback (most recent call last):
  File "/usr/local/lib/python3.12/site-packages/discord/client.py", line 465, in _run_event
    await coro(*args, **kwargs)
  File "/app/asu_discord/cogs/analytics.py", line 652, in on_member_update
    before_timeout = before.timed_out_until
                     ^^^^^^^^^^^^^^^^^^^^^^
AttributeError: 'Member' object has no attribute 'timed_out_until'
Ignoring exception in on_member_update
Traceback (most recent call last):
  File "/usr/local/lib/python3.12/site-packages/discord/client.py", line 465, in _run_event
    await coro(*args, **kwargs)
  File "/app/asu_discord/cogs/analytics.py", line 652, in on_member_update
    before_timeout = before.timed_out_until
                     ^^^^^^^^^^^^^^^^^^^^^^
AttributeError: 'Member' object has no attribute 'timed_out_until'
Ignoring exception in on_member_update
Traceback (most recent call last):
  File "/usr/local/lib/python3.12/site-packages/discord/client.py", line 465, in _run_event
    await coro(*args, **kwargs)
  File "/app/asu_discord/cogs/analytics.py", line 652, in on_member_update
    before_timeout = before.timed_out_until
                     ^^^^^^^^^^^^^^^^^^^^^^
AttributeError: 'Member' object has no attribute 'timed_out_until'
Ignoring exception in on_member_update
Traceback (most recent call last):
  File "/usr/local/lib/python3.12/site-packages/discord/client.py", line 465, in _run_event
    await coro(*args, **kwargs)
  File "/app/asu_discord/cogs/analytics.py", line 652, in on_member_update
    before_timeout = before.timed_out_until
                     ^^^^^^^^^^^^^^^^^^^^^^
AttributeError: 'Member' object has no attribute 'timed_out_until'
Ignoring exception in on_member_update
Traceback (most recent call last):
  File "/usr/local/lib/python3.12/site-packages/discord/client.py", line 465, in _run_event
    await coro(*args, **kwargs)
  File "/app/asu_discord/cogs/analytics.py", line 652, in on_member_update
    before_timeout = before.timed_out_until
                     ^^^^^^^^^^^^^^^^^^^^^^
AttributeError: 'Member' object has no attribute 'timed_out_until'
Ignoring exception in on_member_update
Traceback (most recent call last):
  File "/usr/local/lib/python3.12/site-packages/discord/client.py", line 465, in _run_event
    await coro(*args, **kwargs)
  File "/app/asu_discord/cogs/analytics.py", line 652, in on_member_update
    before_timeout = before.timed_out_until
                     ^^^^^^^^^^^^^^^^^^^^^^
AttributeError: 'Member' object has no attribute 'timed_out_until'
Ignoring exception in on_member_update
Traceback (most recent call last):
  File "/usr/local/lib/python3.12/site-packages/discord/client.py", line 465, in _run_event
    await coro(*args, **kwargs)
  File "/app/asu_discord/cogs/analytics.py", line 652, in on_member_update
    before_timeout = before.timed_out_until
                     ^^^^^^^^^^^^^^^^^^^^^^
AttributeError: 'Member' object has no attribute 'timed_out_until'
INFO:asu_discord.cogs.verification:Saved 5 roles to database for user lmprigge (Discord ID: 945122303363129375)
INFO:asu_discord.cogs.verification:Refreshed Salesforce roles for Discord user 945122303363129375: -5/+5 roles, assigned=[Commited, First Year, Ira A. Fulton Schools of Engineering, Out of State, Polytechnic]
ERROR:cron.jobs:refresh_salesforce_roles: failed for lmlouden (Discord ID 395699607985979421): Failed to refresh Salesforce-based roles: Discord user 395699607985979421 is not a member of the guild
Ignoring exception in on_member_update
Traceback (most recent call last):
  File "/usr/local/lib/python3.12/site-packages/discord/client.py", line 465, in _run_event
    await coro(*args, **kwargs)
  File "/app/asu_discord/cogs/analytics.py", line 652, in on_member_update
    before_timeout = before.timed_out_until
                     ^^^^^^^^^^^^^^^^^^^^^^
AttributeError: 'Member' object has no attribute 'timed_out_until'
Ignoring exception in on_member_update
Traceback (most recent call last):
  File "/usr/local/lib/python3.12/site-packages/discord/client.py", line 465, in _run_event
    await coro(*args, **kwargs)
  File "/app/asu_discord/cogs/analytics.py", line 652, in on_member_update
    before_timeout = before.timed_out_until
                     ^^^^^^^^^^^^^^^^^^^^^^
AttributeError: 'Member' object has no attribute 'timed_out_until'
Ignoring exception in on_member_update
Traceback (most recent call last):
  File "/usr/local/lib/python3.12/site-packages/discord/client.py", line 465, in _run_event
    await coro(*args, **kwargs)
  File "/app/asu_discord/cogs/analytics.py", line 652, in on_member_update
    before_timeout = before.timed_out_until
                     ^^^^^^^^^^^^^^^^^^^^^^
AttributeError: 'Member' object has no attribute 'timed_out_until'
Ignoring exception in on_member_update
Traceback (most recent call last):
  File "/usr/local/lib/python3.12/site-packages/discord/client.py", line 465, in _run_event
    await coro(*args, **kwargs)
  File "/app/asu_discord/cogs/analytics.py", line 652, in on_member_update
    before_timeout = before.timed_out_until
                     ^^^^^^^^^^^^^^^^^^^^^^
AttributeError: 'Member' object has no attribute 'timed_out_until'
Ignoring exception in on_member_update
Traceback (most recent call last):
  File "/usr/local/lib/python3.12/site-packages/discord/client.py", line 465, in _run_event
    await coro(*args, **kwargs)
  File "/app/asu_discord/cogs/analytics.py", line 652, in on_member_update
    before_timeout = before.timed_out_until
                     ^^^^^^^^^^^^^^^^^^^^^^
AttributeError: 'Member' object has no attribute 'timed_out_until'
Ignoring exception in on_member_update
Traceback (most recent call last):
  File "/usr/local/lib/python3.12/site-packages/discord/client.py", line 465, in _run_event
    await coro(*args, **kwargs)
  File "/app/asu_discord/cogs/analytics.py", line 652, in on_member_update
    before_timeout = before.timed_out_until
                     ^^^^^^^^^^^^^^^^^^^^^^
AttributeError: 'Member' object has no attribute 'timed_out_until'
Ignoring exception in on_member_update
Traceback (most recent call last):
  File "/usr/local/lib/python3.12/site-packages/discord/client.py", line 465, in _run_event
    await coro(*args, **kwargs)
  File "/app/asu_discord/cogs/analytics.py", line 652, in on_member_update
    before_timeout = before.timed_out_until
                     ^^^^^^^^^^^^^^^^^^^^^^
AttributeError: 'Member' object has no attribute 'timed_out_until'
Ignoring exception in on_member_update
Traceback (most recent call last):
  File "/usr/local/lib/python3.12/site-packages/discord/client.py", line 465, in _run_event
    await coro(*args, **kwargs)
  File "/app/asu_discord/cogs/analytics.py", line 652, in on_member_update
    before_timeout = before.timed_out_until
                     ^^^^^^^^^^^^^^^^^^^^^^
AttributeError: 'Member' object has no attribute 'timed_out_until'
INFO:asu_discord.cogs.verification:Saved 4 roles to database for user ybhagwa1 (Discord ID: 728302559042863215)
INFO:asu_discord.cogs.verification:Refreshed Salesforce roles for Discord user 728302559042863215: -4/+4 roles, assigned=[First Year, International Student, Ira A. Fulton Schools of Engineering, Tempe]
Ignoring exception in on_member_update
Traceback (most recent call last):
  File "/usr/local/lib/python3.12/site-packages/discord/client.py", line 465, in _run_event
    await coro(*args, **kwargs)
  File "/app/asu_discord/cogs/analytics.py", line 652, in on_member_update
    before_timeout = before.timed_out_until
                     ^^^^^^^^^^^^^^^^^^^^^^
AttributeError: 'Member' object has no attribute 'timed_out_until'
Ignoring exception in on_member_update
Traceback (most recent call last):
  File "/usr/local/lib/python3.12/site-packages/discord/client.py", line 465, in _run_event
    await coro(*args, **kwargs)
  File "/app/asu_discord/cogs/analytics.py", line 652, in on_member_update
    before_timeout = before.timed_out_until
                     ^^^^^^^^^^^^^^^^^^^^^^
AttributeError: 'Member' object has no attribute 'timed_out_until'
Ignoring exception in on_member_update
Traceback (most recent call last):
  File "/usr/local/lib/python3.12/site-packages/discord/client.py", line 465, in _run_event
    await coro(*args, **kwargs)
  File "/app/asu_discord/cogs/analytics.py", line 652, in on_member_update
    before_timeout = before.timed_out_until
                     ^^^^^^^^^^^^^^^^^^^^^^
AttributeError: 'Member' object has no attribute 'timed_out_until'
Ignoring exception in on_member_update
Traceback (most recent call last):
  File "/usr/local/lib/python3.12/site-packages/discord/client.py", line 465, in _run_event
    await coro(*args, **kwargs)
  File "/app/asu_discord/cogs/analytics.py", line 652, in on_member_update
    before_timeout = before.timed_out_until
                     ^^^^^^^^^^^^^^^^^^^^^^
AttributeError: 'Member' object has no attribute 'timed_out_until'
Ignoring exception in on_member_update
Traceback (most recent call last):
  File "/usr/local/lib/python3.12/site-packages/discord/client.py", line 465, in _run_event
    await coro(*args, **kwargs)
  File "/app/asu_discord/cogs/analytics.py", line 652, in on_member_update
    before_timeout = before.timed_out_until
                     ^^^^^^^^^^^^^^^^^^^^^^
AttributeError: 'Member' object has no attribute 'timed_out_until'
Ignoring exception in on_member_update
Traceback (most recent call last):
  File "/usr/local/lib/python3.12/site-packages/discord/client.py", line 465, in _run_event
    await coro(*args, **kwargs)
  File "/app/asu_discord/cogs/analytics.py", line 652, in on_member_update
    before_timeout = before.timed_out_until
                     ^^^^^^^^^^^^^^^^^^^^^^
AttributeError: 'Member' object has no attribute 'timed_out_until'
Ignoring exception in on_member_update
Traceback (most recent call last):
  File "/usr/local/lib/python3.12/site-packages/discord/client.py", line 465, in _run_event
    await coro(*args, **kwargs)
  File "/app/asu_discord/cogs/analytics.py", line 652, in on_member_update
    before_timeout = before.timed_out_until
                     ^^^^^^^^^^^^^^^^^^^^^^
AttributeError: 'Member' object has no attribute 'timed_out_until'
Ignoring exception in on_member_update
Traceback (most recent call last):
  File "/usr/local/lib/python3.12/site-packages/discord/client.py", line 465, in _run_event
    await coro(*args, **kwargs)
  File "/app/asu_discord/cogs/analytics.py", line 652, in on_member_update
    before_timeout = before.timed_out_until
                     ^^^^^^^^^^^^^^^^^^^^^^
AttributeError: 'Member' object has no attribute 'timed_out_until'
INFO:asu_discord.cogs.verification:Saved 4 roles to database for user rmalik27 (Discord ID: 801868241089200218)
INFO:asu_discord.cogs.verification:Refreshed Salesforce roles for Discord user 801868241089200218: -4/+4 roles, assigned=[Commited, Graduate Student, Ira A. Fulton Schools of Engineering, Tempe]
Ignoring exception in on_member_update
Traceback (most recent call last):
  File "/usr/local/lib/python3.12/site-packages/discord/client.py", line 465, in _run_event
    await coro(*args, **kwargs)
  File "/app/asu_discord/cogs/analytics.py", line 652, in on_member_update
    before_timeout = before.timed_out_until
                     ^^^^^^^^^^^^^^^^^^^^^^
AttributeError: 'Member' object has no attribute 'timed_out_until'
Ignoring exception in on_member_update
Traceback (most recent call last):
  File "/usr/local/lib/python3.12/site-packages/discord/client.py", line 465, in _run_event
    await coro(*args, **kwargs)
  File "/app/asu_discord/cogs/analytics.py", line 652, in on_member_update
    before_timeout = before.timed_out_until
                     ^^^^^^^^^^^^^^^^^^^^^^
AttributeError: 'Member' object has no attribute 'timed_out_until'
Ignoring exception in on_member_update
Traceback (most recent call last):
  File "/usr/local/lib/python3.12/site-packages/discord/client.py", line 465, in _run_event
    await coro(*args, **kwargs)
  File "/app/asu_discord/cogs/analytics.py", line 652, in on_member_update
    before_timeout = before.timed_out_until
                     ^^^^^^^^^^^^^^^^^^^^^^
AttributeError: 'Member' object has no attribute 'timed_out_until'
Ignoring exception in on_member_update
Traceback (most recent call last):
  File "/usr/local/lib/python3.12/site-packages/discord/client.py", line 465, in _run_event
    await coro(*args, **kwargs)
  File "/app/asu_discord/cogs/analytics.py", line 652, in on_member_update
    before_timeout = before.timed_out_until
                     ^^^^^^^^^^^^^^^^^^^^^^
AttributeError: 'Member' object has no attribute 'timed_out_until'
Ignoring exception in on_member_update
Traceback (most recent call last):
  File "/usr/local/lib/python3.12/site-packages/discord/client.py", line 465, in _run_event
    await coro(*args, **kwargs)
  File "/app/asu_discord/cogs/analytics.py", line 652, in on_member_update
    before_timeout = before.timed_out_until
                     ^^^^^^^^^^^^^^^^^^^^^^
AttributeError: 'Member' object has no attribute 'timed_out_until'
Ignoring exception in on_member_update
Traceback (most recent call last):
  File "/usr/local/lib/python3.12/site-packages/discord/client.py", line 465, in _run_event
    await coro(*args, **kwargs)
  File "/app/asu_discord/cogs/analytics.py", line 652, in on_member_update
    before_timeout = before.timed_out_until
                     ^^^^^^^^^^^^^^^^^^^^^^
AttributeError: 'Member' object has no attribute 'timed_out_until'
Ignoring exception in on_member_update
Traceback (most recent call last):
  File "/usr/local/lib/python3.12/site-packages/discord/client.py", line 465, in _run_event
    await coro(*args, **kwargs)
  File "/app/asu_discord/cogs/analytics.py", line 652, in on_member_update
    before_timeout = before.timed_out_until
                     ^^^^^^^^^^^^^^^^^^^^^^
AttributeError: 'Member' object has no attribute 'timed_out_until'
Ignoring exception in on_member_update
Traceback (most recent call last):
  File "/usr/local/lib/python3.12/site-packages/discord/client.py", line 465, in _run_event
    await coro(*args, **kwargs)
  File "/app/asu_discord/cogs/analytics.py", line 652, in on_member_update
    before_timeout = before.timed_out_until
                     ^^^^^^^^^^^^^^^^^^^^^^
AttributeError: 'Member' object has no attribute 'timed_out_until'
Ignoring exception in on_member_update
Traceback (most recent call last):
  File "/usr/local/lib/python3.12/site-packages/discord/client.py", line 465, in _run_event
    await coro(*args, **kwargs)
  File "/app/asu_discord/cogs/analytics.py", line 652, in on_member_update
    before_timeout = before.timed_out_until
                     ^^^^^^^^^^^^^^^^^^^^^^
AttributeError: 'Member' object has no attribute 'timed_out_until'
Ignoring exception in on_member_update
Traceback (most recent call last):
  File "/usr/local/lib/python3.12/site-packages/discord/client.py", line 465, in _run_event
    await coro(*args, **kwargs)
  File "/app/asu_discord/cogs/analytics.py", line 652, in on_member_update
    before_timeout = before.timed_out_until
                     ^^^^^^^^^^^^^^^^^^^^^^
AttributeError: 'Member' object has no attribute 'timed_out_until'
INFO:asu_discord.cogs.verification:Saved 5 roles to database for user akuma602 (Discord ID: 536583048825798670)
INFO:asu_discord.cogs.verification:Refreshed Salesforce roles for Discord user 536583048825798670: -5/+5 roles, assigned=[Commited, Graduate Student, International Student, Ira A. Fulton Schools of Engineering, Tempe]
Ignoring exception in on_member_update
Traceback (most recent call last):
  File "/usr/local/lib/python3.12/site-packages/discord/client.py", line 465, in _run_event
    await coro(*args, **kwargs)
  File "/app/asu_discord/cogs/analytics.py", line 652, in on_member_update
    before_timeout = before.timed_out_until
                     ^^^^^^^^^^^^^^^^^^^^^^
AttributeError: 'Member' object has no attribute 'timed_out_until'
Ignoring exception in on_member_update
Traceback (most recent call last):
  File "/usr/local/lib/python3.12/site-packages/discord/client.py", line 465, in _run_event
    await coro(*args, **kwargs)
  File "/app/asu_discord/cogs/analytics.py", line 652, in on_member_update
    before_timeout = before.timed_out_until
                     ^^^^^^^^^^^^^^^^^^^^^^
AttributeError: 'Member' object has no attribute 'timed_out_until'
Ignoring exception in on_member_update
Traceback (most recent call last):
  File "/usr/local/lib/python3.12/site-packages/discord/client.py", line 465, in _run_event
    await coro(*args, **kwargs)
  File "/app/asu_discord/cogs/analytics.py", line 652, in on_member_update
    before_timeout = before.timed_out_until
                     ^^^^^^^^^^^^^^^^^^^^^^
AttributeError: 'Member' object has no attribute 'timed_out_until'
Ignoring exception in on_member_update
Traceback (most recent call last):
  File "/usr/local/lib/python3.12/site-packages/discord/client.py", line 465, in _run_event
    await coro(*args, **kwargs)
  File "/app/asu_discord/cogs/analytics.py", line 652, in on_member_update
    before_timeout = before.timed_out_until
                     ^^^^^^^^^^^^^^^^^^^^^^
AttributeError: 'Member' object has no attribute 'timed_out_until'
Ignoring exception in on_member_update
Traceback (most recent call last):
  File "/usr/local/lib/python3.12/site-packages/discord/client.py", line 465, in _run_event
    await coro(*args, **kwargs)
  File "/app/asu_discord/cogs/analytics.py", line 652, in on_member_update
    before_timeout = before.timed_out_until
                     ^^^^^^^^^^^^^^^^^^^^^^
AttributeError: 'Member' object has no attribute 'timed_out_until'
Ignoring exception in on_member_update
Traceback (most recent call last):
  File "/usr/local/lib/python3.12/site-packages/discord/client.py", line 465, in _run_event
    await coro(*args, **kwargs)
  File "/app/asu_discord/cogs/analytics.py", line 652, in on_member_update
    before_timeout = before.timed_out_until
                     ^^^^^^^^^^^^^^^^^^^^^^
AttributeError: 'Member' object has no attribute 'timed_out_until'
INFO:asu_discord.cogs.verification:Saved 3 roles to database for user atearle (Discord ID: 820175186971721799)
INFO:asu_discord.cogs.verification:Refreshed Salesforce roles for Discord user 820175186971721799: -3/+3 roles, assigned=[Graduate Student, Ira A. Fulton Schools of Engineering, Tempe]
ERROR:cron.jobs:refresh_salesforce_roles: failed for mdolati1 (Discord ID 1395711415024619601): Failed to refresh Salesforce-based roles: Discord user 1395711415024619601 is not a member of the guild
Ignoring exception in on_member_update
Traceback (most recent call last):
  File "/usr/local/lib/python3.12/site-packages/discord/client.py", line 465, in _run_event
    await coro(*args, **kwargs)
  File "/app/asu_discord/cogs/analytics.py", line 652, in on_member_update
    before_timeout = before.timed_out_until
                     ^^^^^^^^^^^^^^^^^^^^^^
AttributeError: 'Member' object has no attribute 'timed_out_until'
Ignoring exception in on_member_update
Traceback (most recent call last):
  File "/usr/local/lib/python3.12/site-packages/discord/client.py", line 465, in _run_event
    await coro(*args, **kwargs)
  File "/app/asu_discord/cogs/analytics.py", line 652, in on_member_update
    before_timeout = before.timed_out_until
                     ^^^^^^^^^^^^^^^^^^^^^^
AttributeError: 'Member' object has no attribute 'timed_out_until'
Ignoring exception in on_member_update
Traceback (most recent call last):
  File "/usr/local/lib/python3.12/site-packages/discord/client.py", line 465, in _run_event
    await coro(*args, **kwargs)
  File "/app/asu_discord/cogs/analytics.py", line 652, in on_member_update
    before_timeout = before.timed_out_until
                     ^^^^^^^^^^^^^^^^^^^^^^
AttributeError: 'Member' object has no attribute 'timed_out_until'
Ignoring exception in on_member_update
Traceback (most recent call last):
  File "/usr/local/lib/python3.12/site-packages/discord/client.py", line 465, in _run_event
    await coro(*args, **kwargs)
  File "/app/asu_discord/cogs/analytics.py", line 652, in on_member_update
    before_timeout = before.timed_out_until
                     ^^^^^^^^^^^^^^^^^^^^^^
AttributeError: 'Member' object has no attribute 'timed_out_until'
Ignoring exception in on_member_update
Traceback (most recent call last):
  File "/usr/local/lib/python3.12/site-packages/discord/client.py", line 465, in _run_event
    await coro(*args, **kwargs)
  File "/app/asu_discord/cogs/analytics.py", line 652, in on_member_update
    before_timeout = before.timed_out_until
                     ^^^^^^^^^^^^^^^^^^^^^^
AttributeError: 'Member' object has no attribute 'timed_out_until'
Ignoring exception in on_member_update
Traceback (most recent call last):
  File "/usr/local/lib/python3.12/site-packages/discord/client.py", line 465, in _run_event
    await coro(*args, **kwargs)
  File "/app/asu_discord/cogs/analytics.py", line 652, in on_member_update
    before_timeout = before.timed_out_until
                     ^^^^^^^^^^^^^^^^^^^^^^
AttributeError: 'Member' object has no attribute 'timed_out_until'
Ignoring exception in on_member_update
Traceback (most recent call last):
  File "/usr/local/lib/python3.12/site-packages/discord/client.py", line 465, in _run_event
    await coro(*args, **kwargs)
  File "/app/asu_discord/cogs/analytics.py", line 652, in on_member_update
    before_timeout = before.timed_out_until
                     ^^^^^^^^^^^^^^^^^^^^^^
AttributeError: 'Member' object has no attribute 'timed_out_until'
Ignoring exception in on_member_update
Traceback (most recent call last):
  File "/usr/local/lib/python3.12/site-packages/discord/client.py", line 465, in _run_event
    await coro(*args, **kwargs)
  File "/app/asu_discord/cogs/analytics.py", line 652, in on_member_update
    before_timeout = before.timed_out_until
                     ^^^^^^^^^^^^^^^^^^^^^^
AttributeError: 'Member' object has no attribute 'timed_out_until'
Ignoring exception in on_member_update
Traceback (most recent call last):
  File "/usr/local/lib/python3.12/site-packages/discord/client.py", line 465, in _run_event
    await coro(*args, **kwargs)
  File "/app/asu_discord/cogs/analytics.py", line 652, in on_member_update
    before_timeout = before.timed_out_until
                     ^^^^^^^^^^^^^^^^^^^^^^
AttributeError: 'Member' object has no attribute 'timed_out_until'
Ignoring exception in on_member_update
Traceback (most recent call last):
  File "/usr/local/lib/python3.12/site-packages/discord/client.py", line 465, in _run_event
    await coro(*args, **kwargs)
  File "/app/asu_discord/cogs/analytics.py", line 652, in on_member_update
    before_timeout = before.timed_out_until
                     ^^^^^^^^^^^^^^^^^^^^^^
AttributeError: 'Member' object has no attribute 'timed_out_until'
INFO:asu_discord.cogs.verification:Saved 5 roles to database for user vranjan3 (Discord ID: 691225821733716001)
INFO:asu_discord.cogs.verification:Refreshed Salesforce roles for Discord user 691225821733716001: -5/+5 roles, assigned=[Commited, First Year, International Student, Ira A. Fulton Schools of Engineering, Polytechnic]
Ignoring exception in on_member_update
Traceback (most recent call last):
  File "/usr/local/lib/python3.12/site-packages/discord/client.py", line 465, in _run_event
    await coro(*args, **kwargs)
  File "/app/asu_discord/cogs/analytics.py", line 652, in on_member_update
    before_timeout = before.timed_out_until
                     ^^^^^^^^^^^^^^^^^^^^^^
AttributeError: 'Member' object has no attribute 'timed_out_until'
Ignoring exception in on_member_update
Traceback (most recent call last):
  File "/usr/local/lib/python3.12/site-packages/discord/client.py", line 465, in _run_event
    await coro(*args, **kwargs)
  File "/app/asu_discord/cogs/analytics.py", line 652, in on_member_update
    before_timeout = before.timed_out_until
                     ^^^^^^^^^^^^^^^^^^^^^^
AttributeError: 'Member' object has no attribute 'timed_out_until'
Ignoring exception in on_member_update
Traceback (most recent call last):
  File "/usr/local/lib/python3.12/site-packages/discord/client.py", line 465, in _run_event
    await coro(*args, **kwargs)
  File "/app/asu_discord/cogs/analytics.py", line 652, in on_member_update
    before_timeout = before.timed_out_until
                     ^^^^^^^^^^^^^^^^^^^^^^
AttributeError: 'Member' object has no attribute 'timed_out_until'
Ignoring exception in on_member_update
Traceback (most recent call last):
  File "/usr/local/lib/python3.12/site-packages/discord/client.py", line 465, in _run_event
    await coro(*args, **kwargs)
  File "/app/asu_discord/cogs/analytics.py", line 652, in on_member_update
    before_timeout = before.timed_out_until
                     ^^^^^^^^^^^^^^^^^^^^^^
AttributeError: 'Member' object has no attribute 'timed_out_until'
Ignoring exception in on_member_update
Traceback (most recent call last):
  File "/usr/local/lib/python3.12/site-packages/discord/client.py", line 465, in _run_event
    await coro(*args, **kwargs)
  File "/app/asu_discord/cogs/analytics.py", line 652, in on_member_update
    before_timeout = before.timed_out_until
                     ^^^^^^^^^^^^^^^^^^^^^^
AttributeError: 'Member' object has no attribute 'timed_out_until'
Ignoring exception in on_member_update
Traceback (most recent call last):
  File "/usr/local/lib/python3.12/site-packages/discord/client.py", line 465, in _run_event
    await coro(*args, **kwargs)
  File "/app/asu_discord/cogs/analytics.py", line 652, in on_member_update
    before_timeout = before.timed_out_until
                     ^^^^^^^^^^^^^^^^^^^^^^
AttributeError: 'Member' object has no attribute 'timed_out_until'
Ignoring exception in on_member_update
Traceback (most recent call last):
  File "/usr/local/lib/python3.12/site-packages/discord/client.py", line 465, in _run_event
    await coro(*args, **kwargs)
  File "/app/asu_discord/cogs/analytics.py", line 652, in on_member_update
    before_timeout = before.timed_out_until
                     ^^^^^^^^^^^^^^^^^^^^^^
AttributeError: 'Member' object has no attribute 'timed_out_until'
Ignoring exception in on_member_update
Traceback (most recent call last):
  File "/usr/local/lib/python3.12/site-packages/discord/client.py", line 465, in _run_event
    await coro(*args, **kwargs)
  File "/app/asu_discord/cogs/analytics.py", line 652, in on_member_update
    before_timeout = before.timed_out_until
                     ^^^^^^^^^^^^^^^^^^^^^^
AttributeError: 'Member' object has no attribute 'timed_out_until'
INFO:asu_discord.cogs.verification:Saved 4 roles to database for user jvadla (Discord ID: 1448644775480655962)
INFO:asu_discord.cogs.verification:Refreshed Salesforce roles for Discord user 1448644775480655962: -4/+4 roles, assigned=[First Year, International Student, Ira A. Fulton Schools of Engineering, Tempe]
Ignoring exception in on_member_update
Traceback (most recent call last):
  File "/usr/local/lib/python3.12/site-packages/discord/client.py", line 465, in _run_event
    await coro(*args, **kwargs)
  File "/app/asu_discord/cogs/analytics.py", line 652, in on_member_update
    before_timeout = before.timed_out_until
                     ^^^^^^^^^^^^^^^^^^^^^^
AttributeError: 'Member' object has no attribute 'timed_out_until'
Ignoring exception in on_member_update
Traceback (most recent call last):
  File "/usr/local/lib/python3.12/site-packages/discord/client.py", line 465, in _run_event
    await coro(*args, **kwargs)
  File "/app/asu_discord/cogs/analytics.py", line 652, in on_member_update
    before_timeout = before.timed_out_until
                     ^^^^^^^^^^^^^^^^^^^^^^
AttributeError: 'Member' object has no attribute 'timed_out_until'
Ignoring exception in on_member_update
Traceback (most recent call last):
  File "/usr/local/lib/python3.12/site-packages/discord/client.py", line 465, in _run_event
    await coro(*args, **kwargs)
  File "/app/asu_discord/cogs/analytics.py", line 652, in on_member_update
    before_timeout = before.timed_out_until
                     ^^^^^^^^^^^^^^^^^^^^^^
AttributeError: 'Member' object has no attribute 'timed_out_until'
Ignoring exception in on_member_update
Traceback (most recent call last):
  File "/usr/local/lib/python3.12/site-packages/discord/client.py", line 465, in _run_event
    await coro(*args, **kwargs)
  File "/app/asu_discord/cogs/analytics.py", line 652, in on_member_update
    before_timeout = before.timed_out_until
                     ^^^^^^^^^^^^^^^^^^^^^^
AttributeError: 'Member' object has no attribute 'timed_out_until'
Ignoring exception in on_member_update
Traceback (most recent call last):
  File "/usr/local/lib/python3.12/site-packages/discord/client.py", line 465, in _run_event
    await coro(*args, **kwargs)
  File "/app/asu_discord/cogs/analytics.py", line 652, in on_member_update
    before_timeout = before.timed_out_until
                     ^^^^^^^^^^^^^^^^^^^^^^
AttributeError: 'Member' object has no attribute 'timed_out_until'
Ignoring exception in on_member_update
Traceback (most recent call last):
  File "/usr/local/lib/python3.12/site-packages/discord/client.py", line 465, in _run_event
    await coro(*args, **kwargs)
  File "/app/asu_discord/cogs/analytics.py", line 652, in on_member_update
    before_timeout = before.timed_out_until
                     ^^^^^^^^^^^^^^^^^^^^^^
AttributeError: 'Member' object has no attribute 'timed_out_until'
Ignoring exception in on_member_update
Traceback (most recent call last):
  File "/usr/local/lib/python3.12/site-packages/discord/client.py", line 465, in _run_event
    await coro(*args, **kwargs)
  File "/app/asu_discord/cogs/analytics.py", line 652, in on_member_update
    before_timeout = before.timed_out_until
                     ^^^^^^^^^^^^^^^^^^^^^^
AttributeError: 'Member' object has no attribute 'timed_out_until'
Ignoring exception in on_member_update
Traceback (most recent call last):
  File "/usr/local/lib/python3.12/site-packages/discord/client.py", line 465, in _run_event
    await coro(*args, **kwargs)
  File "/app/asu_discord/cogs/analytics.py", line 652, in on_member_update
    before_timeout = before.timed_out_until
                     ^^^^^^^^^^^^^^^^^^^^^^
AttributeError: 'Member' object has no attribute 'timed_out_until'
Ignoring exception in on_member_update
Traceback (most recent call last):
  File "/usr/local/lib/python3.12/site-packages/discord/client.py", line 465, in _run_event
    await coro(*args, **kwargs)
  File "/app/asu_discord/cogs/analytics.py", line 652, in on_member_update
    before_timeout = before.timed_out_until
                     ^^^^^^^^^^^^^^^^^^^^^^
AttributeError: 'Member' object has no attribute 'timed_out_until'
Ignoring exception in on_member_update
Traceback (most recent call last):
  File "/usr/local/lib/python3.12/site-packages/discord/client.py", line 465, in _run_event
    await coro(*args, **kwargs)
  File "/app/asu_discord/cogs/analytics.py", line 652, in on_member_update
    before_timeout = before.timed_out_until
                     ^^^^^^^^^^^^^^^^^^^^^^
AttributeError: 'Member' object has no attribute 'timed_out_until'
INFO:asu_discord.cogs.verification:Saved 5 roles to database for user olmorela (Discord ID: 789328354829926400)
INFO:asu_discord.cogs.verification:Refreshed Salesforce roles for Discord user 789328354829926400: -5/+5 roles, assigned=[College of Liberal Arts and Sciences, Commited, First Year, Out of State, Tempe]
Ignoring exception in on_member_update
Traceback (most recent call last):
  File "/usr/local/lib/python3.12/site-packages/discord/client.py", line 465, in _run_event
    await coro(*args, **kwargs)
  File "/app/asu_discord/cogs/analytics.py", line 652, in on_member_update
    before_timeout = before.timed_out_until
                     ^^^^^^^^^^^^^^^^^^^^^^
AttributeError: 'Member' object has no attribute 'timed_out_until'
Ignoring exception in on_member_update
Traceback (most recent call last):
  File "/usr/local/lib/python3.12/site-packages/discord/client.py", line 465, in _run_event
    await coro(*args, **kwargs)
  File "/app/asu_discord/cogs/analytics.py", line 652, in on_member_update
    before_timeout = before.timed_out_until
                     ^^^^^^^^^^^^^^^^^^^^^^
AttributeError: 'Member' object has no attribute 'timed_out_until'
Ignoring exception in on_member_update
Traceback (most recent call last):
  File "/usr/local/lib/python3.12/site-packages/discord/client.py", line 465, in _run_event
    await coro(*args, **kwargs)
  File "/app/asu_discord/cogs/analytics.py", line 652, in on_member_update
    before_timeout = before.timed_out_until
                     ^^^^^^^^^^^^^^^^^^^^^^
AttributeError: 'Member' object has no attribute 'timed_out_until'
Ignoring exception in on_member_update
Traceback (most recent call last):
  File "/usr/local/lib/python3.12/site-packages/discord/client.py", line 465, in _run_event
    await coro(*args, **kwargs)
  File "/app/asu_discord/cogs/analytics.py", line 652, in on_member_update
    before_timeout = before.timed_out_until
                     ^^^^^^^^^^^^^^^^^^^^^^
AttributeError: 'Member' object has no attribute 'timed_out_until'
Ignoring exception in on_member_update
Traceback (most recent call last):
  File "/usr/local/lib/python3.12/site-packages/discord/client.py", line 465, in _run_event
    await coro(*args, **kwargs)
  File "/app/asu_discord/cogs/analytics.py", line 652, in on_member_update
    before_timeout = before.timed_out_until
                     ^^^^^^^^^^^^^^^^^^^^^^
AttributeError: 'Member' object has no attribute 'timed_out_until'
Ignoring exception in on_member_update
Traceback (most recent call last):
  File "/usr/local/lib/python3.12/site-packages/discord/client.py", line 465, in _run_event
    await coro(*args, **kwargs)
  File "/app/asu_discord/cogs/analytics.py", line 652, in on_member_update
    before_timeout = before.timed_out_until
                     ^^^^^^^^^^^^^^^^^^^^^^
AttributeError: 'Member' object has no attribute 'timed_out_until'
Ignoring exception in on_member_update
Traceback (most recent call last):
  File "/usr/local/lib/python3.12/site-packages/discord/client.py", line 465, in _run_event
    await coro(*args, **kwargs)
  File "/app/asu_discord/cogs/analytics.py", line 652, in on_member_update
    before_timeout = before.timed_out_until
                     ^^^^^^^^^^^^^^^^^^^^^^
AttributeError: 'Member' object has no attribute 'timed_out_until'
Ignoring exception in on_member_update
Traceback (most recent call last):
  File "/usr/local/lib/python3.12/site-packages/discord/client.py", line 465, in _run_event
    await coro(*args, **kwargs)
  File "/app/asu_discord/cogs/analytics.py", line 652, in on_member_update
    before_timeout = before.timed_out_until
                     ^^^^^^^^^^^^^^^^^^^^^^
AttributeError: 'Member' object has no attribute 'timed_out_until'
INFO:asu_discord.cogs.verification:Saved 4 roles to database for user spratha2 (Discord ID: 541582249544515594)
INFO:asu_discord.cogs.verification:Refreshed Salesforce roles for Discord user 541582249544515594: -4/+4 roles, assigned=[Graduate Student, International Student, Ira A. Fulton Schools of Engineering, Tempe]
Ignoring exception in on_member_update
Traceback (most recent call last):
  File "/usr/local/lib/python3.12/site-packages/discord/client.py", line 465, in _run_event
    await coro(*args, **kwargs)
  File "/app/asu_discord/cogs/analytics.py", line 652, in on_member_update
    before_timeout = before.timed_out_until
                     ^^^^^^^^^^^^^^^^^^^^^^
AttributeError: 'Member' object has no attribute 'timed_out_until'
Ignoring exception in on_member_update
Traceback (most recent call last):
  File "/usr/local/lib/python3.12/site-packages/discord/client.py", line 465, in _run_event
    await coro(*args, **kwargs)
  File "/app/asu_discord/cogs/analytics.py", line 652, in on_member_update
    before_timeout = before.timed_out_until
                     ^^^^^^^^^^^^^^^^^^^^^^
AttributeError: 'Member' object has no attribute 'timed_out_until'
Ignoring exception in on_member_update
Traceback (most recent call last):
  File "/usr/local/lib/python3.12/site-packages/discord/client.py", line 465, in _run_event
    await coro(*args, **kwargs)
  File "/app/asu_discord/cogs/analytics.py", line 652, in on_member_update
    before_timeout = before.timed_out_until
                     ^^^^^^^^^^^^^^^^^^^^^^
AttributeError: 'Member' object has no attribute 'timed_out_until'
Ignoring exception in on_member_update
Traceback (most recent call last):
  File "/usr/local/lib/python3.12/site-packages/discord/client.py", line 465, in _run_event
    await coro(*args, **kwargs)
  File "/app/asu_discord/cogs/analytics.py", line 652, in on_member_update
    before_timeout = before.timed_out_until
                     ^^^^^^^^^^^^^^^^^^^^^^
AttributeError: 'Member' object has no attribute 'timed_out_until'
Ignoring exception in on_member_update
Traceback (most recent call last):
  File "/usr/local/lib/python3.12/site-packages/discord/client.py", line 465, in _run_event
    await coro(*args, **kwargs)
  File "/app/asu_discord/cogs/analytics.py", line 652, in on_member_update
    before_timeout = before.timed_out_until
                     ^^^^^^^^^^^^^^^^^^^^^^
AttributeError: 'Member' object has no attribute 'timed_out_until'
Ignoring exception in on_member_update
Traceback (most recent call last):
  File "/usr/local/lib/python3.12/site-packages/discord/client.py", line 465, in _run_event
    await coro(*args, **kwargs)
  File "/app/asu_discord/cogs/analytics.py", line 652, in on_member_update
    before_timeout = before.timed_out_until
                     ^^^^^^^^^^^^^^^^^^^^^^
AttributeError: 'Member' object has no attribute 'timed_out_until'
Ignoring exception in on_member_update
Traceback (most recent call last):
  File "/usr/local/lib/python3.12/site-packages/discord/client.py", line 465, in _run_event
    await coro(*args, **kwargs)
  File "/app/asu_discord/cogs/analytics.py", line 652, in on_member_update
    before_timeout = before.timed_out_until
                     ^^^^^^^^^^^^^^^^^^^^^^
AttributeError: 'Member' object has no attribute 'timed_out_until'
Ignoring exception in on_member_update
Traceback (most recent call last):
  File "/usr/local/lib/python3.12/site-packages/discord/client.py", line 465, in _run_event
    await coro(*args, **kwargs)
  File "/app/asu_discord/cogs/analytics.py", line 652, in on_member_update
    before_timeout = before.timed_out_until
                     ^^^^^^^^^^^^^^^^^^^^^^
AttributeError: 'Member' object has no attribute 'timed_out_until'
INFO:asu_discord.cogs.verification:Saved 4 roles to database for user cshangar (Discord ID: 715899379118243920)
INFO:asu_discord.cogs.verification:Refreshed Salesforce roles for Discord user 715899379118243920: -4/+4 roles, assigned=[First Year, International Student, Ira A. Fulton Schools of Engineering, Tempe]
Ignoring exception in on_member_update
Traceback (most recent call last):
  File "/usr/local/lib/python3.12/site-packages/discord/client.py", line 465, in _run_event
    await coro(*args, **kwargs)
  File "/app/asu_discord/cogs/analytics.py", line 652, in on_member_update
    before_timeout = before.timed_out_until
                     ^^^^^^^^^^^^^^^^^^^^^^
AttributeError: 'Member' object has no attribute 'timed_out_until'
Ignoring exception in on_member_update
Traceback (most recent call last):
  File "/usr/local/lib/python3.12/site-packages/discord/client.py", line 465, in _run_event
    await coro(*args, **kwargs)
  File "/app/asu_discord/cogs/analytics.py", line 652, in on_member_update
    before_timeout = before.timed_out_until
                     ^^^^^^^^^^^^^^^^^^^^^^
AttributeError: 'Member' object has no attribute 'timed_out_until'
Ignoring exception in on_member_update
Traceback (most recent call last):
  File "/usr/local/lib/python3.12/site-packages/discord/client.py", line 465, in _run_event
    await coro(*args, **kwargs)
  File "/app/asu_discord/cogs/analytics.py", line 652, in on_member_update
    before_timeout = before.timed_out_until
                     ^^^^^^^^^^^^^^^^^^^^^^
AttributeError: 'Member' object has no attribute 'timed_out_until'
Ignoring exception in on_member_update
Traceback (most recent call last):
  File "/usr/local/lib/python3.12/site-packages/discord/client.py", line 465, in _run_event
    await coro(*args, **kwargs)
  File "/app/asu_discord/cogs/analytics.py", line 652, in on_member_update
    before_timeout = before.timed_out_until
                     ^^^^^^^^^^^^^^^^^^^^^^
AttributeError: 'Member' object has no attribute 'timed_out_until'
Ignoring exception in on_member_update
Traceback (most recent call last):
  File "/usr/local/lib/python3.12/site-packages/discord/client.py", line 465, in _run_event
    await coro(*args, **kwargs)
  File "/app/asu_discord/cogs/analytics.py", line 652, in on_member_update
    before_timeout = before.timed_out_until
                     ^^^^^^^^^^^^^^^^^^^^^^
AttributeError: 'Member' object has no attribute 'timed_out_until'
Ignoring exception in on_member_update
Traceback (most recent call last):
  File "/usr/local/lib/python3.12/site-packages/discord/client.py", line 465, in _run_event
    await coro(*args, **kwargs)
  File "/app/asu_discord/cogs/analytics.py", line 652, in on_member_update
    before_timeout = before.timed_out_until
                     ^^^^^^^^^^^^^^^^^^^^^^
AttributeError: 'Member' object has no attribute 'timed_out_until'
Ignoring exception in on_member_update
Traceback (most recent call last):
  File "/usr/local/lib/python3.12/site-packages/discord/client.py", line 465, in _run_event
    await coro(*args, **kwargs)
  File "/app/asu_discord/cogs/analytics.py", line 652, in on_member_update
    before_timeout = before.timed_out_until
                     ^^^^^^^^^^^^^^^^^^^^^^
AttributeError: 'Member' object has no attribute 'timed_out_until'
Ignoring exception in on_member_update
Traceback (most recent call last):
  File "/usr/local/lib/python3.12/site-packages/discord/client.py", line 465, in _run_event
    await coro(*args, **kwargs)
  File "/app/asu_discord/cogs/analytics.py", line 652, in on_member_update
    before_timeout = before.timed_out_until
                     ^^^^^^^^^^^^^^^^^^^^^^
AttributeError: 'Member' object has no attribute 'timed_out_until'
Ignoring exception in on_member_update
Traceback (most recent call last):
  File "/usr/local/lib/python3.12/site-packages/discord/client.py", line 465, in _run_event
    await coro(*args, **kwargs)
  File "/app/asu_discord/cogs/analytics.py", line 652, in on_member_update
    before_timeout = before.timed_out_until
                     ^^^^^^^^^^^^^^^^^^^^^^
AttributeError: 'Member' object has no attribute 'timed_out_until'
Ignoring exception in on_member_update
Traceback (most recent call last):
  File "/usr/local/lib/python3.12/site-packages/discord/client.py", line 465, in _run_event
    await coro(*args, **kwargs)
  File "/app/asu_discord/cogs/analytics.py", line 652, in on_member_update
    before_timeout = before.timed_out_until
                     ^^^^^^^^^^^^^^^^^^^^^^
AttributeError: 'Member' object has no attribute 'timed_out_until'
Ignoring exception in on_member_update
Traceback (most recent call last):
  File "/usr/local/lib/python3.12/site-packages/discord/client.py", line 465, in _run_event
    await coro(*args, **kwargs)
  File "/app/asu_discord/cogs/analytics.py", line 652, in on_member_update
    before_timeout = before.timed_out_until
                     ^^^^^^^^^^^^^^^^^^^^^^
AttributeError: 'Member' object has no attribute 'timed_out_until'
INFO:asu_discord.cogs.verification:Saved 6 roles to database for user kpadams9 (Discord ID: 1417284425947021313)
INFO:asu_discord.cogs.verification:Refreshed Salesforce roles for Discord user 1417284425947021313: -5/+6 roles, assigned=[Commited, First Generation Student, First Year, Ira A. Fulton Schools of Engineering, Out of State, Tempe]
Ignoring exception in on_member_update
Traceback (most recent call last):
  File "/usr/local/lib/python3.12/site-packages/discord/client.py", line 465, in _run_event
    await coro(*args, **kwargs)
  File "/app/asu_discord/cogs/analytics.py", line 652, in on_member_update
    before_timeout = before.timed_out_until
                     ^^^^^^^^^^^^^^^^^^^^^^
AttributeError: 'Member' object has no attribute 'timed_out_until'
INFO:asu_discord.cogs.verification:Saved 1 roles to database for user hpartri1 (Discord ID: 807631506175819776)
INFO:asu_discord.cogs.verification:Refreshed Salesforce roles for Discord user 807631506175819776: -0/+1 roles, assigned=[Arizona Resident]
Ignoring exception in on_member_update
Traceback (most recent call last):
  File "/usr/local/lib/python3.12/site-packages/discord/client.py", line 465, in _run_event
    await coro(*args, **kwargs)
  File "/app/asu_discord/cogs/analytics.py", line 652, in on_member_update
    before_timeout = before.timed_out_until
                     ^^^^^^^^^^^^^^^^^^^^^^
AttributeError: 'Member' object has no attribute 'timed_out_until'
Ignoring exception in on_member_update
Traceback (most recent call last):
  File "/usr/local/lib/python3.12/site-packages/discord/client.py", line 465, in _run_event
    await coro(*args, **kwargs)
  File "/app/asu_discord/cogs/analytics.py", line 652, in on_member_update
    before_timeout = before.timed_out_until
                     ^^^^^^^^^^^^^^^^^^^^^^
AttributeError: 'Member' object has no attribute 'timed_out_until'
Ignoring exception in on_member_update
Traceback (most recent call last):
  File "/usr/local/lib/python3.12/site-packages/discord/client.py", line 465, in _run_event
    await coro(*args, **kwargs)
  File "/app/asu_discord/cogs/analytics.py", line 652, in on_member_update
    before_timeout = before.timed_out_until
                     ^^^^^^^^^^^^^^^^^^^^^^
AttributeError: 'Member' object has no attribute 'timed_out_until'
Ignoring exception in on_member_update
Traceback (most recent call last):
  File "/usr/local/lib/python3.12/site-packages/discord/client.py", line 465, in _run_event
    await coro(*args, **kwargs)
  File "/app/asu_discord/cogs/analytics.py", line 652, in on_member_update
    before_timeout = before.timed_out_until
                     ^^^^^^^^^^^^^^^^^^^^^^
AttributeError: 'Member' object has no attribute 'timed_out_until'
Ignoring exception in on_member_update
Traceback (most recent call last):
  File "/usr/local/lib/python3.12/site-packages/discord/client.py", line 465, in _run_event
    await coro(*args, **kwargs)
  File "/app/asu_discord/cogs/analytics.py", line 652, in on_member_update
    before_timeout = before.timed_out_until
                     ^^^^^^^^^^^^^^^^^^^^^^
AttributeError: 'Member' object has no attribute 'timed_out_until'
Ignoring exception in on_member_update
Traceback (most recent call last):
  File "/usr/local/lib/python3.12/site-packages/discord/client.py", line 465, in _run_event
    await coro(*args, **kwargs)
  File "/app/asu_discord/cogs/analytics.py", line 652, in on_member_update
    before_timeout = before.timed_out_until
                     ^^^^^^^^^^^^^^^^^^^^^^
AttributeError: 'Member' object has no attribute 'timed_out_until'
Ignoring exception in on_member_update
Traceback (most recent call last):
  File "/usr/local/lib/python3.12/site-packages/discord/client.py", line 465, in _run_event
    await coro(*args, **kwargs)
  File "/app/asu_discord/cogs/analytics.py", line 652, in on_member_update
    before_timeout = before.timed_out_until
                     ^^^^^^^^^^^^^^^^^^^^^^
AttributeError: 'Member' object has no attribute 'timed_out_until'
Ignoring exception in on_member_update
Traceback (most recent call last):
  File "/usr/local/lib/python3.12/site-packages/discord/client.py", line 465, in _run_event
    await coro(*args, **kwargs)
  File "/app/asu_discord/cogs/analytics.py", line 652, in on_member_update
    before_timeout = before.timed_out_until
                     ^^^^^^^^^^^^^^^^^^^^^^
AttributeError: 'Member' object has no attribute 'timed_out_until'
Ignoring exception in on_member_update
Traceback (most recent call last):
  File "/usr/local/lib/python3.12/site-packages/discord/client.py", line 465, in _run_event
    await coro(*args, **kwargs)
  File "/app/asu_discord/cogs/analytics.py", line 652, in on_member_update
    before_timeout = before.timed_out_until
                     ^^^^^^^^^^^^^^^^^^^^^^
AttributeError: 'Member' object has no attribute 'timed_out_until'
Ignoring exception in on_member_update
Traceback (most recent call last):
  File "/usr/local/lib/python3.12/site-packages/discord/client.py", line 465, in _run_event
    await coro(*args, **kwargs)
  File "/app/asu_discord/cogs/analytics.py", line 652, in on_member_update
    before_timeout = before.timed_out_until
                     ^^^^^^^^^^^^^^^^^^^^^^
AttributeError: 'Member' object has no attribute 'timed_out_until'
INFO:asu_discord.cogs.verification:Saved 5 roles to database for user kroughse (Discord ID: 1467251177996423248)
INFO:asu_discord.cogs.verification:Refreshed Salesforce roles for Discord user 1467251177996423248: -5/+5 roles, assigned=[Arizona Resident, College of Liberal Arts and Sciences, Commited, First Year, Tempe]
ERROR:cron.jobs:refresh_salesforce_roles: failed for acalhou8 (Discord ID 684933824584613901): Failed to refresh Salesforce-based roles: Discord user 684933824584613901 is not a member of the guild
Ignoring exception in on_member_update
Traceback (most recent call last):
  File "/usr/local/lib/python3.12/site-packages/discord/client.py", line 465, in _run_event
    await coro(*args, **kwargs)
  File "/app/asu_discord/cogs/analytics.py", line 652, in on_member_update
    before_timeout = before.timed_out_until
                     ^^^^^^^^^^^^^^^^^^^^^^
AttributeError: 'Member' object has no attribute 'timed_out_until'
Ignoring exception in on_member_update
Traceback (most recent call last):
  File "/usr/local/lib/python3.12/site-packages/discord/client.py", line 465, in _run_event
    await coro(*args, **kwargs)
  File "/app/asu_discord/cogs/analytics.py", line 652, in on_member_update
    before_timeout = before.timed_out_until
                     ^^^^^^^^^^^^^^^^^^^^^^
AttributeError: 'Member' object has no attribute 'timed_out_until'
Ignoring exception in on_member_update
Traceback (most recent call last):
  File "/usr/local/lib/python3.12/site-packages/discord/client.py", line 465, in _run_event
    await coro(*args, **kwargs)
  File "/app/asu_discord/cogs/analytics.py", line 652, in on_member_update
    before_timeout = before.timed_out_until
                     ^^^^^^^^^^^^^^^^^^^^^^
AttributeError: 'Member' object has no attribute 'timed_out_until'
Ignoring exception in on_member_update
Traceback (most recent call last):
  File "/usr/local/lib/python3.12/site-packages/discord/client.py", line 465, in _run_event
    await coro(*args, **kwargs)
  File "/app/asu_discord/cogs/analytics.py", line 652, in on_member_update
    before_timeout = before.timed_out_until
                     ^^^^^^^^^^^^^^^^^^^^^^
AttributeError: 'Member' object has no attribute 'timed_out_until'
Ignoring exception in on_member_update
Traceback (most recent call last):
  File "/usr/local/lib/python3.12/site-packages/discord/client.py", line 465, in _run_event
    await coro(*args, **kwargs)
  File "/app/asu_discord/cogs/analytics.py", line 652, in on_member_update
    before_timeout = before.timed_out_until
                     ^^^^^^^^^^^^^^^^^^^^^^
AttributeError: 'Member' object has no attribute 'timed_out_until'
Ignoring exception in on_member_update
Traceback (most recent call last):
  File "/usr/local/lib/python3.12/site-packages/discord/client.py", line 465, in _run_event
    await coro(*args, **kwargs)
  File "/app/asu_discord/cogs/analytics.py", line 652, in on_member_update
    before_timeout = before.timed_out_until
                     ^^^^^^^^^^^^^^^^^^^^^^
AttributeError: 'Member' object has no attribute 'timed_out_until'
Ignoring exception in on_member_update
Traceback (most recent call last):
  File "/usr/local/lib/python3.12/site-packages/discord/client.py", line 465, in _run_event
    await coro(*args, **kwargs)
  File "/app/asu_discord/cogs/analytics.py", line 652, in on_member_update
    before_timeout = before.timed_out_until
                     ^^^^^^^^^^^^^^^^^^^^^^
AttributeError: 'Member' object has no attribute 'timed_out_until'
Ignoring exception in on_member_update
Traceback (most recent call last):
  File "/usr/local/lib/python3.12/site-packages/discord/client.py", line 465, in _run_event
    await coro(*args, **kwargs)
  File "/app/asu_discord/cogs/analytics.py", line 652, in on_member_update
    before_timeout = before.timed_out_until
                     ^^^^^^^^^^^^^^^^^^^^^^
AttributeError: 'Member' object has no attribute 'timed_out_until'
Ignoring exception in on_member_update
Traceback (most recent call last):
  File "/usr/local/lib/python3.12/site-packages/discord/client.py", line 465, in _run_event
    await coro(*args, **kwargs)
  File "/app/asu_discord/cogs/analytics.py", line 652, in on_member_update
    before_timeout = before.timed_out_until
                     ^^^^^^^^^^^^^^^^^^^^^^
AttributeError: 'Member' object has no attribute 'timed_out_until'
Ignoring exception in on_member_update
Traceback (most recent call last):
  File "/usr/local/lib/python3.12/site-packages/discord/client.py", line 465, in _run_event
    await coro(*args, **kwargs)
  File "/app/asu_discord/cogs/analytics.py", line 652, in on_member_update
    before_timeout = before.timed_out_until
                     ^^^^^^^^^^^^^^^^^^^^^^
AttributeError: 'Member' object has no attribute 'timed_out_until'
INFO:asu_discord.cogs.verification:Saved 5 roles to database for user lggomez (Discord ID: 723760783942615050)
INFO:asu_discord.cogs.verification:Refreshed Salesforce roles for Discord user 723760783942615050: -5/+5 roles, assigned=[Online, Out of State, Transfer Student, Upperclassmen, Watts College of Public Service and Community Solutions]
Ignoring exception in on_member_update
Traceback (most recent call last):
  File "/usr/local/lib/python3.12/site-packages/discord/client.py", line 465, in _run_event
    await coro(*args, **kwargs)
  File "/app/asu_discord/cogs/analytics.py", line 652, in on_member_update
    before_timeout = before.timed_out_until
                     ^^^^^^^^^^^^^^^^^^^^^^
AttributeError: 'Member' object has no attribute 'timed_out_until'
Ignoring exception in on_member_update
Traceback (most recent call last):
  File "/usr/local/lib/python3.12/site-packages/discord/client.py", line 465, in _run_event
    await coro(*args, **kwargs)
  File "/app/asu_discord/cogs/analytics.py", line 652, in on_member_update
    before_timeout = before.timed_out_until
                     ^^^^^^^^^^^^^^^^^^^^^^
AttributeError: 'Member' object has no attribute 'timed_out_until'
Ignoring exception in on_member_update
Traceback (most recent call last):
  File "/usr/local/lib/python3.12/site-packages/discord/client.py", line 465, in _run_event
    await coro(*args, **kwargs)
  File "/app/asu_discord/cogs/analytics.py", line 652, in on_member_update
    before_timeout = before.timed_out_until
                     ^^^^^^^^^^^^^^^^^^^^^^
AttributeError: 'Member' object has no attribute 'timed_out_until'
Ignoring exception in on_member_update
Traceback (most recent call last):
  File "/usr/local/lib/python3.12/site-packages/discord/client.py", line 465, in _run_event
    await coro(*args, **kwargs)
  File "/app/asu_discord/cogs/analytics.py", line 652, in on_member_update
    before_timeout = before.timed_out_until
                     ^^^^^^^^^^^^^^^^^^^^^^
AttributeError: 'Member' object has no attribute 'timed_out_until'
Ignoring exception in on_member_update
Traceback (most recent call last):
  File "/usr/local/lib/python3.12/site-packages/discord/client.py", line 465, in _run_event
    await coro(*args, **kwargs)
  File "/app/asu_discord/cogs/analytics.py", line 652, in on_member_update
    before_timeout = before.timed_out_until
                     ^^^^^^^^^^^^^^^^^^^^^^
AttributeError: 'Member' object has no attribute 'timed_out_until'
Ignoring exception in on_member_update
Traceback (most recent call last):
  File "/usr/local/lib/python3.12/site-packages/discord/client.py", line 465, in _run_event
    await coro(*args, **kwargs)
  File "/app/asu_discord/cogs/analytics.py", line 652, in on_member_update
    before_timeout = before.timed_out_until
                     ^^^^^^^^^^^^^^^^^^^^^^
AttributeError: 'Member' object has no attribute 'timed_out_until'
Ignoring exception in on_member_update
Traceback (most recent call last):
  File "/usr/local/lib/python3.12/site-packages/discord/client.py", line 465, in _run_event
    await coro(*args, **kwargs)
  File "/app/asu_discord/cogs/analytics.py", line 652, in on_member_update
    before_timeout = before.timed_out_until
                     ^^^^^^^^^^^^^^^^^^^^^^
AttributeError: 'Member' object has no attribute 'timed_out_until'
Ignoring exception in on_member_update
Traceback (most recent call last):
  File "/usr/local/lib/python3.12/site-packages/discord/client.py", line 465, in _run_event
    await coro(*args, **kwargs)
  File "/app/asu_discord/cogs/analytics.py", line 652, in on_member_update
    before_timeout = before.timed_out_until
                     ^^^^^^^^^^^^^^^^^^^^^^
AttributeError: 'Member' object has no attribute 'timed_out_until'
Ignoring exception in on_member_update
Traceback (most recent call last):
  File "/usr/local/lib/python3.12/site-packages/discord/client.py", line 465, in _run_event
    await coro(*args, **kwargs)
  File "/app/asu_discord/cogs/analytics.py", line 652, in on_member_update
    before_timeout = before.timed_out_until
                     ^^^^^^^^^^^^^^^^^^^^^^
AttributeError: 'Member' object has no attribute 'timed_out_until'
Ignoring exception in on_member_update
Traceback (most recent call last):
  File "/usr/local/lib/python3.12/site-packages/discord/client.py", line 465, in _run_event
    await coro(*args, **kwargs)
  File "/app/asu_discord/cogs/analytics.py", line 652, in on_member_update
    before_timeout = before.timed_out_until
                     ^^^^^^^^^^^^^^^^^^^^^^
AttributeError: 'Member' object has no attribute 'timed_out_until'
Ignoring exception in on_member_update
Traceback (most recent call last):
  File "/usr/local/lib/python3.12/site-packages/discord/client.py", line 465, in _run_event
    await coro(*args, **kwargs)
  File "/app/asu_discord/cogs/analytics.py", line 652, in on_member_update
    before_timeout = before.timed_out_until
                     ^^^^^^^^^^^^^^^^^^^^^^
AttributeError: 'Member' object has no attribute 'timed_out_until'
INFO:asu_discord.cogs.verification:Saved 6 roles to database for user ajvela1 (Discord ID: 1422287649669910578)
INFO:asu_discord.cogs.verification:Refreshed Salesforce roles for Discord user 1422287649669910578: -5/+6 roles, assigned=[Arizona Resident, College of Health Solutions, Commited, First Generation Student, First Year, Polytechnic]
Ignoring exception in on_member_update
Traceback (most recent call last):
  File "/usr/local/lib/python3.12/site-packages/discord/client.py", line 465, in _run_event
    await coro(*args, **kwargs)
  File "/app/asu_discord/cogs/analytics.py", line 652, in on_member_update
    before_timeout = before.timed_out_until
                     ^^^^^^^^^^^^^^^^^^^^^^
AttributeError: 'Member' object has no attribute 'timed_out_until'
Ignoring exception in on_member_update
Traceback (most recent call last):
  File "/usr/local/lib/python3.12/site-packages/discord/client.py", line 465, in _run_event
    await coro(*args, **kwargs)
  File "/app/asu_discord/cogs/analytics.py", line 652, in on_member_update
    before_timeout = before.timed_out_until
                     ^^^^^^^^^^^^^^^^^^^^^^
AttributeError: 'Member' object has no attribute 'timed_out_until'
Ignoring exception in on_member_update
Traceback (most recent call last):
  File "/usr/local/lib/python3.12/site-packages/discord/client.py", line 465, in _run_event
    await coro(*args, **kwargs)
  File "/app/asu_discord/cogs/analytics.py", line 652, in on_member_update
    before_timeout = before.timed_out_until
                     ^^^^^^^^^^^^^^^^^^^^^^
AttributeError: 'Member' object has no attribute 'timed_out_until'
Ignoring exception in on_member_update
Traceback (most recent call last):
  File "/usr/local/lib/python3.12/site-packages/discord/client.py", line 465, in _run_event
    await coro(*args, **kwargs)
  File "/app/asu_discord/cogs/analytics.py", line 652, in on_member_update
    before_timeout = before.timed_out_until
                     ^^^^^^^^^^^^^^^^^^^^^^
AttributeError: 'Member' object has no attribute 'timed_out_until'
Ignoring exception in on_member_update
Traceback (most recent call last):
  File "/usr/local/lib/python3.12/site-packages/discord/client.py", line 465, in _run_event
    await coro(*args, **kwargs)
  File "/app/asu_discord/cogs/analytics.py", line 652, in on_member_update
    before_timeout = before.timed_out_until
                     ^^^^^^^^^^^^^^^^^^^^^^
AttributeError: 'Member' object has no attribute 'timed_out_until'
Ignoring exception in on_member_update
Traceback (most recent call last):
  File "/usr/local/lib/python3.12/site-packages/discord/client.py", line 465, in _run_event
    await coro(*args, **kwargs)
  File "/app/asu_discord/cogs/analytics.py", line 652, in on_member_update
    before_timeout = before.timed_out_until
                     ^^^^^^^^^^^^^^^^^^^^^^
AttributeError: 'Member' object has no attribute 'timed_out_until'
Ignoring exception in on_member_update
Traceback (most recent call last):
  File "/usr/local/lib/python3.12/site-packages/discord/client.py", line 465, in _run_event
    await coro(*args, **kwargs)
  File "/app/asu_discord/cogs/analytics.py", line 652, in on_member_update
    before_timeout = before.timed_out_until
                     ^^^^^^^^^^^^^^^^^^^^^^
AttributeError: 'Member' object has no attribute 'timed_out_until'
Ignoring exception in on_member_update
Traceback (most recent call last):
  File "/usr/local/lib/python3.12/site-packages/discord/client.py", line 465, in _run_event
    await coro(*args, **kwargs)
  File "/app/asu_discord/cogs/analytics.py", line 652, in on_member_update
    before_timeout = before.timed_out_until
                     ^^^^^^^^^^^^^^^^^^^^^^
AttributeError: 'Member' object has no attribute 'timed_out_until'
Ignoring exception in on_member_update
Traceback (most recent call last):
  File "/usr/local/lib/python3.12/site-packages/discord/client.py", line 465, in _run_event
    await coro(*args, **kwargs)
  File "/app/asu_discord/cogs/analytics.py", line 652, in on_member_update
    before_timeout = before.timed_out_until
                     ^^^^^^^^^^^^^^^^^^^^^^
AttributeError: 'Member' object has no attribute 'timed_out_until'
INFO:asu_discord.cogs.verification:Saved 5 roles to database for user mkhaing1 (Discord ID: 729782895287468245)
INFO:asu_discord.cogs.verification:Refreshed Salesforce roles for Discord user 729782895287468245: -4/+5 roles, assigned=[Arizona Resident, College of Liberal Arts and Sciences, First Generation Student, First Year, Tempe]
Ignoring exception in on_member_update
Traceback (most recent call last):
  File "/usr/local/lib/python3.12/site-packages/discord/client.py", line 465, in _run_event
    await coro(*args, **kwargs)
  File "/app/asu_discord/cogs/analytics.py", line 652, in on_member_update
    before_timeout = before.timed_out_until
                     ^^^^^^^^^^^^^^^^^^^^^^
AttributeError: 'Member' object has no attribute 'timed_out_until'
Ignoring exception in on_member_update
Traceback (most recent call last):
  File "/usr/local/lib/python3.12/site-packages/discord/client.py", line 465, in _run_event
    await coro(*args, **kwargs)
  File "/app/asu_discord/cogs/analytics.py", line 652, in on_member_update
    before_timeout = before.timed_out_until
                     ^^^^^^^^^^^^^^^^^^^^^^
AttributeError: 'Member' object has no attribute 'timed_out_until'
Ignoring exception in on_member_update
Traceback (most recent call last):
  File "/usr/local/lib/python3.12/site-packages/discord/client.py", line 465, in _run_event
    await coro(*args, **kwargs)
  File "/app/asu_discord/cogs/analytics.py", line 652, in on_member_update
    before_timeout = before.timed_out_until
                     ^^^^^^^^^^^^^^^^^^^^^^
AttributeError: 'Member' object has no attribute 'timed_out_until'
Ignoring exception in on_member_update
Traceback (most recent call last):
  File "/usr/local/lib/python3.12/site-packages/discord/client.py", line 465, in _run_event
    await coro(*args, **kwargs)
  File "/app/asu_discord/cogs/analytics.py", line 652, in on_member_update
    before_timeout = before.timed_out_until
                     ^^^^^^^^^^^^^^^^^^^^^^
AttributeError: 'Member' object has no attribute 'timed_out_until'
Ignoring exception in on_member_update
Traceback (most recent call last):
  File "/usr/local/lib/python3.12/site-packages/discord/client.py", line 465, in _run_event
    await coro(*args, **kwargs)
  File "/app/asu_discord/cogs/analytics.py", line 652, in on_member_update
    before_timeout = before.timed_out_until
                     ^^^^^^^^^^^^^^^^^^^^^^
AttributeError: 'Member' object has no attribute 'timed_out_until'
Ignoring exception in on_member_update
Traceback (most recent call last):
  File "/usr/local/lib/python3.12/site-packages/discord/client.py", line 465, in _run_event
    await coro(*args, **kwargs)
  File "/app/asu_discord/cogs/analytics.py", line 652, in on_member_update
    before_timeout = before.timed_out_until
                     ^^^^^^^^^^^^^^^^^^^^^^
AttributeError: 'Member' object has no attribute 'timed_out_until'
Ignoring exception in on_member_update
Traceback (most recent call last):
  File "/usr/local/lib/python3.12/site-packages/discord/client.py", line 465, in _run_event
    await coro(*args, **kwargs)
  File "/app/asu_discord/cogs/analytics.py", line 652, in on_member_update
    before_timeout = before.timed_out_until
                     ^^^^^^^^^^^^^^^^^^^^^^
AttributeError: 'Member' object has no attribute 'timed_out_until'
Ignoring exception in on_member_update
Traceback (most recent call last):
  File "/usr/local/lib/python3.12/site-packages/discord/client.py", line 465, in _run_event
    await coro(*args, **kwargs)
  File "/app/asu_discord/cogs/analytics.py", line 652, in on_member_update
    before_timeout = before.timed_out_until
                     ^^^^^^^^^^^^^^^^^^^^^^
AttributeError: 'Member' object has no attribute 'timed_out_until'
Ignoring exception in on_member_update
Traceback (most recent call last):
  File "/usr/local/lib/python3.12/site-packages/discord/client.py", line 465, in _run_event
    await coro(*args, **kwargs)
  File "/app/asu_discord/cogs/analytics.py", line 652, in on_member_update
    before_timeout = before.timed_out_until
                     ^^^^^^^^^^^^^^^^^^^^^^
AttributeError: 'Member' object has no attribute 'timed_out_until'
Ignoring exception in on_member_update
Traceback (most recent call last):
  File "/usr/local/lib/python3.12/site-packages/discord/client.py", line 465, in _run_event
    await coro(*args, **kwargs)
  File "/app/asu_discord/cogs/analytics.py", line 652, in on_member_update
    before_timeout = before.timed_out_until
                     ^^^^^^^^^^^^^^^^^^^^^^
AttributeError: 'Member' object has no attribute 'timed_out_until'
INFO:asu_discord.cogs.verification:Saved 5 roles to database for user nmasdeum (Discord ID: 744740914622103693)
INFO:asu_discord.cogs.verification:Refreshed Salesforce roles for Discord user 744740914622103693: -5/+5 roles, assigned=[Arizona Resident, Commited, First Year, Ira A. Fulton Schools of Engineering, Tempe]
ERROR:cron.jobs:refresh_salesforce_roles: failed for hcrossl1 (Discord ID 834878317131464714): Failed to refresh Salesforce-based roles: Discord user 834878317131464714 is not a member of the guild
Ignoring exception in on_member_update
Traceback (most recent call last):
  File "/usr/local/lib/python3.12/site-packages/discord/client.py", line 465, in _run_event
    await coro(*args, **kwargs)
  File "/app/asu_discord/cogs/analytics.py", line 652, in on_member_update
    before_timeout = before.timed_out_until
                     ^^^^^^^^^^^^^^^^^^^^^^
AttributeError: 'Member' object has no attribute 'timed_out_until'
Ignoring exception in on_member_update
Traceback (most recent call last):
  File "/usr/local/lib/python3.12/site-packages/discord/client.py", line 465, in _run_event
    await coro(*args, **kwargs)
  File "/app/asu_discord/cogs/analytics.py", line 652, in on_member_update
    before_timeout = before.timed_out_until
                     ^^^^^^^^^^^^^^^^^^^^^^
AttributeError: 'Member' object has no attribute 'timed_out_until'
Ignoring exception in on_member_update
Traceback (most recent call last):
  File "/usr/local/lib/python3.12/site-packages/discord/client.py", line 465, in _run_event
    await coro(*args, **kwargs)
  File "/app/asu_discord/cogs/analytics.py", line 652, in on_member_update
    before_timeout = before.timed_out_until
                     ^^^^^^^^^^^^^^^^^^^^^^
AttributeError: 'Member' object has no attribute 'timed_out_until'
Ignoring exception in on_member_update
Traceback (most recent call last):
  File "/usr/local/lib/python3.12/site-packages/discord/client.py", line 465, in _run_event
    await coro(*args, **kwargs)
  File "/app/asu_discord/cogs/analytics.py", line 652, in on_member_update
    before_timeout = before.timed_out_until
                     ^^^^^^^^^^^^^^^^^^^^^^
AttributeError: 'Member' object has no attribute 'timed_out_until'
Ignoring exception in on_member_update
Traceback (most recent call last):
  File "/usr/local/lib/python3.12/site-packages/discord/client.py", line 465, in _run_event
    await coro(*args, **kwargs)
  File "/app/asu_discord/cogs/analytics.py", line 652, in on_member_update
    before_timeout = before.timed_out_until
                     ^^^^^^^^^^^^^^^^^^^^^^
AttributeError: 'Member' object has no attribute 'timed_out_until'
Ignoring exception in on_member_update
Traceback (most recent call last):
  File "/usr/local/lib/python3.12/site-packages/discord/client.py", line 465, in _run_event
    await coro(*args, **kwargs)
  File "/app/asu_discord/cogs/analytics.py", line 652, in on_member_update
    before_timeout = before.timed_out_until
                     ^^^^^^^^^^^^^^^^^^^^^^
AttributeError: 'Member' object has no attribute 'timed_out_until'
Ignoring exception in on_member_update
Traceback (most recent call last):
  File "/usr/local/lib/python3.12/site-packages/discord/client.py", line 465, in _run_event
    await coro(*args, **kwargs)
  File "/app/asu_discord/cogs/analytics.py", line 652, in on_member_update
    before_timeout = before.timed_out_until
                     ^^^^^^^^^^^^^^^^^^^^^^
AttributeError: 'Member' object has no attribute 'timed_out_until'
Ignoring exception in on_member_update
Traceback (most recent call last):
  File "/usr/local/lib/python3.12/site-packages/discord/client.py", line 465, in _run_event
    await coro(*args, **kwargs)
  File "/app/asu_discord/cogs/analytics.py", line 652, in on_member_update
    before_timeout = before.timed_out_until
                     ^^^^^^^^^^^^^^^^^^^^^^
AttributeError: 'Member' object has no attribute 'timed_out_until'
Ignoring exception in on_member_update
Traceback (most recent call last):
  File "/usr/local/lib/python3.12/site-packages/discord/client.py", line 465, in _run_event
    await coro(*args, **kwargs)
  File "/app/asu_discord/cogs/analytics.py", line 652, in on_member_update
    before_timeout = before.timed_out_until
                     ^^^^^^^^^^^^^^^^^^^^^^
AttributeError: 'Member' object has no attribute 'timed_out_until'
Ignoring exception in on_member_update
Traceback (most recent call last):
  File "/usr/local/lib/python3.12/site-packages/discord/client.py", line 465, in _run_event
    await coro(*args, **kwargs)
  File "/app/asu_discord/cogs/analytics.py", line 652, in on_member_update
    before_timeout = before.timed_out_until
                     ^^^^^^^^^^^^^^^^^^^^^^
AttributeError: 'Member' object has no attribute 'timed_out_until'
INFO:asu_discord.cogs.verification:Saved 5 roles to database for user thomaski (Discord ID: 983592005563211847)
INFO:asu_discord.cogs.verification:Refreshed Salesforce roles for Discord user 983592005563211847: -5/+5 roles, assigned=[Arizona Resident, College of Liberal Arts and Sciences, Commited, First Year, Tempe]
ERROR:cron.jobs:refresh_salesforce_roles: failed for abohash (Discord ID 755159848064254062): Failed to refresh Salesforce-based roles: Discord user 755159848064254062 is not a member of the guild
Ignoring exception in on_member_update
Traceback (most recent call last):
  File "/usr/local/lib/python3.12/site-packages/discord/client.py", line 465, in _run_event
    await coro(*args, **kwargs)
  File "/app/asu_discord/cogs/analytics.py", line 652, in on_member_update
    before_timeout = before.timed_out_until
                     ^^^^^^^^^^^^^^^^^^^^^^
AttributeError: 'Member' object has no attribute 'timed_out_until'
Ignoring exception in on_member_update
Traceback (most recent call last):
  File "/usr/local/lib/python3.12/site-packages/discord/client.py", line 465, in _run_event
    await coro(*args, **kwargs)
  File "/app/asu_discord/cogs/analytics.py", line 652, in on_member_update
    before_timeout = before.timed_out_until
                     ^^^^^^^^^^^^^^^^^^^^^^
AttributeError: 'Member' object has no attribute 'timed_out_until'
Ignoring exception in on_member_update
Traceback (most recent call last):
  File "/usr/local/lib/python3.12/site-packages/discord/client.py", line 465, in _run_event
    await coro(*args, **kwargs)
  File "/app/asu_discord/cogs/analytics.py", line 652, in on_member_update
    before_timeout = before.timed_out_until
                     ^^^^^^^^^^^^^^^^^^^^^^
AttributeError: 'Member' object has no attribute 'timed_out_until'
Ignoring exception in on_member_update
Traceback (most recent call last):
  File "/usr/local/lib/python3.12/site-packages/discord/client.py", line 465, in _run_event
    await coro(*args, **kwargs)
  File "/app/asu_discord/cogs/analytics.py", line 652, in on_member_update
    before_timeout = before.timed_out_until
                     ^^^^^^^^^^^^^^^^^^^^^^
AttributeError: 'Member' object has no attribute 'timed_out_until'
Ignoring exception in on_member_update
Traceback (most recent call last):
  File "/usr/local/lib/python3.12/site-packages/discord/client.py", line 465, in _run_event
    await coro(*args, **kwargs)
  File "/app/asu_discord/cogs/analytics.py", line 652, in on_member_update
    before_timeout = before.timed_out_until
                     ^^^^^^^^^^^^^^^^^^^^^^
AttributeError: 'Member' object has no attribute 'timed_out_until'
Ignoring exception in on_member_update
Traceback (most recent call last):
  File "/usr/local/lib/python3.12/site-packages/discord/client.py", line 465, in _run_event
    await coro(*args, **kwargs)
  File "/app/asu_discord/cogs/analytics.py", line 652, in on_member_update
    before_timeout = before.timed_out_until
                     ^^^^^^^^^^^^^^^^^^^^^^
AttributeError: 'Member' object has no attribute 'timed_out_until'
Ignoring exception in on_member_update
Traceback (most recent call last):
  File "/usr/local/lib/python3.12/site-packages/discord/client.py", line 465, in _run_event
    await coro(*args, **kwargs)
  File "/app/asu_discord/cogs/analytics.py", line 652, in on_member_update
    before_timeout = before.timed_out_until
                     ^^^^^^^^^^^^^^^^^^^^^^
AttributeError: 'Member' object has no attribute 'timed_out_until'
Ignoring exception in on_member_update
Traceback (most recent call last):
  File "/usr/local/lib/python3.12/site-packages/discord/client.py", line 465, in _run_event
    await coro(*args, **kwargs)
  File "/app/asu_discord/cogs/analytics.py", line 652, in on_member_update
    before_timeout = before.timed_out_until
                     ^^^^^^^^^^^^^^^^^^^^^^
AttributeError: 'Member' object has no attribute 'timed_out_until'
Ignoring exception in on_member_update
Traceback (most recent call last):
  File "/usr/local/lib/python3.12/site-packages/discord/client.py", line 465, in _run_event
    await coro(*args, **kwargs)
  File "/app/asu_discord/cogs/analytics.py", line 652, in on_member_update
    before_timeout = before.timed_out_until
                     ^^^^^^^^^^^^^^^^^^^^^^
AttributeError: 'Member' object has no attribute 'timed_out_until'
Ignoring exception in on_member_update
Traceback (most recent call last):
  File "/usr/local/lib/python3.12/site-packages/discord/client.py", line 465, in _run_event
    await coro(*args, **kwargs)
  File "/app/asu_discord/cogs/analytics.py", line 652, in on_member_update
    before_timeout = before.timed_out_until
                     ^^^^^^^^^^^^^^^^^^^^^^
AttributeError: 'Member' object has no attribute 'timed_out_until'
INFO:asu_discord.cogs.verification:Saved 5 roles to database for user ysumathi (Discord ID: 1108163371506864280)
INFO:asu_discord.cogs.verification:Refreshed Salesforce roles for Discord user 1108163371506864280: -5/+5 roles, assigned=[Arizona Resident, Commited, First Year, Ira A. Fulton Schools of Engineering, Tempe]
Ignoring exception in on_member_update
Traceback (most recent call last):
  File "/usr/local/lib/python3.12/site-packages/discord/client.py", line 465, in _run_event
    await coro(*args, **kwargs)
  File "/app/asu_discord/cogs/analytics.py", line 652, in on_member_update
    before_timeout = before.timed_out_until
                     ^^^^^^^^^^^^^^^^^^^^^^
AttributeError: 'Member' object has no attribute 'timed_out_until'
Ignoring exception in on_member_update
Traceback (most recent call last):
  File "/usr/local/lib/python3.12/site-packages/discord/client.py", line 465, in _run_event
    await coro(*args, **kwargs)
  File "/app/asu_discord/cogs/analytics.py", line 652, in on_member_update
    before_timeout = before.timed_out_until
                     ^^^^^^^^^^^^^^^^^^^^^^
AttributeError: 'Member' object has no attribute 'timed_out_until'
Ignoring exception in on_member_update
Traceback (most recent call last):
  File "/usr/local/lib/python3.12/site-packages/discord/client.py", line 465, in _run_event
    await coro(*args, **kwargs)
  File "/app/asu_discord/cogs/analytics.py", line 652, in on_member_update
    before_timeout = before.timed_out_until
                     ^^^^^^^^^^^^^^^^^^^^^^
AttributeError: 'Member' object has no attribute 'timed_out_until'
Ignoring exception in on_member_update
Traceback (most recent call last):
  File "/usr/local/lib/python3.12/site-packages/discord/client.py", line 465, in _run_event
    await coro(*args, **kwargs)
  File "/app/asu_discord/cogs/analytics.py", line 652, in on_member_update
    before_timeout = before.timed_out_until
                     ^^^^^^^^^^^^^^^^^^^^^^
AttributeError: 'Member' object has no attribute 'timed_out_until'
Ignoring exception in on_member_update
Traceback (most recent call last):
  File "/usr/local/lib/python3.12/site-packages/discord/client.py", line 465, in _run_event
    await coro(*args, **kwargs)
  File "/app/asu_discord/cogs/analytics.py", line 652, in on_member_update
    before_timeout = before.timed_out_until
                     ^^^^^^^^^^^^^^^^^^^^^^
AttributeError: 'Member' object has no attribute 'timed_out_until'
Ignoring exception in on_member_update
Traceback (most recent call last):
  File "/usr/local/lib/python3.12/site-packages/discord/client.py", line 465, in _run_event
    await coro(*args, **kwargs)
  File "/app/asu_discord/cogs/analytics.py", line 652, in on_member_update
    before_timeout = before.timed_out_until
                     ^^^^^^^^^^^^^^^^^^^^^^
AttributeError: 'Member' object has no attribute 'timed_out_until'
Ignoring exception in on_member_update
Traceback (most recent call last):
  File "/usr/local/lib/python3.12/site-packages/discord/client.py", line 465, in _run_event
    await coro(*args, **kwargs)
  File "/app/asu_discord/cogs/analytics.py", line 652, in on_member_update
    before_timeout = before.timed_out_until
                     ^^^^^^^^^^^^^^^^^^^^^^
AttributeError: 'Member' object has no attribute 'timed_out_until'
Ignoring exception in on_member_update
Traceback (most recent call last):
  File "/usr/local/lib/python3.12/site-packages/discord/client.py", line 465, in _run_event
    await coro(*args, **kwargs)
  File "/app/asu_discord/cogs/analytics.py", line 652, in on_member_update
    before_timeout = before.timed_out_until
                     ^^^^^^^^^^^^^^^^^^^^^^
AttributeError: 'Member' object has no attribute 'timed_out_until'
Ignoring exception in on_member_update
Traceback (most recent call last):
  File "/usr/local/lib/python3.12/site-packages/discord/client.py", line 465, in _run_event
    await coro(*args, **kwargs)
  File "/app/asu_discord/cogs/analytics.py", line 652, in on_member_update
    before_timeout = before.timed_out_until
                     ^^^^^^^^^^^^^^^^^^^^^^
AttributeError: 'Member' object has no attribute 'timed_out_until'
INFO:asu_discord.cogs.verification:Saved 5 roles to database for user dlacost4 (Discord ID: 1467359334286626970)
INFO:asu_discord.cogs.verification:Refreshed Salesforce roles for Discord user 1467359334286626970: -5/+4 roles, assigned=[Commited, First Year, Ira A. Fulton Schools of Engineering, Out of State, Tempe]
Ignoring exception in on_member_update
Traceback (most recent call last):
  File "/usr/local/lib/python3.12/site-packages/discord/client.py", line 465, in _run_event
    await coro(*args, **kwargs)
  File "/app/asu_discord/cogs/analytics.py", line 652, in on_member_update
    before_timeout = before.timed_out_until
                     ^^^^^^^^^^^^^^^^^^^^^^
AttributeError: 'Member' object has no attribute 'timed_out_until'
Ignoring exception in on_member_update
Traceback (most recent call last):
  File "/usr/local/lib/python3.12/site-packages/discord/client.py", line 465, in _run_event
    await coro(*args, **kwargs)
  File "/app/asu_discord/cogs/analytics.py", line 652, in on_member_update
    before_timeout = before.timed_out_until
                     ^^^^^^^^^^^^^^^^^^^^^^
AttributeError: 'Member' object has no attribute 'timed_out_until'
Ignoring exception in on_member_update
Traceback (most recent call last):
  File "/usr/local/lib/python3.12/site-packages/discord/client.py", line 465, in _run_event
    await coro(*args, **kwargs)
  File "/app/asu_discord/cogs/analytics.py", line 652, in on_member_update
    before_timeout = before.timed_out_until
                     ^^^^^^^^^^^^^^^^^^^^^^
AttributeError: 'Member' object has no attribute 'timed_out_until'
Ignoring exception in on_member_update
Traceback (most recent call last):
  File "/usr/local/lib/python3.12/site-packages/discord/client.py", line 465, in _run_event
    await coro(*args, **kwargs)
  File "/app/asu_discord/cogs/analytics.py", line 652, in on_member_update
    before_timeout = before.timed_out_until
                     ^^^^^^^^^^^^^^^^^^^^^^
AttributeError: 'Member' object has no attribute 'timed_out_until'
Ignoring exception in on_member_update
Traceback (most recent call last):
  File "/usr/local/lib/python3.12/site-packages/discord/client.py", line 465, in _run_event
    await coro(*args, **kwargs)
  File "/app/asu_discord/cogs/analytics.py", line 652, in on_member_update
    before_timeout = before.timed_out_until
                     ^^^^^^^^^^^^^^^^^^^^^^
AttributeError: 'Member' object has no attribute 'timed_out_until'
Ignoring exception in on_member_update
Traceback (most recent call last):
  File "/usr/local/lib/python3.12/site-packages/discord/client.py", line 465, in _run_event
    await coro(*args, **kwargs)
  File "/app/asu_discord/cogs/analytics.py", line 652, in on_member_update
    before_timeout = before.timed_out_until
                     ^^^^^^^^^^^^^^^^^^^^^^
AttributeError: 'Member' object has no attribute 'timed_out_until'
Ignoring exception in on_member_update
Traceback (most recent call last):
  File "/usr/local/lib/python3.12/site-packages/discord/client.py", line 465, in _run_event
    await coro(*args, **kwargs)
  File "/app/asu_discord/cogs/analytics.py", line 652, in on_member_update
    before_timeout = before.timed_out_until
                     ^^^^^^^^^^^^^^^^^^^^^^
AttributeError: 'Member' object has no attribute 'timed_out_until'
Ignoring exception in on_member_update
Traceback (most recent call last):
  File "/usr/local/lib/python3.12/site-packages/discord/client.py", line 465, in _run_event
    await coro(*args, **kwargs)
  File "/app/asu_discord/cogs/analytics.py", line 652, in on_member_update
    before_timeout = before.timed_out_until
                     ^^^^^^^^^^^^^^^^^^^^^^
AttributeError: 'Member' object has no attribute 'timed_out_until'
Ignoring exception in on_member_update
Traceback (most recent call last):
  File "/usr/local/lib/python3.12/site-packages/discord/client.py", line 465, in _run_event
    await coro(*args, **kwargs)
  File "/app/asu_discord/cogs/analytics.py", line 652, in on_member_update
    before_timeout = before.timed_out_until
                     ^^^^^^^^^^^^^^^^^^^^^^
AttributeError: 'Member' object has no attribute 'timed_out_until'
Ignoring exception in on_member_update
Traceback (most recent call last):
  File "/usr/local/lib/python3.12/site-packages/discord/client.py", line 465, in _run_event
    await coro(*args, **kwargs)
  File "/app/asu_discord/cogs/analytics.py", line 652, in on_member_update
    before_timeout = before.timed_out_until
                     ^^^^^^^^^^^^^^^^^^^^^^
AttributeError: 'Member' object has no attribute 'timed_out_until'
INFO:asu_discord.cogs.verification:Saved 5 roles to database for user ajime196 (Discord ID: 922299849444040754)
INFO:asu_discord.cogs.verification:Refreshed Salesforce roles for Discord user 922299849444040754: -5/+5 roles, assigned=[Arizona Resident, College of Liberal Arts and Sciences, First Generation Student, First Year, Tempe]
Ignoring exception in on_member_update
Traceback (most recent call last):
  File "/usr/local/lib/python3.12/site-packages/discord/client.py", line 465, in _run_event
    await coro(*args, **kwargs)
  File "/app/asu_discord/cogs/analytics.py", line 652, in on_member_update
    before_timeout = before.timed_out_until
                     ^^^^^^^^^^^^^^^^^^^^^^
AttributeError: 'Member' object has no attribute 'timed_out_until'
Ignoring exception in on_member_update
Traceback (most recent call last):
  File "/usr/local/lib/python3.12/site-packages/discord/client.py", line 465, in _run_event
    await coro(*args, **kwargs)
  File "/app/asu_discord/cogs/analytics.py", line 652, in on_member_update
    before_timeout = before.timed_out_until
                     ^^^^^^^^^^^^^^^^^^^^^^
AttributeError: 'Member' object has no attribute 'timed_out_until'
Ignoring exception in on_member_update
Traceback (most recent call last):
  File "/usr/local/lib/python3.12/site-packages/discord/client.py", line 465, in _run_event
    await coro(*args, **kwargs)
  File "/app/asu_discord/cogs/analytics.py", line 652, in on_member_update
    before_timeout = before.timed_out_until
                     ^^^^^^^^^^^^^^^^^^^^^^
AttributeError: 'Member' object has no attribute 'timed_out_until'
Ignoring exception in on_member_update
Traceback (most recent call last):
  File "/usr/local/lib/python3.12/site-packages/discord/client.py", line 465, in _run_event
    await coro(*args, **kwargs)
  File "/app/asu_discord/cogs/analytics.py", line 652, in on_member_update
    before_timeout = before.timed_out_until
                     ^^^^^^^^^^^^^^^^^^^^^^
AttributeError: 'Member' object has no attribute 'timed_out_until'
Ignoring exception in on_member_update
Traceback (most recent call last):
  File "/usr/local/lib/python3.12/site-packages/discord/client.py", line 465, in _run_event
    await coro(*args, **kwargs)
  File "/app/asu_discord/cogs/analytics.py", line 652, in on_member_update
    before_timeout = before.timed_out_until
                     ^^^^^^^^^^^^^^^^^^^^^^
AttributeError: 'Member' object has no attribute 'timed_out_until'
Ignoring exception in on_member_update
Traceback (most recent call last):
  File "/usr/local/lib/python3.12/site-packages/discord/client.py", line 465, in _run_event
    await coro(*args, **kwargs)
  File "/app/asu_discord/cogs/analytics.py", line 652, in on_member_update
    before_timeout = before.timed_out_until
                     ^^^^^^^^^^^^^^^^^^^^^^
AttributeError: 'Member' object has no attribute 'timed_out_until'
Ignoring exception in on_member_update
Traceback (most recent call last):
  File "/usr/local/lib/python3.12/site-packages/discord/client.py", line 465, in _run_event
    await coro(*args, **kwargs)
  File "/app/asu_discord/cogs/analytics.py", line 652, in on_member_update
    before_timeout = before.timed_out_until
                     ^^^^^^^^^^^^^^^^^^^^^^
AttributeError: 'Member' object has no attribute 'timed_out_until'
Ignoring exception in on_member_update
Traceback (most recent call last):
  File "/usr/local/lib/python3.12/site-packages/discord/client.py", line 465, in _run_event
    await coro(*args, **kwargs)
  File "/app/asu_discord/cogs/analytics.py", line 652, in on_member_update
    before_timeout = before.timed_out_until
                     ^^^^^^^^^^^^^^^^^^^^^^
AttributeError: 'Member' object has no attribute 'timed_out_until'
Ignoring exception in on_member_update
Traceback (most recent call last):
  File "/usr/local/lib/python3.12/site-packages/discord/client.py", line 465, in _run_event
    await coro(*args, **kwargs)
  File "/app/asu_discord/cogs/analytics.py", line 652, in on_member_update
    before_timeout = before.timed_out_until
                     ^^^^^^^^^^^^^^^^^^^^^^
AttributeError: 'Member' object has no attribute 'timed_out_until'
Ignoring exception in on_member_update
Traceback (most recent call last):
  File "/usr/local/lib/python3.12/site-packages/discord/client.py", line 465, in _run_event
    await coro(*args, **kwargs)
  File "/app/asu_discord/cogs/analytics.py", line 652, in on_member_update
    before_timeout = before.timed_out_until
                     ^^^^^^^^^^^^^^^^^^^^^^
AttributeError: 'Member' object has no attribute 'timed_out_until'
Ignoring exception in on_member_update
Traceback (most recent call last):
  File "/usr/local/lib/python3.12/site-packages/discord/client.py", line 465, in _run_event
    await coro(*args, **kwargs)
  File "/app/asu_discord/cogs/analytics.py", line 652, in on_member_update
    before_timeout = before.timed_out_until
                     ^^^^^^^^^^^^^^^^^^^^^^
AttributeError: 'Member' object has no attribute 'timed_out_until'
Ignoring exception in on_member_update
Traceback (most recent call last):
  File "/usr/local/lib/python3.12/site-packages/discord/client.py", line 465, in _run_event
    await coro(*args, **kwargs)
  File "/app/asu_discord/cogs/analytics.py", line 652, in on_member_update
    before_timeout = before.timed_out_until
                     ^^^^^^^^^^^^^^^^^^^^^^
AttributeError: 'Member' object has no attribute 'timed_out_until'
INFO:asu_discord.cogs.verification:Saved 6 roles to database for user snbeale (Discord ID: 1119366649166962759)
INFO:asu_discord.cogs.verification:Refreshed Salesforce roles for Discord user 1119366649166962759: -6/+6 roles, assigned=[Arizona Resident, College of Liberal Arts and Sciences, Commited, First Year, Tempe, Upperclassmen]
ERROR:cron.jobs:refresh_salesforce_roles: failed for vdonald (Discord ID 1122198702308737094): Failed to refresh Salesforce-based roles: Discord user 1122198702308737094 is not a member of the guild
Ignoring exception in on_member_update
Traceback (most recent call last):
  File "/usr/local/lib/python3.12/site-packages/discord/client.py", line 465, in _run_event
    await coro(*args, **kwargs)
  File "/app/asu_discord/cogs/analytics.py", line 652, in on_member_update
    before_timeout = before.timed_out_until
                     ^^^^^^^^^^^^^^^^^^^^^^
AttributeError: 'Member' object has no attribute 'timed_out_until'
Ignoring exception in on_member_update
Traceback (most recent call last):
  File "/usr/local/lib/python3.12/site-packages/discord/client.py", line 465, in _run_event
    await coro(*args, **kwargs)
  File "/app/asu_discord/cogs/analytics.py", line 652, in on_member_update
    before_timeout = before.timed_out_until
                     ^^^^^^^^^^^^^^^^^^^^^^
AttributeError: 'Member' object has no attribute 'timed_out_until'
Ignoring exception in on_member_update
Traceback (most recent call last):
  File "/usr/local/lib/python3.12/site-packages/discord/client.py", line 465, in _run_event
    await coro(*args, **kwargs)
  File "/app/asu_discord/cogs/analytics.py", line 652, in on_member_update
    before_timeout = before.timed_out_until
                     ^^^^^^^^^^^^^^^^^^^^^^
AttributeError: 'Member' object has no attribute 'timed_out_until'
Ignoring exception in on_member_update
Traceback (most recent call last):
  File "/usr/local/lib/python3.12/site-packages/discord/client.py", line 465, in _run_event
    await coro(*args, **kwargs)
  File "/app/asu_discord/cogs/analytics.py", line 652, in on_member_update
    before_timeout = before.timed_out_until
                     ^^^^^^^^^^^^^^^^^^^^^^
AttributeError: 'Member' object has no attribute 'timed_out_until'
Ignoring exception in on_member_update
Traceback (most recent call last):
  File "/usr/local/lib/python3.12/site-packages/discord/client.py", line 465, in _run_event
    await coro(*args, **kwargs)
  File "/app/asu_discord/cogs/analytics.py", line 652, in on_member_update
    before_timeout = before.timed_out_until
                     ^^^^^^^^^^^^^^^^^^^^^^
AttributeError: 'Member' object has no attribute 'timed_out_until'
Ignoring exception in on_member_update
Traceback (most recent call last):
  File "/usr/local/lib/python3.12/site-packages/discord/client.py", line 465, in _run_event
    await coro(*args, **kwargs)
  File "/app/asu_discord/cogs/analytics.py", line 652, in on_member_update
    before_timeout = before.timed_out_until
                     ^^^^^^^^^^^^^^^^^^^^^^
AttributeError: 'Member' object has no attribute 'timed_out_until'
Ignoring exception in on_member_update
Traceback (most recent call last):
  File "/usr/local/lib/python3.12/site-packages/discord/client.py", line 465, in _run_event
    await coro(*args, **kwargs)
  File "/app/asu_discord/cogs/analytics.py", line 652, in on_member_update
    before_timeout = before.timed_out_until
                     ^^^^^^^^^^^^^^^^^^^^^^
AttributeError: 'Member' object has no attribute 'timed_out_until'
Ignoring exception in on_member_update
Traceback (most recent call last):
  File "/usr/local/lib/python3.12/site-packages/discord/client.py", line 465, in _run_event
    await coro(*args, **kwargs)
  File "/app/asu_discord/cogs/analytics.py", line 652, in on_member_update
    before_timeout = before.timed_out_until
                     ^^^^^^^^^^^^^^^^^^^^^^
AttributeError: 'Member' object has no attribute 'timed_out_until'
Ignoring exception in on_member_update
Traceback (most recent call last):
  File "/usr/local/lib/python3.12/site-packages/discord/client.py", line 465, in _run_event
    await coro(*args, **kwargs)
  File "/app/asu_discord/cogs/analytics.py", line 652, in on_member_update
    before_timeout = before.timed_out_until
                     ^^^^^^^^^^^^^^^^^^^^^^
AttributeError: 'Member' object has no attribute 'timed_out_until'
Ignoring exception in on_member_update
Traceback (most recent call last):
  File "/usr/local/lib/python3.12/site-packages/discord/client.py", line 465, in _run_event
    await coro(*args, **kwargs)
  File "/app/asu_discord/cogs/analytics.py", line 652, in on_member_update
    before_timeout = before.timed_out_until
                     ^^^^^^^^^^^^^^^^^^^^^^
AttributeError: 'Member' object has no attribute 'timed_out_until'
INFO:asu_discord.cogs.verification:Saved 5 roles to database for user hblankfo (Discord ID: 859139185185390612)
INFO:asu_discord.cogs.verification:Refreshed Salesforce roles for Discord user 859139185185390612: -5/+5 roles, assigned=[Commited, First Year, Ira A. Fulton Schools of Engineering, Out of State, Tempe]
Ignoring exception in on_member_update
Traceback (most recent call last):
  File "/usr/local/lib/python3.12/site-packages/discord/client.py", line 465, in _run_event
    await coro(*args, **kwargs)
  File "/app/asu_discord/cogs/analytics.py", line 652, in on_member_update
    before_timeout = before.timed_out_until
                     ^^^^^^^^^^^^^^^^^^^^^^
AttributeError: 'Member' object has no attribute 'timed_out_until'
Ignoring exception in on_member_update
Traceback (most recent call last):
  File "/usr/local/lib/python3.12/site-packages/discord/client.py", line 465, in _run_event
    await coro(*args, **kwargs)
  File "/app/asu_discord/cogs/analytics.py", line 652, in on_member_update
    before_timeout = before.timed_out_until
                     ^^^^^^^^^^^^^^^^^^^^^^
AttributeError: 'Member' object has no attribute 'timed_out_until'
Ignoring exception in on_member_update
Traceback (most recent call last):
  File "/usr/local/lib/python3.12/site-packages/discord/client.py", line 465, in _run_event
    await coro(*args, **kwargs)
  File "/app/asu_discord/cogs/analytics.py", line 652, in on_member_update
    before_timeout = before.timed_out_until
                     ^^^^^^^^^^^^^^^^^^^^^^
AttributeError: 'Member' object has no attribute 'timed_out_until'
Ignoring exception in on_member_update
Traceback (most recent call last):
  File "/usr/local/lib/python3.12/site-packages/discord/client.py", line 465, in _run_event
    await coro(*args, **kwargs)
  File "/app/asu_discord/cogs/analytics.py", line 652, in on_member_update
    before_timeout = before.timed_out_until
                     ^^^^^^^^^^^^^^^^^^^^^^
AttributeError: 'Member' object has no attribute 'timed_out_until'
Ignoring exception in on_member_update
Traceback (most recent call last):
  File "/usr/local/lib/python3.12/site-packages/discord/client.py", line 465, in _run_event
    await coro(*args, **kwargs)
  File "/app/asu_discord/cogs/analytics.py", line 652, in on_member_update
    before_timeout = before.timed_out_until
                     ^^^^^^^^^^^^^^^^^^^^^^
AttributeError: 'Member' object has no attribute 'timed_out_until'
Ignoring exception in on_member_update
Traceback (most recent call last):
  File "/usr/local/lib/python3.12/site-packages/discord/client.py", line 465, in _run_event
    await coro(*args, **kwargs)
  File "/app/asu_discord/cogs/analytics.py", line 652, in on_member_update
    before_timeout = before.timed_out_until
                     ^^^^^^^^^^^^^^^^^^^^^^
AttributeError: 'Member' object has no attribute 'timed_out_until'
Ignoring exception in on_member_update
Traceback (most recent call last):
  File "/usr/local/lib/python3.12/site-packages/discord/client.py", line 465, in _run_event
    await coro(*args, **kwargs)
  File "/app/asu_discord/cogs/analytics.py", line 652, in on_member_update
    before_timeout = before.timed_out_until
                     ^^^^^^^^^^^^^^^^^^^^^^
AttributeError: 'Member' object has no attribute 'timed_out_until'
Ignoring exception in on_member_update
Traceback (most recent call last):
  File "/usr/local/lib/python3.12/site-packages/discord/client.py", line 465, in _run_event
    await coro(*args, **kwargs)
  File "/app/asu_discord/cogs/analytics.py", line 652, in on_member_update
    before_timeout = before.timed_out_until
                     ^^^^^^^^^^^^^^^^^^^^^^
AttributeError: 'Member' object has no attribute 'timed_out_until'
Ignoring exception in on_member_update
Traceback (most recent call last):
  File "/usr/local/lib/python3.12/site-packages/discord/client.py", line 465, in _run_event
    await coro(*args, **kwargs)
  File "/app/asu_discord/cogs/analytics.py", line 652, in on_member_update
    before_timeout = before.timed_out_until
                     ^^^^^^^^^^^^^^^^^^^^^^
AttributeError: 'Member' object has no attribute 'timed_out_until'
Ignoring exception in on_member_update
Traceback (most recent call last):
  File "/usr/local/lib/python3.12/site-packages/discord/client.py", line 465, in _run_event
    await coro(*args, **kwargs)
  File "/app/asu_discord/cogs/analytics.py", line 652, in on_member_update
    before_timeout = before.timed_out_until
                     ^^^^^^^^^^^^^^^^^^^^^^
AttributeError: 'Member' object has no attribute 'timed_out_until'
Ignoring exception in on_member_update
Traceback (most recent call last):
  File "/usr/local/lib/python3.12/site-packages/discord/client.py", line 465, in _run_event
    await coro(*args, **kwargs)
  File "/app/asu_discord/cogs/analytics.py", line 652, in on_member_update
    before_timeout = before.timed_out_until
                     ^^^^^^^^^^^^^^^^^^^^^^
AttributeError: 'Member' object has no attribute 'timed_out_until'
INFO:asu_discord.cogs.verification:Saved 6 roles to database for user actrave1 (Discord ID: 1467093134449311756)
INFO:asu_discord.cogs.verification:Refreshed Salesforce roles for Discord user 1467093134449311756: -5/+6 roles, assigned=[College of Liberal Arts and Sciences, Commited, First Generation Student, First Year, Out of State, Tempe]
Ignoring exception in on_member_update
Traceback (most recent call last):
  File "/usr/local/lib/python3.12/site-packages/discord/client.py", line 465, in _run_event
    await coro(*args, **kwargs)
  File "/app/asu_discord/cogs/analytics.py", line 652, in on_member_update
    before_timeout = before.timed_out_until
                     ^^^^^^^^^^^^^^^^^^^^^^
AttributeError: 'Member' object has no attribute 'timed_out_until'
Ignoring exception in on_member_update
Traceback (most recent call last):
  File "/usr/local/lib/python3.12/site-packages/discord/client.py", line 465, in _run_event
    await coro(*args, **kwargs)
  File "/app/asu_discord/cogs/analytics.py", line 652, in on_member_update
    before_timeout = before.timed_out_until
                     ^^^^^^^^^^^^^^^^^^^^^^
AttributeError: 'Member' object has no attribute 'timed_out_until'
Ignoring exception in on_member_update
Traceback (most recent call last):
  File "/usr/local/lib/python3.12/site-packages/discord/client.py", line 465, in _run_event
    await coro(*args, **kwargs)
  File "/app/asu_discord/cogs/analytics.py", line 652, in on_member_update
    before_timeout = before.timed_out_until
                     ^^^^^^^^^^^^^^^^^^^^^^
AttributeError: 'Member' object has no attribute 'timed_out_until'
Ignoring exception in on_member_update
Traceback (most recent call last):
  File "/usr/local/lib/python3.12/site-packages/discord/client.py", line 465, in _run_event
    await coro(*args, **kwargs)
  File "/app/asu_discord/cogs/analytics.py", line 652, in on_member_update
    before_timeout = before.timed_out_until
                     ^^^^^^^^^^^^^^^^^^^^^^
AttributeError: 'Member' object has no attribute 'timed_out_until'
Ignoring exception in on_member_update
Traceback (most recent call last):
  File "/usr/local/lib/python3.12/site-packages/discord/client.py", line 465, in _run_event
    await coro(*args, **kwargs)
  File "/app/asu_discord/cogs/analytics.py", line 652, in on_member_update
    before_timeout = before.timed_out_until
                     ^^^^^^^^^^^^^^^^^^^^^^
AttributeError: 'Member' object has no attribute 'timed_out_until'
Ignoring exception in on_member_update
Traceback (most recent call last):
  File "/usr/local/lib/python3.12/site-packages/discord/client.py", line 465, in _run_event
    await coro(*args, **kwargs)
  File "/app/asu_discord/cogs/analytics.py", line 652, in on_member_update
    before_timeout = before.timed_out_until
                     ^^^^^^^^^^^^^^^^^^^^^^
AttributeError: 'Member' object has no attribute 'timed_out_until'
Ignoring exception in on_member_update
Traceback (most recent call last):
  File "/usr/local/lib/python3.12/site-packages/discord/client.py", line 465, in _run_event
    await coro(*args, **kwargs)
  File "/app/asu_discord/cogs/analytics.py", line 652, in on_member_update
    before_timeout = before.timed_out_until
                     ^^^^^^^^^^^^^^^^^^^^^^
AttributeError: 'Member' object has no attribute 'timed_out_until'
Ignoring exception in on_member_update
Traceback (most recent call last):
  File "/usr/local/lib/python3.12/site-packages/discord/client.py", line 465, in _run_event
    await coro(*args, **kwargs)
  File "/app/asu_discord/cogs/analytics.py", line 652, in on_member_update
    before_timeout = before.timed_out_until
                     ^^^^^^^^^^^^^^^^^^^^^^
AttributeError: 'Member' object has no attribute 'timed_out_until'
INFO:asu_discord.cogs.verification:Saved 4 roles to database for user evancli (Discord ID: 1337549996664422441)
INFO:asu_discord.cogs.verification:Refreshed Salesforce roles for Discord user 1337549996664422441: -4/+4 roles, assigned=[First Year, Ira A. Fulton Schools of Engineering, Out of State, Tempe]
Ignoring exception in on_member_update
Traceback (most recent call last):
  File "/usr/local/lib/python3.12/site-packages/discord/client.py", line 465, in _run_event
    await coro(*args, **kwargs)
  File "/app/asu_discord/cogs/analytics.py", line 652, in on_member_update
    before_timeout = before.timed_out_until
                     ^^^^^^^^^^^^^^^^^^^^^^
AttributeError: 'Member' object has no attribute 'timed_out_until'
Ignoring exception in on_member_update
Traceback (most recent call last):
  File "/usr/local/lib/python3.12/site-packages/discord/client.py", line 465, in _run_event
    await coro(*args, **kwargs)
  File "/app/asu_discord/cogs/analytics.py", line 652, in on_member_update
    before_timeout = before.timed_out_until
                     ^^^^^^^^^^^^^^^^^^^^^^
AttributeError: 'Member' object has no attribute 'timed_out_until'
Ignoring exception in on_member_update
Traceback (most recent call last):
  File "/usr/local/lib/python3.12/site-packages/discord/client.py", line 465, in _run_event
    await coro(*args, **kwargs)
  File "/app/asu_discord/cogs/analytics.py", line 652, in on_member_update
    before_timeout = before.timed_out_until
                     ^^^^^^^^^^^^^^^^^^^^^^
AttributeError: 'Member' object has no attribute 'timed_out_until'
Ignoring exception in on_member_update
Traceback (most recent call last):
  File "/usr/local/lib/python3.12/site-packages/discord/client.py", line 465, in _run_event
    await coro(*args, **kwargs)
  File "/app/asu_discord/cogs/analytics.py", line 652, in on_member_update
    before_timeout = before.timed_out_until
                     ^^^^^^^^^^^^^^^^^^^^^^
AttributeError: 'Member' object has no attribute 'timed_out_until'
Ignoring exception in on_member_update
Traceback (most recent call last):
  File "/usr/local/lib/python3.12/site-packages/discord/client.py", line 465, in _run_event
    await coro(*args, **kwargs)
  File "/app/asu_discord/cogs/analytics.py", line 652, in on_member_update
    before_timeout = before.timed_out_until
                     ^^^^^^^^^^^^^^^^^^^^^^
AttributeError: 'Member' object has no attribute 'timed_out_until'
Ignoring exception in on_member_update
Traceback (most recent call last):
  File "/usr/local/lib/python3.12/site-packages/discord/client.py", line 465, in _run_event
    await coro(*args, **kwargs)
  File "/app/asu_discord/cogs/analytics.py", line 652, in on_member_update
    before_timeout = before.timed_out_until
                     ^^^^^^^^^^^^^^^^^^^^^^
AttributeError: 'Member' object has no attribute 'timed_out_until'
INFO:asu_discord.cogs.verification:Saved 4 roles to database for user bdual (Discord ID: 758755310034354237)
INFO:asu_discord.cogs.verification:Refreshed Salesforce roles for Discord user 758755310034354237: -4/+3 roles, assigned=[Out of State, Tempe, Transfer Student, University College]
Ignoring exception in on_member_update
Traceback (most recent call last):
  File "/usr/local/lib/python3.12/site-packages/discord/client.py", line 465, in _run_event
    await coro(*args, **kwargs)
  File "/app/asu_discord/cogs/analytics.py", line 652, in on_member_update
    before_timeout = before.timed_out_until
                     ^^^^^^^^^^^^^^^^^^^^^^
AttributeError: 'Member' object has no attribute 'timed_out_until'
ERROR:cron.jobs:refresh_salesforce_roles: failed for jchern57 (Discord ID 772094744331419678): Failed to refresh Salesforce-based roles: Discord user 772094744331419678 is not a member of the guild
Ignoring exception in on_member_update
Traceback (most recent call last):
  File "/usr/local/lib/python3.12/site-packages/discord/client.py", line 465, in _run_event
    await coro(*args, **kwargs)
  File "/app/asu_discord/cogs/analytics.py", line 652, in on_member_update
    before_timeout = before.timed_out_until
                     ^^^^^^^^^^^^^^^^^^^^^^
AttributeError: 'Member' object has no attribute 'timed_out_until'
Ignoring exception in on_member_update
Traceback (most recent call last):
  File "/usr/local/lib/python3.12/site-packages/discord/client.py", line 465, in _run_event
    await coro(*args, **kwargs)
  File "/app/asu_discord/cogs/analytics.py", line 652, in on_member_update
    before_timeout = before.timed_out_until
                     ^^^^^^^^^^^^^^^^^^^^^^
AttributeError: 'Member' object has no attribute 'timed_out_until'
Ignoring exception in on_member_update
Traceback (most recent call last):
  File "/usr/local/lib/python3.12/site-packages/discord/client.py", line 465, in _run_event
    await coro(*args, **kwargs)
  File "/app/asu_discord/cogs/analytics.py", line 652, in on_member_update
    before_timeout = before.timed_out_until
                     ^^^^^^^^^^^^^^^^^^^^^^
AttributeError: 'Member' object has no attribute 'timed_out_until'
Ignoring exception in on_member_update
Traceback (most recent call last):
  File "/usr/local/lib/python3.12/site-packages/discord/client.py", line 465, in _run_event
    await coro(*args, **kwargs)
  File "/app/asu_discord/cogs/analytics.py", line 652, in on_member_update
    before_timeout = before.timed_out_until
                     ^^^^^^^^^^^^^^^^^^^^^^
AttributeError: 'Member' object has no attribute 'timed_out_until'
Ignoring exception in on_member_update
Traceback (most recent call last):
  File "/usr/local/lib/python3.12/site-packages/discord/client.py", line 465, in _run_event
    await coro(*args, **kwargs)
  File "/app/asu_discord/cogs/analytics.py", line 652, in on_member_update
    before_timeout = before.timed_out_until
                     ^^^^^^^^^^^^^^^^^^^^^^
AttributeError: 'Member' object has no attribute 'timed_out_until'
Ignoring exception in on_member_update
Traceback (most recent call last):
  File "/usr/local/lib/python3.12/site-packages/discord/client.py", line 465, in _run_event
    await coro(*args, **kwargs)
  File "/app/asu_discord/cogs/analytics.py", line 652, in on_member_update
    before_timeout = before.timed_out_until
                     ^^^^^^^^^^^^^^^^^^^^^^
AttributeError: 'Member' object has no attribute 'timed_out_until'
Ignoring exception in on_member_update
Traceback (most recent call last):
  File "/usr/local/lib/python3.12/site-packages/discord/client.py", line 465, in _run_event
    await coro(*args, **kwargs)
  File "/app/asu_discord/cogs/analytics.py", line 652, in on_member_update
    before_timeout = before.timed_out_until
                     ^^^^^^^^^^^^^^^^^^^^^^
AttributeError: 'Member' object has no attribute 'timed_out_until'
Ignoring exception in on_member_update
Traceback (most recent call last):
  File "/usr/local/lib/python3.12/site-packages/discord/client.py", line 465, in _run_event
    await coro(*args, **kwargs)
  File "/app/asu_discord/cogs/analytics.py", line 652, in on_member_update
    before_timeout = before.timed_out_until
                     ^^^^^^^^^^^^^^^^^^^^^^
AttributeError: 'Member' object has no attribute 'timed_out_until'
Ignoring exception in on_member_update
Traceback (most recent call last):
  File "/usr/local/lib/python3.12/site-packages/discord/client.py", line 465, in _run_event
    await coro(*args, **kwargs)
  File "/app/asu_discord/cogs/analytics.py", line 652, in on_member_update
    before_timeout = before.timed_out_until
                     ^^^^^^^^^^^^^^^^^^^^^^
AttributeError: 'Member' object has no attribute 'timed_out_until'
INFO:asu_discord.cogs.verification:Saved 5 roles to database for user aapowel8 (Discord ID: 398639475258949634)
INFO:asu_discord.cogs.verification:Refreshed Salesforce roles for Discord user 398639475258949634: -5/+4 roles, assigned=[Arizona Resident, Commited, First Year, Ira A. Fulton Schools of Engineering, Tempe]
Ignoring exception in on_member_update
Traceback (most recent call last):
  File "/usr/local/lib/python3.12/site-packages/discord/client.py", line 465, in _run_event
    await coro(*args, **kwargs)
  File "/app/asu_discord/cogs/analytics.py", line 652, in on_member_update
    before_timeout = before.timed_out_until
                     ^^^^^^^^^^^^^^^^^^^^^^
AttributeError: 'Member' object has no attribute 'timed_out_until'
Ignoring exception in on_member_update
Traceback (most recent call last):
  File "/usr/local/lib/python3.12/site-packages/discord/client.py", line 465, in _run_event
    await coro(*args, **kwargs)
  File "/app/asu_discord/cogs/analytics.py", line 652, in on_member_update
    before_timeout = before.timed_out_until
                     ^^^^^^^^^^^^^^^^^^^^^^
AttributeError: 'Member' object has no attribute 'timed_out_until'
Ignoring exception in on_member_update
Traceback (most recent call last):
  File "/usr/local/lib/python3.12/site-packages/discord/client.py", line 465, in _run_event
    await coro(*args, **kwargs)
  File "/app/asu_discord/cogs/analytics.py", line 652, in on_member_update
    before_timeout = before.timed_out_until
                     ^^^^^^^^^^^^^^^^^^^^^^
AttributeError: 'Member' object has no attribute 'timed_out_until'
Ignoring exception in on_member_update
Traceback (most recent call last):
  File "/usr/local/lib/python3.12/site-packages/discord/client.py", line 465, in _run_event
    await coro(*args, **kwargs)
  File "/app/asu_discord/cogs/analytics.py", line 652, in on_member_update
    before_timeout = before.timed_out_until
                     ^^^^^^^^^^^^^^^^^^^^^^
AttributeError: 'Member' object has no attribute 'timed_out_until'
Ignoring exception in on_member_update
Traceback (most recent call last):
  File "/usr/local/lib/python3.12/site-packages/discord/client.py", line 465, in _run_event
    await coro(*args, **kwargs)
  File "/app/asu_discord/cogs/analytics.py", line 652, in on_member_update
    before_timeout = before.timed_out_until
                     ^^^^^^^^^^^^^^^^^^^^^^
AttributeError: 'Member' object has no attribute 'timed_out_until'
Ignoring exception in on_member_update
Traceback (most recent call last):
  File "/usr/local/lib/python3.12/site-packages/discord/client.py", line 465, in _run_event
    await coro(*args, **kwargs)
  File "/app/asu_discord/cogs/analytics.py", line 652, in on_member_update
    before_timeout = before.timed_out_until
                     ^^^^^^^^^^^^^^^^^^^^^^
AttributeError: 'Member' object has no attribute 'timed_out_until'
Ignoring exception in on_member_update
Traceback (most recent call last):
  File "/usr/local/lib/python3.12/site-packages/discord/client.py", line 465, in _run_event
    await coro(*args, **kwargs)
  File "/app/asu_discord/cogs/analytics.py", line 652, in on_member_update
    before_timeout = before.timed_out_until
                     ^^^^^^^^^^^^^^^^^^^^^^
AttributeError: 'Member' object has no attribute 'timed_out_until'
Ignoring exception in on_member_update
Traceback (most recent call last):
  File "/usr/local/lib/python3.12/site-packages/discord/client.py", line 465, in _run_event
    await coro(*args, **kwargs)
  File "/app/asu_discord/cogs/analytics.py", line 652, in on_member_update
    before_timeout = before.timed_out_until
                     ^^^^^^^^^^^^^^^^^^^^^^
AttributeError: 'Member' object has no attribute 'timed_out_until'
Ignoring exception in on_member_update
Traceback (most recent call last):
  File "/usr/local/lib/python3.12/site-packages/discord/client.py", line 465, in _run_event
    await coro(*args, **kwargs)
  File "/app/asu_discord/cogs/analytics.py", line 652, in on_member_update
    before_timeout = before.timed_out_until
                     ^^^^^^^^^^^^^^^^^^^^^^
AttributeError: 'Member' object has no attribute 'timed_out_until'
Ignoring exception in on_member_update
Traceback (most recent call last):
  File "/usr/local/lib/python3.12/site-packages/discord/client.py", line 465, in _run_event
    await coro(*args, **kwargs)
  File "/app/asu_discord/cogs/analytics.py", line 652, in on_member_update
    before_timeout = before.timed_out_until
                     ^^^^^^^^^^^^^^^^^^^^^^
AttributeError: 'Member' object has no attribute 'timed_out_until'
INFO:asu_discord.cogs.verification:Saved 5 roles to database for user tikhan (Discord ID: 757728609824931890)
INFO:asu_discord.cogs.verification:Refreshed Salesforce roles for Discord user 757728609824931890: -5/+5 roles, assigned=[Arizona Resident, Commited, First Year, Ira A. Fulton Schools of Engineering, Tempe]
Ignoring exception in on_member_update
Traceback (most recent call last):
  File "/usr/local/lib/python3.12/site-packages/discord/client.py", line 465, in _run_event
    await coro(*args, **kwargs)
  File "/app/asu_discord/cogs/analytics.py", line 652, in on_member_update
    before_timeout = before.timed_out_until
                     ^^^^^^^^^^^^^^^^^^^^^^
AttributeError: 'Member' object has no attribute 'timed_out_until'
Ignoring exception in on_member_update
Traceback (most recent call last):
  File "/usr/local/lib/python3.12/site-packages/discord/client.py", line 465, in _run_event
    await coro(*args, **kwargs)
  File "/app/asu_discord/cogs/analytics.py", line 652, in on_member_update
    before_timeout = before.timed_out_until
                     ^^^^^^^^^^^^^^^^^^^^^^
AttributeError: 'Member' object has no attribute 'timed_out_until'
Ignoring exception in on_member_update
Traceback (most recent call last):
  File "/usr/local/lib/python3.12/site-packages/discord/client.py", line 465, in _run_event
    await coro(*args, **kwargs)
  File "/app/asu_discord/cogs/analytics.py", line 652, in on_member_update
    before_timeout = before.timed_out_until
                     ^^^^^^^^^^^^^^^^^^^^^^
AttributeError: 'Member' object has no attribute 'timed_out_until'
Ignoring exception in on_member_update
Traceback (most recent call last):
  File "/usr/local/lib/python3.12/site-packages/discord/client.py", line 465, in _run_event
    await coro(*args, **kwargs)
  File "/app/asu_discord/cogs/analytics.py", line 652, in on_member_update
    before_timeout = before.timed_out_until
                     ^^^^^^^^^^^^^^^^^^^^^^
AttributeError: 'Member' object has no attribute 'timed_out_until'
Ignoring exception in on_member_update
Traceback (most recent call last):
  File "/usr/local/lib/python3.12/site-packages/discord/client.py", line 465, in _run_event
    await coro(*args, **kwargs)
  File "/app/asu_discord/cogs/analytics.py", line 652, in on_member_update
    before_timeout = before.timed_out_until
                     ^^^^^^^^^^^^^^^^^^^^^^
AttributeError: 'Member' object has no attribute 'timed_out_until'
Ignoring exception in on_member_update
Traceback (most recent call last):
  File "/usr/local/lib/python3.12/site-packages/discord/client.py", line 465, in _run_event
    await coro(*args, **kwargs)
  File "/app/asu_discord/cogs/analytics.py", line 652, in on_member_update
    before_timeout = before.timed_out_until
                     ^^^^^^^^^^^^^^^^^^^^^^
AttributeError: 'Member' object has no attribute 'timed_out_until'
Ignoring exception in on_member_update
Traceback (most recent call last):
  File "/usr/local/lib/python3.12/site-packages/discord/client.py", line 465, in _run_event
    await coro(*args, **kwargs)
  File "/app/asu_discord/cogs/analytics.py", line 652, in on_member_update
    before_timeout = before.timed_out_until
                     ^^^^^^^^^^^^^^^^^^^^^^
AttributeError: 'Member' object has no attribute 'timed_out_until'
Ignoring exception in on_member_update
Traceback (most recent call last):
  File "/usr/local/lib/python3.12/site-packages/discord/client.py", line 465, in _run_event
    await coro(*args, **kwargs)
  File "/app/asu_discord/cogs/analytics.py", line 652, in on_member_update
    before_timeout = before.timed_out_until
                     ^^^^^^^^^^^^^^^^^^^^^^
AttributeError: 'Member' object has no attribute 'timed_out_until'
Ignoring exception in on_member_update
Traceback (most recent call last):
  File "/usr/local/lib/python3.12/site-packages/discord/client.py", line 465, in _run_event
    await coro(*args, **kwargs)
  File "/app/asu_discord/cogs/analytics.py", line 652, in on_member_update
    before_timeout = before.timed_out_until
                     ^^^^^^^^^^^^^^^^^^^^^^
AttributeError: 'Member' object has no attribute 'timed_out_until'
Ignoring exception in on_member_update
Traceback (most recent call last):
  File "/usr/local/lib/python3.12/site-packages/discord/client.py", line 465, in _run_event
    await coro(*args, **kwargs)
  File "/app/asu_discord/cogs/analytics.py", line 652, in on_member_update
    before_timeout = before.timed_out_until
                     ^^^^^^^^^^^^^^^^^^^^^^
AttributeError: 'Member' object has no attribute 'timed_out_until'
INFO:asu_discord.cogs.verification:Saved 5 roles to database for user cemacia1 (Discord ID: 571476503502782474)
INFO:asu_discord.cogs.verification:Refreshed Salesforce roles for Discord user 571476503502782474: -5/+5 roles, assigned=[Commited, First Year, International Student, New College of Interdisciplinary Arts and Sciences, West Valley]
Ignoring exception in on_member_update
Traceback (most recent call last):
  File "/usr/local/lib/python3.12/site-packages/discord/client.py", line 465, in _run_event
    await coro(*args, **kwargs)
  File "/app/asu_discord/cogs/analytics.py", line 652, in on_member_update
    before_timeout = before.timed_out_until
                     ^^^^^^^^^^^^^^^^^^^^^^
AttributeError: 'Member' object has no attribute 'timed_out_until'
Ignoring exception in on_member_update
Traceback (most recent call last):
  File "/usr/local/lib/python3.12/site-packages/discord/client.py", line 465, in _run_event
    await coro(*args, **kwargs)
  File "/app/asu_discord/cogs/analytics.py", line 652, in on_member_update
    before_timeout = before.timed_out_until
                     ^^^^^^^^^^^^^^^^^^^^^^
AttributeError: 'Member' object has no attribute 'timed_out_until'
Ignoring exception in on_member_update
Traceback (most recent call last):
  File "/usr/local/lib/python3.12/site-packages/discord/client.py", line 465, in _run_event
    await coro(*args, **kwargs)
  File "/app/asu_discord/cogs/analytics.py", line 652, in on_member_update
    before_timeout = before.timed_out_until
                     ^^^^^^^^^^^^^^^^^^^^^^
AttributeError: 'Member' object has no attribute 'timed_out_until'
Ignoring exception in on_member_update
Traceback (most recent call last):
  File "/usr/local/lib/python3.12/site-packages/discord/client.py", line 465, in _run_event
    await coro(*args, **kwargs)
  File "/app/asu_discord/cogs/analytics.py", line 652, in on_member_update
    before_timeout = before.timed_out_until
                     ^^^^^^^^^^^^^^^^^^^^^^
AttributeError: 'Member' object has no attribute 'timed_out_until'
Ignoring exception in on_member_update
Traceback (most recent call last):
  File "/usr/local/lib/python3.12/site-packages/discord/client.py", line 465, in _run_event
    await coro(*args, **kwargs)
  File "/app/asu_discord/cogs/analytics.py", line 652, in on_member_update
    before_timeout = before.timed_out_until
                     ^^^^^^^^^^^^^^^^^^^^^^
AttributeError: 'Member' object has no attribute 'timed_out_until'
Ignoring exception in on_member_update
Traceback (most recent call last):
  File "/usr/local/lib/python3.12/site-packages/discord/client.py", line 465, in _run_event
    await coro(*args, **kwargs)
  File "/app/asu_discord/cogs/analytics.py", line 652, in on_member_update
    before_timeout = before.timed_out_until
                     ^^^^^^^^^^^^^^^^^^^^^^
AttributeError: 'Member' object has no attribute 'timed_out_until'
Ignoring exception in on_member_update
Traceback (most recent call last):
  File "/usr/local/lib/python3.12/site-packages/discord/client.py", line 465, in _run_event
    await coro(*args, **kwargs)
  File "/app/asu_discord/cogs/analytics.py", line 652, in on_member_update
    before_timeout = before.timed_out_until
                     ^^^^^^^^^^^^^^^^^^^^^^
AttributeError: 'Member' object has no attribute 'timed_out_until'
Ignoring exception in on_member_update
Traceback (most recent call last):
  File "/usr/local/lib/python3.12/site-packages/discord/client.py", line 465, in _run_event
    await coro(*args, **kwargs)
  File "/app/asu_discord/cogs/analytics.py", line 652, in on_member_update
    before_timeout = before.timed_out_until
                     ^^^^^^^^^^^^^^^^^^^^^^
AttributeError: 'Member' object has no attribute 'timed_out_until'
Ignoring exception in on_member_update
Traceback (most recent call last):
  File "/usr/local/lib/python3.12/site-packages/discord/client.py", line 465, in _run_event
    await coro(*args, **kwargs)
  File "/app/asu_discord/cogs/analytics.py", line 652, in on_member_update
    before_timeout = before.timed_out_until
                     ^^^^^^^^^^^^^^^^^^^^^^
AttributeError: 'Member' object has no attribute 'timed_out_until'
Ignoring exception in on_member_update
Traceback (most recent call last):
  File "/usr/local/lib/python3.12/site-packages/discord/client.py", line 465, in _run_event
    await coro(*args, **kwargs)
  File "/app/asu_discord/cogs/analytics.py", line 652, in on_member_update
    before_timeout = before.timed_out_until
                     ^^^^^^^^^^^^^^^^^^^^^^
AttributeError: 'Member' object has no attribute 'timed_out_until'
INFO:asu_discord.cogs.verification:Saved 5 roles to database for user justin22 (Discord ID: 613978316923207680)
INFO:asu_discord.cogs.verification:Refreshed Salesforce roles for Discord user 613978316923207680: -5/+5 roles, assigned=[Arizona Resident, Commited, First Year, Ira A. Fulton Schools of Engineering, Tempe]
Ignoring exception in on_member_update
Traceback (most recent call last):
  File "/usr/local/lib/python3.12/site-packages/discord/client.py", line 465, in _run_event
    await coro(*args, **kwargs)
  File "/app/asu_discord/cogs/analytics.py", line 652, in on_member_update
    before_timeout = before.timed_out_until
                     ^^^^^^^^^^^^^^^^^^^^^^
AttributeError: 'Member' object has no attribute 'timed_out_until'
Ignoring exception in on_member_update
Traceback (most recent call last):
  File "/usr/local/lib/python3.12/site-packages/discord/client.py", line 465, in _run_event
    await coro(*args, **kwargs)
  File "/app/asu_discord/cogs/analytics.py", line 652, in on_member_update
    before_timeout = before.timed_out_until
                     ^^^^^^^^^^^^^^^^^^^^^^
AttributeError: 'Member' object has no attribute 'timed_out_until'
Ignoring exception in on_member_update
Traceback (most recent call last):
  File "/usr/local/lib/python3.12/site-packages/discord/client.py", line 465, in _run_event
    await coro(*args, **kwargs)
  File "/app/asu_discord/cogs/analytics.py", line 652, in on_member_update
    before_timeout = before.timed_out_until
                     ^^^^^^^^^^^^^^^^^^^^^^
AttributeError: 'Member' object has no attribute 'timed_out_until'
Ignoring exception in on_member_update
Traceback (most recent call last):
  File "/usr/local/lib/python3.12/site-packages/discord/client.py", line 465, in _run_event
    await coro(*args, **kwargs)
  File "/app/asu_discord/cogs/analytics.py", line 652, in on_member_update
    before_timeout = before.timed_out_until
                     ^^^^^^^^^^^^^^^^^^^^^^
AttributeError: 'Member' object has no attribute 'timed_out_until'
Ignoring exception in on_member_update
Traceback (most recent call last):
  File "/usr/local/lib/python3.12/site-packages/discord/client.py", line 465, in _run_event
    await coro(*args, **kwargs)
  File "/app/asu_discord/cogs/analytics.py", line 652, in on_member_update
    before_timeout = before.timed_out_until
                     ^^^^^^^^^^^^^^^^^^^^^^
AttributeError: 'Member' object has no attribute 'timed_out_until'
Ignoring exception in on_member_update
Traceback (most recent call last):
  File "/usr/local/lib/python3.12/site-packages/discord/client.py", line 465, in _run_event
    await coro(*args, **kwargs)
  File "/app/asu_discord/cogs/analytics.py", line 652, in on_member_update
    before_timeout = before.timed_out_until
                     ^^^^^^^^^^^^^^^^^^^^^^
AttributeError: 'Member' object has no attribute 'timed_out_until'
Ignoring exception in on_member_update
Traceback (most recent call last):
  File "/usr/local/lib/python3.12/site-packages/discord/client.py", line 465, in _run_event
    await coro(*args, **kwargs)
  File "/app/asu_discord/cogs/analytics.py", line 652, in on_member_update
    before_timeout = before.timed_out_until
                     ^^^^^^^^^^^^^^^^^^^^^^
AttributeError: 'Member' object has no attribute 'timed_out_until'
Ignoring exception in on_member_update
Traceback (most recent call last):
  File "/usr/local/lib/python3.12/site-packages/discord/client.py", line 465, in _run_event
    await coro(*args, **kwargs)
  File "/app/asu_discord/cogs/analytics.py", line 652, in on_member_update
    before_timeout = before.timed_out_until
                     ^^^^^^^^^^^^^^^^^^^^^^
AttributeError: 'Member' object has no attribute 'timed_out_until'
Ignoring exception in on_member_update
Traceback (most recent call last):
  File "/usr/local/lib/python3.12/site-packages/discord/client.py", line 465, in _run_event
    await coro(*args, **kwargs)
  File "/app/asu_discord/cogs/analytics.py", line 652, in on_member_update
    before_timeout = before.timed_out_until
                     ^^^^^^^^^^^^^^^^^^^^^^
AttributeError: 'Member' object has no attribute 'timed_out_until'
Ignoring exception in on_member_update
Traceback (most recent call last):
  File "/usr/local/lib/python3.12/site-packages/discord/client.py", line 465, in _run_event
    await coro(*args, **kwargs)
  File "/app/asu_discord/cogs/analytics.py", line 652, in on_member_update
    before_timeout = before.timed_out_until
                     ^^^^^^^^^^^^^^^^^^^^^^
AttributeError: 'Member' object has no attribute 'timed_out_until'
Ignoring exception in on_member_update
Traceback (most recent call last):
  File "/usr/local/lib/python3.12/site-packages/discord/client.py", line 465, in _run_event
    await coro(*args, **kwargs)
  File "/app/asu_discord/cogs/analytics.py", line 652, in on_member_update
    before_timeout = before.timed_out_until
                     ^^^^^^^^^^^^^^^^^^^^^^
AttributeError: 'Member' object has no attribute 'timed_out_until'
Ignoring exception in on_member_update
Traceback (most recent call last):
  File "/usr/local/lib/python3.12/site-packages/discord/client.py", line 465, in _run_event
    await coro(*args, **kwargs)
  File "/app/asu_discord/cogs/analytics.py", line 652, in on_member_update
    before_timeout = before.timed_out_until
                     ^^^^^^^^^^^^^^^^^^^^^^
AttributeError: 'Member' object has no attribute 'timed_out_until'
INFO:asu_discord.cogs.verification:Saved 6 roles to database for user ccruby (Discord ID: 1455399513434095627)
INFO:asu_discord.cogs.verification:Refreshed Salesforce roles for Discord user 1455399513434095627: -6/+6 roles, assigned=[College of Liberal Arts and Sciences, Commited, First Generation Student, First Year, Out of State, Tempe]
Ignoring exception in on_member_update
Traceback (most recent call last):
  File "/usr/local/lib/python3.12/site-packages/discord/client.py", line 465, in _run_event
    await coro(*args, **kwargs)
  File "/app/asu_discord/cogs/analytics.py", line 652, in on_member_update
    before_timeout = before.timed_out_until
                     ^^^^^^^^^^^^^^^^^^^^^^
AttributeError: 'Member' object has no attribute 'timed_out_until'
Ignoring exception in on_member_update
Traceback (most recent call last):
  File "/usr/local/lib/python3.12/site-packages/discord/client.py", line 465, in _run_event
    await coro(*args, **kwargs)
  File "/app/asu_discord/cogs/analytics.py", line 652, in on_member_update
    before_timeout = before.timed_out_until
                     ^^^^^^^^^^^^^^^^^^^^^^
AttributeError: 'Member' object has no attribute 'timed_out_until'
Ignoring exception in on_member_update
Traceback (most recent call last):
  File "/usr/local/lib/python3.12/site-packages/discord/client.py", line 465, in _run_event
    await coro(*args, **kwargs)
  File "/app/asu_discord/cogs/analytics.py", line 652, in on_member_update
    before_timeout = before.timed_out_until
                     ^^^^^^^^^^^^^^^^^^^^^^
AttributeError: 'Member' object has no attribute 'timed_out_until'
Ignoring exception in on_member_update
Traceback (most recent call last):
  File "/usr/local/lib/python3.12/site-packages/discord/client.py", line 465, in _run_event
    await coro(*args, **kwargs)
  File "/app/asu_discord/cogs/analytics.py", line 652, in on_member_update
    before_timeout = before.timed_out_until
                     ^^^^^^^^^^^^^^^^^^^^^^
AttributeError: 'Member' object has no attribute 'timed_out_until'
Ignoring exception in on_member_update
Traceback (most recent call last):
  File "/usr/local/lib/python3.12/site-packages/discord/client.py", line 465, in _run_event
    await coro(*args, **kwargs)
  File "/app/asu_discord/cogs/analytics.py", line 652, in on_member_update
    before_timeout = before.timed_out_until
                     ^^^^^^^^^^^^^^^^^^^^^^
AttributeError: 'Member' object has no attribute 'timed_out_until'
Ignoring exception in on_member_update
Traceback (most recent call last):
  File "/usr/local/lib/python3.12/site-packages/discord/client.py", line 465, in _run_event
    await coro(*args, **kwargs)
  File "/app/asu_discord/cogs/analytics.py", line 652, in on_member_update
    before_timeout = before.timed_out_until
                     ^^^^^^^^^^^^^^^^^^^^^^
AttributeError: 'Member' object has no attribute 'timed_out_until'
Ignoring exception in on_member_update
Traceback (most recent call last):
  File "/usr/local/lib/python3.12/site-packages/discord/client.py", line 465, in _run_event
    await coro(*args, **kwargs)
  File "/app/asu_discord/cogs/analytics.py", line 652, in on_member_update
    before_timeout = before.timed_out_until
                     ^^^^^^^^^^^^^^^^^^^^^^
AttributeError: 'Member' object has no attribute 'timed_out_until'
Ignoring exception in on_member_update
Traceback (most recent call last):
  File "/usr/local/lib/python3.12/site-packages/discord/client.py", line 465, in _run_event
    await coro(*args, **kwargs)
  File "/app/asu_discord/cogs/analytics.py", line 652, in on_member_update
    before_timeout = before.timed_out_until
                     ^^^^^^^^^^^^^^^^^^^^^^
AttributeError: 'Member' object has no attribute 'timed_out_until'
INFO:asu_discord.cogs.verification:Saved 4 roles to database for user nruanley (Discord ID: 996288317891031063)
INFO:asu_discord.cogs.verification:Refreshed Salesforce roles for Discord user 996288317891031063: -4/+4 roles, assigned=[Arizona Resident, First Year, Tempe, W.P. Carey School of Business]
ERROR:cron.jobs:refresh_salesforce_roles: failed for achisht1 (Discord ID 1467742028225052917): Failed to refresh Salesforce-based roles: Discord user 1467742028225052917 is not a member of the guild
Ignoring exception in on_member_update
Traceback (most recent call last):
  File "/usr/local/lib/python3.12/site-packages/discord/client.py", line 465, in _run_event
    await coro(*args, **kwargs)
  File "/app/asu_discord/cogs/analytics.py", line 652, in on_member_update
    before_timeout = before.timed_out_until
                     ^^^^^^^^^^^^^^^^^^^^^^
AttributeError: 'Member' object has no attribute 'timed_out_until'
Ignoring exception in on_member_update
Traceback (most recent call last):
  File "/usr/local/lib/python3.12/site-packages/discord/client.py", line 465, in _run_event
    await coro(*args, **kwargs)
  File "/app/asu_discord/cogs/analytics.py", line 652, in on_member_update
    before_timeout = before.timed_out_until
                     ^^^^^^^^^^^^^^^^^^^^^^
AttributeError: 'Member' object has no attribute 'timed_out_until'
Ignoring exception in on_member_update
Traceback (most recent call last):
  File "/usr/local/lib/python3.12/site-packages/discord/client.py", line 465, in _run_event
    await coro(*args, **kwargs)
  File "/app/asu_discord/cogs/analytics.py", line 652, in on_member_update
    before_timeout = before.timed_out_until
                     ^^^^^^^^^^^^^^^^^^^^^^
AttributeError: 'Member' object has no attribute 'timed_out_until'
Ignoring exception in on_member_update
Traceback (most recent call last):
  File "/usr/local/lib/python3.12/site-packages/discord/client.py", line 465, in _run_event
    await coro(*args, **kwargs)
  File "/app/asu_discord/cogs/analytics.py", line 652, in on_member_update
    before_timeout = before.timed_out_until
                     ^^^^^^^^^^^^^^^^^^^^^^
AttributeError: 'Member' object has no attribute 'timed_out_until'
Ignoring exception in on_member_update
Traceback (most recent call last):
  File "/usr/local/lib/python3.12/site-packages/discord/client.py", line 465, in _run_event
    await coro(*args, **kwargs)
  File "/app/asu_discord/cogs/analytics.py", line 652, in on_member_update
    before_timeout = before.timed_out_until
                     ^^^^^^^^^^^^^^^^^^^^^^
AttributeError: 'Member' object has no attribute 'timed_out_until'
Ignoring exception in on_member_update
Traceback (most recent call last):
  File "/usr/local/lib/python3.12/site-packages/discord/client.py", line 465, in _run_event
    await coro(*args, **kwargs)
  File "/app/asu_discord/cogs/analytics.py", line 652, in on_member_update
    before_timeout = before.timed_out_until
                     ^^^^^^^^^^^^^^^^^^^^^^
AttributeError: 'Member' object has no attribute 'timed_out_until'
Ignoring exception in on_member_update
Traceback (most recent call last):
  File "/usr/local/lib/python3.12/site-packages/discord/client.py", line 465, in _run_event
    await coro(*args, **kwargs)
  File "/app/asu_discord/cogs/analytics.py", line 652, in on_member_update
    before_timeout = before.timed_out_until
                     ^^^^^^^^^^^^^^^^^^^^^^
AttributeError: 'Member' object has no attribute 'timed_out_until'
Ignoring exception in on_member_update
Traceback (most recent call last):
  File "/usr/local/lib/python3.12/site-packages/discord/client.py", line 465, in _run_event
    await coro(*args, **kwargs)
  File "/app/asu_discord/cogs/analytics.py", line 652, in on_member_update
    before_timeout = before.timed_out_until
                     ^^^^^^^^^^^^^^^^^^^^^^
AttributeError: 'Member' object has no attribute 'timed_out_until'
Ignoring exception in on_member_update
Traceback (most recent call last):
  File "/usr/local/lib/python3.12/site-packages/discord/client.py", line 465, in _run_event
    await coro(*args, **kwargs)
  File "/app/asu_discord/cogs/analytics.py", line 652, in on_member_update
    before_timeout = before.timed_out_until
                     ^^^^^^^^^^^^^^^^^^^^^^
AttributeError: 'Member' object has no attribute 'timed_out_until'
Ignoring exception in on_member_update
Traceback (most recent call last):
  File "/usr/local/lib/python3.12/site-packages/discord/client.py", line 465, in _run_event
    await coro(*args, **kwargs)
  File "/app/asu_discord/cogs/analytics.py", line 652, in on_member_update
    before_timeout = before.timed_out_until
                     ^^^^^^^^^^^^^^^^^^^^^^
AttributeError: 'Member' object has no attribute 'timed_out_until'
INFO:asu_discord.cogs.verification:Saved 5 roles to database for user clesovsk (Discord ID: 833190641727045682)
INFO:asu_discord.cogs.verification:Refreshed Salesforce roles for Discord user 833190641727045682: -5/+5 roles, assigned=[Arizona Resident, Commited, First Year, Herberger Institute for Design and the Arts, Tempe]
Ignoring exception in on_member_update
Traceback (most recent call last):
  File "/usr/local/lib/python3.12/site-packages/discord/client.py", line 465, in _run_event
    await coro(*args, **kwargs)
  File "/app/asu_discord/cogs/analytics.py", line 652, in on_member_update
    before_timeout = before.timed_out_until
                     ^^^^^^^^^^^^^^^^^^^^^^
AttributeError: 'Member' object has no attribute 'timed_out_until'
Ignoring exception in on_member_update
Traceback (most recent call last):
  File "/usr/local/lib/python3.12/site-packages/discord/client.py", line 465, in _run_event
    await coro(*args, **kwargs)
  File "/app/asu_discord/cogs/analytics.py", line 652, in on_member_update
    before_timeout = before.timed_out_until
                     ^^^^^^^^^^^^^^^^^^^^^^
AttributeError: 'Member' object has no attribute 'timed_out_until'
Ignoring exception in on_member_update
Traceback (most recent call last):
  File "/usr/local/lib/python3.12/site-packages/discord/client.py", line 465, in _run_event
    await coro(*args, **kwargs)
  File "/app/asu_discord/cogs/analytics.py", line 652, in on_member_update
    before_timeout = before.timed_out_until
                     ^^^^^^^^^^^^^^^^^^^^^^
AttributeError: 'Member' object has no attribute 'timed_out_until'
Ignoring exception in on_member_update
Traceback (most recent call last):
  File "/usr/local/lib/python3.12/site-packages/discord/client.py", line 465, in _run_event
    await coro(*args, **kwargs)
  File "/app/asu_discord/cogs/analytics.py", line 652, in on_member_update
    before_timeout = before.timed_out_until
                     ^^^^^^^^^^^^^^^^^^^^^^
AttributeError: 'Member' object has no attribute 'timed_out_until'
Ignoring exception in on_member_update
Traceback (most recent call last):
  File "/usr/local/lib/python3.12/site-packages/discord/client.py", line 465, in _run_event
    await coro(*args, **kwargs)
  File "/app/asu_discord/cogs/analytics.py", line 652, in on_member_update
    before_timeout = before.timed_out_until
                     ^^^^^^^^^^^^^^^^^^^^^^
AttributeError: 'Member' object has no attribute 'timed_out_until'
Ignoring exception in on_member_update
Traceback (most recent call last):
  File "/usr/local/lib/python3.12/site-packages/discord/client.py", line 465, in _run_event
    await coro(*args, **kwargs)
  File "/app/asu_discord/cogs/analytics.py", line 652, in on_member_update
    before_timeout = before.timed_out_until
                     ^^^^^^^^^^^^^^^^^^^^^^
AttributeError: 'Member' object has no attribute 'timed_out_until'
Ignoring exception in on_member_update
Traceback (most recent call last):
  File "/usr/local/lib/python3.12/site-packages/discord/client.py", line 465, in _run_event
    await coro(*args, **kwargs)
  File "/app/asu_discord/cogs/analytics.py", line 652, in on_member_update
    before_timeout = before.timed_out_until
                     ^^^^^^^^^^^^^^^^^^^^^^
AttributeError: 'Member' object has no attribute 'timed_out_until'
Ignoring exception in on_member_update
Traceback (most recent call last):
  File "/usr/local/lib/python3.12/site-packages/discord/client.py", line 465, in _run_event
    await coro(*args, **kwargs)
  File "/app/asu_discord/cogs/analytics.py", line 652, in on_member_update
    before_timeout = before.timed_out_until
                     ^^^^^^^^^^^^^^^^^^^^^^
AttributeError: 'Member' object has no attribute 'timed_out_until'
Ignoring exception in on_member_update
Traceback (most recent call last):
  File "/usr/local/lib/python3.12/site-packages/discord/client.py", line 465, in _run_event
    await coro(*args, **kwargs)
  File "/app/asu_discord/cogs/analytics.py", line 652, in on_member_update
    before_timeout = before.timed_out_until
                     ^^^^^^^^^^^^^^^^^^^^^^
AttributeError: 'Member' object has no attribute 'timed_out_until'
INFO:asu_discord.cogs.verification:Saved 5 roles to database for user padmashr (Discord ID: 1245332279602184295)
INFO:asu_discord.cogs.verification:Refreshed Salesforce roles for Discord user 1245332279602184295: -4/+5 roles, assigned=[Commited, Graduate Student, International Student, Ira A. Fulton Schools of Engineering, Polytechnic]
Ignoring exception in on_member_update
Traceback (most recent call last):
  File "/usr/local/lib/python3.12/site-packages/discord/client.py", line 465, in _run_event
    await coro(*args, **kwargs)
  File "/app/asu_discord/cogs/analytics.py", line 652, in on_member_update
    before_timeout = before.timed_out_until
                     ^^^^^^^^^^^^^^^^^^^^^^
AttributeError: 'Member' object has no attribute 'timed_out_until'
Ignoring exception in on_member_update
Traceback (most recent call last):
  File "/usr/local/lib/python3.12/site-packages/discord/client.py", line 465, in _run_event
    await coro(*args, **kwargs)
  File "/app/asu_discord/cogs/analytics.py", line 652, in on_member_update
    before_timeout = before.timed_out_until
                     ^^^^^^^^^^^^^^^^^^^^^^
AttributeError: 'Member' object has no attribute 'timed_out_until'
Ignoring exception in on_member_update
Traceback (most recent call last):
  File "/usr/local/lib/python3.12/site-packages/discord/client.py", line 465, in _run_event
    await coro(*args, **kwargs)
  File "/app/asu_discord/cogs/analytics.py", line 652, in on_member_update
    before_timeout = before.timed_out_until
                     ^^^^^^^^^^^^^^^^^^^^^^
AttributeError: 'Member' object has no attribute 'timed_out_until'
Ignoring exception in on_member_update
Traceback (most recent call last):
  File "/usr/local/lib/python3.12/site-packages/discord/client.py", line 465, in _run_event
    await coro(*args, **kwargs)
  File "/app/asu_discord/cogs/analytics.py", line 652, in on_member_update
    before_timeout = before.timed_out_until
                     ^^^^^^^^^^^^^^^^^^^^^^
AttributeError: 'Member' object has no attribute 'timed_out_until'
Ignoring exception in on_member_update
Traceback (most recent call last):
  File "/usr/local/lib/python3.12/site-packages/discord/client.py", line 465, in _run_event
    await coro(*args, **kwargs)
  File "/app/asu_discord/cogs/analytics.py", line 652, in on_member_update
    before_timeout = before.timed_out_until
                     ^^^^^^^^^^^^^^^^^^^^^^
AttributeError: 'Member' object has no attribute 'timed_out_until'
Ignoring exception in on_member_update
Traceback (most recent call last):
  File "/usr/local/lib/python3.12/site-packages/discord/client.py", line 465, in _run_event
    await coro(*args, **kwargs)
  File "/app/asu_discord/cogs/analytics.py", line 652, in on_member_update
    before_timeout = before.timed_out_until
                     ^^^^^^^^^^^^^^^^^^^^^^
AttributeError: 'Member' object has no attribute 'timed_out_until'
Ignoring exception in on_member_update
Traceback (most recent call last):
  File "/usr/local/lib/python3.12/site-packages/discord/client.py", line 465, in _run_event
    await coro(*args, **kwargs)
  File "/app/asu_discord/cogs/analytics.py", line 652, in on_member_update
    before_timeout = before.timed_out_until
                     ^^^^^^^^^^^^^^^^^^^^^^
AttributeError: 'Member' object has no attribute 'timed_out_until'
Ignoring exception in on_member_update
Traceback (most recent call last):
  File "/usr/local/lib/python3.12/site-packages/discord/client.py", line 465, in _run_event
    await coro(*args, **kwargs)
  File "/app/asu_discord/cogs/analytics.py", line 652, in on_member_update
    before_timeout = before.timed_out_until
                     ^^^^^^^^^^^^^^^^^^^^^^
AttributeError: 'Member' object has no attribute 'timed_out_until'
Ignoring exception in on_member_update
Traceback (most recent call last):
  File "/usr/local/lib/python3.12/site-packages/discord/client.py", line 465, in _run_event
    await coro(*args, **kwargs)
  File "/app/asu_discord/cogs/analytics.py", line 652, in on_member_update
    before_timeout = before.timed_out_until
                     ^^^^^^^^^^^^^^^^^^^^^^
AttributeError: 'Member' object has no attribute 'timed_out_until'
Ignoring exception in on_member_update
Traceback (most recent call last):
  File "/usr/local/lib/python3.12/site-packages/discord/client.py", line 465, in _run_event
    await coro(*args, **kwargs)
  File "/app/asu_discord/cogs/analytics.py", line 652, in on_member_update
    before_timeout = before.timed_out_until
                     ^^^^^^^^^^^^^^^^^^^^^^
AttributeError: 'Member' object has no attribute 'timed_out_until'
INFO:asu_discord.cogs.verification:Saved 5 roles to database for user jpcole13 (Discord ID: 543654099619414017)
INFO:asu_discord.cogs.verification:Refreshed Salesforce roles for Discord user 543654099619414017: -5/+5 roles, assigned=[Arizona Resident, Commited, First Year, Ira A. Fulton Schools of Engineering, Tempe]
ERROR:cron.jobs:refresh_salesforce_roles: failed for unnabhda (Discord ID 726436967256162306): Failed to refresh Salesforce-based roles: Discord user 726436967256162306 is not a member of the guild
Ignoring exception in on_member_update
Traceback (most recent call last):
  File "/usr/local/lib/python3.12/site-packages/discord/client.py", line 465, in _run_event
    await coro(*args, **kwargs)
  File "/app/asu_discord/cogs/analytics.py", line 652, in on_member_update
    before_timeout = before.timed_out_until
                     ^^^^^^^^^^^^^^^^^^^^^^
AttributeError: 'Member' object has no attribute 'timed_out_until'
Ignoring exception in on_member_update
Traceback (most recent call last):
  File "/usr/local/lib/python3.12/site-packages/discord/client.py", line 465, in _run_event
    await coro(*args, **kwargs)
  File "/app/asu_discord/cogs/analytics.py", line 652, in on_member_update
    before_timeout = before.timed_out_until
                     ^^^^^^^^^^^^^^^^^^^^^^
AttributeError: 'Member' object has no attribute 'timed_out_until'
Ignoring exception in on_member_update
Traceback (most recent call last):
  File "/usr/local/lib/python3.12/site-packages/discord/client.py", line 465, in _run_event
    await coro(*args, **kwargs)
  File "/app/asu_discord/cogs/analytics.py", line 652, in on_member_update
    before_timeout = before.timed_out_until
                     ^^^^^^^^^^^^^^^^^^^^^^
AttributeError: 'Member' object has no attribute 'timed_out_until'
Ignoring exception in on_member_update
Traceback (most recent call last):
  File "/usr/local/lib/python3.12/site-packages/discord/client.py", line 465, in _run_event
    await coro(*args, **kwargs)
  File "/app/asu_discord/cogs/analytics.py", line 652, in on_member_update
    before_timeout = before.timed_out_until
                     ^^^^^^^^^^^^^^^^^^^^^^
AttributeError: 'Member' object has no attribute 'timed_out_until'
Ignoring exception in on_member_update
Traceback (most recent call last):
  File "/usr/local/lib/python3.12/site-packages/discord/client.py", line 465, in _run_event
    await coro(*args, **kwargs)
  File "/app/asu_discord/cogs/analytics.py", line 652, in on_member_update
    before_timeout = before.timed_out_until
                     ^^^^^^^^^^^^^^^^^^^^^^
AttributeError: 'Member' object has no attribute 'timed_out_until'
Ignoring exception in on_member_update
Traceback (most recent call last):
  File "/usr/local/lib/python3.12/site-packages/discord/client.py", line 465, in _run_event
    await coro(*args, **kwargs)
  File "/app/asu_discord/cogs/analytics.py", line 652, in on_member_update
    before_timeout = before.timed_out_until
                     ^^^^^^^^^^^^^^^^^^^^^^
AttributeError: 'Member' object has no attribute 'timed_out_until'
Ignoring exception in on_member_update
Traceback (most recent call last):
  File "/usr/local/lib/python3.12/site-packages/discord/client.py", line 465, in _run_event
    await coro(*args, **kwargs)
  File "/app/asu_discord/cogs/analytics.py", line 652, in on_member_update
    before_timeout = before.timed_out_until
                     ^^^^^^^^^^^^^^^^^^^^^^
AttributeError: 'Member' object has no attribute 'timed_out_until'
Ignoring exception in on_member_update
Traceback (most recent call last):
  File "/usr/local/lib/python3.12/site-packages/discord/client.py", line 465, in _run_event
    await coro(*args, **kwargs)
  File "/app/asu_discord/cogs/analytics.py", line 652, in on_member_update
    before_timeout = before.timed_out_until
                     ^^^^^^^^^^^^^^^^^^^^^^
AttributeError: 'Member' object has no attribute 'timed_out_until'
INFO:asu_discord.cogs.verification:Saved 4 roles to database for user jbaile94 (Discord ID: 1034602216100741141)
INFO:asu_discord.cogs.verification:Refreshed Salesforce roles for Discord user 1034602216100741141: -4/+4 roles, assigned=[Arizona Resident, First Year, Ira A. Fulton Schools of Engineering, Polytechnic]
Ignoring exception in on_member_update
Traceback (most recent call last):
  File "/usr/local/lib/python3.12/site-packages/discord/client.py", line 465, in _run_event
    await coro(*args, **kwargs)
  File "/app/asu_discord/cogs/analytics.py", line 652, in on_member_update
    before_timeout = before.timed_out_until
                     ^^^^^^^^^^^^^^^^^^^^^^
AttributeError: 'Member' object has no attribute 'timed_out_until'
Ignoring exception in on_member_update
Traceback (most recent call last):
  File "/usr/local/lib/python3.12/site-packages/discord/client.py", line 465, in _run_event
    await coro(*args, **kwargs)
  File "/app/asu_discord/cogs/analytics.py", line 652, in on_member_update
    before_timeout = before.timed_out_until
                     ^^^^^^^^^^^^^^^^^^^^^^
AttributeError: 'Member' object has no attribute 'timed_out_until'
Ignoring exception in on_member_update
Traceback (most recent call last):
  File "/usr/local/lib/python3.12/site-packages/discord/client.py", line 465, in _run_event
    await coro(*args, **kwargs)
  File "/app/asu_discord/cogs/analytics.py", line 652, in on_member_update
    before_timeout = before.timed_out_until
                     ^^^^^^^^^^^^^^^^^^^^^^
AttributeError: 'Member' object has no attribute 'timed_out_until'
Ignoring exception in on_member_update
Traceback (most recent call last):
  File "/usr/local/lib/python3.12/site-packages/discord/client.py", line 465, in _run_event
    await coro(*args, **kwargs)
  File "/app/asu_discord/cogs/analytics.py", line 652, in on_member_update
    before_timeout = before.timed_out_until
                     ^^^^^^^^^^^^^^^^^^^^^^
AttributeError: 'Member' object has no attribute 'timed_out_until'
Ignoring exception in on_member_update
Traceback (most recent call last):
  File "/usr/local/lib/python3.12/site-packages/discord/client.py", line 465, in _run_event
    await coro(*args, **kwargs)
  File "/app/asu_discord/cogs/analytics.py", line 652, in on_member_update
    before_timeout = before.timed_out_until
                     ^^^^^^^^^^^^^^^^^^^^^^
AttributeError: 'Member' object has no attribute 'timed_out_until'
Ignoring exception in on_member_update
Traceback (most recent call last):
  File "/usr/local/lib/python3.12/site-packages/discord/client.py", line 465, in _run_event
    await coro(*args, **kwargs)
  File "/app/asu_discord/cogs/analytics.py", line 652, in on_member_update
    before_timeout = before.timed_out_until
                     ^^^^^^^^^^^^^^^^^^^^^^
AttributeError: 'Member' object has no attribute 'timed_out_until'
Ignoring exception in on_member_update
Traceback (most recent call last):
  File "/usr/local/lib/python3.12/site-packages/discord/client.py", line 465, in _run_event
    await coro(*args, **kwargs)
  File "/app/asu_discord/cogs/analytics.py", line 652, in on_member_update
    before_timeout = before.timed_out_until
                     ^^^^^^^^^^^^^^^^^^^^^^
AttributeError: 'Member' object has no attribute 'timed_out_until'
Ignoring exception in on_member_update
Traceback (most recent call last):
  File "/usr/local/lib/python3.12/site-packages/discord/client.py", line 465, in _run_event
    await coro(*args, **kwargs)
  File "/app/asu_discord/cogs/analytics.py", line 652, in on_member_update
    before_timeout = before.timed_out_until
                     ^^^^^^^^^^^^^^^^^^^^^^
AttributeError: 'Member' object has no attribute 'timed_out_until'
Ignoring exception in on_member_update
Traceback (most recent call last):
  File "/usr/local/lib/python3.12/site-packages/discord/client.py", line 465, in _run_event
    await coro(*args, **kwargs)
  File "/app/asu_discord/cogs/analytics.py", line 652, in on_member_update
    before_timeout = before.timed_out_until
                     ^^^^^^^^^^^^^^^^^^^^^^
AttributeError: 'Member' object has no attribute 'timed_out_until'
Ignoring exception in on_member_update
Traceback (most recent call last):
  File "/usr/local/lib/python3.12/site-packages/discord/client.py", line 465, in _run_event
    await coro(*args, **kwargs)
  File "/app/asu_discord/cogs/analytics.py", line 652, in on_member_update
    before_timeout = before.timed_out_until
                     ^^^^^^^^^^^^^^^^^^^^^^
AttributeError: 'Member' object has no attribute 'timed_out_until'
INFO:asu_discord.cogs.verification:Saved 5 roles to database for user kfrank37 (Discord ID: 1125081910469730386)
INFO:asu_discord.cogs.verification:Refreshed Salesforce roles for Discord user 1125081910469730386: -5/+5 roles, assigned=[First Generation Student, First Year, Ira A. Fulton Schools of Engineering, Out of State, Tempe]
Ignoring exception in on_member_update
Traceback (most recent call last):
  File "/usr/local/lib/python3.12/site-packages/discord/client.py", line 465, in _run_event
    await coro(*args, **kwargs)
  File "/app/asu_discord/cogs/analytics.py", line 652, in on_member_update
    before_timeout = before.timed_out_until
                     ^^^^^^^^^^^^^^^^^^^^^^
AttributeError: 'Member' object has no attribute 'timed_out_until'
Ignoring exception in on_member_update
Traceback (most recent call last):
  File "/usr/local/lib/python3.12/site-packages/discord/client.py", line 465, in _run_event
    await coro(*args, **kwargs)
  File "/app/asu_discord/cogs/analytics.py", line 652, in on_member_update
    before_timeout = before.timed_out_until
                     ^^^^^^^^^^^^^^^^^^^^^^
AttributeError: 'Member' object has no attribute 'timed_out_until'
Ignoring exception in on_member_update
Traceback (most recent call last):
  File "/usr/local/lib/python3.12/site-packages/discord/client.py", line 465, in _run_event
    await coro(*args, **kwargs)
  File "/app/asu_discord/cogs/analytics.py", line 652, in on_member_update
    before_timeout = before.timed_out_until
                     ^^^^^^^^^^^^^^^^^^^^^^
AttributeError: 'Member' object has no attribute 'timed_out_until'
Ignoring exception in on_member_update
Traceback (most recent call last):
  File "/usr/local/lib/python3.12/site-packages/discord/client.py", line 465, in _run_event
    await coro(*args, **kwargs)
  File "/app/asu_discord/cogs/analytics.py", line 652, in on_member_update
    before_timeout = before.timed_out_until
                     ^^^^^^^^^^^^^^^^^^^^^^
AttributeError: 'Member' object has no attribute 'timed_out_until'
Ignoring exception in on_member_update
Traceback (most recent call last):
  File "/usr/local/lib/python3.12/site-packages/discord/client.py", line 465, in _run_event
    await coro(*args, **kwargs)
  File "/app/asu_discord/cogs/analytics.py", line 652, in on_member_update
    before_timeout = before.timed_out_until
                     ^^^^^^^^^^^^^^^^^^^^^^
AttributeError: 'Member' object has no attribute 'timed_out_until'
Ignoring exception in on_member_update
Traceback (most recent call last):
  File "/usr/local/lib/python3.12/site-packages/discord/client.py", line 465, in _run_event
    await coro(*args, **kwargs)
  File "/app/asu_discord/cogs/analytics.py", line 652, in on_member_update
    before_timeout = before.timed_out_until
                     ^^^^^^^^^^^^^^^^^^^^^^
AttributeError: 'Member' object has no attribute 'timed_out_until'
Ignoring exception in on_member_update
Traceback (most recent call last):
  File "/usr/local/lib/python3.12/site-packages/discord/client.py", line 465, in _run_event
    await coro(*args, **kwargs)
  File "/app/asu_discord/cogs/analytics.py", line 652, in on_member_update
    before_timeout = before.timed_out_until
                     ^^^^^^^^^^^^^^^^^^^^^^
AttributeError: 'Member' object has no attribute 'timed_out_until'
INFO:asu_discord.cogs.verification:Saved 4 roles to database for user arodric (Discord ID: 844644100351459369)
INFO:asu_discord.cogs.verification:Refreshed Salesforce roles for Discord user 844644100351459369: -3/+4 roles, assigned=[Graduate Student, International Student, New College of Interdisciplinary Arts and Sciences, West Valley]
Ignoring exception in on_member_update
Traceback (most recent call last):
  File "/usr/local/lib/python3.12/site-packages/discord/client.py", line 465, in _run_event
    await coro(*args, **kwargs)
  File "/app/asu_discord/cogs/analytics.py", line 652, in on_member_update
    before_timeout = before.timed_out_until
                     ^^^^^^^^^^^^^^^^^^^^^^
AttributeError: 'Member' object has no attribute 'timed_out_until'
Ignoring exception in on_member_update
Traceback (most recent call last):
  File "/usr/local/lib/python3.12/site-packages/discord/client.py", line 465, in _run_event
    await coro(*args, **kwargs)
  File "/app/asu_discord/cogs/analytics.py", line 652, in on_member_update
    before_timeout = before.timed_out_until
                     ^^^^^^^^^^^^^^^^^^^^^^
AttributeError: 'Member' object has no attribute 'timed_out_until'
Ignoring exception in on_member_update
Traceback (most recent call last):
  File "/usr/local/lib/python3.12/site-packages/discord/client.py", line 465, in _run_event
    await coro(*args, **kwargs)
  File "/app/asu_discord/cogs/analytics.py", line 652, in on_member_update
    before_timeout = before.timed_out_until
                     ^^^^^^^^^^^^^^^^^^^^^^
AttributeError: 'Member' object has no attribute 'timed_out_until'
Ignoring exception in on_member_update
Traceback (most recent call last):
  File "/usr/local/lib/python3.12/site-packages/discord/client.py", line 465, in _run_event
    await coro(*args, **kwargs)
  File "/app/asu_discord/cogs/analytics.py", line 652, in on_member_update
    before_timeout = before.timed_out_until
                     ^^^^^^^^^^^^^^^^^^^^^^
AttributeError: 'Member' object has no attribute 'timed_out_until'
Ignoring exception in on_member_update
Traceback (most recent call last):
  File "/usr/local/lib/python3.12/site-packages/discord/client.py", line 465, in _run_event
    await coro(*args, **kwargs)
  File "/app/asu_discord/cogs/analytics.py", line 652, in on_member_update
    before_timeout = before.timed_out_until
                     ^^^^^^^^^^^^^^^^^^^^^^
AttributeError: 'Member' object has no attribute 'timed_out_until'
Ignoring exception in on_member_update
Traceback (most recent call last):
  File "/usr/local/lib/python3.12/site-packages/discord/client.py", line 465, in _run_event
    await coro(*args, **kwargs)
  File "/app/asu_discord/cogs/analytics.py", line 652, in on_member_update
    before_timeout = before.timed_out_until
                     ^^^^^^^^^^^^^^^^^^^^^^
AttributeError: 'Member' object has no attribute 'timed_out_until'
Ignoring exception in on_member_update
Traceback (most recent call last):
  File "/usr/local/lib/python3.12/site-packages/discord/client.py", line 465, in _run_event
    await coro(*args, **kwargs)
  File "/app/asu_discord/cogs/analytics.py", line 652, in on_member_update
    before_timeout = before.timed_out_until
                     ^^^^^^^^^^^^^^^^^^^^^^
AttributeError: 'Member' object has no attribute 'timed_out_until'
Ignoring exception in on_member_update
Traceback (most recent call last):
  File "/usr/local/lib/python3.12/site-packages/discord/client.py", line 465, in _run_event
    await coro(*args, **kwargs)
  File "/app/asu_discord/cogs/analytics.py", line 652, in on_member_update
    before_timeout = before.timed_out_until
                     ^^^^^^^^^^^^^^^^^^^^^^
AttributeError: 'Member' object has no attribute 'timed_out_until'
Ignoring exception in on_member_update
Traceback (most recent call last):
  File "/usr/local/lib/python3.12/site-packages/discord/client.py", line 465, in _run_event
    await coro(*args, **kwargs)
  File "/app/asu_discord/cogs/analytics.py", line 652, in on_member_update
    before_timeout = before.timed_out_until
                     ^^^^^^^^^^^^^^^^^^^^^^
AttributeError: 'Member' object has no attribute 'timed_out_until'
Ignoring exception in on_member_update
Traceback (most recent call last):
  File "/usr/local/lib/python3.12/site-packages/discord/client.py", line 465, in _run_event
    await coro(*args, **kwargs)
  File "/app/asu_discord/cogs/analytics.py", line 652, in on_member_update
    before_timeout = before.timed_out_until
                     ^^^^^^^^^^^^^^^^^^^^^^
AttributeError: 'Member' object has no attribute 'timed_out_until'
Ignoring exception in on_member_update
Traceback (most recent call last):
  File "/usr/local/lib/python3.12/site-packages/discord/client.py", line 465, in _run_event
    await coro(*args, **kwargs)
  File "/app/asu_discord/cogs/analytics.py", line 652, in on_member_update
    before_timeout = before.timed_out_until
                     ^^^^^^^^^^^^^^^^^^^^^^
AttributeError: 'Member' object has no attribute 'timed_out_until'
INFO:asu_discord.cogs.verification:Saved 6 roles to database for user jdmend14 (Discord ID: 545773242330382336)
INFO:asu_discord.cogs.verification:Refreshed Salesforce roles for Discord user 545773242330382336: -5/+6 roles, assigned=[Arizona Resident, Commited, First Generation Student, First Year, Ira A. Fulton Schools of Engineering, Tempe]
Ignoring exception in on_member_update
Traceback (most recent call last):
  File "/usr/local/lib/python3.12/site-packages/discord/client.py", line 465, in _run_event
    await coro(*args, **kwargs)
  File "/app/asu_discord/cogs/analytics.py", line 652, in on_member_update
    before_timeout = before.timed_out_until
                     ^^^^^^^^^^^^^^^^^^^^^^
AttributeError: 'Member' object has no attribute 'timed_out_until'
Ignoring exception in on_member_update
Traceback (most recent call last):
  File "/usr/local/lib/python3.12/site-packages/discord/client.py", line 465, in _run_event
    await coro(*args, **kwargs)
  File "/app/asu_discord/cogs/analytics.py", line 652, in on_member_update
    before_timeout = before.timed_out_until
                     ^^^^^^^^^^^^^^^^^^^^^^
AttributeError: 'Member' object has no attribute 'timed_out_until'
Ignoring exception in on_member_update
Traceback (most recent call last):
  File "/usr/local/lib/python3.12/site-packages/discord/client.py", line 465, in _run_event
    await coro(*args, **kwargs)
  File "/app/asu_discord/cogs/analytics.py", line 652, in on_member_update
    before_timeout = before.timed_out_until
                     ^^^^^^^^^^^^^^^^^^^^^^
AttributeError: 'Member' object has no attribute 'timed_out_until'
Ignoring exception in on_member_update
Traceback (most recent call last):
  File "/usr/local/lib/python3.12/site-packages/discord/client.py", line 465, in _run_event
    await coro(*args, **kwargs)
  File "/app/asu_discord/cogs/analytics.py", line 652, in on_member_update
    before_timeout = before.timed_out_until
                     ^^^^^^^^^^^^^^^^^^^^^^
AttributeError: 'Member' object has no attribute 'timed_out_until'
Ignoring exception in on_member_update
Traceback (most recent call last):
  File "/usr/local/lib/python3.12/site-packages/discord/client.py", line 465, in _run_event
    await coro(*args, **kwargs)
  File "/app/asu_discord/cogs/analytics.py", line 652, in on_member_update
    before_timeout = before.timed_out_until
                     ^^^^^^^^^^^^^^^^^^^^^^
AttributeError: 'Member' object has no attribute 'timed_out_until'
Ignoring exception in on_member_update
Traceback (most recent call last):
  File "/usr/local/lib/python3.12/site-packages/discord/client.py", line 465, in _run_event
    await coro(*args, **kwargs)
  File "/app/asu_discord/cogs/analytics.py", line 652, in on_member_update
    before_timeout = before.timed_out_until
                     ^^^^^^^^^^^^^^^^^^^^^^
AttributeError: 'Member' object has no attribute 'timed_out_until'
Ignoring exception in on_member_update
Traceback (most recent call last):
  File "/usr/local/lib/python3.12/site-packages/discord/client.py", line 465, in _run_event
    await coro(*args, **kwargs)
  File "/app/asu_discord/cogs/analytics.py", line 652, in on_member_update
    before_timeout = before.timed_out_until
                     ^^^^^^^^^^^^^^^^^^^^^^
AttributeError: 'Member' object has no attribute 'timed_out_until'
Ignoring exception in on_member_update
Traceback (most recent call last):
  File "/usr/local/lib/python3.12/site-packages/discord/client.py", line 465, in _run_event
    await coro(*args, **kwargs)
  File "/app/asu_discord/cogs/analytics.py", line 652, in on_member_update
    before_timeout = before.timed_out_until
                     ^^^^^^^^^^^^^^^^^^^^^^
AttributeError: 'Member' object has no attribute 'timed_out_until'
INFO:asu_discord.cogs.verification:Saved 4 roles to database for user sshaury1 (Discord ID: 1092630468152803329)
INFO:asu_discord.cogs.verification:Refreshed Salesforce roles for Discord user 1092630468152803329: -4/+4 roles, assigned=[Arizona Resident, First Year, Ira A. Fulton Schools of Engineering, Tempe]
Ignoring exception in on_member_update
Traceback (most recent call last):
  File "/usr/local/lib/python3.12/site-packages/discord/client.py", line 465, in _run_event
    await coro(*args, **kwargs)
  File "/app/asu_discord/cogs/analytics.py", line 652, in on_member_update
    before_timeout = before.timed_out_until
                     ^^^^^^^^^^^^^^^^^^^^^^
AttributeError: 'Member' object has no attribute 'timed_out_until'
Ignoring exception in on_member_update
Traceback (most recent call last):
  File "/usr/local/lib/python3.12/site-packages/discord/client.py", line 465, in _run_event
    await coro(*args, **kwargs)
  File "/app/asu_discord/cogs/analytics.py", line 652, in on_member_update
    before_timeout = before.timed_out_until
                     ^^^^^^^^^^^^^^^^^^^^^^
AttributeError: 'Member' object has no attribute 'timed_out_until'
Ignoring exception in on_member_update
Traceback (most recent call last):
  File "/usr/local/lib/python3.12/site-packages/discord/client.py", line 465, in _run_event
    await coro(*args, **kwargs)
  File "/app/asu_discord/cogs/analytics.py", line 652, in on_member_update
    before_timeout = before.timed_out_until
                     ^^^^^^^^^^^^^^^^^^^^^^
AttributeError: 'Member' object has no attribute 'timed_out_until'
Ignoring exception in on_member_update
Traceback (most recent call last):
  File "/usr/local/lib/python3.12/site-packages/discord/client.py", line 465, in _run_event
    await coro(*args, **kwargs)
  File "/app/asu_discord/cogs/analytics.py", line 652, in on_member_update
    before_timeout = before.timed_out_until
                     ^^^^^^^^^^^^^^^^^^^^^^
AttributeError: 'Member' object has no attribute 'timed_out_until'
Ignoring exception in on_member_update
Traceback (most recent call last):
  File "/usr/local/lib/python3.12/site-packages/discord/client.py", line 465, in _run_event
    await coro(*args, **kwargs)
  File "/app/asu_discord/cogs/analytics.py", line 652, in on_member_update
    before_timeout = before.timed_out_until
                     ^^^^^^^^^^^^^^^^^^^^^^
AttributeError: 'Member' object has no attribute 'timed_out_until'
Ignoring exception in on_member_update
Traceback (most recent call last):
  File "/usr/local/lib/python3.12/site-packages/discord/client.py", line 465, in _run_event
    await coro(*args, **kwargs)
  File "/app/asu_discord/cogs/analytics.py", line 652, in on_member_update
    before_timeout = before.timed_out_until
                     ^^^^^^^^^^^^^^^^^^^^^^
AttributeError: 'Member' object has no attribute 'timed_out_until'
Ignoring exception in on_member_update
Traceback (most recent call last):
  File "/usr/local/lib/python3.12/site-packages/discord/client.py", line 465, in _run_event
    await coro(*args, **kwargs)
  File "/app/asu_discord/cogs/analytics.py", line 652, in on_member_update
    before_timeout = before.timed_out_until
                     ^^^^^^^^^^^^^^^^^^^^^^
AttributeError: 'Member' object has no attribute 'timed_out_until'
Ignoring exception in on_member_update
Traceback (most recent call last):
  File "/usr/local/lib/python3.12/site-packages/discord/client.py", line 465, in _run_event
    await coro(*args, **kwargs)
  File "/app/asu_discord/cogs/analytics.py", line 652, in on_member_update
    before_timeout = before.timed_out_until
                     ^^^^^^^^^^^^^^^^^^^^^^
AttributeError: 'Member' object has no attribute 'timed_out_until'
Ignoring exception in on_member_update
Traceback (most recent call last):
  File "/usr/local/lib/python3.12/site-packages/discord/client.py", line 465, in _run_event
    await coro(*args, **kwargs)
  File "/app/asu_discord/cogs/analytics.py", line 652, in on_member_update
    before_timeout = before.timed_out_until
                     ^^^^^^^^^^^^^^^^^^^^^^
AttributeError: 'Member' object has no attribute 'timed_out_until'
Ignoring exception in on_member_update
Traceback (most recent call last):
  File "/usr/local/lib/python3.12/site-packages/discord/client.py", line 465, in _run_event
    await coro(*args, **kwargs)
  File "/app/asu_discord/cogs/analytics.py", line 652, in on_member_update
    before_timeout = before.timed_out_until
                     ^^^^^^^^^^^^^^^^^^^^^^
AttributeError: 'Member' object has no attribute 'timed_out_until'
INFO:asu_discord.cogs.verification:Saved 5 roles to database for user dpourfar (Discord ID: 1366215868786151536)
INFO:asu_discord.cogs.verification:Refreshed Salesforce roles for Discord user 1366215868786151536: -5/+5 roles, assigned=[Arizona Resident, College of Integrative Sciences and Arts, Commited, First Year, Tempe]
Ignoring exception in on_member_update
Traceback (most recent call last):
  File "/usr/local/lib/python3.12/site-packages/discord/client.py", line 465, in _run_event
    await coro(*args, **kwargs)
  File "/app/asu_discord/cogs/analytics.py", line 652, in on_member_update
    before_timeout = before.timed_out_until
                     ^^^^^^^^^^^^^^^^^^^^^^
AttributeError: 'Member' object has no attribute 'timed_out_until'
Ignoring exception in on_member_update
Traceback (most recent call last):
  File "/usr/local/lib/python3.12/site-packages/discord/client.py", line 465, in _run_event
    await coro(*args, **kwargs)
  File "/app/asu_discord/cogs/analytics.py", line 652, in on_member_update
    before_timeout = before.timed_out_until
                     ^^^^^^^^^^^^^^^^^^^^^^
AttributeError: 'Member' object has no attribute 'timed_out_until'
Ignoring exception in on_member_update
Traceback (most recent call last):
  File "/usr/local/lib/python3.12/site-packages/discord/client.py", line 465, in _run_event
    await coro(*args, **kwargs)
  File "/app/asu_discord/cogs/analytics.py", line 652, in on_member_update
    before_timeout = before.timed_out_until
                     ^^^^^^^^^^^^^^^^^^^^^^
AttributeError: 'Member' object has no attribute 'timed_out_until'
Ignoring exception in on_member_update
Traceback (most recent call last):
  File "/usr/local/lib/python3.12/site-packages/discord/client.py", line 465, in _run_event
    await coro(*args, **kwargs)
  File "/app/asu_discord/cogs/analytics.py", line 652, in on_member_update
    before_timeout = before.timed_out_until
                     ^^^^^^^^^^^^^^^^^^^^^^
AttributeError: 'Member' object has no attribute 'timed_out_until'
Ignoring exception in on_member_update
Traceback (most recent call last):
  File "/usr/local/lib/python3.12/site-packages/discord/client.py", line 465, in _run_event
    await coro(*args, **kwargs)
  File "/app/asu_discord/cogs/analytics.py", line 652, in on_member_update
    before_timeout = before.timed_out_until
                     ^^^^^^^^^^^^^^^^^^^^^^
AttributeError: 'Member' object has no attribute 'timed_out_until'
Ignoring exception in on_member_update
Traceback (most recent call last):
  File "/usr/local/lib/python3.12/site-packages/discord/client.py", line 465, in _run_event
    await coro(*args, **kwargs)
  File "/app/asu_discord/cogs/analytics.py", line 652, in on_member_update
    before_timeout = before.timed_out_until
                     ^^^^^^^^^^^^^^^^^^^^^^
AttributeError: 'Member' object has no attribute 'timed_out_until'
Ignoring exception in on_member_update
Traceback (most recent call last):
  File "/usr/local/lib/python3.12/site-packages/discord/client.py", line 465, in _run_event
    await coro(*args, **kwargs)
  File "/app/asu_discord/cogs/analytics.py", line 652, in on_member_update
    before_timeout = before.timed_out_until
                     ^^^^^^^^^^^^^^^^^^^^^^
AttributeError: 'Member' object has no attribute 'timed_out_until'
Ignoring exception in on_member_update
Traceback (most recent call last):
  File "/usr/local/lib/python3.12/site-packages/discord/client.py", line 465, in _run_event
    await coro(*args, **kwargs)
  File "/app/asu_discord/cogs/analytics.py", line 652, in on_member_update
    before_timeout = before.timed_out_until
                     ^^^^^^^^^^^^^^^^^^^^^^
AttributeError: 'Member' object has no attribute 'timed_out_until'
Ignoring exception in on_member_update
Traceback (most recent call last):
  File "/usr/local/lib/python3.12/site-packages/discord/client.py", line 465, in _run_event
    await coro(*args, **kwargs)
  File "/app/asu_discord/cogs/analytics.py", line 652, in on_member_update
    before_timeout = before.timed_out_until
                     ^^^^^^^^^^^^^^^^^^^^^^
AttributeError: 'Member' object has no attribute 'timed_out_until'
Ignoring exception in on_member_update
Traceback (most recent call last):
  File "/usr/local/lib/python3.12/site-packages/discord/client.py", line 465, in _run_event
    await coro(*args, **kwargs)
  File "/app/asu_discord/cogs/analytics.py", line 652, in on_member_update
    before_timeout = before.timed_out_until
                     ^^^^^^^^^^^^^^^^^^^^^^
AttributeError: 'Member' object has no attribute 'timed_out_until'
Ignoring exception in on_member_update
Traceback (most recent call last):
  File "/usr/local/lib/python3.12/site-packages/discord/client.py", line 465, in _run_event
    await coro(*args, **kwargs)
  File "/app/asu_discord/cogs/analytics.py", line 652, in on_member_update
    before_timeout = before.timed_out_until
                     ^^^^^^^^^^^^^^^^^^^^^^
AttributeError: 'Member' object has no attribute 'timed_out_until'
Ignoring exception in on_member_update
Traceback (most recent call last):
  File "/usr/local/lib/python3.12/site-packages/discord/client.py", line 465, in _run_event
    await coro(*args, **kwargs)
  File "/app/asu_discord/cogs/analytics.py", line 652, in on_member_update
    before_timeout = before.timed_out_until
                     ^^^^^^^^^^^^^^^^^^^^^^
AttributeError: 'Member' object has no attribute 'timed_out_until'
INFO:asu_discord.cogs.verification:Saved 6 roles to database for user mdomin70 (Discord ID: 480924669046947841)
INFO:asu_discord.cogs.verification:Refreshed Salesforce roles for Discord user 480924669046947841: -6/+6 roles, assigned=[Arizona Resident, College of Liberal Arts and Sciences, Commited, First Generation Student, First Year, Tempe]
ERROR:cron.jobs:refresh_salesforce_roles: failed for eorteg27 (Discord ID 1318367420980920331): Failed to refresh Salesforce-based roles: Discord user 1318367420980920331 is not a member of the guild
Ignoring exception in on_member_update
Traceback (most recent call last):
  File "/usr/local/lib/python3.12/site-packages/discord/client.py", line 465, in _run_event
    await coro(*args, **kwargs)
  File "/app/asu_discord/cogs/analytics.py", line 652, in on_member_update
    before_timeout = before.timed_out_until
                     ^^^^^^^^^^^^^^^^^^^^^^
AttributeError: 'Member' object has no attribute 'timed_out_until'
Ignoring exception in on_member_update
Traceback (most recent call last):
  File "/usr/local/lib/python3.12/site-packages/discord/client.py", line 465, in _run_event
    await coro(*args, **kwargs)
  File "/app/asu_discord/cogs/analytics.py", line 652, in on_member_update
    before_timeout = before.timed_out_until
                     ^^^^^^^^^^^^^^^^^^^^^^
AttributeError: 'Member' object has no attribute 'timed_out_until'
Ignoring exception in on_member_update
Traceback (most recent call last):
  File "/usr/local/lib/python3.12/site-packages/discord/client.py", line 465, in _run_event
    await coro(*args, **kwargs)
  File "/app/asu_discord/cogs/analytics.py", line 652, in on_member_update
    before_timeout = before.timed_out_until
                     ^^^^^^^^^^^^^^^^^^^^^^
AttributeError: 'Member' object has no attribute 'timed_out_until'
Ignoring exception in on_member_update
Traceback (most recent call last):
  File "/usr/local/lib/python3.12/site-packages/discord/client.py", line 465, in _run_event
    await coro(*args, **kwargs)
  File "/app/asu_discord/cogs/analytics.py", line 652, in on_member_update
    before_timeout = before.timed_out_until
                     ^^^^^^^^^^^^^^^^^^^^^^
AttributeError: 'Member' object has no attribute 'timed_out_until'
Ignoring exception in on_member_update
Traceback (most recent call last):
  File "/usr/local/lib/python3.12/site-packages/discord/client.py", line 465, in _run_event
    await coro(*args, **kwargs)
  File "/app/asu_discord/cogs/analytics.py", line 652, in on_member_update
    before_timeout = before.timed_out_until
                     ^^^^^^^^^^^^^^^^^^^^^^
AttributeError: 'Member' object has no attribute 'timed_out_until'
Ignoring exception in on_member_update
Traceback (most recent call last):
  File "/usr/local/lib/python3.12/site-packages/discord/client.py", line 465, in _run_event
    await coro(*args, **kwargs)
  File "/app/asu_discord/cogs/analytics.py", line 652, in on_member_update
    before_timeout = before.timed_out_until
                     ^^^^^^^^^^^^^^^^^^^^^^
AttributeError: 'Member' object has no attribute 'timed_out_until'
Ignoring exception in on_member_update
Traceback (most recent call last):
  File "/usr/local/lib/python3.12/site-packages/discord/client.py", line 465, in _run_event
    await coro(*args, **kwargs)
  File "/app/asu_discord/cogs/analytics.py", line 652, in on_member_update
    before_timeout = before.timed_out_until
                     ^^^^^^^^^^^^^^^^^^^^^^
AttributeError: 'Member' object has no attribute 'timed_out_until'
Ignoring exception in on_member_update
Traceback (most recent call last):
  File "/usr/local/lib/python3.12/site-packages/discord/client.py", line 465, in _run_event
    await coro(*args, **kwargs)
  File "/app/asu_discord/cogs/analytics.py", line 652, in on_member_update
    before_timeout = before.timed_out_until
                     ^^^^^^^^^^^^^^^^^^^^^^
AttributeError: 'Member' object has no attribute 'timed_out_until'
Ignoring exception in on_member_update
Traceback (most recent call last):
  File "/usr/local/lib/python3.12/site-packages/discord/client.py", line 465, in _run_event
    await coro(*args, **kwargs)
  File "/app/asu_discord/cogs/analytics.py", line 652, in on_member_update
    before_timeout = before.timed_out_until
                     ^^^^^^^^^^^^^^^^^^^^^^
AttributeError: 'Member' object has no attribute 'timed_out_until'
Ignoring exception in on_member_update
Traceback (most recent call last):
  File "/usr/local/lib/python3.12/site-packages/discord/client.py", line 465, in _run_event
    await coro(*args, **kwargs)
  File "/app/asu_discord/cogs/analytics.py", line 652, in on_member_update
    before_timeout = before.timed_out_until
                     ^^^^^^^^^^^^^^^^^^^^^^
AttributeError: 'Member' object has no attribute 'timed_out_until'
INFO:asu_discord.cogs.verification:Saved 5 roles to database for user wcardo (Discord ID: 743991901459447868)
INFO:asu_discord.cogs.verification:Refreshed Salesforce roles for Discord user 743991901459447868: -5/+5 roles, assigned=[Commited, First Year, Ira A. Fulton Schools of Engineering, Out of State, Polytechnic]
Ignoring exception in on_member_update
Traceback (most recent call last):
  File "/usr/local/lib/python3.12/site-packages/discord/client.py", line 465, in _run_event
    await coro(*args, **kwargs)
  File "/app/asu_discord/cogs/analytics.py", line 652, in on_member_update
    before_timeout = before.timed_out_until
                     ^^^^^^^^^^^^^^^^^^^^^^
AttributeError: 'Member' object has no attribute 'timed_out_until'
Ignoring exception in on_member_update
Traceback (most recent call last):
  File "/usr/local/lib/python3.12/site-packages/discord/client.py", line 465, in _run_event
    await coro(*args, **kwargs)
  File "/app/asu_discord/cogs/analytics.py", line 652, in on_member_update
    before_timeout = before.timed_out_until
                     ^^^^^^^^^^^^^^^^^^^^^^
AttributeError: 'Member' object has no attribute 'timed_out_until'
Ignoring exception in on_member_update
Traceback (most recent call last):
  File "/usr/local/lib/python3.12/site-packages/discord/client.py", line 465, in _run_event
    await coro(*args, **kwargs)
  File "/app/asu_discord/cogs/analytics.py", line 652, in on_member_update
    before_timeout = before.timed_out_until
                     ^^^^^^^^^^^^^^^^^^^^^^
AttributeError: 'Member' object has no attribute 'timed_out_until'
Ignoring exception in on_member_update
Traceback (most recent call last):
  File "/usr/local/lib/python3.12/site-packages/discord/client.py", line 465, in _run_event
    await coro(*args, **kwargs)
  File "/app/asu_discord/cogs/analytics.py", line 652, in on_member_update
    before_timeout = before.timed_out_until
                     ^^^^^^^^^^^^^^^^^^^^^^
AttributeError: 'Member' object has no attribute 'timed_out_until'
Ignoring exception in on_member_update
Traceback (most recent call last):
  File "/usr/local/lib/python3.12/site-packages/discord/client.py", line 465, in _run_event
    await coro(*args, **kwargs)
  File "/app/asu_discord/cogs/analytics.py", line 652, in on_member_update
    before_timeout = before.timed_out_until
                     ^^^^^^^^^^^^^^^^^^^^^^
AttributeError: 'Member' object has no attribute 'timed_out_until'
Ignoring exception in on_member_update
Traceback (most recent call last):
  File "/usr/local/lib/python3.12/site-packages/discord/client.py", line 465, in _run_event
    await coro(*args, **kwargs)
  File "/app/asu_discord/cogs/analytics.py", line 652, in on_member_update
    before_timeout = before.timed_out_until
                     ^^^^^^^^^^^^^^^^^^^^^^
AttributeError: 'Member' object has no attribute 'timed_out_until'
Ignoring exception in on_member_update
Traceback (most recent call last):
  File "/usr/local/lib/python3.12/site-packages/discord/client.py", line 465, in _run_event
    await coro(*args, **kwargs)
  File "/app/asu_discord/cogs/analytics.py", line 652, in on_member_update
    before_timeout = before.timed_out_until
                     ^^^^^^^^^^^^^^^^^^^^^^
AttributeError: 'Member' object has no attribute 'timed_out_until'
Ignoring exception in on_member_update
Traceback (most recent call last):
  File "/usr/local/lib/python3.12/site-packages/discord/client.py", line 465, in _run_event
    await coro(*args, **kwargs)
  File "/app/asu_discord/cogs/analytics.py", line 652, in on_member_update
    before_timeout = before.timed_out_until
                     ^^^^^^^^^^^^^^^^^^^^^^
AttributeError: 'Member' object has no attribute 'timed_out_until'
Ignoring exception in on_member_update
Traceback (most recent call last):
  File "/usr/local/lib/python3.12/site-packages/discord/client.py", line 465, in _run_event
    await coro(*args, **kwargs)
  File "/app/asu_discord/cogs/analytics.py", line 652, in on_member_update
    before_timeout = before.timed_out_until
                     ^^^^^^^^^^^^^^^^^^^^^^
AttributeError: 'Member' object has no attribute 'timed_out_until'
Ignoring exception in on_member_update
Traceback (most recent call last):
  File "/usr/local/lib/python3.12/site-packages/discord/client.py", line 465, in _run_event
    await coro(*args, **kwargs)
  File "/app/asu_discord/cogs/analytics.py", line 652, in on_member_update
    before_timeout = before.timed_out_until
                     ^^^^^^^^^^^^^^^^^^^^^^
AttributeError: 'Member' object has no attribute 'timed_out_until'
INFO:asu_discord.cogs.verification:Saved 5 roles to database for user rachell5 (Discord ID: 780080093527146517)
INFO:asu_discord.cogs.verification:Refreshed Salesforce roles for Discord user 780080093527146517: -5/+5 roles, assigned=[Arizona Resident, College of Liberal Arts and Sciences, Commited, First Year, Tempe]
Ignoring exception in on_member_update
Traceback (most recent call last):
  File "/usr/local/lib/python3.12/site-packages/discord/client.py", line 465, in _run_event
    await coro(*args, **kwargs)
  File "/app/asu_discord/cogs/analytics.py", line 652, in on_member_update
    before_timeout = before.timed_out_until
                     ^^^^^^^^^^^^^^^^^^^^^^
AttributeError: 'Member' object has no attribute 'timed_out_until'
Ignoring exception in on_member_update
Traceback (most recent call last):
  File "/usr/local/lib/python3.12/site-packages/discord/client.py", line 465, in _run_event
    await coro(*args, **kwargs)
  File "/app/asu_discord/cogs/analytics.py", line 652, in on_member_update
    before_timeout = before.timed_out_until
                     ^^^^^^^^^^^^^^^^^^^^^^
AttributeError: 'Member' object has no attribute 'timed_out_until'
Ignoring exception in on_member_update
Traceback (most recent call last):
  File "/usr/local/lib/python3.12/site-packages/discord/client.py", line 465, in _run_event
    await coro(*args, **kwargs)
  File "/app/asu_discord/cogs/analytics.py", line 652, in on_member_update
    before_timeout = before.timed_out_until
                     ^^^^^^^^^^^^^^^^^^^^^^
AttributeError: 'Member' object has no attribute 'timed_out_until'
Ignoring exception in on_member_update
Traceback (most recent call last):
  File "/usr/local/lib/python3.12/site-packages/discord/client.py", line 465, in _run_event
    await coro(*args, **kwargs)
  File "/app/asu_discord/cogs/analytics.py", line 652, in on_member_update
    before_timeout = before.timed_out_until
                     ^^^^^^^^^^^^^^^^^^^^^^
AttributeError: 'Member' object has no attribute 'timed_out_until'
Ignoring exception in on_member_update
Traceback (most recent call last):
  File "/usr/local/lib/python3.12/site-packages/discord/client.py", line 465, in _run_event
    await coro(*args, **kwargs)
  File "/app/asu_discord/cogs/analytics.py", line 652, in on_member_update
    before_timeout = before.timed_out_until
                     ^^^^^^^^^^^^^^^^^^^^^^
AttributeError: 'Member' object has no attribute 'timed_out_until'
Ignoring exception in on_member_update
Traceback (most recent call last):
  File "/usr/local/lib/python3.12/site-packages/discord/client.py", line 465, in _run_event
    await coro(*args, **kwargs)
  File "/app/asu_discord/cogs/analytics.py", line 652, in on_member_update
    before_timeout = before.timed_out_until
                     ^^^^^^^^^^^^^^^^^^^^^^
AttributeError: 'Member' object has no attribute 'timed_out_until'
Ignoring exception in on_member_update
Traceback (most recent call last):
  File "/usr/local/lib/python3.12/site-packages/discord/client.py", line 465, in _run_event
    await coro(*args, **kwargs)
  File "/app/asu_discord/cogs/analytics.py", line 652, in on_member_update
    before_timeout = before.timed_out_until
                     ^^^^^^^^^^^^^^^^^^^^^^
AttributeError: 'Member' object has no attribute 'timed_out_until'
INFO:asu_discord.cogs.verification:Saved 4 roles to database for user afdeleo2 (Discord ID: 180175439656910848)
INFO:asu_discord.cogs.verification:Refreshed Salesforce roles for Discord user 180175439656910848: -3/+4 roles, assigned=[Arizona Resident, Ira A. Fulton Schools of Engineering, Tempe, Transfer Student]
Ignoring exception in on_member_update
Traceback (most recent call last):
  File "/usr/local/lib/python3.12/site-packages/discord/client.py", line 465, in _run_event
    await coro(*args, **kwargs)
  File "/app/asu_discord/cogs/analytics.py", line 652, in on_member_update
    before_timeout = before.timed_out_until
                     ^^^^^^^^^^^^^^^^^^^^^^
AttributeError: 'Member' object has no attribute 'timed_out_until'
Ignoring exception in on_member_update
Traceback (most recent call last):
  File "/usr/local/lib/python3.12/site-packages/discord/client.py", line 465, in _run_event
    await coro(*args, **kwargs)
  File "/app/asu_discord/cogs/analytics.py", line 652, in on_member_update
    before_timeout = before.timed_out_until
                     ^^^^^^^^^^^^^^^^^^^^^^
AttributeError: 'Member' object has no attribute 'timed_out_until'
INFO:asu_discord.cogs.verification:Saved 1 roles to database for user lsjimen2 (Discord ID: 1130301129129992292)
INFO:asu_discord.cogs.verification:Refreshed Salesforce roles for Discord user 1130301129129992292: -1/+1 roles, assigned=[Out of State]
Ignoring exception in on_member_update
Traceback (most recent call last):
  File "/usr/local/lib/python3.12/site-packages/discord/client.py", line 465, in _run_event
    await coro(*args, **kwargs)
  File "/app/asu_discord/cogs/analytics.py", line 652, in on_member_update
    before_timeout = before.timed_out_until
                     ^^^^^^^^^^^^^^^^^^^^^^
AttributeError: 'Member' object has no attribute 'timed_out_until'
Ignoring exception in on_member_update
Traceback (most recent call last):
  File "/usr/local/lib/python3.12/site-packages/discord/client.py", line 465, in _run_event
    await coro(*args, **kwargs)
  File "/app/asu_discord/cogs/analytics.py", line 652, in on_member_update
    before_timeout = before.timed_out_until
                     ^^^^^^^^^^^^^^^^^^^^^^
AttributeError: 'Member' object has no attribute 'timed_out_until'
Ignoring exception in on_member_update
Traceback (most recent call last):
  File "/usr/local/lib/python3.12/site-packages/discord/client.py", line 465, in _run_event
    await coro(*args, **kwargs)
  File "/app/asu_discord/cogs/analytics.py", line 652, in on_member_update
    before_timeout = before.timed_out_until
                     ^^^^^^^^^^^^^^^^^^^^^^
AttributeError: 'Member' object has no attribute 'timed_out_until'
Ignoring exception in on_member_update
Traceback (most recent call last):
  File "/usr/local/lib/python3.12/site-packages/discord/client.py", line 465, in _run_event
    await coro(*args, **kwargs)
  File "/app/asu_discord/cogs/analytics.py", line 652, in on_member_update
    before_timeout = before.timed_out_until
                     ^^^^^^^^^^^^^^^^^^^^^^
AttributeError: 'Member' object has no attribute 'timed_out_until'
Ignoring exception in on_member_update
Traceback (most recent call last):
  File "/usr/local/lib/python3.12/site-packages/discord/client.py", line 465, in _run_event
    await coro(*args, **kwargs)
  File "/app/asu_discord/cogs/analytics.py", line 652, in on_member_update
    before_timeout = before.timed_out_until
                     ^^^^^^^^^^^^^^^^^^^^^^
AttributeError: 'Member' object has no attribute 'timed_out_until'
Ignoring exception in on_member_update
Traceback (most recent call last):
  File "/usr/local/lib/python3.12/site-packages/discord/client.py", line 465, in _run_event
    await coro(*args, **kwargs)
  File "/app/asu_discord/cogs/analytics.py", line 652, in on_member_update
    before_timeout = before.timed_out_until
                     ^^^^^^^^^^^^^^^^^^^^^^
AttributeError: 'Member' object has no attribute 'timed_out_until'
Ignoring exception in on_member_update
Traceback (most recent call last):
  File "/usr/local/lib/python3.12/site-packages/discord/client.py", line 465, in _run_event
    await coro(*args, **kwargs)
  File "/app/asu_discord/cogs/analytics.py", line 652, in on_member_update
    before_timeout = before.timed_out_until
                     ^^^^^^^^^^^^^^^^^^^^^^
AttributeError: 'Member' object has no attribute 'timed_out_until'
Ignoring exception in on_member_update
Traceback (most recent call last):
  File "/usr/local/lib/python3.12/site-packages/discord/client.py", line 465, in _run_event
    await coro(*args, **kwargs)
  File "/app/asu_discord/cogs/analytics.py", line 652, in on_member_update
    before_timeout = before.timed_out_until
                     ^^^^^^^^^^^^^^^^^^^^^^
AttributeError: 'Member' object has no attribute 'timed_out_until'
Ignoring exception in on_member_update
Traceback (most recent call last):
  File "/usr/local/lib/python3.12/site-packages/discord/client.py", line 465, in _run_event
    await coro(*args, **kwargs)
  File "/app/asu_discord/cogs/analytics.py", line 652, in on_member_update
    before_timeout = before.timed_out_until
                     ^^^^^^^^^^^^^^^^^^^^^^
AttributeError: 'Member' object has no attribute 'timed_out_until'
INFO:asu_discord.cogs.verification:Saved 5 roles to database for user sgodithi (Discord ID: 1394369767669760131)
INFO:asu_discord.cogs.verification:Refreshed Salesforce roles for Discord user 1394369767669760131: -4/+5 roles, assigned=[Commited, First Year, International Student, Ira A. Fulton Schools of Engineering, Tempe]
Ignoring exception in on_member_update
Traceback (most recent call last):
  File "/usr/local/lib/python3.12/site-packages/discord/client.py", line 465, in _run_event
    await coro(*args, **kwargs)
  File "/app/asu_discord/cogs/analytics.py", line 652, in on_member_update
    before_timeout = before.timed_out_until
                     ^^^^^^^^^^^^^^^^^^^^^^
AttributeError: 'Member' object has no attribute 'timed_out_until'
Ignoring exception in on_member_update
Traceback (most recent call last):
  File "/usr/local/lib/python3.12/site-packages/discord/client.py", line 465, in _run_event
    await coro(*args, **kwargs)
  File "/app/asu_discord/cogs/analytics.py", line 652, in on_member_update
    before_timeout = before.timed_out_until
                     ^^^^^^^^^^^^^^^^^^^^^^
AttributeError: 'Member' object has no attribute 'timed_out_until'
Ignoring exception in on_member_update
Traceback (most recent call last):
  File "/usr/local/lib/python3.12/site-packages/discord/client.py", line 465, in _run_event
    await coro(*args, **kwargs)
  File "/app/asu_discord/cogs/analytics.py", line 652, in on_member_update
    before_timeout = before.timed_out_until
                     ^^^^^^^^^^^^^^^^^^^^^^
AttributeError: 'Member' object has no attribute 'timed_out_until'
Ignoring exception in on_member_update
Traceback (most recent call last):
  File "/usr/local/lib/python3.12/site-packages/discord/client.py", line 465, in _run_event
    await coro(*args, **kwargs)
  File "/app/asu_discord/cogs/analytics.py", line 652, in on_member_update
    before_timeout = before.timed_out_until
                     ^^^^^^^^^^^^^^^^^^^^^^
AttributeError: 'Member' object has no attribute 'timed_out_until'
Ignoring exception in on_member_update
Traceback (most recent call last):
  File "/usr/local/lib/python3.12/site-packages/discord/client.py", line 465, in _run_event
    await coro(*args, **kwargs)
  File "/app/asu_discord/cogs/analytics.py", line 652, in on_member_update
    before_timeout = before.timed_out_until
                     ^^^^^^^^^^^^^^^^^^^^^^
AttributeError: 'Member' object has no attribute 'timed_out_until'
Ignoring exception in on_member_update
Traceback (most recent call last):
  File "/usr/local/lib/python3.12/site-packages/discord/client.py", line 465, in _run_event
    await coro(*args, **kwargs)
  File "/app/asu_discord/cogs/analytics.py", line 652, in on_member_update
    before_timeout = before.timed_out_until
                     ^^^^^^^^^^^^^^^^^^^^^^
AttributeError: 'Member' object has no attribute 'timed_out_until'
Ignoring exception in on_member_update
Traceback (most recent call last):
  File "/usr/local/lib/python3.12/site-packages/discord/client.py", line 465, in _run_event
    await coro(*args, **kwargs)
  File "/app/asu_discord/cogs/analytics.py", line 652, in on_member_update
    before_timeout = before.timed_out_until
                     ^^^^^^^^^^^^^^^^^^^^^^
AttributeError: 'Member' object has no attribute 'timed_out_until'
INFO:asu_discord.cogs.verification:Saved 4 roles to database for user ksures26 (Discord ID: 727834407674707978)
INFO:asu_discord.cogs.verification:Refreshed Salesforce roles for Discord user 727834407674707978: -3/+4 roles, assigned=[Graduate Student, International Student, Ira A. Fulton Schools of Engineering, Tempe]
Ignoring exception in on_member_update
Traceback (most recent call last):
  File "/usr/local/lib/python3.12/site-packages/discord/client.py", line 465, in _run_event
    await coro(*args, **kwargs)
  File "/app/asu_discord/cogs/analytics.py", line 652, in on_member_update
    before_timeout = before.timed_out_until
                     ^^^^^^^^^^^^^^^^^^^^^^
AttributeError: 'Member' object has no attribute 'timed_out_until'
Ignoring exception in on_member_update
Traceback (most recent call last):
  File "/usr/local/lib/python3.12/site-packages/discord/client.py", line 465, in _run_event
    await coro(*args, **kwargs)
  File "/app/asu_discord/cogs/analytics.py", line 652, in on_member_update
    before_timeout = before.timed_out_until
                     ^^^^^^^^^^^^^^^^^^^^^^
AttributeError: 'Member' object has no attribute 'timed_out_until'
Ignoring exception in on_member_update
Traceback (most recent call last):
  File "/usr/local/lib/python3.12/site-packages/discord/client.py", line 465, in _run_event
    await coro(*args, **kwargs)
  File "/app/asu_discord/cogs/analytics.py", line 652, in on_member_update
    before_timeout = before.timed_out_until
                     ^^^^^^^^^^^^^^^^^^^^^^
AttributeError: 'Member' object has no attribute 'timed_out_until'
Ignoring exception in on_member_update
Traceback (most recent call last):
  File "/usr/local/lib/python3.12/site-packages/discord/client.py", line 465, in _run_event
    await coro(*args, **kwargs)
  File "/app/asu_discord/cogs/analytics.py", line 652, in on_member_update
    before_timeout = before.timed_out_until
                     ^^^^^^^^^^^^^^^^^^^^^^
AttributeError: 'Member' object has no attribute 'timed_out_until'
Ignoring exception in on_member_update
Traceback (most recent call last):
  File "/usr/local/lib/python3.12/site-packages/discord/client.py", line 465, in _run_event
    await coro(*args, **kwargs)
  File "/app/asu_discord/cogs/analytics.py", line 652, in on_member_update
    before_timeout = before.timed_out_until
                     ^^^^^^^^^^^^^^^^^^^^^^
AttributeError: 'Member' object has no attribute 'timed_out_until'
Ignoring exception in on_member_update
Traceback (most recent call last):
  File "/usr/local/lib/python3.12/site-packages/discord/client.py", line 465, in _run_event
    await coro(*args, **kwargs)
  File "/app/asu_discord/cogs/analytics.py", line 652, in on_member_update
    before_timeout = before.timed_out_until
                     ^^^^^^^^^^^^^^^^^^^^^^
AttributeError: 'Member' object has no attribute 'timed_out_until'
Ignoring exception in on_member_update
Traceback (most recent call last):
  File "/usr/local/lib/python3.12/site-packages/discord/client.py", line 465, in _run_event
    await coro(*args, **kwargs)
  File "/app/asu_discord/cogs/analytics.py", line 652, in on_member_update
    before_timeout = before.timed_out_until
                     ^^^^^^^^^^^^^^^^^^^^^^
AttributeError: 'Member' object has no attribute 'timed_out_until'
Ignoring exception in on_member_update
Traceback (most recent call last):
  File "/usr/local/lib/python3.12/site-packages/discord/client.py", line 465, in _run_event
    await coro(*args, **kwargs)
  File "/app/asu_discord/cogs/analytics.py", line 652, in on_member_update
    before_timeout = before.timed_out_until
                     ^^^^^^^^^^^^^^^^^^^^^^
AttributeError: 'Member' object has no attribute 'timed_out_until'
Ignoring exception in on_member_update
Traceback (most recent call last):
  File "/usr/local/lib/python3.12/site-packages/discord/client.py", line 465, in _run_event
    await coro(*args, **kwargs)
  File "/app/asu_discord/cogs/analytics.py", line 652, in on_member_update
    before_timeout = before.timed_out_until
                     ^^^^^^^^^^^^^^^^^^^^^^
AttributeError: 'Member' object has no attribute 'timed_out_until'
Ignoring exception in on_member_update
Traceback (most recent call last):
  File "/usr/local/lib/python3.12/site-packages/discord/client.py", line 465, in _run_event
    await coro(*args, **kwargs)
  File "/app/asu_discord/cogs/analytics.py", line 652, in on_member_update
    before_timeout = before.timed_out_until
                     ^^^^^^^^^^^^^^^^^^^^^^
AttributeError: 'Member' object has no attribute 'timed_out_until'
INFO:asu_discord.cogs.verification:Saved 5 roles to database for user elrojas (Discord ID: 938917821423951983)
INFO:asu_discord.cogs.verification:Refreshed Salesforce roles for Discord user 938917821423951983: -5/+5 roles, assigned=[Arizona Resident, College of Integrative Sciences and Arts, Commited, First Year, Polytechnic]
Ignoring exception in on_member_update
Traceback (most recent call last):
  File "/usr/local/lib/python3.12/site-packages/discord/client.py", line 465, in _run_event
    await coro(*args, **kwargs)
  File "/app/asu_discord/cogs/analytics.py", line 652, in on_member_update
    before_timeout = before.timed_out_until
                     ^^^^^^^^^^^^^^^^^^^^^^
AttributeError: 'Member' object has no attribute 'timed_out_until'
Ignoring exception in on_member_update
Traceback (most recent call last):
  File "/usr/local/lib/python3.12/site-packages/discord/client.py", line 465, in _run_event
    await coro(*args, **kwargs)
  File "/app/asu_discord/cogs/analytics.py", line 652, in on_member_update
    before_timeout = before.timed_out_until
                     ^^^^^^^^^^^^^^^^^^^^^^
AttributeError: 'Member' object has no attribute 'timed_out_until'
Ignoring exception in on_member_update
Traceback (most recent call last):
  File "/usr/local/lib/python3.12/site-packages/discord/client.py", line 465, in _run_event
    await coro(*args, **kwargs)
  File "/app/asu_discord/cogs/analytics.py", line 652, in on_member_update
    before_timeout = before.timed_out_until
                     ^^^^^^^^^^^^^^^^^^^^^^
AttributeError: 'Member' object has no attribute 'timed_out_until'
Ignoring exception in on_member_update
Traceback (most recent call last):
  File "/usr/local/lib/python3.12/site-packages/discord/client.py", line 465, in _run_event
    await coro(*args, **kwargs)
  File "/app/asu_discord/cogs/analytics.py", line 652, in on_member_update
    before_timeout = before.timed_out_until
                     ^^^^^^^^^^^^^^^^^^^^^^
AttributeError: 'Member' object has no attribute 'timed_out_until'
Ignoring exception in on_member_update
Traceback (most recent call last):
  File "/usr/local/lib/python3.12/site-packages/discord/client.py", line 465, in _run_event
    await coro(*args, **kwargs)
  File "/app/asu_discord/cogs/analytics.py", line 652, in on_member_update
    before_timeout = before.timed_out_until
                     ^^^^^^^^^^^^^^^^^^^^^^
AttributeError: 'Member' object has no attribute 'timed_out_until'
Ignoring exception in on_member_update
Traceback (most recent call last):
  File "/usr/local/lib/python3.12/site-packages/discord/client.py", line 465, in _run_event
    await coro(*args, **kwargs)
  File "/app/asu_discord/cogs/analytics.py", line 652, in on_member_update
    before_timeout = before.timed_out_until
                     ^^^^^^^^^^^^^^^^^^^^^^
AttributeError: 'Member' object has no attribute 'timed_out_until'
Ignoring exception in on_member_update
Traceback (most recent call last):
  File "/usr/local/lib/python3.12/site-packages/discord/client.py", line 465, in _run_event
    await coro(*args, **kwargs)
  File "/app/asu_discord/cogs/analytics.py", line 652, in on_member_update
    before_timeout = before.timed_out_until
                     ^^^^^^^^^^^^^^^^^^^^^^
AttributeError: 'Member' object has no attribute 'timed_out_until'
Ignoring exception in on_member_update
Traceback (most recent call last):
  File "/usr/local/lib/python3.12/site-packages/discord/client.py", line 465, in _run_event
    await coro(*args, **kwargs)
  File "/app/asu_discord/cogs/analytics.py", line 652, in on_member_update
    before_timeout = before.timed_out_until
                     ^^^^^^^^^^^^^^^^^^^^^^
AttributeError: 'Member' object has no attribute 'timed_out_until'
Ignoring exception in on_member_update
Traceback (most recent call last):
  File "/usr/local/lib/python3.12/site-packages/discord/client.py", line 465, in _run_event
    await coro(*args, **kwargs)
  File "/app/asu_discord/cogs/analytics.py", line 652, in on_member_update
    before_timeout = before.timed_out_until
                     ^^^^^^^^^^^^^^^^^^^^^^
AttributeError: 'Member' object has no attribute 'timed_out_until'
Ignoring exception in on_member_update
Traceback (most recent call last):
  File "/usr/local/lib/python3.12/site-packages/discord/client.py", line 465, in _run_event
    await coro(*args, **kwargs)
  File "/app/asu_discord/cogs/analytics.py", line 652, in on_member_update
    before_timeout = before.timed_out_until
                     ^^^^^^^^^^^^^^^^^^^^^^
AttributeError: 'Member' object has no attribute 'timed_out_until'
INFO:asu_discord.cogs.verification:Saved 5 roles to database for user dcrumpva (Discord ID: 1467972033429372948)
INFO:asu_discord.cogs.verification:Refreshed Salesforce roles for Discord user 1467972033429372948: -5/+5 roles, assigned=[Arizona Resident, First Generation Student, First Year, Tempe, Watts College of Public Service and Community Solutions]
Ignoring exception in on_member_update
Traceback (most recent call last):
  File "/usr/local/lib/python3.12/site-packages/discord/client.py", line 465, in _run_event
    await coro(*args, **kwargs)
  File "/app/asu_discord/cogs/analytics.py", line 652, in on_member_update
    before_timeout = before.timed_out_until
                     ^^^^^^^^^^^^^^^^^^^^^^
AttributeError: 'Member' object has no attribute 'timed_out_until'
Ignoring exception in on_member_update
Traceback (most recent call last):
  File "/usr/local/lib/python3.12/site-packages/discord/client.py", line 465, in _run_event
    await coro(*args, **kwargs)
  File "/app/asu_discord/cogs/analytics.py", line 652, in on_member_update
    before_timeout = before.timed_out_until
                     ^^^^^^^^^^^^^^^^^^^^^^
AttributeError: 'Member' object has no attribute 'timed_out_until'
Ignoring exception in on_member_update
Traceback (most recent call last):
  File "/usr/local/lib/python3.12/site-packages/discord/client.py", line 465, in _run_event
    await coro(*args, **kwargs)
  File "/app/asu_discord/cogs/analytics.py", line 652, in on_member_update
    before_timeout = before.timed_out_until
                     ^^^^^^^^^^^^^^^^^^^^^^
AttributeError: 'Member' object has no attribute 'timed_out_until'
Ignoring exception in on_member_update
Traceback (most recent call last):
  File "/usr/local/lib/python3.12/site-packages/discord/client.py", line 465, in _run_event
    await coro(*args, **kwargs)
  File "/app/asu_discord/cogs/analytics.py", line 652, in on_member_update
    before_timeout = before.timed_out_until
                     ^^^^^^^^^^^^^^^^^^^^^^
AttributeError: 'Member' object has no attribute 'timed_out_until'
Ignoring exception in on_member_update
Traceback (most recent call last):
  File "/usr/local/lib/python3.12/site-packages/discord/client.py", line 465, in _run_event
    await coro(*args, **kwargs)
  File "/app/asu_discord/cogs/analytics.py", line 652, in on_member_update
    before_timeout = before.timed_out_until
                     ^^^^^^^^^^^^^^^^^^^^^^
AttributeError: 'Member' object has no attribute 'timed_out_until'
Ignoring exception in on_member_update
Traceback (most recent call last):
  File "/usr/local/lib/python3.12/site-packages/discord/client.py", line 465, in _run_event
    await coro(*args, **kwargs)
  File "/app/asu_discord/cogs/analytics.py", line 652, in on_member_update
    before_timeout = before.timed_out_until
                     ^^^^^^^^^^^^^^^^^^^^^^
AttributeError: 'Member' object has no attribute 'timed_out_until'
Ignoring exception in on_member_update
Traceback (most recent call last):
  File "/usr/local/lib/python3.12/site-packages/discord/client.py", line 465, in _run_event
    await coro(*args, **kwargs)
  File "/app/asu_discord/cogs/analytics.py", line 652, in on_member_update
    before_timeout = before.timed_out_until
                     ^^^^^^^^^^^^^^^^^^^^^^
AttributeError: 'Member' object has no attribute 'timed_out_until'
Ignoring exception in on_member_update
Traceback (most recent call last):
  File "/usr/local/lib/python3.12/site-packages/discord/client.py", line 465, in _run_event
    await coro(*args, **kwargs)
  File "/app/asu_discord/cogs/analytics.py", line 652, in on_member_update
    before_timeout = before.timed_out_until
                     ^^^^^^^^^^^^^^^^^^^^^^
AttributeError: 'Member' object has no attribute 'timed_out_until'
Ignoring exception in on_member_update
Traceback (most recent call last):
  File "/usr/local/lib/python3.12/site-packages/discord/client.py", line 465, in _run_event
    await coro(*args, **kwargs)
  File "/app/asu_discord/cogs/analytics.py", line 652, in on_member_update
    before_timeout = before.timed_out_until
                     ^^^^^^^^^^^^^^^^^^^^^^
AttributeError: 'Member' object has no attribute 'timed_out_until'
Ignoring exception in on_member_update
Traceback (most recent call last):
  File "/usr/local/lib/python3.12/site-packages/discord/client.py", line 465, in _run_event
    await coro(*args, **kwargs)
  File "/app/asu_discord/cogs/analytics.py", line 652, in on_member_update
    before_timeout = before.timed_out_until
                     ^^^^^^^^^^^^^^^^^^^^^^
AttributeError: 'Member' object has no attribute 'timed_out_until'
INFO:asu_discord.cogs.verification:Saved 5 roles to database for user savanna9 (Discord ID: 718886927000010812)
INFO:asu_discord.cogs.verification:Refreshed Salesforce roles for Discord user 718886927000010812: -5/+5 roles, assigned=[Commited, Herberger Institute for Design and the Arts, LA Center, Out of State, Transfer Student]
Ignoring exception in on_member_update
Traceback (most recent call last):
  File "/usr/local/lib/python3.12/site-packages/discord/client.py", line 465, in _run_event
    await coro(*args, **kwargs)
  File "/app/asu_discord/cogs/analytics.py", line 652, in on_member_update
    before_timeout = before.timed_out_until
                     ^^^^^^^^^^^^^^^^^^^^^^
AttributeError: 'Member' object has no attribute 'timed_out_until'
Ignoring exception in on_member_update
Traceback (most recent call last):
  File "/usr/local/lib/python3.12/site-packages/discord/client.py", line 465, in _run_event
    await coro(*args, **kwargs)
  File "/app/asu_discord/cogs/analytics.py", line 652, in on_member_update
    before_timeout = before.timed_out_until
                     ^^^^^^^^^^^^^^^^^^^^^^
AttributeError: 'Member' object has no attribute 'timed_out_until'
Ignoring exception in on_member_update
Traceback (most recent call last):
  File "/usr/local/lib/python3.12/site-packages/discord/client.py", line 465, in _run_event
    await coro(*args, **kwargs)
  File "/app/asu_discord/cogs/analytics.py", line 652, in on_member_update
    before_timeout = before.timed_out_until
                     ^^^^^^^^^^^^^^^^^^^^^^
AttributeError: 'Member' object has no attribute 'timed_out_until'
Ignoring exception in on_member_update
Traceback (most recent call last):
  File "/usr/local/lib/python3.12/site-packages/discord/client.py", line 465, in _run_event
    await coro(*args, **kwargs)
  File "/app/asu_discord/cogs/analytics.py", line 652, in on_member_update
    before_timeout = before.timed_out_until
                     ^^^^^^^^^^^^^^^^^^^^^^
AttributeError: 'Member' object has no attribute 'timed_out_until'
Ignoring exception in on_member_update
Traceback (most recent call last):
  File "/usr/local/lib/python3.12/site-packages/discord/client.py", line 465, in _run_event
    await coro(*args, **kwargs)
  File "/app/asu_discord/cogs/analytics.py", line 652, in on_member_update
    before_timeout = before.timed_out_until
                     ^^^^^^^^^^^^^^^^^^^^^^
AttributeError: 'Member' object has no attribute 'timed_out_until'
Ignoring exception in on_member_update
Traceback (most recent call last):
  File "/usr/local/lib/python3.12/site-packages/discord/client.py", line 465, in _run_event
    await coro(*args, **kwargs)
  File "/app/asu_discord/cogs/analytics.py", line 652, in on_member_update
    before_timeout = before.timed_out_until
                     ^^^^^^^^^^^^^^^^^^^^^^
AttributeError: 'Member' object has no attribute 'timed_out_until'
Ignoring exception in on_member_update
Traceback (most recent call last):
  File "/usr/local/lib/python3.12/site-packages/discord/client.py", line 465, in _run_event
    await coro(*args, **kwargs)
  File "/app/asu_discord/cogs/analytics.py", line 652, in on_member_update
    before_timeout = before.timed_out_until
                     ^^^^^^^^^^^^^^^^^^^^^^
AttributeError: 'Member' object has no attribute 'timed_out_until'
Ignoring exception in on_member_update
Traceback (most recent call last):
  File "/usr/local/lib/python3.12/site-packages/discord/client.py", line 465, in _run_event
    await coro(*args, **kwargs)
  File "/app/asu_discord/cogs/analytics.py", line 652, in on_member_update
    before_timeout = before.timed_out_until
                     ^^^^^^^^^^^^^^^^^^^^^^
AttributeError: 'Member' object has no attribute 'timed_out_until'
Ignoring exception in on_member_update
Traceback (most recent call last):
  File "/usr/local/lib/python3.12/site-packages/discord/client.py", line 465, in _run_event
    await coro(*args, **kwargs)
  File "/app/asu_discord/cogs/analytics.py", line 652, in on_member_update
    before_timeout = before.timed_out_until
                     ^^^^^^^^^^^^^^^^^^^^^^
AttributeError: 'Member' object has no attribute 'timed_out_until'
Ignoring exception in on_member_update
Traceback (most recent call last):
  File "/usr/local/lib/python3.12/site-packages/discord/client.py", line 465, in _run_event
    await coro(*args, **kwargs)
  File "/app/asu_discord/cogs/analytics.py", line 652, in on_member_update
    before_timeout = before.timed_out_until
                     ^^^^^^^^^^^^^^^^^^^^^^
AttributeError: 'Member' object has no attribute 'timed_out_until'
ERROR:cron.jobs:refresh_salesforce_roles: failed for nvalde13 (Discord ID 1467991207463620640): Timed out refresh Salesforce-based roles
Ignoring exception in on_member_update
Traceback (most recent call last):
  File "/usr/local/lib/python3.12/site-packages/discord/client.py", line 465, in _run_event
    await coro(*args, **kwargs)
  File "/app/asu_discord/cogs/analytics.py", line 652, in on_member_update
    before_timeout = before.timed_out_until
                     ^^^^^^^^^^^^^^^^^^^^^^
AttributeError: 'Member' object has no attribute 'timed_out_until'
Ignoring exception in on_member_update
Traceback (most recent call last):
  File "/usr/local/lib/python3.12/site-packages/discord/client.py", line 465, in _run_event
    await coro(*args, **kwargs)
  File "/app/asu_discord/cogs/analytics.py", line 652, in on_member_update
    before_timeout = before.timed_out_until
                     ^^^^^^^^^^^^^^^^^^^^^^
AttributeError: 'Member' object has no attribute 'timed_out_until'
Ignoring exception in on_member_update
Traceback (most recent call last):
  File "/usr/local/lib/python3.12/site-packages/discord/client.py", line 465, in _run_event
    await coro(*args, **kwargs)
  File "/app/asu_discord/cogs/analytics.py", line 652, in on_member_update
    before_timeout = before.timed_out_until
                     ^^^^^^^^^^^^^^^^^^^^^^
AttributeError: 'Member' object has no attribute 'timed_out_until'
Ignoring exception in on_member_update
Traceback (most recent call last):
  File "/usr/local/lib/python3.12/site-packages/discord/client.py", line 465, in _run_event
    await coro(*args, **kwargs)
  File "/app/asu_discord/cogs/analytics.py", line 652, in on_member_update
    before_timeout = before.timed_out_until
                     ^^^^^^^^^^^^^^^^^^^^^^
AttributeError: 'Member' object has no attribute 'timed_out_until'
Ignoring exception in on_member_update
Traceback (most recent call last):
  File "/usr/local/lib/python3.12/site-packages/discord/client.py", line 465, in _run_event
    await coro(*args, **kwargs)
  File "/app/asu_discord/cogs/analytics.py", line 652, in on_member_update
    before_timeout = before.timed_out_until
                     ^^^^^^^^^^^^^^^^^^^^^^
AttributeError: 'Member' object has no attribute 'timed_out_until'
Ignoring exception in on_member_update
Traceback (most recent call last):
  File "/usr/local/lib/python3.12/site-packages/discord/client.py", line 465, in _run_event
    await coro(*args, **kwargs)
  File "/app/asu_discord/cogs/analytics.py", line 652, in on_member_update
    before_timeout = before.timed_out_until
                     ^^^^^^^^^^^^^^^^^^^^^^
AttributeError: 'Member' object has no attribute 'timed_out_until'
Ignoring exception in on_member_update
Traceback (most recent call last):
  File "/usr/local/lib/python3.12/site-packages/discord/client.py", line 465, in _run_event
    await coro(*args, **kwargs)
  File "/app/asu_discord/cogs/analytics.py", line 652, in on_member_update
    before_timeout = before.timed_out_until
                     ^^^^^^^^^^^^^^^^^^^^^^
AttributeError: 'Member' object has no attribute 'timed_out_until'
Ignoring exception in on_member_update
Traceback (most recent call last):
  File "/usr/local/lib/python3.12/site-packages/discord/client.py", line 465, in _run_event
    await coro(*args, **kwargs)
  File "/app/asu_discord/cogs/analytics.py", line 652, in on_member_update
    before_timeout = before.timed_out_until
                     ^^^^^^^^^^^^^^^^^^^^^^
AttributeError: 'Member' object has no attribute 'timed_out_until'
Ignoring exception in on_member_update
Traceback (most recent call last):
  File "/usr/local/lib/python3.12/site-packages/discord/client.py", line 465, in _run_event
    await coro(*args, **kwargs)
  File "/app/asu_discord/cogs/analytics.py", line 652, in on_member_update
    before_timeout = before.timed_out_until
                     ^^^^^^^^^^^^^^^^^^^^^^
AttributeError: 'Member' object has no attribute 'timed_out_until'
Ignoring exception in on_member_update
Traceback (most recent call last):
  File "/usr/local/lib/python3.12/site-packages/discord/client.py", line 465, in _run_event
    await coro(*args, **kwargs)
  File "/app/asu_discord/cogs/analytics.py", line 652, in on_member_update
    before_timeout = before.timed_out_until
                     ^^^^^^^^^^^^^^^^^^^^^^
AttributeError: 'Member' object has no attribute 'timed_out_until'
INFO:asu_discord.cogs.verification:Saved 5 roles to database for user bevans51 (Discord ID: 1055703137991786546)
INFO:asu_discord.cogs.verification:Refreshed Salesforce roles for Discord user 1055703137991786546: -5/+5 roles, assigned=[Arizona Resident, College of Liberal Arts and Sciences, Commited, First Year, Tempe]
Ignoring exception in on_member_update
Traceback (most recent call last):
  File "/usr/local/lib/python3.12/site-packages/discord/client.py", line 465, in _run_event
    await coro(*args, **kwargs)
  File "/app/asu_discord/cogs/analytics.py", line 652, in on_member_update
    before_timeout = before.timed_out_until
                     ^^^^^^^^^^^^^^^^^^^^^^
AttributeError: 'Member' object has no attribute 'timed_out_until'
Ignoring exception in on_member_update
Traceback (most recent call last):
  File "/usr/local/lib/python3.12/site-packages/discord/client.py", line 465, in _run_event
    await coro(*args, **kwargs)
  File "/app/asu_discord/cogs/analytics.py", line 652, in on_member_update
    before_timeout = before.timed_out_until
                     ^^^^^^^^^^^^^^^^^^^^^^
AttributeError: 'Member' object has no attribute 'timed_out_until'
Ignoring exception in on_member_update
Traceback (most recent call last):
  File "/usr/local/lib/python3.12/site-packages/discord/client.py", line 465, in _run_event
    await coro(*args, **kwargs)
  File "/app/asu_discord/cogs/analytics.py", line 652, in on_member_update
    before_timeout = before.timed_out_until
                     ^^^^^^^^^^^^^^^^^^^^^^
AttributeError: 'Member' object has no attribute 'timed_out_until'
Ignoring exception in on_member_update
Traceback (most recent call last):
  File "/usr/local/lib/python3.12/site-packages/discord/client.py", line 465, in _run_event
    await coro(*args, **kwargs)
  File "/app/asu_discord/cogs/analytics.py", line 652, in on_member_update
    before_timeout = before.timed_out_until
                     ^^^^^^^^^^^^^^^^^^^^^^
AttributeError: 'Member' object has no attribute 'timed_out_until'
Ignoring exception in on_member_update
Traceback (most recent call last):
  File "/usr/local/lib/python3.12/site-packages/discord/client.py", line 465, in _run_event
    await coro(*args, **kwargs)
  File "/app/asu_discord/cogs/analytics.py", line 652, in on_member_update
    before_timeout = before.timed_out_until
                     ^^^^^^^^^^^^^^^^^^^^^^
AttributeError: 'Member' object has no attribute 'timed_out_until'
Ignoring exception in on_member_update
Traceback (most recent call last):
  File "/usr/local/lib/python3.12/site-packages/discord/client.py", line 465, in _run_event
    await coro(*args, **kwargs)
  File "/app/asu_discord/cogs/analytics.py", line 652, in on_member_update
    before_timeout = before.timed_out_until
                     ^^^^^^^^^^^^^^^^^^^^^^
AttributeError: 'Member' object has no attribute 'timed_out_until'
Ignoring exception in on_member_update
Traceback (most recent call last):
  File "/usr/local/lib/python3.12/site-packages/discord/client.py", line 465, in _run_event
    await coro(*args, **kwargs)
  File "/app/asu_discord/cogs/analytics.py", line 652, in on_member_update
    before_timeout = before.timed_out_until
                     ^^^^^^^^^^^^^^^^^^^^^^
AttributeError: 'Member' object has no attribute 'timed_out_until'
Ignoring exception in on_member_update
Traceback (most recent call last):
  File "/usr/local/lib/python3.12/site-packages/discord/client.py", line 465, in _run_event
    await coro(*args, **kwargs)
  File "/app/asu_discord/cogs/analytics.py", line 652, in on_member_update
    before_timeout = before.timed_out_until
                     ^^^^^^^^^^^^^^^^^^^^^^
AttributeError: 'Member' object has no attribute 'timed_out_until'
Ignoring exception in on_member_update
Traceback (most recent call last):
  File "/usr/local/lib/python3.12/site-packages/discord/client.py", line 465, in _run_event
    await coro(*args, **kwargs)
  File "/app/asu_discord/cogs/analytics.py", line 652, in on_member_update
    before_timeout = before.timed_out_until
                     ^^^^^^^^^^^^^^^^^^^^^^
AttributeError: 'Member' object has no attribute 'timed_out_until'
Ignoring exception in on_member_update
Traceback (most recent call last):
  File "/usr/local/lib/python3.12/site-packages/discord/client.py", line 465, in _run_event
    await coro(*args, **kwargs)
  File "/app/asu_discord/cogs/analytics.py", line 652, in on_member_update
    before_timeout = before.timed_out_until
                     ^^^^^^^^^^^^^^^^^^^^^^
AttributeError: 'Member' object has no attribute 'timed_out_until'
INFO:asu_discord.cogs.verification:Saved 5 roles to database for user smunoz46 (Discord ID: 1014328302590230528)
INFO:asu_discord.cogs.verification:Refreshed Salesforce roles for Discord user 1014328302590230528: -5/+5 roles, assigned=[Arizona Resident, Commited, First Year, Ira A. Fulton Schools of Engineering, Polytechnic]
Ignoring exception in on_member_update
Traceback (most recent call last):
  File "/usr/local/lib/python3.12/site-packages/discord/client.py", line 465, in _run_event
    await coro(*args, **kwargs)
  File "/app/asu_discord/cogs/analytics.py", line 652, in on_member_update
    before_timeout = before.timed_out_until
                     ^^^^^^^^^^^^^^^^^^^^^^
AttributeError: 'Member' object has no attribute 'timed_out_until'
Ignoring exception in on_member_update
Traceback (most recent call last):
  File "/usr/local/lib/python3.12/site-packages/discord/client.py", line 465, in _run_event
    await coro(*args, **kwargs)
  File "/app/asu_discord/cogs/analytics.py", line 652, in on_member_update
    before_timeout = before.timed_out_until
                     ^^^^^^^^^^^^^^^^^^^^^^
AttributeError: 'Member' object has no attribute 'timed_out_until'
Ignoring exception in on_member_update
Traceback (most recent call last):
  File "/usr/local/lib/python3.12/site-packages/discord/client.py", line 465, in _run_event
    await coro(*args, **kwargs)
  File "/app/asu_discord/cogs/analytics.py", line 652, in on_member_update
    before_timeout = before.timed_out_until
                     ^^^^^^^^^^^^^^^^^^^^^^
AttributeError: 'Member' object has no attribute 'timed_out_until'
Ignoring exception in on_member_update
Traceback (most recent call last):
  File "/usr/local/lib/python3.12/site-packages/discord/client.py", line 465, in _run_event
    await coro(*args, **kwargs)
  File "/app/asu_discord/cogs/analytics.py", line 652, in on_member_update
    before_timeout = before.timed_out_until
                     ^^^^^^^^^^^^^^^^^^^^^^
AttributeError: 'Member' object has no attribute 'timed_out_until'
Ignoring exception in on_member_update
Traceback (most recent call last):
  File "/usr/local/lib/python3.12/site-packages/discord/client.py", line 465, in _run_event
    await coro(*args, **kwargs)
  File "/app/asu_discord/cogs/analytics.py", line 652, in on_member_update
    before_timeout = before.timed_out_until
                     ^^^^^^^^^^^^^^^^^^^^^^
AttributeError: 'Member' object has no attribute 'timed_out_until'
Ignoring exception in on_member_update
Traceback (most recent call last):
  File "/usr/local/lib/python3.12/site-packages/discord/client.py", line 465, in _run_event
    await coro(*args, **kwargs)
  File "/app/asu_discord/cogs/analytics.py", line 652, in on_member_update
    before_timeout = before.timed_out_until
                     ^^^^^^^^^^^^^^^^^^^^^^
AttributeError: 'Member' object has no attribute 'timed_out_until'
Ignoring exception in on_member_update
Traceback (most recent call last):
  File "/usr/local/lib/python3.12/site-packages/discord/client.py", line 465, in _run_event
    await coro(*args, **kwargs)
  File "/app/asu_discord/cogs/analytics.py", line 652, in on_member_update
    before_timeout = before.timed_out_until
                     ^^^^^^^^^^^^^^^^^^^^^^
AttributeError: 'Member' object has no attribute 'timed_out_until'
Ignoring exception in on_member_update
Traceback (most recent call last):
  File "/usr/local/lib/python3.12/site-packages/discord/client.py", line 465, in _run_event
    await coro(*args, **kwargs)
  File "/app/asu_discord/cogs/analytics.py", line 652, in on_member_update
    before_timeout = before.timed_out_until
                     ^^^^^^^^^^^^^^^^^^^^^^
AttributeError: 'Member' object has no attribute 'timed_out_until'
Ignoring exception in on_member_update
Traceback (most recent call last):
  File "/usr/local/lib/python3.12/site-packages/discord/client.py", line 465, in _run_event
    await coro(*args, **kwargs)
  File "/app/asu_discord/cogs/analytics.py", line 652, in on_member_update
    before_timeout = before.timed_out_until
                     ^^^^^^^^^^^^^^^^^^^^^^
AttributeError: 'Member' object has no attribute 'timed_out_until'
Ignoring exception in on_member_update
Traceback (most recent call last):
  File "/usr/local/lib/python3.12/site-packages/discord/client.py", line 465, in _run_event
    await coro(*args, **kwargs)
  File "/app/asu_discord/cogs/analytics.py", line 652, in on_member_update
    before_timeout = before.timed_out_until
                     ^^^^^^^^^^^^^^^^^^^^^^
AttributeError: 'Member' object has no attribute 'timed_out_until'
ERROR:cron.jobs:refresh_salesforce_roles: failed for ameravan (Discord ID 452197716517191710): Timed out refresh Salesforce-based roles
Ignoring exception in on_member_update
Traceback (most recent call last):
  File "/usr/local/lib/python3.12/site-packages/discord/client.py", line 465, in _run_event
    await coro(*args, **kwargs)
  File "/app/asu_discord/cogs/analytics.py", line 652, in on_member_update
    before_timeout = before.timed_out_until
                     ^^^^^^^^^^^^^^^^^^^^^^
AttributeError: 'Member' object has no attribute 'timed_out_until'
Ignoring exception in on_member_update
Traceback (most recent call last):
  File "/usr/local/lib/python3.12/site-packages/discord/client.py", line 465, in _run_event
    await coro(*args, **kwargs)
  File "/app/asu_discord/cogs/analytics.py", line 652, in on_member_update
    before_timeout = before.timed_out_until
                     ^^^^^^^^^^^^^^^^^^^^^^
AttributeError: 'Member' object has no attribute 'timed_out_until'
Ignoring exception in on_member_update
Traceback (most recent call last):
  File "/usr/local/lib/python3.12/site-packages/discord/client.py", line 465, in _run_event
    await coro(*args, **kwargs)
  File "/app/asu_discord/cogs/analytics.py", line 652, in on_member_update
    before_timeout = before.timed_out_until
                     ^^^^^^^^^^^^^^^^^^^^^^
AttributeError: 'Member' object has no attribute 'timed_out_until'
Ignoring exception in on_member_update
Traceback (most recent call last):
  File "/usr/local/lib/python3.12/site-packages/discord/client.py", line 465, in _run_event
    await coro(*args, **kwargs)
  File "/app/asu_discord/cogs/analytics.py", line 652, in on_member_update
    before_timeout = before.timed_out_until
                     ^^^^^^^^^^^^^^^^^^^^^^
AttributeError: 'Member' object has no attribute 'timed_out_until'
Ignoring exception in on_member_update
Traceback (most recent call last):
  File "/usr/local/lib/python3.12/site-packages/discord/client.py", line 465, in _run_event
    await coro(*args, **kwargs)
  File "/app/asu_discord/cogs/analytics.py", line 652, in on_member_update
    before_timeout = before.timed_out_until
                     ^^^^^^^^^^^^^^^^^^^^^^
AttributeError: 'Member' object has no attribute 'timed_out_until'
Ignoring exception in on_member_update
Traceback (most recent call last):
  File "/usr/local/lib/python3.12/site-packages/discord/client.py", line 465, in _run_event
    await coro(*args, **kwargs)
  File "/app/asu_discord/cogs/analytics.py", line 652, in on_member_update
    before_timeout = before.timed_out_until
                     ^^^^^^^^^^^^^^^^^^^^^^
AttributeError: 'Member' object has no attribute 'timed_out_until'
Ignoring exception in on_member_update
Traceback (most recent call last):
  File "/usr/local/lib/python3.12/site-packages/discord/client.py", line 465, in _run_event
    await coro(*args, **kwargs)
  File "/app/asu_discord/cogs/analytics.py", line 652, in on_member_update
    before_timeout = before.timed_out_until
                     ^^^^^^^^^^^^^^^^^^^^^^
AttributeError: 'Member' object has no attribute 'timed_out_until'
INFO:asu_discord.cogs.verification:Saved 4 roles to database for user zgumm (Discord ID: 245038876328984576)
INFO:asu_discord.cogs.verification:Refreshed Salesforce roles for Discord user 245038876328984576: -4/+3 roles, assigned=[Graduate Student, Mary Lou Fulton Teachers College, Online, Out of State]
ERROR:cron.jobs:refresh_salesforce_roles: failed for btangane (Discord ID 298629898178920449): Failed to refresh Salesforce-based roles: Discord user 298629898178920449 is not a member of the guild
ERROR:cron.jobs:refresh_salesforce_roles: failed for jshin111 (Discord ID 691794523973615636): Failed to refresh Salesforce-based roles: Discord user 691794523973615636 is not a member of the guild
ERROR:cron.jobs:refresh_salesforce_roles: failed for epjacks1 (Discord ID 858175902575099953): Failed to refresh Salesforce-based roles: Discord user 858175902575099953 is not a member of the guild
Ignoring exception in on_member_update
Traceback (most recent call last):
  File "/usr/local/lib/python3.12/site-packages/discord/client.py", line 465, in _run_event
    await coro(*args, **kwargs)
  File "/app/asu_discord/cogs/analytics.py", line 652, in on_member_update
    before_timeout = before.timed_out_until
                     ^^^^^^^^^^^^^^^^^^^^^^
AttributeError: 'Member' object has no attribute 'timed_out_until'
Ignoring exception in on_member_update
Traceback (most recent call last):
  File "/usr/local/lib/python3.12/site-packages/discord/client.py", line 465, in _run_event
    await coro(*args, **kwargs)
  File "/app/asu_discord/cogs/analytics.py", line 652, in on_member_update
    before_timeout = before.timed_out_until
                     ^^^^^^^^^^^^^^^^^^^^^^
AttributeError: 'Member' object has no attribute 'timed_out_until'
Ignoring exception in on_member_update
Traceback (most recent call last):
  File "/usr/local/lib/python3.12/site-packages/discord/client.py", line 465, in _run_event
    await coro(*args, **kwargs)
  File "/app/asu_discord/cogs/analytics.py", line 652, in on_member_update
    before_timeout = before.timed_out_until
                     ^^^^^^^^^^^^^^^^^^^^^^
AttributeError: 'Member' object has no attribute 'timed_out_until'
Ignoring exception in on_member_update
Traceback (most recent call last):
  File "/usr/local/lib/python3.12/site-packages/discord/client.py", line 465, in _run_event
    await coro(*args, **kwargs)
  File "/app/asu_discord/cogs/analytics.py", line 652, in on_member_update
    before_timeout = before.timed_out_until
                     ^^^^^^^^^^^^^^^^^^^^^^
AttributeError: 'Member' object has no attribute 'timed_out_until'
Ignoring exception in on_member_update
Traceback (most recent call last):
  File "/usr/local/lib/python3.12/site-packages/discord/client.py", line 465, in _run_event
    await coro(*args, **kwargs)
  File "/app/asu_discord/cogs/analytics.py", line 652, in on_member_update
    before_timeout = before.timed_out_until
                     ^^^^^^^^^^^^^^^^^^^^^^
AttributeError: 'Member' object has no attribute 'timed_out_until'
Ignoring exception in on_member_update
Traceback (most recent call last):
  File "/usr/local/lib/python3.12/site-packages/discord/client.py", line 465, in _run_event
    await coro(*args, **kwargs)
  File "/app/asu_discord/cogs/analytics.py", line 652, in on_member_update
    before_timeout = before.timed_out_until
                     ^^^^^^^^^^^^^^^^^^^^^^
AttributeError: 'Member' object has no attribute 'timed_out_until'
Ignoring exception in on_member_update
Traceback (most recent call last):
  File "/usr/local/lib/python3.12/site-packages/discord/client.py", line 465, in _run_event
    await coro(*args, **kwargs)
  File "/app/asu_discord/cogs/analytics.py", line 652, in on_member_update
    before_timeout = before.timed_out_until
                     ^^^^^^^^^^^^^^^^^^^^^^
AttributeError: 'Member' object has no attribute 'timed_out_until'
Ignoring exception in on_member_update
Traceback (most recent call last):
  File "/usr/local/lib/python3.12/site-packages/discord/client.py", line 465, in _run_event
    await coro(*args, **kwargs)
  File "/app/asu_discord/cogs/analytics.py", line 652, in on_member_update
    before_timeout = before.timed_out_until
                     ^^^^^^^^^^^^^^^^^^^^^^
AttributeError: 'Member' object has no attribute 'timed_out_until'
Ignoring exception in on_member_update
Traceback (most recent call last):
  File "/usr/local/lib/python3.12/site-packages/discord/client.py", line 465, in _run_event
    await coro(*args, **kwargs)
  File "/app/asu_discord/cogs/analytics.py", line 652, in on_member_update
    before_timeout = before.timed_out_until
                     ^^^^^^^^^^^^^^^^^^^^^^
AttributeError: 'Member' object has no attribute 'timed_out_until'
Ignoring exception in on_member_update
Traceback (most recent call last):
  File "/usr/local/lib/python3.12/site-packages/discord/client.py", line 465, in _run_event
    await coro(*args, **kwargs)
  File "/app/asu_discord/cogs/analytics.py", line 652, in on_member_update
    before_timeout = before.timed_out_until
                     ^^^^^^^^^^^^^^^^^^^^^^
AttributeError: 'Member' object has no attribute 'timed_out_until'
INFO:asu_discord.cogs.verification:Saved 5 roles to database for user mkielly (Discord ID: 1468030735171584041)
INFO:asu_discord.cogs.verification:Refreshed Salesforce roles for Discord user 1468030735171584041: -5/+5 roles, assigned=[Commited, First Year, Herberger Institute for Design and the Arts, International Student, Tempe]
Ignoring exception in on_member_update
Traceback (most recent call last):
  File "/usr/local/lib/python3.12/site-packages/discord/client.py", line 465, in _run_event
    await coro(*args, **kwargs)
  File "/app/asu_discord/cogs/analytics.py", line 652, in on_member_update
    before_timeout = before.timed_out_until
                     ^^^^^^^^^^^^^^^^^^^^^^
AttributeError: 'Member' object has no attribute 'timed_out_until'
Ignoring exception in on_member_update
Traceback (most recent call last):
  File "/usr/local/lib/python3.12/site-packages/discord/client.py", line 465, in _run_event
    await coro(*args, **kwargs)
  File "/app/asu_discord/cogs/analytics.py", line 652, in on_member_update
    before_timeout = before.timed_out_until
                     ^^^^^^^^^^^^^^^^^^^^^^
AttributeError: 'Member' object has no attribute 'timed_out_until'
Ignoring exception in on_member_update
Traceback (most recent call last):
  File "/usr/local/lib/python3.12/site-packages/discord/client.py", line 465, in _run_event
    await coro(*args, **kwargs)
  File "/app/asu_discord/cogs/analytics.py", line 652, in on_member_update
    before_timeout = before.timed_out_until
                     ^^^^^^^^^^^^^^^^^^^^^^
AttributeError: 'Member' object has no attribute 'timed_out_until'
Ignoring exception in on_member_update
Traceback (most recent call last):
  File "/usr/local/lib/python3.12/site-packages/discord/client.py", line 465, in _run_event
    await coro(*args, **kwargs)
  File "/app/asu_discord/cogs/analytics.py", line 652, in on_member_update
    before_timeout = before.timed_out_until
                     ^^^^^^^^^^^^^^^^^^^^^^
AttributeError: 'Member' object has no attribute 'timed_out_until'
Ignoring exception in on_member_update
Traceback (most recent call last):
  File "/usr/local/lib/python3.12/site-packages/discord/client.py", line 465, in _run_event
    await coro(*args, **kwargs)
  File "/app/asu_discord/cogs/analytics.py", line 652, in on_member_update
    before_timeout = before.timed_out_until
                     ^^^^^^^^^^^^^^^^^^^^^^
AttributeError: 'Member' object has no attribute 'timed_out_until'
Ignoring exception in on_member_update
Traceback (most recent call last):
  File "/usr/local/lib/python3.12/site-packages/discord/client.py", line 465, in _run_event
    await coro(*args, **kwargs)
  File "/app/asu_discord/cogs/analytics.py", line 652, in on_member_update
    before_timeout = before.timed_out_until
                     ^^^^^^^^^^^^^^^^^^^^^^
AttributeError: 'Member' object has no attribute 'timed_out_until'
Ignoring exception in on_member_update
Traceback (most recent call last):
  File "/usr/local/lib/python3.12/site-packages/discord/client.py", line 465, in _run_event
    await coro(*args, **kwargs)
  File "/app/asu_discord/cogs/analytics.py", line 652, in on_member_update
    before_timeout = before.timed_out_until
                     ^^^^^^^^^^^^^^^^^^^^^^
AttributeError: 'Member' object has no attribute 'timed_out_until'
Ignoring exception in on_member_update
Traceback (most recent call last):
  File "/usr/local/lib/python3.12/site-packages/discord/client.py", line 465, in _run_event
    await coro(*args, **kwargs)
  File "/app/asu_discord/cogs/analytics.py", line 652, in on_member_update
    before_timeout = before.timed_out_until
                     ^^^^^^^^^^^^^^^^^^^^^^
AttributeError: 'Member' object has no attribute 'timed_out_until'
Ignoring exception in on_member_update
Traceback (most recent call last):
  File "/usr/local/lib/python3.12/site-packages/discord/client.py", line 465, in _run_event
    await coro(*args, **kwargs)
  File "/app/asu_discord/cogs/analytics.py", line 652, in on_member_update
    before_timeout = before.timed_out_until
                     ^^^^^^^^^^^^^^^^^^^^^^
AttributeError: 'Member' object has no attribute 'timed_out_until'
Ignoring exception in on_member_update
Traceback (most recent call last):
  File "/usr/local/lib/python3.12/site-packages/discord/client.py", line 465, in _run_event
    await coro(*args, **kwargs)
  File "/app/asu_discord/cogs/analytics.py", line 652, in on_member_update
    before_timeout = before.timed_out_until
                     ^^^^^^^^^^^^^^^^^^^^^^
AttributeError: 'Member' object has no attribute 'timed_out_until'
INFO:asu_discord.cogs.verification:Saved 5 roles to database for user tsemos (Discord ID: 615282682041204755)
INFO:asu_discord.cogs.verification:Refreshed Salesforce roles for Discord user 615282682041204755: -5/+5 roles, assigned=[Commited, First Year, Ira A. Fulton Schools of Engineering, Out of State, Tempe]
Ignoring exception in on_member_update
Traceback (most recent call last):
  File "/usr/local/lib/python3.12/site-packages/discord/client.py", line 465, in _run_event
    await coro(*args, **kwargs)
  File "/app/asu_discord/cogs/analytics.py", line 652, in on_member_update
    before_timeout = before.timed_out_until
                     ^^^^^^^^^^^^^^^^^^^^^^
AttributeError: 'Member' object has no attribute 'timed_out_until'
Ignoring exception in on_member_update
Traceback (most recent call last):
  File "/usr/local/lib/python3.12/site-packages/discord/client.py", line 465, in _run_event
    await coro(*args, **kwargs)
  File "/app/asu_discord/cogs/analytics.py", line 652, in on_member_update
    before_timeout = before.timed_out_until
                     ^^^^^^^^^^^^^^^^^^^^^^
AttributeError: 'Member' object has no attribute 'timed_out_until'
Ignoring exception in on_member_update
Traceback (most recent call last):
  File "/usr/local/lib/python3.12/site-packages/discord/client.py", line 465, in _run_event
    await coro(*args, **kwargs)
  File "/app/asu_discord/cogs/analytics.py", line 652, in on_member_update
    before_timeout = before.timed_out_until
                     ^^^^^^^^^^^^^^^^^^^^^^
AttributeError: 'Member' object has no attribute 'timed_out_until'
Ignoring exception in on_member_update
Traceback (most recent call last):
  File "/usr/local/lib/python3.12/site-packages/discord/client.py", line 465, in _run_event
    await coro(*args, **kwargs)
  File "/app/asu_discord/cogs/analytics.py", line 652, in on_member_update
    before_timeout = before.timed_out_until
                     ^^^^^^^^^^^^^^^^^^^^^^
AttributeError: 'Member' object has no attribute 'timed_out_until'
Ignoring exception in on_member_update
Traceback (most recent call last):
  File "/usr/local/lib/python3.12/site-packages/discord/client.py", line 465, in _run_event
    await coro(*args, **kwargs)
  File "/app/asu_discord/cogs/analytics.py", line 652, in on_member_update
    before_timeout = before.timed_out_until
                     ^^^^^^^^^^^^^^^^^^^^^^
AttributeError: 'Member' object has no attribute 'timed_out_until'
Ignoring exception in on_member_update
Traceback (most recent call last):
  File "/usr/local/lib/python3.12/site-packages/discord/client.py", line 465, in _run_event
    await coro(*args, **kwargs)
  File "/app/asu_discord/cogs/analytics.py", line 652, in on_member_update
    before_timeout = before.timed_out_until
                     ^^^^^^^^^^^^^^^^^^^^^^
AttributeError: 'Member' object has no attribute 'timed_out_until'
Ignoring exception in on_member_update
Traceback (most recent call last):
  File "/usr/local/lib/python3.12/site-packages/discord/client.py", line 465, in _run_event
    await coro(*args, **kwargs)
  File "/app/asu_discord/cogs/analytics.py", line 652, in on_member_update
    before_timeout = before.timed_out_until
                     ^^^^^^^^^^^^^^^^^^^^^^
AttributeError: 'Member' object has no attribute 'timed_out_until'
Ignoring exception in on_member_update
Traceback (most recent call last):
  File "/usr/local/lib/python3.12/site-packages/discord/client.py", line 465, in _run_event
    await coro(*args, **kwargs)
  File "/app/asu_discord/cogs/analytics.py", line 652, in on_member_update
    before_timeout = before.timed_out_until
                     ^^^^^^^^^^^^^^^^^^^^^^
AttributeError: 'Member' object has no attribute 'timed_out_until'
Ignoring exception in on_member_update
Traceback (most recent call last):
  File "/usr/local/lib/python3.12/site-packages/discord/client.py", line 465, in _run_event
    await coro(*args, **kwargs)
  File "/app/asu_discord/cogs/analytics.py", line 652, in on_member_update
    before_timeout = before.timed_out_until
                     ^^^^^^^^^^^^^^^^^^^^^^
AttributeError: 'Member' object has no attribute 'timed_out_until'
Ignoring exception in on_member_update
Traceback (most recent call last):
  File "/usr/local/lib/python3.12/site-packages/discord/client.py", line 465, in _run_event
    await coro(*args, **kwargs)
  File "/app/asu_discord/cogs/analytics.py", line 652, in on_member_update
    before_timeout = before.timed_out_until
                     ^^^^^^^^^^^^^^^^^^^^^^
AttributeError: 'Member' object has no attribute 'timed_out_until'
ERROR:cron.jobs:refresh_salesforce_roles: failed for dspackma (Discord ID 1461391287847747615): Timed out refresh Salesforce-based roles
Ignoring exception in on_member_update
Traceback (most recent call last):
  File "/usr/local/lib/python3.12/site-packages/discord/client.py", line 465, in _run_event
    await coro(*args, **kwargs)
  File "/app/asu_discord/cogs/analytics.py", line 652, in on_member_update
    before_timeout = before.timed_out_until
                     ^^^^^^^^^^^^^^^^^^^^^^
AttributeError: 'Member' object has no attribute 'timed_out_until'
Ignoring exception in on_member_update
Traceback (most recent call last):
  File "/usr/local/lib/python3.12/site-packages/discord/client.py", line 465, in _run_event
    await coro(*args, **kwargs)
  File "/app/asu_discord/cogs/analytics.py", line 652, in on_member_update
    before_timeout = before.timed_out_until
                     ^^^^^^^^^^^^^^^^^^^^^^
AttributeError: 'Member' object has no attribute 'timed_out_until'
Ignoring exception in on_member_update
Traceback (most recent call last):
  File "/usr/local/lib/python3.12/site-packages/discord/client.py", line 465, in _run_event
    await coro(*args, **kwargs)
  File "/app/asu_discord/cogs/analytics.py", line 652, in on_member_update
    before_timeout = before.timed_out_until
                     ^^^^^^^^^^^^^^^^^^^^^^
AttributeError: 'Member' object has no attribute 'timed_out_until'
Ignoring exception in on_member_update
Traceback (most recent call last):
  File "/usr/local/lib/python3.12/site-packages/discord/client.py", line 465, in _run_event
    await coro(*args, **kwargs)
  File "/app/asu_discord/cogs/analytics.py", line 652, in on_member_update
    before_timeout = before.timed_out_until
                     ^^^^^^^^^^^^^^^^^^^^^^
AttributeError: 'Member' object has no attribute 'timed_out_until'
Ignoring exception in on_member_update
Traceback (most recent call last):
  File "/usr/local/lib/python3.12/site-packages/discord/client.py", line 465, in _run_event
    await coro(*args, **kwargs)
  File "/app/asu_discord/cogs/analytics.py", line 652, in on_member_update
    before_timeout = before.timed_out_until
                     ^^^^^^^^^^^^^^^^^^^^^^
AttributeError: 'Member' object has no attribute 'timed_out_until'
Ignoring exception in on_member_update
Traceback (most recent call last):
  File "/usr/local/lib/python3.12/site-packages/discord/client.py", line 465, in _run_event
    await coro(*args, **kwargs)
  File "/app/asu_discord/cogs/analytics.py", line 652, in on_member_update
    before_timeout = before.timed_out_until
                     ^^^^^^^^^^^^^^^^^^^^^^
AttributeError: 'Member' object has no attribute 'timed_out_until'
Ignoring exception in on_member_update
Traceback (most recent call last):
  File "/usr/local/lib/python3.12/site-packages/discord/client.py", line 465, in _run_event
    await coro(*args, **kwargs)
  File "/app/asu_discord/cogs/analytics.py", line 652, in on_member_update
    before_timeout = before.timed_out_until
                     ^^^^^^^^^^^^^^^^^^^^^^
AttributeError: 'Member' object has no attribute 'timed_out_until'
Ignoring exception in on_member_update
Traceback (most recent call last):
  File "/usr/local/lib/python3.12/site-packages/discord/client.py", line 465, in _run_event
    await coro(*args, **kwargs)
  File "/app/asu_discord/cogs/analytics.py", line 652, in on_member_update
    before_timeout = before.timed_out_until
                     ^^^^^^^^^^^^^^^^^^^^^^
AttributeError: 'Member' object has no attribute 'timed_out_until'
INFO:asu_discord.cogs.verification:Saved 4 roles to database for user amfaccio (Discord ID: 835177582147534908)
INFO:asu_discord.cogs.verification:Refreshed Salesforce roles for Discord user 835177582147534908: -4/+4 roles, assigned=[First Year, Herberger Institute for Design and the Arts, LA Center, Out of State]
Ignoring exception in on_member_update
Traceback (most recent call last):
  File "/usr/local/lib/python3.12/site-packages/discord/client.py", line 465, in _run_event
    await coro(*args, **kwargs)
  File "/app/asu_discord/cogs/analytics.py", line 652, in on_member_update
    before_timeout = before.timed_out_until
                     ^^^^^^^^^^^^^^^^^^^^^^
AttributeError: 'Member' object has no attribute 'timed_out_until'
Ignoring exception in on_member_update
Traceback (most recent call last):
  File "/usr/local/lib/python3.12/site-packages/discord/client.py", line 465, in _run_event
    await coro(*args, **kwargs)
  File "/app/asu_discord/cogs/analytics.py", line 652, in on_member_update
    before_timeout = before.timed_out_until
                     ^^^^^^^^^^^^^^^^^^^^^^
AttributeError: 'Member' object has no attribute 'timed_out_until'
Ignoring exception in on_member_update
Traceback (most recent call last):
  File "/usr/local/lib/python3.12/site-packages/discord/client.py", line 465, in _run_event
    await coro(*args, **kwargs)
  File "/app/asu_discord/cogs/analytics.py", line 652, in on_member_update
    before_timeout = before.timed_out_until
                     ^^^^^^^^^^^^^^^^^^^^^^
AttributeError: 'Member' object has no attribute 'timed_out_until'
Ignoring exception in on_member_update
Traceback (most recent call last):
  File "/usr/local/lib/python3.12/site-packages/discord/client.py", line 465, in _run_event
    await coro(*args, **kwargs)
  File "/app/asu_discord/cogs/analytics.py", line 652, in on_member_update
    before_timeout = before.timed_out_until
                     ^^^^^^^^^^^^^^^^^^^^^^
AttributeError: 'Member' object has no attribute 'timed_out_until'
Ignoring exception in on_member_update
Traceback (most recent call last):
  File "/usr/local/lib/python3.12/site-packages/discord/client.py", line 465, in _run_event
    await coro(*args, **kwargs)
  File "/app/asu_discord/cogs/analytics.py", line 652, in on_member_update
    before_timeout = before.timed_out_until
                     ^^^^^^^^^^^^^^^^^^^^^^
AttributeError: 'Member' object has no attribute 'timed_out_until'
Ignoring exception in on_member_update
Traceback (most recent call last):
  File "/usr/local/lib/python3.12/site-packages/discord/client.py", line 465, in _run_event
    await coro(*args, **kwargs)
  File "/app/asu_discord/cogs/analytics.py", line 652, in on_member_update
    before_timeout = before.timed_out_until
                     ^^^^^^^^^^^^^^^^^^^^^^
AttributeError: 'Member' object has no attribute 'timed_out_until'
Ignoring exception in on_member_update
Traceback (most recent call last):
  File "/usr/local/lib/python3.12/site-packages/discord/client.py", line 465, in _run_event
    await coro(*args, **kwargs)
  File "/app/asu_discord/cogs/analytics.py", line 652, in on_member_update
    before_timeout = before.timed_out_until
                     ^^^^^^^^^^^^^^^^^^^^^^
AttributeError: 'Member' object has no attribute 'timed_out_until'
INFO:asu_discord.cogs.verification:Saved 4 roles to database for user icshaffe (Discord ID: 809601407757975578)
INFO:asu_discord.cogs.verification:Refreshed Salesforce roles for Discord user 809601407757975578: -3/+4 roles, assigned=[Arizona Resident, First Year, Tempe, W.P. Carey School of Business]
Ignoring exception in on_member_update
Traceback (most recent call last):
  File "/usr/local/lib/python3.12/site-packages/discord/client.py", line 465, in _run_event
    await coro(*args, **kwargs)
  File "/app/asu_discord/cogs/analytics.py", line 652, in on_member_update
    before_timeout = before.timed_out_until
                     ^^^^^^^^^^^^^^^^^^^^^^
AttributeError: 'Member' object has no attribute 'timed_out_until'
Ignoring exception in on_member_update
Traceback (most recent call last):
  File "/usr/local/lib/python3.12/site-packages/discord/client.py", line 465, in _run_event
    await coro(*args, **kwargs)
  File "/app/asu_discord/cogs/analytics.py", line 652, in on_member_update
    before_timeout = before.timed_out_until
                     ^^^^^^^^^^^^^^^^^^^^^^
AttributeError: 'Member' object has no attribute 'timed_out_until'
Ignoring exception in on_member_update
Traceback (most recent call last):
  File "/usr/local/lib/python3.12/site-packages/discord/client.py", line 465, in _run_event
    await coro(*args, **kwargs)
  File "/app/asu_discord/cogs/analytics.py", line 652, in on_member_update
    before_timeout = before.timed_out_until
                     ^^^^^^^^^^^^^^^^^^^^^^
AttributeError: 'Member' object has no attribute 'timed_out_until'
Ignoring exception in on_member_update
Traceback (most recent call last):
  File "/usr/local/lib/python3.12/site-packages/discord/client.py", line 465, in _run_event
    await coro(*args, **kwargs)
  File "/app/asu_discord/cogs/analytics.py", line 652, in on_member_update
    before_timeout = before.timed_out_until
                     ^^^^^^^^^^^^^^^^^^^^^^
AttributeError: 'Member' object has no attribute 'timed_out_until'
Ignoring exception in on_member_update
Traceback (most recent call last):
  File "/usr/local/lib/python3.12/site-packages/discord/client.py", line 465, in _run_event
    await coro(*args, **kwargs)
  File "/app/asu_discord/cogs/analytics.py", line 652, in on_member_update
    before_timeout = before.timed_out_until
                     ^^^^^^^^^^^^^^^^^^^^^^
AttributeError: 'Member' object has no attribute 'timed_out_until'
Ignoring exception in on_member_update
Traceback (most recent call last):
  File "/usr/local/lib/python3.12/site-packages/discord/client.py", line 465, in _run_event
    await coro(*args, **kwargs)
  File "/app/asu_discord/cogs/analytics.py", line 652, in on_member_update
    before_timeout = before.timed_out_until
                     ^^^^^^^^^^^^^^^^^^^^^^
AttributeError: 'Member' object has no attribute 'timed_out_until'
Ignoring exception in on_member_update
Traceback (most recent call last):
  File "/usr/local/lib/python3.12/site-packages/discord/client.py", line 465, in _run_event
    await coro(*args, **kwargs)
  File "/app/asu_discord/cogs/analytics.py", line 652, in on_member_update
    before_timeout = before.timed_out_until
                     ^^^^^^^^^^^^^^^^^^^^^^
AttributeError: 'Member' object has no attribute 'timed_out_until'
Ignoring exception in on_member_update
Traceback (most recent call last):
  File "/usr/local/lib/python3.12/site-packages/discord/client.py", line 465, in _run_event
    await coro(*args, **kwargs)
  File "/app/asu_discord/cogs/analytics.py", line 652, in on_member_update
    before_timeout = before.timed_out_until
                     ^^^^^^^^^^^^^^^^^^^^^^
AttributeError: 'Member' object has no attribute 'timed_out_until'
Ignoring exception in on_member_update
Traceback (most recent call last):
  File "/usr/local/lib/python3.12/site-packages/discord/client.py", line 465, in _run_event
    await coro(*args, **kwargs)
  File "/app/asu_discord/cogs/analytics.py", line 652, in on_member_update
    before_timeout = before.timed_out_until
                     ^^^^^^^^^^^^^^^^^^^^^^
AttributeError: 'Member' object has no attribute 'timed_out_until'
INFO:asu_discord.cogs.verification:Saved 5 roles to database for user ajabdul3 (Discord ID: 1226732287610196103)
INFO:asu_discord.cogs.verification:Refreshed Salesforce roles for Discord user 1226732287610196103: -5/+4 roles, assigned=[Arizona Resident, Commited, First Year, Tempe, W.P. Carey School of Business]
ERROR:cron.jobs:refresh_salesforce_roles: failed for rdraval (Discord ID 867980377740943400): Failed to refresh Salesforce-based roles: Discord user 867980377740943400 is not a member of the guild
ERROR:cron.jobs:refresh_salesforce_roles: failed for apriyad9 (Discord ID 589694190833762315): Failed to refresh Salesforce-based roles: Discord user 589694190833762315 is not a member of the guild
Ignoring exception in on_member_update
Traceback (most recent call last):
  File "/usr/local/lib/python3.12/site-packages/discord/client.py", line 465, in _run_event
    await coro(*args, **kwargs)
  File "/app/asu_discord/cogs/analytics.py", line 652, in on_member_update
    before_timeout = before.timed_out_until
                     ^^^^^^^^^^^^^^^^^^^^^^
AttributeError: 'Member' object has no attribute 'timed_out_until'
Ignoring exception in on_member_update
Traceback (most recent call last):
  File "/usr/local/lib/python3.12/site-packages/discord/client.py", line 465, in _run_event
    await coro(*args, **kwargs)
  File "/app/asu_discord/cogs/analytics.py", line 652, in on_member_update
    before_timeout = before.timed_out_until
                     ^^^^^^^^^^^^^^^^^^^^^^
AttributeError: 'Member' object has no attribute 'timed_out_until'
Ignoring exception in on_member_update
Traceback (most recent call last):
  File "/usr/local/lib/python3.12/site-packages/discord/client.py", line 465, in _run_event
    await coro(*args, **kwargs)
  File "/app/asu_discord/cogs/analytics.py", line 652, in on_member_update
    before_timeout = before.timed_out_until
                     ^^^^^^^^^^^^^^^^^^^^^^
AttributeError: 'Member' object has no attribute 'timed_out_until'
Ignoring exception in on_member_update
Traceback (most recent call last):
  File "/usr/local/lib/python3.12/site-packages/discord/client.py", line 465, in _run_event
    await coro(*args, **kwargs)
  File "/app/asu_discord/cogs/analytics.py", line 652, in on_member_update
    before_timeout = before.timed_out_until
                     ^^^^^^^^^^^^^^^^^^^^^^
AttributeError: 'Member' object has no attribute 'timed_out_until'
Ignoring exception in on_member_update
Traceback (most recent call last):
  File "/usr/local/lib/python3.12/site-packages/discord/client.py", line 465, in _run_event
    await coro(*args, **kwargs)
  File "/app/asu_discord/cogs/analytics.py", line 652, in on_member_update
    before_timeout = before.timed_out_until
                     ^^^^^^^^^^^^^^^^^^^^^^
AttributeError: 'Member' object has no attribute 'timed_out_until'
Ignoring exception in on_member_update
Traceback (most recent call last):
  File "/usr/local/lib/python3.12/site-packages/discord/client.py", line 465, in _run_event
    await coro(*args, **kwargs)
  File "/app/asu_discord/cogs/analytics.py", line 652, in on_member_update
    before_timeout = before.timed_out_until
                     ^^^^^^^^^^^^^^^^^^^^^^
AttributeError: 'Member' object has no attribute 'timed_out_until'
Ignoring exception in on_member_update
Traceback (most recent call last):
  File "/usr/local/lib/python3.12/site-packages/discord/client.py", line 465, in _run_event
    await coro(*args, **kwargs)
  File "/app/asu_discord/cogs/analytics.py", line 652, in on_member_update
    before_timeout = before.timed_out_until
                     ^^^^^^^^^^^^^^^^^^^^^^
AttributeError: 'Member' object has no attribute 'timed_out_until'
Ignoring exception in on_member_update
Traceback (most recent call last):
  File "/usr/local/lib/python3.12/site-packages/discord/client.py", line 465, in _run_event
    await coro(*args, **kwargs)
  File "/app/asu_discord/cogs/analytics.py", line 652, in on_member_update
    before_timeout = before.timed_out_until
                     ^^^^^^^^^^^^^^^^^^^^^^
AttributeError: 'Member' object has no attribute 'timed_out_until'
Ignoring exception in on_member_update
Traceback (most recent call last):
  File "/usr/local/lib/python3.12/site-packages/discord/client.py", line 465, in _run_event
    await coro(*args, **kwargs)
  File "/app/asu_discord/cogs/analytics.py", line 652, in on_member_update
    before_timeout = before.timed_out_until
                     ^^^^^^^^^^^^^^^^^^^^^^
AttributeError: 'Member' object has no attribute 'timed_out_until'
Ignoring exception in on_member_update
Traceback (most recent call last):
  File "/usr/local/lib/python3.12/site-packages/discord/client.py", line 465, in _run_event
    await coro(*args, **kwargs)
  File "/app/asu_discord/cogs/analytics.py", line 652, in on_member_update
    before_timeout = before.timed_out_until
                     ^^^^^^^^^^^^^^^^^^^^^^
AttributeError: 'Member' object has no attribute 'timed_out_until'
INFO:asu_discord.cogs.verification:Saved 5 roles to database for user embisrat (Discord ID: 799800826645839882)
INFO:asu_discord.cogs.verification:Refreshed Salesforce roles for Discord user 799800826645839882: -5/+5 roles, assigned=[Commited, First Year, Out of State, Tempe, W.P. Carey School of Business]
Ignoring exception in on_member_update
Traceback (most recent call last):
  File "/usr/local/lib/python3.12/site-packages/discord/client.py", line 465, in _run_event
    await coro(*args, **kwargs)
  File "/app/asu_discord/cogs/analytics.py", line 652, in on_member_update
    before_timeout = before.timed_out_until
                     ^^^^^^^^^^^^^^^^^^^^^^
AttributeError: 'Member' object has no attribute 'timed_out_until'
Ignoring exception in on_member_update
Traceback (most recent call last):
  File "/usr/local/lib/python3.12/site-packages/discord/client.py", line 465, in _run_event
    await coro(*args, **kwargs)
  File "/app/asu_discord/cogs/analytics.py", line 652, in on_member_update
    before_timeout = before.timed_out_until
                     ^^^^^^^^^^^^^^^^^^^^^^
AttributeError: 'Member' object has no attribute 'timed_out_until'
Ignoring exception in on_member_update
Traceback (most recent call last):
  File "/usr/local/lib/python3.12/site-packages/discord/client.py", line 465, in _run_event
    await coro(*args, **kwargs)
  File "/app/asu_discord/cogs/analytics.py", line 652, in on_member_update
    before_timeout = before.timed_out_until
                     ^^^^^^^^^^^^^^^^^^^^^^
AttributeError: 'Member' object has no attribute 'timed_out_until'
Ignoring exception in on_member_update
Traceback (most recent call last):
  File "/usr/local/lib/python3.12/site-packages/discord/client.py", line 465, in _run_event
    await coro(*args, **kwargs)
  File "/app/asu_discord/cogs/analytics.py", line 652, in on_member_update
    before_timeout = before.timed_out_until
                     ^^^^^^^^^^^^^^^^^^^^^^
AttributeError: 'Member' object has no attribute 'timed_out_until'
Ignoring exception in on_member_update
Traceback (most recent call last):
  File "/usr/local/lib/python3.12/site-packages/discord/client.py", line 465, in _run_event
    await coro(*args, **kwargs)
  File "/app/asu_discord/cogs/analytics.py", line 652, in on_member_update
    before_timeout = before.timed_out_until
                     ^^^^^^^^^^^^^^^^^^^^^^
AttributeError: 'Member' object has no attribute 'timed_out_until'
Ignoring exception in on_member_update
Traceback (most recent call last):
  File "/usr/local/lib/python3.12/site-packages/discord/client.py", line 465, in _run_event
    await coro(*args, **kwargs)
  File "/app/asu_discord/cogs/analytics.py", line 652, in on_member_update
    before_timeout = before.timed_out_until
                     ^^^^^^^^^^^^^^^^^^^^^^
AttributeError: 'Member' object has no attribute 'timed_out_until'
Ignoring exception in on_member_update
Traceback (most recent call last):
  File "/usr/local/lib/python3.12/site-packages/discord/client.py", line 465, in _run_event
    await coro(*args, **kwargs)
  File "/app/asu_discord/cogs/analytics.py", line 652, in on_member_update
    before_timeout = before.timed_out_until
                     ^^^^^^^^^^^^^^^^^^^^^^
AttributeError: 'Member' object has no attribute 'timed_out_until'
Ignoring exception in on_member_update
Traceback (most recent call last):
  File "/usr/local/lib/python3.12/site-packages/discord/client.py", line 465, in _run_event
    await coro(*args, **kwargs)
  File "/app/asu_discord/cogs/analytics.py", line 652, in on_member_update
    before_timeout = before.timed_out_until
                     ^^^^^^^^^^^^^^^^^^^^^^
AttributeError: 'Member' object has no attribute 'timed_out_until'
Ignoring exception in on_member_update
Traceback (most recent call last):
  File "/usr/local/lib/python3.12/site-packages/discord/client.py", line 465, in _run_event
    await coro(*args, **kwargs)
  File "/app/asu_discord/cogs/analytics.py", line 652, in on_member_update
    before_timeout = before.timed_out_until
                     ^^^^^^^^^^^^^^^^^^^^^^
AttributeError: 'Member' object has no attribute 'timed_out_until'
Ignoring exception in on_member_update
Traceback (most recent call last):
  File "/usr/local/lib/python3.12/site-packages/discord/client.py", line 465, in _run_event
    await coro(*args, **kwargs)
  File "/app/asu_discord/cogs/analytics.py", line 652, in on_member_update
    before_timeout = before.timed_out_until
                     ^^^^^^^^^^^^^^^^^^^^^^
AttributeError: 'Member' object has no attribute 'timed_out_until'
Ignoring exception in on_member_update
Traceback (most recent call last):
  File "/usr/local/lib/python3.12/site-packages/discord/client.py", line 465, in _run_event
    await coro(*args, **kwargs)
  File "/app/asu_discord/cogs/analytics.py", line 652, in on_member_update
    before_timeout = before.timed_out_until
                     ^^^^^^^^^^^^^^^^^^^^^^
AttributeError: 'Member' object has no attribute 'timed_out_until'
ERROR:cron.jobs:refresh_salesforce_roles: failed for chunyuye (Discord ID 498490984343273474): Timed out refresh Salesforce-based roles
Ignoring exception in on_member_update
Traceback (most recent call last):
  File "/usr/local/lib/python3.12/site-packages/discord/client.py", line 465, in _run_event
    await coro(*args, **kwargs)
  File "/app/asu_discord/cogs/analytics.py", line 652, in on_member_update
    before_timeout = before.timed_out_until
                     ^^^^^^^^^^^^^^^^^^^^^^
AttributeError: 'Member' object has no attribute 'timed_out_until'
Ignoring exception in on_member_update
Traceback (most recent call last):
  File "/usr/local/lib/python3.12/site-packages/discord/client.py", line 465, in _run_event
    await coro(*args, **kwargs)
  File "/app/asu_discord/cogs/analytics.py", line 652, in on_member_update
    before_timeout = before.timed_out_until
                     ^^^^^^^^^^^^^^^^^^^^^^
AttributeError: 'Member' object has no attribute 'timed_out_until'
Ignoring exception in on_member_update
Traceback (most recent call last):
  File "/usr/local/lib/python3.12/site-packages/discord/client.py", line 465, in _run_event
    await coro(*args, **kwargs)
  File "/app/asu_discord/cogs/analytics.py", line 652, in on_member_update
    before_timeout = before.timed_out_until
                     ^^^^^^^^^^^^^^^^^^^^^^
AttributeError: 'Member' object has no attribute 'timed_out_until'
Ignoring exception in on_member_update
Traceback (most recent call last):
  File "/usr/local/lib/python3.12/site-packages/discord/client.py", line 465, in _run_event
    await coro(*args, **kwargs)
  File "/app/asu_discord/cogs/analytics.py", line 652, in on_member_update
    before_timeout = before.timed_out_until
                     ^^^^^^^^^^^^^^^^^^^^^^
AttributeError: 'Member' object has no attribute 'timed_out_until'
Ignoring exception in on_member_update
Traceback (most recent call last):
  File "/usr/local/lib/python3.12/site-packages/discord/client.py", line 465, in _run_event
    await coro(*args, **kwargs)
  File "/app/asu_discord/cogs/analytics.py", line 652, in on_member_update
    before_timeout = before.timed_out_until
                     ^^^^^^^^^^^^^^^^^^^^^^
AttributeError: 'Member' object has no attribute 'timed_out_until'
Ignoring exception in on_member_update
Traceback (most recent call last):
  File "/usr/local/lib/python3.12/site-packages/discord/client.py", line 465, in _run_event
    await coro(*args, **kwargs)
  File "/app/asu_discord/cogs/analytics.py", line 652, in on_member_update
    before_timeout = before.timed_out_until
                     ^^^^^^^^^^^^^^^^^^^^^^
AttributeError: 'Member' object has no attribute 'timed_out_until'
Ignoring exception in on_member_update
Traceback (most recent call last):
  File "/usr/local/lib/python3.12/site-packages/discord/client.py", line 465, in _run_event
    await coro(*args, **kwargs)
  File "/app/asu_discord/cogs/analytics.py", line 652, in on_member_update
    before_timeout = before.timed_out_until
                     ^^^^^^^^^^^^^^^^^^^^^^
AttributeError: 'Member' object has no attribute 'timed_out_until'
Ignoring exception in on_member_update
Traceback (most recent call last):
  File "/usr/local/lib/python3.12/site-packages/discord/client.py", line 465, in _run_event
    await coro(*args, **kwargs)
  File "/app/asu_discord/cogs/analytics.py", line 652, in on_member_update
    before_timeout = before.timed_out_until
                     ^^^^^^^^^^^^^^^^^^^^^^
AttributeError: 'Member' object has no attribute 'timed_out_until'
Ignoring exception in on_member_update
Traceback (most recent call last):
  File "/usr/local/lib/python3.12/site-packages/discord/client.py", line 465, in _run_event
    await coro(*args, **kwargs)
  File "/app/asu_discord/cogs/analytics.py", line 652, in on_member_update
    before_timeout = before.timed_out_until
                     ^^^^^^^^^^^^^^^^^^^^^^
AttributeError: 'Member' object has no attribute 'timed_out_until'
Ignoring exception in on_member_update
Traceback (most recent call last):
  File "/usr/local/lib/python3.12/site-packages/discord/client.py", line 465, in _run_event
    await coro(*args, **kwargs)
  File "/app/asu_discord/cogs/analytics.py", line 652, in on_member_update
    before_timeout = before.timed_out_until
                     ^^^^^^^^^^^^^^^^^^^^^^
AttributeError: 'Member' object has no attribute 'timed_out_until'
INFO:asu_discord.cogs.verification:Saved 5 roles to database for user apmazur1 (Discord ID: 593487055817015317)
INFO:asu_discord.cogs.verification:Refreshed Salesforce roles for Discord user 593487055817015317: -5/+5 roles, assigned=[Arizona Resident, College of Liberal Arts and Sciences, Commited, First Year, Tempe]
Ignoring exception in on_member_update
Traceback (most recent call last):
  File "/usr/local/lib/python3.12/site-packages/discord/client.py", line 465, in _run_event
    await coro(*args, **kwargs)
  File "/app/asu_discord/cogs/analytics.py", line 652, in on_member_update
    before_timeout = before.timed_out_until
                     ^^^^^^^^^^^^^^^^^^^^^^
AttributeError: 'Member' object has no attribute 'timed_out_until'
Ignoring exception in on_member_update
Traceback (most recent call last):
  File "/usr/local/lib/python3.12/site-packages/discord/client.py", line 465, in _run_event
    await coro(*args, **kwargs)
  File "/app/asu_discord/cogs/analytics.py", line 652, in on_member_update
    before_timeout = before.timed_out_until
                     ^^^^^^^^^^^^^^^^^^^^^^
AttributeError: 'Member' object has no attribute 'timed_out_until'
Ignoring exception in on_member_update
Traceback (most recent call last):
  File "/usr/local/lib/python3.12/site-packages/discord/client.py", line 465, in _run_event
    await coro(*args, **kwargs)
  File "/app/asu_discord/cogs/analytics.py", line 652, in on_member_update
    before_timeout = before.timed_out_until
                     ^^^^^^^^^^^^^^^^^^^^^^
AttributeError: 'Member' object has no attribute 'timed_out_until'
Ignoring exception in on_member_update
Traceback (most recent call last):
  File "/usr/local/lib/python3.12/site-packages/discord/client.py", line 465, in _run_event
    await coro(*args, **kwargs)
  File "/app/asu_discord/cogs/analytics.py", line 652, in on_member_update
    before_timeout = before.timed_out_until
                     ^^^^^^^^^^^^^^^^^^^^^^
AttributeError: 'Member' object has no attribute 'timed_out_until'
Ignoring exception in on_member_update
Traceback (most recent call last):
  File "/usr/local/lib/python3.12/site-packages/discord/client.py", line 465, in _run_event
    await coro(*args, **kwargs)
  File "/app/asu_discord/cogs/analytics.py", line 652, in on_member_update
    before_timeout = before.timed_out_until
                     ^^^^^^^^^^^^^^^^^^^^^^
AttributeError: 'Member' object has no attribute 'timed_out_until'
Ignoring exception in on_member_update
Traceback (most recent call last):
  File "/usr/local/lib/python3.12/site-packages/discord/client.py", line 465, in _run_event
    await coro(*args, **kwargs)
  File "/app/asu_discord/cogs/analytics.py", line 652, in on_member_update
    before_timeout = before.timed_out_until
                     ^^^^^^^^^^^^^^^^^^^^^^
AttributeError: 'Member' object has no attribute 'timed_out_until'
Ignoring exception in on_member_update
Traceback (most recent call last):
  File "/usr/local/lib/python3.12/site-packages/discord/client.py", line 465, in _run_event
    await coro(*args, **kwargs)
  File "/app/asu_discord/cogs/analytics.py", line 652, in on_member_update
    before_timeout = before.timed_out_until
                     ^^^^^^^^^^^^^^^^^^^^^^
AttributeError: 'Member' object has no attribute 'timed_out_until'
Ignoring exception in on_member_update
Traceback (most recent call last):
  File "/usr/local/lib/python3.12/site-packages/discord/client.py", line 465, in _run_event
    await coro(*args, **kwargs)
  File "/app/asu_discord/cogs/analytics.py", line 652, in on_member_update
    before_timeout = before.timed_out_until
                     ^^^^^^^^^^^^^^^^^^^^^^
AttributeError: 'Member' object has no attribute 'timed_out_until'
Ignoring exception in on_member_update
Traceback (most recent call last):
  File "/usr/local/lib/python3.12/site-packages/discord/client.py", line 465, in _run_event
    await coro(*args, **kwargs)
  File "/app/asu_discord/cogs/analytics.py", line 652, in on_member_update
    before_timeout = before.timed_out_until
                     ^^^^^^^^^^^^^^^^^^^^^^
AttributeError: 'Member' object has no attribute 'timed_out_until'
INFO:asu_discord.cogs.verification:Saved 5 roles to database for user cevans88 (Discord ID: 779223678197825558)
INFO:asu_discord.cogs.verification:Refreshed Salesforce roles for Discord user 779223678197825558: -4/+5 roles, assigned=[Arizona Resident, College of Health Solutions, First Generation Student, First Year, Tempe]
Ignoring exception in on_member_update
Traceback (most recent call last):
  File "/usr/local/lib/python3.12/site-packages/discord/client.py", line 465, in _run_event
    await coro(*args, **kwargs)
  File "/app/asu_discord/cogs/analytics.py", line 652, in on_member_update
    before_timeout = before.timed_out_until
                     ^^^^^^^^^^^^^^^^^^^^^^
AttributeError: 'Member' object has no attribute 'timed_out_until'
Ignoring exception in on_member_update
Traceback (most recent call last):
  File "/usr/local/lib/python3.12/site-packages/discord/client.py", line 465, in _run_event
    await coro(*args, **kwargs)
  File "/app/asu_discord/cogs/analytics.py", line 652, in on_member_update
    before_timeout = before.timed_out_until
                     ^^^^^^^^^^^^^^^^^^^^^^
AttributeError: 'Member' object has no attribute 'timed_out_until'
Ignoring exception in on_member_update
Traceback (most recent call last):
  File "/usr/local/lib/python3.12/site-packages/discord/client.py", line 465, in _run_event
    await coro(*args, **kwargs)
  File "/app/asu_discord/cogs/analytics.py", line 652, in on_member_update
    before_timeout = before.timed_out_until
                     ^^^^^^^^^^^^^^^^^^^^^^
AttributeError: 'Member' object has no attribute 'timed_out_until'
Ignoring exception in on_member_update
Traceback (most recent call last):
  File "/usr/local/lib/python3.12/site-packages/discord/client.py", line 465, in _run_event
    await coro(*args, **kwargs)
  File "/app/asu_discord/cogs/analytics.py", line 652, in on_member_update
    before_timeout = before.timed_out_until
                     ^^^^^^^^^^^^^^^^^^^^^^
AttributeError: 'Member' object has no attribute 'timed_out_until'
Ignoring exception in on_member_update
Traceback (most recent call last):
  File "/usr/local/lib/python3.12/site-packages/discord/client.py", line 465, in _run_event
    await coro(*args, **kwargs)
  File "/app/asu_discord/cogs/analytics.py", line 652, in on_member_update
    before_timeout = before.timed_out_until
                     ^^^^^^^^^^^^^^^^^^^^^^
AttributeError: 'Member' object has no attribute 'timed_out_until'
Ignoring exception in on_member_update
Traceback (most recent call last):
  File "/usr/local/lib/python3.12/site-packages/discord/client.py", line 465, in _run_event
    await coro(*args, **kwargs)
  File "/app/asu_discord/cogs/analytics.py", line 652, in on_member_update
    before_timeout = before.timed_out_until
                     ^^^^^^^^^^^^^^^^^^^^^^
AttributeError: 'Member' object has no attribute 'timed_out_until'
Ignoring exception in on_member_update
Traceback (most recent call last):
  File "/usr/local/lib/python3.12/site-packages/discord/client.py", line 465, in _run_event
    await coro(*args, **kwargs)
  File "/app/asu_discord/cogs/analytics.py", line 652, in on_member_update
    before_timeout = before.timed_out_until
                     ^^^^^^^^^^^^^^^^^^^^^^
AttributeError: 'Member' object has no attribute 'timed_out_until'
Ignoring exception in on_member_update
Traceback (most recent call last):
  File "/usr/local/lib/python3.12/site-packages/discord/client.py", line 465, in _run_event
    await coro(*args, **kwargs)
  File "/app/asu_discord/cogs/analytics.py", line 652, in on_member_update
    before_timeout = before.timed_out_until
                     ^^^^^^^^^^^^^^^^^^^^^^
AttributeError: 'Member' object has no attribute 'timed_out_until'
INFO:asu_discord.cogs.verification:Saved 4 roles to database for user asrin119 (Discord ID: 1036895291342864414)
INFO:asu_discord.cogs.verification:Refreshed Salesforce roles for Discord user 1036895291342864414: -4/+4 roles, assigned=[College of Liberal Arts and Sciences, First Year, International Student, Tempe]
Ignoring exception in on_member_update
Traceback (most recent call last):
  File "/usr/local/lib/python3.12/site-packages/discord/client.py", line 465, in _run_event
    await coro(*args, **kwargs)
  File "/app/asu_discord/cogs/analytics.py", line 652, in on_member_update
    before_timeout = before.timed_out_until
                     ^^^^^^^^^^^^^^^^^^^^^^
AttributeError: 'Member' object has no attribute 'timed_out_until'
Ignoring exception in on_member_update
Traceback (most recent call last):
  File "/usr/local/lib/python3.12/site-packages/discord/client.py", line 465, in _run_event
    await coro(*args, **kwargs)
  File "/app/asu_discord/cogs/analytics.py", line 652, in on_member_update
    before_timeout = before.timed_out_until
                     ^^^^^^^^^^^^^^^^^^^^^^
AttributeError: 'Member' object has no attribute 'timed_out_until'
Ignoring exception in on_member_update
Traceback (most recent call last):
  File "/usr/local/lib/python3.12/site-packages/discord/client.py", line 465, in _run_event
    await coro(*args, **kwargs)
  File "/app/asu_discord/cogs/analytics.py", line 652, in on_member_update
    before_timeout = before.timed_out_until
                     ^^^^^^^^^^^^^^^^^^^^^^
AttributeError: 'Member' object has no attribute 'timed_out_until'
Ignoring exception in on_member_update
Traceback (most recent call last):
  File "/usr/local/lib/python3.12/site-packages/discord/client.py", line 465, in _run_event
    await coro(*args, **kwargs)
  File "/app/asu_discord/cogs/analytics.py", line 652, in on_member_update
    before_timeout = before.timed_out_until
                     ^^^^^^^^^^^^^^^^^^^^^^
AttributeError: 'Member' object has no attribute 'timed_out_until'
Ignoring exception in on_member_update
Traceback (most recent call last):
  File "/usr/local/lib/python3.12/site-packages/discord/client.py", line 465, in _run_event
    await coro(*args, **kwargs)
  File "/app/asu_discord/cogs/analytics.py", line 652, in on_member_update
    before_timeout = before.timed_out_until
                     ^^^^^^^^^^^^^^^^^^^^^^
AttributeError: 'Member' object has no attribute 'timed_out_until'
Ignoring exception in on_member_update
Traceback (most recent call last):
  File "/usr/local/lib/python3.12/site-packages/discord/client.py", line 465, in _run_event
    await coro(*args, **kwargs)
  File "/app/asu_discord/cogs/analytics.py", line 652, in on_member_update
    before_timeout = before.timed_out_until
                     ^^^^^^^^^^^^^^^^^^^^^^
AttributeError: 'Member' object has no attribute 'timed_out_until'
Ignoring exception in on_member_update
Traceback (most recent call last):
  File "/usr/local/lib/python3.12/site-packages/discord/client.py", line 465, in _run_event
    await coro(*args, **kwargs)
  File "/app/asu_discord/cogs/analytics.py", line 652, in on_member_update
    before_timeout = before.timed_out_until
                     ^^^^^^^^^^^^^^^^^^^^^^
AttributeError: 'Member' object has no attribute 'timed_out_until'
Ignoring exception in on_member_update
Traceback (most recent call last):
  File "/usr/local/lib/python3.12/site-packages/discord/client.py", line 465, in _run_event
    await coro(*args, **kwargs)
  File "/app/asu_discord/cogs/analytics.py", line 652, in on_member_update
    before_timeout = before.timed_out_until
                     ^^^^^^^^^^^^^^^^^^^^^^
AttributeError: 'Member' object has no attribute 'timed_out_until'
Ignoring exception in on_member_update
Traceback (most recent call last):
  File "/usr/local/lib/python3.12/site-packages/discord/client.py", line 465, in _run_event
    await coro(*args, **kwargs)
  File "/app/asu_discord/cogs/analytics.py", line 652, in on_member_update
    before_timeout = before.timed_out_until
                     ^^^^^^^^^^^^^^^^^^^^^^
AttributeError: 'Member' object has no attribute 'timed_out_until'
Ignoring exception in on_member_update
Traceback (most recent call last):
  File "/usr/local/lib/python3.12/site-packages/discord/client.py", line 465, in _run_event
    await coro(*args, **kwargs)
  File "/app/asu_discord/cogs/analytics.py", line 652, in on_member_update
    before_timeout = before.timed_out_until
                     ^^^^^^^^^^^^^^^^^^^^^^
AttributeError: 'Member' object has no attribute 'timed_out_until'
INFO:asu_discord.cogs.verification:Saved 5 roles to database for user fmarque8 (Discord ID: 1440051904318017607)
INFO:asu_discord.cogs.verification:Refreshed Salesforce roles for Discord user 1440051904318017607: -5/+5 roles, assigned=[College of Liberal Arts and Sciences, Online, Out of State, Transfer Student, Upperclassmen]
ERROR:cron.jobs:refresh_salesforce_roles: failed for nngoc (Discord ID 1318621156009316384): Failed to refresh Salesforce-based roles: Discord user 1318621156009316384 is not a member of the guild
Ignoring exception in on_member_update
Traceback (most recent call last):
  File "/usr/local/lib/python3.12/site-packages/discord/client.py", line 465, in _run_event
    await coro(*args, **kwargs)
  File "/app/asu_discord/cogs/analytics.py", line 652, in on_member_update
    before_timeout = before.timed_out_until
                     ^^^^^^^^^^^^^^^^^^^^^^
AttributeError: 'Member' object has no attribute 'timed_out_until'
Ignoring exception in on_member_update
Traceback (most recent call last):
  File "/usr/local/lib/python3.12/site-packages/discord/client.py", line 465, in _run_event
    await coro(*args, **kwargs)
  File "/app/asu_discord/cogs/analytics.py", line 652, in on_member_update
    before_timeout = before.timed_out_until
                     ^^^^^^^^^^^^^^^^^^^^^^
AttributeError: 'Member' object has no attribute 'timed_out_until'
Ignoring exception in on_member_update
Traceback (most recent call last):
  File "/usr/local/lib/python3.12/site-packages/discord/client.py", line 465, in _run_event
    await coro(*args, **kwargs)
  File "/app/asu_discord/cogs/analytics.py", line 652, in on_member_update
    before_timeout = before.timed_out_until
                     ^^^^^^^^^^^^^^^^^^^^^^
AttributeError: 'Member' object has no attribute 'timed_out_until'
Ignoring exception in on_member_update
Traceback (most recent call last):
  File "/usr/local/lib/python3.12/site-packages/discord/client.py", line 465, in _run_event
    await coro(*args, **kwargs)
  File "/app/asu_discord/cogs/analytics.py", line 652, in on_member_update
    before_timeout = before.timed_out_until
                     ^^^^^^^^^^^^^^^^^^^^^^
AttributeError: 'Member' object has no attribute 'timed_out_until'
Ignoring exception in on_member_update
Traceback (most recent call last):
  File "/usr/local/lib/python3.12/site-packages/discord/client.py", line 465, in _run_event
    await coro(*args, **kwargs)
  File "/app/asu_discord/cogs/analytics.py", line 652, in on_member_update
    before_timeout = before.timed_out_until
                     ^^^^^^^^^^^^^^^^^^^^^^
AttributeError: 'Member' object has no attribute 'timed_out_until'
Ignoring exception in on_member_update
Traceback (most recent call last):
  File "/usr/local/lib/python3.12/site-packages/discord/client.py", line 465, in _run_event
    await coro(*args, **kwargs)
  File "/app/asu_discord/cogs/analytics.py", line 652, in on_member_update
    before_timeout = before.timed_out_until
                     ^^^^^^^^^^^^^^^^^^^^^^
AttributeError: 'Member' object has no attribute 'timed_out_until'
Ignoring exception in on_member_update
Traceback (most recent call last):
  File "/usr/local/lib/python3.12/site-packages/discord/client.py", line 465, in _run_event
    await coro(*args, **kwargs)
  File "/app/asu_discord/cogs/analytics.py", line 652, in on_member_update
    before_timeout = before.timed_out_until
                     ^^^^^^^^^^^^^^^^^^^^^^
AttributeError: 'Member' object has no attribute 'timed_out_until'
Ignoring exception in on_member_update
Traceback (most recent call last):
  File "/usr/local/lib/python3.12/site-packages/discord/client.py", line 465, in _run_event
    await coro(*args, **kwargs)
  File "/app/asu_discord/cogs/analytics.py", line 652, in on_member_update
    before_timeout = before.timed_out_until
                     ^^^^^^^^^^^^^^^^^^^^^^
AttributeError: 'Member' object has no attribute 'timed_out_until'
INFO:asu_discord.cogs.verification:Saved 5 roles to database for user dshennes (Discord ID: 696327392297353226)
INFO:asu_discord.cogs.verification:Refreshed Salesforce roles for Discord user 696327392297353226: -5/+4 roles, assigned=[First Generation Student, First Year, International Student, Polytechnic, W.P. Carey School of Business]
Ignoring exception in on_member_update
Traceback (most recent call last):
  File "/usr/local/lib/python3.12/site-packages/discord/client.py", line 465, in _run_event
    await coro(*args, **kwargs)
  File "/app/asu_discord/cogs/analytics.py", line 652, in on_member_update
    before_timeout = before.timed_out_until
                     ^^^^^^^^^^^^^^^^^^^^^^
AttributeError: 'Member' object has no attribute 'timed_out_until'
Ignoring exception in on_member_update
Traceback (most recent call last):
  File "/usr/local/lib/python3.12/site-packages/discord/client.py", line 465, in _run_event
    await coro(*args, **kwargs)
  File "/app/asu_discord/cogs/analytics.py", line 652, in on_member_update
    before_timeout = before.timed_out_until
                     ^^^^^^^^^^^^^^^^^^^^^^
AttributeError: 'Member' object has no attribute 'timed_out_until'
Ignoring exception in on_member_update
Traceback (most recent call last):
  File "/usr/local/lib/python3.12/site-packages/discord/client.py", line 465, in _run_event
    await coro(*args, **kwargs)
  File "/app/asu_discord/cogs/analytics.py", line 652, in on_member_update
    before_timeout = before.timed_out_until
                     ^^^^^^^^^^^^^^^^^^^^^^
AttributeError: 'Member' object has no attribute 'timed_out_until'
Ignoring exception in on_member_update
Traceback (most recent call last):
  File "/usr/local/lib/python3.12/site-packages/discord/client.py", line 465, in _run_event
    await coro(*args, **kwargs)
  File "/app/asu_discord/cogs/analytics.py", line 652, in on_member_update
    before_timeout = before.timed_out_until
                     ^^^^^^^^^^^^^^^^^^^^^^
AttributeError: 'Member' object has no attribute 'timed_out_until'
Ignoring exception in on_member_update
Traceback (most recent call last):
  File "/usr/local/lib/python3.12/site-packages/discord/client.py", line 465, in _run_event
    await coro(*args, **kwargs)
  File "/app/asu_discord/cogs/analytics.py", line 652, in on_member_update
    before_timeout = before.timed_out_until
                     ^^^^^^^^^^^^^^^^^^^^^^
AttributeError: 'Member' object has no attribute 'timed_out_until'
Ignoring exception in on_member_update
Traceback (most recent call last):
  File "/usr/local/lib/python3.12/site-packages/discord/client.py", line 465, in _run_event
    await coro(*args, **kwargs)
  File "/app/asu_discord/cogs/analytics.py", line 652, in on_member_update
    before_timeout = before.timed_out_until
                     ^^^^^^^^^^^^^^^^^^^^^^
AttributeError: 'Member' object has no attribute 'timed_out_until'
Ignoring exception in on_member_update
Traceback (most recent call last):
  File "/usr/local/lib/python3.12/site-packages/discord/client.py", line 465, in _run_event
    await coro(*args, **kwargs)
  File "/app/asu_discord/cogs/analytics.py", line 652, in on_member_update
    before_timeout = before.timed_out_until
                     ^^^^^^^^^^^^^^^^^^^^^^
AttributeError: 'Member' object has no attribute 'timed_out_until'
Ignoring exception in on_member_update
Traceback (most recent call last):
  File "/usr/local/lib/python3.12/site-packages/discord/client.py", line 465, in _run_event
    await coro(*args, **kwargs)
  File "/app/asu_discord/cogs/analytics.py", line 652, in on_member_update
    before_timeout = before.timed_out_until
                     ^^^^^^^^^^^^^^^^^^^^^^
AttributeError: 'Member' object has no attribute 'timed_out_until'
Ignoring exception in on_member_update
Traceback (most recent call last):
  File "/usr/local/lib/python3.12/site-packages/discord/client.py", line 465, in _run_event
    await coro(*args, **kwargs)
  File "/app/asu_discord/cogs/analytics.py", line 652, in on_member_update
    before_timeout = before.timed_out_until
                     ^^^^^^^^^^^^^^^^^^^^^^
AttributeError: 'Member' object has no attribute 'timed_out_until'
INFO:asu_discord.cogs.verification:Saved 4 roles to database for user tbuttera (Discord ID: 1046938215627640964)
INFO:asu_discord.cogs.verification:Refreshed Salesforce roles for Discord user 1046938215627640964: -4/+4 roles, assigned=[First Year, Ira A. Fulton Schools of Engineering, Out of State, Tempe]
Ignoring exception in on_member_update
Traceback (most recent call last):
  File "/usr/local/lib/python3.12/site-packages/discord/client.py", line 465, in _run_event
    await coro(*args, **kwargs)
  File "/app/asu_discord/cogs/analytics.py", line 652, in on_member_update
    before_timeout = before.timed_out_until
                     ^^^^^^^^^^^^^^^^^^^^^^
AttributeError: 'Member' object has no attribute 'timed_out_until'
Ignoring exception in on_member_update
Traceback (most recent call last):
  File "/usr/local/lib/python3.12/site-packages/discord/client.py", line 465, in _run_event
    await coro(*args, **kwargs)
  File "/app/asu_discord/cogs/analytics.py", line 652, in on_member_update
    before_timeout = before.timed_out_until
                     ^^^^^^^^^^^^^^^^^^^^^^
AttributeError: 'Member' object has no attribute 'timed_out_until'
Ignoring exception in on_member_update
Traceback (most recent call last):
  File "/usr/local/lib/python3.12/site-packages/discord/client.py", line 465, in _run_event
    await coro(*args, **kwargs)
  File "/app/asu_discord/cogs/analytics.py", line 652, in on_member_update
    before_timeout = before.timed_out_until
                     ^^^^^^^^^^^^^^^^^^^^^^
AttributeError: 'Member' object has no attribute 'timed_out_until'
Ignoring exception in on_member_update
Traceback (most recent call last):
  File "/usr/local/lib/python3.12/site-packages/discord/client.py", line 465, in _run_event
    await coro(*args, **kwargs)
  File "/app/asu_discord/cogs/analytics.py", line 652, in on_member_update
    before_timeout = before.timed_out_until
                     ^^^^^^^^^^^^^^^^^^^^^^
AttributeError: 'Member' object has no attribute 'timed_out_until'
Ignoring exception in on_member_update
Traceback (most recent call last):
  File "/usr/local/lib/python3.12/site-packages/discord/client.py", line 465, in _run_event
    await coro(*args, **kwargs)
  File "/app/asu_discord/cogs/analytics.py", line 652, in on_member_update
    before_timeout = before.timed_out_until
                     ^^^^^^^^^^^^^^^^^^^^^^
AttributeError: 'Member' object has no attribute 'timed_out_until'
Ignoring exception in on_member_update
Traceback (most recent call last):
  File "/usr/local/lib/python3.12/site-packages/discord/client.py", line 465, in _run_event
    await coro(*args, **kwargs)
  File "/app/asu_discord/cogs/analytics.py", line 652, in on_member_update
    before_timeout = before.timed_out_until
                     ^^^^^^^^^^^^^^^^^^^^^^
AttributeError: 'Member' object has no attribute 'timed_out_until'
Ignoring exception in on_member_update
Traceback (most recent call last):
  File "/usr/local/lib/python3.12/site-packages/discord/client.py", line 465, in _run_event
    await coro(*args, **kwargs)
  File "/app/asu_discord/cogs/analytics.py", line 652, in on_member_update
    before_timeout = before.timed_out_until
                     ^^^^^^^^^^^^^^^^^^^^^^
AttributeError: 'Member' object has no attribute 'timed_out_until'
Ignoring exception in on_member_update
Traceback (most recent call last):
  File "/usr/local/lib/python3.12/site-packages/discord/client.py", line 465, in _run_event
    await coro(*args, **kwargs)
  File "/app/asu_discord/cogs/analytics.py", line 652, in on_member_update
    before_timeout = before.timed_out_until
                     ^^^^^^^^^^^^^^^^^^^^^^
AttributeError: 'Member' object has no attribute 'timed_out_until'
INFO:asu_discord.cogs.verification:Saved 4 roles to database for user lmmazzar (Discord ID: 1072532175712432218)
INFO:asu_discord.cogs.verification:Refreshed Salesforce roles for Discord user 1072532175712432218: -4/+4 roles, assigned=[Edson College of Nursing and Health Innovation, Graduate Student, Online, Out of State]
Ignoring exception in on_member_update
Traceback (most recent call last):
  File "/usr/local/lib/python3.12/site-packages/discord/client.py", line 465, in _run_event
    await coro(*args, **kwargs)
  File "/app/asu_discord/cogs/analytics.py", line 652, in on_member_update
    before_timeout = before.timed_out_until
                     ^^^^^^^^^^^^^^^^^^^^^^
AttributeError: 'Member' object has no attribute 'timed_out_until'
Ignoring exception in on_member_update
Traceback (most recent call last):
  File "/usr/local/lib/python3.12/site-packages/discord/client.py", line 465, in _run_event
    await coro(*args, **kwargs)
  File "/app/asu_discord/cogs/analytics.py", line 652, in on_member_update
    before_timeout = before.timed_out_until
                     ^^^^^^^^^^^^^^^^^^^^^^
AttributeError: 'Member' object has no attribute 'timed_out_until'
Ignoring exception in on_member_update
Traceback (most recent call last):
  File "/usr/local/lib/python3.12/site-packages/discord/client.py", line 465, in _run_event
    await coro(*args, **kwargs)
  File "/app/asu_discord/cogs/analytics.py", line 652, in on_member_update
    before_timeout = before.timed_out_until
                     ^^^^^^^^^^^^^^^^^^^^^^
AttributeError: 'Member' object has no attribute 'timed_out_until'
Ignoring exception in on_member_update
Traceback (most recent call last):
  File "/usr/local/lib/python3.12/site-packages/discord/client.py", line 465, in _run_event
    await coro(*args, **kwargs)
  File "/app/asu_discord/cogs/analytics.py", line 652, in on_member_update
    before_timeout = before.timed_out_until
                     ^^^^^^^^^^^^^^^^^^^^^^
AttributeError: 'Member' object has no attribute 'timed_out_until'
Ignoring exception in on_member_update
Traceback (most recent call last):
  File "/usr/local/lib/python3.12/site-packages/discord/client.py", line 465, in _run_event
    await coro(*args, **kwargs)
  File "/app/asu_discord/cogs/analytics.py", line 652, in on_member_update
    before_timeout = before.timed_out_until
                     ^^^^^^^^^^^^^^^^^^^^^^
AttributeError: 'Member' object has no attribute 'timed_out_until'
Ignoring exception in on_member_update
Traceback (most recent call last):
  File "/usr/local/lib/python3.12/site-packages/discord/client.py", line 465, in _run_event
    await coro(*args, **kwargs)
  File "/app/asu_discord/cogs/analytics.py", line 652, in on_member_update
    before_timeout = before.timed_out_until
                     ^^^^^^^^^^^^^^^^^^^^^^
AttributeError: 'Member' object has no attribute 'timed_out_until'
Ignoring exception in on_member_update
Traceback (most recent call last):
  File "/usr/local/lib/python3.12/site-packages/discord/client.py", line 465, in _run_event
    await coro(*args, **kwargs)
  File "/app/asu_discord/cogs/analytics.py", line 652, in on_member_update
    before_timeout = before.timed_out_until
                     ^^^^^^^^^^^^^^^^^^^^^^
AttributeError: 'Member' object has no attribute 'timed_out_until'
Ignoring exception in on_member_update
Traceback (most recent call last):
  File "/usr/local/lib/python3.12/site-packages/discord/client.py", line 465, in _run_event
    await coro(*args, **kwargs)
  File "/app/asu_discord/cogs/analytics.py", line 652, in on_member_update
    before_timeout = before.timed_out_until
                     ^^^^^^^^^^^^^^^^^^^^^^
AttributeError: 'Member' object has no attribute 'timed_out_until'
INFO:asu_discord.cogs.verification:Saved 4 roles to database for user grhynes (Discord ID: 1359687681667371238)
INFO:asu_discord.cogs.verification:Refreshed Salesforce roles for Discord user 1359687681667371238: -4/+4 roles, assigned=[College of Liberal Arts and Sciences, First Year, Out of State, Tempe]
ERROR:cron.jobs:refresh_salesforce_roles: failed for cjchild4 (Discord ID 711699133492232222): Failed to refresh Salesforce-based roles: Discord user 711699133492232222 is not a member of the guild
Ignoring exception in on_member_update
Traceback (most recent call last):
  File "/usr/local/lib/python3.12/site-packages/discord/client.py", line 465, in _run_event
    await coro(*args, **kwargs)
  File "/app/asu_discord/cogs/analytics.py", line 652, in on_member_update
    before_timeout = before.timed_out_until
                     ^^^^^^^^^^^^^^^^^^^^^^
AttributeError: 'Member' object has no attribute 'timed_out_until'
Ignoring exception in on_member_update
Traceback (most recent call last):
  File "/usr/local/lib/python3.12/site-packages/discord/client.py", line 465, in _run_event
    await coro(*args, **kwargs)
  File "/app/asu_discord/cogs/analytics.py", line 652, in on_member_update
    before_timeout = before.timed_out_until
                     ^^^^^^^^^^^^^^^^^^^^^^
AttributeError: 'Member' object has no attribute 'timed_out_until'
Ignoring exception in on_member_update
Traceback (most recent call last):
  File "/usr/local/lib/python3.12/site-packages/discord/client.py", line 465, in _run_event
    await coro(*args, **kwargs)
  File "/app/asu_discord/cogs/analytics.py", line 652, in on_member_update
    before_timeout = before.timed_out_until
                     ^^^^^^^^^^^^^^^^^^^^^^
AttributeError: 'Member' object has no attribute 'timed_out_until'
Ignoring exception in on_member_update
Traceback (most recent call last):
  File "/usr/local/lib/python3.12/site-packages/discord/client.py", line 465, in _run_event
    await coro(*args, **kwargs)
  File "/app/asu_discord/cogs/analytics.py", line 652, in on_member_update
    before_timeout = before.timed_out_until
                     ^^^^^^^^^^^^^^^^^^^^^^
AttributeError: 'Member' object has no attribute 'timed_out_until'
Ignoring exception in on_member_update
Traceback (most recent call last):
  File "/usr/local/lib/python3.12/site-packages/discord/client.py", line 465, in _run_event
    await coro(*args, **kwargs)
  File "/app/asu_discord/cogs/analytics.py", line 652, in on_member_update
    before_timeout = before.timed_out_until
                     ^^^^^^^^^^^^^^^^^^^^^^
AttributeError: 'Member' object has no attribute 'timed_out_until'
Ignoring exception in on_member_update
Traceback (most recent call last):
  File "/usr/local/lib/python3.12/site-packages/discord/client.py", line 465, in _run_event
    await coro(*args, **kwargs)
  File "/app/asu_discord/cogs/analytics.py", line 652, in on_member_update
    before_timeout = before.timed_out_until
                     ^^^^^^^^^^^^^^^^^^^^^^
AttributeError: 'Member' object has no attribute 'timed_out_until'
Ignoring exception in on_member_update
Traceback (most recent call last):
  File "/usr/local/lib/python3.12/site-packages/discord/client.py", line 465, in _run_event
    await coro(*args, **kwargs)
  File "/app/asu_discord/cogs/analytics.py", line 652, in on_member_update
    before_timeout = before.timed_out_until
                     ^^^^^^^^^^^^^^^^^^^^^^
AttributeError: 'Member' object has no attribute 'timed_out_until'
Ignoring exception in on_member_update
Traceback (most recent call last):
  File "/usr/local/lib/python3.12/site-packages/discord/client.py", line 465, in _run_event
    await coro(*args, **kwargs)
  File "/app/asu_discord/cogs/analytics.py", line 652, in on_member_update
    before_timeout = before.timed_out_until
                     ^^^^^^^^^^^^^^^^^^^^^^
AttributeError: 'Member' object has no attribute 'timed_out_until'
Ignoring exception in on_member_update
Traceback (most recent call last):
  File "/usr/local/lib/python3.12/site-packages/discord/client.py", line 465, in _run_event
    await coro(*args, **kwargs)
  File "/app/asu_discord/cogs/analytics.py", line 652, in on_member_update
    before_timeout = before.timed_out_until
                     ^^^^^^^^^^^^^^^^^^^^^^
AttributeError: 'Member' object has no attribute 'timed_out_until'
Ignoring exception in on_member_update
Traceback (most recent call last):
  File "/usr/local/lib/python3.12/site-packages/discord/client.py", line 465, in _run_event
    await coro(*args, **kwargs)
  File "/app/asu_discord/cogs/analytics.py", line 652, in on_member_update
    before_timeout = before.timed_out_until
                     ^^^^^^^^^^^^^^^^^^^^^^
AttributeError: 'Member' object has no attribute 'timed_out_until'
INFO:asu_discord.cogs.verification:Saved 5 roles to database for user kemoor25 (Discord ID: 693172827507130531)
INFO:asu_discord.cogs.verification:Refreshed Salesforce roles for Discord user 693172827507130531: -5/+5 roles, assigned=[Commited, First Year, Ira A. Fulton Schools of Engineering, Out of State, Tempe]
Ignoring exception in on_member_update
Traceback (most recent call last):
  File "/usr/local/lib/python3.12/site-packages/discord/client.py", line 465, in _run_event
    await coro(*args, **kwargs)
  File "/app/asu_discord/cogs/analytics.py", line 652, in on_member_update
    before_timeout = before.timed_out_until
                     ^^^^^^^^^^^^^^^^^^^^^^
AttributeError: 'Member' object has no attribute 'timed_out_until'
Ignoring exception in on_member_update
Traceback (most recent call last):
  File "/usr/local/lib/python3.12/site-packages/discord/client.py", line 465, in _run_event
    await coro(*args, **kwargs)
  File "/app/asu_discord/cogs/analytics.py", line 652, in on_member_update
    before_timeout = before.timed_out_until
                     ^^^^^^^^^^^^^^^^^^^^^^
AttributeError: 'Member' object has no attribute 'timed_out_until'
Ignoring exception in on_member_update
Traceback (most recent call last):
  File "/usr/local/lib/python3.12/site-packages/discord/client.py", line 465, in _run_event
    await coro(*args, **kwargs)
  File "/app/asu_discord/cogs/analytics.py", line 652, in on_member_update
    before_timeout = before.timed_out_until
                     ^^^^^^^^^^^^^^^^^^^^^^
AttributeError: 'Member' object has no attribute 'timed_out_until'
Ignoring exception in on_member_update
Traceback (most recent call last):
  File "/usr/local/lib/python3.12/site-packages/discord/client.py", line 465, in _run_event
    await coro(*args, **kwargs)
  File "/app/asu_discord/cogs/analytics.py", line 652, in on_member_update
    before_timeout = before.timed_out_until
                     ^^^^^^^^^^^^^^^^^^^^^^
AttributeError: 'Member' object has no attribute 'timed_out_until'
Ignoring exception in on_member_update
Traceback (most recent call last):
  File "/usr/local/lib/python3.12/site-packages/discord/client.py", line 465, in _run_event
    await coro(*args, **kwargs)
  File "/app/asu_discord/cogs/analytics.py", line 652, in on_member_update
    before_timeout = before.timed_out_until
                     ^^^^^^^^^^^^^^^^^^^^^^
AttributeError: 'Member' object has no attribute 'timed_out_until'
Ignoring exception in on_member_update
Traceback (most recent call last):
  File "/usr/local/lib/python3.12/site-packages/discord/client.py", line 465, in _run_event
    await coro(*args, **kwargs)
  File "/app/asu_discord/cogs/analytics.py", line 652, in on_member_update
    before_timeout = before.timed_out_until
                     ^^^^^^^^^^^^^^^^^^^^^^
AttributeError: 'Member' object has no attribute 'timed_out_until'
Ignoring exception in on_member_update
Traceback (most recent call last):
  File "/usr/local/lib/python3.12/site-packages/discord/client.py", line 465, in _run_event
    await coro(*args, **kwargs)
  File "/app/asu_discord/cogs/analytics.py", line 652, in on_member_update
    before_timeout = before.timed_out_until
                     ^^^^^^^^^^^^^^^^^^^^^^
AttributeError: 'Member' object has no attribute 'timed_out_until'
Ignoring exception in on_member_update
Traceback (most recent call last):
  File "/usr/local/lib/python3.12/site-packages/discord/client.py", line 465, in _run_event
    await coro(*args, **kwargs)
  File "/app/asu_discord/cogs/analytics.py", line 652, in on_member_update
    before_timeout = before.timed_out_until
                     ^^^^^^^^^^^^^^^^^^^^^^
AttributeError: 'Member' object has no attribute 'timed_out_until'
INFO:asu_discord.cogs.verification:Saved 4 roles to database for user jbalfier (Discord ID: 889672554753695764)
INFO:asu_discord.cogs.verification:Refreshed Salesforce roles for Discord user 889672554753695764: -4/+4 roles, assigned=[Arizona Resident, First Year, Herberger Institute for Design and the Arts, Tempe]
Ignoring exception in on_member_update
Traceback (most recent call last):
  File "/usr/local/lib/python3.12/site-packages/discord/client.py", line 465, in _run_event
    await coro(*args, **kwargs)
  File "/app/asu_discord/cogs/analytics.py", line 652, in on_member_update
    before_timeout = before.timed_out_until
                     ^^^^^^^^^^^^^^^^^^^^^^
AttributeError: 'Member' object has no attribute 'timed_out_until'
Ignoring exception in on_member_update
Traceback (most recent call last):
  File "/usr/local/lib/python3.12/site-packages/discord/client.py", line 465, in _run_event
    await coro(*args, **kwargs)
  File "/app/asu_discord/cogs/analytics.py", line 652, in on_member_update
    before_timeout = before.timed_out_until
                     ^^^^^^^^^^^^^^^^^^^^^^
AttributeError: 'Member' object has no attribute 'timed_out_until'
Ignoring exception in on_member_update
Traceback (most recent call last):
  File "/usr/local/lib/python3.12/site-packages/discord/client.py", line 465, in _run_event
    await coro(*args, **kwargs)
  File "/app/asu_discord/cogs/analytics.py", line 652, in on_member_update
    before_timeout = before.timed_out_until
                     ^^^^^^^^^^^^^^^^^^^^^^
AttributeError: 'Member' object has no attribute 'timed_out_until'
Ignoring exception in on_member_update
Traceback (most recent call last):
  File "/usr/local/lib/python3.12/site-packages/discord/client.py", line 465, in _run_event
    await coro(*args, **kwargs)
  File "/app/asu_discord/cogs/analytics.py", line 652, in on_member_update
    before_timeout = before.timed_out_until
                     ^^^^^^^^^^^^^^^^^^^^^^
AttributeError: 'Member' object has no attribute 'timed_out_until'
Ignoring exception in on_member_update
Traceback (most recent call last):
  File "/usr/local/lib/python3.12/site-packages/discord/client.py", line 465, in _run_event
    await coro(*args, **kwargs)
  File "/app/asu_discord/cogs/analytics.py", line 652, in on_member_update
    before_timeout = before.timed_out_until
                     ^^^^^^^^^^^^^^^^^^^^^^
AttributeError: 'Member' object has no attribute 'timed_out_until'
Ignoring exception in on_member_update
Traceback (most recent call last):
  File "/usr/local/lib/python3.12/site-packages/discord/client.py", line 465, in _run_event
    await coro(*args, **kwargs)
  File "/app/asu_discord/cogs/analytics.py", line 652, in on_member_update
    before_timeout = before.timed_out_until
                     ^^^^^^^^^^^^^^^^^^^^^^
AttributeError: 'Member' object has no attribute 'timed_out_until'
Ignoring exception in on_member_update
Traceback (most recent call last):
  File "/usr/local/lib/python3.12/site-packages/discord/client.py", line 465, in _run_event
    await coro(*args, **kwargs)
  File "/app/asu_discord/cogs/analytics.py", line 652, in on_member_update
    before_timeout = before.timed_out_until
                     ^^^^^^^^^^^^^^^^^^^^^^
AttributeError: 'Member' object has no attribute 'timed_out_until'
Ignoring exception in on_member_update
Traceback (most recent call last):
  File "/usr/local/lib/python3.12/site-packages/discord/client.py", line 465, in _run_event
    await coro(*args, **kwargs)
  File "/app/asu_discord/cogs/analytics.py", line 652, in on_member_update
    before_timeout = before.timed_out_until
                     ^^^^^^^^^^^^^^^^^^^^^^
AttributeError: 'Member' object has no attribute 'timed_out_until'
Ignoring exception in on_member_update
Traceback (most recent call last):
  File "/usr/local/lib/python3.12/site-packages/discord/client.py", line 465, in _run_event
    await coro(*args, **kwargs)
  File "/app/asu_discord/cogs/analytics.py", line 652, in on_member_update
    before_timeout = before.timed_out_until
                     ^^^^^^^^^^^^^^^^^^^^^^
AttributeError: 'Member' object has no attribute 'timed_out_until'
Ignoring exception in on_member_update
Traceback (most recent call last):
  File "/usr/local/lib/python3.12/site-packages/discord/client.py", line 465, in _run_event
    await coro(*args, **kwargs)
  File "/app/asu_discord/cogs/analytics.py", line 652, in on_member_update
    before_timeout = before.timed_out_until
                     ^^^^^^^^^^^^^^^^^^^^^^
AttributeError: 'Member' object has no attribute 'timed_out_until'
Ignoring exception in on_member_update
Traceback (most recent call last):
  File "/usr/local/lib/python3.12/site-packages/discord/client.py", line 465, in _run_event
    await coro(*args, **kwargs)
  File "/app/asu_discord/cogs/analytics.py", line 652, in on_member_update
    before_timeout = before.timed_out_until
                     ^^^^^^^^^^^^^^^^^^^^^^
AttributeError: 'Member' object has no attribute 'timed_out_until'
Ignoring exception in on_member_update
Traceback (most recent call last):
  File "/usr/local/lib/python3.12/site-packages/discord/client.py", line 465, in _run_event
    await coro(*args, **kwargs)
  File "/app/asu_discord/cogs/analytics.py", line 652, in on_member_update
    before_timeout = before.timed_out_until
                     ^^^^^^^^^^^^^^^^^^^^^^
AttributeError: 'Member' object has no attribute 'timed_out_until'
INFO:asu_discord.cogs.verification:Saved 6 roles to database for user ljlang1 (Discord ID: 1341935162782384179)
INFO:asu_discord.cogs.verification:Refreshed Salesforce roles for Discord user 1341935162782384179: -6/+6 roles, assigned=[Commited, Downtown Phoenix, First Generation Student, Graduate Student, Out of State, Walter Cronkite School of Journalism and Mass Communication]
ERROR:cron.jobs:refresh_salesforce_roles: failed for lmoawad1 (Discord ID 766882170588495884): Failed to refresh Salesforce-based roles: Discord user 766882170588495884 is not a member of the guild
Ignoring exception in on_member_update
Traceback (most recent call last):
  File "/usr/local/lib/python3.12/site-packages/discord/client.py", line 465, in _run_event
    await coro(*args, **kwargs)
  File "/app/asu_discord/cogs/analytics.py", line 652, in on_member_update
    before_timeout = before.timed_out_until
                     ^^^^^^^^^^^^^^^^^^^^^^
AttributeError: 'Member' object has no attribute 'timed_out_until'
Ignoring exception in on_member_update
Traceback (most recent call last):
  File "/usr/local/lib/python3.12/site-packages/discord/client.py", line 465, in _run_event
    await coro(*args, **kwargs)
  File "/app/asu_discord/cogs/analytics.py", line 652, in on_member_update
    before_timeout = before.timed_out_until
                     ^^^^^^^^^^^^^^^^^^^^^^
AttributeError: 'Member' object has no attribute 'timed_out_until'
Ignoring exception in on_member_update
Traceback (most recent call last):
  File "/usr/local/lib/python3.12/site-packages/discord/client.py", line 465, in _run_event
    await coro(*args, **kwargs)
  File "/app/asu_discord/cogs/analytics.py", line 652, in on_member_update
    before_timeout = before.timed_out_until
                     ^^^^^^^^^^^^^^^^^^^^^^
AttributeError: 'Member' object has no attribute 'timed_out_until'
Ignoring exception in on_member_update
Traceback (most recent call last):
  File "/usr/local/lib/python3.12/site-packages/discord/client.py", line 465, in _run_event
    await coro(*args, **kwargs)
  File "/app/asu_discord/cogs/analytics.py", line 652, in on_member_update
    before_timeout = before.timed_out_until
                     ^^^^^^^^^^^^^^^^^^^^^^
AttributeError: 'Member' object has no attribute 'timed_out_until'
Ignoring exception in on_member_update
Traceback (most recent call last):
  File "/usr/local/lib/python3.12/site-packages/discord/client.py", line 465, in _run_event
    await coro(*args, **kwargs)
  File "/app/asu_discord/cogs/analytics.py", line 652, in on_member_update
    before_timeout = before.timed_out_until
                     ^^^^^^^^^^^^^^^^^^^^^^
AttributeError: 'Member' object has no attribute 'timed_out_until'
Ignoring exception in on_member_update
Traceback (most recent call last):
  File "/usr/local/lib/python3.12/site-packages/discord/client.py", line 465, in _run_event
    await coro(*args, **kwargs)
  File "/app/asu_discord/cogs/analytics.py", line 652, in on_member_update
    before_timeout = before.timed_out_until
                     ^^^^^^^^^^^^^^^^^^^^^^
AttributeError: 'Member' object has no attribute 'timed_out_until'
Ignoring exception in on_member_update
Traceback (most recent call last):
  File "/usr/local/lib/python3.12/site-packages/discord/client.py", line 465, in _run_event
    await coro(*args, **kwargs)
  File "/app/asu_discord/cogs/analytics.py", line 652, in on_member_update
    before_timeout = before.timed_out_until
                     ^^^^^^^^^^^^^^^^^^^^^^
AttributeError: 'Member' object has no attribute 'timed_out_until'
Ignoring exception in on_member_update
Traceback (most recent call last):
  File "/usr/local/lib/python3.12/site-packages/discord/client.py", line 465, in _run_event
    await coro(*args, **kwargs)
  File "/app/asu_discord/cogs/analytics.py", line 652, in on_member_update
    before_timeout = before.timed_out_until
                     ^^^^^^^^^^^^^^^^^^^^^^
AttributeError: 'Member' object has no attribute 'timed_out_until'
Ignoring exception in on_member_update
Traceback (most recent call last):
  File "/usr/local/lib/python3.12/site-packages/discord/client.py", line 465, in _run_event
    await coro(*args, **kwargs)
  File "/app/asu_discord/cogs/analytics.py", line 652, in on_member_update
    before_timeout = before.timed_out_until
                     ^^^^^^^^^^^^^^^^^^^^^^
AttributeError: 'Member' object has no attribute 'timed_out_until'
Ignoring exception in on_member_update
Traceback (most recent call last):
  File "/usr/local/lib/python3.12/site-packages/discord/client.py", line 465, in _run_event
    await coro(*args, **kwargs)
  File "/app/asu_discord/cogs/analytics.py", line 652, in on_member_update
    before_timeout = before.timed_out_until
                     ^^^^^^^^^^^^^^^^^^^^^^
AttributeError: 'Member' object has no attribute 'timed_out_until'
INFO:asu_discord.cogs.verification:Saved 5 roles to database for user rvalde39 (Discord ID: 451200537548029962)
INFO:asu_discord.cogs.verification:Refreshed Salesforce roles for Discord user 451200537548029962: -5/+5 roles, assigned=[Arizona Resident, Commited, Edson College of Nursing and Health Innovation, First Year, Tempe]
ERROR:cron.jobs:refresh_salesforce_roles: failed for hplevin (Discord ID 842548058210304001): Failed to refresh Salesforce-based roles: Discord user 842548058210304001 is not a member of the guild
Ignoring exception in on_member_update
Traceback (most recent call last):
  File "/usr/local/lib/python3.12/site-packages/discord/client.py", line 465, in _run_event
    await coro(*args, **kwargs)
  File "/app/asu_discord/cogs/analytics.py", line 652, in on_member_update
    before_timeout = before.timed_out_until
                     ^^^^^^^^^^^^^^^^^^^^^^
AttributeError: 'Member' object has no attribute 'timed_out_until'
Ignoring exception in on_member_update
Traceback (most recent call last):
  File "/usr/local/lib/python3.12/site-packages/discord/client.py", line 465, in _run_event
    await coro(*args, **kwargs)
  File "/app/asu_discord/cogs/analytics.py", line 652, in on_member_update
    before_timeout = before.timed_out_until
                     ^^^^^^^^^^^^^^^^^^^^^^
AttributeError: 'Member' object has no attribute 'timed_out_until'
Ignoring exception in on_member_update
Traceback (most recent call last):
  File "/usr/local/lib/python3.12/site-packages/discord/client.py", line 465, in _run_event
    await coro(*args, **kwargs)
  File "/app/asu_discord/cogs/analytics.py", line 652, in on_member_update
    before_timeout = before.timed_out_until
                     ^^^^^^^^^^^^^^^^^^^^^^
AttributeError: 'Member' object has no attribute 'timed_out_until'
Ignoring exception in on_member_update
Traceback (most recent call last):
  File "/usr/local/lib/python3.12/site-packages/discord/client.py", line 465, in _run_event
    await coro(*args, **kwargs)
  File "/app/asu_discord/cogs/analytics.py", line 652, in on_member_update
    before_timeout = before.timed_out_until
                     ^^^^^^^^^^^^^^^^^^^^^^
AttributeError: 'Member' object has no attribute 'timed_out_until'
Ignoring exception in on_member_update
Traceback (most recent call last):
  File "/usr/local/lib/python3.12/site-packages/discord/client.py", line 465, in _run_event
    await coro(*args, **kwargs)
  File "/app/asu_discord/cogs/analytics.py", line 652, in on_member_update
    before_timeout = before.timed_out_until
                     ^^^^^^^^^^^^^^^^^^^^^^
AttributeError: 'Member' object has no attribute 'timed_out_until'
Ignoring exception in on_member_update
Traceback (most recent call last):
  File "/usr/local/lib/python3.12/site-packages/discord/client.py", line 465, in _run_event
    await coro(*args, **kwargs)
  File "/app/asu_discord/cogs/analytics.py", line 652, in on_member_update
    before_timeout = before.timed_out_until
                     ^^^^^^^^^^^^^^^^^^^^^^
AttributeError: 'Member' object has no attribute 'timed_out_until'
Ignoring exception in on_member_update
Traceback (most recent call last):
  File "/usr/local/lib/python3.12/site-packages/discord/client.py", line 465, in _run_event
    await coro(*args, **kwargs)
  File "/app/asu_discord/cogs/analytics.py", line 652, in on_member_update
    before_timeout = before.timed_out_until
                     ^^^^^^^^^^^^^^^^^^^^^^
AttributeError: 'Member' object has no attribute 'timed_out_until'
Ignoring exception in on_member_update
Traceback (most recent call last):
  File "/usr/local/lib/python3.12/site-packages/discord/client.py", line 465, in _run_event
    await coro(*args, **kwargs)
  File "/app/asu_discord/cogs/analytics.py", line 652, in on_member_update
    before_timeout = before.timed_out_until
                     ^^^^^^^^^^^^^^^^^^^^^^
AttributeError: 'Member' object has no attribute 'timed_out_until'
INFO:asu_discord.cogs.verification:Saved 4 roles to database for user lmutinda (Discord ID: 1167001586636177470)
INFO:asu_discord.cogs.verification:Refreshed Salesforce roles for Discord user 1167001586636177470: -4/+4 roles, assigned=[Graduate Student, International Student, Ira A. Fulton Schools of Engineering, Tempe]
Ignoring exception in on_member_update
Traceback (most recent call last):
  File "/usr/local/lib/python3.12/site-packages/discord/client.py", line 465, in _run_event
    await coro(*args, **kwargs)
  File "/app/asu_discord/cogs/analytics.py", line 652, in on_member_update
    before_timeout = before.timed_out_until
                     ^^^^^^^^^^^^^^^^^^^^^^
AttributeError: 'Member' object has no attribute 'timed_out_until'
Ignoring exception in on_member_update
Traceback (most recent call last):
  File "/usr/local/lib/python3.12/site-packages/discord/client.py", line 465, in _run_event
    await coro(*args, **kwargs)
  File "/app/asu_discord/cogs/analytics.py", line 652, in on_member_update
    before_timeout = before.timed_out_until
                     ^^^^^^^^^^^^^^^^^^^^^^
AttributeError: 'Member' object has no attribute 'timed_out_until'
Ignoring exception in on_member_update
Traceback (most recent call last):
  File "/usr/local/lib/python3.12/site-packages/discord/client.py", line 465, in _run_event
    await coro(*args, **kwargs)
  File "/app/asu_discord/cogs/analytics.py", line 652, in on_member_update
    before_timeout = before.timed_out_until
                     ^^^^^^^^^^^^^^^^^^^^^^
AttributeError: 'Member' object has no attribute 'timed_out_until'
Ignoring exception in on_member_update
Traceback (most recent call last):
  File "/usr/local/lib/python3.12/site-packages/discord/client.py", line 465, in _run_event
    await coro(*args, **kwargs)
  File "/app/asu_discord/cogs/analytics.py", line 652, in on_member_update
    before_timeout = before.timed_out_until
                     ^^^^^^^^^^^^^^^^^^^^^^
AttributeError: 'Member' object has no attribute 'timed_out_until'
Ignoring exception in on_member_update
Traceback (most recent call last):
  File "/usr/local/lib/python3.12/site-packages/discord/client.py", line 465, in _run_event
    await coro(*args, **kwargs)
  File "/app/asu_discord/cogs/analytics.py", line 652, in on_member_update
    before_timeout = before.timed_out_until
                     ^^^^^^^^^^^^^^^^^^^^^^
AttributeError: 'Member' object has no attribute 'timed_out_until'
Ignoring exception in on_member_update
Traceback (most recent call last):
  File "/usr/local/lib/python3.12/site-packages/discord/client.py", line 465, in _run_event
    await coro(*args, **kwargs)
  File "/app/asu_discord/cogs/analytics.py", line 652, in on_member_update
    before_timeout = before.timed_out_until
                     ^^^^^^^^^^^^^^^^^^^^^^
AttributeError: 'Member' object has no attribute 'timed_out_until'
Ignoring exception in on_member_update
Traceback (most recent call last):
  File "/usr/local/lib/python3.12/site-packages/discord/client.py", line 465, in _run_event
    await coro(*args, **kwargs)
  File "/app/asu_discord/cogs/analytics.py", line 652, in on_member_update
    before_timeout = before.timed_out_until
                     ^^^^^^^^^^^^^^^^^^^^^^
AttributeError: 'Member' object has no attribute 'timed_out_until'
Ignoring exception in on_member_update
Traceback (most recent call last):
  File "/usr/local/lib/python3.12/site-packages/discord/client.py", line 465, in _run_event
    await coro(*args, **kwargs)
  File "/app/asu_discord/cogs/analytics.py", line 652, in on_member_update
    before_timeout = before.timed_out_until
                     ^^^^^^^^^^^^^^^^^^^^^^
AttributeError: 'Member' object has no attribute 'timed_out_until'
Ignoring exception in on_member_update
Traceback (most recent call last):
  File "/usr/local/lib/python3.12/site-packages/discord/client.py", line 465, in _run_event
    await coro(*args, **kwargs)
  File "/app/asu_discord/cogs/analytics.py", line 652, in on_member_update
    before_timeout = before.timed_out_until
                     ^^^^^^^^^^^^^^^^^^^^^^
AttributeError: 'Member' object has no attribute 'timed_out_until'
Ignoring exception in on_member_update
Traceback (most recent call last):
  File "/usr/local/lib/python3.12/site-packages/discord/client.py", line 465, in _run_event
    await coro(*args, **kwargs)
  File "/app/asu_discord/cogs/analytics.py", line 652, in on_member_update
    before_timeout = before.timed_out_until
                     ^^^^^^^^^^^^^^^^^^^^^^
AttributeError: 'Member' object has no attribute 'timed_out_until'
INFO:asu_discord.cogs.verification:Saved 5 roles to database for user rscataco (Discord ID: 727560015933734973)
INFO:asu_discord.cogs.verification:Refreshed Salesforce roles for Discord user 727560015933734973: -5/+5 roles, assigned=[College of Health Solutions, Commited, Downtown Phoenix, First Year, International Student]
ERROR:cron.jobs:refresh_salesforce_roles: failed for krdonov1 (Discord ID 1436196639663591435): Failed to refresh Salesforce-based roles: Discord user 1436196639663591435 is not a member of the guild
Ignoring exception in on_member_update
Traceback (most recent call last):
  File "/usr/local/lib/python3.12/site-packages/discord/client.py", line 465, in _run_event
    await coro(*args, **kwargs)
  File "/app/asu_discord/cogs/analytics.py", line 652, in on_member_update
    before_timeout = before.timed_out_until
                     ^^^^^^^^^^^^^^^^^^^^^^
AttributeError: 'Member' object has no attribute 'timed_out_until'
Ignoring exception in on_member_update
Traceback (most recent call last):
  File "/usr/local/lib/python3.12/site-packages/discord/client.py", line 465, in _run_event
    await coro(*args, **kwargs)
  File "/app/asu_discord/cogs/analytics.py", line 652, in on_member_update
    before_timeout = before.timed_out_until
                     ^^^^^^^^^^^^^^^^^^^^^^
AttributeError: 'Member' object has no attribute 'timed_out_until'
Ignoring exception in on_member_update
Traceback (most recent call last):
  File "/usr/local/lib/python3.12/site-packages/discord/client.py", line 465, in _run_event
    await coro(*args, **kwargs)
  File "/app/asu_discord/cogs/analytics.py", line 652, in on_member_update
    before_timeout = before.timed_out_until
                     ^^^^^^^^^^^^^^^^^^^^^^
AttributeError: 'Member' object has no attribute 'timed_out_until'
Ignoring exception in on_member_update
Traceback (most recent call last):
  File "/usr/local/lib/python3.12/site-packages/discord/client.py", line 465, in _run_event
    await coro(*args, **kwargs)
  File "/app/asu_discord/cogs/analytics.py", line 652, in on_member_update
    before_timeout = before.timed_out_until
                     ^^^^^^^^^^^^^^^^^^^^^^
AttributeError: 'Member' object has no attribute 'timed_out_until'
Ignoring exception in on_member_update
Traceback (most recent call last):
  File "/usr/local/lib/python3.12/site-packages/discord/client.py", line 465, in _run_event
    await coro(*args, **kwargs)
  File "/app/asu_discord/cogs/analytics.py", line 652, in on_member_update
    before_timeout = before.timed_out_until
                     ^^^^^^^^^^^^^^^^^^^^^^
AttributeError: 'Member' object has no attribute 'timed_out_until'
Ignoring exception in on_member_update
Traceback (most recent call last):
  File "/usr/local/lib/python3.12/site-packages/discord/client.py", line 465, in _run_event
    await coro(*args, **kwargs)
  File "/app/asu_discord/cogs/analytics.py", line 652, in on_member_update
    before_timeout = before.timed_out_until
                     ^^^^^^^^^^^^^^^^^^^^^^
AttributeError: 'Member' object has no attribute 'timed_out_until'
Ignoring exception in on_member_update
Traceback (most recent call last):
  File "/usr/local/lib/python3.12/site-packages/discord/client.py", line 465, in _run_event
    await coro(*args, **kwargs)
  File "/app/asu_discord/cogs/analytics.py", line 652, in on_member_update
    before_timeout = before.timed_out_until
                     ^^^^^^^^^^^^^^^^^^^^^^
AttributeError: 'Member' object has no attribute 'timed_out_until'
Ignoring exception in on_member_update
Traceback (most recent call last):
  File "/usr/local/lib/python3.12/site-packages/discord/client.py", line 465, in _run_event
    await coro(*args, **kwargs)
  File "/app/asu_discord/cogs/analytics.py", line 652, in on_member_update
    before_timeout = before.timed_out_until
                     ^^^^^^^^^^^^^^^^^^^^^^
AttributeError: 'Member' object has no attribute 'timed_out_until'
INFO:asu_discord.cogs.verification:Saved 4 roles to database for user mjtejad1 (Discord ID: 819229996488851497)
INFO:asu_discord.cogs.verification:Refreshed Salesforce roles for Discord user 819229996488851497: -4/+4 roles, assigned=[Arizona Resident, First Year, Herberger Institute for Design and the Arts, Tempe]
Ignoring exception in on_member_update
Traceback (most recent call last):
  File "/usr/local/lib/python3.12/site-packages/discord/client.py", line 465, in _run_event
    await coro(*args, **kwargs)
  File "/app/asu_discord/cogs/analytics.py", line 652, in on_member_update
    before_timeout = before.timed_out_until
                     ^^^^^^^^^^^^^^^^^^^^^^
AttributeError: 'Member' object has no attribute 'timed_out_until'
Ignoring exception in on_member_update
Traceback (most recent call last):
  File "/usr/local/lib/python3.12/site-packages/discord/client.py", line 465, in _run_event
    await coro(*args, **kwargs)
  File "/app/asu_discord/cogs/analytics.py", line 652, in on_member_update
    before_timeout = before.timed_out_until
                     ^^^^^^^^^^^^^^^^^^^^^^
AttributeError: 'Member' object has no attribute 'timed_out_until'
Ignoring exception in on_member_update
Traceback (most recent call last):
  File "/usr/local/lib/python3.12/site-packages/discord/client.py", line 465, in _run_event
    await coro(*args, **kwargs)
  File "/app/asu_discord/cogs/analytics.py", line 652, in on_member_update
    before_timeout = before.timed_out_until
                     ^^^^^^^^^^^^^^^^^^^^^^
AttributeError: 'Member' object has no attribute 'timed_out_until'
Ignoring exception in on_member_update
Traceback (most recent call last):
  File "/usr/local/lib/python3.12/site-packages/discord/client.py", line 465, in _run_event
    await coro(*args, **kwargs)
  File "/app/asu_discord/cogs/analytics.py", line 652, in on_member_update
    before_timeout = before.timed_out_until
                     ^^^^^^^^^^^^^^^^^^^^^^
AttributeError: 'Member' object has no attribute 'timed_out_until'
Ignoring exception in on_member_update
Traceback (most recent call last):
  File "/usr/local/lib/python3.12/site-packages/discord/client.py", line 465, in _run_event
    await coro(*args, **kwargs)
  File "/app/asu_discord/cogs/analytics.py", line 652, in on_member_update
    before_timeout = before.timed_out_until
                     ^^^^^^^^^^^^^^^^^^^^^^
AttributeError: 'Member' object has no attribute 'timed_out_until'
Ignoring exception in on_member_update
Traceback (most recent call last):
  File "/usr/local/lib/python3.12/site-packages/discord/client.py", line 465, in _run_event
    await coro(*args, **kwargs)
  File "/app/asu_discord/cogs/analytics.py", line 652, in on_member_update
    before_timeout = before.timed_out_until
                     ^^^^^^^^^^^^^^^^^^^^^^
AttributeError: 'Member' object has no attribute 'timed_out_until'
Ignoring exception in on_member_update
Traceback (most recent call last):
  File "/usr/local/lib/python3.12/site-packages/discord/client.py", line 465, in _run_event
    await coro(*args, **kwargs)
  File "/app/asu_discord/cogs/analytics.py", line 652, in on_member_update
    before_timeout = before.timed_out_until
                     ^^^^^^^^^^^^^^^^^^^^^^
AttributeError: 'Member' object has no attribute 'timed_out_until'
Ignoring exception in on_member_update
Traceback (most recent call last):
  File "/usr/local/lib/python3.12/site-packages/discord/client.py", line 465, in _run_event
    await coro(*args, **kwargs)
  File "/app/asu_discord/cogs/analytics.py", line 652, in on_member_update
    before_timeout = before.timed_out_until
                     ^^^^^^^^^^^^^^^^^^^^^^
AttributeError: 'Member' object has no attribute 'timed_out_until'
Ignoring exception in on_member_update
Traceback (most recent call last):
  File "/usr/local/lib/python3.12/site-packages/discord/client.py", line 465, in _run_event
    await coro(*args, **kwargs)
  File "/app/asu_discord/cogs/analytics.py", line 652, in on_member_update
    before_timeout = before.timed_out_until
                     ^^^^^^^^^^^^^^^^^^^^^^
AttributeError: 'Member' object has no attribute 'timed_out_until'
Ignoring exception in on_member_update
Traceback (most recent call last):
  File "/usr/local/lib/python3.12/site-packages/discord/client.py", line 465, in _run_event
    await coro(*args, **kwargs)
  File "/app/asu_discord/cogs/analytics.py", line 652, in on_member_update
    before_timeout = before.timed_out_until
                     ^^^^^^^^^^^^^^^^^^^^^^
AttributeError: 'Member' object has no attribute 'timed_out_until'
ERROR:cron.jobs:refresh_salesforce_roles: failed for cmuonah (Discord ID 1447722288936914957): Timed out refresh Salesforce-based roles
Ignoring exception in on_member_update
Traceback (most recent call last):
  File "/usr/local/lib/python3.12/site-packages/discord/client.py", line 465, in _run_event
    await coro(*args, **kwargs)
  File "/app/asu_discord/cogs/analytics.py", line 652, in on_member_update
    before_timeout = before.timed_out_until
                     ^^^^^^^^^^^^^^^^^^^^^^
AttributeError: 'Member' object has no attribute 'timed_out_until'
Ignoring exception in on_member_update
Traceback (most recent call last):
  File "/usr/local/lib/python3.12/site-packages/discord/client.py", line 465, in _run_event
    await coro(*args, **kwargs)
  File "/app/asu_discord/cogs/analytics.py", line 652, in on_member_update
    before_timeout = before.timed_out_until
                     ^^^^^^^^^^^^^^^^^^^^^^
AttributeError: 'Member' object has no attribute 'timed_out_until'
Ignoring exception in on_member_update
Traceback (most recent call last):
  File "/usr/local/lib/python3.12/site-packages/discord/client.py", line 465, in _run_event
    await coro(*args, **kwargs)
  File "/app/asu_discord/cogs/analytics.py", line 652, in on_member_update
    before_timeout = before.timed_out_until
                     ^^^^^^^^^^^^^^^^^^^^^^
AttributeError: 'Member' object has no attribute 'timed_out_until'
Ignoring exception in on_member_update
Traceback (most recent call last):
  File "/usr/local/lib/python3.12/site-packages/discord/client.py", line 465, in _run_event
    await coro(*args, **kwargs)
  File "/app/asu_discord/cogs/analytics.py", line 652, in on_member_update
    before_timeout = before.timed_out_until
                     ^^^^^^^^^^^^^^^^^^^^^^
AttributeError: 'Member' object has no attribute 'timed_out_until'
Ignoring exception in on_member_update
Traceback (most recent call last):
  File "/usr/local/lib/python3.12/site-packages/discord/client.py", line 465, in _run_event
    await coro(*args, **kwargs)
  File "/app/asu_discord/cogs/analytics.py", line 652, in on_member_update
    before_timeout = before.timed_out_until
                     ^^^^^^^^^^^^^^^^^^^^^^
AttributeError: 'Member' object has no attribute 'timed_out_until'
Ignoring exception in on_member_update
Traceback (most recent call last):
  File "/usr/local/lib/python3.12/site-packages/discord/client.py", line 465, in _run_event
    await coro(*args, **kwargs)
  File "/app/asu_discord/cogs/analytics.py", line 652, in on_member_update
    before_timeout = before.timed_out_until
                     ^^^^^^^^^^^^^^^^^^^^^^
AttributeError: 'Member' object has no attribute 'timed_out_until'
Ignoring exception in on_member_update
Traceback (most recent call last):
  File "/usr/local/lib/python3.12/site-packages/discord/client.py", line 465, in _run_event
    await coro(*args, **kwargs)
  File "/app/asu_discord/cogs/analytics.py", line 652, in on_member_update
    before_timeout = before.timed_out_until
                     ^^^^^^^^^^^^^^^^^^^^^^
AttributeError: 'Member' object has no attribute 'timed_out_until'
Ignoring exception in on_member_update
Traceback (most recent call last):
  File "/usr/local/lib/python3.12/site-packages/discord/client.py", line 465, in _run_event
    await coro(*args, **kwargs)
  File "/app/asu_discord/cogs/analytics.py", line 652, in on_member_update
    before_timeout = before.timed_out_until
                     ^^^^^^^^^^^^^^^^^^^^^^
AttributeError: 'Member' object has no attribute 'timed_out_until'
INFO:asu_discord.cogs.verification:Saved 4 roles to database for user snagavi (Discord ID: 1113099033431527535)
INFO:asu_discord.cogs.verification:Refreshed Salesforce roles for Discord user 1113099033431527535: -4/+4 roles, assigned=[Graduate Student, International Student, Ira A. Fulton Schools of Engineering, Polytechnic]
Ignoring exception in on_member_update
Traceback (most recent call last):
  File "/usr/local/lib/python3.12/site-packages/discord/client.py", line 465, in _run_event
    await coro(*args, **kwargs)
  File "/app/asu_discord/cogs/analytics.py", line 652, in on_member_update
    before_timeout = before.timed_out_until
                     ^^^^^^^^^^^^^^^^^^^^^^
AttributeError: 'Member' object has no attribute 'timed_out_until'
Ignoring exception in on_member_update
Traceback (most recent call last):
  File "/usr/local/lib/python3.12/site-packages/discord/client.py", line 465, in _run_event
    await coro(*args, **kwargs)
  File "/app/asu_discord/cogs/analytics.py", line 652, in on_member_update
    before_timeout = before.timed_out_until
                     ^^^^^^^^^^^^^^^^^^^^^^
AttributeError: 'Member' object has no attribute 'timed_out_until'
Ignoring exception in on_member_update
Traceback (most recent call last):
  File "/usr/local/lib/python3.12/site-packages/discord/client.py", line 465, in _run_event
    await coro(*args, **kwargs)
  File "/app/asu_discord/cogs/analytics.py", line 652, in on_member_update
    before_timeout = before.timed_out_until
                     ^^^^^^^^^^^^^^^^^^^^^^
AttributeError: 'Member' object has no attribute 'timed_out_until'
Ignoring exception in on_member_update
Traceback (most recent call last):
  File "/usr/local/lib/python3.12/site-packages/discord/client.py", line 465, in _run_event
    await coro(*args, **kwargs)
  File "/app/asu_discord/cogs/analytics.py", line 652, in on_member_update
    before_timeout = before.timed_out_until
                     ^^^^^^^^^^^^^^^^^^^^^^
AttributeError: 'Member' object has no attribute 'timed_out_until'
Ignoring exception in on_member_update
Traceback (most recent call last):
  File "/usr/local/lib/python3.12/site-packages/discord/client.py", line 465, in _run_event
    await coro(*args, **kwargs)
  File "/app/asu_discord/cogs/analytics.py", line 652, in on_member_update
    before_timeout = before.timed_out_until
                     ^^^^^^^^^^^^^^^^^^^^^^
AttributeError: 'Member' object has no attribute 'timed_out_until'
Ignoring exception in on_member_update
Traceback (most recent call last):
  File "/usr/local/lib/python3.12/site-packages/discord/client.py", line 465, in _run_event
    await coro(*args, **kwargs)
  File "/app/asu_discord/cogs/analytics.py", line 652, in on_member_update
    before_timeout = before.timed_out_until
                     ^^^^^^^^^^^^^^^^^^^^^^
AttributeError: 'Member' object has no attribute 'timed_out_until'
Ignoring exception in on_member_update
Traceback (most recent call last):
  File "/usr/local/lib/python3.12/site-packages/discord/client.py", line 465, in _run_event
    await coro(*args, **kwargs)
  File "/app/asu_discord/cogs/analytics.py", line 652, in on_member_update
    before_timeout = before.timed_out_until
                     ^^^^^^^^^^^^^^^^^^^^^^
AttributeError: 'Member' object has no attribute 'timed_out_until'
Ignoring exception in on_member_update
Traceback (most recent call last):
  File "/usr/local/lib/python3.12/site-packages/discord/client.py", line 465, in _run_event
    await coro(*args, **kwargs)
  File "/app/asu_discord/cogs/analytics.py", line 652, in on_member_update
    before_timeout = before.timed_out_until
                     ^^^^^^^^^^^^^^^^^^^^^^
AttributeError: 'Member' object has no attribute 'timed_out_until'
Ignoring exception in on_member_update
Traceback (most recent call last):
  File "/usr/local/lib/python3.12/site-packages/discord/client.py", line 465, in _run_event
    await coro(*args, **kwargs)
  File "/app/asu_discord/cogs/analytics.py", line 652, in on_member_update
    before_timeout = before.timed_out_until
                     ^^^^^^^^^^^^^^^^^^^^^^
AttributeError: 'Member' object has no attribute 'timed_out_until'
Ignoring exception in on_member_update
Traceback (most recent call last):
  File "/usr/local/lib/python3.12/site-packages/discord/client.py", line 465, in _run_event
    await coro(*args, **kwargs)
  File "/app/asu_discord/cogs/analytics.py", line 652, in on_member_update
    before_timeout = before.timed_out_until
                     ^^^^^^^^^^^^^^^^^^^^^^
AttributeError: 'Member' object has no attribute 'timed_out_until'
INFO:asu_discord.cogs.verification:Saved 6 roles to database for user dapeel (Discord ID: 761724858500382790)
INFO:asu_discord.cogs.verification:Refreshed Salesforce roles for Discord user 761724858500382790: -4/+6 roles, assigned=[Commited, First Generation Student, First Year, Mary Lou Fulton Teachers College, Out of State, Tempe]
Ignoring exception in on_member_update
Traceback (most recent call last):
  File "/usr/local/lib/python3.12/site-packages/discord/client.py", line 465, in _run_event
    await coro(*args, **kwargs)
  File "/app/asu_discord/cogs/analytics.py", line 652, in on_member_update
    before_timeout = before.timed_out_until
                     ^^^^^^^^^^^^^^^^^^^^^^
AttributeError: 'Member' object has no attribute 'timed_out_until'
Ignoring exception in on_member_update
Traceback (most recent call last):
  File "/usr/local/lib/python3.12/site-packages/discord/client.py", line 465, in _run_event
    await coro(*args, **kwargs)
  File "/app/asu_discord/cogs/analytics.py", line 652, in on_member_update
    before_timeout = before.timed_out_until
                     ^^^^^^^^^^^^^^^^^^^^^^
AttributeError: 'Member' object has no attribute 'timed_out_until'
Ignoring exception in on_member_update
Traceback (most recent call last):
  File "/usr/local/lib/python3.12/site-packages/discord/client.py", line 465, in _run_event
    await coro(*args, **kwargs)
  File "/app/asu_discord/cogs/analytics.py", line 652, in on_member_update
    before_timeout = before.timed_out_until
                     ^^^^^^^^^^^^^^^^^^^^^^
AttributeError: 'Member' object has no attribute 'timed_out_until'
Ignoring exception in on_member_update
Traceback (most recent call last):
  File "/usr/local/lib/python3.12/site-packages/discord/client.py", line 465, in _run_event
    await coro(*args, **kwargs)
  File "/app/asu_discord/cogs/analytics.py", line 652, in on_member_update
    before_timeout = before.timed_out_until
                     ^^^^^^^^^^^^^^^^^^^^^^
AttributeError: 'Member' object has no attribute 'timed_out_until'
Ignoring exception in on_member_update
Traceback (most recent call last):
  File "/usr/local/lib/python3.12/site-packages/discord/client.py", line 465, in _run_event
    await coro(*args, **kwargs)
  File "/app/asu_discord/cogs/analytics.py", line 652, in on_member_update
    before_timeout = before.timed_out_until
                     ^^^^^^^^^^^^^^^^^^^^^^
AttributeError: 'Member' object has no attribute 'timed_out_until'
Ignoring exception in on_member_update
Traceback (most recent call last):
  File "/usr/local/lib/python3.12/site-packages/discord/client.py", line 465, in _run_event
    await coro(*args, **kwargs)
  File "/app/asu_discord/cogs/analytics.py", line 652, in on_member_update
    before_timeout = before.timed_out_until
                     ^^^^^^^^^^^^^^^^^^^^^^
AttributeError: 'Member' object has no attribute 'timed_out_until'
Ignoring exception in on_member_update
Traceback (most recent call last):
  File "/usr/local/lib/python3.12/site-packages/discord/client.py", line 465, in _run_event
    await coro(*args, **kwargs)
  File "/app/asu_discord/cogs/analytics.py", line 652, in on_member_update
    before_timeout = before.timed_out_until
                     ^^^^^^^^^^^^^^^^^^^^^^
AttributeError: 'Member' object has no attribute 'timed_out_until'
Ignoring exception in on_member_update
Traceback (most recent call last):
  File "/usr/local/lib/python3.12/site-packages/discord/client.py", line 465, in _run_event
    await coro(*args, **kwargs)
  File "/app/asu_discord/cogs/analytics.py", line 652, in on_member_update
    before_timeout = before.timed_out_until
                     ^^^^^^^^^^^^^^^^^^^^^^
AttributeError: 'Member' object has no attribute 'timed_out_until'
Ignoring exception in on_member_update
Traceback (most recent call last):
  File "/usr/local/lib/python3.12/site-packages/discord/client.py", line 465, in _run_event
    await coro(*args, **kwargs)
  File "/app/asu_discord/cogs/analytics.py", line 652, in on_member_update
    before_timeout = before.timed_out_until
                     ^^^^^^^^^^^^^^^^^^^^^^
AttributeError: 'Member' object has no attribute 'timed_out_until'
INFO:asu_discord.cogs.verification:Saved 5 roles to database for user cadeguzm (Discord ID: 926025087147208735)
INFO:asu_discord.cogs.verification:Refreshed Salesforce roles for Discord user 926025087147208735: -4/+5 roles, assigned=[Arizona Resident, College of Health Solutions, Commited, Downtown Phoenix, First Year]
Ignoring exception in on_member_update
Traceback (most recent call last):
  File "/usr/local/lib/python3.12/site-packages/discord/client.py", line 465, in _run_event
    await coro(*args, **kwargs)
  File "/app/asu_discord/cogs/analytics.py", line 652, in on_member_update
    before_timeout = before.timed_out_until
                     ^^^^^^^^^^^^^^^^^^^^^^
AttributeError: 'Member' object has no attribute 'timed_out_until'
Ignoring exception in on_member_update
Traceback (most recent call last):
  File "/usr/local/lib/python3.12/site-packages/discord/client.py", line 465, in _run_event
    await coro(*args, **kwargs)
  File "/app/asu_discord/cogs/analytics.py", line 652, in on_member_update
    before_timeout = before.timed_out_until
                     ^^^^^^^^^^^^^^^^^^^^^^
AttributeError: 'Member' object has no attribute 'timed_out_until'
Ignoring exception in on_member_update
Traceback (most recent call last):
  File "/usr/local/lib/python3.12/site-packages/discord/client.py", line 465, in _run_event
    await coro(*args, **kwargs)
  File "/app/asu_discord/cogs/analytics.py", line 652, in on_member_update
    before_timeout = before.timed_out_until
                     ^^^^^^^^^^^^^^^^^^^^^^
AttributeError: 'Member' object has no attribute 'timed_out_until'
Ignoring exception in on_member_update
Traceback (most recent call last):
  File "/usr/local/lib/python3.12/site-packages/discord/client.py", line 465, in _run_event
    await coro(*args, **kwargs)
  File "/app/asu_discord/cogs/analytics.py", line 652, in on_member_update
    before_timeout = before.timed_out_until
                     ^^^^^^^^^^^^^^^^^^^^^^
AttributeError: 'Member' object has no attribute 'timed_out_until'
Ignoring exception in on_member_update
Traceback (most recent call last):
  File "/usr/local/lib/python3.12/site-packages/discord/client.py", line 465, in _run_event
    await coro(*args, **kwargs)
  File "/app/asu_discord/cogs/analytics.py", line 652, in on_member_update
    before_timeout = before.timed_out_until
                     ^^^^^^^^^^^^^^^^^^^^^^
AttributeError: 'Member' object has no attribute 'timed_out_until'
Ignoring exception in on_member_update
Traceback (most recent call last):
  File "/usr/local/lib/python3.12/site-packages/discord/client.py", line 465, in _run_event
    await coro(*args, **kwargs)
  File "/app/asu_discord/cogs/analytics.py", line 652, in on_member_update
    before_timeout = before.timed_out_until
                     ^^^^^^^^^^^^^^^^^^^^^^
AttributeError: 'Member' object has no attribute 'timed_out_until'
Ignoring exception in on_member_update
Traceback (most recent call last):
  File "/usr/local/lib/python3.12/site-packages/discord/client.py", line 465, in _run_event
    await coro(*args, **kwargs)
  File "/app/asu_discord/cogs/analytics.py", line 652, in on_member_update
    before_timeout = before.timed_out_until
                     ^^^^^^^^^^^^^^^^^^^^^^
AttributeError: 'Member' object has no attribute 'timed_out_until'
Ignoring exception in on_member_update
Traceback (most recent call last):
  File "/usr/local/lib/python3.12/site-packages/discord/client.py", line 465, in _run_event
    await coro(*args, **kwargs)
  File "/app/asu_discord/cogs/analytics.py", line 652, in on_member_update
    before_timeout = before.timed_out_until
                     ^^^^^^^^^^^^^^^^^^^^^^
AttributeError: 'Member' object has no attribute 'timed_out_until'
Ignoring exception in on_member_update
Traceback (most recent call last):
  File "/usr/local/lib/python3.12/site-packages/discord/client.py", line 465, in _run_event
    await coro(*args, **kwargs)
  File "/app/asu_discord/cogs/analytics.py", line 652, in on_member_update
    before_timeout = before.timed_out_until
                     ^^^^^^^^^^^^^^^^^^^^^^
AttributeError: 'Member' object has no attribute 'timed_out_until'
Ignoring exception in on_member_update
Traceback (most recent call last):
  File "/usr/local/lib/python3.12/site-packages/discord/client.py", line 465, in _run_event
    await coro(*args, **kwargs)
  File "/app/asu_discord/cogs/analytics.py", line 652, in on_member_update
    before_timeout = before.timed_out_until
                     ^^^^^^^^^^^^^^^^^^^^^^
AttributeError: 'Member' object has no attribute 'timed_out_until'
INFO:asu_discord.cogs.verification:Saved 5 roles to database for user imummadi (Discord ID: 965444687987097630)
INFO:asu_discord.cogs.verification:Refreshed Salesforce roles for Discord user 965444687987097630: -5/+5 roles, assigned=[Arizona Resident, Commited, First Year, Ira A. Fulton Schools of Engineering, Tempe]
Ignoring exception in on_member_update
Traceback (most recent call last):
  File "/usr/local/lib/python3.12/site-packages/discord/client.py", line 465, in _run_event
    await coro(*args, **kwargs)
  File "/app/asu_discord/cogs/analytics.py", line 652, in on_member_update
    before_timeout = before.timed_out_until
                     ^^^^^^^^^^^^^^^^^^^^^^
AttributeError: 'Member' object has no attribute 'timed_out_until'
Ignoring exception in on_member_update
Traceback (most recent call last):
  File "/usr/local/lib/python3.12/site-packages/discord/client.py", line 465, in _run_event
    await coro(*args, **kwargs)
  File "/app/asu_discord/cogs/analytics.py", line 652, in on_member_update
    before_timeout = before.timed_out_until
                     ^^^^^^^^^^^^^^^^^^^^^^
AttributeError: 'Member' object has no attribute 'timed_out_until'
Ignoring exception in on_member_update
Traceback (most recent call last):
  File "/usr/local/lib/python3.12/site-packages/discord/client.py", line 465, in _run_event
    await coro(*args, **kwargs)
  File "/app/asu_discord/cogs/analytics.py", line 652, in on_member_update
    before_timeout = before.timed_out_until
                     ^^^^^^^^^^^^^^^^^^^^^^
AttributeError: 'Member' object has no attribute 'timed_out_until'
Ignoring exception in on_member_update
Traceback (most recent call last):
  File "/usr/local/lib/python3.12/site-packages/discord/client.py", line 465, in _run_event
    await coro(*args, **kwargs)
  File "/app/asu_discord/cogs/analytics.py", line 652, in on_member_update
    before_timeout = before.timed_out_until
                     ^^^^^^^^^^^^^^^^^^^^^^
AttributeError: 'Member' object has no attribute 'timed_out_until'
Ignoring exception in on_member_update
Traceback (most recent call last):
  File "/usr/local/lib/python3.12/site-packages/discord/client.py", line 465, in _run_event
    await coro(*args, **kwargs)
  File "/app/asu_discord/cogs/analytics.py", line 652, in on_member_update
    before_timeout = before.timed_out_until
                     ^^^^^^^^^^^^^^^^^^^^^^
AttributeError: 'Member' object has no attribute 'timed_out_until'
Ignoring exception in on_member_update
Traceback (most recent call last):
  File "/usr/local/lib/python3.12/site-packages/discord/client.py", line 465, in _run_event
    await coro(*args, **kwargs)
  File "/app/asu_discord/cogs/analytics.py", line 652, in on_member_update
    before_timeout = before.timed_out_until
                     ^^^^^^^^^^^^^^^^^^^^^^
AttributeError: 'Member' object has no attribute 'timed_out_until'
Ignoring exception in on_member_update
Traceback (most recent call last):
  File "/usr/local/lib/python3.12/site-packages/discord/client.py", line 465, in _run_event
    await coro(*args, **kwargs)
  File "/app/asu_discord/cogs/analytics.py", line 652, in on_member_update
    before_timeout = before.timed_out_until
                     ^^^^^^^^^^^^^^^^^^^^^^
AttributeError: 'Member' object has no attribute 'timed_out_until'
Ignoring exception in on_member_update
Traceback (most recent call last):
  File "/usr/local/lib/python3.12/site-packages/discord/client.py", line 465, in _run_event
    await coro(*args, **kwargs)
  File "/app/asu_discord/cogs/analytics.py", line 652, in on_member_update
    before_timeout = before.timed_out_until
                     ^^^^^^^^^^^^^^^^^^^^^^
AttributeError: 'Member' object has no attribute 'timed_out_until'
Ignoring exception in on_member_update
Traceback (most recent call last):
  File "/usr/local/lib/python3.12/site-packages/discord/client.py", line 465, in _run_event
    await coro(*args, **kwargs)
  File "/app/asu_discord/cogs/analytics.py", line 652, in on_member_update
    before_timeout = before.timed_out_until
                     ^^^^^^^^^^^^^^^^^^^^^^
AttributeError: 'Member' object has no attribute 'timed_out_until'
INFO:asu_discord.cogs.verification:Saved 5 roles to database for user keroger8 (Discord ID: 1111050772520652890)
INFO:asu_discord.cogs.verification:Refreshed Salesforce roles for Discord user 1111050772520652890: -5/+4 roles, assigned=[College of Liberal Arts and Sciences, Commited, First Year, Out of State, Tempe]
Ignoring exception in on_member_update
Traceback (most recent call last):
  File "/usr/local/lib/python3.12/site-packages/discord/client.py", line 465, in _run_event
    await coro(*args, **kwargs)
  File "/app/asu_discord/cogs/analytics.py", line 652, in on_member_update
    before_timeout = before.timed_out_until
                     ^^^^^^^^^^^^^^^^^^^^^^
AttributeError: 'Member' object has no attribute 'timed_out_until'
Ignoring exception in on_member_update
Traceback (most recent call last):
  File "/usr/local/lib/python3.12/site-packages/discord/client.py", line 465, in _run_event
    await coro(*args, **kwargs)
  File "/app/asu_discord/cogs/analytics.py", line 652, in on_member_update
    before_timeout = before.timed_out_until
                     ^^^^^^^^^^^^^^^^^^^^^^
AttributeError: 'Member' object has no attribute 'timed_out_until'
INFO:asu_discord.cogs.verification:Saved 1 roles to database for user swrizvi (Discord ID: 997216287816167496)
INFO:asu_discord.cogs.verification:Refreshed Salesforce roles for Discord user 997216287816167496: -1/+1 roles, assigned=[Out of State]
Ignoring exception in on_member_update
Traceback (most recent call last):
  File "/usr/local/lib/python3.12/site-packages/discord/client.py", line 465, in _run_event
    await coro(*args, **kwargs)
  File "/app/asu_discord/cogs/analytics.py", line 652, in on_member_update
    before_timeout = before.timed_out_until
                     ^^^^^^^^^^^^^^^^^^^^^^
AttributeError: 'Member' object has no attribute 'timed_out_until'
Ignoring exception in on_member_update
Traceback (most recent call last):
  File "/usr/local/lib/python3.12/site-packages/discord/client.py", line 465, in _run_event
    await coro(*args, **kwargs)
  File "/app/asu_discord/cogs/analytics.py", line 652, in on_member_update
    before_timeout = before.timed_out_until
                     ^^^^^^^^^^^^^^^^^^^^^^
AttributeError: 'Member' object has no attribute 'timed_out_until'
Ignoring exception in on_member_update
Traceback (most recent call last):
  File "/usr/local/lib/python3.12/site-packages/discord/client.py", line 465, in _run_event
    await coro(*args, **kwargs)
  File "/app/asu_discord/cogs/analytics.py", line 652, in on_member_update
    before_timeout = before.timed_out_until
                     ^^^^^^^^^^^^^^^^^^^^^^
AttributeError: 'Member' object has no attribute 'timed_out_until'
Ignoring exception in on_member_update
Traceback (most recent call last):
  File "/usr/local/lib/python3.12/site-packages/discord/client.py", line 465, in _run_event
    await coro(*args, **kwargs)
  File "/app/asu_discord/cogs/analytics.py", line 652, in on_member_update
    before_timeout = before.timed_out_until
                     ^^^^^^^^^^^^^^^^^^^^^^
AttributeError: 'Member' object has no attribute 'timed_out_until'
Ignoring exception in on_member_update
Traceback (most recent call last):
  File "/usr/local/lib/python3.12/site-packages/discord/client.py", line 465, in _run_event
    await coro(*args, **kwargs)
  File "/app/asu_discord/cogs/analytics.py", line 652, in on_member_update
    before_timeout = before.timed_out_until
                     ^^^^^^^^^^^^^^^^^^^^^^
AttributeError: 'Member' object has no attribute 'timed_out_until'
Ignoring exception in on_member_update
Traceback (most recent call last):
  File "/usr/local/lib/python3.12/site-packages/discord/client.py", line 465, in _run_event
    await coro(*args, **kwargs)
  File "/app/asu_discord/cogs/analytics.py", line 652, in on_member_update
    before_timeout = before.timed_out_until
                     ^^^^^^^^^^^^^^^^^^^^^^
AttributeError: 'Member' object has no attribute 'timed_out_until'
Ignoring exception in on_member_update
Traceback (most recent call last):
  File "/usr/local/lib/python3.12/site-packages/discord/client.py", line 465, in _run_event
    await coro(*args, **kwargs)
  File "/app/asu_discord/cogs/analytics.py", line 652, in on_member_update
    before_timeout = before.timed_out_until
                     ^^^^^^^^^^^^^^^^^^^^^^
AttributeError: 'Member' object has no attribute 'timed_out_until'
Ignoring exception in on_member_update
Traceback (most recent call last):
  File "/usr/local/lib/python3.12/site-packages/discord/client.py", line 465, in _run_event
    await coro(*args, **kwargs)
  File "/app/asu_discord/cogs/analytics.py", line 652, in on_member_update
    before_timeout = before.timed_out_until
                     ^^^^^^^^^^^^^^^^^^^^^^
AttributeError: 'Member' object has no attribute 'timed_out_until'
INFO:asu_discord.cogs.verification:Saved 4 roles to database for user crreddi3 (Discord ID: 1468742027440296164)
INFO:asu_discord.cogs.verification:Refreshed Salesforce roles for Discord user 1468742027440296164: -4/+4 roles, assigned=[College of Liberal Arts and Sciences, First Year, Out of State, Tempe]
Ignoring exception in on_member_update
Traceback (most recent call last):
  File "/usr/local/lib/python3.12/site-packages/discord/client.py", line 465, in _run_event
    await coro(*args, **kwargs)
  File "/app/asu_discord/cogs/analytics.py", line 652, in on_member_update
    before_timeout = before.timed_out_until
                     ^^^^^^^^^^^^^^^^^^^^^^
AttributeError: 'Member' object has no attribute 'timed_out_until'
Ignoring exception in on_member_update
Traceback (most recent call last):
  File "/usr/local/lib/python3.12/site-packages/discord/client.py", line 465, in _run_event
    await coro(*args, **kwargs)
  File "/app/asu_discord/cogs/analytics.py", line 652, in on_member_update
    before_timeout = before.timed_out_until
                     ^^^^^^^^^^^^^^^^^^^^^^
AttributeError: 'Member' object has no attribute 'timed_out_until'
Ignoring exception in on_member_update
Traceback (most recent call last):
  File "/usr/local/lib/python3.12/site-packages/discord/client.py", line 465, in _run_event
    await coro(*args, **kwargs)
  File "/app/asu_discord/cogs/analytics.py", line 652, in on_member_update
    before_timeout = before.timed_out_until
                     ^^^^^^^^^^^^^^^^^^^^^^
AttributeError: 'Member' object has no attribute 'timed_out_until'
Ignoring exception in on_member_update
Traceback (most recent call last):
  File "/usr/local/lib/python3.12/site-packages/discord/client.py", line 465, in _run_event
    await coro(*args, **kwargs)
  File "/app/asu_discord/cogs/analytics.py", line 652, in on_member_update
    before_timeout = before.timed_out_until
                     ^^^^^^^^^^^^^^^^^^^^^^
AttributeError: 'Member' object has no attribute 'timed_out_until'
Ignoring exception in on_member_update
Traceback (most recent call last):
  File "/usr/local/lib/python3.12/site-packages/discord/client.py", line 465, in _run_event
    await coro(*args, **kwargs)
  File "/app/asu_discord/cogs/analytics.py", line 652, in on_member_update
    before_timeout = before.timed_out_until
                     ^^^^^^^^^^^^^^^^^^^^^^
AttributeError: 'Member' object has no attribute 'timed_out_until'
Ignoring exception in on_member_update
Traceback (most recent call last):
  File "/usr/local/lib/python3.12/site-packages/discord/client.py", line 465, in _run_event
    await coro(*args, **kwargs)
  File "/app/asu_discord/cogs/analytics.py", line 652, in on_member_update
    before_timeout = before.timed_out_until
                     ^^^^^^^^^^^^^^^^^^^^^^
AttributeError: 'Member' object has no attribute 'timed_out_until'
Ignoring exception in on_member_update
Traceback (most recent call last):
  File "/usr/local/lib/python3.12/site-packages/discord/client.py", line 465, in _run_event
    await coro(*args, **kwargs)
  File "/app/asu_discord/cogs/analytics.py", line 652, in on_member_update
    before_timeout = before.timed_out_until
                     ^^^^^^^^^^^^^^^^^^^^^^
AttributeError: 'Member' object has no attribute 'timed_out_until'
Ignoring exception in on_member_update
Traceback (most recent call last):
  File "/usr/local/lib/python3.12/site-packages/discord/client.py", line 465, in _run_event
    await coro(*args, **kwargs)
  File "/app/asu_discord/cogs/analytics.py", line 652, in on_member_update
    before_timeout = before.timed_out_until
                     ^^^^^^^^^^^^^^^^^^^^^^
AttributeError: 'Member' object has no attribute 'timed_out_until'
Ignoring exception in on_member_update
Traceback (most recent call last):
  File "/usr/local/lib/python3.12/site-packages/discord/client.py", line 465, in _run_event
    await coro(*args, **kwargs)
  File "/app/asu_discord/cogs/analytics.py", line 652, in on_member_update
    before_timeout = before.timed_out_until
                     ^^^^^^^^^^^^^^^^^^^^^^
AttributeError: 'Member' object has no attribute 'timed_out_until'
Ignoring exception in on_member_update
Traceback (most recent call last):
  File "/usr/local/lib/python3.12/site-packages/discord/client.py", line 465, in _run_event
    await coro(*args, **kwargs)
  File "/app/asu_discord/cogs/analytics.py", line 652, in on_member_update
    before_timeout = before.timed_out_until
                     ^^^^^^^^^^^^^^^^^^^^^^
AttributeError: 'Member' object has no attribute 'timed_out_until'
Ignoring exception in on_member_update
Traceback (most recent call last):
  File "/usr/local/lib/python3.12/site-packages/discord/client.py", line 465, in _run_event
    await coro(*args, **kwargs)
  File "/app/asu_discord/cogs/analytics.py", line 652, in on_member_update
    before_timeout = before.timed_out_until
                     ^^^^^^^^^^^^^^^^^^^^^^
AttributeError: 'Member' object has no attribute 'timed_out_until'
INFO:asu_discord.cogs.verification:Saved 6 roles to database for user unpham1 (Discord ID: 597648862542561333)
INFO:asu_discord.cogs.verification:Refreshed Salesforce roles for Discord user 597648862542561333: -5/+6 roles, assigned=[Arizona Resident, Commited, First Generation Student, First Year, Tempe, W.P. Carey School of Business]
Ignoring exception in on_member_update
Traceback (most recent call last):
  File "/usr/local/lib/python3.12/site-packages/discord/client.py", line 465, in _run_event
    await coro(*args, **kwargs)
  File "/app/asu_discord/cogs/analytics.py", line 652, in on_member_update
    before_timeout = before.timed_out_until
                     ^^^^^^^^^^^^^^^^^^^^^^
AttributeError: 'Member' object has no attribute 'timed_out_until'
Ignoring exception in on_member_update
Traceback (most recent call last):
  File "/usr/local/lib/python3.12/site-packages/discord/client.py", line 465, in _run_event
    await coro(*args, **kwargs)
  File "/app/asu_discord/cogs/analytics.py", line 652, in on_member_update
    before_timeout = before.timed_out_until
                     ^^^^^^^^^^^^^^^^^^^^^^
AttributeError: 'Member' object has no attribute 'timed_out_until'
Ignoring exception in on_member_update
Traceback (most recent call last):
  File "/usr/local/lib/python3.12/site-packages/discord/client.py", line 465, in _run_event
    await coro(*args, **kwargs)
  File "/app/asu_discord/cogs/analytics.py", line 652, in on_member_update
    before_timeout = before.timed_out_until
                     ^^^^^^^^^^^^^^^^^^^^^^
AttributeError: 'Member' object has no attribute 'timed_out_until'
Ignoring exception in on_member_update
Traceback (most recent call last):
  File "/usr/local/lib/python3.12/site-packages/discord/client.py", line 465, in _run_event
    await coro(*args, **kwargs)
  File "/app/asu_discord/cogs/analytics.py", line 652, in on_member_update
    before_timeout = before.timed_out_until
                     ^^^^^^^^^^^^^^^^^^^^^^
AttributeError: 'Member' object has no attribute 'timed_out_until'
Ignoring exception in on_member_update
Traceback (most recent call last):
  File "/usr/local/lib/python3.12/site-packages/discord/client.py", line 465, in _run_event
    await coro(*args, **kwargs)
  File "/app/asu_discord/cogs/analytics.py", line 652, in on_member_update
    before_timeout = before.timed_out_until
                     ^^^^^^^^^^^^^^^^^^^^^^
AttributeError: 'Member' object has no attribute 'timed_out_until'
Ignoring exception in on_member_update
Traceback (most recent call last):
  File "/usr/local/lib/python3.12/site-packages/discord/client.py", line 465, in _run_event
    await coro(*args, **kwargs)
  File "/app/asu_discord/cogs/analytics.py", line 652, in on_member_update
    before_timeout = before.timed_out_until
                     ^^^^^^^^^^^^^^^^^^^^^^
AttributeError: 'Member' object has no attribute 'timed_out_until'
Ignoring exception in on_member_update
Traceback (most recent call last):
  File "/usr/local/lib/python3.12/site-packages/discord/client.py", line 465, in _run_event
    await coro(*args, **kwargs)
  File "/app/asu_discord/cogs/analytics.py", line 652, in on_member_update
    before_timeout = before.timed_out_until
                     ^^^^^^^^^^^^^^^^^^^^^^
AttributeError: 'Member' object has no attribute 'timed_out_until'
Ignoring exception in on_member_update
Traceback (most recent call last):
  File "/usr/local/lib/python3.12/site-packages/discord/client.py", line 465, in _run_event
    await coro(*args, **kwargs)
  File "/app/asu_discord/cogs/analytics.py", line 652, in on_member_update
    before_timeout = before.timed_out_until
                     ^^^^^^^^^^^^^^^^^^^^^^
AttributeError: 'Member' object has no attribute 'timed_out_until'
Ignoring exception in on_member_update
Traceback (most recent call last):
  File "/usr/local/lib/python3.12/site-packages/discord/client.py", line 465, in _run_event
    await coro(*args, **kwargs)
  File "/app/asu_discord/cogs/analytics.py", line 652, in on_member_update
    before_timeout = before.timed_out_until
                     ^^^^^^^^^^^^^^^^^^^^^^
AttributeError: 'Member' object has no attribute 'timed_out_until'
Ignoring exception in on_member_update
Traceback (most recent call last):
  File "/usr/local/lib/python3.12/site-packages/discord/client.py", line 465, in _run_event
    await coro(*args, **kwargs)
  File "/app/asu_discord/cogs/analytics.py", line 652, in on_member_update
    before_timeout = before.timed_out_until
                     ^^^^^^^^^^^^^^^^^^^^^^
AttributeError: 'Member' object has no attribute 'timed_out_until'
Ignoring exception in on_member_update
Traceback (most recent call last):
  File "/usr/local/lib/python3.12/site-packages/discord/client.py", line 465, in _run_event
    await coro(*args, **kwargs)
  File "/app/asu_discord/cogs/analytics.py", line 652, in on_member_update
    before_timeout = before.timed_out_until
                     ^^^^^^^^^^^^^^^^^^^^^^
AttributeError: 'Member' object has no attribute 'timed_out_until'
Ignoring exception in on_member_update
Traceback (most recent call last):
  File "/usr/local/lib/python3.12/site-packages/discord/client.py", line 465, in _run_event
    await coro(*args, **kwargs)
  File "/app/asu_discord/cogs/analytics.py", line 652, in on_member_update
    before_timeout = before.timed_out_until
                     ^^^^^^^^^^^^^^^^^^^^^^
AttributeError: 'Member' object has no attribute 'timed_out_until'
INFO:asu_discord.cogs.verification:Saved 6 roles to database for user dcomer1 (Discord ID: 531330002634014722)
INFO:asu_discord.cogs.verification:Refreshed Salesforce roles for Discord user 531330002634014722: -6/+6 roles, assigned=[College of Liberal Arts and Sciences, Commited, First Generation Student, First Year, Out of State, Tempe]
Ignoring exception in on_member_update
Traceback (most recent call last):
  File "/usr/local/lib/python3.12/site-packages/discord/client.py", line 465, in _run_event
    await coro(*args, **kwargs)
  File "/app/asu_discord/cogs/analytics.py", line 652, in on_member_update
    before_timeout = before.timed_out_until
                     ^^^^^^^^^^^^^^^^^^^^^^
AttributeError: 'Member' object has no attribute 'timed_out_until'
Ignoring exception in on_member_update
Traceback (most recent call last):
  File "/usr/local/lib/python3.12/site-packages/discord/client.py", line 465, in _run_event
    await coro(*args, **kwargs)
  File "/app/asu_discord/cogs/analytics.py", line 652, in on_member_update
    before_timeout = before.timed_out_until
                     ^^^^^^^^^^^^^^^^^^^^^^
AttributeError: 'Member' object has no attribute 'timed_out_until'
Ignoring exception in on_member_update
Traceback (most recent call last):
  File "/usr/local/lib/python3.12/site-packages/discord/client.py", line 465, in _run_event
    await coro(*args, **kwargs)
  File "/app/asu_discord/cogs/analytics.py", line 652, in on_member_update
    before_timeout = before.timed_out_until
                     ^^^^^^^^^^^^^^^^^^^^^^
AttributeError: 'Member' object has no attribute 'timed_out_until'
Ignoring exception in on_member_update
Traceback (most recent call last):
  File "/usr/local/lib/python3.12/site-packages/discord/client.py", line 465, in _run_event
    await coro(*args, **kwargs)
  File "/app/asu_discord/cogs/analytics.py", line 652, in on_member_update
    before_timeout = before.timed_out_until
                     ^^^^^^^^^^^^^^^^^^^^^^
AttributeError: 'Member' object has no attribute 'timed_out_until'
Ignoring exception in on_member_update
Traceback (most recent call last):
  File "/usr/local/lib/python3.12/site-packages/discord/client.py", line 465, in _run_event
    await coro(*args, **kwargs)
  File "/app/asu_discord/cogs/analytics.py", line 652, in on_member_update
    before_timeout = before.timed_out_until
                     ^^^^^^^^^^^^^^^^^^^^^^
AttributeError: 'Member' object has no attribute 'timed_out_until'
Ignoring exception in on_member_update
Traceback (most recent call last):
  File "/usr/local/lib/python3.12/site-packages/discord/client.py", line 465, in _run_event
    await coro(*args, **kwargs)
  File "/app/asu_discord/cogs/analytics.py", line 652, in on_member_update
    before_timeout = before.timed_out_until
                     ^^^^^^^^^^^^^^^^^^^^^^
AttributeError: 'Member' object has no attribute 'timed_out_until'
Ignoring exception in on_member_update
Traceback (most recent call last):
  File "/usr/local/lib/python3.12/site-packages/discord/client.py", line 465, in _run_event
    await coro(*args, **kwargs)
  File "/app/asu_discord/cogs/analytics.py", line 652, in on_member_update
    before_timeout = before.timed_out_until
                     ^^^^^^^^^^^^^^^^^^^^^^
AttributeError: 'Member' object has no attribute 'timed_out_until'
Ignoring exception in on_member_update
Traceback (most recent call last):
  File "/usr/local/lib/python3.12/site-packages/discord/client.py", line 465, in _run_event
    await coro(*args, **kwargs)
  File "/app/asu_discord/cogs/analytics.py", line 652, in on_member_update
    before_timeout = before.timed_out_until
                     ^^^^^^^^^^^^^^^^^^^^^^
AttributeError: 'Member' object has no attribute 'timed_out_until'
Ignoring exception in on_member_update
Traceback (most recent call last):
  File "/usr/local/lib/python3.12/site-packages/discord/client.py", line 465, in _run_event
    await coro(*args, **kwargs)
  File "/app/asu_discord/cogs/analytics.py", line 652, in on_member_update
    before_timeout = before.timed_out_until
                     ^^^^^^^^^^^^^^^^^^^^^^
AttributeError: 'Member' object has no attribute 'timed_out_until'
Ignoring exception in on_member_update
Traceback (most recent call last):
  File "/usr/local/lib/python3.12/site-packages/discord/client.py", line 465, in _run_event
    await coro(*args, **kwargs)
  File "/app/asu_discord/cogs/analytics.py", line 652, in on_member_update
    before_timeout = before.timed_out_until
                     ^^^^^^^^^^^^^^^^^^^^^^
AttributeError: 'Member' object has no attribute 'timed_out_until'
INFO:asu_discord.cogs.verification:Saved 5 roles to database for user jaboles1 (Discord ID: 759810508819136532)
INFO:asu_discord.cogs.verification:Refreshed Salesforce roles for Discord user 759810508819136532: -5/+5 roles, assigned=[College of Liberal Arts and Sciences, Commited, Out of State, Tempe, Transfer Student]
INFO:asu_discord.cogs.verification:Refreshed Salesforce roles for Discord user 756935995177435297: -0/+0 roles, assigned=[none]
Ignoring exception in on_member_update
Traceback (most recent call last):
  File "/usr/local/lib/python3.12/site-packages/discord/client.py", line 465, in _run_event
    await coro(*args, **kwargs)
  File "/app/asu_discord/cogs/analytics.py", line 652, in on_member_update
    before_timeout = before.timed_out_until
                     ^^^^^^^^^^^^^^^^^^^^^^
AttributeError: 'Member' object has no attribute 'timed_out_until'
Ignoring exception in on_member_update
Traceback (most recent call last):
  File "/usr/local/lib/python3.12/site-packages/discord/client.py", line 465, in _run_event
    await coro(*args, **kwargs)
  File "/app/asu_discord/cogs/analytics.py", line 652, in on_member_update
    before_timeout = before.timed_out_until
                     ^^^^^^^^^^^^^^^^^^^^^^
AttributeError: 'Member' object has no attribute 'timed_out_until'
Ignoring exception in on_member_update
Traceback (most recent call last):
  File "/usr/local/lib/python3.12/site-packages/discord/client.py", line 465, in _run_event
    await coro(*args, **kwargs)
  File "/app/asu_discord/cogs/analytics.py", line 652, in on_member_update
    before_timeout = before.timed_out_until
                     ^^^^^^^^^^^^^^^^^^^^^^
AttributeError: 'Member' object has no attribute 'timed_out_until'
Ignoring exception in on_member_update
Traceback (most recent call last):
  File "/usr/local/lib/python3.12/site-packages/discord/client.py", line 465, in _run_event
    await coro(*args, **kwargs)
  File "/app/asu_discord/cogs/analytics.py", line 652, in on_member_update
    before_timeout = before.timed_out_until
                     ^^^^^^^^^^^^^^^^^^^^^^
AttributeError: 'Member' object has no attribute 'timed_out_until'
Ignoring exception in on_member_update
Traceback (most recent call last):
  File "/usr/local/lib/python3.12/site-packages/discord/client.py", line 465, in _run_event
    await coro(*args, **kwargs)
  File "/app/asu_discord/cogs/analytics.py", line 652, in on_member_update
    before_timeout = before.timed_out_until
                     ^^^^^^^^^^^^^^^^^^^^^^
AttributeError: 'Member' object has no attribute 'timed_out_until'
Ignoring exception in on_member_update
Traceback (most recent call last):
  File "/usr/local/lib/python3.12/site-packages/discord/client.py", line 465, in _run_event
    await coro(*args, **kwargs)
  File "/app/asu_discord/cogs/analytics.py", line 652, in on_member_update
    before_timeout = before.timed_out_until
                     ^^^^^^^^^^^^^^^^^^^^^^
AttributeError: 'Member' object has no attribute 'timed_out_until'
Ignoring exception in on_member_update
Traceback (most recent call last):
  File "/usr/local/lib/python3.12/site-packages/discord/client.py", line 465, in _run_event
    await coro(*args, **kwargs)
  File "/app/asu_discord/cogs/analytics.py", line 652, in on_member_update
    before_timeout = before.timed_out_until
                     ^^^^^^^^^^^^^^^^^^^^^^
AttributeError: 'Member' object has no attribute 'timed_out_until'
Ignoring exception in on_member_update
Traceback (most recent call last):
  File "/usr/local/lib/python3.12/site-packages/discord/client.py", line 465, in _run_event
    await coro(*args, **kwargs)
  File "/app/asu_discord/cogs/analytics.py", line 652, in on_member_update
    before_timeout = before.timed_out_until
                     ^^^^^^^^^^^^^^^^^^^^^^
AttributeError: 'Member' object has no attribute 'timed_out_until'
INFO:asu_discord.cogs.verification:Saved 4 roles to database for user vkadam12 (Discord ID: 996498053630546041)
INFO:asu_discord.cogs.verification:Refreshed Salesforce roles for Discord user 996498053630546041: -4/+4 roles, assigned=[Graduate Student, International Student, Ira A. Fulton Schools of Engineering, Tempe]
Ignoring exception in on_member_update
Traceback (most recent call last):
  File "/usr/local/lib/python3.12/site-packages/discord/client.py", line 465, in _run_event
    await coro(*args, **kwargs)
  File "/app/asu_discord/cogs/analytics.py", line 652, in on_member_update
    before_timeout = before.timed_out_until
                     ^^^^^^^^^^^^^^^^^^^^^^
AttributeError: 'Member' object has no attribute 'timed_out_until'
Ignoring exception in on_member_update
Traceback (most recent call last):
  File "/usr/local/lib/python3.12/site-packages/discord/client.py", line 465, in _run_event
    await coro(*args, **kwargs)
  File "/app/asu_discord/cogs/analytics.py", line 652, in on_member_update
    before_timeout = before.timed_out_until
                     ^^^^^^^^^^^^^^^^^^^^^^
AttributeError: 'Member' object has no attribute 'timed_out_until'
Ignoring exception in on_member_update
Traceback (most recent call last):
  File "/usr/local/lib/python3.12/site-packages/discord/client.py", line 465, in _run_event
    await coro(*args, **kwargs)
  File "/app/asu_discord/cogs/analytics.py", line 652, in on_member_update
    before_timeout = before.timed_out_until
                     ^^^^^^^^^^^^^^^^^^^^^^
AttributeError: 'Member' object has no attribute 'timed_out_until'
Ignoring exception in on_member_update
Traceback (most recent call last):
  File "/usr/local/lib/python3.12/site-packages/discord/client.py", line 465, in _run_event
    await coro(*args, **kwargs)
  File "/app/asu_discord/cogs/analytics.py", line 652, in on_member_update
    before_timeout = before.timed_out_until
                     ^^^^^^^^^^^^^^^^^^^^^^
AttributeError: 'Member' object has no attribute 'timed_out_until'
Ignoring exception in on_member_update
Traceback (most recent call last):
  File "/usr/local/lib/python3.12/site-packages/discord/client.py", line 465, in _run_event
    await coro(*args, **kwargs)
  File "/app/asu_discord/cogs/analytics.py", line 652, in on_member_update
    before_timeout = before.timed_out_until
                     ^^^^^^^^^^^^^^^^^^^^^^
AttributeError: 'Member' object has no attribute 'timed_out_until'
Ignoring exception in on_member_update
Traceback (most recent call last):
  File "/usr/local/lib/python3.12/site-packages/discord/client.py", line 465, in _run_event
    await coro(*args, **kwargs)
  File "/app/asu_discord/cogs/analytics.py", line 652, in on_member_update
    before_timeout = before.timed_out_until
                     ^^^^^^^^^^^^^^^^^^^^^^
AttributeError: 'Member' object has no attribute 'timed_out_until'
Ignoring exception in on_member_update
Traceback (most recent call last):
  File "/usr/local/lib/python3.12/site-packages/discord/client.py", line 465, in _run_event
    await coro(*args, **kwargs)
  File "/app/asu_discord/cogs/analytics.py", line 652, in on_member_update
    before_timeout = before.timed_out_until
                     ^^^^^^^^^^^^^^^^^^^^^^
AttributeError: 'Member' object has no attribute 'timed_out_until'
Ignoring exception in on_member_update
Traceback (most recent call last):
  File "/usr/local/lib/python3.12/site-packages/discord/client.py", line 465, in _run_event
    await coro(*args, **kwargs)
  File "/app/asu_discord/cogs/analytics.py", line 652, in on_member_update
    before_timeout = before.timed_out_until
                     ^^^^^^^^^^^^^^^^^^^^^^
AttributeError: 'Member' object has no attribute 'timed_out_until'
Ignoring exception in on_member_update
Traceback (most recent call last):
  File "/usr/local/lib/python3.12/site-packages/discord/client.py", line 465, in _run_event
    await coro(*args, **kwargs)
  File "/app/asu_discord/cogs/analytics.py", line 652, in on_member_update
    before_timeout = before.timed_out_until
                     ^^^^^^^^^^^^^^^^^^^^^^
AttributeError: 'Member' object has no attribute 'timed_out_until'
Ignoring exception in on_member_update
Traceback (most recent call last):
  File "/usr/local/lib/python3.12/site-packages/discord/client.py", line 465, in _run_event
    await coro(*args, **kwargs)
  File "/app/asu_discord/cogs/analytics.py", line 652, in on_member_update
    before_timeout = before.timed_out_until
                     ^^^^^^^^^^^^^^^^^^^^^^
AttributeError: 'Member' object has no attribute 'timed_out_until'
ERROR:cron.jobs:refresh_salesforce_roles: failed for acthien (Discord ID 1114827052651118692): Timed out refresh Salesforce-based roles
Ignoring exception in on_member_update
Traceback (most recent call last):
  File "/usr/local/lib/python3.12/site-packages/discord/client.py", line 465, in _run_event
    await coro(*args, **kwargs)
  File "/app/asu_discord/cogs/analytics.py", line 652, in on_member_update
    before_timeout = before.timed_out_until
                     ^^^^^^^^^^^^^^^^^^^^^^
AttributeError: 'Member' object has no attribute 'timed_out_until'
Ignoring exception in on_member_update
Traceback (most recent call last):
  File "/usr/local/lib/python3.12/site-packages/discord/client.py", line 465, in _run_event
    await coro(*args, **kwargs)
  File "/app/asu_discord/cogs/analytics.py", line 652, in on_member_update
    before_timeout = before.timed_out_until
                     ^^^^^^^^^^^^^^^^^^^^^^
AttributeError: 'Member' object has no attribute 'timed_out_until'
Ignoring exception in on_member_update
Traceback (most recent call last):
  File "/usr/local/lib/python3.12/site-packages/discord/client.py", line 465, in _run_event
    await coro(*args, **kwargs)
  File "/app/asu_discord/cogs/analytics.py", line 652, in on_member_update
    before_timeout = before.timed_out_until
                     ^^^^^^^^^^^^^^^^^^^^^^
AttributeError: 'Member' object has no attribute 'timed_out_until'
Ignoring exception in on_member_update
Traceback (most recent call last):
  File "/usr/local/lib/python3.12/site-packages/discord/client.py", line 465, in _run_event
    await coro(*args, **kwargs)
  File "/app/asu_discord/cogs/analytics.py", line 652, in on_member_update
    before_timeout = before.timed_out_until
                     ^^^^^^^^^^^^^^^^^^^^^^
AttributeError: 'Member' object has no attribute 'timed_out_until'
Ignoring exception in on_member_update
Traceback (most recent call last):
  File "/usr/local/lib/python3.12/site-packages/discord/client.py", line 465, in _run_event
    await coro(*args, **kwargs)
  File "/app/asu_discord/cogs/analytics.py", line 652, in on_member_update
    before_timeout = before.timed_out_until
                     ^^^^^^^^^^^^^^^^^^^^^^
AttributeError: 'Member' object has no attribute 'timed_out_until'
Ignoring exception in on_member_update
Traceback (most recent call last):
  File "/usr/local/lib/python3.12/site-packages/discord/client.py", line 465, in _run_event
    await coro(*args, **kwargs)
  File "/app/asu_discord/cogs/analytics.py", line 652, in on_member_update
    before_timeout = before.timed_out_until
                     ^^^^^^^^^^^^^^^^^^^^^^
AttributeError: 'Member' object has no attribute 'timed_out_until'
Ignoring exception in on_member_update
Traceback (most recent call last):
  File "/usr/local/lib/python3.12/site-packages/discord/client.py", line 465, in _run_event
    await coro(*args, **kwargs)
  File "/app/asu_discord/cogs/analytics.py", line 652, in on_member_update
    before_timeout = before.timed_out_until
                     ^^^^^^^^^^^^^^^^^^^^^^
AttributeError: 'Member' object has no attribute 'timed_out_until'
Ignoring exception in on_member_update
Traceback (most recent call last):
  File "/usr/local/lib/python3.12/site-packages/discord/client.py", line 465, in _run_event
    await coro(*args, **kwargs)
  File "/app/asu_discord/cogs/analytics.py", line 652, in on_member_update
    before_timeout = before.timed_out_until
                     ^^^^^^^^^^^^^^^^^^^^^^
AttributeError: 'Member' object has no attribute 'timed_out_until'
Ignoring exception in on_member_update
Traceback (most recent call last):
  File "/usr/local/lib/python3.12/site-packages/discord/client.py", line 465, in _run_event
    await coro(*args, **kwargs)
  File "/app/asu_discord/cogs/analytics.py", line 652, in on_member_update
    before_timeout = before.timed_out_until
                     ^^^^^^^^^^^^^^^^^^^^^^
AttributeError: 'Member' object has no attribute 'timed_out_until'
Ignoring exception in on_member_update
Traceback (most recent call last):
  File "/usr/local/lib/python3.12/site-packages/discord/client.py", line 465, in _run_event
    await coro(*args, **kwargs)
  File "/app/asu_discord/cogs/analytics.py", line 652, in on_member_update
    before_timeout = before.timed_out_until
                     ^^^^^^^^^^^^^^^^^^^^^^
AttributeError: 'Member' object has no attribute 'timed_out_until'
Ignoring exception in on_member_update
Traceback (most recent call last):
  File "/usr/local/lib/python3.12/site-packages/discord/client.py", line 465, in _run_event
    await coro(*args, **kwargs)
  File "/app/asu_discord/cogs/analytics.py", line 652, in on_member_update
    before_timeout = before.timed_out_until
                     ^^^^^^^^^^^^^^^^^^^^^^
AttributeError: 'Member' object has no attribute 'timed_out_until'
INFO:asu_discord.cogs.verification:Saved 5 roles to database for user schyredw (Discord ID: 701940007820066946)
INFO:asu_discord.cogs.verification:Refreshed Salesforce roles for Discord user 701940007820066946: -5/+5 roles, assigned=[Arizona Resident, College of Liberal Arts and Sciences, Commited, First Year, Tempe]
Ignoring exception in on_member_update
Traceback (most recent call last):
  File "/usr/local/lib/python3.12/site-packages/discord/client.py", line 465, in _run_event
    await coro(*args, **kwargs)
  File "/app/asu_discord/cogs/analytics.py", line 652, in on_member_update
    before_timeout = before.timed_out_until
                     ^^^^^^^^^^^^^^^^^^^^^^
AttributeError: 'Member' object has no attribute 'timed_out_until'
INFO:asu_discord.cogs.verification:Saved 1 roles to database for user epadil28 (Discord ID: 884223986458849381)
INFO:asu_discord.cogs.verification:Refreshed Salesforce roles for Discord user 884223986458849381: -1/+0 roles, assigned=[Arizona Resident]
Ignoring exception in on_member_update
Traceback (most recent call last):
  File "/usr/local/lib/python3.12/site-packages/discord/client.py", line 465, in _run_event
    await coro(*args, **kwargs)
  File "/app/asu_discord/cogs/analytics.py", line 652, in on_member_update
    before_timeout = before.timed_out_until
                     ^^^^^^^^^^^^^^^^^^^^^^
AttributeError: 'Member' object has no attribute 'timed_out_until'
Ignoring exception in on_member_update
Traceback (most recent call last):
  File "/usr/local/lib/python3.12/site-packages/discord/client.py", line 465, in _run_event
    await coro(*args, **kwargs)
  File "/app/asu_discord/cogs/analytics.py", line 652, in on_member_update
    before_timeout = before.timed_out_until
                     ^^^^^^^^^^^^^^^^^^^^^^
AttributeError: 'Member' object has no attribute 'timed_out_until'
Ignoring exception in on_member_update
Traceback (most recent call last):
  File "/usr/local/lib/python3.12/site-packages/discord/client.py", line 465, in _run_event
    await coro(*args, **kwargs)
  File "/app/asu_discord/cogs/analytics.py", line 652, in on_member_update
    before_timeout = before.timed_out_until
                     ^^^^^^^^^^^^^^^^^^^^^^
AttributeError: 'Member' object has no attribute 'timed_out_until'
Ignoring exception in on_member_update
Traceback (most recent call last):
  File "/usr/local/lib/python3.12/site-packages/discord/client.py", line 465, in _run_event
    await coro(*args, **kwargs)
  File "/app/asu_discord/cogs/analytics.py", line 652, in on_member_update
    before_timeout = before.timed_out_until
                     ^^^^^^^^^^^^^^^^^^^^^^
AttributeError: 'Member' object has no attribute 'timed_out_until'
Ignoring exception in on_member_update
Traceback (most recent call last):
  File "/usr/local/lib/python3.12/site-packages/discord/client.py", line 465, in _run_event
    await coro(*args, **kwargs)
  File "/app/asu_discord/cogs/analytics.py", line 652, in on_member_update
    before_timeout = before.timed_out_until
                     ^^^^^^^^^^^^^^^^^^^^^^
AttributeError: 'Member' object has no attribute 'timed_out_until'
Ignoring exception in on_member_update
Traceback (most recent call last):
  File "/usr/local/lib/python3.12/site-packages/discord/client.py", line 465, in _run_event
    await coro(*args, **kwargs)
  File "/app/asu_discord/cogs/analytics.py", line 652, in on_member_update
    before_timeout = before.timed_out_until
                     ^^^^^^^^^^^^^^^^^^^^^^
AttributeError: 'Member' object has no attribute 'timed_out_until'
Ignoring exception in on_member_update
Traceback (most recent call last):
  File "/usr/local/lib/python3.12/site-packages/discord/client.py", line 465, in _run_event
    await coro(*args, **kwargs)
  File "/app/asu_discord/cogs/analytics.py", line 652, in on_member_update
    before_timeout = before.timed_out_until
                     ^^^^^^^^^^^^^^^^^^^^^^
AttributeError: 'Member' object has no attribute 'timed_out_until'
Ignoring exception in on_member_update
Traceback (most recent call last):
  File "/usr/local/lib/python3.12/site-packages/discord/client.py", line 465, in _run_event
    await coro(*args, **kwargs)
  File "/app/asu_discord/cogs/analytics.py", line 652, in on_member_update
    before_timeout = before.timed_out_until
                     ^^^^^^^^^^^^^^^^^^^^^^
AttributeError: 'Member' object has no attribute 'timed_out_until'
Ignoring exception in on_member_update
Traceback (most recent call last):
  File "/usr/local/lib/python3.12/site-packages/discord/client.py", line 465, in _run_event
    await coro(*args, **kwargs)
  File "/app/asu_discord/cogs/analytics.py", line 652, in on_member_update
    before_timeout = before.timed_out_until
                     ^^^^^^^^^^^^^^^^^^^^^^
AttributeError: 'Member' object has no attribute 'timed_out_until'
INFO:asu_discord.cogs.verification:Saved 5 roles to database for user njorgen6 (Discord ID: 992710629133652028)
INFO:asu_discord.cogs.verification:Refreshed Salesforce roles for Discord user 992710629133652028: -5/+4 roles, assigned=[Arizona Resident, Commited, First Year, Ira A. Fulton Schools of Engineering, Tempe]
Ignoring exception in on_member_update
Traceback (most recent call last):
  File "/usr/local/lib/python3.12/site-packages/discord/client.py", line 465, in _run_event
    await coro(*args, **kwargs)
  File "/app/asu_discord/cogs/analytics.py", line 652, in on_member_update
    before_timeout = before.timed_out_until
                     ^^^^^^^^^^^^^^^^^^^^^^
AttributeError: 'Member' object has no attribute 'timed_out_until'
Ignoring exception in on_member_update
Traceback (most recent call last):
  File "/usr/local/lib/python3.12/site-packages/discord/client.py", line 465, in _run_event
    await coro(*args, **kwargs)
  File "/app/asu_discord/cogs/analytics.py", line 652, in on_member_update
    before_timeout = before.timed_out_until
                     ^^^^^^^^^^^^^^^^^^^^^^
AttributeError: 'Member' object has no attribute 'timed_out_until'
Ignoring exception in on_member_update
Traceback (most recent call last):
  File "/usr/local/lib/python3.12/site-packages/discord/client.py", line 465, in _run_event
    await coro(*args, **kwargs)
  File "/app/asu_discord/cogs/analytics.py", line 652, in on_member_update
    before_timeout = before.timed_out_until
                     ^^^^^^^^^^^^^^^^^^^^^^
AttributeError: 'Member' object has no attribute 'timed_out_until'
Ignoring exception in on_member_update
Traceback (most recent call last):
  File "/usr/local/lib/python3.12/site-packages/discord/client.py", line 465, in _run_event
    await coro(*args, **kwargs)
  File "/app/asu_discord/cogs/analytics.py", line 652, in on_member_update
    before_timeout = before.timed_out_until
                     ^^^^^^^^^^^^^^^^^^^^^^
AttributeError: 'Member' object has no attribute 'timed_out_until'
Ignoring exception in on_member_update
Traceback (most recent call last):
  File "/usr/local/lib/python3.12/site-packages/discord/client.py", line 465, in _run_event
    await coro(*args, **kwargs)
  File "/app/asu_discord/cogs/analytics.py", line 652, in on_member_update
    before_timeout = before.timed_out_until
                     ^^^^^^^^^^^^^^^^^^^^^^
AttributeError: 'Member' object has no attribute 'timed_out_until'
Ignoring exception in on_member_update
Traceback (most recent call last):
  File "/usr/local/lib/python3.12/site-packages/discord/client.py", line 465, in _run_event
    await coro(*args, **kwargs)
  File "/app/asu_discord/cogs/analytics.py", line 652, in on_member_update
    before_timeout = before.timed_out_until
                     ^^^^^^^^^^^^^^^^^^^^^^
AttributeError: 'Member' object has no attribute 'timed_out_until'
Ignoring exception in on_member_update
Traceback (most recent call last):
  File "/usr/local/lib/python3.12/site-packages/discord/client.py", line 465, in _run_event
    await coro(*args, **kwargs)
  File "/app/asu_discord/cogs/analytics.py", line 652, in on_member_update
    before_timeout = before.timed_out_until
                     ^^^^^^^^^^^^^^^^^^^^^^
AttributeError: 'Member' object has no attribute 'timed_out_until'
Ignoring exception in on_member_update
Traceback (most recent call last):
  File "/usr/local/lib/python3.12/site-packages/discord/client.py", line 465, in _run_event
    await coro(*args, **kwargs)
  File "/app/asu_discord/cogs/analytics.py", line 652, in on_member_update
    before_timeout = before.timed_out_until
                     ^^^^^^^^^^^^^^^^^^^^^^
AttributeError: 'Member' object has no attribute 'timed_out_until'
Ignoring exception in on_member_update
Traceback (most recent call last):
  File "/usr/local/lib/python3.12/site-packages/discord/client.py", line 465, in _run_event
    await coro(*args, **kwargs)
  File "/app/asu_discord/cogs/analytics.py", line 652, in on_member_update
    before_timeout = before.timed_out_until
                     ^^^^^^^^^^^^^^^^^^^^^^
AttributeError: 'Member' object has no attribute 'timed_out_until'
Ignoring exception in on_member_update
Traceback (most recent call last):
  File "/usr/local/lib/python3.12/site-packages/discord/client.py", line 465, in _run_event
    await coro(*args, **kwargs)
  File "/app/asu_discord/cogs/analytics.py", line 652, in on_member_update
    before_timeout = before.timed_out_until
                     ^^^^^^^^^^^^^^^^^^^^^^
AttributeError: 'Member' object has no attribute 'timed_out_until'
Ignoring exception in on_member_update
Traceback (most recent call last):
  File "/usr/local/lib/python3.12/site-packages/discord/client.py", line 465, in _run_event
    await coro(*args, **kwargs)
  File "/app/asu_discord/cogs/analytics.py", line 652, in on_member_update
    before_timeout = before.timed_out_until
                     ^^^^^^^^^^^^^^^^^^^^^^
AttributeError: 'Member' object has no attribute 'timed_out_until'
Ignoring exception in on_member_update
Traceback (most recent call last):
  File "/usr/local/lib/python3.12/site-packages/discord/client.py", line 465, in _run_event
    await coro(*args, **kwargs)
  File "/app/asu_discord/cogs/analytics.py", line 652, in on_member_update
    before_timeout = before.timed_out_until
                     ^^^^^^^^^^^^^^^^^^^^^^
AttributeError: 'Member' object has no attribute 'timed_out_until'
INFO:asu_discord.cogs.verification:Saved 6 roles to database for user jgecheve (Discord ID: 760605857749663885)
INFO:asu_discord.cogs.verification:Refreshed Salesforce roles for Discord user 760605857749663885: -6/+6 roles, assigned=[Arizona Resident, Commited, First Generation Student, First Year, Ira A. Fulton Schools of Engineering, Tempe]
Ignoring exception in on_member_update
Traceback (most recent call last):
  File "/usr/local/lib/python3.12/site-packages/discord/client.py", line 465, in _run_event
    await coro(*args, **kwargs)
  File "/app/asu_discord/cogs/analytics.py", line 652, in on_member_update
    before_timeout = before.timed_out_until
                     ^^^^^^^^^^^^^^^^^^^^^^
AttributeError: 'Member' object has no attribute 'timed_out_until'
Ignoring exception in on_member_update
Traceback (most recent call last):
  File "/usr/local/lib/python3.12/site-packages/discord/client.py", line 465, in _run_event
    await coro(*args, **kwargs)
  File "/app/asu_discord/cogs/analytics.py", line 652, in on_member_update
    before_timeout = before.timed_out_until
                     ^^^^^^^^^^^^^^^^^^^^^^
AttributeError: 'Member' object has no attribute 'timed_out_until'
Ignoring exception in on_member_update
Traceback (most recent call last):
  File "/usr/local/lib/python3.12/site-packages/discord/client.py", line 465, in _run_event
    await coro(*args, **kwargs)
  File "/app/asu_discord/cogs/analytics.py", line 652, in on_member_update
    before_timeout = before.timed_out_until
                     ^^^^^^^^^^^^^^^^^^^^^^
AttributeError: 'Member' object has no attribute 'timed_out_until'
Ignoring exception in on_member_update
Traceback (most recent call last):
  File "/usr/local/lib/python3.12/site-packages/discord/client.py", line 465, in _run_event
    await coro(*args, **kwargs)
  File "/app/asu_discord/cogs/analytics.py", line 652, in on_member_update
    before_timeout = before.timed_out_until
                     ^^^^^^^^^^^^^^^^^^^^^^
AttributeError: 'Member' object has no attribute 'timed_out_until'
Ignoring exception in on_member_update
Traceback (most recent call last):
  File "/usr/local/lib/python3.12/site-packages/discord/client.py", line 465, in _run_event
    await coro(*args, **kwargs)
  File "/app/asu_discord/cogs/analytics.py", line 652, in on_member_update
    before_timeout = before.timed_out_until
                     ^^^^^^^^^^^^^^^^^^^^^^
AttributeError: 'Member' object has no attribute 'timed_out_until'
Ignoring exception in on_member_update
Traceback (most recent call last):
  File "/usr/local/lib/python3.12/site-packages/discord/client.py", line 465, in _run_event
    await coro(*args, **kwargs)
  File "/app/asu_discord/cogs/analytics.py", line 652, in on_member_update
    before_timeout = before.timed_out_until
                     ^^^^^^^^^^^^^^^^^^^^^^
AttributeError: 'Member' object has no attribute 'timed_out_until'
Ignoring exception in on_member_update
Traceback (most recent call last):
  File "/usr/local/lib/python3.12/site-packages/discord/client.py", line 465, in _run_event
    await coro(*args, **kwargs)
  File "/app/asu_discord/cogs/analytics.py", line 652, in on_member_update
    before_timeout = before.timed_out_until
                     ^^^^^^^^^^^^^^^^^^^^^^
AttributeError: 'Member' object has no attribute 'timed_out_until'
Ignoring exception in on_member_update
Traceback (most recent call last):
  File "/usr/local/lib/python3.12/site-packages/discord/client.py", line 465, in _run_event
    await coro(*args, **kwargs)
  File "/app/asu_discord/cogs/analytics.py", line 652, in on_member_update
    before_timeout = before.timed_out_until
                     ^^^^^^^^^^^^^^^^^^^^^^
AttributeError: 'Member' object has no attribute 'timed_out_until'
Ignoring exception in on_member_update
Traceback (most recent call last):
  File "/usr/local/lib/python3.12/site-packages/discord/client.py", line 465, in _run_event
    await coro(*args, **kwargs)
  File "/app/asu_discord/cogs/analytics.py", line 652, in on_member_update
    before_timeout = before.timed_out_until
                     ^^^^^^^^^^^^^^^^^^^^^^
AttributeError: 'Member' object has no attribute 'timed_out_until'
Ignoring exception in on_member_update
Traceback (most recent call last):
  File "/usr/local/lib/python3.12/site-packages/discord/client.py", line 465, in _run_event
    await coro(*args, **kwargs)
  File "/app/asu_discord/cogs/analytics.py", line 652, in on_member_update
    before_timeout = before.timed_out_until
                     ^^^^^^^^^^^^^^^^^^^^^^
AttributeError: 'Member' object has no attribute 'timed_out_until'
INFO:asu_discord.cogs.verification:Saved 5 roles to database for user cgpina (Discord ID: 1019615860102541383)
INFO:asu_discord.cogs.verification:Refreshed Salesforce roles for Discord user 1019615860102541383: -5/+5 roles, assigned=[Arizona Resident, Downtown Phoenix, First Generation Student, First Year, Walter Cronkite School of Journalism and Mass Communication]
ERROR:cron.jobs:refresh_salesforce_roles: failed for jblac102 (Discord ID 571156632290066442): Failed to refresh Salesforce-based roles: Discord user 571156632290066442 is not a member of the guild
Ignoring exception in on_member_update
Traceback (most recent call last):
  File "/usr/local/lib/python3.12/site-packages/discord/client.py", line 465, in _run_event
    await coro(*args, **kwargs)
  File "/app/asu_discord/cogs/analytics.py", line 652, in on_member_update
    before_timeout = before.timed_out_until
                     ^^^^^^^^^^^^^^^^^^^^^^
AttributeError: 'Member' object has no attribute 'timed_out_until'
Ignoring exception in on_member_update
Traceback (most recent call last):
  File "/usr/local/lib/python3.12/site-packages/discord/client.py", line 465, in _run_event
    await coro(*args, **kwargs)
  File "/app/asu_discord/cogs/analytics.py", line 652, in on_member_update
    before_timeout = before.timed_out_until
                     ^^^^^^^^^^^^^^^^^^^^^^
AttributeError: 'Member' object has no attribute 'timed_out_until'
INFO:asu_discord.cogs.verification:Saved 1 roles to database for user raschul5 (Discord ID: 1437941220100935782)
INFO:asu_discord.cogs.verification:Refreshed Salesforce roles for Discord user 1437941220100935782: -1/+1 roles, assigned=[Arizona Resident]
Ignoring exception in on_member_update
Traceback (most recent call last):
  File "/usr/local/lib/python3.12/site-packages/discord/client.py", line 465, in _run_event
    await coro(*args, **kwargs)
  File "/app/asu_discord/cogs/analytics.py", line 652, in on_member_update
    before_timeout = before.timed_out_until
                     ^^^^^^^^^^^^^^^^^^^^^^
AttributeError: 'Member' object has no attribute 'timed_out_until'
Ignoring exception in on_member_update
Traceback (most recent call last):
  File "/usr/local/lib/python3.12/site-packages/discord/client.py", line 465, in _run_event
    await coro(*args, **kwargs)
  File "/app/asu_discord/cogs/analytics.py", line 652, in on_member_update
    before_timeout = before.timed_out_until
                     ^^^^^^^^^^^^^^^^^^^^^^
AttributeError: 'Member' object has no attribute 'timed_out_until'
Ignoring exception in on_member_update
Traceback (most recent call last):
  File "/usr/local/lib/python3.12/site-packages/discord/client.py", line 465, in _run_event
    await coro(*args, **kwargs)
  File "/app/asu_discord/cogs/analytics.py", line 652, in on_member_update
    before_timeout = before.timed_out_until
                     ^^^^^^^^^^^^^^^^^^^^^^
AttributeError: 'Member' object has no attribute 'timed_out_until'
Ignoring exception in on_member_update
Traceback (most recent call last):
  File "/usr/local/lib/python3.12/site-packages/discord/client.py", line 465, in _run_event
    await coro(*args, **kwargs)
  File "/app/asu_discord/cogs/analytics.py", line 652, in on_member_update
    before_timeout = before.timed_out_until
                     ^^^^^^^^^^^^^^^^^^^^^^
AttributeError: 'Member' object has no attribute 'timed_out_until'
Ignoring exception in on_member_update
Traceback (most recent call last):
  File "/usr/local/lib/python3.12/site-packages/discord/client.py", line 465, in _run_event
    await coro(*args, **kwargs)
  File "/app/asu_discord/cogs/analytics.py", line 652, in on_member_update
    before_timeout = before.timed_out_until
                     ^^^^^^^^^^^^^^^^^^^^^^
AttributeError: 'Member' object has no attribute 'timed_out_until'
Ignoring exception in on_member_update
Traceback (most recent call last):
  File "/usr/local/lib/python3.12/site-packages/discord/client.py", line 465, in _run_event
    await coro(*args, **kwargs)
  File "/app/asu_discord/cogs/analytics.py", line 652, in on_member_update
    before_timeout = before.timed_out_until
                     ^^^^^^^^^^^^^^^^^^^^^^
AttributeError: 'Member' object has no attribute 'timed_out_until'
Ignoring exception in on_member_update
Traceback (most recent call last):
  File "/usr/local/lib/python3.12/site-packages/discord/client.py", line 465, in _run_event
    await coro(*args, **kwargs)
  File "/app/asu_discord/cogs/analytics.py", line 652, in on_member_update
    before_timeout = before.timed_out_until
                     ^^^^^^^^^^^^^^^^^^^^^^
AttributeError: 'Member' object has no attribute 'timed_out_until'
Ignoring exception in on_member_update
Traceback (most recent call last):
  File "/usr/local/lib/python3.12/site-packages/discord/client.py", line 465, in _run_event
    await coro(*args, **kwargs)
  File "/app/asu_discord/cogs/analytics.py", line 652, in on_member_update
    before_timeout = before.timed_out_until
                     ^^^^^^^^^^^^^^^^^^^^^^
AttributeError: 'Member' object has no attribute 'timed_out_until'
Ignoring exception in on_member_update
Traceback (most recent call last):
  File "/usr/local/lib/python3.12/site-packages/discord/client.py", line 465, in _run_event
    await coro(*args, **kwargs)
  File "/app/asu_discord/cogs/analytics.py", line 652, in on_member_update
    before_timeout = before.timed_out_until
                     ^^^^^^^^^^^^^^^^^^^^^^
AttributeError: 'Member' object has no attribute 'timed_out_until'
INFO:asu_discord.cogs.verification:Saved 4 roles to database for user ptadiko1 (Discord ID: 842134899259080724)
INFO:asu_discord.cogs.verification:Refreshed Salesforce roles for Discord user 842134899259080724: -4/+4 roles, assigned=[Arizona Resident, First Year, Ira A. Fulton Schools of Engineering, Tempe]
Ignoring exception in on_member_update
Traceback (most recent call last):
  File "/usr/local/lib/python3.12/site-packages/discord/client.py", line 465, in _run_event
    await coro(*args, **kwargs)
  File "/app/asu_discord/cogs/analytics.py", line 652, in on_member_update
    before_timeout = before.timed_out_until
                     ^^^^^^^^^^^^^^^^^^^^^^
AttributeError: 'Member' object has no attribute 'timed_out_until'
Ignoring exception in on_member_update
Traceback (most recent call last):
  File "/usr/local/lib/python3.12/site-packages/discord/client.py", line 465, in _run_event
    await coro(*args, **kwargs)
  File "/app/asu_discord/cogs/analytics.py", line 652, in on_member_update
    before_timeout = before.timed_out_until
                     ^^^^^^^^^^^^^^^^^^^^^^
AttributeError: 'Member' object has no attribute 'timed_out_until'
Ignoring exception in on_member_update
Traceback (most recent call last):
  File "/usr/local/lib/python3.12/site-packages/discord/client.py", line 465, in _run_event
    await coro(*args, **kwargs)
  File "/app/asu_discord/cogs/analytics.py", line 652, in on_member_update
    before_timeout = before.timed_out_until
                     ^^^^^^^^^^^^^^^^^^^^^^
AttributeError: 'Member' object has no attribute 'timed_out_until'
Ignoring exception in on_member_update
Traceback (most recent call last):
  File "/usr/local/lib/python3.12/site-packages/discord/client.py", line 465, in _run_event
    await coro(*args, **kwargs)
  File "/app/asu_discord/cogs/analytics.py", line 652, in on_member_update
    before_timeout = before.timed_out_until
                     ^^^^^^^^^^^^^^^^^^^^^^
AttributeError: 'Member' object has no attribute 'timed_out_until'
Ignoring exception in on_member_update
Traceback (most recent call last):
  File "/usr/local/lib/python3.12/site-packages/discord/client.py", line 465, in _run_event
    await coro(*args, **kwargs)
  File "/app/asu_discord/cogs/analytics.py", line 652, in on_member_update
    before_timeout = before.timed_out_until
                     ^^^^^^^^^^^^^^^^^^^^^^
AttributeError: 'Member' object has no attribute 'timed_out_until'
Ignoring exception in on_member_update
Traceback (most recent call last):
  File "/usr/local/lib/python3.12/site-packages/discord/client.py", line 465, in _run_event
    await coro(*args, **kwargs)
  File "/app/asu_discord/cogs/analytics.py", line 652, in on_member_update
    before_timeout = before.timed_out_until
                     ^^^^^^^^^^^^^^^^^^^^^^
AttributeError: 'Member' object has no attribute 'timed_out_until'
Ignoring exception in on_member_update
Traceback (most recent call last):
  File "/usr/local/lib/python3.12/site-packages/discord/client.py", line 465, in _run_event
    await coro(*args, **kwargs)
  File "/app/asu_discord/cogs/analytics.py", line 652, in on_member_update
    before_timeout = before.timed_out_until
                     ^^^^^^^^^^^^^^^^^^^^^^
AttributeError: 'Member' object has no attribute 'timed_out_until'
Ignoring exception in on_member_update
Traceback (most recent call last):
  File "/usr/local/lib/python3.12/site-packages/discord/client.py", line 465, in _run_event
    await coro(*args, **kwargs)
  File "/app/asu_discord/cogs/analytics.py", line 652, in on_member_update
    before_timeout = before.timed_out_until
                     ^^^^^^^^^^^^^^^^^^^^^^
AttributeError: 'Member' object has no attribute 'timed_out_until'
Ignoring exception in on_member_update
Traceback (most recent call last):
  File "/usr/local/lib/python3.12/site-packages/discord/client.py", line 465, in _run_event
    await coro(*args, **kwargs)
  File "/app/asu_discord/cogs/analytics.py", line 652, in on_member_update
    before_timeout = before.timed_out_until
                     ^^^^^^^^^^^^^^^^^^^^^^
AttributeError: 'Member' object has no attribute 'timed_out_until'
Ignoring exception in on_member_update
Traceback (most recent call last):
  File "/usr/local/lib/python3.12/site-packages/discord/client.py", line 465, in _run_event
    await coro(*args, **kwargs)
  File "/app/asu_discord/cogs/analytics.py", line 652, in on_member_update
    before_timeout = before.timed_out_until
                     ^^^^^^^^^^^^^^^^^^^^^^
AttributeError: 'Member' object has no attribute 'timed_out_until'
INFO:asu_discord.cogs.verification:Saved 5 roles to database for user sbloom10 (Discord ID: 1469116315972272363)
INFO:asu_discord.cogs.verification:Refreshed Salesforce roles for Discord user 1469116315972272363: -5/+5 roles, assigned=[Arizona Resident, College of Liberal Arts and Sciences, Commited, First Year, Online]
Ignoring exception in on_member_update
Traceback (most recent call last):
  File "/usr/local/lib/python3.12/site-packages/discord/client.py", line 465, in _run_event
    await coro(*args, **kwargs)
  File "/app/asu_discord/cogs/analytics.py", line 652, in on_member_update
    before_timeout = before.timed_out_until
                     ^^^^^^^^^^^^^^^^^^^^^^
AttributeError: 'Member' object has no attribute 'timed_out_until'
Ignoring exception in on_member_update
Traceback (most recent call last):
  File "/usr/local/lib/python3.12/site-packages/discord/client.py", line 465, in _run_event
    await coro(*args, **kwargs)
  File "/app/asu_discord/cogs/analytics.py", line 652, in on_member_update
    before_timeout = before.timed_out_until
                     ^^^^^^^^^^^^^^^^^^^^^^
AttributeError: 'Member' object has no attribute 'timed_out_until'
Ignoring exception in on_member_update
Traceback (most recent call last):
  File "/usr/local/lib/python3.12/site-packages/discord/client.py", line 465, in _run_event
    await coro(*args, **kwargs)
  File "/app/asu_discord/cogs/analytics.py", line 652, in on_member_update
    before_timeout = before.timed_out_until
                     ^^^^^^^^^^^^^^^^^^^^^^
AttributeError: 'Member' object has no attribute 'timed_out_until'
Ignoring exception in on_member_update
Traceback (most recent call last):
  File "/usr/local/lib/python3.12/site-packages/discord/client.py", line 465, in _run_event
    await coro(*args, **kwargs)
  File "/app/asu_discord/cogs/analytics.py", line 652, in on_member_update
    before_timeout = before.timed_out_until
                     ^^^^^^^^^^^^^^^^^^^^^^
AttributeError: 'Member' object has no attribute 'timed_out_until'
Ignoring exception in on_member_update
Traceback (most recent call last):
  File "/usr/local/lib/python3.12/site-packages/discord/client.py", line 465, in _run_event
    await coro(*args, **kwargs)
  File "/app/asu_discord/cogs/analytics.py", line 652, in on_member_update
    before_timeout = before.timed_out_until
                     ^^^^^^^^^^^^^^^^^^^^^^
AttributeError: 'Member' object has no attribute 'timed_out_until'
Ignoring exception in on_member_update
Traceback (most recent call last):
  File "/usr/local/lib/python3.12/site-packages/discord/client.py", line 465, in _run_event
    await coro(*args, **kwargs)
  File "/app/asu_discord/cogs/analytics.py", line 652, in on_member_update
    before_timeout = before.timed_out_until
                     ^^^^^^^^^^^^^^^^^^^^^^
AttributeError: 'Member' object has no attribute 'timed_out_until'
Ignoring exception in on_member_update
Traceback (most recent call last):
  File "/usr/local/lib/python3.12/site-packages/discord/client.py", line 465, in _run_event
    await coro(*args, **kwargs)
  File "/app/asu_discord/cogs/analytics.py", line 652, in on_member_update
    before_timeout = before.timed_out_until
                     ^^^^^^^^^^^^^^^^^^^^^^
AttributeError: 'Member' object has no attribute 'timed_out_until'
Ignoring exception in on_member_update
Traceback (most recent call last):
  File "/usr/local/lib/python3.12/site-packages/discord/client.py", line 465, in _run_event
    await coro(*args, **kwargs)
  File "/app/asu_discord/cogs/analytics.py", line 652, in on_member_update
    before_timeout = before.timed_out_until
                     ^^^^^^^^^^^^^^^^^^^^^^
AttributeError: 'Member' object has no attribute 'timed_out_until'
Ignoring exception in on_member_update
Traceback (most recent call last):
  File "/usr/local/lib/python3.12/site-packages/discord/client.py", line 465, in _run_event
    await coro(*args, **kwargs)
  File "/app/asu_discord/cogs/analytics.py", line 652, in on_member_update
    before_timeout = before.timed_out_until
                     ^^^^^^^^^^^^^^^^^^^^^^
AttributeError: 'Member' object has no attribute 'timed_out_until'
Ignoring exception in on_member_update
Traceback (most recent call last):
  File "/usr/local/lib/python3.12/site-packages/discord/client.py", line 465, in _run_event
    await coro(*args, **kwargs)
  File "/app/asu_discord/cogs/analytics.py", line 652, in on_member_update
    before_timeout = before.timed_out_until
                     ^^^^^^^^^^^^^^^^^^^^^^
AttributeError: 'Member' object has no attribute 'timed_out_until'
INFO:asu_discord.cogs.verification:Saved 5 roles to database for user acronck (Discord ID: 1358929027292856320)
INFO:asu_discord.cogs.verification:Refreshed Salesforce roles for Discord user 1358929027292856320: -5/+5 roles, assigned=[Commited, First Year, Out of State, Tempe, W.P. Carey School of Business]
Ignoring exception in on_member_update
Traceback (most recent call last):
  File "/usr/local/lib/python3.12/site-packages/discord/client.py", line 465, in _run_event
    await coro(*args, **kwargs)
  File "/app/asu_discord/cogs/analytics.py", line 652, in on_member_update
    before_timeout = before.timed_out_until
                     ^^^^^^^^^^^^^^^^^^^^^^
AttributeError: 'Member' object has no attribute 'timed_out_until'
Ignoring exception in on_member_update
Traceback (most recent call last):
  File "/usr/local/lib/python3.12/site-packages/discord/client.py", line 465, in _run_event
    await coro(*args, **kwargs)
  File "/app/asu_discord/cogs/analytics.py", line 652, in on_member_update
    before_timeout = before.timed_out_until
                     ^^^^^^^^^^^^^^^^^^^^^^
AttributeError: 'Member' object has no attribute 'timed_out_until'
Ignoring exception in on_member_update
Traceback (most recent call last):
  File "/usr/local/lib/python3.12/site-packages/discord/client.py", line 465, in _run_event
    await coro(*args, **kwargs)
  File "/app/asu_discord/cogs/analytics.py", line 652, in on_member_update
    before_timeout = before.timed_out_until
                     ^^^^^^^^^^^^^^^^^^^^^^
AttributeError: 'Member' object has no attribute 'timed_out_until'
Ignoring exception in on_member_update
Traceback (most recent call last):
  File "/usr/local/lib/python3.12/site-packages/discord/client.py", line 465, in _run_event
    await coro(*args, **kwargs)
  File "/app/asu_discord/cogs/analytics.py", line 652, in on_member_update
    before_timeout = before.timed_out_until
                     ^^^^^^^^^^^^^^^^^^^^^^
AttributeError: 'Member' object has no attribute 'timed_out_until'
Ignoring exception in on_member_update
Traceback (most recent call last):
  File "/usr/local/lib/python3.12/site-packages/discord/client.py", line 465, in _run_event
    await coro(*args, **kwargs)
  File "/app/asu_discord/cogs/analytics.py", line 652, in on_member_update
    before_timeout = before.timed_out_until
                     ^^^^^^^^^^^^^^^^^^^^^^
AttributeError: 'Member' object has no attribute 'timed_out_until'
Ignoring exception in on_member_update
Traceback (most recent call last):
  File "/usr/local/lib/python3.12/site-packages/discord/client.py", line 465, in _run_event
    await coro(*args, **kwargs)
  File "/app/asu_discord/cogs/analytics.py", line 652, in on_member_update
    before_timeout = before.timed_out_until
                     ^^^^^^^^^^^^^^^^^^^^^^
AttributeError: 'Member' object has no attribute 'timed_out_until'
Ignoring exception in on_member_update
Traceback (most recent call last):
  File "/usr/local/lib/python3.12/site-packages/discord/client.py", line 465, in _run_event
    await coro(*args, **kwargs)
  File "/app/asu_discord/cogs/analytics.py", line 652, in on_member_update
    before_timeout = before.timed_out_until
                     ^^^^^^^^^^^^^^^^^^^^^^
AttributeError: 'Member' object has no attribute 'timed_out_until'
Ignoring exception in on_member_update
Traceback (most recent call last):
  File "/usr/local/lib/python3.12/site-packages/discord/client.py", line 465, in _run_event
    await coro(*args, **kwargs)
  File "/app/asu_discord/cogs/analytics.py", line 652, in on_member_update
    before_timeout = before.timed_out_until
                     ^^^^^^^^^^^^^^^^^^^^^^
AttributeError: 'Member' object has no attribute 'timed_out_until'
Ignoring exception in on_member_update
Traceback (most recent call last):
  File "/usr/local/lib/python3.12/site-packages/discord/client.py", line 465, in _run_event
    await coro(*args, **kwargs)
  File "/app/asu_discord/cogs/analytics.py", line 652, in on_member_update
    before_timeout = before.timed_out_until
                     ^^^^^^^^^^^^^^^^^^^^^^
AttributeError: 'Member' object has no attribute 'timed_out_until'
Ignoring exception in on_member_update
Traceback (most recent call last):
  File "/usr/local/lib/python3.12/site-packages/discord/client.py", line 465, in _run_event
    await coro(*args, **kwargs)
  File "/app/asu_discord/cogs/analytics.py", line 652, in on_member_update
    before_timeout = before.timed_out_until
                     ^^^^^^^^^^^^^^^^^^^^^^
AttributeError: 'Member' object has no attribute 'timed_out_until'
INFO:asu_discord.cogs.verification:Saved 5 roles to database for user gverver (Discord ID: 1264824257414697052)
INFO:asu_discord.cogs.verification:Refreshed Salesforce roles for Discord user 1264824257414697052: -5/+5 roles, assigned=[Arizona Resident, Commited, First Year, Ira A. Fulton Schools of Engineering, Tempe]
Ignoring exception in on_member_update
Traceback (most recent call last):
  File "/usr/local/lib/python3.12/site-packages/discord/client.py", line 465, in _run_event
    await coro(*args, **kwargs)
  File "/app/asu_discord/cogs/analytics.py", line 652, in on_member_update
    before_timeout = before.timed_out_until
                     ^^^^^^^^^^^^^^^^^^^^^^
AttributeError: 'Member' object has no attribute 'timed_out_until'
Ignoring exception in on_member_update
Traceback (most recent call last):
  File "/usr/local/lib/python3.12/site-packages/discord/client.py", line 465, in _run_event
    await coro(*args, **kwargs)
  File "/app/asu_discord/cogs/analytics.py", line 652, in on_member_update
    before_timeout = before.timed_out_until
                     ^^^^^^^^^^^^^^^^^^^^^^
AttributeError: 'Member' object has no attribute 'timed_out_until'
Ignoring exception in on_member_update
Traceback (most recent call last):
  File "/usr/local/lib/python3.12/site-packages/discord/client.py", line 465, in _run_event
    await coro(*args, **kwargs)
  File "/app/asu_discord/cogs/analytics.py", line 652, in on_member_update
    before_timeout = before.timed_out_until
                     ^^^^^^^^^^^^^^^^^^^^^^
AttributeError: 'Member' object has no attribute 'timed_out_until'
Ignoring exception in on_member_update
Traceback (most recent call last):
  File "/usr/local/lib/python3.12/site-packages/discord/client.py", line 465, in _run_event
    await coro(*args, **kwargs)
  File "/app/asu_discord/cogs/analytics.py", line 652, in on_member_update
    before_timeout = before.timed_out_until
                     ^^^^^^^^^^^^^^^^^^^^^^
AttributeError: 'Member' object has no attribute 'timed_out_until'
Ignoring exception in on_member_update
Traceback (most recent call last):
  File "/usr/local/lib/python3.12/site-packages/discord/client.py", line 465, in _run_event
    await coro(*args, **kwargs)
  File "/app/asu_discord/cogs/analytics.py", line 652, in on_member_update
    before_timeout = before.timed_out_until
                     ^^^^^^^^^^^^^^^^^^^^^^
AttributeError: 'Member' object has no attribute 'timed_out_until'
Ignoring exception in on_member_update
Traceback (most recent call last):
  File "/usr/local/lib/python3.12/site-packages/discord/client.py", line 465, in _run_event
    await coro(*args, **kwargs)
  File "/app/asu_discord/cogs/analytics.py", line 652, in on_member_update
    before_timeout = before.timed_out_until
                     ^^^^^^^^^^^^^^^^^^^^^^
AttributeError: 'Member' object has no attribute 'timed_out_until'
Ignoring exception in on_member_update
Traceback (most recent call last):
  File "/usr/local/lib/python3.12/site-packages/discord/client.py", line 465, in _run_event
    await coro(*args, **kwargs)
  File "/app/asu_discord/cogs/analytics.py", line 652, in on_member_update
    before_timeout = before.timed_out_until
                     ^^^^^^^^^^^^^^^^^^^^^^
AttributeError: 'Member' object has no attribute 'timed_out_until'
Ignoring exception in on_member_update
Traceback (most recent call last):
  File "/usr/local/lib/python3.12/site-packages/discord/client.py", line 465, in _run_event
    await coro(*args, **kwargs)
  File "/app/asu_discord/cogs/analytics.py", line 652, in on_member_update
    before_timeout = before.timed_out_until
                     ^^^^^^^^^^^^^^^^^^^^^^
AttributeError: 'Member' object has no attribute 'timed_out_until'
Ignoring exception in on_member_update
Traceback (most recent call last):
  File "/usr/local/lib/python3.12/site-packages/discord/client.py", line 465, in _run_event
    await coro(*args, **kwargs)
  File "/app/asu_discord/cogs/analytics.py", line 652, in on_member_update
    before_timeout = before.timed_out_until
                     ^^^^^^^^^^^^^^^^^^^^^^
AttributeError: 'Member' object has no attribute 'timed_out_until'
Ignoring exception in on_member_update
Traceback (most recent call last):
  File "/usr/local/lib/python3.12/site-packages/discord/client.py", line 465, in _run_event
    await coro(*args, **kwargs)
  File "/app/asu_discord/cogs/analytics.py", line 652, in on_member_update
    before_timeout = before.timed_out_until
                     ^^^^^^^^^^^^^^^^^^^^^^
AttributeError: 'Member' object has no attribute 'timed_out_until'
ERROR:cron.jobs:refresh_salesforce_roles: failed for mzacuna (Discord ID 762029823227985963): Timed out refresh Salesforce-based roles
ERROR:cron.jobs:refresh_salesforce_roles: failed for gpetter1 (Discord ID 526525179644346374): Failed to refresh Salesforce-based roles: Discord user 526525179644346374 is not a member of the guild
Ignoring exception in on_member_update
Traceback (most recent call last):
  File "/usr/local/lib/python3.12/site-packages/discord/client.py", line 465, in _run_event
    await coro(*args, **kwargs)
  File "/app/asu_discord/cogs/analytics.py", line 652, in on_member_update
    before_timeout = before.timed_out_until
                     ^^^^^^^^^^^^^^^^^^^^^^
AttributeError: 'Member' object has no attribute 'timed_out_until'
Ignoring exception in on_member_update
Traceback (most recent call last):
  File "/usr/local/lib/python3.12/site-packages/discord/client.py", line 465, in _run_event
    await coro(*args, **kwargs)
  File "/app/asu_discord/cogs/analytics.py", line 652, in on_member_update
    before_timeout = before.timed_out_until
                     ^^^^^^^^^^^^^^^^^^^^^^
AttributeError: 'Member' object has no attribute 'timed_out_until'
Ignoring exception in on_member_update
Traceback (most recent call last):
  File "/usr/local/lib/python3.12/site-packages/discord/client.py", line 465, in _run_event
    await coro(*args, **kwargs)
  File "/app/asu_discord/cogs/analytics.py", line 652, in on_member_update
    before_timeout = before.timed_out_until
                     ^^^^^^^^^^^^^^^^^^^^^^
AttributeError: 'Member' object has no attribute 'timed_out_until'
Ignoring exception in on_member_update
Traceback (most recent call last):
  File "/usr/local/lib/python3.12/site-packages/discord/client.py", line 465, in _run_event
    await coro(*args, **kwargs)
  File "/app/asu_discord/cogs/analytics.py", line 652, in on_member_update
    before_timeout = before.timed_out_until
                     ^^^^^^^^^^^^^^^^^^^^^^
AttributeError: 'Member' object has no attribute 'timed_out_until'
Ignoring exception in on_member_update
Traceback (most recent call last):
  File "/usr/local/lib/python3.12/site-packages/discord/client.py", line 465, in _run_event
    await coro(*args, **kwargs)
  File "/app/asu_discord/cogs/analytics.py", line 652, in on_member_update
    before_timeout = before.timed_out_until
                     ^^^^^^^^^^^^^^^^^^^^^^
AttributeError: 'Member' object has no attribute 'timed_out_until'
Ignoring exception in on_member_update
Traceback (most recent call last):
  File "/usr/local/lib/python3.12/site-packages/discord/client.py", line 465, in _run_event
    await coro(*args, **kwargs)
  File "/app/asu_discord/cogs/analytics.py", line 652, in on_member_update
    before_timeout = before.timed_out_until
                     ^^^^^^^^^^^^^^^^^^^^^^
AttributeError: 'Member' object has no attribute 'timed_out_until'
Ignoring exception in on_member_update
Traceback (most recent call last):
  File "/usr/local/lib/python3.12/site-packages/discord/client.py", line 465, in _run_event
    await coro(*args, **kwargs)
  File "/app/asu_discord/cogs/analytics.py", line 652, in on_member_update
    before_timeout = before.timed_out_until
                     ^^^^^^^^^^^^^^^^^^^^^^
AttributeError: 'Member' object has no attribute 'timed_out_until'
Ignoring exception in on_member_update
Traceback (most recent call last):
  File "/usr/local/lib/python3.12/site-packages/discord/client.py", line 465, in _run_event
    await coro(*args, **kwargs)
  File "/app/asu_discord/cogs/analytics.py", line 652, in on_member_update
    before_timeout = before.timed_out_until
                     ^^^^^^^^^^^^^^^^^^^^^^
AttributeError: 'Member' object has no attribute 'timed_out_until'
Ignoring exception in on_member_update
Traceback (most recent call last):
  File "/usr/local/lib/python3.12/site-packages/discord/client.py", line 465, in _run_event
    await coro(*args, **kwargs)
  File "/app/asu_discord/cogs/analytics.py", line 652, in on_member_update
    before_timeout = before.timed_out_until
                     ^^^^^^^^^^^^^^^^^^^^^^
AttributeError: 'Member' object has no attribute 'timed_out_until'
INFO:asu_discord.cogs.verification:Saved 5 roles to database for user dthom206 (Discord ID: 1468877232926625894)
INFO:asu_discord.cogs.verification:Refreshed Salesforce roles for Discord user 1468877232926625894: -4/+5 roles, assigned=[College of Liberal Arts and Sciences, Commited, First Year, Out of State, Tempe]
Ignoring exception in on_member_update
Traceback (most recent call last):
  File "/usr/local/lib/python3.12/site-packages/discord/client.py", line 465, in _run_event
    await coro(*args, **kwargs)
  File "/app/asu_discord/cogs/analytics.py", line 652, in on_member_update
    before_timeout = before.timed_out_until
                     ^^^^^^^^^^^^^^^^^^^^^^
AttributeError: 'Member' object has no attribute 'timed_out_until'
Ignoring exception in on_member_update
Traceback (most recent call last):
  File "/usr/local/lib/python3.12/site-packages/discord/client.py", line 465, in _run_event
    await coro(*args, **kwargs)
  File "/app/asu_discord/cogs/analytics.py", line 652, in on_member_update
    before_timeout = before.timed_out_until
                     ^^^^^^^^^^^^^^^^^^^^^^
AttributeError: 'Member' object has no attribute 'timed_out_until'
Ignoring exception in on_member_update
Traceback (most recent call last):
  File "/usr/local/lib/python3.12/site-packages/discord/client.py", line 465, in _run_event
    await coro(*args, **kwargs)
  File "/app/asu_discord/cogs/analytics.py", line 652, in on_member_update
    before_timeout = before.timed_out_until
                     ^^^^^^^^^^^^^^^^^^^^^^
AttributeError: 'Member' object has no attribute 'timed_out_until'
Ignoring exception in on_member_update
Traceback (most recent call last):
  File "/usr/local/lib/python3.12/site-packages/discord/client.py", line 465, in _run_event
    await coro(*args, **kwargs)
  File "/app/asu_discord/cogs/analytics.py", line 652, in on_member_update
    before_timeout = before.timed_out_until
                     ^^^^^^^^^^^^^^^^^^^^^^
AttributeError: 'Member' object has no attribute 'timed_out_until'
Ignoring exception in on_member_update
Traceback (most recent call last):
  File "/usr/local/lib/python3.12/site-packages/discord/client.py", line 465, in _run_event
    await coro(*args, **kwargs)
  File "/app/asu_discord/cogs/analytics.py", line 652, in on_member_update
    before_timeout = before.timed_out_until
                     ^^^^^^^^^^^^^^^^^^^^^^
AttributeError: 'Member' object has no attribute 'timed_out_until'
Ignoring exception in on_member_update
Traceback (most recent call last):
  File "/usr/local/lib/python3.12/site-packages/discord/client.py", line 465, in _run_event
    await coro(*args, **kwargs)
  File "/app/asu_discord/cogs/analytics.py", line 652, in on_member_update
    before_timeout = before.timed_out_until
                     ^^^^^^^^^^^^^^^^^^^^^^
AttributeError: 'Member' object has no attribute 'timed_out_until'
Ignoring exception in on_member_update
Traceback (most recent call last):
  File "/usr/local/lib/python3.12/site-packages/discord/client.py", line 465, in _run_event
    await coro(*args, **kwargs)
  File "/app/asu_discord/cogs/analytics.py", line 652, in on_member_update
    before_timeout = before.timed_out_until
                     ^^^^^^^^^^^^^^^^^^^^^^
AttributeError: 'Member' object has no attribute 'timed_out_until'
Ignoring exception in on_member_update
Traceback (most recent call last):
  File "/usr/local/lib/python3.12/site-packages/discord/client.py", line 465, in _run_event
    await coro(*args, **kwargs)
  File "/app/asu_discord/cogs/analytics.py", line 652, in on_member_update
    before_timeout = before.timed_out_until
                     ^^^^^^^^^^^^^^^^^^^^^^
AttributeError: 'Member' object has no attribute 'timed_out_until'
Ignoring exception in on_member_update
Traceback (most recent call last):
  File "/usr/local/lib/python3.12/site-packages/discord/client.py", line 465, in _run_event
    await coro(*args, **kwargs)
  File "/app/asu_discord/cogs/analytics.py", line 652, in on_member_update
    before_timeout = before.timed_out_until
                     ^^^^^^^^^^^^^^^^^^^^^^
AttributeError: 'Member' object has no attribute 'timed_out_until'
Ignoring exception in on_member_update
Traceback (most recent call last):
  File "/usr/local/lib/python3.12/site-packages/discord/client.py", line 465, in _run_event
    await coro(*args, **kwargs)
  File "/app/asu_discord/cogs/analytics.py", line 652, in on_member_update
    before_timeout = before.timed_out_until
                     ^^^^^^^^^^^^^^^^^^^^^^
AttributeError: 'Member' object has no attribute 'timed_out_until'
INFO:asu_discord.cogs.verification:Saved 5 roles to database for user jdeasa (Discord ID: 589620251742830604)
INFO:asu_discord.cogs.verification:Refreshed Salesforce roles for Discord user 589620251742830604: -5/+5 roles, assigned=[Arizona Resident, Commited, First Year, Herberger Institute for Design and the Arts, Tempe]
Ignoring exception in on_member_update
Traceback (most recent call last):
  File "/usr/local/lib/python3.12/site-packages/discord/client.py", line 465, in _run_event
    await coro(*args, **kwargs)
  File "/app/asu_discord/cogs/analytics.py", line 652, in on_member_update
    before_timeout = before.timed_out_until
                     ^^^^^^^^^^^^^^^^^^^^^^
AttributeError: 'Member' object has no attribute 'timed_out_until'
Ignoring exception in on_member_update
Traceback (most recent call last):
  File "/usr/local/lib/python3.12/site-packages/discord/client.py", line 465, in _run_event
    await coro(*args, **kwargs)
  File "/app/asu_discord/cogs/analytics.py", line 652, in on_member_update
    before_timeout = before.timed_out_until
                     ^^^^^^^^^^^^^^^^^^^^^^
AttributeError: 'Member' object has no attribute 'timed_out_until'
Ignoring exception in on_member_update
Traceback (most recent call last):
  File "/usr/local/lib/python3.12/site-packages/discord/client.py", line 465, in _run_event
    await coro(*args, **kwargs)
  File "/app/asu_discord/cogs/analytics.py", line 652, in on_member_update
    before_timeout = before.timed_out_until
                     ^^^^^^^^^^^^^^^^^^^^^^
AttributeError: 'Member' object has no attribute 'timed_out_until'
Ignoring exception in on_member_update
Traceback (most recent call last):
  File "/usr/local/lib/python3.12/site-packages/discord/client.py", line 465, in _run_event
    await coro(*args, **kwargs)
  File "/app/asu_discord/cogs/analytics.py", line 652, in on_member_update
    before_timeout = before.timed_out_until
                     ^^^^^^^^^^^^^^^^^^^^^^
AttributeError: 'Member' object has no attribute 'timed_out_until'
Ignoring exception in on_member_update
Traceback (most recent call last):
  File "/usr/local/lib/python3.12/site-packages/discord/client.py", line 465, in _run_event
    await coro(*args, **kwargs)
  File "/app/asu_discord/cogs/analytics.py", line 652, in on_member_update
    before_timeout = before.timed_out_until
                     ^^^^^^^^^^^^^^^^^^^^^^
AttributeError: 'Member' object has no attribute 'timed_out_until'
Ignoring exception in on_member_update
Traceback (most recent call last):
  File "/usr/local/lib/python3.12/site-packages/discord/client.py", line 465, in _run_event
    await coro(*args, **kwargs)
  File "/app/asu_discord/cogs/analytics.py", line 652, in on_member_update
    before_timeout = before.timed_out_until
                     ^^^^^^^^^^^^^^^^^^^^^^
AttributeError: 'Member' object has no attribute 'timed_out_until'
Ignoring exception in on_member_update
Traceback (most recent call last):
  File "/usr/local/lib/python3.12/site-packages/discord/client.py", line 465, in _run_event
    await coro(*args, **kwargs)
  File "/app/asu_discord/cogs/analytics.py", line 652, in on_member_update
    before_timeout = before.timed_out_until
                     ^^^^^^^^^^^^^^^^^^^^^^
AttributeError: 'Member' object has no attribute 'timed_out_until'
Ignoring exception in on_member_update
Traceback (most recent call last):
  File "/usr/local/lib/python3.12/site-packages/discord/client.py", line 465, in _run_event
    await coro(*args, **kwargs)
  File "/app/asu_discord/cogs/analytics.py", line 652, in on_member_update
    before_timeout = before.timed_out_until
                     ^^^^^^^^^^^^^^^^^^^^^^
AttributeError: 'Member' object has no attribute 'timed_out_until'
Ignoring exception in on_member_update
Traceback (most recent call last):
  File "/usr/local/lib/python3.12/site-packages/discord/client.py", line 465, in _run_event
    await coro(*args, **kwargs)
  File "/app/asu_discord/cogs/analytics.py", line 652, in on_member_update
    before_timeout = before.timed_out_until
                     ^^^^^^^^^^^^^^^^^^^^^^
AttributeError: 'Member' object has no attribute 'timed_out_until'
Ignoring exception in on_member_update
Traceback (most recent call last):
  File "/usr/local/lib/python3.12/site-packages/discord/client.py", line 465, in _run_event
    await coro(*args, **kwargs)
  File "/app/asu_discord/cogs/analytics.py", line 652, in on_member_update
    before_timeout = before.timed_out_until
                     ^^^^^^^^^^^^^^^^^^^^^^
AttributeError: 'Member' object has no attribute 'timed_out_until'
Ignoring exception in on_member_update
Traceback (most recent call last):
  File "/usr/local/lib/python3.12/site-packages/discord/client.py", line 465, in _run_event
    await coro(*args, **kwargs)
  File "/app/asu_discord/cogs/analytics.py", line 652, in on_member_update
    before_timeout = before.timed_out_until
                     ^^^^^^^^^^^^^^^^^^^^^^
AttributeError: 'Member' object has no attribute 'timed_out_until'
INFO:asu_discord.cogs.verification:Saved 6 roles to database for user vmadrida (Discord ID: 939616472198684692)
INFO:asu_discord.cogs.verification:Refreshed Salesforce roles for Discord user 939616472198684692: -5/+6 roles, assigned=[Arizona Resident, Commited, First Generation Student, First Year, Herberger Institute for Design and the Arts, Tempe]
Ignoring exception in on_member_update
Traceback (most recent call last):
  File "/usr/local/lib/python3.12/site-packages/discord/client.py", line 465, in _run_event
    await coro(*args, **kwargs)
  File "/app/asu_discord/cogs/analytics.py", line 652, in on_member_update
    before_timeout = before.timed_out_until
                     ^^^^^^^^^^^^^^^^^^^^^^
AttributeError: 'Member' object has no attribute 'timed_out_until'
Ignoring exception in on_member_update
Traceback (most recent call last):
  File "/usr/local/lib/python3.12/site-packages/discord/client.py", line 465, in _run_event
    await coro(*args, **kwargs)
  File "/app/asu_discord/cogs/analytics.py", line 652, in on_member_update
    before_timeout = before.timed_out_until
                     ^^^^^^^^^^^^^^^^^^^^^^
AttributeError: 'Member' object has no attribute 'timed_out_until'
Ignoring exception in on_member_update
Traceback (most recent call last):
  File "/usr/local/lib/python3.12/site-packages/discord/client.py", line 465, in _run_event
    await coro(*args, **kwargs)
  File "/app/asu_discord/cogs/analytics.py", line 652, in on_member_update
    before_timeout = before.timed_out_until
                     ^^^^^^^^^^^^^^^^^^^^^^
AttributeError: 'Member' object has no attribute 'timed_out_until'
Ignoring exception in on_member_update
Traceback (most recent call last):
  File "/usr/local/lib/python3.12/site-packages/discord/client.py", line 465, in _run_event
    await coro(*args, **kwargs)
  File "/app/asu_discord/cogs/analytics.py", line 652, in on_member_update
    before_timeout = before.timed_out_until
                     ^^^^^^^^^^^^^^^^^^^^^^
AttributeError: 'Member' object has no attribute 'timed_out_until'
Ignoring exception in on_member_update
Traceback (most recent call last):
  File "/usr/local/lib/python3.12/site-packages/discord/client.py", line 465, in _run_event
    await coro(*args, **kwargs)
  File "/app/asu_discord/cogs/analytics.py", line 652, in on_member_update
    before_timeout = before.timed_out_until
                     ^^^^^^^^^^^^^^^^^^^^^^
AttributeError: 'Member' object has no attribute 'timed_out_until'
Ignoring exception in on_member_update
Traceback (most recent call last):
  File "/usr/local/lib/python3.12/site-packages/discord/client.py", line 465, in _run_event
    await coro(*args, **kwargs)
  File "/app/asu_discord/cogs/analytics.py", line 652, in on_member_update
    before_timeout = before.timed_out_until
                     ^^^^^^^^^^^^^^^^^^^^^^
AttributeError: 'Member' object has no attribute 'timed_out_until'
Ignoring exception in on_member_update
Traceback (most recent call last):
  File "/usr/local/lib/python3.12/site-packages/discord/client.py", line 465, in _run_event
    await coro(*args, **kwargs)
  File "/app/asu_discord/cogs/analytics.py", line 652, in on_member_update
    before_timeout = before.timed_out_until
                     ^^^^^^^^^^^^^^^^^^^^^^
AttributeError: 'Member' object has no attribute 'timed_out_until'
Ignoring exception in on_member_update
Traceback (most recent call last):
  File "/usr/local/lib/python3.12/site-packages/discord/client.py", line 465, in _run_event
    await coro(*args, **kwargs)
  File "/app/asu_discord/cogs/analytics.py", line 652, in on_member_update
    before_timeout = before.timed_out_until
                     ^^^^^^^^^^^^^^^^^^^^^^
AttributeError: 'Member' object has no attribute 'timed_out_until'
INFO:asu_discord.cogs.verification:Saved 4 roles to database for user jwweeks1 (Discord ID: 981045520619434005)
INFO:asu_discord.cogs.verification:Refreshed Salesforce roles for Discord user 981045520619434005: -4/+4 roles, assigned=[First Year, Out of State, Tempe, W.P. Carey School of Business]
Ignoring exception in on_member_update
Traceback (most recent call last):
  File "/usr/local/lib/python3.12/site-packages/discord/client.py", line 465, in _run_event
    await coro(*args, **kwargs)
  File "/app/asu_discord/cogs/analytics.py", line 652, in on_member_update
    before_timeout = before.timed_out_until
                     ^^^^^^^^^^^^^^^^^^^^^^
AttributeError: 'Member' object has no attribute 'timed_out_until'
Ignoring exception in on_member_update
Traceback (most recent call last):
  File "/usr/local/lib/python3.12/site-packages/discord/client.py", line 465, in _run_event
    await coro(*args, **kwargs)
  File "/app/asu_discord/cogs/analytics.py", line 652, in on_member_update
    before_timeout = before.timed_out_until
                     ^^^^^^^^^^^^^^^^^^^^^^
AttributeError: 'Member' object has no attribute 'timed_out_until'
Ignoring exception in on_member_update
Traceback (most recent call last):
  File "/usr/local/lib/python3.12/site-packages/discord/client.py", line 465, in _run_event
    await coro(*args, **kwargs)
  File "/app/asu_discord/cogs/analytics.py", line 652, in on_member_update
    before_timeout = before.timed_out_until
                     ^^^^^^^^^^^^^^^^^^^^^^
AttributeError: 'Member' object has no attribute 'timed_out_until'
Ignoring exception in on_member_update
Traceback (most recent call last):
  File "/usr/local/lib/python3.12/site-packages/discord/client.py", line 465, in _run_event
    await coro(*args, **kwargs)
  File "/app/asu_discord/cogs/analytics.py", line 652, in on_member_update
    before_timeout = before.timed_out_until
                     ^^^^^^^^^^^^^^^^^^^^^^
AttributeError: 'Member' object has no attribute 'timed_out_until'
Ignoring exception in on_member_update
Traceback (most recent call last):
  File "/usr/local/lib/python3.12/site-packages/discord/client.py", line 465, in _run_event
    await coro(*args, **kwargs)
  File "/app/asu_discord/cogs/analytics.py", line 652, in on_member_update
    before_timeout = before.timed_out_until
                     ^^^^^^^^^^^^^^^^^^^^^^
AttributeError: 'Member' object has no attribute 'timed_out_until'
Ignoring exception in on_member_update
Traceback (most recent call last):
  File "/usr/local/lib/python3.12/site-packages/discord/client.py", line 465, in _run_event
    await coro(*args, **kwargs)
  File "/app/asu_discord/cogs/analytics.py", line 652, in on_member_update
    before_timeout = before.timed_out_until
                     ^^^^^^^^^^^^^^^^^^^^^^
AttributeError: 'Member' object has no attribute 'timed_out_until'
Ignoring exception in on_member_update
Traceback (most recent call last):
  File "/usr/local/lib/python3.12/site-packages/discord/client.py", line 465, in _run_event
    await coro(*args, **kwargs)
  File "/app/asu_discord/cogs/analytics.py", line 652, in on_member_update
    before_timeout = before.timed_out_until
                     ^^^^^^^^^^^^^^^^^^^^^^
AttributeError: 'Member' object has no attribute 'timed_out_until'
Ignoring exception in on_member_update
Traceback (most recent call last):
  File "/usr/local/lib/python3.12/site-packages/discord/client.py", line 465, in _run_event
    await coro(*args, **kwargs)
  File "/app/asu_discord/cogs/analytics.py", line 652, in on_member_update
    before_timeout = before.timed_out_until
                     ^^^^^^^^^^^^^^^^^^^^^^
AttributeError: 'Member' object has no attribute 'timed_out_until'
Ignoring exception in on_member_update
Traceback (most recent call last):
  File "/usr/local/lib/python3.12/site-packages/discord/client.py", line 465, in _run_event
    await coro(*args, **kwargs)
  File "/app/asu_discord/cogs/analytics.py", line 652, in on_member_update
    before_timeout = before.timed_out_until
                     ^^^^^^^^^^^^^^^^^^^^^^
AttributeError: 'Member' object has no attribute 'timed_out_until'
Ignoring exception in on_member_update
Traceback (most recent call last):
  File "/usr/local/lib/python3.12/site-packages/discord/client.py", line 465, in _run_event
    await coro(*args, **kwargs)
  File "/app/asu_discord/cogs/analytics.py", line 652, in on_member_update
    before_timeout = before.timed_out_until
                     ^^^^^^^^^^^^^^^^^^^^^^
AttributeError: 'Member' object has no attribute 'timed_out_until'
Ignoring exception in on_member_update
Traceback (most recent call last):
  File "/usr/local/lib/python3.12/site-packages/discord/client.py", line 465, in _run_event
    await coro(*args, **kwargs)
  File "/app/asu_discord/cogs/analytics.py", line 652, in on_member_update
    before_timeout = before.timed_out_until
                     ^^^^^^^^^^^^^^^^^^^^^^
AttributeError: 'Member' object has no attribute 'timed_out_until'
Ignoring exception in on_member_update
Traceback (most recent call last):
  File "/usr/local/lib/python3.12/site-packages/discord/client.py", line 465, in _run_event
    await coro(*args, **kwargs)
  File "/app/asu_discord/cogs/analytics.py", line 652, in on_member_update
    before_timeout = before.timed_out_until
                     ^^^^^^^^^^^^^^^^^^^^^^
AttributeError: 'Member' object has no attribute 'timed_out_until'
INFO:asu_discord.cogs.verification:Saved 6 roles to database for user catoney (Discord ID: 1462916231307722956)
INFO:asu_discord.cogs.verification:Refreshed Salesforce roles for Discord user 1462916231307722956: -6/+6 roles, assigned=[Commited, Downtown Phoenix, Edson College of Nursing and Health Innovation, First Generation Student, First Year, Out of State]
Ignoring exception in on_member_update
Traceback (most recent call last):
  File "/usr/local/lib/python3.12/site-packages/discord/client.py", line 465, in _run_event
    await coro(*args, **kwargs)
  File "/app/asu_discord/cogs/analytics.py", line 652, in on_member_update
    before_timeout = before.timed_out_until
                     ^^^^^^^^^^^^^^^^^^^^^^
AttributeError: 'Member' object has no attribute 'timed_out_until'
Ignoring exception in on_member_update
Traceback (most recent call last):
  File "/usr/local/lib/python3.12/site-packages/discord/client.py", line 465, in _run_event
    await coro(*args, **kwargs)
  File "/app/asu_discord/cogs/analytics.py", line 652, in on_member_update
    before_timeout = before.timed_out_until
                     ^^^^^^^^^^^^^^^^^^^^^^
AttributeError: 'Member' object has no attribute 'timed_out_until'
Ignoring exception in on_member_update
Traceback (most recent call last):
  File "/usr/local/lib/python3.12/site-packages/discord/client.py", line 465, in _run_event
    await coro(*args, **kwargs)
  File "/app/asu_discord/cogs/analytics.py", line 652, in on_member_update
    before_timeout = before.timed_out_until
                     ^^^^^^^^^^^^^^^^^^^^^^
AttributeError: 'Member' object has no attribute 'timed_out_until'
Ignoring exception in on_member_update
Traceback (most recent call last):
  File "/usr/local/lib/python3.12/site-packages/discord/client.py", line 465, in _run_event
    await coro(*args, **kwargs)
  File "/app/asu_discord/cogs/analytics.py", line 652, in on_member_update
    before_timeout = before.timed_out_until
                     ^^^^^^^^^^^^^^^^^^^^^^
AttributeError: 'Member' object has no attribute 'timed_out_until'
Ignoring exception in on_member_update
Traceback (most recent call last):
  File "/usr/local/lib/python3.12/site-packages/discord/client.py", line 465, in _run_event
    await coro(*args, **kwargs)
  File "/app/asu_discord/cogs/analytics.py", line 652, in on_member_update
    before_timeout = before.timed_out_until
                     ^^^^^^^^^^^^^^^^^^^^^^
AttributeError: 'Member' object has no attribute 'timed_out_until'
Ignoring exception in on_member_update
Traceback (most recent call last):
  File "/usr/local/lib/python3.12/site-packages/discord/client.py", line 465, in _run_event
    await coro(*args, **kwargs)
  File "/app/asu_discord/cogs/analytics.py", line 652, in on_member_update
    before_timeout = before.timed_out_until
                     ^^^^^^^^^^^^^^^^^^^^^^
AttributeError: 'Member' object has no attribute 'timed_out_until'
Ignoring exception in on_member_update
Traceback (most recent call last):
  File "/usr/local/lib/python3.12/site-packages/discord/client.py", line 465, in _run_event
    await coro(*args, **kwargs)
  File "/app/asu_discord/cogs/analytics.py", line 652, in on_member_update
    before_timeout = before.timed_out_until
                     ^^^^^^^^^^^^^^^^^^^^^^
AttributeError: 'Member' object has no attribute 'timed_out_until'
Ignoring exception in on_member_update
Traceback (most recent call last):
  File "/usr/local/lib/python3.12/site-packages/discord/client.py", line 465, in _run_event
    await coro(*args, **kwargs)
  File "/app/asu_discord/cogs/analytics.py", line 652, in on_member_update
    before_timeout = before.timed_out_until
                     ^^^^^^^^^^^^^^^^^^^^^^
AttributeError: 'Member' object has no attribute 'timed_out_until'
Ignoring exception in on_member_update
Traceback (most recent call last):
  File "/usr/local/lib/python3.12/site-packages/discord/client.py", line 465, in _run_event
    await coro(*args, **kwargs)
  File "/app/asu_discord/cogs/analytics.py", line 652, in on_member_update
    before_timeout = before.timed_out_until
                     ^^^^^^^^^^^^^^^^^^^^^^
AttributeError: 'Member' object has no attribute 'timed_out_until'
Ignoring exception in on_member_update
Traceback (most recent call last):
  File "/usr/local/lib/python3.12/site-packages/discord/client.py", line 465, in _run_event
    await coro(*args, **kwargs)
  File "/app/asu_discord/cogs/analytics.py", line 652, in on_member_update
    before_timeout = before.timed_out_until
                     ^^^^^^^^^^^^^^^^^^^^^^
AttributeError: 'Member' object has no attribute 'timed_out_until'
INFO:asu_discord.cogs.verification:Saved 5 roles to database for user asagarw6 (Discord ID: 1254638410728214591)
INFO:asu_discord.cogs.verification:Refreshed Salesforce roles for Discord user 1254638410728214591: -5/+5 roles, assigned=[Commited, Downtown Phoenix, First Year, Out of State, Walter Cronkite School of Journalism and Mass Communication]
Ignoring exception in on_member_update
Traceback (most recent call last):
  File "/usr/local/lib/python3.12/site-packages/discord/client.py", line 465, in _run_event
    await coro(*args, **kwargs)
  File "/app/asu_discord/cogs/analytics.py", line 652, in on_member_update
    before_timeout = before.timed_out_until
                     ^^^^^^^^^^^^^^^^^^^^^^
AttributeError: 'Member' object has no attribute 'timed_out_until'
Ignoring exception in on_member_update
Traceback (most recent call last):
  File "/usr/local/lib/python3.12/site-packages/discord/client.py", line 465, in _run_event
    await coro(*args, **kwargs)
  File "/app/asu_discord/cogs/analytics.py", line 652, in on_member_update
    before_timeout = before.timed_out_until
                     ^^^^^^^^^^^^^^^^^^^^^^
AttributeError: 'Member' object has no attribute 'timed_out_until'
Ignoring exception in on_member_update
Traceback (most recent call last):
  File "/usr/local/lib/python3.12/site-packages/discord/client.py", line 465, in _run_event
    await coro(*args, **kwargs)
  File "/app/asu_discord/cogs/analytics.py", line 652, in on_member_update
    before_timeout = before.timed_out_until
                     ^^^^^^^^^^^^^^^^^^^^^^
AttributeError: 'Member' object has no attribute 'timed_out_until'
Ignoring exception in on_member_update
Traceback (most recent call last):
  File "/usr/local/lib/python3.12/site-packages/discord/client.py", line 465, in _run_event
    await coro(*args, **kwargs)
  File "/app/asu_discord/cogs/analytics.py", line 652, in on_member_update
    before_timeout = before.timed_out_until
                     ^^^^^^^^^^^^^^^^^^^^^^
AttributeError: 'Member' object has no attribute 'timed_out_until'
Ignoring exception in on_member_update
Traceback (most recent call last):
  File "/usr/local/lib/python3.12/site-packages/discord/client.py", line 465, in _run_event
    await coro(*args, **kwargs)
  File "/app/asu_discord/cogs/analytics.py", line 652, in on_member_update
    before_timeout = before.timed_out_until
                     ^^^^^^^^^^^^^^^^^^^^^^
AttributeError: 'Member' object has no attribute 'timed_out_until'
Ignoring exception in on_member_update
Traceback (most recent call last):
  File "/usr/local/lib/python3.12/site-packages/discord/client.py", line 465, in _run_event
    await coro(*args, **kwargs)
  File "/app/asu_discord/cogs/analytics.py", line 652, in on_member_update
    before_timeout = before.timed_out_until
                     ^^^^^^^^^^^^^^^^^^^^^^
AttributeError: 'Member' object has no attribute 'timed_out_until'
Ignoring exception in on_member_update
Traceback (most recent call last):
  File "/usr/local/lib/python3.12/site-packages/discord/client.py", line 465, in _run_event
    await coro(*args, **kwargs)
  File "/app/asu_discord/cogs/analytics.py", line 652, in on_member_update
    before_timeout = before.timed_out_until
                     ^^^^^^^^^^^^^^^^^^^^^^
AttributeError: 'Member' object has no attribute 'timed_out_until'
Ignoring exception in on_member_update
Traceback (most recent call last):
  File "/usr/local/lib/python3.12/site-packages/discord/client.py", line 465, in _run_event
    await coro(*args, **kwargs)
  File "/app/asu_discord/cogs/analytics.py", line 652, in on_member_update
    before_timeout = before.timed_out_until
                     ^^^^^^^^^^^^^^^^^^^^^^
AttributeError: 'Member' object has no attribute 'timed_out_until'
Ignoring exception in on_member_update
Traceback (most recent call last):
  File "/usr/local/lib/python3.12/site-packages/discord/client.py", line 465, in _run_event
    await coro(*args, **kwargs)
  File "/app/asu_discord/cogs/analytics.py", line 652, in on_member_update
    before_timeout = before.timed_out_until
                     ^^^^^^^^^^^^^^^^^^^^^^
AttributeError: 'Member' object has no attribute 'timed_out_until'
INFO:asu_discord.cogs.verification:Saved 5 roles to database for user snbrow27 (Discord ID: 824418665410854923)
INFO:asu_discord.cogs.verification:Refreshed Salesforce roles for Discord user 824418665410854923: -4/+5 roles, assigned=[Arizona Resident, College of Liberal Arts and Sciences, Commited, First Year, Tempe]
Ignoring exception in on_member_update
Traceback (most recent call last):
  File "/usr/local/lib/python3.12/site-packages/discord/client.py", line 465, in _run_event
    await coro(*args, **kwargs)
  File "/app/asu_discord/cogs/analytics.py", line 652, in on_member_update
    before_timeout = before.timed_out_until
                     ^^^^^^^^^^^^^^^^^^^^^^
AttributeError: 'Member' object has no attribute 'timed_out_until'
Ignoring exception in on_member_update
Traceback (most recent call last):
  File "/usr/local/lib/python3.12/site-packages/discord/client.py", line 465, in _run_event
    await coro(*args, **kwargs)
  File "/app/asu_discord/cogs/analytics.py", line 652, in on_member_update
    before_timeout = before.timed_out_until
                     ^^^^^^^^^^^^^^^^^^^^^^
AttributeError: 'Member' object has no attribute 'timed_out_until'
INFO:asu_discord.cogs.verification:Saved 1 roles to database for user epjosep1 (Discord ID: 1388201807343255664)
INFO:asu_discord.cogs.verification:Refreshed Salesforce roles for Discord user 1388201807343255664: -1/+1 roles, assigned=[Out of State]
Ignoring exception in on_member_update
Traceback (most recent call last):
  File "/usr/local/lib/python3.12/site-packages/discord/client.py", line 465, in _run_event
    await coro(*args, **kwargs)
  File "/app/asu_discord/cogs/analytics.py", line 652, in on_member_update
    before_timeout = before.timed_out_until
                     ^^^^^^^^^^^^^^^^^^^^^^
AttributeError: 'Member' object has no attribute 'timed_out_until'
Ignoring exception in on_member_update
Traceback (most recent call last):
  File "/usr/local/lib/python3.12/site-packages/discord/client.py", line 465, in _run_event
    await coro(*args, **kwargs)
  File "/app/asu_discord/cogs/analytics.py", line 652, in on_member_update
    before_timeout = before.timed_out_until
                     ^^^^^^^^^^^^^^^^^^^^^^
AttributeError: 'Member' object has no attribute 'timed_out_until'
Ignoring exception in on_member_update
Traceback (most recent call last):
  File "/usr/local/lib/python3.12/site-packages/discord/client.py", line 465, in _run_event
    await coro(*args, **kwargs)
  File "/app/asu_discord/cogs/analytics.py", line 652, in on_member_update
    before_timeout = before.timed_out_until
                     ^^^^^^^^^^^^^^^^^^^^^^
AttributeError: 'Member' object has no attribute 'timed_out_until'
Ignoring exception in on_member_update
Traceback (most recent call last):
  File "/usr/local/lib/python3.12/site-packages/discord/client.py", line 465, in _run_event
    await coro(*args, **kwargs)
  File "/app/asu_discord/cogs/analytics.py", line 652, in on_member_update
    before_timeout = before.timed_out_until
                     ^^^^^^^^^^^^^^^^^^^^^^
AttributeError: 'Member' object has no attribute 'timed_out_until'
Ignoring exception in on_member_update
Traceback (most recent call last):
  File "/usr/local/lib/python3.12/site-packages/discord/client.py", line 465, in _run_event
    await coro(*args, **kwargs)
  File "/app/asu_discord/cogs/analytics.py", line 652, in on_member_update
    before_timeout = before.timed_out_until
                     ^^^^^^^^^^^^^^^^^^^^^^
AttributeError: 'Member' object has no attribute 'timed_out_until'
Ignoring exception in on_member_update
Traceback (most recent call last):
  File "/usr/local/lib/python3.12/site-packages/discord/client.py", line 465, in _run_event
    await coro(*args, **kwargs)
  File "/app/asu_discord/cogs/analytics.py", line 652, in on_member_update
    before_timeout = before.timed_out_until
                     ^^^^^^^^^^^^^^^^^^^^^^
AttributeError: 'Member' object has no attribute 'timed_out_until'
Ignoring exception in on_member_update
Traceback (most recent call last):
  File "/usr/local/lib/python3.12/site-packages/discord/client.py", line 465, in _run_event
    await coro(*args, **kwargs)
  File "/app/asu_discord/cogs/analytics.py", line 652, in on_member_update
    before_timeout = before.timed_out_until
                     ^^^^^^^^^^^^^^^^^^^^^^
AttributeError: 'Member' object has no attribute 'timed_out_until'
Ignoring exception in on_member_update
Traceback (most recent call last):
  File "/usr/local/lib/python3.12/site-packages/discord/client.py", line 465, in _run_event
    await coro(*args, **kwargs)
  File "/app/asu_discord/cogs/analytics.py", line 652, in on_member_update
    before_timeout = before.timed_out_until
                     ^^^^^^^^^^^^^^^^^^^^^^
AttributeError: 'Member' object has no attribute 'timed_out_until'
Ignoring exception in on_member_update
Traceback (most recent call last):
  File "/usr/local/lib/python3.12/site-packages/discord/client.py", line 465, in _run_event
    await coro(*args, **kwargs)
  File "/app/asu_discord/cogs/analytics.py", line 652, in on_member_update
    before_timeout = before.timed_out_until
                     ^^^^^^^^^^^^^^^^^^^^^^
AttributeError: 'Member' object has no attribute 'timed_out_until'
Ignoring exception in on_member_update
Traceback (most recent call last):
  File "/usr/local/lib/python3.12/site-packages/discord/client.py", line 465, in _run_event
    await coro(*args, **kwargs)
  File "/app/asu_discord/cogs/analytics.py", line 652, in on_member_update
    before_timeout = before.timed_out_until
                     ^^^^^^^^^^^^^^^^^^^^^^
AttributeError: 'Member' object has no attribute 'timed_out_until'
Ignoring exception in on_member_update
Traceback (most recent call last):
  File "/usr/local/lib/python3.12/site-packages/discord/client.py", line 465, in _run_event
    await coro(*args, **kwargs)
  File "/app/asu_discord/cogs/analytics.py", line 652, in on_member_update
    before_timeout = before.timed_out_until
                     ^^^^^^^^^^^^^^^^^^^^^^
AttributeError: 'Member' object has no attribute 'timed_out_until'
Ignoring exception in on_member_update
Traceback (most recent call last):
  File "/usr/local/lib/python3.12/site-packages/discord/client.py", line 465, in _run_event
    await coro(*args, **kwargs)
  File "/app/asu_discord/cogs/analytics.py", line 652, in on_member_update
    before_timeout = before.timed_out_until
                     ^^^^^^^^^^^^^^^^^^^^^^
AttributeError: 'Member' object has no attribute 'timed_out_until'
INFO:asu_discord.cogs.verification:Saved 6 roles to database for user bmtrini1 (Discord ID: 1468670383661125713)
INFO:asu_discord.cogs.verification:Refreshed Salesforce roles for Discord user 1468670383661125713: -6/+6 roles, assigned=[College of Integrative Sciences and Arts, Commited, First Generation Student, First Year, Out of State, Polytechnic]
Ignoring exception in on_member_update
Traceback (most recent call last):
  File "/usr/local/lib/python3.12/site-packages/discord/client.py", line 465, in _run_event
    await coro(*args, **kwargs)
  File "/app/asu_discord/cogs/analytics.py", line 652, in on_member_update
    before_timeout = before.timed_out_until
                     ^^^^^^^^^^^^^^^^^^^^^^
AttributeError: 'Member' object has no attribute 'timed_out_until'
Ignoring exception in on_member_update
Traceback (most recent call last):
  File "/usr/local/lib/python3.12/site-packages/discord/client.py", line 465, in _run_event
    await coro(*args, **kwargs)
  File "/app/asu_discord/cogs/analytics.py", line 652, in on_member_update
    before_timeout = before.timed_out_until
                     ^^^^^^^^^^^^^^^^^^^^^^
AttributeError: 'Member' object has no attribute 'timed_out_until'
Ignoring exception in on_member_update
Traceback (most recent call last):
  File "/usr/local/lib/python3.12/site-packages/discord/client.py", line 465, in _run_event
    await coro(*args, **kwargs)
  File "/app/asu_discord/cogs/analytics.py", line 652, in on_member_update
    before_timeout = before.timed_out_until
                     ^^^^^^^^^^^^^^^^^^^^^^
AttributeError: 'Member' object has no attribute 'timed_out_until'
Ignoring exception in on_member_update
Traceback (most recent call last):
  File "/usr/local/lib/python3.12/site-packages/discord/client.py", line 465, in _run_event
    await coro(*args, **kwargs)
  File "/app/asu_discord/cogs/analytics.py", line 652, in on_member_update
    before_timeout = before.timed_out_until
                     ^^^^^^^^^^^^^^^^^^^^^^
AttributeError: 'Member' object has no attribute 'timed_out_until'
Ignoring exception in on_member_update
Traceback (most recent call last):
  File "/usr/local/lib/python3.12/site-packages/discord/client.py", line 465, in _run_event
    await coro(*args, **kwargs)
  File "/app/asu_discord/cogs/analytics.py", line 652, in on_member_update
    before_timeout = before.timed_out_until
                     ^^^^^^^^^^^^^^^^^^^^^^
AttributeError: 'Member' object has no attribute 'timed_out_until'
Ignoring exception in on_member_update
Traceback (most recent call last):
  File "/usr/local/lib/python3.12/site-packages/discord/client.py", line 465, in _run_event
    await coro(*args, **kwargs)
  File "/app/asu_discord/cogs/analytics.py", line 652, in on_member_update
    before_timeout = before.timed_out_until
                     ^^^^^^^^^^^^^^^^^^^^^^
AttributeError: 'Member' object has no attribute 'timed_out_until'
Ignoring exception in on_member_update
Traceback (most recent call last):
  File "/usr/local/lib/python3.12/site-packages/discord/client.py", line 465, in _run_event
    await coro(*args, **kwargs)
  File "/app/asu_discord/cogs/analytics.py", line 652, in on_member_update
    before_timeout = before.timed_out_until
                     ^^^^^^^^^^^^^^^^^^^^^^
AttributeError: 'Member' object has no attribute 'timed_out_until'
Ignoring exception in on_member_update
Traceback (most recent call last):
  File "/usr/local/lib/python3.12/site-packages/discord/client.py", line 465, in _run_event
    await coro(*args, **kwargs)
  File "/app/asu_discord/cogs/analytics.py", line 652, in on_member_update
    before_timeout = before.timed_out_until
                     ^^^^^^^^^^^^^^^^^^^^^^
AttributeError: 'Member' object has no attribute 'timed_out_until'
Ignoring exception in on_member_update
Traceback (most recent call last):
  File "/usr/local/lib/python3.12/site-packages/discord/client.py", line 465, in _run_event
    await coro(*args, **kwargs)
  File "/app/asu_discord/cogs/analytics.py", line 652, in on_member_update
    before_timeout = before.timed_out_until
                     ^^^^^^^^^^^^^^^^^^^^^^
AttributeError: 'Member' object has no attribute 'timed_out_until'
Ignoring exception in on_member_update
Traceback (most recent call last):
  File "/usr/local/lib/python3.12/site-packages/discord/client.py", line 465, in _run_event
    await coro(*args, **kwargs)
  File "/app/asu_discord/cogs/analytics.py", line 652, in on_member_update
    before_timeout = before.timed_out_until
                     ^^^^^^^^^^^^^^^^^^^^^^
AttributeError: 'Member' object has no attribute 'timed_out_until'
INFO:asu_discord.cogs.verification:Saved 5 roles to database for user meprinc3 (Discord ID: 287427405641940994)
INFO:asu_discord.cogs.verification:Refreshed Salesforce roles for Discord user 287427405641940994: -5/+5 roles, assigned=[Online, Out of State, Transfer Student, Upperclassmen, W.P. Carey School of Business]
Ignoring exception in on_member_update
Traceback (most recent call last):
  File "/usr/local/lib/python3.12/site-packages/discord/client.py", line 465, in _run_event
    await coro(*args, **kwargs)
  File "/app/asu_discord/cogs/analytics.py", line 652, in on_member_update
    before_timeout = before.timed_out_until
                     ^^^^^^^^^^^^^^^^^^^^^^
AttributeError: 'Member' object has no attribute 'timed_out_until'
Ignoring exception in on_member_update
Traceback (most recent call last):
  File "/usr/local/lib/python3.12/site-packages/discord/client.py", line 465, in _run_event
    await coro(*args, **kwargs)
  File "/app/asu_discord/cogs/analytics.py", line 652, in on_member_update
    before_timeout = before.timed_out_until
                     ^^^^^^^^^^^^^^^^^^^^^^
AttributeError: 'Member' object has no attribute 'timed_out_until'
INFO:asu_discord.cogs.verification:Saved 1 roles to database for user blcorric (Discord ID: 1469139939257094206)
INFO:asu_discord.cogs.verification:Refreshed Salesforce roles for Discord user 1469139939257094206: -1/+1 roles, assigned=[Out of State]
Ignoring exception in on_member_update
Traceback (most recent call last):
  File "/usr/local/lib/python3.12/site-packages/discord/client.py", line 465, in _run_event
    await coro(*args, **kwargs)
  File "/app/asu_discord/cogs/analytics.py", line 652, in on_member_update
    before_timeout = before.timed_out_until
                     ^^^^^^^^^^^^^^^^^^^^^^
AttributeError: 'Member' object has no attribute 'timed_out_until'
Ignoring exception in on_member_update
Traceback (most recent call last):
  File "/usr/local/lib/python3.12/site-packages/discord/client.py", line 465, in _run_event
    await coro(*args, **kwargs)
  File "/app/asu_discord/cogs/analytics.py", line 652, in on_member_update
    before_timeout = before.timed_out_until
                     ^^^^^^^^^^^^^^^^^^^^^^
AttributeError: 'Member' object has no attribute 'timed_out_until'
Ignoring exception in on_member_update
Traceback (most recent call last):
  File "/usr/local/lib/python3.12/site-packages/discord/client.py", line 465, in _run_event
    await coro(*args, **kwargs)
  File "/app/asu_discord/cogs/analytics.py", line 652, in on_member_update
    before_timeout = before.timed_out_until
                     ^^^^^^^^^^^^^^^^^^^^^^
AttributeError: 'Member' object has no attribute 'timed_out_until'
Ignoring exception in on_member_update
Traceback (most recent call last):
  File "/usr/local/lib/python3.12/site-packages/discord/client.py", line 465, in _run_event
    await coro(*args, **kwargs)
  File "/app/asu_discord/cogs/analytics.py", line 652, in on_member_update
    before_timeout = before.timed_out_until
                     ^^^^^^^^^^^^^^^^^^^^^^
AttributeError: 'Member' object has no attribute 'timed_out_until'
Ignoring exception in on_member_update
Traceback (most recent call last):
  File "/usr/local/lib/python3.12/site-packages/discord/client.py", line 465, in _run_event
    await coro(*args, **kwargs)
  File "/app/asu_discord/cogs/analytics.py", line 652, in on_member_update
    before_timeout = before.timed_out_until
                     ^^^^^^^^^^^^^^^^^^^^^^
AttributeError: 'Member' object has no attribute 'timed_out_until'
Ignoring exception in on_member_update
Traceback (most recent call last):
  File "/usr/local/lib/python3.12/site-packages/discord/client.py", line 465, in _run_event
    await coro(*args, **kwargs)
  File "/app/asu_discord/cogs/analytics.py", line 652, in on_member_update
    before_timeout = before.timed_out_until
                     ^^^^^^^^^^^^^^^^^^^^^^
AttributeError: 'Member' object has no attribute 'timed_out_until'
Ignoring exception in on_member_update
Traceback (most recent call last):
  File "/usr/local/lib/python3.12/site-packages/discord/client.py", line 465, in _run_event
    await coro(*args, **kwargs)
  File "/app/asu_discord/cogs/analytics.py", line 652, in on_member_update
    before_timeout = before.timed_out_until
                     ^^^^^^^^^^^^^^^^^^^^^^
AttributeError: 'Member' object has no attribute 'timed_out_until'
Ignoring exception in on_member_update
Traceback (most recent call last):
  File "/usr/local/lib/python3.12/site-packages/discord/client.py", line 465, in _run_event
    await coro(*args, **kwargs)
  File "/app/asu_discord/cogs/analytics.py", line 652, in on_member_update
    before_timeout = before.timed_out_until
                     ^^^^^^^^^^^^^^^^^^^^^^
AttributeError: 'Member' object has no attribute 'timed_out_until'
Ignoring exception in on_member_update
Traceback (most recent call last):
  File "/usr/local/lib/python3.12/site-packages/discord/client.py", line 465, in _run_event
    await coro(*args, **kwargs)
  File "/app/asu_discord/cogs/analytics.py", line 652, in on_member_update
    before_timeout = before.timed_out_until
                     ^^^^^^^^^^^^^^^^^^^^^^
AttributeError: 'Member' object has no attribute 'timed_out_until'
Ignoring exception in on_member_update
Traceback (most recent call last):
  File "/usr/local/lib/python3.12/site-packages/discord/client.py", line 465, in _run_event
    await coro(*args, **kwargs)
  File "/app/asu_discord/cogs/analytics.py", line 652, in on_member_update
    before_timeout = before.timed_out_until
                     ^^^^^^^^^^^^^^^^^^^^^^
AttributeError: 'Member' object has no attribute 'timed_out_until'
INFO:asu_discord.cogs.verification:Saved 5 roles to database for user soniles (Discord ID: 1469139365795070168)
INFO:asu_discord.cogs.verification:Refreshed Salesforce roles for Discord user 1469139365795070168: -5/+5 roles, assigned=[Commited, First Year, Ira A. Fulton Schools of Engineering, Out of State, Tempe]
ERROR:cron.jobs:refresh_salesforce_roles: failed for kaholme4 (Discord ID 830664883330220042): Failed to refresh Salesforce-based roles: Discord user 830664883330220042 is not a member of the guild
Ignoring exception in on_member_update
Traceback (most recent call last):
  File "/usr/local/lib/python3.12/site-packages/discord/client.py", line 465, in _run_event
    await coro(*args, **kwargs)
  File "/app/asu_discord/cogs/analytics.py", line 652, in on_member_update
    before_timeout = before.timed_out_until
                     ^^^^^^^^^^^^^^^^^^^^^^
AttributeError: 'Member' object has no attribute 'timed_out_until'
Ignoring exception in on_member_update
Traceback (most recent call last):
  File "/usr/local/lib/python3.12/site-packages/discord/client.py", line 465, in _run_event
    await coro(*args, **kwargs)
  File "/app/asu_discord/cogs/analytics.py", line 652, in on_member_update
    before_timeout = before.timed_out_until
                     ^^^^^^^^^^^^^^^^^^^^^^
AttributeError: 'Member' object has no attribute 'timed_out_until'
Ignoring exception in on_member_update
Traceback (most recent call last):
  File "/usr/local/lib/python3.12/site-packages/discord/client.py", line 465, in _run_event
    await coro(*args, **kwargs)
  File "/app/asu_discord/cogs/analytics.py", line 652, in on_member_update
    before_timeout = before.timed_out_until
                     ^^^^^^^^^^^^^^^^^^^^^^
AttributeError: 'Member' object has no attribute 'timed_out_until'
Ignoring exception in on_member_update
Traceback (most recent call last):
  File "/usr/local/lib/python3.12/site-packages/discord/client.py", line 465, in _run_event
    await coro(*args, **kwargs)
  File "/app/asu_discord/cogs/analytics.py", line 652, in on_member_update
    before_timeout = before.timed_out_until
                     ^^^^^^^^^^^^^^^^^^^^^^
AttributeError: 'Member' object has no attribute 'timed_out_until'
Ignoring exception in on_member_update
Traceback (most recent call last):
  File "/usr/local/lib/python3.12/site-packages/discord/client.py", line 465, in _run_event
    await coro(*args, **kwargs)
  File "/app/asu_discord/cogs/analytics.py", line 652, in on_member_update
    before_timeout = before.timed_out_until
                     ^^^^^^^^^^^^^^^^^^^^^^
AttributeError: 'Member' object has no attribute 'timed_out_until'
Ignoring exception in on_member_update
Traceback (most recent call last):
  File "/usr/local/lib/python3.12/site-packages/discord/client.py", line 465, in _run_event
    await coro(*args, **kwargs)
  File "/app/asu_discord/cogs/analytics.py", line 652, in on_member_update
    before_timeout = before.timed_out_until
                     ^^^^^^^^^^^^^^^^^^^^^^
AttributeError: 'Member' object has no attribute 'timed_out_until'
Ignoring exception in on_member_update
Traceback (most recent call last):
  File "/usr/local/lib/python3.12/site-packages/discord/client.py", line 465, in _run_event
    await coro(*args, **kwargs)
  File "/app/asu_discord/cogs/analytics.py", line 652, in on_member_update
    before_timeout = before.timed_out_until
                     ^^^^^^^^^^^^^^^^^^^^^^
AttributeError: 'Member' object has no attribute 'timed_out_until'
Ignoring exception in on_member_update
Traceback (most recent call last):
  File "/usr/local/lib/python3.12/site-packages/discord/client.py", line 465, in _run_event
    await coro(*args, **kwargs)
  File "/app/asu_discord/cogs/analytics.py", line 652, in on_member_update
    before_timeout = before.timed_out_until
                     ^^^^^^^^^^^^^^^^^^^^^^
AttributeError: 'Member' object has no attribute 'timed_out_until'
INFO:asu_discord.cogs.verification:Saved 4 roles to database for user sestanf1 (Discord ID: 826650706822955038)
INFO:asu_discord.cogs.verification:Refreshed Salesforce roles for Discord user 826650706822955038: -4/+4 roles, assigned=[Arizona Resident, Downtown Phoenix, Edson College of Nursing and Health Innovation, First Year]
ERROR:cron.jobs:refresh_salesforce_roles: failed for memccal3 (Discord ID 789530764151881729): Failed to refresh Salesforce-based roles: Discord user 789530764151881729 is not a member of the guild
Ignoring exception in on_member_update
Traceback (most recent call last):
  File "/usr/local/lib/python3.12/site-packages/discord/client.py", line 465, in _run_event
    await coro(*args, **kwargs)
  File "/app/asu_discord/cogs/analytics.py", line 652, in on_member_update
    before_timeout = before.timed_out_until
                     ^^^^^^^^^^^^^^^^^^^^^^
AttributeError: 'Member' object has no attribute 'timed_out_until'
Ignoring exception in on_member_update
Traceback (most recent call last):
  File "/usr/local/lib/python3.12/site-packages/discord/client.py", line 465, in _run_event
    await coro(*args, **kwargs)
  File "/app/asu_discord/cogs/analytics.py", line 652, in on_member_update
    before_timeout = before.timed_out_until
                     ^^^^^^^^^^^^^^^^^^^^^^
AttributeError: 'Member' object has no attribute 'timed_out_until'
Ignoring exception in on_member_update
Traceback (most recent call last):
  File "/usr/local/lib/python3.12/site-packages/discord/client.py", line 465, in _run_event
    await coro(*args, **kwargs)
  File "/app/asu_discord/cogs/analytics.py", line 652, in on_member_update
    before_timeout = before.timed_out_until
                     ^^^^^^^^^^^^^^^^^^^^^^
AttributeError: 'Member' object has no attribute 'timed_out_until'
Ignoring exception in on_member_update
Traceback (most recent call last):
  File "/usr/local/lib/python3.12/site-packages/discord/client.py", line 465, in _run_event
    await coro(*args, **kwargs)
  File "/app/asu_discord/cogs/analytics.py", line 652, in on_member_update
    before_timeout = before.timed_out_until
                     ^^^^^^^^^^^^^^^^^^^^^^
AttributeError: 'Member' object has no attribute 'timed_out_until'
Ignoring exception in on_member_update
Traceback (most recent call last):
  File "/usr/local/lib/python3.12/site-packages/discord/client.py", line 465, in _run_event
    await coro(*args, **kwargs)
  File "/app/asu_discord/cogs/analytics.py", line 652, in on_member_update
    before_timeout = before.timed_out_until
                     ^^^^^^^^^^^^^^^^^^^^^^
AttributeError: 'Member' object has no attribute 'timed_out_until'
Ignoring exception in on_member_update
Traceback (most recent call last):
  File "/usr/local/lib/python3.12/site-packages/discord/client.py", line 465, in _run_event
    await coro(*args, **kwargs)
  File "/app/asu_discord/cogs/analytics.py", line 652, in on_member_update
    before_timeout = before.timed_out_until
                     ^^^^^^^^^^^^^^^^^^^^^^
AttributeError: 'Member' object has no attribute 'timed_out_until'
Ignoring exception in on_member_update
Traceback (most recent call last):
  File "/usr/local/lib/python3.12/site-packages/discord/client.py", line 465, in _run_event
    await coro(*args, **kwargs)
  File "/app/asu_discord/cogs/analytics.py", line 652, in on_member_update
    before_timeout = before.timed_out_until
                     ^^^^^^^^^^^^^^^^^^^^^^
AttributeError: 'Member' object has no attribute 'timed_out_until'
Ignoring exception in on_member_update
Traceback (most recent call last):
  File "/usr/local/lib/python3.12/site-packages/discord/client.py", line 465, in _run_event
    await coro(*args, **kwargs)
  File "/app/asu_discord/cogs/analytics.py", line 652, in on_member_update
    before_timeout = before.timed_out_until
                     ^^^^^^^^^^^^^^^^^^^^^^
AttributeError: 'Member' object has no attribute 'timed_out_until'
Ignoring exception in on_member_update
Traceback (most recent call last):
  File "/usr/local/lib/python3.12/site-packages/discord/client.py", line 465, in _run_event
    await coro(*args, **kwargs)
  File "/app/asu_discord/cogs/analytics.py", line 652, in on_member_update
    before_timeout = before.timed_out_until
                     ^^^^^^^^^^^^^^^^^^^^^^
AttributeError: 'Member' object has no attribute 'timed_out_until'
Ignoring exception in on_member_update
Traceback (most recent call last):
  File "/usr/local/lib/python3.12/site-packages/discord/client.py", line 465, in _run_event
    await coro(*args, **kwargs)
  File "/app/asu_discord/cogs/analytics.py", line 652, in on_member_update
    before_timeout = before.timed_out_until
                     ^^^^^^^^^^^^^^^^^^^^^^
AttributeError: 'Member' object has no attribute 'timed_out_until'
INFO:asu_discord.cogs.verification:Saved 5 roles to database for user kzhuo (Discord ID: 496018321943035904)
INFO:asu_discord.cogs.verification:Refreshed Salesforce roles for Discord user 496018321943035904: -5/+5 roles, assigned=[Arizona Resident, Commited, Graduate Student, Ira A. Fulton Schools of Engineering, Tempe]
Ignoring exception in on_member_update
Traceback (most recent call last):
  File "/usr/local/lib/python3.12/site-packages/discord/client.py", line 465, in _run_event
    await coro(*args, **kwargs)
  File "/app/asu_discord/cogs/analytics.py", line 652, in on_member_update
    before_timeout = before.timed_out_until
                     ^^^^^^^^^^^^^^^^^^^^^^
AttributeError: 'Member' object has no attribute 'timed_out_until'
INFO:asu_discord.cogs.verification:Saved 1 roles to database for user gowens14 (Discord ID: 1469151010441134122)
INFO:asu_discord.cogs.verification:Refreshed Salesforce roles for Discord user 1469151010441134122: -0/+1 roles, assigned=[Out of State]
Ignoring exception in on_member_update
Traceback (most recent call last):
  File "/usr/local/lib/python3.12/site-packages/discord/client.py", line 465, in _run_event
    await coro(*args, **kwargs)
  File "/app/asu_discord/cogs/analytics.py", line 652, in on_member_update
    before_timeout = before.timed_out_until
                     ^^^^^^^^^^^^^^^^^^^^^^
AttributeError: 'Member' object has no attribute 'timed_out_until'
Ignoring exception in on_member_update
Traceback (most recent call last):
  File "/usr/local/lib/python3.12/site-packages/discord/client.py", line 465, in _run_event
    await coro(*args, **kwargs)
  File "/app/asu_discord/cogs/analytics.py", line 652, in on_member_update
    before_timeout = before.timed_out_until
                     ^^^^^^^^^^^^^^^^^^^^^^
AttributeError: 'Member' object has no attribute 'timed_out_until'
Ignoring exception in on_member_update
Traceback (most recent call last):
  File "/usr/local/lib/python3.12/site-packages/discord/client.py", line 465, in _run_event
    await coro(*args, **kwargs)
  File "/app/asu_discord/cogs/analytics.py", line 652, in on_member_update
    before_timeout = before.timed_out_until
                     ^^^^^^^^^^^^^^^^^^^^^^
AttributeError: 'Member' object has no attribute 'timed_out_until'
Ignoring exception in on_member_update
Traceback (most recent call last):
  File "/usr/local/lib/python3.12/site-packages/discord/client.py", line 465, in _run_event
    await coro(*args, **kwargs)
  File "/app/asu_discord/cogs/analytics.py", line 652, in on_member_update
    before_timeout = before.timed_out_until
                     ^^^^^^^^^^^^^^^^^^^^^^
AttributeError: 'Member' object has no attribute 'timed_out_until'
Ignoring exception in on_member_update
Traceback (most recent call last):
  File "/usr/local/lib/python3.12/site-packages/discord/client.py", line 465, in _run_event
    await coro(*args, **kwargs)
  File "/app/asu_discord/cogs/analytics.py", line 652, in on_member_update
    before_timeout = before.timed_out_until
                     ^^^^^^^^^^^^^^^^^^^^^^
AttributeError: 'Member' object has no attribute 'timed_out_until'
Ignoring exception in on_member_update
Traceback (most recent call last):
  File "/usr/local/lib/python3.12/site-packages/discord/client.py", line 465, in _run_event
    await coro(*args, **kwargs)
  File "/app/asu_discord/cogs/analytics.py", line 652, in on_member_update
    before_timeout = before.timed_out_until
                     ^^^^^^^^^^^^^^^^^^^^^^
AttributeError: 'Member' object has no attribute 'timed_out_until'
Ignoring exception in on_member_update
Traceback (most recent call last):
  File "/usr/local/lib/python3.12/site-packages/discord/client.py", line 465, in _run_event
    await coro(*args, **kwargs)
  File "/app/asu_discord/cogs/analytics.py", line 652, in on_member_update
    before_timeout = before.timed_out_until
                     ^^^^^^^^^^^^^^^^^^^^^^
AttributeError: 'Member' object has no attribute 'timed_out_until'
Ignoring exception in on_member_update
Traceback (most recent call last):
  File "/usr/local/lib/python3.12/site-packages/discord/client.py", line 465, in _run_event
    await coro(*args, **kwargs)
  File "/app/asu_discord/cogs/analytics.py", line 652, in on_member_update
    before_timeout = before.timed_out_until
                     ^^^^^^^^^^^^^^^^^^^^^^
AttributeError: 'Member' object has no attribute 'timed_out_until'
INFO:asu_discord.cogs.verification:Saved 4 roles to database for user sjcrowe1 (Discord ID: 876253095024271370)
INFO:asu_discord.cogs.verification:Refreshed Salesforce roles for Discord user 876253095024271370: -4/+4 roles, assigned=[Arizona Resident, First Year, Herberger Institute for Design and the Arts, LA Center]
ERROR:cron.jobs:refresh_salesforce_roles: failed for ewitowic (Discord ID 1469142415347814422): Failed to refresh Salesforce-based roles: Discord user 1469142415347814422 is not a member of the guild
Ignoring exception in on_member_update
Traceback (most recent call last):
  File "/usr/local/lib/python3.12/site-packages/discord/client.py", line 465, in _run_event
    await coro(*args, **kwargs)
  File "/app/asu_discord/cogs/analytics.py", line 652, in on_member_update
    before_timeout = before.timed_out_until
                     ^^^^^^^^^^^^^^^^^^^^^^
AttributeError: 'Member' object has no attribute 'timed_out_until'
Ignoring exception in on_member_update
Traceback (most recent call last):
  File "/usr/local/lib/python3.12/site-packages/discord/client.py", line 465, in _run_event
    await coro(*args, **kwargs)
  File "/app/asu_discord/cogs/analytics.py", line 652, in on_member_update
    before_timeout = before.timed_out_until
                     ^^^^^^^^^^^^^^^^^^^^^^
AttributeError: 'Member' object has no attribute 'timed_out_until'
Ignoring exception in on_member_update
Traceback (most recent call last):
  File "/usr/local/lib/python3.12/site-packages/discord/client.py", line 465, in _run_event
    await coro(*args, **kwargs)
  File "/app/asu_discord/cogs/analytics.py", line 652, in on_member_update
    before_timeout = before.timed_out_until
                     ^^^^^^^^^^^^^^^^^^^^^^
AttributeError: 'Member' object has no attribute 'timed_out_until'
Ignoring exception in on_member_update
Traceback (most recent call last):
  File "/usr/local/lib/python3.12/site-packages/discord/client.py", line 465, in _run_event
    await coro(*args, **kwargs)
  File "/app/asu_discord/cogs/analytics.py", line 652, in on_member_update
    before_timeout = before.timed_out_until
                     ^^^^^^^^^^^^^^^^^^^^^^
AttributeError: 'Member' object has no attribute 'timed_out_until'
Ignoring exception in on_member_update
Traceback (most recent call last):
  File "/usr/local/lib/python3.12/site-packages/discord/client.py", line 465, in _run_event
    await coro(*args, **kwargs)
  File "/app/asu_discord/cogs/analytics.py", line 652, in on_member_update
    before_timeout = before.timed_out_until
                     ^^^^^^^^^^^^^^^^^^^^^^
AttributeError: 'Member' object has no attribute 'timed_out_until'
Ignoring exception in on_member_update
Traceback (most recent call last):
  File "/usr/local/lib/python3.12/site-packages/discord/client.py", line 465, in _run_event
    await coro(*args, **kwargs)
  File "/app/asu_discord/cogs/analytics.py", line 652, in on_member_update
    before_timeout = before.timed_out_until
                     ^^^^^^^^^^^^^^^^^^^^^^
AttributeError: 'Member' object has no attribute 'timed_out_until'
Ignoring exception in on_member_update
Traceback (most recent call last):
  File "/usr/local/lib/python3.12/site-packages/discord/client.py", line 465, in _run_event
    await coro(*args, **kwargs)
  File "/app/asu_discord/cogs/analytics.py", line 652, in on_member_update
    before_timeout = before.timed_out_until
                     ^^^^^^^^^^^^^^^^^^^^^^
AttributeError: 'Member' object has no attribute 'timed_out_until'
Ignoring exception in on_member_update
Traceback (most recent call last):
  File "/usr/local/lib/python3.12/site-packages/discord/client.py", line 465, in _run_event
    await coro(*args, **kwargs)
  File "/app/asu_discord/cogs/analytics.py", line 652, in on_member_update
    before_timeout = before.timed_out_until
                     ^^^^^^^^^^^^^^^^^^^^^^
AttributeError: 'Member' object has no attribute 'timed_out_until'
Ignoring exception in on_member_update
Traceback (most recent call last):
  File "/usr/local/lib/python3.12/site-packages/discord/client.py", line 465, in _run_event
    await coro(*args, **kwargs)
  File "/app/asu_discord/cogs/analytics.py", line 652, in on_member_update
    before_timeout = before.timed_out_until
                     ^^^^^^^^^^^^^^^^^^^^^^
AttributeError: 'Member' object has no attribute 'timed_out_until'
Ignoring exception in on_member_update
Traceback (most recent call last):
  File "/usr/local/lib/python3.12/site-packages/discord/client.py", line 465, in _run_event
    await coro(*args, **kwargs)
  File "/app/asu_discord/cogs/analytics.py", line 652, in on_member_update
    before_timeout = before.timed_out_until
                     ^^^^^^^^^^^^^^^^^^^^^^
AttributeError: 'Member' object has no attribute 'timed_out_until'
INFO:asu_discord.cogs.verification:Saved 5 roles to database for user asanc482 (Discord ID: 824337364385529946)
INFO:asu_discord.cogs.verification:Refreshed Salesforce roles for Discord user 824337364385529946: -5/+5 roles, assigned=[Commited, First Year, Ira A. Fulton Schools of Engineering, Out of State, Polytechnic]
Ignoring exception in on_member_update
Traceback (most recent call last):
  File "/usr/local/lib/python3.12/site-packages/discord/client.py", line 465, in _run_event
    await coro(*args, **kwargs)
  File "/app/asu_discord/cogs/analytics.py", line 652, in on_member_update
    before_timeout = before.timed_out_until
                     ^^^^^^^^^^^^^^^^^^^^^^
AttributeError: 'Member' object has no attribute 'timed_out_until'
Ignoring exception in on_member_update
Traceback (most recent call last):
  File "/usr/local/lib/python3.12/site-packages/discord/client.py", line 465, in _run_event
    await coro(*args, **kwargs)
  File "/app/asu_discord/cogs/analytics.py", line 652, in on_member_update
    before_timeout = before.timed_out_until
                     ^^^^^^^^^^^^^^^^^^^^^^
AttributeError: 'Member' object has no attribute 'timed_out_until'
Ignoring exception in on_member_update
Traceback (most recent call last):
  File "/usr/local/lib/python3.12/site-packages/discord/client.py", line 465, in _run_event
    await coro(*args, **kwargs)
  File "/app/asu_discord/cogs/analytics.py", line 652, in on_member_update
    before_timeout = before.timed_out_until
                     ^^^^^^^^^^^^^^^^^^^^^^
AttributeError: 'Member' object has no attribute 'timed_out_until'
Ignoring exception in on_member_update
Traceback (most recent call last):
  File "/usr/local/lib/python3.12/site-packages/discord/client.py", line 465, in _run_event
    await coro(*args, **kwargs)
  File "/app/asu_discord/cogs/analytics.py", line 652, in on_member_update
    before_timeout = before.timed_out_until
                     ^^^^^^^^^^^^^^^^^^^^^^
AttributeError: 'Member' object has no attribute 'timed_out_until'
Ignoring exception in on_member_update
Traceback (most recent call last):
  File "/usr/local/lib/python3.12/site-packages/discord/client.py", line 465, in _run_event
    await coro(*args, **kwargs)
  File "/app/asu_discord/cogs/analytics.py", line 652, in on_member_update
    before_timeout = before.timed_out_until
                     ^^^^^^^^^^^^^^^^^^^^^^
AttributeError: 'Member' object has no attribute 'timed_out_until'
Ignoring exception in on_member_update
Traceback (most recent call last):
  File "/usr/local/lib/python3.12/site-packages/discord/client.py", line 465, in _run_event
    await coro(*args, **kwargs)
  File "/app/asu_discord/cogs/analytics.py", line 652, in on_member_update
    before_timeout = before.timed_out_until
                     ^^^^^^^^^^^^^^^^^^^^^^
AttributeError: 'Member' object has no attribute 'timed_out_until'
Ignoring exception in on_member_update
Traceback (most recent call last):
  File "/usr/local/lib/python3.12/site-packages/discord/client.py", line 465, in _run_event
    await coro(*args, **kwargs)
  File "/app/asu_discord/cogs/analytics.py", line 652, in on_member_update
    before_timeout = before.timed_out_until
                     ^^^^^^^^^^^^^^^^^^^^^^
AttributeError: 'Member' object has no attribute 'timed_out_until'
Ignoring exception in on_member_update
Traceback (most recent call last):
  File "/usr/local/lib/python3.12/site-packages/discord/client.py", line 465, in _run_event
    await coro(*args, **kwargs)
  File "/app/asu_discord/cogs/analytics.py", line 652, in on_member_update
    before_timeout = before.timed_out_until
                     ^^^^^^^^^^^^^^^^^^^^^^
AttributeError: 'Member' object has no attribute 'timed_out_until'
Ignoring exception in on_member_update
Traceback (most recent call last):
  File "/usr/local/lib/python3.12/site-packages/discord/client.py", line 465, in _run_event
    await coro(*args, **kwargs)
  File "/app/asu_discord/cogs/analytics.py", line 652, in on_member_update
    before_timeout = before.timed_out_until
                     ^^^^^^^^^^^^^^^^^^^^^^
AttributeError: 'Member' object has no attribute 'timed_out_until'
Ignoring exception in on_member_update
Traceback (most recent call last):
  File "/usr/local/lib/python3.12/site-packages/discord/client.py", line 465, in _run_event
    await coro(*args, **kwargs)
  File "/app/asu_discord/cogs/analytics.py", line 652, in on_member_update
    before_timeout = before.timed_out_until
                     ^^^^^^^^^^^^^^^^^^^^^^
AttributeError: 'Member' object has no attribute 'timed_out_until'
Ignoring exception in on_member_update
Traceback (most recent call last):
  File "/usr/local/lib/python3.12/site-packages/discord/client.py", line 465, in _run_event
    await coro(*args, **kwargs)
  File "/app/asu_discord/cogs/analytics.py", line 652, in on_member_update
    before_timeout = before.timed_out_until
                     ^^^^^^^^^^^^^^^^^^^^^^
AttributeError: 'Member' object has no attribute 'timed_out_until'
Ignoring exception in on_member_update
Traceback (most recent call last):
  File "/usr/local/lib/python3.12/site-packages/discord/client.py", line 465, in _run_event
    await coro(*args, **kwargs)
  File "/app/asu_discord/cogs/analytics.py", line 652, in on_member_update
    before_timeout = before.timed_out_until
                     ^^^^^^^^^^^^^^^^^^^^^^
AttributeError: 'Member' object has no attribute 'timed_out_until'
INFO:asu_discord.cogs.verification:Saved 6 roles to database for user bekeefe (Discord ID: 1407852959399804929)
INFO:asu_discord.cogs.verification:Refreshed Salesforce roles for Discord user 1407852959399804929: -6/+6 roles, assigned=[College of Liberal Arts and Sciences, Commited, First Generation Student, First Year, Out of State, Tempe]
Ignoring exception in on_member_update
Traceback (most recent call last):
  File "/usr/local/lib/python3.12/site-packages/discord/client.py", line 465, in _run_event
    await coro(*args, **kwargs)
  File "/app/asu_discord/cogs/analytics.py", line 652, in on_member_update
    before_timeout = before.timed_out_until
                     ^^^^^^^^^^^^^^^^^^^^^^
AttributeError: 'Member' object has no attribute 'timed_out_until'
Ignoring exception in on_member_update
Traceback (most recent call last):
  File "/usr/local/lib/python3.12/site-packages/discord/client.py", line 465, in _run_event
    await coro(*args, **kwargs)
  File "/app/asu_discord/cogs/analytics.py", line 652, in on_member_update
    before_timeout = before.timed_out_until
                     ^^^^^^^^^^^^^^^^^^^^^^
AttributeError: 'Member' object has no attribute 'timed_out_until'
Ignoring exception in on_member_update
Traceback (most recent call last):
  File "/usr/local/lib/python3.12/site-packages/discord/client.py", line 465, in _run_event
    await coro(*args, **kwargs)
  File "/app/asu_discord/cogs/analytics.py", line 652, in on_member_update
    before_timeout = before.timed_out_until
                     ^^^^^^^^^^^^^^^^^^^^^^
AttributeError: 'Member' object has no attribute 'timed_out_until'
Ignoring exception in on_member_update
Traceback (most recent call last):
  File "/usr/local/lib/python3.12/site-packages/discord/client.py", line 465, in _run_event
    await coro(*args, **kwargs)
  File "/app/asu_discord/cogs/analytics.py", line 652, in on_member_update
    before_timeout = before.timed_out_until
                     ^^^^^^^^^^^^^^^^^^^^^^
AttributeError: 'Member' object has no attribute 'timed_out_until'
Ignoring exception in on_member_update
Traceback (most recent call last):
  File "/usr/local/lib/python3.12/site-packages/discord/client.py", line 465, in _run_event
    await coro(*args, **kwargs)
  File "/app/asu_discord/cogs/analytics.py", line 652, in on_member_update
    before_timeout = before.timed_out_until
                     ^^^^^^^^^^^^^^^^^^^^^^
AttributeError: 'Member' object has no attribute 'timed_out_until'
Ignoring exception in on_member_update
Traceback (most recent call last):
  File "/usr/local/lib/python3.12/site-packages/discord/client.py", line 465, in _run_event
    await coro(*args, **kwargs)
  File "/app/asu_discord/cogs/analytics.py", line 652, in on_member_update
    before_timeout = before.timed_out_until
                     ^^^^^^^^^^^^^^^^^^^^^^
AttributeError: 'Member' object has no attribute 'timed_out_until'
Ignoring exception in on_member_update
Traceback (most recent call last):
  File "/usr/local/lib/python3.12/site-packages/discord/client.py", line 465, in _run_event
    await coro(*args, **kwargs)
  File "/app/asu_discord/cogs/analytics.py", line 652, in on_member_update
    before_timeout = before.timed_out_until
                     ^^^^^^^^^^^^^^^^^^^^^^
AttributeError: 'Member' object has no attribute 'timed_out_until'
Ignoring exception in on_member_update
Traceback (most recent call last):
  File "/usr/local/lib/python3.12/site-packages/discord/client.py", line 465, in _run_event
    await coro(*args, **kwargs)
  File "/app/asu_discord/cogs/analytics.py", line 652, in on_member_update
    before_timeout = before.timed_out_until
                     ^^^^^^^^^^^^^^^^^^^^^^
AttributeError: 'Member' object has no attribute 'timed_out_until'
Ignoring exception in on_member_update
Traceback (most recent call last):
  File "/usr/local/lib/python3.12/site-packages/discord/client.py", line 465, in _run_event
    await coro(*args, **kwargs)
  File "/app/asu_discord/cogs/analytics.py", line 652, in on_member_update
    before_timeout = before.timed_out_until
                     ^^^^^^^^^^^^^^^^^^^^^^
AttributeError: 'Member' object has no attribute 'timed_out_until'
Ignoring exception in on_member_update
Traceback (most recent call last):
  File "/usr/local/lib/python3.12/site-packages/discord/client.py", line 465, in _run_event
    await coro(*args, **kwargs)
  File "/app/asu_discord/cogs/analytics.py", line 652, in on_member_update
    before_timeout = before.timed_out_until
                     ^^^^^^^^^^^^^^^^^^^^^^
AttributeError: 'Member' object has no attribute 'timed_out_until'
INFO:asu_discord.cogs.verification:Saved 5 roles to database for user jmapoda1 (Discord ID: 396135490950135808)
INFO:asu_discord.cogs.verification:Refreshed Salesforce roles for Discord user 396135490950135808: -5/+5 roles, assigned=[Arizona Resident, College of Liberal Arts and Sciences, Commited, Tempe, Transfer Student]
ERROR:cron.jobs:refresh_salesforce_roles: failed for kcreyes4 (Discord ID 949486824395526155): Failed to refresh Salesforce-based roles: Discord user 949486824395526155 is not a member of the guild
Ignoring exception in on_member_update
Traceback (most recent call last):
  File "/usr/local/lib/python3.12/site-packages/discord/client.py", line 465, in _run_event
    await coro(*args, **kwargs)
  File "/app/asu_discord/cogs/analytics.py", line 652, in on_member_update
    before_timeout = before.timed_out_until
                     ^^^^^^^^^^^^^^^^^^^^^^
AttributeError: 'Member' object has no attribute 'timed_out_until'
Ignoring exception in on_member_update
Traceback (most recent call last):
  File "/usr/local/lib/python3.12/site-packages/discord/client.py", line 465, in _run_event
    await coro(*args, **kwargs)
  File "/app/asu_discord/cogs/analytics.py", line 652, in on_member_update
    before_timeout = before.timed_out_until
                     ^^^^^^^^^^^^^^^^^^^^^^
AttributeError: 'Member' object has no attribute 'timed_out_until'
Ignoring exception in on_member_update
Traceback (most recent call last):
  File "/usr/local/lib/python3.12/site-packages/discord/client.py", line 465, in _run_event
    await coro(*args, **kwargs)
  File "/app/asu_discord/cogs/analytics.py", line 652, in on_member_update
    before_timeout = before.timed_out_until
                     ^^^^^^^^^^^^^^^^^^^^^^
AttributeError: 'Member' object has no attribute 'timed_out_until'
Ignoring exception in on_member_update
Traceback (most recent call last):
  File "/usr/local/lib/python3.12/site-packages/discord/client.py", line 465, in _run_event
    await coro(*args, **kwargs)
  File "/app/asu_discord/cogs/analytics.py", line 652, in on_member_update
    before_timeout = before.timed_out_until
                     ^^^^^^^^^^^^^^^^^^^^^^
AttributeError: 'Member' object has no attribute 'timed_out_until'
Ignoring exception in on_member_update
Traceback (most recent call last):
  File "/usr/local/lib/python3.12/site-packages/discord/client.py", line 465, in _run_event
    await coro(*args, **kwargs)
  File "/app/asu_discord/cogs/analytics.py", line 652, in on_member_update
    before_timeout = before.timed_out_until
                     ^^^^^^^^^^^^^^^^^^^^^^
AttributeError: 'Member' object has no attribute 'timed_out_until'
Ignoring exception in on_member_update
Traceback (most recent call last):
  File "/usr/local/lib/python3.12/site-packages/discord/client.py", line 465, in _run_event
    await coro(*args, **kwargs)
  File "/app/asu_discord/cogs/analytics.py", line 652, in on_member_update
    before_timeout = before.timed_out_until
                     ^^^^^^^^^^^^^^^^^^^^^^
AttributeError: 'Member' object has no attribute 'timed_out_until'
Ignoring exception in on_member_update
Traceback (most recent call last):
  File "/usr/local/lib/python3.12/site-packages/discord/client.py", line 465, in _run_event
    await coro(*args, **kwargs)
  File "/app/asu_discord/cogs/analytics.py", line 652, in on_member_update
    before_timeout = before.timed_out_until
                     ^^^^^^^^^^^^^^^^^^^^^^
AttributeError: 'Member' object has no attribute 'timed_out_until'
Ignoring exception in on_member_update
Traceback (most recent call last):
  File "/usr/local/lib/python3.12/site-packages/discord/client.py", line 465, in _run_event
    await coro(*args, **kwargs)
  File "/app/asu_discord/cogs/analytics.py", line 652, in on_member_update
    before_timeout = before.timed_out_until
                     ^^^^^^^^^^^^^^^^^^^^^^
AttributeError: 'Member' object has no attribute 'timed_out_until'
INFO:asu_discord.cogs.verification:Saved 4 roles to database for user iwimer (Discord ID: 722167517224763463)
INFO:asu_discord.cogs.verification:Refreshed Salesforce roles for Discord user 722167517224763463: -4/+4 roles, assigned=[Arizona Resident, College of Global Futures, First Year, Tempe]
Ignoring exception in on_member_update
Traceback (most recent call last):
  File "/usr/local/lib/python3.12/site-packages/discord/client.py", line 465, in _run_event
    await coro(*args, **kwargs)
  File "/app/asu_discord/cogs/analytics.py", line 652, in on_member_update
    before_timeout = before.timed_out_until
                     ^^^^^^^^^^^^^^^^^^^^^^
AttributeError: 'Member' object has no attribute 'timed_out_until'
Ignoring exception in on_member_update
Traceback (most recent call last):
  File "/usr/local/lib/python3.12/site-packages/discord/client.py", line 465, in _run_event
    await coro(*args, **kwargs)
  File "/app/asu_discord/cogs/analytics.py", line 652, in on_member_update
    before_timeout = before.timed_out_until
                     ^^^^^^^^^^^^^^^^^^^^^^
AttributeError: 'Member' object has no attribute 'timed_out_until'
Ignoring exception in on_member_update
Traceback (most recent call last):
  File "/usr/local/lib/python3.12/site-packages/discord/client.py", line 465, in _run_event
    await coro(*args, **kwargs)
  File "/app/asu_discord/cogs/analytics.py", line 652, in on_member_update
    before_timeout = before.timed_out_until
                     ^^^^^^^^^^^^^^^^^^^^^^
AttributeError: 'Member' object has no attribute 'timed_out_until'
Ignoring exception in on_member_update
Traceback (most recent call last):
  File "/usr/local/lib/python3.12/site-packages/discord/client.py", line 465, in _run_event
    await coro(*args, **kwargs)
  File "/app/asu_discord/cogs/analytics.py", line 652, in on_member_update
    before_timeout = before.timed_out_until
                     ^^^^^^^^^^^^^^^^^^^^^^
AttributeError: 'Member' object has no attribute 'timed_out_until'
Ignoring exception in on_member_update
Traceback (most recent call last):
  File "/usr/local/lib/python3.12/site-packages/discord/client.py", line 465, in _run_event
    await coro(*args, **kwargs)
  File "/app/asu_discord/cogs/analytics.py", line 652, in on_member_update
    before_timeout = before.timed_out_until
                     ^^^^^^^^^^^^^^^^^^^^^^
AttributeError: 'Member' object has no attribute 'timed_out_until'
Ignoring exception in on_member_update
Traceback (most recent call last):
  File "/usr/local/lib/python3.12/site-packages/discord/client.py", line 465, in _run_event
    await coro(*args, **kwargs)
  File "/app/asu_discord/cogs/analytics.py", line 652, in on_member_update
    before_timeout = before.timed_out_until
                     ^^^^^^^^^^^^^^^^^^^^^^
AttributeError: 'Member' object has no attribute 'timed_out_until'
Ignoring exception in on_member_update
Traceback (most recent call last):
  File "/usr/local/lib/python3.12/site-packages/discord/client.py", line 465, in _run_event
    await coro(*args, **kwargs)
  File "/app/asu_discord/cogs/analytics.py", line 652, in on_member_update
    before_timeout = before.timed_out_until
                     ^^^^^^^^^^^^^^^^^^^^^^
AttributeError: 'Member' object has no attribute 'timed_out_until'
Ignoring exception in on_member_update
Traceback (most recent call last):
  File "/usr/local/lib/python3.12/site-packages/discord/client.py", line 465, in _run_event
    await coro(*args, **kwargs)
  File "/app/asu_discord/cogs/analytics.py", line 652, in on_member_update
    before_timeout = before.timed_out_until
                     ^^^^^^^^^^^^^^^^^^^^^^
AttributeError: 'Member' object has no attribute 'timed_out_until'
Ignoring exception in on_member_update
Traceback (most recent call last):
  File "/usr/local/lib/python3.12/site-packages/discord/client.py", line 465, in _run_event
    await coro(*args, **kwargs)
  File "/app/asu_discord/cogs/analytics.py", line 652, in on_member_update
    before_timeout = before.timed_out_until
                     ^^^^^^^^^^^^^^^^^^^^^^
AttributeError: 'Member' object has no attribute 'timed_out_until'
Ignoring exception in on_member_update
Traceback (most recent call last):
  File "/usr/local/lib/python3.12/site-packages/discord/client.py", line 465, in _run_event
    await coro(*args, **kwargs)
  File "/app/asu_discord/cogs/analytics.py", line 652, in on_member_update
    before_timeout = before.timed_out_until
                     ^^^^^^^^^^^^^^^^^^^^^^
AttributeError: 'Member' object has no attribute 'timed_out_until'
INFO:asu_discord.cogs.verification:Saved 5 roles to database for user jttayl16 (Discord ID: 1469162733772607670)
INFO:asu_discord.cogs.verification:Refreshed Salesforce roles for Discord user 1469162733772607670: -5/+5 roles, assigned=[College of Liberal Arts and Sciences, Commited, First Year, Out of State, Tempe]
Ignoring exception in on_member_update
Traceback (most recent call last):
  File "/usr/local/lib/python3.12/site-packages/discord/client.py", line 465, in _run_event
    await coro(*args, **kwargs)
  File "/app/asu_discord/cogs/analytics.py", line 652, in on_member_update
    before_timeout = before.timed_out_until
                     ^^^^^^^^^^^^^^^^^^^^^^
AttributeError: 'Member' object has no attribute 'timed_out_until'
Ignoring exception in on_member_update
Traceback (most recent call last):
  File "/usr/local/lib/python3.12/site-packages/discord/client.py", line 465, in _run_event
    await coro(*args, **kwargs)
  File "/app/asu_discord/cogs/analytics.py", line 652, in on_member_update
    before_timeout = before.timed_out_until
                     ^^^^^^^^^^^^^^^^^^^^^^
AttributeError: 'Member' object has no attribute 'timed_out_until'
Ignoring exception in on_member_update
Traceback (most recent call last):
  File "/usr/local/lib/python3.12/site-packages/discord/client.py", line 465, in _run_event
    await coro(*args, **kwargs)
  File "/app/asu_discord/cogs/analytics.py", line 652, in on_member_update
    before_timeout = before.timed_out_until
                     ^^^^^^^^^^^^^^^^^^^^^^
AttributeError: 'Member' object has no attribute 'timed_out_until'
Ignoring exception in on_member_update
Traceback (most recent call last):
  File "/usr/local/lib/python3.12/site-packages/discord/client.py", line 465, in _run_event
    await coro(*args, **kwargs)
  File "/app/asu_discord/cogs/analytics.py", line 652, in on_member_update
    before_timeout = before.timed_out_until
                     ^^^^^^^^^^^^^^^^^^^^^^
AttributeError: 'Member' object has no attribute 'timed_out_until'
Ignoring exception in on_member_update
Traceback (most recent call last):
  File "/usr/local/lib/python3.12/site-packages/discord/client.py", line 465, in _run_event
    await coro(*args, **kwargs)
  File "/app/asu_discord/cogs/analytics.py", line 652, in on_member_update
    before_timeout = before.timed_out_until
                     ^^^^^^^^^^^^^^^^^^^^^^
AttributeError: 'Member' object has no attribute 'timed_out_until'
Ignoring exception in on_member_update
Traceback (most recent call last):
  File "/usr/local/lib/python3.12/site-packages/discord/client.py", line 465, in _run_event
    await coro(*args, **kwargs)
  File "/app/asu_discord/cogs/analytics.py", line 652, in on_member_update
    before_timeout = before.timed_out_until
                     ^^^^^^^^^^^^^^^^^^^^^^
AttributeError: 'Member' object has no attribute 'timed_out_until'
Ignoring exception in on_member_update
Traceback (most recent call last):
  File "/usr/local/lib/python3.12/site-packages/discord/client.py", line 465, in _run_event
    await coro(*args, **kwargs)
  File "/app/asu_discord/cogs/analytics.py", line 652, in on_member_update
    before_timeout = before.timed_out_until
                     ^^^^^^^^^^^^^^^^^^^^^^
AttributeError: 'Member' object has no attribute 'timed_out_until'
Ignoring exception in on_member_update
Traceback (most recent call last):
  File "/usr/local/lib/python3.12/site-packages/discord/client.py", line 465, in _run_event
    await coro(*args, **kwargs)
  File "/app/asu_discord/cogs/analytics.py", line 652, in on_member_update
    before_timeout = before.timed_out_until
                     ^^^^^^^^^^^^^^^^^^^^^^
AttributeError: 'Member' object has no attribute 'timed_out_until'
Ignoring exception in on_member_update
Traceback (most recent call last):
  File "/usr/local/lib/python3.12/site-packages/discord/client.py", line 465, in _run_event
    await coro(*args, **kwargs)
  File "/app/asu_discord/cogs/analytics.py", line 652, in on_member_update
    before_timeout = before.timed_out_until
                     ^^^^^^^^^^^^^^^^^^^^^^
AttributeError: 'Member' object has no attribute 'timed_out_until'
Ignoring exception in on_member_update
Traceback (most recent call last):
  File "/usr/local/lib/python3.12/site-packages/discord/client.py", line 465, in _run_event
    await coro(*args, **kwargs)
  File "/app/asu_discord/cogs/analytics.py", line 652, in on_member_update
    before_timeout = before.timed_out_until
                     ^^^^^^^^^^^^^^^^^^^^^^
AttributeError: 'Member' object has no attribute 'timed_out_until'
INFO:asu_discord.cogs.verification:Saved 5 roles to database for user skhacha4 (Discord ID: 864133677611876392)
INFO:asu_discord.cogs.verification:Refreshed Salesforce roles for Discord user 864133677611876392: -5/+5 roles, assigned=[Arizona Resident, Commited, Graduate Student, Ira A. Fulton Schools of Engineering, Polytechnic]
ERROR:cron.jobs:refresh_salesforce_roles: failed for ljbrow24 (Discord ID 631549596593684490): Failed to refresh Salesforce-based roles: Discord user 631549596593684490 is not a member of the guild
Ignoring exception in on_member_update
Traceback (most recent call last):
  File "/usr/local/lib/python3.12/site-packages/discord/client.py", line 465, in _run_event
    await coro(*args, **kwargs)
  File "/app/asu_discord/cogs/analytics.py", line 652, in on_member_update
    before_timeout = before.timed_out_until
                     ^^^^^^^^^^^^^^^^^^^^^^
AttributeError: 'Member' object has no attribute 'timed_out_until'
Ignoring exception in on_member_update
Traceback (most recent call last):
  File "/usr/local/lib/python3.12/site-packages/discord/client.py", line 465, in _run_event
    await coro(*args, **kwargs)
  File "/app/asu_discord/cogs/analytics.py", line 652, in on_member_update
    before_timeout = before.timed_out_until
                     ^^^^^^^^^^^^^^^^^^^^^^
AttributeError: 'Member' object has no attribute 'timed_out_until'
Ignoring exception in on_member_update
Traceback (most recent call last):
  File "/usr/local/lib/python3.12/site-packages/discord/client.py", line 465, in _run_event
    await coro(*args, **kwargs)
  File "/app/asu_discord/cogs/analytics.py", line 652, in on_member_update
    before_timeout = before.timed_out_until
                     ^^^^^^^^^^^^^^^^^^^^^^
AttributeError: 'Member' object has no attribute 'timed_out_until'
Ignoring exception in on_member_update
Traceback (most recent call last):
  File "/usr/local/lib/python3.12/site-packages/discord/client.py", line 465, in _run_event
    await coro(*args, **kwargs)
  File "/app/asu_discord/cogs/analytics.py", line 652, in on_member_update
    before_timeout = before.timed_out_until
                     ^^^^^^^^^^^^^^^^^^^^^^
AttributeError: 'Member' object has no attribute 'timed_out_until'
Ignoring exception in on_member_update
Traceback (most recent call last):
  File "/usr/local/lib/python3.12/site-packages/discord/client.py", line 465, in _run_event
    await coro(*args, **kwargs)
  File "/app/asu_discord/cogs/analytics.py", line 652, in on_member_update
    before_timeout = before.timed_out_until
                     ^^^^^^^^^^^^^^^^^^^^^^
AttributeError: 'Member' object has no attribute 'timed_out_until'
Ignoring exception in on_member_update
Traceback (most recent call last):
  File "/usr/local/lib/python3.12/site-packages/discord/client.py", line 465, in _run_event
    await coro(*args, **kwargs)
  File "/app/asu_discord/cogs/analytics.py", line 652, in on_member_update
    before_timeout = before.timed_out_until
                     ^^^^^^^^^^^^^^^^^^^^^^
AttributeError: 'Member' object has no attribute 'timed_out_until'
Ignoring exception in on_member_update
Traceback (most recent call last):
  File "/usr/local/lib/python3.12/site-packages/discord/client.py", line 465, in _run_event
    await coro(*args, **kwargs)
  File "/app/asu_discord/cogs/analytics.py", line 652, in on_member_update
    before_timeout = before.timed_out_until
                     ^^^^^^^^^^^^^^^^^^^^^^
AttributeError: 'Member' object has no attribute 'timed_out_until'
INFO:asu_discord.cogs.verification:Saved 4 roles to database for user venicele (Discord ID: 774474800827465738)
INFO:asu_discord.cogs.verification:Refreshed Salesforce roles for Discord user 774474800827465738: -3/+4 roles, assigned=[Arizona Resident, First Year, Tempe, W.P. Carey School of Business]
Ignoring exception in on_member_update
Traceback (most recent call last):
  File "/usr/local/lib/python3.12/site-packages/discord/client.py", line 465, in _run_event
    await coro(*args, **kwargs)
  File "/app/asu_discord/cogs/analytics.py", line 652, in on_member_update
    before_timeout = before.timed_out_until
                     ^^^^^^^^^^^^^^^^^^^^^^
AttributeError: 'Member' object has no attribute 'timed_out_until'
Ignoring exception in on_member_update
Traceback (most recent call last):
  File "/usr/local/lib/python3.12/site-packages/discord/client.py", line 465, in _run_event
    await coro(*args, **kwargs)
  File "/app/asu_discord/cogs/analytics.py", line 652, in on_member_update
    before_timeout = before.timed_out_until
                     ^^^^^^^^^^^^^^^^^^^^^^
AttributeError: 'Member' object has no attribute 'timed_out_until'
Ignoring exception in on_member_update
Traceback (most recent call last):
  File "/usr/local/lib/python3.12/site-packages/discord/client.py", line 465, in _run_event
    await coro(*args, **kwargs)
  File "/app/asu_discord/cogs/analytics.py", line 652, in on_member_update
    before_timeout = before.timed_out_until
                     ^^^^^^^^^^^^^^^^^^^^^^
AttributeError: 'Member' object has no attribute 'timed_out_until'
Ignoring exception in on_member_update
Traceback (most recent call last):
  File "/usr/local/lib/python3.12/site-packages/discord/client.py", line 465, in _run_event
    await coro(*args, **kwargs)
  File "/app/asu_discord/cogs/analytics.py", line 652, in on_member_update
    before_timeout = before.timed_out_until
                     ^^^^^^^^^^^^^^^^^^^^^^
AttributeError: 'Member' object has no attribute 'timed_out_until'
Ignoring exception in on_member_update
Traceback (most recent call last):
  File "/usr/local/lib/python3.12/site-packages/discord/client.py", line 465, in _run_event
    await coro(*args, **kwargs)
  File "/app/asu_discord/cogs/analytics.py", line 652, in on_member_update
    before_timeout = before.timed_out_until
                     ^^^^^^^^^^^^^^^^^^^^^^
AttributeError: 'Member' object has no attribute 'timed_out_until'
Ignoring exception in on_member_update
Traceback (most recent call last):
  File "/usr/local/lib/python3.12/site-packages/discord/client.py", line 465, in _run_event
    await coro(*args, **kwargs)
  File "/app/asu_discord/cogs/analytics.py", line 652, in on_member_update
    before_timeout = before.timed_out_until
                     ^^^^^^^^^^^^^^^^^^^^^^
AttributeError: 'Member' object has no attribute 'timed_out_until'
Ignoring exception in on_member_update
Traceback (most recent call last):
  File "/usr/local/lib/python3.12/site-packages/discord/client.py", line 465, in _run_event
    await coro(*args, **kwargs)
  File "/app/asu_discord/cogs/analytics.py", line 652, in on_member_update
    before_timeout = before.timed_out_until
                     ^^^^^^^^^^^^^^^^^^^^^^
AttributeError: 'Member' object has no attribute 'timed_out_until'
Ignoring exception in on_member_update
Traceback (most recent call last):
  File "/usr/local/lib/python3.12/site-packages/discord/client.py", line 465, in _run_event
    await coro(*args, **kwargs)
  File "/app/asu_discord/cogs/analytics.py", line 652, in on_member_update
    before_timeout = before.timed_out_until
                     ^^^^^^^^^^^^^^^^^^^^^^
AttributeError: 'Member' object has no attribute 'timed_out_until'
Ignoring exception in on_member_update
Traceback (most recent call last):
  File "/usr/local/lib/python3.12/site-packages/discord/client.py", line 465, in _run_event
    await coro(*args, **kwargs)
  File "/app/asu_discord/cogs/analytics.py", line 652, in on_member_update
    before_timeout = before.timed_out_until
                     ^^^^^^^^^^^^^^^^^^^^^^
AttributeError: 'Member' object has no attribute 'timed_out_until'
Ignoring exception in on_member_update
Traceback (most recent call last):
  File "/usr/local/lib/python3.12/site-packages/discord/client.py", line 465, in _run_event
    await coro(*args, **kwargs)
  File "/app/asu_discord/cogs/analytics.py", line 652, in on_member_update
    before_timeout = before.timed_out_until
                     ^^^^^^^^^^^^^^^^^^^^^^
AttributeError: 'Member' object has no attribute 'timed_out_until'
INFO:asu_discord.cogs.verification:Saved 5 roles to database for user sahossa2 (Discord ID: 779522048342360084)
INFO:asu_discord.cogs.verification:Refreshed Salesforce roles for Discord user 779522048342360084: -5/+5 roles, assigned=[Arizona Resident, Commited, First Year, Ira A. Fulton Schools of Engineering, Tempe]
Ignoring exception in on_member_update
Traceback (most recent call last):
  File "/usr/local/lib/python3.12/site-packages/discord/client.py", line 465, in _run_event
    await coro(*args, **kwargs)
  File "/app/asu_discord/cogs/analytics.py", line 652, in on_member_update
    before_timeout = before.timed_out_until
                     ^^^^^^^^^^^^^^^^^^^^^^
AttributeError: 'Member' object has no attribute 'timed_out_until'
Ignoring exception in on_member_update
Traceback (most recent call last):
  File "/usr/local/lib/python3.12/site-packages/discord/client.py", line 465, in _run_event
    await coro(*args, **kwargs)
  File "/app/asu_discord/cogs/analytics.py", line 652, in on_member_update
    before_timeout = before.timed_out_until
                     ^^^^^^^^^^^^^^^^^^^^^^
AttributeError: 'Member' object has no attribute 'timed_out_until'
Ignoring exception in on_member_update
Traceback (most recent call last):
  File "/usr/local/lib/python3.12/site-packages/discord/client.py", line 465, in _run_event
    await coro(*args, **kwargs)
  File "/app/asu_discord/cogs/analytics.py", line 652, in on_member_update
    before_timeout = before.timed_out_until
                     ^^^^^^^^^^^^^^^^^^^^^^
AttributeError: 'Member' object has no attribute 'timed_out_until'
Ignoring exception in on_member_update
Traceback (most recent call last):
  File "/usr/local/lib/python3.12/site-packages/discord/client.py", line 465, in _run_event
    await coro(*args, **kwargs)
  File "/app/asu_discord/cogs/analytics.py", line 652, in on_member_update
    before_timeout = before.timed_out_until
                     ^^^^^^^^^^^^^^^^^^^^^^
AttributeError: 'Member' object has no attribute 'timed_out_until'
Ignoring exception in on_member_update
Traceback (most recent call last):
  File "/usr/local/lib/python3.12/site-packages/discord/client.py", line 465, in _run_event
    await coro(*args, **kwargs)
  File "/app/asu_discord/cogs/analytics.py", line 652, in on_member_update
    before_timeout = before.timed_out_until
                     ^^^^^^^^^^^^^^^^^^^^^^
AttributeError: 'Member' object has no attribute 'timed_out_until'
Ignoring exception in on_member_update
Traceback (most recent call last):
  File "/usr/local/lib/python3.12/site-packages/discord/client.py", line 465, in _run_event
    await coro(*args, **kwargs)
  File "/app/asu_discord/cogs/analytics.py", line 652, in on_member_update
    before_timeout = before.timed_out_until
                     ^^^^^^^^^^^^^^^^^^^^^^
AttributeError: 'Member' object has no attribute 'timed_out_until'
Ignoring exception in on_member_update
Traceback (most recent call last):
  File "/usr/local/lib/python3.12/site-packages/discord/client.py", line 465, in _run_event
    await coro(*args, **kwargs)
  File "/app/asu_discord/cogs/analytics.py", line 652, in on_member_update
    before_timeout = before.timed_out_until
                     ^^^^^^^^^^^^^^^^^^^^^^
AttributeError: 'Member' object has no attribute 'timed_out_until'
Ignoring exception in on_member_update
Traceback (most recent call last):
  File "/usr/local/lib/python3.12/site-packages/discord/client.py", line 465, in _run_event
    await coro(*args, **kwargs)
  File "/app/asu_discord/cogs/analytics.py", line 652, in on_member_update
    before_timeout = before.timed_out_until
                     ^^^^^^^^^^^^^^^^^^^^^^
AttributeError: 'Member' object has no attribute 'timed_out_until'
Ignoring exception in on_member_update
Traceback (most recent call last):
  File "/usr/local/lib/python3.12/site-packages/discord/client.py", line 465, in _run_event
    await coro(*args, **kwargs)
  File "/app/asu_discord/cogs/analytics.py", line 652, in on_member_update
    before_timeout = before.timed_out_until
                     ^^^^^^^^^^^^^^^^^^^^^^
AttributeError: 'Member' object has no attribute 'timed_out_until'
Ignoring exception in on_member_update
Traceback (most recent call last):
  File "/usr/local/lib/python3.12/site-packages/discord/client.py", line 465, in _run_event
    await coro(*args, **kwargs)
  File "/app/asu_discord/cogs/analytics.py", line 652, in on_member_update
    before_timeout = before.timed_out_until
                     ^^^^^^^^^^^^^^^^^^^^^^
AttributeError: 'Member' object has no attribute 'timed_out_until'
INFO:asu_discord.cogs.verification:Saved 5 roles to database for user gamason (Discord ID: 1457938482512003224)
INFO:asu_discord.cogs.verification:Refreshed Salesforce roles for Discord user 1457938482512003224: -5/+5 roles, assigned=[College of Health Solutions, Commited, Downtown Phoenix, First Year, Out of State]
Ignoring exception in on_member_update
Traceback (most recent call last):
  File "/usr/local/lib/python3.12/site-packages/discord/client.py", line 465, in _run_event
    await coro(*args, **kwargs)
  File "/app/asu_discord/cogs/analytics.py", line 652, in on_member_update
    before_timeout = before.timed_out_until
                     ^^^^^^^^^^^^^^^^^^^^^^
AttributeError: 'Member' object has no attribute 'timed_out_until'
Ignoring exception in on_member_update
Traceback (most recent call last):
  File "/usr/local/lib/python3.12/site-packages/discord/client.py", line 465, in _run_event
    await coro(*args, **kwargs)
  File "/app/asu_discord/cogs/analytics.py", line 652, in on_member_update
    before_timeout = before.timed_out_until
                     ^^^^^^^^^^^^^^^^^^^^^^
AttributeError: 'Member' object has no attribute 'timed_out_until'
Ignoring exception in on_member_update
Traceback (most recent call last):
  File "/usr/local/lib/python3.12/site-packages/discord/client.py", line 465, in _run_event
    await coro(*args, **kwargs)
  File "/app/asu_discord/cogs/analytics.py", line 652, in on_member_update
    before_timeout = before.timed_out_until
                     ^^^^^^^^^^^^^^^^^^^^^^
AttributeError: 'Member' object has no attribute 'timed_out_until'
Ignoring exception in on_member_update
Traceback (most recent call last):
  File "/usr/local/lib/python3.12/site-packages/discord/client.py", line 465, in _run_event
    await coro(*args, **kwargs)
  File "/app/asu_discord/cogs/analytics.py", line 652, in on_member_update
    before_timeout = before.timed_out_until
                     ^^^^^^^^^^^^^^^^^^^^^^
AttributeError: 'Member' object has no attribute 'timed_out_until'
Ignoring exception in on_member_update
Traceback (most recent call last):
  File "/usr/local/lib/python3.12/site-packages/discord/client.py", line 465, in _run_event
    await coro(*args, **kwargs)
  File "/app/asu_discord/cogs/analytics.py", line 652, in on_member_update
    before_timeout = before.timed_out_until
                     ^^^^^^^^^^^^^^^^^^^^^^
AttributeError: 'Member' object has no attribute 'timed_out_until'
Ignoring exception in on_member_update
Traceback (most recent call last):
  File "/usr/local/lib/python3.12/site-packages/discord/client.py", line 465, in _run_event
    await coro(*args, **kwargs)
  File "/app/asu_discord/cogs/analytics.py", line 652, in on_member_update
    before_timeout = before.timed_out_until
                     ^^^^^^^^^^^^^^^^^^^^^^
AttributeError: 'Member' object has no attribute 'timed_out_until'
Ignoring exception in on_member_update
Traceback (most recent call last):
  File "/usr/local/lib/python3.12/site-packages/discord/client.py", line 465, in _run_event
    await coro(*args, **kwargs)
  File "/app/asu_discord/cogs/analytics.py", line 652, in on_member_update
    before_timeout = before.timed_out_until
                     ^^^^^^^^^^^^^^^^^^^^^^
AttributeError: 'Member' object has no attribute 'timed_out_until'
ERROR:cron.jobs:refresh_salesforce_roles: failed for rpetcove (Discord ID 916349184410546186): Timed out refresh Salesforce-based roles
Ignoring exception in on_member_update
Traceback (most recent call last):
  File "/usr/local/lib/python3.12/site-packages/discord/client.py", line 465, in _run_event
    await coro(*args, **kwargs)
  File "/app/asu_discord/cogs/analytics.py", line 652, in on_member_update
    before_timeout = before.timed_out_until
                     ^^^^^^^^^^^^^^^^^^^^^^
AttributeError: 'Member' object has no attribute 'timed_out_until'
Ignoring exception in on_member_update
Traceback (most recent call last):
  File "/usr/local/lib/python3.12/site-packages/discord/client.py", line 465, in _run_event
    await coro(*args, **kwargs)
  File "/app/asu_discord/cogs/analytics.py", line 652, in on_member_update
    before_timeout = before.timed_out_until
                     ^^^^^^^^^^^^^^^^^^^^^^
AttributeError: 'Member' object has no attribute 'timed_out_until'
Ignoring exception in on_member_update
Traceback (most recent call last):
  File "/usr/local/lib/python3.12/site-packages/discord/client.py", line 465, in _run_event
    await coro(*args, **kwargs)
  File "/app/asu_discord/cogs/analytics.py", line 652, in on_member_update
    before_timeout = before.timed_out_until
                     ^^^^^^^^^^^^^^^^^^^^^^
AttributeError: 'Member' object has no attribute 'timed_out_until'
Ignoring exception in on_member_update
Traceback (most recent call last):
  File "/usr/local/lib/python3.12/site-packages/discord/client.py", line 465, in _run_event
    await coro(*args, **kwargs)
  File "/app/asu_discord/cogs/analytics.py", line 652, in on_member_update
    before_timeout = before.timed_out_until
                     ^^^^^^^^^^^^^^^^^^^^^^
AttributeError: 'Member' object has no attribute 'timed_out_until'
Ignoring exception in on_member_update
Traceback (most recent call last):
  File "/usr/local/lib/python3.12/site-packages/discord/client.py", line 465, in _run_event
    await coro(*args, **kwargs)
  File "/app/asu_discord/cogs/analytics.py", line 652, in on_member_update
    before_timeout = before.timed_out_until
                     ^^^^^^^^^^^^^^^^^^^^^^
AttributeError: 'Member' object has no attribute 'timed_out_until'
Ignoring exception in on_member_update
Traceback (most recent call last):
  File "/usr/local/lib/python3.12/site-packages/discord/client.py", line 465, in _run_event
    await coro(*args, **kwargs)
  File "/app/asu_discord/cogs/analytics.py", line 652, in on_member_update
    before_timeout = before.timed_out_until
                     ^^^^^^^^^^^^^^^^^^^^^^
AttributeError: 'Member' object has no attribute 'timed_out_until'
Ignoring exception in on_member_update
Traceback (most recent call last):
  File "/usr/local/lib/python3.12/site-packages/discord/client.py", line 465, in _run_event
    await coro(*args, **kwargs)
  File "/app/asu_discord/cogs/analytics.py", line 652, in on_member_update
    before_timeout = before.timed_out_until
                     ^^^^^^^^^^^^^^^^^^^^^^
AttributeError: 'Member' object has no attribute 'timed_out_until'
Ignoring exception in on_member_update
Traceback (most recent call last):
  File "/usr/local/lib/python3.12/site-packages/discord/client.py", line 465, in _run_event
    await coro(*args, **kwargs)
  File "/app/asu_discord/cogs/analytics.py", line 652, in on_member_update
    before_timeout = before.timed_out_until
                     ^^^^^^^^^^^^^^^^^^^^^^
AttributeError: 'Member' object has no attribute 'timed_out_until'
Ignoring exception in on_member_update
Traceback (most recent call last):
  File "/usr/local/lib/python3.12/site-packages/discord/client.py", line 465, in _run_event
    await coro(*args, **kwargs)
  File "/app/asu_discord/cogs/analytics.py", line 652, in on_member_update
    before_timeout = before.timed_out_until
                     ^^^^^^^^^^^^^^^^^^^^^^
AttributeError: 'Member' object has no attribute 'timed_out_until'
Ignoring exception in on_member_update
Traceback (most recent call last):
  File "/usr/local/lib/python3.12/site-packages/discord/client.py", line 465, in _run_event
    await coro(*args, **kwargs)
  File "/app/asu_discord/cogs/analytics.py", line 652, in on_member_update
    before_timeout = before.timed_out_until
                     ^^^^^^^^^^^^^^^^^^^^^^
AttributeError: 'Member' object has no attribute 'timed_out_until'
Ignoring exception in on_member_update
Traceback (most recent call last):
  File "/usr/local/lib/python3.12/site-packages/discord/client.py", line 465, in _run_event
    await coro(*args, **kwargs)
  File "/app/asu_discord/cogs/analytics.py", line 652, in on_member_update
    before_timeout = before.timed_out_until
                     ^^^^^^^^^^^^^^^^^^^^^^
AttributeError: 'Member' object has no attribute 'timed_out_until'
INFO:asu_discord.cogs.verification:Saved 5 roles to database for user jlwade12 (Discord ID: 1466567172242407526)
INFO:asu_discord.cogs.verification:Refreshed Salesforce roles for Discord user 1466567172242407526: -5/+5 roles, assigned=[Arizona Resident, Commited, First Year, New College of Interdisciplinary Arts and Sciences, Online]
Ignoring exception in on_member_update
Traceback (most recent call last):
  File "/usr/local/lib/python3.12/site-packages/discord/client.py", line 465, in _run_event
    await coro(*args, **kwargs)
  File "/app/asu_discord/cogs/analytics.py", line 652, in on_member_update
    before_timeout = before.timed_out_until
                     ^^^^^^^^^^^^^^^^^^^^^^
AttributeError: 'Member' object has no attribute 'timed_out_until'
Ignoring exception in on_member_update
Traceback (most recent call last):
  File "/usr/local/lib/python3.12/site-packages/discord/client.py", line 465, in _run_event
    await coro(*args, **kwargs)
  File "/app/asu_discord/cogs/analytics.py", line 652, in on_member_update
    before_timeout = before.timed_out_until
                     ^^^^^^^^^^^^^^^^^^^^^^
AttributeError: 'Member' object has no attribute 'timed_out_until'
Ignoring exception in on_member_update
Traceback (most recent call last):
  File "/usr/local/lib/python3.12/site-packages/discord/client.py", line 465, in _run_event
    await coro(*args, **kwargs)
  File "/app/asu_discord/cogs/analytics.py", line 652, in on_member_update
    before_timeout = before.timed_out_until
                     ^^^^^^^^^^^^^^^^^^^^^^
AttributeError: 'Member' object has no attribute 'timed_out_until'
Ignoring exception in on_member_update
Traceback (most recent call last):
  File "/usr/local/lib/python3.12/site-packages/discord/client.py", line 465, in _run_event
    await coro(*args, **kwargs)
  File "/app/asu_discord/cogs/analytics.py", line 652, in on_member_update
    before_timeout = before.timed_out_until
                     ^^^^^^^^^^^^^^^^^^^^^^
AttributeError: 'Member' object has no attribute 'timed_out_until'
Ignoring exception in on_member_update
Traceback (most recent call last):
  File "/usr/local/lib/python3.12/site-packages/discord/client.py", line 465, in _run_event
    await coro(*args, **kwargs)
  File "/app/asu_discord/cogs/analytics.py", line 652, in on_member_update
    before_timeout = before.timed_out_until
                     ^^^^^^^^^^^^^^^^^^^^^^
AttributeError: 'Member' object has no attribute 'timed_out_until'
Ignoring exception in on_member_update
Traceback (most recent call last):
  File "/usr/local/lib/python3.12/site-packages/discord/client.py", line 465, in _run_event
    await coro(*args, **kwargs)
  File "/app/asu_discord/cogs/analytics.py", line 652, in on_member_update
    before_timeout = before.timed_out_until
                     ^^^^^^^^^^^^^^^^^^^^^^
AttributeError: 'Member' object has no attribute 'timed_out_until'
Ignoring exception in on_member_update
Traceback (most recent call last):
  File "/usr/local/lib/python3.12/site-packages/discord/client.py", line 465, in _run_event
    await coro(*args, **kwargs)
  File "/app/asu_discord/cogs/analytics.py", line 652, in on_member_update
    before_timeout = before.timed_out_until
                     ^^^^^^^^^^^^^^^^^^^^^^
AttributeError: 'Member' object has no attribute 'timed_out_until'
Ignoring exception in on_member_update
Traceback (most recent call last):
  File "/usr/local/lib/python3.12/site-packages/discord/client.py", line 465, in _run_event
    await coro(*args, **kwargs)
  File "/app/asu_discord/cogs/analytics.py", line 652, in on_member_update
    before_timeout = before.timed_out_until
                     ^^^^^^^^^^^^^^^^^^^^^^
AttributeError: 'Member' object has no attribute 'timed_out_until'
Ignoring exception in on_member_update
Traceback (most recent call last):
  File "/usr/local/lib/python3.12/site-packages/discord/client.py", line 465, in _run_event
    await coro(*args, **kwargs)
  File "/app/asu_discord/cogs/analytics.py", line 652, in on_member_update
    before_timeout = before.timed_out_until
                     ^^^^^^^^^^^^^^^^^^^^^^
AttributeError: 'Member' object has no attribute 'timed_out_until'
Ignoring exception in on_member_update
Traceback (most recent call last):
  File "/usr/local/lib/python3.12/site-packages/discord/client.py", line 465, in _run_event
    await coro(*args, **kwargs)
  File "/app/asu_discord/cogs/analytics.py", line 652, in on_member_update
    before_timeout = before.timed_out_until
                     ^^^^^^^^^^^^^^^^^^^^^^
AttributeError: 'Member' object has no attribute 'timed_out_until'
INFO:asu_discord.cogs.verification:Saved 5 roles to database for user ddukumba (Discord ID: 695965507957948486)
INFO:asu_discord.cogs.verification:Refreshed Salesforce roles for Discord user 695965507957948486: -5/+5 roles, assigned=[Commited, First Year, International Student, Ira A. Fulton Schools of Engineering, Tempe]
Ignoring exception in on_member_update
Traceback (most recent call last):
  File "/usr/local/lib/python3.12/site-packages/discord/client.py", line 465, in _run_event
    await coro(*args, **kwargs)
  File "/app/asu_discord/cogs/analytics.py", line 652, in on_member_update
    before_timeout = before.timed_out_until
                     ^^^^^^^^^^^^^^^^^^^^^^
AttributeError: 'Member' object has no attribute 'timed_out_until'
Ignoring exception in on_member_update
Traceback (most recent call last):
  File "/usr/local/lib/python3.12/site-packages/discord/client.py", line 465, in _run_event
    await coro(*args, **kwargs)
  File "/app/asu_discord/cogs/analytics.py", line 652, in on_member_update
    before_timeout = before.timed_out_until
                     ^^^^^^^^^^^^^^^^^^^^^^
AttributeError: 'Member' object has no attribute 'timed_out_until'
Ignoring exception in on_member_update
Traceback (most recent call last):
  File "/usr/local/lib/python3.12/site-packages/discord/client.py", line 465, in _run_event
    await coro(*args, **kwargs)
  File "/app/asu_discord/cogs/analytics.py", line 652, in on_member_update
    before_timeout = before.timed_out_until
                     ^^^^^^^^^^^^^^^^^^^^^^
AttributeError: 'Member' object has no attribute 'timed_out_until'
Ignoring exception in on_member_update
Traceback (most recent call last):
  File "/usr/local/lib/python3.12/site-packages/discord/client.py", line 465, in _run_event
    await coro(*args, **kwargs)
  File "/app/asu_discord/cogs/analytics.py", line 652, in on_member_update
    before_timeout = before.timed_out_until
                     ^^^^^^^^^^^^^^^^^^^^^^
AttributeError: 'Member' object has no attribute 'timed_out_until'
Ignoring exception in on_member_update
Traceback (most recent call last):
  File "/usr/local/lib/python3.12/site-packages/discord/client.py", line 465, in _run_event
    await coro(*args, **kwargs)
  File "/app/asu_discord/cogs/analytics.py", line 652, in on_member_update
    before_timeout = before.timed_out_until
                     ^^^^^^^^^^^^^^^^^^^^^^
AttributeError: 'Member' object has no attribute 'timed_out_until'
Ignoring exception in on_member_update
Traceback (most recent call last):
  File "/usr/local/lib/python3.12/site-packages/discord/client.py", line 465, in _run_event
    await coro(*args, **kwargs)
  File "/app/asu_discord/cogs/analytics.py", line 652, in on_member_update
    before_timeout = before.timed_out_until
                     ^^^^^^^^^^^^^^^^^^^^^^
AttributeError: 'Member' object has no attribute 'timed_out_until'
Ignoring exception in on_member_update
Traceback (most recent call last):
  File "/usr/local/lib/python3.12/site-packages/discord/client.py", line 465, in _run_event
    await coro(*args, **kwargs)
  File "/app/asu_discord/cogs/analytics.py", line 652, in on_member_update
    before_timeout = before.timed_out_until
                     ^^^^^^^^^^^^^^^^^^^^^^
AttributeError: 'Member' object has no attribute 'timed_out_until'
Ignoring exception in on_member_update
Traceback (most recent call last):
  File "/usr/local/lib/python3.12/site-packages/discord/client.py", line 465, in _run_event
    await coro(*args, **kwargs)
  File "/app/asu_discord/cogs/analytics.py", line 652, in on_member_update
    before_timeout = before.timed_out_until
                     ^^^^^^^^^^^^^^^^^^^^^^
AttributeError: 'Member' object has no attribute 'timed_out_until'
Ignoring exception in on_member_update
Traceback (most recent call last):
  File "/usr/local/lib/python3.12/site-packages/discord/client.py", line 465, in _run_event
    await coro(*args, **kwargs)
  File "/app/asu_discord/cogs/analytics.py", line 652, in on_member_update
    before_timeout = before.timed_out_until
                     ^^^^^^^^^^^^^^^^^^^^^^
AttributeError: 'Member' object has no attribute 'timed_out_until'
Ignoring exception in on_member_update
Traceback (most recent call last):
  File "/usr/local/lib/python3.12/site-packages/discord/client.py", line 465, in _run_event
    await coro(*args, **kwargs)
  File "/app/asu_discord/cogs/analytics.py", line 652, in on_member_update
    before_timeout = before.timed_out_until
                     ^^^^^^^^^^^^^^^^^^^^^^
AttributeError: 'Member' object has no attribute 'timed_out_until'
Ignoring exception in on_member_update
Traceback (most recent call last):
  File "/usr/local/lib/python3.12/site-packages/discord/client.py", line 465, in _run_event
    await coro(*args, **kwargs)
  File "/app/asu_discord/cogs/analytics.py", line 652, in on_member_update
    before_timeout = before.timed_out_until
                     ^^^^^^^^^^^^^^^^^^^^^^
AttributeError: 'Member' object has no attribute 'timed_out_until'
ERROR:cron.jobs:refresh_salesforce_roles: failed for mquino41 (Discord ID 1366912590139363328): Timed out refresh Salesforce-based roles
Ignoring exception in on_member_update
Traceback (most recent call last):
  File "/usr/local/lib/python3.12/site-packages/discord/client.py", line 465, in _run_event
    await coro(*args, **kwargs)
  File "/app/asu_discord/cogs/analytics.py", line 652, in on_member_update
    before_timeout = before.timed_out_until
                     ^^^^^^^^^^^^^^^^^^^^^^
AttributeError: 'Member' object has no attribute 'timed_out_until'
Ignoring exception in on_member_update
Traceback (most recent call last):
  File "/usr/local/lib/python3.12/site-packages/discord/client.py", line 465, in _run_event
    await coro(*args, **kwargs)
  File "/app/asu_discord/cogs/analytics.py", line 652, in on_member_update
    before_timeout = before.timed_out_until
                     ^^^^^^^^^^^^^^^^^^^^^^
AttributeError: 'Member' object has no attribute 'timed_out_until'
Ignoring exception in on_member_update
Traceback (most recent call last):
  File "/usr/local/lib/python3.12/site-packages/discord/client.py", line 465, in _run_event
    await coro(*args, **kwargs)
  File "/app/asu_discord/cogs/analytics.py", line 652, in on_member_update
    before_timeout = before.timed_out_until
                     ^^^^^^^^^^^^^^^^^^^^^^
AttributeError: 'Member' object has no attribute 'timed_out_until'
Ignoring exception in on_member_update
Traceback (most recent call last):
  File "/usr/local/lib/python3.12/site-packages/discord/client.py", line 465, in _run_event
    await coro(*args, **kwargs)
  File "/app/asu_discord/cogs/analytics.py", line 652, in on_member_update
    before_timeout = before.timed_out_until
                     ^^^^^^^^^^^^^^^^^^^^^^
AttributeError: 'Member' object has no attribute 'timed_out_until'
Ignoring exception in on_member_update
Traceback (most recent call last):
  File "/usr/local/lib/python3.12/site-packages/discord/client.py", line 465, in _run_event
    await coro(*args, **kwargs)
  File "/app/asu_discord/cogs/analytics.py", line 652, in on_member_update
    before_timeout = before.timed_out_until
                     ^^^^^^^^^^^^^^^^^^^^^^
AttributeError: 'Member' object has no attribute 'timed_out_until'
Ignoring exception in on_member_update
Traceback (most recent call last):
  File "/usr/local/lib/python3.12/site-packages/discord/client.py", line 465, in _run_event
    await coro(*args, **kwargs)
  File "/app/asu_discord/cogs/analytics.py", line 652, in on_member_update
    before_timeout = before.timed_out_until
                     ^^^^^^^^^^^^^^^^^^^^^^
AttributeError: 'Member' object has no attribute 'timed_out_until'
Ignoring exception in on_member_update
Traceback (most recent call last):
  File "/usr/local/lib/python3.12/site-packages/discord/client.py", line 465, in _run_event
    await coro(*args, **kwargs)
  File "/app/asu_discord/cogs/analytics.py", line 652, in on_member_update
    before_timeout = before.timed_out_until
                     ^^^^^^^^^^^^^^^^^^^^^^
AttributeError: 'Member' object has no attribute 'timed_out_until'
Ignoring exception in on_member_update
Traceback (most recent call last):
  File "/usr/local/lib/python3.12/site-packages/discord/client.py", line 465, in _run_event
    await coro(*args, **kwargs)
  File "/app/asu_discord/cogs/analytics.py", line 652, in on_member_update
    before_timeout = before.timed_out_until
                     ^^^^^^^^^^^^^^^^^^^^^^
AttributeError: 'Member' object has no attribute 'timed_out_until'
Ignoring exception in on_member_update
Traceback (most recent call last):
  File "/usr/local/lib/python3.12/site-packages/discord/client.py", line 465, in _run_event
    await coro(*args, **kwargs)
  File "/app/asu_discord/cogs/analytics.py", line 652, in on_member_update
    before_timeout = before.timed_out_until
                     ^^^^^^^^^^^^^^^^^^^^^^
AttributeError: 'Member' object has no attribute 'timed_out_until'
Ignoring exception in on_member_update
Traceback (most recent call last):
  File "/usr/local/lib/python3.12/site-packages/discord/client.py", line 465, in _run_event
    await coro(*args, **kwargs)
  File "/app/asu_discord/cogs/analytics.py", line 652, in on_member_update
    before_timeout = before.timed_out_until
                     ^^^^^^^^^^^^^^^^^^^^^^
AttributeError: 'Member' object has no attribute 'timed_out_until'
INFO:asu_discord.cogs.verification:Saved 5 roles to database for user jupenaf1 (Discord ID: 1272702902728917037)
INFO:asu_discord.cogs.verification:Refreshed Salesforce roles for Discord user 1272702902728917037: -5/+5 roles, assigned=[Arizona Resident, Commited, First Year, Ira A. Fulton Schools of Engineering, Tempe]
Ignoring exception in on_member_update
Traceback (most recent call last):
  File "/usr/local/lib/python3.12/site-packages/discord/client.py", line 465, in _run_event
    await coro(*args, **kwargs)
  File "/app/asu_discord/cogs/analytics.py", line 652, in on_member_update
    before_timeout = before.timed_out_until
                     ^^^^^^^^^^^^^^^^^^^^^^
AttributeError: 'Member' object has no attribute 'timed_out_until'
Ignoring exception in on_member_update
Traceback (most recent call last):
  File "/usr/local/lib/python3.12/site-packages/discord/client.py", line 465, in _run_event
    await coro(*args, **kwargs)
  File "/app/asu_discord/cogs/analytics.py", line 652, in on_member_update
    before_timeout = before.timed_out_until
                     ^^^^^^^^^^^^^^^^^^^^^^
AttributeError: 'Member' object has no attribute 'timed_out_until'
Ignoring exception in on_member_update
Traceback (most recent call last):
  File "/usr/local/lib/python3.12/site-packages/discord/client.py", line 465, in _run_event
    await coro(*args, **kwargs)
  File "/app/asu_discord/cogs/analytics.py", line 652, in on_member_update
    before_timeout = before.timed_out_until
                     ^^^^^^^^^^^^^^^^^^^^^^
AttributeError: 'Member' object has no attribute 'timed_out_until'
Ignoring exception in on_member_update
Traceback (most recent call last):
  File "/usr/local/lib/python3.12/site-packages/discord/client.py", line 465, in _run_event
    await coro(*args, **kwargs)
  File "/app/asu_discord/cogs/analytics.py", line 652, in on_member_update
    before_timeout = before.timed_out_until
                     ^^^^^^^^^^^^^^^^^^^^^^
AttributeError: 'Member' object has no attribute 'timed_out_until'
Ignoring exception in on_member_update
Traceback (most recent call last):
  File "/usr/local/lib/python3.12/site-packages/discord/client.py", line 465, in _run_event
    await coro(*args, **kwargs)
  File "/app/asu_discord/cogs/analytics.py", line 652, in on_member_update
    before_timeout = before.timed_out_until
                     ^^^^^^^^^^^^^^^^^^^^^^
AttributeError: 'Member' object has no attribute 'timed_out_until'
Ignoring exception in on_member_update
Traceback (most recent call last):
  File "/usr/local/lib/python3.12/site-packages/discord/client.py", line 465, in _run_event
    await coro(*args, **kwargs)
  File "/app/asu_discord/cogs/analytics.py", line 652, in on_member_update
    before_timeout = before.timed_out_until
                     ^^^^^^^^^^^^^^^^^^^^^^
AttributeError: 'Member' object has no attribute 'timed_out_until'
Ignoring exception in on_member_update
Traceback (most recent call last):
  File "/usr/local/lib/python3.12/site-packages/discord/client.py", line 465, in _run_event
    await coro(*args, **kwargs)
  File "/app/asu_discord/cogs/analytics.py", line 652, in on_member_update
    before_timeout = before.timed_out_until
                     ^^^^^^^^^^^^^^^^^^^^^^
AttributeError: 'Member' object has no attribute 'timed_out_until'
Ignoring exception in on_member_update
Traceback (most recent call last):
  File "/usr/local/lib/python3.12/site-packages/discord/client.py", line 465, in _run_event
    await coro(*args, **kwargs)
  File "/app/asu_discord/cogs/analytics.py", line 652, in on_member_update
    before_timeout = before.timed_out_until
                     ^^^^^^^^^^^^^^^^^^^^^^
AttributeError: 'Member' object has no attribute 'timed_out_until'
INFO:asu_discord.cogs.verification:Saved 4 roles to database for user apowvall (Discord ID: 1416933316824666233)
INFO:asu_discord.cogs.verification:Refreshed Salesforce roles for Discord user 1416933316824666233: -4/+4 roles, assigned=[First Year, Ira A. Fulton Schools of Engineering, Out of State, Tempe]
Ignoring exception in on_member_update
Traceback (most recent call last):
  File "/usr/local/lib/python3.12/site-packages/discord/client.py", line 465, in _run_event
    await coro(*args, **kwargs)
  File "/app/asu_discord/cogs/analytics.py", line 652, in on_member_update
    before_timeout = before.timed_out_until
                     ^^^^^^^^^^^^^^^^^^^^^^
AttributeError: 'Member' object has no attribute 'timed_out_until'
Ignoring exception in on_member_update
Traceback (most recent call last):
  File "/usr/local/lib/python3.12/site-packages/discord/client.py", line 465, in _run_event
    await coro(*args, **kwargs)
  File "/app/asu_discord/cogs/analytics.py", line 652, in on_member_update
    before_timeout = before.timed_out_until
                     ^^^^^^^^^^^^^^^^^^^^^^
AttributeError: 'Member' object has no attribute 'timed_out_until'
Ignoring exception in on_member_update
Traceback (most recent call last):
  File "/usr/local/lib/python3.12/site-packages/discord/client.py", line 465, in _run_event
    await coro(*args, **kwargs)
  File "/app/asu_discord/cogs/analytics.py", line 652, in on_member_update
    before_timeout = before.timed_out_until
                     ^^^^^^^^^^^^^^^^^^^^^^
AttributeError: 'Member' object has no attribute 'timed_out_until'
Ignoring exception in on_member_update
Traceback (most recent call last):
  File "/usr/local/lib/python3.12/site-packages/discord/client.py", line 465, in _run_event
    await coro(*args, **kwargs)
  File "/app/asu_discord/cogs/analytics.py", line 652, in on_member_update
    before_timeout = before.timed_out_until
                     ^^^^^^^^^^^^^^^^^^^^^^
AttributeError: 'Member' object has no attribute 'timed_out_until'
Ignoring exception in on_member_update
Traceback (most recent call last):
  File "/usr/local/lib/python3.12/site-packages/discord/client.py", line 465, in _run_event
    await coro(*args, **kwargs)
  File "/app/asu_discord/cogs/analytics.py", line 652, in on_member_update
    before_timeout = before.timed_out_until
                     ^^^^^^^^^^^^^^^^^^^^^^
AttributeError: 'Member' object has no attribute 'timed_out_until'
Ignoring exception in on_member_update
Traceback (most recent call last):
  File "/usr/local/lib/python3.12/site-packages/discord/client.py", line 465, in _run_event
    await coro(*args, **kwargs)
  File "/app/asu_discord/cogs/analytics.py", line 652, in on_member_update
    before_timeout = before.timed_out_until
                     ^^^^^^^^^^^^^^^^^^^^^^
AttributeError: 'Member' object has no attribute 'timed_out_until'
Ignoring exception in on_member_update
Traceback (most recent call last):
  File "/usr/local/lib/python3.12/site-packages/discord/client.py", line 465, in _run_event
    await coro(*args, **kwargs)
  File "/app/asu_discord/cogs/analytics.py", line 652, in on_member_update
    before_timeout = before.timed_out_until
                     ^^^^^^^^^^^^^^^^^^^^^^
AttributeError: 'Member' object has no attribute 'timed_out_until'
INFO:asu_discord.cogs.verification:Saved 4 roles to database for user jsatu (Discord ID: 1462034011911356593)
INFO:asu_discord.cogs.verification:Refreshed Salesforce roles for Discord user 1462034011911356593: -3/+4 roles, assigned=[College of Liberal Arts and Sciences, First Year, International Student, Tempe]
ERROR:cron.jobs:refresh_salesforce_roles: failed for odorranc (Discord ID 756009815053959330): Failed to refresh Salesforce-based roles: Discord user 756009815053959330 is not a member of the guild
Ignoring exception in on_member_update
Traceback (most recent call last):
  File "/usr/local/lib/python3.12/site-packages/discord/client.py", line 465, in _run_event
    await coro(*args, **kwargs)
  File "/app/asu_discord/cogs/analytics.py", line 652, in on_member_update
    before_timeout = before.timed_out_until
                     ^^^^^^^^^^^^^^^^^^^^^^
AttributeError: 'Member' object has no attribute 'timed_out_until'
Ignoring exception in on_member_update
Traceback (most recent call last):
  File "/usr/local/lib/python3.12/site-packages/discord/client.py", line 465, in _run_event
    await coro(*args, **kwargs)
  File "/app/asu_discord/cogs/analytics.py", line 652, in on_member_update
    before_timeout = before.timed_out_until
                     ^^^^^^^^^^^^^^^^^^^^^^
AttributeError: 'Member' object has no attribute 'timed_out_until'
Ignoring exception in on_member_update
Traceback (most recent call last):
  File "/usr/local/lib/python3.12/site-packages/discord/client.py", line 465, in _run_event
    await coro(*args, **kwargs)
  File "/app/asu_discord/cogs/analytics.py", line 652, in on_member_update
    before_timeout = before.timed_out_until
                     ^^^^^^^^^^^^^^^^^^^^^^
AttributeError: 'Member' object has no attribute 'timed_out_until'
Ignoring exception in on_member_update
Traceback (most recent call last):
  File "/usr/local/lib/python3.12/site-packages/discord/client.py", line 465, in _run_event
    await coro(*args, **kwargs)
  File "/app/asu_discord/cogs/analytics.py", line 652, in on_member_update
    before_timeout = before.timed_out_until
                     ^^^^^^^^^^^^^^^^^^^^^^
AttributeError: 'Member' object has no attribute 'timed_out_until'
Ignoring exception in on_member_update
Traceback (most recent call last):
  File "/usr/local/lib/python3.12/site-packages/discord/client.py", line 465, in _run_event
    await coro(*args, **kwargs)
  File "/app/asu_discord/cogs/analytics.py", line 652, in on_member_update
    before_timeout = before.timed_out_until
                     ^^^^^^^^^^^^^^^^^^^^^^
AttributeError: 'Member' object has no attribute 'timed_out_until'
Ignoring exception in on_member_update
Traceback (most recent call last):
  File "/usr/local/lib/python3.12/site-packages/discord/client.py", line 465, in _run_event
    await coro(*args, **kwargs)
  File "/app/asu_discord/cogs/analytics.py", line 652, in on_member_update
    before_timeout = before.timed_out_until
                     ^^^^^^^^^^^^^^^^^^^^^^
AttributeError: 'Member' object has no attribute 'timed_out_until'
Ignoring exception in on_member_update
Traceback (most recent call last):
  File "/usr/local/lib/python3.12/site-packages/discord/client.py", line 465, in _run_event
    await coro(*args, **kwargs)
  File "/app/asu_discord/cogs/analytics.py", line 652, in on_member_update
    before_timeout = before.timed_out_until
                     ^^^^^^^^^^^^^^^^^^^^^^
AttributeError: 'Member' object has no attribute 'timed_out_until'
Ignoring exception in on_member_update
Traceback (most recent call last):
  File "/usr/local/lib/python3.12/site-packages/discord/client.py", line 465, in _run_event
    await coro(*args, **kwargs)
  File "/app/asu_discord/cogs/analytics.py", line 652, in on_member_update
    before_timeout = before.timed_out_until
                     ^^^^^^^^^^^^^^^^^^^^^^
AttributeError: 'Member' object has no attribute 'timed_out_until'
Ignoring exception in on_member_update
Traceback (most recent call last):
  File "/usr/local/lib/python3.12/site-packages/discord/client.py", line 465, in _run_event
    await coro(*args, **kwargs)
  File "/app/asu_discord/cogs/analytics.py", line 652, in on_member_update
    before_timeout = before.timed_out_until
                     ^^^^^^^^^^^^^^^^^^^^^^
AttributeError: 'Member' object has no attribute 'timed_out_until'
Ignoring exception in on_member_update
Traceback (most recent call last):
  File "/usr/local/lib/python3.12/site-packages/discord/client.py", line 465, in _run_event
    await coro(*args, **kwargs)
  File "/app/asu_discord/cogs/analytics.py", line 652, in on_member_update
    before_timeout = before.timed_out_until
                     ^^^^^^^^^^^^^^^^^^^^^^
AttributeError: 'Member' object has no attribute 'timed_out_until'
INFO:asu_discord.cogs.verification:Saved 5 roles to database for user ajnunn (Discord ID: 1410014800737472585)
INFO:asu_discord.cogs.verification:Refreshed Salesforce roles for Discord user 1410014800737472585: -5/+5 roles, assigned=[Arizona Resident, Commited, First Year, Mary Lou Fulton Teachers College, West Valley]
ERROR:cron.jobs:refresh_salesforce_roles: failed for fcruz128 (Discord ID 745475242000121968): Failed to refresh Salesforce-based roles: Discord user 745475242000121968 is not a member of the guild
Ignoring exception in on_member_update
Traceback (most recent call last):
  File "/usr/local/lib/python3.12/site-packages/discord/client.py", line 465, in _run_event
    await coro(*args, **kwargs)
  File "/app/asu_discord/cogs/analytics.py", line 652, in on_member_update
    before_timeout = before.timed_out_until
                     ^^^^^^^^^^^^^^^^^^^^^^
AttributeError: 'Member' object has no attribute 'timed_out_until'
Ignoring exception in on_member_update
Traceback (most recent call last):
  File "/usr/local/lib/python3.12/site-packages/discord/client.py", line 465, in _run_event
    await coro(*args, **kwargs)
  File "/app/asu_discord/cogs/analytics.py", line 652, in on_member_update
    before_timeout = before.timed_out_until
                     ^^^^^^^^^^^^^^^^^^^^^^
AttributeError: 'Member' object has no attribute 'timed_out_until'
Ignoring exception in on_member_update
Traceback (most recent call last):
  File "/usr/local/lib/python3.12/site-packages/discord/client.py", line 465, in _run_event
    await coro(*args, **kwargs)
  File "/app/asu_discord/cogs/analytics.py", line 652, in on_member_update
    before_timeout = before.timed_out_until
                     ^^^^^^^^^^^^^^^^^^^^^^
AttributeError: 'Member' object has no attribute 'timed_out_until'
Ignoring exception in on_member_update
Traceback (most recent call last):
  File "/usr/local/lib/python3.12/site-packages/discord/client.py", line 465, in _run_event
    await coro(*args, **kwargs)
  File "/app/asu_discord/cogs/analytics.py", line 652, in on_member_update
    before_timeout = before.timed_out_until
                     ^^^^^^^^^^^^^^^^^^^^^^
AttributeError: 'Member' object has no attribute 'timed_out_until'
Ignoring exception in on_member_update
Traceback (most recent call last):
  File "/usr/local/lib/python3.12/site-packages/discord/client.py", line 465, in _run_event
    await coro(*args, **kwargs)
  File "/app/asu_discord/cogs/analytics.py", line 652, in on_member_update
    before_timeout = before.timed_out_until
                     ^^^^^^^^^^^^^^^^^^^^^^
AttributeError: 'Member' object has no attribute 'timed_out_until'
Ignoring exception in on_member_update
Traceback (most recent call last):
  File "/usr/local/lib/python3.12/site-packages/discord/client.py", line 465, in _run_event
    await coro(*args, **kwargs)
  File "/app/asu_discord/cogs/analytics.py", line 652, in on_member_update
    before_timeout = before.timed_out_until
                     ^^^^^^^^^^^^^^^^^^^^^^
AttributeError: 'Member' object has no attribute 'timed_out_until'
Ignoring exception in on_member_update
Traceback (most recent call last):
  File "/usr/local/lib/python3.12/site-packages/discord/client.py", line 465, in _run_event
    await coro(*args, **kwargs)
  File "/app/asu_discord/cogs/analytics.py", line 652, in on_member_update
    before_timeout = before.timed_out_until
                     ^^^^^^^^^^^^^^^^^^^^^^
AttributeError: 'Member' object has no attribute 'timed_out_until'
Ignoring exception in on_member_update
Traceback (most recent call last):
  File "/usr/local/lib/python3.12/site-packages/discord/client.py", line 465, in _run_event
    await coro(*args, **kwargs)
  File "/app/asu_discord/cogs/analytics.py", line 652, in on_member_update
    before_timeout = before.timed_out_until
                     ^^^^^^^^^^^^^^^^^^^^^^
AttributeError: 'Member' object has no attribute 'timed_out_until'
Ignoring exception in on_member_update
Traceback (most recent call last):
  File "/usr/local/lib/python3.12/site-packages/discord/client.py", line 465, in _run_event
    await coro(*args, **kwargs)
  File "/app/asu_discord/cogs/analytics.py", line 652, in on_member_update
    before_timeout = before.timed_out_until
                     ^^^^^^^^^^^^^^^^^^^^^^
AttributeError: 'Member' object has no attribute 'timed_out_until'
Ignoring exception in on_member_update
Traceback (most recent call last):
  File "/usr/local/lib/python3.12/site-packages/discord/client.py", line 465, in _run_event
    await coro(*args, **kwargs)
  File "/app/asu_discord/cogs/analytics.py", line 652, in on_member_update
    before_timeout = before.timed_out_until
                     ^^^^^^^^^^^^^^^^^^^^^^
AttributeError: 'Member' object has no attribute 'timed_out_until'
INFO:asu_discord.cogs.verification:Saved 5 roles to database for user thibi (Discord ID: 562371135132663808)
INFO:asu_discord.cogs.verification:Refreshed Salesforce roles for Discord user 562371135132663808: -5/+5 roles, assigned=[Arizona Resident, College of Integrative Sciences and Arts, Commited, First Year, Tempe]
Ignoring exception in on_member_update
Traceback (most recent call last):
  File "/usr/local/lib/python3.12/site-packages/discord/client.py", line 465, in _run_event
    await coro(*args, **kwargs)
  File "/app/asu_discord/cogs/analytics.py", line 652, in on_member_update
    before_timeout = before.timed_out_until
                     ^^^^^^^^^^^^^^^^^^^^^^
AttributeError: 'Member' object has no attribute 'timed_out_until'
Ignoring exception in on_member_update
Traceback (most recent call last):
  File "/usr/local/lib/python3.12/site-packages/discord/client.py", line 465, in _run_event
    await coro(*args, **kwargs)
  File "/app/asu_discord/cogs/analytics.py", line 652, in on_member_update
    before_timeout = before.timed_out_until
                     ^^^^^^^^^^^^^^^^^^^^^^
AttributeError: 'Member' object has no attribute 'timed_out_until'
Ignoring exception in on_member_update
Traceback (most recent call last):
  File "/usr/local/lib/python3.12/site-packages/discord/client.py", line 465, in _run_event
    await coro(*args, **kwargs)
  File "/app/asu_discord/cogs/analytics.py", line 652, in on_member_update
    before_timeout = before.timed_out_until
                     ^^^^^^^^^^^^^^^^^^^^^^
AttributeError: 'Member' object has no attribute 'timed_out_until'
Ignoring exception in on_member_update
Traceback (most recent call last):
  File "/usr/local/lib/python3.12/site-packages/discord/client.py", line 465, in _run_event
    await coro(*args, **kwargs)
  File "/app/asu_discord/cogs/analytics.py", line 652, in on_member_update
    before_timeout = before.timed_out_until
                     ^^^^^^^^^^^^^^^^^^^^^^
AttributeError: 'Member' object has no attribute 'timed_out_until'
Ignoring exception in on_member_update
Traceback (most recent call last):
  File "/usr/local/lib/python3.12/site-packages/discord/client.py", line 465, in _run_event
    await coro(*args, **kwargs)
  File "/app/asu_discord/cogs/analytics.py", line 652, in on_member_update
    before_timeout = before.timed_out_until
                     ^^^^^^^^^^^^^^^^^^^^^^
AttributeError: 'Member' object has no attribute 'timed_out_until'
Ignoring exception in on_member_update
Traceback (most recent call last):
  File "/usr/local/lib/python3.12/site-packages/discord/client.py", line 465, in _run_event
    await coro(*args, **kwargs)
  File "/app/asu_discord/cogs/analytics.py", line 652, in on_member_update
    before_timeout = before.timed_out_until
                     ^^^^^^^^^^^^^^^^^^^^^^
AttributeError: 'Member' object has no attribute 'timed_out_until'
Ignoring exception in on_member_update
Traceback (most recent call last):
  File "/usr/local/lib/python3.12/site-packages/discord/client.py", line 465, in _run_event
    await coro(*args, **kwargs)
  File "/app/asu_discord/cogs/analytics.py", line 652, in on_member_update
    before_timeout = before.timed_out_until
                     ^^^^^^^^^^^^^^^^^^^^^^
AttributeError: 'Member' object has no attribute 'timed_out_until'
Ignoring exception in on_member_update
Traceback (most recent call last):
  File "/usr/local/lib/python3.12/site-packages/discord/client.py", line 465, in _run_event
    await coro(*args, **kwargs)
  File "/app/asu_discord/cogs/analytics.py", line 652, in on_member_update
    before_timeout = before.timed_out_until
                     ^^^^^^^^^^^^^^^^^^^^^^
AttributeError: 'Member' object has no attribute 'timed_out_until'
INFO:asu_discord.cogs.verification:Saved 5 roles to database for user dnshah13 (Discord ID: 1469089711154008210)
INFO:asu_discord.cogs.verification:Refreshed Salesforce roles for Discord user 1469089711154008210: -4/+4 roles, assigned=[Arizona Resident, College of Liberal Arts and Sciences, Commited, First Year, Tempe]
Ignoring exception in on_member_update
Traceback (most recent call last):
  File "/usr/local/lib/python3.12/site-packages/discord/client.py", line 465, in _run_event
    await coro(*args, **kwargs)
  File "/app/asu_discord/cogs/analytics.py", line 652, in on_member_update
    before_timeout = before.timed_out_until
                     ^^^^^^^^^^^^^^^^^^^^^^
AttributeError: 'Member' object has no attribute 'timed_out_until'
Ignoring exception in on_member_update
Traceback (most recent call last):
  File "/usr/local/lib/python3.12/site-packages/discord/client.py", line 465, in _run_event
    await coro(*args, **kwargs)
  File "/app/asu_discord/cogs/analytics.py", line 652, in on_member_update
    before_timeout = before.timed_out_until
                     ^^^^^^^^^^^^^^^^^^^^^^
AttributeError: 'Member' object has no attribute 'timed_out_until'
Ignoring exception in on_member_update
Traceback (most recent call last):
  File "/usr/local/lib/python3.12/site-packages/discord/client.py", line 465, in _run_event
    await coro(*args, **kwargs)
  File "/app/asu_discord/cogs/analytics.py", line 652, in on_member_update
    before_timeout = before.timed_out_until
                     ^^^^^^^^^^^^^^^^^^^^^^
AttributeError: 'Member' object has no attribute 'timed_out_until'
Ignoring exception in on_member_update
Traceback (most recent call last):
  File "/usr/local/lib/python3.12/site-packages/discord/client.py", line 465, in _run_event
    await coro(*args, **kwargs)
  File "/app/asu_discord/cogs/analytics.py", line 652, in on_member_update
    before_timeout = before.timed_out_until
                     ^^^^^^^^^^^^^^^^^^^^^^
AttributeError: 'Member' object has no attribute 'timed_out_until'
Ignoring exception in on_member_update
Traceback (most recent call last):
  File "/usr/local/lib/python3.12/site-packages/discord/client.py", line 465, in _run_event
    await coro(*args, **kwargs)
  File "/app/asu_discord/cogs/analytics.py", line 652, in on_member_update
    before_timeout = before.timed_out_until
                     ^^^^^^^^^^^^^^^^^^^^^^
AttributeError: 'Member' object has no attribute 'timed_out_until'
Ignoring exception in on_member_update
Traceback (most recent call last):
  File "/usr/local/lib/python3.12/site-packages/discord/client.py", line 465, in _run_event
    await coro(*args, **kwargs)
  File "/app/asu_discord/cogs/analytics.py", line 652, in on_member_update
    before_timeout = before.timed_out_until
                     ^^^^^^^^^^^^^^^^^^^^^^
AttributeError: 'Member' object has no attribute 'timed_out_until'
Ignoring exception in on_member_update
Traceback (most recent call last):
  File "/usr/local/lib/python3.12/site-packages/discord/client.py", line 465, in _run_event
    await coro(*args, **kwargs)
  File "/app/asu_discord/cogs/analytics.py", line 652, in on_member_update
    before_timeout = before.timed_out_until
                     ^^^^^^^^^^^^^^^^^^^^^^
AttributeError: 'Member' object has no attribute 'timed_out_until'
Ignoring exception in on_member_update
Traceback (most recent call last):
  File "/usr/local/lib/python3.12/site-packages/discord/client.py", line 465, in _run_event
    await coro(*args, **kwargs)
  File "/app/asu_discord/cogs/analytics.py", line 652, in on_member_update
    before_timeout = before.timed_out_until
                     ^^^^^^^^^^^^^^^^^^^^^^
AttributeError: 'Member' object has no attribute 'timed_out_until'
Ignoring exception in on_member_update
Traceback (most recent call last):
  File "/usr/local/lib/python3.12/site-packages/discord/client.py", line 465, in _run_event
    await coro(*args, **kwargs)
  File "/app/asu_discord/cogs/analytics.py", line 652, in on_member_update
    before_timeout = before.timed_out_until
                     ^^^^^^^^^^^^^^^^^^^^^^
AttributeError: 'Member' object has no attribute 'timed_out_until'
Ignoring exception in on_member_update
Traceback (most recent call last):
  File "/usr/local/lib/python3.12/site-packages/discord/client.py", line 465, in _run_event
    await coro(*args, **kwargs)
  File "/app/asu_discord/cogs/analytics.py", line 652, in on_member_update
    before_timeout = before.timed_out_until
                     ^^^^^^^^^^^^^^^^^^^^^^
AttributeError: 'Member' object has no attribute 'timed_out_until'
Ignoring exception in on_member_update
Traceback (most recent call last):
  File "/usr/local/lib/python3.12/site-packages/discord/client.py", line 465, in _run_event
    await coro(*args, **kwargs)
  File "/app/asu_discord/cogs/analytics.py", line 652, in on_member_update
    before_timeout = before.timed_out_until
                     ^^^^^^^^^^^^^^^^^^^^^^
AttributeError: 'Member' object has no attribute 'timed_out_until'
INFO:asu_discord.cogs.verification:Saved 6 roles to database for user djsumme2 (Discord ID: 1469552939809898526)
INFO:asu_discord.cogs.verification:Refreshed Salesforce roles for Discord user 1469552939809898526: -5/+6 roles, assigned=[Arizona Resident, Commited, First Generation Student, First Year, W.P. Carey School of Business, West Valley]
Ignoring exception in on_member_update
Traceback (most recent call last):
  File "/usr/local/lib/python3.12/site-packages/discord/client.py", line 465, in _run_event
    await coro(*args, **kwargs)
  File "/app/asu_discord/cogs/analytics.py", line 652, in on_member_update
    before_timeout = before.timed_out_until
                     ^^^^^^^^^^^^^^^^^^^^^^
AttributeError: 'Member' object has no attribute 'timed_out_until'
Ignoring exception in on_member_update
Traceback (most recent call last):
  File "/usr/local/lib/python3.12/site-packages/discord/client.py", line 465, in _run_event
    await coro(*args, **kwargs)
  File "/app/asu_discord/cogs/analytics.py", line 652, in on_member_update
    before_timeout = before.timed_out_until
                     ^^^^^^^^^^^^^^^^^^^^^^
AttributeError: 'Member' object has no attribute 'timed_out_until'
Ignoring exception in on_member_update
Traceback (most recent call last):
  File "/usr/local/lib/python3.12/site-packages/discord/client.py", line 465, in _run_event
    await coro(*args, **kwargs)
  File "/app/asu_discord/cogs/analytics.py", line 652, in on_member_update
    before_timeout = before.timed_out_until
                     ^^^^^^^^^^^^^^^^^^^^^^
AttributeError: 'Member' object has no attribute 'timed_out_until'
Ignoring exception in on_member_update
Traceback (most recent call last):
  File "/usr/local/lib/python3.12/site-packages/discord/client.py", line 465, in _run_event
    await coro(*args, **kwargs)
  File "/app/asu_discord/cogs/analytics.py", line 652, in on_member_update
    before_timeout = before.timed_out_until
                     ^^^^^^^^^^^^^^^^^^^^^^
AttributeError: 'Member' object has no attribute 'timed_out_until'
Ignoring exception in on_member_update
Traceback (most recent call last):
  File "/usr/local/lib/python3.12/site-packages/discord/client.py", line 465, in _run_event
    await coro(*args, **kwargs)
  File "/app/asu_discord/cogs/analytics.py", line 652, in on_member_update
    before_timeout = before.timed_out_until
                     ^^^^^^^^^^^^^^^^^^^^^^
AttributeError: 'Member' object has no attribute 'timed_out_until'
Ignoring exception in on_member_update
Traceback (most recent call last):
  File "/usr/local/lib/python3.12/site-packages/discord/client.py", line 465, in _run_event
    await coro(*args, **kwargs)
  File "/app/asu_discord/cogs/analytics.py", line 652, in on_member_update
    before_timeout = before.timed_out_until
                     ^^^^^^^^^^^^^^^^^^^^^^
AttributeError: 'Member' object has no attribute 'timed_out_until'
Ignoring exception in on_member_update
Traceback (most recent call last):
  File "/usr/local/lib/python3.12/site-packages/discord/client.py", line 465, in _run_event
    await coro(*args, **kwargs)
  File "/app/asu_discord/cogs/analytics.py", line 652, in on_member_update
    before_timeout = before.timed_out_until
                     ^^^^^^^^^^^^^^^^^^^^^^
AttributeError: 'Member' object has no attribute 'timed_out_until'
Ignoring exception in on_member_update
Traceback (most recent call last):
  File "/usr/local/lib/python3.12/site-packages/discord/client.py", line 465, in _run_event
    await coro(*args, **kwargs)
  File "/app/asu_discord/cogs/analytics.py", line 652, in on_member_update
    before_timeout = before.timed_out_until
                     ^^^^^^^^^^^^^^^^^^^^^^
AttributeError: 'Member' object has no attribute 'timed_out_until'
Ignoring exception in on_member_update
Traceback (most recent call last):
  File "/usr/local/lib/python3.12/site-packages/discord/client.py", line 465, in _run_event
    await coro(*args, **kwargs)
  File "/app/asu_discord/cogs/analytics.py", line 652, in on_member_update
    before_timeout = before.timed_out_until
                     ^^^^^^^^^^^^^^^^^^^^^^
AttributeError: 'Member' object has no attribute 'timed_out_until'
Ignoring exception in on_member_update
Traceback (most recent call last):
  File "/usr/local/lib/python3.12/site-packages/discord/client.py", line 465, in _run_event
    await coro(*args, **kwargs)
  File "/app/asu_discord/cogs/analytics.py", line 652, in on_member_update
    before_timeout = before.timed_out_until
                     ^^^^^^^^^^^^^^^^^^^^^^
AttributeError: 'Member' object has no attribute 'timed_out_until'
INFO:asu_discord.cogs.verification:Saved 5 roles to database for user sasaade (Discord ID: 1465523445528788993)
INFO:asu_discord.cogs.verification:Refreshed Salesforce roles for Discord user 1465523445528788993: -5/+5 roles, assigned=[Arizona Resident, College of Liberal Arts and Sciences, Commited, First Year, Tempe]
Ignoring exception in on_member_update
Traceback (most recent call last):
  File "/usr/local/lib/python3.12/site-packages/discord/client.py", line 465, in _run_event
    await coro(*args, **kwargs)
  File "/app/asu_discord/cogs/analytics.py", line 652, in on_member_update
    before_timeout = before.timed_out_until
                     ^^^^^^^^^^^^^^^^^^^^^^
AttributeError: 'Member' object has no attribute 'timed_out_until'
Ignoring exception in on_member_update
Traceback (most recent call last):
  File "/usr/local/lib/python3.12/site-packages/discord/client.py", line 465, in _run_event
    await coro(*args, **kwargs)
  File "/app/asu_discord/cogs/analytics.py", line 652, in on_member_update
    before_timeout = before.timed_out_until
                     ^^^^^^^^^^^^^^^^^^^^^^
AttributeError: 'Member' object has no attribute 'timed_out_until'
Ignoring exception in on_member_update
Traceback (most recent call last):
  File "/usr/local/lib/python3.12/site-packages/discord/client.py", line 465, in _run_event
    await coro(*args, **kwargs)
  File "/app/asu_discord/cogs/analytics.py", line 652, in on_member_update
    before_timeout = before.timed_out_until
                     ^^^^^^^^^^^^^^^^^^^^^^
AttributeError: 'Member' object has no attribute 'timed_out_until'
Ignoring exception in on_member_update
Traceback (most recent call last):
  File "/usr/local/lib/python3.12/site-packages/discord/client.py", line 465, in _run_event
    await coro(*args, **kwargs)
  File "/app/asu_discord/cogs/analytics.py", line 652, in on_member_update
    before_timeout = before.timed_out_until
                     ^^^^^^^^^^^^^^^^^^^^^^
AttributeError: 'Member' object has no attribute 'timed_out_until'
Ignoring exception in on_member_update
Traceback (most recent call last):
  File "/usr/local/lib/python3.12/site-packages/discord/client.py", line 465, in _run_event
    await coro(*args, **kwargs)
  File "/app/asu_discord/cogs/analytics.py", line 652, in on_member_update
    before_timeout = before.timed_out_until
                     ^^^^^^^^^^^^^^^^^^^^^^
AttributeError: 'Member' object has no attribute 'timed_out_until'
Ignoring exception in on_member_update
Traceback (most recent call last):
  File "/usr/local/lib/python3.12/site-packages/discord/client.py", line 465, in _run_event
    await coro(*args, **kwargs)
  File "/app/asu_discord/cogs/analytics.py", line 652, in on_member_update
    before_timeout = before.timed_out_until
                     ^^^^^^^^^^^^^^^^^^^^^^
AttributeError: 'Member' object has no attribute 'timed_out_until'
Ignoring exception in on_member_update
Traceback (most recent call last):
  File "/usr/local/lib/python3.12/site-packages/discord/client.py", line 465, in _run_event
    await coro(*args, **kwargs)
  File "/app/asu_discord/cogs/analytics.py", line 652, in on_member_update
    before_timeout = before.timed_out_until
                     ^^^^^^^^^^^^^^^^^^^^^^
AttributeError: 'Member' object has no attribute 'timed_out_until'
Ignoring exception in on_member_update
Traceback (most recent call last):
  File "/usr/local/lib/python3.12/site-packages/discord/client.py", line 465, in _run_event
    await coro(*args, **kwargs)
  File "/app/asu_discord/cogs/analytics.py", line 652, in on_member_update
    before_timeout = before.timed_out_until
                     ^^^^^^^^^^^^^^^^^^^^^^
AttributeError: 'Member' object has no attribute 'timed_out_until'
Ignoring exception in on_member_update
Traceback (most recent call last):
  File "/usr/local/lib/python3.12/site-packages/discord/client.py", line 465, in _run_event
    await coro(*args, **kwargs)
  File "/app/asu_discord/cogs/analytics.py", line 652, in on_member_update
    before_timeout = before.timed_out_until
                     ^^^^^^^^^^^^^^^^^^^^^^
AttributeError: 'Member' object has no attribute 'timed_out_until'
Ignoring exception in on_member_update
Traceback (most recent call last):
  File "/usr/local/lib/python3.12/site-packages/discord/client.py", line 465, in _run_event
    await coro(*args, **kwargs)
  File "/app/asu_discord/cogs/analytics.py", line 652, in on_member_update
    before_timeout = before.timed_out_until
                     ^^^^^^^^^^^^^^^^^^^^^^
AttributeError: 'Member' object has no attribute 'timed_out_until'
Ignoring exception in on_member_update
Traceback (most recent call last):
  File "/usr/local/lib/python3.12/site-packages/discord/client.py", line 465, in _run_event
    await coro(*args, **kwargs)
  File "/app/asu_discord/cogs/analytics.py", line 652, in on_member_update
    before_timeout = before.timed_out_until
                     ^^^^^^^^^^^^^^^^^^^^^^
AttributeError: 'Member' object has no attribute 'timed_out_until'
INFO:asu_discord.cogs.verification:Saved 5 roles to database for user pesosa (Discord ID: 591148119996235787)
INFO:asu_discord.cogs.verification:Refreshed Salesforce roles for Discord user 591148119996235787: -5/+5 roles, assigned=[Arizona Resident, First Generation Student, First Year, Ira A. Fulton Schools of Engineering, Tempe]
Ignoring exception in on_member_update
Traceback (most recent call last):
  File "/usr/local/lib/python3.12/site-packages/discord/client.py", line 465, in _run_event
    await coro(*args, **kwargs)
  File "/app/asu_discord/cogs/analytics.py", line 652, in on_member_update
    before_timeout = before.timed_out_until
                     ^^^^^^^^^^^^^^^^^^^^^^
AttributeError: 'Member' object has no attribute 'timed_out_until'
Ignoring exception in on_member_update
Traceback (most recent call last):
  File "/usr/local/lib/python3.12/site-packages/discord/client.py", line 465, in _run_event
    await coro(*args, **kwargs)
  File "/app/asu_discord/cogs/analytics.py", line 652, in on_member_update
    before_timeout = before.timed_out_until
                     ^^^^^^^^^^^^^^^^^^^^^^
AttributeError: 'Member' object has no attribute 'timed_out_until'
Ignoring exception in on_member_update
Traceback (most recent call last):
  File "/usr/local/lib/python3.12/site-packages/discord/client.py", line 465, in _run_event
    await coro(*args, **kwargs)
  File "/app/asu_discord/cogs/analytics.py", line 652, in on_member_update
    before_timeout = before.timed_out_until
                     ^^^^^^^^^^^^^^^^^^^^^^
AttributeError: 'Member' object has no attribute 'timed_out_until'
Ignoring exception in on_member_update
Traceback (most recent call last):
  File "/usr/local/lib/python3.12/site-packages/discord/client.py", line 465, in _run_event
    await coro(*args, **kwargs)
  File "/app/asu_discord/cogs/analytics.py", line 652, in on_member_update
    before_timeout = before.timed_out_until
                     ^^^^^^^^^^^^^^^^^^^^^^
AttributeError: 'Member' object has no attribute 'timed_out_until'
Ignoring exception in on_member_update
Traceback (most recent call last):
  File "/usr/local/lib/python3.12/site-packages/discord/client.py", line 465, in _run_event
    await coro(*args, **kwargs)
  File "/app/asu_discord/cogs/analytics.py", line 652, in on_member_update
    before_timeout = before.timed_out_until
                     ^^^^^^^^^^^^^^^^^^^^^^
AttributeError: 'Member' object has no attribute 'timed_out_until'
Ignoring exception in on_member_update
Traceback (most recent call last):
  File "/usr/local/lib/python3.12/site-packages/discord/client.py", line 465, in _run_event
    await coro(*args, **kwargs)
  File "/app/asu_discord/cogs/analytics.py", line 652, in on_member_update
    before_timeout = before.timed_out_until
                     ^^^^^^^^^^^^^^^^^^^^^^
AttributeError: 'Member' object has no attribute 'timed_out_until'
Ignoring exception in on_member_update
Traceback (most recent call last):
  File "/usr/local/lib/python3.12/site-packages/discord/client.py", line 465, in _run_event
    await coro(*args, **kwargs)
  File "/app/asu_discord/cogs/analytics.py", line 652, in on_member_update
    before_timeout = before.timed_out_until
                     ^^^^^^^^^^^^^^^^^^^^^^
AttributeError: 'Member' object has no attribute 'timed_out_until'
Ignoring exception in on_member_update
Traceback (most recent call last):
  File "/usr/local/lib/python3.12/site-packages/discord/client.py", line 465, in _run_event
    await coro(*args, **kwargs)
  File "/app/asu_discord/cogs/analytics.py", line 652, in on_member_update
    before_timeout = before.timed_out_until
                     ^^^^^^^^^^^^^^^^^^^^^^
AttributeError: 'Member' object has no attribute 'timed_out_until'
Ignoring exception in on_member_update
Traceback (most recent call last):
  File "/usr/local/lib/python3.12/site-packages/discord/client.py", line 465, in _run_event
    await coro(*args, **kwargs)
  File "/app/asu_discord/cogs/analytics.py", line 652, in on_member_update
    before_timeout = before.timed_out_until
                     ^^^^^^^^^^^^^^^^^^^^^^
AttributeError: 'Member' object has no attribute 'timed_out_until'
Ignoring exception in on_member_update
Traceback (most recent call last):
  File "/usr/local/lib/python3.12/site-packages/discord/client.py", line 465, in _run_event
    await coro(*args, **kwargs)
  File "/app/asu_discord/cogs/analytics.py", line 652, in on_member_update
    before_timeout = before.timed_out_until
                     ^^^^^^^^^^^^^^^^^^^^^^
AttributeError: 'Member' object has no attribute 'timed_out_until'
INFO:asu_discord.cogs.verification:Saved 5 roles to database for user jedwa116 (Discord ID: 1469582993365663767)
INFO:asu_discord.cogs.verification:Refreshed Salesforce roles for Discord user 1469582993365663767: -5/+5 roles, assigned=[Arizona Resident, Commited, First Year, Tempe, W.P. Carey School of Business]
ERROR:cron.jobs:refresh_salesforce_roles: failed for skim569 (Discord ID 336007583502565376): Failed to refresh Salesforce-based roles: Discord user 336007583502565376 is not a member of the guild
Ignoring exception in on_member_update
Traceback (most recent call last):
  File "/usr/local/lib/python3.12/site-packages/discord/client.py", line 465, in _run_event
    await coro(*args, **kwargs)
  File "/app/asu_discord/cogs/analytics.py", line 652, in on_member_update
    before_timeout = before.timed_out_until
                     ^^^^^^^^^^^^^^^^^^^^^^
AttributeError: 'Member' object has no attribute 'timed_out_until'
Ignoring exception in on_member_update
Traceback (most recent call last):
  File "/usr/local/lib/python3.12/site-packages/discord/client.py", line 465, in _run_event
    await coro(*args, **kwargs)
  File "/app/asu_discord/cogs/analytics.py", line 652, in on_member_update
    before_timeout = before.timed_out_until
                     ^^^^^^^^^^^^^^^^^^^^^^
AttributeError: 'Member' object has no attribute 'timed_out_until'
Ignoring exception in on_member_update
Traceback (most recent call last):
  File "/usr/local/lib/python3.12/site-packages/discord/client.py", line 465, in _run_event
    await coro(*args, **kwargs)
  File "/app/asu_discord/cogs/analytics.py", line 652, in on_member_update
    before_timeout = before.timed_out_until
                     ^^^^^^^^^^^^^^^^^^^^^^
AttributeError: 'Member' object has no attribute 'timed_out_until'
Ignoring exception in on_member_update
Traceback (most recent call last):
  File "/usr/local/lib/python3.12/site-packages/discord/client.py", line 465, in _run_event
    await coro(*args, **kwargs)
  File "/app/asu_discord/cogs/analytics.py", line 652, in on_member_update
    before_timeout = before.timed_out_until
                     ^^^^^^^^^^^^^^^^^^^^^^
AttributeError: 'Member' object has no attribute 'timed_out_until'
Ignoring exception in on_member_update
Traceback (most recent call last):
  File "/usr/local/lib/python3.12/site-packages/discord/client.py", line 465, in _run_event
    await coro(*args, **kwargs)
  File "/app/asu_discord/cogs/analytics.py", line 652, in on_member_update
    before_timeout = before.timed_out_until
                     ^^^^^^^^^^^^^^^^^^^^^^
AttributeError: 'Member' object has no attribute 'timed_out_until'
Ignoring exception in on_member_update
Traceback (most recent call last):
  File "/usr/local/lib/python3.12/site-packages/discord/client.py", line 465, in _run_event
    await coro(*args, **kwargs)
  File "/app/asu_discord/cogs/analytics.py", line 652, in on_member_update
    before_timeout = before.timed_out_until
                     ^^^^^^^^^^^^^^^^^^^^^^
AttributeError: 'Member' object has no attribute 'timed_out_until'
Ignoring exception in on_member_update
Traceback (most recent call last):
  File "/usr/local/lib/python3.12/site-packages/discord/client.py", line 465, in _run_event
    await coro(*args, **kwargs)
  File "/app/asu_discord/cogs/analytics.py", line 652, in on_member_update
    before_timeout = before.timed_out_until
                     ^^^^^^^^^^^^^^^^^^^^^^
AttributeError: 'Member' object has no attribute 'timed_out_until'
Ignoring exception in on_member_update
Traceback (most recent call last):
  File "/usr/local/lib/python3.12/site-packages/discord/client.py", line 465, in _run_event
    await coro(*args, **kwargs)
  File "/app/asu_discord/cogs/analytics.py", line 652, in on_member_update
    before_timeout = before.timed_out_until
                     ^^^^^^^^^^^^^^^^^^^^^^
AttributeError: 'Member' object has no attribute 'timed_out_until'
Ignoring exception in on_member_update
Traceback (most recent call last):
  File "/usr/local/lib/python3.12/site-packages/discord/client.py", line 465, in _run_event
    await coro(*args, **kwargs)
  File "/app/asu_discord/cogs/analytics.py", line 652, in on_member_update
    before_timeout = before.timed_out_until
                     ^^^^^^^^^^^^^^^^^^^^^^
AttributeError: 'Member' object has no attribute 'timed_out_until'
Ignoring exception in on_member_update
Traceback (most recent call last):
  File "/usr/local/lib/python3.12/site-packages/discord/client.py", line 465, in _run_event
    await coro(*args, **kwargs)
  File "/app/asu_discord/cogs/analytics.py", line 652, in on_member_update
    before_timeout = before.timed_out_until
                     ^^^^^^^^^^^^^^^^^^^^^^
AttributeError: 'Member' object has no attribute 'timed_out_until'
INFO:asu_discord.cogs.verification:Saved 5 roles to database for user kwplumme (Discord ID: 996233847584858132)
INFO:asu_discord.cogs.verification:Refreshed Salesforce roles for Discord user 996233847584858132: -5/+5 roles, assigned=[Commited, First Year, Ira A. Fulton Schools of Engineering, Out of State, Tempe]
Ignoring exception in on_member_update
Traceback (most recent call last):
  File "/usr/local/lib/python3.12/site-packages/discord/client.py", line 465, in _run_event
    await coro(*args, **kwargs)
  File "/app/asu_discord/cogs/analytics.py", line 652, in on_member_update
    before_timeout = before.timed_out_until
                     ^^^^^^^^^^^^^^^^^^^^^^
AttributeError: 'Member' object has no attribute 'timed_out_until'
Ignoring exception in on_member_update
Traceback (most recent call last):
  File "/usr/local/lib/python3.12/site-packages/discord/client.py", line 465, in _run_event
    await coro(*args, **kwargs)
  File "/app/asu_discord/cogs/analytics.py", line 652, in on_member_update
    before_timeout = before.timed_out_until
                     ^^^^^^^^^^^^^^^^^^^^^^
AttributeError: 'Member' object has no attribute 'timed_out_until'
Ignoring exception in on_member_update
Traceback (most recent call last):
  File "/usr/local/lib/python3.12/site-packages/discord/client.py", line 465, in _run_event
    await coro(*args, **kwargs)
  File "/app/asu_discord/cogs/analytics.py", line 652, in on_member_update
    before_timeout = before.timed_out_until
                     ^^^^^^^^^^^^^^^^^^^^^^
AttributeError: 'Member' object has no attribute 'timed_out_until'
Ignoring exception in on_member_update
Traceback (most recent call last):
  File "/usr/local/lib/python3.12/site-packages/discord/client.py", line 465, in _run_event
    await coro(*args, **kwargs)
  File "/app/asu_discord/cogs/analytics.py", line 652, in on_member_update
    before_timeout = before.timed_out_until
                     ^^^^^^^^^^^^^^^^^^^^^^
AttributeError: 'Member' object has no attribute 'timed_out_until'
Ignoring exception in on_member_update
Traceback (most recent call last):
  File "/usr/local/lib/python3.12/site-packages/discord/client.py", line 465, in _run_event
    await coro(*args, **kwargs)
  File "/app/asu_discord/cogs/analytics.py", line 652, in on_member_update
    before_timeout = before.timed_out_until
                     ^^^^^^^^^^^^^^^^^^^^^^
AttributeError: 'Member' object has no attribute 'timed_out_until'
Ignoring exception in on_member_update
Traceback (most recent call last):
  File "/usr/local/lib/python3.12/site-packages/discord/client.py", line 465, in _run_event
    await coro(*args, **kwargs)
  File "/app/asu_discord/cogs/analytics.py", line 652, in on_member_update
    before_timeout = before.timed_out_until
                     ^^^^^^^^^^^^^^^^^^^^^^
AttributeError: 'Member' object has no attribute 'timed_out_until'
Ignoring exception in on_member_update
Traceback (most recent call last):
  File "/usr/local/lib/python3.12/site-packages/discord/client.py", line 465, in _run_event
    await coro(*args, **kwargs)
  File "/app/asu_discord/cogs/analytics.py", line 652, in on_member_update
    before_timeout = before.timed_out_until
                     ^^^^^^^^^^^^^^^^^^^^^^
AttributeError: 'Member' object has no attribute 'timed_out_until'
Ignoring exception in on_member_update
Traceback (most recent call last):
  File "/usr/local/lib/python3.12/site-packages/discord/client.py", line 465, in _run_event
    await coro(*args, **kwargs)
  File "/app/asu_discord/cogs/analytics.py", line 652, in on_member_update
    before_timeout = before.timed_out_until
                     ^^^^^^^^^^^^^^^^^^^^^^
AttributeError: 'Member' object has no attribute 'timed_out_until'
INFO:asu_discord.cogs.verification:Saved 4 roles to database for user umarchin (Discord ID: 1469566357745172572)
INFO:asu_discord.cogs.verification:Refreshed Salesforce roles for Discord user 1469566357745172572: -4/+4 roles, assigned=[Graduate Student, International Student, Ira A. Fulton Schools of Engineering, Tempe]
Ignoring exception in on_member_update
Traceback (most recent call last):
  File "/usr/local/lib/python3.12/site-packages/discord/client.py", line 465, in _run_event
    await coro(*args, **kwargs)
  File "/app/asu_discord/cogs/analytics.py", line 652, in on_member_update
    before_timeout = before.timed_out_until
                     ^^^^^^^^^^^^^^^^^^^^^^
AttributeError: 'Member' object has no attribute 'timed_out_until'
Ignoring exception in on_member_update
Traceback (most recent call last):
  File "/usr/local/lib/python3.12/site-packages/discord/client.py", line 465, in _run_event
    await coro(*args, **kwargs)
  File "/app/asu_discord/cogs/analytics.py", line 652, in on_member_update
    before_timeout = before.timed_out_until
                     ^^^^^^^^^^^^^^^^^^^^^^
AttributeError: 'Member' object has no attribute 'timed_out_until'
Ignoring exception in on_member_update
Traceback (most recent call last):
  File "/usr/local/lib/python3.12/site-packages/discord/client.py", line 465, in _run_event
    await coro(*args, **kwargs)
  File "/app/asu_discord/cogs/analytics.py", line 652, in on_member_update
    before_timeout = before.timed_out_until
                     ^^^^^^^^^^^^^^^^^^^^^^
AttributeError: 'Member' object has no attribute 'timed_out_until'
Ignoring exception in on_member_update
Traceback (most recent call last):
  File "/usr/local/lib/python3.12/site-packages/discord/client.py", line 465, in _run_event
    await coro(*args, **kwargs)
  File "/app/asu_discord/cogs/analytics.py", line 652, in on_member_update
    before_timeout = before.timed_out_until
                     ^^^^^^^^^^^^^^^^^^^^^^
AttributeError: 'Member' object has no attribute 'timed_out_until'
Ignoring exception in on_member_update
Traceback (most recent call last):
  File "/usr/local/lib/python3.12/site-packages/discord/client.py", line 465, in _run_event
    await coro(*args, **kwargs)
  File "/app/asu_discord/cogs/analytics.py", line 652, in on_member_update
    before_timeout = before.timed_out_until
                     ^^^^^^^^^^^^^^^^^^^^^^
AttributeError: 'Member' object has no attribute 'timed_out_until'
Ignoring exception in on_member_update
Traceback (most recent call last):
  File "/usr/local/lib/python3.12/site-packages/discord/client.py", line 465, in _run_event
    await coro(*args, **kwargs)
  File "/app/asu_discord/cogs/analytics.py", line 652, in on_member_update
    before_timeout = before.timed_out_until
                     ^^^^^^^^^^^^^^^^^^^^^^
AttributeError: 'Member' object has no attribute 'timed_out_until'
Ignoring exception in on_member_update
Traceback (most recent call last):
  File "/usr/local/lib/python3.12/site-packages/discord/client.py", line 465, in _run_event
    await coro(*args, **kwargs)
  File "/app/asu_discord/cogs/analytics.py", line 652, in on_member_update
    before_timeout = before.timed_out_until
                     ^^^^^^^^^^^^^^^^^^^^^^
AttributeError: 'Member' object has no attribute 'timed_out_until'
Ignoring exception in on_member_update
Traceback (most recent call last):
  File "/usr/local/lib/python3.12/site-packages/discord/client.py", line 465, in _run_event
    await coro(*args, **kwargs)
  File "/app/asu_discord/cogs/analytics.py", line 652, in on_member_update
    before_timeout = before.timed_out_until
                     ^^^^^^^^^^^^^^^^^^^^^^
AttributeError: 'Member' object has no attribute 'timed_out_until'
Ignoring exception in on_member_update
Traceback (most recent call last):
  File "/usr/local/lib/python3.12/site-packages/discord/client.py", line 465, in _run_event
    await coro(*args, **kwargs)
  File "/app/asu_discord/cogs/analytics.py", line 652, in on_member_update
    before_timeout = before.timed_out_until
                     ^^^^^^^^^^^^^^^^^^^^^^
AttributeError: 'Member' object has no attribute 'timed_out_until'
Ignoring exception in on_member_update
Traceback (most recent call last):
  File "/usr/local/lib/python3.12/site-packages/discord/client.py", line 465, in _run_event
    await coro(*args, **kwargs)
  File "/app/asu_discord/cogs/analytics.py", line 652, in on_member_update
    before_timeout = before.timed_out_until
                     ^^^^^^^^^^^^^^^^^^^^^^
AttributeError: 'Member' object has no attribute 'timed_out_until'
INFO:asu_discord.cogs.verification:Saved 5 roles to database for user sgabhare (Discord ID: 396009785868419114)
INFO:asu_discord.cogs.verification:Refreshed Salesforce roles for Discord user 396009785868419114: -5/+5 roles, assigned=[Commited, Graduate Student, International Student, Ira A. Fulton Schools of Engineering, Tempe]
Ignoring exception in on_member_update
Traceback (most recent call last):
  File "/usr/local/lib/python3.12/site-packages/discord/client.py", line 465, in _run_event
    await coro(*args, **kwargs)
  File "/app/asu_discord/cogs/analytics.py", line 652, in on_member_update
    before_timeout = before.timed_out_until
                     ^^^^^^^^^^^^^^^^^^^^^^
AttributeError: 'Member' object has no attribute 'timed_out_until'
Ignoring exception in on_member_update
Traceback (most recent call last):
  File "/usr/local/lib/python3.12/site-packages/discord/client.py", line 465, in _run_event
    await coro(*args, **kwargs)
  File "/app/asu_discord/cogs/analytics.py", line 652, in on_member_update
    before_timeout = before.timed_out_until
                     ^^^^^^^^^^^^^^^^^^^^^^
AttributeError: 'Member' object has no attribute 'timed_out_until'
Ignoring exception in on_member_update
Traceback (most recent call last):
  File "/usr/local/lib/python3.12/site-packages/discord/client.py", line 465, in _run_event
    await coro(*args, **kwargs)
  File "/app/asu_discord/cogs/analytics.py", line 652, in on_member_update
    before_timeout = before.timed_out_until
                     ^^^^^^^^^^^^^^^^^^^^^^
AttributeError: 'Member' object has no attribute 'timed_out_until'
Ignoring exception in on_member_update
Traceback (most recent call last):
  File "/usr/local/lib/python3.12/site-packages/discord/client.py", line 465, in _run_event
    await coro(*args, **kwargs)
  File "/app/asu_discord/cogs/analytics.py", line 652, in on_member_update
    before_timeout = before.timed_out_until
                     ^^^^^^^^^^^^^^^^^^^^^^
AttributeError: 'Member' object has no attribute 'timed_out_until'
Ignoring exception in on_member_update
Traceback (most recent call last):
  File "/usr/local/lib/python3.12/site-packages/discord/client.py", line 465, in _run_event
    await coro(*args, **kwargs)
  File "/app/asu_discord/cogs/analytics.py", line 652, in on_member_update
    before_timeout = before.timed_out_until
                     ^^^^^^^^^^^^^^^^^^^^^^
AttributeError: 'Member' object has no attribute 'timed_out_until'
Ignoring exception in on_member_update
Traceback (most recent call last):
  File "/usr/local/lib/python3.12/site-packages/discord/client.py", line 465, in _run_event
    await coro(*args, **kwargs)
  File "/app/asu_discord/cogs/analytics.py", line 652, in on_member_update
    before_timeout = before.timed_out_until
                     ^^^^^^^^^^^^^^^^^^^^^^
AttributeError: 'Member' object has no attribute 'timed_out_until'
Ignoring exception in on_member_update
Traceback (most recent call last):
  File "/usr/local/lib/python3.12/site-packages/discord/client.py", line 465, in _run_event
    await coro(*args, **kwargs)
  File "/app/asu_discord/cogs/analytics.py", line 652, in on_member_update
    before_timeout = before.timed_out_until
                     ^^^^^^^^^^^^^^^^^^^^^^
AttributeError: 'Member' object has no attribute 'timed_out_until'
Ignoring exception in on_member_update
Traceback (most recent call last):
  File "/usr/local/lib/python3.12/site-packages/discord/client.py", line 465, in _run_event
    await coro(*args, **kwargs)
  File "/app/asu_discord/cogs/analytics.py", line 652, in on_member_update
    before_timeout = before.timed_out_until
                     ^^^^^^^^^^^^^^^^^^^^^^
AttributeError: 'Member' object has no attribute 'timed_out_until'
INFO:asu_discord.cogs.verification:Saved 4 roles to database for user taljuhan (Discord ID: 655514113526464602)
INFO:asu_discord.cogs.verification:Refreshed Salesforce roles for Discord user 655514113526464602: -4/+4 roles, assigned=[Graduate Student, International Student, W.P. Carey School of Business, West Valley]
ERROR:cron.jobs:refresh_salesforce_roles: failed for dtitov (Discord ID 791079719806042145): Failed to refresh Salesforce-based roles: Discord user 791079719806042145 is not a member of the guild
Ignoring exception in on_member_update
Traceback (most recent call last):
  File "/usr/local/lib/python3.12/site-packages/discord/client.py", line 465, in _run_event
    await coro(*args, **kwargs)
  File "/app/asu_discord/cogs/analytics.py", line 652, in on_member_update
    before_timeout = before.timed_out_until
                     ^^^^^^^^^^^^^^^^^^^^^^
AttributeError: 'Member' object has no attribute 'timed_out_until'
Ignoring exception in on_member_update
Traceback (most recent call last):
  File "/usr/local/lib/python3.12/site-packages/discord/client.py", line 465, in _run_event
    await coro(*args, **kwargs)
  File "/app/asu_discord/cogs/analytics.py", line 652, in on_member_update
    before_timeout = before.timed_out_until
                     ^^^^^^^^^^^^^^^^^^^^^^
AttributeError: 'Member' object has no attribute 'timed_out_until'
Ignoring exception in on_member_update
Traceback (most recent call last):
  File "/usr/local/lib/python3.12/site-packages/discord/client.py", line 465, in _run_event
    await coro(*args, **kwargs)
  File "/app/asu_discord/cogs/analytics.py", line 652, in on_member_update
    before_timeout = before.timed_out_until
                     ^^^^^^^^^^^^^^^^^^^^^^
AttributeError: 'Member' object has no attribute 'timed_out_until'
Ignoring exception in on_member_update
Traceback (most recent call last):
  File "/usr/local/lib/python3.12/site-packages/discord/client.py", line 465, in _run_event
    await coro(*args, **kwargs)
  File "/app/asu_discord/cogs/analytics.py", line 652, in on_member_update
    before_timeout = before.timed_out_until
                     ^^^^^^^^^^^^^^^^^^^^^^
AttributeError: 'Member' object has no attribute 'timed_out_until'
Ignoring exception in on_member_update
Traceback (most recent call last):
  File "/usr/local/lib/python3.12/site-packages/discord/client.py", line 465, in _run_event
    await coro(*args, **kwargs)
  File "/app/asu_discord/cogs/analytics.py", line 652, in on_member_update
    before_timeout = before.timed_out_until
                     ^^^^^^^^^^^^^^^^^^^^^^
AttributeError: 'Member' object has no attribute 'timed_out_until'
Ignoring exception in on_member_update
Traceback (most recent call last):
  File "/usr/local/lib/python3.12/site-packages/discord/client.py", line 465, in _run_event
    await coro(*args, **kwargs)
  File "/app/asu_discord/cogs/analytics.py", line 652, in on_member_update
    before_timeout = before.timed_out_until
                     ^^^^^^^^^^^^^^^^^^^^^^
AttributeError: 'Member' object has no attribute 'timed_out_until'
Ignoring exception in on_member_update
Traceback (most recent call last):
  File "/usr/local/lib/python3.12/site-packages/discord/client.py", line 465, in _run_event
    await coro(*args, **kwargs)
  File "/app/asu_discord/cogs/analytics.py", line 652, in on_member_update
    before_timeout = before.timed_out_until
                     ^^^^^^^^^^^^^^^^^^^^^^
AttributeError: 'Member' object has no attribute 'timed_out_until'
Ignoring exception in on_member_update
Traceback (most recent call last):
  File "/usr/local/lib/python3.12/site-packages/discord/client.py", line 465, in _run_event
    await coro(*args, **kwargs)
  File "/app/asu_discord/cogs/analytics.py", line 652, in on_member_update
    before_timeout = before.timed_out_until
                     ^^^^^^^^^^^^^^^^^^^^^^
AttributeError: 'Member' object has no attribute 'timed_out_until'
Ignoring exception in on_member_update
Traceback (most recent call last):
  File "/usr/local/lib/python3.12/site-packages/discord/client.py", line 465, in _run_event
    await coro(*args, **kwargs)
  File "/app/asu_discord/cogs/analytics.py", line 652, in on_member_update
    before_timeout = before.timed_out_until
                     ^^^^^^^^^^^^^^^^^^^^^^
AttributeError: 'Member' object has no attribute 'timed_out_until'
Ignoring exception in on_member_update
Traceback (most recent call last):
  File "/usr/local/lib/python3.12/site-packages/discord/client.py", line 465, in _run_event
    await coro(*args, **kwargs)
  File "/app/asu_discord/cogs/analytics.py", line 652, in on_member_update
    before_timeout = before.timed_out_until
                     ^^^^^^^^^^^^^^^^^^^^^^
AttributeError: 'Member' object has no attribute 'timed_out_until'
INFO:asu_discord.cogs.verification:Saved 5 roles to database for user ckopp1 (Discord ID: 1469850245893591195)
INFO:asu_discord.cogs.verification:Refreshed Salesforce roles for Discord user 1469850245893591195: -5/+5 roles, assigned=[Arizona Resident, College of Global Futures, Commited, First Year, Tempe]
Ignoring exception in on_member_update
Traceback (most recent call last):
  File "/usr/local/lib/python3.12/site-packages/discord/client.py", line 465, in _run_event
    await coro(*args, **kwargs)
  File "/app/asu_discord/cogs/analytics.py", line 652, in on_member_update
    before_timeout = before.timed_out_until
                     ^^^^^^^^^^^^^^^^^^^^^^
AttributeError: 'Member' object has no attribute 'timed_out_until'
Ignoring exception in on_member_update
Traceback (most recent call last):
  File "/usr/local/lib/python3.12/site-packages/discord/client.py", line 465, in _run_event
    await coro(*args, **kwargs)
  File "/app/asu_discord/cogs/analytics.py", line 652, in on_member_update
    before_timeout = before.timed_out_until
                     ^^^^^^^^^^^^^^^^^^^^^^
AttributeError: 'Member' object has no attribute 'timed_out_until'
Ignoring exception in on_member_update
Traceback (most recent call last):
  File "/usr/local/lib/python3.12/site-packages/discord/client.py", line 465, in _run_event
    await coro(*args, **kwargs)
  File "/app/asu_discord/cogs/analytics.py", line 652, in on_member_update
    before_timeout = before.timed_out_until
                     ^^^^^^^^^^^^^^^^^^^^^^
AttributeError: 'Member' object has no attribute 'timed_out_until'
Ignoring exception in on_member_update
Traceback (most recent call last):
  File "/usr/local/lib/python3.12/site-packages/discord/client.py", line 465, in _run_event
    await coro(*args, **kwargs)
  File "/app/asu_discord/cogs/analytics.py", line 652, in on_member_update
    before_timeout = before.timed_out_until
                     ^^^^^^^^^^^^^^^^^^^^^^
AttributeError: 'Member' object has no attribute 'timed_out_until'
Ignoring exception in on_member_update
Traceback (most recent call last):
  File "/usr/local/lib/python3.12/site-packages/discord/client.py", line 465, in _run_event
    await coro(*args, **kwargs)
  File "/app/asu_discord/cogs/analytics.py", line 652, in on_member_update
    before_timeout = before.timed_out_until
                     ^^^^^^^^^^^^^^^^^^^^^^
AttributeError: 'Member' object has no attribute 'timed_out_until'
Ignoring exception in on_member_update
Traceback (most recent call last):
  File "/usr/local/lib/python3.12/site-packages/discord/client.py", line 465, in _run_event
    await coro(*args, **kwargs)
  File "/app/asu_discord/cogs/analytics.py", line 652, in on_member_update
    before_timeout = before.timed_out_until
                     ^^^^^^^^^^^^^^^^^^^^^^
AttributeError: 'Member' object has no attribute 'timed_out_until'
Ignoring exception in on_member_update
Traceback (most recent call last):
  File "/usr/local/lib/python3.12/site-packages/discord/client.py", line 465, in _run_event
    await coro(*args, **kwargs)
  File "/app/asu_discord/cogs/analytics.py", line 652, in on_member_update
    before_timeout = before.timed_out_until
                     ^^^^^^^^^^^^^^^^^^^^^^
AttributeError: 'Member' object has no attribute 'timed_out_until'
Ignoring exception in on_member_update
Traceback (most recent call last):
  File "/usr/local/lib/python3.12/site-packages/discord/client.py", line 465, in _run_event
    await coro(*args, **kwargs)
  File "/app/asu_discord/cogs/analytics.py", line 652, in on_member_update
    before_timeout = before.timed_out_until
                     ^^^^^^^^^^^^^^^^^^^^^^
AttributeError: 'Member' object has no attribute 'timed_out_until'
Ignoring exception in on_member_update
Traceback (most recent call last):
  File "/usr/local/lib/python3.12/site-packages/discord/client.py", line 465, in _run_event
    await coro(*args, **kwargs)
  File "/app/asu_discord/cogs/analytics.py", line 652, in on_member_update
    before_timeout = before.timed_out_until
                     ^^^^^^^^^^^^^^^^^^^^^^
AttributeError: 'Member' object has no attribute 'timed_out_until'
Ignoring exception in on_member_update
Traceback (most recent call last):
  File "/usr/local/lib/python3.12/site-packages/discord/client.py", line 465, in _run_event
    await coro(*args, **kwargs)
  File "/app/asu_discord/cogs/analytics.py", line 652, in on_member_update
    before_timeout = before.timed_out_until
                     ^^^^^^^^^^^^^^^^^^^^^^
AttributeError: 'Member' object has no attribute 'timed_out_until'
INFO:asu_discord.cogs.verification:Saved 5 roles to database for user ejmalame (Discord ID: 579464694000254996)
INFO:asu_discord.cogs.verification:Refreshed Salesforce roles for Discord user 579464694000254996: -5/+5 roles, assigned=[Commited, First Year, Out of State, Tempe, W.P. Carey School of Business]
Ignoring exception in on_member_update
Traceback (most recent call last):
  File "/usr/local/lib/python3.12/site-packages/discord/client.py", line 465, in _run_event
    await coro(*args, **kwargs)
  File "/app/asu_discord/cogs/analytics.py", line 652, in on_member_update
    before_timeout = before.timed_out_until
                     ^^^^^^^^^^^^^^^^^^^^^^
AttributeError: 'Member' object has no attribute 'timed_out_until'
Ignoring exception in on_member_update
Traceback (most recent call last):
  File "/usr/local/lib/python3.12/site-packages/discord/client.py", line 465, in _run_event
    await coro(*args, **kwargs)
  File "/app/asu_discord/cogs/analytics.py", line 652, in on_member_update
    before_timeout = before.timed_out_until
                     ^^^^^^^^^^^^^^^^^^^^^^
AttributeError: 'Member' object has no attribute 'timed_out_until'
Ignoring exception in on_member_update
Traceback (most recent call last):
  File "/usr/local/lib/python3.12/site-packages/discord/client.py", line 465, in _run_event
    await coro(*args, **kwargs)
  File "/app/asu_discord/cogs/analytics.py", line 652, in on_member_update
    before_timeout = before.timed_out_until
                     ^^^^^^^^^^^^^^^^^^^^^^
AttributeError: 'Member' object has no attribute 'timed_out_until'
Ignoring exception in on_member_update
Traceback (most recent call last):
  File "/usr/local/lib/python3.12/site-packages/discord/client.py", line 465, in _run_event
    await coro(*args, **kwargs)
  File "/app/asu_discord/cogs/analytics.py", line 652, in on_member_update
    before_timeout = before.timed_out_until
                     ^^^^^^^^^^^^^^^^^^^^^^
AttributeError: 'Member' object has no attribute 'timed_out_until'
Ignoring exception in on_member_update
Traceback (most recent call last):
  File "/usr/local/lib/python3.12/site-packages/discord/client.py", line 465, in _run_event
    await coro(*args, **kwargs)
  File "/app/asu_discord/cogs/analytics.py", line 652, in on_member_update
    before_timeout = before.timed_out_until
                     ^^^^^^^^^^^^^^^^^^^^^^
AttributeError: 'Member' object has no attribute 'timed_out_until'
Ignoring exception in on_member_update
Traceback (most recent call last):
  File "/usr/local/lib/python3.12/site-packages/discord/client.py", line 465, in _run_event
    await coro(*args, **kwargs)
  File "/app/asu_discord/cogs/analytics.py", line 652, in on_member_update
    before_timeout = before.timed_out_until
                     ^^^^^^^^^^^^^^^^^^^^^^
AttributeError: 'Member' object has no attribute 'timed_out_until'
Ignoring exception in on_member_update
Traceback (most recent call last):
  File "/usr/local/lib/python3.12/site-packages/discord/client.py", line 465, in _run_event
    await coro(*args, **kwargs)
  File "/app/asu_discord/cogs/analytics.py", line 652, in on_member_update
    before_timeout = before.timed_out_until
                     ^^^^^^^^^^^^^^^^^^^^^^
AttributeError: 'Member' object has no attribute 'timed_out_until'
Ignoring exception in on_member_update
Traceback (most recent call last):
  File "/usr/local/lib/python3.12/site-packages/discord/client.py", line 465, in _run_event
    await coro(*args, **kwargs)
  File "/app/asu_discord/cogs/analytics.py", line 652, in on_member_update
    before_timeout = before.timed_out_until
                     ^^^^^^^^^^^^^^^^^^^^^^
AttributeError: 'Member' object has no attribute 'timed_out_until'
Ignoring exception in on_member_update
Traceback (most recent call last):
  File "/usr/local/lib/python3.12/site-packages/discord/client.py", line 465, in _run_event
    await coro(*args, **kwargs)
  File "/app/asu_discord/cogs/analytics.py", line 652, in on_member_update
    before_timeout = before.timed_out_until
                     ^^^^^^^^^^^^^^^^^^^^^^
AttributeError: 'Member' object has no attribute 'timed_out_until'
Ignoring exception in on_member_update
Traceback (most recent call last):
  File "/usr/local/lib/python3.12/site-packages/discord/client.py", line 465, in _run_event
    await coro(*args, **kwargs)
  File "/app/asu_discord/cogs/analytics.py", line 652, in on_member_update
    before_timeout = before.timed_out_until
                     ^^^^^^^^^^^^^^^^^^^^^^
AttributeError: 'Member' object has no attribute 'timed_out_until'
INFO:asu_discord.cogs.verification:Saved 5 roles to database for user msgutie9 (Discord ID: 1469951178853978213)
INFO:asu_discord.cogs.verification:Refreshed Salesforce roles for Discord user 1469951178853978213: -5/+5 roles, assigned=[Arizona Resident, Commited, First Year, Tempe, W.P. Carey School of Business]
Ignoring exception in on_member_update
Traceback (most recent call last):
  File "/usr/local/lib/python3.12/site-packages/discord/client.py", line 465, in _run_event
    await coro(*args, **kwargs)
  File "/app/asu_discord/cogs/analytics.py", line 652, in on_member_update
    before_timeout = before.timed_out_until
                     ^^^^^^^^^^^^^^^^^^^^^^
AttributeError: 'Member' object has no attribute 'timed_out_until'
Ignoring exception in on_member_update
Traceback (most recent call last):
  File "/usr/local/lib/python3.12/site-packages/discord/client.py", line 465, in _run_event
    await coro(*args, **kwargs)
  File "/app/asu_discord/cogs/analytics.py", line 652, in on_member_update
    before_timeout = before.timed_out_until
                     ^^^^^^^^^^^^^^^^^^^^^^
AttributeError: 'Member' object has no attribute 'timed_out_until'
Ignoring exception in on_member_update
Traceback (most recent call last):
  File "/usr/local/lib/python3.12/site-packages/discord/client.py", line 465, in _run_event
    await coro(*args, **kwargs)
  File "/app/asu_discord/cogs/analytics.py", line 652, in on_member_update
    before_timeout = before.timed_out_until
                     ^^^^^^^^^^^^^^^^^^^^^^
AttributeError: 'Member' object has no attribute 'timed_out_until'
Ignoring exception in on_member_update
Traceback (most recent call last):
  File "/usr/local/lib/python3.12/site-packages/discord/client.py", line 465, in _run_event
    await coro(*args, **kwargs)
  File "/app/asu_discord/cogs/analytics.py", line 652, in on_member_update
    before_timeout = before.timed_out_until
                     ^^^^^^^^^^^^^^^^^^^^^^
AttributeError: 'Member' object has no attribute 'timed_out_until'
Ignoring exception in on_member_update
Traceback (most recent call last):
  File "/usr/local/lib/python3.12/site-packages/discord/client.py", line 465, in _run_event
    await coro(*args, **kwargs)
  File "/app/asu_discord/cogs/analytics.py", line 652, in on_member_update
    before_timeout = before.timed_out_until
                     ^^^^^^^^^^^^^^^^^^^^^^
AttributeError: 'Member' object has no attribute 'timed_out_until'
Ignoring exception in on_member_update
Traceback (most recent call last):
  File "/usr/local/lib/python3.12/site-packages/discord/client.py", line 465, in _run_event
    await coro(*args, **kwargs)
  File "/app/asu_discord/cogs/analytics.py", line 652, in on_member_update
    before_timeout = before.timed_out_until
                     ^^^^^^^^^^^^^^^^^^^^^^
AttributeError: 'Member' object has no attribute 'timed_out_until'
Ignoring exception in on_member_update
Traceback (most recent call last):
  File "/usr/local/lib/python3.12/site-packages/discord/client.py", line 465, in _run_event
    await coro(*args, **kwargs)
  File "/app/asu_discord/cogs/analytics.py", line 652, in on_member_update
    before_timeout = before.timed_out_until
                     ^^^^^^^^^^^^^^^^^^^^^^
AttributeError: 'Member' object has no attribute 'timed_out_until'
Ignoring exception in on_member_update
Traceback (most recent call last):
  File "/usr/local/lib/python3.12/site-packages/discord/client.py", line 465, in _run_event
    await coro(*args, **kwargs)
  File "/app/asu_discord/cogs/analytics.py", line 652, in on_member_update
    before_timeout = before.timed_out_until
                     ^^^^^^^^^^^^^^^^^^^^^^
AttributeError: 'Member' object has no attribute 'timed_out_until'
Ignoring exception in on_member_update
Traceback (most recent call last):
  File "/usr/local/lib/python3.12/site-packages/discord/client.py", line 465, in _run_event
    await coro(*args, **kwargs)
  File "/app/asu_discord/cogs/analytics.py", line 652, in on_member_update
    before_timeout = before.timed_out_until
                     ^^^^^^^^^^^^^^^^^^^^^^
AttributeError: 'Member' object has no attribute 'timed_out_until'
Ignoring exception in on_member_update
Traceback (most recent call last):
  File "/usr/local/lib/python3.12/site-packages/discord/client.py", line 465, in _run_event
    await coro(*args, **kwargs)
  File "/app/asu_discord/cogs/analytics.py", line 652, in on_member_update
    before_timeout = before.timed_out_until
                     ^^^^^^^^^^^^^^^^^^^^^^
AttributeError: 'Member' object has no attribute 'timed_out_until'
INFO:asu_discord.cogs.verification:Saved 5 roles to database for user aalyam11 (Discord ID: 884902736573911050)
INFO:asu_discord.cogs.verification:Refreshed Salesforce roles for Discord user 884902736573911050: -5/+5 roles, assigned=[Commited, First Year, International Student, Tempe, W.P. Carey School of Business]
INFO:asu_discord.cogs.verification:Refreshed Salesforce roles for Discord user 1153957395706425385: -0/+0 roles, assigned=[none]
Ignoring exception in on_member_update
Traceback (most recent call last):
  File "/usr/local/lib/python3.12/site-packages/discord/client.py", line 465, in _run_event
    await coro(*args, **kwargs)
  File "/app/asu_discord/cogs/analytics.py", line 652, in on_member_update
    before_timeout = before.timed_out_until
                     ^^^^^^^^^^^^^^^^^^^^^^
AttributeError: 'Member' object has no attribute 'timed_out_until'
Ignoring exception in on_member_update
Traceback (most recent call last):
  File "/usr/local/lib/python3.12/site-packages/discord/client.py", line 465, in _run_event
    await coro(*args, **kwargs)
  File "/app/asu_discord/cogs/analytics.py", line 652, in on_member_update
    before_timeout = before.timed_out_until
                     ^^^^^^^^^^^^^^^^^^^^^^
AttributeError: 'Member' object has no attribute 'timed_out_until'
Ignoring exception in on_member_update
Traceback (most recent call last):
  File "/usr/local/lib/python3.12/site-packages/discord/client.py", line 465, in _run_event
    await coro(*args, **kwargs)
  File "/app/asu_discord/cogs/analytics.py", line 652, in on_member_update
    before_timeout = before.timed_out_until
                     ^^^^^^^^^^^^^^^^^^^^^^
AttributeError: 'Member' object has no attribute 'timed_out_until'
Ignoring exception in on_member_update
Traceback (most recent call last):
  File "/usr/local/lib/python3.12/site-packages/discord/client.py", line 465, in _run_event
    await coro(*args, **kwargs)
  File "/app/asu_discord/cogs/analytics.py", line 652, in on_member_update
    before_timeout = before.timed_out_until
                     ^^^^^^^^^^^^^^^^^^^^^^
AttributeError: 'Member' object has no attribute 'timed_out_until'
Ignoring exception in on_member_update
Traceback (most recent call last):
  File "/usr/local/lib/python3.12/site-packages/discord/client.py", line 465, in _run_event
    await coro(*args, **kwargs)
  File "/app/asu_discord/cogs/analytics.py", line 652, in on_member_update
    before_timeout = before.timed_out_until
                     ^^^^^^^^^^^^^^^^^^^^^^
AttributeError: 'Member' object has no attribute 'timed_out_until'
Ignoring exception in on_member_update
Traceback (most recent call last):
  File "/usr/local/lib/python3.12/site-packages/discord/client.py", line 465, in _run_event
    await coro(*args, **kwargs)
  File "/app/asu_discord/cogs/analytics.py", line 652, in on_member_update
    before_timeout = before.timed_out_until
                     ^^^^^^^^^^^^^^^^^^^^^^
AttributeError: 'Member' object has no attribute 'timed_out_until'
Ignoring exception in on_member_update
Traceback (most recent call last):
  File "/usr/local/lib/python3.12/site-packages/discord/client.py", line 465, in _run_event
    await coro(*args, **kwargs)
  File "/app/asu_discord/cogs/analytics.py", line 652, in on_member_update
    before_timeout = before.timed_out_until
                     ^^^^^^^^^^^^^^^^^^^^^^
AttributeError: 'Member' object has no attribute 'timed_out_until'
Ignoring exception in on_member_update
Traceback (most recent call last):
  File "/usr/local/lib/python3.12/site-packages/discord/client.py", line 465, in _run_event
    await coro(*args, **kwargs)
  File "/app/asu_discord/cogs/analytics.py", line 652, in on_member_update
    before_timeout = before.timed_out_until
                     ^^^^^^^^^^^^^^^^^^^^^^
AttributeError: 'Member' object has no attribute 'timed_out_until'
Ignoring exception in on_member_update
Traceback (most recent call last):
  File "/usr/local/lib/python3.12/site-packages/discord/client.py", line 465, in _run_event
    await coro(*args, **kwargs)
  File "/app/asu_discord/cogs/analytics.py", line 652, in on_member_update
    before_timeout = before.timed_out_until
                     ^^^^^^^^^^^^^^^^^^^^^^
AttributeError: 'Member' object has no attribute 'timed_out_until'
INFO:asu_discord.cogs.verification:Saved 5 roles to database for user dtwill23 (Discord ID: 716343819167072419)
INFO:asu_discord.cogs.verification:Refreshed Salesforce roles for Discord user 716343819167072419: -4/+5 roles, assigned=[Arizona Resident, Commited, First Year, Ira A. Fulton Schools of Engineering, Polytechnic]
Ignoring exception in on_member_update
Traceback (most recent call last):
  File "/usr/local/lib/python3.12/site-packages/discord/client.py", line 465, in _run_event
    await coro(*args, **kwargs)
  File "/app/asu_discord/cogs/analytics.py", line 652, in on_member_update
    before_timeout = before.timed_out_until
                     ^^^^^^^^^^^^^^^^^^^^^^
AttributeError: 'Member' object has no attribute 'timed_out_until'
Ignoring exception in on_member_update
Traceback (most recent call last):
  File "/usr/local/lib/python3.12/site-packages/discord/client.py", line 465, in _run_event
    await coro(*args, **kwargs)
  File "/app/asu_discord/cogs/analytics.py", line 652, in on_member_update
    before_timeout = before.timed_out_until
                     ^^^^^^^^^^^^^^^^^^^^^^
AttributeError: 'Member' object has no attribute 'timed_out_until'
Ignoring exception in on_member_update
Traceback (most recent call last):
  File "/usr/local/lib/python3.12/site-packages/discord/client.py", line 465, in _run_event
    await coro(*args, **kwargs)
  File "/app/asu_discord/cogs/analytics.py", line 652, in on_member_update
    before_timeout = before.timed_out_until
                     ^^^^^^^^^^^^^^^^^^^^^^
AttributeError: 'Member' object has no attribute 'timed_out_until'
Ignoring exception in on_member_update
Traceback (most recent call last):
  File "/usr/local/lib/python3.12/site-packages/discord/client.py", line 465, in _run_event
    await coro(*args, **kwargs)
  File "/app/asu_discord/cogs/analytics.py", line 652, in on_member_update
    before_timeout = before.timed_out_until
                     ^^^^^^^^^^^^^^^^^^^^^^
AttributeError: 'Member' object has no attribute 'timed_out_until'
Ignoring exception in on_member_update
Traceback (most recent call last):
  File "/usr/local/lib/python3.12/site-packages/discord/client.py", line 465, in _run_event
    await coro(*args, **kwargs)
  File "/app/asu_discord/cogs/analytics.py", line 652, in on_member_update
    before_timeout = before.timed_out_until
                     ^^^^^^^^^^^^^^^^^^^^^^
AttributeError: 'Member' object has no attribute 'timed_out_until'
Ignoring exception in on_member_update
Traceback (most recent call last):
  File "/usr/local/lib/python3.12/site-packages/discord/client.py", line 465, in _run_event
    await coro(*args, **kwargs)
  File "/app/asu_discord/cogs/analytics.py", line 652, in on_member_update
    before_timeout = before.timed_out_until
                     ^^^^^^^^^^^^^^^^^^^^^^
AttributeError: 'Member' object has no attribute 'timed_out_until'
Ignoring exception in on_member_update
Traceback (most recent call last):
  File "/usr/local/lib/python3.12/site-packages/discord/client.py", line 465, in _run_event
    await coro(*args, **kwargs)
  File "/app/asu_discord/cogs/analytics.py", line 652, in on_member_update
    before_timeout = before.timed_out_until
                     ^^^^^^^^^^^^^^^^^^^^^^
AttributeError: 'Member' object has no attribute 'timed_out_until'
Ignoring exception in on_member_update
Traceback (most recent call last):
  File "/usr/local/lib/python3.12/site-packages/discord/client.py", line 465, in _run_event
    await coro(*args, **kwargs)
  File "/app/asu_discord/cogs/analytics.py", line 652, in on_member_update
    before_timeout = before.timed_out_until
                     ^^^^^^^^^^^^^^^^^^^^^^
AttributeError: 'Member' object has no attribute 'timed_out_until'
Ignoring exception in on_member_update
Traceback (most recent call last):
  File "/usr/local/lib/python3.12/site-packages/discord/client.py", line 465, in _run_event
    await coro(*args, **kwargs)
  File "/app/asu_discord/cogs/analytics.py", line 652, in on_member_update
    before_timeout = before.timed_out_until
                     ^^^^^^^^^^^^^^^^^^^^^^
AttributeError: 'Member' object has no attribute 'timed_out_until'
Ignoring exception in on_member_update
Traceback (most recent call last):
  File "/usr/local/lib/python3.12/site-packages/discord/client.py", line 465, in _run_event
    await coro(*args, **kwargs)
  File "/app/asu_discord/cogs/analytics.py", line 652, in on_member_update
    before_timeout = before.timed_out_until
                     ^^^^^^^^^^^^^^^^^^^^^^
AttributeError: 'Member' object has no attribute 'timed_out_until'
INFO:asu_discord.cogs.verification:Saved 5 roles to database for user kctrujil (Discord ID: 1470246879005773875)
INFO:asu_discord.cogs.verification:Refreshed Salesforce roles for Discord user 1470246879005773875: -5/+5 roles, assigned=[Commited, Downtown Phoenix, First Year, Out of State, Watts College of Public Service and Community Solutions]
ERROR:cron.jobs:refresh_salesforce_roles: failed for vbalaj15 (Discord ID 681202484504428545): Failed to refresh Salesforce-based roles: Discord user 681202484504428545 is not a member of the guild
Ignoring exception in on_member_update
Traceback (most recent call last):
  File "/usr/local/lib/python3.12/site-packages/discord/client.py", line 465, in _run_event
    await coro(*args, **kwargs)
  File "/app/asu_discord/cogs/analytics.py", line 652, in on_member_update
    before_timeout = before.timed_out_until
                     ^^^^^^^^^^^^^^^^^^^^^^
AttributeError: 'Member' object has no attribute 'timed_out_until'
Ignoring exception in on_member_update
Traceback (most recent call last):
  File "/usr/local/lib/python3.12/site-packages/discord/client.py", line 465, in _run_event
    await coro(*args, **kwargs)
  File "/app/asu_discord/cogs/analytics.py", line 652, in on_member_update
    before_timeout = before.timed_out_until
                     ^^^^^^^^^^^^^^^^^^^^^^
AttributeError: 'Member' object has no attribute 'timed_out_until'
Ignoring exception in on_member_update
Traceback (most recent call last):
  File "/usr/local/lib/python3.12/site-packages/discord/client.py", line 465, in _run_event
    await coro(*args, **kwargs)
  File "/app/asu_discord/cogs/analytics.py", line 652, in on_member_update
    before_timeout = before.timed_out_until
                     ^^^^^^^^^^^^^^^^^^^^^^
AttributeError: 'Member' object has no attribute 'timed_out_until'
Ignoring exception in on_member_update
Traceback (most recent call last):
  File "/usr/local/lib/python3.12/site-packages/discord/client.py", line 465, in _run_event
    await coro(*args, **kwargs)
  File "/app/asu_discord/cogs/analytics.py", line 652, in on_member_update
    before_timeout = before.timed_out_until
                     ^^^^^^^^^^^^^^^^^^^^^^
AttributeError: 'Member' object has no attribute 'timed_out_until'
Ignoring exception in on_member_update
Traceback (most recent call last):
  File "/usr/local/lib/python3.12/site-packages/discord/client.py", line 465, in _run_event
    await coro(*args, **kwargs)
  File "/app/asu_discord/cogs/analytics.py", line 652, in on_member_update
    before_timeout = before.timed_out_until
                     ^^^^^^^^^^^^^^^^^^^^^^
AttributeError: 'Member' object has no attribute 'timed_out_until'
Ignoring exception in on_member_update
Traceback (most recent call last):
  File "/usr/local/lib/python3.12/site-packages/discord/client.py", line 465, in _run_event
    await coro(*args, **kwargs)
  File "/app/asu_discord/cogs/analytics.py", line 652, in on_member_update
    before_timeout = before.timed_out_until
                     ^^^^^^^^^^^^^^^^^^^^^^
AttributeError: 'Member' object has no attribute 'timed_out_until'
Ignoring exception in on_member_update
Traceback (most recent call last):
  File "/usr/local/lib/python3.12/site-packages/discord/client.py", line 465, in _run_event
    await coro(*args, **kwargs)
  File "/app/asu_discord/cogs/analytics.py", line 652, in on_member_update
    before_timeout = before.timed_out_until
                     ^^^^^^^^^^^^^^^^^^^^^^
AttributeError: 'Member' object has no attribute 'timed_out_until'
Ignoring exception in on_member_update
Traceback (most recent call last):
  File "/usr/local/lib/python3.12/site-packages/discord/client.py", line 465, in _run_event
    await coro(*args, **kwargs)
  File "/app/asu_discord/cogs/analytics.py", line 652, in on_member_update
    before_timeout = before.timed_out_until
                     ^^^^^^^^^^^^^^^^^^^^^^
AttributeError: 'Member' object has no attribute 'timed_out_until'
Ignoring exception in on_member_update
Traceback (most recent call last):
  File "/usr/local/lib/python3.12/site-packages/discord/client.py", line 465, in _run_event
    await coro(*args, **kwargs)
  File "/app/asu_discord/cogs/analytics.py", line 652, in on_member_update
    before_timeout = before.timed_out_until
                     ^^^^^^^^^^^^^^^^^^^^^^
AttributeError: 'Member' object has no attribute 'timed_out_until'
Ignoring exception in on_member_update
Traceback (most recent call last):
  File "/usr/local/lib/python3.12/site-packages/discord/client.py", line 465, in _run_event
    await coro(*args, **kwargs)
  File "/app/asu_discord/cogs/analytics.py", line 652, in on_member_update
    before_timeout = before.timed_out_until
                     ^^^^^^^^^^^^^^^^^^^^^^
AttributeError: 'Member' object has no attribute 'timed_out_until'
INFO:asu_discord.cogs.verification:Saved 5 roles to database for user yjafar1 (Discord ID: 604263881371549718)
INFO:asu_discord.cogs.verification:Refreshed Salesforce roles for Discord user 604263881371549718: -5/+5 roles, assigned=[Commited, First Year, International Student, Ira A. Fulton Schools of Engineering, Tempe]
Ignoring exception in on_member_update
Traceback (most recent call last):
  File "/usr/local/lib/python3.12/site-packages/discord/client.py", line 465, in _run_event
    await coro(*args, **kwargs)
  File "/app/asu_discord/cogs/analytics.py", line 652, in on_member_update
    before_timeout = before.timed_out_until
                     ^^^^^^^^^^^^^^^^^^^^^^
AttributeError: 'Member' object has no attribute 'timed_out_until'
Ignoring exception in on_member_update
Traceback (most recent call last):
  File "/usr/local/lib/python3.12/site-packages/discord/client.py", line 465, in _run_event
    await coro(*args, **kwargs)
  File "/app/asu_discord/cogs/analytics.py", line 652, in on_member_update
    before_timeout = before.timed_out_until
                     ^^^^^^^^^^^^^^^^^^^^^^
AttributeError: 'Member' object has no attribute 'timed_out_until'
Ignoring exception in on_member_update
Traceback (most recent call last):
  File "/usr/local/lib/python3.12/site-packages/discord/client.py", line 465, in _run_event
    await coro(*args, **kwargs)
  File "/app/asu_discord/cogs/analytics.py", line 652, in on_member_update
    before_timeout = before.timed_out_until
                     ^^^^^^^^^^^^^^^^^^^^^^
AttributeError: 'Member' object has no attribute 'timed_out_until'
Ignoring exception in on_member_update
Traceback (most recent call last):
  File "/usr/local/lib/python3.12/site-packages/discord/client.py", line 465, in _run_event
    await coro(*args, **kwargs)
  File "/app/asu_discord/cogs/analytics.py", line 652, in on_member_update
    before_timeout = before.timed_out_until
                     ^^^^^^^^^^^^^^^^^^^^^^
AttributeError: 'Member' object has no attribute 'timed_out_until'
Ignoring exception in on_member_update
Traceback (most recent call last):
  File "/usr/local/lib/python3.12/site-packages/discord/client.py", line 465, in _run_event
    await coro(*args, **kwargs)
  File "/app/asu_discord/cogs/analytics.py", line 652, in on_member_update
    before_timeout = before.timed_out_until
                     ^^^^^^^^^^^^^^^^^^^^^^
AttributeError: 'Member' object has no attribute 'timed_out_until'
Ignoring exception in on_member_update
Traceback (most recent call last):
  File "/usr/local/lib/python3.12/site-packages/discord/client.py", line 465, in _run_event
    await coro(*args, **kwargs)
  File "/app/asu_discord/cogs/analytics.py", line 652, in on_member_update
    before_timeout = before.timed_out_until
                     ^^^^^^^^^^^^^^^^^^^^^^
AttributeError: 'Member' object has no attribute 'timed_out_until'
Ignoring exception in on_member_update
Traceback (most recent call last):
  File "/usr/local/lib/python3.12/site-packages/discord/client.py", line 465, in _run_event
    await coro(*args, **kwargs)
  File "/app/asu_discord/cogs/analytics.py", line 652, in on_member_update
    before_timeout = before.timed_out_until
                     ^^^^^^^^^^^^^^^^^^^^^^
AttributeError: 'Member' object has no attribute 'timed_out_until'
Ignoring exception in on_member_update
Traceback (most recent call last):
  File "/usr/local/lib/python3.12/site-packages/discord/client.py", line 465, in _run_event
    await coro(*args, **kwargs)
  File "/app/asu_discord/cogs/analytics.py", line 652, in on_member_update
    before_timeout = before.timed_out_until
                     ^^^^^^^^^^^^^^^^^^^^^^
AttributeError: 'Member' object has no attribute 'timed_out_until'
Ignoring exception in on_member_update
Traceback (most recent call last):
  File "/usr/local/lib/python3.12/site-packages/discord/client.py", line 465, in _run_event
    await coro(*args, **kwargs)
  File "/app/asu_discord/cogs/analytics.py", line 652, in on_member_update
    before_timeout = before.timed_out_until
                     ^^^^^^^^^^^^^^^^^^^^^^
AttributeError: 'Member' object has no attribute 'timed_out_until'
Ignoring exception in on_member_update
Traceback (most recent call last):
  File "/usr/local/lib/python3.12/site-packages/discord/client.py", line 465, in _run_event
    await coro(*args, **kwargs)
  File "/app/asu_discord/cogs/analytics.py", line 652, in on_member_update
    before_timeout = before.timed_out_until
                     ^^^^^^^^^^^^^^^^^^^^^^
AttributeError: 'Member' object has no attribute 'timed_out_until'
Ignoring exception in on_member_update
Traceback (most recent call last):
  File "/usr/local/lib/python3.12/site-packages/discord/client.py", line 465, in _run_event
    await coro(*args, **kwargs)
  File "/app/asu_discord/cogs/analytics.py", line 652, in on_member_update
    before_timeout = before.timed_out_until
                     ^^^^^^^^^^^^^^^^^^^^^^
AttributeError: 'Member' object has no attribute 'timed_out_until'
INFO:asu_discord.cogs.verification:Saved 5 roles to database for user dmjarvi1 (Discord ID: 762433379198828564)
INFO:asu_discord.cogs.verification:Refreshed Salesforce roles for Discord user 762433379198828564: -5/+5 roles, assigned=[Arizona Resident, First Generation Student, First Year, Mary Lou Fulton Teachers College, Tempe]
Ignoring exception in on_member_update
Traceback (most recent call last):
  File "/usr/local/lib/python3.12/site-packages/discord/client.py", line 465, in _run_event
    await coro(*args, **kwargs)
  File "/app/asu_discord/cogs/analytics.py", line 652, in on_member_update
    before_timeout = before.timed_out_until
                     ^^^^^^^^^^^^^^^^^^^^^^
AttributeError: 'Member' object has no attribute 'timed_out_until'
Ignoring exception in on_member_update
Traceback (most recent call last):
  File "/usr/local/lib/python3.12/site-packages/discord/client.py", line 465, in _run_event
    await coro(*args, **kwargs)
  File "/app/asu_discord/cogs/analytics.py", line 652, in on_member_update
    before_timeout = before.timed_out_until
                     ^^^^^^^^^^^^^^^^^^^^^^
AttributeError: 'Member' object has no attribute 'timed_out_until'
Ignoring exception in on_member_update
Traceback (most recent call last):
  File "/usr/local/lib/python3.12/site-packages/discord/client.py", line 465, in _run_event
    await coro(*args, **kwargs)
  File "/app/asu_discord/cogs/analytics.py", line 652, in on_member_update
    before_timeout = before.timed_out_until
                     ^^^^^^^^^^^^^^^^^^^^^^
AttributeError: 'Member' object has no attribute 'timed_out_until'
Ignoring exception in on_member_update
Traceback (most recent call last):
  File "/usr/local/lib/python3.12/site-packages/discord/client.py", line 465, in _run_event
    await coro(*args, **kwargs)
  File "/app/asu_discord/cogs/analytics.py", line 652, in on_member_update
    before_timeout = before.timed_out_until
                     ^^^^^^^^^^^^^^^^^^^^^^
AttributeError: 'Member' object has no attribute 'timed_out_until'
Ignoring exception in on_member_update
Traceback (most recent call last):
  File "/usr/local/lib/python3.12/site-packages/discord/client.py", line 465, in _run_event
    await coro(*args, **kwargs)
  File "/app/asu_discord/cogs/analytics.py", line 652, in on_member_update
    before_timeout = before.timed_out_until
                     ^^^^^^^^^^^^^^^^^^^^^^
AttributeError: 'Member' object has no attribute 'timed_out_until'
Ignoring exception in on_member_update
Traceback (most recent call last):
  File "/usr/local/lib/python3.12/site-packages/discord/client.py", line 465, in _run_event
    await coro(*args, **kwargs)
  File "/app/asu_discord/cogs/analytics.py", line 652, in on_member_update
    before_timeout = before.timed_out_until
                     ^^^^^^^^^^^^^^^^^^^^^^
AttributeError: 'Member' object has no attribute 'timed_out_until'
Ignoring exception in on_member_update
Traceback (most recent call last):
  File "/usr/local/lib/python3.12/site-packages/discord/client.py", line 465, in _run_event
    await coro(*args, **kwargs)
  File "/app/asu_discord/cogs/analytics.py", line 652, in on_member_update
    before_timeout = before.timed_out_until
                     ^^^^^^^^^^^^^^^^^^^^^^
AttributeError: 'Member' object has no attribute 'timed_out_until'
Ignoring exception in on_member_update
Traceback (most recent call last):
  File "/usr/local/lib/python3.12/site-packages/discord/client.py", line 465, in _run_event
    await coro(*args, **kwargs)
  File "/app/asu_discord/cogs/analytics.py", line 652, in on_member_update
    before_timeout = before.timed_out_until
                     ^^^^^^^^^^^^^^^^^^^^^^
AttributeError: 'Member' object has no attribute 'timed_out_until'
Ignoring exception in on_member_update
Traceback (most recent call last):
  File "/usr/local/lib/python3.12/site-packages/discord/client.py", line 465, in _run_event
    await coro(*args, **kwargs)
  File "/app/asu_discord/cogs/analytics.py", line 652, in on_member_update
    before_timeout = before.timed_out_until
                     ^^^^^^^^^^^^^^^^^^^^^^
AttributeError: 'Member' object has no attribute 'timed_out_until'
INFO:asu_discord.cogs.verification:Saved 5 roles to database for user kzieper (Discord ID: 1470456781552615707)
INFO:asu_discord.cogs.verification:Refreshed Salesforce roles for Discord user 1470456781552615707: -5/+4 roles, assigned=[Arizona Resident, Commited, First Year, Tempe, W.P. Carey School of Business]
Ignoring exception in on_member_update
Traceback (most recent call last):
  File "/usr/local/lib/python3.12/site-packages/discord/client.py", line 465, in _run_event
    await coro(*args, **kwargs)
  File "/app/asu_discord/cogs/analytics.py", line 652, in on_member_update
    before_timeout = before.timed_out_until
                     ^^^^^^^^^^^^^^^^^^^^^^
AttributeError: 'Member' object has no attribute 'timed_out_until'
Ignoring exception in on_member_update
Traceback (most recent call last):
  File "/usr/local/lib/python3.12/site-packages/discord/client.py", line 465, in _run_event
    await coro(*args, **kwargs)
  File "/app/asu_discord/cogs/analytics.py", line 652, in on_member_update
    before_timeout = before.timed_out_until
                     ^^^^^^^^^^^^^^^^^^^^^^
AttributeError: 'Member' object has no attribute 'timed_out_until'
Ignoring exception in on_member_update
Traceback (most recent call last):
  File "/usr/local/lib/python3.12/site-packages/discord/client.py", line 465, in _run_event
    await coro(*args, **kwargs)
  File "/app/asu_discord/cogs/analytics.py", line 652, in on_member_update
    before_timeout = before.timed_out_until
                     ^^^^^^^^^^^^^^^^^^^^^^
AttributeError: 'Member' object has no attribute 'timed_out_until'
Ignoring exception in on_member_update
Traceback (most recent call last):
  File "/usr/local/lib/python3.12/site-packages/discord/client.py", line 465, in _run_event
    await coro(*args, **kwargs)
  File "/app/asu_discord/cogs/analytics.py", line 652, in on_member_update
    before_timeout = before.timed_out_until
                     ^^^^^^^^^^^^^^^^^^^^^^
AttributeError: 'Member' object has no attribute 'timed_out_until'
Ignoring exception in on_member_update
Traceback (most recent call last):
  File "/usr/local/lib/python3.12/site-packages/discord/client.py", line 465, in _run_event
    await coro(*args, **kwargs)
  File "/app/asu_discord/cogs/analytics.py", line 652, in on_member_update
    before_timeout = before.timed_out_until
                     ^^^^^^^^^^^^^^^^^^^^^^
AttributeError: 'Member' object has no attribute 'timed_out_until'
Ignoring exception in on_member_update
Traceback (most recent call last):
  File "/usr/local/lib/python3.12/site-packages/discord/client.py", line 465, in _run_event
    await coro(*args, **kwargs)
  File "/app/asu_discord/cogs/analytics.py", line 652, in on_member_update
    before_timeout = before.timed_out_until
                     ^^^^^^^^^^^^^^^^^^^^^^
AttributeError: 'Member' object has no attribute 'timed_out_until'
Ignoring exception in on_member_update
Traceback (most recent call last):
  File "/usr/local/lib/python3.12/site-packages/discord/client.py", line 465, in _run_event
    await coro(*args, **kwargs)
  File "/app/asu_discord/cogs/analytics.py", line 652, in on_member_update
    before_timeout = before.timed_out_until
                     ^^^^^^^^^^^^^^^^^^^^^^
AttributeError: 'Member' object has no attribute 'timed_out_until'
Ignoring exception in on_member_update
Traceback (most recent call last):
  File "/usr/local/lib/python3.12/site-packages/discord/client.py", line 465, in _run_event
    await coro(*args, **kwargs)
  File "/app/asu_discord/cogs/analytics.py", line 652, in on_member_update
    before_timeout = before.timed_out_until
                     ^^^^^^^^^^^^^^^^^^^^^^
AttributeError: 'Member' object has no attribute 'timed_out_until'
INFO:asu_discord.cogs.verification:Saved 4 roles to database for user ctalbot4 (Discord ID: 1470469010511368314)
INFO:asu_discord.cogs.verification:Refreshed Salesforce roles for Discord user 1470469010511368314: -4/+4 roles, assigned=[Arizona Resident, College of Liberal Arts and Sciences, First Year, Tempe]
Ignoring exception in on_member_update
Traceback (most recent call last):
  File "/usr/local/lib/python3.12/site-packages/discord/client.py", line 465, in _run_event
    await coro(*args, **kwargs)
  File "/app/asu_discord/cogs/analytics.py", line 652, in on_member_update
    before_timeout = before.timed_out_until
                     ^^^^^^^^^^^^^^^^^^^^^^
AttributeError: 'Member' object has no attribute 'timed_out_until'
Ignoring exception in on_member_update
Traceback (most recent call last):
  File "/usr/local/lib/python3.12/site-packages/discord/client.py", line 465, in _run_event
    await coro(*args, **kwargs)
  File "/app/asu_discord/cogs/analytics.py", line 652, in on_member_update
    before_timeout = before.timed_out_until
                     ^^^^^^^^^^^^^^^^^^^^^^
AttributeError: 'Member' object has no attribute 'timed_out_until'
Ignoring exception in on_member_update
Traceback (most recent call last):
  File "/usr/local/lib/python3.12/site-packages/discord/client.py", line 465, in _run_event
    await coro(*args, **kwargs)
  File "/app/asu_discord/cogs/analytics.py", line 652, in on_member_update
    before_timeout = before.timed_out_until
                     ^^^^^^^^^^^^^^^^^^^^^^
AttributeError: 'Member' object has no attribute 'timed_out_until'
Ignoring exception in on_member_update
Traceback (most recent call last):
  File "/usr/local/lib/python3.12/site-packages/discord/client.py", line 465, in _run_event
    await coro(*args, **kwargs)
  File "/app/asu_discord/cogs/analytics.py", line 652, in on_member_update
    before_timeout = before.timed_out_until
                     ^^^^^^^^^^^^^^^^^^^^^^
AttributeError: 'Member' object has no attribute 'timed_out_until'
Ignoring exception in on_member_update
Traceback (most recent call last):
  File "/usr/local/lib/python3.12/site-packages/discord/client.py", line 465, in _run_event
    await coro(*args, **kwargs)
  File "/app/asu_discord/cogs/analytics.py", line 652, in on_member_update
    before_timeout = before.timed_out_until
                     ^^^^^^^^^^^^^^^^^^^^^^
AttributeError: 'Member' object has no attribute 'timed_out_until'
Ignoring exception in on_member_update
Traceback (most recent call last):
  File "/usr/local/lib/python3.12/site-packages/discord/client.py", line 465, in _run_event
    await coro(*args, **kwargs)
  File "/app/asu_discord/cogs/analytics.py", line 652, in on_member_update
    before_timeout = before.timed_out_until
                     ^^^^^^^^^^^^^^^^^^^^^^
AttributeError: 'Member' object has no attribute 'timed_out_until'
Ignoring exception in on_member_update
Traceback (most recent call last):
  File "/usr/local/lib/python3.12/site-packages/discord/client.py", line 465, in _run_event
    await coro(*args, **kwargs)
  File "/app/asu_discord/cogs/analytics.py", line 652, in on_member_update
    before_timeout = before.timed_out_until
                     ^^^^^^^^^^^^^^^^^^^^^^
AttributeError: 'Member' object has no attribute 'timed_out_until'
Ignoring exception in on_member_update
Traceback (most recent call last):
  File "/usr/local/lib/python3.12/site-packages/discord/client.py", line 465, in _run_event
    await coro(*args, **kwargs)
  File "/app/asu_discord/cogs/analytics.py", line 652, in on_member_update
    before_timeout = before.timed_out_until
                     ^^^^^^^^^^^^^^^^^^^^^^
AttributeError: 'Member' object has no attribute 'timed_out_until'
Ignoring exception in on_member_update
Traceback (most recent call last):
  File "/usr/local/lib/python3.12/site-packages/discord/client.py", line 465, in _run_event
    await coro(*args, **kwargs)
  File "/app/asu_discord/cogs/analytics.py", line 652, in on_member_update
    before_timeout = before.timed_out_until
                     ^^^^^^^^^^^^^^^^^^^^^^
AttributeError: 'Member' object has no attribute 'timed_out_until'
Ignoring exception in on_member_update
Traceback (most recent call last):
  File "/usr/local/lib/python3.12/site-packages/discord/client.py", line 465, in _run_event
    await coro(*args, **kwargs)
  File "/app/asu_discord/cogs/analytics.py", line 652, in on_member_update
    before_timeout = before.timed_out_until
                     ^^^^^^^^^^^^^^^^^^^^^^
AttributeError: 'Member' object has no attribute 'timed_out_until'
INFO:asu_discord.cogs.verification:Saved 5 roles to database for user amart963 (Discord ID: 693142479754625105)
INFO:asu_discord.cogs.verification:Refreshed Salesforce roles for Discord user 693142479754625105: -5/+5 roles, assigned=[Arizona Resident, First Generation Student, First Year, New College of Interdisciplinary Arts and Sciences, Tempe]
Ignoring exception in on_member_update
Traceback (most recent call last):
  File "/usr/local/lib/python3.12/site-packages/discord/client.py", line 465, in _run_event
    await coro(*args, **kwargs)
  File "/app/asu_discord/cogs/analytics.py", line 652, in on_member_update
    before_timeout = before.timed_out_until
                     ^^^^^^^^^^^^^^^^^^^^^^
AttributeError: 'Member' object has no attribute 'timed_out_until'
Ignoring exception in on_member_update
Traceback (most recent call last):
  File "/usr/local/lib/python3.12/site-packages/discord/client.py", line 465, in _run_event
    await coro(*args, **kwargs)
  File "/app/asu_discord/cogs/analytics.py", line 652, in on_member_update
    before_timeout = before.timed_out_until
                     ^^^^^^^^^^^^^^^^^^^^^^
AttributeError: 'Member' object has no attribute 'timed_out_until'
Ignoring exception in on_member_update
Traceback (most recent call last):
  File "/usr/local/lib/python3.12/site-packages/discord/client.py", line 465, in _run_event
    await coro(*args, **kwargs)
  File "/app/asu_discord/cogs/analytics.py", line 652, in on_member_update
    before_timeout = before.timed_out_until
                     ^^^^^^^^^^^^^^^^^^^^^^
AttributeError: 'Member' object has no attribute 'timed_out_until'
Ignoring exception in on_member_update
Traceback (most recent call last):
  File "/usr/local/lib/python3.12/site-packages/discord/client.py", line 465, in _run_event
    await coro(*args, **kwargs)
  File "/app/asu_discord/cogs/analytics.py", line 652, in on_member_update
    before_timeout = before.timed_out_until
                     ^^^^^^^^^^^^^^^^^^^^^^
AttributeError: 'Member' object has no attribute 'timed_out_until'
Ignoring exception in on_member_update
Traceback (most recent call last):
  File "/usr/local/lib/python3.12/site-packages/discord/client.py", line 465, in _run_event
    await coro(*args, **kwargs)
  File "/app/asu_discord/cogs/analytics.py", line 652, in on_member_update
    before_timeout = before.timed_out_until
                     ^^^^^^^^^^^^^^^^^^^^^^
AttributeError: 'Member' object has no attribute 'timed_out_until'
Ignoring exception in on_member_update
Traceback (most recent call last):
  File "/usr/local/lib/python3.12/site-packages/discord/client.py", line 465, in _run_event
    await coro(*args, **kwargs)
  File "/app/asu_discord/cogs/analytics.py", line 652, in on_member_update
    before_timeout = before.timed_out_until
                     ^^^^^^^^^^^^^^^^^^^^^^
AttributeError: 'Member' object has no attribute 'timed_out_until'
Ignoring exception in on_member_update
Traceback (most recent call last):
  File "/usr/local/lib/python3.12/site-packages/discord/client.py", line 465, in _run_event
    await coro(*args, **kwargs)
  File "/app/asu_discord/cogs/analytics.py", line 652, in on_member_update
    before_timeout = before.timed_out_until
                     ^^^^^^^^^^^^^^^^^^^^^^
AttributeError: 'Member' object has no attribute 'timed_out_until'
Ignoring exception in on_member_update
Traceback (most recent call last):
  File "/usr/local/lib/python3.12/site-packages/discord/client.py", line 465, in _run_event
    await coro(*args, **kwargs)
  File "/app/asu_discord/cogs/analytics.py", line 652, in on_member_update
    before_timeout = before.timed_out_until
                     ^^^^^^^^^^^^^^^^^^^^^^
AttributeError: 'Member' object has no attribute 'timed_out_until'
Ignoring exception in on_member_update
Traceback (most recent call last):
  File "/usr/local/lib/python3.12/site-packages/discord/client.py", line 465, in _run_event
    await coro(*args, **kwargs)
  File "/app/asu_discord/cogs/analytics.py", line 652, in on_member_update
    before_timeout = before.timed_out_until
                     ^^^^^^^^^^^^^^^^^^^^^^
AttributeError: 'Member' object has no attribute 'timed_out_until'
Ignoring exception in on_member_update
Traceback (most recent call last):
  File "/usr/local/lib/python3.12/site-packages/discord/client.py", line 465, in _run_event
    await coro(*args, **kwargs)
  File "/app/asu_discord/cogs/analytics.py", line 652, in on_member_update
    before_timeout = before.timed_out_until
                     ^^^^^^^^^^^^^^^^^^^^^^
AttributeError: 'Member' object has no attribute 'timed_out_until'
INFO:asu_discord.cogs.verification:Saved 5 roles to database for user garell10 (Discord ID: 506676098650603520)
INFO:asu_discord.cogs.verification:Refreshed Salesforce roles for Discord user 506676098650603520: -5/+5 roles, assigned=[Arizona Resident, First Generation Student, Graduate Student, Tempe, W.P. Carey School of Business]
Ignoring exception in on_member_update
Traceback (most recent call last):
  File "/usr/local/lib/python3.12/site-packages/discord/client.py", line 465, in _run_event
    await coro(*args, **kwargs)
  File "/app/asu_discord/cogs/analytics.py", line 652, in on_member_update
    before_timeout = before.timed_out_until
                     ^^^^^^^^^^^^^^^^^^^^^^
AttributeError: 'Member' object has no attribute 'timed_out_until'
Ignoring exception in on_member_update
Traceback (most recent call last):
  File "/usr/local/lib/python3.12/site-packages/discord/client.py", line 465, in _run_event
    await coro(*args, **kwargs)
  File "/app/asu_discord/cogs/analytics.py", line 652, in on_member_update
    before_timeout = before.timed_out_until
                     ^^^^^^^^^^^^^^^^^^^^^^
AttributeError: 'Member' object has no attribute 'timed_out_until'
Ignoring exception in on_member_update
Traceback (most recent call last):
  File "/usr/local/lib/python3.12/site-packages/discord/client.py", line 465, in _run_event
    await coro(*args, **kwargs)
  File "/app/asu_discord/cogs/analytics.py", line 652, in on_member_update
    before_timeout = before.timed_out_until
                     ^^^^^^^^^^^^^^^^^^^^^^
AttributeError: 'Member' object has no attribute 'timed_out_until'
Ignoring exception in on_member_update
Traceback (most recent call last):
  File "/usr/local/lib/python3.12/site-packages/discord/client.py", line 465, in _run_event
    await coro(*args, **kwargs)
  File "/app/asu_discord/cogs/analytics.py", line 652, in on_member_update
    before_timeout = before.timed_out_until
                     ^^^^^^^^^^^^^^^^^^^^^^
AttributeError: 'Member' object has no attribute 'timed_out_until'
Ignoring exception in on_member_update
Traceback (most recent call last):
  File "/usr/local/lib/python3.12/site-packages/discord/client.py", line 465, in _run_event
    await coro(*args, **kwargs)
  File "/app/asu_discord/cogs/analytics.py", line 652, in on_member_update
    before_timeout = before.timed_out_until
                     ^^^^^^^^^^^^^^^^^^^^^^
AttributeError: 'Member' object has no attribute 'timed_out_until'
Ignoring exception in on_member_update
Traceback (most recent call last):
  File "/usr/local/lib/python3.12/site-packages/discord/client.py", line 465, in _run_event
    await coro(*args, **kwargs)
  File "/app/asu_discord/cogs/analytics.py", line 652, in on_member_update
    before_timeout = before.timed_out_until
                     ^^^^^^^^^^^^^^^^^^^^^^
AttributeError: 'Member' object has no attribute 'timed_out_until'
Ignoring exception in on_member_update
Traceback (most recent call last):
  File "/usr/local/lib/python3.12/site-packages/discord/client.py", line 465, in _run_event
    await coro(*args, **kwargs)
  File "/app/asu_discord/cogs/analytics.py", line 652, in on_member_update
    before_timeout = before.timed_out_until
                     ^^^^^^^^^^^^^^^^^^^^^^
AttributeError: 'Member' object has no attribute 'timed_out_until'
INFO:asu_discord.cogs.verification:Saved 4 roles to database for user negonza8 (Discord ID: 795909575215022100)
INFO:asu_discord.cogs.verification:Refreshed Salesforce roles for Discord user 795909575215022100: -4/+3 roles, assigned=[First Year, New College of Interdisciplinary Arts and Sciences, Out of State, West Valley]
Ignoring exception in on_member_update
Traceback (most recent call last):
  File "/usr/local/lib/python3.12/site-packages/discord/client.py", line 465, in _run_event
    await coro(*args, **kwargs)
  File "/app/asu_discord/cogs/analytics.py", line 652, in on_member_update
    before_timeout = before.timed_out_until
                     ^^^^^^^^^^^^^^^^^^^^^^
AttributeError: 'Member' object has no attribute 'timed_out_until'
Ignoring exception in on_member_update
Traceback (most recent call last):
  File "/usr/local/lib/python3.12/site-packages/discord/client.py", line 465, in _run_event
    await coro(*args, **kwargs)
  File "/app/asu_discord/cogs/analytics.py", line 652, in on_member_update
    before_timeout = before.timed_out_until
                     ^^^^^^^^^^^^^^^^^^^^^^
AttributeError: 'Member' object has no attribute 'timed_out_until'
Ignoring exception in on_member_update
Traceback (most recent call last):
  File "/usr/local/lib/python3.12/site-packages/discord/client.py", line 465, in _run_event
    await coro(*args, **kwargs)
  File "/app/asu_discord/cogs/analytics.py", line 652, in on_member_update
    before_timeout = before.timed_out_until
                     ^^^^^^^^^^^^^^^^^^^^^^
AttributeError: 'Member' object has no attribute 'timed_out_until'
Ignoring exception in on_member_update
Traceback (most recent call last):
  File "/usr/local/lib/python3.12/site-packages/discord/client.py", line 465, in _run_event
    await coro(*args, **kwargs)
  File "/app/asu_discord/cogs/analytics.py", line 652, in on_member_update
    before_timeout = before.timed_out_until
                     ^^^^^^^^^^^^^^^^^^^^^^
AttributeError: 'Member' object has no attribute 'timed_out_until'
Ignoring exception in on_member_update
Traceback (most recent call last):
  File "/usr/local/lib/python3.12/site-packages/discord/client.py", line 465, in _run_event
    await coro(*args, **kwargs)
  File "/app/asu_discord/cogs/analytics.py", line 652, in on_member_update
    before_timeout = before.timed_out_until
                     ^^^^^^^^^^^^^^^^^^^^^^
AttributeError: 'Member' object has no attribute 'timed_out_until'
Ignoring exception in on_member_update
Traceback (most recent call last):
  File "/usr/local/lib/python3.12/site-packages/discord/client.py", line 465, in _run_event
    await coro(*args, **kwargs)
  File "/app/asu_discord/cogs/analytics.py", line 652, in on_member_update
    before_timeout = before.timed_out_until
                     ^^^^^^^^^^^^^^^^^^^^^^
AttributeError: 'Member' object has no attribute 'timed_out_until'
Ignoring exception in on_member_update
Traceback (most recent call last):
  File "/usr/local/lib/python3.12/site-packages/discord/client.py", line 465, in _run_event
    await coro(*args, **kwargs)
  File "/app/asu_discord/cogs/analytics.py", line 652, in on_member_update
    before_timeout = before.timed_out_until
                     ^^^^^^^^^^^^^^^^^^^^^^
AttributeError: 'Member' object has no attribute 'timed_out_until'
Ignoring exception in on_member_update
Traceback (most recent call last):
  File "/usr/local/lib/python3.12/site-packages/discord/client.py", line 465, in _run_event
    await coro(*args, **kwargs)
  File "/app/asu_discord/cogs/analytics.py", line 652, in on_member_update
    before_timeout = before.timed_out_until
                     ^^^^^^^^^^^^^^^^^^^^^^
AttributeError: 'Member' object has no attribute 'timed_out_until'
INFO:asu_discord.cogs.verification:Saved 4 roles to database for user ibarber1 (Discord ID: 698479532000411669)
INFO:asu_discord.cogs.verification:Refreshed Salesforce roles for Discord user 698479532000411669: -4/+4 roles, assigned=[Arizona Resident, College of Liberal Arts and Sciences, First Year, Tempe]
Ignoring exception in on_member_update
Traceback (most recent call last):
  File "/usr/local/lib/python3.12/site-packages/discord/client.py", line 465, in _run_event
    await coro(*args, **kwargs)
  File "/app/asu_discord/cogs/analytics.py", line 652, in on_member_update
    before_timeout = before.timed_out_until
                     ^^^^^^^^^^^^^^^^^^^^^^
AttributeError: 'Member' object has no attribute 'timed_out_until'
Ignoring exception in on_member_update
Traceback (most recent call last):
  File "/usr/local/lib/python3.12/site-packages/discord/client.py", line 465, in _run_event
    await coro(*args, **kwargs)
  File "/app/asu_discord/cogs/analytics.py", line 652, in on_member_update
    before_timeout = before.timed_out_until
                     ^^^^^^^^^^^^^^^^^^^^^^
AttributeError: 'Member' object has no attribute 'timed_out_until'
Ignoring exception in on_member_update
Traceback (most recent call last):
  File "/usr/local/lib/python3.12/site-packages/discord/client.py", line 465, in _run_event
    await coro(*args, **kwargs)
  File "/app/asu_discord/cogs/analytics.py", line 652, in on_member_update
    before_timeout = before.timed_out_until
                     ^^^^^^^^^^^^^^^^^^^^^^
AttributeError: 'Member' object has no attribute 'timed_out_until'
Ignoring exception in on_member_update
Traceback (most recent call last):
  File "/usr/local/lib/python3.12/site-packages/discord/client.py", line 465, in _run_event
    await coro(*args, **kwargs)
  File "/app/asu_discord/cogs/analytics.py", line 652, in on_member_update
    before_timeout = before.timed_out_until
                     ^^^^^^^^^^^^^^^^^^^^^^
AttributeError: 'Member' object has no attribute 'timed_out_until'
Ignoring exception in on_member_update
Traceback (most recent call last):
  File "/usr/local/lib/python3.12/site-packages/discord/client.py", line 465, in _run_event
    await coro(*args, **kwargs)
  File "/app/asu_discord/cogs/analytics.py", line 652, in on_member_update
    before_timeout = before.timed_out_until
                     ^^^^^^^^^^^^^^^^^^^^^^
AttributeError: 'Member' object has no attribute 'timed_out_until'
Ignoring exception in on_member_update
Traceback (most recent call last):
  File "/usr/local/lib/python3.12/site-packages/discord/client.py", line 465, in _run_event
    await coro(*args, **kwargs)
  File "/app/asu_discord/cogs/analytics.py", line 652, in on_member_update
    before_timeout = before.timed_out_until
                     ^^^^^^^^^^^^^^^^^^^^^^
AttributeError: 'Member' object has no attribute 'timed_out_until'
Ignoring exception in on_member_update
Traceback (most recent call last):
  File "/usr/local/lib/python3.12/site-packages/discord/client.py", line 465, in _run_event
    await coro(*args, **kwargs)
  File "/app/asu_discord/cogs/analytics.py", line 652, in on_member_update
    before_timeout = before.timed_out_until
                     ^^^^^^^^^^^^^^^^^^^^^^
AttributeError: 'Member' object has no attribute 'timed_out_until'
Ignoring exception in on_member_update
Traceback (most recent call last):
  File "/usr/local/lib/python3.12/site-packages/discord/client.py", line 465, in _run_event
    await coro(*args, **kwargs)
  File "/app/asu_discord/cogs/analytics.py", line 652, in on_member_update
    before_timeout = before.timed_out_until
                     ^^^^^^^^^^^^^^^^^^^^^^
AttributeError: 'Member' object has no attribute 'timed_out_until'
Ignoring exception in on_member_update
Traceback (most recent call last):
  File "/usr/local/lib/python3.12/site-packages/discord/client.py", line 465, in _run_event
    await coro(*args, **kwargs)
  File "/app/asu_discord/cogs/analytics.py", line 652, in on_member_update
    before_timeout = before.timed_out_until
                     ^^^^^^^^^^^^^^^^^^^^^^
AttributeError: 'Member' object has no attribute 'timed_out_until'
Ignoring exception in on_member_update
Traceback (most recent call last):
  File "/usr/local/lib/python3.12/site-packages/discord/client.py", line 465, in _run_event
    await coro(*args, **kwargs)
  File "/app/asu_discord/cogs/analytics.py", line 652, in on_member_update
    before_timeout = before.timed_out_until
                     ^^^^^^^^^^^^^^^^^^^^^^
AttributeError: 'Member' object has no attribute 'timed_out_until'
INFO:asu_discord.cogs.verification:Saved 5 roles to database for user mhern462 (Discord ID: 1465478209423282362)
INFO:asu_discord.cogs.verification:Refreshed Salesforce roles for Discord user 1465478209423282362: -5/+5 roles, assigned=[Arizona Resident, College of Liberal Arts and Sciences, First Generation Student, First Year, Tempe]
Ignoring exception in on_member_update
Traceback (most recent call last):
  File "/usr/local/lib/python3.12/site-packages/discord/client.py", line 465, in _run_event
    await coro(*args, **kwargs)
  File "/app/asu_discord/cogs/analytics.py", line 652, in on_member_update
    before_timeout = before.timed_out_until
                     ^^^^^^^^^^^^^^^^^^^^^^
AttributeError: 'Member' object has no attribute 'timed_out_until'
Ignoring exception in on_member_update
Traceback (most recent call last):
  File "/usr/local/lib/python3.12/site-packages/discord/client.py", line 465, in _run_event
    await coro(*args, **kwargs)
  File "/app/asu_discord/cogs/analytics.py", line 652, in on_member_update
    before_timeout = before.timed_out_until
                     ^^^^^^^^^^^^^^^^^^^^^^
AttributeError: 'Member' object has no attribute 'timed_out_until'
Ignoring exception in on_member_update
Traceback (most recent call last):
  File "/usr/local/lib/python3.12/site-packages/discord/client.py", line 465, in _run_event
    await coro(*args, **kwargs)
  File "/app/asu_discord/cogs/analytics.py", line 652, in on_member_update
    before_timeout = before.timed_out_until
                     ^^^^^^^^^^^^^^^^^^^^^^
AttributeError: 'Member' object has no attribute 'timed_out_until'
Ignoring exception in on_member_update
Traceback (most recent call last):
  File "/usr/local/lib/python3.12/site-packages/discord/client.py", line 465, in _run_event
    await coro(*args, **kwargs)
  File "/app/asu_discord/cogs/analytics.py", line 652, in on_member_update
    before_timeout = before.timed_out_until
                     ^^^^^^^^^^^^^^^^^^^^^^
AttributeError: 'Member' object has no attribute 'timed_out_until'
Ignoring exception in on_member_update
Traceback (most recent call last):
  File "/usr/local/lib/python3.12/site-packages/discord/client.py", line 465, in _run_event
    await coro(*args, **kwargs)
  File "/app/asu_discord/cogs/analytics.py", line 652, in on_member_update
    before_timeout = before.timed_out_until
                     ^^^^^^^^^^^^^^^^^^^^^^
AttributeError: 'Member' object has no attribute 'timed_out_until'
Ignoring exception in on_member_update
Traceback (most recent call last):
  File "/usr/local/lib/python3.12/site-packages/discord/client.py", line 465, in _run_event
    await coro(*args, **kwargs)
  File "/app/asu_discord/cogs/analytics.py", line 652, in on_member_update
    before_timeout = before.timed_out_until
                     ^^^^^^^^^^^^^^^^^^^^^^
AttributeError: 'Member' object has no attribute 'timed_out_until'
Ignoring exception in on_member_update
Traceback (most recent call last):
  File "/usr/local/lib/python3.12/site-packages/discord/client.py", line 465, in _run_event
    await coro(*args, **kwargs)
  File "/app/asu_discord/cogs/analytics.py", line 652, in on_member_update
    before_timeout = before.timed_out_until
                     ^^^^^^^^^^^^^^^^^^^^^^
AttributeError: 'Member' object has no attribute 'timed_out_until'
Ignoring exception in on_member_update
Traceback (most recent call last):
  File "/usr/local/lib/python3.12/site-packages/discord/client.py", line 465, in _run_event
    await coro(*args, **kwargs)
  File "/app/asu_discord/cogs/analytics.py", line 652, in on_member_update
    before_timeout = before.timed_out_until
                     ^^^^^^^^^^^^^^^^^^^^^^
AttributeError: 'Member' object has no attribute 'timed_out_until'
Ignoring exception in on_member_update
Traceback (most recent call last):
  File "/usr/local/lib/python3.12/site-packages/discord/client.py", line 465, in _run_event
    await coro(*args, **kwargs)
  File "/app/asu_discord/cogs/analytics.py", line 652, in on_member_update
    before_timeout = before.timed_out_until
                     ^^^^^^^^^^^^^^^^^^^^^^
AttributeError: 'Member' object has no attribute 'timed_out_until'
Ignoring exception in on_member_update
Traceback (most recent call last):
  File "/usr/local/lib/python3.12/site-packages/discord/client.py", line 465, in _run_event
    await coro(*args, **kwargs)
  File "/app/asu_discord/cogs/analytics.py", line 652, in on_member_update
    before_timeout = before.timed_out_until
                     ^^^^^^^^^^^^^^^^^^^^^^
AttributeError: 'Member' object has no attribute 'timed_out_until'
Ignoring exception in on_member_update
Traceback (most recent call last):
  File "/usr/local/lib/python3.12/site-packages/discord/client.py", line 465, in _run_event
    await coro(*args, **kwargs)
  File "/app/asu_discord/cogs/analytics.py", line 652, in on_member_update
    before_timeout = before.timed_out_until
                     ^^^^^^^^^^^^^^^^^^^^^^
AttributeError: 'Member' object has no attribute 'timed_out_until'
Ignoring exception in on_member_update
Traceback (most recent call last):
  File "/usr/local/lib/python3.12/site-packages/discord/client.py", line 465, in _run_event
    await coro(*args, **kwargs)
  File "/app/asu_discord/cogs/analytics.py", line 652, in on_member_update
    before_timeout = before.timed_out_until
                     ^^^^^^^^^^^^^^^^^^^^^^
AttributeError: 'Member' object has no attribute 'timed_out_until'
INFO:asu_discord.cogs.verification:Saved 6 roles to database for user ahelteme (Discord ID: 587190632729149440)
INFO:asu_discord.cogs.verification:Refreshed Salesforce roles for Discord user 587190632729149440: -6/+6 roles, assigned=[Arizona Resident, Commited, First Generation Student, First Year, Herberger Institute for Design and the Arts, West Valley]
Ignoring exception in on_member_update
Traceback (most recent call last):
  File "/usr/local/lib/python3.12/site-packages/discord/client.py", line 465, in _run_event
    await coro(*args, **kwargs)
  File "/app/asu_discord/cogs/analytics.py", line 652, in on_member_update
    before_timeout = before.timed_out_until
                     ^^^^^^^^^^^^^^^^^^^^^^
AttributeError: 'Member' object has no attribute 'timed_out_until'
Ignoring exception in on_member_update
Traceback (most recent call last):
  File "/usr/local/lib/python3.12/site-packages/discord/client.py", line 465, in _run_event
    await coro(*args, **kwargs)
  File "/app/asu_discord/cogs/analytics.py", line 652, in on_member_update
    before_timeout = before.timed_out_until
                     ^^^^^^^^^^^^^^^^^^^^^^
AttributeError: 'Member' object has no attribute 'timed_out_until'
Ignoring exception in on_member_update
Traceback (most recent call last):
  File "/usr/local/lib/python3.12/site-packages/discord/client.py", line 465, in _run_event
    await coro(*args, **kwargs)
  File "/app/asu_discord/cogs/analytics.py", line 652, in on_member_update
    before_timeout = before.timed_out_until
                     ^^^^^^^^^^^^^^^^^^^^^^
AttributeError: 'Member' object has no attribute 'timed_out_until'
Ignoring exception in on_member_update
Traceback (most recent call last):
  File "/usr/local/lib/python3.12/site-packages/discord/client.py", line 465, in _run_event
    await coro(*args, **kwargs)
  File "/app/asu_discord/cogs/analytics.py", line 652, in on_member_update
    before_timeout = before.timed_out_until
                     ^^^^^^^^^^^^^^^^^^^^^^
AttributeError: 'Member' object has no attribute 'timed_out_until'
Ignoring exception in on_member_update
Traceback (most recent call last):
  File "/usr/local/lib/python3.12/site-packages/discord/client.py", line 465, in _run_event
    await coro(*args, **kwargs)
  File "/app/asu_discord/cogs/analytics.py", line 652, in on_member_update
    before_timeout = before.timed_out_until
                     ^^^^^^^^^^^^^^^^^^^^^^
AttributeError: 'Member' object has no attribute 'timed_out_until'
Ignoring exception in on_member_update
Traceback (most recent call last):
  File "/usr/local/lib/python3.12/site-packages/discord/client.py", line 465, in _run_event
    await coro(*args, **kwargs)
  File "/app/asu_discord/cogs/analytics.py", line 652, in on_member_update
    before_timeout = before.timed_out_until
                     ^^^^^^^^^^^^^^^^^^^^^^
AttributeError: 'Member' object has no attribute 'timed_out_until'
Ignoring exception in on_member_update
Traceback (most recent call last):
  File "/usr/local/lib/python3.12/site-packages/discord/client.py", line 465, in _run_event
    await coro(*args, **kwargs)
  File "/app/asu_discord/cogs/analytics.py", line 652, in on_member_update
    before_timeout = before.timed_out_until
                     ^^^^^^^^^^^^^^^^^^^^^^
AttributeError: 'Member' object has no attribute 'timed_out_until'
Ignoring exception in on_member_update
Traceback (most recent call last):
  File "/usr/local/lib/python3.12/site-packages/discord/client.py", line 465, in _run_event
    await coro(*args, **kwargs)
  File "/app/asu_discord/cogs/analytics.py", line 652, in on_member_update
    before_timeout = before.timed_out_until
                     ^^^^^^^^^^^^^^^^^^^^^^
AttributeError: 'Member' object has no attribute 'timed_out_until'
Ignoring exception in on_member_update
Traceback (most recent call last):
  File "/usr/local/lib/python3.12/site-packages/discord/client.py", line 465, in _run_event
    await coro(*args, **kwargs)
  File "/app/asu_discord/cogs/analytics.py", line 652, in on_member_update
    before_timeout = before.timed_out_until
                     ^^^^^^^^^^^^^^^^^^^^^^
AttributeError: 'Member' object has no attribute 'timed_out_until'
Ignoring exception in on_member_update
Traceback (most recent call last):
  File "/usr/local/lib/python3.12/site-packages/discord/client.py", line 465, in _run_event
    await coro(*args, **kwargs)
  File "/app/asu_discord/cogs/analytics.py", line 652, in on_member_update
    before_timeout = before.timed_out_until
                     ^^^^^^^^^^^^^^^^^^^^^^
AttributeError: 'Member' object has no attribute 'timed_out_until'
Ignoring exception in on_member_update
Traceback (most recent call last):
  File "/usr/local/lib/python3.12/site-packages/discord/client.py", line 465, in _run_event
    await coro(*args, **kwargs)
  File "/app/asu_discord/cogs/analytics.py", line 652, in on_member_update
    before_timeout = before.timed_out_until
                     ^^^^^^^^^^^^^^^^^^^^^^
AttributeError: 'Member' object has no attribute 'timed_out_until'
Ignoring exception in on_member_update
Traceback (most recent call last):
  File "/usr/local/lib/python3.12/site-packages/discord/client.py", line 465, in _run_event
    await coro(*args, **kwargs)
  File "/app/asu_discord/cogs/analytics.py", line 652, in on_member_update
    before_timeout = before.timed_out_until
                     ^^^^^^^^^^^^^^^^^^^^^^
AttributeError: 'Member' object has no attribute 'timed_out_until'
INFO:asu_discord.cogs.verification:Saved 6 roles to database for user kcalvin4 (Discord ID: 1269176842028449903)
INFO:asu_discord.cogs.verification:Refreshed Salesforce roles for Discord user 1269176842028449903: -6/+6 roles, assigned=[Arizona Resident, Commited, Downtown Phoenix, First Generation Student, First Year, Walter Cronkite School of Journalism and Mass Communication]
Ignoring exception in on_member_update
Traceback (most recent call last):
  File "/usr/local/lib/python3.12/site-packages/discord/client.py", line 465, in _run_event
    await coro(*args, **kwargs)
  File "/app/asu_discord/cogs/analytics.py", line 652, in on_member_update
    before_timeout = before.timed_out_until
                     ^^^^^^^^^^^^^^^^^^^^^^
AttributeError: 'Member' object has no attribute 'timed_out_until'
Ignoring exception in on_member_update
Traceback (most recent call last):
  File "/usr/local/lib/python3.12/site-packages/discord/client.py", line 465, in _run_event
    await coro(*args, **kwargs)
  File "/app/asu_discord/cogs/analytics.py", line 652, in on_member_update
    before_timeout = before.timed_out_until
                     ^^^^^^^^^^^^^^^^^^^^^^
AttributeError: 'Member' object has no attribute 'timed_out_until'
Ignoring exception in on_member_update
Traceback (most recent call last):
  File "/usr/local/lib/python3.12/site-packages/discord/client.py", line 465, in _run_event
    await coro(*args, **kwargs)
  File "/app/asu_discord/cogs/analytics.py", line 652, in on_member_update
    before_timeout = before.timed_out_until
                     ^^^^^^^^^^^^^^^^^^^^^^
AttributeError: 'Member' object has no attribute 'timed_out_until'
Ignoring exception in on_member_update
Traceback (most recent call last):
  File "/usr/local/lib/python3.12/site-packages/discord/client.py", line 465, in _run_event
    await coro(*args, **kwargs)
  File "/app/asu_discord/cogs/analytics.py", line 652, in on_member_update
    before_timeout = before.timed_out_until
                     ^^^^^^^^^^^^^^^^^^^^^^
AttributeError: 'Member' object has no attribute 'timed_out_until'
Ignoring exception in on_member_update
Traceback (most recent call last):
  File "/usr/local/lib/python3.12/site-packages/discord/client.py", line 465, in _run_event
    await coro(*args, **kwargs)
  File "/app/asu_discord/cogs/analytics.py", line 652, in on_member_update
    before_timeout = before.timed_out_until
                     ^^^^^^^^^^^^^^^^^^^^^^
AttributeError: 'Member' object has no attribute 'timed_out_until'
Ignoring exception in on_member_update
Traceback (most recent call last):
  File "/usr/local/lib/python3.12/site-packages/discord/client.py", line 465, in _run_event
    await coro(*args, **kwargs)
  File "/app/asu_discord/cogs/analytics.py", line 652, in on_member_update
    before_timeout = before.timed_out_until
                     ^^^^^^^^^^^^^^^^^^^^^^
AttributeError: 'Member' object has no attribute 'timed_out_until'
Ignoring exception in on_member_update
Traceback (most recent call last):
  File "/usr/local/lib/python3.12/site-packages/discord/client.py", line 465, in _run_event
    await coro(*args, **kwargs)
  File "/app/asu_discord/cogs/analytics.py", line 652, in on_member_update
    before_timeout = before.timed_out_until
                     ^^^^^^^^^^^^^^^^^^^^^^
AttributeError: 'Member' object has no attribute 'timed_out_until'
INFO:asu_discord.cogs.verification:Saved 5 roles to database for user jrcamp17 (Discord ID: 1468012933337321503)
INFO:asu_discord.cogs.verification:Refreshed Salesforce roles for Discord user 1468012933337321503: -3/+4 roles, assigned=[Commited, First Year, Out of State, Tempe, W.P. Carey School of Business]
Ignoring exception in on_member_update
Traceback (most recent call last):
  File "/usr/local/lib/python3.12/site-packages/discord/client.py", line 465, in _run_event
    await coro(*args, **kwargs)
  File "/app/asu_discord/cogs/analytics.py", line 652, in on_member_update
    before_timeout = before.timed_out_until
                     ^^^^^^^^^^^^^^^^^^^^^^
AttributeError: 'Member' object has no attribute 'timed_out_until'
Ignoring exception in on_member_update
Traceback (most recent call last):
  File "/usr/local/lib/python3.12/site-packages/discord/client.py", line 465, in _run_event
    await coro(*args, **kwargs)
  File "/app/asu_discord/cogs/analytics.py", line 652, in on_member_update
    before_timeout = before.timed_out_until
                     ^^^^^^^^^^^^^^^^^^^^^^
AttributeError: 'Member' object has no attribute 'timed_out_until'
Ignoring exception in on_member_update
Traceback (most recent call last):
  File "/usr/local/lib/python3.12/site-packages/discord/client.py", line 465, in _run_event
    await coro(*args, **kwargs)
  File "/app/asu_discord/cogs/analytics.py", line 652, in on_member_update
    before_timeout = before.timed_out_until
                     ^^^^^^^^^^^^^^^^^^^^^^
AttributeError: 'Member' object has no attribute 'timed_out_until'
Ignoring exception in on_member_update
Traceback (most recent call last):
  File "/usr/local/lib/python3.12/site-packages/discord/client.py", line 465, in _run_event
    await coro(*args, **kwargs)
  File "/app/asu_discord/cogs/analytics.py", line 652, in on_member_update
    before_timeout = before.timed_out_until
                     ^^^^^^^^^^^^^^^^^^^^^^
AttributeError: 'Member' object has no attribute 'timed_out_until'
Ignoring exception in on_member_update
Traceback (most recent call last):
  File "/usr/local/lib/python3.12/site-packages/discord/client.py", line 465, in _run_event
    await coro(*args, **kwargs)
  File "/app/asu_discord/cogs/analytics.py", line 652, in on_member_update
    before_timeout = before.timed_out_until
                     ^^^^^^^^^^^^^^^^^^^^^^
AttributeError: 'Member' object has no attribute 'timed_out_until'
Ignoring exception in on_member_update
Traceback (most recent call last):
  File "/usr/local/lib/python3.12/site-packages/discord/client.py", line 465, in _run_event
    await coro(*args, **kwargs)
  File "/app/asu_discord/cogs/analytics.py", line 652, in on_member_update
    before_timeout = before.timed_out_until
                     ^^^^^^^^^^^^^^^^^^^^^^
AttributeError: 'Member' object has no attribute 'timed_out_until'
Ignoring exception in on_member_update
Traceback (most recent call last):
  File "/usr/local/lib/python3.12/site-packages/discord/client.py", line 465, in _run_event
    await coro(*args, **kwargs)
  File "/app/asu_discord/cogs/analytics.py", line 652, in on_member_update
    before_timeout = before.timed_out_until
                     ^^^^^^^^^^^^^^^^^^^^^^
AttributeError: 'Member' object has no attribute 'timed_out_until'
Ignoring exception in on_member_update
Traceback (most recent call last):
  File "/usr/local/lib/python3.12/site-packages/discord/client.py", line 465, in _run_event
    await coro(*args, **kwargs)
  File "/app/asu_discord/cogs/analytics.py", line 652, in on_member_update
    before_timeout = before.timed_out_until
                     ^^^^^^^^^^^^^^^^^^^^^^
AttributeError: 'Member' object has no attribute 'timed_out_until'
Ignoring exception in on_member_update
Traceback (most recent call last):
  File "/usr/local/lib/python3.12/site-packages/discord/client.py", line 465, in _run_event
    await coro(*args, **kwargs)
  File "/app/asu_discord/cogs/analytics.py", line 652, in on_member_update
    before_timeout = before.timed_out_until
                     ^^^^^^^^^^^^^^^^^^^^^^
AttributeError: 'Member' object has no attribute 'timed_out_until'
Ignoring exception in on_member_update
Traceback (most recent call last):
  File "/usr/local/lib/python3.12/site-packages/discord/client.py", line 465, in _run_event
    await coro(*args, **kwargs)
  File "/app/asu_discord/cogs/analytics.py", line 652, in on_member_update
    before_timeout = before.timed_out_until
                     ^^^^^^^^^^^^^^^^^^^^^^
AttributeError: 'Member' object has no attribute 'timed_out_until'
Ignoring exception in on_member_update
Traceback (most recent call last):
  File "/usr/local/lib/python3.12/site-packages/discord/client.py", line 465, in _run_event
    await coro(*args, **kwargs)
  File "/app/asu_discord/cogs/analytics.py", line 652, in on_member_update
    before_timeout = before.timed_out_until
                     ^^^^^^^^^^^^^^^^^^^^^^
AttributeError: 'Member' object has no attribute 'timed_out_until'
INFO:asu_discord.cogs.verification:Saved 6 roles to database for user ebrock2 (Discord ID: 1072227422889578597)
INFO:asu_discord.cogs.verification:Refreshed Salesforce roles for Discord user 1072227422889578597: -6/+5 roles, assigned=[Arizona Resident, Commited, First Generation Student, Graduate Student, Herberger Institute for Design and the Arts, Tempe]
Ignoring exception in on_member_update
Traceback (most recent call last):
  File "/usr/local/lib/python3.12/site-packages/discord/client.py", line 465, in _run_event
    await coro(*args, **kwargs)
  File "/app/asu_discord/cogs/analytics.py", line 652, in on_member_update
    before_timeout = before.timed_out_until
                     ^^^^^^^^^^^^^^^^^^^^^^
AttributeError: 'Member' object has no attribute 'timed_out_until'
Ignoring exception in on_member_update
Traceback (most recent call last):
  File "/usr/local/lib/python3.12/site-packages/discord/client.py", line 465, in _run_event
    await coro(*args, **kwargs)
  File "/app/asu_discord/cogs/analytics.py", line 652, in on_member_update
    before_timeout = before.timed_out_until
                     ^^^^^^^^^^^^^^^^^^^^^^
AttributeError: 'Member' object has no attribute 'timed_out_until'
Ignoring exception in on_member_update
Traceback (most recent call last):
  File "/usr/local/lib/python3.12/site-packages/discord/client.py", line 465, in _run_event
    await coro(*args, **kwargs)
  File "/app/asu_discord/cogs/analytics.py", line 652, in on_member_update
    before_timeout = before.timed_out_until
                     ^^^^^^^^^^^^^^^^^^^^^^
AttributeError: 'Member' object has no attribute 'timed_out_until'
Ignoring exception in on_member_update
Traceback (most recent call last):
  File "/usr/local/lib/python3.12/site-packages/discord/client.py", line 465, in _run_event
    await coro(*args, **kwargs)
  File "/app/asu_discord/cogs/analytics.py", line 652, in on_member_update
    before_timeout = before.timed_out_until
                     ^^^^^^^^^^^^^^^^^^^^^^
AttributeError: 'Member' object has no attribute 'timed_out_until'
Ignoring exception in on_member_update
Traceback (most recent call last):
  File "/usr/local/lib/python3.12/site-packages/discord/client.py", line 465, in _run_event
    await coro(*args, **kwargs)
  File "/app/asu_discord/cogs/analytics.py", line 652, in on_member_update
    before_timeout = before.timed_out_until
                     ^^^^^^^^^^^^^^^^^^^^^^
AttributeError: 'Member' object has no attribute 'timed_out_until'
Ignoring exception in on_member_update
Traceback (most recent call last):
  File "/usr/local/lib/python3.12/site-packages/discord/client.py", line 465, in _run_event
    await coro(*args, **kwargs)
  File "/app/asu_discord/cogs/analytics.py", line 652, in on_member_update
    before_timeout = before.timed_out_until
                     ^^^^^^^^^^^^^^^^^^^^^^
AttributeError: 'Member' object has no attribute 'timed_out_until'
Ignoring exception in on_member_update
Traceback (most recent call last):
  File "/usr/local/lib/python3.12/site-packages/discord/client.py", line 465, in _run_event
    await coro(*args, **kwargs)
  File "/app/asu_discord/cogs/analytics.py", line 652, in on_member_update
    before_timeout = before.timed_out_until
                     ^^^^^^^^^^^^^^^^^^^^^^
AttributeError: 'Member' object has no attribute 'timed_out_until'
Ignoring exception in on_member_update
Traceback (most recent call last):
  File "/usr/local/lib/python3.12/site-packages/discord/client.py", line 465, in _run_event
    await coro(*args, **kwargs)
  File "/app/asu_discord/cogs/analytics.py", line 652, in on_member_update
    before_timeout = before.timed_out_until
                     ^^^^^^^^^^^^^^^^^^^^^^
AttributeError: 'Member' object has no attribute 'timed_out_until'
Ignoring exception in on_member_update
Traceback (most recent call last):
  File "/usr/local/lib/python3.12/site-packages/discord/client.py", line 465, in _run_event
    await coro(*args, **kwargs)
  File "/app/asu_discord/cogs/analytics.py", line 652, in on_member_update
    before_timeout = before.timed_out_until
                     ^^^^^^^^^^^^^^^^^^^^^^
AttributeError: 'Member' object has no attribute 'timed_out_until'
Ignoring exception in on_member_update
Traceback (most recent call last):
  File "/usr/local/lib/python3.12/site-packages/discord/client.py", line 465, in _run_event
    await coro(*args, **kwargs)
  File "/app/asu_discord/cogs/analytics.py", line 652, in on_member_update
    before_timeout = before.timed_out_until
                     ^^^^^^^^^^^^^^^^^^^^^^
AttributeError: 'Member' object has no attribute 'timed_out_until'
Ignoring exception in on_member_update
Traceback (most recent call last):
  File "/usr/local/lib/python3.12/site-packages/discord/client.py", line 465, in _run_event
    await coro(*args, **kwargs)
  File "/app/asu_discord/cogs/analytics.py", line 652, in on_member_update
    before_timeout = before.timed_out_until
                     ^^^^^^^^^^^^^^^^^^^^^^
AttributeError: 'Member' object has no attribute 'timed_out_until'
INFO:asu_discord.cogs.verification:Saved 6 roles to database for user tcruz110 (Discord ID: 792301134965768233)
INFO:asu_discord.cogs.verification:Refreshed Salesforce roles for Discord user 792301134965768233: -6/+5 roles, assigned=[Commited, First Generation Student, First Year, Ira A. Fulton Schools of Engineering, Out of State, Tempe]
Ignoring exception in on_member_update
Traceback (most recent call last):
  File "/usr/local/lib/python3.12/site-packages/discord/client.py", line 465, in _run_event
    await coro(*args, **kwargs)
  File "/app/asu_discord/cogs/analytics.py", line 652, in on_member_update
    before_timeout = before.timed_out_until
                     ^^^^^^^^^^^^^^^^^^^^^^
AttributeError: 'Member' object has no attribute 'timed_out_until'
Ignoring exception in on_member_update
Traceback (most recent call last):
  File "/usr/local/lib/python3.12/site-packages/discord/client.py", line 465, in _run_event
    await coro(*args, **kwargs)
  File "/app/asu_discord/cogs/analytics.py", line 652, in on_member_update
    before_timeout = before.timed_out_until
                     ^^^^^^^^^^^^^^^^^^^^^^
AttributeError: 'Member' object has no attribute 'timed_out_until'
Ignoring exception in on_member_update
Traceback (most recent call last):
  File "/usr/local/lib/python3.12/site-packages/discord/client.py", line 465, in _run_event
    await coro(*args, **kwargs)
  File "/app/asu_discord/cogs/analytics.py", line 652, in on_member_update
    before_timeout = before.timed_out_until
                     ^^^^^^^^^^^^^^^^^^^^^^
AttributeError: 'Member' object has no attribute 'timed_out_until'
Ignoring exception in on_member_update
Traceback (most recent call last):
  File "/usr/local/lib/python3.12/site-packages/discord/client.py", line 465, in _run_event
    await coro(*args, **kwargs)
  File "/app/asu_discord/cogs/analytics.py", line 652, in on_member_update
    before_timeout = before.timed_out_until
                     ^^^^^^^^^^^^^^^^^^^^^^
AttributeError: 'Member' object has no attribute 'timed_out_until'
Ignoring exception in on_member_update
Traceback (most recent call last):
  File "/usr/local/lib/python3.12/site-packages/discord/client.py", line 465, in _run_event
    await coro(*args, **kwargs)
  File "/app/asu_discord/cogs/analytics.py", line 652, in on_member_update
    before_timeout = before.timed_out_until
                     ^^^^^^^^^^^^^^^^^^^^^^
AttributeError: 'Member' object has no attribute 'timed_out_until'
Ignoring exception in on_member_update
Traceback (most recent call last):
  File "/usr/local/lib/python3.12/site-packages/discord/client.py", line 465, in _run_event
    await coro(*args, **kwargs)
  File "/app/asu_discord/cogs/analytics.py", line 652, in on_member_update
    before_timeout = before.timed_out_until
                     ^^^^^^^^^^^^^^^^^^^^^^
AttributeError: 'Member' object has no attribute 'timed_out_until'
Ignoring exception in on_member_update
Traceback (most recent call last):
  File "/usr/local/lib/python3.12/site-packages/discord/client.py", line 465, in _run_event
    await coro(*args, **kwargs)
  File "/app/asu_discord/cogs/analytics.py", line 652, in on_member_update
    before_timeout = before.timed_out_until
                     ^^^^^^^^^^^^^^^^^^^^^^
AttributeError: 'Member' object has no attribute 'timed_out_until'
Ignoring exception in on_member_update
Traceback (most recent call last):
  File "/usr/local/lib/python3.12/site-packages/discord/client.py", line 465, in _run_event
    await coro(*args, **kwargs)
  File "/app/asu_discord/cogs/analytics.py", line 652, in on_member_update
    before_timeout = before.timed_out_until
                     ^^^^^^^^^^^^^^^^^^^^^^
AttributeError: 'Member' object has no attribute 'timed_out_until'
Ignoring exception in on_member_update
Traceback (most recent call last):
  File "/usr/local/lib/python3.12/site-packages/discord/client.py", line 465, in _run_event
    await coro(*args, **kwargs)
  File "/app/asu_discord/cogs/analytics.py", line 652, in on_member_update
    before_timeout = before.timed_out_until
                     ^^^^^^^^^^^^^^^^^^^^^^
AttributeError: 'Member' object has no attribute 'timed_out_until'
Ignoring exception in on_member_update
Traceback (most recent call last):
  File "/usr/local/lib/python3.12/site-packages/discord/client.py", line 465, in _run_event
    await coro(*args, **kwargs)
  File "/app/asu_discord/cogs/analytics.py", line 652, in on_member_update
    before_timeout = before.timed_out_until
                     ^^^^^^^^^^^^^^^^^^^^^^
AttributeError: 'Member' object has no attribute 'timed_out_until'
Ignoring exception in on_member_update
Traceback (most recent call last):
  File "/usr/local/lib/python3.12/site-packages/discord/client.py", line 465, in _run_event
    await coro(*args, **kwargs)
  File "/app/asu_discord/cogs/analytics.py", line 652, in on_member_update
    before_timeout = before.timed_out_until
                     ^^^^^^^^^^^^^^^^^^^^^^
AttributeError: 'Member' object has no attribute 'timed_out_until'
Ignoring exception in on_member_update
Traceback (most recent call last):
  File "/usr/local/lib/python3.12/site-packages/discord/client.py", line 465, in _run_event
    await coro(*args, **kwargs)
  File "/app/asu_discord/cogs/analytics.py", line 652, in on_member_update
    before_timeout = before.timed_out_until
                     ^^^^^^^^^^^^^^^^^^^^^^
AttributeError: 'Member' object has no attribute 'timed_out_until'
INFO:asu_discord.cogs.verification:Saved 6 roles to database for user htsan (Discord ID: 753043314495979572)
INFO:asu_discord.cogs.verification:Refreshed Salesforce roles for Discord user 753043314495979572: -6/+6 roles, assigned=[Arizona Resident, Commited, First Generation Student, First Year, Ira A. Fulton Schools of Engineering, Tempe]
Ignoring exception in on_member_update
Traceback (most recent call last):
  File "/usr/local/lib/python3.12/site-packages/discord/client.py", line 465, in _run_event
    await coro(*args, **kwargs)
  File "/app/asu_discord/cogs/analytics.py", line 652, in on_member_update
    before_timeout = before.timed_out_until
                     ^^^^^^^^^^^^^^^^^^^^^^
AttributeError: 'Member' object has no attribute 'timed_out_until'
Ignoring exception in on_member_update
Traceback (most recent call last):
  File "/usr/local/lib/python3.12/site-packages/discord/client.py", line 465, in _run_event
    await coro(*args, **kwargs)
  File "/app/asu_discord/cogs/analytics.py", line 652, in on_member_update
    before_timeout = before.timed_out_until
                     ^^^^^^^^^^^^^^^^^^^^^^
AttributeError: 'Member' object has no attribute 'timed_out_until'
Ignoring exception in on_member_update
Traceback (most recent call last):
  File "/usr/local/lib/python3.12/site-packages/discord/client.py", line 465, in _run_event
    await coro(*args, **kwargs)
  File "/app/asu_discord/cogs/analytics.py", line 652, in on_member_update
    before_timeout = before.timed_out_until
                     ^^^^^^^^^^^^^^^^^^^^^^
AttributeError: 'Member' object has no attribute 'timed_out_until'
Ignoring exception in on_member_update
Traceback (most recent call last):
  File "/usr/local/lib/python3.12/site-packages/discord/client.py", line 465, in _run_event
    await coro(*args, **kwargs)
  File "/app/asu_discord/cogs/analytics.py", line 652, in on_member_update
    before_timeout = before.timed_out_until
                     ^^^^^^^^^^^^^^^^^^^^^^
AttributeError: 'Member' object has no attribute 'timed_out_until'
Ignoring exception in on_member_update
Traceback (most recent call last):
  File "/usr/local/lib/python3.12/site-packages/discord/client.py", line 465, in _run_event
    await coro(*args, **kwargs)
  File "/app/asu_discord/cogs/analytics.py", line 652, in on_member_update
    before_timeout = before.timed_out_until
                     ^^^^^^^^^^^^^^^^^^^^^^
AttributeError: 'Member' object has no attribute 'timed_out_until'
Ignoring exception in on_member_update
Traceback (most recent call last):
  File "/usr/local/lib/python3.12/site-packages/discord/client.py", line 465, in _run_event
    await coro(*args, **kwargs)
  File "/app/asu_discord/cogs/analytics.py", line 652, in on_member_update
    before_timeout = before.timed_out_until
                     ^^^^^^^^^^^^^^^^^^^^^^
AttributeError: 'Member' object has no attribute 'timed_out_until'
Ignoring exception in on_member_update
Traceback (most recent call last):
  File "/usr/local/lib/python3.12/site-packages/discord/client.py", line 465, in _run_event
    await coro(*args, **kwargs)
  File "/app/asu_discord/cogs/analytics.py", line 652, in on_member_update
    before_timeout = before.timed_out_until
                     ^^^^^^^^^^^^^^^^^^^^^^
AttributeError: 'Member' object has no attribute 'timed_out_until'
Ignoring exception in on_member_update
Traceback (most recent call last):
  File "/usr/local/lib/python3.12/site-packages/discord/client.py", line 465, in _run_event
    await coro(*args, **kwargs)
  File "/app/asu_discord/cogs/analytics.py", line 652, in on_member_update
    before_timeout = before.timed_out_until
                     ^^^^^^^^^^^^^^^^^^^^^^
AttributeError: 'Member' object has no attribute 'timed_out_until'
Ignoring exception in on_member_update
Traceback (most recent call last):
  File "/usr/local/lib/python3.12/site-packages/discord/client.py", line 465, in _run_event
    await coro(*args, **kwargs)
  File "/app/asu_discord/cogs/analytics.py", line 652, in on_member_update
    before_timeout = before.timed_out_until
                     ^^^^^^^^^^^^^^^^^^^^^^
AttributeError: 'Member' object has no attribute 'timed_out_until'
Ignoring exception in on_member_update
Traceback (most recent call last):
  File "/usr/local/lib/python3.12/site-packages/discord/client.py", line 465, in _run_event
    await coro(*args, **kwargs)
  File "/app/asu_discord/cogs/analytics.py", line 652, in on_member_update
    before_timeout = before.timed_out_until
                     ^^^^^^^^^^^^^^^^^^^^^^
AttributeError: 'Member' object has no attribute 'timed_out_until'
INFO:asu_discord.cogs.verification:Saved 5 roles to database for user sromer70 (Discord ID: 1051973148452602027)
INFO:asu_discord.cogs.verification:Refreshed Salesforce roles for Discord user 1051973148452602027: -5/+5 roles, assigned=[Arizona Resident, College of Liberal Arts and Sciences, Commited, First Year, Tempe]
Ignoring exception in on_member_update
Traceback (most recent call last):
  File "/usr/local/lib/python3.12/site-packages/discord/client.py", line 465, in _run_event
    await coro(*args, **kwargs)
  File "/app/asu_discord/cogs/analytics.py", line 652, in on_member_update
    before_timeout = before.timed_out_until
                     ^^^^^^^^^^^^^^^^^^^^^^
AttributeError: 'Member' object has no attribute 'timed_out_until'
Ignoring exception in on_member_update
Traceback (most recent call last):
  File "/usr/local/lib/python3.12/site-packages/discord/client.py", line 465, in _run_event
    await coro(*args, **kwargs)
  File "/app/asu_discord/cogs/analytics.py", line 652, in on_member_update
    before_timeout = before.timed_out_until
                     ^^^^^^^^^^^^^^^^^^^^^^
AttributeError: 'Member' object has no attribute 'timed_out_until'
Ignoring exception in on_member_update
Traceback (most recent call last):
  File "/usr/local/lib/python3.12/site-packages/discord/client.py", line 465, in _run_event
    await coro(*args, **kwargs)
  File "/app/asu_discord/cogs/analytics.py", line 652, in on_member_update
    before_timeout = before.timed_out_until
                     ^^^^^^^^^^^^^^^^^^^^^^
AttributeError: 'Member' object has no attribute 'timed_out_until'
Ignoring exception in on_member_update
Traceback (most recent call last):
  File "/usr/local/lib/python3.12/site-packages/discord/client.py", line 465, in _run_event
    await coro(*args, **kwargs)
  File "/app/asu_discord/cogs/analytics.py", line 652, in on_member_update
    before_timeout = before.timed_out_until
                     ^^^^^^^^^^^^^^^^^^^^^^
AttributeError: 'Member' object has no attribute 'timed_out_until'
Ignoring exception in on_member_update
Traceback (most recent call last):
  File "/usr/local/lib/python3.12/site-packages/discord/client.py", line 465, in _run_event
    await coro(*args, **kwargs)
  File "/app/asu_discord/cogs/analytics.py", line 652, in on_member_update
    before_timeout = before.timed_out_until
                     ^^^^^^^^^^^^^^^^^^^^^^
AttributeError: 'Member' object has no attribute 'timed_out_until'
Ignoring exception in on_member_update
Traceback (most recent call last):
  File "/usr/local/lib/python3.12/site-packages/discord/client.py", line 465, in _run_event
    await coro(*args, **kwargs)
  File "/app/asu_discord/cogs/analytics.py", line 652, in on_member_update
    before_timeout = before.timed_out_until
                     ^^^^^^^^^^^^^^^^^^^^^^
AttributeError: 'Member' object has no attribute 'timed_out_until'
Ignoring exception in on_member_update
Traceback (most recent call last):
  File "/usr/local/lib/python3.12/site-packages/discord/client.py", line 465, in _run_event
    await coro(*args, **kwargs)
  File "/app/asu_discord/cogs/analytics.py", line 652, in on_member_update
    before_timeout = before.timed_out_until
                     ^^^^^^^^^^^^^^^^^^^^^^
AttributeError: 'Member' object has no attribute 'timed_out_until'
Ignoring exception in on_member_update
Traceback (most recent call last):
  File "/usr/local/lib/python3.12/site-packages/discord/client.py", line 465, in _run_event
    await coro(*args, **kwargs)
  File "/app/asu_discord/cogs/analytics.py", line 652, in on_member_update
    before_timeout = before.timed_out_until
                     ^^^^^^^^^^^^^^^^^^^^^^
AttributeError: 'Member' object has no attribute 'timed_out_until'
Ignoring exception in on_member_update
Traceback (most recent call last):
  File "/usr/local/lib/python3.12/site-packages/discord/client.py", line 465, in _run_event
    await coro(*args, **kwargs)
  File "/app/asu_discord/cogs/analytics.py", line 652, in on_member_update
    before_timeout = before.timed_out_until
                     ^^^^^^^^^^^^^^^^^^^^^^
AttributeError: 'Member' object has no attribute 'timed_out_until'
Ignoring exception in on_member_update
Traceback (most recent call last):
  File "/usr/local/lib/python3.12/site-packages/discord/client.py", line 465, in _run_event
    await coro(*args, **kwargs)
  File "/app/asu_discord/cogs/analytics.py", line 652, in on_member_update
    before_timeout = before.timed_out_until
                     ^^^^^^^^^^^^^^^^^^^^^^
AttributeError: 'Member' object has no attribute 'timed_out_until'
Ignoring exception in on_member_update
Traceback (most recent call last):
  File "/usr/local/lib/python3.12/site-packages/discord/client.py", line 465, in _run_event
    await coro(*args, **kwargs)
  File "/app/asu_discord/cogs/analytics.py", line 652, in on_member_update
    before_timeout = before.timed_out_until
                     ^^^^^^^^^^^^^^^^^^^^^^
AttributeError: 'Member' object has no attribute 'timed_out_until'
INFO:asu_discord.cogs.verification:Saved 6 roles to database for user eramsey5 (Discord ID: 1172660942828490772)
INFO:asu_discord.cogs.verification:Refreshed Salesforce roles for Discord user 1172660942828490772: -6/+5 roles, assigned=[Arizona Resident, Commited, Herberger Institute for Design and the Arts, Tempe, Transfer Student, Upperclassmen]
Ignoring exception in on_member_update
Traceback (most recent call last):
  File "/usr/local/lib/python3.12/site-packages/discord/client.py", line 465, in _run_event
    await coro(*args, **kwargs)
  File "/app/asu_discord/cogs/analytics.py", line 652, in on_member_update
    before_timeout = before.timed_out_until
                     ^^^^^^^^^^^^^^^^^^^^^^
AttributeError: 'Member' object has no attribute 'timed_out_until'
Ignoring exception in on_member_update
Traceback (most recent call last):
  File "/usr/local/lib/python3.12/site-packages/discord/client.py", line 465, in _run_event
    await coro(*args, **kwargs)
  File "/app/asu_discord/cogs/analytics.py", line 652, in on_member_update
    before_timeout = before.timed_out_until
                     ^^^^^^^^^^^^^^^^^^^^^^
AttributeError: 'Member' object has no attribute 'timed_out_until'
Ignoring exception in on_member_update
Traceback (most recent call last):
  File "/usr/local/lib/python3.12/site-packages/discord/client.py", line 465, in _run_event
    await coro(*args, **kwargs)
  File "/app/asu_discord/cogs/analytics.py", line 652, in on_member_update
    before_timeout = before.timed_out_until
                     ^^^^^^^^^^^^^^^^^^^^^^
AttributeError: 'Member' object has no attribute 'timed_out_until'
Ignoring exception in on_member_update
Traceback (most recent call last):
  File "/usr/local/lib/python3.12/site-packages/discord/client.py", line 465, in _run_event
    await coro(*args, **kwargs)
  File "/app/asu_discord/cogs/analytics.py", line 652, in on_member_update
    before_timeout = before.timed_out_until
                     ^^^^^^^^^^^^^^^^^^^^^^
AttributeError: 'Member' object has no attribute 'timed_out_until'
Ignoring exception in on_member_update
Traceback (most recent call last):
  File "/usr/local/lib/python3.12/site-packages/discord/client.py", line 465, in _run_event
    await coro(*args, **kwargs)
  File "/app/asu_discord/cogs/analytics.py", line 652, in on_member_update
    before_timeout = before.timed_out_until
                     ^^^^^^^^^^^^^^^^^^^^^^
AttributeError: 'Member' object has no attribute 'timed_out_until'
Ignoring exception in on_member_update
Traceback (most recent call last):
  File "/usr/local/lib/python3.12/site-packages/discord/client.py", line 465, in _run_event
    await coro(*args, **kwargs)
  File "/app/asu_discord/cogs/analytics.py", line 652, in on_member_update
    before_timeout = before.timed_out_until
                     ^^^^^^^^^^^^^^^^^^^^^^
AttributeError: 'Member' object has no attribute 'timed_out_until'
Ignoring exception in on_member_update
Traceback (most recent call last):
  File "/usr/local/lib/python3.12/site-packages/discord/client.py", line 465, in _run_event
    await coro(*args, **kwargs)
  File "/app/asu_discord/cogs/analytics.py", line 652, in on_member_update
    before_timeout = before.timed_out_until
                     ^^^^^^^^^^^^^^^^^^^^^^
AttributeError: 'Member' object has no attribute 'timed_out_until'
Ignoring exception in on_member_update
Traceback (most recent call last):
  File "/usr/local/lib/python3.12/site-packages/discord/client.py", line 465, in _run_event
    await coro(*args, **kwargs)
  File "/app/asu_discord/cogs/analytics.py", line 652, in on_member_update
    before_timeout = before.timed_out_until
                     ^^^^^^^^^^^^^^^^^^^^^^
AttributeError: 'Member' object has no attribute 'timed_out_until'
Ignoring exception in on_member_update
Traceback (most recent call last):
  File "/usr/local/lib/python3.12/site-packages/discord/client.py", line 465, in _run_event
    await coro(*args, **kwargs)
  File "/app/asu_discord/cogs/analytics.py", line 652, in on_member_update
    before_timeout = before.timed_out_until
                     ^^^^^^^^^^^^^^^^^^^^^^
AttributeError: 'Member' object has no attribute 'timed_out_until'
Ignoring exception in on_member_update
Traceback (most recent call last):
  File "/usr/local/lib/python3.12/site-packages/discord/client.py", line 465, in _run_event
    await coro(*args, **kwargs)
  File "/app/asu_discord/cogs/analytics.py", line 652, in on_member_update
    before_timeout = before.timed_out_until
                     ^^^^^^^^^^^^^^^^^^^^^^
AttributeError: 'Member' object has no attribute 'timed_out_until'
Ignoring exception in on_member_update
Traceback (most recent call last):
  File "/usr/local/lib/python3.12/site-packages/discord/client.py", line 465, in _run_event
    await coro(*args, **kwargs)
  File "/app/asu_discord/cogs/analytics.py", line 652, in on_member_update
    before_timeout = before.timed_out_until
                     ^^^^^^^^^^^^^^^^^^^^^^
AttributeError: 'Member' object has no attribute 'timed_out_until'
Ignoring exception in on_member_update
Traceback (most recent call last):
  File "/usr/local/lib/python3.12/site-packages/discord/client.py", line 465, in _run_event
    await coro(*args, **kwargs)
  File "/app/asu_discord/cogs/analytics.py", line 652, in on_member_update
    before_timeout = before.timed_out_until
                     ^^^^^^^^^^^^^^^^^^^^^^
AttributeError: 'Member' object has no attribute 'timed_out_until'
INFO:asu_discord.cogs.verification:Saved 6 roles to database for user hvillal4 (Discord ID: 547201848713543710)
INFO:asu_discord.cogs.verification:Refreshed Salesforce roles for Discord user 547201848713543710: -6/+6 roles, assigned=[Arizona Resident, First Generation Student, First Year, Upperclassmen, W.P. Carey School of Business, West Valley]
Ignoring exception in on_member_update
Traceback (most recent call last):
  File "/usr/local/lib/python3.12/site-packages/discord/client.py", line 465, in _run_event
    await coro(*args, **kwargs)
  File "/app/asu_discord/cogs/analytics.py", line 652, in on_member_update
    before_timeout = before.timed_out_until
                     ^^^^^^^^^^^^^^^^^^^^^^
AttributeError: 'Member' object has no attribute 'timed_out_until'
Ignoring exception in on_member_update
Traceback (most recent call last):
  File "/usr/local/lib/python3.12/site-packages/discord/client.py", line 465, in _run_event
    await coro(*args, **kwargs)
  File "/app/asu_discord/cogs/analytics.py", line 652, in on_member_update
    before_timeout = before.timed_out_until
                     ^^^^^^^^^^^^^^^^^^^^^^
AttributeError: 'Member' object has no attribute 'timed_out_until'
Ignoring exception in on_member_update
Traceback (most recent call last):
  File "/usr/local/lib/python3.12/site-packages/discord/client.py", line 465, in _run_event
    await coro(*args, **kwargs)
  File "/app/asu_discord/cogs/analytics.py", line 652, in on_member_update
    before_timeout = before.timed_out_until
                     ^^^^^^^^^^^^^^^^^^^^^^
AttributeError: 'Member' object has no attribute 'timed_out_until'
Ignoring exception in on_member_update
Traceback (most recent call last):
  File "/usr/local/lib/python3.12/site-packages/discord/client.py", line 465, in _run_event
    await coro(*args, **kwargs)
  File "/app/asu_discord/cogs/analytics.py", line 652, in on_member_update
    before_timeout = before.timed_out_until
                     ^^^^^^^^^^^^^^^^^^^^^^
AttributeError: 'Member' object has no attribute 'timed_out_until'
Ignoring exception in on_member_update
Traceback (most recent call last):
  File "/usr/local/lib/python3.12/site-packages/discord/client.py", line 465, in _run_event
    await coro(*args, **kwargs)
  File "/app/asu_discord/cogs/analytics.py", line 652, in on_member_update
    before_timeout = before.timed_out_until
                     ^^^^^^^^^^^^^^^^^^^^^^
AttributeError: 'Member' object has no attribute 'timed_out_until'
Ignoring exception in on_member_update
Traceback (most recent call last):
  File "/usr/local/lib/python3.12/site-packages/discord/client.py", line 465, in _run_event
    await coro(*args, **kwargs)
  File "/app/asu_discord/cogs/analytics.py", line 652, in on_member_update
    before_timeout = before.timed_out_until
                     ^^^^^^^^^^^^^^^^^^^^^^
AttributeError: 'Member' object has no attribute 'timed_out_until'
Ignoring exception in on_member_update
Traceback (most recent call last):
  File "/usr/local/lib/python3.12/site-packages/discord/client.py", line 465, in _run_event
    await coro(*args, **kwargs)
  File "/app/asu_discord/cogs/analytics.py", line 652, in on_member_update
    before_timeout = before.timed_out_until
                     ^^^^^^^^^^^^^^^^^^^^^^
AttributeError: 'Member' object has no attribute 'timed_out_until'
Ignoring exception in on_member_update
Traceback (most recent call last):
  File "/usr/local/lib/python3.12/site-packages/discord/client.py", line 465, in _run_event
    await coro(*args, **kwargs)
  File "/app/asu_discord/cogs/analytics.py", line 652, in on_member_update
    before_timeout = before.timed_out_until
                     ^^^^^^^^^^^^^^^^^^^^^^
AttributeError: 'Member' object has no attribute 'timed_out_until'
INFO:asu_discord.cogs.verification:Saved 4 roles to database for user rkondap5 (Discord ID: 801708250973339658)
INFO:asu_discord.cogs.verification:Refreshed Salesforce roles for Discord user 801708250973339658: -4/+4 roles, assigned=[Graduate Student, International Student, Ira A. Fulton Schools of Engineering, Tempe]
ERROR:cron.jobs:refresh_salesforce_roles: failed for srquresh (Discord ID 973949352571707412): Failed to refresh Salesforce-based roles: Discord user 973949352571707412 is not a member of the guild
Ignoring exception in on_member_update
Traceback (most recent call last):
  File "/usr/local/lib/python3.12/site-packages/discord/client.py", line 465, in _run_event
    await coro(*args, **kwargs)
  File "/app/asu_discord/cogs/analytics.py", line 652, in on_member_update
    before_timeout = before.timed_out_until
                     ^^^^^^^^^^^^^^^^^^^^^^
AttributeError: 'Member' object has no attribute 'timed_out_until'
Ignoring exception in on_member_update
Traceback (most recent call last):
  File "/usr/local/lib/python3.12/site-packages/discord/client.py", line 465, in _run_event
    await coro(*args, **kwargs)
  File "/app/asu_discord/cogs/analytics.py", line 652, in on_member_update
    before_timeout = before.timed_out_until
                     ^^^^^^^^^^^^^^^^^^^^^^
AttributeError: 'Member' object has no attribute 'timed_out_until'
Ignoring exception in on_member_update
Traceback (most recent call last):
  File "/usr/local/lib/python3.12/site-packages/discord/client.py", line 465, in _run_event
    await coro(*args, **kwargs)
  File "/app/asu_discord/cogs/analytics.py", line 652, in on_member_update
    before_timeout = before.timed_out_until
                     ^^^^^^^^^^^^^^^^^^^^^^
AttributeError: 'Member' object has no attribute 'timed_out_until'
Ignoring exception in on_member_update
Traceback (most recent call last):
  File "/usr/local/lib/python3.12/site-packages/discord/client.py", line 465, in _run_event
    await coro(*args, **kwargs)
  File "/app/asu_discord/cogs/analytics.py", line 652, in on_member_update
    before_timeout = before.timed_out_until
                     ^^^^^^^^^^^^^^^^^^^^^^
AttributeError: 'Member' object has no attribute 'timed_out_until'
Ignoring exception in on_member_update
Traceback (most recent call last):
  File "/usr/local/lib/python3.12/site-packages/discord/client.py", line 465, in _run_event
    await coro(*args, **kwargs)
  File "/app/asu_discord/cogs/analytics.py", line 652, in on_member_update
    before_timeout = before.timed_out_until
                     ^^^^^^^^^^^^^^^^^^^^^^
AttributeError: 'Member' object has no attribute 'timed_out_until'
Ignoring exception in on_member_update
Traceback (most recent call last):
  File "/usr/local/lib/python3.12/site-packages/discord/client.py", line 465, in _run_event
    await coro(*args, **kwargs)
  File "/app/asu_discord/cogs/analytics.py", line 652, in on_member_update
    before_timeout = before.timed_out_until
                     ^^^^^^^^^^^^^^^^^^^^^^
AttributeError: 'Member' object has no attribute 'timed_out_until'
Ignoring exception in on_member_update
Traceback (most recent call last):
  File "/usr/local/lib/python3.12/site-packages/discord/client.py", line 465, in _run_event
    await coro(*args, **kwargs)
  File "/app/asu_discord/cogs/analytics.py", line 652, in on_member_update
    before_timeout = before.timed_out_until
                     ^^^^^^^^^^^^^^^^^^^^^^
AttributeError: 'Member' object has no attribute 'timed_out_until'
Ignoring exception in on_member_update
Traceback (most recent call last):
  File "/usr/local/lib/python3.12/site-packages/discord/client.py", line 465, in _run_event
    await coro(*args, **kwargs)
  File "/app/asu_discord/cogs/analytics.py", line 652, in on_member_update
    before_timeout = before.timed_out_until
                     ^^^^^^^^^^^^^^^^^^^^^^
AttributeError: 'Member' object has no attribute 'timed_out_until'
Ignoring exception in on_member_update
Traceback (most recent call last):
  File "/usr/local/lib/python3.12/site-packages/discord/client.py", line 465, in _run_event
    await coro(*args, **kwargs)
  File "/app/asu_discord/cogs/analytics.py", line 652, in on_member_update
    before_timeout = before.timed_out_until
                     ^^^^^^^^^^^^^^^^^^^^^^
AttributeError: 'Member' object has no attribute 'timed_out_until'
Ignoring exception in on_member_update
Traceback (most recent call last):
  File "/usr/local/lib/python3.12/site-packages/discord/client.py", line 465, in _run_event
    await coro(*args, **kwargs)
  File "/app/asu_discord/cogs/analytics.py", line 652, in on_member_update
    before_timeout = before.timed_out_until
                     ^^^^^^^^^^^^^^^^^^^^^^
AttributeError: 'Member' object has no attribute 'timed_out_until'
INFO:asu_discord.cogs.verification:Saved 5 roles to database for user mbwatso4 (Discord ID: 1062194952194490398)
INFO:asu_discord.cogs.verification:Refreshed Salesforce roles for Discord user 1062194952194490398: -5/+5 roles, assigned=[Commited, First Year, Ira A. Fulton Schools of Engineering, Out of State, West Valley]
Ignoring exception in on_member_update
Traceback (most recent call last):
  File "/usr/local/lib/python3.12/site-packages/discord/client.py", line 465, in _run_event
    await coro(*args, **kwargs)
  File "/app/asu_discord/cogs/analytics.py", line 652, in on_member_update
    before_timeout = before.timed_out_until
                     ^^^^^^^^^^^^^^^^^^^^^^
AttributeError: 'Member' object has no attribute 'timed_out_until'
Ignoring exception in on_member_update
Traceback (most recent call last):
  File "/usr/local/lib/python3.12/site-packages/discord/client.py", line 465, in _run_event
    await coro(*args, **kwargs)
  File "/app/asu_discord/cogs/analytics.py", line 652, in on_member_update
    before_timeout = before.timed_out_until
                     ^^^^^^^^^^^^^^^^^^^^^^
AttributeError: 'Member' object has no attribute 'timed_out_until'
Ignoring exception in on_member_update
Traceback (most recent call last):
  File "/usr/local/lib/python3.12/site-packages/discord/client.py", line 465, in _run_event
    await coro(*args, **kwargs)
  File "/app/asu_discord/cogs/analytics.py", line 652, in on_member_update
    before_timeout = before.timed_out_until
                     ^^^^^^^^^^^^^^^^^^^^^^
AttributeError: 'Member' object has no attribute 'timed_out_until'
Ignoring exception in on_member_update
Traceback (most recent call last):
  File "/usr/local/lib/python3.12/site-packages/discord/client.py", line 465, in _run_event
    await coro(*args, **kwargs)
  File "/app/asu_discord/cogs/analytics.py", line 652, in on_member_update
    before_timeout = before.timed_out_until
                     ^^^^^^^^^^^^^^^^^^^^^^
AttributeError: 'Member' object has no attribute 'timed_out_until'
Ignoring exception in on_member_update
Traceback (most recent call last):
  File "/usr/local/lib/python3.12/site-packages/discord/client.py", line 465, in _run_event
    await coro(*args, **kwargs)
  File "/app/asu_discord/cogs/analytics.py", line 652, in on_member_update
    before_timeout = before.timed_out_until
                     ^^^^^^^^^^^^^^^^^^^^^^
AttributeError: 'Member' object has no attribute 'timed_out_until'
Ignoring exception in on_member_update
Traceback (most recent call last):
  File "/usr/local/lib/python3.12/site-packages/discord/client.py", line 465, in _run_event
    await coro(*args, **kwargs)
  File "/app/asu_discord/cogs/analytics.py", line 652, in on_member_update
    before_timeout = before.timed_out_until
                     ^^^^^^^^^^^^^^^^^^^^^^
AttributeError: 'Member' object has no attribute 'timed_out_until'
Ignoring exception in on_member_update
Traceback (most recent call last):
  File "/usr/local/lib/python3.12/site-packages/discord/client.py", line 465, in _run_event
    await coro(*args, **kwargs)
  File "/app/asu_discord/cogs/analytics.py", line 652, in on_member_update
    before_timeout = before.timed_out_until
                     ^^^^^^^^^^^^^^^^^^^^^^
AttributeError: 'Member' object has no attribute 'timed_out_until'
Ignoring exception in on_member_update
Traceback (most recent call last):
  File "/usr/local/lib/python3.12/site-packages/discord/client.py", line 465, in _run_event
    await coro(*args, **kwargs)
  File "/app/asu_discord/cogs/analytics.py", line 652, in on_member_update
    before_timeout = before.timed_out_until
                     ^^^^^^^^^^^^^^^^^^^^^^
AttributeError: 'Member' object has no attribute 'timed_out_until'
Ignoring exception in on_member_update
Traceback (most recent call last):
  File "/usr/local/lib/python3.12/site-packages/discord/client.py", line 465, in _run_event
    await coro(*args, **kwargs)
  File "/app/asu_discord/cogs/analytics.py", line 652, in on_member_update
    before_timeout = before.timed_out_until
                     ^^^^^^^^^^^^^^^^^^^^^^
AttributeError: 'Member' object has no attribute 'timed_out_until'
Ignoring exception in on_member_update
Traceback (most recent call last):
  File "/usr/local/lib/python3.12/site-packages/discord/client.py", line 465, in _run_event
    await coro(*args, **kwargs)
  File "/app/asu_discord/cogs/analytics.py", line 652, in on_member_update
    before_timeout = before.timed_out_until
                     ^^^^^^^^^^^^^^^^^^^^^^
AttributeError: 'Member' object has no attribute 'timed_out_until'
INFO:asu_discord.cogs.verification:Saved 5 roles to database for user jreddy13 (Discord ID: 1470871156767854602)
INFO:asu_discord.cogs.verification:Refreshed Salesforce roles for Discord user 1470871156767854602: -5/+5 roles, assigned=[Commited, First Year, Out of State, Tempe, W.P. Carey School of Business]
Ignoring exception in on_member_update
Traceback (most recent call last):
  File "/usr/local/lib/python3.12/site-packages/discord/client.py", line 465, in _run_event
    await coro(*args, **kwargs)
  File "/app/asu_discord/cogs/analytics.py", line 652, in on_member_update
    before_timeout = before.timed_out_until
                     ^^^^^^^^^^^^^^^^^^^^^^
AttributeError: 'Member' object has no attribute 'timed_out_until'
Ignoring exception in on_member_update
Traceback (most recent call last):
  File "/usr/local/lib/python3.12/site-packages/discord/client.py", line 465, in _run_event
    await coro(*args, **kwargs)
  File "/app/asu_discord/cogs/analytics.py", line 652, in on_member_update
    before_timeout = before.timed_out_until
                     ^^^^^^^^^^^^^^^^^^^^^^
AttributeError: 'Member' object has no attribute 'timed_out_until'
Ignoring exception in on_member_update
Traceback (most recent call last):
  File "/usr/local/lib/python3.12/site-packages/discord/client.py", line 465, in _run_event
    await coro(*args, **kwargs)
  File "/app/asu_discord/cogs/analytics.py", line 652, in on_member_update
    before_timeout = before.timed_out_until
                     ^^^^^^^^^^^^^^^^^^^^^^
AttributeError: 'Member' object has no attribute 'timed_out_until'
Ignoring exception in on_member_update
Traceback (most recent call last):
  File "/usr/local/lib/python3.12/site-packages/discord/client.py", line 465, in _run_event
    await coro(*args, **kwargs)
  File "/app/asu_discord/cogs/analytics.py", line 652, in on_member_update
    before_timeout = before.timed_out_until
                     ^^^^^^^^^^^^^^^^^^^^^^
AttributeError: 'Member' object has no attribute 'timed_out_until'
Ignoring exception in on_member_update
Traceback (most recent call last):
  File "/usr/local/lib/python3.12/site-packages/discord/client.py", line 465, in _run_event
    await coro(*args, **kwargs)
  File "/app/asu_discord/cogs/analytics.py", line 652, in on_member_update
    before_timeout = before.timed_out_until
                     ^^^^^^^^^^^^^^^^^^^^^^
AttributeError: 'Member' object has no attribute 'timed_out_until'
Ignoring exception in on_member_update
Traceback (most recent call last):
  File "/usr/local/lib/python3.12/site-packages/discord/client.py", line 465, in _run_event
    await coro(*args, **kwargs)
  File "/app/asu_discord/cogs/analytics.py", line 652, in on_member_update
    before_timeout = before.timed_out_until
                     ^^^^^^^^^^^^^^^^^^^^^^
AttributeError: 'Member' object has no attribute 'timed_out_until'
Ignoring exception in on_member_update
Traceback (most recent call last):
  File "/usr/local/lib/python3.12/site-packages/discord/client.py", line 465, in _run_event
    await coro(*args, **kwargs)
  File "/app/asu_discord/cogs/analytics.py", line 652, in on_member_update
    before_timeout = before.timed_out_until
                     ^^^^^^^^^^^^^^^^^^^^^^
AttributeError: 'Member' object has no attribute 'timed_out_until'
Ignoring exception in on_member_update
Traceback (most recent call last):
  File "/usr/local/lib/python3.12/site-packages/discord/client.py", line 465, in _run_event
    await coro(*args, **kwargs)
  File "/app/asu_discord/cogs/analytics.py", line 652, in on_member_update
    before_timeout = before.timed_out_until
                     ^^^^^^^^^^^^^^^^^^^^^^
AttributeError: 'Member' object has no attribute 'timed_out_until'
Ignoring exception in on_member_update
Traceback (most recent call last):
  File "/usr/local/lib/python3.12/site-packages/discord/client.py", line 465, in _run_event
    await coro(*args, **kwargs)
  File "/app/asu_discord/cogs/analytics.py", line 652, in on_member_update
    before_timeout = before.timed_out_until
                     ^^^^^^^^^^^^^^^^^^^^^^
AttributeError: 'Member' object has no attribute 'timed_out_until'
Ignoring exception in on_member_update
Traceback (most recent call last):
  File "/usr/local/lib/python3.12/site-packages/discord/client.py", line 465, in _run_event
    await coro(*args, **kwargs)
  File "/app/asu_discord/cogs/analytics.py", line 652, in on_member_update
    before_timeout = before.timed_out_until
                     ^^^^^^^^^^^^^^^^^^^^^^
AttributeError: 'Member' object has no attribute 'timed_out_until'
INFO:asu_discord.cogs.verification:Saved 5 roles to database for user tllogan1 (Discord ID: 913112957364371496)
INFO:asu_discord.cogs.verification:Refreshed Salesforce roles for Discord user 913112957364371496: -5/+5 roles, assigned=[Arizona Resident, Commited, First Year, Ira A. Fulton Schools of Engineering, Tempe]
Ignoring exception in on_member_update
Traceback (most recent call last):
  File "/usr/local/lib/python3.12/site-packages/discord/client.py", line 465, in _run_event
    await coro(*args, **kwargs)
  File "/app/asu_discord/cogs/analytics.py", line 652, in on_member_update
    before_timeout = before.timed_out_until
                     ^^^^^^^^^^^^^^^^^^^^^^
AttributeError: 'Member' object has no attribute 'timed_out_until'
Ignoring exception in on_member_update
Traceback (most recent call last):
  File "/usr/local/lib/python3.12/site-packages/discord/client.py", line 465, in _run_event
    await coro(*args, **kwargs)
  File "/app/asu_discord/cogs/analytics.py", line 652, in on_member_update
    before_timeout = before.timed_out_until
                     ^^^^^^^^^^^^^^^^^^^^^^
AttributeError: 'Member' object has no attribute 'timed_out_until'
Ignoring exception in on_member_update
Traceback (most recent call last):
  File "/usr/local/lib/python3.12/site-packages/discord/client.py", line 465, in _run_event
    await coro(*args, **kwargs)
  File "/app/asu_discord/cogs/analytics.py", line 652, in on_member_update
    before_timeout = before.timed_out_until
                     ^^^^^^^^^^^^^^^^^^^^^^
AttributeError: 'Member' object has no attribute 'timed_out_until'
Ignoring exception in on_member_update
Traceback (most recent call last):
  File "/usr/local/lib/python3.12/site-packages/discord/client.py", line 465, in _run_event
    await coro(*args, **kwargs)
  File "/app/asu_discord/cogs/analytics.py", line 652, in on_member_update
    before_timeout = before.timed_out_until
                     ^^^^^^^^^^^^^^^^^^^^^^
AttributeError: 'Member' object has no attribute 'timed_out_until'
Ignoring exception in on_member_update
Traceback (most recent call last):
  File "/usr/local/lib/python3.12/site-packages/discord/client.py", line 465, in _run_event
    await coro(*args, **kwargs)
  File "/app/asu_discord/cogs/analytics.py", line 652, in on_member_update
    before_timeout = before.timed_out_until
                     ^^^^^^^^^^^^^^^^^^^^^^
AttributeError: 'Member' object has no attribute 'timed_out_until'
Ignoring exception in on_member_update
Traceback (most recent call last):
  File "/usr/local/lib/python3.12/site-packages/discord/client.py", line 465, in _run_event
    await coro(*args, **kwargs)
  File "/app/asu_discord/cogs/analytics.py", line 652, in on_member_update
    before_timeout = before.timed_out_until
                     ^^^^^^^^^^^^^^^^^^^^^^
AttributeError: 'Member' object has no attribute 'timed_out_until'
Ignoring exception in on_member_update
Traceback (most recent call last):
  File "/usr/local/lib/python3.12/site-packages/discord/client.py", line 465, in _run_event
    await coro(*args, **kwargs)
  File "/app/asu_discord/cogs/analytics.py", line 652, in on_member_update
    before_timeout = before.timed_out_until
                     ^^^^^^^^^^^^^^^^^^^^^^
AttributeError: 'Member' object has no attribute 'timed_out_until'
Ignoring exception in on_member_update
Traceback (most recent call last):
  File "/usr/local/lib/python3.12/site-packages/discord/client.py", line 465, in _run_event
    await coro(*args, **kwargs)
  File "/app/asu_discord/cogs/analytics.py", line 652, in on_member_update
    before_timeout = before.timed_out_until
                     ^^^^^^^^^^^^^^^^^^^^^^
AttributeError: 'Member' object has no attribute 'timed_out_until'
Ignoring exception in on_member_update
Traceback (most recent call last):
  File "/usr/local/lib/python3.12/site-packages/discord/client.py", line 465, in _run_event
    await coro(*args, **kwargs)
  File "/app/asu_discord/cogs/analytics.py", line 652, in on_member_update
    before_timeout = before.timed_out_until
                     ^^^^^^^^^^^^^^^^^^^^^^
AttributeError: 'Member' object has no attribute 'timed_out_until'
Ignoring exception in on_member_update
Traceback (most recent call last):
  File "/usr/local/lib/python3.12/site-packages/discord/client.py", line 465, in _run_event
    await coro(*args, **kwargs)
  File "/app/asu_discord/cogs/analytics.py", line 652, in on_member_update
    before_timeout = before.timed_out_until
                     ^^^^^^^^^^^^^^^^^^^^^^
AttributeError: 'Member' object has no attribute 'timed_out_until'
INFO:asu_discord.cogs.verification:Saved 5 roles to database for user ahuamana (Discord ID: 358688676529831946)
INFO:asu_discord.cogs.verification:Refreshed Salesforce roles for Discord user 358688676529831946: -5/+5 roles, assigned=[First Generation Student, Graduate Student, International Student, Ira A. Fulton Schools of Engineering, Tempe]
Ignoring exception in on_member_update
Traceback (most recent call last):
  File "/usr/local/lib/python3.12/site-packages/discord/client.py", line 465, in _run_event
    await coro(*args, **kwargs)
  File "/app/asu_discord/cogs/analytics.py", line 652, in on_member_update
    before_timeout = before.timed_out_until
                     ^^^^^^^^^^^^^^^^^^^^^^
AttributeError: 'Member' object has no attribute 'timed_out_until'
Ignoring exception in on_member_update
Traceback (most recent call last):
  File "/usr/local/lib/python3.12/site-packages/discord/client.py", line 465, in _run_event
    await coro(*args, **kwargs)
  File "/app/asu_discord/cogs/analytics.py", line 652, in on_member_update
    before_timeout = before.timed_out_until
                     ^^^^^^^^^^^^^^^^^^^^^^
AttributeError: 'Member' object has no attribute 'timed_out_until'
Ignoring exception in on_member_update
Traceback (most recent call last):
  File "/usr/local/lib/python3.12/site-packages/discord/client.py", line 465, in _run_event
    await coro(*args, **kwargs)
  File "/app/asu_discord/cogs/analytics.py", line 652, in on_member_update
    before_timeout = before.timed_out_until
                     ^^^^^^^^^^^^^^^^^^^^^^
AttributeError: 'Member' object has no attribute 'timed_out_until'
Ignoring exception in on_member_update
Traceback (most recent call last):
  File "/usr/local/lib/python3.12/site-packages/discord/client.py", line 465, in _run_event
    await coro(*args, **kwargs)
  File "/app/asu_discord/cogs/analytics.py", line 652, in on_member_update
    before_timeout = before.timed_out_until
                     ^^^^^^^^^^^^^^^^^^^^^^
AttributeError: 'Member' object has no attribute 'timed_out_until'
Ignoring exception in on_member_update
Traceback (most recent call last):
  File "/usr/local/lib/python3.12/site-packages/discord/client.py", line 465, in _run_event
    await coro(*args, **kwargs)
  File "/app/asu_discord/cogs/analytics.py", line 652, in on_member_update
    before_timeout = before.timed_out_until
                     ^^^^^^^^^^^^^^^^^^^^^^
AttributeError: 'Member' object has no attribute 'timed_out_until'
Ignoring exception in on_member_update
Traceback (most recent call last):
  File "/usr/local/lib/python3.12/site-packages/discord/client.py", line 465, in _run_event
    await coro(*args, **kwargs)
  File "/app/asu_discord/cogs/analytics.py", line 652, in on_member_update
    before_timeout = before.timed_out_until
                     ^^^^^^^^^^^^^^^^^^^^^^
AttributeError: 'Member' object has no attribute 'timed_out_until'
Ignoring exception in on_member_update
Traceback (most recent call last):
  File "/usr/local/lib/python3.12/site-packages/discord/client.py", line 465, in _run_event
    await coro(*args, **kwargs)
  File "/app/asu_discord/cogs/analytics.py", line 652, in on_member_update
    before_timeout = before.timed_out_until
                     ^^^^^^^^^^^^^^^^^^^^^^
AttributeError: 'Member' object has no attribute 'timed_out_until'
Ignoring exception in on_member_update
Traceback (most recent call last):
  File "/usr/local/lib/python3.12/site-packages/discord/client.py", line 465, in _run_event
    await coro(*args, **kwargs)
  File "/app/asu_discord/cogs/analytics.py", line 652, in on_member_update
    before_timeout = before.timed_out_until
                     ^^^^^^^^^^^^^^^^^^^^^^
AttributeError: 'Member' object has no attribute 'timed_out_until'
INFO:asu_discord.cogs.verification:Saved 4 roles to database for user kbfrank (Discord ID: 769409879622025246)
INFO:asu_discord.cogs.verification:Refreshed Salesforce roles for Discord user 769409879622025246: -4/+4 roles, assigned=[Arizona Resident, First Year, Ira A. Fulton Schools of Engineering, Tempe]
Ignoring exception in on_member_update
Traceback (most recent call last):
  File "/usr/local/lib/python3.12/site-packages/discord/client.py", line 465, in _run_event
    await coro(*args, **kwargs)
  File "/app/asu_discord/cogs/analytics.py", line 652, in on_member_update
    before_timeout = before.timed_out_until
                     ^^^^^^^^^^^^^^^^^^^^^^
AttributeError: 'Member' object has no attribute 'timed_out_until'
Ignoring exception in on_member_update
Traceback (most recent call last):
  File "/usr/local/lib/python3.12/site-packages/discord/client.py", line 465, in _run_event
    await coro(*args, **kwargs)
  File "/app/asu_discord/cogs/analytics.py", line 652, in on_member_update
    before_timeout = before.timed_out_until
                     ^^^^^^^^^^^^^^^^^^^^^^
AttributeError: 'Member' object has no attribute 'timed_out_until'
Ignoring exception in on_member_update
Traceback (most recent call last):
  File "/usr/local/lib/python3.12/site-packages/discord/client.py", line 465, in _run_event
    await coro(*args, **kwargs)
  File "/app/asu_discord/cogs/analytics.py", line 652, in on_member_update
    before_timeout = before.timed_out_until
                     ^^^^^^^^^^^^^^^^^^^^^^
AttributeError: 'Member' object has no attribute 'timed_out_until'
Ignoring exception in on_member_update
Traceback (most recent call last):
  File "/usr/local/lib/python3.12/site-packages/discord/client.py", line 465, in _run_event
    await coro(*args, **kwargs)
  File "/app/asu_discord/cogs/analytics.py", line 652, in on_member_update
    before_timeout = before.timed_out_until
                     ^^^^^^^^^^^^^^^^^^^^^^
AttributeError: 'Member' object has no attribute 'timed_out_until'
Ignoring exception in on_member_update
Traceback (most recent call last):
  File "/usr/local/lib/python3.12/site-packages/discord/client.py", line 465, in _run_event
    await coro(*args, **kwargs)
  File "/app/asu_discord/cogs/analytics.py", line 652, in on_member_update
    before_timeout = before.timed_out_until
                     ^^^^^^^^^^^^^^^^^^^^^^
AttributeError: 'Member' object has no attribute 'timed_out_until'
Ignoring exception in on_member_update
Traceback (most recent call last):
  File "/usr/local/lib/python3.12/site-packages/discord/client.py", line 465, in _run_event
    await coro(*args, **kwargs)
  File "/app/asu_discord/cogs/analytics.py", line 652, in on_member_update
    before_timeout = before.timed_out_until
                     ^^^^^^^^^^^^^^^^^^^^^^
AttributeError: 'Member' object has no attribute 'timed_out_until'
Ignoring exception in on_member_update
Traceback (most recent call last):
  File "/usr/local/lib/python3.12/site-packages/discord/client.py", line 465, in _run_event
    await coro(*args, **kwargs)
  File "/app/asu_discord/cogs/analytics.py", line 652, in on_member_update
    before_timeout = before.timed_out_until
                     ^^^^^^^^^^^^^^^^^^^^^^
AttributeError: 'Member' object has no attribute 'timed_out_until'
Ignoring exception in on_member_update
Traceback (most recent call last):
  File "/usr/local/lib/python3.12/site-packages/discord/client.py", line 465, in _run_event
    await coro(*args, **kwargs)
  File "/app/asu_discord/cogs/analytics.py", line 652, in on_member_update
    before_timeout = before.timed_out_until
                     ^^^^^^^^^^^^^^^^^^^^^^
AttributeError: 'Member' object has no attribute 'timed_out_until'
Ignoring exception in on_member_update
Traceback (most recent call last):
  File "/usr/local/lib/python3.12/site-packages/discord/client.py", line 465, in _run_event
    await coro(*args, **kwargs)
  File "/app/asu_discord/cogs/analytics.py", line 652, in on_member_update
    before_timeout = before.timed_out_until
                     ^^^^^^^^^^^^^^^^^^^^^^
AttributeError: 'Member' object has no attribute 'timed_out_until'
Ignoring exception in on_member_update
Traceback (most recent call last):
  File "/usr/local/lib/python3.12/site-packages/discord/client.py", line 465, in _run_event
    await coro(*args, **kwargs)
  File "/app/asu_discord/cogs/analytics.py", line 652, in on_member_update
    before_timeout = before.timed_out_until
                     ^^^^^^^^^^^^^^^^^^^^^^
AttributeError: 'Member' object has no attribute 'timed_out_until'
INFO:asu_discord.cogs.verification:Saved 5 roles to database for user cagueva5 (Discord ID: 598289306808746044)
INFO:asu_discord.cogs.verification:Refreshed Salesforce roles for Discord user 598289306808746044: -5/+5 roles, assigned=[Arizona Resident, First Generation Student, First Year, Ira A. Fulton Schools of Engineering, Tempe]
Ignoring exception in on_member_update
Traceback (most recent call last):
  File "/usr/local/lib/python3.12/site-packages/discord/client.py", line 465, in _run_event
    await coro(*args, **kwargs)
  File "/app/asu_discord/cogs/analytics.py", line 652, in on_member_update
    before_timeout = before.timed_out_until
                     ^^^^^^^^^^^^^^^^^^^^^^
AttributeError: 'Member' object has no attribute 'timed_out_until'
Ignoring exception in on_member_update
Traceback (most recent call last):
  File "/usr/local/lib/python3.12/site-packages/discord/client.py", line 465, in _run_event
    await coro(*args, **kwargs)
  File "/app/asu_discord/cogs/analytics.py", line 652, in on_member_update
    before_timeout = before.timed_out_until
                     ^^^^^^^^^^^^^^^^^^^^^^
AttributeError: 'Member' object has no attribute 'timed_out_until'
Ignoring exception in on_member_update
Traceback (most recent call last):
  File "/usr/local/lib/python3.12/site-packages/discord/client.py", line 465, in _run_event
    await coro(*args, **kwargs)
  File "/app/asu_discord/cogs/analytics.py", line 652, in on_member_update
    before_timeout = before.timed_out_until
                     ^^^^^^^^^^^^^^^^^^^^^^
AttributeError: 'Member' object has no attribute 'timed_out_until'
Ignoring exception in on_member_update
Traceback (most recent call last):
  File "/usr/local/lib/python3.12/site-packages/discord/client.py", line 465, in _run_event
    await coro(*args, **kwargs)
  File "/app/asu_discord/cogs/analytics.py", line 652, in on_member_update
    before_timeout = before.timed_out_until
                     ^^^^^^^^^^^^^^^^^^^^^^
AttributeError: 'Member' object has no attribute 'timed_out_until'
Ignoring exception in on_member_update
Traceback (most recent call last):
  File "/usr/local/lib/python3.12/site-packages/discord/client.py", line 465, in _run_event
    await coro(*args, **kwargs)
  File "/app/asu_discord/cogs/analytics.py", line 652, in on_member_update
    before_timeout = before.timed_out_until
                     ^^^^^^^^^^^^^^^^^^^^^^
AttributeError: 'Member' object has no attribute 'timed_out_until'
Ignoring exception in on_member_update
Traceback (most recent call last):
  File "/usr/local/lib/python3.12/site-packages/discord/client.py", line 465, in _run_event
    await coro(*args, **kwargs)
  File "/app/asu_discord/cogs/analytics.py", line 652, in on_member_update
    before_timeout = before.timed_out_until
                     ^^^^^^^^^^^^^^^^^^^^^^
AttributeError: 'Member' object has no attribute 'timed_out_until'
Ignoring exception in on_member_update
Traceback (most recent call last):
  File "/usr/local/lib/python3.12/site-packages/discord/client.py", line 465, in _run_event
    await coro(*args, **kwargs)
  File "/app/asu_discord/cogs/analytics.py", line 652, in on_member_update
    before_timeout = before.timed_out_until
                     ^^^^^^^^^^^^^^^^^^^^^^
AttributeError: 'Member' object has no attribute 'timed_out_until'
Ignoring exception in on_member_update
Traceback (most recent call last):
  File "/usr/local/lib/python3.12/site-packages/discord/client.py", line 465, in _run_event
    await coro(*args, **kwargs)
  File "/app/asu_discord/cogs/analytics.py", line 652, in on_member_update
    before_timeout = before.timed_out_until
                     ^^^^^^^^^^^^^^^^^^^^^^
AttributeError: 'Member' object has no attribute 'timed_out_until'
INFO:asu_discord.cogs.verification:Saved 4 roles to database for user hkuylen (Discord ID: 1470983581437399051)
INFO:asu_discord.cogs.verification:Refreshed Salesforce roles for Discord user 1470983581437399051: -4/+4 roles, assigned=[Arizona Resident, First Year, Ira A. Fulton Schools of Engineering, Tempe]
Ignoring exception in on_member_update
Traceback (most recent call last):
  File "/usr/local/lib/python3.12/site-packages/discord/client.py", line 465, in _run_event
    await coro(*args, **kwargs)
  File "/app/asu_discord/cogs/analytics.py", line 652, in on_member_update
    before_timeout = before.timed_out_until
                     ^^^^^^^^^^^^^^^^^^^^^^
AttributeError: 'Member' object has no attribute 'timed_out_until'
INFO:asu_discord.cogs.verification:Saved 1 roles to database for user nikhilr2 (Discord ID: 737786485100642354)
INFO:asu_discord.cogs.verification:Refreshed Salesforce roles for Discord user 737786485100642354: -1/+1 roles, assigned=[Out of State]
Ignoring exception in on_member_update
Traceback (most recent call last):
  File "/usr/local/lib/python3.12/site-packages/discord/client.py", line 465, in _run_event
    await coro(*args, **kwargs)
  File "/app/asu_discord/cogs/analytics.py", line 652, in on_member_update
    before_timeout = before.timed_out_until
                     ^^^^^^^^^^^^^^^^^^^^^^
AttributeError: 'Member' object has no attribute 'timed_out_until'
Ignoring exception in on_member_update
Traceback (most recent call last):
  File "/usr/local/lib/python3.12/site-packages/discord/client.py", line 465, in _run_event
    await coro(*args, **kwargs)
  File "/app/asu_discord/cogs/analytics.py", line 652, in on_member_update
    before_timeout = before.timed_out_until
                     ^^^^^^^^^^^^^^^^^^^^^^
AttributeError: 'Member' object has no attribute 'timed_out_until'
Ignoring exception in on_member_update
Traceback (most recent call last):
  File "/usr/local/lib/python3.12/site-packages/discord/client.py", line 465, in _run_event
    await coro(*args, **kwargs)
  File "/app/asu_discord/cogs/analytics.py", line 652, in on_member_update
    before_timeout = before.timed_out_until
                     ^^^^^^^^^^^^^^^^^^^^^^
AttributeError: 'Member' object has no attribute 'timed_out_until'
Ignoring exception in on_member_update
Traceback (most recent call last):
  File "/usr/local/lib/python3.12/site-packages/discord/client.py", line 465, in _run_event
    await coro(*args, **kwargs)
  File "/app/asu_discord/cogs/analytics.py", line 652, in on_member_update
    before_timeout = before.timed_out_until
                     ^^^^^^^^^^^^^^^^^^^^^^
AttributeError: 'Member' object has no attribute 'timed_out_until'
Ignoring exception in on_member_update
Traceback (most recent call last):
  File "/usr/local/lib/python3.12/site-packages/discord/client.py", line 465, in _run_event
    await coro(*args, **kwargs)
  File "/app/asu_discord/cogs/analytics.py", line 652, in on_member_update
    before_timeout = before.timed_out_until
                     ^^^^^^^^^^^^^^^^^^^^^^
AttributeError: 'Member' object has no attribute 'timed_out_until'
Ignoring exception in on_member_update
Traceback (most recent call last):
  File "/usr/local/lib/python3.12/site-packages/discord/client.py", line 465, in _run_event
    await coro(*args, **kwargs)
  File "/app/asu_discord/cogs/analytics.py", line 652, in on_member_update
    before_timeout = before.timed_out_until
                     ^^^^^^^^^^^^^^^^^^^^^^
AttributeError: 'Member' object has no attribute 'timed_out_until'
Ignoring exception in on_member_update
Traceback (most recent call last):
  File "/usr/local/lib/python3.12/site-packages/discord/client.py", line 465, in _run_event
    await coro(*args, **kwargs)
  File "/app/asu_discord/cogs/analytics.py", line 652, in on_member_update
    before_timeout = before.timed_out_until
                     ^^^^^^^^^^^^^^^^^^^^^^
AttributeError: 'Member' object has no attribute 'timed_out_until'
INFO:asu_discord.cogs.verification:Saved 3 roles to database for user aroopawa (Discord ID: 938693010823192606)
INFO:asu_discord.cogs.verification:Refreshed Salesforce roles for Discord user 938693010823192606: -3/+3 roles, assigned=[First Year, Tempe, W.P. Carey School of Business]
Ignoring exception in on_member_update
Traceback (most recent call last):
  File "/usr/local/lib/python3.12/site-packages/discord/client.py", line 465, in _run_event
    await coro(*args, **kwargs)
  File "/app/asu_discord/cogs/analytics.py", line 652, in on_member_update
    before_timeout = before.timed_out_until
                     ^^^^^^^^^^^^^^^^^^^^^^
AttributeError: 'Member' object has no attribute 'timed_out_until'
Ignoring exception in on_member_update
Traceback (most recent call last):
  File "/usr/local/lib/python3.12/site-packages/discord/client.py", line 465, in _run_event
    await coro(*args, **kwargs)
  File "/app/asu_discord/cogs/analytics.py", line 652, in on_member_update
    before_timeout = before.timed_out_until
                     ^^^^^^^^^^^^^^^^^^^^^^
AttributeError: 'Member' object has no attribute 'timed_out_until'
Ignoring exception in on_member_update
Traceback (most recent call last):
  File "/usr/local/lib/python3.12/site-packages/discord/client.py", line 465, in _run_event
    await coro(*args, **kwargs)
  File "/app/asu_discord/cogs/analytics.py", line 652, in on_member_update
    before_timeout = before.timed_out_until
                     ^^^^^^^^^^^^^^^^^^^^^^
AttributeError: 'Member' object has no attribute 'timed_out_until'
Ignoring exception in on_member_update
Traceback (most recent call last):
  File "/usr/local/lib/python3.12/site-packages/discord/client.py", line 465, in _run_event
    await coro(*args, **kwargs)
  File "/app/asu_discord/cogs/analytics.py", line 652, in on_member_update
    before_timeout = before.timed_out_until
                     ^^^^^^^^^^^^^^^^^^^^^^
AttributeError: 'Member' object has no attribute 'timed_out_until'
Ignoring exception in on_member_update
Traceback (most recent call last):
  File "/usr/local/lib/python3.12/site-packages/discord/client.py", line 465, in _run_event
    await coro(*args, **kwargs)
  File "/app/asu_discord/cogs/analytics.py", line 652, in on_member_update
    before_timeout = before.timed_out_until
                     ^^^^^^^^^^^^^^^^^^^^^^
AttributeError: 'Member' object has no attribute 'timed_out_until'
Ignoring exception in on_member_update
Traceback (most recent call last):
  File "/usr/local/lib/python3.12/site-packages/discord/client.py", line 465, in _run_event
    await coro(*args, **kwargs)
  File "/app/asu_discord/cogs/analytics.py", line 652, in on_member_update
    before_timeout = before.timed_out_until
                     ^^^^^^^^^^^^^^^^^^^^^^
AttributeError: 'Member' object has no attribute 'timed_out_until'
Ignoring exception in on_member_update
Traceback (most recent call last):
  File "/usr/local/lib/python3.12/site-packages/discord/client.py", line 465, in _run_event
    await coro(*args, **kwargs)
  File "/app/asu_discord/cogs/analytics.py", line 652, in on_member_update
    before_timeout = before.timed_out_until
                     ^^^^^^^^^^^^^^^^^^^^^^
AttributeError: 'Member' object has no attribute 'timed_out_until'
Ignoring exception in on_member_update
Traceback (most recent call last):
  File "/usr/local/lib/python3.12/site-packages/discord/client.py", line 465, in _run_event
    await coro(*args, **kwargs)
  File "/app/asu_discord/cogs/analytics.py", line 652, in on_member_update
    before_timeout = before.timed_out_until
                     ^^^^^^^^^^^^^^^^^^^^^^
AttributeError: 'Member' object has no attribute 'timed_out_until'
INFO:asu_discord.cogs.verification:Saved 4 roles to database for user vkatre (Discord ID: 1058044290087010374)
INFO:asu_discord.cogs.verification:Refreshed Salesforce roles for Discord user 1058044290087010374: -4/+4 roles, assigned=[Graduate Student, International Student, Ira A. Fulton Schools of Engineering, Polytechnic]
Ignoring exception in on_member_update
Traceback (most recent call last):
  File "/usr/local/lib/python3.12/site-packages/discord/client.py", line 465, in _run_event
    await coro(*args, **kwargs)
  File "/app/asu_discord/cogs/analytics.py", line 652, in on_member_update
    before_timeout = before.timed_out_until
                     ^^^^^^^^^^^^^^^^^^^^^^
AttributeError: 'Member' object has no attribute 'timed_out_until'
Ignoring exception in on_member_update
Traceback (most recent call last):
  File "/usr/local/lib/python3.12/site-packages/discord/client.py", line 465, in _run_event
    await coro(*args, **kwargs)
  File "/app/asu_discord/cogs/analytics.py", line 652, in on_member_update
    before_timeout = before.timed_out_until
                     ^^^^^^^^^^^^^^^^^^^^^^
AttributeError: 'Member' object has no attribute 'timed_out_until'
Ignoring exception in on_member_update
Traceback (most recent call last):
  File "/usr/local/lib/python3.12/site-packages/discord/client.py", line 465, in _run_event
    await coro(*args, **kwargs)
  File "/app/asu_discord/cogs/analytics.py", line 652, in on_member_update
    before_timeout = before.timed_out_until
                     ^^^^^^^^^^^^^^^^^^^^^^
AttributeError: 'Member' object has no attribute 'timed_out_until'
Ignoring exception in on_member_update
Traceback (most recent call last):
  File "/usr/local/lib/python3.12/site-packages/discord/client.py", line 465, in _run_event
    await coro(*args, **kwargs)
  File "/app/asu_discord/cogs/analytics.py", line 652, in on_member_update
    before_timeout = before.timed_out_until
                     ^^^^^^^^^^^^^^^^^^^^^^
AttributeError: 'Member' object has no attribute 'timed_out_until'
Ignoring exception in on_member_update
Traceback (most recent call last):
  File "/usr/local/lib/python3.12/site-packages/discord/client.py", line 465, in _run_event
    await coro(*args, **kwargs)
  File "/app/asu_discord/cogs/analytics.py", line 652, in on_member_update
    before_timeout = before.timed_out_until
                     ^^^^^^^^^^^^^^^^^^^^^^
AttributeError: 'Member' object has no attribute 'timed_out_until'
Ignoring exception in on_member_update
Traceback (most recent call last):
  File "/usr/local/lib/python3.12/site-packages/discord/client.py", line 465, in _run_event
    await coro(*args, **kwargs)
  File "/app/asu_discord/cogs/analytics.py", line 652, in on_member_update
    before_timeout = before.timed_out_until
                     ^^^^^^^^^^^^^^^^^^^^^^
AttributeError: 'Member' object has no attribute 'timed_out_until'
Ignoring exception in on_member_update
Traceback (most recent call last):
  File "/usr/local/lib/python3.12/site-packages/discord/client.py", line 465, in _run_event
    await coro(*args, **kwargs)
  File "/app/asu_discord/cogs/analytics.py", line 652, in on_member_update
    before_timeout = before.timed_out_until
                     ^^^^^^^^^^^^^^^^^^^^^^
AttributeError: 'Member' object has no attribute 'timed_out_until'
Ignoring exception in on_member_update
Traceback (most recent call last):
  File "/usr/local/lib/python3.12/site-packages/discord/client.py", line 465, in _run_event
    await coro(*args, **kwargs)
  File "/app/asu_discord/cogs/analytics.py", line 652, in on_member_update
    before_timeout = before.timed_out_until
                     ^^^^^^^^^^^^^^^^^^^^^^
AttributeError: 'Member' object has no attribute 'timed_out_until'
INFO:asu_discord.cogs.verification:Saved 4 roles to database for user mmkhale1 (Discord ID: 827933599277776946)
INFO:asu_discord.cogs.verification:Refreshed Salesforce roles for Discord user 827933599277776946: -4/+4 roles, assigned=[Arizona Resident, First Year, Tempe, W.P. Carey School of Business]
ERROR:cron.jobs:refresh_salesforce_roles: failed for yjain127 (Discord ID 1459549333241204845): Failed to refresh Salesforce-based roles: Discord user 1459549333241204845 is not a member of the guild
Ignoring exception in on_member_update
Traceback (most recent call last):
  File "/usr/local/lib/python3.12/site-packages/discord/client.py", line 465, in _run_event
    await coro(*args, **kwargs)
  File "/app/asu_discord/cogs/analytics.py", line 652, in on_member_update
    before_timeout = before.timed_out_until
                     ^^^^^^^^^^^^^^^^^^^^^^
AttributeError: 'Member' object has no attribute 'timed_out_until'
Ignoring exception in on_member_update
Traceback (most recent call last):
  File "/usr/local/lib/python3.12/site-packages/discord/client.py", line 465, in _run_event
    await coro(*args, **kwargs)
  File "/app/asu_discord/cogs/analytics.py", line 652, in on_member_update
    before_timeout = before.timed_out_until
                     ^^^^^^^^^^^^^^^^^^^^^^
AttributeError: 'Member' object has no attribute 'timed_out_until'
Ignoring exception in on_member_update
Traceback (most recent call last):
  File "/usr/local/lib/python3.12/site-packages/discord/client.py", line 465, in _run_event
    await coro(*args, **kwargs)
  File "/app/asu_discord/cogs/analytics.py", line 652, in on_member_update
    before_timeout = before.timed_out_until
                     ^^^^^^^^^^^^^^^^^^^^^^
AttributeError: 'Member' object has no attribute 'timed_out_until'
Ignoring exception in on_member_update
Traceback (most recent call last):
  File "/usr/local/lib/python3.12/site-packages/discord/client.py", line 465, in _run_event
    await coro(*args, **kwargs)
  File "/app/asu_discord/cogs/analytics.py", line 652, in on_member_update
    before_timeout = before.timed_out_until
                     ^^^^^^^^^^^^^^^^^^^^^^
AttributeError: 'Member' object has no attribute 'timed_out_until'
Ignoring exception in on_member_update
Traceback (most recent call last):
  File "/usr/local/lib/python3.12/site-packages/discord/client.py", line 465, in _run_event
    await coro(*args, **kwargs)
  File "/app/asu_discord/cogs/analytics.py", line 652, in on_member_update
    before_timeout = before.timed_out_until
                     ^^^^^^^^^^^^^^^^^^^^^^
AttributeError: 'Member' object has no attribute 'timed_out_until'
Ignoring exception in on_member_update
Traceback (most recent call last):
  File "/usr/local/lib/python3.12/site-packages/discord/client.py", line 465, in _run_event
    await coro(*args, **kwargs)
  File "/app/asu_discord/cogs/analytics.py", line 652, in on_member_update
    before_timeout = before.timed_out_until
                     ^^^^^^^^^^^^^^^^^^^^^^
AttributeError: 'Member' object has no attribute 'timed_out_until'
Ignoring exception in on_member_update
Traceback (most recent call last):
  File "/usr/local/lib/python3.12/site-packages/discord/client.py", line 465, in _run_event
    await coro(*args, **kwargs)
  File "/app/asu_discord/cogs/analytics.py", line 652, in on_member_update
    before_timeout = before.timed_out_until
                     ^^^^^^^^^^^^^^^^^^^^^^
AttributeError: 'Member' object has no attribute 'timed_out_until'
Ignoring exception in on_member_update
Traceback (most recent call last):
  File "/usr/local/lib/python3.12/site-packages/discord/client.py", line 465, in _run_event
    await coro(*args, **kwargs)
  File "/app/asu_discord/cogs/analytics.py", line 652, in on_member_update
    before_timeout = before.timed_out_until
                     ^^^^^^^^^^^^^^^^^^^^^^
AttributeError: 'Member' object has no attribute 'timed_out_until'
INFO:asu_discord.cogs.verification:Saved 4 roles to database for user acarde70 (Discord ID: 1470210727603077206)
INFO:asu_discord.cogs.verification:Refreshed Salesforce roles for Discord user 1470210727603077206: -4/+4 roles, assigned=[Arizona Resident, First Year, New College of Interdisciplinary Arts and Sciences, West Valley]
Ignoring exception in on_member_update
Traceback (most recent call last):
  File "/usr/local/lib/python3.12/site-packages/discord/client.py", line 465, in _run_event
    await coro(*args, **kwargs)
  File "/app/asu_discord/cogs/analytics.py", line 652, in on_member_update
    before_timeout = before.timed_out_until
                     ^^^^^^^^^^^^^^^^^^^^^^
AttributeError: 'Member' object has no attribute 'timed_out_until'
Ignoring exception in on_member_update
Traceback (most recent call last):
  File "/usr/local/lib/python3.12/site-packages/discord/client.py", line 465, in _run_event
    await coro(*args, **kwargs)
  File "/app/asu_discord/cogs/analytics.py", line 652, in on_member_update
    before_timeout = before.timed_out_until
                     ^^^^^^^^^^^^^^^^^^^^^^
AttributeError: 'Member' object has no attribute 'timed_out_until'
Ignoring exception in on_member_update
Traceback (most recent call last):
  File "/usr/local/lib/python3.12/site-packages/discord/client.py", line 465, in _run_event
    await coro(*args, **kwargs)
  File "/app/asu_discord/cogs/analytics.py", line 652, in on_member_update
    before_timeout = before.timed_out_until
                     ^^^^^^^^^^^^^^^^^^^^^^
AttributeError: 'Member' object has no attribute 'timed_out_until'
Ignoring exception in on_member_update
Traceback (most recent call last):
  File "/usr/local/lib/python3.12/site-packages/discord/client.py", line 465, in _run_event
    await coro(*args, **kwargs)
  File "/app/asu_discord/cogs/analytics.py", line 652, in on_member_update
    before_timeout = before.timed_out_until
                     ^^^^^^^^^^^^^^^^^^^^^^
AttributeError: 'Member' object has no attribute 'timed_out_until'
Ignoring exception in on_member_update
Traceback (most recent call last):
  File "/usr/local/lib/python3.12/site-packages/discord/client.py", line 465, in _run_event
    await coro(*args, **kwargs)
  File "/app/asu_discord/cogs/analytics.py", line 652, in on_member_update
    before_timeout = before.timed_out_until
                     ^^^^^^^^^^^^^^^^^^^^^^
AttributeError: 'Member' object has no attribute 'timed_out_until'
Ignoring exception in on_member_update
Traceback (most recent call last):
  File "/usr/local/lib/python3.12/site-packages/discord/client.py", line 465, in _run_event
    await coro(*args, **kwargs)
  File "/app/asu_discord/cogs/analytics.py", line 652, in on_member_update
    before_timeout = before.timed_out_until
                     ^^^^^^^^^^^^^^^^^^^^^^
AttributeError: 'Member' object has no attribute 'timed_out_until'
Ignoring exception in on_member_update
Traceback (most recent call last):
  File "/usr/local/lib/python3.12/site-packages/discord/client.py", line 465, in _run_event
    await coro(*args, **kwargs)
  File "/app/asu_discord/cogs/analytics.py", line 652, in on_member_update
    before_timeout = before.timed_out_until
                     ^^^^^^^^^^^^^^^^^^^^^^
AttributeError: 'Member' object has no attribute 'timed_out_until'
Ignoring exception in on_member_update
Traceback (most recent call last):
  File "/usr/local/lib/python3.12/site-packages/discord/client.py", line 465, in _run_event
    await coro(*args, **kwargs)
  File "/app/asu_discord/cogs/analytics.py", line 652, in on_member_update
    before_timeout = before.timed_out_until
                     ^^^^^^^^^^^^^^^^^^^^^^
AttributeError: 'Member' object has no attribute 'timed_out_until'
Ignoring exception in on_member_update
Traceback (most recent call last):
  File "/usr/local/lib/python3.12/site-packages/discord/client.py", line 465, in _run_event
    await coro(*args, **kwargs)
  File "/app/asu_discord/cogs/analytics.py", line 652, in on_member_update
    before_timeout = before.timed_out_until
                     ^^^^^^^^^^^^^^^^^^^^^^
AttributeError: 'Member' object has no attribute 'timed_out_until'
INFO:asu_discord.cogs.verification:Saved 5 roles to database for user sbtavern (Discord ID: 609576077920043008)
INFO:asu_discord.cogs.verification:Refreshed Salesforce roles for Discord user 609576077920043008: -4/+5 roles, assigned=[Arizona Resident, College of Liberal Arts and Sciences, Commited, Tempe, Transfer Student]
Ignoring exception in on_member_update
Traceback (most recent call last):
  File "/usr/local/lib/python3.12/site-packages/discord/client.py", line 465, in _run_event
    await coro(*args, **kwargs)
  File "/app/asu_discord/cogs/analytics.py", line 652, in on_member_update
    before_timeout = before.timed_out_until
                     ^^^^^^^^^^^^^^^^^^^^^^
AttributeError: 'Member' object has no attribute 'timed_out_until'
Ignoring exception in on_member_update
Traceback (most recent call last):
  File "/usr/local/lib/python3.12/site-packages/discord/client.py", line 465, in _run_event
    await coro(*args, **kwargs)
  File "/app/asu_discord/cogs/analytics.py", line 652, in on_member_update
    before_timeout = before.timed_out_until
                     ^^^^^^^^^^^^^^^^^^^^^^
AttributeError: 'Member' object has no attribute 'timed_out_until'
Ignoring exception in on_member_update
Traceback (most recent call last):
  File "/usr/local/lib/python3.12/site-packages/discord/client.py", line 465, in _run_event
    await coro(*args, **kwargs)
  File "/app/asu_discord/cogs/analytics.py", line 652, in on_member_update
    before_timeout = before.timed_out_until
                     ^^^^^^^^^^^^^^^^^^^^^^
AttributeError: 'Member' object has no attribute 'timed_out_until'
Ignoring exception in on_member_update
Traceback (most recent call last):
  File "/usr/local/lib/python3.12/site-packages/discord/client.py", line 465, in _run_event
    await coro(*args, **kwargs)
  File "/app/asu_discord/cogs/analytics.py", line 652, in on_member_update
    before_timeout = before.timed_out_until
                     ^^^^^^^^^^^^^^^^^^^^^^
AttributeError: 'Member' object has no attribute 'timed_out_until'
Ignoring exception in on_member_update
Traceback (most recent call last):
  File "/usr/local/lib/python3.12/site-packages/discord/client.py", line 465, in _run_event
    await coro(*args, **kwargs)
  File "/app/asu_discord/cogs/analytics.py", line 652, in on_member_update
    before_timeout = before.timed_out_until
                     ^^^^^^^^^^^^^^^^^^^^^^
AttributeError: 'Member' object has no attribute 'timed_out_until'
Ignoring exception in on_member_update
Traceback (most recent call last):
  File "/usr/local/lib/python3.12/site-packages/discord/client.py", line 465, in _run_event
    await coro(*args, **kwargs)
  File "/app/asu_discord/cogs/analytics.py", line 652, in on_member_update
    before_timeout = before.timed_out_until
                     ^^^^^^^^^^^^^^^^^^^^^^
AttributeError: 'Member' object has no attribute 'timed_out_until'
Ignoring exception in on_member_update
Traceback (most recent call last):
  File "/usr/local/lib/python3.12/site-packages/discord/client.py", line 465, in _run_event
    await coro(*args, **kwargs)
  File "/app/asu_discord/cogs/analytics.py", line 652, in on_member_update
    before_timeout = before.timed_out_until
                     ^^^^^^^^^^^^^^^^^^^^^^
AttributeError: 'Member' object has no attribute 'timed_out_until'
Ignoring exception in on_member_update
Traceback (most recent call last):
  File "/usr/local/lib/python3.12/site-packages/discord/client.py", line 465, in _run_event
    await coro(*args, **kwargs)
  File "/app/asu_discord/cogs/analytics.py", line 652, in on_member_update
    before_timeout = before.timed_out_until
                     ^^^^^^^^^^^^^^^^^^^^^^
AttributeError: 'Member' object has no attribute 'timed_out_until'
Ignoring exception in on_member_update
Traceback (most recent call last):
  File "/usr/local/lib/python3.12/site-packages/discord/client.py", line 465, in _run_event
    await coro(*args, **kwargs)
  File "/app/asu_discord/cogs/analytics.py", line 652, in on_member_update
    before_timeout = before.timed_out_until
                     ^^^^^^^^^^^^^^^^^^^^^^
AttributeError: 'Member' object has no attribute 'timed_out_until'
Ignoring exception in on_member_update
Traceback (most recent call last):
  File "/usr/local/lib/python3.12/site-packages/discord/client.py", line 465, in _run_event
    await coro(*args, **kwargs)
  File "/app/asu_discord/cogs/analytics.py", line 652, in on_member_update
    before_timeout = before.timed_out_until
                     ^^^^^^^^^^^^^^^^^^^^^^
AttributeError: 'Member' object has no attribute 'timed_out_until'
INFO:asu_discord.cogs.verification:Saved 5 roles to database for user skochha1 (Discord ID: 1471337083346878708)
INFO:asu_discord.cogs.verification:Refreshed Salesforce roles for Discord user 1471337083346878708: -5/+5 roles, assigned=[Commited, First Year, International Student, Ira A. Fulton Schools of Engineering, Tempe]
Ignoring exception in on_member_update
Traceback (most recent call last):
  File "/usr/local/lib/python3.12/site-packages/discord/client.py", line 465, in _run_event
    await coro(*args, **kwargs)
  File "/app/asu_discord/cogs/analytics.py", line 652, in on_member_update
    before_timeout = before.timed_out_until
                     ^^^^^^^^^^^^^^^^^^^^^^
AttributeError: 'Member' object has no attribute 'timed_out_until'
Ignoring exception in on_member_update
Traceback (most recent call last):
  File "/usr/local/lib/python3.12/site-packages/discord/client.py", line 465, in _run_event
    await coro(*args, **kwargs)
  File "/app/asu_discord/cogs/analytics.py", line 652, in on_member_update
    before_timeout = before.timed_out_until
                     ^^^^^^^^^^^^^^^^^^^^^^
AttributeError: 'Member' object has no attribute 'timed_out_until'
Ignoring exception in on_member_update
Traceback (most recent call last):
  File "/usr/local/lib/python3.12/site-packages/discord/client.py", line 465, in _run_event
    await coro(*args, **kwargs)
  File "/app/asu_discord/cogs/analytics.py", line 652, in on_member_update
    before_timeout = before.timed_out_until
                     ^^^^^^^^^^^^^^^^^^^^^^
AttributeError: 'Member' object has no attribute 'timed_out_until'
Ignoring exception in on_member_update
Traceback (most recent call last):
  File "/usr/local/lib/python3.12/site-packages/discord/client.py", line 465, in _run_event
    await coro(*args, **kwargs)
  File "/app/asu_discord/cogs/analytics.py", line 652, in on_member_update
    before_timeout = before.timed_out_until
                     ^^^^^^^^^^^^^^^^^^^^^^
AttributeError: 'Member' object has no attribute 'timed_out_until'
Ignoring exception in on_member_update
Traceback (most recent call last):
  File "/usr/local/lib/python3.12/site-packages/discord/client.py", line 465, in _run_event
    await coro(*args, **kwargs)
  File "/app/asu_discord/cogs/analytics.py", line 652, in on_member_update
    before_timeout = before.timed_out_until
                     ^^^^^^^^^^^^^^^^^^^^^^
AttributeError: 'Member' object has no attribute 'timed_out_until'
Ignoring exception in on_member_update
Traceback (most recent call last):
  File "/usr/local/lib/python3.12/site-packages/discord/client.py", line 465, in _run_event
    await coro(*args, **kwargs)
  File "/app/asu_discord/cogs/analytics.py", line 652, in on_member_update
    before_timeout = before.timed_out_until
                     ^^^^^^^^^^^^^^^^^^^^^^
AttributeError: 'Member' object has no attribute 'timed_out_until'
INFO:asu_discord.cogs.verification:Saved 3 roles to database for user ejiang14 (Discord ID: 825421231012184134)
INFO:asu_discord.cogs.verification:Refreshed Salesforce roles for Discord user 825421231012184134: -3/+3 roles, assigned=[First Year, Ira A. Fulton Schools of Engineering, Tempe]
Ignoring exception in on_member_update
Traceback (most recent call last):
  File "/usr/local/lib/python3.12/site-packages/discord/client.py", line 465, in _run_event
    await coro(*args, **kwargs)
  File "/app/asu_discord/cogs/analytics.py", line 652, in on_member_update
    before_timeout = before.timed_out_until
                     ^^^^^^^^^^^^^^^^^^^^^^
AttributeError: 'Member' object has no attribute 'timed_out_until'
Ignoring exception in on_member_update
Traceback (most recent call last):
  File "/usr/local/lib/python3.12/site-packages/discord/client.py", line 465, in _run_event
    await coro(*args, **kwargs)
  File "/app/asu_discord/cogs/analytics.py", line 652, in on_member_update
    before_timeout = before.timed_out_until
                     ^^^^^^^^^^^^^^^^^^^^^^
AttributeError: 'Member' object has no attribute 'timed_out_until'
Ignoring exception in on_member_update
Traceback (most recent call last):
  File "/usr/local/lib/python3.12/site-packages/discord/client.py", line 465, in _run_event
    await coro(*args, **kwargs)
  File "/app/asu_discord/cogs/analytics.py", line 652, in on_member_update
    before_timeout = before.timed_out_until
                     ^^^^^^^^^^^^^^^^^^^^^^
AttributeError: 'Member' object has no attribute 'timed_out_until'
Ignoring exception in on_member_update
Traceback (most recent call last):
  File "/usr/local/lib/python3.12/site-packages/discord/client.py", line 465, in _run_event
    await coro(*args, **kwargs)
  File "/app/asu_discord/cogs/analytics.py", line 652, in on_member_update
    before_timeout = before.timed_out_until
                     ^^^^^^^^^^^^^^^^^^^^^^
AttributeError: 'Member' object has no attribute 'timed_out_until'
Ignoring exception in on_member_update
Traceback (most recent call last):
  File "/usr/local/lib/python3.12/site-packages/discord/client.py", line 465, in _run_event
    await coro(*args, **kwargs)
  File "/app/asu_discord/cogs/analytics.py", line 652, in on_member_update
    before_timeout = before.timed_out_until
                     ^^^^^^^^^^^^^^^^^^^^^^
AttributeError: 'Member' object has no attribute 'timed_out_until'
Ignoring exception in on_member_update
Traceback (most recent call last):
  File "/usr/local/lib/python3.12/site-packages/discord/client.py", line 465, in _run_event
    await coro(*args, **kwargs)
  File "/app/asu_discord/cogs/analytics.py", line 652, in on_member_update
    before_timeout = before.timed_out_until
                     ^^^^^^^^^^^^^^^^^^^^^^
AttributeError: 'Member' object has no attribute 'timed_out_until'
Ignoring exception in on_member_update
Traceback (most recent call last):
  File "/usr/local/lib/python3.12/site-packages/discord/client.py", line 465, in _run_event
    await coro(*args, **kwargs)
  File "/app/asu_discord/cogs/analytics.py", line 652, in on_member_update
    before_timeout = before.timed_out_until
                     ^^^^^^^^^^^^^^^^^^^^^^
AttributeError: 'Member' object has no attribute 'timed_out_until'
Ignoring exception in on_member_update
Traceback (most recent call last):
  File "/usr/local/lib/python3.12/site-packages/discord/client.py", line 465, in _run_event
    await coro(*args, **kwargs)
  File "/app/asu_discord/cogs/analytics.py", line 652, in on_member_update
    before_timeout = before.timed_out_until
                     ^^^^^^^^^^^^^^^^^^^^^^
AttributeError: 'Member' object has no attribute 'timed_out_until'
Ignoring exception in on_member_update
Traceback (most recent call last):
  File "/usr/local/lib/python3.12/site-packages/discord/client.py", line 465, in _run_event
    await coro(*args, **kwargs)
  File "/app/asu_discord/cogs/analytics.py", line 652, in on_member_update
    before_timeout = before.timed_out_until
                     ^^^^^^^^^^^^^^^^^^^^^^
AttributeError: 'Member' object has no attribute 'timed_out_until'
Ignoring exception in on_member_update
Traceback (most recent call last):
  File "/usr/local/lib/python3.12/site-packages/discord/client.py", line 465, in _run_event
    await coro(*args, **kwargs)
  File "/app/asu_discord/cogs/analytics.py", line 652, in on_member_update
    before_timeout = before.timed_out_until
                     ^^^^^^^^^^^^^^^^^^^^^^
AttributeError: 'Member' object has no attribute 'timed_out_until'
INFO:asu_discord.cogs.verification:Saved 5 roles to database for user jfergal (Discord ID: 697189772707496056)
INFO:asu_discord.cogs.verification:Refreshed Salesforce roles for Discord user 697189772707496056: -5/+5 roles, assigned=[Arizona Resident, Commited, First Year, Herberger Institute for Design and the Arts, Tempe]
ERROR:cron.jobs:refresh_salesforce_roles: failed for dacost33 (Discord ID 418589050341949462): Failed to refresh Salesforce-based roles: Discord user 418589050341949462 is not a member of the guild
Ignoring exception in on_member_update
Traceback (most recent call last):
  File "/usr/local/lib/python3.12/site-packages/discord/client.py", line 465, in _run_event
    await coro(*args, **kwargs)
  File "/app/asu_discord/cogs/analytics.py", line 652, in on_member_update
    before_timeout = before.timed_out_until
                     ^^^^^^^^^^^^^^^^^^^^^^
AttributeError: 'Member' object has no attribute 'timed_out_until'
Ignoring exception in on_member_update
Traceback (most recent call last):
  File "/usr/local/lib/python3.12/site-packages/discord/client.py", line 465, in _run_event
    await coro(*args, **kwargs)
  File "/app/asu_discord/cogs/analytics.py", line 652, in on_member_update
    before_timeout = before.timed_out_until
                     ^^^^^^^^^^^^^^^^^^^^^^
AttributeError: 'Member' object has no attribute 'timed_out_until'
Ignoring exception in on_member_update
Traceback (most recent call last):
  File "/usr/local/lib/python3.12/site-packages/discord/client.py", line 465, in _run_event
    await coro(*args, **kwargs)
  File "/app/asu_discord/cogs/analytics.py", line 652, in on_member_update
    before_timeout = before.timed_out_until
                     ^^^^^^^^^^^^^^^^^^^^^^
AttributeError: 'Member' object has no attribute 'timed_out_until'
Ignoring exception in on_member_update
Traceback (most recent call last):
  File "/usr/local/lib/python3.12/site-packages/discord/client.py", line 465, in _run_event
    await coro(*args, **kwargs)
  File "/app/asu_discord/cogs/analytics.py", line 652, in on_member_update
    before_timeout = before.timed_out_until
                     ^^^^^^^^^^^^^^^^^^^^^^
AttributeError: 'Member' object has no attribute 'timed_out_until'
Ignoring exception in on_member_update
Traceback (most recent call last):
  File "/usr/local/lib/python3.12/site-packages/discord/client.py", line 465, in _run_event
    await coro(*args, **kwargs)
  File "/app/asu_discord/cogs/analytics.py", line 652, in on_member_update
    before_timeout = before.timed_out_until
                     ^^^^^^^^^^^^^^^^^^^^^^
AttributeError: 'Member' object has no attribute 'timed_out_until'
Ignoring exception in on_member_update
Traceback (most recent call last):
  File "/usr/local/lib/python3.12/site-packages/discord/client.py", line 465, in _run_event
    await coro(*args, **kwargs)
  File "/app/asu_discord/cogs/analytics.py", line 652, in on_member_update
    before_timeout = before.timed_out_until
                     ^^^^^^^^^^^^^^^^^^^^^^
AttributeError: 'Member' object has no attribute 'timed_out_until'
Ignoring exception in on_member_update
Traceback (most recent call last):
  File "/usr/local/lib/python3.12/site-packages/discord/client.py", line 465, in _run_event
    await coro(*args, **kwargs)
  File "/app/asu_discord/cogs/analytics.py", line 652, in on_member_update
    before_timeout = before.timed_out_until
                     ^^^^^^^^^^^^^^^^^^^^^^
AttributeError: 'Member' object has no attribute 'timed_out_until'
Ignoring exception in on_member_update
Traceback (most recent call last):
  File "/usr/local/lib/python3.12/site-packages/discord/client.py", line 465, in _run_event
    await coro(*args, **kwargs)
  File "/app/asu_discord/cogs/analytics.py", line 652, in on_member_update
    before_timeout = before.timed_out_until
                     ^^^^^^^^^^^^^^^^^^^^^^
AttributeError: 'Member' object has no attribute 'timed_out_until'
INFO:asu_discord.cogs.verification:Saved 4 roles to database for user iander25 (Discord ID: 583481127587676180)
INFO:asu_discord.cogs.verification:Refreshed Salesforce roles for Discord user 583481127587676180: -4/+4 roles, assigned=[Arizona Resident, First Year, Herberger Institute for Design and the Arts, Tempe]
Ignoring exception in on_member_update
Traceback (most recent call last):
  File "/usr/local/lib/python3.12/site-packages/discord/client.py", line 465, in _run_event
    await coro(*args, **kwargs)
  File "/app/asu_discord/cogs/analytics.py", line 652, in on_member_update
    before_timeout = before.timed_out_until
                     ^^^^^^^^^^^^^^^^^^^^^^
AttributeError: 'Member' object has no attribute 'timed_out_until'
Ignoring exception in on_member_update
Traceback (most recent call last):
  File "/usr/local/lib/python3.12/site-packages/discord/client.py", line 465, in _run_event
    await coro(*args, **kwargs)
  File "/app/asu_discord/cogs/analytics.py", line 652, in on_member_update
    before_timeout = before.timed_out_until
                     ^^^^^^^^^^^^^^^^^^^^^^
AttributeError: 'Member' object has no attribute 'timed_out_until'
Ignoring exception in on_member_update
Traceback (most recent call last):
  File "/usr/local/lib/python3.12/site-packages/discord/client.py", line 465, in _run_event
    await coro(*args, **kwargs)
  File "/app/asu_discord/cogs/analytics.py", line 652, in on_member_update
    before_timeout = before.timed_out_until
                     ^^^^^^^^^^^^^^^^^^^^^^
AttributeError: 'Member' object has no attribute 'timed_out_until'
Ignoring exception in on_member_update
Traceback (most recent call last):
  File "/usr/local/lib/python3.12/site-packages/discord/client.py", line 465, in _run_event
    await coro(*args, **kwargs)
  File "/app/asu_discord/cogs/analytics.py", line 652, in on_member_update
    before_timeout = before.timed_out_until
                     ^^^^^^^^^^^^^^^^^^^^^^
AttributeError: 'Member' object has no attribute 'timed_out_until'
Ignoring exception in on_member_update
Traceback (most recent call last):
  File "/usr/local/lib/python3.12/site-packages/discord/client.py", line 465, in _run_event
    await coro(*args, **kwargs)
  File "/app/asu_discord/cogs/analytics.py", line 652, in on_member_update
    before_timeout = before.timed_out_until
                     ^^^^^^^^^^^^^^^^^^^^^^
AttributeError: 'Member' object has no attribute 'timed_out_until'
Ignoring exception in on_member_update
Traceback (most recent call last):
  File "/usr/local/lib/python3.12/site-packages/discord/client.py", line 465, in _run_event
    await coro(*args, **kwargs)
  File "/app/asu_discord/cogs/analytics.py", line 652, in on_member_update
    before_timeout = before.timed_out_until
                     ^^^^^^^^^^^^^^^^^^^^^^
AttributeError: 'Member' object has no attribute 'timed_out_until'
Ignoring exception in on_member_update
Traceback (most recent call last):
  File "/usr/local/lib/python3.12/site-packages/discord/client.py", line 465, in _run_event
    await coro(*args, **kwargs)
  File "/app/asu_discord/cogs/analytics.py", line 652, in on_member_update
    before_timeout = before.timed_out_until
                     ^^^^^^^^^^^^^^^^^^^^^^
AttributeError: 'Member' object has no attribute 'timed_out_until'
Ignoring exception in on_member_update
Traceback (most recent call last):
  File "/usr/local/lib/python3.12/site-packages/discord/client.py", line 465, in _run_event
    await coro(*args, **kwargs)
  File "/app/asu_discord/cogs/analytics.py", line 652, in on_member_update
    before_timeout = before.timed_out_until
                     ^^^^^^^^^^^^^^^^^^^^^^
AttributeError: 'Member' object has no attribute 'timed_out_until'
Ignoring exception in on_member_update
Traceback (most recent call last):
  File "/usr/local/lib/python3.12/site-packages/discord/client.py", line 465, in _run_event
    await coro(*args, **kwargs)
  File "/app/asu_discord/cogs/analytics.py", line 652, in on_member_update
    before_timeout = before.timed_out_until
                     ^^^^^^^^^^^^^^^^^^^^^^
AttributeError: 'Member' object has no attribute 'timed_out_until'
Ignoring exception in on_member_update
Traceback (most recent call last):
  File "/usr/local/lib/python3.12/site-packages/discord/client.py", line 465, in _run_event
    await coro(*args, **kwargs)
  File "/app/asu_discord/cogs/analytics.py", line 652, in on_member_update
    before_timeout = before.timed_out_until
                     ^^^^^^^^^^^^^^^^^^^^^^
AttributeError: 'Member' object has no attribute 'timed_out_until'
Ignoring exception in on_member_update
Traceback (most recent call last):
  File "/usr/local/lib/python3.12/site-packages/discord/client.py", line 465, in _run_event
    await coro(*args, **kwargs)
  File "/app/asu_discord/cogs/analytics.py", line 652, in on_member_update
    before_timeout = before.timed_out_until
                     ^^^^^^^^^^^^^^^^^^^^^^
AttributeError: 'Member' object has no attribute 'timed_out_until'
Ignoring exception in on_member_update
Traceback (most recent call last):
  File "/usr/local/lib/python3.12/site-packages/discord/client.py", line 465, in _run_event
    await coro(*args, **kwargs)
  File "/app/asu_discord/cogs/analytics.py", line 652, in on_member_update
    before_timeout = before.timed_out_until
                     ^^^^^^^^^^^^^^^^^^^^^^
AttributeError: 'Member' object has no attribute 'timed_out_until'
INFO:asu_discord.cogs.verification:Saved 6 roles to database for user kschutt4 (Discord ID: 204498098515476480)
INFO:asu_discord.cogs.verification:Refreshed Salesforce roles for Discord user 204498098515476480: -6/+6 roles, assigned=[Arizona Resident, Commited, First Year, Ira A. Fulton Schools of Engineering, Tempe, Upperclassmen]
INFO:asu_discord.cogs.verification:Refreshed Salesforce roles for Discord user 334131347612237824: -0/+0 roles, assigned=[none]
ERROR:cron.jobs:refresh_salesforce_roles: failed for dpham129 (Discord ID 918411001618116618): Failed to refresh Salesforce-based roles: Discord user 918411001618116618 is not a member of the guild
Ignoring exception in on_member_update
Traceback (most recent call last):
  File "/usr/local/lib/python3.12/site-packages/discord/client.py", line 465, in _run_event
    await coro(*args, **kwargs)
  File "/app/asu_discord/cogs/analytics.py", line 652, in on_member_update
    before_timeout = before.timed_out_until
                     ^^^^^^^^^^^^^^^^^^^^^^
AttributeError: 'Member' object has no attribute 'timed_out_until'
Ignoring exception in on_member_update
Traceback (most recent call last):
  File "/usr/local/lib/python3.12/site-packages/discord/client.py", line 465, in _run_event
    await coro(*args, **kwargs)
  File "/app/asu_discord/cogs/analytics.py", line 652, in on_member_update
    before_timeout = before.timed_out_until
                     ^^^^^^^^^^^^^^^^^^^^^^
AttributeError: 'Member' object has no attribute 'timed_out_until'
Ignoring exception in on_member_update
Traceback (most recent call last):
  File "/usr/local/lib/python3.12/site-packages/discord/client.py", line 465, in _run_event
    await coro(*args, **kwargs)
  File "/app/asu_discord/cogs/analytics.py", line 652, in on_member_update
    before_timeout = before.timed_out_until
                     ^^^^^^^^^^^^^^^^^^^^^^
AttributeError: 'Member' object has no attribute 'timed_out_until'
Ignoring exception in on_member_update
Traceback (most recent call last):
  File "/usr/local/lib/python3.12/site-packages/discord/client.py", line 465, in _run_event
    await coro(*args, **kwargs)
  File "/app/asu_discord/cogs/analytics.py", line 652, in on_member_update
    before_timeout = before.timed_out_until
                     ^^^^^^^^^^^^^^^^^^^^^^
AttributeError: 'Member' object has no attribute 'timed_out_until'
Ignoring exception in on_member_update
Traceback (most recent call last):
  File "/usr/local/lib/python3.12/site-packages/discord/client.py", line 465, in _run_event
    await coro(*args, **kwargs)
  File "/app/asu_discord/cogs/analytics.py", line 652, in on_member_update
    before_timeout = before.timed_out_until
                     ^^^^^^^^^^^^^^^^^^^^^^
AttributeError: 'Member' object has no attribute 'timed_out_until'
Ignoring exception in on_member_update
Traceback (most recent call last):
  File "/usr/local/lib/python3.12/site-packages/discord/client.py", line 465, in _run_event
    await coro(*args, **kwargs)
  File "/app/asu_discord/cogs/analytics.py", line 652, in on_member_update
    before_timeout = before.timed_out_until
                     ^^^^^^^^^^^^^^^^^^^^^^
AttributeError: 'Member' object has no attribute 'timed_out_until'
Ignoring exception in on_member_update
Traceback (most recent call last):
  File "/usr/local/lib/python3.12/site-packages/discord/client.py", line 465, in _run_event
    await coro(*args, **kwargs)
  File "/app/asu_discord/cogs/analytics.py", line 652, in on_member_update
    before_timeout = before.timed_out_until
                     ^^^^^^^^^^^^^^^^^^^^^^
AttributeError: 'Member' object has no attribute 'timed_out_until'
Ignoring exception in on_member_update
Traceback (most recent call last):
  File "/usr/local/lib/python3.12/site-packages/discord/client.py", line 465, in _run_event
    await coro(*args, **kwargs)
  File "/app/asu_discord/cogs/analytics.py", line 652, in on_member_update
    before_timeout = before.timed_out_until
                     ^^^^^^^^^^^^^^^^^^^^^^
AttributeError: 'Member' object has no attribute 'timed_out_until'
Ignoring exception in on_member_update
Traceback (most recent call last):
  File "/usr/local/lib/python3.12/site-packages/discord/client.py", line 465, in _run_event
    await coro(*args, **kwargs)
  File "/app/asu_discord/cogs/analytics.py", line 652, in on_member_update
    before_timeout = before.timed_out_until
                     ^^^^^^^^^^^^^^^^^^^^^^
AttributeError: 'Member' object has no attribute 'timed_out_until'
Ignoring exception in on_member_update
Traceback (most recent call last):
  File "/usr/local/lib/python3.12/site-packages/discord/client.py", line 465, in _run_event
    await coro(*args, **kwargs)
  File "/app/asu_discord/cogs/analytics.py", line 652, in on_member_update
    before_timeout = before.timed_out_until
                     ^^^^^^^^^^^^^^^^^^^^^^
AttributeError: 'Member' object has no attribute 'timed_out_until'
INFO:asu_discord.cogs.verification:Saved 5 roles to database for user arkilian (Discord ID: 695998466413035542)
INFO:asu_discord.cogs.verification:Refreshed Salesforce roles for Discord user 695998466413035542: -5/+5 roles, assigned=[Commited, Downtown Phoenix, First Year, Out of State, Thunderbird School of Global Management]
ERROR:cron.jobs:refresh_salesforce_roles: failed for jrespina (Discord ID 1001669300324683796): Failed to refresh Salesforce-based roles: Discord user 1001669300324683796 is not a member of the guild
Ignoring exception in on_member_update
Traceback (most recent call last):
  File "/usr/local/lib/python3.12/site-packages/discord/client.py", line 465, in _run_event
    await coro(*args, **kwargs)
  File "/app/asu_discord/cogs/analytics.py", line 652, in on_member_update
    before_timeout = before.timed_out_until
                     ^^^^^^^^^^^^^^^^^^^^^^
AttributeError: 'Member' object has no attribute 'timed_out_until'
Ignoring exception in on_member_update
Traceback (most recent call last):
  File "/usr/local/lib/python3.12/site-packages/discord/client.py", line 465, in _run_event
    await coro(*args, **kwargs)
  File "/app/asu_discord/cogs/analytics.py", line 652, in on_member_update
    before_timeout = before.timed_out_until
                     ^^^^^^^^^^^^^^^^^^^^^^
AttributeError: 'Member' object has no attribute 'timed_out_until'
Ignoring exception in on_member_update
Traceback (most recent call last):
  File "/usr/local/lib/python3.12/site-packages/discord/client.py", line 465, in _run_event
    await coro(*args, **kwargs)
  File "/app/asu_discord/cogs/analytics.py", line 652, in on_member_update
    before_timeout = before.timed_out_until
                     ^^^^^^^^^^^^^^^^^^^^^^
AttributeError: 'Member' object has no attribute 'timed_out_until'
Ignoring exception in on_member_update
Traceback (most recent call last):
  File "/usr/local/lib/python3.12/site-packages/discord/client.py", line 465, in _run_event
    await coro(*args, **kwargs)
  File "/app/asu_discord/cogs/analytics.py", line 652, in on_member_update
    before_timeout = before.timed_out_until
                     ^^^^^^^^^^^^^^^^^^^^^^
AttributeError: 'Member' object has no attribute 'timed_out_until'
Ignoring exception in on_member_update
Traceback (most recent call last):
  File "/usr/local/lib/python3.12/site-packages/discord/client.py", line 465, in _run_event
    await coro(*args, **kwargs)
  File "/app/asu_discord/cogs/analytics.py", line 652, in on_member_update
    before_timeout = before.timed_out_until
                     ^^^^^^^^^^^^^^^^^^^^^^
AttributeError: 'Member' object has no attribute 'timed_out_until'
Ignoring exception in on_member_update
Traceback (most recent call last):
  File "/usr/local/lib/python3.12/site-packages/discord/client.py", line 465, in _run_event
    await coro(*args, **kwargs)
  File "/app/asu_discord/cogs/analytics.py", line 652, in on_member_update
    before_timeout = before.timed_out_until
                     ^^^^^^^^^^^^^^^^^^^^^^
AttributeError: 'Member' object has no attribute 'timed_out_until'
Ignoring exception in on_member_update
Traceback (most recent call last):
  File "/usr/local/lib/python3.12/site-packages/discord/client.py", line 465, in _run_event
    await coro(*args, **kwargs)
  File "/app/asu_discord/cogs/analytics.py", line 652, in on_member_update
    before_timeout = before.timed_out_until
                     ^^^^^^^^^^^^^^^^^^^^^^
AttributeError: 'Member' object has no attribute 'timed_out_until'
Ignoring exception in on_member_update
Traceback (most recent call last):
  File "/usr/local/lib/python3.12/site-packages/discord/client.py", line 465, in _run_event
    await coro(*args, **kwargs)
  File "/app/asu_discord/cogs/analytics.py", line 652, in on_member_update
    before_timeout = before.timed_out_until
                     ^^^^^^^^^^^^^^^^^^^^^^
AttributeError: 'Member' object has no attribute 'timed_out_until'
Ignoring exception in on_member_update
Traceback (most recent call last):
  File "/usr/local/lib/python3.12/site-packages/discord/client.py", line 465, in _run_event
    await coro(*args, **kwargs)
  File "/app/asu_discord/cogs/analytics.py", line 652, in on_member_update
    before_timeout = before.timed_out_until
                     ^^^^^^^^^^^^^^^^^^^^^^
AttributeError: 'Member' object has no attribute 'timed_out_until'
Ignoring exception in on_member_update
Traceback (most recent call last):
  File "/usr/local/lib/python3.12/site-packages/discord/client.py", line 465, in _run_event
    await coro(*args, **kwargs)
  File "/app/asu_discord/cogs/analytics.py", line 652, in on_member_update
    before_timeout = before.timed_out_until
                     ^^^^^^^^^^^^^^^^^^^^^^
AttributeError: 'Member' object has no attribute 'timed_out_until'
INFO:asu_discord.cogs.verification:Saved 5 roles to database for user sravuri9 (Discord ID: 1233085344824426526)
INFO:asu_discord.cogs.verification:Refreshed Salesforce roles for Discord user 1233085344824426526: -5/+5 roles, assigned=[Commited, First Year, International Student, Tempe, W.P. Carey School of Business]
Ignoring exception in on_member_update
Traceback (most recent call last):
  File "/usr/local/lib/python3.12/site-packages/discord/client.py", line 465, in _run_event
    await coro(*args, **kwargs)
  File "/app/asu_discord/cogs/analytics.py", line 652, in on_member_update
    before_timeout = before.timed_out_until
                     ^^^^^^^^^^^^^^^^^^^^^^
AttributeError: 'Member' object has no attribute 'timed_out_until'
Ignoring exception in on_member_update
Traceback (most recent call last):
  File "/usr/local/lib/python3.12/site-packages/discord/client.py", line 465, in _run_event
    await coro(*args, **kwargs)
  File "/app/asu_discord/cogs/analytics.py", line 652, in on_member_update
    before_timeout = before.timed_out_until
                     ^^^^^^^^^^^^^^^^^^^^^^
AttributeError: 'Member' object has no attribute 'timed_out_until'
Ignoring exception in on_member_update
Traceback (most recent call last):
  File "/usr/local/lib/python3.12/site-packages/discord/client.py", line 465, in _run_event
    await coro(*args, **kwargs)
  File "/app/asu_discord/cogs/analytics.py", line 652, in on_member_update
    before_timeout = before.timed_out_until
                     ^^^^^^^^^^^^^^^^^^^^^^
AttributeError: 'Member' object has no attribute 'timed_out_until'
Ignoring exception in on_member_update
Traceback (most recent call last):
  File "/usr/local/lib/python3.12/site-packages/discord/client.py", line 465, in _run_event
    await coro(*args, **kwargs)
  File "/app/asu_discord/cogs/analytics.py", line 652, in on_member_update
    before_timeout = before.timed_out_until
                     ^^^^^^^^^^^^^^^^^^^^^^
AttributeError: 'Member' object has no attribute 'timed_out_until'
Ignoring exception in on_member_update
Traceback (most recent call last):
  File "/usr/local/lib/python3.12/site-packages/discord/client.py", line 465, in _run_event
    await coro(*args, **kwargs)
  File "/app/asu_discord/cogs/analytics.py", line 652, in on_member_update
    before_timeout = before.timed_out_until
                     ^^^^^^^^^^^^^^^^^^^^^^
AttributeError: 'Member' object has no attribute 'timed_out_until'
Ignoring exception in on_member_update
Traceback (most recent call last):
  File "/usr/local/lib/python3.12/site-packages/discord/client.py", line 465, in _run_event
    await coro(*args, **kwargs)
  File "/app/asu_discord/cogs/analytics.py", line 652, in on_member_update
    before_timeout = before.timed_out_until
                     ^^^^^^^^^^^^^^^^^^^^^^
AttributeError: 'Member' object has no attribute 'timed_out_until'
Ignoring exception in on_member_update
Traceback (most recent call last):
  File "/usr/local/lib/python3.12/site-packages/discord/client.py", line 465, in _run_event
    await coro(*args, **kwargs)
  File "/app/asu_discord/cogs/analytics.py", line 652, in on_member_update
    before_timeout = before.timed_out_until
                     ^^^^^^^^^^^^^^^^^^^^^^
AttributeError: 'Member' object has no attribute 'timed_out_until'
Ignoring exception in on_member_update
Traceback (most recent call last):
  File "/usr/local/lib/python3.12/site-packages/discord/client.py", line 465, in _run_event
    await coro(*args, **kwargs)
  File "/app/asu_discord/cogs/analytics.py", line 652, in on_member_update
    before_timeout = before.timed_out_until
                     ^^^^^^^^^^^^^^^^^^^^^^
AttributeError: 'Member' object has no attribute 'timed_out_until'
Ignoring exception in on_member_update
Traceback (most recent call last):
  File "/usr/local/lib/python3.12/site-packages/discord/client.py", line 465, in _run_event
    await coro(*args, **kwargs)
  File "/app/asu_discord/cogs/analytics.py", line 652, in on_member_update
    before_timeout = before.timed_out_until
                     ^^^^^^^^^^^^^^^^^^^^^^
AttributeError: 'Member' object has no attribute 'timed_out_until'
INFO:asu_discord.cogs.verification:Saved 5 roles to database for user nmatles (Discord ID: 359521555430113281)
INFO:asu_discord.cogs.verification:Refreshed Salesforce roles for Discord user 359521555430113281: -4/+5 roles, assigned=[College of Liberal Arts and Sciences, Commited, First Year, Out of State, Tempe]
ERROR:cron.jobs:refresh_salesforce_roles: failed for nngo7 (Discord ID 1471871638533443685): Failed to refresh Salesforce-based roles: Discord user 1471871638533443685 is not a member of the guild
Ignoring exception in on_member_update
Traceback (most recent call last):
  File "/usr/local/lib/python3.12/site-packages/discord/client.py", line 465, in _run_event
    await coro(*args, **kwargs)
  File "/app/asu_discord/cogs/analytics.py", line 652, in on_member_update
    before_timeout = before.timed_out_until
                     ^^^^^^^^^^^^^^^^^^^^^^
AttributeError: 'Member' object has no attribute 'timed_out_until'
Ignoring exception in on_member_update
Traceback (most recent call last):
  File "/usr/local/lib/python3.12/site-packages/discord/client.py", line 465, in _run_event
    await coro(*args, **kwargs)
  File "/app/asu_discord/cogs/analytics.py", line 652, in on_member_update
    before_timeout = before.timed_out_until
                     ^^^^^^^^^^^^^^^^^^^^^^
AttributeError: 'Member' object has no attribute 'timed_out_until'
Ignoring exception in on_member_update
Traceback (most recent call last):
  File "/usr/local/lib/python3.12/site-packages/discord/client.py", line 465, in _run_event
    await coro(*args, **kwargs)
  File "/app/asu_discord/cogs/analytics.py", line 652, in on_member_update
    before_timeout = before.timed_out_until
                     ^^^^^^^^^^^^^^^^^^^^^^
AttributeError: 'Member' object has no attribute 'timed_out_until'
Ignoring exception in on_member_update
Traceback (most recent call last):
  File "/usr/local/lib/python3.12/site-packages/discord/client.py", line 465, in _run_event
    await coro(*args, **kwargs)
  File "/app/asu_discord/cogs/analytics.py", line 652, in on_member_update
    before_timeout = before.timed_out_until
                     ^^^^^^^^^^^^^^^^^^^^^^
AttributeError: 'Member' object has no attribute 'timed_out_until'
Ignoring exception in on_member_update
Traceback (most recent call last):
  File "/usr/local/lib/python3.12/site-packages/discord/client.py", line 465, in _run_event
    await coro(*args, **kwargs)
  File "/app/asu_discord/cogs/analytics.py", line 652, in on_member_update
    before_timeout = before.timed_out_until
                     ^^^^^^^^^^^^^^^^^^^^^^
AttributeError: 'Member' object has no attribute 'timed_out_until'
Ignoring exception in on_member_update
Traceback (most recent call last):
  File "/usr/local/lib/python3.12/site-packages/discord/client.py", line 465, in _run_event
    await coro(*args, **kwargs)
  File "/app/asu_discord/cogs/analytics.py", line 652, in on_member_update
    before_timeout = before.timed_out_until
                     ^^^^^^^^^^^^^^^^^^^^^^
AttributeError: 'Member' object has no attribute 'timed_out_until'
Ignoring exception in on_member_update
Traceback (most recent call last):
  File "/usr/local/lib/python3.12/site-packages/discord/client.py", line 465, in _run_event
    await coro(*args, **kwargs)
  File "/app/asu_discord/cogs/analytics.py", line 652, in on_member_update
    before_timeout = before.timed_out_until
                     ^^^^^^^^^^^^^^^^^^^^^^
AttributeError: 'Member' object has no attribute 'timed_out_until'
Ignoring exception in on_member_update
Traceback (most recent call last):
  File "/usr/local/lib/python3.12/site-packages/discord/client.py", line 465, in _run_event
    await coro(*args, **kwargs)
  File "/app/asu_discord/cogs/analytics.py", line 652, in on_member_update
    before_timeout = before.timed_out_until
                     ^^^^^^^^^^^^^^^^^^^^^^
AttributeError: 'Member' object has no attribute 'timed_out_until'
Ignoring exception in on_member_update
Traceback (most recent call last):
  File "/usr/local/lib/python3.12/site-packages/discord/client.py", line 465, in _run_event
    await coro(*args, **kwargs)
  File "/app/asu_discord/cogs/analytics.py", line 652, in on_member_update
    before_timeout = before.timed_out_until
                     ^^^^^^^^^^^^^^^^^^^^^^
AttributeError: 'Member' object has no attribute 'timed_out_until'
Ignoring exception in on_member_update
Traceback (most recent call last):
  File "/usr/local/lib/python3.12/site-packages/discord/client.py", line 465, in _run_event
    await coro(*args, **kwargs)
  File "/app/asu_discord/cogs/analytics.py", line 652, in on_member_update
    before_timeout = before.timed_out_until
                     ^^^^^^^^^^^^^^^^^^^^^^
AttributeError: 'Member' object has no attribute 'timed_out_until'
INFO:asu_discord.cogs.verification:Saved 5 roles to database for user asamura2 (Discord ID: 1470448672738377821)
INFO:asu_discord.cogs.verification:Refreshed Salesforce roles for Discord user 1470448672738377821: -5/+5 roles, assigned=[College of Liberal Arts and Sciences, First Generation Student, International Student, Tempe, Transfer Student]
Ignoring exception in on_member_update
Traceback (most recent call last):
  File "/usr/local/lib/python3.12/site-packages/discord/client.py", line 465, in _run_event
    await coro(*args, **kwargs)
  File "/app/asu_discord/cogs/analytics.py", line 652, in on_member_update
    before_timeout = before.timed_out_until
                     ^^^^^^^^^^^^^^^^^^^^^^
AttributeError: 'Member' object has no attribute 'timed_out_until'
Ignoring exception in on_member_update
Traceback (most recent call last):
  File "/usr/local/lib/python3.12/site-packages/discord/client.py", line 465, in _run_event
    await coro(*args, **kwargs)
  File "/app/asu_discord/cogs/analytics.py", line 652, in on_member_update
    before_timeout = before.timed_out_until
                     ^^^^^^^^^^^^^^^^^^^^^^
AttributeError: 'Member' object has no attribute 'timed_out_until'
INFO:asu_discord.cogs.verification:Saved 1 roles to database for user kagarw53 (Discord ID: 801397075677937695)
INFO:asu_discord.cogs.verification:Refreshed Salesforce roles for Discord user 801397075677937695: -1/+1 roles, assigned=[Arizona Resident]
Ignoring exception in on_member_update
Traceback (most recent call last):
  File "/usr/local/lib/python3.12/site-packages/discord/client.py", line 465, in _run_event
    await coro(*args, **kwargs)
  File "/app/asu_discord/cogs/analytics.py", line 652, in on_member_update
    before_timeout = before.timed_out_until
                     ^^^^^^^^^^^^^^^^^^^^^^
AttributeError: 'Member' object has no attribute 'timed_out_until'
Ignoring exception in on_member_update
Traceback (most recent call last):
  File "/usr/local/lib/python3.12/site-packages/discord/client.py", line 465, in _run_event
    await coro(*args, **kwargs)
  File "/app/asu_discord/cogs/analytics.py", line 652, in on_member_update
    before_timeout = before.timed_out_until
                     ^^^^^^^^^^^^^^^^^^^^^^
AttributeError: 'Member' object has no attribute 'timed_out_until'
Ignoring exception in on_member_update
Traceback (most recent call last):
  File "/usr/local/lib/python3.12/site-packages/discord/client.py", line 465, in _run_event
    await coro(*args, **kwargs)
  File "/app/asu_discord/cogs/analytics.py", line 652, in on_member_update
    before_timeout = before.timed_out_until
                     ^^^^^^^^^^^^^^^^^^^^^^
AttributeError: 'Member' object has no attribute 'timed_out_until'
Ignoring exception in on_member_update
Traceback (most recent call last):
  File "/usr/local/lib/python3.12/site-packages/discord/client.py", line 465, in _run_event
    await coro(*args, **kwargs)
  File "/app/asu_discord/cogs/analytics.py", line 652, in on_member_update
    before_timeout = before.timed_out_until
                     ^^^^^^^^^^^^^^^^^^^^^^
AttributeError: 'Member' object has no attribute 'timed_out_until'
Ignoring exception in on_member_update
Traceback (most recent call last):
  File "/usr/local/lib/python3.12/site-packages/discord/client.py", line 465, in _run_event
    await coro(*args, **kwargs)
  File "/app/asu_discord/cogs/analytics.py", line 652, in on_member_update
    before_timeout = before.timed_out_until
                     ^^^^^^^^^^^^^^^^^^^^^^
AttributeError: 'Member' object has no attribute 'timed_out_until'
Ignoring exception in on_member_update
Traceback (most recent call last):
  File "/usr/local/lib/python3.12/site-packages/discord/client.py", line 465, in _run_event
    await coro(*args, **kwargs)
  File "/app/asu_discord/cogs/analytics.py", line 652, in on_member_update
    before_timeout = before.timed_out_until
                     ^^^^^^^^^^^^^^^^^^^^^^
AttributeError: 'Member' object has no attribute 'timed_out_until'
Ignoring exception in on_member_update
Traceback (most recent call last):
  File "/usr/local/lib/python3.12/site-packages/discord/client.py", line 465, in _run_event
    await coro(*args, **kwargs)
  File "/app/asu_discord/cogs/analytics.py", line 652, in on_member_update
    before_timeout = before.timed_out_until
                     ^^^^^^^^^^^^^^^^^^^^^^
AttributeError: 'Member' object has no attribute 'timed_out_until'
Ignoring exception in on_member_update
Traceback (most recent call last):
  File "/usr/local/lib/python3.12/site-packages/discord/client.py", line 465, in _run_event
    await coro(*args, **kwargs)
  File "/app/asu_discord/cogs/analytics.py", line 652, in on_member_update
    before_timeout = before.timed_out_until
                     ^^^^^^^^^^^^^^^^^^^^^^
AttributeError: 'Member' object has no attribute 'timed_out_until'
INFO:asu_discord.cogs.verification:Saved 4 roles to database for user mechene1 (Discord ID: 874064081395523605)
INFO:asu_discord.cogs.verification:Refreshed Salesforce roles for Discord user 874064081395523605: -4/+4 roles, assigned=[Arizona Resident, First Year, Online, W.P. Carey School of Business]
ERROR:cron.jobs:refresh_salesforce_roles: failed for akaush53 (Discord ID 1069437917799387230): Failed to refresh Salesforce-based roles: Discord user 1069437917799387230 is not a member of the guild
Ignoring exception in on_member_update
Traceback (most recent call last):
  File "/usr/local/lib/python3.12/site-packages/discord/client.py", line 465, in _run_event
    await coro(*args, **kwargs)
  File "/app/asu_discord/cogs/analytics.py", line 652, in on_member_update
    before_timeout = before.timed_out_until
                     ^^^^^^^^^^^^^^^^^^^^^^
AttributeError: 'Member' object has no attribute 'timed_out_until'
Ignoring exception in on_member_update
Traceback (most recent call last):
  File "/usr/local/lib/python3.12/site-packages/discord/client.py", line 465, in _run_event
    await coro(*args, **kwargs)
  File "/app/asu_discord/cogs/analytics.py", line 652, in on_member_update
    before_timeout = before.timed_out_until
                     ^^^^^^^^^^^^^^^^^^^^^^
AttributeError: 'Member' object has no attribute 'timed_out_until'
Ignoring exception in on_member_update
Traceback (most recent call last):
  File "/usr/local/lib/python3.12/site-packages/discord/client.py", line 465, in _run_event
    await coro(*args, **kwargs)
  File "/app/asu_discord/cogs/analytics.py", line 652, in on_member_update
    before_timeout = before.timed_out_until
                     ^^^^^^^^^^^^^^^^^^^^^^
AttributeError: 'Member' object has no attribute 'timed_out_until'
Ignoring exception in on_member_update
Traceback (most recent call last):
  File "/usr/local/lib/python3.12/site-packages/discord/client.py", line 465, in _run_event
    await coro(*args, **kwargs)
  File "/app/asu_discord/cogs/analytics.py", line 652, in on_member_update
    before_timeout = before.timed_out_until
                     ^^^^^^^^^^^^^^^^^^^^^^
AttributeError: 'Member' object has no attribute 'timed_out_until'
Ignoring exception in on_member_update
Traceback (most recent call last):
  File "/usr/local/lib/python3.12/site-packages/discord/client.py", line 465, in _run_event
    await coro(*args, **kwargs)
  File "/app/asu_discord/cogs/analytics.py", line 652, in on_member_update
    before_timeout = before.timed_out_until
                     ^^^^^^^^^^^^^^^^^^^^^^
AttributeError: 'Member' object has no attribute 'timed_out_until'
Ignoring exception in on_member_update
Traceback (most recent call last):
  File "/usr/local/lib/python3.12/site-packages/discord/client.py", line 465, in _run_event
    await coro(*args, **kwargs)
  File "/app/asu_discord/cogs/analytics.py", line 652, in on_member_update
    before_timeout = before.timed_out_until
                     ^^^^^^^^^^^^^^^^^^^^^^
AttributeError: 'Member' object has no attribute 'timed_out_until'
Ignoring exception in on_member_update
Traceback (most recent call last):
  File "/usr/local/lib/python3.12/site-packages/discord/client.py", line 465, in _run_event
    await coro(*args, **kwargs)
  File "/app/asu_discord/cogs/analytics.py", line 652, in on_member_update
    before_timeout = before.timed_out_until
                     ^^^^^^^^^^^^^^^^^^^^^^
AttributeError: 'Member' object has no attribute 'timed_out_until'
Ignoring exception in on_member_update
Traceback (most recent call last):
  File "/usr/local/lib/python3.12/site-packages/discord/client.py", line 465, in _run_event
    await coro(*args, **kwargs)
  File "/app/asu_discord/cogs/analytics.py", line 652, in on_member_update
    before_timeout = before.timed_out_until
                     ^^^^^^^^^^^^^^^^^^^^^^
AttributeError: 'Member' object has no attribute 'timed_out_until'
Ignoring exception in on_member_update
Traceback (most recent call last):
  File "/usr/local/lib/python3.12/site-packages/discord/client.py", line 465, in _run_event
    await coro(*args, **kwargs)
  File "/app/asu_discord/cogs/analytics.py", line 652, in on_member_update
    before_timeout = before.timed_out_until
                     ^^^^^^^^^^^^^^^^^^^^^^
AttributeError: 'Member' object has no attribute 'timed_out_until'
Ignoring exception in on_member_update
Traceback (most recent call last):
  File "/usr/local/lib/python3.12/site-packages/discord/client.py", line 465, in _run_event
    await coro(*args, **kwargs)
  File "/app/asu_discord/cogs/analytics.py", line 652, in on_member_update
    before_timeout = before.timed_out_until
                     ^^^^^^^^^^^^^^^^^^^^^^
AttributeError: 'Member' object has no attribute 'timed_out_until'
INFO:asu_discord.cogs.verification:Saved 5 roles to database for user rfrazi10 (Discord ID: 662888151173562368)
INFO:asu_discord.cogs.verification:Refreshed Salesforce roles for Discord user 662888151173562368: -5/+5 roles, assigned=[College of Liberal Arts and Sciences, Commited, First Year, Out of State, Tempe]
Ignoring exception in on_member_update
Traceback (most recent call last):
  File "/usr/local/lib/python3.12/site-packages/discord/client.py", line 465, in _run_event
    await coro(*args, **kwargs)
  File "/app/asu_discord/cogs/analytics.py", line 652, in on_member_update
    before_timeout = before.timed_out_until
                     ^^^^^^^^^^^^^^^^^^^^^^
AttributeError: 'Member' object has no attribute 'timed_out_until'
Ignoring exception in on_member_update
Traceback (most recent call last):
  File "/usr/local/lib/python3.12/site-packages/discord/client.py", line 465, in _run_event
    await coro(*args, **kwargs)
  File "/app/asu_discord/cogs/analytics.py", line 652, in on_member_update
    before_timeout = before.timed_out_until
                     ^^^^^^^^^^^^^^^^^^^^^^
AttributeError: 'Member' object has no attribute 'timed_out_until'
Ignoring exception in on_member_update
Traceback (most recent call last):
  File "/usr/local/lib/python3.12/site-packages/discord/client.py", line 465, in _run_event
    await coro(*args, **kwargs)
  File "/app/asu_discord/cogs/analytics.py", line 652, in on_member_update
    before_timeout = before.timed_out_until
                     ^^^^^^^^^^^^^^^^^^^^^^
AttributeError: 'Member' object has no attribute 'timed_out_until'
Ignoring exception in on_member_update
Traceback (most recent call last):
  File "/usr/local/lib/python3.12/site-packages/discord/client.py", line 465, in _run_event
    await coro(*args, **kwargs)
  File "/app/asu_discord/cogs/analytics.py", line 652, in on_member_update
    before_timeout = before.timed_out_until
                     ^^^^^^^^^^^^^^^^^^^^^^
AttributeError: 'Member' object has no attribute 'timed_out_until'
Ignoring exception in on_member_update
Traceback (most recent call last):
  File "/usr/local/lib/python3.12/site-packages/discord/client.py", line 465, in _run_event
    await coro(*args, **kwargs)
  File "/app/asu_discord/cogs/analytics.py", line 652, in on_member_update
    before_timeout = before.timed_out_until
                     ^^^^^^^^^^^^^^^^^^^^^^
AttributeError: 'Member' object has no attribute 'timed_out_until'
Ignoring exception in on_member_update
Traceback (most recent call last):
  File "/usr/local/lib/python3.12/site-packages/discord/client.py", line 465, in _run_event
    await coro(*args, **kwargs)
  File "/app/asu_discord/cogs/analytics.py", line 652, in on_member_update
    before_timeout = before.timed_out_until
                     ^^^^^^^^^^^^^^^^^^^^^^
AttributeError: 'Member' object has no attribute 'timed_out_until'
Ignoring exception in on_member_update
Traceback (most recent call last):
  File "/usr/local/lib/python3.12/site-packages/discord/client.py", line 465, in _run_event
    await coro(*args, **kwargs)
  File "/app/asu_discord/cogs/analytics.py", line 652, in on_member_update
    before_timeout = before.timed_out_until
                     ^^^^^^^^^^^^^^^^^^^^^^
AttributeError: 'Member' object has no attribute 'timed_out_until'
Ignoring exception in on_member_update
Traceback (most recent call last):
  File "/usr/local/lib/python3.12/site-packages/discord/client.py", line 465, in _run_event
    await coro(*args, **kwargs)
  File "/app/asu_discord/cogs/analytics.py", line 652, in on_member_update
    before_timeout = before.timed_out_until
                     ^^^^^^^^^^^^^^^^^^^^^^
AttributeError: 'Member' object has no attribute 'timed_out_until'
Ignoring exception in on_member_update
Traceback (most recent call last):
  File "/usr/local/lib/python3.12/site-packages/discord/client.py", line 465, in _run_event
    await coro(*args, **kwargs)
  File "/app/asu_discord/cogs/analytics.py", line 652, in on_member_update
    before_timeout = before.timed_out_until
                     ^^^^^^^^^^^^^^^^^^^^^^
AttributeError: 'Member' object has no attribute 'timed_out_until'
Ignoring exception in on_member_update
Traceback (most recent call last):
  File "/usr/local/lib/python3.12/site-packages/discord/client.py", line 465, in _run_event
    await coro(*args, **kwargs)
  File "/app/asu_discord/cogs/analytics.py", line 652, in on_member_update
    before_timeout = before.timed_out_until
                     ^^^^^^^^^^^^^^^^^^^^^^
AttributeError: 'Member' object has no attribute 'timed_out_until'
INFO:asu_discord.cogs.verification:Saved 5 roles to database for user stodonn1 (Discord ID: 1471990145803878473)
INFO:asu_discord.cogs.verification:Refreshed Salesforce roles for Discord user 1471990145803878473: -5/+5 roles, assigned=[Commited, First Year, Out of State, Tempe, W.P. Carey School of Business]
ERROR:cron.jobs:refresh_salesforce_roles: failed for jshin113 (Discord ID 1440470495752622090): Failed to refresh Salesforce-based roles: Discord user 1440470495752622090 is not a member of the guild
Ignoring exception in on_member_update
Traceback (most recent call last):
  File "/usr/local/lib/python3.12/site-packages/discord/client.py", line 465, in _run_event
    await coro(*args, **kwargs)
  File "/app/asu_discord/cogs/analytics.py", line 652, in on_member_update
    before_timeout = before.timed_out_until
                     ^^^^^^^^^^^^^^^^^^^^^^
AttributeError: 'Member' object has no attribute 'timed_out_until'
Ignoring exception in on_member_update
Traceback (most recent call last):
  File "/usr/local/lib/python3.12/site-packages/discord/client.py", line 465, in _run_event
    await coro(*args, **kwargs)
  File "/app/asu_discord/cogs/analytics.py", line 652, in on_member_update
    before_timeout = before.timed_out_until
                     ^^^^^^^^^^^^^^^^^^^^^^
AttributeError: 'Member' object has no attribute 'timed_out_until'
Ignoring exception in on_member_update
Traceback (most recent call last):
  File "/usr/local/lib/python3.12/site-packages/discord/client.py", line 465, in _run_event
    await coro(*args, **kwargs)
  File "/app/asu_discord/cogs/analytics.py", line 652, in on_member_update
    before_timeout = before.timed_out_until
                     ^^^^^^^^^^^^^^^^^^^^^^
AttributeError: 'Member' object has no attribute 'timed_out_until'
Ignoring exception in on_member_update
Traceback (most recent call last):
  File "/usr/local/lib/python3.12/site-packages/discord/client.py", line 465, in _run_event
    await coro(*args, **kwargs)
  File "/app/asu_discord/cogs/analytics.py", line 652, in on_member_update
    before_timeout = before.timed_out_until
                     ^^^^^^^^^^^^^^^^^^^^^^
AttributeError: 'Member' object has no attribute 'timed_out_until'
Ignoring exception in on_member_update
Traceback (most recent call last):
  File "/usr/local/lib/python3.12/site-packages/discord/client.py", line 465, in _run_event
    await coro(*args, **kwargs)
  File "/app/asu_discord/cogs/analytics.py", line 652, in on_member_update
    before_timeout = before.timed_out_until
                     ^^^^^^^^^^^^^^^^^^^^^^
AttributeError: 'Member' object has no attribute 'timed_out_until'
Ignoring exception in on_member_update
Traceback (most recent call last):
  File "/usr/local/lib/python3.12/site-packages/discord/client.py", line 465, in _run_event
    await coro(*args, **kwargs)
  File "/app/asu_discord/cogs/analytics.py", line 652, in on_member_update
    before_timeout = before.timed_out_until
                     ^^^^^^^^^^^^^^^^^^^^^^
AttributeError: 'Member' object has no attribute 'timed_out_until'
Ignoring exception in on_member_update
Traceback (most recent call last):
  File "/usr/local/lib/python3.12/site-packages/discord/client.py", line 465, in _run_event
    await coro(*args, **kwargs)
  File "/app/asu_discord/cogs/analytics.py", line 652, in on_member_update
    before_timeout = before.timed_out_until
                     ^^^^^^^^^^^^^^^^^^^^^^
AttributeError: 'Member' object has no attribute 'timed_out_until'
Ignoring exception in on_member_update
Traceback (most recent call last):
  File "/usr/local/lib/python3.12/site-packages/discord/client.py", line 465, in _run_event
    await coro(*args, **kwargs)
  File "/app/asu_discord/cogs/analytics.py", line 652, in on_member_update
    before_timeout = before.timed_out_until
                     ^^^^^^^^^^^^^^^^^^^^^^
AttributeError: 'Member' object has no attribute 'timed_out_until'
Ignoring exception in on_member_update
Traceback (most recent call last):
  File "/usr/local/lib/python3.12/site-packages/discord/client.py", line 465, in _run_event
    await coro(*args, **kwargs)
  File "/app/asu_discord/cogs/analytics.py", line 652, in on_member_update
    before_timeout = before.timed_out_until
                     ^^^^^^^^^^^^^^^^^^^^^^
AttributeError: 'Member' object has no attribute 'timed_out_until'
Ignoring exception in on_member_update
Traceback (most recent call last):
  File "/usr/local/lib/python3.12/site-packages/discord/client.py", line 465, in _run_event
    await coro(*args, **kwargs)
  File "/app/asu_discord/cogs/analytics.py", line 652, in on_member_update
    before_timeout = before.timed_out_until
                     ^^^^^^^^^^^^^^^^^^^^^^
AttributeError: 'Member' object has no attribute 'timed_out_until'
INFO:asu_discord.cogs.verification:Saved 6 roles to database for user kshowar7 (Discord ID: 1469139463442661532)
INFO:asu_discord.cogs.verification:Refreshed Salesforce roles for Discord user 1469139463442661532: -4/+6 roles, assigned=[College of Integrative Sciences and Arts, Commited, First Generation Student, First Year, Out of State, Polytechnic]
Ignoring exception in on_member_update
Traceback (most recent call last):
  File "/usr/local/lib/python3.12/site-packages/discord/client.py", line 465, in _run_event
    await coro(*args, **kwargs)
  File "/app/asu_discord/cogs/analytics.py", line 652, in on_member_update
    before_timeout = before.timed_out_until
                     ^^^^^^^^^^^^^^^^^^^^^^
AttributeError: 'Member' object has no attribute 'timed_out_until'
Ignoring exception in on_member_update
Traceback (most recent call last):
  File "/usr/local/lib/python3.12/site-packages/discord/client.py", line 465, in _run_event
    await coro(*args, **kwargs)
  File "/app/asu_discord/cogs/analytics.py", line 652, in on_member_update
    before_timeout = before.timed_out_until
                     ^^^^^^^^^^^^^^^^^^^^^^
AttributeError: 'Member' object has no attribute 'timed_out_until'
Ignoring exception in on_member_update
Traceback (most recent call last):
  File "/usr/local/lib/python3.12/site-packages/discord/client.py", line 465, in _run_event
    await coro(*args, **kwargs)
  File "/app/asu_discord/cogs/analytics.py", line 652, in on_member_update
    before_timeout = before.timed_out_until
                     ^^^^^^^^^^^^^^^^^^^^^^
AttributeError: 'Member' object has no attribute 'timed_out_until'
Ignoring exception in on_member_update
Traceback (most recent call last):
  File "/usr/local/lib/python3.12/site-packages/discord/client.py", line 465, in _run_event
    await coro(*args, **kwargs)
  File "/app/asu_discord/cogs/analytics.py", line 652, in on_member_update
    before_timeout = before.timed_out_until
                     ^^^^^^^^^^^^^^^^^^^^^^
AttributeError: 'Member' object has no attribute 'timed_out_until'
Ignoring exception in on_member_update
Traceback (most recent call last):
  File "/usr/local/lib/python3.12/site-packages/discord/client.py", line 465, in _run_event
    await coro(*args, **kwargs)
  File "/app/asu_discord/cogs/analytics.py", line 652, in on_member_update
    before_timeout = before.timed_out_until
                     ^^^^^^^^^^^^^^^^^^^^^^
AttributeError: 'Member' object has no attribute 'timed_out_until'
Ignoring exception in on_member_update
Traceback (most recent call last):
  File "/usr/local/lib/python3.12/site-packages/discord/client.py", line 465, in _run_event
    await coro(*args, **kwargs)
  File "/app/asu_discord/cogs/analytics.py", line 652, in on_member_update
    before_timeout = before.timed_out_until
                     ^^^^^^^^^^^^^^^^^^^^^^
AttributeError: 'Member' object has no attribute 'timed_out_until'
Ignoring exception in on_member_update
Traceback (most recent call last):
  File "/usr/local/lib/python3.12/site-packages/discord/client.py", line 465, in _run_event
    await coro(*args, **kwargs)
  File "/app/asu_discord/cogs/analytics.py", line 652, in on_member_update
    before_timeout = before.timed_out_until
                     ^^^^^^^^^^^^^^^^^^^^^^
AttributeError: 'Member' object has no attribute 'timed_out_until'
Ignoring exception in on_member_update
Traceback (most recent call last):
  File "/usr/local/lib/python3.12/site-packages/discord/client.py", line 465, in _run_event
    await coro(*args, **kwargs)
  File "/app/asu_discord/cogs/analytics.py", line 652, in on_member_update
    before_timeout = before.timed_out_until
                     ^^^^^^^^^^^^^^^^^^^^^^
AttributeError: 'Member' object has no attribute 'timed_out_until'
Ignoring exception in on_member_update
Traceback (most recent call last):
  File "/usr/local/lib/python3.12/site-packages/discord/client.py", line 465, in _run_event
    await coro(*args, **kwargs)
  File "/app/asu_discord/cogs/analytics.py", line 652, in on_member_update
    before_timeout = before.timed_out_until
                     ^^^^^^^^^^^^^^^^^^^^^^
AttributeError: 'Member' object has no attribute 'timed_out_until'
Ignoring exception in on_member_update
Traceback (most recent call last):
  File "/usr/local/lib/python3.12/site-packages/discord/client.py", line 465, in _run_event
    await coro(*args, **kwargs)
  File "/app/asu_discord/cogs/analytics.py", line 652, in on_member_update
    before_timeout = before.timed_out_until
                     ^^^^^^^^^^^^^^^^^^^^^^
AttributeError: 'Member' object has no attribute 'timed_out_until'
ERROR:cron.jobs:refresh_salesforce_roles: failed for hlglenn (Discord ID 649099349560655873): Timed out refresh Salesforce-based roles
Ignoring exception in on_member_update
Traceback (most recent call last):
  File "/usr/local/lib/python3.12/site-packages/discord/client.py", line 465, in _run_event
    await coro(*args, **kwargs)
  File "/app/asu_discord/cogs/analytics.py", line 652, in on_member_update
    before_timeout = before.timed_out_until
                     ^^^^^^^^^^^^^^^^^^^^^^
AttributeError: 'Member' object has no attribute 'timed_out_until'
Ignoring exception in on_member_update
Traceback (most recent call last):
  File "/usr/local/lib/python3.12/site-packages/discord/client.py", line 465, in _run_event
    await coro(*args, **kwargs)
  File "/app/asu_discord/cogs/analytics.py", line 652, in on_member_update
    before_timeout = before.timed_out_until
                     ^^^^^^^^^^^^^^^^^^^^^^
AttributeError: 'Member' object has no attribute 'timed_out_until'
Ignoring exception in on_member_update
Traceback (most recent call last):
  File "/usr/local/lib/python3.12/site-packages/discord/client.py", line 465, in _run_event
    await coro(*args, **kwargs)
  File "/app/asu_discord/cogs/analytics.py", line 652, in on_member_update
    before_timeout = before.timed_out_until
                     ^^^^^^^^^^^^^^^^^^^^^^
AttributeError: 'Member' object has no attribute 'timed_out_until'
Ignoring exception in on_member_update
Traceback (most recent call last):
  File "/usr/local/lib/python3.12/site-packages/discord/client.py", line 465, in _run_event
    await coro(*args, **kwargs)
  File "/app/asu_discord/cogs/analytics.py", line 652, in on_member_update
    before_timeout = before.timed_out_until
                     ^^^^^^^^^^^^^^^^^^^^^^
AttributeError: 'Member' object has no attribute 'timed_out_until'
Ignoring exception in on_member_update
Traceback (most recent call last):
  File "/usr/local/lib/python3.12/site-packages/discord/client.py", line 465, in _run_event
    await coro(*args, **kwargs)
  File "/app/asu_discord/cogs/analytics.py", line 652, in on_member_update
    before_timeout = before.timed_out_until
                     ^^^^^^^^^^^^^^^^^^^^^^
AttributeError: 'Member' object has no attribute 'timed_out_until'
Ignoring exception in on_member_update
Traceback (most recent call last):
  File "/usr/local/lib/python3.12/site-packages/discord/client.py", line 465, in _run_event
    await coro(*args, **kwargs)
  File "/app/asu_discord/cogs/analytics.py", line 652, in on_member_update
    before_timeout = before.timed_out_until
                     ^^^^^^^^^^^^^^^^^^^^^^
AttributeError: 'Member' object has no attribute 'timed_out_until'
Ignoring exception in on_member_update
Traceback (most recent call last):
  File "/usr/local/lib/python3.12/site-packages/discord/client.py", line 465, in _run_event
    await coro(*args, **kwargs)
  File "/app/asu_discord/cogs/analytics.py", line 652, in on_member_update
    before_timeout = before.timed_out_until
                     ^^^^^^^^^^^^^^^^^^^^^^
AttributeError: 'Member' object has no attribute 'timed_out_until'
Ignoring exception in on_member_update
Traceback (most recent call last):
  File "/usr/local/lib/python3.12/site-packages/discord/client.py", line 465, in _run_event
    await coro(*args, **kwargs)
  File "/app/asu_discord/cogs/analytics.py", line 652, in on_member_update
    before_timeout = before.timed_out_until
                     ^^^^^^^^^^^^^^^^^^^^^^
AttributeError: 'Member' object has no attribute 'timed_out_until'
Ignoring exception in on_member_update
Traceback (most recent call last):
  File "/usr/local/lib/python3.12/site-packages/discord/client.py", line 465, in _run_event
    await coro(*args, **kwargs)
  File "/app/asu_discord/cogs/analytics.py", line 652, in on_member_update
    before_timeout = before.timed_out_until
                     ^^^^^^^^^^^^^^^^^^^^^^
AttributeError: 'Member' object has no attribute 'timed_out_until'
Ignoring exception in on_member_update
Traceback (most recent call last):
  File "/usr/local/lib/python3.12/site-packages/discord/client.py", line 465, in _run_event
    await coro(*args, **kwargs)
  File "/app/asu_discord/cogs/analytics.py", line 652, in on_member_update
    before_timeout = before.timed_out_until
                     ^^^^^^^^^^^^^^^^^^^^^^
AttributeError: 'Member' object has no attribute 'timed_out_until'
ERROR:cron.jobs:refresh_salesforce_roles: failed for nfajard4 (Discord ID 561995308620578837): Timed out refresh Salesforce-based roles
ERROR:cron.jobs:refresh_salesforce_roles: failed for kperam (Discord ID 674081665672282123): Failed to refresh Salesforce-based roles: Discord user 674081665672282123 is not a member of the guild
ERROR:cron.jobs:refresh_salesforce_roles: failed for hfields4 (Discord ID 678085726943969293): Failed to refresh Salesforce-based roles: Discord user 678085726943969293 is not a member of the guild
Ignoring exception in on_member_update
Traceback (most recent call last):
  File "/usr/local/lib/python3.12/site-packages/discord/client.py", line 465, in _run_event
    await coro(*args, **kwargs)
  File "/app/asu_discord/cogs/analytics.py", line 652, in on_member_update
    before_timeout = before.timed_out_until
                     ^^^^^^^^^^^^^^^^^^^^^^
AttributeError: 'Member' object has no attribute 'timed_out_until'
Ignoring exception in on_member_update
Traceback (most recent call last):
  File "/usr/local/lib/python3.12/site-packages/discord/client.py", line 465, in _run_event
    await coro(*args, **kwargs)
  File "/app/asu_discord/cogs/analytics.py", line 652, in on_member_update
    before_timeout = before.timed_out_until
                     ^^^^^^^^^^^^^^^^^^^^^^
AttributeError: 'Member' object has no attribute 'timed_out_until'
Ignoring exception in on_member_update
Traceback (most recent call last):
  File "/usr/local/lib/python3.12/site-packages/discord/client.py", line 465, in _run_event
    await coro(*args, **kwargs)
  File "/app/asu_discord/cogs/analytics.py", line 652, in on_member_update
    before_timeout = before.timed_out_until
                     ^^^^^^^^^^^^^^^^^^^^^^
AttributeError: 'Member' object has no attribute 'timed_out_until'
Ignoring exception in on_member_update
Traceback (most recent call last):
  File "/usr/local/lib/python3.12/site-packages/discord/client.py", line 465, in _run_event
    await coro(*args, **kwargs)
  File "/app/asu_discord/cogs/analytics.py", line 652, in on_member_update
    before_timeout = before.timed_out_until
                     ^^^^^^^^^^^^^^^^^^^^^^
AttributeError: 'Member' object has no attribute 'timed_out_until'
Ignoring exception in on_member_update
Traceback (most recent call last):
  File "/usr/local/lib/python3.12/site-packages/discord/client.py", line 465, in _run_event
    await coro(*args, **kwargs)
  File "/app/asu_discord/cogs/analytics.py", line 652, in on_member_update
    before_timeout = before.timed_out_until
                     ^^^^^^^^^^^^^^^^^^^^^^
AttributeError: 'Member' object has no attribute 'timed_out_until'
Ignoring exception in on_member_update
Traceback (most recent call last):
  File "/usr/local/lib/python3.12/site-packages/discord/client.py", line 465, in _run_event
    await coro(*args, **kwargs)
  File "/app/asu_discord/cogs/analytics.py", line 652, in on_member_update
    before_timeout = before.timed_out_until
                     ^^^^^^^^^^^^^^^^^^^^^^
AttributeError: 'Member' object has no attribute 'timed_out_until'
Ignoring exception in on_member_update
Traceback (most recent call last):
  File "/usr/local/lib/python3.12/site-packages/discord/client.py", line 465, in _run_event
    await coro(*args, **kwargs)
  File "/app/asu_discord/cogs/analytics.py", line 652, in on_member_update
    before_timeout = before.timed_out_until
                     ^^^^^^^^^^^^^^^^^^^^^^
AttributeError: 'Member' object has no attribute 'timed_out_until'
INFO:asu_discord.cogs.verification:Saved 4 roles to database for user sboshane (Discord ID: 1472325972815777925)
INFO:asu_discord.cogs.verification:Refreshed Salesforce roles for Discord user 1472325972815777925: -4/+3 roles, assigned=[Arizona Resident, First Year, Tempe, W.P. Carey School of Business]
Ignoring exception in on_member_update
Traceback (most recent call last):
  File "/usr/local/lib/python3.12/site-packages/discord/client.py", line 465, in _run_event
    await coro(*args, **kwargs)
  File "/app/asu_discord/cogs/analytics.py", line 652, in on_member_update
    before_timeout = before.timed_out_until
                     ^^^^^^^^^^^^^^^^^^^^^^
AttributeError: 'Member' object has no attribute 'timed_out_until'
Ignoring exception in on_member_update
Traceback (most recent call last):
  File "/usr/local/lib/python3.12/site-packages/discord/client.py", line 465, in _run_event
    await coro(*args, **kwargs)
  File "/app/asu_discord/cogs/analytics.py", line 652, in on_member_update
    before_timeout = before.timed_out_until
                     ^^^^^^^^^^^^^^^^^^^^^^
AttributeError: 'Member' object has no attribute 'timed_out_until'
Ignoring exception in on_member_update
Traceback (most recent call last):
  File "/usr/local/lib/python3.12/site-packages/discord/client.py", line 465, in _run_event
    await coro(*args, **kwargs)
  File "/app/asu_discord/cogs/analytics.py", line 652, in on_member_update
    before_timeout = before.timed_out_until
                     ^^^^^^^^^^^^^^^^^^^^^^
AttributeError: 'Member' object has no attribute 'timed_out_until'
Ignoring exception in on_member_update
Traceback (most recent call last):
  File "/usr/local/lib/python3.12/site-packages/discord/client.py", line 465, in _run_event
    await coro(*args, **kwargs)
  File "/app/asu_discord/cogs/analytics.py", line 652, in on_member_update
    before_timeout = before.timed_out_until
                     ^^^^^^^^^^^^^^^^^^^^^^
AttributeError: 'Member' object has no attribute 'timed_out_until'
Ignoring exception in on_member_update
Traceback (most recent call last):
  File "/usr/local/lib/python3.12/site-packages/discord/client.py", line 465, in _run_event
    await coro(*args, **kwargs)
  File "/app/asu_discord/cogs/analytics.py", line 652, in on_member_update
    before_timeout = before.timed_out_until
                     ^^^^^^^^^^^^^^^^^^^^^^
AttributeError: 'Member' object has no attribute 'timed_out_until'
Ignoring exception in on_member_update
Traceback (most recent call last):
  File "/usr/local/lib/python3.12/site-packages/discord/client.py", line 465, in _run_event
    await coro(*args, **kwargs)
  File "/app/asu_discord/cogs/analytics.py", line 652, in on_member_update
    before_timeout = before.timed_out_until
                     ^^^^^^^^^^^^^^^^^^^^^^
AttributeError: 'Member' object has no attribute 'timed_out_until'
Ignoring exception in on_member_update
Traceback (most recent call last):
  File "/usr/local/lib/python3.12/site-packages/discord/client.py", line 465, in _run_event
    await coro(*args, **kwargs)
  File "/app/asu_discord/cogs/analytics.py", line 652, in on_member_update
    before_timeout = before.timed_out_until
                     ^^^^^^^^^^^^^^^^^^^^^^
AttributeError: 'Member' object has no attribute 'timed_out_until'
Ignoring exception in on_member_update
Traceback (most recent call last):
  File "/usr/local/lib/python3.12/site-packages/discord/client.py", line 465, in _run_event
    await coro(*args, **kwargs)
  File "/app/asu_discord/cogs/analytics.py", line 652, in on_member_update
    before_timeout = before.timed_out_until
                     ^^^^^^^^^^^^^^^^^^^^^^
AttributeError: 'Member' object has no attribute 'timed_out_until'
Ignoring exception in on_member_update
Traceback (most recent call last):
  File "/usr/local/lib/python3.12/site-packages/discord/client.py", line 465, in _run_event
    await coro(*args, **kwargs)
  File "/app/asu_discord/cogs/analytics.py", line 652, in on_member_update
    before_timeout = before.timed_out_until
                     ^^^^^^^^^^^^^^^^^^^^^^
AttributeError: 'Member' object has no attribute 'timed_out_until'
Ignoring exception in on_member_update
Traceback (most recent call last):
  File "/usr/local/lib/python3.12/site-packages/discord/client.py", line 465, in _run_event
    await coro(*args, **kwargs)
  File "/app/asu_discord/cogs/analytics.py", line 652, in on_member_update
    before_timeout = before.timed_out_until
                     ^^^^^^^^^^^^^^^^^^^^^^
AttributeError: 'Member' object has no attribute 'timed_out_until'
INFO:asu_discord.cogs.verification:Saved 5 roles to database for user sheisey2 (Discord ID: 827947852801900584)
INFO:asu_discord.cogs.verification:Refreshed Salesforce roles for Discord user 827947852801900584: -5/+5 roles, assigned=[Arizona Resident, College of Liberal Arts and Sciences, Commited, First Year, Tempe]
Ignoring exception in on_member_update
Traceback (most recent call last):
  File "/usr/local/lib/python3.12/site-packages/discord/client.py", line 465, in _run_event
    await coro(*args, **kwargs)
  File "/app/asu_discord/cogs/analytics.py", line 652, in on_member_update
    before_timeout = before.timed_out_until
                     ^^^^^^^^^^^^^^^^^^^^^^
AttributeError: 'Member' object has no attribute 'timed_out_until'
Ignoring exception in on_member_update
Traceback (most recent call last):
  File "/usr/local/lib/python3.12/site-packages/discord/client.py", line 465, in _run_event
    await coro(*args, **kwargs)
  File "/app/asu_discord/cogs/analytics.py", line 652, in on_member_update
    before_timeout = before.timed_out_until
                     ^^^^^^^^^^^^^^^^^^^^^^
AttributeError: 'Member' object has no attribute 'timed_out_until'
Ignoring exception in on_member_update
Traceback (most recent call last):
  File "/usr/local/lib/python3.12/site-packages/discord/client.py", line 465, in _run_event
    await coro(*args, **kwargs)
  File "/app/asu_discord/cogs/analytics.py", line 652, in on_member_update
    before_timeout = before.timed_out_until
                     ^^^^^^^^^^^^^^^^^^^^^^
AttributeError: 'Member' object has no attribute 'timed_out_until'
Ignoring exception in on_member_update
Traceback (most recent call last):
  File "/usr/local/lib/python3.12/site-packages/discord/client.py", line 465, in _run_event
    await coro(*args, **kwargs)
  File "/app/asu_discord/cogs/analytics.py", line 652, in on_member_update
    before_timeout = before.timed_out_until
                     ^^^^^^^^^^^^^^^^^^^^^^
AttributeError: 'Member' object has no attribute 'timed_out_until'
Ignoring exception in on_member_update
Traceback (most recent call last):
  File "/usr/local/lib/python3.12/site-packages/discord/client.py", line 465, in _run_event
    await coro(*args, **kwargs)
  File "/app/asu_discord/cogs/analytics.py", line 652, in on_member_update
    before_timeout = before.timed_out_until
                     ^^^^^^^^^^^^^^^^^^^^^^
AttributeError: 'Member' object has no attribute 'timed_out_until'
Ignoring exception in on_member_update
Traceback (most recent call last):
  File "/usr/local/lib/python3.12/site-packages/discord/client.py", line 465, in _run_event
    await coro(*args, **kwargs)
  File "/app/asu_discord/cogs/analytics.py", line 652, in on_member_update
    before_timeout = before.timed_out_until
                     ^^^^^^^^^^^^^^^^^^^^^^
AttributeError: 'Member' object has no attribute 'timed_out_until'
Ignoring exception in on_member_update
Traceback (most recent call last):
  File "/usr/local/lib/python3.12/site-packages/discord/client.py", line 465, in _run_event
    await coro(*args, **kwargs)
  File "/app/asu_discord/cogs/analytics.py", line 652, in on_member_update
    before_timeout = before.timed_out_until
                     ^^^^^^^^^^^^^^^^^^^^^^
AttributeError: 'Member' object has no attribute 'timed_out_until'
Ignoring exception in on_member_update
Traceback (most recent call last):
  File "/usr/local/lib/python3.12/site-packages/discord/client.py", line 465, in _run_event
    await coro(*args, **kwargs)
  File "/app/asu_discord/cogs/analytics.py", line 652, in on_member_update
    before_timeout = before.timed_out_until
                     ^^^^^^^^^^^^^^^^^^^^^^
AttributeError: 'Member' object has no attribute 'timed_out_until'
Ignoring exception in on_member_update
Traceback (most recent call last):
  File "/usr/local/lib/python3.12/site-packages/discord/client.py", line 465, in _run_event
    await coro(*args, **kwargs)
  File "/app/asu_discord/cogs/analytics.py", line 652, in on_member_update
    before_timeout = before.timed_out_until
                     ^^^^^^^^^^^^^^^^^^^^^^
AttributeError: 'Member' object has no attribute 'timed_out_until'
Ignoring exception in on_member_update
Traceback (most recent call last):
  File "/usr/local/lib/python3.12/site-packages/discord/client.py", line 465, in _run_event
    await coro(*args, **kwargs)
  File "/app/asu_discord/cogs/analytics.py", line 652, in on_member_update
    before_timeout = before.timed_out_until
                     ^^^^^^^^^^^^^^^^^^^^^^
AttributeError: 'Member' object has no attribute 'timed_out_until'
Ignoring exception in on_member_update
Traceback (most recent call last):
  File "/usr/local/lib/python3.12/site-packages/discord/client.py", line 465, in _run_event
    await coro(*args, **kwargs)
  File "/app/asu_discord/cogs/analytics.py", line 652, in on_member_update
    before_timeout = before.timed_out_until
                     ^^^^^^^^^^^^^^^^^^^^^^
AttributeError: 'Member' object has no attribute 'timed_out_until'
INFO:asu_discord.cogs.verification:Saved 5 roles to database for user jhmejia2 (Discord ID: 1356405639433294023)
INFO:asu_discord.cogs.verification:Refreshed Salesforce roles for Discord user 1356405639433294023: -5/+5 roles, assigned=[Arizona Resident, College of Liberal Arts and Sciences, First Generation Student, First Year, West Valley]
Ignoring exception in on_member_update
Traceback (most recent call last):
  File "/usr/local/lib/python3.12/site-packages/discord/client.py", line 465, in _run_event
    await coro(*args, **kwargs)
  File "/app/asu_discord/cogs/analytics.py", line 652, in on_member_update
    before_timeout = before.timed_out_until
                     ^^^^^^^^^^^^^^^^^^^^^^
AttributeError: 'Member' object has no attribute 'timed_out_until'
Ignoring exception in on_member_update
Traceback (most recent call last):
  File "/usr/local/lib/python3.12/site-packages/discord/client.py", line 465, in _run_event
    await coro(*args, **kwargs)
  File "/app/asu_discord/cogs/analytics.py", line 652, in on_member_update
    before_timeout = before.timed_out_until
                     ^^^^^^^^^^^^^^^^^^^^^^
AttributeError: 'Member' object has no attribute 'timed_out_until'
Ignoring exception in on_member_update
Traceback (most recent call last):
  File "/usr/local/lib/python3.12/site-packages/discord/client.py", line 465, in _run_event
    await coro(*args, **kwargs)
  File "/app/asu_discord/cogs/analytics.py", line 652, in on_member_update
    before_timeout = before.timed_out_until
                     ^^^^^^^^^^^^^^^^^^^^^^
AttributeError: 'Member' object has no attribute 'timed_out_until'
Ignoring exception in on_member_update
Traceback (most recent call last):
  File "/usr/local/lib/python3.12/site-packages/discord/client.py", line 465, in _run_event
    await coro(*args, **kwargs)
  File "/app/asu_discord/cogs/analytics.py", line 652, in on_member_update
    before_timeout = before.timed_out_until
                     ^^^^^^^^^^^^^^^^^^^^^^
AttributeError: 'Member' object has no attribute 'timed_out_until'
Ignoring exception in on_member_update
Traceback (most recent call last):
  File "/usr/local/lib/python3.12/site-packages/discord/client.py", line 465, in _run_event
    await coro(*args, **kwargs)
  File "/app/asu_discord/cogs/analytics.py", line 652, in on_member_update
    before_timeout = before.timed_out_until
                     ^^^^^^^^^^^^^^^^^^^^^^
AttributeError: 'Member' object has no attribute 'timed_out_until'
Ignoring exception in on_member_update
Traceback (most recent call last):
  File "/usr/local/lib/python3.12/site-packages/discord/client.py", line 465, in _run_event
    await coro(*args, **kwargs)
  File "/app/asu_discord/cogs/analytics.py", line 652, in on_member_update
    before_timeout = before.timed_out_until
                     ^^^^^^^^^^^^^^^^^^^^^^
AttributeError: 'Member' object has no attribute 'timed_out_until'
Ignoring exception in on_member_update
Traceback (most recent call last):
  File "/usr/local/lib/python3.12/site-packages/discord/client.py", line 465, in _run_event
    await coro(*args, **kwargs)
  File "/app/asu_discord/cogs/analytics.py", line 652, in on_member_update
    before_timeout = before.timed_out_until
                     ^^^^^^^^^^^^^^^^^^^^^^
AttributeError: 'Member' object has no attribute 'timed_out_until'
Ignoring exception in on_member_update
Traceback (most recent call last):
  File "/usr/local/lib/python3.12/site-packages/discord/client.py", line 465, in _run_event
    await coro(*args, **kwargs)
  File "/app/asu_discord/cogs/analytics.py", line 652, in on_member_update
    before_timeout = before.timed_out_until
                     ^^^^^^^^^^^^^^^^^^^^^^
AttributeError: 'Member' object has no attribute 'timed_out_until'
INFO:asu_discord.cogs.verification:Saved 4 roles to database for user txlampin (Discord ID: 1211780248014692443)
INFO:asu_discord.cogs.verification:Refreshed Salesforce roles for Discord user 1211780248014692443: -4/+4 roles, assigned=[Arizona Resident, First Year, Ira A. Fulton Schools of Engineering, Tempe]
Ignoring exception in on_member_update
Traceback (most recent call last):
  File "/usr/local/lib/python3.12/site-packages/discord/client.py", line 465, in _run_event
    await coro(*args, **kwargs)
  File "/app/asu_discord/cogs/analytics.py", line 652, in on_member_update
    before_timeout = before.timed_out_until
                     ^^^^^^^^^^^^^^^^^^^^^^
AttributeError: 'Member' object has no attribute 'timed_out_until'
Ignoring exception in on_member_update
Traceback (most recent call last):
  File "/usr/local/lib/python3.12/site-packages/discord/client.py", line 465, in _run_event
    await coro(*args, **kwargs)
  File "/app/asu_discord/cogs/analytics.py", line 652, in on_member_update
    before_timeout = before.timed_out_until
                     ^^^^^^^^^^^^^^^^^^^^^^
AttributeError: 'Member' object has no attribute 'timed_out_until'
Ignoring exception in on_member_update
Traceback (most recent call last):
  File "/usr/local/lib/python3.12/site-packages/discord/client.py", line 465, in _run_event
    await coro(*args, **kwargs)
  File "/app/asu_discord/cogs/analytics.py", line 652, in on_member_update
    before_timeout = before.timed_out_until
                     ^^^^^^^^^^^^^^^^^^^^^^
AttributeError: 'Member' object has no attribute 'timed_out_until'
Ignoring exception in on_member_update
Traceback (most recent call last):
  File "/usr/local/lib/python3.12/site-packages/discord/client.py", line 465, in _run_event
    await coro(*args, **kwargs)
  File "/app/asu_discord/cogs/analytics.py", line 652, in on_member_update
    before_timeout = before.timed_out_until
                     ^^^^^^^^^^^^^^^^^^^^^^
AttributeError: 'Member' object has no attribute 'timed_out_until'
Ignoring exception in on_member_update
Traceback (most recent call last):
  File "/usr/local/lib/python3.12/site-packages/discord/client.py", line 465, in _run_event
    await coro(*args, **kwargs)
  File "/app/asu_discord/cogs/analytics.py", line 652, in on_member_update
    before_timeout = before.timed_out_until
                     ^^^^^^^^^^^^^^^^^^^^^^
AttributeError: 'Member' object has no attribute 'timed_out_until'
Ignoring exception in on_member_update
Traceback (most recent call last):
  File "/usr/local/lib/python3.12/site-packages/discord/client.py", line 465, in _run_event
    await coro(*args, **kwargs)
  File "/app/asu_discord/cogs/analytics.py", line 652, in on_member_update
    before_timeout = before.timed_out_until
                     ^^^^^^^^^^^^^^^^^^^^^^
AttributeError: 'Member' object has no attribute 'timed_out_until'
Ignoring exception in on_member_update
Traceback (most recent call last):
  File "/usr/local/lib/python3.12/site-packages/discord/client.py", line 465, in _run_event
    await coro(*args, **kwargs)
  File "/app/asu_discord/cogs/analytics.py", line 652, in on_member_update
    before_timeout = before.timed_out_until
                     ^^^^^^^^^^^^^^^^^^^^^^
AttributeError: 'Member' object has no attribute 'timed_out_until'
Ignoring exception in on_member_update
Traceback (most recent call last):
  File "/usr/local/lib/python3.12/site-packages/discord/client.py", line 465, in _run_event
    await coro(*args, **kwargs)
  File "/app/asu_discord/cogs/analytics.py", line 652, in on_member_update
    before_timeout = before.timed_out_until
                     ^^^^^^^^^^^^^^^^^^^^^^
AttributeError: 'Member' object has no attribute 'timed_out_until'
Ignoring exception in on_member_update
Traceback (most recent call last):
  File "/usr/local/lib/python3.12/site-packages/discord/client.py", line 465, in _run_event
    await coro(*args, **kwargs)
  File "/app/asu_discord/cogs/analytics.py", line 652, in on_member_update
    before_timeout = before.timed_out_until
                     ^^^^^^^^^^^^^^^^^^^^^^
AttributeError: 'Member' object has no attribute 'timed_out_until'
Ignoring exception in on_member_update
Traceback (most recent call last):
  File "/usr/local/lib/python3.12/site-packages/discord/client.py", line 465, in _run_event
    await coro(*args, **kwargs)
  File "/app/asu_discord/cogs/analytics.py", line 652, in on_member_update
    before_timeout = before.timed_out_until
                     ^^^^^^^^^^^^^^^^^^^^^^
AttributeError: 'Member' object has no attribute 'timed_out_until'
INFO:asu_discord.cogs.verification:Saved 5 roles to database for user kgholah (Discord ID: 804338868802813972)
INFO:asu_discord.cogs.verification:Refreshed Salesforce roles for Discord user 804338868802813972: -5/+5 roles, assigned=[First Year, International Student, Ira A. Fulton Schools of Engineering, Polytechnic, Upperclassmen]
WARNING:cron.jobs:refresh_salesforce_roles: Salesforce lookup failed for kstorage: 502 Server Error: Bad Gateway for url: https://crmapi-prod.apps.asu.edu/v1/crm-contact/contact?asurite=kstorage
Ignoring exception in on_member_update
Traceback (most recent call last):
  File "/usr/local/lib/python3.12/site-packages/discord/client.py", line 465, in _run_event
    await coro(*args, **kwargs)
  File "/app/asu_discord/cogs/analytics.py", line 652, in on_member_update
    before_timeout = before.timed_out_until
                     ^^^^^^^^^^^^^^^^^^^^^^
AttributeError: 'Member' object has no attribute 'timed_out_until'
Ignoring exception in on_member_update
Traceback (most recent call last):
  File "/usr/local/lib/python3.12/site-packages/discord/client.py", line 465, in _run_event
    await coro(*args, **kwargs)
  File "/app/asu_discord/cogs/analytics.py", line 652, in on_member_update
    before_timeout = before.timed_out_until
                     ^^^^^^^^^^^^^^^^^^^^^^
AttributeError: 'Member' object has no attribute 'timed_out_until'
Ignoring exception in on_member_update
Traceback (most recent call last):
  File "/usr/local/lib/python3.12/site-packages/discord/client.py", line 465, in _run_event
    await coro(*args, **kwargs)
  File "/app/asu_discord/cogs/analytics.py", line 652, in on_member_update
    before_timeout = before.timed_out_until
                     ^^^^^^^^^^^^^^^^^^^^^^
AttributeError: 'Member' object has no attribute 'timed_out_until'
Ignoring exception in on_member_update
Traceback (most recent call last):
  File "/usr/local/lib/python3.12/site-packages/discord/client.py", line 465, in _run_event
    await coro(*args, **kwargs)
  File "/app/asu_discord/cogs/analytics.py", line 652, in on_member_update
    before_timeout = before.timed_out_until
                     ^^^^^^^^^^^^^^^^^^^^^^
AttributeError: 'Member' object has no attribute 'timed_out_until'
Ignoring exception in on_member_update
Traceback (most recent call last):
  File "/usr/local/lib/python3.12/site-packages/discord/client.py", line 465, in _run_event
    await coro(*args, **kwargs)
  File "/app/asu_discord/cogs/analytics.py", line 652, in on_member_update
    before_timeout = before.timed_out_until
                     ^^^^^^^^^^^^^^^^^^^^^^
AttributeError: 'Member' object has no attribute 'timed_out_until'
Ignoring exception in on_member_update
Traceback (most recent call last):
  File "/usr/local/lib/python3.12/site-packages/discord/client.py", line 465, in _run_event
    await coro(*args, **kwargs)
  File "/app/asu_discord/cogs/analytics.py", line 652, in on_member_update
    before_timeout = before.timed_out_until
                     ^^^^^^^^^^^^^^^^^^^^^^
AttributeError: 'Member' object has no attribute 'timed_out_until'
Ignoring exception in on_member_update
Traceback (most recent call last):
  File "/usr/local/lib/python3.12/site-packages/discord/client.py", line 465, in _run_event
    await coro(*args, **kwargs)
  File "/app/asu_discord/cogs/analytics.py", line 652, in on_member_update
    before_timeout = before.timed_out_until
                     ^^^^^^^^^^^^^^^^^^^^^^
AttributeError: 'Member' object has no attribute 'timed_out_until'
Ignoring exception in on_member_update
Traceback (most recent call last):
  File "/usr/local/lib/python3.12/site-packages/discord/client.py", line 465, in _run_event
    await coro(*args, **kwargs)
  File "/app/asu_discord/cogs/analytics.py", line 652, in on_member_update
    before_timeout = before.timed_out_until
                     ^^^^^^^^^^^^^^^^^^^^^^
AttributeError: 'Member' object has no attribute 'timed_out_until'
Ignoring exception in on_member_update
Traceback (most recent call last):
  File "/usr/local/lib/python3.12/site-packages/discord/client.py", line 465, in _run_event
    await coro(*args, **kwargs)
  File "/app/asu_discord/cogs/analytics.py", line 652, in on_member_update
    before_timeout = before.timed_out_until
                     ^^^^^^^^^^^^^^^^^^^^^^
AttributeError: 'Member' object has no attribute 'timed_out_until'
Ignoring exception in on_member_update
Traceback (most recent call last):
  File "/usr/local/lib/python3.12/site-packages/discord/client.py", line 465, in _run_event
    await coro(*args, **kwargs)
  File "/app/asu_discord/cogs/analytics.py", line 652, in on_member_update
    before_timeout = before.timed_out_until
                     ^^^^^^^^^^^^^^^^^^^^^^
AttributeError: 'Member' object has no attribute 'timed_out_until'
INFO:asu_discord.cogs.verification:Saved 5 roles to database for user huenzhim (Discord ID: 383179242017521664)
INFO:asu_discord.cogs.verification:Refreshed Salesforce roles for Discord user 383179242017521664: -5/+5 roles, assigned=[Commited, First Year, Herberger Institute for Design and the Arts, International Student, Tempe]
Ignoring exception in on_member_update
Traceback (most recent call last):
  File "/usr/local/lib/python3.12/site-packages/discord/client.py", line 465, in _run_event
    await coro(*args, **kwargs)
  File "/app/asu_discord/cogs/analytics.py", line 652, in on_member_update
    before_timeout = before.timed_out_until
                     ^^^^^^^^^^^^^^^^^^^^^^
AttributeError: 'Member' object has no attribute 'timed_out_until'
Ignoring exception in on_member_update
Traceback (most recent call last):
  File "/usr/local/lib/python3.12/site-packages/discord/client.py", line 465, in _run_event
    await coro(*args, **kwargs)
  File "/app/asu_discord/cogs/analytics.py", line 652, in on_member_update
    before_timeout = before.timed_out_until
                     ^^^^^^^^^^^^^^^^^^^^^^
AttributeError: 'Member' object has no attribute 'timed_out_until'
Ignoring exception in on_member_update
Traceback (most recent call last):
  File "/usr/local/lib/python3.12/site-packages/discord/client.py", line 465, in _run_event
    await coro(*args, **kwargs)
  File "/app/asu_discord/cogs/analytics.py", line 652, in on_member_update
    before_timeout = before.timed_out_until
                     ^^^^^^^^^^^^^^^^^^^^^^
AttributeError: 'Member' object has no attribute 'timed_out_until'
Ignoring exception in on_member_update
Traceback (most recent call last):
  File "/usr/local/lib/python3.12/site-packages/discord/client.py", line 465, in _run_event
    await coro(*args, **kwargs)
  File "/app/asu_discord/cogs/analytics.py", line 652, in on_member_update
    before_timeout = before.timed_out_until
                     ^^^^^^^^^^^^^^^^^^^^^^
AttributeError: 'Member' object has no attribute 'timed_out_until'
Ignoring exception in on_member_update
Traceback (most recent call last):
  File "/usr/local/lib/python3.12/site-packages/discord/client.py", line 465, in _run_event
    await coro(*args, **kwargs)
  File "/app/asu_discord/cogs/analytics.py", line 652, in on_member_update
    before_timeout = before.timed_out_until
                     ^^^^^^^^^^^^^^^^^^^^^^
AttributeError: 'Member' object has no attribute 'timed_out_until'
Ignoring exception in on_member_update
Traceback (most recent call last):
  File "/usr/local/lib/python3.12/site-packages/discord/client.py", line 465, in _run_event
    await coro(*args, **kwargs)
  File "/app/asu_discord/cogs/analytics.py", line 652, in on_member_update
    before_timeout = before.timed_out_until
                     ^^^^^^^^^^^^^^^^^^^^^^
AttributeError: 'Member' object has no attribute 'timed_out_until'
Ignoring exception in on_member_update
Traceback (most recent call last):
  File "/usr/local/lib/python3.12/site-packages/discord/client.py", line 465, in _run_event
    await coro(*args, **kwargs)
  File "/app/asu_discord/cogs/analytics.py", line 652, in on_member_update
    before_timeout = before.timed_out_until
                     ^^^^^^^^^^^^^^^^^^^^^^
AttributeError: 'Member' object has no attribute 'timed_out_until'
Ignoring exception in on_member_update
Traceback (most recent call last):
  File "/usr/local/lib/python3.12/site-packages/discord/client.py", line 465, in _run_event
    await coro(*args, **kwargs)
  File "/app/asu_discord/cogs/analytics.py", line 652, in on_member_update
    before_timeout = before.timed_out_until
                     ^^^^^^^^^^^^^^^^^^^^^^
AttributeError: 'Member' object has no attribute 'timed_out_until'
Ignoring exception in on_member_update
Traceback (most recent call last):
  File "/usr/local/lib/python3.12/site-packages/discord/client.py", line 465, in _run_event
    await coro(*args, **kwargs)
  File "/app/asu_discord/cogs/analytics.py", line 652, in on_member_update
    before_timeout = before.timed_out_until
                     ^^^^^^^^^^^^^^^^^^^^^^
AttributeError: 'Member' object has no attribute 'timed_out_until'
Ignoring exception in on_member_update
Traceback (most recent call last):
  File "/usr/local/lib/python3.12/site-packages/discord/client.py", line 465, in _run_event
    await coro(*args, **kwargs)
  File "/app/asu_discord/cogs/analytics.py", line 652, in on_member_update
    before_timeout = before.timed_out_until
                     ^^^^^^^^^^^^^^^^^^^^^^
AttributeError: 'Member' object has no attribute 'timed_out_until'
INFO:asu_discord.cogs.verification:Saved 5 roles to database for user aortabas (Discord ID: 471792302915059712)
INFO:asu_discord.cogs.verification:Refreshed Salesforce roles for Discord user 471792302915059712: -5/+5 roles, assigned=[Arizona Resident, Commited, Ira A. Fulton Schools of Engineering, Tempe, Transfer Student]
Ignoring exception in on_member_update
Traceback (most recent call last):
  File "/usr/local/lib/python3.12/site-packages/discord/client.py", line 465, in _run_event
    await coro(*args, **kwargs)
  File "/app/asu_discord/cogs/analytics.py", line 652, in on_member_update
    before_timeout = before.timed_out_until
                     ^^^^^^^^^^^^^^^^^^^^^^
AttributeError: 'Member' object has no attribute 'timed_out_until'
Ignoring exception in on_member_update
Traceback (most recent call last):
  File "/usr/local/lib/python3.12/site-packages/discord/client.py", line 465, in _run_event
    await coro(*args, **kwargs)
  File "/app/asu_discord/cogs/analytics.py", line 652, in on_member_update
    before_timeout = before.timed_out_until
                     ^^^^^^^^^^^^^^^^^^^^^^
AttributeError: 'Member' object has no attribute 'timed_out_until'
Ignoring exception in on_member_update
Traceback (most recent call last):
  File "/usr/local/lib/python3.12/site-packages/discord/client.py", line 465, in _run_event
    await coro(*args, **kwargs)
  File "/app/asu_discord/cogs/analytics.py", line 652, in on_member_update
    before_timeout = before.timed_out_until
                     ^^^^^^^^^^^^^^^^^^^^^^
AttributeError: 'Member' object has no attribute 'timed_out_until'
Ignoring exception in on_member_update
Traceback (most recent call last):
  File "/usr/local/lib/python3.12/site-packages/discord/client.py", line 465, in _run_event
    await coro(*args, **kwargs)
  File "/app/asu_discord/cogs/analytics.py", line 652, in on_member_update
    before_timeout = before.timed_out_until
                     ^^^^^^^^^^^^^^^^^^^^^^
AttributeError: 'Member' object has no attribute 'timed_out_until'
Ignoring exception in on_member_update
Traceback (most recent call last):
  File "/usr/local/lib/python3.12/site-packages/discord/client.py", line 465, in _run_event
    await coro(*args, **kwargs)
  File "/app/asu_discord/cogs/analytics.py", line 652, in on_member_update
    before_timeout = before.timed_out_until
                     ^^^^^^^^^^^^^^^^^^^^^^
AttributeError: 'Member' object has no attribute 'timed_out_until'
Ignoring exception in on_member_update
Traceback (most recent call last):
  File "/usr/local/lib/python3.12/site-packages/discord/client.py", line 465, in _run_event
    await coro(*args, **kwargs)
  File "/app/asu_discord/cogs/analytics.py", line 652, in on_member_update
    before_timeout = before.timed_out_until
                     ^^^^^^^^^^^^^^^^^^^^^^
AttributeError: 'Member' object has no attribute 'timed_out_until'
Ignoring exception in on_member_update
Traceback (most recent call last):
  File "/usr/local/lib/python3.12/site-packages/discord/client.py", line 465, in _run_event
    await coro(*args, **kwargs)
  File "/app/asu_discord/cogs/analytics.py", line 652, in on_member_update
    before_timeout = before.timed_out_until
                     ^^^^^^^^^^^^^^^^^^^^^^
AttributeError: 'Member' object has no attribute 'timed_out_until'
Ignoring exception in on_member_update
Traceback (most recent call last):
  File "/usr/local/lib/python3.12/site-packages/discord/client.py", line 465, in _run_event
    await coro(*args, **kwargs)
  File "/app/asu_discord/cogs/analytics.py", line 652, in on_member_update
    before_timeout = before.timed_out_until
                     ^^^^^^^^^^^^^^^^^^^^^^
AttributeError: 'Member' object has no attribute 'timed_out_until'
Ignoring exception in on_member_update
Traceback (most recent call last):
  File "/usr/local/lib/python3.12/site-packages/discord/client.py", line 465, in _run_event
    await coro(*args, **kwargs)
  File "/app/asu_discord/cogs/analytics.py", line 652, in on_member_update
    before_timeout = before.timed_out_until
                     ^^^^^^^^^^^^^^^^^^^^^^
AttributeError: 'Member' object has no attribute 'timed_out_until'
Ignoring exception in on_member_update
Traceback (most recent call last):
  File "/usr/local/lib/python3.12/site-packages/discord/client.py", line 465, in _run_event
    await coro(*args, **kwargs)
  File "/app/asu_discord/cogs/analytics.py", line 652, in on_member_update
    before_timeout = before.timed_out_until
                     ^^^^^^^^^^^^^^^^^^^^^^
AttributeError: 'Member' object has no attribute 'timed_out_until'
INFO:asu_discord.cogs.verification:Saved 5 roles to database for user arueschh (Discord ID: 1387773491511693393)
INFO:asu_discord.cogs.verification:Refreshed Salesforce roles for Discord user 1387773491511693393: -5/+5 roles, assigned=[College of Liberal Arts and Sciences, Commited, First Year, Out of State, Tempe]
Ignoring exception in on_member_update
Traceback (most recent call last):
  File "/usr/local/lib/python3.12/site-packages/discord/client.py", line 465, in _run_event
    await coro(*args, **kwargs)
  File "/app/asu_discord/cogs/analytics.py", line 652, in on_member_update
    before_timeout = before.timed_out_until
                     ^^^^^^^^^^^^^^^^^^^^^^
AttributeError: 'Member' object has no attribute 'timed_out_until'
Ignoring exception in on_member_update
Traceback (most recent call last):
  File "/usr/local/lib/python3.12/site-packages/discord/client.py", line 465, in _run_event
    await coro(*args, **kwargs)
  File "/app/asu_discord/cogs/analytics.py", line 652, in on_member_update
    before_timeout = before.timed_out_until
                     ^^^^^^^^^^^^^^^^^^^^^^
AttributeError: 'Member' object has no attribute 'timed_out_until'
Ignoring exception in on_member_update
Traceback (most recent call last):
  File "/usr/local/lib/python3.12/site-packages/discord/client.py", line 465, in _run_event
    await coro(*args, **kwargs)
  File "/app/asu_discord/cogs/analytics.py", line 652, in on_member_update
    before_timeout = before.timed_out_until
                     ^^^^^^^^^^^^^^^^^^^^^^
AttributeError: 'Member' object has no attribute 'timed_out_until'
Ignoring exception in on_member_update
Traceback (most recent call last):
  File "/usr/local/lib/python3.12/site-packages/discord/client.py", line 465, in _run_event
    await coro(*args, **kwargs)
  File "/app/asu_discord/cogs/analytics.py", line 652, in on_member_update
    before_timeout = before.timed_out_until
                     ^^^^^^^^^^^^^^^^^^^^^^
AttributeError: 'Member' object has no attribute 'timed_out_until'
Ignoring exception in on_member_update
Traceback (most recent call last):
  File "/usr/local/lib/python3.12/site-packages/discord/client.py", line 465, in _run_event
    await coro(*args, **kwargs)
  File "/app/asu_discord/cogs/analytics.py", line 652, in on_member_update
    before_timeout = before.timed_out_until
                     ^^^^^^^^^^^^^^^^^^^^^^
AttributeError: 'Member' object has no attribute 'timed_out_until'
Ignoring exception in on_member_update
Traceback (most recent call last):
  File "/usr/local/lib/python3.12/site-packages/discord/client.py", line 465, in _run_event
    await coro(*args, **kwargs)
  File "/app/asu_discord/cogs/analytics.py", line 652, in on_member_update
    before_timeout = before.timed_out_until
                     ^^^^^^^^^^^^^^^^^^^^^^
AttributeError: 'Member' object has no attribute 'timed_out_until'
Ignoring exception in on_member_update
Traceback (most recent call last):
  File "/usr/local/lib/python3.12/site-packages/discord/client.py", line 465, in _run_event
    await coro(*args, **kwargs)
  File "/app/asu_discord/cogs/analytics.py", line 652, in on_member_update
    before_timeout = before.timed_out_until
                     ^^^^^^^^^^^^^^^^^^^^^^
AttributeError: 'Member' object has no attribute 'timed_out_until'
Ignoring exception in on_member_update
Traceback (most recent call last):
  File "/usr/local/lib/python3.12/site-packages/discord/client.py", line 465, in _run_event
    await coro(*args, **kwargs)
  File "/app/asu_discord/cogs/analytics.py", line 652, in on_member_update
    before_timeout = before.timed_out_until
                     ^^^^^^^^^^^^^^^^^^^^^^
AttributeError: 'Member' object has no attribute 'timed_out_until'
INFO:asu_discord.cogs.verification:Saved 4 roles to database for user zabdukad (Discord ID: 826675023104180235)
INFO:asu_discord.cogs.verification:Refreshed Salesforce roles for Discord user 826675023104180235: -4/+4 roles, assigned=[Arizona Resident, First Year, Ira A. Fulton Schools of Engineering, Tempe]
Ignoring exception in on_member_update
Traceback (most recent call last):
  File "/usr/local/lib/python3.12/site-packages/discord/client.py", line 465, in _run_event
    await coro(*args, **kwargs)
  File "/app/asu_discord/cogs/analytics.py", line 652, in on_member_update
    before_timeout = before.timed_out_until
                     ^^^^^^^^^^^^^^^^^^^^^^
AttributeError: 'Member' object has no attribute 'timed_out_until'
ERROR:cron.jobs:refresh_salesforce_roles: failed for tgquinla (Discord ID 230457405664788480): Failed to refresh Salesforce-based roles: Discord user 230457405664788480 is not a member of the guild
Ignoring exception in on_member_update
Traceback (most recent call last):
  File "/usr/local/lib/python3.12/site-packages/discord/client.py", line 465, in _run_event
    await coro(*args, **kwargs)
  File "/app/asu_discord/cogs/analytics.py", line 652, in on_member_update
    before_timeout = before.timed_out_until
                     ^^^^^^^^^^^^^^^^^^^^^^
AttributeError: 'Member' object has no attribute 'timed_out_until'
Ignoring exception in on_member_update
Traceback (most recent call last):
  File "/usr/local/lib/python3.12/site-packages/discord/client.py", line 465, in _run_event
    await coro(*args, **kwargs)
  File "/app/asu_discord/cogs/analytics.py", line 652, in on_member_update
    before_timeout = before.timed_out_until
                     ^^^^^^^^^^^^^^^^^^^^^^
AttributeError: 'Member' object has no attribute 'timed_out_until'
Ignoring exception in on_member_update
Traceback (most recent call last):
  File "/usr/local/lib/python3.12/site-packages/discord/client.py", line 465, in _run_event
    await coro(*args, **kwargs)
  File "/app/asu_discord/cogs/analytics.py", line 652, in on_member_update
    before_timeout = before.timed_out_until
                     ^^^^^^^^^^^^^^^^^^^^^^
AttributeError: 'Member' object has no attribute 'timed_out_until'
Ignoring exception in on_member_update
Traceback (most recent call last):
  File "/usr/local/lib/python3.12/site-packages/discord/client.py", line 465, in _run_event
    await coro(*args, **kwargs)
  File "/app/asu_discord/cogs/analytics.py", line 652, in on_member_update
    before_timeout = before.timed_out_until
                     ^^^^^^^^^^^^^^^^^^^^^^
AttributeError: 'Member' object has no attribute 'timed_out_until'
Ignoring exception in on_member_update
Traceback (most recent call last):
  File "/usr/local/lib/python3.12/site-packages/discord/client.py", line 465, in _run_event
    await coro(*args, **kwargs)
  File "/app/asu_discord/cogs/analytics.py", line 652, in on_member_update
    before_timeout = before.timed_out_until
                     ^^^^^^^^^^^^^^^^^^^^^^
AttributeError: 'Member' object has no attribute 'timed_out_until'
Ignoring exception in on_member_update
Traceback (most recent call last):
  File "/usr/local/lib/python3.12/site-packages/discord/client.py", line 465, in _run_event
    await coro(*args, **kwargs)
  File "/app/asu_discord/cogs/analytics.py", line 652, in on_member_update
    before_timeout = before.timed_out_until
                     ^^^^^^^^^^^^^^^^^^^^^^
AttributeError: 'Member' object has no attribute 'timed_out_until'
Ignoring exception in on_member_update
Traceback (most recent call last):
  File "/usr/local/lib/python3.12/site-packages/discord/client.py", line 465, in _run_event
    await coro(*args, **kwargs)
  File "/app/asu_discord/cogs/analytics.py", line 652, in on_member_update
    before_timeout = before.timed_out_until
                     ^^^^^^^^^^^^^^^^^^^^^^
AttributeError: 'Member' object has no attribute 'timed_out_until'
Ignoring exception in on_member_update
Traceback (most recent call last):
  File "/usr/local/lib/python3.12/site-packages/discord/client.py", line 465, in _run_event
    await coro(*args, **kwargs)
  File "/app/asu_discord/cogs/analytics.py", line 652, in on_member_update
    before_timeout = before.timed_out_until
                     ^^^^^^^^^^^^^^^^^^^^^^
AttributeError: 'Member' object has no attribute 'timed_out_until'
Ignoring exception in on_member_update
Traceback (most recent call last):
  File "/usr/local/lib/python3.12/site-packages/discord/client.py", line 465, in _run_event
    await coro(*args, **kwargs)
  File "/app/asu_discord/cogs/analytics.py", line 652, in on_member_update
    before_timeout = before.timed_out_until
                     ^^^^^^^^^^^^^^^^^^^^^^
AttributeError: 'Member' object has no attribute 'timed_out_until'
INFO:asu_discord.cogs.verification:Saved 5 roles to database for user ttngu220 (Discord ID: 1229237258314579979)
INFO:asu_discord.cogs.verification:Refreshed Salesforce roles for Discord user 1229237258314579979: -5/+4 roles, assigned=[Commited, Downtown Phoenix, Edson College of Nursing and Health Innovation, First Year, Out of State]
Ignoring exception in on_member_update
Traceback (most recent call last):
  File "/usr/local/lib/python3.12/site-packages/discord/client.py", line 465, in _run_event
    await coro(*args, **kwargs)
  File "/app/asu_discord/cogs/analytics.py", line 652, in on_member_update
    before_timeout = before.timed_out_until
                     ^^^^^^^^^^^^^^^^^^^^^^
AttributeError: 'Member' object has no attribute 'timed_out_until'
Ignoring exception in on_member_update
Traceback (most recent call last):
  File "/usr/local/lib/python3.12/site-packages/discord/client.py", line 465, in _run_event
    await coro(*args, **kwargs)
  File "/app/asu_discord/cogs/analytics.py", line 652, in on_member_update
    before_timeout = before.timed_out_until
                     ^^^^^^^^^^^^^^^^^^^^^^
AttributeError: 'Member' object has no attribute 'timed_out_until'
Ignoring exception in on_member_update
Traceback (most recent call last):
  File "/usr/local/lib/python3.12/site-packages/discord/client.py", line 465, in _run_event
    await coro(*args, **kwargs)
  File "/app/asu_discord/cogs/analytics.py", line 652, in on_member_update
    before_timeout = before.timed_out_until
                     ^^^^^^^^^^^^^^^^^^^^^^
AttributeError: 'Member' object has no attribute 'timed_out_until'
Ignoring exception in on_member_update
Traceback (most recent call last):
  File "/usr/local/lib/python3.12/site-packages/discord/client.py", line 465, in _run_event
    await coro(*args, **kwargs)
  File "/app/asu_discord/cogs/analytics.py", line 652, in on_member_update
    before_timeout = before.timed_out_until
                     ^^^^^^^^^^^^^^^^^^^^^^
AttributeError: 'Member' object has no attribute 'timed_out_until'
Ignoring exception in on_member_update
Traceback (most recent call last):
  File "/usr/local/lib/python3.12/site-packages/discord/client.py", line 465, in _run_event
    await coro(*args, **kwargs)
  File "/app/asu_discord/cogs/analytics.py", line 652, in on_member_update
    before_timeout = before.timed_out_until
                     ^^^^^^^^^^^^^^^^^^^^^^
AttributeError: 'Member' object has no attribute 'timed_out_until'
Ignoring exception in on_member_update
Traceback (most recent call last):
  File "/usr/local/lib/python3.12/site-packages/discord/client.py", line 465, in _run_event
    await coro(*args, **kwargs)
  File "/app/asu_discord/cogs/analytics.py", line 652, in on_member_update
    before_timeout = before.timed_out_until
                     ^^^^^^^^^^^^^^^^^^^^^^
AttributeError: 'Member' object has no attribute 'timed_out_until'
Ignoring exception in on_member_update
Traceback (most recent call last):
  File "/usr/local/lib/python3.12/site-packages/discord/client.py", line 465, in _run_event
    await coro(*args, **kwargs)
  File "/app/asu_discord/cogs/analytics.py", line 652, in on_member_update
    before_timeout = before.timed_out_until
                     ^^^^^^^^^^^^^^^^^^^^^^
AttributeError: 'Member' object has no attribute 'timed_out_until'
INFO:asu_discord.cogs.verification:Saved 4 roles to database for user lframir3 (Discord ID: 1111445953698857022)
INFO:asu_discord.cogs.verification:Refreshed Salesforce roles for Discord user 1111445953698857022: -4/+3 roles, assigned=[Arizona Resident, First Year, Ira A. Fulton Schools of Engineering, Tempe]
Ignoring exception in on_member_update
Traceback (most recent call last):
  File "/usr/local/lib/python3.12/site-packages/discord/client.py", line 465, in _run_event
    await coro(*args, **kwargs)
  File "/app/asu_discord/cogs/analytics.py", line 652, in on_member_update
    before_timeout = before.timed_out_until
                     ^^^^^^^^^^^^^^^^^^^^^^
AttributeError: 'Member' object has no attribute 'timed_out_until'
Ignoring exception in on_member_update
Traceback (most recent call last):
  File "/usr/local/lib/python3.12/site-packages/discord/client.py", line 465, in _run_event
    await coro(*args, **kwargs)
  File "/app/asu_discord/cogs/analytics.py", line 652, in on_member_update
    before_timeout = before.timed_out_until
                     ^^^^^^^^^^^^^^^^^^^^^^
AttributeError: 'Member' object has no attribute 'timed_out_until'
Ignoring exception in on_member_update
Traceback (most recent call last):
  File "/usr/local/lib/python3.12/site-packages/discord/client.py", line 465, in _run_event
    await coro(*args, **kwargs)
  File "/app/asu_discord/cogs/analytics.py", line 652, in on_member_update
    before_timeout = before.timed_out_until
                     ^^^^^^^^^^^^^^^^^^^^^^
AttributeError: 'Member' object has no attribute 'timed_out_until'
Ignoring exception in on_member_update
Traceback (most recent call last):
  File "/usr/local/lib/python3.12/site-packages/discord/client.py", line 465, in _run_event
    await coro(*args, **kwargs)
  File "/app/asu_discord/cogs/analytics.py", line 652, in on_member_update
    before_timeout = before.timed_out_until
                     ^^^^^^^^^^^^^^^^^^^^^^
AttributeError: 'Member' object has no attribute 'timed_out_until'
Ignoring exception in on_member_update
Traceback (most recent call last):
  File "/usr/local/lib/python3.12/site-packages/discord/client.py", line 465, in _run_event
    await coro(*args, **kwargs)
  File "/app/asu_discord/cogs/analytics.py", line 652, in on_member_update
    before_timeout = before.timed_out_until
                     ^^^^^^^^^^^^^^^^^^^^^^
AttributeError: 'Member' object has no attribute 'timed_out_until'
Ignoring exception in on_member_update
Traceback (most recent call last):
  File "/usr/local/lib/python3.12/site-packages/discord/client.py", line 465, in _run_event
    await coro(*args, **kwargs)
  File "/app/asu_discord/cogs/analytics.py", line 652, in on_member_update
    before_timeout = before.timed_out_until
                     ^^^^^^^^^^^^^^^^^^^^^^
AttributeError: 'Member' object has no attribute 'timed_out_until'
Ignoring exception in on_member_update
Traceback (most recent call last):
  File "/usr/local/lib/python3.12/site-packages/discord/client.py", line 465, in _run_event
    await coro(*args, **kwargs)
  File "/app/asu_discord/cogs/analytics.py", line 652, in on_member_update
    before_timeout = before.timed_out_until
                     ^^^^^^^^^^^^^^^^^^^^^^
AttributeError: 'Member' object has no attribute 'timed_out_until'
Ignoring exception in on_member_update
Traceback (most recent call last):
  File "/usr/local/lib/python3.12/site-packages/discord/client.py", line 465, in _run_event
    await coro(*args, **kwargs)
  File "/app/asu_discord/cogs/analytics.py", line 652, in on_member_update
    before_timeout = before.timed_out_until
                     ^^^^^^^^^^^^^^^^^^^^^^
AttributeError: 'Member' object has no attribute 'timed_out_until'
INFO:asu_discord.cogs.verification:Saved 4 roles to database for user trpada (Discord ID: 1447726728859357257)
INFO:asu_discord.cogs.verification:Refreshed Salesforce roles for Discord user 1447726728859357257: -4/+4 roles, assigned=[Arizona Resident, First Year, Tempe, W.P. Carey School of Business]
Ignoring exception in on_member_update
Traceback (most recent call last):
  File "/usr/local/lib/python3.12/site-packages/discord/client.py", line 465, in _run_event
    await coro(*args, **kwargs)
  File "/app/asu_discord/cogs/analytics.py", line 652, in on_member_update
    before_timeout = before.timed_out_until
                     ^^^^^^^^^^^^^^^^^^^^^^
AttributeError: 'Member' object has no attribute 'timed_out_until'
Ignoring exception in on_member_update
Traceback (most recent call last):
  File "/usr/local/lib/python3.12/site-packages/discord/client.py", line 465, in _run_event
    await coro(*args, **kwargs)
  File "/app/asu_discord/cogs/analytics.py", line 652, in on_member_update
    before_timeout = before.timed_out_until
                     ^^^^^^^^^^^^^^^^^^^^^^
AttributeError: 'Member' object has no attribute 'timed_out_until'
Ignoring exception in on_member_update
Traceback (most recent call last):
  File "/usr/local/lib/python3.12/site-packages/discord/client.py", line 465, in _run_event
    await coro(*args, **kwargs)
  File "/app/asu_discord/cogs/analytics.py", line 652, in on_member_update
    before_timeout = before.timed_out_until
                     ^^^^^^^^^^^^^^^^^^^^^^
AttributeError: 'Member' object has no attribute 'timed_out_until'
Ignoring exception in on_member_update
Traceback (most recent call last):
  File "/usr/local/lib/python3.12/site-packages/discord/client.py", line 465, in _run_event
    await coro(*args, **kwargs)
  File "/app/asu_discord/cogs/analytics.py", line 652, in on_member_update
    before_timeout = before.timed_out_until
                     ^^^^^^^^^^^^^^^^^^^^^^
AttributeError: 'Member' object has no attribute 'timed_out_until'
Ignoring exception in on_member_update
Traceback (most recent call last):
  File "/usr/local/lib/python3.12/site-packages/discord/client.py", line 465, in _run_event
    await coro(*args, **kwargs)
  File "/app/asu_discord/cogs/analytics.py", line 652, in on_member_update
    before_timeout = before.timed_out_until
                     ^^^^^^^^^^^^^^^^^^^^^^
AttributeError: 'Member' object has no attribute 'timed_out_until'
Ignoring exception in on_member_update
Traceback (most recent call last):
  File "/usr/local/lib/python3.12/site-packages/discord/client.py", line 465, in _run_event
    await coro(*args, **kwargs)
  File "/app/asu_discord/cogs/analytics.py", line 652, in on_member_update
    before_timeout = before.timed_out_until
                     ^^^^^^^^^^^^^^^^^^^^^^
AttributeError: 'Member' object has no attribute 'timed_out_until'
Ignoring exception in on_member_update
Traceback (most recent call last):
  File "/usr/local/lib/python3.12/site-packages/discord/client.py", line 465, in _run_event
    await coro(*args, **kwargs)
  File "/app/asu_discord/cogs/analytics.py", line 652, in on_member_update
    before_timeout = before.timed_out_until
                     ^^^^^^^^^^^^^^^^^^^^^^
AttributeError: 'Member' object has no attribute 'timed_out_until'
Ignoring exception in on_member_update
Traceback (most recent call last):
  File "/usr/local/lib/python3.12/site-packages/discord/client.py", line 465, in _run_event
    await coro(*args, **kwargs)
  File "/app/asu_discord/cogs/analytics.py", line 652, in on_member_update
    before_timeout = before.timed_out_until
                     ^^^^^^^^^^^^^^^^^^^^^^
AttributeError: 'Member' object has no attribute 'timed_out_until'
Ignoring exception in on_member_update
Traceback (most recent call last):
  File "/usr/local/lib/python3.12/site-packages/discord/client.py", line 465, in _run_event
    await coro(*args, **kwargs)
  File "/app/asu_discord/cogs/analytics.py", line 652, in on_member_update
    before_timeout = before.timed_out_until
                     ^^^^^^^^^^^^^^^^^^^^^^
AttributeError: 'Member' object has no attribute 'timed_out_until'
Ignoring exception in on_member_update
Traceback (most recent call last):
  File "/usr/local/lib/python3.12/site-packages/discord/client.py", line 465, in _run_event
    await coro(*args, **kwargs)
  File "/app/asu_discord/cogs/analytics.py", line 652, in on_member_update
    before_timeout = before.timed_out_until
                     ^^^^^^^^^^^^^^^^^^^^^^
AttributeError: 'Member' object has no attribute 'timed_out_until'
INFO:asu_discord.cogs.verification:Saved 5 roles to database for user zlbrown4 (Discord ID: 1440028033216942201)
INFO:asu_discord.cogs.verification:Refreshed Salesforce roles for Discord user 1440028033216942201: -5/+5 roles, assigned=[Arizona Resident, Downtown Phoenix, First Generation Student, First Year, Watts College of Public Service and Community Solutions]
ERROR:cron.jobs:refresh_salesforce_roles: failed for dnguy172 (Discord ID 761442774952181782): Failed to refresh Salesforce-based roles: Discord user 761442774952181782 is not a member of the guild
Ignoring exception in on_member_update
Traceback (most recent call last):
  File "/usr/local/lib/python3.12/site-packages/discord/client.py", line 465, in _run_event
    await coro(*args, **kwargs)
  File "/app/asu_discord/cogs/analytics.py", line 652, in on_member_update
    before_timeout = before.timed_out_until
                     ^^^^^^^^^^^^^^^^^^^^^^
AttributeError: 'Member' object has no attribute 'timed_out_until'
Ignoring exception in on_member_update
Traceback (most recent call last):
  File "/usr/local/lib/python3.12/site-packages/discord/client.py", line 465, in _run_event
    await coro(*args, **kwargs)
  File "/app/asu_discord/cogs/analytics.py", line 652, in on_member_update
    before_timeout = before.timed_out_until
                     ^^^^^^^^^^^^^^^^^^^^^^
AttributeError: 'Member' object has no attribute 'timed_out_until'
Ignoring exception in on_member_update
Traceback (most recent call last):
  File "/usr/local/lib/python3.12/site-packages/discord/client.py", line 465, in _run_event
    await coro(*args, **kwargs)
  File "/app/asu_discord/cogs/analytics.py", line 652, in on_member_update
    before_timeout = before.timed_out_until
                     ^^^^^^^^^^^^^^^^^^^^^^
AttributeError: 'Member' object has no attribute 'timed_out_until'
Ignoring exception in on_member_update
Traceback (most recent call last):
  File "/usr/local/lib/python3.12/site-packages/discord/client.py", line 465, in _run_event
    await coro(*args, **kwargs)
  File "/app/asu_discord/cogs/analytics.py", line 652, in on_member_update
    before_timeout = before.timed_out_until
                     ^^^^^^^^^^^^^^^^^^^^^^
AttributeError: 'Member' object has no attribute 'timed_out_until'
Ignoring exception in on_member_update
Traceback (most recent call last):
  File "/usr/local/lib/python3.12/site-packages/discord/client.py", line 465, in _run_event
    await coro(*args, **kwargs)
  File "/app/asu_discord/cogs/analytics.py", line 652, in on_member_update
    before_timeout = before.timed_out_until
                     ^^^^^^^^^^^^^^^^^^^^^^
AttributeError: 'Member' object has no attribute 'timed_out_until'
Ignoring exception in on_member_update
Traceback (most recent call last):
  File "/usr/local/lib/python3.12/site-packages/discord/client.py", line 465, in _run_event
    await coro(*args, **kwargs)
  File "/app/asu_discord/cogs/analytics.py", line 652, in on_member_update
    before_timeout = before.timed_out_until
                     ^^^^^^^^^^^^^^^^^^^^^^
AttributeError: 'Member' object has no attribute 'timed_out_until'
Ignoring exception in on_member_update
Traceback (most recent call last):
  File "/usr/local/lib/python3.12/site-packages/discord/client.py", line 465, in _run_event
    await coro(*args, **kwargs)
  File "/app/asu_discord/cogs/analytics.py", line 652, in on_member_update
    before_timeout = before.timed_out_until
                     ^^^^^^^^^^^^^^^^^^^^^^
AttributeError: 'Member' object has no attribute 'timed_out_until'
Ignoring exception in on_member_update
Traceback (most recent call last):
  File "/usr/local/lib/python3.12/site-packages/discord/client.py", line 465, in _run_event
    await coro(*args, **kwargs)
  File "/app/asu_discord/cogs/analytics.py", line 652, in on_member_update
    before_timeout = before.timed_out_until
                     ^^^^^^^^^^^^^^^^^^^^^^
AttributeError: 'Member' object has no attribute 'timed_out_until'
Ignoring exception in on_member_update
Traceback (most recent call last):
  File "/usr/local/lib/python3.12/site-packages/discord/client.py", line 465, in _run_event
    await coro(*args, **kwargs)
  File "/app/asu_discord/cogs/analytics.py", line 652, in on_member_update
    before_timeout = before.timed_out_until
                     ^^^^^^^^^^^^^^^^^^^^^^
AttributeError: 'Member' object has no attribute 'timed_out_until'
Ignoring exception in on_member_update
Traceback (most recent call last):
  File "/usr/local/lib/python3.12/site-packages/discord/client.py", line 465, in _run_event
    await coro(*args, **kwargs)
  File "/app/asu_discord/cogs/analytics.py", line 652, in on_member_update
    before_timeout = before.timed_out_until
                     ^^^^^^^^^^^^^^^^^^^^^^
AttributeError: 'Member' object has no attribute 'timed_out_until'
INFO:asu_discord.cogs.verification:Saved 5 roles to database for user vpurra (Discord ID: 831592513956610129)
INFO:asu_discord.cogs.verification:Refreshed Salesforce roles for Discord user 831592513956610129: -5/+5 roles, assigned=[Commited, Graduate Student, International Student, Ira A. Fulton Schools of Engineering, Tempe]
Ignoring exception in on_member_update
Traceback (most recent call last):
  File "/usr/local/lib/python3.12/site-packages/discord/client.py", line 465, in _run_event
    await coro(*args, **kwargs)
  File "/app/asu_discord/cogs/analytics.py", line 652, in on_member_update
    before_timeout = before.timed_out_until
                     ^^^^^^^^^^^^^^^^^^^^^^
AttributeError: 'Member' object has no attribute 'timed_out_until'
Ignoring exception in on_member_update
Traceback (most recent call last):
  File "/usr/local/lib/python3.12/site-packages/discord/client.py", line 465, in _run_event
    await coro(*args, **kwargs)
  File "/app/asu_discord/cogs/analytics.py", line 652, in on_member_update
    before_timeout = before.timed_out_until
                     ^^^^^^^^^^^^^^^^^^^^^^
AttributeError: 'Member' object has no attribute 'timed_out_until'
Ignoring exception in on_member_update
Traceback (most recent call last):
  File "/usr/local/lib/python3.12/site-packages/discord/client.py", line 465, in _run_event
    await coro(*args, **kwargs)
  File "/app/asu_discord/cogs/analytics.py", line 652, in on_member_update
    before_timeout = before.timed_out_until
                     ^^^^^^^^^^^^^^^^^^^^^^
AttributeError: 'Member' object has no attribute 'timed_out_until'
Ignoring exception in on_member_update
Traceback (most recent call last):
  File "/usr/local/lib/python3.12/site-packages/discord/client.py", line 465, in _run_event
    await coro(*args, **kwargs)
  File "/app/asu_discord/cogs/analytics.py", line 652, in on_member_update
    before_timeout = before.timed_out_until
                     ^^^^^^^^^^^^^^^^^^^^^^
AttributeError: 'Member' object has no attribute 'timed_out_until'
Ignoring exception in on_member_update
Traceback (most recent call last):
  File "/usr/local/lib/python3.12/site-packages/discord/client.py", line 465, in _run_event
    await coro(*args, **kwargs)
  File "/app/asu_discord/cogs/analytics.py", line 652, in on_member_update
    before_timeout = before.timed_out_until
                     ^^^^^^^^^^^^^^^^^^^^^^
AttributeError: 'Member' object has no attribute 'timed_out_until'
Ignoring exception in on_member_update
Traceback (most recent call last):
  File "/usr/local/lib/python3.12/site-packages/discord/client.py", line 465, in _run_event
    await coro(*args, **kwargs)
  File "/app/asu_discord/cogs/analytics.py", line 652, in on_member_update
    before_timeout = before.timed_out_until
                     ^^^^^^^^^^^^^^^^^^^^^^
AttributeError: 'Member' object has no attribute 'timed_out_until'
Ignoring exception in on_member_update
Traceback (most recent call last):
  File "/usr/local/lib/python3.12/site-packages/discord/client.py", line 465, in _run_event
    await coro(*args, **kwargs)
  File "/app/asu_discord/cogs/analytics.py", line 652, in on_member_update
    before_timeout = before.timed_out_until
                     ^^^^^^^^^^^^^^^^^^^^^^
AttributeError: 'Member' object has no attribute 'timed_out_until'
Ignoring exception in on_member_update
Traceback (most recent call last):
  File "/usr/local/lib/python3.12/site-packages/discord/client.py", line 465, in _run_event
    await coro(*args, **kwargs)
  File "/app/asu_discord/cogs/analytics.py", line 652, in on_member_update
    before_timeout = before.timed_out_until
                     ^^^^^^^^^^^^^^^^^^^^^^
AttributeError: 'Member' object has no attribute 'timed_out_until'
INFO:asu_discord.cogs.verification:Saved 4 roles to database for user sashra23 (Discord ID: 1321174038248292363)
INFO:asu_discord.cogs.verification:Refreshed Salesforce roles for Discord user 1321174038248292363: -4/+4 roles, assigned=[Graduate Student, International Student, Ira A. Fulton Schools of Engineering, Polytechnic]
Ignoring exception in on_member_update
Traceback (most recent call last):
  File "/usr/local/lib/python3.12/site-packages/discord/client.py", line 465, in _run_event
    await coro(*args, **kwargs)
  File "/app/asu_discord/cogs/analytics.py", line 652, in on_member_update
    before_timeout = before.timed_out_until
                     ^^^^^^^^^^^^^^^^^^^^^^
AttributeError: 'Member' object has no attribute 'timed_out_until'
Ignoring exception in on_member_update
Traceback (most recent call last):
  File "/usr/local/lib/python3.12/site-packages/discord/client.py", line 465, in _run_event
    await coro(*args, **kwargs)
  File "/app/asu_discord/cogs/analytics.py", line 652, in on_member_update
    before_timeout = before.timed_out_until
                     ^^^^^^^^^^^^^^^^^^^^^^
AttributeError: 'Member' object has no attribute 'timed_out_until'
Ignoring exception in on_member_update
Traceback (most recent call last):
  File "/usr/local/lib/python3.12/site-packages/discord/client.py", line 465, in _run_event
    await coro(*args, **kwargs)
  File "/app/asu_discord/cogs/analytics.py", line 652, in on_member_update
    before_timeout = before.timed_out_until
                     ^^^^^^^^^^^^^^^^^^^^^^
AttributeError: 'Member' object has no attribute 'timed_out_until'
Ignoring exception in on_member_update
Traceback (most recent call last):
  File "/usr/local/lib/python3.12/site-packages/discord/client.py", line 465, in _run_event
    await coro(*args, **kwargs)
  File "/app/asu_discord/cogs/analytics.py", line 652, in on_member_update
    before_timeout = before.timed_out_until
                     ^^^^^^^^^^^^^^^^^^^^^^
AttributeError: 'Member' object has no attribute 'timed_out_until'
Ignoring exception in on_member_update
Traceback (most recent call last):
  File "/usr/local/lib/python3.12/site-packages/discord/client.py", line 465, in _run_event
    await coro(*args, **kwargs)
  File "/app/asu_discord/cogs/analytics.py", line 652, in on_member_update
    before_timeout = before.timed_out_until
                     ^^^^^^^^^^^^^^^^^^^^^^
AttributeError: 'Member' object has no attribute 'timed_out_until'
Ignoring exception in on_member_update
Traceback (most recent call last):
  File "/usr/local/lib/python3.12/site-packages/discord/client.py", line 465, in _run_event
    await coro(*args, **kwargs)
  File "/app/asu_discord/cogs/analytics.py", line 652, in on_member_update
    before_timeout = before.timed_out_until
                     ^^^^^^^^^^^^^^^^^^^^^^
AttributeError: 'Member' object has no attribute 'timed_out_until'
Ignoring exception in on_member_update
Traceback (most recent call last):
  File "/usr/local/lib/python3.12/site-packages/discord/client.py", line 465, in _run_event
    await coro(*args, **kwargs)
  File "/app/asu_discord/cogs/analytics.py", line 652, in on_member_update
    before_timeout = before.timed_out_until
                     ^^^^^^^^^^^^^^^^^^^^^^
AttributeError: 'Member' object has no attribute 'timed_out_until'
Ignoring exception in on_member_update
Traceback (most recent call last):
  File "/usr/local/lib/python3.12/site-packages/discord/client.py", line 465, in _run_event
    await coro(*args, **kwargs)
  File "/app/asu_discord/cogs/analytics.py", line 652, in on_member_update
    before_timeout = before.timed_out_until
                     ^^^^^^^^^^^^^^^^^^^^^^
AttributeError: 'Member' object has no attribute 'timed_out_until'
Ignoring exception in on_member_update
Traceback (most recent call last):
  File "/usr/local/lib/python3.12/site-packages/discord/client.py", line 465, in _run_event
    await coro(*args, **kwargs)
  File "/app/asu_discord/cogs/analytics.py", line 652, in on_member_update
    before_timeout = before.timed_out_until
                     ^^^^^^^^^^^^^^^^^^^^^^
AttributeError: 'Member' object has no attribute 'timed_out_until'
Ignoring exception in on_member_update
Traceback (most recent call last):
  File "/usr/local/lib/python3.12/site-packages/discord/client.py", line 465, in _run_event
    await coro(*args, **kwargs)
  File "/app/asu_discord/cogs/analytics.py", line 652, in on_member_update
    before_timeout = before.timed_out_until
                     ^^^^^^^^^^^^^^^^^^^^^^
AttributeError: 'Member' object has no attribute 'timed_out_until'
INFO:asu_discord.cogs.verification:Saved 5 roles to database for user abilbre1 (Discord ID: 1466562459187023906)
INFO:asu_discord.cogs.verification:Refreshed Salesforce roles for Discord user 1466562459187023906: -5/+5 roles, assigned=[Commited, First Year, New College of Interdisciplinary Arts and Sciences, Out of State, West Valley]
ERROR:cron.jobs:refresh_salesforce_roles: failed for sahaji12 (Discord ID 1333999971208265750): Failed to refresh Salesforce-based roles: Discord user 1333999971208265750 is not a member of the guild
ERROR:cron.jobs:refresh_salesforce_roles: failed for pmelhorn (Discord ID 345572310486482945): Failed to refresh Salesforce-based roles: Discord user 345572310486482945 is not a member of the guild
Ignoring exception in on_member_update
Traceback (most recent call last):
  File "/usr/local/lib/python3.12/site-packages/discord/client.py", line 465, in _run_event
    await coro(*args, **kwargs)
  File "/app/asu_discord/cogs/analytics.py", line 652, in on_member_update
    before_timeout = before.timed_out_until
                     ^^^^^^^^^^^^^^^^^^^^^^
AttributeError: 'Member' object has no attribute 'timed_out_until'
Ignoring exception in on_member_update
Traceback (most recent call last):
  File "/usr/local/lib/python3.12/site-packages/discord/client.py", line 465, in _run_event
    await coro(*args, **kwargs)
  File "/app/asu_discord/cogs/analytics.py", line 652, in on_member_update
    before_timeout = before.timed_out_until
                     ^^^^^^^^^^^^^^^^^^^^^^
AttributeError: 'Member' object has no attribute 'timed_out_until'
Ignoring exception in on_member_update
Traceback (most recent call last):
  File "/usr/local/lib/python3.12/site-packages/discord/client.py", line 465, in _run_event
    await coro(*args, **kwargs)
  File "/app/asu_discord/cogs/analytics.py", line 652, in on_member_update
    before_timeout = before.timed_out_until
                     ^^^^^^^^^^^^^^^^^^^^^^
AttributeError: 'Member' object has no attribute 'timed_out_until'
Ignoring exception in on_member_update
Traceback (most recent call last):
  File "/usr/local/lib/python3.12/site-packages/discord/client.py", line 465, in _run_event
    await coro(*args, **kwargs)
  File "/app/asu_discord/cogs/analytics.py", line 652, in on_member_update
    before_timeout = before.timed_out_until
                     ^^^^^^^^^^^^^^^^^^^^^^
AttributeError: 'Member' object has no attribute 'timed_out_until'
Ignoring exception in on_member_update
Traceback (most recent call last):
  File "/usr/local/lib/python3.12/site-packages/discord/client.py", line 465, in _run_event
    await coro(*args, **kwargs)
  File "/app/asu_discord/cogs/analytics.py", line 652, in on_member_update
    before_timeout = before.timed_out_until
                     ^^^^^^^^^^^^^^^^^^^^^^
AttributeError: 'Member' object has no attribute 'timed_out_until'
Ignoring exception in on_member_update
Traceback (most recent call last):
  File "/usr/local/lib/python3.12/site-packages/discord/client.py", line 465, in _run_event
    await coro(*args, **kwargs)
  File "/app/asu_discord/cogs/analytics.py", line 652, in on_member_update
    before_timeout = before.timed_out_until
                     ^^^^^^^^^^^^^^^^^^^^^^
AttributeError: 'Member' object has no attribute 'timed_out_until'
Ignoring exception in on_member_update
Traceback (most recent call last):
  File "/usr/local/lib/python3.12/site-packages/discord/client.py", line 465, in _run_event
    await coro(*args, **kwargs)
  File "/app/asu_discord/cogs/analytics.py", line 652, in on_member_update
    before_timeout = before.timed_out_until
                     ^^^^^^^^^^^^^^^^^^^^^^
AttributeError: 'Member' object has no attribute 'timed_out_until'
Ignoring exception in on_member_update
Traceback (most recent call last):
  File "/usr/local/lib/python3.12/site-packages/discord/client.py", line 465, in _run_event
    await coro(*args, **kwargs)
  File "/app/asu_discord/cogs/analytics.py", line 652, in on_member_update
    before_timeout = before.timed_out_until
                     ^^^^^^^^^^^^^^^^^^^^^^
AttributeError: 'Member' object has no attribute 'timed_out_until'
INFO:asu_discord.cogs.verification:Saved 4 roles to database for user frosale6 (Discord ID: 698271430596493433)
INFO:asu_discord.cogs.verification:Refreshed Salesforce roles for Discord user 698271430596493433: -4/+4 roles, assigned=[Arizona Resident, First Year, Ira A. Fulton Schools of Engineering, Tempe]
ERROR:cron.jobs:refresh_salesforce_roles: failed for mayaron (Discord ID 1010450255071936582): Failed to refresh Salesforce-based roles: Discord user 1010450255071936582 is not a member of the guild
Ignoring exception in on_member_update
Traceback (most recent call last):
  File "/usr/local/lib/python3.12/site-packages/discord/client.py", line 465, in _run_event
    await coro(*args, **kwargs)
  File "/app/asu_discord/cogs/analytics.py", line 652, in on_member_update
    before_timeout = before.timed_out_until
                     ^^^^^^^^^^^^^^^^^^^^^^
AttributeError: 'Member' object has no attribute 'timed_out_until'
Ignoring exception in on_member_update
Traceback (most recent call last):
  File "/usr/local/lib/python3.12/site-packages/discord/client.py", line 465, in _run_event
    await coro(*args, **kwargs)
  File "/app/asu_discord/cogs/analytics.py", line 652, in on_member_update
    before_timeout = before.timed_out_until
                     ^^^^^^^^^^^^^^^^^^^^^^
AttributeError: 'Member' object has no attribute 'timed_out_until'
Ignoring exception in on_member_update
Traceback (most recent call last):
  File "/usr/local/lib/python3.12/site-packages/discord/client.py", line 465, in _run_event
    await coro(*args, **kwargs)
  File "/app/asu_discord/cogs/analytics.py", line 652, in on_member_update
    before_timeout = before.timed_out_until
                     ^^^^^^^^^^^^^^^^^^^^^^
AttributeError: 'Member' object has no attribute 'timed_out_until'
Ignoring exception in on_member_update
Traceback (most recent call last):
  File "/usr/local/lib/python3.12/site-packages/discord/client.py", line 465, in _run_event
    await coro(*args, **kwargs)
  File "/app/asu_discord/cogs/analytics.py", line 652, in on_member_update
    before_timeout = before.timed_out_until
                     ^^^^^^^^^^^^^^^^^^^^^^
AttributeError: 'Member' object has no attribute 'timed_out_until'
Ignoring exception in on_member_update
Traceback (most recent call last):
  File "/usr/local/lib/python3.12/site-packages/discord/client.py", line 465, in _run_event
    await coro(*args, **kwargs)
  File "/app/asu_discord/cogs/analytics.py", line 652, in on_member_update
    before_timeout = before.timed_out_until
                     ^^^^^^^^^^^^^^^^^^^^^^
AttributeError: 'Member' object has no attribute 'timed_out_until'
Ignoring exception in on_member_update
Traceback (most recent call last):
  File "/usr/local/lib/python3.12/site-packages/discord/client.py", line 465, in _run_event
    await coro(*args, **kwargs)
  File "/app/asu_discord/cogs/analytics.py", line 652, in on_member_update
    before_timeout = before.timed_out_until
                     ^^^^^^^^^^^^^^^^^^^^^^
AttributeError: 'Member' object has no attribute 'timed_out_until'
Ignoring exception in on_member_update
Traceback (most recent call last):
  File "/usr/local/lib/python3.12/site-packages/discord/client.py", line 465, in _run_event
    await coro(*args, **kwargs)
  File "/app/asu_discord/cogs/analytics.py", line 652, in on_member_update
    before_timeout = before.timed_out_until
                     ^^^^^^^^^^^^^^^^^^^^^^
AttributeError: 'Member' object has no attribute 'timed_out_until'
Ignoring exception in on_member_update
Traceback (most recent call last):
  File "/usr/local/lib/python3.12/site-packages/discord/client.py", line 465, in _run_event
    await coro(*args, **kwargs)
  File "/app/asu_discord/cogs/analytics.py", line 652, in on_member_update
    before_timeout = before.timed_out_until
                     ^^^^^^^^^^^^^^^^^^^^^^
AttributeError: 'Member' object has no attribute 'timed_out_until'
Ignoring exception in on_member_update
Traceback (most recent call last):
  File "/usr/local/lib/python3.12/site-packages/discord/client.py", line 465, in _run_event
    await coro(*args, **kwargs)
  File "/app/asu_discord/cogs/analytics.py", line 652, in on_member_update
    before_timeout = before.timed_out_until
                     ^^^^^^^^^^^^^^^^^^^^^^
AttributeError: 'Member' object has no attribute 'timed_out_until'
INFO:asu_discord.cogs.verification:Saved 5 roles to database for user eslee123 (Discord ID: 971185251235803160)
INFO:asu_discord.cogs.verification:Refreshed Salesforce roles for Discord user 971185251235803160: -4/+5 roles, assigned=[Commited, First Year, Out of State, Tempe, W.P. Carey School of Business]
Ignoring exception in on_member_update
Traceback (most recent call last):
  File "/usr/local/lib/python3.12/site-packages/discord/client.py", line 465, in _run_event
    await coro(*args, **kwargs)
  File "/app/asu_discord/cogs/analytics.py", line 652, in on_member_update
    before_timeout = before.timed_out_until
                     ^^^^^^^^^^^^^^^^^^^^^^
AttributeError: 'Member' object has no attribute 'timed_out_until'
Ignoring exception in on_member_update
Traceback (most recent call last):
  File "/usr/local/lib/python3.12/site-packages/discord/client.py", line 465, in _run_event
    await coro(*args, **kwargs)
  File "/app/asu_discord/cogs/analytics.py", line 652, in on_member_update
    before_timeout = before.timed_out_until
                     ^^^^^^^^^^^^^^^^^^^^^^
AttributeError: 'Member' object has no attribute 'timed_out_until'
Ignoring exception in on_member_update
Traceback (most recent call last):
  File "/usr/local/lib/python3.12/site-packages/discord/client.py", line 465, in _run_event
    await coro(*args, **kwargs)
  File "/app/asu_discord/cogs/analytics.py", line 652, in on_member_update
    before_timeout = before.timed_out_until
                     ^^^^^^^^^^^^^^^^^^^^^^
AttributeError: 'Member' object has no attribute 'timed_out_until'
Ignoring exception in on_member_update
Traceback (most recent call last):
  File "/usr/local/lib/python3.12/site-packages/discord/client.py", line 465, in _run_event
    await coro(*args, **kwargs)
  File "/app/asu_discord/cogs/analytics.py", line 652, in on_member_update
    before_timeout = before.timed_out_until
                     ^^^^^^^^^^^^^^^^^^^^^^
AttributeError: 'Member' object has no attribute 'timed_out_until'
Ignoring exception in on_member_update
Traceback (most recent call last):
  File "/usr/local/lib/python3.12/site-packages/discord/client.py", line 465, in _run_event
    await coro(*args, **kwargs)
  File "/app/asu_discord/cogs/analytics.py", line 652, in on_member_update
    before_timeout = before.timed_out_until
                     ^^^^^^^^^^^^^^^^^^^^^^
AttributeError: 'Member' object has no attribute 'timed_out_until'
Ignoring exception in on_member_update
Traceback (most recent call last):
  File "/usr/local/lib/python3.12/site-packages/discord/client.py", line 465, in _run_event
    await coro(*args, **kwargs)
  File "/app/asu_discord/cogs/analytics.py", line 652, in on_member_update
    before_timeout = before.timed_out_until
                     ^^^^^^^^^^^^^^^^^^^^^^
AttributeError: 'Member' object has no attribute 'timed_out_until'
Ignoring exception in on_member_update
Traceback (most recent call last):
  File "/usr/local/lib/python3.12/site-packages/discord/client.py", line 465, in _run_event
    await coro(*args, **kwargs)
  File "/app/asu_discord/cogs/analytics.py", line 652, in on_member_update
    before_timeout = before.timed_out_until
                     ^^^^^^^^^^^^^^^^^^^^^^
AttributeError: 'Member' object has no attribute 'timed_out_until'
Ignoring exception in on_member_update
Traceback (most recent call last):
  File "/usr/local/lib/python3.12/site-packages/discord/client.py", line 465, in _run_event
    await coro(*args, **kwargs)
  File "/app/asu_discord/cogs/analytics.py", line 652, in on_member_update
    before_timeout = before.timed_out_until
                     ^^^^^^^^^^^^^^^^^^^^^^
AttributeError: 'Member' object has no attribute 'timed_out_until'
INFO:asu_discord.cogs.verification:Saved 4 roles to database for user ekheatan (Discord ID: 742577173071921223)
INFO:asu_discord.cogs.verification:Refreshed Salesforce roles for Discord user 742577173071921223: -4/+4 roles, assigned=[First Year, International Student, Tempe, W.P. Carey School of Business]
Ignoring exception in on_member_update
Traceback (most recent call last):
  File "/usr/local/lib/python3.12/site-packages/discord/client.py", line 465, in _run_event
    await coro(*args, **kwargs)
  File "/app/asu_discord/cogs/analytics.py", line 652, in on_member_update
    before_timeout = before.timed_out_until
                     ^^^^^^^^^^^^^^^^^^^^^^
AttributeError: 'Member' object has no attribute 'timed_out_until'
Ignoring exception in on_member_update
Traceback (most recent call last):
  File "/usr/local/lib/python3.12/site-packages/discord/client.py", line 465, in _run_event
    await coro(*args, **kwargs)
  File "/app/asu_discord/cogs/analytics.py", line 652, in on_member_update
    before_timeout = before.timed_out_until
                     ^^^^^^^^^^^^^^^^^^^^^^
AttributeError: 'Member' object has no attribute 'timed_out_until'
Ignoring exception in on_member_update
Traceback (most recent call last):
  File "/usr/local/lib/python3.12/site-packages/discord/client.py", line 465, in _run_event
    await coro(*args, **kwargs)
  File "/app/asu_discord/cogs/analytics.py", line 652, in on_member_update
    before_timeout = before.timed_out_until
                     ^^^^^^^^^^^^^^^^^^^^^^
AttributeError: 'Member' object has no attribute 'timed_out_until'
Ignoring exception in on_member_update
Traceback (most recent call last):
  File "/usr/local/lib/python3.12/site-packages/discord/client.py", line 465, in _run_event
    await coro(*args, **kwargs)
  File "/app/asu_discord/cogs/analytics.py", line 652, in on_member_update
    before_timeout = before.timed_out_until
                     ^^^^^^^^^^^^^^^^^^^^^^
AttributeError: 'Member' object has no attribute 'timed_out_until'
Ignoring exception in on_member_update
Traceback (most recent call last):
  File "/usr/local/lib/python3.12/site-packages/discord/client.py", line 465, in _run_event
    await coro(*args, **kwargs)
  File "/app/asu_discord/cogs/analytics.py", line 652, in on_member_update
    before_timeout = before.timed_out_until
                     ^^^^^^^^^^^^^^^^^^^^^^
AttributeError: 'Member' object has no attribute 'timed_out_until'
Ignoring exception in on_member_update
Traceback (most recent call last):
  File "/usr/local/lib/python3.12/site-packages/discord/client.py", line 465, in _run_event
    await coro(*args, **kwargs)
  File "/app/asu_discord/cogs/analytics.py", line 652, in on_member_update
    before_timeout = before.timed_out_until
                     ^^^^^^^^^^^^^^^^^^^^^^
AttributeError: 'Member' object has no attribute 'timed_out_until'
Ignoring exception in on_member_update
Traceback (most recent call last):
  File "/usr/local/lib/python3.12/site-packages/discord/client.py", line 465, in _run_event
    await coro(*args, **kwargs)
  File "/app/asu_discord/cogs/analytics.py", line 652, in on_member_update
    before_timeout = before.timed_out_until
                     ^^^^^^^^^^^^^^^^^^^^^^
AttributeError: 'Member' object has no attribute 'timed_out_until'
Ignoring exception in on_member_update
Traceback (most recent call last):
  File "/usr/local/lib/python3.12/site-packages/discord/client.py", line 465, in _run_event
    await coro(*args, **kwargs)
  File "/app/asu_discord/cogs/analytics.py", line 652, in on_member_update
    before_timeout = before.timed_out_until
                     ^^^^^^^^^^^^^^^^^^^^^^
AttributeError: 'Member' object has no attribute 'timed_out_until'
Ignoring exception in on_member_update
Traceback (most recent call last):
  File "/usr/local/lib/python3.12/site-packages/discord/client.py", line 465, in _run_event
    await coro(*args, **kwargs)
  File "/app/asu_discord/cogs/analytics.py", line 652, in on_member_update
    before_timeout = before.timed_out_until
                     ^^^^^^^^^^^^^^^^^^^^^^
AttributeError: 'Member' object has no attribute 'timed_out_until'
Ignoring exception in on_member_update
Traceback (most recent call last):
  File "/usr/local/lib/python3.12/site-packages/discord/client.py", line 465, in _run_event
    await coro(*args, **kwargs)
  File "/app/asu_discord/cogs/analytics.py", line 652, in on_member_update
    before_timeout = before.timed_out_until
                     ^^^^^^^^^^^^^^^^^^^^^^
AttributeError: 'Member' object has no attribute 'timed_out_until'
INFO:asu_discord.cogs.verification:Saved 5 roles to database for user ehern278 (Discord ID: 1473249724948549824)
INFO:asu_discord.cogs.verification:Refreshed Salesforce roles for Discord user 1473249724948549824: -5/+5 roles, assigned=[Arizona Resident, First Generation Student, First Year, Ira A. Fulton Schools of Engineering, Tempe]
Ignoring exception in on_member_update
Traceback (most recent call last):
  File "/usr/local/lib/python3.12/site-packages/discord/client.py", line 465, in _run_event
    await coro(*args, **kwargs)
  File "/app/asu_discord/cogs/analytics.py", line 652, in on_member_update
    before_timeout = before.timed_out_until
                     ^^^^^^^^^^^^^^^^^^^^^^
AttributeError: 'Member' object has no attribute 'timed_out_until'
Ignoring exception in on_member_update
Traceback (most recent call last):
  File "/usr/local/lib/python3.12/site-packages/discord/client.py", line 465, in _run_event
    await coro(*args, **kwargs)
  File "/app/asu_discord/cogs/analytics.py", line 652, in on_member_update
    before_timeout = before.timed_out_until
                     ^^^^^^^^^^^^^^^^^^^^^^
AttributeError: 'Member' object has no attribute 'timed_out_until'
Ignoring exception in on_member_update
Traceback (most recent call last):
  File "/usr/local/lib/python3.12/site-packages/discord/client.py", line 465, in _run_event
    await coro(*args, **kwargs)
  File "/app/asu_discord/cogs/analytics.py", line 652, in on_member_update
    before_timeout = before.timed_out_until
                     ^^^^^^^^^^^^^^^^^^^^^^
AttributeError: 'Member' object has no attribute 'timed_out_until'
Ignoring exception in on_member_update
Traceback (most recent call last):
  File "/usr/local/lib/python3.12/site-packages/discord/client.py", line 465, in _run_event
    await coro(*args, **kwargs)
  File "/app/asu_discord/cogs/analytics.py", line 652, in on_member_update
    before_timeout = before.timed_out_until
                     ^^^^^^^^^^^^^^^^^^^^^^
AttributeError: 'Member' object has no attribute 'timed_out_until'
Ignoring exception in on_member_update
Traceback (most recent call last):
  File "/usr/local/lib/python3.12/site-packages/discord/client.py", line 465, in _run_event
    await coro(*args, **kwargs)
  File "/app/asu_discord/cogs/analytics.py", line 652, in on_member_update
    before_timeout = before.timed_out_until
                     ^^^^^^^^^^^^^^^^^^^^^^
AttributeError: 'Member' object has no attribute 'timed_out_until'
Ignoring exception in on_member_update
Traceback (most recent call last):
  File "/usr/local/lib/python3.12/site-packages/discord/client.py", line 465, in _run_event
    await coro(*args, **kwargs)
  File "/app/asu_discord/cogs/analytics.py", line 652, in on_member_update
    before_timeout = before.timed_out_until
                     ^^^^^^^^^^^^^^^^^^^^^^
AttributeError: 'Member' object has no attribute 'timed_out_until'
Ignoring exception in on_member_update
Traceback (most recent call last):
  File "/usr/local/lib/python3.12/site-packages/discord/client.py", line 465, in _run_event
    await coro(*args, **kwargs)
  File "/app/asu_discord/cogs/analytics.py", line 652, in on_member_update
    before_timeout = before.timed_out_until
                     ^^^^^^^^^^^^^^^^^^^^^^
AttributeError: 'Member' object has no attribute 'timed_out_until'
Ignoring exception in on_member_update
Traceback (most recent call last):
  File "/usr/local/lib/python3.12/site-packages/discord/client.py", line 465, in _run_event
    await coro(*args, **kwargs)
  File "/app/asu_discord/cogs/analytics.py", line 652, in on_member_update
    before_timeout = before.timed_out_until
                     ^^^^^^^^^^^^^^^^^^^^^^
AttributeError: 'Member' object has no attribute 'timed_out_until'
Ignoring exception in on_member_update
Traceback (most recent call last):
  File "/usr/local/lib/python3.12/site-packages/discord/client.py", line 465, in _run_event
    await coro(*args, **kwargs)
  File "/app/asu_discord/cogs/analytics.py", line 652, in on_member_update
    before_timeout = before.timed_out_until
                     ^^^^^^^^^^^^^^^^^^^^^^
AttributeError: 'Member' object has no attribute 'timed_out_until'
INFO:asu_discord.cogs.verification:Saved 5 roles to database for user ppace12 (Discord ID: 1207141885697728575)
INFO:asu_discord.cogs.verification:Refreshed Salesforce roles for Discord user 1207141885697728575: -4/+5 roles, assigned=[Commited, First Year, Out of State, Tempe, W.P. Carey School of Business]
Ignoring exception in on_member_update
Traceback (most recent call last):
  File "/usr/local/lib/python3.12/site-packages/discord/client.py", line 465, in _run_event
    await coro(*args, **kwargs)
  File "/app/asu_discord/cogs/analytics.py", line 652, in on_member_update
    before_timeout = before.timed_out_until
                     ^^^^^^^^^^^^^^^^^^^^^^
AttributeError: 'Member' object has no attribute 'timed_out_until'
Ignoring exception in on_member_update
Traceback (most recent call last):
  File "/usr/local/lib/python3.12/site-packages/discord/client.py", line 465, in _run_event
    await coro(*args, **kwargs)
  File "/app/asu_discord/cogs/analytics.py", line 652, in on_member_update
    before_timeout = before.timed_out_until
                     ^^^^^^^^^^^^^^^^^^^^^^
AttributeError: 'Member' object has no attribute 'timed_out_until'
Ignoring exception in on_member_update
Traceback (most recent call last):
  File "/usr/local/lib/python3.12/site-packages/discord/client.py", line 465, in _run_event
    await coro(*args, **kwargs)
  File "/app/asu_discord/cogs/analytics.py", line 652, in on_member_update
    before_timeout = before.timed_out_until
                     ^^^^^^^^^^^^^^^^^^^^^^
AttributeError: 'Member' object has no attribute 'timed_out_until'
Ignoring exception in on_member_update
Traceback (most recent call last):
  File "/usr/local/lib/python3.12/site-packages/discord/client.py", line 465, in _run_event
    await coro(*args, **kwargs)
  File "/app/asu_discord/cogs/analytics.py", line 652, in on_member_update
    before_timeout = before.timed_out_until
                     ^^^^^^^^^^^^^^^^^^^^^^
AttributeError: 'Member' object has no attribute 'timed_out_until'
Ignoring exception in on_member_update
Traceback (most recent call last):
  File "/usr/local/lib/python3.12/site-packages/discord/client.py", line 465, in _run_event
    await coro(*args, **kwargs)
  File "/app/asu_discord/cogs/analytics.py", line 652, in on_member_update
    before_timeout = before.timed_out_until
                     ^^^^^^^^^^^^^^^^^^^^^^
AttributeError: 'Member' object has no attribute 'timed_out_until'
Ignoring exception in on_member_update
Traceback (most recent call last):
  File "/usr/local/lib/python3.12/site-packages/discord/client.py", line 465, in _run_event
    await coro(*args, **kwargs)
  File "/app/asu_discord/cogs/analytics.py", line 652, in on_member_update
    before_timeout = before.timed_out_until
                     ^^^^^^^^^^^^^^^^^^^^^^
AttributeError: 'Member' object has no attribute 'timed_out_until'
Ignoring exception in on_member_update
Traceback (most recent call last):
  File "/usr/local/lib/python3.12/site-packages/discord/client.py", line 465, in _run_event
    await coro(*args, **kwargs)
  File "/app/asu_discord/cogs/analytics.py", line 652, in on_member_update
    before_timeout = before.timed_out_until
                     ^^^^^^^^^^^^^^^^^^^^^^
AttributeError: 'Member' object has no attribute 'timed_out_until'
Ignoring exception in on_member_update
Traceback (most recent call last):
  File "/usr/local/lib/python3.12/site-packages/discord/client.py", line 465, in _run_event
    await coro(*args, **kwargs)
  File "/app/asu_discord/cogs/analytics.py", line 652, in on_member_update
    before_timeout = before.timed_out_until
                     ^^^^^^^^^^^^^^^^^^^^^^
AttributeError: 'Member' object has no attribute 'timed_out_until'
Ignoring exception in on_member_update
Traceback (most recent call last):
  File "/usr/local/lib/python3.12/site-packages/discord/client.py", line 465, in _run_event
    await coro(*args, **kwargs)
  File "/app/asu_discord/cogs/analytics.py", line 652, in on_member_update
    before_timeout = before.timed_out_until
                     ^^^^^^^^^^^^^^^^^^^^^^
AttributeError: 'Member' object has no attribute 'timed_out_until'
Ignoring exception in on_member_update
Traceback (most recent call last):
  File "/usr/local/lib/python3.12/site-packages/discord/client.py", line 465, in _run_event
    await coro(*args, **kwargs)
  File "/app/asu_discord/cogs/analytics.py", line 652, in on_member_update
    before_timeout = before.timed_out_until
                     ^^^^^^^^^^^^^^^^^^^^^^
AttributeError: 'Member' object has no attribute 'timed_out_until'
Ignoring exception in on_member_update
Traceback (most recent call last):
  File "/usr/local/lib/python3.12/site-packages/discord/client.py", line 465, in _run_event
    await coro(*args, **kwargs)
  File "/app/asu_discord/cogs/analytics.py", line 652, in on_member_update
    before_timeout = before.timed_out_until
                     ^^^^^^^^^^^^^^^^^^^^^^
AttributeError: 'Member' object has no attribute 'timed_out_until'
Ignoring exception in on_member_update
Traceback (most recent call last):
  File "/usr/local/lib/python3.12/site-packages/discord/client.py", line 465, in _run_event
    await coro(*args, **kwargs)
  File "/app/asu_discord/cogs/analytics.py", line 652, in on_member_update
    before_timeout = before.timed_out_until
                     ^^^^^^^^^^^^^^^^^^^^^^
AttributeError: 'Member' object has no attribute 'timed_out_until'
INFO:asu_discord.cogs.verification:Saved 6 roles to database for user rpblakel (Discord ID: 681359781331468365)
INFO:asu_discord.cogs.verification:Refreshed Salesforce roles for Discord user 681359781331468365: -6/+6 roles, assigned=[Arizona Resident, Commited, First Generation Student, Ira A. Fulton Schools of Engineering, Tempe, Transfer Student]
ERROR:cron.jobs:refresh_salesforce_roles: failed for rjgilli2 (Discord ID 808098761183199312): Failed to refresh Salesforce-based roles: Discord user 808098761183199312 is not a member of the guild
ERROR:cron.jobs:refresh_salesforce_roles: failed for imarube (Discord ID 1382783371469520959): Failed to refresh Salesforce-based roles: Discord user 1382783371469520959 is not a member of the guild
Ignoring exception in on_member_update
Traceback (most recent call last):
  File "/usr/local/lib/python3.12/site-packages/discord/client.py", line 465, in _run_event
    await coro(*args, **kwargs)
  File "/app/asu_discord/cogs/analytics.py", line 652, in on_member_update
    before_timeout = before.timed_out_until
                     ^^^^^^^^^^^^^^^^^^^^^^
AttributeError: 'Member' object has no attribute 'timed_out_until'
Ignoring exception in on_member_update
Traceback (most recent call last):
  File "/usr/local/lib/python3.12/site-packages/discord/client.py", line 465, in _run_event
    await coro(*args, **kwargs)
  File "/app/asu_discord/cogs/analytics.py", line 652, in on_member_update
    before_timeout = before.timed_out_until
                     ^^^^^^^^^^^^^^^^^^^^^^
AttributeError: 'Member' object has no attribute 'timed_out_until'
Ignoring exception in on_member_update
Traceback (most recent call last):
  File "/usr/local/lib/python3.12/site-packages/discord/client.py", line 465, in _run_event
    await coro(*args, **kwargs)
  File "/app/asu_discord/cogs/analytics.py", line 652, in on_member_update
    before_timeout = before.timed_out_until
                     ^^^^^^^^^^^^^^^^^^^^^^
AttributeError: 'Member' object has no attribute 'timed_out_until'
Ignoring exception in on_member_update
Traceback (most recent call last):
  File "/usr/local/lib/python3.12/site-packages/discord/client.py", line 465, in _run_event
    await coro(*args, **kwargs)
  File "/app/asu_discord/cogs/analytics.py", line 652, in on_member_update
    before_timeout = before.timed_out_until
                     ^^^^^^^^^^^^^^^^^^^^^^
AttributeError: 'Member' object has no attribute 'timed_out_until'
Ignoring exception in on_member_update
Traceback (most recent call last):
  File "/usr/local/lib/python3.12/site-packages/discord/client.py", line 465, in _run_event
    await coro(*args, **kwargs)
  File "/app/asu_discord/cogs/analytics.py", line 652, in on_member_update
    before_timeout = before.timed_out_until
                     ^^^^^^^^^^^^^^^^^^^^^^
AttributeError: 'Member' object has no attribute 'timed_out_until'
Ignoring exception in on_member_update
Traceback (most recent call last):
  File "/usr/local/lib/python3.12/site-packages/discord/client.py", line 465, in _run_event
    await coro(*args, **kwargs)
  File "/app/asu_discord/cogs/analytics.py", line 652, in on_member_update
    before_timeout = before.timed_out_until
                     ^^^^^^^^^^^^^^^^^^^^^^
AttributeError: 'Member' object has no attribute 'timed_out_until'
Ignoring exception in on_member_update
Traceback (most recent call last):
  File "/usr/local/lib/python3.12/site-packages/discord/client.py", line 465, in _run_event
    await coro(*args, **kwargs)
  File "/app/asu_discord/cogs/analytics.py", line 652, in on_member_update
    before_timeout = before.timed_out_until
                     ^^^^^^^^^^^^^^^^^^^^^^
AttributeError: 'Member' object has no attribute 'timed_out_until'
Ignoring exception in on_member_update
Traceback (most recent call last):
  File "/usr/local/lib/python3.12/site-packages/discord/client.py", line 465, in _run_event
    await coro(*args, **kwargs)
  File "/app/asu_discord/cogs/analytics.py", line 652, in on_member_update
    before_timeout = before.timed_out_until
                     ^^^^^^^^^^^^^^^^^^^^^^
AttributeError: 'Member' object has no attribute 'timed_out_until'
Ignoring exception in on_member_update
Traceback (most recent call last):
  File "/usr/local/lib/python3.12/site-packages/discord/client.py", line 465, in _run_event
    await coro(*args, **kwargs)
  File "/app/asu_discord/cogs/analytics.py", line 652, in on_member_update
    before_timeout = before.timed_out_until
                     ^^^^^^^^^^^^^^^^^^^^^^
AttributeError: 'Member' object has no attribute 'timed_out_until'
Ignoring exception in on_member_update
Traceback (most recent call last):
  File "/usr/local/lib/python3.12/site-packages/discord/client.py", line 465, in _run_event
    await coro(*args, **kwargs)
  File "/app/asu_discord/cogs/analytics.py", line 652, in on_member_update
    before_timeout = before.timed_out_until
                     ^^^^^^^^^^^^^^^^^^^^^^
AttributeError: 'Member' object has no attribute 'timed_out_until'
INFO:asu_discord.cogs.verification:Saved 6 roles to database for user ljoot (Discord ID: 760553294878867456)
INFO:asu_discord.cogs.verification:Refreshed Salesforce roles for Discord user 760553294878867456: -4/+6 roles, assigned=[Arizona Resident, College of Liberal Arts and Sciences, Commited, First Generation Student, First Year, Tempe]
ERROR:cron.jobs:refresh_salesforce_roles: failed for siramir6 (Discord ID 745120340354662452): Failed to refresh Salesforce-based roles: Discord user 745120340354662452 is not a member of the guild
INFO:asu_discord.cogs.verification:Refreshed Salesforce roles for Discord user 432076150294970380: -0/+0 roles, assigned=[none]
Ignoring exception in on_member_update
Traceback (most recent call last):
  File "/usr/local/lib/python3.12/site-packages/discord/client.py", line 465, in _run_event
    await coro(*args, **kwargs)
  File "/app/asu_discord/cogs/analytics.py", line 652, in on_member_update
    before_timeout = before.timed_out_until
                     ^^^^^^^^^^^^^^^^^^^^^^
AttributeError: 'Member' object has no attribute 'timed_out_until'
Ignoring exception in on_member_update
Traceback (most recent call last):
  File "/usr/local/lib/python3.12/site-packages/discord/client.py", line 465, in _run_event
    await coro(*args, **kwargs)
  File "/app/asu_discord/cogs/analytics.py", line 652, in on_member_update
    before_timeout = before.timed_out_until
                     ^^^^^^^^^^^^^^^^^^^^^^
AttributeError: 'Member' object has no attribute 'timed_out_until'
Ignoring exception in on_member_update
Traceback (most recent call last):
  File "/usr/local/lib/python3.12/site-packages/discord/client.py", line 465, in _run_event
    await coro(*args, **kwargs)
  File "/app/asu_discord/cogs/analytics.py", line 652, in on_member_update
    before_timeout = before.timed_out_until
                     ^^^^^^^^^^^^^^^^^^^^^^
AttributeError: 'Member' object has no attribute 'timed_out_until'
Ignoring exception in on_member_update
Traceback (most recent call last):
  File "/usr/local/lib/python3.12/site-packages/discord/client.py", line 465, in _run_event
    await coro(*args, **kwargs)
  File "/app/asu_discord/cogs/analytics.py", line 652, in on_member_update
    before_timeout = before.timed_out_until
                     ^^^^^^^^^^^^^^^^^^^^^^
AttributeError: 'Member' object has no attribute 'timed_out_until'
Ignoring exception in on_member_update
Traceback (most recent call last):
  File "/usr/local/lib/python3.12/site-packages/discord/client.py", line 465, in _run_event
    await coro(*args, **kwargs)
  File "/app/asu_discord/cogs/analytics.py", line 652, in on_member_update
    before_timeout = before.timed_out_until
                     ^^^^^^^^^^^^^^^^^^^^^^
AttributeError: 'Member' object has no attribute 'timed_out_until'
Ignoring exception in on_member_update
Traceback (most recent call last):
  File "/usr/local/lib/python3.12/site-packages/discord/client.py", line 465, in _run_event
    await coro(*args, **kwargs)
  File "/app/asu_discord/cogs/analytics.py", line 652, in on_member_update
    before_timeout = before.timed_out_until
                     ^^^^^^^^^^^^^^^^^^^^^^
AttributeError: 'Member' object has no attribute 'timed_out_until'
Ignoring exception in on_member_update
Traceback (most recent call last):
  File "/usr/local/lib/python3.12/site-packages/discord/client.py", line 465, in _run_event
    await coro(*args, **kwargs)
  File "/app/asu_discord/cogs/analytics.py", line 652, in on_member_update
    before_timeout = before.timed_out_until
                     ^^^^^^^^^^^^^^^^^^^^^^
AttributeError: 'Member' object has no attribute 'timed_out_until'
Ignoring exception in on_member_update
Traceback (most recent call last):
  File "/usr/local/lib/python3.12/site-packages/discord/client.py", line 465, in _run_event
    await coro(*args, **kwargs)
  File "/app/asu_discord/cogs/analytics.py", line 652, in on_member_update
    before_timeout = before.timed_out_until
                     ^^^^^^^^^^^^^^^^^^^^^^
AttributeError: 'Member' object has no attribute 'timed_out_until'
Ignoring exception in on_member_update
Traceback (most recent call last):
  File "/usr/local/lib/python3.12/site-packages/discord/client.py", line 465, in _run_event
    await coro(*args, **kwargs)
  File "/app/asu_discord/cogs/analytics.py", line 652, in on_member_update
    before_timeout = before.timed_out_until
                     ^^^^^^^^^^^^^^^^^^^^^^
AttributeError: 'Member' object has no attribute 'timed_out_until'
Ignoring exception in on_member_update
Traceback (most recent call last):
  File "/usr/local/lib/python3.12/site-packages/discord/client.py", line 465, in _run_event
    await coro(*args, **kwargs)
  File "/app/asu_discord/cogs/analytics.py", line 652, in on_member_update
    before_timeout = before.timed_out_until
                     ^^^^^^^^^^^^^^^^^^^^^^
AttributeError: 'Member' object has no attribute 'timed_out_until'
INFO:asu_discord.cogs.verification:Saved 5 roles to database for user phuayhon (Discord ID: 1326931514897989777)
INFO:asu_discord.cogs.verification:Refreshed Salesforce roles for Discord user 1326931514897989777: -5/+5 roles, assigned=[Commited, First Year, International Student, Tempe, W.P. Carey School of Business]
Ignoring exception in on_member_update
Traceback (most recent call last):
  File "/usr/local/lib/python3.12/site-packages/discord/client.py", line 465, in _run_event
    await coro(*args, **kwargs)
  File "/app/asu_discord/cogs/analytics.py", line 652, in on_member_update
    before_timeout = before.timed_out_until
                     ^^^^^^^^^^^^^^^^^^^^^^
AttributeError: 'Member' object has no attribute 'timed_out_until'
Ignoring exception in on_member_update
Traceback (most recent call last):
  File "/usr/local/lib/python3.12/site-packages/discord/client.py", line 465, in _run_event
    await coro(*args, **kwargs)
  File "/app/asu_discord/cogs/analytics.py", line 652, in on_member_update
    before_timeout = before.timed_out_until
                     ^^^^^^^^^^^^^^^^^^^^^^
AttributeError: 'Member' object has no attribute 'timed_out_until'
Ignoring exception in on_member_update
Traceback (most recent call last):
  File "/usr/local/lib/python3.12/site-packages/discord/client.py", line 465, in _run_event
    await coro(*args, **kwargs)
  File "/app/asu_discord/cogs/analytics.py", line 652, in on_member_update
    before_timeout = before.timed_out_until
                     ^^^^^^^^^^^^^^^^^^^^^^
AttributeError: 'Member' object has no attribute 'timed_out_until'
Ignoring exception in on_member_update
Traceback (most recent call last):
  File "/usr/local/lib/python3.12/site-packages/discord/client.py", line 465, in _run_event
    await coro(*args, **kwargs)
  File "/app/asu_discord/cogs/analytics.py", line 652, in on_member_update
    before_timeout = before.timed_out_until
                     ^^^^^^^^^^^^^^^^^^^^^^
AttributeError: 'Member' object has no attribute 'timed_out_until'
Ignoring exception in on_member_update
Traceback (most recent call last):
  File "/usr/local/lib/python3.12/site-packages/discord/client.py", line 465, in _run_event
    await coro(*args, **kwargs)
  File "/app/asu_discord/cogs/analytics.py", line 652, in on_member_update
    before_timeout = before.timed_out_until
                     ^^^^^^^^^^^^^^^^^^^^^^
AttributeError: 'Member' object has no attribute 'timed_out_until'
Ignoring exception in on_member_update
Traceback (most recent call last):
  File "/usr/local/lib/python3.12/site-packages/discord/client.py", line 465, in _run_event
    await coro(*args, **kwargs)
  File "/app/asu_discord/cogs/analytics.py", line 652, in on_member_update
    before_timeout = before.timed_out_until
                     ^^^^^^^^^^^^^^^^^^^^^^
AttributeError: 'Member' object has no attribute 'timed_out_until'
Ignoring exception in on_member_update
Traceback (most recent call last):
  File "/usr/local/lib/python3.12/site-packages/discord/client.py", line 465, in _run_event
    await coro(*args, **kwargs)
  File "/app/asu_discord/cogs/analytics.py", line 652, in on_member_update
    before_timeout = before.timed_out_until
                     ^^^^^^^^^^^^^^^^^^^^^^
AttributeError: 'Member' object has no attribute 'timed_out_until'
Ignoring exception in on_member_update
Traceback (most recent call last):
  File "/usr/local/lib/python3.12/site-packages/discord/client.py", line 465, in _run_event
    await coro(*args, **kwargs)
  File "/app/asu_discord/cogs/analytics.py", line 652, in on_member_update
    before_timeout = before.timed_out_until
                     ^^^^^^^^^^^^^^^^^^^^^^
AttributeError: 'Member' object has no attribute 'timed_out_until'
Ignoring exception in on_member_update
Traceback (most recent call last):
  File "/usr/local/lib/python3.12/site-packages/discord/client.py", line 465, in _run_event
    await coro(*args, **kwargs)
  File "/app/asu_discord/cogs/analytics.py", line 652, in on_member_update
    before_timeout = before.timed_out_until
                     ^^^^^^^^^^^^^^^^^^^^^^
AttributeError: 'Member' object has no attribute 'timed_out_until'
Ignoring exception in on_member_update
Traceback (most recent call last):
  File "/usr/local/lib/python3.12/site-packages/discord/client.py", line 465, in _run_event
    await coro(*args, **kwargs)
  File "/app/asu_discord/cogs/analytics.py", line 652, in on_member_update
    before_timeout = before.timed_out_until
                     ^^^^^^^^^^^^^^^^^^^^^^
AttributeError: 'Member' object has no attribute 'timed_out_until'
INFO:asu_discord.cogs.verification:Saved 5 roles to database for user dkamaliy (Discord ID: 1473552745834479793)
INFO:asu_discord.cogs.verification:Refreshed Salesforce roles for Discord user 1473552745834479793: -5/+5 roles, assigned=[Commited, Graduate Student, International Student, Ira A. Fulton Schools of Engineering, Polytechnic]
Ignoring exception in on_member_update
Traceback (most recent call last):
  File "/usr/local/lib/python3.12/site-packages/discord/client.py", line 465, in _run_event
    await coro(*args, **kwargs)
  File "/app/asu_discord/cogs/analytics.py", line 652, in on_member_update
    before_timeout = before.timed_out_until
                     ^^^^^^^^^^^^^^^^^^^^^^
AttributeError: 'Member' object has no attribute 'timed_out_until'
Ignoring exception in on_member_update
Traceback (most recent call last):
  File "/usr/local/lib/python3.12/site-packages/discord/client.py", line 465, in _run_event
    await coro(*args, **kwargs)
  File "/app/asu_discord/cogs/analytics.py", line 652, in on_member_update
    before_timeout = before.timed_out_until
                     ^^^^^^^^^^^^^^^^^^^^^^
AttributeError: 'Member' object has no attribute 'timed_out_until'
Ignoring exception in on_member_update
Traceback (most recent call last):
  File "/usr/local/lib/python3.12/site-packages/discord/client.py", line 465, in _run_event
    await coro(*args, **kwargs)
  File "/app/asu_discord/cogs/analytics.py", line 652, in on_member_update
    before_timeout = before.timed_out_until
                     ^^^^^^^^^^^^^^^^^^^^^^
AttributeError: 'Member' object has no attribute 'timed_out_until'
Ignoring exception in on_member_update
Traceback (most recent call last):
  File "/usr/local/lib/python3.12/site-packages/discord/client.py", line 465, in _run_event
    await coro(*args, **kwargs)
  File "/app/asu_discord/cogs/analytics.py", line 652, in on_member_update
    before_timeout = before.timed_out_until
                     ^^^^^^^^^^^^^^^^^^^^^^
AttributeError: 'Member' object has no attribute 'timed_out_until'
Ignoring exception in on_member_update
Traceback (most recent call last):
  File "/usr/local/lib/python3.12/site-packages/discord/client.py", line 465, in _run_event
    await coro(*args, **kwargs)
  File "/app/asu_discord/cogs/analytics.py", line 652, in on_member_update
    before_timeout = before.timed_out_until
                     ^^^^^^^^^^^^^^^^^^^^^^
AttributeError: 'Member' object has no attribute 'timed_out_until'
Ignoring exception in on_member_update
Traceback (most recent call last):
  File "/usr/local/lib/python3.12/site-packages/discord/client.py", line 465, in _run_event
    await coro(*args, **kwargs)
  File "/app/asu_discord/cogs/analytics.py", line 652, in on_member_update
    before_timeout = before.timed_out_until
                     ^^^^^^^^^^^^^^^^^^^^^^
AttributeError: 'Member' object has no attribute 'timed_out_until'
Ignoring exception in on_member_update
Traceback (most recent call last):
  File "/usr/local/lib/python3.12/site-packages/discord/client.py", line 465, in _run_event
    await coro(*args, **kwargs)
  File "/app/asu_discord/cogs/analytics.py", line 652, in on_member_update
    before_timeout = before.timed_out_until
                     ^^^^^^^^^^^^^^^^^^^^^^
AttributeError: 'Member' object has no attribute 'timed_out_until'
Ignoring exception in on_member_update
Traceback (most recent call last):
  File "/usr/local/lib/python3.12/site-packages/discord/client.py", line 465, in _run_event
    await coro(*args, **kwargs)
  File "/app/asu_discord/cogs/analytics.py", line 652, in on_member_update
    before_timeout = before.timed_out_until
                     ^^^^^^^^^^^^^^^^^^^^^^
AttributeError: 'Member' object has no attribute 'timed_out_until'
Ignoring exception in on_member_update
Traceback (most recent call last):
  File "/usr/local/lib/python3.12/site-packages/discord/client.py", line 465, in _run_event
    await coro(*args, **kwargs)
  File "/app/asu_discord/cogs/analytics.py", line 652, in on_member_update
    before_timeout = before.timed_out_until
                     ^^^^^^^^^^^^^^^^^^^^^^
AttributeError: 'Member' object has no attribute 'timed_out_until'
Ignoring exception in on_member_update
Traceback (most recent call last):
  File "/usr/local/lib/python3.12/site-packages/discord/client.py", line 465, in _run_event
    await coro(*args, **kwargs)
  File "/app/asu_discord/cogs/analytics.py", line 652, in on_member_update
    before_timeout = before.timed_out_until
                     ^^^^^^^^^^^^^^^^^^^^^^
AttributeError: 'Member' object has no attribute 'timed_out_until'
INFO:asu_discord.cogs.verification:Saved 6 roles to database for user ejrami16 (Discord ID: 537774880880328743)
INFO:asu_discord.cogs.verification:Refreshed Salesforce roles for Discord user 537774880880328743: -4/+6 roles, assigned=[Arizona Resident, Commited, First Generation Student, First Year, Ira A. Fulton Schools of Engineering, Tempe]
Ignoring exception in on_member_update
Traceback (most recent call last):
  File "/usr/local/lib/python3.12/site-packages/discord/client.py", line 465, in _run_event
    await coro(*args, **kwargs)
  File "/app/asu_discord/cogs/analytics.py", line 652, in on_member_update
    before_timeout = before.timed_out_until
                     ^^^^^^^^^^^^^^^^^^^^^^
AttributeError: 'Member' object has no attribute 'timed_out_until'
Ignoring exception in on_member_update
Traceback (most recent call last):
  File "/usr/local/lib/python3.12/site-packages/discord/client.py", line 465, in _run_event
    await coro(*args, **kwargs)
  File "/app/asu_discord/cogs/analytics.py", line 652, in on_member_update
    before_timeout = before.timed_out_until
                     ^^^^^^^^^^^^^^^^^^^^^^
AttributeError: 'Member' object has no attribute 'timed_out_until'
Ignoring exception in on_member_update
Traceback (most recent call last):
  File "/usr/local/lib/python3.12/site-packages/discord/client.py", line 465, in _run_event
    await coro(*args, **kwargs)
  File "/app/asu_discord/cogs/analytics.py", line 652, in on_member_update
    before_timeout = before.timed_out_until
                     ^^^^^^^^^^^^^^^^^^^^^^
AttributeError: 'Member' object has no attribute 'timed_out_until'
Ignoring exception in on_member_update
Traceback (most recent call last):
  File "/usr/local/lib/python3.12/site-packages/discord/client.py", line 465, in _run_event
    await coro(*args, **kwargs)
  File "/app/asu_discord/cogs/analytics.py", line 652, in on_member_update
    before_timeout = before.timed_out_until
                     ^^^^^^^^^^^^^^^^^^^^^^
AttributeError: 'Member' object has no attribute 'timed_out_until'
Ignoring exception in on_member_update
Traceback (most recent call last):
  File "/usr/local/lib/python3.12/site-packages/discord/client.py", line 465, in _run_event
    await coro(*args, **kwargs)
  File "/app/asu_discord/cogs/analytics.py", line 652, in on_member_update
    before_timeout = before.timed_out_until
                     ^^^^^^^^^^^^^^^^^^^^^^
AttributeError: 'Member' object has no attribute 'timed_out_until'
Ignoring exception in on_member_update
Traceback (most recent call last):
  File "/usr/local/lib/python3.12/site-packages/discord/client.py", line 465, in _run_event
    await coro(*args, **kwargs)
  File "/app/asu_discord/cogs/analytics.py", line 652, in on_member_update
    before_timeout = before.timed_out_until
                     ^^^^^^^^^^^^^^^^^^^^^^
AttributeError: 'Member' object has no attribute 'timed_out_until'
Ignoring exception in on_member_update
Traceback (most recent call last):
  File "/usr/local/lib/python3.12/site-packages/discord/client.py", line 465, in _run_event
    await coro(*args, **kwargs)
  File "/app/asu_discord/cogs/analytics.py", line 652, in on_member_update
    before_timeout = before.timed_out_until
                     ^^^^^^^^^^^^^^^^^^^^^^
AttributeError: 'Member' object has no attribute 'timed_out_until'
Ignoring exception in on_member_update
Traceback (most recent call last):
  File "/usr/local/lib/python3.12/site-packages/discord/client.py", line 465, in _run_event
    await coro(*args, **kwargs)
  File "/app/asu_discord/cogs/analytics.py", line 652, in on_member_update
    before_timeout = before.timed_out_until
                     ^^^^^^^^^^^^^^^^^^^^^^
AttributeError: 'Member' object has no attribute 'timed_out_until'
INFO:asu_discord.cogs.verification:Saved 4 roles to database for user aalhar68 (Discord ID: 800254001294606347)
INFO:asu_discord.cogs.verification:Refreshed Salesforce roles for Discord user 800254001294606347: -4/+4 roles, assigned=[First Year, International Student, Ira A. Fulton Schools of Engineering, Tempe]
ERROR:cron.jobs:refresh_salesforce_roles: failed for amuthusa (Discord ID 857155032349016075): Failed to refresh Salesforce-based roles: Discord user 857155032349016075 is not a member of the guild
Ignoring exception in on_member_update
Traceback (most recent call last):
  File "/usr/local/lib/python3.12/site-packages/discord/client.py", line 465, in _run_event
    await coro(*args, **kwargs)
  File "/app/asu_discord/cogs/analytics.py", line 652, in on_member_update
    before_timeout = before.timed_out_until
                     ^^^^^^^^^^^^^^^^^^^^^^
AttributeError: 'Member' object has no attribute 'timed_out_until'
Ignoring exception in on_member_update
Traceback (most recent call last):
  File "/usr/local/lib/python3.12/site-packages/discord/client.py", line 465, in _run_event
    await coro(*args, **kwargs)
  File "/app/asu_discord/cogs/analytics.py", line 652, in on_member_update
    before_timeout = before.timed_out_until
                     ^^^^^^^^^^^^^^^^^^^^^^
AttributeError: 'Member' object has no attribute 'timed_out_until'
Ignoring exception in on_member_update
Traceback (most recent call last):
  File "/usr/local/lib/python3.12/site-packages/discord/client.py", line 465, in _run_event
    await coro(*args, **kwargs)
  File "/app/asu_discord/cogs/analytics.py", line 652, in on_member_update
    before_timeout = before.timed_out_until
                     ^^^^^^^^^^^^^^^^^^^^^^
AttributeError: 'Member' object has no attribute 'timed_out_until'
Ignoring exception in on_member_update
Traceback (most recent call last):
  File "/usr/local/lib/python3.12/site-packages/discord/client.py", line 465, in _run_event
    await coro(*args, **kwargs)
  File "/app/asu_discord/cogs/analytics.py", line 652, in on_member_update
    before_timeout = before.timed_out_until
                     ^^^^^^^^^^^^^^^^^^^^^^
AttributeError: 'Member' object has no attribute 'timed_out_until'
Ignoring exception in on_member_update
Traceback (most recent call last):
  File "/usr/local/lib/python3.12/site-packages/discord/client.py", line 465, in _run_event
    await coro(*args, **kwargs)
  File "/app/asu_discord/cogs/analytics.py", line 652, in on_member_update
    before_timeout = before.timed_out_until
                     ^^^^^^^^^^^^^^^^^^^^^^
AttributeError: 'Member' object has no attribute 'timed_out_until'
Ignoring exception in on_member_update
Traceback (most recent call last):
  File "/usr/local/lib/python3.12/site-packages/discord/client.py", line 465, in _run_event
    await coro(*args, **kwargs)
  File "/app/asu_discord/cogs/analytics.py", line 652, in on_member_update
    before_timeout = before.timed_out_until
                     ^^^^^^^^^^^^^^^^^^^^^^
AttributeError: 'Member' object has no attribute 'timed_out_until'
Ignoring exception in on_member_update
Traceback (most recent call last):
  File "/usr/local/lib/python3.12/site-packages/discord/client.py", line 465, in _run_event
    await coro(*args, **kwargs)
  File "/app/asu_discord/cogs/analytics.py", line 652, in on_member_update
    before_timeout = before.timed_out_until
                     ^^^^^^^^^^^^^^^^^^^^^^
AttributeError: 'Member' object has no attribute 'timed_out_until'
Ignoring exception in on_member_update
Traceback (most recent call last):
  File "/usr/local/lib/python3.12/site-packages/discord/client.py", line 465, in _run_event
    await coro(*args, **kwargs)
  File "/app/asu_discord/cogs/analytics.py", line 652, in on_member_update
    before_timeout = before.timed_out_until
                     ^^^^^^^^^^^^^^^^^^^^^^
AttributeError: 'Member' object has no attribute 'timed_out_until'
Ignoring exception in on_member_update
Traceback (most recent call last):
  File "/usr/local/lib/python3.12/site-packages/discord/client.py", line 465, in _run_event
    await coro(*args, **kwargs)
  File "/app/asu_discord/cogs/analytics.py", line 652, in on_member_update
    before_timeout = before.timed_out_until
                     ^^^^^^^^^^^^^^^^^^^^^^
AttributeError: 'Member' object has no attribute 'timed_out_until'
Ignoring exception in on_member_update
Traceback (most recent call last):
  File "/usr/local/lib/python3.12/site-packages/discord/client.py", line 465, in _run_event
    await coro(*args, **kwargs)
  File "/app/asu_discord/cogs/analytics.py", line 652, in on_member_update
    before_timeout = before.timed_out_until
                     ^^^^^^^^^^^^^^^^^^^^^^
AttributeError: 'Member' object has no attribute 'timed_out_until'
Ignoring exception in on_member_update
Traceback (most recent call last):
  File "/usr/local/lib/python3.12/site-packages/discord/client.py", line 465, in _run_event
    await coro(*args, **kwargs)
  File "/app/asu_discord/cogs/analytics.py", line 652, in on_member_update
    before_timeout = before.timed_out_until
                     ^^^^^^^^^^^^^^^^^^^^^^
AttributeError: 'Member' object has no attribute 'timed_out_until'
Ignoring exception in on_member_update
Traceback (most recent call last):
  File "/usr/local/lib/python3.12/site-packages/discord/client.py", line 465, in _run_event
    await coro(*args, **kwargs)
  File "/app/asu_discord/cogs/analytics.py", line 652, in on_member_update
    before_timeout = before.timed_out_until
                     ^^^^^^^^^^^^^^^^^^^^^^
AttributeError: 'Member' object has no attribute 'timed_out_until'
INFO:asu_discord.cogs.verification:Saved 6 roles to database for user dholderf (Discord ID: 1245230592870711309)
INFO:asu_discord.cogs.verification:Refreshed Salesforce roles for Discord user 1245230592870711309: -6/+6 roles, assigned=[College of Liberal Arts and Sciences, Commited, First Generation Student, Out of State, Tempe, Transfer Student]
Ignoring exception in on_member_update
Traceback (most recent call last):
  File "/usr/local/lib/python3.12/site-packages/discord/client.py", line 465, in _run_event
    await coro(*args, **kwargs)
  File "/app/asu_discord/cogs/analytics.py", line 652, in on_member_update
    before_timeout = before.timed_out_until
                     ^^^^^^^^^^^^^^^^^^^^^^
AttributeError: 'Member' object has no attribute 'timed_out_until'
Ignoring exception in on_member_update
Traceback (most recent call last):
  File "/usr/local/lib/python3.12/site-packages/discord/client.py", line 465, in _run_event
    await coro(*args, **kwargs)
  File "/app/asu_discord/cogs/analytics.py", line 652, in on_member_update
    before_timeout = before.timed_out_until
                     ^^^^^^^^^^^^^^^^^^^^^^
AttributeError: 'Member' object has no attribute 'timed_out_until'
Ignoring exception in on_member_update
Traceback (most recent call last):
  File "/usr/local/lib/python3.12/site-packages/discord/client.py", line 465, in _run_event
    await coro(*args, **kwargs)
  File "/app/asu_discord/cogs/analytics.py", line 652, in on_member_update
    before_timeout = before.timed_out_until
                     ^^^^^^^^^^^^^^^^^^^^^^
AttributeError: 'Member' object has no attribute 'timed_out_until'
Ignoring exception in on_member_update
Traceback (most recent call last):
  File "/usr/local/lib/python3.12/site-packages/discord/client.py", line 465, in _run_event
    await coro(*args, **kwargs)
  File "/app/asu_discord/cogs/analytics.py", line 652, in on_member_update
    before_timeout = before.timed_out_until
                     ^^^^^^^^^^^^^^^^^^^^^^
AttributeError: 'Member' object has no attribute 'timed_out_until'
Ignoring exception in on_member_update
Traceback (most recent call last):
  File "/usr/local/lib/python3.12/site-packages/discord/client.py", line 465, in _run_event
    await coro(*args, **kwargs)
  File "/app/asu_discord/cogs/analytics.py", line 652, in on_member_update
    before_timeout = before.timed_out_until
                     ^^^^^^^^^^^^^^^^^^^^^^
AttributeError: 'Member' object has no attribute 'timed_out_until'
Ignoring exception in on_member_update
Traceback (most recent call last):
  File "/usr/local/lib/python3.12/site-packages/discord/client.py", line 465, in _run_event
    await coro(*args, **kwargs)
  File "/app/asu_discord/cogs/analytics.py", line 652, in on_member_update
    before_timeout = before.timed_out_until
                     ^^^^^^^^^^^^^^^^^^^^^^
AttributeError: 'Member' object has no attribute 'timed_out_until'
Ignoring exception in on_member_update
Traceback (most recent call last):
  File "/usr/local/lib/python3.12/site-packages/discord/client.py", line 465, in _run_event
    await coro(*args, **kwargs)
  File "/app/asu_discord/cogs/analytics.py", line 652, in on_member_update
    before_timeout = before.timed_out_until
                     ^^^^^^^^^^^^^^^^^^^^^^
AttributeError: 'Member' object has no attribute 'timed_out_until'
Ignoring exception in on_member_update
Traceback (most recent call last):
  File "/usr/local/lib/python3.12/site-packages/discord/client.py", line 465, in _run_event
    await coro(*args, **kwargs)
  File "/app/asu_discord/cogs/analytics.py", line 652, in on_member_update
    before_timeout = before.timed_out_until
                     ^^^^^^^^^^^^^^^^^^^^^^
AttributeError: 'Member' object has no attribute 'timed_out_until'
Ignoring exception in on_member_update
Traceback (most recent call last):
  File "/usr/local/lib/python3.12/site-packages/discord/client.py", line 465, in _run_event
    await coro(*args, **kwargs)
  File "/app/asu_discord/cogs/analytics.py", line 652, in on_member_update
    before_timeout = before.timed_out_until
                     ^^^^^^^^^^^^^^^^^^^^^^
AttributeError: 'Member' object has no attribute 'timed_out_until'
Ignoring exception in on_member_update
Traceback (most recent call last):
  File "/usr/local/lib/python3.12/site-packages/discord/client.py", line 465, in _run_event
    await coro(*args, **kwargs)
  File "/app/asu_discord/cogs/analytics.py", line 652, in on_member_update
    before_timeout = before.timed_out_until
                     ^^^^^^^^^^^^^^^^^^^^^^
AttributeError: 'Member' object has no attribute 'timed_out_until'
ERROR:cron.jobs:refresh_salesforce_roles: failed for eharmon5 (Discord ID 804554665861054464): Timed out refresh Salesforce-based roles
ERROR:cron.jobs:refresh_salesforce_roles: failed for npboyd (Discord ID 255547448842256384): Failed to refresh Salesforce-based roles: Discord user 255547448842256384 is not a member of the guild
Ignoring exception in on_member_update
Traceback (most recent call last):
  File "/usr/local/lib/python3.12/site-packages/discord/client.py", line 465, in _run_event
    await coro(*args, **kwargs)
  File "/app/asu_discord/cogs/analytics.py", line 652, in on_member_update
    before_timeout = before.timed_out_until
                     ^^^^^^^^^^^^^^^^^^^^^^
AttributeError: 'Member' object has no attribute 'timed_out_until'
Ignoring exception in on_member_update
Traceback (most recent call last):
  File "/usr/local/lib/python3.12/site-packages/discord/client.py", line 465, in _run_event
    await coro(*args, **kwargs)
  File "/app/asu_discord/cogs/analytics.py", line 652, in on_member_update
    before_timeout = before.timed_out_until
                     ^^^^^^^^^^^^^^^^^^^^^^
AttributeError: 'Member' object has no attribute 'timed_out_until'
Ignoring exception in on_member_update
Traceback (most recent call last):
  File "/usr/local/lib/python3.12/site-packages/discord/client.py", line 465, in _run_event
    await coro(*args, **kwargs)
  File "/app/asu_discord/cogs/analytics.py", line 652, in on_member_update
    before_timeout = before.timed_out_until
                     ^^^^^^^^^^^^^^^^^^^^^^
AttributeError: 'Member' object has no attribute 'timed_out_until'
Ignoring exception in on_member_update
Traceback (most recent call last):
  File "/usr/local/lib/python3.12/site-packages/discord/client.py", line 465, in _run_event
    await coro(*args, **kwargs)
  File "/app/asu_discord/cogs/analytics.py", line 652, in on_member_update
    before_timeout = before.timed_out_until
                     ^^^^^^^^^^^^^^^^^^^^^^
AttributeError: 'Member' object has no attribute 'timed_out_until'
Ignoring exception in on_member_update
Traceback (most recent call last):
  File "/usr/local/lib/python3.12/site-packages/discord/client.py", line 465, in _run_event
    await coro(*args, **kwargs)
  File "/app/asu_discord/cogs/analytics.py", line 652, in on_member_update
    before_timeout = before.timed_out_until
                     ^^^^^^^^^^^^^^^^^^^^^^
AttributeError: 'Member' object has no attribute 'timed_out_until'
Ignoring exception in on_member_update
Traceback (most recent call last):
  File "/usr/local/lib/python3.12/site-packages/discord/client.py", line 465, in _run_event
    await coro(*args, **kwargs)
  File "/app/asu_discord/cogs/analytics.py", line 652, in on_member_update
    before_timeout = before.timed_out_until
                     ^^^^^^^^^^^^^^^^^^^^^^
AttributeError: 'Member' object has no attribute 'timed_out_until'
Ignoring exception in on_member_update
Traceback (most recent call last):
  File "/usr/local/lib/python3.12/site-packages/discord/client.py", line 465, in _run_event
    await coro(*args, **kwargs)
  File "/app/asu_discord/cogs/analytics.py", line 652, in on_member_update
    before_timeout = before.timed_out_until
                     ^^^^^^^^^^^^^^^^^^^^^^
AttributeError: 'Member' object has no attribute 'timed_out_until'
Ignoring exception in on_member_update
Traceback (most recent call last):
  File "/usr/local/lib/python3.12/site-packages/discord/client.py", line 465, in _run_event
    await coro(*args, **kwargs)
  File "/app/asu_discord/cogs/analytics.py", line 652, in on_member_update
    before_timeout = before.timed_out_until
                     ^^^^^^^^^^^^^^^^^^^^^^
AttributeError: 'Member' object has no attribute 'timed_out_until'
Ignoring exception in on_member_update
Traceback (most recent call last):
  File "/usr/local/lib/python3.12/site-packages/discord/client.py", line 465, in _run_event
    await coro(*args, **kwargs)
  File "/app/asu_discord/cogs/analytics.py", line 652, in on_member_update
    before_timeout = before.timed_out_until
                     ^^^^^^^^^^^^^^^^^^^^^^
AttributeError: 'Member' object has no attribute 'timed_out_until'
Ignoring exception in on_member_update
Traceback (most recent call last):
  File "/usr/local/lib/python3.12/site-packages/discord/client.py", line 465, in _run_event
    await coro(*args, **kwargs)
  File "/app/asu_discord/cogs/analytics.py", line 652, in on_member_update
    before_timeout = before.timed_out_until
                     ^^^^^^^^^^^^^^^^^^^^^^
AttributeError: 'Member' object has no attribute 'timed_out_until'
INFO:asu_discord.cogs.verification:Saved 6 roles to database for user bchen187 (Discord ID: 538124230076792874)
INFO:asu_discord.cogs.verification:Refreshed Salesforce roles for Discord user 538124230076792874: -5/+5 roles, assigned=[Commited, First Generation Student, First Year, International Student, Online, W.P. Carey School of Business]
Ignoring exception in on_member_update
Traceback (most recent call last):
  File "/usr/local/lib/python3.12/site-packages/discord/client.py", line 465, in _run_event
    await coro(*args, **kwargs)
  File "/app/asu_discord/cogs/analytics.py", line 652, in on_member_update
    before_timeout = before.timed_out_until
                     ^^^^^^^^^^^^^^^^^^^^^^
AttributeError: 'Member' object has no attribute 'timed_out_until'
Ignoring exception in on_member_update
Traceback (most recent call last):
  File "/usr/local/lib/python3.12/site-packages/discord/client.py", line 465, in _run_event
    await coro(*args, **kwargs)
  File "/app/asu_discord/cogs/analytics.py", line 652, in on_member_update
    before_timeout = before.timed_out_until
                     ^^^^^^^^^^^^^^^^^^^^^^
AttributeError: 'Member' object has no attribute 'timed_out_until'
Ignoring exception in on_member_update
Traceback (most recent call last):
  File "/usr/local/lib/python3.12/site-packages/discord/client.py", line 465, in _run_event
    await coro(*args, **kwargs)
  File "/app/asu_discord/cogs/analytics.py", line 652, in on_member_update
    before_timeout = before.timed_out_until
                     ^^^^^^^^^^^^^^^^^^^^^^
AttributeError: 'Member' object has no attribute 'timed_out_until'
Ignoring exception in on_member_update
Traceback (most recent call last):
  File "/usr/local/lib/python3.12/site-packages/discord/client.py", line 465, in _run_event
    await coro(*args, **kwargs)
  File "/app/asu_discord/cogs/analytics.py", line 652, in on_member_update
    before_timeout = before.timed_out_until
                     ^^^^^^^^^^^^^^^^^^^^^^
AttributeError: 'Member' object has no attribute 'timed_out_until'
Ignoring exception in on_member_update
Traceback (most recent call last):
  File "/usr/local/lib/python3.12/site-packages/discord/client.py", line 465, in _run_event
    await coro(*args, **kwargs)
  File "/app/asu_discord/cogs/analytics.py", line 652, in on_member_update
    before_timeout = before.timed_out_until
                     ^^^^^^^^^^^^^^^^^^^^^^
AttributeError: 'Member' object has no attribute 'timed_out_until'
Ignoring exception in on_member_update
Traceback (most recent call last):
  File "/usr/local/lib/python3.12/site-packages/discord/client.py", line 465, in _run_event
    await coro(*args, **kwargs)
  File "/app/asu_discord/cogs/analytics.py", line 652, in on_member_update
    before_timeout = before.timed_out_until
                     ^^^^^^^^^^^^^^^^^^^^^^
AttributeError: 'Member' object has no attribute 'timed_out_until'
Ignoring exception in on_member_update
Traceback (most recent call last):
  File "/usr/local/lib/python3.12/site-packages/discord/client.py", line 465, in _run_event
    await coro(*args, **kwargs)
  File "/app/asu_discord/cogs/analytics.py", line 652, in on_member_update
    before_timeout = before.timed_out_until
                     ^^^^^^^^^^^^^^^^^^^^^^
AttributeError: 'Member' object has no attribute 'timed_out_until'
Ignoring exception in on_member_update
Traceback (most recent call last):
  File "/usr/local/lib/python3.12/site-packages/discord/client.py", line 465, in _run_event
    await coro(*args, **kwargs)
  File "/app/asu_discord/cogs/analytics.py", line 652, in on_member_update
    before_timeout = before.timed_out_until
                     ^^^^^^^^^^^^^^^^^^^^^^
AttributeError: 'Member' object has no attribute 'timed_out_until'
INFO:asu_discord.cogs.verification:Saved 4 roles to database for user igomezqu (Discord ID: 777764208154640424)
INFO:asu_discord.cogs.verification:Refreshed Salesforce roles for Discord user 777764208154640424: -4/+4 roles, assigned=[Ira A. Fulton Schools of Engineering, Online, Out of State, Transfer Student]
Ignoring exception in on_member_update
Traceback (most recent call last):
  File "/usr/local/lib/python3.12/site-packages/discord/client.py", line 465, in _run_event
    await coro(*args, **kwargs)
  File "/app/asu_discord/cogs/analytics.py", line 652, in on_member_update
    before_timeout = before.timed_out_until
                     ^^^^^^^^^^^^^^^^^^^^^^
AttributeError: 'Member' object has no attribute 'timed_out_until'
Ignoring exception in on_member_update
Traceback (most recent call last):
  File "/usr/local/lib/python3.12/site-packages/discord/client.py", line 465, in _run_event
    await coro(*args, **kwargs)
  File "/app/asu_discord/cogs/analytics.py", line 652, in on_member_update
    before_timeout = before.timed_out_until
                     ^^^^^^^^^^^^^^^^^^^^^^
AttributeError: 'Member' object has no attribute 'timed_out_until'
Ignoring exception in on_member_update
Traceback (most recent call last):
  File "/usr/local/lib/python3.12/site-packages/discord/client.py", line 465, in _run_event
    await coro(*args, **kwargs)
  File "/app/asu_discord/cogs/analytics.py", line 652, in on_member_update
    before_timeout = before.timed_out_until
                     ^^^^^^^^^^^^^^^^^^^^^^
AttributeError: 'Member' object has no attribute 'timed_out_until'
Ignoring exception in on_member_update
Traceback (most recent call last):
  File "/usr/local/lib/python3.12/site-packages/discord/client.py", line 465, in _run_event
    await coro(*args, **kwargs)
  File "/app/asu_discord/cogs/analytics.py", line 652, in on_member_update
    before_timeout = before.timed_out_until
                     ^^^^^^^^^^^^^^^^^^^^^^
AttributeError: 'Member' object has no attribute 'timed_out_until'
Ignoring exception in on_member_update
Traceback (most recent call last):
  File "/usr/local/lib/python3.12/site-packages/discord/client.py", line 465, in _run_event
    await coro(*args, **kwargs)
  File "/app/asu_discord/cogs/analytics.py", line 652, in on_member_update
    before_timeout = before.timed_out_until
                     ^^^^^^^^^^^^^^^^^^^^^^
AttributeError: 'Member' object has no attribute 'timed_out_until'
Ignoring exception in on_member_update
Traceback (most recent call last):
  File "/usr/local/lib/python3.12/site-packages/discord/client.py", line 465, in _run_event
    await coro(*args, **kwargs)
  File "/app/asu_discord/cogs/analytics.py", line 652, in on_member_update
    before_timeout = before.timed_out_until
                     ^^^^^^^^^^^^^^^^^^^^^^
AttributeError: 'Member' object has no attribute 'timed_out_until'
Ignoring exception in on_member_update
Traceback (most recent call last):
  File "/usr/local/lib/python3.12/site-packages/discord/client.py", line 465, in _run_event
    await coro(*args, **kwargs)
  File "/app/asu_discord/cogs/analytics.py", line 652, in on_member_update
    before_timeout = before.timed_out_until
                     ^^^^^^^^^^^^^^^^^^^^^^
AttributeError: 'Member' object has no attribute 'timed_out_until'
Ignoring exception in on_member_update
Traceback (most recent call last):
  File "/usr/local/lib/python3.12/site-packages/discord/client.py", line 465, in _run_event
    await coro(*args, **kwargs)
  File "/app/asu_discord/cogs/analytics.py", line 652, in on_member_update
    before_timeout = before.timed_out_until
                     ^^^^^^^^^^^^^^^^^^^^^^
AttributeError: 'Member' object has no attribute 'timed_out_until'
Ignoring exception in on_member_update
Traceback (most recent call last):
  File "/usr/local/lib/python3.12/site-packages/discord/client.py", line 465, in _run_event
    await coro(*args, **kwargs)
  File "/app/asu_discord/cogs/analytics.py", line 652, in on_member_update
    before_timeout = before.timed_out_until
                     ^^^^^^^^^^^^^^^^^^^^^^
AttributeError: 'Member' object has no attribute 'timed_out_until'
Ignoring exception in on_member_update
Traceback (most recent call last):
  File "/usr/local/lib/python3.12/site-packages/discord/client.py", line 465, in _run_event
    await coro(*args, **kwargs)
  File "/app/asu_discord/cogs/analytics.py", line 652, in on_member_update
    before_timeout = before.timed_out_until
                     ^^^^^^^^^^^^^^^^^^^^^^
AttributeError: 'Member' object has no attribute 'timed_out_until'
Ignoring exception in on_member_update
Traceback (most recent call last):
  File "/usr/local/lib/python3.12/site-packages/discord/client.py", line 465, in _run_event
    await coro(*args, **kwargs)
  File "/app/asu_discord/cogs/analytics.py", line 652, in on_member_update
    before_timeout = before.timed_out_until
                     ^^^^^^^^^^^^^^^^^^^^^^
AttributeError: 'Member' object has no attribute 'timed_out_until'
ERROR:cron.jobs:refresh_salesforce_roles: failed for tkswanso (Discord ID 1072041667592474686): Timed out refresh Salesforce-based roles
Ignoring exception in on_member_update
Traceback (most recent call last):
  File "/usr/local/lib/python3.12/site-packages/discord/client.py", line 465, in _run_event
    await coro(*args, **kwargs)
  File "/app/asu_discord/cogs/analytics.py", line 652, in on_member_update
    before_timeout = before.timed_out_until
                     ^^^^^^^^^^^^^^^^^^^^^^
AttributeError: 'Member' object has no attribute 'timed_out_until'
Ignoring exception in on_member_update
Traceback (most recent call last):
  File "/usr/local/lib/python3.12/site-packages/discord/client.py", line 465, in _run_event
    await coro(*args, **kwargs)
  File "/app/asu_discord/cogs/analytics.py", line 652, in on_member_update
    before_timeout = before.timed_out_until
                     ^^^^^^^^^^^^^^^^^^^^^^
AttributeError: 'Member' object has no attribute 'timed_out_until'
Ignoring exception in on_member_update
Traceback (most recent call last):
  File "/usr/local/lib/python3.12/site-packages/discord/client.py", line 465, in _run_event
    await coro(*args, **kwargs)
  File "/app/asu_discord/cogs/analytics.py", line 652, in on_member_update
    before_timeout = before.timed_out_until
                     ^^^^^^^^^^^^^^^^^^^^^^
AttributeError: 'Member' object has no attribute 'timed_out_until'
Ignoring exception in on_member_update
Traceback (most recent call last):
  File "/usr/local/lib/python3.12/site-packages/discord/client.py", line 465, in _run_event
    await coro(*args, **kwargs)
  File "/app/asu_discord/cogs/analytics.py", line 652, in on_member_update
    before_timeout = before.timed_out_until
                     ^^^^^^^^^^^^^^^^^^^^^^
AttributeError: 'Member' object has no attribute 'timed_out_until'
Ignoring exception in on_member_update
Traceback (most recent call last):
  File "/usr/local/lib/python3.12/site-packages/discord/client.py", line 465, in _run_event
    await coro(*args, **kwargs)
  File "/app/asu_discord/cogs/analytics.py", line 652, in on_member_update
    before_timeout = before.timed_out_until
                     ^^^^^^^^^^^^^^^^^^^^^^
AttributeError: 'Member' object has no attribute 'timed_out_until'
Ignoring exception in on_member_update
Traceback (most recent call last):
  File "/usr/local/lib/python3.12/site-packages/discord/client.py", line 465, in _run_event
    await coro(*args, **kwargs)
  File "/app/asu_discord/cogs/analytics.py", line 652, in on_member_update
    before_timeout = before.timed_out_until
                     ^^^^^^^^^^^^^^^^^^^^^^
AttributeError: 'Member' object has no attribute 'timed_out_until'
Ignoring exception in on_member_update
Traceback (most recent call last):
  File "/usr/local/lib/python3.12/site-packages/discord/client.py", line 465, in _run_event
    await coro(*args, **kwargs)
  File "/app/asu_discord/cogs/analytics.py", line 652, in on_member_update
    before_timeout = before.timed_out_until
                     ^^^^^^^^^^^^^^^^^^^^^^
AttributeError: 'Member' object has no attribute 'timed_out_until'
Ignoring exception in on_member_update
Traceback (most recent call last):
  File "/usr/local/lib/python3.12/site-packages/discord/client.py", line 465, in _run_event
    await coro(*args, **kwargs)
  File "/app/asu_discord/cogs/analytics.py", line 652, in on_member_update
    before_timeout = before.timed_out_until
                     ^^^^^^^^^^^^^^^^^^^^^^
AttributeError: 'Member' object has no attribute 'timed_out_until'
Ignoring exception in on_member_update
Traceback (most recent call last):
  File "/usr/local/lib/python3.12/site-packages/discord/client.py", line 465, in _run_event
    await coro(*args, **kwargs)
  File "/app/asu_discord/cogs/analytics.py", line 652, in on_member_update
    before_timeout = before.timed_out_until
                     ^^^^^^^^^^^^^^^^^^^^^^
AttributeError: 'Member' object has no attribute 'timed_out_until'
Ignoring exception in on_member_update
Traceback (most recent call last):
  File "/usr/local/lib/python3.12/site-packages/discord/client.py", line 465, in _run_event
    await coro(*args, **kwargs)
  File "/app/asu_discord/cogs/analytics.py", line 652, in on_member_update
    before_timeout = before.timed_out_until
                     ^^^^^^^^^^^^^^^^^^^^^^
AttributeError: 'Member' object has no attribute 'timed_out_until'
Ignoring exception in on_member_update
Traceback (most recent call last):
  File "/usr/local/lib/python3.12/site-packages/discord/client.py", line 465, in _run_event
    await coro(*args, **kwargs)
  File "/app/asu_discord/cogs/analytics.py", line 652, in on_member_update
    before_timeout = before.timed_out_until
                     ^^^^^^^^^^^^^^^^^^^^^^
AttributeError: 'Member' object has no attribute 'timed_out_until'
ERROR:cron.jobs:refresh_salesforce_roles: failed for rbentz1 (Discord ID 622629371584315392): Timed out refresh Salesforce-based roles
Ignoring exception in on_member_update
Traceback (most recent call last):
  File "/usr/local/lib/python3.12/site-packages/discord/client.py", line 465, in _run_event
    await coro(*args, **kwargs)
  File "/app/asu_discord/cogs/analytics.py", line 652, in on_member_update
    before_timeout = before.timed_out_until
                     ^^^^^^^^^^^^^^^^^^^^^^
AttributeError: 'Member' object has no attribute 'timed_out_until'
Ignoring exception in on_member_update
Traceback (most recent call last):
  File "/usr/local/lib/python3.12/site-packages/discord/client.py", line 465, in _run_event
    await coro(*args, **kwargs)
  File "/app/asu_discord/cogs/analytics.py", line 652, in on_member_update
    before_timeout = before.timed_out_until
                     ^^^^^^^^^^^^^^^^^^^^^^
AttributeError: 'Member' object has no attribute 'timed_out_until'
Ignoring exception in on_member_update
Traceback (most recent call last):
  File "/usr/local/lib/python3.12/site-packages/discord/client.py", line 465, in _run_event
    await coro(*args, **kwargs)
  File "/app/asu_discord/cogs/analytics.py", line 652, in on_member_update
    before_timeout = before.timed_out_until
                     ^^^^^^^^^^^^^^^^^^^^^^
AttributeError: 'Member' object has no attribute 'timed_out_until'
Ignoring exception in on_member_update
Traceback (most recent call last):
  File "/usr/local/lib/python3.12/site-packages/discord/client.py", line 465, in _run_event
    await coro(*args, **kwargs)
  File "/app/asu_discord/cogs/analytics.py", line 652, in on_member_update
    before_timeout = before.timed_out_until
                     ^^^^^^^^^^^^^^^^^^^^^^
AttributeError: 'Member' object has no attribute 'timed_out_until'
Ignoring exception in on_member_update
Traceback (most recent call last):
  File "/usr/local/lib/python3.12/site-packages/discord/client.py", line 465, in _run_event
    await coro(*args, **kwargs)
  File "/app/asu_discord/cogs/analytics.py", line 652, in on_member_update
    before_timeout = before.timed_out_until
                     ^^^^^^^^^^^^^^^^^^^^^^
AttributeError: 'Member' object has no attribute 'timed_out_until'
Ignoring exception in on_member_update
Traceback (most recent call last):
  File "/usr/local/lib/python3.12/site-packages/discord/client.py", line 465, in _run_event
    await coro(*args, **kwargs)
  File "/app/asu_discord/cogs/analytics.py", line 652, in on_member_update
    before_timeout = before.timed_out_until
                     ^^^^^^^^^^^^^^^^^^^^^^
AttributeError: 'Member' object has no attribute 'timed_out_until'
Ignoring exception in on_member_update
Traceback (most recent call last):
  File "/usr/local/lib/python3.12/site-packages/discord/client.py", line 465, in _run_event
    await coro(*args, **kwargs)
  File "/app/asu_discord/cogs/analytics.py", line 652, in on_member_update
    before_timeout = before.timed_out_until
                     ^^^^^^^^^^^^^^^^^^^^^^
AttributeError: 'Member' object has no attribute 'timed_out_until'
Ignoring exception in on_member_update
Traceback (most recent call last):
  File "/usr/local/lib/python3.12/site-packages/discord/client.py", line 465, in _run_event
    await coro(*args, **kwargs)
  File "/app/asu_discord/cogs/analytics.py", line 652, in on_member_update
    before_timeout = before.timed_out_until
                     ^^^^^^^^^^^^^^^^^^^^^^
AttributeError: 'Member' object has no attribute 'timed_out_until'
Ignoring exception in on_member_update
Traceback (most recent call last):
  File "/usr/local/lib/python3.12/site-packages/discord/client.py", line 465, in _run_event
    await coro(*args, **kwargs)
  File "/app/asu_discord/cogs/analytics.py", line 652, in on_member_update
    before_timeout = before.timed_out_until
                     ^^^^^^^^^^^^^^^^^^^^^^
AttributeError: 'Member' object has no attribute 'timed_out_until'
INFO:asu_discord.cogs.verification:Saved 5 roles to database for user dslesar (Discord ID: 1435811691505123512)
INFO:asu_discord.cogs.verification:Refreshed Salesforce roles for Discord user 1435811691505123512: -4/+5 roles, assigned=[Commited, First Year, Out of State, Tempe, W.P. Carey School of Business]
Ignoring exception in on_member_update
Traceback (most recent call last):
  File "/usr/local/lib/python3.12/site-packages/discord/client.py", line 465, in _run_event
    await coro(*args, **kwargs)
  File "/app/asu_discord/cogs/analytics.py", line 652, in on_member_update
    before_timeout = before.timed_out_until
                     ^^^^^^^^^^^^^^^^^^^^^^
AttributeError: 'Member' object has no attribute 'timed_out_until'
Ignoring exception in on_member_update
Traceback (most recent call last):
  File "/usr/local/lib/python3.12/site-packages/discord/client.py", line 465, in _run_event
    await coro(*args, **kwargs)
  File "/app/asu_discord/cogs/analytics.py", line 652, in on_member_update
    before_timeout = before.timed_out_until
                     ^^^^^^^^^^^^^^^^^^^^^^
AttributeError: 'Member' object has no attribute 'timed_out_until'
Ignoring exception in on_member_update
Traceback (most recent call last):
  File "/usr/local/lib/python3.12/site-packages/discord/client.py", line 465, in _run_event
    await coro(*args, **kwargs)
  File "/app/asu_discord/cogs/analytics.py", line 652, in on_member_update
    before_timeout = before.timed_out_until
                     ^^^^^^^^^^^^^^^^^^^^^^
AttributeError: 'Member' object has no attribute 'timed_out_until'
Ignoring exception in on_member_update
Traceback (most recent call last):
  File "/usr/local/lib/python3.12/site-packages/discord/client.py", line 465, in _run_event
    await coro(*args, **kwargs)
  File "/app/asu_discord/cogs/analytics.py", line 652, in on_member_update
    before_timeout = before.timed_out_until
                     ^^^^^^^^^^^^^^^^^^^^^^
AttributeError: 'Member' object has no attribute 'timed_out_until'
Ignoring exception in on_member_update
Traceback (most recent call last):
  File "/usr/local/lib/python3.12/site-packages/discord/client.py", line 465, in _run_event
    await coro(*args, **kwargs)
  File "/app/asu_discord/cogs/analytics.py", line 652, in on_member_update
    before_timeout = before.timed_out_until
                     ^^^^^^^^^^^^^^^^^^^^^^
AttributeError: 'Member' object has no attribute 'timed_out_until'
Ignoring exception in on_member_update
Traceback (most recent call last):
  File "/usr/local/lib/python3.12/site-packages/discord/client.py", line 465, in _run_event
    await coro(*args, **kwargs)
  File "/app/asu_discord/cogs/analytics.py", line 652, in on_member_update
    before_timeout = before.timed_out_until
                     ^^^^^^^^^^^^^^^^^^^^^^
AttributeError: 'Member' object has no attribute 'timed_out_until'
Ignoring exception in on_member_update
Traceback (most recent call last):
  File "/usr/local/lib/python3.12/site-packages/discord/client.py", line 465, in _run_event
    await coro(*args, **kwargs)
  File "/app/asu_discord/cogs/analytics.py", line 652, in on_member_update
    before_timeout = before.timed_out_until
                     ^^^^^^^^^^^^^^^^^^^^^^
AttributeError: 'Member' object has no attribute 'timed_out_until'
Ignoring exception in on_member_update
Traceback (most recent call last):
  File "/usr/local/lib/python3.12/site-packages/discord/client.py", line 465, in _run_event
    await coro(*args, **kwargs)
  File "/app/asu_discord/cogs/analytics.py", line 652, in on_member_update
    before_timeout = before.timed_out_until
                     ^^^^^^^^^^^^^^^^^^^^^^
AttributeError: 'Member' object has no attribute 'timed_out_until'
Ignoring exception in on_member_update
Traceback (most recent call last):
  File "/usr/local/lib/python3.12/site-packages/discord/client.py", line 465, in _run_event
    await coro(*args, **kwargs)
  File "/app/asu_discord/cogs/analytics.py", line 652, in on_member_update
    before_timeout = before.timed_out_until
                     ^^^^^^^^^^^^^^^^^^^^^^
AttributeError: 'Member' object has no attribute 'timed_out_until'
Ignoring exception in on_member_update
Traceback (most recent call last):
  File "/usr/local/lib/python3.12/site-packages/discord/client.py", line 465, in _run_event
    await coro(*args, **kwargs)
  File "/app/asu_discord/cogs/analytics.py", line 652, in on_member_update
    before_timeout = before.timed_out_until
                     ^^^^^^^^^^^^^^^^^^^^^^
AttributeError: 'Member' object has no attribute 'timed_out_until'
INFO:asu_discord.cogs.verification:Saved 5 roles to database for user caschw12 (Discord ID: 763535513893339186)
INFO:asu_discord.cogs.verification:Refreshed Salesforce roles for Discord user 763535513893339186: -5/+5 roles, assigned=[Commited, First Year, Herberger Institute for Design and the Arts, Out of State, Tempe]
Ignoring exception in on_member_update
Traceback (most recent call last):
  File "/usr/local/lib/python3.12/site-packages/discord/client.py", line 465, in _run_event
    await coro(*args, **kwargs)
  File "/app/asu_discord/cogs/analytics.py", line 652, in on_member_update
    before_timeout = before.timed_out_until
                     ^^^^^^^^^^^^^^^^^^^^^^
AttributeError: 'Member' object has no attribute 'timed_out_until'
Ignoring exception in on_member_update
Traceback (most recent call last):
  File "/usr/local/lib/python3.12/site-packages/discord/client.py", line 465, in _run_event
    await coro(*args, **kwargs)
  File "/app/asu_discord/cogs/analytics.py", line 652, in on_member_update
    before_timeout = before.timed_out_until
                     ^^^^^^^^^^^^^^^^^^^^^^
AttributeError: 'Member' object has no attribute 'timed_out_until'
Ignoring exception in on_member_update
Traceback (most recent call last):
  File "/usr/local/lib/python3.12/site-packages/discord/client.py", line 465, in _run_event
    await coro(*args, **kwargs)
  File "/app/asu_discord/cogs/analytics.py", line 652, in on_member_update
    before_timeout = before.timed_out_until
                     ^^^^^^^^^^^^^^^^^^^^^^
AttributeError: 'Member' object has no attribute 'timed_out_until'
Ignoring exception in on_member_update
Traceback (most recent call last):
  File "/usr/local/lib/python3.12/site-packages/discord/client.py", line 465, in _run_event
    await coro(*args, **kwargs)
  File "/app/asu_discord/cogs/analytics.py", line 652, in on_member_update
    before_timeout = before.timed_out_until
                     ^^^^^^^^^^^^^^^^^^^^^^
AttributeError: 'Member' object has no attribute 'timed_out_until'
Ignoring exception in on_member_update
Traceback (most recent call last):
  File "/usr/local/lib/python3.12/site-packages/discord/client.py", line 465, in _run_event
    await coro(*args, **kwargs)
  File "/app/asu_discord/cogs/analytics.py", line 652, in on_member_update
    before_timeout = before.timed_out_until
                     ^^^^^^^^^^^^^^^^^^^^^^
AttributeError: 'Member' object has no attribute 'timed_out_until'
Ignoring exception in on_member_update
Traceback (most recent call last):
  File "/usr/local/lib/python3.12/site-packages/discord/client.py", line 465, in _run_event
    await coro(*args, **kwargs)
  File "/app/asu_discord/cogs/analytics.py", line 652, in on_member_update
    before_timeout = before.timed_out_until
                     ^^^^^^^^^^^^^^^^^^^^^^
AttributeError: 'Member' object has no attribute 'timed_out_until'
Ignoring exception in on_member_update
Traceback (most recent call last):
  File "/usr/local/lib/python3.12/site-packages/discord/client.py", line 465, in _run_event
    await coro(*args, **kwargs)
  File "/app/asu_discord/cogs/analytics.py", line 652, in on_member_update
    before_timeout = before.timed_out_until
                     ^^^^^^^^^^^^^^^^^^^^^^
AttributeError: 'Member' object has no attribute 'timed_out_until'
Ignoring exception in on_member_update
Traceback (most recent call last):
  File "/usr/local/lib/python3.12/site-packages/discord/client.py", line 465, in _run_event
    await coro(*args, **kwargs)
  File "/app/asu_discord/cogs/analytics.py", line 652, in on_member_update
    before_timeout = before.timed_out_until
                     ^^^^^^^^^^^^^^^^^^^^^^
AttributeError: 'Member' object has no attribute 'timed_out_until'
Ignoring exception in on_member_update
Traceback (most recent call last):
  File "/usr/local/lib/python3.12/site-packages/discord/client.py", line 465, in _run_event
    await coro(*args, **kwargs)
  File "/app/asu_discord/cogs/analytics.py", line 652, in on_member_update
    before_timeout = before.timed_out_until
                     ^^^^^^^^^^^^^^^^^^^^^^
AttributeError: 'Member' object has no attribute 'timed_out_until'
Ignoring exception in on_member_update
Traceback (most recent call last):
  File "/usr/local/lib/python3.12/site-packages/discord/client.py", line 465, in _run_event
    await coro(*args, **kwargs)
  File "/app/asu_discord/cogs/analytics.py", line 652, in on_member_update
    before_timeout = before.timed_out_until
                     ^^^^^^^^^^^^^^^^^^^^^^
AttributeError: 'Member' object has no attribute 'timed_out_until'
Ignoring exception in on_member_update
Traceback (most recent call last):
  File "/usr/local/lib/python3.12/site-packages/discord/client.py", line 465, in _run_event
    await coro(*args, **kwargs)
  File "/app/asu_discord/cogs/analytics.py", line 652, in on_member_update
    before_timeout = before.timed_out_until
                     ^^^^^^^^^^^^^^^^^^^^^^
AttributeError: 'Member' object has no attribute 'timed_out_until'
INFO:asu_discord.cogs.verification:Saved 6 roles to database for user amrod159 (Discord ID: 1432397263782547477)
INFO:asu_discord.cogs.verification:Refreshed Salesforce roles for Discord user 1432397263782547477: -5/+6 roles, assigned=[Arizona Resident, Commited, First Generation Student, First Year, New College of Interdisciplinary Arts and Sciences, West Valley]
Ignoring exception in on_member_update
Traceback (most recent call last):
  File "/usr/local/lib/python3.12/site-packages/discord/client.py", line 465, in _run_event
    await coro(*args, **kwargs)
  File "/app/asu_discord/cogs/analytics.py", line 652, in on_member_update
    before_timeout = before.timed_out_until
                     ^^^^^^^^^^^^^^^^^^^^^^
AttributeError: 'Member' object has no attribute 'timed_out_until'
Ignoring exception in on_member_update
Traceback (most recent call last):
  File "/usr/local/lib/python3.12/site-packages/discord/client.py", line 465, in _run_event
    await coro(*args, **kwargs)
  File "/app/asu_discord/cogs/analytics.py", line 652, in on_member_update
    before_timeout = before.timed_out_until
                     ^^^^^^^^^^^^^^^^^^^^^^
AttributeError: 'Member' object has no attribute 'timed_out_until'
Ignoring exception in on_member_update
Traceback (most recent call last):
  File "/usr/local/lib/python3.12/site-packages/discord/client.py", line 465, in _run_event
    await coro(*args, **kwargs)
  File "/app/asu_discord/cogs/analytics.py", line 652, in on_member_update
    before_timeout = before.timed_out_until
                     ^^^^^^^^^^^^^^^^^^^^^^
AttributeError: 'Member' object has no attribute 'timed_out_until'
Ignoring exception in on_member_update
Traceback (most recent call last):
  File "/usr/local/lib/python3.12/site-packages/discord/client.py", line 465, in _run_event
    await coro(*args, **kwargs)
  File "/app/asu_discord/cogs/analytics.py", line 652, in on_member_update
    before_timeout = before.timed_out_until
                     ^^^^^^^^^^^^^^^^^^^^^^
AttributeError: 'Member' object has no attribute 'timed_out_until'
Ignoring exception in on_member_update
Traceback (most recent call last):
  File "/usr/local/lib/python3.12/site-packages/discord/client.py", line 465, in _run_event
    await coro(*args, **kwargs)
  File "/app/asu_discord/cogs/analytics.py", line 652, in on_member_update
    before_timeout = before.timed_out_until
                     ^^^^^^^^^^^^^^^^^^^^^^
AttributeError: 'Member' object has no attribute 'timed_out_until'
Ignoring exception in on_member_update
Traceback (most recent call last):
  File "/usr/local/lib/python3.12/site-packages/discord/client.py", line 465, in _run_event
    await coro(*args, **kwargs)
  File "/app/asu_discord/cogs/analytics.py", line 652, in on_member_update
    before_timeout = before.timed_out_until
                     ^^^^^^^^^^^^^^^^^^^^^^
AttributeError: 'Member' object has no attribute 'timed_out_until'
Ignoring exception in on_member_update
Traceback (most recent call last):
  File "/usr/local/lib/python3.12/site-packages/discord/client.py", line 465, in _run_event
    await coro(*args, **kwargs)
  File "/app/asu_discord/cogs/analytics.py", line 652, in on_member_update
    before_timeout = before.timed_out_until
                     ^^^^^^^^^^^^^^^^^^^^^^
AttributeError: 'Member' object has no attribute 'timed_out_until'
Ignoring exception in on_member_update
Traceback (most recent call last):
  File "/usr/local/lib/python3.12/site-packages/discord/client.py", line 465, in _run_event
    await coro(*args, **kwargs)
  File "/app/asu_discord/cogs/analytics.py", line 652, in on_member_update
    before_timeout = before.timed_out_until
                     ^^^^^^^^^^^^^^^^^^^^^^
AttributeError: 'Member' object has no attribute 'timed_out_until'
Ignoring exception in on_member_update
Traceback (most recent call last):
  File "/usr/local/lib/python3.12/site-packages/discord/client.py", line 465, in _run_event
    await coro(*args, **kwargs)
  File "/app/asu_discord/cogs/analytics.py", line 652, in on_member_update
    before_timeout = before.timed_out_until
                     ^^^^^^^^^^^^^^^^^^^^^^
AttributeError: 'Member' object has no attribute 'timed_out_until'
Ignoring exception in on_member_update
Traceback (most recent call last):
  File "/usr/local/lib/python3.12/site-packages/discord/client.py", line 465, in _run_event
    await coro(*args, **kwargs)
  File "/app/asu_discord/cogs/analytics.py", line 652, in on_member_update
    before_timeout = before.timed_out_until
                     ^^^^^^^^^^^^^^^^^^^^^^
AttributeError: 'Member' object has no attribute 'timed_out_until'
INFO:asu_discord.cogs.verification:Saved 5 roles to database for user wditomas (Discord ID: 582826944031096842)
INFO:asu_discord.cogs.verification:Refreshed Salesforce roles for Discord user 582826944031096842: -5/+5 roles, assigned=[College of Liberal Arts and Sciences, Online, Out of State, Transfer Student, Upperclassmen]
Ignoring exception in on_member_update
Traceback (most recent call last):
  File "/usr/local/lib/python3.12/site-packages/discord/client.py", line 465, in _run_event
    await coro(*args, **kwargs)
  File "/app/asu_discord/cogs/analytics.py", line 652, in on_member_update
    before_timeout = before.timed_out_until
                     ^^^^^^^^^^^^^^^^^^^^^^
AttributeError: 'Member' object has no attribute 'timed_out_until'
Ignoring exception in on_member_update
Traceback (most recent call last):
  File "/usr/local/lib/python3.12/site-packages/discord/client.py", line 465, in _run_event
    await coro(*args, **kwargs)
  File "/app/asu_discord/cogs/analytics.py", line 652, in on_member_update
    before_timeout = before.timed_out_until
                     ^^^^^^^^^^^^^^^^^^^^^^
AttributeError: 'Member' object has no attribute 'timed_out_until'
Ignoring exception in on_member_update
Traceback (most recent call last):
  File "/usr/local/lib/python3.12/site-packages/discord/client.py", line 465, in _run_event
    await coro(*args, **kwargs)
  File "/app/asu_discord/cogs/analytics.py", line 652, in on_member_update
    before_timeout = before.timed_out_until
                     ^^^^^^^^^^^^^^^^^^^^^^
AttributeError: 'Member' object has no attribute 'timed_out_until'
Ignoring exception in on_member_update
Traceback (most recent call last):
  File "/usr/local/lib/python3.12/site-packages/discord/client.py", line 465, in _run_event
    await coro(*args, **kwargs)
  File "/app/asu_discord/cogs/analytics.py", line 652, in on_member_update
    before_timeout = before.timed_out_until
                     ^^^^^^^^^^^^^^^^^^^^^^
AttributeError: 'Member' object has no attribute 'timed_out_until'
Ignoring exception in on_member_update
Traceback (most recent call last):
  File "/usr/local/lib/python3.12/site-packages/discord/client.py", line 465, in _run_event
    await coro(*args, **kwargs)
  File "/app/asu_discord/cogs/analytics.py", line 652, in on_member_update
    before_timeout = before.timed_out_until
                     ^^^^^^^^^^^^^^^^^^^^^^
AttributeError: 'Member' object has no attribute 'timed_out_until'
Ignoring exception in on_member_update
Traceback (most recent call last):
  File "/usr/local/lib/python3.12/site-packages/discord/client.py", line 465, in _run_event
    await coro(*args, **kwargs)
  File "/app/asu_discord/cogs/analytics.py", line 652, in on_member_update
    before_timeout = before.timed_out_until
                     ^^^^^^^^^^^^^^^^^^^^^^
AttributeError: 'Member' object has no attribute 'timed_out_until'
Ignoring exception in on_member_update
Traceback (most recent call last):
  File "/usr/local/lib/python3.12/site-packages/discord/client.py", line 465, in _run_event
    await coro(*args, **kwargs)
  File "/app/asu_discord/cogs/analytics.py", line 652, in on_member_update
    before_timeout = before.timed_out_until
                     ^^^^^^^^^^^^^^^^^^^^^^
AttributeError: 'Member' object has no attribute 'timed_out_until'
Ignoring exception in on_member_update
Traceback (most recent call last):
  File "/usr/local/lib/python3.12/site-packages/discord/client.py", line 465, in _run_event
    await coro(*args, **kwargs)
  File "/app/asu_discord/cogs/analytics.py", line 652, in on_member_update
    before_timeout = before.timed_out_until
                     ^^^^^^^^^^^^^^^^^^^^^^
AttributeError: 'Member' object has no attribute 'timed_out_until'
Ignoring exception in on_member_update
Traceback (most recent call last):
  File "/usr/local/lib/python3.12/site-packages/discord/client.py", line 465, in _run_event
    await coro(*args, **kwargs)
  File "/app/asu_discord/cogs/analytics.py", line 652, in on_member_update
    before_timeout = before.timed_out_until
                     ^^^^^^^^^^^^^^^^^^^^^^
AttributeError: 'Member' object has no attribute 'timed_out_until'
Ignoring exception in on_member_update
Traceback (most recent call last):
  File "/usr/local/lib/python3.12/site-packages/discord/client.py", line 465, in _run_event
    await coro(*args, **kwargs)
  File "/app/asu_discord/cogs/analytics.py", line 652, in on_member_update
    before_timeout = before.timed_out_until
                     ^^^^^^^^^^^^^^^^^^^^^^
AttributeError: 'Member' object has no attribute 'timed_out_until'
INFO:asu_discord.cogs.verification:Saved 5 roles to database for user aischwar (Discord ID: 1075618260696973382)
INFO:asu_discord.cogs.verification:Refreshed Salesforce roles for Discord user 1075618260696973382: -5/+5 roles, assigned=[Arizona Resident, Commited, Downtown Phoenix, Edson College of Nursing and Health Innovation, First Year]
Ignoring exception in on_member_update
Traceback (most recent call last):
  File "/usr/local/lib/python3.12/site-packages/discord/client.py", line 465, in _run_event
    await coro(*args, **kwargs)
  File "/app/asu_discord/cogs/analytics.py", line 652, in on_member_update
    before_timeout = before.timed_out_until
                     ^^^^^^^^^^^^^^^^^^^^^^
AttributeError: 'Member' object has no attribute 'timed_out_until'
Ignoring exception in on_member_update
Traceback (most recent call last):
  File "/usr/local/lib/python3.12/site-packages/discord/client.py", line 465, in _run_event
    await coro(*args, **kwargs)
  File "/app/asu_discord/cogs/analytics.py", line 652, in on_member_update
    before_timeout = before.timed_out_until
                     ^^^^^^^^^^^^^^^^^^^^^^
AttributeError: 'Member' object has no attribute 'timed_out_until'
Ignoring exception in on_member_update
Traceback (most recent call last):
  File "/usr/local/lib/python3.12/site-packages/discord/client.py", line 465, in _run_event
    await coro(*args, **kwargs)
  File "/app/asu_discord/cogs/analytics.py", line 652, in on_member_update
    before_timeout = before.timed_out_until
                     ^^^^^^^^^^^^^^^^^^^^^^
AttributeError: 'Member' object has no attribute 'timed_out_until'
Ignoring exception in on_member_update
Traceback (most recent call last):
  File "/usr/local/lib/python3.12/site-packages/discord/client.py", line 465, in _run_event
    await coro(*args, **kwargs)
  File "/app/asu_discord/cogs/analytics.py", line 652, in on_member_update
    before_timeout = before.timed_out_until
                     ^^^^^^^^^^^^^^^^^^^^^^
AttributeError: 'Member' object has no attribute 'timed_out_until'
Ignoring exception in on_member_update
Traceback (most recent call last):
  File "/usr/local/lib/python3.12/site-packages/discord/client.py", line 465, in _run_event
    await coro(*args, **kwargs)
  File "/app/asu_discord/cogs/analytics.py", line 652, in on_member_update
    before_timeout = before.timed_out_until
                     ^^^^^^^^^^^^^^^^^^^^^^
AttributeError: 'Member' object has no attribute 'timed_out_until'
Ignoring exception in on_member_update
Traceback (most recent call last):
  File "/usr/local/lib/python3.12/site-packages/discord/client.py", line 465, in _run_event
    await coro(*args, **kwargs)
  File "/app/asu_discord/cogs/analytics.py", line 652, in on_member_update
    before_timeout = before.timed_out_until
                     ^^^^^^^^^^^^^^^^^^^^^^
AttributeError: 'Member' object has no attribute 'timed_out_until'
Ignoring exception in on_member_update
Traceback (most recent call last):
  File "/usr/local/lib/python3.12/site-packages/discord/client.py", line 465, in _run_event
    await coro(*args, **kwargs)
  File "/app/asu_discord/cogs/analytics.py", line 652, in on_member_update
    before_timeout = before.timed_out_until
                     ^^^^^^^^^^^^^^^^^^^^^^
AttributeError: 'Member' object has no attribute 'timed_out_until'
Ignoring exception in on_member_update
Traceback (most recent call last):
  File "/usr/local/lib/python3.12/site-packages/discord/client.py", line 465, in _run_event
    await coro(*args, **kwargs)
  File "/app/asu_discord/cogs/analytics.py", line 652, in on_member_update
    before_timeout = before.timed_out_until
                     ^^^^^^^^^^^^^^^^^^^^^^
AttributeError: 'Member' object has no attribute 'timed_out_until'
Ignoring exception in on_member_update
Traceback (most recent call last):
  File "/usr/local/lib/python3.12/site-packages/discord/client.py", line 465, in _run_event
    await coro(*args, **kwargs)
  File "/app/asu_discord/cogs/analytics.py", line 652, in on_member_update
    before_timeout = before.timed_out_until
                     ^^^^^^^^^^^^^^^^^^^^^^
AttributeError: 'Member' object has no attribute 'timed_out_until'
Ignoring exception in on_member_update
Traceback (most recent call last):
  File "/usr/local/lib/python3.12/site-packages/discord/client.py", line 465, in _run_event
    await coro(*args, **kwargs)
  File "/app/asu_discord/cogs/analytics.py", line 652, in on_member_update
    before_timeout = before.timed_out_until
                     ^^^^^^^^^^^^^^^^^^^^^^
AttributeError: 'Member' object has no attribute 'timed_out_until'
INFO:asu_discord.cogs.verification:Saved 5 roles to database for user hcmassey (Discord ID: 332241994141401089)
INFO:asu_discord.cogs.verification:Refreshed Salesforce roles for Discord user 332241994141401089: -5/+5 roles, assigned=[Commited, Downtown Phoenix, First Year, Out of State, Watts College of Public Service and Community Solutions]
Ignoring exception in on_member_update
Traceback (most recent call last):
  File "/usr/local/lib/python3.12/site-packages/discord/client.py", line 465, in _run_event
    await coro(*args, **kwargs)
  File "/app/asu_discord/cogs/analytics.py", line 652, in on_member_update
    before_timeout = before.timed_out_until
                     ^^^^^^^^^^^^^^^^^^^^^^
AttributeError: 'Member' object has no attribute 'timed_out_until'
Ignoring exception in on_member_update
Traceback (most recent call last):
  File "/usr/local/lib/python3.12/site-packages/discord/client.py", line 465, in _run_event
    await coro(*args, **kwargs)
  File "/app/asu_discord/cogs/analytics.py", line 652, in on_member_update
    before_timeout = before.timed_out_until
                     ^^^^^^^^^^^^^^^^^^^^^^
AttributeError: 'Member' object has no attribute 'timed_out_until'
Ignoring exception in on_member_update
Traceback (most recent call last):
  File "/usr/local/lib/python3.12/site-packages/discord/client.py", line 465, in _run_event
    await coro(*args, **kwargs)
  File "/app/asu_discord/cogs/analytics.py", line 652, in on_member_update
    before_timeout = before.timed_out_until
                     ^^^^^^^^^^^^^^^^^^^^^^
AttributeError: 'Member' object has no attribute 'timed_out_until'
Ignoring exception in on_member_update
Traceback (most recent call last):
  File "/usr/local/lib/python3.12/site-packages/discord/client.py", line 465, in _run_event
    await coro(*args, **kwargs)
  File "/app/asu_discord/cogs/analytics.py", line 652, in on_member_update
    before_timeout = before.timed_out_until
                     ^^^^^^^^^^^^^^^^^^^^^^
AttributeError: 'Member' object has no attribute 'timed_out_until'
Ignoring exception in on_member_update
Traceback (most recent call last):
  File "/usr/local/lib/python3.12/site-packages/discord/client.py", line 465, in _run_event
    await coro(*args, **kwargs)
  File "/app/asu_discord/cogs/analytics.py", line 652, in on_member_update
    before_timeout = before.timed_out_until
                     ^^^^^^^^^^^^^^^^^^^^^^
AttributeError: 'Member' object has no attribute 'timed_out_until'
Ignoring exception in on_member_update
Traceback (most recent call last):
  File "/usr/local/lib/python3.12/site-packages/discord/client.py", line 465, in _run_event
    await coro(*args, **kwargs)
  File "/app/asu_discord/cogs/analytics.py", line 652, in on_member_update
    before_timeout = before.timed_out_until
                     ^^^^^^^^^^^^^^^^^^^^^^
AttributeError: 'Member' object has no attribute 'timed_out_until'
Ignoring exception in on_member_update
Traceback (most recent call last):
  File "/usr/local/lib/python3.12/site-packages/discord/client.py", line 465, in _run_event
    await coro(*args, **kwargs)
  File "/app/asu_discord/cogs/analytics.py", line 652, in on_member_update
    before_timeout = before.timed_out_until
                     ^^^^^^^^^^^^^^^^^^^^^^
AttributeError: 'Member' object has no attribute 'timed_out_until'
Ignoring exception in on_member_update
Traceback (most recent call last):
  File "/usr/local/lib/python3.12/site-packages/discord/client.py", line 465, in _run_event
    await coro(*args, **kwargs)
  File "/app/asu_discord/cogs/analytics.py", line 652, in on_member_update
    before_timeout = before.timed_out_until
                     ^^^^^^^^^^^^^^^^^^^^^^
AttributeError: 'Member' object has no attribute 'timed_out_until'
Ignoring exception in on_member_update
Traceback (most recent call last):
  File "/usr/local/lib/python3.12/site-packages/discord/client.py", line 465, in _run_event
    await coro(*args, **kwargs)
  File "/app/asu_discord/cogs/analytics.py", line 652, in on_member_update
    before_timeout = before.timed_out_until
                     ^^^^^^^^^^^^^^^^^^^^^^
AttributeError: 'Member' object has no attribute 'timed_out_until'
Ignoring exception in on_member_update
Traceback (most recent call last):
  File "/usr/local/lib/python3.12/site-packages/discord/client.py", line 465, in _run_event
    await coro(*args, **kwargs)
  File "/app/asu_discord/cogs/analytics.py", line 652, in on_member_update
    before_timeout = before.timed_out_until
                     ^^^^^^^^^^^^^^^^^^^^^^
AttributeError: 'Member' object has no attribute 'timed_out_until'
INFO:asu_discord.cogs.verification:Saved 5 roles to database for user ltambila (Discord ID: 703062594789048342)
INFO:asu_discord.cogs.verification:Refreshed Salesforce roles for Discord user 703062594789048342: -5/+5 roles, assigned=[Commited, First Year, Ira A. Fulton Schools of Engineering, Out of State, Tempe]
ERROR:cron.jobs:refresh_salesforce_roles: failed for jkukkala (Discord ID 728838342283755522): Failed to refresh Salesforce-based roles: Discord user 728838342283755522 is not a member of the guild
Ignoring exception in on_member_update
Traceback (most recent call last):
  File "/usr/local/lib/python3.12/site-packages/discord/client.py", line 465, in _run_event
    await coro(*args, **kwargs)
  File "/app/asu_discord/cogs/analytics.py", line 652, in on_member_update
    before_timeout = before.timed_out_until
                     ^^^^^^^^^^^^^^^^^^^^^^
AttributeError: 'Member' object has no attribute 'timed_out_until'
INFO:asu_discord.cogs.verification:Saved 1 roles to database for user ngzahn (Discord ID: 1285447147944153210)
INFO:asu_discord.cogs.verification:Refreshed Salesforce roles for Discord user 1285447147944153210: -0/+1 roles, assigned=[Out of State]
Ignoring exception in on_member_update
Traceback (most recent call last):
  File "/usr/local/lib/python3.12/site-packages/discord/client.py", line 465, in _run_event
    await coro(*args, **kwargs)
  File "/app/asu_discord/cogs/analytics.py", line 652, in on_member_update
    before_timeout = before.timed_out_until
                     ^^^^^^^^^^^^^^^^^^^^^^
AttributeError: 'Member' object has no attribute 'timed_out_until'
Ignoring exception in on_member_update
Traceback (most recent call last):
  File "/usr/local/lib/python3.12/site-packages/discord/client.py", line 465, in _run_event
    await coro(*args, **kwargs)
  File "/app/asu_discord/cogs/analytics.py", line 652, in on_member_update
    before_timeout = before.timed_out_until
                     ^^^^^^^^^^^^^^^^^^^^^^
AttributeError: 'Member' object has no attribute 'timed_out_until'
Ignoring exception in on_member_update
Traceback (most recent call last):
  File "/usr/local/lib/python3.12/site-packages/discord/client.py", line 465, in _run_event
    await coro(*args, **kwargs)
  File "/app/asu_discord/cogs/analytics.py", line 652, in on_member_update
    before_timeout = before.timed_out_until
                     ^^^^^^^^^^^^^^^^^^^^^^
AttributeError: 'Member' object has no attribute 'timed_out_until'
Ignoring exception in on_member_update
Traceback (most recent call last):
  File "/usr/local/lib/python3.12/site-packages/discord/client.py", line 465, in _run_event
    await coro(*args, **kwargs)
  File "/app/asu_discord/cogs/analytics.py", line 652, in on_member_update
    before_timeout = before.timed_out_until
                     ^^^^^^^^^^^^^^^^^^^^^^
AttributeError: 'Member' object has no attribute 'timed_out_until'
Ignoring exception in on_member_update
Traceback (most recent call last):
  File "/usr/local/lib/python3.12/site-packages/discord/client.py", line 465, in _run_event
    await coro(*args, **kwargs)
  File "/app/asu_discord/cogs/analytics.py", line 652, in on_member_update
    before_timeout = before.timed_out_until
                     ^^^^^^^^^^^^^^^^^^^^^^
AttributeError: 'Member' object has no attribute 'timed_out_until'
Ignoring exception in on_member_update
Traceback (most recent call last):
  File "/usr/local/lib/python3.12/site-packages/discord/client.py", line 465, in _run_event
    await coro(*args, **kwargs)
  File "/app/asu_discord/cogs/analytics.py", line 652, in on_member_update
    before_timeout = before.timed_out_until
                     ^^^^^^^^^^^^^^^^^^^^^^
AttributeError: 'Member' object has no attribute 'timed_out_until'
Ignoring exception in on_member_update
Traceback (most recent call last):
  File "/usr/local/lib/python3.12/site-packages/discord/client.py", line 465, in _run_event
    await coro(*args, **kwargs)
  File "/app/asu_discord/cogs/analytics.py", line 652, in on_member_update
    before_timeout = before.timed_out_until
                     ^^^^^^^^^^^^^^^^^^^^^^
AttributeError: 'Member' object has no attribute 'timed_out_until'
Ignoring exception in on_member_update
Traceback (most recent call last):
  File "/usr/local/lib/python3.12/site-packages/discord/client.py", line 465, in _run_event
    await coro(*args, **kwargs)
  File "/app/asu_discord/cogs/analytics.py", line 652, in on_member_update
    before_timeout = before.timed_out_until
                     ^^^^^^^^^^^^^^^^^^^^^^
AttributeError: 'Member' object has no attribute 'timed_out_until'
Ignoring exception in on_member_update
Traceback (most recent call last):
  File "/usr/local/lib/python3.12/site-packages/discord/client.py", line 465, in _run_event
    await coro(*args, **kwargs)
  File "/app/asu_discord/cogs/analytics.py", line 652, in on_member_update
    before_timeout = before.timed_out_until
                     ^^^^^^^^^^^^^^^^^^^^^^
AttributeError: 'Member' object has no attribute 'timed_out_until'
Ignoring exception in on_member_update
Traceback (most recent call last):
  File "/usr/local/lib/python3.12/site-packages/discord/client.py", line 465, in _run_event
    await coro(*args, **kwargs)
  File "/app/asu_discord/cogs/analytics.py", line 652, in on_member_update
    before_timeout = before.timed_out_until
                     ^^^^^^^^^^^^^^^^^^^^^^
AttributeError: 'Member' object has no attribute 'timed_out_until'
INFO:asu_discord.cogs.verification:Saved 5 roles to database for user ryankawa (Discord ID: 788000176253173810)
INFO:asu_discord.cogs.verification:Refreshed Salesforce roles for Discord user 788000176253173810: -5/+5 roles, assigned=[Commited, International Student, Ira A. Fulton Schools of Engineering, Tempe, Transfer Student]
Ignoring exception in on_member_update
Traceback (most recent call last):
  File "/usr/local/lib/python3.12/site-packages/discord/client.py", line 465, in _run_event
    await coro(*args, **kwargs)
  File "/app/asu_discord/cogs/analytics.py", line 652, in on_member_update
    before_timeout = before.timed_out_until
                     ^^^^^^^^^^^^^^^^^^^^^^
AttributeError: 'Member' object has no attribute 'timed_out_until'
Ignoring exception in on_member_update
Traceback (most recent call last):
  File "/usr/local/lib/python3.12/site-packages/discord/client.py", line 465, in _run_event
    await coro(*args, **kwargs)
  File "/app/asu_discord/cogs/analytics.py", line 652, in on_member_update
    before_timeout = before.timed_out_until
                     ^^^^^^^^^^^^^^^^^^^^^^
AttributeError: 'Member' object has no attribute 'timed_out_until'
Ignoring exception in on_member_update
Traceback (most recent call last):
  File "/usr/local/lib/python3.12/site-packages/discord/client.py", line 465, in _run_event
    await coro(*args, **kwargs)
  File "/app/asu_discord/cogs/analytics.py", line 652, in on_member_update
    before_timeout = before.timed_out_until
                     ^^^^^^^^^^^^^^^^^^^^^^
AttributeError: 'Member' object has no attribute 'timed_out_until'
Ignoring exception in on_member_update
Traceback (most recent call last):
  File "/usr/local/lib/python3.12/site-packages/discord/client.py", line 465, in _run_event
    await coro(*args, **kwargs)
  File "/app/asu_discord/cogs/analytics.py", line 652, in on_member_update
    before_timeout = before.timed_out_until
                     ^^^^^^^^^^^^^^^^^^^^^^
AttributeError: 'Member' object has no attribute 'timed_out_until'
Ignoring exception in on_member_update
Traceback (most recent call last):
  File "/usr/local/lib/python3.12/site-packages/discord/client.py", line 465, in _run_event
    await coro(*args, **kwargs)
  File "/app/asu_discord/cogs/analytics.py", line 652, in on_member_update
    before_timeout = before.timed_out_until
                     ^^^^^^^^^^^^^^^^^^^^^^
AttributeError: 'Member' object has no attribute 'timed_out_until'
Ignoring exception in on_member_update
Traceback (most recent call last):
  File "/usr/local/lib/python3.12/site-packages/discord/client.py", line 465, in _run_event
    await coro(*args, **kwargs)
  File "/app/asu_discord/cogs/analytics.py", line 652, in on_member_update
    before_timeout = before.timed_out_until
                     ^^^^^^^^^^^^^^^^^^^^^^
AttributeError: 'Member' object has no attribute 'timed_out_until'
Ignoring exception in on_member_update
Traceback (most recent call last):
  File "/usr/local/lib/python3.12/site-packages/discord/client.py", line 465, in _run_event
    await coro(*args, **kwargs)
  File "/app/asu_discord/cogs/analytics.py", line 652, in on_member_update
    before_timeout = before.timed_out_until
                     ^^^^^^^^^^^^^^^^^^^^^^
AttributeError: 'Member' object has no attribute 'timed_out_until'
Ignoring exception in on_member_update
Traceback (most recent call last):
  File "/usr/local/lib/python3.12/site-packages/discord/client.py", line 465, in _run_event
    await coro(*args, **kwargs)
  File "/app/asu_discord/cogs/analytics.py", line 652, in on_member_update
    before_timeout = before.timed_out_until
                     ^^^^^^^^^^^^^^^^^^^^^^
AttributeError: 'Member' object has no attribute 'timed_out_until'
Ignoring exception in on_member_update
Traceback (most recent call last):
  File "/usr/local/lib/python3.12/site-packages/discord/client.py", line 465, in _run_event
    await coro(*args, **kwargs)
  File "/app/asu_discord/cogs/analytics.py", line 652, in on_member_update
    before_timeout = before.timed_out_until
                     ^^^^^^^^^^^^^^^^^^^^^^
AttributeError: 'Member' object has no attribute 'timed_out_until'
Ignoring exception in on_member_update
Traceback (most recent call last):
  File "/usr/local/lib/python3.12/site-packages/discord/client.py", line 465, in _run_event
    await coro(*args, **kwargs)
  File "/app/asu_discord/cogs/analytics.py", line 652, in on_member_update
    before_timeout = before.timed_out_until
                     ^^^^^^^^^^^^^^^^^^^^^^
AttributeError: 'Member' object has no attribute 'timed_out_until'
INFO:asu_discord.cogs.verification:Saved 5 roles to database for user mcoll117 (Discord ID: 1250231187205525626)
INFO:asu_discord.cogs.verification:Refreshed Salesforce roles for Discord user 1250231187205525626: -5/+5 roles, assigned=[Commited, First Year, Ira A. Fulton Schools of Engineering, Out of State, Tempe]
Ignoring exception in on_member_update
Traceback (most recent call last):
  File "/usr/local/lib/python3.12/site-packages/discord/client.py", line 465, in _run_event
    await coro(*args, **kwargs)
  File "/app/asu_discord/cogs/analytics.py", line 652, in on_member_update
    before_timeout = before.timed_out_until
                     ^^^^^^^^^^^^^^^^^^^^^^
AttributeError: 'Member' object has no attribute 'timed_out_until'
Ignoring exception in on_member_update
Traceback (most recent call last):
  File "/usr/local/lib/python3.12/site-packages/discord/client.py", line 465, in _run_event
    await coro(*args, **kwargs)
  File "/app/asu_discord/cogs/analytics.py", line 652, in on_member_update
    before_timeout = before.timed_out_until
                     ^^^^^^^^^^^^^^^^^^^^^^
AttributeError: 'Member' object has no attribute 'timed_out_until'
Ignoring exception in on_member_update
Traceback (most recent call last):
  File "/usr/local/lib/python3.12/site-packages/discord/client.py", line 465, in _run_event
    await coro(*args, **kwargs)
  File "/app/asu_discord/cogs/analytics.py", line 652, in on_member_update
    before_timeout = before.timed_out_until
                     ^^^^^^^^^^^^^^^^^^^^^^
AttributeError: 'Member' object has no attribute 'timed_out_until'
Ignoring exception in on_member_update
Traceback (most recent call last):
  File "/usr/local/lib/python3.12/site-packages/discord/client.py", line 465, in _run_event
    await coro(*args, **kwargs)
  File "/app/asu_discord/cogs/analytics.py", line 652, in on_member_update
    before_timeout = before.timed_out_until
                     ^^^^^^^^^^^^^^^^^^^^^^
AttributeError: 'Member' object has no attribute 'timed_out_until'
Ignoring exception in on_member_update
Traceback (most recent call last):
  File "/usr/local/lib/python3.12/site-packages/discord/client.py", line 465, in _run_event
    await coro(*args, **kwargs)
  File "/app/asu_discord/cogs/analytics.py", line 652, in on_member_update
    before_timeout = before.timed_out_until
                     ^^^^^^^^^^^^^^^^^^^^^^
AttributeError: 'Member' object has no attribute 'timed_out_until'
Ignoring exception in on_member_update
Traceback (most recent call last):
  File "/usr/local/lib/python3.12/site-packages/discord/client.py", line 465, in _run_event
    await coro(*args, **kwargs)
  File "/app/asu_discord/cogs/analytics.py", line 652, in on_member_update
    before_timeout = before.timed_out_until
                     ^^^^^^^^^^^^^^^^^^^^^^
AttributeError: 'Member' object has no attribute 'timed_out_until'
Ignoring exception in on_member_update
Traceback (most recent call last):
  File "/usr/local/lib/python3.12/site-packages/discord/client.py", line 465, in _run_event
    await coro(*args, **kwargs)
  File "/app/asu_discord/cogs/analytics.py", line 652, in on_member_update
    before_timeout = before.timed_out_until
                     ^^^^^^^^^^^^^^^^^^^^^^
AttributeError: 'Member' object has no attribute 'timed_out_until'
Ignoring exception in on_member_update
Traceback (most recent call last):
  File "/usr/local/lib/python3.12/site-packages/discord/client.py", line 465, in _run_event
    await coro(*args, **kwargs)
  File "/app/asu_discord/cogs/analytics.py", line 652, in on_member_update
    before_timeout = before.timed_out_until
                     ^^^^^^^^^^^^^^^^^^^^^^
AttributeError: 'Member' object has no attribute 'timed_out_until'
Ignoring exception in on_member_update
Traceback (most recent call last):
  File "/usr/local/lib/python3.12/site-packages/discord/client.py", line 465, in _run_event
    await coro(*args, **kwargs)
  File "/app/asu_discord/cogs/analytics.py", line 652, in on_member_update
    before_timeout = before.timed_out_until
                     ^^^^^^^^^^^^^^^^^^^^^^
AttributeError: 'Member' object has no attribute 'timed_out_until'
Ignoring exception in on_member_update
Traceback (most recent call last):
  File "/usr/local/lib/python3.12/site-packages/discord/client.py", line 465, in _run_event
    await coro(*args, **kwargs)
  File "/app/asu_discord/cogs/analytics.py", line 652, in on_member_update
    before_timeout = before.timed_out_until
                     ^^^^^^^^^^^^^^^^^^^^^^
AttributeError: 'Member' object has no attribute 'timed_out_until'
INFO:asu_discord.cogs.verification:Saved 5 roles to database for user hdburns1 (Discord ID: 1405389181810905130)
INFO:asu_discord.cogs.verification:Refreshed Salesforce roles for Discord user 1405389181810905130: -5/+5 roles, assigned=[Arizona Resident, Commited, First Year, Ira A. Fulton Schools of Engineering, Tempe]
Ignoring exception in on_member_update
Traceback (most recent call last):
  File "/usr/local/lib/python3.12/site-packages/discord/client.py", line 465, in _run_event
    await coro(*args, **kwargs)
  File "/app/asu_discord/cogs/analytics.py", line 652, in on_member_update
    before_timeout = before.timed_out_until
                     ^^^^^^^^^^^^^^^^^^^^^^
AttributeError: 'Member' object has no attribute 'timed_out_until'
Ignoring exception in on_member_update
Traceback (most recent call last):
  File "/usr/local/lib/python3.12/site-packages/discord/client.py", line 465, in _run_event
    await coro(*args, **kwargs)
  File "/app/asu_discord/cogs/analytics.py", line 652, in on_member_update
    before_timeout = before.timed_out_until
                     ^^^^^^^^^^^^^^^^^^^^^^
AttributeError: 'Member' object has no attribute 'timed_out_until'
Ignoring exception in on_member_update
Traceback (most recent call last):
  File "/usr/local/lib/python3.12/site-packages/discord/client.py", line 465, in _run_event
    await coro(*args, **kwargs)
  File "/app/asu_discord/cogs/analytics.py", line 652, in on_member_update
    before_timeout = before.timed_out_until
                     ^^^^^^^^^^^^^^^^^^^^^^
AttributeError: 'Member' object has no attribute 'timed_out_until'
Ignoring exception in on_member_update
Traceback (most recent call last):
  File "/usr/local/lib/python3.12/site-packages/discord/client.py", line 465, in _run_event
    await coro(*args, **kwargs)
  File "/app/asu_discord/cogs/analytics.py", line 652, in on_member_update
    before_timeout = before.timed_out_until
                     ^^^^^^^^^^^^^^^^^^^^^^
AttributeError: 'Member' object has no attribute 'timed_out_until'
Ignoring exception in on_member_update
Traceback (most recent call last):
  File "/usr/local/lib/python3.12/site-packages/discord/client.py", line 465, in _run_event
    await coro(*args, **kwargs)
  File "/app/asu_discord/cogs/analytics.py", line 652, in on_member_update
    before_timeout = before.timed_out_until
                     ^^^^^^^^^^^^^^^^^^^^^^
AttributeError: 'Member' object has no attribute 'timed_out_until'
Ignoring exception in on_member_update
Traceback (most recent call last):
  File "/usr/local/lib/python3.12/site-packages/discord/client.py", line 465, in _run_event
    await coro(*args, **kwargs)
  File "/app/asu_discord/cogs/analytics.py", line 652, in on_member_update
    before_timeout = before.timed_out_until
                     ^^^^^^^^^^^^^^^^^^^^^^
AttributeError: 'Member' object has no attribute 'timed_out_until'
Ignoring exception in on_member_update
Traceback (most recent call last):
  File "/usr/local/lib/python3.12/site-packages/discord/client.py", line 465, in _run_event
    await coro(*args, **kwargs)
  File "/app/asu_discord/cogs/analytics.py", line 652, in on_member_update
    before_timeout = before.timed_out_until
                     ^^^^^^^^^^^^^^^^^^^^^^
AttributeError: 'Member' object has no attribute 'timed_out_until'
Ignoring exception in on_member_update
Traceback (most recent call last):
  File "/usr/local/lib/python3.12/site-packages/discord/client.py", line 465, in _run_event
    await coro(*args, **kwargs)
  File "/app/asu_discord/cogs/analytics.py", line 652, in on_member_update
    before_timeout = before.timed_out_until
                     ^^^^^^^^^^^^^^^^^^^^^^
AttributeError: 'Member' object has no attribute 'timed_out_until'
Ignoring exception in on_member_update
Traceback (most recent call last):
  File "/usr/local/lib/python3.12/site-packages/discord/client.py", line 465, in _run_event
    await coro(*args, **kwargs)
  File "/app/asu_discord/cogs/analytics.py", line 652, in on_member_update
    before_timeout = before.timed_out_until
                     ^^^^^^^^^^^^^^^^^^^^^^
AttributeError: 'Member' object has no attribute 'timed_out_until'
Ignoring exception in on_member_update
Traceback (most recent call last):
  File "/usr/local/lib/python3.12/site-packages/discord/client.py", line 465, in _run_event
    await coro(*args, **kwargs)
  File "/app/asu_discord/cogs/analytics.py", line 652, in on_member_update
    before_timeout = before.timed_out_until
                     ^^^^^^^^^^^^^^^^^^^^^^
AttributeError: 'Member' object has no attribute 'timed_out_until'
INFO:asu_discord.cogs.verification:Saved 6 roles to database for user adnguy30 (Discord ID: 661678173330735132)
INFO:asu_discord.cogs.verification:Refreshed Salesforce roles for Discord user 661678173330735132: -4/+6 roles, assigned=[Arizona Resident, Commited, First Generation Student, First Year, Ira A. Fulton Schools of Engineering, Tempe]
Ignoring exception in on_member_update
Traceback (most recent call last):
  File "/usr/local/lib/python3.12/site-packages/discord/client.py", line 465, in _run_event
    await coro(*args, **kwargs)
  File "/app/asu_discord/cogs/analytics.py", line 652, in on_member_update
    before_timeout = before.timed_out_until
                     ^^^^^^^^^^^^^^^^^^^^^^
AttributeError: 'Member' object has no attribute 'timed_out_until'
Ignoring exception in on_member_update
Traceback (most recent call last):
  File "/usr/local/lib/python3.12/site-packages/discord/client.py", line 465, in _run_event
    await coro(*args, **kwargs)
  File "/app/asu_discord/cogs/analytics.py", line 652, in on_member_update
    before_timeout = before.timed_out_until
                     ^^^^^^^^^^^^^^^^^^^^^^
AttributeError: 'Member' object has no attribute 'timed_out_until'
Ignoring exception in on_member_update
Traceback (most recent call last):
  File "/usr/local/lib/python3.12/site-packages/discord/client.py", line 465, in _run_event
    await coro(*args, **kwargs)
  File "/app/asu_discord/cogs/analytics.py", line 652, in on_member_update
    before_timeout = before.timed_out_until
                     ^^^^^^^^^^^^^^^^^^^^^^
AttributeError: 'Member' object has no attribute 'timed_out_until'
Ignoring exception in on_member_update
Traceback (most recent call last):
  File "/usr/local/lib/python3.12/site-packages/discord/client.py", line 465, in _run_event
    await coro(*args, **kwargs)
  File "/app/asu_discord/cogs/analytics.py", line 652, in on_member_update
    before_timeout = before.timed_out_until
                     ^^^^^^^^^^^^^^^^^^^^^^
AttributeError: 'Member' object has no attribute 'timed_out_until'
Ignoring exception in on_member_update
Traceback (most recent call last):
  File "/usr/local/lib/python3.12/site-packages/discord/client.py", line 465, in _run_event
    await coro(*args, **kwargs)
  File "/app/asu_discord/cogs/analytics.py", line 652, in on_member_update
    before_timeout = before.timed_out_until
                     ^^^^^^^^^^^^^^^^^^^^^^
AttributeError: 'Member' object has no attribute 'timed_out_until'
Ignoring exception in on_member_update
Traceback (most recent call last):
  File "/usr/local/lib/python3.12/site-packages/discord/client.py", line 465, in _run_event
    await coro(*args, **kwargs)
  File "/app/asu_discord/cogs/analytics.py", line 652, in on_member_update
    before_timeout = before.timed_out_until
                     ^^^^^^^^^^^^^^^^^^^^^^
AttributeError: 'Member' object has no attribute 'timed_out_until'
Ignoring exception in on_member_update
Traceback (most recent call last):
  File "/usr/local/lib/python3.12/site-packages/discord/client.py", line 465, in _run_event
    await coro(*args, **kwargs)
  File "/app/asu_discord/cogs/analytics.py", line 652, in on_member_update
    before_timeout = before.timed_out_until
                     ^^^^^^^^^^^^^^^^^^^^^^
AttributeError: 'Member' object has no attribute 'timed_out_until'
Ignoring exception in on_member_update
Traceback (most recent call last):
  File "/usr/local/lib/python3.12/site-packages/discord/client.py", line 465, in _run_event
    await coro(*args, **kwargs)
  File "/app/asu_discord/cogs/analytics.py", line 652, in on_member_update
    before_timeout = before.timed_out_until
                     ^^^^^^^^^^^^^^^^^^^^^^
AttributeError: 'Member' object has no attribute 'timed_out_until'
Ignoring exception in on_member_update
Traceback (most recent call last):
  File "/usr/local/lib/python3.12/site-packages/discord/client.py", line 465, in _run_event
    await coro(*args, **kwargs)
  File "/app/asu_discord/cogs/analytics.py", line 652, in on_member_update
    before_timeout = before.timed_out_until
                     ^^^^^^^^^^^^^^^^^^^^^^
AttributeError: 'Member' object has no attribute 'timed_out_until'
Ignoring exception in on_member_update
Traceback (most recent call last):
  File "/usr/local/lib/python3.12/site-packages/discord/client.py", line 465, in _run_event
    await coro(*args, **kwargs)
  File "/app/asu_discord/cogs/analytics.py", line 652, in on_member_update
    before_timeout = before.timed_out_until
                     ^^^^^^^^^^^^^^^^^^^^^^
AttributeError: 'Member' object has no attribute 'timed_out_until'
INFO:asu_discord.cogs.verification:Saved 5 roles to database for user rkcarril (Discord ID: 887903076172828672)
INFO:asu_discord.cogs.verification:Refreshed Salesforce roles for Discord user 887903076172828672: -5/+5 roles, assigned=[Arizona Resident, Commited, Downtown Phoenix, First Year, Walter Cronkite School of Journalism and Mass Communication]
Ignoring exception in on_member_update
Traceback (most recent call last):
  File "/usr/local/lib/python3.12/site-packages/discord/client.py", line 465, in _run_event
    await coro(*args, **kwargs)
  File "/app/asu_discord/cogs/analytics.py", line 652, in on_member_update
    before_timeout = before.timed_out_until
                     ^^^^^^^^^^^^^^^^^^^^^^
AttributeError: 'Member' object has no attribute 'timed_out_until'
Ignoring exception in on_member_update
Traceback (most recent call last):
  File "/usr/local/lib/python3.12/site-packages/discord/client.py", line 465, in _run_event
    await coro(*args, **kwargs)
  File "/app/asu_discord/cogs/analytics.py", line 652, in on_member_update
    before_timeout = before.timed_out_until
                     ^^^^^^^^^^^^^^^^^^^^^^
AttributeError: 'Member' object has no attribute 'timed_out_until'
Ignoring exception in on_member_update
Traceback (most recent call last):
  File "/usr/local/lib/python3.12/site-packages/discord/client.py", line 465, in _run_event
    await coro(*args, **kwargs)
  File "/app/asu_discord/cogs/analytics.py", line 652, in on_member_update
    before_timeout = before.timed_out_until
                     ^^^^^^^^^^^^^^^^^^^^^^
AttributeError: 'Member' object has no attribute 'timed_out_until'
Ignoring exception in on_member_update
Traceback (most recent call last):
  File "/usr/local/lib/python3.12/site-packages/discord/client.py", line 465, in _run_event
    await coro(*args, **kwargs)
  File "/app/asu_discord/cogs/analytics.py", line 652, in on_member_update
    before_timeout = before.timed_out_until
                     ^^^^^^^^^^^^^^^^^^^^^^
AttributeError: 'Member' object has no attribute 'timed_out_until'
Ignoring exception in on_member_update
Traceback (most recent call last):
  File "/usr/local/lib/python3.12/site-packages/discord/client.py", line 465, in _run_event
    await coro(*args, **kwargs)
  File "/app/asu_discord/cogs/analytics.py", line 652, in on_member_update
    before_timeout = before.timed_out_until
                     ^^^^^^^^^^^^^^^^^^^^^^
AttributeError: 'Member' object has no attribute 'timed_out_until'
Ignoring exception in on_member_update
Traceback (most recent call last):
  File "/usr/local/lib/python3.12/site-packages/discord/client.py", line 465, in _run_event
    await coro(*args, **kwargs)
  File "/app/asu_discord/cogs/analytics.py", line 652, in on_member_update
    before_timeout = before.timed_out_until
                     ^^^^^^^^^^^^^^^^^^^^^^
AttributeError: 'Member' object has no attribute 'timed_out_until'
Ignoring exception in on_member_update
Traceback (most recent call last):
  File "/usr/local/lib/python3.12/site-packages/discord/client.py", line 465, in _run_event
    await coro(*args, **kwargs)
  File "/app/asu_discord/cogs/analytics.py", line 652, in on_member_update
    before_timeout = before.timed_out_until
                     ^^^^^^^^^^^^^^^^^^^^^^
AttributeError: 'Member' object has no attribute 'timed_out_until'
Ignoring exception in on_member_update
Traceback (most recent call last):
  File "/usr/local/lib/python3.12/site-packages/discord/client.py", line 465, in _run_event
    await coro(*args, **kwargs)
  File "/app/asu_discord/cogs/analytics.py", line 652, in on_member_update
    before_timeout = before.timed_out_until
                     ^^^^^^^^^^^^^^^^^^^^^^
AttributeError: 'Member' object has no attribute 'timed_out_until'
Ignoring exception in on_member_update
Traceback (most recent call last):
  File "/usr/local/lib/python3.12/site-packages/discord/client.py", line 465, in _run_event
    await coro(*args, **kwargs)
  File "/app/asu_discord/cogs/analytics.py", line 652, in on_member_update
    before_timeout = before.timed_out_until
                     ^^^^^^^^^^^^^^^^^^^^^^
AttributeError: 'Member' object has no attribute 'timed_out_until'
Ignoring exception in on_member_update
Traceback (most recent call last):
  File "/usr/local/lib/python3.12/site-packages/discord/client.py", line 465, in _run_event
    await coro(*args, **kwargs)
  File "/app/asu_discord/cogs/analytics.py", line 652, in on_member_update
    before_timeout = before.timed_out_until
                     ^^^^^^^^^^^^^^^^^^^^^^
AttributeError: 'Member' object has no attribute 'timed_out_until'
INFO:asu_discord.cogs.verification:Saved 5 roles to database for user djcurti4 (Discord ID: 1340571695441903669)
INFO:asu_discord.cogs.verification:Refreshed Salesforce roles for Discord user 1340571695441903669: -5/+5 roles, assigned=[Arizona Resident, First Generation Student, First Year, Tempe, W.P. Carey School of Business]
Ignoring exception in on_member_update
Traceback (most recent call last):
  File "/usr/local/lib/python3.12/site-packages/discord/client.py", line 465, in _run_event
    await coro(*args, **kwargs)
  File "/app/asu_discord/cogs/analytics.py", line 652, in on_member_update
    before_timeout = before.timed_out_until
                     ^^^^^^^^^^^^^^^^^^^^^^
AttributeError: 'Member' object has no attribute 'timed_out_until'
Ignoring exception in on_member_update
Traceback (most recent call last):
  File "/usr/local/lib/python3.12/site-packages/discord/client.py", line 465, in _run_event
    await coro(*args, **kwargs)
  File "/app/asu_discord/cogs/analytics.py", line 652, in on_member_update
    before_timeout = before.timed_out_until
                     ^^^^^^^^^^^^^^^^^^^^^^
AttributeError: 'Member' object has no attribute 'timed_out_until'
Ignoring exception in on_member_update
Traceback (most recent call last):
  File "/usr/local/lib/python3.12/site-packages/discord/client.py", line 465, in _run_event
    await coro(*args, **kwargs)
  File "/app/asu_discord/cogs/analytics.py", line 652, in on_member_update
    before_timeout = before.timed_out_until
                     ^^^^^^^^^^^^^^^^^^^^^^
AttributeError: 'Member' object has no attribute 'timed_out_until'
Ignoring exception in on_member_update
Traceback (most recent call last):
  File "/usr/local/lib/python3.12/site-packages/discord/client.py", line 465, in _run_event
    await coro(*args, **kwargs)
  File "/app/asu_discord/cogs/analytics.py", line 652, in on_member_update
    before_timeout = before.timed_out_until
                     ^^^^^^^^^^^^^^^^^^^^^^
AttributeError: 'Member' object has no attribute 'timed_out_until'
Ignoring exception in on_member_update
Traceback (most recent call last):
  File "/usr/local/lib/python3.12/site-packages/discord/client.py", line 465, in _run_event
    await coro(*args, **kwargs)
  File "/app/asu_discord/cogs/analytics.py", line 652, in on_member_update
    before_timeout = before.timed_out_until
                     ^^^^^^^^^^^^^^^^^^^^^^
AttributeError: 'Member' object has no attribute 'timed_out_until'
Ignoring exception in on_member_update
Traceback (most recent call last):
  File "/usr/local/lib/python3.12/site-packages/discord/client.py", line 465, in _run_event
    await coro(*args, **kwargs)
  File "/app/asu_discord/cogs/analytics.py", line 652, in on_member_update
    before_timeout = before.timed_out_until
                     ^^^^^^^^^^^^^^^^^^^^^^
AttributeError: 'Member' object has no attribute 'timed_out_until'
Ignoring exception in on_member_update
Traceback (most recent call last):
  File "/usr/local/lib/python3.12/site-packages/discord/client.py", line 465, in _run_event
    await coro(*args, **kwargs)
  File "/app/asu_discord/cogs/analytics.py", line 652, in on_member_update
    before_timeout = before.timed_out_until
                     ^^^^^^^^^^^^^^^^^^^^^^
AttributeError: 'Member' object has no attribute 'timed_out_until'
Ignoring exception in on_member_update
Traceback (most recent call last):
  File "/usr/local/lib/python3.12/site-packages/discord/client.py", line 465, in _run_event
    await coro(*args, **kwargs)
  File "/app/asu_discord/cogs/analytics.py", line 652, in on_member_update
    before_timeout = before.timed_out_until
                     ^^^^^^^^^^^^^^^^^^^^^^
AttributeError: 'Member' object has no attribute 'timed_out_until'
Ignoring exception in on_member_update
Traceback (most recent call last):
  File "/usr/local/lib/python3.12/site-packages/discord/client.py", line 465, in _run_event
    await coro(*args, **kwargs)
  File "/app/asu_discord/cogs/analytics.py", line 652, in on_member_update
    before_timeout = before.timed_out_until
                     ^^^^^^^^^^^^^^^^^^^^^^
AttributeError: 'Member' object has no attribute 'timed_out_until'
Ignoring exception in on_member_update
Traceback (most recent call last):
  File "/usr/local/lib/python3.12/site-packages/discord/client.py", line 465, in _run_event
    await coro(*args, **kwargs)
  File "/app/asu_discord/cogs/analytics.py", line 652, in on_member_update
    before_timeout = before.timed_out_until
                     ^^^^^^^^^^^^^^^^^^^^^^
AttributeError: 'Member' object has no attribute 'timed_out_until'
INFO:asu_discord.cogs.verification:Saved 5 roles to database for user alwil116 (Discord ID: 1433688028244607037)
INFO:asu_discord.cogs.verification:Refreshed Salesforce roles for Discord user 1433688028244607037: -5/+5 roles, assigned=[Commited, First Year, Ira A. Fulton Schools of Engineering, Out of State, Tempe]
Ignoring exception in on_member_update
Traceback (most recent call last):
  File "/usr/local/lib/python3.12/site-packages/discord/client.py", line 465, in _run_event
    await coro(*args, **kwargs)
  File "/app/asu_discord/cogs/analytics.py", line 652, in on_member_update
    before_timeout = before.timed_out_until
                     ^^^^^^^^^^^^^^^^^^^^^^
AttributeError: 'Member' object has no attribute 'timed_out_until'
Ignoring exception in on_member_update
Traceback (most recent call last):
  File "/usr/local/lib/python3.12/site-packages/discord/client.py", line 465, in _run_event
    await coro(*args, **kwargs)
  File "/app/asu_discord/cogs/analytics.py", line 652, in on_member_update
    before_timeout = before.timed_out_until
                     ^^^^^^^^^^^^^^^^^^^^^^
AttributeError: 'Member' object has no attribute 'timed_out_until'
Ignoring exception in on_member_update
Traceback (most recent call last):
  File "/usr/local/lib/python3.12/site-packages/discord/client.py", line 465, in _run_event
    await coro(*args, **kwargs)
  File "/app/asu_discord/cogs/analytics.py", line 652, in on_member_update
    before_timeout = before.timed_out_until
                     ^^^^^^^^^^^^^^^^^^^^^^
AttributeError: 'Member' object has no attribute 'timed_out_until'
Ignoring exception in on_member_update
Traceback (most recent call last):
  File "/usr/local/lib/python3.12/site-packages/discord/client.py", line 465, in _run_event
    await coro(*args, **kwargs)
  File "/app/asu_discord/cogs/analytics.py", line 652, in on_member_update
    before_timeout = before.timed_out_until
                     ^^^^^^^^^^^^^^^^^^^^^^
AttributeError: 'Member' object has no attribute 'timed_out_until'
Ignoring exception in on_member_update
Traceback (most recent call last):
  File "/usr/local/lib/python3.12/site-packages/discord/client.py", line 465, in _run_event
    await coro(*args, **kwargs)
  File "/app/asu_discord/cogs/analytics.py", line 652, in on_member_update
    before_timeout = before.timed_out_until
                     ^^^^^^^^^^^^^^^^^^^^^^
AttributeError: 'Member' object has no attribute 'timed_out_until'
Ignoring exception in on_member_update
Traceback (most recent call last):
  File "/usr/local/lib/python3.12/site-packages/discord/client.py", line 465, in _run_event
    await coro(*args, **kwargs)
  File "/app/asu_discord/cogs/analytics.py", line 652, in on_member_update
    before_timeout = before.timed_out_until
                     ^^^^^^^^^^^^^^^^^^^^^^
AttributeError: 'Member' object has no attribute 'timed_out_until'
Ignoring exception in on_member_update
Traceback (most recent call last):
  File "/usr/local/lib/python3.12/site-packages/discord/client.py", line 465, in _run_event
    await coro(*args, **kwargs)
  File "/app/asu_discord/cogs/analytics.py", line 652, in on_member_update
    before_timeout = before.timed_out_until
                     ^^^^^^^^^^^^^^^^^^^^^^
AttributeError: 'Member' object has no attribute 'timed_out_until'
INFO:asu_discord.cogs.verification:Saved 4 roles to database for user psayyed (Discord ID: 798260291947069522)
INFO:asu_discord.cogs.verification:Refreshed Salesforce roles for Discord user 798260291947069522: -4/+3 roles, assigned=[Arizona Resident, First Year, Herberger Institute for Design and the Arts, Tempe]
Ignoring exception in on_member_update
Traceback (most recent call last):
  File "/usr/local/lib/python3.12/site-packages/discord/client.py", line 465, in _run_event
    await coro(*args, **kwargs)
  File "/app/asu_discord/cogs/analytics.py", line 652, in on_member_update
    before_timeout = before.timed_out_until
                     ^^^^^^^^^^^^^^^^^^^^^^
AttributeError: 'Member' object has no attribute 'timed_out_until'
Ignoring exception in on_member_update
Traceback (most recent call last):
  File "/usr/local/lib/python3.12/site-packages/discord/client.py", line 465, in _run_event
    await coro(*args, **kwargs)
  File "/app/asu_discord/cogs/analytics.py", line 652, in on_member_update
    before_timeout = before.timed_out_until
                     ^^^^^^^^^^^^^^^^^^^^^^
AttributeError: 'Member' object has no attribute 'timed_out_until'
Ignoring exception in on_member_update
Traceback (most recent call last):
  File "/usr/local/lib/python3.12/site-packages/discord/client.py", line 465, in _run_event
    await coro(*args, **kwargs)
  File "/app/asu_discord/cogs/analytics.py", line 652, in on_member_update
    before_timeout = before.timed_out_until
                     ^^^^^^^^^^^^^^^^^^^^^^
AttributeError: 'Member' object has no attribute 'timed_out_until'
Ignoring exception in on_member_update
Traceback (most recent call last):
  File "/usr/local/lib/python3.12/site-packages/discord/client.py", line 465, in _run_event
    await coro(*args, **kwargs)
  File "/app/asu_discord/cogs/analytics.py", line 652, in on_member_update
    before_timeout = before.timed_out_until
                     ^^^^^^^^^^^^^^^^^^^^^^
AttributeError: 'Member' object has no attribute 'timed_out_until'
Ignoring exception in on_member_update
Traceback (most recent call last):
  File "/usr/local/lib/python3.12/site-packages/discord/client.py", line 465, in _run_event
    await coro(*args, **kwargs)
  File "/app/asu_discord/cogs/analytics.py", line 652, in on_member_update
    before_timeout = before.timed_out_until
                     ^^^^^^^^^^^^^^^^^^^^^^
AttributeError: 'Member' object has no attribute 'timed_out_until'
Ignoring exception in on_member_update
Traceback (most recent call last):
  File "/usr/local/lib/python3.12/site-packages/discord/client.py", line 465, in _run_event
    await coro(*args, **kwargs)
  File "/app/asu_discord/cogs/analytics.py", line 652, in on_member_update
    before_timeout = before.timed_out_until
                     ^^^^^^^^^^^^^^^^^^^^^^
AttributeError: 'Member' object has no attribute 'timed_out_until'
Ignoring exception in on_member_update
Traceback (most recent call last):
  File "/usr/local/lib/python3.12/site-packages/discord/client.py", line 465, in _run_event
    await coro(*args, **kwargs)
  File "/app/asu_discord/cogs/analytics.py", line 652, in on_member_update
    before_timeout = before.timed_out_until
                     ^^^^^^^^^^^^^^^^^^^^^^
AttributeError: 'Member' object has no attribute 'timed_out_until'
Ignoring exception in on_member_update
Traceback (most recent call last):
  File "/usr/local/lib/python3.12/site-packages/discord/client.py", line 465, in _run_event
    await coro(*args, **kwargs)
  File "/app/asu_discord/cogs/analytics.py", line 652, in on_member_update
    before_timeout = before.timed_out_until
                     ^^^^^^^^^^^^^^^^^^^^^^
AttributeError: 'Member' object has no attribute 'timed_out_until'
Ignoring exception in on_member_update
Traceback (most recent call last):
  File "/usr/local/lib/python3.12/site-packages/discord/client.py", line 465, in _run_event
    await coro(*args, **kwargs)
  File "/app/asu_discord/cogs/analytics.py", line 652, in on_member_update
    before_timeout = before.timed_out_until
                     ^^^^^^^^^^^^^^^^^^^^^^
AttributeError: 'Member' object has no attribute 'timed_out_until'
Ignoring exception in on_member_update
Traceback (most recent call last):
  File "/usr/local/lib/python3.12/site-packages/discord/client.py", line 465, in _run_event
    await coro(*args, **kwargs)
  File "/app/asu_discord/cogs/analytics.py", line 652, in on_member_update
    before_timeout = before.timed_out_until
                     ^^^^^^^^^^^^^^^^^^^^^^
AttributeError: 'Member' object has no attribute 'timed_out_until'
INFO:asu_discord.cogs.verification:Saved 5 roles to database for user ccaniza1 (Discord ID: 743610922270195793)
INFO:asu_discord.cogs.verification:Refreshed Salesforce roles for Discord user 743610922270195793: -5/+5 roles, assigned=[Arizona Resident, College of Liberal Arts and Sciences, First Generation Student, First Year, Tempe]
Ignoring exception in on_member_update
Traceback (most recent call last):
  File "/usr/local/lib/python3.12/site-packages/discord/client.py", line 465, in _run_event
    await coro(*args, **kwargs)
  File "/app/asu_discord/cogs/analytics.py", line 652, in on_member_update
    before_timeout = before.timed_out_until
                     ^^^^^^^^^^^^^^^^^^^^^^
AttributeError: 'Member' object has no attribute 'timed_out_until'
Ignoring exception in on_member_update
Traceback (most recent call last):
  File "/usr/local/lib/python3.12/site-packages/discord/client.py", line 465, in _run_event
    await coro(*args, **kwargs)
  File "/app/asu_discord/cogs/analytics.py", line 652, in on_member_update
    before_timeout = before.timed_out_until
                     ^^^^^^^^^^^^^^^^^^^^^^
AttributeError: 'Member' object has no attribute 'timed_out_until'
Ignoring exception in on_member_update
Traceback (most recent call last):
  File "/usr/local/lib/python3.12/site-packages/discord/client.py", line 465, in _run_event
    await coro(*args, **kwargs)
  File "/app/asu_discord/cogs/analytics.py", line 652, in on_member_update
    before_timeout = before.timed_out_until
                     ^^^^^^^^^^^^^^^^^^^^^^
AttributeError: 'Member' object has no attribute 'timed_out_until'
Ignoring exception in on_member_update
Traceback (most recent call last):
  File "/usr/local/lib/python3.12/site-packages/discord/client.py", line 465, in _run_event
    await coro(*args, **kwargs)
  File "/app/asu_discord/cogs/analytics.py", line 652, in on_member_update
    before_timeout = before.timed_out_until
                     ^^^^^^^^^^^^^^^^^^^^^^
AttributeError: 'Member' object has no attribute 'timed_out_until'
Ignoring exception in on_member_update
Traceback (most recent call last):
  File "/usr/local/lib/python3.12/site-packages/discord/client.py", line 465, in _run_event
    await coro(*args, **kwargs)
  File "/app/asu_discord/cogs/analytics.py", line 652, in on_member_update
    before_timeout = before.timed_out_until
                     ^^^^^^^^^^^^^^^^^^^^^^
AttributeError: 'Member' object has no attribute 'timed_out_until'
Ignoring exception in on_member_update
Traceback (most recent call last):
  File "/usr/local/lib/python3.12/site-packages/discord/client.py", line 465, in _run_event
    await coro(*args, **kwargs)
  File "/app/asu_discord/cogs/analytics.py", line 652, in on_member_update
    before_timeout = before.timed_out_until
                     ^^^^^^^^^^^^^^^^^^^^^^
AttributeError: 'Member' object has no attribute 'timed_out_until'
Ignoring exception in on_member_update
Traceback (most recent call last):
  File "/usr/local/lib/python3.12/site-packages/discord/client.py", line 465, in _run_event
    await coro(*args, **kwargs)
  File "/app/asu_discord/cogs/analytics.py", line 652, in on_member_update
    before_timeout = before.timed_out_until
                     ^^^^^^^^^^^^^^^^^^^^^^
AttributeError: 'Member' object has no attribute 'timed_out_until'
Ignoring exception in on_member_update
Traceback (most recent call last):
  File "/usr/local/lib/python3.12/site-packages/discord/client.py", line 465, in _run_event
    await coro(*args, **kwargs)
  File "/app/asu_discord/cogs/analytics.py", line 652, in on_member_update
    before_timeout = before.timed_out_until
                     ^^^^^^^^^^^^^^^^^^^^^^
AttributeError: 'Member' object has no attribute 'timed_out_until'
Ignoring exception in on_member_update
Traceback (most recent call last):
  File "/usr/local/lib/python3.12/site-packages/discord/client.py", line 465, in _run_event
    await coro(*args, **kwargs)
  File "/app/asu_discord/cogs/analytics.py", line 652, in on_member_update
    before_timeout = before.timed_out_until
                     ^^^^^^^^^^^^^^^^^^^^^^
AttributeError: 'Member' object has no attribute 'timed_out_until'
Ignoring exception in on_member_update
Traceback (most recent call last):
  File "/usr/local/lib/python3.12/site-packages/discord/client.py", line 465, in _run_event
    await coro(*args, **kwargs)
  File "/app/asu_discord/cogs/analytics.py", line 652, in on_member_update
    before_timeout = before.timed_out_until
                     ^^^^^^^^^^^^^^^^^^^^^^
AttributeError: 'Member' object has no attribute 'timed_out_until'
INFO:asu_discord.cogs.verification:Saved 5 roles to database for user admendie (Discord ID: 712538957950484560)
INFO:asu_discord.cogs.verification:Refreshed Salesforce roles for Discord user 712538957950484560: -5/+5 roles, assigned=[College of Integrative Sciences and Arts, Online, Out of State, Transfer Student, Upperclassmen]
Ignoring exception in on_member_update
Traceback (most recent call last):
  File "/usr/local/lib/python3.12/site-packages/discord/client.py", line 465, in _run_event
    await coro(*args, **kwargs)
  File "/app/asu_discord/cogs/analytics.py", line 652, in on_member_update
    before_timeout = before.timed_out_until
                     ^^^^^^^^^^^^^^^^^^^^^^
AttributeError: 'Member' object has no attribute 'timed_out_until'
Ignoring exception in on_member_update
Traceback (most recent call last):
  File "/usr/local/lib/python3.12/site-packages/discord/client.py", line 465, in _run_event
    await coro(*args, **kwargs)
  File "/app/asu_discord/cogs/analytics.py", line 652, in on_member_update
    before_timeout = before.timed_out_until
                     ^^^^^^^^^^^^^^^^^^^^^^
AttributeError: 'Member' object has no attribute 'timed_out_until'
Ignoring exception in on_member_update
Traceback (most recent call last):
  File "/usr/local/lib/python3.12/site-packages/discord/client.py", line 465, in _run_event
    await coro(*args, **kwargs)
  File "/app/asu_discord/cogs/analytics.py", line 652, in on_member_update
    before_timeout = before.timed_out_until
                     ^^^^^^^^^^^^^^^^^^^^^^
AttributeError: 'Member' object has no attribute 'timed_out_until'
Ignoring exception in on_member_update
Traceback (most recent call last):
  File "/usr/local/lib/python3.12/site-packages/discord/client.py", line 465, in _run_event
    await coro(*args, **kwargs)
  File "/app/asu_discord/cogs/analytics.py", line 652, in on_member_update
    before_timeout = before.timed_out_until
                     ^^^^^^^^^^^^^^^^^^^^^^
AttributeError: 'Member' object has no attribute 'timed_out_until'
Ignoring exception in on_member_update
Traceback (most recent call last):
  File "/usr/local/lib/python3.12/site-packages/discord/client.py", line 465, in _run_event
    await coro(*args, **kwargs)
  File "/app/asu_discord/cogs/analytics.py", line 652, in on_member_update
    before_timeout = before.timed_out_until
                     ^^^^^^^^^^^^^^^^^^^^^^
AttributeError: 'Member' object has no attribute 'timed_out_until'
Ignoring exception in on_member_update
Traceback (most recent call last):
  File "/usr/local/lib/python3.12/site-packages/discord/client.py", line 465, in _run_event
    await coro(*args, **kwargs)
  File "/app/asu_discord/cogs/analytics.py", line 652, in on_member_update
    before_timeout = before.timed_out_until
                     ^^^^^^^^^^^^^^^^^^^^^^
AttributeError: 'Member' object has no attribute 'timed_out_until'
Ignoring exception in on_member_update
Traceback (most recent call last):
  File "/usr/local/lib/python3.12/site-packages/discord/client.py", line 465, in _run_event
    await coro(*args, **kwargs)
  File "/app/asu_discord/cogs/analytics.py", line 652, in on_member_update
    before_timeout = before.timed_out_until
                     ^^^^^^^^^^^^^^^^^^^^^^
AttributeError: 'Member' object has no attribute 'timed_out_until'
Ignoring exception in on_member_update
Traceback (most recent call last):
  File "/usr/local/lib/python3.12/site-packages/discord/client.py", line 465, in _run_event
    await coro(*args, **kwargs)
  File "/app/asu_discord/cogs/analytics.py", line 652, in on_member_update
    before_timeout = before.timed_out_until
                     ^^^^^^^^^^^^^^^^^^^^^^
AttributeError: 'Member' object has no attribute 'timed_out_until'
Ignoring exception in on_member_update
Traceback (most recent call last):
  File "/usr/local/lib/python3.12/site-packages/discord/client.py", line 465, in _run_event
    await coro(*args, **kwargs)
  File "/app/asu_discord/cogs/analytics.py", line 652, in on_member_update
    before_timeout = before.timed_out_until
                     ^^^^^^^^^^^^^^^^^^^^^^
AttributeError: 'Member' object has no attribute 'timed_out_until'
Ignoring exception in on_member_update
Traceback (most recent call last):
  File "/usr/local/lib/python3.12/site-packages/discord/client.py", line 465, in _run_event
    await coro(*args, **kwargs)
  File "/app/asu_discord/cogs/analytics.py", line 652, in on_member_update
    before_timeout = before.timed_out_until
                     ^^^^^^^^^^^^^^^^^^^^^^
AttributeError: 'Member' object has no attribute 'timed_out_until'
INFO:asu_discord.cogs.verification:Saved 5 roles to database for user amivory (Discord ID: 1208973012376752202)
INFO:asu_discord.cogs.verification:Refreshed Salesforce roles for Discord user 1208973012376752202: -5/+5 roles, assigned=[Arizona Resident, College of Integrative Sciences and Arts, Commited, First Year, Polytechnic]
Ignoring exception in on_member_update
Traceback (most recent call last):
  File "/usr/local/lib/python3.12/site-packages/discord/client.py", line 465, in _run_event
    await coro(*args, **kwargs)
  File "/app/asu_discord/cogs/analytics.py", line 652, in on_member_update
    before_timeout = before.timed_out_until
                     ^^^^^^^^^^^^^^^^^^^^^^
AttributeError: 'Member' object has no attribute 'timed_out_until'
Ignoring exception in on_member_update
Traceback (most recent call last):
  File "/usr/local/lib/python3.12/site-packages/discord/client.py", line 465, in _run_event
    await coro(*args, **kwargs)
  File "/app/asu_discord/cogs/analytics.py", line 652, in on_member_update
    before_timeout = before.timed_out_until
                     ^^^^^^^^^^^^^^^^^^^^^^
AttributeError: 'Member' object has no attribute 'timed_out_until'
Ignoring exception in on_member_update
Traceback (most recent call last):
  File "/usr/local/lib/python3.12/site-packages/discord/client.py", line 465, in _run_event
    await coro(*args, **kwargs)
  File "/app/asu_discord/cogs/analytics.py", line 652, in on_member_update
    before_timeout = before.timed_out_until
                     ^^^^^^^^^^^^^^^^^^^^^^
AttributeError: 'Member' object has no attribute 'timed_out_until'
Ignoring exception in on_member_update
Traceback (most recent call last):
  File "/usr/local/lib/python3.12/site-packages/discord/client.py", line 465, in _run_event
    await coro(*args, **kwargs)
  File "/app/asu_discord/cogs/analytics.py", line 652, in on_member_update
    before_timeout = before.timed_out_until
                     ^^^^^^^^^^^^^^^^^^^^^^
AttributeError: 'Member' object has no attribute 'timed_out_until'
Ignoring exception in on_member_update
Traceback (most recent call last):
  File "/usr/local/lib/python3.12/site-packages/discord/client.py", line 465, in _run_event
    await coro(*args, **kwargs)
  File "/app/asu_discord/cogs/analytics.py", line 652, in on_member_update
    before_timeout = before.timed_out_until
                     ^^^^^^^^^^^^^^^^^^^^^^
AttributeError: 'Member' object has no attribute 'timed_out_until'
Ignoring exception in on_member_update
Traceback (most recent call last):
  File "/usr/local/lib/python3.12/site-packages/discord/client.py", line 465, in _run_event
    await coro(*args, **kwargs)
  File "/app/asu_discord/cogs/analytics.py", line 652, in on_member_update
    before_timeout = before.timed_out_until
                     ^^^^^^^^^^^^^^^^^^^^^^
AttributeError: 'Member' object has no attribute 'timed_out_until'
Ignoring exception in on_member_update
Traceback (most recent call last):
  File "/usr/local/lib/python3.12/site-packages/discord/client.py", line 465, in _run_event
    await coro(*args, **kwargs)
  File "/app/asu_discord/cogs/analytics.py", line 652, in on_member_update
    before_timeout = before.timed_out_until
                     ^^^^^^^^^^^^^^^^^^^^^^
AttributeError: 'Member' object has no attribute 'timed_out_until'
Ignoring exception in on_member_update
Traceback (most recent call last):
  File "/usr/local/lib/python3.12/site-packages/discord/client.py", line 465, in _run_event
    await coro(*args, **kwargs)
  File "/app/asu_discord/cogs/analytics.py", line 652, in on_member_update
    before_timeout = before.timed_out_until
                     ^^^^^^^^^^^^^^^^^^^^^^
AttributeError: 'Member' object has no attribute 'timed_out_until'
Ignoring exception in on_member_update
Traceback (most recent call last):
  File "/usr/local/lib/python3.12/site-packages/discord/client.py", line 465, in _run_event
    await coro(*args, **kwargs)
  File "/app/asu_discord/cogs/analytics.py", line 652, in on_member_update
    before_timeout = before.timed_out_until
                     ^^^^^^^^^^^^^^^^^^^^^^
AttributeError: 'Member' object has no attribute 'timed_out_until'
Ignoring exception in on_member_update
Traceback (most recent call last):
  File "/usr/local/lib/python3.12/site-packages/discord/client.py", line 465, in _run_event
    await coro(*args, **kwargs)
  File "/app/asu_discord/cogs/analytics.py", line 652, in on_member_update
    before_timeout = before.timed_out_until
                     ^^^^^^^^^^^^^^^^^^^^^^
AttributeError: 'Member' object has no attribute 'timed_out_until'
Ignoring exception in on_member_update
Traceback (most recent call last):
  File "/usr/local/lib/python3.12/site-packages/discord/client.py", line 465, in _run_event
    await coro(*args, **kwargs)
  File "/app/asu_discord/cogs/analytics.py", line 652, in on_member_update
    before_timeout = before.timed_out_until
                     ^^^^^^^^^^^^^^^^^^^^^^
AttributeError: 'Member' object has no attribute 'timed_out_until'
Ignoring exception in on_member_update
Traceback (most recent call last):
  File "/usr/local/lib/python3.12/site-packages/discord/client.py", line 465, in _run_event
    await coro(*args, **kwargs)
  File "/app/asu_discord/cogs/analytics.py", line 652, in on_member_update
    before_timeout = before.timed_out_until
                     ^^^^^^^^^^^^^^^^^^^^^^
AttributeError: 'Member' object has no attribute 'timed_out_until'
INFO:asu_discord.cogs.verification:Saved 6 roles to database for user aladring (Discord ID: 279798723951722496)
INFO:asu_discord.cogs.verification:Refreshed Salesforce roles for Discord user 279798723951722496: -6/+6 roles, assigned=[Arizona Resident, Commited, First Year, Herberger Institute for Design and the Arts, Tempe, Upperclassmen]
Ignoring exception in on_member_update
Traceback (most recent call last):
  File "/usr/local/lib/python3.12/site-packages/discord/client.py", line 465, in _run_event
    await coro(*args, **kwargs)
  File "/app/asu_discord/cogs/analytics.py", line 652, in on_member_update
    before_timeout = before.timed_out_until
                     ^^^^^^^^^^^^^^^^^^^^^^
AttributeError: 'Member' object has no attribute 'timed_out_until'
Ignoring exception in on_member_update
Traceback (most recent call last):
  File "/usr/local/lib/python3.12/site-packages/discord/client.py", line 465, in _run_event
    await coro(*args, **kwargs)
  File "/app/asu_discord/cogs/analytics.py", line 652, in on_member_update
    before_timeout = before.timed_out_until
                     ^^^^^^^^^^^^^^^^^^^^^^
AttributeError: 'Member' object has no attribute 'timed_out_until'
Ignoring exception in on_member_update
Traceback (most recent call last):
  File "/usr/local/lib/python3.12/site-packages/discord/client.py", line 465, in _run_event
    await coro(*args, **kwargs)
  File "/app/asu_discord/cogs/analytics.py", line 652, in on_member_update
    before_timeout = before.timed_out_until
                     ^^^^^^^^^^^^^^^^^^^^^^
AttributeError: 'Member' object has no attribute 'timed_out_until'
Ignoring exception in on_member_update
Traceback (most recent call last):
  File "/usr/local/lib/python3.12/site-packages/discord/client.py", line 465, in _run_event
    await coro(*args, **kwargs)
  File "/app/asu_discord/cogs/analytics.py", line 652, in on_member_update
    before_timeout = before.timed_out_until
                     ^^^^^^^^^^^^^^^^^^^^^^
AttributeError: 'Member' object has no attribute 'timed_out_until'
Ignoring exception in on_member_update
Traceback (most recent call last):
  File "/usr/local/lib/python3.12/site-packages/discord/client.py", line 465, in _run_event
    await coro(*args, **kwargs)
  File "/app/asu_discord/cogs/analytics.py", line 652, in on_member_update
    before_timeout = before.timed_out_until
                     ^^^^^^^^^^^^^^^^^^^^^^
AttributeError: 'Member' object has no attribute 'timed_out_until'
Ignoring exception in on_member_update
Traceback (most recent call last):
  File "/usr/local/lib/python3.12/site-packages/discord/client.py", line 465, in _run_event
    await coro(*args, **kwargs)
  File "/app/asu_discord/cogs/analytics.py", line 652, in on_member_update
    before_timeout = before.timed_out_until
                     ^^^^^^^^^^^^^^^^^^^^^^
AttributeError: 'Member' object has no attribute 'timed_out_until'
Ignoring exception in on_member_update
Traceback (most recent call last):
  File "/usr/local/lib/python3.12/site-packages/discord/client.py", line 465, in _run_event
    await coro(*args, **kwargs)
  File "/app/asu_discord/cogs/analytics.py", line 652, in on_member_update
    before_timeout = before.timed_out_until
                     ^^^^^^^^^^^^^^^^^^^^^^
AttributeError: 'Member' object has no attribute 'timed_out_until'
Ignoring exception in on_member_update
Traceback (most recent call last):
  File "/usr/local/lib/python3.12/site-packages/discord/client.py", line 465, in _run_event
    await coro(*args, **kwargs)
  File "/app/asu_discord/cogs/analytics.py", line 652, in on_member_update
    before_timeout = before.timed_out_until
                     ^^^^^^^^^^^^^^^^^^^^^^
AttributeError: 'Member' object has no attribute 'timed_out_until'
Ignoring exception in on_member_update
Traceback (most recent call last):
  File "/usr/local/lib/python3.12/site-packages/discord/client.py", line 465, in _run_event
    await coro(*args, **kwargs)
  File "/app/asu_discord/cogs/analytics.py", line 652, in on_member_update
    before_timeout = before.timed_out_until
                     ^^^^^^^^^^^^^^^^^^^^^^
AttributeError: 'Member' object has no attribute 'timed_out_until'
Ignoring exception in on_member_update
Traceback (most recent call last):
  File "/usr/local/lib/python3.12/site-packages/discord/client.py", line 465, in _run_event
    await coro(*args, **kwargs)
  File "/app/asu_discord/cogs/analytics.py", line 652, in on_member_update
    before_timeout = before.timed_out_until
                     ^^^^^^^^^^^^^^^^^^^^^^
AttributeError: 'Member' object has no attribute 'timed_out_until'
INFO:asu_discord.cogs.verification:Saved 5 roles to database for user ibrophy1 (Discord ID: 1393319215351595028)
INFO:asu_discord.cogs.verification:Refreshed Salesforce roles for Discord user 1393319215351595028: -5/+5 roles, assigned=[Arizona Resident, Commited, First Year, Herberger Institute for Design and the Arts, Tempe]
Ignoring exception in on_member_update
Traceback (most recent call last):
  File "/usr/local/lib/python3.12/site-packages/discord/client.py", line 465, in _run_event
    await coro(*args, **kwargs)
  File "/app/asu_discord/cogs/analytics.py", line 652, in on_member_update
    before_timeout = before.timed_out_until
                     ^^^^^^^^^^^^^^^^^^^^^^
AttributeError: 'Member' object has no attribute 'timed_out_until'
Ignoring exception in on_member_update
Traceback (most recent call last):
  File "/usr/local/lib/python3.12/site-packages/discord/client.py", line 465, in _run_event
    await coro(*args, **kwargs)
  File "/app/asu_discord/cogs/analytics.py", line 652, in on_member_update
    before_timeout = before.timed_out_until
                     ^^^^^^^^^^^^^^^^^^^^^^
AttributeError: 'Member' object has no attribute 'timed_out_until'
Ignoring exception in on_member_update
Traceback (most recent call last):
  File "/usr/local/lib/python3.12/site-packages/discord/client.py", line 465, in _run_event
    await coro(*args, **kwargs)
  File "/app/asu_discord/cogs/analytics.py", line 652, in on_member_update
    before_timeout = before.timed_out_until
                     ^^^^^^^^^^^^^^^^^^^^^^
AttributeError: 'Member' object has no attribute 'timed_out_until'
Ignoring exception in on_member_update
Traceback (most recent call last):
  File "/usr/local/lib/python3.12/site-packages/discord/client.py", line 465, in _run_event
    await coro(*args, **kwargs)
  File "/app/asu_discord/cogs/analytics.py", line 652, in on_member_update
    before_timeout = before.timed_out_until
                     ^^^^^^^^^^^^^^^^^^^^^^
AttributeError: 'Member' object has no attribute 'timed_out_until'
Ignoring exception in on_member_update
Traceback (most recent call last):
  File "/usr/local/lib/python3.12/site-packages/discord/client.py", line 465, in _run_event
    await coro(*args, **kwargs)
  File "/app/asu_discord/cogs/analytics.py", line 652, in on_member_update
    before_timeout = before.timed_out_until
                     ^^^^^^^^^^^^^^^^^^^^^^
AttributeError: 'Member' object has no attribute 'timed_out_until'
Ignoring exception in on_member_update
Traceback (most recent call last):
  File "/usr/local/lib/python3.12/site-packages/discord/client.py", line 465, in _run_event
    await coro(*args, **kwargs)
  File "/app/asu_discord/cogs/analytics.py", line 652, in on_member_update
    before_timeout = before.timed_out_until
                     ^^^^^^^^^^^^^^^^^^^^^^
AttributeError: 'Member' object has no attribute 'timed_out_until'
Ignoring exception in on_member_update
Traceback (most recent call last):
  File "/usr/local/lib/python3.12/site-packages/discord/client.py", line 465, in _run_event
    await coro(*args, **kwargs)
  File "/app/asu_discord/cogs/analytics.py", line 652, in on_member_update
    before_timeout = before.timed_out_until
                     ^^^^^^^^^^^^^^^^^^^^^^
AttributeError: 'Member' object has no attribute 'timed_out_until'
Ignoring exception in on_member_update
Traceback (most recent call last):
  File "/usr/local/lib/python3.12/site-packages/discord/client.py", line 465, in _run_event
    await coro(*args, **kwargs)
  File "/app/asu_discord/cogs/analytics.py", line 652, in on_member_update
    before_timeout = before.timed_out_until
                     ^^^^^^^^^^^^^^^^^^^^^^
AttributeError: 'Member' object has no attribute 'timed_out_until'
Ignoring exception in on_member_update
Traceback (most recent call last):
  File "/usr/local/lib/python3.12/site-packages/discord/client.py", line 465, in _run_event
    await coro(*args, **kwargs)
  File "/app/asu_discord/cogs/analytics.py", line 652, in on_member_update
    before_timeout = before.timed_out_until
                     ^^^^^^^^^^^^^^^^^^^^^^
AttributeError: 'Member' object has no attribute 'timed_out_until'
Ignoring exception in on_member_update
Traceback (most recent call last):
  File "/usr/local/lib/python3.12/site-packages/discord/client.py", line 465, in _run_event
    await coro(*args, **kwargs)
  File "/app/asu_discord/cogs/analytics.py", line 652, in on_member_update
    before_timeout = before.timed_out_until
                     ^^^^^^^^^^^^^^^^^^^^^^
AttributeError: 'Member' object has no attribute 'timed_out_until'
INFO:asu_discord.cogs.verification:Saved 5 roles to database for user cunsal (Discord ID: 396336719336833025)
INFO:asu_discord.cogs.verification:Refreshed Salesforce roles for Discord user 396336719336833025: -5/+5 roles, assigned=[Commited, First Year, International Student, Ira A. Fulton Schools of Engineering, Tempe]
Ignoring exception in on_member_update
Traceback (most recent call last):
  File "/usr/local/lib/python3.12/site-packages/discord/client.py", line 465, in _run_event
    await coro(*args, **kwargs)
  File "/app/asu_discord/cogs/analytics.py", line 652, in on_member_update
    before_timeout = before.timed_out_until
                     ^^^^^^^^^^^^^^^^^^^^^^
AttributeError: 'Member' object has no attribute 'timed_out_until'
Ignoring exception in on_member_update
Traceback (most recent call last):
  File "/usr/local/lib/python3.12/site-packages/discord/client.py", line 465, in _run_event
    await coro(*args, **kwargs)
  File "/app/asu_discord/cogs/analytics.py", line 652, in on_member_update
    before_timeout = before.timed_out_until
                     ^^^^^^^^^^^^^^^^^^^^^^
AttributeError: 'Member' object has no attribute 'timed_out_until'
Ignoring exception in on_member_update
Traceback (most recent call last):
  File "/usr/local/lib/python3.12/site-packages/discord/client.py", line 465, in _run_event
    await coro(*args, **kwargs)
  File "/app/asu_discord/cogs/analytics.py", line 652, in on_member_update
    before_timeout = before.timed_out_until
                     ^^^^^^^^^^^^^^^^^^^^^^
AttributeError: 'Member' object has no attribute 'timed_out_until'
Ignoring exception in on_member_update
Traceback (most recent call last):
  File "/usr/local/lib/python3.12/site-packages/discord/client.py", line 465, in _run_event
    await coro(*args, **kwargs)
  File "/app/asu_discord/cogs/analytics.py", line 652, in on_member_update
    before_timeout = before.timed_out_until
                     ^^^^^^^^^^^^^^^^^^^^^^
AttributeError: 'Member' object has no attribute 'timed_out_until'
Ignoring exception in on_member_update
Traceback (most recent call last):
  File "/usr/local/lib/python3.12/site-packages/discord/client.py", line 465, in _run_event
    await coro(*args, **kwargs)
  File "/app/asu_discord/cogs/analytics.py", line 652, in on_member_update
    before_timeout = before.timed_out_until
                     ^^^^^^^^^^^^^^^^^^^^^^
AttributeError: 'Member' object has no attribute 'timed_out_until'
Ignoring exception in on_member_update
Traceback (most recent call last):
  File "/usr/local/lib/python3.12/site-packages/discord/client.py", line 465, in _run_event
    await coro(*args, **kwargs)
  File "/app/asu_discord/cogs/analytics.py", line 652, in on_member_update
    before_timeout = before.timed_out_until
                     ^^^^^^^^^^^^^^^^^^^^^^
AttributeError: 'Member' object has no attribute 'timed_out_until'
Ignoring exception in on_member_update
Traceback (most recent call last):
  File "/usr/local/lib/python3.12/site-packages/discord/client.py", line 465, in _run_event
    await coro(*args, **kwargs)
  File "/app/asu_discord/cogs/analytics.py", line 652, in on_member_update
    before_timeout = before.timed_out_until
                     ^^^^^^^^^^^^^^^^^^^^^^
AttributeError: 'Member' object has no attribute 'timed_out_until'
Ignoring exception in on_member_update
Traceback (most recent call last):
  File "/usr/local/lib/python3.12/site-packages/discord/client.py", line 465, in _run_event
    await coro(*args, **kwargs)
  File "/app/asu_discord/cogs/analytics.py", line 652, in on_member_update
    before_timeout = before.timed_out_until
                     ^^^^^^^^^^^^^^^^^^^^^^
AttributeError: 'Member' object has no attribute 'timed_out_until'
Ignoring exception in on_member_update
Traceback (most recent call last):
  File "/usr/local/lib/python3.12/site-packages/discord/client.py", line 465, in _run_event
    await coro(*args, **kwargs)
  File "/app/asu_discord/cogs/analytics.py", line 652, in on_member_update
    before_timeout = before.timed_out_until
                     ^^^^^^^^^^^^^^^^^^^^^^
AttributeError: 'Member' object has no attribute 'timed_out_until'
Ignoring exception in on_member_update
Traceback (most recent call last):
  File "/usr/local/lib/python3.12/site-packages/discord/client.py", line 465, in _run_event
    await coro(*args, **kwargs)
  File "/app/asu_discord/cogs/analytics.py", line 652, in on_member_update
    before_timeout = before.timed_out_until
                     ^^^^^^^^^^^^^^^^^^^^^^
AttributeError: 'Member' object has no attribute 'timed_out_until'
INFO:asu_discord.cogs.verification:Saved 5 roles to database for user kramse16 (Discord ID: 471045305513541632)
INFO:asu_discord.cogs.verification:Refreshed Salesforce roles for Discord user 471045305513541632: -5/+5 roles, assigned=[Arizona Resident, College of Global Futures, Commited, First Year, Tempe]
ERROR:cron.jobs:refresh_salesforce_roles: failed for rwitt4 (Discord ID 364046975555076102): Failed to refresh Salesforce-based roles: Discord user 364046975555076102 is not a member of the guild
ERROR:cron.jobs:refresh_salesforce_roles: failed for jyang477 (Discord ID 345303923935936523): Failed to refresh Salesforce-based roles: Discord user 345303923935936523 is not a member of the guild
Ignoring exception in on_member_update
Traceback (most recent call last):
  File "/usr/local/lib/python3.12/site-packages/discord/client.py", line 465, in _run_event
    await coro(*args, **kwargs)
  File "/app/asu_discord/cogs/analytics.py", line 652, in on_member_update
    before_timeout = before.timed_out_until
                     ^^^^^^^^^^^^^^^^^^^^^^
AttributeError: 'Member' object has no attribute 'timed_out_until'
Ignoring exception in on_member_update
Traceback (most recent call last):
  File "/usr/local/lib/python3.12/site-packages/discord/client.py", line 465, in _run_event
    await coro(*args, **kwargs)
  File "/app/asu_discord/cogs/analytics.py", line 652, in on_member_update
    before_timeout = before.timed_out_until
                     ^^^^^^^^^^^^^^^^^^^^^^
AttributeError: 'Member' object has no attribute 'timed_out_until'
Ignoring exception in on_member_update
Traceback (most recent call last):
  File "/usr/local/lib/python3.12/site-packages/discord/client.py", line 465, in _run_event
    await coro(*args, **kwargs)
  File "/app/asu_discord/cogs/analytics.py", line 652, in on_member_update
    before_timeout = before.timed_out_until
                     ^^^^^^^^^^^^^^^^^^^^^^
AttributeError: 'Member' object has no attribute 'timed_out_until'
Ignoring exception in on_member_update
Traceback (most recent call last):
  File "/usr/local/lib/python3.12/site-packages/discord/client.py", line 465, in _run_event
    await coro(*args, **kwargs)
  File "/app/asu_discord/cogs/analytics.py", line 652, in on_member_update
    before_timeout = before.timed_out_until
                     ^^^^^^^^^^^^^^^^^^^^^^
AttributeError: 'Member' object has no attribute 'timed_out_until'
Ignoring exception in on_member_update
Traceback (most recent call last):
  File "/usr/local/lib/python3.12/site-packages/discord/client.py", line 465, in _run_event
    await coro(*args, **kwargs)
  File "/app/asu_discord/cogs/analytics.py", line 652, in on_member_update
    before_timeout = before.timed_out_until
                     ^^^^^^^^^^^^^^^^^^^^^^
AttributeError: 'Member' object has no attribute 'timed_out_until'
Ignoring exception in on_member_update
Traceback (most recent call last):
  File "/usr/local/lib/python3.12/site-packages/discord/client.py", line 465, in _run_event
    await coro(*args, **kwargs)
  File "/app/asu_discord/cogs/analytics.py", line 652, in on_member_update
    before_timeout = before.timed_out_until
                     ^^^^^^^^^^^^^^^^^^^^^^
AttributeError: 'Member' object has no attribute 'timed_out_until'
Ignoring exception in on_member_update
Traceback (most recent call last):
  File "/usr/local/lib/python3.12/site-packages/discord/client.py", line 465, in _run_event
    await coro(*args, **kwargs)
  File "/app/asu_discord/cogs/analytics.py", line 652, in on_member_update
    before_timeout = before.timed_out_until
                     ^^^^^^^^^^^^^^^^^^^^^^
AttributeError: 'Member' object has no attribute 'timed_out_until'
Ignoring exception in on_member_update
Traceback (most recent call last):
  File "/usr/local/lib/python3.12/site-packages/discord/client.py", line 465, in _run_event
    await coro(*args, **kwargs)
  File "/app/asu_discord/cogs/analytics.py", line 652, in on_member_update
    before_timeout = before.timed_out_until
                     ^^^^^^^^^^^^^^^^^^^^^^
AttributeError: 'Member' object has no attribute 'timed_out_until'
Ignoring exception in on_member_update
Traceback (most recent call last):
  File "/usr/local/lib/python3.12/site-packages/discord/client.py", line 465, in _run_event
    await coro(*args, **kwargs)
  File "/app/asu_discord/cogs/analytics.py", line 652, in on_member_update
    before_timeout = before.timed_out_until
                     ^^^^^^^^^^^^^^^^^^^^^^
AttributeError: 'Member' object has no attribute 'timed_out_until'
Ignoring exception in on_member_update
Traceback (most recent call last):
  File "/usr/local/lib/python3.12/site-packages/discord/client.py", line 465, in _run_event
    await coro(*args, **kwargs)
  File "/app/asu_discord/cogs/analytics.py", line 652, in on_member_update
    before_timeout = before.timed_out_until
                     ^^^^^^^^^^^^^^^^^^^^^^
AttributeError: 'Member' object has no attribute 'timed_out_until'
ERROR:cron.jobs:refresh_salesforce_roles: failed for syork124 (Discord ID 1112529385560477737): Timed out refresh Salesforce-based roles
Ignoring exception in on_member_update
Traceback (most recent call last):
  File "/usr/local/lib/python3.12/site-packages/discord/client.py", line 465, in _run_event
    await coro(*args, **kwargs)
  File "/app/asu_discord/cogs/analytics.py", line 652, in on_member_update
    before_timeout = before.timed_out_until
                     ^^^^^^^^^^^^^^^^^^^^^^
AttributeError: 'Member' object has no attribute 'timed_out_until'
Ignoring exception in on_member_update
Traceback (most recent call last):
  File "/usr/local/lib/python3.12/site-packages/discord/client.py", line 465, in _run_event
    await coro(*args, **kwargs)
  File "/app/asu_discord/cogs/analytics.py", line 652, in on_member_update
    before_timeout = before.timed_out_until
                     ^^^^^^^^^^^^^^^^^^^^^^
AttributeError: 'Member' object has no attribute 'timed_out_until'
Ignoring exception in on_member_update
Traceback (most recent call last):
  File "/usr/local/lib/python3.12/site-packages/discord/client.py", line 465, in _run_event
    await coro(*args, **kwargs)
  File "/app/asu_discord/cogs/analytics.py", line 652, in on_member_update
    before_timeout = before.timed_out_until
                     ^^^^^^^^^^^^^^^^^^^^^^
AttributeError: 'Member' object has no attribute 'timed_out_until'
Ignoring exception in on_member_update
Traceback (most recent call last):
  File "/usr/local/lib/python3.12/site-packages/discord/client.py", line 465, in _run_event
    await coro(*args, **kwargs)
  File "/app/asu_discord/cogs/analytics.py", line 652, in on_member_update
    before_timeout = before.timed_out_until
                     ^^^^^^^^^^^^^^^^^^^^^^
AttributeError: 'Member' object has no attribute 'timed_out_until'
Ignoring exception in on_member_update
Traceback (most recent call last):
  File "/usr/local/lib/python3.12/site-packages/discord/client.py", line 465, in _run_event
    await coro(*args, **kwargs)
  File "/app/asu_discord/cogs/analytics.py", line 652, in on_member_update
    before_timeout = before.timed_out_until
                     ^^^^^^^^^^^^^^^^^^^^^^
AttributeError: 'Member' object has no attribute 'timed_out_until'
Ignoring exception in on_member_update
Traceback (most recent call last):
  File "/usr/local/lib/python3.12/site-packages/discord/client.py", line 465, in _run_event
    await coro(*args, **kwargs)
  File "/app/asu_discord/cogs/analytics.py", line 652, in on_member_update
    before_timeout = before.timed_out_until
                     ^^^^^^^^^^^^^^^^^^^^^^
AttributeError: 'Member' object has no attribute 'timed_out_until'
Ignoring exception in on_member_update
Traceback (most recent call last):
  File "/usr/local/lib/python3.12/site-packages/discord/client.py", line 465, in _run_event
    await coro(*args, **kwargs)
  File "/app/asu_discord/cogs/analytics.py", line 652, in on_member_update
    before_timeout = before.timed_out_until
                     ^^^^^^^^^^^^^^^^^^^^^^
AttributeError: 'Member' object has no attribute 'timed_out_until'
Ignoring exception in on_member_update
Traceback (most recent call last):
  File "/usr/local/lib/python3.12/site-packages/discord/client.py", line 465, in _run_event
    await coro(*args, **kwargs)
  File "/app/asu_discord/cogs/analytics.py", line 652, in on_member_update
    before_timeout = before.timed_out_until
                     ^^^^^^^^^^^^^^^^^^^^^^
AttributeError: 'Member' object has no attribute 'timed_out_until'
Ignoring exception in on_member_update
Traceback (most recent call last):
  File "/usr/local/lib/python3.12/site-packages/discord/client.py", line 465, in _run_event
    await coro(*args, **kwargs)
  File "/app/asu_discord/cogs/analytics.py", line 652, in on_member_update
    before_timeout = before.timed_out_until
                     ^^^^^^^^^^^^^^^^^^^^^^
AttributeError: 'Member' object has no attribute 'timed_out_until'
Ignoring exception in on_member_update
Traceback (most recent call last):
  File "/usr/local/lib/python3.12/site-packages/discord/client.py", line 465, in _run_event
    await coro(*args, **kwargs)
  File "/app/asu_discord/cogs/analytics.py", line 652, in on_member_update
    before_timeout = before.timed_out_until
                     ^^^^^^^^^^^^^^^^^^^^^^
AttributeError: 'Member' object has no attribute 'timed_out_until'
ERROR:cron.jobs:refresh_salesforce_roles: failed for sspatro (Discord ID 1100238595182309406): Timed out refresh Salesforce-based roles
ERROR:cron.jobs:refresh_salesforce_roles: failed for dmurugap (Discord ID 743385606364856324): Failed to refresh Salesforce-based roles: Discord user 743385606364856324 is not a member of the guild
Ignoring exception in on_member_update
Traceback (most recent call last):
  File "/usr/local/lib/python3.12/site-packages/discord/client.py", line 465, in _run_event
    await coro(*args, **kwargs)
  File "/app/asu_discord/cogs/analytics.py", line 652, in on_member_update
    before_timeout = before.timed_out_until
                     ^^^^^^^^^^^^^^^^^^^^^^
AttributeError: 'Member' object has no attribute 'timed_out_until'
Ignoring exception in on_member_update
Traceback (most recent call last):
  File "/usr/local/lib/python3.12/site-packages/discord/client.py", line 465, in _run_event
    await coro(*args, **kwargs)
  File "/app/asu_discord/cogs/analytics.py", line 652, in on_member_update
    before_timeout = before.timed_out_until
                     ^^^^^^^^^^^^^^^^^^^^^^
AttributeError: 'Member' object has no attribute 'timed_out_until'
Ignoring exception in on_member_update
Traceback (most recent call last):
  File "/usr/local/lib/python3.12/site-packages/discord/client.py", line 465, in _run_event
    await coro(*args, **kwargs)
  File "/app/asu_discord/cogs/analytics.py", line 652, in on_member_update
    before_timeout = before.timed_out_until
                     ^^^^^^^^^^^^^^^^^^^^^^
AttributeError: 'Member' object has no attribute 'timed_out_until'
Ignoring exception in on_member_update
Traceback (most recent call last):
  File "/usr/local/lib/python3.12/site-packages/discord/client.py", line 465, in _run_event
    await coro(*args, **kwargs)
  File "/app/asu_discord/cogs/analytics.py", line 652, in on_member_update
    before_timeout = before.timed_out_until
                     ^^^^^^^^^^^^^^^^^^^^^^
AttributeError: 'Member' object has no attribute 'timed_out_until'
Ignoring exception in on_member_update
Traceback (most recent call last):
  File "/usr/local/lib/python3.12/site-packages/discord/client.py", line 465, in _run_event
    await coro(*args, **kwargs)
  File "/app/asu_discord/cogs/analytics.py", line 652, in on_member_update
    before_timeout = before.timed_out_until
                     ^^^^^^^^^^^^^^^^^^^^^^
AttributeError: 'Member' object has no attribute 'timed_out_until'
Ignoring exception in on_member_update
Traceback (most recent call last):
  File "/usr/local/lib/python3.12/site-packages/discord/client.py", line 465, in _run_event
    await coro(*args, **kwargs)
  File "/app/asu_discord/cogs/analytics.py", line 652, in on_member_update
    before_timeout = before.timed_out_until
                     ^^^^^^^^^^^^^^^^^^^^^^
AttributeError: 'Member' object has no attribute 'timed_out_until'
Ignoring exception in on_member_update
Traceback (most recent call last):
  File "/usr/local/lib/python3.12/site-packages/discord/client.py", line 465, in _run_event
    await coro(*args, **kwargs)
  File "/app/asu_discord/cogs/analytics.py", line 652, in on_member_update
    before_timeout = before.timed_out_until
                     ^^^^^^^^^^^^^^^^^^^^^^
AttributeError: 'Member' object has no attribute 'timed_out_until'
Ignoring exception in on_member_update
Traceback (most recent call last):
  File "/usr/local/lib/python3.12/site-packages/discord/client.py", line 465, in _run_event
    await coro(*args, **kwargs)
  File "/app/asu_discord/cogs/analytics.py", line 652, in on_member_update
    before_timeout = before.timed_out_until
                     ^^^^^^^^^^^^^^^^^^^^^^
AttributeError: 'Member' object has no attribute 'timed_out_until'
Ignoring exception in on_member_update
Traceback (most recent call last):
  File "/usr/local/lib/python3.12/site-packages/discord/client.py", line 465, in _run_event
    await coro(*args, **kwargs)
  File "/app/asu_discord/cogs/analytics.py", line 652, in on_member_update
    before_timeout = before.timed_out_until
                     ^^^^^^^^^^^^^^^^^^^^^^
AttributeError: 'Member' object has no attribute 'timed_out_until'
Ignoring exception in on_member_update
Traceback (most recent call last):
  File "/usr/local/lib/python3.12/site-packages/discord/client.py", line 465, in _run_event
    await coro(*args, **kwargs)
  File "/app/asu_discord/cogs/analytics.py", line 652, in on_member_update
    before_timeout = before.timed_out_until
                     ^^^^^^^^^^^^^^^^^^^^^^
AttributeError: 'Member' object has no attribute 'timed_out_until'
INFO:asu_discord.cogs.verification:Saved 5 roles to database for user ksakinc (Discord ID: 458201596720054302)
INFO:asu_discord.cogs.verification:Refreshed Salesforce roles for Discord user 458201596720054302: -5/+5 roles, assigned=[Commited, First Year, International Student, Ira A. Fulton Schools of Engineering, Tempe]
INFO:asu_discord.salesforce:No Salesforce opportunities found for lzaim
INFO:cron.jobs:refresh_salesforce_roles: skipping lzaim: no profile returned
ERROR:cron.jobs:refresh_salesforce_roles: failed for veferna2 (Discord ID 713195101425369108): Failed to refresh Salesforce-based roles: Discord user 713195101425369108 is not a member of the guild
ERROR:cron.jobs:refresh_salesforce_roles: failed for macost64 (Discord ID 675327899729002496): Failed to refresh Salesforce-based roles: Discord user 675327899729002496 is not a member of the guild
ERROR:cron.jobs:refresh_salesforce_roles: failed for zalshula (Discord ID 862823912949415936): Failed to refresh Salesforce-based roles: Discord user 862823912949415936 is not a member of the guild
ERROR:cron.jobs:refresh_salesforce_roles: failed for rwcotter (Discord ID 424369607470743552): Failed to refresh Salesforce-based roles: Discord user 424369607470743552 is not a member of the guild
Ignoring exception in on_member_update
Traceback (most recent call last):
  File "/usr/local/lib/python3.12/site-packages/discord/client.py", line 465, in _run_event
    await coro(*args, **kwargs)
  File "/app/asu_discord/cogs/analytics.py", line 652, in on_member_update
    before_timeout = before.timed_out_until
                     ^^^^^^^^^^^^^^^^^^^^^^
AttributeError: 'Member' object has no attribute 'timed_out_until'
Ignoring exception in on_member_update
Traceback (most recent call last):
  File "/usr/local/lib/python3.12/site-packages/discord/client.py", line 465, in _run_event
    await coro(*args, **kwargs)
  File "/app/asu_discord/cogs/analytics.py", line 652, in on_member_update
    before_timeout = before.timed_out_until
                     ^^^^^^^^^^^^^^^^^^^^^^
AttributeError: 'Member' object has no attribute 'timed_out_until'
Ignoring exception in on_member_update
Traceback (most recent call last):
  File "/usr/local/lib/python3.12/site-packages/discord/client.py", line 465, in _run_event
    await coro(*args, **kwargs)
  File "/app/asu_discord/cogs/analytics.py", line 652, in on_member_update
    before_timeout = before.timed_out_until
                     ^^^^^^^^^^^^^^^^^^^^^^
AttributeError: 'Member' object has no attribute 'timed_out_until'
Ignoring exception in on_member_update
Traceback (most recent call last):
  File "/usr/local/lib/python3.12/site-packages/discord/client.py", line 465, in _run_event
    await coro(*args, **kwargs)
  File "/app/asu_discord/cogs/analytics.py", line 652, in on_member_update
    before_timeout = before.timed_out_until
                     ^^^^^^^^^^^^^^^^^^^^^^
AttributeError: 'Member' object has no attribute 'timed_out_until'
Ignoring exception in on_member_update
Traceback (most recent call last):
  File "/usr/local/lib/python3.12/site-packages/discord/client.py", line 465, in _run_event
    await coro(*args, **kwargs)
  File "/app/asu_discord/cogs/analytics.py", line 652, in on_member_update
    before_timeout = before.timed_out_until
                     ^^^^^^^^^^^^^^^^^^^^^^
AttributeError: 'Member' object has no attribute 'timed_out_until'
Ignoring exception in on_member_update
Traceback (most recent call last):
  File "/usr/local/lib/python3.12/site-packages/discord/client.py", line 465, in _run_event
    await coro(*args, **kwargs)
  File "/app/asu_discord/cogs/analytics.py", line 652, in on_member_update
    before_timeout = before.timed_out_until
                     ^^^^^^^^^^^^^^^^^^^^^^
AttributeError: 'Member' object has no attribute 'timed_out_until'
Ignoring exception in on_member_update
Traceback (most recent call last):
  File "/usr/local/lib/python3.12/site-packages/discord/client.py", line 465, in _run_event
    await coro(*args, **kwargs)
  File "/app/asu_discord/cogs/analytics.py", line 652, in on_member_update
    before_timeout = before.timed_out_until
                     ^^^^^^^^^^^^^^^^^^^^^^
AttributeError: 'Member' object has no attribute 'timed_out_until'
Ignoring exception in on_member_update
Traceback (most recent call last):
  File "/usr/local/lib/python3.12/site-packages/discord/client.py", line 465, in _run_event
    await coro(*args, **kwargs)
  File "/app/asu_discord/cogs/analytics.py", line 652, in on_member_update
    before_timeout = before.timed_out_until
                     ^^^^^^^^^^^^^^^^^^^^^^
AttributeError: 'Member' object has no attribute 'timed_out_until'
Ignoring exception in on_member_update
Traceback (most recent call last):
  File "/usr/local/lib/python3.12/site-packages/discord/client.py", line 465, in _run_event
    await coro(*args, **kwargs)
  File "/app/asu_discord/cogs/analytics.py", line 652, in on_member_update
    before_timeout = before.timed_out_until
                     ^^^^^^^^^^^^^^^^^^^^^^
AttributeError: 'Member' object has no attribute 'timed_out_until'
Ignoring exception in on_member_update
Traceback (most recent call last):
  File "/usr/local/lib/python3.12/site-packages/discord/client.py", line 465, in _run_event
    await coro(*args, **kwargs)
  File "/app/asu_discord/cogs/analytics.py", line 652, in on_member_update
    before_timeout = before.timed_out_until
                     ^^^^^^^^^^^^^^^^^^^^^^
AttributeError: 'Member' object has no attribute 'timed_out_until'
INFO:asu_discord.cogs.verification:Saved 5 roles to database for user neparis (Discord ID: 691404014050345000)
INFO:asu_discord.cogs.verification:Refreshed Salesforce roles for Discord user 691404014050345000: -5/+5 roles, assigned=[College of Liberal Arts and Sciences, Commited, Graduate Student, Out of State, Tempe]
Ignoring exception in on_member_update
Traceback (most recent call last):
  File "/usr/local/lib/python3.12/site-packages/discord/client.py", line 465, in _run_event
    await coro(*args, **kwargs)
  File "/app/asu_discord/cogs/analytics.py", line 652, in on_member_update
    before_timeout = before.timed_out_until
                     ^^^^^^^^^^^^^^^^^^^^^^
AttributeError: 'Member' object has no attribute 'timed_out_until'
Ignoring exception in on_member_update
Traceback (most recent call last):
  File "/usr/local/lib/python3.12/site-packages/discord/client.py", line 465, in _run_event
    await coro(*args, **kwargs)
  File "/app/asu_discord/cogs/analytics.py", line 652, in on_member_update
    before_timeout = before.timed_out_until
                     ^^^^^^^^^^^^^^^^^^^^^^
AttributeError: 'Member' object has no attribute 'timed_out_until'
Ignoring exception in on_member_update
Traceback (most recent call last):
  File "/usr/local/lib/python3.12/site-packages/discord/client.py", line 465, in _run_event
    await coro(*args, **kwargs)
  File "/app/asu_discord/cogs/analytics.py", line 652, in on_member_update
    before_timeout = before.timed_out_until
                     ^^^^^^^^^^^^^^^^^^^^^^
AttributeError: 'Member' object has no attribute 'timed_out_until'
Ignoring exception in on_member_update
Traceback (most recent call last):
  File "/usr/local/lib/python3.12/site-packages/discord/client.py", line 465, in _run_event
    await coro(*args, **kwargs)
  File "/app/asu_discord/cogs/analytics.py", line 652, in on_member_update
    before_timeout = before.timed_out_until
                     ^^^^^^^^^^^^^^^^^^^^^^
AttributeError: 'Member' object has no attribute 'timed_out_until'
Ignoring exception in on_member_update
Traceback (most recent call last):
  File "/usr/local/lib/python3.12/site-packages/discord/client.py", line 465, in _run_event
    await coro(*args, **kwargs)
  File "/app/asu_discord/cogs/analytics.py", line 652, in on_member_update
    before_timeout = before.timed_out_until
                     ^^^^^^^^^^^^^^^^^^^^^^
AttributeError: 'Member' object has no attribute 'timed_out_until'
Ignoring exception in on_member_update
Traceback (most recent call last):
  File "/usr/local/lib/python3.12/site-packages/discord/client.py", line 465, in _run_event
    await coro(*args, **kwargs)
  File "/app/asu_discord/cogs/analytics.py", line 652, in on_member_update
    before_timeout = before.timed_out_until
                     ^^^^^^^^^^^^^^^^^^^^^^
AttributeError: 'Member' object has no attribute 'timed_out_until'
Ignoring exception in on_member_update
Traceback (most recent call last):
  File "/usr/local/lib/python3.12/site-packages/discord/client.py", line 465, in _run_event
    await coro(*args, **kwargs)
  File "/app/asu_discord/cogs/analytics.py", line 652, in on_member_update
    before_timeout = before.timed_out_until
                     ^^^^^^^^^^^^^^^^^^^^^^
AttributeError: 'Member' object has no attribute 'timed_out_until'
Ignoring exception in on_member_update
Traceback (most recent call last):
  File "/usr/local/lib/python3.12/site-packages/discord/client.py", line 465, in _run_event
    await coro(*args, **kwargs)
  File "/app/asu_discord/cogs/analytics.py", line 652, in on_member_update
    before_timeout = before.timed_out_until
                     ^^^^^^^^^^^^^^^^^^^^^^
AttributeError: 'Member' object has no attribute 'timed_out_until'
Ignoring exception in on_member_update
Traceback (most recent call last):
  File "/usr/local/lib/python3.12/site-packages/discord/client.py", line 465, in _run_event
    await coro(*args, **kwargs)
  File "/app/asu_discord/cogs/analytics.py", line 652, in on_member_update
    before_timeout = before.timed_out_until
                     ^^^^^^^^^^^^^^^^^^^^^^
AttributeError: 'Member' object has no attribute 'timed_out_until'
Ignoring exception in on_member_update
Traceback (most recent call last):
  File "/usr/local/lib/python3.12/site-packages/discord/client.py", line 465, in _run_event
    await coro(*args, **kwargs)
  File "/app/asu_discord/cogs/analytics.py", line 652, in on_member_update
    before_timeout = before.timed_out_until
                     ^^^^^^^^^^^^^^^^^^^^^^
AttributeError: 'Member' object has no attribute 'timed_out_until'
INFO:asu_discord.cogs.verification:Saved 5 roles to database for user nfayad2 (Discord ID: 1382488255802642613)
INFO:asu_discord.cogs.verification:Refreshed Salesforce roles for Discord user 1382488255802642613: -5/+5 roles, assigned=[Arizona Resident, Commited, First Year, Herberger Institute for Design and the Arts, Tempe]
Ignoring exception in on_member_update
Traceback (most recent call last):
  File "/usr/local/lib/python3.12/site-packages/discord/client.py", line 465, in _run_event
    await coro(*args, **kwargs)
  File "/app/asu_discord/cogs/analytics.py", line 652, in on_member_update
    before_timeout = before.timed_out_until
                     ^^^^^^^^^^^^^^^^^^^^^^
AttributeError: 'Member' object has no attribute 'timed_out_until'
Ignoring exception in on_member_update
Traceback (most recent call last):
  File "/usr/local/lib/python3.12/site-packages/discord/client.py", line 465, in _run_event
    await coro(*args, **kwargs)
  File "/app/asu_discord/cogs/analytics.py", line 652, in on_member_update
    before_timeout = before.timed_out_until
                     ^^^^^^^^^^^^^^^^^^^^^^
AttributeError: 'Member' object has no attribute 'timed_out_until'
Ignoring exception in on_member_update
Traceback (most recent call last):
  File "/usr/local/lib/python3.12/site-packages/discord/client.py", line 465, in _run_event
    await coro(*args, **kwargs)
  File "/app/asu_discord/cogs/analytics.py", line 652, in on_member_update
    before_timeout = before.timed_out_until
                     ^^^^^^^^^^^^^^^^^^^^^^
AttributeError: 'Member' object has no attribute 'timed_out_until'
Ignoring exception in on_member_update
Traceback (most recent call last):
  File "/usr/local/lib/python3.12/site-packages/discord/client.py", line 465, in _run_event
    await coro(*args, **kwargs)
  File "/app/asu_discord/cogs/analytics.py", line 652, in on_member_update
    before_timeout = before.timed_out_until
                     ^^^^^^^^^^^^^^^^^^^^^^
AttributeError: 'Member' object has no attribute 'timed_out_until'
Ignoring exception in on_member_update
Traceback (most recent call last):
  File "/usr/local/lib/python3.12/site-packages/discord/client.py", line 465, in _run_event
    await coro(*args, **kwargs)
  File "/app/asu_discord/cogs/analytics.py", line 652, in on_member_update
    before_timeout = before.timed_out_until
                     ^^^^^^^^^^^^^^^^^^^^^^
AttributeError: 'Member' object has no attribute 'timed_out_until'
Ignoring exception in on_member_update
Traceback (most recent call last):
  File "/usr/local/lib/python3.12/site-packages/discord/client.py", line 465, in _run_event
    await coro(*args, **kwargs)
  File "/app/asu_discord/cogs/analytics.py", line 652, in on_member_update
    before_timeout = before.timed_out_until
                     ^^^^^^^^^^^^^^^^^^^^^^
AttributeError: 'Member' object has no attribute 'timed_out_until'
Ignoring exception in on_member_update
Traceback (most recent call last):
  File "/usr/local/lib/python3.12/site-packages/discord/client.py", line 465, in _run_event
    await coro(*args, **kwargs)
  File "/app/asu_discord/cogs/analytics.py", line 652, in on_member_update
    before_timeout = before.timed_out_until
                     ^^^^^^^^^^^^^^^^^^^^^^
AttributeError: 'Member' object has no attribute 'timed_out_until'
Ignoring exception in on_member_update
Traceback (most recent call last):
  File "/usr/local/lib/python3.12/site-packages/discord/client.py", line 465, in _run_event
    await coro(*args, **kwargs)
  File "/app/asu_discord/cogs/analytics.py", line 652, in on_member_update
    before_timeout = before.timed_out_until
                     ^^^^^^^^^^^^^^^^^^^^^^
AttributeError: 'Member' object has no attribute 'timed_out_until'
Ignoring exception in on_member_update
Traceback (most recent call last):
  File "/usr/local/lib/python3.12/site-packages/discord/client.py", line 465, in _run_event
    await coro(*args, **kwargs)
  File "/app/asu_discord/cogs/analytics.py", line 652, in on_member_update
    before_timeout = before.timed_out_until
                     ^^^^^^^^^^^^^^^^^^^^^^
AttributeError: 'Member' object has no attribute 'timed_out_until'
INFO:asu_discord.cogs.verification:Saved 5 roles to database for user averm177 (Discord ID: 1447209975544942673)
INFO:asu_discord.cogs.verification:Refreshed Salesforce roles for Discord user 1447209975544942673: -4/+5 roles, assigned=[Commited, Graduate Student, International Student, Ira A. Fulton Schools of Engineering, Tempe]
Ignoring exception in on_member_update
Traceback (most recent call last):
  File "/usr/local/lib/python3.12/site-packages/discord/client.py", line 465, in _run_event
    await coro(*args, **kwargs)
  File "/app/asu_discord/cogs/analytics.py", line 652, in on_member_update
    before_timeout = before.timed_out_until
                     ^^^^^^^^^^^^^^^^^^^^^^
AttributeError: 'Member' object has no attribute 'timed_out_until'
Ignoring exception in on_member_update
Traceback (most recent call last):
  File "/usr/local/lib/python3.12/site-packages/discord/client.py", line 465, in _run_event
    await coro(*args, **kwargs)
  File "/app/asu_discord/cogs/analytics.py", line 652, in on_member_update
    before_timeout = before.timed_out_until
                     ^^^^^^^^^^^^^^^^^^^^^^
AttributeError: 'Member' object has no attribute 'timed_out_until'
Ignoring exception in on_member_update
Traceback (most recent call last):
  File "/usr/local/lib/python3.12/site-packages/discord/client.py", line 465, in _run_event
    await coro(*args, **kwargs)
  File "/app/asu_discord/cogs/analytics.py", line 652, in on_member_update
    before_timeout = before.timed_out_until
                     ^^^^^^^^^^^^^^^^^^^^^^
AttributeError: 'Member' object has no attribute 'timed_out_until'
Ignoring exception in on_member_update
Traceback (most recent call last):
  File "/usr/local/lib/python3.12/site-packages/discord/client.py", line 465, in _run_event
    await coro(*args, **kwargs)
  File "/app/asu_discord/cogs/analytics.py", line 652, in on_member_update
    before_timeout = before.timed_out_until
                     ^^^^^^^^^^^^^^^^^^^^^^
AttributeError: 'Member' object has no attribute 'timed_out_until'
Ignoring exception in on_member_update
Traceback (most recent call last):
  File "/usr/local/lib/python3.12/site-packages/discord/client.py", line 465, in _run_event
    await coro(*args, **kwargs)
  File "/app/asu_discord/cogs/analytics.py", line 652, in on_member_update
    before_timeout = before.timed_out_until
                     ^^^^^^^^^^^^^^^^^^^^^^
AttributeError: 'Member' object has no attribute 'timed_out_until'
Ignoring exception in on_member_update
Traceback (most recent call last):
  File "/usr/local/lib/python3.12/site-packages/discord/client.py", line 465, in _run_event
    await coro(*args, **kwargs)
  File "/app/asu_discord/cogs/analytics.py", line 652, in on_member_update
    before_timeout = before.timed_out_until
                     ^^^^^^^^^^^^^^^^^^^^^^
AttributeError: 'Member' object has no attribute 'timed_out_until'
Ignoring exception in on_member_update
Traceback (most recent call last):
  File "/usr/local/lib/python3.12/site-packages/discord/client.py", line 465, in _run_event
    await coro(*args, **kwargs)
  File "/app/asu_discord/cogs/analytics.py", line 652, in on_member_update
    before_timeout = before.timed_out_until
                     ^^^^^^^^^^^^^^^^^^^^^^
AttributeError: 'Member' object has no attribute 'timed_out_until'
Ignoring exception in on_member_update
Traceback (most recent call last):
  File "/usr/local/lib/python3.12/site-packages/discord/client.py", line 465, in _run_event
    await coro(*args, **kwargs)
  File "/app/asu_discord/cogs/analytics.py", line 652, in on_member_update
    before_timeout = before.timed_out_until
                     ^^^^^^^^^^^^^^^^^^^^^^
AttributeError: 'Member' object has no attribute 'timed_out_until'
Ignoring exception in on_member_update
Traceback (most recent call last):
  File "/usr/local/lib/python3.12/site-packages/discord/client.py", line 465, in _run_event
    await coro(*args, **kwargs)
  File "/app/asu_discord/cogs/analytics.py", line 652, in on_member_update
    before_timeout = before.timed_out_until
                     ^^^^^^^^^^^^^^^^^^^^^^
AttributeError: 'Member' object has no attribute 'timed_out_until'
Ignoring exception in on_member_update
Traceback (most recent call last):
  File "/usr/local/lib/python3.12/site-packages/discord/client.py", line 465, in _run_event
    await coro(*args, **kwargs)
  File "/app/asu_discord/cogs/analytics.py", line 652, in on_member_update
    before_timeout = before.timed_out_until
                     ^^^^^^^^^^^^^^^^^^^^^^
AttributeError: 'Member' object has no attribute 'timed_out_until'
Ignoring exception in on_member_update
Traceback (most recent call last):
  File "/usr/local/lib/python3.12/site-packages/discord/client.py", line 465, in _run_event
    await coro(*args, **kwargs)
  File "/app/asu_discord/cogs/analytics.py", line 652, in on_member_update
    before_timeout = before.timed_out_until
                     ^^^^^^^^^^^^^^^^^^^^^^
AttributeError: 'Member' object has no attribute 'timed_out_until'
ERROR:cron.jobs:refresh_salesforce_roles: failed for lmsaad (Discord ID 525105100499451934): Timed out refresh Salesforce-based roles
ERROR:cron.jobs:refresh_salesforce_roles: failed for jcricks2 (Discord ID 672207052306907146): Failed to refresh Salesforce-based roles: Discord user 672207052306907146 is not a member of the guild
Ignoring exception in on_member_update
Traceback (most recent call last):
  File "/usr/local/lib/python3.12/site-packages/discord/client.py", line 465, in _run_event
    await coro(*args, **kwargs)
  File "/app/asu_discord/cogs/analytics.py", line 652, in on_member_update
    before_timeout = before.timed_out_until
                     ^^^^^^^^^^^^^^^^^^^^^^
AttributeError: 'Member' object has no attribute 'timed_out_until'
Ignoring exception in on_member_update
Traceback (most recent call last):
  File "/usr/local/lib/python3.12/site-packages/discord/client.py", line 465, in _run_event
    await coro(*args, **kwargs)
  File "/app/asu_discord/cogs/analytics.py", line 652, in on_member_update
    before_timeout = before.timed_out_until
                     ^^^^^^^^^^^^^^^^^^^^^^
AttributeError: 'Member' object has no attribute 'timed_out_until'
Ignoring exception in on_member_update
Traceback (most recent call last):
  File "/usr/local/lib/python3.12/site-packages/discord/client.py", line 465, in _run_event
    await coro(*args, **kwargs)
  File "/app/asu_discord/cogs/analytics.py", line 652, in on_member_update
    before_timeout = before.timed_out_until
                     ^^^^^^^^^^^^^^^^^^^^^^
AttributeError: 'Member' object has no attribute 'timed_out_until'
Ignoring exception in on_member_update
Traceback (most recent call last):
  File "/usr/local/lib/python3.12/site-packages/discord/client.py", line 465, in _run_event
    await coro(*args, **kwargs)
  File "/app/asu_discord/cogs/analytics.py", line 652, in on_member_update
    before_timeout = before.timed_out_until
                     ^^^^^^^^^^^^^^^^^^^^^^
AttributeError: 'Member' object has no attribute 'timed_out_until'
Ignoring exception in on_member_update
Traceback (most recent call last):
  File "/usr/local/lib/python3.12/site-packages/discord/client.py", line 465, in _run_event
    await coro(*args, **kwargs)
  File "/app/asu_discord/cogs/analytics.py", line 652, in on_member_update
    before_timeout = before.timed_out_until
                     ^^^^^^^^^^^^^^^^^^^^^^
AttributeError: 'Member' object has no attribute 'timed_out_until'
Ignoring exception in on_member_update
Traceback (most recent call last):
  File "/usr/local/lib/python3.12/site-packages/discord/client.py", line 465, in _run_event
    await coro(*args, **kwargs)
  File "/app/asu_discord/cogs/analytics.py", line 652, in on_member_update
    before_timeout = before.timed_out_until
                     ^^^^^^^^^^^^^^^^^^^^^^
AttributeError: 'Member' object has no attribute 'timed_out_until'
Ignoring exception in on_member_update
Traceback (most recent call last):
  File "/usr/local/lib/python3.12/site-packages/discord/client.py", line 465, in _run_event
    await coro(*args, **kwargs)
  File "/app/asu_discord/cogs/analytics.py", line 652, in on_member_update
    before_timeout = before.timed_out_until
                     ^^^^^^^^^^^^^^^^^^^^^^
AttributeError: 'Member' object has no attribute 'timed_out_until'
Ignoring exception in on_member_update
Traceback (most recent call last):
  File "/usr/local/lib/python3.12/site-packages/discord/client.py", line 465, in _run_event
    await coro(*args, **kwargs)
  File "/app/asu_discord/cogs/analytics.py", line 652, in on_member_update
    before_timeout = before.timed_out_until
                     ^^^^^^^^^^^^^^^^^^^^^^
AttributeError: 'Member' object has no attribute 'timed_out_until'
Ignoring exception in on_member_update
Traceback (most recent call last):
  File "/usr/local/lib/python3.12/site-packages/discord/client.py", line 465, in _run_event
    await coro(*args, **kwargs)
  File "/app/asu_discord/cogs/analytics.py", line 652, in on_member_update
    before_timeout = before.timed_out_until
                     ^^^^^^^^^^^^^^^^^^^^^^
AttributeError: 'Member' object has no attribute 'timed_out_until'
INFO:asu_discord.cogs.verification:Saved 5 roles to database for user kvongoc (Discord ID: 525890795186683934)
INFO:asu_discord.cogs.verification:Refreshed Salesforce roles for Discord user 525890795186683934: -5/+4 roles, assigned=[Commited, First Year, International Student, Ira A. Fulton Schools of Engineering, Tempe]
Ignoring exception in on_member_update
Traceback (most recent call last):
  File "/usr/local/lib/python3.12/site-packages/discord/client.py", line 465, in _run_event
    await coro(*args, **kwargs)
  File "/app/asu_discord/cogs/analytics.py", line 652, in on_member_update
    before_timeout = before.timed_out_until
                     ^^^^^^^^^^^^^^^^^^^^^^
AttributeError: 'Member' object has no attribute 'timed_out_until'
Ignoring exception in on_member_update
Traceback (most recent call last):
  File "/usr/local/lib/python3.12/site-packages/discord/client.py", line 465, in _run_event
    await coro(*args, **kwargs)
  File "/app/asu_discord/cogs/analytics.py", line 652, in on_member_update
    before_timeout = before.timed_out_until
                     ^^^^^^^^^^^^^^^^^^^^^^
AttributeError: 'Member' object has no attribute 'timed_out_until'
Ignoring exception in on_member_update
Traceback (most recent call last):
  File "/usr/local/lib/python3.12/site-packages/discord/client.py", line 465, in _run_event
    await coro(*args, **kwargs)
  File "/app/asu_discord/cogs/analytics.py", line 652, in on_member_update
    before_timeout = before.timed_out_until
                     ^^^^^^^^^^^^^^^^^^^^^^
AttributeError: 'Member' object has no attribute 'timed_out_until'
Ignoring exception in on_member_update
Traceback (most recent call last):
  File "/usr/local/lib/python3.12/site-packages/discord/client.py", line 465, in _run_event
    await coro(*args, **kwargs)
  File "/app/asu_discord/cogs/analytics.py", line 652, in on_member_update
    before_timeout = before.timed_out_until
                     ^^^^^^^^^^^^^^^^^^^^^^
AttributeError: 'Member' object has no attribute 'timed_out_until'
Ignoring exception in on_member_update
Traceback (most recent call last):
  File "/usr/local/lib/python3.12/site-packages/discord/client.py", line 465, in _run_event
    await coro(*args, **kwargs)
  File "/app/asu_discord/cogs/analytics.py", line 652, in on_member_update
    before_timeout = before.timed_out_until
                     ^^^^^^^^^^^^^^^^^^^^^^
AttributeError: 'Member' object has no attribute 'timed_out_until'
Ignoring exception in on_member_update
Traceback (most recent call last):
  File "/usr/local/lib/python3.12/site-packages/discord/client.py", line 465, in _run_event
    await coro(*args, **kwargs)
  File "/app/asu_discord/cogs/analytics.py", line 652, in on_member_update
    before_timeout = before.timed_out_until
                     ^^^^^^^^^^^^^^^^^^^^^^
AttributeError: 'Member' object has no attribute 'timed_out_until'
Ignoring exception in on_member_update
Traceback (most recent call last):
  File "/usr/local/lib/python3.12/site-packages/discord/client.py", line 465, in _run_event
    await coro(*args, **kwargs)
  File "/app/asu_discord/cogs/analytics.py", line 652, in on_member_update
    before_timeout = before.timed_out_until
                     ^^^^^^^^^^^^^^^^^^^^^^
AttributeError: 'Member' object has no attribute 'timed_out_until'
Ignoring exception in on_member_update
Traceback (most recent call last):
  File "/usr/local/lib/python3.12/site-packages/discord/client.py", line 465, in _run_event
    await coro(*args, **kwargs)
  File "/app/asu_discord/cogs/analytics.py", line 652, in on_member_update
    before_timeout = before.timed_out_until
                     ^^^^^^^^^^^^^^^^^^^^^^
AttributeError: 'Member' object has no attribute 'timed_out_until'
INFO:asu_discord.cogs.verification:Saved 4 roles to database for user rrnair13 (Discord ID: 1120527768497700925)
INFO:asu_discord.cogs.verification:Refreshed Salesforce roles for Discord user 1120527768497700925: -4/+4 roles, assigned=[First Year, Ira A. Fulton Schools of Engineering, Out of State, Tempe]
Ignoring exception in on_member_update
Traceback (most recent call last):
  File "/usr/local/lib/python3.12/site-packages/discord/client.py", line 465, in _run_event
    await coro(*args, **kwargs)
  File "/app/asu_discord/cogs/analytics.py", line 652, in on_member_update
    before_timeout = before.timed_out_until
                     ^^^^^^^^^^^^^^^^^^^^^^
AttributeError: 'Member' object has no attribute 'timed_out_until'
Ignoring exception in on_member_update
Traceback (most recent call last):
  File "/usr/local/lib/python3.12/site-packages/discord/client.py", line 465, in _run_event
    await coro(*args, **kwargs)
  File "/app/asu_discord/cogs/analytics.py", line 652, in on_member_update
    before_timeout = before.timed_out_until
                     ^^^^^^^^^^^^^^^^^^^^^^
AttributeError: 'Member' object has no attribute 'timed_out_until'
Ignoring exception in on_member_update
Traceback (most recent call last):
  File "/usr/local/lib/python3.12/site-packages/discord/client.py", line 465, in _run_event
    await coro(*args, **kwargs)
  File "/app/asu_discord/cogs/analytics.py", line 652, in on_member_update
    before_timeout = before.timed_out_until
                     ^^^^^^^^^^^^^^^^^^^^^^
AttributeError: 'Member' object has no attribute 'timed_out_until'
Ignoring exception in on_member_update
Traceback (most recent call last):
  File "/usr/local/lib/python3.12/site-packages/discord/client.py", line 465, in _run_event
    await coro(*args, **kwargs)
  File "/app/asu_discord/cogs/analytics.py", line 652, in on_member_update
    before_timeout = before.timed_out_until
                     ^^^^^^^^^^^^^^^^^^^^^^
AttributeError: 'Member' object has no attribute 'timed_out_until'
Ignoring exception in on_member_update
Traceback (most recent call last):
  File "/usr/local/lib/python3.12/site-packages/discord/client.py", line 465, in _run_event
    await coro(*args, **kwargs)
  File "/app/asu_discord/cogs/analytics.py", line 652, in on_member_update
    before_timeout = before.timed_out_until
                     ^^^^^^^^^^^^^^^^^^^^^^
AttributeError: 'Member' object has no attribute 'timed_out_until'
Ignoring exception in on_member_update
Traceback (most recent call last):
  File "/usr/local/lib/python3.12/site-packages/discord/client.py", line 465, in _run_event
    await coro(*args, **kwargs)
  File "/app/asu_discord/cogs/analytics.py", line 652, in on_member_update
    before_timeout = before.timed_out_until
                     ^^^^^^^^^^^^^^^^^^^^^^
AttributeError: 'Member' object has no attribute 'timed_out_until'
Ignoring exception in on_member_update
Traceback (most recent call last):
  File "/usr/local/lib/python3.12/site-packages/discord/client.py", line 465, in _run_event
    await coro(*args, **kwargs)
  File "/app/asu_discord/cogs/analytics.py", line 652, in on_member_update
    before_timeout = before.timed_out_until
                     ^^^^^^^^^^^^^^^^^^^^^^
AttributeError: 'Member' object has no attribute 'timed_out_until'
Ignoring exception in on_member_update
Traceback (most recent call last):
  File "/usr/local/lib/python3.12/site-packages/discord/client.py", line 465, in _run_event
    await coro(*args, **kwargs)
  File "/app/asu_discord/cogs/analytics.py", line 652, in on_member_update
    before_timeout = before.timed_out_until
                     ^^^^^^^^^^^^^^^^^^^^^^
AttributeError: 'Member' object has no attribute 'timed_out_until'
Ignoring exception in on_member_update
Traceback (most recent call last):
  File "/usr/local/lib/python3.12/site-packages/discord/client.py", line 465, in _run_event
    await coro(*args, **kwargs)
  File "/app/asu_discord/cogs/analytics.py", line 652, in on_member_update
    before_timeout = before.timed_out_until
                     ^^^^^^^^^^^^^^^^^^^^^^
AttributeError: 'Member' object has no attribute 'timed_out_until'
Ignoring exception in on_member_update
Traceback (most recent call last):
  File "/usr/local/lib/python3.12/site-packages/discord/client.py", line 465, in _run_event
    await coro(*args, **kwargs)
  File "/app/asu_discord/cogs/analytics.py", line 652, in on_member_update
    before_timeout = before.timed_out_until
                     ^^^^^^^^^^^^^^^^^^^^^^
AttributeError: 'Member' object has no attribute 'timed_out_until'
INFO:asu_discord.cogs.verification:Saved 5 roles to database for user mmprout (Discord ID: 1469923334199181345)
INFO:asu_discord.cogs.verification:Refreshed Salesforce roles for Discord user 1469923334199181345: -5/+5 roles, assigned=[Commited, First Year, Herberger Institute for Design and the Arts, Out of State, Tempe]
Ignoring exception in on_member_update
Traceback (most recent call last):
  File "/usr/local/lib/python3.12/site-packages/discord/client.py", line 465, in _run_event
    await coro(*args, **kwargs)
  File "/app/asu_discord/cogs/analytics.py", line 652, in on_member_update
    before_timeout = before.timed_out_until
                     ^^^^^^^^^^^^^^^^^^^^^^
AttributeError: 'Member' object has no attribute 'timed_out_until'
Ignoring exception in on_member_update
Traceback (most recent call last):
  File "/usr/local/lib/python3.12/site-packages/discord/client.py", line 465, in _run_event
    await coro(*args, **kwargs)
  File "/app/asu_discord/cogs/analytics.py", line 652, in on_member_update
    before_timeout = before.timed_out_until
                     ^^^^^^^^^^^^^^^^^^^^^^
AttributeError: 'Member' object has no attribute 'timed_out_until'
Ignoring exception in on_member_update
Traceback (most recent call last):
  File "/usr/local/lib/python3.12/site-packages/discord/client.py", line 465, in _run_event
    await coro(*args, **kwargs)
  File "/app/asu_discord/cogs/analytics.py", line 652, in on_member_update
    before_timeout = before.timed_out_until
                     ^^^^^^^^^^^^^^^^^^^^^^
AttributeError: 'Member' object has no attribute 'timed_out_until'
Ignoring exception in on_member_update
Traceback (most recent call last):
  File "/usr/local/lib/python3.12/site-packages/discord/client.py", line 465, in _run_event
    await coro(*args, **kwargs)
  File "/app/asu_discord/cogs/analytics.py", line 652, in on_member_update
    before_timeout = before.timed_out_until
                     ^^^^^^^^^^^^^^^^^^^^^^
AttributeError: 'Member' object has no attribute 'timed_out_until'
Ignoring exception in on_member_update
Traceback (most recent call last):
  File "/usr/local/lib/python3.12/site-packages/discord/client.py", line 465, in _run_event
    await coro(*args, **kwargs)
  File "/app/asu_discord/cogs/analytics.py", line 652, in on_member_update
    before_timeout = before.timed_out_until
                     ^^^^^^^^^^^^^^^^^^^^^^
AttributeError: 'Member' object has no attribute 'timed_out_until'
Ignoring exception in on_member_update
Traceback (most recent call last):
  File "/usr/local/lib/python3.12/site-packages/discord/client.py", line 465, in _run_event
    await coro(*args, **kwargs)
  File "/app/asu_discord/cogs/analytics.py", line 652, in on_member_update
    before_timeout = before.timed_out_until
                     ^^^^^^^^^^^^^^^^^^^^^^
AttributeError: 'Member' object has no attribute 'timed_out_until'
Ignoring exception in on_member_update
Traceback (most recent call last):
  File "/usr/local/lib/python3.12/site-packages/discord/client.py", line 465, in _run_event
    await coro(*args, **kwargs)
  File "/app/asu_discord/cogs/analytics.py", line 652, in on_member_update
    before_timeout = before.timed_out_until
                     ^^^^^^^^^^^^^^^^^^^^^^
AttributeError: 'Member' object has no attribute 'timed_out_until'
Ignoring exception in on_member_update
Traceback (most recent call last):
  File "/usr/local/lib/python3.12/site-packages/discord/client.py", line 465, in _run_event
    await coro(*args, **kwargs)
  File "/app/asu_discord/cogs/analytics.py", line 652, in on_member_update
    before_timeout = before.timed_out_until
                     ^^^^^^^^^^^^^^^^^^^^^^
AttributeError: 'Member' object has no attribute 'timed_out_until'
INFO:asu_discord.cogs.verification:Saved 4 roles to database for user lmerick5 (Discord ID: 807749401442254860)
INFO:asu_discord.cogs.verification:Refreshed Salesforce roles for Discord user 807749401442254860: -4/+4 roles, assigned=[First Year, Out of State, W.P. Carey School of Business, West Valley]
Ignoring exception in on_member_update
Traceback (most recent call last):
  File "/usr/local/lib/python3.12/site-packages/discord/client.py", line 465, in _run_event
    await coro(*args, **kwargs)
  File "/app/asu_discord/cogs/analytics.py", line 652, in on_member_update
    before_timeout = before.timed_out_until
                     ^^^^^^^^^^^^^^^^^^^^^^
AttributeError: 'Member' object has no attribute 'timed_out_until'
Ignoring exception in on_member_update
Traceback (most recent call last):
  File "/usr/local/lib/python3.12/site-packages/discord/client.py", line 465, in _run_event
    await coro(*args, **kwargs)
  File "/app/asu_discord/cogs/analytics.py", line 652, in on_member_update
    before_timeout = before.timed_out_until
                     ^^^^^^^^^^^^^^^^^^^^^^
AttributeError: 'Member' object has no attribute 'timed_out_until'
Ignoring exception in on_member_update
Traceback (most recent call last):
  File "/usr/local/lib/python3.12/site-packages/discord/client.py", line 465, in _run_event
    await coro(*args, **kwargs)
  File "/app/asu_discord/cogs/analytics.py", line 652, in on_member_update
    before_timeout = before.timed_out_until
                     ^^^^^^^^^^^^^^^^^^^^^^
AttributeError: 'Member' object has no attribute 'timed_out_until'
Ignoring exception in on_member_update
Traceback (most recent call last):
  File "/usr/local/lib/python3.12/site-packages/discord/client.py", line 465, in _run_event
    await coro(*args, **kwargs)
  File "/app/asu_discord/cogs/analytics.py", line 652, in on_member_update
    before_timeout = before.timed_out_until
                     ^^^^^^^^^^^^^^^^^^^^^^
AttributeError: 'Member' object has no attribute 'timed_out_until'
Ignoring exception in on_member_update
Traceback (most recent call last):
  File "/usr/local/lib/python3.12/site-packages/discord/client.py", line 465, in _run_event
    await coro(*args, **kwargs)
  File "/app/asu_discord/cogs/analytics.py", line 652, in on_member_update
    before_timeout = before.timed_out_until
                     ^^^^^^^^^^^^^^^^^^^^^^
AttributeError: 'Member' object has no attribute 'timed_out_until'
Ignoring exception in on_member_update
Traceback (most recent call last):
  File "/usr/local/lib/python3.12/site-packages/discord/client.py", line 465, in _run_event
    await coro(*args, **kwargs)
  File "/app/asu_discord/cogs/analytics.py", line 652, in on_member_update
    before_timeout = before.timed_out_until
                     ^^^^^^^^^^^^^^^^^^^^^^
AttributeError: 'Member' object has no attribute 'timed_out_until'
Ignoring exception in on_member_update
Traceback (most recent call last):
  File "/usr/local/lib/python3.12/site-packages/discord/client.py", line 465, in _run_event
    await coro(*args, **kwargs)
  File "/app/asu_discord/cogs/analytics.py", line 652, in on_member_update
    before_timeout = before.timed_out_until
                     ^^^^^^^^^^^^^^^^^^^^^^
AttributeError: 'Member' object has no attribute 'timed_out_until'
Ignoring exception in on_member_update
Traceback (most recent call last):
  File "/usr/local/lib/python3.12/site-packages/discord/client.py", line 465, in _run_event
    await coro(*args, **kwargs)
  File "/app/asu_discord/cogs/analytics.py", line 652, in on_member_update
    before_timeout = before.timed_out_until
                     ^^^^^^^^^^^^^^^^^^^^^^
AttributeError: 'Member' object has no attribute 'timed_out_until'
Ignoring exception in on_member_update
Traceback (most recent call last):
  File "/usr/local/lib/python3.12/site-packages/discord/client.py", line 465, in _run_event
    await coro(*args, **kwargs)
  File "/app/asu_discord/cogs/analytics.py", line 652, in on_member_update
    before_timeout = before.timed_out_until
                     ^^^^^^^^^^^^^^^^^^^^^^
AttributeError: 'Member' object has no attribute 'timed_out_until'
Ignoring exception in on_member_update
Traceback (most recent call last):
  File "/usr/local/lib/python3.12/site-packages/discord/client.py", line 465, in _run_event
    await coro(*args, **kwargs)
  File "/app/asu_discord/cogs/analytics.py", line 652, in on_member_update
    before_timeout = before.timed_out_until
                     ^^^^^^^^^^^^^^^^^^^^^^
AttributeError: 'Member' object has no attribute 'timed_out_until'
INFO:asu_discord.cogs.verification:Saved 5 roles to database for user gmnickel (Discord ID: 792180533085863966)
INFO:asu_discord.cogs.verification:Refreshed Salesforce roles for Discord user 792180533085863966: -5/+5 roles, assigned=[College of Health Solutions, First Year, Online, Out of State, Upperclassmen]
Ignoring exception in on_member_update
Traceback (most recent call last):
  File "/usr/local/lib/python3.12/site-packages/discord/client.py", line 465, in _run_event
    await coro(*args, **kwargs)
  File "/app/asu_discord/cogs/analytics.py", line 652, in on_member_update
    before_timeout = before.timed_out_until
                     ^^^^^^^^^^^^^^^^^^^^^^
AttributeError: 'Member' object has no attribute 'timed_out_until'
Ignoring exception in on_member_update
Traceback (most recent call last):
  File "/usr/local/lib/python3.12/site-packages/discord/client.py", line 465, in _run_event
    await coro(*args, **kwargs)
  File "/app/asu_discord/cogs/analytics.py", line 652, in on_member_update
    before_timeout = before.timed_out_until
                     ^^^^^^^^^^^^^^^^^^^^^^
AttributeError: 'Member' object has no attribute 'timed_out_until'
Ignoring exception in on_member_update
Traceback (most recent call last):
  File "/usr/local/lib/python3.12/site-packages/discord/client.py", line 465, in _run_event
    await coro(*args, **kwargs)
  File "/app/asu_discord/cogs/analytics.py", line 652, in on_member_update
    before_timeout = before.timed_out_until
                     ^^^^^^^^^^^^^^^^^^^^^^
AttributeError: 'Member' object has no attribute 'timed_out_until'
Ignoring exception in on_member_update
Traceback (most recent call last):
  File "/usr/local/lib/python3.12/site-packages/discord/client.py", line 465, in _run_event
    await coro(*args, **kwargs)
  File "/app/asu_discord/cogs/analytics.py", line 652, in on_member_update
    before_timeout = before.timed_out_until
                     ^^^^^^^^^^^^^^^^^^^^^^
AttributeError: 'Member' object has no attribute 'timed_out_until'
Ignoring exception in on_member_update
Traceback (most recent call last):
  File "/usr/local/lib/python3.12/site-packages/discord/client.py", line 465, in _run_event
    await coro(*args, **kwargs)
  File "/app/asu_discord/cogs/analytics.py", line 652, in on_member_update
    before_timeout = before.timed_out_until
                     ^^^^^^^^^^^^^^^^^^^^^^
AttributeError: 'Member' object has no attribute 'timed_out_until'
Ignoring exception in on_member_update
Traceback (most recent call last):
  File "/usr/local/lib/python3.12/site-packages/discord/client.py", line 465, in _run_event
    await coro(*args, **kwargs)
  File "/app/asu_discord/cogs/analytics.py", line 652, in on_member_update
    before_timeout = before.timed_out_until
                     ^^^^^^^^^^^^^^^^^^^^^^
AttributeError: 'Member' object has no attribute 'timed_out_until'
Ignoring exception in on_member_update
Traceback (most recent call last):
  File "/usr/local/lib/python3.12/site-packages/discord/client.py", line 465, in _run_event
    await coro(*args, **kwargs)
  File "/app/asu_discord/cogs/analytics.py", line 652, in on_member_update
    before_timeout = before.timed_out_until
                     ^^^^^^^^^^^^^^^^^^^^^^
AttributeError: 'Member' object has no attribute 'timed_out_until'
Ignoring exception in on_member_update
Traceback (most recent call last):
  File "/usr/local/lib/python3.12/site-packages/discord/client.py", line 465, in _run_event
    await coro(*args, **kwargs)
  File "/app/asu_discord/cogs/analytics.py", line 652, in on_member_update
    before_timeout = before.timed_out_until
                     ^^^^^^^^^^^^^^^^^^^^^^
AttributeError: 'Member' object has no attribute 'timed_out_until'
Ignoring exception in on_member_update
Traceback (most recent call last):
  File "/usr/local/lib/python3.12/site-packages/discord/client.py", line 465, in _run_event
    await coro(*args, **kwargs)
  File "/app/asu_discord/cogs/analytics.py", line 652, in on_member_update
    before_timeout = before.timed_out_until
                     ^^^^^^^^^^^^^^^^^^^^^^
AttributeError: 'Member' object has no attribute 'timed_out_until'
Ignoring exception in on_member_update
Traceback (most recent call last):
  File "/usr/local/lib/python3.12/site-packages/discord/client.py", line 465, in _run_event
    await coro(*args, **kwargs)
  File "/app/asu_discord/cogs/analytics.py", line 652, in on_member_update
    before_timeout = before.timed_out_until
                     ^^^^^^^^^^^^^^^^^^^^^^
AttributeError: 'Member' object has no attribute 'timed_out_until'
Ignoring exception in on_member_update
Traceback (most recent call last):
  File "/usr/local/lib/python3.12/site-packages/discord/client.py", line 465, in _run_event
    await coro(*args, **kwargs)
  File "/app/asu_discord/cogs/analytics.py", line 652, in on_member_update
    before_timeout = before.timed_out_until
                     ^^^^^^^^^^^^^^^^^^^^^^
AttributeError: 'Member' object has no attribute 'timed_out_until'
INFO:asu_discord.cogs.verification:Saved 6 roles to database for user bmunozmo (Discord ID: 907370490325258250)
INFO:asu_discord.cogs.verification:Refreshed Salesforce roles for Discord user 907370490325258250: -5/+6 roles, assigned=[Arizona Resident, Commited, First Generation Student, First Year, Tempe, W.P. Carey School of Business]
Ignoring exception in on_member_update
Traceback (most recent call last):
  File "/usr/local/lib/python3.12/site-packages/discord/client.py", line 465, in _run_event
    await coro(*args, **kwargs)
  File "/app/asu_discord/cogs/analytics.py", line 652, in on_member_update
    before_timeout = before.timed_out_until
                     ^^^^^^^^^^^^^^^^^^^^^^
AttributeError: 'Member' object has no attribute 'timed_out_until'
Ignoring exception in on_member_update
Traceback (most recent call last):
  File "/usr/local/lib/python3.12/site-packages/discord/client.py", line 465, in _run_event
    await coro(*args, **kwargs)
  File "/app/asu_discord/cogs/analytics.py", line 652, in on_member_update
    before_timeout = before.timed_out_until
                     ^^^^^^^^^^^^^^^^^^^^^^
AttributeError: 'Member' object has no attribute 'timed_out_until'
Ignoring exception in on_member_update
Traceback (most recent call last):
  File "/usr/local/lib/python3.12/site-packages/discord/client.py", line 465, in _run_event
    await coro(*args, **kwargs)
  File "/app/asu_discord/cogs/analytics.py", line 652, in on_member_update
    before_timeout = before.timed_out_until
                     ^^^^^^^^^^^^^^^^^^^^^^
AttributeError: 'Member' object has no attribute 'timed_out_until'
Ignoring exception in on_member_update
Traceback (most recent call last):
  File "/usr/local/lib/python3.12/site-packages/discord/client.py", line 465, in _run_event
    await coro(*args, **kwargs)
  File "/app/asu_discord/cogs/analytics.py", line 652, in on_member_update
    before_timeout = before.timed_out_until
                     ^^^^^^^^^^^^^^^^^^^^^^
AttributeError: 'Member' object has no attribute 'timed_out_until'
Ignoring exception in on_member_update
Traceback (most recent call last):
  File "/usr/local/lib/python3.12/site-packages/discord/client.py", line 465, in _run_event
    await coro(*args, **kwargs)
  File "/app/asu_discord/cogs/analytics.py", line 652, in on_member_update
    before_timeout = before.timed_out_until
                     ^^^^^^^^^^^^^^^^^^^^^^
AttributeError: 'Member' object has no attribute 'timed_out_until'
Ignoring exception in on_member_update
Traceback (most recent call last):
  File "/usr/local/lib/python3.12/site-packages/discord/client.py", line 465, in _run_event
    await coro(*args, **kwargs)
  File "/app/asu_discord/cogs/analytics.py", line 652, in on_member_update
    before_timeout = before.timed_out_until
                     ^^^^^^^^^^^^^^^^^^^^^^
AttributeError: 'Member' object has no attribute 'timed_out_until'
Ignoring exception in on_member_update
Traceback (most recent call last):
  File "/usr/local/lib/python3.12/site-packages/discord/client.py", line 465, in _run_event
    await coro(*args, **kwargs)
  File "/app/asu_discord/cogs/analytics.py", line 652, in on_member_update
    before_timeout = before.timed_out_until
                     ^^^^^^^^^^^^^^^^^^^^^^
AttributeError: 'Member' object has no attribute 'timed_out_until'
Ignoring exception in on_member_update
Traceback (most recent call last):
  File "/usr/local/lib/python3.12/site-packages/discord/client.py", line 465, in _run_event
    await coro(*args, **kwargs)
  File "/app/asu_discord/cogs/analytics.py", line 652, in on_member_update
    before_timeout = before.timed_out_until
                     ^^^^^^^^^^^^^^^^^^^^^^
AttributeError: 'Member' object has no attribute 'timed_out_until'
Ignoring exception in on_member_update
Traceback (most recent call last):
  File "/usr/local/lib/python3.12/site-packages/discord/client.py", line 465, in _run_event
    await coro(*args, **kwargs)
  File "/app/asu_discord/cogs/analytics.py", line 652, in on_member_update
    before_timeout = before.timed_out_until
                     ^^^^^^^^^^^^^^^^^^^^^^
AttributeError: 'Member' object has no attribute 'timed_out_until'
Ignoring exception in on_member_update
Traceback (most recent call last):
  File "/usr/local/lib/python3.12/site-packages/discord/client.py", line 465, in _run_event
    await coro(*args, **kwargs)
  File "/app/asu_discord/cogs/analytics.py", line 652, in on_member_update
    before_timeout = before.timed_out_until
                     ^^^^^^^^^^^^^^^^^^^^^^
AttributeError: 'Member' object has no attribute 'timed_out_until'
INFO:asu_discord.cogs.verification:Saved 5 roles to database for user aexaros (Discord ID: 661436759070212107)
INFO:asu_discord.cogs.verification:Refreshed Salesforce roles for Discord user 661436759070212107: -5/+5 roles, assigned=[Arizona Resident, Commited, Graduate Student, Ira A. Fulton Schools of Engineering, Polytechnic]
ERROR:cron.jobs:refresh_salesforce_roles: failed for erodr183 (Discord ID 1400693313710985298): Failed to refresh Salesforce-based roles: Discord user 1400693313710985298 is not a member of the guild
Ignoring exception in on_member_update
Traceback (most recent call last):
  File "/usr/local/lib/python3.12/site-packages/discord/client.py", line 465, in _run_event
    await coro(*args, **kwargs)
  File "/app/asu_discord/cogs/analytics.py", line 652, in on_member_update
    before_timeout = before.timed_out_until
                     ^^^^^^^^^^^^^^^^^^^^^^
AttributeError: 'Member' object has no attribute 'timed_out_until'
Ignoring exception in on_member_update
Traceback (most recent call last):
  File "/usr/local/lib/python3.12/site-packages/discord/client.py", line 465, in _run_event
    await coro(*args, **kwargs)
  File "/app/asu_discord/cogs/analytics.py", line 652, in on_member_update
    before_timeout = before.timed_out_until
                     ^^^^^^^^^^^^^^^^^^^^^^
AttributeError: 'Member' object has no attribute 'timed_out_until'
Ignoring exception in on_member_update
Traceback (most recent call last):
  File "/usr/local/lib/python3.12/site-packages/discord/client.py", line 465, in _run_event
    await coro(*args, **kwargs)
  File "/app/asu_discord/cogs/analytics.py", line 652, in on_member_update
    before_timeout = before.timed_out_until
                     ^^^^^^^^^^^^^^^^^^^^^^
AttributeError: 'Member' object has no attribute 'timed_out_until'
Ignoring exception in on_member_update
Traceback (most recent call last):
  File "/usr/local/lib/python3.12/site-packages/discord/client.py", line 465, in _run_event
    await coro(*args, **kwargs)
  File "/app/asu_discord/cogs/analytics.py", line 652, in on_member_update
    before_timeout = before.timed_out_until
                     ^^^^^^^^^^^^^^^^^^^^^^
AttributeError: 'Member' object has no attribute 'timed_out_until'
Ignoring exception in on_member_update
Traceback (most recent call last):
  File "/usr/local/lib/python3.12/site-packages/discord/client.py", line 465, in _run_event
    await coro(*args, **kwargs)
  File "/app/asu_discord/cogs/analytics.py", line 652, in on_member_update
    before_timeout = before.timed_out_until
                     ^^^^^^^^^^^^^^^^^^^^^^
AttributeError: 'Member' object has no attribute 'timed_out_until'
Ignoring exception in on_member_update
Traceback (most recent call last):
  File "/usr/local/lib/python3.12/site-packages/discord/client.py", line 465, in _run_event
    await coro(*args, **kwargs)
  File "/app/asu_discord/cogs/analytics.py", line 652, in on_member_update
    before_timeout = before.timed_out_until
                     ^^^^^^^^^^^^^^^^^^^^^^
AttributeError: 'Member' object has no attribute 'timed_out_until'
Ignoring exception in on_member_update
Traceback (most recent call last):
  File "/usr/local/lib/python3.12/site-packages/discord/client.py", line 465, in _run_event
    await coro(*args, **kwargs)
  File "/app/asu_discord/cogs/analytics.py", line 652, in on_member_update
    before_timeout = before.timed_out_until
                     ^^^^^^^^^^^^^^^^^^^^^^
AttributeError: 'Member' object has no attribute 'timed_out_until'
Ignoring exception in on_member_update
Traceback (most recent call last):
  File "/usr/local/lib/python3.12/site-packages/discord/client.py", line 465, in _run_event
    await coro(*args, **kwargs)
  File "/app/asu_discord/cogs/analytics.py", line 652, in on_member_update
    before_timeout = before.timed_out_until
                     ^^^^^^^^^^^^^^^^^^^^^^
AttributeError: 'Member' object has no attribute 'timed_out_until'
Ignoring exception in on_member_update
Traceback (most recent call last):
  File "/usr/local/lib/python3.12/site-packages/discord/client.py", line 465, in _run_event
    await coro(*args, **kwargs)
  File "/app/asu_discord/cogs/analytics.py", line 652, in on_member_update
    before_timeout = before.timed_out_until
                     ^^^^^^^^^^^^^^^^^^^^^^
AttributeError: 'Member' object has no attribute 'timed_out_until'
INFO:asu_discord.cogs.verification:Saved 5 roles to database for user llivneh (Discord ID: 586575810865922078)
INFO:asu_discord.cogs.verification:Refreshed Salesforce roles for Discord user 586575810865922078: -4/+5 roles, assigned=[Arizona Resident, Commited, First Year, Ira A. Fulton Schools of Engineering, Polytechnic]
ERROR:cron.jobs:refresh_salesforce_roles: failed for corozc18 (Discord ID 1217328154536972308): Failed to refresh Salesforce-based roles: Discord user 1217328154536972308 is not a member of the guild
Ignoring exception in on_member_update
Traceback (most recent call last):
  File "/usr/local/lib/python3.12/site-packages/discord/client.py", line 465, in _run_event
    await coro(*args, **kwargs)
  File "/app/asu_discord/cogs/analytics.py", line 652, in on_member_update
    before_timeout = before.timed_out_until
                     ^^^^^^^^^^^^^^^^^^^^^^
AttributeError: 'Member' object has no attribute 'timed_out_until'
Ignoring exception in on_member_update
Traceback (most recent call last):
  File "/usr/local/lib/python3.12/site-packages/discord/client.py", line 465, in _run_event
    await coro(*args, **kwargs)
  File "/app/asu_discord/cogs/analytics.py", line 652, in on_member_update
    before_timeout = before.timed_out_until
                     ^^^^^^^^^^^^^^^^^^^^^^
AttributeError: 'Member' object has no attribute 'timed_out_until'
Ignoring exception in on_member_update
Traceback (most recent call last):
  File "/usr/local/lib/python3.12/site-packages/discord/client.py", line 465, in _run_event
    await coro(*args, **kwargs)
  File "/app/asu_discord/cogs/analytics.py", line 652, in on_member_update
    before_timeout = before.timed_out_until
                     ^^^^^^^^^^^^^^^^^^^^^^
AttributeError: 'Member' object has no attribute 'timed_out_until'
Ignoring exception in on_member_update
Traceback (most recent call last):
  File "/usr/local/lib/python3.12/site-packages/discord/client.py", line 465, in _run_event
    await coro(*args, **kwargs)
  File "/app/asu_discord/cogs/analytics.py", line 652, in on_member_update
    before_timeout = before.timed_out_until
                     ^^^^^^^^^^^^^^^^^^^^^^
AttributeError: 'Member' object has no attribute 'timed_out_until'
Ignoring exception in on_member_update
Traceback (most recent call last):
  File "/usr/local/lib/python3.12/site-packages/discord/client.py", line 465, in _run_event
    await coro(*args, **kwargs)
  File "/app/asu_discord/cogs/analytics.py", line 652, in on_member_update
    before_timeout = before.timed_out_until
                     ^^^^^^^^^^^^^^^^^^^^^^
AttributeError: 'Member' object has no attribute 'timed_out_until'
Ignoring exception in on_member_update
Traceback (most recent call last):
  File "/usr/local/lib/python3.12/site-packages/discord/client.py", line 465, in _run_event
    await coro(*args, **kwargs)
  File "/app/asu_discord/cogs/analytics.py", line 652, in on_member_update
    before_timeout = before.timed_out_until
                     ^^^^^^^^^^^^^^^^^^^^^^
AttributeError: 'Member' object has no attribute 'timed_out_until'
Ignoring exception in on_member_update
Traceback (most recent call last):
  File "/usr/local/lib/python3.12/site-packages/discord/client.py", line 465, in _run_event
    await coro(*args, **kwargs)
  File "/app/asu_discord/cogs/analytics.py", line 652, in on_member_update
    before_timeout = before.timed_out_until
                     ^^^^^^^^^^^^^^^^^^^^^^
AttributeError: 'Member' object has no attribute 'timed_out_until'
Ignoring exception in on_member_update
Traceback (most recent call last):
  File "/usr/local/lib/python3.12/site-packages/discord/client.py", line 465, in _run_event
    await coro(*args, **kwargs)
  File "/app/asu_discord/cogs/analytics.py", line 652, in on_member_update
    before_timeout = before.timed_out_until
                     ^^^^^^^^^^^^^^^^^^^^^^
AttributeError: 'Member' object has no attribute 'timed_out_until'
Ignoring exception in on_member_update
Traceback (most recent call last):
  File "/usr/local/lib/python3.12/site-packages/discord/client.py", line 465, in _run_event
    await coro(*args, **kwargs)
  File "/app/asu_discord/cogs/analytics.py", line 652, in on_member_update
    before_timeout = before.timed_out_until
                     ^^^^^^^^^^^^^^^^^^^^^^
AttributeError: 'Member' object has no attribute 'timed_out_until'
Ignoring exception in on_member_update
Traceback (most recent call last):
  File "/usr/local/lib/python3.12/site-packages/discord/client.py", line 465, in _run_event
    await coro(*args, **kwargs)
  File "/app/asu_discord/cogs/analytics.py", line 652, in on_member_update
    before_timeout = before.timed_out_until
                     ^^^^^^^^^^^^^^^^^^^^^^
AttributeError: 'Member' object has no attribute 'timed_out_until'
INFO:asu_discord.cogs.verification:Saved 5 roles to database for user ivilla12 (Discord ID: 908491867904151572)
INFO:asu_discord.cogs.verification:Refreshed Salesforce roles for Discord user 908491867904151572: -5/+5 roles, assigned=[Arizona Resident, First Generation Student, First Year, Ira A. Fulton Schools of Engineering, West Valley]
Ignoring exception in on_member_update
Traceback (most recent call last):
  File "/usr/local/lib/python3.12/site-packages/discord/client.py", line 465, in _run_event
    await coro(*args, **kwargs)
  File "/app/asu_discord/cogs/analytics.py", line 652, in on_member_update
    before_timeout = before.timed_out_until
                     ^^^^^^^^^^^^^^^^^^^^^^
AttributeError: 'Member' object has no attribute 'timed_out_until'
Ignoring exception in on_member_update
Traceback (most recent call last):
  File "/usr/local/lib/python3.12/site-packages/discord/client.py", line 465, in _run_event
    await coro(*args, **kwargs)
  File "/app/asu_discord/cogs/analytics.py", line 652, in on_member_update
    before_timeout = before.timed_out_until
                     ^^^^^^^^^^^^^^^^^^^^^^
AttributeError: 'Member' object has no attribute 'timed_out_until'
Ignoring exception in on_member_update
Traceback (most recent call last):
  File "/usr/local/lib/python3.12/site-packages/discord/client.py", line 465, in _run_event
    await coro(*args, **kwargs)
  File "/app/asu_discord/cogs/analytics.py", line 652, in on_member_update
    before_timeout = before.timed_out_until
                     ^^^^^^^^^^^^^^^^^^^^^^
AttributeError: 'Member' object has no attribute 'timed_out_until'
Ignoring exception in on_member_update
Traceback (most recent call last):
  File "/usr/local/lib/python3.12/site-packages/discord/client.py", line 465, in _run_event
    await coro(*args, **kwargs)
  File "/app/asu_discord/cogs/analytics.py", line 652, in on_member_update
    before_timeout = before.timed_out_until
                     ^^^^^^^^^^^^^^^^^^^^^^
AttributeError: 'Member' object has no attribute 'timed_out_until'
Ignoring exception in on_member_update
Traceback (most recent call last):
  File "/usr/local/lib/python3.12/site-packages/discord/client.py", line 465, in _run_event
    await coro(*args, **kwargs)
  File "/app/asu_discord/cogs/analytics.py", line 652, in on_member_update
    before_timeout = before.timed_out_until
                     ^^^^^^^^^^^^^^^^^^^^^^
AttributeError: 'Member' object has no attribute 'timed_out_until'
Ignoring exception in on_member_update
Traceback (most recent call last):
  File "/usr/local/lib/python3.12/site-packages/discord/client.py", line 465, in _run_event
    await coro(*args, **kwargs)
  File "/app/asu_discord/cogs/analytics.py", line 652, in on_member_update
    before_timeout = before.timed_out_until
                     ^^^^^^^^^^^^^^^^^^^^^^
AttributeError: 'Member' object has no attribute 'timed_out_until'
Ignoring exception in on_member_update
Traceback (most recent call last):
  File "/usr/local/lib/python3.12/site-packages/discord/client.py", line 465, in _run_event
    await coro(*args, **kwargs)
  File "/app/asu_discord/cogs/analytics.py", line 652, in on_member_update
    before_timeout = before.timed_out_until
                     ^^^^^^^^^^^^^^^^^^^^^^
AttributeError: 'Member' object has no attribute 'timed_out_until'
Ignoring exception in on_member_update
Traceback (most recent call last):
  File "/usr/local/lib/python3.12/site-packages/discord/client.py", line 465, in _run_event
    await coro(*args, **kwargs)
  File "/app/asu_discord/cogs/analytics.py", line 652, in on_member_update
    before_timeout = before.timed_out_until
                     ^^^^^^^^^^^^^^^^^^^^^^
AttributeError: 'Member' object has no attribute 'timed_out_until'
Ignoring exception in on_member_update
Traceback (most recent call last):
  File "/usr/local/lib/python3.12/site-packages/discord/client.py", line 465, in _run_event
    await coro(*args, **kwargs)
  File "/app/asu_discord/cogs/analytics.py", line 652, in on_member_update
    before_timeout = before.timed_out_until
                     ^^^^^^^^^^^^^^^^^^^^^^
AttributeError: 'Member' object has no attribute 'timed_out_until'
ERROR:cron.jobs:refresh_salesforce_roles: failed for cmascott (Discord ID 1475599102615224380): Timed out refresh Salesforce-based roles
Ignoring exception in on_member_update
Traceback (most recent call last):
  File "/usr/local/lib/python3.12/site-packages/discord/client.py", line 465, in _run_event
    await coro(*args, **kwargs)
  File "/app/asu_discord/cogs/analytics.py", line 652, in on_member_update
    before_timeout = before.timed_out_until
                     ^^^^^^^^^^^^^^^^^^^^^^
AttributeError: 'Member' object has no attribute 'timed_out_until'
ERROR:cron.jobs:refresh_salesforce_roles: failed for kcampas (Discord ID 799443651293216778): Failed to refresh Salesforce-based roles: Discord user 799443651293216778 is not a member of the guild
Ignoring exception in on_member_update
Traceback (most recent call last):
  File "/usr/local/lib/python3.12/site-packages/discord/client.py", line 465, in _run_event
    await coro(*args, **kwargs)
  File "/app/asu_discord/cogs/analytics.py", line 652, in on_member_update
    before_timeout = before.timed_out_until
                     ^^^^^^^^^^^^^^^^^^^^^^
AttributeError: 'Member' object has no attribute 'timed_out_until'
Ignoring exception in on_member_update
Traceback (most recent call last):
  File "/usr/local/lib/python3.12/site-packages/discord/client.py", line 465, in _run_event
    await coro(*args, **kwargs)
  File "/app/asu_discord/cogs/analytics.py", line 652, in on_member_update
    before_timeout = before.timed_out_until
                     ^^^^^^^^^^^^^^^^^^^^^^
AttributeError: 'Member' object has no attribute 'timed_out_until'
Ignoring exception in on_member_update
Traceback (most recent call last):
  File "/usr/local/lib/python3.12/site-packages/discord/client.py", line 465, in _run_event
    await coro(*args, **kwargs)
  File "/app/asu_discord/cogs/analytics.py", line 652, in on_member_update
    before_timeout = before.timed_out_until
                     ^^^^^^^^^^^^^^^^^^^^^^
AttributeError: 'Member' object has no attribute 'timed_out_until'
Ignoring exception in on_member_update
Traceback (most recent call last):
  File "/usr/local/lib/python3.12/site-packages/discord/client.py", line 465, in _run_event
    await coro(*args, **kwargs)
  File "/app/asu_discord/cogs/analytics.py", line 652, in on_member_update
    before_timeout = before.timed_out_until
                     ^^^^^^^^^^^^^^^^^^^^^^
AttributeError: 'Member' object has no attribute 'timed_out_until'
Ignoring exception in on_member_update
Traceback (most recent call last):
  File "/usr/local/lib/python3.12/site-packages/discord/client.py", line 465, in _run_event
    await coro(*args, **kwargs)
  File "/app/asu_discord/cogs/analytics.py", line 652, in on_member_update
    before_timeout = before.timed_out_until
                     ^^^^^^^^^^^^^^^^^^^^^^
AttributeError: 'Member' object has no attribute 'timed_out_until'
Ignoring exception in on_member_update
Traceback (most recent call last):
  File "/usr/local/lib/python3.12/site-packages/discord/client.py", line 465, in _run_event
    await coro(*args, **kwargs)
  File "/app/asu_discord/cogs/analytics.py", line 652, in on_member_update
    before_timeout = before.timed_out_until
                     ^^^^^^^^^^^^^^^^^^^^^^
AttributeError: 'Member' object has no attribute 'timed_out_until'
Ignoring exception in on_member_update
Traceback (most recent call last):
  File "/usr/local/lib/python3.12/site-packages/discord/client.py", line 465, in _run_event
    await coro(*args, **kwargs)
  File "/app/asu_discord/cogs/analytics.py", line 652, in on_member_update
    before_timeout = before.timed_out_until
                     ^^^^^^^^^^^^^^^^^^^^^^
AttributeError: 'Member' object has no attribute 'timed_out_until'
Ignoring exception in on_member_update
Traceback (most recent call last):
  File "/usr/local/lib/python3.12/site-packages/discord/client.py", line 465, in _run_event
    await coro(*args, **kwargs)
  File "/app/asu_discord/cogs/analytics.py", line 652, in on_member_update
    before_timeout = before.timed_out_until
                     ^^^^^^^^^^^^^^^^^^^^^^
AttributeError: 'Member' object has no attribute 'timed_out_until'
Ignoring exception in on_member_update
Traceback (most recent call last):
  File "/usr/local/lib/python3.12/site-packages/discord/client.py", line 465, in _run_event
    await coro(*args, **kwargs)
  File "/app/asu_discord/cogs/analytics.py", line 652, in on_member_update
    before_timeout = before.timed_out_until
                     ^^^^^^^^^^^^^^^^^^^^^^
AttributeError: 'Member' object has no attribute 'timed_out_until'
Ignoring exception in on_member_update
Traceback (most recent call last):
  File "/usr/local/lib/python3.12/site-packages/discord/client.py", line 465, in _run_event
    await coro(*args, **kwargs)
  File "/app/asu_discord/cogs/analytics.py", line 652, in on_member_update
    before_timeout = before.timed_out_until
                     ^^^^^^^^^^^^^^^^^^^^^^
AttributeError: 'Member' object has no attribute 'timed_out_until'
INFO:asu_discord.cogs.verification:Saved 5 roles to database for user treimer1 (Discord ID: 913146445698318428)
INFO:asu_discord.cogs.verification:Refreshed Salesforce roles for Discord user 913146445698318428: -5/+5 roles, assigned=[Arizona Resident, Commited, First Year, New College of Interdisciplinary Arts and Sciences, West Valley]
Ignoring exception in on_member_update
Traceback (most recent call last):
  File "/usr/local/lib/python3.12/site-packages/discord/client.py", line 465, in _run_event
    await coro(*args, **kwargs)
  File "/app/asu_discord/cogs/analytics.py", line 652, in on_member_update
    before_timeout = before.timed_out_until
                     ^^^^^^^^^^^^^^^^^^^^^^
AttributeError: 'Member' object has no attribute 'timed_out_until'
Ignoring exception in on_member_update
Traceback (most recent call last):
  File "/usr/local/lib/python3.12/site-packages/discord/client.py", line 465, in _run_event
    await coro(*args, **kwargs)
  File "/app/asu_discord/cogs/analytics.py", line 652, in on_member_update
    before_timeout = before.timed_out_until
                     ^^^^^^^^^^^^^^^^^^^^^^
AttributeError: 'Member' object has no attribute 'timed_out_until'
Ignoring exception in on_member_update
Traceback (most recent call last):
  File "/usr/local/lib/python3.12/site-packages/discord/client.py", line 465, in _run_event
    await coro(*args, **kwargs)
  File "/app/asu_discord/cogs/analytics.py", line 652, in on_member_update
    before_timeout = before.timed_out_until
                     ^^^^^^^^^^^^^^^^^^^^^^
AttributeError: 'Member' object has no attribute 'timed_out_until'
Ignoring exception in on_member_update
Traceback (most recent call last):
  File "/usr/local/lib/python3.12/site-packages/discord/client.py", line 465, in _run_event
    await coro(*args, **kwargs)
  File "/app/asu_discord/cogs/analytics.py", line 652, in on_member_update
    before_timeout = before.timed_out_until
                     ^^^^^^^^^^^^^^^^^^^^^^
AttributeError: 'Member' object has no attribute 'timed_out_until'
Ignoring exception in on_member_update
Traceback (most recent call last):
  File "/usr/local/lib/python3.12/site-packages/discord/client.py", line 465, in _run_event
    await coro(*args, **kwargs)
  File "/app/asu_discord/cogs/analytics.py", line 652, in on_member_update
    before_timeout = before.timed_out_until
                     ^^^^^^^^^^^^^^^^^^^^^^
AttributeError: 'Member' object has no attribute 'timed_out_until'
Ignoring exception in on_member_update
Traceback (most recent call last):
  File "/usr/local/lib/python3.12/site-packages/discord/client.py", line 465, in _run_event
    await coro(*args, **kwargs)
  File "/app/asu_discord/cogs/analytics.py", line 652, in on_member_update
    before_timeout = before.timed_out_until
                     ^^^^^^^^^^^^^^^^^^^^^^
AttributeError: 'Member' object has no attribute 'timed_out_until'
Ignoring exception in on_member_update
Traceback (most recent call last):
  File "/usr/local/lib/python3.12/site-packages/discord/client.py", line 465, in _run_event
    await coro(*args, **kwargs)
  File "/app/asu_discord/cogs/analytics.py", line 652, in on_member_update
    before_timeout = before.timed_out_until
                     ^^^^^^^^^^^^^^^^^^^^^^
AttributeError: 'Member' object has no attribute 'timed_out_until'
Ignoring exception in on_member_update
Traceback (most recent call last):
  File "/usr/local/lib/python3.12/site-packages/discord/client.py", line 465, in _run_event
    await coro(*args, **kwargs)
  File "/app/asu_discord/cogs/analytics.py", line 652, in on_member_update
    before_timeout = before.timed_out_until
                     ^^^^^^^^^^^^^^^^^^^^^^
AttributeError: 'Member' object has no attribute 'timed_out_until'
Ignoring exception in on_member_update
Traceback (most recent call last):
  File "/usr/local/lib/python3.12/site-packages/discord/client.py", line 465, in _run_event
    await coro(*args, **kwargs)
  File "/app/asu_discord/cogs/analytics.py", line 652, in on_member_update
    before_timeout = before.timed_out_until
                     ^^^^^^^^^^^^^^^^^^^^^^
AttributeError: 'Member' object has no attribute 'timed_out_until'
Ignoring exception in on_member_update
Traceback (most recent call last):
  File "/usr/local/lib/python3.12/site-packages/discord/client.py", line 465, in _run_event
    await coro(*args, **kwargs)
  File "/app/asu_discord/cogs/analytics.py", line 652, in on_member_update
    before_timeout = before.timed_out_until
                     ^^^^^^^^^^^^^^^^^^^^^^
AttributeError: 'Member' object has no attribute 'timed_out_until'
INFO:asu_discord.cogs.verification:Saved 5 roles to database for user asmirno3 (Discord ID: 1093529592448417892)
INFO:asu_discord.cogs.verification:Refreshed Salesforce roles for Discord user 1093529592448417892: -5/+5 roles, assigned=[Commited, First Year, International Student, Tempe, W.P. Carey School of Business]
Ignoring exception in on_member_update
Traceback (most recent call last):
  File "/usr/local/lib/python3.12/site-packages/discord/client.py", line 465, in _run_event
    await coro(*args, **kwargs)
  File "/app/asu_discord/cogs/analytics.py", line 652, in on_member_update
    before_timeout = before.timed_out_until
                     ^^^^^^^^^^^^^^^^^^^^^^
AttributeError: 'Member' object has no attribute 'timed_out_until'
Ignoring exception in on_member_update
Traceback (most recent call last):
  File "/usr/local/lib/python3.12/site-packages/discord/client.py", line 465, in _run_event
    await coro(*args, **kwargs)
  File "/app/asu_discord/cogs/analytics.py", line 652, in on_member_update
    before_timeout = before.timed_out_until
                     ^^^^^^^^^^^^^^^^^^^^^^
AttributeError: 'Member' object has no attribute 'timed_out_until'
Ignoring exception in on_member_update
Traceback (most recent call last):
  File "/usr/local/lib/python3.12/site-packages/discord/client.py", line 465, in _run_event
    await coro(*args, **kwargs)
  File "/app/asu_discord/cogs/analytics.py", line 652, in on_member_update
    before_timeout = before.timed_out_until
                     ^^^^^^^^^^^^^^^^^^^^^^
AttributeError: 'Member' object has no attribute 'timed_out_until'
Ignoring exception in on_member_update
Traceback (most recent call last):
  File "/usr/local/lib/python3.12/site-packages/discord/client.py", line 465, in _run_event
    await coro(*args, **kwargs)
  File "/app/asu_discord/cogs/analytics.py", line 652, in on_member_update
    before_timeout = before.timed_out_until
                     ^^^^^^^^^^^^^^^^^^^^^^
AttributeError: 'Member' object has no attribute 'timed_out_until'
Ignoring exception in on_member_update
Traceback (most recent call last):
  File "/usr/local/lib/python3.12/site-packages/discord/client.py", line 465, in _run_event
    await coro(*args, **kwargs)
  File "/app/asu_discord/cogs/analytics.py", line 652, in on_member_update
    before_timeout = before.timed_out_until
                     ^^^^^^^^^^^^^^^^^^^^^^
AttributeError: 'Member' object has no attribute 'timed_out_until'
Ignoring exception in on_member_update
Traceback (most recent call last):
  File "/usr/local/lib/python3.12/site-packages/discord/client.py", line 465, in _run_event
    await coro(*args, **kwargs)
  File "/app/asu_discord/cogs/analytics.py", line 652, in on_member_update
    before_timeout = before.timed_out_until
                     ^^^^^^^^^^^^^^^^^^^^^^
AttributeError: 'Member' object has no attribute 'timed_out_until'
Ignoring exception in on_member_update
Traceback (most recent call last):
  File "/usr/local/lib/python3.12/site-packages/discord/client.py", line 465, in _run_event
    await coro(*args, **kwargs)
  File "/app/asu_discord/cogs/analytics.py", line 652, in on_member_update
    before_timeout = before.timed_out_until
                     ^^^^^^^^^^^^^^^^^^^^^^
AttributeError: 'Member' object has no attribute 'timed_out_until'
Ignoring exception in on_member_update
Traceback (most recent call last):
  File "/usr/local/lib/python3.12/site-packages/discord/client.py", line 465, in _run_event
    await coro(*args, **kwargs)
  File "/app/asu_discord/cogs/analytics.py", line 652, in on_member_update
    before_timeout = before.timed_out_until
                     ^^^^^^^^^^^^^^^^^^^^^^
AttributeError: 'Member' object has no attribute 'timed_out_until'
Ignoring exception in on_member_update
Traceback (most recent call last):
  File "/usr/local/lib/python3.12/site-packages/discord/client.py", line 465, in _run_event
    await coro(*args, **kwargs)
  File "/app/asu_discord/cogs/analytics.py", line 652, in on_member_update
    before_timeout = before.timed_out_until
                     ^^^^^^^^^^^^^^^^^^^^^^
AttributeError: 'Member' object has no attribute 'timed_out_until'
Ignoring exception in on_member_update
Traceback (most recent call last):
  File "/usr/local/lib/python3.12/site-packages/discord/client.py", line 465, in _run_event
    await coro(*args, **kwargs)
  File "/app/asu_discord/cogs/analytics.py", line 652, in on_member_update
    before_timeout = before.timed_out_until
                     ^^^^^^^^^^^^^^^^^^^^^^
AttributeError: 'Member' object has no attribute 'timed_out_until'
INFO:asu_discord.cogs.verification:Saved 5 roles to database for user ksulli64 (Discord ID: 1475670443221319751)
INFO:asu_discord.cogs.verification:Refreshed Salesforce roles for Discord user 1475670443221319751: -5/+5 roles, assigned=[Arizona Resident, Commited, First Year, Ira A. Fulton Schools of Engineering, Tempe]
Ignoring exception in on_member_update
Traceback (most recent call last):
  File "/usr/local/lib/python3.12/site-packages/discord/client.py", line 465, in _run_event
    await coro(*args, **kwargs)
  File "/app/asu_discord/cogs/analytics.py", line 652, in on_member_update
    before_timeout = before.timed_out_until
                     ^^^^^^^^^^^^^^^^^^^^^^
AttributeError: 'Member' object has no attribute 'timed_out_until'
Ignoring exception in on_member_update
Traceback (most recent call last):
  File "/usr/local/lib/python3.12/site-packages/discord/client.py", line 465, in _run_event
    await coro(*args, **kwargs)
  File "/app/asu_discord/cogs/analytics.py", line 652, in on_member_update
    before_timeout = before.timed_out_until
                     ^^^^^^^^^^^^^^^^^^^^^^
AttributeError: 'Member' object has no attribute 'timed_out_until'
Ignoring exception in on_member_update
Traceback (most recent call last):
  File "/usr/local/lib/python3.12/site-packages/discord/client.py", line 465, in _run_event
    await coro(*args, **kwargs)
  File "/app/asu_discord/cogs/analytics.py", line 652, in on_member_update
    before_timeout = before.timed_out_until
                     ^^^^^^^^^^^^^^^^^^^^^^
AttributeError: 'Member' object has no attribute 'timed_out_until'
Ignoring exception in on_member_update
Traceback (most recent call last):
  File "/usr/local/lib/python3.12/site-packages/discord/client.py", line 465, in _run_event
    await coro(*args, **kwargs)
  File "/app/asu_discord/cogs/analytics.py", line 652, in on_member_update
    before_timeout = before.timed_out_until
                     ^^^^^^^^^^^^^^^^^^^^^^
AttributeError: 'Member' object has no attribute 'timed_out_until'
Ignoring exception in on_member_update
Traceback (most recent call last):
  File "/usr/local/lib/python3.12/site-packages/discord/client.py", line 465, in _run_event
    await coro(*args, **kwargs)
  File "/app/asu_discord/cogs/analytics.py", line 652, in on_member_update
    before_timeout = before.timed_out_until
                     ^^^^^^^^^^^^^^^^^^^^^^
AttributeError: 'Member' object has no attribute 'timed_out_until'
Ignoring exception in on_member_update
Traceback (most recent call last):
  File "/usr/local/lib/python3.12/site-packages/discord/client.py", line 465, in _run_event
    await coro(*args, **kwargs)
  File "/app/asu_discord/cogs/analytics.py", line 652, in on_member_update
    before_timeout = before.timed_out_until
                     ^^^^^^^^^^^^^^^^^^^^^^
AttributeError: 'Member' object has no attribute 'timed_out_until'
Ignoring exception in on_member_update
Traceback (most recent call last):
  File "/usr/local/lib/python3.12/site-packages/discord/client.py", line 465, in _run_event
    await coro(*args, **kwargs)
  File "/app/asu_discord/cogs/analytics.py", line 652, in on_member_update
    before_timeout = before.timed_out_until
                     ^^^^^^^^^^^^^^^^^^^^^^
AttributeError: 'Member' object has no attribute 'timed_out_until'
Ignoring exception in on_member_update
Traceback (most recent call last):
  File "/usr/local/lib/python3.12/site-packages/discord/client.py", line 465, in _run_event
    await coro(*args, **kwargs)
  File "/app/asu_discord/cogs/analytics.py", line 652, in on_member_update
    before_timeout = before.timed_out_until
                     ^^^^^^^^^^^^^^^^^^^^^^
AttributeError: 'Member' object has no attribute 'timed_out_until'
Ignoring exception in on_member_update
Traceback (most recent call last):
  File "/usr/local/lib/python3.12/site-packages/discord/client.py", line 465, in _run_event
    await coro(*args, **kwargs)
  File "/app/asu_discord/cogs/analytics.py", line 652, in on_member_update
    before_timeout = before.timed_out_until
                     ^^^^^^^^^^^^^^^^^^^^^^
AttributeError: 'Member' object has no attribute 'timed_out_until'
Ignoring exception in on_member_update
Traceback (most recent call last):
  File "/usr/local/lib/python3.12/site-packages/discord/client.py", line 465, in _run_event
    await coro(*args, **kwargs)
  File "/app/asu_discord/cogs/analytics.py", line 652, in on_member_update
    before_timeout = before.timed_out_until
                     ^^^^^^^^^^^^^^^^^^^^^^
AttributeError: 'Member' object has no attribute 'timed_out_until'
ERROR:cron.jobs:refresh_salesforce_roles: failed for sambari1 (Discord ID 1205223809062281310): Timed out refresh Salesforce-based roles
Ignoring exception in on_member_update
Traceback (most recent call last):
  File "/usr/local/lib/python3.12/site-packages/discord/client.py", line 465, in _run_event
    await coro(*args, **kwargs)
  File "/app/asu_discord/cogs/analytics.py", line 652, in on_member_update
    before_timeout = before.timed_out_until
                     ^^^^^^^^^^^^^^^^^^^^^^
AttributeError: 'Member' object has no attribute 'timed_out_until'
Ignoring exception in on_member_update
Traceback (most recent call last):
  File "/usr/local/lib/python3.12/site-packages/discord/client.py", line 465, in _run_event
    await coro(*args, **kwargs)
  File "/app/asu_discord/cogs/analytics.py", line 652, in on_member_update
    before_timeout = before.timed_out_until
                     ^^^^^^^^^^^^^^^^^^^^^^
AttributeError: 'Member' object has no attribute 'timed_out_until'
Ignoring exception in on_member_update
Traceback (most recent call last):
  File "/usr/local/lib/python3.12/site-packages/discord/client.py", line 465, in _run_event
    await coro(*args, **kwargs)
  File "/app/asu_discord/cogs/analytics.py", line 652, in on_member_update
    before_timeout = before.timed_out_until
                     ^^^^^^^^^^^^^^^^^^^^^^
AttributeError: 'Member' object has no attribute 'timed_out_until'
Ignoring exception in on_member_update
Traceback (most recent call last):
  File "/usr/local/lib/python3.12/site-packages/discord/client.py", line 465, in _run_event
    await coro(*args, **kwargs)
  File "/app/asu_discord/cogs/analytics.py", line 652, in on_member_update
    before_timeout = before.timed_out_until
                     ^^^^^^^^^^^^^^^^^^^^^^
AttributeError: 'Member' object has no attribute 'timed_out_until'
Ignoring exception in on_member_update
Traceback (most recent call last):
  File "/usr/local/lib/python3.12/site-packages/discord/client.py", line 465, in _run_event
    await coro(*args, **kwargs)
  File "/app/asu_discord/cogs/analytics.py", line 652, in on_member_update
    before_timeout = before.timed_out_until
                     ^^^^^^^^^^^^^^^^^^^^^^
AttributeError: 'Member' object has no attribute 'timed_out_until'
Ignoring exception in on_member_update
Traceback (most recent call last):
  File "/usr/local/lib/python3.12/site-packages/discord/client.py", line 465, in _run_event
    await coro(*args, **kwargs)
  File "/app/asu_discord/cogs/analytics.py", line 652, in on_member_update
    before_timeout = before.timed_out_until
                     ^^^^^^^^^^^^^^^^^^^^^^
AttributeError: 'Member' object has no attribute 'timed_out_until'
Ignoring exception in on_member_update
Traceback (most recent call last):
  File "/usr/local/lib/python3.12/site-packages/discord/client.py", line 465, in _run_event
    await coro(*args, **kwargs)
  File "/app/asu_discord/cogs/analytics.py", line 652, in on_member_update
    before_timeout = before.timed_out_until
                     ^^^^^^^^^^^^^^^^^^^^^^
AttributeError: 'Member' object has no attribute 'timed_out_until'
Ignoring exception in on_member_update
Traceback (most recent call last):
  File "/usr/local/lib/python3.12/site-packages/discord/client.py", line 465, in _run_event
    await coro(*args, **kwargs)
  File "/app/asu_discord/cogs/analytics.py", line 652, in on_member_update
    before_timeout = before.timed_out_until
                     ^^^^^^^^^^^^^^^^^^^^^^
AttributeError: 'Member' object has no attribute 'timed_out_until'
Ignoring exception in on_member_update
Traceback (most recent call last):
  File "/usr/local/lib/python3.12/site-packages/discord/client.py", line 465, in _run_event
    await coro(*args, **kwargs)
  File "/app/asu_discord/cogs/analytics.py", line 652, in on_member_update
    before_timeout = before.timed_out_until
                     ^^^^^^^^^^^^^^^^^^^^^^
AttributeError: 'Member' object has no attribute 'timed_out_until'
Ignoring exception in on_member_update
Traceback (most recent call last):
  File "/usr/local/lib/python3.12/site-packages/discord/client.py", line 465, in _run_event
    await coro(*args, **kwargs)
  File "/app/asu_discord/cogs/analytics.py", line 652, in on_member_update
    before_timeout = before.timed_out_until
                     ^^^^^^^^^^^^^^^^^^^^^^
AttributeError: 'Member' object has no attribute 'timed_out_until'
INFO:asu_discord.cogs.verification:Saved 5 roles to database for user kendric1 (Discord ID: 697888041364094996)
INFO:asu_discord.cogs.verification:Refreshed Salesforce roles for Discord user 697888041364094996: -5/+5 roles, assigned=[Arizona Resident, Commited, First Year, Ira A. Fulton Schools of Engineering, Tempe]
Ignoring exception in on_member_update
Traceback (most recent call last):
  File "/usr/local/lib/python3.12/site-packages/discord/client.py", line 465, in _run_event
    await coro(*args, **kwargs)
  File "/app/asu_discord/cogs/analytics.py", line 652, in on_member_update
    before_timeout = before.timed_out_until
                     ^^^^^^^^^^^^^^^^^^^^^^
AttributeError: 'Member' object has no attribute 'timed_out_until'
Ignoring exception in on_member_update
Traceback (most recent call last):
  File "/usr/local/lib/python3.12/site-packages/discord/client.py", line 465, in _run_event
    await coro(*args, **kwargs)
  File "/app/asu_discord/cogs/analytics.py", line 652, in on_member_update
    before_timeout = before.timed_out_until
                     ^^^^^^^^^^^^^^^^^^^^^^
AttributeError: 'Member' object has no attribute 'timed_out_until'
Ignoring exception in on_member_update
Traceback (most recent call last):
  File "/usr/local/lib/python3.12/site-packages/discord/client.py", line 465, in _run_event
    await coro(*args, **kwargs)
  File "/app/asu_discord/cogs/analytics.py", line 652, in on_member_update
    before_timeout = before.timed_out_until
                     ^^^^^^^^^^^^^^^^^^^^^^
AttributeError: 'Member' object has no attribute 'timed_out_until'
Ignoring exception in on_member_update
Traceback (most recent call last):
  File "/usr/local/lib/python3.12/site-packages/discord/client.py", line 465, in _run_event
    await coro(*args, **kwargs)
  File "/app/asu_discord/cogs/analytics.py", line 652, in on_member_update
    before_timeout = before.timed_out_until
                     ^^^^^^^^^^^^^^^^^^^^^^
AttributeError: 'Member' object has no attribute 'timed_out_until'
Ignoring exception in on_member_update
Traceback (most recent call last):
  File "/usr/local/lib/python3.12/site-packages/discord/client.py", line 465, in _run_event
    await coro(*args, **kwargs)
  File "/app/asu_discord/cogs/analytics.py", line 652, in on_member_update
    before_timeout = before.timed_out_until
                     ^^^^^^^^^^^^^^^^^^^^^^
AttributeError: 'Member' object has no attribute 'timed_out_until'
Ignoring exception in on_member_update
Traceback (most recent call last):
  File "/usr/local/lib/python3.12/site-packages/discord/client.py", line 465, in _run_event
    await coro(*args, **kwargs)
  File "/app/asu_discord/cogs/analytics.py", line 652, in on_member_update
    before_timeout = before.timed_out_until
                     ^^^^^^^^^^^^^^^^^^^^^^
AttributeError: 'Member' object has no attribute 'timed_out_until'
Ignoring exception in on_member_update
Traceback (most recent call last):
  File "/usr/local/lib/python3.12/site-packages/discord/client.py", line 465, in _run_event
    await coro(*args, **kwargs)
  File "/app/asu_discord/cogs/analytics.py", line 652, in on_member_update
    before_timeout = before.timed_out_until
                     ^^^^^^^^^^^^^^^^^^^^^^
AttributeError: 'Member' object has no attribute 'timed_out_until'
Ignoring exception in on_member_update
Traceback (most recent call last):
  File "/usr/local/lib/python3.12/site-packages/discord/client.py", line 465, in _run_event
    await coro(*args, **kwargs)
  File "/app/asu_discord/cogs/analytics.py", line 652, in on_member_update
    before_timeout = before.timed_out_until
                     ^^^^^^^^^^^^^^^^^^^^^^
AttributeError: 'Member' object has no attribute 'timed_out_until'
INFO:asu_discord.cogs.verification:Saved 4 roles to database for user igorin (Discord ID: 785884975097839616)
INFO:asu_discord.cogs.verification:Refreshed Salesforce roles for Discord user 785884975097839616: -4/+4 roles, assigned=[Arizona Resident, First Year, Ira A. Fulton Schools of Engineering, Tempe]
Ignoring exception in on_member_update
Traceback (most recent call last):
  File "/usr/local/lib/python3.12/site-packages/discord/client.py", line 465, in _run_event
    await coro(*args, **kwargs)
  File "/app/asu_discord/cogs/analytics.py", line 652, in on_member_update
    before_timeout = before.timed_out_until
                     ^^^^^^^^^^^^^^^^^^^^^^
AttributeError: 'Member' object has no attribute 'timed_out_until'
Ignoring exception in on_member_update
Traceback (most recent call last):
  File "/usr/local/lib/python3.12/site-packages/discord/client.py", line 465, in _run_event
    await coro(*args, **kwargs)
  File "/app/asu_discord/cogs/analytics.py", line 652, in on_member_update
    before_timeout = before.timed_out_until
                     ^^^^^^^^^^^^^^^^^^^^^^
AttributeError: 'Member' object has no attribute 'timed_out_until'
Ignoring exception in on_member_update
Traceback (most recent call last):
  File "/usr/local/lib/python3.12/site-packages/discord/client.py", line 465, in _run_event
    await coro(*args, **kwargs)
  File "/app/asu_discord/cogs/analytics.py", line 652, in on_member_update
    before_timeout = before.timed_out_until
                     ^^^^^^^^^^^^^^^^^^^^^^
AttributeError: 'Member' object has no attribute 'timed_out_until'
Ignoring exception in on_member_update
Traceback (most recent call last):
  File "/usr/local/lib/python3.12/site-packages/discord/client.py", line 465, in _run_event
    await coro(*args, **kwargs)
  File "/app/asu_discord/cogs/analytics.py", line 652, in on_member_update
    before_timeout = before.timed_out_until
                     ^^^^^^^^^^^^^^^^^^^^^^
AttributeError: 'Member' object has no attribute 'timed_out_until'
Ignoring exception in on_member_update
Traceback (most recent call last):
  File "/usr/local/lib/python3.12/site-packages/discord/client.py", line 465, in _run_event
    await coro(*args, **kwargs)
  File "/app/asu_discord/cogs/analytics.py", line 652, in on_member_update
    before_timeout = before.timed_out_until
                     ^^^^^^^^^^^^^^^^^^^^^^
AttributeError: 'Member' object has no attribute 'timed_out_until'
Ignoring exception in on_member_update
Traceback (most recent call last):
  File "/usr/local/lib/python3.12/site-packages/discord/client.py", line 465, in _run_event
    await coro(*args, **kwargs)
  File "/app/asu_discord/cogs/analytics.py", line 652, in on_member_update
    before_timeout = before.timed_out_until
                     ^^^^^^^^^^^^^^^^^^^^^^
AttributeError: 'Member' object has no attribute 'timed_out_until'
Ignoring exception in on_member_update
Traceback (most recent call last):
  File "/usr/local/lib/python3.12/site-packages/discord/client.py", line 465, in _run_event
    await coro(*args, **kwargs)
  File "/app/asu_discord/cogs/analytics.py", line 652, in on_member_update
    before_timeout = before.timed_out_until
                     ^^^^^^^^^^^^^^^^^^^^^^
AttributeError: 'Member' object has no attribute 'timed_out_until'
Ignoring exception in on_member_update
Traceback (most recent call last):
  File "/usr/local/lib/python3.12/site-packages/discord/client.py", line 465, in _run_event
    await coro(*args, **kwargs)
  File "/app/asu_discord/cogs/analytics.py", line 652, in on_member_update
    before_timeout = before.timed_out_until
                     ^^^^^^^^^^^^^^^^^^^^^^
AttributeError: 'Member' object has no attribute 'timed_out_until'
INFO:asu_discord.cogs.verification:Saved 4 roles to database for user hvijay (Discord ID: 650679756873924629)
INFO:asu_discord.cogs.verification:Refreshed Salesforce roles for Discord user 650679756873924629: -4/+4 roles, assigned=[Graduate Student, International Student, Ira A. Fulton Schools of Engineering, Tempe]
Ignoring exception in on_member_update
Traceback (most recent call last):
  File "/usr/local/lib/python3.12/site-packages/discord/client.py", line 465, in _run_event
    await coro(*args, **kwargs)
  File "/app/asu_discord/cogs/analytics.py", line 652, in on_member_update
    before_timeout = before.timed_out_until
                     ^^^^^^^^^^^^^^^^^^^^^^
AttributeError: 'Member' object has no attribute 'timed_out_until'
Ignoring exception in on_member_update
Traceback (most recent call last):
  File "/usr/local/lib/python3.12/site-packages/discord/client.py", line 465, in _run_event
    await coro(*args, **kwargs)
  File "/app/asu_discord/cogs/analytics.py", line 652, in on_member_update
    before_timeout = before.timed_out_until
                     ^^^^^^^^^^^^^^^^^^^^^^
AttributeError: 'Member' object has no attribute 'timed_out_until'
Ignoring exception in on_member_update
Traceback (most recent call last):
  File "/usr/local/lib/python3.12/site-packages/discord/client.py", line 465, in _run_event
    await coro(*args, **kwargs)
  File "/app/asu_discord/cogs/analytics.py", line 652, in on_member_update
    before_timeout = before.timed_out_until
                     ^^^^^^^^^^^^^^^^^^^^^^
AttributeError: 'Member' object has no attribute 'timed_out_until'
Ignoring exception in on_member_update
Traceback (most recent call last):
  File "/usr/local/lib/python3.12/site-packages/discord/client.py", line 465, in _run_event
    await coro(*args, **kwargs)
  File "/app/asu_discord/cogs/analytics.py", line 652, in on_member_update
    before_timeout = before.timed_out_until
                     ^^^^^^^^^^^^^^^^^^^^^^
AttributeError: 'Member' object has no attribute 'timed_out_until'
Ignoring exception in on_member_update
Traceback (most recent call last):
  File "/usr/local/lib/python3.12/site-packages/discord/client.py", line 465, in _run_event
    await coro(*args, **kwargs)
  File "/app/asu_discord/cogs/analytics.py", line 652, in on_member_update
    before_timeout = before.timed_out_until
                     ^^^^^^^^^^^^^^^^^^^^^^
AttributeError: 'Member' object has no attribute 'timed_out_until'
Ignoring exception in on_member_update
Traceback (most recent call last):
  File "/usr/local/lib/python3.12/site-packages/discord/client.py", line 465, in _run_event
    await coro(*args, **kwargs)
  File "/app/asu_discord/cogs/analytics.py", line 652, in on_member_update
    before_timeout = before.timed_out_until
                     ^^^^^^^^^^^^^^^^^^^^^^
AttributeError: 'Member' object has no attribute 'timed_out_until'
Ignoring exception in on_member_update
Traceback (most recent call last):
  File "/usr/local/lib/python3.12/site-packages/discord/client.py", line 465, in _run_event
    await coro(*args, **kwargs)
  File "/app/asu_discord/cogs/analytics.py", line 652, in on_member_update
    before_timeout = before.timed_out_until
                     ^^^^^^^^^^^^^^^^^^^^^^
AttributeError: 'Member' object has no attribute 'timed_out_until'
Ignoring exception in on_member_update
Traceback (most recent call last):
  File "/usr/local/lib/python3.12/site-packages/discord/client.py", line 465, in _run_event
    await coro(*args, **kwargs)
  File "/app/asu_discord/cogs/analytics.py", line 652, in on_member_update
    before_timeout = before.timed_out_until
                     ^^^^^^^^^^^^^^^^^^^^^^
AttributeError: 'Member' object has no attribute 'timed_out_until'
Ignoring exception in on_member_update
Traceback (most recent call last):
  File "/usr/local/lib/python3.12/site-packages/discord/client.py", line 465, in _run_event
    await coro(*args, **kwargs)
  File "/app/asu_discord/cogs/analytics.py", line 652, in on_member_update
    before_timeout = before.timed_out_until
                     ^^^^^^^^^^^^^^^^^^^^^^
AttributeError: 'Member' object has no attribute 'timed_out_until'
Ignoring exception in on_member_update
Traceback (most recent call last):
  File "/usr/local/lib/python3.12/site-packages/discord/client.py", line 465, in _run_event
    await coro(*args, **kwargs)
  File "/app/asu_discord/cogs/analytics.py", line 652, in on_member_update
    before_timeout = before.timed_out_until
                     ^^^^^^^^^^^^^^^^^^^^^^
AttributeError: 'Member' object has no attribute 'timed_out_until'
Ignoring exception in on_member_update
Traceback (most recent call last):
  File "/usr/local/lib/python3.12/site-packages/discord/client.py", line 465, in _run_event
    await coro(*args, **kwargs)
  File "/app/asu_discord/cogs/analytics.py", line 652, in on_member_update
    before_timeout = before.timed_out_until
                     ^^^^^^^^^^^^^^^^^^^^^^
AttributeError: 'Member' object has no attribute 'timed_out_until'
Ignoring exception in on_member_update
Traceback (most recent call last):
  File "/usr/local/lib/python3.12/site-packages/discord/client.py", line 465, in _run_event
    await coro(*args, **kwargs)
  File "/app/asu_discord/cogs/analytics.py", line 652, in on_member_update
    before_timeout = before.timed_out_until
                     ^^^^^^^^^^^^^^^^^^^^^^
AttributeError: 'Member' object has no attribute 'timed_out_until'
INFO:asu_discord.cogs.verification:Saved 6 roles to database for user mcruth (Discord ID: 490570326510403595)
INFO:asu_discord.cogs.verification:Refreshed Salesforce roles for Discord user 490570326510403595: -6/+6 roles, assigned=[Arizona Resident, College of Global Futures, Commited, First Generation Student, Tempe, Transfer Student]
Ignoring exception in on_member_update
Traceback (most recent call last):
  File "/usr/local/lib/python3.12/site-packages/discord/client.py", line 465, in _run_event
    await coro(*args, **kwargs)
  File "/app/asu_discord/cogs/analytics.py", line 652, in on_member_update
    before_timeout = before.timed_out_until
                     ^^^^^^^^^^^^^^^^^^^^^^
AttributeError: 'Member' object has no attribute 'timed_out_until'
Ignoring exception in on_member_update
Traceback (most recent call last):
  File "/usr/local/lib/python3.12/site-packages/discord/client.py", line 465, in _run_event
    await coro(*args, **kwargs)
  File "/app/asu_discord/cogs/analytics.py", line 652, in on_member_update
    before_timeout = before.timed_out_until
                     ^^^^^^^^^^^^^^^^^^^^^^
AttributeError: 'Member' object has no attribute 'timed_out_until'
Ignoring exception in on_member_update
Traceback (most recent call last):
  File "/usr/local/lib/python3.12/site-packages/discord/client.py", line 465, in _run_event
    await coro(*args, **kwargs)
  File "/app/asu_discord/cogs/analytics.py", line 652, in on_member_update
    before_timeout = before.timed_out_until
                     ^^^^^^^^^^^^^^^^^^^^^^
AttributeError: 'Member' object has no attribute 'timed_out_until'
Ignoring exception in on_member_update
Traceback (most recent call last):
  File "/usr/local/lib/python3.12/site-packages/discord/client.py", line 465, in _run_event
    await coro(*args, **kwargs)
  File "/app/asu_discord/cogs/analytics.py", line 652, in on_member_update
    before_timeout = before.timed_out_until
                     ^^^^^^^^^^^^^^^^^^^^^^
AttributeError: 'Member' object has no attribute 'timed_out_until'
Ignoring exception in on_member_update
Traceback (most recent call last):
  File "/usr/local/lib/python3.12/site-packages/discord/client.py", line 465, in _run_event
    await coro(*args, **kwargs)
  File "/app/asu_discord/cogs/analytics.py", line 652, in on_member_update
    before_timeout = before.timed_out_until
                     ^^^^^^^^^^^^^^^^^^^^^^
AttributeError: 'Member' object has no attribute 'timed_out_until'
Ignoring exception in on_member_update
Traceback (most recent call last):
  File "/usr/local/lib/python3.12/site-packages/discord/client.py", line 465, in _run_event
    await coro(*args, **kwargs)
  File "/app/asu_discord/cogs/analytics.py", line 652, in on_member_update
    before_timeout = before.timed_out_until
                     ^^^^^^^^^^^^^^^^^^^^^^
AttributeError: 'Member' object has no attribute 'timed_out_until'
Ignoring exception in on_member_update
Traceback (most recent call last):
  File "/usr/local/lib/python3.12/site-packages/discord/client.py", line 465, in _run_event
    await coro(*args, **kwargs)
  File "/app/asu_discord/cogs/analytics.py", line 652, in on_member_update
    before_timeout = before.timed_out_until
                     ^^^^^^^^^^^^^^^^^^^^^^
AttributeError: 'Member' object has no attribute 'timed_out_until'
Ignoring exception in on_member_update
Traceback (most recent call last):
  File "/usr/local/lib/python3.12/site-packages/discord/client.py", line 465, in _run_event
    await coro(*args, **kwargs)
  File "/app/asu_discord/cogs/analytics.py", line 652, in on_member_update
    before_timeout = before.timed_out_until
                     ^^^^^^^^^^^^^^^^^^^^^^
AttributeError: 'Member' object has no attribute 'timed_out_until'
Ignoring exception in on_member_update
Traceback (most recent call last):
  File "/usr/local/lib/python3.12/site-packages/discord/client.py", line 465, in _run_event
    await coro(*args, **kwargs)
  File "/app/asu_discord/cogs/analytics.py", line 652, in on_member_update
    before_timeout = before.timed_out_until
                     ^^^^^^^^^^^^^^^^^^^^^^
AttributeError: 'Member' object has no attribute 'timed_out_until'
Ignoring exception in on_member_update
Traceback (most recent call last):
  File "/usr/local/lib/python3.12/site-packages/discord/client.py", line 465, in _run_event
    await coro(*args, **kwargs)
  File "/app/asu_discord/cogs/analytics.py", line 652, in on_member_update
    before_timeout = before.timed_out_until
                     ^^^^^^^^^^^^^^^^^^^^^^
AttributeError: 'Member' object has no attribute 'timed_out_until'
Ignoring exception in on_member_update
Traceback (most recent call last):
  File "/usr/local/lib/python3.12/site-packages/discord/client.py", line 465, in _run_event
    await coro(*args, **kwargs)
  File "/app/asu_discord/cogs/analytics.py", line 652, in on_member_update
    before_timeout = before.timed_out_until
                     ^^^^^^^^^^^^^^^^^^^^^^
AttributeError: 'Member' object has no attribute 'timed_out_until'
INFO:asu_discord.cogs.verification:Saved 6 roles to database for user whomsi (Discord ID: 1475945154115404018)
INFO:asu_discord.cogs.verification:Refreshed Salesforce roles for Discord user 1475945154115404018: -6/+5 roles, assigned=[Arizona Resident, Commited, First Generation Student, First Year, Ira A. Fulton Schools of Engineering, Tempe]
Ignoring exception in on_member_update
Traceback (most recent call last):
  File "/usr/local/lib/python3.12/site-packages/discord/client.py", line 465, in _run_event
    await coro(*args, **kwargs)
  File "/app/asu_discord/cogs/analytics.py", line 652, in on_member_update
    before_timeout = before.timed_out_until
                     ^^^^^^^^^^^^^^^^^^^^^^
AttributeError: 'Member' object has no attribute 'timed_out_until'
Ignoring exception in on_member_update
Traceback (most recent call last):
  File "/usr/local/lib/python3.12/site-packages/discord/client.py", line 465, in _run_event
    await coro(*args, **kwargs)
  File "/app/asu_discord/cogs/analytics.py", line 652, in on_member_update
    before_timeout = before.timed_out_until
                     ^^^^^^^^^^^^^^^^^^^^^^
AttributeError: 'Member' object has no attribute 'timed_out_until'
Ignoring exception in on_member_update
Traceback (most recent call last):
  File "/usr/local/lib/python3.12/site-packages/discord/client.py", line 465, in _run_event
    await coro(*args, **kwargs)
  File "/app/asu_discord/cogs/analytics.py", line 652, in on_member_update
    before_timeout = before.timed_out_until
                     ^^^^^^^^^^^^^^^^^^^^^^
AttributeError: 'Member' object has no attribute 'timed_out_until'
Ignoring exception in on_member_update
Traceback (most recent call last):
  File "/usr/local/lib/python3.12/site-packages/discord/client.py", line 465, in _run_event
    await coro(*args, **kwargs)
  File "/app/asu_discord/cogs/analytics.py", line 652, in on_member_update
    before_timeout = before.timed_out_until
                     ^^^^^^^^^^^^^^^^^^^^^^
AttributeError: 'Member' object has no attribute 'timed_out_until'
Ignoring exception in on_member_update
Traceback (most recent call last):
  File "/usr/local/lib/python3.12/site-packages/discord/client.py", line 465, in _run_event
    await coro(*args, **kwargs)
  File "/app/asu_discord/cogs/analytics.py", line 652, in on_member_update
    before_timeout = before.timed_out_until
                     ^^^^^^^^^^^^^^^^^^^^^^
AttributeError: 'Member' object has no attribute 'timed_out_until'
Ignoring exception in on_member_update
Traceback (most recent call last):
  File "/usr/local/lib/python3.12/site-packages/discord/client.py", line 465, in _run_event
    await coro(*args, **kwargs)
  File "/app/asu_discord/cogs/analytics.py", line 652, in on_member_update
    before_timeout = before.timed_out_until
                     ^^^^^^^^^^^^^^^^^^^^^^
AttributeError: 'Member' object has no attribute 'timed_out_until'
Ignoring exception in on_member_update
Traceback (most recent call last):
  File "/usr/local/lib/python3.12/site-packages/discord/client.py", line 465, in _run_event
    await coro(*args, **kwargs)
  File "/app/asu_discord/cogs/analytics.py", line 652, in on_member_update
    before_timeout = before.timed_out_until
                     ^^^^^^^^^^^^^^^^^^^^^^
AttributeError: 'Member' object has no attribute 'timed_out_until'
Ignoring exception in on_member_update
Traceback (most recent call last):
  File "/usr/local/lib/python3.12/site-packages/discord/client.py", line 465, in _run_event
    await coro(*args, **kwargs)
  File "/app/asu_discord/cogs/analytics.py", line 652, in on_member_update
    before_timeout = before.timed_out_until
                     ^^^^^^^^^^^^^^^^^^^^^^
AttributeError: 'Member' object has no attribute 'timed_out_until'
Ignoring exception in on_member_update
Traceback (most recent call last):
  File "/usr/local/lib/python3.12/site-packages/discord/client.py", line 465, in _run_event
    await coro(*args, **kwargs)
  File "/app/asu_discord/cogs/analytics.py", line 652, in on_member_update
    before_timeout = before.timed_out_until
                     ^^^^^^^^^^^^^^^^^^^^^^
AttributeError: 'Member' object has no attribute 'timed_out_until'
Ignoring exception in on_member_update
Traceback (most recent call last):
  File "/usr/local/lib/python3.12/site-packages/discord/client.py", line 465, in _run_event
    await coro(*args, **kwargs)
  File "/app/asu_discord/cogs/analytics.py", line 652, in on_member_update
    before_timeout = before.timed_out_until
                     ^^^^^^^^^^^^^^^^^^^^^^
AttributeError: 'Member' object has no attribute 'timed_out_until'
INFO:asu_discord.cogs.verification:Saved 5 roles to database for user bescala9 (Discord ID: 1405788886847848460)
INFO:asu_discord.cogs.verification:Refreshed Salesforce roles for Discord user 1405788886847848460: -5/+5 roles, assigned=[Arizona Resident, Downtown Phoenix, Edson College of Nursing and Health Innovation, First Generation Student, First Year]
ERROR:cron.jobs:refresh_salesforce_roles: failed for chuan259 (Discord ID 738375693548650609): Failed to refresh Salesforce-based roles: Discord user 738375693548650609 is not a member of the guild
Ignoring exception in on_member_update
Traceback (most recent call last):
  File "/usr/local/lib/python3.12/site-packages/discord/client.py", line 465, in _run_event
    await coro(*args, **kwargs)
  File "/app/asu_discord/cogs/analytics.py", line 652, in on_member_update
    before_timeout = before.timed_out_until
                     ^^^^^^^^^^^^^^^^^^^^^^
AttributeError: 'Member' object has no attribute 'timed_out_until'
Ignoring exception in on_member_update
Traceback (most recent call last):
  File "/usr/local/lib/python3.12/site-packages/discord/client.py", line 465, in _run_event
    await coro(*args, **kwargs)
  File "/app/asu_discord/cogs/analytics.py", line 652, in on_member_update
    before_timeout = before.timed_out_until
                     ^^^^^^^^^^^^^^^^^^^^^^
AttributeError: 'Member' object has no attribute 'timed_out_until'
Ignoring exception in on_member_update
Traceback (most recent call last):
  File "/usr/local/lib/python3.12/site-packages/discord/client.py", line 465, in _run_event
    await coro(*args, **kwargs)
  File "/app/asu_discord/cogs/analytics.py", line 652, in on_member_update
    before_timeout = before.timed_out_until
                     ^^^^^^^^^^^^^^^^^^^^^^
AttributeError: 'Member' object has no attribute 'timed_out_until'
Ignoring exception in on_member_update
Traceback (most recent call last):
  File "/usr/local/lib/python3.12/site-packages/discord/client.py", line 465, in _run_event
    await coro(*args, **kwargs)
  File "/app/asu_discord/cogs/analytics.py", line 652, in on_member_update
    before_timeout = before.timed_out_until
                     ^^^^^^^^^^^^^^^^^^^^^^
AttributeError: 'Member' object has no attribute 'timed_out_until'
Ignoring exception in on_member_update
Traceback (most recent call last):
  File "/usr/local/lib/python3.12/site-packages/discord/client.py", line 465, in _run_event
    await coro(*args, **kwargs)
  File "/app/asu_discord/cogs/analytics.py", line 652, in on_member_update
    before_timeout = before.timed_out_until
                     ^^^^^^^^^^^^^^^^^^^^^^
AttributeError: 'Member' object has no attribute 'timed_out_until'
Ignoring exception in on_member_update
Traceback (most recent call last):
  File "/usr/local/lib/python3.12/site-packages/discord/client.py", line 465, in _run_event
    await coro(*args, **kwargs)
  File "/app/asu_discord/cogs/analytics.py", line 652, in on_member_update
    before_timeout = before.timed_out_until
                     ^^^^^^^^^^^^^^^^^^^^^^
AttributeError: 'Member' object has no attribute 'timed_out_until'
Ignoring exception in on_member_update
Traceback (most recent call last):
  File "/usr/local/lib/python3.12/site-packages/discord/client.py", line 465, in _run_event
    await coro(*args, **kwargs)
  File "/app/asu_discord/cogs/analytics.py", line 652, in on_member_update
    before_timeout = before.timed_out_until
                     ^^^^^^^^^^^^^^^^^^^^^^
AttributeError: 'Member' object has no attribute 'timed_out_until'
INFO:asu_discord.cogs.verification:Saved 4 roles to database for user ksubeesh (Discord ID: 885045494798233600)
INFO:asu_discord.cogs.verification:Refreshed Salesforce roles for Discord user 885045494798233600: -4/+3 roles, assigned=[First Year, International Student, Ira A. Fulton Schools of Engineering, Tempe]
Ignoring exception in on_member_update
Traceback (most recent call last):
  File "/usr/local/lib/python3.12/site-packages/discord/client.py", line 465, in _run_event
    await coro(*args, **kwargs)
  File "/app/asu_discord/cogs/analytics.py", line 652, in on_member_update
    before_timeout = before.timed_out_until
                     ^^^^^^^^^^^^^^^^^^^^^^
AttributeError: 'Member' object has no attribute 'timed_out_until'
Ignoring exception in on_member_update
Traceback (most recent call last):
  File "/usr/local/lib/python3.12/site-packages/discord/client.py", line 465, in _run_event
    await coro(*args, **kwargs)
  File "/app/asu_discord/cogs/analytics.py", line 652, in on_member_update
    before_timeout = before.timed_out_until
                     ^^^^^^^^^^^^^^^^^^^^^^
AttributeError: 'Member' object has no attribute 'timed_out_until'
Ignoring exception in on_member_update
Traceback (most recent call last):
  File "/usr/local/lib/python3.12/site-packages/discord/client.py", line 465, in _run_event
    await coro(*args, **kwargs)
  File "/app/asu_discord/cogs/analytics.py", line 652, in on_member_update
    before_timeout = before.timed_out_until
                     ^^^^^^^^^^^^^^^^^^^^^^
AttributeError: 'Member' object has no attribute 'timed_out_until'
Ignoring exception in on_member_update
Traceback (most recent call last):
  File "/usr/local/lib/python3.12/site-packages/discord/client.py", line 465, in _run_event
    await coro(*args, **kwargs)
  File "/app/asu_discord/cogs/analytics.py", line 652, in on_member_update
    before_timeout = before.timed_out_until
                     ^^^^^^^^^^^^^^^^^^^^^^
AttributeError: 'Member' object has no attribute 'timed_out_until'
Ignoring exception in on_member_update
Traceback (most recent call last):
  File "/usr/local/lib/python3.12/site-packages/discord/client.py", line 465, in _run_event
    await coro(*args, **kwargs)
  File "/app/asu_discord/cogs/analytics.py", line 652, in on_member_update
    before_timeout = before.timed_out_until
                     ^^^^^^^^^^^^^^^^^^^^^^
AttributeError: 'Member' object has no attribute 'timed_out_until'
Ignoring exception in on_member_update
Traceback (most recent call last):
  File "/usr/local/lib/python3.12/site-packages/discord/client.py", line 465, in _run_event
    await coro(*args, **kwargs)
  File "/app/asu_discord/cogs/analytics.py", line 652, in on_member_update
    before_timeout = before.timed_out_until
                     ^^^^^^^^^^^^^^^^^^^^^^
AttributeError: 'Member' object has no attribute 'timed_out_until'
Ignoring exception in on_member_update
Traceback (most recent call last):
  File "/usr/local/lib/python3.12/site-packages/discord/client.py", line 465, in _run_event
    await coro(*args, **kwargs)
  File "/app/asu_discord/cogs/analytics.py", line 652, in on_member_update
    before_timeout = before.timed_out_until
                     ^^^^^^^^^^^^^^^^^^^^^^
AttributeError: 'Member' object has no attribute 'timed_out_until'
Ignoring exception in on_member_update
Traceback (most recent call last):
  File "/usr/local/lib/python3.12/site-packages/discord/client.py", line 465, in _run_event
    await coro(*args, **kwargs)
  File "/app/asu_discord/cogs/analytics.py", line 652, in on_member_update
    before_timeout = before.timed_out_until
                     ^^^^^^^^^^^^^^^^^^^^^^
AttributeError: 'Member' object has no attribute 'timed_out_until'
Ignoring exception in on_member_update
Traceback (most recent call last):
  File "/usr/local/lib/python3.12/site-packages/discord/client.py", line 465, in _run_event
    await coro(*args, **kwargs)
  File "/app/asu_discord/cogs/analytics.py", line 652, in on_member_update
    before_timeout = before.timed_out_until
                     ^^^^^^^^^^^^^^^^^^^^^^
AttributeError: 'Member' object has no attribute 'timed_out_until'
INFO:asu_discord.cogs.verification:Saved 5 roles to database for user apham129 (Discord ID: 409811053287964672)
INFO:asu_discord.cogs.verification:Refreshed Salesforce roles for Discord user 409811053287964672: -4/+5 roles, assigned=[Commited, First Year, Ira A. Fulton Schools of Engineering, Out of State, Tempe]
Ignoring exception in on_member_update
Traceback (most recent call last):
  File "/usr/local/lib/python3.12/site-packages/discord/client.py", line 465, in _run_event
    await coro(*args, **kwargs)
  File "/app/asu_discord/cogs/analytics.py", line 652, in on_member_update
    before_timeout = before.timed_out_until
                     ^^^^^^^^^^^^^^^^^^^^^^
AttributeError: 'Member' object has no attribute 'timed_out_until'
Ignoring exception in on_member_update
Traceback (most recent call last):
  File "/usr/local/lib/python3.12/site-packages/discord/client.py", line 465, in _run_event
    await coro(*args, **kwargs)
  File "/app/asu_discord/cogs/analytics.py", line 652, in on_member_update
    before_timeout = before.timed_out_until
                     ^^^^^^^^^^^^^^^^^^^^^^
AttributeError: 'Member' object has no attribute 'timed_out_until'
Ignoring exception in on_member_update
Traceback (most recent call last):
  File "/usr/local/lib/python3.12/site-packages/discord/client.py", line 465, in _run_event
    await coro(*args, **kwargs)
  File "/app/asu_discord/cogs/analytics.py", line 652, in on_member_update
    before_timeout = before.timed_out_until
                     ^^^^^^^^^^^^^^^^^^^^^^
AttributeError: 'Member' object has no attribute 'timed_out_until'
Ignoring exception in on_member_update
Traceback (most recent call last):
  File "/usr/local/lib/python3.12/site-packages/discord/client.py", line 465, in _run_event
    await coro(*args, **kwargs)
  File "/app/asu_discord/cogs/analytics.py", line 652, in on_member_update
    before_timeout = before.timed_out_until
                     ^^^^^^^^^^^^^^^^^^^^^^
AttributeError: 'Member' object has no attribute 'timed_out_until'
Ignoring exception in on_member_update
Traceback (most recent call last):
  File "/usr/local/lib/python3.12/site-packages/discord/client.py", line 465, in _run_event
    await coro(*args, **kwargs)
  File "/app/asu_discord/cogs/analytics.py", line 652, in on_member_update
    before_timeout = before.timed_out_until
                     ^^^^^^^^^^^^^^^^^^^^^^
AttributeError: 'Member' object has no attribute 'timed_out_until'
Ignoring exception in on_member_update
Traceback (most recent call last):
  File "/usr/local/lib/python3.12/site-packages/discord/client.py", line 465, in _run_event
    await coro(*args, **kwargs)
  File "/app/asu_discord/cogs/analytics.py", line 652, in on_member_update
    before_timeout = before.timed_out_until
                     ^^^^^^^^^^^^^^^^^^^^^^
AttributeError: 'Member' object has no attribute 'timed_out_until'
Ignoring exception in on_member_update
Traceback (most recent call last):
  File "/usr/local/lib/python3.12/site-packages/discord/client.py", line 465, in _run_event
    await coro(*args, **kwargs)
  File "/app/asu_discord/cogs/analytics.py", line 652, in on_member_update
    before_timeout = before.timed_out_until
                     ^^^^^^^^^^^^^^^^^^^^^^
AttributeError: 'Member' object has no attribute 'timed_out_until'
Ignoring exception in on_member_update
Traceback (most recent call last):
  File "/usr/local/lib/python3.12/site-packages/discord/client.py", line 465, in _run_event
    await coro(*args, **kwargs)
  File "/app/asu_discord/cogs/analytics.py", line 652, in on_member_update
    before_timeout = before.timed_out_until
                     ^^^^^^^^^^^^^^^^^^^^^^
AttributeError: 'Member' object has no attribute 'timed_out_until'
Ignoring exception in on_member_update
Traceback (most recent call last):
  File "/usr/local/lib/python3.12/site-packages/discord/client.py", line 465, in _run_event
    await coro(*args, **kwargs)
  File "/app/asu_discord/cogs/analytics.py", line 652, in on_member_update
    before_timeout = before.timed_out_until
                     ^^^^^^^^^^^^^^^^^^^^^^
AttributeError: 'Member' object has no attribute 'timed_out_until'
Ignoring exception in on_member_update
Traceback (most recent call last):
  File "/usr/local/lib/python3.12/site-packages/discord/client.py", line 465, in _run_event
    await coro(*args, **kwargs)
  File "/app/asu_discord/cogs/analytics.py", line 652, in on_member_update
    before_timeout = before.timed_out_until
                     ^^^^^^^^^^^^^^^^^^^^^^
AttributeError: 'Member' object has no attribute 'timed_out_until'
INFO:asu_discord.cogs.verification:Saved 5 roles to database for user vsuthar4 (Discord ID: 725288873189703785)
INFO:asu_discord.cogs.verification:Refreshed Salesforce roles for Discord user 725288873189703785: -5/+5 roles, assigned=[Commited, Graduate Student, International Student, Ira A. Fulton Schools of Engineering, Tempe]
Ignoring exception in on_member_update
Traceback (most recent call last):
  File "/usr/local/lib/python3.12/site-packages/discord/client.py", line 465, in _run_event
    await coro(*args, **kwargs)
  File "/app/asu_discord/cogs/analytics.py", line 652, in on_member_update
    before_timeout = before.timed_out_until
                     ^^^^^^^^^^^^^^^^^^^^^^
AttributeError: 'Member' object has no attribute 'timed_out_until'
Ignoring exception in on_member_update
Traceback (most recent call last):
  File "/usr/local/lib/python3.12/site-packages/discord/client.py", line 465, in _run_event
    await coro(*args, **kwargs)
  File "/app/asu_discord/cogs/analytics.py", line 652, in on_member_update
    before_timeout = before.timed_out_until
                     ^^^^^^^^^^^^^^^^^^^^^^
AttributeError: 'Member' object has no attribute 'timed_out_until'
Ignoring exception in on_member_update
Traceback (most recent call last):
  File "/usr/local/lib/python3.12/site-packages/discord/client.py", line 465, in _run_event
    await coro(*args, **kwargs)
  File "/app/asu_discord/cogs/analytics.py", line 652, in on_member_update
    before_timeout = before.timed_out_until
                     ^^^^^^^^^^^^^^^^^^^^^^
AttributeError: 'Member' object has no attribute 'timed_out_until'
Ignoring exception in on_member_update
Traceback (most recent call last):
  File "/usr/local/lib/python3.12/site-packages/discord/client.py", line 465, in _run_event
    await coro(*args, **kwargs)
  File "/app/asu_discord/cogs/analytics.py", line 652, in on_member_update
    before_timeout = before.timed_out_until
                     ^^^^^^^^^^^^^^^^^^^^^^
AttributeError: 'Member' object has no attribute 'timed_out_until'
Ignoring exception in on_member_update
Traceback (most recent call last):
  File "/usr/local/lib/python3.12/site-packages/discord/client.py", line 465, in _run_event
    await coro(*args, **kwargs)
  File "/app/asu_discord/cogs/analytics.py", line 652, in on_member_update
    before_timeout = before.timed_out_until
                     ^^^^^^^^^^^^^^^^^^^^^^
AttributeError: 'Member' object has no attribute 'timed_out_until'
Ignoring exception in on_member_update
Traceback (most recent call last):
  File "/usr/local/lib/python3.12/site-packages/discord/client.py", line 465, in _run_event
    await coro(*args, **kwargs)
  File "/app/asu_discord/cogs/analytics.py", line 652, in on_member_update
    before_timeout = before.timed_out_until
                     ^^^^^^^^^^^^^^^^^^^^^^
AttributeError: 'Member' object has no attribute 'timed_out_until'
Ignoring exception in on_member_update
Traceback (most recent call last):
  File "/usr/local/lib/python3.12/site-packages/discord/client.py", line 465, in _run_event
    await coro(*args, **kwargs)
  File "/app/asu_discord/cogs/analytics.py", line 652, in on_member_update
    before_timeout = before.timed_out_until
                     ^^^^^^^^^^^^^^^^^^^^^^
AttributeError: 'Member' object has no attribute 'timed_out_until'
Ignoring exception in on_member_update
Traceback (most recent call last):
  File "/usr/local/lib/python3.12/site-packages/discord/client.py", line 465, in _run_event
    await coro(*args, **kwargs)
  File "/app/asu_discord/cogs/analytics.py", line 652, in on_member_update
    before_timeout = before.timed_out_until
                     ^^^^^^^^^^^^^^^^^^^^^^
AttributeError: 'Member' object has no attribute 'timed_out_until'
Ignoring exception in on_member_update
Traceback (most recent call last):
  File "/usr/local/lib/python3.12/site-packages/discord/client.py", line 465, in _run_event
    await coro(*args, **kwargs)
  File "/app/asu_discord/cogs/analytics.py", line 652, in on_member_update
    before_timeout = before.timed_out_until
                     ^^^^^^^^^^^^^^^^^^^^^^
AttributeError: 'Member' object has no attribute 'timed_out_until'
INFO:asu_discord.cogs.verification:Saved 5 roles to database for user mrajpath (Discord ID: 529252372048904200)
INFO:asu_discord.cogs.verification:Refreshed Salesforce roles for Discord user 529252372048904200: -5/+4 roles, assigned=[Arizona Resident, Commited, Graduate Student, Ira A. Fulton Schools of Engineering, Tempe]
Ignoring exception in on_member_update
Traceback (most recent call last):
  File "/usr/local/lib/python3.12/site-packages/discord/client.py", line 465, in _run_event
    await coro(*args, **kwargs)
  File "/app/asu_discord/cogs/analytics.py", line 652, in on_member_update
    before_timeout = before.timed_out_until
                     ^^^^^^^^^^^^^^^^^^^^^^
AttributeError: 'Member' object has no attribute 'timed_out_until'
Ignoring exception in on_member_update
Traceback (most recent call last):
  File "/usr/local/lib/python3.12/site-packages/discord/client.py", line 465, in _run_event
    await coro(*args, **kwargs)
  File "/app/asu_discord/cogs/analytics.py", line 652, in on_member_update
    before_timeout = before.timed_out_until
                     ^^^^^^^^^^^^^^^^^^^^^^
AttributeError: 'Member' object has no attribute 'timed_out_until'
Ignoring exception in on_member_update
Traceback (most recent call last):
  File "/usr/local/lib/python3.12/site-packages/discord/client.py", line 465, in _run_event
    await coro(*args, **kwargs)
  File "/app/asu_discord/cogs/analytics.py", line 652, in on_member_update
    before_timeout = before.timed_out_until
                     ^^^^^^^^^^^^^^^^^^^^^^
AttributeError: 'Member' object has no attribute 'timed_out_until'
Ignoring exception in on_member_update
Traceback (most recent call last):
  File "/usr/local/lib/python3.12/site-packages/discord/client.py", line 465, in _run_event
    await coro(*args, **kwargs)
  File "/app/asu_discord/cogs/analytics.py", line 652, in on_member_update
    before_timeout = before.timed_out_until
                     ^^^^^^^^^^^^^^^^^^^^^^
AttributeError: 'Member' object has no attribute 'timed_out_until'
Ignoring exception in on_member_update
Traceback (most recent call last):
  File "/usr/local/lib/python3.12/site-packages/discord/client.py", line 465, in _run_event
    await coro(*args, **kwargs)
  File "/app/asu_discord/cogs/analytics.py", line 652, in on_member_update
    before_timeout = before.timed_out_until
                     ^^^^^^^^^^^^^^^^^^^^^^
AttributeError: 'Member' object has no attribute 'timed_out_until'
Ignoring exception in on_member_update
Traceback (most recent call last):
  File "/usr/local/lib/python3.12/site-packages/discord/client.py", line 465, in _run_event
    await coro(*args, **kwargs)
  File "/app/asu_discord/cogs/analytics.py", line 652, in on_member_update
    before_timeout = before.timed_out_until
                     ^^^^^^^^^^^^^^^^^^^^^^
AttributeError: 'Member' object has no attribute 'timed_out_until'
Ignoring exception in on_member_update
Traceback (most recent call last):
  File "/usr/local/lib/python3.12/site-packages/discord/client.py", line 465, in _run_event
    await coro(*args, **kwargs)
  File "/app/asu_discord/cogs/analytics.py", line 652, in on_member_update
    before_timeout = before.timed_out_until
                     ^^^^^^^^^^^^^^^^^^^^^^
AttributeError: 'Member' object has no attribute 'timed_out_until'
Ignoring exception in on_member_update
Traceback (most recent call last):
  File "/usr/local/lib/python3.12/site-packages/discord/client.py", line 465, in _run_event
    await coro(*args, **kwargs)
  File "/app/asu_discord/cogs/analytics.py", line 652, in on_member_update
    before_timeout = before.timed_out_until
                     ^^^^^^^^^^^^^^^^^^^^^^
AttributeError: 'Member' object has no attribute 'timed_out_until'
Ignoring exception in on_member_update
Traceback (most recent call last):
  File "/usr/local/lib/python3.12/site-packages/discord/client.py", line 465, in _run_event
    await coro(*args, **kwargs)
  File "/app/asu_discord/cogs/analytics.py", line 652, in on_member_update
    before_timeout = before.timed_out_until
                     ^^^^^^^^^^^^^^^^^^^^^^
AttributeError: 'Member' object has no attribute 'timed_out_until'
Ignoring exception in on_member_update
Traceback (most recent call last):
  File "/usr/local/lib/python3.12/site-packages/discord/client.py", line 465, in _run_event
    await coro(*args, **kwargs)
  File "/app/asu_discord/cogs/analytics.py", line 652, in on_member_update
    before_timeout = before.timed_out_until
                     ^^^^^^^^^^^^^^^^^^^^^^
AttributeError: 'Member' object has no attribute 'timed_out_until'
INFO:asu_discord.cogs.verification:Saved 5 roles to database for user ashind33 (Discord ID: 758381840595419199)
INFO:asu_discord.cogs.verification:Refreshed Salesforce roles for Discord user 758381840595419199: -5/+5 roles, assigned=[Commited, Graduate Student, International Student, Ira A. Fulton Schools of Engineering, Tempe]
Ignoring exception in on_member_update
Traceback (most recent call last):
  File "/usr/local/lib/python3.12/site-packages/discord/client.py", line 465, in _run_event
    await coro(*args, **kwargs)
  File "/app/asu_discord/cogs/analytics.py", line 652, in on_member_update
    before_timeout = before.timed_out_until
                     ^^^^^^^^^^^^^^^^^^^^^^
AttributeError: 'Member' object has no attribute 'timed_out_until'
Ignoring exception in on_member_update
Traceback (most recent call last):
  File "/usr/local/lib/python3.12/site-packages/discord/client.py", line 465, in _run_event
    await coro(*args, **kwargs)
  File "/app/asu_discord/cogs/analytics.py", line 652, in on_member_update
    before_timeout = before.timed_out_until
                     ^^^^^^^^^^^^^^^^^^^^^^
AttributeError: 'Member' object has no attribute 'timed_out_until'
Ignoring exception in on_member_update
Traceback (most recent call last):
  File "/usr/local/lib/python3.12/site-packages/discord/client.py", line 465, in _run_event
    await coro(*args, **kwargs)
  File "/app/asu_discord/cogs/analytics.py", line 652, in on_member_update
    before_timeout = before.timed_out_until
                     ^^^^^^^^^^^^^^^^^^^^^^
AttributeError: 'Member' object has no attribute 'timed_out_until'
Ignoring exception in on_member_update
Traceback (most recent call last):
  File "/usr/local/lib/python3.12/site-packages/discord/client.py", line 465, in _run_event
    await coro(*args, **kwargs)
  File "/app/asu_discord/cogs/analytics.py", line 652, in on_member_update
    before_timeout = before.timed_out_until
                     ^^^^^^^^^^^^^^^^^^^^^^
AttributeError: 'Member' object has no attribute 'timed_out_until'
Ignoring exception in on_member_update
Traceback (most recent call last):
  File "/usr/local/lib/python3.12/site-packages/discord/client.py", line 465, in _run_event
    await coro(*args, **kwargs)
  File "/app/asu_discord/cogs/analytics.py", line 652, in on_member_update
    before_timeout = before.timed_out_until
                     ^^^^^^^^^^^^^^^^^^^^^^
AttributeError: 'Member' object has no attribute 'timed_out_until'
Ignoring exception in on_member_update
Traceback (most recent call last):
  File "/usr/local/lib/python3.12/site-packages/discord/client.py", line 465, in _run_event
    await coro(*args, **kwargs)
  File "/app/asu_discord/cogs/analytics.py", line 652, in on_member_update
    before_timeout = before.timed_out_until
                     ^^^^^^^^^^^^^^^^^^^^^^
AttributeError: 'Member' object has no attribute 'timed_out_until'
Ignoring exception in on_member_update
Traceback (most recent call last):
  File "/usr/local/lib/python3.12/site-packages/discord/client.py", line 465, in _run_event
    await coro(*args, **kwargs)
  File "/app/asu_discord/cogs/analytics.py", line 652, in on_member_update
    before_timeout = before.timed_out_until
                     ^^^^^^^^^^^^^^^^^^^^^^
AttributeError: 'Member' object has no attribute 'timed_out_until'
Ignoring exception in on_member_update
Traceback (most recent call last):
  File "/usr/local/lib/python3.12/site-packages/discord/client.py", line 465, in _run_event
    await coro(*args, **kwargs)
  File "/app/asu_discord/cogs/analytics.py", line 652, in on_member_update
    before_timeout = before.timed_out_until
                     ^^^^^^^^^^^^^^^^^^^^^^
AttributeError: 'Member' object has no attribute 'timed_out_until'
Ignoring exception in on_member_update
Traceback (most recent call last):
  File "/usr/local/lib/python3.12/site-packages/discord/client.py", line 465, in _run_event
    await coro(*args, **kwargs)
  File "/app/asu_discord/cogs/analytics.py", line 652, in on_member_update
    before_timeout = before.timed_out_until
                     ^^^^^^^^^^^^^^^^^^^^^^
AttributeError: 'Member' object has no attribute 'timed_out_until'
Ignoring exception in on_member_update
Traceback (most recent call last):
  File "/usr/local/lib/python3.12/site-packages/discord/client.py", line 465, in _run_event
    await coro(*args, **kwargs)
  File "/app/asu_discord/cogs/analytics.py", line 652, in on_member_update
    before_timeout = before.timed_out_until
                     ^^^^^^^^^^^^^^^^^^^^^^
AttributeError: 'Member' object has no attribute 'timed_out_until'
INFO:asu_discord.cogs.verification:Saved 5 roles to database for user svidal12 (Discord ID: 734612891017150516)
INFO:asu_discord.cogs.verification:Refreshed Salesforce roles for Discord user 734612891017150516: -5/+5 roles, assigned=[Arizona Resident, First Generation Student, First Year, Herberger Institute for Design and the Arts, Tempe]
ERROR:cron.jobs:refresh_salesforce_roles: failed for lsibim (Discord ID 758115995037859840): Failed to refresh Salesforce-based roles: Discord user 758115995037859840 is not a member of the guild
Ignoring exception in on_member_update
Traceback (most recent call last):
  File "/usr/local/lib/python3.12/site-packages/discord/client.py", line 465, in _run_event
    await coro(*args, **kwargs)
  File "/app/asu_discord/cogs/analytics.py", line 652, in on_member_update
    before_timeout = before.timed_out_until
                     ^^^^^^^^^^^^^^^^^^^^^^
AttributeError: 'Member' object has no attribute 'timed_out_until'
Ignoring exception in on_member_update
Traceback (most recent call last):
  File "/usr/local/lib/python3.12/site-packages/discord/client.py", line 465, in _run_event
    await coro(*args, **kwargs)
  File "/app/asu_discord/cogs/analytics.py", line 652, in on_member_update
    before_timeout = before.timed_out_until
                     ^^^^^^^^^^^^^^^^^^^^^^
AttributeError: 'Member' object has no attribute 'timed_out_until'
Ignoring exception in on_member_update
Traceback (most recent call last):
  File "/usr/local/lib/python3.12/site-packages/discord/client.py", line 465, in _run_event
    await coro(*args, **kwargs)
  File "/app/asu_discord/cogs/analytics.py", line 652, in on_member_update
    before_timeout = before.timed_out_until
                     ^^^^^^^^^^^^^^^^^^^^^^
AttributeError: 'Member' object has no attribute 'timed_out_until'
Ignoring exception in on_member_update
Traceback (most recent call last):
  File "/usr/local/lib/python3.12/site-packages/discord/client.py", line 465, in _run_event
    await coro(*args, **kwargs)
  File "/app/asu_discord/cogs/analytics.py", line 652, in on_member_update
    before_timeout = before.timed_out_until
                     ^^^^^^^^^^^^^^^^^^^^^^
AttributeError: 'Member' object has no attribute 'timed_out_until'
Ignoring exception in on_member_update
Traceback (most recent call last):
  File "/usr/local/lib/python3.12/site-packages/discord/client.py", line 465, in _run_event
    await coro(*args, **kwargs)
  File "/app/asu_discord/cogs/analytics.py", line 652, in on_member_update
    before_timeout = before.timed_out_until
                     ^^^^^^^^^^^^^^^^^^^^^^
AttributeError: 'Member' object has no attribute 'timed_out_until'
Ignoring exception in on_member_update
Traceback (most recent call last):
  File "/usr/local/lib/python3.12/site-packages/discord/client.py", line 465, in _run_event
    await coro(*args, **kwargs)
  File "/app/asu_discord/cogs/analytics.py", line 652, in on_member_update
    before_timeout = before.timed_out_until
                     ^^^^^^^^^^^^^^^^^^^^^^
AttributeError: 'Member' object has no attribute 'timed_out_until'
Ignoring exception in on_member_update
Traceback (most recent call last):
  File "/usr/local/lib/python3.12/site-packages/discord/client.py", line 465, in _run_event
    await coro(*args, **kwargs)
  File "/app/asu_discord/cogs/analytics.py", line 652, in on_member_update
    before_timeout = before.timed_out_until
                     ^^^^^^^^^^^^^^^^^^^^^^
AttributeError: 'Member' object has no attribute 'timed_out_until'
Ignoring exception in on_member_update
Traceback (most recent call last):
  File "/usr/local/lib/python3.12/site-packages/discord/client.py", line 465, in _run_event
    await coro(*args, **kwargs)
  File "/app/asu_discord/cogs/analytics.py", line 652, in on_member_update
    before_timeout = before.timed_out_until
                     ^^^^^^^^^^^^^^^^^^^^^^
AttributeError: 'Member' object has no attribute 'timed_out_until'
Ignoring exception in on_member_update
Traceback (most recent call last):
  File "/usr/local/lib/python3.12/site-packages/discord/client.py", line 465, in _run_event
    await coro(*args, **kwargs)
  File "/app/asu_discord/cogs/analytics.py", line 652, in on_member_update
    before_timeout = before.timed_out_until
                     ^^^^^^^^^^^^^^^^^^^^^^
AttributeError: 'Member' object has no attribute 'timed_out_until'
Ignoring exception in on_member_update
Traceback (most recent call last):
  File "/usr/local/lib/python3.12/site-packages/discord/client.py", line 465, in _run_event
    await coro(*args, **kwargs)
  File "/app/asu_discord/cogs/analytics.py", line 652, in on_member_update
    before_timeout = before.timed_out_until
                     ^^^^^^^^^^^^^^^^^^^^^^
AttributeError: 'Member' object has no attribute 'timed_out_until'
INFO:asu_discord.cogs.verification:Saved 5 roles to database for user akgebrek (Discord ID: 1447810331790409829)
INFO:asu_discord.cogs.verification:Refreshed Salesforce roles for Discord user 1447810331790409829: -5/+5 roles, assigned=[First Generation Student, Graduate Student, International Student, Ira A. Fulton Schools of Engineering, Polytechnic]
Ignoring exception in on_member_update
Traceback (most recent call last):
  File "/usr/local/lib/python3.12/site-packages/discord/client.py", line 465, in _run_event
    await coro(*args, **kwargs)
  File "/app/asu_discord/cogs/analytics.py", line 652, in on_member_update
    before_timeout = before.timed_out_until
                     ^^^^^^^^^^^^^^^^^^^^^^
AttributeError: 'Member' object has no attribute 'timed_out_until'
Ignoring exception in on_member_update
Traceback (most recent call last):
  File "/usr/local/lib/python3.12/site-packages/discord/client.py", line 465, in _run_event
    await coro(*args, **kwargs)
  File "/app/asu_discord/cogs/analytics.py", line 652, in on_member_update
    before_timeout = before.timed_out_until
                     ^^^^^^^^^^^^^^^^^^^^^^
AttributeError: 'Member' object has no attribute 'timed_out_until'
Ignoring exception in on_member_update
Traceback (most recent call last):
  File "/usr/local/lib/python3.12/site-packages/discord/client.py", line 465, in _run_event
    await coro(*args, **kwargs)
  File "/app/asu_discord/cogs/analytics.py", line 652, in on_member_update
    before_timeout = before.timed_out_until
                     ^^^^^^^^^^^^^^^^^^^^^^
AttributeError: 'Member' object has no attribute 'timed_out_until'
Ignoring exception in on_member_update
Traceback (most recent call last):
  File "/usr/local/lib/python3.12/site-packages/discord/client.py", line 465, in _run_event
    await coro(*args, **kwargs)
  File "/app/asu_discord/cogs/analytics.py", line 652, in on_member_update
    before_timeout = before.timed_out_until
                     ^^^^^^^^^^^^^^^^^^^^^^
AttributeError: 'Member' object has no attribute 'timed_out_until'
Ignoring exception in on_member_update
Traceback (most recent call last):
  File "/usr/local/lib/python3.12/site-packages/discord/client.py", line 465, in _run_event
    await coro(*args, **kwargs)
  File "/app/asu_discord/cogs/analytics.py", line 652, in on_member_update
    before_timeout = before.timed_out_until
                     ^^^^^^^^^^^^^^^^^^^^^^
AttributeError: 'Member' object has no attribute 'timed_out_until'
Ignoring exception in on_member_update
Traceback (most recent call last):
  File "/usr/local/lib/python3.12/site-packages/discord/client.py", line 465, in _run_event
    await coro(*args, **kwargs)
  File "/app/asu_discord/cogs/analytics.py", line 652, in on_member_update
    before_timeout = before.timed_out_until
                     ^^^^^^^^^^^^^^^^^^^^^^
AttributeError: 'Member' object has no attribute 'timed_out_until'
Ignoring exception in on_member_update
Traceback (most recent call last):
  File "/usr/local/lib/python3.12/site-packages/discord/client.py", line 465, in _run_event
    await coro(*args, **kwargs)
  File "/app/asu_discord/cogs/analytics.py", line 652, in on_member_update
    before_timeout = before.timed_out_until
                     ^^^^^^^^^^^^^^^^^^^^^^
AttributeError: 'Member' object has no attribute 'timed_out_until'
Ignoring exception in on_member_update
Traceback (most recent call last):
  File "/usr/local/lib/python3.12/site-packages/discord/client.py", line 465, in _run_event
    await coro(*args, **kwargs)
  File "/app/asu_discord/cogs/analytics.py", line 652, in on_member_update
    before_timeout = before.timed_out_until
                     ^^^^^^^^^^^^^^^^^^^^^^
AttributeError: 'Member' object has no attribute 'timed_out_until'
INFO:asu_discord.cogs.verification:Saved 4 roles to database for user mculha (Discord ID: 469415297565327360)
INFO:asu_discord.cogs.verification:Refreshed Salesforce roles for Discord user 469415297565327360: -4/+4 roles, assigned=[First Year, International Student, Ira A. Fulton Schools of Engineering, Tempe]
Ignoring exception in on_member_update
Traceback (most recent call last):
  File "/usr/local/lib/python3.12/site-packages/discord/client.py", line 465, in _run_event
    await coro(*args, **kwargs)
  File "/app/asu_discord/cogs/analytics.py", line 652, in on_member_update
    before_timeout = before.timed_out_until
                     ^^^^^^^^^^^^^^^^^^^^^^
AttributeError: 'Member' object has no attribute 'timed_out_until'
Ignoring exception in on_member_update
Traceback (most recent call last):
  File "/usr/local/lib/python3.12/site-packages/discord/client.py", line 465, in _run_event
    await coro(*args, **kwargs)
  File "/app/asu_discord/cogs/analytics.py", line 652, in on_member_update
    before_timeout = before.timed_out_until
                     ^^^^^^^^^^^^^^^^^^^^^^
AttributeError: 'Member' object has no attribute 'timed_out_until'
Ignoring exception in on_member_update
Traceback (most recent call last):
  File "/usr/local/lib/python3.12/site-packages/discord/client.py", line 465, in _run_event
    await coro(*args, **kwargs)
  File "/app/asu_discord/cogs/analytics.py", line 652, in on_member_update
    before_timeout = before.timed_out_until
                     ^^^^^^^^^^^^^^^^^^^^^^
AttributeError: 'Member' object has no attribute 'timed_out_until'
Ignoring exception in on_member_update
Traceback (most recent call last):
  File "/usr/local/lib/python3.12/site-packages/discord/client.py", line 465, in _run_event
    await coro(*args, **kwargs)
  File "/app/asu_discord/cogs/analytics.py", line 652, in on_member_update
    before_timeout = before.timed_out_until
                     ^^^^^^^^^^^^^^^^^^^^^^
AttributeError: 'Member' object has no attribute 'timed_out_until'
Ignoring exception in on_member_update
Traceback (most recent call last):
  File "/usr/local/lib/python3.12/site-packages/discord/client.py", line 465, in _run_event
    await coro(*args, **kwargs)
  File "/app/asu_discord/cogs/analytics.py", line 652, in on_member_update
    before_timeout = before.timed_out_until
                     ^^^^^^^^^^^^^^^^^^^^^^
AttributeError: 'Member' object has no attribute 'timed_out_until'
Ignoring exception in on_member_update
Traceback (most recent call last):
  File "/usr/local/lib/python3.12/site-packages/discord/client.py", line 465, in _run_event
    await coro(*args, **kwargs)
  File "/app/asu_discord/cogs/analytics.py", line 652, in on_member_update
    before_timeout = before.timed_out_until
                     ^^^^^^^^^^^^^^^^^^^^^^
AttributeError: 'Member' object has no attribute 'timed_out_until'
Ignoring exception in on_member_update
Traceback (most recent call last):
  File "/usr/local/lib/python3.12/site-packages/discord/client.py", line 465, in _run_event
    await coro(*args, **kwargs)
  File "/app/asu_discord/cogs/analytics.py", line 652, in on_member_update
    before_timeout = before.timed_out_until
                     ^^^^^^^^^^^^^^^^^^^^^^
AttributeError: 'Member' object has no attribute 'timed_out_until'
Ignoring exception in on_member_update
Traceback (most recent call last):
  File "/usr/local/lib/python3.12/site-packages/discord/client.py", line 465, in _run_event
    await coro(*args, **kwargs)
  File "/app/asu_discord/cogs/analytics.py", line 652, in on_member_update
    before_timeout = before.timed_out_until
                     ^^^^^^^^^^^^^^^^^^^^^^
AttributeError: 'Member' object has no attribute 'timed_out_until'
INFO:asu_discord.cogs.verification:Saved 4 roles to database for user hhicks13 (Discord ID: 1456059729477369869)
INFO:asu_discord.cogs.verification:Refreshed Salesforce roles for Discord user 1456059729477369869: -4/+4 roles, assigned=[Arizona Resident, Ira A. Fulton Schools of Engineering, Tempe, Transfer Student]
Ignoring exception in on_member_update
Traceback (most recent call last):
  File "/usr/local/lib/python3.12/site-packages/discord/client.py", line 465, in _run_event
    await coro(*args, **kwargs)
  File "/app/asu_discord/cogs/analytics.py", line 652, in on_member_update
    before_timeout = before.timed_out_until
                     ^^^^^^^^^^^^^^^^^^^^^^
AttributeError: 'Member' object has no attribute 'timed_out_until'
Ignoring exception in on_member_update
Traceback (most recent call last):
  File "/usr/local/lib/python3.12/site-packages/discord/client.py", line 465, in _run_event
    await coro(*args, **kwargs)
  File "/app/asu_discord/cogs/analytics.py", line 652, in on_member_update
    before_timeout = before.timed_out_until
                     ^^^^^^^^^^^^^^^^^^^^^^
AttributeError: 'Member' object has no attribute 'timed_out_until'
Ignoring exception in on_member_update
Traceback (most recent call last):
  File "/usr/local/lib/python3.12/site-packages/discord/client.py", line 465, in _run_event
    await coro(*args, **kwargs)
  File "/app/asu_discord/cogs/analytics.py", line 652, in on_member_update
    before_timeout = before.timed_out_until
                     ^^^^^^^^^^^^^^^^^^^^^^
AttributeError: 'Member' object has no attribute 'timed_out_until'
Ignoring exception in on_member_update
Traceback (most recent call last):
  File "/usr/local/lib/python3.12/site-packages/discord/client.py", line 465, in _run_event
    await coro(*args, **kwargs)
  File "/app/asu_discord/cogs/analytics.py", line 652, in on_member_update
    before_timeout = before.timed_out_until
                     ^^^^^^^^^^^^^^^^^^^^^^
AttributeError: 'Member' object has no attribute 'timed_out_until'
Ignoring exception in on_member_update
Traceback (most recent call last):
  File "/usr/local/lib/python3.12/site-packages/discord/client.py", line 465, in _run_event
    await coro(*args, **kwargs)
  File "/app/asu_discord/cogs/analytics.py", line 652, in on_member_update
    before_timeout = before.timed_out_until
                     ^^^^^^^^^^^^^^^^^^^^^^
AttributeError: 'Member' object has no attribute 'timed_out_until'
Ignoring exception in on_member_update
Traceback (most recent call last):
  File "/usr/local/lib/python3.12/site-packages/discord/client.py", line 465, in _run_event
    await coro(*args, **kwargs)
  File "/app/asu_discord/cogs/analytics.py", line 652, in on_member_update
    before_timeout = before.timed_out_until
                     ^^^^^^^^^^^^^^^^^^^^^^
AttributeError: 'Member' object has no attribute 'timed_out_until'
Ignoring exception in on_member_update
Traceback (most recent call last):
  File "/usr/local/lib/python3.12/site-packages/discord/client.py", line 465, in _run_event
    await coro(*args, **kwargs)
  File "/app/asu_discord/cogs/analytics.py", line 652, in on_member_update
    before_timeout = before.timed_out_until
                     ^^^^^^^^^^^^^^^^^^^^^^
AttributeError: 'Member' object has no attribute 'timed_out_until'
Ignoring exception in on_member_update
Traceback (most recent call last):
  File "/usr/local/lib/python3.12/site-packages/discord/client.py", line 465, in _run_event
    await coro(*args, **kwargs)
  File "/app/asu_discord/cogs/analytics.py", line 652, in on_member_update
    before_timeout = before.timed_out_until
                     ^^^^^^^^^^^^^^^^^^^^^^
AttributeError: 'Member' object has no attribute 'timed_out_until'
Ignoring exception in on_member_update
Traceback (most recent call last):
  File "/usr/local/lib/python3.12/site-packages/discord/client.py", line 465, in _run_event
    await coro(*args, **kwargs)
  File "/app/asu_discord/cogs/analytics.py", line 652, in on_member_update
    before_timeout = before.timed_out_until
                     ^^^^^^^^^^^^^^^^^^^^^^
AttributeError: 'Member' object has no attribute 'timed_out_until'
Ignoring exception in on_member_update
Traceback (most recent call last):
  File "/usr/local/lib/python3.12/site-packages/discord/client.py", line 465, in _run_event
    await coro(*args, **kwargs)
  File "/app/asu_discord/cogs/analytics.py", line 652, in on_member_update
    before_timeout = before.timed_out_until
                     ^^^^^^^^^^^^^^^^^^^^^^
AttributeError: 'Member' object has no attribute 'timed_out_until'
INFO:asu_discord.cogs.verification:Saved 5 roles to database for user mcompart (Discord ID: 576200568129716254)
INFO:asu_discord.cogs.verification:Refreshed Salesforce roles for Discord user 576200568129716254: -5/+5 roles, assigned=[Commited, First Year, Out of State, Tempe, W.P. Carey School of Business]
Ignoring exception in on_member_update
Traceback (most recent call last):
  File "/usr/local/lib/python3.12/site-packages/discord/client.py", line 465, in _run_event
    await coro(*args, **kwargs)
  File "/app/asu_discord/cogs/analytics.py", line 652, in on_member_update
    before_timeout = before.timed_out_until
                     ^^^^^^^^^^^^^^^^^^^^^^
AttributeError: 'Member' object has no attribute 'timed_out_until'
Ignoring exception in on_member_update
Traceback (most recent call last):
  File "/usr/local/lib/python3.12/site-packages/discord/client.py", line 465, in _run_event
    await coro(*args, **kwargs)
  File "/app/asu_discord/cogs/analytics.py", line 652, in on_member_update
    before_timeout = before.timed_out_until
                     ^^^^^^^^^^^^^^^^^^^^^^
AttributeError: 'Member' object has no attribute 'timed_out_until'
Ignoring exception in on_member_update
Traceback (most recent call last):
  File "/usr/local/lib/python3.12/site-packages/discord/client.py", line 465, in _run_event
    await coro(*args, **kwargs)
  File "/app/asu_discord/cogs/analytics.py", line 652, in on_member_update
    before_timeout = before.timed_out_until
                     ^^^^^^^^^^^^^^^^^^^^^^
AttributeError: 'Member' object has no attribute 'timed_out_until'
Ignoring exception in on_member_update
Traceback (most recent call last):
  File "/usr/local/lib/python3.12/site-packages/discord/client.py", line 465, in _run_event
    await coro(*args, **kwargs)
  File "/app/asu_discord/cogs/analytics.py", line 652, in on_member_update
    before_timeout = before.timed_out_until
                     ^^^^^^^^^^^^^^^^^^^^^^
AttributeError: 'Member' object has no attribute 'timed_out_until'
Ignoring exception in on_member_update
Traceback (most recent call last):
  File "/usr/local/lib/python3.12/site-packages/discord/client.py", line 465, in _run_event
    await coro(*args, **kwargs)
  File "/app/asu_discord/cogs/analytics.py", line 652, in on_member_update
    before_timeout = before.timed_out_until
                     ^^^^^^^^^^^^^^^^^^^^^^
AttributeError: 'Member' object has no attribute 'timed_out_until'
Ignoring exception in on_member_update
Traceback (most recent call last):
  File "/usr/local/lib/python3.12/site-packages/discord/client.py", line 465, in _run_event
    await coro(*args, **kwargs)
  File "/app/asu_discord/cogs/analytics.py", line 652, in on_member_update
    before_timeout = before.timed_out_until
                     ^^^^^^^^^^^^^^^^^^^^^^
AttributeError: 'Member' object has no attribute 'timed_out_until'
Ignoring exception in on_member_update
Traceback (most recent call last):
  File "/usr/local/lib/python3.12/site-packages/discord/client.py", line 465, in _run_event
    await coro(*args, **kwargs)
  File "/app/asu_discord/cogs/analytics.py", line 652, in on_member_update
    before_timeout = before.timed_out_until
                     ^^^^^^^^^^^^^^^^^^^^^^
AttributeError: 'Member' object has no attribute 'timed_out_until'
Ignoring exception in on_member_update
Traceback (most recent call last):
  File "/usr/local/lib/python3.12/site-packages/discord/client.py", line 465, in _run_event
    await coro(*args, **kwargs)
  File "/app/asu_discord/cogs/analytics.py", line 652, in on_member_update
    before_timeout = before.timed_out_until
                     ^^^^^^^^^^^^^^^^^^^^^^
AttributeError: 'Member' object has no attribute 'timed_out_until'
Ignoring exception in on_member_update
Traceback (most recent call last):
  File "/usr/local/lib/python3.12/site-packages/discord/client.py", line 465, in _run_event
    await coro(*args, **kwargs)
  File "/app/asu_discord/cogs/analytics.py", line 652, in on_member_update
    before_timeout = before.timed_out_until
                     ^^^^^^^^^^^^^^^^^^^^^^
AttributeError: 'Member' object has no attribute 'timed_out_until'
Ignoring exception in on_member_update
Traceback (most recent call last):
  File "/usr/local/lib/python3.12/site-packages/discord/client.py", line 465, in _run_event
    await coro(*args, **kwargs)
  File "/app/asu_discord/cogs/analytics.py", line 652, in on_member_update
    before_timeout = before.timed_out_until
                     ^^^^^^^^^^^^^^^^^^^^^^
AttributeError: 'Member' object has no attribute 'timed_out_until'
INFO:asu_discord.cogs.verification:Saved 5 roles to database for user dvilla30 (Discord ID: 623715571778715698)
INFO:asu_discord.cogs.verification:Refreshed Salesforce roles for Discord user 623715571778715698: -5/+5 roles, assigned=[Arizona Resident, First Generation Student, First Year, Herberger Institute for Design and the Arts, Tempe]
Ignoring exception in on_member_update
Traceback (most recent call last):
  File "/usr/local/lib/python3.12/site-packages/discord/client.py", line 465, in _run_event
    await coro(*args, **kwargs)
  File "/app/asu_discord/cogs/analytics.py", line 652, in on_member_update
    before_timeout = before.timed_out_until
                     ^^^^^^^^^^^^^^^^^^^^^^
AttributeError: 'Member' object has no attribute 'timed_out_until'
Ignoring exception in on_member_update
Traceback (most recent call last):
  File "/usr/local/lib/python3.12/site-packages/discord/client.py", line 465, in _run_event
    await coro(*args, **kwargs)
  File "/app/asu_discord/cogs/analytics.py", line 652, in on_member_update
    before_timeout = before.timed_out_until
                     ^^^^^^^^^^^^^^^^^^^^^^
AttributeError: 'Member' object has no attribute 'timed_out_until'
Ignoring exception in on_member_update
Traceback (most recent call last):
  File "/usr/local/lib/python3.12/site-packages/discord/client.py", line 465, in _run_event
    await coro(*args, **kwargs)
  File "/app/asu_discord/cogs/analytics.py", line 652, in on_member_update
    before_timeout = before.timed_out_until
                     ^^^^^^^^^^^^^^^^^^^^^^
AttributeError: 'Member' object has no attribute 'timed_out_until'
Ignoring exception in on_member_update
Traceback (most recent call last):
  File "/usr/local/lib/python3.12/site-packages/discord/client.py", line 465, in _run_event
    await coro(*args, **kwargs)
  File "/app/asu_discord/cogs/analytics.py", line 652, in on_member_update
    before_timeout = before.timed_out_until
                     ^^^^^^^^^^^^^^^^^^^^^^
AttributeError: 'Member' object has no attribute 'timed_out_until'
Ignoring exception in on_member_update
Traceback (most recent call last):
  File "/usr/local/lib/python3.12/site-packages/discord/client.py", line 465, in _run_event
    await coro(*args, **kwargs)
  File "/app/asu_discord/cogs/analytics.py", line 652, in on_member_update
    before_timeout = before.timed_out_until
                     ^^^^^^^^^^^^^^^^^^^^^^
AttributeError: 'Member' object has no attribute 'timed_out_until'
Ignoring exception in on_member_update
Traceback (most recent call last):
  File "/usr/local/lib/python3.12/site-packages/discord/client.py", line 465, in _run_event
    await coro(*args, **kwargs)
  File "/app/asu_discord/cogs/analytics.py", line 652, in on_member_update
    before_timeout = before.timed_out_until
                     ^^^^^^^^^^^^^^^^^^^^^^
AttributeError: 'Member' object has no attribute 'timed_out_until'
Ignoring exception in on_member_update
Traceback (most recent call last):
  File "/usr/local/lib/python3.12/site-packages/discord/client.py", line 465, in _run_event
    await coro(*args, **kwargs)
  File "/app/asu_discord/cogs/analytics.py", line 652, in on_member_update
    before_timeout = before.timed_out_until
                     ^^^^^^^^^^^^^^^^^^^^^^
AttributeError: 'Member' object has no attribute 'timed_out_until'
Ignoring exception in on_member_update
Traceback (most recent call last):
  File "/usr/local/lib/python3.12/site-packages/discord/client.py", line 465, in _run_event
    await coro(*args, **kwargs)
  File "/app/asu_discord/cogs/analytics.py", line 652, in on_member_update
    before_timeout = before.timed_out_until
                     ^^^^^^^^^^^^^^^^^^^^^^
AttributeError: 'Member' object has no attribute 'timed_out_until'
Ignoring exception in on_member_update
Traceback (most recent call last):
  File "/usr/local/lib/python3.12/site-packages/discord/client.py", line 465, in _run_event
    await coro(*args, **kwargs)
  File "/app/asu_discord/cogs/analytics.py", line 652, in on_member_update
    before_timeout = before.timed_out_until
                     ^^^^^^^^^^^^^^^^^^^^^^
AttributeError: 'Member' object has no attribute 'timed_out_until'
Ignoring exception in on_member_update
Traceback (most recent call last):
  File "/usr/local/lib/python3.12/site-packages/discord/client.py", line 465, in _run_event
    await coro(*args, **kwargs)
  File "/app/asu_discord/cogs/analytics.py", line 652, in on_member_update
    before_timeout = before.timed_out_until
                     ^^^^^^^^^^^^^^^^^^^^^^
AttributeError: 'Member' object has no attribute 'timed_out_until'
ERROR:cron.jobs:refresh_salesforce_roles: failed for mvale156 (Discord ID 618259418563215373): Timed out refresh Salesforce-based roles
ERROR:cron.jobs:refresh_salesforce_roles: failed for dtuncay (Discord ID 816536429600702465): Failed to refresh Salesforce-based roles: Discord user 816536429600702465 is not a member of the guild
Ignoring exception in on_member_update
Traceback (most recent call last):
  File "/usr/local/lib/python3.12/site-packages/discord/client.py", line 465, in _run_event
    await coro(*args, **kwargs)
  File "/app/asu_discord/cogs/analytics.py", line 652, in on_member_update
    before_timeout = before.timed_out_until
                     ^^^^^^^^^^^^^^^^^^^^^^
AttributeError: 'Member' object has no attribute 'timed_out_until'
Ignoring exception in on_member_update
Traceback (most recent call last):
  File "/usr/local/lib/python3.12/site-packages/discord/client.py", line 465, in _run_event
    await coro(*args, **kwargs)
  File "/app/asu_discord/cogs/analytics.py", line 652, in on_member_update
    before_timeout = before.timed_out_until
                     ^^^^^^^^^^^^^^^^^^^^^^
AttributeError: 'Member' object has no attribute 'timed_out_until'
Ignoring exception in on_member_update
Traceback (most recent call last):
  File "/usr/local/lib/python3.12/site-packages/discord/client.py", line 465, in _run_event
    await coro(*args, **kwargs)
  File "/app/asu_discord/cogs/analytics.py", line 652, in on_member_update
    before_timeout = before.timed_out_until
                     ^^^^^^^^^^^^^^^^^^^^^^
AttributeError: 'Member' object has no attribute 'timed_out_until'
Ignoring exception in on_member_update
Traceback (most recent call last):
  File "/usr/local/lib/python3.12/site-packages/discord/client.py", line 465, in _run_event
    await coro(*args, **kwargs)
  File "/app/asu_discord/cogs/analytics.py", line 652, in on_member_update
    before_timeout = before.timed_out_until
                     ^^^^^^^^^^^^^^^^^^^^^^
AttributeError: 'Member' object has no attribute 'timed_out_until'
Ignoring exception in on_member_update
Traceback (most recent call last):
  File "/usr/local/lib/python3.12/site-packages/discord/client.py", line 465, in _run_event
    await coro(*args, **kwargs)
  File "/app/asu_discord/cogs/analytics.py", line 652, in on_member_update
    before_timeout = before.timed_out_until
                     ^^^^^^^^^^^^^^^^^^^^^^
AttributeError: 'Member' object has no attribute 'timed_out_until'
Ignoring exception in on_member_update
Traceback (most recent call last):
  File "/usr/local/lib/python3.12/site-packages/discord/client.py", line 465, in _run_event
    await coro(*args, **kwargs)
  File "/app/asu_discord/cogs/analytics.py", line 652, in on_member_update
    before_timeout = before.timed_out_until
                     ^^^^^^^^^^^^^^^^^^^^^^
AttributeError: 'Member' object has no attribute 'timed_out_until'
Ignoring exception in on_member_update
Traceback (most recent call last):
  File "/usr/local/lib/python3.12/site-packages/discord/client.py", line 465, in _run_event
    await coro(*args, **kwargs)
  File "/app/asu_discord/cogs/analytics.py", line 652, in on_member_update
    before_timeout = before.timed_out_until
                     ^^^^^^^^^^^^^^^^^^^^^^
AttributeError: 'Member' object has no attribute 'timed_out_until'
Ignoring exception in on_member_update
Traceback (most recent call last):
  File "/usr/local/lib/python3.12/site-packages/discord/client.py", line 465, in _run_event
    await coro(*args, **kwargs)
  File "/app/asu_discord/cogs/analytics.py", line 652, in on_member_update
    before_timeout = before.timed_out_until
                     ^^^^^^^^^^^^^^^^^^^^^^
AttributeError: 'Member' object has no attribute 'timed_out_until'
Ignoring exception in on_member_update
Traceback (most recent call last):
  File "/usr/local/lib/python3.12/site-packages/discord/client.py", line 465, in _run_event
    await coro(*args, **kwargs)
  File "/app/asu_discord/cogs/analytics.py", line 652, in on_member_update
    before_timeout = before.timed_out_until
                     ^^^^^^^^^^^^^^^^^^^^^^
AttributeError: 'Member' object has no attribute 'timed_out_until'
Ignoring exception in on_member_update
Traceback (most recent call last):
  File "/usr/local/lib/python3.12/site-packages/discord/client.py", line 465, in _run_event
    await coro(*args, **kwargs)
  File "/app/asu_discord/cogs/analytics.py", line 652, in on_member_update
    before_timeout = before.timed_out_until
                     ^^^^^^^^^^^^^^^^^^^^^^
AttributeError: 'Member' object has no attribute 'timed_out_until'
INFO:asu_discord.cogs.verification:Saved 5 roles to database for user warbolan (Discord ID: 764263077767020554)
INFO:asu_discord.cogs.verification:Refreshed Salesforce roles for Discord user 764263077767020554: -5/+5 roles, assigned=[Commited, Out of State, Tempe, Transfer Student, W.P. Carey School of Business]
Ignoring exception in on_member_update
Traceback (most recent call last):
  File "/usr/local/lib/python3.12/site-packages/discord/client.py", line 465, in _run_event
    await coro(*args, **kwargs)
  File "/app/asu_discord/cogs/analytics.py", line 652, in on_member_update
    before_timeout = before.timed_out_until
                     ^^^^^^^^^^^^^^^^^^^^^^
AttributeError: 'Member' object has no attribute 'timed_out_until'
Ignoring exception in on_member_update
Traceback (most recent call last):
  File "/usr/local/lib/python3.12/site-packages/discord/client.py", line 465, in _run_event
    await coro(*args, **kwargs)
  File "/app/asu_discord/cogs/analytics.py", line 652, in on_member_update
    before_timeout = before.timed_out_until
                     ^^^^^^^^^^^^^^^^^^^^^^
AttributeError: 'Member' object has no attribute 'timed_out_until'
Ignoring exception in on_member_update
Traceback (most recent call last):
  File "/usr/local/lib/python3.12/site-packages/discord/client.py", line 465, in _run_event
    await coro(*args, **kwargs)
  File "/app/asu_discord/cogs/analytics.py", line 652, in on_member_update
    before_timeout = before.timed_out_until
                     ^^^^^^^^^^^^^^^^^^^^^^
AttributeError: 'Member' object has no attribute 'timed_out_until'
Ignoring exception in on_member_update
Traceback (most recent call last):
  File "/usr/local/lib/python3.12/site-packages/discord/client.py", line 465, in _run_event
    await coro(*args, **kwargs)
  File "/app/asu_discord/cogs/analytics.py", line 652, in on_member_update
    before_timeout = before.timed_out_until
                     ^^^^^^^^^^^^^^^^^^^^^^
AttributeError: 'Member' object has no attribute 'timed_out_until'
Ignoring exception in on_member_update
Traceback (most recent call last):
  File "/usr/local/lib/python3.12/site-packages/discord/client.py", line 465, in _run_event
    await coro(*args, **kwargs)
  File "/app/asu_discord/cogs/analytics.py", line 652, in on_member_update
    before_timeout = before.timed_out_until
                     ^^^^^^^^^^^^^^^^^^^^^^
AttributeError: 'Member' object has no attribute 'timed_out_until'
Ignoring exception in on_member_update
Traceback (most recent call last):
  File "/usr/local/lib/python3.12/site-packages/discord/client.py", line 465, in _run_event
    await coro(*args, **kwargs)
  File "/app/asu_discord/cogs/analytics.py", line 652, in on_member_update
    before_timeout = before.timed_out_until
                     ^^^^^^^^^^^^^^^^^^^^^^
AttributeError: 'Member' object has no attribute 'timed_out_until'
Ignoring exception in on_member_update
Traceback (most recent call last):
  File "/usr/local/lib/python3.12/site-packages/discord/client.py", line 465, in _run_event
    await coro(*args, **kwargs)
  File "/app/asu_discord/cogs/analytics.py", line 652, in on_member_update
    before_timeout = before.timed_out_until
                     ^^^^^^^^^^^^^^^^^^^^^^
AttributeError: 'Member' object has no attribute 'timed_out_until'
Ignoring exception in on_member_update
Traceback (most recent call last):
  File "/usr/local/lib/python3.12/site-packages/discord/client.py", line 465, in _run_event
    await coro(*args, **kwargs)
  File "/app/asu_discord/cogs/analytics.py", line 652, in on_member_update
    before_timeout = before.timed_out_until
                     ^^^^^^^^^^^^^^^^^^^^^^
AttributeError: 'Member' object has no attribute 'timed_out_until'
Ignoring exception in on_member_update
Traceback (most recent call last):
  File "/usr/local/lib/python3.12/site-packages/discord/client.py", line 465, in _run_event
    await coro(*args, **kwargs)
  File "/app/asu_discord/cogs/analytics.py", line 652, in on_member_update
    before_timeout = before.timed_out_until
                     ^^^^^^^^^^^^^^^^^^^^^^
AttributeError: 'Member' object has no attribute 'timed_out_until'
Ignoring exception in on_member_update
Traceback (most recent call last):
  File "/usr/local/lib/python3.12/site-packages/discord/client.py", line 465, in _run_event
    await coro(*args, **kwargs)
  File "/app/asu_discord/cogs/analytics.py", line 652, in on_member_update
    before_timeout = before.timed_out_until
                     ^^^^^^^^^^^^^^^^^^^^^^
AttributeError: 'Member' object has no attribute 'timed_out_until'
INFO:asu_discord.cogs.verification:Saved 5 roles to database for user smundla1 (Discord ID: 884420987045707826)
INFO:asu_discord.cogs.verification:Refreshed Salesforce roles for Discord user 884420987045707826: -5/+5 roles, assigned=[Commited, Graduate Student, International Student, Ira A. Fulton Schools of Engineering, Tempe]
ERROR:cron.jobs:refresh_salesforce_roles: failed for jnguy140 (Discord ID 585332758415540234): Failed to refresh Salesforce-based roles: Discord user 585332758415540234 is not a member of the guild
ERROR:cron.jobs:refresh_salesforce_roles: failed for jjohn781 (Discord ID 1377119016610693192): Failed to refresh Salesforce-based roles: Discord user 1377119016610693192 is not a member of the guild
ERROR:cron.jobs:refresh_salesforce_roles: failed for pstoker1 (Discord ID 1219519172153970699): Failed to refresh Salesforce-based roles: Discord user 1219519172153970699 is not a member of the guild
Ignoring exception in on_member_update
Traceback (most recent call last):
  File "/usr/local/lib/python3.12/site-packages/discord/client.py", line 465, in _run_event
    await coro(*args, **kwargs)
  File "/app/asu_discord/cogs/analytics.py", line 652, in on_member_update
    before_timeout = before.timed_out_until
                     ^^^^^^^^^^^^^^^^^^^^^^
AttributeError: 'Member' object has no attribute 'timed_out_until'
Ignoring exception in on_member_update
Traceback (most recent call last):
  File "/usr/local/lib/python3.12/site-packages/discord/client.py", line 465, in _run_event
    await coro(*args, **kwargs)
  File "/app/asu_discord/cogs/analytics.py", line 652, in on_member_update
    before_timeout = before.timed_out_until
                     ^^^^^^^^^^^^^^^^^^^^^^
AttributeError: 'Member' object has no attribute 'timed_out_until'
Ignoring exception in on_member_update
Traceback (most recent call last):
  File "/usr/local/lib/python3.12/site-packages/discord/client.py", line 465, in _run_event
    await coro(*args, **kwargs)
  File "/app/asu_discord/cogs/analytics.py", line 652, in on_member_update
    before_timeout = before.timed_out_until
                     ^^^^^^^^^^^^^^^^^^^^^^
AttributeError: 'Member' object has no attribute 'timed_out_until'
Ignoring exception in on_member_update
Traceback (most recent call last):
  File "/usr/local/lib/python3.12/site-packages/discord/client.py", line 465, in _run_event
    await coro(*args, **kwargs)
  File "/app/asu_discord/cogs/analytics.py", line 652, in on_member_update
    before_timeout = before.timed_out_until
                     ^^^^^^^^^^^^^^^^^^^^^^
AttributeError: 'Member' object has no attribute 'timed_out_until'
Ignoring exception in on_member_update
Traceback (most recent call last):
  File "/usr/local/lib/python3.12/site-packages/discord/client.py", line 465, in _run_event
    await coro(*args, **kwargs)
  File "/app/asu_discord/cogs/analytics.py", line 652, in on_member_update
    before_timeout = before.timed_out_until
                     ^^^^^^^^^^^^^^^^^^^^^^
AttributeError: 'Member' object has no attribute 'timed_out_until'
Ignoring exception in on_member_update
Traceback (most recent call last):
  File "/usr/local/lib/python3.12/site-packages/discord/client.py", line 465, in _run_event
    await coro(*args, **kwargs)
  File "/app/asu_discord/cogs/analytics.py", line 652, in on_member_update
    before_timeout = before.timed_out_until
                     ^^^^^^^^^^^^^^^^^^^^^^
AttributeError: 'Member' object has no attribute 'timed_out_until'
Ignoring exception in on_member_update
Traceback (most recent call last):
  File "/usr/local/lib/python3.12/site-packages/discord/client.py", line 465, in _run_event
    await coro(*args, **kwargs)
  File "/app/asu_discord/cogs/analytics.py", line 652, in on_member_update
    before_timeout = before.timed_out_until
                     ^^^^^^^^^^^^^^^^^^^^^^
AttributeError: 'Member' object has no attribute 'timed_out_until'
Ignoring exception in on_member_update
Traceback (most recent call last):
  File "/usr/local/lib/python3.12/site-packages/discord/client.py", line 465, in _run_event
    await coro(*args, **kwargs)
  File "/app/asu_discord/cogs/analytics.py", line 652, in on_member_update
    before_timeout = before.timed_out_until
                     ^^^^^^^^^^^^^^^^^^^^^^
AttributeError: 'Member' object has no attribute 'timed_out_until'
Ignoring exception in on_member_update
Traceback (most recent call last):
  File "/usr/local/lib/python3.12/site-packages/discord/client.py", line 465, in _run_event
    await coro(*args, **kwargs)
  File "/app/asu_discord/cogs/analytics.py", line 652, in on_member_update
    before_timeout = before.timed_out_until
                     ^^^^^^^^^^^^^^^^^^^^^^
AttributeError: 'Member' object has no attribute 'timed_out_until'
Ignoring exception in on_member_update
Traceback (most recent call last):
  File "/usr/local/lib/python3.12/site-packages/discord/client.py", line 465, in _run_event
    await coro(*args, **kwargs)
  File "/app/asu_discord/cogs/analytics.py", line 652, in on_member_update
    before_timeout = before.timed_out_until
                     ^^^^^^^^^^^^^^^^^^^^^^
AttributeError: 'Member' object has no attribute 'timed_out_until'
INFO:asu_discord.cogs.verification:Saved 5 roles to database for user iballen (Discord ID: 1474193828192976949)
INFO:asu_discord.cogs.verification:Refreshed Salesforce roles for Discord user 1474193828192976949: -5/+5 roles, assigned=[Commited, Herberger Institute for Design and the Arts, LA Center, Out of State, Transfer Student]
Ignoring exception in on_member_update
Traceback (most recent call last):
  File "/usr/local/lib/python3.12/site-packages/discord/client.py", line 465, in _run_event
    await coro(*args, **kwargs)
  File "/app/asu_discord/cogs/analytics.py", line 652, in on_member_update
    before_timeout = before.timed_out_until
                     ^^^^^^^^^^^^^^^^^^^^^^
AttributeError: 'Member' object has no attribute 'timed_out_until'
Ignoring exception in on_member_update
Traceback (most recent call last):
  File "/usr/local/lib/python3.12/site-packages/discord/client.py", line 465, in _run_event
    await coro(*args, **kwargs)
  File "/app/asu_discord/cogs/analytics.py", line 652, in on_member_update
    before_timeout = before.timed_out_until
                     ^^^^^^^^^^^^^^^^^^^^^^
AttributeError: 'Member' object has no attribute 'timed_out_until'
Ignoring exception in on_member_update
Traceback (most recent call last):
  File "/usr/local/lib/python3.12/site-packages/discord/client.py", line 465, in _run_event
    await coro(*args, **kwargs)
  File "/app/asu_discord/cogs/analytics.py", line 652, in on_member_update
    before_timeout = before.timed_out_until
                     ^^^^^^^^^^^^^^^^^^^^^^
AttributeError: 'Member' object has no attribute 'timed_out_until'
Ignoring exception in on_member_update
Traceback (most recent call last):
  File "/usr/local/lib/python3.12/site-packages/discord/client.py", line 465, in _run_event
    await coro(*args, **kwargs)
  File "/app/asu_discord/cogs/analytics.py", line 652, in on_member_update
    before_timeout = before.timed_out_until
                     ^^^^^^^^^^^^^^^^^^^^^^
AttributeError: 'Member' object has no attribute 'timed_out_until'
Ignoring exception in on_member_update
Traceback (most recent call last):
  File "/usr/local/lib/python3.12/site-packages/discord/client.py", line 465, in _run_event
    await coro(*args, **kwargs)
  File "/app/asu_discord/cogs/analytics.py", line 652, in on_member_update
    before_timeout = before.timed_out_until
                     ^^^^^^^^^^^^^^^^^^^^^^
AttributeError: 'Member' object has no attribute 'timed_out_until'
Ignoring exception in on_member_update
Traceback (most recent call last):
  File "/usr/local/lib/python3.12/site-packages/discord/client.py", line 465, in _run_event
    await coro(*args, **kwargs)
  File "/app/asu_discord/cogs/analytics.py", line 652, in on_member_update
    before_timeout = before.timed_out_until
                     ^^^^^^^^^^^^^^^^^^^^^^
AttributeError: 'Member' object has no attribute 'timed_out_until'
Ignoring exception in on_member_update
Traceback (most recent call last):
  File "/usr/local/lib/python3.12/site-packages/discord/client.py", line 465, in _run_event
    await coro(*args, **kwargs)
  File "/app/asu_discord/cogs/analytics.py", line 652, in on_member_update
    before_timeout = before.timed_out_until
                     ^^^^^^^^^^^^^^^^^^^^^^
AttributeError: 'Member' object has no attribute 'timed_out_until'
Ignoring exception in on_member_update
Traceback (most recent call last):
  File "/usr/local/lib/python3.12/site-packages/discord/client.py", line 465, in _run_event
    await coro(*args, **kwargs)
  File "/app/asu_discord/cogs/analytics.py", line 652, in on_member_update
    before_timeout = before.timed_out_until
                     ^^^^^^^^^^^^^^^^^^^^^^
AttributeError: 'Member' object has no attribute 'timed_out_until'
Ignoring exception in on_member_update
Traceback (most recent call last):
  File "/usr/local/lib/python3.12/site-packages/discord/client.py", line 465, in _run_event
    await coro(*args, **kwargs)
  File "/app/asu_discord/cogs/analytics.py", line 652, in on_member_update
    before_timeout = before.timed_out_until
                     ^^^^^^^^^^^^^^^^^^^^^^
AttributeError: 'Member' object has no attribute 'timed_out_until'
INFO:asu_discord.cogs.verification:Saved 6 roles to database for user slwang4 (Discord ID: 754503091994362001)
INFO:asu_discord.cogs.verification:Refreshed Salesforce roles for Discord user 754503091994362001: -4/+5 roles, assigned=[Arizona Resident, Commited, First Year, Ira A. Fulton Schools of Engineering, Tempe, Upperclassmen]
Ignoring exception in on_member_update
Traceback (most recent call last):
  File "/usr/local/lib/python3.12/site-packages/discord/client.py", line 465, in _run_event
    await coro(*args, **kwargs)
  File "/app/asu_discord/cogs/analytics.py", line 652, in on_member_update
    before_timeout = before.timed_out_until
                     ^^^^^^^^^^^^^^^^^^^^^^
AttributeError: 'Member' object has no attribute 'timed_out_until'
Ignoring exception in on_member_update
Traceback (most recent call last):
  File "/usr/local/lib/python3.12/site-packages/discord/client.py", line 465, in _run_event
    await coro(*args, **kwargs)
  File "/app/asu_discord/cogs/analytics.py", line 652, in on_member_update
    before_timeout = before.timed_out_until
                     ^^^^^^^^^^^^^^^^^^^^^^
AttributeError: 'Member' object has no attribute 'timed_out_until'
Ignoring exception in on_member_update
Traceback (most recent call last):
  File "/usr/local/lib/python3.12/site-packages/discord/client.py", line 465, in _run_event
    await coro(*args, **kwargs)
  File "/app/asu_discord/cogs/analytics.py", line 652, in on_member_update
    before_timeout = before.timed_out_until
                     ^^^^^^^^^^^^^^^^^^^^^^
AttributeError: 'Member' object has no attribute 'timed_out_until'
Ignoring exception in on_member_update
Traceback (most recent call last):
  File "/usr/local/lib/python3.12/site-packages/discord/client.py", line 465, in _run_event
    await coro(*args, **kwargs)
  File "/app/asu_discord/cogs/analytics.py", line 652, in on_member_update
    before_timeout = before.timed_out_until
                     ^^^^^^^^^^^^^^^^^^^^^^
AttributeError: 'Member' object has no attribute 'timed_out_until'
Ignoring exception in on_member_update
Traceback (most recent call last):
  File "/usr/local/lib/python3.12/site-packages/discord/client.py", line 465, in _run_event
    await coro(*args, **kwargs)
  File "/app/asu_discord/cogs/analytics.py", line 652, in on_member_update
    before_timeout = before.timed_out_until
                     ^^^^^^^^^^^^^^^^^^^^^^
AttributeError: 'Member' object has no attribute 'timed_out_until'
Ignoring exception in on_member_update
Traceback (most recent call last):
  File "/usr/local/lib/python3.12/site-packages/discord/client.py", line 465, in _run_event
    await coro(*args, **kwargs)
  File "/app/asu_discord/cogs/analytics.py", line 652, in on_member_update
    before_timeout = before.timed_out_until
                     ^^^^^^^^^^^^^^^^^^^^^^
AttributeError: 'Member' object has no attribute 'timed_out_until'
Ignoring exception in on_member_update
Traceback (most recent call last):
  File "/usr/local/lib/python3.12/site-packages/discord/client.py", line 465, in _run_event
    await coro(*args, **kwargs)
  File "/app/asu_discord/cogs/analytics.py", line 652, in on_member_update
    before_timeout = before.timed_out_until
                     ^^^^^^^^^^^^^^^^^^^^^^
AttributeError: 'Member' object has no attribute 'timed_out_until'
Ignoring exception in on_member_update
Traceback (most recent call last):
  File "/usr/local/lib/python3.12/site-packages/discord/client.py", line 465, in _run_event
    await coro(*args, **kwargs)
  File "/app/asu_discord/cogs/analytics.py", line 652, in on_member_update
    before_timeout = before.timed_out_until
                     ^^^^^^^^^^^^^^^^^^^^^^
AttributeError: 'Member' object has no attribute 'timed_out_until'
Ignoring exception in on_member_update
Traceback (most recent call last):
  File "/usr/local/lib/python3.12/site-packages/discord/client.py", line 465, in _run_event
    await coro(*args, **kwargs)
  File "/app/asu_discord/cogs/analytics.py", line 652, in on_member_update
    before_timeout = before.timed_out_until
                     ^^^^^^^^^^^^^^^^^^^^^^
AttributeError: 'Member' object has no attribute 'timed_out_until'
Ignoring exception in on_member_update
Traceback (most recent call last):
  File "/usr/local/lib/python3.12/site-packages/discord/client.py", line 465, in _run_event
    await coro(*args, **kwargs)
  File "/app/asu_discord/cogs/analytics.py", line 652, in on_member_update
    before_timeout = before.timed_out_until
                     ^^^^^^^^^^^^^^^^^^^^^^
AttributeError: 'Member' object has no attribute 'timed_out_until'
INFO:asu_discord.cogs.verification:Saved 5 roles to database for user njlewis5 (Discord ID: 857914979407626250)
INFO:asu_discord.cogs.verification:Refreshed Salesforce roles for Discord user 857914979407626250: -5/+5 roles, assigned=[Commited, Graduate Student, International Student, Ira A. Fulton Schools of Engineering, Tempe]
Ignoring exception in on_member_update
Traceback (most recent call last):
  File "/usr/local/lib/python3.12/site-packages/discord/client.py", line 465, in _run_event
    await coro(*args, **kwargs)
  File "/app/asu_discord/cogs/analytics.py", line 652, in on_member_update
    before_timeout = before.timed_out_until
                     ^^^^^^^^^^^^^^^^^^^^^^
AttributeError: 'Member' object has no attribute 'timed_out_until'
Ignoring exception in on_member_update
Traceback (most recent call last):
  File "/usr/local/lib/python3.12/site-packages/discord/client.py", line 465, in _run_event
    await coro(*args, **kwargs)
  File "/app/asu_discord/cogs/analytics.py", line 652, in on_member_update
    before_timeout = before.timed_out_until
                     ^^^^^^^^^^^^^^^^^^^^^^
AttributeError: 'Member' object has no attribute 'timed_out_until'
Ignoring exception in on_member_update
Traceback (most recent call last):
  File "/usr/local/lib/python3.12/site-packages/discord/client.py", line 465, in _run_event
    await coro(*args, **kwargs)
  File "/app/asu_discord/cogs/analytics.py", line 652, in on_member_update
    before_timeout = before.timed_out_until
                     ^^^^^^^^^^^^^^^^^^^^^^
AttributeError: 'Member' object has no attribute 'timed_out_until'
Ignoring exception in on_member_update
Traceback (most recent call last):
  File "/usr/local/lib/python3.12/site-packages/discord/client.py", line 465, in _run_event
    await coro(*args, **kwargs)
  File "/app/asu_discord/cogs/analytics.py", line 652, in on_member_update
    before_timeout = before.timed_out_until
                     ^^^^^^^^^^^^^^^^^^^^^^
AttributeError: 'Member' object has no attribute 'timed_out_until'
Ignoring exception in on_member_update
Traceback (most recent call last):
  File "/usr/local/lib/python3.12/site-packages/discord/client.py", line 465, in _run_event
    await coro(*args, **kwargs)
  File "/app/asu_discord/cogs/analytics.py", line 652, in on_member_update
    before_timeout = before.timed_out_until
                     ^^^^^^^^^^^^^^^^^^^^^^
AttributeError: 'Member' object has no attribute 'timed_out_until'
Ignoring exception in on_member_update
Traceback (most recent call last):
  File "/usr/local/lib/python3.12/site-packages/discord/client.py", line 465, in _run_event
    await coro(*args, **kwargs)
  File "/app/asu_discord/cogs/analytics.py", line 652, in on_member_update
    before_timeout = before.timed_out_until
                     ^^^^^^^^^^^^^^^^^^^^^^
AttributeError: 'Member' object has no attribute 'timed_out_until'
Ignoring exception in on_member_update
Traceback (most recent call last):
  File "/usr/local/lib/python3.12/site-packages/discord/client.py", line 465, in _run_event
    await coro(*args, **kwargs)
  File "/app/asu_discord/cogs/analytics.py", line 652, in on_member_update
    before_timeout = before.timed_out_until
                     ^^^^^^^^^^^^^^^^^^^^^^
AttributeError: 'Member' object has no attribute 'timed_out_until'
Ignoring exception in on_member_update
Traceback (most recent call last):
  File "/usr/local/lib/python3.12/site-packages/discord/client.py", line 465, in _run_event
    await coro(*args, **kwargs)
  File "/app/asu_discord/cogs/analytics.py", line 652, in on_member_update
    before_timeout = before.timed_out_until
                     ^^^^^^^^^^^^^^^^^^^^^^
AttributeError: 'Member' object has no attribute 'timed_out_until'
Ignoring exception in on_member_update
Traceback (most recent call last):
  File "/usr/local/lib/python3.12/site-packages/discord/client.py", line 465, in _run_event
    await coro(*args, **kwargs)
  File "/app/asu_discord/cogs/analytics.py", line 652, in on_member_update
    before_timeout = before.timed_out_until
                     ^^^^^^^^^^^^^^^^^^^^^^
AttributeError: 'Member' object has no attribute 'timed_out_until'
Ignoring exception in on_member_update
Traceback (most recent call last):
  File "/usr/local/lib/python3.12/site-packages/discord/client.py", line 465, in _run_event
    await coro(*args, **kwargs)
  File "/app/asu_discord/cogs/analytics.py", line 652, in on_member_update
    before_timeout = before.timed_out_until
                     ^^^^^^^^^^^^^^^^^^^^^^
AttributeError: 'Member' object has no attribute 'timed_out_until'
INFO:asu_discord.cogs.verification:Saved 5 roles to database for user hzhen12 (Discord ID: 1360228998830882886)
INFO:asu_discord.cogs.verification:Refreshed Salesforce roles for Discord user 1360228998830882886: -5/+5 roles, assigned=[Graduate Student, International Student, Ira A. Fulton Schools of Engineering, Online, Polytechnic]
Ignoring exception in on_member_update
Traceback (most recent call last):
  File "/usr/local/lib/python3.12/site-packages/discord/client.py", line 465, in _run_event
    await coro(*args, **kwargs)
  File "/app/asu_discord/cogs/analytics.py", line 652, in on_member_update
    before_timeout = before.timed_out_until
                     ^^^^^^^^^^^^^^^^^^^^^^
AttributeError: 'Member' object has no attribute 'timed_out_until'
Ignoring exception in on_member_update
Traceback (most recent call last):
  File "/usr/local/lib/python3.12/site-packages/discord/client.py", line 465, in _run_event
    await coro(*args, **kwargs)
  File "/app/asu_discord/cogs/analytics.py", line 652, in on_member_update
    before_timeout = before.timed_out_until
                     ^^^^^^^^^^^^^^^^^^^^^^
AttributeError: 'Member' object has no attribute 'timed_out_until'
Ignoring exception in on_member_update
Traceback (most recent call last):
  File "/usr/local/lib/python3.12/site-packages/discord/client.py", line 465, in _run_event
    await coro(*args, **kwargs)
  File "/app/asu_discord/cogs/analytics.py", line 652, in on_member_update
    before_timeout = before.timed_out_until
                     ^^^^^^^^^^^^^^^^^^^^^^
AttributeError: 'Member' object has no attribute 'timed_out_until'
Ignoring exception in on_member_update
Traceback (most recent call last):
  File "/usr/local/lib/python3.12/site-packages/discord/client.py", line 465, in _run_event
    await coro(*args, **kwargs)
  File "/app/asu_discord/cogs/analytics.py", line 652, in on_member_update
    before_timeout = before.timed_out_until
                     ^^^^^^^^^^^^^^^^^^^^^^
AttributeError: 'Member' object has no attribute 'timed_out_until'
Ignoring exception in on_member_update
Traceback (most recent call last):
  File "/usr/local/lib/python3.12/site-packages/discord/client.py", line 465, in _run_event
    await coro(*args, **kwargs)
  File "/app/asu_discord/cogs/analytics.py", line 652, in on_member_update
    before_timeout = before.timed_out_until
                     ^^^^^^^^^^^^^^^^^^^^^^
AttributeError: 'Member' object has no attribute 'timed_out_until'
Ignoring exception in on_member_update
Traceback (most recent call last):
  File "/usr/local/lib/python3.12/site-packages/discord/client.py", line 465, in _run_event
    await coro(*args, **kwargs)
  File "/app/asu_discord/cogs/analytics.py", line 652, in on_member_update
    before_timeout = before.timed_out_until
                     ^^^^^^^^^^^^^^^^^^^^^^
AttributeError: 'Member' object has no attribute 'timed_out_until'
Ignoring exception in on_member_update
Traceback (most recent call last):
  File "/usr/local/lib/python3.12/site-packages/discord/client.py", line 465, in _run_event
    await coro(*args, **kwargs)
  File "/app/asu_discord/cogs/analytics.py", line 652, in on_member_update
    before_timeout = before.timed_out_until
                     ^^^^^^^^^^^^^^^^^^^^^^
AttributeError: 'Member' object has no attribute 'timed_out_until'
Ignoring exception in on_member_update
Traceback (most recent call last):
  File "/usr/local/lib/python3.12/site-packages/discord/client.py", line 465, in _run_event
    await coro(*args, **kwargs)
  File "/app/asu_discord/cogs/analytics.py", line 652, in on_member_update
    before_timeout = before.timed_out_until
                     ^^^^^^^^^^^^^^^^^^^^^^
AttributeError: 'Member' object has no attribute 'timed_out_until'
Ignoring exception in on_member_update
Traceback (most recent call last):
  File "/usr/local/lib/python3.12/site-packages/discord/client.py", line 465, in _run_event
    await coro(*args, **kwargs)
  File "/app/asu_discord/cogs/analytics.py", line 652, in on_member_update
    before_timeout = before.timed_out_until
                     ^^^^^^^^^^^^^^^^^^^^^^
AttributeError: 'Member' object has no attribute 'timed_out_until'
Ignoring exception in on_member_update
Traceback (most recent call last):
  File "/usr/local/lib/python3.12/site-packages/discord/client.py", line 465, in _run_event
    await coro(*args, **kwargs)
  File "/app/asu_discord/cogs/analytics.py", line 652, in on_member_update
    before_timeout = before.timed_out_until
                     ^^^^^^^^^^^^^^^^^^^^^^
AttributeError: 'Member' object has no attribute 'timed_out_until'
Ignoring exception in on_member_update
Traceback (most recent call last):
  File "/usr/local/lib/python3.12/site-packages/discord/client.py", line 465, in _run_event
    await coro(*args, **kwargs)
  File "/app/asu_discord/cogs/analytics.py", line 652, in on_member_update
    before_timeout = before.timed_out_until
                     ^^^^^^^^^^^^^^^^^^^^^^
AttributeError: 'Member' object has no attribute 'timed_out_until'
ERROR:cron.jobs:refresh_salesforce_roles: failed for mrobin28 (Discord ID 202907439409004545): Timed out refresh Salesforce-based roles
Ignoring exception in on_member_update
Traceback (most recent call last):
  File "/usr/local/lib/python3.12/site-packages/discord/client.py", line 465, in _run_event
    await coro(*args, **kwargs)
  File "/app/asu_discord/cogs/analytics.py", line 652, in on_member_update
    before_timeout = before.timed_out_until
                     ^^^^^^^^^^^^^^^^^^^^^^
AttributeError: 'Member' object has no attribute 'timed_out_until'
Ignoring exception in on_member_update
Traceback (most recent call last):
  File "/usr/local/lib/python3.12/site-packages/discord/client.py", line 465, in _run_event
    await coro(*args, **kwargs)
  File "/app/asu_discord/cogs/analytics.py", line 652, in on_member_update
    before_timeout = before.timed_out_until
                     ^^^^^^^^^^^^^^^^^^^^^^
AttributeError: 'Member' object has no attribute 'timed_out_until'
Ignoring exception in on_member_update
Traceback (most recent call last):
  File "/usr/local/lib/python3.12/site-packages/discord/client.py", line 465, in _run_event
    await coro(*args, **kwargs)
  File "/app/asu_discord/cogs/analytics.py", line 652, in on_member_update
    before_timeout = before.timed_out_until
                     ^^^^^^^^^^^^^^^^^^^^^^
AttributeError: 'Member' object has no attribute 'timed_out_until'
Ignoring exception in on_member_update
Traceback (most recent call last):
  File "/usr/local/lib/python3.12/site-packages/discord/client.py", line 465, in _run_event
    await coro(*args, **kwargs)
  File "/app/asu_discord/cogs/analytics.py", line 652, in on_member_update
    before_timeout = before.timed_out_until
                     ^^^^^^^^^^^^^^^^^^^^^^
AttributeError: 'Member' object has no attribute 'timed_out_until'
Ignoring exception in on_member_update
Traceback (most recent call last):
  File "/usr/local/lib/python3.12/site-packages/discord/client.py", line 465, in _run_event
    await coro(*args, **kwargs)
  File "/app/asu_discord/cogs/analytics.py", line 652, in on_member_update
    before_timeout = before.timed_out_until
                     ^^^^^^^^^^^^^^^^^^^^^^
AttributeError: 'Member' object has no attribute 'timed_out_until'
Ignoring exception in on_member_update
Traceback (most recent call last):
  File "/usr/local/lib/python3.12/site-packages/discord/client.py", line 465, in _run_event
    await coro(*args, **kwargs)
  File "/app/asu_discord/cogs/analytics.py", line 652, in on_member_update
    before_timeout = before.timed_out_until
                     ^^^^^^^^^^^^^^^^^^^^^^
AttributeError: 'Member' object has no attribute 'timed_out_until'
Ignoring exception in on_member_update
Traceback (most recent call last):
  File "/usr/local/lib/python3.12/site-packages/discord/client.py", line 465, in _run_event
    await coro(*args, **kwargs)
  File "/app/asu_discord/cogs/analytics.py", line 652, in on_member_update
    before_timeout = before.timed_out_until
                     ^^^^^^^^^^^^^^^^^^^^^^
AttributeError: 'Member' object has no attribute 'timed_out_until'
Ignoring exception in on_member_update
Traceback (most recent call last):
  File "/usr/local/lib/python3.12/site-packages/discord/client.py", line 465, in _run_event
    await coro(*args, **kwargs)
  File "/app/asu_discord/cogs/analytics.py", line 652, in on_member_update
    before_timeout = before.timed_out_until
                     ^^^^^^^^^^^^^^^^^^^^^^
AttributeError: 'Member' object has no attribute 'timed_out_until'
Ignoring exception in on_member_update
Traceback (most recent call last):
  File "/usr/local/lib/python3.12/site-packages/discord/client.py", line 465, in _run_event
    await coro(*args, **kwargs)
  File "/app/asu_discord/cogs/analytics.py", line 652, in on_member_update
    before_timeout = before.timed_out_until
                     ^^^^^^^^^^^^^^^^^^^^^^
AttributeError: 'Member' object has no attribute 'timed_out_until'
Ignoring exception in on_member_update
Traceback (most recent call last):
  File "/usr/local/lib/python3.12/site-packages/discord/client.py", line 465, in _run_event
    await coro(*args, **kwargs)
  File "/app/asu_discord/cogs/analytics.py", line 652, in on_member_update
    before_timeout = before.timed_out_until
                     ^^^^^^^^^^^^^^^^^^^^^^
AttributeError: 'Member' object has no attribute 'timed_out_until'
INFO:asu_discord.cogs.verification:Saved 5 roles to database for user kbshanah (Discord ID: 1475652062493802677)
INFO:asu_discord.cogs.verification:Refreshed Salesforce roles for Discord user 1475652062493802677: -5/+5 roles, assigned=[Commited, First Year, Out of State, Tempe, W.P. Carey School of Business]
Ignoring exception in on_member_update
Traceback (most recent call last):
  File "/usr/local/lib/python3.12/site-packages/discord/client.py", line 465, in _run_event
    await coro(*args, **kwargs)
  File "/app/asu_discord/cogs/analytics.py", line 652, in on_member_update
    before_timeout = before.timed_out_until
                     ^^^^^^^^^^^^^^^^^^^^^^
AttributeError: 'Member' object has no attribute 'timed_out_until'
Ignoring exception in on_member_update
Traceback (most recent call last):
  File "/usr/local/lib/python3.12/site-packages/discord/client.py", line 465, in _run_event
    await coro(*args, **kwargs)
  File "/app/asu_discord/cogs/analytics.py", line 652, in on_member_update
    before_timeout = before.timed_out_until
                     ^^^^^^^^^^^^^^^^^^^^^^
AttributeError: 'Member' object has no attribute 'timed_out_until'
Ignoring exception in on_member_update
Traceback (most recent call last):
  File "/usr/local/lib/python3.12/site-packages/discord/client.py", line 465, in _run_event
    await coro(*args, **kwargs)
  File "/app/asu_discord/cogs/analytics.py", line 652, in on_member_update
    before_timeout = before.timed_out_until
                     ^^^^^^^^^^^^^^^^^^^^^^
AttributeError: 'Member' object has no attribute 'timed_out_until'
Ignoring exception in on_member_update
Traceback (most recent call last):
  File "/usr/local/lib/python3.12/site-packages/discord/client.py", line 465, in _run_event
    await coro(*args, **kwargs)
  File "/app/asu_discord/cogs/analytics.py", line 652, in on_member_update
    before_timeout = before.timed_out_until
                     ^^^^^^^^^^^^^^^^^^^^^^
AttributeError: 'Member' object has no attribute 'timed_out_until'
Ignoring exception in on_member_update
Traceback (most recent call last):
  File "/usr/local/lib/python3.12/site-packages/discord/client.py", line 465, in _run_event
    await coro(*args, **kwargs)
  File "/app/asu_discord/cogs/analytics.py", line 652, in on_member_update
    before_timeout = before.timed_out_until
                     ^^^^^^^^^^^^^^^^^^^^^^
AttributeError: 'Member' object has no attribute 'timed_out_until'
Ignoring exception in on_member_update
Traceback (most recent call last):
  File "/usr/local/lib/python3.12/site-packages/discord/client.py", line 465, in _run_event
    await coro(*args, **kwargs)
  File "/app/asu_discord/cogs/analytics.py", line 652, in on_member_update
    before_timeout = before.timed_out_until
                     ^^^^^^^^^^^^^^^^^^^^^^
AttributeError: 'Member' object has no attribute 'timed_out_until'
Ignoring exception in on_member_update
Traceback (most recent call last):
  File "/usr/local/lib/python3.12/site-packages/discord/client.py", line 465, in _run_event
    await coro(*args, **kwargs)
  File "/app/asu_discord/cogs/analytics.py", line 652, in on_member_update
    before_timeout = before.timed_out_until
                     ^^^^^^^^^^^^^^^^^^^^^^
AttributeError: 'Member' object has no attribute 'timed_out_until'
INFO:asu_discord.cogs.verification:Saved 4 roles to database for user leparke1 (Discord ID: 1174396971377774686)
INFO:asu_discord.cogs.verification:Refreshed Salesforce roles for Discord user 1174396971377774686: -3/+4 roles, assigned=[Arizona Resident, Graduate Student, Ira A. Fulton Schools of Engineering, Polytechnic]
ERROR:cron.jobs:refresh_salesforce_roles: failed for nsriva16 (Discord ID 1352321144728064142): Failed to refresh Salesforce-based roles: Discord user 1352321144728064142 is not a member of the guild
Ignoring exception in on_member_update
Traceback (most recent call last):
  File "/usr/local/lib/python3.12/site-packages/discord/client.py", line 465, in _run_event
    await coro(*args, **kwargs)
  File "/app/asu_discord/cogs/analytics.py", line 652, in on_member_update
    before_timeout = before.timed_out_until
                     ^^^^^^^^^^^^^^^^^^^^^^
AttributeError: 'Member' object has no attribute 'timed_out_until'
Ignoring exception in on_member_update
Traceback (most recent call last):
  File "/usr/local/lib/python3.12/site-packages/discord/client.py", line 465, in _run_event
    await coro(*args, **kwargs)
  File "/app/asu_discord/cogs/analytics.py", line 652, in on_member_update
    before_timeout = before.timed_out_until
                     ^^^^^^^^^^^^^^^^^^^^^^
AttributeError: 'Member' object has no attribute 'timed_out_until'
Ignoring exception in on_member_update
Traceback (most recent call last):
  File "/usr/local/lib/python3.12/site-packages/discord/client.py", line 465, in _run_event
    await coro(*args, **kwargs)
  File "/app/asu_discord/cogs/analytics.py", line 652, in on_member_update
    before_timeout = before.timed_out_until
                     ^^^^^^^^^^^^^^^^^^^^^^
AttributeError: 'Member' object has no attribute 'timed_out_until'
Ignoring exception in on_member_update
Traceback (most recent call last):
  File "/usr/local/lib/python3.12/site-packages/discord/client.py", line 465, in _run_event
    await coro(*args, **kwargs)
  File "/app/asu_discord/cogs/analytics.py", line 652, in on_member_update
    before_timeout = before.timed_out_until
                     ^^^^^^^^^^^^^^^^^^^^^^
AttributeError: 'Member' object has no attribute 'timed_out_until'
Ignoring exception in on_member_update
Traceback (most recent call last):
  File "/usr/local/lib/python3.12/site-packages/discord/client.py", line 465, in _run_event
    await coro(*args, **kwargs)
  File "/app/asu_discord/cogs/analytics.py", line 652, in on_member_update
    before_timeout = before.timed_out_until
                     ^^^^^^^^^^^^^^^^^^^^^^
AttributeError: 'Member' object has no attribute 'timed_out_until'
Ignoring exception in on_member_update
Traceback (most recent call last):
  File "/usr/local/lib/python3.12/site-packages/discord/client.py", line 465, in _run_event
    await coro(*args, **kwargs)
  File "/app/asu_discord/cogs/analytics.py", line 652, in on_member_update
    before_timeout = before.timed_out_until
                     ^^^^^^^^^^^^^^^^^^^^^^
AttributeError: 'Member' object has no attribute 'timed_out_until'
Ignoring exception in on_member_update
Traceback (most recent call last):
  File "/usr/local/lib/python3.12/site-packages/discord/client.py", line 465, in _run_event
    await coro(*args, **kwargs)
  File "/app/asu_discord/cogs/analytics.py", line 652, in on_member_update
    before_timeout = before.timed_out_until
                     ^^^^^^^^^^^^^^^^^^^^^^
AttributeError: 'Member' object has no attribute 'timed_out_until'
INFO:asu_discord.cogs.verification:Saved 4 roles to database for user awagan (Discord ID: 1094327540623093840)
INFO:asu_discord.cogs.verification:Refreshed Salesforce roles for Discord user 1094327540623093840: -4/+3 roles, assigned=[College of Liberal Arts and Sciences, First Year, Out of State, Tempe]
Ignoring exception in on_member_update
Traceback (most recent call last):
  File "/usr/local/lib/python3.12/site-packages/discord/client.py", line 465, in _run_event
    await coro(*args, **kwargs)
  File "/app/asu_discord/cogs/analytics.py", line 652, in on_member_update
    before_timeout = before.timed_out_until
                     ^^^^^^^^^^^^^^^^^^^^^^
AttributeError: 'Member' object has no attribute 'timed_out_until'
Ignoring exception in on_member_update
Traceback (most recent call last):
  File "/usr/local/lib/python3.12/site-packages/discord/client.py", line 465, in _run_event
    await coro(*args, **kwargs)
  File "/app/asu_discord/cogs/analytics.py", line 652, in on_member_update
    before_timeout = before.timed_out_until
                     ^^^^^^^^^^^^^^^^^^^^^^
AttributeError: 'Member' object has no attribute 'timed_out_until'
Ignoring exception in on_member_update
Traceback (most recent call last):
  File "/usr/local/lib/python3.12/site-packages/discord/client.py", line 465, in _run_event
    await coro(*args, **kwargs)
  File "/app/asu_discord/cogs/analytics.py", line 652, in on_member_update
    before_timeout = before.timed_out_until
                     ^^^^^^^^^^^^^^^^^^^^^^
AttributeError: 'Member' object has no attribute 'timed_out_until'
Ignoring exception in on_member_update
Traceback (most recent call last):
  File "/usr/local/lib/python3.12/site-packages/discord/client.py", line 465, in _run_event
    await coro(*args, **kwargs)
  File "/app/asu_discord/cogs/analytics.py", line 652, in on_member_update
    before_timeout = before.timed_out_until
                     ^^^^^^^^^^^^^^^^^^^^^^
AttributeError: 'Member' object has no attribute 'timed_out_until'
Ignoring exception in on_member_update
Traceback (most recent call last):
  File "/usr/local/lib/python3.12/site-packages/discord/client.py", line 465, in _run_event
    await coro(*args, **kwargs)
  File "/app/asu_discord/cogs/analytics.py", line 652, in on_member_update
    before_timeout = before.timed_out_until
                     ^^^^^^^^^^^^^^^^^^^^^^
AttributeError: 'Member' object has no attribute 'timed_out_until'
Ignoring exception in on_member_update
Traceback (most recent call last):
  File "/usr/local/lib/python3.12/site-packages/discord/client.py", line 465, in _run_event
    await coro(*args, **kwargs)
  File "/app/asu_discord/cogs/analytics.py", line 652, in on_member_update
    before_timeout = before.timed_out_until
                     ^^^^^^^^^^^^^^^^^^^^^^
AttributeError: 'Member' object has no attribute 'timed_out_until'
Ignoring exception in on_member_update
Traceback (most recent call last):
  File "/usr/local/lib/python3.12/site-packages/discord/client.py", line 465, in _run_event
    await coro(*args, **kwargs)
  File "/app/asu_discord/cogs/analytics.py", line 652, in on_member_update
    before_timeout = before.timed_out_until
                     ^^^^^^^^^^^^^^^^^^^^^^
AttributeError: 'Member' object has no attribute 'timed_out_until'
Ignoring exception in on_member_update
Traceback (most recent call last):
  File "/usr/local/lib/python3.12/site-packages/discord/client.py", line 465, in _run_event
    await coro(*args, **kwargs)
  File "/app/asu_discord/cogs/analytics.py", line 652, in on_member_update
    before_timeout = before.timed_out_until
                     ^^^^^^^^^^^^^^^^^^^^^^
AttributeError: 'Member' object has no attribute 'timed_out_until'
INFO:asu_discord.cogs.verification:Saved 4 roles to database for user rabuasaa (Discord ID: 739046222182219837)
INFO:asu_discord.cogs.verification:Refreshed Salesforce roles for Discord user 739046222182219837: -4/+4 roles, assigned=[Commited, First Year, Tempe, W.P. Carey School of Business]
Ignoring exception in on_member_update
Traceback (most recent call last):
  File "/usr/local/lib/python3.12/site-packages/discord/client.py", line 465, in _run_event
    await coro(*args, **kwargs)
  File "/app/asu_discord/cogs/analytics.py", line 652, in on_member_update
    before_timeout = before.timed_out_until
                     ^^^^^^^^^^^^^^^^^^^^^^
AttributeError: 'Member' object has no attribute 'timed_out_until'
Ignoring exception in on_member_update
Traceback (most recent call last):
  File "/usr/local/lib/python3.12/site-packages/discord/client.py", line 465, in _run_event
    await coro(*args, **kwargs)
  File "/app/asu_discord/cogs/analytics.py", line 652, in on_member_update
    before_timeout = before.timed_out_until
                     ^^^^^^^^^^^^^^^^^^^^^^
AttributeError: 'Member' object has no attribute 'timed_out_until'
Ignoring exception in on_member_update
Traceback (most recent call last):
  File "/usr/local/lib/python3.12/site-packages/discord/client.py", line 465, in _run_event
    await coro(*args, **kwargs)
  File "/app/asu_discord/cogs/analytics.py", line 652, in on_member_update
    before_timeout = before.timed_out_until
                     ^^^^^^^^^^^^^^^^^^^^^^
AttributeError: 'Member' object has no attribute 'timed_out_until'
Ignoring exception in on_member_update
Traceback (most recent call last):
  File "/usr/local/lib/python3.12/site-packages/discord/client.py", line 465, in _run_event
    await coro(*args, **kwargs)
  File "/app/asu_discord/cogs/analytics.py", line 652, in on_member_update
    before_timeout = before.timed_out_until
                     ^^^^^^^^^^^^^^^^^^^^^^
AttributeError: 'Member' object has no attribute 'timed_out_until'
Ignoring exception in on_member_update
Traceback (most recent call last):
  File "/usr/local/lib/python3.12/site-packages/discord/client.py", line 465, in _run_event
    await coro(*args, **kwargs)
  File "/app/asu_discord/cogs/analytics.py", line 652, in on_member_update
    before_timeout = before.timed_out_until
                     ^^^^^^^^^^^^^^^^^^^^^^
AttributeError: 'Member' object has no attribute 'timed_out_until'
Ignoring exception in on_member_update
Traceback (most recent call last):
  File "/usr/local/lib/python3.12/site-packages/discord/client.py", line 465, in _run_event
    await coro(*args, **kwargs)
  File "/app/asu_discord/cogs/analytics.py", line 652, in on_member_update
    before_timeout = before.timed_out_until
                     ^^^^^^^^^^^^^^^^^^^^^^
AttributeError: 'Member' object has no attribute 'timed_out_until'
Ignoring exception in on_member_update
Traceback (most recent call last):
  File "/usr/local/lib/python3.12/site-packages/discord/client.py", line 465, in _run_event
    await coro(*args, **kwargs)
  File "/app/asu_discord/cogs/analytics.py", line 652, in on_member_update
    before_timeout = before.timed_out_until
                     ^^^^^^^^^^^^^^^^^^^^^^
AttributeError: 'Member' object has no attribute 'timed_out_until'
Ignoring exception in on_member_update
Traceback (most recent call last):
  File "/usr/local/lib/python3.12/site-packages/discord/client.py", line 465, in _run_event
    await coro(*args, **kwargs)
  File "/app/asu_discord/cogs/analytics.py", line 652, in on_member_update
    before_timeout = before.timed_out_until
                     ^^^^^^^^^^^^^^^^^^^^^^
AttributeError: 'Member' object has no attribute 'timed_out_until'
Ignoring exception in on_member_update
Traceback (most recent call last):
  File "/usr/local/lib/python3.12/site-packages/discord/client.py", line 465, in _run_event
    await coro(*args, **kwargs)
  File "/app/asu_discord/cogs/analytics.py", line 652, in on_member_update
    before_timeout = before.timed_out_until
                     ^^^^^^^^^^^^^^^^^^^^^^
AttributeError: 'Member' object has no attribute 'timed_out_until'
Ignoring exception in on_member_update
Traceback (most recent call last):
  File "/usr/local/lib/python3.12/site-packages/discord/client.py", line 465, in _run_event
    await coro(*args, **kwargs)
  File "/app/asu_discord/cogs/analytics.py", line 652, in on_member_update
    before_timeout = before.timed_out_until
                     ^^^^^^^^^^^^^^^^^^^^^^
AttributeError: 'Member' object has no attribute 'timed_out_until'
INFO:asu_discord.cogs.verification:Saved 5 roles to database for user tuyettra (Discord ID: 790649874797690893)
INFO:asu_discord.cogs.verification:Refreshed Salesforce roles for Discord user 790649874797690893: -5/+5 roles, assigned=[Arizona Resident, First Generation Student, First Year, Ira A. Fulton Schools of Engineering, Tempe]
Ignoring exception in on_member_update
Traceback (most recent call last):
  File "/usr/local/lib/python3.12/site-packages/discord/client.py", line 465, in _run_event
    await coro(*args, **kwargs)
  File "/app/asu_discord/cogs/analytics.py", line 652, in on_member_update
    before_timeout = before.timed_out_until
                     ^^^^^^^^^^^^^^^^^^^^^^
AttributeError: 'Member' object has no attribute 'timed_out_until'
Ignoring exception in on_member_update
Traceback (most recent call last):
  File "/usr/local/lib/python3.12/site-packages/discord/client.py", line 465, in _run_event
    await coro(*args, **kwargs)
  File "/app/asu_discord/cogs/analytics.py", line 652, in on_member_update
    before_timeout = before.timed_out_until
                     ^^^^^^^^^^^^^^^^^^^^^^
AttributeError: 'Member' object has no attribute 'timed_out_until'
Ignoring exception in on_member_update
Traceback (most recent call last):
  File "/usr/local/lib/python3.12/site-packages/discord/client.py", line 465, in _run_event
    await coro(*args, **kwargs)
  File "/app/asu_discord/cogs/analytics.py", line 652, in on_member_update
    before_timeout = before.timed_out_until
                     ^^^^^^^^^^^^^^^^^^^^^^
AttributeError: 'Member' object has no attribute 'timed_out_until'
Ignoring exception in on_member_update
Traceback (most recent call last):
  File "/usr/local/lib/python3.12/site-packages/discord/client.py", line 465, in _run_event
    await coro(*args, **kwargs)
  File "/app/asu_discord/cogs/analytics.py", line 652, in on_member_update
    before_timeout = before.timed_out_until
                     ^^^^^^^^^^^^^^^^^^^^^^
AttributeError: 'Member' object has no attribute 'timed_out_until'
Ignoring exception in on_member_update
Traceback (most recent call last):
  File "/usr/local/lib/python3.12/site-packages/discord/client.py", line 465, in _run_event
    await coro(*args, **kwargs)
  File "/app/asu_discord/cogs/analytics.py", line 652, in on_member_update
    before_timeout = before.timed_out_until
                     ^^^^^^^^^^^^^^^^^^^^^^
AttributeError: 'Member' object has no attribute 'timed_out_until'
Ignoring exception in on_member_update
Traceback (most recent call last):
  File "/usr/local/lib/python3.12/site-packages/discord/client.py", line 465, in _run_event
    await coro(*args, **kwargs)
  File "/app/asu_discord/cogs/analytics.py", line 652, in on_member_update
    before_timeout = before.timed_out_until
                     ^^^^^^^^^^^^^^^^^^^^^^
AttributeError: 'Member' object has no attribute 'timed_out_until'
Ignoring exception in on_member_update
Traceback (most recent call last):
  File "/usr/local/lib/python3.12/site-packages/discord/client.py", line 465, in _run_event
    await coro(*args, **kwargs)
  File "/app/asu_discord/cogs/analytics.py", line 652, in on_member_update
    before_timeout = before.timed_out_until
                     ^^^^^^^^^^^^^^^^^^^^^^
AttributeError: 'Member' object has no attribute 'timed_out_until'
Ignoring exception in on_member_update
Traceback (most recent call last):
  File "/usr/local/lib/python3.12/site-packages/discord/client.py", line 465, in _run_event
    await coro(*args, **kwargs)
  File "/app/asu_discord/cogs/analytics.py", line 652, in on_member_update
    before_timeout = before.timed_out_until
                     ^^^^^^^^^^^^^^^^^^^^^^
AttributeError: 'Member' object has no attribute 'timed_out_until'
Ignoring exception in on_member_update
Traceback (most recent call last):
  File "/usr/local/lib/python3.12/site-packages/discord/client.py", line 465, in _run_event
    await coro(*args, **kwargs)
  File "/app/asu_discord/cogs/analytics.py", line 652, in on_member_update
    before_timeout = before.timed_out_until
                     ^^^^^^^^^^^^^^^^^^^^^^
AttributeError: 'Member' object has no attribute 'timed_out_until'
Ignoring exception in on_member_update
Traceback (most recent call last):
  File "/usr/local/lib/python3.12/site-packages/discord/client.py", line 465, in _run_event
    await coro(*args, **kwargs)
  File "/app/asu_discord/cogs/analytics.py", line 652, in on_member_update
    before_timeout = before.timed_out_until
                     ^^^^^^^^^^^^^^^^^^^^^^
AttributeError: 'Member' object has no attribute 'timed_out_until'
INFO:asu_discord.cogs.verification:Saved 6 roles to database for user mabureya (Discord ID: 771430824033386497)
INFO:asu_discord.cogs.verification:Refreshed Salesforce roles for Discord user 771430824033386497: -6/+5 roles, assigned=[Commited, First Generation Student, First Year, International Student, Tempe, W.P. Carey School of Business]
Ignoring exception in on_member_update
Traceback (most recent call last):
  File "/usr/local/lib/python3.12/site-packages/discord/client.py", line 465, in _run_event
    await coro(*args, **kwargs)
  File "/app/asu_discord/cogs/analytics.py", line 652, in on_member_update
    before_timeout = before.timed_out_until
                     ^^^^^^^^^^^^^^^^^^^^^^
AttributeError: 'Member' object has no attribute 'timed_out_until'
ERROR:cron.jobs:refresh_salesforce_roles: failed for ceagbor (Discord ID 1130166601690386602): Failed to refresh Salesforce-based roles: Discord user 1130166601690386602 is not a member of the guild
ERROR:cron.jobs:refresh_salesforce_roles: failed for sbodani (Discord ID 853521389733412865): Failed to refresh Salesforce-based roles: Discord user 853521389733412865 is not a member of the guild
Ignoring exception in on_member_update
Traceback (most recent call last):
  File "/usr/local/lib/python3.12/site-packages/discord/client.py", line 465, in _run_event
    await coro(*args, **kwargs)
  File "/app/asu_discord/cogs/analytics.py", line 652, in on_member_update
    before_timeout = before.timed_out_until
                     ^^^^^^^^^^^^^^^^^^^^^^
AttributeError: 'Member' object has no attribute 'timed_out_until'
Ignoring exception in on_member_update
Traceback (most recent call last):
  File "/usr/local/lib/python3.12/site-packages/discord/client.py", line 465, in _run_event
    await coro(*args, **kwargs)
  File "/app/asu_discord/cogs/analytics.py", line 652, in on_member_update
    before_timeout = before.timed_out_until
                     ^^^^^^^^^^^^^^^^^^^^^^
AttributeError: 'Member' object has no attribute 'timed_out_until'
Ignoring exception in on_member_update
Traceback (most recent call last):
  File "/usr/local/lib/python3.12/site-packages/discord/client.py", line 465, in _run_event
    await coro(*args, **kwargs)
  File "/app/asu_discord/cogs/analytics.py", line 652, in on_member_update
    before_timeout = before.timed_out_until
                     ^^^^^^^^^^^^^^^^^^^^^^
AttributeError: 'Member' object has no attribute 'timed_out_until'
Ignoring exception in on_member_update
Traceback (most recent call last):
  File "/usr/local/lib/python3.12/site-packages/discord/client.py", line 465, in _run_event
    await coro(*args, **kwargs)
  File "/app/asu_discord/cogs/analytics.py", line 652, in on_member_update
    before_timeout = before.timed_out_until
                     ^^^^^^^^^^^^^^^^^^^^^^
AttributeError: 'Member' object has no attribute 'timed_out_until'
Ignoring exception in on_member_update
Traceback (most recent call last):
  File "/usr/local/lib/python3.12/site-packages/discord/client.py", line 465, in _run_event
    await coro(*args, **kwargs)
  File "/app/asu_discord/cogs/analytics.py", line 652, in on_member_update
    before_timeout = before.timed_out_until
                     ^^^^^^^^^^^^^^^^^^^^^^
AttributeError: 'Member' object has no attribute 'timed_out_until'
Ignoring exception in on_member_update
Traceback (most recent call last):
  File "/usr/local/lib/python3.12/site-packages/discord/client.py", line 465, in _run_event
    await coro(*args, **kwargs)
  File "/app/asu_discord/cogs/analytics.py", line 652, in on_member_update
    before_timeout = before.timed_out_until
                     ^^^^^^^^^^^^^^^^^^^^^^
AttributeError: 'Member' object has no attribute 'timed_out_until'
Ignoring exception in on_member_update
Traceback (most recent call last):
  File "/usr/local/lib/python3.12/site-packages/discord/client.py", line 465, in _run_event
    await coro(*args, **kwargs)
  File "/app/asu_discord/cogs/analytics.py", line 652, in on_member_update
    before_timeout = before.timed_out_until
                     ^^^^^^^^^^^^^^^^^^^^^^
AttributeError: 'Member' object has no attribute 'timed_out_until'
Ignoring exception in on_member_update
Traceback (most recent call last):
  File "/usr/local/lib/python3.12/site-packages/discord/client.py", line 465, in _run_event
    await coro(*args, **kwargs)
  File "/app/asu_discord/cogs/analytics.py", line 652, in on_member_update
    before_timeout = before.timed_out_until
                     ^^^^^^^^^^^^^^^^^^^^^^
AttributeError: 'Member' object has no attribute 'timed_out_until'
Ignoring exception in on_member_update
Traceback (most recent call last):
  File "/usr/local/lib/python3.12/site-packages/discord/client.py", line 465, in _run_event
    await coro(*args, **kwargs)
  File "/app/asu_discord/cogs/analytics.py", line 652, in on_member_update
    before_timeout = before.timed_out_until
                     ^^^^^^^^^^^^^^^^^^^^^^
AttributeError: 'Member' object has no attribute 'timed_out_until'
Ignoring exception in on_member_update
Traceback (most recent call last):
  File "/usr/local/lib/python3.12/site-packages/discord/client.py", line 465, in _run_event
    await coro(*args, **kwargs)
  File "/app/asu_discord/cogs/analytics.py", line 652, in on_member_update
    before_timeout = before.timed_out_until
                     ^^^^^^^^^^^^^^^^^^^^^^
AttributeError: 'Member' object has no attribute 'timed_out_until'
INFO:asu_discord.cogs.verification:Saved 6 roles to database for user rvsuther (Discord ID: 1476362149306699890)
INFO:asu_discord.cogs.verification:Refreshed Salesforce roles for Discord user 1476362149306699890: -4/+6 roles, assigned=[Arizona Resident, College of Liberal Arts and Sciences, Commited, First Generation Student, Tempe, Transfer Student]
Ignoring exception in on_member_update
Traceback (most recent call last):
  File "/usr/local/lib/python3.12/site-packages/discord/client.py", line 465, in _run_event
    await coro(*args, **kwargs)
  File "/app/asu_discord/cogs/analytics.py", line 652, in on_member_update
    before_timeout = before.timed_out_until
                     ^^^^^^^^^^^^^^^^^^^^^^
AttributeError: 'Member' object has no attribute 'timed_out_until'
Ignoring exception in on_member_update
Traceback (most recent call last):
  File "/usr/local/lib/python3.12/site-packages/discord/client.py", line 465, in _run_event
    await coro(*args, **kwargs)
  File "/app/asu_discord/cogs/analytics.py", line 652, in on_member_update
    before_timeout = before.timed_out_until
                     ^^^^^^^^^^^^^^^^^^^^^^
AttributeError: 'Member' object has no attribute 'timed_out_until'
Ignoring exception in on_member_update
Traceback (most recent call last):
  File "/usr/local/lib/python3.12/site-packages/discord/client.py", line 465, in _run_event
    await coro(*args, **kwargs)
  File "/app/asu_discord/cogs/analytics.py", line 652, in on_member_update
    before_timeout = before.timed_out_until
                     ^^^^^^^^^^^^^^^^^^^^^^
AttributeError: 'Member' object has no attribute 'timed_out_until'
Ignoring exception in on_member_update
Traceback (most recent call last):
  File "/usr/local/lib/python3.12/site-packages/discord/client.py", line 465, in _run_event
    await coro(*args, **kwargs)
  File "/app/asu_discord/cogs/analytics.py", line 652, in on_member_update
    before_timeout = before.timed_out_until
                     ^^^^^^^^^^^^^^^^^^^^^^
AttributeError: 'Member' object has no attribute 'timed_out_until'
Ignoring exception in on_member_update
Traceback (most recent call last):
  File "/usr/local/lib/python3.12/site-packages/discord/client.py", line 465, in _run_event
    await coro(*args, **kwargs)
  File "/app/asu_discord/cogs/analytics.py", line 652, in on_member_update
    before_timeout = before.timed_out_until
                     ^^^^^^^^^^^^^^^^^^^^^^
AttributeError: 'Member' object has no attribute 'timed_out_until'
Ignoring exception in on_member_update
Traceback (most recent call last):
  File "/usr/local/lib/python3.12/site-packages/discord/client.py", line 465, in _run_event
    await coro(*args, **kwargs)
  File "/app/asu_discord/cogs/analytics.py", line 652, in on_member_update
    before_timeout = before.timed_out_until
                     ^^^^^^^^^^^^^^^^^^^^^^
AttributeError: 'Member' object has no attribute 'timed_out_until'
Ignoring exception in on_member_update
Traceback (most recent call last):
  File "/usr/local/lib/python3.12/site-packages/discord/client.py", line 465, in _run_event
    await coro(*args, **kwargs)
  File "/app/asu_discord/cogs/analytics.py", line 652, in on_member_update
    before_timeout = before.timed_out_until
                     ^^^^^^^^^^^^^^^^^^^^^^
AttributeError: 'Member' object has no attribute 'timed_out_until'
Ignoring exception in on_member_update
Traceback (most recent call last):
  File "/usr/local/lib/python3.12/site-packages/discord/client.py", line 465, in _run_event
    await coro(*args, **kwargs)
  File "/app/asu_discord/cogs/analytics.py", line 652, in on_member_update
    before_timeout = before.timed_out_until
                     ^^^^^^^^^^^^^^^^^^^^^^
AttributeError: 'Member' object has no attribute 'timed_out_until'
Ignoring exception in on_member_update
Traceback (most recent call last):
  File "/usr/local/lib/python3.12/site-packages/discord/client.py", line 465, in _run_event
    await coro(*args, **kwargs)
  File "/app/asu_discord/cogs/analytics.py", line 652, in on_member_update
    before_timeout = before.timed_out_until
                     ^^^^^^^^^^^^^^^^^^^^^^
AttributeError: 'Member' object has no attribute 'timed_out_until'
Ignoring exception in on_member_update
Traceback (most recent call last):
  File "/usr/local/lib/python3.12/site-packages/discord/client.py", line 465, in _run_event
    await coro(*args, **kwargs)
  File "/app/asu_discord/cogs/analytics.py", line 652, in on_member_update
    before_timeout = before.timed_out_until
                     ^^^^^^^^^^^^^^^^^^^^^^
AttributeError: 'Member' object has no attribute 'timed_out_until'
INFO:asu_discord.cogs.verification:Saved 5 roles to database for user anlewi29 (Discord ID: 685306113553465367)
INFO:asu_discord.cogs.verification:Refreshed Salesforce roles for Discord user 685306113553465367: -5/+5 roles, assigned=[College of Liberal Arts and Sciences, Commited, First Year, Out of State, Tempe]
ERROR:cron.jobs:refresh_salesforce_roles: failed for davidwu2 (Discord ID 197766510847066124): Failed to refresh Salesforce-based roles: Discord user 197766510847066124 is not a member of the guild
Ignoring exception in on_member_update
Traceback (most recent call last):
  File "/usr/local/lib/python3.12/site-packages/discord/client.py", line 465, in _run_event
    await coro(*args, **kwargs)
  File "/app/asu_discord/cogs/analytics.py", line 652, in on_member_update
    before_timeout = before.timed_out_until
                     ^^^^^^^^^^^^^^^^^^^^^^
AttributeError: 'Member' object has no attribute 'timed_out_until'
Ignoring exception in on_member_update
Traceback (most recent call last):
  File "/usr/local/lib/python3.12/site-packages/discord/client.py", line 465, in _run_event
    await coro(*args, **kwargs)
  File "/app/asu_discord/cogs/analytics.py", line 652, in on_member_update
    before_timeout = before.timed_out_until
                     ^^^^^^^^^^^^^^^^^^^^^^
AttributeError: 'Member' object has no attribute 'timed_out_until'
Ignoring exception in on_member_update
Traceback (most recent call last):
  File "/usr/local/lib/python3.12/site-packages/discord/client.py", line 465, in _run_event
    await coro(*args, **kwargs)
  File "/app/asu_discord/cogs/analytics.py", line 652, in on_member_update
    before_timeout = before.timed_out_until
                     ^^^^^^^^^^^^^^^^^^^^^^
AttributeError: 'Member' object has no attribute 'timed_out_until'
Ignoring exception in on_member_update
Traceback (most recent call last):
  File "/usr/local/lib/python3.12/site-packages/discord/client.py", line 465, in _run_event
    await coro(*args, **kwargs)
  File "/app/asu_discord/cogs/analytics.py", line 652, in on_member_update
    before_timeout = before.timed_out_until
                     ^^^^^^^^^^^^^^^^^^^^^^
AttributeError: 'Member' object has no attribute 'timed_out_until'
Ignoring exception in on_member_update
Traceback (most recent call last):
  File "/usr/local/lib/python3.12/site-packages/discord/client.py", line 465, in _run_event
    await coro(*args, **kwargs)
  File "/app/asu_discord/cogs/analytics.py", line 652, in on_member_update
    before_timeout = before.timed_out_until
                     ^^^^^^^^^^^^^^^^^^^^^^
AttributeError: 'Member' object has no attribute 'timed_out_until'
Ignoring exception in on_member_update
Traceback (most recent call last):
  File "/usr/local/lib/python3.12/site-packages/discord/client.py", line 465, in _run_event
    await coro(*args, **kwargs)
  File "/app/asu_discord/cogs/analytics.py", line 652, in on_member_update
    before_timeout = before.timed_out_until
                     ^^^^^^^^^^^^^^^^^^^^^^
AttributeError: 'Member' object has no attribute 'timed_out_until'
Ignoring exception in on_member_update
Traceback (most recent call last):
  File "/usr/local/lib/python3.12/site-packages/discord/client.py", line 465, in _run_event
    await coro(*args, **kwargs)
  File "/app/asu_discord/cogs/analytics.py", line 652, in on_member_update
    before_timeout = before.timed_out_until
                     ^^^^^^^^^^^^^^^^^^^^^^
AttributeError: 'Member' object has no attribute 'timed_out_until'
Ignoring exception in on_member_update
Traceback (most recent call last):
  File "/usr/local/lib/python3.12/site-packages/discord/client.py", line 465, in _run_event
    await coro(*args, **kwargs)
  File "/app/asu_discord/cogs/analytics.py", line 652, in on_member_update
    before_timeout = before.timed_out_until
                     ^^^^^^^^^^^^^^^^^^^^^^
AttributeError: 'Member' object has no attribute 'timed_out_until'
Ignoring exception in on_member_update
Traceback (most recent call last):
  File "/usr/local/lib/python3.12/site-packages/discord/client.py", line 465, in _run_event
    await coro(*args, **kwargs)
  File "/app/asu_discord/cogs/analytics.py", line 652, in on_member_update
    before_timeout = before.timed_out_until
                     ^^^^^^^^^^^^^^^^^^^^^^
AttributeError: 'Member' object has no attribute 'timed_out_until'
Ignoring exception in on_member_update
Traceback (most recent call last):
  File "/usr/local/lib/python3.12/site-packages/discord/client.py", line 465, in _run_event
    await coro(*args, **kwargs)
  File "/app/asu_discord/cogs/analytics.py", line 652, in on_member_update
    before_timeout = before.timed_out_until
                     ^^^^^^^^^^^^^^^^^^^^^^
AttributeError: 'Member' object has no attribute 'timed_out_until'
INFO:asu_discord.cogs.verification:Saved 5 roles to database for user bbukshti (Discord ID: 368198861866401792)
INFO:asu_discord.cogs.verification:Refreshed Salesforce roles for Discord user 368198861866401792: -5/+5 roles, assigned=[College of Integrative Sciences and Arts, Commited, Out of State, Transfer Student, West Valley]
Ignoring exception in on_member_update
Traceback (most recent call last):
  File "/usr/local/lib/python3.12/site-packages/discord/client.py", line 465, in _run_event
    await coro(*args, **kwargs)
  File "/app/asu_discord/cogs/analytics.py", line 652, in on_member_update
    before_timeout = before.timed_out_until
                     ^^^^^^^^^^^^^^^^^^^^^^
AttributeError: 'Member' object has no attribute 'timed_out_until'
Ignoring exception in on_member_update
Traceback (most recent call last):
  File "/usr/local/lib/python3.12/site-packages/discord/client.py", line 465, in _run_event
    await coro(*args, **kwargs)
  File "/app/asu_discord/cogs/analytics.py", line 652, in on_member_update
    before_timeout = before.timed_out_until
                     ^^^^^^^^^^^^^^^^^^^^^^
AttributeError: 'Member' object has no attribute 'timed_out_until'
Ignoring exception in on_member_update
Traceback (most recent call last):
  File "/usr/local/lib/python3.12/site-packages/discord/client.py", line 465, in _run_event
    await coro(*args, **kwargs)
  File "/app/asu_discord/cogs/analytics.py", line 652, in on_member_update
    before_timeout = before.timed_out_until
                     ^^^^^^^^^^^^^^^^^^^^^^
AttributeError: 'Member' object has no attribute 'timed_out_until'
Ignoring exception in on_member_update
Traceback (most recent call last):
  File "/usr/local/lib/python3.12/site-packages/discord/client.py", line 465, in _run_event
    await coro(*args, **kwargs)
  File "/app/asu_discord/cogs/analytics.py", line 652, in on_member_update
    before_timeout = before.timed_out_until
                     ^^^^^^^^^^^^^^^^^^^^^^
AttributeError: 'Member' object has no attribute 'timed_out_until'
Ignoring exception in on_member_update
Traceback (most recent call last):
  File "/usr/local/lib/python3.12/site-packages/discord/client.py", line 465, in _run_event
    await coro(*args, **kwargs)
  File "/app/asu_discord/cogs/analytics.py", line 652, in on_member_update
    before_timeout = before.timed_out_until
                     ^^^^^^^^^^^^^^^^^^^^^^
AttributeError: 'Member' object has no attribute 'timed_out_until'
Ignoring exception in on_member_update
Traceback (most recent call last):
  File "/usr/local/lib/python3.12/site-packages/discord/client.py", line 465, in _run_event
    await coro(*args, **kwargs)
  File "/app/asu_discord/cogs/analytics.py", line 652, in on_member_update
    before_timeout = before.timed_out_until
                     ^^^^^^^^^^^^^^^^^^^^^^
AttributeError: 'Member' object has no attribute 'timed_out_until'
Ignoring exception in on_member_update
Traceback (most recent call last):
  File "/usr/local/lib/python3.12/site-packages/discord/client.py", line 465, in _run_event
    await coro(*args, **kwargs)
  File "/app/asu_discord/cogs/analytics.py", line 652, in on_member_update
    before_timeout = before.timed_out_until
                     ^^^^^^^^^^^^^^^^^^^^^^
AttributeError: 'Member' object has no attribute 'timed_out_until'
Ignoring exception in on_member_update
Traceback (most recent call last):
  File "/usr/local/lib/python3.12/site-packages/discord/client.py", line 465, in _run_event
    await coro(*args, **kwargs)
  File "/app/asu_discord/cogs/analytics.py", line 652, in on_member_update
    before_timeout = before.timed_out_until
                     ^^^^^^^^^^^^^^^^^^^^^^
AttributeError: 'Member' object has no attribute 'timed_out_until'
Ignoring exception in on_member_update
Traceback (most recent call last):
  File "/usr/local/lib/python3.12/site-packages/discord/client.py", line 465, in _run_event
    await coro(*args, **kwargs)
  File "/app/asu_discord/cogs/analytics.py", line 652, in on_member_update
    before_timeout = before.timed_out_until
                     ^^^^^^^^^^^^^^^^^^^^^^
AttributeError: 'Member' object has no attribute 'timed_out_until'
Ignoring exception in on_member_update
Traceback (most recent call last):
  File "/usr/local/lib/python3.12/site-packages/discord/client.py", line 465, in _run_event
    await coro(*args, **kwargs)
  File "/app/asu_discord/cogs/analytics.py", line 652, in on_member_update
    before_timeout = before.timed_out_until
                     ^^^^^^^^^^^^^^^^^^^^^^
AttributeError: 'Member' object has no attribute 'timed_out_until'
INFO:asu_discord.cogs.verification:Saved 5 roles to database for user efrank21 (Discord ID: 716318751145984000)
INFO:asu_discord.cogs.verification:Refreshed Salesforce roles for Discord user 716318751145984000: -5/+5 roles, assigned=[College of Liberal Arts and Sciences, Commited, First Year, Out of State, Polytechnic]
ERROR:cron.jobs:refresh_salesforce_roles: failed for dopalka (Discord ID 430898830498725888): Failed to refresh Salesforce-based roles: Discord user 430898830498725888 is not a member of the guild
ERROR:cron.jobs:refresh_salesforce_roles: failed for sdeshm47 (Discord ID 375243199813386240): Failed to refresh Salesforce-based roles: Discord user 375243199813386240 is not a member of the guild
ERROR:cron.jobs:refresh_salesforce_roles: failed for cclar155 (Discord ID 769438965530361907): Failed to refresh Salesforce-based roles: Discord user 769438965530361907 is not a member of the guild
INFO:asu_discord.cogs.verification:Refreshed Salesforce roles for Discord user 375341420162187265: -0/+0 roles, assigned=[none]
Ignoring exception in on_member_update
Traceback (most recent call last):
  File "/usr/local/lib/python3.12/site-packages/discord/client.py", line 465, in _run_event
    await coro(*args, **kwargs)
  File "/app/asu_discord/cogs/analytics.py", line 652, in on_member_update
    before_timeout = before.timed_out_until
                     ^^^^^^^^^^^^^^^^^^^^^^
AttributeError: 'Member' object has no attribute 'timed_out_until'
Ignoring exception in on_member_update
Traceback (most recent call last):
  File "/usr/local/lib/python3.12/site-packages/discord/client.py", line 465, in _run_event
    await coro(*args, **kwargs)
  File "/app/asu_discord/cogs/analytics.py", line 652, in on_member_update
    before_timeout = before.timed_out_until
                     ^^^^^^^^^^^^^^^^^^^^^^
AttributeError: 'Member' object has no attribute 'timed_out_until'
Ignoring exception in on_member_update
Traceback (most recent call last):
  File "/usr/local/lib/python3.12/site-packages/discord/client.py", line 465, in _run_event
    await coro(*args, **kwargs)
  File "/app/asu_discord/cogs/analytics.py", line 652, in on_member_update
    before_timeout = before.timed_out_until
                     ^^^^^^^^^^^^^^^^^^^^^^
AttributeError: 'Member' object has no attribute 'timed_out_until'
Ignoring exception in on_member_update
Traceback (most recent call last):
  File "/usr/local/lib/python3.12/site-packages/discord/client.py", line 465, in _run_event
    await coro(*args, **kwargs)
  File "/app/asu_discord/cogs/analytics.py", line 652, in on_member_update
    before_timeout = before.timed_out_until
                     ^^^^^^^^^^^^^^^^^^^^^^
AttributeError: 'Member' object has no attribute 'timed_out_until'
Ignoring exception in on_member_update
Traceback (most recent call last):
  File "/usr/local/lib/python3.12/site-packages/discord/client.py", line 465, in _run_event
    await coro(*args, **kwargs)
  File "/app/asu_discord/cogs/analytics.py", line 652, in on_member_update
    before_timeout = before.timed_out_until
                     ^^^^^^^^^^^^^^^^^^^^^^
AttributeError: 'Member' object has no attribute 'timed_out_until'
Ignoring exception in on_member_update
Traceback (most recent call last):
  File "/usr/local/lib/python3.12/site-packages/discord/client.py", line 465, in _run_event
    await coro(*args, **kwargs)
  File "/app/asu_discord/cogs/analytics.py", line 652, in on_member_update
    before_timeout = before.timed_out_until
                     ^^^^^^^^^^^^^^^^^^^^^^
AttributeError: 'Member' object has no attribute 'timed_out_until'
Ignoring exception in on_member_update
Traceback (most recent call last):
  File "/usr/local/lib/python3.12/site-packages/discord/client.py", line 465, in _run_event
    await coro(*args, **kwargs)
  File "/app/asu_discord/cogs/analytics.py", line 652, in on_member_update
    before_timeout = before.timed_out_until
                     ^^^^^^^^^^^^^^^^^^^^^^
AttributeError: 'Member' object has no attribute 'timed_out_until'
Ignoring exception in on_member_update
Traceback (most recent call last):
  File "/usr/local/lib/python3.12/site-packages/discord/client.py", line 465, in _run_event
    await coro(*args, **kwargs)
  File "/app/asu_discord/cogs/analytics.py", line 652, in on_member_update
    before_timeout = before.timed_out_until
                     ^^^^^^^^^^^^^^^^^^^^^^
AttributeError: 'Member' object has no attribute 'timed_out_until'
Ignoring exception in on_member_update
Traceback (most recent call last):
  File "/usr/local/lib/python3.12/site-packages/discord/client.py", line 465, in _run_event
    await coro(*args, **kwargs)
  File "/app/asu_discord/cogs/analytics.py", line 652, in on_member_update
    before_timeout = before.timed_out_until
                     ^^^^^^^^^^^^^^^^^^^^^^
AttributeError: 'Member' object has no attribute 'timed_out_until'
Ignoring exception in on_member_update
Traceback (most recent call last):
  File "/usr/local/lib/python3.12/site-packages/discord/client.py", line 465, in _run_event
    await coro(*args, **kwargs)
  File "/app/asu_discord/cogs/analytics.py", line 652, in on_member_update
    before_timeout = before.timed_out_until
                     ^^^^^^^^^^^^^^^^^^^^^^
AttributeError: 'Member' object has no attribute 'timed_out_until'
INFO:asu_discord.cogs.verification:Saved 5 roles to database for user taegyeol (Discord ID: 1459341385768632371)
INFO:asu_discord.cogs.verification:Refreshed Salesforce roles for Discord user 1459341385768632371: -5/+5 roles, assigned=[Commited, First Year, International Student, Ira A. Fulton Schools of Engineering, Tempe]
Ignoring exception in on_member_update
Traceback (most recent call last):
  File "/usr/local/lib/python3.12/site-packages/discord/client.py", line 465, in _run_event
    await coro(*args, **kwargs)
  File "/app/asu_discord/cogs/analytics.py", line 652, in on_member_update
    before_timeout = before.timed_out_until
                     ^^^^^^^^^^^^^^^^^^^^^^
AttributeError: 'Member' object has no attribute 'timed_out_until'
Ignoring exception in on_member_update
Traceback (most recent call last):
  File "/usr/local/lib/python3.12/site-packages/discord/client.py", line 465, in _run_event
    await coro(*args, **kwargs)
  File "/app/asu_discord/cogs/analytics.py", line 652, in on_member_update
    before_timeout = before.timed_out_until
                     ^^^^^^^^^^^^^^^^^^^^^^
AttributeError: 'Member' object has no attribute 'timed_out_until'
Ignoring exception in on_member_update
Traceback (most recent call last):
  File "/usr/local/lib/python3.12/site-packages/discord/client.py", line 465, in _run_event
    await coro(*args, **kwargs)
  File "/app/asu_discord/cogs/analytics.py", line 652, in on_member_update
    before_timeout = before.timed_out_until
                     ^^^^^^^^^^^^^^^^^^^^^^
AttributeError: 'Member' object has no attribute 'timed_out_until'
Ignoring exception in on_member_update
Traceback (most recent call last):
  File "/usr/local/lib/python3.12/site-packages/discord/client.py", line 465, in _run_event
    await coro(*args, **kwargs)
  File "/app/asu_discord/cogs/analytics.py", line 652, in on_member_update
    before_timeout = before.timed_out_until
                     ^^^^^^^^^^^^^^^^^^^^^^
AttributeError: 'Member' object has no attribute 'timed_out_until'
Ignoring exception in on_member_update
Traceback (most recent call last):
  File "/usr/local/lib/python3.12/site-packages/discord/client.py", line 465, in _run_event
    await coro(*args, **kwargs)
  File "/app/asu_discord/cogs/analytics.py", line 652, in on_member_update
    before_timeout = before.timed_out_until
                     ^^^^^^^^^^^^^^^^^^^^^^
AttributeError: 'Member' object has no attribute 'timed_out_until'
Ignoring exception in on_member_update
Traceback (most recent call last):
  File "/usr/local/lib/python3.12/site-packages/discord/client.py", line 465, in _run_event
    await coro(*args, **kwargs)
  File "/app/asu_discord/cogs/analytics.py", line 652, in on_member_update
    before_timeout = before.timed_out_until
                     ^^^^^^^^^^^^^^^^^^^^^^
AttributeError: 'Member' object has no attribute 'timed_out_until'
Ignoring exception in on_member_update
Traceback (most recent call last):
  File "/usr/local/lib/python3.12/site-packages/discord/client.py", line 465, in _run_event
    await coro(*args, **kwargs)
  File "/app/asu_discord/cogs/analytics.py", line 652, in on_member_update
    before_timeout = before.timed_out_until
                     ^^^^^^^^^^^^^^^^^^^^^^
AttributeError: 'Member' object has no attribute 'timed_out_until'
Ignoring exception in on_member_update
Traceback (most recent call last):
  File "/usr/local/lib/python3.12/site-packages/discord/client.py", line 465, in _run_event
    await coro(*args, **kwargs)
  File "/app/asu_discord/cogs/analytics.py", line 652, in on_member_update
    before_timeout = before.timed_out_until
                     ^^^^^^^^^^^^^^^^^^^^^^
AttributeError: 'Member' object has no attribute 'timed_out_until'
Ignoring exception in on_member_update
Traceback (most recent call last):
  File "/usr/local/lib/python3.12/site-packages/discord/client.py", line 465, in _run_event
    await coro(*args, **kwargs)
  File "/app/asu_discord/cogs/analytics.py", line 652, in on_member_update
    before_timeout = before.timed_out_until
                     ^^^^^^^^^^^^^^^^^^^^^^
AttributeError: 'Member' object has no attribute 'timed_out_until'
Ignoring exception in on_member_update
Traceback (most recent call last):
  File "/usr/local/lib/python3.12/site-packages/discord/client.py", line 465, in _run_event
    await coro(*args, **kwargs)
  File "/app/asu_discord/cogs/analytics.py", line 652, in on_member_update
    before_timeout = before.timed_out_until
                     ^^^^^^^^^^^^^^^^^^^^^^
AttributeError: 'Member' object has no attribute 'timed_out_until'
INFO:asu_discord.cogs.verification:Saved 5 roles to database for user bmsolhe1 (Discord ID: 1473097448959508732)
INFO:asu_discord.cogs.verification:Refreshed Salesforce roles for Discord user 1473097448959508732: -5/+5 roles, assigned=[Commited, First Year, Out of State, Tempe, W.P. Carey School of Business]
ERROR:cron.jobs:refresh_salesforce_roles: failed for lkraynik (Discord ID 793549120660701224): Failed to refresh Salesforce-based roles: Discord user 793549120660701224 is not a member of the guild
Ignoring exception in on_member_update
Traceback (most recent call last):
  File "/usr/local/lib/python3.12/site-packages/discord/client.py", line 465, in _run_event
    await coro(*args, **kwargs)
  File "/app/asu_discord/cogs/analytics.py", line 652, in on_member_update
    before_timeout = before.timed_out_until
                     ^^^^^^^^^^^^^^^^^^^^^^
AttributeError: 'Member' object has no attribute 'timed_out_until'
Ignoring exception in on_member_update
Traceback (most recent call last):
  File "/usr/local/lib/python3.12/site-packages/discord/client.py", line 465, in _run_event
    await coro(*args, **kwargs)
  File "/app/asu_discord/cogs/analytics.py", line 652, in on_member_update
    before_timeout = before.timed_out_until
                     ^^^^^^^^^^^^^^^^^^^^^^
AttributeError: 'Member' object has no attribute 'timed_out_until'
Ignoring exception in on_member_update
Traceback (most recent call last):
  File "/usr/local/lib/python3.12/site-packages/discord/client.py", line 465, in _run_event
    await coro(*args, **kwargs)
  File "/app/asu_discord/cogs/analytics.py", line 652, in on_member_update
    before_timeout = before.timed_out_until
                     ^^^^^^^^^^^^^^^^^^^^^^
AttributeError: 'Member' object has no attribute 'timed_out_until'
Ignoring exception in on_member_update
Traceback (most recent call last):
  File "/usr/local/lib/python3.12/site-packages/discord/client.py", line 465, in _run_event
    await coro(*args, **kwargs)
  File "/app/asu_discord/cogs/analytics.py", line 652, in on_member_update
    before_timeout = before.timed_out_until
                     ^^^^^^^^^^^^^^^^^^^^^^
AttributeError: 'Member' object has no attribute 'timed_out_until'
Ignoring exception in on_member_update
Traceback (most recent call last):
  File "/usr/local/lib/python3.12/site-packages/discord/client.py", line 465, in _run_event
    await coro(*args, **kwargs)
  File "/app/asu_discord/cogs/analytics.py", line 652, in on_member_update
    before_timeout = before.timed_out_until
                     ^^^^^^^^^^^^^^^^^^^^^^
AttributeError: 'Member' object has no attribute 'timed_out_until'
Ignoring exception in on_member_update
Traceback (most recent call last):
  File "/usr/local/lib/python3.12/site-packages/discord/client.py", line 465, in _run_event
    await coro(*args, **kwargs)
  File "/app/asu_discord/cogs/analytics.py", line 652, in on_member_update
    before_timeout = before.timed_out_until
                     ^^^^^^^^^^^^^^^^^^^^^^
AttributeError: 'Member' object has no attribute 'timed_out_until'
Ignoring exception in on_member_update
Traceback (most recent call last):
  File "/usr/local/lib/python3.12/site-packages/discord/client.py", line 465, in _run_event
    await coro(*args, **kwargs)
  File "/app/asu_discord/cogs/analytics.py", line 652, in on_member_update
    before_timeout = before.timed_out_until
                     ^^^^^^^^^^^^^^^^^^^^^^
AttributeError: 'Member' object has no attribute 'timed_out_until'
Ignoring exception in on_member_update
Traceback (most recent call last):
  File "/usr/local/lib/python3.12/site-packages/discord/client.py", line 465, in _run_event
    await coro(*args, **kwargs)
  File "/app/asu_discord/cogs/analytics.py", line 652, in on_member_update
    before_timeout = before.timed_out_until
                     ^^^^^^^^^^^^^^^^^^^^^^
AttributeError: 'Member' object has no attribute 'timed_out_until'
Ignoring exception in on_member_update
Traceback (most recent call last):
  File "/usr/local/lib/python3.12/site-packages/discord/client.py", line 465, in _run_event
    await coro(*args, **kwargs)
  File "/app/asu_discord/cogs/analytics.py", line 652, in on_member_update
    before_timeout = before.timed_out_until
                     ^^^^^^^^^^^^^^^^^^^^^^
AttributeError: 'Member' object has no attribute 'timed_out_until'
INFO:asu_discord.cogs.verification:Saved 5 roles to database for user nonisifo (Discord ID: 773314312549826620)
INFO:asu_discord.cogs.verification:Refreshed Salesforce roles for Discord user 773314312549826620: -4/+5 roles, assigned=[Commited, First Year, Out of State, Tempe, W.P. Carey School of Business]
Ignoring exception in on_member_update
Traceback (most recent call last):
  File "/usr/local/lib/python3.12/site-packages/discord/client.py", line 465, in _run_event
    await coro(*args, **kwargs)
  File "/app/asu_discord/cogs/analytics.py", line 652, in on_member_update
    before_timeout = before.timed_out_until
                     ^^^^^^^^^^^^^^^^^^^^^^
AttributeError: 'Member' object has no attribute 'timed_out_until'
Ignoring exception in on_member_update
Traceback (most recent call last):
  File "/usr/local/lib/python3.12/site-packages/discord/client.py", line 465, in _run_event
    await coro(*args, **kwargs)
  File "/app/asu_discord/cogs/analytics.py", line 652, in on_member_update
    before_timeout = before.timed_out_until
                     ^^^^^^^^^^^^^^^^^^^^^^
AttributeError: 'Member' object has no attribute 'timed_out_until'
Ignoring exception in on_member_update
Traceback (most recent call last):
  File "/usr/local/lib/python3.12/site-packages/discord/client.py", line 465, in _run_event
    await coro(*args, **kwargs)
  File "/app/asu_discord/cogs/analytics.py", line 652, in on_member_update
    before_timeout = before.timed_out_until
                     ^^^^^^^^^^^^^^^^^^^^^^
AttributeError: 'Member' object has no attribute 'timed_out_until'
Ignoring exception in on_member_update
Traceback (most recent call last):
  File "/usr/local/lib/python3.12/site-packages/discord/client.py", line 465, in _run_event
    await coro(*args, **kwargs)
  File "/app/asu_discord/cogs/analytics.py", line 652, in on_member_update
    before_timeout = before.timed_out_until
                     ^^^^^^^^^^^^^^^^^^^^^^
AttributeError: 'Member' object has no attribute 'timed_out_until'
Ignoring exception in on_member_update
Traceback (most recent call last):
  File "/usr/local/lib/python3.12/site-packages/discord/client.py", line 465, in _run_event
    await coro(*args, **kwargs)
  File "/app/asu_discord/cogs/analytics.py", line 652, in on_member_update
    before_timeout = before.timed_out_until
                     ^^^^^^^^^^^^^^^^^^^^^^
AttributeError: 'Member' object has no attribute 'timed_out_until'
Ignoring exception in on_member_update
Traceback (most recent call last):
  File "/usr/local/lib/python3.12/site-packages/discord/client.py", line 465, in _run_event
    await coro(*args, **kwargs)
  File "/app/asu_discord/cogs/analytics.py", line 652, in on_member_update
    before_timeout = before.timed_out_until
                     ^^^^^^^^^^^^^^^^^^^^^^
AttributeError: 'Member' object has no attribute 'timed_out_until'
Ignoring exception in on_member_update
Traceback (most recent call last):
  File "/usr/local/lib/python3.12/site-packages/discord/client.py", line 465, in _run_event
    await coro(*args, **kwargs)
  File "/app/asu_discord/cogs/analytics.py", line 652, in on_member_update
    before_timeout = before.timed_out_until
                     ^^^^^^^^^^^^^^^^^^^^^^
AttributeError: 'Member' object has no attribute 'timed_out_until'
Ignoring exception in on_member_update
Traceback (most recent call last):
  File "/usr/local/lib/python3.12/site-packages/discord/client.py", line 465, in _run_event
    await coro(*args, **kwargs)
  File "/app/asu_discord/cogs/analytics.py", line 652, in on_member_update
    before_timeout = before.timed_out_until
                     ^^^^^^^^^^^^^^^^^^^^^^
AttributeError: 'Member' object has no attribute 'timed_out_until'
Ignoring exception in on_member_update
Traceback (most recent call last):
  File "/usr/local/lib/python3.12/site-packages/discord/client.py", line 465, in _run_event
    await coro(*args, **kwargs)
  File "/app/asu_discord/cogs/analytics.py", line 652, in on_member_update
    before_timeout = before.timed_out_until
                     ^^^^^^^^^^^^^^^^^^^^^^
AttributeError: 'Member' object has no attribute 'timed_out_until'
Ignoring exception in on_member_update
Traceback (most recent call last):
  File "/usr/local/lib/python3.12/site-packages/discord/client.py", line 465, in _run_event
    await coro(*args, **kwargs)
  File "/app/asu_discord/cogs/analytics.py", line 652, in on_member_update
    before_timeout = before.timed_out_until
                     ^^^^^^^^^^^^^^^^^^^^^^
AttributeError: 'Member' object has no attribute 'timed_out_until'
Ignoring exception in on_member_update
Traceback (most recent call last):
  File "/usr/local/lib/python3.12/site-packages/discord/client.py", line 465, in _run_event
    await coro(*args, **kwargs)
  File "/app/asu_discord/cogs/analytics.py", line 652, in on_member_update
    before_timeout = before.timed_out_until
                     ^^^^^^^^^^^^^^^^^^^^^^
AttributeError: 'Member' object has no attribute 'timed_out_until'
ERROR:cron.jobs:refresh_salesforce_roles: failed for phamkieu (Discord ID 652691459665035285): Timed out refresh Salesforce-based roles
Ignoring exception in on_member_update
Traceback (most recent call last):
  File "/usr/local/lib/python3.12/site-packages/discord/client.py", line 465, in _run_event
    await coro(*args, **kwargs)
  File "/app/asu_discord/cogs/analytics.py", line 652, in on_member_update
    before_timeout = before.timed_out_until
                     ^^^^^^^^^^^^^^^^^^^^^^
AttributeError: 'Member' object has no attribute 'timed_out_until'
Ignoring exception in on_member_update
Traceback (most recent call last):
  File "/usr/local/lib/python3.12/site-packages/discord/client.py", line 465, in _run_event
    await coro(*args, **kwargs)
  File "/app/asu_discord/cogs/analytics.py", line 652, in on_member_update
    before_timeout = before.timed_out_until
                     ^^^^^^^^^^^^^^^^^^^^^^
AttributeError: 'Member' object has no attribute 'timed_out_until'
Ignoring exception in on_member_update
Traceback (most recent call last):
  File "/usr/local/lib/python3.12/site-packages/discord/client.py", line 465, in _run_event
    await coro(*args, **kwargs)
  File "/app/asu_discord/cogs/analytics.py", line 652, in on_member_update
    before_timeout = before.timed_out_until
                     ^^^^^^^^^^^^^^^^^^^^^^
AttributeError: 'Member' object has no attribute 'timed_out_until'
Ignoring exception in on_member_update
Traceback (most recent call last):
  File "/usr/local/lib/python3.12/site-packages/discord/client.py", line 465, in _run_event
    await coro(*args, **kwargs)
  File "/app/asu_discord/cogs/analytics.py", line 652, in on_member_update
    before_timeout = before.timed_out_until
                     ^^^^^^^^^^^^^^^^^^^^^^
AttributeError: 'Member' object has no attribute 'timed_out_until'
Ignoring exception in on_member_update
Traceback (most recent call last):
  File "/usr/local/lib/python3.12/site-packages/discord/client.py", line 465, in _run_event
    await coro(*args, **kwargs)
  File "/app/asu_discord/cogs/analytics.py", line 652, in on_member_update
    before_timeout = before.timed_out_until
                     ^^^^^^^^^^^^^^^^^^^^^^
AttributeError: 'Member' object has no attribute 'timed_out_until'
Ignoring exception in on_member_update
Traceback (most recent call last):
  File "/usr/local/lib/python3.12/site-packages/discord/client.py", line 465, in _run_event
    await coro(*args, **kwargs)
  File "/app/asu_discord/cogs/analytics.py", line 652, in on_member_update
    before_timeout = before.timed_out_until
                     ^^^^^^^^^^^^^^^^^^^^^^
AttributeError: 'Member' object has no attribute 'timed_out_until'
Ignoring exception in on_member_update
Traceback (most recent call last):
  File "/usr/local/lib/python3.12/site-packages/discord/client.py", line 465, in _run_event
    await coro(*args, **kwargs)
  File "/app/asu_discord/cogs/analytics.py", line 652, in on_member_update
    before_timeout = before.timed_out_until
                     ^^^^^^^^^^^^^^^^^^^^^^
AttributeError: 'Member' object has no attribute 'timed_out_until'
Ignoring exception in on_member_update
Traceback (most recent call last):
  File "/usr/local/lib/python3.12/site-packages/discord/client.py", line 465, in _run_event
    await coro(*args, **kwargs)
  File "/app/asu_discord/cogs/analytics.py", line 652, in on_member_update
    before_timeout = before.timed_out_until
                     ^^^^^^^^^^^^^^^^^^^^^^
AttributeError: 'Member' object has no attribute 'timed_out_until'
Ignoring exception in on_member_update
Traceback (most recent call last):
  File "/usr/local/lib/python3.12/site-packages/discord/client.py", line 465, in _run_event
    await coro(*args, **kwargs)
  File "/app/asu_discord/cogs/analytics.py", line 652, in on_member_update
    before_timeout = before.timed_out_until
                     ^^^^^^^^^^^^^^^^^^^^^^
AttributeError: 'Member' object has no attribute 'timed_out_until'
Ignoring exception in on_member_update
Traceback (most recent call last):
  File "/usr/local/lib/python3.12/site-packages/discord/client.py", line 465, in _run_event
    await coro(*args, **kwargs)
  File "/app/asu_discord/cogs/analytics.py", line 652, in on_member_update
    before_timeout = before.timed_out_until
                     ^^^^^^^^^^^^^^^^^^^^^^
AttributeError: 'Member' object has no attribute 'timed_out_until'
INFO:asu_discord.cogs.verification:Saved 5 roles to database for user jfjimen3 (Discord ID: 1471651995633975459)
INFO:asu_discord.cogs.verification:Refreshed Salesforce roles for Discord user 1471651995633975459: -5/+5 roles, assigned=[First Generation Student, First Year, Out of State, Tempe, W.P. Carey School of Business]
Ignoring exception in on_member_update
Traceback (most recent call last):
  File "/usr/local/lib/python3.12/site-packages/discord/client.py", line 465, in _run_event
    await coro(*args, **kwargs)
  File "/app/asu_discord/cogs/analytics.py", line 652, in on_member_update
    before_timeout = before.timed_out_until
                     ^^^^^^^^^^^^^^^^^^^^^^
AttributeError: 'Member' object has no attribute 'timed_out_until'
Ignoring exception in on_member_update
Traceback (most recent call last):
  File "/usr/local/lib/python3.12/site-packages/discord/client.py", line 465, in _run_event
    await coro(*args, **kwargs)
  File "/app/asu_discord/cogs/analytics.py", line 652, in on_member_update
    before_timeout = before.timed_out_until
                     ^^^^^^^^^^^^^^^^^^^^^^
AttributeError: 'Member' object has no attribute 'timed_out_until'
Ignoring exception in on_member_update
Traceback (most recent call last):
  File "/usr/local/lib/python3.12/site-packages/discord/client.py", line 465, in _run_event
    await coro(*args, **kwargs)
  File "/app/asu_discord/cogs/analytics.py", line 652, in on_member_update
    before_timeout = before.timed_out_until
                     ^^^^^^^^^^^^^^^^^^^^^^
AttributeError: 'Member' object has no attribute 'timed_out_until'
Ignoring exception in on_member_update
Traceback (most recent call last):
  File "/usr/local/lib/python3.12/site-packages/discord/client.py", line 465, in _run_event
    await coro(*args, **kwargs)
  File "/app/asu_discord/cogs/analytics.py", line 652, in on_member_update
    before_timeout = before.timed_out_until
                     ^^^^^^^^^^^^^^^^^^^^^^
AttributeError: 'Member' object has no attribute 'timed_out_until'
Ignoring exception in on_member_update
Traceback (most recent call last):
  File "/usr/local/lib/python3.12/site-packages/discord/client.py", line 465, in _run_event
    await coro(*args, **kwargs)
  File "/app/asu_discord/cogs/analytics.py", line 652, in on_member_update
    before_timeout = before.timed_out_until
                     ^^^^^^^^^^^^^^^^^^^^^^
AttributeError: 'Member' object has no attribute 'timed_out_until'
Ignoring exception in on_member_update
Traceback (most recent call last):
  File "/usr/local/lib/python3.12/site-packages/discord/client.py", line 465, in _run_event
    await coro(*args, **kwargs)
  File "/app/asu_discord/cogs/analytics.py", line 652, in on_member_update
    before_timeout = before.timed_out_until
                     ^^^^^^^^^^^^^^^^^^^^^^
AttributeError: 'Member' object has no attribute 'timed_out_until'
Ignoring exception in on_member_update
Traceback (most recent call last):
  File "/usr/local/lib/python3.12/site-packages/discord/client.py", line 465, in _run_event
    await coro(*args, **kwargs)
  File "/app/asu_discord/cogs/analytics.py", line 652, in on_member_update
    before_timeout = before.timed_out_until
                     ^^^^^^^^^^^^^^^^^^^^^^
AttributeError: 'Member' object has no attribute 'timed_out_until'
Ignoring exception in on_member_update
Traceback (most recent call last):
  File "/usr/local/lib/python3.12/site-packages/discord/client.py", line 465, in _run_event
    await coro(*args, **kwargs)
  File "/app/asu_discord/cogs/analytics.py", line 652, in on_member_update
    before_timeout = before.timed_out_until
                     ^^^^^^^^^^^^^^^^^^^^^^
AttributeError: 'Member' object has no attribute 'timed_out_until'
Ignoring exception in on_member_update
Traceback (most recent call last):
  File "/usr/local/lib/python3.12/site-packages/discord/client.py", line 465, in _run_event
    await coro(*args, **kwargs)
  File "/app/asu_discord/cogs/analytics.py", line 652, in on_member_update
    before_timeout = before.timed_out_until
                     ^^^^^^^^^^^^^^^^^^^^^^
AttributeError: 'Member' object has no attribute 'timed_out_until'
Ignoring exception in on_member_update
Traceback (most recent call last):
  File "/usr/local/lib/python3.12/site-packages/discord/client.py", line 465, in _run_event
    await coro(*args, **kwargs)
  File "/app/asu_discord/cogs/analytics.py", line 652, in on_member_update
    before_timeout = before.timed_out_until
                     ^^^^^^^^^^^^^^^^^^^^^^
AttributeError: 'Member' object has no attribute 'timed_out_until'
INFO:asu_discord.cogs.verification:Saved 5 roles to database for user mtthom12 (Discord ID: 1340365091433877597)
INFO:asu_discord.cogs.verification:Refreshed Salesforce roles for Discord user 1340365091433877597: -5/+5 roles, assigned=[Arizona Resident, College of Liberal Arts and Sciences, Commited, First Year, Tempe]
Ignoring exception in on_member_update
Traceback (most recent call last):
  File "/usr/local/lib/python3.12/site-packages/discord/client.py", line 465, in _run_event
    await coro(*args, **kwargs)
  File "/app/asu_discord/cogs/analytics.py", line 652, in on_member_update
    before_timeout = before.timed_out_until
                     ^^^^^^^^^^^^^^^^^^^^^^
AttributeError: 'Member' object has no attribute 'timed_out_until'
Ignoring exception in on_member_update
Traceback (most recent call last):
  File "/usr/local/lib/python3.12/site-packages/discord/client.py", line 465, in _run_event
    await coro(*args, **kwargs)
  File "/app/asu_discord/cogs/analytics.py", line 652, in on_member_update
    before_timeout = before.timed_out_until
                     ^^^^^^^^^^^^^^^^^^^^^^
AttributeError: 'Member' object has no attribute 'timed_out_until'
Ignoring exception in on_member_update
Traceback (most recent call last):
  File "/usr/local/lib/python3.12/site-packages/discord/client.py", line 465, in _run_event
    await coro(*args, **kwargs)
  File "/app/asu_discord/cogs/analytics.py", line 652, in on_member_update
    before_timeout = before.timed_out_until
                     ^^^^^^^^^^^^^^^^^^^^^^
AttributeError: 'Member' object has no attribute 'timed_out_until'
Ignoring exception in on_member_update
Traceback (most recent call last):
  File "/usr/local/lib/python3.12/site-packages/discord/client.py", line 465, in _run_event
    await coro(*args, **kwargs)
  File "/app/asu_discord/cogs/analytics.py", line 652, in on_member_update
    before_timeout = before.timed_out_until
                     ^^^^^^^^^^^^^^^^^^^^^^
AttributeError: 'Member' object has no attribute 'timed_out_until'
Ignoring exception in on_member_update
Traceback (most recent call last):
  File "/usr/local/lib/python3.12/site-packages/discord/client.py", line 465, in _run_event
    await coro(*args, **kwargs)
  File "/app/asu_discord/cogs/analytics.py", line 652, in on_member_update
    before_timeout = before.timed_out_until
                     ^^^^^^^^^^^^^^^^^^^^^^
AttributeError: 'Member' object has no attribute 'timed_out_until'
Ignoring exception in on_member_update
Traceback (most recent call last):
  File "/usr/local/lib/python3.12/site-packages/discord/client.py", line 465, in _run_event
    await coro(*args, **kwargs)
  File "/app/asu_discord/cogs/analytics.py", line 652, in on_member_update
    before_timeout = before.timed_out_until
                     ^^^^^^^^^^^^^^^^^^^^^^
AttributeError: 'Member' object has no attribute 'timed_out_until'
Ignoring exception in on_member_update
Traceback (most recent call last):
  File "/usr/local/lib/python3.12/site-packages/discord/client.py", line 465, in _run_event
    await coro(*args, **kwargs)
  File "/app/asu_discord/cogs/analytics.py", line 652, in on_member_update
    before_timeout = before.timed_out_until
                     ^^^^^^^^^^^^^^^^^^^^^^
AttributeError: 'Member' object has no attribute 'timed_out_until'
Ignoring exception in on_member_update
Traceback (most recent call last):
  File "/usr/local/lib/python3.12/site-packages/discord/client.py", line 465, in _run_event
    await coro(*args, **kwargs)
  File "/app/asu_discord/cogs/analytics.py", line 652, in on_member_update
    before_timeout = before.timed_out_until
                     ^^^^^^^^^^^^^^^^^^^^^^
AttributeError: 'Member' object has no attribute 'timed_out_until'
INFO:asu_discord.cogs.verification:Saved 4 roles to database for user sjrive11 (Discord ID: 735657799995883550)
INFO:asu_discord.cogs.verification:Refreshed Salesforce roles for Discord user 735657799995883550: -4/+4 roles, assigned=[Arizona Resident, First Year, Ira A. Fulton Schools of Engineering, Tempe]
Ignoring exception in on_member_update
Traceback (most recent call last):
  File "/usr/local/lib/python3.12/site-packages/discord/client.py", line 465, in _run_event
    await coro(*args, **kwargs)
  File "/app/asu_discord/cogs/analytics.py", line 652, in on_member_update
    before_timeout = before.timed_out_until
                     ^^^^^^^^^^^^^^^^^^^^^^
AttributeError: 'Member' object has no attribute 'timed_out_until'
Ignoring exception in on_member_update
Traceback (most recent call last):
  File "/usr/local/lib/python3.12/site-packages/discord/client.py", line 465, in _run_event
    await coro(*args, **kwargs)
  File "/app/asu_discord/cogs/analytics.py", line 652, in on_member_update
    before_timeout = before.timed_out_until
                     ^^^^^^^^^^^^^^^^^^^^^^
AttributeError: 'Member' object has no attribute 'timed_out_until'
Ignoring exception in on_member_update
Traceback (most recent call last):
  File "/usr/local/lib/python3.12/site-packages/discord/client.py", line 465, in _run_event
    await coro(*args, **kwargs)
  File "/app/asu_discord/cogs/analytics.py", line 652, in on_member_update
    before_timeout = before.timed_out_until
                     ^^^^^^^^^^^^^^^^^^^^^^
AttributeError: 'Member' object has no attribute 'timed_out_until'
Ignoring exception in on_member_update
Traceback (most recent call last):
  File "/usr/local/lib/python3.12/site-packages/discord/client.py", line 465, in _run_event
    await coro(*args, **kwargs)
  File "/app/asu_discord/cogs/analytics.py", line 652, in on_member_update
    before_timeout = before.timed_out_until
                     ^^^^^^^^^^^^^^^^^^^^^^
AttributeError: 'Member' object has no attribute 'timed_out_until'
Ignoring exception in on_member_update
Traceback (most recent call last):
  File "/usr/local/lib/python3.12/site-packages/discord/client.py", line 465, in _run_event
    await coro(*args, **kwargs)
  File "/app/asu_discord/cogs/analytics.py", line 652, in on_member_update
    before_timeout = before.timed_out_until
                     ^^^^^^^^^^^^^^^^^^^^^^
AttributeError: 'Member' object has no attribute 'timed_out_until'
Ignoring exception in on_member_update
Traceback (most recent call last):
  File "/usr/local/lib/python3.12/site-packages/discord/client.py", line 465, in _run_event
    await coro(*args, **kwargs)
  File "/app/asu_discord/cogs/analytics.py", line 652, in on_member_update
    before_timeout = before.timed_out_until
                     ^^^^^^^^^^^^^^^^^^^^^^
AttributeError: 'Member' object has no attribute 'timed_out_until'
Ignoring exception in on_member_update
Traceback (most recent call last):
  File "/usr/local/lib/python3.12/site-packages/discord/client.py", line 465, in _run_event
    await coro(*args, **kwargs)
  File "/app/asu_discord/cogs/analytics.py", line 652, in on_member_update
    before_timeout = before.timed_out_until
                     ^^^^^^^^^^^^^^^^^^^^^^
AttributeError: 'Member' object has no attribute 'timed_out_until'
Ignoring exception in on_member_update
Traceback (most recent call last):
  File "/usr/local/lib/python3.12/site-packages/discord/client.py", line 465, in _run_event
    await coro(*args, **kwargs)
  File "/app/asu_discord/cogs/analytics.py", line 652, in on_member_update
    before_timeout = before.timed_out_until
                     ^^^^^^^^^^^^^^^^^^^^^^
AttributeError: 'Member' object has no attribute 'timed_out_until'
Ignoring exception in on_member_update
Traceback (most recent call last):
  File "/usr/local/lib/python3.12/site-packages/discord/client.py", line 465, in _run_event
    await coro(*args, **kwargs)
  File "/app/asu_discord/cogs/analytics.py", line 652, in on_member_update
    before_timeout = before.timed_out_until
                     ^^^^^^^^^^^^^^^^^^^^^^
AttributeError: 'Member' object has no attribute 'timed_out_until'
INFO:asu_discord.cogs.verification:Saved 5 roles to database for user jmlachap (Discord ID: 796591820523700304)
INFO:asu_discord.cogs.verification:Refreshed Salesforce roles for Discord user 796591820523700304: -5/+4 roles, assigned=[Arizona Resident, College of Liberal Arts and Sciences, Commited, First Year, Polytechnic]
Ignoring exception in on_member_update
Traceback (most recent call last):
  File "/usr/local/lib/python3.12/site-packages/discord/client.py", line 465, in _run_event
    await coro(*args, **kwargs)
  File "/app/asu_discord/cogs/analytics.py", line 652, in on_member_update
    before_timeout = before.timed_out_until
                     ^^^^^^^^^^^^^^^^^^^^^^
AttributeError: 'Member' object has no attribute 'timed_out_until'
Ignoring exception in on_member_update
Traceback (most recent call last):
  File "/usr/local/lib/python3.12/site-packages/discord/client.py", line 465, in _run_event
    await coro(*args, **kwargs)
  File "/app/asu_discord/cogs/analytics.py", line 652, in on_member_update
    before_timeout = before.timed_out_until
                     ^^^^^^^^^^^^^^^^^^^^^^
AttributeError: 'Member' object has no attribute 'timed_out_until'
Ignoring exception in on_member_update
Traceback (most recent call last):
  File "/usr/local/lib/python3.12/site-packages/discord/client.py", line 465, in _run_event
    await coro(*args, **kwargs)
  File "/app/asu_discord/cogs/analytics.py", line 652, in on_member_update
    before_timeout = before.timed_out_until
                     ^^^^^^^^^^^^^^^^^^^^^^
AttributeError: 'Member' object has no attribute 'timed_out_until'
Ignoring exception in on_member_update
Traceback (most recent call last):
  File "/usr/local/lib/python3.12/site-packages/discord/client.py", line 465, in _run_event
    await coro(*args, **kwargs)
  File "/app/asu_discord/cogs/analytics.py", line 652, in on_member_update
    before_timeout = before.timed_out_until
                     ^^^^^^^^^^^^^^^^^^^^^^
AttributeError: 'Member' object has no attribute 'timed_out_until'
Ignoring exception in on_member_update
Traceback (most recent call last):
  File "/usr/local/lib/python3.12/site-packages/discord/client.py", line 465, in _run_event
    await coro(*args, **kwargs)
  File "/app/asu_discord/cogs/analytics.py", line 652, in on_member_update
    before_timeout = before.timed_out_until
                     ^^^^^^^^^^^^^^^^^^^^^^
AttributeError: 'Member' object has no attribute 'timed_out_until'
Ignoring exception in on_member_update
Traceback (most recent call last):
  File "/usr/local/lib/python3.12/site-packages/discord/client.py", line 465, in _run_event
    await coro(*args, **kwargs)
  File "/app/asu_discord/cogs/analytics.py", line 652, in on_member_update
    before_timeout = before.timed_out_until
                     ^^^^^^^^^^^^^^^^^^^^^^
AttributeError: 'Member' object has no attribute 'timed_out_until'
Ignoring exception in on_member_update
Traceback (most recent call last):
  File "/usr/local/lib/python3.12/site-packages/discord/client.py", line 465, in _run_event
    await coro(*args, **kwargs)
  File "/app/asu_discord/cogs/analytics.py", line 652, in on_member_update
    before_timeout = before.timed_out_until
                     ^^^^^^^^^^^^^^^^^^^^^^
AttributeError: 'Member' object has no attribute 'timed_out_until'
Ignoring exception in on_member_update
Traceback (most recent call last):
  File "/usr/local/lib/python3.12/site-packages/discord/client.py", line 465, in _run_event
    await coro(*args, **kwargs)
  File "/app/asu_discord/cogs/analytics.py", line 652, in on_member_update
    before_timeout = before.timed_out_until
                     ^^^^^^^^^^^^^^^^^^^^^^
AttributeError: 'Member' object has no attribute 'timed_out_until'
Ignoring exception in on_member_update
Traceback (most recent call last):
  File "/usr/local/lib/python3.12/site-packages/discord/client.py", line 465, in _run_event
    await coro(*args, **kwargs)
  File "/app/asu_discord/cogs/analytics.py", line 652, in on_member_update
    before_timeout = before.timed_out_until
                     ^^^^^^^^^^^^^^^^^^^^^^
AttributeError: 'Member' object has no attribute 'timed_out_until'
Ignoring exception in on_member_update
Traceback (most recent call last):
  File "/usr/local/lib/python3.12/site-packages/discord/client.py", line 465, in _run_event
    await coro(*args, **kwargs)
  File "/app/asu_discord/cogs/analytics.py", line 652, in on_member_update
    before_timeout = before.timed_out_until
                     ^^^^^^^^^^^^^^^^^^^^^^
AttributeError: 'Member' object has no attribute 'timed_out_until'
Ignoring exception in on_member_update
Traceback (most recent call last):
  File "/usr/local/lib/python3.12/site-packages/discord/client.py", line 465, in _run_event
    await coro(*args, **kwargs)
  File "/app/asu_discord/cogs/analytics.py", line 652, in on_member_update
    before_timeout = before.timed_out_until
                     ^^^^^^^^^^^^^^^^^^^^^^
AttributeError: 'Member' object has no attribute 'timed_out_until'
Ignoring exception in on_member_update
Traceback (most recent call last):
  File "/usr/local/lib/python3.12/site-packages/discord/client.py", line 465, in _run_event
    await coro(*args, **kwargs)
  File "/app/asu_discord/cogs/analytics.py", line 652, in on_member_update
    before_timeout = before.timed_out_until
                     ^^^^^^^^^^^^^^^^^^^^^^
AttributeError: 'Member' object has no attribute 'timed_out_until'
INFO:asu_discord.cogs.verification:Saved 6 roles to database for user vmjacobo (Discord ID: 692508296648851537)
INFO:asu_discord.cogs.verification:Refreshed Salesforce roles for Discord user 692508296648851537: -6/+6 roles, assigned=[Arizona Resident, Commited, First Year, Ira A. Fulton Schools of Engineering, Tempe, Upperclassmen]
Ignoring exception in on_member_update
Traceback (most recent call last):
  File "/usr/local/lib/python3.12/site-packages/discord/client.py", line 465, in _run_event
    await coro(*args, **kwargs)
  File "/app/asu_discord/cogs/analytics.py", line 652, in on_member_update
    before_timeout = before.timed_out_until
                     ^^^^^^^^^^^^^^^^^^^^^^
AttributeError: 'Member' object has no attribute 'timed_out_until'
Ignoring exception in on_member_update
Traceback (most recent call last):
  File "/usr/local/lib/python3.12/site-packages/discord/client.py", line 465, in _run_event
    await coro(*args, **kwargs)
  File "/app/asu_discord/cogs/analytics.py", line 652, in on_member_update
    before_timeout = before.timed_out_until
                     ^^^^^^^^^^^^^^^^^^^^^^
AttributeError: 'Member' object has no attribute 'timed_out_until'
Ignoring exception in on_member_update
Traceback (most recent call last):
  File "/usr/local/lib/python3.12/site-packages/discord/client.py", line 465, in _run_event
    await coro(*args, **kwargs)
  File "/app/asu_discord/cogs/analytics.py", line 652, in on_member_update
    before_timeout = before.timed_out_until
                     ^^^^^^^^^^^^^^^^^^^^^^
AttributeError: 'Member' object has no attribute 'timed_out_until'
Ignoring exception in on_member_update
Traceback (most recent call last):
  File "/usr/local/lib/python3.12/site-packages/discord/client.py", line 465, in _run_event
    await coro(*args, **kwargs)
  File "/app/asu_discord/cogs/analytics.py", line 652, in on_member_update
    before_timeout = before.timed_out_until
                     ^^^^^^^^^^^^^^^^^^^^^^
AttributeError: 'Member' object has no attribute 'timed_out_until'
Ignoring exception in on_member_update
Traceback (most recent call last):
  File "/usr/local/lib/python3.12/site-packages/discord/client.py", line 465, in _run_event
    await coro(*args, **kwargs)
  File "/app/asu_discord/cogs/analytics.py", line 652, in on_member_update
    before_timeout = before.timed_out_until
                     ^^^^^^^^^^^^^^^^^^^^^^
AttributeError: 'Member' object has no attribute 'timed_out_until'
Ignoring exception in on_member_update
Traceback (most recent call last):
  File "/usr/local/lib/python3.12/site-packages/discord/client.py", line 465, in _run_event
    await coro(*args, **kwargs)
  File "/app/asu_discord/cogs/analytics.py", line 652, in on_member_update
    before_timeout = before.timed_out_until
                     ^^^^^^^^^^^^^^^^^^^^^^
AttributeError: 'Member' object has no attribute 'timed_out_until'
Ignoring exception in on_member_update
Traceback (most recent call last):
  File "/usr/local/lib/python3.12/site-packages/discord/client.py", line 465, in _run_event
    await coro(*args, **kwargs)
  File "/app/asu_discord/cogs/analytics.py", line 652, in on_member_update
    before_timeout = before.timed_out_until
                     ^^^^^^^^^^^^^^^^^^^^^^
AttributeError: 'Member' object has no attribute 'timed_out_until'
Ignoring exception in on_member_update
Traceback (most recent call last):
  File "/usr/local/lib/python3.12/site-packages/discord/client.py", line 465, in _run_event
    await coro(*args, **kwargs)
  File "/app/asu_discord/cogs/analytics.py", line 652, in on_member_update
    before_timeout = before.timed_out_until
                     ^^^^^^^^^^^^^^^^^^^^^^
AttributeError: 'Member' object has no attribute 'timed_out_until'
INFO:asu_discord.cogs.verification:Saved 4 roles to database for user aaraul (Discord ID: 1375469068961841356)
INFO:asu_discord.cogs.verification:Refreshed Salesforce roles for Discord user 1375469068961841356: -4/+4 roles, assigned=[First Year, International Student, Ira A. Fulton Schools of Engineering, Tempe]
Ignoring exception in on_member_update
Traceback (most recent call last):
  File "/usr/local/lib/python3.12/site-packages/discord/client.py", line 465, in _run_event
    await coro(*args, **kwargs)
  File "/app/asu_discord/cogs/analytics.py", line 652, in on_member_update
    before_timeout = before.timed_out_until
                     ^^^^^^^^^^^^^^^^^^^^^^
AttributeError: 'Member' object has no attribute 'timed_out_until'
Ignoring exception in on_member_update
Traceback (most recent call last):
  File "/usr/local/lib/python3.12/site-packages/discord/client.py", line 465, in _run_event
    await coro(*args, **kwargs)
  File "/app/asu_discord/cogs/analytics.py", line 652, in on_member_update
    before_timeout = before.timed_out_until
                     ^^^^^^^^^^^^^^^^^^^^^^
AttributeError: 'Member' object has no attribute 'timed_out_until'
Ignoring exception in on_member_update
Traceback (most recent call last):
  File "/usr/local/lib/python3.12/site-packages/discord/client.py", line 465, in _run_event
    await coro(*args, **kwargs)
  File "/app/asu_discord/cogs/analytics.py", line 652, in on_member_update
    before_timeout = before.timed_out_until
                     ^^^^^^^^^^^^^^^^^^^^^^
AttributeError: 'Member' object has no attribute 'timed_out_until'
Ignoring exception in on_member_update
Traceback (most recent call last):
  File "/usr/local/lib/python3.12/site-packages/discord/client.py", line 465, in _run_event
    await coro(*args, **kwargs)
  File "/app/asu_discord/cogs/analytics.py", line 652, in on_member_update
    before_timeout = before.timed_out_until
                     ^^^^^^^^^^^^^^^^^^^^^^
AttributeError: 'Member' object has no attribute 'timed_out_until'
Ignoring exception in on_member_update
Traceback (most recent call last):
  File "/usr/local/lib/python3.12/site-packages/discord/client.py", line 465, in _run_event
    await coro(*args, **kwargs)
  File "/app/asu_discord/cogs/analytics.py", line 652, in on_member_update
    before_timeout = before.timed_out_until
                     ^^^^^^^^^^^^^^^^^^^^^^
AttributeError: 'Member' object has no attribute 'timed_out_until'
Ignoring exception in on_member_update
Traceback (most recent call last):
  File "/usr/local/lib/python3.12/site-packages/discord/client.py", line 465, in _run_event
    await coro(*args, **kwargs)
  File "/app/asu_discord/cogs/analytics.py", line 652, in on_member_update
    before_timeout = before.timed_out_until
                     ^^^^^^^^^^^^^^^^^^^^^^
AttributeError: 'Member' object has no attribute 'timed_out_until'
Ignoring exception in on_member_update
Traceback (most recent call last):
  File "/usr/local/lib/python3.12/site-packages/discord/client.py", line 465, in _run_event
    await coro(*args, **kwargs)
  File "/app/asu_discord/cogs/analytics.py", line 652, in on_member_update
    before_timeout = before.timed_out_until
                     ^^^^^^^^^^^^^^^^^^^^^^
AttributeError: 'Member' object has no attribute 'timed_out_until'
Ignoring exception in on_member_update
Traceback (most recent call last):
  File "/usr/local/lib/python3.12/site-packages/discord/client.py", line 465, in _run_event
    await coro(*args, **kwargs)
  File "/app/asu_discord/cogs/analytics.py", line 652, in on_member_update
    before_timeout = before.timed_out_until
                     ^^^^^^^^^^^^^^^^^^^^^^
AttributeError: 'Member' object has no attribute 'timed_out_until'
INFO:asu_discord.cogs.verification:Saved 4 roles to database for user avhabima (Discord ID: 939990387299332127)
INFO:asu_discord.cogs.verification:Refreshed Salesforce roles for Discord user 939990387299332127: -4/+4 roles, assigned=[Arizona Resident, First Year, Ira A. Fulton Schools of Engineering, Polytechnic]
Ignoring exception in on_member_update
Traceback (most recent call last):
  File "/usr/local/lib/python3.12/site-packages/discord/client.py", line 465, in _run_event
    await coro(*args, **kwargs)
  File "/app/asu_discord/cogs/analytics.py", line 652, in on_member_update
    before_timeout = before.timed_out_until
                     ^^^^^^^^^^^^^^^^^^^^^^
AttributeError: 'Member' object has no attribute 'timed_out_until'
Ignoring exception in on_member_update
Traceback (most recent call last):
  File "/usr/local/lib/python3.12/site-packages/discord/client.py", line 465, in _run_event
    await coro(*args, **kwargs)
  File "/app/asu_discord/cogs/analytics.py", line 652, in on_member_update
    before_timeout = before.timed_out_until
                     ^^^^^^^^^^^^^^^^^^^^^^
AttributeError: 'Member' object has no attribute 'timed_out_until'
Ignoring exception in on_member_update
Traceback (most recent call last):
  File "/usr/local/lib/python3.12/site-packages/discord/client.py", line 465, in _run_event
    await coro(*args, **kwargs)
  File "/app/asu_discord/cogs/analytics.py", line 652, in on_member_update
    before_timeout = before.timed_out_until
                     ^^^^^^^^^^^^^^^^^^^^^^
AttributeError: 'Member' object has no attribute 'timed_out_until'
Ignoring exception in on_member_update
Traceback (most recent call last):
  File "/usr/local/lib/python3.12/site-packages/discord/client.py", line 465, in _run_event
    await coro(*args, **kwargs)
  File "/app/asu_discord/cogs/analytics.py", line 652, in on_member_update
    before_timeout = before.timed_out_until
                     ^^^^^^^^^^^^^^^^^^^^^^
AttributeError: 'Member' object has no attribute 'timed_out_until'
Ignoring exception in on_member_update
Traceback (most recent call last):
  File "/usr/local/lib/python3.12/site-packages/discord/client.py", line 465, in _run_event
    await coro(*args, **kwargs)
  File "/app/asu_discord/cogs/analytics.py", line 652, in on_member_update
    before_timeout = before.timed_out_until
                     ^^^^^^^^^^^^^^^^^^^^^^
AttributeError: 'Member' object has no attribute 'timed_out_until'
Ignoring exception in on_member_update
Traceback (most recent call last):
  File "/usr/local/lib/python3.12/site-packages/discord/client.py", line 465, in _run_event
    await coro(*args, **kwargs)
  File "/app/asu_discord/cogs/analytics.py", line 652, in on_member_update
    before_timeout = before.timed_out_until
                     ^^^^^^^^^^^^^^^^^^^^^^
AttributeError: 'Member' object has no attribute 'timed_out_until'
Ignoring exception in on_member_update
Traceback (most recent call last):
  File "/usr/local/lib/python3.12/site-packages/discord/client.py", line 465, in _run_event
    await coro(*args, **kwargs)
  File "/app/asu_discord/cogs/analytics.py", line 652, in on_member_update
    before_timeout = before.timed_out_until
                     ^^^^^^^^^^^^^^^^^^^^^^
AttributeError: 'Member' object has no attribute 'timed_out_until'
Ignoring exception in on_member_update
Traceback (most recent call last):
  File "/usr/local/lib/python3.12/site-packages/discord/client.py", line 465, in _run_event
    await coro(*args, **kwargs)
  File "/app/asu_discord/cogs/analytics.py", line 652, in on_member_update
    before_timeout = before.timed_out_until
                     ^^^^^^^^^^^^^^^^^^^^^^
AttributeError: 'Member' object has no attribute 'timed_out_until'
Ignoring exception in on_member_update
Traceback (most recent call last):
  File "/usr/local/lib/python3.12/site-packages/discord/client.py", line 465, in _run_event
    await coro(*args, **kwargs)
  File "/app/asu_discord/cogs/analytics.py", line 652, in on_member_update
    before_timeout = before.timed_out_until
                     ^^^^^^^^^^^^^^^^^^^^^^
AttributeError: 'Member' object has no attribute 'timed_out_until'
Ignoring exception in on_member_update
Traceback (most recent call last):
  File "/usr/local/lib/python3.12/site-packages/discord/client.py", line 465, in _run_event
    await coro(*args, **kwargs)
  File "/app/asu_discord/cogs/analytics.py", line 652, in on_member_update
    before_timeout = before.timed_out_until
                     ^^^^^^^^^^^^^^^^^^^^^^
AttributeError: 'Member' object has no attribute 'timed_out_until'
INFO:asu_discord.cogs.verification:Saved 5 roles to database for user junzingl (Discord ID: 270089766182191104)
INFO:asu_discord.cogs.verification:Refreshed Salesforce roles for Discord user 270089766182191104: -5/+5 roles, assigned=[Commited, Graduate Student, International Student, Ira A. Fulton Schools of Engineering, Polytechnic]
Ignoring exception in on_member_update
Traceback (most recent call last):
  File "/usr/local/lib/python3.12/site-packages/discord/client.py", line 465, in _run_event
    await coro(*args, **kwargs)
  File "/app/asu_discord/cogs/analytics.py", line 652, in on_member_update
    before_timeout = before.timed_out_until
                     ^^^^^^^^^^^^^^^^^^^^^^
AttributeError: 'Member' object has no attribute 'timed_out_until'
Ignoring exception in on_member_update
Traceback (most recent call last):
  File "/usr/local/lib/python3.12/site-packages/discord/client.py", line 465, in _run_event
    await coro(*args, **kwargs)
  File "/app/asu_discord/cogs/analytics.py", line 652, in on_member_update
    before_timeout = before.timed_out_until
                     ^^^^^^^^^^^^^^^^^^^^^^
AttributeError: 'Member' object has no attribute 'timed_out_until'
Ignoring exception in on_member_update
Traceback (most recent call last):
  File "/usr/local/lib/python3.12/site-packages/discord/client.py", line 465, in _run_event
    await coro(*args, **kwargs)
  File "/app/asu_discord/cogs/analytics.py", line 652, in on_member_update
    before_timeout = before.timed_out_until
                     ^^^^^^^^^^^^^^^^^^^^^^
AttributeError: 'Member' object has no attribute 'timed_out_until'
Ignoring exception in on_member_update
Traceback (most recent call last):
  File "/usr/local/lib/python3.12/site-packages/discord/client.py", line 465, in _run_event
    await coro(*args, **kwargs)
  File "/app/asu_discord/cogs/analytics.py", line 652, in on_member_update
    before_timeout = before.timed_out_until
                     ^^^^^^^^^^^^^^^^^^^^^^
AttributeError: 'Member' object has no attribute 'timed_out_until'
Ignoring exception in on_member_update
Traceback (most recent call last):
  File "/usr/local/lib/python3.12/site-packages/discord/client.py", line 465, in _run_event
    await coro(*args, **kwargs)
  File "/app/asu_discord/cogs/analytics.py", line 652, in on_member_update
    before_timeout = before.timed_out_until
                     ^^^^^^^^^^^^^^^^^^^^^^
AttributeError: 'Member' object has no attribute 'timed_out_until'
Ignoring exception in on_member_update
Traceback (most recent call last):
  File "/usr/local/lib/python3.12/site-packages/discord/client.py", line 465, in _run_event
    await coro(*args, **kwargs)
  File "/app/asu_discord/cogs/analytics.py", line 652, in on_member_update
    before_timeout = before.timed_out_until
                     ^^^^^^^^^^^^^^^^^^^^^^
AttributeError: 'Member' object has no attribute 'timed_out_until'
Ignoring exception in on_member_update
Traceback (most recent call last):
  File "/usr/local/lib/python3.12/site-packages/discord/client.py", line 465, in _run_event
    await coro(*args, **kwargs)
  File "/app/asu_discord/cogs/analytics.py", line 652, in on_member_update
    before_timeout = before.timed_out_until
                     ^^^^^^^^^^^^^^^^^^^^^^
AttributeError: 'Member' object has no attribute 'timed_out_until'
Ignoring exception in on_member_update
Traceback (most recent call last):
  File "/usr/local/lib/python3.12/site-packages/discord/client.py", line 465, in _run_event
    await coro(*args, **kwargs)
  File "/app/asu_discord/cogs/analytics.py", line 652, in on_member_update
    before_timeout = before.timed_out_until
                     ^^^^^^^^^^^^^^^^^^^^^^
AttributeError: 'Member' object has no attribute 'timed_out_until'
INFO:asu_discord.cogs.verification:Saved 4 roles to database for user brthom14 (Discord ID: 1189364805824430090)
INFO:asu_discord.cogs.verification:Refreshed Salesforce roles for Discord user 1189364805824430090: -4/+4 roles, assigned=[Graduate Student, New College of Interdisciplinary Arts and Sciences, Online, Out of State]
Ignoring exception in on_member_update
Traceback (most recent call last):
  File "/usr/local/lib/python3.12/site-packages/discord/client.py", line 465, in _run_event
    await coro(*args, **kwargs)
  File "/app/asu_discord/cogs/analytics.py", line 652, in on_member_update
    before_timeout = before.timed_out_until
                     ^^^^^^^^^^^^^^^^^^^^^^
AttributeError: 'Member' object has no attribute 'timed_out_until'
Ignoring exception in on_member_update
Traceback (most recent call last):
  File "/usr/local/lib/python3.12/site-packages/discord/client.py", line 465, in _run_event
    await coro(*args, **kwargs)
  File "/app/asu_discord/cogs/analytics.py", line 652, in on_member_update
    before_timeout = before.timed_out_until
                     ^^^^^^^^^^^^^^^^^^^^^^
AttributeError: 'Member' object has no attribute 'timed_out_until'
Ignoring exception in on_member_update
Traceback (most recent call last):
  File "/usr/local/lib/python3.12/site-packages/discord/client.py", line 465, in _run_event
    await coro(*args, **kwargs)
  File "/app/asu_discord/cogs/analytics.py", line 652, in on_member_update
    before_timeout = before.timed_out_until
                     ^^^^^^^^^^^^^^^^^^^^^^
AttributeError: 'Member' object has no attribute 'timed_out_until'
Ignoring exception in on_member_update
Traceback (most recent call last):
  File "/usr/local/lib/python3.12/site-packages/discord/client.py", line 465, in _run_event
    await coro(*args, **kwargs)
  File "/app/asu_discord/cogs/analytics.py", line 652, in on_member_update
    before_timeout = before.timed_out_until
                     ^^^^^^^^^^^^^^^^^^^^^^
AttributeError: 'Member' object has no attribute 'timed_out_until'
Ignoring exception in on_member_update
Traceback (most recent call last):
  File "/usr/local/lib/python3.12/site-packages/discord/client.py", line 465, in _run_event
    await coro(*args, **kwargs)
  File "/app/asu_discord/cogs/analytics.py", line 652, in on_member_update
    before_timeout = before.timed_out_until
                     ^^^^^^^^^^^^^^^^^^^^^^
AttributeError: 'Member' object has no attribute 'timed_out_until'
Ignoring exception in on_member_update
Traceback (most recent call last):
  File "/usr/local/lib/python3.12/site-packages/discord/client.py", line 465, in _run_event
    await coro(*args, **kwargs)
  File "/app/asu_discord/cogs/analytics.py", line 652, in on_member_update
    before_timeout = before.timed_out_until
                     ^^^^^^^^^^^^^^^^^^^^^^
AttributeError: 'Member' object has no attribute 'timed_out_until'
Ignoring exception in on_member_update
Traceback (most recent call last):
  File "/usr/local/lib/python3.12/site-packages/discord/client.py", line 465, in _run_event
    await coro(*args, **kwargs)
  File "/app/asu_discord/cogs/analytics.py", line 652, in on_member_update
    before_timeout = before.timed_out_until
                     ^^^^^^^^^^^^^^^^^^^^^^
AttributeError: 'Member' object has no attribute 'timed_out_until'
Ignoring exception in on_member_update
Traceback (most recent call last):
  File "/usr/local/lib/python3.12/site-packages/discord/client.py", line 465, in _run_event
    await coro(*args, **kwargs)
  File "/app/asu_discord/cogs/analytics.py", line 652, in on_member_update
    before_timeout = before.timed_out_until
                     ^^^^^^^^^^^^^^^^^^^^^^
AttributeError: 'Member' object has no attribute 'timed_out_until'
Ignoring exception in on_member_update
Traceback (most recent call last):
  File "/usr/local/lib/python3.12/site-packages/discord/client.py", line 465, in _run_event
    await coro(*args, **kwargs)
  File "/app/asu_discord/cogs/analytics.py", line 652, in on_member_update
    before_timeout = before.timed_out_until
                     ^^^^^^^^^^^^^^^^^^^^^^
AttributeError: 'Member' object has no attribute 'timed_out_until'
INFO:asu_discord.cogs.verification:Saved 5 roles to database for user dkriver3 (Discord ID: 292869746976882690)
INFO:asu_discord.cogs.verification:Refreshed Salesforce roles for Discord user 292869746976882690: -5/+4 roles, assigned=[College of Liberal Arts and Sciences, Commited, Out of State, Tempe, Transfer Student]
Ignoring exception in on_member_update
Traceback (most recent call last):
  File "/usr/local/lib/python3.12/site-packages/discord/client.py", line 465, in _run_event
    await coro(*args, **kwargs)
  File "/app/asu_discord/cogs/analytics.py", line 652, in on_member_update
    before_timeout = before.timed_out_until
                     ^^^^^^^^^^^^^^^^^^^^^^
AttributeError: 'Member' object has no attribute 'timed_out_until'
Ignoring exception in on_member_update
Traceback (most recent call last):
  File "/usr/local/lib/python3.12/site-packages/discord/client.py", line 465, in _run_event
    await coro(*args, **kwargs)
  File "/app/asu_discord/cogs/analytics.py", line 652, in on_member_update
    before_timeout = before.timed_out_until
                     ^^^^^^^^^^^^^^^^^^^^^^
AttributeError: 'Member' object has no attribute 'timed_out_until'
Ignoring exception in on_member_update
Traceback (most recent call last):
  File "/usr/local/lib/python3.12/site-packages/discord/client.py", line 465, in _run_event
    await coro(*args, **kwargs)
  File "/app/asu_discord/cogs/analytics.py", line 652, in on_member_update
    before_timeout = before.timed_out_until
                     ^^^^^^^^^^^^^^^^^^^^^^
AttributeError: 'Member' object has no attribute 'timed_out_until'
Ignoring exception in on_member_update
Traceback (most recent call last):
  File "/usr/local/lib/python3.12/site-packages/discord/client.py", line 465, in _run_event
    await coro(*args, **kwargs)
  File "/app/asu_discord/cogs/analytics.py", line 652, in on_member_update
    before_timeout = before.timed_out_until
                     ^^^^^^^^^^^^^^^^^^^^^^
AttributeError: 'Member' object has no attribute 'timed_out_until'
Ignoring exception in on_member_update
Traceback (most recent call last):
  File "/usr/local/lib/python3.12/site-packages/discord/client.py", line 465, in _run_event
    await coro(*args, **kwargs)
  File "/app/asu_discord/cogs/analytics.py", line 652, in on_member_update
    before_timeout = before.timed_out_until
                     ^^^^^^^^^^^^^^^^^^^^^^
AttributeError: 'Member' object has no attribute 'timed_out_until'
Ignoring exception in on_member_update
Traceback (most recent call last):
  File "/usr/local/lib/python3.12/site-packages/discord/client.py", line 465, in _run_event
    await coro(*args, **kwargs)
  File "/app/asu_discord/cogs/analytics.py", line 652, in on_member_update
    before_timeout = before.timed_out_until
                     ^^^^^^^^^^^^^^^^^^^^^^
AttributeError: 'Member' object has no attribute 'timed_out_until'
Ignoring exception in on_member_update
Traceback (most recent call last):
  File "/usr/local/lib/python3.12/site-packages/discord/client.py", line 465, in _run_event
    await coro(*args, **kwargs)
  File "/app/asu_discord/cogs/analytics.py", line 652, in on_member_update
    before_timeout = before.timed_out_until
                     ^^^^^^^^^^^^^^^^^^^^^^
AttributeError: 'Member' object has no attribute 'timed_out_until'
Ignoring exception in on_member_update
Traceback (most recent call last):
  File "/usr/local/lib/python3.12/site-packages/discord/client.py", line 465, in _run_event
    await coro(*args, **kwargs)
  File "/app/asu_discord/cogs/analytics.py", line 652, in on_member_update
    before_timeout = before.timed_out_until
                     ^^^^^^^^^^^^^^^^^^^^^^
AttributeError: 'Member' object has no attribute 'timed_out_until'
Ignoring exception in on_member_update
Traceback (most recent call last):
  File "/usr/local/lib/python3.12/site-packages/discord/client.py", line 465, in _run_event
    await coro(*args, **kwargs)
  File "/app/asu_discord/cogs/analytics.py", line 652, in on_member_update
    before_timeout = before.timed_out_until
                     ^^^^^^^^^^^^^^^^^^^^^^
AttributeError: 'Member' object has no attribute 'timed_out_until'
Ignoring exception in on_member_update
Traceback (most recent call last):
  File "/usr/local/lib/python3.12/site-packages/discord/client.py", line 465, in _run_event
    await coro(*args, **kwargs)
  File "/app/asu_discord/cogs/analytics.py", line 652, in on_member_update
    before_timeout = before.timed_out_until
                     ^^^^^^^^^^^^^^^^^^^^^^
AttributeError: 'Member' object has no attribute 'timed_out_until'
Ignoring exception in on_member_update
Traceback (most recent call last):
  File "/usr/local/lib/python3.12/site-packages/discord/client.py", line 465, in _run_event
    await coro(*args, **kwargs)
  File "/app/asu_discord/cogs/analytics.py", line 652, in on_member_update
    before_timeout = before.timed_out_until
                     ^^^^^^^^^^^^^^^^^^^^^^
AttributeError: 'Member' object has no attribute 'timed_out_until'
ERROR:cron.jobs:refresh_salesforce_roles: failed for bslesh (Discord ID 1405622798310707291): Timed out refresh Salesforce-based roles
Ignoring exception in on_member_update
Traceback (most recent call last):
  File "/usr/local/lib/python3.12/site-packages/discord/client.py", line 465, in _run_event
    await coro(*args, **kwargs)
  File "/app/asu_discord/cogs/analytics.py", line 652, in on_member_update
    before_timeout = before.timed_out_until
                     ^^^^^^^^^^^^^^^^^^^^^^
AttributeError: 'Member' object has no attribute 'timed_out_until'
Ignoring exception in on_member_update
Traceback (most recent call last):
  File "/usr/local/lib/python3.12/site-packages/discord/client.py", line 465, in _run_event
    await coro(*args, **kwargs)
  File "/app/asu_discord/cogs/analytics.py", line 652, in on_member_update
    before_timeout = before.timed_out_until
                     ^^^^^^^^^^^^^^^^^^^^^^
AttributeError: 'Member' object has no attribute 'timed_out_until'
Ignoring exception in on_member_update
Traceback (most recent call last):
  File "/usr/local/lib/python3.12/site-packages/discord/client.py", line 465, in _run_event
    await coro(*args, **kwargs)
  File "/app/asu_discord/cogs/analytics.py", line 652, in on_member_update
    before_timeout = before.timed_out_until
                     ^^^^^^^^^^^^^^^^^^^^^^
AttributeError: 'Member' object has no attribute 'timed_out_until'
Ignoring exception in on_member_update
Traceback (most recent call last):
  File "/usr/local/lib/python3.12/site-packages/discord/client.py", line 465, in _run_event
    await coro(*args, **kwargs)
  File "/app/asu_discord/cogs/analytics.py", line 652, in on_member_update
    before_timeout = before.timed_out_until
                     ^^^^^^^^^^^^^^^^^^^^^^
AttributeError: 'Member' object has no attribute 'timed_out_until'
Ignoring exception in on_member_update
Traceback (most recent call last):
  File "/usr/local/lib/python3.12/site-packages/discord/client.py", line 465, in _run_event
    await coro(*args, **kwargs)
  File "/app/asu_discord/cogs/analytics.py", line 652, in on_member_update
    before_timeout = before.timed_out_until
                     ^^^^^^^^^^^^^^^^^^^^^^
AttributeError: 'Member' object has no attribute 'timed_out_until'
Ignoring exception in on_member_update
Traceback (most recent call last):
  File "/usr/local/lib/python3.12/site-packages/discord/client.py", line 465, in _run_event
    await coro(*args, **kwargs)
  File "/app/asu_discord/cogs/analytics.py", line 652, in on_member_update
    before_timeout = before.timed_out_until
                     ^^^^^^^^^^^^^^^^^^^^^^
AttributeError: 'Member' object has no attribute 'timed_out_until'
Ignoring exception in on_member_update
Traceback (most recent call last):
  File "/usr/local/lib/python3.12/site-packages/discord/client.py", line 465, in _run_event
    await coro(*args, **kwargs)
  File "/app/asu_discord/cogs/analytics.py", line 652, in on_member_update
    before_timeout = before.timed_out_until
                     ^^^^^^^^^^^^^^^^^^^^^^
AttributeError: 'Member' object has no attribute 'timed_out_until'
Ignoring exception in on_member_update
Traceback (most recent call last):
  File "/usr/local/lib/python3.12/site-packages/discord/client.py", line 465, in _run_event
    await coro(*args, **kwargs)
  File "/app/asu_discord/cogs/analytics.py", line 652, in on_member_update
    before_timeout = before.timed_out_until
                     ^^^^^^^^^^^^^^^^^^^^^^
AttributeError: 'Member' object has no attribute 'timed_out_until'
Ignoring exception in on_member_update
Traceback (most recent call last):
  File "/usr/local/lib/python3.12/site-packages/discord/client.py", line 465, in _run_event
    await coro(*args, **kwargs)
  File "/app/asu_discord/cogs/analytics.py", line 652, in on_member_update
    before_timeout = before.timed_out_until
                     ^^^^^^^^^^^^^^^^^^^^^^
AttributeError: 'Member' object has no attribute 'timed_out_until'
Ignoring exception in on_member_update
Traceback (most recent call last):
  File "/usr/local/lib/python3.12/site-packages/discord/client.py", line 465, in _run_event
    await coro(*args, **kwargs)
  File "/app/asu_discord/cogs/analytics.py", line 652, in on_member_update
    before_timeout = before.timed_out_until
                     ^^^^^^^^^^^^^^^^^^^^^^
AttributeError: 'Member' object has no attribute 'timed_out_until'
INFO:asu_discord.cogs.verification:Saved 5 roles to database for user jdevan13 (Discord ID: 1462990479934099556)
INFO:asu_discord.cogs.verification:Refreshed Salesforce roles for Discord user 1462990479934099556: -5/+5 roles, assigned=[Commited, First Year, Out of State, Tempe, W.P. Carey School of Business]
Ignoring exception in on_member_update
Traceback (most recent call last):
  File "/usr/local/lib/python3.12/site-packages/discord/client.py", line 465, in _run_event
    await coro(*args, **kwargs)
  File "/app/asu_discord/cogs/analytics.py", line 652, in on_member_update
    before_timeout = before.timed_out_until
                     ^^^^^^^^^^^^^^^^^^^^^^
AttributeError: 'Member' object has no attribute 'timed_out_until'
Ignoring exception in on_member_update
Traceback (most recent call last):
  File "/usr/local/lib/python3.12/site-packages/discord/client.py", line 465, in _run_event
    await coro(*args, **kwargs)
  File "/app/asu_discord/cogs/analytics.py", line 652, in on_member_update
    before_timeout = before.timed_out_until
                     ^^^^^^^^^^^^^^^^^^^^^^
AttributeError: 'Member' object has no attribute 'timed_out_until'
Ignoring exception in on_member_update
Traceback (most recent call last):
  File "/usr/local/lib/python3.12/site-packages/discord/client.py", line 465, in _run_event
    await coro(*args, **kwargs)
  File "/app/asu_discord/cogs/analytics.py", line 652, in on_member_update
    before_timeout = before.timed_out_until
                     ^^^^^^^^^^^^^^^^^^^^^^
AttributeError: 'Member' object has no attribute 'timed_out_until'
Ignoring exception in on_member_update
Traceback (most recent call last):
  File "/usr/local/lib/python3.12/site-packages/discord/client.py", line 465, in _run_event
    await coro(*args, **kwargs)
  File "/app/asu_discord/cogs/analytics.py", line 652, in on_member_update
    before_timeout = before.timed_out_until
                     ^^^^^^^^^^^^^^^^^^^^^^
AttributeError: 'Member' object has no attribute 'timed_out_until'
Ignoring exception in on_member_update
Traceback (most recent call last):
  File "/usr/local/lib/python3.12/site-packages/discord/client.py", line 465, in _run_event
    await coro(*args, **kwargs)
  File "/app/asu_discord/cogs/analytics.py", line 652, in on_member_update
    before_timeout = before.timed_out_until
                     ^^^^^^^^^^^^^^^^^^^^^^
AttributeError: 'Member' object has no attribute 'timed_out_until'
Ignoring exception in on_member_update
Traceback (most recent call last):
  File "/usr/local/lib/python3.12/site-packages/discord/client.py", line 465, in _run_event
    await coro(*args, **kwargs)
  File "/app/asu_discord/cogs/analytics.py", line 652, in on_member_update
    before_timeout = before.timed_out_until
                     ^^^^^^^^^^^^^^^^^^^^^^
AttributeError: 'Member' object has no attribute 'timed_out_until'
Ignoring exception in on_member_update
Traceback (most recent call last):
  File "/usr/local/lib/python3.12/site-packages/discord/client.py", line 465, in _run_event
    await coro(*args, **kwargs)
  File "/app/asu_discord/cogs/analytics.py", line 652, in on_member_update
    before_timeout = before.timed_out_until
                     ^^^^^^^^^^^^^^^^^^^^^^
AttributeError: 'Member' object has no attribute 'timed_out_until'
Ignoring exception in on_member_update
Traceback (most recent call last):
  File "/usr/local/lib/python3.12/site-packages/discord/client.py", line 465, in _run_event
    await coro(*args, **kwargs)
  File "/app/asu_discord/cogs/analytics.py", line 652, in on_member_update
    before_timeout = before.timed_out_until
                     ^^^^^^^^^^^^^^^^^^^^^^
AttributeError: 'Member' object has no attribute 'timed_out_until'
Ignoring exception in on_member_update
Traceback (most recent call last):
  File "/usr/local/lib/python3.12/site-packages/discord/client.py", line 465, in _run_event
    await coro(*args, **kwargs)
  File "/app/asu_discord/cogs/analytics.py", line 652, in on_member_update
    before_timeout = before.timed_out_until
                     ^^^^^^^^^^^^^^^^^^^^^^
AttributeError: 'Member' object has no attribute 'timed_out_until'
Ignoring exception in on_member_update
Traceback (most recent call last):
  File "/usr/local/lib/python3.12/site-packages/discord/client.py", line 465, in _run_event
    await coro(*args, **kwargs)
  File "/app/asu_discord/cogs/analytics.py", line 652, in on_member_update
    before_timeout = before.timed_out_until
                     ^^^^^^^^^^^^^^^^^^^^^^
AttributeError: 'Member' object has no attribute 'timed_out_until'
Ignoring exception in on_member_update
Traceback (most recent call last):
  File "/usr/local/lib/python3.12/site-packages/discord/client.py", line 465, in _run_event
    await coro(*args, **kwargs)
  File "/app/asu_discord/cogs/analytics.py", line 652, in on_member_update
    before_timeout = before.timed_out_until
                     ^^^^^^^^^^^^^^^^^^^^^^
AttributeError: 'Member' object has no attribute 'timed_out_until'
INFO:asu_discord.cogs.verification:Saved 5 roles to database for user ajdayto1 (Discord ID: 140703635184156672)
INFO:asu_discord.cogs.verification:Refreshed Salesforce roles for Discord user 140703635184156672: -5/+5 roles, assigned=[Arizona Resident, College of Liberal Arts and Sciences, Commited, Tempe, Transfer Student]
Ignoring exception in on_member_update
Traceback (most recent call last):
  File "/usr/local/lib/python3.12/site-packages/discord/client.py", line 465, in _run_event
    await coro(*args, **kwargs)
  File "/app/asu_discord/cogs/analytics.py", line 652, in on_member_update
    before_timeout = before.timed_out_until
                     ^^^^^^^^^^^^^^^^^^^^^^
AttributeError: 'Member' object has no attribute 'timed_out_until'
Ignoring exception in on_member_update
Traceback (most recent call last):
  File "/usr/local/lib/python3.12/site-packages/discord/client.py", line 465, in _run_event
    await coro(*args, **kwargs)
  File "/app/asu_discord/cogs/analytics.py", line 652, in on_member_update
    before_timeout = before.timed_out_until
                     ^^^^^^^^^^^^^^^^^^^^^^
AttributeError: 'Member' object has no attribute 'timed_out_until'
Ignoring exception in on_member_update
Traceback (most recent call last):
  File "/usr/local/lib/python3.12/site-packages/discord/client.py", line 465, in _run_event
    await coro(*args, **kwargs)
  File "/app/asu_discord/cogs/analytics.py", line 652, in on_member_update
    before_timeout = before.timed_out_until
                     ^^^^^^^^^^^^^^^^^^^^^^
AttributeError: 'Member' object has no attribute 'timed_out_until'
Ignoring exception in on_member_update
Traceback (most recent call last):
  File "/usr/local/lib/python3.12/site-packages/discord/client.py", line 465, in _run_event
    await coro(*args, **kwargs)
  File "/app/asu_discord/cogs/analytics.py", line 652, in on_member_update
    before_timeout = before.timed_out_until
                     ^^^^^^^^^^^^^^^^^^^^^^
AttributeError: 'Member' object has no attribute 'timed_out_until'
Ignoring exception in on_member_update
Traceback (most recent call last):
  File "/usr/local/lib/python3.12/site-packages/discord/client.py", line 465, in _run_event
    await coro(*args, **kwargs)
  File "/app/asu_discord/cogs/analytics.py", line 652, in on_member_update
    before_timeout = before.timed_out_until
                     ^^^^^^^^^^^^^^^^^^^^^^
AttributeError: 'Member' object has no attribute 'timed_out_until'
Ignoring exception in on_member_update
Traceback (most recent call last):
  File "/usr/local/lib/python3.12/site-packages/discord/client.py", line 465, in _run_event
    await coro(*args, **kwargs)
  File "/app/asu_discord/cogs/analytics.py", line 652, in on_member_update
    before_timeout = before.timed_out_until
                     ^^^^^^^^^^^^^^^^^^^^^^
AttributeError: 'Member' object has no attribute 'timed_out_until'
Ignoring exception in on_member_update
Traceback (most recent call last):
  File "/usr/local/lib/python3.12/site-packages/discord/client.py", line 465, in _run_event
    await coro(*args, **kwargs)
  File "/app/asu_discord/cogs/analytics.py", line 652, in on_member_update
    before_timeout = before.timed_out_until
                     ^^^^^^^^^^^^^^^^^^^^^^
AttributeError: 'Member' object has no attribute 'timed_out_until'
Ignoring exception in on_member_update
Traceback (most recent call last):
  File "/usr/local/lib/python3.12/site-packages/discord/client.py", line 465, in _run_event
    await coro(*args, **kwargs)
  File "/app/asu_discord/cogs/analytics.py", line 652, in on_member_update
    before_timeout = before.timed_out_until
                     ^^^^^^^^^^^^^^^^^^^^^^
AttributeError: 'Member' object has no attribute 'timed_out_until'
Ignoring exception in on_member_update
Traceback (most recent call last):
  File "/usr/local/lib/python3.12/site-packages/discord/client.py", line 465, in _run_event
    await coro(*args, **kwargs)
  File "/app/asu_discord/cogs/analytics.py", line 652, in on_member_update
    before_timeout = before.timed_out_until
                     ^^^^^^^^^^^^^^^^^^^^^^
AttributeError: 'Member' object has no attribute 'timed_out_until'
Ignoring exception in on_member_update
Traceback (most recent call last):
  File "/usr/local/lib/python3.12/site-packages/discord/client.py", line 465, in _run_event
    await coro(*args, **kwargs)
  File "/app/asu_discord/cogs/analytics.py", line 652, in on_member_update
    before_timeout = before.timed_out_until
                     ^^^^^^^^^^^^^^^^^^^^^^
AttributeError: 'Member' object has no attribute 'timed_out_until'
INFO:asu_discord.cogs.verification:Saved 5 roles to database for user shalicki (Discord ID: 670819349510094861)
INFO:asu_discord.cogs.verification:Refreshed Salesforce roles for Discord user 670819349510094861: -5/+5 roles, assigned=[Commited, First Year, Ira A. Fulton Schools of Engineering, Out of State, Tempe]
Ignoring exception in on_member_update
Traceback (most recent call last):
  File "/usr/local/lib/python3.12/site-packages/discord/client.py", line 465, in _run_event
    await coro(*args, **kwargs)
  File "/app/asu_discord/cogs/analytics.py", line 652, in on_member_update
    before_timeout = before.timed_out_until
                     ^^^^^^^^^^^^^^^^^^^^^^
AttributeError: 'Member' object has no attribute 'timed_out_until'
Ignoring exception in on_member_update
Traceback (most recent call last):
  File "/usr/local/lib/python3.12/site-packages/discord/client.py", line 465, in _run_event
    await coro(*args, **kwargs)
  File "/app/asu_discord/cogs/analytics.py", line 652, in on_member_update
    before_timeout = before.timed_out_until
                     ^^^^^^^^^^^^^^^^^^^^^^
AttributeError: 'Member' object has no attribute 'timed_out_until'
Ignoring exception in on_member_update
Traceback (most recent call last):
  File "/usr/local/lib/python3.12/site-packages/discord/client.py", line 465, in _run_event
    await coro(*args, **kwargs)
  File "/app/asu_discord/cogs/analytics.py", line 652, in on_member_update
    before_timeout = before.timed_out_until
                     ^^^^^^^^^^^^^^^^^^^^^^
AttributeError: 'Member' object has no attribute 'timed_out_until'
Ignoring exception in on_member_update
Traceback (most recent call last):
  File "/usr/local/lib/python3.12/site-packages/discord/client.py", line 465, in _run_event
    await coro(*args, **kwargs)
  File "/app/asu_discord/cogs/analytics.py", line 652, in on_member_update
    before_timeout = before.timed_out_until
                     ^^^^^^^^^^^^^^^^^^^^^^
AttributeError: 'Member' object has no attribute 'timed_out_until'
Ignoring exception in on_member_update
Traceback (most recent call last):
  File "/usr/local/lib/python3.12/site-packages/discord/client.py", line 465, in _run_event
    await coro(*args, **kwargs)
  File "/app/asu_discord/cogs/analytics.py", line 652, in on_member_update
    before_timeout = before.timed_out_until
                     ^^^^^^^^^^^^^^^^^^^^^^
AttributeError: 'Member' object has no attribute 'timed_out_until'
Ignoring exception in on_member_update
Traceback (most recent call last):
  File "/usr/local/lib/python3.12/site-packages/discord/client.py", line 465, in _run_event
    await coro(*args, **kwargs)
  File "/app/asu_discord/cogs/analytics.py", line 652, in on_member_update
    before_timeout = before.timed_out_until
                     ^^^^^^^^^^^^^^^^^^^^^^
AttributeError: 'Member' object has no attribute 'timed_out_until'
Ignoring exception in on_member_update
Traceback (most recent call last):
  File "/usr/local/lib/python3.12/site-packages/discord/client.py", line 465, in _run_event
    await coro(*args, **kwargs)
  File "/app/asu_discord/cogs/analytics.py", line 652, in on_member_update
    before_timeout = before.timed_out_until
                     ^^^^^^^^^^^^^^^^^^^^^^
AttributeError: 'Member' object has no attribute 'timed_out_until'
Ignoring exception in on_member_update
Traceback (most recent call last):
  File "/usr/local/lib/python3.12/site-packages/discord/client.py", line 465, in _run_event
    await coro(*args, **kwargs)
  File "/app/asu_discord/cogs/analytics.py", line 652, in on_member_update
    before_timeout = before.timed_out_until
                     ^^^^^^^^^^^^^^^^^^^^^^
AttributeError: 'Member' object has no attribute 'timed_out_until'
Ignoring exception in on_member_update
Traceback (most recent call last):
  File "/usr/local/lib/python3.12/site-packages/discord/client.py", line 465, in _run_event
    await coro(*args, **kwargs)
  File "/app/asu_discord/cogs/analytics.py", line 652, in on_member_update
    before_timeout = before.timed_out_until
                     ^^^^^^^^^^^^^^^^^^^^^^
AttributeError: 'Member' object has no attribute 'timed_out_until'
Ignoring exception in on_member_update
Traceback (most recent call last):
  File "/usr/local/lib/python3.12/site-packages/discord/client.py", line 465, in _run_event
    await coro(*args, **kwargs)
  File "/app/asu_discord/cogs/analytics.py", line 652, in on_member_update
    before_timeout = before.timed_out_until
                     ^^^^^^^^^^^^^^^^^^^^^^
AttributeError: 'Member' object has no attribute 'timed_out_until'
ERROR:cron.jobs:refresh_salesforce_roles: failed for vantonie (Discord ID 769611976031862815): Timed out refresh Salesforce-based roles
Ignoring exception in on_member_update
Traceback (most recent call last):
  File "/usr/local/lib/python3.12/site-packages/discord/client.py", line 465, in _run_event
    await coro(*args, **kwargs)
  File "/app/asu_discord/cogs/analytics.py", line 652, in on_member_update
    before_timeout = before.timed_out_until
                     ^^^^^^^^^^^^^^^^^^^^^^
AttributeError: 'Member' object has no attribute 'timed_out_until'
Ignoring exception in on_member_update
Traceback (most recent call last):
  File "/usr/local/lib/python3.12/site-packages/discord/client.py", line 465, in _run_event
    await coro(*args, **kwargs)
  File "/app/asu_discord/cogs/analytics.py", line 652, in on_member_update
    before_timeout = before.timed_out_until
                     ^^^^^^^^^^^^^^^^^^^^^^
AttributeError: 'Member' object has no attribute 'timed_out_until'
Ignoring exception in on_member_update
Traceback (most recent call last):
  File "/usr/local/lib/python3.12/site-packages/discord/client.py", line 465, in _run_event
    await coro(*args, **kwargs)
  File "/app/asu_discord/cogs/analytics.py", line 652, in on_member_update
    before_timeout = before.timed_out_until
                     ^^^^^^^^^^^^^^^^^^^^^^
AttributeError: 'Member' object has no attribute 'timed_out_until'
Ignoring exception in on_member_update
Traceback (most recent call last):
  File "/usr/local/lib/python3.12/site-packages/discord/client.py", line 465, in _run_event
    await coro(*args, **kwargs)
  File "/app/asu_discord/cogs/analytics.py", line 652, in on_member_update
    before_timeout = before.timed_out_until
                     ^^^^^^^^^^^^^^^^^^^^^^
AttributeError: 'Member' object has no attribute 'timed_out_until'
Ignoring exception in on_member_update
Traceback (most recent call last):
  File "/usr/local/lib/python3.12/site-packages/discord/client.py", line 465, in _run_event
    await coro(*args, **kwargs)
  File "/app/asu_discord/cogs/analytics.py", line 652, in on_member_update
    before_timeout = before.timed_out_until
                     ^^^^^^^^^^^^^^^^^^^^^^
AttributeError: 'Member' object has no attribute 'timed_out_until'
Ignoring exception in on_member_update
Traceback (most recent call last):
  File "/usr/local/lib/python3.12/site-packages/discord/client.py", line 465, in _run_event
    await coro(*args, **kwargs)
  File "/app/asu_discord/cogs/analytics.py", line 652, in on_member_update
    before_timeout = before.timed_out_until
                     ^^^^^^^^^^^^^^^^^^^^^^
AttributeError: 'Member' object has no attribute 'timed_out_until'
Ignoring exception in on_member_update
Traceback (most recent call last):
  File "/usr/local/lib/python3.12/site-packages/discord/client.py", line 465, in _run_event
    await coro(*args, **kwargs)
  File "/app/asu_discord/cogs/analytics.py", line 652, in on_member_update
    before_timeout = before.timed_out_until
                     ^^^^^^^^^^^^^^^^^^^^^^
AttributeError: 'Member' object has no attribute 'timed_out_until'
Ignoring exception in on_member_update
Traceback (most recent call last):
  File "/usr/local/lib/python3.12/site-packages/discord/client.py", line 465, in _run_event
    await coro(*args, **kwargs)
  File "/app/asu_discord/cogs/analytics.py", line 652, in on_member_update
    before_timeout = before.timed_out_until
                     ^^^^^^^^^^^^^^^^^^^^^^
AttributeError: 'Member' object has no attribute 'timed_out_until'
Ignoring exception in on_member_update
Traceback (most recent call last):
  File "/usr/local/lib/python3.12/site-packages/discord/client.py", line 465, in _run_event
    await coro(*args, **kwargs)
  File "/app/asu_discord/cogs/analytics.py", line 652, in on_member_update
    before_timeout = before.timed_out_until
                     ^^^^^^^^^^^^^^^^^^^^^^
AttributeError: 'Member' object has no attribute 'timed_out_until'
INFO:asu_discord.cogs.verification:Saved 5 roles to database for user rgobalak (Discord ID: 473099108354228245)
INFO:asu_discord.cogs.verification:Refreshed Salesforce roles for Discord user 473099108354228245: -5/+4 roles, assigned=[Commited, Graduate Student, International Student, Ira A. Fulton Schools of Engineering, Polytechnic]
INFO:asu_discord.salesforce:No Salesforce opportunities found for phalse
INFO:cron.jobs:refresh_salesforce_roles: skipping phalse: no profile returned
Ignoring exception in on_member_update
Traceback (most recent call last):
  File "/usr/local/lib/python3.12/site-packages/discord/client.py", line 465, in _run_event
    await coro(*args, **kwargs)
  File "/app/asu_discord/cogs/analytics.py", line 652, in on_member_update
    before_timeout = before.timed_out_until
                     ^^^^^^^^^^^^^^^^^^^^^^
AttributeError: 'Member' object has no attribute 'timed_out_until'
Ignoring exception in on_member_update
Traceback (most recent call last):
  File "/usr/local/lib/python3.12/site-packages/discord/client.py", line 465, in _run_event
    await coro(*args, **kwargs)
  File "/app/asu_discord/cogs/analytics.py", line 652, in on_member_update
    before_timeout = before.timed_out_until
                     ^^^^^^^^^^^^^^^^^^^^^^
AttributeError: 'Member' object has no attribute 'timed_out_until'
Ignoring exception in on_member_update
Traceback (most recent call last):
  File "/usr/local/lib/python3.12/site-packages/discord/client.py", line 465, in _run_event
    await coro(*args, **kwargs)
  File "/app/asu_discord/cogs/analytics.py", line 652, in on_member_update
    before_timeout = before.timed_out_until
                     ^^^^^^^^^^^^^^^^^^^^^^
AttributeError: 'Member' object has no attribute 'timed_out_until'
Ignoring exception in on_member_update
Traceback (most recent call last):
  File "/usr/local/lib/python3.12/site-packages/discord/client.py", line 465, in _run_event
    await coro(*args, **kwargs)
  File "/app/asu_discord/cogs/analytics.py", line 652, in on_member_update
    before_timeout = before.timed_out_until
                     ^^^^^^^^^^^^^^^^^^^^^^
AttributeError: 'Member' object has no attribute 'timed_out_until'
Ignoring exception in on_member_update
Traceback (most recent call last):
  File "/usr/local/lib/python3.12/site-packages/discord/client.py", line 465, in _run_event
    await coro(*args, **kwargs)
  File "/app/asu_discord/cogs/analytics.py", line 652, in on_member_update
    before_timeout = before.timed_out_until
                     ^^^^^^^^^^^^^^^^^^^^^^
AttributeError: 'Member' object has no attribute 'timed_out_until'
Ignoring exception in on_member_update
Traceback (most recent call last):
  File "/usr/local/lib/python3.12/site-packages/discord/client.py", line 465, in _run_event
    await coro(*args, **kwargs)
  File "/app/asu_discord/cogs/analytics.py", line 652, in on_member_update
    before_timeout = before.timed_out_until
                     ^^^^^^^^^^^^^^^^^^^^^^
AttributeError: 'Member' object has no attribute 'timed_out_until'
Ignoring exception in on_member_update
Traceback (most recent call last):
  File "/usr/local/lib/python3.12/site-packages/discord/client.py", line 465, in _run_event
    await coro(*args, **kwargs)
  File "/app/asu_discord/cogs/analytics.py", line 652, in on_member_update
    before_timeout = before.timed_out_until
                     ^^^^^^^^^^^^^^^^^^^^^^
AttributeError: 'Member' object has no attribute 'timed_out_until'
Ignoring exception in on_member_update
Traceback (most recent call last):
  File "/usr/local/lib/python3.12/site-packages/discord/client.py", line 465, in _run_event
    await coro(*args, **kwargs)
  File "/app/asu_discord/cogs/analytics.py", line 652, in on_member_update
    before_timeout = before.timed_out_until
                     ^^^^^^^^^^^^^^^^^^^^^^
AttributeError: 'Member' object has no attribute 'timed_out_until'
Ignoring exception in on_member_update
Traceback (most recent call last):
  File "/usr/local/lib/python3.12/site-packages/discord/client.py", line 465, in _run_event
    await coro(*args, **kwargs)
  File "/app/asu_discord/cogs/analytics.py", line 652, in on_member_update
    before_timeout = before.timed_out_until
                     ^^^^^^^^^^^^^^^^^^^^^^
AttributeError: 'Member' object has no attribute 'timed_out_until'
Ignoring exception in on_member_update
Traceback (most recent call last):
  File "/usr/local/lib/python3.12/site-packages/discord/client.py", line 465, in _run_event
    await coro(*args, **kwargs)
  File "/app/asu_discord/cogs/analytics.py", line 652, in on_member_update
    before_timeout = before.timed_out_until
                     ^^^^^^^^^^^^^^^^^^^^^^
AttributeError: 'Member' object has no attribute 'timed_out_until'
INFO:asu_discord.cogs.verification:Saved 5 roles to database for user mchubaon (Discord ID: 1477997006872903832)
INFO:asu_discord.cogs.verification:Refreshed Salesforce roles for Discord user 1477997006872903832: -5/+5 roles, assigned=[Arizona Resident, College of Health Solutions, Commited, First Year, Polytechnic]
Ignoring exception in on_member_update
Traceback (most recent call last):
  File "/usr/local/lib/python3.12/site-packages/discord/client.py", line 465, in _run_event
    await coro(*args, **kwargs)
  File "/app/asu_discord/cogs/analytics.py", line 652, in on_member_update
    before_timeout = before.timed_out_until
                     ^^^^^^^^^^^^^^^^^^^^^^
AttributeError: 'Member' object has no attribute 'timed_out_until'
Ignoring exception in on_member_update
Traceback (most recent call last):
  File "/usr/local/lib/python3.12/site-packages/discord/client.py", line 465, in _run_event
    await coro(*args, **kwargs)
  File "/app/asu_discord/cogs/analytics.py", line 652, in on_member_update
    before_timeout = before.timed_out_until
                     ^^^^^^^^^^^^^^^^^^^^^^
AttributeError: 'Member' object has no attribute 'timed_out_until'
Ignoring exception in on_member_update
Traceback (most recent call last):
  File "/usr/local/lib/python3.12/site-packages/discord/client.py", line 465, in _run_event
    await coro(*args, **kwargs)
  File "/app/asu_discord/cogs/analytics.py", line 652, in on_member_update
    before_timeout = before.timed_out_until
                     ^^^^^^^^^^^^^^^^^^^^^^
AttributeError: 'Member' object has no attribute 'timed_out_until'
Ignoring exception in on_member_update
Traceback (most recent call last):
  File "/usr/local/lib/python3.12/site-packages/discord/client.py", line 465, in _run_event
    await coro(*args, **kwargs)
  File "/app/asu_discord/cogs/analytics.py", line 652, in on_member_update
    before_timeout = before.timed_out_until
                     ^^^^^^^^^^^^^^^^^^^^^^
AttributeError: 'Member' object has no attribute 'timed_out_until'
Ignoring exception in on_member_update
Traceback (most recent call last):
  File "/usr/local/lib/python3.12/site-packages/discord/client.py", line 465, in _run_event
    await coro(*args, **kwargs)
  File "/app/asu_discord/cogs/analytics.py", line 652, in on_member_update
    before_timeout = before.timed_out_until
                     ^^^^^^^^^^^^^^^^^^^^^^
AttributeError: 'Member' object has no attribute 'timed_out_until'
Ignoring exception in on_member_update
Traceback (most recent call last):
  File "/usr/local/lib/python3.12/site-packages/discord/client.py", line 465, in _run_event
    await coro(*args, **kwargs)
  File "/app/asu_discord/cogs/analytics.py", line 652, in on_member_update
    before_timeout = before.timed_out_until
                     ^^^^^^^^^^^^^^^^^^^^^^
AttributeError: 'Member' object has no attribute 'timed_out_until'
Ignoring exception in on_member_update
Traceback (most recent call last):
  File "/usr/local/lib/python3.12/site-packages/discord/client.py", line 465, in _run_event
    await coro(*args, **kwargs)
  File "/app/asu_discord/cogs/analytics.py", line 652, in on_member_update
    before_timeout = before.timed_out_until
                     ^^^^^^^^^^^^^^^^^^^^^^
AttributeError: 'Member' object has no attribute 'timed_out_until'
Ignoring exception in on_member_update
Traceback (most recent call last):
  File "/usr/local/lib/python3.12/site-packages/discord/client.py", line 465, in _run_event
    await coro(*args, **kwargs)
  File "/app/asu_discord/cogs/analytics.py", line 652, in on_member_update
    before_timeout = before.timed_out_until
                     ^^^^^^^^^^^^^^^^^^^^^^
AttributeError: 'Member' object has no attribute 'timed_out_until'
INFO:asu_discord.cogs.verification:Saved 4 roles to database for user amgaste2 (Discord ID: 1015112597076451468)
INFO:asu_discord.cogs.verification:Refreshed Salesforce roles for Discord user 1015112597076451468: -4/+4 roles, assigned=[Arizona Resident, College of Health Solutions, First Year, Tempe]
Ignoring exception in on_member_update
Traceback (most recent call last):
  File "/usr/local/lib/python3.12/site-packages/discord/client.py", line 465, in _run_event
    await coro(*args, **kwargs)
  File "/app/asu_discord/cogs/analytics.py", line 652, in on_member_update
    before_timeout = before.timed_out_until
                     ^^^^^^^^^^^^^^^^^^^^^^
AttributeError: 'Member' object has no attribute 'timed_out_until'
Ignoring exception in on_member_update
Traceback (most recent call last):
  File "/usr/local/lib/python3.12/site-packages/discord/client.py", line 465, in _run_event
    await coro(*args, **kwargs)
  File "/app/asu_discord/cogs/analytics.py", line 652, in on_member_update
    before_timeout = before.timed_out_until
                     ^^^^^^^^^^^^^^^^^^^^^^
AttributeError: 'Member' object has no attribute 'timed_out_until'
Ignoring exception in on_member_update
Traceback (most recent call last):
  File "/usr/local/lib/python3.12/site-packages/discord/client.py", line 465, in _run_event
    await coro(*args, **kwargs)
  File "/app/asu_discord/cogs/analytics.py", line 652, in on_member_update
    before_timeout = before.timed_out_until
                     ^^^^^^^^^^^^^^^^^^^^^^
AttributeError: 'Member' object has no attribute 'timed_out_until'
Ignoring exception in on_member_update
Traceback (most recent call last):
  File "/usr/local/lib/python3.12/site-packages/discord/client.py", line 465, in _run_event
    await coro(*args, **kwargs)
  File "/app/asu_discord/cogs/analytics.py", line 652, in on_member_update
    before_timeout = before.timed_out_until
                     ^^^^^^^^^^^^^^^^^^^^^^
AttributeError: 'Member' object has no attribute 'timed_out_until'
Ignoring exception in on_member_update
Traceback (most recent call last):
  File "/usr/local/lib/python3.12/site-packages/discord/client.py", line 465, in _run_event
    await coro(*args, **kwargs)
  File "/app/asu_discord/cogs/analytics.py", line 652, in on_member_update
    before_timeout = before.timed_out_until
                     ^^^^^^^^^^^^^^^^^^^^^^
AttributeError: 'Member' object has no attribute 'timed_out_until'
Ignoring exception in on_member_update
Traceback (most recent call last):
  File "/usr/local/lib/python3.12/site-packages/discord/client.py", line 465, in _run_event
    await coro(*args, **kwargs)
  File "/app/asu_discord/cogs/analytics.py", line 652, in on_member_update
    before_timeout = before.timed_out_until
                     ^^^^^^^^^^^^^^^^^^^^^^
AttributeError: 'Member' object has no attribute 'timed_out_until'
Ignoring exception in on_member_update
Traceback (most recent call last):
  File "/usr/local/lib/python3.12/site-packages/discord/client.py", line 465, in _run_event
    await coro(*args, **kwargs)
  File "/app/asu_discord/cogs/analytics.py", line 652, in on_member_update
    before_timeout = before.timed_out_until
                     ^^^^^^^^^^^^^^^^^^^^^^
AttributeError: 'Member' object has no attribute 'timed_out_until'
Ignoring exception in on_member_update
Traceback (most recent call last):
  File "/usr/local/lib/python3.12/site-packages/discord/client.py", line 465, in _run_event
    await coro(*args, **kwargs)
  File "/app/asu_discord/cogs/analytics.py", line 652, in on_member_update
    before_timeout = before.timed_out_until
                     ^^^^^^^^^^^^^^^^^^^^^^
AttributeError: 'Member' object has no attribute 'timed_out_until'
Ignoring exception in on_member_update
Traceback (most recent call last):
  File "/usr/local/lib/python3.12/site-packages/discord/client.py", line 465, in _run_event
    await coro(*args, **kwargs)
  File "/app/asu_discord/cogs/analytics.py", line 652, in on_member_update
    before_timeout = before.timed_out_until
                     ^^^^^^^^^^^^^^^^^^^^^^
AttributeError: 'Member' object has no attribute 'timed_out_until'
Ignoring exception in on_member_update
Traceback (most recent call last):
  File "/usr/local/lib/python3.12/site-packages/discord/client.py", line 465, in _run_event
    await coro(*args, **kwargs)
  File "/app/asu_discord/cogs/analytics.py", line 652, in on_member_update
    before_timeout = before.timed_out_until
                     ^^^^^^^^^^^^^^^^^^^^^^
AttributeError: 'Member' object has no attribute 'timed_out_until'
INFO:asu_discord.cogs.verification:Saved 5 roles to database for user smkasten (Discord ID: 1478139927182184519)
INFO:asu_discord.cogs.verification:Refreshed Salesforce roles for Discord user 1478139927182184519: -5/+5 roles, assigned=[Arizona Resident, Commited, Downtown Phoenix, First Year, Herberger Institute for Design and the Arts]
Ignoring exception in on_member_update
Traceback (most recent call last):
  File "/usr/local/lib/python3.12/site-packages/discord/client.py", line 465, in _run_event
    await coro(*args, **kwargs)
  File "/app/asu_discord/cogs/analytics.py", line 652, in on_member_update
    before_timeout = before.timed_out_until
                     ^^^^^^^^^^^^^^^^^^^^^^
AttributeError: 'Member' object has no attribute 'timed_out_until'
Ignoring exception in on_member_update
Traceback (most recent call last):
  File "/usr/local/lib/python3.12/site-packages/discord/client.py", line 465, in _run_event
    await coro(*args, **kwargs)
  File "/app/asu_discord/cogs/analytics.py", line 652, in on_member_update
    before_timeout = before.timed_out_until
                     ^^^^^^^^^^^^^^^^^^^^^^
AttributeError: 'Member' object has no attribute 'timed_out_until'
Ignoring exception in on_member_update
Traceback (most recent call last):
  File "/usr/local/lib/python3.12/site-packages/discord/client.py", line 465, in _run_event
    await coro(*args, **kwargs)
  File "/app/asu_discord/cogs/analytics.py", line 652, in on_member_update
    before_timeout = before.timed_out_until
                     ^^^^^^^^^^^^^^^^^^^^^^
AttributeError: 'Member' object has no attribute 'timed_out_until'
Ignoring exception in on_member_update
Traceback (most recent call last):
  File "/usr/local/lib/python3.12/site-packages/discord/client.py", line 465, in _run_event
    await coro(*args, **kwargs)
  File "/app/asu_discord/cogs/analytics.py", line 652, in on_member_update
    before_timeout = before.timed_out_until
                     ^^^^^^^^^^^^^^^^^^^^^^
AttributeError: 'Member' object has no attribute 'timed_out_until'
Ignoring exception in on_member_update
Traceback (most recent call last):
  File "/usr/local/lib/python3.12/site-packages/discord/client.py", line 465, in _run_event
    await coro(*args, **kwargs)
  File "/app/asu_discord/cogs/analytics.py", line 652, in on_member_update
    before_timeout = before.timed_out_until
                     ^^^^^^^^^^^^^^^^^^^^^^
AttributeError: 'Member' object has no attribute 'timed_out_until'
Ignoring exception in on_member_update
Traceback (most recent call last):
  File "/usr/local/lib/python3.12/site-packages/discord/client.py", line 465, in _run_event
    await coro(*args, **kwargs)
  File "/app/asu_discord/cogs/analytics.py", line 652, in on_member_update
    before_timeout = before.timed_out_until
                     ^^^^^^^^^^^^^^^^^^^^^^
AttributeError: 'Member' object has no attribute 'timed_out_until'
Ignoring exception in on_member_update
Traceback (most recent call last):
  File "/usr/local/lib/python3.12/site-packages/discord/client.py", line 465, in _run_event
    await coro(*args, **kwargs)
  File "/app/asu_discord/cogs/analytics.py", line 652, in on_member_update
    before_timeout = before.timed_out_until
                     ^^^^^^^^^^^^^^^^^^^^^^
AttributeError: 'Member' object has no attribute 'timed_out_until'
Ignoring exception in on_member_update
Traceback (most recent call last):
  File "/usr/local/lib/python3.12/site-packages/discord/client.py", line 465, in _run_event
    await coro(*args, **kwargs)
  File "/app/asu_discord/cogs/analytics.py", line 652, in on_member_update
    before_timeout = before.timed_out_until
                     ^^^^^^^^^^^^^^^^^^^^^^
AttributeError: 'Member' object has no attribute 'timed_out_until'
INFO:asu_discord.cogs.verification:Saved 4 roles to database for user gdang12 (Discord ID: 921240245394096218)
INFO:asu_discord.cogs.verification:Refreshed Salesforce roles for Discord user 921240245394096218: -4/+4 roles, assigned=[First Year, International Student, Ira A. Fulton Schools of Engineering, Tempe]
Ignoring exception in on_member_update
Traceback (most recent call last):
  File "/usr/local/lib/python3.12/site-packages/discord/client.py", line 465, in _run_event
    await coro(*args, **kwargs)
  File "/app/asu_discord/cogs/analytics.py", line 652, in on_member_update
    before_timeout = before.timed_out_until
                     ^^^^^^^^^^^^^^^^^^^^^^
AttributeError: 'Member' object has no attribute 'timed_out_until'
Ignoring exception in on_member_update
Traceback (most recent call last):
  File "/usr/local/lib/python3.12/site-packages/discord/client.py", line 465, in _run_event
    await coro(*args, **kwargs)
  File "/app/asu_discord/cogs/analytics.py", line 652, in on_member_update
    before_timeout = before.timed_out_until
                     ^^^^^^^^^^^^^^^^^^^^^^
AttributeError: 'Member' object has no attribute 'timed_out_until'
Ignoring exception in on_member_update
Traceback (most recent call last):
  File "/usr/local/lib/python3.12/site-packages/discord/client.py", line 465, in _run_event
    await coro(*args, **kwargs)
  File "/app/asu_discord/cogs/analytics.py", line 652, in on_member_update
    before_timeout = before.timed_out_until
                     ^^^^^^^^^^^^^^^^^^^^^^
AttributeError: 'Member' object has no attribute 'timed_out_until'
Ignoring exception in on_member_update
Traceback (most recent call last):
  File "/usr/local/lib/python3.12/site-packages/discord/client.py", line 465, in _run_event
    await coro(*args, **kwargs)
  File "/app/asu_discord/cogs/analytics.py", line 652, in on_member_update
    before_timeout = before.timed_out_until
                     ^^^^^^^^^^^^^^^^^^^^^^
AttributeError: 'Member' object has no attribute 'timed_out_until'
Ignoring exception in on_member_update
Traceback (most recent call last):
  File "/usr/local/lib/python3.12/site-packages/discord/client.py", line 465, in _run_event
    await coro(*args, **kwargs)
  File "/app/asu_discord/cogs/analytics.py", line 652, in on_member_update
    before_timeout = before.timed_out_until
                     ^^^^^^^^^^^^^^^^^^^^^^
AttributeError: 'Member' object has no attribute 'timed_out_until'
Ignoring exception in on_member_update
Traceback (most recent call last):
  File "/usr/local/lib/python3.12/site-packages/discord/client.py", line 465, in _run_event
    await coro(*args, **kwargs)
  File "/app/asu_discord/cogs/analytics.py", line 652, in on_member_update
    before_timeout = before.timed_out_until
                     ^^^^^^^^^^^^^^^^^^^^^^
AttributeError: 'Member' object has no attribute 'timed_out_until'
Ignoring exception in on_member_update
Traceback (most recent call last):
  File "/usr/local/lib/python3.12/site-packages/discord/client.py", line 465, in _run_event
    await coro(*args, **kwargs)
  File "/app/asu_discord/cogs/analytics.py", line 652, in on_member_update
    before_timeout = before.timed_out_until
                     ^^^^^^^^^^^^^^^^^^^^^^
AttributeError: 'Member' object has no attribute 'timed_out_until'
Ignoring exception in on_member_update
Traceback (most recent call last):
  File "/usr/local/lib/python3.12/site-packages/discord/client.py", line 465, in _run_event
    await coro(*args, **kwargs)
  File "/app/asu_discord/cogs/analytics.py", line 652, in on_member_update
    before_timeout = before.timed_out_until
                     ^^^^^^^^^^^^^^^^^^^^^^
AttributeError: 'Member' object has no attribute 'timed_out_until'
Ignoring exception in on_member_update
Traceback (most recent call last):
  File "/usr/local/lib/python3.12/site-packages/discord/client.py", line 465, in _run_event
    await coro(*args, **kwargs)
  File "/app/asu_discord/cogs/analytics.py", line 652, in on_member_update
    before_timeout = before.timed_out_until
                     ^^^^^^^^^^^^^^^^^^^^^^
AttributeError: 'Member' object has no attribute 'timed_out_until'
Ignoring exception in on_member_update
Traceback (most recent call last):
  File "/usr/local/lib/python3.12/site-packages/discord/client.py", line 465, in _run_event
    await coro(*args, **kwargs)
  File "/app/asu_discord/cogs/analytics.py", line 652, in on_member_update
    before_timeout = before.timed_out_until
                     ^^^^^^^^^^^^^^^^^^^^^^
AttributeError: 'Member' object has no attribute 'timed_out_until'
INFO:asu_discord.cogs.verification:Saved 5 roles to database for user jslope24 (Discord ID: 902029131020124240)
INFO:asu_discord.cogs.verification:Refreshed Salesforce roles for Discord user 902029131020124240: -5/+5 roles, assigned=[Arizona Resident, First Generation Student, First Year, Ira A. Fulton Schools of Engineering, Tempe]
INFO:asu_discord.cogs.verification:Refreshed Salesforce roles for Discord user 742816644908187649: -0/+0 roles, assigned=[none]
Ignoring exception in on_member_update
Traceback (most recent call last):
  File "/usr/local/lib/python3.12/site-packages/discord/client.py", line 465, in _run_event
    await coro(*args, **kwargs)
  File "/app/asu_discord/cogs/analytics.py", line 652, in on_member_update
    before_timeout = before.timed_out_until
                     ^^^^^^^^^^^^^^^^^^^^^^
AttributeError: 'Member' object has no attribute 'timed_out_until'
Ignoring exception in on_member_update
Traceback (most recent call last):
  File "/usr/local/lib/python3.12/site-packages/discord/client.py", line 465, in _run_event
    await coro(*args, **kwargs)
  File "/app/asu_discord/cogs/analytics.py", line 652, in on_member_update
    before_timeout = before.timed_out_until
                     ^^^^^^^^^^^^^^^^^^^^^^
AttributeError: 'Member' object has no attribute 'timed_out_until'
Ignoring exception in on_member_update
Traceback (most recent call last):
  File "/usr/local/lib/python3.12/site-packages/discord/client.py", line 465, in _run_event
    await coro(*args, **kwargs)
  File "/app/asu_discord/cogs/analytics.py", line 652, in on_member_update
    before_timeout = before.timed_out_until
                     ^^^^^^^^^^^^^^^^^^^^^^
AttributeError: 'Member' object has no attribute 'timed_out_until'
Ignoring exception in on_member_update
Traceback (most recent call last):
  File "/usr/local/lib/python3.12/site-packages/discord/client.py", line 465, in _run_event
    await coro(*args, **kwargs)
  File "/app/asu_discord/cogs/analytics.py", line 652, in on_member_update
    before_timeout = before.timed_out_until
                     ^^^^^^^^^^^^^^^^^^^^^^
AttributeError: 'Member' object has no attribute 'timed_out_until'
Ignoring exception in on_member_update
Traceback (most recent call last):
  File "/usr/local/lib/python3.12/site-packages/discord/client.py", line 465, in _run_event
    await coro(*args, **kwargs)
  File "/app/asu_discord/cogs/analytics.py", line 652, in on_member_update
    before_timeout = before.timed_out_until
                     ^^^^^^^^^^^^^^^^^^^^^^
AttributeError: 'Member' object has no attribute 'timed_out_until'
Ignoring exception in on_member_update
Traceback (most recent call last):
  File "/usr/local/lib/python3.12/site-packages/discord/client.py", line 465, in _run_event
    await coro(*args, **kwargs)
  File "/app/asu_discord/cogs/analytics.py", line 652, in on_member_update
    before_timeout = before.timed_out_until
                     ^^^^^^^^^^^^^^^^^^^^^^
AttributeError: 'Member' object has no attribute 'timed_out_until'
Ignoring exception in on_member_update
Traceback (most recent call last):
  File "/usr/local/lib/python3.12/site-packages/discord/client.py", line 465, in _run_event
    await coro(*args, **kwargs)
  File "/app/asu_discord/cogs/analytics.py", line 652, in on_member_update
    before_timeout = before.timed_out_until
                     ^^^^^^^^^^^^^^^^^^^^^^
AttributeError: 'Member' object has no attribute 'timed_out_until'
Ignoring exception in on_member_update
Traceback (most recent call last):
  File "/usr/local/lib/python3.12/site-packages/discord/client.py", line 465, in _run_event
    await coro(*args, **kwargs)
  File "/app/asu_discord/cogs/analytics.py", line 652, in on_member_update
    before_timeout = before.timed_out_until
                     ^^^^^^^^^^^^^^^^^^^^^^
AttributeError: 'Member' object has no attribute 'timed_out_until'
Ignoring exception in on_member_update
Traceback (most recent call last):
  File "/usr/local/lib/python3.12/site-packages/discord/client.py", line 465, in _run_event
    await coro(*args, **kwargs)
  File "/app/asu_discord/cogs/analytics.py", line 652, in on_member_update
    before_timeout = before.timed_out_until
                     ^^^^^^^^^^^^^^^^^^^^^^
AttributeError: 'Member' object has no attribute 'timed_out_until'
Ignoring exception in on_member_update
Traceback (most recent call last):
  File "/usr/local/lib/python3.12/site-packages/discord/client.py", line 465, in _run_event
    await coro(*args, **kwargs)
  File "/app/asu_discord/cogs/analytics.py", line 652, in on_member_update
    before_timeout = before.timed_out_until
                     ^^^^^^^^^^^^^^^^^^^^^^
AttributeError: 'Member' object has no attribute 'timed_out_until'
Ignoring exception in on_member_update
Traceback (most recent call last):
  File "/usr/local/lib/python3.12/site-packages/discord/client.py", line 465, in _run_event
    await coro(*args, **kwargs)
  File "/app/asu_discord/cogs/analytics.py", line 652, in on_member_update
    before_timeout = before.timed_out_until
                     ^^^^^^^^^^^^^^^^^^^^^^
AttributeError: 'Member' object has no attribute 'timed_out_until'
Ignoring exception in on_member_update
Traceback (most recent call last):
  File "/usr/local/lib/python3.12/site-packages/discord/client.py", line 465, in _run_event
    await coro(*args, **kwargs)
  File "/app/asu_discord/cogs/analytics.py", line 652, in on_member_update
    before_timeout = before.timed_out_until
                     ^^^^^^^^^^^^^^^^^^^^^^
AttributeError: 'Member' object has no attribute 'timed_out_until'
Ignoring exception in on_member_update
Traceback (most recent call last):
  File "/usr/local/lib/python3.12/site-packages/discord/client.py", line 465, in _run_event
    await coro(*args, **kwargs)
  File "/app/asu_discord/cogs/analytics.py", line 652, in on_member_update
    before_timeout = before.timed_out_until
                     ^^^^^^^^^^^^^^^^^^^^^^
AttributeError: 'Member' object has no attribute 'timed_out_until'
INFO:asu_discord.cogs.verification:Saved 7 roles to database for user levangel (Discord ID: 1337560237531467918)
INFO:asu_discord.cogs.verification:Refreshed Salesforce roles for Discord user 1337560237531467918: -6/+7 roles, assigned=[Arizona Resident, College of Integrative Sciences and Arts, First Generation Student, Graduate Student, Online, Polytechnic, Tempe]
INFO:asu_discord.cogs.verification:Refreshed Salesforce roles for Discord user 834567893122416671: -0/+0 roles, assigned=[none]
Ignoring exception in on_member_update
Traceback (most recent call last):
  File "/usr/local/lib/python3.12/site-packages/discord/client.py", line 465, in _run_event
    await coro(*args, **kwargs)
  File "/app/asu_discord/cogs/analytics.py", line 652, in on_member_update
    before_timeout = before.timed_out_until
                     ^^^^^^^^^^^^^^^^^^^^^^
AttributeError: 'Member' object has no attribute 'timed_out_until'
Ignoring exception in on_member_update
Traceback (most recent call last):
  File "/usr/local/lib/python3.12/site-packages/discord/client.py", line 465, in _run_event
    await coro(*args, **kwargs)
  File "/app/asu_discord/cogs/analytics.py", line 652, in on_member_update
    before_timeout = before.timed_out_until
                     ^^^^^^^^^^^^^^^^^^^^^^
AttributeError: 'Member' object has no attribute 'timed_out_until'
Ignoring exception in on_member_update
Traceback (most recent call last):
  File "/usr/local/lib/python3.12/site-packages/discord/client.py", line 465, in _run_event
    await coro(*args, **kwargs)
  File "/app/asu_discord/cogs/analytics.py", line 652, in on_member_update
    before_timeout = before.timed_out_until
                     ^^^^^^^^^^^^^^^^^^^^^^
AttributeError: 'Member' object has no attribute 'timed_out_until'
Ignoring exception in on_member_update
Traceback (most recent call last):
  File "/usr/local/lib/python3.12/site-packages/discord/client.py", line 465, in _run_event
    await coro(*args, **kwargs)
  File "/app/asu_discord/cogs/analytics.py", line 652, in on_member_update
    before_timeout = before.timed_out_until
                     ^^^^^^^^^^^^^^^^^^^^^^
AttributeError: 'Member' object has no attribute 'timed_out_until'
Ignoring exception in on_member_update
Traceback (most recent call last):
  File "/usr/local/lib/python3.12/site-packages/discord/client.py", line 465, in _run_event
    await coro(*args, **kwargs)
  File "/app/asu_discord/cogs/analytics.py", line 652, in on_member_update
    before_timeout = before.timed_out_until
                     ^^^^^^^^^^^^^^^^^^^^^^
AttributeError: 'Member' object has no attribute 'timed_out_until'
Ignoring exception in on_member_update
Traceback (most recent call last):
  File "/usr/local/lib/python3.12/site-packages/discord/client.py", line 465, in _run_event
    await coro(*args, **kwargs)
  File "/app/asu_discord/cogs/analytics.py", line 652, in on_member_update
    before_timeout = before.timed_out_until
                     ^^^^^^^^^^^^^^^^^^^^^^
AttributeError: 'Member' object has no attribute 'timed_out_until'
Ignoring exception in on_member_update
Traceback (most recent call last):
  File "/usr/local/lib/python3.12/site-packages/discord/client.py", line 465, in _run_event
    await coro(*args, **kwargs)
  File "/app/asu_discord/cogs/analytics.py", line 652, in on_member_update
    before_timeout = before.timed_out_until
                     ^^^^^^^^^^^^^^^^^^^^^^
AttributeError: 'Member' object has no attribute 'timed_out_until'
Ignoring exception in on_member_update
Traceback (most recent call last):
  File "/usr/local/lib/python3.12/site-packages/discord/client.py", line 465, in _run_event
    await coro(*args, **kwargs)
  File "/app/asu_discord/cogs/analytics.py", line 652, in on_member_update
    before_timeout = before.timed_out_until
                     ^^^^^^^^^^^^^^^^^^^^^^
AttributeError: 'Member' object has no attribute 'timed_out_until'
Ignoring exception in on_member_update
Traceback (most recent call last):
  File "/usr/local/lib/python3.12/site-packages/discord/client.py", line 465, in _run_event
    await coro(*args, **kwargs)
  File "/app/asu_discord/cogs/analytics.py", line 652, in on_member_update
    before_timeout = before.timed_out_until
                     ^^^^^^^^^^^^^^^^^^^^^^
AttributeError: 'Member' object has no attribute 'timed_out_until'
Ignoring exception in on_member_update
Traceback (most recent call last):
  File "/usr/local/lib/python3.12/site-packages/discord/client.py", line 465, in _run_event
    await coro(*args, **kwargs)
  File "/app/asu_discord/cogs/analytics.py", line 652, in on_member_update
    before_timeout = before.timed_out_until
                     ^^^^^^^^^^^^^^^^^^^^^^
AttributeError: 'Member' object has no attribute 'timed_out_until'
Ignoring exception in on_member_update
Traceback (most recent call last):
  File "/usr/local/lib/python3.12/site-packages/discord/client.py", line 465, in _run_event
    await coro(*args, **kwargs)
  File "/app/asu_discord/cogs/analytics.py", line 652, in on_member_update
    before_timeout = before.timed_out_until
                     ^^^^^^^^^^^^^^^^^^^^^^
AttributeError: 'Member' object has no attribute 'timed_out_until'
INFO:asu_discord.cogs.verification:Saved 6 roles to database for user cachilt2 (Discord ID: 1187772134840344616)
INFO:asu_discord.cogs.verification:Refreshed Salesforce roles for Discord user 1187772134840344616: -5/+6 roles, assigned=[Arizona Resident, Commited, First Year, Herberger Institute for Design and the Arts, Tempe, Upperclassmen]
Ignoring exception in on_member_update
Traceback (most recent call last):
  File "/usr/local/lib/python3.12/site-packages/discord/client.py", line 465, in _run_event
    await coro(*args, **kwargs)
  File "/app/asu_discord/cogs/analytics.py", line 652, in on_member_update
    before_timeout = before.timed_out_until
                     ^^^^^^^^^^^^^^^^^^^^^^
AttributeError: 'Member' object has no attribute 'timed_out_until'
Ignoring exception in on_member_update
Traceback (most recent call last):
  File "/usr/local/lib/python3.12/site-packages/discord/client.py", line 465, in _run_event
    await coro(*args, **kwargs)
  File "/app/asu_discord/cogs/analytics.py", line 652, in on_member_update
    before_timeout = before.timed_out_until
                     ^^^^^^^^^^^^^^^^^^^^^^
AttributeError: 'Member' object has no attribute 'timed_out_until'
Ignoring exception in on_member_update
Traceback (most recent call last):
  File "/usr/local/lib/python3.12/site-packages/discord/client.py", line 465, in _run_event
    await coro(*args, **kwargs)
  File "/app/asu_discord/cogs/analytics.py", line 652, in on_member_update
    before_timeout = before.timed_out_until
                     ^^^^^^^^^^^^^^^^^^^^^^
AttributeError: 'Member' object has no attribute 'timed_out_until'
Ignoring exception in on_member_update
Traceback (most recent call last):
  File "/usr/local/lib/python3.12/site-packages/discord/client.py", line 465, in _run_event
    await coro(*args, **kwargs)
  File "/app/asu_discord/cogs/analytics.py", line 652, in on_member_update
    before_timeout = before.timed_out_until
                     ^^^^^^^^^^^^^^^^^^^^^^
AttributeError: 'Member' object has no attribute 'timed_out_until'
Ignoring exception in on_member_update
Traceback (most recent call last):
  File "/usr/local/lib/python3.12/site-packages/discord/client.py", line 465, in _run_event
    await coro(*args, **kwargs)
  File "/app/asu_discord/cogs/analytics.py", line 652, in on_member_update
    before_timeout = before.timed_out_until
                     ^^^^^^^^^^^^^^^^^^^^^^
AttributeError: 'Member' object has no attribute 'timed_out_until'
Ignoring exception in on_member_update
Traceback (most recent call last):
  File "/usr/local/lib/python3.12/site-packages/discord/client.py", line 465, in _run_event
    await coro(*args, **kwargs)
  File "/app/asu_discord/cogs/analytics.py", line 652, in on_member_update
    before_timeout = before.timed_out_until
                     ^^^^^^^^^^^^^^^^^^^^^^
AttributeError: 'Member' object has no attribute 'timed_out_until'
Ignoring exception in on_member_update
Traceback (most recent call last):
  File "/usr/local/lib/python3.12/site-packages/discord/client.py", line 465, in _run_event
    await coro(*args, **kwargs)
  File "/app/asu_discord/cogs/analytics.py", line 652, in on_member_update
    before_timeout = before.timed_out_until
                     ^^^^^^^^^^^^^^^^^^^^^^
AttributeError: 'Member' object has no attribute 'timed_out_until'
Ignoring exception in on_member_update
Traceback (most recent call last):
  File "/usr/local/lib/python3.12/site-packages/discord/client.py", line 465, in _run_event
    await coro(*args, **kwargs)
  File "/app/asu_discord/cogs/analytics.py", line 652, in on_member_update
    before_timeout = before.timed_out_until
                     ^^^^^^^^^^^^^^^^^^^^^^
AttributeError: 'Member' object has no attribute 'timed_out_until'
Ignoring exception in on_member_update
Traceback (most recent call last):
  File "/usr/local/lib/python3.12/site-packages/discord/client.py", line 465, in _run_event
    await coro(*args, **kwargs)
  File "/app/asu_discord/cogs/analytics.py", line 652, in on_member_update
    before_timeout = before.timed_out_until
                     ^^^^^^^^^^^^^^^^^^^^^^
AttributeError: 'Member' object has no attribute 'timed_out_until'
Ignoring exception in on_member_update
Traceback (most recent call last):
  File "/usr/local/lib/python3.12/site-packages/discord/client.py", line 465, in _run_event
    await coro(*args, **kwargs)
  File "/app/asu_discord/cogs/analytics.py", line 652, in on_member_update
    before_timeout = before.timed_out_until
                     ^^^^^^^^^^^^^^^^^^^^^^
AttributeError: 'Member' object has no attribute 'timed_out_until'
INFO:asu_discord.cogs.verification:Saved 5 roles to database for user jmrive35 (Discord ID: 320252976256122880)
INFO:asu_discord.cogs.verification:Refreshed Salesforce roles for Discord user 320252976256122880: -5/+5 roles, assigned=[Arizona Resident, Commited, Ira A. Fulton Schools of Engineering, Tempe, Transfer Student]
ERROR:cron.jobs:refresh_salesforce_roles: failed for tjsmi100 (Discord ID 907824218593427478): Failed to refresh Salesforce-based roles: Discord user 907824218593427478 is not a member of the guild
Ignoring exception in on_member_update
Traceback (most recent call last):
  File "/usr/local/lib/python3.12/site-packages/discord/client.py", line 465, in _run_event
    await coro(*args, **kwargs)
  File "/app/asu_discord/cogs/analytics.py", line 652, in on_member_update
    before_timeout = before.timed_out_until
                     ^^^^^^^^^^^^^^^^^^^^^^
AttributeError: 'Member' object has no attribute 'timed_out_until'
Ignoring exception in on_member_update
Traceback (most recent call last):
  File "/usr/local/lib/python3.12/site-packages/discord/client.py", line 465, in _run_event
    await coro(*args, **kwargs)
  File "/app/asu_discord/cogs/analytics.py", line 652, in on_member_update
    before_timeout = before.timed_out_until
                     ^^^^^^^^^^^^^^^^^^^^^^
AttributeError: 'Member' object has no attribute 'timed_out_until'
Ignoring exception in on_member_update
Traceback (most recent call last):
  File "/usr/local/lib/python3.12/site-packages/discord/client.py", line 465, in _run_event
    await coro(*args, **kwargs)
  File "/app/asu_discord/cogs/analytics.py", line 652, in on_member_update
    before_timeout = before.timed_out_until
                     ^^^^^^^^^^^^^^^^^^^^^^
AttributeError: 'Member' object has no attribute 'timed_out_until'
Ignoring exception in on_member_update
Traceback (most recent call last):
  File "/usr/local/lib/python3.12/site-packages/discord/client.py", line 465, in _run_event
    await coro(*args, **kwargs)
  File "/app/asu_discord/cogs/analytics.py", line 652, in on_member_update
    before_timeout = before.timed_out_until
                     ^^^^^^^^^^^^^^^^^^^^^^
AttributeError: 'Member' object has no attribute 'timed_out_until'
Ignoring exception in on_member_update
Traceback (most recent call last):
  File "/usr/local/lib/python3.12/site-packages/discord/client.py", line 465, in _run_event
    await coro(*args, **kwargs)
  File "/app/asu_discord/cogs/analytics.py", line 652, in on_member_update
    before_timeout = before.timed_out_until
                     ^^^^^^^^^^^^^^^^^^^^^^
AttributeError: 'Member' object has no attribute 'timed_out_until'
Ignoring exception in on_member_update
Traceback (most recent call last):
  File "/usr/local/lib/python3.12/site-packages/discord/client.py", line 465, in _run_event
    await coro(*args, **kwargs)
  File "/app/asu_discord/cogs/analytics.py", line 652, in on_member_update
    before_timeout = before.timed_out_until
                     ^^^^^^^^^^^^^^^^^^^^^^
AttributeError: 'Member' object has no attribute 'timed_out_until'
Ignoring exception in on_member_update
Traceback (most recent call last):
  File "/usr/local/lib/python3.12/site-packages/discord/client.py", line 465, in _run_event
    await coro(*args, **kwargs)
  File "/app/asu_discord/cogs/analytics.py", line 652, in on_member_update
    before_timeout = before.timed_out_until
                     ^^^^^^^^^^^^^^^^^^^^^^
AttributeError: 'Member' object has no attribute 'timed_out_until'
Ignoring exception in on_member_update
Traceback (most recent call last):
  File "/usr/local/lib/python3.12/site-packages/discord/client.py", line 465, in _run_event
    await coro(*args, **kwargs)
  File "/app/asu_discord/cogs/analytics.py", line 652, in on_member_update
    before_timeout = before.timed_out_until
                     ^^^^^^^^^^^^^^^^^^^^^^
AttributeError: 'Member' object has no attribute 'timed_out_until'
Ignoring exception in on_member_update
Traceback (most recent call last):
  File "/usr/local/lib/python3.12/site-packages/discord/client.py", line 465, in _run_event
    await coro(*args, **kwargs)
  File "/app/asu_discord/cogs/analytics.py", line 652, in on_member_update
    before_timeout = before.timed_out_until
                     ^^^^^^^^^^^^^^^^^^^^^^
AttributeError: 'Member' object has no attribute 'timed_out_until'
Ignoring exception in on_member_update
Traceback (most recent call last):
  File "/usr/local/lib/python3.12/site-packages/discord/client.py", line 465, in _run_event
    await coro(*args, **kwargs)
  File "/app/asu_discord/cogs/analytics.py", line 652, in on_member_update
    before_timeout = before.timed_out_until
                     ^^^^^^^^^^^^^^^^^^^^^^
AttributeError: 'Member' object has no attribute 'timed_out_until'
INFO:asu_discord.cogs.verification:Saved 5 roles to database for user tsunu (Discord ID: 946673183271026708)
INFO:asu_discord.cogs.verification:Refreshed Salesforce roles for Discord user 946673183271026708: -5/+5 roles, assigned=[Commited, First Year, Ira A. Fulton Schools of Engineering, Out of State, Tempe]
Ignoring exception in on_member_update
Traceback (most recent call last):
  File "/usr/local/lib/python3.12/site-packages/discord/client.py", line 465, in _run_event
    await coro(*args, **kwargs)
  File "/app/asu_discord/cogs/analytics.py", line 652, in on_member_update
    before_timeout = before.timed_out_until
                     ^^^^^^^^^^^^^^^^^^^^^^
AttributeError: 'Member' object has no attribute 'timed_out_until'
Ignoring exception in on_member_update
Traceback (most recent call last):
  File "/usr/local/lib/python3.12/site-packages/discord/client.py", line 465, in _run_event
    await coro(*args, **kwargs)
  File "/app/asu_discord/cogs/analytics.py", line 652, in on_member_update
    before_timeout = before.timed_out_until
                     ^^^^^^^^^^^^^^^^^^^^^^
AttributeError: 'Member' object has no attribute 'timed_out_until'
Ignoring exception in on_member_update
Traceback (most recent call last):
  File "/usr/local/lib/python3.12/site-packages/discord/client.py", line 465, in _run_event
    await coro(*args, **kwargs)
  File "/app/asu_discord/cogs/analytics.py", line 652, in on_member_update
    before_timeout = before.timed_out_until
                     ^^^^^^^^^^^^^^^^^^^^^^
AttributeError: 'Member' object has no attribute 'timed_out_until'
Ignoring exception in on_member_update
Traceback (most recent call last):
  File "/usr/local/lib/python3.12/site-packages/discord/client.py", line 465, in _run_event
    await coro(*args, **kwargs)
  File "/app/asu_discord/cogs/analytics.py", line 652, in on_member_update
    before_timeout = before.timed_out_until
                     ^^^^^^^^^^^^^^^^^^^^^^
AttributeError: 'Member' object has no attribute 'timed_out_until'
Ignoring exception in on_member_update
Traceback (most recent call last):
  File "/usr/local/lib/python3.12/site-packages/discord/client.py", line 465, in _run_event
    await coro(*args, **kwargs)
  File "/app/asu_discord/cogs/analytics.py", line 652, in on_member_update
    before_timeout = before.timed_out_until
                     ^^^^^^^^^^^^^^^^^^^^^^
AttributeError: 'Member' object has no attribute 'timed_out_until'
Ignoring exception in on_member_update
Traceback (most recent call last):
  File "/usr/local/lib/python3.12/site-packages/discord/client.py", line 465, in _run_event
    await coro(*args, **kwargs)
  File "/app/asu_discord/cogs/analytics.py", line 652, in on_member_update
    before_timeout = before.timed_out_until
                     ^^^^^^^^^^^^^^^^^^^^^^
AttributeError: 'Member' object has no attribute 'timed_out_until'
Ignoring exception in on_member_update
Traceback (most recent call last):
  File "/usr/local/lib/python3.12/site-packages/discord/client.py", line 465, in _run_event
    await coro(*args, **kwargs)
  File "/app/asu_discord/cogs/analytics.py", line 652, in on_member_update
    before_timeout = before.timed_out_until
                     ^^^^^^^^^^^^^^^^^^^^^^
AttributeError: 'Member' object has no attribute 'timed_out_until'
Ignoring exception in on_member_update
Traceback (most recent call last):
  File "/usr/local/lib/python3.12/site-packages/discord/client.py", line 465, in _run_event
    await coro(*args, **kwargs)
  File "/app/asu_discord/cogs/analytics.py", line 652, in on_member_update
    before_timeout = before.timed_out_until
                     ^^^^^^^^^^^^^^^^^^^^^^
AttributeError: 'Member' object has no attribute 'timed_out_until'
Ignoring exception in on_member_update
Traceback (most recent call last):
  File "/usr/local/lib/python3.12/site-packages/discord/client.py", line 465, in _run_event
    await coro(*args, **kwargs)
  File "/app/asu_discord/cogs/analytics.py", line 652, in on_member_update
    before_timeout = before.timed_out_until
                     ^^^^^^^^^^^^^^^^^^^^^^
AttributeError: 'Member' object has no attribute 'timed_out_until'
Ignoring exception in on_member_update
Traceback (most recent call last):
  File "/usr/local/lib/python3.12/site-packages/discord/client.py", line 465, in _run_event
    await coro(*args, **kwargs)
  File "/app/asu_discord/cogs/analytics.py", line 652, in on_member_update
    before_timeout = before.timed_out_until
                     ^^^^^^^^^^^^^^^^^^^^^^
AttributeError: 'Member' object has no attribute 'timed_out_until'
ERROR:cron.jobs:refresh_salesforce_roles: failed for dmakkar1 (Discord ID 1147131422889484338): Timed out refresh Salesforce-based roles
Ignoring exception in on_member_update
Traceback (most recent call last):
  File "/usr/local/lib/python3.12/site-packages/discord/client.py", line 465, in _run_event
    await coro(*args, **kwargs)
  File "/app/asu_discord/cogs/analytics.py", line 652, in on_member_update
    before_timeout = before.timed_out_until
                     ^^^^^^^^^^^^^^^^^^^^^^
AttributeError: 'Member' object has no attribute 'timed_out_until'
Ignoring exception in on_member_update
Traceback (most recent call last):
  File "/usr/local/lib/python3.12/site-packages/discord/client.py", line 465, in _run_event
    await coro(*args, **kwargs)
  File "/app/asu_discord/cogs/analytics.py", line 652, in on_member_update
    before_timeout = before.timed_out_until
                     ^^^^^^^^^^^^^^^^^^^^^^
AttributeError: 'Member' object has no attribute 'timed_out_until'
Ignoring exception in on_member_update
Traceback (most recent call last):
  File "/usr/local/lib/python3.12/site-packages/discord/client.py", line 465, in _run_event
    await coro(*args, **kwargs)
  File "/app/asu_discord/cogs/analytics.py", line 652, in on_member_update
    before_timeout = before.timed_out_until
                     ^^^^^^^^^^^^^^^^^^^^^^
AttributeError: 'Member' object has no attribute 'timed_out_until'
Ignoring exception in on_member_update
Traceback (most recent call last):
  File "/usr/local/lib/python3.12/site-packages/discord/client.py", line 465, in _run_event
    await coro(*args, **kwargs)
  File "/app/asu_discord/cogs/analytics.py", line 652, in on_member_update
    before_timeout = before.timed_out_until
                     ^^^^^^^^^^^^^^^^^^^^^^
AttributeError: 'Member' object has no attribute 'timed_out_until'
Ignoring exception in on_member_update
Traceback (most recent call last):
  File "/usr/local/lib/python3.12/site-packages/discord/client.py", line 465, in _run_event
    await coro(*args, **kwargs)
  File "/app/asu_discord/cogs/analytics.py", line 652, in on_member_update
    before_timeout = before.timed_out_until
                     ^^^^^^^^^^^^^^^^^^^^^^
AttributeError: 'Member' object has no attribute 'timed_out_until'
Ignoring exception in on_member_update
Traceback (most recent call last):
  File "/usr/local/lib/python3.12/site-packages/discord/client.py", line 465, in _run_event
    await coro(*args, **kwargs)
  File "/app/asu_discord/cogs/analytics.py", line 652, in on_member_update
    before_timeout = before.timed_out_until
                     ^^^^^^^^^^^^^^^^^^^^^^
AttributeError: 'Member' object has no attribute 'timed_out_until'
Ignoring exception in on_member_update
Traceback (most recent call last):
  File "/usr/local/lib/python3.12/site-packages/discord/client.py", line 465, in _run_event
    await coro(*args, **kwargs)
  File "/app/asu_discord/cogs/analytics.py", line 652, in on_member_update
    before_timeout = before.timed_out_until
                     ^^^^^^^^^^^^^^^^^^^^^^
AttributeError: 'Member' object has no attribute 'timed_out_until'
Ignoring exception in on_member_update
Traceback (most recent call last):
  File "/usr/local/lib/python3.12/site-packages/discord/client.py", line 465, in _run_event
    await coro(*args, **kwargs)
  File "/app/asu_discord/cogs/analytics.py", line 652, in on_member_update
    before_timeout = before.timed_out_until
                     ^^^^^^^^^^^^^^^^^^^^^^
AttributeError: 'Member' object has no attribute 'timed_out_until'
INFO:asu_discord.cogs.verification:Saved 4 roles to database for user aaburzai (Discord ID: 1478879405429358674)
INFO:asu_discord.cogs.verification:Refreshed Salesforce roles for Discord user 1478879405429358674: -4/+4 roles, assigned=[First Year, Herberger Institute for Design and the Arts, International Student, Tempe]
Ignoring exception in on_member_update
Traceback (most recent call last):
  File "/usr/local/lib/python3.12/site-packages/discord/client.py", line 465, in _run_event
    await coro(*args, **kwargs)
  File "/app/asu_discord/cogs/analytics.py", line 652, in on_member_update
    before_timeout = before.timed_out_until
                     ^^^^^^^^^^^^^^^^^^^^^^
AttributeError: 'Member' object has no attribute 'timed_out_until'
Ignoring exception in on_member_update
Traceback (most recent call last):
  File "/usr/local/lib/python3.12/site-packages/discord/client.py", line 465, in _run_event
    await coro(*args, **kwargs)
  File "/app/asu_discord/cogs/analytics.py", line 652, in on_member_update
    before_timeout = before.timed_out_until
                     ^^^^^^^^^^^^^^^^^^^^^^
AttributeError: 'Member' object has no attribute 'timed_out_until'
Ignoring exception in on_member_update
Traceback (most recent call last):
  File "/usr/local/lib/python3.12/site-packages/discord/client.py", line 465, in _run_event
    await coro(*args, **kwargs)
  File "/app/asu_discord/cogs/analytics.py", line 652, in on_member_update
    before_timeout = before.timed_out_until
                     ^^^^^^^^^^^^^^^^^^^^^^
AttributeError: 'Member' object has no attribute 'timed_out_until'
Ignoring exception in on_member_update
Traceback (most recent call last):
  File "/usr/local/lib/python3.12/site-packages/discord/client.py", line 465, in _run_event
    await coro(*args, **kwargs)
  File "/app/asu_discord/cogs/analytics.py", line 652, in on_member_update
    before_timeout = before.timed_out_until
                     ^^^^^^^^^^^^^^^^^^^^^^
AttributeError: 'Member' object has no attribute 'timed_out_until'
Ignoring exception in on_member_update
Traceback (most recent call last):
  File "/usr/local/lib/python3.12/site-packages/discord/client.py", line 465, in _run_event
    await coro(*args, **kwargs)
  File "/app/asu_discord/cogs/analytics.py", line 652, in on_member_update
    before_timeout = before.timed_out_until
                     ^^^^^^^^^^^^^^^^^^^^^^
AttributeError: 'Member' object has no attribute 'timed_out_until'
Ignoring exception in on_member_update
Traceback (most recent call last):
  File "/usr/local/lib/python3.12/site-packages/discord/client.py", line 465, in _run_event
    await coro(*args, **kwargs)
  File "/app/asu_discord/cogs/analytics.py", line 652, in on_member_update
    before_timeout = before.timed_out_until
                     ^^^^^^^^^^^^^^^^^^^^^^
AttributeError: 'Member' object has no attribute 'timed_out_until'
Ignoring exception in on_member_update
Traceback (most recent call last):
  File "/usr/local/lib/python3.12/site-packages/discord/client.py", line 465, in _run_event
    await coro(*args, **kwargs)
  File "/app/asu_discord/cogs/analytics.py", line 652, in on_member_update
    before_timeout = before.timed_out_until
                     ^^^^^^^^^^^^^^^^^^^^^^
AttributeError: 'Member' object has no attribute 'timed_out_until'
Ignoring exception in on_member_update
Traceback (most recent call last):
  File "/usr/local/lib/python3.12/site-packages/discord/client.py", line 465, in _run_event
    await coro(*args, **kwargs)
  File "/app/asu_discord/cogs/analytics.py", line 652, in on_member_update
    before_timeout = before.timed_out_until
                     ^^^^^^^^^^^^^^^^^^^^^^
AttributeError: 'Member' object has no attribute 'timed_out_until'
Ignoring exception in on_member_update
Traceback (most recent call last):
  File "/usr/local/lib/python3.12/site-packages/discord/client.py", line 465, in _run_event
    await coro(*args, **kwargs)
  File "/app/asu_discord/cogs/analytics.py", line 652, in on_member_update
    before_timeout = before.timed_out_until
                     ^^^^^^^^^^^^^^^^^^^^^^
AttributeError: 'Member' object has no attribute 'timed_out_until'
INFO:asu_discord.cogs.verification:Saved 5 roles to database for user asurve13 (Discord ID: 694870471879163905)
INFO:asu_discord.cogs.verification:Refreshed Salesforce roles for Discord user 694870471879163905: -4/+5 roles, assigned=[College of Health Solutions, Commited, Downtown Phoenix, Graduate Student, International Student]
Ignoring exception in on_member_update
Traceback (most recent call last):
  File "/usr/local/lib/python3.12/site-packages/discord/client.py", line 465, in _run_event
    await coro(*args, **kwargs)
  File "/app/asu_discord/cogs/analytics.py", line 652, in on_member_update
    before_timeout = before.timed_out_until
                     ^^^^^^^^^^^^^^^^^^^^^^
AttributeError: 'Member' object has no attribute 'timed_out_until'
Ignoring exception in on_member_update
Traceback (most recent call last):
  File "/usr/local/lib/python3.12/site-packages/discord/client.py", line 465, in _run_event
    await coro(*args, **kwargs)
  File "/app/asu_discord/cogs/analytics.py", line 652, in on_member_update
    before_timeout = before.timed_out_until
                     ^^^^^^^^^^^^^^^^^^^^^^
AttributeError: 'Member' object has no attribute 'timed_out_until'
Ignoring exception in on_member_update
Traceback (most recent call last):
  File "/usr/local/lib/python3.12/site-packages/discord/client.py", line 465, in _run_event
    await coro(*args, **kwargs)
  File "/app/asu_discord/cogs/analytics.py", line 652, in on_member_update
    before_timeout = before.timed_out_until
                     ^^^^^^^^^^^^^^^^^^^^^^
AttributeError: 'Member' object has no attribute 'timed_out_until'
Ignoring exception in on_member_update
Traceback (most recent call last):
  File "/usr/local/lib/python3.12/site-packages/discord/client.py", line 465, in _run_event
    await coro(*args, **kwargs)
  File "/app/asu_discord/cogs/analytics.py", line 652, in on_member_update
    before_timeout = before.timed_out_until
                     ^^^^^^^^^^^^^^^^^^^^^^
AttributeError: 'Member' object has no attribute 'timed_out_until'
Ignoring exception in on_member_update
Traceback (most recent call last):
  File "/usr/local/lib/python3.12/site-packages/discord/client.py", line 465, in _run_event
    await coro(*args, **kwargs)
  File "/app/asu_discord/cogs/analytics.py", line 652, in on_member_update
    before_timeout = before.timed_out_until
                     ^^^^^^^^^^^^^^^^^^^^^^
AttributeError: 'Member' object has no attribute 'timed_out_until'
Ignoring exception in on_member_update
Traceback (most recent call last):
  File "/usr/local/lib/python3.12/site-packages/discord/client.py", line 465, in _run_event
    await coro(*args, **kwargs)
  File "/app/asu_discord/cogs/analytics.py", line 652, in on_member_update
    before_timeout = before.timed_out_until
                     ^^^^^^^^^^^^^^^^^^^^^^
AttributeError: 'Member' object has no attribute 'timed_out_until'
Ignoring exception in on_member_update
Traceback (most recent call last):
  File "/usr/local/lib/python3.12/site-packages/discord/client.py", line 465, in _run_event
    await coro(*args, **kwargs)
  File "/app/asu_discord/cogs/analytics.py", line 652, in on_member_update
    before_timeout = before.timed_out_until
                     ^^^^^^^^^^^^^^^^^^^^^^
AttributeError: 'Member' object has no attribute 'timed_out_until'
Ignoring exception in on_member_update
Traceback (most recent call last):
  File "/usr/local/lib/python3.12/site-packages/discord/client.py", line 465, in _run_event
    await coro(*args, **kwargs)
  File "/app/asu_discord/cogs/analytics.py", line 652, in on_member_update
    before_timeout = before.timed_out_until
                     ^^^^^^^^^^^^^^^^^^^^^^
AttributeError: 'Member' object has no attribute 'timed_out_until'
Ignoring exception in on_member_update
Traceback (most recent call last):
  File "/usr/local/lib/python3.12/site-packages/discord/client.py", line 465, in _run_event
    await coro(*args, **kwargs)
  File "/app/asu_discord/cogs/analytics.py", line 652, in on_member_update
    before_timeout = before.timed_out_until
                     ^^^^^^^^^^^^^^^^^^^^^^
AttributeError: 'Member' object has no attribute 'timed_out_until'
Ignoring exception in on_member_update
Traceback (most recent call last):
  File "/usr/local/lib/python3.12/site-packages/discord/client.py", line 465, in _run_event
    await coro(*args, **kwargs)
  File "/app/asu_discord/cogs/analytics.py", line 652, in on_member_update
    before_timeout = before.timed_out_until
                     ^^^^^^^^^^^^^^^^^^^^^^
AttributeError: 'Member' object has no attribute 'timed_out_until'
INFO:asu_discord.cogs.verification:Saved 5 roles to database for user pasante1 (Discord ID: 986646555731849228)
INFO:asu_discord.cogs.verification:Refreshed Salesforce roles for Discord user 986646555731849228: -5/+5 roles, assigned=[College of Global Futures, First Generation Student, Graduate Student, International Student, Tempe]
Ignoring exception in on_member_update
Traceback (most recent call last):
  File "/usr/local/lib/python3.12/site-packages/discord/client.py", line 465, in _run_event
    await coro(*args, **kwargs)
  File "/app/asu_discord/cogs/analytics.py", line 652, in on_member_update
    before_timeout = before.timed_out_until
                     ^^^^^^^^^^^^^^^^^^^^^^
AttributeError: 'Member' object has no attribute 'timed_out_until'
Ignoring exception in on_member_update
Traceback (most recent call last):
  File "/usr/local/lib/python3.12/site-packages/discord/client.py", line 465, in _run_event
    await coro(*args, **kwargs)
  File "/app/asu_discord/cogs/analytics.py", line 652, in on_member_update
    before_timeout = before.timed_out_until
                     ^^^^^^^^^^^^^^^^^^^^^^
AttributeError: 'Member' object has no attribute 'timed_out_until'
Ignoring exception in on_member_update
Traceback (most recent call last):
  File "/usr/local/lib/python3.12/site-packages/discord/client.py", line 465, in _run_event
    await coro(*args, **kwargs)
  File "/app/asu_discord/cogs/analytics.py", line 652, in on_member_update
    before_timeout = before.timed_out_until
                     ^^^^^^^^^^^^^^^^^^^^^^
AttributeError: 'Member' object has no attribute 'timed_out_until'
Ignoring exception in on_member_update
Traceback (most recent call last):
  File "/usr/local/lib/python3.12/site-packages/discord/client.py", line 465, in _run_event
    await coro(*args, **kwargs)
  File "/app/asu_discord/cogs/analytics.py", line 652, in on_member_update
    before_timeout = before.timed_out_until
                     ^^^^^^^^^^^^^^^^^^^^^^
AttributeError: 'Member' object has no attribute 'timed_out_until'
Ignoring exception in on_member_update
Traceback (most recent call last):
  File "/usr/local/lib/python3.12/site-packages/discord/client.py", line 465, in _run_event
    await coro(*args, **kwargs)
  File "/app/asu_discord/cogs/analytics.py", line 652, in on_member_update
    before_timeout = before.timed_out_until
                     ^^^^^^^^^^^^^^^^^^^^^^
AttributeError: 'Member' object has no attribute 'timed_out_until'
Ignoring exception in on_member_update
Traceback (most recent call last):
  File "/usr/local/lib/python3.12/site-packages/discord/client.py", line 465, in _run_event
    await coro(*args, **kwargs)
  File "/app/asu_discord/cogs/analytics.py", line 652, in on_member_update
    before_timeout = before.timed_out_until
                     ^^^^^^^^^^^^^^^^^^^^^^
AttributeError: 'Member' object has no attribute 'timed_out_until'
Ignoring exception in on_member_update
Traceback (most recent call last):
  File "/usr/local/lib/python3.12/site-packages/discord/client.py", line 465, in _run_event
    await coro(*args, **kwargs)
  File "/app/asu_discord/cogs/analytics.py", line 652, in on_member_update
    before_timeout = before.timed_out_until
                     ^^^^^^^^^^^^^^^^^^^^^^
AttributeError: 'Member' object has no attribute 'timed_out_until'
INFO:asu_discord.cogs.verification:Saved 4 roles to database for user ecglaude (Discord ID: 755852246847062126)
INFO:asu_discord.cogs.verification:Refreshed Salesforce roles for Discord user 755852246847062126: -4/+3 roles, assigned=[Arizona Resident, First Year, Herberger Institute for Design and the Arts, Tempe]
Ignoring exception in on_member_update
Traceback (most recent call last):
  File "/usr/local/lib/python3.12/site-packages/discord/client.py", line 465, in _run_event
    await coro(*args, **kwargs)
  File "/app/asu_discord/cogs/analytics.py", line 652, in on_member_update
    before_timeout = before.timed_out_until
                     ^^^^^^^^^^^^^^^^^^^^^^
AttributeError: 'Member' object has no attribute 'timed_out_until'
Ignoring exception in on_member_update
Traceback (most recent call last):
  File "/usr/local/lib/python3.12/site-packages/discord/client.py", line 465, in _run_event
    await coro(*args, **kwargs)
  File "/app/asu_discord/cogs/analytics.py", line 652, in on_member_update
    before_timeout = before.timed_out_until
                     ^^^^^^^^^^^^^^^^^^^^^^
AttributeError: 'Member' object has no attribute 'timed_out_until'
Ignoring exception in on_member_update
Traceback (most recent call last):
  File "/usr/local/lib/python3.12/site-packages/discord/client.py", line 465, in _run_event
    await coro(*args, **kwargs)
  File "/app/asu_discord/cogs/analytics.py", line 652, in on_member_update
    before_timeout = before.timed_out_until
                     ^^^^^^^^^^^^^^^^^^^^^^
AttributeError: 'Member' object has no attribute 'timed_out_until'
Ignoring exception in on_member_update
Traceback (most recent call last):
  File "/usr/local/lib/python3.12/site-packages/discord/client.py", line 465, in _run_event
    await coro(*args, **kwargs)
  File "/app/asu_discord/cogs/analytics.py", line 652, in on_member_update
    before_timeout = before.timed_out_until
                     ^^^^^^^^^^^^^^^^^^^^^^
AttributeError: 'Member' object has no attribute 'timed_out_until'
Ignoring exception in on_member_update
Traceback (most recent call last):
  File "/usr/local/lib/python3.12/site-packages/discord/client.py", line 465, in _run_event
    await coro(*args, **kwargs)
  File "/app/asu_discord/cogs/analytics.py", line 652, in on_member_update
    before_timeout = before.timed_out_until
                     ^^^^^^^^^^^^^^^^^^^^^^
AttributeError: 'Member' object has no attribute 'timed_out_until'
Ignoring exception in on_member_update
Traceback (most recent call last):
  File "/usr/local/lib/python3.12/site-packages/discord/client.py", line 465, in _run_event
    await coro(*args, **kwargs)
  File "/app/asu_discord/cogs/analytics.py", line 652, in on_member_update
    before_timeout = before.timed_out_until
                     ^^^^^^^^^^^^^^^^^^^^^^
AttributeError: 'Member' object has no attribute 'timed_out_until'
Ignoring exception in on_member_update
Traceback (most recent call last):
  File "/usr/local/lib/python3.12/site-packages/discord/client.py", line 465, in _run_event
    await coro(*args, **kwargs)
  File "/app/asu_discord/cogs/analytics.py", line 652, in on_member_update
    before_timeout = before.timed_out_until
                     ^^^^^^^^^^^^^^^^^^^^^^
AttributeError: 'Member' object has no attribute 'timed_out_until'
Ignoring exception in on_member_update
Traceback (most recent call last):
  File "/usr/local/lib/python3.12/site-packages/discord/client.py", line 465, in _run_event
    await coro(*args, **kwargs)
  File "/app/asu_discord/cogs/analytics.py", line 652, in on_member_update
    before_timeout = before.timed_out_until
                     ^^^^^^^^^^^^^^^^^^^^^^
AttributeError: 'Member' object has no attribute 'timed_out_until'
INFO:asu_discord.cogs.verification:Saved 5 roles to database for user amyers62 (Discord ID: 846521673313812522)
INFO:asu_discord.cogs.verification:Refreshed Salesforce roles for Discord user 846521673313812522: -4/+4 roles, assigned=[Arizona Resident, Commited, Edson College of Nursing and Health Innovation, First Year, West Valley]
Ignoring exception in on_member_update
Traceback (most recent call last):
  File "/usr/local/lib/python3.12/site-packages/discord/client.py", line 465, in _run_event
    await coro(*args, **kwargs)
  File "/app/asu_discord/cogs/analytics.py", line 652, in on_member_update
    before_timeout = before.timed_out_until
                     ^^^^^^^^^^^^^^^^^^^^^^
AttributeError: 'Member' object has no attribute 'timed_out_until'
Ignoring exception in on_member_update
Traceback (most recent call last):
  File "/usr/local/lib/python3.12/site-packages/discord/client.py", line 465, in _run_event
    await coro(*args, **kwargs)
  File "/app/asu_discord/cogs/analytics.py", line 652, in on_member_update
    before_timeout = before.timed_out_until
                     ^^^^^^^^^^^^^^^^^^^^^^
AttributeError: 'Member' object has no attribute 'timed_out_until'
Ignoring exception in on_member_update
Traceback (most recent call last):
  File "/usr/local/lib/python3.12/site-packages/discord/client.py", line 465, in _run_event
    await coro(*args, **kwargs)
  File "/app/asu_discord/cogs/analytics.py", line 652, in on_member_update
    before_timeout = before.timed_out_until
                     ^^^^^^^^^^^^^^^^^^^^^^
AttributeError: 'Member' object has no attribute 'timed_out_until'
Ignoring exception in on_member_update
Traceback (most recent call last):
  File "/usr/local/lib/python3.12/site-packages/discord/client.py", line 465, in _run_event
    await coro(*args, **kwargs)
  File "/app/asu_discord/cogs/analytics.py", line 652, in on_member_update
    before_timeout = before.timed_out_until
                     ^^^^^^^^^^^^^^^^^^^^^^
AttributeError: 'Member' object has no attribute 'timed_out_until'
Ignoring exception in on_member_update
Traceback (most recent call last):
  File "/usr/local/lib/python3.12/site-packages/discord/client.py", line 465, in _run_event
    await coro(*args, **kwargs)
  File "/app/asu_discord/cogs/analytics.py", line 652, in on_member_update
    before_timeout = before.timed_out_until
                     ^^^^^^^^^^^^^^^^^^^^^^
AttributeError: 'Member' object has no attribute 'timed_out_until'
Ignoring exception in on_member_update
Traceback (most recent call last):
  File "/usr/local/lib/python3.12/site-packages/discord/client.py", line 465, in _run_event
    await coro(*args, **kwargs)
  File "/app/asu_discord/cogs/analytics.py", line 652, in on_member_update
    before_timeout = before.timed_out_until
                     ^^^^^^^^^^^^^^^^^^^^^^
AttributeError: 'Member' object has no attribute 'timed_out_until'
Ignoring exception in on_member_update
Traceback (most recent call last):
  File "/usr/local/lib/python3.12/site-packages/discord/client.py", line 465, in _run_event
    await coro(*args, **kwargs)
  File "/app/asu_discord/cogs/analytics.py", line 652, in on_member_update
    before_timeout = before.timed_out_until
                     ^^^^^^^^^^^^^^^^^^^^^^
AttributeError: 'Member' object has no attribute 'timed_out_until'
Ignoring exception in on_member_update
Traceback (most recent call last):
  File "/usr/local/lib/python3.12/site-packages/discord/client.py", line 465, in _run_event
    await coro(*args, **kwargs)
  File "/app/asu_discord/cogs/analytics.py", line 652, in on_member_update
    before_timeout = before.timed_out_until
                     ^^^^^^^^^^^^^^^^^^^^^^
AttributeError: 'Member' object has no attribute 'timed_out_until'
Ignoring exception in on_member_update
Traceback (most recent call last):
  File "/usr/local/lib/python3.12/site-packages/discord/client.py", line 465, in _run_event
    await coro(*args, **kwargs)
  File "/app/asu_discord/cogs/analytics.py", line 652, in on_member_update
    before_timeout = before.timed_out_until
                     ^^^^^^^^^^^^^^^^^^^^^^
AttributeError: 'Member' object has no attribute 'timed_out_until'
Ignoring exception in on_member_update
Traceback (most recent call last):
  File "/usr/local/lib/python3.12/site-packages/discord/client.py", line 465, in _run_event
    await coro(*args, **kwargs)
  File "/app/asu_discord/cogs/analytics.py", line 652, in on_member_update
    before_timeout = before.timed_out_until
                     ^^^^^^^^^^^^^^^^^^^^^^
AttributeError: 'Member' object has no attribute 'timed_out_until'
Ignoring exception in on_member_update
Traceback (most recent call last):
  File "/usr/local/lib/python3.12/site-packages/discord/client.py", line 465, in _run_event
    await coro(*args, **kwargs)
  File "/app/asu_discord/cogs/analytics.py", line 652, in on_member_update
    before_timeout = before.timed_out_until
                     ^^^^^^^^^^^^^^^^^^^^^^
AttributeError: 'Member' object has no attribute 'timed_out_until'
Ignoring exception in on_member_update
Traceback (most recent call last):
  File "/usr/local/lib/python3.12/site-packages/discord/client.py", line 465, in _run_event
    await coro(*args, **kwargs)
  File "/app/asu_discord/cogs/analytics.py", line 652, in on_member_update
    before_timeout = before.timed_out_until
                     ^^^^^^^^^^^^^^^^^^^^^^
AttributeError: 'Member' object has no attribute 'timed_out_until'
INFO:asu_discord.cogs.verification:Saved 6 roles to database for user knilssen (Discord ID: 988993835940077589)
INFO:asu_discord.cogs.verification:Refreshed Salesforce roles for Discord user 988993835940077589: -6/+6 roles, assigned=[Arizona Resident, Commited, First Year, Herberger Institute for Design and the Arts, Tempe, Upperclassmen]
Ignoring exception in on_member_update
Traceback (most recent call last):
  File "/usr/local/lib/python3.12/site-packages/discord/client.py", line 465, in _run_event
    await coro(*args, **kwargs)
  File "/app/asu_discord/cogs/analytics.py", line 652, in on_member_update
    before_timeout = before.timed_out_until
                     ^^^^^^^^^^^^^^^^^^^^^^
AttributeError: 'Member' object has no attribute 'timed_out_until'
Ignoring exception in on_member_update
Traceback (most recent call last):
  File "/usr/local/lib/python3.12/site-packages/discord/client.py", line 465, in _run_event
    await coro(*args, **kwargs)
  File "/app/asu_discord/cogs/analytics.py", line 652, in on_member_update
    before_timeout = before.timed_out_until
                     ^^^^^^^^^^^^^^^^^^^^^^
AttributeError: 'Member' object has no attribute 'timed_out_until'
Ignoring exception in on_member_update
Traceback (most recent call last):
  File "/usr/local/lib/python3.12/site-packages/discord/client.py", line 465, in _run_event
    await coro(*args, **kwargs)
  File "/app/asu_discord/cogs/analytics.py", line 652, in on_member_update
    before_timeout = before.timed_out_until
                     ^^^^^^^^^^^^^^^^^^^^^^
AttributeError: 'Member' object has no attribute 'timed_out_until'
Ignoring exception in on_member_update
Traceback (most recent call last):
  File "/usr/local/lib/python3.12/site-packages/discord/client.py", line 465, in _run_event
    await coro(*args, **kwargs)
  File "/app/asu_discord/cogs/analytics.py", line 652, in on_member_update
    before_timeout = before.timed_out_until
                     ^^^^^^^^^^^^^^^^^^^^^^
AttributeError: 'Member' object has no attribute 'timed_out_until'
Ignoring exception in on_member_update
Traceback (most recent call last):
  File "/usr/local/lib/python3.12/site-packages/discord/client.py", line 465, in _run_event
    await coro(*args, **kwargs)
  File "/app/asu_discord/cogs/analytics.py", line 652, in on_member_update
    before_timeout = before.timed_out_until
                     ^^^^^^^^^^^^^^^^^^^^^^
AttributeError: 'Member' object has no attribute 'timed_out_until'
Ignoring exception in on_member_update
Traceback (most recent call last):
  File "/usr/local/lib/python3.12/site-packages/discord/client.py", line 465, in _run_event
    await coro(*args, **kwargs)
  File "/app/asu_discord/cogs/analytics.py", line 652, in on_member_update
    before_timeout = before.timed_out_until
                     ^^^^^^^^^^^^^^^^^^^^^^
AttributeError: 'Member' object has no attribute 'timed_out_until'
Ignoring exception in on_member_update
Traceback (most recent call last):
  File "/usr/local/lib/python3.12/site-packages/discord/client.py", line 465, in _run_event
    await coro(*args, **kwargs)
  File "/app/asu_discord/cogs/analytics.py", line 652, in on_member_update
    before_timeout = before.timed_out_until
                     ^^^^^^^^^^^^^^^^^^^^^^
AttributeError: 'Member' object has no attribute 'timed_out_until'
Ignoring exception in on_member_update
Traceback (most recent call last):
  File "/usr/local/lib/python3.12/site-packages/discord/client.py", line 465, in _run_event
    await coro(*args, **kwargs)
  File "/app/asu_discord/cogs/analytics.py", line 652, in on_member_update
    before_timeout = before.timed_out_until
                     ^^^^^^^^^^^^^^^^^^^^^^
AttributeError: 'Member' object has no attribute 'timed_out_until'
Ignoring exception in on_member_update
Traceback (most recent call last):
  File "/usr/local/lib/python3.12/site-packages/discord/client.py", line 465, in _run_event
    await coro(*args, **kwargs)
  File "/app/asu_discord/cogs/analytics.py", line 652, in on_member_update
    before_timeout = before.timed_out_until
                     ^^^^^^^^^^^^^^^^^^^^^^
AttributeError: 'Member' object has no attribute 'timed_out_until'
Ignoring exception in on_member_update
Traceback (most recent call last):
  File "/usr/local/lib/python3.12/site-packages/discord/client.py", line 465, in _run_event
    await coro(*args, **kwargs)
  File "/app/asu_discord/cogs/analytics.py", line 652, in on_member_update
    before_timeout = before.timed_out_until
                     ^^^^^^^^^^^^^^^^^^^^^^
AttributeError: 'Member' object has no attribute 'timed_out_until'
Ignoring exception in on_member_update
Traceback (most recent call last):
  File "/usr/local/lib/python3.12/site-packages/discord/client.py", line 465, in _run_event
    await coro(*args, **kwargs)
  File "/app/asu_discord/cogs/analytics.py", line 652, in on_member_update
    before_timeout = before.timed_out_until
                     ^^^^^^^^^^^^^^^^^^^^^^
AttributeError: 'Member' object has no attribute 'timed_out_until'
Ignoring exception in on_member_update
Traceback (most recent call last):
  File "/usr/local/lib/python3.12/site-packages/discord/client.py", line 465, in _run_event
    await coro(*args, **kwargs)
  File "/app/asu_discord/cogs/analytics.py", line 652, in on_member_update
    before_timeout = before.timed_out_until
                     ^^^^^^^^^^^^^^^^^^^^^^
AttributeError: 'Member' object has no attribute 'timed_out_until'
INFO:asu_discord.cogs.verification:Saved 6 roles to database for user dedemar1 (Discord ID: 753088672076922920)
INFO:asu_discord.cogs.verification:Refreshed Salesforce roles for Discord user 753088672076922920: -6/+6 roles, assigned=[Arizona Resident, Commited, First Year, Tempe, Upperclassmen, W.P. Carey School of Business]
Ignoring exception in on_member_update
Traceback (most recent call last):
  File "/usr/local/lib/python3.12/site-packages/discord/client.py", line 465, in _run_event
    await coro(*args, **kwargs)
  File "/app/asu_discord/cogs/analytics.py", line 652, in on_member_update
    before_timeout = before.timed_out_until
                     ^^^^^^^^^^^^^^^^^^^^^^
AttributeError: 'Member' object has no attribute 'timed_out_until'
Ignoring exception in on_member_update
Traceback (most recent call last):
  File "/usr/local/lib/python3.12/site-packages/discord/client.py", line 465, in _run_event
    await coro(*args, **kwargs)
  File "/app/asu_discord/cogs/analytics.py", line 652, in on_member_update
    before_timeout = before.timed_out_until
                     ^^^^^^^^^^^^^^^^^^^^^^
AttributeError: 'Member' object has no attribute 'timed_out_until'
Ignoring exception in on_member_update
Traceback (most recent call last):
  File "/usr/local/lib/python3.12/site-packages/discord/client.py", line 465, in _run_event
    await coro(*args, **kwargs)
  File "/app/asu_discord/cogs/analytics.py", line 652, in on_member_update
    before_timeout = before.timed_out_until
                     ^^^^^^^^^^^^^^^^^^^^^^
AttributeError: 'Member' object has no attribute 'timed_out_until'
Ignoring exception in on_member_update
Traceback (most recent call last):
  File "/usr/local/lib/python3.12/site-packages/discord/client.py", line 465, in _run_event
    await coro(*args, **kwargs)
  File "/app/asu_discord/cogs/analytics.py", line 652, in on_member_update
    before_timeout = before.timed_out_until
                     ^^^^^^^^^^^^^^^^^^^^^^
AttributeError: 'Member' object has no attribute 'timed_out_until'
Ignoring exception in on_member_update
Traceback (most recent call last):
  File "/usr/local/lib/python3.12/site-packages/discord/client.py", line 465, in _run_event
    await coro(*args, **kwargs)
  File "/app/asu_discord/cogs/analytics.py", line 652, in on_member_update
    before_timeout = before.timed_out_until
                     ^^^^^^^^^^^^^^^^^^^^^^
AttributeError: 'Member' object has no attribute 'timed_out_until'
Ignoring exception in on_member_update
Traceback (most recent call last):
  File "/usr/local/lib/python3.12/site-packages/discord/client.py", line 465, in _run_event
    await coro(*args, **kwargs)
  File "/app/asu_discord/cogs/analytics.py", line 652, in on_member_update
    before_timeout = before.timed_out_until
                     ^^^^^^^^^^^^^^^^^^^^^^
AttributeError: 'Member' object has no attribute 'timed_out_until'
Ignoring exception in on_member_update
Traceback (most recent call last):
  File "/usr/local/lib/python3.12/site-packages/discord/client.py", line 465, in _run_event
    await coro(*args, **kwargs)
  File "/app/asu_discord/cogs/analytics.py", line 652, in on_member_update
    before_timeout = before.timed_out_until
                     ^^^^^^^^^^^^^^^^^^^^^^
AttributeError: 'Member' object has no attribute 'timed_out_until'
Ignoring exception in on_member_update
Traceback (most recent call last):
  File "/usr/local/lib/python3.12/site-packages/discord/client.py", line 465, in _run_event
    await coro(*args, **kwargs)
  File "/app/asu_discord/cogs/analytics.py", line 652, in on_member_update
    before_timeout = before.timed_out_until
                     ^^^^^^^^^^^^^^^^^^^^^^
AttributeError: 'Member' object has no attribute 'timed_out_until'
INFO:asu_discord.cogs.verification:Saved 4 roles to database for user malduai1 (Discord ID: 1479137633044267131)
INFO:asu_discord.cogs.verification:Refreshed Salesforce roles for Discord user 1479137633044267131: -4/+4 roles, assigned=[First Year, International Student, Polytechnic, W.P. Carey School of Business]
ERROR:cron.jobs:refresh_salesforce_roles: failed for odrobote (Discord ID 499633390379859968): Failed to refresh Salesforce-based roles: Discord user 499633390379859968 is not a member of the guild
ERROR:cron.jobs:refresh_salesforce_roles: failed for jmorata2 (Discord ID 429796521106472971): Failed to refresh Salesforce-based roles: Discord user 429796521106472971 is not a member of the guild
Ignoring exception in on_member_update
Traceback (most recent call last):
  File "/usr/local/lib/python3.12/site-packages/discord/client.py", line 465, in _run_event
    await coro(*args, **kwargs)
  File "/app/asu_discord/cogs/analytics.py", line 652, in on_member_update
    before_timeout = before.timed_out_until
                     ^^^^^^^^^^^^^^^^^^^^^^
AttributeError: 'Member' object has no attribute 'timed_out_until'
Ignoring exception in on_member_update
Traceback (most recent call last):
  File "/usr/local/lib/python3.12/site-packages/discord/client.py", line 465, in _run_event
    await coro(*args, **kwargs)
  File "/app/asu_discord/cogs/analytics.py", line 652, in on_member_update
    before_timeout = before.timed_out_until
                     ^^^^^^^^^^^^^^^^^^^^^^
AttributeError: 'Member' object has no attribute 'timed_out_until'
Ignoring exception in on_member_update
Traceback (most recent call last):
  File "/usr/local/lib/python3.12/site-packages/discord/client.py", line 465, in _run_event
    await coro(*args, **kwargs)
  File "/app/asu_discord/cogs/analytics.py", line 652, in on_member_update
    before_timeout = before.timed_out_until
                     ^^^^^^^^^^^^^^^^^^^^^^
AttributeError: 'Member' object has no attribute 'timed_out_until'
Ignoring exception in on_member_update
Traceback (most recent call last):
  File "/usr/local/lib/python3.12/site-packages/discord/client.py", line 465, in _run_event
    await coro(*args, **kwargs)
  File "/app/asu_discord/cogs/analytics.py", line 652, in on_member_update
    before_timeout = before.timed_out_until
                     ^^^^^^^^^^^^^^^^^^^^^^
AttributeError: 'Member' object has no attribute 'timed_out_until'
Ignoring exception in on_member_update
Traceback (most recent call last):
  File "/usr/local/lib/python3.12/site-packages/discord/client.py", line 465, in _run_event
    await coro(*args, **kwargs)
  File "/app/asu_discord/cogs/analytics.py", line 652, in on_member_update
    before_timeout = before.timed_out_until
                     ^^^^^^^^^^^^^^^^^^^^^^
AttributeError: 'Member' object has no attribute 'timed_out_until'
Ignoring exception in on_member_update
Traceback (most recent call last):
  File "/usr/local/lib/python3.12/site-packages/discord/client.py", line 465, in _run_event
    await coro(*args, **kwargs)
  File "/app/asu_discord/cogs/analytics.py", line 652, in on_member_update
    before_timeout = before.timed_out_until
                     ^^^^^^^^^^^^^^^^^^^^^^
AttributeError: 'Member' object has no attribute 'timed_out_until'
Ignoring exception in on_member_update
Traceback (most recent call last):
  File "/usr/local/lib/python3.12/site-packages/discord/client.py", line 465, in _run_event
    await coro(*args, **kwargs)
  File "/app/asu_discord/cogs/analytics.py", line 652, in on_member_update
    before_timeout = before.timed_out_until
                     ^^^^^^^^^^^^^^^^^^^^^^
AttributeError: 'Member' object has no attribute 'timed_out_until'
Ignoring exception in on_member_update
Traceback (most recent call last):
  File "/usr/local/lib/python3.12/site-packages/discord/client.py", line 465, in _run_event
    await coro(*args, **kwargs)
  File "/app/asu_discord/cogs/analytics.py", line 652, in on_member_update
    before_timeout = before.timed_out_until
                     ^^^^^^^^^^^^^^^^^^^^^^
AttributeError: 'Member' object has no attribute 'timed_out_until'
Ignoring exception in on_member_update
Traceback (most recent call last):
  File "/usr/local/lib/python3.12/site-packages/discord/client.py", line 465, in _run_event
    await coro(*args, **kwargs)
  File "/app/asu_discord/cogs/analytics.py", line 652, in on_member_update
    before_timeout = before.timed_out_until
                     ^^^^^^^^^^^^^^^^^^^^^^
AttributeError: 'Member' object has no attribute 'timed_out_until'
Ignoring exception in on_member_update
Traceback (most recent call last):
  File "/usr/local/lib/python3.12/site-packages/discord/client.py", line 465, in _run_event
    await coro(*args, **kwargs)
  File "/app/asu_discord/cogs/analytics.py", line 652, in on_member_update
    before_timeout = before.timed_out_until
                     ^^^^^^^^^^^^^^^^^^^^^^
AttributeError: 'Member' object has no attribute 'timed_out_until'
INFO:asu_discord.cogs.verification:Saved 5 roles to database for user sjgriff7 (Discord ID: 1156717851231653918)
INFO:asu_discord.cogs.verification:Refreshed Salesforce roles for Discord user 1156717851231653918: -5/+5 roles, assigned=[Arizona Resident, College of Integrative Sciences and Arts, First Generation Student, First Year, Polytechnic]
Ignoring exception in on_member_update
Traceback (most recent call last):
  File "/usr/local/lib/python3.12/site-packages/discord/client.py", line 465, in _run_event
    await coro(*args, **kwargs)
  File "/app/asu_discord/cogs/analytics.py", line 652, in on_member_update
    before_timeout = before.timed_out_until
                     ^^^^^^^^^^^^^^^^^^^^^^
AttributeError: 'Member' object has no attribute 'timed_out_until'
Ignoring exception in on_member_update
Traceback (most recent call last):
  File "/usr/local/lib/python3.12/site-packages/discord/client.py", line 465, in _run_event
    await coro(*args, **kwargs)
  File "/app/asu_discord/cogs/analytics.py", line 652, in on_member_update
    before_timeout = before.timed_out_until
                     ^^^^^^^^^^^^^^^^^^^^^^
AttributeError: 'Member' object has no attribute 'timed_out_until'
Ignoring exception in on_member_update
Traceback (most recent call last):
  File "/usr/local/lib/python3.12/site-packages/discord/client.py", line 465, in _run_event
    await coro(*args, **kwargs)
  File "/app/asu_discord/cogs/analytics.py", line 652, in on_member_update
    before_timeout = before.timed_out_until
                     ^^^^^^^^^^^^^^^^^^^^^^
AttributeError: 'Member' object has no attribute 'timed_out_until'
Ignoring exception in on_member_update
Traceback (most recent call last):
  File "/usr/local/lib/python3.12/site-packages/discord/client.py", line 465, in _run_event
    await coro(*args, **kwargs)
  File "/app/asu_discord/cogs/analytics.py", line 652, in on_member_update
    before_timeout = before.timed_out_until
                     ^^^^^^^^^^^^^^^^^^^^^^
AttributeError: 'Member' object has no attribute 'timed_out_until'
Ignoring exception in on_member_update
Traceback (most recent call last):
  File "/usr/local/lib/python3.12/site-packages/discord/client.py", line 465, in _run_event
    await coro(*args, **kwargs)
  File "/app/asu_discord/cogs/analytics.py", line 652, in on_member_update
    before_timeout = before.timed_out_until
                     ^^^^^^^^^^^^^^^^^^^^^^
AttributeError: 'Member' object has no attribute 'timed_out_until'
Ignoring exception in on_member_update
Traceback (most recent call last):
  File "/usr/local/lib/python3.12/site-packages/discord/client.py", line 465, in _run_event
    await coro(*args, **kwargs)
  File "/app/asu_discord/cogs/analytics.py", line 652, in on_member_update
    before_timeout = before.timed_out_until
                     ^^^^^^^^^^^^^^^^^^^^^^
AttributeError: 'Member' object has no attribute 'timed_out_until'
Ignoring exception in on_member_update
Traceback (most recent call last):
  File "/usr/local/lib/python3.12/site-packages/discord/client.py", line 465, in _run_event
    await coro(*args, **kwargs)
  File "/app/asu_discord/cogs/analytics.py", line 652, in on_member_update
    before_timeout = before.timed_out_until
                     ^^^^^^^^^^^^^^^^^^^^^^
AttributeError: 'Member' object has no attribute 'timed_out_until'
Ignoring exception in on_member_update
Traceback (most recent call last):
  File "/usr/local/lib/python3.12/site-packages/discord/client.py", line 465, in _run_event
    await coro(*args, **kwargs)
  File "/app/asu_discord/cogs/analytics.py", line 652, in on_member_update
    before_timeout = before.timed_out_until
                     ^^^^^^^^^^^^^^^^^^^^^^
AttributeError: 'Member' object has no attribute 'timed_out_until'
INFO:asu_discord.cogs.verification:Saved 4 roles to database for user anola473 (Discord ID: 1479191043105751176)
INFO:asu_discord.cogs.verification:Refreshed Salesforce roles for Discord user 1479191043105751176: -4/+4 roles, assigned=[Graduate Student, International Student, Tempe, W.P. Carey School of Business]
ERROR:cron.jobs:refresh_salesforce_roles: failed for knthomp9 (Discord ID 699016366946254919): Failed to refresh Salesforce-based roles: Discord user 699016366946254919 is not a member of the guild
ERROR:cron.jobs:refresh_salesforce_roles: failed for mcarmo (Discord ID 1149369366555668551): Failed to refresh Salesforce-based roles: Discord user 1149369366555668551 is not a member of the guild
ERROR:cron.jobs:refresh_salesforce_roles: failed for bcamara2 (Discord ID 1479293002492022796): Failed to refresh Salesforce-based roles: Discord user 1479293002492022796 is not a member of the guild
Ignoring exception in on_member_update
Traceback (most recent call last):
  File "/usr/local/lib/python3.12/site-packages/discord/client.py", line 465, in _run_event
    await coro(*args, **kwargs)
  File "/app/asu_discord/cogs/analytics.py", line 652, in on_member_update
    before_timeout = before.timed_out_until
                     ^^^^^^^^^^^^^^^^^^^^^^
AttributeError: 'Member' object has no attribute 'timed_out_until'
Ignoring exception in on_member_update
Traceback (most recent call last):
  File "/usr/local/lib/python3.12/site-packages/discord/client.py", line 465, in _run_event
    await coro(*args, **kwargs)
  File "/app/asu_discord/cogs/analytics.py", line 652, in on_member_update
    before_timeout = before.timed_out_until
                     ^^^^^^^^^^^^^^^^^^^^^^
AttributeError: 'Member' object has no attribute 'timed_out_until'
Ignoring exception in on_member_update
Traceback (most recent call last):
  File "/usr/local/lib/python3.12/site-packages/discord/client.py", line 465, in _run_event
    await coro(*args, **kwargs)
  File "/app/asu_discord/cogs/analytics.py", line 652, in on_member_update
    before_timeout = before.timed_out_until
                     ^^^^^^^^^^^^^^^^^^^^^^
AttributeError: 'Member' object has no attribute 'timed_out_until'
Ignoring exception in on_member_update
Traceback (most recent call last):
  File "/usr/local/lib/python3.12/site-packages/discord/client.py", line 465, in _run_event
    await coro(*args, **kwargs)
  File "/app/asu_discord/cogs/analytics.py", line 652, in on_member_update
    before_timeout = before.timed_out_until
                     ^^^^^^^^^^^^^^^^^^^^^^
AttributeError: 'Member' object has no attribute 'timed_out_until'
Ignoring exception in on_member_update
Traceback (most recent call last):
  File "/usr/local/lib/python3.12/site-packages/discord/client.py", line 465, in _run_event
    await coro(*args, **kwargs)
  File "/app/asu_discord/cogs/analytics.py", line 652, in on_member_update
    before_timeout = before.timed_out_until
                     ^^^^^^^^^^^^^^^^^^^^^^
AttributeError: 'Member' object has no attribute 'timed_out_until'
Ignoring exception in on_member_update
Traceback (most recent call last):
  File "/usr/local/lib/python3.12/site-packages/discord/client.py", line 465, in _run_event
    await coro(*args, **kwargs)
  File "/app/asu_discord/cogs/analytics.py", line 652, in on_member_update
    before_timeout = before.timed_out_until
                     ^^^^^^^^^^^^^^^^^^^^^^
AttributeError: 'Member' object has no attribute 'timed_out_until'
Ignoring exception in on_member_update
Traceback (most recent call last):
  File "/usr/local/lib/python3.12/site-packages/discord/client.py", line 465, in _run_event
    await coro(*args, **kwargs)
  File "/app/asu_discord/cogs/analytics.py", line 652, in on_member_update
    before_timeout = before.timed_out_until
                     ^^^^^^^^^^^^^^^^^^^^^^
AttributeError: 'Member' object has no attribute 'timed_out_until'
Ignoring exception in on_member_update
Traceback (most recent call last):
  File "/usr/local/lib/python3.12/site-packages/discord/client.py", line 465, in _run_event
    await coro(*args, **kwargs)
  File "/app/asu_discord/cogs/analytics.py", line 652, in on_member_update
    before_timeout = before.timed_out_until
                     ^^^^^^^^^^^^^^^^^^^^^^
AttributeError: 'Member' object has no attribute 'timed_out_until'
Ignoring exception in on_member_update
Traceback (most recent call last):
  File "/usr/local/lib/python3.12/site-packages/discord/client.py", line 465, in _run_event
    await coro(*args, **kwargs)
  File "/app/asu_discord/cogs/analytics.py", line 652, in on_member_update
    before_timeout = before.timed_out_until
                     ^^^^^^^^^^^^^^^^^^^^^^
AttributeError: 'Member' object has no attribute 'timed_out_until'
Ignoring exception in on_member_update
Traceback (most recent call last):
  File "/usr/local/lib/python3.12/site-packages/discord/client.py", line 465, in _run_event
    await coro(*args, **kwargs)
  File "/app/asu_discord/cogs/analytics.py", line 652, in on_member_update
    before_timeout = before.timed_out_until
                     ^^^^^^^^^^^^^^^^^^^^^^
AttributeError: 'Member' object has no attribute 'timed_out_until'
INFO:asu_discord.cogs.verification:Saved 5 roles to database for user alizama1 (Discord ID: 399847295442747392)
INFO:asu_discord.cogs.verification:Refreshed Salesforce roles for Discord user 399847295442747392: -5/+5 roles, assigned=[College of Liberal Arts and Sciences, Commited, First Year, Out of State, Tempe]
Ignoring exception in on_member_update
Traceback (most recent call last):
  File "/usr/local/lib/python3.12/site-packages/discord/client.py", line 465, in _run_event
    await coro(*args, **kwargs)
  File "/app/asu_discord/cogs/analytics.py", line 652, in on_member_update
    before_timeout = before.timed_out_until
                     ^^^^^^^^^^^^^^^^^^^^^^
AttributeError: 'Member' object has no attribute 'timed_out_until'
Ignoring exception in on_member_update
Traceback (most recent call last):
  File "/usr/local/lib/python3.12/site-packages/discord/client.py", line 465, in _run_event
    await coro(*args, **kwargs)
  File "/app/asu_discord/cogs/analytics.py", line 652, in on_member_update
    before_timeout = before.timed_out_until
                     ^^^^^^^^^^^^^^^^^^^^^^
AttributeError: 'Member' object has no attribute 'timed_out_until'
Ignoring exception in on_member_update
Traceback (most recent call last):
  File "/usr/local/lib/python3.12/site-packages/discord/client.py", line 465, in _run_event
    await coro(*args, **kwargs)
  File "/app/asu_discord/cogs/analytics.py", line 652, in on_member_update
    before_timeout = before.timed_out_until
                     ^^^^^^^^^^^^^^^^^^^^^^
AttributeError: 'Member' object has no attribute 'timed_out_until'
Ignoring exception in on_member_update
Traceback (most recent call last):
  File "/usr/local/lib/python3.12/site-packages/discord/client.py", line 465, in _run_event
    await coro(*args, **kwargs)
  File "/app/asu_discord/cogs/analytics.py", line 652, in on_member_update
    before_timeout = before.timed_out_until
                     ^^^^^^^^^^^^^^^^^^^^^^
AttributeError: 'Member' object has no attribute 'timed_out_until'
Ignoring exception in on_member_update
Traceback (most recent call last):
  File "/usr/local/lib/python3.12/site-packages/discord/client.py", line 465, in _run_event
    await coro(*args, **kwargs)
  File "/app/asu_discord/cogs/analytics.py", line 652, in on_member_update
    before_timeout = before.timed_out_until
                     ^^^^^^^^^^^^^^^^^^^^^^
AttributeError: 'Member' object has no attribute 'timed_out_until'
Ignoring exception in on_member_update
Traceback (most recent call last):
  File "/usr/local/lib/python3.12/site-packages/discord/client.py", line 465, in _run_event
    await coro(*args, **kwargs)
  File "/app/asu_discord/cogs/analytics.py", line 652, in on_member_update
    before_timeout = before.timed_out_until
                     ^^^^^^^^^^^^^^^^^^^^^^
AttributeError: 'Member' object has no attribute 'timed_out_until'
Ignoring exception in on_member_update
Traceback (most recent call last):
  File "/usr/local/lib/python3.12/site-packages/discord/client.py", line 465, in _run_event
    await coro(*args, **kwargs)
  File "/app/asu_discord/cogs/analytics.py", line 652, in on_member_update
    before_timeout = before.timed_out_until
                     ^^^^^^^^^^^^^^^^^^^^^^
AttributeError: 'Member' object has no attribute 'timed_out_until'
Ignoring exception in on_member_update
Traceback (most recent call last):
  File "/usr/local/lib/python3.12/site-packages/discord/client.py", line 465, in _run_event
    await coro(*args, **kwargs)
  File "/app/asu_discord/cogs/analytics.py", line 652, in on_member_update
    before_timeout = before.timed_out_until
                     ^^^^^^^^^^^^^^^^^^^^^^
AttributeError: 'Member' object has no attribute 'timed_out_until'
Ignoring exception in on_member_update
Traceback (most recent call last):
  File "/usr/local/lib/python3.12/site-packages/discord/client.py", line 465, in _run_event
    await coro(*args, **kwargs)
  File "/app/asu_discord/cogs/analytics.py", line 652, in on_member_update
    before_timeout = before.timed_out_until
                     ^^^^^^^^^^^^^^^^^^^^^^
AttributeError: 'Member' object has no attribute 'timed_out_until'
Ignoring exception in on_member_update
Traceback (most recent call last):
  File "/usr/local/lib/python3.12/site-packages/discord/client.py", line 465, in _run_event
    await coro(*args, **kwargs)
  File "/app/asu_discord/cogs/analytics.py", line 652, in on_member_update
    before_timeout = before.timed_out_until
                     ^^^^^^^^^^^^^^^^^^^^^^
AttributeError: 'Member' object has no attribute 'timed_out_until'
INFO:asu_discord.cogs.verification:Saved 5 roles to database for user geleach (Discord ID: 1366632076308381727)
INFO:asu_discord.cogs.verification:Refreshed Salesforce roles for Discord user 1366632076308381727: -5/+5 roles, assigned=[Commited, First Year, Out of State, Tempe, W.P. Carey School of Business]
Ignoring exception in on_member_update
Traceback (most recent call last):
  File "/usr/local/lib/python3.12/site-packages/discord/client.py", line 465, in _run_event
    await coro(*args, **kwargs)
  File "/app/asu_discord/cogs/analytics.py", line 652, in on_member_update
    before_timeout = before.timed_out_until
                     ^^^^^^^^^^^^^^^^^^^^^^
AttributeError: 'Member' object has no attribute 'timed_out_until'
Ignoring exception in on_member_update
Traceback (most recent call last):
  File "/usr/local/lib/python3.12/site-packages/discord/client.py", line 465, in _run_event
    await coro(*args, **kwargs)
  File "/app/asu_discord/cogs/analytics.py", line 652, in on_member_update
    before_timeout = before.timed_out_until
                     ^^^^^^^^^^^^^^^^^^^^^^
AttributeError: 'Member' object has no attribute 'timed_out_until'
Ignoring exception in on_member_update
Traceback (most recent call last):
  File "/usr/local/lib/python3.12/site-packages/discord/client.py", line 465, in _run_event
    await coro(*args, **kwargs)
  File "/app/asu_discord/cogs/analytics.py", line 652, in on_member_update
    before_timeout = before.timed_out_until
                     ^^^^^^^^^^^^^^^^^^^^^^
AttributeError: 'Member' object has no attribute 'timed_out_until'
Ignoring exception in on_member_update
Traceback (most recent call last):
  File "/usr/local/lib/python3.12/site-packages/discord/client.py", line 465, in _run_event
    await coro(*args, **kwargs)
  File "/app/asu_discord/cogs/analytics.py", line 652, in on_member_update
    before_timeout = before.timed_out_until
                     ^^^^^^^^^^^^^^^^^^^^^^
AttributeError: 'Member' object has no attribute 'timed_out_until'
Ignoring exception in on_member_update
Traceback (most recent call last):
  File "/usr/local/lib/python3.12/site-packages/discord/client.py", line 465, in _run_event
    await coro(*args, **kwargs)
  File "/app/asu_discord/cogs/analytics.py", line 652, in on_member_update
    before_timeout = before.timed_out_until
                     ^^^^^^^^^^^^^^^^^^^^^^
AttributeError: 'Member' object has no attribute 'timed_out_until'
Ignoring exception in on_member_update
Traceback (most recent call last):
  File "/usr/local/lib/python3.12/site-packages/discord/client.py", line 465, in _run_event
    await coro(*args, **kwargs)
  File "/app/asu_discord/cogs/analytics.py", line 652, in on_member_update
    before_timeout = before.timed_out_until
                     ^^^^^^^^^^^^^^^^^^^^^^
AttributeError: 'Member' object has no attribute 'timed_out_until'
Ignoring exception in on_member_update
Traceback (most recent call last):
  File "/usr/local/lib/python3.12/site-packages/discord/client.py", line 465, in _run_event
    await coro(*args, **kwargs)
  File "/app/asu_discord/cogs/analytics.py", line 652, in on_member_update
    before_timeout = before.timed_out_until
                     ^^^^^^^^^^^^^^^^^^^^^^
AttributeError: 'Member' object has no attribute 'timed_out_until'
Ignoring exception in on_member_update
Traceback (most recent call last):
  File "/usr/local/lib/python3.12/site-packages/discord/client.py", line 465, in _run_event
    await coro(*args, **kwargs)
  File "/app/asu_discord/cogs/analytics.py", line 652, in on_member_update
    before_timeout = before.timed_out_until
                     ^^^^^^^^^^^^^^^^^^^^^^
AttributeError: 'Member' object has no attribute 'timed_out_until'
Ignoring exception in on_member_update
Traceback (most recent call last):
  File "/usr/local/lib/python3.12/site-packages/discord/client.py", line 465, in _run_event
    await coro(*args, **kwargs)
  File "/app/asu_discord/cogs/analytics.py", line 652, in on_member_update
    before_timeout = before.timed_out_until
                     ^^^^^^^^^^^^^^^^^^^^^^
AttributeError: 'Member' object has no attribute 'timed_out_until'
Ignoring exception in on_member_update
Traceback (most recent call last):
  File "/usr/local/lib/python3.12/site-packages/discord/client.py", line 465, in _run_event
    await coro(*args, **kwargs)
  File "/app/asu_discord/cogs/analytics.py", line 652, in on_member_update
    before_timeout = before.timed_out_until
                     ^^^^^^^^^^^^^^^^^^^^^^
AttributeError: 'Member' object has no attribute 'timed_out_until'
ERROR:cron.jobs:refresh_salesforce_roles: failed for japower3 (Discord ID 878830531620536381): Timed out refresh Salesforce-based roles
Ignoring exception in on_member_update
Traceback (most recent call last):
  File "/usr/local/lib/python3.12/site-packages/discord/client.py", line 465, in _run_event
    await coro(*args, **kwargs)
  File "/app/asu_discord/cogs/analytics.py", line 652, in on_member_update
    before_timeout = before.timed_out_until
                     ^^^^^^^^^^^^^^^^^^^^^^
AttributeError: 'Member' object has no attribute 'timed_out_until'
Ignoring exception in on_member_update
Traceback (most recent call last):
  File "/usr/local/lib/python3.12/site-packages/discord/client.py", line 465, in _run_event
    await coro(*args, **kwargs)
  File "/app/asu_discord/cogs/analytics.py", line 652, in on_member_update
    before_timeout = before.timed_out_until
                     ^^^^^^^^^^^^^^^^^^^^^^
AttributeError: 'Member' object has no attribute 'timed_out_until'
Ignoring exception in on_member_update
Traceback (most recent call last):
  File "/usr/local/lib/python3.12/site-packages/discord/client.py", line 465, in _run_event
    await coro(*args, **kwargs)
  File "/app/asu_discord/cogs/analytics.py", line 652, in on_member_update
    before_timeout = before.timed_out_until
                     ^^^^^^^^^^^^^^^^^^^^^^
AttributeError: 'Member' object has no attribute 'timed_out_until'
Ignoring exception in on_member_update
Traceback (most recent call last):
  File "/usr/local/lib/python3.12/site-packages/discord/client.py", line 465, in _run_event
    await coro(*args, **kwargs)
  File "/app/asu_discord/cogs/analytics.py", line 652, in on_member_update
    before_timeout = before.timed_out_until
                     ^^^^^^^^^^^^^^^^^^^^^^
AttributeError: 'Member' object has no attribute 'timed_out_until'
Ignoring exception in on_member_update
Traceback (most recent call last):
  File "/usr/local/lib/python3.12/site-packages/discord/client.py", line 465, in _run_event
    await coro(*args, **kwargs)
  File "/app/asu_discord/cogs/analytics.py", line 652, in on_member_update
    before_timeout = before.timed_out_until
                     ^^^^^^^^^^^^^^^^^^^^^^
AttributeError: 'Member' object has no attribute 'timed_out_until'
Ignoring exception in on_member_update
Traceback (most recent call last):
  File "/usr/local/lib/python3.12/site-packages/discord/client.py", line 465, in _run_event
    await coro(*args, **kwargs)
  File "/app/asu_discord/cogs/analytics.py", line 652, in on_member_update
    before_timeout = before.timed_out_until
                     ^^^^^^^^^^^^^^^^^^^^^^
AttributeError: 'Member' object has no attribute 'timed_out_until'
Ignoring exception in on_member_update
Traceback (most recent call last):
  File "/usr/local/lib/python3.12/site-packages/discord/client.py", line 465, in _run_event
    await coro(*args, **kwargs)
  File "/app/asu_discord/cogs/analytics.py", line 652, in on_member_update
    before_timeout = before.timed_out_until
                     ^^^^^^^^^^^^^^^^^^^^^^
AttributeError: 'Member' object has no attribute 'timed_out_until'
Ignoring exception in on_member_update
Traceback (most recent call last):
  File "/usr/local/lib/python3.12/site-packages/discord/client.py", line 465, in _run_event
    await coro(*args, **kwargs)
  File "/app/asu_discord/cogs/analytics.py", line 652, in on_member_update
    before_timeout = before.timed_out_until
                     ^^^^^^^^^^^^^^^^^^^^^^
AttributeError: 'Member' object has no attribute 'timed_out_until'
Ignoring exception in on_member_update
Traceback (most recent call last):
  File "/usr/local/lib/python3.12/site-packages/discord/client.py", line 465, in _run_event
    await coro(*args, **kwargs)
  File "/app/asu_discord/cogs/analytics.py", line 652, in on_member_update
    before_timeout = before.timed_out_until
                     ^^^^^^^^^^^^^^^^^^^^^^
AttributeError: 'Member' object has no attribute 'timed_out_until'
Ignoring exception in on_member_update
Traceback (most recent call last):
  File "/usr/local/lib/python3.12/site-packages/discord/client.py", line 465, in _run_event
    await coro(*args, **kwargs)
  File "/app/asu_discord/cogs/analytics.py", line 652, in on_member_update
    before_timeout = before.timed_out_until
                     ^^^^^^^^^^^^^^^^^^^^^^
AttributeError: 'Member' object has no attribute 'timed_out_until'
ERROR:cron.jobs:refresh_salesforce_roles: failed for crlewi19 (Discord ID 319137072332013569): Timed out refresh Salesforce-based roles
Ignoring exception in on_member_update
Traceback (most recent call last):
  File "/usr/local/lib/python3.12/site-packages/discord/client.py", line 465, in _run_event
    await coro(*args, **kwargs)
  File "/app/asu_discord/cogs/analytics.py", line 652, in on_member_update
    before_timeout = before.timed_out_until
                     ^^^^^^^^^^^^^^^^^^^^^^
AttributeError: 'Member' object has no attribute 'timed_out_until'
Ignoring exception in on_member_update
Traceback (most recent call last):
  File "/usr/local/lib/python3.12/site-packages/discord/client.py", line 465, in _run_event
    await coro(*args, **kwargs)
  File "/app/asu_discord/cogs/analytics.py", line 652, in on_member_update
    before_timeout = before.timed_out_until
                     ^^^^^^^^^^^^^^^^^^^^^^
AttributeError: 'Member' object has no attribute 'timed_out_until'
Ignoring exception in on_member_update
Traceback (most recent call last):
  File "/usr/local/lib/python3.12/site-packages/discord/client.py", line 465, in _run_event
    await coro(*args, **kwargs)
  File "/app/asu_discord/cogs/analytics.py", line 652, in on_member_update
    before_timeout = before.timed_out_until
                     ^^^^^^^^^^^^^^^^^^^^^^
AttributeError: 'Member' object has no attribute 'timed_out_until'
Ignoring exception in on_member_update
Traceback (most recent call last):
  File "/usr/local/lib/python3.12/site-packages/discord/client.py", line 465, in _run_event
    await coro(*args, **kwargs)
  File "/app/asu_discord/cogs/analytics.py", line 652, in on_member_update
    before_timeout = before.timed_out_until
                     ^^^^^^^^^^^^^^^^^^^^^^
AttributeError: 'Member' object has no attribute 'timed_out_until'
Ignoring exception in on_member_update
Traceback (most recent call last):
  File "/usr/local/lib/python3.12/site-packages/discord/client.py", line 465, in _run_event
    await coro(*args, **kwargs)
  File "/app/asu_discord/cogs/analytics.py", line 652, in on_member_update
    before_timeout = before.timed_out_until
                     ^^^^^^^^^^^^^^^^^^^^^^
AttributeError: 'Member' object has no attribute 'timed_out_until'
Ignoring exception in on_member_update
Traceback (most recent call last):
  File "/usr/local/lib/python3.12/site-packages/discord/client.py", line 465, in _run_event
    await coro(*args, **kwargs)
  File "/app/asu_discord/cogs/analytics.py", line 652, in on_member_update
    before_timeout = before.timed_out_until
                     ^^^^^^^^^^^^^^^^^^^^^^
AttributeError: 'Member' object has no attribute 'timed_out_until'
Ignoring exception in on_member_update
Traceback (most recent call last):
  File "/usr/local/lib/python3.12/site-packages/discord/client.py", line 465, in _run_event
    await coro(*args, **kwargs)
  File "/app/asu_discord/cogs/analytics.py", line 652, in on_member_update
    before_timeout = before.timed_out_until
                     ^^^^^^^^^^^^^^^^^^^^^^
AttributeError: 'Member' object has no attribute 'timed_out_until'
Ignoring exception in on_member_update
Traceback (most recent call last):
  File "/usr/local/lib/python3.12/site-packages/discord/client.py", line 465, in _run_event
    await coro(*args, **kwargs)
  File "/app/asu_discord/cogs/analytics.py", line 652, in on_member_update
    before_timeout = before.timed_out_until
                     ^^^^^^^^^^^^^^^^^^^^^^
AttributeError: 'Member' object has no attribute 'timed_out_until'
Ignoring exception in on_member_update
Traceback (most recent call last):
  File "/usr/local/lib/python3.12/site-packages/discord/client.py", line 465, in _run_event
    await coro(*args, **kwargs)
  File "/app/asu_discord/cogs/analytics.py", line 652, in on_member_update
    before_timeout = before.timed_out_until
                     ^^^^^^^^^^^^^^^^^^^^^^
AttributeError: 'Member' object has no attribute 'timed_out_until'
INFO:asu_discord.cogs.verification:Saved 5 roles to database for user hdhillo5 (Discord ID: 765426849504690176)
INFO:asu_discord.cogs.verification:Refreshed Salesforce roles for Discord user 765426849504690176: -5/+4 roles, assigned=[Commited, International Student, Ira A. Fulton Schools of Engineering, Tempe, Transfer Student]
Ignoring exception in on_member_update
Traceback (most recent call last):
  File "/usr/local/lib/python3.12/site-packages/discord/client.py", line 465, in _run_event
    await coro(*args, **kwargs)
  File "/app/asu_discord/cogs/analytics.py", line 652, in on_member_update
    before_timeout = before.timed_out_until
                     ^^^^^^^^^^^^^^^^^^^^^^
AttributeError: 'Member' object has no attribute 'timed_out_until'
Ignoring exception in on_member_update
Traceback (most recent call last):
  File "/usr/local/lib/python3.12/site-packages/discord/client.py", line 465, in _run_event
    await coro(*args, **kwargs)
  File "/app/asu_discord/cogs/analytics.py", line 652, in on_member_update
    before_timeout = before.timed_out_until
                     ^^^^^^^^^^^^^^^^^^^^^^
AttributeError: 'Member' object has no attribute 'timed_out_until'
Ignoring exception in on_member_update
Traceback (most recent call last):
  File "/usr/local/lib/python3.12/site-packages/discord/client.py", line 465, in _run_event
    await coro(*args, **kwargs)
  File "/app/asu_discord/cogs/analytics.py", line 652, in on_member_update
    before_timeout = before.timed_out_until
                     ^^^^^^^^^^^^^^^^^^^^^^
AttributeError: 'Member' object has no attribute 'timed_out_until'
Ignoring exception in on_member_update
Traceback (most recent call last):
  File "/usr/local/lib/python3.12/site-packages/discord/client.py", line 465, in _run_event
    await coro(*args, **kwargs)
  File "/app/asu_discord/cogs/analytics.py", line 652, in on_member_update
    before_timeout = before.timed_out_until
                     ^^^^^^^^^^^^^^^^^^^^^^
AttributeError: 'Member' object has no attribute 'timed_out_until'
Ignoring exception in on_member_update
Traceback (most recent call last):
  File "/usr/local/lib/python3.12/site-packages/discord/client.py", line 465, in _run_event
    await coro(*args, **kwargs)
  File "/app/asu_discord/cogs/analytics.py", line 652, in on_member_update
    before_timeout = before.timed_out_until
                     ^^^^^^^^^^^^^^^^^^^^^^
AttributeError: 'Member' object has no attribute 'timed_out_until'
Ignoring exception in on_member_update
Traceback (most recent call last):
  File "/usr/local/lib/python3.12/site-packages/discord/client.py", line 465, in _run_event
    await coro(*args, **kwargs)
  File "/app/asu_discord/cogs/analytics.py", line 652, in on_member_update
    before_timeout = before.timed_out_until
                     ^^^^^^^^^^^^^^^^^^^^^^
AttributeError: 'Member' object has no attribute 'timed_out_until'
Ignoring exception in on_member_update
Traceback (most recent call last):
  File "/usr/local/lib/python3.12/site-packages/discord/client.py", line 465, in _run_event
    await coro(*args, **kwargs)
  File "/app/asu_discord/cogs/analytics.py", line 652, in on_member_update
    before_timeout = before.timed_out_until
                     ^^^^^^^^^^^^^^^^^^^^^^
AttributeError: 'Member' object has no attribute 'timed_out_until'
Ignoring exception in on_member_update
Traceback (most recent call last):
  File "/usr/local/lib/python3.12/site-packages/discord/client.py", line 465, in _run_event
    await coro(*args, **kwargs)
  File "/app/asu_discord/cogs/analytics.py", line 652, in on_member_update
    before_timeout = before.timed_out_until
                     ^^^^^^^^^^^^^^^^^^^^^^
AttributeError: 'Member' object has no attribute 'timed_out_until'
Ignoring exception in on_member_update
Traceback (most recent call last):
  File "/usr/local/lib/python3.12/site-packages/discord/client.py", line 465, in _run_event
    await coro(*args, **kwargs)
  File "/app/asu_discord/cogs/analytics.py", line 652, in on_member_update
    before_timeout = before.timed_out_until
                     ^^^^^^^^^^^^^^^^^^^^^^
AttributeError: 'Member' object has no attribute 'timed_out_until'
Ignoring exception in on_member_update
Traceback (most recent call last):
  File "/usr/local/lib/python3.12/site-packages/discord/client.py", line 465, in _run_event
    await coro(*args, **kwargs)
  File "/app/asu_discord/cogs/analytics.py", line 652, in on_member_update
    before_timeout = before.timed_out_until
                     ^^^^^^^^^^^^^^^^^^^^^^
AttributeError: 'Member' object has no attribute 'timed_out_until'
INFO:asu_discord.cogs.verification:Saved 5 roles to database for user amyouss3 (Discord ID: 1421497963909484554)
INFO:asu_discord.cogs.verification:Refreshed Salesforce roles for Discord user 1421497963909484554: -5/+5 roles, assigned=[Commited, First Year, International Student, Ira A. Fulton Schools of Engineering, Tempe]
Ignoring exception in on_member_update
Traceback (most recent call last):
  File "/usr/local/lib/python3.12/site-packages/discord/client.py", line 465, in _run_event
    await coro(*args, **kwargs)
  File "/app/asu_discord/cogs/analytics.py", line 652, in on_member_update
    before_timeout = before.timed_out_until
                     ^^^^^^^^^^^^^^^^^^^^^^
AttributeError: 'Member' object has no attribute 'timed_out_until'
Ignoring exception in on_member_update
Traceback (most recent call last):
  File "/usr/local/lib/python3.12/site-packages/discord/client.py", line 465, in _run_event
    await coro(*args, **kwargs)
  File "/app/asu_discord/cogs/analytics.py", line 652, in on_member_update
    before_timeout = before.timed_out_until
                     ^^^^^^^^^^^^^^^^^^^^^^
AttributeError: 'Member' object has no attribute 'timed_out_until'
Ignoring exception in on_member_update
Traceback (most recent call last):
  File "/usr/local/lib/python3.12/site-packages/discord/client.py", line 465, in _run_event
    await coro(*args, **kwargs)
  File "/app/asu_discord/cogs/analytics.py", line 652, in on_member_update
    before_timeout = before.timed_out_until
                     ^^^^^^^^^^^^^^^^^^^^^^
AttributeError: 'Member' object has no attribute 'timed_out_until'
Ignoring exception in on_member_update
Traceback (most recent call last):
  File "/usr/local/lib/python3.12/site-packages/discord/client.py", line 465, in _run_event
    await coro(*args, **kwargs)
  File "/app/asu_discord/cogs/analytics.py", line 652, in on_member_update
    before_timeout = before.timed_out_until
                     ^^^^^^^^^^^^^^^^^^^^^^
AttributeError: 'Member' object has no attribute 'timed_out_until'
Ignoring exception in on_member_update
Traceback (most recent call last):
  File "/usr/local/lib/python3.12/site-packages/discord/client.py", line 465, in _run_event
    await coro(*args, **kwargs)
  File "/app/asu_discord/cogs/analytics.py", line 652, in on_member_update
    before_timeout = before.timed_out_until
                     ^^^^^^^^^^^^^^^^^^^^^^
AttributeError: 'Member' object has no attribute 'timed_out_until'
Ignoring exception in on_member_update
Traceback (most recent call last):
  File "/usr/local/lib/python3.12/site-packages/discord/client.py", line 465, in _run_event
    await coro(*args, **kwargs)
  File "/app/asu_discord/cogs/analytics.py", line 652, in on_member_update
    before_timeout = before.timed_out_until
                     ^^^^^^^^^^^^^^^^^^^^^^
AttributeError: 'Member' object has no attribute 'timed_out_until'
Ignoring exception in on_member_update
Traceback (most recent call last):
  File "/usr/local/lib/python3.12/site-packages/discord/client.py", line 465, in _run_event
    await coro(*args, **kwargs)
  File "/app/asu_discord/cogs/analytics.py", line 652, in on_member_update
    before_timeout = before.timed_out_until
                     ^^^^^^^^^^^^^^^^^^^^^^
AttributeError: 'Member' object has no attribute 'timed_out_until'
Ignoring exception in on_member_update
Traceback (most recent call last):
  File "/usr/local/lib/python3.12/site-packages/discord/client.py", line 465, in _run_event
    await coro(*args, **kwargs)
  File "/app/asu_discord/cogs/analytics.py", line 652, in on_member_update
    before_timeout = before.timed_out_until
                     ^^^^^^^^^^^^^^^^^^^^^^
AttributeError: 'Member' object has no attribute 'timed_out_until'
INFO:asu_discord.cogs.verification:Saved 4 roles to database for user ralaleka (Discord ID: 1479394615164407943)
INFO:asu_discord.cogs.verification:Refreshed Salesforce roles for Discord user 1479394615164407943: -4/+4 roles, assigned=[Graduate Student, International Student, Ira A. Fulton Schools of Engineering, Tempe]
Ignoring exception in on_member_update
Traceback (most recent call last):
  File "/usr/local/lib/python3.12/site-packages/discord/client.py", line 465, in _run_event
    await coro(*args, **kwargs)
  File "/app/asu_discord/cogs/analytics.py", line 652, in on_member_update
    before_timeout = before.timed_out_until
                     ^^^^^^^^^^^^^^^^^^^^^^
AttributeError: 'Member' object has no attribute 'timed_out_until'
Ignoring exception in on_member_update
Traceback (most recent call last):
  File "/usr/local/lib/python3.12/site-packages/discord/client.py", line 465, in _run_event
    await coro(*args, **kwargs)
  File "/app/asu_discord/cogs/analytics.py", line 652, in on_member_update
    before_timeout = before.timed_out_until
                     ^^^^^^^^^^^^^^^^^^^^^^
AttributeError: 'Member' object has no attribute 'timed_out_until'
Ignoring exception in on_member_update
Traceback (most recent call last):
  File "/usr/local/lib/python3.12/site-packages/discord/client.py", line 465, in _run_event
    await coro(*args, **kwargs)
  File "/app/asu_discord/cogs/analytics.py", line 652, in on_member_update
    before_timeout = before.timed_out_until
                     ^^^^^^^^^^^^^^^^^^^^^^
AttributeError: 'Member' object has no attribute 'timed_out_until'
Ignoring exception in on_member_update
Traceback (most recent call last):
  File "/usr/local/lib/python3.12/site-packages/discord/client.py", line 465, in _run_event
    await coro(*args, **kwargs)
  File "/app/asu_discord/cogs/analytics.py", line 652, in on_member_update
    before_timeout = before.timed_out_until
                     ^^^^^^^^^^^^^^^^^^^^^^
AttributeError: 'Member' object has no attribute 'timed_out_until'
Ignoring exception in on_member_update
Traceback (most recent call last):
  File "/usr/local/lib/python3.12/site-packages/discord/client.py", line 465, in _run_event
    await coro(*args, **kwargs)
  File "/app/asu_discord/cogs/analytics.py", line 652, in on_member_update
    before_timeout = before.timed_out_until
                     ^^^^^^^^^^^^^^^^^^^^^^
AttributeError: 'Member' object has no attribute 'timed_out_until'
Ignoring exception in on_member_update
Traceback (most recent call last):
  File "/usr/local/lib/python3.12/site-packages/discord/client.py", line 465, in _run_event
    await coro(*args, **kwargs)
  File "/app/asu_discord/cogs/analytics.py", line 652, in on_member_update
    before_timeout = before.timed_out_until
                     ^^^^^^^^^^^^^^^^^^^^^^
AttributeError: 'Member' object has no attribute 'timed_out_until'
Ignoring exception in on_member_update
Traceback (most recent call last):
  File "/usr/local/lib/python3.12/site-packages/discord/client.py", line 465, in _run_event
    await coro(*args, **kwargs)
  File "/app/asu_discord/cogs/analytics.py", line 652, in on_member_update
    before_timeout = before.timed_out_until
                     ^^^^^^^^^^^^^^^^^^^^^^
AttributeError: 'Member' object has no attribute 'timed_out_until'
INFO:asu_discord.cogs.verification:Saved 4 roles to database for user mrcarley (Discord ID: 487050270614880259)
INFO:asu_discord.cogs.verification:Refreshed Salesforce roles for Discord user 487050270614880259: -4/+4 roles, assigned=[Arizona Resident, Ira A. Fulton Schools of Engineering, Polytechnic, Transfer Student]
Ignoring exception in on_member_update
Traceback (most recent call last):
  File "/usr/local/lib/python3.12/site-packages/discord/client.py", line 465, in _run_event
    await coro(*args, **kwargs)
  File "/app/asu_discord/cogs/analytics.py", line 652, in on_member_update
    before_timeout = before.timed_out_until
                     ^^^^^^^^^^^^^^^^^^^^^^
AttributeError: 'Member' object has no attribute 'timed_out_until'
Ignoring exception in on_member_update
Traceback (most recent call last):
  File "/usr/local/lib/python3.12/site-packages/discord/client.py", line 465, in _run_event
    await coro(*args, **kwargs)
  File "/app/asu_discord/cogs/analytics.py", line 652, in on_member_update
    before_timeout = before.timed_out_until
                     ^^^^^^^^^^^^^^^^^^^^^^
AttributeError: 'Member' object has no attribute 'timed_out_until'
Ignoring exception in on_member_update
Traceback (most recent call last):
  File "/usr/local/lib/python3.12/site-packages/discord/client.py", line 465, in _run_event
    await coro(*args, **kwargs)
  File "/app/asu_discord/cogs/analytics.py", line 652, in on_member_update
    before_timeout = before.timed_out_until
                     ^^^^^^^^^^^^^^^^^^^^^^
AttributeError: 'Member' object has no attribute 'timed_out_until'
Ignoring exception in on_member_update
Traceback (most recent call last):
  File "/usr/local/lib/python3.12/site-packages/discord/client.py", line 465, in _run_event
    await coro(*args, **kwargs)
  File "/app/asu_discord/cogs/analytics.py", line 652, in on_member_update
    before_timeout = before.timed_out_until
                     ^^^^^^^^^^^^^^^^^^^^^^
AttributeError: 'Member' object has no attribute 'timed_out_until'
Ignoring exception in on_member_update
Traceback (most recent call last):
  File "/usr/local/lib/python3.12/site-packages/discord/client.py", line 465, in _run_event
    await coro(*args, **kwargs)
  File "/app/asu_discord/cogs/analytics.py", line 652, in on_member_update
    before_timeout = before.timed_out_until
                     ^^^^^^^^^^^^^^^^^^^^^^
AttributeError: 'Member' object has no attribute 'timed_out_until'
Ignoring exception in on_member_update
Traceback (most recent call last):
  File "/usr/local/lib/python3.12/site-packages/discord/client.py", line 465, in _run_event
    await coro(*args, **kwargs)
  File "/app/asu_discord/cogs/analytics.py", line 652, in on_member_update
    before_timeout = before.timed_out_until
                     ^^^^^^^^^^^^^^^^^^^^^^
AttributeError: 'Member' object has no attribute 'timed_out_until'
Ignoring exception in on_member_update
Traceback (most recent call last):
  File "/usr/local/lib/python3.12/site-packages/discord/client.py", line 465, in _run_event
    await coro(*args, **kwargs)
  File "/app/asu_discord/cogs/analytics.py", line 652, in on_member_update
    before_timeout = before.timed_out_until
                     ^^^^^^^^^^^^^^^^^^^^^^
AttributeError: 'Member' object has no attribute 'timed_out_until'
Ignoring exception in on_member_update
Traceback (most recent call last):
  File "/usr/local/lib/python3.12/site-packages/discord/client.py", line 465, in _run_event
    await coro(*args, **kwargs)
  File "/app/asu_discord/cogs/analytics.py", line 652, in on_member_update
    before_timeout = before.timed_out_until
                     ^^^^^^^^^^^^^^^^^^^^^^
AttributeError: 'Member' object has no attribute 'timed_out_until'
Ignoring exception in on_member_update
Traceback (most recent call last):
  File "/usr/local/lib/python3.12/site-packages/discord/client.py", line 465, in _run_event
    await coro(*args, **kwargs)
  File "/app/asu_discord/cogs/analytics.py", line 652, in on_member_update
    before_timeout = before.timed_out_until
                     ^^^^^^^^^^^^^^^^^^^^^^
AttributeError: 'Member' object has no attribute 'timed_out_until'
Ignoring exception in on_member_update
Traceback (most recent call last):
  File "/usr/local/lib/python3.12/site-packages/discord/client.py", line 465, in _run_event
    await coro(*args, **kwargs)
  File "/app/asu_discord/cogs/analytics.py", line 652, in on_member_update
    before_timeout = before.timed_out_until
                     ^^^^^^^^^^^^^^^^^^^^^^
AttributeError: 'Member' object has no attribute 'timed_out_until'
INFO:asu_discord.cogs.verification:Saved 5 roles to database for user artrog (Discord ID: 904440691873177630)
INFO:asu_discord.cogs.verification:Refreshed Salesforce roles for Discord user 904440691873177630: -4/+5 roles, assigned=[First Generation Student, Herberger Institute for Design and the Arts, Online, Out of State, Transfer Student]
Ignoring exception in on_member_update
Traceback (most recent call last):
  File "/usr/local/lib/python3.12/site-packages/discord/client.py", line 465, in _run_event
    await coro(*args, **kwargs)
  File "/app/asu_discord/cogs/analytics.py", line 652, in on_member_update
    before_timeout = before.timed_out_until
                     ^^^^^^^^^^^^^^^^^^^^^^
AttributeError: 'Member' object has no attribute 'timed_out_until'
Ignoring exception in on_member_update
Traceback (most recent call last):
  File "/usr/local/lib/python3.12/site-packages/discord/client.py", line 465, in _run_event
    await coro(*args, **kwargs)
  File "/app/asu_discord/cogs/analytics.py", line 652, in on_member_update
    before_timeout = before.timed_out_until
                     ^^^^^^^^^^^^^^^^^^^^^^
AttributeError: 'Member' object has no attribute 'timed_out_until'
Ignoring exception in on_member_update
Traceback (most recent call last):
  File "/usr/local/lib/python3.12/site-packages/discord/client.py", line 465, in _run_event
    await coro(*args, **kwargs)
  File "/app/asu_discord/cogs/analytics.py", line 652, in on_member_update
    before_timeout = before.timed_out_until
                     ^^^^^^^^^^^^^^^^^^^^^^
AttributeError: 'Member' object has no attribute 'timed_out_until'
Ignoring exception in on_member_update
Traceback (most recent call last):
  File "/usr/local/lib/python3.12/site-packages/discord/client.py", line 465, in _run_event
    await coro(*args, **kwargs)
  File "/app/asu_discord/cogs/analytics.py", line 652, in on_member_update
    before_timeout = before.timed_out_until
                     ^^^^^^^^^^^^^^^^^^^^^^
AttributeError: 'Member' object has no attribute 'timed_out_until'
Ignoring exception in on_member_update
Traceback (most recent call last):
  File "/usr/local/lib/python3.12/site-packages/discord/client.py", line 465, in _run_event
    await coro(*args, **kwargs)
  File "/app/asu_discord/cogs/analytics.py", line 652, in on_member_update
    before_timeout = before.timed_out_until
                     ^^^^^^^^^^^^^^^^^^^^^^
AttributeError: 'Member' object has no attribute 'timed_out_until'
Ignoring exception in on_member_update
Traceback (most recent call last):
  File "/usr/local/lib/python3.12/site-packages/discord/client.py", line 465, in _run_event
    await coro(*args, **kwargs)
  File "/app/asu_discord/cogs/analytics.py", line 652, in on_member_update
    before_timeout = before.timed_out_until
                     ^^^^^^^^^^^^^^^^^^^^^^
AttributeError: 'Member' object has no attribute 'timed_out_until'
Ignoring exception in on_member_update
Traceback (most recent call last):
  File "/usr/local/lib/python3.12/site-packages/discord/client.py", line 465, in _run_event
    await coro(*args, **kwargs)
  File "/app/asu_discord/cogs/analytics.py", line 652, in on_member_update
    before_timeout = before.timed_out_until
                     ^^^^^^^^^^^^^^^^^^^^^^
AttributeError: 'Member' object has no attribute 'timed_out_until'
Ignoring exception in on_member_update
Traceback (most recent call last):
  File "/usr/local/lib/python3.12/site-packages/discord/client.py", line 465, in _run_event
    await coro(*args, **kwargs)
  File "/app/asu_discord/cogs/analytics.py", line 652, in on_member_update
    before_timeout = before.timed_out_until
                     ^^^^^^^^^^^^^^^^^^^^^^
AttributeError: 'Member' object has no attribute 'timed_out_until'
Ignoring exception in on_member_update
Traceback (most recent call last):
  File "/usr/local/lib/python3.12/site-packages/discord/client.py", line 465, in _run_event
    await coro(*args, **kwargs)
  File "/app/asu_discord/cogs/analytics.py", line 652, in on_member_update
    before_timeout = before.timed_out_until
                     ^^^^^^^^^^^^^^^^^^^^^^
AttributeError: 'Member' object has no attribute 'timed_out_until'
Ignoring exception in on_member_update
Traceback (most recent call last):
  File "/usr/local/lib/python3.12/site-packages/discord/client.py", line 465, in _run_event
    await coro(*args, **kwargs)
  File "/app/asu_discord/cogs/analytics.py", line 652, in on_member_update
    before_timeout = before.timed_out_until
                     ^^^^^^^^^^^^^^^^^^^^^^
AttributeError: 'Member' object has no attribute 'timed_out_until'
Ignoring exception in on_member_update
Traceback (most recent call last):
  File "/usr/local/lib/python3.12/site-packages/discord/client.py", line 465, in _run_event
    await coro(*args, **kwargs)
  File "/app/asu_discord/cogs/analytics.py", line 652, in on_member_update
    before_timeout = before.timed_out_until
                     ^^^^^^^^^^^^^^^^^^^^^^
AttributeError: 'Member' object has no attribute 'timed_out_until'
Ignoring exception in on_member_update
Traceback (most recent call last):
  File "/usr/local/lib/python3.12/site-packages/discord/client.py", line 465, in _run_event
    await coro(*args, **kwargs)
  File "/app/asu_discord/cogs/analytics.py", line 652, in on_member_update
    before_timeout = before.timed_out_until
                     ^^^^^^^^^^^^^^^^^^^^^^
AttributeError: 'Member' object has no attribute 'timed_out_until'
INFO:asu_discord.cogs.verification:Saved 6 roles to database for user aaarias6 (Discord ID: 1478522679895134409)
INFO:asu_discord.cogs.verification:Refreshed Salesforce roles for Discord user 1478522679895134409: -6/+6 roles, assigned=[Commited, First Generation Student, Herberger Institute for Design and the Arts, LA Center, Out of State, Transfer Student]
Ignoring exception in on_member_update
Traceback (most recent call last):
  File "/usr/local/lib/python3.12/site-packages/discord/client.py", line 465, in _run_event
    await coro(*args, **kwargs)
  File "/app/asu_discord/cogs/analytics.py", line 652, in on_member_update
    before_timeout = before.timed_out_until
                     ^^^^^^^^^^^^^^^^^^^^^^
AttributeError: 'Member' object has no attribute 'timed_out_until'
Ignoring exception in on_member_update
Traceback (most recent call last):
  File "/usr/local/lib/python3.12/site-packages/discord/client.py", line 465, in _run_event
    await coro(*args, **kwargs)
  File "/app/asu_discord/cogs/analytics.py", line 652, in on_member_update
    before_timeout = before.timed_out_until
                     ^^^^^^^^^^^^^^^^^^^^^^
AttributeError: 'Member' object has no attribute 'timed_out_until'
Ignoring exception in on_member_update
Traceback (most recent call last):
  File "/usr/local/lib/python3.12/site-packages/discord/client.py", line 465, in _run_event
    await coro(*args, **kwargs)
  File "/app/asu_discord/cogs/analytics.py", line 652, in on_member_update
    before_timeout = before.timed_out_until
                     ^^^^^^^^^^^^^^^^^^^^^^
AttributeError: 'Member' object has no attribute 'timed_out_until'
Ignoring exception in on_member_update
Traceback (most recent call last):
  File "/usr/local/lib/python3.12/site-packages/discord/client.py", line 465, in _run_event
    await coro(*args, **kwargs)
  File "/app/asu_discord/cogs/analytics.py", line 652, in on_member_update
    before_timeout = before.timed_out_until
                     ^^^^^^^^^^^^^^^^^^^^^^
AttributeError: 'Member' object has no attribute 'timed_out_until'
Ignoring exception in on_member_update
Traceback (most recent call last):
  File "/usr/local/lib/python3.12/site-packages/discord/client.py", line 465, in _run_event
    await coro(*args, **kwargs)
  File "/app/asu_discord/cogs/analytics.py", line 652, in on_member_update
    before_timeout = before.timed_out_until
                     ^^^^^^^^^^^^^^^^^^^^^^
AttributeError: 'Member' object has no attribute 'timed_out_until'
Ignoring exception in on_member_update
Traceback (most recent call last):
  File "/usr/local/lib/python3.12/site-packages/discord/client.py", line 465, in _run_event
    await coro(*args, **kwargs)
  File "/app/asu_discord/cogs/analytics.py", line 652, in on_member_update
    before_timeout = before.timed_out_until
                     ^^^^^^^^^^^^^^^^^^^^^^
AttributeError: 'Member' object has no attribute 'timed_out_until'
Ignoring exception in on_member_update
Traceback (most recent call last):
  File "/usr/local/lib/python3.12/site-packages/discord/client.py", line 465, in _run_event
    await coro(*args, **kwargs)
  File "/app/asu_discord/cogs/analytics.py", line 652, in on_member_update
    before_timeout = before.timed_out_until
                     ^^^^^^^^^^^^^^^^^^^^^^
AttributeError: 'Member' object has no attribute 'timed_out_until'
Ignoring exception in on_member_update
Traceback (most recent call last):
  File "/usr/local/lib/python3.12/site-packages/discord/client.py", line 465, in _run_event
    await coro(*args, **kwargs)
  File "/app/asu_discord/cogs/analytics.py", line 652, in on_member_update
    before_timeout = before.timed_out_until
                     ^^^^^^^^^^^^^^^^^^^^^^
AttributeError: 'Member' object has no attribute 'timed_out_until'
Ignoring exception in on_member_update
Traceback (most recent call last):
  File "/usr/local/lib/python3.12/site-packages/discord/client.py", line 465, in _run_event
    await coro(*args, **kwargs)
  File "/app/asu_discord/cogs/analytics.py", line 652, in on_member_update
    before_timeout = before.timed_out_until
                     ^^^^^^^^^^^^^^^^^^^^^^
AttributeError: 'Member' object has no attribute 'timed_out_until'
INFO:asu_discord.cogs.verification:Saved 5 roles to database for user amyouss2 (Discord ID: 1387754206559211591)
INFO:asu_discord.cogs.verification:Refreshed Salesforce roles for Discord user 1387754206559211591: -4/+5 roles, assigned=[Commited, First Year, International Student, Ira A. Fulton Schools of Engineering, Polytechnic]
ERROR:cron.jobs:refresh_salesforce_roles: failed for abtong (Discord ID 1228062002270961829): Failed to refresh Salesforce-based roles: Discord user 1228062002270961829 is not a member of the guild
Ignoring exception in on_member_update
Traceback (most recent call last):
  File "/usr/local/lib/python3.12/site-packages/discord/client.py", line 465, in _run_event
    await coro(*args, **kwargs)
  File "/app/asu_discord/cogs/analytics.py", line 652, in on_member_update
    before_timeout = before.timed_out_until
                     ^^^^^^^^^^^^^^^^^^^^^^
AttributeError: 'Member' object has no attribute 'timed_out_until'
Ignoring exception in on_member_update
Traceback (most recent call last):
  File "/usr/local/lib/python3.12/site-packages/discord/client.py", line 465, in _run_event
    await coro(*args, **kwargs)
  File "/app/asu_discord/cogs/analytics.py", line 652, in on_member_update
    before_timeout = before.timed_out_until
                     ^^^^^^^^^^^^^^^^^^^^^^
AttributeError: 'Member' object has no attribute 'timed_out_until'
Ignoring exception in on_member_update
Traceback (most recent call last):
  File "/usr/local/lib/python3.12/site-packages/discord/client.py", line 465, in _run_event
    await coro(*args, **kwargs)
  File "/app/asu_discord/cogs/analytics.py", line 652, in on_member_update
    before_timeout = before.timed_out_until
                     ^^^^^^^^^^^^^^^^^^^^^^
AttributeError: 'Member' object has no attribute 'timed_out_until'
Ignoring exception in on_member_update
Traceback (most recent call last):
  File "/usr/local/lib/python3.12/site-packages/discord/client.py", line 465, in _run_event
    await coro(*args, **kwargs)
  File "/app/asu_discord/cogs/analytics.py", line 652, in on_member_update
    before_timeout = before.timed_out_until
                     ^^^^^^^^^^^^^^^^^^^^^^
AttributeError: 'Member' object has no attribute 'timed_out_until'
Ignoring exception in on_member_update
Traceback (most recent call last):
  File "/usr/local/lib/python3.12/site-packages/discord/client.py", line 465, in _run_event
    await coro(*args, **kwargs)
  File "/app/asu_discord/cogs/analytics.py", line 652, in on_member_update
    before_timeout = before.timed_out_until
                     ^^^^^^^^^^^^^^^^^^^^^^
AttributeError: 'Member' object has no attribute 'timed_out_until'
Ignoring exception in on_member_update
Traceback (most recent call last):
  File "/usr/local/lib/python3.12/site-packages/discord/client.py", line 465, in _run_event
    await coro(*args, **kwargs)
  File "/app/asu_discord/cogs/analytics.py", line 652, in on_member_update
    before_timeout = before.timed_out_until
                     ^^^^^^^^^^^^^^^^^^^^^^
AttributeError: 'Member' object has no attribute 'timed_out_until'
Ignoring exception in on_member_update
Traceback (most recent call last):
  File "/usr/local/lib/python3.12/site-packages/discord/client.py", line 465, in _run_event
    await coro(*args, **kwargs)
  File "/app/asu_discord/cogs/analytics.py", line 652, in on_member_update
    before_timeout = before.timed_out_until
                     ^^^^^^^^^^^^^^^^^^^^^^
AttributeError: 'Member' object has no attribute 'timed_out_until'
Ignoring exception in on_member_update
Traceback (most recent call last):
  File "/usr/local/lib/python3.12/site-packages/discord/client.py", line 465, in _run_event
    await coro(*args, **kwargs)
  File "/app/asu_discord/cogs/analytics.py", line 652, in on_member_update
    before_timeout = before.timed_out_until
                     ^^^^^^^^^^^^^^^^^^^^^^
AttributeError: 'Member' object has no attribute 'timed_out_until'
Ignoring exception in on_member_update
Traceback (most recent call last):
  File "/usr/local/lib/python3.12/site-packages/discord/client.py", line 465, in _run_event
    await coro(*args, **kwargs)
  File "/app/asu_discord/cogs/analytics.py", line 652, in on_member_update
    before_timeout = before.timed_out_until
                     ^^^^^^^^^^^^^^^^^^^^^^
AttributeError: 'Member' object has no attribute 'timed_out_until'
Ignoring exception in on_member_update
Traceback (most recent call last):
  File "/usr/local/lib/python3.12/site-packages/discord/client.py", line 465, in _run_event
    await coro(*args, **kwargs)
  File "/app/asu_discord/cogs/analytics.py", line 652, in on_member_update
    before_timeout = before.timed_out_until
                     ^^^^^^^^^^^^^^^^^^^^^^
AttributeError: 'Member' object has no attribute 'timed_out_until'
INFO:asu_discord.cogs.verification:Saved 5 roles to database for user igarci80 (Discord ID: 710207685383159870)
INFO:asu_discord.cogs.verification:Refreshed Salesforce roles for Discord user 710207685383159870: -5/+5 roles, assigned=[Arizona Resident, First Generation Student, First Year, Ira A. Fulton Schools of Engineering, Tempe]
Ignoring exception in on_member_update
Traceback (most recent call last):
  File "/usr/local/lib/python3.12/site-packages/discord/client.py", line 465, in _run_event
    await coro(*args, **kwargs)
  File "/app/asu_discord/cogs/analytics.py", line 652, in on_member_update
    before_timeout = before.timed_out_until
                     ^^^^^^^^^^^^^^^^^^^^^^
AttributeError: 'Member' object has no attribute 'timed_out_until'
Ignoring exception in on_member_update
Traceback (most recent call last):
  File "/usr/local/lib/python3.12/site-packages/discord/client.py", line 465, in _run_event
    await coro(*args, **kwargs)
  File "/app/asu_discord/cogs/analytics.py", line 652, in on_member_update
    before_timeout = before.timed_out_until
                     ^^^^^^^^^^^^^^^^^^^^^^
AttributeError: 'Member' object has no attribute 'timed_out_until'
Ignoring exception in on_member_update
Traceback (most recent call last):
  File "/usr/local/lib/python3.12/site-packages/discord/client.py", line 465, in _run_event
    await coro(*args, **kwargs)
  File "/app/asu_discord/cogs/analytics.py", line 652, in on_member_update
    before_timeout = before.timed_out_until
                     ^^^^^^^^^^^^^^^^^^^^^^
AttributeError: 'Member' object has no attribute 'timed_out_until'
Ignoring exception in on_member_update
Traceback (most recent call last):
  File "/usr/local/lib/python3.12/site-packages/discord/client.py", line 465, in _run_event
    await coro(*args, **kwargs)
  File "/app/asu_discord/cogs/analytics.py", line 652, in on_member_update
    before_timeout = before.timed_out_until
                     ^^^^^^^^^^^^^^^^^^^^^^
AttributeError: 'Member' object has no attribute 'timed_out_until'
Ignoring exception in on_member_update
Traceback (most recent call last):
  File "/usr/local/lib/python3.12/site-packages/discord/client.py", line 465, in _run_event
    await coro(*args, **kwargs)
  File "/app/asu_discord/cogs/analytics.py", line 652, in on_member_update
    before_timeout = before.timed_out_until
                     ^^^^^^^^^^^^^^^^^^^^^^
AttributeError: 'Member' object has no attribute 'timed_out_until'
Ignoring exception in on_member_update
Traceback (most recent call last):
  File "/usr/local/lib/python3.12/site-packages/discord/client.py", line 465, in _run_event
    await coro(*args, **kwargs)
  File "/app/asu_discord/cogs/analytics.py", line 652, in on_member_update
    before_timeout = before.timed_out_until
                     ^^^^^^^^^^^^^^^^^^^^^^
AttributeError: 'Member' object has no attribute 'timed_out_until'
Ignoring exception in on_member_update
Traceback (most recent call last):
  File "/usr/local/lib/python3.12/site-packages/discord/client.py", line 465, in _run_event
    await coro(*args, **kwargs)
  File "/app/asu_discord/cogs/analytics.py", line 652, in on_member_update
    before_timeout = before.timed_out_until
                     ^^^^^^^^^^^^^^^^^^^^^^
AttributeError: 'Member' object has no attribute 'timed_out_until'
Ignoring exception in on_member_update
Traceback (most recent call last):
  File "/usr/local/lib/python3.12/site-packages/discord/client.py", line 465, in _run_event
    await coro(*args, **kwargs)
  File "/app/asu_discord/cogs/analytics.py", line 652, in on_member_update
    before_timeout = before.timed_out_until
                     ^^^^^^^^^^^^^^^^^^^^^^
AttributeError: 'Member' object has no attribute 'timed_out_until'
INFO:asu_discord.cogs.verification:Saved 4 roles to database for user kware124 (Discord ID: 1479950486403547361)
INFO:asu_discord.cogs.verification:Refreshed Salesforce roles for Discord user 1479950486403547361: -4/+4 roles, assigned=[Arizona Resident, First Year, Herberger Institute for Design and the Arts, Tempe]
Ignoring exception in on_member_update
Traceback (most recent call last):
  File "/usr/local/lib/python3.12/site-packages/discord/client.py", line 465, in _run_event
    await coro(*args, **kwargs)
  File "/app/asu_discord/cogs/analytics.py", line 652, in on_member_update
    before_timeout = before.timed_out_until
                     ^^^^^^^^^^^^^^^^^^^^^^
AttributeError: 'Member' object has no attribute 'timed_out_until'
Ignoring exception in on_member_update
Traceback (most recent call last):
  File "/usr/local/lib/python3.12/site-packages/discord/client.py", line 465, in _run_event
    await coro(*args, **kwargs)
  File "/app/asu_discord/cogs/analytics.py", line 652, in on_member_update
    before_timeout = before.timed_out_until
                     ^^^^^^^^^^^^^^^^^^^^^^
AttributeError: 'Member' object has no attribute 'timed_out_until'
Ignoring exception in on_member_update
Traceback (most recent call last):
  File "/usr/local/lib/python3.12/site-packages/discord/client.py", line 465, in _run_event
    await coro(*args, **kwargs)
  File "/app/asu_discord/cogs/analytics.py", line 652, in on_member_update
    before_timeout = before.timed_out_until
                     ^^^^^^^^^^^^^^^^^^^^^^
AttributeError: 'Member' object has no attribute 'timed_out_until'
Ignoring exception in on_member_update
Traceback (most recent call last):
  File "/usr/local/lib/python3.12/site-packages/discord/client.py", line 465, in _run_event
    await coro(*args, **kwargs)
  File "/app/asu_discord/cogs/analytics.py", line 652, in on_member_update
    before_timeout = before.timed_out_until
                     ^^^^^^^^^^^^^^^^^^^^^^
AttributeError: 'Member' object has no attribute 'timed_out_until'
Ignoring exception in on_member_update
Traceback (most recent call last):
  File "/usr/local/lib/python3.12/site-packages/discord/client.py", line 465, in _run_event
    await coro(*args, **kwargs)
  File "/app/asu_discord/cogs/analytics.py", line 652, in on_member_update
    before_timeout = before.timed_out_until
                     ^^^^^^^^^^^^^^^^^^^^^^
AttributeError: 'Member' object has no attribute 'timed_out_until'
Ignoring exception in on_member_update
Traceback (most recent call last):
  File "/usr/local/lib/python3.12/site-packages/discord/client.py", line 465, in _run_event
    await coro(*args, **kwargs)
  File "/app/asu_discord/cogs/analytics.py", line 652, in on_member_update
    before_timeout = before.timed_out_until
                     ^^^^^^^^^^^^^^^^^^^^^^
AttributeError: 'Member' object has no attribute 'timed_out_until'
Ignoring exception in on_member_update
Traceback (most recent call last):
  File "/usr/local/lib/python3.12/site-packages/discord/client.py", line 465, in _run_event
    await coro(*args, **kwargs)
  File "/app/asu_discord/cogs/analytics.py", line 652, in on_member_update
    before_timeout = before.timed_out_until
                     ^^^^^^^^^^^^^^^^^^^^^^
AttributeError: 'Member' object has no attribute 'timed_out_until'
INFO:asu_discord.cogs.verification:Saved 4 roles to database for user smatoza (Discord ID: 711908324186259498)
INFO:asu_discord.cogs.verification:Refreshed Salesforce roles for Discord user 711908324186259498: -3/+4 roles, assigned=[Arizona Resident, Tempe, Transfer Student, W.P. Carey School of Business]
Ignoring exception in on_member_update
Traceback (most recent call last):
  File "/usr/local/lib/python3.12/site-packages/discord/client.py", line 465, in _run_event
    await coro(*args, **kwargs)
  File "/app/asu_discord/cogs/analytics.py", line 652, in on_member_update
    before_timeout = before.timed_out_until
                     ^^^^^^^^^^^^^^^^^^^^^^
AttributeError: 'Member' object has no attribute 'timed_out_until'
Ignoring exception in on_member_update
Traceback (most recent call last):
  File "/usr/local/lib/python3.12/site-packages/discord/client.py", line 465, in _run_event
    await coro(*args, **kwargs)
  File "/app/asu_discord/cogs/analytics.py", line 652, in on_member_update
    before_timeout = before.timed_out_until
                     ^^^^^^^^^^^^^^^^^^^^^^
AttributeError: 'Member' object has no attribute 'timed_out_until'
Ignoring exception in on_member_update
Traceback (most recent call last):
  File "/usr/local/lib/python3.12/site-packages/discord/client.py", line 465, in _run_event
    await coro(*args, **kwargs)
  File "/app/asu_discord/cogs/analytics.py", line 652, in on_member_update
    before_timeout = before.timed_out_until
                     ^^^^^^^^^^^^^^^^^^^^^^
AttributeError: 'Member' object has no attribute 'timed_out_until'
Ignoring exception in on_member_update
Traceback (most recent call last):
  File "/usr/local/lib/python3.12/site-packages/discord/client.py", line 465, in _run_event
    await coro(*args, **kwargs)
  File "/app/asu_discord/cogs/analytics.py", line 652, in on_member_update
    before_timeout = before.timed_out_until
                     ^^^^^^^^^^^^^^^^^^^^^^
AttributeError: 'Member' object has no attribute 'timed_out_until'
Ignoring exception in on_member_update
Traceback (most recent call last):
  File "/usr/local/lib/python3.12/site-packages/discord/client.py", line 465, in _run_event
    await coro(*args, **kwargs)
  File "/app/asu_discord/cogs/analytics.py", line 652, in on_member_update
    before_timeout = before.timed_out_until
                     ^^^^^^^^^^^^^^^^^^^^^^
AttributeError: 'Member' object has no attribute 'timed_out_until'
Ignoring exception in on_member_update
Traceback (most recent call last):
  File "/usr/local/lib/python3.12/site-packages/discord/client.py", line 465, in _run_event
    await coro(*args, **kwargs)
  File "/app/asu_discord/cogs/analytics.py", line 652, in on_member_update
    before_timeout = before.timed_out_until
                     ^^^^^^^^^^^^^^^^^^^^^^
AttributeError: 'Member' object has no attribute 'timed_out_until'
Ignoring exception in on_member_update
Traceback (most recent call last):
  File "/usr/local/lib/python3.12/site-packages/discord/client.py", line 465, in _run_event
    await coro(*args, **kwargs)
  File "/app/asu_discord/cogs/analytics.py", line 652, in on_member_update
    before_timeout = before.timed_out_until
                     ^^^^^^^^^^^^^^^^^^^^^^
AttributeError: 'Member' object has no attribute 'timed_out_until'
Ignoring exception in on_member_update
Traceback (most recent call last):
  File "/usr/local/lib/python3.12/site-packages/discord/client.py", line 465, in _run_event
    await coro(*args, **kwargs)
  File "/app/asu_discord/cogs/analytics.py", line 652, in on_member_update
    before_timeout = before.timed_out_until
                     ^^^^^^^^^^^^^^^^^^^^^^
AttributeError: 'Member' object has no attribute 'timed_out_until'
Ignoring exception in on_member_update
Traceback (most recent call last):
  File "/usr/local/lib/python3.12/site-packages/discord/client.py", line 465, in _run_event
    await coro(*args, **kwargs)
  File "/app/asu_discord/cogs/analytics.py", line 652, in on_member_update
    before_timeout = before.timed_out_until
                     ^^^^^^^^^^^^^^^^^^^^^^
AttributeError: 'Member' object has no attribute 'timed_out_until'
INFO:asu_discord.cogs.verification:Saved 5 roles to database for user jtayl164 (Discord ID: 817079989760557108)
INFO:asu_discord.cogs.verification:Refreshed Salesforce roles for Discord user 817079989760557108: -4/+5 roles, assigned=[Arizona Resident, College of Integrative Sciences and Arts, Commited, First Year, Polytechnic]
ERROR:cron.jobs:refresh_salesforce_roles: failed for aechaco1 (Discord ID 678984695349903380): Failed to refresh Salesforce-based roles: Discord user 678984695349903380 is not a member of the guild
Ignoring exception in on_member_update
Traceback (most recent call last):
  File "/usr/local/lib/python3.12/site-packages/discord/client.py", line 465, in _run_event
    await coro(*args, **kwargs)
  File "/app/asu_discord/cogs/analytics.py", line 652, in on_member_update
    before_timeout = before.timed_out_until
                     ^^^^^^^^^^^^^^^^^^^^^^
AttributeError: 'Member' object has no attribute 'timed_out_until'
Ignoring exception in on_member_update
Traceback (most recent call last):
  File "/usr/local/lib/python3.12/site-packages/discord/client.py", line 465, in _run_event
    await coro(*args, **kwargs)
  File "/app/asu_discord/cogs/analytics.py", line 652, in on_member_update
    before_timeout = before.timed_out_until
                     ^^^^^^^^^^^^^^^^^^^^^^
AttributeError: 'Member' object has no attribute 'timed_out_until'
Ignoring exception in on_member_update
Traceback (most recent call last):
  File "/usr/local/lib/python3.12/site-packages/discord/client.py", line 465, in _run_event
    await coro(*args, **kwargs)
  File "/app/asu_discord/cogs/analytics.py", line 652, in on_member_update
    before_timeout = before.timed_out_until
                     ^^^^^^^^^^^^^^^^^^^^^^
AttributeError: 'Member' object has no attribute 'timed_out_until'
Ignoring exception in on_member_update
Traceback (most recent call last):
  File "/usr/local/lib/python3.12/site-packages/discord/client.py", line 465, in _run_event
    await coro(*args, **kwargs)
  File "/app/asu_discord/cogs/analytics.py", line 652, in on_member_update
    before_timeout = before.timed_out_until
                     ^^^^^^^^^^^^^^^^^^^^^^
AttributeError: 'Member' object has no attribute 'timed_out_until'
Ignoring exception in on_member_update
Traceback (most recent call last):
  File "/usr/local/lib/python3.12/site-packages/discord/client.py", line 465, in _run_event
    await coro(*args, **kwargs)
  File "/app/asu_discord/cogs/analytics.py", line 652, in on_member_update
    before_timeout = before.timed_out_until
                     ^^^^^^^^^^^^^^^^^^^^^^
AttributeError: 'Member' object has no attribute 'timed_out_until'
Ignoring exception in on_member_update
Traceback (most recent call last):
  File "/usr/local/lib/python3.12/site-packages/discord/client.py", line 465, in _run_event
    await coro(*args, **kwargs)
  File "/app/asu_discord/cogs/analytics.py", line 652, in on_member_update
    before_timeout = before.timed_out_until
                     ^^^^^^^^^^^^^^^^^^^^^^
AttributeError: 'Member' object has no attribute 'timed_out_until'
Ignoring exception in on_member_update
Traceback (most recent call last):
  File "/usr/local/lib/python3.12/site-packages/discord/client.py", line 465, in _run_event
    await coro(*args, **kwargs)
  File "/app/asu_discord/cogs/analytics.py", line 652, in on_member_update
    before_timeout = before.timed_out_until
                     ^^^^^^^^^^^^^^^^^^^^^^
AttributeError: 'Member' object has no attribute 'timed_out_until'
Ignoring exception in on_member_update
Traceback (most recent call last):
  File "/usr/local/lib/python3.12/site-packages/discord/client.py", line 465, in _run_event
    await coro(*args, **kwargs)
  File "/app/asu_discord/cogs/analytics.py", line 652, in on_member_update
    before_timeout = before.timed_out_until
                     ^^^^^^^^^^^^^^^^^^^^^^
AttributeError: 'Member' object has no attribute 'timed_out_until'
Ignoring exception in on_member_update
Traceback (most recent call last):
  File "/usr/local/lib/python3.12/site-packages/discord/client.py", line 465, in _run_event
    await coro(*args, **kwargs)
  File "/app/asu_discord/cogs/analytics.py", line 652, in on_member_update
    before_timeout = before.timed_out_until
                     ^^^^^^^^^^^^^^^^^^^^^^
AttributeError: 'Member' object has no attribute 'timed_out_until'
Ignoring exception in on_member_update
Traceback (most recent call last):
  File "/usr/local/lib/python3.12/site-packages/discord/client.py", line 465, in _run_event
    await coro(*args, **kwargs)
  File "/app/asu_discord/cogs/analytics.py", line 652, in on_member_update
    before_timeout = before.timed_out_until
                     ^^^^^^^^^^^^^^^^^^^^^^
AttributeError: 'Member' object has no attribute 'timed_out_until'
Ignoring exception in on_member_update
Traceback (most recent call last):
  File "/usr/local/lib/python3.12/site-packages/discord/client.py", line 465, in _run_event
    await coro(*args, **kwargs)
  File "/app/asu_discord/cogs/analytics.py", line 652, in on_member_update
    before_timeout = before.timed_out_until
                     ^^^^^^^^^^^^^^^^^^^^^^
AttributeError: 'Member' object has no attribute 'timed_out_until'
ERROR:cron.jobs:refresh_salesforce_roles: failed for aebrogdo (Discord ID 1480033411736404090): Timed out refresh Salesforce-based roles
Ignoring exception in on_member_update
Traceback (most recent call last):
  File "/usr/local/lib/python3.12/site-packages/discord/client.py", line 465, in _run_event
    await coro(*args, **kwargs)
  File "/app/asu_discord/cogs/analytics.py", line 652, in on_member_update
    before_timeout = before.timed_out_until
                     ^^^^^^^^^^^^^^^^^^^^^^
AttributeError: 'Member' object has no attribute 'timed_out_until'
Ignoring exception in on_member_update
Traceback (most recent call last):
  File "/usr/local/lib/python3.12/site-packages/discord/client.py", line 465, in _run_event
    await coro(*args, **kwargs)
  File "/app/asu_discord/cogs/analytics.py", line 652, in on_member_update
    before_timeout = before.timed_out_until
                     ^^^^^^^^^^^^^^^^^^^^^^
AttributeError: 'Member' object has no attribute 'timed_out_until'
Ignoring exception in on_member_update
Traceback (most recent call last):
  File "/usr/local/lib/python3.12/site-packages/discord/client.py", line 465, in _run_event
    await coro(*args, **kwargs)
  File "/app/asu_discord/cogs/analytics.py", line 652, in on_member_update
    before_timeout = before.timed_out_until
                     ^^^^^^^^^^^^^^^^^^^^^^
AttributeError: 'Member' object has no attribute 'timed_out_until'
Ignoring exception in on_member_update
Traceback (most recent call last):
  File "/usr/local/lib/python3.12/site-packages/discord/client.py", line 465, in _run_event
    await coro(*args, **kwargs)
  File "/app/asu_discord/cogs/analytics.py", line 652, in on_member_update
    before_timeout = before.timed_out_until
                     ^^^^^^^^^^^^^^^^^^^^^^
AttributeError: 'Member' object has no attribute 'timed_out_until'
Ignoring exception in on_member_update
Traceback (most recent call last):
  File "/usr/local/lib/python3.12/site-packages/discord/client.py", line 465, in _run_event
    await coro(*args, **kwargs)
  File "/app/asu_discord/cogs/analytics.py", line 652, in on_member_update
    before_timeout = before.timed_out_until
                     ^^^^^^^^^^^^^^^^^^^^^^
AttributeError: 'Member' object has no attribute 'timed_out_until'
Ignoring exception in on_member_update
Traceback (most recent call last):
  File "/usr/local/lib/python3.12/site-packages/discord/client.py", line 465, in _run_event
    await coro(*args, **kwargs)
  File "/app/asu_discord/cogs/analytics.py", line 652, in on_member_update
    before_timeout = before.timed_out_until
                     ^^^^^^^^^^^^^^^^^^^^^^
AttributeError: 'Member' object has no attribute 'timed_out_until'
Ignoring exception in on_member_update
Traceback (most recent call last):
  File "/usr/local/lib/python3.12/site-packages/discord/client.py", line 465, in _run_event
    await coro(*args, **kwargs)
  File "/app/asu_discord/cogs/analytics.py", line 652, in on_member_update
    before_timeout = before.timed_out_until
                     ^^^^^^^^^^^^^^^^^^^^^^
AttributeError: 'Member' object has no attribute 'timed_out_until'
Ignoring exception in on_member_update
Traceback (most recent call last):
  File "/usr/local/lib/python3.12/site-packages/discord/client.py", line 465, in _run_event
    await coro(*args, **kwargs)
  File "/app/asu_discord/cogs/analytics.py", line 652, in on_member_update
    before_timeout = before.timed_out_until
                     ^^^^^^^^^^^^^^^^^^^^^^
AttributeError: 'Member' object has no attribute 'timed_out_until'
Ignoring exception in on_member_update
Traceback (most recent call last):
  File "/usr/local/lib/python3.12/site-packages/discord/client.py", line 465, in _run_event
    await coro(*args, **kwargs)
  File "/app/asu_discord/cogs/analytics.py", line 652, in on_member_update
    before_timeout = before.timed_out_until
                     ^^^^^^^^^^^^^^^^^^^^^^
AttributeError: 'Member' object has no attribute 'timed_out_until'
Ignoring exception in on_member_update
Traceback (most recent call last):
  File "/usr/local/lib/python3.12/site-packages/discord/client.py", line 465, in _run_event
    await coro(*args, **kwargs)
  File "/app/asu_discord/cogs/analytics.py", line 652, in on_member_update
    before_timeout = before.timed_out_until
                     ^^^^^^^^^^^^^^^^^^^^^^
AttributeError: 'Member' object has no attribute 'timed_out_until'
ERROR:cron.jobs:refresh_salesforce_roles: failed for dgonz287 (Discord ID 540324657749032970): Timed out refresh Salesforce-based roles
Ignoring exception in on_member_update
Traceback (most recent call last):
  File "/usr/local/lib/python3.12/site-packages/discord/client.py", line 465, in _run_event
    await coro(*args, **kwargs)
  File "/app/asu_discord/cogs/analytics.py", line 652, in on_member_update
    before_timeout = before.timed_out_until
                     ^^^^^^^^^^^^^^^^^^^^^^
AttributeError: 'Member' object has no attribute 'timed_out_until'
Ignoring exception in on_member_update
Traceback (most recent call last):
  File "/usr/local/lib/python3.12/site-packages/discord/client.py", line 465, in _run_event
    await coro(*args, **kwargs)
  File "/app/asu_discord/cogs/analytics.py", line 652, in on_member_update
    before_timeout = before.timed_out_until
                     ^^^^^^^^^^^^^^^^^^^^^^
AttributeError: 'Member' object has no attribute 'timed_out_until'
Ignoring exception in on_member_update
Traceback (most recent call last):
  File "/usr/local/lib/python3.12/site-packages/discord/client.py", line 465, in _run_event
    await coro(*args, **kwargs)
  File "/app/asu_discord/cogs/analytics.py", line 652, in on_member_update
    before_timeout = before.timed_out_until
                     ^^^^^^^^^^^^^^^^^^^^^^
AttributeError: 'Member' object has no attribute 'timed_out_until'
Ignoring exception in on_member_update
Traceback (most recent call last):
  File "/usr/local/lib/python3.12/site-packages/discord/client.py", line 465, in _run_event
    await coro(*args, **kwargs)
  File "/app/asu_discord/cogs/analytics.py", line 652, in on_member_update
    before_timeout = before.timed_out_until
                     ^^^^^^^^^^^^^^^^^^^^^^
AttributeError: 'Member' object has no attribute 'timed_out_until'
Ignoring exception in on_member_update
Traceback (most recent call last):
  File "/usr/local/lib/python3.12/site-packages/discord/client.py", line 465, in _run_event
    await coro(*args, **kwargs)
  File "/app/asu_discord/cogs/analytics.py", line 652, in on_member_update
    before_timeout = before.timed_out_until
                     ^^^^^^^^^^^^^^^^^^^^^^
AttributeError: 'Member' object has no attribute 'timed_out_until'
Ignoring exception in on_member_update
Traceback (most recent call last):
  File "/usr/local/lib/python3.12/site-packages/discord/client.py", line 465, in _run_event
    await coro(*args, **kwargs)
  File "/app/asu_discord/cogs/analytics.py", line 652, in on_member_update
    before_timeout = before.timed_out_until
                     ^^^^^^^^^^^^^^^^^^^^^^
AttributeError: 'Member' object has no attribute 'timed_out_until'
Ignoring exception in on_member_update
Traceback (most recent call last):
  File "/usr/local/lib/python3.12/site-packages/discord/client.py", line 465, in _run_event
    await coro(*args, **kwargs)
  File "/app/asu_discord/cogs/analytics.py", line 652, in on_member_update
    before_timeout = before.timed_out_until
                     ^^^^^^^^^^^^^^^^^^^^^^
AttributeError: 'Member' object has no attribute 'timed_out_until'
Ignoring exception in on_member_update
Traceback (most recent call last):
  File "/usr/local/lib/python3.12/site-packages/discord/client.py", line 465, in _run_event
    await coro(*args, **kwargs)
  File "/app/asu_discord/cogs/analytics.py", line 652, in on_member_update
    before_timeout = before.timed_out_until
                     ^^^^^^^^^^^^^^^^^^^^^^
AttributeError: 'Member' object has no attribute 'timed_out_until'
Ignoring exception in on_member_update
Traceback (most recent call last):
  File "/usr/local/lib/python3.12/site-packages/discord/client.py", line 465, in _run_event
    await coro(*args, **kwargs)
  File "/app/asu_discord/cogs/analytics.py", line 652, in on_member_update
    before_timeout = before.timed_out_until
                     ^^^^^^^^^^^^^^^^^^^^^^
AttributeError: 'Member' object has no attribute 'timed_out_until'
Ignoring exception in on_member_update
Traceback (most recent call last):
  File "/usr/local/lib/python3.12/site-packages/discord/client.py", line 465, in _run_event
    await coro(*args, **kwargs)
  File "/app/asu_discord/cogs/analytics.py", line 652, in on_member_update
    before_timeout = before.timed_out_until
                     ^^^^^^^^^^^^^^^^^^^^^^
AttributeError: 'Member' object has no attribute 'timed_out_until'
INFO:asu_discord.cogs.verification:Saved 5 roles to database for user dylanivy (Discord ID: 464535794866978827)
INFO:asu_discord.cogs.verification:Refreshed Salesforce roles for Discord user 464535794866978827: -5/+5 roles, assigned=[Arizona Resident, Commited, First Year, Herberger Institute for Design and the Arts, Tempe]
ERROR:cron.jobs:refresh_salesforce_roles: failed for adrawal (Discord ID 207965699711303681): Failed to refresh Salesforce-based roles: Discord user 207965699711303681 is not a member of the guild
Ignoring exception in on_member_update
Traceback (most recent call last):
  File "/usr/local/lib/python3.12/site-packages/discord/client.py", line 465, in _run_event
    await coro(*args, **kwargs)
  File "/app/asu_discord/cogs/analytics.py", line 652, in on_member_update
    before_timeout = before.timed_out_until
                     ^^^^^^^^^^^^^^^^^^^^^^
AttributeError: 'Member' object has no attribute 'timed_out_until'
Ignoring exception in on_member_update
Traceback (most recent call last):
  File "/usr/local/lib/python3.12/site-packages/discord/client.py", line 465, in _run_event
    await coro(*args, **kwargs)
  File "/app/asu_discord/cogs/analytics.py", line 652, in on_member_update
    before_timeout = before.timed_out_until
                     ^^^^^^^^^^^^^^^^^^^^^^
AttributeError: 'Member' object has no attribute 'timed_out_until'
Ignoring exception in on_member_update
Traceback (most recent call last):
  File "/usr/local/lib/python3.12/site-packages/discord/client.py", line 465, in _run_event
    await coro(*args, **kwargs)
  File "/app/asu_discord/cogs/analytics.py", line 652, in on_member_update
    before_timeout = before.timed_out_until
                     ^^^^^^^^^^^^^^^^^^^^^^
AttributeError: 'Member' object has no attribute 'timed_out_until'
Ignoring exception in on_member_update
Traceback (most recent call last):
  File "/usr/local/lib/python3.12/site-packages/discord/client.py", line 465, in _run_event
    await coro(*args, **kwargs)
  File "/app/asu_discord/cogs/analytics.py", line 652, in on_member_update
    before_timeout = before.timed_out_until
                     ^^^^^^^^^^^^^^^^^^^^^^
AttributeError: 'Member' object has no attribute 'timed_out_until'
Ignoring exception in on_member_update
Traceback (most recent call last):
  File "/usr/local/lib/python3.12/site-packages/discord/client.py", line 465, in _run_event
    await coro(*args, **kwargs)
  File "/app/asu_discord/cogs/analytics.py", line 652, in on_member_update
    before_timeout = before.timed_out_until
                     ^^^^^^^^^^^^^^^^^^^^^^
AttributeError: 'Member' object has no attribute 'timed_out_until'
Ignoring exception in on_member_update
Traceback (most recent call last):
  File "/usr/local/lib/python3.12/site-packages/discord/client.py", line 465, in _run_event
    await coro(*args, **kwargs)
  File "/app/asu_discord/cogs/analytics.py", line 652, in on_member_update
    before_timeout = before.timed_out_until
                     ^^^^^^^^^^^^^^^^^^^^^^
AttributeError: 'Member' object has no attribute 'timed_out_until'
Ignoring exception in on_member_update
Traceback (most recent call last):
  File "/usr/local/lib/python3.12/site-packages/discord/client.py", line 465, in _run_event
    await coro(*args, **kwargs)
  File "/app/asu_discord/cogs/analytics.py", line 652, in on_member_update
    before_timeout = before.timed_out_until
                     ^^^^^^^^^^^^^^^^^^^^^^
AttributeError: 'Member' object has no attribute 'timed_out_until'
Ignoring exception in on_member_update
Traceback (most recent call last):
  File "/usr/local/lib/python3.12/site-packages/discord/client.py", line 465, in _run_event
    await coro(*args, **kwargs)
  File "/app/asu_discord/cogs/analytics.py", line 652, in on_member_update
    before_timeout = before.timed_out_until
                     ^^^^^^^^^^^^^^^^^^^^^^
AttributeError: 'Member' object has no attribute 'timed_out_until'
Ignoring exception in on_member_update
Traceback (most recent call last):
  File "/usr/local/lib/python3.12/site-packages/discord/client.py", line 465, in _run_event
    await coro(*args, **kwargs)
  File "/app/asu_discord/cogs/analytics.py", line 652, in on_member_update
    before_timeout = before.timed_out_until
                     ^^^^^^^^^^^^^^^^^^^^^^
AttributeError: 'Member' object has no attribute 'timed_out_until'
INFO:asu_discord.cogs.verification:Saved 5 roles to database for user jarrufat (Discord ID: 590231868377661472)
INFO:asu_discord.cogs.verification:Refreshed Salesforce roles for Discord user 590231868377661472: -4/+5 roles, assigned=[Commited, First Year, Ira A. Fulton Schools of Engineering, Out of State, Tempe]
Ignoring exception in on_member_update
Traceback (most recent call last):
  File "/usr/local/lib/python3.12/site-packages/discord/client.py", line 465, in _run_event
    await coro(*args, **kwargs)
  File "/app/asu_discord/cogs/analytics.py", line 652, in on_member_update
    before_timeout = before.timed_out_until
                     ^^^^^^^^^^^^^^^^^^^^^^
AttributeError: 'Member' object has no attribute 'timed_out_until'
Ignoring exception in on_member_update
Traceback (most recent call last):
  File "/usr/local/lib/python3.12/site-packages/discord/client.py", line 465, in _run_event
    await coro(*args, **kwargs)
  File "/app/asu_discord/cogs/analytics.py", line 652, in on_member_update
    before_timeout = before.timed_out_until
                     ^^^^^^^^^^^^^^^^^^^^^^
AttributeError: 'Member' object has no attribute 'timed_out_until'
Ignoring exception in on_member_update
Traceback (most recent call last):
  File "/usr/local/lib/python3.12/site-packages/discord/client.py", line 465, in _run_event
    await coro(*args, **kwargs)
  File "/app/asu_discord/cogs/analytics.py", line 652, in on_member_update
    before_timeout = before.timed_out_until
                     ^^^^^^^^^^^^^^^^^^^^^^
AttributeError: 'Member' object has no attribute 'timed_out_until'
Ignoring exception in on_member_update
Traceback (most recent call last):
  File "/usr/local/lib/python3.12/site-packages/discord/client.py", line 465, in _run_event
    await coro(*args, **kwargs)
  File "/app/asu_discord/cogs/analytics.py", line 652, in on_member_update
    before_timeout = before.timed_out_until
                     ^^^^^^^^^^^^^^^^^^^^^^
AttributeError: 'Member' object has no attribute 'timed_out_until'
Ignoring exception in on_member_update
Traceback (most recent call last):
  File "/usr/local/lib/python3.12/site-packages/discord/client.py", line 465, in _run_event
    await coro(*args, **kwargs)
  File "/app/asu_discord/cogs/analytics.py", line 652, in on_member_update
    before_timeout = before.timed_out_until
                     ^^^^^^^^^^^^^^^^^^^^^^
AttributeError: 'Member' object has no attribute 'timed_out_until'
Ignoring exception in on_member_update
Traceback (most recent call last):
  File "/usr/local/lib/python3.12/site-packages/discord/client.py", line 465, in _run_event
    await coro(*args, **kwargs)
  File "/app/asu_discord/cogs/analytics.py", line 652, in on_member_update
    before_timeout = before.timed_out_until
                     ^^^^^^^^^^^^^^^^^^^^^^
AttributeError: 'Member' object has no attribute 'timed_out_until'
Ignoring exception in on_member_update
Traceback (most recent call last):
  File "/usr/local/lib/python3.12/site-packages/discord/client.py", line 465, in _run_event
    await coro(*args, **kwargs)
  File "/app/asu_discord/cogs/analytics.py", line 652, in on_member_update
    before_timeout = before.timed_out_until
                     ^^^^^^^^^^^^^^^^^^^^^^
AttributeError: 'Member' object has no attribute 'timed_out_until'
Ignoring exception in on_member_update
Traceback (most recent call last):
  File "/usr/local/lib/python3.12/site-packages/discord/client.py", line 465, in _run_event
    await coro(*args, **kwargs)
  File "/app/asu_discord/cogs/analytics.py", line 652, in on_member_update
    before_timeout = before.timed_out_until
                     ^^^^^^^^^^^^^^^^^^^^^^
AttributeError: 'Member' object has no attribute 'timed_out_until'
Ignoring exception in on_member_update
Traceback (most recent call last):
  File "/usr/local/lib/python3.12/site-packages/discord/client.py", line 465, in _run_event
    await coro(*args, **kwargs)
  File "/app/asu_discord/cogs/analytics.py", line 652, in on_member_update
    before_timeout = before.timed_out_until
                     ^^^^^^^^^^^^^^^^^^^^^^
AttributeError: 'Member' object has no attribute 'timed_out_until'
INFO:asu_discord.cogs.verification:Saved 5 roles to database for user hnguy278 (Discord ID: 707386934892167170)
INFO:asu_discord.cogs.verification:Refreshed Salesforce roles for Discord user 707386934892167170: -4/+5 roles, assigned=[Arizona Resident, College of Liberal Arts and Sciences, Commited, Tempe, Transfer Student]
Ignoring exception in on_member_update
Traceback (most recent call last):
  File "/usr/local/lib/python3.12/site-packages/discord/client.py", line 465, in _run_event
    await coro(*args, **kwargs)
  File "/app/asu_discord/cogs/analytics.py", line 652, in on_member_update
    before_timeout = before.timed_out_until
                     ^^^^^^^^^^^^^^^^^^^^^^
AttributeError: 'Member' object has no attribute 'timed_out_until'
Ignoring exception in on_member_update
Traceback (most recent call last):
  File "/usr/local/lib/python3.12/site-packages/discord/client.py", line 465, in _run_event
    await coro(*args, **kwargs)
  File "/app/asu_discord/cogs/analytics.py", line 652, in on_member_update
    before_timeout = before.timed_out_until
                     ^^^^^^^^^^^^^^^^^^^^^^
AttributeError: 'Member' object has no attribute 'timed_out_until'
Ignoring exception in on_member_update
Traceback (most recent call last):
  File "/usr/local/lib/python3.12/site-packages/discord/client.py", line 465, in _run_event
    await coro(*args, **kwargs)
  File "/app/asu_discord/cogs/analytics.py", line 652, in on_member_update
    before_timeout = before.timed_out_until
                     ^^^^^^^^^^^^^^^^^^^^^^
AttributeError: 'Member' object has no attribute 'timed_out_until'
Ignoring exception in on_member_update
Traceback (most recent call last):
  File "/usr/local/lib/python3.12/site-packages/discord/client.py", line 465, in _run_event
    await coro(*args, **kwargs)
  File "/app/asu_discord/cogs/analytics.py", line 652, in on_member_update
    before_timeout = before.timed_out_until
                     ^^^^^^^^^^^^^^^^^^^^^^
AttributeError: 'Member' object has no attribute 'timed_out_until'
Ignoring exception in on_member_update
Traceback (most recent call last):
  File "/usr/local/lib/python3.12/site-packages/discord/client.py", line 465, in _run_event
    await coro(*args, **kwargs)
  File "/app/asu_discord/cogs/analytics.py", line 652, in on_member_update
    before_timeout = before.timed_out_until
                     ^^^^^^^^^^^^^^^^^^^^^^
AttributeError: 'Member' object has no attribute 'timed_out_until'
Ignoring exception in on_member_update
Traceback (most recent call last):
  File "/usr/local/lib/python3.12/site-packages/discord/client.py", line 465, in _run_event
    await coro(*args, **kwargs)
  File "/app/asu_discord/cogs/analytics.py", line 652, in on_member_update
    before_timeout = before.timed_out_until
                     ^^^^^^^^^^^^^^^^^^^^^^
AttributeError: 'Member' object has no attribute 'timed_out_until'
Ignoring exception in on_member_update
Traceback (most recent call last):
  File "/usr/local/lib/python3.12/site-packages/discord/client.py", line 465, in _run_event
    await coro(*args, **kwargs)
  File "/app/asu_discord/cogs/analytics.py", line 652, in on_member_update
    before_timeout = before.timed_out_until
                     ^^^^^^^^^^^^^^^^^^^^^^
AttributeError: 'Member' object has no attribute 'timed_out_until'
Ignoring exception in on_member_update
Traceback (most recent call last):
  File "/usr/local/lib/python3.12/site-packages/discord/client.py", line 465, in _run_event
    await coro(*args, **kwargs)
  File "/app/asu_discord/cogs/analytics.py", line 652, in on_member_update
    before_timeout = before.timed_out_until
                     ^^^^^^^^^^^^^^^^^^^^^^
AttributeError: 'Member' object has no attribute 'timed_out_until'
Ignoring exception in on_member_update
Traceback (most recent call last):
  File "/usr/local/lib/python3.12/site-packages/discord/client.py", line 465, in _run_event
    await coro(*args, **kwargs)
  File "/app/asu_discord/cogs/analytics.py", line 652, in on_member_update
    before_timeout = before.timed_out_until
                     ^^^^^^^^^^^^^^^^^^^^^^
AttributeError: 'Member' object has no attribute 'timed_out_until'
Ignoring exception in on_member_update
Traceback (most recent call last):
  File "/usr/local/lib/python3.12/site-packages/discord/client.py", line 465, in _run_event
    await coro(*args, **kwargs)
  File "/app/asu_discord/cogs/analytics.py", line 652, in on_member_update
    before_timeout = before.timed_out_until
                     ^^^^^^^^^^^^^^^^^^^^^^
AttributeError: 'Member' object has no attribute 'timed_out_until'
INFO:asu_discord.cogs.verification:Saved 6 roles to database for user hencyle (Discord ID: 856790400969605120)
INFO:asu_discord.cogs.verification:Refreshed Salesforce roles for Discord user 856790400969605120: -4/+6 roles, assigned=[Arizona Resident, Commited, First Generation Student, First Year, Tempe, W.P. Carey School of Business]
Ignoring exception in on_member_update
Traceback (most recent call last):
  File "/usr/local/lib/python3.12/site-packages/discord/client.py", line 465, in _run_event
    await coro(*args, **kwargs)
  File "/app/asu_discord/cogs/analytics.py", line 652, in on_member_update
    before_timeout = before.timed_out_until
                     ^^^^^^^^^^^^^^^^^^^^^^
AttributeError: 'Member' object has no attribute 'timed_out_until'
Ignoring exception in on_member_update
Traceback (most recent call last):
  File "/usr/local/lib/python3.12/site-packages/discord/client.py", line 465, in _run_event
    await coro(*args, **kwargs)
  File "/app/asu_discord/cogs/analytics.py", line 652, in on_member_update
    before_timeout = before.timed_out_until
                     ^^^^^^^^^^^^^^^^^^^^^^
AttributeError: 'Member' object has no attribute 'timed_out_until'
Ignoring exception in on_member_update
Traceback (most recent call last):
  File "/usr/local/lib/python3.12/site-packages/discord/client.py", line 465, in _run_event
    await coro(*args, **kwargs)
  File "/app/asu_discord/cogs/analytics.py", line 652, in on_member_update
    before_timeout = before.timed_out_until
                     ^^^^^^^^^^^^^^^^^^^^^^
AttributeError: 'Member' object has no attribute 'timed_out_until'
Ignoring exception in on_member_update
Traceback (most recent call last):
  File "/usr/local/lib/python3.12/site-packages/discord/client.py", line 465, in _run_event
    await coro(*args, **kwargs)
  File "/app/asu_discord/cogs/analytics.py", line 652, in on_member_update
    before_timeout = before.timed_out_until
                     ^^^^^^^^^^^^^^^^^^^^^^
AttributeError: 'Member' object has no attribute 'timed_out_until'
Ignoring exception in on_member_update
Traceback (most recent call last):
  File "/usr/local/lib/python3.12/site-packages/discord/client.py", line 465, in _run_event
    await coro(*args, **kwargs)
  File "/app/asu_discord/cogs/analytics.py", line 652, in on_member_update
    before_timeout = before.timed_out_until
                     ^^^^^^^^^^^^^^^^^^^^^^
AttributeError: 'Member' object has no attribute 'timed_out_until'
Ignoring exception in on_member_update
Traceback (most recent call last):
  File "/usr/local/lib/python3.12/site-packages/discord/client.py", line 465, in _run_event
    await coro(*args, **kwargs)
  File "/app/asu_discord/cogs/analytics.py", line 652, in on_member_update
    before_timeout = before.timed_out_until
                     ^^^^^^^^^^^^^^^^^^^^^^
AttributeError: 'Member' object has no attribute 'timed_out_until'
Ignoring exception in on_member_update
Traceback (most recent call last):
  File "/usr/local/lib/python3.12/site-packages/discord/client.py", line 465, in _run_event
    await coro(*args, **kwargs)
  File "/app/asu_discord/cogs/analytics.py", line 652, in on_member_update
    before_timeout = before.timed_out_until
                     ^^^^^^^^^^^^^^^^^^^^^^
AttributeError: 'Member' object has no attribute 'timed_out_until'
Ignoring exception in on_member_update
Traceback (most recent call last):
  File "/usr/local/lib/python3.12/site-packages/discord/client.py", line 465, in _run_event
    await coro(*args, **kwargs)
  File "/app/asu_discord/cogs/analytics.py", line 652, in on_member_update
    before_timeout = before.timed_out_until
                     ^^^^^^^^^^^^^^^^^^^^^^
AttributeError: 'Member' object has no attribute 'timed_out_until'
INFO:asu_discord.cogs.verification:Saved 4 roles to database for user sbandy17 (Discord ID: 922796191010394182)
INFO:asu_discord.cogs.verification:Refreshed Salesforce roles for Discord user 922796191010394182: -4/+4 roles, assigned=[Graduate Student, International Student, Ira A. Fulton Schools of Engineering, Tempe]
Ignoring exception in on_member_update
Traceback (most recent call last):
  File "/usr/local/lib/python3.12/site-packages/discord/client.py", line 465, in _run_event
    await coro(*args, **kwargs)
  File "/app/asu_discord/cogs/analytics.py", line 652, in on_member_update
    before_timeout = before.timed_out_until
                     ^^^^^^^^^^^^^^^^^^^^^^
AttributeError: 'Member' object has no attribute 'timed_out_until'
Ignoring exception in on_member_update
Traceback (most recent call last):
  File "/usr/local/lib/python3.12/site-packages/discord/client.py", line 465, in _run_event
    await coro(*args, **kwargs)
  File "/app/asu_discord/cogs/analytics.py", line 652, in on_member_update
    before_timeout = before.timed_out_until
                     ^^^^^^^^^^^^^^^^^^^^^^
AttributeError: 'Member' object has no attribute 'timed_out_until'
INFO:asu_discord.cogs.verification:Saved 1 roles to database for user jzutkis (Discord ID: 1122947164147032084)
INFO:asu_discord.cogs.verification:Refreshed Salesforce roles for Discord user 1122947164147032084: -1/+1 roles, assigned=[Out of State]
Ignoring exception in on_member_update
Traceback (most recent call last):
  File "/usr/local/lib/python3.12/site-packages/discord/client.py", line 465, in _run_event
    await coro(*args, **kwargs)
  File "/app/asu_discord/cogs/analytics.py", line 652, in on_member_update
    before_timeout = before.timed_out_until
                     ^^^^^^^^^^^^^^^^^^^^^^
AttributeError: 'Member' object has no attribute 'timed_out_until'
Ignoring exception in on_member_update
Traceback (most recent call last):
  File "/usr/local/lib/python3.12/site-packages/discord/client.py", line 465, in _run_event
    await coro(*args, **kwargs)
  File "/app/asu_discord/cogs/analytics.py", line 652, in on_member_update
    before_timeout = before.timed_out_until
                     ^^^^^^^^^^^^^^^^^^^^^^
AttributeError: 'Member' object has no attribute 'timed_out_until'
Ignoring exception in on_member_update
Traceback (most recent call last):
  File "/usr/local/lib/python3.12/site-packages/discord/client.py", line 465, in _run_event
    await coro(*args, **kwargs)
  File "/app/asu_discord/cogs/analytics.py", line 652, in on_member_update
    before_timeout = before.timed_out_until
                     ^^^^^^^^^^^^^^^^^^^^^^
AttributeError: 'Member' object has no attribute 'timed_out_until'
Ignoring exception in on_member_update
Traceback (most recent call last):
  File "/usr/local/lib/python3.12/site-packages/discord/client.py", line 465, in _run_event
    await coro(*args, **kwargs)
  File "/app/asu_discord/cogs/analytics.py", line 652, in on_member_update
    before_timeout = before.timed_out_until
                     ^^^^^^^^^^^^^^^^^^^^^^
AttributeError: 'Member' object has no attribute 'timed_out_until'
Ignoring exception in on_member_update
Traceback (most recent call last):
  File "/usr/local/lib/python3.12/site-packages/discord/client.py", line 465, in _run_event
    await coro(*args, **kwargs)
  File "/app/asu_discord/cogs/analytics.py", line 652, in on_member_update
    before_timeout = before.timed_out_until
                     ^^^^^^^^^^^^^^^^^^^^^^
AttributeError: 'Member' object has no attribute 'timed_out_until'
Ignoring exception in on_member_update
Traceback (most recent call last):
  File "/usr/local/lib/python3.12/site-packages/discord/client.py", line 465, in _run_event
    await coro(*args, **kwargs)
  File "/app/asu_discord/cogs/analytics.py", line 652, in on_member_update
    before_timeout = before.timed_out_until
                     ^^^^^^^^^^^^^^^^^^^^^^
AttributeError: 'Member' object has no attribute 'timed_out_until'
Ignoring exception in on_member_update
Traceback (most recent call last):
  File "/usr/local/lib/python3.12/site-packages/discord/client.py", line 465, in _run_event
    await coro(*args, **kwargs)
  File "/app/asu_discord/cogs/analytics.py", line 652, in on_member_update
    before_timeout = before.timed_out_until
                     ^^^^^^^^^^^^^^^^^^^^^^
AttributeError: 'Member' object has no attribute 'timed_out_until'
Ignoring exception in on_member_update
Traceback (most recent call last):
  File "/usr/local/lib/python3.12/site-packages/discord/client.py", line 465, in _run_event
    await coro(*args, **kwargs)
  File "/app/asu_discord/cogs/analytics.py", line 652, in on_member_update
    before_timeout = before.timed_out_until
                     ^^^^^^^^^^^^^^^^^^^^^^
AttributeError: 'Member' object has no attribute 'timed_out_until'
Ignoring exception in on_member_update
Traceback (most recent call last):
  File "/usr/local/lib/python3.12/site-packages/discord/client.py", line 465, in _run_event
    await coro(*args, **kwargs)
  File "/app/asu_discord/cogs/analytics.py", line 652, in on_member_update
    before_timeout = before.timed_out_until
                     ^^^^^^^^^^^^^^^^^^^^^^
AttributeError: 'Member' object has no attribute 'timed_out_until'
Ignoring exception in on_member_update
Traceback (most recent call last):
  File "/usr/local/lib/python3.12/site-packages/discord/client.py", line 465, in _run_event
    await coro(*args, **kwargs)
  File "/app/asu_discord/cogs/analytics.py", line 652, in on_member_update
    before_timeout = before.timed_out_until
                     ^^^^^^^^^^^^^^^^^^^^^^
AttributeError: 'Member' object has no attribute 'timed_out_until'
INFO:asu_discord.cogs.verification:Saved 5 roles to database for user eachasse (Discord ID: 1459723742694346775)
INFO:asu_discord.cogs.verification:Refreshed Salesforce roles for Discord user 1459723742694346775: -5/+5 roles, assigned=[Arizona Resident, Downtown Phoenix, Edson College of Nursing and Health Innovation, First Generation Student, First Year]
Ignoring exception in on_member_update
Traceback (most recent call last):
  File "/usr/local/lib/python3.12/site-packages/discord/client.py", line 465, in _run_event
    await coro(*args, **kwargs)
  File "/app/asu_discord/cogs/analytics.py", line 652, in on_member_update
    before_timeout = before.timed_out_until
                     ^^^^^^^^^^^^^^^^^^^^^^
AttributeError: 'Member' object has no attribute 'timed_out_until'
Ignoring exception in on_member_update
Traceback (most recent call last):
  File "/usr/local/lib/python3.12/site-packages/discord/client.py", line 465, in _run_event
    await coro(*args, **kwargs)
  File "/app/asu_discord/cogs/analytics.py", line 652, in on_member_update
    before_timeout = before.timed_out_until
                     ^^^^^^^^^^^^^^^^^^^^^^
AttributeError: 'Member' object has no attribute 'timed_out_until'
Ignoring exception in on_member_update
Traceback (most recent call last):
  File "/usr/local/lib/python3.12/site-packages/discord/client.py", line 465, in _run_event
    await coro(*args, **kwargs)
  File "/app/asu_discord/cogs/analytics.py", line 652, in on_member_update
    before_timeout = before.timed_out_until
                     ^^^^^^^^^^^^^^^^^^^^^^
AttributeError: 'Member' object has no attribute 'timed_out_until'
Ignoring exception in on_member_update
Traceback (most recent call last):
  File "/usr/local/lib/python3.12/site-packages/discord/client.py", line 465, in _run_event
    await coro(*args, **kwargs)
  File "/app/asu_discord/cogs/analytics.py", line 652, in on_member_update
    before_timeout = before.timed_out_until
                     ^^^^^^^^^^^^^^^^^^^^^^
AttributeError: 'Member' object has no attribute 'timed_out_until'
Ignoring exception in on_member_update
Traceback (most recent call last):
  File "/usr/local/lib/python3.12/site-packages/discord/client.py", line 465, in _run_event
    await coro(*args, **kwargs)
  File "/app/asu_discord/cogs/analytics.py", line 652, in on_member_update
    before_timeout = before.timed_out_until
                     ^^^^^^^^^^^^^^^^^^^^^^
AttributeError: 'Member' object has no attribute 'timed_out_until'
Ignoring exception in on_member_update
Traceback (most recent call last):
  File "/usr/local/lib/python3.12/site-packages/discord/client.py", line 465, in _run_event
    await coro(*args, **kwargs)
  File "/app/asu_discord/cogs/analytics.py", line 652, in on_member_update
    before_timeout = before.timed_out_until
                     ^^^^^^^^^^^^^^^^^^^^^^
AttributeError: 'Member' object has no attribute 'timed_out_until'
Ignoring exception in on_member_update
Traceback (most recent call last):
  File "/usr/local/lib/python3.12/site-packages/discord/client.py", line 465, in _run_event
    await coro(*args, **kwargs)
  File "/app/asu_discord/cogs/analytics.py", line 652, in on_member_update
    before_timeout = before.timed_out_until
                     ^^^^^^^^^^^^^^^^^^^^^^
AttributeError: 'Member' object has no attribute 'timed_out_until'
Ignoring exception in on_member_update
Traceback (most recent call last):
  File "/usr/local/lib/python3.12/site-packages/discord/client.py", line 465, in _run_event
    await coro(*args, **kwargs)
  File "/app/asu_discord/cogs/analytics.py", line 652, in on_member_update
    before_timeout = before.timed_out_until
                     ^^^^^^^^^^^^^^^^^^^^^^
AttributeError: 'Member' object has no attribute 'timed_out_until'
INFO:asu_discord.cogs.verification:Saved 4 roles to database for user llbucha1 (Discord ID: 1413627848756822017)
INFO:asu_discord.cogs.verification:Refreshed Salesforce roles for Discord user 1413627848756822017: -4/+4 roles, assigned=[Arizona Resident, First Year, Tempe, University College]
ERROR:cron.jobs:refresh_salesforce_roles: failed for mnavar28 (Discord ID 1212395812408008825): Failed to refresh Salesforce-based roles: Discord user 1212395812408008825 is not a member of the guild
Ignoring exception in on_member_update
Traceback (most recent call last):
  File "/usr/local/lib/python3.12/site-packages/discord/client.py", line 465, in _run_event
    await coro(*args, **kwargs)
  File "/app/asu_discord/cogs/analytics.py", line 652, in on_member_update
    before_timeout = before.timed_out_until
                     ^^^^^^^^^^^^^^^^^^^^^^
AttributeError: 'Member' object has no attribute 'timed_out_until'
Ignoring exception in on_member_update
Traceback (most recent call last):
  File "/usr/local/lib/python3.12/site-packages/discord/client.py", line 465, in _run_event
    await coro(*args, **kwargs)
  File "/app/asu_discord/cogs/analytics.py", line 652, in on_member_update
    before_timeout = before.timed_out_until
                     ^^^^^^^^^^^^^^^^^^^^^^
AttributeError: 'Member' object has no attribute 'timed_out_until'
Ignoring exception in on_member_update
Traceback (most recent call last):
  File "/usr/local/lib/python3.12/site-packages/discord/client.py", line 465, in _run_event
    await coro(*args, **kwargs)
  File "/app/asu_discord/cogs/analytics.py", line 652, in on_member_update
    before_timeout = before.timed_out_until
                     ^^^^^^^^^^^^^^^^^^^^^^
AttributeError: 'Member' object has no attribute 'timed_out_until'
Ignoring exception in on_member_update
Traceback (most recent call last):
  File "/usr/local/lib/python3.12/site-packages/discord/client.py", line 465, in _run_event
    await coro(*args, **kwargs)
  File "/app/asu_discord/cogs/analytics.py", line 652, in on_member_update
    before_timeout = before.timed_out_until
                     ^^^^^^^^^^^^^^^^^^^^^^
AttributeError: 'Member' object has no attribute 'timed_out_until'
Ignoring exception in on_member_update
Traceback (most recent call last):
  File "/usr/local/lib/python3.12/site-packages/discord/client.py", line 465, in _run_event
    await coro(*args, **kwargs)
  File "/app/asu_discord/cogs/analytics.py", line 652, in on_member_update
    before_timeout = before.timed_out_until
                     ^^^^^^^^^^^^^^^^^^^^^^
AttributeError: 'Member' object has no attribute 'timed_out_until'
Ignoring exception in on_member_update
Traceback (most recent call last):
  File "/usr/local/lib/python3.12/site-packages/discord/client.py", line 465, in _run_event
    await coro(*args, **kwargs)
  File "/app/asu_discord/cogs/analytics.py", line 652, in on_member_update
    before_timeout = before.timed_out_until
                     ^^^^^^^^^^^^^^^^^^^^^^
AttributeError: 'Member' object has no attribute 'timed_out_until'
Ignoring exception in on_member_update
Traceback (most recent call last):
  File "/usr/local/lib/python3.12/site-packages/discord/client.py", line 465, in _run_event
    await coro(*args, **kwargs)
  File "/app/asu_discord/cogs/analytics.py", line 652, in on_member_update
    before_timeout = before.timed_out_until
                     ^^^^^^^^^^^^^^^^^^^^^^
AttributeError: 'Member' object has no attribute 'timed_out_until'
Ignoring exception in on_member_update
Traceback (most recent call last):
  File "/usr/local/lib/python3.12/site-packages/discord/client.py", line 465, in _run_event
    await coro(*args, **kwargs)
  File "/app/asu_discord/cogs/analytics.py", line 652, in on_member_update
    before_timeout = before.timed_out_until
                     ^^^^^^^^^^^^^^^^^^^^^^
AttributeError: 'Member' object has no attribute 'timed_out_until'
Ignoring exception in on_member_update
Traceback (most recent call last):
  File "/usr/local/lib/python3.12/site-packages/discord/client.py", line 465, in _run_event
    await coro(*args, **kwargs)
  File "/app/asu_discord/cogs/analytics.py", line 652, in on_member_update
    before_timeout = before.timed_out_until
                     ^^^^^^^^^^^^^^^^^^^^^^
AttributeError: 'Member' object has no attribute 'timed_out_until'
Ignoring exception in on_member_update
Traceback (most recent call last):
  File "/usr/local/lib/python3.12/site-packages/discord/client.py", line 465, in _run_event
    await coro(*args, **kwargs)
  File "/app/asu_discord/cogs/analytics.py", line 652, in on_member_update
    before_timeout = before.timed_out_until
                     ^^^^^^^^^^^^^^^^^^^^^^
AttributeError: 'Member' object has no attribute 'timed_out_until'
INFO:asu_discord.cogs.verification:Saved 5 roles to database for user kbhatt22 (Discord ID: 871973376414076978)
INFO:asu_discord.cogs.verification:Refreshed Salesforce roles for Discord user 871973376414076978: -5/+5 roles, assigned=[Commited, First Year, Ira A. Fulton Schools of Engineering, Out of State, Tempe]
Ignoring exception in on_member_update
Traceback (most recent call last):
  File "/usr/local/lib/python3.12/site-packages/discord/client.py", line 465, in _run_event
    await coro(*args, **kwargs)
  File "/app/asu_discord/cogs/analytics.py", line 652, in on_member_update
    before_timeout = before.timed_out_until
                     ^^^^^^^^^^^^^^^^^^^^^^
AttributeError: 'Member' object has no attribute 'timed_out_until'
Ignoring exception in on_member_update
Traceback (most recent call last):
  File "/usr/local/lib/python3.12/site-packages/discord/client.py", line 465, in _run_event
    await coro(*args, **kwargs)
  File "/app/asu_discord/cogs/analytics.py", line 652, in on_member_update
    before_timeout = before.timed_out_until
                     ^^^^^^^^^^^^^^^^^^^^^^
AttributeError: 'Member' object has no attribute 'timed_out_until'
Ignoring exception in on_member_update
Traceback (most recent call last):
  File "/usr/local/lib/python3.12/site-packages/discord/client.py", line 465, in _run_event
    await coro(*args, **kwargs)
  File "/app/asu_discord/cogs/analytics.py", line 652, in on_member_update
    before_timeout = before.timed_out_until
                     ^^^^^^^^^^^^^^^^^^^^^^
AttributeError: 'Member' object has no attribute 'timed_out_until'
Ignoring exception in on_member_update
Traceback (most recent call last):
  File "/usr/local/lib/python3.12/site-packages/discord/client.py", line 465, in _run_event
    await coro(*args, **kwargs)
  File "/app/asu_discord/cogs/analytics.py", line 652, in on_member_update
    before_timeout = before.timed_out_until
                     ^^^^^^^^^^^^^^^^^^^^^^
AttributeError: 'Member' object has no attribute 'timed_out_until'
Ignoring exception in on_member_update
Traceback (most recent call last):
  File "/usr/local/lib/python3.12/site-packages/discord/client.py", line 465, in _run_event
    await coro(*args, **kwargs)
  File "/app/asu_discord/cogs/analytics.py", line 652, in on_member_update
    before_timeout = before.timed_out_until
                     ^^^^^^^^^^^^^^^^^^^^^^
AttributeError: 'Member' object has no attribute 'timed_out_until'
Ignoring exception in on_member_update
Traceback (most recent call last):
  File "/usr/local/lib/python3.12/site-packages/discord/client.py", line 465, in _run_event
    await coro(*args, **kwargs)
  File "/app/asu_discord/cogs/analytics.py", line 652, in on_member_update
    before_timeout = before.timed_out_until
                     ^^^^^^^^^^^^^^^^^^^^^^
AttributeError: 'Member' object has no attribute 'timed_out_until'
Ignoring exception in on_member_update
Traceback (most recent call last):
  File "/usr/local/lib/python3.12/site-packages/discord/client.py", line 465, in _run_event
    await coro(*args, **kwargs)
  File "/app/asu_discord/cogs/analytics.py", line 652, in on_member_update
    before_timeout = before.timed_out_until
                     ^^^^^^^^^^^^^^^^^^^^^^
AttributeError: 'Member' object has no attribute 'timed_out_until'
Ignoring exception in on_member_update
Traceback (most recent call last):
  File "/usr/local/lib/python3.12/site-packages/discord/client.py", line 465, in _run_event
    await coro(*args, **kwargs)
  File "/app/asu_discord/cogs/analytics.py", line 652, in on_member_update
    before_timeout = before.timed_out_until
                     ^^^^^^^^^^^^^^^^^^^^^^
AttributeError: 'Member' object has no attribute 'timed_out_until'
Ignoring exception in on_member_update
Traceback (most recent call last):
  File "/usr/local/lib/python3.12/site-packages/discord/client.py", line 465, in _run_event
    await coro(*args, **kwargs)
  File "/app/asu_discord/cogs/analytics.py", line 652, in on_member_update
    before_timeout = before.timed_out_until
                     ^^^^^^^^^^^^^^^^^^^^^^
AttributeError: 'Member' object has no attribute 'timed_out_until'
Ignoring exception in on_member_update
Traceback (most recent call last):
  File "/usr/local/lib/python3.12/site-packages/discord/client.py", line 465, in _run_event
    await coro(*args, **kwargs)
  File "/app/asu_discord/cogs/analytics.py", line 652, in on_member_update
    before_timeout = before.timed_out_until
                     ^^^^^^^^^^^^^^^^^^^^^^
AttributeError: 'Member' object has no attribute 'timed_out_until'
Ignoring exception in on_member_update
Traceback (most recent call last):
  File "/usr/local/lib/python3.12/site-packages/discord/client.py", line 465, in _run_event
    await coro(*args, **kwargs)
  File "/app/asu_discord/cogs/analytics.py", line 652, in on_member_update
    before_timeout = before.timed_out_until
                     ^^^^^^^^^^^^^^^^^^^^^^
AttributeError: 'Member' object has no attribute 'timed_out_until'
INFO:asu_discord.cogs.verification:Saved 5 roles to database for user mmsaba1 (Discord ID: 558774779516026881)
INFO:asu_discord.cogs.verification:Refreshed Salesforce roles for Discord user 558774779516026881: -5/+5 roles, assigned=[Arizona Resident, Commited, First Year, W.P. Carey School of Business, West Valley]
Ignoring exception in on_member_update
Traceback (most recent call last):
  File "/usr/local/lib/python3.12/site-packages/discord/client.py", line 465, in _run_event
    await coro(*args, **kwargs)
  File "/app/asu_discord/cogs/analytics.py", line 652, in on_member_update
    before_timeout = before.timed_out_until
                     ^^^^^^^^^^^^^^^^^^^^^^
AttributeError: 'Member' object has no attribute 'timed_out_until'
Ignoring exception in on_member_update
Traceback (most recent call last):
  File "/usr/local/lib/python3.12/site-packages/discord/client.py", line 465, in _run_event
    await coro(*args, **kwargs)
  File "/app/asu_discord/cogs/analytics.py", line 652, in on_member_update
    before_timeout = before.timed_out_until
                     ^^^^^^^^^^^^^^^^^^^^^^
AttributeError: 'Member' object has no attribute 'timed_out_until'
Ignoring exception in on_member_update
Traceback (most recent call last):
  File "/usr/local/lib/python3.12/site-packages/discord/client.py", line 465, in _run_event
    await coro(*args, **kwargs)
  File "/app/asu_discord/cogs/analytics.py", line 652, in on_member_update
    before_timeout = before.timed_out_until
                     ^^^^^^^^^^^^^^^^^^^^^^
AttributeError: 'Member' object has no attribute 'timed_out_until'
Ignoring exception in on_member_update
Traceback (most recent call last):
  File "/usr/local/lib/python3.12/site-packages/discord/client.py", line 465, in _run_event
    await coro(*args, **kwargs)
  File "/app/asu_discord/cogs/analytics.py", line 652, in on_member_update
    before_timeout = before.timed_out_until
                     ^^^^^^^^^^^^^^^^^^^^^^
AttributeError: 'Member' object has no attribute 'timed_out_until'
Ignoring exception in on_member_update
Traceback (most recent call last):
  File "/usr/local/lib/python3.12/site-packages/discord/client.py", line 465, in _run_event
    await coro(*args, **kwargs)
  File "/app/asu_discord/cogs/analytics.py", line 652, in on_member_update
    before_timeout = before.timed_out_until
                     ^^^^^^^^^^^^^^^^^^^^^^
AttributeError: 'Member' object has no attribute 'timed_out_until'
Ignoring exception in on_member_update
Traceback (most recent call last):
  File "/usr/local/lib/python3.12/site-packages/discord/client.py", line 465, in _run_event
    await coro(*args, **kwargs)
  File "/app/asu_discord/cogs/analytics.py", line 652, in on_member_update
    before_timeout = before.timed_out_until
                     ^^^^^^^^^^^^^^^^^^^^^^
AttributeError: 'Member' object has no attribute 'timed_out_until'
Ignoring exception in on_member_update
Traceback (most recent call last):
  File "/usr/local/lib/python3.12/site-packages/discord/client.py", line 465, in _run_event
    await coro(*args, **kwargs)
  File "/app/asu_discord/cogs/analytics.py", line 652, in on_member_update
    before_timeout = before.timed_out_until
                     ^^^^^^^^^^^^^^^^^^^^^^
AttributeError: 'Member' object has no attribute 'timed_out_until'
Ignoring exception in on_member_update
Traceback (most recent call last):
  File "/usr/local/lib/python3.12/site-packages/discord/client.py", line 465, in _run_event
    await coro(*args, **kwargs)
  File "/app/asu_discord/cogs/analytics.py", line 652, in on_member_update
    before_timeout = before.timed_out_until
                     ^^^^^^^^^^^^^^^^^^^^^^
AttributeError: 'Member' object has no attribute 'timed_out_until'
Ignoring exception in on_member_update
Traceback (most recent call last):
  File "/usr/local/lib/python3.12/site-packages/discord/client.py", line 465, in _run_event
    await coro(*args, **kwargs)
  File "/app/asu_discord/cogs/analytics.py", line 652, in on_member_update
    before_timeout = before.timed_out_until
                     ^^^^^^^^^^^^^^^^^^^^^^
AttributeError: 'Member' object has no attribute 'timed_out_until'
Ignoring exception in on_member_update
Traceback (most recent call last):
  File "/usr/local/lib/python3.12/site-packages/discord/client.py", line 465, in _run_event
    await coro(*args, **kwargs)
  File "/app/asu_discord/cogs/analytics.py", line 652, in on_member_update
    before_timeout = before.timed_out_until
                     ^^^^^^^^^^^^^^^^^^^^^^
AttributeError: 'Member' object has no attribute 'timed_out_until'
Ignoring exception in on_member_update
Traceback (most recent call last):
  File "/usr/local/lib/python3.12/site-packages/discord/client.py", line 465, in _run_event
    await coro(*args, **kwargs)
  File "/app/asu_discord/cogs/analytics.py", line 652, in on_member_update
    before_timeout = before.timed_out_until
                     ^^^^^^^^^^^^^^^^^^^^^^
AttributeError: 'Member' object has no attribute 'timed_out_until'
Ignoring exception in on_member_update
Traceback (most recent call last):
  File "/usr/local/lib/python3.12/site-packages/discord/client.py", line 465, in _run_event
    await coro(*args, **kwargs)
  File "/app/asu_discord/cogs/analytics.py", line 652, in on_member_update
    before_timeout = before.timed_out_until
                     ^^^^^^^^^^^^^^^^^^^^^^
AttributeError: 'Member' object has no attribute 'timed_out_until'
INFO:asu_discord.cogs.verification:Saved 6 roles to database for user asarispe (Discord ID: 367737229105168386)
INFO:asu_discord.cogs.verification:Refreshed Salesforce roles for Discord user 367737229105168386: -6/+6 roles, assigned=[Arizona Resident, Commited, Downtown Phoenix, First Generation Student, First Year, Watts College of Public Service and Community Solutions]
INFO:asu_discord.salesforce:No Salesforce opportunities found for asurules
INFO:cron.jobs:refresh_salesforce_roles: skipping asurules: no profile returned
ERROR:cron.jobs:refresh_salesforce_roles: failed for lwarnick (Discord ID 709832318092705794): Failed to refresh Salesforce-based roles: Discord user 709832318092705794 is not a member of the guild
Ignoring exception in on_member_update
Traceback (most recent call last):
  File "/usr/local/lib/python3.12/site-packages/discord/client.py", line 465, in _run_event
    await coro(*args, **kwargs)
  File "/app/asu_discord/cogs/analytics.py", line 652, in on_member_update
    before_timeout = before.timed_out_until
                     ^^^^^^^^^^^^^^^^^^^^^^
AttributeError: 'Member' object has no attribute 'timed_out_until'
Ignoring exception in on_member_update
Traceback (most recent call last):
  File "/usr/local/lib/python3.12/site-packages/discord/client.py", line 465, in _run_event
    await coro(*args, **kwargs)
  File "/app/asu_discord/cogs/analytics.py", line 652, in on_member_update
    before_timeout = before.timed_out_until
                     ^^^^^^^^^^^^^^^^^^^^^^
AttributeError: 'Member' object has no attribute 'timed_out_until'
Ignoring exception in on_member_update
Traceback (most recent call last):
  File "/usr/local/lib/python3.12/site-packages/discord/client.py", line 465, in _run_event
    await coro(*args, **kwargs)
  File "/app/asu_discord/cogs/analytics.py", line 652, in on_member_update
    before_timeout = before.timed_out_until
                     ^^^^^^^^^^^^^^^^^^^^^^
AttributeError: 'Member' object has no attribute 'timed_out_until'
Ignoring exception in on_member_update
Traceback (most recent call last):
  File "/usr/local/lib/python3.12/site-packages/discord/client.py", line 465, in _run_event
    await coro(*args, **kwargs)
  File "/app/asu_discord/cogs/analytics.py", line 652, in on_member_update
    before_timeout = before.timed_out_until
                     ^^^^^^^^^^^^^^^^^^^^^^
AttributeError: 'Member' object has no attribute 'timed_out_until'
Ignoring exception in on_member_update
Traceback (most recent call last):
  File "/usr/local/lib/python3.12/site-packages/discord/client.py", line 465, in _run_event
    await coro(*args, **kwargs)
  File "/app/asu_discord/cogs/analytics.py", line 652, in on_member_update
    before_timeout = before.timed_out_until
                     ^^^^^^^^^^^^^^^^^^^^^^
AttributeError: 'Member' object has no attribute 'timed_out_until'
Ignoring exception in on_member_update
Traceback (most recent call last):
  File "/usr/local/lib/python3.12/site-packages/discord/client.py", line 465, in _run_event
    await coro(*args, **kwargs)
  File "/app/asu_discord/cogs/analytics.py", line 652, in on_member_update
    before_timeout = before.timed_out_until
                     ^^^^^^^^^^^^^^^^^^^^^^
AttributeError: 'Member' object has no attribute 'timed_out_until'
Ignoring exception in on_member_update
Traceback (most recent call last):
  File "/usr/local/lib/python3.12/site-packages/discord/client.py", line 465, in _run_event
    await coro(*args, **kwargs)
  File "/app/asu_discord/cogs/analytics.py", line 652, in on_member_update
    before_timeout = before.timed_out_until
                     ^^^^^^^^^^^^^^^^^^^^^^
AttributeError: 'Member' object has no attribute 'timed_out_until'
Ignoring exception in on_member_update
Traceback (most recent call last):
  File "/usr/local/lib/python3.12/site-packages/discord/client.py", line 465, in _run_event
    await coro(*args, **kwargs)
  File "/app/asu_discord/cogs/analytics.py", line 652, in on_member_update
    before_timeout = before.timed_out_until
                     ^^^^^^^^^^^^^^^^^^^^^^
AttributeError: 'Member' object has no attribute 'timed_out_until'
Ignoring exception in on_member_update
Traceback (most recent call last):
  File "/usr/local/lib/python3.12/site-packages/discord/client.py", line 465, in _run_event
    await coro(*args, **kwargs)
  File "/app/asu_discord/cogs/analytics.py", line 652, in on_member_update
    before_timeout = before.timed_out_until
                     ^^^^^^^^^^^^^^^^^^^^^^
AttributeError: 'Member' object has no attribute 'timed_out_until'
INFO:asu_discord.cogs.verification:Saved 5 roles to database for user bmorri66 (Discord ID: 416443526096748545)
INFO:asu_discord.cogs.verification:Refreshed Salesforce roles for Discord user 416443526096748545: -4/+5 roles, assigned=[Arizona Resident, College of Liberal Arts and Sciences, Commited, Polytechnic, Transfer Student]
ERROR:cron.jobs:refresh_salesforce_roles: failed for dsuarez6 (Discord ID 802010253826719794): Failed to refresh Salesforce-based roles: Discord user 802010253826719794 is not a member of the guild
ERROR:cron.jobs:refresh_salesforce_roles: failed for caltepar (Discord ID 1336819560438960149): Failed to refresh Salesforce-based roles: Discord user 1336819560438960149 is not a member of the guild
Ignoring exception in on_member_update
Traceback (most recent call last):
  File "/usr/local/lib/python3.12/site-packages/discord/client.py", line 465, in _run_event
    await coro(*args, **kwargs)
  File "/app/asu_discord/cogs/analytics.py", line 652, in on_member_update
    before_timeout = before.timed_out_until
                     ^^^^^^^^^^^^^^^^^^^^^^
AttributeError: 'Member' object has no attribute 'timed_out_until'
Ignoring exception in on_member_update
Traceback (most recent call last):
  File "/usr/local/lib/python3.12/site-packages/discord/client.py", line 465, in _run_event
    await coro(*args, **kwargs)
  File "/app/asu_discord/cogs/analytics.py", line 652, in on_member_update
    before_timeout = before.timed_out_until
                     ^^^^^^^^^^^^^^^^^^^^^^
AttributeError: 'Member' object has no attribute 'timed_out_until'
Ignoring exception in on_member_update
Traceback (most recent call last):
  File "/usr/local/lib/python3.12/site-packages/discord/client.py", line 465, in _run_event
    await coro(*args, **kwargs)
  File "/app/asu_discord/cogs/analytics.py", line 652, in on_member_update
    before_timeout = before.timed_out_until
                     ^^^^^^^^^^^^^^^^^^^^^^
AttributeError: 'Member' object has no attribute 'timed_out_until'
Ignoring exception in on_member_update
Traceback (most recent call last):
  File "/usr/local/lib/python3.12/site-packages/discord/client.py", line 465, in _run_event
    await coro(*args, **kwargs)
  File "/app/asu_discord/cogs/analytics.py", line 652, in on_member_update
    before_timeout = before.timed_out_until
                     ^^^^^^^^^^^^^^^^^^^^^^
AttributeError: 'Member' object has no attribute 'timed_out_until'
Ignoring exception in on_member_update
Traceback (most recent call last):
  File "/usr/local/lib/python3.12/site-packages/discord/client.py", line 465, in _run_event
    await coro(*args, **kwargs)
  File "/app/asu_discord/cogs/analytics.py", line 652, in on_member_update
    before_timeout = before.timed_out_until
                     ^^^^^^^^^^^^^^^^^^^^^^
AttributeError: 'Member' object has no attribute 'timed_out_until'
Ignoring exception in on_member_update
Traceback (most recent call last):
  File "/usr/local/lib/python3.12/site-packages/discord/client.py", line 465, in _run_event
    await coro(*args, **kwargs)
  File "/app/asu_discord/cogs/analytics.py", line 652, in on_member_update
    before_timeout = before.timed_out_until
                     ^^^^^^^^^^^^^^^^^^^^^^
AttributeError: 'Member' object has no attribute 'timed_out_until'
Ignoring exception in on_member_update
Traceback (most recent call last):
  File "/usr/local/lib/python3.12/site-packages/discord/client.py", line 465, in _run_event
    await coro(*args, **kwargs)
  File "/app/asu_discord/cogs/analytics.py", line 652, in on_member_update
    before_timeout = before.timed_out_until
                     ^^^^^^^^^^^^^^^^^^^^^^
AttributeError: 'Member' object has no attribute 'timed_out_until'
Ignoring exception in on_member_update
Traceback (most recent call last):
  File "/usr/local/lib/python3.12/site-packages/discord/client.py", line 465, in _run_event
    await coro(*args, **kwargs)
  File "/app/asu_discord/cogs/analytics.py", line 652, in on_member_update
    before_timeout = before.timed_out_until
                     ^^^^^^^^^^^^^^^^^^^^^^
AttributeError: 'Member' object has no attribute 'timed_out_until'
Ignoring exception in on_member_update
Traceback (most recent call last):
  File "/usr/local/lib/python3.12/site-packages/discord/client.py", line 465, in _run_event
    await coro(*args, **kwargs)
  File "/app/asu_discord/cogs/analytics.py", line 652, in on_member_update
    before_timeout = before.timed_out_until
                     ^^^^^^^^^^^^^^^^^^^^^^
AttributeError: 'Member' object has no attribute 'timed_out_until'
INFO:asu_discord.cogs.verification:Saved 5 roles to database for user sbhaoual (Discord ID: 655428110166130689)
INFO:asu_discord.cogs.verification:Refreshed Salesforce roles for Discord user 655428110166130689: -5/+4 roles, assigned=[Arizona Resident, Commited, First Year, Ira A. Fulton Schools of Engineering, Tempe]
Ignoring exception in on_member_update
Traceback (most recent call last):
  File "/usr/local/lib/python3.12/site-packages/discord/client.py", line 465, in _run_event
    await coro(*args, **kwargs)
  File "/app/asu_discord/cogs/analytics.py", line 652, in on_member_update
    before_timeout = before.timed_out_until
                     ^^^^^^^^^^^^^^^^^^^^^^
AttributeError: 'Member' object has no attribute 'timed_out_until'
Ignoring exception in on_member_update
Traceback (most recent call last):
  File "/usr/local/lib/python3.12/site-packages/discord/client.py", line 465, in _run_event
    await coro(*args, **kwargs)
  File "/app/asu_discord/cogs/analytics.py", line 652, in on_member_update
    before_timeout = before.timed_out_until
                     ^^^^^^^^^^^^^^^^^^^^^^
AttributeError: 'Member' object has no attribute 'timed_out_until'
Ignoring exception in on_member_update
Traceback (most recent call last):
  File "/usr/local/lib/python3.12/site-packages/discord/client.py", line 465, in _run_event
    await coro(*args, **kwargs)
  File "/app/asu_discord/cogs/analytics.py", line 652, in on_member_update
    before_timeout = before.timed_out_until
                     ^^^^^^^^^^^^^^^^^^^^^^
AttributeError: 'Member' object has no attribute 'timed_out_until'
Ignoring exception in on_member_update
Traceback (most recent call last):
  File "/usr/local/lib/python3.12/site-packages/discord/client.py", line 465, in _run_event
    await coro(*args, **kwargs)
  File "/app/asu_discord/cogs/analytics.py", line 652, in on_member_update
    before_timeout = before.timed_out_until
                     ^^^^^^^^^^^^^^^^^^^^^^
AttributeError: 'Member' object has no attribute 'timed_out_until'
Ignoring exception in on_member_update
Traceback (most recent call last):
  File "/usr/local/lib/python3.12/site-packages/discord/client.py", line 465, in _run_event
    await coro(*args, **kwargs)
  File "/app/asu_discord/cogs/analytics.py", line 652, in on_member_update
    before_timeout = before.timed_out_until
                     ^^^^^^^^^^^^^^^^^^^^^^
AttributeError: 'Member' object has no attribute 'timed_out_until'
Ignoring exception in on_member_update
Traceback (most recent call last):
  File "/usr/local/lib/python3.12/site-packages/discord/client.py", line 465, in _run_event
    await coro(*args, **kwargs)
  File "/app/asu_discord/cogs/analytics.py", line 652, in on_member_update
    before_timeout = before.timed_out_until
                     ^^^^^^^^^^^^^^^^^^^^^^
AttributeError: 'Member' object has no attribute 'timed_out_until'
Ignoring exception in on_member_update
Traceback (most recent call last):
  File "/usr/local/lib/python3.12/site-packages/discord/client.py", line 465, in _run_event
    await coro(*args, **kwargs)
  File "/app/asu_discord/cogs/analytics.py", line 652, in on_member_update
    before_timeout = before.timed_out_until
                     ^^^^^^^^^^^^^^^^^^^^^^
AttributeError: 'Member' object has no attribute 'timed_out_until'
Ignoring exception in on_member_update
Traceback (most recent call last):
  File "/usr/local/lib/python3.12/site-packages/discord/client.py", line 465, in _run_event
    await coro(*args, **kwargs)
  File "/app/asu_discord/cogs/analytics.py", line 652, in on_member_update
    before_timeout = before.timed_out_until
                     ^^^^^^^^^^^^^^^^^^^^^^
AttributeError: 'Member' object has no attribute 'timed_out_until'
Ignoring exception in on_member_update
Traceback (most recent call last):
  File "/usr/local/lib/python3.12/site-packages/discord/client.py", line 465, in _run_event
    await coro(*args, **kwargs)
  File "/app/asu_discord/cogs/analytics.py", line 652, in on_member_update
    before_timeout = before.timed_out_until
                     ^^^^^^^^^^^^^^^^^^^^^^
AttributeError: 'Member' object has no attribute 'timed_out_until'
Ignoring exception in on_member_update
Traceback (most recent call last):
  File "/usr/local/lib/python3.12/site-packages/discord/client.py", line 465, in _run_event
    await coro(*args, **kwargs)
  File "/app/asu_discord/cogs/analytics.py", line 652, in on_member_update
    before_timeout = before.timed_out_until
                     ^^^^^^^^^^^^^^^^^^^^^^
AttributeError: 'Member' object has no attribute 'timed_out_until'
INFO:asu_discord.cogs.verification:Saved 5 roles to database for user aamoli13 (Discord ID: 768310055681654824)
INFO:asu_discord.cogs.verification:Refreshed Salesforce roles for Discord user 768310055681654824: -5/+5 roles, assigned=[Arizona Resident, College of Health Solutions, Commited, Graduate Student, Tempe]
Ignoring exception in on_member_update
Traceback (most recent call last):
  File "/usr/local/lib/python3.12/site-packages/discord/client.py", line 465, in _run_event
    await coro(*args, **kwargs)
  File "/app/asu_discord/cogs/analytics.py", line 652, in on_member_update
    before_timeout = before.timed_out_until
                     ^^^^^^^^^^^^^^^^^^^^^^
AttributeError: 'Member' object has no attribute 'timed_out_until'
Ignoring exception in on_member_update
Traceback (most recent call last):
  File "/usr/local/lib/python3.12/site-packages/discord/client.py", line 465, in _run_event
    await coro(*args, **kwargs)
  File "/app/asu_discord/cogs/analytics.py", line 652, in on_member_update
    before_timeout = before.timed_out_until
                     ^^^^^^^^^^^^^^^^^^^^^^
AttributeError: 'Member' object has no attribute 'timed_out_until'
Ignoring exception in on_member_update
Traceback (most recent call last):
  File "/usr/local/lib/python3.12/site-packages/discord/client.py", line 465, in _run_event
    await coro(*args, **kwargs)
  File "/app/asu_discord/cogs/analytics.py", line 652, in on_member_update
    before_timeout = before.timed_out_until
                     ^^^^^^^^^^^^^^^^^^^^^^
AttributeError: 'Member' object has no attribute 'timed_out_until'
Ignoring exception in on_member_update
Traceback (most recent call last):
  File "/usr/local/lib/python3.12/site-packages/discord/client.py", line 465, in _run_event
    await coro(*args, **kwargs)
  File "/app/asu_discord/cogs/analytics.py", line 652, in on_member_update
    before_timeout = before.timed_out_until
                     ^^^^^^^^^^^^^^^^^^^^^^
AttributeError: 'Member' object has no attribute 'timed_out_until'
Ignoring exception in on_member_update
Traceback (most recent call last):
  File "/usr/local/lib/python3.12/site-packages/discord/client.py", line 465, in _run_event
    await coro(*args, **kwargs)
  File "/app/asu_discord/cogs/analytics.py", line 652, in on_member_update
    before_timeout = before.timed_out_until
                     ^^^^^^^^^^^^^^^^^^^^^^
AttributeError: 'Member' object has no attribute 'timed_out_until'
Ignoring exception in on_member_update
Traceback (most recent call last):
  File "/usr/local/lib/python3.12/site-packages/discord/client.py", line 465, in _run_event
    await coro(*args, **kwargs)
  File "/app/asu_discord/cogs/analytics.py", line 652, in on_member_update
    before_timeout = before.timed_out_until
                     ^^^^^^^^^^^^^^^^^^^^^^
AttributeError: 'Member' object has no attribute 'timed_out_until'
Ignoring exception in on_member_update
Traceback (most recent call last):
  File "/usr/local/lib/python3.12/site-packages/discord/client.py", line 465, in _run_event
    await coro(*args, **kwargs)
  File "/app/asu_discord/cogs/analytics.py", line 652, in on_member_update
    before_timeout = before.timed_out_until
                     ^^^^^^^^^^^^^^^^^^^^^^
AttributeError: 'Member' object has no attribute 'timed_out_until'
Ignoring exception in on_member_update
Traceback (most recent call last):
  File "/usr/local/lib/python3.12/site-packages/discord/client.py", line 465, in _run_event
    await coro(*args, **kwargs)
  File "/app/asu_discord/cogs/analytics.py", line 652, in on_member_update
    before_timeout = before.timed_out_until
                     ^^^^^^^^^^^^^^^^^^^^^^
AttributeError: 'Member' object has no attribute 'timed_out_until'
Ignoring exception in on_member_update
Traceback (most recent call last):
  File "/usr/local/lib/python3.12/site-packages/discord/client.py", line 465, in _run_event
    await coro(*args, **kwargs)
  File "/app/asu_discord/cogs/analytics.py", line 652, in on_member_update
    before_timeout = before.timed_out_until
                     ^^^^^^^^^^^^^^^^^^^^^^
AttributeError: 'Member' object has no attribute 'timed_out_until'
Ignoring exception in on_member_update
Traceback (most recent call last):
  File "/usr/local/lib/python3.12/site-packages/discord/client.py", line 465, in _run_event
    await coro(*args, **kwargs)
  File "/app/asu_discord/cogs/analytics.py", line 652, in on_member_update
    before_timeout = before.timed_out_until
                     ^^^^^^^^^^^^^^^^^^^^^^
AttributeError: 'Member' object has no attribute 'timed_out_until'
INFO:asu_discord.cogs.verification:Saved 5 roles to database for user mjaramaz (Discord ID: 471359518845042689)
INFO:asu_discord.cogs.verification:Refreshed Salesforce roles for Discord user 471359518845042689: -5/+5 roles, assigned=[Arizona Resident, Commited, New College of Interdisciplinary Arts and Sciences, Transfer Student, West Valley]
Ignoring exception in on_member_update
Traceback (most recent call last):
  File "/usr/local/lib/python3.12/site-packages/discord/client.py", line 465, in _run_event
    await coro(*args, **kwargs)
  File "/app/asu_discord/cogs/analytics.py", line 652, in on_member_update
    before_timeout = before.timed_out_until
                     ^^^^^^^^^^^^^^^^^^^^^^
AttributeError: 'Member' object has no attribute 'timed_out_until'
Ignoring exception in on_member_update
Traceback (most recent call last):
  File "/usr/local/lib/python3.12/site-packages/discord/client.py", line 465, in _run_event
    await coro(*args, **kwargs)
  File "/app/asu_discord/cogs/analytics.py", line 652, in on_member_update
    before_timeout = before.timed_out_until
                     ^^^^^^^^^^^^^^^^^^^^^^
AttributeError: 'Member' object has no attribute 'timed_out_until'
Ignoring exception in on_member_update
Traceback (most recent call last):
  File "/usr/local/lib/python3.12/site-packages/discord/client.py", line 465, in _run_event
    await coro(*args, **kwargs)
  File "/app/asu_discord/cogs/analytics.py", line 652, in on_member_update
    before_timeout = before.timed_out_until
                     ^^^^^^^^^^^^^^^^^^^^^^
AttributeError: 'Member' object has no attribute 'timed_out_until'
Ignoring exception in on_member_update
Traceback (most recent call last):
  File "/usr/local/lib/python3.12/site-packages/discord/client.py", line 465, in _run_event
    await coro(*args, **kwargs)
  File "/app/asu_discord/cogs/analytics.py", line 652, in on_member_update
    before_timeout = before.timed_out_until
                     ^^^^^^^^^^^^^^^^^^^^^^
AttributeError: 'Member' object has no attribute 'timed_out_until'
Ignoring exception in on_member_update
Traceback (most recent call last):
  File "/usr/local/lib/python3.12/site-packages/discord/client.py", line 465, in _run_event
    await coro(*args, **kwargs)
  File "/app/asu_discord/cogs/analytics.py", line 652, in on_member_update
    before_timeout = before.timed_out_until
                     ^^^^^^^^^^^^^^^^^^^^^^
AttributeError: 'Member' object has no attribute 'timed_out_until'
Ignoring exception in on_member_update
Traceback (most recent call last):
  File "/usr/local/lib/python3.12/site-packages/discord/client.py", line 465, in _run_event
    await coro(*args, **kwargs)
  File "/app/asu_discord/cogs/analytics.py", line 652, in on_member_update
    before_timeout = before.timed_out_until
                     ^^^^^^^^^^^^^^^^^^^^^^
AttributeError: 'Member' object has no attribute 'timed_out_until'
Ignoring exception in on_member_update
Traceback (most recent call last):
  File "/usr/local/lib/python3.12/site-packages/discord/client.py", line 465, in _run_event
    await coro(*args, **kwargs)
  File "/app/asu_discord/cogs/analytics.py", line 652, in on_member_update
    before_timeout = before.timed_out_until
                     ^^^^^^^^^^^^^^^^^^^^^^
AttributeError: 'Member' object has no attribute 'timed_out_until'
Ignoring exception in on_member_update
Traceback (most recent call last):
  File "/usr/local/lib/python3.12/site-packages/discord/client.py", line 465, in _run_event
    await coro(*args, **kwargs)
  File "/app/asu_discord/cogs/analytics.py", line 652, in on_member_update
    before_timeout = before.timed_out_until
                     ^^^^^^^^^^^^^^^^^^^^^^
AttributeError: 'Member' object has no attribute 'timed_out_until'
Ignoring exception in on_member_update
Traceback (most recent call last):
  File "/usr/local/lib/python3.12/site-packages/discord/client.py", line 465, in _run_event
    await coro(*args, **kwargs)
  File "/app/asu_discord/cogs/analytics.py", line 652, in on_member_update
    before_timeout = before.timed_out_until
                     ^^^^^^^^^^^^^^^^^^^^^^
AttributeError: 'Member' object has no attribute 'timed_out_until'
INFO:asu_discord.cogs.verification:Saved 5 roles to database for user lpramod1 (Discord ID: 314038089792225281)
INFO:asu_discord.cogs.verification:Refreshed Salesforce roles for Discord user 314038089792225281: -5/+4 roles, assigned=[Commited, First Year, Ira A. Fulton Schools of Engineering, Out of State, Tempe]
Ignoring exception in on_member_update
Traceback (most recent call last):
  File "/usr/local/lib/python3.12/site-packages/discord/client.py", line 465, in _run_event
    await coro(*args, **kwargs)
  File "/app/asu_discord/cogs/analytics.py", line 652, in on_member_update
    before_timeout = before.timed_out_until
                     ^^^^^^^^^^^^^^^^^^^^^^
AttributeError: 'Member' object has no attribute 'timed_out_until'
Ignoring exception in on_member_update
Traceback (most recent call last):
  File "/usr/local/lib/python3.12/site-packages/discord/client.py", line 465, in _run_event
    await coro(*args, **kwargs)
  File "/app/asu_discord/cogs/analytics.py", line 652, in on_member_update
    before_timeout = before.timed_out_until
                     ^^^^^^^^^^^^^^^^^^^^^^
AttributeError: 'Member' object has no attribute 'timed_out_until'
Ignoring exception in on_member_update
Traceback (most recent call last):
  File "/usr/local/lib/python3.12/site-packages/discord/client.py", line 465, in _run_event
    await coro(*args, **kwargs)
  File "/app/asu_discord/cogs/analytics.py", line 652, in on_member_update
    before_timeout = before.timed_out_until
                     ^^^^^^^^^^^^^^^^^^^^^^
AttributeError: 'Member' object has no attribute 'timed_out_until'
Ignoring exception in on_member_update
Traceback (most recent call last):
  File "/usr/local/lib/python3.12/site-packages/discord/client.py", line 465, in _run_event
    await coro(*args, **kwargs)
  File "/app/asu_discord/cogs/analytics.py", line 652, in on_member_update
    before_timeout = before.timed_out_until
                     ^^^^^^^^^^^^^^^^^^^^^^
AttributeError: 'Member' object has no attribute 'timed_out_until'
Ignoring exception in on_member_update
Traceback (most recent call last):
  File "/usr/local/lib/python3.12/site-packages/discord/client.py", line 465, in _run_event
    await coro(*args, **kwargs)
  File "/app/asu_discord/cogs/analytics.py", line 652, in on_member_update
    before_timeout = before.timed_out_until
                     ^^^^^^^^^^^^^^^^^^^^^^
AttributeError: 'Member' object has no attribute 'timed_out_until'
Ignoring exception in on_member_update
Traceback (most recent call last):
  File "/usr/local/lib/python3.12/site-packages/discord/client.py", line 465, in _run_event
    await coro(*args, **kwargs)
  File "/app/asu_discord/cogs/analytics.py", line 652, in on_member_update
    before_timeout = before.timed_out_until
                     ^^^^^^^^^^^^^^^^^^^^^^
AttributeError: 'Member' object has no attribute 'timed_out_until'
Ignoring exception in on_member_update
Traceback (most recent call last):
  File "/usr/local/lib/python3.12/site-packages/discord/client.py", line 465, in _run_event
    await coro(*args, **kwargs)
  File "/app/asu_discord/cogs/analytics.py", line 652, in on_member_update
    before_timeout = before.timed_out_until
                     ^^^^^^^^^^^^^^^^^^^^^^
AttributeError: 'Member' object has no attribute 'timed_out_until'
INFO:asu_discord.cogs.verification:Saved 4 roles to database for user zmwangi (Discord ID: 1289651721068347475)
INFO:asu_discord.cogs.verification:Refreshed Salesforce roles for Discord user 1289651721068347475: -4/+3 roles, assigned=[Arizona Resident, First Year, Herberger Institute for Design and the Arts, Tempe]
Ignoring exception in on_member_update
Traceback (most recent call last):
  File "/usr/local/lib/python3.12/site-packages/discord/client.py", line 465, in _run_event
    await coro(*args, **kwargs)
  File "/app/asu_discord/cogs/analytics.py", line 652, in on_member_update
    before_timeout = before.timed_out_until
                     ^^^^^^^^^^^^^^^^^^^^^^
AttributeError: 'Member' object has no attribute 'timed_out_until'
Ignoring exception in on_member_update
Traceback (most recent call last):
  File "/usr/local/lib/python3.12/site-packages/discord/client.py", line 465, in _run_event
    await coro(*args, **kwargs)
  File "/app/asu_discord/cogs/analytics.py", line 652, in on_member_update
    before_timeout = before.timed_out_until
                     ^^^^^^^^^^^^^^^^^^^^^^
AttributeError: 'Member' object has no attribute 'timed_out_until'
Ignoring exception in on_member_update
Traceback (most recent call last):
  File "/usr/local/lib/python3.12/site-packages/discord/client.py", line 465, in _run_event
    await coro(*args, **kwargs)
  File "/app/asu_discord/cogs/analytics.py", line 652, in on_member_update
    before_timeout = before.timed_out_until
                     ^^^^^^^^^^^^^^^^^^^^^^
AttributeError: 'Member' object has no attribute 'timed_out_until'
Ignoring exception in on_member_update
Traceback (most recent call last):
  File "/usr/local/lib/python3.12/site-packages/discord/client.py", line 465, in _run_event
    await coro(*args, **kwargs)
  File "/app/asu_discord/cogs/analytics.py", line 652, in on_member_update
    before_timeout = before.timed_out_until
                     ^^^^^^^^^^^^^^^^^^^^^^
AttributeError: 'Member' object has no attribute 'timed_out_until'
Ignoring exception in on_member_update
Traceback (most recent call last):
  File "/usr/local/lib/python3.12/site-packages/discord/client.py", line 465, in _run_event
    await coro(*args, **kwargs)
  File "/app/asu_discord/cogs/analytics.py", line 652, in on_member_update
    before_timeout = before.timed_out_until
                     ^^^^^^^^^^^^^^^^^^^^^^
AttributeError: 'Member' object has no attribute 'timed_out_until'
Ignoring exception in on_member_update
Traceback (most recent call last):
  File "/usr/local/lib/python3.12/site-packages/discord/client.py", line 465, in _run_event
    await coro(*args, **kwargs)
  File "/app/asu_discord/cogs/analytics.py", line 652, in on_member_update
    before_timeout = before.timed_out_until
                     ^^^^^^^^^^^^^^^^^^^^^^
AttributeError: 'Member' object has no attribute 'timed_out_until'
Ignoring exception in on_member_update
Traceback (most recent call last):
  File "/usr/local/lib/python3.12/site-packages/discord/client.py", line 465, in _run_event
    await coro(*args, **kwargs)
  File "/app/asu_discord/cogs/analytics.py", line 652, in on_member_update
    before_timeout = before.timed_out_until
                     ^^^^^^^^^^^^^^^^^^^^^^
AttributeError: 'Member' object has no attribute 'timed_out_until'
Ignoring exception in on_member_update
Traceback (most recent call last):
  File "/usr/local/lib/python3.12/site-packages/discord/client.py", line 465, in _run_event
    await coro(*args, **kwargs)
  File "/app/asu_discord/cogs/analytics.py", line 652, in on_member_update
    before_timeout = before.timed_out_until
                     ^^^^^^^^^^^^^^^^^^^^^^
AttributeError: 'Member' object has no attribute 'timed_out_until'
INFO:asu_discord.cogs.verification:Saved 4 roles to database for user enking12 (Discord ID: 345034090312892418)
INFO:asu_discord.cogs.verification:Refreshed Salesforce roles for Discord user 345034090312892418: -4/+4 roles, assigned=[College of Health Solutions, Downtown Phoenix, Out of State, Transfer Student]
Ignoring exception in on_member_update
Traceback (most recent call last):
  File "/usr/local/lib/python3.12/site-packages/discord/client.py", line 465, in _run_event
    await coro(*args, **kwargs)
  File "/app/asu_discord/cogs/analytics.py", line 652, in on_member_update
    before_timeout = before.timed_out_until
                     ^^^^^^^^^^^^^^^^^^^^^^
AttributeError: 'Member' object has no attribute 'timed_out_until'
Ignoring exception in on_member_update
Traceback (most recent call last):
  File "/usr/local/lib/python3.12/site-packages/discord/client.py", line 465, in _run_event
    await coro(*args, **kwargs)
  File "/app/asu_discord/cogs/analytics.py", line 652, in on_member_update
    before_timeout = before.timed_out_until
                     ^^^^^^^^^^^^^^^^^^^^^^
AttributeError: 'Member' object has no attribute 'timed_out_until'
Ignoring exception in on_member_update
Traceback (most recent call last):
  File "/usr/local/lib/python3.12/site-packages/discord/client.py", line 465, in _run_event
    await coro(*args, **kwargs)
  File "/app/asu_discord/cogs/analytics.py", line 652, in on_member_update
    before_timeout = before.timed_out_until
                     ^^^^^^^^^^^^^^^^^^^^^^
AttributeError: 'Member' object has no attribute 'timed_out_until'
Ignoring exception in on_member_update
Traceback (most recent call last):
  File "/usr/local/lib/python3.12/site-packages/discord/client.py", line 465, in _run_event
    await coro(*args, **kwargs)
  File "/app/asu_discord/cogs/analytics.py", line 652, in on_member_update
    before_timeout = before.timed_out_until
                     ^^^^^^^^^^^^^^^^^^^^^^
AttributeError: 'Member' object has no attribute 'timed_out_until'
Ignoring exception in on_member_update
Traceback (most recent call last):
  File "/usr/local/lib/python3.12/site-packages/discord/client.py", line 465, in _run_event
    await coro(*args, **kwargs)
  File "/app/asu_discord/cogs/analytics.py", line 652, in on_member_update
    before_timeout = before.timed_out_until
                     ^^^^^^^^^^^^^^^^^^^^^^
AttributeError: 'Member' object has no attribute 'timed_out_until'
Ignoring exception in on_member_update
Traceback (most recent call last):
  File "/usr/local/lib/python3.12/site-packages/discord/client.py", line 465, in _run_event
    await coro(*args, **kwargs)
  File "/app/asu_discord/cogs/analytics.py", line 652, in on_member_update
    before_timeout = before.timed_out_until
                     ^^^^^^^^^^^^^^^^^^^^^^
AttributeError: 'Member' object has no attribute 'timed_out_until'
Ignoring exception in on_member_update
Traceback (most recent call last):
  File "/usr/local/lib/python3.12/site-packages/discord/client.py", line 465, in _run_event
    await coro(*args, **kwargs)
  File "/app/asu_discord/cogs/analytics.py", line 652, in on_member_update
    before_timeout = before.timed_out_until
                     ^^^^^^^^^^^^^^^^^^^^^^
AttributeError: 'Member' object has no attribute 'timed_out_until'
Ignoring exception in on_member_update
Traceback (most recent call last):
  File "/usr/local/lib/python3.12/site-packages/discord/client.py", line 465, in _run_event
    await coro(*args, **kwargs)
  File "/app/asu_discord/cogs/analytics.py", line 652, in on_member_update
    before_timeout = before.timed_out_until
                     ^^^^^^^^^^^^^^^^^^^^^^
AttributeError: 'Member' object has no attribute 'timed_out_until'
Ignoring exception in on_member_update
Traceback (most recent call last):
  File "/usr/local/lib/python3.12/site-packages/discord/client.py", line 465, in _run_event
    await coro(*args, **kwargs)
  File "/app/asu_discord/cogs/analytics.py", line 652, in on_member_update
    before_timeout = before.timed_out_until
                     ^^^^^^^^^^^^^^^^^^^^^^
AttributeError: 'Member' object has no attribute 'timed_out_until'
Ignoring exception in on_member_update
Traceback (most recent call last):
  File "/usr/local/lib/python3.12/site-packages/discord/client.py", line 465, in _run_event
    await coro(*args, **kwargs)
  File "/app/asu_discord/cogs/analytics.py", line 652, in on_member_update
    before_timeout = before.timed_out_until
                     ^^^^^^^^^^^^^^^^^^^^^^
AttributeError: 'Member' object has no attribute 'timed_out_until'
INFO:asu_discord.cogs.verification:Saved 5 roles to database for user dsmit283 (Discord ID: 248142932429897730)
INFO:asu_discord.cogs.verification:Refreshed Salesforce roles for Discord user 248142932429897730: -5/+5 roles, assigned=[Arizona Resident, Commited, First Year, Ira A. Fulton Schools of Engineering, Tempe]
Ignoring exception in on_member_update
Traceback (most recent call last):
  File "/usr/local/lib/python3.12/site-packages/discord/client.py", line 465, in _run_event
    await coro(*args, **kwargs)
  File "/app/asu_discord/cogs/analytics.py", line 652, in on_member_update
    before_timeout = before.timed_out_until
                     ^^^^^^^^^^^^^^^^^^^^^^
AttributeError: 'Member' object has no attribute 'timed_out_until'
Ignoring exception in on_member_update
Traceback (most recent call last):
  File "/usr/local/lib/python3.12/site-packages/discord/client.py", line 465, in _run_event
    await coro(*args, **kwargs)
  File "/app/asu_discord/cogs/analytics.py", line 652, in on_member_update
    before_timeout = before.timed_out_until
                     ^^^^^^^^^^^^^^^^^^^^^^
AttributeError: 'Member' object has no attribute 'timed_out_until'
Ignoring exception in on_member_update
Traceback (most recent call last):
  File "/usr/local/lib/python3.12/site-packages/discord/client.py", line 465, in _run_event
    await coro(*args, **kwargs)
  File "/app/asu_discord/cogs/analytics.py", line 652, in on_member_update
    before_timeout = before.timed_out_until
                     ^^^^^^^^^^^^^^^^^^^^^^
AttributeError: 'Member' object has no attribute 'timed_out_until'
Ignoring exception in on_member_update
Traceback (most recent call last):
  File "/usr/local/lib/python3.12/site-packages/discord/client.py", line 465, in _run_event
    await coro(*args, **kwargs)
  File "/app/asu_discord/cogs/analytics.py", line 652, in on_member_update
    before_timeout = before.timed_out_until
                     ^^^^^^^^^^^^^^^^^^^^^^
AttributeError: 'Member' object has no attribute 'timed_out_until'
Ignoring exception in on_member_update
Traceback (most recent call last):
  File "/usr/local/lib/python3.12/site-packages/discord/client.py", line 465, in _run_event
    await coro(*args, **kwargs)
  File "/app/asu_discord/cogs/analytics.py", line 652, in on_member_update
    before_timeout = before.timed_out_until
                     ^^^^^^^^^^^^^^^^^^^^^^
AttributeError: 'Member' object has no attribute 'timed_out_until'
Ignoring exception in on_member_update
Traceback (most recent call last):
  File "/usr/local/lib/python3.12/site-packages/discord/client.py", line 465, in _run_event
    await coro(*args, **kwargs)
  File "/app/asu_discord/cogs/analytics.py", line 652, in on_member_update
    before_timeout = before.timed_out_until
                     ^^^^^^^^^^^^^^^^^^^^^^
AttributeError: 'Member' object has no attribute 'timed_out_until'
Ignoring exception in on_member_update
Traceback (most recent call last):
  File "/usr/local/lib/python3.12/site-packages/discord/client.py", line 465, in _run_event
    await coro(*args, **kwargs)
  File "/app/asu_discord/cogs/analytics.py", line 652, in on_member_update
    before_timeout = before.timed_out_until
                     ^^^^^^^^^^^^^^^^^^^^^^
AttributeError: 'Member' object has no attribute 'timed_out_until'
Ignoring exception in on_member_update
Traceback (most recent call last):
  File "/usr/local/lib/python3.12/site-packages/discord/client.py", line 465, in _run_event
    await coro(*args, **kwargs)
  File "/app/asu_discord/cogs/analytics.py", line 652, in on_member_update
    before_timeout = before.timed_out_until
                     ^^^^^^^^^^^^^^^^^^^^^^
AttributeError: 'Member' object has no attribute 'timed_out_until'
Ignoring exception in on_member_update
Traceback (most recent call last):
  File "/usr/local/lib/python3.12/site-packages/discord/client.py", line 465, in _run_event
    await coro(*args, **kwargs)
  File "/app/asu_discord/cogs/analytics.py", line 652, in on_member_update
    before_timeout = before.timed_out_until
                     ^^^^^^^^^^^^^^^^^^^^^^
AttributeError: 'Member' object has no attribute 'timed_out_until'
Ignoring exception in on_member_update
Traceback (most recent call last):
  File "/usr/local/lib/python3.12/site-packages/discord/client.py", line 465, in _run_event
    await coro(*args, **kwargs)
  File "/app/asu_discord/cogs/analytics.py", line 652, in on_member_update
    before_timeout = before.timed_out_until
                     ^^^^^^^^^^^^^^^^^^^^^^
AttributeError: 'Member' object has no attribute 'timed_out_until'
Ignoring exception in on_member_update
Traceback (most recent call last):
  File "/usr/local/lib/python3.12/site-packages/discord/client.py", line 465, in _run_event
    await coro(*args, **kwargs)
  File "/app/asu_discord/cogs/analytics.py", line 652, in on_member_update
    before_timeout = before.timed_out_until
                     ^^^^^^^^^^^^^^^^^^^^^^
AttributeError: 'Member' object has no attribute 'timed_out_until'
Ignoring exception in on_member_update
Traceback (most recent call last):
  File "/usr/local/lib/python3.12/site-packages/discord/client.py", line 465, in _run_event
    await coro(*args, **kwargs)
  File "/app/asu_discord/cogs/analytics.py", line 652, in on_member_update
    before_timeout = before.timed_out_until
                     ^^^^^^^^^^^^^^^^^^^^^^
AttributeError: 'Member' object has no attribute 'timed_out_until'
INFO:asu_discord.cogs.verification:Saved 6 roles to database for user kaguil39 (Discord ID: 516750653905829888)
INFO:asu_discord.cogs.verification:Refreshed Salesforce roles for Discord user 516750653905829888: -6/+6 roles, assigned=[Commited, First Generation Student, First Year, Ira A. Fulton Schools of Engineering, Out of State, Tempe]
ERROR:cron.jobs:refresh_salesforce_roles: failed for csalaz26 (Discord ID 306918064744693760): Failed to refresh Salesforce-based roles: Discord user 306918064744693760 is not a member of the guild
ERROR:cron.jobs:refresh_salesforce_roles: failed for npaudel2 (Discord ID 1328075133218324595): Failed to refresh Salesforce-based roles: Discord user 1328075133218324595 is not a member of the guild
Ignoring exception in on_member_update
Traceback (most recent call last):
  File "/usr/local/lib/python3.12/site-packages/discord/client.py", line 465, in _run_event
    await coro(*args, **kwargs)
  File "/app/asu_discord/cogs/analytics.py", line 652, in on_member_update
    before_timeout = before.timed_out_until
                     ^^^^^^^^^^^^^^^^^^^^^^
AttributeError: 'Member' object has no attribute 'timed_out_until'
Ignoring exception in on_member_update
Traceback (most recent call last):
  File "/usr/local/lib/python3.12/site-packages/discord/client.py", line 465, in _run_event
    await coro(*args, **kwargs)
  File "/app/asu_discord/cogs/analytics.py", line 652, in on_member_update
    before_timeout = before.timed_out_until
                     ^^^^^^^^^^^^^^^^^^^^^^
AttributeError: 'Member' object has no attribute 'timed_out_until'
Ignoring exception in on_member_update
Traceback (most recent call last):
  File "/usr/local/lib/python3.12/site-packages/discord/client.py", line 465, in _run_event
    await coro(*args, **kwargs)
  File "/app/asu_discord/cogs/analytics.py", line 652, in on_member_update
    before_timeout = before.timed_out_until
                     ^^^^^^^^^^^^^^^^^^^^^^
AttributeError: 'Member' object has no attribute 'timed_out_until'
Ignoring exception in on_member_update
Traceback (most recent call last):
  File "/usr/local/lib/python3.12/site-packages/discord/client.py", line 465, in _run_event
    await coro(*args, **kwargs)
  File "/app/asu_discord/cogs/analytics.py", line 652, in on_member_update
    before_timeout = before.timed_out_until
                     ^^^^^^^^^^^^^^^^^^^^^^
AttributeError: 'Member' object has no attribute 'timed_out_until'
Ignoring exception in on_member_update
Traceback (most recent call last):
  File "/usr/local/lib/python3.12/site-packages/discord/client.py", line 465, in _run_event
    await coro(*args, **kwargs)
  File "/app/asu_discord/cogs/analytics.py", line 652, in on_member_update
    before_timeout = before.timed_out_until
                     ^^^^^^^^^^^^^^^^^^^^^^
AttributeError: 'Member' object has no attribute 'timed_out_until'
Ignoring exception in on_member_update
Traceback (most recent call last):
  File "/usr/local/lib/python3.12/site-packages/discord/client.py", line 465, in _run_event
    await coro(*args, **kwargs)
  File "/app/asu_discord/cogs/analytics.py", line 652, in on_member_update
    before_timeout = before.timed_out_until
                     ^^^^^^^^^^^^^^^^^^^^^^
AttributeError: 'Member' object has no attribute 'timed_out_until'
Ignoring exception in on_member_update
Traceback (most recent call last):
  File "/usr/local/lib/python3.12/site-packages/discord/client.py", line 465, in _run_event
    await coro(*args, **kwargs)
  File "/app/asu_discord/cogs/analytics.py", line 652, in on_member_update
    before_timeout = before.timed_out_until
                     ^^^^^^^^^^^^^^^^^^^^^^
AttributeError: 'Member' object has no attribute 'timed_out_until'
Ignoring exception in on_member_update
Traceback (most recent call last):
  File "/usr/local/lib/python3.12/site-packages/discord/client.py", line 465, in _run_event
    await coro(*args, **kwargs)
  File "/app/asu_discord/cogs/analytics.py", line 652, in on_member_update
    before_timeout = before.timed_out_until
                     ^^^^^^^^^^^^^^^^^^^^^^
AttributeError: 'Member' object has no attribute 'timed_out_until'
Ignoring exception in on_member_update
Traceback (most recent call last):
  File "/usr/local/lib/python3.12/site-packages/discord/client.py", line 465, in _run_event
    await coro(*args, **kwargs)
  File "/app/asu_discord/cogs/analytics.py", line 652, in on_member_update
    before_timeout = before.timed_out_until
                     ^^^^^^^^^^^^^^^^^^^^^^
AttributeError: 'Member' object has no attribute 'timed_out_until'
INFO:asu_discord.cogs.verification:Saved 5 roles to database for user fsalabba (Discord ID: 609805472089899170)
INFO:asu_discord.cogs.verification:Refreshed Salesforce roles for Discord user 609805472089899170: -4/+5 roles, assigned=[First Generation Student, First Year, International Student, Tempe, W.P. Carey School of Business]
ERROR:cron.jobs:refresh_salesforce_roles: failed for minchanm (Discord ID 848213947424178266): Failed to refresh Salesforce-based roles: Discord user 848213947424178266 is not a member of the guild
Ignoring exception in on_member_update
Traceback (most recent call last):
  File "/usr/local/lib/python3.12/site-packages/discord/client.py", line 465, in _run_event
    await coro(*args, **kwargs)
  File "/app/asu_discord/cogs/analytics.py", line 652, in on_member_update
    before_timeout = before.timed_out_until
                     ^^^^^^^^^^^^^^^^^^^^^^
AttributeError: 'Member' object has no attribute 'timed_out_until'
Ignoring exception in on_member_update
Traceback (most recent call last):
  File "/usr/local/lib/python3.12/site-packages/discord/client.py", line 465, in _run_event
    await coro(*args, **kwargs)
  File "/app/asu_discord/cogs/analytics.py", line 652, in on_member_update
    before_timeout = before.timed_out_until
                     ^^^^^^^^^^^^^^^^^^^^^^
AttributeError: 'Member' object has no attribute 'timed_out_until'
Ignoring exception in on_member_update
Traceback (most recent call last):
  File "/usr/local/lib/python3.12/site-packages/discord/client.py", line 465, in _run_event
    await coro(*args, **kwargs)
  File "/app/asu_discord/cogs/analytics.py", line 652, in on_member_update
    before_timeout = before.timed_out_until
                     ^^^^^^^^^^^^^^^^^^^^^^
AttributeError: 'Member' object has no attribute 'timed_out_until'
Ignoring exception in on_member_update
Traceback (most recent call last):
  File "/usr/local/lib/python3.12/site-packages/discord/client.py", line 465, in _run_event
    await coro(*args, **kwargs)
  File "/app/asu_discord/cogs/analytics.py", line 652, in on_member_update
    before_timeout = before.timed_out_until
                     ^^^^^^^^^^^^^^^^^^^^^^
AttributeError: 'Member' object has no attribute 'timed_out_until'
Ignoring exception in on_member_update
Traceback (most recent call last):
  File "/usr/local/lib/python3.12/site-packages/discord/client.py", line 465, in _run_event
    await coro(*args, **kwargs)
  File "/app/asu_discord/cogs/analytics.py", line 652, in on_member_update
    before_timeout = before.timed_out_until
                     ^^^^^^^^^^^^^^^^^^^^^^
AttributeError: 'Member' object has no attribute 'timed_out_until'
Ignoring exception in on_member_update
Traceback (most recent call last):
  File "/usr/local/lib/python3.12/site-packages/discord/client.py", line 465, in _run_event
    await coro(*args, **kwargs)
  File "/app/asu_discord/cogs/analytics.py", line 652, in on_member_update
    before_timeout = before.timed_out_until
                     ^^^^^^^^^^^^^^^^^^^^^^
AttributeError: 'Member' object has no attribute 'timed_out_until'
Ignoring exception in on_member_update
Traceback (most recent call last):
  File "/usr/local/lib/python3.12/site-packages/discord/client.py", line 465, in _run_event
    await coro(*args, **kwargs)
  File "/app/asu_discord/cogs/analytics.py", line 652, in on_member_update
    before_timeout = before.timed_out_until
                     ^^^^^^^^^^^^^^^^^^^^^^
AttributeError: 'Member' object has no attribute 'timed_out_until'
Ignoring exception in on_member_update
Traceback (most recent call last):
  File "/usr/local/lib/python3.12/site-packages/discord/client.py", line 465, in _run_event
    await coro(*args, **kwargs)
  File "/app/asu_discord/cogs/analytics.py", line 652, in on_member_update
    before_timeout = before.timed_out_until
                     ^^^^^^^^^^^^^^^^^^^^^^
AttributeError: 'Member' object has no attribute 'timed_out_until'
Ignoring exception in on_member_update
Traceback (most recent call last):
  File "/usr/local/lib/python3.12/site-packages/discord/client.py", line 465, in _run_event
    await coro(*args, **kwargs)
  File "/app/asu_discord/cogs/analytics.py", line 652, in on_member_update
    before_timeout = before.timed_out_until
                     ^^^^^^^^^^^^^^^^^^^^^^
AttributeError: 'Member' object has no attribute 'timed_out_until'
Ignoring exception in on_member_update
Traceback (most recent call last):
  File "/usr/local/lib/python3.12/site-packages/discord/client.py", line 465, in _run_event
    await coro(*args, **kwargs)
  File "/app/asu_discord/cogs/analytics.py", line 652, in on_member_update
    before_timeout = before.timed_out_until
                     ^^^^^^^^^^^^^^^^^^^^^^
AttributeError: 'Member' object has no attribute 'timed_out_until'
INFO:asu_discord.cogs.verification:Saved 5 roles to database for user ammurata (Discord ID: 533069361083056128)
INFO:asu_discord.cogs.verification:Refreshed Salesforce roles for Discord user 533069361083056128: -5/+5 roles, assigned=[College of Liberal Arts and Sciences, Commited, First Year, International Student, Tempe]
Ignoring exception in on_member_update
Traceback (most recent call last):
  File "/usr/local/lib/python3.12/site-packages/discord/client.py", line 465, in _run_event
    await coro(*args, **kwargs)
  File "/app/asu_discord/cogs/analytics.py", line 652, in on_member_update
    before_timeout = before.timed_out_until
                     ^^^^^^^^^^^^^^^^^^^^^^
AttributeError: 'Member' object has no attribute 'timed_out_until'
Ignoring exception in on_member_update
Traceback (most recent call last):
  File "/usr/local/lib/python3.12/site-packages/discord/client.py", line 465, in _run_event
    await coro(*args, **kwargs)
  File "/app/asu_discord/cogs/analytics.py", line 652, in on_member_update
    before_timeout = before.timed_out_until
                     ^^^^^^^^^^^^^^^^^^^^^^
AttributeError: 'Member' object has no attribute 'timed_out_until'
Ignoring exception in on_member_update
Traceback (most recent call last):
  File "/usr/local/lib/python3.12/site-packages/discord/client.py", line 465, in _run_event
    await coro(*args, **kwargs)
  File "/app/asu_discord/cogs/analytics.py", line 652, in on_member_update
    before_timeout = before.timed_out_until
                     ^^^^^^^^^^^^^^^^^^^^^^
AttributeError: 'Member' object has no attribute 'timed_out_until'
Ignoring exception in on_member_update
Traceback (most recent call last):
  File "/usr/local/lib/python3.12/site-packages/discord/client.py", line 465, in _run_event
    await coro(*args, **kwargs)
  File "/app/asu_discord/cogs/analytics.py", line 652, in on_member_update
    before_timeout = before.timed_out_until
                     ^^^^^^^^^^^^^^^^^^^^^^
AttributeError: 'Member' object has no attribute 'timed_out_until'
Ignoring exception in on_member_update
Traceback (most recent call last):
  File "/usr/local/lib/python3.12/site-packages/discord/client.py", line 465, in _run_event
    await coro(*args, **kwargs)
  File "/app/asu_discord/cogs/analytics.py", line 652, in on_member_update
    before_timeout = before.timed_out_until
                     ^^^^^^^^^^^^^^^^^^^^^^
AttributeError: 'Member' object has no attribute 'timed_out_until'
Ignoring exception in on_member_update
Traceback (most recent call last):
  File "/usr/local/lib/python3.12/site-packages/discord/client.py", line 465, in _run_event
    await coro(*args, **kwargs)
  File "/app/asu_discord/cogs/analytics.py", line 652, in on_member_update
    before_timeout = before.timed_out_until
                     ^^^^^^^^^^^^^^^^^^^^^^
AttributeError: 'Member' object has no attribute 'timed_out_until'
Ignoring exception in on_member_update
Traceback (most recent call last):
  File "/usr/local/lib/python3.12/site-packages/discord/client.py", line 465, in _run_event
    await coro(*args, **kwargs)
  File "/app/asu_discord/cogs/analytics.py", line 652, in on_member_update
    before_timeout = before.timed_out_until
                     ^^^^^^^^^^^^^^^^^^^^^^
AttributeError: 'Member' object has no attribute 'timed_out_until'
Ignoring exception in on_member_update
Traceback (most recent call last):
  File "/usr/local/lib/python3.12/site-packages/discord/client.py", line 465, in _run_event
    await coro(*args, **kwargs)
  File "/app/asu_discord/cogs/analytics.py", line 652, in on_member_update
    before_timeout = before.timed_out_until
                     ^^^^^^^^^^^^^^^^^^^^^^
AttributeError: 'Member' object has no attribute 'timed_out_until'
Ignoring exception in on_member_update
Traceback (most recent call last):
  File "/usr/local/lib/python3.12/site-packages/discord/client.py", line 465, in _run_event
    await coro(*args, **kwargs)
  File "/app/asu_discord/cogs/analytics.py", line 652, in on_member_update
    before_timeout = before.timed_out_until
                     ^^^^^^^^^^^^^^^^^^^^^^
AttributeError: 'Member' object has no attribute 'timed_out_until'
Ignoring exception in on_member_update
Traceback (most recent call last):
  File "/usr/local/lib/python3.12/site-packages/discord/client.py", line 465, in _run_event
    await coro(*args, **kwargs)
  File "/app/asu_discord/cogs/analytics.py", line 652, in on_member_update
    before_timeout = before.timed_out_until
                     ^^^^^^^^^^^^^^^^^^^^^^
AttributeError: 'Member' object has no attribute 'timed_out_until'
INFO:asu_discord.cogs.verification:Saved 6 roles to database for user jboudevi (Discord ID: 700233922205712515)
INFO:asu_discord.cogs.verification:Refreshed Salesforce roles for Discord user 700233922205712515: -4/+6 roles, assigned=[Commited, First Generation Student, First Year, International Student, Tempe, W.P. Carey School of Business]
Ignoring exception in on_member_update
Traceback (most recent call last):
  File "/usr/local/lib/python3.12/site-packages/discord/client.py", line 465, in _run_event
    await coro(*args, **kwargs)
  File "/app/asu_discord/cogs/analytics.py", line 652, in on_member_update
    before_timeout = before.timed_out_until
                     ^^^^^^^^^^^^^^^^^^^^^^
AttributeError: 'Member' object has no attribute 'timed_out_until'
Ignoring exception in on_member_update
Traceback (most recent call last):
  File "/usr/local/lib/python3.12/site-packages/discord/client.py", line 465, in _run_event
    await coro(*args, **kwargs)
  File "/app/asu_discord/cogs/analytics.py", line 652, in on_member_update
    before_timeout = before.timed_out_until
                     ^^^^^^^^^^^^^^^^^^^^^^
AttributeError: 'Member' object has no attribute 'timed_out_until'
Ignoring exception in on_member_update
Traceback (most recent call last):
  File "/usr/local/lib/python3.12/site-packages/discord/client.py", line 465, in _run_event
    await coro(*args, **kwargs)
  File "/app/asu_discord/cogs/analytics.py", line 652, in on_member_update
    before_timeout = before.timed_out_until
                     ^^^^^^^^^^^^^^^^^^^^^^
AttributeError: 'Member' object has no attribute 'timed_out_until'
Ignoring exception in on_member_update
Traceback (most recent call last):
  File "/usr/local/lib/python3.12/site-packages/discord/client.py", line 465, in _run_event
    await coro(*args, **kwargs)
  File "/app/asu_discord/cogs/analytics.py", line 652, in on_member_update
    before_timeout = before.timed_out_until
                     ^^^^^^^^^^^^^^^^^^^^^^
AttributeError: 'Member' object has no attribute 'timed_out_until'
Ignoring exception in on_member_update
Traceback (most recent call last):
  File "/usr/local/lib/python3.12/site-packages/discord/client.py", line 465, in _run_event
    await coro(*args, **kwargs)
  File "/app/asu_discord/cogs/analytics.py", line 652, in on_member_update
    before_timeout = before.timed_out_until
                     ^^^^^^^^^^^^^^^^^^^^^^
AttributeError: 'Member' object has no attribute 'timed_out_until'
Ignoring exception in on_member_update
Traceback (most recent call last):
  File "/usr/local/lib/python3.12/site-packages/discord/client.py", line 465, in _run_event
    await coro(*args, **kwargs)
  File "/app/asu_discord/cogs/analytics.py", line 652, in on_member_update
    before_timeout = before.timed_out_until
                     ^^^^^^^^^^^^^^^^^^^^^^
AttributeError: 'Member' object has no attribute 'timed_out_until'
Ignoring exception in on_member_update
Traceback (most recent call last):
  File "/usr/local/lib/python3.12/site-packages/discord/client.py", line 465, in _run_event
    await coro(*args, **kwargs)
  File "/app/asu_discord/cogs/analytics.py", line 652, in on_member_update
    before_timeout = before.timed_out_until
                     ^^^^^^^^^^^^^^^^^^^^^^
AttributeError: 'Member' object has no attribute 'timed_out_until'
Ignoring exception in on_member_update
Traceback (most recent call last):
  File "/usr/local/lib/python3.12/site-packages/discord/client.py", line 465, in _run_event
    await coro(*args, **kwargs)
  File "/app/asu_discord/cogs/analytics.py", line 652, in on_member_update
    before_timeout = before.timed_out_until
                     ^^^^^^^^^^^^^^^^^^^^^^
AttributeError: 'Member' object has no attribute 'timed_out_until'
Ignoring exception in on_member_update
Traceback (most recent call last):
  File "/usr/local/lib/python3.12/site-packages/discord/client.py", line 465, in _run_event
    await coro(*args, **kwargs)
  File "/app/asu_discord/cogs/analytics.py", line 652, in on_member_update
    before_timeout = before.timed_out_until
                     ^^^^^^^^^^^^^^^^^^^^^^
AttributeError: 'Member' object has no attribute 'timed_out_until'
Ignoring exception in on_member_update
Traceback (most recent call last):
  File "/usr/local/lib/python3.12/site-packages/discord/client.py", line 465, in _run_event
    await coro(*args, **kwargs)
  File "/app/asu_discord/cogs/analytics.py", line 652, in on_member_update
    before_timeout = before.timed_out_until
                     ^^^^^^^^^^^^^^^^^^^^^^
AttributeError: 'Member' object has no attribute 'timed_out_until'
INFO:asu_discord.cogs.verification:Saved 6 roles to database for user kdelosr3 (Discord ID: 999954777599397898)
INFO:asu_discord.cogs.verification:Refreshed Salesforce roles for Discord user 999954777599397898: -4/+6 roles, assigned=[Arizona Resident, Commited, First Generation Student, First Year, Tempe, W.P. Carey School of Business]
Ignoring exception in on_member_update
Traceback (most recent call last):
  File "/usr/local/lib/python3.12/site-packages/discord/client.py", line 465, in _run_event
    await coro(*args, **kwargs)
  File "/app/asu_discord/cogs/analytics.py", line 652, in on_member_update
    before_timeout = before.timed_out_until
                     ^^^^^^^^^^^^^^^^^^^^^^
AttributeError: 'Member' object has no attribute 'timed_out_until'
Ignoring exception in on_member_update
Traceback (most recent call last):
  File "/usr/local/lib/python3.12/site-packages/discord/client.py", line 465, in _run_event
    await coro(*args, **kwargs)
  File "/app/asu_discord/cogs/analytics.py", line 652, in on_member_update
    before_timeout = before.timed_out_until
                     ^^^^^^^^^^^^^^^^^^^^^^
AttributeError: 'Member' object has no attribute 'timed_out_until'
Ignoring exception in on_member_update
Traceback (most recent call last):
  File "/usr/local/lib/python3.12/site-packages/discord/client.py", line 465, in _run_event
    await coro(*args, **kwargs)
  File "/app/asu_discord/cogs/analytics.py", line 652, in on_member_update
    before_timeout = before.timed_out_until
                     ^^^^^^^^^^^^^^^^^^^^^^
AttributeError: 'Member' object has no attribute 'timed_out_until'
Ignoring exception in on_member_update
Traceback (most recent call last):
  File "/usr/local/lib/python3.12/site-packages/discord/client.py", line 465, in _run_event
    await coro(*args, **kwargs)
  File "/app/asu_discord/cogs/analytics.py", line 652, in on_member_update
    before_timeout = before.timed_out_until
                     ^^^^^^^^^^^^^^^^^^^^^^
AttributeError: 'Member' object has no attribute 'timed_out_until'
Ignoring exception in on_member_update
Traceback (most recent call last):
  File "/usr/local/lib/python3.12/site-packages/discord/client.py", line 465, in _run_event
    await coro(*args, **kwargs)
  File "/app/asu_discord/cogs/analytics.py", line 652, in on_member_update
    before_timeout = before.timed_out_until
                     ^^^^^^^^^^^^^^^^^^^^^^
AttributeError: 'Member' object has no attribute 'timed_out_until'
Ignoring exception in on_member_update
Traceback (most recent call last):
  File "/usr/local/lib/python3.12/site-packages/discord/client.py", line 465, in _run_event
    await coro(*args, **kwargs)
  File "/app/asu_discord/cogs/analytics.py", line 652, in on_member_update
    before_timeout = before.timed_out_until
                     ^^^^^^^^^^^^^^^^^^^^^^
AttributeError: 'Member' object has no attribute 'timed_out_until'
INFO:asu_discord.cogs.verification:Saved 3 roles to database for user vganorka (Discord ID: 794886385684185119)
INFO:asu_discord.cogs.verification:Refreshed Salesforce roles for Discord user 794886385684185119: -3/+3 roles, assigned=[First Year, Ira A. Fulton Schools of Engineering, Tempe]
Ignoring exception in on_member_update
Traceback (most recent call last):
  File "/usr/local/lib/python3.12/site-packages/discord/client.py", line 465, in _run_event
    await coro(*args, **kwargs)
  File "/app/asu_discord/cogs/analytics.py", line 652, in on_member_update
    before_timeout = before.timed_out_until
                     ^^^^^^^^^^^^^^^^^^^^^^
AttributeError: 'Member' object has no attribute 'timed_out_until'
Ignoring exception in on_member_update
Traceback (most recent call last):
  File "/usr/local/lib/python3.12/site-packages/discord/client.py", line 465, in _run_event
    await coro(*args, **kwargs)
  File "/app/asu_discord/cogs/analytics.py", line 652, in on_member_update
    before_timeout = before.timed_out_until
                     ^^^^^^^^^^^^^^^^^^^^^^
AttributeError: 'Member' object has no attribute 'timed_out_until'
Ignoring exception in on_member_update
Traceback (most recent call last):
  File "/usr/local/lib/python3.12/site-packages/discord/client.py", line 465, in _run_event
    await coro(*args, **kwargs)
  File "/app/asu_discord/cogs/analytics.py", line 652, in on_member_update
    before_timeout = before.timed_out_until
                     ^^^^^^^^^^^^^^^^^^^^^^
AttributeError: 'Member' object has no attribute 'timed_out_until'
Ignoring exception in on_member_update
Traceback (most recent call last):
  File "/usr/local/lib/python3.12/site-packages/discord/client.py", line 465, in _run_event
    await coro(*args, **kwargs)
  File "/app/asu_discord/cogs/analytics.py", line 652, in on_member_update
    before_timeout = before.timed_out_until
                     ^^^^^^^^^^^^^^^^^^^^^^
AttributeError: 'Member' object has no attribute 'timed_out_until'
Ignoring exception in on_member_update
Traceback (most recent call last):
  File "/usr/local/lib/python3.12/site-packages/discord/client.py", line 465, in _run_event
    await coro(*args, **kwargs)
  File "/app/asu_discord/cogs/analytics.py", line 652, in on_member_update
    before_timeout = before.timed_out_until
                     ^^^^^^^^^^^^^^^^^^^^^^
AttributeError: 'Member' object has no attribute 'timed_out_until'
Ignoring exception in on_member_update
Traceback (most recent call last):
  File "/usr/local/lib/python3.12/site-packages/discord/client.py", line 465, in _run_event
    await coro(*args, **kwargs)
  File "/app/asu_discord/cogs/analytics.py", line 652, in on_member_update
    before_timeout = before.timed_out_until
                     ^^^^^^^^^^^^^^^^^^^^^^
AttributeError: 'Member' object has no attribute 'timed_out_until'
Ignoring exception in on_member_update
Traceback (most recent call last):
  File "/usr/local/lib/python3.12/site-packages/discord/client.py", line 465, in _run_event
    await coro(*args, **kwargs)
  File "/app/asu_discord/cogs/analytics.py", line 652, in on_member_update
    before_timeout = before.timed_out_until
                     ^^^^^^^^^^^^^^^^^^^^^^
AttributeError: 'Member' object has no attribute 'timed_out_until'
Ignoring exception in on_member_update
Traceback (most recent call last):
  File "/usr/local/lib/python3.12/site-packages/discord/client.py", line 465, in _run_event
    await coro(*args, **kwargs)
  File "/app/asu_discord/cogs/analytics.py", line 652, in on_member_update
    before_timeout = before.timed_out_until
                     ^^^^^^^^^^^^^^^^^^^^^^
AttributeError: 'Member' object has no attribute 'timed_out_until'
INFO:asu_discord.cogs.verification:Saved 4 roles to database for user dnguy261 (Discord ID: 809797756708323358)
INFO:asu_discord.cogs.verification:Refreshed Salesforce roles for Discord user 809797756708323358: -4/+4 roles, assigned=[First Year, International Student, Ira A. Fulton Schools of Engineering, Tempe]
Ignoring exception in on_member_update
Traceback (most recent call last):
  File "/usr/local/lib/python3.12/site-packages/discord/client.py", line 465, in _run_event
    await coro(*args, **kwargs)
  File "/app/asu_discord/cogs/analytics.py", line 652, in on_member_update
    before_timeout = before.timed_out_until
                     ^^^^^^^^^^^^^^^^^^^^^^
AttributeError: 'Member' object has no attribute 'timed_out_until'
Ignoring exception in on_member_update
Traceback (most recent call last):
  File "/usr/local/lib/python3.12/site-packages/discord/client.py", line 465, in _run_event
    await coro(*args, **kwargs)
  File "/app/asu_discord/cogs/analytics.py", line 652, in on_member_update
    before_timeout = before.timed_out_until
                     ^^^^^^^^^^^^^^^^^^^^^^
AttributeError: 'Member' object has no attribute 'timed_out_until'
Ignoring exception in on_member_update
Traceback (most recent call last):
  File "/usr/local/lib/python3.12/site-packages/discord/client.py", line 465, in _run_event
    await coro(*args, **kwargs)
  File "/app/asu_discord/cogs/analytics.py", line 652, in on_member_update
    before_timeout = before.timed_out_until
                     ^^^^^^^^^^^^^^^^^^^^^^
AttributeError: 'Member' object has no attribute 'timed_out_until'
Ignoring exception in on_member_update
Traceback (most recent call last):
  File "/usr/local/lib/python3.12/site-packages/discord/client.py", line 465, in _run_event
    await coro(*args, **kwargs)
  File "/app/asu_discord/cogs/analytics.py", line 652, in on_member_update
    before_timeout = before.timed_out_until
                     ^^^^^^^^^^^^^^^^^^^^^^
AttributeError: 'Member' object has no attribute 'timed_out_until'
Ignoring exception in on_member_update
Traceback (most recent call last):
  File "/usr/local/lib/python3.12/site-packages/discord/client.py", line 465, in _run_event
    await coro(*args, **kwargs)
  File "/app/asu_discord/cogs/analytics.py", line 652, in on_member_update
    before_timeout = before.timed_out_until
                     ^^^^^^^^^^^^^^^^^^^^^^
AttributeError: 'Member' object has no attribute 'timed_out_until'
Ignoring exception in on_member_update
Traceback (most recent call last):
  File "/usr/local/lib/python3.12/site-packages/discord/client.py", line 465, in _run_event
    await coro(*args, **kwargs)
  File "/app/asu_discord/cogs/analytics.py", line 652, in on_member_update
    before_timeout = before.timed_out_until
                     ^^^^^^^^^^^^^^^^^^^^^^
AttributeError: 'Member' object has no attribute 'timed_out_until'
Ignoring exception in on_member_update
Traceback (most recent call last):
  File "/usr/local/lib/python3.12/site-packages/discord/client.py", line 465, in _run_event
    await coro(*args, **kwargs)
  File "/app/asu_discord/cogs/analytics.py", line 652, in on_member_update
    before_timeout = before.timed_out_until
                     ^^^^^^^^^^^^^^^^^^^^^^
AttributeError: 'Member' object has no attribute 'timed_out_until'
Ignoring exception in on_member_update
Traceback (most recent call last):
  File "/usr/local/lib/python3.12/site-packages/discord/client.py", line 465, in _run_event
    await coro(*args, **kwargs)
  File "/app/asu_discord/cogs/analytics.py", line 652, in on_member_update
    before_timeout = before.timed_out_until
                     ^^^^^^^^^^^^^^^^^^^^^^
AttributeError: 'Member' object has no attribute 'timed_out_until'
Ignoring exception in on_member_update
Traceback (most recent call last):
  File "/usr/local/lib/python3.12/site-packages/discord/client.py", line 465, in _run_event
    await coro(*args, **kwargs)
  File "/app/asu_discord/cogs/analytics.py", line 652, in on_member_update
    before_timeout = before.timed_out_until
                     ^^^^^^^^^^^^^^^^^^^^^^
AttributeError: 'Member' object has no attribute 'timed_out_until'
Ignoring exception in on_member_update
Traceback (most recent call last):
  File "/usr/local/lib/python3.12/site-packages/discord/client.py", line 465, in _run_event
    await coro(*args, **kwargs)
  File "/app/asu_discord/cogs/analytics.py", line 652, in on_member_update
    before_timeout = before.timed_out_until
                     ^^^^^^^^^^^^^^^^^^^^^^
AttributeError: 'Member' object has no attribute 'timed_out_until'
INFO:asu_discord.cogs.verification:Saved 5 roles to database for user jkbrow31 (Discord ID: 689256025873973346)
INFO:asu_discord.cogs.verification:Refreshed Salesforce roles for Discord user 689256025873973346: -5/+5 roles, assigned=[Arizona Resident, College of Liberal Arts and Sciences, Commited, First Year, Tempe]
Ignoring exception in on_member_update
Traceback (most recent call last):
  File "/usr/local/lib/python3.12/site-packages/discord/client.py", line 465, in _run_event
    await coro(*args, **kwargs)
  File "/app/asu_discord/cogs/analytics.py", line 652, in on_member_update
    before_timeout = before.timed_out_until
                     ^^^^^^^^^^^^^^^^^^^^^^
AttributeError: 'Member' object has no attribute 'timed_out_until'
Ignoring exception in on_member_update
Traceback (most recent call last):
  File "/usr/local/lib/python3.12/site-packages/discord/client.py", line 465, in _run_event
    await coro(*args, **kwargs)
  File "/app/asu_discord/cogs/analytics.py", line 652, in on_member_update
    before_timeout = before.timed_out_until
                     ^^^^^^^^^^^^^^^^^^^^^^
AttributeError: 'Member' object has no attribute 'timed_out_until'
Ignoring exception in on_member_update
Traceback (most recent call last):
  File "/usr/local/lib/python3.12/site-packages/discord/client.py", line 465, in _run_event
    await coro(*args, **kwargs)
  File "/app/asu_discord/cogs/analytics.py", line 652, in on_member_update
    before_timeout = before.timed_out_until
                     ^^^^^^^^^^^^^^^^^^^^^^
AttributeError: 'Member' object has no attribute 'timed_out_until'
Ignoring exception in on_member_update
Traceback (most recent call last):
  File "/usr/local/lib/python3.12/site-packages/discord/client.py", line 465, in _run_event
    await coro(*args, **kwargs)
  File "/app/asu_discord/cogs/analytics.py", line 652, in on_member_update
    before_timeout = before.timed_out_until
                     ^^^^^^^^^^^^^^^^^^^^^^
AttributeError: 'Member' object has no attribute 'timed_out_until'
Ignoring exception in on_member_update
Traceback (most recent call last):
  File "/usr/local/lib/python3.12/site-packages/discord/client.py", line 465, in _run_event
    await coro(*args, **kwargs)
  File "/app/asu_discord/cogs/analytics.py", line 652, in on_member_update
    before_timeout = before.timed_out_until
                     ^^^^^^^^^^^^^^^^^^^^^^
AttributeError: 'Member' object has no attribute 'timed_out_until'
Ignoring exception in on_member_update
Traceback (most recent call last):
  File "/usr/local/lib/python3.12/site-packages/discord/client.py", line 465, in _run_event
    await coro(*args, **kwargs)
  File "/app/asu_discord/cogs/analytics.py", line 652, in on_member_update
    before_timeout = before.timed_out_until
                     ^^^^^^^^^^^^^^^^^^^^^^
AttributeError: 'Member' object has no attribute 'timed_out_until'
Ignoring exception in on_member_update
Traceback (most recent call last):
  File "/usr/local/lib/python3.12/site-packages/discord/client.py", line 465, in _run_event
    await coro(*args, **kwargs)
  File "/app/asu_discord/cogs/analytics.py", line 652, in on_member_update
    before_timeout = before.timed_out_until
                     ^^^^^^^^^^^^^^^^^^^^^^
AttributeError: 'Member' object has no attribute 'timed_out_until'
Ignoring exception in on_member_update
Traceback (most recent call last):
  File "/usr/local/lib/python3.12/site-packages/discord/client.py", line 465, in _run_event
    await coro(*args, **kwargs)
  File "/app/asu_discord/cogs/analytics.py", line 652, in on_member_update
    before_timeout = before.timed_out_until
                     ^^^^^^^^^^^^^^^^^^^^^^
AttributeError: 'Member' object has no attribute 'timed_out_until'
INFO:asu_discord.cogs.verification:Saved 4 roles to database for user mbillord (Discord ID: 1282053769991028826)
INFO:asu_discord.cogs.verification:Refreshed Salesforce roles for Discord user 1282053769991028826: -4/+4 roles, assigned=[Commited, First Year, Ira A. Fulton Schools of Engineering, Polytechnic]
Ignoring exception in on_member_update
Traceback (most recent call last):
  File "/usr/local/lib/python3.12/site-packages/discord/client.py", line 465, in _run_event
    await coro(*args, **kwargs)
  File "/app/asu_discord/cogs/analytics.py", line 652, in on_member_update
    before_timeout = before.timed_out_until
                     ^^^^^^^^^^^^^^^^^^^^^^
AttributeError: 'Member' object has no attribute 'timed_out_until'
Ignoring exception in on_member_update
Traceback (most recent call last):
  File "/usr/local/lib/python3.12/site-packages/discord/client.py", line 465, in _run_event
    await coro(*args, **kwargs)
  File "/app/asu_discord/cogs/analytics.py", line 652, in on_member_update
    before_timeout = before.timed_out_until
                     ^^^^^^^^^^^^^^^^^^^^^^
AttributeError: 'Member' object has no attribute 'timed_out_until'
Ignoring exception in on_member_update
Traceback (most recent call last):
  File "/usr/local/lib/python3.12/site-packages/discord/client.py", line 465, in _run_event
    await coro(*args, **kwargs)
  File "/app/asu_discord/cogs/analytics.py", line 652, in on_member_update
    before_timeout = before.timed_out_until
                     ^^^^^^^^^^^^^^^^^^^^^^
AttributeError: 'Member' object has no attribute 'timed_out_until'
Ignoring exception in on_member_update
Traceback (most recent call last):
  File "/usr/local/lib/python3.12/site-packages/discord/client.py", line 465, in _run_event
    await coro(*args, **kwargs)
  File "/app/asu_discord/cogs/analytics.py", line 652, in on_member_update
    before_timeout = before.timed_out_until
                     ^^^^^^^^^^^^^^^^^^^^^^
AttributeError: 'Member' object has no attribute 'timed_out_until'
Ignoring exception in on_member_update
Traceback (most recent call last):
  File "/usr/local/lib/python3.12/site-packages/discord/client.py", line 465, in _run_event
    await coro(*args, **kwargs)
  File "/app/asu_discord/cogs/analytics.py", line 652, in on_member_update
    before_timeout = before.timed_out_until
                     ^^^^^^^^^^^^^^^^^^^^^^
AttributeError: 'Member' object has no attribute 'timed_out_until'
Ignoring exception in on_member_update
Traceback (most recent call last):
  File "/usr/local/lib/python3.12/site-packages/discord/client.py", line 465, in _run_event
    await coro(*args, **kwargs)
  File "/app/asu_discord/cogs/analytics.py", line 652, in on_member_update
    before_timeout = before.timed_out_until
                     ^^^^^^^^^^^^^^^^^^^^^^
AttributeError: 'Member' object has no attribute 'timed_out_until'
Ignoring exception in on_member_update
Traceback (most recent call last):
  File "/usr/local/lib/python3.12/site-packages/discord/client.py", line 465, in _run_event
    await coro(*args, **kwargs)
  File "/app/asu_discord/cogs/analytics.py", line 652, in on_member_update
    before_timeout = before.timed_out_until
                     ^^^^^^^^^^^^^^^^^^^^^^
AttributeError: 'Member' object has no attribute 'timed_out_until'
Ignoring exception in on_member_update
Traceback (most recent call last):
  File "/usr/local/lib/python3.12/site-packages/discord/client.py", line 465, in _run_event
    await coro(*args, **kwargs)
  File "/app/asu_discord/cogs/analytics.py", line 652, in on_member_update
    before_timeout = before.timed_out_until
                     ^^^^^^^^^^^^^^^^^^^^^^
AttributeError: 'Member' object has no attribute 'timed_out_until'
Ignoring exception in on_member_update
Traceback (most recent call last):
  File "/usr/local/lib/python3.12/site-packages/discord/client.py", line 465, in _run_event
    await coro(*args, **kwargs)
  File "/app/asu_discord/cogs/analytics.py", line 652, in on_member_update
    before_timeout = before.timed_out_until
                     ^^^^^^^^^^^^^^^^^^^^^^
AttributeError: 'Member' object has no attribute 'timed_out_until'
Ignoring exception in on_member_update
Traceback (most recent call last):
  File "/usr/local/lib/python3.12/site-packages/discord/client.py", line 465, in _run_event
    await coro(*args, **kwargs)
  File "/app/asu_discord/cogs/analytics.py", line 652, in on_member_update
    before_timeout = before.timed_out_until
                     ^^^^^^^^^^^^^^^^^^^^^^
AttributeError: 'Member' object has no attribute 'timed_out_until'
INFO:asu_discord.cogs.verification:Saved 5 roles to database for user dgadipe (Discord ID: 1478875614424334507)
INFO:asu_discord.cogs.verification:Refreshed Salesforce roles for Discord user 1478875614424334507: -5/+5 roles, assigned=[Arizona Resident, College of Liberal Arts and Sciences, Commited, First Year, Tempe]
Ignoring exception in on_member_update
Traceback (most recent call last):
  File "/usr/local/lib/python3.12/site-packages/discord/client.py", line 465, in _run_event
    await coro(*args, **kwargs)
  File "/app/asu_discord/cogs/analytics.py", line 652, in on_member_update
    before_timeout = before.timed_out_until
                     ^^^^^^^^^^^^^^^^^^^^^^
AttributeError: 'Member' object has no attribute 'timed_out_until'
Ignoring exception in on_member_update
Traceback (most recent call last):
  File "/usr/local/lib/python3.12/site-packages/discord/client.py", line 465, in _run_event
    await coro(*args, **kwargs)
  File "/app/asu_discord/cogs/analytics.py", line 652, in on_member_update
    before_timeout = before.timed_out_until
                     ^^^^^^^^^^^^^^^^^^^^^^
AttributeError: 'Member' object has no attribute 'timed_out_until'
Ignoring exception in on_member_update
Traceback (most recent call last):
  File "/usr/local/lib/python3.12/site-packages/discord/client.py", line 465, in _run_event
    await coro(*args, **kwargs)
  File "/app/asu_discord/cogs/analytics.py", line 652, in on_member_update
    before_timeout = before.timed_out_until
                     ^^^^^^^^^^^^^^^^^^^^^^
AttributeError: 'Member' object has no attribute 'timed_out_until'
Ignoring exception in on_member_update
Traceback (most recent call last):
  File "/usr/local/lib/python3.12/site-packages/discord/client.py", line 465, in _run_event
    await coro(*args, **kwargs)
  File "/app/asu_discord/cogs/analytics.py", line 652, in on_member_update
    before_timeout = before.timed_out_until
                     ^^^^^^^^^^^^^^^^^^^^^^
AttributeError: 'Member' object has no attribute 'timed_out_until'
Ignoring exception in on_member_update
Traceback (most recent call last):
  File "/usr/local/lib/python3.12/site-packages/discord/client.py", line 465, in _run_event
    await coro(*args, **kwargs)
  File "/app/asu_discord/cogs/analytics.py", line 652, in on_member_update
    before_timeout = before.timed_out_until
                     ^^^^^^^^^^^^^^^^^^^^^^
AttributeError: 'Member' object has no attribute 'timed_out_until'
Ignoring exception in on_member_update
Traceback (most recent call last):
  File "/usr/local/lib/python3.12/site-packages/discord/client.py", line 465, in _run_event
    await coro(*args, **kwargs)
  File "/app/asu_discord/cogs/analytics.py", line 652, in on_member_update
    before_timeout = before.timed_out_until
                     ^^^^^^^^^^^^^^^^^^^^^^
AttributeError: 'Member' object has no attribute 'timed_out_until'
Ignoring exception in on_member_update
Traceback (most recent call last):
  File "/usr/local/lib/python3.12/site-packages/discord/client.py", line 465, in _run_event
    await coro(*args, **kwargs)
  File "/app/asu_discord/cogs/analytics.py", line 652, in on_member_update
    before_timeout = before.timed_out_until
                     ^^^^^^^^^^^^^^^^^^^^^^
AttributeError: 'Member' object has no attribute 'timed_out_until'
Ignoring exception in on_member_update
Traceback (most recent call last):
  File "/usr/local/lib/python3.12/site-packages/discord/client.py", line 465, in _run_event
    await coro(*args, **kwargs)
  File "/app/asu_discord/cogs/analytics.py", line 652, in on_member_update
    before_timeout = before.timed_out_until
                     ^^^^^^^^^^^^^^^^^^^^^^
AttributeError: 'Member' object has no attribute 'timed_out_until'
Ignoring exception in on_member_update
Traceback (most recent call last):
  File "/usr/local/lib/python3.12/site-packages/discord/client.py", line 465, in _run_event
    await coro(*args, **kwargs)
  File "/app/asu_discord/cogs/analytics.py", line 652, in on_member_update
    before_timeout = before.timed_out_until
                     ^^^^^^^^^^^^^^^^^^^^^^
AttributeError: 'Member' object has no attribute 'timed_out_until'
Ignoring exception in on_member_update
Traceback (most recent call last):
  File "/usr/local/lib/python3.12/site-packages/discord/client.py", line 465, in _run_event
    await coro(*args, **kwargs)
  File "/app/asu_discord/cogs/analytics.py", line 652, in on_member_update
    before_timeout = before.timed_out_until
                     ^^^^^^^^^^^^^^^^^^^^^^
AttributeError: 'Member' object has no attribute 'timed_out_until'
Ignoring exception in on_member_update
Traceback (most recent call last):
  File "/usr/local/lib/python3.12/site-packages/discord/client.py", line 465, in _run_event
    await coro(*args, **kwargs)
  File "/app/asu_discord/cogs/analytics.py", line 652, in on_member_update
    before_timeout = before.timed_out_until
                     ^^^^^^^^^^^^^^^^^^^^^^
AttributeError: 'Member' object has no attribute 'timed_out_until'
Ignoring exception in on_member_update
Traceback (most recent call last):
  File "/usr/local/lib/python3.12/site-packages/discord/client.py", line 465, in _run_event
    await coro(*args, **kwargs)
  File "/app/asu_discord/cogs/analytics.py", line 652, in on_member_update
    before_timeout = before.timed_out_until
                     ^^^^^^^^^^^^^^^^^^^^^^
AttributeError: 'Member' object has no attribute 'timed_out_until'
INFO:asu_discord.cogs.verification:Saved 6 roles to database for user rville11 (Discord ID: 761018000681205810)
INFO:asu_discord.cogs.verification:Refreshed Salesforce roles for Discord user 761018000681205810: -6/+6 roles, assigned=[Arizona Resident, Edson College of Nursing and Health Innovation, First Generation Student, First Year, Tempe, Upperclassmen]
Ignoring exception in on_member_update
Traceback (most recent call last):
  File "/usr/local/lib/python3.12/site-packages/discord/client.py", line 465, in _run_event
    await coro(*args, **kwargs)
  File "/app/asu_discord/cogs/analytics.py", line 652, in on_member_update
    before_timeout = before.timed_out_until
                     ^^^^^^^^^^^^^^^^^^^^^^
AttributeError: 'Member' object has no attribute 'timed_out_until'
Ignoring exception in on_member_update
Traceback (most recent call last):
  File "/usr/local/lib/python3.12/site-packages/discord/client.py", line 465, in _run_event
    await coro(*args, **kwargs)
  File "/app/asu_discord/cogs/analytics.py", line 652, in on_member_update
    before_timeout = before.timed_out_until
                     ^^^^^^^^^^^^^^^^^^^^^^
AttributeError: 'Member' object has no attribute 'timed_out_until'
Ignoring exception in on_member_update
Traceback (most recent call last):
  File "/usr/local/lib/python3.12/site-packages/discord/client.py", line 465, in _run_event
    await coro(*args, **kwargs)
  File "/app/asu_discord/cogs/analytics.py", line 652, in on_member_update
    before_timeout = before.timed_out_until
                     ^^^^^^^^^^^^^^^^^^^^^^
AttributeError: 'Member' object has no attribute 'timed_out_until'
Ignoring exception in on_member_update
Traceback (most recent call last):
  File "/usr/local/lib/python3.12/site-packages/discord/client.py", line 465, in _run_event
    await coro(*args, **kwargs)
  File "/app/asu_discord/cogs/analytics.py", line 652, in on_member_update
    before_timeout = before.timed_out_until
                     ^^^^^^^^^^^^^^^^^^^^^^
AttributeError: 'Member' object has no attribute 'timed_out_until'
Ignoring exception in on_member_update
Traceback (most recent call last):
  File "/usr/local/lib/python3.12/site-packages/discord/client.py", line 465, in _run_event
    await coro(*args, **kwargs)
  File "/app/asu_discord/cogs/analytics.py", line 652, in on_member_update
    before_timeout = before.timed_out_until
                     ^^^^^^^^^^^^^^^^^^^^^^
AttributeError: 'Member' object has no attribute 'timed_out_until'
Ignoring exception in on_member_update
Traceback (most recent call last):
  File "/usr/local/lib/python3.12/site-packages/discord/client.py", line 465, in _run_event
    await coro(*args, **kwargs)
  File "/app/asu_discord/cogs/analytics.py", line 652, in on_member_update
    before_timeout = before.timed_out_until
                     ^^^^^^^^^^^^^^^^^^^^^^
AttributeError: 'Member' object has no attribute 'timed_out_until'
Ignoring exception in on_member_update
Traceback (most recent call last):
  File "/usr/local/lib/python3.12/site-packages/discord/client.py", line 465, in _run_event
    await coro(*args, **kwargs)
  File "/app/asu_discord/cogs/analytics.py", line 652, in on_member_update
    before_timeout = before.timed_out_until
                     ^^^^^^^^^^^^^^^^^^^^^^
AttributeError: 'Member' object has no attribute 'timed_out_until'
Ignoring exception in on_member_update
Traceback (most recent call last):
  File "/usr/local/lib/python3.12/site-packages/discord/client.py", line 465, in _run_event
    await coro(*args, **kwargs)
  File "/app/asu_discord/cogs/analytics.py", line 652, in on_member_update
    before_timeout = before.timed_out_until
                     ^^^^^^^^^^^^^^^^^^^^^^
AttributeError: 'Member' object has no attribute 'timed_out_until'
Ignoring exception in on_member_update
Traceback (most recent call last):
  File "/usr/local/lib/python3.12/site-packages/discord/client.py", line 465, in _run_event
    await coro(*args, **kwargs)
  File "/app/asu_discord/cogs/analytics.py", line 652, in on_member_update
    before_timeout = before.timed_out_until
                     ^^^^^^^^^^^^^^^^^^^^^^
AttributeError: 'Member' object has no attribute 'timed_out_until'
INFO:asu_discord.cogs.verification:Saved 5 roles to database for user ssalda15 (Discord ID: 1399248275017568378)
INFO:asu_discord.cogs.verification:Refreshed Salesforce roles for Discord user 1399248275017568378: -4/+5 roles, assigned=[Arizona Resident, College of Health Solutions, First Generation Student, First Year, Tempe]
Ignoring exception in on_member_update
Traceback (most recent call last):
  File "/usr/local/lib/python3.12/site-packages/discord/client.py", line 465, in _run_event
    await coro(*args, **kwargs)
  File "/app/asu_discord/cogs/analytics.py", line 652, in on_member_update
    before_timeout = before.timed_out_until
                     ^^^^^^^^^^^^^^^^^^^^^^
AttributeError: 'Member' object has no attribute 'timed_out_until'
Ignoring exception in on_member_update
Traceback (most recent call last):
  File "/usr/local/lib/python3.12/site-packages/discord/client.py", line 465, in _run_event
    await coro(*args, **kwargs)
  File "/app/asu_discord/cogs/analytics.py", line 652, in on_member_update
    before_timeout = before.timed_out_until
                     ^^^^^^^^^^^^^^^^^^^^^^
AttributeError: 'Member' object has no attribute 'timed_out_until'
Ignoring exception in on_member_update
Traceback (most recent call last):
  File "/usr/local/lib/python3.12/site-packages/discord/client.py", line 465, in _run_event
    await coro(*args, **kwargs)
  File "/app/asu_discord/cogs/analytics.py", line 652, in on_member_update
    before_timeout = before.timed_out_until
                     ^^^^^^^^^^^^^^^^^^^^^^
AttributeError: 'Member' object has no attribute 'timed_out_until'
Ignoring exception in on_member_update
Traceback (most recent call last):
  File "/usr/local/lib/python3.12/site-packages/discord/client.py", line 465, in _run_event
    await coro(*args, **kwargs)
  File "/app/asu_discord/cogs/analytics.py", line 652, in on_member_update
    before_timeout = before.timed_out_until
                     ^^^^^^^^^^^^^^^^^^^^^^
AttributeError: 'Member' object has no attribute 'timed_out_until'
Ignoring exception in on_member_update
Traceback (most recent call last):
  File "/usr/local/lib/python3.12/site-packages/discord/client.py", line 465, in _run_event
    await coro(*args, **kwargs)
  File "/app/asu_discord/cogs/analytics.py", line 652, in on_member_update
    before_timeout = before.timed_out_until
                     ^^^^^^^^^^^^^^^^^^^^^^
AttributeError: 'Member' object has no attribute 'timed_out_until'
Ignoring exception in on_member_update
Traceback (most recent call last):
  File "/usr/local/lib/python3.12/site-packages/discord/client.py", line 465, in _run_event
    await coro(*args, **kwargs)
  File "/app/asu_discord/cogs/analytics.py", line 652, in on_member_update
    before_timeout = before.timed_out_until
                     ^^^^^^^^^^^^^^^^^^^^^^
AttributeError: 'Member' object has no attribute 'timed_out_until'
Ignoring exception in on_member_update
Traceback (most recent call last):
  File "/usr/local/lib/python3.12/site-packages/discord/client.py", line 465, in _run_event
    await coro(*args, **kwargs)
  File "/app/asu_discord/cogs/analytics.py", line 652, in on_member_update
    before_timeout = before.timed_out_until
                     ^^^^^^^^^^^^^^^^^^^^^^
AttributeError: 'Member' object has no attribute 'timed_out_until'
Ignoring exception in on_member_update
Traceback (most recent call last):
  File "/usr/local/lib/python3.12/site-packages/discord/client.py", line 465, in _run_event
    await coro(*args, **kwargs)
  File "/app/asu_discord/cogs/analytics.py", line 652, in on_member_update
    before_timeout = before.timed_out_until
                     ^^^^^^^^^^^^^^^^^^^^^^
AttributeError: 'Member' object has no attribute 'timed_out_until'
Ignoring exception in on_member_update
Traceback (most recent call last):
  File "/usr/local/lib/python3.12/site-packages/discord/client.py", line 465, in _run_event
    await coro(*args, **kwargs)
  File "/app/asu_discord/cogs/analytics.py", line 652, in on_member_update
    before_timeout = before.timed_out_until
                     ^^^^^^^^^^^^^^^^^^^^^^
AttributeError: 'Member' object has no attribute 'timed_out_until'
Ignoring exception in on_member_update
Traceback (most recent call last):
  File "/usr/local/lib/python3.12/site-packages/discord/client.py", line 465, in _run_event
    await coro(*args, **kwargs)
  File "/app/asu_discord/cogs/analytics.py", line 652, in on_member_update
    before_timeout = before.timed_out_until
                     ^^^^^^^^^^^^^^^^^^^^^^
AttributeError: 'Member' object has no attribute 'timed_out_until'
INFO:asu_discord.cogs.verification:Saved 5 roles to database for user prtinker (Discord ID: 475745700555259923)
INFO:asu_discord.cogs.verification:Refreshed Salesforce roles for Discord user 475745700555259923: -5/+5 roles, assigned=[Arizona Resident, Commited, First Year, Herberger Institute for Design and the Arts, Tempe]
Ignoring exception in on_member_update
Traceback (most recent call last):
  File "/usr/local/lib/python3.12/site-packages/discord/client.py", line 465, in _run_event
    await coro(*args, **kwargs)
  File "/app/asu_discord/cogs/analytics.py", line 652, in on_member_update
    before_timeout = before.timed_out_until
                     ^^^^^^^^^^^^^^^^^^^^^^
AttributeError: 'Member' object has no attribute 'timed_out_until'
ERROR:cron.jobs:refresh_salesforce_roles: failed for jhoang13 (Discord ID 439190013545152522): Failed to refresh Salesforce-based roles: Discord user 439190013545152522 is not a member of the guild
Ignoring exception in on_member_update
Traceback (most recent call last):
  File "/usr/local/lib/python3.12/site-packages/discord/client.py", line 465, in _run_event
    await coro(*args, **kwargs)
  File "/app/asu_discord/cogs/analytics.py", line 652, in on_member_update
    before_timeout = before.timed_out_until
                     ^^^^^^^^^^^^^^^^^^^^^^
AttributeError: 'Member' object has no attribute 'timed_out_until'
Ignoring exception in on_member_update
Traceback (most recent call last):
  File "/usr/local/lib/python3.12/site-packages/discord/client.py", line 465, in _run_event
    await coro(*args, **kwargs)
  File "/app/asu_discord/cogs/analytics.py", line 652, in on_member_update
    before_timeout = before.timed_out_until
                     ^^^^^^^^^^^^^^^^^^^^^^
AttributeError: 'Member' object has no attribute 'timed_out_until'
Ignoring exception in on_member_update
Traceback (most recent call last):
  File "/usr/local/lib/python3.12/site-packages/discord/client.py", line 465, in _run_event
    await coro(*args, **kwargs)
  File "/app/asu_discord/cogs/analytics.py", line 652, in on_member_update
    before_timeout = before.timed_out_until
                     ^^^^^^^^^^^^^^^^^^^^^^
AttributeError: 'Member' object has no attribute 'timed_out_until'
Ignoring exception in on_member_update
Traceback (most recent call last):
  File "/usr/local/lib/python3.12/site-packages/discord/client.py", line 465, in _run_event
    await coro(*args, **kwargs)
  File "/app/asu_discord/cogs/analytics.py", line 652, in on_member_update
    before_timeout = before.timed_out_until
                     ^^^^^^^^^^^^^^^^^^^^^^
AttributeError: 'Member' object has no attribute 'timed_out_until'
Ignoring exception in on_member_update
Traceback (most recent call last):
  File "/usr/local/lib/python3.12/site-packages/discord/client.py", line 465, in _run_event
    await coro(*args, **kwargs)
  File "/app/asu_discord/cogs/analytics.py", line 652, in on_member_update
    before_timeout = before.timed_out_until
                     ^^^^^^^^^^^^^^^^^^^^^^
AttributeError: 'Member' object has no attribute 'timed_out_until'
Ignoring exception in on_member_update
Traceback (most recent call last):
  File "/usr/local/lib/python3.12/site-packages/discord/client.py", line 465, in _run_event
    await coro(*args, **kwargs)
  File "/app/asu_discord/cogs/analytics.py", line 652, in on_member_update
    before_timeout = before.timed_out_until
                     ^^^^^^^^^^^^^^^^^^^^^^
AttributeError: 'Member' object has no attribute 'timed_out_until'
Ignoring exception in on_member_update
Traceback (most recent call last):
  File "/usr/local/lib/python3.12/site-packages/discord/client.py", line 465, in _run_event
    await coro(*args, **kwargs)
  File "/app/asu_discord/cogs/analytics.py", line 652, in on_member_update
    before_timeout = before.timed_out_until
                     ^^^^^^^^^^^^^^^^^^^^^^
AttributeError: 'Member' object has no attribute 'timed_out_until'
Ignoring exception in on_member_update
Traceback (most recent call last):
  File "/usr/local/lib/python3.12/site-packages/discord/client.py", line 465, in _run_event
    await coro(*args, **kwargs)
  File "/app/asu_discord/cogs/analytics.py", line 652, in on_member_update
    before_timeout = before.timed_out_until
                     ^^^^^^^^^^^^^^^^^^^^^^
AttributeError: 'Member' object has no attribute 'timed_out_until'
INFO:asu_discord.cogs.verification:Saved 5 roles to database for user kukamble (Discord ID: 729640103223230496)
INFO:asu_discord.cogs.verification:Refreshed Salesforce roles for Discord user 729640103223230496: -4/+5 roles, assigned=[Commited, First Year, Ira A. Fulton Schools of Engineering, Out of State, Tempe]
Ignoring exception in on_member_update
Traceback (most recent call last):
  File "/usr/local/lib/python3.12/site-packages/discord/client.py", line 465, in _run_event
    await coro(*args, **kwargs)
  File "/app/asu_discord/cogs/analytics.py", line 652, in on_member_update
    before_timeout = before.timed_out_until
                     ^^^^^^^^^^^^^^^^^^^^^^
AttributeError: 'Member' object has no attribute 'timed_out_until'
Ignoring exception in on_member_update
Traceback (most recent call last):
  File "/usr/local/lib/python3.12/site-packages/discord/client.py", line 465, in _run_event
    await coro(*args, **kwargs)
  File "/app/asu_discord/cogs/analytics.py", line 652, in on_member_update
    before_timeout = before.timed_out_until
                     ^^^^^^^^^^^^^^^^^^^^^^
AttributeError: 'Member' object has no attribute 'timed_out_until'
Ignoring exception in on_member_update
Traceback (most recent call last):
  File "/usr/local/lib/python3.12/site-packages/discord/client.py", line 465, in _run_event
    await coro(*args, **kwargs)
  File "/app/asu_discord/cogs/analytics.py", line 652, in on_member_update
    before_timeout = before.timed_out_until
                     ^^^^^^^^^^^^^^^^^^^^^^
AttributeError: 'Member' object has no attribute 'timed_out_until'
Ignoring exception in on_member_update
Traceback (most recent call last):
  File "/usr/local/lib/python3.12/site-packages/discord/client.py", line 465, in _run_event
    await coro(*args, **kwargs)
  File "/app/asu_discord/cogs/analytics.py", line 652, in on_member_update
    before_timeout = before.timed_out_until
                     ^^^^^^^^^^^^^^^^^^^^^^
AttributeError: 'Member' object has no attribute 'timed_out_until'
Ignoring exception in on_member_update
Traceback (most recent call last):
  File "/usr/local/lib/python3.12/site-packages/discord/client.py", line 465, in _run_event
    await coro(*args, **kwargs)
  File "/app/asu_discord/cogs/analytics.py", line 652, in on_member_update
    before_timeout = before.timed_out_until
                     ^^^^^^^^^^^^^^^^^^^^^^
AttributeError: 'Member' object has no attribute 'timed_out_until'
Ignoring exception in on_member_update
Traceback (most recent call last):
  File "/usr/local/lib/python3.12/site-packages/discord/client.py", line 465, in _run_event
    await coro(*args, **kwargs)
  File "/app/asu_discord/cogs/analytics.py", line 652, in on_member_update
    before_timeout = before.timed_out_until
                     ^^^^^^^^^^^^^^^^^^^^^^
AttributeError: 'Member' object has no attribute 'timed_out_until'
Ignoring exception in on_member_update
Traceback (most recent call last):
  File "/usr/local/lib/python3.12/site-packages/discord/client.py", line 465, in _run_event
    await coro(*args, **kwargs)
  File "/app/asu_discord/cogs/analytics.py", line 652, in on_member_update
    before_timeout = before.timed_out_until
                     ^^^^^^^^^^^^^^^^^^^^^^
AttributeError: 'Member' object has no attribute 'timed_out_until'
Ignoring exception in on_member_update
Traceback (most recent call last):
  File "/usr/local/lib/python3.12/site-packages/discord/client.py", line 465, in _run_event
    await coro(*args, **kwargs)
  File "/app/asu_discord/cogs/analytics.py", line 652, in on_member_update
    before_timeout = before.timed_out_until
                     ^^^^^^^^^^^^^^^^^^^^^^
AttributeError: 'Member' object has no attribute 'timed_out_until'
Ignoring exception in on_member_update
Traceback (most recent call last):
  File "/usr/local/lib/python3.12/site-packages/discord/client.py", line 465, in _run_event
    await coro(*args, **kwargs)
  File "/app/asu_discord/cogs/analytics.py", line 652, in on_member_update
    before_timeout = before.timed_out_until
                     ^^^^^^^^^^^^^^^^^^^^^^
AttributeError: 'Member' object has no attribute 'timed_out_until'
Ignoring exception in on_member_update
Traceback (most recent call last):
  File "/usr/local/lib/python3.12/site-packages/discord/client.py", line 465, in _run_event
    await coro(*args, **kwargs)
  File "/app/asu_discord/cogs/analytics.py", line 652, in on_member_update
    before_timeout = before.timed_out_until
                     ^^^^^^^^^^^^^^^^^^^^^^
AttributeError: 'Member' object has no attribute 'timed_out_until'
Ignoring exception in on_member_update
Traceback (most recent call last):
  File "/usr/local/lib/python3.12/site-packages/discord/client.py", line 465, in _run_event
    await coro(*args, **kwargs)
  File "/app/asu_discord/cogs/analytics.py", line 652, in on_member_update
    before_timeout = before.timed_out_until
                     ^^^^^^^^^^^^^^^^^^^^^^
AttributeError: 'Member' object has no attribute 'timed_out_until'
Ignoring exception in on_member_update
Traceback (most recent call last):
  File "/usr/local/lib/python3.12/site-packages/discord/client.py", line 465, in _run_event
    await coro(*args, **kwargs)
  File "/app/asu_discord/cogs/analytics.py", line 652, in on_member_update
    before_timeout = before.timed_out_until
                     ^^^^^^^^^^^^^^^^^^^^^^
AttributeError: 'Member' object has no attribute 'timed_out_until'
Ignoring exception in on_member_update
Traceback (most recent call last):
  File "/usr/local/lib/python3.12/site-packages/discord/client.py", line 465, in _run_event
    await coro(*args, **kwargs)
  File "/app/asu_discord/cogs/analytics.py", line 652, in on_member_update
    before_timeout = before.timed_out_until
                     ^^^^^^^^^^^^^^^^^^^^^^
AttributeError: 'Member' object has no attribute 'timed_out_until'
INFO:asu_discord.cogs.verification:Saved 6 roles to database for user fjcordo2 (Discord ID: 776835137673363537)
INFO:asu_discord.cogs.verification:Refreshed Salesforce roles for Discord user 776835137673363537: -6/+6 roles, assigned=[Arizona Resident, Commited, First Generation Student, First Year, New College of Interdisciplinary Arts and Sciences, West Valley]
Ignoring exception in on_member_update
Traceback (most recent call last):
  File "/usr/local/lib/python3.12/site-packages/discord/client.py", line 465, in _run_event
    await coro(*args, **kwargs)
  File "/app/asu_discord/cogs/analytics.py", line 652, in on_member_update
    before_timeout = before.timed_out_until
                     ^^^^^^^^^^^^^^^^^^^^^^
AttributeError: 'Member' object has no attribute 'timed_out_until'
Ignoring exception in on_member_update
Traceback (most recent call last):
  File "/usr/local/lib/python3.12/site-packages/discord/client.py", line 465, in _run_event
    await coro(*args, **kwargs)
  File "/app/asu_discord/cogs/analytics.py", line 652, in on_member_update
    before_timeout = before.timed_out_until
                     ^^^^^^^^^^^^^^^^^^^^^^
AttributeError: 'Member' object has no attribute 'timed_out_until'
Ignoring exception in on_member_update
Traceback (most recent call last):
  File "/usr/local/lib/python3.12/site-packages/discord/client.py", line 465, in _run_event
    await coro(*args, **kwargs)
  File "/app/asu_discord/cogs/analytics.py", line 652, in on_member_update
    before_timeout = before.timed_out_until
                     ^^^^^^^^^^^^^^^^^^^^^^
AttributeError: 'Member' object has no attribute 'timed_out_until'
Ignoring exception in on_member_update
Traceback (most recent call last):
  File "/usr/local/lib/python3.12/site-packages/discord/client.py", line 465, in _run_event
    await coro(*args, **kwargs)
  File "/app/asu_discord/cogs/analytics.py", line 652, in on_member_update
    before_timeout = before.timed_out_until
                     ^^^^^^^^^^^^^^^^^^^^^^
AttributeError: 'Member' object has no attribute 'timed_out_until'
Ignoring exception in on_member_update
Traceback (most recent call last):
  File "/usr/local/lib/python3.12/site-packages/discord/client.py", line 465, in _run_event
    await coro(*args, **kwargs)
  File "/app/asu_discord/cogs/analytics.py", line 652, in on_member_update
    before_timeout = before.timed_out_until
                     ^^^^^^^^^^^^^^^^^^^^^^
AttributeError: 'Member' object has no attribute 'timed_out_until'
Ignoring exception in on_member_update
Traceback (most recent call last):
  File "/usr/local/lib/python3.12/site-packages/discord/client.py", line 465, in _run_event
    await coro(*args, **kwargs)
  File "/app/asu_discord/cogs/analytics.py", line 652, in on_member_update
    before_timeout = before.timed_out_until
                     ^^^^^^^^^^^^^^^^^^^^^^
AttributeError: 'Member' object has no attribute 'timed_out_until'
Ignoring exception in on_member_update
Traceback (most recent call last):
  File "/usr/local/lib/python3.12/site-packages/discord/client.py", line 465, in _run_event
    await coro(*args, **kwargs)
  File "/app/asu_discord/cogs/analytics.py", line 652, in on_member_update
    before_timeout = before.timed_out_until
                     ^^^^^^^^^^^^^^^^^^^^^^
AttributeError: 'Member' object has no attribute 'timed_out_until'
Ignoring exception in on_member_update
Traceback (most recent call last):
  File "/usr/local/lib/python3.12/site-packages/discord/client.py", line 465, in _run_event
    await coro(*args, **kwargs)
  File "/app/asu_discord/cogs/analytics.py", line 652, in on_member_update
    before_timeout = before.timed_out_until
                     ^^^^^^^^^^^^^^^^^^^^^^
AttributeError: 'Member' object has no attribute 'timed_out_until'
Ignoring exception in on_member_update
Traceback (most recent call last):
  File "/usr/local/lib/python3.12/site-packages/discord/client.py", line 465, in _run_event
    await coro(*args, **kwargs)
  File "/app/asu_discord/cogs/analytics.py", line 652, in on_member_update
    before_timeout = before.timed_out_until
                     ^^^^^^^^^^^^^^^^^^^^^^
AttributeError: 'Member' object has no attribute 'timed_out_until'
INFO:asu_discord.cogs.verification:Saved 5 roles to database for user jviyer (Discord ID: 851653295206432798)
INFO:asu_discord.cogs.verification:Refreshed Salesforce roles for Discord user 851653295206432798: -4/+5 roles, assigned=[Arizona Resident, Commited, First Year, Tempe, W.P. Carey School of Business]
Ignoring exception in on_member_update
Traceback (most recent call last):
  File "/usr/local/lib/python3.12/site-packages/discord/client.py", line 465, in _run_event
    await coro(*args, **kwargs)
  File "/app/asu_discord/cogs/analytics.py", line 652, in on_member_update
    before_timeout = before.timed_out_until
                     ^^^^^^^^^^^^^^^^^^^^^^
AttributeError: 'Member' object has no attribute 'timed_out_until'
Ignoring exception in on_member_update
Traceback (most recent call last):
  File "/usr/local/lib/python3.12/site-packages/discord/client.py", line 465, in _run_event
    await coro(*args, **kwargs)
  File "/app/asu_discord/cogs/analytics.py", line 652, in on_member_update
    before_timeout = before.timed_out_until
                     ^^^^^^^^^^^^^^^^^^^^^^
AttributeError: 'Member' object has no attribute 'timed_out_until'
Ignoring exception in on_member_update
Traceback (most recent call last):
  File "/usr/local/lib/python3.12/site-packages/discord/client.py", line 465, in _run_event
    await coro(*args, **kwargs)
  File "/app/asu_discord/cogs/analytics.py", line 652, in on_member_update
    before_timeout = before.timed_out_until
                     ^^^^^^^^^^^^^^^^^^^^^^
AttributeError: 'Member' object has no attribute 'timed_out_until'
Ignoring exception in on_member_update
Traceback (most recent call last):
  File "/usr/local/lib/python3.12/site-packages/discord/client.py", line 465, in _run_event
    await coro(*args, **kwargs)
  File "/app/asu_discord/cogs/analytics.py", line 652, in on_member_update
    before_timeout = before.timed_out_until
                     ^^^^^^^^^^^^^^^^^^^^^^
AttributeError: 'Member' object has no attribute 'timed_out_until'
Ignoring exception in on_member_update
Traceback (most recent call last):
  File "/usr/local/lib/python3.12/site-packages/discord/client.py", line 465, in _run_event
    await coro(*args, **kwargs)
  File "/app/asu_discord/cogs/analytics.py", line 652, in on_member_update
    before_timeout = before.timed_out_until
                     ^^^^^^^^^^^^^^^^^^^^^^
AttributeError: 'Member' object has no attribute 'timed_out_until'
Ignoring exception in on_member_update
Traceback (most recent call last):
  File "/usr/local/lib/python3.12/site-packages/discord/client.py", line 465, in _run_event
    await coro(*args, **kwargs)
  File "/app/asu_discord/cogs/analytics.py", line 652, in on_member_update
    before_timeout = before.timed_out_until
                     ^^^^^^^^^^^^^^^^^^^^^^
AttributeError: 'Member' object has no attribute 'timed_out_until'
Ignoring exception in on_member_update
Traceback (most recent call last):
  File "/usr/local/lib/python3.12/site-packages/discord/client.py", line 465, in _run_event
    await coro(*args, **kwargs)
  File "/app/asu_discord/cogs/analytics.py", line 652, in on_member_update
    before_timeout = before.timed_out_until
                     ^^^^^^^^^^^^^^^^^^^^^^
AttributeError: 'Member' object has no attribute 'timed_out_until'
Ignoring exception in on_member_update
Traceback (most recent call last):
  File "/usr/local/lib/python3.12/site-packages/discord/client.py", line 465, in _run_event
    await coro(*args, **kwargs)
  File "/app/asu_discord/cogs/analytics.py", line 652, in on_member_update
    before_timeout = before.timed_out_until
                     ^^^^^^^^^^^^^^^^^^^^^^
AttributeError: 'Member' object has no attribute 'timed_out_until'
Ignoring exception in on_member_update
Traceback (most recent call last):
  File "/usr/local/lib/python3.12/site-packages/discord/client.py", line 465, in _run_event
    await coro(*args, **kwargs)
  File "/app/asu_discord/cogs/analytics.py", line 652, in on_member_update
    before_timeout = before.timed_out_until
                     ^^^^^^^^^^^^^^^^^^^^^^
AttributeError: 'Member' object has no attribute 'timed_out_until'
Ignoring exception in on_member_update
Traceback (most recent call last):
  File "/usr/local/lib/python3.12/site-packages/discord/client.py", line 465, in _run_event
    await coro(*args, **kwargs)
  File "/app/asu_discord/cogs/analytics.py", line 652, in on_member_update
    before_timeout = before.timed_out_until
                     ^^^^^^^^^^^^^^^^^^^^^^
AttributeError: 'Member' object has no attribute 'timed_out_until'
INFO:asu_discord.cogs.verification:Saved 5 roles to database for user ejcrist (Discord ID: 1481804490670739583)
INFO:asu_discord.cogs.verification:Refreshed Salesforce roles for Discord user 1481804490670739583: -5/+5 roles, assigned=[College of Liberal Arts and Sciences, Commited, First Year, Out of State, Tempe]
Ignoring exception in on_member_update
Traceback (most recent call last):
  File "/usr/local/lib/python3.12/site-packages/discord/client.py", line 465, in _run_event
    await coro(*args, **kwargs)
  File "/app/asu_discord/cogs/analytics.py", line 652, in on_member_update
    before_timeout = before.timed_out_until
                     ^^^^^^^^^^^^^^^^^^^^^^
AttributeError: 'Member' object has no attribute 'timed_out_until'
Ignoring exception in on_member_update
Traceback (most recent call last):
  File "/usr/local/lib/python3.12/site-packages/discord/client.py", line 465, in _run_event
    await coro(*args, **kwargs)
  File "/app/asu_discord/cogs/analytics.py", line 652, in on_member_update
    before_timeout = before.timed_out_until
                     ^^^^^^^^^^^^^^^^^^^^^^
AttributeError: 'Member' object has no attribute 'timed_out_until'
Ignoring exception in on_member_update
Traceback (most recent call last):
  File "/usr/local/lib/python3.12/site-packages/discord/client.py", line 465, in _run_event
    await coro(*args, **kwargs)
  File "/app/asu_discord/cogs/analytics.py", line 652, in on_member_update
    before_timeout = before.timed_out_until
                     ^^^^^^^^^^^^^^^^^^^^^^
AttributeError: 'Member' object has no attribute 'timed_out_until'
Ignoring exception in on_member_update
Traceback (most recent call last):
  File "/usr/local/lib/python3.12/site-packages/discord/client.py", line 465, in _run_event
    await coro(*args, **kwargs)
  File "/app/asu_discord/cogs/analytics.py", line 652, in on_member_update
    before_timeout = before.timed_out_until
                     ^^^^^^^^^^^^^^^^^^^^^^
AttributeError: 'Member' object has no attribute 'timed_out_until'
Ignoring exception in on_member_update
Traceback (most recent call last):
  File "/usr/local/lib/python3.12/site-packages/discord/client.py", line 465, in _run_event
    await coro(*args, **kwargs)
  File "/app/asu_discord/cogs/analytics.py", line 652, in on_member_update
    before_timeout = before.timed_out_until
                     ^^^^^^^^^^^^^^^^^^^^^^
AttributeError: 'Member' object has no attribute 'timed_out_until'
Ignoring exception in on_member_update
Traceback (most recent call last):
  File "/usr/local/lib/python3.12/site-packages/discord/client.py", line 465, in _run_event
    await coro(*args, **kwargs)
  File "/app/asu_discord/cogs/analytics.py", line 652, in on_member_update
    before_timeout = before.timed_out_until
                     ^^^^^^^^^^^^^^^^^^^^^^
AttributeError: 'Member' object has no attribute 'timed_out_until'
Ignoring exception in on_member_update
Traceback (most recent call last):
  File "/usr/local/lib/python3.12/site-packages/discord/client.py", line 465, in _run_event
    await coro(*args, **kwargs)
  File "/app/asu_discord/cogs/analytics.py", line 652, in on_member_update
    before_timeout = before.timed_out_until
                     ^^^^^^^^^^^^^^^^^^^^^^
AttributeError: 'Member' object has no attribute 'timed_out_until'
Ignoring exception in on_member_update
Traceback (most recent call last):
  File "/usr/local/lib/python3.12/site-packages/discord/client.py", line 465, in _run_event
    await coro(*args, **kwargs)
  File "/app/asu_discord/cogs/analytics.py", line 652, in on_member_update
    before_timeout = before.timed_out_until
                     ^^^^^^^^^^^^^^^^^^^^^^
AttributeError: 'Member' object has no attribute 'timed_out_until'
INFO:asu_discord.cogs.verification:Saved 4 roles to database for user fedelacr (Discord ID: 1325308458056290385)
INFO:asu_discord.cogs.verification:Refreshed Salesforce roles for Discord user 1325308458056290385: -4/+4 roles, assigned=[Arizona Resident, Downtown Phoenix, First Year, Ira A. Fulton Schools of Engineering]
Ignoring exception in on_member_update
Traceback (most recent call last):
  File "/usr/local/lib/python3.12/site-packages/discord/client.py", line 465, in _run_event
    await coro(*args, **kwargs)
  File "/app/asu_discord/cogs/analytics.py", line 652, in on_member_update
    before_timeout = before.timed_out_until
                     ^^^^^^^^^^^^^^^^^^^^^^
AttributeError: 'Member' object has no attribute 'timed_out_until'
Ignoring exception in on_member_update
Traceback (most recent call last):
  File "/usr/local/lib/python3.12/site-packages/discord/client.py", line 465, in _run_event
    await coro(*args, **kwargs)
  File "/app/asu_discord/cogs/analytics.py", line 652, in on_member_update
    before_timeout = before.timed_out_until
                     ^^^^^^^^^^^^^^^^^^^^^^
AttributeError: 'Member' object has no attribute 'timed_out_until'
Ignoring exception in on_member_update
Traceback (most recent call last):
  File "/usr/local/lib/python3.12/site-packages/discord/client.py", line 465, in _run_event
    await coro(*args, **kwargs)
  File "/app/asu_discord/cogs/analytics.py", line 652, in on_member_update
    before_timeout = before.timed_out_until
                     ^^^^^^^^^^^^^^^^^^^^^^
AttributeError: 'Member' object has no attribute 'timed_out_until'
Ignoring exception in on_member_update
Traceback (most recent call last):
  File "/usr/local/lib/python3.12/site-packages/discord/client.py", line 465, in _run_event
    await coro(*args, **kwargs)
  File "/app/asu_discord/cogs/analytics.py", line 652, in on_member_update
    before_timeout = before.timed_out_until
                     ^^^^^^^^^^^^^^^^^^^^^^
AttributeError: 'Member' object has no attribute 'timed_out_until'
Ignoring exception in on_member_update
Traceback (most recent call last):
  File "/usr/local/lib/python3.12/site-packages/discord/client.py", line 465, in _run_event
    await coro(*args, **kwargs)
  File "/app/asu_discord/cogs/analytics.py", line 652, in on_member_update
    before_timeout = before.timed_out_until
                     ^^^^^^^^^^^^^^^^^^^^^^
AttributeError: 'Member' object has no attribute 'timed_out_until'
Ignoring exception in on_member_update
Traceback (most recent call last):
  File "/usr/local/lib/python3.12/site-packages/discord/client.py", line 465, in _run_event
    await coro(*args, **kwargs)
  File "/app/asu_discord/cogs/analytics.py", line 652, in on_member_update
    before_timeout = before.timed_out_until
                     ^^^^^^^^^^^^^^^^^^^^^^
AttributeError: 'Member' object has no attribute 'timed_out_until'
Ignoring exception in on_member_update
Traceback (most recent call last):
  File "/usr/local/lib/python3.12/site-packages/discord/client.py", line 465, in _run_event
    await coro(*args, **kwargs)
  File "/app/asu_discord/cogs/analytics.py", line 652, in on_member_update
    before_timeout = before.timed_out_until
                     ^^^^^^^^^^^^^^^^^^^^^^
AttributeError: 'Member' object has no attribute 'timed_out_until'
Ignoring exception in on_member_update
Traceback (most recent call last):
  File "/usr/local/lib/python3.12/site-packages/discord/client.py", line 465, in _run_event
    await coro(*args, **kwargs)
  File "/app/asu_discord/cogs/analytics.py", line 652, in on_member_update
    before_timeout = before.timed_out_until
                     ^^^^^^^^^^^^^^^^^^^^^^
AttributeError: 'Member' object has no attribute 'timed_out_until'
Ignoring exception in on_member_update
Traceback (most recent call last):
  File "/usr/local/lib/python3.12/site-packages/discord/client.py", line 465, in _run_event
    await coro(*args, **kwargs)
  File "/app/asu_discord/cogs/analytics.py", line 652, in on_member_update
    before_timeout = before.timed_out_until
                     ^^^^^^^^^^^^^^^^^^^^^^
AttributeError: 'Member' object has no attribute 'timed_out_until'
Ignoring exception in on_member_update
Traceback (most recent call last):
  File "/usr/local/lib/python3.12/site-packages/discord/client.py", line 465, in _run_event
    await coro(*args, **kwargs)
  File "/app/asu_discord/cogs/analytics.py", line 652, in on_member_update
    before_timeout = before.timed_out_until
                     ^^^^^^^^^^^^^^^^^^^^^^
AttributeError: 'Member' object has no attribute 'timed_out_until'
INFO:asu_discord.cogs.verification:Saved 5 roles to database for user lmfragos (Discord ID: 787034598898794517)
INFO:asu_discord.cogs.verification:Refreshed Salesforce roles for Discord user 787034598898794517: -5/+5 roles, assigned=[Commited, Downtown Phoenix, Edson College of Nursing and Health Innovation, First Year, Out of State]
ERROR:cron.jobs:refresh_salesforce_roles: failed for yulianay (Discord ID 1250382197744209973): Failed to refresh Salesforce-based roles: Discord user 1250382197744209973 is not a member of the guild
Ignoring exception in on_member_update
Traceback (most recent call last):
  File "/usr/local/lib/python3.12/site-packages/discord/client.py", line 465, in _run_event
    await coro(*args, **kwargs)
  File "/app/asu_discord/cogs/analytics.py", line 652, in on_member_update
    before_timeout = before.timed_out_until
                     ^^^^^^^^^^^^^^^^^^^^^^
AttributeError: 'Member' object has no attribute 'timed_out_until'
Ignoring exception in on_member_update
Traceback (most recent call last):
  File "/usr/local/lib/python3.12/site-packages/discord/client.py", line 465, in _run_event
    await coro(*args, **kwargs)
  File "/app/asu_discord/cogs/analytics.py", line 652, in on_member_update
    before_timeout = before.timed_out_until
                     ^^^^^^^^^^^^^^^^^^^^^^
AttributeError: 'Member' object has no attribute 'timed_out_until'
Ignoring exception in on_member_update
Traceback (most recent call last):
  File "/usr/local/lib/python3.12/site-packages/discord/client.py", line 465, in _run_event
    await coro(*args, **kwargs)
  File "/app/asu_discord/cogs/analytics.py", line 652, in on_member_update
    before_timeout = before.timed_out_until
                     ^^^^^^^^^^^^^^^^^^^^^^
AttributeError: 'Member' object has no attribute 'timed_out_until'
Ignoring exception in on_member_update
Traceback (most recent call last):
  File "/usr/local/lib/python3.12/site-packages/discord/client.py", line 465, in _run_event
    await coro(*args, **kwargs)
  File "/app/asu_discord/cogs/analytics.py", line 652, in on_member_update
    before_timeout = before.timed_out_until
                     ^^^^^^^^^^^^^^^^^^^^^^
AttributeError: 'Member' object has no attribute 'timed_out_until'
Ignoring exception in on_member_update
Traceback (most recent call last):
  File "/usr/local/lib/python3.12/site-packages/discord/client.py", line 465, in _run_event
    await coro(*args, **kwargs)
  File "/app/asu_discord/cogs/analytics.py", line 652, in on_member_update
    before_timeout = before.timed_out_until
                     ^^^^^^^^^^^^^^^^^^^^^^
AttributeError: 'Member' object has no attribute 'timed_out_until'
Ignoring exception in on_member_update
Traceback (most recent call last):
  File "/usr/local/lib/python3.12/site-packages/discord/client.py", line 465, in _run_event
    await coro(*args, **kwargs)
  File "/app/asu_discord/cogs/analytics.py", line 652, in on_member_update
    before_timeout = before.timed_out_until
                     ^^^^^^^^^^^^^^^^^^^^^^
AttributeError: 'Member' object has no attribute 'timed_out_until'
Ignoring exception in on_member_update
Traceback (most recent call last):
  File "/usr/local/lib/python3.12/site-packages/discord/client.py", line 465, in _run_event
    await coro(*args, **kwargs)
  File "/app/asu_discord/cogs/analytics.py", line 652, in on_member_update
    before_timeout = before.timed_out_until
                     ^^^^^^^^^^^^^^^^^^^^^^
AttributeError: 'Member' object has no attribute 'timed_out_until'
Ignoring exception in on_member_update
Traceback (most recent call last):
  File "/usr/local/lib/python3.12/site-packages/discord/client.py", line 465, in _run_event
    await coro(*args, **kwargs)
  File "/app/asu_discord/cogs/analytics.py", line 652, in on_member_update
    before_timeout = before.timed_out_until
                     ^^^^^^^^^^^^^^^^^^^^^^
AttributeError: 'Member' object has no attribute 'timed_out_until'
Ignoring exception in on_member_update
Traceback (most recent call last):
  File "/usr/local/lib/python3.12/site-packages/discord/client.py", line 465, in _run_event
    await coro(*args, **kwargs)
  File "/app/asu_discord/cogs/analytics.py", line 652, in on_member_update
    before_timeout = before.timed_out_until
                     ^^^^^^^^^^^^^^^^^^^^^^
AttributeError: 'Member' object has no attribute 'timed_out_until'
Ignoring exception in on_member_update
Traceback (most recent call last):
  File "/usr/local/lib/python3.12/site-packages/discord/client.py", line 465, in _run_event
    await coro(*args, **kwargs)
  File "/app/asu_discord/cogs/analytics.py", line 652, in on_member_update
    before_timeout = before.timed_out_until
                     ^^^^^^^^^^^^^^^^^^^^^^
AttributeError: 'Member' object has no attribute 'timed_out_until'
INFO:asu_discord.cogs.verification:Saved 5 roles to database for user tbaloch (Discord ID: 1464305606436585504)
INFO:asu_discord.cogs.verification:Refreshed Salesforce roles for Discord user 1464305606436585504: -5/+5 roles, assigned=[Commited, Graduate Student, International Student, Ira A. Fulton Schools of Engineering, Tempe]
Ignoring exception in on_member_update
Traceback (most recent call last):
  File "/usr/local/lib/python3.12/site-packages/discord/client.py", line 465, in _run_event
    await coro(*args, **kwargs)
  File "/app/asu_discord/cogs/analytics.py", line 652, in on_member_update
    before_timeout = before.timed_out_until
                     ^^^^^^^^^^^^^^^^^^^^^^
AttributeError: 'Member' object has no attribute 'timed_out_until'
Ignoring exception in on_member_update
Traceback (most recent call last):
  File "/usr/local/lib/python3.12/site-packages/discord/client.py", line 465, in _run_event
    await coro(*args, **kwargs)
  File "/app/asu_discord/cogs/analytics.py", line 652, in on_member_update
    before_timeout = before.timed_out_until
                     ^^^^^^^^^^^^^^^^^^^^^^
AttributeError: 'Member' object has no attribute 'timed_out_until'
Ignoring exception in on_member_update
Traceback (most recent call last):
  File "/usr/local/lib/python3.12/site-packages/discord/client.py", line 465, in _run_event
    await coro(*args, **kwargs)
  File "/app/asu_discord/cogs/analytics.py", line 652, in on_member_update
    before_timeout = before.timed_out_until
                     ^^^^^^^^^^^^^^^^^^^^^^
AttributeError: 'Member' object has no attribute 'timed_out_until'
Ignoring exception in on_member_update
Traceback (most recent call last):
  File "/usr/local/lib/python3.12/site-packages/discord/client.py", line 465, in _run_event
    await coro(*args, **kwargs)
  File "/app/asu_discord/cogs/analytics.py", line 652, in on_member_update
    before_timeout = before.timed_out_until
                     ^^^^^^^^^^^^^^^^^^^^^^
AttributeError: 'Member' object has no attribute 'timed_out_until'
Ignoring exception in on_member_update
Traceback (most recent call last):
  File "/usr/local/lib/python3.12/site-packages/discord/client.py", line 465, in _run_event
    await coro(*args, **kwargs)
  File "/app/asu_discord/cogs/analytics.py", line 652, in on_member_update
    before_timeout = before.timed_out_until
                     ^^^^^^^^^^^^^^^^^^^^^^
AttributeError: 'Member' object has no attribute 'timed_out_until'
Ignoring exception in on_member_update
Traceback (most recent call last):
  File "/usr/local/lib/python3.12/site-packages/discord/client.py", line 465, in _run_event
    await coro(*args, **kwargs)
  File "/app/asu_discord/cogs/analytics.py", line 652, in on_member_update
    before_timeout = before.timed_out_until
                     ^^^^^^^^^^^^^^^^^^^^^^
AttributeError: 'Member' object has no attribute 'timed_out_until'
Ignoring exception in on_member_update
Traceback (most recent call last):
  File "/usr/local/lib/python3.12/site-packages/discord/client.py", line 465, in _run_event
    await coro(*args, **kwargs)
  File "/app/asu_discord/cogs/analytics.py", line 652, in on_member_update
    before_timeout = before.timed_out_until
                     ^^^^^^^^^^^^^^^^^^^^^^
AttributeError: 'Member' object has no attribute 'timed_out_until'
Ignoring exception in on_member_update
Traceback (most recent call last):
  File "/usr/local/lib/python3.12/site-packages/discord/client.py", line 465, in _run_event
    await coro(*args, **kwargs)
  File "/app/asu_discord/cogs/analytics.py", line 652, in on_member_update
    before_timeout = before.timed_out_until
                     ^^^^^^^^^^^^^^^^^^^^^^
AttributeError: 'Member' object has no attribute 'timed_out_until'
Ignoring exception in on_member_update
Traceback (most recent call last):
  File "/usr/local/lib/python3.12/site-packages/discord/client.py", line 465, in _run_event
    await coro(*args, **kwargs)
  File "/app/asu_discord/cogs/analytics.py", line 652, in on_member_update
    before_timeout = before.timed_out_until
                     ^^^^^^^^^^^^^^^^^^^^^^
AttributeError: 'Member' object has no attribute 'timed_out_until'
Ignoring exception in on_member_update
Traceback (most recent call last):
  File "/usr/local/lib/python3.12/site-packages/discord/client.py", line 465, in _run_event
    await coro(*args, **kwargs)
  File "/app/asu_discord/cogs/analytics.py", line 652, in on_member_update
    before_timeout = before.timed_out_until
                     ^^^^^^^^^^^^^^^^^^^^^^
AttributeError: 'Member' object has no attribute 'timed_out_until'
Ignoring exception in on_member_update
Traceback (most recent call last):
  File "/usr/local/lib/python3.12/site-packages/discord/client.py", line 465, in _run_event
    await coro(*args, **kwargs)
  File "/app/asu_discord/cogs/analytics.py", line 652, in on_member_update
    before_timeout = before.timed_out_until
                     ^^^^^^^^^^^^^^^^^^^^^^
AttributeError: 'Member' object has no attribute 'timed_out_until'
Ignoring exception in on_member_update
Traceback (most recent call last):
  File "/usr/local/lib/python3.12/site-packages/discord/client.py", line 465, in _run_event
    await coro(*args, **kwargs)
  File "/app/asu_discord/cogs/analytics.py", line 652, in on_member_update
    before_timeout = before.timed_out_until
                     ^^^^^^^^^^^^^^^^^^^^^^
AttributeError: 'Member' object has no attribute 'timed_out_until'
INFO:asu_discord.cogs.verification:Saved 6 roles to database for user phegde9 (Discord ID: 761236209737007115)
INFO:asu_discord.cogs.verification:Refreshed Salesforce roles for Discord user 761236209737007115: -6/+6 roles, assigned=[Commited, Graduate Student, International Student, Ira A. Fulton Schools of Engineering, Polytechnic, Tempe]
Ignoring exception in on_member_update
Traceback (most recent call last):
  File "/usr/local/lib/python3.12/site-packages/discord/client.py", line 465, in _run_event
    await coro(*args, **kwargs)
  File "/app/asu_discord/cogs/analytics.py", line 652, in on_member_update
    before_timeout = before.timed_out_until
                     ^^^^^^^^^^^^^^^^^^^^^^
AttributeError: 'Member' object has no attribute 'timed_out_until'
Ignoring exception in on_member_update
Traceback (most recent call last):
  File "/usr/local/lib/python3.12/site-packages/discord/client.py", line 465, in _run_event
    await coro(*args, **kwargs)
  File "/app/asu_discord/cogs/analytics.py", line 652, in on_member_update
    before_timeout = before.timed_out_until
                     ^^^^^^^^^^^^^^^^^^^^^^
AttributeError: 'Member' object has no attribute 'timed_out_until'
Ignoring exception in on_member_update
Traceback (most recent call last):
  File "/usr/local/lib/python3.12/site-packages/discord/client.py", line 465, in _run_event
    await coro(*args, **kwargs)
  File "/app/asu_discord/cogs/analytics.py", line 652, in on_member_update
    before_timeout = before.timed_out_until
                     ^^^^^^^^^^^^^^^^^^^^^^
AttributeError: 'Member' object has no attribute 'timed_out_until'
Ignoring exception in on_member_update
Traceback (most recent call last):
  File "/usr/local/lib/python3.12/site-packages/discord/client.py", line 465, in _run_event
    await coro(*args, **kwargs)
  File "/app/asu_discord/cogs/analytics.py", line 652, in on_member_update
    before_timeout = before.timed_out_until
                     ^^^^^^^^^^^^^^^^^^^^^^
AttributeError: 'Member' object has no attribute 'timed_out_until'
Ignoring exception in on_member_update
Traceback (most recent call last):
  File "/usr/local/lib/python3.12/site-packages/discord/client.py", line 465, in _run_event
    await coro(*args, **kwargs)
  File "/app/asu_discord/cogs/analytics.py", line 652, in on_member_update
    before_timeout = before.timed_out_until
                     ^^^^^^^^^^^^^^^^^^^^^^
AttributeError: 'Member' object has no attribute 'timed_out_until'
Ignoring exception in on_member_update
Traceback (most recent call last):
  File "/usr/local/lib/python3.12/site-packages/discord/client.py", line 465, in _run_event
    await coro(*args, **kwargs)
  File "/app/asu_discord/cogs/analytics.py", line 652, in on_member_update
    before_timeout = before.timed_out_until
                     ^^^^^^^^^^^^^^^^^^^^^^
AttributeError: 'Member' object has no attribute 'timed_out_until'
Ignoring exception in on_member_update
Traceback (most recent call last):
  File "/usr/local/lib/python3.12/site-packages/discord/client.py", line 465, in _run_event
    await coro(*args, **kwargs)
  File "/app/asu_discord/cogs/analytics.py", line 652, in on_member_update
    before_timeout = before.timed_out_until
                     ^^^^^^^^^^^^^^^^^^^^^^
AttributeError: 'Member' object has no attribute 'timed_out_until'
Ignoring exception in on_member_update
Traceback (most recent call last):
  File "/usr/local/lib/python3.12/site-packages/discord/client.py", line 465, in _run_event
    await coro(*args, **kwargs)
  File "/app/asu_discord/cogs/analytics.py", line 652, in on_member_update
    before_timeout = before.timed_out_until
                     ^^^^^^^^^^^^^^^^^^^^^^
AttributeError: 'Member' object has no attribute 'timed_out_until'
Ignoring exception in on_member_update
Traceback (most recent call last):
  File "/usr/local/lib/python3.12/site-packages/discord/client.py", line 465, in _run_event
    await coro(*args, **kwargs)
  File "/app/asu_discord/cogs/analytics.py", line 652, in on_member_update
    before_timeout = before.timed_out_until
                     ^^^^^^^^^^^^^^^^^^^^^^
AttributeError: 'Member' object has no attribute 'timed_out_until'
Ignoring exception in on_member_update
Traceback (most recent call last):
  File "/usr/local/lib/python3.12/site-packages/discord/client.py", line 465, in _run_event
    await coro(*args, **kwargs)
  File "/app/asu_discord/cogs/analytics.py", line 652, in on_member_update
    before_timeout = before.timed_out_until
                     ^^^^^^^^^^^^^^^^^^^^^^
AttributeError: 'Member' object has no attribute 'timed_out_until'
INFO:asu_discord.cogs.verification:Saved 5 roles to database for user ekschroe (Discord ID: 1457794677272088577)
INFO:asu_discord.cogs.verification:Refreshed Salesforce roles for Discord user 1457794677272088577: -5/+5 roles, assigned=[Arizona Resident, Commited, First Year, Ira A. Fulton Schools of Engineering, Tempe]
Ignoring exception in on_member_update
Traceback (most recent call last):
  File "/usr/local/lib/python3.12/site-packages/discord/client.py", line 465, in _run_event
    await coro(*args, **kwargs)
  File "/app/asu_discord/cogs/analytics.py", line 652, in on_member_update
    before_timeout = before.timed_out_until
                     ^^^^^^^^^^^^^^^^^^^^^^
AttributeError: 'Member' object has no attribute 'timed_out_until'
Ignoring exception in on_member_update
Traceback (most recent call last):
  File "/usr/local/lib/python3.12/site-packages/discord/client.py", line 465, in _run_event
    await coro(*args, **kwargs)
  File "/app/asu_discord/cogs/analytics.py", line 652, in on_member_update
    before_timeout = before.timed_out_until
                     ^^^^^^^^^^^^^^^^^^^^^^
AttributeError: 'Member' object has no attribute 'timed_out_until'
Ignoring exception in on_member_update
Traceback (most recent call last):
  File "/usr/local/lib/python3.12/site-packages/discord/client.py", line 465, in _run_event
    await coro(*args, **kwargs)
  File "/app/asu_discord/cogs/analytics.py", line 652, in on_member_update
    before_timeout = before.timed_out_until
                     ^^^^^^^^^^^^^^^^^^^^^^
AttributeError: 'Member' object has no attribute 'timed_out_until'
Ignoring exception in on_member_update
Traceback (most recent call last):
  File "/usr/local/lib/python3.12/site-packages/discord/client.py", line 465, in _run_event
    await coro(*args, **kwargs)
  File "/app/asu_discord/cogs/analytics.py", line 652, in on_member_update
    before_timeout = before.timed_out_until
                     ^^^^^^^^^^^^^^^^^^^^^^
AttributeError: 'Member' object has no attribute 'timed_out_until'
Ignoring exception in on_member_update
Traceback (most recent call last):
  File "/usr/local/lib/python3.12/site-packages/discord/client.py", line 465, in _run_event
    await coro(*args, **kwargs)
  File "/app/asu_discord/cogs/analytics.py", line 652, in on_member_update
    before_timeout = before.timed_out_until
                     ^^^^^^^^^^^^^^^^^^^^^^
AttributeError: 'Member' object has no attribute 'timed_out_until'
Ignoring exception in on_member_update
Traceback (most recent call last):
  File "/usr/local/lib/python3.12/site-packages/discord/client.py", line 465, in _run_event
    await coro(*args, **kwargs)
  File "/app/asu_discord/cogs/analytics.py", line 652, in on_member_update
    before_timeout = before.timed_out_until
                     ^^^^^^^^^^^^^^^^^^^^^^
AttributeError: 'Member' object has no attribute 'timed_out_until'
Ignoring exception in on_member_update
Traceback (most recent call last):
  File "/usr/local/lib/python3.12/site-packages/discord/client.py", line 465, in _run_event
    await coro(*args, **kwargs)
  File "/app/asu_discord/cogs/analytics.py", line 652, in on_member_update
    before_timeout = before.timed_out_until
                     ^^^^^^^^^^^^^^^^^^^^^^
AttributeError: 'Member' object has no attribute 'timed_out_until'
Ignoring exception in on_member_update
Traceback (most recent call last):
  File "/usr/local/lib/python3.12/site-packages/discord/client.py", line 465, in _run_event
    await coro(*args, **kwargs)
  File "/app/asu_discord/cogs/analytics.py", line 652, in on_member_update
    before_timeout = before.timed_out_until
                     ^^^^^^^^^^^^^^^^^^^^^^
AttributeError: 'Member' object has no attribute 'timed_out_until'
Ignoring exception in on_member_update
Traceback (most recent call last):
  File "/usr/local/lib/python3.12/site-packages/discord/client.py", line 465, in _run_event
    await coro(*args, **kwargs)
  File "/app/asu_discord/cogs/analytics.py", line 652, in on_member_update
    before_timeout = before.timed_out_until
                     ^^^^^^^^^^^^^^^^^^^^^^
AttributeError: 'Member' object has no attribute 'timed_out_until'
Ignoring exception in on_member_update
Traceback (most recent call last):
  File "/usr/local/lib/python3.12/site-packages/discord/client.py", line 465, in _run_event
    await coro(*args, **kwargs)
  File "/app/asu_discord/cogs/analytics.py", line 652, in on_member_update
    before_timeout = before.timed_out_until
                     ^^^^^^^^^^^^^^^^^^^^^^
AttributeError: 'Member' object has no attribute 'timed_out_until'
INFO:asu_discord.cogs.verification:Saved 5 roles to database for user mhauck14 (Discord ID: 597619832216879105)
INFO:asu_discord.cogs.verification:Refreshed Salesforce roles for Discord user 597619832216879105: -5/+5 roles, assigned=[Commited, First Year, Mary Lou Fulton Teachers College, Out of State, Tempe]
Ignoring exception in on_member_update
Traceback (most recent call last):
  File "/usr/local/lib/python3.12/site-packages/discord/client.py", line 465, in _run_event
    await coro(*args, **kwargs)
  File "/app/asu_discord/cogs/analytics.py", line 652, in on_member_update
    before_timeout = before.timed_out_until
                     ^^^^^^^^^^^^^^^^^^^^^^
AttributeError: 'Member' object has no attribute 'timed_out_until'
Ignoring exception in on_member_update
Traceback (most recent call last):
  File "/usr/local/lib/python3.12/site-packages/discord/client.py", line 465, in _run_event
    await coro(*args, **kwargs)
  File "/app/asu_discord/cogs/analytics.py", line 652, in on_member_update
    before_timeout = before.timed_out_until
                     ^^^^^^^^^^^^^^^^^^^^^^
AttributeError: 'Member' object has no attribute 'timed_out_until'
Ignoring exception in on_member_update
Traceback (most recent call last):
  File "/usr/local/lib/python3.12/site-packages/discord/client.py", line 465, in _run_event
    await coro(*args, **kwargs)
  File "/app/asu_discord/cogs/analytics.py", line 652, in on_member_update
    before_timeout = before.timed_out_until
                     ^^^^^^^^^^^^^^^^^^^^^^
AttributeError: 'Member' object has no attribute 'timed_out_until'
Ignoring exception in on_member_update
Traceback (most recent call last):
  File "/usr/local/lib/python3.12/site-packages/discord/client.py", line 465, in _run_event
    await coro(*args, **kwargs)
  File "/app/asu_discord/cogs/analytics.py", line 652, in on_member_update
    before_timeout = before.timed_out_until
                     ^^^^^^^^^^^^^^^^^^^^^^
AttributeError: 'Member' object has no attribute 'timed_out_until'
Ignoring exception in on_member_update
Traceback (most recent call last):
  File "/usr/local/lib/python3.12/site-packages/discord/client.py", line 465, in _run_event
    await coro(*args, **kwargs)
  File "/app/asu_discord/cogs/analytics.py", line 652, in on_member_update
    before_timeout = before.timed_out_until
                     ^^^^^^^^^^^^^^^^^^^^^^
AttributeError: 'Member' object has no attribute 'timed_out_until'
Ignoring exception in on_member_update
Traceback (most recent call last):
  File "/usr/local/lib/python3.12/site-packages/discord/client.py", line 465, in _run_event
    await coro(*args, **kwargs)
  File "/app/asu_discord/cogs/analytics.py", line 652, in on_member_update
    before_timeout = before.timed_out_until
                     ^^^^^^^^^^^^^^^^^^^^^^
AttributeError: 'Member' object has no attribute 'timed_out_until'
Ignoring exception in on_member_update
Traceback (most recent call last):
  File "/usr/local/lib/python3.12/site-packages/discord/client.py", line 465, in _run_event
    await coro(*args, **kwargs)
  File "/app/asu_discord/cogs/analytics.py", line 652, in on_member_update
    before_timeout = before.timed_out_until
                     ^^^^^^^^^^^^^^^^^^^^^^
AttributeError: 'Member' object has no attribute 'timed_out_until'
Ignoring exception in on_member_update
Traceback (most recent call last):
  File "/usr/local/lib/python3.12/site-packages/discord/client.py", line 465, in _run_event
    await coro(*args, **kwargs)
  File "/app/asu_discord/cogs/analytics.py", line 652, in on_member_update
    before_timeout = before.timed_out_until
                     ^^^^^^^^^^^^^^^^^^^^^^
AttributeError: 'Member' object has no attribute 'timed_out_until'
Ignoring exception in on_member_update
Traceback (most recent call last):
  File "/usr/local/lib/python3.12/site-packages/discord/client.py", line 465, in _run_event
    await coro(*args, **kwargs)
  File "/app/asu_discord/cogs/analytics.py", line 652, in on_member_update
    before_timeout = before.timed_out_until
                     ^^^^^^^^^^^^^^^^^^^^^^
AttributeError: 'Member' object has no attribute 'timed_out_until'
INFO:asu_discord.cogs.verification:Saved 5 roles to database for user ikozieja (Discord ID: 1481844185253543936)
INFO:asu_discord.cogs.verification:Refreshed Salesforce roles for Discord user 1481844185253543936: -5/+5 roles, assigned=[Arizona Resident, College of Liberal Arts and Sciences, Commited, Downtown Phoenix, First Year]
Ignoring exception in on_member_update
Traceback (most recent call last):
  File "/usr/local/lib/python3.12/site-packages/discord/client.py", line 465, in _run_event
    await coro(*args, **kwargs)
  File "/app/asu_discord/cogs/analytics.py", line 652, in on_member_update
    before_timeout = before.timed_out_until
                     ^^^^^^^^^^^^^^^^^^^^^^
AttributeError: 'Member' object has no attribute 'timed_out_until'
Ignoring exception in on_member_update
Traceback (most recent call last):
  File "/usr/local/lib/python3.12/site-packages/discord/client.py", line 465, in _run_event
    await coro(*args, **kwargs)
  File "/app/asu_discord/cogs/analytics.py", line 652, in on_member_update
    before_timeout = before.timed_out_until
                     ^^^^^^^^^^^^^^^^^^^^^^
AttributeError: 'Member' object has no attribute 'timed_out_until'
Ignoring exception in on_member_update
Traceback (most recent call last):
  File "/usr/local/lib/python3.12/site-packages/discord/client.py", line 465, in _run_event
    await coro(*args, **kwargs)
  File "/app/asu_discord/cogs/analytics.py", line 652, in on_member_update
    before_timeout = before.timed_out_until
                     ^^^^^^^^^^^^^^^^^^^^^^
AttributeError: 'Member' object has no attribute 'timed_out_until'
Ignoring exception in on_member_update
Traceback (most recent call last):
  File "/usr/local/lib/python3.12/site-packages/discord/client.py", line 465, in _run_event
    await coro(*args, **kwargs)
  File "/app/asu_discord/cogs/analytics.py", line 652, in on_member_update
    before_timeout = before.timed_out_until
                     ^^^^^^^^^^^^^^^^^^^^^^
AttributeError: 'Member' object has no attribute 'timed_out_until'
Ignoring exception in on_member_update
Traceback (most recent call last):
  File "/usr/local/lib/python3.12/site-packages/discord/client.py", line 465, in _run_event
    await coro(*args, **kwargs)
  File "/app/asu_discord/cogs/analytics.py", line 652, in on_member_update
    before_timeout = before.timed_out_until
                     ^^^^^^^^^^^^^^^^^^^^^^
AttributeError: 'Member' object has no attribute 'timed_out_until'
Ignoring exception in on_member_update
Traceback (most recent call last):
  File "/usr/local/lib/python3.12/site-packages/discord/client.py", line 465, in _run_event
    await coro(*args, **kwargs)
  File "/app/asu_discord/cogs/analytics.py", line 652, in on_member_update
    before_timeout = before.timed_out_until
                     ^^^^^^^^^^^^^^^^^^^^^^
AttributeError: 'Member' object has no attribute 'timed_out_until'
Ignoring exception in on_member_update
Traceback (most recent call last):
  File "/usr/local/lib/python3.12/site-packages/discord/client.py", line 465, in _run_event
    await coro(*args, **kwargs)
  File "/app/asu_discord/cogs/analytics.py", line 652, in on_member_update
    before_timeout = before.timed_out_until
                     ^^^^^^^^^^^^^^^^^^^^^^
AttributeError: 'Member' object has no attribute 'timed_out_until'
Ignoring exception in on_member_update
Traceback (most recent call last):
  File "/usr/local/lib/python3.12/site-packages/discord/client.py", line 465, in _run_event
    await coro(*args, **kwargs)
  File "/app/asu_discord/cogs/analytics.py", line 652, in on_member_update
    before_timeout = before.timed_out_until
                     ^^^^^^^^^^^^^^^^^^^^^^
AttributeError: 'Member' object has no attribute 'timed_out_until'
Ignoring exception in on_member_update
Traceback (most recent call last):
  File "/usr/local/lib/python3.12/site-packages/discord/client.py", line 465, in _run_event
    await coro(*args, **kwargs)
  File "/app/asu_discord/cogs/analytics.py", line 652, in on_member_update
    before_timeout = before.timed_out_until
                     ^^^^^^^^^^^^^^^^^^^^^^
AttributeError: 'Member' object has no attribute 'timed_out_until'
Ignoring exception in on_member_update
Traceback (most recent call last):
  File "/usr/local/lib/python3.12/site-packages/discord/client.py", line 465, in _run_event
    await coro(*args, **kwargs)
  File "/app/asu_discord/cogs/analytics.py", line 652, in on_member_update
    before_timeout = before.timed_out_until
                     ^^^^^^^^^^^^^^^^^^^^^^
AttributeError: 'Member' object has no attribute 'timed_out_until'
Ignoring exception in on_member_update
Traceback (most recent call last):
  File "/usr/local/lib/python3.12/site-packages/discord/client.py", line 465, in _run_event
    await coro(*args, **kwargs)
  File "/app/asu_discord/cogs/analytics.py", line 652, in on_member_update
    before_timeout = before.timed_out_until
                     ^^^^^^^^^^^^^^^^^^^^^^
AttributeError: 'Member' object has no attribute 'timed_out_until'
INFO:asu_discord.cogs.verification:Saved 5 roles to database for user spopma (Discord ID: 1320552397033963604)
INFO:asu_discord.cogs.verification:Refreshed Salesforce roles for Discord user 1320552397033963604: -5/+5 roles, assigned=[Commited, Downtown Phoenix, First Year, Herberger Institute for Design and the Arts, Out of State]
Ignoring exception in on_member_update
Traceback (most recent call last):
  File "/usr/local/lib/python3.12/site-packages/discord/client.py", line 465, in _run_event
    await coro(*args, **kwargs)
  File "/app/asu_discord/cogs/analytics.py", line 652, in on_member_update
    before_timeout = before.timed_out_until
                     ^^^^^^^^^^^^^^^^^^^^^^
AttributeError: 'Member' object has no attribute 'timed_out_until'
Ignoring exception in on_member_update
Traceback (most recent call last):
  File "/usr/local/lib/python3.12/site-packages/discord/client.py", line 465, in _run_event
    await coro(*args, **kwargs)
  File "/app/asu_discord/cogs/analytics.py", line 652, in on_member_update
    before_timeout = before.timed_out_until
                     ^^^^^^^^^^^^^^^^^^^^^^
AttributeError: 'Member' object has no attribute 'timed_out_until'
Ignoring exception in on_member_update
Traceback (most recent call last):
  File "/usr/local/lib/python3.12/site-packages/discord/client.py", line 465, in _run_event
    await coro(*args, **kwargs)
  File "/app/asu_discord/cogs/analytics.py", line 652, in on_member_update
    before_timeout = before.timed_out_until
                     ^^^^^^^^^^^^^^^^^^^^^^
AttributeError: 'Member' object has no attribute 'timed_out_until'
Ignoring exception in on_member_update
Traceback (most recent call last):
  File "/usr/local/lib/python3.12/site-packages/discord/client.py", line 465, in _run_event
    await coro(*args, **kwargs)
  File "/app/asu_discord/cogs/analytics.py", line 652, in on_member_update
    before_timeout = before.timed_out_until
                     ^^^^^^^^^^^^^^^^^^^^^^
AttributeError: 'Member' object has no attribute 'timed_out_until'
Ignoring exception in on_member_update
Traceback (most recent call last):
  File "/usr/local/lib/python3.12/site-packages/discord/client.py", line 465, in _run_event
    await coro(*args, **kwargs)
  File "/app/asu_discord/cogs/analytics.py", line 652, in on_member_update
    before_timeout = before.timed_out_until
                     ^^^^^^^^^^^^^^^^^^^^^^
AttributeError: 'Member' object has no attribute 'timed_out_until'
Ignoring exception in on_member_update
Traceback (most recent call last):
  File "/usr/local/lib/python3.12/site-packages/discord/client.py", line 465, in _run_event
    await coro(*args, **kwargs)
  File "/app/asu_discord/cogs/analytics.py", line 652, in on_member_update
    before_timeout = before.timed_out_until
                     ^^^^^^^^^^^^^^^^^^^^^^
AttributeError: 'Member' object has no attribute 'timed_out_until'
Ignoring exception in on_member_update
Traceback (most recent call last):
  File "/usr/local/lib/python3.12/site-packages/discord/client.py", line 465, in _run_event
    await coro(*args, **kwargs)
  File "/app/asu_discord/cogs/analytics.py", line 652, in on_member_update
    before_timeout = before.timed_out_until
                     ^^^^^^^^^^^^^^^^^^^^^^
AttributeError: 'Member' object has no attribute 'timed_out_until'
Ignoring exception in on_member_update
Traceback (most recent call last):
  File "/usr/local/lib/python3.12/site-packages/discord/client.py", line 465, in _run_event
    await coro(*args, **kwargs)
  File "/app/asu_discord/cogs/analytics.py", line 652, in on_member_update
    before_timeout = before.timed_out_until
                     ^^^^^^^^^^^^^^^^^^^^^^
AttributeError: 'Member' object has no attribute 'timed_out_until'
Ignoring exception in on_member_update
Traceback (most recent call last):
  File "/usr/local/lib/python3.12/site-packages/discord/client.py", line 465, in _run_event
    await coro(*args, **kwargs)
  File "/app/asu_discord/cogs/analytics.py", line 652, in on_member_update
    before_timeout = before.timed_out_until
                     ^^^^^^^^^^^^^^^^^^^^^^
AttributeError: 'Member' object has no attribute 'timed_out_until'
INFO:asu_discord.cogs.verification:Saved 5 roles to database for user bnimijan (Discord ID: 867099911791443969)
INFO:asu_discord.cogs.verification:Refreshed Salesforce roles for Discord user 867099911791443969: -4/+5 roles, assigned=[Arizona Resident, Commited, First Year, Ira A. Fulton Schools of Engineering, Tempe]
Ignoring exception in on_member_update
Traceback (most recent call last):
  File "/usr/local/lib/python3.12/site-packages/discord/client.py", line 465, in _run_event
    await coro(*args, **kwargs)
  File "/app/asu_discord/cogs/analytics.py", line 652, in on_member_update
    before_timeout = before.timed_out_until
                     ^^^^^^^^^^^^^^^^^^^^^^
AttributeError: 'Member' object has no attribute 'timed_out_until'
Ignoring exception in on_member_update
Traceback (most recent call last):
  File "/usr/local/lib/python3.12/site-packages/discord/client.py", line 465, in _run_event
    await coro(*args, **kwargs)
  File "/app/asu_discord/cogs/analytics.py", line 652, in on_member_update
    before_timeout = before.timed_out_until
                     ^^^^^^^^^^^^^^^^^^^^^^
AttributeError: 'Member' object has no attribute 'timed_out_until'
Ignoring exception in on_member_update
Traceback (most recent call last):
  File "/usr/local/lib/python3.12/site-packages/discord/client.py", line 465, in _run_event
    await coro(*args, **kwargs)
  File "/app/asu_discord/cogs/analytics.py", line 652, in on_member_update
    before_timeout = before.timed_out_until
                     ^^^^^^^^^^^^^^^^^^^^^^
AttributeError: 'Member' object has no attribute 'timed_out_until'
Ignoring exception in on_member_update
Traceback (most recent call last):
  File "/usr/local/lib/python3.12/site-packages/discord/client.py", line 465, in _run_event
    await coro(*args, **kwargs)
  File "/app/asu_discord/cogs/analytics.py", line 652, in on_member_update
    before_timeout = before.timed_out_until
                     ^^^^^^^^^^^^^^^^^^^^^^
AttributeError: 'Member' object has no attribute 'timed_out_until'
Ignoring exception in on_member_update
Traceback (most recent call last):
  File "/usr/local/lib/python3.12/site-packages/discord/client.py", line 465, in _run_event
    await coro(*args, **kwargs)
  File "/app/asu_discord/cogs/analytics.py", line 652, in on_member_update
    before_timeout = before.timed_out_until
                     ^^^^^^^^^^^^^^^^^^^^^^
AttributeError: 'Member' object has no attribute 'timed_out_until'
Ignoring exception in on_member_update
Traceback (most recent call last):
  File "/usr/local/lib/python3.12/site-packages/discord/client.py", line 465, in _run_event
    await coro(*args, **kwargs)
  File "/app/asu_discord/cogs/analytics.py", line 652, in on_member_update
    before_timeout = before.timed_out_until
                     ^^^^^^^^^^^^^^^^^^^^^^
AttributeError: 'Member' object has no attribute 'timed_out_until'
Ignoring exception in on_member_update
Traceback (most recent call last):
  File "/usr/local/lib/python3.12/site-packages/discord/client.py", line 465, in _run_event
    await coro(*args, **kwargs)
  File "/app/asu_discord/cogs/analytics.py", line 652, in on_member_update
    before_timeout = before.timed_out_until
                     ^^^^^^^^^^^^^^^^^^^^^^
AttributeError: 'Member' object has no attribute 'timed_out_until'
Ignoring exception in on_member_update
Traceback (most recent call last):
  File "/usr/local/lib/python3.12/site-packages/discord/client.py", line 465, in _run_event
    await coro(*args, **kwargs)
  File "/app/asu_discord/cogs/analytics.py", line 652, in on_member_update
    before_timeout = before.timed_out_until
                     ^^^^^^^^^^^^^^^^^^^^^^
AttributeError: 'Member' object has no attribute 'timed_out_until'
INFO:asu_discord.cogs.verification:Saved 4 roles to database for user rcnagark (Discord ID: 1347635779224211508)
INFO:asu_discord.cogs.verification:Refreshed Salesforce roles for Discord user 1347635779224211508: -4/+4 roles, assigned=[Graduate Student, International Student, Ira A. Fulton Schools of Engineering, Tempe]
Ignoring exception in on_member_update
Traceback (most recent call last):
  File "/usr/local/lib/python3.12/site-packages/discord/client.py", line 465, in _run_event
    await coro(*args, **kwargs)
  File "/app/asu_discord/cogs/analytics.py", line 652, in on_member_update
    before_timeout = before.timed_out_until
                     ^^^^^^^^^^^^^^^^^^^^^^
AttributeError: 'Member' object has no attribute 'timed_out_until'
Ignoring exception in on_member_update
Traceback (most recent call last):
  File "/usr/local/lib/python3.12/site-packages/discord/client.py", line 465, in _run_event
    await coro(*args, **kwargs)
  File "/app/asu_discord/cogs/analytics.py", line 652, in on_member_update
    before_timeout = before.timed_out_until
                     ^^^^^^^^^^^^^^^^^^^^^^
AttributeError: 'Member' object has no attribute 'timed_out_until'
Ignoring exception in on_member_update
Traceback (most recent call last):
  File "/usr/local/lib/python3.12/site-packages/discord/client.py", line 465, in _run_event
    await coro(*args, **kwargs)
  File "/app/asu_discord/cogs/analytics.py", line 652, in on_member_update
    before_timeout = before.timed_out_until
                     ^^^^^^^^^^^^^^^^^^^^^^
AttributeError: 'Member' object has no attribute 'timed_out_until'
Ignoring exception in on_member_update
Traceback (most recent call last):
  File "/usr/local/lib/python3.12/site-packages/discord/client.py", line 465, in _run_event
    await coro(*args, **kwargs)
  File "/app/asu_discord/cogs/analytics.py", line 652, in on_member_update
    before_timeout = before.timed_out_until
                     ^^^^^^^^^^^^^^^^^^^^^^
AttributeError: 'Member' object has no attribute 'timed_out_until'
Ignoring exception in on_member_update
Traceback (most recent call last):
  File "/usr/local/lib/python3.12/site-packages/discord/client.py", line 465, in _run_event
    await coro(*args, **kwargs)
  File "/app/asu_discord/cogs/analytics.py", line 652, in on_member_update
    before_timeout = before.timed_out_until
                     ^^^^^^^^^^^^^^^^^^^^^^
AttributeError: 'Member' object has no attribute 'timed_out_until'
Ignoring exception in on_member_update
Traceback (most recent call last):
  File "/usr/local/lib/python3.12/site-packages/discord/client.py", line 465, in _run_event
    await coro(*args, **kwargs)
  File "/app/asu_discord/cogs/analytics.py", line 652, in on_member_update
    before_timeout = before.timed_out_until
                     ^^^^^^^^^^^^^^^^^^^^^^
AttributeError: 'Member' object has no attribute 'timed_out_until'
Ignoring exception in on_member_update
Traceback (most recent call last):
  File "/usr/local/lib/python3.12/site-packages/discord/client.py", line 465, in _run_event
    await coro(*args, **kwargs)
  File "/app/asu_discord/cogs/analytics.py", line 652, in on_member_update
    before_timeout = before.timed_out_until
                     ^^^^^^^^^^^^^^^^^^^^^^
AttributeError: 'Member' object has no attribute 'timed_out_until'
Ignoring exception in on_member_update
Traceback (most recent call last):
  File "/usr/local/lib/python3.12/site-packages/discord/client.py", line 465, in _run_event
    await coro(*args, **kwargs)
  File "/app/asu_discord/cogs/analytics.py", line 652, in on_member_update
    before_timeout = before.timed_out_until
                     ^^^^^^^^^^^^^^^^^^^^^^
AttributeError: 'Member' object has no attribute 'timed_out_until'
INFO:asu_discord.cogs.verification:Saved 4 roles to database for user mahirrao (Discord ID: 1081013494461235200)
INFO:asu_discord.cogs.verification:Refreshed Salesforce roles for Discord user 1081013494461235200: -4/+4 roles, assigned=[Arizona Resident, First Year, Ira A. Fulton Schools of Engineering, Tempe]
Ignoring exception in on_member_update
Traceback (most recent call last):
  File "/usr/local/lib/python3.12/site-packages/discord/client.py", line 465, in _run_event
    await coro(*args, **kwargs)
  File "/app/asu_discord/cogs/analytics.py", line 652, in on_member_update
    before_timeout = before.timed_out_until
                     ^^^^^^^^^^^^^^^^^^^^^^
AttributeError: 'Member' object has no attribute 'timed_out_until'
Ignoring exception in on_member_update
Traceback (most recent call last):
  File "/usr/local/lib/python3.12/site-packages/discord/client.py", line 465, in _run_event
    await coro(*args, **kwargs)
  File "/app/asu_discord/cogs/analytics.py", line 652, in on_member_update
    before_timeout = before.timed_out_until
                     ^^^^^^^^^^^^^^^^^^^^^^
AttributeError: 'Member' object has no attribute 'timed_out_until'
Ignoring exception in on_member_update
Traceback (most recent call last):
  File "/usr/local/lib/python3.12/site-packages/discord/client.py", line 465, in _run_event
    await coro(*args, **kwargs)
  File "/app/asu_discord/cogs/analytics.py", line 652, in on_member_update
    before_timeout = before.timed_out_until
                     ^^^^^^^^^^^^^^^^^^^^^^
AttributeError: 'Member' object has no attribute 'timed_out_until'
Ignoring exception in on_member_update
Traceback (most recent call last):
  File "/usr/local/lib/python3.12/site-packages/discord/client.py", line 465, in _run_event
    await coro(*args, **kwargs)
  File "/app/asu_discord/cogs/analytics.py", line 652, in on_member_update
    before_timeout = before.timed_out_until
                     ^^^^^^^^^^^^^^^^^^^^^^
AttributeError: 'Member' object has no attribute 'timed_out_until'
Ignoring exception in on_member_update
Traceback (most recent call last):
  File "/usr/local/lib/python3.12/site-packages/discord/client.py", line 465, in _run_event
    await coro(*args, **kwargs)
  File "/app/asu_discord/cogs/analytics.py", line 652, in on_member_update
    before_timeout = before.timed_out_until
                     ^^^^^^^^^^^^^^^^^^^^^^
AttributeError: 'Member' object has no attribute 'timed_out_until'
Ignoring exception in on_member_update
Traceback (most recent call last):
  File "/usr/local/lib/python3.12/site-packages/discord/client.py", line 465, in _run_event
    await coro(*args, **kwargs)
  File "/app/asu_discord/cogs/analytics.py", line 652, in on_member_update
    before_timeout = before.timed_out_until
                     ^^^^^^^^^^^^^^^^^^^^^^
AttributeError: 'Member' object has no attribute 'timed_out_until'
Ignoring exception in on_member_update
Traceback (most recent call last):
  File "/usr/local/lib/python3.12/site-packages/discord/client.py", line 465, in _run_event
    await coro(*args, **kwargs)
  File "/app/asu_discord/cogs/analytics.py", line 652, in on_member_update
    before_timeout = before.timed_out_until
                     ^^^^^^^^^^^^^^^^^^^^^^
AttributeError: 'Member' object has no attribute 'timed_out_until'
Ignoring exception in on_member_update
Traceback (most recent call last):
  File "/usr/local/lib/python3.12/site-packages/discord/client.py", line 465, in _run_event
    await coro(*args, **kwargs)
  File "/app/asu_discord/cogs/analytics.py", line 652, in on_member_update
    before_timeout = before.timed_out_until
                     ^^^^^^^^^^^^^^^^^^^^^^
AttributeError: 'Member' object has no attribute 'timed_out_until'
INFO:asu_discord.cogs.verification:Saved 4 roles to database for user asaini39 (Discord ID: 1480987977290354801)
INFO:asu_discord.cogs.verification:Refreshed Salesforce roles for Discord user 1480987977290354801: -4/+4 roles, assigned=[Graduate Student, International Student, Tempe, W.P. Carey School of Business]
Ignoring exception in on_member_update
Traceback (most recent call last):
  File "/usr/local/lib/python3.12/site-packages/discord/client.py", line 465, in _run_event
    await coro(*args, **kwargs)
  File "/app/asu_discord/cogs/analytics.py", line 652, in on_member_update
    before_timeout = before.timed_out_until
                     ^^^^^^^^^^^^^^^^^^^^^^
AttributeError: 'Member' object has no attribute 'timed_out_until'
Ignoring exception in on_member_update
Traceback (most recent call last):
  File "/usr/local/lib/python3.12/site-packages/discord/client.py", line 465, in _run_event
    await coro(*args, **kwargs)
  File "/app/asu_discord/cogs/analytics.py", line 652, in on_member_update
    before_timeout = before.timed_out_until
                     ^^^^^^^^^^^^^^^^^^^^^^
AttributeError: 'Member' object has no attribute 'timed_out_until'
Ignoring exception in on_member_update
Traceback (most recent call last):
  File "/usr/local/lib/python3.12/site-packages/discord/client.py", line 465, in _run_event
    await coro(*args, **kwargs)
  File "/app/asu_discord/cogs/analytics.py", line 652, in on_member_update
    before_timeout = before.timed_out_until
                     ^^^^^^^^^^^^^^^^^^^^^^
AttributeError: 'Member' object has no attribute 'timed_out_until'
Ignoring exception in on_member_update
Traceback (most recent call last):
  File "/usr/local/lib/python3.12/site-packages/discord/client.py", line 465, in _run_event
    await coro(*args, **kwargs)
  File "/app/asu_discord/cogs/analytics.py", line 652, in on_member_update
    before_timeout = before.timed_out_until
                     ^^^^^^^^^^^^^^^^^^^^^^
AttributeError: 'Member' object has no attribute 'timed_out_until'
Ignoring exception in on_member_update
Traceback (most recent call last):
  File "/usr/local/lib/python3.12/site-packages/discord/client.py", line 465, in _run_event
    await coro(*args, **kwargs)
  File "/app/asu_discord/cogs/analytics.py", line 652, in on_member_update
    before_timeout = before.timed_out_until
                     ^^^^^^^^^^^^^^^^^^^^^^
AttributeError: 'Member' object has no attribute 'timed_out_until'
Ignoring exception in on_member_update
Traceback (most recent call last):
  File "/usr/local/lib/python3.12/site-packages/discord/client.py", line 465, in _run_event
    await coro(*args, **kwargs)
  File "/app/asu_discord/cogs/analytics.py", line 652, in on_member_update
    before_timeout = before.timed_out_until
                     ^^^^^^^^^^^^^^^^^^^^^^
AttributeError: 'Member' object has no attribute 'timed_out_until'
Ignoring exception in on_member_update
Traceback (most recent call last):
  File "/usr/local/lib/python3.12/site-packages/discord/client.py", line 465, in _run_event
    await coro(*args, **kwargs)
  File "/app/asu_discord/cogs/analytics.py", line 652, in on_member_update
    before_timeout = before.timed_out_until
                     ^^^^^^^^^^^^^^^^^^^^^^
AttributeError: 'Member' object has no attribute 'timed_out_until'
Ignoring exception in on_member_update
Traceback (most recent call last):
  File "/usr/local/lib/python3.12/site-packages/discord/client.py", line 465, in _run_event
    await coro(*args, **kwargs)
  File "/app/asu_discord/cogs/analytics.py", line 652, in on_member_update
    before_timeout = before.timed_out_until
                     ^^^^^^^^^^^^^^^^^^^^^^
AttributeError: 'Member' object has no attribute 'timed_out_until'
INFO:asu_discord.cogs.verification:Saved 4 roles to database for user rmaddul3 (Discord ID: 768094898242715668)
INFO:asu_discord.cogs.verification:Refreshed Salesforce roles for Discord user 768094898242715668: -4/+4 roles, assigned=[Graduate Student, International Student, Ira A. Fulton Schools of Engineering, Tempe]
Ignoring exception in on_member_update
Traceback (most recent call last):
  File "/usr/local/lib/python3.12/site-packages/discord/client.py", line 465, in _run_event
    await coro(*args, **kwargs)
  File "/app/asu_discord/cogs/analytics.py", line 652, in on_member_update
    before_timeout = before.timed_out_until
                     ^^^^^^^^^^^^^^^^^^^^^^
AttributeError: 'Member' object has no attribute 'timed_out_until'
Ignoring exception in on_member_update
Traceback (most recent call last):
  File "/usr/local/lib/python3.12/site-packages/discord/client.py", line 465, in _run_event
    await coro(*args, **kwargs)
  File "/app/asu_discord/cogs/analytics.py", line 652, in on_member_update
    before_timeout = before.timed_out_until
                     ^^^^^^^^^^^^^^^^^^^^^^
AttributeError: 'Member' object has no attribute 'timed_out_until'
Ignoring exception in on_member_update
Traceback (most recent call last):
  File "/usr/local/lib/python3.12/site-packages/discord/client.py", line 465, in _run_event
    await coro(*args, **kwargs)
  File "/app/asu_discord/cogs/analytics.py", line 652, in on_member_update
    before_timeout = before.timed_out_until
                     ^^^^^^^^^^^^^^^^^^^^^^
AttributeError: 'Member' object has no attribute 'timed_out_until'
INFO:asu_discord.cogs.verification:Saved 1 roles to database for user echastai (Discord ID: 1482107050287698130)
INFO:asu_discord.cogs.verification:Refreshed Salesforce roles for Discord user 1482107050287698130: -1/+1 roles, assigned=[Arizona Resident]
Ignoring exception in on_member_update
Traceback (most recent call last):
  File "/usr/local/lib/python3.12/site-packages/discord/client.py", line 465, in _run_event
    await coro(*args, **kwargs)
  File "/app/asu_discord/cogs/analytics.py", line 652, in on_member_update
    before_timeout = before.timed_out_until
                     ^^^^^^^^^^^^^^^^^^^^^^
AttributeError: 'Member' object has no attribute 'timed_out_until'
Ignoring exception in on_member_update
Traceback (most recent call last):
  File "/usr/local/lib/python3.12/site-packages/discord/client.py", line 465, in _run_event
    await coro(*args, **kwargs)
  File "/app/asu_discord/cogs/analytics.py", line 652, in on_member_update
    before_timeout = before.timed_out_until
                     ^^^^^^^^^^^^^^^^^^^^^^
AttributeError: 'Member' object has no attribute 'timed_out_until'
Ignoring exception in on_member_update
Traceback (most recent call last):
  File "/usr/local/lib/python3.12/site-packages/discord/client.py", line 465, in _run_event
    await coro(*args, **kwargs)
  File "/app/asu_discord/cogs/analytics.py", line 652, in on_member_update
    before_timeout = before.timed_out_until
                     ^^^^^^^^^^^^^^^^^^^^^^
AttributeError: 'Member' object has no attribute 'timed_out_until'
Ignoring exception in on_member_update
Traceback (most recent call last):
  File "/usr/local/lib/python3.12/site-packages/discord/client.py", line 465, in _run_event
    await coro(*args, **kwargs)
  File "/app/asu_discord/cogs/analytics.py", line 652, in on_member_update
    before_timeout = before.timed_out_until
                     ^^^^^^^^^^^^^^^^^^^^^^
AttributeError: 'Member' object has no attribute 'timed_out_until'
Ignoring exception in on_member_update
Traceback (most recent call last):
  File "/usr/local/lib/python3.12/site-packages/discord/client.py", line 465, in _run_event
    await coro(*args, **kwargs)
  File "/app/asu_discord/cogs/analytics.py", line 652, in on_member_update
    before_timeout = before.timed_out_until
                     ^^^^^^^^^^^^^^^^^^^^^^
AttributeError: 'Member' object has no attribute 'timed_out_until'
Ignoring exception in on_member_update
Traceback (most recent call last):
  File "/usr/local/lib/python3.12/site-packages/discord/client.py", line 465, in _run_event
    await coro(*args, **kwargs)
  File "/app/asu_discord/cogs/analytics.py", line 652, in on_member_update
    before_timeout = before.timed_out_until
                     ^^^^^^^^^^^^^^^^^^^^^^
AttributeError: 'Member' object has no attribute 'timed_out_until'
Ignoring exception in on_member_update
Traceback (most recent call last):
  File "/usr/local/lib/python3.12/site-packages/discord/client.py", line 465, in _run_event
    await coro(*args, **kwargs)
  File "/app/asu_discord/cogs/analytics.py", line 652, in on_member_update
    before_timeout = before.timed_out_until
                     ^^^^^^^^^^^^^^^^^^^^^^
AttributeError: 'Member' object has no attribute 'timed_out_until'
Ignoring exception in on_member_update
Traceback (most recent call last):
  File "/usr/local/lib/python3.12/site-packages/discord/client.py", line 465, in _run_event
    await coro(*args, **kwargs)
  File "/app/asu_discord/cogs/analytics.py", line 652, in on_member_update
    before_timeout = before.timed_out_until
                     ^^^^^^^^^^^^^^^^^^^^^^
AttributeError: 'Member' object has no attribute 'timed_out_until'
Ignoring exception in on_member_update
Traceback (most recent call last):
  File "/usr/local/lib/python3.12/site-packages/discord/client.py", line 465, in _run_event
    await coro(*args, **kwargs)
  File "/app/asu_discord/cogs/analytics.py", line 652, in on_member_update
    before_timeout = before.timed_out_until
                     ^^^^^^^^^^^^^^^^^^^^^^
AttributeError: 'Member' object has no attribute 'timed_out_until'
INFO:asu_discord.cogs.verification:Saved 5 roles to database for user lhottagu (Discord ID: 285490075008106496)
INFO:asu_discord.cogs.verification:Refreshed Salesforce roles for Discord user 285490075008106496: -4/+5 roles, assigned=[Arizona Resident, Commited, Ira A. Fulton Schools of Engineering, Tempe, Transfer Student]
Ignoring exception in on_member_update
Traceback (most recent call last):
  File "/usr/local/lib/python3.12/site-packages/discord/client.py", line 465, in _run_event
    await coro(*args, **kwargs)
  File "/app/asu_discord/cogs/analytics.py", line 652, in on_member_update
    before_timeout = before.timed_out_until
                     ^^^^^^^^^^^^^^^^^^^^^^
AttributeError: 'Member' object has no attribute 'timed_out_until'
Ignoring exception in on_member_update
Traceback (most recent call last):
  File "/usr/local/lib/python3.12/site-packages/discord/client.py", line 465, in _run_event
    await coro(*args, **kwargs)
  File "/app/asu_discord/cogs/analytics.py", line 652, in on_member_update
    before_timeout = before.timed_out_until
                     ^^^^^^^^^^^^^^^^^^^^^^
AttributeError: 'Member' object has no attribute 'timed_out_until'
Ignoring exception in on_member_update
Traceback (most recent call last):
  File "/usr/local/lib/python3.12/site-packages/discord/client.py", line 465, in _run_event
    await coro(*args, **kwargs)
  File "/app/asu_discord/cogs/analytics.py", line 652, in on_member_update
    before_timeout = before.timed_out_until
                     ^^^^^^^^^^^^^^^^^^^^^^
AttributeError: 'Member' object has no attribute 'timed_out_until'
Ignoring exception in on_member_update
Traceback (most recent call last):
  File "/usr/local/lib/python3.12/site-packages/discord/client.py", line 465, in _run_event
    await coro(*args, **kwargs)
  File "/app/asu_discord/cogs/analytics.py", line 652, in on_member_update
    before_timeout = before.timed_out_until
                     ^^^^^^^^^^^^^^^^^^^^^^
AttributeError: 'Member' object has no attribute 'timed_out_until'
Ignoring exception in on_member_update
Traceback (most recent call last):
  File "/usr/local/lib/python3.12/site-packages/discord/client.py", line 465, in _run_event
    await coro(*args, **kwargs)
  File "/app/asu_discord/cogs/analytics.py", line 652, in on_member_update
    before_timeout = before.timed_out_until
                     ^^^^^^^^^^^^^^^^^^^^^^
AttributeError: 'Member' object has no attribute 'timed_out_until'
Ignoring exception in on_member_update
Traceback (most recent call last):
  File "/usr/local/lib/python3.12/site-packages/discord/client.py", line 465, in _run_event
    await coro(*args, **kwargs)
  File "/app/asu_discord/cogs/analytics.py", line 652, in on_member_update
    before_timeout = before.timed_out_until
                     ^^^^^^^^^^^^^^^^^^^^^^
AttributeError: 'Member' object has no attribute 'timed_out_until'
Ignoring exception in on_member_update
Traceback (most recent call last):
  File "/usr/local/lib/python3.12/site-packages/discord/client.py", line 465, in _run_event
    await coro(*args, **kwargs)
  File "/app/asu_discord/cogs/analytics.py", line 652, in on_member_update
    before_timeout = before.timed_out_until
                     ^^^^^^^^^^^^^^^^^^^^^^
AttributeError: 'Member' object has no attribute 'timed_out_until'
Ignoring exception in on_member_update
Traceback (most recent call last):
  File "/usr/local/lib/python3.12/site-packages/discord/client.py", line 465, in _run_event
    await coro(*args, **kwargs)
  File "/app/asu_discord/cogs/analytics.py", line 652, in on_member_update
    before_timeout = before.timed_out_until
                     ^^^^^^^^^^^^^^^^^^^^^^
AttributeError: 'Member' object has no attribute 'timed_out_until'
Ignoring exception in on_member_update
Traceback (most recent call last):
  File "/usr/local/lib/python3.12/site-packages/discord/client.py", line 465, in _run_event
    await coro(*args, **kwargs)
  File "/app/asu_discord/cogs/analytics.py", line 652, in on_member_update
    before_timeout = before.timed_out_until
                     ^^^^^^^^^^^^^^^^^^^^^^
AttributeError: 'Member' object has no attribute 'timed_out_until'
INFO:asu_discord.cogs.verification:Saved 5 roles to database for user zbacklin (Discord ID: 168860119638081536)
INFO:asu_discord.cogs.verification:Refreshed Salesforce roles for Discord user 168860119638081536: -5/+4 roles, assigned=[Arizona Resident, College of Liberal Arts and Sciences, Downtown Phoenix, Tempe, Transfer Student]
Ignoring exception in on_member_update
Traceback (most recent call last):
  File "/usr/local/lib/python3.12/site-packages/discord/client.py", line 465, in _run_event
    await coro(*args, **kwargs)
  File "/app/asu_discord/cogs/analytics.py", line 652, in on_member_update
    before_timeout = before.timed_out_until
                     ^^^^^^^^^^^^^^^^^^^^^^
AttributeError: 'Member' object has no attribute 'timed_out_until'
Ignoring exception in on_member_update
Traceback (most recent call last):
  File "/usr/local/lib/python3.12/site-packages/discord/client.py", line 465, in _run_event
    await coro(*args, **kwargs)
  File "/app/asu_discord/cogs/analytics.py", line 652, in on_member_update
    before_timeout = before.timed_out_until
                     ^^^^^^^^^^^^^^^^^^^^^^
AttributeError: 'Member' object has no attribute 'timed_out_until'
Ignoring exception in on_member_update
Traceback (most recent call last):
  File "/usr/local/lib/python3.12/site-packages/discord/client.py", line 465, in _run_event
    await coro(*args, **kwargs)
  File "/app/asu_discord/cogs/analytics.py", line 652, in on_member_update
    before_timeout = before.timed_out_until
                     ^^^^^^^^^^^^^^^^^^^^^^
AttributeError: 'Member' object has no attribute 'timed_out_until'
Ignoring exception in on_member_update
Traceback (most recent call last):
  File "/usr/local/lib/python3.12/site-packages/discord/client.py", line 465, in _run_event
    await coro(*args, **kwargs)
  File "/app/asu_discord/cogs/analytics.py", line 652, in on_member_update
    before_timeout = before.timed_out_until
                     ^^^^^^^^^^^^^^^^^^^^^^
AttributeError: 'Member' object has no attribute 'timed_out_until'
Ignoring exception in on_member_update
Traceback (most recent call last):
  File "/usr/local/lib/python3.12/site-packages/discord/client.py", line 465, in _run_event
    await coro(*args, **kwargs)
  File "/app/asu_discord/cogs/analytics.py", line 652, in on_member_update
    before_timeout = before.timed_out_until
                     ^^^^^^^^^^^^^^^^^^^^^^
AttributeError: 'Member' object has no attribute 'timed_out_until'
Ignoring exception in on_member_update
Traceback (most recent call last):
  File "/usr/local/lib/python3.12/site-packages/discord/client.py", line 465, in _run_event
    await coro(*args, **kwargs)
  File "/app/asu_discord/cogs/analytics.py", line 652, in on_member_update
    before_timeout = before.timed_out_until
                     ^^^^^^^^^^^^^^^^^^^^^^
AttributeError: 'Member' object has no attribute 'timed_out_until'
Ignoring exception in on_member_update
Traceback (most recent call last):
  File "/usr/local/lib/python3.12/site-packages/discord/client.py", line 465, in _run_event
    await coro(*args, **kwargs)
  File "/app/asu_discord/cogs/analytics.py", line 652, in on_member_update
    before_timeout = before.timed_out_until
                     ^^^^^^^^^^^^^^^^^^^^^^
AttributeError: 'Member' object has no attribute 'timed_out_until'
Ignoring exception in on_member_update
Traceback (most recent call last):
  File "/usr/local/lib/python3.12/site-packages/discord/client.py", line 465, in _run_event
    await coro(*args, **kwargs)
  File "/app/asu_discord/cogs/analytics.py", line 652, in on_member_update
    before_timeout = before.timed_out_until
                     ^^^^^^^^^^^^^^^^^^^^^^
AttributeError: 'Member' object has no attribute 'timed_out_until'
Ignoring exception in on_member_update
Traceback (most recent call last):
  File "/usr/local/lib/python3.12/site-packages/discord/client.py", line 465, in _run_event
    await coro(*args, **kwargs)
  File "/app/asu_discord/cogs/analytics.py", line 652, in on_member_update
    before_timeout = before.timed_out_until
                     ^^^^^^^^^^^^^^^^^^^^^^
AttributeError: 'Member' object has no attribute 'timed_out_until'
Ignoring exception in on_member_update
Traceback (most recent call last):
  File "/usr/local/lib/python3.12/site-packages/discord/client.py", line 465, in _run_event
    await coro(*args, **kwargs)
  File "/app/asu_discord/cogs/analytics.py", line 652, in on_member_update
    before_timeout = before.timed_out_until
                     ^^^^^^^^^^^^^^^^^^^^^^
AttributeError: 'Member' object has no attribute 'timed_out_until'
Ignoring exception in on_member_update
Traceback (most recent call last):
  File "/usr/local/lib/python3.12/site-packages/discord/client.py", line 465, in _run_event
    await coro(*args, **kwargs)
  File "/app/asu_discord/cogs/analytics.py", line 652, in on_member_update
    before_timeout = before.timed_out_until
                     ^^^^^^^^^^^^^^^^^^^^^^
AttributeError: 'Member' object has no attribute 'timed_out_until'
INFO:asu_discord.cogs.verification:Saved 5 roles to database for user dbadiu (Discord ID: 1200183426247045153)
INFO:asu_discord.cogs.verification:Refreshed Salesforce roles for Discord user 1200183426247045153: -5/+5 roles, assigned=[Arizona Resident, Commited, Ira A. Fulton Schools of Engineering, Tempe, Transfer Student]
Ignoring exception in on_member_update
Traceback (most recent call last):
  File "/usr/local/lib/python3.12/site-packages/discord/client.py", line 465, in _run_event
    await coro(*args, **kwargs)
  File "/app/asu_discord/cogs/analytics.py", line 652, in on_member_update
    before_timeout = before.timed_out_until
                     ^^^^^^^^^^^^^^^^^^^^^^
AttributeError: 'Member' object has no attribute 'timed_out_until'
Ignoring exception in on_member_update
Traceback (most recent call last):
  File "/usr/local/lib/python3.12/site-packages/discord/client.py", line 465, in _run_event
    await coro(*args, **kwargs)
  File "/app/asu_discord/cogs/analytics.py", line 652, in on_member_update
    before_timeout = before.timed_out_until
                     ^^^^^^^^^^^^^^^^^^^^^^
AttributeError: 'Member' object has no attribute 'timed_out_until'
Ignoring exception in on_member_update
Traceback (most recent call last):
  File "/usr/local/lib/python3.12/site-packages/discord/client.py", line 465, in _run_event
    await coro(*args, **kwargs)
  File "/app/asu_discord/cogs/analytics.py", line 652, in on_member_update
    before_timeout = before.timed_out_until
                     ^^^^^^^^^^^^^^^^^^^^^^
AttributeError: 'Member' object has no attribute 'timed_out_until'
Ignoring exception in on_member_update
Traceback (most recent call last):
  File "/usr/local/lib/python3.12/site-packages/discord/client.py", line 465, in _run_event
    await coro(*args, **kwargs)
  File "/app/asu_discord/cogs/analytics.py", line 652, in on_member_update
    before_timeout = before.timed_out_until
                     ^^^^^^^^^^^^^^^^^^^^^^
AttributeError: 'Member' object has no attribute 'timed_out_until'
Ignoring exception in on_member_update
Traceback (most recent call last):
  File "/usr/local/lib/python3.12/site-packages/discord/client.py", line 465, in _run_event
    await coro(*args, **kwargs)
  File "/app/asu_discord/cogs/analytics.py", line 652, in on_member_update
    before_timeout = before.timed_out_until
                     ^^^^^^^^^^^^^^^^^^^^^^
AttributeError: 'Member' object has no attribute 'timed_out_until'
Ignoring exception in on_member_update
Traceback (most recent call last):
  File "/usr/local/lib/python3.12/site-packages/discord/client.py", line 465, in _run_event
    await coro(*args, **kwargs)
  File "/app/asu_discord/cogs/analytics.py", line 652, in on_member_update
    before_timeout = before.timed_out_until
                     ^^^^^^^^^^^^^^^^^^^^^^
AttributeError: 'Member' object has no attribute 'timed_out_until'
Ignoring exception in on_member_update
Traceback (most recent call last):
  File "/usr/local/lib/python3.12/site-packages/discord/client.py", line 465, in _run_event
    await coro(*args, **kwargs)
  File "/app/asu_discord/cogs/analytics.py", line 652, in on_member_update
    before_timeout = before.timed_out_until
                     ^^^^^^^^^^^^^^^^^^^^^^
AttributeError: 'Member' object has no attribute 'timed_out_until'
Ignoring exception in on_member_update
Traceback (most recent call last):
  File "/usr/local/lib/python3.12/site-packages/discord/client.py", line 465, in _run_event
    await coro(*args, **kwargs)
  File "/app/asu_discord/cogs/analytics.py", line 652, in on_member_update
    before_timeout = before.timed_out_until
                     ^^^^^^^^^^^^^^^^^^^^^^
AttributeError: 'Member' object has no attribute 'timed_out_until'
Ignoring exception in on_member_update
Traceback (most recent call last):
  File "/usr/local/lib/python3.12/site-packages/discord/client.py", line 465, in _run_event
    await coro(*args, **kwargs)
  File "/app/asu_discord/cogs/analytics.py", line 652, in on_member_update
    before_timeout = before.timed_out_until
                     ^^^^^^^^^^^^^^^^^^^^^^
AttributeError: 'Member' object has no attribute 'timed_out_until'
Ignoring exception in on_member_update
Traceback (most recent call last):
  File "/usr/local/lib/python3.12/site-packages/discord/client.py", line 465, in _run_event
    await coro(*args, **kwargs)
  File "/app/asu_discord/cogs/analytics.py", line 652, in on_member_update
    before_timeout = before.timed_out_until
                     ^^^^^^^^^^^^^^^^^^^^^^
AttributeError: 'Member' object has no attribute 'timed_out_until'
INFO:asu_discord.cogs.verification:Saved 5 roles to database for user afern154 (Discord ID: 149720096909164545)
INFO:asu_discord.cogs.verification:Refreshed Salesforce roles for Discord user 149720096909164545: -5/+5 roles, assigned=[Commited, Ira A. Fulton Schools of Engineering, Out of State, Tempe, Transfer Student]
Ignoring exception in on_member_update
Traceback (most recent call last):
  File "/usr/local/lib/python3.12/site-packages/discord/client.py", line 465, in _run_event
    await coro(*args, **kwargs)
  File "/app/asu_discord/cogs/analytics.py", line 652, in on_member_update
    before_timeout = before.timed_out_until
                     ^^^^^^^^^^^^^^^^^^^^^^
AttributeError: 'Member' object has no attribute 'timed_out_until'
Ignoring exception in on_member_update
Traceback (most recent call last):
  File "/usr/local/lib/python3.12/site-packages/discord/client.py", line 465, in _run_event
    await coro(*args, **kwargs)
  File "/app/asu_discord/cogs/analytics.py", line 652, in on_member_update
    before_timeout = before.timed_out_until
                     ^^^^^^^^^^^^^^^^^^^^^^
AttributeError: 'Member' object has no attribute 'timed_out_until'
Ignoring exception in on_member_update
Traceback (most recent call last):
  File "/usr/local/lib/python3.12/site-packages/discord/client.py", line 465, in _run_event
    await coro(*args, **kwargs)
  File "/app/asu_discord/cogs/analytics.py", line 652, in on_member_update
    before_timeout = before.timed_out_until
                     ^^^^^^^^^^^^^^^^^^^^^^
AttributeError: 'Member' object has no attribute 'timed_out_until'
Ignoring exception in on_member_update
Traceback (most recent call last):
  File "/usr/local/lib/python3.12/site-packages/discord/client.py", line 465, in _run_event
    await coro(*args, **kwargs)
  File "/app/asu_discord/cogs/analytics.py", line 652, in on_member_update
    before_timeout = before.timed_out_until
                     ^^^^^^^^^^^^^^^^^^^^^^
AttributeError: 'Member' object has no attribute 'timed_out_until'
Ignoring exception in on_member_update
Traceback (most recent call last):
  File "/usr/local/lib/python3.12/site-packages/discord/client.py", line 465, in _run_event
    await coro(*args, **kwargs)
  File "/app/asu_discord/cogs/analytics.py", line 652, in on_member_update
    before_timeout = before.timed_out_until
                     ^^^^^^^^^^^^^^^^^^^^^^
AttributeError: 'Member' object has no attribute 'timed_out_until'
Ignoring exception in on_member_update
Traceback (most recent call last):
  File "/usr/local/lib/python3.12/site-packages/discord/client.py", line 465, in _run_event
    await coro(*args, **kwargs)
  File "/app/asu_discord/cogs/analytics.py", line 652, in on_member_update
    before_timeout = before.timed_out_until
                     ^^^^^^^^^^^^^^^^^^^^^^
AttributeError: 'Member' object has no attribute 'timed_out_until'
Ignoring exception in on_member_update
Traceback (most recent call last):
  File "/usr/local/lib/python3.12/site-packages/discord/client.py", line 465, in _run_event
    await coro(*args, **kwargs)
  File "/app/asu_discord/cogs/analytics.py", line 652, in on_member_update
    before_timeout = before.timed_out_until
                     ^^^^^^^^^^^^^^^^^^^^^^
AttributeError: 'Member' object has no attribute 'timed_out_until'
Ignoring exception in on_member_update
Traceback (most recent call last):
  File "/usr/local/lib/python3.12/site-packages/discord/client.py", line 465, in _run_event
    await coro(*args, **kwargs)
  File "/app/asu_discord/cogs/analytics.py", line 652, in on_member_update
    before_timeout = before.timed_out_until
                     ^^^^^^^^^^^^^^^^^^^^^^
AttributeError: 'Member' object has no attribute 'timed_out_until'
Ignoring exception in on_member_update
Traceback (most recent call last):
  File "/usr/local/lib/python3.12/site-packages/discord/client.py", line 465, in _run_event
    await coro(*args, **kwargs)
  File "/app/asu_discord/cogs/analytics.py", line 652, in on_member_update
    before_timeout = before.timed_out_until
                     ^^^^^^^^^^^^^^^^^^^^^^
AttributeError: 'Member' object has no attribute 'timed_out_until'
Ignoring exception in on_member_update
Traceback (most recent call last):
  File "/usr/local/lib/python3.12/site-packages/discord/client.py", line 465, in _run_event
    await coro(*args, **kwargs)
  File "/app/asu_discord/cogs/analytics.py", line 652, in on_member_update
    before_timeout = before.timed_out_until
                     ^^^^^^^^^^^^^^^^^^^^^^
AttributeError: 'Member' object has no attribute 'timed_out_until'
INFO:asu_discord.cogs.verification:Saved 5 roles to database for user bgarza13 (Discord ID: 1313445880980045877)
INFO:asu_discord.cogs.verification:Refreshed Salesforce roles for Discord user 1313445880980045877: -5/+5 roles, assigned=[Arizona Resident, Commited, First Year, New College of Interdisciplinary Arts and Sciences, West Valley]
Ignoring exception in on_member_update
Traceback (most recent call last):
  File "/usr/local/lib/python3.12/site-packages/discord/client.py", line 465, in _run_event
    await coro(*args, **kwargs)
  File "/app/asu_discord/cogs/analytics.py", line 652, in on_member_update
    before_timeout = before.timed_out_until
                     ^^^^^^^^^^^^^^^^^^^^^^
AttributeError: 'Member' object has no attribute 'timed_out_until'
Ignoring exception in on_member_update
Traceback (most recent call last):
  File "/usr/local/lib/python3.12/site-packages/discord/client.py", line 465, in _run_event
    await coro(*args, **kwargs)
  File "/app/asu_discord/cogs/analytics.py", line 652, in on_member_update
    before_timeout = before.timed_out_until
                     ^^^^^^^^^^^^^^^^^^^^^^
AttributeError: 'Member' object has no attribute 'timed_out_until'
Ignoring exception in on_member_update
Traceback (most recent call last):
  File "/usr/local/lib/python3.12/site-packages/discord/client.py", line 465, in _run_event
    await coro(*args, **kwargs)
  File "/app/asu_discord/cogs/analytics.py", line 652, in on_member_update
    before_timeout = before.timed_out_until
                     ^^^^^^^^^^^^^^^^^^^^^^
AttributeError: 'Member' object has no attribute 'timed_out_until'
Ignoring exception in on_member_update
Traceback (most recent call last):
  File "/usr/local/lib/python3.12/site-packages/discord/client.py", line 465, in _run_event
    await coro(*args, **kwargs)
  File "/app/asu_discord/cogs/analytics.py", line 652, in on_member_update
    before_timeout = before.timed_out_until
                     ^^^^^^^^^^^^^^^^^^^^^^
AttributeError: 'Member' object has no attribute 'timed_out_until'
Ignoring exception in on_member_update
Traceback (most recent call last):
  File "/usr/local/lib/python3.12/site-packages/discord/client.py", line 465, in _run_event
    await coro(*args, **kwargs)
  File "/app/asu_discord/cogs/analytics.py", line 652, in on_member_update
    before_timeout = before.timed_out_until
                     ^^^^^^^^^^^^^^^^^^^^^^
AttributeError: 'Member' object has no attribute 'timed_out_until'
Ignoring exception in on_member_update
Traceback (most recent call last):
  File "/usr/local/lib/python3.12/site-packages/discord/client.py", line 465, in _run_event
    await coro(*args, **kwargs)
  File "/app/asu_discord/cogs/analytics.py", line 652, in on_member_update
    before_timeout = before.timed_out_until
                     ^^^^^^^^^^^^^^^^^^^^^^
AttributeError: 'Member' object has no attribute 'timed_out_until'
Ignoring exception in on_member_update
Traceback (most recent call last):
  File "/usr/local/lib/python3.12/site-packages/discord/client.py", line 465, in _run_event
    await coro(*args, **kwargs)
  File "/app/asu_discord/cogs/analytics.py", line 652, in on_member_update
    before_timeout = before.timed_out_until
                     ^^^^^^^^^^^^^^^^^^^^^^
AttributeError: 'Member' object has no attribute 'timed_out_until'
INFO:asu_discord.cogs.verification:Saved 4 roles to database for user esheade (Discord ID: 1482236075656351764)
INFO:asu_discord.cogs.verification:Refreshed Salesforce roles for Discord user 1482236075656351764: -4/+3 roles, assigned=[Arizona Resident, First Year, W.P. Carey School of Business, West Valley]
ERROR:cron.jobs:refresh_salesforce_roles: failed for alridley (Discord ID 1027279196432633926): Failed to refresh Salesforce-based roles: Discord user 1027279196432633926 is not a member of the guild
ERROR:cron.jobs:refresh_salesforce_roles: failed for arbhara3 (Discord ID 690341842524569622): Failed to refresh Salesforce-based roles: Discord user 690341842524569622 is not a member of the guild
Ignoring exception in on_member_update
Traceback (most recent call last):
  File "/usr/local/lib/python3.12/site-packages/discord/client.py", line 465, in _run_event
    await coro(*args, **kwargs)
  File "/app/asu_discord/cogs/analytics.py", line 652, in on_member_update
    before_timeout = before.timed_out_until
                     ^^^^^^^^^^^^^^^^^^^^^^
AttributeError: 'Member' object has no attribute 'timed_out_until'
Ignoring exception in on_member_update
Traceback (most recent call last):
  File "/usr/local/lib/python3.12/site-packages/discord/client.py", line 465, in _run_event
    await coro(*args, **kwargs)
  File "/app/asu_discord/cogs/analytics.py", line 652, in on_member_update
    before_timeout = before.timed_out_until
                     ^^^^^^^^^^^^^^^^^^^^^^
AttributeError: 'Member' object has no attribute 'timed_out_until'
Ignoring exception in on_member_update
Traceback (most recent call last):
  File "/usr/local/lib/python3.12/site-packages/discord/client.py", line 465, in _run_event
    await coro(*args, **kwargs)
  File "/app/asu_discord/cogs/analytics.py", line 652, in on_member_update
    before_timeout = before.timed_out_until
                     ^^^^^^^^^^^^^^^^^^^^^^
AttributeError: 'Member' object has no attribute 'timed_out_until'
Ignoring exception in on_member_update
Traceback (most recent call last):
  File "/usr/local/lib/python3.12/site-packages/discord/client.py", line 465, in _run_event
    await coro(*args, **kwargs)
  File "/app/asu_discord/cogs/analytics.py", line 652, in on_member_update
    before_timeout = before.timed_out_until
                     ^^^^^^^^^^^^^^^^^^^^^^
AttributeError: 'Member' object has no attribute 'timed_out_until'
Ignoring exception in on_member_update
Traceback (most recent call last):
  File "/usr/local/lib/python3.12/site-packages/discord/client.py", line 465, in _run_event
    await coro(*args, **kwargs)
  File "/app/asu_discord/cogs/analytics.py", line 652, in on_member_update
    before_timeout = before.timed_out_until
                     ^^^^^^^^^^^^^^^^^^^^^^
AttributeError: 'Member' object has no attribute 'timed_out_until'
Ignoring exception in on_member_update
Traceback (most recent call last):
  File "/usr/local/lib/python3.12/site-packages/discord/client.py", line 465, in _run_event
    await coro(*args, **kwargs)
  File "/app/asu_discord/cogs/analytics.py", line 652, in on_member_update
    before_timeout = before.timed_out_until
                     ^^^^^^^^^^^^^^^^^^^^^^
AttributeError: 'Member' object has no attribute 'timed_out_until'
Ignoring exception in on_member_update
Traceback (most recent call last):
  File "/usr/local/lib/python3.12/site-packages/discord/client.py", line 465, in _run_event
    await coro(*args, **kwargs)
  File "/app/asu_discord/cogs/analytics.py", line 652, in on_member_update
    before_timeout = before.timed_out_until
                     ^^^^^^^^^^^^^^^^^^^^^^
AttributeError: 'Member' object has no attribute 'timed_out_until'
Ignoring exception in on_member_update
Traceback (most recent call last):
  File "/usr/local/lib/python3.12/site-packages/discord/client.py", line 465, in _run_event
    await coro(*args, **kwargs)
  File "/app/asu_discord/cogs/analytics.py", line 652, in on_member_update
    before_timeout = before.timed_out_until
                     ^^^^^^^^^^^^^^^^^^^^^^
AttributeError: 'Member' object has no attribute 'timed_out_until'
INFO:asu_discord.cogs.verification:Saved 4 roles to database for user triver25 (Discord ID: 1482300772640096277)
INFO:asu_discord.cogs.verification:Refreshed Salesforce roles for Discord user 1482300772640096277: -4/+4 roles, assigned=[Arizona Resident, First Year, Herberger Institute for Design and the Arts, Tempe]
Ignoring exception in on_member_update
Traceback (most recent call last):
  File "/usr/local/lib/python3.12/site-packages/discord/client.py", line 465, in _run_event
    await coro(*args, **kwargs)
  File "/app/asu_discord/cogs/analytics.py", line 652, in on_member_update
    before_timeout = before.timed_out_until
                     ^^^^^^^^^^^^^^^^^^^^^^
AttributeError: 'Member' object has no attribute 'timed_out_until'
Ignoring exception in on_member_update
Traceback (most recent call last):
  File "/usr/local/lib/python3.12/site-packages/discord/client.py", line 465, in _run_event
    await coro(*args, **kwargs)
  File "/app/asu_discord/cogs/analytics.py", line 652, in on_member_update
    before_timeout = before.timed_out_until
                     ^^^^^^^^^^^^^^^^^^^^^^
AttributeError: 'Member' object has no attribute 'timed_out_until'
Ignoring exception in on_member_update
Traceback (most recent call last):
  File "/usr/local/lib/python3.12/site-packages/discord/client.py", line 465, in _run_event
    await coro(*args, **kwargs)
  File "/app/asu_discord/cogs/analytics.py", line 652, in on_member_update
    before_timeout = before.timed_out_until
                     ^^^^^^^^^^^^^^^^^^^^^^
AttributeError: 'Member' object has no attribute 'timed_out_until'
Ignoring exception in on_member_update
Traceback (most recent call last):
  File "/usr/local/lib/python3.12/site-packages/discord/client.py", line 465, in _run_event
    await coro(*args, **kwargs)
  File "/app/asu_discord/cogs/analytics.py", line 652, in on_member_update
    before_timeout = before.timed_out_until
                     ^^^^^^^^^^^^^^^^^^^^^^
AttributeError: 'Member' object has no attribute 'timed_out_until'
Ignoring exception in on_member_update
Traceback (most recent call last):
  File "/usr/local/lib/python3.12/site-packages/discord/client.py", line 465, in _run_event
    await coro(*args, **kwargs)
  File "/app/asu_discord/cogs/analytics.py", line 652, in on_member_update
    before_timeout = before.timed_out_until
                     ^^^^^^^^^^^^^^^^^^^^^^
AttributeError: 'Member' object has no attribute 'timed_out_until'
Ignoring exception in on_member_update
Traceback (most recent call last):
  File "/usr/local/lib/python3.12/site-packages/discord/client.py", line 465, in _run_event
    await coro(*args, **kwargs)
  File "/app/asu_discord/cogs/analytics.py", line 652, in on_member_update
    before_timeout = before.timed_out_until
                     ^^^^^^^^^^^^^^^^^^^^^^
AttributeError: 'Member' object has no attribute 'timed_out_until'
Ignoring exception in on_member_update
Traceback (most recent call last):
  File "/usr/local/lib/python3.12/site-packages/discord/client.py", line 465, in _run_event
    await coro(*args, **kwargs)
  File "/app/asu_discord/cogs/analytics.py", line 652, in on_member_update
    before_timeout = before.timed_out_until
                     ^^^^^^^^^^^^^^^^^^^^^^
AttributeError: 'Member' object has no attribute 'timed_out_until'
Ignoring exception in on_member_update
Traceback (most recent call last):
  File "/usr/local/lib/python3.12/site-packages/discord/client.py", line 465, in _run_event
    await coro(*args, **kwargs)
  File "/app/asu_discord/cogs/analytics.py", line 652, in on_member_update
    before_timeout = before.timed_out_until
                     ^^^^^^^^^^^^^^^^^^^^^^
AttributeError: 'Member' object has no attribute 'timed_out_until'
Ignoring exception in on_member_update
Traceback (most recent call last):
  File "/usr/local/lib/python3.12/site-packages/discord/client.py", line 465, in _run_event
    await coro(*args, **kwargs)
  File "/app/asu_discord/cogs/analytics.py", line 652, in on_member_update
    before_timeout = before.timed_out_until
                     ^^^^^^^^^^^^^^^^^^^^^^
AttributeError: 'Member' object has no attribute 'timed_out_until'
Ignoring exception in on_member_update
Traceback (most recent call last):
  File "/usr/local/lib/python3.12/site-packages/discord/client.py", line 465, in _run_event
    await coro(*args, **kwargs)
  File "/app/asu_discord/cogs/analytics.py", line 652, in on_member_update
    before_timeout = before.timed_out_until
                     ^^^^^^^^^^^^^^^^^^^^^^
AttributeError: 'Member' object has no attribute 'timed_out_until'
INFO:asu_discord.cogs.verification:Saved 5 roles to database for user jaydenja (Discord ID: 722696372712636418)
INFO:asu_discord.cogs.verification:Refreshed Salesforce roles for Discord user 722696372712636418: -5/+5 roles, assigned=[Commited, International Student, Ira A. Fulton Schools of Engineering, Tempe, Transfer Student]
Ignoring exception in on_member_update
Traceback (most recent call last):
  File "/usr/local/lib/python3.12/site-packages/discord/client.py", line 465, in _run_event
    await coro(*args, **kwargs)
  File "/app/asu_discord/cogs/analytics.py", line 652, in on_member_update
    before_timeout = before.timed_out_until
                     ^^^^^^^^^^^^^^^^^^^^^^
AttributeError: 'Member' object has no attribute 'timed_out_until'
Ignoring exception in on_member_update
Traceback (most recent call last):
  File "/usr/local/lib/python3.12/site-packages/discord/client.py", line 465, in _run_event
    await coro(*args, **kwargs)
  File "/app/asu_discord/cogs/analytics.py", line 652, in on_member_update
    before_timeout = before.timed_out_until
                     ^^^^^^^^^^^^^^^^^^^^^^
AttributeError: 'Member' object has no attribute 'timed_out_until'
Ignoring exception in on_member_update
Traceback (most recent call last):
  File "/usr/local/lib/python3.12/site-packages/discord/client.py", line 465, in _run_event
    await coro(*args, **kwargs)
  File "/app/asu_discord/cogs/analytics.py", line 652, in on_member_update
    before_timeout = before.timed_out_until
                     ^^^^^^^^^^^^^^^^^^^^^^
AttributeError: 'Member' object has no attribute 'timed_out_until'
Ignoring exception in on_member_update
Traceback (most recent call last):
  File "/usr/local/lib/python3.12/site-packages/discord/client.py", line 465, in _run_event
    await coro(*args, **kwargs)
  File "/app/asu_discord/cogs/analytics.py", line 652, in on_member_update
    before_timeout = before.timed_out_until
                     ^^^^^^^^^^^^^^^^^^^^^^
AttributeError: 'Member' object has no attribute 'timed_out_until'
Ignoring exception in on_member_update
Traceback (most recent call last):
  File "/usr/local/lib/python3.12/site-packages/discord/client.py", line 465, in _run_event
    await coro(*args, **kwargs)
  File "/app/asu_discord/cogs/analytics.py", line 652, in on_member_update
    before_timeout = before.timed_out_until
                     ^^^^^^^^^^^^^^^^^^^^^^
AttributeError: 'Member' object has no attribute 'timed_out_until'
Ignoring exception in on_member_update
Traceback (most recent call last):
  File "/usr/local/lib/python3.12/site-packages/discord/client.py", line 465, in _run_event
    await coro(*args, **kwargs)
  File "/app/asu_discord/cogs/analytics.py", line 652, in on_member_update
    before_timeout = before.timed_out_until
                     ^^^^^^^^^^^^^^^^^^^^^^
AttributeError: 'Member' object has no attribute 'timed_out_until'
Ignoring exception in on_member_update
Traceback (most recent call last):
  File "/usr/local/lib/python3.12/site-packages/discord/client.py", line 465, in _run_event
    await coro(*args, **kwargs)
  File "/app/asu_discord/cogs/analytics.py", line 652, in on_member_update
    before_timeout = before.timed_out_until
                     ^^^^^^^^^^^^^^^^^^^^^^
AttributeError: 'Member' object has no attribute 'timed_out_until'
Ignoring exception in on_member_update
Traceback (most recent call last):
  File "/usr/local/lib/python3.12/site-packages/discord/client.py", line 465, in _run_event
    await coro(*args, **kwargs)
  File "/app/asu_discord/cogs/analytics.py", line 652, in on_member_update
    before_timeout = before.timed_out_until
                     ^^^^^^^^^^^^^^^^^^^^^^
AttributeError: 'Member' object has no attribute 'timed_out_until'
Ignoring exception in on_member_update
Traceback (most recent call last):
  File "/usr/local/lib/python3.12/site-packages/discord/client.py", line 465, in _run_event
    await coro(*args, **kwargs)
  File "/app/asu_discord/cogs/analytics.py", line 652, in on_member_update
    before_timeout = before.timed_out_until
                     ^^^^^^^^^^^^^^^^^^^^^^
AttributeError: 'Member' object has no attribute 'timed_out_until'
Ignoring exception in on_member_update
Traceback (most recent call last):
  File "/usr/local/lib/python3.12/site-packages/discord/client.py", line 465, in _run_event
    await coro(*args, **kwargs)
  File "/app/asu_discord/cogs/analytics.py", line 652, in on_member_update
    before_timeout = before.timed_out_until
                     ^^^^^^^^^^^^^^^^^^^^^^
AttributeError: 'Member' object has no attribute 'timed_out_until'
Ignoring exception in on_member_update
Traceback (most recent call last):
  File "/usr/local/lib/python3.12/site-packages/discord/client.py", line 465, in _run_event
    await coro(*args, **kwargs)
  File "/app/asu_discord/cogs/analytics.py", line 652, in on_member_update
    before_timeout = before.timed_out_until
                     ^^^^^^^^^^^^^^^^^^^^^^
AttributeError: 'Member' object has no attribute 'timed_out_until'
Ignoring exception in on_member_update
Traceback (most recent call last):
  File "/usr/local/lib/python3.12/site-packages/discord/client.py", line 465, in _run_event
    await coro(*args, **kwargs)
  File "/app/asu_discord/cogs/analytics.py", line 652, in on_member_update
    before_timeout = before.timed_out_until
                     ^^^^^^^^^^^^^^^^^^^^^^
AttributeError: 'Member' object has no attribute 'timed_out_until'
INFO:asu_discord.cogs.verification:Saved 6 roles to database for user dcarte60 (Discord ID: 1480724663071146058)
INFO:asu_discord.cogs.verification:Refreshed Salesforce roles for Discord user 1480724663071146058: -5/+6 roles, assigned=[Arizona Resident, College of Health Solutions, Commited, Downtown Phoenix, First Year, Tempe]
Ignoring exception in on_member_update
Traceback (most recent call last):
  File "/usr/local/lib/python3.12/site-packages/discord/client.py", line 465, in _run_event
    await coro(*args, **kwargs)
  File "/app/asu_discord/cogs/analytics.py", line 652, in on_member_update
    before_timeout = before.timed_out_until
                     ^^^^^^^^^^^^^^^^^^^^^^
AttributeError: 'Member' object has no attribute 'timed_out_until'
Ignoring exception in on_member_update
Traceback (most recent call last):
  File "/usr/local/lib/python3.12/site-packages/discord/client.py", line 465, in _run_event
    await coro(*args, **kwargs)
  File "/app/asu_discord/cogs/analytics.py", line 652, in on_member_update
    before_timeout = before.timed_out_until
                     ^^^^^^^^^^^^^^^^^^^^^^
AttributeError: 'Member' object has no attribute 'timed_out_until'
Ignoring exception in on_member_update
Traceback (most recent call last):
  File "/usr/local/lib/python3.12/site-packages/discord/client.py", line 465, in _run_event
    await coro(*args, **kwargs)
  File "/app/asu_discord/cogs/analytics.py", line 652, in on_member_update
    before_timeout = before.timed_out_until
                     ^^^^^^^^^^^^^^^^^^^^^^
AttributeError: 'Member' object has no attribute 'timed_out_until'
Ignoring exception in on_member_update
Traceback (most recent call last):
  File "/usr/local/lib/python3.12/site-packages/discord/client.py", line 465, in _run_event
    await coro(*args, **kwargs)
  File "/app/asu_discord/cogs/analytics.py", line 652, in on_member_update
    before_timeout = before.timed_out_until
                     ^^^^^^^^^^^^^^^^^^^^^^
AttributeError: 'Member' object has no attribute 'timed_out_until'
Ignoring exception in on_member_update
Traceback (most recent call last):
  File "/usr/local/lib/python3.12/site-packages/discord/client.py", line 465, in _run_event
    await coro(*args, **kwargs)
  File "/app/asu_discord/cogs/analytics.py", line 652, in on_member_update
    before_timeout = before.timed_out_until
                     ^^^^^^^^^^^^^^^^^^^^^^
AttributeError: 'Member' object has no attribute 'timed_out_until'
Ignoring exception in on_member_update
Traceback (most recent call last):
  File "/usr/local/lib/python3.12/site-packages/discord/client.py", line 465, in _run_event
    await coro(*args, **kwargs)
  File "/app/asu_discord/cogs/analytics.py", line 652, in on_member_update
    before_timeout = before.timed_out_until
                     ^^^^^^^^^^^^^^^^^^^^^^
AttributeError: 'Member' object has no attribute 'timed_out_until'
Ignoring exception in on_member_update
Traceback (most recent call last):
  File "/usr/local/lib/python3.12/site-packages/discord/client.py", line 465, in _run_event
    await coro(*args, **kwargs)
  File "/app/asu_discord/cogs/analytics.py", line 652, in on_member_update
    before_timeout = before.timed_out_until
                     ^^^^^^^^^^^^^^^^^^^^^^
AttributeError: 'Member' object has no attribute 'timed_out_until'
Ignoring exception in on_member_update
Traceback (most recent call last):
  File "/usr/local/lib/python3.12/site-packages/discord/client.py", line 465, in _run_event
    await coro(*args, **kwargs)
  File "/app/asu_discord/cogs/analytics.py", line 652, in on_member_update
    before_timeout = before.timed_out_until
                     ^^^^^^^^^^^^^^^^^^^^^^
AttributeError: 'Member' object has no attribute 'timed_out_until'
Ignoring exception in on_member_update
Traceback (most recent call last):
  File "/usr/local/lib/python3.12/site-packages/discord/client.py", line 465, in _run_event
    await coro(*args, **kwargs)
  File "/app/asu_discord/cogs/analytics.py", line 652, in on_member_update
    before_timeout = before.timed_out_until
                     ^^^^^^^^^^^^^^^^^^^^^^
AttributeError: 'Member' object has no attribute 'timed_out_until'
Ignoring exception in on_member_update
Traceback (most recent call last):
  File "/usr/local/lib/python3.12/site-packages/discord/client.py", line 465, in _run_event
    await coro(*args, **kwargs)
  File "/app/asu_discord/cogs/analytics.py", line 652, in on_member_update
    before_timeout = before.timed_out_until
                     ^^^^^^^^^^^^^^^^^^^^^^
AttributeError: 'Member' object has no attribute 'timed_out_until'
INFO:asu_discord.cogs.verification:Saved 5 roles to database for user ofvallej (Discord ID: 1288289402157793354)
INFO:asu_discord.cogs.verification:Refreshed Salesforce roles for Discord user 1288289402157793354: -5/+5 roles, assigned=[Commited, First Year, International Student, Ira A. Fulton Schools of Engineering, Tempe]
ERROR:cron.jobs:refresh_salesforce_roles: failed for lmurnagh (Discord ID 724051920888659999): Failed to refresh Salesforce-based roles: Discord user 724051920888659999 is not a member of the guild
Ignoring exception in on_member_update
Traceback (most recent call last):
  File "/usr/local/lib/python3.12/site-packages/discord/client.py", line 465, in _run_event
    await coro(*args, **kwargs)
  File "/app/asu_discord/cogs/analytics.py", line 652, in on_member_update
    before_timeout = before.timed_out_until
                     ^^^^^^^^^^^^^^^^^^^^^^
AttributeError: 'Member' object has no attribute 'timed_out_until'
Ignoring exception in on_member_update
Traceback (most recent call last):
  File "/usr/local/lib/python3.12/site-packages/discord/client.py", line 465, in _run_event
    await coro(*args, **kwargs)
  File "/app/asu_discord/cogs/analytics.py", line 652, in on_member_update
    before_timeout = before.timed_out_until
                     ^^^^^^^^^^^^^^^^^^^^^^
AttributeError: 'Member' object has no attribute 'timed_out_until'
Ignoring exception in on_member_update
Traceback (most recent call last):
  File "/usr/local/lib/python3.12/site-packages/discord/client.py", line 465, in _run_event
    await coro(*args, **kwargs)
  File "/app/asu_discord/cogs/analytics.py", line 652, in on_member_update
    before_timeout = before.timed_out_until
                     ^^^^^^^^^^^^^^^^^^^^^^
AttributeError: 'Member' object has no attribute 'timed_out_until'
Ignoring exception in on_member_update
Traceback (most recent call last):
  File "/usr/local/lib/python3.12/site-packages/discord/client.py", line 465, in _run_event
    await coro(*args, **kwargs)
  File "/app/asu_discord/cogs/analytics.py", line 652, in on_member_update
    before_timeout = before.timed_out_until
                     ^^^^^^^^^^^^^^^^^^^^^^
AttributeError: 'Member' object has no attribute 'timed_out_until'
Ignoring exception in on_member_update
Traceback (most recent call last):
  File "/usr/local/lib/python3.12/site-packages/discord/client.py", line 465, in _run_event
    await coro(*args, **kwargs)
  File "/app/asu_discord/cogs/analytics.py", line 652, in on_member_update
    before_timeout = before.timed_out_until
                     ^^^^^^^^^^^^^^^^^^^^^^
AttributeError: 'Member' object has no attribute 'timed_out_until'
Ignoring exception in on_member_update
Traceback (most recent call last):
  File "/usr/local/lib/python3.12/site-packages/discord/client.py", line 465, in _run_event
    await coro(*args, **kwargs)
  File "/app/asu_discord/cogs/analytics.py", line 652, in on_member_update
    before_timeout = before.timed_out_until
                     ^^^^^^^^^^^^^^^^^^^^^^
AttributeError: 'Member' object has no attribute 'timed_out_until'
Ignoring exception in on_member_update
Traceback (most recent call last):
  File "/usr/local/lib/python3.12/site-packages/discord/client.py", line 465, in _run_event
    await coro(*args, **kwargs)
  File "/app/asu_discord/cogs/analytics.py", line 652, in on_member_update
    before_timeout = before.timed_out_until
                     ^^^^^^^^^^^^^^^^^^^^^^
AttributeError: 'Member' object has no attribute 'timed_out_until'
Ignoring exception in on_member_update
Traceback (most recent call last):
  File "/usr/local/lib/python3.12/site-packages/discord/client.py", line 465, in _run_event
    await coro(*args, **kwargs)
  File "/app/asu_discord/cogs/analytics.py", line 652, in on_member_update
    before_timeout = before.timed_out_until
                     ^^^^^^^^^^^^^^^^^^^^^^
AttributeError: 'Member' object has no attribute 'timed_out_until'
Ignoring exception in on_member_update
Traceback (most recent call last):
  File "/usr/local/lib/python3.12/site-packages/discord/client.py", line 465, in _run_event
    await coro(*args, **kwargs)
  File "/app/asu_discord/cogs/analytics.py", line 652, in on_member_update
    before_timeout = before.timed_out_until
                     ^^^^^^^^^^^^^^^^^^^^^^
AttributeError: 'Member' object has no attribute 'timed_out_until'
Ignoring exception in on_member_update
Traceback (most recent call last):
  File "/usr/local/lib/python3.12/site-packages/discord/client.py", line 465, in _run_event
    await coro(*args, **kwargs)
  File "/app/asu_discord/cogs/analytics.py", line 652, in on_member_update
    before_timeout = before.timed_out_until
                     ^^^^^^^^^^^^^^^^^^^^^^
AttributeError: 'Member' object has no attribute 'timed_out_until'
INFO:asu_discord.cogs.verification:Saved 5 roles to database for user wenlelee (Discord ID: 691988857406619688)
INFO:asu_discord.cogs.verification:Refreshed Salesforce roles for Discord user 691988857406619688: -5/+5 roles, assigned=[Commited, International Student, Ira A. Fulton Schools of Engineering, Tempe, Transfer Student]
Ignoring exception in on_member_update
Traceback (most recent call last):
  File "/usr/local/lib/python3.12/site-packages/discord/client.py", line 465, in _run_event
    await coro(*args, **kwargs)
  File "/app/asu_discord/cogs/analytics.py", line 652, in on_member_update
    before_timeout = before.timed_out_until
                     ^^^^^^^^^^^^^^^^^^^^^^
AttributeError: 'Member' object has no attribute 'timed_out_until'
Ignoring exception in on_member_update
Traceback (most recent call last):
  File "/usr/local/lib/python3.12/site-packages/discord/client.py", line 465, in _run_event
    await coro(*args, **kwargs)
  File "/app/asu_discord/cogs/analytics.py", line 652, in on_member_update
    before_timeout = before.timed_out_until
                     ^^^^^^^^^^^^^^^^^^^^^^
AttributeError: 'Member' object has no attribute 'timed_out_until'
Ignoring exception in on_member_update
Traceback (most recent call last):
  File "/usr/local/lib/python3.12/site-packages/discord/client.py", line 465, in _run_event
    await coro(*args, **kwargs)
  File "/app/asu_discord/cogs/analytics.py", line 652, in on_member_update
    before_timeout = before.timed_out_until
                     ^^^^^^^^^^^^^^^^^^^^^^
AttributeError: 'Member' object has no attribute 'timed_out_until'
Ignoring exception in on_member_update
Traceback (most recent call last):
  File "/usr/local/lib/python3.12/site-packages/discord/client.py", line 465, in _run_event
    await coro(*args, **kwargs)
  File "/app/asu_discord/cogs/analytics.py", line 652, in on_member_update
    before_timeout = before.timed_out_until
                     ^^^^^^^^^^^^^^^^^^^^^^
AttributeError: 'Member' object has no attribute 'timed_out_until'
Ignoring exception in on_member_update
Traceback (most recent call last):
  File "/usr/local/lib/python3.12/site-packages/discord/client.py", line 465, in _run_event
    await coro(*args, **kwargs)
  File "/app/asu_discord/cogs/analytics.py", line 652, in on_member_update
    before_timeout = before.timed_out_until
                     ^^^^^^^^^^^^^^^^^^^^^^
AttributeError: 'Member' object has no attribute 'timed_out_until'
Ignoring exception in on_member_update
Traceback (most recent call last):
  File "/usr/local/lib/python3.12/site-packages/discord/client.py", line 465, in _run_event
    await coro(*args, **kwargs)
  File "/app/asu_discord/cogs/analytics.py", line 652, in on_member_update
    before_timeout = before.timed_out_until
                     ^^^^^^^^^^^^^^^^^^^^^^
AttributeError: 'Member' object has no attribute 'timed_out_until'
Ignoring exception in on_member_update
Traceback (most recent call last):
  File "/usr/local/lib/python3.12/site-packages/discord/client.py", line 465, in _run_event
    await coro(*args, **kwargs)
  File "/app/asu_discord/cogs/analytics.py", line 652, in on_member_update
    before_timeout = before.timed_out_until
                     ^^^^^^^^^^^^^^^^^^^^^^
AttributeError: 'Member' object has no attribute 'timed_out_until'
Ignoring exception in on_member_update
Traceback (most recent call last):
  File "/usr/local/lib/python3.12/site-packages/discord/client.py", line 465, in _run_event
    await coro(*args, **kwargs)
  File "/app/asu_discord/cogs/analytics.py", line 652, in on_member_update
    before_timeout = before.timed_out_until
                     ^^^^^^^^^^^^^^^^^^^^^^
AttributeError: 'Member' object has no attribute 'timed_out_until'
Ignoring exception in on_member_update
Traceback (most recent call last):
  File "/usr/local/lib/python3.12/site-packages/discord/client.py", line 465, in _run_event
    await coro(*args, **kwargs)
  File "/app/asu_discord/cogs/analytics.py", line 652, in on_member_update
    before_timeout = before.timed_out_until
                     ^^^^^^^^^^^^^^^^^^^^^^
AttributeError: 'Member' object has no attribute 'timed_out_until'
Ignoring exception in on_member_update
Traceback (most recent call last):
  File "/usr/local/lib/python3.12/site-packages/discord/client.py", line 465, in _run_event
    await coro(*args, **kwargs)
  File "/app/asu_discord/cogs/analytics.py", line 652, in on_member_update
    before_timeout = before.timed_out_until
                     ^^^^^^^^^^^^^^^^^^^^^^
AttributeError: 'Member' object has no attribute 'timed_out_until'
INFO:asu_discord.cogs.verification:Saved 5 roles to database for user mbestwin (Discord ID: 750346991216623706)
INFO:asu_discord.cogs.verification:Refreshed Salesforce roles for Discord user 750346991216623706: -5/+5 roles, assigned=[Arizona Resident, Commited, First Year, Ira A. Fulton Schools of Engineering, Tempe]
Ignoring exception in on_member_update
Traceback (most recent call last):
  File "/usr/local/lib/python3.12/site-packages/discord/client.py", line 465, in _run_event
    await coro(*args, **kwargs)
  File "/app/asu_discord/cogs/analytics.py", line 652, in on_member_update
    before_timeout = before.timed_out_until
                     ^^^^^^^^^^^^^^^^^^^^^^
AttributeError: 'Member' object has no attribute 'timed_out_until'
Ignoring exception in on_member_update
Traceback (most recent call last):
  File "/usr/local/lib/python3.12/site-packages/discord/client.py", line 465, in _run_event
    await coro(*args, **kwargs)
  File "/app/asu_discord/cogs/analytics.py", line 652, in on_member_update
    before_timeout = before.timed_out_until
                     ^^^^^^^^^^^^^^^^^^^^^^
AttributeError: 'Member' object has no attribute 'timed_out_until'
Ignoring exception in on_member_update
Traceback (most recent call last):
  File "/usr/local/lib/python3.12/site-packages/discord/client.py", line 465, in _run_event
    await coro(*args, **kwargs)
  File "/app/asu_discord/cogs/analytics.py", line 652, in on_member_update
    before_timeout = before.timed_out_until
                     ^^^^^^^^^^^^^^^^^^^^^^
AttributeError: 'Member' object has no attribute 'timed_out_until'
Ignoring exception in on_member_update
Traceback (most recent call last):
  File "/usr/local/lib/python3.12/site-packages/discord/client.py", line 465, in _run_event
    await coro(*args, **kwargs)
  File "/app/asu_discord/cogs/analytics.py", line 652, in on_member_update
    before_timeout = before.timed_out_until
                     ^^^^^^^^^^^^^^^^^^^^^^
AttributeError: 'Member' object has no attribute 'timed_out_until'
Ignoring exception in on_member_update
Traceback (most recent call last):
  File "/usr/local/lib/python3.12/site-packages/discord/client.py", line 465, in _run_event
    await coro(*args, **kwargs)
  File "/app/asu_discord/cogs/analytics.py", line 652, in on_member_update
    before_timeout = before.timed_out_until
                     ^^^^^^^^^^^^^^^^^^^^^^
AttributeError: 'Member' object has no attribute 'timed_out_until'
Ignoring exception in on_member_update
Traceback (most recent call last):
  File "/usr/local/lib/python3.12/site-packages/discord/client.py", line 465, in _run_event
    await coro(*args, **kwargs)
  File "/app/asu_discord/cogs/analytics.py", line 652, in on_member_update
    before_timeout = before.timed_out_until
                     ^^^^^^^^^^^^^^^^^^^^^^
AttributeError: 'Member' object has no attribute 'timed_out_until'
Ignoring exception in on_member_update
Traceback (most recent call last):
  File "/usr/local/lib/python3.12/site-packages/discord/client.py", line 465, in _run_event
    await coro(*args, **kwargs)
  File "/app/asu_discord/cogs/analytics.py", line 652, in on_member_update
    before_timeout = before.timed_out_until
                     ^^^^^^^^^^^^^^^^^^^^^^
AttributeError: 'Member' object has no attribute 'timed_out_until'
Ignoring exception in on_member_update
Traceback (most recent call last):
  File "/usr/local/lib/python3.12/site-packages/discord/client.py", line 465, in _run_event
    await coro(*args, **kwargs)
  File "/app/asu_discord/cogs/analytics.py", line 652, in on_member_update
    before_timeout = before.timed_out_until
                     ^^^^^^^^^^^^^^^^^^^^^^
AttributeError: 'Member' object has no attribute 'timed_out_until'
Ignoring exception in on_member_update
Traceback (most recent call last):
  File "/usr/local/lib/python3.12/site-packages/discord/client.py", line 465, in _run_event
    await coro(*args, **kwargs)
  File "/app/asu_discord/cogs/analytics.py", line 652, in on_member_update
    before_timeout = before.timed_out_until
                     ^^^^^^^^^^^^^^^^^^^^^^
AttributeError: 'Member' object has no attribute 'timed_out_until'
INFO:asu_discord.cogs.verification:Saved 5 roles to database for user jsteime1 (Discord ID: 1482588799396479057)
INFO:asu_discord.cogs.verification:Refreshed Salesforce roles for Discord user 1482588799396479057: -4/+5 roles, assigned=[Arizona Resident, Commited, First Year, Ira A. Fulton Schools of Engineering, Tempe]
Ignoring exception in on_member_update
Traceback (most recent call last):
  File "/usr/local/lib/python3.12/site-packages/discord/client.py", line 465, in _run_event
    await coro(*args, **kwargs)
  File "/app/asu_discord/cogs/analytics.py", line 652, in on_member_update
    before_timeout = before.timed_out_until
                     ^^^^^^^^^^^^^^^^^^^^^^
AttributeError: 'Member' object has no attribute 'timed_out_until'
Ignoring exception in on_member_update
Traceback (most recent call last):
  File "/usr/local/lib/python3.12/site-packages/discord/client.py", line 465, in _run_event
    await coro(*args, **kwargs)
  File "/app/asu_discord/cogs/analytics.py", line 652, in on_member_update
    before_timeout = before.timed_out_until
                     ^^^^^^^^^^^^^^^^^^^^^^
AttributeError: 'Member' object has no attribute 'timed_out_until'
Ignoring exception in on_member_update
Traceback (most recent call last):
  File "/usr/local/lib/python3.12/site-packages/discord/client.py", line 465, in _run_event
    await coro(*args, **kwargs)
  File "/app/asu_discord/cogs/analytics.py", line 652, in on_member_update
    before_timeout = before.timed_out_until
                     ^^^^^^^^^^^^^^^^^^^^^^
AttributeError: 'Member' object has no attribute 'timed_out_until'
Ignoring exception in on_member_update
Traceback (most recent call last):
  File "/usr/local/lib/python3.12/site-packages/discord/client.py", line 465, in _run_event
    await coro(*args, **kwargs)
  File "/app/asu_discord/cogs/analytics.py", line 652, in on_member_update
    before_timeout = before.timed_out_until
                     ^^^^^^^^^^^^^^^^^^^^^^
AttributeError: 'Member' object has no attribute 'timed_out_until'
Ignoring exception in on_member_update
Traceback (most recent call last):
  File "/usr/local/lib/python3.12/site-packages/discord/client.py", line 465, in _run_event
    await coro(*args, **kwargs)
  File "/app/asu_discord/cogs/analytics.py", line 652, in on_member_update
    before_timeout = before.timed_out_until
                     ^^^^^^^^^^^^^^^^^^^^^^
AttributeError: 'Member' object has no attribute 'timed_out_until'
Ignoring exception in on_member_update
Traceback (most recent call last):
  File "/usr/local/lib/python3.12/site-packages/discord/client.py", line 465, in _run_event
    await coro(*args, **kwargs)
  File "/app/asu_discord/cogs/analytics.py", line 652, in on_member_update
    before_timeout = before.timed_out_until
                     ^^^^^^^^^^^^^^^^^^^^^^
AttributeError: 'Member' object has no attribute 'timed_out_until'
Ignoring exception in on_member_update
Traceback (most recent call last):
  File "/usr/local/lib/python3.12/site-packages/discord/client.py", line 465, in _run_event
    await coro(*args, **kwargs)
  File "/app/asu_discord/cogs/analytics.py", line 652, in on_member_update
    before_timeout = before.timed_out_until
                     ^^^^^^^^^^^^^^^^^^^^^^
AttributeError: 'Member' object has no attribute 'timed_out_until'
Ignoring exception in on_member_update
Traceback (most recent call last):
  File "/usr/local/lib/python3.12/site-packages/discord/client.py", line 465, in _run_event
    await coro(*args, **kwargs)
  File "/app/asu_discord/cogs/analytics.py", line 652, in on_member_update
    before_timeout = before.timed_out_until
                     ^^^^^^^^^^^^^^^^^^^^^^
AttributeError: 'Member' object has no attribute 'timed_out_until'
Ignoring exception in on_member_update
Traceback (most recent call last):
  File "/usr/local/lib/python3.12/site-packages/discord/client.py", line 465, in _run_event
    await coro(*args, **kwargs)
  File "/app/asu_discord/cogs/analytics.py", line 652, in on_member_update
    before_timeout = before.timed_out_until
                     ^^^^^^^^^^^^^^^^^^^^^^
AttributeError: 'Member' object has no attribute 'timed_out_until'
Ignoring exception in on_member_update
Traceback (most recent call last):
  File "/usr/local/lib/python3.12/site-packages/discord/client.py", line 465, in _run_event
    await coro(*args, **kwargs)
  File "/app/asu_discord/cogs/analytics.py", line 652, in on_member_update
    before_timeout = before.timed_out_until
                     ^^^^^^^^^^^^^^^^^^^^^^
AttributeError: 'Member' object has no attribute 'timed_out_until'
INFO:asu_discord.cogs.verification:Saved 5 roles to database for user bhaworth (Discord ID: 1482608386276200578)
INFO:asu_discord.cogs.verification:Refreshed Salesforce roles for Discord user 1482608386276200578: -5/+5 roles, assigned=[Arizona Resident, Commited, First Year, Polytechnic, W.P. Carey School of Business]
Ignoring exception in on_member_update
Traceback (most recent call last):
  File "/usr/local/lib/python3.12/site-packages/discord/client.py", line 465, in _run_event
    await coro(*args, **kwargs)
  File "/app/asu_discord/cogs/analytics.py", line 652, in on_member_update
    before_timeout = before.timed_out_until
                     ^^^^^^^^^^^^^^^^^^^^^^
AttributeError: 'Member' object has no attribute 'timed_out_until'
Ignoring exception in on_member_update
Traceback (most recent call last):
  File "/usr/local/lib/python3.12/site-packages/discord/client.py", line 465, in _run_event
    await coro(*args, **kwargs)
  File "/app/asu_discord/cogs/analytics.py", line 652, in on_member_update
    before_timeout = before.timed_out_until
                     ^^^^^^^^^^^^^^^^^^^^^^
AttributeError: 'Member' object has no attribute 'timed_out_until'
Ignoring exception in on_member_update
Traceback (most recent call last):
  File "/usr/local/lib/python3.12/site-packages/discord/client.py", line 465, in _run_event
    await coro(*args, **kwargs)
  File "/app/asu_discord/cogs/analytics.py", line 652, in on_member_update
    before_timeout = before.timed_out_until
                     ^^^^^^^^^^^^^^^^^^^^^^
AttributeError: 'Member' object has no attribute 'timed_out_until'
Ignoring exception in on_member_update
Traceback (most recent call last):
  File "/usr/local/lib/python3.12/site-packages/discord/client.py", line 465, in _run_event
    await coro(*args, **kwargs)
  File "/app/asu_discord/cogs/analytics.py", line 652, in on_member_update
    before_timeout = before.timed_out_until
                     ^^^^^^^^^^^^^^^^^^^^^^
AttributeError: 'Member' object has no attribute 'timed_out_until'
Ignoring exception in on_member_update
Traceback (most recent call last):
  File "/usr/local/lib/python3.12/site-packages/discord/client.py", line 465, in _run_event
    await coro(*args, **kwargs)
  File "/app/asu_discord/cogs/analytics.py", line 652, in on_member_update
    before_timeout = before.timed_out_until
                     ^^^^^^^^^^^^^^^^^^^^^^
AttributeError: 'Member' object has no attribute 'timed_out_until'
Ignoring exception in on_member_update
Traceback (most recent call last):
  File "/usr/local/lib/python3.12/site-packages/discord/client.py", line 465, in _run_event
    await coro(*args, **kwargs)
  File "/app/asu_discord/cogs/analytics.py", line 652, in on_member_update
    before_timeout = before.timed_out_until
                     ^^^^^^^^^^^^^^^^^^^^^^
AttributeError: 'Member' object has no attribute 'timed_out_until'
Ignoring exception in on_member_update
Traceback (most recent call last):
  File "/usr/local/lib/python3.12/site-packages/discord/client.py", line 465, in _run_event
    await coro(*args, **kwargs)
  File "/app/asu_discord/cogs/analytics.py", line 652, in on_member_update
    before_timeout = before.timed_out_until
                     ^^^^^^^^^^^^^^^^^^^^^^
AttributeError: 'Member' object has no attribute 'timed_out_until'
Ignoring exception in on_member_update
Traceback (most recent call last):
  File "/usr/local/lib/python3.12/site-packages/discord/client.py", line 465, in _run_event
    await coro(*args, **kwargs)
  File "/app/asu_discord/cogs/analytics.py", line 652, in on_member_update
    before_timeout = before.timed_out_until
                     ^^^^^^^^^^^^^^^^^^^^^^
AttributeError: 'Member' object has no attribute 'timed_out_until'
INFO:asu_discord.cogs.verification:Saved 4 roles to database for user malbathi (Discord ID: 732737300915683378)
INFO:asu_discord.cogs.verification:Refreshed Salesforce roles for Discord user 732737300915683378: -4/+4 roles, assigned=[International Student, Tempe, Transfer Student, W.P. Carey School of Business]
Ignoring exception in on_member_update
Traceback (most recent call last):
  File "/usr/local/lib/python3.12/site-packages/discord/client.py", line 465, in _run_event
    await coro(*args, **kwargs)
  File "/app/asu_discord/cogs/analytics.py", line 652, in on_member_update
    before_timeout = before.timed_out_until
                     ^^^^^^^^^^^^^^^^^^^^^^
AttributeError: 'Member' object has no attribute 'timed_out_until'
Ignoring exception in on_member_update
Traceback (most recent call last):
  File "/usr/local/lib/python3.12/site-packages/discord/client.py", line 465, in _run_event
    await coro(*args, **kwargs)
  File "/app/asu_discord/cogs/analytics.py", line 652, in on_member_update
    before_timeout = before.timed_out_until
                     ^^^^^^^^^^^^^^^^^^^^^^
AttributeError: 'Member' object has no attribute 'timed_out_until'
INFO:discord.gateway:Websocket closed with 1006, attempting a reconnect.
INFO:discord.client:Got a request to RESUME the websocket.
INFO:discord.gateway:Shard ID None has sent the RESUME payload.
INFO:discord.gateway:Shard ID None has successfully RESUMED session 6e3407fd591f617e4a33b69139a85b12 under trace ["gateway-prd-arm-us-east1-c-jcjz",{"micros":644,"calls":["id_created",{"micros":0,"calls":[]},"session_lookup_time",{"micros":260,"calls":[]},"session_lookup_finished",{"micros":8,"calls":[]},"sessions-prd-gcp-us-east1-b-23",{"micros":24}]}].
Ignoring exception in on_member_update
Traceback (most recent call last):
  File "/usr/local/lib/python3.12/site-packages/discord/client.py", line 465, in _run_event
    await coro(*args, **kwargs)
  File "/app/asu_discord/cogs/analytics.py", line 652, in on_member_update
    before_timeout = before.timed_out_until
                     ^^^^^^^^^^^^^^^^^^^^^^
AttributeError: 'Member' object has no attribute 'timed_out_until'
Ignoring exception in on_member_update
Traceback (most recent call last):
  File "/usr/local/lib/python3.12/site-packages/discord/client.py", line 465, in _run_event
    await coro(*args, **kwargs)
  File "/app/asu_discord/cogs/analytics.py", line 652, in on_member_update
    before_timeout = before.timed_out_until
                     ^^^^^^^^^^^^^^^^^^^^^^
AttributeError: 'Member' object has no attribute 'timed_out_until'
Ignoring exception in on_member_update
Traceback (most recent call last):
  File "/usr/local/lib/python3.12/site-packages/discord/client.py", line 465, in _run_event
    await coro(*args, **kwargs)
  File "/app/asu_discord/cogs/analytics.py", line 652, in on_member_update
    before_timeout = before.timed_out_until
                     ^^^^^^^^^^^^^^^^^^^^^^
AttributeError: 'Member' object has no attribute 'timed_out_until'
Ignoring exception in on_member_update
Traceback (most recent call last):
  File "/usr/local/lib/python3.12/site-packages/discord/client.py", line 465, in _run_event
    await coro(*args, **kwargs)
  File "/app/asu_discord/cogs/analytics.py", line 652, in on_member_update
    before_timeout = before.timed_out_until
                     ^^^^^^^^^^^^^^^^^^^^^^
AttributeError: 'Member' object has no attribute 'timed_out_until'
Ignoring exception in on_member_update
Traceback (most recent call last):
  File "/usr/local/lib/python3.12/site-packages/discord/client.py", line 465, in _run_event
    await coro(*args, **kwargs)
  File "/app/asu_discord/cogs/analytics.py", line 652, in on_member_update
    before_timeout = before.timed_out_until
                     ^^^^^^^^^^^^^^^^^^^^^^
AttributeError: 'Member' object has no attribute 'timed_out_until'
Ignoring exception in on_member_update
Traceback (most recent call last):
  File "/usr/local/lib/python3.12/site-packages/discord/client.py", line 465, in _run_event
    await coro(*args, **kwargs)
  File "/app/asu_discord/cogs/analytics.py", line 652, in on_member_update
    before_timeout = before.timed_out_until
                     ^^^^^^^^^^^^^^^^^^^^^^
AttributeError: 'Member' object has no attribute 'timed_out_until'
Ignoring exception in on_member_update
Traceback (most recent call last):
  File "/usr/local/lib/python3.12/site-packages/discord/client.py", line 465, in _run_event
    await coro(*args, **kwargs)
  File "/app/asu_discord/cogs/analytics.py", line 652, in on_member_update
    before_timeout = before.timed_out_until
                     ^^^^^^^^^^^^^^^^^^^^^^
AttributeError: 'Member' object has no attribute 'timed_out_until'
Ignoring exception in on_member_update
Traceback (most recent call last):
  File "/usr/local/lib/python3.12/site-packages/discord/client.py", line 465, in _run_event
    await coro(*args, **kwargs)
  File "/app/asu_discord/cogs/analytics.py", line 652, in on_member_update
    before_timeout = before.timed_out_until
                     ^^^^^^^^^^^^^^^^^^^^^^
AttributeError: 'Member' object has no attribute 'timed_out_until'
Ignoring exception in on_member_update
Traceback (most recent call last):
  File "/usr/local/lib/python3.12/site-packages/discord/client.py", line 465, in _run_event
    await coro(*args, **kwargs)
  File "/app/asu_discord/cogs/analytics.py", line 652, in on_member_update
    before_timeout = before.timed_out_until
                     ^^^^^^^^^^^^^^^^^^^^^^
AttributeError: 'Member' object has no attribute 'timed_out_until'
Ignoring exception in on_member_update
Traceback (most recent call last):
  File "/usr/local/lib/python3.12/site-packages/discord/client.py", line 465, in _run_event
    await coro(*args, **kwargs)
  File "/app/asu_discord/cogs/analytics.py", line 652, in on_member_update
    before_timeout = before.timed_out_until
                     ^^^^^^^^^^^^^^^^^^^^^^
AttributeError: 'Member' object has no attribute 'timed_out_until'
INFO:asu_discord.cogs.verification:Saved 6 roles to database for user hgewiss (Discord ID: 1105016870702161950)
INFO:asu_discord.cogs.verification:Refreshed Salesforce roles for Discord user 1105016870702161950: -6/+6 roles, assigned=[Arizona Resident, Commited, Downtown Phoenix, First Generation Student, First Year, Herberger Institute for Design and the Arts]
ERROR:cron.jobs:refresh_salesforce_roles: failed for ashar702 (Discord ID 1193444426727559229): Failed to refresh Salesforce-based roles: Discord user 1193444426727559229 is not a member of the guild
Ignoring exception in on_member_update
Traceback (most recent call last):
  File "/usr/local/lib/python3.12/site-packages/discord/client.py", line 465, in _run_event
    await coro(*args, **kwargs)
  File "/app/asu_discord/cogs/analytics.py", line 652, in on_member_update
    before_timeout = before.timed_out_until
                     ^^^^^^^^^^^^^^^^^^^^^^
AttributeError: 'Member' object has no attribute 'timed_out_until'
Ignoring exception in on_member_update
Traceback (most recent call last):
  File "/usr/local/lib/python3.12/site-packages/discord/client.py", line 465, in _run_event
    await coro(*args, **kwargs)
  File "/app/asu_discord/cogs/analytics.py", line 652, in on_member_update
    before_timeout = before.timed_out_until
                     ^^^^^^^^^^^^^^^^^^^^^^
AttributeError: 'Member' object has no attribute 'timed_out_until'
Ignoring exception in on_member_update
Traceback (most recent call last):
  File "/usr/local/lib/python3.12/site-packages/discord/client.py", line 465, in _run_event
    await coro(*args, **kwargs)
  File "/app/asu_discord/cogs/analytics.py", line 652, in on_member_update
    before_timeout = before.timed_out_until
                     ^^^^^^^^^^^^^^^^^^^^^^
AttributeError: 'Member' object has no attribute 'timed_out_until'
Ignoring exception in on_member_update
Traceback (most recent call last):
  File "/usr/local/lib/python3.12/site-packages/discord/client.py", line 465, in _run_event
    await coro(*args, **kwargs)
  File "/app/asu_discord/cogs/analytics.py", line 652, in on_member_update
    before_timeout = before.timed_out_until
                     ^^^^^^^^^^^^^^^^^^^^^^
AttributeError: 'Member' object has no attribute 'timed_out_until'
Ignoring exception in on_member_update
Traceback (most recent call last):
  File "/usr/local/lib/python3.12/site-packages/discord/client.py", line 465, in _run_event
    await coro(*args, **kwargs)
  File "/app/asu_discord/cogs/analytics.py", line 652, in on_member_update
    before_timeout = before.timed_out_until
                     ^^^^^^^^^^^^^^^^^^^^^^
AttributeError: 'Member' object has no attribute 'timed_out_until'
Ignoring exception in on_member_update
Traceback (most recent call last):
  File "/usr/local/lib/python3.12/site-packages/discord/client.py", line 465, in _run_event
    await coro(*args, **kwargs)
  File "/app/asu_discord/cogs/analytics.py", line 652, in on_member_update
    before_timeout = before.timed_out_until
                     ^^^^^^^^^^^^^^^^^^^^^^
AttributeError: 'Member' object has no attribute 'timed_out_until'
Ignoring exception in on_member_update
Traceback (most recent call last):
  File "/usr/local/lib/python3.12/site-packages/discord/client.py", line 465, in _run_event
    await coro(*args, **kwargs)
  File "/app/asu_discord/cogs/analytics.py", line 652, in on_member_update
    before_timeout = before.timed_out_until
                     ^^^^^^^^^^^^^^^^^^^^^^
AttributeError: 'Member' object has no attribute 'timed_out_until'
Ignoring exception in on_member_update
Traceback (most recent call last):
  File "/usr/local/lib/python3.12/site-packages/discord/client.py", line 465, in _run_event
    await coro(*args, **kwargs)
  File "/app/asu_discord/cogs/analytics.py", line 652, in on_member_update
    before_timeout = before.timed_out_until
                     ^^^^^^^^^^^^^^^^^^^^^^
AttributeError: 'Member' object has no attribute 'timed_out_until'
INFO:asu_discord.cogs.verification:Saved 4 roles to database for user amysun1 (Discord ID: 897664993191952455)
INFO:asu_discord.cogs.verification:Refreshed Salesforce roles for Discord user 897664993191952455: -4/+4 roles, assigned=[First Year, Ira A. Fulton Schools of Engineering, Out of State, Tempe]
Ignoring exception in on_member_update
Traceback (most recent call last):
  File "/usr/local/lib/python3.12/site-packages/discord/client.py", line 465, in _run_event
    await coro(*args, **kwargs)
  File "/app/asu_discord/cogs/analytics.py", line 652, in on_member_update
    before_timeout = before.timed_out_until
                     ^^^^^^^^^^^^^^^^^^^^^^
AttributeError: 'Member' object has no attribute 'timed_out_until'
Ignoring exception in on_member_update
Traceback (most recent call last):
  File "/usr/local/lib/python3.12/site-packages/discord/client.py", line 465, in _run_event
    await coro(*args, **kwargs)
  File "/app/asu_discord/cogs/analytics.py", line 652, in on_member_update
    before_timeout = before.timed_out_until
                     ^^^^^^^^^^^^^^^^^^^^^^
AttributeError: 'Member' object has no attribute 'timed_out_until'
Ignoring exception in on_member_update
Traceback (most recent call last):
  File "/usr/local/lib/python3.12/site-packages/discord/client.py", line 465, in _run_event
    await coro(*args, **kwargs)
  File "/app/asu_discord/cogs/analytics.py", line 652, in on_member_update
    before_timeout = before.timed_out_until
                     ^^^^^^^^^^^^^^^^^^^^^^
AttributeError: 'Member' object has no attribute 'timed_out_until'
Ignoring exception in on_member_update
Traceback (most recent call last):
  File "/usr/local/lib/python3.12/site-packages/discord/client.py", line 465, in _run_event
    await coro(*args, **kwargs)
  File "/app/asu_discord/cogs/analytics.py", line 652, in on_member_update
    before_timeout = before.timed_out_until
                     ^^^^^^^^^^^^^^^^^^^^^^
AttributeError: 'Member' object has no attribute 'timed_out_until'
Ignoring exception in on_member_update
Traceback (most recent call last):
  File "/usr/local/lib/python3.12/site-packages/discord/client.py", line 465, in _run_event
    await coro(*args, **kwargs)
  File "/app/asu_discord/cogs/analytics.py", line 652, in on_member_update
    before_timeout = before.timed_out_until
                     ^^^^^^^^^^^^^^^^^^^^^^
AttributeError: 'Member' object has no attribute 'timed_out_until'
Ignoring exception in on_member_update
Traceback (most recent call last):
  File "/usr/local/lib/python3.12/site-packages/discord/client.py", line 465, in _run_event
    await coro(*args, **kwargs)
  File "/app/asu_discord/cogs/analytics.py", line 652, in on_member_update
    before_timeout = before.timed_out_until
                     ^^^^^^^^^^^^^^^^^^^^^^
AttributeError: 'Member' object has no attribute 'timed_out_until'
Ignoring exception in on_member_update
Traceback (most recent call last):
  File "/usr/local/lib/python3.12/site-packages/discord/client.py", line 465, in _run_event
    await coro(*args, **kwargs)
  File "/app/asu_discord/cogs/analytics.py", line 652, in on_member_update
    before_timeout = before.timed_out_until
                     ^^^^^^^^^^^^^^^^^^^^^^
AttributeError: 'Member' object has no attribute 'timed_out_until'
Ignoring exception in on_member_update
Traceback (most recent call last):
  File "/usr/local/lib/python3.12/site-packages/discord/client.py", line 465, in _run_event
    await coro(*args, **kwargs)
  File "/app/asu_discord/cogs/analytics.py", line 652, in on_member_update
    before_timeout = before.timed_out_until
                     ^^^^^^^^^^^^^^^^^^^^^^
AttributeError: 'Member' object has no attribute 'timed_out_until'
Ignoring exception in on_member_update
Traceback (most recent call last):
  File "/usr/local/lib/python3.12/site-packages/discord/client.py", line 465, in _run_event
    await coro(*args, **kwargs)
  File "/app/asu_discord/cogs/analytics.py", line 652, in on_member_update
    before_timeout = before.timed_out_until
                     ^^^^^^^^^^^^^^^^^^^^^^
AttributeError: 'Member' object has no attribute 'timed_out_until'
Ignoring exception in on_member_update
Traceback (most recent call last):
  File "/usr/local/lib/python3.12/site-packages/discord/client.py", line 465, in _run_event
    await coro(*args, **kwargs)
  File "/app/asu_discord/cogs/analytics.py", line 652, in on_member_update
    before_timeout = before.timed_out_until
                     ^^^^^^^^^^^^^^^^^^^^^^
AttributeError: 'Member' object has no attribute 'timed_out_until'
Ignoring exception in on_member_update
Traceback (most recent call last):
  File "/usr/local/lib/python3.12/site-packages/discord/client.py", line 465, in _run_event
    await coro(*args, **kwargs)
  File "/app/asu_discord/cogs/analytics.py", line 652, in on_member_update
    before_timeout = before.timed_out_until
                     ^^^^^^^^^^^^^^^^^^^^^^
AttributeError: 'Member' object has no attribute 'timed_out_until'
INFO:asu_discord.cogs.verification:Saved 6 roles to database for user mvasqu66 (Discord ID: 1450636244445823037)
INFO:asu_discord.cogs.verification:Refreshed Salesforce roles for Discord user 1450636244445823037: -6/+5 roles, assigned=[Commited, First Year, Out of State, Tempe, Upperclassmen, W.P. Carey School of Business]
Ignoring exception in on_member_update
Traceback (most recent call last):
  File "/usr/local/lib/python3.12/site-packages/discord/client.py", line 465, in _run_event
    await coro(*args, **kwargs)
  File "/app/asu_discord/cogs/analytics.py", line 652, in on_member_update
    before_timeout = before.timed_out_until
                     ^^^^^^^^^^^^^^^^^^^^^^
AttributeError: 'Member' object has no attribute 'timed_out_until'
Ignoring exception in on_member_update
Traceback (most recent call last):
  File "/usr/local/lib/python3.12/site-packages/discord/client.py", line 465, in _run_event
    await coro(*args, **kwargs)
  File "/app/asu_discord/cogs/analytics.py", line 652, in on_member_update
    before_timeout = before.timed_out_until
                     ^^^^^^^^^^^^^^^^^^^^^^
AttributeError: 'Member' object has no attribute 'timed_out_until'
Ignoring exception in on_member_update
Traceback (most recent call last):
  File "/usr/local/lib/python3.12/site-packages/discord/client.py", line 465, in _run_event
    await coro(*args, **kwargs)
  File "/app/asu_discord/cogs/analytics.py", line 652, in on_member_update
    before_timeout = before.timed_out_until
                     ^^^^^^^^^^^^^^^^^^^^^^
AttributeError: 'Member' object has no attribute 'timed_out_until'
Ignoring exception in on_member_update
Traceback (most recent call last):
  File "/usr/local/lib/python3.12/site-packages/discord/client.py", line 465, in _run_event
    await coro(*args, **kwargs)
  File "/app/asu_discord/cogs/analytics.py", line 652, in on_member_update
    before_timeout = before.timed_out_until
                     ^^^^^^^^^^^^^^^^^^^^^^
AttributeError: 'Member' object has no attribute 'timed_out_until'
Ignoring exception in on_member_update
Traceback (most recent call last):
  File "/usr/local/lib/python3.12/site-packages/discord/client.py", line 465, in _run_event
    await coro(*args, **kwargs)
  File "/app/asu_discord/cogs/analytics.py", line 652, in on_member_update
    before_timeout = before.timed_out_until
                     ^^^^^^^^^^^^^^^^^^^^^^
AttributeError: 'Member' object has no attribute 'timed_out_until'
Ignoring exception in on_member_update
Traceback (most recent call last):
  File "/usr/local/lib/python3.12/site-packages/discord/client.py", line 465, in _run_event
    await coro(*args, **kwargs)
  File "/app/asu_discord/cogs/analytics.py", line 652, in on_member_update
    before_timeout = before.timed_out_until
                     ^^^^^^^^^^^^^^^^^^^^^^
AttributeError: 'Member' object has no attribute 'timed_out_until'
Ignoring exception in on_member_update
Traceback (most recent call last):
  File "/usr/local/lib/python3.12/site-packages/discord/client.py", line 465, in _run_event
    await coro(*args, **kwargs)
  File "/app/asu_discord/cogs/analytics.py", line 652, in on_member_update
    before_timeout = before.timed_out_until
                     ^^^^^^^^^^^^^^^^^^^^^^
AttributeError: 'Member' object has no attribute 'timed_out_until'
Ignoring exception in on_member_update
Traceback (most recent call last):
  File "/usr/local/lib/python3.12/site-packages/discord/client.py", line 465, in _run_event
    await coro(*args, **kwargs)
  File "/app/asu_discord/cogs/analytics.py", line 652, in on_member_update
    before_timeout = before.timed_out_until
                     ^^^^^^^^^^^^^^^^^^^^^^
AttributeError: 'Member' object has no attribute 'timed_out_until'
Ignoring exception in on_member_update
Traceback (most recent call last):
  File "/usr/local/lib/python3.12/site-packages/discord/client.py", line 465, in _run_event
    await coro(*args, **kwargs)
  File "/app/asu_discord/cogs/analytics.py", line 652, in on_member_update
    before_timeout = before.timed_out_until
                     ^^^^^^^^^^^^^^^^^^^^^^
AttributeError: 'Member' object has no attribute 'timed_out_until'
INFO:asu_discord.cogs.verification:Saved 5 roles to database for user aivonnet (Discord ID: 613857126049382413)
INFO:asu_discord.cogs.verification:Refreshed Salesforce roles for Discord user 613857126049382413: -5/+4 roles, assigned=[Arizona Resident, Commited, First Year, Ira A. Fulton Schools of Engineering, Tempe]
Ignoring exception in on_member_update
Traceback (most recent call last):
  File "/usr/local/lib/python3.12/site-packages/discord/client.py", line 465, in _run_event
    await coro(*args, **kwargs)
  File "/app/asu_discord/cogs/analytics.py", line 652, in on_member_update
    before_timeout = before.timed_out_until
                     ^^^^^^^^^^^^^^^^^^^^^^
AttributeError: 'Member' object has no attribute 'timed_out_until'
Ignoring exception in on_member_update
Traceback (most recent call last):
  File "/usr/local/lib/python3.12/site-packages/discord/client.py", line 465, in _run_event
    await coro(*args, **kwargs)
  File "/app/asu_discord/cogs/analytics.py", line 652, in on_member_update
    before_timeout = before.timed_out_until
                     ^^^^^^^^^^^^^^^^^^^^^^
AttributeError: 'Member' object has no attribute 'timed_out_until'
Ignoring exception in on_member_update
Traceback (most recent call last):
  File "/usr/local/lib/python3.12/site-packages/discord/client.py", line 465, in _run_event
    await coro(*args, **kwargs)
  File "/app/asu_discord/cogs/analytics.py", line 652, in on_member_update
    before_timeout = before.timed_out_until
                     ^^^^^^^^^^^^^^^^^^^^^^
AttributeError: 'Member' object has no attribute 'timed_out_until'
Ignoring exception in on_member_update
Traceback (most recent call last):
  File "/usr/local/lib/python3.12/site-packages/discord/client.py", line 465, in _run_event
    await coro(*args, **kwargs)
  File "/app/asu_discord/cogs/analytics.py", line 652, in on_member_update
    before_timeout = before.timed_out_until
                     ^^^^^^^^^^^^^^^^^^^^^^
AttributeError: 'Member' object has no attribute 'timed_out_until'
Ignoring exception in on_member_update
Traceback (most recent call last):
  File "/usr/local/lib/python3.12/site-packages/discord/client.py", line 465, in _run_event
    await coro(*args, **kwargs)
  File "/app/asu_discord/cogs/analytics.py", line 652, in on_member_update
    before_timeout = before.timed_out_until
                     ^^^^^^^^^^^^^^^^^^^^^^
AttributeError: 'Member' object has no attribute 'timed_out_until'
Ignoring exception in on_member_update
Traceback (most recent call last):
  File "/usr/local/lib/python3.12/site-packages/discord/client.py", line 465, in _run_event
    await coro(*args, **kwargs)
  File "/app/asu_discord/cogs/analytics.py", line 652, in on_member_update
    before_timeout = before.timed_out_until
                     ^^^^^^^^^^^^^^^^^^^^^^
AttributeError: 'Member' object has no attribute 'timed_out_until'
Ignoring exception in on_member_update
Traceback (most recent call last):
  File "/usr/local/lib/python3.12/site-packages/discord/client.py", line 465, in _run_event
    await coro(*args, **kwargs)
  File "/app/asu_discord/cogs/analytics.py", line 652, in on_member_update
    before_timeout = before.timed_out_until
                     ^^^^^^^^^^^^^^^^^^^^^^
AttributeError: 'Member' object has no attribute 'timed_out_until'
Ignoring exception in on_member_update
Traceback (most recent call last):
  File "/usr/local/lib/python3.12/site-packages/discord/client.py", line 465, in _run_event
    await coro(*args, **kwargs)
  File "/app/asu_discord/cogs/analytics.py", line 652, in on_member_update
    before_timeout = before.timed_out_until
                     ^^^^^^^^^^^^^^^^^^^^^^
AttributeError: 'Member' object has no attribute 'timed_out_until'
INFO:asu_discord.cogs.verification:Saved 4 roles to database for user pkanakag (Discord ID: 757240019302875287)
INFO:asu_discord.cogs.verification:Refreshed Salesforce roles for Discord user 757240019302875287: -4/+4 roles, assigned=[Graduate Student, International Student, Ira A. Fulton Schools of Engineering, Tempe]
Ignoring exception in on_member_update
Traceback (most recent call last):
  File "/usr/local/lib/python3.12/site-packages/discord/client.py", line 465, in _run_event
    await coro(*args, **kwargs)
  File "/app/asu_discord/cogs/analytics.py", line 652, in on_member_update
    before_timeout = before.timed_out_until
                     ^^^^^^^^^^^^^^^^^^^^^^
AttributeError: 'Member' object has no attribute 'timed_out_until'
Ignoring exception in on_member_update
Traceback (most recent call last):
  File "/usr/local/lib/python3.12/site-packages/discord/client.py", line 465, in _run_event
    await coro(*args, **kwargs)
  File "/app/asu_discord/cogs/analytics.py", line 652, in on_member_update
    before_timeout = before.timed_out_until
                     ^^^^^^^^^^^^^^^^^^^^^^
AttributeError: 'Member' object has no attribute 'timed_out_until'
Ignoring exception in on_member_update
Traceback (most recent call last):
  File "/usr/local/lib/python3.12/site-packages/discord/client.py", line 465, in _run_event
    await coro(*args, **kwargs)
  File "/app/asu_discord/cogs/analytics.py", line 652, in on_member_update
    before_timeout = before.timed_out_until
                     ^^^^^^^^^^^^^^^^^^^^^^
AttributeError: 'Member' object has no attribute 'timed_out_until'
Ignoring exception in on_member_update
Traceback (most recent call last):
  File "/usr/local/lib/python3.12/site-packages/discord/client.py", line 465, in _run_event
    await coro(*args, **kwargs)
  File "/app/asu_discord/cogs/analytics.py", line 652, in on_member_update
    before_timeout = before.timed_out_until
                     ^^^^^^^^^^^^^^^^^^^^^^
AttributeError: 'Member' object has no attribute 'timed_out_until'
Ignoring exception in on_member_update
Traceback (most recent call last):
  File "/usr/local/lib/python3.12/site-packages/discord/client.py", line 465, in _run_event
    await coro(*args, **kwargs)
  File "/app/asu_discord/cogs/analytics.py", line 652, in on_member_update
    before_timeout = before.timed_out_until
                     ^^^^^^^^^^^^^^^^^^^^^^
AttributeError: 'Member' object has no attribute 'timed_out_until'
Ignoring exception in on_member_update
Traceback (most recent call last):
  File "/usr/local/lib/python3.12/site-packages/discord/client.py", line 465, in _run_event
    await coro(*args, **kwargs)
  File "/app/asu_discord/cogs/analytics.py", line 652, in on_member_update
    before_timeout = before.timed_out_until
                     ^^^^^^^^^^^^^^^^^^^^^^
AttributeError: 'Member' object has no attribute 'timed_out_until'
Ignoring exception in on_member_update
Traceback (most recent call last):
  File "/usr/local/lib/python3.12/site-packages/discord/client.py", line 465, in _run_event
    await coro(*args, **kwargs)
  File "/app/asu_discord/cogs/analytics.py", line 652, in on_member_update
    before_timeout = before.timed_out_until
                     ^^^^^^^^^^^^^^^^^^^^^^
AttributeError: 'Member' object has no attribute 'timed_out_until'
Ignoring exception in on_member_update
Traceback (most recent call last):
  File "/usr/local/lib/python3.12/site-packages/discord/client.py", line 465, in _run_event
    await coro(*args, **kwargs)
  File "/app/asu_discord/cogs/analytics.py", line 652, in on_member_update
    before_timeout = before.timed_out_until
                     ^^^^^^^^^^^^^^^^^^^^^^
AttributeError: 'Member' object has no attribute 'timed_out_until'
Ignoring exception in on_member_update
Traceback (most recent call last):
  File "/usr/local/lib/python3.12/site-packages/discord/client.py", line 465, in _run_event
    await coro(*args, **kwargs)
  File "/app/asu_discord/cogs/analytics.py", line 652, in on_member_update
    before_timeout = before.timed_out_until
                     ^^^^^^^^^^^^^^^^^^^^^^
AttributeError: 'Member' object has no attribute 'timed_out_until'
INFO:asu_discord.cogs.verification:Saved 5 roles to database for user aboyce13 (Discord ID: 275252065402355722)
INFO:asu_discord.cogs.verification:Refreshed Salesforce roles for Discord user 275252065402355722: -5/+4 roles, assigned=[Commited, Downtown Phoenix, Graduate Student, Out of State, Walter Cronkite School of Journalism and Mass Communication]
Ignoring exception in on_member_update
Traceback (most recent call last):
  File "/usr/local/lib/python3.12/site-packages/discord/client.py", line 465, in _run_event
    await coro(*args, **kwargs)
  File "/app/asu_discord/cogs/analytics.py", line 652, in on_member_update
    before_timeout = before.timed_out_until
                     ^^^^^^^^^^^^^^^^^^^^^^
AttributeError: 'Member' object has no attribute 'timed_out_until'
Ignoring exception in on_member_update
Traceback (most recent call last):
  File "/usr/local/lib/python3.12/site-packages/discord/client.py", line 465, in _run_event
    await coro(*args, **kwargs)
  File "/app/asu_discord/cogs/analytics.py", line 652, in on_member_update
    before_timeout = before.timed_out_until
                     ^^^^^^^^^^^^^^^^^^^^^^
AttributeError: 'Member' object has no attribute 'timed_out_until'
Ignoring exception in on_member_update
Traceback (most recent call last):
  File "/usr/local/lib/python3.12/site-packages/discord/client.py", line 465, in _run_event
    await coro(*args, **kwargs)
  File "/app/asu_discord/cogs/analytics.py", line 652, in on_member_update
    before_timeout = before.timed_out_until
                     ^^^^^^^^^^^^^^^^^^^^^^
AttributeError: 'Member' object has no attribute 'timed_out_until'
Ignoring exception in on_member_update
Traceback (most recent call last):
  File "/usr/local/lib/python3.12/site-packages/discord/client.py", line 465, in _run_event
    await coro(*args, **kwargs)
  File "/app/asu_discord/cogs/analytics.py", line 652, in on_member_update
    before_timeout = before.timed_out_until
                     ^^^^^^^^^^^^^^^^^^^^^^
AttributeError: 'Member' object has no attribute 'timed_out_until'
Ignoring exception in on_member_update
Traceback (most recent call last):
  File "/usr/local/lib/python3.12/site-packages/discord/client.py", line 465, in _run_event
    await coro(*args, **kwargs)
  File "/app/asu_discord/cogs/analytics.py", line 652, in on_member_update
    before_timeout = before.timed_out_until
                     ^^^^^^^^^^^^^^^^^^^^^^
AttributeError: 'Member' object has no attribute 'timed_out_until'
Ignoring exception in on_member_update
Traceback (most recent call last):
  File "/usr/local/lib/python3.12/site-packages/discord/client.py", line 465, in _run_event
    await coro(*args, **kwargs)
  File "/app/asu_discord/cogs/analytics.py", line 652, in on_member_update
    before_timeout = before.timed_out_until
                     ^^^^^^^^^^^^^^^^^^^^^^
AttributeError: 'Member' object has no attribute 'timed_out_until'
Ignoring exception in on_member_update
Traceback (most recent call last):
  File "/usr/local/lib/python3.12/site-packages/discord/client.py", line 465, in _run_event
    await coro(*args, **kwargs)
  File "/app/asu_discord/cogs/analytics.py", line 652, in on_member_update
    before_timeout = before.timed_out_until
                     ^^^^^^^^^^^^^^^^^^^^^^
AttributeError: 'Member' object has no attribute 'timed_out_until'
Ignoring exception in on_member_update
Traceback (most recent call last):
  File "/usr/local/lib/python3.12/site-packages/discord/client.py", line 465, in _run_event
    await coro(*args, **kwargs)
  File "/app/asu_discord/cogs/analytics.py", line 652, in on_member_update
    before_timeout = before.timed_out_until
                     ^^^^^^^^^^^^^^^^^^^^^^
AttributeError: 'Member' object has no attribute 'timed_out_until'
Ignoring exception in on_member_update
Traceback (most recent call last):
  File "/usr/local/lib/python3.12/site-packages/discord/client.py", line 465, in _run_event
    await coro(*args, **kwargs)
  File "/app/asu_discord/cogs/analytics.py", line 652, in on_member_update
    before_timeout = before.timed_out_until
                     ^^^^^^^^^^^^^^^^^^^^^^
AttributeError: 'Member' object has no attribute 'timed_out_until'
Ignoring exception in on_member_update
Traceback (most recent call last):
  File "/usr/local/lib/python3.12/site-packages/discord/client.py", line 465, in _run_event
    await coro(*args, **kwargs)
  File "/app/asu_discord/cogs/analytics.py", line 652, in on_member_update
    before_timeout = before.timed_out_until
                     ^^^^^^^^^^^^^^^^^^^^^^
AttributeError: 'Member' object has no attribute 'timed_out_until'
INFO:asu_discord.cogs.verification:Saved 5 roles to database for user sjsneide (Discord ID: 686733508873420880)
INFO:asu_discord.cogs.verification:Refreshed Salesforce roles for Discord user 686733508873420880: -4/+5 roles, assigned=[College of Liberal Arts and Sciences, Commited, First Year, Out of State, Tempe]
Ignoring exception in on_member_update
Traceback (most recent call last):
  File "/usr/local/lib/python3.12/site-packages/discord/client.py", line 465, in _run_event
    await coro(*args, **kwargs)
  File "/app/asu_discord/cogs/analytics.py", line 652, in on_member_update
    before_timeout = before.timed_out_until
                     ^^^^^^^^^^^^^^^^^^^^^^
AttributeError: 'Member' object has no attribute 'timed_out_until'
Ignoring exception in on_member_update
Traceback (most recent call last):
  File "/usr/local/lib/python3.12/site-packages/discord/client.py", line 465, in _run_event
    await coro(*args, **kwargs)
  File "/app/asu_discord/cogs/analytics.py", line 652, in on_member_update
    before_timeout = before.timed_out_until
                     ^^^^^^^^^^^^^^^^^^^^^^
AttributeError: 'Member' object has no attribute 'timed_out_until'
Ignoring exception in on_member_update
Traceback (most recent call last):
  File "/usr/local/lib/python3.12/site-packages/discord/client.py", line 465, in _run_event
    await coro(*args, **kwargs)
  File "/app/asu_discord/cogs/analytics.py", line 652, in on_member_update
    before_timeout = before.timed_out_until
                     ^^^^^^^^^^^^^^^^^^^^^^
AttributeError: 'Member' object has no attribute 'timed_out_until'
Ignoring exception in on_member_update
Traceback (most recent call last):
  File "/usr/local/lib/python3.12/site-packages/discord/client.py", line 465, in _run_event
    await coro(*args, **kwargs)
  File "/app/asu_discord/cogs/analytics.py", line 652, in on_member_update
    before_timeout = before.timed_out_until
                     ^^^^^^^^^^^^^^^^^^^^^^
AttributeError: 'Member' object has no attribute 'timed_out_until'
Ignoring exception in on_member_update
Traceback (most recent call last):
  File "/usr/local/lib/python3.12/site-packages/discord/client.py", line 465, in _run_event
    await coro(*args, **kwargs)
  File "/app/asu_discord/cogs/analytics.py", line 652, in on_member_update
    before_timeout = before.timed_out_until
                     ^^^^^^^^^^^^^^^^^^^^^^
AttributeError: 'Member' object has no attribute 'timed_out_until'
Ignoring exception in on_member_update
Traceback (most recent call last):
  File "/usr/local/lib/python3.12/site-packages/discord/client.py", line 465, in _run_event
    await coro(*args, **kwargs)
  File "/app/asu_discord/cogs/analytics.py", line 652, in on_member_update
    before_timeout = before.timed_out_until
                     ^^^^^^^^^^^^^^^^^^^^^^
AttributeError: 'Member' object has no attribute 'timed_out_until'
Ignoring exception in on_member_update
Traceback (most recent call last):
  File "/usr/local/lib/python3.12/site-packages/discord/client.py", line 465, in _run_event
    await coro(*args, **kwargs)
  File "/app/asu_discord/cogs/analytics.py", line 652, in on_member_update
    before_timeout = before.timed_out_until
                     ^^^^^^^^^^^^^^^^^^^^^^
AttributeError: 'Member' object has no attribute 'timed_out_until'
Ignoring exception in on_member_update
Traceback (most recent call last):
  File "/usr/local/lib/python3.12/site-packages/discord/client.py", line 465, in _run_event
    await coro(*args, **kwargs)
  File "/app/asu_discord/cogs/analytics.py", line 652, in on_member_update
    before_timeout = before.timed_out_until
                     ^^^^^^^^^^^^^^^^^^^^^^
AttributeError: 'Member' object has no attribute 'timed_out_until'
Ignoring exception in on_member_update
Traceback (most recent call last):
  File "/usr/local/lib/python3.12/site-packages/discord/client.py", line 465, in _run_event
    await coro(*args, **kwargs)
  File "/app/asu_discord/cogs/analytics.py", line 652, in on_member_update
    before_timeout = before.timed_out_until
                     ^^^^^^^^^^^^^^^^^^^^^^
AttributeError: 'Member' object has no attribute 'timed_out_until'
Ignoring exception in on_member_update
Traceback (most recent call last):
  File "/usr/local/lib/python3.12/site-packages/discord/client.py", line 465, in _run_event
    await coro(*args, **kwargs)
  File "/app/asu_discord/cogs/analytics.py", line 652, in on_member_update
    before_timeout = before.timed_out_until
                     ^^^^^^^^^^^^^^^^^^^^^^
AttributeError: 'Member' object has no attribute 'timed_out_until'
INFO:asu_discord.cogs.verification:Saved 5 roles to database for user sdraborn (Discord ID: 996168733817057281)
INFO:asu_discord.cogs.verification:Refreshed Salesforce roles for Discord user 996168733817057281: -5/+5 roles, assigned=[Commited, First Year, Out of State, Tempe, W.P. Carey School of Business]
Ignoring exception in on_member_update
Traceback (most recent call last):
  File "/usr/local/lib/python3.12/site-packages/discord/client.py", line 465, in _run_event
    await coro(*args, **kwargs)
  File "/app/asu_discord/cogs/analytics.py", line 652, in on_member_update
    before_timeout = before.timed_out_until
                     ^^^^^^^^^^^^^^^^^^^^^^
AttributeError: 'Member' object has no attribute 'timed_out_until'
Ignoring exception in on_member_update
Traceback (most recent call last):
  File "/usr/local/lib/python3.12/site-packages/discord/client.py", line 465, in _run_event
    await coro(*args, **kwargs)
  File "/app/asu_discord/cogs/analytics.py", line 652, in on_member_update
    before_timeout = before.timed_out_until
                     ^^^^^^^^^^^^^^^^^^^^^^
AttributeError: 'Member' object has no attribute 'timed_out_until'
Ignoring exception in on_member_update
Traceback (most recent call last):
  File "/usr/local/lib/python3.12/site-packages/discord/client.py", line 465, in _run_event
    await coro(*args, **kwargs)
  File "/app/asu_discord/cogs/analytics.py", line 652, in on_member_update
    before_timeout = before.timed_out_until
                     ^^^^^^^^^^^^^^^^^^^^^^
AttributeError: 'Member' object has no attribute 'timed_out_until'
Ignoring exception in on_member_update
Traceback (most recent call last):
  File "/usr/local/lib/python3.12/site-packages/discord/client.py", line 465, in _run_event
    await coro(*args, **kwargs)
  File "/app/asu_discord/cogs/analytics.py", line 652, in on_member_update
    before_timeout = before.timed_out_until
                     ^^^^^^^^^^^^^^^^^^^^^^
AttributeError: 'Member' object has no attribute 'timed_out_until'
Ignoring exception in on_member_update
Traceback (most recent call last):
  File "/usr/local/lib/python3.12/site-packages/discord/client.py", line 465, in _run_event
    await coro(*args, **kwargs)
  File "/app/asu_discord/cogs/analytics.py", line 652, in on_member_update
    before_timeout = before.timed_out_until
                     ^^^^^^^^^^^^^^^^^^^^^^
AttributeError: 'Member' object has no attribute 'timed_out_until'
Ignoring exception in on_member_update
Traceback (most recent call last):
  File "/usr/local/lib/python3.12/site-packages/discord/client.py", line 465, in _run_event
    await coro(*args, **kwargs)
  File "/app/asu_discord/cogs/analytics.py", line 652, in on_member_update
    before_timeout = before.timed_out_until
                     ^^^^^^^^^^^^^^^^^^^^^^
AttributeError: 'Member' object has no attribute 'timed_out_until'
Ignoring exception in on_member_update
Traceback (most recent call last):
  File "/usr/local/lib/python3.12/site-packages/discord/client.py", line 465, in _run_event
    await coro(*args, **kwargs)
  File "/app/asu_discord/cogs/analytics.py", line 652, in on_member_update
    before_timeout = before.timed_out_until
                     ^^^^^^^^^^^^^^^^^^^^^^
AttributeError: 'Member' object has no attribute 'timed_out_until'
Ignoring exception in on_member_update
Traceback (most recent call last):
  File "/usr/local/lib/python3.12/site-packages/discord/client.py", line 465, in _run_event
    await coro(*args, **kwargs)
  File "/app/asu_discord/cogs/analytics.py", line 652, in on_member_update
    before_timeout = before.timed_out_until
                     ^^^^^^^^^^^^^^^^^^^^^^
AttributeError: 'Member' object has no attribute 'timed_out_until'
INFO:asu_discord.cogs.verification:Saved 4 roles to database for user aalqah48 (Discord ID: 462503125048360960)
INFO:asu_discord.cogs.verification:Refreshed Salesforce roles for Discord user 462503125048360960: -4/+4 roles, assigned=[International Student, Tempe, Transfer Student, W.P. Carey School of Business]
Ignoring exception in on_member_update
Traceback (most recent call last):
  File "/usr/local/lib/python3.12/site-packages/discord/client.py", line 465, in _run_event
    await coro(*args, **kwargs)
  File "/app/asu_discord/cogs/analytics.py", line 652, in on_member_update
    before_timeout = before.timed_out_until
                     ^^^^^^^^^^^^^^^^^^^^^^
AttributeError: 'Member' object has no attribute 'timed_out_until'
Ignoring exception in on_member_update
Traceback (most recent call last):
  File "/usr/local/lib/python3.12/site-packages/discord/client.py", line 465, in _run_event
    await coro(*args, **kwargs)
  File "/app/asu_discord/cogs/analytics.py", line 652, in on_member_update
    before_timeout = before.timed_out_until
                     ^^^^^^^^^^^^^^^^^^^^^^
AttributeError: 'Member' object has no attribute 'timed_out_until'
Ignoring exception in on_member_update
Traceback (most recent call last):
  File "/usr/local/lib/python3.12/site-packages/discord/client.py", line 465, in _run_event
    await coro(*args, **kwargs)
  File "/app/asu_discord/cogs/analytics.py", line 652, in on_member_update
    before_timeout = before.timed_out_until
                     ^^^^^^^^^^^^^^^^^^^^^^
AttributeError: 'Member' object has no attribute 'timed_out_until'
Ignoring exception in on_member_update
Traceback (most recent call last):
  File "/usr/local/lib/python3.12/site-packages/discord/client.py", line 465, in _run_event
    await coro(*args, **kwargs)
  File "/app/asu_discord/cogs/analytics.py", line 652, in on_member_update
    before_timeout = before.timed_out_until
                     ^^^^^^^^^^^^^^^^^^^^^^
AttributeError: 'Member' object has no attribute 'timed_out_until'
Ignoring exception in on_member_update
Traceback (most recent call last):
  File "/usr/local/lib/python3.12/site-packages/discord/client.py", line 465, in _run_event
    await coro(*args, **kwargs)
  File "/app/asu_discord/cogs/analytics.py", line 652, in on_member_update
    before_timeout = before.timed_out_until
                     ^^^^^^^^^^^^^^^^^^^^^^
AttributeError: 'Member' object has no attribute 'timed_out_until'
Ignoring exception in on_member_update
Traceback (most recent call last):
  File "/usr/local/lib/python3.12/site-packages/discord/client.py", line 465, in _run_event
    await coro(*args, **kwargs)
  File "/app/asu_discord/cogs/analytics.py", line 652, in on_member_update
    before_timeout = before.timed_out_until
                     ^^^^^^^^^^^^^^^^^^^^^^
AttributeError: 'Member' object has no attribute 'timed_out_until'
Ignoring exception in on_member_update
Traceback (most recent call last):
  File "/usr/local/lib/python3.12/site-packages/discord/client.py", line 465, in _run_event
    await coro(*args, **kwargs)
  File "/app/asu_discord/cogs/analytics.py", line 652, in on_member_update
    before_timeout = before.timed_out_until
                     ^^^^^^^^^^^^^^^^^^^^^^
AttributeError: 'Member' object has no attribute 'timed_out_until'
Ignoring exception in on_member_update
Traceback (most recent call last):
  File "/usr/local/lib/python3.12/site-packages/discord/client.py", line 465, in _run_event
    await coro(*args, **kwargs)
  File "/app/asu_discord/cogs/analytics.py", line 652, in on_member_update
    before_timeout = before.timed_out_until
                     ^^^^^^^^^^^^^^^^^^^^^^
AttributeError: 'Member' object has no attribute 'timed_out_until'
Ignoring exception in on_member_update
Traceback (most recent call last):
  File "/usr/local/lib/python3.12/site-packages/discord/client.py", line 465, in _run_event
    await coro(*args, **kwargs)
  File "/app/asu_discord/cogs/analytics.py", line 652, in on_member_update
    before_timeout = before.timed_out_until
                     ^^^^^^^^^^^^^^^^^^^^^^
AttributeError: 'Member' object has no attribute 'timed_out_until'
Ignoring exception in on_member_update
Traceback (most recent call last):
  File "/usr/local/lib/python3.12/site-packages/discord/client.py", line 465, in _run_event
    await coro(*args, **kwargs)
  File "/app/asu_discord/cogs/analytics.py", line 652, in on_member_update
    before_timeout = before.timed_out_until
                     ^^^^^^^^^^^^^^^^^^^^^^
AttributeError: 'Member' object has no attribute 'timed_out_until'
INFO:asu_discord.cogs.verification:Saved 6 roles to database for user sguo78 (Discord ID: 1151626143150121052)
INFO:asu_discord.cogs.verification:Refreshed Salesforce roles for Discord user 1151626143150121052: -4/+6 roles, assigned=[Commited, First Year, International Student, Tempe, Upperclassmen, W.P. Carey School of Business]
ERROR:cron.jobs:refresh_salesforce_roles: failed for rnurgal1 (Discord ID 259368283772420106): Failed to refresh Salesforce-based roles: Discord user 259368283772420106 is not a member of the guild
Ignoring exception in on_member_update
Traceback (most recent call last):
  File "/usr/local/lib/python3.12/site-packages/discord/client.py", line 465, in _run_event
    await coro(*args, **kwargs)
  File "/app/asu_discord/cogs/analytics.py", line 652, in on_member_update
    before_timeout = before.timed_out_until
                     ^^^^^^^^^^^^^^^^^^^^^^
AttributeError: 'Member' object has no attribute 'timed_out_until'
Ignoring exception in on_member_update
Traceback (most recent call last):
  File "/usr/local/lib/python3.12/site-packages/discord/client.py", line 465, in _run_event
    await coro(*args, **kwargs)
  File "/app/asu_discord/cogs/analytics.py", line 652, in on_member_update
    before_timeout = before.timed_out_until
                     ^^^^^^^^^^^^^^^^^^^^^^
AttributeError: 'Member' object has no attribute 'timed_out_until'
Ignoring exception in on_member_update
Traceback (most recent call last):
  File "/usr/local/lib/python3.12/site-packages/discord/client.py", line 465, in _run_event
    await coro(*args, **kwargs)
  File "/app/asu_discord/cogs/analytics.py", line 652, in on_member_update
    before_timeout = before.timed_out_until
                     ^^^^^^^^^^^^^^^^^^^^^^
AttributeError: 'Member' object has no attribute 'timed_out_until'
Ignoring exception in on_member_update
Traceback (most recent call last):
  File "/usr/local/lib/python3.12/site-packages/discord/client.py", line 465, in _run_event
    await coro(*args, **kwargs)
  File "/app/asu_discord/cogs/analytics.py", line 652, in on_member_update
    before_timeout = before.timed_out_until
                     ^^^^^^^^^^^^^^^^^^^^^^
AttributeError: 'Member' object has no attribute 'timed_out_until'
Ignoring exception in on_member_update
Traceback (most recent call last):
  File "/usr/local/lib/python3.12/site-packages/discord/client.py", line 465, in _run_event
    await coro(*args, **kwargs)
  File "/app/asu_discord/cogs/analytics.py", line 652, in on_member_update
    before_timeout = before.timed_out_until
                     ^^^^^^^^^^^^^^^^^^^^^^
AttributeError: 'Member' object has no attribute 'timed_out_until'
Ignoring exception in on_member_update
Traceback (most recent call last):
  File "/usr/local/lib/python3.12/site-packages/discord/client.py", line 465, in _run_event
    await coro(*args, **kwargs)
  File "/app/asu_discord/cogs/analytics.py", line 652, in on_member_update
    before_timeout = before.timed_out_until
                     ^^^^^^^^^^^^^^^^^^^^^^
AttributeError: 'Member' object has no attribute 'timed_out_until'
Ignoring exception in on_member_update
Traceback (most recent call last):
  File "/usr/local/lib/python3.12/site-packages/discord/client.py", line 465, in _run_event
    await coro(*args, **kwargs)
  File "/app/asu_discord/cogs/analytics.py", line 652, in on_member_update
    before_timeout = before.timed_out_until
                     ^^^^^^^^^^^^^^^^^^^^^^
AttributeError: 'Member' object has no attribute 'timed_out_until'
Ignoring exception in on_member_update
Traceback (most recent call last):
  File "/usr/local/lib/python3.12/site-packages/discord/client.py", line 465, in _run_event
    await coro(*args, **kwargs)
  File "/app/asu_discord/cogs/analytics.py", line 652, in on_member_update
    before_timeout = before.timed_out_until
                     ^^^^^^^^^^^^^^^^^^^^^^
AttributeError: 'Member' object has no attribute 'timed_out_until'
Ignoring exception in on_member_update
Traceback (most recent call last):
  File "/usr/local/lib/python3.12/site-packages/discord/client.py", line 465, in _run_event
    await coro(*args, **kwargs)
  File "/app/asu_discord/cogs/analytics.py", line 652, in on_member_update
    before_timeout = before.timed_out_until
                     ^^^^^^^^^^^^^^^^^^^^^^
AttributeError: 'Member' object has no attribute 'timed_out_until'
Ignoring exception in on_member_update
Traceback (most recent call last):
  File "/usr/local/lib/python3.12/site-packages/discord/client.py", line 465, in _run_event
    await coro(*args, **kwargs)
  File "/app/asu_discord/cogs/analytics.py", line 652, in on_member_update
    before_timeout = before.timed_out_until
                     ^^^^^^^^^^^^^^^^^^^^^^
AttributeError: 'Member' object has no attribute 'timed_out_until'
INFO:asu_discord.cogs.verification:Saved 5 roles to database for user dcrusenb (Discord ID: 291959294365007872)
INFO:asu_discord.cogs.verification:Refreshed Salesforce roles for Discord user 291959294365007872: -5/+5 roles, assigned=[Arizona Resident, Commited, Graduate Student, Ira A. Fulton Schools of Engineering, Tempe]
Ignoring exception in on_member_update
Traceback (most recent call last):
  File "/usr/local/lib/python3.12/site-packages/discord/client.py", line 465, in _run_event
    await coro(*args, **kwargs)
  File "/app/asu_discord/cogs/analytics.py", line 652, in on_member_update
    before_timeout = before.timed_out_until
                     ^^^^^^^^^^^^^^^^^^^^^^
AttributeError: 'Member' object has no attribute 'timed_out_until'
Ignoring exception in on_member_update
Traceback (most recent call last):
  File "/usr/local/lib/python3.12/site-packages/discord/client.py", line 465, in _run_event
    await coro(*args, **kwargs)
  File "/app/asu_discord/cogs/analytics.py", line 652, in on_member_update
    before_timeout = before.timed_out_until
                     ^^^^^^^^^^^^^^^^^^^^^^
AttributeError: 'Member' object has no attribute 'timed_out_until'
Ignoring exception in on_member_update
Traceback (most recent call last):
  File "/usr/local/lib/python3.12/site-packages/discord/client.py", line 465, in _run_event
    await coro(*args, **kwargs)
  File "/app/asu_discord/cogs/analytics.py", line 652, in on_member_update
    before_timeout = before.timed_out_until
                     ^^^^^^^^^^^^^^^^^^^^^^
AttributeError: 'Member' object has no attribute 'timed_out_until'
Ignoring exception in on_member_update
Traceback (most recent call last):
  File "/usr/local/lib/python3.12/site-packages/discord/client.py", line 465, in _run_event
    await coro(*args, **kwargs)
  File "/app/asu_discord/cogs/analytics.py", line 652, in on_member_update
    before_timeout = before.timed_out_until
                     ^^^^^^^^^^^^^^^^^^^^^^
AttributeError: 'Member' object has no attribute 'timed_out_until'
Ignoring exception in on_member_update
Traceback (most recent call last):
  File "/usr/local/lib/python3.12/site-packages/discord/client.py", line 465, in _run_event
    await coro(*args, **kwargs)
  File "/app/asu_discord/cogs/analytics.py", line 652, in on_member_update
    before_timeout = before.timed_out_until
                     ^^^^^^^^^^^^^^^^^^^^^^
AttributeError: 'Member' object has no attribute 'timed_out_until'
Ignoring exception in on_member_update
Traceback (most recent call last):
  File "/usr/local/lib/python3.12/site-packages/discord/client.py", line 465, in _run_event
    await coro(*args, **kwargs)
  File "/app/asu_discord/cogs/analytics.py", line 652, in on_member_update
    before_timeout = before.timed_out_until
                     ^^^^^^^^^^^^^^^^^^^^^^
AttributeError: 'Member' object has no attribute 'timed_out_until'
Ignoring exception in on_member_update
Traceback (most recent call last):
  File "/usr/local/lib/python3.12/site-packages/discord/client.py", line 465, in _run_event
    await coro(*args, **kwargs)
  File "/app/asu_discord/cogs/analytics.py", line 652, in on_member_update
    before_timeout = before.timed_out_until
                     ^^^^^^^^^^^^^^^^^^^^^^
AttributeError: 'Member' object has no attribute 'timed_out_until'
Ignoring exception in on_member_update
Traceback (most recent call last):
  File "/usr/local/lib/python3.12/site-packages/discord/client.py", line 465, in _run_event
    await coro(*args, **kwargs)
  File "/app/asu_discord/cogs/analytics.py", line 652, in on_member_update
    before_timeout = before.timed_out_until
                     ^^^^^^^^^^^^^^^^^^^^^^
AttributeError: 'Member' object has no attribute 'timed_out_until'
Ignoring exception in on_member_update
Traceback (most recent call last):
  File "/usr/local/lib/python3.12/site-packages/discord/client.py", line 465, in _run_event
    await coro(*args, **kwargs)
  File "/app/asu_discord/cogs/analytics.py", line 652, in on_member_update
    before_timeout = before.timed_out_until
                     ^^^^^^^^^^^^^^^^^^^^^^
AttributeError: 'Member' object has no attribute 'timed_out_until'
Ignoring exception in on_member_update
Traceback (most recent call last):
  File "/usr/local/lib/python3.12/site-packages/discord/client.py", line 465, in _run_event
    await coro(*args, **kwargs)
  File "/app/asu_discord/cogs/analytics.py", line 652, in on_member_update
    before_timeout = before.timed_out_until
                     ^^^^^^^^^^^^^^^^^^^^^^
AttributeError: 'Member' object has no attribute 'timed_out_until'
INFO:asu_discord.cogs.verification:Saved 5 roles to database for user chutsko (Discord ID: 1483261058326986893)
INFO:asu_discord.cogs.verification:Refreshed Salesforce roles for Discord user 1483261058326986893: -5/+5 roles, assigned=[Arizona Resident, College of Liberal Arts and Sciences, Commited, First Year, Tempe]
Ignoring exception in on_member_update
Traceback (most recent call last):
  File "/usr/local/lib/python3.12/site-packages/discord/client.py", line 465, in _run_event
    await coro(*args, **kwargs)
  File "/app/asu_discord/cogs/analytics.py", line 652, in on_member_update
    before_timeout = before.timed_out_until
                     ^^^^^^^^^^^^^^^^^^^^^^
AttributeError: 'Member' object has no attribute 'timed_out_until'
Ignoring exception in on_member_update
Traceback (most recent call last):
  File "/usr/local/lib/python3.12/site-packages/discord/client.py", line 465, in _run_event
    await coro(*args, **kwargs)
  File "/app/asu_discord/cogs/analytics.py", line 652, in on_member_update
    before_timeout = before.timed_out_until
                     ^^^^^^^^^^^^^^^^^^^^^^
AttributeError: 'Member' object has no attribute 'timed_out_until'
Ignoring exception in on_member_update
Traceback (most recent call last):
  File "/usr/local/lib/python3.12/site-packages/discord/client.py", line 465, in _run_event
    await coro(*args, **kwargs)
  File "/app/asu_discord/cogs/analytics.py", line 652, in on_member_update
    before_timeout = before.timed_out_until
                     ^^^^^^^^^^^^^^^^^^^^^^
AttributeError: 'Member' object has no attribute 'timed_out_until'
Ignoring exception in on_member_update
Traceback (most recent call last):
  File "/usr/local/lib/python3.12/site-packages/discord/client.py", line 465, in _run_event
    await coro(*args, **kwargs)
  File "/app/asu_discord/cogs/analytics.py", line 652, in on_member_update
    before_timeout = before.timed_out_until
                     ^^^^^^^^^^^^^^^^^^^^^^
AttributeError: 'Member' object has no attribute 'timed_out_until'
Ignoring exception in on_member_update
Traceback (most recent call last):
  File "/usr/local/lib/python3.12/site-packages/discord/client.py", line 465, in _run_event
    await coro(*args, **kwargs)
  File "/app/asu_discord/cogs/analytics.py", line 652, in on_member_update
    before_timeout = before.timed_out_until
                     ^^^^^^^^^^^^^^^^^^^^^^
AttributeError: 'Member' object has no attribute 'timed_out_until'
Ignoring exception in on_member_update
Traceback (most recent call last):
  File "/usr/local/lib/python3.12/site-packages/discord/client.py", line 465, in _run_event
    await coro(*args, **kwargs)
  File "/app/asu_discord/cogs/analytics.py", line 652, in on_member_update
    before_timeout = before.timed_out_until
                     ^^^^^^^^^^^^^^^^^^^^^^
AttributeError: 'Member' object has no attribute 'timed_out_until'
Ignoring exception in on_member_update
Traceback (most recent call last):
  File "/usr/local/lib/python3.12/site-packages/discord/client.py", line 465, in _run_event
    await coro(*args, **kwargs)
  File "/app/asu_discord/cogs/analytics.py", line 652, in on_member_update
    before_timeout = before.timed_out_until
                     ^^^^^^^^^^^^^^^^^^^^^^
AttributeError: 'Member' object has no attribute 'timed_out_until'
Ignoring exception in on_member_update
Traceback (most recent call last):
  File "/usr/local/lib/python3.12/site-packages/discord/client.py", line 465, in _run_event
    await coro(*args, **kwargs)
  File "/app/asu_discord/cogs/analytics.py", line 652, in on_member_update
    before_timeout = before.timed_out_until
                     ^^^^^^^^^^^^^^^^^^^^^^
AttributeError: 'Member' object has no attribute 'timed_out_until'
Ignoring exception in on_member_update
Traceback (most recent call last):
  File "/usr/local/lib/python3.12/site-packages/discord/client.py", line 465, in _run_event
    await coro(*args, **kwargs)
  File "/app/asu_discord/cogs/analytics.py", line 652, in on_member_update
    before_timeout = before.timed_out_until
                     ^^^^^^^^^^^^^^^^^^^^^^
AttributeError: 'Member' object has no attribute 'timed_out_until'
INFO:asu_discord.cogs.verification:Saved 5 roles to database for user slpretty (Discord ID: 1483259359462035578)
INFO:asu_discord.cogs.verification:Refreshed Salesforce roles for Discord user 1483259359462035578: -5/+4 roles, assigned=[Commited, Graduate Student, Herberger Institute for Design and the Arts, Out of State, Tempe]
Ignoring exception in on_member_update
Traceback (most recent call last):
  File "/usr/local/lib/python3.12/site-packages/discord/client.py", line 465, in _run_event
    await coro(*args, **kwargs)
  File "/app/asu_discord/cogs/analytics.py", line 652, in on_member_update
    before_timeout = before.timed_out_until
                     ^^^^^^^^^^^^^^^^^^^^^^
AttributeError: 'Member' object has no attribute 'timed_out_until'
Ignoring exception in on_member_update
Traceback (most recent call last):
  File "/usr/local/lib/python3.12/site-packages/discord/client.py", line 465, in _run_event
    await coro(*args, **kwargs)
  File "/app/asu_discord/cogs/analytics.py", line 652, in on_member_update
    before_timeout = before.timed_out_until
                     ^^^^^^^^^^^^^^^^^^^^^^
AttributeError: 'Member' object has no attribute 'timed_out_until'
Ignoring exception in on_member_update
Traceback (most recent call last):
  File "/usr/local/lib/python3.12/site-packages/discord/client.py", line 465, in _run_event
    await coro(*args, **kwargs)
  File "/app/asu_discord/cogs/analytics.py", line 652, in on_member_update
    before_timeout = before.timed_out_until
                     ^^^^^^^^^^^^^^^^^^^^^^
AttributeError: 'Member' object has no attribute 'timed_out_until'
Ignoring exception in on_member_update
Traceback (most recent call last):
  File "/usr/local/lib/python3.12/site-packages/discord/client.py", line 465, in _run_event
    await coro(*args, **kwargs)
  File "/app/asu_discord/cogs/analytics.py", line 652, in on_member_update
    before_timeout = before.timed_out_until
                     ^^^^^^^^^^^^^^^^^^^^^^
AttributeError: 'Member' object has no attribute 'timed_out_until'
Ignoring exception in on_member_update
Traceback (most recent call last):
  File "/usr/local/lib/python3.12/site-packages/discord/client.py", line 465, in _run_event
    await coro(*args, **kwargs)
  File "/app/asu_discord/cogs/analytics.py", line 652, in on_member_update
    before_timeout = before.timed_out_until
                     ^^^^^^^^^^^^^^^^^^^^^^
AttributeError: 'Member' object has no attribute 'timed_out_until'
Ignoring exception in on_member_update
Traceback (most recent call last):
  File "/usr/local/lib/python3.12/site-packages/discord/client.py", line 465, in _run_event
    await coro(*args, **kwargs)
  File "/app/asu_discord/cogs/analytics.py", line 652, in on_member_update
    before_timeout = before.timed_out_until
                     ^^^^^^^^^^^^^^^^^^^^^^
AttributeError: 'Member' object has no attribute 'timed_out_until'
Ignoring exception in on_member_update
Traceback (most recent call last):
  File "/usr/local/lib/python3.12/site-packages/discord/client.py", line 465, in _run_event
    await coro(*args, **kwargs)
  File "/app/asu_discord/cogs/analytics.py", line 652, in on_member_update
    before_timeout = before.timed_out_until
                     ^^^^^^^^^^^^^^^^^^^^^^
AttributeError: 'Member' object has no attribute 'timed_out_until'
Ignoring exception in on_member_update
Traceback (most recent call last):
  File "/usr/local/lib/python3.12/site-packages/discord/client.py", line 465, in _run_event
    await coro(*args, **kwargs)
  File "/app/asu_discord/cogs/analytics.py", line 652, in on_member_update
    before_timeout = before.timed_out_until
                     ^^^^^^^^^^^^^^^^^^^^^^
AttributeError: 'Member' object has no attribute 'timed_out_until'
Ignoring exception in on_member_update
Traceback (most recent call last):
  File "/usr/local/lib/python3.12/site-packages/discord/client.py", line 465, in _run_event
    await coro(*args, **kwargs)
  File "/app/asu_discord/cogs/analytics.py", line 652, in on_member_update
    before_timeout = before.timed_out_until
                     ^^^^^^^^^^^^^^^^^^^^^^
AttributeError: 'Member' object has no attribute 'timed_out_until'
Ignoring exception in on_member_update
Traceback (most recent call last):
  File "/usr/local/lib/python3.12/site-packages/discord/client.py", line 465, in _run_event
    await coro(*args, **kwargs)
  File "/app/asu_discord/cogs/analytics.py", line 652, in on_member_update
    before_timeout = before.timed_out_until
                     ^^^^^^^^^^^^^^^^^^^^^^
AttributeError: 'Member' object has no attribute 'timed_out_until'
INFO:asu_discord.cogs.verification:Saved 5 roles to database for user ltuorto (Discord ID: 1483287995531395082)
INFO:asu_discord.cogs.verification:Refreshed Salesforce roles for Discord user 1483287995531395082: -5/+5 roles, assigned=[Commited, First Year, Out of State, Tempe, W.P. Carey School of Business]
Ignoring exception in on_member_update
Traceback (most recent call last):
  File "/usr/local/lib/python3.12/site-packages/discord/client.py", line 465, in _run_event
    await coro(*args, **kwargs)
  File "/app/asu_discord/cogs/analytics.py", line 652, in on_member_update
    before_timeout = before.timed_out_until
                     ^^^^^^^^^^^^^^^^^^^^^^
AttributeError: 'Member' object has no attribute 'timed_out_until'
Ignoring exception in on_member_update
Traceback (most recent call last):
  File "/usr/local/lib/python3.12/site-packages/discord/client.py", line 465, in _run_event
    await coro(*args, **kwargs)
  File "/app/asu_discord/cogs/analytics.py", line 652, in on_member_update
    before_timeout = before.timed_out_until
                     ^^^^^^^^^^^^^^^^^^^^^^
AttributeError: 'Member' object has no attribute 'timed_out_until'
Ignoring exception in on_member_update
Traceback (most recent call last):
  File "/usr/local/lib/python3.12/site-packages/discord/client.py", line 465, in _run_event
    await coro(*args, **kwargs)
  File "/app/asu_discord/cogs/analytics.py", line 652, in on_member_update
    before_timeout = before.timed_out_until
                     ^^^^^^^^^^^^^^^^^^^^^^
AttributeError: 'Member' object has no attribute 'timed_out_until'
Ignoring exception in on_member_update
Traceback (most recent call last):
  File "/usr/local/lib/python3.12/site-packages/discord/client.py", line 465, in _run_event
    await coro(*args, **kwargs)
  File "/app/asu_discord/cogs/analytics.py", line 652, in on_member_update
    before_timeout = before.timed_out_until
                     ^^^^^^^^^^^^^^^^^^^^^^
AttributeError: 'Member' object has no attribute 'timed_out_until'
Ignoring exception in on_member_update
Traceback (most recent call last):
  File "/usr/local/lib/python3.12/site-packages/discord/client.py", line 465, in _run_event
    await coro(*args, **kwargs)
  File "/app/asu_discord/cogs/analytics.py", line 652, in on_member_update
    before_timeout = before.timed_out_until
                     ^^^^^^^^^^^^^^^^^^^^^^
AttributeError: 'Member' object has no attribute 'timed_out_until'
Ignoring exception in on_member_update
Traceback (most recent call last):
  File "/usr/local/lib/python3.12/site-packages/discord/client.py", line 465, in _run_event
    await coro(*args, **kwargs)
  File "/app/asu_discord/cogs/analytics.py", line 652, in on_member_update
    before_timeout = before.timed_out_until
                     ^^^^^^^^^^^^^^^^^^^^^^
AttributeError: 'Member' object has no attribute 'timed_out_until'
Ignoring exception in on_member_update
Traceback (most recent call last):
  File "/usr/local/lib/python3.12/site-packages/discord/client.py", line 465, in _run_event
    await coro(*args, **kwargs)
  File "/app/asu_discord/cogs/analytics.py", line 652, in on_member_update
    before_timeout = before.timed_out_until
                     ^^^^^^^^^^^^^^^^^^^^^^
AttributeError: 'Member' object has no attribute 'timed_out_until'
Ignoring exception in on_member_update
Traceback (most recent call last):
  File "/usr/local/lib/python3.12/site-packages/discord/client.py", line 465, in _run_event
    await coro(*args, **kwargs)
  File "/app/asu_discord/cogs/analytics.py", line 652, in on_member_update
    before_timeout = before.timed_out_until
                     ^^^^^^^^^^^^^^^^^^^^^^
AttributeError: 'Member' object has no attribute 'timed_out_until'
Ignoring exception in on_member_update
Traceback (most recent call last):
  File "/usr/local/lib/python3.12/site-packages/discord/client.py", line 465, in _run_event
    await coro(*args, **kwargs)
  File "/app/asu_discord/cogs/analytics.py", line 652, in on_member_update
    before_timeout = before.timed_out_until
                     ^^^^^^^^^^^^^^^^^^^^^^
AttributeError: 'Member' object has no attribute 'timed_out_until'
Ignoring exception in on_member_update
Traceback (most recent call last):
  File "/usr/local/lib/python3.12/site-packages/discord/client.py", line 465, in _run_event
    await coro(*args, **kwargs)
  File "/app/asu_discord/cogs/analytics.py", line 652, in on_member_update
    before_timeout = before.timed_out_until
                     ^^^^^^^^^^^^^^^^^^^^^^
AttributeError: 'Member' object has no attribute 'timed_out_until'
INFO:asu_discord.cogs.verification:Saved 5 roles to database for user mlbrasse (Discord ID: 1483284277201207328)
INFO:asu_discord.cogs.verification:Refreshed Salesforce roles for Discord user 1483284277201207328: -5/+5 roles, assigned=[Commited, Mary Lou Fulton Teachers College, Out of State, Tempe, Transfer Student]
Ignoring exception in on_member_update
Traceback (most recent call last):
  File "/usr/local/lib/python3.12/site-packages/discord/client.py", line 465, in _run_event
    await coro(*args, **kwargs)
  File "/app/asu_discord/cogs/analytics.py", line 652, in on_member_update
    before_timeout = before.timed_out_until
                     ^^^^^^^^^^^^^^^^^^^^^^
AttributeError: 'Member' object has no attribute 'timed_out_until'
Ignoring exception in on_member_update
Traceback (most recent call last):
  File "/usr/local/lib/python3.12/site-packages/discord/client.py", line 465, in _run_event
    await coro(*args, **kwargs)
  File "/app/asu_discord/cogs/analytics.py", line 652, in on_member_update
    before_timeout = before.timed_out_until
                     ^^^^^^^^^^^^^^^^^^^^^^
AttributeError: 'Member' object has no attribute 'timed_out_until'
Ignoring exception in on_member_update
Traceback (most recent call last):
  File "/usr/local/lib/python3.12/site-packages/discord/client.py", line 465, in _run_event
    await coro(*args, **kwargs)
  File "/app/asu_discord/cogs/analytics.py", line 652, in on_member_update
    before_timeout = before.timed_out_until
                     ^^^^^^^^^^^^^^^^^^^^^^
AttributeError: 'Member' object has no attribute 'timed_out_until'
Ignoring exception in on_member_update
Traceback (most recent call last):
  File "/usr/local/lib/python3.12/site-packages/discord/client.py", line 465, in _run_event
    await coro(*args, **kwargs)
  File "/app/asu_discord/cogs/analytics.py", line 652, in on_member_update
    before_timeout = before.timed_out_until
                     ^^^^^^^^^^^^^^^^^^^^^^
AttributeError: 'Member' object has no attribute 'timed_out_until'
Ignoring exception in on_member_update
Traceback (most recent call last):
  File "/usr/local/lib/python3.12/site-packages/discord/client.py", line 465, in _run_event
    await coro(*args, **kwargs)
  File "/app/asu_discord/cogs/analytics.py", line 652, in on_member_update
    before_timeout = before.timed_out_until
                     ^^^^^^^^^^^^^^^^^^^^^^
AttributeError: 'Member' object has no attribute 'timed_out_until'
Ignoring exception in on_member_update
Traceback (most recent call last):
  File "/usr/local/lib/python3.12/site-packages/discord/client.py", line 465, in _run_event
    await coro(*args, **kwargs)
  File "/app/asu_discord/cogs/analytics.py", line 652, in on_member_update
    before_timeout = before.timed_out_until
                     ^^^^^^^^^^^^^^^^^^^^^^
AttributeError: 'Member' object has no attribute 'timed_out_until'
Ignoring exception in on_member_update
Traceback (most recent call last):
  File "/usr/local/lib/python3.12/site-packages/discord/client.py", line 465, in _run_event
    await coro(*args, **kwargs)
  File "/app/asu_discord/cogs/analytics.py", line 652, in on_member_update
    before_timeout = before.timed_out_until
                     ^^^^^^^^^^^^^^^^^^^^^^
AttributeError: 'Member' object has no attribute 'timed_out_until'
Ignoring exception in on_member_update
Traceback (most recent call last):
  File "/usr/local/lib/python3.12/site-packages/discord/client.py", line 465, in _run_event
    await coro(*args, **kwargs)
  File "/app/asu_discord/cogs/analytics.py", line 652, in on_member_update
    before_timeout = before.timed_out_until
                     ^^^^^^^^^^^^^^^^^^^^^^
AttributeError: 'Member' object has no attribute 'timed_out_until'
Ignoring exception in on_member_update
Traceback (most recent call last):
  File "/usr/local/lib/python3.12/site-packages/discord/client.py", line 465, in _run_event
    await coro(*args, **kwargs)
  File "/app/asu_discord/cogs/analytics.py", line 652, in on_member_update
    before_timeout = before.timed_out_until
                     ^^^^^^^^^^^^^^^^^^^^^^
AttributeError: 'Member' object has no attribute 'timed_out_until'
Ignoring exception in on_member_update
Traceback (most recent call last):
  File "/usr/local/lib/python3.12/site-packages/discord/client.py", line 465, in _run_event
    await coro(*args, **kwargs)
  File "/app/asu_discord/cogs/analytics.py", line 652, in on_member_update
    before_timeout = before.timed_out_until
                     ^^^^^^^^^^^^^^^^^^^^^^
AttributeError: 'Member' object has no attribute 'timed_out_until'
Ignoring exception in on_member_update
Traceback (most recent call last):
  File "/usr/local/lib/python3.12/site-packages/discord/client.py", line 465, in _run_event
    await coro(*args, **kwargs)
  File "/app/asu_discord/cogs/analytics.py", line 652, in on_member_update
    before_timeout = before.timed_out_until
                     ^^^^^^^^^^^^^^^^^^^^^^
AttributeError: 'Member' object has no attribute 'timed_out_until'
INFO:asu_discord.cogs.verification:Saved 6 roles to database for user ecvasqu4 (Discord ID: 1470877528070557718)
INFO:asu_discord.cogs.verification:Refreshed Salesforce roles for Discord user 1470877528070557718: -5/+6 roles, assigned=[Commited, First Generation Student, First Year, Herberger Institute for Design and the Arts, Out of State, Tempe]
Ignoring exception in on_member_update
Traceback (most recent call last):
  File "/usr/local/lib/python3.12/site-packages/discord/client.py", line 465, in _run_event
    await coro(*args, **kwargs)
  File "/app/asu_discord/cogs/analytics.py", line 652, in on_member_update
    before_timeout = before.timed_out_until
                     ^^^^^^^^^^^^^^^^^^^^^^
AttributeError: 'Member' object has no attribute 'timed_out_until'
Ignoring exception in on_member_update
Traceback (most recent call last):
  File "/usr/local/lib/python3.12/site-packages/discord/client.py", line 465, in _run_event
    await coro(*args, **kwargs)
  File "/app/asu_discord/cogs/analytics.py", line 652, in on_member_update
    before_timeout = before.timed_out_until
                     ^^^^^^^^^^^^^^^^^^^^^^
AttributeError: 'Member' object has no attribute 'timed_out_until'
Ignoring exception in on_member_update
Traceback (most recent call last):
  File "/usr/local/lib/python3.12/site-packages/discord/client.py", line 465, in _run_event
    await coro(*args, **kwargs)
  File "/app/asu_discord/cogs/analytics.py", line 652, in on_member_update
    before_timeout = before.timed_out_until
                     ^^^^^^^^^^^^^^^^^^^^^^
AttributeError: 'Member' object has no attribute 'timed_out_until'
Ignoring exception in on_member_update
Traceback (most recent call last):
  File "/usr/local/lib/python3.12/site-packages/discord/client.py", line 465, in _run_event
    await coro(*args, **kwargs)
  File "/app/asu_discord/cogs/analytics.py", line 652, in on_member_update
    before_timeout = before.timed_out_until
                     ^^^^^^^^^^^^^^^^^^^^^^
AttributeError: 'Member' object has no attribute 'timed_out_until'
Ignoring exception in on_member_update
Traceback (most recent call last):
  File "/usr/local/lib/python3.12/site-packages/discord/client.py", line 465, in _run_event
    await coro(*args, **kwargs)
  File "/app/asu_discord/cogs/analytics.py", line 652, in on_member_update
    before_timeout = before.timed_out_until
                     ^^^^^^^^^^^^^^^^^^^^^^
AttributeError: 'Member' object has no attribute 'timed_out_until'
Ignoring exception in on_member_update
Traceback (most recent call last):
  File "/usr/local/lib/python3.12/site-packages/discord/client.py", line 465, in _run_event
    await coro(*args, **kwargs)
  File "/app/asu_discord/cogs/analytics.py", line 652, in on_member_update
    before_timeout = before.timed_out_until
                     ^^^^^^^^^^^^^^^^^^^^^^
AttributeError: 'Member' object has no attribute 'timed_out_until'
Ignoring exception in on_member_update
Traceback (most recent call last):
  File "/usr/local/lib/python3.12/site-packages/discord/client.py", line 465, in _run_event
    await coro(*args, **kwargs)
  File "/app/asu_discord/cogs/analytics.py", line 652, in on_member_update
    before_timeout = before.timed_out_until
                     ^^^^^^^^^^^^^^^^^^^^^^
AttributeError: 'Member' object has no attribute 'timed_out_until'
Ignoring exception in on_member_update
Traceback (most recent call last):
  File "/usr/local/lib/python3.12/site-packages/discord/client.py", line 465, in _run_event
    await coro(*args, **kwargs)
  File "/app/asu_discord/cogs/analytics.py", line 652, in on_member_update
    before_timeout = before.timed_out_until
                     ^^^^^^^^^^^^^^^^^^^^^^
AttributeError: 'Member' object has no attribute 'timed_out_until'
Ignoring exception in on_member_update
Traceback (most recent call last):
  File "/usr/local/lib/python3.12/site-packages/discord/client.py", line 465, in _run_event
    await coro(*args, **kwargs)
  File "/app/asu_discord/cogs/analytics.py", line 652, in on_member_update
    before_timeout = before.timed_out_until
                     ^^^^^^^^^^^^^^^^^^^^^^
AttributeError: 'Member' object has no attribute 'timed_out_until'
Ignoring exception in on_member_update
Traceback (most recent call last):
  File "/usr/local/lib/python3.12/site-packages/discord/client.py", line 465, in _run_event
    await coro(*args, **kwargs)
  File "/app/asu_discord/cogs/analytics.py", line 652, in on_member_update
    before_timeout = before.timed_out_until
                     ^^^^^^^^^^^^^^^^^^^^^^
AttributeError: 'Member' object has no attribute 'timed_out_until'
INFO:asu_discord.cogs.verification:Saved 5 roles to database for user gsathota (Discord ID: 836649868834504765)
INFO:asu_discord.cogs.verification:Refreshed Salesforce roles for Discord user 836649868834504765: -5/+5 roles, assigned=[Arizona Resident, Commited, First Year, Tempe, W.P. Carey School of Business]
Ignoring exception in on_member_update
Traceback (most recent call last):
  File "/usr/local/lib/python3.12/site-packages/discord/client.py", line 465, in _run_event
    await coro(*args, **kwargs)
  File "/app/asu_discord/cogs/analytics.py", line 652, in on_member_update
    before_timeout = before.timed_out_until
                     ^^^^^^^^^^^^^^^^^^^^^^
AttributeError: 'Member' object has no attribute 'timed_out_until'
Ignoring exception in on_member_update
Traceback (most recent call last):
  File "/usr/local/lib/python3.12/site-packages/discord/client.py", line 465, in _run_event
    await coro(*args, **kwargs)
  File "/app/asu_discord/cogs/analytics.py", line 652, in on_member_update
    before_timeout = before.timed_out_until
                     ^^^^^^^^^^^^^^^^^^^^^^
AttributeError: 'Member' object has no attribute 'timed_out_until'
Ignoring exception in on_member_update
Traceback (most recent call last):
  File "/usr/local/lib/python3.12/site-packages/discord/client.py", line 465, in _run_event
    await coro(*args, **kwargs)
  File "/app/asu_discord/cogs/analytics.py", line 652, in on_member_update
    before_timeout = before.timed_out_until
                     ^^^^^^^^^^^^^^^^^^^^^^
AttributeError: 'Member' object has no attribute 'timed_out_until'
Ignoring exception in on_member_update
Traceback (most recent call last):
  File "/usr/local/lib/python3.12/site-packages/discord/client.py", line 465, in _run_event
    await coro(*args, **kwargs)
  File "/app/asu_discord/cogs/analytics.py", line 652, in on_member_update
    before_timeout = before.timed_out_until
                     ^^^^^^^^^^^^^^^^^^^^^^
AttributeError: 'Member' object has no attribute 'timed_out_until'
Ignoring exception in on_member_update
Traceback (most recent call last):
  File "/usr/local/lib/python3.12/site-packages/discord/client.py", line 465, in _run_event
    await coro(*args, **kwargs)
  File "/app/asu_discord/cogs/analytics.py", line 652, in on_member_update
    before_timeout = before.timed_out_until
                     ^^^^^^^^^^^^^^^^^^^^^^
AttributeError: 'Member' object has no attribute 'timed_out_until'
Ignoring exception in on_member_update
Traceback (most recent call last):
  File "/usr/local/lib/python3.12/site-packages/discord/client.py", line 465, in _run_event
    await coro(*args, **kwargs)
  File "/app/asu_discord/cogs/analytics.py", line 652, in on_member_update
    before_timeout = before.timed_out_until
                     ^^^^^^^^^^^^^^^^^^^^^^
AttributeError: 'Member' object has no attribute 'timed_out_until'
ERROR:cron.jobs:refresh_salesforce_roles: failed for rsilva28 (Discord ID 1483127825518039194): Timed out refresh Salesforce-based roles
Ignoring exception in on_member_update
Traceback (most recent call last):
  File "/usr/local/lib/python3.12/site-packages/discord/client.py", line 465, in _run_event
    await coro(*args, **kwargs)
  File "/app/asu_discord/cogs/analytics.py", line 652, in on_member_update
    before_timeout = before.timed_out_until
                     ^^^^^^^^^^^^^^^^^^^^^^
AttributeError: 'Member' object has no attribute 'timed_out_until'
Ignoring exception in on_member_update
Traceback (most recent call last):
  File "/usr/local/lib/python3.12/site-packages/discord/client.py", line 465, in _run_event
    await coro(*args, **kwargs)
  File "/app/asu_discord/cogs/analytics.py", line 652, in on_member_update
    before_timeout = before.timed_out_until
                     ^^^^^^^^^^^^^^^^^^^^^^
AttributeError: 'Member' object has no attribute 'timed_out_until'
Ignoring exception in on_member_update
Traceback (most recent call last):
  File "/usr/local/lib/python3.12/site-packages/discord/client.py", line 465, in _run_event
    await coro(*args, **kwargs)
  File "/app/asu_discord/cogs/analytics.py", line 652, in on_member_update
    before_timeout = before.timed_out_until
                     ^^^^^^^^^^^^^^^^^^^^^^
AttributeError: 'Member' object has no attribute 'timed_out_until'
Ignoring exception in on_member_update
Traceback (most recent call last):
  File "/usr/local/lib/python3.12/site-packages/discord/client.py", line 465, in _run_event
    await coro(*args, **kwargs)
  File "/app/asu_discord/cogs/analytics.py", line 652, in on_member_update
    before_timeout = before.timed_out_until
                     ^^^^^^^^^^^^^^^^^^^^^^
AttributeError: 'Member' object has no attribute 'timed_out_until'
Ignoring exception in on_member_update
Traceback (most recent call last):
  File "/usr/local/lib/python3.12/site-packages/discord/client.py", line 465, in _run_event
    await coro(*args, **kwargs)
  File "/app/asu_discord/cogs/analytics.py", line 652, in on_member_update
    before_timeout = before.timed_out_until
                     ^^^^^^^^^^^^^^^^^^^^^^
AttributeError: 'Member' object has no attribute 'timed_out_until'
Ignoring exception in on_member_update
Traceback (most recent call last):
  File "/usr/local/lib/python3.12/site-packages/discord/client.py", line 465, in _run_event
    await coro(*args, **kwargs)
  File "/app/asu_discord/cogs/analytics.py", line 652, in on_member_update
    before_timeout = before.timed_out_until
                     ^^^^^^^^^^^^^^^^^^^^^^
AttributeError: 'Member' object has no attribute 'timed_out_until'
Ignoring exception in on_member_update
Traceback (most recent call last):
  File "/usr/local/lib/python3.12/site-packages/discord/client.py", line 465, in _run_event
    await coro(*args, **kwargs)
  File "/app/asu_discord/cogs/analytics.py", line 652, in on_member_update
    before_timeout = before.timed_out_until
                     ^^^^^^^^^^^^^^^^^^^^^^
AttributeError: 'Member' object has no attribute 'timed_out_until'
INFO:asu_discord.cogs.verification:Saved 3 roles to database for user akhursij (Discord ID: 736846492576514099)
INFO:asu_discord.cogs.verification:Refreshed Salesforce roles for Discord user 736846492576514099: -3/+3 roles, assigned=[Graduate Student, Tempe, W.P. Carey School of Business]
Ignoring exception in on_member_update
Traceback (most recent call last):
  File "/usr/local/lib/python3.12/site-packages/discord/client.py", line 465, in _run_event
    await coro(*args, **kwargs)
  File "/app/asu_discord/cogs/analytics.py", line 652, in on_member_update
    before_timeout = before.timed_out_until
                     ^^^^^^^^^^^^^^^^^^^^^^
AttributeError: 'Member' object has no attribute 'timed_out_until'
Ignoring exception in on_member_update
Traceback (most recent call last):
  File "/usr/local/lib/python3.12/site-packages/discord/client.py", line 465, in _run_event
    await coro(*args, **kwargs)
  File "/app/asu_discord/cogs/analytics.py", line 652, in on_member_update
    before_timeout = before.timed_out_until
                     ^^^^^^^^^^^^^^^^^^^^^^
AttributeError: 'Member' object has no attribute 'timed_out_until'
Ignoring exception in on_member_update
Traceback (most recent call last):
  File "/usr/local/lib/python3.12/site-packages/discord/client.py", line 465, in _run_event
    await coro(*args, **kwargs)
  File "/app/asu_discord/cogs/analytics.py", line 652, in on_member_update
    before_timeout = before.timed_out_until
                     ^^^^^^^^^^^^^^^^^^^^^^
AttributeError: 'Member' object has no attribute 'timed_out_until'
Ignoring exception in on_member_update
Traceback (most recent call last):
  File "/usr/local/lib/python3.12/site-packages/discord/client.py", line 465, in _run_event
    await coro(*args, **kwargs)
  File "/app/asu_discord/cogs/analytics.py", line 652, in on_member_update
    before_timeout = before.timed_out_until
                     ^^^^^^^^^^^^^^^^^^^^^^
AttributeError: 'Member' object has no attribute 'timed_out_until'
Ignoring exception in on_member_update
Traceback (most recent call last):
  File "/usr/local/lib/python3.12/site-packages/discord/client.py", line 465, in _run_event
    await coro(*args, **kwargs)
  File "/app/asu_discord/cogs/analytics.py", line 652, in on_member_update
    before_timeout = before.timed_out_until
                     ^^^^^^^^^^^^^^^^^^^^^^
AttributeError: 'Member' object has no attribute 'timed_out_until'
Ignoring exception in on_member_update
Traceback (most recent call last):
  File "/usr/local/lib/python3.12/site-packages/discord/client.py", line 465, in _run_event
    await coro(*args, **kwargs)
  File "/app/asu_discord/cogs/analytics.py", line 652, in on_member_update
    before_timeout = before.timed_out_until
                     ^^^^^^^^^^^^^^^^^^^^^^
AttributeError: 'Member' object has no attribute 'timed_out_until'
Ignoring exception in on_member_update
Traceback (most recent call last):
  File "/usr/local/lib/python3.12/site-packages/discord/client.py", line 465, in _run_event
    await coro(*args, **kwargs)
  File "/app/asu_discord/cogs/analytics.py", line 652, in on_member_update
    before_timeout = before.timed_out_until
                     ^^^^^^^^^^^^^^^^^^^^^^
AttributeError: 'Member' object has no attribute 'timed_out_until'
Ignoring exception in on_member_update
Traceback (most recent call last):
  File "/usr/local/lib/python3.12/site-packages/discord/client.py", line 465, in _run_event
    await coro(*args, **kwargs)
  File "/app/asu_discord/cogs/analytics.py", line 652, in on_member_update
    before_timeout = before.timed_out_until
                     ^^^^^^^^^^^^^^^^^^^^^^
AttributeError: 'Member' object has no attribute 'timed_out_until'
Ignoring exception in on_member_update
Traceback (most recent call last):
  File "/usr/local/lib/python3.12/site-packages/discord/client.py", line 465, in _run_event
    await coro(*args, **kwargs)
  File "/app/asu_discord/cogs/analytics.py", line 652, in on_member_update
    before_timeout = before.timed_out_until
                     ^^^^^^^^^^^^^^^^^^^^^^
AttributeError: 'Member' object has no attribute 'timed_out_until'
Ignoring exception in on_member_update
Traceback (most recent call last):
  File "/usr/local/lib/python3.12/site-packages/discord/client.py", line 465, in _run_event
    await coro(*args, **kwargs)
  File "/app/asu_discord/cogs/analytics.py", line 652, in on_member_update
    before_timeout = before.timed_out_until
                     ^^^^^^^^^^^^^^^^^^^^^^
AttributeError: 'Member' object has no attribute 'timed_out_until'
Ignoring exception in on_member_update
Traceback (most recent call last):
  File "/usr/local/lib/python3.12/site-packages/discord/client.py", line 465, in _run_event
    await coro(*args, **kwargs)
  File "/app/asu_discord/cogs/analytics.py", line 652, in on_member_update
    before_timeout = before.timed_out_until
                     ^^^^^^^^^^^^^^^^^^^^^^
AttributeError: 'Member' object has no attribute 'timed_out_until'
INFO:asu_discord.cogs.verification:Saved 5 roles to database for user nmoham46 (Discord ID: 701725739984355408)
INFO:asu_discord.cogs.verification:Refreshed Salesforce roles for Discord user 701725739984355408: -5/+5 roles, assigned=[Commited, Graduate Student, International Student, Ira A. Fulton Schools of Engineering, Polytechnic]
ERROR:cron.jobs:refresh_salesforce_roles: failed for royceyao (Discord ID 1101526250427777106): Failed to refresh Salesforce-based roles: Discord user 1101526250427777106 is not a member of the guild
Ignoring exception in on_member_update
Traceback (most recent call last):
  File "/usr/local/lib/python3.12/site-packages/discord/client.py", line 465, in _run_event
    await coro(*args, **kwargs)
  File "/app/asu_discord/cogs/analytics.py", line 652, in on_member_update
    before_timeout = before.timed_out_until
                     ^^^^^^^^^^^^^^^^^^^^^^
AttributeError: 'Member' object has no attribute 'timed_out_until'
Ignoring exception in on_member_update
Traceback (most recent call last):
  File "/usr/local/lib/python3.12/site-packages/discord/client.py", line 465, in _run_event
    await coro(*args, **kwargs)
  File "/app/asu_discord/cogs/analytics.py", line 652, in on_member_update
    before_timeout = before.timed_out_until
                     ^^^^^^^^^^^^^^^^^^^^^^
AttributeError: 'Member' object has no attribute 'timed_out_until'
Ignoring exception in on_member_update
Traceback (most recent call last):
  File "/usr/local/lib/python3.12/site-packages/discord/client.py", line 465, in _run_event
    await coro(*args, **kwargs)
  File "/app/asu_discord/cogs/analytics.py", line 652, in on_member_update
    before_timeout = before.timed_out_until
                     ^^^^^^^^^^^^^^^^^^^^^^
AttributeError: 'Member' object has no attribute 'timed_out_until'
Ignoring exception in on_member_update
Traceback (most recent call last):
  File "/usr/local/lib/python3.12/site-packages/discord/client.py", line 465, in _run_event
    await coro(*args, **kwargs)
  File "/app/asu_discord/cogs/analytics.py", line 652, in on_member_update
    before_timeout = before.timed_out_until
                     ^^^^^^^^^^^^^^^^^^^^^^
AttributeError: 'Member' object has no attribute 'timed_out_until'
Ignoring exception in on_member_update
Traceback (most recent call last):
  File "/usr/local/lib/python3.12/site-packages/discord/client.py", line 465, in _run_event
    await coro(*args, **kwargs)
  File "/app/asu_discord/cogs/analytics.py", line 652, in on_member_update
    before_timeout = before.timed_out_until
                     ^^^^^^^^^^^^^^^^^^^^^^
AttributeError: 'Member' object has no attribute 'timed_out_until'
Ignoring exception in on_member_update
Traceback (most recent call last):
  File "/usr/local/lib/python3.12/site-packages/discord/client.py", line 465, in _run_event
    await coro(*args, **kwargs)
  File "/app/asu_discord/cogs/analytics.py", line 652, in on_member_update
    before_timeout = before.timed_out_until
                     ^^^^^^^^^^^^^^^^^^^^^^
AttributeError: 'Member' object has no attribute 'timed_out_until'
Ignoring exception in on_member_update
Traceback (most recent call last):
  File "/usr/local/lib/python3.12/site-packages/discord/client.py", line 465, in _run_event
    await coro(*args, **kwargs)
  File "/app/asu_discord/cogs/analytics.py", line 652, in on_member_update
    before_timeout = before.timed_out_until
                     ^^^^^^^^^^^^^^^^^^^^^^
AttributeError: 'Member' object has no attribute 'timed_out_until'
Ignoring exception in on_member_update
Traceback (most recent call last):
  File "/usr/local/lib/python3.12/site-packages/discord/client.py", line 465, in _run_event
    await coro(*args, **kwargs)
  File "/app/asu_discord/cogs/analytics.py", line 652, in on_member_update
    before_timeout = before.timed_out_until
                     ^^^^^^^^^^^^^^^^^^^^^^
AttributeError: 'Member' object has no attribute 'timed_out_until'
Ignoring exception in on_member_update
Traceback (most recent call last):
  File "/usr/local/lib/python3.12/site-packages/discord/client.py", line 465, in _run_event
    await coro(*args, **kwargs)
  File "/app/asu_discord/cogs/analytics.py", line 652, in on_member_update
    before_timeout = before.timed_out_until
                     ^^^^^^^^^^^^^^^^^^^^^^
AttributeError: 'Member' object has no attribute 'timed_out_until'
Ignoring exception in on_member_update
Traceback (most recent call last):
  File "/usr/local/lib/python3.12/site-packages/discord/client.py", line 465, in _run_event
    await coro(*args, **kwargs)
  File "/app/asu_discord/cogs/analytics.py", line 652, in on_member_update
    before_timeout = before.timed_out_until
                     ^^^^^^^^^^^^^^^^^^^^^^
AttributeError: 'Member' object has no attribute 'timed_out_until'
INFO:asu_discord.cogs.verification:Saved 5 roles to database for user rkenkare (Discord ID: 1286480437933244513)
INFO:asu_discord.cogs.verification:Refreshed Salesforce roles for Discord user 1286480437933244513: -5/+5 roles, assigned=[First Generation Student, Graduate Student, Ira A. Fulton Schools of Engineering, Out of State, Tempe]
Ignoring exception in on_member_update
Traceback (most recent call last):
  File "/usr/local/lib/python3.12/site-packages/discord/client.py", line 465, in _run_event
    await coro(*args, **kwargs)
  File "/app/asu_discord/cogs/analytics.py", line 652, in on_member_update
    before_timeout = before.timed_out_until
                     ^^^^^^^^^^^^^^^^^^^^^^
AttributeError: 'Member' object has no attribute 'timed_out_until'
Ignoring exception in on_member_update
Traceback (most recent call last):
  File "/usr/local/lib/python3.12/site-packages/discord/client.py", line 465, in _run_event
    await coro(*args, **kwargs)
  File "/app/asu_discord/cogs/analytics.py", line 652, in on_member_update
    before_timeout = before.timed_out_until
                     ^^^^^^^^^^^^^^^^^^^^^^
AttributeError: 'Member' object has no attribute 'timed_out_until'
Ignoring exception in on_member_update
Traceback (most recent call last):
  File "/usr/local/lib/python3.12/site-packages/discord/client.py", line 465, in _run_event
    await coro(*args, **kwargs)
  File "/app/asu_discord/cogs/analytics.py", line 652, in on_member_update
    before_timeout = before.timed_out_until
                     ^^^^^^^^^^^^^^^^^^^^^^
AttributeError: 'Member' object has no attribute 'timed_out_until'
Ignoring exception in on_member_update
Traceback (most recent call last):
  File "/usr/local/lib/python3.12/site-packages/discord/client.py", line 465, in _run_event
    await coro(*args, **kwargs)
  File "/app/asu_discord/cogs/analytics.py", line 652, in on_member_update
    before_timeout = before.timed_out_until
                     ^^^^^^^^^^^^^^^^^^^^^^
AttributeError: 'Member' object has no attribute 'timed_out_until'
Ignoring exception in on_member_update
Traceback (most recent call last):
  File "/usr/local/lib/python3.12/site-packages/discord/client.py", line 465, in _run_event
    await coro(*args, **kwargs)
  File "/app/asu_discord/cogs/analytics.py", line 652, in on_member_update
    before_timeout = before.timed_out_until
                     ^^^^^^^^^^^^^^^^^^^^^^
AttributeError: 'Member' object has no attribute 'timed_out_until'
Ignoring exception in on_member_update
Traceback (most recent call last):
  File "/usr/local/lib/python3.12/site-packages/discord/client.py", line 465, in _run_event
    await coro(*args, **kwargs)
  File "/app/asu_discord/cogs/analytics.py", line 652, in on_member_update
    before_timeout = before.timed_out_until
                     ^^^^^^^^^^^^^^^^^^^^^^
AttributeError: 'Member' object has no attribute 'timed_out_until'
Ignoring exception in on_member_update
Traceback (most recent call last):
  File "/usr/local/lib/python3.12/site-packages/discord/client.py", line 465, in _run_event
    await coro(*args, **kwargs)
  File "/app/asu_discord/cogs/analytics.py", line 652, in on_member_update
    before_timeout = before.timed_out_until
                     ^^^^^^^^^^^^^^^^^^^^^^
AttributeError: 'Member' object has no attribute 'timed_out_until'
Ignoring exception in on_member_update
Traceback (most recent call last):
  File "/usr/local/lib/python3.12/site-packages/discord/client.py", line 465, in _run_event
    await coro(*args, **kwargs)
  File "/app/asu_discord/cogs/analytics.py", line 652, in on_member_update
    before_timeout = before.timed_out_until
                     ^^^^^^^^^^^^^^^^^^^^^^
AttributeError: 'Member' object has no attribute 'timed_out_until'
Ignoring exception in on_member_update
Traceback (most recent call last):
  File "/usr/local/lib/python3.12/site-packages/discord/client.py", line 465, in _run_event
    await coro(*args, **kwargs)
  File "/app/asu_discord/cogs/analytics.py", line 652, in on_member_update
    before_timeout = before.timed_out_until
                     ^^^^^^^^^^^^^^^^^^^^^^
AttributeError: 'Member' object has no attribute 'timed_out_until'
INFO:asu_discord.cogs.verification:Saved 5 roles to database for user leescarc (Discord ID: 1216969834974285911)
INFO:asu_discord.cogs.verification:Refreshed Salesforce roles for Discord user 1216969834974285911: -4/+5 roles, assigned=[Arizona Resident, Commited, First Year, Ira A. Fulton Schools of Engineering, Online]
Ignoring exception in on_member_update
Traceback (most recent call last):
  File "/usr/local/lib/python3.12/site-packages/discord/client.py", line 465, in _run_event
    await coro(*args, **kwargs)
  File "/app/asu_discord/cogs/analytics.py", line 652, in on_member_update
    before_timeout = before.timed_out_until
                     ^^^^^^^^^^^^^^^^^^^^^^
AttributeError: 'Member' object has no attribute 'timed_out_until'
Ignoring exception in on_member_update
Traceback (most recent call last):
  File "/usr/local/lib/python3.12/site-packages/discord/client.py", line 465, in _run_event
    await coro(*args, **kwargs)
  File "/app/asu_discord/cogs/analytics.py", line 652, in on_member_update
    before_timeout = before.timed_out_until
                     ^^^^^^^^^^^^^^^^^^^^^^
AttributeError: 'Member' object has no attribute 'timed_out_until'
Ignoring exception in on_member_update
Traceback (most recent call last):
  File "/usr/local/lib/python3.12/site-packages/discord/client.py", line 465, in _run_event
    await coro(*args, **kwargs)
  File "/app/asu_discord/cogs/analytics.py", line 652, in on_member_update
    before_timeout = before.timed_out_until
                     ^^^^^^^^^^^^^^^^^^^^^^
AttributeError: 'Member' object has no attribute 'timed_out_until'
Ignoring exception in on_member_update
Traceback (most recent call last):
  File "/usr/local/lib/python3.12/site-packages/discord/client.py", line 465, in _run_event
    await coro(*args, **kwargs)
  File "/app/asu_discord/cogs/analytics.py", line 652, in on_member_update
    before_timeout = before.timed_out_until
                     ^^^^^^^^^^^^^^^^^^^^^^
AttributeError: 'Member' object has no attribute 'timed_out_until'
Ignoring exception in on_member_update
Traceback (most recent call last):
  File "/usr/local/lib/python3.12/site-packages/discord/client.py", line 465, in _run_event
    await coro(*args, **kwargs)
  File "/app/asu_discord/cogs/analytics.py", line 652, in on_member_update
    before_timeout = before.timed_out_until
                     ^^^^^^^^^^^^^^^^^^^^^^
AttributeError: 'Member' object has no attribute 'timed_out_until'
Ignoring exception in on_member_update
Traceback (most recent call last):
  File "/usr/local/lib/python3.12/site-packages/discord/client.py", line 465, in _run_event
    await coro(*args, **kwargs)
  File "/app/asu_discord/cogs/analytics.py", line 652, in on_member_update
    before_timeout = before.timed_out_until
                     ^^^^^^^^^^^^^^^^^^^^^^
AttributeError: 'Member' object has no attribute 'timed_out_until'
Ignoring exception in on_member_update
Traceback (most recent call last):
  File "/usr/local/lib/python3.12/site-packages/discord/client.py", line 465, in _run_event
    await coro(*args, **kwargs)
  File "/app/asu_discord/cogs/analytics.py", line 652, in on_member_update
    before_timeout = before.timed_out_until
                     ^^^^^^^^^^^^^^^^^^^^^^
AttributeError: 'Member' object has no attribute 'timed_out_until'
Ignoring exception in on_member_update
Traceback (most recent call last):
  File "/usr/local/lib/python3.12/site-packages/discord/client.py", line 465, in _run_event
    await coro(*args, **kwargs)
  File "/app/asu_discord/cogs/analytics.py", line 652, in on_member_update
    before_timeout = before.timed_out_until
                     ^^^^^^^^^^^^^^^^^^^^^^
AttributeError: 'Member' object has no attribute 'timed_out_until'
Ignoring exception in on_member_update
Traceback (most recent call last):
  File "/usr/local/lib/python3.12/site-packages/discord/client.py", line 465, in _run_event
    await coro(*args, **kwargs)
  File "/app/asu_discord/cogs/analytics.py", line 652, in on_member_update
    before_timeout = before.timed_out_until
                     ^^^^^^^^^^^^^^^^^^^^^^
AttributeError: 'Member' object has no attribute 'timed_out_until'
Ignoring exception in on_member_update
Traceback (most recent call last):
  File "/usr/local/lib/python3.12/site-packages/discord/client.py", line 465, in _run_event
    await coro(*args, **kwargs)
  File "/app/asu_discord/cogs/analytics.py", line 652, in on_member_update
    before_timeout = before.timed_out_until
                     ^^^^^^^^^^^^^^^^^^^^^^
AttributeError: 'Member' object has no attribute 'timed_out_until'
INFO:asu_discord.cogs.verification:Saved 5 roles to database for user abattl13 (Discord ID: 1291891226949455974)
INFO:asu_discord.cogs.verification:Refreshed Salesforce roles for Discord user 1291891226949455974: -5/+5 roles, assigned=[Arizona Resident, College of Liberal Arts and Sciences, First Generation Student, First Year, Tempe]
ERROR:cron.jobs:refresh_salesforce_roles: failed for pmamidi5 (Discord ID 1423344937461616751): Failed to refresh Salesforce-based roles: Discord user 1423344937461616751 is not a member of the guild
Ignoring exception in on_member_update
Traceback (most recent call last):
  File "/usr/local/lib/python3.12/site-packages/discord/client.py", line 465, in _run_event
    await coro(*args, **kwargs)
  File "/app/asu_discord/cogs/analytics.py", line 652, in on_member_update
    before_timeout = before.timed_out_until
                     ^^^^^^^^^^^^^^^^^^^^^^
AttributeError: 'Member' object has no attribute 'timed_out_until'
Ignoring exception in on_member_update
Traceback (most recent call last):
  File "/usr/local/lib/python3.12/site-packages/discord/client.py", line 465, in _run_event
    await coro(*args, **kwargs)
  File "/app/asu_discord/cogs/analytics.py", line 652, in on_member_update
    before_timeout = before.timed_out_until
                     ^^^^^^^^^^^^^^^^^^^^^^
AttributeError: 'Member' object has no attribute 'timed_out_until'
Ignoring exception in on_member_update
Traceback (most recent call last):
  File "/usr/local/lib/python3.12/site-packages/discord/client.py", line 465, in _run_event
    await coro(*args, **kwargs)
  File "/app/asu_discord/cogs/analytics.py", line 652, in on_member_update
    before_timeout = before.timed_out_until
                     ^^^^^^^^^^^^^^^^^^^^^^
AttributeError: 'Member' object has no attribute 'timed_out_until'
Ignoring exception in on_member_update
Traceback (most recent call last):
  File "/usr/local/lib/python3.12/site-packages/discord/client.py", line 465, in _run_event
    await coro(*args, **kwargs)
  File "/app/asu_discord/cogs/analytics.py", line 652, in on_member_update
    before_timeout = before.timed_out_until
                     ^^^^^^^^^^^^^^^^^^^^^^
AttributeError: 'Member' object has no attribute 'timed_out_until'
Ignoring exception in on_member_update
Traceback (most recent call last):
  File "/usr/local/lib/python3.12/site-packages/discord/client.py", line 465, in _run_event
    await coro(*args, **kwargs)
  File "/app/asu_discord/cogs/analytics.py", line 652, in on_member_update
    before_timeout = before.timed_out_until
                     ^^^^^^^^^^^^^^^^^^^^^^
AttributeError: 'Member' object has no attribute 'timed_out_until'
Ignoring exception in on_member_update
Traceback (most recent call last):
  File "/usr/local/lib/python3.12/site-packages/discord/client.py", line 465, in _run_event
    await coro(*args, **kwargs)
  File "/app/asu_discord/cogs/analytics.py", line 652, in on_member_update
    before_timeout = before.timed_out_until
                     ^^^^^^^^^^^^^^^^^^^^^^
AttributeError: 'Member' object has no attribute 'timed_out_until'
Ignoring exception in on_member_update
Traceback (most recent call last):
  File "/usr/local/lib/python3.12/site-packages/discord/client.py", line 465, in _run_event
    await coro(*args, **kwargs)
  File "/app/asu_discord/cogs/analytics.py", line 652, in on_member_update
    before_timeout = before.timed_out_until
                     ^^^^^^^^^^^^^^^^^^^^^^
AttributeError: 'Member' object has no attribute 'timed_out_until'
Ignoring exception in on_member_update
Traceback (most recent call last):
  File "/usr/local/lib/python3.12/site-packages/discord/client.py", line 465, in _run_event
    await coro(*args, **kwargs)
  File "/app/asu_discord/cogs/analytics.py", line 652, in on_member_update
    before_timeout = before.timed_out_until
                     ^^^^^^^^^^^^^^^^^^^^^^
AttributeError: 'Member' object has no attribute 'timed_out_until'
Ignoring exception in on_member_update
Traceback (most recent call last):
  File "/usr/local/lib/python3.12/site-packages/discord/client.py", line 465, in _run_event
    await coro(*args, **kwargs)
  File "/app/asu_discord/cogs/analytics.py", line 652, in on_member_update
    before_timeout = before.timed_out_until
                     ^^^^^^^^^^^^^^^^^^^^^^
AttributeError: 'Member' object has no attribute 'timed_out_until'
Ignoring exception in on_member_update
Traceback (most recent call last):
  File "/usr/local/lib/python3.12/site-packages/discord/client.py", line 465, in _run_event
    await coro(*args, **kwargs)
  File "/app/asu_discord/cogs/analytics.py", line 652, in on_member_update
    before_timeout = before.timed_out_until
                     ^^^^^^^^^^^^^^^^^^^^^^
AttributeError: 'Member' object has no attribute 'timed_out_until'
INFO:asu_discord.cogs.verification:Saved 6 roles to database for user elope226 (Discord ID: 764651522536767520)
INFO:asu_discord.cogs.verification:Refreshed Salesforce roles for Discord user 764651522536767520: -4/+6 roles, assigned=[Arizona Resident, Commited, First Generation Student, First Year, Tempe, W.P. Carey School of Business]
Ignoring exception in on_member_update
Traceback (most recent call last):
  File "/usr/local/lib/python3.12/site-packages/discord/client.py", line 465, in _run_event
    await coro(*args, **kwargs)
  File "/app/asu_discord/cogs/analytics.py", line 652, in on_member_update
    before_timeout = before.timed_out_until
                     ^^^^^^^^^^^^^^^^^^^^^^
AttributeError: 'Member' object has no attribute 'timed_out_until'
Ignoring exception in on_member_update
Traceback (most recent call last):
  File "/usr/local/lib/python3.12/site-packages/discord/client.py", line 465, in _run_event
    await coro(*args, **kwargs)
  File "/app/asu_discord/cogs/analytics.py", line 652, in on_member_update
    before_timeout = before.timed_out_until
                     ^^^^^^^^^^^^^^^^^^^^^^
AttributeError: 'Member' object has no attribute 'timed_out_until'
Ignoring exception in on_member_update
Traceback (most recent call last):
  File "/usr/local/lib/python3.12/site-packages/discord/client.py", line 465, in _run_event
    await coro(*args, **kwargs)
  File "/app/asu_discord/cogs/analytics.py", line 652, in on_member_update
    before_timeout = before.timed_out_until
                     ^^^^^^^^^^^^^^^^^^^^^^
AttributeError: 'Member' object has no attribute 'timed_out_until'
Ignoring exception in on_member_update
Traceback (most recent call last):
  File "/usr/local/lib/python3.12/site-packages/discord/client.py", line 465, in _run_event
    await coro(*args, **kwargs)
  File "/app/asu_discord/cogs/analytics.py", line 652, in on_member_update
    before_timeout = before.timed_out_until
                     ^^^^^^^^^^^^^^^^^^^^^^
AttributeError: 'Member' object has no attribute 'timed_out_until'
Ignoring exception in on_member_update
Traceback (most recent call last):
  File "/usr/local/lib/python3.12/site-packages/discord/client.py", line 465, in _run_event
    await coro(*args, **kwargs)
  File "/app/asu_discord/cogs/analytics.py", line 652, in on_member_update
    before_timeout = before.timed_out_until
                     ^^^^^^^^^^^^^^^^^^^^^^
AttributeError: 'Member' object has no attribute 'timed_out_until'
Ignoring exception in on_member_update
Traceback (most recent call last):
  File "/usr/local/lib/python3.12/site-packages/discord/client.py", line 465, in _run_event
    await coro(*args, **kwargs)
  File "/app/asu_discord/cogs/analytics.py", line 652, in on_member_update
    before_timeout = before.timed_out_until
                     ^^^^^^^^^^^^^^^^^^^^^^
AttributeError: 'Member' object has no attribute 'timed_out_until'
Ignoring exception in on_member_update
Traceback (most recent call last):
  File "/usr/local/lib/python3.12/site-packages/discord/client.py", line 465, in _run_event
    await coro(*args, **kwargs)
  File "/app/asu_discord/cogs/analytics.py", line 652, in on_member_update
    before_timeout = before.timed_out_until
                     ^^^^^^^^^^^^^^^^^^^^^^
AttributeError: 'Member' object has no attribute 'timed_out_until'
Ignoring exception in on_member_update
Traceback (most recent call last):
  File "/usr/local/lib/python3.12/site-packages/discord/client.py", line 465, in _run_event
    await coro(*args, **kwargs)
  File "/app/asu_discord/cogs/analytics.py", line 652, in on_member_update
    before_timeout = before.timed_out_until
                     ^^^^^^^^^^^^^^^^^^^^^^
AttributeError: 'Member' object has no attribute 'timed_out_until'
Ignoring exception in on_member_update
Traceback (most recent call last):
  File "/usr/local/lib/python3.12/site-packages/discord/client.py", line 465, in _run_event
    await coro(*args, **kwargs)
  File "/app/asu_discord/cogs/analytics.py", line 652, in on_member_update
    before_timeout = before.timed_out_until
                     ^^^^^^^^^^^^^^^^^^^^^^
AttributeError: 'Member' object has no attribute 'timed_out_until'
Ignoring exception in on_member_update
Traceback (most recent call last):
  File "/usr/local/lib/python3.12/site-packages/discord/client.py", line 465, in _run_event
    await coro(*args, **kwargs)
  File "/app/asu_discord/cogs/analytics.py", line 652, in on_member_update
    before_timeout = before.timed_out_until
                     ^^^^^^^^^^^^^^^^^^^^^^
AttributeError: 'Member' object has no attribute 'timed_out_until'
INFO:asu_discord.cogs.verification:Saved 5 roles to database for user pedial (Discord ID: 1082713861733490811)
INFO:asu_discord.cogs.verification:Refreshed Salesforce roles for Discord user 1082713861733490811: -5/+5 roles, assigned=[Arizona Resident, College of Liberal Arts and Sciences, Commited, First Year, West Valley]
Ignoring exception in on_member_update
Traceback (most recent call last):
  File "/usr/local/lib/python3.12/site-packages/discord/client.py", line 465, in _run_event
    await coro(*args, **kwargs)
  File "/app/asu_discord/cogs/analytics.py", line 652, in on_member_update
    before_timeout = before.timed_out_until
                     ^^^^^^^^^^^^^^^^^^^^^^
AttributeError: 'Member' object has no attribute 'timed_out_until'
Ignoring exception in on_member_update
Traceback (most recent call last):
  File "/usr/local/lib/python3.12/site-packages/discord/client.py", line 465, in _run_event
    await coro(*args, **kwargs)
  File "/app/asu_discord/cogs/analytics.py", line 652, in on_member_update
    before_timeout = before.timed_out_until
                     ^^^^^^^^^^^^^^^^^^^^^^
AttributeError: 'Member' object has no attribute 'timed_out_until'
Ignoring exception in on_member_update
Traceback (most recent call last):
  File "/usr/local/lib/python3.12/site-packages/discord/client.py", line 465, in _run_event
    await coro(*args, **kwargs)
  File "/app/asu_discord/cogs/analytics.py", line 652, in on_member_update
    before_timeout = before.timed_out_until
                     ^^^^^^^^^^^^^^^^^^^^^^
AttributeError: 'Member' object has no attribute 'timed_out_until'
Ignoring exception in on_member_update
Traceback (most recent call last):
  File "/usr/local/lib/python3.12/site-packages/discord/client.py", line 465, in _run_event
    await coro(*args, **kwargs)
  File "/app/asu_discord/cogs/analytics.py", line 652, in on_member_update
    before_timeout = before.timed_out_until
                     ^^^^^^^^^^^^^^^^^^^^^^
AttributeError: 'Member' object has no attribute 'timed_out_until'
Ignoring exception in on_member_update
Traceback (most recent call last):
  File "/usr/local/lib/python3.12/site-packages/discord/client.py", line 465, in _run_event
    await coro(*args, **kwargs)
  File "/app/asu_discord/cogs/analytics.py", line 652, in on_member_update
    before_timeout = before.timed_out_until
                     ^^^^^^^^^^^^^^^^^^^^^^
AttributeError: 'Member' object has no attribute 'timed_out_until'
Ignoring exception in on_member_update
Traceback (most recent call last):
  File "/usr/local/lib/python3.12/site-packages/discord/client.py", line 465, in _run_event
    await coro(*args, **kwargs)
  File "/app/asu_discord/cogs/analytics.py", line 652, in on_member_update
    before_timeout = before.timed_out_until
                     ^^^^^^^^^^^^^^^^^^^^^^
AttributeError: 'Member' object has no attribute 'timed_out_until'
Ignoring exception in on_member_update
Traceback (most recent call last):
  File "/usr/local/lib/python3.12/site-packages/discord/client.py", line 465, in _run_event
    await coro(*args, **kwargs)
  File "/app/asu_discord/cogs/analytics.py", line 652, in on_member_update
    before_timeout = before.timed_out_until
                     ^^^^^^^^^^^^^^^^^^^^^^
AttributeError: 'Member' object has no attribute 'timed_out_until'
Ignoring exception in on_member_update
Traceback (most recent call last):
  File "/usr/local/lib/python3.12/site-packages/discord/client.py", line 465, in _run_event
    await coro(*args, **kwargs)
  File "/app/asu_discord/cogs/analytics.py", line 652, in on_member_update
    before_timeout = before.timed_out_until
                     ^^^^^^^^^^^^^^^^^^^^^^
AttributeError: 'Member' object has no attribute 'timed_out_until'
Ignoring exception in on_member_update
Traceback (most recent call last):
  File "/usr/local/lib/python3.12/site-packages/discord/client.py", line 465, in _run_event
    await coro(*args, **kwargs)
  File "/app/asu_discord/cogs/analytics.py", line 652, in on_member_update
    before_timeout = before.timed_out_until
                     ^^^^^^^^^^^^^^^^^^^^^^
AttributeError: 'Member' object has no attribute 'timed_out_until'
INFO:asu_discord.cogs.verification:Saved 6 roles to database for user vmuppara (Discord ID: 1029040187096973332)
INFO:asu_discord.cogs.verification:Refreshed Salesforce roles for Discord user 1029040187096973332: -4/+5 roles, assigned=[Commited, First Generation Student, Graduate Student, International Student, Ira A. Fulton Schools of Engineering, Polytechnic]
ERROR:cron.jobs:refresh_salesforce_roles: failed for adiaz215 (Discord ID 546128958404427796): Failed to refresh Salesforce-based roles: Discord user 546128958404427796 is not a member of the guild
Ignoring exception in on_member_update
Traceback (most recent call last):
  File "/usr/local/lib/python3.12/site-packages/discord/client.py", line 465, in _run_event
    await coro(*args, **kwargs)
  File "/app/asu_discord/cogs/analytics.py", line 652, in on_member_update
    before_timeout = before.timed_out_until
                     ^^^^^^^^^^^^^^^^^^^^^^
AttributeError: 'Member' object has no attribute 'timed_out_until'
Ignoring exception in on_member_update
Traceback (most recent call last):
  File "/usr/local/lib/python3.12/site-packages/discord/client.py", line 465, in _run_event
    await coro(*args, **kwargs)
  File "/app/asu_discord/cogs/analytics.py", line 652, in on_member_update
    before_timeout = before.timed_out_until
                     ^^^^^^^^^^^^^^^^^^^^^^
AttributeError: 'Member' object has no attribute 'timed_out_until'
Ignoring exception in on_member_update
Traceback (most recent call last):
  File "/usr/local/lib/python3.12/site-packages/discord/client.py", line 465, in _run_event
    await coro(*args, **kwargs)
  File "/app/asu_discord/cogs/analytics.py", line 652, in on_member_update
    before_timeout = before.timed_out_until
                     ^^^^^^^^^^^^^^^^^^^^^^
AttributeError: 'Member' object has no attribute 'timed_out_until'
Ignoring exception in on_member_update
Traceback (most recent call last):
  File "/usr/local/lib/python3.12/site-packages/discord/client.py", line 465, in _run_event
    await coro(*args, **kwargs)
  File "/app/asu_discord/cogs/analytics.py", line 652, in on_member_update
    before_timeout = before.timed_out_until
                     ^^^^^^^^^^^^^^^^^^^^^^
AttributeError: 'Member' object has no attribute 'timed_out_until'
Ignoring exception in on_member_update
Traceback (most recent call last):
  File "/usr/local/lib/python3.12/site-packages/discord/client.py", line 465, in _run_event
    await coro(*args, **kwargs)
  File "/app/asu_discord/cogs/analytics.py", line 652, in on_member_update
    before_timeout = before.timed_out_until
                     ^^^^^^^^^^^^^^^^^^^^^^
AttributeError: 'Member' object has no attribute 'timed_out_until'
Ignoring exception in on_member_update
Traceback (most recent call last):
  File "/usr/local/lib/python3.12/site-packages/discord/client.py", line 465, in _run_event
    await coro(*args, **kwargs)
  File "/app/asu_discord/cogs/analytics.py", line 652, in on_member_update
    before_timeout = before.timed_out_until
                     ^^^^^^^^^^^^^^^^^^^^^^
AttributeError: 'Member' object has no attribute 'timed_out_until'
Ignoring exception in on_member_update
Traceback (most recent call last):
  File "/usr/local/lib/python3.12/site-packages/discord/client.py", line 465, in _run_event
    await coro(*args, **kwargs)
  File "/app/asu_discord/cogs/analytics.py", line 652, in on_member_update
    before_timeout = before.timed_out_until
                     ^^^^^^^^^^^^^^^^^^^^^^
AttributeError: 'Member' object has no attribute 'timed_out_until'
Ignoring exception in on_member_update
Traceback (most recent call last):
  File "/usr/local/lib/python3.12/site-packages/discord/client.py", line 465, in _run_event
    await coro(*args, **kwargs)
  File "/app/asu_discord/cogs/analytics.py", line 652, in on_member_update
    before_timeout = before.timed_out_until
                     ^^^^^^^^^^^^^^^^^^^^^^
AttributeError: 'Member' object has no attribute 'timed_out_until'
Ignoring exception in on_member_update
Traceback (most recent call last):
  File "/usr/local/lib/python3.12/site-packages/discord/client.py", line 465, in _run_event
    await coro(*args, **kwargs)
  File "/app/asu_discord/cogs/analytics.py", line 652, in on_member_update
    before_timeout = before.timed_out_until
                     ^^^^^^^^^^^^^^^^^^^^^^
AttributeError: 'Member' object has no attribute 'timed_out_until'
INFO:asu_discord.cogs.verification:Saved 5 roles to database for user hsapra1 (Discord ID: 793567905144111104)
INFO:asu_discord.cogs.verification:Refreshed Salesforce roles for Discord user 793567905144111104: -5/+4 roles, assigned=[Arizona Resident, Commited, First Year, Polytechnic, W.P. Carey School of Business]
ERROR:cron.jobs:refresh_salesforce_roles: failed for iafletch (Discord ID 366364806862602241): Failed to refresh Salesforce-based roles: Discord user 366364806862602241 is not a member of the guild
Ignoring exception in on_member_update
Traceback (most recent call last):
  File "/usr/local/lib/python3.12/site-packages/discord/client.py", line 465, in _run_event
    await coro(*args, **kwargs)
  File "/app/asu_discord/cogs/analytics.py", line 652, in on_member_update
    before_timeout = before.timed_out_until
                     ^^^^^^^^^^^^^^^^^^^^^^
AttributeError: 'Member' object has no attribute 'timed_out_until'
Ignoring exception in on_member_update
Traceback (most recent call last):
  File "/usr/local/lib/python3.12/site-packages/discord/client.py", line 465, in _run_event
    await coro(*args, **kwargs)
  File "/app/asu_discord/cogs/analytics.py", line 652, in on_member_update
    before_timeout = before.timed_out_until
                     ^^^^^^^^^^^^^^^^^^^^^^
AttributeError: 'Member' object has no attribute 'timed_out_until'
Ignoring exception in on_member_update
Traceback (most recent call last):
  File "/usr/local/lib/python3.12/site-packages/discord/client.py", line 465, in _run_event
    await coro(*args, **kwargs)
  File "/app/asu_discord/cogs/analytics.py", line 652, in on_member_update
    before_timeout = before.timed_out_until
                     ^^^^^^^^^^^^^^^^^^^^^^
AttributeError: 'Member' object has no attribute 'timed_out_until'
Ignoring exception in on_member_update
Traceback (most recent call last):
  File "/usr/local/lib/python3.12/site-packages/discord/client.py", line 465, in _run_event
    await coro(*args, **kwargs)
  File "/app/asu_discord/cogs/analytics.py", line 652, in on_member_update
    before_timeout = before.timed_out_until
                     ^^^^^^^^^^^^^^^^^^^^^^
AttributeError: 'Member' object has no attribute 'timed_out_until'
Ignoring exception in on_member_update
Traceback (most recent call last):
  File "/usr/local/lib/python3.12/site-packages/discord/client.py", line 465, in _run_event
    await coro(*args, **kwargs)
  File "/app/asu_discord/cogs/analytics.py", line 652, in on_member_update
    before_timeout = before.timed_out_until
                     ^^^^^^^^^^^^^^^^^^^^^^
AttributeError: 'Member' object has no attribute 'timed_out_until'
Ignoring exception in on_member_update
Traceback (most recent call last):
  File "/usr/local/lib/python3.12/site-packages/discord/client.py", line 465, in _run_event
    await coro(*args, **kwargs)
  File "/app/asu_discord/cogs/analytics.py", line 652, in on_member_update
    before_timeout = before.timed_out_until
                     ^^^^^^^^^^^^^^^^^^^^^^
AttributeError: 'Member' object has no attribute 'timed_out_until'
Ignoring exception in on_member_update
Traceback (most recent call last):
  File "/usr/local/lib/python3.12/site-packages/discord/client.py", line 465, in _run_event
    await coro(*args, **kwargs)
  File "/app/asu_discord/cogs/analytics.py", line 652, in on_member_update
    before_timeout = before.timed_out_until
                     ^^^^^^^^^^^^^^^^^^^^^^
AttributeError: 'Member' object has no attribute 'timed_out_until'
Ignoring exception in on_member_update
Traceback (most recent call last):
  File "/usr/local/lib/python3.12/site-packages/discord/client.py", line 465, in _run_event
    await coro(*args, **kwargs)
  File "/app/asu_discord/cogs/analytics.py", line 652, in on_member_update
    before_timeout = before.timed_out_until
                     ^^^^^^^^^^^^^^^^^^^^^^
AttributeError: 'Member' object has no attribute 'timed_out_until'
Ignoring exception in on_member_update
Traceback (most recent call last):
  File "/usr/local/lib/python3.12/site-packages/discord/client.py", line 465, in _run_event
    await coro(*args, **kwargs)
  File "/app/asu_discord/cogs/analytics.py", line 652, in on_member_update
    before_timeout = before.timed_out_until
                     ^^^^^^^^^^^^^^^^^^^^^^
AttributeError: 'Member' object has no attribute 'timed_out_until'
Ignoring exception in on_member_update
Traceback (most recent call last):
  File "/usr/local/lib/python3.12/site-packages/discord/client.py", line 465, in _run_event
    await coro(*args, **kwargs)
  File "/app/asu_discord/cogs/analytics.py", line 652, in on_member_update
    before_timeout = before.timed_out_until
                     ^^^^^^^^^^^^^^^^^^^^^^
AttributeError: 'Member' object has no attribute 'timed_out_until'
INFO:asu_discord.cogs.verification:Saved 5 roles to database for user nacquaah (Discord ID: 1475664860426801371)
INFO:asu_discord.cogs.verification:Refreshed Salesforce roles for Discord user 1475664860426801371: -5/+5 roles, assigned=[First Generation Student, Graduate Student, International Student, Ira A. Fulton Schools of Engineering, Polytechnic]
Ignoring exception in on_member_update
Traceback (most recent call last):
  File "/usr/local/lib/python3.12/site-packages/discord/client.py", line 465, in _run_event
    await coro(*args, **kwargs)
  File "/app/asu_discord/cogs/analytics.py", line 652, in on_member_update
    before_timeout = before.timed_out_until
                     ^^^^^^^^^^^^^^^^^^^^^^
AttributeError: 'Member' object has no attribute 'timed_out_until'
Ignoring exception in on_member_update
Traceback (most recent call last):
  File "/usr/local/lib/python3.12/site-packages/discord/client.py", line 465, in _run_event
    await coro(*args, **kwargs)
  File "/app/asu_discord/cogs/analytics.py", line 652, in on_member_update
    before_timeout = before.timed_out_until
                     ^^^^^^^^^^^^^^^^^^^^^^
AttributeError: 'Member' object has no attribute 'timed_out_until'
Ignoring exception in on_member_update
Traceback (most recent call last):
  File "/usr/local/lib/python3.12/site-packages/discord/client.py", line 465, in _run_event
    await coro(*args, **kwargs)
  File "/app/asu_discord/cogs/analytics.py", line 652, in on_member_update
    before_timeout = before.timed_out_until
                     ^^^^^^^^^^^^^^^^^^^^^^
AttributeError: 'Member' object has no attribute 'timed_out_until'
Ignoring exception in on_member_update
Traceback (most recent call last):
  File "/usr/local/lib/python3.12/site-packages/discord/client.py", line 465, in _run_event
    await coro(*args, **kwargs)
  File "/app/asu_discord/cogs/analytics.py", line 652, in on_member_update
    before_timeout = before.timed_out_until
                     ^^^^^^^^^^^^^^^^^^^^^^
AttributeError: 'Member' object has no attribute 'timed_out_until'
Ignoring exception in on_member_update
Traceback (most recent call last):
  File "/usr/local/lib/python3.12/site-packages/discord/client.py", line 465, in _run_event
    await coro(*args, **kwargs)
  File "/app/asu_discord/cogs/analytics.py", line 652, in on_member_update
    before_timeout = before.timed_out_until
                     ^^^^^^^^^^^^^^^^^^^^^^
AttributeError: 'Member' object has no attribute 'timed_out_until'
Ignoring exception in on_member_update
Traceback (most recent call last):
  File "/usr/local/lib/python3.12/site-packages/discord/client.py", line 465, in _run_event
    await coro(*args, **kwargs)
  File "/app/asu_discord/cogs/analytics.py", line 652, in on_member_update
    before_timeout = before.timed_out_until
                     ^^^^^^^^^^^^^^^^^^^^^^
AttributeError: 'Member' object has no attribute 'timed_out_until'
Ignoring exception in on_member_update
Traceback (most recent call last):
  File "/usr/local/lib/python3.12/site-packages/discord/client.py", line 465, in _run_event
    await coro(*args, **kwargs)
  File "/app/asu_discord/cogs/analytics.py", line 652, in on_member_update
    before_timeout = before.timed_out_until
                     ^^^^^^^^^^^^^^^^^^^^^^
AttributeError: 'Member' object has no attribute 'timed_out_until'
Ignoring exception in on_member_update
Traceback (most recent call last):
  File "/usr/local/lib/python3.12/site-packages/discord/client.py", line 465, in _run_event
    await coro(*args, **kwargs)
  File "/app/asu_discord/cogs/analytics.py", line 652, in on_member_update
    before_timeout = before.timed_out_until
                     ^^^^^^^^^^^^^^^^^^^^^^
AttributeError: 'Member' object has no attribute 'timed_out_until'
INFO:asu_discord.cogs.verification:Saved 4 roles to database for user rpfiguer (Discord ID: 271745296751525899)
INFO:asu_discord.cogs.verification:Refreshed Salesforce roles for Discord user 271745296751525899: -4/+4 roles, assigned=[Arizona Resident, College of Integrative Sciences and Arts, Online, Upperclassmen]
Ignoring exception in on_member_update
Traceback (most recent call last):
  File "/usr/local/lib/python3.12/site-packages/discord/client.py", line 465, in _run_event
    await coro(*args, **kwargs)
  File "/app/asu_discord/cogs/analytics.py", line 652, in on_member_update
    before_timeout = before.timed_out_until
                     ^^^^^^^^^^^^^^^^^^^^^^
AttributeError: 'Member' object has no attribute 'timed_out_until'
Ignoring exception in on_member_update
Traceback (most recent call last):
  File "/usr/local/lib/python3.12/site-packages/discord/client.py", line 465, in _run_event
    await coro(*args, **kwargs)
  File "/app/asu_discord/cogs/analytics.py", line 652, in on_member_update
    before_timeout = before.timed_out_until
                     ^^^^^^^^^^^^^^^^^^^^^^
AttributeError: 'Member' object has no attribute 'timed_out_until'
Ignoring exception in on_member_update
Traceback (most recent call last):
  File "/usr/local/lib/python3.12/site-packages/discord/client.py", line 465, in _run_event
    await coro(*args, **kwargs)
  File "/app/asu_discord/cogs/analytics.py", line 652, in on_member_update
    before_timeout = before.timed_out_until
                     ^^^^^^^^^^^^^^^^^^^^^^
AttributeError: 'Member' object has no attribute 'timed_out_until'
Ignoring exception in on_member_update
Traceback (most recent call last):
  File "/usr/local/lib/python3.12/site-packages/discord/client.py", line 465, in _run_event
    await coro(*args, **kwargs)
  File "/app/asu_discord/cogs/analytics.py", line 652, in on_member_update
    before_timeout = before.timed_out_until
                     ^^^^^^^^^^^^^^^^^^^^^^
AttributeError: 'Member' object has no attribute 'timed_out_until'
Ignoring exception in on_member_update
Traceback (most recent call last):
  File "/usr/local/lib/python3.12/site-packages/discord/client.py", line 465, in _run_event
    await coro(*args, **kwargs)
  File "/app/asu_discord/cogs/analytics.py", line 652, in on_member_update
    before_timeout = before.timed_out_until
                     ^^^^^^^^^^^^^^^^^^^^^^
AttributeError: 'Member' object has no attribute 'timed_out_until'
Ignoring exception in on_member_update
Traceback (most recent call last):
  File "/usr/local/lib/python3.12/site-packages/discord/client.py", line 465, in _run_event
    await coro(*args, **kwargs)
  File "/app/asu_discord/cogs/analytics.py", line 652, in on_member_update
    before_timeout = before.timed_out_until
                     ^^^^^^^^^^^^^^^^^^^^^^
AttributeError: 'Member' object has no attribute 'timed_out_until'
Ignoring exception in on_member_update
Traceback (most recent call last):
  File "/usr/local/lib/python3.12/site-packages/discord/client.py", line 465, in _run_event
    await coro(*args, **kwargs)
  File "/app/asu_discord/cogs/analytics.py", line 652, in on_member_update
    before_timeout = before.timed_out_until
                     ^^^^^^^^^^^^^^^^^^^^^^
AttributeError: 'Member' object has no attribute 'timed_out_until'
Ignoring exception in on_member_update
Traceback (most recent call last):
  File "/usr/local/lib/python3.12/site-packages/discord/client.py", line 465, in _run_event
    await coro(*args, **kwargs)
  File "/app/asu_discord/cogs/analytics.py", line 652, in on_member_update
    before_timeout = before.timed_out_until
                     ^^^^^^^^^^^^^^^^^^^^^^
AttributeError: 'Member' object has no attribute 'timed_out_until'
Ignoring exception in on_member_update
Traceback (most recent call last):
  File "/usr/local/lib/python3.12/site-packages/discord/client.py", line 465, in _run_event
    await coro(*args, **kwargs)
  File "/app/asu_discord/cogs/analytics.py", line 652, in on_member_update
    before_timeout = before.timed_out_until
                     ^^^^^^^^^^^^^^^^^^^^^^
AttributeError: 'Member' object has no attribute 'timed_out_until'
Ignoring exception in on_member_update
Traceback (most recent call last):
  File "/usr/local/lib/python3.12/site-packages/discord/client.py", line 465, in _run_event
    await coro(*args, **kwargs)
  File "/app/asu_discord/cogs/analytics.py", line 652, in on_member_update
    before_timeout = before.timed_out_until
                     ^^^^^^^^^^^^^^^^^^^^^^
AttributeError: 'Member' object has no attribute 'timed_out_until'
INFO:asu_discord.cogs.verification:Saved 5 roles to database for user amarx12 (Discord ID: 641333043495436319)
INFO:asu_discord.cogs.verification:Refreshed Salesforce roles for Discord user 641333043495436319: -5/+5 roles, assigned=[Arizona Resident, Commited, First Year, Polytechnic, W.P. Carey School of Business]
Ignoring exception in on_member_update
Traceback (most recent call last):
  File "/usr/local/lib/python3.12/site-packages/discord/client.py", line 465, in _run_event
    await coro(*args, **kwargs)
  File "/app/asu_discord/cogs/analytics.py", line 652, in on_member_update
    before_timeout = before.timed_out_until
                     ^^^^^^^^^^^^^^^^^^^^^^
AttributeError: 'Member' object has no attribute 'timed_out_until'
Ignoring exception in on_member_update
Traceback (most recent call last):
  File "/usr/local/lib/python3.12/site-packages/discord/client.py", line 465, in _run_event
    await coro(*args, **kwargs)
  File "/app/asu_discord/cogs/analytics.py", line 652, in on_member_update
    before_timeout = before.timed_out_until
                     ^^^^^^^^^^^^^^^^^^^^^^
AttributeError: 'Member' object has no attribute 'timed_out_until'
Ignoring exception in on_member_update
Traceback (most recent call last):
  File "/usr/local/lib/python3.12/site-packages/discord/client.py", line 465, in _run_event
    await coro(*args, **kwargs)
  File "/app/asu_discord/cogs/analytics.py", line 652, in on_member_update
    before_timeout = before.timed_out_until
                     ^^^^^^^^^^^^^^^^^^^^^^
AttributeError: 'Member' object has no attribute 'timed_out_until'
Ignoring exception in on_member_update
Traceback (most recent call last):
  File "/usr/local/lib/python3.12/site-packages/discord/client.py", line 465, in _run_event
    await coro(*args, **kwargs)
  File "/app/asu_discord/cogs/analytics.py", line 652, in on_member_update
    before_timeout = before.timed_out_until
                     ^^^^^^^^^^^^^^^^^^^^^^
AttributeError: 'Member' object has no attribute 'timed_out_until'
Ignoring exception in on_member_update
Traceback (most recent call last):
  File "/usr/local/lib/python3.12/site-packages/discord/client.py", line 465, in _run_event
    await coro(*args, **kwargs)
  File "/app/asu_discord/cogs/analytics.py", line 652, in on_member_update
    before_timeout = before.timed_out_until
                     ^^^^^^^^^^^^^^^^^^^^^^
AttributeError: 'Member' object has no attribute 'timed_out_until'
Ignoring exception in on_member_update
Traceback (most recent call last):
  File "/usr/local/lib/python3.12/site-packages/discord/client.py", line 465, in _run_event
    await coro(*args, **kwargs)
  File "/app/asu_discord/cogs/analytics.py", line 652, in on_member_update
    before_timeout = before.timed_out_until
                     ^^^^^^^^^^^^^^^^^^^^^^
AttributeError: 'Member' object has no attribute 'timed_out_until'
Ignoring exception in on_member_update
Traceback (most recent call last):
  File "/usr/local/lib/python3.12/site-packages/discord/client.py", line 465, in _run_event
    await coro(*args, **kwargs)
  File "/app/asu_discord/cogs/analytics.py", line 652, in on_member_update
    before_timeout = before.timed_out_until
                     ^^^^^^^^^^^^^^^^^^^^^^
AttributeError: 'Member' object has no attribute 'timed_out_until'
Ignoring exception in on_member_update
Traceback (most recent call last):
  File "/usr/local/lib/python3.12/site-packages/discord/client.py", line 465, in _run_event
    await coro(*args, **kwargs)
  File "/app/asu_discord/cogs/analytics.py", line 652, in on_member_update
    before_timeout = before.timed_out_until
                     ^^^^^^^^^^^^^^^^^^^^^^
AttributeError: 'Member' object has no attribute 'timed_out_until'
Ignoring exception in on_member_update
Traceback (most recent call last):
  File "/usr/local/lib/python3.12/site-packages/discord/client.py", line 465, in _run_event
    await coro(*args, **kwargs)
  File "/app/asu_discord/cogs/analytics.py", line 652, in on_member_update
    before_timeout = before.timed_out_until
                     ^^^^^^^^^^^^^^^^^^^^^^
AttributeError: 'Member' object has no attribute 'timed_out_until'
Ignoring exception in on_member_update
Traceback (most recent call last):
  File "/usr/local/lib/python3.12/site-packages/discord/client.py", line 465, in _run_event
    await coro(*args, **kwargs)
  File "/app/asu_discord/cogs/analytics.py", line 652, in on_member_update
    before_timeout = before.timed_out_until
                     ^^^^^^^^^^^^^^^^^^^^^^
AttributeError: 'Member' object has no attribute 'timed_out_until'
Ignoring exception in on_member_update
Traceback (most recent call last):
  File "/usr/local/lib/python3.12/site-packages/discord/client.py", line 465, in _run_event
    await coro(*args, **kwargs)
  File "/app/asu_discord/cogs/analytics.py", line 652, in on_member_update
    before_timeout = before.timed_out_until
                     ^^^^^^^^^^^^^^^^^^^^^^
AttributeError: 'Member' object has no attribute 'timed_out_until'
Ignoring exception in on_member_update
Traceback (most recent call last):
  File "/usr/local/lib/python3.12/site-packages/discord/client.py", line 465, in _run_event
    await coro(*args, **kwargs)
  File "/app/asu_discord/cogs/analytics.py", line 652, in on_member_update
    before_timeout = before.timed_out_until
                     ^^^^^^^^^^^^^^^^^^^^^^
AttributeError: 'Member' object has no attribute 'timed_out_until'
INFO:asu_discord.cogs.verification:Saved 6 roles to database for user deherna9 (Discord ID: 852018294868541500)
INFO:asu_discord.cogs.verification:Refreshed Salesforce roles for Discord user 852018294868541500: -6/+6 roles, assigned=[Arizona Resident, College of Liberal Arts and Sciences, Commited, First Generation Student, Tempe, Transfer Student]
Ignoring exception in on_member_update
Traceback (most recent call last):
  File "/usr/local/lib/python3.12/site-packages/discord/client.py", line 465, in _run_event
    await coro(*args, **kwargs)
  File "/app/asu_discord/cogs/analytics.py", line 652, in on_member_update
    before_timeout = before.timed_out_until
                     ^^^^^^^^^^^^^^^^^^^^^^
AttributeError: 'Member' object has no attribute 'timed_out_until'
Ignoring exception in on_member_update
Traceback (most recent call last):
  File "/usr/local/lib/python3.12/site-packages/discord/client.py", line 465, in _run_event
    await coro(*args, **kwargs)
  File "/app/asu_discord/cogs/analytics.py", line 652, in on_member_update
    before_timeout = before.timed_out_until
                     ^^^^^^^^^^^^^^^^^^^^^^
AttributeError: 'Member' object has no attribute 'timed_out_until'
Ignoring exception in on_member_update
Traceback (most recent call last):
  File "/usr/local/lib/python3.12/site-packages/discord/client.py", line 465, in _run_event
    await coro(*args, **kwargs)
  File "/app/asu_discord/cogs/analytics.py", line 652, in on_member_update
    before_timeout = before.timed_out_until
                     ^^^^^^^^^^^^^^^^^^^^^^
AttributeError: 'Member' object has no attribute 'timed_out_until'
Ignoring exception in on_member_update
Traceback (most recent call last):
  File "/usr/local/lib/python3.12/site-packages/discord/client.py", line 465, in _run_event
    await coro(*args, **kwargs)
  File "/app/asu_discord/cogs/analytics.py", line 652, in on_member_update
    before_timeout = before.timed_out_until
                     ^^^^^^^^^^^^^^^^^^^^^^
AttributeError: 'Member' object has no attribute 'timed_out_until'
Ignoring exception in on_member_update
Traceback (most recent call last):
  File "/usr/local/lib/python3.12/site-packages/discord/client.py", line 465, in _run_event
    await coro(*args, **kwargs)
  File "/app/asu_discord/cogs/analytics.py", line 652, in on_member_update
    before_timeout = before.timed_out_until
                     ^^^^^^^^^^^^^^^^^^^^^^
AttributeError: 'Member' object has no attribute 'timed_out_until'
Ignoring exception in on_member_update
Traceback (most recent call last):
  File "/usr/local/lib/python3.12/site-packages/discord/client.py", line 465, in _run_event
    await coro(*args, **kwargs)
  File "/app/asu_discord/cogs/analytics.py", line 652, in on_member_update
    before_timeout = before.timed_out_until
                     ^^^^^^^^^^^^^^^^^^^^^^
AttributeError: 'Member' object has no attribute 'timed_out_until'
Ignoring exception in on_member_update
Traceback (most recent call last):
  File "/usr/local/lib/python3.12/site-packages/discord/client.py", line 465, in _run_event
    await coro(*args, **kwargs)
  File "/app/asu_discord/cogs/analytics.py", line 652, in on_member_update
    before_timeout = before.timed_out_until
                     ^^^^^^^^^^^^^^^^^^^^^^
AttributeError: 'Member' object has no attribute 'timed_out_until'
INFO:asu_discord.cogs.verification:Saved 4 roles to database for user alhibber (Discord ID: 971524890870050908)
INFO:asu_discord.cogs.verification:Refreshed Salesforce roles for Discord user 971524890870050908: -4/+4 roles, assigned=[Arizona Resident, First Year, Tempe, W.P. Carey School of Business]
Ignoring exception in on_member_update
Traceback (most recent call last):
  File "/usr/local/lib/python3.12/site-packages/discord/client.py", line 465, in _run_event
    await coro(*args, **kwargs)
  File "/app/asu_discord/cogs/analytics.py", line 652, in on_member_update
    before_timeout = before.timed_out_until
                     ^^^^^^^^^^^^^^^^^^^^^^
AttributeError: 'Member' object has no attribute 'timed_out_until'
Ignoring exception in on_member_update
Traceback (most recent call last):
  File "/usr/local/lib/python3.12/site-packages/discord/client.py", line 465, in _run_event
    await coro(*args, **kwargs)
  File "/app/asu_discord/cogs/analytics.py", line 652, in on_member_update
    before_timeout = before.timed_out_until
                     ^^^^^^^^^^^^^^^^^^^^^^
AttributeError: 'Member' object has no attribute 'timed_out_until'
Ignoring exception in on_member_update
Traceback (most recent call last):
  File "/usr/local/lib/python3.12/site-packages/discord/client.py", line 465, in _run_event
    await coro(*args, **kwargs)
  File "/app/asu_discord/cogs/analytics.py", line 652, in on_member_update
    before_timeout = before.timed_out_until
                     ^^^^^^^^^^^^^^^^^^^^^^
AttributeError: 'Member' object has no attribute 'timed_out_until'
Ignoring exception in on_member_update
Traceback (most recent call last):
  File "/usr/local/lib/python3.12/site-packages/discord/client.py", line 465, in _run_event
    await coro(*args, **kwargs)
  File "/app/asu_discord/cogs/analytics.py", line 652, in on_member_update
    before_timeout = before.timed_out_until
                     ^^^^^^^^^^^^^^^^^^^^^^
AttributeError: 'Member' object has no attribute 'timed_out_until'
Ignoring exception in on_member_update
Traceback (most recent call last):
  File "/usr/local/lib/python3.12/site-packages/discord/client.py", line 465, in _run_event
    await coro(*args, **kwargs)
  File "/app/asu_discord/cogs/analytics.py", line 652, in on_member_update
    before_timeout = before.timed_out_until
                     ^^^^^^^^^^^^^^^^^^^^^^
AttributeError: 'Member' object has no attribute 'timed_out_until'
Ignoring exception in on_member_update
Traceback (most recent call last):
  File "/usr/local/lib/python3.12/site-packages/discord/client.py", line 465, in _run_event
    await coro(*args, **kwargs)
  File "/app/asu_discord/cogs/analytics.py", line 652, in on_member_update
    before_timeout = before.timed_out_until
                     ^^^^^^^^^^^^^^^^^^^^^^
AttributeError: 'Member' object has no attribute 'timed_out_until'
Ignoring exception in on_member_update
Traceback (most recent call last):
  File "/usr/local/lib/python3.12/site-packages/discord/client.py", line 465, in _run_event
    await coro(*args, **kwargs)
  File "/app/asu_discord/cogs/analytics.py", line 652, in on_member_update
    before_timeout = before.timed_out_until
                     ^^^^^^^^^^^^^^^^^^^^^^
AttributeError: 'Member' object has no attribute 'timed_out_until'
Ignoring exception in on_member_update
Traceback (most recent call last):
  File "/usr/local/lib/python3.12/site-packages/discord/client.py", line 465, in _run_event
    await coro(*args, **kwargs)
  File "/app/asu_discord/cogs/analytics.py", line 652, in on_member_update
    before_timeout = before.timed_out_until
                     ^^^^^^^^^^^^^^^^^^^^^^
AttributeError: 'Member' object has no attribute 'timed_out_until'
Ignoring exception in on_member_update
Traceback (most recent call last):
  File "/usr/local/lib/python3.12/site-packages/discord/client.py", line 465, in _run_event
    await coro(*args, **kwargs)
  File "/app/asu_discord/cogs/analytics.py", line 652, in on_member_update
    before_timeout = before.timed_out_until
                     ^^^^^^^^^^^^^^^^^^^^^^
AttributeError: 'Member' object has no attribute 'timed_out_until'
Ignoring exception in on_member_update
Traceback (most recent call last):
  File "/usr/local/lib/python3.12/site-packages/discord/client.py", line 465, in _run_event
    await coro(*args, **kwargs)
  File "/app/asu_discord/cogs/analytics.py", line 652, in on_member_update
    before_timeout = before.timed_out_until
                     ^^^^^^^^^^^^^^^^^^^^^^
AttributeError: 'Member' object has no attribute 'timed_out_until'
Ignoring exception in on_member_update
Traceback (most recent call last):
  File "/usr/local/lib/python3.12/site-packages/discord/client.py", line 465, in _run_event
    await coro(*args, **kwargs)
  File "/app/asu_discord/cogs/analytics.py", line 652, in on_member_update
    before_timeout = before.timed_out_until
                     ^^^^^^^^^^^^^^^^^^^^^^
AttributeError: 'Member' object has no attribute 'timed_out_until'
INFO:asu_discord.cogs.verification:Saved 5 roles to database for user yhuan657 (Discord ID: 1472990351374684320)
INFO:asu_discord.cogs.verification:Refreshed Salesforce roles for Discord user 1472990351374684320: -5/+5 roles, assigned=[Commited, Graduate Student, Ira A. Fulton Schools of Engineering, Out of State, Polytechnic]
Ignoring exception in on_member_update
Traceback (most recent call last):
  File "/usr/local/lib/python3.12/site-packages/discord/client.py", line 465, in _run_event
    await coro(*args, **kwargs)
  File "/app/asu_discord/cogs/analytics.py", line 652, in on_member_update
    before_timeout = before.timed_out_until
                     ^^^^^^^^^^^^^^^^^^^^^^
AttributeError: 'Member' object has no attribute 'timed_out_until'
Ignoring exception in on_member_update
Traceback (most recent call last):
  File "/usr/local/lib/python3.12/site-packages/discord/client.py", line 465, in _run_event
    await coro(*args, **kwargs)
  File "/app/asu_discord/cogs/analytics.py", line 652, in on_member_update
    before_timeout = before.timed_out_until
                     ^^^^^^^^^^^^^^^^^^^^^^
AttributeError: 'Member' object has no attribute 'timed_out_until'
Ignoring exception in on_member_update
Traceback (most recent call last):
  File "/usr/local/lib/python3.12/site-packages/discord/client.py", line 465, in _run_event
    await coro(*args, **kwargs)
  File "/app/asu_discord/cogs/analytics.py", line 652, in on_member_update
    before_timeout = before.timed_out_until
                     ^^^^^^^^^^^^^^^^^^^^^^
AttributeError: 'Member' object has no attribute 'timed_out_until'
Ignoring exception in on_member_update
Traceback (most recent call last):
  File "/usr/local/lib/python3.12/site-packages/discord/client.py", line 465, in _run_event
    await coro(*args, **kwargs)
  File "/app/asu_discord/cogs/analytics.py", line 652, in on_member_update
    before_timeout = before.timed_out_until
                     ^^^^^^^^^^^^^^^^^^^^^^
AttributeError: 'Member' object has no attribute 'timed_out_until'
Ignoring exception in on_member_update
Traceback (most recent call last):
  File "/usr/local/lib/python3.12/site-packages/discord/client.py", line 465, in _run_event
    await coro(*args, **kwargs)
  File "/app/asu_discord/cogs/analytics.py", line 652, in on_member_update
    before_timeout = before.timed_out_until
                     ^^^^^^^^^^^^^^^^^^^^^^
AttributeError: 'Member' object has no attribute 'timed_out_until'
Ignoring exception in on_member_update
Traceback (most recent call last):
  File "/usr/local/lib/python3.12/site-packages/discord/client.py", line 465, in _run_event
    await coro(*args, **kwargs)
  File "/app/asu_discord/cogs/analytics.py", line 652, in on_member_update
    before_timeout = before.timed_out_until
                     ^^^^^^^^^^^^^^^^^^^^^^
AttributeError: 'Member' object has no attribute 'timed_out_until'
Ignoring exception in on_member_update
Traceback (most recent call last):
  File "/usr/local/lib/python3.12/site-packages/discord/client.py", line 465, in _run_event
    await coro(*args, **kwargs)
  File "/app/asu_discord/cogs/analytics.py", line 652, in on_member_update
    before_timeout = before.timed_out_until
                     ^^^^^^^^^^^^^^^^^^^^^^
AttributeError: 'Member' object has no attribute 'timed_out_until'
Ignoring exception in on_member_update
Traceback (most recent call last):
  File "/usr/local/lib/python3.12/site-packages/discord/client.py", line 465, in _run_event
    await coro(*args, **kwargs)
  File "/app/asu_discord/cogs/analytics.py", line 652, in on_member_update
    before_timeout = before.timed_out_until
                     ^^^^^^^^^^^^^^^^^^^^^^
AttributeError: 'Member' object has no attribute 'timed_out_until'
Ignoring exception in on_member_update
Traceback (most recent call last):
  File "/usr/local/lib/python3.12/site-packages/discord/client.py", line 465, in _run_event
    await coro(*args, **kwargs)
  File "/app/asu_discord/cogs/analytics.py", line 652, in on_member_update
    before_timeout = before.timed_out_until
                     ^^^^^^^^^^^^^^^^^^^^^^
AttributeError: 'Member' object has no attribute 'timed_out_until'
Ignoring exception in on_member_update
Traceback (most recent call last):
  File "/usr/local/lib/python3.12/site-packages/discord/client.py", line 465, in _run_event
    await coro(*args, **kwargs)
  File "/app/asu_discord/cogs/analytics.py", line 652, in on_member_update
    before_timeout = before.timed_out_until
                     ^^^^^^^^^^^^^^^^^^^^^^
AttributeError: 'Member' object has no attribute 'timed_out_until'
Ignoring exception in on_member_update
Traceback (most recent call last):
  File "/usr/local/lib/python3.12/site-packages/discord/client.py", line 465, in _run_event
    await coro(*args, **kwargs)
  File "/app/asu_discord/cogs/analytics.py", line 652, in on_member_update
    before_timeout = before.timed_out_until
                     ^^^^^^^^^^^^^^^^^^^^^^
AttributeError: 'Member' object has no attribute 'timed_out_until'
INFO:asu_discord.cogs.verification:Saved 5 roles to database for user mndixon2 (Discord ID: 1470208776765313117)
INFO:asu_discord.cogs.verification:Refreshed Salesforce roles for Discord user 1470208776765313117: -5/+5 roles, assigned=[Arizona Resident, College of Integrative Sciences and Arts, Online, Transfer Student, Upperclassmen]
Ignoring exception in on_member_update
Traceback (most recent call last):
  File "/usr/local/lib/python3.12/site-packages/discord/client.py", line 465, in _run_event
    await coro(*args, **kwargs)
  File "/app/asu_discord/cogs/analytics.py", line 652, in on_member_update
    before_timeout = before.timed_out_until
                     ^^^^^^^^^^^^^^^^^^^^^^
AttributeError: 'Member' object has no attribute 'timed_out_until'
Ignoring exception in on_member_update
Traceback (most recent call last):
  File "/usr/local/lib/python3.12/site-packages/discord/client.py", line 465, in _run_event
    await coro(*args, **kwargs)
  File "/app/asu_discord/cogs/analytics.py", line 652, in on_member_update
    before_timeout = before.timed_out_until
                     ^^^^^^^^^^^^^^^^^^^^^^
AttributeError: 'Member' object has no attribute 'timed_out_until'
Ignoring exception in on_member_update
Traceback (most recent call last):
  File "/usr/local/lib/python3.12/site-packages/discord/client.py", line 465, in _run_event
    await coro(*args, **kwargs)
  File "/app/asu_discord/cogs/analytics.py", line 652, in on_member_update
    before_timeout = before.timed_out_until
                     ^^^^^^^^^^^^^^^^^^^^^^
AttributeError: 'Member' object has no attribute 'timed_out_until'
Ignoring exception in on_member_update
Traceback (most recent call last):
  File "/usr/local/lib/python3.12/site-packages/discord/client.py", line 465, in _run_event
    await coro(*args, **kwargs)
  File "/app/asu_discord/cogs/analytics.py", line 652, in on_member_update
    before_timeout = before.timed_out_until
                     ^^^^^^^^^^^^^^^^^^^^^^
AttributeError: 'Member' object has no attribute 'timed_out_until'
Ignoring exception in on_member_update
Traceback (most recent call last):
  File "/usr/local/lib/python3.12/site-packages/discord/client.py", line 465, in _run_event
    await coro(*args, **kwargs)
  File "/app/asu_discord/cogs/analytics.py", line 652, in on_member_update
    before_timeout = before.timed_out_until
                     ^^^^^^^^^^^^^^^^^^^^^^
AttributeError: 'Member' object has no attribute 'timed_out_until'
Ignoring exception in on_member_update
Traceback (most recent call last):
  File "/usr/local/lib/python3.12/site-packages/discord/client.py", line 465, in _run_event
    await coro(*args, **kwargs)
  File "/app/asu_discord/cogs/analytics.py", line 652, in on_member_update
    before_timeout = before.timed_out_until
                     ^^^^^^^^^^^^^^^^^^^^^^
AttributeError: 'Member' object has no attribute 'timed_out_until'
Ignoring exception in on_member_update
Traceback (most recent call last):
  File "/usr/local/lib/python3.12/site-packages/discord/client.py", line 465, in _run_event
    await coro(*args, **kwargs)
  File "/app/asu_discord/cogs/analytics.py", line 652, in on_member_update
    before_timeout = before.timed_out_until
                     ^^^^^^^^^^^^^^^^^^^^^^
AttributeError: 'Member' object has no attribute 'timed_out_until'
Ignoring exception in on_member_update
Traceback (most recent call last):
  File "/usr/local/lib/python3.12/site-packages/discord/client.py", line 465, in _run_event
    await coro(*args, **kwargs)
  File "/app/asu_discord/cogs/analytics.py", line 652, in on_member_update
    before_timeout = before.timed_out_until
                     ^^^^^^^^^^^^^^^^^^^^^^
AttributeError: 'Member' object has no attribute 'timed_out_until'
Ignoring exception in on_member_update
Traceback (most recent call last):
  File "/usr/local/lib/python3.12/site-packages/discord/client.py", line 465, in _run_event
    await coro(*args, **kwargs)
  File "/app/asu_discord/cogs/analytics.py", line 652, in on_member_update
    before_timeout = before.timed_out_until
                     ^^^^^^^^^^^^^^^^^^^^^^
AttributeError: 'Member' object has no attribute 'timed_out_until'
ERROR:cron.jobs:refresh_salesforce_roles: failed for csnatera (Discord ID 786423542320594995): Timed out refresh Salesforce-based roles
Ignoring exception in on_member_update
Traceback (most recent call last):
  File "/usr/local/lib/python3.12/site-packages/discord/client.py", line 465, in _run_event
    await coro(*args, **kwargs)
  File "/app/asu_discord/cogs/analytics.py", line 652, in on_member_update
    before_timeout = before.timed_out_until
                     ^^^^^^^^^^^^^^^^^^^^^^
AttributeError: 'Member' object has no attribute 'timed_out_until'
ERROR:cron.jobs:refresh_salesforce_roles: failed for gwiehler (Discord ID 871468051101528164): Failed to refresh Salesforce-based roles: Discord user 871468051101528164 is not a member of the guild
Ignoring exception in on_member_update
Traceback (most recent call last):
  File "/usr/local/lib/python3.12/site-packages/discord/client.py", line 465, in _run_event
    await coro(*args, **kwargs)
  File "/app/asu_discord/cogs/analytics.py", line 652, in on_member_update
    before_timeout = before.timed_out_until
                     ^^^^^^^^^^^^^^^^^^^^^^
AttributeError: 'Member' object has no attribute 'timed_out_until'
Ignoring exception in on_member_update
Traceback (most recent call last):
  File "/usr/local/lib/python3.12/site-packages/discord/client.py", line 465, in _run_event
    await coro(*args, **kwargs)
  File "/app/asu_discord/cogs/analytics.py", line 652, in on_member_update
    before_timeout = before.timed_out_until
                     ^^^^^^^^^^^^^^^^^^^^^^
AttributeError: 'Member' object has no attribute 'timed_out_until'
Ignoring exception in on_member_update
Traceback (most recent call last):
  File "/usr/local/lib/python3.12/site-packages/discord/client.py", line 465, in _run_event
    await coro(*args, **kwargs)
  File "/app/asu_discord/cogs/analytics.py", line 652, in on_member_update
    before_timeout = before.timed_out_until
                     ^^^^^^^^^^^^^^^^^^^^^^
AttributeError: 'Member' object has no attribute 'timed_out_until'
Ignoring exception in on_member_update
Traceback (most recent call last):
  File "/usr/local/lib/python3.12/site-packages/discord/client.py", line 465, in _run_event
    await coro(*args, **kwargs)
  File "/app/asu_discord/cogs/analytics.py", line 652, in on_member_update
    before_timeout = before.timed_out_until
                     ^^^^^^^^^^^^^^^^^^^^^^
AttributeError: 'Member' object has no attribute 'timed_out_until'
Ignoring exception in on_member_update
Traceback (most recent call last):
  File "/usr/local/lib/python3.12/site-packages/discord/client.py", line 465, in _run_event
    await coro(*args, **kwargs)
  File "/app/asu_discord/cogs/analytics.py", line 652, in on_member_update
    before_timeout = before.timed_out_until
                     ^^^^^^^^^^^^^^^^^^^^^^
AttributeError: 'Member' object has no attribute 'timed_out_until'
Ignoring exception in on_member_update
Traceback (most recent call last):
  File "/usr/local/lib/python3.12/site-packages/discord/client.py", line 465, in _run_event
    await coro(*args, **kwargs)
  File "/app/asu_discord/cogs/analytics.py", line 652, in on_member_update
    before_timeout = before.timed_out_until
                     ^^^^^^^^^^^^^^^^^^^^^^
AttributeError: 'Member' object has no attribute 'timed_out_until'
Ignoring exception in on_member_update
Traceback (most recent call last):
  File "/usr/local/lib/python3.12/site-packages/discord/client.py", line 465, in _run_event
    await coro(*args, **kwargs)
  File "/app/asu_discord/cogs/analytics.py", line 652, in on_member_update
    before_timeout = before.timed_out_until
                     ^^^^^^^^^^^^^^^^^^^^^^
AttributeError: 'Member' object has no attribute 'timed_out_until'
Ignoring exception in on_member_update
Traceback (most recent call last):
  File "/usr/local/lib/python3.12/site-packages/discord/client.py", line 465, in _run_event
    await coro(*args, **kwargs)
  File "/app/asu_discord/cogs/analytics.py", line 652, in on_member_update
    before_timeout = before.timed_out_until
                     ^^^^^^^^^^^^^^^^^^^^^^
AttributeError: 'Member' object has no attribute 'timed_out_until'
Ignoring exception in on_member_update
Traceback (most recent call last):
  File "/usr/local/lib/python3.12/site-packages/discord/client.py", line 465, in _run_event
    await coro(*args, **kwargs)
  File "/app/asu_discord/cogs/analytics.py", line 652, in on_member_update
    before_timeout = before.timed_out_until
                     ^^^^^^^^^^^^^^^^^^^^^^
AttributeError: 'Member' object has no attribute 'timed_out_until'
Ignoring exception in on_member_update
Traceback (most recent call last):
  File "/usr/local/lib/python3.12/site-packages/discord/client.py", line 465, in _run_event
    await coro(*args, **kwargs)
  File "/app/asu_discord/cogs/analytics.py", line 652, in on_member_update
    before_timeout = before.timed_out_until
                     ^^^^^^^^^^^^^^^^^^^^^^
AttributeError: 'Member' object has no attribute 'timed_out_until'
INFO:asu_discord.cogs.verification:Saved 5 roles to database for user sjstroup (Discord ID: 996564949168042055)
INFO:asu_discord.cogs.verification:Refreshed Salesforce roles for Discord user 996564949168042055: -5/+5 roles, assigned=[Arizona Resident, Commited, First Year, Ira A. Fulton Schools of Engineering, Tempe]
Ignoring exception in on_member_update
Traceback (most recent call last):
  File "/usr/local/lib/python3.12/site-packages/discord/client.py", line 465, in _run_event
    await coro(*args, **kwargs)
  File "/app/asu_discord/cogs/analytics.py", line 652, in on_member_update
    before_timeout = before.timed_out_until
                     ^^^^^^^^^^^^^^^^^^^^^^
AttributeError: 'Member' object has no attribute 'timed_out_until'
Ignoring exception in on_member_update
Traceback (most recent call last):
  File "/usr/local/lib/python3.12/site-packages/discord/client.py", line 465, in _run_event
    await coro(*args, **kwargs)
  File "/app/asu_discord/cogs/analytics.py", line 652, in on_member_update
    before_timeout = before.timed_out_until
                     ^^^^^^^^^^^^^^^^^^^^^^
AttributeError: 'Member' object has no attribute 'timed_out_until'
Ignoring exception in on_member_update
Traceback (most recent call last):
  File "/usr/local/lib/python3.12/site-packages/discord/client.py", line 465, in _run_event
    await coro(*args, **kwargs)
  File "/app/asu_discord/cogs/analytics.py", line 652, in on_member_update
    before_timeout = before.timed_out_until
                     ^^^^^^^^^^^^^^^^^^^^^^
AttributeError: 'Member' object has no attribute 'timed_out_until'
Ignoring exception in on_member_update
Traceback (most recent call last):
  File "/usr/local/lib/python3.12/site-packages/discord/client.py", line 465, in _run_event
    await coro(*args, **kwargs)
  File "/app/asu_discord/cogs/analytics.py", line 652, in on_member_update
    before_timeout = before.timed_out_until
                     ^^^^^^^^^^^^^^^^^^^^^^
AttributeError: 'Member' object has no attribute 'timed_out_until'
Ignoring exception in on_member_update
Traceback (most recent call last):
  File "/usr/local/lib/python3.12/site-packages/discord/client.py", line 465, in _run_event
    await coro(*args, **kwargs)
  File "/app/asu_discord/cogs/analytics.py", line 652, in on_member_update
    before_timeout = before.timed_out_until
                     ^^^^^^^^^^^^^^^^^^^^^^
AttributeError: 'Member' object has no attribute 'timed_out_until'
Ignoring exception in on_member_update
Traceback (most recent call last):
  File "/usr/local/lib/python3.12/site-packages/discord/client.py", line 465, in _run_event
    await coro(*args, **kwargs)
  File "/app/asu_discord/cogs/analytics.py", line 652, in on_member_update
    before_timeout = before.timed_out_until
                     ^^^^^^^^^^^^^^^^^^^^^^
AttributeError: 'Member' object has no attribute 'timed_out_until'
Ignoring exception in on_member_update
Traceback (most recent call last):
  File "/usr/local/lib/python3.12/site-packages/discord/client.py", line 465, in _run_event
    await coro(*args, **kwargs)
  File "/app/asu_discord/cogs/analytics.py", line 652, in on_member_update
    before_timeout = before.timed_out_until
                     ^^^^^^^^^^^^^^^^^^^^^^
AttributeError: 'Member' object has no attribute 'timed_out_until'
Ignoring exception in on_member_update
Traceback (most recent call last):
  File "/usr/local/lib/python3.12/site-packages/discord/client.py", line 465, in _run_event
    await coro(*args, **kwargs)
  File "/app/asu_discord/cogs/analytics.py", line 652, in on_member_update
    before_timeout = before.timed_out_until
                     ^^^^^^^^^^^^^^^^^^^^^^
AttributeError: 'Member' object has no attribute 'timed_out_until'
Ignoring exception in on_member_update
Traceback (most recent call last):
  File "/usr/local/lib/python3.12/site-packages/discord/client.py", line 465, in _run_event
    await coro(*args, **kwargs)
  File "/app/asu_discord/cogs/analytics.py", line 652, in on_member_update
    before_timeout = before.timed_out_until
                     ^^^^^^^^^^^^^^^^^^^^^^
AttributeError: 'Member' object has no attribute 'timed_out_until'
Ignoring exception in on_member_update
Traceback (most recent call last):
  File "/usr/local/lib/python3.12/site-packages/discord/client.py", line 465, in _run_event
    await coro(*args, **kwargs)
  File "/app/asu_discord/cogs/analytics.py", line 652, in on_member_update
    before_timeout = before.timed_out_until
                     ^^^^^^^^^^^^^^^^^^^^^^
AttributeError: 'Member' object has no attribute 'timed_out_until'
INFO:asu_discord.cogs.verification:Saved 5 roles to database for user jgdodd1 (Discord ID: 1440091627497590966)
INFO:asu_discord.cogs.verification:Refreshed Salesforce roles for Discord user 1440091627497590966: -5/+5 roles, assigned=[Commited, Downtown Phoenix, First Year, Out of State, Walter Cronkite School of Journalism and Mass Communication]
Ignoring exception in on_member_update
Traceback (most recent call last):
  File "/usr/local/lib/python3.12/site-packages/discord/client.py", line 465, in _run_event
    await coro(*args, **kwargs)
  File "/app/asu_discord/cogs/analytics.py", line 652, in on_member_update
    before_timeout = before.timed_out_until
                     ^^^^^^^^^^^^^^^^^^^^^^
AttributeError: 'Member' object has no attribute 'timed_out_until'
Ignoring exception in on_member_update
Traceback (most recent call last):
  File "/usr/local/lib/python3.12/site-packages/discord/client.py", line 465, in _run_event
    await coro(*args, **kwargs)
  File "/app/asu_discord/cogs/analytics.py", line 652, in on_member_update
    before_timeout = before.timed_out_until
                     ^^^^^^^^^^^^^^^^^^^^^^
AttributeError: 'Member' object has no attribute 'timed_out_until'
Ignoring exception in on_member_update
Traceback (most recent call last):
  File "/usr/local/lib/python3.12/site-packages/discord/client.py", line 465, in _run_event
    await coro(*args, **kwargs)
  File "/app/asu_discord/cogs/analytics.py", line 652, in on_member_update
    before_timeout = before.timed_out_until
                     ^^^^^^^^^^^^^^^^^^^^^^
AttributeError: 'Member' object has no attribute 'timed_out_until'
Ignoring exception in on_member_update
Traceback (most recent call last):
  File "/usr/local/lib/python3.12/site-packages/discord/client.py", line 465, in _run_event
    await coro(*args, **kwargs)
  File "/app/asu_discord/cogs/analytics.py", line 652, in on_member_update
    before_timeout = before.timed_out_until
                     ^^^^^^^^^^^^^^^^^^^^^^
AttributeError: 'Member' object has no attribute 'timed_out_until'
Ignoring exception in on_member_update
Traceback (most recent call last):
  File "/usr/local/lib/python3.12/site-packages/discord/client.py", line 465, in _run_event
    await coro(*args, **kwargs)
  File "/app/asu_discord/cogs/analytics.py", line 652, in on_member_update
    before_timeout = before.timed_out_until
                     ^^^^^^^^^^^^^^^^^^^^^^
AttributeError: 'Member' object has no attribute 'timed_out_until'
Ignoring exception in on_member_update
Traceback (most recent call last):
  File "/usr/local/lib/python3.12/site-packages/discord/client.py", line 465, in _run_event
    await coro(*args, **kwargs)
  File "/app/asu_discord/cogs/analytics.py", line 652, in on_member_update
    before_timeout = before.timed_out_until
                     ^^^^^^^^^^^^^^^^^^^^^^
AttributeError: 'Member' object has no attribute 'timed_out_until'
Ignoring exception in on_member_update
Traceback (most recent call last):
  File "/usr/local/lib/python3.12/site-packages/discord/client.py", line 465, in _run_event
    await coro(*args, **kwargs)
  File "/app/asu_discord/cogs/analytics.py", line 652, in on_member_update
    before_timeout = before.timed_out_until
                     ^^^^^^^^^^^^^^^^^^^^^^
AttributeError: 'Member' object has no attribute 'timed_out_until'
Ignoring exception in on_member_update
Traceback (most recent call last):
  File "/usr/local/lib/python3.12/site-packages/discord/client.py", line 465, in _run_event
    await coro(*args, **kwargs)
  File "/app/asu_discord/cogs/analytics.py", line 652, in on_member_update
    before_timeout = before.timed_out_until
                     ^^^^^^^^^^^^^^^^^^^^^^
AttributeError: 'Member' object has no attribute 'timed_out_until'
Ignoring exception in on_member_update
Traceback (most recent call last):
  File "/usr/local/lib/python3.12/site-packages/discord/client.py", line 465, in _run_event
    await coro(*args, **kwargs)
  File "/app/asu_discord/cogs/analytics.py", line 652, in on_member_update
    before_timeout = before.timed_out_until
                     ^^^^^^^^^^^^^^^^^^^^^^
AttributeError: 'Member' object has no attribute 'timed_out_until'
Ignoring exception in on_member_update
Traceback (most recent call last):
  File "/usr/local/lib/python3.12/site-packages/discord/client.py", line 465, in _run_event
    await coro(*args, **kwargs)
  File "/app/asu_discord/cogs/analytics.py", line 652, in on_member_update
    before_timeout = before.timed_out_until
                     ^^^^^^^^^^^^^^^^^^^^^^
AttributeError: 'Member' object has no attribute 'timed_out_until'
INFO:asu_discord.cogs.verification:Saved 5 roles to database for user schen460 (Discord ID: 1264842992968011842)
INFO:asu_discord.cogs.verification:Refreshed Salesforce roles for Discord user 1264842992968011842: -5/+5 roles, assigned=[Arizona Resident, Ira A. Fulton Schools of Engineering, Online, Transfer Student, Upperclassmen]
Ignoring exception in on_member_update
Traceback (most recent call last):
  File "/usr/local/lib/python3.12/site-packages/discord/client.py", line 465, in _run_event
    await coro(*args, **kwargs)
  File "/app/asu_discord/cogs/analytics.py", line 652, in on_member_update
    before_timeout = before.timed_out_until
                     ^^^^^^^^^^^^^^^^^^^^^^
AttributeError: 'Member' object has no attribute 'timed_out_until'
Ignoring exception in on_member_update
Traceback (most recent call last):
  File "/usr/local/lib/python3.12/site-packages/discord/client.py", line 465, in _run_event
    await coro(*args, **kwargs)
  File "/app/asu_discord/cogs/analytics.py", line 652, in on_member_update
    before_timeout = before.timed_out_until
                     ^^^^^^^^^^^^^^^^^^^^^^
AttributeError: 'Member' object has no attribute 'timed_out_until'
Ignoring exception in on_member_update
Traceback (most recent call last):
  File "/usr/local/lib/python3.12/site-packages/discord/client.py", line 465, in _run_event
    await coro(*args, **kwargs)
  File "/app/asu_discord/cogs/analytics.py", line 652, in on_member_update
    before_timeout = before.timed_out_until
                     ^^^^^^^^^^^^^^^^^^^^^^
AttributeError: 'Member' object has no attribute 'timed_out_until'
Ignoring exception in on_member_update
Traceback (most recent call last):
  File "/usr/local/lib/python3.12/site-packages/discord/client.py", line 465, in _run_event
    await coro(*args, **kwargs)
  File "/app/asu_discord/cogs/analytics.py", line 652, in on_member_update
    before_timeout = before.timed_out_until
                     ^^^^^^^^^^^^^^^^^^^^^^
AttributeError: 'Member' object has no attribute 'timed_out_until'
Ignoring exception in on_member_update
Traceback (most recent call last):
  File "/usr/local/lib/python3.12/site-packages/discord/client.py", line 465, in _run_event
    await coro(*args, **kwargs)
  File "/app/asu_discord/cogs/analytics.py", line 652, in on_member_update
    before_timeout = before.timed_out_until
                     ^^^^^^^^^^^^^^^^^^^^^^
AttributeError: 'Member' object has no attribute 'timed_out_until'
Ignoring exception in on_member_update
Traceback (most recent call last):
  File "/usr/local/lib/python3.12/site-packages/discord/client.py", line 465, in _run_event
    await coro(*args, **kwargs)
  File "/app/asu_discord/cogs/analytics.py", line 652, in on_member_update
    before_timeout = before.timed_out_until
                     ^^^^^^^^^^^^^^^^^^^^^^
AttributeError: 'Member' object has no attribute 'timed_out_until'
Ignoring exception in on_member_update
Traceback (most recent call last):
  File "/usr/local/lib/python3.12/site-packages/discord/client.py", line 465, in _run_event
    await coro(*args, **kwargs)
  File "/app/asu_discord/cogs/analytics.py", line 652, in on_member_update
    before_timeout = before.timed_out_until
                     ^^^^^^^^^^^^^^^^^^^^^^
AttributeError: 'Member' object has no attribute 'timed_out_until'
Ignoring exception in on_member_update
Traceback (most recent call last):
  File "/usr/local/lib/python3.12/site-packages/discord/client.py", line 465, in _run_event
    await coro(*args, **kwargs)
  File "/app/asu_discord/cogs/analytics.py", line 652, in on_member_update
    before_timeout = before.timed_out_until
                     ^^^^^^^^^^^^^^^^^^^^^^
AttributeError: 'Member' object has no attribute 'timed_out_until'
Ignoring exception in on_member_update
Traceback (most recent call last):
  File "/usr/local/lib/python3.12/site-packages/discord/client.py", line 465, in _run_event
    await coro(*args, **kwargs)
  File "/app/asu_discord/cogs/analytics.py", line 652, in on_member_update
    before_timeout = before.timed_out_until
                     ^^^^^^^^^^^^^^^^^^^^^^
AttributeError: 'Member' object has no attribute 'timed_out_until'
Ignoring exception in on_member_update
Traceback (most recent call last):
  File "/usr/local/lib/python3.12/site-packages/discord/client.py", line 465, in _run_event
    await coro(*args, **kwargs)
  File "/app/asu_discord/cogs/analytics.py", line 652, in on_member_update
    before_timeout = before.timed_out_until
                     ^^^^^^^^^^^^^^^^^^^^^^
AttributeError: 'Member' object has no attribute 'timed_out_until'
INFO:asu_discord.cogs.verification:Saved 5 roles to database for user nfelix14 (Discord ID: 714621066885988445)
INFO:asu_discord.cogs.verification:Refreshed Salesforce roles for Discord user 714621066885988445: -5/+5 roles, assigned=[Arizona Resident, Commited, First Year, Ira A. Fulton Schools of Engineering, Tempe]
Ignoring exception in on_member_update
Traceback (most recent call last):
  File "/usr/local/lib/python3.12/site-packages/discord/client.py", line 465, in _run_event
    await coro(*args, **kwargs)
  File "/app/asu_discord/cogs/analytics.py", line 652, in on_member_update
    before_timeout = before.timed_out_until
                     ^^^^^^^^^^^^^^^^^^^^^^
AttributeError: 'Member' object has no attribute 'timed_out_until'
Ignoring exception in on_member_update
Traceback (most recent call last):
  File "/usr/local/lib/python3.12/site-packages/discord/client.py", line 465, in _run_event
    await coro(*args, **kwargs)
  File "/app/asu_discord/cogs/analytics.py", line 652, in on_member_update
    before_timeout = before.timed_out_until
                     ^^^^^^^^^^^^^^^^^^^^^^
AttributeError: 'Member' object has no attribute 'timed_out_until'
Ignoring exception in on_member_update
Traceback (most recent call last):
  File "/usr/local/lib/python3.12/site-packages/discord/client.py", line 465, in _run_event
    await coro(*args, **kwargs)
  File "/app/asu_discord/cogs/analytics.py", line 652, in on_member_update
    before_timeout = before.timed_out_until
                     ^^^^^^^^^^^^^^^^^^^^^^
AttributeError: 'Member' object has no attribute 'timed_out_until'
Ignoring exception in on_member_update
Traceback (most recent call last):
  File "/usr/local/lib/python3.12/site-packages/discord/client.py", line 465, in _run_event
    await coro(*args, **kwargs)
  File "/app/asu_discord/cogs/analytics.py", line 652, in on_member_update
    before_timeout = before.timed_out_until
                     ^^^^^^^^^^^^^^^^^^^^^^
AttributeError: 'Member' object has no attribute 'timed_out_until'
Ignoring exception in on_member_update
Traceback (most recent call last):
  File "/usr/local/lib/python3.12/site-packages/discord/client.py", line 465, in _run_event
    await coro(*args, **kwargs)
  File "/app/asu_discord/cogs/analytics.py", line 652, in on_member_update
    before_timeout = before.timed_out_until
                     ^^^^^^^^^^^^^^^^^^^^^^
AttributeError: 'Member' object has no attribute 'timed_out_until'
Ignoring exception in on_member_update
Traceback (most recent call last):
  File "/usr/local/lib/python3.12/site-packages/discord/client.py", line 465, in _run_event
    await coro(*args, **kwargs)
  File "/app/asu_discord/cogs/analytics.py", line 652, in on_member_update
    before_timeout = before.timed_out_until
                     ^^^^^^^^^^^^^^^^^^^^^^
AttributeError: 'Member' object has no attribute 'timed_out_until'
Ignoring exception in on_member_update
Traceback (most recent call last):
  File "/usr/local/lib/python3.12/site-packages/discord/client.py", line 465, in _run_event
    await coro(*args, **kwargs)
  File "/app/asu_discord/cogs/analytics.py", line 652, in on_member_update
    before_timeout = before.timed_out_until
                     ^^^^^^^^^^^^^^^^^^^^^^
AttributeError: 'Member' object has no attribute 'timed_out_until'
Ignoring exception in on_member_update
Traceback (most recent call last):
  File "/usr/local/lib/python3.12/site-packages/discord/client.py", line 465, in _run_event
    await coro(*args, **kwargs)
  File "/app/asu_discord/cogs/analytics.py", line 652, in on_member_update
    before_timeout = before.timed_out_until
                     ^^^^^^^^^^^^^^^^^^^^^^
AttributeError: 'Member' object has no attribute 'timed_out_until'
Ignoring exception in on_member_update
Traceback (most recent call last):
  File "/usr/local/lib/python3.12/site-packages/discord/client.py", line 465, in _run_event
    await coro(*args, **kwargs)
  File "/app/asu_discord/cogs/analytics.py", line 652, in on_member_update
    before_timeout = before.timed_out_until
                     ^^^^^^^^^^^^^^^^^^^^^^
AttributeError: 'Member' object has no attribute 'timed_out_until'
Ignoring exception in on_member_update
Traceback (most recent call last):
  File "/usr/local/lib/python3.12/site-packages/discord/client.py", line 465, in _run_event
    await coro(*args, **kwargs)
  File "/app/asu_discord/cogs/analytics.py", line 652, in on_member_update
    before_timeout = before.timed_out_until
                     ^^^^^^^^^^^^^^^^^^^^^^
AttributeError: 'Member' object has no attribute 'timed_out_until'
INFO:asu_discord.cogs.verification:Saved 5 roles to database for user ljayavar (Discord ID: 748756927298797618)
INFO:asu_discord.cogs.verification:Refreshed Salesforce roles for Discord user 748756927298797618: -5/+5 roles, assigned=[Commited, Graduate Student, International Student, Ira A. Fulton Schools of Engineering, Polytechnic]
Ignoring exception in on_member_update
Traceback (most recent call last):
  File "/usr/local/lib/python3.12/site-packages/discord/client.py", line 465, in _run_event
    await coro(*args, **kwargs)
  File "/app/asu_discord/cogs/analytics.py", line 652, in on_member_update
    before_timeout = before.timed_out_until
                     ^^^^^^^^^^^^^^^^^^^^^^
AttributeError: 'Member' object has no attribute 'timed_out_until'
Ignoring exception in on_member_update
Traceback (most recent call last):
  File "/usr/local/lib/python3.12/site-packages/discord/client.py", line 465, in _run_event
    await coro(*args, **kwargs)
  File "/app/asu_discord/cogs/analytics.py", line 652, in on_member_update
    before_timeout = before.timed_out_until
                     ^^^^^^^^^^^^^^^^^^^^^^
AttributeError: 'Member' object has no attribute 'timed_out_until'
Ignoring exception in on_member_update
Traceback (most recent call last):
  File "/usr/local/lib/python3.12/site-packages/discord/client.py", line 465, in _run_event
    await coro(*args, **kwargs)
  File "/app/asu_discord/cogs/analytics.py", line 652, in on_member_update
    before_timeout = before.timed_out_until
                     ^^^^^^^^^^^^^^^^^^^^^^
AttributeError: 'Member' object has no attribute 'timed_out_until'
Ignoring exception in on_member_update
Traceback (most recent call last):
  File "/usr/local/lib/python3.12/site-packages/discord/client.py", line 465, in _run_event
    await coro(*args, **kwargs)
  File "/app/asu_discord/cogs/analytics.py", line 652, in on_member_update
    before_timeout = before.timed_out_until
                     ^^^^^^^^^^^^^^^^^^^^^^
AttributeError: 'Member' object has no attribute 'timed_out_until'
Ignoring exception in on_member_update
Traceback (most recent call last):
  File "/usr/local/lib/python3.12/site-packages/discord/client.py", line 465, in _run_event
    await coro(*args, **kwargs)
  File "/app/asu_discord/cogs/analytics.py", line 652, in on_member_update
    before_timeout = before.timed_out_until
                     ^^^^^^^^^^^^^^^^^^^^^^
AttributeError: 'Member' object has no attribute 'timed_out_until'
Ignoring exception in on_member_update
Traceback (most recent call last):
  File "/usr/local/lib/python3.12/site-packages/discord/client.py", line 465, in _run_event
    await coro(*args, **kwargs)
  File "/app/asu_discord/cogs/analytics.py", line 652, in on_member_update
    before_timeout = before.timed_out_until
                     ^^^^^^^^^^^^^^^^^^^^^^
AttributeError: 'Member' object has no attribute 'timed_out_until'
Ignoring exception in on_member_update
Traceback (most recent call last):
  File "/usr/local/lib/python3.12/site-packages/discord/client.py", line 465, in _run_event
    await coro(*args, **kwargs)
  File "/app/asu_discord/cogs/analytics.py", line 652, in on_member_update
    before_timeout = before.timed_out_until
                     ^^^^^^^^^^^^^^^^^^^^^^
AttributeError: 'Member' object has no attribute 'timed_out_until'
Ignoring exception in on_member_update
Traceback (most recent call last):
  File "/usr/local/lib/python3.12/site-packages/discord/client.py", line 465, in _run_event
    await coro(*args, **kwargs)
  File "/app/asu_discord/cogs/analytics.py", line 652, in on_member_update
    before_timeout = before.timed_out_until
                     ^^^^^^^^^^^^^^^^^^^^^^
AttributeError: 'Member' object has no attribute 'timed_out_until'
Ignoring exception in on_member_update
Traceback (most recent call last):
  File "/usr/local/lib/python3.12/site-packages/discord/client.py", line 465, in _run_event
    await coro(*args, **kwargs)
  File "/app/asu_discord/cogs/analytics.py", line 652, in on_member_update
    before_timeout = before.timed_out_until
                     ^^^^^^^^^^^^^^^^^^^^^^
AttributeError: 'Member' object has no attribute 'timed_out_until'
Ignoring exception in on_member_update
Traceback (most recent call last):
  File "/usr/local/lib/python3.12/site-packages/discord/client.py", line 465, in _run_event
    await coro(*args, **kwargs)
  File "/app/asu_discord/cogs/analytics.py", line 652, in on_member_update
    before_timeout = before.timed_out_until
                     ^^^^^^^^^^^^^^^^^^^^^^
AttributeError: 'Member' object has no attribute 'timed_out_until'
INFO:asu_discord.cogs.verification:Saved 5 roles to database for user rnigam14 (Discord ID: 806393076653621288)
INFO:asu_discord.cogs.verification:Refreshed Salesforce roles for Discord user 806393076653621288: -5/+5 roles, assigned=[Commited, Graduate Student, International Student, Ira A. Fulton Schools of Engineering, Polytechnic]
Ignoring exception in on_member_update
Traceback (most recent call last):
  File "/usr/local/lib/python3.12/site-packages/discord/client.py", line 465, in _run_event
    await coro(*args, **kwargs)
  File "/app/asu_discord/cogs/analytics.py", line 652, in on_member_update
    before_timeout = before.timed_out_until
                     ^^^^^^^^^^^^^^^^^^^^^^
AttributeError: 'Member' object has no attribute 'timed_out_until'
Ignoring exception in on_member_update
Traceback (most recent call last):
  File "/usr/local/lib/python3.12/site-packages/discord/client.py", line 465, in _run_event
    await coro(*args, **kwargs)
  File "/app/asu_discord/cogs/analytics.py", line 652, in on_member_update
    before_timeout = before.timed_out_until
                     ^^^^^^^^^^^^^^^^^^^^^^
AttributeError: 'Member' object has no attribute 'timed_out_until'
Ignoring exception in on_member_update
Traceback (most recent call last):
  File "/usr/local/lib/python3.12/site-packages/discord/client.py", line 465, in _run_event
    await coro(*args, **kwargs)
  File "/app/asu_discord/cogs/analytics.py", line 652, in on_member_update
    before_timeout = before.timed_out_until
                     ^^^^^^^^^^^^^^^^^^^^^^
AttributeError: 'Member' object has no attribute 'timed_out_until'
Ignoring exception in on_member_update
Traceback (most recent call last):
  File "/usr/local/lib/python3.12/site-packages/discord/client.py", line 465, in _run_event
    await coro(*args, **kwargs)
  File "/app/asu_discord/cogs/analytics.py", line 652, in on_member_update
    before_timeout = before.timed_out_until
                     ^^^^^^^^^^^^^^^^^^^^^^
AttributeError: 'Member' object has no attribute 'timed_out_until'
Ignoring exception in on_member_update
Traceback (most recent call last):
  File "/usr/local/lib/python3.12/site-packages/discord/client.py", line 465, in _run_event
    await coro(*args, **kwargs)
  File "/app/asu_discord/cogs/analytics.py", line 652, in on_member_update
    before_timeout = before.timed_out_until
                     ^^^^^^^^^^^^^^^^^^^^^^
AttributeError: 'Member' object has no attribute 'timed_out_until'
Ignoring exception in on_member_update
Traceback (most recent call last):
  File "/usr/local/lib/python3.12/site-packages/discord/client.py", line 465, in _run_event
    await coro(*args, **kwargs)
  File "/app/asu_discord/cogs/analytics.py", line 652, in on_member_update
    before_timeout = before.timed_out_until
                     ^^^^^^^^^^^^^^^^^^^^^^
AttributeError: 'Member' object has no attribute 'timed_out_until'
Ignoring exception in on_member_update
Traceback (most recent call last):
  File "/usr/local/lib/python3.12/site-packages/discord/client.py", line 465, in _run_event
    await coro(*args, **kwargs)
  File "/app/asu_discord/cogs/analytics.py", line 652, in on_member_update
    before_timeout = before.timed_out_until
                     ^^^^^^^^^^^^^^^^^^^^^^
AttributeError: 'Member' object has no attribute 'timed_out_until'
Ignoring exception in on_member_update
Traceback (most recent call last):
  File "/usr/local/lib/python3.12/site-packages/discord/client.py", line 465, in _run_event
    await coro(*args, **kwargs)
  File "/app/asu_discord/cogs/analytics.py", line 652, in on_member_update
    before_timeout = before.timed_out_until
                     ^^^^^^^^^^^^^^^^^^^^^^
AttributeError: 'Member' object has no attribute 'timed_out_until'
INFO:asu_discord.cogs.verification:Saved 4 roles to database for user arshraj (Discord ID: 1481673416812527730)
INFO:asu_discord.cogs.verification:Refreshed Salesforce roles for Discord user 1481673416812527730: -4/+4 roles, assigned=[Graduate Student, International Student, Ira A. Fulton Schools of Engineering, Tempe]
Ignoring exception in on_member_update
Traceback (most recent call last):
  File "/usr/local/lib/python3.12/site-packages/discord/client.py", line 465, in _run_event
    await coro(*args, **kwargs)
  File "/app/asu_discord/cogs/analytics.py", line 652, in on_member_update
    before_timeout = before.timed_out_until
                     ^^^^^^^^^^^^^^^^^^^^^^
AttributeError: 'Member' object has no attribute 'timed_out_until'
Ignoring exception in on_member_update
Traceback (most recent call last):
  File "/usr/local/lib/python3.12/site-packages/discord/client.py", line 465, in _run_event
    await coro(*args, **kwargs)
  File "/app/asu_discord/cogs/analytics.py", line 652, in on_member_update
    before_timeout = before.timed_out_until
                     ^^^^^^^^^^^^^^^^^^^^^^
AttributeError: 'Member' object has no attribute 'timed_out_until'
Ignoring exception in on_member_update
Traceback (most recent call last):
  File "/usr/local/lib/python3.12/site-packages/discord/client.py", line 465, in _run_event
    await coro(*args, **kwargs)
  File "/app/asu_discord/cogs/analytics.py", line 652, in on_member_update
    before_timeout = before.timed_out_until
                     ^^^^^^^^^^^^^^^^^^^^^^
AttributeError: 'Member' object has no attribute 'timed_out_until'
Ignoring exception in on_member_update
Traceback (most recent call last):
  File "/usr/local/lib/python3.12/site-packages/discord/client.py", line 465, in _run_event
    await coro(*args, **kwargs)
  File "/app/asu_discord/cogs/analytics.py", line 652, in on_member_update
    before_timeout = before.timed_out_until
                     ^^^^^^^^^^^^^^^^^^^^^^
AttributeError: 'Member' object has no attribute 'timed_out_until'
Ignoring exception in on_member_update
Traceback (most recent call last):
  File "/usr/local/lib/python3.12/site-packages/discord/client.py", line 465, in _run_event
    await coro(*args, **kwargs)
  File "/app/asu_discord/cogs/analytics.py", line 652, in on_member_update
    before_timeout = before.timed_out_until
                     ^^^^^^^^^^^^^^^^^^^^^^
AttributeError: 'Member' object has no attribute 'timed_out_until'
Ignoring exception in on_member_update
Traceback (most recent call last):
  File "/usr/local/lib/python3.12/site-packages/discord/client.py", line 465, in _run_event
    await coro(*args, **kwargs)
  File "/app/asu_discord/cogs/analytics.py", line 652, in on_member_update
    before_timeout = before.timed_out_until
                     ^^^^^^^^^^^^^^^^^^^^^^
AttributeError: 'Member' object has no attribute 'timed_out_until'
Ignoring exception in on_member_update
Traceback (most recent call last):
  File "/usr/local/lib/python3.12/site-packages/discord/client.py", line 465, in _run_event
    await coro(*args, **kwargs)
  File "/app/asu_discord/cogs/analytics.py", line 652, in on_member_update
    before_timeout = before.timed_out_until
                     ^^^^^^^^^^^^^^^^^^^^^^
AttributeError: 'Member' object has no attribute 'timed_out_until'
Ignoring exception in on_member_update
Traceback (most recent call last):
  File "/usr/local/lib/python3.12/site-packages/discord/client.py", line 465, in _run_event
    await coro(*args, **kwargs)
  File "/app/asu_discord/cogs/analytics.py", line 652, in on_member_update
    before_timeout = before.timed_out_until
                     ^^^^^^^^^^^^^^^^^^^^^^
AttributeError: 'Member' object has no attribute 'timed_out_until'
INFO:asu_discord.cogs.verification:Saved 4 roles to database for user malva203 (Discord ID: 920344226498215997)
INFO:asu_discord.cogs.verification:Refreshed Salesforce roles for Discord user 920344226498215997: -4/+4 roles, assigned=[First Year, International Student, Ira A. Fulton Schools of Engineering, Tempe]
Ignoring exception in on_member_update
Traceback (most recent call last):
  File "/usr/local/lib/python3.12/site-packages/discord/client.py", line 465, in _run_event
    await coro(*args, **kwargs)
  File "/app/asu_discord/cogs/analytics.py", line 652, in on_member_update
    before_timeout = before.timed_out_until
                     ^^^^^^^^^^^^^^^^^^^^^^
AttributeError: 'Member' object has no attribute 'timed_out_until'
Ignoring exception in on_member_update
Traceback (most recent call last):
  File "/usr/local/lib/python3.12/site-packages/discord/client.py", line 465, in _run_event
    await coro(*args, **kwargs)
  File "/app/asu_discord/cogs/analytics.py", line 652, in on_member_update
    before_timeout = before.timed_out_until
                     ^^^^^^^^^^^^^^^^^^^^^^
AttributeError: 'Member' object has no attribute 'timed_out_until'
Ignoring exception in on_member_update
Traceback (most recent call last):
  File "/usr/local/lib/python3.12/site-packages/discord/client.py", line 465, in _run_event
    await coro(*args, **kwargs)
  File "/app/asu_discord/cogs/analytics.py", line 652, in on_member_update
    before_timeout = before.timed_out_until
                     ^^^^^^^^^^^^^^^^^^^^^^
AttributeError: 'Member' object has no attribute 'timed_out_until'
Ignoring exception in on_member_update
Traceback (most recent call last):
  File "/usr/local/lib/python3.12/site-packages/discord/client.py", line 465, in _run_event
    await coro(*args, **kwargs)
  File "/app/asu_discord/cogs/analytics.py", line 652, in on_member_update
    before_timeout = before.timed_out_until
                     ^^^^^^^^^^^^^^^^^^^^^^
AttributeError: 'Member' object has no attribute 'timed_out_until'
Ignoring exception in on_member_update
Traceback (most recent call last):
  File "/usr/local/lib/python3.12/site-packages/discord/client.py", line 465, in _run_event
    await coro(*args, **kwargs)
  File "/app/asu_discord/cogs/analytics.py", line 652, in on_member_update
    before_timeout = before.timed_out_until
                     ^^^^^^^^^^^^^^^^^^^^^^
AttributeError: 'Member' object has no attribute 'timed_out_until'
Ignoring exception in on_member_update
Traceback (most recent call last):
  File "/usr/local/lib/python3.12/site-packages/discord/client.py", line 465, in _run_event
    await coro(*args, **kwargs)
  File "/app/asu_discord/cogs/analytics.py", line 652, in on_member_update
    before_timeout = before.timed_out_until
                     ^^^^^^^^^^^^^^^^^^^^^^
AttributeError: 'Member' object has no attribute 'timed_out_until'
Ignoring exception in on_member_update
Traceback (most recent call last):
  File "/usr/local/lib/python3.12/site-packages/discord/client.py", line 465, in _run_event
    await coro(*args, **kwargs)
  File "/app/asu_discord/cogs/analytics.py", line 652, in on_member_update
    before_timeout = before.timed_out_until
                     ^^^^^^^^^^^^^^^^^^^^^^
AttributeError: 'Member' object has no attribute 'timed_out_until'
Ignoring exception in on_member_update
Traceback (most recent call last):
  File "/usr/local/lib/python3.12/site-packages/discord/client.py", line 465, in _run_event
    await coro(*args, **kwargs)
  File "/app/asu_discord/cogs/analytics.py", line 652, in on_member_update
    before_timeout = before.timed_out_until
                     ^^^^^^^^^^^^^^^^^^^^^^
AttributeError: 'Member' object has no attribute 'timed_out_until'
INFO:asu_discord.cogs.verification:Saved 4 roles to database for user cbryantj (Discord ID: 727922894838956064)
INFO:asu_discord.cogs.verification:Refreshed Salesforce roles for Discord user 727922894838956064: -4/+4 roles, assigned=[Arizona Resident, First Year, Ira A. Fulton Schools of Engineering, Polytechnic]
Ignoring exception in on_member_update
Traceback (most recent call last):
  File "/usr/local/lib/python3.12/site-packages/discord/client.py", line 465, in _run_event
    await coro(*args, **kwargs)
  File "/app/asu_discord/cogs/analytics.py", line 652, in on_member_update
    before_timeout = before.timed_out_until
                     ^^^^^^^^^^^^^^^^^^^^^^
AttributeError: 'Member' object has no attribute 'timed_out_until'
Ignoring exception in on_member_update
Traceback (most recent call last):
  File "/usr/local/lib/python3.12/site-packages/discord/client.py", line 465, in _run_event
    await coro(*args, **kwargs)
  File "/app/asu_discord/cogs/analytics.py", line 652, in on_member_update
    before_timeout = before.timed_out_until
                     ^^^^^^^^^^^^^^^^^^^^^^
AttributeError: 'Member' object has no attribute 'timed_out_until'
Ignoring exception in on_member_update
Traceback (most recent call last):
  File "/usr/local/lib/python3.12/site-packages/discord/client.py", line 465, in _run_event
    await coro(*args, **kwargs)
  File "/app/asu_discord/cogs/analytics.py", line 652, in on_member_update
    before_timeout = before.timed_out_until
                     ^^^^^^^^^^^^^^^^^^^^^^
AttributeError: 'Member' object has no attribute 'timed_out_until'
Ignoring exception in on_member_update
Traceback (most recent call last):
  File "/usr/local/lib/python3.12/site-packages/discord/client.py", line 465, in _run_event
    await coro(*args, **kwargs)
  File "/app/asu_discord/cogs/analytics.py", line 652, in on_member_update
    before_timeout = before.timed_out_until
                     ^^^^^^^^^^^^^^^^^^^^^^
AttributeError: 'Member' object has no attribute 'timed_out_until'
Ignoring exception in on_member_update
Traceback (most recent call last):
  File "/usr/local/lib/python3.12/site-packages/discord/client.py", line 465, in _run_event
    await coro(*args, **kwargs)
  File "/app/asu_discord/cogs/analytics.py", line 652, in on_member_update
    before_timeout = before.timed_out_until
                     ^^^^^^^^^^^^^^^^^^^^^^
AttributeError: 'Member' object has no attribute 'timed_out_until'
Ignoring exception in on_member_update
Traceback (most recent call last):
  File "/usr/local/lib/python3.12/site-packages/discord/client.py", line 465, in _run_event
    await coro(*args, **kwargs)
  File "/app/asu_discord/cogs/analytics.py", line 652, in on_member_update
    before_timeout = before.timed_out_until
                     ^^^^^^^^^^^^^^^^^^^^^^
AttributeError: 'Member' object has no attribute 'timed_out_until'
Ignoring exception in on_member_update
Traceback (most recent call last):
  File "/usr/local/lib/python3.12/site-packages/discord/client.py", line 465, in _run_event
    await coro(*args, **kwargs)
  File "/app/asu_discord/cogs/analytics.py", line 652, in on_member_update
    before_timeout = before.timed_out_until
                     ^^^^^^^^^^^^^^^^^^^^^^
AttributeError: 'Member' object has no attribute 'timed_out_until'
INFO:asu_discord.cogs.verification:Saved 4 roles to database for user yche1219 (Discord ID: 1147240380362924155)
INFO:asu_discord.cogs.verification:Refreshed Salesforce roles for Discord user 1147240380362924155: -3/+4 roles, assigned=[Ira A. Fulton Schools of Engineering, Online, Transfer Student, Upperclassmen]
Ignoring exception in on_member_update
Traceback (most recent call last):
  File "/usr/local/lib/python3.12/site-packages/discord/client.py", line 465, in _run_event
    await coro(*args, **kwargs)
  File "/app/asu_discord/cogs/analytics.py", line 652, in on_member_update
    before_timeout = before.timed_out_until
                     ^^^^^^^^^^^^^^^^^^^^^^
AttributeError: 'Member' object has no attribute 'timed_out_until'
Ignoring exception in on_member_update
Traceback (most recent call last):
  File "/usr/local/lib/python3.12/site-packages/discord/client.py", line 465, in _run_event
    await coro(*args, **kwargs)
  File "/app/asu_discord/cogs/analytics.py", line 652, in on_member_update
    before_timeout = before.timed_out_until
                     ^^^^^^^^^^^^^^^^^^^^^^
AttributeError: 'Member' object has no attribute 'timed_out_until'
Ignoring exception in on_member_update
Traceback (most recent call last):
  File "/usr/local/lib/python3.12/site-packages/discord/client.py", line 465, in _run_event
    await coro(*args, **kwargs)
  File "/app/asu_discord/cogs/analytics.py", line 652, in on_member_update
    before_timeout = before.timed_out_until
                     ^^^^^^^^^^^^^^^^^^^^^^
AttributeError: 'Member' object has no attribute 'timed_out_until'
Ignoring exception in on_member_update
Traceback (most recent call last):
  File "/usr/local/lib/python3.12/site-packages/discord/client.py", line 465, in _run_event
    await coro(*args, **kwargs)
  File "/app/asu_discord/cogs/analytics.py", line 652, in on_member_update
    before_timeout = before.timed_out_until
                     ^^^^^^^^^^^^^^^^^^^^^^
AttributeError: 'Member' object has no attribute 'timed_out_until'
Ignoring exception in on_member_update
Traceback (most recent call last):
  File "/usr/local/lib/python3.12/site-packages/discord/client.py", line 465, in _run_event
    await coro(*args, **kwargs)
  File "/app/asu_discord/cogs/analytics.py", line 652, in on_member_update
    before_timeout = before.timed_out_until
                     ^^^^^^^^^^^^^^^^^^^^^^
AttributeError: 'Member' object has no attribute 'timed_out_until'
Ignoring exception in on_member_update
Traceback (most recent call last):
  File "/usr/local/lib/python3.12/site-packages/discord/client.py", line 465, in _run_event
    await coro(*args, **kwargs)
  File "/app/asu_discord/cogs/analytics.py", line 652, in on_member_update
    before_timeout = before.timed_out_until
                     ^^^^^^^^^^^^^^^^^^^^^^
AttributeError: 'Member' object has no attribute 'timed_out_until'
Ignoring exception in on_member_update
Traceback (most recent call last):
  File "/usr/local/lib/python3.12/site-packages/discord/client.py", line 465, in _run_event
    await coro(*args, **kwargs)
  File "/app/asu_discord/cogs/analytics.py", line 652, in on_member_update
    before_timeout = before.timed_out_until
                     ^^^^^^^^^^^^^^^^^^^^^^
AttributeError: 'Member' object has no attribute 'timed_out_until'
Ignoring exception in on_member_update
Traceback (most recent call last):
  File "/usr/local/lib/python3.12/site-packages/discord/client.py", line 465, in _run_event
    await coro(*args, **kwargs)
  File "/app/asu_discord/cogs/analytics.py", line 652, in on_member_update
    before_timeout = before.timed_out_until
                     ^^^^^^^^^^^^^^^^^^^^^^
AttributeError: 'Member' object has no attribute 'timed_out_until'
Ignoring exception in on_member_update
Traceback (most recent call last):
  File "/usr/local/lib/python3.12/site-packages/discord/client.py", line 465, in _run_event
    await coro(*args, **kwargs)
  File "/app/asu_discord/cogs/analytics.py", line 652, in on_member_update
    before_timeout = before.timed_out_until
                     ^^^^^^^^^^^^^^^^^^^^^^
AttributeError: 'Member' object has no attribute 'timed_out_until'
Ignoring exception in on_member_update
Traceback (most recent call last):
  File "/usr/local/lib/python3.12/site-packages/discord/client.py", line 465, in _run_event
    await coro(*args, **kwargs)
  File "/app/asu_discord/cogs/analytics.py", line 652, in on_member_update
    before_timeout = before.timed_out_until
                     ^^^^^^^^^^^^^^^^^^^^^^
AttributeError: 'Member' object has no attribute 'timed_out_until'
INFO:asu_discord.cogs.verification:Saved 6 roles to database for user dzelayag (Discord ID: 1076624482212515930)
INFO:asu_discord.cogs.verification:Refreshed Salesforce roles for Discord user 1076624482212515930: -4/+6 roles, assigned=[Arizona Resident, Commited, First Year, Ira A. Fulton Schools of Engineering, Tempe, Upperclassmen]
Ignoring exception in on_member_update
Traceback (most recent call last):
  File "/usr/local/lib/python3.12/site-packages/discord/client.py", line 465, in _run_event
    await coro(*args, **kwargs)
  File "/app/asu_discord/cogs/analytics.py", line 652, in on_member_update
    before_timeout = before.timed_out_until
                     ^^^^^^^^^^^^^^^^^^^^^^
AttributeError: 'Member' object has no attribute 'timed_out_until'
Ignoring exception in on_member_update
Traceback (most recent call last):
  File "/usr/local/lib/python3.12/site-packages/discord/client.py", line 465, in _run_event
    await coro(*args, **kwargs)
  File "/app/asu_discord/cogs/analytics.py", line 652, in on_member_update
    before_timeout = before.timed_out_until
                     ^^^^^^^^^^^^^^^^^^^^^^
AttributeError: 'Member' object has no attribute 'timed_out_until'
Ignoring exception in on_member_update
Traceback (most recent call last):
  File "/usr/local/lib/python3.12/site-packages/discord/client.py", line 465, in _run_event
    await coro(*args, **kwargs)
  File "/app/asu_discord/cogs/analytics.py", line 652, in on_member_update
    before_timeout = before.timed_out_until
                     ^^^^^^^^^^^^^^^^^^^^^^
AttributeError: 'Member' object has no attribute 'timed_out_until'
Ignoring exception in on_member_update
Traceback (most recent call last):
  File "/usr/local/lib/python3.12/site-packages/discord/client.py", line 465, in _run_event
    await coro(*args, **kwargs)
  File "/app/asu_discord/cogs/analytics.py", line 652, in on_member_update
    before_timeout = before.timed_out_until
                     ^^^^^^^^^^^^^^^^^^^^^^
AttributeError: 'Member' object has no attribute 'timed_out_until'
Ignoring exception in on_member_update
Traceback (most recent call last):
  File "/usr/local/lib/python3.12/site-packages/discord/client.py", line 465, in _run_event
    await coro(*args, **kwargs)
  File "/app/asu_discord/cogs/analytics.py", line 652, in on_member_update
    before_timeout = before.timed_out_until
                     ^^^^^^^^^^^^^^^^^^^^^^
AttributeError: 'Member' object has no attribute 'timed_out_until'
Ignoring exception in on_member_update
Traceback (most recent call last):
  File "/usr/local/lib/python3.12/site-packages/discord/client.py", line 465, in _run_event
    await coro(*args, **kwargs)
  File "/app/asu_discord/cogs/analytics.py", line 652, in on_member_update
    before_timeout = before.timed_out_until
                     ^^^^^^^^^^^^^^^^^^^^^^
AttributeError: 'Member' object has no attribute 'timed_out_until'
Ignoring exception in on_member_update
Traceback (most recent call last):
  File "/usr/local/lib/python3.12/site-packages/discord/client.py", line 465, in _run_event
    await coro(*args, **kwargs)
  File "/app/asu_discord/cogs/analytics.py", line 652, in on_member_update
    before_timeout = before.timed_out_until
                     ^^^^^^^^^^^^^^^^^^^^^^
AttributeError: 'Member' object has no attribute 'timed_out_until'
Ignoring exception in on_member_update
Traceback (most recent call last):
  File "/usr/local/lib/python3.12/site-packages/discord/client.py", line 465, in _run_event
    await coro(*args, **kwargs)
  File "/app/asu_discord/cogs/analytics.py", line 652, in on_member_update
    before_timeout = before.timed_out_until
                     ^^^^^^^^^^^^^^^^^^^^^^
AttributeError: 'Member' object has no attribute 'timed_out_until'
Ignoring exception in on_member_update
Traceback (most recent call last):
  File "/usr/local/lib/python3.12/site-packages/discord/client.py", line 465, in _run_event
    await coro(*args, **kwargs)
  File "/app/asu_discord/cogs/analytics.py", line 652, in on_member_update
    before_timeout = before.timed_out_until
                     ^^^^^^^^^^^^^^^^^^^^^^
AttributeError: 'Member' object has no attribute 'timed_out_until'
Ignoring exception in on_member_update
Traceback (most recent call last):
  File "/usr/local/lib/python3.12/site-packages/discord/client.py", line 465, in _run_event
    await coro(*args, **kwargs)
  File "/app/asu_discord/cogs/analytics.py", line 652, in on_member_update
    before_timeout = before.timed_out_until
                     ^^^^^^^^^^^^^^^^^^^^^^
AttributeError: 'Member' object has no attribute 'timed_out_until'
INFO:asu_discord.cogs.verification:Saved 5 roles to database for user asnambi2 (Discord ID: 1474977292651466773)
INFO:asu_discord.cogs.verification:Refreshed Salesforce roles for Discord user 1474977292651466773: -5/+5 roles, assigned=[Commited, First Year, International Student, Ira A. Fulton Schools of Engineering, Tempe]
Ignoring exception in on_member_update
Traceback (most recent call last):
  File "/usr/local/lib/python3.12/site-packages/discord/client.py", line 465, in _run_event
    await coro(*args, **kwargs)
  File "/app/asu_discord/cogs/analytics.py", line 652, in on_member_update
    before_timeout = before.timed_out_until
                     ^^^^^^^^^^^^^^^^^^^^^^
AttributeError: 'Member' object has no attribute 'timed_out_until'
Ignoring exception in on_member_update
Traceback (most recent call last):
  File "/usr/local/lib/python3.12/site-packages/discord/client.py", line 465, in _run_event
    await coro(*args, **kwargs)
  File "/app/asu_discord/cogs/analytics.py", line 652, in on_member_update
    before_timeout = before.timed_out_until
                     ^^^^^^^^^^^^^^^^^^^^^^
AttributeError: 'Member' object has no attribute 'timed_out_until'
Ignoring exception in on_member_update
Traceback (most recent call last):
  File "/usr/local/lib/python3.12/site-packages/discord/client.py", line 465, in _run_event
    await coro(*args, **kwargs)
  File "/app/asu_discord/cogs/analytics.py", line 652, in on_member_update
    before_timeout = before.timed_out_until
                     ^^^^^^^^^^^^^^^^^^^^^^
AttributeError: 'Member' object has no attribute 'timed_out_until'
Ignoring exception in on_member_update
Traceback (most recent call last):
  File "/usr/local/lib/python3.12/site-packages/discord/client.py", line 465, in _run_event
    await coro(*args, **kwargs)
  File "/app/asu_discord/cogs/analytics.py", line 652, in on_member_update
    before_timeout = before.timed_out_until
                     ^^^^^^^^^^^^^^^^^^^^^^
AttributeError: 'Member' object has no attribute 'timed_out_until'
Ignoring exception in on_member_update
Traceback (most recent call last):
  File "/usr/local/lib/python3.12/site-packages/discord/client.py", line 465, in _run_event
    await coro(*args, **kwargs)
  File "/app/asu_discord/cogs/analytics.py", line 652, in on_member_update
    before_timeout = before.timed_out_until
                     ^^^^^^^^^^^^^^^^^^^^^^
AttributeError: 'Member' object has no attribute 'timed_out_until'
Ignoring exception in on_member_update
Traceback (most recent call last):
  File "/usr/local/lib/python3.12/site-packages/discord/client.py", line 465, in _run_event
    await coro(*args, **kwargs)
  File "/app/asu_discord/cogs/analytics.py", line 652, in on_member_update
    before_timeout = before.timed_out_until
                     ^^^^^^^^^^^^^^^^^^^^^^
AttributeError: 'Member' object has no attribute 'timed_out_until'
Ignoring exception in on_member_update
Traceback (most recent call last):
  File "/usr/local/lib/python3.12/site-packages/discord/client.py", line 465, in _run_event
    await coro(*args, **kwargs)
  File "/app/asu_discord/cogs/analytics.py", line 652, in on_member_update
    before_timeout = before.timed_out_until
                     ^^^^^^^^^^^^^^^^^^^^^^
AttributeError: 'Member' object has no attribute 'timed_out_until'
Ignoring exception in on_member_update
Traceback (most recent call last):
  File "/usr/local/lib/python3.12/site-packages/discord/client.py", line 465, in _run_event
    await coro(*args, **kwargs)
  File "/app/asu_discord/cogs/analytics.py", line 652, in on_member_update
    before_timeout = before.timed_out_until
                     ^^^^^^^^^^^^^^^^^^^^^^
AttributeError: 'Member' object has no attribute 'timed_out_until'
Ignoring exception in on_member_update
Traceback (most recent call last):
  File "/usr/local/lib/python3.12/site-packages/discord/client.py", line 465, in _run_event
    await coro(*args, **kwargs)
  File "/app/asu_discord/cogs/analytics.py", line 652, in on_member_update
    before_timeout = before.timed_out_until
                     ^^^^^^^^^^^^^^^^^^^^^^
AttributeError: 'Member' object has no attribute 'timed_out_until'
Ignoring exception in on_member_update
Traceback (most recent call last):
  File "/usr/local/lib/python3.12/site-packages/discord/client.py", line 465, in _run_event
    await coro(*args, **kwargs)
  File "/app/asu_discord/cogs/analytics.py", line 652, in on_member_update
    before_timeout = before.timed_out_until
                     ^^^^^^^^^^^^^^^^^^^^^^
AttributeError: 'Member' object has no attribute 'timed_out_until'
INFO:asu_discord.cogs.verification:Saved 5 roles to database for user clavrar (Discord ID: 533494074871775243)
INFO:asu_discord.cogs.verification:Refreshed Salesforce roles for Discord user 533494074871775243: -5/+5 roles, assigned=[College of Integrative Sciences and Arts, Online, Out of State, Transfer Student, Upperclassmen]
Ignoring exception in on_member_update
Traceback (most recent call last):
  File "/usr/local/lib/python3.12/site-packages/discord/client.py", line 465, in _run_event
    await coro(*args, **kwargs)
  File "/app/asu_discord/cogs/analytics.py", line 652, in on_member_update
    before_timeout = before.timed_out_until
                     ^^^^^^^^^^^^^^^^^^^^^^
AttributeError: 'Member' object has no attribute 'timed_out_until'
Ignoring exception in on_member_update
Traceback (most recent call last):
  File "/usr/local/lib/python3.12/site-packages/discord/client.py", line 465, in _run_event
    await coro(*args, **kwargs)
  File "/app/asu_discord/cogs/analytics.py", line 652, in on_member_update
    before_timeout = before.timed_out_until
                     ^^^^^^^^^^^^^^^^^^^^^^
AttributeError: 'Member' object has no attribute 'timed_out_until'
Ignoring exception in on_member_update
Traceback (most recent call last):
  File "/usr/local/lib/python3.12/site-packages/discord/client.py", line 465, in _run_event
    await coro(*args, **kwargs)
  File "/app/asu_discord/cogs/analytics.py", line 652, in on_member_update
    before_timeout = before.timed_out_until
                     ^^^^^^^^^^^^^^^^^^^^^^
AttributeError: 'Member' object has no attribute 'timed_out_until'
Ignoring exception in on_member_update
Traceback (most recent call last):
  File "/usr/local/lib/python3.12/site-packages/discord/client.py", line 465, in _run_event
    await coro(*args, **kwargs)
  File "/app/asu_discord/cogs/analytics.py", line 652, in on_member_update
    before_timeout = before.timed_out_until
                     ^^^^^^^^^^^^^^^^^^^^^^
AttributeError: 'Member' object has no attribute 'timed_out_until'
Ignoring exception in on_member_update
Traceback (most recent call last):
  File "/usr/local/lib/python3.12/site-packages/discord/client.py", line 465, in _run_event
    await coro(*args, **kwargs)
  File "/app/asu_discord/cogs/analytics.py", line 652, in on_member_update
    before_timeout = before.timed_out_until
                     ^^^^^^^^^^^^^^^^^^^^^^
AttributeError: 'Member' object has no attribute 'timed_out_until'
Ignoring exception in on_member_update
Traceback (most recent call last):
  File "/usr/local/lib/python3.12/site-packages/discord/client.py", line 465, in _run_event
    await coro(*args, **kwargs)
  File "/app/asu_discord/cogs/analytics.py", line 652, in on_member_update
    before_timeout = before.timed_out_until
                     ^^^^^^^^^^^^^^^^^^^^^^
AttributeError: 'Member' object has no attribute 'timed_out_until'
Ignoring exception in on_member_update
Traceback (most recent call last):
  File "/usr/local/lib/python3.12/site-packages/discord/client.py", line 465, in _run_event
    await coro(*args, **kwargs)
  File "/app/asu_discord/cogs/analytics.py", line 652, in on_member_update
    before_timeout = before.timed_out_until
                     ^^^^^^^^^^^^^^^^^^^^^^
AttributeError: 'Member' object has no attribute 'timed_out_until'
Ignoring exception in on_member_update
Traceback (most recent call last):
  File "/usr/local/lib/python3.12/site-packages/discord/client.py", line 465, in _run_event
    await coro(*args, **kwargs)
  File "/app/asu_discord/cogs/analytics.py", line 652, in on_member_update
    before_timeout = before.timed_out_until
                     ^^^^^^^^^^^^^^^^^^^^^^
AttributeError: 'Member' object has no attribute 'timed_out_until'
Ignoring exception in on_member_update
Traceback (most recent call last):
  File "/usr/local/lib/python3.12/site-packages/discord/client.py", line 465, in _run_event
    await coro(*args, **kwargs)
  File "/app/asu_discord/cogs/analytics.py", line 652, in on_member_update
    before_timeout = before.timed_out_until
                     ^^^^^^^^^^^^^^^^^^^^^^
AttributeError: 'Member' object has no attribute 'timed_out_until'
Ignoring exception in on_member_update
Traceback (most recent call last):
  File "/usr/local/lib/python3.12/site-packages/discord/client.py", line 465, in _run_event
    await coro(*args, **kwargs)
  File "/app/asu_discord/cogs/analytics.py", line 652, in on_member_update
    before_timeout = before.timed_out_until
                     ^^^^^^^^^^^^^^^^^^^^^^
AttributeError: 'Member' object has no attribute 'timed_out_until'
INFO:asu_discord.cogs.verification:Saved 5 roles to database for user amathe53 (Discord ID: 762270210220228618)
INFO:asu_discord.cogs.verification:Refreshed Salesforce roles for Discord user 762270210220228618: -5/+5 roles, assigned=[Commited, Graduate Student, International Student, Ira A. Fulton Schools of Engineering, Polytechnic]
Ignoring exception in on_member_update
Traceback (most recent call last):
  File "/usr/local/lib/python3.12/site-packages/discord/client.py", line 465, in _run_event
    await coro(*args, **kwargs)
  File "/app/asu_discord/cogs/analytics.py", line 652, in on_member_update
    before_timeout = before.timed_out_until
                     ^^^^^^^^^^^^^^^^^^^^^^
AttributeError: 'Member' object has no attribute 'timed_out_until'
Ignoring exception in on_member_update
Traceback (most recent call last):
  File "/usr/local/lib/python3.12/site-packages/discord/client.py", line 465, in _run_event
    await coro(*args, **kwargs)
  File "/app/asu_discord/cogs/analytics.py", line 652, in on_member_update
    before_timeout = before.timed_out_until
                     ^^^^^^^^^^^^^^^^^^^^^^
AttributeError: 'Member' object has no attribute 'timed_out_until'
Ignoring exception in on_member_update
Traceback (most recent call last):
  File "/usr/local/lib/python3.12/site-packages/discord/client.py", line 465, in _run_event
    await coro(*args, **kwargs)
  File "/app/asu_discord/cogs/analytics.py", line 652, in on_member_update
    before_timeout = before.timed_out_until
                     ^^^^^^^^^^^^^^^^^^^^^^
AttributeError: 'Member' object has no attribute 'timed_out_until'
Ignoring exception in on_member_update
Traceback (most recent call last):
  File "/usr/local/lib/python3.12/site-packages/discord/client.py", line 465, in _run_event
    await coro(*args, **kwargs)
  File "/app/asu_discord/cogs/analytics.py", line 652, in on_member_update
    before_timeout = before.timed_out_until
                     ^^^^^^^^^^^^^^^^^^^^^^
AttributeError: 'Member' object has no attribute 'timed_out_until'
Ignoring exception in on_member_update
Traceback (most recent call last):
  File "/usr/local/lib/python3.12/site-packages/discord/client.py", line 465, in _run_event
    await coro(*args, **kwargs)
  File "/app/asu_discord/cogs/analytics.py", line 652, in on_member_update
    before_timeout = before.timed_out_until
                     ^^^^^^^^^^^^^^^^^^^^^^
AttributeError: 'Member' object has no attribute 'timed_out_until'
Ignoring exception in on_member_update
Traceback (most recent call last):
  File "/usr/local/lib/python3.12/site-packages/discord/client.py", line 465, in _run_event
    await coro(*args, **kwargs)
  File "/app/asu_discord/cogs/analytics.py", line 652, in on_member_update
    before_timeout = before.timed_out_until
                     ^^^^^^^^^^^^^^^^^^^^^^
AttributeError: 'Member' object has no attribute 'timed_out_until'
Ignoring exception in on_member_update
Traceback (most recent call last):
  File "/usr/local/lib/python3.12/site-packages/discord/client.py", line 465, in _run_event
    await coro(*args, **kwargs)
  File "/app/asu_discord/cogs/analytics.py", line 652, in on_member_update
    before_timeout = before.timed_out_until
                     ^^^^^^^^^^^^^^^^^^^^^^
AttributeError: 'Member' object has no attribute 'timed_out_until'
Ignoring exception in on_member_update
Traceback (most recent call last):
  File "/usr/local/lib/python3.12/site-packages/discord/client.py", line 465, in _run_event
    await coro(*args, **kwargs)
  File "/app/asu_discord/cogs/analytics.py", line 652, in on_member_update
    before_timeout = before.timed_out_until
                     ^^^^^^^^^^^^^^^^^^^^^^
AttributeError: 'Member' object has no attribute 'timed_out_until'
Ignoring exception in on_member_update
Traceback (most recent call last):
  File "/usr/local/lib/python3.12/site-packages/discord/client.py", line 465, in _run_event
    await coro(*args, **kwargs)
  File "/app/asu_discord/cogs/analytics.py", line 652, in on_member_update
    before_timeout = before.timed_out_until
                     ^^^^^^^^^^^^^^^^^^^^^^
AttributeError: 'Member' object has no attribute 'timed_out_until'
Ignoring exception in on_member_update
Traceback (most recent call last):
  File "/usr/local/lib/python3.12/site-packages/discord/client.py", line 465, in _run_event
    await coro(*args, **kwargs)
  File "/app/asu_discord/cogs/analytics.py", line 652, in on_member_update
    before_timeout = before.timed_out_until
                     ^^^^^^^^^^^^^^^^^^^^^^
AttributeError: 'Member' object has no attribute 'timed_out_until'
INFO:asu_discord.cogs.verification:Saved 5 roles to database for user mtoukam (Discord ID: 965051284765958174)
INFO:asu_discord.cogs.verification:Refreshed Salesforce roles for Discord user 965051284765958174: -5/+5 roles, assigned=[Arizona Resident, Commited, First Year, W.P. Carey School of Business, West Valley]
Ignoring exception in on_member_update
Traceback (most recent call last):
  File "/usr/local/lib/python3.12/site-packages/discord/client.py", line 465, in _run_event
    await coro(*args, **kwargs)
  File "/app/asu_discord/cogs/analytics.py", line 652, in on_member_update
    before_timeout = before.timed_out_until
                     ^^^^^^^^^^^^^^^^^^^^^^
AttributeError: 'Member' object has no attribute 'timed_out_until'
Ignoring exception in on_member_update
Traceback (most recent call last):
  File "/usr/local/lib/python3.12/site-packages/discord/client.py", line 465, in _run_event
    await coro(*args, **kwargs)
  File "/app/asu_discord/cogs/analytics.py", line 652, in on_member_update
    before_timeout = before.timed_out_until
                     ^^^^^^^^^^^^^^^^^^^^^^
AttributeError: 'Member' object has no attribute 'timed_out_until'
Ignoring exception in on_member_update
Traceback (most recent call last):
  File "/usr/local/lib/python3.12/site-packages/discord/client.py", line 465, in _run_event
    await coro(*args, **kwargs)
  File "/app/asu_discord/cogs/analytics.py", line 652, in on_member_update
    before_timeout = before.timed_out_until
                     ^^^^^^^^^^^^^^^^^^^^^^
AttributeError: 'Member' object has no attribute 'timed_out_until'
Ignoring exception in on_member_update
Traceback (most recent call last):
  File "/usr/local/lib/python3.12/site-packages/discord/client.py", line 465, in _run_event
    await coro(*args, **kwargs)
  File "/app/asu_discord/cogs/analytics.py", line 652, in on_member_update
    before_timeout = before.timed_out_until
                     ^^^^^^^^^^^^^^^^^^^^^^
AttributeError: 'Member' object has no attribute 'timed_out_until'
Ignoring exception in on_member_update
Traceback (most recent call last):
  File "/usr/local/lib/python3.12/site-packages/discord/client.py", line 465, in _run_event
    await coro(*args, **kwargs)
  File "/app/asu_discord/cogs/analytics.py", line 652, in on_member_update
    before_timeout = before.timed_out_until
                     ^^^^^^^^^^^^^^^^^^^^^^
AttributeError: 'Member' object has no attribute 'timed_out_until'
Ignoring exception in on_member_update
Traceback (most recent call last):
  File "/usr/local/lib/python3.12/site-packages/discord/client.py", line 465, in _run_event
    await coro(*args, **kwargs)
  File "/app/asu_discord/cogs/analytics.py", line 652, in on_member_update
    before_timeout = before.timed_out_until
                     ^^^^^^^^^^^^^^^^^^^^^^
AttributeError: 'Member' object has no attribute 'timed_out_until'
Ignoring exception in on_member_update
Traceback (most recent call last):
  File "/usr/local/lib/python3.12/site-packages/discord/client.py", line 465, in _run_event
    await coro(*args, **kwargs)
  File "/app/asu_discord/cogs/analytics.py", line 652, in on_member_update
    before_timeout = before.timed_out_until
                     ^^^^^^^^^^^^^^^^^^^^^^
AttributeError: 'Member' object has no attribute 'timed_out_until'
Ignoring exception in on_member_update
Traceback (most recent call last):
  File "/usr/local/lib/python3.12/site-packages/discord/client.py", line 465, in _run_event
    await coro(*args, **kwargs)
  File "/app/asu_discord/cogs/analytics.py", line 652, in on_member_update
    before_timeout = before.timed_out_until
                     ^^^^^^^^^^^^^^^^^^^^^^
AttributeError: 'Member' object has no attribute 'timed_out_until'
Ignoring exception in on_member_update
Traceback (most recent call last):
  File "/usr/local/lib/python3.12/site-packages/discord/client.py", line 465, in _run_event
    await coro(*args, **kwargs)
  File "/app/asu_discord/cogs/analytics.py", line 652, in on_member_update
    before_timeout = before.timed_out_until
                     ^^^^^^^^^^^^^^^^^^^^^^
AttributeError: 'Member' object has no attribute 'timed_out_until'
INFO:asu_discord.cogs.verification:Saved 5 roles to database for user drenter4 (Discord ID: 1199080009755799633)
INFO:asu_discord.cogs.verification:Refreshed Salesforce roles for Discord user 1199080009755799633: -5/+4 roles, assigned=[Arizona Resident, First Generation Student, New College of Interdisciplinary Arts and Sciences, Transfer Student, West Valley]
Ignoring exception in on_member_update
Traceback (most recent call last):
  File "/usr/local/lib/python3.12/site-packages/discord/client.py", line 465, in _run_event
    await coro(*args, **kwargs)
  File "/app/asu_discord/cogs/analytics.py", line 652, in on_member_update
    before_timeout = before.timed_out_until
                     ^^^^^^^^^^^^^^^^^^^^^^
AttributeError: 'Member' object has no attribute 'timed_out_until'
Ignoring exception in on_member_update
Traceback (most recent call last):
  File "/usr/local/lib/python3.12/site-packages/discord/client.py", line 465, in _run_event
    await coro(*args, **kwargs)
  File "/app/asu_discord/cogs/analytics.py", line 652, in on_member_update
    before_timeout = before.timed_out_until
                     ^^^^^^^^^^^^^^^^^^^^^^
AttributeError: 'Member' object has no attribute 'timed_out_until'
Ignoring exception in on_member_update
Traceback (most recent call last):
  File "/usr/local/lib/python3.12/site-packages/discord/client.py", line 465, in _run_event
    await coro(*args, **kwargs)
  File "/app/asu_discord/cogs/analytics.py", line 652, in on_member_update
    before_timeout = before.timed_out_until
                     ^^^^^^^^^^^^^^^^^^^^^^
AttributeError: 'Member' object has no attribute 'timed_out_until'
Ignoring exception in on_member_update
Traceback (most recent call last):
  File "/usr/local/lib/python3.12/site-packages/discord/client.py", line 465, in _run_event
    await coro(*args, **kwargs)
  File "/app/asu_discord/cogs/analytics.py", line 652, in on_member_update
    before_timeout = before.timed_out_until
                     ^^^^^^^^^^^^^^^^^^^^^^
AttributeError: 'Member' object has no attribute 'timed_out_until'
Ignoring exception in on_member_update
Traceback (most recent call last):
  File "/usr/local/lib/python3.12/site-packages/discord/client.py", line 465, in _run_event
    await coro(*args, **kwargs)
  File "/app/asu_discord/cogs/analytics.py", line 652, in on_member_update
    before_timeout = before.timed_out_until
                     ^^^^^^^^^^^^^^^^^^^^^^
AttributeError: 'Member' object has no attribute 'timed_out_until'
Ignoring exception in on_member_update
Traceback (most recent call last):
  File "/usr/local/lib/python3.12/site-packages/discord/client.py", line 465, in _run_event
    await coro(*args, **kwargs)
  File "/app/asu_discord/cogs/analytics.py", line 652, in on_member_update
    before_timeout = before.timed_out_until
                     ^^^^^^^^^^^^^^^^^^^^^^
AttributeError: 'Member' object has no attribute 'timed_out_until'
Ignoring exception in on_member_update
Traceback (most recent call last):
  File "/usr/local/lib/python3.12/site-packages/discord/client.py", line 465, in _run_event
    await coro(*args, **kwargs)
  File "/app/asu_discord/cogs/analytics.py", line 652, in on_member_update
    before_timeout = before.timed_out_until
                     ^^^^^^^^^^^^^^^^^^^^^^
AttributeError: 'Member' object has no attribute 'timed_out_until'
Ignoring exception in on_member_update
Traceback (most recent call last):
  File "/usr/local/lib/python3.12/site-packages/discord/client.py", line 465, in _run_event
    await coro(*args, **kwargs)
  File "/app/asu_discord/cogs/analytics.py", line 652, in on_member_update
    before_timeout = before.timed_out_until
                     ^^^^^^^^^^^^^^^^^^^^^^
AttributeError: 'Member' object has no attribute 'timed_out_until'
Ignoring exception in on_member_update
Traceback (most recent call last):
  File "/usr/local/lib/python3.12/site-packages/discord/client.py", line 465, in _run_event
    await coro(*args, **kwargs)
  File "/app/asu_discord/cogs/analytics.py", line 652, in on_member_update
    before_timeout = before.timed_out_until
                     ^^^^^^^^^^^^^^^^^^^^^^
AttributeError: 'Member' object has no attribute 'timed_out_until'
Ignoring exception in on_member_update
Traceback (most recent call last):
  File "/usr/local/lib/python3.12/site-packages/discord/client.py", line 465, in _run_event
    await coro(*args, **kwargs)
  File "/app/asu_discord/cogs/analytics.py", line 652, in on_member_update
    before_timeout = before.timed_out_until
                     ^^^^^^^^^^^^^^^^^^^^^^
AttributeError: 'Member' object has no attribute 'timed_out_until'
INFO:asu_discord.cogs.verification:Saved 5 roles to database for user csthom19 (Discord ID: 1462976251986710650)
INFO:asu_discord.cogs.verification:Refreshed Salesforce roles for Discord user 1462976251986710650: -5/+5 roles, assigned=[Arizona Resident, Commited, First Year, Tempe, W.P. Carey School of Business]
INFO:asu_discord.cogs.verification:Refreshed Salesforce roles for Discord user 1461220831240781978: -0/+0 roles, assigned=[none]
ERROR:cron.jobs:refresh_salesforce_roles: failed for kjasti12 (Discord ID 1461200590460944467): Failed to refresh Salesforce-based roles: Discord user 1461200590460944467 is not a member of the guild
ERROR:cron.jobs:refresh_salesforce_roles: failed for emilykao (Discord ID 741066541533102170): Failed to refresh Salesforce-based roles: Discord user 741066541533102170 is not a member of the guild
Ignoring exception in on_member_update
Traceback (most recent call last):
  File "/usr/local/lib/python3.12/site-packages/discord/client.py", line 465, in _run_event
    await coro(*args, **kwargs)
  File "/app/asu_discord/cogs/analytics.py", line 652, in on_member_update
    before_timeout = before.timed_out_until
                     ^^^^^^^^^^^^^^^^^^^^^^
AttributeError: 'Member' object has no attribute 'timed_out_until'
Ignoring exception in on_member_update
Traceback (most recent call last):
  File "/usr/local/lib/python3.12/site-packages/discord/client.py", line 465, in _run_event
    await coro(*args, **kwargs)
  File "/app/asu_discord/cogs/analytics.py", line 652, in on_member_update
    before_timeout = before.timed_out_until
                     ^^^^^^^^^^^^^^^^^^^^^^
AttributeError: 'Member' object has no attribute 'timed_out_until'
Ignoring exception in on_member_update
Traceback (most recent call last):
  File "/usr/local/lib/python3.12/site-packages/discord/client.py", line 465, in _run_event
    await coro(*args, **kwargs)
  File "/app/asu_discord/cogs/analytics.py", line 652, in on_member_update
    before_timeout = before.timed_out_until
                     ^^^^^^^^^^^^^^^^^^^^^^
AttributeError: 'Member' object has no attribute 'timed_out_until'
Ignoring exception in on_member_update
Traceback (most recent call last):
  File "/usr/local/lib/python3.12/site-packages/discord/client.py", line 465, in _run_event
    await coro(*args, **kwargs)
  File "/app/asu_discord/cogs/analytics.py", line 652, in on_member_update
    before_timeout = before.timed_out_until
                     ^^^^^^^^^^^^^^^^^^^^^^
AttributeError: 'Member' object has no attribute 'timed_out_until'
Ignoring exception in on_member_update
Traceback (most recent call last):
  File "/usr/local/lib/python3.12/site-packages/discord/client.py", line 465, in _run_event
    await coro(*args, **kwargs)
  File "/app/asu_discord/cogs/analytics.py", line 652, in on_member_update
    before_timeout = before.timed_out_until
                     ^^^^^^^^^^^^^^^^^^^^^^
AttributeError: 'Member' object has no attribute 'timed_out_until'
Ignoring exception in on_member_update
Traceback (most recent call last):
  File "/usr/local/lib/python3.12/site-packages/discord/client.py", line 465, in _run_event
    await coro(*args, **kwargs)
  File "/app/asu_discord/cogs/analytics.py", line 652, in on_member_update
    before_timeout = before.timed_out_until
                     ^^^^^^^^^^^^^^^^^^^^^^
AttributeError: 'Member' object has no attribute 'timed_out_until'
Ignoring exception in on_member_update
Traceback (most recent call last):
  File "/usr/local/lib/python3.12/site-packages/discord/client.py", line 465, in _run_event
    await coro(*args, **kwargs)
  File "/app/asu_discord/cogs/analytics.py", line 652, in on_member_update
    before_timeout = before.timed_out_until
                     ^^^^^^^^^^^^^^^^^^^^^^
AttributeError: 'Member' object has no attribute 'timed_out_until'
Ignoring exception in on_member_update
Traceback (most recent call last):
  File "/usr/local/lib/python3.12/site-packages/discord/client.py", line 465, in _run_event
    await coro(*args, **kwargs)
  File "/app/asu_discord/cogs/analytics.py", line 652, in on_member_update
    before_timeout = before.timed_out_until
                     ^^^^^^^^^^^^^^^^^^^^^^
AttributeError: 'Member' object has no attribute 'timed_out_until'
Ignoring exception in on_member_update
Traceback (most recent call last):
  File "/usr/local/lib/python3.12/site-packages/discord/client.py", line 465, in _run_event
    await coro(*args, **kwargs)
  File "/app/asu_discord/cogs/analytics.py", line 652, in on_member_update
    before_timeout = before.timed_out_until
                     ^^^^^^^^^^^^^^^^^^^^^^
AttributeError: 'Member' object has no attribute 'timed_out_until'
Ignoring exception in on_member_update
Traceback (most recent call last):
  File "/usr/local/lib/python3.12/site-packages/discord/client.py", line 465, in _run_event
    await coro(*args, **kwargs)
  File "/app/asu_discord/cogs/analytics.py", line 652, in on_member_update
    before_timeout = before.timed_out_until
                     ^^^^^^^^^^^^^^^^^^^^^^
AttributeError: 'Member' object has no attribute 'timed_out_until'
INFO:asu_discord.cogs.verification:Saved 5 roles to database for user npoyzer (Discord ID: 699730226804162610)
INFO:asu_discord.cogs.verification:Refreshed Salesforce roles for Discord user 699730226804162610: -5/+5 roles, assigned=[Arizona Resident, College of Liberal Arts and Sciences, Commited, Tempe, Transfer Student]
Ignoring exception in on_member_update
Traceback (most recent call last):
  File "/usr/local/lib/python3.12/site-packages/discord/client.py", line 465, in _run_event
    await coro(*args, **kwargs)
  File "/app/asu_discord/cogs/analytics.py", line 652, in on_member_update
    before_timeout = before.timed_out_until
                     ^^^^^^^^^^^^^^^^^^^^^^
AttributeError: 'Member' object has no attribute 'timed_out_until'
Ignoring exception in on_member_update
Traceback (most recent call last):
  File "/usr/local/lib/python3.12/site-packages/discord/client.py", line 465, in _run_event
    await coro(*args, **kwargs)
  File "/app/asu_discord/cogs/analytics.py", line 652, in on_member_update
    before_timeout = before.timed_out_until
                     ^^^^^^^^^^^^^^^^^^^^^^
AttributeError: 'Member' object has no attribute 'timed_out_until'
Ignoring exception in on_member_update
Traceback (most recent call last):
  File "/usr/local/lib/python3.12/site-packages/discord/client.py", line 465, in _run_event
    await coro(*args, **kwargs)
  File "/app/asu_discord/cogs/analytics.py", line 652, in on_member_update
    before_timeout = before.timed_out_until
                     ^^^^^^^^^^^^^^^^^^^^^^
AttributeError: 'Member' object has no attribute 'timed_out_until'
Ignoring exception in on_member_update
Traceback (most recent call last):
  File "/usr/local/lib/python3.12/site-packages/discord/client.py", line 465, in _run_event
    await coro(*args, **kwargs)
  File "/app/asu_discord/cogs/analytics.py", line 652, in on_member_update
    before_timeout = before.timed_out_until
                     ^^^^^^^^^^^^^^^^^^^^^^
AttributeError: 'Member' object has no attribute 'timed_out_until'
Ignoring exception in on_member_update
Traceback (most recent call last):
  File "/usr/local/lib/python3.12/site-packages/discord/client.py", line 465, in _run_event
    await coro(*args, **kwargs)
  File "/app/asu_discord/cogs/analytics.py", line 652, in on_member_update
    before_timeout = before.timed_out_until
                     ^^^^^^^^^^^^^^^^^^^^^^
AttributeError: 'Member' object has no attribute 'timed_out_until'
Ignoring exception in on_member_update
Traceback (most recent call last):
  File "/usr/local/lib/python3.12/site-packages/discord/client.py", line 465, in _run_event
    await coro(*args, **kwargs)
  File "/app/asu_discord/cogs/analytics.py", line 652, in on_member_update
    before_timeout = before.timed_out_until
                     ^^^^^^^^^^^^^^^^^^^^^^
AttributeError: 'Member' object has no attribute 'timed_out_until'
Ignoring exception in on_member_update
Traceback (most recent call last):
  File "/usr/local/lib/python3.12/site-packages/discord/client.py", line 465, in _run_event
    await coro(*args, **kwargs)
  File "/app/asu_discord/cogs/analytics.py", line 652, in on_member_update
    before_timeout = before.timed_out_until
                     ^^^^^^^^^^^^^^^^^^^^^^
AttributeError: 'Member' object has no attribute 'timed_out_until'
Ignoring exception in on_member_update
Traceback (most recent call last):
  File "/usr/local/lib/python3.12/site-packages/discord/client.py", line 465, in _run_event
    await coro(*args, **kwargs)
  File "/app/asu_discord/cogs/analytics.py", line 652, in on_member_update
    before_timeout = before.timed_out_until
                     ^^^^^^^^^^^^^^^^^^^^^^
AttributeError: 'Member' object has no attribute 'timed_out_until'
INFO:asu_discord.cogs.verification:Saved 4 roles to database for user khlewis2 (Discord ID: 749800490711384114)
INFO:asu_discord.cogs.verification:Refreshed Salesforce roles for Discord user 749800490711384114: -4/+4 roles, assigned=[Arizona Resident, College of Health Solutions, Downtown Phoenix, First Year]
Ignoring exception in on_member_update
Traceback (most recent call last):
  File "/usr/local/lib/python3.12/site-packages/discord/client.py", line 465, in _run_event
    await coro(*args, **kwargs)
  File "/app/asu_discord/cogs/analytics.py", line 652, in on_member_update
    before_timeout = before.timed_out_until
                     ^^^^^^^^^^^^^^^^^^^^^^
AttributeError: 'Member' object has no attribute 'timed_out_until'
Ignoring exception in on_member_update
Traceback (most recent call last):
  File "/usr/local/lib/python3.12/site-packages/discord/client.py", line 465, in _run_event
    await coro(*args, **kwargs)
  File "/app/asu_discord/cogs/analytics.py", line 652, in on_member_update
    before_timeout = before.timed_out_until
                     ^^^^^^^^^^^^^^^^^^^^^^
AttributeError: 'Member' object has no attribute 'timed_out_until'
Ignoring exception in on_member_update
Traceback (most recent call last):
  File "/usr/local/lib/python3.12/site-packages/discord/client.py", line 465, in _run_event
    await coro(*args, **kwargs)
  File "/app/asu_discord/cogs/analytics.py", line 652, in on_member_update
    before_timeout = before.timed_out_until
                     ^^^^^^^^^^^^^^^^^^^^^^
AttributeError: 'Member' object has no attribute 'timed_out_until'
Ignoring exception in on_member_update
Traceback (most recent call last):
  File "/usr/local/lib/python3.12/site-packages/discord/client.py", line 465, in _run_event
    await coro(*args, **kwargs)
  File "/app/asu_discord/cogs/analytics.py", line 652, in on_member_update
    before_timeout = before.timed_out_until
                     ^^^^^^^^^^^^^^^^^^^^^^
AttributeError: 'Member' object has no attribute 'timed_out_until'
Ignoring exception in on_member_update
Traceback (most recent call last):
  File "/usr/local/lib/python3.12/site-packages/discord/client.py", line 465, in _run_event
    await coro(*args, **kwargs)
  File "/app/asu_discord/cogs/analytics.py", line 652, in on_member_update
    before_timeout = before.timed_out_until
                     ^^^^^^^^^^^^^^^^^^^^^^
AttributeError: 'Member' object has no attribute 'timed_out_until'
Ignoring exception in on_member_update
Traceback (most recent call last):
  File "/usr/local/lib/python3.12/site-packages/discord/client.py", line 465, in _run_event
    await coro(*args, **kwargs)
  File "/app/asu_discord/cogs/analytics.py", line 652, in on_member_update
    before_timeout = before.timed_out_until
                     ^^^^^^^^^^^^^^^^^^^^^^
AttributeError: 'Member' object has no attribute 'timed_out_until'
Ignoring exception in on_member_update
Traceback (most recent call last):
  File "/usr/local/lib/python3.12/site-packages/discord/client.py", line 465, in _run_event
    await coro(*args, **kwargs)
  File "/app/asu_discord/cogs/analytics.py", line 652, in on_member_update
    before_timeout = before.timed_out_until
                     ^^^^^^^^^^^^^^^^^^^^^^
AttributeError: 'Member' object has no attribute 'timed_out_until'
Ignoring exception in on_member_update
Traceback (most recent call last):
  File "/usr/local/lib/python3.12/site-packages/discord/client.py", line 465, in _run_event
    await coro(*args, **kwargs)
  File "/app/asu_discord/cogs/analytics.py", line 652, in on_member_update
    before_timeout = before.timed_out_until
                     ^^^^^^^^^^^^^^^^^^^^^^
AttributeError: 'Member' object has no attribute 'timed_out_until'
Ignoring exception in on_member_update
Traceback (most recent call last):
  File "/usr/local/lib/python3.12/site-packages/discord/client.py", line 465, in _run_event
    await coro(*args, **kwargs)
  File "/app/asu_discord/cogs/analytics.py", line 652, in on_member_update
    before_timeout = before.timed_out_until
                     ^^^^^^^^^^^^^^^^^^^^^^
AttributeError: 'Member' object has no attribute 'timed_out_until'
Ignoring exception in on_member_update
Traceback (most recent call last):
  File "/usr/local/lib/python3.12/site-packages/discord/client.py", line 465, in _run_event
    await coro(*args, **kwargs)
  File "/app/asu_discord/cogs/analytics.py", line 652, in on_member_update
    before_timeout = before.timed_out_until
                     ^^^^^^^^^^^^^^^^^^^^^^
AttributeError: 'Member' object has no attribute 'timed_out_until'
INFO:asu_discord.cogs.verification:Saved 5 roles to database for user njcampb7 (Discord ID: 522960920767627267)
INFO:asu_discord.cogs.verification:Refreshed Salesforce roles for Discord user 522960920767627267: -5/+5 roles, assigned=[Arizona Resident, Commited, First Year, Tempe, W.P. Carey School of Business]
Ignoring exception in on_member_update
Traceback (most recent call last):
  File "/usr/local/lib/python3.12/site-packages/discord/client.py", line 465, in _run_event
    await coro(*args, **kwargs)
  File "/app/asu_discord/cogs/analytics.py", line 652, in on_member_update
    before_timeout = before.timed_out_until
                     ^^^^^^^^^^^^^^^^^^^^^^
AttributeError: 'Member' object has no attribute 'timed_out_until'
Ignoring exception in on_member_update
Traceback (most recent call last):
  File "/usr/local/lib/python3.12/site-packages/discord/client.py", line 465, in _run_event
    await coro(*args, **kwargs)
  File "/app/asu_discord/cogs/analytics.py", line 652, in on_member_update
    before_timeout = before.timed_out_until
                     ^^^^^^^^^^^^^^^^^^^^^^
AttributeError: 'Member' object has no attribute 'timed_out_until'
Ignoring exception in on_member_update
Traceback (most recent call last):
  File "/usr/local/lib/python3.12/site-packages/discord/client.py", line 465, in _run_event
    await coro(*args, **kwargs)
  File "/app/asu_discord/cogs/analytics.py", line 652, in on_member_update
    before_timeout = before.timed_out_until
                     ^^^^^^^^^^^^^^^^^^^^^^
AttributeError: 'Member' object has no attribute 'timed_out_until'
Ignoring exception in on_member_update
Traceback (most recent call last):
  File "/usr/local/lib/python3.12/site-packages/discord/client.py", line 465, in _run_event
    await coro(*args, **kwargs)
  File "/app/asu_discord/cogs/analytics.py", line 652, in on_member_update
    before_timeout = before.timed_out_until
                     ^^^^^^^^^^^^^^^^^^^^^^
AttributeError: 'Member' object has no attribute 'timed_out_until'
Ignoring exception in on_member_update
Traceback (most recent call last):
  File "/usr/local/lib/python3.12/site-packages/discord/client.py", line 465, in _run_event
    await coro(*args, **kwargs)
  File "/app/asu_discord/cogs/analytics.py", line 652, in on_member_update
    before_timeout = before.timed_out_until
                     ^^^^^^^^^^^^^^^^^^^^^^
AttributeError: 'Member' object has no attribute 'timed_out_until'
Ignoring exception in on_member_update
Traceback (most recent call last):
  File "/usr/local/lib/python3.12/site-packages/discord/client.py", line 465, in _run_event
    await coro(*args, **kwargs)
  File "/app/asu_discord/cogs/analytics.py", line 652, in on_member_update
    before_timeout = before.timed_out_until
                     ^^^^^^^^^^^^^^^^^^^^^^
AttributeError: 'Member' object has no attribute 'timed_out_until'
Ignoring exception in on_member_update
Traceback (most recent call last):
  File "/usr/local/lib/python3.12/site-packages/discord/client.py", line 465, in _run_event
    await coro(*args, **kwargs)
  File "/app/asu_discord/cogs/analytics.py", line 652, in on_member_update
    before_timeout = before.timed_out_until
                     ^^^^^^^^^^^^^^^^^^^^^^
AttributeError: 'Member' object has no attribute 'timed_out_until'
Ignoring exception in on_member_update
Traceback (most recent call last):
  File "/usr/local/lib/python3.12/site-packages/discord/client.py", line 465, in _run_event
    await coro(*args, **kwargs)
  File "/app/asu_discord/cogs/analytics.py", line 652, in on_member_update
    before_timeout = before.timed_out_until
                     ^^^^^^^^^^^^^^^^^^^^^^
AttributeError: 'Member' object has no attribute 'timed_out_until'
INFO:asu_discord.cogs.verification:Saved 4 roles to database for user ydoshi13 (Discord ID: 755073712893722656)
INFO:asu_discord.cogs.verification:Refreshed Salesforce roles for Discord user 755073712893722656: -4/+4 roles, assigned=[Graduate Student, International Student, Ira A. Fulton Schools of Engineering, Tempe]
Ignoring exception in on_member_update
Traceback (most recent call last):
  File "/usr/local/lib/python3.12/site-packages/discord/client.py", line 465, in _run_event
    await coro(*args, **kwargs)
  File "/app/asu_discord/cogs/analytics.py", line 652, in on_member_update
    before_timeout = before.timed_out_until
                     ^^^^^^^^^^^^^^^^^^^^^^
AttributeError: 'Member' object has no attribute 'timed_out_until'
Ignoring exception in on_member_update
Traceback (most recent call last):
  File "/usr/local/lib/python3.12/site-packages/discord/client.py", line 465, in _run_event
    await coro(*args, **kwargs)
  File "/app/asu_discord/cogs/analytics.py", line 652, in on_member_update
    before_timeout = before.timed_out_until
                     ^^^^^^^^^^^^^^^^^^^^^^
AttributeError: 'Member' object has no attribute 'timed_out_until'
Ignoring exception in on_member_update
Traceback (most recent call last):
  File "/usr/local/lib/python3.12/site-packages/discord/client.py", line 465, in _run_event
    await coro(*args, **kwargs)
  File "/app/asu_discord/cogs/analytics.py", line 652, in on_member_update
    before_timeout = before.timed_out_until
                     ^^^^^^^^^^^^^^^^^^^^^^
AttributeError: 'Member' object has no attribute 'timed_out_until'
Ignoring exception in on_member_update
Traceback (most recent call last):
  File "/usr/local/lib/python3.12/site-packages/discord/client.py", line 465, in _run_event
    await coro(*args, **kwargs)
  File "/app/asu_discord/cogs/analytics.py", line 652, in on_member_update
    before_timeout = before.timed_out_until
                     ^^^^^^^^^^^^^^^^^^^^^^
AttributeError: 'Member' object has no attribute 'timed_out_until'
Ignoring exception in on_member_update
Traceback (most recent call last):
  File "/usr/local/lib/python3.12/site-packages/discord/client.py", line 465, in _run_event
    await coro(*args, **kwargs)
  File "/app/asu_discord/cogs/analytics.py", line 652, in on_member_update
    before_timeout = before.timed_out_until
                     ^^^^^^^^^^^^^^^^^^^^^^
AttributeError: 'Member' object has no attribute 'timed_out_until'
Ignoring exception in on_member_update
Traceback (most recent call last):
  File "/usr/local/lib/python3.12/site-packages/discord/client.py", line 465, in _run_event
    await coro(*args, **kwargs)
  File "/app/asu_discord/cogs/analytics.py", line 652, in on_member_update
    before_timeout = before.timed_out_until
                     ^^^^^^^^^^^^^^^^^^^^^^
AttributeError: 'Member' object has no attribute 'timed_out_until'
Ignoring exception in on_member_update
Traceback (most recent call last):
  File "/usr/local/lib/python3.12/site-packages/discord/client.py", line 465, in _run_event
    await coro(*args, **kwargs)
  File "/app/asu_discord/cogs/analytics.py", line 652, in on_member_update
    before_timeout = before.timed_out_until
                     ^^^^^^^^^^^^^^^^^^^^^^
AttributeError: 'Member' object has no attribute 'timed_out_until'
Ignoring exception in on_member_update
Traceback (most recent call last):
  File "/usr/local/lib/python3.12/site-packages/discord/client.py", line 465, in _run_event
    await coro(*args, **kwargs)
  File "/app/asu_discord/cogs/analytics.py", line 652, in on_member_update
    before_timeout = before.timed_out_until
                     ^^^^^^^^^^^^^^^^^^^^^^
AttributeError: 'Member' object has no attribute 'timed_out_until'
Ignoring exception in on_member_update
Traceback (most recent call last):
  File "/usr/local/lib/python3.12/site-packages/discord/client.py", line 465, in _run_event
    await coro(*args, **kwargs)
  File "/app/asu_discord/cogs/analytics.py", line 652, in on_member_update
    before_timeout = before.timed_out_until
                     ^^^^^^^^^^^^^^^^^^^^^^
AttributeError: 'Member' object has no attribute 'timed_out_until'
Ignoring exception in on_member_update
Traceback (most recent call last):
  File "/usr/local/lib/python3.12/site-packages/discord/client.py", line 465, in _run_event
    await coro(*args, **kwargs)
  File "/app/asu_discord/cogs/analytics.py", line 652, in on_member_update
    before_timeout = before.timed_out_until
                     ^^^^^^^^^^^^^^^^^^^^^^
AttributeError: 'Member' object has no attribute 'timed_out_until'
INFO:asu_discord.cogs.verification:Saved 5 roles to database for user ggoswami (Discord ID: 1462518368488657085)
INFO:asu_discord.cogs.verification:Refreshed Salesforce roles for Discord user 1462518368488657085: -5/+5 roles, assigned=[Arizona Resident, Commited, First Year, Tempe, W.P. Carey School of Business]
Ignoring exception in on_member_update
Traceback (most recent call last):
  File "/usr/local/lib/python3.12/site-packages/discord/client.py", line 465, in _run_event
    await coro(*args, **kwargs)
  File "/app/asu_discord/cogs/analytics.py", line 652, in on_member_update
    before_timeout = before.timed_out_until
                     ^^^^^^^^^^^^^^^^^^^^^^
AttributeError: 'Member' object has no attribute 'timed_out_until'
Ignoring exception in on_member_update
Traceback (most recent call last):
  File "/usr/local/lib/python3.12/site-packages/discord/client.py", line 465, in _run_event
    await coro(*args, **kwargs)
  File "/app/asu_discord/cogs/analytics.py", line 652, in on_member_update
    before_timeout = before.timed_out_until
                     ^^^^^^^^^^^^^^^^^^^^^^
AttributeError: 'Member' object has no attribute 'timed_out_until'
Ignoring exception in on_member_update
Traceback (most recent call last):
  File "/usr/local/lib/python3.12/site-packages/discord/client.py", line 465, in _run_event
    await coro(*args, **kwargs)
  File "/app/asu_discord/cogs/analytics.py", line 652, in on_member_update
    before_timeout = before.timed_out_until
                     ^^^^^^^^^^^^^^^^^^^^^^
AttributeError: 'Member' object has no attribute 'timed_out_until'
Ignoring exception in on_member_update
Traceback (most recent call last):
  File "/usr/local/lib/python3.12/site-packages/discord/client.py", line 465, in _run_event
    await coro(*args, **kwargs)
  File "/app/asu_discord/cogs/analytics.py", line 652, in on_member_update
    before_timeout = before.timed_out_until
                     ^^^^^^^^^^^^^^^^^^^^^^
AttributeError: 'Member' object has no attribute 'timed_out_until'
Ignoring exception in on_member_update
Traceback (most recent call last):
  File "/usr/local/lib/python3.12/site-packages/discord/client.py", line 465, in _run_event
    await coro(*args, **kwargs)
  File "/app/asu_discord/cogs/analytics.py", line 652, in on_member_update
    before_timeout = before.timed_out_until
                     ^^^^^^^^^^^^^^^^^^^^^^
AttributeError: 'Member' object has no attribute 'timed_out_until'
Ignoring exception in on_member_update
Traceback (most recent call last):
  File "/usr/local/lib/python3.12/site-packages/discord/client.py", line 465, in _run_event
    await coro(*args, **kwargs)
  File "/app/asu_discord/cogs/analytics.py", line 652, in on_member_update
    before_timeout = before.timed_out_until
                     ^^^^^^^^^^^^^^^^^^^^^^
AttributeError: 'Member' object has no attribute 'timed_out_until'
Ignoring exception in on_member_update
Traceback (most recent call last):
  File "/usr/local/lib/python3.12/site-packages/discord/client.py", line 465, in _run_event
    await coro(*args, **kwargs)
  File "/app/asu_discord/cogs/analytics.py", line 652, in on_member_update
    before_timeout = before.timed_out_until
                     ^^^^^^^^^^^^^^^^^^^^^^
AttributeError: 'Member' object has no attribute 'timed_out_until'
Ignoring exception in on_member_update
Traceback (most recent call last):
  File "/usr/local/lib/python3.12/site-packages/discord/client.py", line 465, in _run_event
    await coro(*args, **kwargs)
  File "/app/asu_discord/cogs/analytics.py", line 652, in on_member_update
    before_timeout = before.timed_out_until
                     ^^^^^^^^^^^^^^^^^^^^^^
AttributeError: 'Member' object has no attribute 'timed_out_until'
Ignoring exception in on_member_update
Traceback (most recent call last):
  File "/usr/local/lib/python3.12/site-packages/discord/client.py", line 465, in _run_event
    await coro(*args, **kwargs)
  File "/app/asu_discord/cogs/analytics.py", line 652, in on_member_update
    before_timeout = before.timed_out_until
                     ^^^^^^^^^^^^^^^^^^^^^^
AttributeError: 'Member' object has no attribute 'timed_out_until'
Ignoring exception in on_member_update
Traceback (most recent call last):
  File "/usr/local/lib/python3.12/site-packages/discord/client.py", line 465, in _run_event
    await coro(*args, **kwargs)
  File "/app/asu_discord/cogs/analytics.py", line 652, in on_member_update
    before_timeout = before.timed_out_until
                     ^^^^^^^^^^^^^^^^^^^^^^
AttributeError: 'Member' object has no attribute 'timed_out_until'
INFO:asu_discord.cogs.verification:Saved 5 roles to database for user slebla10 (Discord ID: 323136523622940672)
INFO:asu_discord.cogs.verification:Refreshed Salesforce roles for Discord user 323136523622940672: -5/+5 roles, assigned=[Commited, First Year, Ira A. Fulton Schools of Engineering, Out of State, West Valley]
Ignoring exception in on_member_update
Traceback (most recent call last):
  File "/usr/local/lib/python3.12/site-packages/discord/client.py", line 465, in _run_event
    await coro(*args, **kwargs)
  File "/app/asu_discord/cogs/analytics.py", line 652, in on_member_update
    before_timeout = before.timed_out_until
                     ^^^^^^^^^^^^^^^^^^^^^^
AttributeError: 'Member' object has no attribute 'timed_out_until'
Ignoring exception in on_member_update
Traceback (most recent call last):
  File "/usr/local/lib/python3.12/site-packages/discord/client.py", line 465, in _run_event
    await coro(*args, **kwargs)
  File "/app/asu_discord/cogs/analytics.py", line 652, in on_member_update
    before_timeout = before.timed_out_until
                     ^^^^^^^^^^^^^^^^^^^^^^
AttributeError: 'Member' object has no attribute 'timed_out_until'
Ignoring exception in on_member_update
Traceback (most recent call last):
  File "/usr/local/lib/python3.12/site-packages/discord/client.py", line 465, in _run_event
    await coro(*args, **kwargs)
  File "/app/asu_discord/cogs/analytics.py", line 652, in on_member_update
    before_timeout = before.timed_out_until
                     ^^^^^^^^^^^^^^^^^^^^^^
AttributeError: 'Member' object has no attribute 'timed_out_until'
Ignoring exception in on_member_update
Traceback (most recent call last):
  File "/usr/local/lib/python3.12/site-packages/discord/client.py", line 465, in _run_event
    await coro(*args, **kwargs)
  File "/app/asu_discord/cogs/analytics.py", line 652, in on_member_update
    before_timeout = before.timed_out_until
                     ^^^^^^^^^^^^^^^^^^^^^^
AttributeError: 'Member' object has no attribute 'timed_out_until'
Ignoring exception in on_member_update
Traceback (most recent call last):
  File "/usr/local/lib/python3.12/site-packages/discord/client.py", line 465, in _run_event
    await coro(*args, **kwargs)
  File "/app/asu_discord/cogs/analytics.py", line 652, in on_member_update
    before_timeout = before.timed_out_until
                     ^^^^^^^^^^^^^^^^^^^^^^
AttributeError: 'Member' object has no attribute 'timed_out_until'
Ignoring exception in on_member_update
Traceback (most recent call last):
  File "/usr/local/lib/python3.12/site-packages/discord/client.py", line 465, in _run_event
    await coro(*args, **kwargs)
  File "/app/asu_discord/cogs/analytics.py", line 652, in on_member_update
    before_timeout = before.timed_out_until
                     ^^^^^^^^^^^^^^^^^^^^^^
AttributeError: 'Member' object has no attribute 'timed_out_until'
Ignoring exception in on_member_update
Traceback (most recent call last):
  File "/usr/local/lib/python3.12/site-packages/discord/client.py", line 465, in _run_event
    await coro(*args, **kwargs)
  File "/app/asu_discord/cogs/analytics.py", line 652, in on_member_update
    before_timeout = before.timed_out_until
                     ^^^^^^^^^^^^^^^^^^^^^^
AttributeError: 'Member' object has no attribute 'timed_out_until'
Ignoring exception in on_member_update
Traceback (most recent call last):
  File "/usr/local/lib/python3.12/site-packages/discord/client.py", line 465, in _run_event
    await coro(*args, **kwargs)
  File "/app/asu_discord/cogs/analytics.py", line 652, in on_member_update
    before_timeout = before.timed_out_until
                     ^^^^^^^^^^^^^^^^^^^^^^
AttributeError: 'Member' object has no attribute 'timed_out_until'
Ignoring exception in on_member_update
Traceback (most recent call last):
  File "/usr/local/lib/python3.12/site-packages/discord/client.py", line 465, in _run_event
    await coro(*args, **kwargs)
  File "/app/asu_discord/cogs/analytics.py", line 652, in on_member_update
    before_timeout = before.timed_out_until
                     ^^^^^^^^^^^^^^^^^^^^^^
AttributeError: 'Member' object has no attribute 'timed_out_until'
INFO:asu_discord.cogs.verification:Saved 5 roles to database for user rlong129 (Discord ID: 494417158068109313)
INFO:asu_discord.cogs.verification:Refreshed Salesforce roles for Discord user 494417158068109313: -4/+5 roles, assigned=[Arizona Resident, Commited, First Year, Tempe, University College]
Ignoring exception in on_member_update
Traceback (most recent call last):
  File "/usr/local/lib/python3.12/site-packages/discord/client.py", line 465, in _run_event
    await coro(*args, **kwargs)
  File "/app/asu_discord/cogs/analytics.py", line 652, in on_member_update
    before_timeout = before.timed_out_until
                     ^^^^^^^^^^^^^^^^^^^^^^
AttributeError: 'Member' object has no attribute 'timed_out_until'
Ignoring exception in on_member_update
Traceback (most recent call last):
  File "/usr/local/lib/python3.12/site-packages/discord/client.py", line 465, in _run_event
    await coro(*args, **kwargs)
  File "/app/asu_discord/cogs/analytics.py", line 652, in on_member_update
    before_timeout = before.timed_out_until
                     ^^^^^^^^^^^^^^^^^^^^^^
AttributeError: 'Member' object has no attribute 'timed_out_until'
Ignoring exception in on_member_update
Traceback (most recent call last):
  File "/usr/local/lib/python3.12/site-packages/discord/client.py", line 465, in _run_event
    await coro(*args, **kwargs)
  File "/app/asu_discord/cogs/analytics.py", line 652, in on_member_update
    before_timeout = before.timed_out_until
                     ^^^^^^^^^^^^^^^^^^^^^^
AttributeError: 'Member' object has no attribute 'timed_out_until'
Ignoring exception in on_member_update
Traceback (most recent call last):
  File "/usr/local/lib/python3.12/site-packages/discord/client.py", line 465, in _run_event
    await coro(*args, **kwargs)
  File "/app/asu_discord/cogs/analytics.py", line 652, in on_member_update
    before_timeout = before.timed_out_until
                     ^^^^^^^^^^^^^^^^^^^^^^
AttributeError: 'Member' object has no attribute 'timed_out_until'
Ignoring exception in on_member_update
Traceback (most recent call last):
  File "/usr/local/lib/python3.12/site-packages/discord/client.py", line 465, in _run_event
    await coro(*args, **kwargs)
  File "/app/asu_discord/cogs/analytics.py", line 652, in on_member_update
    before_timeout = before.timed_out_until
                     ^^^^^^^^^^^^^^^^^^^^^^
AttributeError: 'Member' object has no attribute 'timed_out_until'
Ignoring exception in on_member_update
Traceback (most recent call last):
  File "/usr/local/lib/python3.12/site-packages/discord/client.py", line 465, in _run_event
    await coro(*args, **kwargs)
  File "/app/asu_discord/cogs/analytics.py", line 652, in on_member_update
    before_timeout = before.timed_out_until
                     ^^^^^^^^^^^^^^^^^^^^^^
AttributeError: 'Member' object has no attribute 'timed_out_until'
Ignoring exception in on_member_update
Traceback (most recent call last):
  File "/usr/local/lib/python3.12/site-packages/discord/client.py", line 465, in _run_event
    await coro(*args, **kwargs)
  File "/app/asu_discord/cogs/analytics.py", line 652, in on_member_update
    before_timeout = before.timed_out_until
                     ^^^^^^^^^^^^^^^^^^^^^^
AttributeError: 'Member' object has no attribute 'timed_out_until'
Ignoring exception in on_member_update
Traceback (most recent call last):
  File "/usr/local/lib/python3.12/site-packages/discord/client.py", line 465, in _run_event
    await coro(*args, **kwargs)
  File "/app/asu_discord/cogs/analytics.py", line 652, in on_member_update
    before_timeout = before.timed_out_until
                     ^^^^^^^^^^^^^^^^^^^^^^
AttributeError: 'Member' object has no attribute 'timed_out_until'
Ignoring exception in on_member_update
Traceback (most recent call last):
  File "/usr/local/lib/python3.12/site-packages/discord/client.py", line 465, in _run_event
    await coro(*args, **kwargs)
  File "/app/asu_discord/cogs/analytics.py", line 652, in on_member_update
    before_timeout = before.timed_out_until
                     ^^^^^^^^^^^^^^^^^^^^^^
AttributeError: 'Member' object has no attribute 'timed_out_until'
INFO:asu_discord.cogs.verification:Saved 5 roles to database for user lmirza1 (Discord ID: 745161677686964316)
INFO:asu_discord.cogs.verification:Refreshed Salesforce roles for Discord user 745161677686964316: -5/+4 roles, assigned=[College of Liberal Arts and Sciences, Commited, First Year, International Student, Tempe]
Ignoring exception in on_member_update
Traceback (most recent call last):
  File "/usr/local/lib/python3.12/site-packages/discord/client.py", line 465, in _run_event
    await coro(*args, **kwargs)
  File "/app/asu_discord/cogs/analytics.py", line 652, in on_member_update
    before_timeout = before.timed_out_until
                     ^^^^^^^^^^^^^^^^^^^^^^
AttributeError: 'Member' object has no attribute 'timed_out_until'
Ignoring exception in on_member_update
Traceback (most recent call last):
  File "/usr/local/lib/python3.12/site-packages/discord/client.py", line 465, in _run_event
    await coro(*args, **kwargs)
  File "/app/asu_discord/cogs/analytics.py", line 652, in on_member_update
    before_timeout = before.timed_out_until
                     ^^^^^^^^^^^^^^^^^^^^^^
AttributeError: 'Member' object has no attribute 'timed_out_until'
Ignoring exception in on_member_update
Traceback (most recent call last):
  File "/usr/local/lib/python3.12/site-packages/discord/client.py", line 465, in _run_event
    await coro(*args, **kwargs)
  File "/app/asu_discord/cogs/analytics.py", line 652, in on_member_update
    before_timeout = before.timed_out_until
                     ^^^^^^^^^^^^^^^^^^^^^^
AttributeError: 'Member' object has no attribute 'timed_out_until'
Ignoring exception in on_member_update
Traceback (most recent call last):
  File "/usr/local/lib/python3.12/site-packages/discord/client.py", line 465, in _run_event
    await coro(*args, **kwargs)
  File "/app/asu_discord/cogs/analytics.py", line 652, in on_member_update
    before_timeout = before.timed_out_until
                     ^^^^^^^^^^^^^^^^^^^^^^
AttributeError: 'Member' object has no attribute 'timed_out_until'
Ignoring exception in on_member_update
Traceback (most recent call last):
  File "/usr/local/lib/python3.12/site-packages/discord/client.py", line 465, in _run_event
    await coro(*args, **kwargs)
  File "/app/asu_discord/cogs/analytics.py", line 652, in on_member_update
    before_timeout = before.timed_out_until
                     ^^^^^^^^^^^^^^^^^^^^^^
AttributeError: 'Member' object has no attribute 'timed_out_until'
Ignoring exception in on_member_update
Traceback (most recent call last):
  File "/usr/local/lib/python3.12/site-packages/discord/client.py", line 465, in _run_event
    await coro(*args, **kwargs)
  File "/app/asu_discord/cogs/analytics.py", line 652, in on_member_update
    before_timeout = before.timed_out_until
                     ^^^^^^^^^^^^^^^^^^^^^^
AttributeError: 'Member' object has no attribute 'timed_out_until'
Ignoring exception in on_member_update
Traceback (most recent call last):
  File "/usr/local/lib/python3.12/site-packages/discord/client.py", line 465, in _run_event
    await coro(*args, **kwargs)
  File "/app/asu_discord/cogs/analytics.py", line 652, in on_member_update
    before_timeout = before.timed_out_until
                     ^^^^^^^^^^^^^^^^^^^^^^
AttributeError: 'Member' object has no attribute 'timed_out_until'
Ignoring exception in on_member_update
Traceback (most recent call last):
  File "/usr/local/lib/python3.12/site-packages/discord/client.py", line 465, in _run_event
    await coro(*args, **kwargs)
  File "/app/asu_discord/cogs/analytics.py", line 652, in on_member_update
    before_timeout = before.timed_out_until
                     ^^^^^^^^^^^^^^^^^^^^^^
AttributeError: 'Member' object has no attribute 'timed_out_until'
Ignoring exception in on_member_update
Traceback (most recent call last):
  File "/usr/local/lib/python3.12/site-packages/discord/client.py", line 465, in _run_event
    await coro(*args, **kwargs)
  File "/app/asu_discord/cogs/analytics.py", line 652, in on_member_update
    before_timeout = before.timed_out_until
                     ^^^^^^^^^^^^^^^^^^^^^^
AttributeError: 'Member' object has no attribute 'timed_out_until'
Ignoring exception in on_member_update
Traceback (most recent call last):
  File "/usr/local/lib/python3.12/site-packages/discord/client.py", line 465, in _run_event
    await coro(*args, **kwargs)
  File "/app/asu_discord/cogs/analytics.py", line 652, in on_member_update
    before_timeout = before.timed_out_until
                     ^^^^^^^^^^^^^^^^^^^^^^
AttributeError: 'Member' object has no attribute 'timed_out_until'
INFO:asu_discord.cogs.verification:Saved 5 roles to database for user ceniels4 (Discord ID: 1484007650193838113)
INFO:asu_discord.cogs.verification:Refreshed Salesforce roles for Discord user 1484007650193838113: -5/+5 roles, assigned=[Arizona Resident, Commited, First Year, Tempe, W.P. Carey School of Business]
Ignoring exception in on_member_update
Traceback (most recent call last):
  File "/usr/local/lib/python3.12/site-packages/discord/client.py", line 465, in _run_event
    await coro(*args, **kwargs)
  File "/app/asu_discord/cogs/analytics.py", line 652, in on_member_update
    before_timeout = before.timed_out_until
                     ^^^^^^^^^^^^^^^^^^^^^^
AttributeError: 'Member' object has no attribute 'timed_out_until'
Ignoring exception in on_member_update
Traceback (most recent call last):
  File "/usr/local/lib/python3.12/site-packages/discord/client.py", line 465, in _run_event
    await coro(*args, **kwargs)
  File "/app/asu_discord/cogs/analytics.py", line 652, in on_member_update
    before_timeout = before.timed_out_until
                     ^^^^^^^^^^^^^^^^^^^^^^
AttributeError: 'Member' object has no attribute 'timed_out_until'
Ignoring exception in on_member_update
Traceback (most recent call last):
  File "/usr/local/lib/python3.12/site-packages/discord/client.py", line 465, in _run_event
    await coro(*args, **kwargs)
  File "/app/asu_discord/cogs/analytics.py", line 652, in on_member_update
    before_timeout = before.timed_out_until
                     ^^^^^^^^^^^^^^^^^^^^^^
AttributeError: 'Member' object has no attribute 'timed_out_until'
Ignoring exception in on_member_update
Traceback (most recent call last):
  File "/usr/local/lib/python3.12/site-packages/discord/client.py", line 465, in _run_event
    await coro(*args, **kwargs)
  File "/app/asu_discord/cogs/analytics.py", line 652, in on_member_update
    before_timeout = before.timed_out_until
                     ^^^^^^^^^^^^^^^^^^^^^^
AttributeError: 'Member' object has no attribute 'timed_out_until'
Ignoring exception in on_member_update
Traceback (most recent call last):
  File "/usr/local/lib/python3.12/site-packages/discord/client.py", line 465, in _run_event
    await coro(*args, **kwargs)
  File "/app/asu_discord/cogs/analytics.py", line 652, in on_member_update
    before_timeout = before.timed_out_until
                     ^^^^^^^^^^^^^^^^^^^^^^
AttributeError: 'Member' object has no attribute 'timed_out_until'
Ignoring exception in on_member_update
Traceback (most recent call last):
  File "/usr/local/lib/python3.12/site-packages/discord/client.py", line 465, in _run_event
    await coro(*args, **kwargs)
  File "/app/asu_discord/cogs/analytics.py", line 652, in on_member_update
    before_timeout = before.timed_out_until
                     ^^^^^^^^^^^^^^^^^^^^^^
AttributeError: 'Member' object has no attribute 'timed_out_until'
Ignoring exception in on_member_update
Traceback (most recent call last):
  File "/usr/local/lib/python3.12/site-packages/discord/client.py", line 465, in _run_event
    await coro(*args, **kwargs)
  File "/app/asu_discord/cogs/analytics.py", line 652, in on_member_update
    before_timeout = before.timed_out_until
                     ^^^^^^^^^^^^^^^^^^^^^^
AttributeError: 'Member' object has no attribute 'timed_out_until'
Ignoring exception in on_member_update
Traceback (most recent call last):
  File "/usr/local/lib/python3.12/site-packages/discord/client.py", line 465, in _run_event
    await coro(*args, **kwargs)
  File "/app/asu_discord/cogs/analytics.py", line 652, in on_member_update
    before_timeout = before.timed_out_until
                     ^^^^^^^^^^^^^^^^^^^^^^
AttributeError: 'Member' object has no attribute 'timed_out_until'
Ignoring exception in on_member_update
Traceback (most recent call last):
  File "/usr/local/lib/python3.12/site-packages/discord/client.py", line 465, in _run_event
    await coro(*args, **kwargs)
  File "/app/asu_discord/cogs/analytics.py", line 652, in on_member_update
    before_timeout = before.timed_out_until
                     ^^^^^^^^^^^^^^^^^^^^^^
AttributeError: 'Member' object has no attribute 'timed_out_until'
Ignoring exception in on_member_update
Traceback (most recent call last):
  File "/usr/local/lib/python3.12/site-packages/discord/client.py", line 465, in _run_event
    await coro(*args, **kwargs)
  File "/app/asu_discord/cogs/analytics.py", line 652, in on_member_update
    before_timeout = before.timed_out_until
                     ^^^^^^^^^^^^^^^^^^^^^^
AttributeError: 'Member' object has no attribute 'timed_out_until'
INFO:asu_discord.cogs.verification:Saved 5 roles to database for user awmckee (Discord ID: 1252699161401360406)
INFO:asu_discord.cogs.verification:Refreshed Salesforce roles for Discord user 1252699161401360406: -5/+5 roles, assigned=[Arizona Resident, College of Health Solutions, Commited, Downtown Phoenix, First Year]
ERROR:cron.jobs:refresh_salesforce_roles: failed for rdchoksh (Discord ID 1329860229608767621): Failed to refresh Salesforce-based roles: Discord user 1329860229608767621 is not a member of the guild
Ignoring exception in on_member_update
Traceback (most recent call last):
  File "/usr/local/lib/python3.12/site-packages/discord/client.py", line 465, in _run_event
    await coro(*args, **kwargs)
  File "/app/asu_discord/cogs/analytics.py", line 652, in on_member_update
    before_timeout = before.timed_out_until
                     ^^^^^^^^^^^^^^^^^^^^^^
AttributeError: 'Member' object has no attribute 'timed_out_until'
Ignoring exception in on_member_update
Traceback (most recent call last):
  File "/usr/local/lib/python3.12/site-packages/discord/client.py", line 465, in _run_event
    await coro(*args, **kwargs)
  File "/app/asu_discord/cogs/analytics.py", line 652, in on_member_update
    before_timeout = before.timed_out_until
                     ^^^^^^^^^^^^^^^^^^^^^^
AttributeError: 'Member' object has no attribute 'timed_out_until'
Ignoring exception in on_member_update
Traceback (most recent call last):
  File "/usr/local/lib/python3.12/site-packages/discord/client.py", line 465, in _run_event
    await coro(*args, **kwargs)
  File "/app/asu_discord/cogs/analytics.py", line 652, in on_member_update
    before_timeout = before.timed_out_until
                     ^^^^^^^^^^^^^^^^^^^^^^
AttributeError: 'Member' object has no attribute 'timed_out_until'
Ignoring exception in on_member_update
Traceback (most recent call last):
  File "/usr/local/lib/python3.12/site-packages/discord/client.py", line 465, in _run_event
    await coro(*args, **kwargs)
  File "/app/asu_discord/cogs/analytics.py", line 652, in on_member_update
    before_timeout = before.timed_out_until
                     ^^^^^^^^^^^^^^^^^^^^^^
AttributeError: 'Member' object has no attribute 'timed_out_until'
Ignoring exception in on_member_update
Traceback (most recent call last):
  File "/usr/local/lib/python3.12/site-packages/discord/client.py", line 465, in _run_event
    await coro(*args, **kwargs)
  File "/app/asu_discord/cogs/analytics.py", line 652, in on_member_update
    before_timeout = before.timed_out_until
                     ^^^^^^^^^^^^^^^^^^^^^^
AttributeError: 'Member' object has no attribute 'timed_out_until'
Ignoring exception in on_member_update
Traceback (most recent call last):
  File "/usr/local/lib/python3.12/site-packages/discord/client.py", line 465, in _run_event
    await coro(*args, **kwargs)
  File "/app/asu_discord/cogs/analytics.py", line 652, in on_member_update
    before_timeout = before.timed_out_until
                     ^^^^^^^^^^^^^^^^^^^^^^
AttributeError: 'Member' object has no attribute 'timed_out_until'
Ignoring exception in on_member_update
Traceback (most recent call last):
  File "/usr/local/lib/python3.12/site-packages/discord/client.py", line 465, in _run_event
    await coro(*args, **kwargs)
  File "/app/asu_discord/cogs/analytics.py", line 652, in on_member_update
    before_timeout = before.timed_out_until
                     ^^^^^^^^^^^^^^^^^^^^^^
AttributeError: 'Member' object has no attribute 'timed_out_until'
Ignoring exception in on_member_update
Traceback (most recent call last):
  File "/usr/local/lib/python3.12/site-packages/discord/client.py", line 465, in _run_event
    await coro(*args, **kwargs)
  File "/app/asu_discord/cogs/analytics.py", line 652, in on_member_update
    before_timeout = before.timed_out_until
                     ^^^^^^^^^^^^^^^^^^^^^^
AttributeError: 'Member' object has no attribute 'timed_out_until'
Ignoring exception in on_member_update
Traceback (most recent call last):
  File "/usr/local/lib/python3.12/site-packages/discord/client.py", line 465, in _run_event
    await coro(*args, **kwargs)
  File "/app/asu_discord/cogs/analytics.py", line 652, in on_member_update
    before_timeout = before.timed_out_until
                     ^^^^^^^^^^^^^^^^^^^^^^
AttributeError: 'Member' object has no attribute 'timed_out_until'
Ignoring exception in on_member_update
Traceback (most recent call last):
  File "/usr/local/lib/python3.12/site-packages/discord/client.py", line 465, in _run_event
    await coro(*args, **kwargs)
  File "/app/asu_discord/cogs/analytics.py", line 652, in on_member_update
    before_timeout = before.timed_out_until
                     ^^^^^^^^^^^^^^^^^^^^^^
AttributeError: 'Member' object has no attribute 'timed_out_until'
INFO:asu_discord.cogs.verification:Saved 5 roles to database for user gvalen48 (Discord ID: 1462933984496451715)
INFO:asu_discord.cogs.verification:Refreshed Salesforce roles for Discord user 1462933984496451715: -5/+5 roles, assigned=[Arizona Resident, Commited, First Year, Tempe, W.P. Carey School of Business]
Ignoring exception in on_member_update
Traceback (most recent call last):
  File "/usr/local/lib/python3.12/site-packages/discord/client.py", line 465, in _run_event
    await coro(*args, **kwargs)
  File "/app/asu_discord/cogs/analytics.py", line 652, in on_member_update
    before_timeout = before.timed_out_until
                     ^^^^^^^^^^^^^^^^^^^^^^
AttributeError: 'Member' object has no attribute 'timed_out_until'
Ignoring exception in on_member_update
Traceback (most recent call last):
  File "/usr/local/lib/python3.12/site-packages/discord/client.py", line 465, in _run_event
    await coro(*args, **kwargs)
  File "/app/asu_discord/cogs/analytics.py", line 652, in on_member_update
    before_timeout = before.timed_out_until
                     ^^^^^^^^^^^^^^^^^^^^^^
AttributeError: 'Member' object has no attribute 'timed_out_until'
Ignoring exception in on_member_update
Traceback (most recent call last):
  File "/usr/local/lib/python3.12/site-packages/discord/client.py", line 465, in _run_event
    await coro(*args, **kwargs)
  File "/app/asu_discord/cogs/analytics.py", line 652, in on_member_update
    before_timeout = before.timed_out_until
                     ^^^^^^^^^^^^^^^^^^^^^^
AttributeError: 'Member' object has no attribute 'timed_out_until'
Ignoring exception in on_member_update
Traceback (most recent call last):
  File "/usr/local/lib/python3.12/site-packages/discord/client.py", line 465, in _run_event
    await coro(*args, **kwargs)
  File "/app/asu_discord/cogs/analytics.py", line 652, in on_member_update
    before_timeout = before.timed_out_until
                     ^^^^^^^^^^^^^^^^^^^^^^
AttributeError: 'Member' object has no attribute 'timed_out_until'
Ignoring exception in on_member_update
Traceback (most recent call last):
  File "/usr/local/lib/python3.12/site-packages/discord/client.py", line 465, in _run_event
    await coro(*args, **kwargs)
  File "/app/asu_discord/cogs/analytics.py", line 652, in on_member_update
    before_timeout = before.timed_out_until
                     ^^^^^^^^^^^^^^^^^^^^^^
AttributeError: 'Member' object has no attribute 'timed_out_until'
Ignoring exception in on_member_update
Traceback (most recent call last):
  File "/usr/local/lib/python3.12/site-packages/discord/client.py", line 465, in _run_event
    await coro(*args, **kwargs)
  File "/app/asu_discord/cogs/analytics.py", line 652, in on_member_update
    before_timeout = before.timed_out_until
                     ^^^^^^^^^^^^^^^^^^^^^^
AttributeError: 'Member' object has no attribute 'timed_out_until'
Ignoring exception in on_member_update
Traceback (most recent call last):
  File "/usr/local/lib/python3.12/site-packages/discord/client.py", line 465, in _run_event
    await coro(*args, **kwargs)
  File "/app/asu_discord/cogs/analytics.py", line 652, in on_member_update
    before_timeout = before.timed_out_until
                     ^^^^^^^^^^^^^^^^^^^^^^
AttributeError: 'Member' object has no attribute 'timed_out_until'
Ignoring exception in on_member_update
Traceback (most recent call last):
  File "/usr/local/lib/python3.12/site-packages/discord/client.py", line 465, in _run_event
    await coro(*args, **kwargs)
  File "/app/asu_discord/cogs/analytics.py", line 652, in on_member_update
    before_timeout = before.timed_out_until
                     ^^^^^^^^^^^^^^^^^^^^^^
AttributeError: 'Member' object has no attribute 'timed_out_until'
Ignoring exception in on_member_update
Traceback (most recent call last):
  File "/usr/local/lib/python3.12/site-packages/discord/client.py", line 465, in _run_event
    await coro(*args, **kwargs)
  File "/app/asu_discord/cogs/analytics.py", line 652, in on_member_update
    before_timeout = before.timed_out_until
                     ^^^^^^^^^^^^^^^^^^^^^^
AttributeError: 'Member' object has no attribute 'timed_out_until'
Ignoring exception in on_member_update
Traceback (most recent call last):
  File "/usr/local/lib/python3.12/site-packages/discord/client.py", line 465, in _run_event
    await coro(*args, **kwargs)
  File "/app/asu_discord/cogs/analytics.py", line 652, in on_member_update
    before_timeout = before.timed_out_until
                     ^^^^^^^^^^^^^^^^^^^^^^
AttributeError: 'Member' object has no attribute 'timed_out_until'
INFO:asu_discord.cogs.verification:Saved 5 roles to database for user eartiaga (Discord ID: 825403420809625602)
INFO:asu_discord.cogs.verification:Refreshed Salesforce roles for Discord user 825403420809625602: -5/+5 roles, assigned=[Arizona Resident, College of Global Futures, Commited, Tempe, Transfer Student]
Ignoring exception in on_member_update
Traceback (most recent call last):
  File "/usr/local/lib/python3.12/site-packages/discord/client.py", line 465, in _run_event
    await coro(*args, **kwargs)
  File "/app/asu_discord/cogs/analytics.py", line 652, in on_member_update
    before_timeout = before.timed_out_until
                     ^^^^^^^^^^^^^^^^^^^^^^
AttributeError: 'Member' object has no attribute 'timed_out_until'
Ignoring exception in on_member_update
Traceback (most recent call last):
  File "/usr/local/lib/python3.12/site-packages/discord/client.py", line 465, in _run_event
    await coro(*args, **kwargs)
  File "/app/asu_discord/cogs/analytics.py", line 652, in on_member_update
    before_timeout = before.timed_out_until
                     ^^^^^^^^^^^^^^^^^^^^^^
AttributeError: 'Member' object has no attribute 'timed_out_until'
Ignoring exception in on_member_update
Traceback (most recent call last):
  File "/usr/local/lib/python3.12/site-packages/discord/client.py", line 465, in _run_event
    await coro(*args, **kwargs)
  File "/app/asu_discord/cogs/analytics.py", line 652, in on_member_update
    before_timeout = before.timed_out_until
                     ^^^^^^^^^^^^^^^^^^^^^^
AttributeError: 'Member' object has no attribute 'timed_out_until'
Ignoring exception in on_member_update
Traceback (most recent call last):
  File "/usr/local/lib/python3.12/site-packages/discord/client.py", line 465, in _run_event
    await coro(*args, **kwargs)
  File "/app/asu_discord/cogs/analytics.py", line 652, in on_member_update
    before_timeout = before.timed_out_until
                     ^^^^^^^^^^^^^^^^^^^^^^
AttributeError: 'Member' object has no attribute 'timed_out_until'
Ignoring exception in on_member_update
Traceback (most recent call last):
  File "/usr/local/lib/python3.12/site-packages/discord/client.py", line 465, in _run_event
    await coro(*args, **kwargs)
  File "/app/asu_discord/cogs/analytics.py", line 652, in on_member_update
    before_timeout = before.timed_out_until
                     ^^^^^^^^^^^^^^^^^^^^^^
AttributeError: 'Member' object has no attribute 'timed_out_until'
Ignoring exception in on_member_update
Traceback (most recent call last):
  File "/usr/local/lib/python3.12/site-packages/discord/client.py", line 465, in _run_event
    await coro(*args, **kwargs)
  File "/app/asu_discord/cogs/analytics.py", line 652, in on_member_update
    before_timeout = before.timed_out_until
                     ^^^^^^^^^^^^^^^^^^^^^^
AttributeError: 'Member' object has no attribute 'timed_out_until'
Ignoring exception in on_member_update
Traceback (most recent call last):
  File "/usr/local/lib/python3.12/site-packages/discord/client.py", line 465, in _run_event
    await coro(*args, **kwargs)
  File "/app/asu_discord/cogs/analytics.py", line 652, in on_member_update
    before_timeout = before.timed_out_until
                     ^^^^^^^^^^^^^^^^^^^^^^
AttributeError: 'Member' object has no attribute 'timed_out_until'
Ignoring exception in on_member_update
Traceback (most recent call last):
  File "/usr/local/lib/python3.12/site-packages/discord/client.py", line 465, in _run_event
    await coro(*args, **kwargs)
  File "/app/asu_discord/cogs/analytics.py", line 652, in on_member_update
    before_timeout = before.timed_out_until
                     ^^^^^^^^^^^^^^^^^^^^^^
AttributeError: 'Member' object has no attribute 'timed_out_until'
INFO:asu_discord.cogs.verification:Saved 4 roles to database for user djgaffne (Discord ID: 1195876516131786823)
INFO:asu_discord.cogs.verification:Refreshed Salesforce roles for Discord user 1195876516131786823: -4/+4 roles, assigned=[Arizona Resident, First Year, Tempe, W.P. Carey School of Business]
Ignoring exception in on_member_update
Traceback (most recent call last):
  File "/usr/local/lib/python3.12/site-packages/discord/client.py", line 465, in _run_event
    await coro(*args, **kwargs)
  File "/app/asu_discord/cogs/analytics.py", line 652, in on_member_update
    before_timeout = before.timed_out_until
                     ^^^^^^^^^^^^^^^^^^^^^^
AttributeError: 'Member' object has no attribute 'timed_out_until'
Ignoring exception in on_member_update
Traceback (most recent call last):
  File "/usr/local/lib/python3.12/site-packages/discord/client.py", line 465, in _run_event
    await coro(*args, **kwargs)
  File "/app/asu_discord/cogs/analytics.py", line 652, in on_member_update
    before_timeout = before.timed_out_until
                     ^^^^^^^^^^^^^^^^^^^^^^
AttributeError: 'Member' object has no attribute 'timed_out_until'
Ignoring exception in on_member_update
Traceback (most recent call last):
  File "/usr/local/lib/python3.12/site-packages/discord/client.py", line 465, in _run_event
    await coro(*args, **kwargs)
  File "/app/asu_discord/cogs/analytics.py", line 652, in on_member_update
    before_timeout = before.timed_out_until
                     ^^^^^^^^^^^^^^^^^^^^^^
AttributeError: 'Member' object has no attribute 'timed_out_until'
Ignoring exception in on_member_update
Traceback (most recent call last):
  File "/usr/local/lib/python3.12/site-packages/discord/client.py", line 465, in _run_event
    await coro(*args, **kwargs)
  File "/app/asu_discord/cogs/analytics.py", line 652, in on_member_update
    before_timeout = before.timed_out_until
                     ^^^^^^^^^^^^^^^^^^^^^^
AttributeError: 'Member' object has no attribute 'timed_out_until'
Ignoring exception in on_member_update
Traceback (most recent call last):
  File "/usr/local/lib/python3.12/site-packages/discord/client.py", line 465, in _run_event
    await coro(*args, **kwargs)
  File "/app/asu_discord/cogs/analytics.py", line 652, in on_member_update
    before_timeout = before.timed_out_until
                     ^^^^^^^^^^^^^^^^^^^^^^
AttributeError: 'Member' object has no attribute 'timed_out_until'
Ignoring exception in on_member_update
Traceback (most recent call last):
  File "/usr/local/lib/python3.12/site-packages/discord/client.py", line 465, in _run_event
    await coro(*args, **kwargs)
  File "/app/asu_discord/cogs/analytics.py", line 652, in on_member_update
    before_timeout = before.timed_out_until
                     ^^^^^^^^^^^^^^^^^^^^^^
AttributeError: 'Member' object has no attribute 'timed_out_until'
Ignoring exception in on_member_update
Traceback (most recent call last):
  File "/usr/local/lib/python3.12/site-packages/discord/client.py", line 465, in _run_event
    await coro(*args, **kwargs)
  File "/app/asu_discord/cogs/analytics.py", line 652, in on_member_update
    before_timeout = before.timed_out_until
                     ^^^^^^^^^^^^^^^^^^^^^^
AttributeError: 'Member' object has no attribute 'timed_out_until'
Ignoring exception in on_member_update
Traceback (most recent call last):
  File "/usr/local/lib/python3.12/site-packages/discord/client.py", line 465, in _run_event
    await coro(*args, **kwargs)
  File "/app/asu_discord/cogs/analytics.py", line 652, in on_member_update
    before_timeout = before.timed_out_until
                     ^^^^^^^^^^^^^^^^^^^^^^
AttributeError: 'Member' object has no attribute 'timed_out_until'
Ignoring exception in on_member_update
Traceback (most recent call last):
  File "/usr/local/lib/python3.12/site-packages/discord/client.py", line 465, in _run_event
    await coro(*args, **kwargs)
  File "/app/asu_discord/cogs/analytics.py", line 652, in on_member_update
    before_timeout = before.timed_out_until
                     ^^^^^^^^^^^^^^^^^^^^^^
AttributeError: 'Member' object has no attribute 'timed_out_until'
Ignoring exception in on_member_update
Traceback (most recent call last):
  File "/usr/local/lib/python3.12/site-packages/discord/client.py", line 465, in _run_event
    await coro(*args, **kwargs)
  File "/app/asu_discord/cogs/analytics.py", line 652, in on_member_update
    before_timeout = before.timed_out_until
                     ^^^^^^^^^^^^^^^^^^^^^^
AttributeError: 'Member' object has no attribute 'timed_out_until'
INFO:asu_discord.cogs.verification:Saved 5 roles to database for user kareal1 (Discord ID: 1005982826413424661)
INFO:asu_discord.cogs.verification:Refreshed Salesforce roles for Discord user 1005982826413424661: -5/+5 roles, assigned=[Arizona Resident, Commited, Downtown Phoenix, Edson College of Nursing and Health Innovation, First Year]
Ignoring exception in on_member_update
Traceback (most recent call last):
  File "/usr/local/lib/python3.12/site-packages/discord/client.py", line 465, in _run_event
    await coro(*args, **kwargs)
  File "/app/asu_discord/cogs/analytics.py", line 652, in on_member_update
    before_timeout = before.timed_out_until
                     ^^^^^^^^^^^^^^^^^^^^^^
AttributeError: 'Member' object has no attribute 'timed_out_until'
Ignoring exception in on_member_update
Traceback (most recent call last):
  File "/usr/local/lib/python3.12/site-packages/discord/client.py", line 465, in _run_event
    await coro(*args, **kwargs)
  File "/app/asu_discord/cogs/analytics.py", line 652, in on_member_update
    before_timeout = before.timed_out_until
                     ^^^^^^^^^^^^^^^^^^^^^^
AttributeError: 'Member' object has no attribute 'timed_out_until'
Ignoring exception in on_member_update
Traceback (most recent call last):
  File "/usr/local/lib/python3.12/site-packages/discord/client.py", line 465, in _run_event
    await coro(*args, **kwargs)
  File "/app/asu_discord/cogs/analytics.py", line 652, in on_member_update
    before_timeout = before.timed_out_until
                     ^^^^^^^^^^^^^^^^^^^^^^
AttributeError: 'Member' object has no attribute 'timed_out_until'
Ignoring exception in on_member_update
Traceback (most recent call last):
  File "/usr/local/lib/python3.12/site-packages/discord/client.py", line 465, in _run_event
    await coro(*args, **kwargs)
  File "/app/asu_discord/cogs/analytics.py", line 652, in on_member_update
    before_timeout = before.timed_out_until
                     ^^^^^^^^^^^^^^^^^^^^^^
AttributeError: 'Member' object has no attribute 'timed_out_until'
Ignoring exception in on_member_update
Traceback (most recent call last):
  File "/usr/local/lib/python3.12/site-packages/discord/client.py", line 465, in _run_event
    await coro(*args, **kwargs)
  File "/app/asu_discord/cogs/analytics.py", line 652, in on_member_update
    before_timeout = before.timed_out_until
                     ^^^^^^^^^^^^^^^^^^^^^^
AttributeError: 'Member' object has no attribute 'timed_out_until'
Ignoring exception in on_member_update
Traceback (most recent call last):
  File "/usr/local/lib/python3.12/site-packages/discord/client.py", line 465, in _run_event
    await coro(*args, **kwargs)
  File "/app/asu_discord/cogs/analytics.py", line 652, in on_member_update
    before_timeout = before.timed_out_until
                     ^^^^^^^^^^^^^^^^^^^^^^
AttributeError: 'Member' object has no attribute 'timed_out_until'
Ignoring exception in on_member_update
Traceback (most recent call last):
  File "/usr/local/lib/python3.12/site-packages/discord/client.py", line 465, in _run_event
    await coro(*args, **kwargs)
  File "/app/asu_discord/cogs/analytics.py", line 652, in on_member_update
    before_timeout = before.timed_out_until
                     ^^^^^^^^^^^^^^^^^^^^^^
AttributeError: 'Member' object has no attribute 'timed_out_until'
Ignoring exception in on_member_update
Traceback (most recent call last):
  File "/usr/local/lib/python3.12/site-packages/discord/client.py", line 465, in _run_event
    await coro(*args, **kwargs)
  File "/app/asu_discord/cogs/analytics.py", line 652, in on_member_update
    before_timeout = before.timed_out_until
                     ^^^^^^^^^^^^^^^^^^^^^^
AttributeError: 'Member' object has no attribute 'timed_out_until'
INFO:asu_discord.cogs.verification:Saved 4 roles to database for user vkandath (Discord ID: 758161368599363634)
INFO:asu_discord.cogs.verification:Refreshed Salesforce roles for Discord user 758161368599363634: -4/+4 roles, assigned=[Commited, First Year, Ira A. Fulton Schools of Engineering, Tempe]
ERROR:cron.jobs:refresh_salesforce_roles: failed for cpullasi (Discord ID 912363203269386260): Failed to refresh Salesforce-based roles: Discord user 912363203269386260 is not a member of the guild
Ignoring exception in on_member_update
Traceback (most recent call last):
  File "/usr/local/lib/python3.12/site-packages/discord/client.py", line 465, in _run_event
    await coro(*args, **kwargs)
  File "/app/asu_discord/cogs/analytics.py", line 652, in on_member_update
    before_timeout = before.timed_out_until
                     ^^^^^^^^^^^^^^^^^^^^^^
AttributeError: 'Member' object has no attribute 'timed_out_until'
Ignoring exception in on_member_update
Traceback (most recent call last):
  File "/usr/local/lib/python3.12/site-packages/discord/client.py", line 465, in _run_event
    await coro(*args, **kwargs)
  File "/app/asu_discord/cogs/analytics.py", line 652, in on_member_update
    before_timeout = before.timed_out_until
                     ^^^^^^^^^^^^^^^^^^^^^^
AttributeError: 'Member' object has no attribute 'timed_out_until'
Ignoring exception in on_member_update
Traceback (most recent call last):
  File "/usr/local/lib/python3.12/site-packages/discord/client.py", line 465, in _run_event
    await coro(*args, **kwargs)
  File "/app/asu_discord/cogs/analytics.py", line 652, in on_member_update
    before_timeout = before.timed_out_until
                     ^^^^^^^^^^^^^^^^^^^^^^
AttributeError: 'Member' object has no attribute 'timed_out_until'
Ignoring exception in on_member_update
Traceback (most recent call last):
  File "/usr/local/lib/python3.12/site-packages/discord/client.py", line 465, in _run_event
    await coro(*args, **kwargs)
  File "/app/asu_discord/cogs/analytics.py", line 652, in on_member_update
    before_timeout = before.timed_out_until
                     ^^^^^^^^^^^^^^^^^^^^^^
AttributeError: 'Member' object has no attribute 'timed_out_until'
Ignoring exception in on_member_update
Traceback (most recent call last):
  File "/usr/local/lib/python3.12/site-packages/discord/client.py", line 465, in _run_event
    await coro(*args, **kwargs)
  File "/app/asu_discord/cogs/analytics.py", line 652, in on_member_update
    before_timeout = before.timed_out_until
                     ^^^^^^^^^^^^^^^^^^^^^^
AttributeError: 'Member' object has no attribute 'timed_out_until'
Ignoring exception in on_member_update
Traceback (most recent call last):
  File "/usr/local/lib/python3.12/site-packages/discord/client.py", line 465, in _run_event
    await coro(*args, **kwargs)
  File "/app/asu_discord/cogs/analytics.py", line 652, in on_member_update
    before_timeout = before.timed_out_until
                     ^^^^^^^^^^^^^^^^^^^^^^
AttributeError: 'Member' object has no attribute 'timed_out_until'
Ignoring exception in on_member_update
Traceback (most recent call last):
  File "/usr/local/lib/python3.12/site-packages/discord/client.py", line 465, in _run_event
    await coro(*args, **kwargs)
  File "/app/asu_discord/cogs/analytics.py", line 652, in on_member_update
    before_timeout = before.timed_out_until
                     ^^^^^^^^^^^^^^^^^^^^^^
AttributeError: 'Member' object has no attribute 'timed_out_until'
Ignoring exception in on_member_update
Traceback (most recent call last):
  File "/usr/local/lib/python3.12/site-packages/discord/client.py", line 465, in _run_event
    await coro(*args, **kwargs)
  File "/app/asu_discord/cogs/analytics.py", line 652, in on_member_update
    before_timeout = before.timed_out_until
                     ^^^^^^^^^^^^^^^^^^^^^^
AttributeError: 'Member' object has no attribute 'timed_out_until'
Ignoring exception in on_member_update
Traceback (most recent call last):
  File "/usr/local/lib/python3.12/site-packages/discord/client.py", line 465, in _run_event
    await coro(*args, **kwargs)
  File "/app/asu_discord/cogs/analytics.py", line 652, in on_member_update
    before_timeout = before.timed_out_until
                     ^^^^^^^^^^^^^^^^^^^^^^
AttributeError: 'Member' object has no attribute 'timed_out_until'
Ignoring exception in on_member_update
Traceback (most recent call last):
  File "/usr/local/lib/python3.12/site-packages/discord/client.py", line 465, in _run_event
    await coro(*args, **kwargs)
  File "/app/asu_discord/cogs/analytics.py", line 652, in on_member_update
    before_timeout = before.timed_out_until
                     ^^^^^^^^^^^^^^^^^^^^^^
AttributeError: 'Member' object has no attribute 'timed_out_until'
INFO:asu_discord.cogs.verification:Saved 5 roles to database for user smaneri1 (Discord ID: 522736320703889418)
INFO:asu_discord.cogs.verification:Refreshed Salesforce roles for Discord user 522736320703889418: -5/+5 roles, assigned=[Commited, Graduate Student, International Student, Ira A. Fulton Schools of Engineering, Tempe]
Ignoring exception in on_member_update
Traceback (most recent call last):
  File "/usr/local/lib/python3.12/site-packages/discord/client.py", line 465, in _run_event
    await coro(*args, **kwargs)
  File "/app/asu_discord/cogs/analytics.py", line 652, in on_member_update
    before_timeout = before.timed_out_until
                     ^^^^^^^^^^^^^^^^^^^^^^
AttributeError: 'Member' object has no attribute 'timed_out_until'
Ignoring exception in on_member_update
Traceback (most recent call last):
  File "/usr/local/lib/python3.12/site-packages/discord/client.py", line 465, in _run_event
    await coro(*args, **kwargs)
  File "/app/asu_discord/cogs/analytics.py", line 652, in on_member_update
    before_timeout = before.timed_out_until
                     ^^^^^^^^^^^^^^^^^^^^^^
AttributeError: 'Member' object has no attribute 'timed_out_until'
Ignoring exception in on_member_update
Traceback (most recent call last):
  File "/usr/local/lib/python3.12/site-packages/discord/client.py", line 465, in _run_event
    await coro(*args, **kwargs)
  File "/app/asu_discord/cogs/analytics.py", line 652, in on_member_update
    before_timeout = before.timed_out_until
                     ^^^^^^^^^^^^^^^^^^^^^^
AttributeError: 'Member' object has no attribute 'timed_out_until'
Ignoring exception in on_member_update
Traceback (most recent call last):
  File "/usr/local/lib/python3.12/site-packages/discord/client.py", line 465, in _run_event
    await coro(*args, **kwargs)
  File "/app/asu_discord/cogs/analytics.py", line 652, in on_member_update
    before_timeout = before.timed_out_until
                     ^^^^^^^^^^^^^^^^^^^^^^
AttributeError: 'Member' object has no attribute 'timed_out_until'
Ignoring exception in on_member_update
Traceback (most recent call last):
  File "/usr/local/lib/python3.12/site-packages/discord/client.py", line 465, in _run_event
    await coro(*args, **kwargs)
  File "/app/asu_discord/cogs/analytics.py", line 652, in on_member_update
    before_timeout = before.timed_out_until
                     ^^^^^^^^^^^^^^^^^^^^^^
AttributeError: 'Member' object has no attribute 'timed_out_until'
Ignoring exception in on_member_update
Traceback (most recent call last):
  File "/usr/local/lib/python3.12/site-packages/discord/client.py", line 465, in _run_event
    await coro(*args, **kwargs)
  File "/app/asu_discord/cogs/analytics.py", line 652, in on_member_update
    before_timeout = before.timed_out_until
                     ^^^^^^^^^^^^^^^^^^^^^^
AttributeError: 'Member' object has no attribute 'timed_out_until'
Ignoring exception in on_member_update
Traceback (most recent call last):
  File "/usr/local/lib/python3.12/site-packages/discord/client.py", line 465, in _run_event
    await coro(*args, **kwargs)
  File "/app/asu_discord/cogs/analytics.py", line 652, in on_member_update
    before_timeout = before.timed_out_until
                     ^^^^^^^^^^^^^^^^^^^^^^
AttributeError: 'Member' object has no attribute 'timed_out_until'
Ignoring exception in on_member_update
Traceback (most recent call last):
  File "/usr/local/lib/python3.12/site-packages/discord/client.py", line 465, in _run_event
    await coro(*args, **kwargs)
  File "/app/asu_discord/cogs/analytics.py", line 652, in on_member_update
    before_timeout = before.timed_out_until
                     ^^^^^^^^^^^^^^^^^^^^^^
AttributeError: 'Member' object has no attribute 'timed_out_until'
Ignoring exception in on_member_update
Traceback (most recent call last):
  File "/usr/local/lib/python3.12/site-packages/discord/client.py", line 465, in _run_event
    await coro(*args, **kwargs)
  File "/app/asu_discord/cogs/analytics.py", line 652, in on_member_update
    before_timeout = before.timed_out_until
                     ^^^^^^^^^^^^^^^^^^^^^^
AttributeError: 'Member' object has no attribute 'timed_out_until'
Ignoring exception in on_member_update
Traceback (most recent call last):
  File "/usr/local/lib/python3.12/site-packages/discord/client.py", line 465, in _run_event
    await coro(*args, **kwargs)
  File "/app/asu_discord/cogs/analytics.py", line 652, in on_member_update
    before_timeout = before.timed_out_until
                     ^^^^^^^^^^^^^^^^^^^^^^
AttributeError: 'Member' object has no attribute 'timed_out_until'
INFO:asu_discord.cogs.verification:Saved 5 roles to database for user cmbrueck (Discord ID: 508809989905973250)
INFO:asu_discord.cogs.verification:Refreshed Salesforce roles for Discord user 508809989905973250: -5/+5 roles, assigned=[Arizona Resident, Commited, Graduate Student, Ira A. Fulton Schools of Engineering, Tempe]
Ignoring exception in on_member_update
Traceback (most recent call last):
  File "/usr/local/lib/python3.12/site-packages/discord/client.py", line 465, in _run_event
    await coro(*args, **kwargs)
  File "/app/asu_discord/cogs/analytics.py", line 652, in on_member_update
    before_timeout = before.timed_out_until
                     ^^^^^^^^^^^^^^^^^^^^^^
AttributeError: 'Member' object has no attribute 'timed_out_until'
Ignoring exception in on_member_update
Traceback (most recent call last):
  File "/usr/local/lib/python3.12/site-packages/discord/client.py", line 465, in _run_event
    await coro(*args, **kwargs)
  File "/app/asu_discord/cogs/analytics.py", line 652, in on_member_update
    before_timeout = before.timed_out_until
                     ^^^^^^^^^^^^^^^^^^^^^^
AttributeError: 'Member' object has no attribute 'timed_out_until'
Ignoring exception in on_member_update
Traceback (most recent call last):
  File "/usr/local/lib/python3.12/site-packages/discord/client.py", line 465, in _run_event
    await coro(*args, **kwargs)
  File "/app/asu_discord/cogs/analytics.py", line 652, in on_member_update
    before_timeout = before.timed_out_until
                     ^^^^^^^^^^^^^^^^^^^^^^
AttributeError: 'Member' object has no attribute 'timed_out_until'
Ignoring exception in on_member_update
Traceback (most recent call last):
  File "/usr/local/lib/python3.12/site-packages/discord/client.py", line 465, in _run_event
    await coro(*args, **kwargs)
  File "/app/asu_discord/cogs/analytics.py", line 652, in on_member_update
    before_timeout = before.timed_out_until
                     ^^^^^^^^^^^^^^^^^^^^^^
AttributeError: 'Member' object has no attribute 'timed_out_until'
Ignoring exception in on_member_update
Traceback (most recent call last):
  File "/usr/local/lib/python3.12/site-packages/discord/client.py", line 465, in _run_event
    await coro(*args, **kwargs)
  File "/app/asu_discord/cogs/analytics.py", line 652, in on_member_update
    before_timeout = before.timed_out_until
                     ^^^^^^^^^^^^^^^^^^^^^^
AttributeError: 'Member' object has no attribute 'timed_out_until'
Ignoring exception in on_member_update
Traceback (most recent call last):
  File "/usr/local/lib/python3.12/site-packages/discord/client.py", line 465, in _run_event
    await coro(*args, **kwargs)
  File "/app/asu_discord/cogs/analytics.py", line 652, in on_member_update
    before_timeout = before.timed_out_until
                     ^^^^^^^^^^^^^^^^^^^^^^
AttributeError: 'Member' object has no attribute 'timed_out_until'
Ignoring exception in on_member_update
Traceback (most recent call last):
  File "/usr/local/lib/python3.12/site-packages/discord/client.py", line 465, in _run_event
    await coro(*args, **kwargs)
  File "/app/asu_discord/cogs/analytics.py", line 652, in on_member_update
    before_timeout = before.timed_out_until
                     ^^^^^^^^^^^^^^^^^^^^^^
AttributeError: 'Member' object has no attribute 'timed_out_until'
Ignoring exception in on_member_update
Traceback (most recent call last):
  File "/usr/local/lib/python3.12/site-packages/discord/client.py", line 465, in _run_event
    await coro(*args, **kwargs)
  File "/app/asu_discord/cogs/analytics.py", line 652, in on_member_update
    before_timeout = before.timed_out_until
                     ^^^^^^^^^^^^^^^^^^^^^^
AttributeError: 'Member' object has no attribute 'timed_out_until'
Ignoring exception in on_member_update
Traceback (most recent call last):
  File "/usr/local/lib/python3.12/site-packages/discord/client.py", line 465, in _run_event
    await coro(*args, **kwargs)
  File "/app/asu_discord/cogs/analytics.py", line 652, in on_member_update
    before_timeout = before.timed_out_until
                     ^^^^^^^^^^^^^^^^^^^^^^
AttributeError: 'Member' object has no attribute 'timed_out_until'
Ignoring exception in on_member_update
Traceback (most recent call last):
  File "/usr/local/lib/python3.12/site-packages/discord/client.py", line 465, in _run_event
    await coro(*args, **kwargs)
  File "/app/asu_discord/cogs/analytics.py", line 652, in on_member_update
    before_timeout = before.timed_out_until
                     ^^^^^^^^^^^^^^^^^^^^^^
AttributeError: 'Member' object has no attribute 'timed_out_until'
INFO:asu_discord.cogs.verification:Saved 5 roles to database for user dpate481 (Discord ID: 403100978452365313)
INFO:asu_discord.cogs.verification:Refreshed Salesforce roles for Discord user 403100978452365313: -5/+5 roles, assigned=[Commited, Graduate Student, International Student, Ira A. Fulton Schools of Engineering, Tempe]
Ignoring exception in on_member_update
Traceback (most recent call last):
  File "/usr/local/lib/python3.12/site-packages/discord/client.py", line 465, in _run_event
    await coro(*args, **kwargs)
  File "/app/asu_discord/cogs/analytics.py", line 652, in on_member_update
    before_timeout = before.timed_out_until
                     ^^^^^^^^^^^^^^^^^^^^^^
AttributeError: 'Member' object has no attribute 'timed_out_until'
Ignoring exception in on_member_update
Traceback (most recent call last):
  File "/usr/local/lib/python3.12/site-packages/discord/client.py", line 465, in _run_event
    await coro(*args, **kwargs)
  File "/app/asu_discord/cogs/analytics.py", line 652, in on_member_update
    before_timeout = before.timed_out_until
                     ^^^^^^^^^^^^^^^^^^^^^^
AttributeError: 'Member' object has no attribute 'timed_out_until'
Ignoring exception in on_member_update
Traceback (most recent call last):
  File "/usr/local/lib/python3.12/site-packages/discord/client.py", line 465, in _run_event
    await coro(*args, **kwargs)
  File "/app/asu_discord/cogs/analytics.py", line 652, in on_member_update
    before_timeout = before.timed_out_until
                     ^^^^^^^^^^^^^^^^^^^^^^
AttributeError: 'Member' object has no attribute 'timed_out_until'
Ignoring exception in on_member_update
Traceback (most recent call last):
  File "/usr/local/lib/python3.12/site-packages/discord/client.py", line 465, in _run_event
    await coro(*args, **kwargs)
  File "/app/asu_discord/cogs/analytics.py", line 652, in on_member_update
    before_timeout = before.timed_out_until
                     ^^^^^^^^^^^^^^^^^^^^^^
AttributeError: 'Member' object has no attribute 'timed_out_until'
Ignoring exception in on_member_update
Traceback (most recent call last):
  File "/usr/local/lib/python3.12/site-packages/discord/client.py", line 465, in _run_event
    await coro(*args, **kwargs)
  File "/app/asu_discord/cogs/analytics.py", line 652, in on_member_update
    before_timeout = before.timed_out_until
                     ^^^^^^^^^^^^^^^^^^^^^^
AttributeError: 'Member' object has no attribute 'timed_out_until'
Ignoring exception in on_member_update
Traceback (most recent call last):
  File "/usr/local/lib/python3.12/site-packages/discord/client.py", line 465, in _run_event
    await coro(*args, **kwargs)
  File "/app/asu_discord/cogs/analytics.py", line 652, in on_member_update
    before_timeout = before.timed_out_until
                     ^^^^^^^^^^^^^^^^^^^^^^
AttributeError: 'Member' object has no attribute 'timed_out_until'
Ignoring exception in on_member_update
Traceback (most recent call last):
  File "/usr/local/lib/python3.12/site-packages/discord/client.py", line 465, in _run_event
    await coro(*args, **kwargs)
  File "/app/asu_discord/cogs/analytics.py", line 652, in on_member_update
    before_timeout = before.timed_out_until
                     ^^^^^^^^^^^^^^^^^^^^^^
AttributeError: 'Member' object has no attribute 'timed_out_until'
Ignoring exception in on_member_update
Traceback (most recent call last):
  File "/usr/local/lib/python3.12/site-packages/discord/client.py", line 465, in _run_event
    await coro(*args, **kwargs)
  File "/app/asu_discord/cogs/analytics.py", line 652, in on_member_update
    before_timeout = before.timed_out_until
                     ^^^^^^^^^^^^^^^^^^^^^^
AttributeError: 'Member' object has no attribute 'timed_out_until'
Ignoring exception in on_member_update
Traceback (most recent call last):
  File "/usr/local/lib/python3.12/site-packages/discord/client.py", line 465, in _run_event
    await coro(*args, **kwargs)
  File "/app/asu_discord/cogs/analytics.py", line 652, in on_member_update
    before_timeout = before.timed_out_until
                     ^^^^^^^^^^^^^^^^^^^^^^
AttributeError: 'Member' object has no attribute 'timed_out_until'
Ignoring exception in on_member_update
Traceback (most recent call last):
  File "/usr/local/lib/python3.12/site-packages/discord/client.py", line 465, in _run_event
    await coro(*args, **kwargs)
  File "/app/asu_discord/cogs/analytics.py", line 652, in on_member_update
    before_timeout = before.timed_out_until
                     ^^^^^^^^^^^^^^^^^^^^^^
AttributeError: 'Member' object has no attribute 'timed_out_until'
Ignoring exception in on_member_update
Traceback (most recent call last):
  File "/usr/local/lib/python3.12/site-packages/discord/client.py", line 465, in _run_event
    await coro(*args, **kwargs)
  File "/app/asu_discord/cogs/analytics.py", line 652, in on_member_update
    before_timeout = before.timed_out_until
                     ^^^^^^^^^^^^^^^^^^^^^^
AttributeError: 'Member' object has no attribute 'timed_out_until'
INFO:asu_discord.cogs.verification:Saved 6 roles to database for user spastra3 (Discord ID: 1462198674573627506)
INFO:asu_discord.cogs.verification:Refreshed Salesforce roles for Discord user 1462198674573627506: -5/+6 roles, assigned=[Arizona Resident, Commited, First Year, Tempe, Upperclassmen, W.P. Carey School of Business]
Ignoring exception in on_member_update
Traceback (most recent call last):
  File "/usr/local/lib/python3.12/site-packages/discord/client.py", line 465, in _run_event
    await coro(*args, **kwargs)
  File "/app/asu_discord/cogs/analytics.py", line 652, in on_member_update
    before_timeout = before.timed_out_until
                     ^^^^^^^^^^^^^^^^^^^^^^
AttributeError: 'Member' object has no attribute 'timed_out_until'
Ignoring exception in on_member_update
Traceback (most recent call last):
  File "/usr/local/lib/python3.12/site-packages/discord/client.py", line 465, in _run_event
    await coro(*args, **kwargs)
  File "/app/asu_discord/cogs/analytics.py", line 652, in on_member_update
    before_timeout = before.timed_out_until
                     ^^^^^^^^^^^^^^^^^^^^^^
AttributeError: 'Member' object has no attribute 'timed_out_until'
Ignoring exception in on_member_update
Traceback (most recent call last):
  File "/usr/local/lib/python3.12/site-packages/discord/client.py", line 465, in _run_event
    await coro(*args, **kwargs)
  File "/app/asu_discord/cogs/analytics.py", line 652, in on_member_update
    before_timeout = before.timed_out_until
                     ^^^^^^^^^^^^^^^^^^^^^^
AttributeError: 'Member' object has no attribute 'timed_out_until'
Ignoring exception in on_member_update
Traceback (most recent call last):
  File "/usr/local/lib/python3.12/site-packages/discord/client.py", line 465, in _run_event
    await coro(*args, **kwargs)
  File "/app/asu_discord/cogs/analytics.py", line 652, in on_member_update
    before_timeout = before.timed_out_until
                     ^^^^^^^^^^^^^^^^^^^^^^
AttributeError: 'Member' object has no attribute 'timed_out_until'
Ignoring exception in on_member_update
Traceback (most recent call last):
  File "/usr/local/lib/python3.12/site-packages/discord/client.py", line 465, in _run_event
    await coro(*args, **kwargs)
  File "/app/asu_discord/cogs/analytics.py", line 652, in on_member_update
    before_timeout = before.timed_out_until
                     ^^^^^^^^^^^^^^^^^^^^^^
AttributeError: 'Member' object has no attribute 'timed_out_until'
Ignoring exception in on_member_update
Traceback (most recent call last):
  File "/usr/local/lib/python3.12/site-packages/discord/client.py", line 465, in _run_event
    await coro(*args, **kwargs)
  File "/app/asu_discord/cogs/analytics.py", line 652, in on_member_update
    before_timeout = before.timed_out_until
                     ^^^^^^^^^^^^^^^^^^^^^^
AttributeError: 'Member' object has no attribute 'timed_out_until'
Ignoring exception in on_member_update
Traceback (most recent call last):
  File "/usr/local/lib/python3.12/site-packages/discord/client.py", line 465, in _run_event
    await coro(*args, **kwargs)
  File "/app/asu_discord/cogs/analytics.py", line 652, in on_member_update
    before_timeout = before.timed_out_until
                     ^^^^^^^^^^^^^^^^^^^^^^
AttributeError: 'Member' object has no attribute 'timed_out_until'
Ignoring exception in on_member_update
Traceback (most recent call last):
  File "/usr/local/lib/python3.12/site-packages/discord/client.py", line 465, in _run_event
    await coro(*args, **kwargs)
  File "/app/asu_discord/cogs/analytics.py", line 652, in on_member_update
    before_timeout = before.timed_out_until
                     ^^^^^^^^^^^^^^^^^^^^^^
AttributeError: 'Member' object has no attribute 'timed_out_until'
INFO:asu_discord.cogs.verification:Saved 4 roles to database for user magar176 (Discord ID: 1463942499524542618)
INFO:asu_discord.cogs.verification:Refreshed Salesforce roles for Discord user 1463942499524542618: -4/+4 roles, assigned=[Arizona Resident, First Year, Herberger Institute for Design and the Arts, Tempe]
Ignoring exception in on_member_update
Traceback (most recent call last):
  File "/usr/local/lib/python3.12/site-packages/discord/client.py", line 465, in _run_event
    await coro(*args, **kwargs)
  File "/app/asu_discord/cogs/analytics.py", line 652, in on_member_update
    before_timeout = before.timed_out_until
                     ^^^^^^^^^^^^^^^^^^^^^^
AttributeError: 'Member' object has no attribute 'timed_out_until'
Ignoring exception in on_member_update
Traceback (most recent call last):
  File "/usr/local/lib/python3.12/site-packages/discord/client.py", line 465, in _run_event
    await coro(*args, **kwargs)
  File "/app/asu_discord/cogs/analytics.py", line 652, in on_member_update
    before_timeout = before.timed_out_until
                     ^^^^^^^^^^^^^^^^^^^^^^
AttributeError: 'Member' object has no attribute 'timed_out_until'
Ignoring exception in on_member_update
Traceback (most recent call last):
  File "/usr/local/lib/python3.12/site-packages/discord/client.py", line 465, in _run_event
    await coro(*args, **kwargs)
  File "/app/asu_discord/cogs/analytics.py", line 652, in on_member_update
    before_timeout = before.timed_out_until
                     ^^^^^^^^^^^^^^^^^^^^^^
AttributeError: 'Member' object has no attribute 'timed_out_until'
Ignoring exception in on_member_update
Traceback (most recent call last):
  File "/usr/local/lib/python3.12/site-packages/discord/client.py", line 465, in _run_event
    await coro(*args, **kwargs)
  File "/app/asu_discord/cogs/analytics.py", line 652, in on_member_update
    before_timeout = before.timed_out_until
                     ^^^^^^^^^^^^^^^^^^^^^^
AttributeError: 'Member' object has no attribute 'timed_out_until'
Ignoring exception in on_member_update
Traceback (most recent call last):
  File "/usr/local/lib/python3.12/site-packages/discord/client.py", line 465, in _run_event
    await coro(*args, **kwargs)
  File "/app/asu_discord/cogs/analytics.py", line 652, in on_member_update
    before_timeout = before.timed_out_until
                     ^^^^^^^^^^^^^^^^^^^^^^
AttributeError: 'Member' object has no attribute 'timed_out_until'
Ignoring exception in on_member_update
Traceback (most recent call last):
  File "/usr/local/lib/python3.12/site-packages/discord/client.py", line 465, in _run_event
    await coro(*args, **kwargs)
  File "/app/asu_discord/cogs/analytics.py", line 652, in on_member_update
    before_timeout = before.timed_out_until
                     ^^^^^^^^^^^^^^^^^^^^^^
AttributeError: 'Member' object has no attribute 'timed_out_until'
Ignoring exception in on_member_update
Traceback (most recent call last):
  File "/usr/local/lib/python3.12/site-packages/discord/client.py", line 465, in _run_event
    await coro(*args, **kwargs)
  File "/app/asu_discord/cogs/analytics.py", line 652, in on_member_update
    before_timeout = before.timed_out_until
                     ^^^^^^^^^^^^^^^^^^^^^^
AttributeError: 'Member' object has no attribute 'timed_out_until'
Ignoring exception in on_member_update
Traceback (most recent call last):
  File "/usr/local/lib/python3.12/site-packages/discord/client.py", line 465, in _run_event
    await coro(*args, **kwargs)
  File "/app/asu_discord/cogs/analytics.py", line 652, in on_member_update
    before_timeout = before.timed_out_until
                     ^^^^^^^^^^^^^^^^^^^^^^
AttributeError: 'Member' object has no attribute 'timed_out_until'
Ignoring exception in on_member_update
Traceback (most recent call last):
  File "/usr/local/lib/python3.12/site-packages/discord/client.py", line 465, in _run_event
    await coro(*args, **kwargs)
  File "/app/asu_discord/cogs/analytics.py", line 652, in on_member_update
    before_timeout = before.timed_out_until
                     ^^^^^^^^^^^^^^^^^^^^^^
AttributeError: 'Member' object has no attribute 'timed_out_until'
Ignoring exception in on_member_update
Traceback (most recent call last):
  File "/usr/local/lib/python3.12/site-packages/discord/client.py", line 465, in _run_event
    await coro(*args, **kwargs)
  File "/app/asu_discord/cogs/analytics.py", line 652, in on_member_update
    before_timeout = before.timed_out_until
                     ^^^^^^^^^^^^^^^^^^^^^^
AttributeError: 'Member' object has no attribute 'timed_out_until'
Ignoring exception in on_member_update
Traceback (most recent call last):
  File "/usr/local/lib/python3.12/site-packages/discord/client.py", line 465, in _run_event
    await coro(*args, **kwargs)
  File "/app/asu_discord/cogs/analytics.py", line 652, in on_member_update
    before_timeout = before.timed_out_until
                     ^^^^^^^^^^^^^^^^^^^^^^
AttributeError: 'Member' object has no attribute 'timed_out_until'
Ignoring exception in on_member_update
Traceback (most recent call last):
  File "/usr/local/lib/python3.12/site-packages/discord/client.py", line 465, in _run_event
    await coro(*args, **kwargs)
  File "/app/asu_discord/cogs/analytics.py", line 652, in on_member_update
    before_timeout = before.timed_out_until
                     ^^^^^^^^^^^^^^^^^^^^^^
AttributeError: 'Member' object has no attribute 'timed_out_until'
INFO:asu_discord.cogs.verification:Saved 6 roles to database for user tiakuba (Discord ID: 1458090559020339342)
INFO:asu_discord.cogs.verification:Refreshed Salesforce roles for Discord user 1458090559020339342: -6/+6 roles, assigned=[Commited, Downtown Phoenix, First Year, International Student, Thunderbird School of Global Management, Upperclassmen]
Ignoring exception in on_member_update
Traceback (most recent call last):
  File "/usr/local/lib/python3.12/site-packages/discord/client.py", line 465, in _run_event
    await coro(*args, **kwargs)
  File "/app/asu_discord/cogs/analytics.py", line 652, in on_member_update
    before_timeout = before.timed_out_until
                     ^^^^^^^^^^^^^^^^^^^^^^
AttributeError: 'Member' object has no attribute 'timed_out_until'
Ignoring exception in on_member_update
Traceback (most recent call last):
  File "/usr/local/lib/python3.12/site-packages/discord/client.py", line 465, in _run_event
    await coro(*args, **kwargs)
  File "/app/asu_discord/cogs/analytics.py", line 652, in on_member_update
    before_timeout = before.timed_out_until
                     ^^^^^^^^^^^^^^^^^^^^^^
AttributeError: 'Member' object has no attribute 'timed_out_until'
Ignoring exception in on_member_update
Traceback (most recent call last):
  File "/usr/local/lib/python3.12/site-packages/discord/client.py", line 465, in _run_event
    await coro(*args, **kwargs)
  File "/app/asu_discord/cogs/analytics.py", line 652, in on_member_update
    before_timeout = before.timed_out_until
                     ^^^^^^^^^^^^^^^^^^^^^^
AttributeError: 'Member' object has no attribute 'timed_out_until'
Ignoring exception in on_member_update
Traceback (most recent call last):
  File "/usr/local/lib/python3.12/site-packages/discord/client.py", line 465, in _run_event
    await coro(*args, **kwargs)
  File "/app/asu_discord/cogs/analytics.py", line 652, in on_member_update
    before_timeout = before.timed_out_until
                     ^^^^^^^^^^^^^^^^^^^^^^
AttributeError: 'Member' object has no attribute 'timed_out_until'
Ignoring exception in on_member_update
Traceback (most recent call last):
  File "/usr/local/lib/python3.12/site-packages/discord/client.py", line 465, in _run_event
    await coro(*args, **kwargs)
  File "/app/asu_discord/cogs/analytics.py", line 652, in on_member_update
    before_timeout = before.timed_out_until
                     ^^^^^^^^^^^^^^^^^^^^^^
AttributeError: 'Member' object has no attribute 'timed_out_until'
Ignoring exception in on_member_update
Traceback (most recent call last):
  File "/usr/local/lib/python3.12/site-packages/discord/client.py", line 465, in _run_event
    await coro(*args, **kwargs)
  File "/app/asu_discord/cogs/analytics.py", line 652, in on_member_update
    before_timeout = before.timed_out_until
                     ^^^^^^^^^^^^^^^^^^^^^^
AttributeError: 'Member' object has no attribute 'timed_out_until'
Ignoring exception in on_member_update
Traceback (most recent call last):
  File "/usr/local/lib/python3.12/site-packages/discord/client.py", line 465, in _run_event
    await coro(*args, **kwargs)
  File "/app/asu_discord/cogs/analytics.py", line 652, in on_member_update
    before_timeout = before.timed_out_until
                     ^^^^^^^^^^^^^^^^^^^^^^
AttributeError: 'Member' object has no attribute 'timed_out_until'
Ignoring exception in on_member_update
Traceback (most recent call last):
  File "/usr/local/lib/python3.12/site-packages/discord/client.py", line 465, in _run_event
    await coro(*args, **kwargs)
  File "/app/asu_discord/cogs/analytics.py", line 652, in on_member_update
    before_timeout = before.timed_out_until
                     ^^^^^^^^^^^^^^^^^^^^^^
AttributeError: 'Member' object has no attribute 'timed_out_until'
Ignoring exception in on_member_update
Traceback (most recent call last):
  File "/usr/local/lib/python3.12/site-packages/discord/client.py", line 465, in _run_event
    await coro(*args, **kwargs)
  File "/app/asu_discord/cogs/analytics.py", line 652, in on_member_update
    before_timeout = before.timed_out_until
                     ^^^^^^^^^^^^^^^^^^^^^^
AttributeError: 'Member' object has no attribute 'timed_out_until'
Ignoring exception in on_member_update
Traceback (most recent call last):
  File "/usr/local/lib/python3.12/site-packages/discord/client.py", line 465, in _run_event
    await coro(*args, **kwargs)
  File "/app/asu_discord/cogs/analytics.py", line 652, in on_member_update
    before_timeout = before.timed_out_until
                     ^^^^^^^^^^^^^^^^^^^^^^
AttributeError: 'Member' object has no attribute 'timed_out_until'
INFO:asu_discord.cogs.verification:Saved 6 roles to database for user kslavhor (Discord ID: 1484300913735761970)
INFO:asu_discord.cogs.verification:Refreshed Salesforce roles for Discord user 1484300913735761970: -4/+6 roles, assigned=[Commited, Downtown Phoenix, First Year, International Student, Thunderbird School of Global Management, Upperclassmen]
Ignoring exception in on_member_update
Traceback (most recent call last):
  File "/usr/local/lib/python3.12/site-packages/discord/client.py", line 465, in _run_event
    await coro(*args, **kwargs)
  File "/app/asu_discord/cogs/analytics.py", line 652, in on_member_update
    before_timeout = before.timed_out_until
                     ^^^^^^^^^^^^^^^^^^^^^^
AttributeError: 'Member' object has no attribute 'timed_out_until'
Ignoring exception in on_member_update
Traceback (most recent call last):
  File "/usr/local/lib/python3.12/site-packages/discord/client.py", line 465, in _run_event
    await coro(*args, **kwargs)
  File "/app/asu_discord/cogs/analytics.py", line 652, in on_member_update
    before_timeout = before.timed_out_until
                     ^^^^^^^^^^^^^^^^^^^^^^
AttributeError: 'Member' object has no attribute 'timed_out_until'
Ignoring exception in on_member_update
Traceback (most recent call last):
  File "/usr/local/lib/python3.12/site-packages/discord/client.py", line 465, in _run_event
    await coro(*args, **kwargs)
  File "/app/asu_discord/cogs/analytics.py", line 652, in on_member_update
    before_timeout = before.timed_out_until
                     ^^^^^^^^^^^^^^^^^^^^^^
AttributeError: 'Member' object has no attribute 'timed_out_until'
Ignoring exception in on_member_update
Traceback (most recent call last):
  File "/usr/local/lib/python3.12/site-packages/discord/client.py", line 465, in _run_event
    await coro(*args, **kwargs)
  File "/app/asu_discord/cogs/analytics.py", line 652, in on_member_update
    before_timeout = before.timed_out_until
                     ^^^^^^^^^^^^^^^^^^^^^^
AttributeError: 'Member' object has no attribute 'timed_out_until'
Ignoring exception in on_member_update
Traceback (most recent call last):
  File "/usr/local/lib/python3.12/site-packages/discord/client.py", line 465, in _run_event
    await coro(*args, **kwargs)
  File "/app/asu_discord/cogs/analytics.py", line 652, in on_member_update
    before_timeout = before.timed_out_until
                     ^^^^^^^^^^^^^^^^^^^^^^
AttributeError: 'Member' object has no attribute 'timed_out_until'
Ignoring exception in on_member_update
Traceback (most recent call last):
  File "/usr/local/lib/python3.12/site-packages/discord/client.py", line 465, in _run_event
    await coro(*args, **kwargs)
  File "/app/asu_discord/cogs/analytics.py", line 652, in on_member_update
    before_timeout = before.timed_out_until
                     ^^^^^^^^^^^^^^^^^^^^^^
AttributeError: 'Member' object has no attribute 'timed_out_until'
Ignoring exception in on_member_update
Traceback (most recent call last):
  File "/usr/local/lib/python3.12/site-packages/discord/client.py", line 465, in _run_event
    await coro(*args, **kwargs)
  File "/app/asu_discord/cogs/analytics.py", line 652, in on_member_update
    before_timeout = before.timed_out_until
                     ^^^^^^^^^^^^^^^^^^^^^^
AttributeError: 'Member' object has no attribute 'timed_out_until'
Ignoring exception in on_member_update
Traceback (most recent call last):
  File "/usr/local/lib/python3.12/site-packages/discord/client.py", line 465, in _run_event
    await coro(*args, **kwargs)
  File "/app/asu_discord/cogs/analytics.py", line 652, in on_member_update
    before_timeout = before.timed_out_until
                     ^^^^^^^^^^^^^^^^^^^^^^
AttributeError: 'Member' object has no attribute 'timed_out_until'
Ignoring exception in on_member_update
Traceback (most recent call last):
  File "/usr/local/lib/python3.12/site-packages/discord/client.py", line 465, in _run_event
    await coro(*args, **kwargs)
  File "/app/asu_discord/cogs/analytics.py", line 652, in on_member_update
    before_timeout = before.timed_out_until
                     ^^^^^^^^^^^^^^^^^^^^^^
AttributeError: 'Member' object has no attribute 'timed_out_until'
Ignoring exception in on_member_update
Traceback (most recent call last):
  File "/usr/local/lib/python3.12/site-packages/discord/client.py", line 465, in _run_event
    await coro(*args, **kwargs)
  File "/app/asu_discord/cogs/analytics.py", line 652, in on_member_update
    before_timeout = before.timed_out_until
                     ^^^^^^^^^^^^^^^^^^^^^^
AttributeError: 'Member' object has no attribute 'timed_out_until'
INFO:asu_discord.cogs.verification:Saved 5 roles to database for user hmehta34 (Discord ID: 787084478639112232)
INFO:asu_discord.cogs.verification:Refreshed Salesforce roles for Discord user 787084478639112232: -5/+5 roles, assigned=[Commited, Graduate Student, International Student, Ira A. Fulton Schools of Engineering, Tempe]
Ignoring exception in on_member_update
Traceback (most recent call last):
  File "/usr/local/lib/python3.12/site-packages/discord/client.py", line 465, in _run_event
    await coro(*args, **kwargs)
  File "/app/asu_discord/cogs/analytics.py", line 652, in on_member_update
    before_timeout = before.timed_out_until
                     ^^^^^^^^^^^^^^^^^^^^^^
AttributeError: 'Member' object has no attribute 'timed_out_until'
Ignoring exception in on_member_update
Traceback (most recent call last):
  File "/usr/local/lib/python3.12/site-packages/discord/client.py", line 465, in _run_event
    await coro(*args, **kwargs)
  File "/app/asu_discord/cogs/analytics.py", line 652, in on_member_update
    before_timeout = before.timed_out_until
                     ^^^^^^^^^^^^^^^^^^^^^^
AttributeError: 'Member' object has no attribute 'timed_out_until'
INFO:asu_discord.cogs.verification:Saved 1 roles to database for user mdaval10 (Discord ID: 1399134187981897769)
INFO:asu_discord.cogs.verification:Refreshed Salesforce roles for Discord user 1399134187981897769: -1/+1 roles, assigned=[Out of State]
Ignoring exception in on_member_update
Traceback (most recent call last):
  File "/usr/local/lib/python3.12/site-packages/discord/client.py", line 465, in _run_event
    await coro(*args, **kwargs)
  File "/app/asu_discord/cogs/analytics.py", line 652, in on_member_update
    before_timeout = before.timed_out_until
                     ^^^^^^^^^^^^^^^^^^^^^^
AttributeError: 'Member' object has no attribute 'timed_out_until'
Ignoring exception in on_member_update
Traceback (most recent call last):
  File "/usr/local/lib/python3.12/site-packages/discord/client.py", line 465, in _run_event
    await coro(*args, **kwargs)
  File "/app/asu_discord/cogs/analytics.py", line 652, in on_member_update
    before_timeout = before.timed_out_until
                     ^^^^^^^^^^^^^^^^^^^^^^
AttributeError: 'Member' object has no attribute 'timed_out_until'
Ignoring exception in on_member_update
Traceback (most recent call last):
  File "/usr/local/lib/python3.12/site-packages/discord/client.py", line 465, in _run_event
    await coro(*args, **kwargs)
  File "/app/asu_discord/cogs/analytics.py", line 652, in on_member_update
    before_timeout = before.timed_out_until
                     ^^^^^^^^^^^^^^^^^^^^^^
AttributeError: 'Member' object has no attribute 'timed_out_until'
Ignoring exception in on_member_update
Traceback (most recent call last):
  File "/usr/local/lib/python3.12/site-packages/discord/client.py", line 465, in _run_event
    await coro(*args, **kwargs)
  File "/app/asu_discord/cogs/analytics.py", line 652, in on_member_update
    before_timeout = before.timed_out_until
                     ^^^^^^^^^^^^^^^^^^^^^^
AttributeError: 'Member' object has no attribute 'timed_out_until'
Ignoring exception in on_member_update
Traceback (most recent call last):
  File "/usr/local/lib/python3.12/site-packages/discord/client.py", line 465, in _run_event
    await coro(*args, **kwargs)
  File "/app/asu_discord/cogs/analytics.py", line 652, in on_member_update
    before_timeout = before.timed_out_until
                     ^^^^^^^^^^^^^^^^^^^^^^
AttributeError: 'Member' object has no attribute 'timed_out_until'
Ignoring exception in on_member_update
Traceback (most recent call last):
  File "/usr/local/lib/python3.12/site-packages/discord/client.py", line 465, in _run_event
    await coro(*args, **kwargs)
  File "/app/asu_discord/cogs/analytics.py", line 652, in on_member_update
    before_timeout = before.timed_out_until
                     ^^^^^^^^^^^^^^^^^^^^^^
AttributeError: 'Member' object has no attribute 'timed_out_until'
Ignoring exception in on_member_update
Traceback (most recent call last):
  File "/usr/local/lib/python3.12/site-packages/discord/client.py", line 465, in _run_event
    await coro(*args, **kwargs)
  File "/app/asu_discord/cogs/analytics.py", line 652, in on_member_update
    before_timeout = before.timed_out_until
                     ^^^^^^^^^^^^^^^^^^^^^^
AttributeError: 'Member' object has no attribute 'timed_out_until'
INFO:asu_discord.cogs.verification:Saved 4 roles to database for user mmasole (Discord ID: 1480694094303985785)
INFO:asu_discord.cogs.verification:Refreshed Salesforce roles for Discord user 1480694094303985785: -3/+4 roles, assigned=[Downtown Phoenix, Graduate Student, International Student, Thunderbird School of Global Management]
Ignoring exception in on_member_update
Traceback (most recent call last):
  File "/usr/local/lib/python3.12/site-packages/discord/client.py", line 465, in _run_event
    await coro(*args, **kwargs)
  File "/app/asu_discord/cogs/analytics.py", line 652, in on_member_update
    before_timeout = before.timed_out_until
                     ^^^^^^^^^^^^^^^^^^^^^^
AttributeError: 'Member' object has no attribute 'timed_out_until'
Ignoring exception in on_member_update
Traceback (most recent call last):
  File "/usr/local/lib/python3.12/site-packages/discord/client.py", line 465, in _run_event
    await coro(*args, **kwargs)
  File "/app/asu_discord/cogs/analytics.py", line 652, in on_member_update
    before_timeout = before.timed_out_until
                     ^^^^^^^^^^^^^^^^^^^^^^
AttributeError: 'Member' object has no attribute 'timed_out_until'
Ignoring exception in on_member_update
Traceback (most recent call last):
  File "/usr/local/lib/python3.12/site-packages/discord/client.py", line 465, in _run_event
    await coro(*args, **kwargs)
  File "/app/asu_discord/cogs/analytics.py", line 652, in on_member_update
    before_timeout = before.timed_out_until
                     ^^^^^^^^^^^^^^^^^^^^^^
AttributeError: 'Member' object has no attribute 'timed_out_until'
Ignoring exception in on_member_update
Traceback (most recent call last):
  File "/usr/local/lib/python3.12/site-packages/discord/client.py", line 465, in _run_event
    await coro(*args, **kwargs)
  File "/app/asu_discord/cogs/analytics.py", line 652, in on_member_update
    before_timeout = before.timed_out_until
                     ^^^^^^^^^^^^^^^^^^^^^^
AttributeError: 'Member' object has no attribute 'timed_out_until'
Ignoring exception in on_member_update
Traceback (most recent call last):
  File "/usr/local/lib/python3.12/site-packages/discord/client.py", line 465, in _run_event
    await coro(*args, **kwargs)
  File "/app/asu_discord/cogs/analytics.py", line 652, in on_member_update
    before_timeout = before.timed_out_until
                     ^^^^^^^^^^^^^^^^^^^^^^
AttributeError: 'Member' object has no attribute 'timed_out_until'
Ignoring exception in on_member_update
Traceback (most recent call last):
  File "/usr/local/lib/python3.12/site-packages/discord/client.py", line 465, in _run_event
    await coro(*args, **kwargs)
  File "/app/asu_discord/cogs/analytics.py", line 652, in on_member_update
    before_timeout = before.timed_out_until
                     ^^^^^^^^^^^^^^^^^^^^^^
AttributeError: 'Member' object has no attribute 'timed_out_until'
Ignoring exception in on_member_update
Traceback (most recent call last):
  File "/usr/local/lib/python3.12/site-packages/discord/client.py", line 465, in _run_event
    await coro(*args, **kwargs)
  File "/app/asu_discord/cogs/analytics.py", line 652, in on_member_update
    before_timeout = before.timed_out_until
                     ^^^^^^^^^^^^^^^^^^^^^^
AttributeError: 'Member' object has no attribute 'timed_out_until'
Ignoring exception in on_member_update
Traceback (most recent call last):
  File "/usr/local/lib/python3.12/site-packages/discord/client.py", line 465, in _run_event
    await coro(*args, **kwargs)
  File "/app/asu_discord/cogs/analytics.py", line 652, in on_member_update
    before_timeout = before.timed_out_until
                     ^^^^^^^^^^^^^^^^^^^^^^
AttributeError: 'Member' object has no attribute 'timed_out_until'
Ignoring exception in on_member_update
Traceback (most recent call last):
  File "/usr/local/lib/python3.12/site-packages/discord/client.py", line 465, in _run_event
    await coro(*args, **kwargs)
  File "/app/asu_discord/cogs/analytics.py", line 652, in on_member_update
    before_timeout = before.timed_out_until
                     ^^^^^^^^^^^^^^^^^^^^^^
AttributeError: 'Member' object has no attribute 'timed_out_until'
Ignoring exception in on_member_update
Traceback (most recent call last):
  File "/usr/local/lib/python3.12/site-packages/discord/client.py", line 465, in _run_event
    await coro(*args, **kwargs)
  File "/app/asu_discord/cogs/analytics.py", line 652, in on_member_update
    before_timeout = before.timed_out_until
                     ^^^^^^^^^^^^^^^^^^^^^^
AttributeError: 'Member' object has no attribute 'timed_out_until'
INFO:asu_discord.cogs.verification:Saved 5 roles to database for user dxdoming (Discord ID: 622081916719595541)
INFO:asu_discord.cogs.verification:Refreshed Salesforce roles for Discord user 622081916719595541: -5/+5 roles, assigned=[Arizona Resident, College of Liberal Arts and Sciences, First Generation Student, First Year, Tempe]
INFO:asu_discord.salesforce:No Salesforce opportunities found for avallej2
INFO:cron.jobs:refresh_salesforce_roles: skipping avallej2: no profile returned
ERROR:cron.jobs:refresh_salesforce_roles: failed for jachen1 (Discord ID 824333826766405723): Failed to refresh Salesforce-based roles: Discord user 824333826766405723 is not a member of the guild
Ignoring exception in on_member_update
Traceback (most recent call last):
  File "/usr/local/lib/python3.12/site-packages/discord/client.py", line 465, in _run_event
    await coro(*args, **kwargs)
  File "/app/asu_discord/cogs/analytics.py", line 652, in on_member_update
    before_timeout = before.timed_out_until
                     ^^^^^^^^^^^^^^^^^^^^^^
AttributeError: 'Member' object has no attribute 'timed_out_until'
Ignoring exception in on_member_update
Traceback (most recent call last):
  File "/usr/local/lib/python3.12/site-packages/discord/client.py", line 465, in _run_event
    await coro(*args, **kwargs)
  File "/app/asu_discord/cogs/analytics.py", line 652, in on_member_update
    before_timeout = before.timed_out_until
                     ^^^^^^^^^^^^^^^^^^^^^^
AttributeError: 'Member' object has no attribute 'timed_out_until'
Ignoring exception in on_member_update
Traceback (most recent call last):
  File "/usr/local/lib/python3.12/site-packages/discord/client.py", line 465, in _run_event
    await coro(*args, **kwargs)
  File "/app/asu_discord/cogs/analytics.py", line 652, in on_member_update
    before_timeout = before.timed_out_until
                     ^^^^^^^^^^^^^^^^^^^^^^
AttributeError: 'Member' object has no attribute 'timed_out_until'
Ignoring exception in on_member_update
Traceback (most recent call last):
  File "/usr/local/lib/python3.12/site-packages/discord/client.py", line 465, in _run_event
    await coro(*args, **kwargs)
  File "/app/asu_discord/cogs/analytics.py", line 652, in on_member_update
    before_timeout = before.timed_out_until
                     ^^^^^^^^^^^^^^^^^^^^^^
AttributeError: 'Member' object has no attribute 'timed_out_until'
Ignoring exception in on_member_update
Traceback (most recent call last):
  File "/usr/local/lib/python3.12/site-packages/discord/client.py", line 465, in _run_event
    await coro(*args, **kwargs)
  File "/app/asu_discord/cogs/analytics.py", line 652, in on_member_update
    before_timeout = before.timed_out_until
                     ^^^^^^^^^^^^^^^^^^^^^^
AttributeError: 'Member' object has no attribute 'timed_out_until'
Ignoring exception in on_member_update
Traceback (most recent call last):
  File "/usr/local/lib/python3.12/site-packages/discord/client.py", line 465, in _run_event
    await coro(*args, **kwargs)
  File "/app/asu_discord/cogs/analytics.py", line 652, in on_member_update
    before_timeout = before.timed_out_until
                     ^^^^^^^^^^^^^^^^^^^^^^
AttributeError: 'Member' object has no attribute 'timed_out_until'
Ignoring exception in on_member_update
Traceback (most recent call last):
  File "/usr/local/lib/python3.12/site-packages/discord/client.py", line 465, in _run_event
    await coro(*args, **kwargs)
  File "/app/asu_discord/cogs/analytics.py", line 652, in on_member_update
    before_timeout = before.timed_out_until
                     ^^^^^^^^^^^^^^^^^^^^^^
AttributeError: 'Member' object has no attribute 'timed_out_until'
Ignoring exception in on_member_update
Traceback (most recent call last):
  File "/usr/local/lib/python3.12/site-packages/discord/client.py", line 465, in _run_event
    await coro(*args, **kwargs)
  File "/app/asu_discord/cogs/analytics.py", line 652, in on_member_update
    before_timeout = before.timed_out_until
                     ^^^^^^^^^^^^^^^^^^^^^^
AttributeError: 'Member' object has no attribute 'timed_out_until'
Ignoring exception in on_member_update
Traceback (most recent call last):
  File "/usr/local/lib/python3.12/site-packages/discord/client.py", line 465, in _run_event
    await coro(*args, **kwargs)
  File "/app/asu_discord/cogs/analytics.py", line 652, in on_member_update
    before_timeout = before.timed_out_until
                     ^^^^^^^^^^^^^^^^^^^^^^
AttributeError: 'Member' object has no attribute 'timed_out_until'
Ignoring exception in on_member_update
Traceback (most recent call last):
  File "/usr/local/lib/python3.12/site-packages/discord/client.py", line 465, in _run_event
    await coro(*args, **kwargs)
  File "/app/asu_discord/cogs/analytics.py", line 652, in on_member_update
    before_timeout = before.timed_out_until
                     ^^^^^^^^^^^^^^^^^^^^^^
AttributeError: 'Member' object has no attribute 'timed_out_until'
INFO:asu_discord.cogs.verification:Saved 5 roles to database for user ansingh8 (Discord ID: 1454803656116535409)
INFO:asu_discord.cogs.verification:Refreshed Salesforce roles for Discord user 1454803656116535409: -5/+5 roles, assigned=[Commited, First Year, International Student, Ira A. Fulton Schools of Engineering, Tempe]
ERROR:cron.jobs:refresh_salesforce_roles: failed for stefanya (Discord ID 1377323722725261405): Failed to refresh Salesforce-based roles: Discord user 1377323722725261405 is not a member of the guild
Ignoring exception in on_member_update
Traceback (most recent call last):
  File "/usr/local/lib/python3.12/site-packages/discord/client.py", line 465, in _run_event
    await coro(*args, **kwargs)
  File "/app/asu_discord/cogs/analytics.py", line 652, in on_member_update
    before_timeout = before.timed_out_until
                     ^^^^^^^^^^^^^^^^^^^^^^
AttributeError: 'Member' object has no attribute 'timed_out_until'
Ignoring exception in on_member_update
Traceback (most recent call last):
  File "/usr/local/lib/python3.12/site-packages/discord/client.py", line 465, in _run_event
    await coro(*args, **kwargs)
  File "/app/asu_discord/cogs/analytics.py", line 652, in on_member_update
    before_timeout = before.timed_out_until
                     ^^^^^^^^^^^^^^^^^^^^^^
AttributeError: 'Member' object has no attribute 'timed_out_until'
Ignoring exception in on_member_update
Traceback (most recent call last):
  File "/usr/local/lib/python3.12/site-packages/discord/client.py", line 465, in _run_event
    await coro(*args, **kwargs)
  File "/app/asu_discord/cogs/analytics.py", line 652, in on_member_update
    before_timeout = before.timed_out_until
                     ^^^^^^^^^^^^^^^^^^^^^^
AttributeError: 'Member' object has no attribute 'timed_out_until'
Ignoring exception in on_member_update
Traceback (most recent call last):
  File "/usr/local/lib/python3.12/site-packages/discord/client.py", line 465, in _run_event
    await coro(*args, **kwargs)
  File "/app/asu_discord/cogs/analytics.py", line 652, in on_member_update
    before_timeout = before.timed_out_until
                     ^^^^^^^^^^^^^^^^^^^^^^
AttributeError: 'Member' object has no attribute 'timed_out_until'
Ignoring exception in on_member_update
Traceback (most recent call last):
  File "/usr/local/lib/python3.12/site-packages/discord/client.py", line 465, in _run_event
    await coro(*args, **kwargs)
  File "/app/asu_discord/cogs/analytics.py", line 652, in on_member_update
    before_timeout = before.timed_out_until
                     ^^^^^^^^^^^^^^^^^^^^^^
AttributeError: 'Member' object has no attribute 'timed_out_until'
Ignoring exception in on_member_update
Traceback (most recent call last):
  File "/usr/local/lib/python3.12/site-packages/discord/client.py", line 465, in _run_event
    await coro(*args, **kwargs)
  File "/app/asu_discord/cogs/analytics.py", line 652, in on_member_update
    before_timeout = before.timed_out_until
                     ^^^^^^^^^^^^^^^^^^^^^^
AttributeError: 'Member' object has no attribute 'timed_out_until'
Ignoring exception in on_member_update
Traceback (most recent call last):
  File "/usr/local/lib/python3.12/site-packages/discord/client.py", line 465, in _run_event
    await coro(*args, **kwargs)
  File "/app/asu_discord/cogs/analytics.py", line 652, in on_member_update
    before_timeout = before.timed_out_until
                     ^^^^^^^^^^^^^^^^^^^^^^
AttributeError: 'Member' object has no attribute 'timed_out_until'
Ignoring exception in on_member_update
Traceback (most recent call last):
  File "/usr/local/lib/python3.12/site-packages/discord/client.py", line 465, in _run_event
    await coro(*args, **kwargs)
  File "/app/asu_discord/cogs/analytics.py", line 652, in on_member_update
    before_timeout = before.timed_out_until
                     ^^^^^^^^^^^^^^^^^^^^^^
AttributeError: 'Member' object has no attribute 'timed_out_until'
Ignoring exception in on_member_update
Traceback (most recent call last):
  File "/usr/local/lib/python3.12/site-packages/discord/client.py", line 465, in _run_event
    await coro(*args, **kwargs)
  File "/app/asu_discord/cogs/analytics.py", line 652, in on_member_update
    before_timeout = before.timed_out_until
                     ^^^^^^^^^^^^^^^^^^^^^^
AttributeError: 'Member' object has no attribute 'timed_out_until'
Ignoring exception in on_member_update
Traceback (most recent call last):
  File "/usr/local/lib/python3.12/site-packages/discord/client.py", line 465, in _run_event
    await coro(*args, **kwargs)
  File "/app/asu_discord/cogs/analytics.py", line 652, in on_member_update
    before_timeout = before.timed_out_until
                     ^^^^^^^^^^^^^^^^^^^^^^
AttributeError: 'Member' object has no attribute 'timed_out_until'
ERROR:cron.jobs:refresh_salesforce_roles: failed for jhouse10 (Discord ID 766423327949717504): Timed out refresh Salesforce-based roles
Ignoring exception in on_member_update
Traceback (most recent call last):
  File "/usr/local/lib/python3.12/site-packages/discord/client.py", line 465, in _run_event
    await coro(*args, **kwargs)
  File "/app/asu_discord/cogs/analytics.py", line 652, in on_member_update
    before_timeout = before.timed_out_until
                     ^^^^^^^^^^^^^^^^^^^^^^
AttributeError: 'Member' object has no attribute 'timed_out_until'
Ignoring exception in on_member_update
Traceback (most recent call last):
  File "/usr/local/lib/python3.12/site-packages/discord/client.py", line 465, in _run_event
    await coro(*args, **kwargs)
  File "/app/asu_discord/cogs/analytics.py", line 652, in on_member_update
    before_timeout = before.timed_out_until
                     ^^^^^^^^^^^^^^^^^^^^^^
AttributeError: 'Member' object has no attribute 'timed_out_until'
Ignoring exception in on_member_update
Traceback (most recent call last):
  File "/usr/local/lib/python3.12/site-packages/discord/client.py", line 465, in _run_event
    await coro(*args, **kwargs)
  File "/app/asu_discord/cogs/analytics.py", line 652, in on_member_update
    before_timeout = before.timed_out_until
                     ^^^^^^^^^^^^^^^^^^^^^^
AttributeError: 'Member' object has no attribute 'timed_out_until'
Ignoring exception in on_member_update
Traceback (most recent call last):
  File "/usr/local/lib/python3.12/site-packages/discord/client.py", line 465, in _run_event
    await coro(*args, **kwargs)
  File "/app/asu_discord/cogs/analytics.py", line 652, in on_member_update
    before_timeout = before.timed_out_until
                     ^^^^^^^^^^^^^^^^^^^^^^
AttributeError: 'Member' object has no attribute 'timed_out_until'
Ignoring exception in on_member_update
Traceback (most recent call last):
  File "/usr/local/lib/python3.12/site-packages/discord/client.py", line 465, in _run_event
    await coro(*args, **kwargs)
  File "/app/asu_discord/cogs/analytics.py", line 652, in on_member_update
    before_timeout = before.timed_out_until
                     ^^^^^^^^^^^^^^^^^^^^^^
AttributeError: 'Member' object has no attribute 'timed_out_until'
Ignoring exception in on_member_update
Traceback (most recent call last):
  File "/usr/local/lib/python3.12/site-packages/discord/client.py", line 465, in _run_event
    await coro(*args, **kwargs)
  File "/app/asu_discord/cogs/analytics.py", line 652, in on_member_update
    before_timeout = before.timed_out_until
                     ^^^^^^^^^^^^^^^^^^^^^^
AttributeError: 'Member' object has no attribute 'timed_out_until'
Ignoring exception in on_member_update
Traceback (most recent call last):
  File "/usr/local/lib/python3.12/site-packages/discord/client.py", line 465, in _run_event
    await coro(*args, **kwargs)
  File "/app/asu_discord/cogs/analytics.py", line 652, in on_member_update
    before_timeout = before.timed_out_until
                     ^^^^^^^^^^^^^^^^^^^^^^
AttributeError: 'Member' object has no attribute 'timed_out_until'
Ignoring exception in on_member_update
Traceback (most recent call last):
  File "/usr/local/lib/python3.12/site-packages/discord/client.py", line 465, in _run_event
    await coro(*args, **kwargs)
  File "/app/asu_discord/cogs/analytics.py", line 652, in on_member_update
    before_timeout = before.timed_out_until
                     ^^^^^^^^^^^^^^^^^^^^^^
AttributeError: 'Member' object has no attribute 'timed_out_until'
Ignoring exception in on_member_update
Traceback (most recent call last):
  File "/usr/local/lib/python3.12/site-packages/discord/client.py", line 465, in _run_event
    await coro(*args, **kwargs)
  File "/app/asu_discord/cogs/analytics.py", line 652, in on_member_update
    before_timeout = before.timed_out_until
                     ^^^^^^^^^^^^^^^^^^^^^^
AttributeError: 'Member' object has no attribute 'timed_out_until'
INFO:asu_discord.cogs.verification:Saved 5 roles to database for user akinuth1 (Discord ID: 1478296541080059986)
INFO:asu_discord.cogs.verification:Refreshed Salesforce roles for Discord user 1478296541080059986: -4/+5 roles, assigned=[Commited, Graduate Student, International Student, Ira A. Fulton Schools of Engineering, Tempe]
ERROR:cron.jobs:refresh_salesforce_roles: failed for smyers50 (Discord ID 1456052544974491728): Failed to refresh Salesforce-based roles: Discord user 1456052544974491728 is not a member of the guild
Ignoring exception in on_member_update
Traceback (most recent call last):
  File "/usr/local/lib/python3.12/site-packages/discord/client.py", line 465, in _run_event
    await coro(*args, **kwargs)
  File "/app/asu_discord/cogs/analytics.py", line 652, in on_member_update
    before_timeout = before.timed_out_until
                     ^^^^^^^^^^^^^^^^^^^^^^
AttributeError: 'Member' object has no attribute 'timed_out_until'
Ignoring exception in on_member_update
Traceback (most recent call last):
  File "/usr/local/lib/python3.12/site-packages/discord/client.py", line 465, in _run_event
    await coro(*args, **kwargs)
  File "/app/asu_discord/cogs/analytics.py", line 652, in on_member_update
    before_timeout = before.timed_out_until
                     ^^^^^^^^^^^^^^^^^^^^^^
AttributeError: 'Member' object has no attribute 'timed_out_until'
Ignoring exception in on_member_update
Traceback (most recent call last):
  File "/usr/local/lib/python3.12/site-packages/discord/client.py", line 465, in _run_event
    await coro(*args, **kwargs)
  File "/app/asu_discord/cogs/analytics.py", line 652, in on_member_update
    before_timeout = before.timed_out_until
                     ^^^^^^^^^^^^^^^^^^^^^^
AttributeError: 'Member' object has no attribute 'timed_out_until'
Ignoring exception in on_member_update
Traceback (most recent call last):
  File "/usr/local/lib/python3.12/site-packages/discord/client.py", line 465, in _run_event
    await coro(*args, **kwargs)
  File "/app/asu_discord/cogs/analytics.py", line 652, in on_member_update
    before_timeout = before.timed_out_until
                     ^^^^^^^^^^^^^^^^^^^^^^
AttributeError: 'Member' object has no attribute 'timed_out_until'
Ignoring exception in on_member_update
Traceback (most recent call last):
  File "/usr/local/lib/python3.12/site-packages/discord/client.py", line 465, in _run_event
    await coro(*args, **kwargs)
  File "/app/asu_discord/cogs/analytics.py", line 652, in on_member_update
    before_timeout = before.timed_out_until
                     ^^^^^^^^^^^^^^^^^^^^^^
AttributeError: 'Member' object has no attribute 'timed_out_until'
Ignoring exception in on_member_update
Traceback (most recent call last):
  File "/usr/local/lib/python3.12/site-packages/discord/client.py", line 465, in _run_event
    await coro(*args, **kwargs)
  File "/app/asu_discord/cogs/analytics.py", line 652, in on_member_update
    before_timeout = before.timed_out_until
                     ^^^^^^^^^^^^^^^^^^^^^^
AttributeError: 'Member' object has no attribute 'timed_out_until'
Ignoring exception in on_member_update
Traceback (most recent call last):
  File "/usr/local/lib/python3.12/site-packages/discord/client.py", line 465, in _run_event
    await coro(*args, **kwargs)
  File "/app/asu_discord/cogs/analytics.py", line 652, in on_member_update
    before_timeout = before.timed_out_until
                     ^^^^^^^^^^^^^^^^^^^^^^
AttributeError: 'Member' object has no attribute 'timed_out_until'
Ignoring exception in on_member_update
Traceback (most recent call last):
  File "/usr/local/lib/python3.12/site-packages/discord/client.py", line 465, in _run_event
    await coro(*args, **kwargs)
  File "/app/asu_discord/cogs/analytics.py", line 652, in on_member_update
    before_timeout = before.timed_out_until
                     ^^^^^^^^^^^^^^^^^^^^^^
AttributeError: 'Member' object has no attribute 'timed_out_until'
Ignoring exception in on_member_update
Traceback (most recent call last):
  File "/usr/local/lib/python3.12/site-packages/discord/client.py", line 465, in _run_event
    await coro(*args, **kwargs)
  File "/app/asu_discord/cogs/analytics.py", line 652, in on_member_update
    before_timeout = before.timed_out_until
                     ^^^^^^^^^^^^^^^^^^^^^^
AttributeError: 'Member' object has no attribute 'timed_out_until'
Ignoring exception in on_member_update
Traceback (most recent call last):
  File "/usr/local/lib/python3.12/site-packages/discord/client.py", line 465, in _run_event
    await coro(*args, **kwargs)
  File "/app/asu_discord/cogs/analytics.py", line 652, in on_member_update
    before_timeout = before.timed_out_until
                     ^^^^^^^^^^^^^^^^^^^^^^
AttributeError: 'Member' object has no attribute 'timed_out_until'
INFO:asu_discord.cogs.verification:Saved 5 roles to database for user nasmit52 (Discord ID: 1109271140410597427)
INFO:asu_discord.cogs.verification:Refreshed Salesforce roles for Discord user 1109271140410597427: -4/+5 roles, assigned=[Arizona Resident, First Generation Student, First Year, Herberger Institute for Design and the Arts, Tempe]
Ignoring exception in on_member_update
Traceback (most recent call last):
  File "/usr/local/lib/python3.12/site-packages/discord/client.py", line 465, in _run_event
    await coro(*args, **kwargs)
  File "/app/asu_discord/cogs/analytics.py", line 652, in on_member_update
    before_timeout = before.timed_out_until
                     ^^^^^^^^^^^^^^^^^^^^^^
AttributeError: 'Member' object has no attribute 'timed_out_until'
Ignoring exception in on_member_update
Traceback (most recent call last):
  File "/usr/local/lib/python3.12/site-packages/discord/client.py", line 465, in _run_event
    await coro(*args, **kwargs)
  File "/app/asu_discord/cogs/analytics.py", line 652, in on_member_update
    before_timeout = before.timed_out_until
                     ^^^^^^^^^^^^^^^^^^^^^^
AttributeError: 'Member' object has no attribute 'timed_out_until'
Ignoring exception in on_member_update
Traceback (most recent call last):
  File "/usr/local/lib/python3.12/site-packages/discord/client.py", line 465, in _run_event
    await coro(*args, **kwargs)
  File "/app/asu_discord/cogs/analytics.py", line 652, in on_member_update
    before_timeout = before.timed_out_until
                     ^^^^^^^^^^^^^^^^^^^^^^
AttributeError: 'Member' object has no attribute 'timed_out_until'
Ignoring exception in on_member_update
Traceback (most recent call last):
  File "/usr/local/lib/python3.12/site-packages/discord/client.py", line 465, in _run_event
    await coro(*args, **kwargs)
  File "/app/asu_discord/cogs/analytics.py", line 652, in on_member_update
    before_timeout = before.timed_out_until
                     ^^^^^^^^^^^^^^^^^^^^^^
AttributeError: 'Member' object has no attribute 'timed_out_until'
Ignoring exception in on_member_update
Traceback (most recent call last):
  File "/usr/local/lib/python3.12/site-packages/discord/client.py", line 465, in _run_event
    await coro(*args, **kwargs)
  File "/app/asu_discord/cogs/analytics.py", line 652, in on_member_update
    before_timeout = before.timed_out_until
                     ^^^^^^^^^^^^^^^^^^^^^^
AttributeError: 'Member' object has no attribute 'timed_out_until'
Ignoring exception in on_member_update
Traceback (most recent call last):
  File "/usr/local/lib/python3.12/site-packages/discord/client.py", line 465, in _run_event
    await coro(*args, **kwargs)
  File "/app/asu_discord/cogs/analytics.py", line 652, in on_member_update
    before_timeout = before.timed_out_until
                     ^^^^^^^^^^^^^^^^^^^^^^
AttributeError: 'Member' object has no attribute 'timed_out_until'
Ignoring exception in on_member_update
Traceback (most recent call last):
  File "/usr/local/lib/python3.12/site-packages/discord/client.py", line 465, in _run_event
    await coro(*args, **kwargs)
  File "/app/asu_discord/cogs/analytics.py", line 652, in on_member_update
    before_timeout = before.timed_out_until
                     ^^^^^^^^^^^^^^^^^^^^^^
AttributeError: 'Member' object has no attribute 'timed_out_until'
Ignoring exception in on_member_update
Traceback (most recent call last):
  File "/usr/local/lib/python3.12/site-packages/discord/client.py", line 465, in _run_event
    await coro(*args, **kwargs)
  File "/app/asu_discord/cogs/analytics.py", line 652, in on_member_update
    before_timeout = before.timed_out_until
                     ^^^^^^^^^^^^^^^^^^^^^^
AttributeError: 'Member' object has no attribute 'timed_out_until'
Ignoring exception in on_member_update
Traceback (most recent call last):
  File "/usr/local/lib/python3.12/site-packages/discord/client.py", line 465, in _run_event
    await coro(*args, **kwargs)
  File "/app/asu_discord/cogs/analytics.py", line 652, in on_member_update
    before_timeout = before.timed_out_until
                     ^^^^^^^^^^^^^^^^^^^^^^
AttributeError: 'Member' object has no attribute 'timed_out_until'
Ignoring exception in on_member_update
Traceback (most recent call last):
  File "/usr/local/lib/python3.12/site-packages/discord/client.py", line 465, in _run_event
    await coro(*args, **kwargs)
  File "/app/asu_discord/cogs/analytics.py", line 652, in on_member_update
    before_timeout = before.timed_out_until
                     ^^^^^^^^^^^^^^^^^^^^^^
AttributeError: 'Member' object has no attribute 'timed_out_until'
INFO:asu_discord.cogs.verification:Saved 5 roles to database for user srios28 (Discord ID: 1102794679889703044)
INFO:asu_discord.cogs.verification:Refreshed Salesforce roles for Discord user 1102794679889703044: -5/+5 roles, assigned=[Arizona Resident, College of Health Solutions, Commited, Tempe, Transfer Student]
Ignoring exception in on_member_update
Traceback (most recent call last):
  File "/usr/local/lib/python3.12/site-packages/discord/client.py", line 465, in _run_event
    await coro(*args, **kwargs)
  File "/app/asu_discord/cogs/analytics.py", line 652, in on_member_update
    before_timeout = before.timed_out_until
                     ^^^^^^^^^^^^^^^^^^^^^^
AttributeError: 'Member' object has no attribute 'timed_out_until'
Ignoring exception in on_member_update
Traceback (most recent call last):
  File "/usr/local/lib/python3.12/site-packages/discord/client.py", line 465, in _run_event
    await coro(*args, **kwargs)
  File "/app/asu_discord/cogs/analytics.py", line 652, in on_member_update
    before_timeout = before.timed_out_until
                     ^^^^^^^^^^^^^^^^^^^^^^
AttributeError: 'Member' object has no attribute 'timed_out_until'
Ignoring exception in on_member_update
Traceback (most recent call last):
  File "/usr/local/lib/python3.12/site-packages/discord/client.py", line 465, in _run_event
    await coro(*args, **kwargs)
  File "/app/asu_discord/cogs/analytics.py", line 652, in on_member_update
    before_timeout = before.timed_out_until
                     ^^^^^^^^^^^^^^^^^^^^^^
AttributeError: 'Member' object has no attribute 'timed_out_until'
Ignoring exception in on_member_update
Traceback (most recent call last):
  File "/usr/local/lib/python3.12/site-packages/discord/client.py", line 465, in _run_event
    await coro(*args, **kwargs)
  File "/app/asu_discord/cogs/analytics.py", line 652, in on_member_update
    before_timeout = before.timed_out_until
                     ^^^^^^^^^^^^^^^^^^^^^^
AttributeError: 'Member' object has no attribute 'timed_out_until'
Ignoring exception in on_member_update
Traceback (most recent call last):
  File "/usr/local/lib/python3.12/site-packages/discord/client.py", line 465, in _run_event
    await coro(*args, **kwargs)
  File "/app/asu_discord/cogs/analytics.py", line 652, in on_member_update
    before_timeout = before.timed_out_until
                     ^^^^^^^^^^^^^^^^^^^^^^
AttributeError: 'Member' object has no attribute 'timed_out_until'
Ignoring exception in on_member_update
Traceback (most recent call last):
  File "/usr/local/lib/python3.12/site-packages/discord/client.py", line 465, in _run_event
    await coro(*args, **kwargs)
  File "/app/asu_discord/cogs/analytics.py", line 652, in on_member_update
    before_timeout = before.timed_out_until
                     ^^^^^^^^^^^^^^^^^^^^^^
AttributeError: 'Member' object has no attribute 'timed_out_until'
Ignoring exception in on_member_update
Traceback (most recent call last):
  File "/usr/local/lib/python3.12/site-packages/discord/client.py", line 465, in _run_event
    await coro(*args, **kwargs)
  File "/app/asu_discord/cogs/analytics.py", line 652, in on_member_update
    before_timeout = before.timed_out_until
                     ^^^^^^^^^^^^^^^^^^^^^^
AttributeError: 'Member' object has no attribute 'timed_out_until'
Ignoring exception in on_member_update
Traceback (most recent call last):
  File "/usr/local/lib/python3.12/site-packages/discord/client.py", line 465, in _run_event
    await coro(*args, **kwargs)
  File "/app/asu_discord/cogs/analytics.py", line 652, in on_member_update
    before_timeout = before.timed_out_until
                     ^^^^^^^^^^^^^^^^^^^^^^
AttributeError: 'Member' object has no attribute 'timed_out_until'
Ignoring exception in on_member_update
Traceback (most recent call last):
  File "/usr/local/lib/python3.12/site-packages/discord/client.py", line 465, in _run_event
    await coro(*args, **kwargs)
  File "/app/asu_discord/cogs/analytics.py", line 652, in on_member_update
    before_timeout = before.timed_out_until
                     ^^^^^^^^^^^^^^^^^^^^^^
AttributeError: 'Member' object has no attribute 'timed_out_until'
Ignoring exception in on_member_update
Traceback (most recent call last):
  File "/usr/local/lib/python3.12/site-packages/discord/client.py", line 465, in _run_event
    await coro(*args, **kwargs)
  File "/app/asu_discord/cogs/analytics.py", line 652, in on_member_update
    before_timeout = before.timed_out_until
                     ^^^^^^^^^^^^^^^^^^^^^^
AttributeError: 'Member' object has no attribute 'timed_out_until'
Ignoring exception in on_member_update
Traceback (most recent call last):
  File "/usr/local/lib/python3.12/site-packages/discord/client.py", line 465, in _run_event
    await coro(*args, **kwargs)
  File "/app/asu_discord/cogs/analytics.py", line 652, in on_member_update
    before_timeout = before.timed_out_until
                     ^^^^^^^^^^^^^^^^^^^^^^
AttributeError: 'Member' object has no attribute 'timed_out_until'
INFO:asu_discord.cogs.verification:Saved 6 roles to database for user fvillami (Discord ID: 270485839262253056)
INFO:asu_discord.cogs.verification:Refreshed Salesforce roles for Discord user 270485839262253056: -5/+6 roles, assigned=[Commited, First Generation Student, Graduate Student, International Student, Ira A. Fulton Schools of Engineering, Tempe]
Ignoring exception in on_member_update
Traceback (most recent call last):
  File "/usr/local/lib/python3.12/site-packages/discord/client.py", line 465, in _run_event
    await coro(*args, **kwargs)
  File "/app/asu_discord/cogs/analytics.py", line 652, in on_member_update
    before_timeout = before.timed_out_until
                     ^^^^^^^^^^^^^^^^^^^^^^
AttributeError: 'Member' object has no attribute 'timed_out_until'
Ignoring exception in on_member_update
Traceback (most recent call last):
  File "/usr/local/lib/python3.12/site-packages/discord/client.py", line 465, in _run_event
    await coro(*args, **kwargs)
  File "/app/asu_discord/cogs/analytics.py", line 652, in on_member_update
    before_timeout = before.timed_out_until
                     ^^^^^^^^^^^^^^^^^^^^^^
AttributeError: 'Member' object has no attribute 'timed_out_until'
Ignoring exception in on_member_update
Traceback (most recent call last):
  File "/usr/local/lib/python3.12/site-packages/discord/client.py", line 465, in _run_event
    await coro(*args, **kwargs)
  File "/app/asu_discord/cogs/analytics.py", line 652, in on_member_update
    before_timeout = before.timed_out_until
                     ^^^^^^^^^^^^^^^^^^^^^^
AttributeError: 'Member' object has no attribute 'timed_out_until'
Ignoring exception in on_member_update
Traceback (most recent call last):
  File "/usr/local/lib/python3.12/site-packages/discord/client.py", line 465, in _run_event
    await coro(*args, **kwargs)
  File "/app/asu_discord/cogs/analytics.py", line 652, in on_member_update
    before_timeout = before.timed_out_until
                     ^^^^^^^^^^^^^^^^^^^^^^
AttributeError: 'Member' object has no attribute 'timed_out_until'
Ignoring exception in on_member_update
Traceback (most recent call last):
  File "/usr/local/lib/python3.12/site-packages/discord/client.py", line 465, in _run_event
    await coro(*args, **kwargs)
  File "/app/asu_discord/cogs/analytics.py", line 652, in on_member_update
    before_timeout = before.timed_out_until
                     ^^^^^^^^^^^^^^^^^^^^^^
AttributeError: 'Member' object has no attribute 'timed_out_until'
Ignoring exception in on_member_update
Traceback (most recent call last):
  File "/usr/local/lib/python3.12/site-packages/discord/client.py", line 465, in _run_event
    await coro(*args, **kwargs)
  File "/app/asu_discord/cogs/analytics.py", line 652, in on_member_update
    before_timeout = before.timed_out_until
                     ^^^^^^^^^^^^^^^^^^^^^^
AttributeError: 'Member' object has no attribute 'timed_out_until'
Ignoring exception in on_member_update
Traceback (most recent call last):
  File "/usr/local/lib/python3.12/site-packages/discord/client.py", line 465, in _run_event
    await coro(*args, **kwargs)
  File "/app/asu_discord/cogs/analytics.py", line 652, in on_member_update
    before_timeout = before.timed_out_until
                     ^^^^^^^^^^^^^^^^^^^^^^
AttributeError: 'Member' object has no attribute 'timed_out_until'
Ignoring exception in on_member_update
Traceback (most recent call last):
  File "/usr/local/lib/python3.12/site-packages/discord/client.py", line 465, in _run_event
    await coro(*args, **kwargs)
  File "/app/asu_discord/cogs/analytics.py", line 652, in on_member_update
    before_timeout = before.timed_out_until
                     ^^^^^^^^^^^^^^^^^^^^^^
AttributeError: 'Member' object has no attribute 'timed_out_until'
Ignoring exception in on_member_update
Traceback (most recent call last):
  File "/usr/local/lib/python3.12/site-packages/discord/client.py", line 465, in _run_event
    await coro(*args, **kwargs)
  File "/app/asu_discord/cogs/analytics.py", line 652, in on_member_update
    before_timeout = before.timed_out_until
                     ^^^^^^^^^^^^^^^^^^^^^^
AttributeError: 'Member' object has no attribute 'timed_out_until'
Ignoring exception in on_member_update
Traceback (most recent call last):
  File "/usr/local/lib/python3.12/site-packages/discord/client.py", line 465, in _run_event
    await coro(*args, **kwargs)
  File "/app/asu_discord/cogs/analytics.py", line 652, in on_member_update
    before_timeout = before.timed_out_until
                     ^^^^^^^^^^^^^^^^^^^^^^
AttributeError: 'Member' object has no attribute 'timed_out_until'
Ignoring exception in on_member_update
Traceback (most recent call last):
  File "/usr/local/lib/python3.12/site-packages/discord/client.py", line 465, in _run_event
    await coro(*args, **kwargs)
  File "/app/asu_discord/cogs/analytics.py", line 652, in on_member_update
    before_timeout = before.timed_out_until
                     ^^^^^^^^^^^^^^^^^^^^^^
AttributeError: 'Member' object has no attribute 'timed_out_until'
ERROR:cron.jobs:refresh_salesforce_roles: failed for ibphelps (Discord ID 1033543313518772275): Timed out refresh Salesforce-based roles
Ignoring exception in on_member_update
Traceback (most recent call last):
  File "/usr/local/lib/python3.12/site-packages/discord/client.py", line 465, in _run_event
    await coro(*args, **kwargs)
  File "/app/asu_discord/cogs/analytics.py", line 652, in on_member_update
    before_timeout = before.timed_out_until
                     ^^^^^^^^^^^^^^^^^^^^^^
AttributeError: 'Member' object has no attribute 'timed_out_until'
Ignoring exception in on_member_update
Traceback (most recent call last):
  File "/usr/local/lib/python3.12/site-packages/discord/client.py", line 465, in _run_event
    await coro(*args, **kwargs)
  File "/app/asu_discord/cogs/analytics.py", line 652, in on_member_update
    before_timeout = before.timed_out_until
                     ^^^^^^^^^^^^^^^^^^^^^^
AttributeError: 'Member' object has no attribute 'timed_out_until'
Ignoring exception in on_member_update
Traceback (most recent call last):
  File "/usr/local/lib/python3.12/site-packages/discord/client.py", line 465, in _run_event
    await coro(*args, **kwargs)
  File "/app/asu_discord/cogs/analytics.py", line 652, in on_member_update
    before_timeout = before.timed_out_until
                     ^^^^^^^^^^^^^^^^^^^^^^
AttributeError: 'Member' object has no attribute 'timed_out_until'
Ignoring exception in on_member_update
Traceback (most recent call last):
  File "/usr/local/lib/python3.12/site-packages/discord/client.py", line 465, in _run_event
    await coro(*args, **kwargs)
  File "/app/asu_discord/cogs/analytics.py", line 652, in on_member_update
    before_timeout = before.timed_out_until
                     ^^^^^^^^^^^^^^^^^^^^^^
AttributeError: 'Member' object has no attribute 'timed_out_until'
Ignoring exception in on_member_update
Traceback (most recent call last):
  File "/usr/local/lib/python3.12/site-packages/discord/client.py", line 465, in _run_event
    await coro(*args, **kwargs)
  File "/app/asu_discord/cogs/analytics.py", line 652, in on_member_update
    before_timeout = before.timed_out_until
                     ^^^^^^^^^^^^^^^^^^^^^^
AttributeError: 'Member' object has no attribute 'timed_out_until'
Ignoring exception in on_member_update
Traceback (most recent call last):
  File "/usr/local/lib/python3.12/site-packages/discord/client.py", line 465, in _run_event
    await coro(*args, **kwargs)
  File "/app/asu_discord/cogs/analytics.py", line 652, in on_member_update
    before_timeout = before.timed_out_until
                     ^^^^^^^^^^^^^^^^^^^^^^
AttributeError: 'Member' object has no attribute 'timed_out_until'
Ignoring exception in on_member_update
Traceback (most recent call last):
  File "/usr/local/lib/python3.12/site-packages/discord/client.py", line 465, in _run_event
    await coro(*args, **kwargs)
  File "/app/asu_discord/cogs/analytics.py", line 652, in on_member_update
    before_timeout = before.timed_out_until
                     ^^^^^^^^^^^^^^^^^^^^^^
AttributeError: 'Member' object has no attribute 'timed_out_until'
Ignoring exception in on_member_update
Traceback (most recent call last):
  File "/usr/local/lib/python3.12/site-packages/discord/client.py", line 465, in _run_event
    await coro(*args, **kwargs)
  File "/app/asu_discord/cogs/analytics.py", line 652, in on_member_update
    before_timeout = before.timed_out_until
                     ^^^^^^^^^^^^^^^^^^^^^^
AttributeError: 'Member' object has no attribute 'timed_out_until'
Ignoring exception in on_member_update
Traceback (most recent call last):
  File "/usr/local/lib/python3.12/site-packages/discord/client.py", line 465, in _run_event
    await coro(*args, **kwargs)
  File "/app/asu_discord/cogs/analytics.py", line 652, in on_member_update
    before_timeout = before.timed_out_until
                     ^^^^^^^^^^^^^^^^^^^^^^
AttributeError: 'Member' object has no attribute 'timed_out_until'
Ignoring exception in on_member_update
Traceback (most recent call last):
  File "/usr/local/lib/python3.12/site-packages/discord/client.py", line 465, in _run_event
    await coro(*args, **kwargs)
  File "/app/asu_discord/cogs/analytics.py", line 652, in on_member_update
    before_timeout = before.timed_out_until
                     ^^^^^^^^^^^^^^^^^^^^^^
AttributeError: 'Member' object has no attribute 'timed_out_until'
ERROR:cron.jobs:refresh_salesforce_roles: failed for rkmoore7 (Discord ID 747029668246585384): Timed out refresh Salesforce-based roles
ERROR:cron.jobs:refresh_salesforce_roles: failed for vcuthber (Discord ID 1281773931476287600): Failed to refresh Salesforce-based roles: Discord user 1281773931476287600 is not a member of the guild
Ignoring exception in on_member_update
Traceback (most recent call last):
  File "/usr/local/lib/python3.12/site-packages/discord/client.py", line 465, in _run_event
    await coro(*args, **kwargs)
  File "/app/asu_discord/cogs/analytics.py", line 652, in on_member_update
    before_timeout = before.timed_out_until
                     ^^^^^^^^^^^^^^^^^^^^^^
AttributeError: 'Member' object has no attribute 'timed_out_until'
Ignoring exception in on_member_update
Traceback (most recent call last):
  File "/usr/local/lib/python3.12/site-packages/discord/client.py", line 465, in _run_event
    await coro(*args, **kwargs)
  File "/app/asu_discord/cogs/analytics.py", line 652, in on_member_update
    before_timeout = before.timed_out_until
                     ^^^^^^^^^^^^^^^^^^^^^^
AttributeError: 'Member' object has no attribute 'timed_out_until'
Ignoring exception in on_member_update
Traceback (most recent call last):
  File "/usr/local/lib/python3.12/site-packages/discord/client.py", line 465, in _run_event
    await coro(*args, **kwargs)
  File "/app/asu_discord/cogs/analytics.py", line 652, in on_member_update
    before_timeout = before.timed_out_until
                     ^^^^^^^^^^^^^^^^^^^^^^
AttributeError: 'Member' object has no attribute 'timed_out_until'
Ignoring exception in on_member_update
Traceback (most recent call last):
  File "/usr/local/lib/python3.12/site-packages/discord/client.py", line 465, in _run_event
    await coro(*args, **kwargs)
  File "/app/asu_discord/cogs/analytics.py", line 652, in on_member_update
    before_timeout = before.timed_out_until
                     ^^^^^^^^^^^^^^^^^^^^^^
AttributeError: 'Member' object has no attribute 'timed_out_until'
Ignoring exception in on_member_update
Traceback (most recent call last):
  File "/usr/local/lib/python3.12/site-packages/discord/client.py", line 465, in _run_event
    await coro(*args, **kwargs)
  File "/app/asu_discord/cogs/analytics.py", line 652, in on_member_update
    before_timeout = before.timed_out_until
                     ^^^^^^^^^^^^^^^^^^^^^^
AttributeError: 'Member' object has no attribute 'timed_out_until'
Ignoring exception in on_member_update
Traceback (most recent call last):
  File "/usr/local/lib/python3.12/site-packages/discord/client.py", line 465, in _run_event
    await coro(*args, **kwargs)
  File "/app/asu_discord/cogs/analytics.py", line 652, in on_member_update
    before_timeout = before.timed_out_until
                     ^^^^^^^^^^^^^^^^^^^^^^
AttributeError: 'Member' object has no attribute 'timed_out_until'
Ignoring exception in on_member_update
Traceback (most recent call last):
  File "/usr/local/lib/python3.12/site-packages/discord/client.py", line 465, in _run_event
    await coro(*args, **kwargs)
  File "/app/asu_discord/cogs/analytics.py", line 652, in on_member_update
    before_timeout = before.timed_out_until
                     ^^^^^^^^^^^^^^^^^^^^^^
AttributeError: 'Member' object has no attribute 'timed_out_until'
Ignoring exception in on_member_update
Traceback (most recent call last):
  File "/usr/local/lib/python3.12/site-packages/discord/client.py", line 465, in _run_event
    await coro(*args, **kwargs)
  File "/app/asu_discord/cogs/analytics.py", line 652, in on_member_update
    before_timeout = before.timed_out_until
                     ^^^^^^^^^^^^^^^^^^^^^^
AttributeError: 'Member' object has no attribute 'timed_out_until'
Ignoring exception in on_member_update
Traceback (most recent call last):
  File "/usr/local/lib/python3.12/site-packages/discord/client.py", line 465, in _run_event
    await coro(*args, **kwargs)
  File "/app/asu_discord/cogs/analytics.py", line 652, in on_member_update
    before_timeout = before.timed_out_until
                     ^^^^^^^^^^^^^^^^^^^^^^
AttributeError: 'Member' object has no attribute 'timed_out_until'
Ignoring exception in on_member_update
Traceback (most recent call last):
  File "/usr/local/lib/python3.12/site-packages/discord/client.py", line 465, in _run_event
    await coro(*args, **kwargs)
  File "/app/asu_discord/cogs/analytics.py", line 652, in on_member_update
    before_timeout = before.timed_out_until
                     ^^^^^^^^^^^^^^^^^^^^^^
AttributeError: 'Member' object has no attribute 'timed_out_until'
INFO:asu_discord.cogs.verification:Saved 5 roles to database for user drainge (Discord ID: 940788381410000948)
INFO:asu_discord.cogs.verification:Refreshed Salesforce roles for Discord user 940788381410000948: -5/+5 roles, assigned=[Arizona Resident, Commited, First Year, Polytechnic, W.P. Carey School of Business]
Ignoring exception in on_member_update
Traceback (most recent call last):
  File "/usr/local/lib/python3.12/site-packages/discord/client.py", line 465, in _run_event
    await coro(*args, **kwargs)
  File "/app/asu_discord/cogs/analytics.py", line 652, in on_member_update
    before_timeout = before.timed_out_until
                     ^^^^^^^^^^^^^^^^^^^^^^
AttributeError: 'Member' object has no attribute 'timed_out_until'
Ignoring exception in on_member_update
Traceback (most recent call last):
  File "/usr/local/lib/python3.12/site-packages/discord/client.py", line 465, in _run_event
    await coro(*args, **kwargs)
  File "/app/asu_discord/cogs/analytics.py", line 652, in on_member_update
    before_timeout = before.timed_out_until
                     ^^^^^^^^^^^^^^^^^^^^^^
AttributeError: 'Member' object has no attribute 'timed_out_until'
Ignoring exception in on_member_update
Traceback (most recent call last):
  File "/usr/local/lib/python3.12/site-packages/discord/client.py", line 465, in _run_event
    await coro(*args, **kwargs)
  File "/app/asu_discord/cogs/analytics.py", line 652, in on_member_update
    before_timeout = before.timed_out_until
                     ^^^^^^^^^^^^^^^^^^^^^^
AttributeError: 'Member' object has no attribute 'timed_out_until'
Ignoring exception in on_member_update
Traceback (most recent call last):
  File "/usr/local/lib/python3.12/site-packages/discord/client.py", line 465, in _run_event
    await coro(*args, **kwargs)
  File "/app/asu_discord/cogs/analytics.py", line 652, in on_member_update
    before_timeout = before.timed_out_until
                     ^^^^^^^^^^^^^^^^^^^^^^
AttributeError: 'Member' object has no attribute 'timed_out_until'
Ignoring exception in on_member_update
Traceback (most recent call last):
  File "/usr/local/lib/python3.12/site-packages/discord/client.py", line 465, in _run_event
    await coro(*args, **kwargs)
  File "/app/asu_discord/cogs/analytics.py", line 652, in on_member_update
    before_timeout = before.timed_out_until
                     ^^^^^^^^^^^^^^^^^^^^^^
AttributeError: 'Member' object has no attribute 'timed_out_until'
Ignoring exception in on_member_update
Traceback (most recent call last):
  File "/usr/local/lib/python3.12/site-packages/discord/client.py", line 465, in _run_event
    await coro(*args, **kwargs)
  File "/app/asu_discord/cogs/analytics.py", line 652, in on_member_update
    before_timeout = before.timed_out_until
                     ^^^^^^^^^^^^^^^^^^^^^^
AttributeError: 'Member' object has no attribute 'timed_out_until'
Ignoring exception in on_member_update
Traceback (most recent call last):
  File "/usr/local/lib/python3.12/site-packages/discord/client.py", line 465, in _run_event
    await coro(*args, **kwargs)
  File "/app/asu_discord/cogs/analytics.py", line 652, in on_member_update
    before_timeout = before.timed_out_until
                     ^^^^^^^^^^^^^^^^^^^^^^
AttributeError: 'Member' object has no attribute 'timed_out_until'
Ignoring exception in on_member_update
Traceback (most recent call last):
  File "/usr/local/lib/python3.12/site-packages/discord/client.py", line 465, in _run_event
    await coro(*args, **kwargs)
  File "/app/asu_discord/cogs/analytics.py", line 652, in on_member_update
    before_timeout = before.timed_out_until
                     ^^^^^^^^^^^^^^^^^^^^^^
AttributeError: 'Member' object has no attribute 'timed_out_until'
Ignoring exception in on_member_update
Traceback (most recent call last):
  File "/usr/local/lib/python3.12/site-packages/discord/client.py", line 465, in _run_event
    await coro(*args, **kwargs)
  File "/app/asu_discord/cogs/analytics.py", line 652, in on_member_update
    before_timeout = before.timed_out_until
                     ^^^^^^^^^^^^^^^^^^^^^^
AttributeError: 'Member' object has no attribute 'timed_out_until'
Ignoring exception in on_member_update
Traceback (most recent call last):
  File "/usr/local/lib/python3.12/site-packages/discord/client.py", line 465, in _run_event
    await coro(*args, **kwargs)
  File "/app/asu_discord/cogs/analytics.py", line 652, in on_member_update
    before_timeout = before.timed_out_until
                     ^^^^^^^^^^^^^^^^^^^^^^
AttributeError: 'Member' object has no attribute 'timed_out_until'
INFO:asu_discord.cogs.verification:Saved 5 roles to database for user cngarza3 (Discord ID: 1404269332795752551)
INFO:asu_discord.cogs.verification:Refreshed Salesforce roles for Discord user 1404269332795752551: -5/+5 roles, assigned=[Commited, First Year, Herberger Institute for Design and the Arts, Out of State, Tempe]
Ignoring exception in on_member_update
Traceback (most recent call last):
  File "/usr/local/lib/python3.12/site-packages/discord/client.py", line 465, in _run_event
    await coro(*args, **kwargs)
  File "/app/asu_discord/cogs/analytics.py", line 652, in on_member_update
    before_timeout = before.timed_out_until
                     ^^^^^^^^^^^^^^^^^^^^^^
AttributeError: 'Member' object has no attribute 'timed_out_until'
Ignoring exception in on_member_update
Traceback (most recent call last):
  File "/usr/local/lib/python3.12/site-packages/discord/client.py", line 465, in _run_event
    await coro(*args, **kwargs)
  File "/app/asu_discord/cogs/analytics.py", line 652, in on_member_update
    before_timeout = before.timed_out_until
                     ^^^^^^^^^^^^^^^^^^^^^^
AttributeError: 'Member' object has no attribute 'timed_out_until'
Ignoring exception in on_member_update
Traceback (most recent call last):
  File "/usr/local/lib/python3.12/site-packages/discord/client.py", line 465, in _run_event
    await coro(*args, **kwargs)
  File "/app/asu_discord/cogs/analytics.py", line 652, in on_member_update
    before_timeout = before.timed_out_until
                     ^^^^^^^^^^^^^^^^^^^^^^
AttributeError: 'Member' object has no attribute 'timed_out_until'
Ignoring exception in on_member_update
Traceback (most recent call last):
  File "/usr/local/lib/python3.12/site-packages/discord/client.py", line 465, in _run_event
    await coro(*args, **kwargs)
  File "/app/asu_discord/cogs/analytics.py", line 652, in on_member_update
    before_timeout = before.timed_out_until
                     ^^^^^^^^^^^^^^^^^^^^^^
AttributeError: 'Member' object has no attribute 'timed_out_until'
Ignoring exception in on_member_update
Traceback (most recent call last):
  File "/usr/local/lib/python3.12/site-packages/discord/client.py", line 465, in _run_event
    await coro(*args, **kwargs)
  File "/app/asu_discord/cogs/analytics.py", line 652, in on_member_update
    before_timeout = before.timed_out_until
                     ^^^^^^^^^^^^^^^^^^^^^^
AttributeError: 'Member' object has no attribute 'timed_out_until'
Ignoring exception in on_member_update
Traceback (most recent call last):
  File "/usr/local/lib/python3.12/site-packages/discord/client.py", line 465, in _run_event
    await coro(*args, **kwargs)
  File "/app/asu_discord/cogs/analytics.py", line 652, in on_member_update
    before_timeout = before.timed_out_until
                     ^^^^^^^^^^^^^^^^^^^^^^
AttributeError: 'Member' object has no attribute 'timed_out_until'
Ignoring exception in on_member_update
Traceback (most recent call last):
  File "/usr/local/lib/python3.12/site-packages/discord/client.py", line 465, in _run_event
    await coro(*args, **kwargs)
  File "/app/asu_discord/cogs/analytics.py", line 652, in on_member_update
    before_timeout = before.timed_out_until
                     ^^^^^^^^^^^^^^^^^^^^^^
AttributeError: 'Member' object has no attribute 'timed_out_until'
Ignoring exception in on_member_update
Traceback (most recent call last):
  File "/usr/local/lib/python3.12/site-packages/discord/client.py", line 465, in _run_event
    await coro(*args, **kwargs)
  File "/app/asu_discord/cogs/analytics.py", line 652, in on_member_update
    before_timeout = before.timed_out_until
                     ^^^^^^^^^^^^^^^^^^^^^^
AttributeError: 'Member' object has no attribute 'timed_out_until'
INFO:asu_discord.cogs.verification:Saved 4 roles to database for user ahern693 (Discord ID: 1479295620056485918)
INFO:asu_discord.cogs.verification:Refreshed Salesforce roles for Discord user 1479295620056485918: -4/+4 roles, assigned=[Arizona Resident, First Year, Ira A. Fulton Schools of Engineering, Tempe]
Ignoring exception in on_member_update
Traceback (most recent call last):
  File "/usr/local/lib/python3.12/site-packages/discord/client.py", line 465, in _run_event
    await coro(*args, **kwargs)
  File "/app/asu_discord/cogs/analytics.py", line 652, in on_member_update
    before_timeout = before.timed_out_until
                     ^^^^^^^^^^^^^^^^^^^^^^
AttributeError: 'Member' object has no attribute 'timed_out_until'
Ignoring exception in on_member_update
Traceback (most recent call last):
  File "/usr/local/lib/python3.12/site-packages/discord/client.py", line 465, in _run_event
    await coro(*args, **kwargs)
  File "/app/asu_discord/cogs/analytics.py", line 652, in on_member_update
    before_timeout = before.timed_out_until
                     ^^^^^^^^^^^^^^^^^^^^^^
AttributeError: 'Member' object has no attribute 'timed_out_until'
Ignoring exception in on_member_update
Traceback (most recent call last):
  File "/usr/local/lib/python3.12/site-packages/discord/client.py", line 465, in _run_event
    await coro(*args, **kwargs)
  File "/app/asu_discord/cogs/analytics.py", line 652, in on_member_update
    before_timeout = before.timed_out_until
                     ^^^^^^^^^^^^^^^^^^^^^^
AttributeError: 'Member' object has no attribute 'timed_out_until'
Ignoring exception in on_member_update
Traceback (most recent call last):
  File "/usr/local/lib/python3.12/site-packages/discord/client.py", line 465, in _run_event
    await coro(*args, **kwargs)
  File "/app/asu_discord/cogs/analytics.py", line 652, in on_member_update
    before_timeout = before.timed_out_until
                     ^^^^^^^^^^^^^^^^^^^^^^
AttributeError: 'Member' object has no attribute 'timed_out_until'
Ignoring exception in on_member_update
Traceback (most recent call last):
  File "/usr/local/lib/python3.12/site-packages/discord/client.py", line 465, in _run_event
    await coro(*args, **kwargs)
  File "/app/asu_discord/cogs/analytics.py", line 652, in on_member_update
    before_timeout = before.timed_out_until
                     ^^^^^^^^^^^^^^^^^^^^^^
AttributeError: 'Member' object has no attribute 'timed_out_until'
Ignoring exception in on_member_update
Traceback (most recent call last):
  File "/usr/local/lib/python3.12/site-packages/discord/client.py", line 465, in _run_event
    await coro(*args, **kwargs)
  File "/app/asu_discord/cogs/analytics.py", line 652, in on_member_update
    before_timeout = before.timed_out_until
                     ^^^^^^^^^^^^^^^^^^^^^^
AttributeError: 'Member' object has no attribute 'timed_out_until'
Ignoring exception in on_member_update
Traceback (most recent call last):
  File "/usr/local/lib/python3.12/site-packages/discord/client.py", line 465, in _run_event
    await coro(*args, **kwargs)
  File "/app/asu_discord/cogs/analytics.py", line 652, in on_member_update
    before_timeout = before.timed_out_until
                     ^^^^^^^^^^^^^^^^^^^^^^
AttributeError: 'Member' object has no attribute 'timed_out_until'
Ignoring exception in on_member_update
Traceback (most recent call last):
  File "/usr/local/lib/python3.12/site-packages/discord/client.py", line 465, in _run_event
    await coro(*args, **kwargs)
  File "/app/asu_discord/cogs/analytics.py", line 652, in on_member_update
    before_timeout = before.timed_out_until
                     ^^^^^^^^^^^^^^^^^^^^^^
AttributeError: 'Member' object has no attribute 'timed_out_until'
Ignoring exception in on_member_update
Traceback (most recent call last):
  File "/usr/local/lib/python3.12/site-packages/discord/client.py", line 465, in _run_event
    await coro(*args, **kwargs)
  File "/app/asu_discord/cogs/analytics.py", line 652, in on_member_update
    before_timeout = before.timed_out_until
                     ^^^^^^^^^^^^^^^^^^^^^^
AttributeError: 'Member' object has no attribute 'timed_out_until'
Ignoring exception in on_member_update
Traceback (most recent call last):
  File "/usr/local/lib/python3.12/site-packages/discord/client.py", line 465, in _run_event
    await coro(*args, **kwargs)
  File "/app/asu_discord/cogs/analytics.py", line 652, in on_member_update
    before_timeout = before.timed_out_until
                     ^^^^^^^^^^^^^^^^^^^^^^
AttributeError: 'Member' object has no attribute 'timed_out_until'
INFO:asu_discord.cogs.verification:Saved 5 roles to database for user rlabarry (Discord ID: 1032844888225620059)
INFO:asu_discord.cogs.verification:Refreshed Salesforce roles for Discord user 1032844888225620059: -5/+5 roles, assigned=[Commited, First Year, Out of State, Polytechnic, W.P. Carey School of Business]
Ignoring exception in on_member_update
Traceback (most recent call last):
  File "/usr/local/lib/python3.12/site-packages/discord/client.py", line 465, in _run_event
    await coro(*args, **kwargs)
  File "/app/asu_discord/cogs/analytics.py", line 652, in on_member_update
    before_timeout = before.timed_out_until
                     ^^^^^^^^^^^^^^^^^^^^^^
AttributeError: 'Member' object has no attribute 'timed_out_until'
Ignoring exception in on_member_update
Traceback (most recent call last):
  File "/usr/local/lib/python3.12/site-packages/discord/client.py", line 465, in _run_event
    await coro(*args, **kwargs)
  File "/app/asu_discord/cogs/analytics.py", line 652, in on_member_update
    before_timeout = before.timed_out_until
                     ^^^^^^^^^^^^^^^^^^^^^^
AttributeError: 'Member' object has no attribute 'timed_out_until'
Ignoring exception in on_member_update
Traceback (most recent call last):
  File "/usr/local/lib/python3.12/site-packages/discord/client.py", line 465, in _run_event
    await coro(*args, **kwargs)
  File "/app/asu_discord/cogs/analytics.py", line 652, in on_member_update
    before_timeout = before.timed_out_until
                     ^^^^^^^^^^^^^^^^^^^^^^
AttributeError: 'Member' object has no attribute 'timed_out_until'
Ignoring exception in on_member_update
Traceback (most recent call last):
  File "/usr/local/lib/python3.12/site-packages/discord/client.py", line 465, in _run_event
    await coro(*args, **kwargs)
  File "/app/asu_discord/cogs/analytics.py", line 652, in on_member_update
    before_timeout = before.timed_out_until
                     ^^^^^^^^^^^^^^^^^^^^^^
AttributeError: 'Member' object has no attribute 'timed_out_until'
Ignoring exception in on_member_update
Traceback (most recent call last):
  File "/usr/local/lib/python3.12/site-packages/discord/client.py", line 465, in _run_event
    await coro(*args, **kwargs)
  File "/app/asu_discord/cogs/analytics.py", line 652, in on_member_update
    before_timeout = before.timed_out_until
                     ^^^^^^^^^^^^^^^^^^^^^^
AttributeError: 'Member' object has no attribute 'timed_out_until'
Ignoring exception in on_member_update
Traceback (most recent call last):
  File "/usr/local/lib/python3.12/site-packages/discord/client.py", line 465, in _run_event
    await coro(*args, **kwargs)
  File "/app/asu_discord/cogs/analytics.py", line 652, in on_member_update
    before_timeout = before.timed_out_until
                     ^^^^^^^^^^^^^^^^^^^^^^
AttributeError: 'Member' object has no attribute 'timed_out_until'
Ignoring exception in on_member_update
Traceback (most recent call last):
  File "/usr/local/lib/python3.12/site-packages/discord/client.py", line 465, in _run_event
    await coro(*args, **kwargs)
  File "/app/asu_discord/cogs/analytics.py", line 652, in on_member_update
    before_timeout = before.timed_out_until
                     ^^^^^^^^^^^^^^^^^^^^^^
AttributeError: 'Member' object has no attribute 'timed_out_until'
Ignoring exception in on_member_update
Traceback (most recent call last):
  File "/usr/local/lib/python3.12/site-packages/discord/client.py", line 465, in _run_event
    await coro(*args, **kwargs)
  File "/app/asu_discord/cogs/analytics.py", line 652, in on_member_update
    before_timeout = before.timed_out_until
                     ^^^^^^^^^^^^^^^^^^^^^^
AttributeError: 'Member' object has no attribute 'timed_out_until'
Ignoring exception in on_member_update
Traceback (most recent call last):
  File "/usr/local/lib/python3.12/site-packages/discord/client.py", line 465, in _run_event
    await coro(*args, **kwargs)
  File "/app/asu_discord/cogs/analytics.py", line 652, in on_member_update
    before_timeout = before.timed_out_until
                     ^^^^^^^^^^^^^^^^^^^^^^
AttributeError: 'Member' object has no attribute 'timed_out_until'
Ignoring exception in on_member_update
Traceback (most recent call last):
  File "/usr/local/lib/python3.12/site-packages/discord/client.py", line 465, in _run_event
    await coro(*args, **kwargs)
  File "/app/asu_discord/cogs/analytics.py", line 652, in on_member_update
    before_timeout = before.timed_out_until
                     ^^^^^^^^^^^^^^^^^^^^^^
AttributeError: 'Member' object has no attribute 'timed_out_until'
INFO:asu_discord.cogs.verification:Saved 5 roles to database for user ctung123 (Discord ID: 784268279027990558)
INFO:asu_discord.cogs.verification:Refreshed Salesforce roles for Discord user 784268279027990558: -5/+5 roles, assigned=[Commited, First Year, International Student, Ira A. Fulton Schools of Engineering, Tempe]
Ignoring exception in on_member_update
Traceback (most recent call last):
  File "/usr/local/lib/python3.12/site-packages/discord/client.py", line 465, in _run_event
    await coro(*args, **kwargs)
  File "/app/asu_discord/cogs/analytics.py", line 652, in on_member_update
    before_timeout = before.timed_out_until
                     ^^^^^^^^^^^^^^^^^^^^^^
AttributeError: 'Member' object has no attribute 'timed_out_until'
Ignoring exception in on_member_update
Traceback (most recent call last):
  File "/usr/local/lib/python3.12/site-packages/discord/client.py", line 465, in _run_event
    await coro(*args, **kwargs)
  File "/app/asu_discord/cogs/analytics.py", line 652, in on_member_update
    before_timeout = before.timed_out_until
                     ^^^^^^^^^^^^^^^^^^^^^^
AttributeError: 'Member' object has no attribute 'timed_out_until'
Ignoring exception in on_member_update
Traceback (most recent call last):
  File "/usr/local/lib/python3.12/site-packages/discord/client.py", line 465, in _run_event
    await coro(*args, **kwargs)
  File "/app/asu_discord/cogs/analytics.py", line 652, in on_member_update
    before_timeout = before.timed_out_until
                     ^^^^^^^^^^^^^^^^^^^^^^
AttributeError: 'Member' object has no attribute 'timed_out_until'
Ignoring exception in on_member_update
Traceback (most recent call last):
  File "/usr/local/lib/python3.12/site-packages/discord/client.py", line 465, in _run_event
    await coro(*args, **kwargs)
  File "/app/asu_discord/cogs/analytics.py", line 652, in on_member_update
    before_timeout = before.timed_out_until
                     ^^^^^^^^^^^^^^^^^^^^^^
AttributeError: 'Member' object has no attribute 'timed_out_until'
Ignoring exception in on_member_update
Traceback (most recent call last):
  File "/usr/local/lib/python3.12/site-packages/discord/client.py", line 465, in _run_event
    await coro(*args, **kwargs)
  File "/app/asu_discord/cogs/analytics.py", line 652, in on_member_update
    before_timeout = before.timed_out_until
                     ^^^^^^^^^^^^^^^^^^^^^^
AttributeError: 'Member' object has no attribute 'timed_out_until'
Ignoring exception in on_member_update
Traceback (most recent call last):
  File "/usr/local/lib/python3.12/site-packages/discord/client.py", line 465, in _run_event
    await coro(*args, **kwargs)
  File "/app/asu_discord/cogs/analytics.py", line 652, in on_member_update
    before_timeout = before.timed_out_until
                     ^^^^^^^^^^^^^^^^^^^^^^
AttributeError: 'Member' object has no attribute 'timed_out_until'
Ignoring exception in on_member_update
Traceback (most recent call last):
  File "/usr/local/lib/python3.12/site-packages/discord/client.py", line 465, in _run_event
    await coro(*args, **kwargs)
  File "/app/asu_discord/cogs/analytics.py", line 652, in on_member_update
    before_timeout = before.timed_out_until
                     ^^^^^^^^^^^^^^^^^^^^^^
AttributeError: 'Member' object has no attribute 'timed_out_until'
Ignoring exception in on_member_update
Traceback (most recent call last):
  File "/usr/local/lib/python3.12/site-packages/discord/client.py", line 465, in _run_event
    await coro(*args, **kwargs)
  File "/app/asu_discord/cogs/analytics.py", line 652, in on_member_update
    before_timeout = before.timed_out_until
                     ^^^^^^^^^^^^^^^^^^^^^^
AttributeError: 'Member' object has no attribute 'timed_out_until'
Ignoring exception in on_member_update
Traceback (most recent call last):
  File "/usr/local/lib/python3.12/site-packages/discord/client.py", line 465, in _run_event
    await coro(*args, **kwargs)
  File "/app/asu_discord/cogs/analytics.py", line 652, in on_member_update
    before_timeout = before.timed_out_until
                     ^^^^^^^^^^^^^^^^^^^^^^
AttributeError: 'Member' object has no attribute 'timed_out_until'
Ignoring exception in on_member_update
Traceback (most recent call last):
  File "/usr/local/lib/python3.12/site-packages/discord/client.py", line 465, in _run_event
    await coro(*args, **kwargs)
  File "/app/asu_discord/cogs/analytics.py", line 652, in on_member_update
    before_timeout = before.timed_out_until
                     ^^^^^^^^^^^^^^^^^^^^^^
AttributeError: 'Member' object has no attribute 'timed_out_until'
Ignoring exception in on_member_update
Traceback (most recent call last):
  File "/usr/local/lib/python3.12/site-packages/discord/client.py", line 465, in _run_event
    await coro(*args, **kwargs)
  File "/app/asu_discord/cogs/analytics.py", line 652, in on_member_update
    before_timeout = before.timed_out_until
                     ^^^^^^^^^^^^^^^^^^^^^^
AttributeError: 'Member' object has no attribute 'timed_out_until'
INFO:asu_discord.cogs.verification:Saved 6 roles to database for user itbarrio (Discord ID: 1200340651187900478)
INFO:asu_discord.cogs.verification:Refreshed Salesforce roles for Discord user 1200340651187900478: -6/+5 roles, assigned=[Commited, First Generation Student, First Year, Out of State, Tempe, W.P. Carey School of Business]
Ignoring exception in on_member_update
Traceback (most recent call last):
  File "/usr/local/lib/python3.12/site-packages/discord/client.py", line 465, in _run_event
    await coro(*args, **kwargs)
  File "/app/asu_discord/cogs/analytics.py", line 652, in on_member_update
    before_timeout = before.timed_out_until
                     ^^^^^^^^^^^^^^^^^^^^^^
AttributeError: 'Member' object has no attribute 'timed_out_until'
Ignoring exception in on_member_update
Traceback (most recent call last):
  File "/usr/local/lib/python3.12/site-packages/discord/client.py", line 465, in _run_event
    await coro(*args, **kwargs)
  File "/app/asu_discord/cogs/analytics.py", line 652, in on_member_update
    before_timeout = before.timed_out_until
                     ^^^^^^^^^^^^^^^^^^^^^^
AttributeError: 'Member' object has no attribute 'timed_out_until'
Ignoring exception in on_member_update
Traceback (most recent call last):
  File "/usr/local/lib/python3.12/site-packages/discord/client.py", line 465, in _run_event
    await coro(*args, **kwargs)
  File "/app/asu_discord/cogs/analytics.py", line 652, in on_member_update
    before_timeout = before.timed_out_until
                     ^^^^^^^^^^^^^^^^^^^^^^
AttributeError: 'Member' object has no attribute 'timed_out_until'
Ignoring exception in on_member_update
Traceback (most recent call last):
  File "/usr/local/lib/python3.12/site-packages/discord/client.py", line 465, in _run_event
    await coro(*args, **kwargs)
  File "/app/asu_discord/cogs/analytics.py", line 652, in on_member_update
    before_timeout = before.timed_out_until
                     ^^^^^^^^^^^^^^^^^^^^^^
AttributeError: 'Member' object has no attribute 'timed_out_until'
Ignoring exception in on_member_update
Traceback (most recent call last):
  File "/usr/local/lib/python3.12/site-packages/discord/client.py", line 465, in _run_event
    await coro(*args, **kwargs)
  File "/app/asu_discord/cogs/analytics.py", line 652, in on_member_update
    before_timeout = before.timed_out_until
                     ^^^^^^^^^^^^^^^^^^^^^^
AttributeError: 'Member' object has no attribute 'timed_out_until'
Ignoring exception in on_member_update
Traceback (most recent call last):
  File "/usr/local/lib/python3.12/site-packages/discord/client.py", line 465, in _run_event
    await coro(*args, **kwargs)
  File "/app/asu_discord/cogs/analytics.py", line 652, in on_member_update
    before_timeout = before.timed_out_until
                     ^^^^^^^^^^^^^^^^^^^^^^
AttributeError: 'Member' object has no attribute 'timed_out_until'
Ignoring exception in on_member_update
Traceback (most recent call last):
  File "/usr/local/lib/python3.12/site-packages/discord/client.py", line 465, in _run_event
    await coro(*args, **kwargs)
  File "/app/asu_discord/cogs/analytics.py", line 652, in on_member_update
    before_timeout = before.timed_out_until
                     ^^^^^^^^^^^^^^^^^^^^^^
AttributeError: 'Member' object has no attribute 'timed_out_until'
Ignoring exception in on_member_update
Traceback (most recent call last):
  File "/usr/local/lib/python3.12/site-packages/discord/client.py", line 465, in _run_event
    await coro(*args, **kwargs)
  File "/app/asu_discord/cogs/analytics.py", line 652, in on_member_update
    before_timeout = before.timed_out_until
                     ^^^^^^^^^^^^^^^^^^^^^^
AttributeError: 'Member' object has no attribute 'timed_out_until'
Ignoring exception in on_member_update
Traceback (most recent call last):
  File "/usr/local/lib/python3.12/site-packages/discord/client.py", line 465, in _run_event
    await coro(*args, **kwargs)
  File "/app/asu_discord/cogs/analytics.py", line 652, in on_member_update
    before_timeout = before.timed_out_until
                     ^^^^^^^^^^^^^^^^^^^^^^
AttributeError: 'Member' object has no attribute 'timed_out_until'
Ignoring exception in on_member_update
Traceback (most recent call last):
  File "/usr/local/lib/python3.12/site-packages/discord/client.py", line 465, in _run_event
    await coro(*args, **kwargs)
  File "/app/asu_discord/cogs/analytics.py", line 652, in on_member_update
    before_timeout = before.timed_out_until
                     ^^^^^^^^^^^^^^^^^^^^^^
AttributeError: 'Member' object has no attribute 'timed_out_until'
INFO:asu_discord.cogs.verification:Saved 5 roles to database for user sryakam1 (Discord ID: 1375425122613198848)
INFO:asu_discord.cogs.verification:Refreshed Salesforce roles for Discord user 1375425122613198848: -5/+5 roles, assigned=[Commited, Graduate Student, International Student, Ira A. Fulton Schools of Engineering, Polytechnic]
Ignoring exception in on_member_update
Traceback (most recent call last):
  File "/usr/local/lib/python3.12/site-packages/discord/client.py", line 465, in _run_event
    await coro(*args, **kwargs)
  File "/app/asu_discord/cogs/analytics.py", line 652, in on_member_update
    before_timeout = before.timed_out_until
                     ^^^^^^^^^^^^^^^^^^^^^^
AttributeError: 'Member' object has no attribute 'timed_out_until'
Ignoring exception in on_member_update
Traceback (most recent call last):
  File "/usr/local/lib/python3.12/site-packages/discord/client.py", line 465, in _run_event
    await coro(*args, **kwargs)
  File "/app/asu_discord/cogs/analytics.py", line 652, in on_member_update
    before_timeout = before.timed_out_until
                     ^^^^^^^^^^^^^^^^^^^^^^
AttributeError: 'Member' object has no attribute 'timed_out_until'
Ignoring exception in on_member_update
Traceback (most recent call last):
  File "/usr/local/lib/python3.12/site-packages/discord/client.py", line 465, in _run_event
    await coro(*args, **kwargs)
  File "/app/asu_discord/cogs/analytics.py", line 652, in on_member_update
    before_timeout = before.timed_out_until
                     ^^^^^^^^^^^^^^^^^^^^^^
AttributeError: 'Member' object has no attribute 'timed_out_until'
Ignoring exception in on_member_update
Traceback (most recent call last):
  File "/usr/local/lib/python3.12/site-packages/discord/client.py", line 465, in _run_event
    await coro(*args, **kwargs)
  File "/app/asu_discord/cogs/analytics.py", line 652, in on_member_update
    before_timeout = before.timed_out_until
                     ^^^^^^^^^^^^^^^^^^^^^^
AttributeError: 'Member' object has no attribute 'timed_out_until'
Ignoring exception in on_member_update
Traceback (most recent call last):
  File "/usr/local/lib/python3.12/site-packages/discord/client.py", line 465, in _run_event
    await coro(*args, **kwargs)
  File "/app/asu_discord/cogs/analytics.py", line 652, in on_member_update
    before_timeout = before.timed_out_until
                     ^^^^^^^^^^^^^^^^^^^^^^
AttributeError: 'Member' object has no attribute 'timed_out_until'
Ignoring exception in on_member_update
Traceback (most recent call last):
  File "/usr/local/lib/python3.12/site-packages/discord/client.py", line 465, in _run_event
    await coro(*args, **kwargs)
  File "/app/asu_discord/cogs/analytics.py", line 652, in on_member_update
    before_timeout = before.timed_out_until
                     ^^^^^^^^^^^^^^^^^^^^^^
AttributeError: 'Member' object has no attribute 'timed_out_until'
Ignoring exception in on_member_update
Traceback (most recent call last):
  File "/usr/local/lib/python3.12/site-packages/discord/client.py", line 465, in _run_event
    await coro(*args, **kwargs)
  File "/app/asu_discord/cogs/analytics.py", line 652, in on_member_update
    before_timeout = before.timed_out_until
                     ^^^^^^^^^^^^^^^^^^^^^^
AttributeError: 'Member' object has no attribute 'timed_out_until'
Ignoring exception in on_member_update
Traceback (most recent call last):
  File "/usr/local/lib/python3.12/site-packages/discord/client.py", line 465, in _run_event
    await coro(*args, **kwargs)
  File "/app/asu_discord/cogs/analytics.py", line 652, in on_member_update
    before_timeout = before.timed_out_until
                     ^^^^^^^^^^^^^^^^^^^^^^
AttributeError: 'Member' object has no attribute 'timed_out_until'
Ignoring exception in on_member_update
Traceback (most recent call last):
  File "/usr/local/lib/python3.12/site-packages/discord/client.py", line 465, in _run_event
    await coro(*args, **kwargs)
  File "/app/asu_discord/cogs/analytics.py", line 652, in on_member_update
    before_timeout = before.timed_out_until
                     ^^^^^^^^^^^^^^^^^^^^^^
AttributeError: 'Member' object has no attribute 'timed_out_until'
Ignoring exception in on_member_update
Traceback (most recent call last):
  File "/usr/local/lib/python3.12/site-packages/discord/client.py", line 465, in _run_event
    await coro(*args, **kwargs)
  File "/app/asu_discord/cogs/analytics.py", line 652, in on_member_update
    before_timeout = before.timed_out_until
                     ^^^^^^^^^^^^^^^^^^^^^^
AttributeError: 'Member' object has no attribute 'timed_out_until'
INFO:asu_discord.cogs.verification:Saved 5 roles to database for user bmdurha1 (Discord ID: 1453947863150231606)
INFO:asu_discord.cogs.verification:Refreshed Salesforce roles for Discord user 1453947863150231606: -5/+5 roles, assigned=[College of Liberal Arts and Sciences, Commited, First Year, Out of State, Tempe]
Ignoring exception in on_member_update
Traceback (most recent call last):
  File "/usr/local/lib/python3.12/site-packages/discord/client.py", line 465, in _run_event
    await coro(*args, **kwargs)
  File "/app/asu_discord/cogs/analytics.py", line 652, in on_member_update
    before_timeout = before.timed_out_until
                     ^^^^^^^^^^^^^^^^^^^^^^
AttributeError: 'Member' object has no attribute 'timed_out_until'
Ignoring exception in on_member_update
Traceback (most recent call last):
  File "/usr/local/lib/python3.12/site-packages/discord/client.py", line 465, in _run_event
    await coro(*args, **kwargs)
  File "/app/asu_discord/cogs/analytics.py", line 652, in on_member_update
    before_timeout = before.timed_out_until
                     ^^^^^^^^^^^^^^^^^^^^^^
AttributeError: 'Member' object has no attribute 'timed_out_until'
Ignoring exception in on_member_update
Traceback (most recent call last):
  File "/usr/local/lib/python3.12/site-packages/discord/client.py", line 465, in _run_event
    await coro(*args, **kwargs)
  File "/app/asu_discord/cogs/analytics.py", line 652, in on_member_update
    before_timeout = before.timed_out_until
                     ^^^^^^^^^^^^^^^^^^^^^^
AttributeError: 'Member' object has no attribute 'timed_out_until'
Ignoring exception in on_member_update
Traceback (most recent call last):
  File "/usr/local/lib/python3.12/site-packages/discord/client.py", line 465, in _run_event
    await coro(*args, **kwargs)
  File "/app/asu_discord/cogs/analytics.py", line 652, in on_member_update
    before_timeout = before.timed_out_until
                     ^^^^^^^^^^^^^^^^^^^^^^
AttributeError: 'Member' object has no attribute 'timed_out_until'
Ignoring exception in on_member_update
Traceback (most recent call last):
  File "/usr/local/lib/python3.12/site-packages/discord/client.py", line 465, in _run_event
    await coro(*args, **kwargs)
  File "/app/asu_discord/cogs/analytics.py", line 652, in on_member_update
    before_timeout = before.timed_out_until
                     ^^^^^^^^^^^^^^^^^^^^^^
AttributeError: 'Member' object has no attribute 'timed_out_until'
Ignoring exception in on_member_update
Traceback (most recent call last):
  File "/usr/local/lib/python3.12/site-packages/discord/client.py", line 465, in _run_event
    await coro(*args, **kwargs)
  File "/app/asu_discord/cogs/analytics.py", line 652, in on_member_update
    before_timeout = before.timed_out_until
                     ^^^^^^^^^^^^^^^^^^^^^^
AttributeError: 'Member' object has no attribute 'timed_out_until'
Ignoring exception in on_member_update
Traceback (most recent call last):
  File "/usr/local/lib/python3.12/site-packages/discord/client.py", line 465, in _run_event
    await coro(*args, **kwargs)
  File "/app/asu_discord/cogs/analytics.py", line 652, in on_member_update
    before_timeout = before.timed_out_until
                     ^^^^^^^^^^^^^^^^^^^^^^
AttributeError: 'Member' object has no attribute 'timed_out_until'
Ignoring exception in on_member_update
Traceback (most recent call last):
  File "/usr/local/lib/python3.12/site-packages/discord/client.py", line 465, in _run_event
    await coro(*args, **kwargs)
  File "/app/asu_discord/cogs/analytics.py", line 652, in on_member_update
    before_timeout = before.timed_out_until
                     ^^^^^^^^^^^^^^^^^^^^^^
AttributeError: 'Member' object has no attribute 'timed_out_until'
Ignoring exception in on_member_update
Traceback (most recent call last):
  File "/usr/local/lib/python3.12/site-packages/discord/client.py", line 465, in _run_event
    await coro(*args, **kwargs)
  File "/app/asu_discord/cogs/analytics.py", line 652, in on_member_update
    before_timeout = before.timed_out_until
                     ^^^^^^^^^^^^^^^^^^^^^^
AttributeError: 'Member' object has no attribute 'timed_out_until'
Ignoring exception in on_member_update
Traceback (most recent call last):
  File "/usr/local/lib/python3.12/site-packages/discord/client.py", line 465, in _run_event
    await coro(*args, **kwargs)
  File "/app/asu_discord/cogs/analytics.py", line 652, in on_member_update
    before_timeout = before.timed_out_until
                     ^^^^^^^^^^^^^^^^^^^^^^
AttributeError: 'Member' object has no attribute 'timed_out_until'
Ignoring exception in on_member_update
Traceback (most recent call last):
  File "/usr/local/lib/python3.12/site-packages/discord/client.py", line 465, in _run_event
    await coro(*args, **kwargs)
  File "/app/asu_discord/cogs/analytics.py", line 652, in on_member_update
    before_timeout = before.timed_out_until
                     ^^^^^^^^^^^^^^^^^^^^^^
AttributeError: 'Member' object has no attribute 'timed_out_until'
INFO:asu_discord.cogs.verification:Saved 6 roles to database for user ajfajar3 (Discord ID: 767925497723486258)
INFO:asu_discord.cogs.verification:Refreshed Salesforce roles for Discord user 767925497723486258: -5/+6 roles, assigned=[Arizona Resident, Commited, Downtown Phoenix, Edson College of Nursing and Health Innovation, First Year, Upperclassmen]
Ignoring exception in on_member_update
Traceback (most recent call last):
  File "/usr/local/lib/python3.12/site-packages/discord/client.py", line 465, in _run_event
    await coro(*args, **kwargs)
  File "/app/asu_discord/cogs/analytics.py", line 652, in on_member_update
    before_timeout = before.timed_out_until
                     ^^^^^^^^^^^^^^^^^^^^^^
AttributeError: 'Member' object has no attribute 'timed_out_until'
Ignoring exception in on_member_update
Traceback (most recent call last):
  File "/usr/local/lib/python3.12/site-packages/discord/client.py", line 465, in _run_event
    await coro(*args, **kwargs)
  File "/app/asu_discord/cogs/analytics.py", line 652, in on_member_update
    before_timeout = before.timed_out_until
                     ^^^^^^^^^^^^^^^^^^^^^^
AttributeError: 'Member' object has no attribute 'timed_out_until'
Ignoring exception in on_member_update
Traceback (most recent call last):
  File "/usr/local/lib/python3.12/site-packages/discord/client.py", line 465, in _run_event
    await coro(*args, **kwargs)
  File "/app/asu_discord/cogs/analytics.py", line 652, in on_member_update
    before_timeout = before.timed_out_until
                     ^^^^^^^^^^^^^^^^^^^^^^
AttributeError: 'Member' object has no attribute 'timed_out_until'
Ignoring exception in on_member_update
Traceback (most recent call last):
  File "/usr/local/lib/python3.12/site-packages/discord/client.py", line 465, in _run_event
    await coro(*args, **kwargs)
  File "/app/asu_discord/cogs/analytics.py", line 652, in on_member_update
    before_timeout = before.timed_out_until
                     ^^^^^^^^^^^^^^^^^^^^^^
AttributeError: 'Member' object has no attribute 'timed_out_until'
Ignoring exception in on_member_update
Traceback (most recent call last):
  File "/usr/local/lib/python3.12/site-packages/discord/client.py", line 465, in _run_event
    await coro(*args, **kwargs)
  File "/app/asu_discord/cogs/analytics.py", line 652, in on_member_update
    before_timeout = before.timed_out_until
                     ^^^^^^^^^^^^^^^^^^^^^^
AttributeError: 'Member' object has no attribute 'timed_out_until'
Ignoring exception in on_member_update
Traceback (most recent call last):
  File "/usr/local/lib/python3.12/site-packages/discord/client.py", line 465, in _run_event
    await coro(*args, **kwargs)
  File "/app/asu_discord/cogs/analytics.py", line 652, in on_member_update
    before_timeout = before.timed_out_until
                     ^^^^^^^^^^^^^^^^^^^^^^
AttributeError: 'Member' object has no attribute 'timed_out_until'
Ignoring exception in on_member_update
Traceback (most recent call last):
  File "/usr/local/lib/python3.12/site-packages/discord/client.py", line 465, in _run_event
    await coro(*args, **kwargs)
  File "/app/asu_discord/cogs/analytics.py", line 652, in on_member_update
    before_timeout = before.timed_out_until
                     ^^^^^^^^^^^^^^^^^^^^^^
AttributeError: 'Member' object has no attribute 'timed_out_until'
Ignoring exception in on_member_update
Traceback (most recent call last):
  File "/usr/local/lib/python3.12/site-packages/discord/client.py", line 465, in _run_event
    await coro(*args, **kwargs)
  File "/app/asu_discord/cogs/analytics.py", line 652, in on_member_update
    before_timeout = before.timed_out_until
                     ^^^^^^^^^^^^^^^^^^^^^^
AttributeError: 'Member' object has no attribute 'timed_out_until'
Ignoring exception in on_member_update
Traceback (most recent call last):
  File "/usr/local/lib/python3.12/site-packages/discord/client.py", line 465, in _run_event
    await coro(*args, **kwargs)
  File "/app/asu_discord/cogs/analytics.py", line 652, in on_member_update
    before_timeout = before.timed_out_until
                     ^^^^^^^^^^^^^^^^^^^^^^
AttributeError: 'Member' object has no attribute 'timed_out_until'
Ignoring exception in on_member_update
Traceback (most recent call last):
  File "/usr/local/lib/python3.12/site-packages/discord/client.py", line 465, in _run_event
    await coro(*args, **kwargs)
  File "/app/asu_discord/cogs/analytics.py", line 652, in on_member_update
    before_timeout = before.timed_out_until
                     ^^^^^^^^^^^^^^^^^^^^^^
AttributeError: 'Member' object has no attribute 'timed_out_until'
INFO:asu_discord.cogs.verification:Saved 5 roles to database for user khuengo (Discord ID: 693615942076334170)
INFO:asu_discord.cogs.verification:Refreshed Salesforce roles for Discord user 693615942076334170: -5/+5 roles, assigned=[Arizona Resident, College of Liberal Arts and Sciences, Commited, First Year, Tempe]
INFO:asu_discord.salesforce:No Salesforce contact found for cnfajard
INFO:cron.jobs:refresh_salesforce_roles: skipping cnfajard: no profile returned
Ignoring exception in on_member_update
Traceback (most recent call last):
  File "/usr/local/lib/python3.12/site-packages/discord/client.py", line 465, in _run_event
    await coro(*args, **kwargs)
  File "/app/asu_discord/cogs/analytics.py", line 652, in on_member_update
    before_timeout = before.timed_out_until
                     ^^^^^^^^^^^^^^^^^^^^^^
AttributeError: 'Member' object has no attribute 'timed_out_until'
Ignoring exception in on_member_update
Traceback (most recent call last):
  File "/usr/local/lib/python3.12/site-packages/discord/client.py", line 465, in _run_event
    await coro(*args, **kwargs)
  File "/app/asu_discord/cogs/analytics.py", line 652, in on_member_update
    before_timeout = before.timed_out_until
                     ^^^^^^^^^^^^^^^^^^^^^^
AttributeError: 'Member' object has no attribute 'timed_out_until'
Ignoring exception in on_member_update
Traceback (most recent call last):
  File "/usr/local/lib/python3.12/site-packages/discord/client.py", line 465, in _run_event
    await coro(*args, **kwargs)
  File "/app/asu_discord/cogs/analytics.py", line 652, in on_member_update
    before_timeout = before.timed_out_until
                     ^^^^^^^^^^^^^^^^^^^^^^
AttributeError: 'Member' object has no attribute 'timed_out_until'
Ignoring exception in on_member_update
Traceback (most recent call last):
  File "/usr/local/lib/python3.12/site-packages/discord/client.py", line 465, in _run_event
    await coro(*args, **kwargs)
  File "/app/asu_discord/cogs/analytics.py", line 652, in on_member_update
    before_timeout = before.timed_out_until
                     ^^^^^^^^^^^^^^^^^^^^^^
AttributeError: 'Member' object has no attribute 'timed_out_until'
Ignoring exception in on_member_update
Traceback (most recent call last):
  File "/usr/local/lib/python3.12/site-packages/discord/client.py", line 465, in _run_event
    await coro(*args, **kwargs)
  File "/app/asu_discord/cogs/analytics.py", line 652, in on_member_update
    before_timeout = before.timed_out_until
                     ^^^^^^^^^^^^^^^^^^^^^^
AttributeError: 'Member' object has no attribute 'timed_out_until'
Ignoring exception in on_member_update
Traceback (most recent call last):
  File "/usr/local/lib/python3.12/site-packages/discord/client.py", line 465, in _run_event
    await coro(*args, **kwargs)
  File "/app/asu_discord/cogs/analytics.py", line 652, in on_member_update
    before_timeout = before.timed_out_until
                     ^^^^^^^^^^^^^^^^^^^^^^
AttributeError: 'Member' object has no attribute 'timed_out_until'
Ignoring exception in on_member_update
Traceback (most recent call last):
  File "/usr/local/lib/python3.12/site-packages/discord/client.py", line 465, in _run_event
    await coro(*args, **kwargs)
  File "/app/asu_discord/cogs/analytics.py", line 652, in on_member_update
    before_timeout = before.timed_out_until
                     ^^^^^^^^^^^^^^^^^^^^^^
AttributeError: 'Member' object has no attribute 'timed_out_until'
Ignoring exception in on_member_update
Traceback (most recent call last):
  File "/usr/local/lib/python3.12/site-packages/discord/client.py", line 465, in _run_event
    await coro(*args, **kwargs)
  File "/app/asu_discord/cogs/analytics.py", line 652, in on_member_update
    before_timeout = before.timed_out_until
                     ^^^^^^^^^^^^^^^^^^^^^^
AttributeError: 'Member' object has no attribute 'timed_out_until'
Ignoring exception in on_member_update
Traceback (most recent call last):
  File "/usr/local/lib/python3.12/site-packages/discord/client.py", line 465, in _run_event
    await coro(*args, **kwargs)
  File "/app/asu_discord/cogs/analytics.py", line 652, in on_member_update
    before_timeout = before.timed_out_until
                     ^^^^^^^^^^^^^^^^^^^^^^
AttributeError: 'Member' object has no attribute 'timed_out_until'
Ignoring exception in on_member_update
Traceback (most recent call last):
  File "/usr/local/lib/python3.12/site-packages/discord/client.py", line 465, in _run_event
    await coro(*args, **kwargs)
  File "/app/asu_discord/cogs/analytics.py", line 652, in on_member_update
    before_timeout = before.timed_out_until
                     ^^^^^^^^^^^^^^^^^^^^^^
AttributeError: 'Member' object has no attribute 'timed_out_until'
INFO:asu_discord.cogs.verification:Saved 5 roles to database for user dsasiku6 (Discord ID: 1484418151688175707)
INFO:asu_discord.cogs.verification:Refreshed Salesforce roles for Discord user 1484418151688175707: -5/+5 roles, assigned=[Commited, Graduate Student, International Student, Ira A. Fulton Schools of Engineering, Tempe]
ERROR:cron.jobs:refresh_salesforce_roles: failed for laeastm2 (Discord ID 216280814172897280): Failed to refresh Salesforce-based roles: Discord user 216280814172897280 is not a member of the guild
Ignoring exception in on_member_update
Traceback (most recent call last):
  File "/usr/local/lib/python3.12/site-packages/discord/client.py", line 465, in _run_event
    await coro(*args, **kwargs)
  File "/app/asu_discord/cogs/analytics.py", line 652, in on_member_update
    before_timeout = before.timed_out_until
                     ^^^^^^^^^^^^^^^^^^^^^^
AttributeError: 'Member' object has no attribute 'timed_out_until'
Ignoring exception in on_member_update
Traceback (most recent call last):
  File "/usr/local/lib/python3.12/site-packages/discord/client.py", line 465, in _run_event
    await coro(*args, **kwargs)
  File "/app/asu_discord/cogs/analytics.py", line 652, in on_member_update
    before_timeout = before.timed_out_until
                     ^^^^^^^^^^^^^^^^^^^^^^
AttributeError: 'Member' object has no attribute 'timed_out_until'
Ignoring exception in on_member_update
Traceback (most recent call last):
  File "/usr/local/lib/python3.12/site-packages/discord/client.py", line 465, in _run_event
    await coro(*args, **kwargs)
  File "/app/asu_discord/cogs/analytics.py", line 652, in on_member_update
    before_timeout = before.timed_out_until
                     ^^^^^^^^^^^^^^^^^^^^^^
AttributeError: 'Member' object has no attribute 'timed_out_until'
Ignoring exception in on_member_update
Traceback (most recent call last):
  File "/usr/local/lib/python3.12/site-packages/discord/client.py", line 465, in _run_event
    await coro(*args, **kwargs)
  File "/app/asu_discord/cogs/analytics.py", line 652, in on_member_update
    before_timeout = before.timed_out_until
                     ^^^^^^^^^^^^^^^^^^^^^^
AttributeError: 'Member' object has no attribute 'timed_out_until'
Ignoring exception in on_member_update
Traceback (most recent call last):
  File "/usr/local/lib/python3.12/site-packages/discord/client.py", line 465, in _run_event
    await coro(*args, **kwargs)
  File "/app/asu_discord/cogs/analytics.py", line 652, in on_member_update
    before_timeout = before.timed_out_until
                     ^^^^^^^^^^^^^^^^^^^^^^
AttributeError: 'Member' object has no attribute 'timed_out_until'
Ignoring exception in on_member_update
Traceback (most recent call last):
  File "/usr/local/lib/python3.12/site-packages/discord/client.py", line 465, in _run_event
    await coro(*args, **kwargs)
  File "/app/asu_discord/cogs/analytics.py", line 652, in on_member_update
    before_timeout = before.timed_out_until
                     ^^^^^^^^^^^^^^^^^^^^^^
AttributeError: 'Member' object has no attribute 'timed_out_until'
Ignoring exception in on_member_update
Traceback (most recent call last):
  File "/usr/local/lib/python3.12/site-packages/discord/client.py", line 465, in _run_event
    await coro(*args, **kwargs)
  File "/app/asu_discord/cogs/analytics.py", line 652, in on_member_update
    before_timeout = before.timed_out_until
                     ^^^^^^^^^^^^^^^^^^^^^^
AttributeError: 'Member' object has no attribute 'timed_out_until'
Ignoring exception in on_member_update
Traceback (most recent call last):
  File "/usr/local/lib/python3.12/site-packages/discord/client.py", line 465, in _run_event
    await coro(*args, **kwargs)
  File "/app/asu_discord/cogs/analytics.py", line 652, in on_member_update
    before_timeout = before.timed_out_until
                     ^^^^^^^^^^^^^^^^^^^^^^
AttributeError: 'Member' object has no attribute 'timed_out_until'
Ignoring exception in on_member_update
Traceback (most recent call last):
  File "/usr/local/lib/python3.12/site-packages/discord/client.py", line 465, in _run_event
    await coro(*args, **kwargs)
  File "/app/asu_discord/cogs/analytics.py", line 652, in on_member_update
    before_timeout = before.timed_out_until
                     ^^^^^^^^^^^^^^^^^^^^^^
AttributeError: 'Member' object has no attribute 'timed_out_until'
Ignoring exception in on_member_update
Traceback (most recent call last):
  File "/usr/local/lib/python3.12/site-packages/discord/client.py", line 465, in _run_event
    await coro(*args, **kwargs)
  File "/app/asu_discord/cogs/analytics.py", line 652, in on_member_update
    before_timeout = before.timed_out_until
                     ^^^^^^^^^^^^^^^^^^^^^^
AttributeError: 'Member' object has no attribute 'timed_out_until'
ERROR:cron.jobs:refresh_salesforce_roles: failed for djcouto (Discord ID 1484574181843664946): Timed out refresh Salesforce-based roles
Ignoring exception in on_member_update
Traceback (most recent call last):
  File "/usr/local/lib/python3.12/site-packages/discord/client.py", line 465, in _run_event
    await coro(*args, **kwargs)
  File "/app/asu_discord/cogs/analytics.py", line 652, in on_member_update
    before_timeout = before.timed_out_until
                     ^^^^^^^^^^^^^^^^^^^^^^
AttributeError: 'Member' object has no attribute 'timed_out_until'
INFO:asu_discord.cogs.verification:Saved 1 roles to database for user csingl10 (Discord ID: 1440459851191812137)
INFO:asu_discord.cogs.verification:Refreshed Salesforce roles for Discord user 1440459851191812137: -0/+1 roles, assigned=[Out of State]
Ignoring exception in on_member_update
Traceback (most recent call last):
  File "/usr/local/lib/python3.12/site-packages/discord/client.py", line 465, in _run_event
    await coro(*args, **kwargs)
  File "/app/asu_discord/cogs/analytics.py", line 652, in on_member_update
    before_timeout = before.timed_out_until
                     ^^^^^^^^^^^^^^^^^^^^^^
AttributeError: 'Member' object has no attribute 'timed_out_until'
Ignoring exception in on_member_update
Traceback (most recent call last):
  File "/usr/local/lib/python3.12/site-packages/discord/client.py", line 465, in _run_event
    await coro(*args, **kwargs)
  File "/app/asu_discord/cogs/analytics.py", line 652, in on_member_update
    before_timeout = before.timed_out_until
                     ^^^^^^^^^^^^^^^^^^^^^^
AttributeError: 'Member' object has no attribute 'timed_out_until'
Ignoring exception in on_member_update
Traceback (most recent call last):
  File "/usr/local/lib/python3.12/site-packages/discord/client.py", line 465, in _run_event
    await coro(*args, **kwargs)
  File "/app/asu_discord/cogs/analytics.py", line 652, in on_member_update
    before_timeout = before.timed_out_until
                     ^^^^^^^^^^^^^^^^^^^^^^
AttributeError: 'Member' object has no attribute 'timed_out_until'
Ignoring exception in on_member_update
Traceback (most recent call last):
  File "/usr/local/lib/python3.12/site-packages/discord/client.py", line 465, in _run_event
    await coro(*args, **kwargs)
  File "/app/asu_discord/cogs/analytics.py", line 652, in on_member_update
    before_timeout = before.timed_out_until
                     ^^^^^^^^^^^^^^^^^^^^^^
AttributeError: 'Member' object has no attribute 'timed_out_until'
Ignoring exception in on_member_update
Traceback (most recent call last):
  File "/usr/local/lib/python3.12/site-packages/discord/client.py", line 465, in _run_event
    await coro(*args, **kwargs)
  File "/app/asu_discord/cogs/analytics.py", line 652, in on_member_update
    before_timeout = before.timed_out_until
                     ^^^^^^^^^^^^^^^^^^^^^^
AttributeError: 'Member' object has no attribute 'timed_out_until'
Ignoring exception in on_member_update
Traceback (most recent call last):
  File "/usr/local/lib/python3.12/site-packages/discord/client.py", line 465, in _run_event
    await coro(*args, **kwargs)
  File "/app/asu_discord/cogs/analytics.py", line 652, in on_member_update
    before_timeout = before.timed_out_until
                     ^^^^^^^^^^^^^^^^^^^^^^
AttributeError: 'Member' object has no attribute 'timed_out_until'
Ignoring exception in on_member_update
Traceback (most recent call last):
  File "/usr/local/lib/python3.12/site-packages/discord/client.py", line 465, in _run_event
    await coro(*args, **kwargs)
  File "/app/asu_discord/cogs/analytics.py", line 652, in on_member_update
    before_timeout = before.timed_out_until
                     ^^^^^^^^^^^^^^^^^^^^^^
AttributeError: 'Member' object has no attribute 'timed_out_until'
Ignoring exception in on_member_update
Traceback (most recent call last):
  File "/usr/local/lib/python3.12/site-packages/discord/client.py", line 465, in _run_event
    await coro(*args, **kwargs)
  File "/app/asu_discord/cogs/analytics.py", line 652, in on_member_update
    before_timeout = before.timed_out_until
                     ^^^^^^^^^^^^^^^^^^^^^^
AttributeError: 'Member' object has no attribute 'timed_out_until'
Ignoring exception in on_member_update
Traceback (most recent call last):
  File "/usr/local/lib/python3.12/site-packages/discord/client.py", line 465, in _run_event
    await coro(*args, **kwargs)
  File "/app/asu_discord/cogs/analytics.py", line 652, in on_member_update
    before_timeout = before.timed_out_until
                     ^^^^^^^^^^^^^^^^^^^^^^
AttributeError: 'Member' object has no attribute 'timed_out_until'
Ignoring exception in on_member_update
Traceback (most recent call last):
  File "/usr/local/lib/python3.12/site-packages/discord/client.py", line 465, in _run_event
    await coro(*args, **kwargs)
  File "/app/asu_discord/cogs/analytics.py", line 652, in on_member_update
    before_timeout = before.timed_out_until
                     ^^^^^^^^^^^^^^^^^^^^^^
AttributeError: 'Member' object has no attribute 'timed_out_until'
INFO:asu_discord.cogs.verification:Saved 5 roles to database for user mjain124 (Discord ID: 759336426864640080)
INFO:asu_discord.cogs.verification:Refreshed Salesforce roles for Discord user 759336426864640080: -5/+5 roles, assigned=[Commited, Graduate Student, International Student, Ira A. Fulton Schools of Engineering, Tempe]
Ignoring exception in on_member_update
Traceback (most recent call last):
  File "/usr/local/lib/python3.12/site-packages/discord/client.py", line 465, in _run_event
    await coro(*args, **kwargs)
  File "/app/asu_discord/cogs/analytics.py", line 652, in on_member_update
    before_timeout = before.timed_out_until
                     ^^^^^^^^^^^^^^^^^^^^^^
AttributeError: 'Member' object has no attribute 'timed_out_until'
Ignoring exception in on_member_update
Traceback (most recent call last):
  File "/usr/local/lib/python3.12/site-packages/discord/client.py", line 465, in _run_event
    await coro(*args, **kwargs)
  File "/app/asu_discord/cogs/analytics.py", line 652, in on_member_update
    before_timeout = before.timed_out_until
                     ^^^^^^^^^^^^^^^^^^^^^^
AttributeError: 'Member' object has no attribute 'timed_out_until'
Ignoring exception in on_member_update
Traceback (most recent call last):
  File "/usr/local/lib/python3.12/site-packages/discord/client.py", line 465, in _run_event
    await coro(*args, **kwargs)
  File "/app/asu_discord/cogs/analytics.py", line 652, in on_member_update
    before_timeout = before.timed_out_until
                     ^^^^^^^^^^^^^^^^^^^^^^
AttributeError: 'Member' object has no attribute 'timed_out_until'
Ignoring exception in on_member_update
Traceback (most recent call last):
  File "/usr/local/lib/python3.12/site-packages/discord/client.py", line 465, in _run_event
    await coro(*args, **kwargs)
  File "/app/asu_discord/cogs/analytics.py", line 652, in on_member_update
    before_timeout = before.timed_out_until
                     ^^^^^^^^^^^^^^^^^^^^^^
AttributeError: 'Member' object has no attribute 'timed_out_until'
Ignoring exception in on_member_update
Traceback (most recent call last):
  File "/usr/local/lib/python3.12/site-packages/discord/client.py", line 465, in _run_event
    await coro(*args, **kwargs)
  File "/app/asu_discord/cogs/analytics.py", line 652, in on_member_update
    before_timeout = before.timed_out_until
                     ^^^^^^^^^^^^^^^^^^^^^^
AttributeError: 'Member' object has no attribute 'timed_out_until'
Ignoring exception in on_member_update
Traceback (most recent call last):
  File "/usr/local/lib/python3.12/site-packages/discord/client.py", line 465, in _run_event
    await coro(*args, **kwargs)
  File "/app/asu_discord/cogs/analytics.py", line 652, in on_member_update
    before_timeout = before.timed_out_until
                     ^^^^^^^^^^^^^^^^^^^^^^
AttributeError: 'Member' object has no attribute 'timed_out_until'
Ignoring exception in on_member_update
Traceback (most recent call last):
  File "/usr/local/lib/python3.12/site-packages/discord/client.py", line 465, in _run_event
    await coro(*args, **kwargs)
  File "/app/asu_discord/cogs/analytics.py", line 652, in on_member_update
    before_timeout = before.timed_out_until
                     ^^^^^^^^^^^^^^^^^^^^^^
AttributeError: 'Member' object has no attribute 'timed_out_until'
Ignoring exception in on_member_update
Traceback (most recent call last):
  File "/usr/local/lib/python3.12/site-packages/discord/client.py", line 465, in _run_event
    await coro(*args, **kwargs)
  File "/app/asu_discord/cogs/analytics.py", line 652, in on_member_update
    before_timeout = before.timed_out_until
                     ^^^^^^^^^^^^^^^^^^^^^^
AttributeError: 'Member' object has no attribute 'timed_out_until'
Ignoring exception in on_member_update
Traceback (most recent call last):
  File "/usr/local/lib/python3.12/site-packages/discord/client.py", line 465, in _run_event
    await coro(*args, **kwargs)
  File "/app/asu_discord/cogs/analytics.py", line 652, in on_member_update
    before_timeout = before.timed_out_until
                     ^^^^^^^^^^^^^^^^^^^^^^
AttributeError: 'Member' object has no attribute 'timed_out_until'
Ignoring exception in on_member_update
Traceback (most recent call last):
  File "/usr/local/lib/python3.12/site-packages/discord/client.py", line 465, in _run_event
    await coro(*args, **kwargs)
  File "/app/asu_discord/cogs/analytics.py", line 652, in on_member_update
    before_timeout = before.timed_out_until
                     ^^^^^^^^^^^^^^^^^^^^^^
AttributeError: 'Member' object has no attribute 'timed_out_until'
Ignoring exception in on_member_update
Traceback (most recent call last):
  File "/usr/local/lib/python3.12/site-packages/discord/client.py", line 465, in _run_event
    await coro(*args, **kwargs)
  File "/app/asu_discord/cogs/analytics.py", line 652, in on_member_update
    before_timeout = before.timed_out_until
                     ^^^^^^^^^^^^^^^^^^^^^^
AttributeError: 'Member' object has no attribute 'timed_out_until'
Ignoring exception in on_member_update
Traceback (most recent call last):
  File "/usr/local/lib/python3.12/site-packages/discord/client.py", line 465, in _run_event
    await coro(*args, **kwargs)
  File "/app/asu_discord/cogs/analytics.py", line 652, in on_member_update
    before_timeout = before.timed_out_until
                     ^^^^^^^^^^^^^^^^^^^^^^
AttributeError: 'Member' object has no attribute 'timed_out_until'
Ignoring exception in on_member_update
Traceback (most recent call last):
  File "/usr/local/lib/python3.12/site-packages/discord/client.py", line 465, in _run_event
    await coro(*args, **kwargs)
  File "/app/asu_discord/cogs/analytics.py", line 652, in on_member_update
    before_timeout = before.timed_out_until
                     ^^^^^^^^^^^^^^^^^^^^^^
AttributeError: 'Member' object has no attribute 'timed_out_until'
Ignoring exception in on_member_update
Traceback (most recent call last):
  File "/usr/local/lib/python3.12/site-packages/discord/client.py", line 465, in _run_event
    await coro(*args, **kwargs)
  File "/app/asu_discord/cogs/analytics.py", line 652, in on_member_update
    before_timeout = before.timed_out_until
                     ^^^^^^^^^^^^^^^^^^^^^^
AttributeError: 'Member' object has no attribute 'timed_out_until'
INFO:asu_discord.cogs.verification:Saved 7 roles to database for user grosasra (Discord ID: 1489862535568949280)
INFO:asu_discord.cogs.verification:Refreshed Salesforce roles for Discord user 1489862535568949280: -7/+7 roles, assigned=[Arizona Resident, College of Liberal Arts and Sciences, Commited, First Generation Student, Online, Tempe, Transfer Student]
Ignoring exception in on_member_update
Traceback (most recent call last):
  File "/usr/local/lib/python3.12/site-packages/discord/client.py", line 465, in _run_event
    await coro(*args, **kwargs)
  File "/app/asu_discord/cogs/analytics.py", line 652, in on_member_update
    before_timeout = before.timed_out_until
                     ^^^^^^^^^^^^^^^^^^^^^^
AttributeError: 'Member' object has no attribute 'timed_out_until'
Ignoring exception in on_member_update
Traceback (most recent call last):
  File "/usr/local/lib/python3.12/site-packages/discord/client.py", line 465, in _run_event
    await coro(*args, **kwargs)
  File "/app/asu_discord/cogs/analytics.py", line 652, in on_member_update
    before_timeout = before.timed_out_until
                     ^^^^^^^^^^^^^^^^^^^^^^
AttributeError: 'Member' object has no attribute 'timed_out_until'
Ignoring exception in on_member_update
Traceback (most recent call last):
  File "/usr/local/lib/python3.12/site-packages/discord/client.py", line 465, in _run_event
    await coro(*args, **kwargs)
  File "/app/asu_discord/cogs/analytics.py", line 652, in on_member_update
    before_timeout = before.timed_out_until
                     ^^^^^^^^^^^^^^^^^^^^^^
AttributeError: 'Member' object has no attribute 'timed_out_until'
Ignoring exception in on_member_update
Traceback (most recent call last):
  File "/usr/local/lib/python3.12/site-packages/discord/client.py", line 465, in _run_event
    await coro(*args, **kwargs)
  File "/app/asu_discord/cogs/analytics.py", line 652, in on_member_update
    before_timeout = before.timed_out_until
                     ^^^^^^^^^^^^^^^^^^^^^^
AttributeError: 'Member' object has no attribute 'timed_out_until'
Ignoring exception in on_member_update
Traceback (most recent call last):
  File "/usr/local/lib/python3.12/site-packages/discord/client.py", line 465, in _run_event
    await coro(*args, **kwargs)
  File "/app/asu_discord/cogs/analytics.py", line 652, in on_member_update
    before_timeout = before.timed_out_until
                     ^^^^^^^^^^^^^^^^^^^^^^
AttributeError: 'Member' object has no attribute 'timed_out_until'
Ignoring exception in on_member_update
Traceback (most recent call last):
  File "/usr/local/lib/python3.12/site-packages/discord/client.py", line 465, in _run_event
    await coro(*args, **kwargs)
  File "/app/asu_discord/cogs/analytics.py", line 652, in on_member_update
    before_timeout = before.timed_out_until
                     ^^^^^^^^^^^^^^^^^^^^^^
AttributeError: 'Member' object has no attribute 'timed_out_until'
Ignoring exception in on_member_update
Traceback (most recent call last):
  File "/usr/local/lib/python3.12/site-packages/discord/client.py", line 465, in _run_event
    await coro(*args, **kwargs)
  File "/app/asu_discord/cogs/analytics.py", line 652, in on_member_update
    before_timeout = before.timed_out_until
                     ^^^^^^^^^^^^^^^^^^^^^^
AttributeError: 'Member' object has no attribute 'timed_out_until'
Ignoring exception in on_member_update
Traceback (most recent call last):
  File "/usr/local/lib/python3.12/site-packages/discord/client.py", line 465, in _run_event
    await coro(*args, **kwargs)
  File "/app/asu_discord/cogs/analytics.py", line 652, in on_member_update
    before_timeout = before.timed_out_until
                     ^^^^^^^^^^^^^^^^^^^^^^
AttributeError: 'Member' object has no attribute 'timed_out_until'
Ignoring exception in on_member_update
Traceback (most recent call last):
  File "/usr/local/lib/python3.12/site-packages/discord/client.py", line 465, in _run_event
    await coro(*args, **kwargs)
  File "/app/asu_discord/cogs/analytics.py", line 652, in on_member_update
    before_timeout = before.timed_out_until
                     ^^^^^^^^^^^^^^^^^^^^^^
AttributeError: 'Member' object has no attribute 'timed_out_until'
Ignoring exception in on_member_update
Traceback (most recent call last):
  File "/usr/local/lib/python3.12/site-packages/discord/client.py", line 465, in _run_event
    await coro(*args, **kwargs)
  File "/app/asu_discord/cogs/analytics.py", line 652, in on_member_update
    before_timeout = before.timed_out_until
                     ^^^^^^^^^^^^^^^^^^^^^^
AttributeError: 'Member' object has no attribute 'timed_out_until'
INFO:asu_discord.cogs.verification:Saved 5 roles to database for user mkflore3 (Discord ID: 896120645887344691)
INFO:asu_discord.cogs.verification:Refreshed Salesforce roles for Discord user 896120645887344691: -5/+5 roles, assigned=[Arizona Resident, First Generation Student, Graduate Student, Tempe, W.P. Carey School of Business]
Ignoring exception in on_member_update
Traceback (most recent call last):
  File "/usr/local/lib/python3.12/site-packages/discord/client.py", line 465, in _run_event
    await coro(*args, **kwargs)
  File "/app/asu_discord/cogs/analytics.py", line 652, in on_member_update
    before_timeout = before.timed_out_until
                     ^^^^^^^^^^^^^^^^^^^^^^
AttributeError: 'Member' object has no attribute 'timed_out_until'
Ignoring exception in on_member_update
Traceback (most recent call last):
  File "/usr/local/lib/python3.12/site-packages/discord/client.py", line 465, in _run_event
    await coro(*args, **kwargs)
  File "/app/asu_discord/cogs/analytics.py", line 652, in on_member_update
    before_timeout = before.timed_out_until
                     ^^^^^^^^^^^^^^^^^^^^^^
AttributeError: 'Member' object has no attribute 'timed_out_until'
Ignoring exception in on_member_update
Traceback (most recent call last):
  File "/usr/local/lib/python3.12/site-packages/discord/client.py", line 465, in _run_event
    await coro(*args, **kwargs)
  File "/app/asu_discord/cogs/analytics.py", line 652, in on_member_update
    before_timeout = before.timed_out_until
                     ^^^^^^^^^^^^^^^^^^^^^^
AttributeError: 'Member' object has no attribute 'timed_out_until'
Ignoring exception in on_member_update
Traceback (most recent call last):
  File "/usr/local/lib/python3.12/site-packages/discord/client.py", line 465, in _run_event
    await coro(*args, **kwargs)
  File "/app/asu_discord/cogs/analytics.py", line 652, in on_member_update
    before_timeout = before.timed_out_until
                     ^^^^^^^^^^^^^^^^^^^^^^
AttributeError: 'Member' object has no attribute 'timed_out_until'
Ignoring exception in on_member_update
Traceback (most recent call last):
  File "/usr/local/lib/python3.12/site-packages/discord/client.py", line 465, in _run_event
    await coro(*args, **kwargs)
  File "/app/asu_discord/cogs/analytics.py", line 652, in on_member_update
    before_timeout = before.timed_out_until
                     ^^^^^^^^^^^^^^^^^^^^^^
AttributeError: 'Member' object has no attribute 'timed_out_until'
Ignoring exception in on_member_update
Traceback (most recent call last):
  File "/usr/local/lib/python3.12/site-packages/discord/client.py", line 465, in _run_event
    await coro(*args, **kwargs)
  File "/app/asu_discord/cogs/analytics.py", line 652, in on_member_update
    before_timeout = before.timed_out_until
                     ^^^^^^^^^^^^^^^^^^^^^^
AttributeError: 'Member' object has no attribute 'timed_out_until'
Ignoring exception in on_member_update
Traceback (most recent call last):
  File "/usr/local/lib/python3.12/site-packages/discord/client.py", line 465, in _run_event
    await coro(*args, **kwargs)
  File "/app/asu_discord/cogs/analytics.py", line 652, in on_member_update
    before_timeout = before.timed_out_until
                     ^^^^^^^^^^^^^^^^^^^^^^
AttributeError: 'Member' object has no attribute 'timed_out_until'
Ignoring exception in on_member_update
Traceback (most recent call last):
  File "/usr/local/lib/python3.12/site-packages/discord/client.py", line 465, in _run_event
    await coro(*args, **kwargs)
  File "/app/asu_discord/cogs/analytics.py", line 652, in on_member_update
    before_timeout = before.timed_out_until
                     ^^^^^^^^^^^^^^^^^^^^^^
AttributeError: 'Member' object has no attribute 'timed_out_until'
Ignoring exception in on_member_update
Traceback (most recent call last):
  File "/usr/local/lib/python3.12/site-packages/discord/client.py", line 465, in _run_event
    await coro(*args, **kwargs)
  File "/app/asu_discord/cogs/analytics.py", line 652, in on_member_update
    before_timeout = before.timed_out_until
                     ^^^^^^^^^^^^^^^^^^^^^^
AttributeError: 'Member' object has no attribute 'timed_out_until'
Ignoring exception in on_member_update
Traceback (most recent call last):
  File "/usr/local/lib/python3.12/site-packages/discord/client.py", line 465, in _run_event
    await coro(*args, **kwargs)
  File "/app/asu_discord/cogs/analytics.py", line 652, in on_member_update
    before_timeout = before.timed_out_until
                     ^^^^^^^^^^^^^^^^^^^^^^
AttributeError: 'Member' object has no attribute 'timed_out_until'
INFO:asu_discord.cogs.verification:Saved 5 roles to database for user kugarte2 (Discord ID: 1378187279058735186)
INFO:asu_discord.cogs.verification:Refreshed Salesforce roles for Discord user 1378187279058735186: -5/+5 roles, assigned=[Arizona Resident, First Generation Student, First Year, Ira A. Fulton Schools of Engineering, Tempe]
Ignoring exception in on_member_update
Traceback (most recent call last):
  File "/usr/local/lib/python3.12/site-packages/discord/client.py", line 465, in _run_event
    await coro(*args, **kwargs)
  File "/app/asu_discord/cogs/analytics.py", line 652, in on_member_update
    before_timeout = before.timed_out_until
                     ^^^^^^^^^^^^^^^^^^^^^^
AttributeError: 'Member' object has no attribute 'timed_out_until'
Ignoring exception in on_member_update
Traceback (most recent call last):
  File "/usr/local/lib/python3.12/site-packages/discord/client.py", line 465, in _run_event
    await coro(*args, **kwargs)
  File "/app/asu_discord/cogs/analytics.py", line 652, in on_member_update
    before_timeout = before.timed_out_until
                     ^^^^^^^^^^^^^^^^^^^^^^
AttributeError: 'Member' object has no attribute 'timed_out_until'
Ignoring exception in on_member_update
Traceback (most recent call last):
  File "/usr/local/lib/python3.12/site-packages/discord/client.py", line 465, in _run_event
    await coro(*args, **kwargs)
  File "/app/asu_discord/cogs/analytics.py", line 652, in on_member_update
    before_timeout = before.timed_out_until
                     ^^^^^^^^^^^^^^^^^^^^^^
AttributeError: 'Member' object has no attribute 'timed_out_until'
Ignoring exception in on_member_update
Traceback (most recent call last):
  File "/usr/local/lib/python3.12/site-packages/discord/client.py", line 465, in _run_event
    await coro(*args, **kwargs)
  File "/app/asu_discord/cogs/analytics.py", line 652, in on_member_update
    before_timeout = before.timed_out_until
                     ^^^^^^^^^^^^^^^^^^^^^^
AttributeError: 'Member' object has no attribute 'timed_out_until'
Ignoring exception in on_member_update
Traceback (most recent call last):
  File "/usr/local/lib/python3.12/site-packages/discord/client.py", line 465, in _run_event
    await coro(*args, **kwargs)
  File "/app/asu_discord/cogs/analytics.py", line 652, in on_member_update
    before_timeout = before.timed_out_until
                     ^^^^^^^^^^^^^^^^^^^^^^
AttributeError: 'Member' object has no attribute 'timed_out_until'
Ignoring exception in on_member_update
Traceback (most recent call last):
  File "/usr/local/lib/python3.12/site-packages/discord/client.py", line 465, in _run_event
    await coro(*args, **kwargs)
  File "/app/asu_discord/cogs/analytics.py", line 652, in on_member_update
    before_timeout = before.timed_out_until
                     ^^^^^^^^^^^^^^^^^^^^^^
AttributeError: 'Member' object has no attribute 'timed_out_until'
Ignoring exception in on_member_update
Traceback (most recent call last):
  File "/usr/local/lib/python3.12/site-packages/discord/client.py", line 465, in _run_event
    await coro(*args, **kwargs)
  File "/app/asu_discord/cogs/analytics.py", line 652, in on_member_update
    before_timeout = before.timed_out_until
                     ^^^^^^^^^^^^^^^^^^^^^^
AttributeError: 'Member' object has no attribute 'timed_out_until'
Ignoring exception in on_member_update
Traceback (most recent call last):
  File "/usr/local/lib/python3.12/site-packages/discord/client.py", line 465, in _run_event
    await coro(*args, **kwargs)
  File "/app/asu_discord/cogs/analytics.py", line 652, in on_member_update
    before_timeout = before.timed_out_until
                     ^^^^^^^^^^^^^^^^^^^^^^
AttributeError: 'Member' object has no attribute 'timed_out_until'
INFO:asu_discord.cogs.verification:Saved 4 roles to database for user bboholig (Discord ID: 1117238232040603668)
INFO:asu_discord.cogs.verification:Refreshed Salesforce roles for Discord user 1117238232040603668: -4/+4 roles, assigned=[First Year, International Student, Tempe, W.P. Carey School of Business]
ERROR:cron.jobs:refresh_salesforce_roles: failed for kagibs14 (Discord ID 780186251340283914): Failed to refresh Salesforce-based roles: Discord user 780186251340283914 is not a member of the guild
Ignoring exception in on_member_update
Traceback (most recent call last):
  File "/usr/local/lib/python3.12/site-packages/discord/client.py", line 465, in _run_event
    await coro(*args, **kwargs)
  File "/app/asu_discord/cogs/analytics.py", line 652, in on_member_update
    before_timeout = before.timed_out_until
                     ^^^^^^^^^^^^^^^^^^^^^^
AttributeError: 'Member' object has no attribute 'timed_out_until'
Ignoring exception in on_member_update
Traceback (most recent call last):
  File "/usr/local/lib/python3.12/site-packages/discord/client.py", line 465, in _run_event
    await coro(*args, **kwargs)
  File "/app/asu_discord/cogs/analytics.py", line 652, in on_member_update
    before_timeout = before.timed_out_until
                     ^^^^^^^^^^^^^^^^^^^^^^
AttributeError: 'Member' object has no attribute 'timed_out_until'
Ignoring exception in on_member_update
Traceback (most recent call last):
  File "/usr/local/lib/python3.12/site-packages/discord/client.py", line 465, in _run_event
    await coro(*args, **kwargs)
  File "/app/asu_discord/cogs/analytics.py", line 652, in on_member_update
    before_timeout = before.timed_out_until
                     ^^^^^^^^^^^^^^^^^^^^^^
AttributeError: 'Member' object has no attribute 'timed_out_until'
Ignoring exception in on_member_update
Traceback (most recent call last):
  File "/usr/local/lib/python3.12/site-packages/discord/client.py", line 465, in _run_event
    await coro(*args, **kwargs)
  File "/app/asu_discord/cogs/analytics.py", line 652, in on_member_update
    before_timeout = before.timed_out_until
                     ^^^^^^^^^^^^^^^^^^^^^^
AttributeError: 'Member' object has no attribute 'timed_out_until'
Ignoring exception in on_member_update
Traceback (most recent call last):
  File "/usr/local/lib/python3.12/site-packages/discord/client.py", line 465, in _run_event
    await coro(*args, **kwargs)
  File "/app/asu_discord/cogs/analytics.py", line 652, in on_member_update
    before_timeout = before.timed_out_until
                     ^^^^^^^^^^^^^^^^^^^^^^
AttributeError: 'Member' object has no attribute 'timed_out_until'
Ignoring exception in on_member_update
Traceback (most recent call last):
  File "/usr/local/lib/python3.12/site-packages/discord/client.py", line 465, in _run_event
    await coro(*args, **kwargs)
  File "/app/asu_discord/cogs/analytics.py", line 652, in on_member_update
    before_timeout = before.timed_out_until
                     ^^^^^^^^^^^^^^^^^^^^^^
AttributeError: 'Member' object has no attribute 'timed_out_until'
Ignoring exception in on_member_update
Traceback (most recent call last):
  File "/usr/local/lib/python3.12/site-packages/discord/client.py", line 465, in _run_event
    await coro(*args, **kwargs)
  File "/app/asu_discord/cogs/analytics.py", line 652, in on_member_update
    before_timeout = before.timed_out_until
                     ^^^^^^^^^^^^^^^^^^^^^^
AttributeError: 'Member' object has no attribute 'timed_out_until'
Ignoring exception in on_member_update
Traceback (most recent call last):
  File "/usr/local/lib/python3.12/site-packages/discord/client.py", line 465, in _run_event
    await coro(*args, **kwargs)
  File "/app/asu_discord/cogs/analytics.py", line 652, in on_member_update
    before_timeout = before.timed_out_until
                     ^^^^^^^^^^^^^^^^^^^^^^
AttributeError: 'Member' object has no attribute 'timed_out_until'
Ignoring exception in on_member_update
Traceback (most recent call last):
  File "/usr/local/lib/python3.12/site-packages/discord/client.py", line 465, in _run_event
    await coro(*args, **kwargs)
  File "/app/asu_discord/cogs/analytics.py", line 652, in on_member_update
    before_timeout = before.timed_out_until
                     ^^^^^^^^^^^^^^^^^^^^^^
AttributeError: 'Member' object has no attribute 'timed_out_until'
Ignoring exception in on_member_update
Traceback (most recent call last):
  File "/usr/local/lib/python3.12/site-packages/discord/client.py", line 465, in _run_event
    await coro(*args, **kwargs)
  File "/app/asu_discord/cogs/analytics.py", line 652, in on_member_update
    before_timeout = before.timed_out_until
                     ^^^^^^^^^^^^^^^^^^^^^^
AttributeError: 'Member' object has no attribute 'timed_out_until'
INFO:asu_discord.cogs.verification:Saved 5 roles to database for user asdonne1 (Discord ID: 860011891668549682)
INFO:asu_discord.cogs.verification:Refreshed Salesforce roles for Discord user 860011891668549682: -5/+5 roles, assigned=[Arizona Resident, Commited, First Year, Ira A. Fulton Schools of Engineering, Online]
Ignoring exception in on_member_update
Traceback (most recent call last):
  File "/usr/local/lib/python3.12/site-packages/discord/client.py", line 465, in _run_event
    await coro(*args, **kwargs)
  File "/app/asu_discord/cogs/analytics.py", line 652, in on_member_update
    before_timeout = before.timed_out_until
                     ^^^^^^^^^^^^^^^^^^^^^^
AttributeError: 'Member' object has no attribute 'timed_out_until'
Ignoring exception in on_member_update
Traceback (most recent call last):
  File "/usr/local/lib/python3.12/site-packages/discord/client.py", line 465, in _run_event
    await coro(*args, **kwargs)
  File "/app/asu_discord/cogs/analytics.py", line 652, in on_member_update
    before_timeout = before.timed_out_until
                     ^^^^^^^^^^^^^^^^^^^^^^
AttributeError: 'Member' object has no attribute 'timed_out_until'
Ignoring exception in on_member_update
Traceback (most recent call last):
  File "/usr/local/lib/python3.12/site-packages/discord/client.py", line 465, in _run_event
    await coro(*args, **kwargs)
  File "/app/asu_discord/cogs/analytics.py", line 652, in on_member_update
    before_timeout = before.timed_out_until
                     ^^^^^^^^^^^^^^^^^^^^^^
AttributeError: 'Member' object has no attribute 'timed_out_until'
Ignoring exception in on_member_update
Traceback (most recent call last):
  File "/usr/local/lib/python3.12/site-packages/discord/client.py", line 465, in _run_event
    await coro(*args, **kwargs)
  File "/app/asu_discord/cogs/analytics.py", line 652, in on_member_update
    before_timeout = before.timed_out_until
                     ^^^^^^^^^^^^^^^^^^^^^^
AttributeError: 'Member' object has no attribute 'timed_out_until'
Ignoring exception in on_member_update
Traceback (most recent call last):
  File "/usr/local/lib/python3.12/site-packages/discord/client.py", line 465, in _run_event
    await coro(*args, **kwargs)
  File "/app/asu_discord/cogs/analytics.py", line 652, in on_member_update
    before_timeout = before.timed_out_until
                     ^^^^^^^^^^^^^^^^^^^^^^
AttributeError: 'Member' object has no attribute 'timed_out_until'
Ignoring exception in on_member_update
Traceback (most recent call last):
  File "/usr/local/lib/python3.12/site-packages/discord/client.py", line 465, in _run_event
    await coro(*args, **kwargs)
  File "/app/asu_discord/cogs/analytics.py", line 652, in on_member_update
    before_timeout = before.timed_out_until
                     ^^^^^^^^^^^^^^^^^^^^^^
AttributeError: 'Member' object has no attribute 'timed_out_until'
Ignoring exception in on_member_update
Traceback (most recent call last):
  File "/usr/local/lib/python3.12/site-packages/discord/client.py", line 465, in _run_event
    await coro(*args, **kwargs)
  File "/app/asu_discord/cogs/analytics.py", line 652, in on_member_update
    before_timeout = before.timed_out_until
                     ^^^^^^^^^^^^^^^^^^^^^^
AttributeError: 'Member' object has no attribute 'timed_out_until'
Ignoring exception in on_member_update
Traceback (most recent call last):
  File "/usr/local/lib/python3.12/site-packages/discord/client.py", line 465, in _run_event
    await coro(*args, **kwargs)
  File "/app/asu_discord/cogs/analytics.py", line 652, in on_member_update
    before_timeout = before.timed_out_until
                     ^^^^^^^^^^^^^^^^^^^^^^
AttributeError: 'Member' object has no attribute 'timed_out_until'
Ignoring exception in on_member_update
Traceback (most recent call last):
  File "/usr/local/lib/python3.12/site-packages/discord/client.py", line 465, in _run_event
    await coro(*args, **kwargs)
  File "/app/asu_discord/cogs/analytics.py", line 652, in on_member_update
    before_timeout = before.timed_out_until
                     ^^^^^^^^^^^^^^^^^^^^^^
AttributeError: 'Member' object has no attribute 'timed_out_until'
Ignoring exception in on_member_update
Traceback (most recent call last):
  File "/usr/local/lib/python3.12/site-packages/discord/client.py", line 465, in _run_event
    await coro(*args, **kwargs)
  File "/app/asu_discord/cogs/analytics.py", line 652, in on_member_update
    before_timeout = before.timed_out_until
                     ^^^^^^^^^^^^^^^^^^^^^^
AttributeError: 'Member' object has no attribute 'timed_out_until'
Ignoring exception in on_member_update
Traceback (most recent call last):
  File "/usr/local/lib/python3.12/site-packages/discord/client.py", line 465, in _run_event
    await coro(*args, **kwargs)
  File "/app/asu_discord/cogs/analytics.py", line 652, in on_member_update
    before_timeout = before.timed_out_until
                     ^^^^^^^^^^^^^^^^^^^^^^
AttributeError: 'Member' object has no attribute 'timed_out_until'
ERROR:cron.jobs:refresh_salesforce_roles: failed for nbleon1 (Discord ID 875538066704592907): Timed out refresh Salesforce-based roles
ERROR:cron.jobs:refresh_salesforce_roles: failed for jpuent13 (Discord ID 763956070598705213): Failed to refresh Salesforce-based roles: Discord user 763956070598705213 is not a member of the guild
Ignoring exception in on_member_update
Traceback (most recent call last):
  File "/usr/local/lib/python3.12/site-packages/discord/client.py", line 465, in _run_event
    await coro(*args, **kwargs)
  File "/app/asu_discord/cogs/analytics.py", line 652, in on_member_update
    before_timeout = before.timed_out_until
                     ^^^^^^^^^^^^^^^^^^^^^^
AttributeError: 'Member' object has no attribute 'timed_out_until'
Ignoring exception in on_member_update
Traceback (most recent call last):
  File "/usr/local/lib/python3.12/site-packages/discord/client.py", line 465, in _run_event
    await coro(*args, **kwargs)
  File "/app/asu_discord/cogs/analytics.py", line 652, in on_member_update
    before_timeout = before.timed_out_until
                     ^^^^^^^^^^^^^^^^^^^^^^
AttributeError: 'Member' object has no attribute 'timed_out_until'
Ignoring exception in on_member_update
Traceback (most recent call last):
  File "/usr/local/lib/python3.12/site-packages/discord/client.py", line 465, in _run_event
    await coro(*args, **kwargs)
  File "/app/asu_discord/cogs/analytics.py", line 652, in on_member_update
    before_timeout = before.timed_out_until
                     ^^^^^^^^^^^^^^^^^^^^^^
AttributeError: 'Member' object has no attribute 'timed_out_until'
Ignoring exception in on_member_update
Traceback (most recent call last):
  File "/usr/local/lib/python3.12/site-packages/discord/client.py", line 465, in _run_event
    await coro(*args, **kwargs)
  File "/app/asu_discord/cogs/analytics.py", line 652, in on_member_update
    before_timeout = before.timed_out_until
                     ^^^^^^^^^^^^^^^^^^^^^^
AttributeError: 'Member' object has no attribute 'timed_out_until'
Ignoring exception in on_member_update
Traceback (most recent call last):
  File "/usr/local/lib/python3.12/site-packages/discord/client.py", line 465, in _run_event
    await coro(*args, **kwargs)
  File "/app/asu_discord/cogs/analytics.py", line 652, in on_member_update
    before_timeout = before.timed_out_until
                     ^^^^^^^^^^^^^^^^^^^^^^
AttributeError: 'Member' object has no attribute 'timed_out_until'
Ignoring exception in on_member_update
Traceback (most recent call last):
  File "/usr/local/lib/python3.12/site-packages/discord/client.py", line 465, in _run_event
    await coro(*args, **kwargs)
  File "/app/asu_discord/cogs/analytics.py", line 652, in on_member_update
    before_timeout = before.timed_out_until
                     ^^^^^^^^^^^^^^^^^^^^^^
AttributeError: 'Member' object has no attribute 'timed_out_until'
Ignoring exception in on_member_update
Traceback (most recent call last):
  File "/usr/local/lib/python3.12/site-packages/discord/client.py", line 465, in _run_event
    await coro(*args, **kwargs)
  File "/app/asu_discord/cogs/analytics.py", line 652, in on_member_update
    before_timeout = before.timed_out_until
                     ^^^^^^^^^^^^^^^^^^^^^^
AttributeError: 'Member' object has no attribute 'timed_out_until'
Ignoring exception in on_member_update
Traceback (most recent call last):
  File "/usr/local/lib/python3.12/site-packages/discord/client.py", line 465, in _run_event
    await coro(*args, **kwargs)
  File "/app/asu_discord/cogs/analytics.py", line 652, in on_member_update
    before_timeout = before.timed_out_until
                     ^^^^^^^^^^^^^^^^^^^^^^
AttributeError: 'Member' object has no attribute 'timed_out_until'
INFO:asu_discord.cogs.verification:Saved 4 roles to database for user dmehedin (Discord ID: 1234882452359741572)
INFO:asu_discord.cogs.verification:Refreshed Salesforce roles for Discord user 1234882452359741572: -4/+4 roles, assigned=[College of Integrative Sciences and Arts, Out of State, Polytechnic, Transfer Student]
Ignoring exception in on_member_update
Traceback (most recent call last):
  File "/usr/local/lib/python3.12/site-packages/discord/client.py", line 465, in _run_event
    await coro(*args, **kwargs)
  File "/app/asu_discord/cogs/analytics.py", line 652, in on_member_update
    before_timeout = before.timed_out_until
                     ^^^^^^^^^^^^^^^^^^^^^^
AttributeError: 'Member' object has no attribute 'timed_out_until'
Ignoring exception in on_member_update
Traceback (most recent call last):
  File "/usr/local/lib/python3.12/site-packages/discord/client.py", line 465, in _run_event
    await coro(*args, **kwargs)
  File "/app/asu_discord/cogs/analytics.py", line 652, in on_member_update
    before_timeout = before.timed_out_until
                     ^^^^^^^^^^^^^^^^^^^^^^
AttributeError: 'Member' object has no attribute 'timed_out_until'
Ignoring exception in on_member_update
Traceback (most recent call last):
  File "/usr/local/lib/python3.12/site-packages/discord/client.py", line 465, in _run_event
    await coro(*args, **kwargs)
  File "/app/asu_discord/cogs/analytics.py", line 652, in on_member_update
    before_timeout = before.timed_out_until
                     ^^^^^^^^^^^^^^^^^^^^^^
AttributeError: 'Member' object has no attribute 'timed_out_until'
Ignoring exception in on_member_update
Traceback (most recent call last):
  File "/usr/local/lib/python3.12/site-packages/discord/client.py", line 465, in _run_event
    await coro(*args, **kwargs)
  File "/app/asu_discord/cogs/analytics.py", line 652, in on_member_update
    before_timeout = before.timed_out_until
                     ^^^^^^^^^^^^^^^^^^^^^^
AttributeError: 'Member' object has no attribute 'timed_out_until'
Ignoring exception in on_member_update
Traceback (most recent call last):
  File "/usr/local/lib/python3.12/site-packages/discord/client.py", line 465, in _run_event
    await coro(*args, **kwargs)
  File "/app/asu_discord/cogs/analytics.py", line 652, in on_member_update
    before_timeout = before.timed_out_until
                     ^^^^^^^^^^^^^^^^^^^^^^
AttributeError: 'Member' object has no attribute 'timed_out_until'
Ignoring exception in on_member_update
Traceback (most recent call last):
  File "/usr/local/lib/python3.12/site-packages/discord/client.py", line 465, in _run_event
    await coro(*args, **kwargs)
  File "/app/asu_discord/cogs/analytics.py", line 652, in on_member_update
    before_timeout = before.timed_out_until
                     ^^^^^^^^^^^^^^^^^^^^^^
AttributeError: 'Member' object has no attribute 'timed_out_until'
Ignoring exception in on_member_update
Traceback (most recent call last):
  File "/usr/local/lib/python3.12/site-packages/discord/client.py", line 465, in _run_event
    await coro(*args, **kwargs)
  File "/app/asu_discord/cogs/analytics.py", line 652, in on_member_update
    before_timeout = before.timed_out_until
                     ^^^^^^^^^^^^^^^^^^^^^^
AttributeError: 'Member' object has no attribute 'timed_out_until'
Ignoring exception in on_member_update
Traceback (most recent call last):
  File "/usr/local/lib/python3.12/site-packages/discord/client.py", line 465, in _run_event
    await coro(*args, **kwargs)
  File "/app/asu_discord/cogs/analytics.py", line 652, in on_member_update
    before_timeout = before.timed_out_until
                     ^^^^^^^^^^^^^^^^^^^^^^
AttributeError: 'Member' object has no attribute 'timed_out_until'
Ignoring exception in on_member_update
Traceback (most recent call last):
  File "/usr/local/lib/python3.12/site-packages/discord/client.py", line 465, in _run_event
    await coro(*args, **kwargs)
  File "/app/asu_discord/cogs/analytics.py", line 652, in on_member_update
    before_timeout = before.timed_out_until
                     ^^^^^^^^^^^^^^^^^^^^^^
AttributeError: 'Member' object has no attribute 'timed_out_until'
Ignoring exception in on_member_update
Traceback (most recent call last):
  File "/usr/local/lib/python3.12/site-packages/discord/client.py", line 465, in _run_event
    await coro(*args, **kwargs)
  File "/app/asu_discord/cogs/analytics.py", line 652, in on_member_update
    before_timeout = before.timed_out_until
                     ^^^^^^^^^^^^^^^^^^^^^^
AttributeError: 'Member' object has no attribute 'timed_out_until'
Ignoring exception in on_member_update
Traceback (most recent call last):
  File "/usr/local/lib/python3.12/site-packages/discord/client.py", line 465, in _run_event
    await coro(*args, **kwargs)
  File "/app/asu_discord/cogs/analytics.py", line 652, in on_member_update
    before_timeout = before.timed_out_until
                     ^^^^^^^^^^^^^^^^^^^^^^
AttributeError: 'Member' object has no attribute 'timed_out_until'
Ignoring exception in on_member_update
Traceback (most recent call last):
  File "/usr/local/lib/python3.12/site-packages/discord/client.py", line 465, in _run_event
    await coro(*args, **kwargs)
  File "/app/asu_discord/cogs/analytics.py", line 652, in on_member_update
    before_timeout = before.timed_out_until
                     ^^^^^^^^^^^^^^^^^^^^^^
AttributeError: 'Member' object has no attribute 'timed_out_until'
INFO:asu_discord.cogs.verification:Saved 6 roles to database for user tthomp96 (Discord ID: 334926416242278402)
INFO:asu_discord.cogs.verification:Refreshed Salesforce roles for Discord user 334926416242278402: -6/+6 roles, assigned=[Arizona Resident, Commited, First Year, Ira A. Fulton Schools of Engineering, Tempe, Upperclassmen]
Ignoring exception in on_member_update
Traceback (most recent call last):
  File "/usr/local/lib/python3.12/site-packages/discord/client.py", line 465, in _run_event
    await coro(*args, **kwargs)
  File "/app/asu_discord/cogs/analytics.py", line 652, in on_member_update
    before_timeout = before.timed_out_until
                     ^^^^^^^^^^^^^^^^^^^^^^
AttributeError: 'Member' object has no attribute 'timed_out_until'
Ignoring exception in on_member_update
Traceback (most recent call last):
  File "/usr/local/lib/python3.12/site-packages/discord/client.py", line 465, in _run_event
    await coro(*args, **kwargs)
  File "/app/asu_discord/cogs/analytics.py", line 652, in on_member_update
    before_timeout = before.timed_out_until
                     ^^^^^^^^^^^^^^^^^^^^^^
AttributeError: 'Member' object has no attribute 'timed_out_until'
Ignoring exception in on_member_update
Traceback (most recent call last):
  File "/usr/local/lib/python3.12/site-packages/discord/client.py", line 465, in _run_event
    await coro(*args, **kwargs)
  File "/app/asu_discord/cogs/analytics.py", line 652, in on_member_update
    before_timeout = before.timed_out_until
                     ^^^^^^^^^^^^^^^^^^^^^^
AttributeError: 'Member' object has no attribute 'timed_out_until'
Ignoring exception in on_member_update
Traceback (most recent call last):
  File "/usr/local/lib/python3.12/site-packages/discord/client.py", line 465, in _run_event
    await coro(*args, **kwargs)
  File "/app/asu_discord/cogs/analytics.py", line 652, in on_member_update
    before_timeout = before.timed_out_until
                     ^^^^^^^^^^^^^^^^^^^^^^
AttributeError: 'Member' object has no attribute 'timed_out_until'
Ignoring exception in on_member_update
Traceback (most recent call last):
  File "/usr/local/lib/python3.12/site-packages/discord/client.py", line 465, in _run_event
    await coro(*args, **kwargs)
  File "/app/asu_discord/cogs/analytics.py", line 652, in on_member_update
    before_timeout = before.timed_out_until
                     ^^^^^^^^^^^^^^^^^^^^^^
AttributeError: 'Member' object has no attribute 'timed_out_until'
Ignoring exception in on_member_update
Traceback (most recent call last):
  File "/usr/local/lib/python3.12/site-packages/discord/client.py", line 465, in _run_event
    await coro(*args, **kwargs)
  File "/app/asu_discord/cogs/analytics.py", line 652, in on_member_update
    before_timeout = before.timed_out_until
                     ^^^^^^^^^^^^^^^^^^^^^^
AttributeError: 'Member' object has no attribute 'timed_out_until'
Ignoring exception in on_member_update
Traceback (most recent call last):
  File "/usr/local/lib/python3.12/site-packages/discord/client.py", line 465, in _run_event
    await coro(*args, **kwargs)
  File "/app/asu_discord/cogs/analytics.py", line 652, in on_member_update
    before_timeout = before.timed_out_until
                     ^^^^^^^^^^^^^^^^^^^^^^
AttributeError: 'Member' object has no attribute 'timed_out_until'
Ignoring exception in on_member_update
Traceback (most recent call last):
  File "/usr/local/lib/python3.12/site-packages/discord/client.py", line 465, in _run_event
    await coro(*args, **kwargs)
  File "/app/asu_discord/cogs/analytics.py", line 652, in on_member_update
    before_timeout = before.timed_out_until
                     ^^^^^^^^^^^^^^^^^^^^^^
AttributeError: 'Member' object has no attribute 'timed_out_until'
Ignoring exception in on_member_update
Traceback (most recent call last):
  File "/usr/local/lib/python3.12/site-packages/discord/client.py", line 465, in _run_event
    await coro(*args, **kwargs)
  File "/app/asu_discord/cogs/analytics.py", line 652, in on_member_update
    before_timeout = before.timed_out_until
                     ^^^^^^^^^^^^^^^^^^^^^^
AttributeError: 'Member' object has no attribute 'timed_out_until'
INFO:asu_discord.cogs.verification:Saved 5 roles to database for user myoshimi (Discord ID: 1474168886310998201)
INFO:asu_discord.cogs.verification:Refreshed Salesforce roles for Discord user 1474168886310998201: -5/+4 roles, assigned=[Commited, International Student, Ira A. Fulton Schools of Engineering, Tempe, Transfer Student]
Ignoring exception in on_member_update
Traceback (most recent call last):
  File "/usr/local/lib/python3.12/site-packages/discord/client.py", line 465, in _run_event
    await coro(*args, **kwargs)
  File "/app/asu_discord/cogs/analytics.py", line 652, in on_member_update
    before_timeout = before.timed_out_until
                     ^^^^^^^^^^^^^^^^^^^^^^
AttributeError: 'Member' object has no attribute 'timed_out_until'
Ignoring exception in on_member_update
Traceback (most recent call last):
  File "/usr/local/lib/python3.12/site-packages/discord/client.py", line 465, in _run_event
    await coro(*args, **kwargs)
  File "/app/asu_discord/cogs/analytics.py", line 652, in on_member_update
    before_timeout = before.timed_out_until
                     ^^^^^^^^^^^^^^^^^^^^^^
AttributeError: 'Member' object has no attribute 'timed_out_until'
Ignoring exception in on_member_update
Traceback (most recent call last):
  File "/usr/local/lib/python3.12/site-packages/discord/client.py", line 465, in _run_event
    await coro(*args, **kwargs)
  File "/app/asu_discord/cogs/analytics.py", line 652, in on_member_update
    before_timeout = before.timed_out_until
                     ^^^^^^^^^^^^^^^^^^^^^^
AttributeError: 'Member' object has no attribute 'timed_out_until'
Ignoring exception in on_member_update
Traceback (most recent call last):
  File "/usr/local/lib/python3.12/site-packages/discord/client.py", line 465, in _run_event
    await coro(*args, **kwargs)
  File "/app/asu_discord/cogs/analytics.py", line 652, in on_member_update
    before_timeout = before.timed_out_until
                     ^^^^^^^^^^^^^^^^^^^^^^
AttributeError: 'Member' object has no attribute 'timed_out_until'
Ignoring exception in on_member_update
Traceback (most recent call last):
  File "/usr/local/lib/python3.12/site-packages/discord/client.py", line 465, in _run_event
    await coro(*args, **kwargs)
  File "/app/asu_discord/cogs/analytics.py", line 652, in on_member_update
    before_timeout = before.timed_out_until
                     ^^^^^^^^^^^^^^^^^^^^^^
AttributeError: 'Member' object has no attribute 'timed_out_until'
Ignoring exception in on_member_update
Traceback (most recent call last):
  File "/usr/local/lib/python3.12/site-packages/discord/client.py", line 465, in _run_event
    await coro(*args, **kwargs)
  File "/app/asu_discord/cogs/analytics.py", line 652, in on_member_update
    before_timeout = before.timed_out_until
                     ^^^^^^^^^^^^^^^^^^^^^^
AttributeError: 'Member' object has no attribute 'timed_out_until'
Ignoring exception in on_member_update
Traceback (most recent call last):
  File "/usr/local/lib/python3.12/site-packages/discord/client.py", line 465, in _run_event
    await coro(*args, **kwargs)
  File "/app/asu_discord/cogs/analytics.py", line 652, in on_member_update
    before_timeout = before.timed_out_until
                     ^^^^^^^^^^^^^^^^^^^^^^
AttributeError: 'Member' object has no attribute 'timed_out_until'
Ignoring exception in on_member_update
Traceback (most recent call last):
  File "/usr/local/lib/python3.12/site-packages/discord/client.py", line 465, in _run_event
    await coro(*args, **kwargs)
  File "/app/asu_discord/cogs/analytics.py", line 652, in on_member_update
    before_timeout = before.timed_out_until
                     ^^^^^^^^^^^^^^^^^^^^^^
AttributeError: 'Member' object has no attribute 'timed_out_until'
INFO:asu_discord.cogs.verification:Saved 4 roles to database for user rkambow (Discord ID: 1274849937548382219)
INFO:asu_discord.cogs.verification:Refreshed Salesforce roles for Discord user 1274849937548382219: -4/+4 roles, assigned=[Graduate Student, International Student, Tempe, W.P. Carey School of Business]
INFO:discord.gateway:Websocket closed with 1006, attempting a reconnect.
INFO:discord.client:Got a request to RESUME the websocket.
ERROR:cron.jobs:refresh_salesforce_roles: failed for ayshaik2 (Discord ID 573277190158811136): Failed to refresh Salesforce-based roles: Discord user 573277190158811136 is not a member of the guild
INFO:discord.gateway:Shard ID None has sent the RESUME payload.
INFO:discord.gateway:Shard ID None has successfully RESUMED session 6e3407fd591f617e4a33b69139a85b12 under trace ["gateway-prd-arm-us-east1-c-s1fq",{"micros":557,"calls":["id_created",{"micros":0,"calls":[]},"session_lookup_time",{"micros":253,"calls":[]},"session_lookup_finished",{"micros":9,"calls":[]},"sessions-prd-gcp-us-east1-b-23",{"micros":50}]}].
Ignoring exception in on_member_update
Traceback (most recent call last):
  File "/usr/local/lib/python3.12/site-packages/discord/client.py", line 465, in _run_event
    await coro(*args, **kwargs)
  File "/app/asu_discord/cogs/analytics.py", line 652, in on_member_update
    before_timeout = before.timed_out_until
                     ^^^^^^^^^^^^^^^^^^^^^^
AttributeError: 'Member' object has no attribute 'timed_out_until'
Ignoring exception in on_member_update
Traceback (most recent call last):
  File "/usr/local/lib/python3.12/site-packages/discord/client.py", line 465, in _run_event
    await coro(*args, **kwargs)
  File "/app/asu_discord/cogs/analytics.py", line 652, in on_member_update
    before_timeout = before.timed_out_until
                     ^^^^^^^^^^^^^^^^^^^^^^
AttributeError: 'Member' object has no attribute 'timed_out_until'
Ignoring exception in on_member_update
Traceback (most recent call last):
  File "/usr/local/lib/python3.12/site-packages/discord/client.py", line 465, in _run_event
    await coro(*args, **kwargs)
  File "/app/asu_discord/cogs/analytics.py", line 652, in on_member_update
    before_timeout = before.timed_out_until
                     ^^^^^^^^^^^^^^^^^^^^^^
AttributeError: 'Member' object has no attribute 'timed_out_until'
Ignoring exception in on_member_update
Traceback (most recent call last):
  File "/usr/local/lib/python3.12/site-packages/discord/client.py", line 465, in _run_event
    await coro(*args, **kwargs)
  File "/app/asu_discord/cogs/analytics.py", line 652, in on_member_update
    before_timeout = before.timed_out_until
                     ^^^^^^^^^^^^^^^^^^^^^^
AttributeError: 'Member' object has no attribute 'timed_out_until'
Ignoring exception in on_member_update
Traceback (most recent call last):
  File "/usr/local/lib/python3.12/site-packages/discord/client.py", line 465, in _run_event
    await coro(*args, **kwargs)
  File "/app/asu_discord/cogs/analytics.py", line 652, in on_member_update
    before_timeout = before.timed_out_until
                     ^^^^^^^^^^^^^^^^^^^^^^
AttributeError: 'Member' object has no attribute 'timed_out_until'
Ignoring exception in on_member_update
Traceback (most recent call last):
  File "/usr/local/lib/python3.12/site-packages/discord/client.py", line 465, in _run_event
    await coro(*args, **kwargs)
  File "/app/asu_discord/cogs/analytics.py", line 652, in on_member_update
    before_timeout = before.timed_out_until
                     ^^^^^^^^^^^^^^^^^^^^^^
AttributeError: 'Member' object has no attribute 'timed_out_until'
Ignoring exception in on_member_update
Traceback (most recent call last):
  File "/usr/local/lib/python3.12/site-packages/discord/client.py", line 465, in _run_event
    await coro(*args, **kwargs)
  File "/app/asu_discord/cogs/analytics.py", line 652, in on_member_update
    before_timeout = before.timed_out_until
                     ^^^^^^^^^^^^^^^^^^^^^^
AttributeError: 'Member' object has no attribute 'timed_out_until'
Ignoring exception in on_member_update
Traceback (most recent call last):
  File "/usr/local/lib/python3.12/site-packages/discord/client.py", line 465, in _run_event
    await coro(*args, **kwargs)
  File "/app/asu_discord/cogs/analytics.py", line 652, in on_member_update
    before_timeout = before.timed_out_until
                     ^^^^^^^^^^^^^^^^^^^^^^
AttributeError: 'Member' object has no attribute 'timed_out_until'
Ignoring exception in on_member_update
Traceback (most recent call last):
  File "/usr/local/lib/python3.12/site-packages/discord/client.py", line 465, in _run_event
    await coro(*args, **kwargs)
  File "/app/asu_discord/cogs/analytics.py", line 652, in on_member_update
    before_timeout = before.timed_out_until
                     ^^^^^^^^^^^^^^^^^^^^^^
AttributeError: 'Member' object has no attribute 'timed_out_until'
Ignoring exception in on_member_update
Traceback (most recent call last):
  File "/usr/local/lib/python3.12/site-packages/discord/client.py", line 465, in _run_event
    await coro(*args, **kwargs)
  File "/app/asu_discord/cogs/analytics.py", line 652, in on_member_update
    before_timeout = before.timed_out_until
                     ^^^^^^^^^^^^^^^^^^^^^^
AttributeError: 'Member' object has no attribute 'timed_out_until'
INFO:asu_discord.cogs.verification:Saved 5 roles to database for user jzamor20 (Discord ID: 1485154207240683620)
INFO:asu_discord.cogs.verification:Refreshed Salesforce roles for Discord user 1485154207240683620: -5/+5 roles, assigned=[Arizona Resident, First Generation Student, First Year, Ira A. Fulton Schools of Engineering, Polytechnic]
Ignoring exception in on_member_update
Traceback (most recent call last):
  File "/usr/local/lib/python3.12/site-packages/discord/client.py", line 465, in _run_event
    await coro(*args, **kwargs)
  File "/app/asu_discord/cogs/analytics.py", line 652, in on_member_update
    before_timeout = before.timed_out_until
                     ^^^^^^^^^^^^^^^^^^^^^^
AttributeError: 'Member' object has no attribute 'timed_out_until'
Ignoring exception in on_member_update
Traceback (most recent call last):
  File "/usr/local/lib/python3.12/site-packages/discord/client.py", line 465, in _run_event
    await coro(*args, **kwargs)
  File "/app/asu_discord/cogs/analytics.py", line 652, in on_member_update
    before_timeout = before.timed_out_until
                     ^^^^^^^^^^^^^^^^^^^^^^
AttributeError: 'Member' object has no attribute 'timed_out_until'
Ignoring exception in on_member_update
Traceback (most recent call last):
  File "/usr/local/lib/python3.12/site-packages/discord/client.py", line 465, in _run_event
    await coro(*args, **kwargs)
  File "/app/asu_discord/cogs/analytics.py", line 652, in on_member_update
    before_timeout = before.timed_out_until
                     ^^^^^^^^^^^^^^^^^^^^^^
AttributeError: 'Member' object has no attribute 'timed_out_until'
Ignoring exception in on_member_update
Traceback (most recent call last):
  File "/usr/local/lib/python3.12/site-packages/discord/client.py", line 465, in _run_event
    await coro(*args, **kwargs)
  File "/app/asu_discord/cogs/analytics.py", line 652, in on_member_update
    before_timeout = before.timed_out_until
                     ^^^^^^^^^^^^^^^^^^^^^^
AttributeError: 'Member' object has no attribute 'timed_out_until'
Ignoring exception in on_member_update
Traceback (most recent call last):
  File "/usr/local/lib/python3.12/site-packages/discord/client.py", line 465, in _run_event
    await coro(*args, **kwargs)
  File "/app/asu_discord/cogs/analytics.py", line 652, in on_member_update
    before_timeout = before.timed_out_until
                     ^^^^^^^^^^^^^^^^^^^^^^
AttributeError: 'Member' object has no attribute 'timed_out_until'
Ignoring exception in on_member_update
Traceback (most recent call last):
  File "/usr/local/lib/python3.12/site-packages/discord/client.py", line 465, in _run_event
    await coro(*args, **kwargs)
  File "/app/asu_discord/cogs/analytics.py", line 652, in on_member_update
    before_timeout = before.timed_out_until
                     ^^^^^^^^^^^^^^^^^^^^^^
AttributeError: 'Member' object has no attribute 'timed_out_until'
Ignoring exception in on_member_update
Traceback (most recent call last):
  File "/usr/local/lib/python3.12/site-packages/discord/client.py", line 465, in _run_event
    await coro(*args, **kwargs)
  File "/app/asu_discord/cogs/analytics.py", line 652, in on_member_update
    before_timeout = before.timed_out_until
                     ^^^^^^^^^^^^^^^^^^^^^^
AttributeError: 'Member' object has no attribute 'timed_out_until'
Ignoring exception in on_member_update
Traceback (most recent call last):
  File "/usr/local/lib/python3.12/site-packages/discord/client.py", line 465, in _run_event
    await coro(*args, **kwargs)
  File "/app/asu_discord/cogs/analytics.py", line 652, in on_member_update
    before_timeout = before.timed_out_until
                     ^^^^^^^^^^^^^^^^^^^^^^
AttributeError: 'Member' object has no attribute 'timed_out_until'
Ignoring exception in on_member_update
Traceback (most recent call last):
  File "/usr/local/lib/python3.12/site-packages/discord/client.py", line 465, in _run_event
    await coro(*args, **kwargs)
  File "/app/asu_discord/cogs/analytics.py", line 652, in on_member_update
    before_timeout = before.timed_out_until
                     ^^^^^^^^^^^^^^^^^^^^^^
AttributeError: 'Member' object has no attribute 'timed_out_until'
Ignoring exception in on_member_update
Traceback (most recent call last):
  File "/usr/local/lib/python3.12/site-packages/discord/client.py", line 465, in _run_event
    await coro(*args, **kwargs)
  File "/app/asu_discord/cogs/analytics.py", line 652, in on_member_update
    before_timeout = before.timed_out_until
                     ^^^^^^^^^^^^^^^^^^^^^^
AttributeError: 'Member' object has no attribute 'timed_out_until'
INFO:asu_discord.cogs.verification:Saved 5 roles to database for user xinyulee (Discord ID: 946932375596703795)
INFO:asu_discord.cogs.verification:Refreshed Salesforce roles for Discord user 946932375596703795: -5/+5 roles, assigned=[Commited, International Student, Polytechnic, Transfer Student, Walter Cronkite School of Journalism and Mass Communication]
Ignoring exception in on_member_update
Traceback (most recent call last):
  File "/usr/local/lib/python3.12/site-packages/discord/client.py", line 465, in _run_event
    await coro(*args, **kwargs)
  File "/app/asu_discord/cogs/analytics.py", line 652, in on_member_update
    before_timeout = before.timed_out_until
                     ^^^^^^^^^^^^^^^^^^^^^^
AttributeError: 'Member' object has no attribute 'timed_out_until'
Ignoring exception in on_member_update
Traceback (most recent call last):
  File "/usr/local/lib/python3.12/site-packages/discord/client.py", line 465, in _run_event
    await coro(*args, **kwargs)
  File "/app/asu_discord/cogs/analytics.py", line 652, in on_member_update
    before_timeout = before.timed_out_until
                     ^^^^^^^^^^^^^^^^^^^^^^
AttributeError: 'Member' object has no attribute 'timed_out_until'
Ignoring exception in on_member_update
Traceback (most recent call last):
  File "/usr/local/lib/python3.12/site-packages/discord/client.py", line 465, in _run_event
    await coro(*args, **kwargs)
  File "/app/asu_discord/cogs/analytics.py", line 652, in on_member_update
    before_timeout = before.timed_out_until
                     ^^^^^^^^^^^^^^^^^^^^^^
AttributeError: 'Member' object has no attribute 'timed_out_until'
Ignoring exception in on_member_update
Traceback (most recent call last):
  File "/usr/local/lib/python3.12/site-packages/discord/client.py", line 465, in _run_event
    await coro(*args, **kwargs)
  File "/app/asu_discord/cogs/analytics.py", line 652, in on_member_update
    before_timeout = before.timed_out_until
                     ^^^^^^^^^^^^^^^^^^^^^^
AttributeError: 'Member' object has no attribute 'timed_out_until'
Ignoring exception in on_member_update
Traceback (most recent call last):
  File "/usr/local/lib/python3.12/site-packages/discord/client.py", line 465, in _run_event
    await coro(*args, **kwargs)
  File "/app/asu_discord/cogs/analytics.py", line 652, in on_member_update
    before_timeout = before.timed_out_until
                     ^^^^^^^^^^^^^^^^^^^^^^
AttributeError: 'Member' object has no attribute 'timed_out_until'
Ignoring exception in on_member_update
Traceback (most recent call last):
  File "/usr/local/lib/python3.12/site-packages/discord/client.py", line 465, in _run_event
    await coro(*args, **kwargs)
  File "/app/asu_discord/cogs/analytics.py", line 652, in on_member_update
    before_timeout = before.timed_out_until
                     ^^^^^^^^^^^^^^^^^^^^^^
AttributeError: 'Member' object has no attribute 'timed_out_until'
Ignoring exception in on_member_update
Traceback (most recent call last):
  File "/usr/local/lib/python3.12/site-packages/discord/client.py", line 465, in _run_event
    await coro(*args, **kwargs)
  File "/app/asu_discord/cogs/analytics.py", line 652, in on_member_update
    before_timeout = before.timed_out_until
                     ^^^^^^^^^^^^^^^^^^^^^^
AttributeError: 'Member' object has no attribute 'timed_out_until'
Ignoring exception in on_member_update
Traceback (most recent call last):
  File "/usr/local/lib/python3.12/site-packages/discord/client.py", line 465, in _run_event
    await coro(*args, **kwargs)
  File "/app/asu_discord/cogs/analytics.py", line 652, in on_member_update
    before_timeout = before.timed_out_until
                     ^^^^^^^^^^^^^^^^^^^^^^
AttributeError: 'Member' object has no attribute 'timed_out_until'
Ignoring exception in on_member_update
Traceback (most recent call last):
  File "/usr/local/lib/python3.12/site-packages/discord/client.py", line 465, in _run_event
    await coro(*args, **kwargs)
  File "/app/asu_discord/cogs/analytics.py", line 652, in on_member_update
    before_timeout = before.timed_out_until
                     ^^^^^^^^^^^^^^^^^^^^^^
AttributeError: 'Member' object has no attribute 'timed_out_until'
Ignoring exception in on_member_update
Traceback (most recent call last):
  File "/usr/local/lib/python3.12/site-packages/discord/client.py", line 465, in _run_event
    await coro(*args, **kwargs)
  File "/app/asu_discord/cogs/analytics.py", line 652, in on_member_update
    before_timeout = before.timed_out_until
                     ^^^^^^^^^^^^^^^^^^^^^^
AttributeError: 'Member' object has no attribute 'timed_out_until'
INFO:asu_discord.cogs.verification:Saved 6 roles to database for user ldietze1 (Discord ID: 1135369235707740231)
INFO:asu_discord.cogs.verification:Refreshed Salesforce roles for Discord user 1135369235707740231: -4/+6 roles, assigned=[Commited, First Generation Student, First Year, Ira A. Fulton Schools of Engineering, Out of State, Tempe]
Ignoring exception in on_member_update
Traceback (most recent call last):
  File "/usr/local/lib/python3.12/site-packages/discord/client.py", line 465, in _run_event
    await coro(*args, **kwargs)
  File "/app/asu_discord/cogs/analytics.py", line 652, in on_member_update
    before_timeout = before.timed_out_until
                     ^^^^^^^^^^^^^^^^^^^^^^
AttributeError: 'Member' object has no attribute 'timed_out_until'
Ignoring exception in on_member_update
Traceback (most recent call last):
  File "/usr/local/lib/python3.12/site-packages/discord/client.py", line 465, in _run_event
    await coro(*args, **kwargs)
  File "/app/asu_discord/cogs/analytics.py", line 652, in on_member_update
    before_timeout = before.timed_out_until
                     ^^^^^^^^^^^^^^^^^^^^^^
AttributeError: 'Member' object has no attribute 'timed_out_until'
Ignoring exception in on_member_update
Traceback (most recent call last):
  File "/usr/local/lib/python3.12/site-packages/discord/client.py", line 465, in _run_event
    await coro(*args, **kwargs)
  File "/app/asu_discord/cogs/analytics.py", line 652, in on_member_update
    before_timeout = before.timed_out_until
                     ^^^^^^^^^^^^^^^^^^^^^^
AttributeError: 'Member' object has no attribute 'timed_out_until'
Ignoring exception in on_member_update
Traceback (most recent call last):
  File "/usr/local/lib/python3.12/site-packages/discord/client.py", line 465, in _run_event
    await coro(*args, **kwargs)
  File "/app/asu_discord/cogs/analytics.py", line 652, in on_member_update
    before_timeout = before.timed_out_until
                     ^^^^^^^^^^^^^^^^^^^^^^
AttributeError: 'Member' object has no attribute 'timed_out_until'
Ignoring exception in on_member_update
Traceback (most recent call last):
  File "/usr/local/lib/python3.12/site-packages/discord/client.py", line 465, in _run_event
    await coro(*args, **kwargs)
  File "/app/asu_discord/cogs/analytics.py", line 652, in on_member_update
    before_timeout = before.timed_out_until
                     ^^^^^^^^^^^^^^^^^^^^^^
AttributeError: 'Member' object has no attribute 'timed_out_until'
Ignoring exception in on_member_update
Traceback (most recent call last):
  File "/usr/local/lib/python3.12/site-packages/discord/client.py", line 465, in _run_event
    await coro(*args, **kwargs)
  File "/app/asu_discord/cogs/analytics.py", line 652, in on_member_update
    before_timeout = before.timed_out_until
                     ^^^^^^^^^^^^^^^^^^^^^^
AttributeError: 'Member' object has no attribute 'timed_out_until'
Ignoring exception in on_member_update
Traceback (most recent call last):
  File "/usr/local/lib/python3.12/site-packages/discord/client.py", line 465, in _run_event
    await coro(*args, **kwargs)
  File "/app/asu_discord/cogs/analytics.py", line 652, in on_member_update
    before_timeout = before.timed_out_until
                     ^^^^^^^^^^^^^^^^^^^^^^
AttributeError: 'Member' object has no attribute 'timed_out_until'
Ignoring exception in on_member_update
Traceback (most recent call last):
  File "/usr/local/lib/python3.12/site-packages/discord/client.py", line 465, in _run_event
    await coro(*args, **kwargs)
  File "/app/asu_discord/cogs/analytics.py", line 652, in on_member_update
    before_timeout = before.timed_out_until
                     ^^^^^^^^^^^^^^^^^^^^^^
AttributeError: 'Member' object has no attribute 'timed_out_until'
Ignoring exception in on_member_update
Traceback (most recent call last):
  File "/usr/local/lib/python3.12/site-packages/discord/client.py", line 465, in _run_event
    await coro(*args, **kwargs)
  File "/app/asu_discord/cogs/analytics.py", line 652, in on_member_update
    before_timeout = before.timed_out_until
                     ^^^^^^^^^^^^^^^^^^^^^^
AttributeError: 'Member' object has no attribute 'timed_out_until'
Ignoring exception in on_member_update
Traceback (most recent call last):
  File "/usr/local/lib/python3.12/site-packages/discord/client.py", line 465, in _run_event
    await coro(*args, **kwargs)
  File "/app/asu_discord/cogs/analytics.py", line 652, in on_member_update
    before_timeout = before.timed_out_until
                     ^^^^^^^^^^^^^^^^^^^^^^
AttributeError: 'Member' object has no attribute 'timed_out_until'
INFO:asu_discord.cogs.verification:Saved 6 roles to database for user cdavanag (Discord ID: 1243270527271829515)
INFO:asu_discord.cogs.verification:Refreshed Salesforce roles for Discord user 1243270527271829515: -4/+6 roles, assigned=[Commited, First Generation Student, Graduate Student, International Student, Ira A. Fulton Schools of Engineering, Tempe]
Ignoring exception in on_member_update
Traceback (most recent call last):
  File "/usr/local/lib/python3.12/site-packages/discord/client.py", line 465, in _run_event
    await coro(*args, **kwargs)
  File "/app/asu_discord/cogs/analytics.py", line 652, in on_member_update
    before_timeout = before.timed_out_until
                     ^^^^^^^^^^^^^^^^^^^^^^
AttributeError: 'Member' object has no attribute 'timed_out_until'
Ignoring exception in on_member_update
Traceback (most recent call last):
  File "/usr/local/lib/python3.12/site-packages/discord/client.py", line 465, in _run_event
    await coro(*args, **kwargs)
  File "/app/asu_discord/cogs/analytics.py", line 652, in on_member_update
    before_timeout = before.timed_out_until
                     ^^^^^^^^^^^^^^^^^^^^^^
AttributeError: 'Member' object has no attribute 'timed_out_until'
Ignoring exception in on_member_update
Traceback (most recent call last):
  File "/usr/local/lib/python3.12/site-packages/discord/client.py", line 465, in _run_event
    await coro(*args, **kwargs)
  File "/app/asu_discord/cogs/analytics.py", line 652, in on_member_update
    before_timeout = before.timed_out_until
                     ^^^^^^^^^^^^^^^^^^^^^^
AttributeError: 'Member' object has no attribute 'timed_out_until'
Ignoring exception in on_member_update
Traceback (most recent call last):
  File "/usr/local/lib/python3.12/site-packages/discord/client.py", line 465, in _run_event
    await coro(*args, **kwargs)
  File "/app/asu_discord/cogs/analytics.py", line 652, in on_member_update
    before_timeout = before.timed_out_until
                     ^^^^^^^^^^^^^^^^^^^^^^
AttributeError: 'Member' object has no attribute 'timed_out_until'
Ignoring exception in on_member_update
Traceback (most recent call last):
  File "/usr/local/lib/python3.12/site-packages/discord/client.py", line 465, in _run_event
    await coro(*args, **kwargs)
  File "/app/asu_discord/cogs/analytics.py", line 652, in on_member_update
    before_timeout = before.timed_out_until
                     ^^^^^^^^^^^^^^^^^^^^^^
AttributeError: 'Member' object has no attribute 'timed_out_until'
Ignoring exception in on_member_update
Traceback (most recent call last):
  File "/usr/local/lib/python3.12/site-packages/discord/client.py", line 465, in _run_event
    await coro(*args, **kwargs)
  File "/app/asu_discord/cogs/analytics.py", line 652, in on_member_update
    before_timeout = before.timed_out_until
                     ^^^^^^^^^^^^^^^^^^^^^^
AttributeError: 'Member' object has no attribute 'timed_out_until'
Ignoring exception in on_member_update
Traceback (most recent call last):
  File "/usr/local/lib/python3.12/site-packages/discord/client.py", line 465, in _run_event
    await coro(*args, **kwargs)
  File "/app/asu_discord/cogs/analytics.py", line 652, in on_member_update
    before_timeout = before.timed_out_until
                     ^^^^^^^^^^^^^^^^^^^^^^
AttributeError: 'Member' object has no attribute 'timed_out_until'
Ignoring exception in on_member_update
Traceback (most recent call last):
  File "/usr/local/lib/python3.12/site-packages/discord/client.py", line 465, in _run_event
    await coro(*args, **kwargs)
  File "/app/asu_discord/cogs/analytics.py", line 652, in on_member_update
    before_timeout = before.timed_out_until
                     ^^^^^^^^^^^^^^^^^^^^^^
AttributeError: 'Member' object has no attribute 'timed_out_until'
INFO:asu_discord.cogs.verification:Saved 4 roles to database for user suvraroy (Discord ID: 1093541498588499988)
INFO:asu_discord.cogs.verification:Refreshed Salesforce roles for Discord user 1093541498588499988: -4/+4 roles, assigned=[First Year, International Student, Ira A. Fulton Schools of Engineering, Tempe]
Ignoring exception in on_member_update
Traceback (most recent call last):
  File "/usr/local/lib/python3.12/site-packages/discord/client.py", line 465, in _run_event
    await coro(*args, **kwargs)
  File "/app/asu_discord/cogs/analytics.py", line 652, in on_member_update
    before_timeout = before.timed_out_until
                     ^^^^^^^^^^^^^^^^^^^^^^
AttributeError: 'Member' object has no attribute 'timed_out_until'
Ignoring exception in on_member_update
Traceback (most recent call last):
  File "/usr/local/lib/python3.12/site-packages/discord/client.py", line 465, in _run_event
    await coro(*args, **kwargs)
  File "/app/asu_discord/cogs/analytics.py", line 652, in on_member_update
    before_timeout = before.timed_out_until
                     ^^^^^^^^^^^^^^^^^^^^^^
AttributeError: 'Member' object has no attribute 'timed_out_until'
Ignoring exception in on_member_update
Traceback (most recent call last):
  File "/usr/local/lib/python3.12/site-packages/discord/client.py", line 465, in _run_event
    await coro(*args, **kwargs)
  File "/app/asu_discord/cogs/analytics.py", line 652, in on_member_update
    before_timeout = before.timed_out_until
                     ^^^^^^^^^^^^^^^^^^^^^^
AttributeError: 'Member' object has no attribute 'timed_out_until'
Ignoring exception in on_member_update
Traceback (most recent call last):
  File "/usr/local/lib/python3.12/site-packages/discord/client.py", line 465, in _run_event
    await coro(*args, **kwargs)
  File "/app/asu_discord/cogs/analytics.py", line 652, in on_member_update
    before_timeout = before.timed_out_until
                     ^^^^^^^^^^^^^^^^^^^^^^
AttributeError: 'Member' object has no attribute 'timed_out_until'
Ignoring exception in on_member_update
Traceback (most recent call last):
  File "/usr/local/lib/python3.12/site-packages/discord/client.py", line 465, in _run_event
    await coro(*args, **kwargs)
  File "/app/asu_discord/cogs/analytics.py", line 652, in on_member_update
    before_timeout = before.timed_out_until
                     ^^^^^^^^^^^^^^^^^^^^^^
AttributeError: 'Member' object has no attribute 'timed_out_until'
Ignoring exception in on_member_update
Traceback (most recent call last):
  File "/usr/local/lib/python3.12/site-packages/discord/client.py", line 465, in _run_event
    await coro(*args, **kwargs)
  File "/app/asu_discord/cogs/analytics.py", line 652, in on_member_update
    before_timeout = before.timed_out_until
                     ^^^^^^^^^^^^^^^^^^^^^^
AttributeError: 'Member' object has no attribute 'timed_out_until'
Ignoring exception in on_member_update
Traceback (most recent call last):
  File "/usr/local/lib/python3.12/site-packages/discord/client.py", line 465, in _run_event
    await coro(*args, **kwargs)
  File "/app/asu_discord/cogs/analytics.py", line 652, in on_member_update
    before_timeout = before.timed_out_until
                     ^^^^^^^^^^^^^^^^^^^^^^
AttributeError: 'Member' object has no attribute 'timed_out_until'
Ignoring exception in on_member_update
Traceback (most recent call last):
  File "/usr/local/lib/python3.12/site-packages/discord/client.py", line 465, in _run_event
    await coro(*args, **kwargs)
  File "/app/asu_discord/cogs/analytics.py", line 652, in on_member_update
    before_timeout = before.timed_out_until
                     ^^^^^^^^^^^^^^^^^^^^^^
AttributeError: 'Member' object has no attribute 'timed_out_until'
Ignoring exception in on_member_update
Traceback (most recent call last):
  File "/usr/local/lib/python3.12/site-packages/discord/client.py", line 465, in _run_event
    await coro(*args, **kwargs)
  File "/app/asu_discord/cogs/analytics.py", line 652, in on_member_update
    before_timeout = before.timed_out_until
                     ^^^^^^^^^^^^^^^^^^^^^^
AttributeError: 'Member' object has no attribute 'timed_out_until'
Ignoring exception in on_member_update
Traceback (most recent call last):
  File "/usr/local/lib/python3.12/site-packages/discord/client.py", line 465, in _run_event
    await coro(*args, **kwargs)
  File "/app/asu_discord/cogs/analytics.py", line 652, in on_member_update
    before_timeout = before.timed_out_until
                     ^^^^^^^^^^^^^^^^^^^^^^
AttributeError: 'Member' object has no attribute 'timed_out_until'
Ignoring exception in on_member_update
Traceback (most recent call last):
  File "/usr/local/lib/python3.12/site-packages/discord/client.py", line 465, in _run_event
    await coro(*args, **kwargs)
  File "/app/asu_discord/cogs/analytics.py", line 652, in on_member_update
    before_timeout = before.timed_out_until
                     ^^^^^^^^^^^^^^^^^^^^^^
AttributeError: 'Member' object has no attribute 'timed_out_until'
Ignoring exception in on_member_update
Traceback (most recent call last):
  File "/usr/local/lib/python3.12/site-packages/discord/client.py", line 465, in _run_event
    await coro(*args, **kwargs)
  File "/app/asu_discord/cogs/analytics.py", line 652, in on_member_update
    before_timeout = before.timed_out_until
                     ^^^^^^^^^^^^^^^^^^^^^^
AttributeError: 'Member' object has no attribute 'timed_out_until'
ERROR:cron.jobs:refresh_salesforce_roles: failed for dacombel (Discord ID 812055173475729409): Timed out refresh Salesforce-based roles
ERROR:cron.jobs:refresh_salesforce_roles: failed for ncampag2 (Discord ID 739312869799231579): Failed to refresh Salesforce-based roles: Discord user 739312869799231579 is not a member of the guild
Ignoring exception in on_member_update
Traceback (most recent call last):
  File "/usr/local/lib/python3.12/site-packages/discord/client.py", line 465, in _run_event
    await coro(*args, **kwargs)
  File "/app/asu_discord/cogs/analytics.py", line 652, in on_member_update
    before_timeout = before.timed_out_until
                     ^^^^^^^^^^^^^^^^^^^^^^
AttributeError: 'Member' object has no attribute 'timed_out_until'
Ignoring exception in on_member_update
Traceback (most recent call last):
  File "/usr/local/lib/python3.12/site-packages/discord/client.py", line 465, in _run_event
    await coro(*args, **kwargs)
  File "/app/asu_discord/cogs/analytics.py", line 652, in on_member_update
    before_timeout = before.timed_out_until
                     ^^^^^^^^^^^^^^^^^^^^^^
AttributeError: 'Member' object has no attribute 'timed_out_until'
Ignoring exception in on_member_update
Traceback (most recent call last):
  File "/usr/local/lib/python3.12/site-packages/discord/client.py", line 465, in _run_event
    await coro(*args, **kwargs)
  File "/app/asu_discord/cogs/analytics.py", line 652, in on_member_update
    before_timeout = before.timed_out_until
                     ^^^^^^^^^^^^^^^^^^^^^^
AttributeError: 'Member' object has no attribute 'timed_out_until'
Ignoring exception in on_member_update
Traceback (most recent call last):
  File "/usr/local/lib/python3.12/site-packages/discord/client.py", line 465, in _run_event
    await coro(*args, **kwargs)
  File "/app/asu_discord/cogs/analytics.py", line 652, in on_member_update
    before_timeout = before.timed_out_until
                     ^^^^^^^^^^^^^^^^^^^^^^
AttributeError: 'Member' object has no attribute 'timed_out_until'
Ignoring exception in on_member_update
Traceback (most recent call last):
  File "/usr/local/lib/python3.12/site-packages/discord/client.py", line 465, in _run_event
    await coro(*args, **kwargs)
  File "/app/asu_discord/cogs/analytics.py", line 652, in on_member_update
    before_timeout = before.timed_out_until
                     ^^^^^^^^^^^^^^^^^^^^^^
AttributeError: 'Member' object has no attribute 'timed_out_until'
Ignoring exception in on_member_update
Traceback (most recent call last):
  File "/usr/local/lib/python3.12/site-packages/discord/client.py", line 465, in _run_event
    await coro(*args, **kwargs)
  File "/app/asu_discord/cogs/analytics.py", line 652, in on_member_update
    before_timeout = before.timed_out_until
                     ^^^^^^^^^^^^^^^^^^^^^^
AttributeError: 'Member' object has no attribute 'timed_out_until'
Ignoring exception in on_member_update
Traceback (most recent call last):
  File "/usr/local/lib/python3.12/site-packages/discord/client.py", line 465, in _run_event
    await coro(*args, **kwargs)
  File "/app/asu_discord/cogs/analytics.py", line 652, in on_member_update
    before_timeout = before.timed_out_until
                     ^^^^^^^^^^^^^^^^^^^^^^
AttributeError: 'Member' object has no attribute 'timed_out_until'
Ignoring exception in on_member_update
Traceback (most recent call last):
  File "/usr/local/lib/python3.12/site-packages/discord/client.py", line 465, in _run_event
    await coro(*args, **kwargs)
  File "/app/asu_discord/cogs/analytics.py", line 652, in on_member_update
    before_timeout = before.timed_out_until
                     ^^^^^^^^^^^^^^^^^^^^^^
AttributeError: 'Member' object has no attribute 'timed_out_until'
Ignoring exception in on_member_update
Traceback (most recent call last):
  File "/usr/local/lib/python3.12/site-packages/discord/client.py", line 465, in _run_event
    await coro(*args, **kwargs)
  File "/app/asu_discord/cogs/analytics.py", line 652, in on_member_update
    before_timeout = before.timed_out_until
                     ^^^^^^^^^^^^^^^^^^^^^^
AttributeError: 'Member' object has no attribute 'timed_out_until'
Ignoring exception in on_member_update
Traceback (most recent call last):
  File "/usr/local/lib/python3.12/site-packages/discord/client.py", line 465, in _run_event
    await coro(*args, **kwargs)
  File "/app/asu_discord/cogs/analytics.py", line 652, in on_member_update
    before_timeout = before.timed_out_until
                     ^^^^^^^^^^^^^^^^^^^^^^
AttributeError: 'Member' object has no attribute 'timed_out_until'
INFO:asu_discord.cogs.verification:Saved 5 roles to database for user drjames7 (Discord ID: 717881894406193193)
INFO:asu_discord.cogs.verification:Refreshed Salesforce roles for Discord user 717881894406193193: -5/+5 roles, assigned=[Arizona Resident, Downtown Phoenix, Graduate Student, Herberger Institute for Design and the Arts, Tempe]
Ignoring exception in on_member_update
Traceback (most recent call last):
  File "/usr/local/lib/python3.12/site-packages/discord/client.py", line 465, in _run_event
    await coro(*args, **kwargs)
  File "/app/asu_discord/cogs/analytics.py", line 652, in on_member_update
    before_timeout = before.timed_out_until
                     ^^^^^^^^^^^^^^^^^^^^^^
AttributeError: 'Member' object has no attribute 'timed_out_until'
Ignoring exception in on_member_update
Traceback (most recent call last):
  File "/usr/local/lib/python3.12/site-packages/discord/client.py", line 465, in _run_event
    await coro(*args, **kwargs)
  File "/app/asu_discord/cogs/analytics.py", line 652, in on_member_update
    before_timeout = before.timed_out_until
                     ^^^^^^^^^^^^^^^^^^^^^^
AttributeError: 'Member' object has no attribute 'timed_out_until'
Ignoring exception in on_member_update
Traceback (most recent call last):
  File "/usr/local/lib/python3.12/site-packages/discord/client.py", line 465, in _run_event
    await coro(*args, **kwargs)
  File "/app/asu_discord/cogs/analytics.py", line 652, in on_member_update
    before_timeout = before.timed_out_until
                     ^^^^^^^^^^^^^^^^^^^^^^
AttributeError: 'Member' object has no attribute 'timed_out_until'
Ignoring exception in on_member_update
Traceback (most recent call last):
  File "/usr/local/lib/python3.12/site-packages/discord/client.py", line 465, in _run_event
    await coro(*args, **kwargs)
  File "/app/asu_discord/cogs/analytics.py", line 652, in on_member_update
    before_timeout = before.timed_out_until
                     ^^^^^^^^^^^^^^^^^^^^^^
AttributeError: 'Member' object has no attribute 'timed_out_until'
Ignoring exception in on_member_update
Traceback (most recent call last):
  File "/usr/local/lib/python3.12/site-packages/discord/client.py", line 465, in _run_event
    await coro(*args, **kwargs)
  File "/app/asu_discord/cogs/analytics.py", line 652, in on_member_update
    before_timeout = before.timed_out_until
                     ^^^^^^^^^^^^^^^^^^^^^^
AttributeError: 'Member' object has no attribute 'timed_out_until'
Ignoring exception in on_member_update
Traceback (most recent call last):
  File "/usr/local/lib/python3.12/site-packages/discord/client.py", line 465, in _run_event
    await coro(*args, **kwargs)
  File "/app/asu_discord/cogs/analytics.py", line 652, in on_member_update
    before_timeout = before.timed_out_until
                     ^^^^^^^^^^^^^^^^^^^^^^
AttributeError: 'Member' object has no attribute 'timed_out_until'
Ignoring exception in on_member_update
Traceback (most recent call last):
  File "/usr/local/lib/python3.12/site-packages/discord/client.py", line 465, in _run_event
    await coro(*args, **kwargs)
  File "/app/asu_discord/cogs/analytics.py", line 652, in on_member_update
    before_timeout = before.timed_out_until
                     ^^^^^^^^^^^^^^^^^^^^^^
AttributeError: 'Member' object has no attribute 'timed_out_until'
Ignoring exception in on_member_update
Traceback (most recent call last):
  File "/usr/local/lib/python3.12/site-packages/discord/client.py", line 465, in _run_event
    await coro(*args, **kwargs)
  File "/app/asu_discord/cogs/analytics.py", line 652, in on_member_update
    before_timeout = before.timed_out_until
                     ^^^^^^^^^^^^^^^^^^^^^^
AttributeError: 'Member' object has no attribute 'timed_out_until'
INFO:asu_discord.cogs.verification:Saved 4 roles to database for user juliena (Discord ID: 1475337446555258984)
INFO:asu_discord.cogs.verification:Refreshed Salesforce roles for Discord user 1475337446555258984: -4/+4 roles, assigned=[Arizona Resident, First Year, Herberger Institute for Design and the Arts, Tempe]
Ignoring exception in on_member_update
Traceback (most recent call last):
  File "/usr/local/lib/python3.12/site-packages/discord/client.py", line 465, in _run_event
    await coro(*args, **kwargs)
  File "/app/asu_discord/cogs/analytics.py", line 652, in on_member_update
    before_timeout = before.timed_out_until
                     ^^^^^^^^^^^^^^^^^^^^^^
AttributeError: 'Member' object has no attribute 'timed_out_until'
Ignoring exception in on_member_update
Traceback (most recent call last):
  File "/usr/local/lib/python3.12/site-packages/discord/client.py", line 465, in _run_event
    await coro(*args, **kwargs)
  File "/app/asu_discord/cogs/analytics.py", line 652, in on_member_update
    before_timeout = before.timed_out_until
                     ^^^^^^^^^^^^^^^^^^^^^^
AttributeError: 'Member' object has no attribute 'timed_out_until'
Ignoring exception in on_member_update
Traceback (most recent call last):
  File "/usr/local/lib/python3.12/site-packages/discord/client.py", line 465, in _run_event
    await coro(*args, **kwargs)
  File "/app/asu_discord/cogs/analytics.py", line 652, in on_member_update
    before_timeout = before.timed_out_until
                     ^^^^^^^^^^^^^^^^^^^^^^
AttributeError: 'Member' object has no attribute 'timed_out_until'
Ignoring exception in on_member_update
Traceback (most recent call last):
  File "/usr/local/lib/python3.12/site-packages/discord/client.py", line 465, in _run_event
    await coro(*args, **kwargs)
  File "/app/asu_discord/cogs/analytics.py", line 652, in on_member_update
    before_timeout = before.timed_out_until
                     ^^^^^^^^^^^^^^^^^^^^^^
AttributeError: 'Member' object has no attribute 'timed_out_until'
Ignoring exception in on_member_update
Traceback (most recent call last):
  File "/usr/local/lib/python3.12/site-packages/discord/client.py", line 465, in _run_event
    await coro(*args, **kwargs)
  File "/app/asu_discord/cogs/analytics.py", line 652, in on_member_update
    before_timeout = before.timed_out_until
                     ^^^^^^^^^^^^^^^^^^^^^^
AttributeError: 'Member' object has no attribute 'timed_out_until'
Ignoring exception in on_member_update
Traceback (most recent call last):
  File "/usr/local/lib/python3.12/site-packages/discord/client.py", line 465, in _run_event
    await coro(*args, **kwargs)
  File "/app/asu_discord/cogs/analytics.py", line 652, in on_member_update
    before_timeout = before.timed_out_until
                     ^^^^^^^^^^^^^^^^^^^^^^
AttributeError: 'Member' object has no attribute 'timed_out_until'
Ignoring exception in on_member_update
Traceback (most recent call last):
  File "/usr/local/lib/python3.12/site-packages/discord/client.py", line 465, in _run_event
    await coro(*args, **kwargs)
  File "/app/asu_discord/cogs/analytics.py", line 652, in on_member_update
    before_timeout = before.timed_out_until
                     ^^^^^^^^^^^^^^^^^^^^^^
AttributeError: 'Member' object has no attribute 'timed_out_until'
Ignoring exception in on_member_update
Traceback (most recent call last):
  File "/usr/local/lib/python3.12/site-packages/discord/client.py", line 465, in _run_event
    await coro(*args, **kwargs)
  File "/app/asu_discord/cogs/analytics.py", line 652, in on_member_update
    before_timeout = before.timed_out_until
                     ^^^^^^^^^^^^^^^^^^^^^^
AttributeError: 'Member' object has no attribute 'timed_out_until'
Ignoring exception in on_member_update
Traceback (most recent call last):
  File "/usr/local/lib/python3.12/site-packages/discord/client.py", line 465, in _run_event
    await coro(*args, **kwargs)
  File "/app/asu_discord/cogs/analytics.py", line 652, in on_member_update
    before_timeout = before.timed_out_until
                     ^^^^^^^^^^^^^^^^^^^^^^
AttributeError: 'Member' object has no attribute 'timed_out_until'
Ignoring exception in on_member_update
Traceback (most recent call last):
  File "/usr/local/lib/python3.12/site-packages/discord/client.py", line 465, in _run_event
    await coro(*args, **kwargs)
  File "/app/asu_discord/cogs/analytics.py", line 652, in on_member_update
    before_timeout = before.timed_out_until
                     ^^^^^^^^^^^^^^^^^^^^^^
AttributeError: 'Member' object has no attribute 'timed_out_until'
INFO:asu_discord.cogs.verification:Saved 5 roles to database for user lcady1 (Discord ID: 1306850214065344553)
INFO:asu_discord.cogs.verification:Refreshed Salesforce roles for Discord user 1306850214065344553: -5/+5 roles, assigned=[Arizona Resident, Commited, First Year, Tempe, W.P. Carey School of Business]
Ignoring exception in on_member_update
Traceback (most recent call last):
  File "/usr/local/lib/python3.12/site-packages/discord/client.py", line 465, in _run_event
    await coro(*args, **kwargs)
  File "/app/asu_discord/cogs/analytics.py", line 652, in on_member_update
    before_timeout = before.timed_out_until
                     ^^^^^^^^^^^^^^^^^^^^^^
AttributeError: 'Member' object has no attribute 'timed_out_until'
Ignoring exception in on_member_update
Traceback (most recent call last):
  File "/usr/local/lib/python3.12/site-packages/discord/client.py", line 465, in _run_event
    await coro(*args, **kwargs)
  File "/app/asu_discord/cogs/analytics.py", line 652, in on_member_update
    before_timeout = before.timed_out_until
                     ^^^^^^^^^^^^^^^^^^^^^^
AttributeError: 'Member' object has no attribute 'timed_out_until'
Ignoring exception in on_member_update
Traceback (most recent call last):
  File "/usr/local/lib/python3.12/site-packages/discord/client.py", line 465, in _run_event
    await coro(*args, **kwargs)
  File "/app/asu_discord/cogs/analytics.py", line 652, in on_member_update
    before_timeout = before.timed_out_until
                     ^^^^^^^^^^^^^^^^^^^^^^
AttributeError: 'Member' object has no attribute 'timed_out_until'
Ignoring exception in on_member_update
Traceback (most recent call last):
  File "/usr/local/lib/python3.12/site-packages/discord/client.py", line 465, in _run_event
    await coro(*args, **kwargs)
  File "/app/asu_discord/cogs/analytics.py", line 652, in on_member_update
    before_timeout = before.timed_out_until
                     ^^^^^^^^^^^^^^^^^^^^^^
AttributeError: 'Member' object has no attribute 'timed_out_until'
Ignoring exception in on_member_update
Traceback (most recent call last):
  File "/usr/local/lib/python3.12/site-packages/discord/client.py", line 465, in _run_event
    await coro(*args, **kwargs)
  File "/app/asu_discord/cogs/analytics.py", line 652, in on_member_update
    before_timeout = before.timed_out_until
                     ^^^^^^^^^^^^^^^^^^^^^^
AttributeError: 'Member' object has no attribute 'timed_out_until'
Ignoring exception in on_member_update
Traceback (most recent call last):
  File "/usr/local/lib/python3.12/site-packages/discord/client.py", line 465, in _run_event
    await coro(*args, **kwargs)
  File "/app/asu_discord/cogs/analytics.py", line 652, in on_member_update
    before_timeout = before.timed_out_until
                     ^^^^^^^^^^^^^^^^^^^^^^
AttributeError: 'Member' object has no attribute 'timed_out_until'
Ignoring exception in on_member_update
Traceback (most recent call last):
  File "/usr/local/lib/python3.12/site-packages/discord/client.py", line 465, in _run_event
    await coro(*args, **kwargs)
  File "/app/asu_discord/cogs/analytics.py", line 652, in on_member_update
    before_timeout = before.timed_out_until
                     ^^^^^^^^^^^^^^^^^^^^^^
AttributeError: 'Member' object has no attribute 'timed_out_until'
Ignoring exception in on_member_update
Traceback (most recent call last):
  File "/usr/local/lib/python3.12/site-packages/discord/client.py", line 465, in _run_event
    await coro(*args, **kwargs)
  File "/app/asu_discord/cogs/analytics.py", line 652, in on_member_update
    before_timeout = before.timed_out_until
                     ^^^^^^^^^^^^^^^^^^^^^^
AttributeError: 'Member' object has no attribute 'timed_out_until'
Ignoring exception in on_member_update
Traceback (most recent call last):
  File "/usr/local/lib/python3.12/site-packages/discord/client.py", line 465, in _run_event
    await coro(*args, **kwargs)
  File "/app/asu_discord/cogs/analytics.py", line 652, in on_member_update
    before_timeout = before.timed_out_until
                     ^^^^^^^^^^^^^^^^^^^^^^
AttributeError: 'Member' object has no attribute 'timed_out_until'
Ignoring exception in on_member_update
Traceback (most recent call last):
  File "/usr/local/lib/python3.12/site-packages/discord/client.py", line 465, in _run_event
    await coro(*args, **kwargs)
  File "/app/asu_discord/cogs/analytics.py", line 652, in on_member_update
    before_timeout = before.timed_out_until
                     ^^^^^^^^^^^^^^^^^^^^^^
AttributeError: 'Member' object has no attribute 'timed_out_until'
INFO:asu_discord.cogs.verification:Saved 5 roles to database for user alyazdan (Discord ID: 821179987826049072)
INFO:asu_discord.cogs.verification:Refreshed Salesforce roles for Discord user 821179987826049072: -5/+5 roles, assigned=[Arizona Resident, Commited, Edson College of Nursing and Health Innovation, First Year, West Valley]
Ignoring exception in on_member_update
Traceback (most recent call last):
  File "/usr/local/lib/python3.12/site-packages/discord/client.py", line 465, in _run_event
    await coro(*args, **kwargs)
  File "/app/asu_discord/cogs/analytics.py", line 652, in on_member_update
    before_timeout = before.timed_out_until
                     ^^^^^^^^^^^^^^^^^^^^^^
AttributeError: 'Member' object has no attribute 'timed_out_until'
Ignoring exception in on_member_update
Traceback (most recent call last):
  File "/usr/local/lib/python3.12/site-packages/discord/client.py", line 465, in _run_event
    await coro(*args, **kwargs)
  File "/app/asu_discord/cogs/analytics.py", line 652, in on_member_update
    before_timeout = before.timed_out_until
                     ^^^^^^^^^^^^^^^^^^^^^^
AttributeError: 'Member' object has no attribute 'timed_out_until'
Ignoring exception in on_member_update
Traceback (most recent call last):
  File "/usr/local/lib/python3.12/site-packages/discord/client.py", line 465, in _run_event
    await coro(*args, **kwargs)
  File "/app/asu_discord/cogs/analytics.py", line 652, in on_member_update
    before_timeout = before.timed_out_until
                     ^^^^^^^^^^^^^^^^^^^^^^
AttributeError: 'Member' object has no attribute 'timed_out_until'
Ignoring exception in on_member_update
Traceback (most recent call last):
  File "/usr/local/lib/python3.12/site-packages/discord/client.py", line 465, in _run_event
    await coro(*args, **kwargs)
  File "/app/asu_discord/cogs/analytics.py", line 652, in on_member_update
    before_timeout = before.timed_out_until
                     ^^^^^^^^^^^^^^^^^^^^^^
AttributeError: 'Member' object has no attribute 'timed_out_until'
Ignoring exception in on_member_update
Traceback (most recent call last):
  File "/usr/local/lib/python3.12/site-packages/discord/client.py", line 465, in _run_event
    await coro(*args, **kwargs)
  File "/app/asu_discord/cogs/analytics.py", line 652, in on_member_update
    before_timeout = before.timed_out_until
                     ^^^^^^^^^^^^^^^^^^^^^^
AttributeError: 'Member' object has no attribute 'timed_out_until'
Ignoring exception in on_member_update
Traceback (most recent call last):
  File "/usr/local/lib/python3.12/site-packages/discord/client.py", line 465, in _run_event
    await coro(*args, **kwargs)
  File "/app/asu_discord/cogs/analytics.py", line 652, in on_member_update
    before_timeout = before.timed_out_until
                     ^^^^^^^^^^^^^^^^^^^^^^
AttributeError: 'Member' object has no attribute 'timed_out_until'
Ignoring exception in on_member_update
Traceback (most recent call last):
  File "/usr/local/lib/python3.12/site-packages/discord/client.py", line 465, in _run_event
    await coro(*args, **kwargs)
  File "/app/asu_discord/cogs/analytics.py", line 652, in on_member_update
    before_timeout = before.timed_out_until
                     ^^^^^^^^^^^^^^^^^^^^^^
AttributeError: 'Member' object has no attribute 'timed_out_until'
Ignoring exception in on_member_update
Traceback (most recent call last):
  File "/usr/local/lib/python3.12/site-packages/discord/client.py", line 465, in _run_event
    await coro(*args, **kwargs)
  File "/app/asu_discord/cogs/analytics.py", line 652, in on_member_update
    before_timeout = before.timed_out_until
                     ^^^^^^^^^^^^^^^^^^^^^^
AttributeError: 'Member' object has no attribute 'timed_out_until'
Ignoring exception in on_member_update
Traceback (most recent call last):
  File "/usr/local/lib/python3.12/site-packages/discord/client.py", line 465, in _run_event
    await coro(*args, **kwargs)
  File "/app/asu_discord/cogs/analytics.py", line 652, in on_member_update
    before_timeout = before.timed_out_until
                     ^^^^^^^^^^^^^^^^^^^^^^
AttributeError: 'Member' object has no attribute 'timed_out_until'
Ignoring exception in on_member_update
Traceback (most recent call last):
  File "/usr/local/lib/python3.12/site-packages/discord/client.py", line 465, in _run_event
    await coro(*args, **kwargs)
  File "/app/asu_discord/cogs/analytics.py", line 652, in on_member_update
    before_timeout = before.timed_out_until
                     ^^^^^^^^^^^^^^^^^^^^^^
AttributeError: 'Member' object has no attribute 'timed_out_until'
INFO:asu_discord.cogs.verification:Saved 5 roles to database for user vvinayag (Discord ID: 1460173499795636276)
INFO:asu_discord.cogs.verification:Refreshed Salesforce roles for Discord user 1460173499795636276: -5/+5 roles, assigned=[Commited, Graduate Student, International Student, Ira A. Fulton Schools of Engineering, Tempe]
Ignoring exception in on_member_update
Traceback (most recent call last):
  File "/usr/local/lib/python3.12/site-packages/discord/client.py", line 465, in _run_event
    await coro(*args, **kwargs)
  File "/app/asu_discord/cogs/analytics.py", line 652, in on_member_update
    before_timeout = before.timed_out_until
                     ^^^^^^^^^^^^^^^^^^^^^^
AttributeError: 'Member' object has no attribute 'timed_out_until'
Ignoring exception in on_member_update
Traceback (most recent call last):
  File "/usr/local/lib/python3.12/site-packages/discord/client.py", line 465, in _run_event
    await coro(*args, **kwargs)
  File "/app/asu_discord/cogs/analytics.py", line 652, in on_member_update
    before_timeout = before.timed_out_until
                     ^^^^^^^^^^^^^^^^^^^^^^
AttributeError: 'Member' object has no attribute 'timed_out_until'
Ignoring exception in on_member_update
Traceback (most recent call last):
  File "/usr/local/lib/python3.12/site-packages/discord/client.py", line 465, in _run_event
    await coro(*args, **kwargs)
  File "/app/asu_discord/cogs/analytics.py", line 652, in on_member_update
    before_timeout = before.timed_out_until
                     ^^^^^^^^^^^^^^^^^^^^^^
AttributeError: 'Member' object has no attribute 'timed_out_until'
Ignoring exception in on_member_update
Traceback (most recent call last):
  File "/usr/local/lib/python3.12/site-packages/discord/client.py", line 465, in _run_event
    await coro(*args, **kwargs)
  File "/app/asu_discord/cogs/analytics.py", line 652, in on_member_update
    before_timeout = before.timed_out_until
                     ^^^^^^^^^^^^^^^^^^^^^^
AttributeError: 'Member' object has no attribute 'timed_out_until'
Ignoring exception in on_member_update
Traceback (most recent call last):
  File "/usr/local/lib/python3.12/site-packages/discord/client.py", line 465, in _run_event
    await coro(*args, **kwargs)
  File "/app/asu_discord/cogs/analytics.py", line 652, in on_member_update
    before_timeout = before.timed_out_until
                     ^^^^^^^^^^^^^^^^^^^^^^
AttributeError: 'Member' object has no attribute 'timed_out_until'
Ignoring exception in on_member_update
Traceback (most recent call last):
  File "/usr/local/lib/python3.12/site-packages/discord/client.py", line 465, in _run_event
    await coro(*args, **kwargs)
  File "/app/asu_discord/cogs/analytics.py", line 652, in on_member_update
    before_timeout = before.timed_out_until
                     ^^^^^^^^^^^^^^^^^^^^^^
AttributeError: 'Member' object has no attribute 'timed_out_until'
Ignoring exception in on_member_update
Traceback (most recent call last):
  File "/usr/local/lib/python3.12/site-packages/discord/client.py", line 465, in _run_event
    await coro(*args, **kwargs)
  File "/app/asu_discord/cogs/analytics.py", line 652, in on_member_update
    before_timeout = before.timed_out_until
                     ^^^^^^^^^^^^^^^^^^^^^^
AttributeError: 'Member' object has no attribute 'timed_out_until'
Ignoring exception in on_member_update
Traceback (most recent call last):
  File "/usr/local/lib/python3.12/site-packages/discord/client.py", line 465, in _run_event
    await coro(*args, **kwargs)
  File "/app/asu_discord/cogs/analytics.py", line 652, in on_member_update
    before_timeout = before.timed_out_until
                     ^^^^^^^^^^^^^^^^^^^^^^
AttributeError: 'Member' object has no attribute 'timed_out_until'
Ignoring exception in on_member_update
Traceback (most recent call last):
  File "/usr/local/lib/python3.12/site-packages/discord/client.py", line 465, in _run_event
    await coro(*args, **kwargs)
  File "/app/asu_discord/cogs/analytics.py", line 652, in on_member_update
    before_timeout = before.timed_out_until
                     ^^^^^^^^^^^^^^^^^^^^^^
AttributeError: 'Member' object has no attribute 'timed_out_until'
Ignoring exception in on_member_update
Traceback (most recent call last):
  File "/usr/local/lib/python3.12/site-packages/discord/client.py", line 465, in _run_event
    await coro(*args, **kwargs)
  File "/app/asu_discord/cogs/analytics.py", line 652, in on_member_update
    before_timeout = before.timed_out_until
                     ^^^^^^^^^^^^^^^^^^^^^^
AttributeError: 'Member' object has no attribute 'timed_out_until'
ERROR:cron.jobs:refresh_salesforce_roles: failed for colivei9 (Discord ID 444321002076373002): Timed out refresh Salesforce-based roles
Ignoring exception in on_member_update
Traceback (most recent call last):
  File "/usr/local/lib/python3.12/site-packages/discord/client.py", line 465, in _run_event
    await coro(*args, **kwargs)
  File "/app/asu_discord/cogs/analytics.py", line 652, in on_member_update
    before_timeout = before.timed_out_until
                     ^^^^^^^^^^^^^^^^^^^^^^
AttributeError: 'Member' object has no attribute 'timed_out_until'
Ignoring exception in on_member_update
Traceback (most recent call last):
  File "/usr/local/lib/python3.12/site-packages/discord/client.py", line 465, in _run_event
    await coro(*args, **kwargs)
  File "/app/asu_discord/cogs/analytics.py", line 652, in on_member_update
    before_timeout = before.timed_out_until
                     ^^^^^^^^^^^^^^^^^^^^^^
AttributeError: 'Member' object has no attribute 'timed_out_until'
Ignoring exception in on_member_update
Traceback (most recent call last):
  File "/usr/local/lib/python3.12/site-packages/discord/client.py", line 465, in _run_event
    await coro(*args, **kwargs)
  File "/app/asu_discord/cogs/analytics.py", line 652, in on_member_update
    before_timeout = before.timed_out_until
                     ^^^^^^^^^^^^^^^^^^^^^^
AttributeError: 'Member' object has no attribute 'timed_out_until'
Ignoring exception in on_member_update
Traceback (most recent call last):
  File "/usr/local/lib/python3.12/site-packages/discord/client.py", line 465, in _run_event
    await coro(*args, **kwargs)
  File "/app/asu_discord/cogs/analytics.py", line 652, in on_member_update
    before_timeout = before.timed_out_until
                     ^^^^^^^^^^^^^^^^^^^^^^
AttributeError: 'Member' object has no attribute 'timed_out_until'
Ignoring exception in on_member_update
Traceback (most recent call last):
  File "/usr/local/lib/python3.12/site-packages/discord/client.py", line 465, in _run_event
    await coro(*args, **kwargs)
  File "/app/asu_discord/cogs/analytics.py", line 652, in on_member_update
    before_timeout = before.timed_out_until
                     ^^^^^^^^^^^^^^^^^^^^^^
AttributeError: 'Member' object has no attribute 'timed_out_until'
Ignoring exception in on_member_update
Traceback (most recent call last):
  File "/usr/local/lib/python3.12/site-packages/discord/client.py", line 465, in _run_event
    await coro(*args, **kwargs)
  File "/app/asu_discord/cogs/analytics.py", line 652, in on_member_update
    before_timeout = before.timed_out_until
                     ^^^^^^^^^^^^^^^^^^^^^^
AttributeError: 'Member' object has no attribute 'timed_out_until'
Ignoring exception in on_member_update
Traceback (most recent call last):
  File "/usr/local/lib/python3.12/site-packages/discord/client.py", line 465, in _run_event
    await coro(*args, **kwargs)
  File "/app/asu_discord/cogs/analytics.py", line 652, in on_member_update
    before_timeout = before.timed_out_until
                     ^^^^^^^^^^^^^^^^^^^^^^
AttributeError: 'Member' object has no attribute 'timed_out_until'
Ignoring exception in on_member_update
Traceback (most recent call last):
  File "/usr/local/lib/python3.12/site-packages/discord/client.py", line 465, in _run_event
    await coro(*args, **kwargs)
  File "/app/asu_discord/cogs/analytics.py", line 652, in on_member_update
    before_timeout = before.timed_out_until
                     ^^^^^^^^^^^^^^^^^^^^^^
AttributeError: 'Member' object has no attribute 'timed_out_until'
Ignoring exception in on_member_update
Traceback (most recent call last):
  File "/usr/local/lib/python3.12/site-packages/discord/client.py", line 465, in _run_event
    await coro(*args, **kwargs)
  File "/app/asu_discord/cogs/analytics.py", line 652, in on_member_update
    before_timeout = before.timed_out_until
                     ^^^^^^^^^^^^^^^^^^^^^^
AttributeError: 'Member' object has no attribute 'timed_out_until'
Ignoring exception in on_member_update
Traceback (most recent call last):
  File "/usr/local/lib/python3.12/site-packages/discord/client.py", line 465, in _run_event
    await coro(*args, **kwargs)
  File "/app/asu_discord/cogs/analytics.py", line 652, in on_member_update
    before_timeout = before.timed_out_until
                     ^^^^^^^^^^^^^^^^^^^^^^
AttributeError: 'Member' object has no attribute 'timed_out_until'
Ignoring exception in on_member_update
Traceback (most recent call last):
  File "/usr/local/lib/python3.12/site-packages/discord/client.py", line 465, in _run_event
    await coro(*args, **kwargs)
  File "/app/asu_discord/cogs/analytics.py", line 652, in on_member_update
    before_timeout = before.timed_out_until
                     ^^^^^^^^^^^^^^^^^^^^^^
AttributeError: 'Member' object has no attribute 'timed_out_until'
INFO:asu_discord.cogs.verification:Saved 5 roles to database for user bcarmon1 (Discord ID: 1396231737830281339)
INFO:asu_discord.cogs.verification:Refreshed Salesforce roles for Discord user 1396231737830281339: -5/+5 roles, assigned=[Arizona Resident, College of Liberal Arts and Sciences, Transfer Student, Upperclassmen, West Valley]
Ignoring exception in on_member_update
Traceback (most recent call last):
  File "/usr/local/lib/python3.12/site-packages/discord/client.py", line 465, in _run_event
    await coro(*args, **kwargs)
  File "/app/asu_discord/cogs/analytics.py", line 652, in on_member_update
    before_timeout = before.timed_out_until
                     ^^^^^^^^^^^^^^^^^^^^^^
AttributeError: 'Member' object has no attribute 'timed_out_until'
Ignoring exception in on_member_update
Traceback (most recent call last):
  File "/usr/local/lib/python3.12/site-packages/discord/client.py", line 465, in _run_event
    await coro(*args, **kwargs)
  File "/app/asu_discord/cogs/analytics.py", line 652, in on_member_update
    before_timeout = before.timed_out_until
                     ^^^^^^^^^^^^^^^^^^^^^^
AttributeError: 'Member' object has no attribute 'timed_out_until'
Ignoring exception in on_member_update
Traceback (most recent call last):
  File "/usr/local/lib/python3.12/site-packages/discord/client.py", line 465, in _run_event
    await coro(*args, **kwargs)
  File "/app/asu_discord/cogs/analytics.py", line 652, in on_member_update
    before_timeout = before.timed_out_until
                     ^^^^^^^^^^^^^^^^^^^^^^
AttributeError: 'Member' object has no attribute 'timed_out_until'
Ignoring exception in on_member_update
Traceback (most recent call last):
  File "/usr/local/lib/python3.12/site-packages/discord/client.py", line 465, in _run_event
    await coro(*args, **kwargs)
  File "/app/asu_discord/cogs/analytics.py", line 652, in on_member_update
    before_timeout = before.timed_out_until
                     ^^^^^^^^^^^^^^^^^^^^^^
AttributeError: 'Member' object has no attribute 'timed_out_until'
Ignoring exception in on_member_update
Traceback (most recent call last):
  File "/usr/local/lib/python3.12/site-packages/discord/client.py", line 465, in _run_event
    await coro(*args, **kwargs)
  File "/app/asu_discord/cogs/analytics.py", line 652, in on_member_update
    before_timeout = before.timed_out_until
                     ^^^^^^^^^^^^^^^^^^^^^^
AttributeError: 'Member' object has no attribute 'timed_out_until'
Ignoring exception in on_member_update
Traceback (most recent call last):
  File "/usr/local/lib/python3.12/site-packages/discord/client.py", line 465, in _run_event
    await coro(*args, **kwargs)
  File "/app/asu_discord/cogs/analytics.py", line 652, in on_member_update
    before_timeout = before.timed_out_until
                     ^^^^^^^^^^^^^^^^^^^^^^
AttributeError: 'Member' object has no attribute 'timed_out_until'
Ignoring exception in on_member_update
Traceback (most recent call last):
  File "/usr/local/lib/python3.12/site-packages/discord/client.py", line 465, in _run_event
    await coro(*args, **kwargs)
  File "/app/asu_discord/cogs/analytics.py", line 652, in on_member_update
    before_timeout = before.timed_out_until
                     ^^^^^^^^^^^^^^^^^^^^^^
AttributeError: 'Member' object has no attribute 'timed_out_until'
Ignoring exception in on_member_update
Traceback (most recent call last):
  File "/usr/local/lib/python3.12/site-packages/discord/client.py", line 465, in _run_event
    await coro(*args, **kwargs)
  File "/app/asu_discord/cogs/analytics.py", line 652, in on_member_update
    before_timeout = before.timed_out_until
                     ^^^^^^^^^^^^^^^^^^^^^^
AttributeError: 'Member' object has no attribute 'timed_out_until'
Ignoring exception in on_member_update
Traceback (most recent call last):
  File "/usr/local/lib/python3.12/site-packages/discord/client.py", line 465, in _run_event
    await coro(*args, **kwargs)
  File "/app/asu_discord/cogs/analytics.py", line 652, in on_member_update
    before_timeout = before.timed_out_until
                     ^^^^^^^^^^^^^^^^^^^^^^
AttributeError: 'Member' object has no attribute 'timed_out_until'
Ignoring exception in on_member_update
Traceback (most recent call last):
  File "/usr/local/lib/python3.12/site-packages/discord/client.py", line 465, in _run_event
    await coro(*args, **kwargs)
  File "/app/asu_discord/cogs/analytics.py", line 652, in on_member_update
    before_timeout = before.timed_out_until
                     ^^^^^^^^^^^^^^^^^^^^^^
AttributeError: 'Member' object has no attribute 'timed_out_until'
INFO:asu_discord.cogs.verification:Saved 5 roles to database for user ariggs13 (Discord ID: 1471645134994014228)
INFO:asu_discord.cogs.verification:Refreshed Salesforce roles for Discord user 1471645134994014228: -5/+5 roles, assigned=[Commited, First Year, New College of Interdisciplinary Arts and Sciences, Out of State, West Valley]
Ignoring exception in on_member_update
Traceback (most recent call last):
  File "/usr/local/lib/python3.12/site-packages/discord/client.py", line 465, in _run_event
    await coro(*args, **kwargs)
  File "/app/asu_discord/cogs/analytics.py", line 652, in on_member_update
    before_timeout = before.timed_out_until
                     ^^^^^^^^^^^^^^^^^^^^^^
AttributeError: 'Member' object has no attribute 'timed_out_until'
Ignoring exception in on_member_update
Traceback (most recent call last):
  File "/usr/local/lib/python3.12/site-packages/discord/client.py", line 465, in _run_event
    await coro(*args, **kwargs)
  File "/app/asu_discord/cogs/analytics.py", line 652, in on_member_update
    before_timeout = before.timed_out_until
                     ^^^^^^^^^^^^^^^^^^^^^^
AttributeError: 'Member' object has no attribute 'timed_out_until'
Ignoring exception in on_member_update
Traceback (most recent call last):
  File "/usr/local/lib/python3.12/site-packages/discord/client.py", line 465, in _run_event
    await coro(*args, **kwargs)
  File "/app/asu_discord/cogs/analytics.py", line 652, in on_member_update
    before_timeout = before.timed_out_until
                     ^^^^^^^^^^^^^^^^^^^^^^
AttributeError: 'Member' object has no attribute 'timed_out_until'
Ignoring exception in on_member_update
Traceback (most recent call last):
  File "/usr/local/lib/python3.12/site-packages/discord/client.py", line 465, in _run_event
    await coro(*args, **kwargs)
  File "/app/asu_discord/cogs/analytics.py", line 652, in on_member_update
    before_timeout = before.timed_out_until
                     ^^^^^^^^^^^^^^^^^^^^^^
AttributeError: 'Member' object has no attribute 'timed_out_until'
Ignoring exception in on_member_update
Traceback (most recent call last):
  File "/usr/local/lib/python3.12/site-packages/discord/client.py", line 465, in _run_event
    await coro(*args, **kwargs)
  File "/app/asu_discord/cogs/analytics.py", line 652, in on_member_update
    before_timeout = before.timed_out_until
                     ^^^^^^^^^^^^^^^^^^^^^^
AttributeError: 'Member' object has no attribute 'timed_out_until'
Ignoring exception in on_member_update
Traceback (most recent call last):
  File "/usr/local/lib/python3.12/site-packages/discord/client.py", line 465, in _run_event
    await coro(*args, **kwargs)
  File "/app/asu_discord/cogs/analytics.py", line 652, in on_member_update
    before_timeout = before.timed_out_until
                     ^^^^^^^^^^^^^^^^^^^^^^
AttributeError: 'Member' object has no attribute 'timed_out_until'
Ignoring exception in on_member_update
Traceback (most recent call last):
  File "/usr/local/lib/python3.12/site-packages/discord/client.py", line 465, in _run_event
    await coro(*args, **kwargs)
  File "/app/asu_discord/cogs/analytics.py", line 652, in on_member_update
    before_timeout = before.timed_out_until
                     ^^^^^^^^^^^^^^^^^^^^^^
AttributeError: 'Member' object has no attribute 'timed_out_until'
Ignoring exception in on_member_update
Traceback (most recent call last):
  File "/usr/local/lib/python3.12/site-packages/discord/client.py", line 465, in _run_event
    await coro(*args, **kwargs)
  File "/app/asu_discord/cogs/analytics.py", line 652, in on_member_update
    before_timeout = before.timed_out_until
                     ^^^^^^^^^^^^^^^^^^^^^^
AttributeError: 'Member' object has no attribute 'timed_out_until'
Ignoring exception in on_member_update
Traceback (most recent call last):
  File "/usr/local/lib/python3.12/site-packages/discord/client.py", line 465, in _run_event
    await coro(*args, **kwargs)
  File "/app/asu_discord/cogs/analytics.py", line 652, in on_member_update
    before_timeout = before.timed_out_until
                     ^^^^^^^^^^^^^^^^^^^^^^
AttributeError: 'Member' object has no attribute 'timed_out_until'
Ignoring exception in on_member_update
Traceback (most recent call last):
  File "/usr/local/lib/python3.12/site-packages/discord/client.py", line 465, in _run_event
    await coro(*args, **kwargs)
  File "/app/asu_discord/cogs/analytics.py", line 652, in on_member_update
    before_timeout = before.timed_out_until
                     ^^^^^^^^^^^^^^^^^^^^^^
AttributeError: 'Member' object has no attribute 'timed_out_until'
INFO:asu_discord.cogs.verification:Saved 5 roles to database for user lgrijal6 (Discord ID: 1485378336162316490)
INFO:asu_discord.cogs.verification:Refreshed Salesforce roles for Discord user 1485378336162316490: -5/+5 roles, assigned=[Arizona Resident, College of Health Solutions, Commited, Downtown Phoenix, Transfer Student]
Ignoring exception in on_member_update
Traceback (most recent call last):
  File "/usr/local/lib/python3.12/site-packages/discord/client.py", line 465, in _run_event
    await coro(*args, **kwargs)
  File "/app/asu_discord/cogs/analytics.py", line 652, in on_member_update
    before_timeout = before.timed_out_until
                     ^^^^^^^^^^^^^^^^^^^^^^
AttributeError: 'Member' object has no attribute 'timed_out_until'
Ignoring exception in on_member_update
Traceback (most recent call last):
  File "/usr/local/lib/python3.12/site-packages/discord/client.py", line 465, in _run_event
    await coro(*args, **kwargs)
  File "/app/asu_discord/cogs/analytics.py", line 652, in on_member_update
    before_timeout = before.timed_out_until
                     ^^^^^^^^^^^^^^^^^^^^^^
AttributeError: 'Member' object has no attribute 'timed_out_until'
Ignoring exception in on_member_update
Traceback (most recent call last):
  File "/usr/local/lib/python3.12/site-packages/discord/client.py", line 465, in _run_event
    await coro(*args, **kwargs)
  File "/app/asu_discord/cogs/analytics.py", line 652, in on_member_update
    before_timeout = before.timed_out_until
                     ^^^^^^^^^^^^^^^^^^^^^^
AttributeError: 'Member' object has no attribute 'timed_out_until'
Ignoring exception in on_member_update
Traceback (most recent call last):
  File "/usr/local/lib/python3.12/site-packages/discord/client.py", line 465, in _run_event
    await coro(*args, **kwargs)
  File "/app/asu_discord/cogs/analytics.py", line 652, in on_member_update
    before_timeout = before.timed_out_until
                     ^^^^^^^^^^^^^^^^^^^^^^
AttributeError: 'Member' object has no attribute 'timed_out_until'
Ignoring exception in on_member_update
Traceback (most recent call last):
  File "/usr/local/lib/python3.12/site-packages/discord/client.py", line 465, in _run_event
    await coro(*args, **kwargs)
  File "/app/asu_discord/cogs/analytics.py", line 652, in on_member_update
    before_timeout = before.timed_out_until
                     ^^^^^^^^^^^^^^^^^^^^^^
AttributeError: 'Member' object has no attribute 'timed_out_until'
Ignoring exception in on_member_update
Traceback (most recent call last):
  File "/usr/local/lib/python3.12/site-packages/discord/client.py", line 465, in _run_event
    await coro(*args, **kwargs)
  File "/app/asu_discord/cogs/analytics.py", line 652, in on_member_update
    before_timeout = before.timed_out_until
                     ^^^^^^^^^^^^^^^^^^^^^^
AttributeError: 'Member' object has no attribute 'timed_out_until'
Ignoring exception in on_member_update
Traceback (most recent call last):
  File "/usr/local/lib/python3.12/site-packages/discord/client.py", line 465, in _run_event
    await coro(*args, **kwargs)
  File "/app/asu_discord/cogs/analytics.py", line 652, in on_member_update
    before_timeout = before.timed_out_until
                     ^^^^^^^^^^^^^^^^^^^^^^
AttributeError: 'Member' object has no attribute 'timed_out_until'
Ignoring exception in on_member_update
Traceback (most recent call last):
  File "/usr/local/lib/python3.12/site-packages/discord/client.py", line 465, in _run_event
    await coro(*args, **kwargs)
  File "/app/asu_discord/cogs/analytics.py", line 652, in on_member_update
    before_timeout = before.timed_out_until
                     ^^^^^^^^^^^^^^^^^^^^^^
AttributeError: 'Member' object has no attribute 'timed_out_until'
Ignoring exception in on_member_update
Traceback (most recent call last):
  File "/usr/local/lib/python3.12/site-packages/discord/client.py", line 465, in _run_event
    await coro(*args, **kwargs)
  File "/app/asu_discord/cogs/analytics.py", line 652, in on_member_update
    before_timeout = before.timed_out_until
                     ^^^^^^^^^^^^^^^^^^^^^^
AttributeError: 'Member' object has no attribute 'timed_out_until'
Ignoring exception in on_member_update
Traceback (most recent call last):
  File "/usr/local/lib/python3.12/site-packages/discord/client.py", line 465, in _run_event
    await coro(*args, **kwargs)
  File "/app/asu_discord/cogs/analytics.py", line 652, in on_member_update
    before_timeout = before.timed_out_until
                     ^^^^^^^^^^^^^^^^^^^^^^
AttributeError: 'Member' object has no attribute 'timed_out_until'
INFO:asu_discord.cogs.verification:Saved 5 roles to database for user qvpham (Discord ID: 877853315562602546)
INFO:asu_discord.cogs.verification:Refreshed Salesforce roles for Discord user 877853315562602546: -5/+5 roles, assigned=[Commited, First Year, International Student, Tempe, W.P. Carey School of Business]
Ignoring exception in on_member_update
Traceback (most recent call last):
  File "/usr/local/lib/python3.12/site-packages/discord/client.py", line 465, in _run_event
    await coro(*args, **kwargs)
  File "/app/asu_discord/cogs/analytics.py", line 652, in on_member_update
    before_timeout = before.timed_out_until
                     ^^^^^^^^^^^^^^^^^^^^^^
AttributeError: 'Member' object has no attribute 'timed_out_until'
Ignoring exception in on_member_update
Traceback (most recent call last):
  File "/usr/local/lib/python3.12/site-packages/discord/client.py", line 465, in _run_event
    await coro(*args, **kwargs)
  File "/app/asu_discord/cogs/analytics.py", line 652, in on_member_update
    before_timeout = before.timed_out_until
                     ^^^^^^^^^^^^^^^^^^^^^^
AttributeError: 'Member' object has no attribute 'timed_out_until'
Ignoring exception in on_member_update
Traceback (most recent call last):
  File "/usr/local/lib/python3.12/site-packages/discord/client.py", line 465, in _run_event
    await coro(*args, **kwargs)
  File "/app/asu_discord/cogs/analytics.py", line 652, in on_member_update
    before_timeout = before.timed_out_until
                     ^^^^^^^^^^^^^^^^^^^^^^
AttributeError: 'Member' object has no attribute 'timed_out_until'
Ignoring exception in on_member_update
Traceback (most recent call last):
  File "/usr/local/lib/python3.12/site-packages/discord/client.py", line 465, in _run_event
    await coro(*args, **kwargs)
  File "/app/asu_discord/cogs/analytics.py", line 652, in on_member_update
    before_timeout = before.timed_out_until
                     ^^^^^^^^^^^^^^^^^^^^^^
AttributeError: 'Member' object has no attribute 'timed_out_until'
Ignoring exception in on_member_update
Traceback (most recent call last):
  File "/usr/local/lib/python3.12/site-packages/discord/client.py", line 465, in _run_event
    await coro(*args, **kwargs)
  File "/app/asu_discord/cogs/analytics.py", line 652, in on_member_update
    before_timeout = before.timed_out_until
                     ^^^^^^^^^^^^^^^^^^^^^^
AttributeError: 'Member' object has no attribute 'timed_out_until'
Ignoring exception in on_member_update
Traceback (most recent call last):
  File "/usr/local/lib/python3.12/site-packages/discord/client.py", line 465, in _run_event
    await coro(*args, **kwargs)
  File "/app/asu_discord/cogs/analytics.py", line 652, in on_member_update
    before_timeout = before.timed_out_until
                     ^^^^^^^^^^^^^^^^^^^^^^
AttributeError: 'Member' object has no attribute 'timed_out_until'
Ignoring exception in on_member_update
Traceback (most recent call last):
  File "/usr/local/lib/python3.12/site-packages/discord/client.py", line 465, in _run_event
    await coro(*args, **kwargs)
  File "/app/asu_discord/cogs/analytics.py", line 652, in on_member_update
    before_timeout = before.timed_out_until
                     ^^^^^^^^^^^^^^^^^^^^^^
AttributeError: 'Member' object has no attribute 'timed_out_until'
Ignoring exception in on_member_update
Traceback (most recent call last):
  File "/usr/local/lib/python3.12/site-packages/discord/client.py", line 465, in _run_event
    await coro(*args, **kwargs)
  File "/app/asu_discord/cogs/analytics.py", line 652, in on_member_update
    before_timeout = before.timed_out_until
                     ^^^^^^^^^^^^^^^^^^^^^^
AttributeError: 'Member' object has no attribute 'timed_out_until'
Ignoring exception in on_member_update
Traceback (most recent call last):
  File "/usr/local/lib/python3.12/site-packages/discord/client.py", line 465, in _run_event
    await coro(*args, **kwargs)
  File "/app/asu_discord/cogs/analytics.py", line 652, in on_member_update
    before_timeout = before.timed_out_until
                     ^^^^^^^^^^^^^^^^^^^^^^
AttributeError: 'Member' object has no attribute 'timed_out_until'
Ignoring exception in on_member_update
Traceback (most recent call last):
  File "/usr/local/lib/python3.12/site-packages/discord/client.py", line 465, in _run_event
    await coro(*args, **kwargs)
  File "/app/asu_discord/cogs/analytics.py", line 652, in on_member_update
    before_timeout = before.timed_out_until
                     ^^^^^^^^^^^^^^^^^^^^^^
AttributeError: 'Member' object has no attribute 'timed_out_until'
INFO:asu_discord.cogs.verification:Saved 5 roles to database for user ajrobe30 (Discord ID: 1485787201353814096)
INFO:asu_discord.cogs.verification:Refreshed Salesforce roles for Discord user 1485787201353814096: -5/+5 roles, assigned=[Arizona Resident, Commited, First Year, Herberger Institute for Design and the Arts, LA Center]
Ignoring exception in on_member_update
Traceback (most recent call last):
  File "/usr/local/lib/python3.12/site-packages/discord/client.py", line 465, in _run_event
    await coro(*args, **kwargs)
  File "/app/asu_discord/cogs/analytics.py", line 652, in on_member_update
    before_timeout = before.timed_out_until
                     ^^^^^^^^^^^^^^^^^^^^^^
AttributeError: 'Member' object has no attribute 'timed_out_until'
Ignoring exception in on_member_update
Traceback (most recent call last):
  File "/usr/local/lib/python3.12/site-packages/discord/client.py", line 465, in _run_event
    await coro(*args, **kwargs)
  File "/app/asu_discord/cogs/analytics.py", line 652, in on_member_update
    before_timeout = before.timed_out_until
                     ^^^^^^^^^^^^^^^^^^^^^^
AttributeError: 'Member' object has no attribute 'timed_out_until'
Ignoring exception in on_member_update
Traceback (most recent call last):
  File "/usr/local/lib/python3.12/site-packages/discord/client.py", line 465, in _run_event
    await coro(*args, **kwargs)
  File "/app/asu_discord/cogs/analytics.py", line 652, in on_member_update
    before_timeout = before.timed_out_until
                     ^^^^^^^^^^^^^^^^^^^^^^
AttributeError: 'Member' object has no attribute 'timed_out_until'
Ignoring exception in on_member_update
Traceback (most recent call last):
  File "/usr/local/lib/python3.12/site-packages/discord/client.py", line 465, in _run_event
    await coro(*args, **kwargs)
  File "/app/asu_discord/cogs/analytics.py", line 652, in on_member_update
    before_timeout = before.timed_out_until
                     ^^^^^^^^^^^^^^^^^^^^^^
AttributeError: 'Member' object has no attribute 'timed_out_until'
Ignoring exception in on_member_update
Traceback (most recent call last):
  File "/usr/local/lib/python3.12/site-packages/discord/client.py", line 465, in _run_event
    await coro(*args, **kwargs)
  File "/app/asu_discord/cogs/analytics.py", line 652, in on_member_update
    before_timeout = before.timed_out_until
                     ^^^^^^^^^^^^^^^^^^^^^^
AttributeError: 'Member' object has no attribute 'timed_out_until'
Ignoring exception in on_member_update
Traceback (most recent call last):
  File "/usr/local/lib/python3.12/site-packages/discord/client.py", line 465, in _run_event
    await coro(*args, **kwargs)
  File "/app/asu_discord/cogs/analytics.py", line 652, in on_member_update
    before_timeout = before.timed_out_until
                     ^^^^^^^^^^^^^^^^^^^^^^
AttributeError: 'Member' object has no attribute 'timed_out_until'
Ignoring exception in on_member_update
Traceback (most recent call last):
  File "/usr/local/lib/python3.12/site-packages/discord/client.py", line 465, in _run_event
    await coro(*args, **kwargs)
  File "/app/asu_discord/cogs/analytics.py", line 652, in on_member_update
    before_timeout = before.timed_out_until
                     ^^^^^^^^^^^^^^^^^^^^^^
AttributeError: 'Member' object has no attribute 'timed_out_until'
Ignoring exception in on_member_update
Traceback (most recent call last):
  File "/usr/local/lib/python3.12/site-packages/discord/client.py", line 465, in _run_event
    await coro(*args, **kwargs)
  File "/app/asu_discord/cogs/analytics.py", line 652, in on_member_update
    before_timeout = before.timed_out_until
                     ^^^^^^^^^^^^^^^^^^^^^^
AttributeError: 'Member' object has no attribute 'timed_out_until'
Ignoring exception in on_member_update
Traceback (most recent call last):
  File "/usr/local/lib/python3.12/site-packages/discord/client.py", line 465, in _run_event
    await coro(*args, **kwargs)
  File "/app/asu_discord/cogs/analytics.py", line 652, in on_member_update
    before_timeout = before.timed_out_until
                     ^^^^^^^^^^^^^^^^^^^^^^
AttributeError: 'Member' object has no attribute 'timed_out_until'
Ignoring exception in on_member_update
Traceback (most recent call last):
  File "/usr/local/lib/python3.12/site-packages/discord/client.py", line 465, in _run_event
    await coro(*args, **kwargs)
  File "/app/asu_discord/cogs/analytics.py", line 652, in on_member_update
    before_timeout = before.timed_out_until
                     ^^^^^^^^^^^^^^^^^^^^^^
AttributeError: 'Member' object has no attribute 'timed_out_until'
INFO:asu_discord.cogs.verification:Saved 5 roles to database for user avramos6 (Discord ID: 984135440267374593)
INFO:asu_discord.cogs.verification:Refreshed Salesforce roles for Discord user 984135440267374593: -5/+5 roles, assigned=[First Generation Student, Graduate Student, New College of Interdisciplinary Arts and Sciences, Online, Out of State]
Ignoring exception in on_member_update
Traceback (most recent call last):
  File "/usr/local/lib/python3.12/site-packages/discord/client.py", line 465, in _run_event
    await coro(*args, **kwargs)
  File "/app/asu_discord/cogs/analytics.py", line 652, in on_member_update
    before_timeout = before.timed_out_until
                     ^^^^^^^^^^^^^^^^^^^^^^
AttributeError: 'Member' object has no attribute 'timed_out_until'
Ignoring exception in on_member_update
Traceback (most recent call last):
  File "/usr/local/lib/python3.12/site-packages/discord/client.py", line 465, in _run_event
    await coro(*args, **kwargs)
  File "/app/asu_discord/cogs/analytics.py", line 652, in on_member_update
    before_timeout = before.timed_out_until
                     ^^^^^^^^^^^^^^^^^^^^^^
AttributeError: 'Member' object has no attribute 'timed_out_until'
Ignoring exception in on_member_update
Traceback (most recent call last):
  File "/usr/local/lib/python3.12/site-packages/discord/client.py", line 465, in _run_event
    await coro(*args, **kwargs)
  File "/app/asu_discord/cogs/analytics.py", line 652, in on_member_update
    before_timeout = before.timed_out_until
                     ^^^^^^^^^^^^^^^^^^^^^^
AttributeError: 'Member' object has no attribute 'timed_out_until'
Ignoring exception in on_member_update
Traceback (most recent call last):
  File "/usr/local/lib/python3.12/site-packages/discord/client.py", line 465, in _run_event
    await coro(*args, **kwargs)
  File "/app/asu_discord/cogs/analytics.py", line 652, in on_member_update
    before_timeout = before.timed_out_until
                     ^^^^^^^^^^^^^^^^^^^^^^
AttributeError: 'Member' object has no attribute 'timed_out_until'
Ignoring exception in on_member_update
Traceback (most recent call last):
  File "/usr/local/lib/python3.12/site-packages/discord/client.py", line 465, in _run_event
    await coro(*args, **kwargs)
  File "/app/asu_discord/cogs/analytics.py", line 652, in on_member_update
    before_timeout = before.timed_out_until
                     ^^^^^^^^^^^^^^^^^^^^^^
AttributeError: 'Member' object has no attribute 'timed_out_until'
Ignoring exception in on_member_update
Traceback (most recent call last):
  File "/usr/local/lib/python3.12/site-packages/discord/client.py", line 465, in _run_event
    await coro(*args, **kwargs)
  File "/app/asu_discord/cogs/analytics.py", line 652, in on_member_update
    before_timeout = before.timed_out_until
                     ^^^^^^^^^^^^^^^^^^^^^^
AttributeError: 'Member' object has no attribute 'timed_out_until'
Ignoring exception in on_member_update
Traceback (most recent call last):
  File "/usr/local/lib/python3.12/site-packages/discord/client.py", line 465, in _run_event
    await coro(*args, **kwargs)
  File "/app/asu_discord/cogs/analytics.py", line 652, in on_member_update
    before_timeout = before.timed_out_until
                     ^^^^^^^^^^^^^^^^^^^^^^
AttributeError: 'Member' object has no attribute 'timed_out_until'
Ignoring exception in on_member_update
Traceback (most recent call last):
  File "/usr/local/lib/python3.12/site-packages/discord/client.py", line 465, in _run_event
    await coro(*args, **kwargs)
  File "/app/asu_discord/cogs/analytics.py", line 652, in on_member_update
    before_timeout = before.timed_out_until
                     ^^^^^^^^^^^^^^^^^^^^^^
AttributeError: 'Member' object has no attribute 'timed_out_until'
Ignoring exception in on_member_update
Traceback (most recent call last):
  File "/usr/local/lib/python3.12/site-packages/discord/client.py", line 465, in _run_event
    await coro(*args, **kwargs)
  File "/app/asu_discord/cogs/analytics.py", line 652, in on_member_update
    before_timeout = before.timed_out_until
                     ^^^^^^^^^^^^^^^^^^^^^^
AttributeError: 'Member' object has no attribute 'timed_out_until'
INFO:asu_discord.cogs.verification:Saved 5 roles to database for user bfresqu1 (Discord ID: 1463703251269451838)
INFO:asu_discord.cogs.verification:Refreshed Salesforce roles for Discord user 1463703251269451838: -4/+5 roles, assigned=[Commited, First Year, Out of State, Tempe, W.P. Carey School of Business]
Ignoring exception in on_member_update
Traceback (most recent call last):
  File "/usr/local/lib/python3.12/site-packages/discord/client.py", line 465, in _run_event
    await coro(*args, **kwargs)
  File "/app/asu_discord/cogs/analytics.py", line 652, in on_member_update
    before_timeout = before.timed_out_until
                     ^^^^^^^^^^^^^^^^^^^^^^
AttributeError: 'Member' object has no attribute 'timed_out_until'
Ignoring exception in on_member_update
Traceback (most recent call last):
  File "/usr/local/lib/python3.12/site-packages/discord/client.py", line 465, in _run_event
    await coro(*args, **kwargs)
  File "/app/asu_discord/cogs/analytics.py", line 652, in on_member_update
    before_timeout = before.timed_out_until
                     ^^^^^^^^^^^^^^^^^^^^^^
AttributeError: 'Member' object has no attribute 'timed_out_until'
Ignoring exception in on_member_update
Traceback (most recent call last):
  File "/usr/local/lib/python3.12/site-packages/discord/client.py", line 465, in _run_event
    await coro(*args, **kwargs)
  File "/app/asu_discord/cogs/analytics.py", line 652, in on_member_update
    before_timeout = before.timed_out_until
                     ^^^^^^^^^^^^^^^^^^^^^^
AttributeError: 'Member' object has no attribute 'timed_out_until'
Ignoring exception in on_member_update
Traceback (most recent call last):
  File "/usr/local/lib/python3.12/site-packages/discord/client.py", line 465, in _run_event
    await coro(*args, **kwargs)
  File "/app/asu_discord/cogs/analytics.py", line 652, in on_member_update
    before_timeout = before.timed_out_until
                     ^^^^^^^^^^^^^^^^^^^^^^
AttributeError: 'Member' object has no attribute 'timed_out_until'
Ignoring exception in on_member_update
Traceback (most recent call last):
  File "/usr/local/lib/python3.12/site-packages/discord/client.py", line 465, in _run_event
    await coro(*args, **kwargs)
  File "/app/asu_discord/cogs/analytics.py", line 652, in on_member_update
    before_timeout = before.timed_out_until
                     ^^^^^^^^^^^^^^^^^^^^^^
AttributeError: 'Member' object has no attribute 'timed_out_until'
Ignoring exception in on_member_update
Traceback (most recent call last):
  File "/usr/local/lib/python3.12/site-packages/discord/client.py", line 465, in _run_event
    await coro(*args, **kwargs)
  File "/app/asu_discord/cogs/analytics.py", line 652, in on_member_update
    before_timeout = before.timed_out_until
                     ^^^^^^^^^^^^^^^^^^^^^^
AttributeError: 'Member' object has no attribute 'timed_out_until'
Ignoring exception in on_member_update
Traceback (most recent call last):
  File "/usr/local/lib/python3.12/site-packages/discord/client.py", line 465, in _run_event
    await coro(*args, **kwargs)
  File "/app/asu_discord/cogs/analytics.py", line 652, in on_member_update
    before_timeout = before.timed_out_until
                     ^^^^^^^^^^^^^^^^^^^^^^
AttributeError: 'Member' object has no attribute 'timed_out_until'
Ignoring exception in on_member_update
Traceback (most recent call last):
  File "/usr/local/lib/python3.12/site-packages/discord/client.py", line 465, in _run_event
    await coro(*args, **kwargs)
  File "/app/asu_discord/cogs/analytics.py", line 652, in on_member_update
    before_timeout = before.timed_out_until
                     ^^^^^^^^^^^^^^^^^^^^^^
AttributeError: 'Member' object has no attribute 'timed_out_until'
Ignoring exception in on_member_update
Traceback (most recent call last):
  File "/usr/local/lib/python3.12/site-packages/discord/client.py", line 465, in _run_event
    await coro(*args, **kwargs)
  File "/app/asu_discord/cogs/analytics.py", line 652, in on_member_update
    before_timeout = before.timed_out_until
                     ^^^^^^^^^^^^^^^^^^^^^^
AttributeError: 'Member' object has no attribute 'timed_out_until'
Ignoring exception in on_member_update
Traceback (most recent call last):
  File "/usr/local/lib/python3.12/site-packages/discord/client.py", line 465, in _run_event
    await coro(*args, **kwargs)
  File "/app/asu_discord/cogs/analytics.py", line 652, in on_member_update
    before_timeout = before.timed_out_until
                     ^^^^^^^^^^^^^^^^^^^^^^
AttributeError: 'Member' object has no attribute 'timed_out_until'
INFO:asu_discord.cogs.verification:Saved 5 roles to database for user mallisla (Discord ID: 539509783854579724)
INFO:asu_discord.cogs.verification:Refreshed Salesforce roles for Discord user 539509783854579724: -5/+5 roles, assigned=[First Generation Student, Graduate Student, International Student, Ira A. Fulton Schools of Engineering, Tempe]
Ignoring exception in on_member_update
Traceback (most recent call last):
  File "/usr/local/lib/python3.12/site-packages/discord/client.py", line 465, in _run_event
    await coro(*args, **kwargs)
  File "/app/asu_discord/cogs/analytics.py", line 652, in on_member_update
    before_timeout = before.timed_out_until
                     ^^^^^^^^^^^^^^^^^^^^^^
AttributeError: 'Member' object has no attribute 'timed_out_until'
Ignoring exception in on_member_update
Traceback (most recent call last):
  File "/usr/local/lib/python3.12/site-packages/discord/client.py", line 465, in _run_event
    await coro(*args, **kwargs)
  File "/app/asu_discord/cogs/analytics.py", line 652, in on_member_update
    before_timeout = before.timed_out_until
                     ^^^^^^^^^^^^^^^^^^^^^^
AttributeError: 'Member' object has no attribute 'timed_out_until'
Ignoring exception in on_member_update
Traceback (most recent call last):
  File "/usr/local/lib/python3.12/site-packages/discord/client.py", line 465, in _run_event
    await coro(*args, **kwargs)
  File "/app/asu_discord/cogs/analytics.py", line 652, in on_member_update
    before_timeout = before.timed_out_until
                     ^^^^^^^^^^^^^^^^^^^^^^
AttributeError: 'Member' object has no attribute 'timed_out_until'
Ignoring exception in on_member_update
Traceback (most recent call last):
  File "/usr/local/lib/python3.12/site-packages/discord/client.py", line 465, in _run_event
    await coro(*args, **kwargs)
  File "/app/asu_discord/cogs/analytics.py", line 652, in on_member_update
    before_timeout = before.timed_out_until
                     ^^^^^^^^^^^^^^^^^^^^^^
AttributeError: 'Member' object has no attribute 'timed_out_until'
Ignoring exception in on_member_update
Traceback (most recent call last):
  File "/usr/local/lib/python3.12/site-packages/discord/client.py", line 465, in _run_event
    await coro(*args, **kwargs)
  File "/app/asu_discord/cogs/analytics.py", line 652, in on_member_update
    before_timeout = before.timed_out_until
                     ^^^^^^^^^^^^^^^^^^^^^^
AttributeError: 'Member' object has no attribute 'timed_out_until'
Ignoring exception in on_member_update
Traceback (most recent call last):
  File "/usr/local/lib/python3.12/site-packages/discord/client.py", line 465, in _run_event
    await coro(*args, **kwargs)
  File "/app/asu_discord/cogs/analytics.py", line 652, in on_member_update
    before_timeout = before.timed_out_until
                     ^^^^^^^^^^^^^^^^^^^^^^
AttributeError: 'Member' object has no attribute 'timed_out_until'
Ignoring exception in on_member_update
Traceback (most recent call last):
  File "/usr/local/lib/python3.12/site-packages/discord/client.py", line 465, in _run_event
    await coro(*args, **kwargs)
  File "/app/asu_discord/cogs/analytics.py", line 652, in on_member_update
    before_timeout = before.timed_out_until
                     ^^^^^^^^^^^^^^^^^^^^^^
AttributeError: 'Member' object has no attribute 'timed_out_until'
Ignoring exception in on_member_update
Traceback (most recent call last):
  File "/usr/local/lib/python3.12/site-packages/discord/client.py", line 465, in _run_event
    await coro(*args, **kwargs)
  File "/app/asu_discord/cogs/analytics.py", line 652, in on_member_update
    before_timeout = before.timed_out_until
                     ^^^^^^^^^^^^^^^^^^^^^^
AttributeError: 'Member' object has no attribute 'timed_out_until'
Ignoring exception in on_member_update
Traceback (most recent call last):
  File "/usr/local/lib/python3.12/site-packages/discord/client.py", line 465, in _run_event
    await coro(*args, **kwargs)
  File "/app/asu_discord/cogs/analytics.py", line 652, in on_member_update
    before_timeout = before.timed_out_until
                     ^^^^^^^^^^^^^^^^^^^^^^
AttributeError: 'Member' object has no attribute 'timed_out_until'
Ignoring exception in on_member_update
Traceback (most recent call last):
  File "/usr/local/lib/python3.12/site-packages/discord/client.py", line 465, in _run_event
    await coro(*args, **kwargs)
  File "/app/asu_discord/cogs/analytics.py", line 652, in on_member_update
    before_timeout = before.timed_out_until
                     ^^^^^^^^^^^^^^^^^^^^^^
AttributeError: 'Member' object has no attribute 'timed_out_until'
INFO:asu_discord.cogs.verification:Saved 5 roles to database for user tphan118 (Discord ID: 713911938119237672)
INFO:asu_discord.cogs.verification:Refreshed Salesforce roles for Discord user 713911938119237672: -5/+5 roles, assigned=[College of Liberal Arts and Sciences, Commited, First Year, International Student, Tempe]
Ignoring exception in on_member_update
Traceback (most recent call last):
  File "/usr/local/lib/python3.12/site-packages/discord/client.py", line 465, in _run_event
    await coro(*args, **kwargs)
  File "/app/asu_discord/cogs/analytics.py", line 652, in on_member_update
    before_timeout = before.timed_out_until
                     ^^^^^^^^^^^^^^^^^^^^^^
AttributeError: 'Member' object has no attribute 'timed_out_until'
Ignoring exception in on_member_update
Traceback (most recent call last):
  File "/usr/local/lib/python3.12/site-packages/discord/client.py", line 465, in _run_event
    await coro(*args, **kwargs)
  File "/app/asu_discord/cogs/analytics.py", line 652, in on_member_update
    before_timeout = before.timed_out_until
                     ^^^^^^^^^^^^^^^^^^^^^^
AttributeError: 'Member' object has no attribute 'timed_out_until'
Ignoring exception in on_member_update
Traceback (most recent call last):
  File "/usr/local/lib/python3.12/site-packages/discord/client.py", line 465, in _run_event
    await coro(*args, **kwargs)
  File "/app/asu_discord/cogs/analytics.py", line 652, in on_member_update
    before_timeout = before.timed_out_until
                     ^^^^^^^^^^^^^^^^^^^^^^
AttributeError: 'Member' object has no attribute 'timed_out_until'
Ignoring exception in on_member_update
Traceback (most recent call last):
  File "/usr/local/lib/python3.12/site-packages/discord/client.py", line 465, in _run_event
    await coro(*args, **kwargs)
  File "/app/asu_discord/cogs/analytics.py", line 652, in on_member_update
    before_timeout = before.timed_out_until
                     ^^^^^^^^^^^^^^^^^^^^^^
AttributeError: 'Member' object has no attribute 'timed_out_until'
Ignoring exception in on_member_update
Traceback (most recent call last):
  File "/usr/local/lib/python3.12/site-packages/discord/client.py", line 465, in _run_event
    await coro(*args, **kwargs)
  File "/app/asu_discord/cogs/analytics.py", line 652, in on_member_update
    before_timeout = before.timed_out_until
                     ^^^^^^^^^^^^^^^^^^^^^^
AttributeError: 'Member' object has no attribute 'timed_out_until'
Ignoring exception in on_member_update
Traceback (most recent call last):
  File "/usr/local/lib/python3.12/site-packages/discord/client.py", line 465, in _run_event
    await coro(*args, **kwargs)
  File "/app/asu_discord/cogs/analytics.py", line 652, in on_member_update
    before_timeout = before.timed_out_until
                     ^^^^^^^^^^^^^^^^^^^^^^
AttributeError: 'Member' object has no attribute 'timed_out_until'
Ignoring exception in on_member_update
Traceback (most recent call last):
  File "/usr/local/lib/python3.12/site-packages/discord/client.py", line 465, in _run_event
    await coro(*args, **kwargs)
  File "/app/asu_discord/cogs/analytics.py", line 652, in on_member_update
    before_timeout = before.timed_out_until
                     ^^^^^^^^^^^^^^^^^^^^^^
AttributeError: 'Member' object has no attribute 'timed_out_until'
Ignoring exception in on_member_update
Traceback (most recent call last):
  File "/usr/local/lib/python3.12/site-packages/discord/client.py", line 465, in _run_event
    await coro(*args, **kwargs)
  File "/app/asu_discord/cogs/analytics.py", line 652, in on_member_update
    before_timeout = before.timed_out_until
                     ^^^^^^^^^^^^^^^^^^^^^^
AttributeError: 'Member' object has no attribute 'timed_out_until'
Ignoring exception in on_member_update
Traceback (most recent call last):
  File "/usr/local/lib/python3.12/site-packages/discord/client.py", line 465, in _run_event
    await coro(*args, **kwargs)
  File "/app/asu_discord/cogs/analytics.py", line 652, in on_member_update
    before_timeout = before.timed_out_until
                     ^^^^^^^^^^^^^^^^^^^^^^
AttributeError: 'Member' object has no attribute 'timed_out_until'
Ignoring exception in on_member_update
Traceback (most recent call last):
  File "/usr/local/lib/python3.12/site-packages/discord/client.py", line 465, in _run_event
    await coro(*args, **kwargs)
  File "/app/asu_discord/cogs/analytics.py", line 652, in on_member_update
    before_timeout = before.timed_out_until
                     ^^^^^^^^^^^^^^^^^^^^^^
AttributeError: 'Member' object has no attribute 'timed_out_until'
INFO:asu_discord.cogs.verification:Saved 5 roles to database for user aruizve1 (Discord ID: 682030999424860264)
INFO:asu_discord.cogs.verification:Refreshed Salesforce roles for Discord user 682030999424860264: -5/+5 roles, assigned=[Arizona Resident, Commited, First Year, Ira A. Fulton Schools of Engineering, Tempe]
Ignoring exception in on_member_update
Traceback (most recent call last):
  File "/usr/local/lib/python3.12/site-packages/discord/client.py", line 465, in _run_event
    await coro(*args, **kwargs)
  File "/app/asu_discord/cogs/analytics.py", line 652, in on_member_update
    before_timeout = before.timed_out_until
                     ^^^^^^^^^^^^^^^^^^^^^^
AttributeError: 'Member' object has no attribute 'timed_out_until'
Ignoring exception in on_member_update
Traceback (most recent call last):
  File "/usr/local/lib/python3.12/site-packages/discord/client.py", line 465, in _run_event
    await coro(*args, **kwargs)
  File "/app/asu_discord/cogs/analytics.py", line 652, in on_member_update
    before_timeout = before.timed_out_until
                     ^^^^^^^^^^^^^^^^^^^^^^
AttributeError: 'Member' object has no attribute 'timed_out_until'
Ignoring exception in on_member_update
Traceback (most recent call last):
  File "/usr/local/lib/python3.12/site-packages/discord/client.py", line 465, in _run_event
    await coro(*args, **kwargs)
  File "/app/asu_discord/cogs/analytics.py", line 652, in on_member_update
    before_timeout = before.timed_out_until
                     ^^^^^^^^^^^^^^^^^^^^^^
AttributeError: 'Member' object has no attribute 'timed_out_until'
Ignoring exception in on_member_update
Traceback (most recent call last):
  File "/usr/local/lib/python3.12/site-packages/discord/client.py", line 465, in _run_event
    await coro(*args, **kwargs)
  File "/app/asu_discord/cogs/analytics.py", line 652, in on_member_update
    before_timeout = before.timed_out_until
                     ^^^^^^^^^^^^^^^^^^^^^^
AttributeError: 'Member' object has no attribute 'timed_out_until'
Ignoring exception in on_member_update
Traceback (most recent call last):
  File "/usr/local/lib/python3.12/site-packages/discord/client.py", line 465, in _run_event
    await coro(*args, **kwargs)
  File "/app/asu_discord/cogs/analytics.py", line 652, in on_member_update
    before_timeout = before.timed_out_until
                     ^^^^^^^^^^^^^^^^^^^^^^
AttributeError: 'Member' object has no attribute 'timed_out_until'
Ignoring exception in on_member_update
Traceback (most recent call last):
  File "/usr/local/lib/python3.12/site-packages/discord/client.py", line 465, in _run_event
    await coro(*args, **kwargs)
  File "/app/asu_discord/cogs/analytics.py", line 652, in on_member_update
    before_timeout = before.timed_out_until
                     ^^^^^^^^^^^^^^^^^^^^^^
AttributeError: 'Member' object has no attribute 'timed_out_until'
Ignoring exception in on_member_update
Traceback (most recent call last):
  File "/usr/local/lib/python3.12/site-packages/discord/client.py", line 465, in _run_event
    await coro(*args, **kwargs)
  File "/app/asu_discord/cogs/analytics.py", line 652, in on_member_update
    before_timeout = before.timed_out_until
                     ^^^^^^^^^^^^^^^^^^^^^^
AttributeError: 'Member' object has no attribute 'timed_out_until'
Ignoring exception in on_member_update
Traceback (most recent call last):
  File "/usr/local/lib/python3.12/site-packages/discord/client.py", line 465, in _run_event
    await coro(*args, **kwargs)
  File "/app/asu_discord/cogs/analytics.py", line 652, in on_member_update
    before_timeout = before.timed_out_until
                     ^^^^^^^^^^^^^^^^^^^^^^
AttributeError: 'Member' object has no attribute 'timed_out_until'
Ignoring exception in on_member_update
Traceback (most recent call last):
  File "/usr/local/lib/python3.12/site-packages/discord/client.py", line 465, in _run_event
    await coro(*args, **kwargs)
  File "/app/asu_discord/cogs/analytics.py", line 652, in on_member_update
    before_timeout = before.timed_out_until
                     ^^^^^^^^^^^^^^^^^^^^^^
AttributeError: 'Member' object has no attribute 'timed_out_until'
Ignoring exception in on_member_update
Traceback (most recent call last):
  File "/usr/local/lib/python3.12/site-packages/discord/client.py", line 465, in _run_event
    await coro(*args, **kwargs)
  File "/app/asu_discord/cogs/analytics.py", line 652, in on_member_update
    before_timeout = before.timed_out_until
                     ^^^^^^^^^^^^^^^^^^^^^^
AttributeError: 'Member' object has no attribute 'timed_out_until'
INFO:asu_discord.cogs.verification:Saved 5 roles to database for user bburke16 (Discord ID: 719353254391054366)
INFO:asu_discord.cogs.verification:Refreshed Salesforce roles for Discord user 719353254391054366: -5/+5 roles, assigned=[Commited, First Year, Out of State, Tempe, W.P. Carey School of Business]
Ignoring exception in on_member_update
Traceback (most recent call last):
  File "/usr/local/lib/python3.12/site-packages/discord/client.py", line 465, in _run_event
    await coro(*args, **kwargs)
  File "/app/asu_discord/cogs/analytics.py", line 652, in on_member_update
    before_timeout = before.timed_out_until
                     ^^^^^^^^^^^^^^^^^^^^^^
AttributeError: 'Member' object has no attribute 'timed_out_until'
Ignoring exception in on_member_update
Traceback (most recent call last):
  File "/usr/local/lib/python3.12/site-packages/discord/client.py", line 465, in _run_event
    await coro(*args, **kwargs)
  File "/app/asu_discord/cogs/analytics.py", line 652, in on_member_update
    before_timeout = before.timed_out_until
                     ^^^^^^^^^^^^^^^^^^^^^^
AttributeError: 'Member' object has no attribute 'timed_out_until'
Ignoring exception in on_member_update
Traceback (most recent call last):
  File "/usr/local/lib/python3.12/site-packages/discord/client.py", line 465, in _run_event
    await coro(*args, **kwargs)
  File "/app/asu_discord/cogs/analytics.py", line 652, in on_member_update
    before_timeout = before.timed_out_until
                     ^^^^^^^^^^^^^^^^^^^^^^
AttributeError: 'Member' object has no attribute 'timed_out_until'
Ignoring exception in on_member_update
Traceback (most recent call last):
  File "/usr/local/lib/python3.12/site-packages/discord/client.py", line 465, in _run_event
    await coro(*args, **kwargs)
  File "/app/asu_discord/cogs/analytics.py", line 652, in on_member_update
    before_timeout = before.timed_out_until
                     ^^^^^^^^^^^^^^^^^^^^^^
AttributeError: 'Member' object has no attribute 'timed_out_until'
Ignoring exception in on_member_update
Traceback (most recent call last):
  File "/usr/local/lib/python3.12/site-packages/discord/client.py", line 465, in _run_event
    await coro(*args, **kwargs)
  File "/app/asu_discord/cogs/analytics.py", line 652, in on_member_update
    before_timeout = before.timed_out_until
                     ^^^^^^^^^^^^^^^^^^^^^^
AttributeError: 'Member' object has no attribute 'timed_out_until'
Ignoring exception in on_member_update
Traceback (most recent call last):
  File "/usr/local/lib/python3.12/site-packages/discord/client.py", line 465, in _run_event
    await coro(*args, **kwargs)
  File "/app/asu_discord/cogs/analytics.py", line 652, in on_member_update
    before_timeout = before.timed_out_until
                     ^^^^^^^^^^^^^^^^^^^^^^
AttributeError: 'Member' object has no attribute 'timed_out_until'
Ignoring exception in on_member_update
Traceback (most recent call last):
  File "/usr/local/lib/python3.12/site-packages/discord/client.py", line 465, in _run_event
    await coro(*args, **kwargs)
  File "/app/asu_discord/cogs/analytics.py", line 652, in on_member_update
    before_timeout = before.timed_out_until
                     ^^^^^^^^^^^^^^^^^^^^^^
AttributeError: 'Member' object has no attribute 'timed_out_until'
Ignoring exception in on_member_update
Traceback (most recent call last):
  File "/usr/local/lib/python3.12/site-packages/discord/client.py", line 465, in _run_event
    await coro(*args, **kwargs)
  File "/app/asu_discord/cogs/analytics.py", line 652, in on_member_update
    before_timeout = before.timed_out_until
                     ^^^^^^^^^^^^^^^^^^^^^^
AttributeError: 'Member' object has no attribute 'timed_out_until'
Ignoring exception in on_member_update
Traceback (most recent call last):
  File "/usr/local/lib/python3.12/site-packages/discord/client.py", line 465, in _run_event
    await coro(*args, **kwargs)
  File "/app/asu_discord/cogs/analytics.py", line 652, in on_member_update
    before_timeout = before.timed_out_until
                     ^^^^^^^^^^^^^^^^^^^^^^
AttributeError: 'Member' object has no attribute 'timed_out_until'
Ignoring exception in on_member_update
Traceback (most recent call last):
  File "/usr/local/lib/python3.12/site-packages/discord/client.py", line 465, in _run_event
    await coro(*args, **kwargs)
  File "/app/asu_discord/cogs/analytics.py", line 652, in on_member_update
    before_timeout = before.timed_out_until
                     ^^^^^^^^^^^^^^^^^^^^^^
AttributeError: 'Member' object has no attribute 'timed_out_until'
Ignoring exception in on_member_update
Traceback (most recent call last):
  File "/usr/local/lib/python3.12/site-packages/discord/client.py", line 465, in _run_event
    await coro(*args, **kwargs)
  File "/app/asu_discord/cogs/analytics.py", line 652, in on_member_update
    before_timeout = before.timed_out_until
                     ^^^^^^^^^^^^^^^^^^^^^^
AttributeError: 'Member' object has no attribute 'timed_out_until'
Ignoring exception in on_member_update
Traceback (most recent call last):
  File "/usr/local/lib/python3.12/site-packages/discord/client.py", line 465, in _run_event
    await coro(*args, **kwargs)
  File "/app/asu_discord/cogs/analytics.py", line 652, in on_member_update
    before_timeout = before.timed_out_until
                     ^^^^^^^^^^^^^^^^^^^^^^
AttributeError: 'Member' object has no attribute 'timed_out_until'
Ignoring exception in on_member_update
Traceback (most recent call last):
  File "/usr/local/lib/python3.12/site-packages/discord/client.py", line 465, in _run_event
    await coro(*args, **kwargs)
  File "/app/asu_discord/cogs/analytics.py", line 652, in on_member_update
    before_timeout = before.timed_out_until
                     ^^^^^^^^^^^^^^^^^^^^^^
AttributeError: 'Member' object has no attribute 'timed_out_until'
INFO:asu_discord.cogs.verification:Saved 6 roles to database for user jferna93 (Discord ID: 263864939582717963)
INFO:asu_discord.cogs.verification:Refreshed Salesforce roles for Discord user 263864939582717963: -6/+6 roles, assigned=[Arizona Resident, First Generation Student, Tempe, Transfer Student, Upperclassmen, W.P. Carey School of Business]
Ignoring exception in on_member_update
Traceback (most recent call last):
  File "/usr/local/lib/python3.12/site-packages/discord/client.py", line 465, in _run_event
    await coro(*args, **kwargs)
  File "/app/asu_discord/cogs/analytics.py", line 652, in on_member_update
    before_timeout = before.timed_out_until
                     ^^^^^^^^^^^^^^^^^^^^^^
AttributeError: 'Member' object has no attribute 'timed_out_until'
Ignoring exception in on_member_update
Traceback (most recent call last):
  File "/usr/local/lib/python3.12/site-packages/discord/client.py", line 465, in _run_event
    await coro(*args, **kwargs)
  File "/app/asu_discord/cogs/analytics.py", line 652, in on_member_update
    before_timeout = before.timed_out_until
                     ^^^^^^^^^^^^^^^^^^^^^^
AttributeError: 'Member' object has no attribute 'timed_out_until'
Ignoring exception in on_member_update
Traceback (most recent call last):
  File "/usr/local/lib/python3.12/site-packages/discord/client.py", line 465, in _run_event
    await coro(*args, **kwargs)
  File "/app/asu_discord/cogs/analytics.py", line 652, in on_member_update
    before_timeout = before.timed_out_until
                     ^^^^^^^^^^^^^^^^^^^^^^
AttributeError: 'Member' object has no attribute 'timed_out_until'
Ignoring exception in on_member_update
Traceback (most recent call last):
  File "/usr/local/lib/python3.12/site-packages/discord/client.py", line 465, in _run_event
    await coro(*args, **kwargs)
  File "/app/asu_discord/cogs/analytics.py", line 652, in on_member_update
    before_timeout = before.timed_out_until
                     ^^^^^^^^^^^^^^^^^^^^^^
AttributeError: 'Member' object has no attribute 'timed_out_until'
Ignoring exception in on_member_update
Traceback (most recent call last):
  File "/usr/local/lib/python3.12/site-packages/discord/client.py", line 465, in _run_event
    await coro(*args, **kwargs)
  File "/app/asu_discord/cogs/analytics.py", line 652, in on_member_update
    before_timeout = before.timed_out_until
                     ^^^^^^^^^^^^^^^^^^^^^^
AttributeError: 'Member' object has no attribute 'timed_out_until'
Ignoring exception in on_member_update
Traceback (most recent call last):
  File "/usr/local/lib/python3.12/site-packages/discord/client.py", line 465, in _run_event
    await coro(*args, **kwargs)
  File "/app/asu_discord/cogs/analytics.py", line 652, in on_member_update
    before_timeout = before.timed_out_until
                     ^^^^^^^^^^^^^^^^^^^^^^
AttributeError: 'Member' object has no attribute 'timed_out_until'
Ignoring exception in on_member_update
Traceback (most recent call last):
  File "/usr/local/lib/python3.12/site-packages/discord/client.py", line 465, in _run_event
    await coro(*args, **kwargs)
  File "/app/asu_discord/cogs/analytics.py", line 652, in on_member_update
    before_timeout = before.timed_out_until
                     ^^^^^^^^^^^^^^^^^^^^^^
AttributeError: 'Member' object has no attribute 'timed_out_until'
Ignoring exception in on_member_update
Traceback (most recent call last):
  File "/usr/local/lib/python3.12/site-packages/discord/client.py", line 465, in _run_event
    await coro(*args, **kwargs)
  File "/app/asu_discord/cogs/analytics.py", line 652, in on_member_update
    before_timeout = before.timed_out_until
                     ^^^^^^^^^^^^^^^^^^^^^^
AttributeError: 'Member' object has no attribute 'timed_out_until'
Ignoring exception in on_member_update
Traceback (most recent call last):
  File "/usr/local/lib/python3.12/site-packages/discord/client.py", line 465, in _run_event
    await coro(*args, **kwargs)
  File "/app/asu_discord/cogs/analytics.py", line 652, in on_member_update
    before_timeout = before.timed_out_until
                     ^^^^^^^^^^^^^^^^^^^^^^
AttributeError: 'Member' object has no attribute 'timed_out_until'
Ignoring exception in on_member_update
Traceback (most recent call last):
  File "/usr/local/lib/python3.12/site-packages/discord/client.py", line 465, in _run_event
    await coro(*args, **kwargs)
  File "/app/asu_discord/cogs/analytics.py", line 652, in on_member_update
    before_timeout = before.timed_out_until
                     ^^^^^^^^^^^^^^^^^^^^^^
AttributeError: 'Member' object has no attribute 'timed_out_until'
INFO:asu_discord.cogs.verification:Saved 5 roles to database for user misler (Discord ID: 540997993822683156)
INFO:asu_discord.cogs.verification:Refreshed Salesforce roles for Discord user 540997993822683156: -5/+5 roles, assigned=[Commited, Downtown Phoenix, Graduate Student, International Student, Watts College of Public Service and Community Solutions]
Ignoring exception in on_member_update
Traceback (most recent call last):
  File "/usr/local/lib/python3.12/site-packages/discord/client.py", line 465, in _run_event
    await coro(*args, **kwargs)
  File "/app/asu_discord/cogs/analytics.py", line 652, in on_member_update
    before_timeout = before.timed_out_until
                     ^^^^^^^^^^^^^^^^^^^^^^
AttributeError: 'Member' object has no attribute 'timed_out_until'
INFO:asu_discord.cogs.verification:Saved 1 roles to database for user pnarnur1 (Discord ID: 1486118932879380601)
INFO:asu_discord.cogs.verification:Refreshed Salesforce roles for Discord user 1486118932879380601: -1/+1 roles, assigned=[Arizona Resident]
Ignoring exception in on_member_update
Traceback (most recent call last):
  File "/usr/local/lib/python3.12/site-packages/discord/client.py", line 465, in _run_event
    await coro(*args, **kwargs)
  File "/app/asu_discord/cogs/analytics.py", line 652, in on_member_update
    before_timeout = before.timed_out_until
                     ^^^^^^^^^^^^^^^^^^^^^^
AttributeError: 'Member' object has no attribute 'timed_out_until'
Ignoring exception in on_member_update
Traceback (most recent call last):
  File "/usr/local/lib/python3.12/site-packages/discord/client.py", line 465, in _run_event
    await coro(*args, **kwargs)
  File "/app/asu_discord/cogs/analytics.py", line 652, in on_member_update
    before_timeout = before.timed_out_until
                     ^^^^^^^^^^^^^^^^^^^^^^
AttributeError: 'Member' object has no attribute 'timed_out_until'
Ignoring exception in on_member_update
Traceback (most recent call last):
  File "/usr/local/lib/python3.12/site-packages/discord/client.py", line 465, in _run_event
    await coro(*args, **kwargs)
  File "/app/asu_discord/cogs/analytics.py", line 652, in on_member_update
    before_timeout = before.timed_out_until
                     ^^^^^^^^^^^^^^^^^^^^^^
AttributeError: 'Member' object has no attribute 'timed_out_until'
Ignoring exception in on_member_update
Traceback (most recent call last):
  File "/usr/local/lib/python3.12/site-packages/discord/client.py", line 465, in _run_event
    await coro(*args, **kwargs)
  File "/app/asu_discord/cogs/analytics.py", line 652, in on_member_update
    before_timeout = before.timed_out_until
                     ^^^^^^^^^^^^^^^^^^^^^^
AttributeError: 'Member' object has no attribute 'timed_out_until'
Ignoring exception in on_member_update
Traceback (most recent call last):
  File "/usr/local/lib/python3.12/site-packages/discord/client.py", line 465, in _run_event
    await coro(*args, **kwargs)
  File "/app/asu_discord/cogs/analytics.py", line 652, in on_member_update
    before_timeout = before.timed_out_until
                     ^^^^^^^^^^^^^^^^^^^^^^
AttributeError: 'Member' object has no attribute 'timed_out_until'
Ignoring exception in on_member_update
Traceback (most recent call last):
  File "/usr/local/lib/python3.12/site-packages/discord/client.py", line 465, in _run_event
    await coro(*args, **kwargs)
  File "/app/asu_discord/cogs/analytics.py", line 652, in on_member_update
    before_timeout = before.timed_out_until
                     ^^^^^^^^^^^^^^^^^^^^^^
AttributeError: 'Member' object has no attribute 'timed_out_until'
Ignoring exception in on_member_update
Traceback (most recent call last):
  File "/usr/local/lib/python3.12/site-packages/discord/client.py", line 465, in _run_event
    await coro(*args, **kwargs)
  File "/app/asu_discord/cogs/analytics.py", line 652, in on_member_update
    before_timeout = before.timed_out_until
                     ^^^^^^^^^^^^^^^^^^^^^^
AttributeError: 'Member' object has no attribute 'timed_out_until'
Ignoring exception in on_member_update
Traceback (most recent call last):
  File "/usr/local/lib/python3.12/site-packages/discord/client.py", line 465, in _run_event
    await coro(*args, **kwargs)
  File "/app/asu_discord/cogs/analytics.py", line 652, in on_member_update
    before_timeout = before.timed_out_until
                     ^^^^^^^^^^^^^^^^^^^^^^
AttributeError: 'Member' object has no attribute 'timed_out_until'
Ignoring exception in on_member_update
Traceback (most recent call last):
  File "/usr/local/lib/python3.12/site-packages/discord/client.py", line 465, in _run_event
    await coro(*args, **kwargs)
  File "/app/asu_discord/cogs/analytics.py", line 652, in on_member_update
    before_timeout = before.timed_out_until
                     ^^^^^^^^^^^^^^^^^^^^^^
AttributeError: 'Member' object has no attribute 'timed_out_until'
Ignoring exception in on_member_update
Traceback (most recent call last):
  File "/usr/local/lib/python3.12/site-packages/discord/client.py", line 465, in _run_event
    await coro(*args, **kwargs)
  File "/app/asu_discord/cogs/analytics.py", line 652, in on_member_update
    before_timeout = before.timed_out_until
                     ^^^^^^^^^^^^^^^^^^^^^^
AttributeError: 'Member' object has no attribute 'timed_out_until'
Ignoring exception in on_member_update
Traceback (most recent call last):
  File "/usr/local/lib/python3.12/site-packages/discord/client.py", line 465, in _run_event
    await coro(*args, **kwargs)
  File "/app/asu_discord/cogs/analytics.py", line 652, in on_member_update
    before_timeout = before.timed_out_until
                     ^^^^^^^^^^^^^^^^^^^^^^
AttributeError: 'Member' object has no attribute 'timed_out_until'
INFO:asu_discord.cogs.verification:Saved 5 roles to database for user kberry26 (Discord ID: 1092526371823173692)
INFO:asu_discord.cogs.verification:Refreshed Salesforce roles for Discord user 1092526371823173692: -5/+5 roles, assigned=[Arizona Resident, Commited, First Year, Tempe, University College]
Ignoring exception in on_member_update
Traceback (most recent call last):
  File "/usr/local/lib/python3.12/site-packages/discord/client.py", line 465, in _run_event
    await coro(*args, **kwargs)
  File "/app/asu_discord/cogs/analytics.py", line 652, in on_member_update
    before_timeout = before.timed_out_until
                     ^^^^^^^^^^^^^^^^^^^^^^
AttributeError: 'Member' object has no attribute 'timed_out_until'
Ignoring exception in on_member_update
Traceback (most recent call last):
  File "/usr/local/lib/python3.12/site-packages/discord/client.py", line 465, in _run_event
    await coro(*args, **kwargs)
  File "/app/asu_discord/cogs/analytics.py", line 652, in on_member_update
    before_timeout = before.timed_out_until
                     ^^^^^^^^^^^^^^^^^^^^^^
AttributeError: 'Member' object has no attribute 'timed_out_until'
Ignoring exception in on_member_update
Traceback (most recent call last):
  File "/usr/local/lib/python3.12/site-packages/discord/client.py", line 465, in _run_event
    await coro(*args, **kwargs)
  File "/app/asu_discord/cogs/analytics.py", line 652, in on_member_update
    before_timeout = before.timed_out_until
                     ^^^^^^^^^^^^^^^^^^^^^^
AttributeError: 'Member' object has no attribute 'timed_out_until'
Ignoring exception in on_member_update
Traceback (most recent call last):
  File "/usr/local/lib/python3.12/site-packages/discord/client.py", line 465, in _run_event
    await coro(*args, **kwargs)
  File "/app/asu_discord/cogs/analytics.py", line 652, in on_member_update
    before_timeout = before.timed_out_until
                     ^^^^^^^^^^^^^^^^^^^^^^
AttributeError: 'Member' object has no attribute 'timed_out_until'
Ignoring exception in on_member_update
Traceback (most recent call last):
  File "/usr/local/lib/python3.12/site-packages/discord/client.py", line 465, in _run_event
    await coro(*args, **kwargs)
  File "/app/asu_discord/cogs/analytics.py", line 652, in on_member_update
    before_timeout = before.timed_out_until
                     ^^^^^^^^^^^^^^^^^^^^^^
AttributeError: 'Member' object has no attribute 'timed_out_until'
Ignoring exception in on_member_update
Traceback (most recent call last):
  File "/usr/local/lib/python3.12/site-packages/discord/client.py", line 465, in _run_event
    await coro(*args, **kwargs)
  File "/app/asu_discord/cogs/analytics.py", line 652, in on_member_update
    before_timeout = before.timed_out_until
                     ^^^^^^^^^^^^^^^^^^^^^^
AttributeError: 'Member' object has no attribute 'timed_out_until'
Ignoring exception in on_member_update
Traceback (most recent call last):
  File "/usr/local/lib/python3.12/site-packages/discord/client.py", line 465, in _run_event
    await coro(*args, **kwargs)
  File "/app/asu_discord/cogs/analytics.py", line 652, in on_member_update
    before_timeout = before.timed_out_until
                     ^^^^^^^^^^^^^^^^^^^^^^
AttributeError: 'Member' object has no attribute 'timed_out_until'
INFO:asu_discord.cogs.verification:Saved 4 roles to database for user ckorol (Discord ID: 714893864716075079)
INFO:asu_discord.cogs.verification:Refreshed Salesforce roles for Discord user 714893864716075079: -3/+4 roles, assigned=[Arizona Resident, College of Liberal Arts and Sciences, First Year, Tempe]
Ignoring exception in on_member_update
Traceback (most recent call last):
  File "/usr/local/lib/python3.12/site-packages/discord/client.py", line 465, in _run_event
    await coro(*args, **kwargs)
  File "/app/asu_discord/cogs/analytics.py", line 652, in on_member_update
    before_timeout = before.timed_out_until
                     ^^^^^^^^^^^^^^^^^^^^^^
AttributeError: 'Member' object has no attribute 'timed_out_until'
Ignoring exception in on_member_update
Traceback (most recent call last):
  File "/usr/local/lib/python3.12/site-packages/discord/client.py", line 465, in _run_event
    await coro(*args, **kwargs)
  File "/app/asu_discord/cogs/analytics.py", line 652, in on_member_update
    before_timeout = before.timed_out_until
                     ^^^^^^^^^^^^^^^^^^^^^^
AttributeError: 'Member' object has no attribute 'timed_out_until'
Ignoring exception in on_member_update
Traceback (most recent call last):
  File "/usr/local/lib/python3.12/site-packages/discord/client.py", line 465, in _run_event
    await coro(*args, **kwargs)
  File "/app/asu_discord/cogs/analytics.py", line 652, in on_member_update
    before_timeout = before.timed_out_until
                     ^^^^^^^^^^^^^^^^^^^^^^
AttributeError: 'Member' object has no attribute 'timed_out_until'
Ignoring exception in on_member_update
Traceback (most recent call last):
  File "/usr/local/lib/python3.12/site-packages/discord/client.py", line 465, in _run_event
    await coro(*args, **kwargs)
  File "/app/asu_discord/cogs/analytics.py", line 652, in on_member_update
    before_timeout = before.timed_out_until
                     ^^^^^^^^^^^^^^^^^^^^^^
AttributeError: 'Member' object has no attribute 'timed_out_until'
Ignoring exception in on_member_update
Traceback (most recent call last):
  File "/usr/local/lib/python3.12/site-packages/discord/client.py", line 465, in _run_event
    await coro(*args, **kwargs)
  File "/app/asu_discord/cogs/analytics.py", line 652, in on_member_update
    before_timeout = before.timed_out_until
                     ^^^^^^^^^^^^^^^^^^^^^^
AttributeError: 'Member' object has no attribute 'timed_out_until'
Ignoring exception in on_member_update
Traceback (most recent call last):
  File "/usr/local/lib/python3.12/site-packages/discord/client.py", line 465, in _run_event
    await coro(*args, **kwargs)
  File "/app/asu_discord/cogs/analytics.py", line 652, in on_member_update
    before_timeout = before.timed_out_until
                     ^^^^^^^^^^^^^^^^^^^^^^
AttributeError: 'Member' object has no attribute 'timed_out_until'
Ignoring exception in on_member_update
Traceback (most recent call last):
  File "/usr/local/lib/python3.12/site-packages/discord/client.py", line 465, in _run_event
    await coro(*args, **kwargs)
  File "/app/asu_discord/cogs/analytics.py", line 652, in on_member_update
    before_timeout = before.timed_out_until
                     ^^^^^^^^^^^^^^^^^^^^^^
AttributeError: 'Member' object has no attribute 'timed_out_until'
Ignoring exception in on_member_update
Traceback (most recent call last):
  File "/usr/local/lib/python3.12/site-packages/discord/client.py", line 465, in _run_event
    await coro(*args, **kwargs)
  File "/app/asu_discord/cogs/analytics.py", line 652, in on_member_update
    before_timeout = before.timed_out_until
                     ^^^^^^^^^^^^^^^^^^^^^^
AttributeError: 'Member' object has no attribute 'timed_out_until'
Ignoring exception in on_member_update
Traceback (most recent call last):
  File "/usr/local/lib/python3.12/site-packages/discord/client.py", line 465, in _run_event
    await coro(*args, **kwargs)
  File "/app/asu_discord/cogs/analytics.py", line 652, in on_member_update
    before_timeout = before.timed_out_until
                     ^^^^^^^^^^^^^^^^^^^^^^
AttributeError: 'Member' object has no attribute 'timed_out_until'
Ignoring exception in on_member_update
Traceback (most recent call last):
  File "/usr/local/lib/python3.12/site-packages/discord/client.py", line 465, in _run_event
    await coro(*args, **kwargs)
  File "/app/asu_discord/cogs/analytics.py", line 652, in on_member_update
    before_timeout = before.timed_out_until
                     ^^^^^^^^^^^^^^^^^^^^^^
AttributeError: 'Member' object has no attribute 'timed_out_until'
Ignoring exception in on_member_update
Traceback (most recent call last):
  File "/usr/local/lib/python3.12/site-packages/discord/client.py", line 465, in _run_event
    await coro(*args, **kwargs)
  File "/app/asu_discord/cogs/analytics.py", line 652, in on_member_update
    before_timeout = before.timed_out_until
                     ^^^^^^^^^^^^^^^^^^^^^^
AttributeError: 'Member' object has no attribute 'timed_out_until'
ERROR:cron.jobs:refresh_salesforce_roles: failed for skaur121 (Discord ID 798629427310755841): Timed out refresh Salesforce-based roles
Ignoring exception in on_member_update
Traceback (most recent call last):
  File "/usr/local/lib/python3.12/site-packages/discord/client.py", line 465, in _run_event
    await coro(*args, **kwargs)
  File "/app/asu_discord/cogs/analytics.py", line 652, in on_member_update
    before_timeout = before.timed_out_until
                     ^^^^^^^^^^^^^^^^^^^^^^
AttributeError: 'Member' object has no attribute 'timed_out_until'
Ignoring exception in on_member_update
Traceback (most recent call last):
  File "/usr/local/lib/python3.12/site-packages/discord/client.py", line 465, in _run_event
    await coro(*args, **kwargs)
  File "/app/asu_discord/cogs/analytics.py", line 652, in on_member_update
    before_timeout = before.timed_out_until
                     ^^^^^^^^^^^^^^^^^^^^^^
AttributeError: 'Member' object has no attribute 'timed_out_until'
Ignoring exception in on_member_update
Traceback (most recent call last):
  File "/usr/local/lib/python3.12/site-packages/discord/client.py", line 465, in _run_event
    await coro(*args, **kwargs)
  File "/app/asu_discord/cogs/analytics.py", line 652, in on_member_update
    before_timeout = before.timed_out_until
                     ^^^^^^^^^^^^^^^^^^^^^^
AttributeError: 'Member' object has no attribute 'timed_out_until'
Ignoring exception in on_member_update
Traceback (most recent call last):
  File "/usr/local/lib/python3.12/site-packages/discord/client.py", line 465, in _run_event
    await coro(*args, **kwargs)
  File "/app/asu_discord/cogs/analytics.py", line 652, in on_member_update
    before_timeout = before.timed_out_until
                     ^^^^^^^^^^^^^^^^^^^^^^
AttributeError: 'Member' object has no attribute 'timed_out_until'
Ignoring exception in on_member_update
Traceback (most recent call last):
  File "/usr/local/lib/python3.12/site-packages/discord/client.py", line 465, in _run_event
    await coro(*args, **kwargs)
  File "/app/asu_discord/cogs/analytics.py", line 652, in on_member_update
    before_timeout = before.timed_out_until
                     ^^^^^^^^^^^^^^^^^^^^^^
AttributeError: 'Member' object has no attribute 'timed_out_until'
Ignoring exception in on_member_update
Traceback (most recent call last):
  File "/usr/local/lib/python3.12/site-packages/discord/client.py", line 465, in _run_event
    await coro(*args, **kwargs)
  File "/app/asu_discord/cogs/analytics.py", line 652, in on_member_update
    before_timeout = before.timed_out_until
                     ^^^^^^^^^^^^^^^^^^^^^^
AttributeError: 'Member' object has no attribute 'timed_out_until'
Ignoring exception in on_member_update
Traceback (most recent call last):
  File "/usr/local/lib/python3.12/site-packages/discord/client.py", line 465, in _run_event
    await coro(*args, **kwargs)
  File "/app/asu_discord/cogs/analytics.py", line 652, in on_member_update
    before_timeout = before.timed_out_until
                     ^^^^^^^^^^^^^^^^^^^^^^
AttributeError: 'Member' object has no attribute 'timed_out_until'
Ignoring exception in on_member_update
Traceback (most recent call last):
  File "/usr/local/lib/python3.12/site-packages/discord/client.py", line 465, in _run_event
    await coro(*args, **kwargs)
  File "/app/asu_discord/cogs/analytics.py", line 652, in on_member_update
    before_timeout = before.timed_out_until
                     ^^^^^^^^^^^^^^^^^^^^^^
AttributeError: 'Member' object has no attribute 'timed_out_until'
Ignoring exception in on_member_update
Traceback (most recent call last):
  File "/usr/local/lib/python3.12/site-packages/discord/client.py", line 465, in _run_event
    await coro(*args, **kwargs)
  File "/app/asu_discord/cogs/analytics.py", line 652, in on_member_update
    before_timeout = before.timed_out_until
                     ^^^^^^^^^^^^^^^^^^^^^^
AttributeError: 'Member' object has no attribute 'timed_out_until'
Ignoring exception in on_member_update
Traceback (most recent call last):
  File "/usr/local/lib/python3.12/site-packages/discord/client.py", line 465, in _run_event
    await coro(*args, **kwargs)
  File "/app/asu_discord/cogs/analytics.py", line 652, in on_member_update
    before_timeout = before.timed_out_until
                     ^^^^^^^^^^^^^^^^^^^^^^
AttributeError: 'Member' object has no attribute 'timed_out_until'
Ignoring exception in on_member_update
Traceback (most recent call last):
  File "/usr/local/lib/python3.12/site-packages/discord/client.py", line 465, in _run_event
    await coro(*args, **kwargs)
  File "/app/asu_discord/cogs/analytics.py", line 652, in on_member_update
    before_timeout = before.timed_out_until
                     ^^^^^^^^^^^^^^^^^^^^^^
AttributeError: 'Member' object has no attribute 'timed_out_until'
ERROR:cron.jobs:refresh_salesforce_roles: failed for csmolin3 (Discord ID 762460007672709170): Timed out refresh Salesforce-based roles
Ignoring exception in on_member_update
Traceback (most recent call last):
  File "/usr/local/lib/python3.12/site-packages/discord/client.py", line 465, in _run_event
    await coro(*args, **kwargs)
  File "/app/asu_discord/cogs/analytics.py", line 652, in on_member_update
    before_timeout = before.timed_out_until
                     ^^^^^^^^^^^^^^^^^^^^^^
AttributeError: 'Member' object has no attribute 'timed_out_until'
Ignoring exception in on_member_update
Traceback (most recent call last):
  File "/usr/local/lib/python3.12/site-packages/discord/client.py", line 465, in _run_event
    await coro(*args, **kwargs)
  File "/app/asu_discord/cogs/analytics.py", line 652, in on_member_update
    before_timeout = before.timed_out_until
                     ^^^^^^^^^^^^^^^^^^^^^^
AttributeError: 'Member' object has no attribute 'timed_out_until'
Ignoring exception in on_member_update
Traceback (most recent call last):
  File "/usr/local/lib/python3.12/site-packages/discord/client.py", line 465, in _run_event
    await coro(*args, **kwargs)
  File "/app/asu_discord/cogs/analytics.py", line 652, in on_member_update
    before_timeout = before.timed_out_until
                     ^^^^^^^^^^^^^^^^^^^^^^
AttributeError: 'Member' object has no attribute 'timed_out_until'
Ignoring exception in on_member_update
Traceback (most recent call last):
  File "/usr/local/lib/python3.12/site-packages/discord/client.py", line 465, in _run_event
    await coro(*args, **kwargs)
  File "/app/asu_discord/cogs/analytics.py", line 652, in on_member_update
    before_timeout = before.timed_out_until
                     ^^^^^^^^^^^^^^^^^^^^^^
AttributeError: 'Member' object has no attribute 'timed_out_until'
Ignoring exception in on_member_update
Traceback (most recent call last):
  File "/usr/local/lib/python3.12/site-packages/discord/client.py", line 465, in _run_event
    await coro(*args, **kwargs)
  File "/app/asu_discord/cogs/analytics.py", line 652, in on_member_update
    before_timeout = before.timed_out_until
                     ^^^^^^^^^^^^^^^^^^^^^^
AttributeError: 'Member' object has no attribute 'timed_out_until'
Ignoring exception in on_member_update
Traceback (most recent call last):
  File "/usr/local/lib/python3.12/site-packages/discord/client.py", line 465, in _run_event
    await coro(*args, **kwargs)
  File "/app/asu_discord/cogs/analytics.py", line 652, in on_member_update
    before_timeout = before.timed_out_until
                     ^^^^^^^^^^^^^^^^^^^^^^
AttributeError: 'Member' object has no attribute 'timed_out_until'
Ignoring exception in on_member_update
Traceback (most recent call last):
  File "/usr/local/lib/python3.12/site-packages/discord/client.py", line 465, in _run_event
    await coro(*args, **kwargs)
  File "/app/asu_discord/cogs/analytics.py", line 652, in on_member_update
    before_timeout = before.timed_out_until
                     ^^^^^^^^^^^^^^^^^^^^^^
AttributeError: 'Member' object has no attribute 'timed_out_until'
Ignoring exception in on_member_update
Traceback (most recent call last):
  File "/usr/local/lib/python3.12/site-packages/discord/client.py", line 465, in _run_event
    await coro(*args, **kwargs)
  File "/app/asu_discord/cogs/analytics.py", line 652, in on_member_update
    before_timeout = before.timed_out_until
                     ^^^^^^^^^^^^^^^^^^^^^^
AttributeError: 'Member' object has no attribute 'timed_out_until'
INFO:asu_discord.cogs.verification:Saved 4 roles to database for user ldunon (Discord ID: 1482731369141502153)
INFO:asu_discord.cogs.verification:Refreshed Salesforce roles for Discord user 1482731369141502153: -4/+4 roles, assigned=[College of Liberal Arts and Sciences, First Year, International Student, Tempe]
Ignoring exception in on_member_update
Traceback (most recent call last):
  File "/usr/local/lib/python3.12/site-packages/discord/client.py", line 465, in _run_event
    await coro(*args, **kwargs)
  File "/app/asu_discord/cogs/analytics.py", line 652, in on_member_update
    before_timeout = before.timed_out_until
                     ^^^^^^^^^^^^^^^^^^^^^^
AttributeError: 'Member' object has no attribute 'timed_out_until'
Ignoring exception in on_member_update
Traceback (most recent call last):
  File "/usr/local/lib/python3.12/site-packages/discord/client.py", line 465, in _run_event
    await coro(*args, **kwargs)
  File "/app/asu_discord/cogs/analytics.py", line 652, in on_member_update
    before_timeout = before.timed_out_until
                     ^^^^^^^^^^^^^^^^^^^^^^
AttributeError: 'Member' object has no attribute 'timed_out_until'
Ignoring exception in on_member_update
Traceback (most recent call last):
  File "/usr/local/lib/python3.12/site-packages/discord/client.py", line 465, in _run_event
    await coro(*args, **kwargs)
  File "/app/asu_discord/cogs/analytics.py", line 652, in on_member_update
    before_timeout = before.timed_out_until
                     ^^^^^^^^^^^^^^^^^^^^^^
AttributeError: 'Member' object has no attribute 'timed_out_until'
Ignoring exception in on_member_update
Traceback (most recent call last):
  File "/usr/local/lib/python3.12/site-packages/discord/client.py", line 465, in _run_event
    await coro(*args, **kwargs)
  File "/app/asu_discord/cogs/analytics.py", line 652, in on_member_update
    before_timeout = before.timed_out_until
                     ^^^^^^^^^^^^^^^^^^^^^^
AttributeError: 'Member' object has no attribute 'timed_out_until'
Ignoring exception in on_member_update
Traceback (most recent call last):
  File "/usr/local/lib/python3.12/site-packages/discord/client.py", line 465, in _run_event
    await coro(*args, **kwargs)
  File "/app/asu_discord/cogs/analytics.py", line 652, in on_member_update
    before_timeout = before.timed_out_until
                     ^^^^^^^^^^^^^^^^^^^^^^
AttributeError: 'Member' object has no attribute 'timed_out_until'
Ignoring exception in on_member_update
Traceback (most recent call last):
  File "/usr/local/lib/python3.12/site-packages/discord/client.py", line 465, in _run_event
    await coro(*args, **kwargs)
  File "/app/asu_discord/cogs/analytics.py", line 652, in on_member_update
    before_timeout = before.timed_out_until
                     ^^^^^^^^^^^^^^^^^^^^^^
AttributeError: 'Member' object has no attribute 'timed_out_until'
Ignoring exception in on_member_update
Traceback (most recent call last):
  File "/usr/local/lib/python3.12/site-packages/discord/client.py", line 465, in _run_event
    await coro(*args, **kwargs)
  File "/app/asu_discord/cogs/analytics.py", line 652, in on_member_update
    before_timeout = before.timed_out_until
                     ^^^^^^^^^^^^^^^^^^^^^^
AttributeError: 'Member' object has no attribute 'timed_out_until'
Ignoring exception in on_member_update
Traceback (most recent call last):
  File "/usr/local/lib/python3.12/site-packages/discord/client.py", line 465, in _run_event
    await coro(*args, **kwargs)
  File "/app/asu_discord/cogs/analytics.py", line 652, in on_member_update
    before_timeout = before.timed_out_until
                     ^^^^^^^^^^^^^^^^^^^^^^
AttributeError: 'Member' object has no attribute 'timed_out_until'
Ignoring exception in on_member_update
Traceback (most recent call last):
  File "/usr/local/lib/python3.12/site-packages/discord/client.py", line 465, in _run_event
    await coro(*args, **kwargs)
  File "/app/asu_discord/cogs/analytics.py", line 652, in on_member_update
    before_timeout = before.timed_out_until
                     ^^^^^^^^^^^^^^^^^^^^^^
AttributeError: 'Member' object has no attribute 'timed_out_until'
Ignoring exception in on_member_update
Traceback (most recent call last):
  File "/usr/local/lib/python3.12/site-packages/discord/client.py", line 465, in _run_event
    await coro(*args, **kwargs)
  File "/app/asu_discord/cogs/analytics.py", line 652, in on_member_update
    before_timeout = before.timed_out_until
                     ^^^^^^^^^^^^^^^^^^^^^^
AttributeError: 'Member' object has no attribute 'timed_out_until'
INFO:asu_discord.cogs.verification:Saved 5 roles to database for user msmiles (Discord ID: 1114779286814076948)
INFO:asu_discord.cogs.verification:Refreshed Salesforce roles for Discord user 1114779286814076948: -5/+5 roles, assigned=[Arizona Resident, Commited, First Year, Herberger Institute for Design and the Arts, Tempe]
Ignoring exception in on_member_update
Traceback (most recent call last):
  File "/usr/local/lib/python3.12/site-packages/discord/client.py", line 465, in _run_event
    await coro(*args, **kwargs)
  File "/app/asu_discord/cogs/analytics.py", line 652, in on_member_update
    before_timeout = before.timed_out_until
                     ^^^^^^^^^^^^^^^^^^^^^^
AttributeError: 'Member' object has no attribute 'timed_out_until'
Ignoring exception in on_member_update
Traceback (most recent call last):
  File "/usr/local/lib/python3.12/site-packages/discord/client.py", line 465, in _run_event
    await coro(*args, **kwargs)
  File "/app/asu_discord/cogs/analytics.py", line 652, in on_member_update
    before_timeout = before.timed_out_until
                     ^^^^^^^^^^^^^^^^^^^^^^
AttributeError: 'Member' object has no attribute 'timed_out_until'
Ignoring exception in on_member_update
Traceback (most recent call last):
  File "/usr/local/lib/python3.12/site-packages/discord/client.py", line 465, in _run_event
    await coro(*args, **kwargs)
  File "/app/asu_discord/cogs/analytics.py", line 652, in on_member_update
    before_timeout = before.timed_out_until
                     ^^^^^^^^^^^^^^^^^^^^^^
AttributeError: 'Member' object has no attribute 'timed_out_until'
Ignoring exception in on_member_update
Traceback (most recent call last):
  File "/usr/local/lib/python3.12/site-packages/discord/client.py", line 465, in _run_event
    await coro(*args, **kwargs)
  File "/app/asu_discord/cogs/analytics.py", line 652, in on_member_update
    before_timeout = before.timed_out_until
                     ^^^^^^^^^^^^^^^^^^^^^^
AttributeError: 'Member' object has no attribute 'timed_out_until'
Ignoring exception in on_member_update
Traceback (most recent call last):
  File "/usr/local/lib/python3.12/site-packages/discord/client.py", line 465, in _run_event
    await coro(*args, **kwargs)
  File "/app/asu_discord/cogs/analytics.py", line 652, in on_member_update
    before_timeout = before.timed_out_until
                     ^^^^^^^^^^^^^^^^^^^^^^
AttributeError: 'Member' object has no attribute 'timed_out_until'
Ignoring exception in on_member_update
Traceback (most recent call last):
  File "/usr/local/lib/python3.12/site-packages/discord/client.py", line 465, in _run_event
    await coro(*args, **kwargs)
  File "/app/asu_discord/cogs/analytics.py", line 652, in on_member_update
    before_timeout = before.timed_out_until
                     ^^^^^^^^^^^^^^^^^^^^^^
AttributeError: 'Member' object has no attribute 'timed_out_until'
Ignoring exception in on_member_update
Traceback (most recent call last):
  File "/usr/local/lib/python3.12/site-packages/discord/client.py", line 465, in _run_event
    await coro(*args, **kwargs)
  File "/app/asu_discord/cogs/analytics.py", line 652, in on_member_update
    before_timeout = before.timed_out_until
                     ^^^^^^^^^^^^^^^^^^^^^^
AttributeError: 'Member' object has no attribute 'timed_out_until'
Ignoring exception in on_member_update
Traceback (most recent call last):
  File "/usr/local/lib/python3.12/site-packages/discord/client.py", line 465, in _run_event
    await coro(*args, **kwargs)
  File "/app/asu_discord/cogs/analytics.py", line 652, in on_member_update
    before_timeout = before.timed_out_until
                     ^^^^^^^^^^^^^^^^^^^^^^
AttributeError: 'Member' object has no attribute 'timed_out_until'
Ignoring exception in on_member_update
Traceback (most recent call last):
  File "/usr/local/lib/python3.12/site-packages/discord/client.py", line 465, in _run_event
    await coro(*args, **kwargs)
  File "/app/asu_discord/cogs/analytics.py", line 652, in on_member_update
    before_timeout = before.timed_out_until
                     ^^^^^^^^^^^^^^^^^^^^^^
AttributeError: 'Member' object has no attribute 'timed_out_until'
Ignoring exception in on_member_update
Traceback (most recent call last):
  File "/usr/local/lib/python3.12/site-packages/discord/client.py", line 465, in _run_event
    await coro(*args, **kwargs)
  File "/app/asu_discord/cogs/analytics.py", line 652, in on_member_update
    before_timeout = before.timed_out_until
                     ^^^^^^^^^^^^^^^^^^^^^^
AttributeError: 'Member' object has no attribute 'timed_out_until'
Ignoring exception in on_member_update
Traceback (most recent call last):
  File "/usr/local/lib/python3.12/site-packages/discord/client.py", line 465, in _run_event
    await coro(*args, **kwargs)
  File "/app/asu_discord/cogs/analytics.py", line 652, in on_member_update
    before_timeout = before.timed_out_until
                     ^^^^^^^^^^^^^^^^^^^^^^
AttributeError: 'Member' object has no attribute 'timed_out_until'
INFO:asu_discord.cogs.verification:Saved 6 roles to database for user rjacket (Discord ID: 983176734088245269)
INFO:asu_discord.cogs.verification:Refreshed Salesforce roles for Discord user 983176734088245269: -5/+6 roles, assigned=[Arizona Resident, College of Liberal Arts and Sciences, Downtown Phoenix, Graduate Student, Watts College of Public Service and Community Solutions, West Valley]
Ignoring exception in on_member_update
Traceback (most recent call last):
  File "/usr/local/lib/python3.12/site-packages/discord/client.py", line 465, in _run_event
    await coro(*args, **kwargs)
  File "/app/asu_discord/cogs/analytics.py", line 652, in on_member_update
    before_timeout = before.timed_out_until
                     ^^^^^^^^^^^^^^^^^^^^^^
AttributeError: 'Member' object has no attribute 'timed_out_until'
Ignoring exception in on_member_update
Traceback (most recent call last):
  File "/usr/local/lib/python3.12/site-packages/discord/client.py", line 465, in _run_event
    await coro(*args, **kwargs)
  File "/app/asu_discord/cogs/analytics.py", line 652, in on_member_update
    before_timeout = before.timed_out_until
                     ^^^^^^^^^^^^^^^^^^^^^^
AttributeError: 'Member' object has no attribute 'timed_out_until'
Ignoring exception in on_member_update
Traceback (most recent call last):
  File "/usr/local/lib/python3.12/site-packages/discord/client.py", line 465, in _run_event
    await coro(*args, **kwargs)
  File "/app/asu_discord/cogs/analytics.py", line 652, in on_member_update
    before_timeout = before.timed_out_until
                     ^^^^^^^^^^^^^^^^^^^^^^
AttributeError: 'Member' object has no attribute 'timed_out_until'
Ignoring exception in on_member_update
Traceback (most recent call last):
  File "/usr/local/lib/python3.12/site-packages/discord/client.py", line 465, in _run_event
    await coro(*args, **kwargs)
  File "/app/asu_discord/cogs/analytics.py", line 652, in on_member_update
    before_timeout = before.timed_out_until
                     ^^^^^^^^^^^^^^^^^^^^^^
AttributeError: 'Member' object has no attribute 'timed_out_until'
Ignoring exception in on_member_update
Traceback (most recent call last):
  File "/usr/local/lib/python3.12/site-packages/discord/client.py", line 465, in _run_event
    await coro(*args, **kwargs)
  File "/app/asu_discord/cogs/analytics.py", line 652, in on_member_update
    before_timeout = before.timed_out_until
                     ^^^^^^^^^^^^^^^^^^^^^^
AttributeError: 'Member' object has no attribute 'timed_out_until'
Ignoring exception in on_member_update
Traceback (most recent call last):
  File "/usr/local/lib/python3.12/site-packages/discord/client.py", line 465, in _run_event
    await coro(*args, **kwargs)
  File "/app/asu_discord/cogs/analytics.py", line 652, in on_member_update
    before_timeout = before.timed_out_until
                     ^^^^^^^^^^^^^^^^^^^^^^
AttributeError: 'Member' object has no attribute 'timed_out_until'
Ignoring exception in on_member_update
Traceback (most recent call last):
  File "/usr/local/lib/python3.12/site-packages/discord/client.py", line 465, in _run_event
    await coro(*args, **kwargs)
  File "/app/asu_discord/cogs/analytics.py", line 652, in on_member_update
    before_timeout = before.timed_out_until
                     ^^^^^^^^^^^^^^^^^^^^^^
AttributeError: 'Member' object has no attribute 'timed_out_until'
Ignoring exception in on_member_update
Traceback (most recent call last):
  File "/usr/local/lib/python3.12/site-packages/discord/client.py", line 465, in _run_event
    await coro(*args, **kwargs)
  File "/app/asu_discord/cogs/analytics.py", line 652, in on_member_update
    before_timeout = before.timed_out_until
                     ^^^^^^^^^^^^^^^^^^^^^^
AttributeError: 'Member' object has no attribute 'timed_out_until'
Ignoring exception in on_member_update
Traceback (most recent call last):
  File "/usr/local/lib/python3.12/site-packages/discord/client.py", line 465, in _run_event
    await coro(*args, **kwargs)
  File "/app/asu_discord/cogs/analytics.py", line 652, in on_member_update
    before_timeout = before.timed_out_until
                     ^^^^^^^^^^^^^^^^^^^^^^
AttributeError: 'Member' object has no attribute 'timed_out_until'
Ignoring exception in on_member_update
Traceback (most recent call last):
  File "/usr/local/lib/python3.12/site-packages/discord/client.py", line 465, in _run_event
    await coro(*args, **kwargs)
  File "/app/asu_discord/cogs/analytics.py", line 652, in on_member_update
    before_timeout = before.timed_out_until
                     ^^^^^^^^^^^^^^^^^^^^^^
AttributeError: 'Member' object has no attribute 'timed_out_until'
INFO:asu_discord.cogs.verification:Saved 5 roles to database for user stolunay (Discord ID: 756056027811807272)
INFO:asu_discord.cogs.verification:Refreshed Salesforce roles for Discord user 756056027811807272: -5/+5 roles, assigned=[College of Liberal Arts and Sciences, Commited, First Year, International Student, West Valley]
ERROR:cron.jobs:refresh_salesforce_roles: failed for cbulkin (Discord ID 344292984373772289): Failed to refresh Salesforce-based roles: Discord user 344292984373772289 is not a member of the guild
Ignoring exception in on_member_update
Traceback (most recent call last):
  File "/usr/local/lib/python3.12/site-packages/discord/client.py", line 465, in _run_event
    await coro(*args, **kwargs)
  File "/app/asu_discord/cogs/analytics.py", line 652, in on_member_update
    before_timeout = before.timed_out_until
                     ^^^^^^^^^^^^^^^^^^^^^^
AttributeError: 'Member' object has no attribute 'timed_out_until'
Ignoring exception in on_member_update
Traceback (most recent call last):
  File "/usr/local/lib/python3.12/site-packages/discord/client.py", line 465, in _run_event
    await coro(*args, **kwargs)
  File "/app/asu_discord/cogs/analytics.py", line 652, in on_member_update
    before_timeout = before.timed_out_until
                     ^^^^^^^^^^^^^^^^^^^^^^
AttributeError: 'Member' object has no attribute 'timed_out_until'
Ignoring exception in on_member_update
Traceback (most recent call last):
  File "/usr/local/lib/python3.12/site-packages/discord/client.py", line 465, in _run_event
    await coro(*args, **kwargs)
  File "/app/asu_discord/cogs/analytics.py", line 652, in on_member_update
    before_timeout = before.timed_out_until
                     ^^^^^^^^^^^^^^^^^^^^^^
AttributeError: 'Member' object has no attribute 'timed_out_until'
Ignoring exception in on_member_update
Traceback (most recent call last):
  File "/usr/local/lib/python3.12/site-packages/discord/client.py", line 465, in _run_event
    await coro(*args, **kwargs)
  File "/app/asu_discord/cogs/analytics.py", line 652, in on_member_update
    before_timeout = before.timed_out_until
                     ^^^^^^^^^^^^^^^^^^^^^^
AttributeError: 'Member' object has no attribute 'timed_out_until'
Ignoring exception in on_member_update
Traceback (most recent call last):
  File "/usr/local/lib/python3.12/site-packages/discord/client.py", line 465, in _run_event
    await coro(*args, **kwargs)
  File "/app/asu_discord/cogs/analytics.py", line 652, in on_member_update
    before_timeout = before.timed_out_until
                     ^^^^^^^^^^^^^^^^^^^^^^
AttributeError: 'Member' object has no attribute 'timed_out_until'
Ignoring exception in on_member_update
Traceback (most recent call last):
  File "/usr/local/lib/python3.12/site-packages/discord/client.py", line 465, in _run_event
    await coro(*args, **kwargs)
  File "/app/asu_discord/cogs/analytics.py", line 652, in on_member_update
    before_timeout = before.timed_out_until
                     ^^^^^^^^^^^^^^^^^^^^^^
AttributeError: 'Member' object has no attribute 'timed_out_until'
Ignoring exception in on_member_update
Traceback (most recent call last):
  File "/usr/local/lib/python3.12/site-packages/discord/client.py", line 465, in _run_event
    await coro(*args, **kwargs)
  File "/app/asu_discord/cogs/analytics.py", line 652, in on_member_update
    before_timeout = before.timed_out_until
                     ^^^^^^^^^^^^^^^^^^^^^^
AttributeError: 'Member' object has no attribute 'timed_out_until'
Ignoring exception in on_member_update
Traceback (most recent call last):
  File "/usr/local/lib/python3.12/site-packages/discord/client.py", line 465, in _run_event
    await coro(*args, **kwargs)
  File "/app/asu_discord/cogs/analytics.py", line 652, in on_member_update
    before_timeout = before.timed_out_until
                     ^^^^^^^^^^^^^^^^^^^^^^
AttributeError: 'Member' object has no attribute 'timed_out_until'
Ignoring exception in on_member_update
Traceback (most recent call last):
  File "/usr/local/lib/python3.12/site-packages/discord/client.py", line 465, in _run_event
    await coro(*args, **kwargs)
  File "/app/asu_discord/cogs/analytics.py", line 652, in on_member_update
    before_timeout = before.timed_out_until
                     ^^^^^^^^^^^^^^^^^^^^^^
AttributeError: 'Member' object has no attribute 'timed_out_until'
INFO:asu_discord.cogs.verification:Saved 5 roles to database for user anwill56 (Discord ID: 1486473360060842146)
INFO:asu_discord.cogs.verification:Refreshed Salesforce roles for Discord user 1486473360060842146: -4/+5 roles, assigned=[Arizona Resident, College of Liberal Arts and Sciences, First Generation Student, First Year, Tempe]
Ignoring exception in on_member_update
Traceback (most recent call last):
  File "/usr/local/lib/python3.12/site-packages/discord/client.py", line 465, in _run_event
    await coro(*args, **kwargs)
  File "/app/asu_discord/cogs/analytics.py", line 652, in on_member_update
    before_timeout = before.timed_out_until
                     ^^^^^^^^^^^^^^^^^^^^^^
AttributeError: 'Member' object has no attribute 'timed_out_until'
Ignoring exception in on_member_update
Traceback (most recent call last):
  File "/usr/local/lib/python3.12/site-packages/discord/client.py", line 465, in _run_event
    await coro(*args, **kwargs)
  File "/app/asu_discord/cogs/analytics.py", line 652, in on_member_update
    before_timeout = before.timed_out_until
                     ^^^^^^^^^^^^^^^^^^^^^^
AttributeError: 'Member' object has no attribute 'timed_out_until'
Ignoring exception in on_member_update
Traceback (most recent call last):
  File "/usr/local/lib/python3.12/site-packages/discord/client.py", line 465, in _run_event
    await coro(*args, **kwargs)
  File "/app/asu_discord/cogs/analytics.py", line 652, in on_member_update
    before_timeout = before.timed_out_until
                     ^^^^^^^^^^^^^^^^^^^^^^
AttributeError: 'Member' object has no attribute 'timed_out_until'
Ignoring exception in on_member_update
Traceback (most recent call last):
  File "/usr/local/lib/python3.12/site-packages/discord/client.py", line 465, in _run_event
    await coro(*args, **kwargs)
  File "/app/asu_discord/cogs/analytics.py", line 652, in on_member_update
    before_timeout = before.timed_out_until
                     ^^^^^^^^^^^^^^^^^^^^^^
AttributeError: 'Member' object has no attribute 'timed_out_until'
Ignoring exception in on_member_update
Traceback (most recent call last):
  File "/usr/local/lib/python3.12/site-packages/discord/client.py", line 465, in _run_event
    await coro(*args, **kwargs)
  File "/app/asu_discord/cogs/analytics.py", line 652, in on_member_update
    before_timeout = before.timed_out_until
                     ^^^^^^^^^^^^^^^^^^^^^^
AttributeError: 'Member' object has no attribute 'timed_out_until'
Ignoring exception in on_member_update
Traceback (most recent call last):
  File "/usr/local/lib/python3.12/site-packages/discord/client.py", line 465, in _run_event
    await coro(*args, **kwargs)
  File "/app/asu_discord/cogs/analytics.py", line 652, in on_member_update
    before_timeout = before.timed_out_until
                     ^^^^^^^^^^^^^^^^^^^^^^
AttributeError: 'Member' object has no attribute 'timed_out_until'
Ignoring exception in on_member_update
Traceback (most recent call last):
  File "/usr/local/lib/python3.12/site-packages/discord/client.py", line 465, in _run_event
    await coro(*args, **kwargs)
  File "/app/asu_discord/cogs/analytics.py", line 652, in on_member_update
    before_timeout = before.timed_out_until
                     ^^^^^^^^^^^^^^^^^^^^^^
AttributeError: 'Member' object has no attribute 'timed_out_until'
Ignoring exception in on_member_update
Traceback (most recent call last):
  File "/usr/local/lib/python3.12/site-packages/discord/client.py", line 465, in _run_event
    await coro(*args, **kwargs)
  File "/app/asu_discord/cogs/analytics.py", line 652, in on_member_update
    before_timeout = before.timed_out_until
                     ^^^^^^^^^^^^^^^^^^^^^^
AttributeError: 'Member' object has no attribute 'timed_out_until'
Ignoring exception in on_member_update
Traceback (most recent call last):
  File "/usr/local/lib/python3.12/site-packages/discord/client.py", line 465, in _run_event
    await coro(*args, **kwargs)
  File "/app/asu_discord/cogs/analytics.py", line 652, in on_member_update
    before_timeout = before.timed_out_until
                     ^^^^^^^^^^^^^^^^^^^^^^
AttributeError: 'Member' object has no attribute 'timed_out_until'
ERROR:cron.jobs:refresh_salesforce_roles: failed for agarg77 (Discord ID 846283936673038336): Timed out refresh Salesforce-based roles
Ignoring exception in on_member_update
Traceback (most recent call last):
  File "/usr/local/lib/python3.12/site-packages/discord/client.py", line 465, in _run_event
    await coro(*args, **kwargs)
  File "/app/asu_discord/cogs/analytics.py", line 652, in on_member_update
    before_timeout = before.timed_out_until
                     ^^^^^^^^^^^^^^^^^^^^^^
AttributeError: 'Member' object has no attribute 'timed_out_until'
Ignoring exception in on_member_update
Traceback (most recent call last):
  File "/usr/local/lib/python3.12/site-packages/discord/client.py", line 465, in _run_event
    await coro(*args, **kwargs)
  File "/app/asu_discord/cogs/analytics.py", line 652, in on_member_update
    before_timeout = before.timed_out_until
                     ^^^^^^^^^^^^^^^^^^^^^^
AttributeError: 'Member' object has no attribute 'timed_out_until'
Ignoring exception in on_member_update
Traceback (most recent call last):
  File "/usr/local/lib/python3.12/site-packages/discord/client.py", line 465, in _run_event
    await coro(*args, **kwargs)
  File "/app/asu_discord/cogs/analytics.py", line 652, in on_member_update
    before_timeout = before.timed_out_until
                     ^^^^^^^^^^^^^^^^^^^^^^
AttributeError: 'Member' object has no attribute 'timed_out_until'
Ignoring exception in on_member_update
Traceback (most recent call last):
  File "/usr/local/lib/python3.12/site-packages/discord/client.py", line 465, in _run_event
    await coro(*args, **kwargs)
  File "/app/asu_discord/cogs/analytics.py", line 652, in on_member_update
    before_timeout = before.timed_out_until
                     ^^^^^^^^^^^^^^^^^^^^^^
AttributeError: 'Member' object has no attribute 'timed_out_until'
Ignoring exception in on_member_update
Traceback (most recent call last):
  File "/usr/local/lib/python3.12/site-packages/discord/client.py", line 465, in _run_event
    await coro(*args, **kwargs)
  File "/app/asu_discord/cogs/analytics.py", line 652, in on_member_update
    before_timeout = before.timed_out_until
                     ^^^^^^^^^^^^^^^^^^^^^^
AttributeError: 'Member' object has no attribute 'timed_out_until'
Ignoring exception in on_member_update
Traceback (most recent call last):
  File "/usr/local/lib/python3.12/site-packages/discord/client.py", line 465, in _run_event
    await coro(*args, **kwargs)
  File "/app/asu_discord/cogs/analytics.py", line 652, in on_member_update
    before_timeout = before.timed_out_until
                     ^^^^^^^^^^^^^^^^^^^^^^
AttributeError: 'Member' object has no attribute 'timed_out_until'
Ignoring exception in on_member_update
Traceback (most recent call last):
  File "/usr/local/lib/python3.12/site-packages/discord/client.py", line 465, in _run_event
    await coro(*args, **kwargs)
  File "/app/asu_discord/cogs/analytics.py", line 652, in on_member_update
    before_timeout = before.timed_out_until
                     ^^^^^^^^^^^^^^^^^^^^^^
AttributeError: 'Member' object has no attribute 'timed_out_until'
Ignoring exception in on_member_update
Traceback (most recent call last):
  File "/usr/local/lib/python3.12/site-packages/discord/client.py", line 465, in _run_event
    await coro(*args, **kwargs)
  File "/app/asu_discord/cogs/analytics.py", line 652, in on_member_update
    before_timeout = before.timed_out_until
                     ^^^^^^^^^^^^^^^^^^^^^^
AttributeError: 'Member' object has no attribute 'timed_out_until'
Ignoring exception in on_member_update
Traceback (most recent call last):
  File "/usr/local/lib/python3.12/site-packages/discord/client.py", line 465, in _run_event
    await coro(*args, **kwargs)
  File "/app/asu_discord/cogs/analytics.py", line 652, in on_member_update
    before_timeout = before.timed_out_until
                     ^^^^^^^^^^^^^^^^^^^^^^
AttributeError: 'Member' object has no attribute 'timed_out_until'
Ignoring exception in on_member_update
Traceback (most recent call last):
  File "/usr/local/lib/python3.12/site-packages/discord/client.py", line 465, in _run_event
    await coro(*args, **kwargs)
  File "/app/asu_discord/cogs/analytics.py", line 652, in on_member_update
    before_timeout = before.timed_out_until
                     ^^^^^^^^^^^^^^^^^^^^^^
AttributeError: 'Member' object has no attribute 'timed_out_until'
Ignoring exception in on_member_update
Traceback (most recent call last):
  File "/usr/local/lib/python3.12/site-packages/discord/client.py", line 465, in _run_event
    await coro(*args, **kwargs)
  File "/app/asu_discord/cogs/analytics.py", line 652, in on_member_update
    before_timeout = before.timed_out_until
                     ^^^^^^^^^^^^^^^^^^^^^^
AttributeError: 'Member' object has no attribute 'timed_out_until'
INFO:asu_discord.cogs.verification:Saved 5 roles to database for user wwgibso1 (Discord ID: 1091534710515191889)
INFO:asu_discord.cogs.verification:Refreshed Salesforce roles for Discord user 1091534710515191889: -5/+5 roles, assigned=[Commited, First Year, Herberger Institute for Design and the Arts, Out of State, Tempe]
Ignoring exception in on_member_update
Traceback (most recent call last):
  File "/usr/local/lib/python3.12/site-packages/discord/client.py", line 465, in _run_event
    await coro(*args, **kwargs)
  File "/app/asu_discord/cogs/analytics.py", line 652, in on_member_update
    before_timeout = before.timed_out_until
                     ^^^^^^^^^^^^^^^^^^^^^^
AttributeError: 'Member' object has no attribute 'timed_out_until'
Ignoring exception in on_member_update
Traceback (most recent call last):
  File "/usr/local/lib/python3.12/site-packages/discord/client.py", line 465, in _run_event
    await coro(*args, **kwargs)
  File "/app/asu_discord/cogs/analytics.py", line 652, in on_member_update
    before_timeout = before.timed_out_until
                     ^^^^^^^^^^^^^^^^^^^^^^
AttributeError: 'Member' object has no attribute 'timed_out_until'
Ignoring exception in on_member_update
Traceback (most recent call last):
  File "/usr/local/lib/python3.12/site-packages/discord/client.py", line 465, in _run_event
    await coro(*args, **kwargs)
  File "/app/asu_discord/cogs/analytics.py", line 652, in on_member_update
    before_timeout = before.timed_out_until
                     ^^^^^^^^^^^^^^^^^^^^^^
AttributeError: 'Member' object has no attribute 'timed_out_until'
Ignoring exception in on_member_update
Traceback (most recent call last):
  File "/usr/local/lib/python3.12/site-packages/discord/client.py", line 465, in _run_event
    await coro(*args, **kwargs)
  File "/app/asu_discord/cogs/analytics.py", line 652, in on_member_update
    before_timeout = before.timed_out_until
                     ^^^^^^^^^^^^^^^^^^^^^^
AttributeError: 'Member' object has no attribute 'timed_out_until'
Ignoring exception in on_member_update
Traceback (most recent call last):
  File "/usr/local/lib/python3.12/site-packages/discord/client.py", line 465, in _run_event
    await coro(*args, **kwargs)
  File "/app/asu_discord/cogs/analytics.py", line 652, in on_member_update
    before_timeout = before.timed_out_until
                     ^^^^^^^^^^^^^^^^^^^^^^
AttributeError: 'Member' object has no attribute 'timed_out_until'
Ignoring exception in on_member_update
Traceback (most recent call last):
  File "/usr/local/lib/python3.12/site-packages/discord/client.py", line 465, in _run_event
    await coro(*args, **kwargs)
  File "/app/asu_discord/cogs/analytics.py", line 652, in on_member_update
    before_timeout = before.timed_out_until
                     ^^^^^^^^^^^^^^^^^^^^^^
AttributeError: 'Member' object has no attribute 'timed_out_until'
Ignoring exception in on_member_update
Traceback (most recent call last):
  File "/usr/local/lib/python3.12/site-packages/discord/client.py", line 465, in _run_event
    await coro(*args, **kwargs)
  File "/app/asu_discord/cogs/analytics.py", line 652, in on_member_update
    before_timeout = before.timed_out_until
                     ^^^^^^^^^^^^^^^^^^^^^^
AttributeError: 'Member' object has no attribute 'timed_out_until'
Ignoring exception in on_member_update
Traceback (most recent call last):
  File "/usr/local/lib/python3.12/site-packages/discord/client.py", line 465, in _run_event
    await coro(*args, **kwargs)
  File "/app/asu_discord/cogs/analytics.py", line 652, in on_member_update
    before_timeout = before.timed_out_until
                     ^^^^^^^^^^^^^^^^^^^^^^
AttributeError: 'Member' object has no attribute 'timed_out_until'
Ignoring exception in on_member_update
Traceback (most recent call last):
  File "/usr/local/lib/python3.12/site-packages/discord/client.py", line 465, in _run_event
    await coro(*args, **kwargs)
  File "/app/asu_discord/cogs/analytics.py", line 652, in on_member_update
    before_timeout = before.timed_out_until
                     ^^^^^^^^^^^^^^^^^^^^^^
AttributeError: 'Member' object has no attribute 'timed_out_until'
Ignoring exception in on_member_update
Traceback (most recent call last):
  File "/usr/local/lib/python3.12/site-packages/discord/client.py", line 465, in _run_event
    await coro(*args, **kwargs)
  File "/app/asu_discord/cogs/analytics.py", line 652, in on_member_update
    before_timeout = before.timed_out_until
                     ^^^^^^^^^^^^^^^^^^^^^^
AttributeError: 'Member' object has no attribute 'timed_out_until'
Ignoring exception in on_member_update
Traceback (most recent call last):
  File "/usr/local/lib/python3.12/site-packages/discord/client.py", line 465, in _run_event
    await coro(*args, **kwargs)
  File "/app/asu_discord/cogs/analytics.py", line 652, in on_member_update
    before_timeout = before.timed_out_until
                     ^^^^^^^^^^^^^^^^^^^^^^
AttributeError: 'Member' object has no attribute 'timed_out_until'
Ignoring exception in on_member_update
Traceback (most recent call last):
  File "/usr/local/lib/python3.12/site-packages/discord/client.py", line 465, in _run_event
    await coro(*args, **kwargs)
  File "/app/asu_discord/cogs/analytics.py", line 652, in on_member_update
    before_timeout = before.timed_out_until
                     ^^^^^^^^^^^^^^^^^^^^^^
AttributeError: 'Member' object has no attribute 'timed_out_until'
INFO:asu_discord.cogs.verification:Saved 6 roles to database for user kmnieve2 (Discord ID: 368849325289242634)
INFO:asu_discord.cogs.verification:Refreshed Salesforce roles for Discord user 368849325289242634: -6/+6 roles, assigned=[College of Liberal Arts and Sciences, Commited, First Generation Student, Out of State, Tempe, Transfer Student]
ERROR:cron.jobs:refresh_salesforce_roles: failed for waskar (Discord ID 1462048586970828915): Failed to refresh Salesforce-based roles: Discord user 1462048586970828915 is not a member of the guild
ERROR:cron.jobs:refresh_salesforce_roles: failed for kwheato4 (Discord ID 585269868316590130): Failed to refresh Salesforce-based roles: Discord user 585269868316590130 is not a member of the guild
Ignoring exception in on_member_update
Traceback (most recent call last):
  File "/usr/local/lib/python3.12/site-packages/discord/client.py", line 465, in _run_event
    await coro(*args, **kwargs)
  File "/app/asu_discord/cogs/analytics.py", line 652, in on_member_update
    before_timeout = before.timed_out_until
                     ^^^^^^^^^^^^^^^^^^^^^^
AttributeError: 'Member' object has no attribute 'timed_out_until'
Ignoring exception in on_member_update
Traceback (most recent call last):
  File "/usr/local/lib/python3.12/site-packages/discord/client.py", line 465, in _run_event
    await coro(*args, **kwargs)
  File "/app/asu_discord/cogs/analytics.py", line 652, in on_member_update
    before_timeout = before.timed_out_until
                     ^^^^^^^^^^^^^^^^^^^^^^
AttributeError: 'Member' object has no attribute 'timed_out_until'
Ignoring exception in on_member_update
Traceback (most recent call last):
  File "/usr/local/lib/python3.12/site-packages/discord/client.py", line 465, in _run_event
    await coro(*args, **kwargs)
  File "/app/asu_discord/cogs/analytics.py", line 652, in on_member_update
    before_timeout = before.timed_out_until
                     ^^^^^^^^^^^^^^^^^^^^^^
AttributeError: 'Member' object has no attribute 'timed_out_until'
Ignoring exception in on_member_update
Traceback (most recent call last):
  File "/usr/local/lib/python3.12/site-packages/discord/client.py", line 465, in _run_event
    await coro(*args, **kwargs)
  File "/app/asu_discord/cogs/analytics.py", line 652, in on_member_update
    before_timeout = before.timed_out_until
                     ^^^^^^^^^^^^^^^^^^^^^^
AttributeError: 'Member' object has no attribute 'timed_out_until'
Ignoring exception in on_member_update
Traceback (most recent call last):
  File "/usr/local/lib/python3.12/site-packages/discord/client.py", line 465, in _run_event
    await coro(*args, **kwargs)
  File "/app/asu_discord/cogs/analytics.py", line 652, in on_member_update
    before_timeout = before.timed_out_until
                     ^^^^^^^^^^^^^^^^^^^^^^
AttributeError: 'Member' object has no attribute 'timed_out_until'
Ignoring exception in on_member_update
Traceback (most recent call last):
  File "/usr/local/lib/python3.12/site-packages/discord/client.py", line 465, in _run_event
    await coro(*args, **kwargs)
  File "/app/asu_discord/cogs/analytics.py", line 652, in on_member_update
    before_timeout = before.timed_out_until
                     ^^^^^^^^^^^^^^^^^^^^^^
AttributeError: 'Member' object has no attribute 'timed_out_until'
Ignoring exception in on_member_update
Traceback (most recent call last):
  File "/usr/local/lib/python3.12/site-packages/discord/client.py", line 465, in _run_event
    await coro(*args, **kwargs)
  File "/app/asu_discord/cogs/analytics.py", line 652, in on_member_update
    before_timeout = before.timed_out_until
                     ^^^^^^^^^^^^^^^^^^^^^^
AttributeError: 'Member' object has no attribute 'timed_out_until'
Ignoring exception in on_member_update
Traceback (most recent call last):
  File "/usr/local/lib/python3.12/site-packages/discord/client.py", line 465, in _run_event
    await coro(*args, **kwargs)
  File "/app/asu_discord/cogs/analytics.py", line 652, in on_member_update
    before_timeout = before.timed_out_until
                     ^^^^^^^^^^^^^^^^^^^^^^
AttributeError: 'Member' object has no attribute 'timed_out_until'
Ignoring exception in on_member_update
Traceback (most recent call last):
  File "/usr/local/lib/python3.12/site-packages/discord/client.py", line 465, in _run_event
    await coro(*args, **kwargs)
  File "/app/asu_discord/cogs/analytics.py", line 652, in on_member_update
    before_timeout = before.timed_out_until
                     ^^^^^^^^^^^^^^^^^^^^^^
AttributeError: 'Member' object has no attribute 'timed_out_until'
INFO:asu_discord.cogs.verification:Saved 5 roles to database for user cstilwe1 (Discord ID: 579366657990983710)
INFO:asu_discord.cogs.verification:Refreshed Salesforce roles for Discord user 579366657990983710: -5/+5 roles, assigned=[Arizona Resident, College of Health Solutions, Commited, Polytechnic, Transfer Student]
Ignoring exception in on_member_update
Traceback (most recent call last):
  File "/usr/local/lib/python3.12/site-packages/discord/client.py", line 465, in _run_event
    await coro(*args, **kwargs)
  File "/app/asu_discord/cogs/analytics.py", line 652, in on_member_update
    before_timeout = before.timed_out_until
                     ^^^^^^^^^^^^^^^^^^^^^^
AttributeError: 'Member' object has no attribute 'timed_out_until'
Ignoring exception in on_member_update
Traceback (most recent call last):
  File "/usr/local/lib/python3.12/site-packages/discord/client.py", line 465, in _run_event
    await coro(*args, **kwargs)
  File "/app/asu_discord/cogs/analytics.py", line 652, in on_member_update
    before_timeout = before.timed_out_until
                     ^^^^^^^^^^^^^^^^^^^^^^
AttributeError: 'Member' object has no attribute 'timed_out_until'
Ignoring exception in on_member_update
Traceback (most recent call last):
  File "/usr/local/lib/python3.12/site-packages/discord/client.py", line 465, in _run_event
    await coro(*args, **kwargs)
  File "/app/asu_discord/cogs/analytics.py", line 652, in on_member_update
    before_timeout = before.timed_out_until
                     ^^^^^^^^^^^^^^^^^^^^^^
AttributeError: 'Member' object has no attribute 'timed_out_until'
Ignoring exception in on_member_update
Traceback (most recent call last):
  File "/usr/local/lib/python3.12/site-packages/discord/client.py", line 465, in _run_event
    await coro(*args, **kwargs)
  File "/app/asu_discord/cogs/analytics.py", line 652, in on_member_update
    before_timeout = before.timed_out_until
                     ^^^^^^^^^^^^^^^^^^^^^^
AttributeError: 'Member' object has no attribute 'timed_out_until'
Ignoring exception in on_member_update
Traceback (most recent call last):
  File "/usr/local/lib/python3.12/site-packages/discord/client.py", line 465, in _run_event
    await coro(*args, **kwargs)
  File "/app/asu_discord/cogs/analytics.py", line 652, in on_member_update
    before_timeout = before.timed_out_until
                     ^^^^^^^^^^^^^^^^^^^^^^
AttributeError: 'Member' object has no attribute 'timed_out_until'
Ignoring exception in on_member_update
Traceback (most recent call last):
  File "/usr/local/lib/python3.12/site-packages/discord/client.py", line 465, in _run_event
    await coro(*args, **kwargs)
  File "/app/asu_discord/cogs/analytics.py", line 652, in on_member_update
    before_timeout = before.timed_out_until
                     ^^^^^^^^^^^^^^^^^^^^^^
AttributeError: 'Member' object has no attribute 'timed_out_until'
Ignoring exception in on_member_update
Traceback (most recent call last):
  File "/usr/local/lib/python3.12/site-packages/discord/client.py", line 465, in _run_event
    await coro(*args, **kwargs)
  File "/app/asu_discord/cogs/analytics.py", line 652, in on_member_update
    before_timeout = before.timed_out_until
                     ^^^^^^^^^^^^^^^^^^^^^^
AttributeError: 'Member' object has no attribute 'timed_out_until'
Ignoring exception in on_member_update
Traceback (most recent call last):
  File "/usr/local/lib/python3.12/site-packages/discord/client.py", line 465, in _run_event
    await coro(*args, **kwargs)
  File "/app/asu_discord/cogs/analytics.py", line 652, in on_member_update
    before_timeout = before.timed_out_until
                     ^^^^^^^^^^^^^^^^^^^^^^
AttributeError: 'Member' object has no attribute 'timed_out_until'
Ignoring exception in on_member_update
Traceback (most recent call last):
  File "/usr/local/lib/python3.12/site-packages/discord/client.py", line 465, in _run_event
    await coro(*args, **kwargs)
  File "/app/asu_discord/cogs/analytics.py", line 652, in on_member_update
    before_timeout = before.timed_out_until
                     ^^^^^^^^^^^^^^^^^^^^^^
AttributeError: 'Member' object has no attribute 'timed_out_until'
Ignoring exception in on_member_update
Traceback (most recent call last):
  File "/usr/local/lib/python3.12/site-packages/discord/client.py", line 465, in _run_event
    await coro(*args, **kwargs)
  File "/app/asu_discord/cogs/analytics.py", line 652, in on_member_update
    before_timeout = before.timed_out_until
                     ^^^^^^^^^^^^^^^^^^^^^^
AttributeError: 'Member' object has no attribute 'timed_out_until'
Ignoring exception in on_member_update
Traceback (most recent call last):
  File "/usr/local/lib/python3.12/site-packages/discord/client.py", line 465, in _run_event
    await coro(*args, **kwargs)
  File "/app/asu_discord/cogs/analytics.py", line 652, in on_member_update
    before_timeout = before.timed_out_until
                     ^^^^^^^^^^^^^^^^^^^^^^
AttributeError: 'Member' object has no attribute 'timed_out_until'
INFO:asu_discord.cogs.verification:Saved 6 roles to database for user bdbarne5 (Discord ID: 720034351575990388)
INFO:asu_discord.cogs.verification:Refreshed Salesforce roles for Discord user 720034351575990388: -4/+6 roles, assigned=[Arizona Resident, Commited, First Generation Student, First Year, Ira A. Fulton Schools of Engineering, Tempe]
ERROR:cron.jobs:refresh_salesforce_roles: failed for dhtran7 (Discord ID 262249270382559242): Failed to refresh Salesforce-based roles: Discord user 262249270382559242 is not a member of the guild
Ignoring exception in on_member_update
Traceback (most recent call last):
  File "/usr/local/lib/python3.12/site-packages/discord/client.py", line 465, in _run_event
    await coro(*args, **kwargs)
  File "/app/asu_discord/cogs/analytics.py", line 652, in on_member_update
    before_timeout = before.timed_out_until
                     ^^^^^^^^^^^^^^^^^^^^^^
AttributeError: 'Member' object has no attribute 'timed_out_until'
Ignoring exception in on_member_update
Traceback (most recent call last):
  File "/usr/local/lib/python3.12/site-packages/discord/client.py", line 465, in _run_event
    await coro(*args, **kwargs)
  File "/app/asu_discord/cogs/analytics.py", line 652, in on_member_update
    before_timeout = before.timed_out_until
                     ^^^^^^^^^^^^^^^^^^^^^^
AttributeError: 'Member' object has no attribute 'timed_out_until'
Ignoring exception in on_member_update
Traceback (most recent call last):
  File "/usr/local/lib/python3.12/site-packages/discord/client.py", line 465, in _run_event
    await coro(*args, **kwargs)
  File "/app/asu_discord/cogs/analytics.py", line 652, in on_member_update
    before_timeout = before.timed_out_until
                     ^^^^^^^^^^^^^^^^^^^^^^
AttributeError: 'Member' object has no attribute 'timed_out_until'
Ignoring exception in on_member_update
Traceback (most recent call last):
  File "/usr/local/lib/python3.12/site-packages/discord/client.py", line 465, in _run_event
    await coro(*args, **kwargs)
  File "/app/asu_discord/cogs/analytics.py", line 652, in on_member_update
    before_timeout = before.timed_out_until
                     ^^^^^^^^^^^^^^^^^^^^^^
AttributeError: 'Member' object has no attribute 'timed_out_until'
Ignoring exception in on_member_update
Traceback (most recent call last):
  File "/usr/local/lib/python3.12/site-packages/discord/client.py", line 465, in _run_event
    await coro(*args, **kwargs)
  File "/app/asu_discord/cogs/analytics.py", line 652, in on_member_update
    before_timeout = before.timed_out_until
                     ^^^^^^^^^^^^^^^^^^^^^^
AttributeError: 'Member' object has no attribute 'timed_out_until'
Ignoring exception in on_member_update
Traceback (most recent call last):
  File "/usr/local/lib/python3.12/site-packages/discord/client.py", line 465, in _run_event
    await coro(*args, **kwargs)
  File "/app/asu_discord/cogs/analytics.py", line 652, in on_member_update
    before_timeout = before.timed_out_until
                     ^^^^^^^^^^^^^^^^^^^^^^
AttributeError: 'Member' object has no attribute 'timed_out_until'
Ignoring exception in on_member_update
Traceback (most recent call last):
  File "/usr/local/lib/python3.12/site-packages/discord/client.py", line 465, in _run_event
    await coro(*args, **kwargs)
  File "/app/asu_discord/cogs/analytics.py", line 652, in on_member_update
    before_timeout = before.timed_out_until
                     ^^^^^^^^^^^^^^^^^^^^^^
AttributeError: 'Member' object has no attribute 'timed_out_until'
Ignoring exception in on_member_update
Traceback (most recent call last):
  File "/usr/local/lib/python3.12/site-packages/discord/client.py", line 465, in _run_event
    await coro(*args, **kwargs)
  File "/app/asu_discord/cogs/analytics.py", line 652, in on_member_update
    before_timeout = before.timed_out_until
                     ^^^^^^^^^^^^^^^^^^^^^^
AttributeError: 'Member' object has no attribute 'timed_out_until'
Ignoring exception in on_member_update
Traceback (most recent call last):
  File "/usr/local/lib/python3.12/site-packages/discord/client.py", line 465, in _run_event
    await coro(*args, **kwargs)
  File "/app/asu_discord/cogs/analytics.py", line 652, in on_member_update
    before_timeout = before.timed_out_until
                     ^^^^^^^^^^^^^^^^^^^^^^
AttributeError: 'Member' object has no attribute 'timed_out_until'
Ignoring exception in on_member_update
Traceback (most recent call last):
  File "/usr/local/lib/python3.12/site-packages/discord/client.py", line 465, in _run_event
    await coro(*args, **kwargs)
  File "/app/asu_discord/cogs/analytics.py", line 652, in on_member_update
    before_timeout = before.timed_out_until
                     ^^^^^^^^^^^^^^^^^^^^^^
AttributeError: 'Member' object has no attribute 'timed_out_until'
INFO:asu_discord.cogs.verification:Saved 5 roles to database for user maxpao (Discord ID: 755199577753124915)
INFO:asu_discord.cogs.verification:Refreshed Salesforce roles for Discord user 755199577753124915: -5/+5 roles, assigned=[Commited, Graduate Student, Ira A. Fulton Schools of Engineering, Out of State, Tempe]
Ignoring exception in on_member_update
Traceback (most recent call last):
  File "/usr/local/lib/python3.12/site-packages/discord/client.py", line 465, in _run_event
    await coro(*args, **kwargs)
  File "/app/asu_discord/cogs/analytics.py", line 652, in on_member_update
    before_timeout = before.timed_out_until
                     ^^^^^^^^^^^^^^^^^^^^^^
AttributeError: 'Member' object has no attribute 'timed_out_until'
Ignoring exception in on_member_update
Traceback (most recent call last):
  File "/usr/local/lib/python3.12/site-packages/discord/client.py", line 465, in _run_event
    await coro(*args, **kwargs)
  File "/app/asu_discord/cogs/analytics.py", line 652, in on_member_update
    before_timeout = before.timed_out_until
                     ^^^^^^^^^^^^^^^^^^^^^^
AttributeError: 'Member' object has no attribute 'timed_out_until'
Ignoring exception in on_member_update
Traceback (most recent call last):
  File "/usr/local/lib/python3.12/site-packages/discord/client.py", line 465, in _run_event
    await coro(*args, **kwargs)
  File "/app/asu_discord/cogs/analytics.py", line 652, in on_member_update
    before_timeout = before.timed_out_until
                     ^^^^^^^^^^^^^^^^^^^^^^
AttributeError: 'Member' object has no attribute 'timed_out_until'
Ignoring exception in on_member_update
Traceback (most recent call last):
  File "/usr/local/lib/python3.12/site-packages/discord/client.py", line 465, in _run_event
    await coro(*args, **kwargs)
  File "/app/asu_discord/cogs/analytics.py", line 652, in on_member_update
    before_timeout = before.timed_out_until
                     ^^^^^^^^^^^^^^^^^^^^^^
AttributeError: 'Member' object has no attribute 'timed_out_until'
Ignoring exception in on_member_update
Traceback (most recent call last):
  File "/usr/local/lib/python3.12/site-packages/discord/client.py", line 465, in _run_event
    await coro(*args, **kwargs)
  File "/app/asu_discord/cogs/analytics.py", line 652, in on_member_update
    before_timeout = before.timed_out_until
                     ^^^^^^^^^^^^^^^^^^^^^^
AttributeError: 'Member' object has no attribute 'timed_out_until'
Ignoring exception in on_member_update
Traceback (most recent call last):
  File "/usr/local/lib/python3.12/site-packages/discord/client.py", line 465, in _run_event
    await coro(*args, **kwargs)
  File "/app/asu_discord/cogs/analytics.py", line 652, in on_member_update
    before_timeout = before.timed_out_until
                     ^^^^^^^^^^^^^^^^^^^^^^
AttributeError: 'Member' object has no attribute 'timed_out_until'
Ignoring exception in on_member_update
Traceback (most recent call last):
  File "/usr/local/lib/python3.12/site-packages/discord/client.py", line 465, in _run_event
    await coro(*args, **kwargs)
  File "/app/asu_discord/cogs/analytics.py", line 652, in on_member_update
    before_timeout = before.timed_out_until
                     ^^^^^^^^^^^^^^^^^^^^^^
AttributeError: 'Member' object has no attribute 'timed_out_until'
Ignoring exception in on_member_update
Traceback (most recent call last):
  File "/usr/local/lib/python3.12/site-packages/discord/client.py", line 465, in _run_event
    await coro(*args, **kwargs)
  File "/app/asu_discord/cogs/analytics.py", line 652, in on_member_update
    before_timeout = before.timed_out_until
                     ^^^^^^^^^^^^^^^^^^^^^^
AttributeError: 'Member' object has no attribute 'timed_out_until'
Ignoring exception in on_member_update
Traceback (most recent call last):
  File "/usr/local/lib/python3.12/site-packages/discord/client.py", line 465, in _run_event
    await coro(*args, **kwargs)
  File "/app/asu_discord/cogs/analytics.py", line 652, in on_member_update
    before_timeout = before.timed_out_until
                     ^^^^^^^^^^^^^^^^^^^^^^
AttributeError: 'Member' object has no attribute 'timed_out_until'
Ignoring exception in on_member_update
Traceback (most recent call last):
  File "/usr/local/lib/python3.12/site-packages/discord/client.py", line 465, in _run_event
    await coro(*args, **kwargs)
  File "/app/asu_discord/cogs/analytics.py", line 652, in on_member_update
    before_timeout = before.timed_out_until
                     ^^^^^^^^^^^^^^^^^^^^^^
AttributeError: 'Member' object has no attribute 'timed_out_until'
INFO:asu_discord.cogs.verification:Saved 5 roles to database for user ybasnet1 (Discord ID: 611686941112401925)
INFO:asu_discord.cogs.verification:Refreshed Salesforce roles for Discord user 611686941112401925: -5/+5 roles, assigned=[Arizona Resident, Commited, First Year, Tempe, W.P. Carey School of Business]
Ignoring exception in on_member_update
Traceback (most recent call last):
  File "/usr/local/lib/python3.12/site-packages/discord/client.py", line 465, in _run_event
    await coro(*args, **kwargs)
  File "/app/asu_discord/cogs/analytics.py", line 652, in on_member_update
    before_timeout = before.timed_out_until
                     ^^^^^^^^^^^^^^^^^^^^^^
AttributeError: 'Member' object has no attribute 'timed_out_until'
Ignoring exception in on_member_update
Traceback (most recent call last):
  File "/usr/local/lib/python3.12/site-packages/discord/client.py", line 465, in _run_event
    await coro(*args, **kwargs)
  File "/app/asu_discord/cogs/analytics.py", line 652, in on_member_update
    before_timeout = before.timed_out_until
                     ^^^^^^^^^^^^^^^^^^^^^^
AttributeError: 'Member' object has no attribute 'timed_out_until'
Ignoring exception in on_member_update
Traceback (most recent call last):
  File "/usr/local/lib/python3.12/site-packages/discord/client.py", line 465, in _run_event
    await coro(*args, **kwargs)
  File "/app/asu_discord/cogs/analytics.py", line 652, in on_member_update
    before_timeout = before.timed_out_until
                     ^^^^^^^^^^^^^^^^^^^^^^
AttributeError: 'Member' object has no attribute 'timed_out_until'
Ignoring exception in on_member_update
Traceback (most recent call last):
  File "/usr/local/lib/python3.12/site-packages/discord/client.py", line 465, in _run_event
    await coro(*args, **kwargs)
  File "/app/asu_discord/cogs/analytics.py", line 652, in on_member_update
    before_timeout = before.timed_out_until
                     ^^^^^^^^^^^^^^^^^^^^^^
AttributeError: 'Member' object has no attribute 'timed_out_until'
Ignoring exception in on_member_update
Traceback (most recent call last):
  File "/usr/local/lib/python3.12/site-packages/discord/client.py", line 465, in _run_event
    await coro(*args, **kwargs)
  File "/app/asu_discord/cogs/analytics.py", line 652, in on_member_update
    before_timeout = before.timed_out_until
                     ^^^^^^^^^^^^^^^^^^^^^^
AttributeError: 'Member' object has no attribute 'timed_out_until'
Ignoring exception in on_member_update
Traceback (most recent call last):
  File "/usr/local/lib/python3.12/site-packages/discord/client.py", line 465, in _run_event
    await coro(*args, **kwargs)
  File "/app/asu_discord/cogs/analytics.py", line 652, in on_member_update
    before_timeout = before.timed_out_until
                     ^^^^^^^^^^^^^^^^^^^^^^
AttributeError: 'Member' object has no attribute 'timed_out_until'
Ignoring exception in on_member_update
Traceback (most recent call last):
  File "/usr/local/lib/python3.12/site-packages/discord/client.py", line 465, in _run_event
    await coro(*args, **kwargs)
  File "/app/asu_discord/cogs/analytics.py", line 652, in on_member_update
    before_timeout = before.timed_out_until
                     ^^^^^^^^^^^^^^^^^^^^^^
AttributeError: 'Member' object has no attribute 'timed_out_until'
Ignoring exception in on_member_update
Traceback (most recent call last):
  File "/usr/local/lib/python3.12/site-packages/discord/client.py", line 465, in _run_event
    await coro(*args, **kwargs)
  File "/app/asu_discord/cogs/analytics.py", line 652, in on_member_update
    before_timeout = before.timed_out_until
                     ^^^^^^^^^^^^^^^^^^^^^^
AttributeError: 'Member' object has no attribute 'timed_out_until'
Ignoring exception in on_member_update
Traceback (most recent call last):
  File "/usr/local/lib/python3.12/site-packages/discord/client.py", line 465, in _run_event
    await coro(*args, **kwargs)
  File "/app/asu_discord/cogs/analytics.py", line 652, in on_member_update
    before_timeout = before.timed_out_until
                     ^^^^^^^^^^^^^^^^^^^^^^
AttributeError: 'Member' object has no attribute 'timed_out_until'
Ignoring exception in on_member_update
Traceback (most recent call last):
  File "/usr/local/lib/python3.12/site-packages/discord/client.py", line 465, in _run_event
    await coro(*args, **kwargs)
  File "/app/asu_discord/cogs/analytics.py", line 652, in on_member_update
    before_timeout = before.timed_out_until
                     ^^^^^^^^^^^^^^^^^^^^^^
AttributeError: 'Member' object has no attribute 'timed_out_until'
INFO:asu_discord.cogs.verification:Saved 5 roles to database for user zshankel (Discord ID: 663771435994447872)
INFO:asu_discord.cogs.verification:Refreshed Salesforce roles for Discord user 663771435994447872: -5/+5 roles, assigned=[Arizona Resident, Commited, First Year, Ira A. Fulton Schools of Engineering, Polytechnic]
Ignoring exception in on_member_update
Traceback (most recent call last):
  File "/usr/local/lib/python3.12/site-packages/discord/client.py", line 465, in _run_event
    await coro(*args, **kwargs)
  File "/app/asu_discord/cogs/analytics.py", line 652, in on_member_update
    before_timeout = before.timed_out_until
                     ^^^^^^^^^^^^^^^^^^^^^^
AttributeError: 'Member' object has no attribute 'timed_out_until'
Ignoring exception in on_member_update
Traceback (most recent call last):
  File "/usr/local/lib/python3.12/site-packages/discord/client.py", line 465, in _run_event
    await coro(*args, **kwargs)
  File "/app/asu_discord/cogs/analytics.py", line 652, in on_member_update
    before_timeout = before.timed_out_until
                     ^^^^^^^^^^^^^^^^^^^^^^
AttributeError: 'Member' object has no attribute 'timed_out_until'
Ignoring exception in on_member_update
Traceback (most recent call last):
  File "/usr/local/lib/python3.12/site-packages/discord/client.py", line 465, in _run_event
    await coro(*args, **kwargs)
  File "/app/asu_discord/cogs/analytics.py", line 652, in on_member_update
    before_timeout = before.timed_out_until
                     ^^^^^^^^^^^^^^^^^^^^^^
AttributeError: 'Member' object has no attribute 'timed_out_until'
Ignoring exception in on_member_update
Traceback (most recent call last):
  File "/usr/local/lib/python3.12/site-packages/discord/client.py", line 465, in _run_event
    await coro(*args, **kwargs)
  File "/app/asu_discord/cogs/analytics.py", line 652, in on_member_update
    before_timeout = before.timed_out_until
                     ^^^^^^^^^^^^^^^^^^^^^^
AttributeError: 'Member' object has no attribute 'timed_out_until'
Ignoring exception in on_member_update
Traceback (most recent call last):
  File "/usr/local/lib/python3.12/site-packages/discord/client.py", line 465, in _run_event
    await coro(*args, **kwargs)
  File "/app/asu_discord/cogs/analytics.py", line 652, in on_member_update
    before_timeout = before.timed_out_until
                     ^^^^^^^^^^^^^^^^^^^^^^
AttributeError: 'Member' object has no attribute 'timed_out_until'
Ignoring exception in on_member_update
Traceback (most recent call last):
  File "/usr/local/lib/python3.12/site-packages/discord/client.py", line 465, in _run_event
    await coro(*args, **kwargs)
  File "/app/asu_discord/cogs/analytics.py", line 652, in on_member_update
    before_timeout = before.timed_out_until
                     ^^^^^^^^^^^^^^^^^^^^^^
AttributeError: 'Member' object has no attribute 'timed_out_until'
Ignoring exception in on_member_update
Traceback (most recent call last):
  File "/usr/local/lib/python3.12/site-packages/discord/client.py", line 465, in _run_event
    await coro(*args, **kwargs)
  File "/app/asu_discord/cogs/analytics.py", line 652, in on_member_update
    before_timeout = before.timed_out_until
                     ^^^^^^^^^^^^^^^^^^^^^^
AttributeError: 'Member' object has no attribute 'timed_out_until'
Ignoring exception in on_member_update
Traceback (most recent call last):
  File "/usr/local/lib/python3.12/site-packages/discord/client.py", line 465, in _run_event
    await coro(*args, **kwargs)
  File "/app/asu_discord/cogs/analytics.py", line 652, in on_member_update
    before_timeout = before.timed_out_until
                     ^^^^^^^^^^^^^^^^^^^^^^
AttributeError: 'Member' object has no attribute 'timed_out_until'
Ignoring exception in on_member_update
Traceback (most recent call last):
  File "/usr/local/lib/python3.12/site-packages/discord/client.py", line 465, in _run_event
    await coro(*args, **kwargs)
  File "/app/asu_discord/cogs/analytics.py", line 652, in on_member_update
    before_timeout = before.timed_out_until
                     ^^^^^^^^^^^^^^^^^^^^^^
AttributeError: 'Member' object has no attribute 'timed_out_until'
Ignoring exception in on_member_update
Traceback (most recent call last):
  File "/usr/local/lib/python3.12/site-packages/discord/client.py", line 465, in _run_event
    await coro(*args, **kwargs)
  File "/app/asu_discord/cogs/analytics.py", line 652, in on_member_update
    before_timeout = before.timed_out_until
                     ^^^^^^^^^^^^^^^^^^^^^^
AttributeError: 'Member' object has no attribute 'timed_out_until'
INFO:asu_discord.cogs.verification:Saved 5 roles to database for user wboukind (Discord ID: 617459449291866122)
INFO:asu_discord.cogs.verification:Refreshed Salesforce roles for Discord user 617459449291866122: -5/+5 roles, assigned=[Commited, First Year, Ira A. Fulton Schools of Engineering, Out of State, Polytechnic]
Ignoring exception in on_member_update
Traceback (most recent call last):
  File "/usr/local/lib/python3.12/site-packages/discord/client.py", line 465, in _run_event
    await coro(*args, **kwargs)
  File "/app/asu_discord/cogs/analytics.py", line 652, in on_member_update
    before_timeout = before.timed_out_until
                     ^^^^^^^^^^^^^^^^^^^^^^
AttributeError: 'Member' object has no attribute 'timed_out_until'
Ignoring exception in on_member_update
Traceback (most recent call last):
  File "/usr/local/lib/python3.12/site-packages/discord/client.py", line 465, in _run_event
    await coro(*args, **kwargs)
  File "/app/asu_discord/cogs/analytics.py", line 652, in on_member_update
    before_timeout = before.timed_out_until
                     ^^^^^^^^^^^^^^^^^^^^^^
AttributeError: 'Member' object has no attribute 'timed_out_until'
Ignoring exception in on_member_update
Traceback (most recent call last):
  File "/usr/local/lib/python3.12/site-packages/discord/client.py", line 465, in _run_event
    await coro(*args, **kwargs)
  File "/app/asu_discord/cogs/analytics.py", line 652, in on_member_update
    before_timeout = before.timed_out_until
                     ^^^^^^^^^^^^^^^^^^^^^^
AttributeError: 'Member' object has no attribute 'timed_out_until'
Ignoring exception in on_member_update
Traceback (most recent call last):
  File "/usr/local/lib/python3.12/site-packages/discord/client.py", line 465, in _run_event
    await coro(*args, **kwargs)
  File "/app/asu_discord/cogs/analytics.py", line 652, in on_member_update
    before_timeout = before.timed_out_until
                     ^^^^^^^^^^^^^^^^^^^^^^
AttributeError: 'Member' object has no attribute 'timed_out_until'
Ignoring exception in on_member_update
Traceback (most recent call last):
  File "/usr/local/lib/python3.12/site-packages/discord/client.py", line 465, in _run_event
    await coro(*args, **kwargs)
  File "/app/asu_discord/cogs/analytics.py", line 652, in on_member_update
    before_timeout = before.timed_out_until
                     ^^^^^^^^^^^^^^^^^^^^^^
AttributeError: 'Member' object has no attribute 'timed_out_until'
Ignoring exception in on_member_update
Traceback (most recent call last):
  File "/usr/local/lib/python3.12/site-packages/discord/client.py", line 465, in _run_event
    await coro(*args, **kwargs)
  File "/app/asu_discord/cogs/analytics.py", line 652, in on_member_update
    before_timeout = before.timed_out_until
                     ^^^^^^^^^^^^^^^^^^^^^^
AttributeError: 'Member' object has no attribute 'timed_out_until'
Ignoring exception in on_member_update
Traceback (most recent call last):
  File "/usr/local/lib/python3.12/site-packages/discord/client.py", line 465, in _run_event
    await coro(*args, **kwargs)
  File "/app/asu_discord/cogs/analytics.py", line 652, in on_member_update
    before_timeout = before.timed_out_until
                     ^^^^^^^^^^^^^^^^^^^^^^
AttributeError: 'Member' object has no attribute 'timed_out_until'
Ignoring exception in on_member_update
Traceback (most recent call last):
  File "/usr/local/lib/python3.12/site-packages/discord/client.py", line 465, in _run_event
    await coro(*args, **kwargs)
  File "/app/asu_discord/cogs/analytics.py", line 652, in on_member_update
    before_timeout = before.timed_out_until
                     ^^^^^^^^^^^^^^^^^^^^^^
AttributeError: 'Member' object has no attribute 'timed_out_until'
Ignoring exception in on_member_update
Traceback (most recent call last):
  File "/usr/local/lib/python3.12/site-packages/discord/client.py", line 465, in _run_event
    await coro(*args, **kwargs)
  File "/app/asu_discord/cogs/analytics.py", line 652, in on_member_update
    before_timeout = before.timed_out_until
                     ^^^^^^^^^^^^^^^^^^^^^^
AttributeError: 'Member' object has no attribute 'timed_out_until'
INFO:asu_discord.cogs.verification:Saved 5 roles to database for user cchuan35 (Discord ID: 822858667761467443)
INFO:asu_discord.cogs.verification:Refreshed Salesforce roles for Discord user 822858667761467443: -5/+4 roles, assigned=[Commited, Graduate Student, International Student, Ira A. Fulton Schools of Engineering, Tempe]
ERROR:cron.jobs:refresh_salesforce_roles: failed for tajeter (Discord ID 466416853669904385): Failed to refresh Salesforce-based roles: Discord user 466416853669904385 is not a member of the guild
Ignoring exception in on_member_update
Traceback (most recent call last):
  File "/usr/local/lib/python3.12/site-packages/discord/client.py", line 465, in _run_event
    await coro(*args, **kwargs)
  File "/app/asu_discord/cogs/analytics.py", line 652, in on_member_update
    before_timeout = before.timed_out_until
                     ^^^^^^^^^^^^^^^^^^^^^^
AttributeError: 'Member' object has no attribute 'timed_out_until'
Ignoring exception in on_member_update
Traceback (most recent call last):
  File "/usr/local/lib/python3.12/site-packages/discord/client.py", line 465, in _run_event
    await coro(*args, **kwargs)
  File "/app/asu_discord/cogs/analytics.py", line 652, in on_member_update
    before_timeout = before.timed_out_until
                     ^^^^^^^^^^^^^^^^^^^^^^
AttributeError: 'Member' object has no attribute 'timed_out_until'
Ignoring exception in on_member_update
Traceback (most recent call last):
  File "/usr/local/lib/python3.12/site-packages/discord/client.py", line 465, in _run_event
    await coro(*args, **kwargs)
  File "/app/asu_discord/cogs/analytics.py", line 652, in on_member_update
    before_timeout = before.timed_out_until
                     ^^^^^^^^^^^^^^^^^^^^^^
AttributeError: 'Member' object has no attribute 'timed_out_until'
Ignoring exception in on_member_update
Traceback (most recent call last):
  File "/usr/local/lib/python3.12/site-packages/discord/client.py", line 465, in _run_event
    await coro(*args, **kwargs)
  File "/app/asu_discord/cogs/analytics.py", line 652, in on_member_update
    before_timeout = before.timed_out_until
                     ^^^^^^^^^^^^^^^^^^^^^^
AttributeError: 'Member' object has no attribute 'timed_out_until'
Ignoring exception in on_member_update
Traceback (most recent call last):
  File "/usr/local/lib/python3.12/site-packages/discord/client.py", line 465, in _run_event
    await coro(*args, **kwargs)
  File "/app/asu_discord/cogs/analytics.py", line 652, in on_member_update
    before_timeout = before.timed_out_until
                     ^^^^^^^^^^^^^^^^^^^^^^
AttributeError: 'Member' object has no attribute 'timed_out_until'
Ignoring exception in on_member_update
Traceback (most recent call last):
  File "/usr/local/lib/python3.12/site-packages/discord/client.py", line 465, in _run_event
    await coro(*args, **kwargs)
  File "/app/asu_discord/cogs/analytics.py", line 652, in on_member_update
    before_timeout = before.timed_out_until
                     ^^^^^^^^^^^^^^^^^^^^^^
AttributeError: 'Member' object has no attribute 'timed_out_until'
Ignoring exception in on_member_update
Traceback (most recent call last):
  File "/usr/local/lib/python3.12/site-packages/discord/client.py", line 465, in _run_event
    await coro(*args, **kwargs)
  File "/app/asu_discord/cogs/analytics.py", line 652, in on_member_update
    before_timeout = before.timed_out_until
                     ^^^^^^^^^^^^^^^^^^^^^^
AttributeError: 'Member' object has no attribute 'timed_out_until'
Ignoring exception in on_member_update
Traceback (most recent call last):
  File "/usr/local/lib/python3.12/site-packages/discord/client.py", line 465, in _run_event
    await coro(*args, **kwargs)
  File "/app/asu_discord/cogs/analytics.py", line 652, in on_member_update
    before_timeout = before.timed_out_until
                     ^^^^^^^^^^^^^^^^^^^^^^
AttributeError: 'Member' object has no attribute 'timed_out_until'
INFO:asu_discord.cogs.verification:Saved 4 roles to database for user scerva10 (Discord ID: 1200547804142108765)
INFO:asu_discord.cogs.verification:Refreshed Salesforce roles for Discord user 1200547804142108765: -4/+4 roles, assigned=[Arizona Resident, Ira A. Fulton Schools of Engineering, Tempe, Transfer Student]
Ignoring exception in on_member_update
Traceback (most recent call last):
  File "/usr/local/lib/python3.12/site-packages/discord/client.py", line 465, in _run_event
    await coro(*args, **kwargs)
  File "/app/asu_discord/cogs/analytics.py", line 652, in on_member_update
    before_timeout = before.timed_out_until
                     ^^^^^^^^^^^^^^^^^^^^^^
AttributeError: 'Member' object has no attribute 'timed_out_until'
Ignoring exception in on_member_update
Traceback (most recent call last):
  File "/usr/local/lib/python3.12/site-packages/discord/client.py", line 465, in _run_event
    await coro(*args, **kwargs)
  File "/app/asu_discord/cogs/analytics.py", line 652, in on_member_update
    before_timeout = before.timed_out_until
                     ^^^^^^^^^^^^^^^^^^^^^^
AttributeError: 'Member' object has no attribute 'timed_out_until'
Ignoring exception in on_member_update
Traceback (most recent call last):
  File "/usr/local/lib/python3.12/site-packages/discord/client.py", line 465, in _run_event
    await coro(*args, **kwargs)
  File "/app/asu_discord/cogs/analytics.py", line 652, in on_member_update
    before_timeout = before.timed_out_until
                     ^^^^^^^^^^^^^^^^^^^^^^
AttributeError: 'Member' object has no attribute 'timed_out_until'
Ignoring exception in on_member_update
Traceback (most recent call last):
  File "/usr/local/lib/python3.12/site-packages/discord/client.py", line 465, in _run_event
    await coro(*args, **kwargs)
  File "/app/asu_discord/cogs/analytics.py", line 652, in on_member_update
    before_timeout = before.timed_out_until
                     ^^^^^^^^^^^^^^^^^^^^^^
AttributeError: 'Member' object has no attribute 'timed_out_until'
Ignoring exception in on_member_update
Traceback (most recent call last):
  File "/usr/local/lib/python3.12/site-packages/discord/client.py", line 465, in _run_event
    await coro(*args, **kwargs)
  File "/app/asu_discord/cogs/analytics.py", line 652, in on_member_update
    before_timeout = before.timed_out_until
                     ^^^^^^^^^^^^^^^^^^^^^^
AttributeError: 'Member' object has no attribute 'timed_out_until'
Ignoring exception in on_member_update
Traceback (most recent call last):
  File "/usr/local/lib/python3.12/site-packages/discord/client.py", line 465, in _run_event
    await coro(*args, **kwargs)
  File "/app/asu_discord/cogs/analytics.py", line 652, in on_member_update
    before_timeout = before.timed_out_until
                     ^^^^^^^^^^^^^^^^^^^^^^
AttributeError: 'Member' object has no attribute 'timed_out_until'
Ignoring exception in on_member_update
Traceback (most recent call last):
  File "/usr/local/lib/python3.12/site-packages/discord/client.py", line 465, in _run_event
    await coro(*args, **kwargs)
  File "/app/asu_discord/cogs/analytics.py", line 652, in on_member_update
    before_timeout = before.timed_out_until
                     ^^^^^^^^^^^^^^^^^^^^^^
AttributeError: 'Member' object has no attribute 'timed_out_until'
Ignoring exception in on_member_update
Traceback (most recent call last):
  File "/usr/local/lib/python3.12/site-packages/discord/client.py", line 465, in _run_event
    await coro(*args, **kwargs)
  File "/app/asu_discord/cogs/analytics.py", line 652, in on_member_update
    before_timeout = before.timed_out_until
                     ^^^^^^^^^^^^^^^^^^^^^^
AttributeError: 'Member' object has no attribute 'timed_out_until'
Ignoring exception in on_member_update
Traceback (most recent call last):
  File "/usr/local/lib/python3.12/site-packages/discord/client.py", line 465, in _run_event
    await coro(*args, **kwargs)
  File "/app/asu_discord/cogs/analytics.py", line 652, in on_member_update
    before_timeout = before.timed_out_until
                     ^^^^^^^^^^^^^^^^^^^^^^
AttributeError: 'Member' object has no attribute 'timed_out_until'
Ignoring exception in on_member_update
Traceback (most recent call last):
  File "/usr/local/lib/python3.12/site-packages/discord/client.py", line 465, in _run_event
    await coro(*args, **kwargs)
  File "/app/asu_discord/cogs/analytics.py", line 652, in on_member_update
    before_timeout = before.timed_out_until
                     ^^^^^^^^^^^^^^^^^^^^^^
AttributeError: 'Member' object has no attribute 'timed_out_until'
INFO:asu_discord.cogs.verification:Saved 5 roles to database for user acgray12 (Discord ID: 832470004548239370)
INFO:asu_discord.cogs.verification:Refreshed Salesforce roles for Discord user 832470004548239370: -5/+5 roles, assigned=[Commited, First Year, Out of State, Tempe, W.P. Carey School of Business]
Ignoring exception in on_member_update
Traceback (most recent call last):
  File "/usr/local/lib/python3.12/site-packages/discord/client.py", line 465, in _run_event
    await coro(*args, **kwargs)
  File "/app/asu_discord/cogs/analytics.py", line 652, in on_member_update
    before_timeout = before.timed_out_until
                     ^^^^^^^^^^^^^^^^^^^^^^
AttributeError: 'Member' object has no attribute 'timed_out_until'
Ignoring exception in on_member_update
Traceback (most recent call last):
  File "/usr/local/lib/python3.12/site-packages/discord/client.py", line 465, in _run_event
    await coro(*args, **kwargs)
  File "/app/asu_discord/cogs/analytics.py", line 652, in on_member_update
    before_timeout = before.timed_out_until
                     ^^^^^^^^^^^^^^^^^^^^^^
AttributeError: 'Member' object has no attribute 'timed_out_until'
Ignoring exception in on_member_update
Traceback (most recent call last):
  File "/usr/local/lib/python3.12/site-packages/discord/client.py", line 465, in _run_event
    await coro(*args, **kwargs)
  File "/app/asu_discord/cogs/analytics.py", line 652, in on_member_update
    before_timeout = before.timed_out_until
                     ^^^^^^^^^^^^^^^^^^^^^^
AttributeError: 'Member' object has no attribute 'timed_out_until'
Ignoring exception in on_member_update
Traceback (most recent call last):
  File "/usr/local/lib/python3.12/site-packages/discord/client.py", line 465, in _run_event
    await coro(*args, **kwargs)
  File "/app/asu_discord/cogs/analytics.py", line 652, in on_member_update
    before_timeout = before.timed_out_until
                     ^^^^^^^^^^^^^^^^^^^^^^
AttributeError: 'Member' object has no attribute 'timed_out_until'
Ignoring exception in on_member_update
Traceback (most recent call last):
  File "/usr/local/lib/python3.12/site-packages/discord/client.py", line 465, in _run_event
    await coro(*args, **kwargs)
  File "/app/asu_discord/cogs/analytics.py", line 652, in on_member_update
    before_timeout = before.timed_out_until
                     ^^^^^^^^^^^^^^^^^^^^^^
AttributeError: 'Member' object has no attribute 'timed_out_until'
Ignoring exception in on_member_update
Traceback (most recent call last):
  File "/usr/local/lib/python3.12/site-packages/discord/client.py", line 465, in _run_event
    await coro(*args, **kwargs)
  File "/app/asu_discord/cogs/analytics.py", line 652, in on_member_update
    before_timeout = before.timed_out_until
                     ^^^^^^^^^^^^^^^^^^^^^^
AttributeError: 'Member' object has no attribute 'timed_out_until'
Ignoring exception in on_member_update
Traceback (most recent call last):
  File "/usr/local/lib/python3.12/site-packages/discord/client.py", line 465, in _run_event
    await coro(*args, **kwargs)
  File "/app/asu_discord/cogs/analytics.py", line 652, in on_member_update
    before_timeout = before.timed_out_until
                     ^^^^^^^^^^^^^^^^^^^^^^
AttributeError: 'Member' object has no attribute 'timed_out_until'
Ignoring exception in on_member_update
Traceback (most recent call last):
  File "/usr/local/lib/python3.12/site-packages/discord/client.py", line 465, in _run_event
    await coro(*args, **kwargs)
  File "/app/asu_discord/cogs/analytics.py", line 652, in on_member_update
    before_timeout = before.timed_out_until
                     ^^^^^^^^^^^^^^^^^^^^^^
AttributeError: 'Member' object has no attribute 'timed_out_until'
Ignoring exception in on_member_update
Traceback (most recent call last):
  File "/usr/local/lib/python3.12/site-packages/discord/client.py", line 465, in _run_event
    await coro(*args, **kwargs)
  File "/app/asu_discord/cogs/analytics.py", line 652, in on_member_update
    before_timeout = before.timed_out_until
                     ^^^^^^^^^^^^^^^^^^^^^^
AttributeError: 'Member' object has no attribute 'timed_out_until'
Ignoring exception in on_member_update
Traceback (most recent call last):
  File "/usr/local/lib/python3.12/site-packages/discord/client.py", line 465, in _run_event
    await coro(*args, **kwargs)
  File "/app/asu_discord/cogs/analytics.py", line 652, in on_member_update
    before_timeout = before.timed_out_until
                     ^^^^^^^^^^^^^^^^^^^^^^
AttributeError: 'Member' object has no attribute 'timed_out_until'
INFO:asu_discord.cogs.verification:Saved 5 roles to database for user kcorpuz4 (Discord ID: 670932080468819988)
INFO:asu_discord.cogs.verification:Refreshed Salesforce roles for Discord user 670932080468819988: -5/+5 roles, assigned=[Commited, First Year, Ira A. Fulton Schools of Engineering, Out of State, Tempe]
ERROR:cron.jobs:refresh_salesforce_roles: failed for jpusate2 (Discord ID 331481593493454848): Failed to refresh Salesforce-based roles: Discord user 331481593493454848 is not a member of the guild
Ignoring exception in on_member_update
Traceback (most recent call last):
  File "/usr/local/lib/python3.12/site-packages/discord/client.py", line 465, in _run_event
    await coro(*args, **kwargs)
  File "/app/asu_discord/cogs/analytics.py", line 652, in on_member_update
    before_timeout = before.timed_out_until
                     ^^^^^^^^^^^^^^^^^^^^^^
AttributeError: 'Member' object has no attribute 'timed_out_until'
Ignoring exception in on_member_update
Traceback (most recent call last):
  File "/usr/local/lib/python3.12/site-packages/discord/client.py", line 465, in _run_event
    await coro(*args, **kwargs)
  File "/app/asu_discord/cogs/analytics.py", line 652, in on_member_update
    before_timeout = before.timed_out_until
                     ^^^^^^^^^^^^^^^^^^^^^^
AttributeError: 'Member' object has no attribute 'timed_out_until'
Ignoring exception in on_member_update
Traceback (most recent call last):
  File "/usr/local/lib/python3.12/site-packages/discord/client.py", line 465, in _run_event
    await coro(*args, **kwargs)
  File "/app/asu_discord/cogs/analytics.py", line 652, in on_member_update
    before_timeout = before.timed_out_until
                     ^^^^^^^^^^^^^^^^^^^^^^
AttributeError: 'Member' object has no attribute 'timed_out_until'
Ignoring exception in on_member_update
Traceback (most recent call last):
  File "/usr/local/lib/python3.12/site-packages/discord/client.py", line 465, in _run_event
    await coro(*args, **kwargs)
  File "/app/asu_discord/cogs/analytics.py", line 652, in on_member_update
    before_timeout = before.timed_out_until
                     ^^^^^^^^^^^^^^^^^^^^^^
AttributeError: 'Member' object has no attribute 'timed_out_until'
Ignoring exception in on_member_update
Traceback (most recent call last):
  File "/usr/local/lib/python3.12/site-packages/discord/client.py", line 465, in _run_event
    await coro(*args, **kwargs)
  File "/app/asu_discord/cogs/analytics.py", line 652, in on_member_update
    before_timeout = before.timed_out_until
                     ^^^^^^^^^^^^^^^^^^^^^^
AttributeError: 'Member' object has no attribute 'timed_out_until'
Ignoring exception in on_member_update
Traceback (most recent call last):
  File "/usr/local/lib/python3.12/site-packages/discord/client.py", line 465, in _run_event
    await coro(*args, **kwargs)
  File "/app/asu_discord/cogs/analytics.py", line 652, in on_member_update
    before_timeout = before.timed_out_until
                     ^^^^^^^^^^^^^^^^^^^^^^
AttributeError: 'Member' object has no attribute 'timed_out_until'
Ignoring exception in on_member_update
Traceback (most recent call last):
  File "/usr/local/lib/python3.12/site-packages/discord/client.py", line 465, in _run_event
    await coro(*args, **kwargs)
  File "/app/asu_discord/cogs/analytics.py", line 652, in on_member_update
    before_timeout = before.timed_out_until
                     ^^^^^^^^^^^^^^^^^^^^^^
AttributeError: 'Member' object has no attribute 'timed_out_until'
Ignoring exception in on_member_update
Traceback (most recent call last):
  File "/usr/local/lib/python3.12/site-packages/discord/client.py", line 465, in _run_event
    await coro(*args, **kwargs)
  File "/app/asu_discord/cogs/analytics.py", line 652, in on_member_update
    before_timeout = before.timed_out_until
                     ^^^^^^^^^^^^^^^^^^^^^^
AttributeError: 'Member' object has no attribute 'timed_out_until'
Ignoring exception in on_member_update
Traceback (most recent call last):
  File "/usr/local/lib/python3.12/site-packages/discord/client.py", line 465, in _run_event
    await coro(*args, **kwargs)
  File "/app/asu_discord/cogs/analytics.py", line 652, in on_member_update
    before_timeout = before.timed_out_until
                     ^^^^^^^^^^^^^^^^^^^^^^
AttributeError: 'Member' object has no attribute 'timed_out_until'
Ignoring exception in on_member_update
Traceback (most recent call last):
  File "/usr/local/lib/python3.12/site-packages/discord/client.py", line 465, in _run_event
    await coro(*args, **kwargs)
  File "/app/asu_discord/cogs/analytics.py", line 652, in on_member_update
    before_timeout = before.timed_out_until
                     ^^^^^^^^^^^^^^^^^^^^^^
AttributeError: 'Member' object has no attribute 'timed_out_until'
INFO:asu_discord.cogs.verification:Saved 5 roles to database for user tiosulli (Discord ID: 1243353810932469843)
INFO:asu_discord.cogs.verification:Refreshed Salesforce roles for Discord user 1243353810932469843: -5/+5 roles, assigned=[Arizona Resident, Commited, First Year, Ira A. Fulton Schools of Engineering, Tempe]
Ignoring exception in on_member_update
Traceback (most recent call last):
  File "/usr/local/lib/python3.12/site-packages/discord/client.py", line 465, in _run_event
    await coro(*args, **kwargs)
  File "/app/asu_discord/cogs/analytics.py", line 652, in on_member_update
    before_timeout = before.timed_out_until
                     ^^^^^^^^^^^^^^^^^^^^^^
AttributeError: 'Member' object has no attribute 'timed_out_until'
Ignoring exception in on_member_update
Traceback (most recent call last):
  File "/usr/local/lib/python3.12/site-packages/discord/client.py", line 465, in _run_event
    await coro(*args, **kwargs)
  File "/app/asu_discord/cogs/analytics.py", line 652, in on_member_update
    before_timeout = before.timed_out_until
                     ^^^^^^^^^^^^^^^^^^^^^^
AttributeError: 'Member' object has no attribute 'timed_out_until'
Ignoring exception in on_member_update
Traceback (most recent call last):
  File "/usr/local/lib/python3.12/site-packages/discord/client.py", line 465, in _run_event
    await coro(*args, **kwargs)
  File "/app/asu_discord/cogs/analytics.py", line 652, in on_member_update
    before_timeout = before.timed_out_until
                     ^^^^^^^^^^^^^^^^^^^^^^
AttributeError: 'Member' object has no attribute 'timed_out_until'
Ignoring exception in on_member_update
Traceback (most recent call last):
  File "/usr/local/lib/python3.12/site-packages/discord/client.py", line 465, in _run_event
    await coro(*args, **kwargs)
  File "/app/asu_discord/cogs/analytics.py", line 652, in on_member_update
    before_timeout = before.timed_out_until
                     ^^^^^^^^^^^^^^^^^^^^^^
AttributeError: 'Member' object has no attribute 'timed_out_until'
Ignoring exception in on_member_update
Traceback (most recent call last):
  File "/usr/local/lib/python3.12/site-packages/discord/client.py", line 465, in _run_event
    await coro(*args, **kwargs)
  File "/app/asu_discord/cogs/analytics.py", line 652, in on_member_update
    before_timeout = before.timed_out_until
                     ^^^^^^^^^^^^^^^^^^^^^^
AttributeError: 'Member' object has no attribute 'timed_out_until'
Ignoring exception in on_member_update
Traceback (most recent call last):
  File "/usr/local/lib/python3.12/site-packages/discord/client.py", line 465, in _run_event
    await coro(*args, **kwargs)
  File "/app/asu_discord/cogs/analytics.py", line 652, in on_member_update
    before_timeout = before.timed_out_until
                     ^^^^^^^^^^^^^^^^^^^^^^
AttributeError: 'Member' object has no attribute 'timed_out_until'
Ignoring exception in on_member_update
Traceback (most recent call last):
  File "/usr/local/lib/python3.12/site-packages/discord/client.py", line 465, in _run_event
    await coro(*args, **kwargs)
  File "/app/asu_discord/cogs/analytics.py", line 652, in on_member_update
    before_timeout = before.timed_out_until
                     ^^^^^^^^^^^^^^^^^^^^^^
AttributeError: 'Member' object has no attribute 'timed_out_until'
INFO:asu_discord.cogs.verification:Saved 4 roles to database for user mrashe11 (Discord ID: 1120034590883590164)
INFO:asu_discord.cogs.verification:Refreshed Salesforce roles for Discord user 1120034590883590164: -4/+3 roles, assigned=[Graduate Student, International Student, Ira A. Fulton Schools of Engineering, Tempe]
Ignoring exception in on_member_update
Traceback (most recent call last):
  File "/usr/local/lib/python3.12/site-packages/discord/client.py", line 465, in _run_event
    await coro(*args, **kwargs)
  File "/app/asu_discord/cogs/analytics.py", line 652, in on_member_update
    before_timeout = before.timed_out_until
                     ^^^^^^^^^^^^^^^^^^^^^^
AttributeError: 'Member' object has no attribute 'timed_out_until'
Ignoring exception in on_member_update
Traceback (most recent call last):
  File "/usr/local/lib/python3.12/site-packages/discord/client.py", line 465, in _run_event
    await coro(*args, **kwargs)
  File "/app/asu_discord/cogs/analytics.py", line 652, in on_member_update
    before_timeout = before.timed_out_until
                     ^^^^^^^^^^^^^^^^^^^^^^
AttributeError: 'Member' object has no attribute 'timed_out_until'
Ignoring exception in on_member_update
Traceback (most recent call last):
  File "/usr/local/lib/python3.12/site-packages/discord/client.py", line 465, in _run_event
    await coro(*args, **kwargs)
  File "/app/asu_discord/cogs/analytics.py", line 652, in on_member_update
    before_timeout = before.timed_out_until
                     ^^^^^^^^^^^^^^^^^^^^^^
AttributeError: 'Member' object has no attribute 'timed_out_until'
Ignoring exception in on_member_update
Traceback (most recent call last):
  File "/usr/local/lib/python3.12/site-packages/discord/client.py", line 465, in _run_event
    await coro(*args, **kwargs)
  File "/app/asu_discord/cogs/analytics.py", line 652, in on_member_update
    before_timeout = before.timed_out_until
                     ^^^^^^^^^^^^^^^^^^^^^^
AttributeError: 'Member' object has no attribute 'timed_out_until'
Ignoring exception in on_member_update
Traceback (most recent call last):
  File "/usr/local/lib/python3.12/site-packages/discord/client.py", line 465, in _run_event
    await coro(*args, **kwargs)
  File "/app/asu_discord/cogs/analytics.py", line 652, in on_member_update
    before_timeout = before.timed_out_until
                     ^^^^^^^^^^^^^^^^^^^^^^
AttributeError: 'Member' object has no attribute 'timed_out_until'
Ignoring exception in on_member_update
Traceback (most recent call last):
  File "/usr/local/lib/python3.12/site-packages/discord/client.py", line 465, in _run_event
    await coro(*args, **kwargs)
  File "/app/asu_discord/cogs/analytics.py", line 652, in on_member_update
    before_timeout = before.timed_out_until
                     ^^^^^^^^^^^^^^^^^^^^^^
AttributeError: 'Member' object has no attribute 'timed_out_until'
Ignoring exception in on_member_update
Traceback (most recent call last):
  File "/usr/local/lib/python3.12/site-packages/discord/client.py", line 465, in _run_event
    await coro(*args, **kwargs)
  File "/app/asu_discord/cogs/analytics.py", line 652, in on_member_update
    before_timeout = before.timed_out_until
                     ^^^^^^^^^^^^^^^^^^^^^^
AttributeError: 'Member' object has no attribute 'timed_out_until'
Ignoring exception in on_member_update
Traceback (most recent call last):
  File "/usr/local/lib/python3.12/site-packages/discord/client.py", line 465, in _run_event
    await coro(*args, **kwargs)
  File "/app/asu_discord/cogs/analytics.py", line 652, in on_member_update
    before_timeout = before.timed_out_until
                     ^^^^^^^^^^^^^^^^^^^^^^
AttributeError: 'Member' object has no attribute 'timed_out_until'
Ignoring exception in on_member_update
Traceback (most recent call last):
  File "/usr/local/lib/python3.12/site-packages/discord/client.py", line 465, in _run_event
    await coro(*args, **kwargs)
  File "/app/asu_discord/cogs/analytics.py", line 652, in on_member_update
    before_timeout = before.timed_out_until
                     ^^^^^^^^^^^^^^^^^^^^^^
AttributeError: 'Member' object has no attribute 'timed_out_until'
INFO:asu_discord.cogs.verification:Saved 5 roles to database for user gbost (Discord ID: 1473245523698782294)
INFO:asu_discord.cogs.verification:Refreshed Salesforce roles for Discord user 1473245523698782294: -4/+5 roles, assigned=[Commited, First Year, Herberger Institute for Design and the Arts, Out of State, Tempe]
Ignoring exception in on_member_update
Traceback (most recent call last):
  File "/usr/local/lib/python3.12/site-packages/discord/client.py", line 465, in _run_event
    await coro(*args, **kwargs)
  File "/app/asu_discord/cogs/analytics.py", line 652, in on_member_update
    before_timeout = before.timed_out_until
                     ^^^^^^^^^^^^^^^^^^^^^^
AttributeError: 'Member' object has no attribute 'timed_out_until'
Ignoring exception in on_member_update
Traceback (most recent call last):
  File "/usr/local/lib/python3.12/site-packages/discord/client.py", line 465, in _run_event
    await coro(*args, **kwargs)
  File "/app/asu_discord/cogs/analytics.py", line 652, in on_member_update
    before_timeout = before.timed_out_until
                     ^^^^^^^^^^^^^^^^^^^^^^
AttributeError: 'Member' object has no attribute 'timed_out_until'
Ignoring exception in on_member_update
Traceback (most recent call last):
  File "/usr/local/lib/python3.12/site-packages/discord/client.py", line 465, in _run_event
    await coro(*args, **kwargs)
  File "/app/asu_discord/cogs/analytics.py", line 652, in on_member_update
    before_timeout = before.timed_out_until
                     ^^^^^^^^^^^^^^^^^^^^^^
AttributeError: 'Member' object has no attribute 'timed_out_until'
Ignoring exception in on_member_update
Traceback (most recent call last):
  File "/usr/local/lib/python3.12/site-packages/discord/client.py", line 465, in _run_event
    await coro(*args, **kwargs)
  File "/app/asu_discord/cogs/analytics.py", line 652, in on_member_update
    before_timeout = before.timed_out_until
                     ^^^^^^^^^^^^^^^^^^^^^^
AttributeError: 'Member' object has no attribute 'timed_out_until'
Ignoring exception in on_member_update
Traceback (most recent call last):
  File "/usr/local/lib/python3.12/site-packages/discord/client.py", line 465, in _run_event
    await coro(*args, **kwargs)
  File "/app/asu_discord/cogs/analytics.py", line 652, in on_member_update
    before_timeout = before.timed_out_until
                     ^^^^^^^^^^^^^^^^^^^^^^
AttributeError: 'Member' object has no attribute 'timed_out_until'
Ignoring exception in on_member_update
Traceback (most recent call last):
  File "/usr/local/lib/python3.12/site-packages/discord/client.py", line 465, in _run_event
    await coro(*args, **kwargs)
  File "/app/asu_discord/cogs/analytics.py", line 652, in on_member_update
    before_timeout = before.timed_out_until
                     ^^^^^^^^^^^^^^^^^^^^^^
AttributeError: 'Member' object has no attribute 'timed_out_until'
Ignoring exception in on_member_update
Traceback (most recent call last):
  File "/usr/local/lib/python3.12/site-packages/discord/client.py", line 465, in _run_event
    await coro(*args, **kwargs)
  File "/app/asu_discord/cogs/analytics.py", line 652, in on_member_update
    before_timeout = before.timed_out_until
                     ^^^^^^^^^^^^^^^^^^^^^^
AttributeError: 'Member' object has no attribute 'timed_out_until'
Ignoring exception in on_member_update
Traceback (most recent call last):
  File "/usr/local/lib/python3.12/site-packages/discord/client.py", line 465, in _run_event
    await coro(*args, **kwargs)
  File "/app/asu_discord/cogs/analytics.py", line 652, in on_member_update
    before_timeout = before.timed_out_until
                     ^^^^^^^^^^^^^^^^^^^^^^
AttributeError: 'Member' object has no attribute 'timed_out_until'
Ignoring exception in on_member_update
Traceback (most recent call last):
  File "/usr/local/lib/python3.12/site-packages/discord/client.py", line 465, in _run_event
    await coro(*args, **kwargs)
  File "/app/asu_discord/cogs/analytics.py", line 652, in on_member_update
    before_timeout = before.timed_out_until
                     ^^^^^^^^^^^^^^^^^^^^^^
AttributeError: 'Member' object has no attribute 'timed_out_until'
INFO:asu_discord.cogs.verification:Saved 5 roles to database for user dkembry (Discord ID: 1082507131686760458)
INFO:asu_discord.cogs.verification:Refreshed Salesforce roles for Discord user 1082507131686760458: -4/+5 roles, assigned=[Arizona Resident, First Generation Student, First Year, Tempe, W.P. Carey School of Business]
Ignoring exception in on_member_update
Traceback (most recent call last):
  File "/usr/local/lib/python3.12/site-packages/discord/client.py", line 465, in _run_event
    await coro(*args, **kwargs)
  File "/app/asu_discord/cogs/analytics.py", line 652, in on_member_update
    before_timeout = before.timed_out_until
                     ^^^^^^^^^^^^^^^^^^^^^^
AttributeError: 'Member' object has no attribute 'timed_out_until'
Ignoring exception in on_member_update
Traceback (most recent call last):
  File "/usr/local/lib/python3.12/site-packages/discord/client.py", line 465, in _run_event
    await coro(*args, **kwargs)
  File "/app/asu_discord/cogs/analytics.py", line 652, in on_member_update
    before_timeout = before.timed_out_until
                     ^^^^^^^^^^^^^^^^^^^^^^
AttributeError: 'Member' object has no attribute 'timed_out_until'
Ignoring exception in on_member_update
Traceback (most recent call last):
  File "/usr/local/lib/python3.12/site-packages/discord/client.py", line 465, in _run_event
    await coro(*args, **kwargs)
  File "/app/asu_discord/cogs/analytics.py", line 652, in on_member_update
    before_timeout = before.timed_out_until
                     ^^^^^^^^^^^^^^^^^^^^^^
AttributeError: 'Member' object has no attribute 'timed_out_until'
Ignoring exception in on_member_update
Traceback (most recent call last):
  File "/usr/local/lib/python3.12/site-packages/discord/client.py", line 465, in _run_event
    await coro(*args, **kwargs)
  File "/app/asu_discord/cogs/analytics.py", line 652, in on_member_update
    before_timeout = before.timed_out_until
                     ^^^^^^^^^^^^^^^^^^^^^^
AttributeError: 'Member' object has no attribute 'timed_out_until'
Ignoring exception in on_member_update
Traceback (most recent call last):
  File "/usr/local/lib/python3.12/site-packages/discord/client.py", line 465, in _run_event
    await coro(*args, **kwargs)
  File "/app/asu_discord/cogs/analytics.py", line 652, in on_member_update
    before_timeout = before.timed_out_until
                     ^^^^^^^^^^^^^^^^^^^^^^
AttributeError: 'Member' object has no attribute 'timed_out_until'
Ignoring exception in on_member_update
Traceback (most recent call last):
  File "/usr/local/lib/python3.12/site-packages/discord/client.py", line 465, in _run_event
    await coro(*args, **kwargs)
  File "/app/asu_discord/cogs/analytics.py", line 652, in on_member_update
    before_timeout = before.timed_out_until
                     ^^^^^^^^^^^^^^^^^^^^^^
AttributeError: 'Member' object has no attribute 'timed_out_until'
Ignoring exception in on_member_update
Traceback (most recent call last):
  File "/usr/local/lib/python3.12/site-packages/discord/client.py", line 465, in _run_event
    await coro(*args, **kwargs)
  File "/app/asu_discord/cogs/analytics.py", line 652, in on_member_update
    before_timeout = before.timed_out_until
                     ^^^^^^^^^^^^^^^^^^^^^^
AttributeError: 'Member' object has no attribute 'timed_out_until'
INFO:asu_discord.cogs.verification:Saved 4 roles to database for user famcfarl (Discord ID: 1018409798678614096)
INFO:asu_discord.cogs.verification:Refreshed Salesforce roles for Discord user 1018409798678614096: -3/+4 roles, assigned=[Arizona Resident, First Year, Tempe, W.P. Carey School of Business]
Ignoring exception in on_member_update
Traceback (most recent call last):
  File "/usr/local/lib/python3.12/site-packages/discord/client.py", line 465, in _run_event
    await coro(*args, **kwargs)
  File "/app/asu_discord/cogs/analytics.py", line 652, in on_member_update
    before_timeout = before.timed_out_until
                     ^^^^^^^^^^^^^^^^^^^^^^
AttributeError: 'Member' object has no attribute 'timed_out_until'
Ignoring exception in on_member_update
Traceback (most recent call last):
  File "/usr/local/lib/python3.12/site-packages/discord/client.py", line 465, in _run_event
    await coro(*args, **kwargs)
  File "/app/asu_discord/cogs/analytics.py", line 652, in on_member_update
    before_timeout = before.timed_out_until
                     ^^^^^^^^^^^^^^^^^^^^^^
AttributeError: 'Member' object has no attribute 'timed_out_until'
Ignoring exception in on_member_update
Traceback (most recent call last):
  File "/usr/local/lib/python3.12/site-packages/discord/client.py", line 465, in _run_event
    await coro(*args, **kwargs)
  File "/app/asu_discord/cogs/analytics.py", line 652, in on_member_update
    before_timeout = before.timed_out_until
                     ^^^^^^^^^^^^^^^^^^^^^^
AttributeError: 'Member' object has no attribute 'timed_out_until'
Ignoring exception in on_member_update
Traceback (most recent call last):
  File "/usr/local/lib/python3.12/site-packages/discord/client.py", line 465, in _run_event
    await coro(*args, **kwargs)
  File "/app/asu_discord/cogs/analytics.py", line 652, in on_member_update
    before_timeout = before.timed_out_until
                     ^^^^^^^^^^^^^^^^^^^^^^
AttributeError: 'Member' object has no attribute 'timed_out_until'
Ignoring exception in on_member_update
Traceback (most recent call last):
  File "/usr/local/lib/python3.12/site-packages/discord/client.py", line 465, in _run_event
    await coro(*args, **kwargs)
  File "/app/asu_discord/cogs/analytics.py", line 652, in on_member_update
    before_timeout = before.timed_out_until
                     ^^^^^^^^^^^^^^^^^^^^^^
AttributeError: 'Member' object has no attribute 'timed_out_until'
Ignoring exception in on_member_update
Traceback (most recent call last):
  File "/usr/local/lib/python3.12/site-packages/discord/client.py", line 465, in _run_event
    await coro(*args, **kwargs)
  File "/app/asu_discord/cogs/analytics.py", line 652, in on_member_update
    before_timeout = before.timed_out_until
                     ^^^^^^^^^^^^^^^^^^^^^^
AttributeError: 'Member' object has no attribute 'timed_out_until'
Ignoring exception in on_member_update
Traceback (most recent call last):
  File "/usr/local/lib/python3.12/site-packages/discord/client.py", line 465, in _run_event
    await coro(*args, **kwargs)
  File "/app/asu_discord/cogs/analytics.py", line 652, in on_member_update
    before_timeout = before.timed_out_until
                     ^^^^^^^^^^^^^^^^^^^^^^
AttributeError: 'Member' object has no attribute 'timed_out_until'
Ignoring exception in on_member_update
Traceback (most recent call last):
  File "/usr/local/lib/python3.12/site-packages/discord/client.py", line 465, in _run_event
    await coro(*args, **kwargs)
  File "/app/asu_discord/cogs/analytics.py", line 652, in on_member_update
    before_timeout = before.timed_out_until
                     ^^^^^^^^^^^^^^^^^^^^^^
AttributeError: 'Member' object has no attribute 'timed_out_until'
Ignoring exception in on_member_update
Traceback (most recent call last):
  File "/usr/local/lib/python3.12/site-packages/discord/client.py", line 465, in _run_event
    await coro(*args, **kwargs)
  File "/app/asu_discord/cogs/analytics.py", line 652, in on_member_update
    before_timeout = before.timed_out_until
                     ^^^^^^^^^^^^^^^^^^^^^^
AttributeError: 'Member' object has no attribute 'timed_out_until'
Ignoring exception in on_member_update
Traceback (most recent call last):
  File "/usr/local/lib/python3.12/site-packages/discord/client.py", line 465, in _run_event
    await coro(*args, **kwargs)
  File "/app/asu_discord/cogs/analytics.py", line 652, in on_member_update
    before_timeout = before.timed_out_until
                     ^^^^^^^^^^^^^^^^^^^^^^
AttributeError: 'Member' object has no attribute 'timed_out_until'
ERROR:cron.jobs:refresh_salesforce_roles: failed for mavigdor (Discord ID 586053056563642369): Timed out refresh Salesforce-based roles
Ignoring exception in on_member_update
Traceback (most recent call last):
  File "/usr/local/lib/python3.12/site-packages/discord/client.py", line 465, in _run_event
    await coro(*args, **kwargs)
  File "/app/asu_discord/cogs/analytics.py", line 652, in on_member_update
    before_timeout = before.timed_out_until
                     ^^^^^^^^^^^^^^^^^^^^^^
AttributeError: 'Member' object has no attribute 'timed_out_until'
Ignoring exception in on_member_update
Traceback (most recent call last):
  File "/usr/local/lib/python3.12/site-packages/discord/client.py", line 465, in _run_event
    await coro(*args, **kwargs)
  File "/app/asu_discord/cogs/analytics.py", line 652, in on_member_update
    before_timeout = before.timed_out_until
                     ^^^^^^^^^^^^^^^^^^^^^^
AttributeError: 'Member' object has no attribute 'timed_out_until'
Ignoring exception in on_member_update
Traceback (most recent call last):
  File "/usr/local/lib/python3.12/site-packages/discord/client.py", line 465, in _run_event
    await coro(*args, **kwargs)
  File "/app/asu_discord/cogs/analytics.py", line 652, in on_member_update
    before_timeout = before.timed_out_until
                     ^^^^^^^^^^^^^^^^^^^^^^
AttributeError: 'Member' object has no attribute 'timed_out_until'
Ignoring exception in on_member_update
Traceback (most recent call last):
  File "/usr/local/lib/python3.12/site-packages/discord/client.py", line 465, in _run_event
    await coro(*args, **kwargs)
  File "/app/asu_discord/cogs/analytics.py", line 652, in on_member_update
    before_timeout = before.timed_out_until
                     ^^^^^^^^^^^^^^^^^^^^^^
AttributeError: 'Member' object has no attribute 'timed_out_until'
Ignoring exception in on_member_update
Traceback (most recent call last):
  File "/usr/local/lib/python3.12/site-packages/discord/client.py", line 465, in _run_event
    await coro(*args, **kwargs)
  File "/app/asu_discord/cogs/analytics.py", line 652, in on_member_update
    before_timeout = before.timed_out_until
                     ^^^^^^^^^^^^^^^^^^^^^^
AttributeError: 'Member' object has no attribute 'timed_out_until'
Ignoring exception in on_member_update
Traceback (most recent call last):
  File "/usr/local/lib/python3.12/site-packages/discord/client.py", line 465, in _run_event
    await coro(*args, **kwargs)
  File "/app/asu_discord/cogs/analytics.py", line 652, in on_member_update
    before_timeout = before.timed_out_until
                     ^^^^^^^^^^^^^^^^^^^^^^
AttributeError: 'Member' object has no attribute 'timed_out_until'
Ignoring exception in on_member_update
Traceback (most recent call last):
  File "/usr/local/lib/python3.12/site-packages/discord/client.py", line 465, in _run_event
    await coro(*args, **kwargs)
  File "/app/asu_discord/cogs/analytics.py", line 652, in on_member_update
    before_timeout = before.timed_out_until
                     ^^^^^^^^^^^^^^^^^^^^^^
AttributeError: 'Member' object has no attribute 'timed_out_until'
Ignoring exception in on_member_update
Traceback (most recent call last):
  File "/usr/local/lib/python3.12/site-packages/discord/client.py", line 465, in _run_event
    await coro(*args, **kwargs)
  File "/app/asu_discord/cogs/analytics.py", line 652, in on_member_update
    before_timeout = before.timed_out_until
                     ^^^^^^^^^^^^^^^^^^^^^^
AttributeError: 'Member' object has no attribute 'timed_out_until'
Ignoring exception in on_member_update
Traceback (most recent call last):
  File "/usr/local/lib/python3.12/site-packages/discord/client.py", line 465, in _run_event
    await coro(*args, **kwargs)
  File "/app/asu_discord/cogs/analytics.py", line 652, in on_member_update
    before_timeout = before.timed_out_until
                     ^^^^^^^^^^^^^^^^^^^^^^
AttributeError: 'Member' object has no attribute 'timed_out_until'
Ignoring exception in on_member_update
Traceback (most recent call last):
  File "/usr/local/lib/python3.12/site-packages/discord/client.py", line 465, in _run_event
    await coro(*args, **kwargs)
  File "/app/asu_discord/cogs/analytics.py", line 652, in on_member_update
    before_timeout = before.timed_out_until
                     ^^^^^^^^^^^^^^^^^^^^^^
AttributeError: 'Member' object has no attribute 'timed_out_until'
ERROR:cron.jobs:refresh_salesforce_roles: failed for ialmodov (Discord ID 574021133007978531): Timed out refresh Salesforce-based roles
Ignoring exception in on_member_update
Traceback (most recent call last):
  File "/usr/local/lib/python3.12/site-packages/discord/client.py", line 465, in _run_event
    await coro(*args, **kwargs)
  File "/app/asu_discord/cogs/analytics.py", line 652, in on_member_update
    before_timeout = before.timed_out_until
                     ^^^^^^^^^^^^^^^^^^^^^^
AttributeError: 'Member' object has no attribute 'timed_out_until'
Ignoring exception in on_member_update
Traceback (most recent call last):
  File "/usr/local/lib/python3.12/site-packages/discord/client.py", line 465, in _run_event
    await coro(*args, **kwargs)
  File "/app/asu_discord/cogs/analytics.py", line 652, in on_member_update
    before_timeout = before.timed_out_until
                     ^^^^^^^^^^^^^^^^^^^^^^
AttributeError: 'Member' object has no attribute 'timed_out_until'
Ignoring exception in on_member_update
Traceback (most recent call last):
  File "/usr/local/lib/python3.12/site-packages/discord/client.py", line 465, in _run_event
    await coro(*args, **kwargs)
  File "/app/asu_discord/cogs/analytics.py", line 652, in on_member_update
    before_timeout = before.timed_out_until
                     ^^^^^^^^^^^^^^^^^^^^^^
AttributeError: 'Member' object has no attribute 'timed_out_until'
Ignoring exception in on_member_update
Traceback (most recent call last):
  File "/usr/local/lib/python3.12/site-packages/discord/client.py", line 465, in _run_event
    await coro(*args, **kwargs)
  File "/app/asu_discord/cogs/analytics.py", line 652, in on_member_update
    before_timeout = before.timed_out_until
                     ^^^^^^^^^^^^^^^^^^^^^^
AttributeError: 'Member' object has no attribute 'timed_out_until'
Ignoring exception in on_member_update
Traceback (most recent call last):
  File "/usr/local/lib/python3.12/site-packages/discord/client.py", line 465, in _run_event
    await coro(*args, **kwargs)
  File "/app/asu_discord/cogs/analytics.py", line 652, in on_member_update
    before_timeout = before.timed_out_until
                     ^^^^^^^^^^^^^^^^^^^^^^
AttributeError: 'Member' object has no attribute 'timed_out_until'
Ignoring exception in on_member_update
Traceback (most recent call last):
  File "/usr/local/lib/python3.12/site-packages/discord/client.py", line 465, in _run_event
    await coro(*args, **kwargs)
  File "/app/asu_discord/cogs/analytics.py", line 652, in on_member_update
    before_timeout = before.timed_out_until
                     ^^^^^^^^^^^^^^^^^^^^^^
AttributeError: 'Member' object has no attribute 'timed_out_until'
Ignoring exception in on_member_update
Traceback (most recent call last):
  File "/usr/local/lib/python3.12/site-packages/discord/client.py", line 465, in _run_event
    await coro(*args, **kwargs)
  File "/app/asu_discord/cogs/analytics.py", line 652, in on_member_update
    before_timeout = before.timed_out_until
                     ^^^^^^^^^^^^^^^^^^^^^^
AttributeError: 'Member' object has no attribute 'timed_out_until'
Ignoring exception in on_member_update
Traceback (most recent call last):
  File "/usr/local/lib/python3.12/site-packages/discord/client.py", line 465, in _run_event
    await coro(*args, **kwargs)
  File "/app/asu_discord/cogs/analytics.py", line 652, in on_member_update
    before_timeout = before.timed_out_until
                     ^^^^^^^^^^^^^^^^^^^^^^
AttributeError: 'Member' object has no attribute 'timed_out_until'
Ignoring exception in on_member_update
Traceback (most recent call last):
  File "/usr/local/lib/python3.12/site-packages/discord/client.py", line 465, in _run_event
    await coro(*args, **kwargs)
  File "/app/asu_discord/cogs/analytics.py", line 652, in on_member_update
    before_timeout = before.timed_out_until
                     ^^^^^^^^^^^^^^^^^^^^^^
AttributeError: 'Member' object has no attribute 'timed_out_until'
INFO:asu_discord.cogs.verification:Saved 5 roles to database for user ojanowsk (Discord ID: 459391704479301672)
INFO:asu_discord.cogs.verification:Refreshed Salesforce roles for Discord user 459391704479301672: -4/+5 roles, assigned=[Arizona Resident, Commited, First Year, Ira A. Fulton Schools of Engineering, Tempe]
ERROR:cron.jobs:refresh_salesforce_roles: failed for ssong130 (Discord ID 1223694309082005675): Failed to refresh Salesforce-based roles: Discord user 1223694309082005675 is not a member of the guild
Ignoring exception in on_member_update
Traceback (most recent call last):
  File "/usr/local/lib/python3.12/site-packages/discord/client.py", line 465, in _run_event
    await coro(*args, **kwargs)
  File "/app/asu_discord/cogs/analytics.py", line 652, in on_member_update
    before_timeout = before.timed_out_until
                     ^^^^^^^^^^^^^^^^^^^^^^
AttributeError: 'Member' object has no attribute 'timed_out_until'
Ignoring exception in on_member_update
Traceback (most recent call last):
  File "/usr/local/lib/python3.12/site-packages/discord/client.py", line 465, in _run_event
    await coro(*args, **kwargs)
  File "/app/asu_discord/cogs/analytics.py", line 652, in on_member_update
    before_timeout = before.timed_out_until
                     ^^^^^^^^^^^^^^^^^^^^^^
AttributeError: 'Member' object has no attribute 'timed_out_until'
Ignoring exception in on_member_update
Traceback (most recent call last):
  File "/usr/local/lib/python3.12/site-packages/discord/client.py", line 465, in _run_event
    await coro(*args, **kwargs)
  File "/app/asu_discord/cogs/analytics.py", line 652, in on_member_update
    before_timeout = before.timed_out_until
                     ^^^^^^^^^^^^^^^^^^^^^^
AttributeError: 'Member' object has no attribute 'timed_out_until'
Ignoring exception in on_member_update
Traceback (most recent call last):
  File "/usr/local/lib/python3.12/site-packages/discord/client.py", line 465, in _run_event
    await coro(*args, **kwargs)
  File "/app/asu_discord/cogs/analytics.py", line 652, in on_member_update
    before_timeout = before.timed_out_until
                     ^^^^^^^^^^^^^^^^^^^^^^
AttributeError: 'Member' object has no attribute 'timed_out_until'
Ignoring exception in on_member_update
Traceback (most recent call last):
  File "/usr/local/lib/python3.12/site-packages/discord/client.py", line 465, in _run_event
    await coro(*args, **kwargs)
  File "/app/asu_discord/cogs/analytics.py", line 652, in on_member_update
    before_timeout = before.timed_out_until
                     ^^^^^^^^^^^^^^^^^^^^^^
AttributeError: 'Member' object has no attribute 'timed_out_until'
Ignoring exception in on_member_update
Traceback (most recent call last):
  File "/usr/local/lib/python3.12/site-packages/discord/client.py", line 465, in _run_event
    await coro(*args, **kwargs)
  File "/app/asu_discord/cogs/analytics.py", line 652, in on_member_update
    before_timeout = before.timed_out_until
                     ^^^^^^^^^^^^^^^^^^^^^^
AttributeError: 'Member' object has no attribute 'timed_out_until'
Ignoring exception in on_member_update
Traceback (most recent call last):
  File "/usr/local/lib/python3.12/site-packages/discord/client.py", line 465, in _run_event
    await coro(*args, **kwargs)
  File "/app/asu_discord/cogs/analytics.py", line 652, in on_member_update
    before_timeout = before.timed_out_until
                     ^^^^^^^^^^^^^^^^^^^^^^
AttributeError: 'Member' object has no attribute 'timed_out_until'
Ignoring exception in on_member_update
Traceback (most recent call last):
  File "/usr/local/lib/python3.12/site-packages/discord/client.py", line 465, in _run_event
    await coro(*args, **kwargs)
  File "/app/asu_discord/cogs/analytics.py", line 652, in on_member_update
    before_timeout = before.timed_out_until
                     ^^^^^^^^^^^^^^^^^^^^^^
AttributeError: 'Member' object has no attribute 'timed_out_until'
Ignoring exception in on_member_update
Traceback (most recent call last):
  File "/usr/local/lib/python3.12/site-packages/discord/client.py", line 465, in _run_event
    await coro(*args, **kwargs)
  File "/app/asu_discord/cogs/analytics.py", line 652, in on_member_update
    before_timeout = before.timed_out_until
                     ^^^^^^^^^^^^^^^^^^^^^^
AttributeError: 'Member' object has no attribute 'timed_out_until'
Ignoring exception in on_member_update
Traceback (most recent call last):
  File "/usr/local/lib/python3.12/site-packages/discord/client.py", line 465, in _run_event
    await coro(*args, **kwargs)
  File "/app/asu_discord/cogs/analytics.py", line 652, in on_member_update
    before_timeout = before.timed_out_until
                     ^^^^^^^^^^^^^^^^^^^^^^
AttributeError: 'Member' object has no attribute 'timed_out_until'
Ignoring exception in on_member_update
Traceback (most recent call last):
  File "/usr/local/lib/python3.12/site-packages/discord/client.py", line 465, in _run_event
    await coro(*args, **kwargs)
  File "/app/asu_discord/cogs/analytics.py", line 652, in on_member_update
    before_timeout = before.timed_out_until
                     ^^^^^^^^^^^^^^^^^^^^^^
AttributeError: 'Member' object has no attribute 'timed_out_until'
ERROR:cron.jobs:refresh_salesforce_roles: failed for mskraft (Discord ID 307960061362438167): Timed out refresh Salesforce-based roles
ERROR:cron.jobs:refresh_salesforce_roles: failed for thuynh40 (Discord ID 239559663673147393): Failed to refresh Salesforce-based roles: Discord user 239559663673147393 is not a member of the guild
INFO:asu_discord.salesforce:No Salesforce opportunities found for trieffan
INFO:cron.jobs:refresh_salesforce_roles: skipping trieffan: no profile returned
Ignoring exception in on_member_update
Traceback (most recent call last):
  File "/usr/local/lib/python3.12/site-packages/discord/client.py", line 465, in _run_event
    await coro(*args, **kwargs)
  File "/app/asu_discord/cogs/analytics.py", line 652, in on_member_update
    before_timeout = before.timed_out_until
                     ^^^^^^^^^^^^^^^^^^^^^^
AttributeError: 'Member' object has no attribute 'timed_out_until'
Ignoring exception in on_member_update
Traceback (most recent call last):
  File "/usr/local/lib/python3.12/site-packages/discord/client.py", line 465, in _run_event
    await coro(*args, **kwargs)
  File "/app/asu_discord/cogs/analytics.py", line 652, in on_member_update
    before_timeout = before.timed_out_until
                     ^^^^^^^^^^^^^^^^^^^^^^
AttributeError: 'Member' object has no attribute 'timed_out_until'
Ignoring exception in on_member_update
Traceback (most recent call last):
  File "/usr/local/lib/python3.12/site-packages/discord/client.py", line 465, in _run_event
    await coro(*args, **kwargs)
  File "/app/asu_discord/cogs/analytics.py", line 652, in on_member_update
    before_timeout = before.timed_out_until
                     ^^^^^^^^^^^^^^^^^^^^^^
AttributeError: 'Member' object has no attribute 'timed_out_until'
Ignoring exception in on_member_update
Traceback (most recent call last):
  File "/usr/local/lib/python3.12/site-packages/discord/client.py", line 465, in _run_event
    await coro(*args, **kwargs)
  File "/app/asu_discord/cogs/analytics.py", line 652, in on_member_update
    before_timeout = before.timed_out_until
                     ^^^^^^^^^^^^^^^^^^^^^^
AttributeError: 'Member' object has no attribute 'timed_out_until'
Ignoring exception in on_member_update
Traceback (most recent call last):
  File "/usr/local/lib/python3.12/site-packages/discord/client.py", line 465, in _run_event
    await coro(*args, **kwargs)
  File "/app/asu_discord/cogs/analytics.py", line 652, in on_member_update
    before_timeout = before.timed_out_until
                     ^^^^^^^^^^^^^^^^^^^^^^
AttributeError: 'Member' object has no attribute 'timed_out_until'
Ignoring exception in on_member_update
Traceback (most recent call last):
  File "/usr/local/lib/python3.12/site-packages/discord/client.py", line 465, in _run_event
    await coro(*args, **kwargs)
  File "/app/asu_discord/cogs/analytics.py", line 652, in on_member_update
    before_timeout = before.timed_out_until
                     ^^^^^^^^^^^^^^^^^^^^^^
AttributeError: 'Member' object has no attribute 'timed_out_until'
Ignoring exception in on_member_update
Traceback (most recent call last):
  File "/usr/local/lib/python3.12/site-packages/discord/client.py", line 465, in _run_event
    await coro(*args, **kwargs)
  File "/app/asu_discord/cogs/analytics.py", line 652, in on_member_update
    before_timeout = before.timed_out_until
                     ^^^^^^^^^^^^^^^^^^^^^^
AttributeError: 'Member' object has no attribute 'timed_out_until'
Ignoring exception in on_member_update
Traceback (most recent call last):
  File "/usr/local/lib/python3.12/site-packages/discord/client.py", line 465, in _run_event
    await coro(*args, **kwargs)
  File "/app/asu_discord/cogs/analytics.py", line 652, in on_member_update
    before_timeout = before.timed_out_until
                     ^^^^^^^^^^^^^^^^^^^^^^
AttributeError: 'Member' object has no attribute 'timed_out_until'
Ignoring exception in on_member_update
Traceback (most recent call last):
  File "/usr/local/lib/python3.12/site-packages/discord/client.py", line 465, in _run_event
    await coro(*args, **kwargs)
  File "/app/asu_discord/cogs/analytics.py", line 652, in on_member_update
    before_timeout = before.timed_out_until
                     ^^^^^^^^^^^^^^^^^^^^^^
AttributeError: 'Member' object has no attribute 'timed_out_until'
INFO:asu_discord.cogs.verification:Saved 5 roles to database for user anmoham4 (Discord ID: 744322590818041946)
INFO:asu_discord.cogs.verification:Refreshed Salesforce roles for Discord user 744322590818041946: -4/+5 roles, assigned=[Commited, First Year, Out of State, Tempe, W.P. Carey School of Business]
Ignoring exception in on_member_update
Traceback (most recent call last):
  File "/usr/local/lib/python3.12/site-packages/discord/client.py", line 465, in _run_event
    await coro(*args, **kwargs)
  File "/app/asu_discord/cogs/analytics.py", line 652, in on_member_update
    before_timeout = before.timed_out_until
                     ^^^^^^^^^^^^^^^^^^^^^^
AttributeError: 'Member' object has no attribute 'timed_out_until'
Ignoring exception in on_member_update
Traceback (most recent call last):
  File "/usr/local/lib/python3.12/site-packages/discord/client.py", line 465, in _run_event
    await coro(*args, **kwargs)
  File "/app/asu_discord/cogs/analytics.py", line 652, in on_member_update
    before_timeout = before.timed_out_until
                     ^^^^^^^^^^^^^^^^^^^^^^
AttributeError: 'Member' object has no attribute 'timed_out_until'
Ignoring exception in on_member_update
Traceback (most recent call last):
  File "/usr/local/lib/python3.12/site-packages/discord/client.py", line 465, in _run_event
    await coro(*args, **kwargs)
  File "/app/asu_discord/cogs/analytics.py", line 652, in on_member_update
    before_timeout = before.timed_out_until
                     ^^^^^^^^^^^^^^^^^^^^^^
AttributeError: 'Member' object has no attribute 'timed_out_until'
Ignoring exception in on_member_update
Traceback (most recent call last):
  File "/usr/local/lib/python3.12/site-packages/discord/client.py", line 465, in _run_event
    await coro(*args, **kwargs)
  File "/app/asu_discord/cogs/analytics.py", line 652, in on_member_update
    before_timeout = before.timed_out_until
                     ^^^^^^^^^^^^^^^^^^^^^^
AttributeError: 'Member' object has no attribute 'timed_out_until'
Ignoring exception in on_member_update
Traceback (most recent call last):
  File "/usr/local/lib/python3.12/site-packages/discord/client.py", line 465, in _run_event
    await coro(*args, **kwargs)
  File "/app/asu_discord/cogs/analytics.py", line 652, in on_member_update
    before_timeout = before.timed_out_until
                     ^^^^^^^^^^^^^^^^^^^^^^
AttributeError: 'Member' object has no attribute 'timed_out_until'
Ignoring exception in on_member_update
Traceback (most recent call last):
  File "/usr/local/lib/python3.12/site-packages/discord/client.py", line 465, in _run_event
    await coro(*args, **kwargs)
  File "/app/asu_discord/cogs/analytics.py", line 652, in on_member_update
    before_timeout = before.timed_out_until
                     ^^^^^^^^^^^^^^^^^^^^^^
AttributeError: 'Member' object has no attribute 'timed_out_until'
Ignoring exception in on_member_update
Traceback (most recent call last):
  File "/usr/local/lib/python3.12/site-packages/discord/client.py", line 465, in _run_event
    await coro(*args, **kwargs)
  File "/app/asu_discord/cogs/analytics.py", line 652, in on_member_update
    before_timeout = before.timed_out_until
                     ^^^^^^^^^^^^^^^^^^^^^^
AttributeError: 'Member' object has no attribute 'timed_out_until'
Ignoring exception in on_member_update
Traceback (most recent call last):
  File "/usr/local/lib/python3.12/site-packages/discord/client.py", line 465, in _run_event
    await coro(*args, **kwargs)
  File "/app/asu_discord/cogs/analytics.py", line 652, in on_member_update
    before_timeout = before.timed_out_until
                     ^^^^^^^^^^^^^^^^^^^^^^
AttributeError: 'Member' object has no attribute 'timed_out_until'
INFO:asu_discord.cogs.verification:Saved 4 roles to database for user kehussei (Discord ID: 1016729402782003232)
INFO:asu_discord.cogs.verification:Refreshed Salesforce roles for Discord user 1016729402782003232: -4/+4 roles, assigned=[Commited, First Year, Ira A. Fulton Schools of Engineering, Tempe]
Ignoring exception in on_member_update
Traceback (most recent call last):
  File "/usr/local/lib/python3.12/site-packages/discord/client.py", line 465, in _run_event
    await coro(*args, **kwargs)
  File "/app/asu_discord/cogs/analytics.py", line 652, in on_member_update
    before_timeout = before.timed_out_until
                     ^^^^^^^^^^^^^^^^^^^^^^
AttributeError: 'Member' object has no attribute 'timed_out_until'
Ignoring exception in on_member_update
Traceback (most recent call last):
  File "/usr/local/lib/python3.12/site-packages/discord/client.py", line 465, in _run_event
    await coro(*args, **kwargs)
  File "/app/asu_discord/cogs/analytics.py", line 652, in on_member_update
    before_timeout = before.timed_out_until
                     ^^^^^^^^^^^^^^^^^^^^^^
AttributeError: 'Member' object has no attribute 'timed_out_until'
Ignoring exception in on_member_update
Traceback (most recent call last):
  File "/usr/local/lib/python3.12/site-packages/discord/client.py", line 465, in _run_event
    await coro(*args, **kwargs)
  File "/app/asu_discord/cogs/analytics.py", line 652, in on_member_update
    before_timeout = before.timed_out_until
                     ^^^^^^^^^^^^^^^^^^^^^^
AttributeError: 'Member' object has no attribute 'timed_out_until'
Ignoring exception in on_member_update
Traceback (most recent call last):
  File "/usr/local/lib/python3.12/site-packages/discord/client.py", line 465, in _run_event
    await coro(*args, **kwargs)
  File "/app/asu_discord/cogs/analytics.py", line 652, in on_member_update
    before_timeout = before.timed_out_until
                     ^^^^^^^^^^^^^^^^^^^^^^
AttributeError: 'Member' object has no attribute 'timed_out_until'
Ignoring exception in on_member_update
Traceback (most recent call last):
  File "/usr/local/lib/python3.12/site-packages/discord/client.py", line 465, in _run_event
    await coro(*args, **kwargs)
  File "/app/asu_discord/cogs/analytics.py", line 652, in on_member_update
    before_timeout = before.timed_out_until
                     ^^^^^^^^^^^^^^^^^^^^^^
AttributeError: 'Member' object has no attribute 'timed_out_until'
Ignoring exception in on_member_update
Traceback (most recent call last):
  File "/usr/local/lib/python3.12/site-packages/discord/client.py", line 465, in _run_event
    await coro(*args, **kwargs)
  File "/app/asu_discord/cogs/analytics.py", line 652, in on_member_update
    before_timeout = before.timed_out_until
                     ^^^^^^^^^^^^^^^^^^^^^^
AttributeError: 'Member' object has no attribute 'timed_out_until'
Ignoring exception in on_member_update
Traceback (most recent call last):
  File "/usr/local/lib/python3.12/site-packages/discord/client.py", line 465, in _run_event
    await coro(*args, **kwargs)
  File "/app/asu_discord/cogs/analytics.py", line 652, in on_member_update
    before_timeout = before.timed_out_until
                     ^^^^^^^^^^^^^^^^^^^^^^
AttributeError: 'Member' object has no attribute 'timed_out_until'
Ignoring exception in on_member_update
Traceback (most recent call last):
  File "/usr/local/lib/python3.12/site-packages/discord/client.py", line 465, in _run_event
    await coro(*args, **kwargs)
  File "/app/asu_discord/cogs/analytics.py", line 652, in on_member_update
    before_timeout = before.timed_out_until
                     ^^^^^^^^^^^^^^^^^^^^^^
AttributeError: 'Member' object has no attribute 'timed_out_until'
Ignoring exception in on_member_update
Traceback (most recent call last):
  File "/usr/local/lib/python3.12/site-packages/discord/client.py", line 465, in _run_event
    await coro(*args, **kwargs)
  File "/app/asu_discord/cogs/analytics.py", line 652, in on_member_update
    before_timeout = before.timed_out_until
                     ^^^^^^^^^^^^^^^^^^^^^^
AttributeError: 'Member' object has no attribute 'timed_out_until'
Ignoring exception in on_member_update
Traceback (most recent call last):
  File "/usr/local/lib/python3.12/site-packages/discord/client.py", line 465, in _run_event
    await coro(*args, **kwargs)
  File "/app/asu_discord/cogs/analytics.py", line 652, in on_member_update
    before_timeout = before.timed_out_until
                     ^^^^^^^^^^^^^^^^^^^^^^
AttributeError: 'Member' object has no attribute 'timed_out_until'
INFO:asu_discord.cogs.verification:Saved 5 roles to database for user krhazza1 (Discord ID: 527363738643202048)
INFO:asu_discord.cogs.verification:Refreshed Salesforce roles for Discord user 527363738643202048: -5/+5 roles, assigned=[College of Health Solutions, Commited, Downtown Phoenix, Out of State, Transfer Student]
ERROR:cron.jobs:refresh_salesforce_roles: failed for eachild (Discord ID 618301391198355457): Failed to refresh Salesforce-based roles: Discord user 618301391198355457 is not a member of the guild
Ignoring exception in on_member_update
Traceback (most recent call last):
  File "/usr/local/lib/python3.12/site-packages/discord/client.py", line 465, in _run_event
    await coro(*args, **kwargs)
  File "/app/asu_discord/cogs/analytics.py", line 652, in on_member_update
    before_timeout = before.timed_out_until
                     ^^^^^^^^^^^^^^^^^^^^^^
AttributeError: 'Member' object has no attribute 'timed_out_until'
Ignoring exception in on_member_update
Traceback (most recent call last):
  File "/usr/local/lib/python3.12/site-packages/discord/client.py", line 465, in _run_event
    await coro(*args, **kwargs)
  File "/app/asu_discord/cogs/analytics.py", line 652, in on_member_update
    before_timeout = before.timed_out_until
                     ^^^^^^^^^^^^^^^^^^^^^^
AttributeError: 'Member' object has no attribute 'timed_out_until'
Ignoring exception in on_member_update
Traceback (most recent call last):
  File "/usr/local/lib/python3.12/site-packages/discord/client.py", line 465, in _run_event
    await coro(*args, **kwargs)
  File "/app/asu_discord/cogs/analytics.py", line 652, in on_member_update
    before_timeout = before.timed_out_until
                     ^^^^^^^^^^^^^^^^^^^^^^
AttributeError: 'Member' object has no attribute 'timed_out_until'
Ignoring exception in on_member_update
Traceback (most recent call last):
  File "/usr/local/lib/python3.12/site-packages/discord/client.py", line 465, in _run_event
    await coro(*args, **kwargs)
  File "/app/asu_discord/cogs/analytics.py", line 652, in on_member_update
    before_timeout = before.timed_out_until
                     ^^^^^^^^^^^^^^^^^^^^^^
AttributeError: 'Member' object has no attribute 'timed_out_until'
Ignoring exception in on_member_update
Traceback (most recent call last):
  File "/usr/local/lib/python3.12/site-packages/discord/client.py", line 465, in _run_event
    await coro(*args, **kwargs)
  File "/app/asu_discord/cogs/analytics.py", line 652, in on_member_update
    before_timeout = before.timed_out_until
                     ^^^^^^^^^^^^^^^^^^^^^^
AttributeError: 'Member' object has no attribute 'timed_out_until'
Ignoring exception in on_member_update
Traceback (most recent call last):
  File "/usr/local/lib/python3.12/site-packages/discord/client.py", line 465, in _run_event
    await coro(*args, **kwargs)
  File "/app/asu_discord/cogs/analytics.py", line 652, in on_member_update
    before_timeout = before.timed_out_until
                     ^^^^^^^^^^^^^^^^^^^^^^
AttributeError: 'Member' object has no attribute 'timed_out_until'
Ignoring exception in on_member_update
Traceback (most recent call last):
  File "/usr/local/lib/python3.12/site-packages/discord/client.py", line 465, in _run_event
    await coro(*args, **kwargs)
  File "/app/asu_discord/cogs/analytics.py", line 652, in on_member_update
    before_timeout = before.timed_out_until
                     ^^^^^^^^^^^^^^^^^^^^^^
AttributeError: 'Member' object has no attribute 'timed_out_until'
Ignoring exception in on_member_update
Traceback (most recent call last):
  File "/usr/local/lib/python3.12/site-packages/discord/client.py", line 465, in _run_event
    await coro(*args, **kwargs)
  File "/app/asu_discord/cogs/analytics.py", line 652, in on_member_update
    before_timeout = before.timed_out_until
                     ^^^^^^^^^^^^^^^^^^^^^^
AttributeError: 'Member' object has no attribute 'timed_out_until'
Ignoring exception in on_member_update
Traceback (most recent call last):
  File "/usr/local/lib/python3.12/site-packages/discord/client.py", line 465, in _run_event
    await coro(*args, **kwargs)
  File "/app/asu_discord/cogs/analytics.py", line 652, in on_member_update
    before_timeout = before.timed_out_until
                     ^^^^^^^^^^^^^^^^^^^^^^
AttributeError: 'Member' object has no attribute 'timed_out_until'
Ignoring exception in on_member_update
Traceback (most recent call last):
  File "/usr/local/lib/python3.12/site-packages/discord/client.py", line 465, in _run_event
    await coro(*args, **kwargs)
  File "/app/asu_discord/cogs/analytics.py", line 652, in on_member_update
    before_timeout = before.timed_out_until
                     ^^^^^^^^^^^^^^^^^^^^^^
AttributeError: 'Member' object has no attribute 'timed_out_until'
INFO:asu_discord.cogs.verification:Saved 5 roles to database for user bmikelev (Discord ID: 924380466939854878)
INFO:asu_discord.cogs.verification:Refreshed Salesforce roles for Discord user 924380466939854878: -5/+5 roles, assigned=[Commited, First Year, Out of State, Tempe, W.P. Carey School of Business]
Ignoring exception in on_member_update
Traceback (most recent call last):
  File "/usr/local/lib/python3.12/site-packages/discord/client.py", line 465, in _run_event
    await coro(*args, **kwargs)
  File "/app/asu_discord/cogs/analytics.py", line 652, in on_member_update
    before_timeout = before.timed_out_until
                     ^^^^^^^^^^^^^^^^^^^^^^
AttributeError: 'Member' object has no attribute 'timed_out_until'
Ignoring exception in on_member_update
Traceback (most recent call last):
  File "/usr/local/lib/python3.12/site-packages/discord/client.py", line 465, in _run_event
    await coro(*args, **kwargs)
  File "/app/asu_discord/cogs/analytics.py", line 652, in on_member_update
    before_timeout = before.timed_out_until
                     ^^^^^^^^^^^^^^^^^^^^^^
AttributeError: 'Member' object has no attribute 'timed_out_until'
Ignoring exception in on_member_update
Traceback (most recent call last):
  File "/usr/local/lib/python3.12/site-packages/discord/client.py", line 465, in _run_event
    await coro(*args, **kwargs)
  File "/app/asu_discord/cogs/analytics.py", line 652, in on_member_update
    before_timeout = before.timed_out_until
                     ^^^^^^^^^^^^^^^^^^^^^^
AttributeError: 'Member' object has no attribute 'timed_out_until'
Ignoring exception in on_member_update
Traceback (most recent call last):
  File "/usr/local/lib/python3.12/site-packages/discord/client.py", line 465, in _run_event
    await coro(*args, **kwargs)
  File "/app/asu_discord/cogs/analytics.py", line 652, in on_member_update
    before_timeout = before.timed_out_until
                     ^^^^^^^^^^^^^^^^^^^^^^
AttributeError: 'Member' object has no attribute 'timed_out_until'
Ignoring exception in on_member_update
Traceback (most recent call last):
  File "/usr/local/lib/python3.12/site-packages/discord/client.py", line 465, in _run_event
    await coro(*args, **kwargs)
  File "/app/asu_discord/cogs/analytics.py", line 652, in on_member_update
    before_timeout = before.timed_out_until
                     ^^^^^^^^^^^^^^^^^^^^^^
AttributeError: 'Member' object has no attribute 'timed_out_until'
Ignoring exception in on_member_update
Traceback (most recent call last):
  File "/usr/local/lib/python3.12/site-packages/discord/client.py", line 465, in _run_event
    await coro(*args, **kwargs)
  File "/app/asu_discord/cogs/analytics.py", line 652, in on_member_update
    before_timeout = before.timed_out_until
                     ^^^^^^^^^^^^^^^^^^^^^^
AttributeError: 'Member' object has no attribute 'timed_out_until'
Ignoring exception in on_member_update
Traceback (most recent call last):
  File "/usr/local/lib/python3.12/site-packages/discord/client.py", line 465, in _run_event
    await coro(*args, **kwargs)
  File "/app/asu_discord/cogs/analytics.py", line 652, in on_member_update
    before_timeout = before.timed_out_until
                     ^^^^^^^^^^^^^^^^^^^^^^
AttributeError: 'Member' object has no attribute 'timed_out_until'
Ignoring exception in on_member_update
Traceback (most recent call last):
  File "/usr/local/lib/python3.12/site-packages/discord/client.py", line 465, in _run_event
    await coro(*args, **kwargs)
  File "/app/asu_discord/cogs/analytics.py", line 652, in on_member_update
    before_timeout = before.timed_out_until
                     ^^^^^^^^^^^^^^^^^^^^^^
AttributeError: 'Member' object has no attribute 'timed_out_until'
Ignoring exception in on_member_update
Traceback (most recent call last):
  File "/usr/local/lib/python3.12/site-packages/discord/client.py", line 465, in _run_event
    await coro(*args, **kwargs)
  File "/app/asu_discord/cogs/analytics.py", line 652, in on_member_update
    before_timeout = before.timed_out_until
                     ^^^^^^^^^^^^^^^^^^^^^^
AttributeError: 'Member' object has no attribute 'timed_out_until'
Ignoring exception in on_member_update
Traceback (most recent call last):
  File "/usr/local/lib/python3.12/site-packages/discord/client.py", line 465, in _run_event
    await coro(*args, **kwargs)
  File "/app/asu_discord/cogs/analytics.py", line 652, in on_member_update
    before_timeout = before.timed_out_until
                     ^^^^^^^^^^^^^^^^^^^^^^
AttributeError: 'Member' object has no attribute 'timed_out_until'
INFO:asu_discord.cogs.verification:Saved 5 roles to database for user ewcoope3 (Discord ID: 1076404735755694171)
INFO:asu_discord.cogs.verification:Refreshed Salesforce roles for Discord user 1076404735755694171: -5/+5 roles, assigned=[Commited, First Year, Out of State, Tempe, W.P. Carey School of Business]
Ignoring exception in on_member_update
Traceback (most recent call last):
  File "/usr/local/lib/python3.12/site-packages/discord/client.py", line 465, in _run_event
    await coro(*args, **kwargs)
  File "/app/asu_discord/cogs/analytics.py", line 652, in on_member_update
    before_timeout = before.timed_out_until
                     ^^^^^^^^^^^^^^^^^^^^^^
AttributeError: 'Member' object has no attribute 'timed_out_until'
Ignoring exception in on_member_update
Traceback (most recent call last):
  File "/usr/local/lib/python3.12/site-packages/discord/client.py", line 465, in _run_event
    await coro(*args, **kwargs)
  File "/app/asu_discord/cogs/analytics.py", line 652, in on_member_update
    before_timeout = before.timed_out_until
                     ^^^^^^^^^^^^^^^^^^^^^^
AttributeError: 'Member' object has no attribute 'timed_out_until'
Ignoring exception in on_member_update
Traceback (most recent call last):
  File "/usr/local/lib/python3.12/site-packages/discord/client.py", line 465, in _run_event
    await coro(*args, **kwargs)
  File "/app/asu_discord/cogs/analytics.py", line 652, in on_member_update
    before_timeout = before.timed_out_until
                     ^^^^^^^^^^^^^^^^^^^^^^
AttributeError: 'Member' object has no attribute 'timed_out_until'
Ignoring exception in on_member_update
Traceback (most recent call last):
  File "/usr/local/lib/python3.12/site-packages/discord/client.py", line 465, in _run_event
    await coro(*args, **kwargs)
  File "/app/asu_discord/cogs/analytics.py", line 652, in on_member_update
    before_timeout = before.timed_out_until
                     ^^^^^^^^^^^^^^^^^^^^^^
AttributeError: 'Member' object has no attribute 'timed_out_until'
Ignoring exception in on_member_update
Traceback (most recent call last):
  File "/usr/local/lib/python3.12/site-packages/discord/client.py", line 465, in _run_event
    await coro(*args, **kwargs)
  File "/app/asu_discord/cogs/analytics.py", line 652, in on_member_update
    before_timeout = before.timed_out_until
                     ^^^^^^^^^^^^^^^^^^^^^^
AttributeError: 'Member' object has no attribute 'timed_out_until'
Ignoring exception in on_member_update
Traceback (most recent call last):
  File "/usr/local/lib/python3.12/site-packages/discord/client.py", line 465, in _run_event
    await coro(*args, **kwargs)
  File "/app/asu_discord/cogs/analytics.py", line 652, in on_member_update
    before_timeout = before.timed_out_until
                     ^^^^^^^^^^^^^^^^^^^^^^
AttributeError: 'Member' object has no attribute 'timed_out_until'
Ignoring exception in on_member_update
Traceback (most recent call last):
  File "/usr/local/lib/python3.12/site-packages/discord/client.py", line 465, in _run_event
    await coro(*args, **kwargs)
  File "/app/asu_discord/cogs/analytics.py", line 652, in on_member_update
    before_timeout = before.timed_out_until
                     ^^^^^^^^^^^^^^^^^^^^^^
AttributeError: 'Member' object has no attribute 'timed_out_until'
Ignoring exception in on_member_update
Traceback (most recent call last):
  File "/usr/local/lib/python3.12/site-packages/discord/client.py", line 465, in _run_event
    await coro(*args, **kwargs)
  File "/app/asu_discord/cogs/analytics.py", line 652, in on_member_update
    before_timeout = before.timed_out_until
                     ^^^^^^^^^^^^^^^^^^^^^^
AttributeError: 'Member' object has no attribute 'timed_out_until'
Ignoring exception in on_member_update
Traceback (most recent call last):
  File "/usr/local/lib/python3.12/site-packages/discord/client.py", line 465, in _run_event
    await coro(*args, **kwargs)
  File "/app/asu_discord/cogs/analytics.py", line 652, in on_member_update
    before_timeout = before.timed_out_until
                     ^^^^^^^^^^^^^^^^^^^^^^
AttributeError: 'Member' object has no attribute 'timed_out_until'
Ignoring exception in on_member_update
Traceback (most recent call last):
  File "/usr/local/lib/python3.12/site-packages/discord/client.py", line 465, in _run_event
    await coro(*args, **kwargs)
  File "/app/asu_discord/cogs/analytics.py", line 652, in on_member_update
    before_timeout = before.timed_out_until
                     ^^^^^^^^^^^^^^^^^^^^^^
AttributeError: 'Member' object has no attribute 'timed_out_until'
INFO:asu_discord.cogs.verification:Saved 5 roles to database for user dloft1 (Discord ID: 700113692812902420)
INFO:asu_discord.cogs.verification:Refreshed Salesforce roles for Discord user 700113692812902420: -5/+5 roles, assigned=[Arizona Resident, Commited, First Year, Ira A. Fulton Schools of Engineering, Tempe]
Ignoring exception in on_member_update
Traceback (most recent call last):
  File "/usr/local/lib/python3.12/site-packages/discord/client.py", line 465, in _run_event
    await coro(*args, **kwargs)
  File "/app/asu_discord/cogs/analytics.py", line 652, in on_member_update
    before_timeout = before.timed_out_until
                     ^^^^^^^^^^^^^^^^^^^^^^
AttributeError: 'Member' object has no attribute 'timed_out_until'
Ignoring exception in on_member_update
Traceback (most recent call last):
  File "/usr/local/lib/python3.12/site-packages/discord/client.py", line 465, in _run_event
    await coro(*args, **kwargs)
  File "/app/asu_discord/cogs/analytics.py", line 652, in on_member_update
    before_timeout = before.timed_out_until
                     ^^^^^^^^^^^^^^^^^^^^^^
AttributeError: 'Member' object has no attribute 'timed_out_until'
Ignoring exception in on_member_update
Traceback (most recent call last):
  File "/usr/local/lib/python3.12/site-packages/discord/client.py", line 465, in _run_event
    await coro(*args, **kwargs)
  File "/app/asu_discord/cogs/analytics.py", line 652, in on_member_update
    before_timeout = before.timed_out_until
                     ^^^^^^^^^^^^^^^^^^^^^^
AttributeError: 'Member' object has no attribute 'timed_out_until'
Ignoring exception in on_member_update
Traceback (most recent call last):
  File "/usr/local/lib/python3.12/site-packages/discord/client.py", line 465, in _run_event
    await coro(*args, **kwargs)
  File "/app/asu_discord/cogs/analytics.py", line 652, in on_member_update
    before_timeout = before.timed_out_until
                     ^^^^^^^^^^^^^^^^^^^^^^
AttributeError: 'Member' object has no attribute 'timed_out_until'
Ignoring exception in on_member_update
Traceback (most recent call last):
  File "/usr/local/lib/python3.12/site-packages/discord/client.py", line 465, in _run_event
    await coro(*args, **kwargs)
  File "/app/asu_discord/cogs/analytics.py", line 652, in on_member_update
    before_timeout = before.timed_out_until
                     ^^^^^^^^^^^^^^^^^^^^^^
AttributeError: 'Member' object has no attribute 'timed_out_until'
Ignoring exception in on_member_update
Traceback (most recent call last):
  File "/usr/local/lib/python3.12/site-packages/discord/client.py", line 465, in _run_event
    await coro(*args, **kwargs)
  File "/app/asu_discord/cogs/analytics.py", line 652, in on_member_update
    before_timeout = before.timed_out_until
                     ^^^^^^^^^^^^^^^^^^^^^^
AttributeError: 'Member' object has no attribute 'timed_out_until'
Ignoring exception in on_member_update
Traceback (most recent call last):
  File "/usr/local/lib/python3.12/site-packages/discord/client.py", line 465, in _run_event
    await coro(*args, **kwargs)
  File "/app/asu_discord/cogs/analytics.py", line 652, in on_member_update
    before_timeout = before.timed_out_until
                     ^^^^^^^^^^^^^^^^^^^^^^
AttributeError: 'Member' object has no attribute 'timed_out_until'
Ignoring exception in on_member_update
Traceback (most recent call last):
  File "/usr/local/lib/python3.12/site-packages/discord/client.py", line 465, in _run_event
    await coro(*args, **kwargs)
  File "/app/asu_discord/cogs/analytics.py", line 652, in on_member_update
    before_timeout = before.timed_out_until
                     ^^^^^^^^^^^^^^^^^^^^^^
AttributeError: 'Member' object has no attribute 'timed_out_until'
Ignoring exception in on_member_update
Traceback (most recent call last):
  File "/usr/local/lib/python3.12/site-packages/discord/client.py", line 465, in _run_event
    await coro(*args, **kwargs)
  File "/app/asu_discord/cogs/analytics.py", line 652, in on_member_update
    before_timeout = before.timed_out_until
                     ^^^^^^^^^^^^^^^^^^^^^^
AttributeError: 'Member' object has no attribute 'timed_out_until'
Ignoring exception in on_member_update
Traceback (most recent call last):
  File "/usr/local/lib/python3.12/site-packages/discord/client.py", line 465, in _run_event
    await coro(*args, **kwargs)
  File "/app/asu_discord/cogs/analytics.py", line 652, in on_member_update
    before_timeout = before.timed_out_until
                     ^^^^^^^^^^^^^^^^^^^^^^
AttributeError: 'Member' object has no attribute 'timed_out_until'
INFO:asu_discord.cogs.verification:Saved 5 roles to database for user dkchin (Discord ID: 745808257033044069)
INFO:asu_discord.cogs.verification:Refreshed Salesforce roles for Discord user 745808257033044069: -5/+5 roles, assigned=[Commited, First Year, Ira A. Fulton Schools of Engineering, Out of State, Tempe]
Ignoring exception in on_member_update
Traceback (most recent call last):
  File "/usr/local/lib/python3.12/site-packages/discord/client.py", line 465, in _run_event
    await coro(*args, **kwargs)
  File "/app/asu_discord/cogs/analytics.py", line 652, in on_member_update
    before_timeout = before.timed_out_until
                     ^^^^^^^^^^^^^^^^^^^^^^
AttributeError: 'Member' object has no attribute 'timed_out_until'
Ignoring exception in on_member_update
Traceback (most recent call last):
  File "/usr/local/lib/python3.12/site-packages/discord/client.py", line 465, in _run_event
    await coro(*args, **kwargs)
  File "/app/asu_discord/cogs/analytics.py", line 652, in on_member_update
    before_timeout = before.timed_out_until
                     ^^^^^^^^^^^^^^^^^^^^^^
AttributeError: 'Member' object has no attribute 'timed_out_until'
INFO:asu_discord.cogs.verification:Saved 1 roles to database for user kncutler (Discord ID: 1486959245814661251)
INFO:asu_discord.cogs.verification:Refreshed Salesforce roles for Discord user 1486959245814661251: -1/+1 roles, assigned=[Arizona Resident]
Ignoring exception in on_member_update
Traceback (most recent call last):
  File "/usr/local/lib/python3.12/site-packages/discord/client.py", line 465, in _run_event
    await coro(*args, **kwargs)
  File "/app/asu_discord/cogs/analytics.py", line 652, in on_member_update
    before_timeout = before.timed_out_until
                     ^^^^^^^^^^^^^^^^^^^^^^
AttributeError: 'Member' object has no attribute 'timed_out_until'
Ignoring exception in on_member_update
Traceback (most recent call last):
  File "/usr/local/lib/python3.12/site-packages/discord/client.py", line 465, in _run_event
    await coro(*args, **kwargs)
  File "/app/asu_discord/cogs/analytics.py", line 652, in on_member_update
    before_timeout = before.timed_out_until
                     ^^^^^^^^^^^^^^^^^^^^^^
AttributeError: 'Member' object has no attribute 'timed_out_until'
Ignoring exception in on_member_update
Traceback (most recent call last):
  File "/usr/local/lib/python3.12/site-packages/discord/client.py", line 465, in _run_event
    await coro(*args, **kwargs)
  File "/app/asu_discord/cogs/analytics.py", line 652, in on_member_update
    before_timeout = before.timed_out_until
                     ^^^^^^^^^^^^^^^^^^^^^^
AttributeError: 'Member' object has no attribute 'timed_out_until'
Ignoring exception in on_member_update
Traceback (most recent call last):
  File "/usr/local/lib/python3.12/site-packages/discord/client.py", line 465, in _run_event
    await coro(*args, **kwargs)
  File "/app/asu_discord/cogs/analytics.py", line 652, in on_member_update
    before_timeout = before.timed_out_until
                     ^^^^^^^^^^^^^^^^^^^^^^
AttributeError: 'Member' object has no attribute 'timed_out_until'
Ignoring exception in on_member_update
Traceback (most recent call last):
  File "/usr/local/lib/python3.12/site-packages/discord/client.py", line 465, in _run_event
    await coro(*args, **kwargs)
  File "/app/asu_discord/cogs/analytics.py", line 652, in on_member_update
    before_timeout = before.timed_out_until
                     ^^^^^^^^^^^^^^^^^^^^^^
AttributeError: 'Member' object has no attribute 'timed_out_until'
Ignoring exception in on_member_update
Traceback (most recent call last):
  File "/usr/local/lib/python3.12/site-packages/discord/client.py", line 465, in _run_event
    await coro(*args, **kwargs)
  File "/app/asu_discord/cogs/analytics.py", line 652, in on_member_update
    before_timeout = before.timed_out_until
                     ^^^^^^^^^^^^^^^^^^^^^^
AttributeError: 'Member' object has no attribute 'timed_out_until'
Ignoring exception in on_member_update
Traceback (most recent call last):
  File "/usr/local/lib/python3.12/site-packages/discord/client.py", line 465, in _run_event
    await coro(*args, **kwargs)
  File "/app/asu_discord/cogs/analytics.py", line 652, in on_member_update
    before_timeout = before.timed_out_until
                     ^^^^^^^^^^^^^^^^^^^^^^
AttributeError: 'Member' object has no attribute 'timed_out_until'
Ignoring exception in on_member_update
Traceback (most recent call last):
  File "/usr/local/lib/python3.12/site-packages/discord/client.py", line 465, in _run_event
    await coro(*args, **kwargs)
  File "/app/asu_discord/cogs/analytics.py", line 652, in on_member_update
    before_timeout = before.timed_out_until
                     ^^^^^^^^^^^^^^^^^^^^^^
AttributeError: 'Member' object has no attribute 'timed_out_until'
Ignoring exception in on_member_update
Traceback (most recent call last):
  File "/usr/local/lib/python3.12/site-packages/discord/client.py", line 465, in _run_event
    await coro(*args, **kwargs)
  File "/app/asu_discord/cogs/analytics.py", line 652, in on_member_update
    before_timeout = before.timed_out_until
                     ^^^^^^^^^^^^^^^^^^^^^^
AttributeError: 'Member' object has no attribute 'timed_out_until'
Ignoring exception in on_member_update
Traceback (most recent call last):
  File "/usr/local/lib/python3.12/site-packages/discord/client.py", line 465, in _run_event
    await coro(*args, **kwargs)
  File "/app/asu_discord/cogs/analytics.py", line 652, in on_member_update
    before_timeout = before.timed_out_until
                     ^^^^^^^^^^^^^^^^^^^^^^
AttributeError: 'Member' object has no attribute 'timed_out_until'
Ignoring exception in on_member_update
Traceback (most recent call last):
  File "/usr/local/lib/python3.12/site-packages/discord/client.py", line 465, in _run_event
    await coro(*args, **kwargs)
  File "/app/asu_discord/cogs/analytics.py", line 652, in on_member_update
    before_timeout = before.timed_out_until
                     ^^^^^^^^^^^^^^^^^^^^^^
AttributeError: 'Member' object has no attribute 'timed_out_until'
Ignoring exception in on_member_update
Traceback (most recent call last):
  File "/usr/local/lib/python3.12/site-packages/discord/client.py", line 465, in _run_event
    await coro(*args, **kwargs)
  File "/app/asu_discord/cogs/analytics.py", line 652, in on_member_update
    before_timeout = before.timed_out_until
                     ^^^^^^^^^^^^^^^^^^^^^^
AttributeError: 'Member' object has no attribute 'timed_out_until'
INFO:asu_discord.cogs.verification:Saved 6 roles to database for user llatchis (Discord ID: 601632457246113792)
INFO:asu_discord.cogs.verification:Refreshed Salesforce roles for Discord user 601632457246113792: -6/+6 roles, assigned=[Arizona Resident, College of Liberal Arts and Sciences, Commited, First Generation Student, First Year, Tempe]
Ignoring exception in on_member_update
Traceback (most recent call last):
  File "/usr/local/lib/python3.12/site-packages/discord/client.py", line 465, in _run_event
    await coro(*args, **kwargs)
  File "/app/asu_discord/cogs/analytics.py", line 652, in on_member_update
    before_timeout = before.timed_out_until
                     ^^^^^^^^^^^^^^^^^^^^^^
AttributeError: 'Member' object has no attribute 'timed_out_until'
Ignoring exception in on_member_update
Traceback (most recent call last):
  File "/usr/local/lib/python3.12/site-packages/discord/client.py", line 465, in _run_event
    await coro(*args, **kwargs)
  File "/app/asu_discord/cogs/analytics.py", line 652, in on_member_update
    before_timeout = before.timed_out_until
                     ^^^^^^^^^^^^^^^^^^^^^^
AttributeError: 'Member' object has no attribute 'timed_out_until'
Ignoring exception in on_member_update
Traceback (most recent call last):
  File "/usr/local/lib/python3.12/site-packages/discord/client.py", line 465, in _run_event
    await coro(*args, **kwargs)
  File "/app/asu_discord/cogs/analytics.py", line 652, in on_member_update
    before_timeout = before.timed_out_until
                     ^^^^^^^^^^^^^^^^^^^^^^
AttributeError: 'Member' object has no attribute 'timed_out_until'
Ignoring exception in on_member_update
Traceback (most recent call last):
  File "/usr/local/lib/python3.12/site-packages/discord/client.py", line 465, in _run_event
    await coro(*args, **kwargs)
  File "/app/asu_discord/cogs/analytics.py", line 652, in on_member_update
    before_timeout = before.timed_out_until
                     ^^^^^^^^^^^^^^^^^^^^^^
AttributeError: 'Member' object has no attribute 'timed_out_until'
Ignoring exception in on_member_update
Traceback (most recent call last):
  File "/usr/local/lib/python3.12/site-packages/discord/client.py", line 465, in _run_event
    await coro(*args, **kwargs)
  File "/app/asu_discord/cogs/analytics.py", line 652, in on_member_update
    before_timeout = before.timed_out_until
                     ^^^^^^^^^^^^^^^^^^^^^^
AttributeError: 'Member' object has no attribute 'timed_out_until'
Ignoring exception in on_member_update
Traceback (most recent call last):
  File "/usr/local/lib/python3.12/site-packages/discord/client.py", line 465, in _run_event
    await coro(*args, **kwargs)
  File "/app/asu_discord/cogs/analytics.py", line 652, in on_member_update
    before_timeout = before.timed_out_until
                     ^^^^^^^^^^^^^^^^^^^^^^
AttributeError: 'Member' object has no attribute 'timed_out_until'
Ignoring exception in on_member_update
Traceback (most recent call last):
  File "/usr/local/lib/python3.12/site-packages/discord/client.py", line 465, in _run_event
    await coro(*args, **kwargs)
  File "/app/asu_discord/cogs/analytics.py", line 652, in on_member_update
    before_timeout = before.timed_out_until
                     ^^^^^^^^^^^^^^^^^^^^^^
AttributeError: 'Member' object has no attribute 'timed_out_until'
Ignoring exception in on_member_update
Traceback (most recent call last):
  File "/usr/local/lib/python3.12/site-packages/discord/client.py", line 465, in _run_event
    await coro(*args, **kwargs)
  File "/app/asu_discord/cogs/analytics.py", line 652, in on_member_update
    before_timeout = before.timed_out_until
                     ^^^^^^^^^^^^^^^^^^^^^^
AttributeError: 'Member' object has no attribute 'timed_out_until'
INFO:asu_discord.cogs.verification:Saved 4 roles to database for user aalsh117 (Discord ID: 656954045503766538)
INFO:asu_discord.cogs.verification:Refreshed Salesforce roles for Discord user 656954045503766538: -4/+4 roles, assigned=[Downtown Phoenix, First Year, International Student, Watts College of Public Service and Community Solutions]
Ignoring exception in on_member_update
Traceback (most recent call last):
  File "/usr/local/lib/python3.12/site-packages/discord/client.py", line 465, in _run_event
    await coro(*args, **kwargs)
  File "/app/asu_discord/cogs/analytics.py", line 652, in on_member_update
    before_timeout = before.timed_out_until
                     ^^^^^^^^^^^^^^^^^^^^^^
AttributeError: 'Member' object has no attribute 'timed_out_until'
Ignoring exception in on_member_update
Traceback (most recent call last):
  File "/usr/local/lib/python3.12/site-packages/discord/client.py", line 465, in _run_event
    await coro(*args, **kwargs)
  File "/app/asu_discord/cogs/analytics.py", line 652, in on_member_update
    before_timeout = before.timed_out_until
                     ^^^^^^^^^^^^^^^^^^^^^^
AttributeError: 'Member' object has no attribute 'timed_out_until'
Ignoring exception in on_member_update
Traceback (most recent call last):
  File "/usr/local/lib/python3.12/site-packages/discord/client.py", line 465, in _run_event
    await coro(*args, **kwargs)
  File "/app/asu_discord/cogs/analytics.py", line 652, in on_member_update
    before_timeout = before.timed_out_until
                     ^^^^^^^^^^^^^^^^^^^^^^
AttributeError: 'Member' object has no attribute 'timed_out_until'
Ignoring exception in on_member_update
Traceback (most recent call last):
  File "/usr/local/lib/python3.12/site-packages/discord/client.py", line 465, in _run_event
    await coro(*args, **kwargs)
  File "/app/asu_discord/cogs/analytics.py", line 652, in on_member_update
    before_timeout = before.timed_out_until
                     ^^^^^^^^^^^^^^^^^^^^^^
AttributeError: 'Member' object has no attribute 'timed_out_until'
Ignoring exception in on_member_update
Traceback (most recent call last):
  File "/usr/local/lib/python3.12/site-packages/discord/client.py", line 465, in _run_event
    await coro(*args, **kwargs)
  File "/app/asu_discord/cogs/analytics.py", line 652, in on_member_update
    before_timeout = before.timed_out_until
                     ^^^^^^^^^^^^^^^^^^^^^^
AttributeError: 'Member' object has no attribute 'timed_out_until'
Ignoring exception in on_member_update
Traceback (most recent call last):
  File "/usr/local/lib/python3.12/site-packages/discord/client.py", line 465, in _run_event
    await coro(*args, **kwargs)
  File "/app/asu_discord/cogs/analytics.py", line 652, in on_member_update
    before_timeout = before.timed_out_until
                     ^^^^^^^^^^^^^^^^^^^^^^
AttributeError: 'Member' object has no attribute 'timed_out_until'
Ignoring exception in on_member_update
Traceback (most recent call last):
  File "/usr/local/lib/python3.12/site-packages/discord/client.py", line 465, in _run_event
    await coro(*args, **kwargs)
  File "/app/asu_discord/cogs/analytics.py", line 652, in on_member_update
    before_timeout = before.timed_out_until
                     ^^^^^^^^^^^^^^^^^^^^^^
AttributeError: 'Member' object has no attribute 'timed_out_until'
Ignoring exception in on_member_update
Traceback (most recent call last):
  File "/usr/local/lib/python3.12/site-packages/discord/client.py", line 465, in _run_event
    await coro(*args, **kwargs)
  File "/app/asu_discord/cogs/analytics.py", line 652, in on_member_update
    before_timeout = before.timed_out_until
                     ^^^^^^^^^^^^^^^^^^^^^^
AttributeError: 'Member' object has no attribute 'timed_out_until'
Ignoring exception in on_member_update
Traceback (most recent call last):
  File "/usr/local/lib/python3.12/site-packages/discord/client.py", line 465, in _run_event
    await coro(*args, **kwargs)
  File "/app/asu_discord/cogs/analytics.py", line 652, in on_member_update
    before_timeout = before.timed_out_until
                     ^^^^^^^^^^^^^^^^^^^^^^
AttributeError: 'Member' object has no attribute 'timed_out_until'
Ignoring exception in on_member_update
Traceback (most recent call last):
  File "/usr/local/lib/python3.12/site-packages/discord/client.py", line 465, in _run_event
    await coro(*args, **kwargs)
  File "/app/asu_discord/cogs/analytics.py", line 652, in on_member_update
    before_timeout = before.timed_out_until
                     ^^^^^^^^^^^^^^^^^^^^^^
AttributeError: 'Member' object has no attribute 'timed_out_until'
INFO:asu_discord.cogs.verification:Saved 5 roles to database for user nikkipoh (Discord ID: 1184031822502432849)
INFO:asu_discord.cogs.verification:Refreshed Salesforce roles for Discord user 1184031822502432849: -5/+5 roles, assigned=[Commited, First Year, International Student, Tempe, W.P. Carey School of Business]
Ignoring exception in on_member_update
Traceback (most recent call last):
  File "/usr/local/lib/python3.12/site-packages/discord/client.py", line 465, in _run_event
    await coro(*args, **kwargs)
  File "/app/asu_discord/cogs/analytics.py", line 652, in on_member_update
    before_timeout = before.timed_out_until
                     ^^^^^^^^^^^^^^^^^^^^^^
AttributeError: 'Member' object has no attribute 'timed_out_until'
Ignoring exception in on_member_update
Traceback (most recent call last):
  File "/usr/local/lib/python3.12/site-packages/discord/client.py", line 465, in _run_event
    await coro(*args, **kwargs)
  File "/app/asu_discord/cogs/analytics.py", line 652, in on_member_update
    before_timeout = before.timed_out_until
                     ^^^^^^^^^^^^^^^^^^^^^^
AttributeError: 'Member' object has no attribute 'timed_out_until'
Ignoring exception in on_member_update
Traceback (most recent call last):
  File "/usr/local/lib/python3.12/site-packages/discord/client.py", line 465, in _run_event
    await coro(*args, **kwargs)
  File "/app/asu_discord/cogs/analytics.py", line 652, in on_member_update
    before_timeout = before.timed_out_until
                     ^^^^^^^^^^^^^^^^^^^^^^
AttributeError: 'Member' object has no attribute 'timed_out_until'
Ignoring exception in on_member_update
Traceback (most recent call last):
  File "/usr/local/lib/python3.12/site-packages/discord/client.py", line 465, in _run_event
    await coro(*args, **kwargs)
  File "/app/asu_discord/cogs/analytics.py", line 652, in on_member_update
    before_timeout = before.timed_out_until
                     ^^^^^^^^^^^^^^^^^^^^^^
AttributeError: 'Member' object has no attribute 'timed_out_until'
Ignoring exception in on_member_update
Traceback (most recent call last):
  File "/usr/local/lib/python3.12/site-packages/discord/client.py", line 465, in _run_event
    await coro(*args, **kwargs)
  File "/app/asu_discord/cogs/analytics.py", line 652, in on_member_update
    before_timeout = before.timed_out_until
                     ^^^^^^^^^^^^^^^^^^^^^^
AttributeError: 'Member' object has no attribute 'timed_out_until'
Ignoring exception in on_member_update
Traceback (most recent call last):
  File "/usr/local/lib/python3.12/site-packages/discord/client.py", line 465, in _run_event
    await coro(*args, **kwargs)
  File "/app/asu_discord/cogs/analytics.py", line 652, in on_member_update
    before_timeout = before.timed_out_until
                     ^^^^^^^^^^^^^^^^^^^^^^
AttributeError: 'Member' object has no attribute 'timed_out_until'
Ignoring exception in on_member_update
Traceback (most recent call last):
  File "/usr/local/lib/python3.12/site-packages/discord/client.py", line 465, in _run_event
    await coro(*args, **kwargs)
  File "/app/asu_discord/cogs/analytics.py", line 652, in on_member_update
    before_timeout = before.timed_out_until
                     ^^^^^^^^^^^^^^^^^^^^^^
AttributeError: 'Member' object has no attribute 'timed_out_until'
INFO:asu_discord.cogs.verification:Saved 4 roles to database for user iallahve (Discord ID: 1082679233702281216)
INFO:asu_discord.cogs.verification:Refreshed Salesforce roles for Discord user 1082679233702281216: -3/+4 roles, assigned=[First Year, International Student, Ira A. Fulton Schools of Engineering, Polytechnic]
Ignoring exception in on_member_update
Traceback (most recent call last):
  File "/usr/local/lib/python3.12/site-packages/discord/client.py", line 465, in _run_event
    await coro(*args, **kwargs)
  File "/app/asu_discord/cogs/analytics.py", line 652, in on_member_update
    before_timeout = before.timed_out_until
                     ^^^^^^^^^^^^^^^^^^^^^^
AttributeError: 'Member' object has no attribute 'timed_out_until'
Ignoring exception in on_member_update
Traceback (most recent call last):
  File "/usr/local/lib/python3.12/site-packages/discord/client.py", line 465, in _run_event
    await coro(*args, **kwargs)
  File "/app/asu_discord/cogs/analytics.py", line 652, in on_member_update
    before_timeout = before.timed_out_until
                     ^^^^^^^^^^^^^^^^^^^^^^
AttributeError: 'Member' object has no attribute 'timed_out_until'
Ignoring exception in on_member_update
Traceback (most recent call last):
  File "/usr/local/lib/python3.12/site-packages/discord/client.py", line 465, in _run_event
    await coro(*args, **kwargs)
  File "/app/asu_discord/cogs/analytics.py", line 652, in on_member_update
    before_timeout = before.timed_out_until
                     ^^^^^^^^^^^^^^^^^^^^^^
AttributeError: 'Member' object has no attribute 'timed_out_until'
Ignoring exception in on_member_update
Traceback (most recent call last):
  File "/usr/local/lib/python3.12/site-packages/discord/client.py", line 465, in _run_event
    await coro(*args, **kwargs)
  File "/app/asu_discord/cogs/analytics.py", line 652, in on_member_update
    before_timeout = before.timed_out_until
                     ^^^^^^^^^^^^^^^^^^^^^^
AttributeError: 'Member' object has no attribute 'timed_out_until'
Ignoring exception in on_member_update
Traceback (most recent call last):
  File "/usr/local/lib/python3.12/site-packages/discord/client.py", line 465, in _run_event
    await coro(*args, **kwargs)
  File "/app/asu_discord/cogs/analytics.py", line 652, in on_member_update
    before_timeout = before.timed_out_until
                     ^^^^^^^^^^^^^^^^^^^^^^
AttributeError: 'Member' object has no attribute 'timed_out_until'
Ignoring exception in on_member_update
Traceback (most recent call last):
  File "/usr/local/lib/python3.12/site-packages/discord/client.py", line 465, in _run_event
    await coro(*args, **kwargs)
  File "/app/asu_discord/cogs/analytics.py", line 652, in on_member_update
    before_timeout = before.timed_out_until
                     ^^^^^^^^^^^^^^^^^^^^^^
AttributeError: 'Member' object has no attribute 'timed_out_until'
Ignoring exception in on_member_update
Traceback (most recent call last):
  File "/usr/local/lib/python3.12/site-packages/discord/client.py", line 465, in _run_event
    await coro(*args, **kwargs)
  File "/app/asu_discord/cogs/analytics.py", line 652, in on_member_update
    before_timeout = before.timed_out_until
                     ^^^^^^^^^^^^^^^^^^^^^^
AttributeError: 'Member' object has no attribute 'timed_out_until'
Ignoring exception in on_member_update
Traceback (most recent call last):
  File "/usr/local/lib/python3.12/site-packages/discord/client.py", line 465, in _run_event
    await coro(*args, **kwargs)
  File "/app/asu_discord/cogs/analytics.py", line 652, in on_member_update
    before_timeout = before.timed_out_until
                     ^^^^^^^^^^^^^^^^^^^^^^
AttributeError: 'Member' object has no attribute 'timed_out_until'
INFO:asu_discord.cogs.verification:Saved 5 roles to database for user vgudime1 (Discord ID: 1487068154890031176)
INFO:asu_discord.cogs.verification:Refreshed Salesforce roles for Discord user 1487068154890031176: -4/+4 roles, assigned=[Commited, Graduate Student, International Student, Ira A. Fulton Schools of Engineering, Tempe]
Ignoring exception in on_member_update
Traceback (most recent call last):
  File "/usr/local/lib/python3.12/site-packages/discord/client.py", line 465, in _run_event
    await coro(*args, **kwargs)
  File "/app/asu_discord/cogs/analytics.py", line 652, in on_member_update
    before_timeout = before.timed_out_until
                     ^^^^^^^^^^^^^^^^^^^^^^
AttributeError: 'Member' object has no attribute 'timed_out_until'
Ignoring exception in on_member_update
Traceback (most recent call last):
  File "/usr/local/lib/python3.12/site-packages/discord/client.py", line 465, in _run_event
    await coro(*args, **kwargs)
  File "/app/asu_discord/cogs/analytics.py", line 652, in on_member_update
    before_timeout = before.timed_out_until
                     ^^^^^^^^^^^^^^^^^^^^^^
AttributeError: 'Member' object has no attribute 'timed_out_until'
Ignoring exception in on_member_update
Traceback (most recent call last):
  File "/usr/local/lib/python3.12/site-packages/discord/client.py", line 465, in _run_event
    await coro(*args, **kwargs)
  File "/app/asu_discord/cogs/analytics.py", line 652, in on_member_update
    before_timeout = before.timed_out_until
                     ^^^^^^^^^^^^^^^^^^^^^^
AttributeError: 'Member' object has no attribute 'timed_out_until'
Ignoring exception in on_member_update
Traceback (most recent call last):
  File "/usr/local/lib/python3.12/site-packages/discord/client.py", line 465, in _run_event
    await coro(*args, **kwargs)
  File "/app/asu_discord/cogs/analytics.py", line 652, in on_member_update
    before_timeout = before.timed_out_until
                     ^^^^^^^^^^^^^^^^^^^^^^
AttributeError: 'Member' object has no attribute 'timed_out_until'
Ignoring exception in on_member_update
Traceback (most recent call last):
  File "/usr/local/lib/python3.12/site-packages/discord/client.py", line 465, in _run_event
    await coro(*args, **kwargs)
  File "/app/asu_discord/cogs/analytics.py", line 652, in on_member_update
    before_timeout = before.timed_out_until
                     ^^^^^^^^^^^^^^^^^^^^^^
AttributeError: 'Member' object has no attribute 'timed_out_until'
Ignoring exception in on_member_update
Traceback (most recent call last):
  File "/usr/local/lib/python3.12/site-packages/discord/client.py", line 465, in _run_event
    await coro(*args, **kwargs)
  File "/app/asu_discord/cogs/analytics.py", line 652, in on_member_update
    before_timeout = before.timed_out_until
                     ^^^^^^^^^^^^^^^^^^^^^^
AttributeError: 'Member' object has no attribute 'timed_out_until'
Ignoring exception in on_member_update
Traceback (most recent call last):
  File "/usr/local/lib/python3.12/site-packages/discord/client.py", line 465, in _run_event
    await coro(*args, **kwargs)
  File "/app/asu_discord/cogs/analytics.py", line 652, in on_member_update
    before_timeout = before.timed_out_until
                     ^^^^^^^^^^^^^^^^^^^^^^
AttributeError: 'Member' object has no attribute 'timed_out_until'
Ignoring exception in on_member_update
Traceback (most recent call last):
  File "/usr/local/lib/python3.12/site-packages/discord/client.py", line 465, in _run_event
    await coro(*args, **kwargs)
  File "/app/asu_discord/cogs/analytics.py", line 652, in on_member_update
    before_timeout = before.timed_out_until
                     ^^^^^^^^^^^^^^^^^^^^^^
AttributeError: 'Member' object has no attribute 'timed_out_until'
Ignoring exception in on_member_update
Traceback (most recent call last):
  File "/usr/local/lib/python3.12/site-packages/discord/client.py", line 465, in _run_event
    await coro(*args, **kwargs)
  File "/app/asu_discord/cogs/analytics.py", line 652, in on_member_update
    before_timeout = before.timed_out_until
                     ^^^^^^^^^^^^^^^^^^^^^^
AttributeError: 'Member' object has no attribute 'timed_out_until'
Ignoring exception in on_member_update
Traceback (most recent call last):
  File "/usr/local/lib/python3.12/site-packages/discord/client.py", line 465, in _run_event
    await coro(*args, **kwargs)
  File "/app/asu_discord/cogs/analytics.py", line 652, in on_member_update
    before_timeout = before.timed_out_until
                     ^^^^^^^^^^^^^^^^^^^^^^
AttributeError: 'Member' object has no attribute 'timed_out_until'
INFO:asu_discord.cogs.verification:Saved 5 roles to database for user asing924 (Discord ID: 1369146739680083980)
INFO:asu_discord.cogs.verification:Refreshed Salesforce roles for Discord user 1369146739680083980: -5/+5 roles, assigned=[Arizona Resident, College of Integrative Sciences and Arts, Commited, First Year, Polytechnic]
Ignoring exception in on_member_update
Traceback (most recent call last):
  File "/usr/local/lib/python3.12/site-packages/discord/client.py", line 465, in _run_event
    await coro(*args, **kwargs)
  File "/app/asu_discord/cogs/analytics.py", line 652, in on_member_update
    before_timeout = before.timed_out_until
                     ^^^^^^^^^^^^^^^^^^^^^^
AttributeError: 'Member' object has no attribute 'timed_out_until'
Ignoring exception in on_member_update
Traceback (most recent call last):
  File "/usr/local/lib/python3.12/site-packages/discord/client.py", line 465, in _run_event
    await coro(*args, **kwargs)
  File "/app/asu_discord/cogs/analytics.py", line 652, in on_member_update
    before_timeout = before.timed_out_until
                     ^^^^^^^^^^^^^^^^^^^^^^
AttributeError: 'Member' object has no attribute 'timed_out_until'
Ignoring exception in on_member_update
Traceback (most recent call last):
  File "/usr/local/lib/python3.12/site-packages/discord/client.py", line 465, in _run_event
    await coro(*args, **kwargs)
  File "/app/asu_discord/cogs/analytics.py", line 652, in on_member_update
    before_timeout = before.timed_out_until
                     ^^^^^^^^^^^^^^^^^^^^^^
AttributeError: 'Member' object has no attribute 'timed_out_until'
Ignoring exception in on_member_update
Traceback (most recent call last):
  File "/usr/local/lib/python3.12/site-packages/discord/client.py", line 465, in _run_event
    await coro(*args, **kwargs)
  File "/app/asu_discord/cogs/analytics.py", line 652, in on_member_update
    before_timeout = before.timed_out_until
                     ^^^^^^^^^^^^^^^^^^^^^^
AttributeError: 'Member' object has no attribute 'timed_out_until'
Ignoring exception in on_member_update
Traceback (most recent call last):
  File "/usr/local/lib/python3.12/site-packages/discord/client.py", line 465, in _run_event
    await coro(*args, **kwargs)
  File "/app/asu_discord/cogs/analytics.py", line 652, in on_member_update
    before_timeout = before.timed_out_until
                     ^^^^^^^^^^^^^^^^^^^^^^
AttributeError: 'Member' object has no attribute 'timed_out_until'
Ignoring exception in on_member_update
Traceback (most recent call last):
  File "/usr/local/lib/python3.12/site-packages/discord/client.py", line 465, in _run_event
    await coro(*args, **kwargs)
  File "/app/asu_discord/cogs/analytics.py", line 652, in on_member_update
    before_timeout = before.timed_out_until
                     ^^^^^^^^^^^^^^^^^^^^^^
AttributeError: 'Member' object has no attribute 'timed_out_until'
Ignoring exception in on_member_update
Traceback (most recent call last):
  File "/usr/local/lib/python3.12/site-packages/discord/client.py", line 465, in _run_event
    await coro(*args, **kwargs)
  File "/app/asu_discord/cogs/analytics.py", line 652, in on_member_update
    before_timeout = before.timed_out_until
                     ^^^^^^^^^^^^^^^^^^^^^^
AttributeError: 'Member' object has no attribute 'timed_out_until'
Ignoring exception in on_member_update
Traceback (most recent call last):
  File "/usr/local/lib/python3.12/site-packages/discord/client.py", line 465, in _run_event
    await coro(*args, **kwargs)
  File "/app/asu_discord/cogs/analytics.py", line 652, in on_member_update
    before_timeout = before.timed_out_until
                     ^^^^^^^^^^^^^^^^^^^^^^
AttributeError: 'Member' object has no attribute 'timed_out_until'
Ignoring exception in on_member_update
Traceback (most recent call last):
  File "/usr/local/lib/python3.12/site-packages/discord/client.py", line 465, in _run_event
    await coro(*args, **kwargs)
  File "/app/asu_discord/cogs/analytics.py", line 652, in on_member_update
    before_timeout = before.timed_out_until
                     ^^^^^^^^^^^^^^^^^^^^^^
AttributeError: 'Member' object has no attribute 'timed_out_until'
Ignoring exception in on_member_update
Traceback (most recent call last):
  File "/usr/local/lib/python3.12/site-packages/discord/client.py", line 465, in _run_event
    await coro(*args, **kwargs)
  File "/app/asu_discord/cogs/analytics.py", line 652, in on_member_update
    before_timeout = before.timed_out_until
                     ^^^^^^^^^^^^^^^^^^^^^^
AttributeError: 'Member' object has no attribute 'timed_out_until'
INFO:asu_discord.cogs.verification:Saved 5 roles to database for user jdbraver (Discord ID: 1487103083312971958)
INFO:asu_discord.cogs.verification:Refreshed Salesforce roles for Discord user 1487103083312971958: -5/+5 roles, assigned=[Commited, First Year, Out of State, Tempe, W.P. Carey School of Business]
Ignoring exception in on_member_update
Traceback (most recent call last):
  File "/usr/local/lib/python3.12/site-packages/discord/client.py", line 465, in _run_event
    await coro(*args, **kwargs)
  File "/app/asu_discord/cogs/analytics.py", line 652, in on_member_update
    before_timeout = before.timed_out_until
                     ^^^^^^^^^^^^^^^^^^^^^^
AttributeError: 'Member' object has no attribute 'timed_out_until'
Ignoring exception in on_member_update
Traceback (most recent call last):
  File "/usr/local/lib/python3.12/site-packages/discord/client.py", line 465, in _run_event
    await coro(*args, **kwargs)
  File "/app/asu_discord/cogs/analytics.py", line 652, in on_member_update
    before_timeout = before.timed_out_until
                     ^^^^^^^^^^^^^^^^^^^^^^
AttributeError: 'Member' object has no attribute 'timed_out_until'
Ignoring exception in on_member_update
Traceback (most recent call last):
  File "/usr/local/lib/python3.12/site-packages/discord/client.py", line 465, in _run_event
    await coro(*args, **kwargs)
  File "/app/asu_discord/cogs/analytics.py", line 652, in on_member_update
    before_timeout = before.timed_out_until
                     ^^^^^^^^^^^^^^^^^^^^^^
AttributeError: 'Member' object has no attribute 'timed_out_until'
Ignoring exception in on_member_update
Traceback (most recent call last):
  File "/usr/local/lib/python3.12/site-packages/discord/client.py", line 465, in _run_event
    await coro(*args, **kwargs)
  File "/app/asu_discord/cogs/analytics.py", line 652, in on_member_update
    before_timeout = before.timed_out_until
                     ^^^^^^^^^^^^^^^^^^^^^^
AttributeError: 'Member' object has no attribute 'timed_out_until'
Ignoring exception in on_member_update
Traceback (most recent call last):
  File "/usr/local/lib/python3.12/site-packages/discord/client.py", line 465, in _run_event
    await coro(*args, **kwargs)
  File "/app/asu_discord/cogs/analytics.py", line 652, in on_member_update
    before_timeout = before.timed_out_until
                     ^^^^^^^^^^^^^^^^^^^^^^
AttributeError: 'Member' object has no attribute 'timed_out_until'
Ignoring exception in on_member_update
Traceback (most recent call last):
  File "/usr/local/lib/python3.12/site-packages/discord/client.py", line 465, in _run_event
    await coro(*args, **kwargs)
  File "/app/asu_discord/cogs/analytics.py", line 652, in on_member_update
    before_timeout = before.timed_out_until
                     ^^^^^^^^^^^^^^^^^^^^^^
AttributeError: 'Member' object has no attribute 'timed_out_until'
Ignoring exception in on_member_update
Traceback (most recent call last):
  File "/usr/local/lib/python3.12/site-packages/discord/client.py", line 465, in _run_event
    await coro(*args, **kwargs)
  File "/app/asu_discord/cogs/analytics.py", line 652, in on_member_update
    before_timeout = before.timed_out_until
                     ^^^^^^^^^^^^^^^^^^^^^^
AttributeError: 'Member' object has no attribute 'timed_out_until'
Ignoring exception in on_member_update
Traceback (most recent call last):
  File "/usr/local/lib/python3.12/site-packages/discord/client.py", line 465, in _run_event
    await coro(*args, **kwargs)
  File "/app/asu_discord/cogs/analytics.py", line 652, in on_member_update
    before_timeout = before.timed_out_until
                     ^^^^^^^^^^^^^^^^^^^^^^
AttributeError: 'Member' object has no attribute 'timed_out_until'
Ignoring exception in on_member_update
Traceback (most recent call last):
  File "/usr/local/lib/python3.12/site-packages/discord/client.py", line 465, in _run_event
    await coro(*args, **kwargs)
  File "/app/asu_discord/cogs/analytics.py", line 652, in on_member_update
    before_timeout = before.timed_out_until
                     ^^^^^^^^^^^^^^^^^^^^^^
AttributeError: 'Member' object has no attribute 'timed_out_until'
Ignoring exception in on_member_update
Traceback (most recent call last):
  File "/usr/local/lib/python3.12/site-packages/discord/client.py", line 465, in _run_event
    await coro(*args, **kwargs)
  File "/app/asu_discord/cogs/analytics.py", line 652, in on_member_update
    before_timeout = before.timed_out_until
                     ^^^^^^^^^^^^^^^^^^^^^^
AttributeError: 'Member' object has no attribute 'timed_out_until'
INFO:asu_discord.cogs.verification:Saved 5 roles to database for user haalfar2 (Discord ID: 874203483182596096)
INFO:asu_discord.cogs.verification:Refreshed Salesforce roles for Discord user 874203483182596096: -5/+5 roles, assigned=[First Generation Student, First Year, International Student, Ira A. Fulton Schools of Engineering, Tempe]
Ignoring exception in on_member_update
Traceback (most recent call last):
  File "/usr/local/lib/python3.12/site-packages/discord/client.py", line 465, in _run_event
    await coro(*args, **kwargs)
  File "/app/asu_discord/cogs/analytics.py", line 652, in on_member_update
    before_timeout = before.timed_out_until
                     ^^^^^^^^^^^^^^^^^^^^^^
AttributeError: 'Member' object has no attribute 'timed_out_until'
Ignoring exception in on_member_update
Traceback (most recent call last):
  File "/usr/local/lib/python3.12/site-packages/discord/client.py", line 465, in _run_event
    await coro(*args, **kwargs)
  File "/app/asu_discord/cogs/analytics.py", line 652, in on_member_update
    before_timeout = before.timed_out_until
                     ^^^^^^^^^^^^^^^^^^^^^^
AttributeError: 'Member' object has no attribute 'timed_out_until'
Ignoring exception in on_member_update
Traceback (most recent call last):
  File "/usr/local/lib/python3.12/site-packages/discord/client.py", line 465, in _run_event
    await coro(*args, **kwargs)
  File "/app/asu_discord/cogs/analytics.py", line 652, in on_member_update
    before_timeout = before.timed_out_until
                     ^^^^^^^^^^^^^^^^^^^^^^
AttributeError: 'Member' object has no attribute 'timed_out_until'
Ignoring exception in on_member_update
Traceback (most recent call last):
  File "/usr/local/lib/python3.12/site-packages/discord/client.py", line 465, in _run_event
    await coro(*args, **kwargs)
  File "/app/asu_discord/cogs/analytics.py", line 652, in on_member_update
    before_timeout = before.timed_out_until
                     ^^^^^^^^^^^^^^^^^^^^^^
AttributeError: 'Member' object has no attribute 'timed_out_until'
Ignoring exception in on_member_update
Traceback (most recent call last):
  File "/usr/local/lib/python3.12/site-packages/discord/client.py", line 465, in _run_event
    await coro(*args, **kwargs)
  File "/app/asu_discord/cogs/analytics.py", line 652, in on_member_update
    before_timeout = before.timed_out_until
                     ^^^^^^^^^^^^^^^^^^^^^^
AttributeError: 'Member' object has no attribute 'timed_out_until'
Ignoring exception in on_member_update
Traceback (most recent call last):
  File "/usr/local/lib/python3.12/site-packages/discord/client.py", line 465, in _run_event
    await coro(*args, **kwargs)
  File "/app/asu_discord/cogs/analytics.py", line 652, in on_member_update
    before_timeout = before.timed_out_until
                     ^^^^^^^^^^^^^^^^^^^^^^
AttributeError: 'Member' object has no attribute 'timed_out_until'
Ignoring exception in on_member_update
Traceback (most recent call last):
  File "/usr/local/lib/python3.12/site-packages/discord/client.py", line 465, in _run_event
    await coro(*args, **kwargs)
  File "/app/asu_discord/cogs/analytics.py", line 652, in on_member_update
    before_timeout = before.timed_out_until
                     ^^^^^^^^^^^^^^^^^^^^^^
AttributeError: 'Member' object has no attribute 'timed_out_until'
Ignoring exception in on_member_update
Traceback (most recent call last):
  File "/usr/local/lib/python3.12/site-packages/discord/client.py", line 465, in _run_event
    await coro(*args, **kwargs)
  File "/app/asu_discord/cogs/analytics.py", line 652, in on_member_update
    before_timeout = before.timed_out_until
                     ^^^^^^^^^^^^^^^^^^^^^^
AttributeError: 'Member' object has no attribute 'timed_out_until'
Ignoring exception in on_member_update
Traceback (most recent call last):
  File "/usr/local/lib/python3.12/site-packages/discord/client.py", line 465, in _run_event
    await coro(*args, **kwargs)
  File "/app/asu_discord/cogs/analytics.py", line 652, in on_member_update
    before_timeout = before.timed_out_until
                     ^^^^^^^^^^^^^^^^^^^^^^
AttributeError: 'Member' object has no attribute 'timed_out_until'
Ignoring exception in on_member_update
Traceback (most recent call last):
  File "/usr/local/lib/python3.12/site-packages/discord/client.py", line 465, in _run_event
    await coro(*args, **kwargs)
  File "/app/asu_discord/cogs/analytics.py", line 652, in on_member_update
    before_timeout = before.timed_out_until
                     ^^^^^^^^^^^^^^^^^^^^^^
AttributeError: 'Member' object has no attribute 'timed_out_until'
INFO:asu_discord.cogs.verification:Saved 5 roles to database for user pkstewar (Discord ID: 730273413809045534)
INFO:asu_discord.cogs.verification:Refreshed Salesforce roles for Discord user 730273413809045534: -5/+5 roles, assigned=[Arizona Resident, College of Health Solutions, Commited, Tempe, Transfer Student]
Ignoring exception in on_member_update
Traceback (most recent call last):
  File "/usr/local/lib/python3.12/site-packages/discord/client.py", line 465, in _run_event
    await coro(*args, **kwargs)
  File "/app/asu_discord/cogs/analytics.py", line 652, in on_member_update
    before_timeout = before.timed_out_until
                     ^^^^^^^^^^^^^^^^^^^^^^
AttributeError: 'Member' object has no attribute 'timed_out_until'
Ignoring exception in on_member_update
Traceback (most recent call last):
  File "/usr/local/lib/python3.12/site-packages/discord/client.py", line 465, in _run_event
    await coro(*args, **kwargs)
  File "/app/asu_discord/cogs/analytics.py", line 652, in on_member_update
    before_timeout = before.timed_out_until
                     ^^^^^^^^^^^^^^^^^^^^^^
AttributeError: 'Member' object has no attribute 'timed_out_until'
Ignoring exception in on_member_update
Traceback (most recent call last):
  File "/usr/local/lib/python3.12/site-packages/discord/client.py", line 465, in _run_event
    await coro(*args, **kwargs)
  File "/app/asu_discord/cogs/analytics.py", line 652, in on_member_update
    before_timeout = before.timed_out_until
                     ^^^^^^^^^^^^^^^^^^^^^^
AttributeError: 'Member' object has no attribute 'timed_out_until'
Ignoring exception in on_member_update
Traceback (most recent call last):
  File "/usr/local/lib/python3.12/site-packages/discord/client.py", line 465, in _run_event
    await coro(*args, **kwargs)
  File "/app/asu_discord/cogs/analytics.py", line 652, in on_member_update
    before_timeout = before.timed_out_until
                     ^^^^^^^^^^^^^^^^^^^^^^
AttributeError: 'Member' object has no attribute 'timed_out_until'
Ignoring exception in on_member_update
Traceback (most recent call last):
  File "/usr/local/lib/python3.12/site-packages/discord/client.py", line 465, in _run_event
    await coro(*args, **kwargs)
  File "/app/asu_discord/cogs/analytics.py", line 652, in on_member_update
    before_timeout = before.timed_out_until
                     ^^^^^^^^^^^^^^^^^^^^^^
AttributeError: 'Member' object has no attribute 'timed_out_until'
Ignoring exception in on_member_update
Traceback (most recent call last):
  File "/usr/local/lib/python3.12/site-packages/discord/client.py", line 465, in _run_event
    await coro(*args, **kwargs)
  File "/app/asu_discord/cogs/analytics.py", line 652, in on_member_update
    before_timeout = before.timed_out_until
                     ^^^^^^^^^^^^^^^^^^^^^^
AttributeError: 'Member' object has no attribute 'timed_out_until'
Ignoring exception in on_member_update
Traceback (most recent call last):
  File "/usr/local/lib/python3.12/site-packages/discord/client.py", line 465, in _run_event
    await coro(*args, **kwargs)
  File "/app/asu_discord/cogs/analytics.py", line 652, in on_member_update
    before_timeout = before.timed_out_until
                     ^^^^^^^^^^^^^^^^^^^^^^
AttributeError: 'Member' object has no attribute 'timed_out_until'
Ignoring exception in on_member_update
Traceback (most recent call last):
  File "/usr/local/lib/python3.12/site-packages/discord/client.py", line 465, in _run_event
    await coro(*args, **kwargs)
  File "/app/asu_discord/cogs/analytics.py", line 652, in on_member_update
    before_timeout = before.timed_out_until
                     ^^^^^^^^^^^^^^^^^^^^^^
AttributeError: 'Member' object has no attribute 'timed_out_until'
Ignoring exception in on_member_update
Traceback (most recent call last):
  File "/usr/local/lib/python3.12/site-packages/discord/client.py", line 465, in _run_event
    await coro(*args, **kwargs)
  File "/app/asu_discord/cogs/analytics.py", line 652, in on_member_update
    before_timeout = before.timed_out_until
                     ^^^^^^^^^^^^^^^^^^^^^^
AttributeError: 'Member' object has no attribute 'timed_out_until'
Ignoring exception in on_member_update
Traceback (most recent call last):
  File "/usr/local/lib/python3.12/site-packages/discord/client.py", line 465, in _run_event
    await coro(*args, **kwargs)
  File "/app/asu_discord/cogs/analytics.py", line 652, in on_member_update
    before_timeout = before.timed_out_until
                     ^^^^^^^^^^^^^^^^^^^^^^
AttributeError: 'Member' object has no attribute 'timed_out_until'
Ignoring exception in on_member_update
Traceback (most recent call last):
  File "/usr/local/lib/python3.12/site-packages/discord/client.py", line 465, in _run_event
    await coro(*args, **kwargs)
  File "/app/asu_discord/cogs/analytics.py", line 652, in on_member_update
    before_timeout = before.timed_out_until
                     ^^^^^^^^^^^^^^^^^^^^^^
AttributeError: 'Member' object has no attribute 'timed_out_until'
INFO:asu_discord.cogs.verification:Saved 5 roles to database for user jaguir63 (Discord ID: 1487146171381055488)
INFO:asu_discord.cogs.verification:Refreshed Salesforce roles for Discord user 1487146171381055488: -5/+5 roles, assigned=[Arizona Resident, First Generation Student, First Year, New College of Interdisciplinary Arts and Sciences, West Valley]
ERROR:cron.jobs:refresh_salesforce_roles: failed for pthepcha (Discord ID 677000318709661709): Failed to refresh Salesforce-based roles: Discord user 677000318709661709 is not a member of the guild
Ignoring exception in on_member_update
Traceback (most recent call last):
  File "/usr/local/lib/python3.12/site-packages/discord/client.py", line 465, in _run_event
    await coro(*args, **kwargs)
  File "/app/asu_discord/cogs/analytics.py", line 652, in on_member_update
    before_timeout = before.timed_out_until
                     ^^^^^^^^^^^^^^^^^^^^^^
AttributeError: 'Member' object has no attribute 'timed_out_until'
Ignoring exception in on_member_update
Traceback (most recent call last):
  File "/usr/local/lib/python3.12/site-packages/discord/client.py", line 465, in _run_event
    await coro(*args, **kwargs)
  File "/app/asu_discord/cogs/analytics.py", line 652, in on_member_update
    before_timeout = before.timed_out_until
                     ^^^^^^^^^^^^^^^^^^^^^^
AttributeError: 'Member' object has no attribute 'timed_out_until'
Ignoring exception in on_member_update
Traceback (most recent call last):
  File "/usr/local/lib/python3.12/site-packages/discord/client.py", line 465, in _run_event
    await coro(*args, **kwargs)
  File "/app/asu_discord/cogs/analytics.py", line 652, in on_member_update
    before_timeout = before.timed_out_until
                     ^^^^^^^^^^^^^^^^^^^^^^
AttributeError: 'Member' object has no attribute 'timed_out_until'
Ignoring exception in on_member_update
Traceback (most recent call last):
  File "/usr/local/lib/python3.12/site-packages/discord/client.py", line 465, in _run_event
    await coro(*args, **kwargs)
  File "/app/asu_discord/cogs/analytics.py", line 652, in on_member_update
    before_timeout = before.timed_out_until
                     ^^^^^^^^^^^^^^^^^^^^^^
AttributeError: 'Member' object has no attribute 'timed_out_until'
Ignoring exception in on_member_update
Traceback (most recent call last):
  File "/usr/local/lib/python3.12/site-packages/discord/client.py", line 465, in _run_event
    await coro(*args, **kwargs)
  File "/app/asu_discord/cogs/analytics.py", line 652, in on_member_update
    before_timeout = before.timed_out_until
                     ^^^^^^^^^^^^^^^^^^^^^^
AttributeError: 'Member' object has no attribute 'timed_out_until'
Ignoring exception in on_member_update
Traceback (most recent call last):
  File "/usr/local/lib/python3.12/site-packages/discord/client.py", line 465, in _run_event
    await coro(*args, **kwargs)
  File "/app/asu_discord/cogs/analytics.py", line 652, in on_member_update
    before_timeout = before.timed_out_until
                     ^^^^^^^^^^^^^^^^^^^^^^
AttributeError: 'Member' object has no attribute 'timed_out_until'
Ignoring exception in on_member_update
Traceback (most recent call last):
  File "/usr/local/lib/python3.12/site-packages/discord/client.py", line 465, in _run_event
    await coro(*args, **kwargs)
  File "/app/asu_discord/cogs/analytics.py", line 652, in on_member_update
    before_timeout = before.timed_out_until
                     ^^^^^^^^^^^^^^^^^^^^^^
AttributeError: 'Member' object has no attribute 'timed_out_until'
Ignoring exception in on_member_update
Traceback (most recent call last):
  File "/usr/local/lib/python3.12/site-packages/discord/client.py", line 465, in _run_event
    await coro(*args, **kwargs)
  File "/app/asu_discord/cogs/analytics.py", line 652, in on_member_update
    before_timeout = before.timed_out_until
                     ^^^^^^^^^^^^^^^^^^^^^^
AttributeError: 'Member' object has no attribute 'timed_out_until'
Ignoring exception in on_member_update
Traceback (most recent call last):
  File "/usr/local/lib/python3.12/site-packages/discord/client.py", line 465, in _run_event
    await coro(*args, **kwargs)
  File "/app/asu_discord/cogs/analytics.py", line 652, in on_member_update
    before_timeout = before.timed_out_until
                     ^^^^^^^^^^^^^^^^^^^^^^
AttributeError: 'Member' object has no attribute 'timed_out_until'
Ignoring exception in on_member_update
Traceback (most recent call last):
  File "/usr/local/lib/python3.12/site-packages/discord/client.py", line 465, in _run_event
    await coro(*args, **kwargs)
  File "/app/asu_discord/cogs/analytics.py", line 652, in on_member_update
    before_timeout = before.timed_out_until
                     ^^^^^^^^^^^^^^^^^^^^^^
AttributeError: 'Member' object has no attribute 'timed_out_until'
INFO:asu_discord.cogs.verification:Saved 5 roles to database for user javile15 (Discord ID: 601189976675450931)
INFO:asu_discord.cogs.verification:Refreshed Salesforce roles for Discord user 601189976675450931: -5/+5 roles, assigned=[Arizona Resident, College of Liberal Arts and Sciences, Commited, First Year, Tempe]
ERROR:cron.jobs:refresh_salesforce_roles: failed for wjlaird (Discord ID 786085091398647808): Failed to refresh Salesforce-based roles: Discord user 786085091398647808 is not a member of the guild
Ignoring exception in on_member_update
Traceback (most recent call last):
  File "/usr/local/lib/python3.12/site-packages/discord/client.py", line 465, in _run_event
    await coro(*args, **kwargs)
  File "/app/asu_discord/cogs/analytics.py", line 652, in on_member_update
    before_timeout = before.timed_out_until
                     ^^^^^^^^^^^^^^^^^^^^^^
AttributeError: 'Member' object has no attribute 'timed_out_until'
Ignoring exception in on_member_update
Traceback (most recent call last):
  File "/usr/local/lib/python3.12/site-packages/discord/client.py", line 465, in _run_event
    await coro(*args, **kwargs)
  File "/app/asu_discord/cogs/analytics.py", line 652, in on_member_update
    before_timeout = before.timed_out_until
                     ^^^^^^^^^^^^^^^^^^^^^^
AttributeError: 'Member' object has no attribute 'timed_out_until'
Ignoring exception in on_member_update
Traceback (most recent call last):
  File "/usr/local/lib/python3.12/site-packages/discord/client.py", line 465, in _run_event
    await coro(*args, **kwargs)
  File "/app/asu_discord/cogs/analytics.py", line 652, in on_member_update
    before_timeout = before.timed_out_until
                     ^^^^^^^^^^^^^^^^^^^^^^
AttributeError: 'Member' object has no attribute 'timed_out_until'
Ignoring exception in on_member_update
Traceback (most recent call last):
  File "/usr/local/lib/python3.12/site-packages/discord/client.py", line 465, in _run_event
    await coro(*args, **kwargs)
  File "/app/asu_discord/cogs/analytics.py", line 652, in on_member_update
    before_timeout = before.timed_out_until
                     ^^^^^^^^^^^^^^^^^^^^^^
AttributeError: 'Member' object has no attribute 'timed_out_until'
Ignoring exception in on_member_update
Traceback (most recent call last):
  File "/usr/local/lib/python3.12/site-packages/discord/client.py", line 465, in _run_event
    await coro(*args, **kwargs)
  File "/app/asu_discord/cogs/analytics.py", line 652, in on_member_update
    before_timeout = before.timed_out_until
                     ^^^^^^^^^^^^^^^^^^^^^^
AttributeError: 'Member' object has no attribute 'timed_out_until'
Ignoring exception in on_member_update
Traceback (most recent call last):
  File "/usr/local/lib/python3.12/site-packages/discord/client.py", line 465, in _run_event
    await coro(*args, **kwargs)
  File "/app/asu_discord/cogs/analytics.py", line 652, in on_member_update
    before_timeout = before.timed_out_until
                     ^^^^^^^^^^^^^^^^^^^^^^
AttributeError: 'Member' object has no attribute 'timed_out_until'
Ignoring exception in on_member_update
Traceback (most recent call last):
  File "/usr/local/lib/python3.12/site-packages/discord/client.py", line 465, in _run_event
    await coro(*args, **kwargs)
  File "/app/asu_discord/cogs/analytics.py", line 652, in on_member_update
    before_timeout = before.timed_out_until
                     ^^^^^^^^^^^^^^^^^^^^^^
AttributeError: 'Member' object has no attribute 'timed_out_until'
Ignoring exception in on_member_update
Traceback (most recent call last):
  File "/usr/local/lib/python3.12/site-packages/discord/client.py", line 465, in _run_event
    await coro(*args, **kwargs)
  File "/app/asu_discord/cogs/analytics.py", line 652, in on_member_update
    before_timeout = before.timed_out_until
                     ^^^^^^^^^^^^^^^^^^^^^^
AttributeError: 'Member' object has no attribute 'timed_out_until'
Ignoring exception in on_member_update
Traceback (most recent call last):
  File "/usr/local/lib/python3.12/site-packages/discord/client.py", line 465, in _run_event
    await coro(*args, **kwargs)
  File "/app/asu_discord/cogs/analytics.py", line 652, in on_member_update
    before_timeout = before.timed_out_until
                     ^^^^^^^^^^^^^^^^^^^^^^
AttributeError: 'Member' object has no attribute 'timed_out_until'
Ignoring exception in on_member_update
Traceback (most recent call last):
  File "/usr/local/lib/python3.12/site-packages/discord/client.py", line 465, in _run_event
    await coro(*args, **kwargs)
  File "/app/asu_discord/cogs/analytics.py", line 652, in on_member_update
    before_timeout = before.timed_out_until
                     ^^^^^^^^^^^^^^^^^^^^^^
AttributeError: 'Member' object has no attribute 'timed_out_until'
ERROR:cron.jobs:refresh_salesforce_roles: failed for tackroyd (Discord ID 998648237152026644): Timed out refresh Salesforce-based roles
Ignoring exception in on_member_update
Traceback (most recent call last):
  File "/usr/local/lib/python3.12/site-packages/discord/client.py", line 465, in _run_event
    await coro(*args, **kwargs)
  File "/app/asu_discord/cogs/analytics.py", line 652, in on_member_update
    before_timeout = before.timed_out_until
                     ^^^^^^^^^^^^^^^^^^^^^^
AttributeError: 'Member' object has no attribute 'timed_out_until'
Ignoring exception in on_member_update
Traceback (most recent call last):
  File "/usr/local/lib/python3.12/site-packages/discord/client.py", line 465, in _run_event
    await coro(*args, **kwargs)
  File "/app/asu_discord/cogs/analytics.py", line 652, in on_member_update
    before_timeout = before.timed_out_until
                     ^^^^^^^^^^^^^^^^^^^^^^
AttributeError: 'Member' object has no attribute 'timed_out_until'
Ignoring exception in on_member_update
Traceback (most recent call last):
  File "/usr/local/lib/python3.12/site-packages/discord/client.py", line 465, in _run_event
    await coro(*args, **kwargs)
  File "/app/asu_discord/cogs/analytics.py", line 652, in on_member_update
    before_timeout = before.timed_out_until
                     ^^^^^^^^^^^^^^^^^^^^^^
AttributeError: 'Member' object has no attribute 'timed_out_until'
Ignoring exception in on_member_update
Traceback (most recent call last):
  File "/usr/local/lib/python3.12/site-packages/discord/client.py", line 465, in _run_event
    await coro(*args, **kwargs)
  File "/app/asu_discord/cogs/analytics.py", line 652, in on_member_update
    before_timeout = before.timed_out_until
                     ^^^^^^^^^^^^^^^^^^^^^^
AttributeError: 'Member' object has no attribute 'timed_out_until'
Ignoring exception in on_member_update
Traceback (most recent call last):
  File "/usr/local/lib/python3.12/site-packages/discord/client.py", line 465, in _run_event
    await coro(*args, **kwargs)
  File "/app/asu_discord/cogs/analytics.py", line 652, in on_member_update
    before_timeout = before.timed_out_until
                     ^^^^^^^^^^^^^^^^^^^^^^
AttributeError: 'Member' object has no attribute 'timed_out_until'
Ignoring exception in on_member_update
Traceback (most recent call last):
  File "/usr/local/lib/python3.12/site-packages/discord/client.py", line 465, in _run_event
    await coro(*args, **kwargs)
  File "/app/asu_discord/cogs/analytics.py", line 652, in on_member_update
    before_timeout = before.timed_out_until
                     ^^^^^^^^^^^^^^^^^^^^^^
AttributeError: 'Member' object has no attribute 'timed_out_until'
Ignoring exception in on_member_update
Traceback (most recent call last):
  File "/usr/local/lib/python3.12/site-packages/discord/client.py", line 465, in _run_event
    await coro(*args, **kwargs)
  File "/app/asu_discord/cogs/analytics.py", line 652, in on_member_update
    before_timeout = before.timed_out_until
                     ^^^^^^^^^^^^^^^^^^^^^^
AttributeError: 'Member' object has no attribute 'timed_out_until'
Ignoring exception in on_member_update
Traceback (most recent call last):
  File "/usr/local/lib/python3.12/site-packages/discord/client.py", line 465, in _run_event
    await coro(*args, **kwargs)
  File "/app/asu_discord/cogs/analytics.py", line 652, in on_member_update
    before_timeout = before.timed_out_until
                     ^^^^^^^^^^^^^^^^^^^^^^
AttributeError: 'Member' object has no attribute 'timed_out_until'
Ignoring exception in on_member_update
Traceback (most recent call last):
  File "/usr/local/lib/python3.12/site-packages/discord/client.py", line 465, in _run_event
    await coro(*args, **kwargs)
  File "/app/asu_discord/cogs/analytics.py", line 652, in on_member_update
    before_timeout = before.timed_out_until
                     ^^^^^^^^^^^^^^^^^^^^^^
AttributeError: 'Member' object has no attribute 'timed_out_until'
INFO:asu_discord.cogs.verification:Saved 5 roles to database for user scarey8 (Discord ID: 855324901124866088)
INFO:asu_discord.cogs.verification:Refreshed Salesforce roles for Discord user 855324901124866088: -4/+5 roles, assigned=[Arizona Resident, First Generation Student, First Year, New College of Interdisciplinary Arts and Sciences, West Valley]
Ignoring exception in on_member_update
Traceback (most recent call last):
  File "/usr/local/lib/python3.12/site-packages/discord/client.py", line 465, in _run_event
    await coro(*args, **kwargs)
  File "/app/asu_discord/cogs/analytics.py", line 652, in on_member_update
    before_timeout = before.timed_out_until
                     ^^^^^^^^^^^^^^^^^^^^^^
AttributeError: 'Member' object has no attribute 'timed_out_until'
Ignoring exception in on_member_update
Traceback (most recent call last):
  File "/usr/local/lib/python3.12/site-packages/discord/client.py", line 465, in _run_event
    await coro(*args, **kwargs)
  File "/app/asu_discord/cogs/analytics.py", line 652, in on_member_update
    before_timeout = before.timed_out_until
                     ^^^^^^^^^^^^^^^^^^^^^^
AttributeError: 'Member' object has no attribute 'timed_out_until'
Ignoring exception in on_member_update
Traceback (most recent call last):
  File "/usr/local/lib/python3.12/site-packages/discord/client.py", line 465, in _run_event
    await coro(*args, **kwargs)
  File "/app/asu_discord/cogs/analytics.py", line 652, in on_member_update
    before_timeout = before.timed_out_until
                     ^^^^^^^^^^^^^^^^^^^^^^
AttributeError: 'Member' object has no attribute 'timed_out_until'
Ignoring exception in on_member_update
Traceback (most recent call last):
  File "/usr/local/lib/python3.12/site-packages/discord/client.py", line 465, in _run_event
    await coro(*args, **kwargs)
  File "/app/asu_discord/cogs/analytics.py", line 652, in on_member_update
    before_timeout = before.timed_out_until
                     ^^^^^^^^^^^^^^^^^^^^^^
AttributeError: 'Member' object has no attribute 'timed_out_until'
Ignoring exception in on_member_update
Traceback (most recent call last):
  File "/usr/local/lib/python3.12/site-packages/discord/client.py", line 465, in _run_event
    await coro(*args, **kwargs)
  File "/app/asu_discord/cogs/analytics.py", line 652, in on_member_update
    before_timeout = before.timed_out_until
                     ^^^^^^^^^^^^^^^^^^^^^^
AttributeError: 'Member' object has no attribute 'timed_out_until'
Ignoring exception in on_member_update
Traceback (most recent call last):
  File "/usr/local/lib/python3.12/site-packages/discord/client.py", line 465, in _run_event
    await coro(*args, **kwargs)
  File "/app/asu_discord/cogs/analytics.py", line 652, in on_member_update
    before_timeout = before.timed_out_until
                     ^^^^^^^^^^^^^^^^^^^^^^
AttributeError: 'Member' object has no attribute 'timed_out_until'
Ignoring exception in on_member_update
Traceback (most recent call last):
  File "/usr/local/lib/python3.12/site-packages/discord/client.py", line 465, in _run_event
    await coro(*args, **kwargs)
  File "/app/asu_discord/cogs/analytics.py", line 652, in on_member_update
    before_timeout = before.timed_out_until
                     ^^^^^^^^^^^^^^^^^^^^^^
AttributeError: 'Member' object has no attribute 'timed_out_until'
Ignoring exception in on_member_update
Traceback (most recent call last):
  File "/usr/local/lib/python3.12/site-packages/discord/client.py", line 465, in _run_event
    await coro(*args, **kwargs)
  File "/app/asu_discord/cogs/analytics.py", line 652, in on_member_update
    before_timeout = before.timed_out_until
                     ^^^^^^^^^^^^^^^^^^^^^^
AttributeError: 'Member' object has no attribute 'timed_out_until'
Ignoring exception in on_member_update
Traceback (most recent call last):
  File "/usr/local/lib/python3.12/site-packages/discord/client.py", line 465, in _run_event
    await coro(*args, **kwargs)
  File "/app/asu_discord/cogs/analytics.py", line 652, in on_member_update
    before_timeout = before.timed_out_until
                     ^^^^^^^^^^^^^^^^^^^^^^
AttributeError: 'Member' object has no attribute 'timed_out_until'
Ignoring exception in on_member_update
Traceback (most recent call last):
  File "/usr/local/lib/python3.12/site-packages/discord/client.py", line 465, in _run_event
    await coro(*args, **kwargs)
  File "/app/asu_discord/cogs/analytics.py", line 652, in on_member_update
    before_timeout = before.timed_out_until
                     ^^^^^^^^^^^^^^^^^^^^^^
AttributeError: 'Member' object has no attribute 'timed_out_until'
Ignoring exception in on_member_update
Traceback (most recent call last):
  File "/usr/local/lib/python3.12/site-packages/discord/client.py", line 465, in _run_event
    await coro(*args, **kwargs)
  File "/app/asu_discord/cogs/analytics.py", line 652, in on_member_update
    before_timeout = before.timed_out_until
                     ^^^^^^^^^^^^^^^^^^^^^^
AttributeError: 'Member' object has no attribute 'timed_out_until'
INFO:asu_discord.cogs.verification:Saved 5 roles to database for user lcbaker (Discord ID: 928070882130268221)
INFO:asu_discord.cogs.verification:Refreshed Salesforce roles for Discord user 928070882130268221: -5/+5 roles, assigned=[Arizona Resident, Commited, Ira A. Fulton Schools of Engineering, Tempe, Transfer Student]
Ignoring exception in on_member_update
Traceback (most recent call last):
  File "/usr/local/lib/python3.12/site-packages/discord/client.py", line 465, in _run_event
    await coro(*args, **kwargs)
  File "/app/asu_discord/cogs/analytics.py", line 652, in on_member_update
    before_timeout = before.timed_out_until
                     ^^^^^^^^^^^^^^^^^^^^^^
AttributeError: 'Member' object has no attribute 'timed_out_until'
Ignoring exception in on_member_update
Traceback (most recent call last):
  File "/usr/local/lib/python3.12/site-packages/discord/client.py", line 465, in _run_event
    await coro(*args, **kwargs)
  File "/app/asu_discord/cogs/analytics.py", line 652, in on_member_update
    before_timeout = before.timed_out_until
                     ^^^^^^^^^^^^^^^^^^^^^^
AttributeError: 'Member' object has no attribute 'timed_out_until'
Ignoring exception in on_member_update
Traceback (most recent call last):
  File "/usr/local/lib/python3.12/site-packages/discord/client.py", line 465, in _run_event
    await coro(*args, **kwargs)
  File "/app/asu_discord/cogs/analytics.py", line 652, in on_member_update
    before_timeout = before.timed_out_until
                     ^^^^^^^^^^^^^^^^^^^^^^
AttributeError: 'Member' object has no attribute 'timed_out_until'
Ignoring exception in on_member_update
Traceback (most recent call last):
  File "/usr/local/lib/python3.12/site-packages/discord/client.py", line 465, in _run_event
    await coro(*args, **kwargs)
  File "/app/asu_discord/cogs/analytics.py", line 652, in on_member_update
    before_timeout = before.timed_out_until
                     ^^^^^^^^^^^^^^^^^^^^^^
AttributeError: 'Member' object has no attribute 'timed_out_until'
Ignoring exception in on_member_update
Traceback (most recent call last):
  File "/usr/local/lib/python3.12/site-packages/discord/client.py", line 465, in _run_event
    await coro(*args, **kwargs)
  File "/app/asu_discord/cogs/analytics.py", line 652, in on_member_update
    before_timeout = before.timed_out_until
                     ^^^^^^^^^^^^^^^^^^^^^^
AttributeError: 'Member' object has no attribute 'timed_out_until'
Ignoring exception in on_member_update
Traceback (most recent call last):
  File "/usr/local/lib/python3.12/site-packages/discord/client.py", line 465, in _run_event
    await coro(*args, **kwargs)
  File "/app/asu_discord/cogs/analytics.py", line 652, in on_member_update
    before_timeout = before.timed_out_until
                     ^^^^^^^^^^^^^^^^^^^^^^
AttributeError: 'Member' object has no attribute 'timed_out_until'
Ignoring exception in on_member_update
Traceback (most recent call last):
  File "/usr/local/lib/python3.12/site-packages/discord/client.py", line 465, in _run_event
    await coro(*args, **kwargs)
  File "/app/asu_discord/cogs/analytics.py", line 652, in on_member_update
    before_timeout = before.timed_out_until
                     ^^^^^^^^^^^^^^^^^^^^^^
AttributeError: 'Member' object has no attribute 'timed_out_until'
Ignoring exception in on_member_update
Traceback (most recent call last):
  File "/usr/local/lib/python3.12/site-packages/discord/client.py", line 465, in _run_event
    await coro(*args, **kwargs)
  File "/app/asu_discord/cogs/analytics.py", line 652, in on_member_update
    before_timeout = before.timed_out_until
                     ^^^^^^^^^^^^^^^^^^^^^^
AttributeError: 'Member' object has no attribute 'timed_out_until'
Ignoring exception in on_member_update
Traceback (most recent call last):
  File "/usr/local/lib/python3.12/site-packages/discord/client.py", line 465, in _run_event
    await coro(*args, **kwargs)
  File "/app/asu_discord/cogs/analytics.py", line 652, in on_member_update
    before_timeout = before.timed_out_until
                     ^^^^^^^^^^^^^^^^^^^^^^
AttributeError: 'Member' object has no attribute 'timed_out_until'
Ignoring exception in on_member_update
Traceback (most recent call last):
  File "/usr/local/lib/python3.12/site-packages/discord/client.py", line 465, in _run_event
    await coro(*args, **kwargs)
  File "/app/asu_discord/cogs/analytics.py", line 652, in on_member_update
    before_timeout = before.timed_out_until
                     ^^^^^^^^^^^^^^^^^^^^^^
AttributeError: 'Member' object has no attribute 'timed_out_until'
Ignoring exception in on_member_update
Traceback (most recent call last):
  File "/usr/local/lib/python3.12/site-packages/discord/client.py", line 465, in _run_event
    await coro(*args, **kwargs)
  File "/app/asu_discord/cogs/analytics.py", line 652, in on_member_update
    before_timeout = before.timed_out_until
                     ^^^^^^^^^^^^^^^^^^^^^^
AttributeError: 'Member' object has no attribute 'timed_out_until'
INFO:asu_discord.cogs.verification:Saved 6 roles to database for user ofair1 (Discord ID: 426905268253753347)
INFO:asu_discord.cogs.verification:Refreshed Salesforce roles for Discord user 426905268253753347: -5/+6 roles, assigned=[Arizona Resident, Commited, First Generation Student, First Year, Tempe, W.P. Carey School of Business]
Ignoring exception in on_member_update
Traceback (most recent call last):
  File "/usr/local/lib/python3.12/site-packages/discord/client.py", line 465, in _run_event
    await coro(*args, **kwargs)
  File "/app/asu_discord/cogs/analytics.py", line 652, in on_member_update
    before_timeout = before.timed_out_until
                     ^^^^^^^^^^^^^^^^^^^^^^
AttributeError: 'Member' object has no attribute 'timed_out_until'
Ignoring exception in on_member_update
Traceback (most recent call last):
  File "/usr/local/lib/python3.12/site-packages/discord/client.py", line 465, in _run_event
    await coro(*args, **kwargs)
  File "/app/asu_discord/cogs/analytics.py", line 652, in on_member_update
    before_timeout = before.timed_out_until
                     ^^^^^^^^^^^^^^^^^^^^^^
AttributeError: 'Member' object has no attribute 'timed_out_until'
Ignoring exception in on_member_update
Traceback (most recent call last):
  File "/usr/local/lib/python3.12/site-packages/discord/client.py", line 465, in _run_event
    await coro(*args, **kwargs)
  File "/app/asu_discord/cogs/analytics.py", line 652, in on_member_update
    before_timeout = before.timed_out_until
                     ^^^^^^^^^^^^^^^^^^^^^^
AttributeError: 'Member' object has no attribute 'timed_out_until'
Ignoring exception in on_member_update
Traceback (most recent call last):
  File "/usr/local/lib/python3.12/site-packages/discord/client.py", line 465, in _run_event
    await coro(*args, **kwargs)
  File "/app/asu_discord/cogs/analytics.py", line 652, in on_member_update
    before_timeout = before.timed_out_until
                     ^^^^^^^^^^^^^^^^^^^^^^
AttributeError: 'Member' object has no attribute 'timed_out_until'
Ignoring exception in on_member_update
Traceback (most recent call last):
  File "/usr/local/lib/python3.12/site-packages/discord/client.py", line 465, in _run_event
    await coro(*args, **kwargs)
  File "/app/asu_discord/cogs/analytics.py", line 652, in on_member_update
    before_timeout = before.timed_out_until
                     ^^^^^^^^^^^^^^^^^^^^^^
AttributeError: 'Member' object has no attribute 'timed_out_until'
Ignoring exception in on_member_update
Traceback (most recent call last):
  File "/usr/local/lib/python3.12/site-packages/discord/client.py", line 465, in _run_event
    await coro(*args, **kwargs)
  File "/app/asu_discord/cogs/analytics.py", line 652, in on_member_update
    before_timeout = before.timed_out_until
                     ^^^^^^^^^^^^^^^^^^^^^^
AttributeError: 'Member' object has no attribute 'timed_out_until'
INFO:asu_discord.cogs.verification:Saved 3 roles to database for user aaalakel (Discord ID: 1138593747232374895)
INFO:asu_discord.cogs.verification:Refreshed Salesforce roles for Discord user 1138593747232374895: -3/+3 roles, assigned=[College of Liberal Arts and Sciences, First Year, Online]
ERROR:cron.jobs:refresh_salesforce_roles: failed for aengelst (Discord ID 875520904787005440): Failed to refresh Salesforce-based roles: Discord user 875520904787005440 is not a member of the guild
Ignoring exception in on_member_update
Traceback (most recent call last):
  File "/usr/local/lib/python3.12/site-packages/discord/client.py", line 465, in _run_event
    await coro(*args, **kwargs)
  File "/app/asu_discord/cogs/analytics.py", line 652, in on_member_update
    before_timeout = before.timed_out_until
                     ^^^^^^^^^^^^^^^^^^^^^^
AttributeError: 'Member' object has no attribute 'timed_out_until'
Ignoring exception in on_member_update
Traceback (most recent call last):
  File "/usr/local/lib/python3.12/site-packages/discord/client.py", line 465, in _run_event
    await coro(*args, **kwargs)
  File "/app/asu_discord/cogs/analytics.py", line 652, in on_member_update
    before_timeout = before.timed_out_until
                     ^^^^^^^^^^^^^^^^^^^^^^
AttributeError: 'Member' object has no attribute 'timed_out_until'
Ignoring exception in on_member_update
Traceback (most recent call last):
  File "/usr/local/lib/python3.12/site-packages/discord/client.py", line 465, in _run_event
    await coro(*args, **kwargs)
  File "/app/asu_discord/cogs/analytics.py", line 652, in on_member_update
    before_timeout = before.timed_out_until
                     ^^^^^^^^^^^^^^^^^^^^^^
AttributeError: 'Member' object has no attribute 'timed_out_until'
Ignoring exception in on_member_update
Traceback (most recent call last):
  File "/usr/local/lib/python3.12/site-packages/discord/client.py", line 465, in _run_event
    await coro(*args, **kwargs)
  File "/app/asu_discord/cogs/analytics.py", line 652, in on_member_update
    before_timeout = before.timed_out_until
                     ^^^^^^^^^^^^^^^^^^^^^^
AttributeError: 'Member' object has no attribute 'timed_out_until'
Ignoring exception in on_member_update
Traceback (most recent call last):
  File "/usr/local/lib/python3.12/site-packages/discord/client.py", line 465, in _run_event
    await coro(*args, **kwargs)
  File "/app/asu_discord/cogs/analytics.py", line 652, in on_member_update
    before_timeout = before.timed_out_until
                     ^^^^^^^^^^^^^^^^^^^^^^
AttributeError: 'Member' object has no attribute 'timed_out_until'
Ignoring exception in on_member_update
Traceback (most recent call last):
  File "/usr/local/lib/python3.12/site-packages/discord/client.py", line 465, in _run_event
    await coro(*args, **kwargs)
  File "/app/asu_discord/cogs/analytics.py", line 652, in on_member_update
    before_timeout = before.timed_out_until
                     ^^^^^^^^^^^^^^^^^^^^^^
AttributeError: 'Member' object has no attribute 'timed_out_until'
Ignoring exception in on_member_update
Traceback (most recent call last):
  File "/usr/local/lib/python3.12/site-packages/discord/client.py", line 465, in _run_event
    await coro(*args, **kwargs)
  File "/app/asu_discord/cogs/analytics.py", line 652, in on_member_update
    before_timeout = before.timed_out_until
                     ^^^^^^^^^^^^^^^^^^^^^^
AttributeError: 'Member' object has no attribute 'timed_out_until'
Ignoring exception in on_member_update
Traceback (most recent call last):
  File "/usr/local/lib/python3.12/site-packages/discord/client.py", line 465, in _run_event
    await coro(*args, **kwargs)
  File "/app/asu_discord/cogs/analytics.py", line 652, in on_member_update
    before_timeout = before.timed_out_until
                     ^^^^^^^^^^^^^^^^^^^^^^
AttributeError: 'Member' object has no attribute 'timed_out_until'
Ignoring exception in on_member_update
Traceback (most recent call last):
  File "/usr/local/lib/python3.12/site-packages/discord/client.py", line 465, in _run_event
    await coro(*args, **kwargs)
  File "/app/asu_discord/cogs/analytics.py", line 652, in on_member_update
    before_timeout = before.timed_out_until
                     ^^^^^^^^^^^^^^^^^^^^^^
AttributeError: 'Member' object has no attribute 'timed_out_until'
Ignoring exception in on_member_update
Traceback (most recent call last):
  File "/usr/local/lib/python3.12/site-packages/discord/client.py", line 465, in _run_event
    await coro(*args, **kwargs)
  File "/app/asu_discord/cogs/analytics.py", line 652, in on_member_update
    before_timeout = before.timed_out_until
                     ^^^^^^^^^^^^^^^^^^^^^^
AttributeError: 'Member' object has no attribute 'timed_out_until'
INFO:asu_discord.cogs.verification:Saved 5 roles to database for user lmvigil (Discord ID: 716872753399201802)
INFO:asu_discord.cogs.verification:Refreshed Salesforce roles for Discord user 716872753399201802: -5/+5 roles, assigned=[Commited, Downtown Phoenix, First Year, New College of Interdisciplinary Arts and Sciences, Out of State]
Ignoring exception in on_member_update
Traceback (most recent call last):
  File "/usr/local/lib/python3.12/site-packages/discord/client.py", line 465, in _run_event
    await coro(*args, **kwargs)
  File "/app/asu_discord/cogs/analytics.py", line 652, in on_member_update
    before_timeout = before.timed_out_until
                     ^^^^^^^^^^^^^^^^^^^^^^
AttributeError: 'Member' object has no attribute 'timed_out_until'
Ignoring exception in on_member_update
Traceback (most recent call last):
  File "/usr/local/lib/python3.12/site-packages/discord/client.py", line 465, in _run_event
    await coro(*args, **kwargs)
  File "/app/asu_discord/cogs/analytics.py", line 652, in on_member_update
    before_timeout = before.timed_out_until
                     ^^^^^^^^^^^^^^^^^^^^^^
AttributeError: 'Member' object has no attribute 'timed_out_until'
Ignoring exception in on_member_update
Traceback (most recent call last):
  File "/usr/local/lib/python3.12/site-packages/discord/client.py", line 465, in _run_event
    await coro(*args, **kwargs)
  File "/app/asu_discord/cogs/analytics.py", line 652, in on_member_update
    before_timeout = before.timed_out_until
                     ^^^^^^^^^^^^^^^^^^^^^^
AttributeError: 'Member' object has no attribute 'timed_out_until'
Ignoring exception in on_member_update
Traceback (most recent call last):
  File "/usr/local/lib/python3.12/site-packages/discord/client.py", line 465, in _run_event
    await coro(*args, **kwargs)
  File "/app/asu_discord/cogs/analytics.py", line 652, in on_member_update
    before_timeout = before.timed_out_until
                     ^^^^^^^^^^^^^^^^^^^^^^
AttributeError: 'Member' object has no attribute 'timed_out_until'
Ignoring exception in on_member_update
Traceback (most recent call last):
  File "/usr/local/lib/python3.12/site-packages/discord/client.py", line 465, in _run_event
    await coro(*args, **kwargs)
  File "/app/asu_discord/cogs/analytics.py", line 652, in on_member_update
    before_timeout = before.timed_out_until
                     ^^^^^^^^^^^^^^^^^^^^^^
AttributeError: 'Member' object has no attribute 'timed_out_until'
Ignoring exception in on_member_update
Traceback (most recent call last):
  File "/usr/local/lib/python3.12/site-packages/discord/client.py", line 465, in _run_event
    await coro(*args, **kwargs)
  File "/app/asu_discord/cogs/analytics.py", line 652, in on_member_update
    before_timeout = before.timed_out_until
                     ^^^^^^^^^^^^^^^^^^^^^^
AttributeError: 'Member' object has no attribute 'timed_out_until'
Ignoring exception in on_member_update
Traceback (most recent call last):
  File "/usr/local/lib/python3.12/site-packages/discord/client.py", line 465, in _run_event
    await coro(*args, **kwargs)
  File "/app/asu_discord/cogs/analytics.py", line 652, in on_member_update
    before_timeout = before.timed_out_until
                     ^^^^^^^^^^^^^^^^^^^^^^
AttributeError: 'Member' object has no attribute 'timed_out_until'
Ignoring exception in on_member_update
Traceback (most recent call last):
  File "/usr/local/lib/python3.12/site-packages/discord/client.py", line 465, in _run_event
    await coro(*args, **kwargs)
  File "/app/asu_discord/cogs/analytics.py", line 652, in on_member_update
    before_timeout = before.timed_out_until
                     ^^^^^^^^^^^^^^^^^^^^^^
AttributeError: 'Member' object has no attribute 'timed_out_until'
Ignoring exception in on_member_update
Traceback (most recent call last):
  File "/usr/local/lib/python3.12/site-packages/discord/client.py", line 465, in _run_event
    await coro(*args, **kwargs)
  File "/app/asu_discord/cogs/analytics.py", line 652, in on_member_update
    before_timeout = before.timed_out_until
                     ^^^^^^^^^^^^^^^^^^^^^^
AttributeError: 'Member' object has no attribute 'timed_out_until'
INFO:asu_discord.cogs.verification:Saved 5 roles to database for user ehand124 (Discord ID: 864325697786871808)
INFO:asu_discord.cogs.verification:Refreshed Salesforce roles for Discord user 864325697786871808: -5/+4 roles, assigned=[Arizona Resident, Commited, First Year, Ira A. Fulton Schools of Engineering, Tempe]
Ignoring exception in on_member_update
Traceback (most recent call last):
  File "/usr/local/lib/python3.12/site-packages/discord/client.py", line 465, in _run_event
    await coro(*args, **kwargs)
  File "/app/asu_discord/cogs/analytics.py", line 652, in on_member_update
    before_timeout = before.timed_out_until
                     ^^^^^^^^^^^^^^^^^^^^^^
AttributeError: 'Member' object has no attribute 'timed_out_until'
Ignoring exception in on_member_update
Traceback (most recent call last):
  File "/usr/local/lib/python3.12/site-packages/discord/client.py", line 465, in _run_event
    await coro(*args, **kwargs)
  File "/app/asu_discord/cogs/analytics.py", line 652, in on_member_update
    before_timeout = before.timed_out_until
                     ^^^^^^^^^^^^^^^^^^^^^^
AttributeError: 'Member' object has no attribute 'timed_out_until'
Ignoring exception in on_member_update
Traceback (most recent call last):
  File "/usr/local/lib/python3.12/site-packages/discord/client.py", line 465, in _run_event
    await coro(*args, **kwargs)
  File "/app/asu_discord/cogs/analytics.py", line 652, in on_member_update
    before_timeout = before.timed_out_until
                     ^^^^^^^^^^^^^^^^^^^^^^
AttributeError: 'Member' object has no attribute 'timed_out_until'
Ignoring exception in on_member_update
Traceback (most recent call last):
  File "/usr/local/lib/python3.12/site-packages/discord/client.py", line 465, in _run_event
    await coro(*args, **kwargs)
  File "/app/asu_discord/cogs/analytics.py", line 652, in on_member_update
    before_timeout = before.timed_out_until
                     ^^^^^^^^^^^^^^^^^^^^^^
AttributeError: 'Member' object has no attribute 'timed_out_until'
Ignoring exception in on_member_update
Traceback (most recent call last):
  File "/usr/local/lib/python3.12/site-packages/discord/client.py", line 465, in _run_event
    await coro(*args, **kwargs)
  File "/app/asu_discord/cogs/analytics.py", line 652, in on_member_update
    before_timeout = before.timed_out_until
                     ^^^^^^^^^^^^^^^^^^^^^^
AttributeError: 'Member' object has no attribute 'timed_out_until'
Ignoring exception in on_member_update
Traceback (most recent call last):
  File "/usr/local/lib/python3.12/site-packages/discord/client.py", line 465, in _run_event
    await coro(*args, **kwargs)
  File "/app/asu_discord/cogs/analytics.py", line 652, in on_member_update
    before_timeout = before.timed_out_until
                     ^^^^^^^^^^^^^^^^^^^^^^
AttributeError: 'Member' object has no attribute 'timed_out_until'
Ignoring exception in on_member_update
Traceback (most recent call last):
  File "/usr/local/lib/python3.12/site-packages/discord/client.py", line 465, in _run_event
    await coro(*args, **kwargs)
  File "/app/asu_discord/cogs/analytics.py", line 652, in on_member_update
    before_timeout = before.timed_out_until
                     ^^^^^^^^^^^^^^^^^^^^^^
AttributeError: 'Member' object has no attribute 'timed_out_until'
Ignoring exception in on_member_update
Traceback (most recent call last):
  File "/usr/local/lib/python3.12/site-packages/discord/client.py", line 465, in _run_event
    await coro(*args, **kwargs)
  File "/app/asu_discord/cogs/analytics.py", line 652, in on_member_update
    before_timeout = before.timed_out_until
                     ^^^^^^^^^^^^^^^^^^^^^^
AttributeError: 'Member' object has no attribute 'timed_out_until'
Ignoring exception in on_member_update
Traceback (most recent call last):
  File "/usr/local/lib/python3.12/site-packages/discord/client.py", line 465, in _run_event
    await coro(*args, **kwargs)
  File "/app/asu_discord/cogs/analytics.py", line 652, in on_member_update
    before_timeout = before.timed_out_until
                     ^^^^^^^^^^^^^^^^^^^^^^
AttributeError: 'Member' object has no attribute 'timed_out_until'
Ignoring exception in on_member_update
Traceback (most recent call last):
  File "/usr/local/lib/python3.12/site-packages/discord/client.py", line 465, in _run_event
    await coro(*args, **kwargs)
  File "/app/asu_discord/cogs/analytics.py", line 652, in on_member_update
    before_timeout = before.timed_out_until
                     ^^^^^^^^^^^^^^^^^^^^^^
AttributeError: 'Member' object has no attribute 'timed_out_until'
INFO:asu_discord.cogs.verification:Saved 5 roles to database for user jlamacch (Discord ID: 1099448540134117439)
INFO:asu_discord.cogs.verification:Refreshed Salesforce roles for Discord user 1099448540134117439: -5/+5 roles, assigned=[College of Liberal Arts and Sciences, Commited, Graduate Student, Out of State, Tempe]
ERROR:cron.jobs:refresh_salesforce_roles: failed for apedro11 (Discord ID 549277657225887756): Failed to refresh Salesforce-based roles: Discord user 549277657225887756 is not a member of the guild
Ignoring exception in on_member_update
Traceback (most recent call last):
  File "/usr/local/lib/python3.12/site-packages/discord/client.py", line 465, in _run_event
    await coro(*args, **kwargs)
  File "/app/asu_discord/cogs/analytics.py", line 652, in on_member_update
    before_timeout = before.timed_out_until
                     ^^^^^^^^^^^^^^^^^^^^^^
AttributeError: 'Member' object has no attribute 'timed_out_until'
Ignoring exception in on_member_update
Traceback (most recent call last):
  File "/usr/local/lib/python3.12/site-packages/discord/client.py", line 465, in _run_event
    await coro(*args, **kwargs)
  File "/app/asu_discord/cogs/analytics.py", line 652, in on_member_update
    before_timeout = before.timed_out_until
                     ^^^^^^^^^^^^^^^^^^^^^^
AttributeError: 'Member' object has no attribute 'timed_out_until'
Ignoring exception in on_member_update
Traceback (most recent call last):
  File "/usr/local/lib/python3.12/site-packages/discord/client.py", line 465, in _run_event
    await coro(*args, **kwargs)
  File "/app/asu_discord/cogs/analytics.py", line 652, in on_member_update
    before_timeout = before.timed_out_until
                     ^^^^^^^^^^^^^^^^^^^^^^
AttributeError: 'Member' object has no attribute 'timed_out_until'
Ignoring exception in on_member_update
Traceback (most recent call last):
  File "/usr/local/lib/python3.12/site-packages/discord/client.py", line 465, in _run_event
    await coro(*args, **kwargs)
  File "/app/asu_discord/cogs/analytics.py", line 652, in on_member_update
    before_timeout = before.timed_out_until
                     ^^^^^^^^^^^^^^^^^^^^^^
AttributeError: 'Member' object has no attribute 'timed_out_until'
Ignoring exception in on_member_update
Traceback (most recent call last):
  File "/usr/local/lib/python3.12/site-packages/discord/client.py", line 465, in _run_event
    await coro(*args, **kwargs)
  File "/app/asu_discord/cogs/analytics.py", line 652, in on_member_update
    before_timeout = before.timed_out_until
                     ^^^^^^^^^^^^^^^^^^^^^^
AttributeError: 'Member' object has no attribute 'timed_out_until'
Ignoring exception in on_member_update
Traceback (most recent call last):
  File "/usr/local/lib/python3.12/site-packages/discord/client.py", line 465, in _run_event
    await coro(*args, **kwargs)
  File "/app/asu_discord/cogs/analytics.py", line 652, in on_member_update
    before_timeout = before.timed_out_until
                     ^^^^^^^^^^^^^^^^^^^^^^
AttributeError: 'Member' object has no attribute 'timed_out_until'
Ignoring exception in on_member_update
Traceback (most recent call last):
  File "/usr/local/lib/python3.12/site-packages/discord/client.py", line 465, in _run_event
    await coro(*args, **kwargs)
  File "/app/asu_discord/cogs/analytics.py", line 652, in on_member_update
    before_timeout = before.timed_out_until
                     ^^^^^^^^^^^^^^^^^^^^^^
AttributeError: 'Member' object has no attribute 'timed_out_until'
Ignoring exception in on_member_update
Traceback (most recent call last):
  File "/usr/local/lib/python3.12/site-packages/discord/client.py", line 465, in _run_event
    await coro(*args, **kwargs)
  File "/app/asu_discord/cogs/analytics.py", line 652, in on_member_update
    before_timeout = before.timed_out_until
                     ^^^^^^^^^^^^^^^^^^^^^^
AttributeError: 'Member' object has no attribute 'timed_out_until'
Ignoring exception in on_member_update
Traceback (most recent call last):
  File "/usr/local/lib/python3.12/site-packages/discord/client.py", line 465, in _run_event
    await coro(*args, **kwargs)
  File "/app/asu_discord/cogs/analytics.py", line 652, in on_member_update
    before_timeout = before.timed_out_until
                     ^^^^^^^^^^^^^^^^^^^^^^
AttributeError: 'Member' object has no attribute 'timed_out_until'
Ignoring exception in on_member_update
Traceback (most recent call last):
  File "/usr/local/lib/python3.12/site-packages/discord/client.py", line 465, in _run_event
    await coro(*args, **kwargs)
  File "/app/asu_discord/cogs/analytics.py", line 652, in on_member_update
    before_timeout = before.timed_out_until
                     ^^^^^^^^^^^^^^^^^^^^^^
AttributeError: 'Member' object has no attribute 'timed_out_until'
INFO:asu_discord.cogs.verification:Saved 5 roles to database for user gkarunan (Discord ID: 1271704758855405579)
INFO:asu_discord.cogs.verification:Refreshed Salesforce roles for Discord user 1271704758855405579: -5/+5 roles, assigned=[Commited, Graduate Student, International Student, Ira A. Fulton Schools of Engineering, Polytechnic]
ERROR:cron.jobs:refresh_salesforce_roles: failed for jamyer15 (Discord ID 864214921620357150): Failed to refresh Salesforce-based roles: Discord user 864214921620357150 is not a member of the guild
Ignoring exception in on_member_update
Traceback (most recent call last):
  File "/usr/local/lib/python3.12/site-packages/discord/client.py", line 465, in _run_event
    await coro(*args, **kwargs)
  File "/app/asu_discord/cogs/analytics.py", line 652, in on_member_update
    before_timeout = before.timed_out_until
                     ^^^^^^^^^^^^^^^^^^^^^^
AttributeError: 'Member' object has no attribute 'timed_out_until'
Ignoring exception in on_member_update
Traceback (most recent call last):
  File "/usr/local/lib/python3.12/site-packages/discord/client.py", line 465, in _run_event
    await coro(*args, **kwargs)
  File "/app/asu_discord/cogs/analytics.py", line 652, in on_member_update
    before_timeout = before.timed_out_until
                     ^^^^^^^^^^^^^^^^^^^^^^
AttributeError: 'Member' object has no attribute 'timed_out_until'
Ignoring exception in on_member_update
Traceback (most recent call last):
  File "/usr/local/lib/python3.12/site-packages/discord/client.py", line 465, in _run_event
    await coro(*args, **kwargs)
  File "/app/asu_discord/cogs/analytics.py", line 652, in on_member_update
    before_timeout = before.timed_out_until
                     ^^^^^^^^^^^^^^^^^^^^^^
AttributeError: 'Member' object has no attribute 'timed_out_until'
Ignoring exception in on_member_update
Traceback (most recent call last):
  File "/usr/local/lib/python3.12/site-packages/discord/client.py", line 465, in _run_event
    await coro(*args, **kwargs)
  File "/app/asu_discord/cogs/analytics.py", line 652, in on_member_update
    before_timeout = before.timed_out_until
                     ^^^^^^^^^^^^^^^^^^^^^^
AttributeError: 'Member' object has no attribute 'timed_out_until'
Ignoring exception in on_member_update
Traceback (most recent call last):
  File "/usr/local/lib/python3.12/site-packages/discord/client.py", line 465, in _run_event
    await coro(*args, **kwargs)
  File "/app/asu_discord/cogs/analytics.py", line 652, in on_member_update
    before_timeout = before.timed_out_until
                     ^^^^^^^^^^^^^^^^^^^^^^
AttributeError: 'Member' object has no attribute 'timed_out_until'
Ignoring exception in on_member_update
Traceback (most recent call last):
  File "/usr/local/lib/python3.12/site-packages/discord/client.py", line 465, in _run_event
    await coro(*args, **kwargs)
  File "/app/asu_discord/cogs/analytics.py", line 652, in on_member_update
    before_timeout = before.timed_out_until
                     ^^^^^^^^^^^^^^^^^^^^^^
AttributeError: 'Member' object has no attribute 'timed_out_until'
Ignoring exception in on_member_update
Traceback (most recent call last):
  File "/usr/local/lib/python3.12/site-packages/discord/client.py", line 465, in _run_event
    await coro(*args, **kwargs)
  File "/app/asu_discord/cogs/analytics.py", line 652, in on_member_update
    before_timeout = before.timed_out_until
                     ^^^^^^^^^^^^^^^^^^^^^^
AttributeError: 'Member' object has no attribute 'timed_out_until'
Ignoring exception in on_member_update
Traceback (most recent call last):
  File "/usr/local/lib/python3.12/site-packages/discord/client.py", line 465, in _run_event
    await coro(*args, **kwargs)
  File "/app/asu_discord/cogs/analytics.py", line 652, in on_member_update
    before_timeout = before.timed_out_until
                     ^^^^^^^^^^^^^^^^^^^^^^
AttributeError: 'Member' object has no attribute 'timed_out_until'
Ignoring exception in on_member_update
Traceback (most recent call last):
  File "/usr/local/lib/python3.12/site-packages/discord/client.py", line 465, in _run_event
    await coro(*args, **kwargs)
  File "/app/asu_discord/cogs/analytics.py", line 652, in on_member_update
    before_timeout = before.timed_out_until
                     ^^^^^^^^^^^^^^^^^^^^^^
AttributeError: 'Member' object has no attribute 'timed_out_until'
Ignoring exception in on_member_update
Traceback (most recent call last):
  File "/usr/local/lib/python3.12/site-packages/discord/client.py", line 465, in _run_event
    await coro(*args, **kwargs)
  File "/app/asu_discord/cogs/analytics.py", line 652, in on_member_update
    before_timeout = before.timed_out_until
                     ^^^^^^^^^^^^^^^^^^^^^^
AttributeError: 'Member' object has no attribute 'timed_out_until'
INFO:asu_discord.cogs.verification:Saved 5 roles to database for user eoroland (Discord ID: 1059306939693150289)
INFO:asu_discord.cogs.verification:Refreshed Salesforce roles for Discord user 1059306939693150289: -5/+5 roles, assigned=[Commited, First Year, International Student, Ira A. Fulton Schools of Engineering, Tempe]
Ignoring exception in on_member_update
Traceback (most recent call last):
  File "/usr/local/lib/python3.12/site-packages/discord/client.py", line 465, in _run_event
    await coro(*args, **kwargs)
  File "/app/asu_discord/cogs/analytics.py", line 652, in on_member_update
    before_timeout = before.timed_out_until
                     ^^^^^^^^^^^^^^^^^^^^^^
AttributeError: 'Member' object has no attribute 'timed_out_until'
Ignoring exception in on_member_update
Traceback (most recent call last):
  File "/usr/local/lib/python3.12/site-packages/discord/client.py", line 465, in _run_event
    await coro(*args, **kwargs)
  File "/app/asu_discord/cogs/analytics.py", line 652, in on_member_update
    before_timeout = before.timed_out_until
                     ^^^^^^^^^^^^^^^^^^^^^^
AttributeError: 'Member' object has no attribute 'timed_out_until'
Ignoring exception in on_member_update
Traceback (most recent call last):
  File "/usr/local/lib/python3.12/site-packages/discord/client.py", line 465, in _run_event
    await coro(*args, **kwargs)
  File "/app/asu_discord/cogs/analytics.py", line 652, in on_member_update
    before_timeout = before.timed_out_until
                     ^^^^^^^^^^^^^^^^^^^^^^
AttributeError: 'Member' object has no attribute 'timed_out_until'
Ignoring exception in on_member_update
Traceback (most recent call last):
  File "/usr/local/lib/python3.12/site-packages/discord/client.py", line 465, in _run_event
    await coro(*args, **kwargs)
  File "/app/asu_discord/cogs/analytics.py", line 652, in on_member_update
    before_timeout = before.timed_out_until
                     ^^^^^^^^^^^^^^^^^^^^^^
AttributeError: 'Member' object has no attribute 'timed_out_until'
Ignoring exception in on_member_update
Traceback (most recent call last):
  File "/usr/local/lib/python3.12/site-packages/discord/client.py", line 465, in _run_event
    await coro(*args, **kwargs)
  File "/app/asu_discord/cogs/analytics.py", line 652, in on_member_update
    before_timeout = before.timed_out_until
                     ^^^^^^^^^^^^^^^^^^^^^^
AttributeError: 'Member' object has no attribute 'timed_out_until'
Ignoring exception in on_member_update
Traceback (most recent call last):
  File "/usr/local/lib/python3.12/site-packages/discord/client.py", line 465, in _run_event
    await coro(*args, **kwargs)
  File "/app/asu_discord/cogs/analytics.py", line 652, in on_member_update
    before_timeout = before.timed_out_until
                     ^^^^^^^^^^^^^^^^^^^^^^
AttributeError: 'Member' object has no attribute 'timed_out_until'
Ignoring exception in on_member_update
Traceback (most recent call last):
  File "/usr/local/lib/python3.12/site-packages/discord/client.py", line 465, in _run_event
    await coro(*args, **kwargs)
  File "/app/asu_discord/cogs/analytics.py", line 652, in on_member_update
    before_timeout = before.timed_out_until
                     ^^^^^^^^^^^^^^^^^^^^^^
AttributeError: 'Member' object has no attribute 'timed_out_until'
Ignoring exception in on_member_update
Traceback (most recent call last):
  File "/usr/local/lib/python3.12/site-packages/discord/client.py", line 465, in _run_event
    await coro(*args, **kwargs)
  File "/app/asu_discord/cogs/analytics.py", line 652, in on_member_update
    before_timeout = before.timed_out_until
                     ^^^^^^^^^^^^^^^^^^^^^^
AttributeError: 'Member' object has no attribute 'timed_out_until'
Ignoring exception in on_member_update
Traceback (most recent call last):
  File "/usr/local/lib/python3.12/site-packages/discord/client.py", line 465, in _run_event
    await coro(*args, **kwargs)
  File "/app/asu_discord/cogs/analytics.py", line 652, in on_member_update
    before_timeout = before.timed_out_until
                     ^^^^^^^^^^^^^^^^^^^^^^
AttributeError: 'Member' object has no attribute 'timed_out_until'
Ignoring exception in on_member_update
Traceback (most recent call last):
  File "/usr/local/lib/python3.12/site-packages/discord/client.py", line 465, in _run_event
    await coro(*args, **kwargs)
  File "/app/asu_discord/cogs/analytics.py", line 652, in on_member_update
    before_timeout = before.timed_out_until
                     ^^^^^^^^^^^^^^^^^^^^^^
AttributeError: 'Member' object has no attribute 'timed_out_until'
INFO:asu_discord.cogs.verification:Saved 5 roles to database for user kdashora (Discord ID: 601326728656453652)
INFO:asu_discord.cogs.verification:Refreshed Salesforce roles for Discord user 601326728656453652: -5/+5 roles, assigned=[Commited, Graduate Student, International Student, Ira A. Fulton Schools of Engineering, Polytechnic]
Ignoring exception in on_member_update
Traceback (most recent call last):
  File "/usr/local/lib/python3.12/site-packages/discord/client.py", line 465, in _run_event
    await coro(*args, **kwargs)
  File "/app/asu_discord/cogs/analytics.py", line 652, in on_member_update
    before_timeout = before.timed_out_until
                     ^^^^^^^^^^^^^^^^^^^^^^
AttributeError: 'Member' object has no attribute 'timed_out_until'
Ignoring exception in on_member_update
Traceback (most recent call last):
  File "/usr/local/lib/python3.12/site-packages/discord/client.py", line 465, in _run_event
    await coro(*args, **kwargs)
  File "/app/asu_discord/cogs/analytics.py", line 652, in on_member_update
    before_timeout = before.timed_out_until
                     ^^^^^^^^^^^^^^^^^^^^^^
AttributeError: 'Member' object has no attribute 'timed_out_until'
Ignoring exception in on_member_update
Traceback (most recent call last):
  File "/usr/local/lib/python3.12/site-packages/discord/client.py", line 465, in _run_event
    await coro(*args, **kwargs)
  File "/app/asu_discord/cogs/analytics.py", line 652, in on_member_update
    before_timeout = before.timed_out_until
                     ^^^^^^^^^^^^^^^^^^^^^^
AttributeError: 'Member' object has no attribute 'timed_out_until'
Ignoring exception in on_member_update
Traceback (most recent call last):
  File "/usr/local/lib/python3.12/site-packages/discord/client.py", line 465, in _run_event
    await coro(*args, **kwargs)
  File "/app/asu_discord/cogs/analytics.py", line 652, in on_member_update
    before_timeout = before.timed_out_until
                     ^^^^^^^^^^^^^^^^^^^^^^
AttributeError: 'Member' object has no attribute 'timed_out_until'
Ignoring exception in on_member_update
Traceback (most recent call last):
  File "/usr/local/lib/python3.12/site-packages/discord/client.py", line 465, in _run_event
    await coro(*args, **kwargs)
  File "/app/asu_discord/cogs/analytics.py", line 652, in on_member_update
    before_timeout = before.timed_out_until
                     ^^^^^^^^^^^^^^^^^^^^^^
AttributeError: 'Member' object has no attribute 'timed_out_until'
Ignoring exception in on_member_update
Traceback (most recent call last):
  File "/usr/local/lib/python3.12/site-packages/discord/client.py", line 465, in _run_event
    await coro(*args, **kwargs)
  File "/app/asu_discord/cogs/analytics.py", line 652, in on_member_update
    before_timeout = before.timed_out_until
                     ^^^^^^^^^^^^^^^^^^^^^^
AttributeError: 'Member' object has no attribute 'timed_out_until'
Ignoring exception in on_member_update
Traceback (most recent call last):
  File "/usr/local/lib/python3.12/site-packages/discord/client.py", line 465, in _run_event
    await coro(*args, **kwargs)
  File "/app/asu_discord/cogs/analytics.py", line 652, in on_member_update
    before_timeout = before.timed_out_until
                     ^^^^^^^^^^^^^^^^^^^^^^
AttributeError: 'Member' object has no attribute 'timed_out_until'
Ignoring exception in on_member_update
Traceback (most recent call last):
  File "/usr/local/lib/python3.12/site-packages/discord/client.py", line 465, in _run_event
    await coro(*args, **kwargs)
  File "/app/asu_discord/cogs/analytics.py", line 652, in on_member_update
    before_timeout = before.timed_out_until
                     ^^^^^^^^^^^^^^^^^^^^^^
AttributeError: 'Member' object has no attribute 'timed_out_until'
Ignoring exception in on_member_update
Traceback (most recent call last):
  File "/usr/local/lib/python3.12/site-packages/discord/client.py", line 465, in _run_event
    await coro(*args, **kwargs)
  File "/app/asu_discord/cogs/analytics.py", line 652, in on_member_update
    before_timeout = before.timed_out_until
                     ^^^^^^^^^^^^^^^^^^^^^^
AttributeError: 'Member' object has no attribute 'timed_out_until'
INFO:asu_discord.cogs.verification:Saved 5 roles to database for user npmooney (Discord ID: 776915061830320168)
INFO:asu_discord.cogs.verification:Refreshed Salesforce roles for Discord user 776915061830320168: -4/+5 roles, assigned=[Arizona Resident, Commited, First Year, Herberger Institute for Design and the Arts, Tempe]
ERROR:cron.jobs:refresh_salesforce_roles: failed for kdelange (Discord ID 1487294789714968679): Failed to refresh Salesforce-based roles: Discord user 1487294789714968679 is not a member of the guild
Ignoring exception in on_member_update
Traceback (most recent call last):
  File "/usr/local/lib/python3.12/site-packages/discord/client.py", line 465, in _run_event
    await coro(*args, **kwargs)
  File "/app/asu_discord/cogs/analytics.py", line 652, in on_member_update
    before_timeout = before.timed_out_until
                     ^^^^^^^^^^^^^^^^^^^^^^
AttributeError: 'Member' object has no attribute 'timed_out_until'
Ignoring exception in on_member_update
Traceback (most recent call last):
  File "/usr/local/lib/python3.12/site-packages/discord/client.py", line 465, in _run_event
    await coro(*args, **kwargs)
  File "/app/asu_discord/cogs/analytics.py", line 652, in on_member_update
    before_timeout = before.timed_out_until
                     ^^^^^^^^^^^^^^^^^^^^^^
AttributeError: 'Member' object has no attribute 'timed_out_until'
Ignoring exception in on_member_update
Traceback (most recent call last):
  File "/usr/local/lib/python3.12/site-packages/discord/client.py", line 465, in _run_event
    await coro(*args, **kwargs)
  File "/app/asu_discord/cogs/analytics.py", line 652, in on_member_update
    before_timeout = before.timed_out_until
                     ^^^^^^^^^^^^^^^^^^^^^^
AttributeError: 'Member' object has no attribute 'timed_out_until'
Ignoring exception in on_member_update
Traceback (most recent call last):
  File "/usr/local/lib/python3.12/site-packages/discord/client.py", line 465, in _run_event
    await coro(*args, **kwargs)
  File "/app/asu_discord/cogs/analytics.py", line 652, in on_member_update
    before_timeout = before.timed_out_until
                     ^^^^^^^^^^^^^^^^^^^^^^
AttributeError: 'Member' object has no attribute 'timed_out_until'
Ignoring exception in on_member_update
Traceback (most recent call last):
  File "/usr/local/lib/python3.12/site-packages/discord/client.py", line 465, in _run_event
    await coro(*args, **kwargs)
  File "/app/asu_discord/cogs/analytics.py", line 652, in on_member_update
    before_timeout = before.timed_out_until
                     ^^^^^^^^^^^^^^^^^^^^^^
AttributeError: 'Member' object has no attribute 'timed_out_until'
Ignoring exception in on_member_update
Traceback (most recent call last):
  File "/usr/local/lib/python3.12/site-packages/discord/client.py", line 465, in _run_event
    await coro(*args, **kwargs)
  File "/app/asu_discord/cogs/analytics.py", line 652, in on_member_update
    before_timeout = before.timed_out_until
                     ^^^^^^^^^^^^^^^^^^^^^^
AttributeError: 'Member' object has no attribute 'timed_out_until'
Ignoring exception in on_member_update
Traceback (most recent call last):
  File "/usr/local/lib/python3.12/site-packages/discord/client.py", line 465, in _run_event
    await coro(*args, **kwargs)
  File "/app/asu_discord/cogs/analytics.py", line 652, in on_member_update
    before_timeout = before.timed_out_until
                     ^^^^^^^^^^^^^^^^^^^^^^
AttributeError: 'Member' object has no attribute 'timed_out_until'
Ignoring exception in on_member_update
Traceback (most recent call last):
  File "/usr/local/lib/python3.12/site-packages/discord/client.py", line 465, in _run_event
    await coro(*args, **kwargs)
  File "/app/asu_discord/cogs/analytics.py", line 652, in on_member_update
    before_timeout = before.timed_out_until
                     ^^^^^^^^^^^^^^^^^^^^^^
AttributeError: 'Member' object has no attribute 'timed_out_until'
Ignoring exception in on_member_update
Traceback (most recent call last):
  File "/usr/local/lib/python3.12/site-packages/discord/client.py", line 465, in _run_event
    await coro(*args, **kwargs)
  File "/app/asu_discord/cogs/analytics.py", line 652, in on_member_update
    before_timeout = before.timed_out_until
                     ^^^^^^^^^^^^^^^^^^^^^^
AttributeError: 'Member' object has no attribute 'timed_out_until'
INFO:asu_discord.cogs.verification:Saved 5 roles to database for user aishatai (Discord ID: 1487298470787289148)
INFO:asu_discord.cogs.verification:Refreshed Salesforce roles for Discord user 1487298470787289148: -5/+4 roles, assigned=[Arizona Resident, First Generation Student, First Year, Tempe, W.P. Carey School of Business]
Ignoring exception in on_member_update
Traceback (most recent call last):
  File "/usr/local/lib/python3.12/site-packages/discord/client.py", line 465, in _run_event
    await coro(*args, **kwargs)
  File "/app/asu_discord/cogs/analytics.py", line 652, in on_member_update
    before_timeout = before.timed_out_until
                     ^^^^^^^^^^^^^^^^^^^^^^
AttributeError: 'Member' object has no attribute 'timed_out_until'
Ignoring exception in on_member_update
Traceback (most recent call last):
  File "/usr/local/lib/python3.12/site-packages/discord/client.py", line 465, in _run_event
    await coro(*args, **kwargs)
  File "/app/asu_discord/cogs/analytics.py", line 652, in on_member_update
    before_timeout = before.timed_out_until
                     ^^^^^^^^^^^^^^^^^^^^^^
AttributeError: 'Member' object has no attribute 'timed_out_until'
Ignoring exception in on_member_update
Traceback (most recent call last):
  File "/usr/local/lib/python3.12/site-packages/discord/client.py", line 465, in _run_event
    await coro(*args, **kwargs)
  File "/app/asu_discord/cogs/analytics.py", line 652, in on_member_update
    before_timeout = before.timed_out_until
                     ^^^^^^^^^^^^^^^^^^^^^^
AttributeError: 'Member' object has no attribute 'timed_out_until'
Ignoring exception in on_member_update
Traceback (most recent call last):
  File "/usr/local/lib/python3.12/site-packages/discord/client.py", line 465, in _run_event
    await coro(*args, **kwargs)
  File "/app/asu_discord/cogs/analytics.py", line 652, in on_member_update
    before_timeout = before.timed_out_until
                     ^^^^^^^^^^^^^^^^^^^^^^
AttributeError: 'Member' object has no attribute 'timed_out_until'
Ignoring exception in on_member_update
Traceback (most recent call last):
  File "/usr/local/lib/python3.12/site-packages/discord/client.py", line 465, in _run_event
    await coro(*args, **kwargs)
  File "/app/asu_discord/cogs/analytics.py", line 652, in on_member_update
    before_timeout = before.timed_out_until
                     ^^^^^^^^^^^^^^^^^^^^^^
AttributeError: 'Member' object has no attribute 'timed_out_until'
Ignoring exception in on_member_update
Traceback (most recent call last):
  File "/usr/local/lib/python3.12/site-packages/discord/client.py", line 465, in _run_event
    await coro(*args, **kwargs)
  File "/app/asu_discord/cogs/analytics.py", line 652, in on_member_update
    before_timeout = before.timed_out_until
                     ^^^^^^^^^^^^^^^^^^^^^^
AttributeError: 'Member' object has no attribute 'timed_out_until'
Ignoring exception in on_member_update
Traceback (most recent call last):
  File "/usr/local/lib/python3.12/site-packages/discord/client.py", line 465, in _run_event
    await coro(*args, **kwargs)
  File "/app/asu_discord/cogs/analytics.py", line 652, in on_member_update
    before_timeout = before.timed_out_until
                     ^^^^^^^^^^^^^^^^^^^^^^
AttributeError: 'Member' object has no attribute 'timed_out_until'
Ignoring exception in on_member_update
Traceback (most recent call last):
  File "/usr/local/lib/python3.12/site-packages/discord/client.py", line 465, in _run_event
    await coro(*args, **kwargs)
  File "/app/asu_discord/cogs/analytics.py", line 652, in on_member_update
    before_timeout = before.timed_out_until
                     ^^^^^^^^^^^^^^^^^^^^^^
AttributeError: 'Member' object has no attribute 'timed_out_until'
INFO:asu_discord.cogs.verification:Saved 4 roles to database for user acharpe7 (Discord ID: 793651760555622460)
INFO:asu_discord.cogs.verification:Refreshed Salesforce roles for Discord user 793651760555622460: -4/+4 roles, assigned=[Arizona Resident, First Year, Tempe, W.P. Carey School of Business]
ERROR:cron.jobs:refresh_salesforce_roles: failed for jsigns (Discord ID 1342896072787230771): Failed to refresh Salesforce-based roles: Discord user 1342896072787230771 is not a member of the guild
Ignoring exception in on_member_update
Traceback (most recent call last):
  File "/usr/local/lib/python3.12/site-packages/discord/client.py", line 465, in _run_event
    await coro(*args, **kwargs)
  File "/app/asu_discord/cogs/analytics.py", line 652, in on_member_update
    before_timeout = before.timed_out_until
                     ^^^^^^^^^^^^^^^^^^^^^^
AttributeError: 'Member' object has no attribute 'timed_out_until'
Ignoring exception in on_member_update
Traceback (most recent call last):
  File "/usr/local/lib/python3.12/site-packages/discord/client.py", line 465, in _run_event
    await coro(*args, **kwargs)
  File "/app/asu_discord/cogs/analytics.py", line 652, in on_member_update
    before_timeout = before.timed_out_until
                     ^^^^^^^^^^^^^^^^^^^^^^
AttributeError: 'Member' object has no attribute 'timed_out_until'
Ignoring exception in on_member_update
Traceback (most recent call last):
  File "/usr/local/lib/python3.12/site-packages/discord/client.py", line 465, in _run_event
    await coro(*args, **kwargs)
  File "/app/asu_discord/cogs/analytics.py", line 652, in on_member_update
    before_timeout = before.timed_out_until
                     ^^^^^^^^^^^^^^^^^^^^^^
AttributeError: 'Member' object has no attribute 'timed_out_until'
Ignoring exception in on_member_update
Traceback (most recent call last):
  File "/usr/local/lib/python3.12/site-packages/discord/client.py", line 465, in _run_event
    await coro(*args, **kwargs)
  File "/app/asu_discord/cogs/analytics.py", line 652, in on_member_update
    before_timeout = before.timed_out_until
                     ^^^^^^^^^^^^^^^^^^^^^^
AttributeError: 'Member' object has no attribute 'timed_out_until'
Ignoring exception in on_member_update
Traceback (most recent call last):
  File "/usr/local/lib/python3.12/site-packages/discord/client.py", line 465, in _run_event
    await coro(*args, **kwargs)
  File "/app/asu_discord/cogs/analytics.py", line 652, in on_member_update
    before_timeout = before.timed_out_until
                     ^^^^^^^^^^^^^^^^^^^^^^
AttributeError: 'Member' object has no attribute 'timed_out_until'
Ignoring exception in on_member_update
Traceback (most recent call last):
  File "/usr/local/lib/python3.12/site-packages/discord/client.py", line 465, in _run_event
    await coro(*args, **kwargs)
  File "/app/asu_discord/cogs/analytics.py", line 652, in on_member_update
    before_timeout = before.timed_out_until
                     ^^^^^^^^^^^^^^^^^^^^^^
AttributeError: 'Member' object has no attribute 'timed_out_until'
Ignoring exception in on_member_update
Traceback (most recent call last):
  File "/usr/local/lib/python3.12/site-packages/discord/client.py", line 465, in _run_event
    await coro(*args, **kwargs)
  File "/app/asu_discord/cogs/analytics.py", line 652, in on_member_update
    before_timeout = before.timed_out_until
                     ^^^^^^^^^^^^^^^^^^^^^^
AttributeError: 'Member' object has no attribute 'timed_out_until'
Ignoring exception in on_member_update
Traceback (most recent call last):
  File "/usr/local/lib/python3.12/site-packages/discord/client.py", line 465, in _run_event
    await coro(*args, **kwargs)
  File "/app/asu_discord/cogs/analytics.py", line 652, in on_member_update
    before_timeout = before.timed_out_until
                     ^^^^^^^^^^^^^^^^^^^^^^
AttributeError: 'Member' object has no attribute 'timed_out_until'
Ignoring exception in on_member_update
Traceback (most recent call last):
  File "/usr/local/lib/python3.12/site-packages/discord/client.py", line 465, in _run_event
    await coro(*args, **kwargs)
  File "/app/asu_discord/cogs/analytics.py", line 652, in on_member_update
    before_timeout = before.timed_out_until
                     ^^^^^^^^^^^^^^^^^^^^^^
AttributeError: 'Member' object has no attribute 'timed_out_until'
Ignoring exception in on_member_update
Traceback (most recent call last):
  File "/usr/local/lib/python3.12/site-packages/discord/client.py", line 465, in _run_event
    await coro(*args, **kwargs)
  File "/app/asu_discord/cogs/analytics.py", line 652, in on_member_update
    before_timeout = before.timed_out_until
                     ^^^^^^^^^^^^^^^^^^^^^^
AttributeError: 'Member' object has no attribute 'timed_out_until'
INFO:asu_discord.cogs.verification:Saved 5 roles to database for user jjbrew (Discord ID: 788358623695732756)
INFO:asu_discord.cogs.verification:Refreshed Salesforce roles for Discord user 788358623695732756: -5/+5 roles, assigned=[Commited, First Year, Out of State, Tempe, W.P. Carey School of Business]
Ignoring exception in on_member_update
Traceback (most recent call last):
  File "/usr/local/lib/python3.12/site-packages/discord/client.py", line 465, in _run_event
    await coro(*args, **kwargs)
  File "/app/asu_discord/cogs/analytics.py", line 652, in on_member_update
    before_timeout = before.timed_out_until
                     ^^^^^^^^^^^^^^^^^^^^^^
AttributeError: 'Member' object has no attribute 'timed_out_until'
Ignoring exception in on_member_update
Traceback (most recent call last):
  File "/usr/local/lib/python3.12/site-packages/discord/client.py", line 465, in _run_event
    await coro(*args, **kwargs)
  File "/app/asu_discord/cogs/analytics.py", line 652, in on_member_update
    before_timeout = before.timed_out_until
                     ^^^^^^^^^^^^^^^^^^^^^^
AttributeError: 'Member' object has no attribute 'timed_out_until'
Ignoring exception in on_member_update
Traceback (most recent call last):
  File "/usr/local/lib/python3.12/site-packages/discord/client.py", line 465, in _run_event
    await coro(*args, **kwargs)
  File "/app/asu_discord/cogs/analytics.py", line 652, in on_member_update
    before_timeout = before.timed_out_until
                     ^^^^^^^^^^^^^^^^^^^^^^
AttributeError: 'Member' object has no attribute 'timed_out_until'
Ignoring exception in on_member_update
Traceback (most recent call last):
  File "/usr/local/lib/python3.12/site-packages/discord/client.py", line 465, in _run_event
    await coro(*args, **kwargs)
  File "/app/asu_discord/cogs/analytics.py", line 652, in on_member_update
    before_timeout = before.timed_out_until
                     ^^^^^^^^^^^^^^^^^^^^^^
AttributeError: 'Member' object has no attribute 'timed_out_until'
Ignoring exception in on_member_update
Traceback (most recent call last):
  File "/usr/local/lib/python3.12/site-packages/discord/client.py", line 465, in _run_event
    await coro(*args, **kwargs)
  File "/app/asu_discord/cogs/analytics.py", line 652, in on_member_update
    before_timeout = before.timed_out_until
                     ^^^^^^^^^^^^^^^^^^^^^^
AttributeError: 'Member' object has no attribute 'timed_out_until'
Ignoring exception in on_member_update
Traceback (most recent call last):
  File "/usr/local/lib/python3.12/site-packages/discord/client.py", line 465, in _run_event
    await coro(*args, **kwargs)
  File "/app/asu_discord/cogs/analytics.py", line 652, in on_member_update
    before_timeout = before.timed_out_until
                     ^^^^^^^^^^^^^^^^^^^^^^
AttributeError: 'Member' object has no attribute 'timed_out_until'
Ignoring exception in on_member_update
Traceback (most recent call last):
  File "/usr/local/lib/python3.12/site-packages/discord/client.py", line 465, in _run_event
    await coro(*args, **kwargs)
  File "/app/asu_discord/cogs/analytics.py", line 652, in on_member_update
    before_timeout = before.timed_out_until
                     ^^^^^^^^^^^^^^^^^^^^^^
AttributeError: 'Member' object has no attribute 'timed_out_until'
Ignoring exception in on_member_update
Traceback (most recent call last):
  File "/usr/local/lib/python3.12/site-packages/discord/client.py", line 465, in _run_event
    await coro(*args, **kwargs)
  File "/app/asu_discord/cogs/analytics.py", line 652, in on_member_update
    before_timeout = before.timed_out_until
                     ^^^^^^^^^^^^^^^^^^^^^^
AttributeError: 'Member' object has no attribute 'timed_out_until'
Ignoring exception in on_member_update
Traceback (most recent call last):
  File "/usr/local/lib/python3.12/site-packages/discord/client.py", line 465, in _run_event
    await coro(*args, **kwargs)
  File "/app/asu_discord/cogs/analytics.py", line 652, in on_member_update
    before_timeout = before.timed_out_until
                     ^^^^^^^^^^^^^^^^^^^^^^
AttributeError: 'Member' object has no attribute 'timed_out_until'
Ignoring exception in on_member_update
Traceback (most recent call last):
  File "/usr/local/lib/python3.12/site-packages/discord/client.py", line 465, in _run_event
    await coro(*args, **kwargs)
  File "/app/asu_discord/cogs/analytics.py", line 652, in on_member_update
    before_timeout = before.timed_out_until
                     ^^^^^^^^^^^^^^^^^^^^^^
AttributeError: 'Member' object has no attribute 'timed_out_until'
INFO:asu_discord.cogs.verification:Saved 6 roles to database for user dsethere (Discord ID: 1486620914715197511)
INFO:asu_discord.cogs.verification:Refreshed Salesforce roles for Discord user 1486620914715197511: -4/+6 roles, assigned=[Commited, First Generation Student, First Year, Out of State, Tempe, W.P. Carey School of Business]
Ignoring exception in on_member_update
Traceback (most recent call last):
  File "/usr/local/lib/python3.12/site-packages/discord/client.py", line 465, in _run_event
    await coro(*args, **kwargs)
  File "/app/asu_discord/cogs/analytics.py", line 652, in on_member_update
    before_timeout = before.timed_out_until
                     ^^^^^^^^^^^^^^^^^^^^^^
AttributeError: 'Member' object has no attribute 'timed_out_until'
Ignoring exception in on_member_update
Traceback (most recent call last):
  File "/usr/local/lib/python3.12/site-packages/discord/client.py", line 465, in _run_event
    await coro(*args, **kwargs)
  File "/app/asu_discord/cogs/analytics.py", line 652, in on_member_update
    before_timeout = before.timed_out_until
                     ^^^^^^^^^^^^^^^^^^^^^^
AttributeError: 'Member' object has no attribute 'timed_out_until'
Ignoring exception in on_member_update
Traceback (most recent call last):
  File "/usr/local/lib/python3.12/site-packages/discord/client.py", line 465, in _run_event
    await coro(*args, **kwargs)
  File "/app/asu_discord/cogs/analytics.py", line 652, in on_member_update
    before_timeout = before.timed_out_until
                     ^^^^^^^^^^^^^^^^^^^^^^
AttributeError: 'Member' object has no attribute 'timed_out_until'
Ignoring exception in on_member_update
Traceback (most recent call last):
  File "/usr/local/lib/python3.12/site-packages/discord/client.py", line 465, in _run_event
    await coro(*args, **kwargs)
  File "/app/asu_discord/cogs/analytics.py", line 652, in on_member_update
    before_timeout = before.timed_out_until
                     ^^^^^^^^^^^^^^^^^^^^^^
AttributeError: 'Member' object has no attribute 'timed_out_until'
Ignoring exception in on_member_update
Traceback (most recent call last):
  File "/usr/local/lib/python3.12/site-packages/discord/client.py", line 465, in _run_event
    await coro(*args, **kwargs)
  File "/app/asu_discord/cogs/analytics.py", line 652, in on_member_update
    before_timeout = before.timed_out_until
                     ^^^^^^^^^^^^^^^^^^^^^^
AttributeError: 'Member' object has no attribute 'timed_out_until'
Ignoring exception in on_member_update
Traceback (most recent call last):
  File "/usr/local/lib/python3.12/site-packages/discord/client.py", line 465, in _run_event
    await coro(*args, **kwargs)
  File "/app/asu_discord/cogs/analytics.py", line 652, in on_member_update
    before_timeout = before.timed_out_until
                     ^^^^^^^^^^^^^^^^^^^^^^
AttributeError: 'Member' object has no attribute 'timed_out_until'
Ignoring exception in on_member_update
Traceback (most recent call last):
  File "/usr/local/lib/python3.12/site-packages/discord/client.py", line 465, in _run_event
    await coro(*args, **kwargs)
  File "/app/asu_discord/cogs/analytics.py", line 652, in on_member_update
    before_timeout = before.timed_out_until
                     ^^^^^^^^^^^^^^^^^^^^^^
AttributeError: 'Member' object has no attribute 'timed_out_until'
Ignoring exception in on_member_update
Traceback (most recent call last):
  File "/usr/local/lib/python3.12/site-packages/discord/client.py", line 465, in _run_event
    await coro(*args, **kwargs)
  File "/app/asu_discord/cogs/analytics.py", line 652, in on_member_update
    before_timeout = before.timed_out_until
                     ^^^^^^^^^^^^^^^^^^^^^^
AttributeError: 'Member' object has no attribute 'timed_out_until'
Ignoring exception in on_member_update
Traceback (most recent call last):
  File "/usr/local/lib/python3.12/site-packages/discord/client.py", line 465, in _run_event
    await coro(*args, **kwargs)
  File "/app/asu_discord/cogs/analytics.py", line 652, in on_member_update
    before_timeout = before.timed_out_until
                     ^^^^^^^^^^^^^^^^^^^^^^
AttributeError: 'Member' object has no attribute 'timed_out_until'
Ignoring exception in on_member_update
Traceback (most recent call last):
  File "/usr/local/lib/python3.12/site-packages/discord/client.py", line 465, in _run_event
    await coro(*args, **kwargs)
  File "/app/asu_discord/cogs/analytics.py", line 652, in on_member_update
    before_timeout = before.timed_out_until
                     ^^^^^^^^^^^^^^^^^^^^^^
AttributeError: 'Member' object has no attribute 'timed_out_until'
INFO:asu_discord.cogs.verification:Saved 5 roles to database for user rakaufm2 (Discord ID: 1225283368766144593)
INFO:asu_discord.cogs.verification:Refreshed Salesforce roles for Discord user 1225283368766144593: -5/+5 roles, assigned=[Arizona Resident, Commited, First Year, Tempe, W.P. Carey School of Business]
ERROR:cron.jobs:refresh_salesforce_roles: failed for kjohn400 (Discord ID 485472774131810306): Failed to refresh Salesforce-based roles: Discord user 485472774131810306 is not a member of the guild
Ignoring exception in on_member_update
Traceback (most recent call last):
  File "/usr/local/lib/python3.12/site-packages/discord/client.py", line 465, in _run_event
    await coro(*args, **kwargs)
  File "/app/asu_discord/cogs/analytics.py", line 652, in on_member_update
    before_timeout = before.timed_out_until
                     ^^^^^^^^^^^^^^^^^^^^^^
AttributeError: 'Member' object has no attribute 'timed_out_until'
Ignoring exception in on_member_update
Traceback (most recent call last):
  File "/usr/local/lib/python3.12/site-packages/discord/client.py", line 465, in _run_event
    await coro(*args, **kwargs)
  File "/app/asu_discord/cogs/analytics.py", line 652, in on_member_update
    before_timeout = before.timed_out_until
                     ^^^^^^^^^^^^^^^^^^^^^^
AttributeError: 'Member' object has no attribute 'timed_out_until'
Ignoring exception in on_member_update
Traceback (most recent call last):
  File "/usr/local/lib/python3.12/site-packages/discord/client.py", line 465, in _run_event
    await coro(*args, **kwargs)
  File "/app/asu_discord/cogs/analytics.py", line 652, in on_member_update
    before_timeout = before.timed_out_until
                     ^^^^^^^^^^^^^^^^^^^^^^
AttributeError: 'Member' object has no attribute 'timed_out_until'
Ignoring exception in on_member_update
Traceback (most recent call last):
  File "/usr/local/lib/python3.12/site-packages/discord/client.py", line 465, in _run_event
    await coro(*args, **kwargs)
  File "/app/asu_discord/cogs/analytics.py", line 652, in on_member_update
    before_timeout = before.timed_out_until
                     ^^^^^^^^^^^^^^^^^^^^^^
AttributeError: 'Member' object has no attribute 'timed_out_until'
Ignoring exception in on_member_update
Traceback (most recent call last):
  File "/usr/local/lib/python3.12/site-packages/discord/client.py", line 465, in _run_event
    await coro(*args, **kwargs)
  File "/app/asu_discord/cogs/analytics.py", line 652, in on_member_update
    before_timeout = before.timed_out_until
                     ^^^^^^^^^^^^^^^^^^^^^^
AttributeError: 'Member' object has no attribute 'timed_out_until'
Ignoring exception in on_member_update
Traceback (most recent call last):
  File "/usr/local/lib/python3.12/site-packages/discord/client.py", line 465, in _run_event
    await coro(*args, **kwargs)
  File "/app/asu_discord/cogs/analytics.py", line 652, in on_member_update
    before_timeout = before.timed_out_until
                     ^^^^^^^^^^^^^^^^^^^^^^
AttributeError: 'Member' object has no attribute 'timed_out_until'
Ignoring exception in on_member_update
Traceback (most recent call last):
  File "/usr/local/lib/python3.12/site-packages/discord/client.py", line 465, in _run_event
    await coro(*args, **kwargs)
  File "/app/asu_discord/cogs/analytics.py", line 652, in on_member_update
    before_timeout = before.timed_out_until
                     ^^^^^^^^^^^^^^^^^^^^^^
AttributeError: 'Member' object has no attribute 'timed_out_until'
Ignoring exception in on_member_update
Traceback (most recent call last):
  File "/usr/local/lib/python3.12/site-packages/discord/client.py", line 465, in _run_event
    await coro(*args, **kwargs)
  File "/app/asu_discord/cogs/analytics.py", line 652, in on_member_update
    before_timeout = before.timed_out_until
                     ^^^^^^^^^^^^^^^^^^^^^^
AttributeError: 'Member' object has no attribute 'timed_out_until'
INFO:asu_discord.cogs.verification:Saved 4 roles to database for user dmonte13 (Discord ID: 625631366574243850)
INFO:asu_discord.cogs.verification:Refreshed Salesforce roles for Discord user 625631366574243850: -4/+4 roles, assigned=[Ira A. Fulton Schools of Engineering, Online, Out of State, Transfer Student]
Ignoring exception in on_member_update
Traceback (most recent call last):
  File "/usr/local/lib/python3.12/site-packages/discord/client.py", line 465, in _run_event
    await coro(*args, **kwargs)
  File "/app/asu_discord/cogs/analytics.py", line 652, in on_member_update
    before_timeout = before.timed_out_until
                     ^^^^^^^^^^^^^^^^^^^^^^
AttributeError: 'Member' object has no attribute 'timed_out_until'
Ignoring exception in on_member_update
Traceback (most recent call last):
  File "/usr/local/lib/python3.12/site-packages/discord/client.py", line 465, in _run_event
    await coro(*args, **kwargs)
  File "/app/asu_discord/cogs/analytics.py", line 652, in on_member_update
    before_timeout = before.timed_out_until
                     ^^^^^^^^^^^^^^^^^^^^^^
AttributeError: 'Member' object has no attribute 'timed_out_until'
Ignoring exception in on_member_update
Traceback (most recent call last):
  File "/usr/local/lib/python3.12/site-packages/discord/client.py", line 465, in _run_event
    await coro(*args, **kwargs)
  File "/app/asu_discord/cogs/analytics.py", line 652, in on_member_update
    before_timeout = before.timed_out_until
                     ^^^^^^^^^^^^^^^^^^^^^^
AttributeError: 'Member' object has no attribute 'timed_out_until'
Ignoring exception in on_member_update
Traceback (most recent call last):
  File "/usr/local/lib/python3.12/site-packages/discord/client.py", line 465, in _run_event
    await coro(*args, **kwargs)
  File "/app/asu_discord/cogs/analytics.py", line 652, in on_member_update
    before_timeout = before.timed_out_until
                     ^^^^^^^^^^^^^^^^^^^^^^
AttributeError: 'Member' object has no attribute 'timed_out_until'
Ignoring exception in on_member_update
Traceback (most recent call last):
  File "/usr/local/lib/python3.12/site-packages/discord/client.py", line 465, in _run_event
    await coro(*args, **kwargs)
  File "/app/asu_discord/cogs/analytics.py", line 652, in on_member_update
    before_timeout = before.timed_out_until
                     ^^^^^^^^^^^^^^^^^^^^^^
AttributeError: 'Member' object has no attribute 'timed_out_until'
Ignoring exception in on_member_update
Traceback (most recent call last):
  File "/usr/local/lib/python3.12/site-packages/discord/client.py", line 465, in _run_event
    await coro(*args, **kwargs)
  File "/app/asu_discord/cogs/analytics.py", line 652, in on_member_update
    before_timeout = before.timed_out_until
                     ^^^^^^^^^^^^^^^^^^^^^^
AttributeError: 'Member' object has no attribute 'timed_out_until'
Ignoring exception in on_member_update
Traceback (most recent call last):
  File "/usr/local/lib/python3.12/site-packages/discord/client.py", line 465, in _run_event
    await coro(*args, **kwargs)
  File "/app/asu_discord/cogs/analytics.py", line 652, in on_member_update
    before_timeout = before.timed_out_until
                     ^^^^^^^^^^^^^^^^^^^^^^
AttributeError: 'Member' object has no attribute 'timed_out_until'
Ignoring exception in on_member_update
Traceback (most recent call last):
  File "/usr/local/lib/python3.12/site-packages/discord/client.py", line 465, in _run_event
    await coro(*args, **kwargs)
  File "/app/asu_discord/cogs/analytics.py", line 652, in on_member_update
    before_timeout = before.timed_out_until
                     ^^^^^^^^^^^^^^^^^^^^^^
AttributeError: 'Member' object has no attribute 'timed_out_until'
Ignoring exception in on_member_update
Traceback (most recent call last):
  File "/usr/local/lib/python3.12/site-packages/discord/client.py", line 465, in _run_event
    await coro(*args, **kwargs)
  File "/app/asu_discord/cogs/analytics.py", line 652, in on_member_update
    before_timeout = before.timed_out_until
                     ^^^^^^^^^^^^^^^^^^^^^^
AttributeError: 'Member' object has no attribute 'timed_out_until'
Ignoring exception in on_member_update
Traceback (most recent call last):
  File "/usr/local/lib/python3.12/site-packages/discord/client.py", line 465, in _run_event
    await coro(*args, **kwargs)
  File "/app/asu_discord/cogs/analytics.py", line 652, in on_member_update
    before_timeout = before.timed_out_until
                     ^^^^^^^^^^^^^^^^^^^^^^
AttributeError: 'Member' object has no attribute 'timed_out_until'
INFO:asu_discord.cogs.verification:Saved 5 roles to database for user cjpeygha (Discord ID: 696220581346934834)
INFO:asu_discord.cogs.verification:Refreshed Salesforce roles for Discord user 696220581346934834: -5/+5 roles, assigned=[Arizona Resident, Commited, First Year, New College of Interdisciplinary Arts and Sciences, West Valley]
Ignoring exception in on_member_update
Traceback (most recent call last):
  File "/usr/local/lib/python3.12/site-packages/discord/client.py", line 465, in _run_event
    await coro(*args, **kwargs)
  File "/app/asu_discord/cogs/analytics.py", line 652, in on_member_update
    before_timeout = before.timed_out_until
                     ^^^^^^^^^^^^^^^^^^^^^^
AttributeError: 'Member' object has no attribute 'timed_out_until'
Ignoring exception in on_member_update
Traceback (most recent call last):
  File "/usr/local/lib/python3.12/site-packages/discord/client.py", line 465, in _run_event
    await coro(*args, **kwargs)
  File "/app/asu_discord/cogs/analytics.py", line 652, in on_member_update
    before_timeout = before.timed_out_until
                     ^^^^^^^^^^^^^^^^^^^^^^
AttributeError: 'Member' object has no attribute 'timed_out_until'
Ignoring exception in on_member_update
Traceback (most recent call last):
  File "/usr/local/lib/python3.12/site-packages/discord/client.py", line 465, in _run_event
    await coro(*args, **kwargs)
  File "/app/asu_discord/cogs/analytics.py", line 652, in on_member_update
    before_timeout = before.timed_out_until
                     ^^^^^^^^^^^^^^^^^^^^^^
AttributeError: 'Member' object has no attribute 'timed_out_until'
Ignoring exception in on_member_update
Traceback (most recent call last):
  File "/usr/local/lib/python3.12/site-packages/discord/client.py", line 465, in _run_event
    await coro(*args, **kwargs)
  File "/app/asu_discord/cogs/analytics.py", line 652, in on_member_update
    before_timeout = before.timed_out_until
                     ^^^^^^^^^^^^^^^^^^^^^^
AttributeError: 'Member' object has no attribute 'timed_out_until'
Ignoring exception in on_member_update
Traceback (most recent call last):
  File "/usr/local/lib/python3.12/site-packages/discord/client.py", line 465, in _run_event
    await coro(*args, **kwargs)
  File "/app/asu_discord/cogs/analytics.py", line 652, in on_member_update
    before_timeout = before.timed_out_until
                     ^^^^^^^^^^^^^^^^^^^^^^
AttributeError: 'Member' object has no attribute 'timed_out_until'
Ignoring exception in on_member_update
Traceback (most recent call last):
  File "/usr/local/lib/python3.12/site-packages/discord/client.py", line 465, in _run_event
    await coro(*args, **kwargs)
  File "/app/asu_discord/cogs/analytics.py", line 652, in on_member_update
    before_timeout = before.timed_out_until
                     ^^^^^^^^^^^^^^^^^^^^^^
AttributeError: 'Member' object has no attribute 'timed_out_until'
Ignoring exception in on_member_update
Traceback (most recent call last):
  File "/usr/local/lib/python3.12/site-packages/discord/client.py", line 465, in _run_event
    await coro(*args, **kwargs)
  File "/app/asu_discord/cogs/analytics.py", line 652, in on_member_update
    before_timeout = before.timed_out_until
                     ^^^^^^^^^^^^^^^^^^^^^^
AttributeError: 'Member' object has no attribute 'timed_out_until'
Ignoring exception in on_member_update
Traceback (most recent call last):
  File "/usr/local/lib/python3.12/site-packages/discord/client.py", line 465, in _run_event
    await coro(*args, **kwargs)
  File "/app/asu_discord/cogs/analytics.py", line 652, in on_member_update
    before_timeout = before.timed_out_until
                     ^^^^^^^^^^^^^^^^^^^^^^
AttributeError: 'Member' object has no attribute 'timed_out_until'
INFO:asu_discord.cogs.verification:Saved 4 roles to database for user djpina1 (Discord ID: 1251007769344086067)
INFO:asu_discord.cogs.verification:Refreshed Salesforce roles for Discord user 1251007769344086067: -4/+4 roles, assigned=[Arizona Resident, Tempe, Transfer Student, W.P. Carey School of Business]
Ignoring exception in on_member_update
Traceback (most recent call last):
  File "/usr/local/lib/python3.12/site-packages/discord/client.py", line 465, in _run_event
    await coro(*args, **kwargs)
  File "/app/asu_discord/cogs/analytics.py", line 652, in on_member_update
    before_timeout = before.timed_out_until
                     ^^^^^^^^^^^^^^^^^^^^^^
AttributeError: 'Member' object has no attribute 'timed_out_until'
Ignoring exception in on_member_update
Traceback (most recent call last):
  File "/usr/local/lib/python3.12/site-packages/discord/client.py", line 465, in _run_event
    await coro(*args, **kwargs)
  File "/app/asu_discord/cogs/analytics.py", line 652, in on_member_update
    before_timeout = before.timed_out_until
                     ^^^^^^^^^^^^^^^^^^^^^^
AttributeError: 'Member' object has no attribute 'timed_out_until'
Ignoring exception in on_member_update
Traceback (most recent call last):
  File "/usr/local/lib/python3.12/site-packages/discord/client.py", line 465, in _run_event
    await coro(*args, **kwargs)
  File "/app/asu_discord/cogs/analytics.py", line 652, in on_member_update
    before_timeout = before.timed_out_until
                     ^^^^^^^^^^^^^^^^^^^^^^
AttributeError: 'Member' object has no attribute 'timed_out_until'
Ignoring exception in on_member_update
Traceback (most recent call last):
  File "/usr/local/lib/python3.12/site-packages/discord/client.py", line 465, in _run_event
    await coro(*args, **kwargs)
  File "/app/asu_discord/cogs/analytics.py", line 652, in on_member_update
    before_timeout = before.timed_out_until
                     ^^^^^^^^^^^^^^^^^^^^^^
AttributeError: 'Member' object has no attribute 'timed_out_until'
Ignoring exception in on_member_update
Traceback (most recent call last):
  File "/usr/local/lib/python3.12/site-packages/discord/client.py", line 465, in _run_event
    await coro(*args, **kwargs)
  File "/app/asu_discord/cogs/analytics.py", line 652, in on_member_update
    before_timeout = before.timed_out_until
                     ^^^^^^^^^^^^^^^^^^^^^^
AttributeError: 'Member' object has no attribute 'timed_out_until'
Ignoring exception in on_member_update
Traceback (most recent call last):
  File "/usr/local/lib/python3.12/site-packages/discord/client.py", line 465, in _run_event
    await coro(*args, **kwargs)
  File "/app/asu_discord/cogs/analytics.py", line 652, in on_member_update
    before_timeout = before.timed_out_until
                     ^^^^^^^^^^^^^^^^^^^^^^
AttributeError: 'Member' object has no attribute 'timed_out_until'
Ignoring exception in on_member_update
Traceback (most recent call last):
  File "/usr/local/lib/python3.12/site-packages/discord/client.py", line 465, in _run_event
    await coro(*args, **kwargs)
  File "/app/asu_discord/cogs/analytics.py", line 652, in on_member_update
    before_timeout = before.timed_out_until
                     ^^^^^^^^^^^^^^^^^^^^^^
AttributeError: 'Member' object has no attribute 'timed_out_until'
INFO:asu_discord.cogs.verification:Saved 4 roles to database for user mdewakuk (Discord ID: 882489733652049920)
INFO:asu_discord.cogs.verification:Refreshed Salesforce roles for Discord user 882489733652049920: -4/+3 roles, assigned=[Arizona Resident, Downtown Phoenix, Edson College of Nursing and Health Innovation, First Year]
Ignoring exception in on_member_update
Traceback (most recent call last):
  File "/usr/local/lib/python3.12/site-packages/discord/client.py", line 465, in _run_event
    await coro(*args, **kwargs)
  File "/app/asu_discord/cogs/analytics.py", line 652, in on_member_update
    before_timeout = before.timed_out_until
                     ^^^^^^^^^^^^^^^^^^^^^^
AttributeError: 'Member' object has no attribute 'timed_out_until'
Ignoring exception in on_member_update
Traceback (most recent call last):
  File "/usr/local/lib/python3.12/site-packages/discord/client.py", line 465, in _run_event
    await coro(*args, **kwargs)
  File "/app/asu_discord/cogs/analytics.py", line 652, in on_member_update
    before_timeout = before.timed_out_until
                     ^^^^^^^^^^^^^^^^^^^^^^
AttributeError: 'Member' object has no attribute 'timed_out_until'
Ignoring exception in on_member_update
Traceback (most recent call last):
  File "/usr/local/lib/python3.12/site-packages/discord/client.py", line 465, in _run_event
    await coro(*args, **kwargs)
  File "/app/asu_discord/cogs/analytics.py", line 652, in on_member_update
    before_timeout = before.timed_out_until
                     ^^^^^^^^^^^^^^^^^^^^^^
AttributeError: 'Member' object has no attribute 'timed_out_until'
Ignoring exception in on_member_update
Traceback (most recent call last):
  File "/usr/local/lib/python3.12/site-packages/discord/client.py", line 465, in _run_event
    await coro(*args, **kwargs)
  File "/app/asu_discord/cogs/analytics.py", line 652, in on_member_update
    before_timeout = before.timed_out_until
                     ^^^^^^^^^^^^^^^^^^^^^^
AttributeError: 'Member' object has no attribute 'timed_out_until'
Ignoring exception in on_member_update
Traceback (most recent call last):
  File "/usr/local/lib/python3.12/site-packages/discord/client.py", line 465, in _run_event
    await coro(*args, **kwargs)
  File "/app/asu_discord/cogs/analytics.py", line 652, in on_member_update
    before_timeout = before.timed_out_until
                     ^^^^^^^^^^^^^^^^^^^^^^
AttributeError: 'Member' object has no attribute 'timed_out_until'
Ignoring exception in on_member_update
Traceback (most recent call last):
  File "/usr/local/lib/python3.12/site-packages/discord/client.py", line 465, in _run_event
    await coro(*args, **kwargs)
  File "/app/asu_discord/cogs/analytics.py", line 652, in on_member_update
    before_timeout = before.timed_out_until
                     ^^^^^^^^^^^^^^^^^^^^^^
AttributeError: 'Member' object has no attribute 'timed_out_until'
Ignoring exception in on_member_update
Traceback (most recent call last):
  File "/usr/local/lib/python3.12/site-packages/discord/client.py", line 465, in _run_event
    await coro(*args, **kwargs)
  File "/app/asu_discord/cogs/analytics.py", line 652, in on_member_update
    before_timeout = before.timed_out_until
                     ^^^^^^^^^^^^^^^^^^^^^^
AttributeError: 'Member' object has no attribute 'timed_out_until'
Ignoring exception in on_member_update
Traceback (most recent call last):
  File "/usr/local/lib/python3.12/site-packages/discord/client.py", line 465, in _run_event
    await coro(*args, **kwargs)
  File "/app/asu_discord/cogs/analytics.py", line 652, in on_member_update
    before_timeout = before.timed_out_until
                     ^^^^^^^^^^^^^^^^^^^^^^
AttributeError: 'Member' object has no attribute 'timed_out_until'
Ignoring exception in on_member_update
Traceback (most recent call last):
  File "/usr/local/lib/python3.12/site-packages/discord/client.py", line 465, in _run_event
    await coro(*args, **kwargs)
  File "/app/asu_discord/cogs/analytics.py", line 652, in on_member_update
    before_timeout = before.timed_out_until
                     ^^^^^^^^^^^^^^^^^^^^^^
AttributeError: 'Member' object has no attribute 'timed_out_until'
Ignoring exception in on_member_update
Traceback (most recent call last):
  File "/usr/local/lib/python3.12/site-packages/discord/client.py", line 465, in _run_event
    await coro(*args, **kwargs)
  File "/app/asu_discord/cogs/analytics.py", line 652, in on_member_update
    before_timeout = before.timed_out_until
                     ^^^^^^^^^^^^^^^^^^^^^^
AttributeError: 'Member' object has no attribute 'timed_out_until'
INFO:asu_discord.cogs.verification:Saved 5 roles to database for user tnaser1 (Discord ID: 560336732550332416)
INFO:asu_discord.cogs.verification:Refreshed Salesforce roles for Discord user 560336732550332416: -5/+5 roles, assigned=[Commited, First Year, International Student, Ira A. Fulton Schools of Engineering, Tempe]
Ignoring exception in on_member_update
Traceback (most recent call last):
  File "/usr/local/lib/python3.12/site-packages/discord/client.py", line 465, in _run_event
    await coro(*args, **kwargs)
  File "/app/asu_discord/cogs/analytics.py", line 652, in on_member_update
    before_timeout = before.timed_out_until
                     ^^^^^^^^^^^^^^^^^^^^^^
AttributeError: 'Member' object has no attribute 'timed_out_until'
ERROR:cron.jobs:refresh_salesforce_roles: failed for rhochuli (Discord ID 1290034062991294557): Failed to refresh Salesforce-based roles: Discord user 1290034062991294557 is not a member of the guild
Ignoring exception in on_member_update
Traceback (most recent call last):
  File "/usr/local/lib/python3.12/site-packages/discord/client.py", line 465, in _run_event
    await coro(*args, **kwargs)
  File "/app/asu_discord/cogs/analytics.py", line 652, in on_member_update
    before_timeout = before.timed_out_until
                     ^^^^^^^^^^^^^^^^^^^^^^
AttributeError: 'Member' object has no attribute 'timed_out_until'
Ignoring exception in on_member_update
Traceback (most recent call last):
  File "/usr/local/lib/python3.12/site-packages/discord/client.py", line 465, in _run_event
    await coro(*args, **kwargs)
  File "/app/asu_discord/cogs/analytics.py", line 652, in on_member_update
    before_timeout = before.timed_out_until
                     ^^^^^^^^^^^^^^^^^^^^^^
AttributeError: 'Member' object has no attribute 'timed_out_until'
Ignoring exception in on_member_update
Traceback (most recent call last):
  File "/usr/local/lib/python3.12/site-packages/discord/client.py", line 465, in _run_event
    await coro(*args, **kwargs)
  File "/app/asu_discord/cogs/analytics.py", line 652, in on_member_update
    before_timeout = before.timed_out_until
                     ^^^^^^^^^^^^^^^^^^^^^^
AttributeError: 'Member' object has no attribute 'timed_out_until'
Ignoring exception in on_member_update
Traceback (most recent call last):
  File "/usr/local/lib/python3.12/site-packages/discord/client.py", line 465, in _run_event
    await coro(*args, **kwargs)
  File "/app/asu_discord/cogs/analytics.py", line 652, in on_member_update
    before_timeout = before.timed_out_until
                     ^^^^^^^^^^^^^^^^^^^^^^
AttributeError: 'Member' object has no attribute 'timed_out_until'
Ignoring exception in on_member_update
Traceback (most recent call last):
  File "/usr/local/lib/python3.12/site-packages/discord/client.py", line 465, in _run_event
    await coro(*args, **kwargs)
  File "/app/asu_discord/cogs/analytics.py", line 652, in on_member_update
    before_timeout = before.timed_out_until
                     ^^^^^^^^^^^^^^^^^^^^^^
AttributeError: 'Member' object has no attribute 'timed_out_until'
Ignoring exception in on_member_update
Traceback (most recent call last):
  File "/usr/local/lib/python3.12/site-packages/discord/client.py", line 465, in _run_event
    await coro(*args, **kwargs)
  File "/app/asu_discord/cogs/analytics.py", line 652, in on_member_update
    before_timeout = before.timed_out_until
                     ^^^^^^^^^^^^^^^^^^^^^^
AttributeError: 'Member' object has no attribute 'timed_out_until'
Ignoring exception in on_member_update
Traceback (most recent call last):
  File "/usr/local/lib/python3.12/site-packages/discord/client.py", line 465, in _run_event
    await coro(*args, **kwargs)
  File "/app/asu_discord/cogs/analytics.py", line 652, in on_member_update
    before_timeout = before.timed_out_until
                     ^^^^^^^^^^^^^^^^^^^^^^
AttributeError: 'Member' object has no attribute 'timed_out_until'
Ignoring exception in on_member_update
Traceback (most recent call last):
  File "/usr/local/lib/python3.12/site-packages/discord/client.py", line 465, in _run_event
    await coro(*args, **kwargs)
  File "/app/asu_discord/cogs/analytics.py", line 652, in on_member_update
    before_timeout = before.timed_out_until
                     ^^^^^^^^^^^^^^^^^^^^^^
AttributeError: 'Member' object has no attribute 'timed_out_until'
Ignoring exception in on_member_update
Traceback (most recent call last):
  File "/usr/local/lib/python3.12/site-packages/discord/client.py", line 465, in _run_event
    await coro(*args, **kwargs)
  File "/app/asu_discord/cogs/analytics.py", line 652, in on_member_update
    before_timeout = before.timed_out_until
                     ^^^^^^^^^^^^^^^^^^^^^^
AttributeError: 'Member' object has no attribute 'timed_out_until'
Ignoring exception in on_member_update
Traceback (most recent call last):
  File "/usr/local/lib/python3.12/site-packages/discord/client.py", line 465, in _run_event
    await coro(*args, **kwargs)
  File "/app/asu_discord/cogs/analytics.py", line 652, in on_member_update
    before_timeout = before.timed_out_until
                     ^^^^^^^^^^^^^^^^^^^^^^
AttributeError: 'Member' object has no attribute 'timed_out_until'
INFO:asu_discord.cogs.verification:Saved 5 roles to database for user jhobbs18 (Discord ID: 502849695907971073)
INFO:asu_discord.cogs.verification:Refreshed Salesforce roles for Discord user 502849695907971073: -5/+5 roles, assigned=[Arizona Resident, Commited, First Year, Ira A. Fulton Schools of Engineering, Tempe]
Ignoring exception in on_member_update
Traceback (most recent call last):
  File "/usr/local/lib/python3.12/site-packages/discord/client.py", line 465, in _run_event
    await coro(*args, **kwargs)
  File "/app/asu_discord/cogs/analytics.py", line 652, in on_member_update
    before_timeout = before.timed_out_until
                     ^^^^^^^^^^^^^^^^^^^^^^
AttributeError: 'Member' object has no attribute 'timed_out_until'
Ignoring exception in on_member_update
Traceback (most recent call last):
  File "/usr/local/lib/python3.12/site-packages/discord/client.py", line 465, in _run_event
    await coro(*args, **kwargs)
  File "/app/asu_discord/cogs/analytics.py", line 652, in on_member_update
    before_timeout = before.timed_out_until
                     ^^^^^^^^^^^^^^^^^^^^^^
AttributeError: 'Member' object has no attribute 'timed_out_until'
Ignoring exception in on_member_update
Traceback (most recent call last):
  File "/usr/local/lib/python3.12/site-packages/discord/client.py", line 465, in _run_event
    await coro(*args, **kwargs)
  File "/app/asu_discord/cogs/analytics.py", line 652, in on_member_update
    before_timeout = before.timed_out_until
                     ^^^^^^^^^^^^^^^^^^^^^^
AttributeError: 'Member' object has no attribute 'timed_out_until'
Ignoring exception in on_member_update
Traceback (most recent call last):
  File "/usr/local/lib/python3.12/site-packages/discord/client.py", line 465, in _run_event
    await coro(*args, **kwargs)
  File "/app/asu_discord/cogs/analytics.py", line 652, in on_member_update
    before_timeout = before.timed_out_until
                     ^^^^^^^^^^^^^^^^^^^^^^
AttributeError: 'Member' object has no attribute 'timed_out_until'
Ignoring exception in on_member_update
Traceback (most recent call last):
  File "/usr/local/lib/python3.12/site-packages/discord/client.py", line 465, in _run_event
    await coro(*args, **kwargs)
  File "/app/asu_discord/cogs/analytics.py", line 652, in on_member_update
    before_timeout = before.timed_out_until
                     ^^^^^^^^^^^^^^^^^^^^^^
AttributeError: 'Member' object has no attribute 'timed_out_until'
Ignoring exception in on_member_update
Traceback (most recent call last):
  File "/usr/local/lib/python3.12/site-packages/discord/client.py", line 465, in _run_event
    await coro(*args, **kwargs)
  File "/app/asu_discord/cogs/analytics.py", line 652, in on_member_update
    before_timeout = before.timed_out_until
                     ^^^^^^^^^^^^^^^^^^^^^^
AttributeError: 'Member' object has no attribute 'timed_out_until'
Ignoring exception in on_member_update
Traceback (most recent call last):
  File "/usr/local/lib/python3.12/site-packages/discord/client.py", line 465, in _run_event
    await coro(*args, **kwargs)
  File "/app/asu_discord/cogs/analytics.py", line 652, in on_member_update
    before_timeout = before.timed_out_until
                     ^^^^^^^^^^^^^^^^^^^^^^
AttributeError: 'Member' object has no attribute 'timed_out_until'
Ignoring exception in on_member_update
Traceback (most recent call last):
  File "/usr/local/lib/python3.12/site-packages/discord/client.py", line 465, in _run_event
    await coro(*args, **kwargs)
  File "/app/asu_discord/cogs/analytics.py", line 652, in on_member_update
    before_timeout = before.timed_out_until
                     ^^^^^^^^^^^^^^^^^^^^^^
AttributeError: 'Member' object has no attribute 'timed_out_until'
INFO:asu_discord.cogs.verification:Saved 4 roles to database for user znjenkin (Discord ID: 725574154862198824)
INFO:asu_discord.cogs.verification:Refreshed Salesforce roles for Discord user 725574154862198824: -4/+4 roles, assigned=[Arizona Resident, First Year, Herberger Institute for Design and the Arts, Tempe]
Ignoring exception in on_member_update
Traceback (most recent call last):
  File "/usr/local/lib/python3.12/site-packages/discord/client.py", line 465, in _run_event
    await coro(*args, **kwargs)
  File "/app/asu_discord/cogs/analytics.py", line 652, in on_member_update
    before_timeout = before.timed_out_until
                     ^^^^^^^^^^^^^^^^^^^^^^
AttributeError: 'Member' object has no attribute 'timed_out_until'
Ignoring exception in on_member_update
Traceback (most recent call last):
  File "/usr/local/lib/python3.12/site-packages/discord/client.py", line 465, in _run_event
    await coro(*args, **kwargs)
  File "/app/asu_discord/cogs/analytics.py", line 652, in on_member_update
    before_timeout = before.timed_out_until
                     ^^^^^^^^^^^^^^^^^^^^^^
AttributeError: 'Member' object has no attribute 'timed_out_until'
Ignoring exception in on_member_update
Traceback (most recent call last):
  File "/usr/local/lib/python3.12/site-packages/discord/client.py", line 465, in _run_event
    await coro(*args, **kwargs)
  File "/app/asu_discord/cogs/analytics.py", line 652, in on_member_update
    before_timeout = before.timed_out_until
                     ^^^^^^^^^^^^^^^^^^^^^^
AttributeError: 'Member' object has no attribute 'timed_out_until'
Ignoring exception in on_member_update
Traceback (most recent call last):
  File "/usr/local/lib/python3.12/site-packages/discord/client.py", line 465, in _run_event
    await coro(*args, **kwargs)
  File "/app/asu_discord/cogs/analytics.py", line 652, in on_member_update
    before_timeout = before.timed_out_until
                     ^^^^^^^^^^^^^^^^^^^^^^
AttributeError: 'Member' object has no attribute 'timed_out_until'
Ignoring exception in on_member_update
Traceback (most recent call last):
  File "/usr/local/lib/python3.12/site-packages/discord/client.py", line 465, in _run_event
    await coro(*args, **kwargs)
  File "/app/asu_discord/cogs/analytics.py", line 652, in on_member_update
    before_timeout = before.timed_out_until
                     ^^^^^^^^^^^^^^^^^^^^^^
AttributeError: 'Member' object has no attribute 'timed_out_until'
Ignoring exception in on_member_update
Traceback (most recent call last):
  File "/usr/local/lib/python3.12/site-packages/discord/client.py", line 465, in _run_event
    await coro(*args, **kwargs)
  File "/app/asu_discord/cogs/analytics.py", line 652, in on_member_update
    before_timeout = before.timed_out_until
                     ^^^^^^^^^^^^^^^^^^^^^^
AttributeError: 'Member' object has no attribute 'timed_out_until'
Ignoring exception in on_member_update
Traceback (most recent call last):
  File "/usr/local/lib/python3.12/site-packages/discord/client.py", line 465, in _run_event
    await coro(*args, **kwargs)
  File "/app/asu_discord/cogs/analytics.py", line 652, in on_member_update
    before_timeout = before.timed_out_until
                     ^^^^^^^^^^^^^^^^^^^^^^
AttributeError: 'Member' object has no attribute 'timed_out_until'
Ignoring exception in on_member_update
Traceback (most recent call last):
  File "/usr/local/lib/python3.12/site-packages/discord/client.py", line 465, in _run_event
    await coro(*args, **kwargs)
  File "/app/asu_discord/cogs/analytics.py", line 652, in on_member_update
    before_timeout = before.timed_out_until
                     ^^^^^^^^^^^^^^^^^^^^^^
AttributeError: 'Member' object has no attribute 'timed_out_until'
Ignoring exception in on_member_update
Traceback (most recent call last):
  File "/usr/local/lib/python3.12/site-packages/discord/client.py", line 465, in _run_event
    await coro(*args, **kwargs)
  File "/app/asu_discord/cogs/analytics.py", line 652, in on_member_update
    before_timeout = before.timed_out_until
                     ^^^^^^^^^^^^^^^^^^^^^^
AttributeError: 'Member' object has no attribute 'timed_out_until'
Ignoring exception in on_member_update
Traceback (most recent call last):
  File "/usr/local/lib/python3.12/site-packages/discord/client.py", line 465, in _run_event
    await coro(*args, **kwargs)
  File "/app/asu_discord/cogs/analytics.py", line 652, in on_member_update
    before_timeout = before.timed_out_until
                     ^^^^^^^^^^^^^^^^^^^^^^
AttributeError: 'Member' object has no attribute 'timed_out_until'
INFO:asu_discord.cogs.verification:Saved 5 roles to database for user eipeter1 (Discord ID: 1074800020076900433)
INFO:asu_discord.cogs.verification:Refreshed Salesforce roles for Discord user 1074800020076900433: -5/+5 roles, assigned=[Arizona Resident, Commited, First Year, Ira A. Fulton Schools of Engineering, Tempe]
Ignoring exception in on_member_update
Traceback (most recent call last):
  File "/usr/local/lib/python3.12/site-packages/discord/client.py", line 465, in _run_event
    await coro(*args, **kwargs)
  File "/app/asu_discord/cogs/analytics.py", line 652, in on_member_update
    before_timeout = before.timed_out_until
                     ^^^^^^^^^^^^^^^^^^^^^^
AttributeError: 'Member' object has no attribute 'timed_out_until'
Ignoring exception in on_member_update
Traceback (most recent call last):
  File "/usr/local/lib/python3.12/site-packages/discord/client.py", line 465, in _run_event
    await coro(*args, **kwargs)
  File "/app/asu_discord/cogs/analytics.py", line 652, in on_member_update
    before_timeout = before.timed_out_until
                     ^^^^^^^^^^^^^^^^^^^^^^
AttributeError: 'Member' object has no attribute 'timed_out_until'
Ignoring exception in on_member_update
Traceback (most recent call last):
  File "/usr/local/lib/python3.12/site-packages/discord/client.py", line 465, in _run_event
    await coro(*args, **kwargs)
  File "/app/asu_discord/cogs/analytics.py", line 652, in on_member_update
    before_timeout = before.timed_out_until
                     ^^^^^^^^^^^^^^^^^^^^^^
AttributeError: 'Member' object has no attribute 'timed_out_until'
Ignoring exception in on_member_update
Traceback (most recent call last):
  File "/usr/local/lib/python3.12/site-packages/discord/client.py", line 465, in _run_event
    await coro(*args, **kwargs)
  File "/app/asu_discord/cogs/analytics.py", line 652, in on_member_update
    before_timeout = before.timed_out_until
                     ^^^^^^^^^^^^^^^^^^^^^^
AttributeError: 'Member' object has no attribute 'timed_out_until'
Ignoring exception in on_member_update
Traceback (most recent call last):
  File "/usr/local/lib/python3.12/site-packages/discord/client.py", line 465, in _run_event
    await coro(*args, **kwargs)
  File "/app/asu_discord/cogs/analytics.py", line 652, in on_member_update
    before_timeout = before.timed_out_until
                     ^^^^^^^^^^^^^^^^^^^^^^
AttributeError: 'Member' object has no attribute 'timed_out_until'
Ignoring exception in on_member_update
Traceback (most recent call last):
  File "/usr/local/lib/python3.12/site-packages/discord/client.py", line 465, in _run_event
    await coro(*args, **kwargs)
  File "/app/asu_discord/cogs/analytics.py", line 652, in on_member_update
    before_timeout = before.timed_out_until
                     ^^^^^^^^^^^^^^^^^^^^^^
AttributeError: 'Member' object has no attribute 'timed_out_until'
Ignoring exception in on_member_update
Traceback (most recent call last):
  File "/usr/local/lib/python3.12/site-packages/discord/client.py", line 465, in _run_event
    await coro(*args, **kwargs)
  File "/app/asu_discord/cogs/analytics.py", line 652, in on_member_update
    before_timeout = before.timed_out_until
                     ^^^^^^^^^^^^^^^^^^^^^^
AttributeError: 'Member' object has no attribute 'timed_out_until'
Ignoring exception in on_member_update
Traceback (most recent call last):
  File "/usr/local/lib/python3.12/site-packages/discord/client.py", line 465, in _run_event
    await coro(*args, **kwargs)
  File "/app/asu_discord/cogs/analytics.py", line 652, in on_member_update
    before_timeout = before.timed_out_until
                     ^^^^^^^^^^^^^^^^^^^^^^
AttributeError: 'Member' object has no attribute 'timed_out_until'
Ignoring exception in on_member_update
Traceback (most recent call last):
  File "/usr/local/lib/python3.12/site-packages/discord/client.py", line 465, in _run_event
    await coro(*args, **kwargs)
  File "/app/asu_discord/cogs/analytics.py", line 652, in on_member_update
    before_timeout = before.timed_out_until
                     ^^^^^^^^^^^^^^^^^^^^^^
AttributeError: 'Member' object has no attribute 'timed_out_until'
INFO:asu_discord.cogs.verification:Saved 5 roles to database for user dalva103 (Discord ID: 778726817128382504)
INFO:asu_discord.cogs.verification:Refreshed Salesforce roles for Discord user 778726817128382504: -5/+4 roles, assigned=[Arizona Resident, Commited, First Year, Ira A. Fulton Schools of Engineering, Tempe]
Ignoring exception in on_member_update
Traceback (most recent call last):
  File "/usr/local/lib/python3.12/site-packages/discord/client.py", line 465, in _run_event
    await coro(*args, **kwargs)
  File "/app/asu_discord/cogs/analytics.py", line 652, in on_member_update
    before_timeout = before.timed_out_until
                     ^^^^^^^^^^^^^^^^^^^^^^
AttributeError: 'Member' object has no attribute 'timed_out_until'
Ignoring exception in on_member_update
Traceback (most recent call last):
  File "/usr/local/lib/python3.12/site-packages/discord/client.py", line 465, in _run_event
    await coro(*args, **kwargs)
  File "/app/asu_discord/cogs/analytics.py", line 652, in on_member_update
    before_timeout = before.timed_out_until
                     ^^^^^^^^^^^^^^^^^^^^^^
AttributeError: 'Member' object has no attribute 'timed_out_until'
Ignoring exception in on_member_update
Traceback (most recent call last):
  File "/usr/local/lib/python3.12/site-packages/discord/client.py", line 465, in _run_event
    await coro(*args, **kwargs)
  File "/app/asu_discord/cogs/analytics.py", line 652, in on_member_update
    before_timeout = before.timed_out_until
                     ^^^^^^^^^^^^^^^^^^^^^^
AttributeError: 'Member' object has no attribute 'timed_out_until'
Ignoring exception in on_member_update
Traceback (most recent call last):
  File "/usr/local/lib/python3.12/site-packages/discord/client.py", line 465, in _run_event
    await coro(*args, **kwargs)
  File "/app/asu_discord/cogs/analytics.py", line 652, in on_member_update
    before_timeout = before.timed_out_until
                     ^^^^^^^^^^^^^^^^^^^^^^
AttributeError: 'Member' object has no attribute 'timed_out_until'
Ignoring exception in on_member_update
Traceback (most recent call last):
  File "/usr/local/lib/python3.12/site-packages/discord/client.py", line 465, in _run_event
    await coro(*args, **kwargs)
  File "/app/asu_discord/cogs/analytics.py", line 652, in on_member_update
    before_timeout = before.timed_out_until
                     ^^^^^^^^^^^^^^^^^^^^^^
AttributeError: 'Member' object has no attribute 'timed_out_until'
Ignoring exception in on_member_update
Traceback (most recent call last):
  File "/usr/local/lib/python3.12/site-packages/discord/client.py", line 465, in _run_event
    await coro(*args, **kwargs)
  File "/app/asu_discord/cogs/analytics.py", line 652, in on_member_update
    before_timeout = before.timed_out_until
                     ^^^^^^^^^^^^^^^^^^^^^^
AttributeError: 'Member' object has no attribute 'timed_out_until'
Ignoring exception in on_member_update
Traceback (most recent call last):
  File "/usr/local/lib/python3.12/site-packages/discord/client.py", line 465, in _run_event
    await coro(*args, **kwargs)
  File "/app/asu_discord/cogs/analytics.py", line 652, in on_member_update
    before_timeout = before.timed_out_until
                     ^^^^^^^^^^^^^^^^^^^^^^
AttributeError: 'Member' object has no attribute 'timed_out_until'
Ignoring exception in on_member_update
Traceback (most recent call last):
  File "/usr/local/lib/python3.12/site-packages/discord/client.py", line 465, in _run_event
    await coro(*args, **kwargs)
  File "/app/asu_discord/cogs/analytics.py", line 652, in on_member_update
    before_timeout = before.timed_out_until
                     ^^^^^^^^^^^^^^^^^^^^^^
AttributeError: 'Member' object has no attribute 'timed_out_until'
Ignoring exception in on_member_update
Traceback (most recent call last):
  File "/usr/local/lib/python3.12/site-packages/discord/client.py", line 465, in _run_event
    await coro(*args, **kwargs)
  File "/app/asu_discord/cogs/analytics.py", line 652, in on_member_update
    before_timeout = before.timed_out_until
                     ^^^^^^^^^^^^^^^^^^^^^^
AttributeError: 'Member' object has no attribute 'timed_out_until'
Ignoring exception in on_member_update
Traceback (most recent call last):
  File "/usr/local/lib/python3.12/site-packages/discord/client.py", line 465, in _run_event
    await coro(*args, **kwargs)
  File "/app/asu_discord/cogs/analytics.py", line 652, in on_member_update
    before_timeout = before.timed_out_until
                     ^^^^^^^^^^^^^^^^^^^^^^
AttributeError: 'Member' object has no attribute 'timed_out_until'
INFO:asu_discord.cogs.verification:Saved 5 roles to database for user ndyontz (Discord ID: 1079567898189758484)
INFO:asu_discord.cogs.verification:Refreshed Salesforce roles for Discord user 1079567898189758484: -5/+5 roles, assigned=[Arizona Resident, Commited, First Year, Ira A. Fulton Schools of Engineering, Polytechnic]
Ignoring exception in on_member_update
Traceback (most recent call last):
  File "/usr/local/lib/python3.12/site-packages/discord/client.py", line 465, in _run_event
    await coro(*args, **kwargs)
  File "/app/asu_discord/cogs/analytics.py", line 652, in on_member_update
    before_timeout = before.timed_out_until
                     ^^^^^^^^^^^^^^^^^^^^^^
AttributeError: 'Member' object has no attribute 'timed_out_until'
Ignoring exception in on_member_update
Traceback (most recent call last):
  File "/usr/local/lib/python3.12/site-packages/discord/client.py", line 465, in _run_event
    await coro(*args, **kwargs)
  File "/app/asu_discord/cogs/analytics.py", line 652, in on_member_update
    before_timeout = before.timed_out_until
                     ^^^^^^^^^^^^^^^^^^^^^^
AttributeError: 'Member' object has no attribute 'timed_out_until'
Ignoring exception in on_member_update
Traceback (most recent call last):
  File "/usr/local/lib/python3.12/site-packages/discord/client.py", line 465, in _run_event
    await coro(*args, **kwargs)
  File "/app/asu_discord/cogs/analytics.py", line 652, in on_member_update
    before_timeout = before.timed_out_until
                     ^^^^^^^^^^^^^^^^^^^^^^
AttributeError: 'Member' object has no attribute 'timed_out_until'
Ignoring exception in on_member_update
Traceback (most recent call last):
  File "/usr/local/lib/python3.12/site-packages/discord/client.py", line 465, in _run_event
    await coro(*args, **kwargs)
  File "/app/asu_discord/cogs/analytics.py", line 652, in on_member_update
    before_timeout = before.timed_out_until
                     ^^^^^^^^^^^^^^^^^^^^^^
AttributeError: 'Member' object has no attribute 'timed_out_until'
Ignoring exception in on_member_update
Traceback (most recent call last):
  File "/usr/local/lib/python3.12/site-packages/discord/client.py", line 465, in _run_event
    await coro(*args, **kwargs)
  File "/app/asu_discord/cogs/analytics.py", line 652, in on_member_update
    before_timeout = before.timed_out_until
                     ^^^^^^^^^^^^^^^^^^^^^^
AttributeError: 'Member' object has no attribute 'timed_out_until'
Ignoring exception in on_member_update
Traceback (most recent call last):
  File "/usr/local/lib/python3.12/site-packages/discord/client.py", line 465, in _run_event
    await coro(*args, **kwargs)
  File "/app/asu_discord/cogs/analytics.py", line 652, in on_member_update
    before_timeout = before.timed_out_until
                     ^^^^^^^^^^^^^^^^^^^^^^
AttributeError: 'Member' object has no attribute 'timed_out_until'
Ignoring exception in on_member_update
Traceback (most recent call last):
  File "/usr/local/lib/python3.12/site-packages/discord/client.py", line 465, in _run_event
    await coro(*args, **kwargs)
  File "/app/asu_discord/cogs/analytics.py", line 652, in on_member_update
    before_timeout = before.timed_out_until
                     ^^^^^^^^^^^^^^^^^^^^^^
AttributeError: 'Member' object has no attribute 'timed_out_until'
Ignoring exception in on_member_update
Traceback (most recent call last):
  File "/usr/local/lib/python3.12/site-packages/discord/client.py", line 465, in _run_event
    await coro(*args, **kwargs)
  File "/app/asu_discord/cogs/analytics.py", line 652, in on_member_update
    before_timeout = before.timed_out_until
                     ^^^^^^^^^^^^^^^^^^^^^^
AttributeError: 'Member' object has no attribute 'timed_out_until'
Ignoring exception in on_member_update
Traceback (most recent call last):
  File "/usr/local/lib/python3.12/site-packages/discord/client.py", line 465, in _run_event
    await coro(*args, **kwargs)
  File "/app/asu_discord/cogs/analytics.py", line 652, in on_member_update
    before_timeout = before.timed_out_until
                     ^^^^^^^^^^^^^^^^^^^^^^
AttributeError: 'Member' object has no attribute 'timed_out_until'
Ignoring exception in on_member_update
Traceback (most recent call last):
  File "/usr/local/lib/python3.12/site-packages/discord/client.py", line 465, in _run_event
    await coro(*args, **kwargs)
  File "/app/asu_discord/cogs/analytics.py", line 652, in on_member_update
    before_timeout = before.timed_out_until
                     ^^^^^^^^^^^^^^^^^^^^^^
AttributeError: 'Member' object has no attribute 'timed_out_until'
INFO:asu_discord.cogs.verification:Saved 5 roles to database for user jtomasso (Discord ID: 929226379663376384)
INFO:asu_discord.cogs.verification:Refreshed Salesforce roles for Discord user 929226379663376384: -5/+5 roles, assigned=[Commited, First Year, Ira A. Fulton Schools of Engineering, Out of State, Polytechnic]
Ignoring exception in on_member_update
Traceback (most recent call last):
  File "/usr/local/lib/python3.12/site-packages/discord/client.py", line 465, in _run_event
    await coro(*args, **kwargs)
  File "/app/asu_discord/cogs/analytics.py", line 652, in on_member_update
    before_timeout = before.timed_out_until
                     ^^^^^^^^^^^^^^^^^^^^^^
AttributeError: 'Member' object has no attribute 'timed_out_until'
Ignoring exception in on_member_update
Traceback (most recent call last):
  File "/usr/local/lib/python3.12/site-packages/discord/client.py", line 465, in _run_event
    await coro(*args, **kwargs)
  File "/app/asu_discord/cogs/analytics.py", line 652, in on_member_update
    before_timeout = before.timed_out_until
                     ^^^^^^^^^^^^^^^^^^^^^^
AttributeError: 'Member' object has no attribute 'timed_out_until'
Ignoring exception in on_member_update
Traceback (most recent call last):
  File "/usr/local/lib/python3.12/site-packages/discord/client.py", line 465, in _run_event
    await coro(*args, **kwargs)
  File "/app/asu_discord/cogs/analytics.py", line 652, in on_member_update
    before_timeout = before.timed_out_until
                     ^^^^^^^^^^^^^^^^^^^^^^
AttributeError: 'Member' object has no attribute 'timed_out_until'
Ignoring exception in on_member_update
Traceback (most recent call last):
  File "/usr/local/lib/python3.12/site-packages/discord/client.py", line 465, in _run_event
    await coro(*args, **kwargs)
  File "/app/asu_discord/cogs/analytics.py", line 652, in on_member_update
    before_timeout = before.timed_out_until
                     ^^^^^^^^^^^^^^^^^^^^^^
AttributeError: 'Member' object has no attribute 'timed_out_until'
Ignoring exception in on_member_update
Traceback (most recent call last):
  File "/usr/local/lib/python3.12/site-packages/discord/client.py", line 465, in _run_event
    await coro(*args, **kwargs)
  File "/app/asu_discord/cogs/analytics.py", line 652, in on_member_update
    before_timeout = before.timed_out_until
                     ^^^^^^^^^^^^^^^^^^^^^^
AttributeError: 'Member' object has no attribute 'timed_out_until'
Ignoring exception in on_member_update
Traceback (most recent call last):
  File "/usr/local/lib/python3.12/site-packages/discord/client.py", line 465, in _run_event
    await coro(*args, **kwargs)
  File "/app/asu_discord/cogs/analytics.py", line 652, in on_member_update
    before_timeout = before.timed_out_until
                     ^^^^^^^^^^^^^^^^^^^^^^
AttributeError: 'Member' object has no attribute 'timed_out_until'
Ignoring exception in on_member_update
Traceback (most recent call last):
  File "/usr/local/lib/python3.12/site-packages/discord/client.py", line 465, in _run_event
    await coro(*args, **kwargs)
  File "/app/asu_discord/cogs/analytics.py", line 652, in on_member_update
    before_timeout = before.timed_out_until
                     ^^^^^^^^^^^^^^^^^^^^^^
AttributeError: 'Member' object has no attribute 'timed_out_until'
Ignoring exception in on_member_update
Traceback (most recent call last):
  File "/usr/local/lib/python3.12/site-packages/discord/client.py", line 465, in _run_event
    await coro(*args, **kwargs)
  File "/app/asu_discord/cogs/analytics.py", line 652, in on_member_update
    before_timeout = before.timed_out_until
                     ^^^^^^^^^^^^^^^^^^^^^^
AttributeError: 'Member' object has no attribute 'timed_out_until'
Ignoring exception in on_member_update
Traceback (most recent call last):
  File "/usr/local/lib/python3.12/site-packages/discord/client.py", line 465, in _run_event
    await coro(*args, **kwargs)
  File "/app/asu_discord/cogs/analytics.py", line 652, in on_member_update
    before_timeout = before.timed_out_until
                     ^^^^^^^^^^^^^^^^^^^^^^
AttributeError: 'Member' object has no attribute 'timed_out_until'
Ignoring exception in on_member_update
Traceback (most recent call last):
  File "/usr/local/lib/python3.12/site-packages/discord/client.py", line 465, in _run_event
    await coro(*args, **kwargs)
  File "/app/asu_discord/cogs/analytics.py", line 652, in on_member_update
    before_timeout = before.timed_out_until
                     ^^^^^^^^^^^^^^^^^^^^^^
AttributeError: 'Member' object has no attribute 'timed_out_until'
INFO:asu_discord.cogs.verification:Saved 5 roles to database for user msjohn53 (Discord ID: 1487576714669457428)
INFO:asu_discord.cogs.verification:Refreshed Salesforce roles for Discord user 1487576714669457428: -5/+5 roles, assigned=[Downtown Phoenix, First Generation Student, Graduate Student, Out of State, Watts College of Public Service and Community Solutions]
Ignoring exception in on_member_update
Traceback (most recent call last):
  File "/usr/local/lib/python3.12/site-packages/discord/client.py", line 465, in _run_event
    await coro(*args, **kwargs)
  File "/app/asu_discord/cogs/analytics.py", line 652, in on_member_update
    before_timeout = before.timed_out_until
                     ^^^^^^^^^^^^^^^^^^^^^^
AttributeError: 'Member' object has no attribute 'timed_out_until'
Ignoring exception in on_member_update
Traceback (most recent call last):
  File "/usr/local/lib/python3.12/site-packages/discord/client.py", line 465, in _run_event
    await coro(*args, **kwargs)
  File "/app/asu_discord/cogs/analytics.py", line 652, in on_member_update
    before_timeout = before.timed_out_until
                     ^^^^^^^^^^^^^^^^^^^^^^
AttributeError: 'Member' object has no attribute 'timed_out_until'
Ignoring exception in on_member_update
Traceback (most recent call last):
  File "/usr/local/lib/python3.12/site-packages/discord/client.py", line 465, in _run_event
    await coro(*args, **kwargs)
  File "/app/asu_discord/cogs/analytics.py", line 652, in on_member_update
    before_timeout = before.timed_out_until
                     ^^^^^^^^^^^^^^^^^^^^^^
AttributeError: 'Member' object has no attribute 'timed_out_until'
Ignoring exception in on_member_update
Traceback (most recent call last):
  File "/usr/local/lib/python3.12/site-packages/discord/client.py", line 465, in _run_event
    await coro(*args, **kwargs)
  File "/app/asu_discord/cogs/analytics.py", line 652, in on_member_update
    before_timeout = before.timed_out_until
                     ^^^^^^^^^^^^^^^^^^^^^^
AttributeError: 'Member' object has no attribute 'timed_out_until'
Ignoring exception in on_member_update
Traceback (most recent call last):
  File "/usr/local/lib/python3.12/site-packages/discord/client.py", line 465, in _run_event
    await coro(*args, **kwargs)
  File "/app/asu_discord/cogs/analytics.py", line 652, in on_member_update
    before_timeout = before.timed_out_until
                     ^^^^^^^^^^^^^^^^^^^^^^
AttributeError: 'Member' object has no attribute 'timed_out_until'
Ignoring exception in on_member_update
Traceback (most recent call last):
  File "/usr/local/lib/python3.12/site-packages/discord/client.py", line 465, in _run_event
    await coro(*args, **kwargs)
  File "/app/asu_discord/cogs/analytics.py", line 652, in on_member_update
    before_timeout = before.timed_out_until
                     ^^^^^^^^^^^^^^^^^^^^^^
AttributeError: 'Member' object has no attribute 'timed_out_until'
Ignoring exception in on_member_update
Traceback (most recent call last):
  File "/usr/local/lib/python3.12/site-packages/discord/client.py", line 465, in _run_event
    await coro(*args, **kwargs)
  File "/app/asu_discord/cogs/analytics.py", line 652, in on_member_update
    before_timeout = before.timed_out_until
                     ^^^^^^^^^^^^^^^^^^^^^^
AttributeError: 'Member' object has no attribute 'timed_out_until'
Ignoring exception in on_member_update
Traceback (most recent call last):
  File "/usr/local/lib/python3.12/site-packages/discord/client.py", line 465, in _run_event
    await coro(*args, **kwargs)
  File "/app/asu_discord/cogs/analytics.py", line 652, in on_member_update
    before_timeout = before.timed_out_until
                     ^^^^^^^^^^^^^^^^^^^^^^
AttributeError: 'Member' object has no attribute 'timed_out_until'
Ignoring exception in on_member_update
Traceback (most recent call last):
  File "/usr/local/lib/python3.12/site-packages/discord/client.py", line 465, in _run_event
    await coro(*args, **kwargs)
  File "/app/asu_discord/cogs/analytics.py", line 652, in on_member_update
    before_timeout = before.timed_out_until
                     ^^^^^^^^^^^^^^^^^^^^^^
AttributeError: 'Member' object has no attribute 'timed_out_until'
INFO:asu_discord.cogs.verification:Saved 5 roles to database for user zpusz (Discord ID: 1023763043756286073)
INFO:asu_discord.cogs.verification:Refreshed Salesforce roles for Discord user 1023763043756286073: -4/+5 roles, assigned=[Arizona Resident, College of Health Solutions, Commited, Downtown Phoenix, First Year]
Ignoring exception in on_member_update
Traceback (most recent call last):
  File "/usr/local/lib/python3.12/site-packages/discord/client.py", line 465, in _run_event
    await coro(*args, **kwargs)
  File "/app/asu_discord/cogs/analytics.py", line 652, in on_member_update
    before_timeout = before.timed_out_until
                     ^^^^^^^^^^^^^^^^^^^^^^
AttributeError: 'Member' object has no attribute 'timed_out_until'
Ignoring exception in on_member_update
Traceback (most recent call last):
  File "/usr/local/lib/python3.12/site-packages/discord/client.py", line 465, in _run_event
    await coro(*args, **kwargs)
  File "/app/asu_discord/cogs/analytics.py", line 652, in on_member_update
    before_timeout = before.timed_out_until
                     ^^^^^^^^^^^^^^^^^^^^^^
AttributeError: 'Member' object has no attribute 'timed_out_until'
Ignoring exception in on_member_update
Traceback (most recent call last):
  File "/usr/local/lib/python3.12/site-packages/discord/client.py", line 465, in _run_event
    await coro(*args, **kwargs)
  File "/app/asu_discord/cogs/analytics.py", line 652, in on_member_update
    before_timeout = before.timed_out_until
                     ^^^^^^^^^^^^^^^^^^^^^^
AttributeError: 'Member' object has no attribute 'timed_out_until'
Ignoring exception in on_member_update
Traceback (most recent call last):
  File "/usr/local/lib/python3.12/site-packages/discord/client.py", line 465, in _run_event
    await coro(*args, **kwargs)
  File "/app/asu_discord/cogs/analytics.py", line 652, in on_member_update
    before_timeout = before.timed_out_until
                     ^^^^^^^^^^^^^^^^^^^^^^
AttributeError: 'Member' object has no attribute 'timed_out_until'
Ignoring exception in on_member_update
Traceback (most recent call last):
  File "/usr/local/lib/python3.12/site-packages/discord/client.py", line 465, in _run_event
    await coro(*args, **kwargs)
  File "/app/asu_discord/cogs/analytics.py", line 652, in on_member_update
    before_timeout = before.timed_out_until
                     ^^^^^^^^^^^^^^^^^^^^^^
AttributeError: 'Member' object has no attribute 'timed_out_until'
Ignoring exception in on_member_update
Traceback (most recent call last):
  File "/usr/local/lib/python3.12/site-packages/discord/client.py", line 465, in _run_event
    await coro(*args, **kwargs)
  File "/app/asu_discord/cogs/analytics.py", line 652, in on_member_update
    before_timeout = before.timed_out_until
                     ^^^^^^^^^^^^^^^^^^^^^^
AttributeError: 'Member' object has no attribute 'timed_out_until'
Ignoring exception in on_member_update
Traceback (most recent call last):
  File "/usr/local/lib/python3.12/site-packages/discord/client.py", line 465, in _run_event
    await coro(*args, **kwargs)
  File "/app/asu_discord/cogs/analytics.py", line 652, in on_member_update
    before_timeout = before.timed_out_until
                     ^^^^^^^^^^^^^^^^^^^^^^
AttributeError: 'Member' object has no attribute 'timed_out_until'
Ignoring exception in on_member_update
Traceback (most recent call last):
  File "/usr/local/lib/python3.12/site-packages/discord/client.py", line 465, in _run_event
    await coro(*args, **kwargs)
  File "/app/asu_discord/cogs/analytics.py", line 652, in on_member_update
    before_timeout = before.timed_out_until
                     ^^^^^^^^^^^^^^^^^^^^^^
AttributeError: 'Member' object has no attribute 'timed_out_until'
Ignoring exception in on_member_update
Traceback (most recent call last):
  File "/usr/local/lib/python3.12/site-packages/discord/client.py", line 465, in _run_event
    await coro(*args, **kwargs)
  File "/app/asu_discord/cogs/analytics.py", line 652, in on_member_update
    before_timeout = before.timed_out_until
                     ^^^^^^^^^^^^^^^^^^^^^^
AttributeError: 'Member' object has no attribute 'timed_out_until'
Ignoring exception in on_member_update
Traceback (most recent call last):
  File "/usr/local/lib/python3.12/site-packages/discord/client.py", line 465, in _run_event
    await coro(*args, **kwargs)
  File "/app/asu_discord/cogs/analytics.py", line 652, in on_member_update
    before_timeout = before.timed_out_until
                     ^^^^^^^^^^^^^^^^^^^^^^
AttributeError: 'Member' object has no attribute 'timed_out_until'
INFO:asu_discord.cogs.verification:Saved 5 roles to database for user spadams8 (Discord ID: 1487594933316751531)
INFO:asu_discord.cogs.verification:Refreshed Salesforce roles for Discord user 1487594933316751531: -5/+5 roles, assigned=[Commited, Downtown Phoenix, First Year, Out of State, Walter Cronkite School of Journalism and Mass Communication]
Ignoring exception in on_member_update
Traceback (most recent call last):
  File "/usr/local/lib/python3.12/site-packages/discord/client.py", line 465, in _run_event
    await coro(*args, **kwargs)
  File "/app/asu_discord/cogs/analytics.py", line 652, in on_member_update
    before_timeout = before.timed_out_until
                     ^^^^^^^^^^^^^^^^^^^^^^
AttributeError: 'Member' object has no attribute 'timed_out_until'
Ignoring exception in on_member_update
Traceback (most recent call last):
  File "/usr/local/lib/python3.12/site-packages/discord/client.py", line 465, in _run_event
    await coro(*args, **kwargs)
  File "/app/asu_discord/cogs/analytics.py", line 652, in on_member_update
    before_timeout = before.timed_out_until
                     ^^^^^^^^^^^^^^^^^^^^^^
AttributeError: 'Member' object has no attribute 'timed_out_until'
Ignoring exception in on_member_update
Traceback (most recent call last):
  File "/usr/local/lib/python3.12/site-packages/discord/client.py", line 465, in _run_event
    await coro(*args, **kwargs)
  File "/app/asu_discord/cogs/analytics.py", line 652, in on_member_update
    before_timeout = before.timed_out_until
                     ^^^^^^^^^^^^^^^^^^^^^^
AttributeError: 'Member' object has no attribute 'timed_out_until'
Ignoring exception in on_member_update
Traceback (most recent call last):
  File "/usr/local/lib/python3.12/site-packages/discord/client.py", line 465, in _run_event
    await coro(*args, **kwargs)
  File "/app/asu_discord/cogs/analytics.py", line 652, in on_member_update
    before_timeout = before.timed_out_until
                     ^^^^^^^^^^^^^^^^^^^^^^
AttributeError: 'Member' object has no attribute 'timed_out_until'
Ignoring exception in on_member_update
Traceback (most recent call last):
  File "/usr/local/lib/python3.12/site-packages/discord/client.py", line 465, in _run_event
    await coro(*args, **kwargs)
  File "/app/asu_discord/cogs/analytics.py", line 652, in on_member_update
    before_timeout = before.timed_out_until
                     ^^^^^^^^^^^^^^^^^^^^^^
AttributeError: 'Member' object has no attribute 'timed_out_until'
Ignoring exception in on_member_update
Traceback (most recent call last):
  File "/usr/local/lib/python3.12/site-packages/discord/client.py", line 465, in _run_event
    await coro(*args, **kwargs)
  File "/app/asu_discord/cogs/analytics.py", line 652, in on_member_update
    before_timeout = before.timed_out_until
                     ^^^^^^^^^^^^^^^^^^^^^^
AttributeError: 'Member' object has no attribute 'timed_out_until'
Ignoring exception in on_member_update
Traceback (most recent call last):
  File "/usr/local/lib/python3.12/site-packages/discord/client.py", line 465, in _run_event
    await coro(*args, **kwargs)
  File "/app/asu_discord/cogs/analytics.py", line 652, in on_member_update
    before_timeout = before.timed_out_until
                     ^^^^^^^^^^^^^^^^^^^^^^
AttributeError: 'Member' object has no attribute 'timed_out_until'
Ignoring exception in on_member_update
Traceback (most recent call last):
  File "/usr/local/lib/python3.12/site-packages/discord/client.py", line 465, in _run_event
    await coro(*args, **kwargs)
  File "/app/asu_discord/cogs/analytics.py", line 652, in on_member_update
    before_timeout = before.timed_out_until
                     ^^^^^^^^^^^^^^^^^^^^^^
AttributeError: 'Member' object has no attribute 'timed_out_until'
Ignoring exception in on_member_update
Traceback (most recent call last):
  File "/usr/local/lib/python3.12/site-packages/discord/client.py", line 465, in _run_event
    await coro(*args, **kwargs)
  File "/app/asu_discord/cogs/analytics.py", line 652, in on_member_update
    before_timeout = before.timed_out_until
                     ^^^^^^^^^^^^^^^^^^^^^^
AttributeError: 'Member' object has no attribute 'timed_out_until'
Ignoring exception in on_member_update
Traceback (most recent call last):
  File "/usr/local/lib/python3.12/site-packages/discord/client.py", line 465, in _run_event
    await coro(*args, **kwargs)
  File "/app/asu_discord/cogs/analytics.py", line 652, in on_member_update
    before_timeout = before.timed_out_until
                     ^^^^^^^^^^^^^^^^^^^^^^
AttributeError: 'Member' object has no attribute 'timed_out_until'
Ignoring exception in on_member_update
Traceback (most recent call last):
  File "/usr/local/lib/python3.12/site-packages/discord/client.py", line 465, in _run_event
    await coro(*args, **kwargs)
  File "/app/asu_discord/cogs/analytics.py", line 652, in on_member_update
    before_timeout = before.timed_out_until
                     ^^^^^^^^^^^^^^^^^^^^^^
AttributeError: 'Member' object has no attribute 'timed_out_until'
INFO:asu_discord.cogs.verification:Saved 6 roles to database for user aterra1 (Discord ID: 1487208845594857645)
INFO:asu_discord.cogs.verification:Refreshed Salesforce roles for Discord user 1487208845594857645: -5/+6 roles, assigned=[College of Health Solutions, Commited, Downtown Phoenix, First Generation Student, First Year, Out of State]
ERROR:cron.jobs:refresh_salesforce_roles: failed for juthup (Discord ID 707814993374216292): Failed to refresh Salesforce-based roles: Discord user 707814993374216292 is not a member of the guild
Ignoring exception in on_member_update
Traceback (most recent call last):
  File "/usr/local/lib/python3.12/site-packages/discord/client.py", line 465, in _run_event
    await coro(*args, **kwargs)
  File "/app/asu_discord/cogs/analytics.py", line 652, in on_member_update
    before_timeout = before.timed_out_until
                     ^^^^^^^^^^^^^^^^^^^^^^
AttributeError: 'Member' object has no attribute 'timed_out_until'
Ignoring exception in on_member_update
Traceback (most recent call last):
  File "/usr/local/lib/python3.12/site-packages/discord/client.py", line 465, in _run_event
    await coro(*args, **kwargs)
  File "/app/asu_discord/cogs/analytics.py", line 652, in on_member_update
    before_timeout = before.timed_out_until
                     ^^^^^^^^^^^^^^^^^^^^^^
AttributeError: 'Member' object has no attribute 'timed_out_until'
Ignoring exception in on_member_update
Traceback (most recent call last):
  File "/usr/local/lib/python3.12/site-packages/discord/client.py", line 465, in _run_event
    await coro(*args, **kwargs)
  File "/app/asu_discord/cogs/analytics.py", line 652, in on_member_update
    before_timeout = before.timed_out_until
                     ^^^^^^^^^^^^^^^^^^^^^^
AttributeError: 'Member' object has no attribute 'timed_out_until'
Ignoring exception in on_member_update
Traceback (most recent call last):
  File "/usr/local/lib/python3.12/site-packages/discord/client.py", line 465, in _run_event
    await coro(*args, **kwargs)
  File "/app/asu_discord/cogs/analytics.py", line 652, in on_member_update
    before_timeout = before.timed_out_until
                     ^^^^^^^^^^^^^^^^^^^^^^
AttributeError: 'Member' object has no attribute 'timed_out_until'
Ignoring exception in on_member_update
Traceback (most recent call last):
  File "/usr/local/lib/python3.12/site-packages/discord/client.py", line 465, in _run_event
    await coro(*args, **kwargs)
  File "/app/asu_discord/cogs/analytics.py", line 652, in on_member_update
    before_timeout = before.timed_out_until
                     ^^^^^^^^^^^^^^^^^^^^^^
AttributeError: 'Member' object has no attribute 'timed_out_until'
Ignoring exception in on_member_update
Traceback (most recent call last):
  File "/usr/local/lib/python3.12/site-packages/discord/client.py", line 465, in _run_event
    await coro(*args, **kwargs)
  File "/app/asu_discord/cogs/analytics.py", line 652, in on_member_update
    before_timeout = before.timed_out_until
                     ^^^^^^^^^^^^^^^^^^^^^^
AttributeError: 'Member' object has no attribute 'timed_out_until'
Ignoring exception in on_member_update
Traceback (most recent call last):
  File "/usr/local/lib/python3.12/site-packages/discord/client.py", line 465, in _run_event
    await coro(*args, **kwargs)
  File "/app/asu_discord/cogs/analytics.py", line 652, in on_member_update
    before_timeout = before.timed_out_until
                     ^^^^^^^^^^^^^^^^^^^^^^
AttributeError: 'Member' object has no attribute 'timed_out_until'
Ignoring exception in on_member_update
Traceback (most recent call last):
  File "/usr/local/lib/python3.12/site-packages/discord/client.py", line 465, in _run_event
    await coro(*args, **kwargs)
  File "/app/asu_discord/cogs/analytics.py", line 652, in on_member_update
    before_timeout = before.timed_out_until
                     ^^^^^^^^^^^^^^^^^^^^^^
AttributeError: 'Member' object has no attribute 'timed_out_until'
Ignoring exception in on_member_update
Traceback (most recent call last):
  File "/usr/local/lib/python3.12/site-packages/discord/client.py", line 465, in _run_event
    await coro(*args, **kwargs)
  File "/app/asu_discord/cogs/analytics.py", line 652, in on_member_update
    before_timeout = before.timed_out_until
                     ^^^^^^^^^^^^^^^^^^^^^^
AttributeError: 'Member' object has no attribute 'timed_out_until'
Ignoring exception in on_member_update
Traceback (most recent call last):
  File "/usr/local/lib/python3.12/site-packages/discord/client.py", line 465, in _run_event
    await coro(*args, **kwargs)
  File "/app/asu_discord/cogs/analytics.py", line 652, in on_member_update
    before_timeout = before.timed_out_until
                     ^^^^^^^^^^^^^^^^^^^^^^
AttributeError: 'Member' object has no attribute 'timed_out_until'
INFO:asu_discord.cogs.verification:Saved 5 roles to database for user jcole122 (Discord ID: 742205082233339926)
INFO:asu_discord.cogs.verification:Refreshed Salesforce roles for Discord user 742205082233339926: -5/+5 roles, assigned=[Arizona Resident, First Generation Student, First Year, Mary Lou Fulton Teachers College, Tempe]
Ignoring exception in on_member_update
Traceback (most recent call last):
  File "/usr/local/lib/python3.12/site-packages/discord/client.py", line 465, in _run_event
    await coro(*args, **kwargs)
  File "/app/asu_discord/cogs/analytics.py", line 652, in on_member_update
    before_timeout = before.timed_out_until
                     ^^^^^^^^^^^^^^^^^^^^^^
AttributeError: 'Member' object has no attribute 'timed_out_until'
Ignoring exception in on_member_update
Traceback (most recent call last):
  File "/usr/local/lib/python3.12/site-packages/discord/client.py", line 465, in _run_event
    await coro(*args, **kwargs)
  File "/app/asu_discord/cogs/analytics.py", line 652, in on_member_update
    before_timeout = before.timed_out_until
                     ^^^^^^^^^^^^^^^^^^^^^^
AttributeError: 'Member' object has no attribute 'timed_out_until'
Ignoring exception in on_member_update
Traceback (most recent call last):
  File "/usr/local/lib/python3.12/site-packages/discord/client.py", line 465, in _run_event
    await coro(*args, **kwargs)
  File "/app/asu_discord/cogs/analytics.py", line 652, in on_member_update
    before_timeout = before.timed_out_until
                     ^^^^^^^^^^^^^^^^^^^^^^
AttributeError: 'Member' object has no attribute 'timed_out_until'
Ignoring exception in on_member_update
Traceback (most recent call last):
  File "/usr/local/lib/python3.12/site-packages/discord/client.py", line 465, in _run_event
    await coro(*args, **kwargs)
  File "/app/asu_discord/cogs/analytics.py", line 652, in on_member_update
    before_timeout = before.timed_out_until
                     ^^^^^^^^^^^^^^^^^^^^^^
AttributeError: 'Member' object has no attribute 'timed_out_until'
Ignoring exception in on_member_update
Traceback (most recent call last):
  File "/usr/local/lib/python3.12/site-packages/discord/client.py", line 465, in _run_event
    await coro(*args, **kwargs)
  File "/app/asu_discord/cogs/analytics.py", line 652, in on_member_update
    before_timeout = before.timed_out_until
                     ^^^^^^^^^^^^^^^^^^^^^^
AttributeError: 'Member' object has no attribute 'timed_out_until'
Ignoring exception in on_member_update
Traceback (most recent call last):
  File "/usr/local/lib/python3.12/site-packages/discord/client.py", line 465, in _run_event
    await coro(*args, **kwargs)
  File "/app/asu_discord/cogs/analytics.py", line 652, in on_member_update
    before_timeout = before.timed_out_until
                     ^^^^^^^^^^^^^^^^^^^^^^
AttributeError: 'Member' object has no attribute 'timed_out_until'
Ignoring exception in on_member_update
Traceback (most recent call last):
  File "/usr/local/lib/python3.12/site-packages/discord/client.py", line 465, in _run_event
    await coro(*args, **kwargs)
  File "/app/asu_discord/cogs/analytics.py", line 652, in on_member_update
    before_timeout = before.timed_out_until
                     ^^^^^^^^^^^^^^^^^^^^^^
AttributeError: 'Member' object has no attribute 'timed_out_until'
Ignoring exception in on_member_update
Traceback (most recent call last):
  File "/usr/local/lib/python3.12/site-packages/discord/client.py", line 465, in _run_event
    await coro(*args, **kwargs)
  File "/app/asu_discord/cogs/analytics.py", line 652, in on_member_update
    before_timeout = before.timed_out_until
                     ^^^^^^^^^^^^^^^^^^^^^^
AttributeError: 'Member' object has no attribute 'timed_out_until'
Ignoring exception in on_member_update
Traceback (most recent call last):
  File "/usr/local/lib/python3.12/site-packages/discord/client.py", line 465, in _run_event
    await coro(*args, **kwargs)
  File "/app/asu_discord/cogs/analytics.py", line 652, in on_member_update
    before_timeout = before.timed_out_until
                     ^^^^^^^^^^^^^^^^^^^^^^
AttributeError: 'Member' object has no attribute 'timed_out_until'
INFO:asu_discord.cogs.verification:Saved 5 roles to database for user rbethan1 (Discord ID: 239424132859691018)
INFO:asu_discord.cogs.verification:Refreshed Salesforce roles for Discord user 239424132859691018: -4/+5 roles, assigned=[Commited, Graduate Student, International Student, Ira A. Fulton Schools of Engineering, Tempe]
Ignoring exception in on_member_update
Traceback (most recent call last):
  File "/usr/local/lib/python3.12/site-packages/discord/client.py", line 465, in _run_event
    await coro(*args, **kwargs)
  File "/app/asu_discord/cogs/analytics.py", line 652, in on_member_update
    before_timeout = before.timed_out_until
                     ^^^^^^^^^^^^^^^^^^^^^^
AttributeError: 'Member' object has no attribute 'timed_out_until'
Ignoring exception in on_member_update
Traceback (most recent call last):
  File "/usr/local/lib/python3.12/site-packages/discord/client.py", line 465, in _run_event
    await coro(*args, **kwargs)
  File "/app/asu_discord/cogs/analytics.py", line 652, in on_member_update
    before_timeout = before.timed_out_until
                     ^^^^^^^^^^^^^^^^^^^^^^
AttributeError: 'Member' object has no attribute 'timed_out_until'
Ignoring exception in on_member_update
Traceback (most recent call last):
  File "/usr/local/lib/python3.12/site-packages/discord/client.py", line 465, in _run_event
    await coro(*args, **kwargs)
  File "/app/asu_discord/cogs/analytics.py", line 652, in on_member_update
    before_timeout = before.timed_out_until
                     ^^^^^^^^^^^^^^^^^^^^^^
AttributeError: 'Member' object has no attribute 'timed_out_until'
Ignoring exception in on_member_update
Traceback (most recent call last):
  File "/usr/local/lib/python3.12/site-packages/discord/client.py", line 465, in _run_event
    await coro(*args, **kwargs)
  File "/app/asu_discord/cogs/analytics.py", line 652, in on_member_update
    before_timeout = before.timed_out_until
                     ^^^^^^^^^^^^^^^^^^^^^^
AttributeError: 'Member' object has no attribute 'timed_out_until'
Ignoring exception in on_member_update
Traceback (most recent call last):
  File "/usr/local/lib/python3.12/site-packages/discord/client.py", line 465, in _run_event
    await coro(*args, **kwargs)
  File "/app/asu_discord/cogs/analytics.py", line 652, in on_member_update
    before_timeout = before.timed_out_until
                     ^^^^^^^^^^^^^^^^^^^^^^
AttributeError: 'Member' object has no attribute 'timed_out_until'
Ignoring exception in on_member_update
Traceback (most recent call last):
  File "/usr/local/lib/python3.12/site-packages/discord/client.py", line 465, in _run_event
    await coro(*args, **kwargs)
  File "/app/asu_discord/cogs/analytics.py", line 652, in on_member_update
    before_timeout = before.timed_out_until
                     ^^^^^^^^^^^^^^^^^^^^^^
AttributeError: 'Member' object has no attribute 'timed_out_until'
Ignoring exception in on_member_update
Traceback (most recent call last):
  File "/usr/local/lib/python3.12/site-packages/discord/client.py", line 465, in _run_event
    await coro(*args, **kwargs)
  File "/app/asu_discord/cogs/analytics.py", line 652, in on_member_update
    before_timeout = before.timed_out_until
                     ^^^^^^^^^^^^^^^^^^^^^^
AttributeError: 'Member' object has no attribute 'timed_out_until'
Ignoring exception in on_member_update
Traceback (most recent call last):
  File "/usr/local/lib/python3.12/site-packages/discord/client.py", line 465, in _run_event
    await coro(*args, **kwargs)
  File "/app/asu_discord/cogs/analytics.py", line 652, in on_member_update
    before_timeout = before.timed_out_until
                     ^^^^^^^^^^^^^^^^^^^^^^
AttributeError: 'Member' object has no attribute 'timed_out_until'
Ignoring exception in on_member_update
Traceback (most recent call last):
  File "/usr/local/lib/python3.12/site-packages/discord/client.py", line 465, in _run_event
    await coro(*args, **kwargs)
  File "/app/asu_discord/cogs/analytics.py", line 652, in on_member_update
    before_timeout = before.timed_out_until
                     ^^^^^^^^^^^^^^^^^^^^^^
AttributeError: 'Member' object has no attribute 'timed_out_until'
Ignoring exception in on_member_update
Traceback (most recent call last):
  File "/usr/local/lib/python3.12/site-packages/discord/client.py", line 465, in _run_event
    await coro(*args, **kwargs)
  File "/app/asu_discord/cogs/analytics.py", line 652, in on_member_update
    before_timeout = before.timed_out_until
                     ^^^^^^^^^^^^^^^^^^^^^^
AttributeError: 'Member' object has no attribute 'timed_out_until'
INFO:asu_discord.cogs.verification:Saved 5 roles to database for user arothrau (Discord ID: 1454355917070925835)
INFO:asu_discord.cogs.verification:Refreshed Salesforce roles for Discord user 1454355917070925835: -5/+5 roles, assigned=[Commited, First Year, Out of State, Tempe, W.P. Carey School of Business]
ERROR:cron.jobs:refresh_salesforce_roles: failed for ahern688 (Discord ID 458755702970908672): Failed to refresh Salesforce-based roles: Discord user 458755702970908672 is not a member of the guild
Ignoring exception in on_member_update
Traceback (most recent call last):
  File "/usr/local/lib/python3.12/site-packages/discord/client.py", line 465, in _run_event
    await coro(*args, **kwargs)
  File "/app/asu_discord/cogs/analytics.py", line 652, in on_member_update
    before_timeout = before.timed_out_until
                     ^^^^^^^^^^^^^^^^^^^^^^
AttributeError: 'Member' object has no attribute 'timed_out_until'
Ignoring exception in on_member_update
Traceback (most recent call last):
  File "/usr/local/lib/python3.12/site-packages/discord/client.py", line 465, in _run_event
    await coro(*args, **kwargs)
  File "/app/asu_discord/cogs/analytics.py", line 652, in on_member_update
    before_timeout = before.timed_out_until
                     ^^^^^^^^^^^^^^^^^^^^^^
AttributeError: 'Member' object has no attribute 'timed_out_until'
Ignoring exception in on_member_update
Traceback (most recent call last):
  File "/usr/local/lib/python3.12/site-packages/discord/client.py", line 465, in _run_event
    await coro(*args, **kwargs)
  File "/app/asu_discord/cogs/analytics.py", line 652, in on_member_update
    before_timeout = before.timed_out_until
                     ^^^^^^^^^^^^^^^^^^^^^^
AttributeError: 'Member' object has no attribute 'timed_out_until'
Ignoring exception in on_member_update
Traceback (most recent call last):
  File "/usr/local/lib/python3.12/site-packages/discord/client.py", line 465, in _run_event
    await coro(*args, **kwargs)
  File "/app/asu_discord/cogs/analytics.py", line 652, in on_member_update
    before_timeout = before.timed_out_until
                     ^^^^^^^^^^^^^^^^^^^^^^
AttributeError: 'Member' object has no attribute 'timed_out_until'
Ignoring exception in on_member_update
Traceback (most recent call last):
  File "/usr/local/lib/python3.12/site-packages/discord/client.py", line 465, in _run_event
    await coro(*args, **kwargs)
  File "/app/asu_discord/cogs/analytics.py", line 652, in on_member_update
    before_timeout = before.timed_out_until
                     ^^^^^^^^^^^^^^^^^^^^^^
AttributeError: 'Member' object has no attribute 'timed_out_until'
Ignoring exception in on_member_update
Traceback (most recent call last):
  File "/usr/local/lib/python3.12/site-packages/discord/client.py", line 465, in _run_event
    await coro(*args, **kwargs)
  File "/app/asu_discord/cogs/analytics.py", line 652, in on_member_update
    before_timeout = before.timed_out_until
                     ^^^^^^^^^^^^^^^^^^^^^^
AttributeError: 'Member' object has no attribute 'timed_out_until'
Ignoring exception in on_member_update
Traceback (most recent call last):
  File "/usr/local/lib/python3.12/site-packages/discord/client.py", line 465, in _run_event
    await coro(*args, **kwargs)
  File "/app/asu_discord/cogs/analytics.py", line 652, in on_member_update
    before_timeout = before.timed_out_until
                     ^^^^^^^^^^^^^^^^^^^^^^
AttributeError: 'Member' object has no attribute 'timed_out_until'
INFO:asu_discord.cogs.verification:Saved 4 roles to database for user cberwin (Discord ID: 398675965917528064)
INFO:asu_discord.cogs.verification:Refreshed Salesforce roles for Discord user 398675965917528064: -3/+4 roles, assigned=[Arizona Resident, College of Liberal Arts and Sciences, First Year, Tempe]
Ignoring exception in on_member_update
Traceback (most recent call last):
  File "/usr/local/lib/python3.12/site-packages/discord/client.py", line 465, in _run_event
    await coro(*args, **kwargs)
  File "/app/asu_discord/cogs/analytics.py", line 652, in on_member_update
    before_timeout = before.timed_out_until
                     ^^^^^^^^^^^^^^^^^^^^^^
AttributeError: 'Member' object has no attribute 'timed_out_until'
Ignoring exception in on_member_update
Traceback (most recent call last):
  File "/usr/local/lib/python3.12/site-packages/discord/client.py", line 465, in _run_event
    await coro(*args, **kwargs)
  File "/app/asu_discord/cogs/analytics.py", line 652, in on_member_update
    before_timeout = before.timed_out_until
                     ^^^^^^^^^^^^^^^^^^^^^^
AttributeError: 'Member' object has no attribute 'timed_out_until'
Ignoring exception in on_member_update
Traceback (most recent call last):
  File "/usr/local/lib/python3.12/site-packages/discord/client.py", line 465, in _run_event
    await coro(*args, **kwargs)
  File "/app/asu_discord/cogs/analytics.py", line 652, in on_member_update
    before_timeout = before.timed_out_until
                     ^^^^^^^^^^^^^^^^^^^^^^
AttributeError: 'Member' object has no attribute 'timed_out_until'
Ignoring exception in on_member_update
Traceback (most recent call last):
  File "/usr/local/lib/python3.12/site-packages/discord/client.py", line 465, in _run_event
    await coro(*args, **kwargs)
  File "/app/asu_discord/cogs/analytics.py", line 652, in on_member_update
    before_timeout = before.timed_out_until
                     ^^^^^^^^^^^^^^^^^^^^^^
AttributeError: 'Member' object has no attribute 'timed_out_until'
Ignoring exception in on_member_update
Traceback (most recent call last):
  File "/usr/local/lib/python3.12/site-packages/discord/client.py", line 465, in _run_event
    await coro(*args, **kwargs)
  File "/app/asu_discord/cogs/analytics.py", line 652, in on_member_update
    before_timeout = before.timed_out_until
                     ^^^^^^^^^^^^^^^^^^^^^^
AttributeError: 'Member' object has no attribute 'timed_out_until'
Ignoring exception in on_member_update
Traceback (most recent call last):
  File "/usr/local/lib/python3.12/site-packages/discord/client.py", line 465, in _run_event
    await coro(*args, **kwargs)
  File "/app/asu_discord/cogs/analytics.py", line 652, in on_member_update
    before_timeout = before.timed_out_until
                     ^^^^^^^^^^^^^^^^^^^^^^
AttributeError: 'Member' object has no attribute 'timed_out_until'
Ignoring exception in on_member_update
Traceback (most recent call last):
  File "/usr/local/lib/python3.12/site-packages/discord/client.py", line 465, in _run_event
    await coro(*args, **kwargs)
  File "/app/asu_discord/cogs/analytics.py", line 652, in on_member_update
    before_timeout = before.timed_out_until
                     ^^^^^^^^^^^^^^^^^^^^^^
AttributeError: 'Member' object has no attribute 'timed_out_until'
Ignoring exception in on_member_update
Traceback (most recent call last):
  File "/usr/local/lib/python3.12/site-packages/discord/client.py", line 465, in _run_event
    await coro(*args, **kwargs)
  File "/app/asu_discord/cogs/analytics.py", line 652, in on_member_update
    before_timeout = before.timed_out_until
                     ^^^^^^^^^^^^^^^^^^^^^^
AttributeError: 'Member' object has no attribute 'timed_out_until'
INFO:asu_discord.cogs.verification:Saved 4 roles to database for user jameske (Discord ID: 536876329556115468)
INFO:asu_discord.cogs.verification:Refreshed Salesforce roles for Discord user 536876329556115468: -4/+4 roles, assigned=[Commited, Graduate Student, Ira A. Fulton Schools of Engineering, Tempe]
Ignoring exception in on_member_update
Traceback (most recent call last):
  File "/usr/local/lib/python3.12/site-packages/discord/client.py", line 465, in _run_event
    await coro(*args, **kwargs)
  File "/app/asu_discord/cogs/analytics.py", line 652, in on_member_update
    before_timeout = before.timed_out_until
                     ^^^^^^^^^^^^^^^^^^^^^^
AttributeError: 'Member' object has no attribute 'timed_out_until'
Ignoring exception in on_member_update
Traceback (most recent call last):
  File "/usr/local/lib/python3.12/site-packages/discord/client.py", line 465, in _run_event
    await coro(*args, **kwargs)
  File "/app/asu_discord/cogs/analytics.py", line 652, in on_member_update
    before_timeout = before.timed_out_until
                     ^^^^^^^^^^^^^^^^^^^^^^
AttributeError: 'Member' object has no attribute 'timed_out_until'
Ignoring exception in on_member_update
Traceback (most recent call last):
  File "/usr/local/lib/python3.12/site-packages/discord/client.py", line 465, in _run_event
    await coro(*args, **kwargs)
  File "/app/asu_discord/cogs/analytics.py", line 652, in on_member_update
    before_timeout = before.timed_out_until
                     ^^^^^^^^^^^^^^^^^^^^^^
AttributeError: 'Member' object has no attribute 'timed_out_until'
Ignoring exception in on_member_update
Traceback (most recent call last):
  File "/usr/local/lib/python3.12/site-packages/discord/client.py", line 465, in _run_event
    await coro(*args, **kwargs)
  File "/app/asu_discord/cogs/analytics.py", line 652, in on_member_update
    before_timeout = before.timed_out_until
                     ^^^^^^^^^^^^^^^^^^^^^^
AttributeError: 'Member' object has no attribute 'timed_out_until'
Ignoring exception in on_member_update
Traceback (most recent call last):
  File "/usr/local/lib/python3.12/site-packages/discord/client.py", line 465, in _run_event
    await coro(*args, **kwargs)
  File "/app/asu_discord/cogs/analytics.py", line 652, in on_member_update
    before_timeout = before.timed_out_until
                     ^^^^^^^^^^^^^^^^^^^^^^
AttributeError: 'Member' object has no attribute 'timed_out_until'
Ignoring exception in on_member_update
Traceback (most recent call last):
  File "/usr/local/lib/python3.12/site-packages/discord/client.py", line 465, in _run_event
    await coro(*args, **kwargs)
  File "/app/asu_discord/cogs/analytics.py", line 652, in on_member_update
    before_timeout = before.timed_out_until
                     ^^^^^^^^^^^^^^^^^^^^^^
AttributeError: 'Member' object has no attribute 'timed_out_until'
Ignoring exception in on_member_update
Traceback (most recent call last):
  File "/usr/local/lib/python3.12/site-packages/discord/client.py", line 465, in _run_event
    await coro(*args, **kwargs)
  File "/app/asu_discord/cogs/analytics.py", line 652, in on_member_update
    before_timeout = before.timed_out_until
                     ^^^^^^^^^^^^^^^^^^^^^^
AttributeError: 'Member' object has no attribute 'timed_out_until'
Ignoring exception in on_member_update
Traceback (most recent call last):
  File "/usr/local/lib/python3.12/site-packages/discord/client.py", line 465, in _run_event
    await coro(*args, **kwargs)
  File "/app/asu_discord/cogs/analytics.py", line 652, in on_member_update
    before_timeout = before.timed_out_until
                     ^^^^^^^^^^^^^^^^^^^^^^
AttributeError: 'Member' object has no attribute 'timed_out_until'
Ignoring exception in on_member_update
Traceback (most recent call last):
  File "/usr/local/lib/python3.12/site-packages/discord/client.py", line 465, in _run_event
    await coro(*args, **kwargs)
  File "/app/asu_discord/cogs/analytics.py", line 652, in on_member_update
    before_timeout = before.timed_out_until
                     ^^^^^^^^^^^^^^^^^^^^^^
AttributeError: 'Member' object has no attribute 'timed_out_until'
Ignoring exception in on_member_update
Traceback (most recent call last):
  File "/usr/local/lib/python3.12/site-packages/discord/client.py", line 465, in _run_event
    await coro(*args, **kwargs)
  File "/app/asu_discord/cogs/analytics.py", line 652, in on_member_update
    before_timeout = before.timed_out_until
                     ^^^^^^^^^^^^^^^^^^^^^^
AttributeError: 'Member' object has no attribute 'timed_out_until'
INFO:asu_discord.cogs.verification:Saved 5 roles to database for user menyegue (Discord ID: 1352544650824646682)
INFO:asu_discord.cogs.verification:Refreshed Salesforce roles for Discord user 1352544650824646682: -5/+5 roles, assigned=[Commited, First Year, International Student, Tempe, University College]
Ignoring exception in on_member_update
Traceback (most recent call last):
  File "/usr/local/lib/python3.12/site-packages/discord/client.py", line 465, in _run_event
    await coro(*args, **kwargs)
  File "/app/asu_discord/cogs/analytics.py", line 652, in on_member_update
    before_timeout = before.timed_out_until
                     ^^^^^^^^^^^^^^^^^^^^^^
AttributeError: 'Member' object has no attribute 'timed_out_until'
Ignoring exception in on_member_update
Traceback (most recent call last):
  File "/usr/local/lib/python3.12/site-packages/discord/client.py", line 465, in _run_event
    await coro(*args, **kwargs)
  File "/app/asu_discord/cogs/analytics.py", line 652, in on_member_update
    before_timeout = before.timed_out_until
                     ^^^^^^^^^^^^^^^^^^^^^^
AttributeError: 'Member' object has no attribute 'timed_out_until'
Ignoring exception in on_member_update
Traceback (most recent call last):
  File "/usr/local/lib/python3.12/site-packages/discord/client.py", line 465, in _run_event
    await coro(*args, **kwargs)
  File "/app/asu_discord/cogs/analytics.py", line 652, in on_member_update
    before_timeout = before.timed_out_until
                     ^^^^^^^^^^^^^^^^^^^^^^
AttributeError: 'Member' object has no attribute 'timed_out_until'
Ignoring exception in on_member_update
Traceback (most recent call last):
  File "/usr/local/lib/python3.12/site-packages/discord/client.py", line 465, in _run_event
    await coro(*args, **kwargs)
  File "/app/asu_discord/cogs/analytics.py", line 652, in on_member_update
    before_timeout = before.timed_out_until
                     ^^^^^^^^^^^^^^^^^^^^^^
AttributeError: 'Member' object has no attribute 'timed_out_until'
Ignoring exception in on_member_update
Traceback (most recent call last):
  File "/usr/local/lib/python3.12/site-packages/discord/client.py", line 465, in _run_event
    await coro(*args, **kwargs)
  File "/app/asu_discord/cogs/analytics.py", line 652, in on_member_update
    before_timeout = before.timed_out_until
                     ^^^^^^^^^^^^^^^^^^^^^^
AttributeError: 'Member' object has no attribute 'timed_out_until'
Ignoring exception in on_member_update
Traceback (most recent call last):
  File "/usr/local/lib/python3.12/site-packages/discord/client.py", line 465, in _run_event
    await coro(*args, **kwargs)
  File "/app/asu_discord/cogs/analytics.py", line 652, in on_member_update
    before_timeout = before.timed_out_until
                     ^^^^^^^^^^^^^^^^^^^^^^
AttributeError: 'Member' object has no attribute 'timed_out_until'
Ignoring exception in on_member_update
Traceback (most recent call last):
  File "/usr/local/lib/python3.12/site-packages/discord/client.py", line 465, in _run_event
    await coro(*args, **kwargs)
  File "/app/asu_discord/cogs/analytics.py", line 652, in on_member_update
    before_timeout = before.timed_out_until
                     ^^^^^^^^^^^^^^^^^^^^^^
AttributeError: 'Member' object has no attribute 'timed_out_until'
Ignoring exception in on_member_update
Traceback (most recent call last):
  File "/usr/local/lib/python3.12/site-packages/discord/client.py", line 465, in _run_event
    await coro(*args, **kwargs)
  File "/app/asu_discord/cogs/analytics.py", line 652, in on_member_update
    before_timeout = before.timed_out_until
                     ^^^^^^^^^^^^^^^^^^^^^^
AttributeError: 'Member' object has no attribute 'timed_out_until'
Ignoring exception in on_member_update
Traceback (most recent call last):
  File "/usr/local/lib/python3.12/site-packages/discord/client.py", line 465, in _run_event
    await coro(*args, **kwargs)
  File "/app/asu_discord/cogs/analytics.py", line 652, in on_member_update
    before_timeout = before.timed_out_until
                     ^^^^^^^^^^^^^^^^^^^^^^
AttributeError: 'Member' object has no attribute 'timed_out_until'
Ignoring exception in on_member_update
Traceback (most recent call last):
  File "/usr/local/lib/python3.12/site-packages/discord/client.py", line 465, in _run_event
    await coro(*args, **kwargs)
  File "/app/asu_discord/cogs/analytics.py", line 652, in on_member_update
    before_timeout = before.timed_out_until
                     ^^^^^^^^^^^^^^^^^^^^^^
AttributeError: 'Member' object has no attribute 'timed_out_until'
INFO:asu_discord.cogs.verification:Saved 5 roles to database for user falsamah (Discord ID: 708589062830948401)
INFO:asu_discord.cogs.verification:Refreshed Salesforce roles for Discord user 708589062830948401: -5/+5 roles, assigned=[College of Liberal Arts and Sciences, Commited, First Year, International Student, Tempe]
Ignoring exception in on_member_update
Traceback (most recent call last):
  File "/usr/local/lib/python3.12/site-packages/discord/client.py", line 465, in _run_event
    await coro(*args, **kwargs)
  File "/app/asu_discord/cogs/analytics.py", line 652, in on_member_update
    before_timeout = before.timed_out_until
                     ^^^^^^^^^^^^^^^^^^^^^^
AttributeError: 'Member' object has no attribute 'timed_out_until'
Ignoring exception in on_member_update
Traceback (most recent call last):
  File "/usr/local/lib/python3.12/site-packages/discord/client.py", line 465, in _run_event
    await coro(*args, **kwargs)
  File "/app/asu_discord/cogs/analytics.py", line 652, in on_member_update
    before_timeout = before.timed_out_until
                     ^^^^^^^^^^^^^^^^^^^^^^
AttributeError: 'Member' object has no attribute 'timed_out_until'
Ignoring exception in on_member_update
Traceback (most recent call last):
  File "/usr/local/lib/python3.12/site-packages/discord/client.py", line 465, in _run_event
    await coro(*args, **kwargs)
  File "/app/asu_discord/cogs/analytics.py", line 652, in on_member_update
    before_timeout = before.timed_out_until
                     ^^^^^^^^^^^^^^^^^^^^^^
AttributeError: 'Member' object has no attribute 'timed_out_until'
Ignoring exception in on_member_update
Traceback (most recent call last):
  File "/usr/local/lib/python3.12/site-packages/discord/client.py", line 465, in _run_event
    await coro(*args, **kwargs)
  File "/app/asu_discord/cogs/analytics.py", line 652, in on_member_update
    before_timeout = before.timed_out_until
                     ^^^^^^^^^^^^^^^^^^^^^^
AttributeError: 'Member' object has no attribute 'timed_out_until'
Ignoring exception in on_member_update
Traceback (most recent call last):
  File "/usr/local/lib/python3.12/site-packages/discord/client.py", line 465, in _run_event
    await coro(*args, **kwargs)
  File "/app/asu_discord/cogs/analytics.py", line 652, in on_member_update
    before_timeout = before.timed_out_until
                     ^^^^^^^^^^^^^^^^^^^^^^
AttributeError: 'Member' object has no attribute 'timed_out_until'
Ignoring exception in on_member_update
Traceback (most recent call last):
  File "/usr/local/lib/python3.12/site-packages/discord/client.py", line 465, in _run_event
    await coro(*args, **kwargs)
  File "/app/asu_discord/cogs/analytics.py", line 652, in on_member_update
    before_timeout = before.timed_out_until
                     ^^^^^^^^^^^^^^^^^^^^^^
AttributeError: 'Member' object has no attribute 'timed_out_until'
Ignoring exception in on_member_update
Traceback (most recent call last):
  File "/usr/local/lib/python3.12/site-packages/discord/client.py", line 465, in _run_event
    await coro(*args, **kwargs)
  File "/app/asu_discord/cogs/analytics.py", line 652, in on_member_update
    before_timeout = before.timed_out_until
                     ^^^^^^^^^^^^^^^^^^^^^^
AttributeError: 'Member' object has no attribute 'timed_out_until'
Ignoring exception in on_member_update
Traceback (most recent call last):
  File "/usr/local/lib/python3.12/site-packages/discord/client.py", line 465, in _run_event
    await coro(*args, **kwargs)
  File "/app/asu_discord/cogs/analytics.py", line 652, in on_member_update
    before_timeout = before.timed_out_until
                     ^^^^^^^^^^^^^^^^^^^^^^
AttributeError: 'Member' object has no attribute 'timed_out_until'
Ignoring exception in on_member_update
Traceback (most recent call last):
  File "/usr/local/lib/python3.12/site-packages/discord/client.py", line 465, in _run_event
    await coro(*args, **kwargs)
  File "/app/asu_discord/cogs/analytics.py", line 652, in on_member_update
    before_timeout = before.timed_out_until
                     ^^^^^^^^^^^^^^^^^^^^^^
AttributeError: 'Member' object has no attribute 'timed_out_until'
Ignoring exception in on_member_update
Traceback (most recent call last):
  File "/usr/local/lib/python3.12/site-packages/discord/client.py", line 465, in _run_event
    await coro(*args, **kwargs)
  File "/app/asu_discord/cogs/analytics.py", line 652, in on_member_update
    before_timeout = before.timed_out_until
                     ^^^^^^^^^^^^^^^^^^^^^^
AttributeError: 'Member' object has no attribute 'timed_out_until'
Ignoring exception in on_member_update
Traceback (most recent call last):
  File "/usr/local/lib/python3.12/site-packages/discord/client.py", line 465, in _run_event
    await coro(*args, **kwargs)
  File "/app/asu_discord/cogs/analytics.py", line 652, in on_member_update
    before_timeout = before.timed_out_until
                     ^^^^^^^^^^^^^^^^^^^^^^
AttributeError: 'Member' object has no attribute 'timed_out_until'
INFO:asu_discord.cogs.verification:Saved 6 roles to database for user dventur8 (Discord ID: 370668637083664389)
INFO:asu_discord.cogs.verification:Refreshed Salesforce roles for Discord user 370668637083664389: -5/+6 roles, assigned=[College of Integrative Sciences and Arts, Commited, First Generation Student, International Student, Tempe, Transfer Student]
Ignoring exception in on_member_update
Traceback (most recent call last):
  File "/usr/local/lib/python3.12/site-packages/discord/client.py", line 465, in _run_event
    await coro(*args, **kwargs)
  File "/app/asu_discord/cogs/analytics.py", line 652, in on_member_update
    before_timeout = before.timed_out_until
                     ^^^^^^^^^^^^^^^^^^^^^^
AttributeError: 'Member' object has no attribute 'timed_out_until'
Ignoring exception in on_member_update
Traceback (most recent call last):
  File "/usr/local/lib/python3.12/site-packages/discord/client.py", line 465, in _run_event
    await coro(*args, **kwargs)
  File "/app/asu_discord/cogs/analytics.py", line 652, in on_member_update
    before_timeout = before.timed_out_until
                     ^^^^^^^^^^^^^^^^^^^^^^
AttributeError: 'Member' object has no attribute 'timed_out_until'
Ignoring exception in on_member_update
Traceback (most recent call last):
  File "/usr/local/lib/python3.12/site-packages/discord/client.py", line 465, in _run_event
    await coro(*args, **kwargs)
  File "/app/asu_discord/cogs/analytics.py", line 652, in on_member_update
    before_timeout = before.timed_out_until
                     ^^^^^^^^^^^^^^^^^^^^^^
AttributeError: 'Member' object has no attribute 'timed_out_until'
Ignoring exception in on_member_update
Traceback (most recent call last):
  File "/usr/local/lib/python3.12/site-packages/discord/client.py", line 465, in _run_event
    await coro(*args, **kwargs)
  File "/app/asu_discord/cogs/analytics.py", line 652, in on_member_update
    before_timeout = before.timed_out_until
                     ^^^^^^^^^^^^^^^^^^^^^^
AttributeError: 'Member' object has no attribute 'timed_out_until'
Ignoring exception in on_member_update
Traceback (most recent call last):
  File "/usr/local/lib/python3.12/site-packages/discord/client.py", line 465, in _run_event
    await coro(*args, **kwargs)
  File "/app/asu_discord/cogs/analytics.py", line 652, in on_member_update
    before_timeout = before.timed_out_until
                     ^^^^^^^^^^^^^^^^^^^^^^
AttributeError: 'Member' object has no attribute 'timed_out_until'
Ignoring exception in on_member_update
Traceback (most recent call last):
  File "/usr/local/lib/python3.12/site-packages/discord/client.py", line 465, in _run_event
    await coro(*args, **kwargs)
  File "/app/asu_discord/cogs/analytics.py", line 652, in on_member_update
    before_timeout = before.timed_out_until
                     ^^^^^^^^^^^^^^^^^^^^^^
AttributeError: 'Member' object has no attribute 'timed_out_until'
Ignoring exception in on_member_update
Traceback (most recent call last):
  File "/usr/local/lib/python3.12/site-packages/discord/client.py", line 465, in _run_event
    await coro(*args, **kwargs)
  File "/app/asu_discord/cogs/analytics.py", line 652, in on_member_update
    before_timeout = before.timed_out_until
                     ^^^^^^^^^^^^^^^^^^^^^^
AttributeError: 'Member' object has no attribute 'timed_out_until'
Ignoring exception in on_member_update
Traceback (most recent call last):
  File "/usr/local/lib/python3.12/site-packages/discord/client.py", line 465, in _run_event
    await coro(*args, **kwargs)
  File "/app/asu_discord/cogs/analytics.py", line 652, in on_member_update
    before_timeout = before.timed_out_until
                     ^^^^^^^^^^^^^^^^^^^^^^
AttributeError: 'Member' object has no attribute 'timed_out_until'
INFO:asu_discord.cogs.verification:Saved 4 roles to database for user dmryan13 (Discord ID: 782433764382474271)
INFO:asu_discord.cogs.verification:Refreshed Salesforce roles for Discord user 782433764382474271: -4/+4 roles, assigned=[Arizona Resident, First Year, Tempe, University College]
Ignoring exception in on_member_update
Traceback (most recent call last):
  File "/usr/local/lib/python3.12/site-packages/discord/client.py", line 465, in _run_event
    await coro(*args, **kwargs)
  File "/app/asu_discord/cogs/analytics.py", line 652, in on_member_update
    before_timeout = before.timed_out_until
                     ^^^^^^^^^^^^^^^^^^^^^^
AttributeError: 'Member' object has no attribute 'timed_out_until'
Ignoring exception in on_member_update
Traceback (most recent call last):
  File "/usr/local/lib/python3.12/site-packages/discord/client.py", line 465, in _run_event
    await coro(*args, **kwargs)
  File "/app/asu_discord/cogs/analytics.py", line 652, in on_member_update
    before_timeout = before.timed_out_until
                     ^^^^^^^^^^^^^^^^^^^^^^
AttributeError: 'Member' object has no attribute 'timed_out_until'
Ignoring exception in on_member_update
Traceback (most recent call last):
  File "/usr/local/lib/python3.12/site-packages/discord/client.py", line 465, in _run_event
    await coro(*args, **kwargs)
  File "/app/asu_discord/cogs/analytics.py", line 652, in on_member_update
    before_timeout = before.timed_out_until
                     ^^^^^^^^^^^^^^^^^^^^^^
AttributeError: 'Member' object has no attribute 'timed_out_until'
Ignoring exception in on_member_update
Traceback (most recent call last):
  File "/usr/local/lib/python3.12/site-packages/discord/client.py", line 465, in _run_event
    await coro(*args, **kwargs)
  File "/app/asu_discord/cogs/analytics.py", line 652, in on_member_update
    before_timeout = before.timed_out_until
                     ^^^^^^^^^^^^^^^^^^^^^^
AttributeError: 'Member' object has no attribute 'timed_out_until'
Ignoring exception in on_member_update
Traceback (most recent call last):
  File "/usr/local/lib/python3.12/site-packages/discord/client.py", line 465, in _run_event
    await coro(*args, **kwargs)
  File "/app/asu_discord/cogs/analytics.py", line 652, in on_member_update
    before_timeout = before.timed_out_until
                     ^^^^^^^^^^^^^^^^^^^^^^
AttributeError: 'Member' object has no attribute 'timed_out_until'
Ignoring exception in on_member_update
Traceback (most recent call last):
  File "/usr/local/lib/python3.12/site-packages/discord/client.py", line 465, in _run_event
    await coro(*args, **kwargs)
  File "/app/asu_discord/cogs/analytics.py", line 652, in on_member_update
    before_timeout = before.timed_out_until
                     ^^^^^^^^^^^^^^^^^^^^^^
AttributeError: 'Member' object has no attribute 'timed_out_until'
Ignoring exception in on_member_update
Traceback (most recent call last):
  File "/usr/local/lib/python3.12/site-packages/discord/client.py", line 465, in _run_event
    await coro(*args, **kwargs)
  File "/app/asu_discord/cogs/analytics.py", line 652, in on_member_update
    before_timeout = before.timed_out_until
                     ^^^^^^^^^^^^^^^^^^^^^^
AttributeError: 'Member' object has no attribute 'timed_out_until'
Ignoring exception in on_member_update
Traceback (most recent call last):
  File "/usr/local/lib/python3.12/site-packages/discord/client.py", line 465, in _run_event
    await coro(*args, **kwargs)
  File "/app/asu_discord/cogs/analytics.py", line 652, in on_member_update
    before_timeout = before.timed_out_until
                     ^^^^^^^^^^^^^^^^^^^^^^
AttributeError: 'Member' object has no attribute 'timed_out_until'
Ignoring exception in on_member_update
Traceback (most recent call last):
  File "/usr/local/lib/python3.12/site-packages/discord/client.py", line 465, in _run_event
    await coro(*args, **kwargs)
  File "/app/asu_discord/cogs/analytics.py", line 652, in on_member_update
    before_timeout = before.timed_out_until
                     ^^^^^^^^^^^^^^^^^^^^^^
AttributeError: 'Member' object has no attribute 'timed_out_until'
Ignoring exception in on_member_update
Traceback (most recent call last):
  File "/usr/local/lib/python3.12/site-packages/discord/client.py", line 465, in _run_event
    await coro(*args, **kwargs)
  File "/app/asu_discord/cogs/analytics.py", line 652, in on_member_update
    before_timeout = before.timed_out_until
                     ^^^^^^^^^^^^^^^^^^^^^^
AttributeError: 'Member' object has no attribute 'timed_out_until'
INFO:asu_discord.cogs.verification:Saved 5 roles to database for user bdrea1 (Discord ID: 863839841719156756)
INFO:asu_discord.cogs.verification:Refreshed Salesforce roles for Discord user 863839841719156756: -5/+5 roles, assigned=[Commited, Downtown Phoenix, First Year, Out of State, Walter Cronkite School of Journalism and Mass Communication]
Ignoring exception in on_member_update
Traceback (most recent call last):
  File "/usr/local/lib/python3.12/site-packages/discord/client.py", line 465, in _run_event
    await coro(*args, **kwargs)
  File "/app/asu_discord/cogs/analytics.py", line 652, in on_member_update
    before_timeout = before.timed_out_until
                     ^^^^^^^^^^^^^^^^^^^^^^
AttributeError: 'Member' object has no attribute 'timed_out_until'
Ignoring exception in on_member_update
Traceback (most recent call last):
  File "/usr/local/lib/python3.12/site-packages/discord/client.py", line 465, in _run_event
    await coro(*args, **kwargs)
  File "/app/asu_discord/cogs/analytics.py", line 652, in on_member_update
    before_timeout = before.timed_out_until
                     ^^^^^^^^^^^^^^^^^^^^^^
AttributeError: 'Member' object has no attribute 'timed_out_until'
Ignoring exception in on_member_update
Traceback (most recent call last):
  File "/usr/local/lib/python3.12/site-packages/discord/client.py", line 465, in _run_event
    await coro(*args, **kwargs)
  File "/app/asu_discord/cogs/analytics.py", line 652, in on_member_update
    before_timeout = before.timed_out_until
                     ^^^^^^^^^^^^^^^^^^^^^^
AttributeError: 'Member' object has no attribute 'timed_out_until'
Ignoring exception in on_member_update
Traceback (most recent call last):
  File "/usr/local/lib/python3.12/site-packages/discord/client.py", line 465, in _run_event
    await coro(*args, **kwargs)
  File "/app/asu_discord/cogs/analytics.py", line 652, in on_member_update
    before_timeout = before.timed_out_until
                     ^^^^^^^^^^^^^^^^^^^^^^
AttributeError: 'Member' object has no attribute 'timed_out_until'
Ignoring exception in on_member_update
Traceback (most recent call last):
  File "/usr/local/lib/python3.12/site-packages/discord/client.py", line 465, in _run_event
    await coro(*args, **kwargs)
  File "/app/asu_discord/cogs/analytics.py", line 652, in on_member_update
    before_timeout = before.timed_out_until
                     ^^^^^^^^^^^^^^^^^^^^^^
AttributeError: 'Member' object has no attribute 'timed_out_until'
Ignoring exception in on_member_update
Traceback (most recent call last):
  File "/usr/local/lib/python3.12/site-packages/discord/client.py", line 465, in _run_event
    await coro(*args, **kwargs)
  File "/app/asu_discord/cogs/analytics.py", line 652, in on_member_update
    before_timeout = before.timed_out_until
                     ^^^^^^^^^^^^^^^^^^^^^^
AttributeError: 'Member' object has no attribute 'timed_out_until'
Ignoring exception in on_member_update
Traceback (most recent call last):
  File "/usr/local/lib/python3.12/site-packages/discord/client.py", line 465, in _run_event
    await coro(*args, **kwargs)
  File "/app/asu_discord/cogs/analytics.py", line 652, in on_member_update
    before_timeout = before.timed_out_until
                     ^^^^^^^^^^^^^^^^^^^^^^
AttributeError: 'Member' object has no attribute 'timed_out_until'
Ignoring exception in on_member_update
Traceback (most recent call last):
  File "/usr/local/lib/python3.12/site-packages/discord/client.py", line 465, in _run_event
    await coro(*args, **kwargs)
  File "/app/asu_discord/cogs/analytics.py", line 652, in on_member_update
    before_timeout = before.timed_out_until
                     ^^^^^^^^^^^^^^^^^^^^^^
AttributeError: 'Member' object has no attribute 'timed_out_until'
Ignoring exception in on_member_update
Traceback (most recent call last):
  File "/usr/local/lib/python3.12/site-packages/discord/client.py", line 465, in _run_event
    await coro(*args, **kwargs)
  File "/app/asu_discord/cogs/analytics.py", line 652, in on_member_update
    before_timeout = before.timed_out_until
                     ^^^^^^^^^^^^^^^^^^^^^^
AttributeError: 'Member' object has no attribute 'timed_out_until'
Ignoring exception in on_member_update
Traceback (most recent call last):
  File "/usr/local/lib/python3.12/site-packages/discord/client.py", line 465, in _run_event
    await coro(*args, **kwargs)
  File "/app/asu_discord/cogs/analytics.py", line 652, in on_member_update
    before_timeout = before.timed_out_until
                     ^^^^^^^^^^^^^^^^^^^^^^
AttributeError: 'Member' object has no attribute 'timed_out_until'
Ignoring exception in on_member_update
Traceback (most recent call last):
  File "/usr/local/lib/python3.12/site-packages/discord/client.py", line 465, in _run_event
    await coro(*args, **kwargs)
  File "/app/asu_discord/cogs/analytics.py", line 652, in on_member_update
    before_timeout = before.timed_out_until
                     ^^^^^^^^^^^^^^^^^^^^^^
AttributeError: 'Member' object has no attribute 'timed_out_until'
INFO:asu_discord.cogs.verification:Saved 6 roles to database for user mgwils12 (Discord ID: 427162717594451975)
INFO:asu_discord.cogs.verification:Refreshed Salesforce roles for Discord user 427162717594451975: -6/+5 roles, assigned=[Commited, First Generation Student, Out of State, Tempe, Transfer Student, W.P. Carey School of Business]
Ignoring exception in on_member_update
Traceback (most recent call last):
  File "/usr/local/lib/python3.12/site-packages/discord/client.py", line 465, in _run_event
    await coro(*args, **kwargs)
  File "/app/asu_discord/cogs/analytics.py", line 652, in on_member_update
    before_timeout = before.timed_out_until
                     ^^^^^^^^^^^^^^^^^^^^^^
AttributeError: 'Member' object has no attribute 'timed_out_until'
Ignoring exception in on_member_update
Traceback (most recent call last):
  File "/usr/local/lib/python3.12/site-packages/discord/client.py", line 465, in _run_event
    await coro(*args, **kwargs)
  File "/app/asu_discord/cogs/analytics.py", line 652, in on_member_update
    before_timeout = before.timed_out_until
                     ^^^^^^^^^^^^^^^^^^^^^^
AttributeError: 'Member' object has no attribute 'timed_out_until'
Ignoring exception in on_member_update
Traceback (most recent call last):
  File "/usr/local/lib/python3.12/site-packages/discord/client.py", line 465, in _run_event
    await coro(*args, **kwargs)
  File "/app/asu_discord/cogs/analytics.py", line 652, in on_member_update
    before_timeout = before.timed_out_until
                     ^^^^^^^^^^^^^^^^^^^^^^
AttributeError: 'Member' object has no attribute 'timed_out_until'
Ignoring exception in on_member_update
Traceback (most recent call last):
  File "/usr/local/lib/python3.12/site-packages/discord/client.py", line 465, in _run_event
    await coro(*args, **kwargs)
  File "/app/asu_discord/cogs/analytics.py", line 652, in on_member_update
    before_timeout = before.timed_out_until
                     ^^^^^^^^^^^^^^^^^^^^^^
AttributeError: 'Member' object has no attribute 'timed_out_until'
Ignoring exception in on_member_update
Traceback (most recent call last):
  File "/usr/local/lib/python3.12/site-packages/discord/client.py", line 465, in _run_event
    await coro(*args, **kwargs)
  File "/app/asu_discord/cogs/analytics.py", line 652, in on_member_update
    before_timeout = before.timed_out_until
                     ^^^^^^^^^^^^^^^^^^^^^^
AttributeError: 'Member' object has no attribute 'timed_out_until'
Ignoring exception in on_member_update
Traceback (most recent call last):
  File "/usr/local/lib/python3.12/site-packages/discord/client.py", line 465, in _run_event
    await coro(*args, **kwargs)
  File "/app/asu_discord/cogs/analytics.py", line 652, in on_member_update
    before_timeout = before.timed_out_until
                     ^^^^^^^^^^^^^^^^^^^^^^
AttributeError: 'Member' object has no attribute 'timed_out_until'
Ignoring exception in on_member_update
Traceback (most recent call last):
  File "/usr/local/lib/python3.12/site-packages/discord/client.py", line 465, in _run_event
    await coro(*args, **kwargs)
  File "/app/asu_discord/cogs/analytics.py", line 652, in on_member_update
    before_timeout = before.timed_out_until
                     ^^^^^^^^^^^^^^^^^^^^^^
AttributeError: 'Member' object has no attribute 'timed_out_until'
Ignoring exception in on_member_update
Traceback (most recent call last):
  File "/usr/local/lib/python3.12/site-packages/discord/client.py", line 465, in _run_event
    await coro(*args, **kwargs)
  File "/app/asu_discord/cogs/analytics.py", line 652, in on_member_update
    before_timeout = before.timed_out_until
                     ^^^^^^^^^^^^^^^^^^^^^^
AttributeError: 'Member' object has no attribute 'timed_out_until'
Ignoring exception in on_member_update
Traceback (most recent call last):
  File "/usr/local/lib/python3.12/site-packages/discord/client.py", line 465, in _run_event
    await coro(*args, **kwargs)
  File "/app/asu_discord/cogs/analytics.py", line 652, in on_member_update
    before_timeout = before.timed_out_until
                     ^^^^^^^^^^^^^^^^^^^^^^
AttributeError: 'Member' object has no attribute 'timed_out_until'
Ignoring exception in on_member_update
Traceback (most recent call last):
  File "/usr/local/lib/python3.12/site-packages/discord/client.py", line 465, in _run_event
    await coro(*args, **kwargs)
  File "/app/asu_discord/cogs/analytics.py", line 652, in on_member_update
    before_timeout = before.timed_out_until
                     ^^^^^^^^^^^^^^^^^^^^^^
AttributeError: 'Member' object has no attribute 'timed_out_until'
Ignoring exception in on_member_update
Traceback (most recent call last):
  File "/usr/local/lib/python3.12/site-packages/discord/client.py", line 465, in _run_event
    await coro(*args, **kwargs)
  File "/app/asu_discord/cogs/analytics.py", line 652, in on_member_update
    before_timeout = before.timed_out_until
                     ^^^^^^^^^^^^^^^^^^^^^^
AttributeError: 'Member' object has no attribute 'timed_out_until'
Ignoring exception in on_member_update
Traceback (most recent call last):
  File "/usr/local/lib/python3.12/site-packages/discord/client.py", line 465, in _run_event
    await coro(*args, **kwargs)
  File "/app/asu_discord/cogs/analytics.py", line 652, in on_member_update
    before_timeout = before.timed_out_until
                     ^^^^^^^^^^^^^^^^^^^^^^
AttributeError: 'Member' object has no attribute 'timed_out_until'
INFO:asu_discord.cogs.verification:Saved 6 roles to database for user nywhippl (Discord ID: 637435628791005194)
INFO:asu_discord.cogs.verification:Refreshed Salesforce roles for Discord user 637435628791005194: -6/+6 roles, assigned=[Arizona Resident, Commited, First Year, Ira A. Fulton Schools of Engineering, Tempe, Upperclassmen]
ERROR:cron.jobs:refresh_salesforce_roles: failed for cpearsa1 (Discord ID 463924892769845248): Failed to refresh Salesforce-based roles: Discord user 463924892769845248 is not a member of the guild
Ignoring exception in on_member_update
Traceback (most recent call last):
  File "/usr/local/lib/python3.12/site-packages/discord/client.py", line 465, in _run_event
    await coro(*args, **kwargs)
  File "/app/asu_discord/cogs/analytics.py", line 652, in on_member_update
    before_timeout = before.timed_out_until
                     ^^^^^^^^^^^^^^^^^^^^^^
AttributeError: 'Member' object has no attribute 'timed_out_until'
Ignoring exception in on_member_update
Traceback (most recent call last):
  File "/usr/local/lib/python3.12/site-packages/discord/client.py", line 465, in _run_event
    await coro(*args, **kwargs)
  File "/app/asu_discord/cogs/analytics.py", line 652, in on_member_update
    before_timeout = before.timed_out_until
                     ^^^^^^^^^^^^^^^^^^^^^^
AttributeError: 'Member' object has no attribute 'timed_out_until'
Ignoring exception in on_member_update
Traceback (most recent call last):
  File "/usr/local/lib/python3.12/site-packages/discord/client.py", line 465, in _run_event
    await coro(*args, **kwargs)
  File "/app/asu_discord/cogs/analytics.py", line 652, in on_member_update
    before_timeout = before.timed_out_until
                     ^^^^^^^^^^^^^^^^^^^^^^
AttributeError: 'Member' object has no attribute 'timed_out_until'
Ignoring exception in on_member_update
Traceback (most recent call last):
  File "/usr/local/lib/python3.12/site-packages/discord/client.py", line 465, in _run_event
    await coro(*args, **kwargs)
  File "/app/asu_discord/cogs/analytics.py", line 652, in on_member_update
    before_timeout = before.timed_out_until
                     ^^^^^^^^^^^^^^^^^^^^^^
AttributeError: 'Member' object has no attribute 'timed_out_until'
Ignoring exception in on_member_update
Traceback (most recent call last):
  File "/usr/local/lib/python3.12/site-packages/discord/client.py", line 465, in _run_event
    await coro(*args, **kwargs)
  File "/app/asu_discord/cogs/analytics.py", line 652, in on_member_update
    before_timeout = before.timed_out_until
                     ^^^^^^^^^^^^^^^^^^^^^^
AttributeError: 'Member' object has no attribute 'timed_out_until'
Ignoring exception in on_member_update
Traceback (most recent call last):
  File "/usr/local/lib/python3.12/site-packages/discord/client.py", line 465, in _run_event
    await coro(*args, **kwargs)
  File "/app/asu_discord/cogs/analytics.py", line 652, in on_member_update
    before_timeout = before.timed_out_until
                     ^^^^^^^^^^^^^^^^^^^^^^
AttributeError: 'Member' object has no attribute 'timed_out_until'
Ignoring exception in on_member_update
Traceback (most recent call last):
  File "/usr/local/lib/python3.12/site-packages/discord/client.py", line 465, in _run_event
    await coro(*args, **kwargs)
  File "/app/asu_discord/cogs/analytics.py", line 652, in on_member_update
    before_timeout = before.timed_out_until
                     ^^^^^^^^^^^^^^^^^^^^^^
AttributeError: 'Member' object has no attribute 'timed_out_until'
Ignoring exception in on_member_update
Traceback (most recent call last):
  File "/usr/local/lib/python3.12/site-packages/discord/client.py", line 465, in _run_event
    await coro(*args, **kwargs)
  File "/app/asu_discord/cogs/analytics.py", line 652, in on_member_update
    before_timeout = before.timed_out_until
                     ^^^^^^^^^^^^^^^^^^^^^^
AttributeError: 'Member' object has no attribute 'timed_out_until'
INFO:asu_discord.cogs.verification:Saved 4 roles to database for user jmabrah8 (Discord ID: 1487938963707531354)
INFO:asu_discord.cogs.verification:Refreshed Salesforce roles for Discord user 1487938963707531354: -4/+4 roles, assigned=[Downtown Phoenix, Edson College of Nursing and Health Innovation, First Year, Out of State]
Ignoring exception in on_member_update
Traceback (most recent call last):
  File "/usr/local/lib/python3.12/site-packages/discord/client.py", line 465, in _run_event
    await coro(*args, **kwargs)
  File "/app/asu_discord/cogs/analytics.py", line 652, in on_member_update
    before_timeout = before.timed_out_until
                     ^^^^^^^^^^^^^^^^^^^^^^
AttributeError: 'Member' object has no attribute 'timed_out_until'
Ignoring exception in on_member_update
Traceback (most recent call last):
  File "/usr/local/lib/python3.12/site-packages/discord/client.py", line 465, in _run_event
    await coro(*args, **kwargs)
  File "/app/asu_discord/cogs/analytics.py", line 652, in on_member_update
    before_timeout = before.timed_out_until
                     ^^^^^^^^^^^^^^^^^^^^^^
AttributeError: 'Member' object has no attribute 'timed_out_until'
Ignoring exception in on_member_update
Traceback (most recent call last):
  File "/usr/local/lib/python3.12/site-packages/discord/client.py", line 465, in _run_event
    await coro(*args, **kwargs)
  File "/app/asu_discord/cogs/analytics.py", line 652, in on_member_update
    before_timeout = before.timed_out_until
                     ^^^^^^^^^^^^^^^^^^^^^^
AttributeError: 'Member' object has no attribute 'timed_out_until'
Ignoring exception in on_member_update
Traceback (most recent call last):
  File "/usr/local/lib/python3.12/site-packages/discord/client.py", line 465, in _run_event
    await coro(*args, **kwargs)
  File "/app/asu_discord/cogs/analytics.py", line 652, in on_member_update
    before_timeout = before.timed_out_until
                     ^^^^^^^^^^^^^^^^^^^^^^
AttributeError: 'Member' object has no attribute 'timed_out_until'
Ignoring exception in on_member_update
Traceback (most recent call last):
  File "/usr/local/lib/python3.12/site-packages/discord/client.py", line 465, in _run_event
    await coro(*args, **kwargs)
  File "/app/asu_discord/cogs/analytics.py", line 652, in on_member_update
    before_timeout = before.timed_out_until
                     ^^^^^^^^^^^^^^^^^^^^^^
AttributeError: 'Member' object has no attribute 'timed_out_until'
Ignoring exception in on_member_update
Traceback (most recent call last):
  File "/usr/local/lib/python3.12/site-packages/discord/client.py", line 465, in _run_event
    await coro(*args, **kwargs)
  File "/app/asu_discord/cogs/analytics.py", line 652, in on_member_update
    before_timeout = before.timed_out_until
                     ^^^^^^^^^^^^^^^^^^^^^^
AttributeError: 'Member' object has no attribute 'timed_out_until'
Ignoring exception in on_member_update
Traceback (most recent call last):
  File "/usr/local/lib/python3.12/site-packages/discord/client.py", line 465, in _run_event
    await coro(*args, **kwargs)
  File "/app/asu_discord/cogs/analytics.py", line 652, in on_member_update
    before_timeout = before.timed_out_until
                     ^^^^^^^^^^^^^^^^^^^^^^
AttributeError: 'Member' object has no attribute 'timed_out_until'
Ignoring exception in on_member_update
Traceback (most recent call last):
  File "/usr/local/lib/python3.12/site-packages/discord/client.py", line 465, in _run_event
    await coro(*args, **kwargs)
  File "/app/asu_discord/cogs/analytics.py", line 652, in on_member_update
    before_timeout = before.timed_out_until
                     ^^^^^^^^^^^^^^^^^^^^^^
AttributeError: 'Member' object has no attribute 'timed_out_until'
Ignoring exception in on_member_update
Traceback (most recent call last):
  File "/usr/local/lib/python3.12/site-packages/discord/client.py", line 465, in _run_event
    await coro(*args, **kwargs)
  File "/app/asu_discord/cogs/analytics.py", line 652, in on_member_update
    before_timeout = before.timed_out_until
                     ^^^^^^^^^^^^^^^^^^^^^^
AttributeError: 'Member' object has no attribute 'timed_out_until'
Ignoring exception in on_member_update
Traceback (most recent call last):
  File "/usr/local/lib/python3.12/site-packages/discord/client.py", line 465, in _run_event
    await coro(*args, **kwargs)
  File "/app/asu_discord/cogs/analytics.py", line 652, in on_member_update
    before_timeout = before.timed_out_until
                     ^^^^^^^^^^^^^^^^^^^^^^
AttributeError: 'Member' object has no attribute 'timed_out_until'
INFO:asu_discord.cogs.verification:Saved 5 roles to database for user dgoodso2 (Discord ID: 827970681249595443)
INFO:asu_discord.cogs.verification:Refreshed Salesforce roles for Discord user 827970681249595443: -5/+5 roles, assigned=[Arizona Resident, Commited, First Year, Ira A. Fulton Schools of Engineering, Tempe]
ERROR:cron.jobs:refresh_salesforce_roles: failed for whussei1 (Discord ID 912371040800366754): Failed to refresh Salesforce-based roles: Discord user 912371040800366754 is not a member of the guild
ERROR:cron.jobs:refresh_salesforce_roles: failed for maljabar (Discord ID 1359308507773407382): Failed to refresh Salesforce-based roles: Discord user 1359308507773407382 is not a member of the guild
Ignoring exception in on_member_update
Traceback (most recent call last):
  File "/usr/local/lib/python3.12/site-packages/discord/client.py", line 465, in _run_event
    await coro(*args, **kwargs)
  File "/app/asu_discord/cogs/analytics.py", line 652, in on_member_update
    before_timeout = before.timed_out_until
                     ^^^^^^^^^^^^^^^^^^^^^^
AttributeError: 'Member' object has no attribute 'timed_out_until'
Ignoring exception in on_member_update
Traceback (most recent call last):
  File "/usr/local/lib/python3.12/site-packages/discord/client.py", line 465, in _run_event
    await coro(*args, **kwargs)
  File "/app/asu_discord/cogs/analytics.py", line 652, in on_member_update
    before_timeout = before.timed_out_until
                     ^^^^^^^^^^^^^^^^^^^^^^
AttributeError: 'Member' object has no attribute 'timed_out_until'
Ignoring exception in on_member_update
Traceback (most recent call last):
  File "/usr/local/lib/python3.12/site-packages/discord/client.py", line 465, in _run_event
    await coro(*args, **kwargs)
  File "/app/asu_discord/cogs/analytics.py", line 652, in on_member_update
    before_timeout = before.timed_out_until
                     ^^^^^^^^^^^^^^^^^^^^^^
AttributeError: 'Member' object has no attribute 'timed_out_until'
Ignoring exception in on_member_update
Traceback (most recent call last):
  File "/usr/local/lib/python3.12/site-packages/discord/client.py", line 465, in _run_event
    await coro(*args, **kwargs)
  File "/app/asu_discord/cogs/analytics.py", line 652, in on_member_update
    before_timeout = before.timed_out_until
                     ^^^^^^^^^^^^^^^^^^^^^^
AttributeError: 'Member' object has no attribute 'timed_out_until'
Ignoring exception in on_member_update
Traceback (most recent call last):
  File "/usr/local/lib/python3.12/site-packages/discord/client.py", line 465, in _run_event
    await coro(*args, **kwargs)
  File "/app/asu_discord/cogs/analytics.py", line 652, in on_member_update
    before_timeout = before.timed_out_until
                     ^^^^^^^^^^^^^^^^^^^^^^
AttributeError: 'Member' object has no attribute 'timed_out_until'
Ignoring exception in on_member_update
Traceback (most recent call last):
  File "/usr/local/lib/python3.12/site-packages/discord/client.py", line 465, in _run_event
    await coro(*args, **kwargs)
  File "/app/asu_discord/cogs/analytics.py", line 652, in on_member_update
    before_timeout = before.timed_out_until
                     ^^^^^^^^^^^^^^^^^^^^^^
AttributeError: 'Member' object has no attribute 'timed_out_until'
Ignoring exception in on_member_update
Traceback (most recent call last):
  File "/usr/local/lib/python3.12/site-packages/discord/client.py", line 465, in _run_event
    await coro(*args, **kwargs)
  File "/app/asu_discord/cogs/analytics.py", line 652, in on_member_update
    before_timeout = before.timed_out_until
                     ^^^^^^^^^^^^^^^^^^^^^^
AttributeError: 'Member' object has no attribute 'timed_out_until'
Ignoring exception in on_member_update
Traceback (most recent call last):
  File "/usr/local/lib/python3.12/site-packages/discord/client.py", line 465, in _run_event
    await coro(*args, **kwargs)
  File "/app/asu_discord/cogs/analytics.py", line 652, in on_member_update
    before_timeout = before.timed_out_until
                     ^^^^^^^^^^^^^^^^^^^^^^
AttributeError: 'Member' object has no attribute 'timed_out_until'
Ignoring exception in on_member_update
Traceback (most recent call last):
  File "/usr/local/lib/python3.12/site-packages/discord/client.py", line 465, in _run_event
    await coro(*args, **kwargs)
  File "/app/asu_discord/cogs/analytics.py", line 652, in on_member_update
    before_timeout = before.timed_out_until
                     ^^^^^^^^^^^^^^^^^^^^^^
AttributeError: 'Member' object has no attribute 'timed_out_until'
Ignoring exception in on_member_update
Traceback (most recent call last):
  File "/usr/local/lib/python3.12/site-packages/discord/client.py", line 465, in _run_event
    await coro(*args, **kwargs)
  File "/app/asu_discord/cogs/analytics.py", line 652, in on_member_update
    before_timeout = before.timed_out_until
                     ^^^^^^^^^^^^^^^^^^^^^^
AttributeError: 'Member' object has no attribute 'timed_out_until'
INFO:asu_discord.cogs.verification:Saved 5 roles to database for user bdemaran (Discord ID: 1487993747911348246)
INFO:asu_discord.cogs.verification:Refreshed Salesforce roles for Discord user 1487993747911348246: -5/+5 roles, assigned=[Arizona Resident, Commited, First Year, Tempe, W.P. Carey School of Business]
Ignoring exception in on_member_update
Traceback (most recent call last):
  File "/usr/local/lib/python3.12/site-packages/discord/client.py", line 465, in _run_event
    await coro(*args, **kwargs)
  File "/app/asu_discord/cogs/analytics.py", line 652, in on_member_update
    before_timeout = before.timed_out_until
                     ^^^^^^^^^^^^^^^^^^^^^^
AttributeError: 'Member' object has no attribute 'timed_out_until'
Ignoring exception in on_member_update
Traceback (most recent call last):
  File "/usr/local/lib/python3.12/site-packages/discord/client.py", line 465, in _run_event
    await coro(*args, **kwargs)
  File "/app/asu_discord/cogs/analytics.py", line 652, in on_member_update
    before_timeout = before.timed_out_until
                     ^^^^^^^^^^^^^^^^^^^^^^
AttributeError: 'Member' object has no attribute 'timed_out_until'
Ignoring exception in on_member_update
Traceback (most recent call last):
  File "/usr/local/lib/python3.12/site-packages/discord/client.py", line 465, in _run_event
    await coro(*args, **kwargs)
  File "/app/asu_discord/cogs/analytics.py", line 652, in on_member_update
    before_timeout = before.timed_out_until
                     ^^^^^^^^^^^^^^^^^^^^^^
AttributeError: 'Member' object has no attribute 'timed_out_until'
Ignoring exception in on_member_update
Traceback (most recent call last):
  File "/usr/local/lib/python3.12/site-packages/discord/client.py", line 465, in _run_event
    await coro(*args, **kwargs)
  File "/app/asu_discord/cogs/analytics.py", line 652, in on_member_update
    before_timeout = before.timed_out_until
                     ^^^^^^^^^^^^^^^^^^^^^^
AttributeError: 'Member' object has no attribute 'timed_out_until'
Ignoring exception in on_member_update
Traceback (most recent call last):
  File "/usr/local/lib/python3.12/site-packages/discord/client.py", line 465, in _run_event
    await coro(*args, **kwargs)
  File "/app/asu_discord/cogs/analytics.py", line 652, in on_member_update
    before_timeout = before.timed_out_until
                     ^^^^^^^^^^^^^^^^^^^^^^
AttributeError: 'Member' object has no attribute 'timed_out_until'
Ignoring exception in on_member_update
Traceback (most recent call last):
  File "/usr/local/lib/python3.12/site-packages/discord/client.py", line 465, in _run_event
    await coro(*args, **kwargs)
  File "/app/asu_discord/cogs/analytics.py", line 652, in on_member_update
    before_timeout = before.timed_out_until
                     ^^^^^^^^^^^^^^^^^^^^^^
AttributeError: 'Member' object has no attribute 'timed_out_until'
Ignoring exception in on_member_update
Traceback (most recent call last):
  File "/usr/local/lib/python3.12/site-packages/discord/client.py", line 465, in _run_event
    await coro(*args, **kwargs)
  File "/app/asu_discord/cogs/analytics.py", line 652, in on_member_update
    before_timeout = before.timed_out_until
                     ^^^^^^^^^^^^^^^^^^^^^^
AttributeError: 'Member' object has no attribute 'timed_out_until'
Ignoring exception in on_member_update
Traceback (most recent call last):
  File "/usr/local/lib/python3.12/site-packages/discord/client.py", line 465, in _run_event
    await coro(*args, **kwargs)
  File "/app/asu_discord/cogs/analytics.py", line 652, in on_member_update
    before_timeout = before.timed_out_until
                     ^^^^^^^^^^^^^^^^^^^^^^
AttributeError: 'Member' object has no attribute 'timed_out_until'
Ignoring exception in on_member_update
Traceback (most recent call last):
  File "/usr/local/lib/python3.12/site-packages/discord/client.py", line 465, in _run_event
    await coro(*args, **kwargs)
  File "/app/asu_discord/cogs/analytics.py", line 652, in on_member_update
    before_timeout = before.timed_out_until
                     ^^^^^^^^^^^^^^^^^^^^^^
AttributeError: 'Member' object has no attribute 'timed_out_until'
Ignoring exception in on_member_update
Traceback (most recent call last):
  File "/usr/local/lib/python3.12/site-packages/discord/client.py", line 465, in _run_event
    await coro(*args, **kwargs)
  File "/app/asu_discord/cogs/analytics.py", line 652, in on_member_update
    before_timeout = before.timed_out_until
                     ^^^^^^^^^^^^^^^^^^^^^^
AttributeError: 'Member' object has no attribute 'timed_out_until'
ERROR:cron.jobs:refresh_salesforce_roles: failed for hsong117 (Discord ID 1475331210589765662): Timed out refresh Salesforce-based roles
Ignoring exception in on_member_update
Traceback (most recent call last):
  File "/usr/local/lib/python3.12/site-packages/discord/client.py", line 465, in _run_event
    await coro(*args, **kwargs)
  File "/app/asu_discord/cogs/analytics.py", line 652, in on_member_update
    before_timeout = before.timed_out_until
                     ^^^^^^^^^^^^^^^^^^^^^^
AttributeError: 'Member' object has no attribute 'timed_out_until'
Ignoring exception in on_member_update
Traceback (most recent call last):
  File "/usr/local/lib/python3.12/site-packages/discord/client.py", line 465, in _run_event
    await coro(*args, **kwargs)
  File "/app/asu_discord/cogs/analytics.py", line 652, in on_member_update
    before_timeout = before.timed_out_until
                     ^^^^^^^^^^^^^^^^^^^^^^
AttributeError: 'Member' object has no attribute 'timed_out_until'
Ignoring exception in on_member_update
Traceback (most recent call last):
  File "/usr/local/lib/python3.12/site-packages/discord/client.py", line 465, in _run_event
    await coro(*args, **kwargs)
  File "/app/asu_discord/cogs/analytics.py", line 652, in on_member_update
    before_timeout = before.timed_out_until
                     ^^^^^^^^^^^^^^^^^^^^^^
AttributeError: 'Member' object has no attribute 'timed_out_until'
Ignoring exception in on_member_update
Traceback (most recent call last):
  File "/usr/local/lib/python3.12/site-packages/discord/client.py", line 465, in _run_event
    await coro(*args, **kwargs)
  File "/app/asu_discord/cogs/analytics.py", line 652, in on_member_update
    before_timeout = before.timed_out_until
                     ^^^^^^^^^^^^^^^^^^^^^^
AttributeError: 'Member' object has no attribute 'timed_out_until'
Ignoring exception in on_member_update
Traceback (most recent call last):
  File "/usr/local/lib/python3.12/site-packages/discord/client.py", line 465, in _run_event
    await coro(*args, **kwargs)
  File "/app/asu_discord/cogs/analytics.py", line 652, in on_member_update
    before_timeout = before.timed_out_until
                     ^^^^^^^^^^^^^^^^^^^^^^
AttributeError: 'Member' object has no attribute 'timed_out_until'
Ignoring exception in on_member_update
Traceback (most recent call last):
  File "/usr/local/lib/python3.12/site-packages/discord/client.py", line 465, in _run_event
    await coro(*args, **kwargs)
  File "/app/asu_discord/cogs/analytics.py", line 652, in on_member_update
    before_timeout = before.timed_out_until
                     ^^^^^^^^^^^^^^^^^^^^^^
AttributeError: 'Member' object has no attribute 'timed_out_until'
Ignoring exception in on_member_update
Traceback (most recent call last):
  File "/usr/local/lib/python3.12/site-packages/discord/client.py", line 465, in _run_event
    await coro(*args, **kwargs)
  File "/app/asu_discord/cogs/analytics.py", line 652, in on_member_update
    before_timeout = before.timed_out_until
                     ^^^^^^^^^^^^^^^^^^^^^^
AttributeError: 'Member' object has no attribute 'timed_out_until'
Ignoring exception in on_member_update
Traceback (most recent call last):
  File "/usr/local/lib/python3.12/site-packages/discord/client.py", line 465, in _run_event
    await coro(*args, **kwargs)
  File "/app/asu_discord/cogs/analytics.py", line 652, in on_member_update
    before_timeout = before.timed_out_until
                     ^^^^^^^^^^^^^^^^^^^^^^
AttributeError: 'Member' object has no attribute 'timed_out_until'
INFO:asu_discord.cogs.verification:Saved 4 roles to database for user fdiawar1 (Discord ID: 691938066415484988)
INFO:asu_discord.cogs.verification:Refreshed Salesforce roles for Discord user 691938066415484988: -4/+4 roles, assigned=[College of Liberal Arts and Sciences, Commited, First Year, Tempe]
Ignoring exception in on_member_update
Traceback (most recent call last):
  File "/usr/local/lib/python3.12/site-packages/discord/client.py", line 465, in _run_event
    await coro(*args, **kwargs)
  File "/app/asu_discord/cogs/analytics.py", line 652, in on_member_update
    before_timeout = before.timed_out_until
                     ^^^^^^^^^^^^^^^^^^^^^^
AttributeError: 'Member' object has no attribute 'timed_out_until'
Ignoring exception in on_member_update
Traceback (most recent call last):
  File "/usr/local/lib/python3.12/site-packages/discord/client.py", line 465, in _run_event
    await coro(*args, **kwargs)
  File "/app/asu_discord/cogs/analytics.py", line 652, in on_member_update
    before_timeout = before.timed_out_until
                     ^^^^^^^^^^^^^^^^^^^^^^
AttributeError: 'Member' object has no attribute 'timed_out_until'
Ignoring exception in on_member_update
Traceback (most recent call last):
  File "/usr/local/lib/python3.12/site-packages/discord/client.py", line 465, in _run_event
    await coro(*args, **kwargs)
  File "/app/asu_discord/cogs/analytics.py", line 652, in on_member_update
    before_timeout = before.timed_out_until
                     ^^^^^^^^^^^^^^^^^^^^^^
AttributeError: 'Member' object has no attribute 'timed_out_until'
Ignoring exception in on_member_update
Traceback (most recent call last):
  File "/usr/local/lib/python3.12/site-packages/discord/client.py", line 465, in _run_event
    await coro(*args, **kwargs)
  File "/app/asu_discord/cogs/analytics.py", line 652, in on_member_update
    before_timeout = before.timed_out_until
                     ^^^^^^^^^^^^^^^^^^^^^^
AttributeError: 'Member' object has no attribute 'timed_out_until'
Ignoring exception in on_member_update
Traceback (most recent call last):
  File "/usr/local/lib/python3.12/site-packages/discord/client.py", line 465, in _run_event
    await coro(*args, **kwargs)
  File "/app/asu_discord/cogs/analytics.py", line 652, in on_member_update
    before_timeout = before.timed_out_until
                     ^^^^^^^^^^^^^^^^^^^^^^
AttributeError: 'Member' object has no attribute 'timed_out_until'
Ignoring exception in on_member_update
Traceback (most recent call last):
  File "/usr/local/lib/python3.12/site-packages/discord/client.py", line 465, in _run_event
    await coro(*args, **kwargs)
  File "/app/asu_discord/cogs/analytics.py", line 652, in on_member_update
    before_timeout = before.timed_out_until
                     ^^^^^^^^^^^^^^^^^^^^^^
AttributeError: 'Member' object has no attribute 'timed_out_until'
Ignoring exception in on_member_update
Traceback (most recent call last):
  File "/usr/local/lib/python3.12/site-packages/discord/client.py", line 465, in _run_event
    await coro(*args, **kwargs)
  File "/app/asu_discord/cogs/analytics.py", line 652, in on_member_update
    before_timeout = before.timed_out_until
                     ^^^^^^^^^^^^^^^^^^^^^^
AttributeError: 'Member' object has no attribute 'timed_out_until'
Ignoring exception in on_member_update
Traceback (most recent call last):
  File "/usr/local/lib/python3.12/site-packages/discord/client.py", line 465, in _run_event
    await coro(*args, **kwargs)
  File "/app/asu_discord/cogs/analytics.py", line 652, in on_member_update
    before_timeout = before.timed_out_until
                     ^^^^^^^^^^^^^^^^^^^^^^
AttributeError: 'Member' object has no attribute 'timed_out_until'
Ignoring exception in on_member_update
Traceback (most recent call last):
  File "/usr/local/lib/python3.12/site-packages/discord/client.py", line 465, in _run_event
    await coro(*args, **kwargs)
  File "/app/asu_discord/cogs/analytics.py", line 652, in on_member_update
    before_timeout = before.timed_out_until
                     ^^^^^^^^^^^^^^^^^^^^^^
AttributeError: 'Member' object has no attribute 'timed_out_until'
Ignoring exception in on_member_update
Traceback (most recent call last):
  File "/usr/local/lib/python3.12/site-packages/discord/client.py", line 465, in _run_event
    await coro(*args, **kwargs)
  File "/app/asu_discord/cogs/analytics.py", line 652, in on_member_update
    before_timeout = before.timed_out_until
                     ^^^^^^^^^^^^^^^^^^^^^^
AttributeError: 'Member' object has no attribute 'timed_out_until'
Ignoring exception in on_member_update
Traceback (most recent call last):
  File "/usr/local/lib/python3.12/site-packages/discord/client.py", line 465, in _run_event
    await coro(*args, **kwargs)
  File "/app/asu_discord/cogs/analytics.py", line 652, in on_member_update
    before_timeout = before.timed_out_until
                     ^^^^^^^^^^^^^^^^^^^^^^
AttributeError: 'Member' object has no attribute 'timed_out_until'
Ignoring exception in on_member_update
Traceback (most recent call last):
  File "/usr/local/lib/python3.12/site-packages/discord/client.py", line 465, in _run_event
    await coro(*args, **kwargs)
  File "/app/asu_discord/cogs/analytics.py", line 652, in on_member_update
    before_timeout = before.timed_out_until
                     ^^^^^^^^^^^^^^^^^^^^^^
AttributeError: 'Member' object has no attribute 'timed_out_until'
INFO:asu_discord.cogs.verification:Saved 6 roles to database for user avmccull (Discord ID: 1045682552725315654)
INFO:asu_discord.cogs.verification:Refreshed Salesforce roles for Discord user 1045682552725315654: -6/+6 roles, assigned=[Arizona Resident, Commited, First Generation Student, First Year, New College of Interdisciplinary Arts and Sciences, West Valley]
ERROR:cron.jobs:refresh_salesforce_roles: failed for bkretzme (Discord ID 589315317331918881): Failed to refresh Salesforce-based roles: Discord user 589315317331918881 is not a member of the guild
Ignoring exception in on_member_update
Traceback (most recent call last):
  File "/usr/local/lib/python3.12/site-packages/discord/client.py", line 465, in _run_event
    await coro(*args, **kwargs)
  File "/app/asu_discord/cogs/analytics.py", line 652, in on_member_update
    before_timeout = before.timed_out_until
                     ^^^^^^^^^^^^^^^^^^^^^^
AttributeError: 'Member' object has no attribute 'timed_out_until'
Ignoring exception in on_member_update
Traceback (most recent call last):
  File "/usr/local/lib/python3.12/site-packages/discord/client.py", line 465, in _run_event
    await coro(*args, **kwargs)
  File "/app/asu_discord/cogs/analytics.py", line 652, in on_member_update
    before_timeout = before.timed_out_until
                     ^^^^^^^^^^^^^^^^^^^^^^
AttributeError: 'Member' object has no attribute 'timed_out_until'
Ignoring exception in on_member_update
Traceback (most recent call last):
  File "/usr/local/lib/python3.12/site-packages/discord/client.py", line 465, in _run_event
    await coro(*args, **kwargs)
  File "/app/asu_discord/cogs/analytics.py", line 652, in on_member_update
    before_timeout = before.timed_out_until
                     ^^^^^^^^^^^^^^^^^^^^^^
AttributeError: 'Member' object has no attribute 'timed_out_until'
Ignoring exception in on_member_update
Traceback (most recent call last):
  File "/usr/local/lib/python3.12/site-packages/discord/client.py", line 465, in _run_event
    await coro(*args, **kwargs)
  File "/app/asu_discord/cogs/analytics.py", line 652, in on_member_update
    before_timeout = before.timed_out_until
                     ^^^^^^^^^^^^^^^^^^^^^^
AttributeError: 'Member' object has no attribute 'timed_out_until'
Ignoring exception in on_member_update
Traceback (most recent call last):
  File "/usr/local/lib/python3.12/site-packages/discord/client.py", line 465, in _run_event
    await coro(*args, **kwargs)
  File "/app/asu_discord/cogs/analytics.py", line 652, in on_member_update
    before_timeout = before.timed_out_until
                     ^^^^^^^^^^^^^^^^^^^^^^
AttributeError: 'Member' object has no attribute 'timed_out_until'
Ignoring exception in on_member_update
Traceback (most recent call last):
  File "/usr/local/lib/python3.12/site-packages/discord/client.py", line 465, in _run_event
    await coro(*args, **kwargs)
  File "/app/asu_discord/cogs/analytics.py", line 652, in on_member_update
    before_timeout = before.timed_out_until
                     ^^^^^^^^^^^^^^^^^^^^^^
AttributeError: 'Member' object has no attribute 'timed_out_until'
Ignoring exception in on_member_update
Traceback (most recent call last):
  File "/usr/local/lib/python3.12/site-packages/discord/client.py", line 465, in _run_event
    await coro(*args, **kwargs)
  File "/app/asu_discord/cogs/analytics.py", line 652, in on_member_update
    before_timeout = before.timed_out_until
                     ^^^^^^^^^^^^^^^^^^^^^^
AttributeError: 'Member' object has no attribute 'timed_out_until'
Ignoring exception in on_member_update
Traceback (most recent call last):
  File "/usr/local/lib/python3.12/site-packages/discord/client.py", line 465, in _run_event
    await coro(*args, **kwargs)
  File "/app/asu_discord/cogs/analytics.py", line 652, in on_member_update
    before_timeout = before.timed_out_until
                     ^^^^^^^^^^^^^^^^^^^^^^
AttributeError: 'Member' object has no attribute 'timed_out_until'
Ignoring exception in on_member_update
Traceback (most recent call last):
  File "/usr/local/lib/python3.12/site-packages/discord/client.py", line 465, in _run_event
    await coro(*args, **kwargs)
  File "/app/asu_discord/cogs/analytics.py", line 652, in on_member_update
    before_timeout = before.timed_out_until
                     ^^^^^^^^^^^^^^^^^^^^^^
AttributeError: 'Member' object has no attribute 'timed_out_until'
Ignoring exception in on_member_update
Traceback (most recent call last):
  File "/usr/local/lib/python3.12/site-packages/discord/client.py", line 465, in _run_event
    await coro(*args, **kwargs)
  File "/app/asu_discord/cogs/analytics.py", line 652, in on_member_update
    before_timeout = before.timed_out_until
                     ^^^^^^^^^^^^^^^^^^^^^^
AttributeError: 'Member' object has no attribute 'timed_out_until'
ERROR:cron.jobs:refresh_salesforce_roles: failed for nvalver2 (Discord ID 1429905389520027821): Timed out refresh Salesforce-based roles
Ignoring exception in on_member_update
Traceback (most recent call last):
  File "/usr/local/lib/python3.12/site-packages/discord/client.py", line 465, in _run_event
    await coro(*args, **kwargs)
  File "/app/asu_discord/cogs/analytics.py", line 652, in on_member_update
    before_timeout = before.timed_out_until
                     ^^^^^^^^^^^^^^^^^^^^^^
AttributeError: 'Member' object has no attribute 'timed_out_until'
Ignoring exception in on_member_update
Traceback (most recent call last):
  File "/usr/local/lib/python3.12/site-packages/discord/client.py", line 465, in _run_event
    await coro(*args, **kwargs)
  File "/app/asu_discord/cogs/analytics.py", line 652, in on_member_update
    before_timeout = before.timed_out_until
                     ^^^^^^^^^^^^^^^^^^^^^^
AttributeError: 'Member' object has no attribute 'timed_out_until'
Ignoring exception in on_member_update
Traceback (most recent call last):
  File "/usr/local/lib/python3.12/site-packages/discord/client.py", line 465, in _run_event
    await coro(*args, **kwargs)
  File "/app/asu_discord/cogs/analytics.py", line 652, in on_member_update
    before_timeout = before.timed_out_until
                     ^^^^^^^^^^^^^^^^^^^^^^
AttributeError: 'Member' object has no attribute 'timed_out_until'
Ignoring exception in on_member_update
Traceback (most recent call last):
  File "/usr/local/lib/python3.12/site-packages/discord/client.py", line 465, in _run_event
    await coro(*args, **kwargs)
  File "/app/asu_discord/cogs/analytics.py", line 652, in on_member_update
    before_timeout = before.timed_out_until
                     ^^^^^^^^^^^^^^^^^^^^^^
AttributeError: 'Member' object has no attribute 'timed_out_until'
Ignoring exception in on_member_update
Traceback (most recent call last):
  File "/usr/local/lib/python3.12/site-packages/discord/client.py", line 465, in _run_event
    await coro(*args, **kwargs)
  File "/app/asu_discord/cogs/analytics.py", line 652, in on_member_update
    before_timeout = before.timed_out_until
                     ^^^^^^^^^^^^^^^^^^^^^^
AttributeError: 'Member' object has no attribute 'timed_out_until'
Ignoring exception in on_member_update
Traceback (most recent call last):
  File "/usr/local/lib/python3.12/site-packages/discord/client.py", line 465, in _run_event
    await coro(*args, **kwargs)
  File "/app/asu_discord/cogs/analytics.py", line 652, in on_member_update
    before_timeout = before.timed_out_until
                     ^^^^^^^^^^^^^^^^^^^^^^
AttributeError: 'Member' object has no attribute 'timed_out_until'
Ignoring exception in on_member_update
Traceback (most recent call last):
  File "/usr/local/lib/python3.12/site-packages/discord/client.py", line 465, in _run_event
    await coro(*args, **kwargs)
  File "/app/asu_discord/cogs/analytics.py", line 652, in on_member_update
    before_timeout = before.timed_out_until
                     ^^^^^^^^^^^^^^^^^^^^^^
AttributeError: 'Member' object has no attribute 'timed_out_until'
Ignoring exception in on_member_update
Traceback (most recent call last):
  File "/usr/local/lib/python3.12/site-packages/discord/client.py", line 465, in _run_event
    await coro(*args, **kwargs)
  File "/app/asu_discord/cogs/analytics.py", line 652, in on_member_update
    before_timeout = before.timed_out_until
                     ^^^^^^^^^^^^^^^^^^^^^^
AttributeError: 'Member' object has no attribute 'timed_out_until'
Ignoring exception in on_member_update
Traceback (most recent call last):
  File "/usr/local/lib/python3.12/site-packages/discord/client.py", line 465, in _run_event
    await coro(*args, **kwargs)
  File "/app/asu_discord/cogs/analytics.py", line 652, in on_member_update
    before_timeout = before.timed_out_until
                     ^^^^^^^^^^^^^^^^^^^^^^
AttributeError: 'Member' object has no attribute 'timed_out_until'
Ignoring exception in on_member_update
Traceback (most recent call last):
  File "/usr/local/lib/python3.12/site-packages/discord/client.py", line 465, in _run_event
    await coro(*args, **kwargs)
  File "/app/asu_discord/cogs/analytics.py", line 652, in on_member_update
    before_timeout = before.timed_out_until
                     ^^^^^^^^^^^^^^^^^^^^^^
AttributeError: 'Member' object has no attribute 'timed_out_until'
INFO:asu_discord.cogs.verification:Saved 5 roles to database for user cehsani (Discord ID: 727182148783571014)
INFO:asu_discord.cogs.verification:Refreshed Salesforce roles for Discord user 727182148783571014: -5/+5 roles, assigned=[Commited, First Year, Out of State, Tempe, W.P. Carey School of Business]
Ignoring exception in on_member_update
Traceback (most recent call last):
  File "/usr/local/lib/python3.12/site-packages/discord/client.py", line 465, in _run_event
    await coro(*args, **kwargs)
  File "/app/asu_discord/cogs/analytics.py", line 652, in on_member_update
    before_timeout = before.timed_out_until
                     ^^^^^^^^^^^^^^^^^^^^^^
AttributeError: 'Member' object has no attribute 'timed_out_until'
Ignoring exception in on_member_update
Traceback (most recent call last):
  File "/usr/local/lib/python3.12/site-packages/discord/client.py", line 465, in _run_event
    await coro(*args, **kwargs)
  File "/app/asu_discord/cogs/analytics.py", line 652, in on_member_update
    before_timeout = before.timed_out_until
                     ^^^^^^^^^^^^^^^^^^^^^^
AttributeError: 'Member' object has no attribute 'timed_out_until'
Ignoring exception in on_member_update
Traceback (most recent call last):
  File "/usr/local/lib/python3.12/site-packages/discord/client.py", line 465, in _run_event
    await coro(*args, **kwargs)
  File "/app/asu_discord/cogs/analytics.py", line 652, in on_member_update
    before_timeout = before.timed_out_until
                     ^^^^^^^^^^^^^^^^^^^^^^
AttributeError: 'Member' object has no attribute 'timed_out_until'
Ignoring exception in on_member_update
Traceback (most recent call last):
  File "/usr/local/lib/python3.12/site-packages/discord/client.py", line 465, in _run_event
    await coro(*args, **kwargs)
  File "/app/asu_discord/cogs/analytics.py", line 652, in on_member_update
    before_timeout = before.timed_out_until
                     ^^^^^^^^^^^^^^^^^^^^^^
AttributeError: 'Member' object has no attribute 'timed_out_until'
Ignoring exception in on_member_update
Traceback (most recent call last):
  File "/usr/local/lib/python3.12/site-packages/discord/client.py", line 465, in _run_event
    await coro(*args, **kwargs)
  File "/app/asu_discord/cogs/analytics.py", line 652, in on_member_update
    before_timeout = before.timed_out_until
                     ^^^^^^^^^^^^^^^^^^^^^^
AttributeError: 'Member' object has no attribute 'timed_out_until'
Ignoring exception in on_member_update
Traceback (most recent call last):
  File "/usr/local/lib/python3.12/site-packages/discord/client.py", line 465, in _run_event
    await coro(*args, **kwargs)
  File "/app/asu_discord/cogs/analytics.py", line 652, in on_member_update
    before_timeout = before.timed_out_until
                     ^^^^^^^^^^^^^^^^^^^^^^
AttributeError: 'Member' object has no attribute 'timed_out_until'
Ignoring exception in on_member_update
Traceback (most recent call last):
  File "/usr/local/lib/python3.12/site-packages/discord/client.py", line 465, in _run_event
    await coro(*args, **kwargs)
  File "/app/asu_discord/cogs/analytics.py", line 652, in on_member_update
    before_timeout = before.timed_out_until
                     ^^^^^^^^^^^^^^^^^^^^^^
AttributeError: 'Member' object has no attribute 'timed_out_until'
Ignoring exception in on_member_update
Traceback (most recent call last):
  File "/usr/local/lib/python3.12/site-packages/discord/client.py", line 465, in _run_event
    await coro(*args, **kwargs)
  File "/app/asu_discord/cogs/analytics.py", line 652, in on_member_update
    before_timeout = before.timed_out_until
                     ^^^^^^^^^^^^^^^^^^^^^^
AttributeError: 'Member' object has no attribute 'timed_out_until'
Ignoring exception in on_member_update
Traceback (most recent call last):
  File "/usr/local/lib/python3.12/site-packages/discord/client.py", line 465, in _run_event
    await coro(*args, **kwargs)
  File "/app/asu_discord/cogs/analytics.py", line 652, in on_member_update
    before_timeout = before.timed_out_until
                     ^^^^^^^^^^^^^^^^^^^^^^
AttributeError: 'Member' object has no attribute 'timed_out_until'
Ignoring exception in on_member_update
Traceback (most recent call last):
  File "/usr/local/lib/python3.12/site-packages/discord/client.py", line 465, in _run_event
    await coro(*args, **kwargs)
  File "/app/asu_discord/cogs/analytics.py", line 652, in on_member_update
    before_timeout = before.timed_out_until
                     ^^^^^^^^^^^^^^^^^^^^^^
AttributeError: 'Member' object has no attribute 'timed_out_until'
INFO:asu_discord.cogs.verification:Saved 5 roles to database for user hluong4 (Discord ID: 1143726660835889232)
INFO:asu_discord.cogs.verification:Refreshed Salesforce roles for Discord user 1143726660835889232: -5/+5 roles, assigned=[Commited, International Student, Ira A. Fulton Schools of Engineering, Polytechnic, Transfer Student]
ERROR:cron.jobs:refresh_salesforce_roles: failed for rrjimen1 (Discord ID 953458130308726835): Failed to refresh Salesforce-based roles: Discord user 953458130308726835 is not a member of the guild
Ignoring exception in on_member_update
Traceback (most recent call last):
  File "/usr/local/lib/python3.12/site-packages/discord/client.py", line 465, in _run_event
    await coro(*args, **kwargs)
  File "/app/asu_discord/cogs/analytics.py", line 652, in on_member_update
    before_timeout = before.timed_out_until
                     ^^^^^^^^^^^^^^^^^^^^^^
AttributeError: 'Member' object has no attribute 'timed_out_until'
Ignoring exception in on_member_update
Traceback (most recent call last):
  File "/usr/local/lib/python3.12/site-packages/discord/client.py", line 465, in _run_event
    await coro(*args, **kwargs)
  File "/app/asu_discord/cogs/analytics.py", line 652, in on_member_update
    before_timeout = before.timed_out_until
                     ^^^^^^^^^^^^^^^^^^^^^^
AttributeError: 'Member' object has no attribute 'timed_out_until'
Ignoring exception in on_member_update
Traceback (most recent call last):
  File "/usr/local/lib/python3.12/site-packages/discord/client.py", line 465, in _run_event
    await coro(*args, **kwargs)
  File "/app/asu_discord/cogs/analytics.py", line 652, in on_member_update
    before_timeout = before.timed_out_until
                     ^^^^^^^^^^^^^^^^^^^^^^
AttributeError: 'Member' object has no attribute 'timed_out_until'
Ignoring exception in on_member_update
Traceback (most recent call last):
  File "/usr/local/lib/python3.12/site-packages/discord/client.py", line 465, in _run_event
    await coro(*args, **kwargs)
  File "/app/asu_discord/cogs/analytics.py", line 652, in on_member_update
    before_timeout = before.timed_out_until
                     ^^^^^^^^^^^^^^^^^^^^^^
AttributeError: 'Member' object has no attribute 'timed_out_until'
Ignoring exception in on_member_update
Traceback (most recent call last):
  File "/usr/local/lib/python3.12/site-packages/discord/client.py", line 465, in _run_event
    await coro(*args, **kwargs)
  File "/app/asu_discord/cogs/analytics.py", line 652, in on_member_update
    before_timeout = before.timed_out_until
                     ^^^^^^^^^^^^^^^^^^^^^^
AttributeError: 'Member' object has no attribute 'timed_out_until'
Ignoring exception in on_member_update
Traceback (most recent call last):
  File "/usr/local/lib/python3.12/site-packages/discord/client.py", line 465, in _run_event
    await coro(*args, **kwargs)
  File "/app/asu_discord/cogs/analytics.py", line 652, in on_member_update
    before_timeout = before.timed_out_until
                     ^^^^^^^^^^^^^^^^^^^^^^
AttributeError: 'Member' object has no attribute 'timed_out_until'
Ignoring exception in on_member_update
Traceback (most recent call last):
  File "/usr/local/lib/python3.12/site-packages/discord/client.py", line 465, in _run_event
    await coro(*args, **kwargs)
  File "/app/asu_discord/cogs/analytics.py", line 652, in on_member_update
    before_timeout = before.timed_out_until
                     ^^^^^^^^^^^^^^^^^^^^^^
AttributeError: 'Member' object has no attribute 'timed_out_until'
Ignoring exception in on_member_update
Traceback (most recent call last):
  File "/usr/local/lib/python3.12/site-packages/discord/client.py", line 465, in _run_event
    await coro(*args, **kwargs)
  File "/app/asu_discord/cogs/analytics.py", line 652, in on_member_update
    before_timeout = before.timed_out_until
                     ^^^^^^^^^^^^^^^^^^^^^^
AttributeError: 'Member' object has no attribute 'timed_out_until'
Ignoring exception in on_member_update
Traceback (most recent call last):
  File "/usr/local/lib/python3.12/site-packages/discord/client.py", line 465, in _run_event
    await coro(*args, **kwargs)
  File "/app/asu_discord/cogs/analytics.py", line 652, in on_member_update
    before_timeout = before.timed_out_until
                     ^^^^^^^^^^^^^^^^^^^^^^
AttributeError: 'Member' object has no attribute 'timed_out_until'
Ignoring exception in on_member_update
Traceback (most recent call last):
  File "/usr/local/lib/python3.12/site-packages/discord/client.py", line 465, in _run_event
    await coro(*args, **kwargs)
  File "/app/asu_discord/cogs/analytics.py", line 652, in on_member_update
    before_timeout = before.timed_out_until
                     ^^^^^^^^^^^^^^^^^^^^^^
AttributeError: 'Member' object has no attribute 'timed_out_until'
INFO:asu_discord.cogs.verification:Saved 5 roles to database for user sdeshaw (Discord ID: 765427407209365546)
INFO:asu_discord.cogs.verification:Refreshed Salesforce roles for Discord user 765427407209365546: -5/+5 roles, assigned=[Arizona Resident, Commited, First Year, Herberger Institute for Design and the Arts, Tempe]
Ignoring exception in on_member_update
Traceback (most recent call last):
  File "/usr/local/lib/python3.12/site-packages/discord/client.py", line 465, in _run_event
    await coro(*args, **kwargs)
  File "/app/asu_discord/cogs/analytics.py", line 652, in on_member_update
    before_timeout = before.timed_out_until
                     ^^^^^^^^^^^^^^^^^^^^^^
AttributeError: 'Member' object has no attribute 'timed_out_until'
INFO:asu_discord.cogs.verification:Saved 1 roles to database for user jtleona7 (Discord ID: 1426950996508147834)
INFO:asu_discord.cogs.verification:Refreshed Salesforce roles for Discord user 1426950996508147834: -1/+1 roles, assigned=[Out of State]
Ignoring exception in on_member_update
Traceback (most recent call last):
  File "/usr/local/lib/python3.12/site-packages/discord/client.py", line 465, in _run_event
    await coro(*args, **kwargs)
  File "/app/asu_discord/cogs/analytics.py", line 652, in on_member_update
    before_timeout = before.timed_out_until
                     ^^^^^^^^^^^^^^^^^^^^^^
AttributeError: 'Member' object has no attribute 'timed_out_until'
Ignoring exception in on_member_update
Traceback (most recent call last):
  File "/usr/local/lib/python3.12/site-packages/discord/client.py", line 465, in _run_event
    await coro(*args, **kwargs)
  File "/app/asu_discord/cogs/analytics.py", line 652, in on_member_update
    before_timeout = before.timed_out_until
                     ^^^^^^^^^^^^^^^^^^^^^^
AttributeError: 'Member' object has no attribute 'timed_out_until'
Ignoring exception in on_member_update
Traceback (most recent call last):
  File "/usr/local/lib/python3.12/site-packages/discord/client.py", line 465, in _run_event
    await coro(*args, **kwargs)
  File "/app/asu_discord/cogs/analytics.py", line 652, in on_member_update
    before_timeout = before.timed_out_until
                     ^^^^^^^^^^^^^^^^^^^^^^
AttributeError: 'Member' object has no attribute 'timed_out_until'
Ignoring exception in on_member_update
Traceback (most recent call last):
  File "/usr/local/lib/python3.12/site-packages/discord/client.py", line 465, in _run_event
    await coro(*args, **kwargs)
  File "/app/asu_discord/cogs/analytics.py", line 652, in on_member_update
    before_timeout = before.timed_out_until
                     ^^^^^^^^^^^^^^^^^^^^^^
AttributeError: 'Member' object has no attribute 'timed_out_until'
Ignoring exception in on_member_update
Traceback (most recent call last):
  File "/usr/local/lib/python3.12/site-packages/discord/client.py", line 465, in _run_event
    await coro(*args, **kwargs)
  File "/app/asu_discord/cogs/analytics.py", line 652, in on_member_update
    before_timeout = before.timed_out_until
                     ^^^^^^^^^^^^^^^^^^^^^^
AttributeError: 'Member' object has no attribute 'timed_out_until'
Ignoring exception in on_member_update
Traceback (most recent call last):
  File "/usr/local/lib/python3.12/site-packages/discord/client.py", line 465, in _run_event
    await coro(*args, **kwargs)
  File "/app/asu_discord/cogs/analytics.py", line 652, in on_member_update
    before_timeout = before.timed_out_until
                     ^^^^^^^^^^^^^^^^^^^^^^
AttributeError: 'Member' object has no attribute 'timed_out_until'
Ignoring exception in on_member_update
Traceback (most recent call last):
  File "/usr/local/lib/python3.12/site-packages/discord/client.py", line 465, in _run_event
    await coro(*args, **kwargs)
  File "/app/asu_discord/cogs/analytics.py", line 652, in on_member_update
    before_timeout = before.timed_out_until
                     ^^^^^^^^^^^^^^^^^^^^^^
AttributeError: 'Member' object has no attribute 'timed_out_until'
Ignoring exception in on_member_update
Traceback (most recent call last):
  File "/usr/local/lib/python3.12/site-packages/discord/client.py", line 465, in _run_event
    await coro(*args, **kwargs)
  File "/app/asu_discord/cogs/analytics.py", line 652, in on_member_update
    before_timeout = before.timed_out_until
                     ^^^^^^^^^^^^^^^^^^^^^^
AttributeError: 'Member' object has no attribute 'timed_out_until'
Ignoring exception in on_member_update
Traceback (most recent call last):
  File "/usr/local/lib/python3.12/site-packages/discord/client.py", line 465, in _run_event
    await coro(*args, **kwargs)
  File "/app/asu_discord/cogs/analytics.py", line 652, in on_member_update
    before_timeout = before.timed_out_until
                     ^^^^^^^^^^^^^^^^^^^^^^
AttributeError: 'Member' object has no attribute 'timed_out_until'
INFO:asu_discord.cogs.verification:Saved 4 roles to database for user adayley1 (Discord ID: 821798700509560882)
INFO:asu_discord.cogs.verification:Refreshed Salesforce roles for Discord user 821798700509560882: -4/+4 roles, assigned=[Arizona Resident, College of Integrative Sciences and Arts, Graduate Student, Tempe]
Ignoring exception in on_member_update
Traceback (most recent call last):
  File "/usr/local/lib/python3.12/site-packages/discord/client.py", line 465, in _run_event
    await coro(*args, **kwargs)
  File "/app/asu_discord/cogs/analytics.py", line 652, in on_member_update
    before_timeout = before.timed_out_until
                     ^^^^^^^^^^^^^^^^^^^^^^
AttributeError: 'Member' object has no attribute 'timed_out_until'
Ignoring exception in on_member_update
Traceback (most recent call last):
  File "/usr/local/lib/python3.12/site-packages/discord/client.py", line 465, in _run_event
    await coro(*args, **kwargs)
  File "/app/asu_discord/cogs/analytics.py", line 652, in on_member_update
    before_timeout = before.timed_out_until
                     ^^^^^^^^^^^^^^^^^^^^^^
AttributeError: 'Member' object has no attribute 'timed_out_until'
Ignoring exception in on_member_update
Traceback (most recent call last):
  File "/usr/local/lib/python3.12/site-packages/discord/client.py", line 465, in _run_event
    await coro(*args, **kwargs)
  File "/app/asu_discord/cogs/analytics.py", line 652, in on_member_update
    before_timeout = before.timed_out_until
                     ^^^^^^^^^^^^^^^^^^^^^^
AttributeError: 'Member' object has no attribute 'timed_out_until'
Ignoring exception in on_member_update
Traceback (most recent call last):
  File "/usr/local/lib/python3.12/site-packages/discord/client.py", line 465, in _run_event
    await coro(*args, **kwargs)
  File "/app/asu_discord/cogs/analytics.py", line 652, in on_member_update
    before_timeout = before.timed_out_until
                     ^^^^^^^^^^^^^^^^^^^^^^
AttributeError: 'Member' object has no attribute 'timed_out_until'
Ignoring exception in on_member_update
Traceback (most recent call last):
  File "/usr/local/lib/python3.12/site-packages/discord/client.py", line 465, in _run_event
    await coro(*args, **kwargs)
  File "/app/asu_discord/cogs/analytics.py", line 652, in on_member_update
    before_timeout = before.timed_out_until
                     ^^^^^^^^^^^^^^^^^^^^^^
AttributeError: 'Member' object has no attribute 'timed_out_until'
Ignoring exception in on_member_update
Traceback (most recent call last):
  File "/usr/local/lib/python3.12/site-packages/discord/client.py", line 465, in _run_event
    await coro(*args, **kwargs)
  File "/app/asu_discord/cogs/analytics.py", line 652, in on_member_update
    before_timeout = before.timed_out_until
                     ^^^^^^^^^^^^^^^^^^^^^^
AttributeError: 'Member' object has no attribute 'timed_out_until'
Ignoring exception in on_member_update
Traceback (most recent call last):
  File "/usr/local/lib/python3.12/site-packages/discord/client.py", line 465, in _run_event
    await coro(*args, **kwargs)
  File "/app/asu_discord/cogs/analytics.py", line 652, in on_member_update
    before_timeout = before.timed_out_until
                     ^^^^^^^^^^^^^^^^^^^^^^
AttributeError: 'Member' object has no attribute 'timed_out_until'
Ignoring exception in on_member_update
Traceback (most recent call last):
  File "/usr/local/lib/python3.12/site-packages/discord/client.py", line 465, in _run_event
    await coro(*args, **kwargs)
  File "/app/asu_discord/cogs/analytics.py", line 652, in on_member_update
    before_timeout = before.timed_out_until
                     ^^^^^^^^^^^^^^^^^^^^^^
AttributeError: 'Member' object has no attribute 'timed_out_until'
Ignoring exception in on_member_update
Traceback (most recent call last):
  File "/usr/local/lib/python3.12/site-packages/discord/client.py", line 465, in _run_event
    await coro(*args, **kwargs)
  File "/app/asu_discord/cogs/analytics.py", line 652, in on_member_update
    before_timeout = before.timed_out_until
                     ^^^^^^^^^^^^^^^^^^^^^^
AttributeError: 'Member' object has no attribute 'timed_out_until'
Ignoring exception in on_member_update
Traceback (most recent call last):
  File "/usr/local/lib/python3.12/site-packages/discord/client.py", line 465, in _run_event
    await coro(*args, **kwargs)
  File "/app/asu_discord/cogs/analytics.py", line 652, in on_member_update
    before_timeout = before.timed_out_until
                     ^^^^^^^^^^^^^^^^^^^^^^
AttributeError: 'Member' object has no attribute 'timed_out_until'
INFO:asu_discord.cogs.verification:Saved 5 roles to database for user ktibbs12 (Discord ID: 1452871079407124572)
INFO:asu_discord.cogs.verification:Refreshed Salesforce roles for Discord user 1452871079407124572: -5/+5 roles, assigned=[Arizona Resident, Downtown Phoenix, Edson College of Nursing and Health Innovation, First Generation Student, First Year]
Ignoring exception in on_member_update
Traceback (most recent call last):
  File "/usr/local/lib/python3.12/site-packages/discord/client.py", line 465, in _run_event
    await coro(*args, **kwargs)
  File "/app/asu_discord/cogs/analytics.py", line 652, in on_member_update
    before_timeout = before.timed_out_until
                     ^^^^^^^^^^^^^^^^^^^^^^
AttributeError: 'Member' object has no attribute 'timed_out_until'
Ignoring exception in on_member_update
Traceback (most recent call last):
  File "/usr/local/lib/python3.12/site-packages/discord/client.py", line 465, in _run_event
    await coro(*args, **kwargs)
  File "/app/asu_discord/cogs/analytics.py", line 652, in on_member_update
    before_timeout = before.timed_out_until
                     ^^^^^^^^^^^^^^^^^^^^^^
AttributeError: 'Member' object has no attribute 'timed_out_until'
Ignoring exception in on_member_update
Traceback (most recent call last):
  File "/usr/local/lib/python3.12/site-packages/discord/client.py", line 465, in _run_event
    await coro(*args, **kwargs)
  File "/app/asu_discord/cogs/analytics.py", line 652, in on_member_update
    before_timeout = before.timed_out_until
                     ^^^^^^^^^^^^^^^^^^^^^^
AttributeError: 'Member' object has no attribute 'timed_out_until'
Ignoring exception in on_member_update
Traceback (most recent call last):
  File "/usr/local/lib/python3.12/site-packages/discord/client.py", line 465, in _run_event
    await coro(*args, **kwargs)
  File "/app/asu_discord/cogs/analytics.py", line 652, in on_member_update
    before_timeout = before.timed_out_until
                     ^^^^^^^^^^^^^^^^^^^^^^
AttributeError: 'Member' object has no attribute 'timed_out_until'
Ignoring exception in on_member_update
Traceback (most recent call last):
  File "/usr/local/lib/python3.12/site-packages/discord/client.py", line 465, in _run_event
    await coro(*args, **kwargs)
  File "/app/asu_discord/cogs/analytics.py", line 652, in on_member_update
    before_timeout = before.timed_out_until
                     ^^^^^^^^^^^^^^^^^^^^^^
AttributeError: 'Member' object has no attribute 'timed_out_until'
Ignoring exception in on_member_update
Traceback (most recent call last):
  File "/usr/local/lib/python3.12/site-packages/discord/client.py", line 465, in _run_event
    await coro(*args, **kwargs)
  File "/app/asu_discord/cogs/analytics.py", line 652, in on_member_update
    before_timeout = before.timed_out_until
                     ^^^^^^^^^^^^^^^^^^^^^^
AttributeError: 'Member' object has no attribute 'timed_out_until'
Ignoring exception in on_member_update
Traceback (most recent call last):
  File "/usr/local/lib/python3.12/site-packages/discord/client.py", line 465, in _run_event
    await coro(*args, **kwargs)
  File "/app/asu_discord/cogs/analytics.py", line 652, in on_member_update
    before_timeout = before.timed_out_until
                     ^^^^^^^^^^^^^^^^^^^^^^
AttributeError: 'Member' object has no attribute 'timed_out_until'
Ignoring exception in on_member_update
Traceback (most recent call last):
  File "/usr/local/lib/python3.12/site-packages/discord/client.py", line 465, in _run_event
    await coro(*args, **kwargs)
  File "/app/asu_discord/cogs/analytics.py", line 652, in on_member_update
    before_timeout = before.timed_out_until
                     ^^^^^^^^^^^^^^^^^^^^^^
AttributeError: 'Member' object has no attribute 'timed_out_until'
INFO:asu_discord.cogs.verification:Saved 4 roles to database for user jlunder (Discord ID: 430946259851804683)
INFO:asu_discord.cogs.verification:Refreshed Salesforce roles for Discord user 430946259851804683: -4/+4 roles, assigned=[Graduate Student, Ira A. Fulton Schools of Engineering, Out of State, Tempe]
Ignoring exception in on_member_update
Traceback (most recent call last):
  File "/usr/local/lib/python3.12/site-packages/discord/client.py", line 465, in _run_event
    await coro(*args, **kwargs)
  File "/app/asu_discord/cogs/analytics.py", line 652, in on_member_update
    before_timeout = before.timed_out_until
                     ^^^^^^^^^^^^^^^^^^^^^^
AttributeError: 'Member' object has no attribute 'timed_out_until'
Ignoring exception in on_member_update
Traceback (most recent call last):
  File "/usr/local/lib/python3.12/site-packages/discord/client.py", line 465, in _run_event
    await coro(*args, **kwargs)
  File "/app/asu_discord/cogs/analytics.py", line 652, in on_member_update
    before_timeout = before.timed_out_until
                     ^^^^^^^^^^^^^^^^^^^^^^
AttributeError: 'Member' object has no attribute 'timed_out_until'
Ignoring exception in on_member_update
Traceback (most recent call last):
  File "/usr/local/lib/python3.12/site-packages/discord/client.py", line 465, in _run_event
    await coro(*args, **kwargs)
  File "/app/asu_discord/cogs/analytics.py", line 652, in on_member_update
    before_timeout = before.timed_out_until
                     ^^^^^^^^^^^^^^^^^^^^^^
AttributeError: 'Member' object has no attribute 'timed_out_until'
Ignoring exception in on_member_update
Traceback (most recent call last):
  File "/usr/local/lib/python3.12/site-packages/discord/client.py", line 465, in _run_event
    await coro(*args, **kwargs)
  File "/app/asu_discord/cogs/analytics.py", line 652, in on_member_update
    before_timeout = before.timed_out_until
                     ^^^^^^^^^^^^^^^^^^^^^^
AttributeError: 'Member' object has no attribute 'timed_out_until'
Ignoring exception in on_member_update
Traceback (most recent call last):
  File "/usr/local/lib/python3.12/site-packages/discord/client.py", line 465, in _run_event
    await coro(*args, **kwargs)
  File "/app/asu_discord/cogs/analytics.py", line 652, in on_member_update
    before_timeout = before.timed_out_until
                     ^^^^^^^^^^^^^^^^^^^^^^
AttributeError: 'Member' object has no attribute 'timed_out_until'
Ignoring exception in on_member_update
Traceback (most recent call last):
  File "/usr/local/lib/python3.12/site-packages/discord/client.py", line 465, in _run_event
    await coro(*args, **kwargs)
  File "/app/asu_discord/cogs/analytics.py", line 652, in on_member_update
    before_timeout = before.timed_out_until
                     ^^^^^^^^^^^^^^^^^^^^^^
AttributeError: 'Member' object has no attribute 'timed_out_until'
Ignoring exception in on_member_update
Traceback (most recent call last):
  File "/usr/local/lib/python3.12/site-packages/discord/client.py", line 465, in _run_event
    await coro(*args, **kwargs)
  File "/app/asu_discord/cogs/analytics.py", line 652, in on_member_update
    before_timeout = before.timed_out_until
                     ^^^^^^^^^^^^^^^^^^^^^^
AttributeError: 'Member' object has no attribute 'timed_out_until'
Ignoring exception in on_member_update
Traceback (most recent call last):
  File "/usr/local/lib/python3.12/site-packages/discord/client.py", line 465, in _run_event
    await coro(*args, **kwargs)
  File "/app/asu_discord/cogs/analytics.py", line 652, in on_member_update
    before_timeout = before.timed_out_until
                     ^^^^^^^^^^^^^^^^^^^^^^
AttributeError: 'Member' object has no attribute 'timed_out_until'
INFO:asu_discord.cogs.verification:Saved 4 roles to database for user nmedhek1 (Discord ID: 1488309425998401677)
INFO:asu_discord.cogs.verification:Refreshed Salesforce roles for Discord user 1488309425998401677: -4/+4 roles, assigned=[Graduate Student, International Student, Tempe, W.P. Carey School of Business]
Ignoring exception in on_member_update
Traceback (most recent call last):
  File "/usr/local/lib/python3.12/site-packages/discord/client.py", line 465, in _run_event
    await coro(*args, **kwargs)
  File "/app/asu_discord/cogs/analytics.py", line 652, in on_member_update
    before_timeout = before.timed_out_until
                     ^^^^^^^^^^^^^^^^^^^^^^
AttributeError: 'Member' object has no attribute 'timed_out_until'
Ignoring exception in on_member_update
Traceback (most recent call last):
  File "/usr/local/lib/python3.12/site-packages/discord/client.py", line 465, in _run_event
    await coro(*args, **kwargs)
  File "/app/asu_discord/cogs/analytics.py", line 652, in on_member_update
    before_timeout = before.timed_out_until
                     ^^^^^^^^^^^^^^^^^^^^^^
AttributeError: 'Member' object has no attribute 'timed_out_until'
Ignoring exception in on_member_update
Traceback (most recent call last):
  File "/usr/local/lib/python3.12/site-packages/discord/client.py", line 465, in _run_event
    await coro(*args, **kwargs)
  File "/app/asu_discord/cogs/analytics.py", line 652, in on_member_update
    before_timeout = before.timed_out_until
                     ^^^^^^^^^^^^^^^^^^^^^^
AttributeError: 'Member' object has no attribute 'timed_out_until'
Ignoring exception in on_member_update
Traceback (most recent call last):
  File "/usr/local/lib/python3.12/site-packages/discord/client.py", line 465, in _run_event
    await coro(*args, **kwargs)
  File "/app/asu_discord/cogs/analytics.py", line 652, in on_member_update
    before_timeout = before.timed_out_until
                     ^^^^^^^^^^^^^^^^^^^^^^
AttributeError: 'Member' object has no attribute 'timed_out_until'
Ignoring exception in on_member_update
Traceback (most recent call last):
  File "/usr/local/lib/python3.12/site-packages/discord/client.py", line 465, in _run_event
    await coro(*args, **kwargs)
  File "/app/asu_discord/cogs/analytics.py", line 652, in on_member_update
    before_timeout = before.timed_out_until
                     ^^^^^^^^^^^^^^^^^^^^^^
AttributeError: 'Member' object has no attribute 'timed_out_until'
Ignoring exception in on_member_update
Traceback (most recent call last):
  File "/usr/local/lib/python3.12/site-packages/discord/client.py", line 465, in _run_event
    await coro(*args, **kwargs)
  File "/app/asu_discord/cogs/analytics.py", line 652, in on_member_update
    before_timeout = before.timed_out_until
                     ^^^^^^^^^^^^^^^^^^^^^^
AttributeError: 'Member' object has no attribute 'timed_out_until'
Ignoring exception in on_member_update
Traceback (most recent call last):
  File "/usr/local/lib/python3.12/site-packages/discord/client.py", line 465, in _run_event
    await coro(*args, **kwargs)
  File "/app/asu_discord/cogs/analytics.py", line 652, in on_member_update
    before_timeout = before.timed_out_until
                     ^^^^^^^^^^^^^^^^^^^^^^
AttributeError: 'Member' object has no attribute 'timed_out_until'
Ignoring exception in on_member_update
Traceback (most recent call last):
  File "/usr/local/lib/python3.12/site-packages/discord/client.py", line 465, in _run_event
    await coro(*args, **kwargs)
  File "/app/asu_discord/cogs/analytics.py", line 652, in on_member_update
    before_timeout = before.timed_out_until
                     ^^^^^^^^^^^^^^^^^^^^^^
AttributeError: 'Member' object has no attribute 'timed_out_until'
INFO:asu_discord.cogs.verification:Saved 4 roles to database for user gcarras7 (Discord ID: 690666557675929640)
INFO:asu_discord.cogs.verification:Refreshed Salesforce roles for Discord user 690666557675929640: -4/+4 roles, assigned=[College of Liberal Arts and Sciences, Graduate Student, Out of State, Tempe]
Ignoring exception in on_member_update
Traceback (most recent call last):
  File "/usr/local/lib/python3.12/site-packages/discord/client.py", line 465, in _run_event
    await coro(*args, **kwargs)
  File "/app/asu_discord/cogs/analytics.py", line 652, in on_member_update
    before_timeout = before.timed_out_until
                     ^^^^^^^^^^^^^^^^^^^^^^
AttributeError: 'Member' object has no attribute 'timed_out_until'
Ignoring exception in on_member_update
Traceback (most recent call last):
  File "/usr/local/lib/python3.12/site-packages/discord/client.py", line 465, in _run_event
    await coro(*args, **kwargs)
  File "/app/asu_discord/cogs/analytics.py", line 652, in on_member_update
    before_timeout = before.timed_out_until
                     ^^^^^^^^^^^^^^^^^^^^^^
AttributeError: 'Member' object has no attribute 'timed_out_until'
Ignoring exception in on_member_update
Traceback (most recent call last):
  File "/usr/local/lib/python3.12/site-packages/discord/client.py", line 465, in _run_event
    await coro(*args, **kwargs)
  File "/app/asu_discord/cogs/analytics.py", line 652, in on_member_update
    before_timeout = before.timed_out_until
                     ^^^^^^^^^^^^^^^^^^^^^^
AttributeError: 'Member' object has no attribute 'timed_out_until'
Ignoring exception in on_member_update
Traceback (most recent call last):
  File "/usr/local/lib/python3.12/site-packages/discord/client.py", line 465, in _run_event
    await coro(*args, **kwargs)
  File "/app/asu_discord/cogs/analytics.py", line 652, in on_member_update
    before_timeout = before.timed_out_until
                     ^^^^^^^^^^^^^^^^^^^^^^
AttributeError: 'Member' object has no attribute 'timed_out_until'
Ignoring exception in on_member_update
Traceback (most recent call last):
  File "/usr/local/lib/python3.12/site-packages/discord/client.py", line 465, in _run_event
    await coro(*args, **kwargs)
  File "/app/asu_discord/cogs/analytics.py", line 652, in on_member_update
    before_timeout = before.timed_out_until
                     ^^^^^^^^^^^^^^^^^^^^^^
AttributeError: 'Member' object has no attribute 'timed_out_until'
Ignoring exception in on_member_update
Traceback (most recent call last):
  File "/usr/local/lib/python3.12/site-packages/discord/client.py", line 465, in _run_event
    await coro(*args, **kwargs)
  File "/app/asu_discord/cogs/analytics.py", line 652, in on_member_update
    before_timeout = before.timed_out_until
                     ^^^^^^^^^^^^^^^^^^^^^^
AttributeError: 'Member' object has no attribute 'timed_out_until'
Ignoring exception in on_member_update
Traceback (most recent call last):
  File "/usr/local/lib/python3.12/site-packages/discord/client.py", line 465, in _run_event
    await coro(*args, **kwargs)
  File "/app/asu_discord/cogs/analytics.py", line 652, in on_member_update
    before_timeout = before.timed_out_until
                     ^^^^^^^^^^^^^^^^^^^^^^
AttributeError: 'Member' object has no attribute 'timed_out_until'
Ignoring exception in on_member_update
Traceback (most recent call last):
  File "/usr/local/lib/python3.12/site-packages/discord/client.py", line 465, in _run_event
    await coro(*args, **kwargs)
  File "/app/asu_discord/cogs/analytics.py", line 652, in on_member_update
    before_timeout = before.timed_out_until
                     ^^^^^^^^^^^^^^^^^^^^^^
AttributeError: 'Member' object has no attribute 'timed_out_until'
Ignoring exception in on_member_update
Traceback (most recent call last):
  File "/usr/local/lib/python3.12/site-packages/discord/client.py", line 465, in _run_event
    await coro(*args, **kwargs)
  File "/app/asu_discord/cogs/analytics.py", line 652, in on_member_update
    before_timeout = before.timed_out_until
                     ^^^^^^^^^^^^^^^^^^^^^^
AttributeError: 'Member' object has no attribute 'timed_out_until'
Ignoring exception in on_member_update
Traceback (most recent call last):
  File "/usr/local/lib/python3.12/site-packages/discord/client.py", line 465, in _run_event
    await coro(*args, **kwargs)
  File "/app/asu_discord/cogs/analytics.py", line 652, in on_member_update
    before_timeout = before.timed_out_until
                     ^^^^^^^^^^^^^^^^^^^^^^
AttributeError: 'Member' object has no attribute 'timed_out_until'
INFO:asu_discord.cogs.verification:Saved 5 roles to database for user bclemon2 (Discord ID: 503952781976141825)
INFO:asu_discord.cogs.verification:Refreshed Salesforce roles for Discord user 503952781976141825: -5/+5 roles, assigned=[Arizona Resident, College of Liberal Arts and Sciences, First Generation Student, First Year, Tempe]
Ignoring exception in on_member_update
Traceback (most recent call last):
  File "/usr/local/lib/python3.12/site-packages/discord/client.py", line 465, in _run_event
    await coro(*args, **kwargs)
  File "/app/asu_discord/cogs/analytics.py", line 652, in on_member_update
    before_timeout = before.timed_out_until
                     ^^^^^^^^^^^^^^^^^^^^^^
AttributeError: 'Member' object has no attribute 'timed_out_until'
Ignoring exception in on_member_update
Traceback (most recent call last):
  File "/usr/local/lib/python3.12/site-packages/discord/client.py", line 465, in _run_event
    await coro(*args, **kwargs)
  File "/app/asu_discord/cogs/analytics.py", line 652, in on_member_update
    before_timeout = before.timed_out_until
                     ^^^^^^^^^^^^^^^^^^^^^^
AttributeError: 'Member' object has no attribute 'timed_out_until'
Ignoring exception in on_member_update
Traceback (most recent call last):
  File "/usr/local/lib/python3.12/site-packages/discord/client.py", line 465, in _run_event
    await coro(*args, **kwargs)
  File "/app/asu_discord/cogs/analytics.py", line 652, in on_member_update
    before_timeout = before.timed_out_until
                     ^^^^^^^^^^^^^^^^^^^^^^
AttributeError: 'Member' object has no attribute 'timed_out_until'
Ignoring exception in on_member_update
Traceback (most recent call last):
  File "/usr/local/lib/python3.12/site-packages/discord/client.py", line 465, in _run_event
    await coro(*args, **kwargs)
  File "/app/asu_discord/cogs/analytics.py", line 652, in on_member_update
    before_timeout = before.timed_out_until
                     ^^^^^^^^^^^^^^^^^^^^^^
AttributeError: 'Member' object has no attribute 'timed_out_until'
Ignoring exception in on_member_update
Traceback (most recent call last):
  File "/usr/local/lib/python3.12/site-packages/discord/client.py", line 465, in _run_event
    await coro(*args, **kwargs)
  File "/app/asu_discord/cogs/analytics.py", line 652, in on_member_update
    before_timeout = before.timed_out_until
                     ^^^^^^^^^^^^^^^^^^^^^^
AttributeError: 'Member' object has no attribute 'timed_out_until'
Ignoring exception in on_member_update
Traceback (most recent call last):
  File "/usr/local/lib/python3.12/site-packages/discord/client.py", line 465, in _run_event
    await coro(*args, **kwargs)
  File "/app/asu_discord/cogs/analytics.py", line 652, in on_member_update
    before_timeout = before.timed_out_until
                     ^^^^^^^^^^^^^^^^^^^^^^
AttributeError: 'Member' object has no attribute 'timed_out_until'
Ignoring exception in on_member_update
Traceback (most recent call last):
  File "/usr/local/lib/python3.12/site-packages/discord/client.py", line 465, in _run_event
    await coro(*args, **kwargs)
  File "/app/asu_discord/cogs/analytics.py", line 652, in on_member_update
    before_timeout = before.timed_out_until
                     ^^^^^^^^^^^^^^^^^^^^^^
AttributeError: 'Member' object has no attribute 'timed_out_until'
Ignoring exception in on_member_update
Traceback (most recent call last):
  File "/usr/local/lib/python3.12/site-packages/discord/client.py", line 465, in _run_event
    await coro(*args, **kwargs)
  File "/app/asu_discord/cogs/analytics.py", line 652, in on_member_update
    before_timeout = before.timed_out_until
                     ^^^^^^^^^^^^^^^^^^^^^^
AttributeError: 'Member' object has no attribute 'timed_out_until'
Ignoring exception in on_member_update
Traceback (most recent call last):
  File "/usr/local/lib/python3.12/site-packages/discord/client.py", line 465, in _run_event
    await coro(*args, **kwargs)
  File "/app/asu_discord/cogs/analytics.py", line 652, in on_member_update
    before_timeout = before.timed_out_until
                     ^^^^^^^^^^^^^^^^^^^^^^
AttributeError: 'Member' object has no attribute 'timed_out_until'
Ignoring exception in on_member_update
Traceback (most recent call last):
  File "/usr/local/lib/python3.12/site-packages/discord/client.py", line 465, in _run_event
    await coro(*args, **kwargs)
  File "/app/asu_discord/cogs/analytics.py", line 652, in on_member_update
    before_timeout = before.timed_out_until
                     ^^^^^^^^^^^^^^^^^^^^^^
AttributeError: 'Member' object has no attribute 'timed_out_until'
INFO:asu_discord.cogs.verification:Saved 5 roles to database for user agomeze2 (Discord ID: 666790540053839873)
INFO:asu_discord.cogs.verification:Refreshed Salesforce roles for Discord user 666790540053839873: -5/+5 roles, assigned=[Arizona Resident, First Generation Student, First Year, Ira A. Fulton Schools of Engineering, Tempe]
Ignoring exception in on_member_update
Traceback (most recent call last):
  File "/usr/local/lib/python3.12/site-packages/discord/client.py", line 465, in _run_event
    await coro(*args, **kwargs)
  File "/app/asu_discord/cogs/analytics.py", line 652, in on_member_update
    before_timeout = before.timed_out_until
                     ^^^^^^^^^^^^^^^^^^^^^^
AttributeError: 'Member' object has no attribute 'timed_out_until'
Ignoring exception in on_member_update
Traceback (most recent call last):
  File "/usr/local/lib/python3.12/site-packages/discord/client.py", line 465, in _run_event
    await coro(*args, **kwargs)
  File "/app/asu_discord/cogs/analytics.py", line 652, in on_member_update
    before_timeout = before.timed_out_until
                     ^^^^^^^^^^^^^^^^^^^^^^
AttributeError: 'Member' object has no attribute 'timed_out_until'
Ignoring exception in on_member_update
Traceback (most recent call last):
  File "/usr/local/lib/python3.12/site-packages/discord/client.py", line 465, in _run_event
    await coro(*args, **kwargs)
  File "/app/asu_discord/cogs/analytics.py", line 652, in on_member_update
    before_timeout = before.timed_out_until
                     ^^^^^^^^^^^^^^^^^^^^^^
AttributeError: 'Member' object has no attribute 'timed_out_until'
Ignoring exception in on_member_update
Traceback (most recent call last):
  File "/usr/local/lib/python3.12/site-packages/discord/client.py", line 465, in _run_event
    await coro(*args, **kwargs)
  File "/app/asu_discord/cogs/analytics.py", line 652, in on_member_update
    before_timeout = before.timed_out_until
                     ^^^^^^^^^^^^^^^^^^^^^^
AttributeError: 'Member' object has no attribute 'timed_out_until'
Ignoring exception in on_member_update
Traceback (most recent call last):
  File "/usr/local/lib/python3.12/site-packages/discord/client.py", line 465, in _run_event
    await coro(*args, **kwargs)
  File "/app/asu_discord/cogs/analytics.py", line 652, in on_member_update
    before_timeout = before.timed_out_until
                     ^^^^^^^^^^^^^^^^^^^^^^
AttributeError: 'Member' object has no attribute 'timed_out_until'
Ignoring exception in on_member_update
Traceback (most recent call last):
  File "/usr/local/lib/python3.12/site-packages/discord/client.py", line 465, in _run_event
    await coro(*args, **kwargs)
  File "/app/asu_discord/cogs/analytics.py", line 652, in on_member_update
    before_timeout = before.timed_out_until
                     ^^^^^^^^^^^^^^^^^^^^^^
AttributeError: 'Member' object has no attribute 'timed_out_until'
Ignoring exception in on_member_update
Traceback (most recent call last):
  File "/usr/local/lib/python3.12/site-packages/discord/client.py", line 465, in _run_event
    await coro(*args, **kwargs)
  File "/app/asu_discord/cogs/analytics.py", line 652, in on_member_update
    before_timeout = before.timed_out_until
                     ^^^^^^^^^^^^^^^^^^^^^^
AttributeError: 'Member' object has no attribute 'timed_out_until'
Ignoring exception in on_member_update
Traceback (most recent call last):
  File "/usr/local/lib/python3.12/site-packages/discord/client.py", line 465, in _run_event
    await coro(*args, **kwargs)
  File "/app/asu_discord/cogs/analytics.py", line 652, in on_member_update
    before_timeout = before.timed_out_until
                     ^^^^^^^^^^^^^^^^^^^^^^
AttributeError: 'Member' object has no attribute 'timed_out_until'
Ignoring exception in on_member_update
Traceback (most recent call last):
  File "/usr/local/lib/python3.12/site-packages/discord/client.py", line 465, in _run_event
    await coro(*args, **kwargs)
  File "/app/asu_discord/cogs/analytics.py", line 652, in on_member_update
    before_timeout = before.timed_out_until
                     ^^^^^^^^^^^^^^^^^^^^^^
AttributeError: 'Member' object has no attribute 'timed_out_until'
Ignoring exception in on_member_update
Traceback (most recent call last):
  File "/usr/local/lib/python3.12/site-packages/discord/client.py", line 465, in _run_event
    await coro(*args, **kwargs)
  File "/app/asu_discord/cogs/analytics.py", line 652, in on_member_update
    before_timeout = before.timed_out_until
                     ^^^^^^^^^^^^^^^^^^^^^^
AttributeError: 'Member' object has no attribute 'timed_out_until'
INFO:asu_discord.cogs.verification:Saved 5 roles to database for user ndasilv2 (Discord ID: 1488336309817704590)
INFO:asu_discord.cogs.verification:Refreshed Salesforce roles for Discord user 1488336309817704590: -5/+5 roles, assigned=[College of Liberal Arts and Sciences, First Generation Student, Graduate Student, International Student, Tempe]
INFO:asu_discord.salesforce:No Salesforce opportunities found for zportoga
INFO:cron.jobs:refresh_salesforce_roles: skipping zportoga: no profile returned
INFO:asu_discord.salesforce:No Salesforce opportunities found for lthom135
INFO:cron.jobs:refresh_salesforce_roles: skipping lthom135: no profile returned
Ignoring exception in on_member_update
Traceback (most recent call last):
  File "/usr/local/lib/python3.12/site-packages/discord/client.py", line 465, in _run_event
    await coro(*args, **kwargs)
  File "/app/asu_discord/cogs/analytics.py", line 652, in on_member_update
    before_timeout = before.timed_out_until
                     ^^^^^^^^^^^^^^^^^^^^^^
AttributeError: 'Member' object has no attribute 'timed_out_until'
Ignoring exception in on_member_update
Traceback (most recent call last):
  File "/usr/local/lib/python3.12/site-packages/discord/client.py", line 465, in _run_event
    await coro(*args, **kwargs)
  File "/app/asu_discord/cogs/analytics.py", line 652, in on_member_update
    before_timeout = before.timed_out_until
                     ^^^^^^^^^^^^^^^^^^^^^^
AttributeError: 'Member' object has no attribute 'timed_out_until'
Ignoring exception in on_member_update
Traceback (most recent call last):
  File "/usr/local/lib/python3.12/site-packages/discord/client.py", line 465, in _run_event
    await coro(*args, **kwargs)
  File "/app/asu_discord/cogs/analytics.py", line 652, in on_member_update
    before_timeout = before.timed_out_until
                     ^^^^^^^^^^^^^^^^^^^^^^
AttributeError: 'Member' object has no attribute 'timed_out_until'
Ignoring exception in on_member_update
Traceback (most recent call last):
  File "/usr/local/lib/python3.12/site-packages/discord/client.py", line 465, in _run_event
    await coro(*args, **kwargs)
  File "/app/asu_discord/cogs/analytics.py", line 652, in on_member_update
    before_timeout = before.timed_out_until
                     ^^^^^^^^^^^^^^^^^^^^^^
AttributeError: 'Member' object has no attribute 'timed_out_until'
Ignoring exception in on_member_update
Traceback (most recent call last):
  File "/usr/local/lib/python3.12/site-packages/discord/client.py", line 465, in _run_event
    await coro(*args, **kwargs)
  File "/app/asu_discord/cogs/analytics.py", line 652, in on_member_update
    before_timeout = before.timed_out_until
                     ^^^^^^^^^^^^^^^^^^^^^^
AttributeError: 'Member' object has no attribute 'timed_out_until'
Ignoring exception in on_member_update
Traceback (most recent call last):
  File "/usr/local/lib/python3.12/site-packages/discord/client.py", line 465, in _run_event
    await coro(*args, **kwargs)
  File "/app/asu_discord/cogs/analytics.py", line 652, in on_member_update
    before_timeout = before.timed_out_until
                     ^^^^^^^^^^^^^^^^^^^^^^
AttributeError: 'Member' object has no attribute 'timed_out_until'
Ignoring exception in on_member_update
Traceback (most recent call last):
  File "/usr/local/lib/python3.12/site-packages/discord/client.py", line 465, in _run_event
    await coro(*args, **kwargs)
  File "/app/asu_discord/cogs/analytics.py", line 652, in on_member_update
    before_timeout = before.timed_out_until
                     ^^^^^^^^^^^^^^^^^^^^^^
AttributeError: 'Member' object has no attribute 'timed_out_until'
Ignoring exception in on_member_update
Traceback (most recent call last):
  File "/usr/local/lib/python3.12/site-packages/discord/client.py", line 465, in _run_event
    await coro(*args, **kwargs)
  File "/app/asu_discord/cogs/analytics.py", line 652, in on_member_update
    before_timeout = before.timed_out_until
                     ^^^^^^^^^^^^^^^^^^^^^^
AttributeError: 'Member' object has no attribute 'timed_out_until'
INFO:asu_discord.cogs.verification:Saved 4 roles to database for user amcraig6 (Discord ID: 689247476754153472)
INFO:asu_discord.cogs.verification:Refreshed Salesforce roles for Discord user 689247476754153472: -4/+4 roles, assigned=[Arizona Resident, First Year, New College of Interdisciplinary Arts and Sciences, Tempe]
Ignoring exception in on_member_update
Traceback (most recent call last):
  File "/usr/local/lib/python3.12/site-packages/discord/client.py", line 465, in _run_event
    await coro(*args, **kwargs)
  File "/app/asu_discord/cogs/analytics.py", line 652, in on_member_update
    before_timeout = before.timed_out_until
                     ^^^^^^^^^^^^^^^^^^^^^^
AttributeError: 'Member' object has no attribute 'timed_out_until'
Ignoring exception in on_member_update
Traceback (most recent call last):
  File "/usr/local/lib/python3.12/site-packages/discord/client.py", line 465, in _run_event
    await coro(*args, **kwargs)
  File "/app/asu_discord/cogs/analytics.py", line 652, in on_member_update
    before_timeout = before.timed_out_until
                     ^^^^^^^^^^^^^^^^^^^^^^
AttributeError: 'Member' object has no attribute 'timed_out_until'
Ignoring exception in on_member_update
Traceback (most recent call last):
  File "/usr/local/lib/python3.12/site-packages/discord/client.py", line 465, in _run_event
    await coro(*args, **kwargs)
  File "/app/asu_discord/cogs/analytics.py", line 652, in on_member_update
    before_timeout = before.timed_out_until
                     ^^^^^^^^^^^^^^^^^^^^^^
AttributeError: 'Member' object has no attribute 'timed_out_until'
Ignoring exception in on_member_update
Traceback (most recent call last):
  File "/usr/local/lib/python3.12/site-packages/discord/client.py", line 465, in _run_event
    await coro(*args, **kwargs)
  File "/app/asu_discord/cogs/analytics.py", line 652, in on_member_update
    before_timeout = before.timed_out_until
                     ^^^^^^^^^^^^^^^^^^^^^^
AttributeError: 'Member' object has no attribute 'timed_out_until'
Ignoring exception in on_member_update
Traceback (most recent call last):
  File "/usr/local/lib/python3.12/site-packages/discord/client.py", line 465, in _run_event
    await coro(*args, **kwargs)
  File "/app/asu_discord/cogs/analytics.py", line 652, in on_member_update
    before_timeout = before.timed_out_until
                     ^^^^^^^^^^^^^^^^^^^^^^
AttributeError: 'Member' object has no attribute 'timed_out_until'
Ignoring exception in on_member_update
Traceback (most recent call last):
  File "/usr/local/lib/python3.12/site-packages/discord/client.py", line 465, in _run_event
    await coro(*args, **kwargs)
  File "/app/asu_discord/cogs/analytics.py", line 652, in on_member_update
    before_timeout = before.timed_out_until
                     ^^^^^^^^^^^^^^^^^^^^^^
AttributeError: 'Member' object has no attribute 'timed_out_until'
Ignoring exception in on_member_update
Traceback (most recent call last):
  File "/usr/local/lib/python3.12/site-packages/discord/client.py", line 465, in _run_event
    await coro(*args, **kwargs)
  File "/app/asu_discord/cogs/analytics.py", line 652, in on_member_update
    before_timeout = before.timed_out_until
                     ^^^^^^^^^^^^^^^^^^^^^^
AttributeError: 'Member' object has no attribute 'timed_out_until'
Ignoring exception in on_member_update
Traceback (most recent call last):
  File "/usr/local/lib/python3.12/site-packages/discord/client.py", line 465, in _run_event
    await coro(*args, **kwargs)
  File "/app/asu_discord/cogs/analytics.py", line 652, in on_member_update
    before_timeout = before.timed_out_until
                     ^^^^^^^^^^^^^^^^^^^^^^
AttributeError: 'Member' object has no attribute 'timed_out_until'
Ignoring exception in on_member_update
Traceback (most recent call last):
  File "/usr/local/lib/python3.12/site-packages/discord/client.py", line 465, in _run_event
    await coro(*args, **kwargs)
  File "/app/asu_discord/cogs/analytics.py", line 652, in on_member_update
    before_timeout = before.timed_out_until
                     ^^^^^^^^^^^^^^^^^^^^^^
AttributeError: 'Member' object has no attribute 'timed_out_until'
Ignoring exception in on_member_update
Traceback (most recent call last):
  File "/usr/local/lib/python3.12/site-packages/discord/client.py", line 465, in _run_event
    await coro(*args, **kwargs)
  File "/app/asu_discord/cogs/analytics.py", line 652, in on_member_update
    before_timeout = before.timed_out_until
                     ^^^^^^^^^^^^^^^^^^^^^^
AttributeError: 'Member' object has no attribute 'timed_out_until'
INFO:asu_discord.cogs.verification:Saved 5 roles to database for user wangibae (Discord ID: 1488364068057387078)
INFO:asu_discord.cogs.verification:Refreshed Salesforce roles for Discord user 1488364068057387078: -5/+5 roles, assigned=[First Generation Student, Graduate Student, International Student, Ira A. Fulton Schools of Engineering, Tempe]
Ignoring exception in on_member_update
Traceback (most recent call last):
  File "/usr/local/lib/python3.12/site-packages/discord/client.py", line 465, in _run_event
    await coro(*args, **kwargs)
  File "/app/asu_discord/cogs/analytics.py", line 652, in on_member_update
    before_timeout = before.timed_out_until
                     ^^^^^^^^^^^^^^^^^^^^^^
AttributeError: 'Member' object has no attribute 'timed_out_until'
Ignoring exception in on_member_update
Traceback (most recent call last):
  File "/usr/local/lib/python3.12/site-packages/discord/client.py", line 465, in _run_event
    await coro(*args, **kwargs)
  File "/app/asu_discord/cogs/analytics.py", line 652, in on_member_update
    before_timeout = before.timed_out_until
                     ^^^^^^^^^^^^^^^^^^^^^^
AttributeError: 'Member' object has no attribute 'timed_out_until'
Ignoring exception in on_member_update
Traceback (most recent call last):
  File "/usr/local/lib/python3.12/site-packages/discord/client.py", line 465, in _run_event
    await coro(*args, **kwargs)
  File "/app/asu_discord/cogs/analytics.py", line 652, in on_member_update
    before_timeout = before.timed_out_until
                     ^^^^^^^^^^^^^^^^^^^^^^
AttributeError: 'Member' object has no attribute 'timed_out_until'
Ignoring exception in on_member_update
Traceback (most recent call last):
  File "/usr/local/lib/python3.12/site-packages/discord/client.py", line 465, in _run_event
    await coro(*args, **kwargs)
  File "/app/asu_discord/cogs/analytics.py", line 652, in on_member_update
    before_timeout = before.timed_out_until
                     ^^^^^^^^^^^^^^^^^^^^^^
AttributeError: 'Member' object has no attribute 'timed_out_until'
Ignoring exception in on_member_update
Traceback (most recent call last):
  File "/usr/local/lib/python3.12/site-packages/discord/client.py", line 465, in _run_event
    await coro(*args, **kwargs)
  File "/app/asu_discord/cogs/analytics.py", line 652, in on_member_update
    before_timeout = before.timed_out_until
                     ^^^^^^^^^^^^^^^^^^^^^^
AttributeError: 'Member' object has no attribute 'timed_out_until'
Ignoring exception in on_member_update
Traceback (most recent call last):
  File "/usr/local/lib/python3.12/site-packages/discord/client.py", line 465, in _run_event
    await coro(*args, **kwargs)
  File "/app/asu_discord/cogs/analytics.py", line 652, in on_member_update
    before_timeout = before.timed_out_until
                     ^^^^^^^^^^^^^^^^^^^^^^
AttributeError: 'Member' object has no attribute 'timed_out_until'
Ignoring exception in on_member_update
Traceback (most recent call last):
  File "/usr/local/lib/python3.12/site-packages/discord/client.py", line 465, in _run_event
    await coro(*args, **kwargs)
  File "/app/asu_discord/cogs/analytics.py", line 652, in on_member_update
    before_timeout = before.timed_out_until
                     ^^^^^^^^^^^^^^^^^^^^^^
AttributeError: 'Member' object has no attribute 'timed_out_until'
Ignoring exception in on_member_update
Traceback (most recent call last):
  File "/usr/local/lib/python3.12/site-packages/discord/client.py", line 465, in _run_event
    await coro(*args, **kwargs)
  File "/app/asu_discord/cogs/analytics.py", line 652, in on_member_update
    before_timeout = before.timed_out_until
                     ^^^^^^^^^^^^^^^^^^^^^^
AttributeError: 'Member' object has no attribute 'timed_out_until'
Ignoring exception in on_member_update
Traceback (most recent call last):
  File "/usr/local/lib/python3.12/site-packages/discord/client.py", line 465, in _run_event
    await coro(*args, **kwargs)
  File "/app/asu_discord/cogs/analytics.py", line 652, in on_member_update
    before_timeout = before.timed_out_until
                     ^^^^^^^^^^^^^^^^^^^^^^
AttributeError: 'Member' object has no attribute 'timed_out_until'
Ignoring exception in on_member_update
Traceback (most recent call last):
  File "/usr/local/lib/python3.12/site-packages/discord/client.py", line 465, in _run_event
    await coro(*args, **kwargs)
  File "/app/asu_discord/cogs/analytics.py", line 652, in on_member_update
    before_timeout = before.timed_out_until
                     ^^^^^^^^^^^^^^^^^^^^^^
AttributeError: 'Member' object has no attribute 'timed_out_until'
Ignoring exception in on_member_update
Traceback (most recent call last):
  File "/usr/local/lib/python3.12/site-packages/discord/client.py", line 465, in _run_event
    await coro(*args, **kwargs)
  File "/app/asu_discord/cogs/analytics.py", line 652, in on_member_update
    before_timeout = before.timed_out_until
                     ^^^^^^^^^^^^^^^^^^^^^^
AttributeError: 'Member' object has no attribute 'timed_out_until'
INFO:asu_discord.cogs.verification:Saved 6 roles to database for user msenth11 (Discord ID: 299923562448289795)
INFO:asu_discord.cogs.verification:Refreshed Salesforce roles for Discord user 299923562448289795: -6/+5 roles, assigned=[Commited, Downtown Phoenix, First Generation Student, Graduate Student, International Student, Thunderbird School of Global Management]
Ignoring exception in on_member_update
Traceback (most recent call last):
  File "/usr/local/lib/python3.12/site-packages/discord/client.py", line 465, in _run_event
    await coro(*args, **kwargs)
  File "/app/asu_discord/cogs/analytics.py", line 652, in on_member_update
    before_timeout = before.timed_out_until
                     ^^^^^^^^^^^^^^^^^^^^^^
AttributeError: 'Member' object has no attribute 'timed_out_until'
Ignoring exception in on_member_update
Traceback (most recent call last):
  File "/usr/local/lib/python3.12/site-packages/discord/client.py", line 465, in _run_event
    await coro(*args, **kwargs)
  File "/app/asu_discord/cogs/analytics.py", line 652, in on_member_update
    before_timeout = before.timed_out_until
                     ^^^^^^^^^^^^^^^^^^^^^^
AttributeError: 'Member' object has no attribute 'timed_out_until'
Ignoring exception in on_member_update
Traceback (most recent call last):
  File "/usr/local/lib/python3.12/site-packages/discord/client.py", line 465, in _run_event
    await coro(*args, **kwargs)
  File "/app/asu_discord/cogs/analytics.py", line 652, in on_member_update
    before_timeout = before.timed_out_until
                     ^^^^^^^^^^^^^^^^^^^^^^
AttributeError: 'Member' object has no attribute 'timed_out_until'
Ignoring exception in on_member_update
Traceback (most recent call last):
  File "/usr/local/lib/python3.12/site-packages/discord/client.py", line 465, in _run_event
    await coro(*args, **kwargs)
  File "/app/asu_discord/cogs/analytics.py", line 652, in on_member_update
    before_timeout = before.timed_out_until
                     ^^^^^^^^^^^^^^^^^^^^^^
AttributeError: 'Member' object has no attribute 'timed_out_until'
Ignoring exception in on_member_update
Traceback (most recent call last):
  File "/usr/local/lib/python3.12/site-packages/discord/client.py", line 465, in _run_event
    await coro(*args, **kwargs)
  File "/app/asu_discord/cogs/analytics.py", line 652, in on_member_update
    before_timeout = before.timed_out_until
                     ^^^^^^^^^^^^^^^^^^^^^^
AttributeError: 'Member' object has no attribute 'timed_out_until'
Ignoring exception in on_member_update
Traceback (most recent call last):
  File "/usr/local/lib/python3.12/site-packages/discord/client.py", line 465, in _run_event
    await coro(*args, **kwargs)
  File "/app/asu_discord/cogs/analytics.py", line 652, in on_member_update
    before_timeout = before.timed_out_until
                     ^^^^^^^^^^^^^^^^^^^^^^
AttributeError: 'Member' object has no attribute 'timed_out_until'
Ignoring exception in on_member_update
Traceback (most recent call last):
  File "/usr/local/lib/python3.12/site-packages/discord/client.py", line 465, in _run_event
    await coro(*args, **kwargs)
  File "/app/asu_discord/cogs/analytics.py", line 652, in on_member_update
    before_timeout = before.timed_out_until
                     ^^^^^^^^^^^^^^^^^^^^^^
AttributeError: 'Member' object has no attribute 'timed_out_until'
Ignoring exception in on_member_update
Traceback (most recent call last):
  File "/usr/local/lib/python3.12/site-packages/discord/client.py", line 465, in _run_event
    await coro(*args, **kwargs)
  File "/app/asu_discord/cogs/analytics.py", line 652, in on_member_update
    before_timeout = before.timed_out_until
                     ^^^^^^^^^^^^^^^^^^^^^^
AttributeError: 'Member' object has no attribute 'timed_out_until'
Ignoring exception in on_member_update
Traceback (most recent call last):
  File "/usr/local/lib/python3.12/site-packages/discord/client.py", line 465, in _run_event
    await coro(*args, **kwargs)
  File "/app/asu_discord/cogs/analytics.py", line 652, in on_member_update
    before_timeout = before.timed_out_until
                     ^^^^^^^^^^^^^^^^^^^^^^
AttributeError: 'Member' object has no attribute 'timed_out_until'
ERROR:cron.jobs:refresh_salesforce_roles: failed for khirata3 (Discord ID 1488382148439183430): Timed out refresh Salesforce-based roles
Ignoring exception in on_member_update
Traceback (most recent call last):
  File "/usr/local/lib/python3.12/site-packages/discord/client.py", line 465, in _run_event
    await coro(*args, **kwargs)
  File "/app/asu_discord/cogs/analytics.py", line 652, in on_member_update
    before_timeout = before.timed_out_until
                     ^^^^^^^^^^^^^^^^^^^^^^
AttributeError: 'Member' object has no attribute 'timed_out_until'
Ignoring exception in on_member_update
Traceback (most recent call last):
  File "/usr/local/lib/python3.12/site-packages/discord/client.py", line 465, in _run_event
    await coro(*args, **kwargs)
  File "/app/asu_discord/cogs/analytics.py", line 652, in on_member_update
    before_timeout = before.timed_out_until
                     ^^^^^^^^^^^^^^^^^^^^^^
AttributeError: 'Member' object has no attribute 'timed_out_until'
Ignoring exception in on_member_update
Traceback (most recent call last):
  File "/usr/local/lib/python3.12/site-packages/discord/client.py", line 465, in _run_event
    await coro(*args, **kwargs)
  File "/app/asu_discord/cogs/analytics.py", line 652, in on_member_update
    before_timeout = before.timed_out_until
                     ^^^^^^^^^^^^^^^^^^^^^^
AttributeError: 'Member' object has no attribute 'timed_out_until'
Ignoring exception in on_member_update
Traceback (most recent call last):
  File "/usr/local/lib/python3.12/site-packages/discord/client.py", line 465, in _run_event
    await coro(*args, **kwargs)
  File "/app/asu_discord/cogs/analytics.py", line 652, in on_member_update
    before_timeout = before.timed_out_until
                     ^^^^^^^^^^^^^^^^^^^^^^
AttributeError: 'Member' object has no attribute 'timed_out_until'
Ignoring exception in on_member_update
Traceback (most recent call last):
  File "/usr/local/lib/python3.12/site-packages/discord/client.py", line 465, in _run_event
    await coro(*args, **kwargs)
  File "/app/asu_discord/cogs/analytics.py", line 652, in on_member_update
    before_timeout = before.timed_out_until
                     ^^^^^^^^^^^^^^^^^^^^^^
AttributeError: 'Member' object has no attribute 'timed_out_until'
Ignoring exception in on_member_update
Traceback (most recent call last):
  File "/usr/local/lib/python3.12/site-packages/discord/client.py", line 465, in _run_event
    await coro(*args, **kwargs)
  File "/app/asu_discord/cogs/analytics.py", line 652, in on_member_update
    before_timeout = before.timed_out_until
                     ^^^^^^^^^^^^^^^^^^^^^^
AttributeError: 'Member' object has no attribute 'timed_out_until'
Ignoring exception in on_member_update
Traceback (most recent call last):
  File "/usr/local/lib/python3.12/site-packages/discord/client.py", line 465, in _run_event
    await coro(*args, **kwargs)
  File "/app/asu_discord/cogs/analytics.py", line 652, in on_member_update
    before_timeout = before.timed_out_until
                     ^^^^^^^^^^^^^^^^^^^^^^
AttributeError: 'Member' object has no attribute 'timed_out_until'
Ignoring exception in on_member_update
Traceback (most recent call last):
  File "/usr/local/lib/python3.12/site-packages/discord/client.py", line 465, in _run_event
    await coro(*args, **kwargs)
  File "/app/asu_discord/cogs/analytics.py", line 652, in on_member_update
    before_timeout = before.timed_out_until
                     ^^^^^^^^^^^^^^^^^^^^^^
AttributeError: 'Member' object has no attribute 'timed_out_until'
Ignoring exception in on_member_update
Traceback (most recent call last):
  File "/usr/local/lib/python3.12/site-packages/discord/client.py", line 465, in _run_event
    await coro(*args, **kwargs)
  File "/app/asu_discord/cogs/analytics.py", line 652, in on_member_update
    before_timeout = before.timed_out_until
                     ^^^^^^^^^^^^^^^^^^^^^^
AttributeError: 'Member' object has no attribute 'timed_out_until'
INFO:asu_discord.cogs.verification:Saved 4 roles to database for user obeltra3 (Discord ID: 596922405981650946)
INFO:asu_discord.cogs.verification:Refreshed Salesforce roles for Discord user 596922405981650946: -4/+4 roles, assigned=[Commited, First Year, Tempe, W.P. Carey School of Business]
Ignoring exception in on_member_update
Traceback (most recent call last):
  File "/usr/local/lib/python3.12/site-packages/discord/client.py", line 465, in _run_event
    await coro(*args, **kwargs)
  File "/app/asu_discord/cogs/analytics.py", line 652, in on_member_update
    before_timeout = before.timed_out_until
                     ^^^^^^^^^^^^^^^^^^^^^^
AttributeError: 'Member' object has no attribute 'timed_out_until'
Ignoring exception in on_member_update
Traceback (most recent call last):
  File "/usr/local/lib/python3.12/site-packages/discord/client.py", line 465, in _run_event
    await coro(*args, **kwargs)
  File "/app/asu_discord/cogs/analytics.py", line 652, in on_member_update
    before_timeout = before.timed_out_until
                     ^^^^^^^^^^^^^^^^^^^^^^
AttributeError: 'Member' object has no attribute 'timed_out_until'
Ignoring exception in on_member_update
Traceback (most recent call last):
  File "/usr/local/lib/python3.12/site-packages/discord/client.py", line 465, in _run_event
    await coro(*args, **kwargs)
  File "/app/asu_discord/cogs/analytics.py", line 652, in on_member_update
    before_timeout = before.timed_out_until
                     ^^^^^^^^^^^^^^^^^^^^^^
AttributeError: 'Member' object has no attribute 'timed_out_until'
Ignoring exception in on_member_update
Traceback (most recent call last):
  File "/usr/local/lib/python3.12/site-packages/discord/client.py", line 465, in _run_event
    await coro(*args, **kwargs)
  File "/app/asu_discord/cogs/analytics.py", line 652, in on_member_update
    before_timeout = before.timed_out_until
                     ^^^^^^^^^^^^^^^^^^^^^^
AttributeError: 'Member' object has no attribute 'timed_out_until'
Ignoring exception in on_member_update
Traceback (most recent call last):
  File "/usr/local/lib/python3.12/site-packages/discord/client.py", line 465, in _run_event
    await coro(*args, **kwargs)
  File "/app/asu_discord/cogs/analytics.py", line 652, in on_member_update
    before_timeout = before.timed_out_until
                     ^^^^^^^^^^^^^^^^^^^^^^
AttributeError: 'Member' object has no attribute 'timed_out_until'
Ignoring exception in on_member_update
Traceback (most recent call last):
  File "/usr/local/lib/python3.12/site-packages/discord/client.py", line 465, in _run_event
    await coro(*args, **kwargs)
  File "/app/asu_discord/cogs/analytics.py", line 652, in on_member_update
    before_timeout = before.timed_out_until
                     ^^^^^^^^^^^^^^^^^^^^^^
AttributeError: 'Member' object has no attribute 'timed_out_until'
Ignoring exception in on_member_update
Traceback (most recent call last):
  File "/usr/local/lib/python3.12/site-packages/discord/client.py", line 465, in _run_event
    await coro(*args, **kwargs)
  File "/app/asu_discord/cogs/analytics.py", line 652, in on_member_update
    before_timeout = before.timed_out_until
                     ^^^^^^^^^^^^^^^^^^^^^^
AttributeError: 'Member' object has no attribute 'timed_out_until'
Ignoring exception in on_member_update
Traceback (most recent call last):
  File "/usr/local/lib/python3.12/site-packages/discord/client.py", line 465, in _run_event
    await coro(*args, **kwargs)
  File "/app/asu_discord/cogs/analytics.py", line 652, in on_member_update
    before_timeout = before.timed_out_until
                     ^^^^^^^^^^^^^^^^^^^^^^
AttributeError: 'Member' object has no attribute 'timed_out_until'
Ignoring exception in on_member_update
Traceback (most recent call last):
  File "/usr/local/lib/python3.12/site-packages/discord/client.py", line 465, in _run_event
    await coro(*args, **kwargs)
  File "/app/asu_discord/cogs/analytics.py", line 652, in on_member_update
    before_timeout = before.timed_out_until
                     ^^^^^^^^^^^^^^^^^^^^^^
AttributeError: 'Member' object has no attribute 'timed_out_until'
Ignoring exception in on_member_update
Traceback (most recent call last):
  File "/usr/local/lib/python3.12/site-packages/discord/client.py", line 465, in _run_event
    await coro(*args, **kwargs)
  File "/app/asu_discord/cogs/analytics.py", line 652, in on_member_update
    before_timeout = before.timed_out_until
                     ^^^^^^^^^^^^^^^^^^^^^^
AttributeError: 'Member' object has no attribute 'timed_out_until'
INFO:asu_discord.cogs.verification:Saved 5 roles to database for user sbhakt17 (Discord ID: 1113634248927227914)
INFO:asu_discord.cogs.verification:Refreshed Salesforce roles for Discord user 1113634248927227914: -5/+5 roles, assigned=[Arizona Resident, Commited, First Year, Ira A. Fulton Schools of Engineering, Tempe]
Ignoring exception in on_member_update
Traceback (most recent call last):
  File "/usr/local/lib/python3.12/site-packages/discord/client.py", line 465, in _run_event
    await coro(*args, **kwargs)
  File "/app/asu_discord/cogs/analytics.py", line 652, in on_member_update
    before_timeout = before.timed_out_until
                     ^^^^^^^^^^^^^^^^^^^^^^
AttributeError: 'Member' object has no attribute 'timed_out_until'
Ignoring exception in on_member_update
Traceback (most recent call last):
  File "/usr/local/lib/python3.12/site-packages/discord/client.py", line 465, in _run_event
    await coro(*args, **kwargs)
  File "/app/asu_discord/cogs/analytics.py", line 652, in on_member_update
    before_timeout = before.timed_out_until
                     ^^^^^^^^^^^^^^^^^^^^^^
AttributeError: 'Member' object has no attribute 'timed_out_until'
Ignoring exception in on_member_update
Traceback (most recent call last):
  File "/usr/local/lib/python3.12/site-packages/discord/client.py", line 465, in _run_event
    await coro(*args, **kwargs)
  File "/app/asu_discord/cogs/analytics.py", line 652, in on_member_update
    before_timeout = before.timed_out_until
                     ^^^^^^^^^^^^^^^^^^^^^^
AttributeError: 'Member' object has no attribute 'timed_out_until'
Ignoring exception in on_member_update
Traceback (most recent call last):
  File "/usr/local/lib/python3.12/site-packages/discord/client.py", line 465, in _run_event
    await coro(*args, **kwargs)
  File "/app/asu_discord/cogs/analytics.py", line 652, in on_member_update
    before_timeout = before.timed_out_until
                     ^^^^^^^^^^^^^^^^^^^^^^
AttributeError: 'Member' object has no attribute 'timed_out_until'
Ignoring exception in on_member_update
Traceback (most recent call last):
  File "/usr/local/lib/python3.12/site-packages/discord/client.py", line 465, in _run_event
    await coro(*args, **kwargs)
  File "/app/asu_discord/cogs/analytics.py", line 652, in on_member_update
    before_timeout = before.timed_out_until
                     ^^^^^^^^^^^^^^^^^^^^^^
AttributeError: 'Member' object has no attribute 'timed_out_until'
Ignoring exception in on_member_update
Traceback (most recent call last):
  File "/usr/local/lib/python3.12/site-packages/discord/client.py", line 465, in _run_event
    await coro(*args, **kwargs)
  File "/app/asu_discord/cogs/analytics.py", line 652, in on_member_update
    before_timeout = before.timed_out_until
                     ^^^^^^^^^^^^^^^^^^^^^^
AttributeError: 'Member' object has no attribute 'timed_out_until'
Ignoring exception in on_member_update
Traceback (most recent call last):
  File "/usr/local/lib/python3.12/site-packages/discord/client.py", line 465, in _run_event
    await coro(*args, **kwargs)
  File "/app/asu_discord/cogs/analytics.py", line 652, in on_member_update
    before_timeout = before.timed_out_until
                     ^^^^^^^^^^^^^^^^^^^^^^
AttributeError: 'Member' object has no attribute 'timed_out_until'
Ignoring exception in on_member_update
Traceback (most recent call last):
  File "/usr/local/lib/python3.12/site-packages/discord/client.py", line 465, in _run_event
    await coro(*args, **kwargs)
  File "/app/asu_discord/cogs/analytics.py", line 652, in on_member_update
    before_timeout = before.timed_out_until
                     ^^^^^^^^^^^^^^^^^^^^^^
AttributeError: 'Member' object has no attribute 'timed_out_until'
INFO:asu_discord.cogs.verification:Saved 4 roles to database for user hyuan110 (Discord ID: 875446847995531284)
INFO:asu_discord.cogs.verification:Refreshed Salesforce roles for Discord user 875446847995531284: -4/+4 roles, assigned=[College of Liberal Arts and Sciences, Graduate Student, International Student, Tempe]
Ignoring exception in on_member_update
Traceback (most recent call last):
  File "/usr/local/lib/python3.12/site-packages/discord/client.py", line 465, in _run_event
    await coro(*args, **kwargs)
  File "/app/asu_discord/cogs/analytics.py", line 652, in on_member_update
    before_timeout = before.timed_out_until
                     ^^^^^^^^^^^^^^^^^^^^^^
AttributeError: 'Member' object has no attribute 'timed_out_until'
Ignoring exception in on_member_update
Traceback (most recent call last):
  File "/usr/local/lib/python3.12/site-packages/discord/client.py", line 465, in _run_event
    await coro(*args, **kwargs)
  File "/app/asu_discord/cogs/analytics.py", line 652, in on_member_update
    before_timeout = before.timed_out_until
                     ^^^^^^^^^^^^^^^^^^^^^^
AttributeError: 'Member' object has no attribute 'timed_out_until'
Ignoring exception in on_member_update
Traceback (most recent call last):
  File "/usr/local/lib/python3.12/site-packages/discord/client.py", line 465, in _run_event
    await coro(*args, **kwargs)
  File "/app/asu_discord/cogs/analytics.py", line 652, in on_member_update
    before_timeout = before.timed_out_until
                     ^^^^^^^^^^^^^^^^^^^^^^
AttributeError: 'Member' object has no attribute 'timed_out_until'
Ignoring exception in on_member_update
Traceback (most recent call last):
  File "/usr/local/lib/python3.12/site-packages/discord/client.py", line 465, in _run_event
    await coro(*args, **kwargs)
  File "/app/asu_discord/cogs/analytics.py", line 652, in on_member_update
    before_timeout = before.timed_out_until
                     ^^^^^^^^^^^^^^^^^^^^^^
AttributeError: 'Member' object has no attribute 'timed_out_until'
Ignoring exception in on_member_update
Traceback (most recent call last):
  File "/usr/local/lib/python3.12/site-packages/discord/client.py", line 465, in _run_event
    await coro(*args, **kwargs)
  File "/app/asu_discord/cogs/analytics.py", line 652, in on_member_update
    before_timeout = before.timed_out_until
                     ^^^^^^^^^^^^^^^^^^^^^^
AttributeError: 'Member' object has no attribute 'timed_out_until'
Ignoring exception in on_member_update
Traceback (most recent call last):
  File "/usr/local/lib/python3.12/site-packages/discord/client.py", line 465, in _run_event
    await coro(*args, **kwargs)
  File "/app/asu_discord/cogs/analytics.py", line 652, in on_member_update
    before_timeout = before.timed_out_until
                     ^^^^^^^^^^^^^^^^^^^^^^
AttributeError: 'Member' object has no attribute 'timed_out_until'
Ignoring exception in on_member_update
Traceback (most recent call last):
  File "/usr/local/lib/python3.12/site-packages/discord/client.py", line 465, in _run_event
    await coro(*args, **kwargs)
  File "/app/asu_discord/cogs/analytics.py", line 652, in on_member_update
    before_timeout = before.timed_out_until
                     ^^^^^^^^^^^^^^^^^^^^^^
AttributeError: 'Member' object has no attribute 'timed_out_until'
Ignoring exception in on_member_update
Traceback (most recent call last):
  File "/usr/local/lib/python3.12/site-packages/discord/client.py", line 465, in _run_event
    await coro(*args, **kwargs)
  File "/app/asu_discord/cogs/analytics.py", line 652, in on_member_update
    before_timeout = before.timed_out_until
                     ^^^^^^^^^^^^^^^^^^^^^^
AttributeError: 'Member' object has no attribute 'timed_out_until'
Ignoring exception in on_member_update
Traceback (most recent call last):
  File "/usr/local/lib/python3.12/site-packages/discord/client.py", line 465, in _run_event
    await coro(*args, **kwargs)
  File "/app/asu_discord/cogs/analytics.py", line 652, in on_member_update
    before_timeout = before.timed_out_until
                     ^^^^^^^^^^^^^^^^^^^^^^
AttributeError: 'Member' object has no attribute 'timed_out_until'
Ignoring exception in on_member_update
Traceback (most recent call last):
  File "/usr/local/lib/python3.12/site-packages/discord/client.py", line 465, in _run_event
    await coro(*args, **kwargs)
  File "/app/asu_discord/cogs/analytics.py", line 652, in on_member_update
    before_timeout = before.timed_out_until
                     ^^^^^^^^^^^^^^^^^^^^^^
AttributeError: 'Member' object has no attribute 'timed_out_until'
INFO:asu_discord.cogs.verification:Saved 5 roles to database for user azajac12 (Discord ID: 1488417097716338702)
INFO:asu_discord.cogs.verification:Refreshed Salesforce roles for Discord user 1488417097716338702: -5/+5 roles, assigned=[Arizona Resident, College of Liberal Arts and Sciences, Commited, Downtown Phoenix, First Year]
Ignoring exception in on_member_update
Traceback (most recent call last):
  File "/usr/local/lib/python3.12/site-packages/discord/client.py", line 465, in _run_event
    await coro(*args, **kwargs)
  File "/app/asu_discord/cogs/analytics.py", line 652, in on_member_update
    before_timeout = before.timed_out_until
                     ^^^^^^^^^^^^^^^^^^^^^^
AttributeError: 'Member' object has no attribute 'timed_out_until'
Ignoring exception in on_member_update
Traceback (most recent call last):
  File "/usr/local/lib/python3.12/site-packages/discord/client.py", line 465, in _run_event
    await coro(*args, **kwargs)
  File "/app/asu_discord/cogs/analytics.py", line 652, in on_member_update
    before_timeout = before.timed_out_until
                     ^^^^^^^^^^^^^^^^^^^^^^
AttributeError: 'Member' object has no attribute 'timed_out_until'
Ignoring exception in on_member_update
Traceback (most recent call last):
  File "/usr/local/lib/python3.12/site-packages/discord/client.py", line 465, in _run_event
    await coro(*args, **kwargs)
  File "/app/asu_discord/cogs/analytics.py", line 652, in on_member_update
    before_timeout = before.timed_out_until
                     ^^^^^^^^^^^^^^^^^^^^^^
AttributeError: 'Member' object has no attribute 'timed_out_until'
Ignoring exception in on_member_update
Traceback (most recent call last):
  File "/usr/local/lib/python3.12/site-packages/discord/client.py", line 465, in _run_event
    await coro(*args, **kwargs)
  File "/app/asu_discord/cogs/analytics.py", line 652, in on_member_update
    before_timeout = before.timed_out_until
                     ^^^^^^^^^^^^^^^^^^^^^^
AttributeError: 'Member' object has no attribute 'timed_out_until'
Ignoring exception in on_member_update
Traceback (most recent call last):
  File "/usr/local/lib/python3.12/site-packages/discord/client.py", line 465, in _run_event
    await coro(*args, **kwargs)
  File "/app/asu_discord/cogs/analytics.py", line 652, in on_member_update
    before_timeout = before.timed_out_until
                     ^^^^^^^^^^^^^^^^^^^^^^
AttributeError: 'Member' object has no attribute 'timed_out_until'
Ignoring exception in on_member_update
Traceback (most recent call last):
  File "/usr/local/lib/python3.12/site-packages/discord/client.py", line 465, in _run_event
    await coro(*args, **kwargs)
  File "/app/asu_discord/cogs/analytics.py", line 652, in on_member_update
    before_timeout = before.timed_out_until
                     ^^^^^^^^^^^^^^^^^^^^^^
AttributeError: 'Member' object has no attribute 'timed_out_until'
Ignoring exception in on_member_update
Traceback (most recent call last):
  File "/usr/local/lib/python3.12/site-packages/discord/client.py", line 465, in _run_event
    await coro(*args, **kwargs)
  File "/app/asu_discord/cogs/analytics.py", line 652, in on_member_update
    before_timeout = before.timed_out_until
                     ^^^^^^^^^^^^^^^^^^^^^^
AttributeError: 'Member' object has no attribute 'timed_out_until'
Ignoring exception in on_member_update
Traceback (most recent call last):
  File "/usr/local/lib/python3.12/site-packages/discord/client.py", line 465, in _run_event
    await coro(*args, **kwargs)
  File "/app/asu_discord/cogs/analytics.py", line 652, in on_member_update
    before_timeout = before.timed_out_until
                     ^^^^^^^^^^^^^^^^^^^^^^
AttributeError: 'Member' object has no attribute 'timed_out_until'
Ignoring exception in on_member_update
Traceback (most recent call last):
  File "/usr/local/lib/python3.12/site-packages/discord/client.py", line 465, in _run_event
    await coro(*args, **kwargs)
  File "/app/asu_discord/cogs/analytics.py", line 652, in on_member_update
    before_timeout = before.timed_out_until
                     ^^^^^^^^^^^^^^^^^^^^^^
AttributeError: 'Member' object has no attribute 'timed_out_until'
Ignoring exception in on_member_update
Traceback (most recent call last):
  File "/usr/local/lib/python3.12/site-packages/discord/client.py", line 465, in _run_event
    await coro(*args, **kwargs)
  File "/app/asu_discord/cogs/analytics.py", line 652, in on_member_update
    before_timeout = before.timed_out_until
                     ^^^^^^^^^^^^^^^^^^^^^^
AttributeError: 'Member' object has no attribute 'timed_out_until'
Ignoring exception in on_member_update
Traceback (most recent call last):
  File "/usr/local/lib/python3.12/site-packages/discord/client.py", line 465, in _run_event
    await coro(*args, **kwargs)
  File "/app/asu_discord/cogs/analytics.py", line 652, in on_member_update
    before_timeout = before.timed_out_until
                     ^^^^^^^^^^^^^^^^^^^^^^
AttributeError: 'Member' object has no attribute 'timed_out_until'
INFO:asu_discord.cogs.verification:Saved 6 roles to database for user gsriva11 (Discord ID: 763477649464361001)
INFO:asu_discord.cogs.verification:Refreshed Salesforce roles for Discord user 763477649464361001: -6/+5 roles, assigned=[Commited, First Generation Student, First Year, Out of State, Tempe, W.P. Carey School of Business]
Ignoring exception in on_member_update
Traceback (most recent call last):
  File "/usr/local/lib/python3.12/site-packages/discord/client.py", line 465, in _run_event
    await coro(*args, **kwargs)
  File "/app/asu_discord/cogs/analytics.py", line 652, in on_member_update
    before_timeout = before.timed_out_until
                     ^^^^^^^^^^^^^^^^^^^^^^
AttributeError: 'Member' object has no attribute 'timed_out_until'
Ignoring exception in on_member_update
Traceback (most recent call last):
  File "/usr/local/lib/python3.12/site-packages/discord/client.py", line 465, in _run_event
    await coro(*args, **kwargs)
  File "/app/asu_discord/cogs/analytics.py", line 652, in on_member_update
    before_timeout = before.timed_out_until
                     ^^^^^^^^^^^^^^^^^^^^^^
AttributeError: 'Member' object has no attribute 'timed_out_until'
Ignoring exception in on_member_update
Traceback (most recent call last):
  File "/usr/local/lib/python3.12/site-packages/discord/client.py", line 465, in _run_event
    await coro(*args, **kwargs)
  File "/app/asu_discord/cogs/analytics.py", line 652, in on_member_update
    before_timeout = before.timed_out_until
                     ^^^^^^^^^^^^^^^^^^^^^^
AttributeError: 'Member' object has no attribute 'timed_out_until'
Ignoring exception in on_member_update
Traceback (most recent call last):
  File "/usr/local/lib/python3.12/site-packages/discord/client.py", line 465, in _run_event
    await coro(*args, **kwargs)
  File "/app/asu_discord/cogs/analytics.py", line 652, in on_member_update
    before_timeout = before.timed_out_until
                     ^^^^^^^^^^^^^^^^^^^^^^
AttributeError: 'Member' object has no attribute 'timed_out_until'
Ignoring exception in on_member_update
Traceback (most recent call last):
  File "/usr/local/lib/python3.12/site-packages/discord/client.py", line 465, in _run_event
    await coro(*args, **kwargs)
  File "/app/asu_discord/cogs/analytics.py", line 652, in on_member_update
    before_timeout = before.timed_out_until
                     ^^^^^^^^^^^^^^^^^^^^^^
AttributeError: 'Member' object has no attribute 'timed_out_until'
Ignoring exception in on_member_update
Traceback (most recent call last):
  File "/usr/local/lib/python3.12/site-packages/discord/client.py", line 465, in _run_event
    await coro(*args, **kwargs)
  File "/app/asu_discord/cogs/analytics.py", line 652, in on_member_update
    before_timeout = before.timed_out_until
                     ^^^^^^^^^^^^^^^^^^^^^^
AttributeError: 'Member' object has no attribute 'timed_out_until'
Ignoring exception in on_member_update
Traceback (most recent call last):
  File "/usr/local/lib/python3.12/site-packages/discord/client.py", line 465, in _run_event
    await coro(*args, **kwargs)
  File "/app/asu_discord/cogs/analytics.py", line 652, in on_member_update
    before_timeout = before.timed_out_until
                     ^^^^^^^^^^^^^^^^^^^^^^
AttributeError: 'Member' object has no attribute 'timed_out_until'
Ignoring exception in on_member_update
Traceback (most recent call last):
  File "/usr/local/lib/python3.12/site-packages/discord/client.py", line 465, in _run_event
    await coro(*args, **kwargs)
  File "/app/asu_discord/cogs/analytics.py", line 652, in on_member_update
    before_timeout = before.timed_out_until
                     ^^^^^^^^^^^^^^^^^^^^^^
AttributeError: 'Member' object has no attribute 'timed_out_until'
Ignoring exception in on_member_update
Traceback (most recent call last):
  File "/usr/local/lib/python3.12/site-packages/discord/client.py", line 465, in _run_event
    await coro(*args, **kwargs)
  File "/app/asu_discord/cogs/analytics.py", line 652, in on_member_update
    before_timeout = before.timed_out_until
                     ^^^^^^^^^^^^^^^^^^^^^^
AttributeError: 'Member' object has no attribute 'timed_out_until'
INFO:asu_discord.cogs.verification:Saved 5 roles to database for user ambro134 (Discord ID: 1488407350057635972)
INFO:asu_discord.cogs.verification:Refreshed Salesforce roles for Discord user 1488407350057635972: -4/+5 roles, assigned=[Arizona Resident, Commited, First Year, Tempe, W.P. Carey School of Business]
Ignoring exception in on_member_update
Traceback (most recent call last):
  File "/usr/local/lib/python3.12/site-packages/discord/client.py", line 465, in _run_event
    await coro(*args, **kwargs)
  File "/app/asu_discord/cogs/analytics.py", line 652, in on_member_update
    before_timeout = before.timed_out_until
                     ^^^^^^^^^^^^^^^^^^^^^^
AttributeError: 'Member' object has no attribute 'timed_out_until'
Ignoring exception in on_member_update
Traceback (most recent call last):
  File "/usr/local/lib/python3.12/site-packages/discord/client.py", line 465, in _run_event
    await coro(*args, **kwargs)
  File "/app/asu_discord/cogs/analytics.py", line 652, in on_member_update
    before_timeout = before.timed_out_until
                     ^^^^^^^^^^^^^^^^^^^^^^
AttributeError: 'Member' object has no attribute 'timed_out_until'
Ignoring exception in on_member_update
Traceback (most recent call last):
  File "/usr/local/lib/python3.12/site-packages/discord/client.py", line 465, in _run_event
    await coro(*args, **kwargs)
  File "/app/asu_discord/cogs/analytics.py", line 652, in on_member_update
    before_timeout = before.timed_out_until
                     ^^^^^^^^^^^^^^^^^^^^^^
AttributeError: 'Member' object has no attribute 'timed_out_until'
Ignoring exception in on_member_update
Traceback (most recent call last):
  File "/usr/local/lib/python3.12/site-packages/discord/client.py", line 465, in _run_event
    await coro(*args, **kwargs)
  File "/app/asu_discord/cogs/analytics.py", line 652, in on_member_update
    before_timeout = before.timed_out_until
                     ^^^^^^^^^^^^^^^^^^^^^^
AttributeError: 'Member' object has no attribute 'timed_out_until'
Ignoring exception in on_member_update
Traceback (most recent call last):
  File "/usr/local/lib/python3.12/site-packages/discord/client.py", line 465, in _run_event
    await coro(*args, **kwargs)
  File "/app/asu_discord/cogs/analytics.py", line 652, in on_member_update
    before_timeout = before.timed_out_until
                     ^^^^^^^^^^^^^^^^^^^^^^
AttributeError: 'Member' object has no attribute 'timed_out_until'
Ignoring exception in on_member_update
Traceback (most recent call last):
  File "/usr/local/lib/python3.12/site-packages/discord/client.py", line 465, in _run_event
    await coro(*args, **kwargs)
  File "/app/asu_discord/cogs/analytics.py", line 652, in on_member_update
    before_timeout = before.timed_out_until
                     ^^^^^^^^^^^^^^^^^^^^^^
AttributeError: 'Member' object has no attribute 'timed_out_until'
Ignoring exception in on_member_update
Traceback (most recent call last):
  File "/usr/local/lib/python3.12/site-packages/discord/client.py", line 465, in _run_event
    await coro(*args, **kwargs)
  File "/app/asu_discord/cogs/analytics.py", line 652, in on_member_update
    before_timeout = before.timed_out_until
                     ^^^^^^^^^^^^^^^^^^^^^^
AttributeError: 'Member' object has no attribute 'timed_out_until'
INFO:asu_discord.cogs.verification:Saved 4 roles to database for user yoorhimc (Discord ID: 584015356847325210)
INFO:asu_discord.cogs.verification:Refreshed Salesforce roles for Discord user 584015356847325210: -4/+3 roles, assigned=[Graduate Student, International Student, Ira A. Fulton Schools of Engineering, Tempe]
Ignoring exception in on_member_update
Traceback (most recent call last):
  File "/usr/local/lib/python3.12/site-packages/discord/client.py", line 465, in _run_event
    await coro(*args, **kwargs)
  File "/app/asu_discord/cogs/analytics.py", line 652, in on_member_update
    before_timeout = before.timed_out_until
                     ^^^^^^^^^^^^^^^^^^^^^^
AttributeError: 'Member' object has no attribute 'timed_out_until'
Ignoring exception in on_member_update
Traceback (most recent call last):
  File "/usr/local/lib/python3.12/site-packages/discord/client.py", line 465, in _run_event
    await coro(*args, **kwargs)
  File "/app/asu_discord/cogs/analytics.py", line 652, in on_member_update
    before_timeout = before.timed_out_until
                     ^^^^^^^^^^^^^^^^^^^^^^
AttributeError: 'Member' object has no attribute 'timed_out_until'
Ignoring exception in on_member_update
Traceback (most recent call last):
  File "/usr/local/lib/python3.12/site-packages/discord/client.py", line 465, in _run_event
    await coro(*args, **kwargs)
  File "/app/asu_discord/cogs/analytics.py", line 652, in on_member_update
    before_timeout = before.timed_out_until
                     ^^^^^^^^^^^^^^^^^^^^^^
AttributeError: 'Member' object has no attribute 'timed_out_until'
Ignoring exception in on_member_update
Traceback (most recent call last):
  File "/usr/local/lib/python3.12/site-packages/discord/client.py", line 465, in _run_event
    await coro(*args, **kwargs)
  File "/app/asu_discord/cogs/analytics.py", line 652, in on_member_update
    before_timeout = before.timed_out_until
                     ^^^^^^^^^^^^^^^^^^^^^^
AttributeError: 'Member' object has no attribute 'timed_out_until'
Ignoring exception in on_member_update
Traceback (most recent call last):
  File "/usr/local/lib/python3.12/site-packages/discord/client.py", line 465, in _run_event
    await coro(*args, **kwargs)
  File "/app/asu_discord/cogs/analytics.py", line 652, in on_member_update
    before_timeout = before.timed_out_until
                     ^^^^^^^^^^^^^^^^^^^^^^
AttributeError: 'Member' object has no attribute 'timed_out_until'
Ignoring exception in on_member_update
Traceback (most recent call last):
  File "/usr/local/lib/python3.12/site-packages/discord/client.py", line 465, in _run_event
    await coro(*args, **kwargs)
  File "/app/asu_discord/cogs/analytics.py", line 652, in on_member_update
    before_timeout = before.timed_out_until
                     ^^^^^^^^^^^^^^^^^^^^^^
AttributeError: 'Member' object has no attribute 'timed_out_until'
Ignoring exception in on_member_update
Traceback (most recent call last):
  File "/usr/local/lib/python3.12/site-packages/discord/client.py", line 465, in _run_event
    await coro(*args, **kwargs)
  File "/app/asu_discord/cogs/analytics.py", line 652, in on_member_update
    before_timeout = before.timed_out_until
                     ^^^^^^^^^^^^^^^^^^^^^^
AttributeError: 'Member' object has no attribute 'timed_out_until'
Ignoring exception in on_member_update
Traceback (most recent call last):
  File "/usr/local/lib/python3.12/site-packages/discord/client.py", line 465, in _run_event
    await coro(*args, **kwargs)
  File "/app/asu_discord/cogs/analytics.py", line 652, in on_member_update
    before_timeout = before.timed_out_until
                     ^^^^^^^^^^^^^^^^^^^^^^
AttributeError: 'Member' object has no attribute 'timed_out_until'
Ignoring exception in on_member_update
Traceback (most recent call last):
  File "/usr/local/lib/python3.12/site-packages/discord/client.py", line 465, in _run_event
    await coro(*args, **kwargs)
  File "/app/asu_discord/cogs/analytics.py", line 652, in on_member_update
    before_timeout = before.timed_out_until
                     ^^^^^^^^^^^^^^^^^^^^^^
AttributeError: 'Member' object has no attribute 'timed_out_until'
Ignoring exception in on_member_update
Traceback (most recent call last):
  File "/usr/local/lib/python3.12/site-packages/discord/client.py", line 465, in _run_event
    await coro(*args, **kwargs)
  File "/app/asu_discord/cogs/analytics.py", line 652, in on_member_update
    before_timeout = before.timed_out_until
                     ^^^^^^^^^^^^^^^^^^^^^^
AttributeError: 'Member' object has no attribute 'timed_out_until'
INFO:asu_discord.cogs.verification:Saved 5 roles to database for user daeyoun1 (Discord ID: 480609343717244929)
INFO:asu_discord.cogs.verification:Refreshed Salesforce roles for Discord user 480609343717244929: -5/+5 roles, assigned=[First Generation Student, Graduate Student, International Student, Ira A. Fulton Schools of Engineering, Tempe]
INFO:asu_discord.salesforce:No Salesforce opportunities found for lsouchet
INFO:cron.jobs:refresh_salesforce_roles: skipping lsouchet: no profile returned
Ignoring exception in on_member_update
Traceback (most recent call last):
  File "/usr/local/lib/python3.12/site-packages/discord/client.py", line 465, in _run_event
    await coro(*args, **kwargs)
  File "/app/asu_discord/cogs/analytics.py", line 652, in on_member_update
    before_timeout = before.timed_out_until
                     ^^^^^^^^^^^^^^^^^^^^^^
AttributeError: 'Member' object has no attribute 'timed_out_until'
Ignoring exception in on_member_update
Traceback (most recent call last):
  File "/usr/local/lib/python3.12/site-packages/discord/client.py", line 465, in _run_event
    await coro(*args, **kwargs)
  File "/app/asu_discord/cogs/analytics.py", line 652, in on_member_update
    before_timeout = before.timed_out_until
                     ^^^^^^^^^^^^^^^^^^^^^^
AttributeError: 'Member' object has no attribute 'timed_out_until'
Ignoring exception in on_member_update
Traceback (most recent call last):
  File "/usr/local/lib/python3.12/site-packages/discord/client.py", line 465, in _run_event
    await coro(*args, **kwargs)
  File "/app/asu_discord/cogs/analytics.py", line 652, in on_member_update
    before_timeout = before.timed_out_until
                     ^^^^^^^^^^^^^^^^^^^^^^
AttributeError: 'Member' object has no attribute 'timed_out_until'
Ignoring exception in on_member_update
Traceback (most recent call last):
  File "/usr/local/lib/python3.12/site-packages/discord/client.py", line 465, in _run_event
    await coro(*args, **kwargs)
  File "/app/asu_discord/cogs/analytics.py", line 652, in on_member_update
    before_timeout = before.timed_out_until
                     ^^^^^^^^^^^^^^^^^^^^^^
AttributeError: 'Member' object has no attribute 'timed_out_until'
Ignoring exception in on_member_update
Traceback (most recent call last):
  File "/usr/local/lib/python3.12/site-packages/discord/client.py", line 465, in _run_event
    await coro(*args, **kwargs)
  File "/app/asu_discord/cogs/analytics.py", line 652, in on_member_update
    before_timeout = before.timed_out_until
                     ^^^^^^^^^^^^^^^^^^^^^^
AttributeError: 'Member' object has no attribute 'timed_out_until'
Ignoring exception in on_member_update
Traceback (most recent call last):
  File "/usr/local/lib/python3.12/site-packages/discord/client.py", line 465, in _run_event
    await coro(*args, **kwargs)
  File "/app/asu_discord/cogs/analytics.py", line 652, in on_member_update
    before_timeout = before.timed_out_until
                     ^^^^^^^^^^^^^^^^^^^^^^
AttributeError: 'Member' object has no attribute 'timed_out_until'
Ignoring exception in on_member_update
Traceback (most recent call last):
  File "/usr/local/lib/python3.12/site-packages/discord/client.py", line 465, in _run_event
    await coro(*args, **kwargs)
  File "/app/asu_discord/cogs/analytics.py", line 652, in on_member_update
    before_timeout = before.timed_out_until
                     ^^^^^^^^^^^^^^^^^^^^^^
AttributeError: 'Member' object has no attribute 'timed_out_until'
Ignoring exception in on_member_update
Traceback (most recent call last):
  File "/usr/local/lib/python3.12/site-packages/discord/client.py", line 465, in _run_event
    await coro(*args, **kwargs)
  File "/app/asu_discord/cogs/analytics.py", line 652, in on_member_update
    before_timeout = before.timed_out_until
                     ^^^^^^^^^^^^^^^^^^^^^^
AttributeError: 'Member' object has no attribute 'timed_out_until'
Ignoring exception in on_member_update
Traceback (most recent call last):
  File "/usr/local/lib/python3.12/site-packages/discord/client.py", line 465, in _run_event
    await coro(*args, **kwargs)
  File "/app/asu_discord/cogs/analytics.py", line 652, in on_member_update
    before_timeout = before.timed_out_until
                     ^^^^^^^^^^^^^^^^^^^^^^
AttributeError: 'Member' object has no attribute 'timed_out_until'
Ignoring exception in on_member_update
Traceback (most recent call last):
  File "/usr/local/lib/python3.12/site-packages/discord/client.py", line 465, in _run_event
    await coro(*args, **kwargs)
  File "/app/asu_discord/cogs/analytics.py", line 652, in on_member_update
    before_timeout = before.timed_out_until
                     ^^^^^^^^^^^^^^^^^^^^^^
AttributeError: 'Member' object has no attribute 'timed_out_until'
INFO:asu_discord.cogs.verification:Saved 5 roles to database for user muyangha (Discord ID: 1486696908801048747)
INFO:asu_discord.cogs.verification:Refreshed Salesforce roles for Discord user 1486696908801048747: -5/+5 roles, assigned=[College of Health Solutions, Commited, Downtown Phoenix, First Year, International Student]
INFO:asu_discord.cogs.verification:Refreshed Salesforce roles for Discord user 488106587781595151: -0/+0 roles, assigned=[none]
Ignoring exception in on_member_update
Traceback (most recent call last):
  File "/usr/local/lib/python3.12/site-packages/discord/client.py", line 465, in _run_event
    await coro(*args, **kwargs)
  File "/app/asu_discord/cogs/analytics.py", line 652, in on_member_update
    before_timeout = before.timed_out_until
                     ^^^^^^^^^^^^^^^^^^^^^^
AttributeError: 'Member' object has no attribute 'timed_out_until'
Ignoring exception in on_member_update
Traceback (most recent call last):
  File "/usr/local/lib/python3.12/site-packages/discord/client.py", line 465, in _run_event
    await coro(*args, **kwargs)
  File "/app/asu_discord/cogs/analytics.py", line 652, in on_member_update
    before_timeout = before.timed_out_until
                     ^^^^^^^^^^^^^^^^^^^^^^
AttributeError: 'Member' object has no attribute 'timed_out_until'
Ignoring exception in on_member_update
Traceback (most recent call last):
  File "/usr/local/lib/python3.12/site-packages/discord/client.py", line 465, in _run_event
    await coro(*args, **kwargs)
  File "/app/asu_discord/cogs/analytics.py", line 652, in on_member_update
    before_timeout = before.timed_out_until
                     ^^^^^^^^^^^^^^^^^^^^^^
AttributeError: 'Member' object has no attribute 'timed_out_until'
Ignoring exception in on_member_update
Traceback (most recent call last):
  File "/usr/local/lib/python3.12/site-packages/discord/client.py", line 465, in _run_event
    await coro(*args, **kwargs)
  File "/app/asu_discord/cogs/analytics.py", line 652, in on_member_update
    before_timeout = before.timed_out_until
                     ^^^^^^^^^^^^^^^^^^^^^^
AttributeError: 'Member' object has no attribute 'timed_out_until'
Ignoring exception in on_member_update
Traceback (most recent call last):
  File "/usr/local/lib/python3.12/site-packages/discord/client.py", line 465, in _run_event
    await coro(*args, **kwargs)
  File "/app/asu_discord/cogs/analytics.py", line 652, in on_member_update
    before_timeout = before.timed_out_until
                     ^^^^^^^^^^^^^^^^^^^^^^
AttributeError: 'Member' object has no attribute 'timed_out_until'
Ignoring exception in on_member_update
Traceback (most recent call last):
  File "/usr/local/lib/python3.12/site-packages/discord/client.py", line 465, in _run_event
    await coro(*args, **kwargs)
  File "/app/asu_discord/cogs/analytics.py", line 652, in on_member_update
    before_timeout = before.timed_out_until
                     ^^^^^^^^^^^^^^^^^^^^^^
AttributeError: 'Member' object has no attribute 'timed_out_until'
Ignoring exception in on_member_update
Traceback (most recent call last):
  File "/usr/local/lib/python3.12/site-packages/discord/client.py", line 465, in _run_event
    await coro(*args, **kwargs)
  File "/app/asu_discord/cogs/analytics.py", line 652, in on_member_update
    before_timeout = before.timed_out_until
                     ^^^^^^^^^^^^^^^^^^^^^^
AttributeError: 'Member' object has no attribute 'timed_out_until'
Ignoring exception in on_member_update
Traceback (most recent call last):
  File "/usr/local/lib/python3.12/site-packages/discord/client.py", line 465, in _run_event
    await coro(*args, **kwargs)
  File "/app/asu_discord/cogs/analytics.py", line 652, in on_member_update
    before_timeout = before.timed_out_until
                     ^^^^^^^^^^^^^^^^^^^^^^
AttributeError: 'Member' object has no attribute 'timed_out_until'
Ignoring exception in on_member_update
Traceback (most recent call last):
  File "/usr/local/lib/python3.12/site-packages/discord/client.py", line 465, in _run_event
    await coro(*args, **kwargs)
  File "/app/asu_discord/cogs/analytics.py", line 652, in on_member_update
    before_timeout = before.timed_out_until
                     ^^^^^^^^^^^^^^^^^^^^^^
AttributeError: 'Member' object has no attribute 'timed_out_until'
INFO:asu_discord.cogs.verification:Saved 5 roles to database for user kmlong12 (Discord ID: 1488527885743558879)
INFO:asu_discord.cogs.verification:Refreshed Salesforce roles for Discord user 1488527885743558879: -5/+5 roles, assigned=[Commited, Herberger Institute for Design and the Arts, Out of State, Tempe, Transfer Student]
Ignoring exception in on_member_update
Traceback (most recent call last):
  File "/usr/local/lib/python3.12/site-packages/discord/client.py", line 465, in _run_event
    await coro(*args, **kwargs)
  File "/app/asu_discord/cogs/analytics.py", line 652, in on_member_update
    before_timeout = before.timed_out_until
                     ^^^^^^^^^^^^^^^^^^^^^^
AttributeError: 'Member' object has no attribute 'timed_out_until'
Ignoring exception in on_member_update
Traceback (most recent call last):
  File "/usr/local/lib/python3.12/site-packages/discord/client.py", line 465, in _run_event
    await coro(*args, **kwargs)
  File "/app/asu_discord/cogs/analytics.py", line 652, in on_member_update
    before_timeout = before.timed_out_until
                     ^^^^^^^^^^^^^^^^^^^^^^
AttributeError: 'Member' object has no attribute 'timed_out_until'
Ignoring exception in on_member_update
Traceback (most recent call last):
  File "/usr/local/lib/python3.12/site-packages/discord/client.py", line 465, in _run_event
    await coro(*args, **kwargs)
  File "/app/asu_discord/cogs/analytics.py", line 652, in on_member_update
    before_timeout = before.timed_out_until
                     ^^^^^^^^^^^^^^^^^^^^^^
AttributeError: 'Member' object has no attribute 'timed_out_until'
Ignoring exception in on_member_update
Traceback (most recent call last):
  File "/usr/local/lib/python3.12/site-packages/discord/client.py", line 465, in _run_event
    await coro(*args, **kwargs)
  File "/app/asu_discord/cogs/analytics.py", line 652, in on_member_update
    before_timeout = before.timed_out_until
                     ^^^^^^^^^^^^^^^^^^^^^^
AttributeError: 'Member' object has no attribute 'timed_out_until'
Ignoring exception in on_member_update
Traceback (most recent call last):
  File "/usr/local/lib/python3.12/site-packages/discord/client.py", line 465, in _run_event
    await coro(*args, **kwargs)
  File "/app/asu_discord/cogs/analytics.py", line 652, in on_member_update
    before_timeout = before.timed_out_until
                     ^^^^^^^^^^^^^^^^^^^^^^
AttributeError: 'Member' object has no attribute 'timed_out_until'
Ignoring exception in on_member_update
Traceback (most recent call last):
  File "/usr/local/lib/python3.12/site-packages/discord/client.py", line 465, in _run_event
    await coro(*args, **kwargs)
  File "/app/asu_discord/cogs/analytics.py", line 652, in on_member_update
    before_timeout = before.timed_out_until
                     ^^^^^^^^^^^^^^^^^^^^^^
AttributeError: 'Member' object has no attribute 'timed_out_until'
Ignoring exception in on_member_update
Traceback (most recent call last):
  File "/usr/local/lib/python3.12/site-packages/discord/client.py", line 465, in _run_event
    await coro(*args, **kwargs)
  File "/app/asu_discord/cogs/analytics.py", line 652, in on_member_update
    before_timeout = before.timed_out_until
                     ^^^^^^^^^^^^^^^^^^^^^^
AttributeError: 'Member' object has no attribute 'timed_out_until'
Ignoring exception in on_member_update
Traceback (most recent call last):
  File "/usr/local/lib/python3.12/site-packages/discord/client.py", line 465, in _run_event
    await coro(*args, **kwargs)
  File "/app/asu_discord/cogs/analytics.py", line 652, in on_member_update
    before_timeout = before.timed_out_until
                     ^^^^^^^^^^^^^^^^^^^^^^
AttributeError: 'Member' object has no attribute 'timed_out_until'
Ignoring exception in on_member_update
Traceback (most recent call last):
  File "/usr/local/lib/python3.12/site-packages/discord/client.py", line 465, in _run_event
    await coro(*args, **kwargs)
  File "/app/asu_discord/cogs/analytics.py", line 652, in on_member_update
    before_timeout = before.timed_out_until
                     ^^^^^^^^^^^^^^^^^^^^^^
AttributeError: 'Member' object has no attribute 'timed_out_until'
Ignoring exception in on_member_update
Traceback (most recent call last):
  File "/usr/local/lib/python3.12/site-packages/discord/client.py", line 465, in _run_event
    await coro(*args, **kwargs)
  File "/app/asu_discord/cogs/analytics.py", line 652, in on_member_update
    before_timeout = before.timed_out_until
                     ^^^^^^^^^^^^^^^^^^^^^^
AttributeError: 'Member' object has no attribute 'timed_out_until'
INFO:asu_discord.cogs.verification:Saved 5 roles to database for user rbookina (Discord ID: 697410857013084190)
INFO:asu_discord.cogs.verification:Refreshed Salesforce roles for Discord user 697410857013084190: -5/+4 roles, assigned=[Commited, Graduate Student, International Student, Ira A. Fulton Schools of Engineering, Tempe]
Ignoring exception in on_member_update
Traceback (most recent call last):
  File "/usr/local/lib/python3.12/site-packages/discord/client.py", line 465, in _run_event
    await coro(*args, **kwargs)
  File "/app/asu_discord/cogs/analytics.py", line 652, in on_member_update
    before_timeout = before.timed_out_until
                     ^^^^^^^^^^^^^^^^^^^^^^
AttributeError: 'Member' object has no attribute 'timed_out_until'
Ignoring exception in on_member_update
Traceback (most recent call last):
  File "/usr/local/lib/python3.12/site-packages/discord/client.py", line 465, in _run_event
    await coro(*args, **kwargs)
  File "/app/asu_discord/cogs/analytics.py", line 652, in on_member_update
    before_timeout = before.timed_out_until
                     ^^^^^^^^^^^^^^^^^^^^^^
AttributeError: 'Member' object has no attribute 'timed_out_until'
Ignoring exception in on_member_update
Traceback (most recent call last):
  File "/usr/local/lib/python3.12/site-packages/discord/client.py", line 465, in _run_event
    await coro(*args, **kwargs)
  File "/app/asu_discord/cogs/analytics.py", line 652, in on_member_update
    before_timeout = before.timed_out_until
                     ^^^^^^^^^^^^^^^^^^^^^^
AttributeError: 'Member' object has no attribute 'timed_out_until'
Ignoring exception in on_member_update
Traceback (most recent call last):
  File "/usr/local/lib/python3.12/site-packages/discord/client.py", line 465, in _run_event
    await coro(*args, **kwargs)
  File "/app/asu_discord/cogs/analytics.py", line 652, in on_member_update
    before_timeout = before.timed_out_until
                     ^^^^^^^^^^^^^^^^^^^^^^
AttributeError: 'Member' object has no attribute 'timed_out_until'
Ignoring exception in on_member_update
Traceback (most recent call last):
  File "/usr/local/lib/python3.12/site-packages/discord/client.py", line 465, in _run_event
    await coro(*args, **kwargs)
  File "/app/asu_discord/cogs/analytics.py", line 652, in on_member_update
    before_timeout = before.timed_out_until
                     ^^^^^^^^^^^^^^^^^^^^^^
AttributeError: 'Member' object has no attribute 'timed_out_until'
Ignoring exception in on_member_update
Traceback (most recent call last):
  File "/usr/local/lib/python3.12/site-packages/discord/client.py", line 465, in _run_event
    await coro(*args, **kwargs)
  File "/app/asu_discord/cogs/analytics.py", line 652, in on_member_update
    before_timeout = before.timed_out_until
                     ^^^^^^^^^^^^^^^^^^^^^^
AttributeError: 'Member' object has no attribute 'timed_out_until'
Ignoring exception in on_member_update
Traceback (most recent call last):
  File "/usr/local/lib/python3.12/site-packages/discord/client.py", line 465, in _run_event
    await coro(*args, **kwargs)
  File "/app/asu_discord/cogs/analytics.py", line 652, in on_member_update
    before_timeout = before.timed_out_until
                     ^^^^^^^^^^^^^^^^^^^^^^
AttributeError: 'Member' object has no attribute 'timed_out_until'
Ignoring exception in on_member_update
Traceback (most recent call last):
  File "/usr/local/lib/python3.12/site-packages/discord/client.py", line 465, in _run_event
    await coro(*args, **kwargs)
  File "/app/asu_discord/cogs/analytics.py", line 652, in on_member_update
    before_timeout = before.timed_out_until
                     ^^^^^^^^^^^^^^^^^^^^^^
AttributeError: 'Member' object has no attribute 'timed_out_until'
Ignoring exception in on_member_update
Traceback (most recent call last):
  File "/usr/local/lib/python3.12/site-packages/discord/client.py", line 465, in _run_event
    await coro(*args, **kwargs)
  File "/app/asu_discord/cogs/analytics.py", line 652, in on_member_update
    before_timeout = before.timed_out_until
                     ^^^^^^^^^^^^^^^^^^^^^^
AttributeError: 'Member' object has no attribute 'timed_out_until'
Ignoring exception in on_member_update
Traceback (most recent call last):
  File "/usr/local/lib/python3.12/site-packages/discord/client.py", line 465, in _run_event
    await coro(*args, **kwargs)
  File "/app/asu_discord/cogs/analytics.py", line 652, in on_member_update
    before_timeout = before.timed_out_until
                     ^^^^^^^^^^^^^^^^^^^^^^
AttributeError: 'Member' object has no attribute 'timed_out_until'
INFO:asu_discord.cogs.verification:Saved 5 roles to database for user kcain123 (Discord ID: 1306153075039404103)
INFO:asu_discord.cogs.verification:Refreshed Salesforce roles for Discord user 1306153075039404103: -5/+5 roles, assigned=[Commited, First Year, Out of State, Tempe, W.P. Carey School of Business]
Ignoring exception in on_member_update
Traceback (most recent call last):
  File "/usr/local/lib/python3.12/site-packages/discord/client.py", line 465, in _run_event
    await coro(*args, **kwargs)
  File "/app/asu_discord/cogs/analytics.py", line 652, in on_member_update
    before_timeout = before.timed_out_until
                     ^^^^^^^^^^^^^^^^^^^^^^
AttributeError: 'Member' object has no attribute 'timed_out_until'
Ignoring exception in on_member_update
Traceback (most recent call last):
  File "/usr/local/lib/python3.12/site-packages/discord/client.py", line 465, in _run_event
    await coro(*args, **kwargs)
  File "/app/asu_discord/cogs/analytics.py", line 652, in on_member_update
    before_timeout = before.timed_out_until
                     ^^^^^^^^^^^^^^^^^^^^^^
AttributeError: 'Member' object has no attribute 'timed_out_until'
Ignoring exception in on_member_update
Traceback (most recent call last):
  File "/usr/local/lib/python3.12/site-packages/discord/client.py", line 465, in _run_event
    await coro(*args, **kwargs)
  File "/app/asu_discord/cogs/analytics.py", line 652, in on_member_update
    before_timeout = before.timed_out_until
                     ^^^^^^^^^^^^^^^^^^^^^^
AttributeError: 'Member' object has no attribute 'timed_out_until'
Ignoring exception in on_member_update
Traceback (most recent call last):
  File "/usr/local/lib/python3.12/site-packages/discord/client.py", line 465, in _run_event
    await coro(*args, **kwargs)
  File "/app/asu_discord/cogs/analytics.py", line 652, in on_member_update
    before_timeout = before.timed_out_until
                     ^^^^^^^^^^^^^^^^^^^^^^
AttributeError: 'Member' object has no attribute 'timed_out_until'
Ignoring exception in on_member_update
Traceback (most recent call last):
  File "/usr/local/lib/python3.12/site-packages/discord/client.py", line 465, in _run_event
    await coro(*args, **kwargs)
  File "/app/asu_discord/cogs/analytics.py", line 652, in on_member_update
    before_timeout = before.timed_out_until
                     ^^^^^^^^^^^^^^^^^^^^^^
AttributeError: 'Member' object has no attribute 'timed_out_until'
Ignoring exception in on_member_update
Traceback (most recent call last):
  File "/usr/local/lib/python3.12/site-packages/discord/client.py", line 465, in _run_event
    await coro(*args, **kwargs)
  File "/app/asu_discord/cogs/analytics.py", line 652, in on_member_update
    before_timeout = before.timed_out_until
                     ^^^^^^^^^^^^^^^^^^^^^^
AttributeError: 'Member' object has no attribute 'timed_out_until'
Ignoring exception in on_member_update
Traceback (most recent call last):
  File "/usr/local/lib/python3.12/site-packages/discord/client.py", line 465, in _run_event
    await coro(*args, **kwargs)
  File "/app/asu_discord/cogs/analytics.py", line 652, in on_member_update
    before_timeout = before.timed_out_until
                     ^^^^^^^^^^^^^^^^^^^^^^
AttributeError: 'Member' object has no attribute 'timed_out_until'
Ignoring exception in on_member_update
Traceback (most recent call last):
  File "/usr/local/lib/python3.12/site-packages/discord/client.py", line 465, in _run_event
    await coro(*args, **kwargs)
  File "/app/asu_discord/cogs/analytics.py", line 652, in on_member_update
    before_timeout = before.timed_out_until
                     ^^^^^^^^^^^^^^^^^^^^^^
AttributeError: 'Member' object has no attribute 'timed_out_until'
Ignoring exception in on_member_update
Traceback (most recent call last):
  File "/usr/local/lib/python3.12/site-packages/discord/client.py", line 465, in _run_event
    await coro(*args, **kwargs)
  File "/app/asu_discord/cogs/analytics.py", line 652, in on_member_update
    before_timeout = before.timed_out_until
                     ^^^^^^^^^^^^^^^^^^^^^^
AttributeError: 'Member' object has no attribute 'timed_out_until'
Ignoring exception in on_member_update
Traceback (most recent call last):
  File "/usr/local/lib/python3.12/site-packages/discord/client.py", line 465, in _run_event
    await coro(*args, **kwargs)
  File "/app/asu_discord/cogs/analytics.py", line 652, in on_member_update
    before_timeout = before.timed_out_until
                     ^^^^^^^^^^^^^^^^^^^^^^
AttributeError: 'Member' object has no attribute 'timed_out_until'
INFO:asu_discord.cogs.verification:Saved 5 roles to database for user tgebrezg (Discord ID: 1488417990465814620)
INFO:asu_discord.cogs.verification:Refreshed Salesforce roles for Discord user 1488417990465814620: -5/+5 roles, assigned=[First Generation Student, Graduate Student, International Student, Ira A. Fulton Schools of Engineering, Tempe]
Ignoring exception in on_member_update
Traceback (most recent call last):
  File "/usr/local/lib/python3.12/site-packages/discord/client.py", line 465, in _run_event
    await coro(*args, **kwargs)
  File "/app/asu_discord/cogs/analytics.py", line 652, in on_member_update
    before_timeout = before.timed_out_until
                     ^^^^^^^^^^^^^^^^^^^^^^
AttributeError: 'Member' object has no attribute 'timed_out_until'
Ignoring exception in on_member_update
Traceback (most recent call last):
  File "/usr/local/lib/python3.12/site-packages/discord/client.py", line 465, in _run_event
    await coro(*args, **kwargs)
  File "/app/asu_discord/cogs/analytics.py", line 652, in on_member_update
    before_timeout = before.timed_out_until
                     ^^^^^^^^^^^^^^^^^^^^^^
AttributeError: 'Member' object has no attribute 'timed_out_until'
Ignoring exception in on_member_update
Traceback (most recent call last):
  File "/usr/local/lib/python3.12/site-packages/discord/client.py", line 465, in _run_event
    await coro(*args, **kwargs)
  File "/app/asu_discord/cogs/analytics.py", line 652, in on_member_update
    before_timeout = before.timed_out_until
                     ^^^^^^^^^^^^^^^^^^^^^^
AttributeError: 'Member' object has no attribute 'timed_out_until'
Ignoring exception in on_member_update
Traceback (most recent call last):
  File "/usr/local/lib/python3.12/site-packages/discord/client.py", line 465, in _run_event
    await coro(*args, **kwargs)
  File "/app/asu_discord/cogs/analytics.py", line 652, in on_member_update
    before_timeout = before.timed_out_until
                     ^^^^^^^^^^^^^^^^^^^^^^
AttributeError: 'Member' object has no attribute 'timed_out_until'
Ignoring exception in on_member_update
Traceback (most recent call last):
  File "/usr/local/lib/python3.12/site-packages/discord/client.py", line 465, in _run_event
    await coro(*args, **kwargs)
  File "/app/asu_discord/cogs/analytics.py", line 652, in on_member_update
    before_timeout = before.timed_out_until
                     ^^^^^^^^^^^^^^^^^^^^^^
AttributeError: 'Member' object has no attribute 'timed_out_until'
Ignoring exception in on_member_update
Traceback (most recent call last):
  File "/usr/local/lib/python3.12/site-packages/discord/client.py", line 465, in _run_event
    await coro(*args, **kwargs)
  File "/app/asu_discord/cogs/analytics.py", line 652, in on_member_update
    before_timeout = before.timed_out_until
                     ^^^^^^^^^^^^^^^^^^^^^^
AttributeError: 'Member' object has no attribute 'timed_out_until'
Ignoring exception in on_member_update
Traceback (most recent call last):
  File "/usr/local/lib/python3.12/site-packages/discord/client.py", line 465, in _run_event
    await coro(*args, **kwargs)
  File "/app/asu_discord/cogs/analytics.py", line 652, in on_member_update
    before_timeout = before.timed_out_until
                     ^^^^^^^^^^^^^^^^^^^^^^
AttributeError: 'Member' object has no attribute 'timed_out_until'
Ignoring exception in on_member_update
Traceback (most recent call last):
  File "/usr/local/lib/python3.12/site-packages/discord/client.py", line 465, in _run_event
    await coro(*args, **kwargs)
  File "/app/asu_discord/cogs/analytics.py", line 652, in on_member_update
    before_timeout = before.timed_out_until
                     ^^^^^^^^^^^^^^^^^^^^^^
AttributeError: 'Member' object has no attribute 'timed_out_until'
Ignoring exception in on_member_update
Traceback (most recent call last):
  File "/usr/local/lib/python3.12/site-packages/discord/client.py", line 465, in _run_event
    await coro(*args, **kwargs)
  File "/app/asu_discord/cogs/analytics.py", line 652, in on_member_update
    before_timeout = before.timed_out_until
                     ^^^^^^^^^^^^^^^^^^^^^^
AttributeError: 'Member' object has no attribute 'timed_out_until'
Ignoring exception in on_member_update
Traceback (most recent call last):
  File "/usr/local/lib/python3.12/site-packages/discord/client.py", line 465, in _run_event
    await coro(*args, **kwargs)
  File "/app/asu_discord/cogs/analytics.py", line 652, in on_member_update
    before_timeout = before.timed_out_until
                     ^^^^^^^^^^^^^^^^^^^^^^
AttributeError: 'Member' object has no attribute 'timed_out_until'
INFO:asu_discord.cogs.verification:Saved 5 roles to database for user mmaulakk (Discord ID: 908969227707351070)
INFO:asu_discord.cogs.verification:Refreshed Salesforce roles for Discord user 908969227707351070: -5/+5 roles, assigned=[Commited, First Year, International Student, Tempe, W.P. Carey School of Business]
INFO:asu_discord.salesforce:No Salesforce contact found for racheloh
INFO:cron.jobs:refresh_salesforce_roles: skipping racheloh: no profile returned
Ignoring exception in on_member_update
Traceback (most recent call last):
  File "/usr/local/lib/python3.12/site-packages/discord/client.py", line 465, in _run_event
    await coro(*args, **kwargs)
  File "/app/asu_discord/cogs/analytics.py", line 652, in on_member_update
    before_timeout = before.timed_out_until
                     ^^^^^^^^^^^^^^^^^^^^^^
AttributeError: 'Member' object has no attribute 'timed_out_until'
Ignoring exception in on_member_update
Traceback (most recent call last):
  File "/usr/local/lib/python3.12/site-packages/discord/client.py", line 465, in _run_event
    await coro(*args, **kwargs)
  File "/app/asu_discord/cogs/analytics.py", line 652, in on_member_update
    before_timeout = before.timed_out_until
                     ^^^^^^^^^^^^^^^^^^^^^^
AttributeError: 'Member' object has no attribute 'timed_out_until'
Ignoring exception in on_member_update
Traceback (most recent call last):
  File "/usr/local/lib/python3.12/site-packages/discord/client.py", line 465, in _run_event
    await coro(*args, **kwargs)
  File "/app/asu_discord/cogs/analytics.py", line 652, in on_member_update
    before_timeout = before.timed_out_until
                     ^^^^^^^^^^^^^^^^^^^^^^
AttributeError: 'Member' object has no attribute 'timed_out_until'
Ignoring exception in on_member_update
Traceback (most recent call last):
  File "/usr/local/lib/python3.12/site-packages/discord/client.py", line 465, in _run_event
    await coro(*args, **kwargs)
  File "/app/asu_discord/cogs/analytics.py", line 652, in on_member_update
    before_timeout = before.timed_out_until
                     ^^^^^^^^^^^^^^^^^^^^^^
AttributeError: 'Member' object has no attribute 'timed_out_until'
Ignoring exception in on_member_update
Traceback (most recent call last):
  File "/usr/local/lib/python3.12/site-packages/discord/client.py", line 465, in _run_event
    await coro(*args, **kwargs)
  File "/app/asu_discord/cogs/analytics.py", line 652, in on_member_update
    before_timeout = before.timed_out_until
                     ^^^^^^^^^^^^^^^^^^^^^^
AttributeError: 'Member' object has no attribute 'timed_out_until'
Ignoring exception in on_member_update
Traceback (most recent call last):
  File "/usr/local/lib/python3.12/site-packages/discord/client.py", line 465, in _run_event
    await coro(*args, **kwargs)
  File "/app/asu_discord/cogs/analytics.py", line 652, in on_member_update
    before_timeout = before.timed_out_until
                     ^^^^^^^^^^^^^^^^^^^^^^
AttributeError: 'Member' object has no attribute 'timed_out_until'
Ignoring exception in on_member_update
Traceback (most recent call last):
  File "/usr/local/lib/python3.12/site-packages/discord/client.py", line 465, in _run_event
    await coro(*args, **kwargs)
  File "/app/asu_discord/cogs/analytics.py", line 652, in on_member_update
    before_timeout = before.timed_out_until
                     ^^^^^^^^^^^^^^^^^^^^^^
AttributeError: 'Member' object has no attribute 'timed_out_until'
Ignoring exception in on_member_update
Traceback (most recent call last):
  File "/usr/local/lib/python3.12/site-packages/discord/client.py", line 465, in _run_event
    await coro(*args, **kwargs)
  File "/app/asu_discord/cogs/analytics.py", line 652, in on_member_update
    before_timeout = before.timed_out_until
                     ^^^^^^^^^^^^^^^^^^^^^^
AttributeError: 'Member' object has no attribute 'timed_out_until'
Ignoring exception in on_member_update
Traceback (most recent call last):
  File "/usr/local/lib/python3.12/site-packages/discord/client.py", line 465, in _run_event
    await coro(*args, **kwargs)
  File "/app/asu_discord/cogs/analytics.py", line 652, in on_member_update
    before_timeout = before.timed_out_until
                     ^^^^^^^^^^^^^^^^^^^^^^
AttributeError: 'Member' object has no attribute 'timed_out_until'
Ignoring exception in on_member_update
Traceback (most recent call last):
  File "/usr/local/lib/python3.12/site-packages/discord/client.py", line 465, in _run_event
    await coro(*args, **kwargs)
  File "/app/asu_discord/cogs/analytics.py", line 652, in on_member_update
    before_timeout = before.timed_out_until
                     ^^^^^^^^^^^^^^^^^^^^^^
AttributeError: 'Member' object has no attribute 'timed_out_until'
INFO:asu_discord.cogs.verification:Saved 5 roles to database for user otheisen (Discord ID: 1488600961382486116)
INFO:asu_discord.cogs.verification:Refreshed Salesforce roles for Discord user 1488600961382486116: -5/+5 roles, assigned=[Arizona Resident, Commited, First Year, Tempe, W.P. Carey School of Business]
Ignoring exception in on_member_update
Traceback (most recent call last):
  File "/usr/local/lib/python3.12/site-packages/discord/client.py", line 465, in _run_event
    await coro(*args, **kwargs)
  File "/app/asu_discord/cogs/analytics.py", line 652, in on_member_update
    before_timeout = before.timed_out_until
                     ^^^^^^^^^^^^^^^^^^^^^^
AttributeError: 'Member' object has no attribute 'timed_out_until'
Ignoring exception in on_member_update
Traceback (most recent call last):
  File "/usr/local/lib/python3.12/site-packages/discord/client.py", line 465, in _run_event
    await coro(*args, **kwargs)
  File "/app/asu_discord/cogs/analytics.py", line 652, in on_member_update
    before_timeout = before.timed_out_until
                     ^^^^^^^^^^^^^^^^^^^^^^
AttributeError: 'Member' object has no attribute 'timed_out_until'
Ignoring exception in on_member_update
Traceback (most recent call last):
  File "/usr/local/lib/python3.12/site-packages/discord/client.py", line 465, in _run_event
    await coro(*args, **kwargs)
  File "/app/asu_discord/cogs/analytics.py", line 652, in on_member_update
    before_timeout = before.timed_out_until
                     ^^^^^^^^^^^^^^^^^^^^^^
AttributeError: 'Member' object has no attribute 'timed_out_until'
Ignoring exception in on_member_update
Traceback (most recent call last):
  File "/usr/local/lib/python3.12/site-packages/discord/client.py", line 465, in _run_event
    await coro(*args, **kwargs)
  File "/app/asu_discord/cogs/analytics.py", line 652, in on_member_update
    before_timeout = before.timed_out_until
                     ^^^^^^^^^^^^^^^^^^^^^^
AttributeError: 'Member' object has no attribute 'timed_out_until'
Ignoring exception in on_member_update
Traceback (most recent call last):
  File "/usr/local/lib/python3.12/site-packages/discord/client.py", line 465, in _run_event
    await coro(*args, **kwargs)
  File "/app/asu_discord/cogs/analytics.py", line 652, in on_member_update
    before_timeout = before.timed_out_until
                     ^^^^^^^^^^^^^^^^^^^^^^
AttributeError: 'Member' object has no attribute 'timed_out_until'
Ignoring exception in on_member_update
Traceback (most recent call last):
  File "/usr/local/lib/python3.12/site-packages/discord/client.py", line 465, in _run_event
    await coro(*args, **kwargs)
  File "/app/asu_discord/cogs/analytics.py", line 652, in on_member_update
    before_timeout = before.timed_out_until
                     ^^^^^^^^^^^^^^^^^^^^^^
AttributeError: 'Member' object has no attribute 'timed_out_until'
Ignoring exception in on_member_update
Traceback (most recent call last):
  File "/usr/local/lib/python3.12/site-packages/discord/client.py", line 465, in _run_event
    await coro(*args, **kwargs)
  File "/app/asu_discord/cogs/analytics.py", line 652, in on_member_update
    before_timeout = before.timed_out_until
                     ^^^^^^^^^^^^^^^^^^^^^^
AttributeError: 'Member' object has no attribute 'timed_out_until'
Ignoring exception in on_member_update
Traceback (most recent call last):
  File "/usr/local/lib/python3.12/site-packages/discord/client.py", line 465, in _run_event
    await coro(*args, **kwargs)
  File "/app/asu_discord/cogs/analytics.py", line 652, in on_member_update
    before_timeout = before.timed_out_until
                     ^^^^^^^^^^^^^^^^^^^^^^
AttributeError: 'Member' object has no attribute 'timed_out_until'
Ignoring exception in on_member_update
Traceback (most recent call last):
  File "/usr/local/lib/python3.12/site-packages/discord/client.py", line 465, in _run_event
    await coro(*args, **kwargs)
  File "/app/asu_discord/cogs/analytics.py", line 652, in on_member_update
    before_timeout = before.timed_out_until
                     ^^^^^^^^^^^^^^^^^^^^^^
AttributeError: 'Member' object has no attribute 'timed_out_until'
INFO:asu_discord.cogs.verification:Saved 5 roles to database for user nmalchow (Discord ID: 1488601590649589781)
INFO:asu_discord.cogs.verification:Refreshed Salesforce roles for Discord user 1488601590649589781: -5/+4 roles, assigned=[Commited, Graduate Student, Herberger Institute for Design and the Arts, Out of State, Tempe]
Ignoring exception in on_member_update
Traceback (most recent call last):
  File "/usr/local/lib/python3.12/site-packages/discord/client.py", line 465, in _run_event
    await coro(*args, **kwargs)
  File "/app/asu_discord/cogs/analytics.py", line 652, in on_member_update
    before_timeout = before.timed_out_until
                     ^^^^^^^^^^^^^^^^^^^^^^
AttributeError: 'Member' object has no attribute 'timed_out_until'
Ignoring exception in on_member_update
Traceback (most recent call last):
  File "/usr/local/lib/python3.12/site-packages/discord/client.py", line 465, in _run_event
    await coro(*args, **kwargs)
  File "/app/asu_discord/cogs/analytics.py", line 652, in on_member_update
    before_timeout = before.timed_out_until
                     ^^^^^^^^^^^^^^^^^^^^^^
AttributeError: 'Member' object has no attribute 'timed_out_until'
Ignoring exception in on_member_update
Traceback (most recent call last):
  File "/usr/local/lib/python3.12/site-packages/discord/client.py", line 465, in _run_event
    await coro(*args, **kwargs)
  File "/app/asu_discord/cogs/analytics.py", line 652, in on_member_update
    before_timeout = before.timed_out_until
                     ^^^^^^^^^^^^^^^^^^^^^^
AttributeError: 'Member' object has no attribute 'timed_out_until'
Ignoring exception in on_member_update
Traceback (most recent call last):
  File "/usr/local/lib/python3.12/site-packages/discord/client.py", line 465, in _run_event
    await coro(*args, **kwargs)
  File "/app/asu_discord/cogs/analytics.py", line 652, in on_member_update
    before_timeout = before.timed_out_until
                     ^^^^^^^^^^^^^^^^^^^^^^
AttributeError: 'Member' object has no attribute 'timed_out_until'
Ignoring exception in on_member_update
Traceback (most recent call last):
  File "/usr/local/lib/python3.12/site-packages/discord/client.py", line 465, in _run_event
    await coro(*args, **kwargs)
  File "/app/asu_discord/cogs/analytics.py", line 652, in on_member_update
    before_timeout = before.timed_out_until
                     ^^^^^^^^^^^^^^^^^^^^^^
AttributeError: 'Member' object has no attribute 'timed_out_until'
Ignoring exception in on_member_update
Traceback (most recent call last):
  File "/usr/local/lib/python3.12/site-packages/discord/client.py", line 465, in _run_event
    await coro(*args, **kwargs)
  File "/app/asu_discord/cogs/analytics.py", line 652, in on_member_update
    before_timeout = before.timed_out_until
                     ^^^^^^^^^^^^^^^^^^^^^^
AttributeError: 'Member' object has no attribute 'timed_out_until'
Ignoring exception in on_member_update
Traceback (most recent call last):
  File "/usr/local/lib/python3.12/site-packages/discord/client.py", line 465, in _run_event
    await coro(*args, **kwargs)
  File "/app/asu_discord/cogs/analytics.py", line 652, in on_member_update
    before_timeout = before.timed_out_until
                     ^^^^^^^^^^^^^^^^^^^^^^
AttributeError: 'Member' object has no attribute 'timed_out_until'
Ignoring exception in on_member_update
Traceback (most recent call last):
  File "/usr/local/lib/python3.12/site-packages/discord/client.py", line 465, in _run_event
    await coro(*args, **kwargs)
  File "/app/asu_discord/cogs/analytics.py", line 652, in on_member_update
    before_timeout = before.timed_out_until
                     ^^^^^^^^^^^^^^^^^^^^^^
AttributeError: 'Member' object has no attribute 'timed_out_until'
Ignoring exception in on_member_update
Traceback (most recent call last):
  File "/usr/local/lib/python3.12/site-packages/discord/client.py", line 465, in _run_event
    await coro(*args, **kwargs)
  File "/app/asu_discord/cogs/analytics.py", line 652, in on_member_update
    before_timeout = before.timed_out_until
                     ^^^^^^^^^^^^^^^^^^^^^^
AttributeError: 'Member' object has no attribute 'timed_out_until'
Ignoring exception in on_member_update
Traceback (most recent call last):
  File "/usr/local/lib/python3.12/site-packages/discord/client.py", line 465, in _run_event
    await coro(*args, **kwargs)
  File "/app/asu_discord/cogs/analytics.py", line 652, in on_member_update
    before_timeout = before.timed_out_until
                     ^^^^^^^^^^^^^^^^^^^^^^
AttributeError: 'Member' object has no attribute 'timed_out_until'
INFO:asu_discord.cogs.verification:Saved 5 roles to database for user glippune (Discord ID: 430446987205148672)
INFO:asu_discord.cogs.verification:Refreshed Salesforce roles for Discord user 430446987205148672: -5/+5 roles, assigned=[First Generation Student, Graduate Student, International Student, Tempe, W.P. Carey School of Business]
Ignoring exception in on_member_update
Traceback (most recent call last):
  File "/usr/local/lib/python3.12/site-packages/discord/client.py", line 465, in _run_event
    await coro(*args, **kwargs)
  File "/app/asu_discord/cogs/analytics.py", line 652, in on_member_update
    before_timeout = before.timed_out_until
                     ^^^^^^^^^^^^^^^^^^^^^^
AttributeError: 'Member' object has no attribute 'timed_out_until'
Ignoring exception in on_member_update
Traceback (most recent call last):
  File "/usr/local/lib/python3.12/site-packages/discord/client.py", line 465, in _run_event
    await coro(*args, **kwargs)
  File "/app/asu_discord/cogs/analytics.py", line 652, in on_member_update
    before_timeout = before.timed_out_until
                     ^^^^^^^^^^^^^^^^^^^^^^
AttributeError: 'Member' object has no attribute 'timed_out_until'
Ignoring exception in on_member_update
Traceback (most recent call last):
  File "/usr/local/lib/python3.12/site-packages/discord/client.py", line 465, in _run_event
    await coro(*args, **kwargs)
  File "/app/asu_discord/cogs/analytics.py", line 652, in on_member_update
    before_timeout = before.timed_out_until
                     ^^^^^^^^^^^^^^^^^^^^^^
AttributeError: 'Member' object has no attribute 'timed_out_until'
Ignoring exception in on_member_update
Traceback (most recent call last):
  File "/usr/local/lib/python3.12/site-packages/discord/client.py", line 465, in _run_event
    await coro(*args, **kwargs)
  File "/app/asu_discord/cogs/analytics.py", line 652, in on_member_update
    before_timeout = before.timed_out_until
                     ^^^^^^^^^^^^^^^^^^^^^^
AttributeError: 'Member' object has no attribute 'timed_out_until'
Ignoring exception in on_member_update
Traceback (most recent call last):
  File "/usr/local/lib/python3.12/site-packages/discord/client.py", line 465, in _run_event
    await coro(*args, **kwargs)
  File "/app/asu_discord/cogs/analytics.py", line 652, in on_member_update
    before_timeout = before.timed_out_until
                     ^^^^^^^^^^^^^^^^^^^^^^
AttributeError: 'Member' object has no attribute 'timed_out_until'
Ignoring exception in on_member_update
Traceback (most recent call last):
  File "/usr/local/lib/python3.12/site-packages/discord/client.py", line 465, in _run_event
    await coro(*args, **kwargs)
  File "/app/asu_discord/cogs/analytics.py", line 652, in on_member_update
    before_timeout = before.timed_out_until
                     ^^^^^^^^^^^^^^^^^^^^^^
AttributeError: 'Member' object has no attribute 'timed_out_until'
Ignoring exception in on_member_update
Traceback (most recent call last):
  File "/usr/local/lib/python3.12/site-packages/discord/client.py", line 465, in _run_event
    await coro(*args, **kwargs)
  File "/app/asu_discord/cogs/analytics.py", line 652, in on_member_update
    before_timeout = before.timed_out_until
                     ^^^^^^^^^^^^^^^^^^^^^^
AttributeError: 'Member' object has no attribute 'timed_out_until'
ERROR:cron.jobs:refresh_salesforce_roles: failed for ofakoya (Discord ID 1080341654575259658): Timed out refresh Salesforce-based roles
Ignoring exception in on_member_update
Traceback (most recent call last):
  File "/usr/local/lib/python3.12/site-packages/discord/client.py", line 465, in _run_event
    await coro(*args, **kwargs)
  File "/app/asu_discord/cogs/analytics.py", line 652, in on_member_update
    before_timeout = before.timed_out_until
                     ^^^^^^^^^^^^^^^^^^^^^^
AttributeError: 'Member' object has no attribute 'timed_out_until'
Ignoring exception in on_member_update
Traceback (most recent call last):
  File "/usr/local/lib/python3.12/site-packages/discord/client.py", line 465, in _run_event
    await coro(*args, **kwargs)
  File "/app/asu_discord/cogs/analytics.py", line 652, in on_member_update
    before_timeout = before.timed_out_until
                     ^^^^^^^^^^^^^^^^^^^^^^
AttributeError: 'Member' object has no attribute 'timed_out_until'
Ignoring exception in on_member_update
Traceback (most recent call last):
  File "/usr/local/lib/python3.12/site-packages/discord/client.py", line 465, in _run_event
    await coro(*args, **kwargs)
  File "/app/asu_discord/cogs/analytics.py", line 652, in on_member_update
    before_timeout = before.timed_out_until
                     ^^^^^^^^^^^^^^^^^^^^^^
AttributeError: 'Member' object has no attribute 'timed_out_until'
Ignoring exception in on_member_update
Traceback (most recent call last):
  File "/usr/local/lib/python3.12/site-packages/discord/client.py", line 465, in _run_event
    await coro(*args, **kwargs)
  File "/app/asu_discord/cogs/analytics.py", line 652, in on_member_update
    before_timeout = before.timed_out_until
                     ^^^^^^^^^^^^^^^^^^^^^^
AttributeError: 'Member' object has no attribute 'timed_out_until'
Ignoring exception in on_member_update
Traceback (most recent call last):
  File "/usr/local/lib/python3.12/site-packages/discord/client.py", line 465, in _run_event
    await coro(*args, **kwargs)
  File "/app/asu_discord/cogs/analytics.py", line 652, in on_member_update
    before_timeout = before.timed_out_until
                     ^^^^^^^^^^^^^^^^^^^^^^
AttributeError: 'Member' object has no attribute 'timed_out_until'
Ignoring exception in on_member_update
Traceback (most recent call last):
  File "/usr/local/lib/python3.12/site-packages/discord/client.py", line 465, in _run_event
    await coro(*args, **kwargs)
  File "/app/asu_discord/cogs/analytics.py", line 652, in on_member_update
    before_timeout = before.timed_out_until
                     ^^^^^^^^^^^^^^^^^^^^^^
AttributeError: 'Member' object has no attribute 'timed_out_until'
Ignoring exception in on_member_update
Traceback (most recent call last):
  File "/usr/local/lib/python3.12/site-packages/discord/client.py", line 465, in _run_event
    await coro(*args, **kwargs)
  File "/app/asu_discord/cogs/analytics.py", line 652, in on_member_update
    before_timeout = before.timed_out_until
                     ^^^^^^^^^^^^^^^^^^^^^^
AttributeError: 'Member' object has no attribute 'timed_out_until'
Ignoring exception in on_member_update
Traceback (most recent call last):
  File "/usr/local/lib/python3.12/site-packages/discord/client.py", line 465, in _run_event
    await coro(*args, **kwargs)
  File "/app/asu_discord/cogs/analytics.py", line 652, in on_member_update
    before_timeout = before.timed_out_until
                     ^^^^^^^^^^^^^^^^^^^^^^
AttributeError: 'Member' object has no attribute 'timed_out_until'
Ignoring exception in on_member_update
Traceback (most recent call last):
  File "/usr/local/lib/python3.12/site-packages/discord/client.py", line 465, in _run_event
    await coro(*args, **kwargs)
  File "/app/asu_discord/cogs/analytics.py", line 652, in on_member_update
    before_timeout = before.timed_out_until
                     ^^^^^^^^^^^^^^^^^^^^^^
AttributeError: 'Member' object has no attribute 'timed_out_until'
Ignoring exception in on_member_update
Traceback (most recent call last):
  File "/usr/local/lib/python3.12/site-packages/discord/client.py", line 465, in _run_event
    await coro(*args, **kwargs)
  File "/app/asu_discord/cogs/analytics.py", line 652, in on_member_update
    before_timeout = before.timed_out_until
                     ^^^^^^^^^^^^^^^^^^^^^^
AttributeError: 'Member' object has no attribute 'timed_out_until'
INFO:asu_discord.cogs.verification:Saved 5 roles to database for user jramosdo (Discord ID: 526944161673379852)
INFO:asu_discord.cogs.verification:Refreshed Salesforce roles for Discord user 526944161673379852: -5/+4 roles, assigned=[Arizona Resident, First Generation Student, First Year, Ira A. Fulton Schools of Engineering, Tempe]
ERROR:cron.jobs:refresh_salesforce_roles: failed for ealtuwal (Discord ID 580548510957568000): Failed to refresh Salesforce-based roles: Discord user 580548510957568000 is not a member of the guild
Ignoring exception in on_member_update
Traceback (most recent call last):
  File "/usr/local/lib/python3.12/site-packages/discord/client.py", line 465, in _run_event
    await coro(*args, **kwargs)
  File "/app/asu_discord/cogs/analytics.py", line 652, in on_member_update
    before_timeout = before.timed_out_until
                     ^^^^^^^^^^^^^^^^^^^^^^
AttributeError: 'Member' object has no attribute 'timed_out_until'
Ignoring exception in on_member_update
Traceback (most recent call last):
  File "/usr/local/lib/python3.12/site-packages/discord/client.py", line 465, in _run_event
    await coro(*args, **kwargs)
  File "/app/asu_discord/cogs/analytics.py", line 652, in on_member_update
    before_timeout = before.timed_out_until
                     ^^^^^^^^^^^^^^^^^^^^^^
AttributeError: 'Member' object has no attribute 'timed_out_until'
Ignoring exception in on_member_update
Traceback (most recent call last):
  File "/usr/local/lib/python3.12/site-packages/discord/client.py", line 465, in _run_event
    await coro(*args, **kwargs)
  File "/app/asu_discord/cogs/analytics.py", line 652, in on_member_update
    before_timeout = before.timed_out_until
                     ^^^^^^^^^^^^^^^^^^^^^^
AttributeError: 'Member' object has no attribute 'timed_out_until'
Ignoring exception in on_member_update
Traceback (most recent call last):
  File "/usr/local/lib/python3.12/site-packages/discord/client.py", line 465, in _run_event
    await coro(*args, **kwargs)
  File "/app/asu_discord/cogs/analytics.py", line 652, in on_member_update
    before_timeout = before.timed_out_until
                     ^^^^^^^^^^^^^^^^^^^^^^
AttributeError: 'Member' object has no attribute 'timed_out_until'
Ignoring exception in on_member_update
Traceback (most recent call last):
  File "/usr/local/lib/python3.12/site-packages/discord/client.py", line 465, in _run_event
    await coro(*args, **kwargs)
  File "/app/asu_discord/cogs/analytics.py", line 652, in on_member_update
    before_timeout = before.timed_out_until
                     ^^^^^^^^^^^^^^^^^^^^^^
AttributeError: 'Member' object has no attribute 'timed_out_until'
Ignoring exception in on_member_update
Traceback (most recent call last):
  File "/usr/local/lib/python3.12/site-packages/discord/client.py", line 465, in _run_event
    await coro(*args, **kwargs)
  File "/app/asu_discord/cogs/analytics.py", line 652, in on_member_update
    before_timeout = before.timed_out_until
                     ^^^^^^^^^^^^^^^^^^^^^^
AttributeError: 'Member' object has no attribute 'timed_out_until'
Ignoring exception in on_member_update
Traceback (most recent call last):
  File "/usr/local/lib/python3.12/site-packages/discord/client.py", line 465, in _run_event
    await coro(*args, **kwargs)
  File "/app/asu_discord/cogs/analytics.py", line 652, in on_member_update
    before_timeout = before.timed_out_until
                     ^^^^^^^^^^^^^^^^^^^^^^
AttributeError: 'Member' object has no attribute 'timed_out_until'
Ignoring exception in on_member_update
Traceback (most recent call last):
  File "/usr/local/lib/python3.12/site-packages/discord/client.py", line 465, in _run_event
    await coro(*args, **kwargs)
  File "/app/asu_discord/cogs/analytics.py", line 652, in on_member_update
    before_timeout = before.timed_out_until
                     ^^^^^^^^^^^^^^^^^^^^^^
AttributeError: 'Member' object has no attribute 'timed_out_until'
Ignoring exception in on_member_update
Traceback (most recent call last):
  File "/usr/local/lib/python3.12/site-packages/discord/client.py", line 465, in _run_event
    await coro(*args, **kwargs)
  File "/app/asu_discord/cogs/analytics.py", line 652, in on_member_update
    before_timeout = before.timed_out_until
                     ^^^^^^^^^^^^^^^^^^^^^^
AttributeError: 'Member' object has no attribute 'timed_out_until'
Ignoring exception in on_member_update
Traceback (most recent call last):
  File "/usr/local/lib/python3.12/site-packages/discord/client.py", line 465, in _run_event
    await coro(*args, **kwargs)
  File "/app/asu_discord/cogs/analytics.py", line 652, in on_member_update
    before_timeout = before.timed_out_until
                     ^^^^^^^^^^^^^^^^^^^^^^
AttributeError: 'Member' object has no attribute 'timed_out_until'
INFO:asu_discord.cogs.verification:Saved 5 roles to database for user kalittl8 (Discord ID: 1488657392009740528)
INFO:asu_discord.cogs.verification:Refreshed Salesforce roles for Discord user 1488657392009740528: -5/+5 roles, assigned=[Commited, Downtown Phoenix, First Year, Out of State, Walter Cronkite School of Journalism and Mass Communication]
Ignoring exception in on_member_update
Traceback (most recent call last):
  File "/usr/local/lib/python3.12/site-packages/discord/client.py", line 465, in _run_event
    await coro(*args, **kwargs)
  File "/app/asu_discord/cogs/analytics.py", line 652, in on_member_update
    before_timeout = before.timed_out_until
                     ^^^^^^^^^^^^^^^^^^^^^^
AttributeError: 'Member' object has no attribute 'timed_out_until'
Ignoring exception in on_member_update
Traceback (most recent call last):
  File "/usr/local/lib/python3.12/site-packages/discord/client.py", line 465, in _run_event
    await coro(*args, **kwargs)
  File "/app/asu_discord/cogs/analytics.py", line 652, in on_member_update
    before_timeout = before.timed_out_until
                     ^^^^^^^^^^^^^^^^^^^^^^
AttributeError: 'Member' object has no attribute 'timed_out_until'
Ignoring exception in on_member_update
Traceback (most recent call last):
  File "/usr/local/lib/python3.12/site-packages/discord/client.py", line 465, in _run_event
    await coro(*args, **kwargs)
  File "/app/asu_discord/cogs/analytics.py", line 652, in on_member_update
    before_timeout = before.timed_out_until
                     ^^^^^^^^^^^^^^^^^^^^^^
AttributeError: 'Member' object has no attribute 'timed_out_until'
Ignoring exception in on_member_update
Traceback (most recent call last):
  File "/usr/local/lib/python3.12/site-packages/discord/client.py", line 465, in _run_event
    await coro(*args, **kwargs)
  File "/app/asu_discord/cogs/analytics.py", line 652, in on_member_update
    before_timeout = before.timed_out_until
                     ^^^^^^^^^^^^^^^^^^^^^^
AttributeError: 'Member' object has no attribute 'timed_out_until'
Ignoring exception in on_member_update
Traceback (most recent call last):
  File "/usr/local/lib/python3.12/site-packages/discord/client.py", line 465, in _run_event
    await coro(*args, **kwargs)
  File "/app/asu_discord/cogs/analytics.py", line 652, in on_member_update
    before_timeout = before.timed_out_until
                     ^^^^^^^^^^^^^^^^^^^^^^
AttributeError: 'Member' object has no attribute 'timed_out_until'
Ignoring exception in on_member_update
Traceback (most recent call last):
  File "/usr/local/lib/python3.12/site-packages/discord/client.py", line 465, in _run_event
    await coro(*args, **kwargs)
  File "/app/asu_discord/cogs/analytics.py", line 652, in on_member_update
    before_timeout = before.timed_out_until
                     ^^^^^^^^^^^^^^^^^^^^^^
AttributeError: 'Member' object has no attribute 'timed_out_until'
Ignoring exception in on_member_update
Traceback (most recent call last):
  File "/usr/local/lib/python3.12/site-packages/discord/client.py", line 465, in _run_event
    await coro(*args, **kwargs)
  File "/app/asu_discord/cogs/analytics.py", line 652, in on_member_update
    before_timeout = before.timed_out_until
                     ^^^^^^^^^^^^^^^^^^^^^^
AttributeError: 'Member' object has no attribute 'timed_out_until'
Ignoring exception in on_member_update
Traceback (most recent call last):
  File "/usr/local/lib/python3.12/site-packages/discord/client.py", line 465, in _run_event
    await coro(*args, **kwargs)
  File "/app/asu_discord/cogs/analytics.py", line 652, in on_member_update
    before_timeout = before.timed_out_until
                     ^^^^^^^^^^^^^^^^^^^^^^
AttributeError: 'Member' object has no attribute 'timed_out_until'
Ignoring exception in on_member_update
Traceback (most recent call last):
  File "/usr/local/lib/python3.12/site-packages/discord/client.py", line 465, in _run_event
    await coro(*args, **kwargs)
  File "/app/asu_discord/cogs/analytics.py", line 652, in on_member_update
    before_timeout = before.timed_out_until
                     ^^^^^^^^^^^^^^^^^^^^^^
AttributeError: 'Member' object has no attribute 'timed_out_until'
INFO:asu_discord.cogs.verification:Saved 5 roles to database for user ntapiach (Discord ID: 576240993633042442)
INFO:asu_discord.cogs.verification:Refreshed Salesforce roles for Discord user 576240993633042442: -5/+4 roles, assigned=[Arizona Resident, Commited, Ira A. Fulton Schools of Engineering, Polytechnic, Transfer Student]
Ignoring exception in on_member_update
Traceback (most recent call last):
  File "/usr/local/lib/python3.12/site-packages/discord/client.py", line 465, in _run_event
    await coro(*args, **kwargs)
  File "/app/asu_discord/cogs/analytics.py", line 652, in on_member_update
    before_timeout = before.timed_out_until
                     ^^^^^^^^^^^^^^^^^^^^^^
AttributeError: 'Member' object has no attribute 'timed_out_until'
Ignoring exception in on_member_update
Traceback (most recent call last):
  File "/usr/local/lib/python3.12/site-packages/discord/client.py", line 465, in _run_event
    await coro(*args, **kwargs)
  File "/app/asu_discord/cogs/analytics.py", line 652, in on_member_update
    before_timeout = before.timed_out_until
                     ^^^^^^^^^^^^^^^^^^^^^^
AttributeError: 'Member' object has no attribute 'timed_out_until'
Ignoring exception in on_member_update
Traceback (most recent call last):
  File "/usr/local/lib/python3.12/site-packages/discord/client.py", line 465, in _run_event
    await coro(*args, **kwargs)
  File "/app/asu_discord/cogs/analytics.py", line 652, in on_member_update
    before_timeout = before.timed_out_until
                     ^^^^^^^^^^^^^^^^^^^^^^
AttributeError: 'Member' object has no attribute 'timed_out_until'
Ignoring exception in on_member_update
Traceback (most recent call last):
  File "/usr/local/lib/python3.12/site-packages/discord/client.py", line 465, in _run_event
    await coro(*args, **kwargs)
  File "/app/asu_discord/cogs/analytics.py", line 652, in on_member_update
    before_timeout = before.timed_out_until
                     ^^^^^^^^^^^^^^^^^^^^^^
AttributeError: 'Member' object has no attribute 'timed_out_until'
Ignoring exception in on_member_update
Traceback (most recent call last):
  File "/usr/local/lib/python3.12/site-packages/discord/client.py", line 465, in _run_event
    await coro(*args, **kwargs)
  File "/app/asu_discord/cogs/analytics.py", line 652, in on_member_update
    before_timeout = before.timed_out_until
                     ^^^^^^^^^^^^^^^^^^^^^^
AttributeError: 'Member' object has no attribute 'timed_out_until'
Ignoring exception in on_member_update
Traceback (most recent call last):
  File "/usr/local/lib/python3.12/site-packages/discord/client.py", line 465, in _run_event
    await coro(*args, **kwargs)
  File "/app/asu_discord/cogs/analytics.py", line 652, in on_member_update
    before_timeout = before.timed_out_until
                     ^^^^^^^^^^^^^^^^^^^^^^
AttributeError: 'Member' object has no attribute 'timed_out_until'
Ignoring exception in on_member_update
Traceback (most recent call last):
  File "/usr/local/lib/python3.12/site-packages/discord/client.py", line 465, in _run_event
    await coro(*args, **kwargs)
  File "/app/asu_discord/cogs/analytics.py", line 652, in on_member_update
    before_timeout = before.timed_out_until
                     ^^^^^^^^^^^^^^^^^^^^^^
AttributeError: 'Member' object has no attribute 'timed_out_until'
Ignoring exception in on_member_update
Traceback (most recent call last):
  File "/usr/local/lib/python3.12/site-packages/discord/client.py", line 465, in _run_event
    await coro(*args, **kwargs)
  File "/app/asu_discord/cogs/analytics.py", line 652, in on_member_update
    before_timeout = before.timed_out_until
                     ^^^^^^^^^^^^^^^^^^^^^^
AttributeError: 'Member' object has no attribute 'timed_out_until'
Ignoring exception in on_member_update
Traceback (most recent call last):
  File "/usr/local/lib/python3.12/site-packages/discord/client.py", line 465, in _run_event
    await coro(*args, **kwargs)
  File "/app/asu_discord/cogs/analytics.py", line 652, in on_member_update
    before_timeout = before.timed_out_until
                     ^^^^^^^^^^^^^^^^^^^^^^
AttributeError: 'Member' object has no attribute 'timed_out_until'
INFO:asu_discord.cogs.verification:Saved 5 roles to database for user lrodr227 (Discord ID: 756606575119958028)
INFO:asu_discord.cogs.verification:Refreshed Salesforce roles for Discord user 756606575119958028: -5/+4 roles, assigned=[Arizona Resident, Commited, First Year, Tempe, W.P. Carey School of Business]
Ignoring exception in on_member_update
Traceback (most recent call last):
  File "/usr/local/lib/python3.12/site-packages/discord/client.py", line 465, in _run_event
    await coro(*args, **kwargs)
  File "/app/asu_discord/cogs/analytics.py", line 652, in on_member_update
    before_timeout = before.timed_out_until
                     ^^^^^^^^^^^^^^^^^^^^^^
AttributeError: 'Member' object has no attribute 'timed_out_until'
Ignoring exception in on_member_update
Traceback (most recent call last):
  File "/usr/local/lib/python3.12/site-packages/discord/client.py", line 465, in _run_event
    await coro(*args, **kwargs)
  File "/app/asu_discord/cogs/analytics.py", line 652, in on_member_update
    before_timeout = before.timed_out_until
                     ^^^^^^^^^^^^^^^^^^^^^^
AttributeError: 'Member' object has no attribute 'timed_out_until'
Ignoring exception in on_member_update
Traceback (most recent call last):
  File "/usr/local/lib/python3.12/site-packages/discord/client.py", line 465, in _run_event
    await coro(*args, **kwargs)
  File "/app/asu_discord/cogs/analytics.py", line 652, in on_member_update
    before_timeout = before.timed_out_until
                     ^^^^^^^^^^^^^^^^^^^^^^
AttributeError: 'Member' object has no attribute 'timed_out_until'
Ignoring exception in on_member_update
Traceback (most recent call last):
  File "/usr/local/lib/python3.12/site-packages/discord/client.py", line 465, in _run_event
    await coro(*args, **kwargs)
  File "/app/asu_discord/cogs/analytics.py", line 652, in on_member_update
    before_timeout = before.timed_out_until
                     ^^^^^^^^^^^^^^^^^^^^^^
AttributeError: 'Member' object has no attribute 'timed_out_until'
Ignoring exception in on_member_update
Traceback (most recent call last):
  File "/usr/local/lib/python3.12/site-packages/discord/client.py", line 465, in _run_event
    await coro(*args, **kwargs)
  File "/app/asu_discord/cogs/analytics.py", line 652, in on_member_update
    before_timeout = before.timed_out_until
                     ^^^^^^^^^^^^^^^^^^^^^^
AttributeError: 'Member' object has no attribute 'timed_out_until'
Ignoring exception in on_member_update
Traceback (most recent call last):
  File "/usr/local/lib/python3.12/site-packages/discord/client.py", line 465, in _run_event
    await coro(*args, **kwargs)
  File "/app/asu_discord/cogs/analytics.py", line 652, in on_member_update
    before_timeout = before.timed_out_until
                     ^^^^^^^^^^^^^^^^^^^^^^
AttributeError: 'Member' object has no attribute 'timed_out_until'
Ignoring exception in on_member_update
Traceback (most recent call last):
  File "/usr/local/lib/python3.12/site-packages/discord/client.py", line 465, in _run_event
    await coro(*args, **kwargs)
  File "/app/asu_discord/cogs/analytics.py", line 652, in on_member_update
    before_timeout = before.timed_out_until
                     ^^^^^^^^^^^^^^^^^^^^^^
AttributeError: 'Member' object has no attribute 'timed_out_until'
Ignoring exception in on_member_update
Traceback (most recent call last):
  File "/usr/local/lib/python3.12/site-packages/discord/client.py", line 465, in _run_event
    await coro(*args, **kwargs)
  File "/app/asu_discord/cogs/analytics.py", line 652, in on_member_update
    before_timeout = before.timed_out_until
                     ^^^^^^^^^^^^^^^^^^^^^^
AttributeError: 'Member' object has no attribute 'timed_out_until'
Ignoring exception in on_member_update
Traceback (most recent call last):
  File "/usr/local/lib/python3.12/site-packages/discord/client.py", line 465, in _run_event
    await coro(*args, **kwargs)
  File "/app/asu_discord/cogs/analytics.py", line 652, in on_member_update
    before_timeout = before.timed_out_until
                     ^^^^^^^^^^^^^^^^^^^^^^
AttributeError: 'Member' object has no attribute 'timed_out_until'
Ignoring exception in on_member_update
Traceback (most recent call last):
  File "/usr/local/lib/python3.12/site-packages/discord/client.py", line 465, in _run_event
    await coro(*args, **kwargs)
  File "/app/asu_discord/cogs/analytics.py", line 652, in on_member_update
    before_timeout = before.timed_out_until
                     ^^^^^^^^^^^^^^^^^^^^^^
AttributeError: 'Member' object has no attribute 'timed_out_until'
INFO:asu_discord.cogs.verification:Saved 5 roles to database for user apichar8 (Discord ID: 834240998086410242)
INFO:asu_discord.cogs.verification:Refreshed Salesforce roles for Discord user 834240998086410242: -5/+5 roles, assigned=[Arizona Resident, First Generation Student, First Year, Herberger Institute for Design and the Arts, Tempe]
Ignoring exception in on_member_update
Traceback (most recent call last):
  File "/usr/local/lib/python3.12/site-packages/discord/client.py", line 465, in _run_event
    await coro(*args, **kwargs)
  File "/app/asu_discord/cogs/analytics.py", line 652, in on_member_update
    before_timeout = before.timed_out_until
                     ^^^^^^^^^^^^^^^^^^^^^^
AttributeError: 'Member' object has no attribute 'timed_out_until'
Ignoring exception in on_member_update
Traceback (most recent call last):
  File "/usr/local/lib/python3.12/site-packages/discord/client.py", line 465, in _run_event
    await coro(*args, **kwargs)
  File "/app/asu_discord/cogs/analytics.py", line 652, in on_member_update
    before_timeout = before.timed_out_until
                     ^^^^^^^^^^^^^^^^^^^^^^
AttributeError: 'Member' object has no attribute 'timed_out_until'
Ignoring exception in on_member_update
Traceback (most recent call last):
  File "/usr/local/lib/python3.12/site-packages/discord/client.py", line 465, in _run_event
    await coro(*args, **kwargs)
  File "/app/asu_discord/cogs/analytics.py", line 652, in on_member_update
    before_timeout = before.timed_out_until
                     ^^^^^^^^^^^^^^^^^^^^^^
AttributeError: 'Member' object has no attribute 'timed_out_until'
Ignoring exception in on_member_update
Traceback (most recent call last):
  File "/usr/local/lib/python3.12/site-packages/discord/client.py", line 465, in _run_event
    await coro(*args, **kwargs)
  File "/app/asu_discord/cogs/analytics.py", line 652, in on_member_update
    before_timeout = before.timed_out_until
                     ^^^^^^^^^^^^^^^^^^^^^^
AttributeError: 'Member' object has no attribute 'timed_out_until'
Ignoring exception in on_member_update
Traceback (most recent call last):
  File "/usr/local/lib/python3.12/site-packages/discord/client.py", line 465, in _run_event
    await coro(*args, **kwargs)
  File "/app/asu_discord/cogs/analytics.py", line 652, in on_member_update
    before_timeout = before.timed_out_until
                     ^^^^^^^^^^^^^^^^^^^^^^
AttributeError: 'Member' object has no attribute 'timed_out_until'
Ignoring exception in on_member_update
Traceback (most recent call last):
  File "/usr/local/lib/python3.12/site-packages/discord/client.py", line 465, in _run_event
    await coro(*args, **kwargs)
  File "/app/asu_discord/cogs/analytics.py", line 652, in on_member_update
    before_timeout = before.timed_out_until
                     ^^^^^^^^^^^^^^^^^^^^^^
AttributeError: 'Member' object has no attribute 'timed_out_until'
Ignoring exception in on_member_update
Traceback (most recent call last):
  File "/usr/local/lib/python3.12/site-packages/discord/client.py", line 465, in _run_event
    await coro(*args, **kwargs)
  File "/app/asu_discord/cogs/analytics.py", line 652, in on_member_update
    before_timeout = before.timed_out_until
                     ^^^^^^^^^^^^^^^^^^^^^^
AttributeError: 'Member' object has no attribute 'timed_out_until'
Ignoring exception in on_member_update
Traceback (most recent call last):
  File "/usr/local/lib/python3.12/site-packages/discord/client.py", line 465, in _run_event
    await coro(*args, **kwargs)
  File "/app/asu_discord/cogs/analytics.py", line 652, in on_member_update
    before_timeout = before.timed_out_until
                     ^^^^^^^^^^^^^^^^^^^^^^
AttributeError: 'Member' object has no attribute 'timed_out_until'
Ignoring exception in on_member_update
Traceback (most recent call last):
  File "/usr/local/lib/python3.12/site-packages/discord/client.py", line 465, in _run_event
    await coro(*args, **kwargs)
  File "/app/asu_discord/cogs/analytics.py", line 652, in on_member_update
    before_timeout = before.timed_out_until
                     ^^^^^^^^^^^^^^^^^^^^^^
AttributeError: 'Member' object has no attribute 'timed_out_until'
Ignoring exception in on_member_update
Traceback (most recent call last):
  File "/usr/local/lib/python3.12/site-packages/discord/client.py", line 465, in _run_event
    await coro(*args, **kwargs)
  File "/app/asu_discord/cogs/analytics.py", line 652, in on_member_update
    before_timeout = before.timed_out_until
                     ^^^^^^^^^^^^^^^^^^^^^^
AttributeError: 'Member' object has no attribute 'timed_out_until'
INFO:asu_discord.cogs.verification:Saved 5 roles to database for user mmkell23 (Discord ID: 702354218346086500)
INFO:asu_discord.cogs.verification:Refreshed Salesforce roles for Discord user 702354218346086500: -5/+5 roles, assigned=[Commited, First Year, Out of State, Tempe, W.P. Carey School of Business]
Ignoring exception in on_member_update
Traceback (most recent call last):
  File "/usr/local/lib/python3.12/site-packages/discord/client.py", line 465, in _run_event
    await coro(*args, **kwargs)
  File "/app/asu_discord/cogs/analytics.py", line 652, in on_member_update
    before_timeout = before.timed_out_until
                     ^^^^^^^^^^^^^^^^^^^^^^
AttributeError: 'Member' object has no attribute 'timed_out_until'
Ignoring exception in on_member_update
Traceback (most recent call last):
  File "/usr/local/lib/python3.12/site-packages/discord/client.py", line 465, in _run_event
    await coro(*args, **kwargs)
  File "/app/asu_discord/cogs/analytics.py", line 652, in on_member_update
    before_timeout = before.timed_out_until
                     ^^^^^^^^^^^^^^^^^^^^^^
AttributeError: 'Member' object has no attribute 'timed_out_until'
Ignoring exception in on_member_update
Traceback (most recent call last):
  File "/usr/local/lib/python3.12/site-packages/discord/client.py", line 465, in _run_event
    await coro(*args, **kwargs)
  File "/app/asu_discord/cogs/analytics.py", line 652, in on_member_update
    before_timeout = before.timed_out_until
                     ^^^^^^^^^^^^^^^^^^^^^^
AttributeError: 'Member' object has no attribute 'timed_out_until'
Ignoring exception in on_member_update
Traceback (most recent call last):
  File "/usr/local/lib/python3.12/site-packages/discord/client.py", line 465, in _run_event
    await coro(*args, **kwargs)
  File "/app/asu_discord/cogs/analytics.py", line 652, in on_member_update
    before_timeout = before.timed_out_until
                     ^^^^^^^^^^^^^^^^^^^^^^
AttributeError: 'Member' object has no attribute 'timed_out_until'
Ignoring exception in on_member_update
Traceback (most recent call last):
  File "/usr/local/lib/python3.12/site-packages/discord/client.py", line 465, in _run_event
    await coro(*args, **kwargs)
  File "/app/asu_discord/cogs/analytics.py", line 652, in on_member_update
    before_timeout = before.timed_out_until
                     ^^^^^^^^^^^^^^^^^^^^^^
AttributeError: 'Member' object has no attribute 'timed_out_until'
Ignoring exception in on_member_update
Traceback (most recent call last):
  File "/usr/local/lib/python3.12/site-packages/discord/client.py", line 465, in _run_event
    await coro(*args, **kwargs)
  File "/app/asu_discord/cogs/analytics.py", line 652, in on_member_update
    before_timeout = before.timed_out_until
                     ^^^^^^^^^^^^^^^^^^^^^^
AttributeError: 'Member' object has no attribute 'timed_out_until'
Ignoring exception in on_member_update
Traceback (most recent call last):
  File "/usr/local/lib/python3.12/site-packages/discord/client.py", line 465, in _run_event
    await coro(*args, **kwargs)
  File "/app/asu_discord/cogs/analytics.py", line 652, in on_member_update
    before_timeout = before.timed_out_until
                     ^^^^^^^^^^^^^^^^^^^^^^
AttributeError: 'Member' object has no attribute 'timed_out_until'
Ignoring exception in on_member_update
Traceback (most recent call last):
  File "/usr/local/lib/python3.12/site-packages/discord/client.py", line 465, in _run_event
    await coro(*args, **kwargs)
  File "/app/asu_discord/cogs/analytics.py", line 652, in on_member_update
    before_timeout = before.timed_out_until
                     ^^^^^^^^^^^^^^^^^^^^^^
AttributeError: 'Member' object has no attribute 'timed_out_until'
Ignoring exception in on_member_update
Traceback (most recent call last):
  File "/usr/local/lib/python3.12/site-packages/discord/client.py", line 465, in _run_event
    await coro(*args, **kwargs)
  File "/app/asu_discord/cogs/analytics.py", line 652, in on_member_update
    before_timeout = before.timed_out_until
                     ^^^^^^^^^^^^^^^^^^^^^^
AttributeError: 'Member' object has no attribute 'timed_out_until'
Ignoring exception in on_member_update
Traceback (most recent call last):
  File "/usr/local/lib/python3.12/site-packages/discord/client.py", line 465, in _run_event
    await coro(*args, **kwargs)
  File "/app/asu_discord/cogs/analytics.py", line 652, in on_member_update
    before_timeout = before.timed_out_until
                     ^^^^^^^^^^^^^^^^^^^^^^
AttributeError: 'Member' object has no attribute 'timed_out_until'
INFO:asu_discord.cogs.verification:Saved 5 roles to database for user tgilstri (Discord ID: 524548499187040268)
INFO:asu_discord.cogs.verification:Refreshed Salesforce roles for Discord user 524548499187040268: -5/+5 roles, assigned=[Commited, First Year, International Student, Tempe, W.P. Carey School of Business]
Ignoring exception in on_member_update
Traceback (most recent call last):
  File "/usr/local/lib/python3.12/site-packages/discord/client.py", line 465, in _run_event
    await coro(*args, **kwargs)
  File "/app/asu_discord/cogs/analytics.py", line 652, in on_member_update
    before_timeout = before.timed_out_until
                     ^^^^^^^^^^^^^^^^^^^^^^
AttributeError: 'Member' object has no attribute 'timed_out_until'
Ignoring exception in on_member_update
Traceback (most recent call last):
  File "/usr/local/lib/python3.12/site-packages/discord/client.py", line 465, in _run_event
    await coro(*args, **kwargs)
  File "/app/asu_discord/cogs/analytics.py", line 652, in on_member_update
    before_timeout = before.timed_out_until
                     ^^^^^^^^^^^^^^^^^^^^^^
AttributeError: 'Member' object has no attribute 'timed_out_until'
Ignoring exception in on_member_update
Traceback (most recent call last):
  File "/usr/local/lib/python3.12/site-packages/discord/client.py", line 465, in _run_event
    await coro(*args, **kwargs)
  File "/app/asu_discord/cogs/analytics.py", line 652, in on_member_update
    before_timeout = before.timed_out_until
                     ^^^^^^^^^^^^^^^^^^^^^^
AttributeError: 'Member' object has no attribute 'timed_out_until'
Ignoring exception in on_member_update
Traceback (most recent call last):
  File "/usr/local/lib/python3.12/site-packages/discord/client.py", line 465, in _run_event
    await coro(*args, **kwargs)
  File "/app/asu_discord/cogs/analytics.py", line 652, in on_member_update
    before_timeout = before.timed_out_until
                     ^^^^^^^^^^^^^^^^^^^^^^
AttributeError: 'Member' object has no attribute 'timed_out_until'
Ignoring exception in on_member_update
Traceback (most recent call last):
  File "/usr/local/lib/python3.12/site-packages/discord/client.py", line 465, in _run_event
    await coro(*args, **kwargs)
  File "/app/asu_discord/cogs/analytics.py", line 652, in on_member_update
    before_timeout = before.timed_out_until
                     ^^^^^^^^^^^^^^^^^^^^^^
AttributeError: 'Member' object has no attribute 'timed_out_until'
Ignoring exception in on_member_update
Traceback (most recent call last):
  File "/usr/local/lib/python3.12/site-packages/discord/client.py", line 465, in _run_event
    await coro(*args, **kwargs)
  File "/app/asu_discord/cogs/analytics.py", line 652, in on_member_update
    before_timeout = before.timed_out_until
                     ^^^^^^^^^^^^^^^^^^^^^^
AttributeError: 'Member' object has no attribute 'timed_out_until'
Ignoring exception in on_member_update
Traceback (most recent call last):
  File "/usr/local/lib/python3.12/site-packages/discord/client.py", line 465, in _run_event
    await coro(*args, **kwargs)
  File "/app/asu_discord/cogs/analytics.py", line 652, in on_member_update
    before_timeout = before.timed_out_until
                     ^^^^^^^^^^^^^^^^^^^^^^
AttributeError: 'Member' object has no attribute 'timed_out_until'
Ignoring exception in on_member_update
Traceback (most recent call last):
  File "/usr/local/lib/python3.12/site-packages/discord/client.py", line 465, in _run_event
    await coro(*args, **kwargs)
  File "/app/asu_discord/cogs/analytics.py", line 652, in on_member_update
    before_timeout = before.timed_out_until
                     ^^^^^^^^^^^^^^^^^^^^^^
AttributeError: 'Member' object has no attribute 'timed_out_until'
Ignoring exception in on_member_update
Traceback (most recent call last):
  File "/usr/local/lib/python3.12/site-packages/discord/client.py", line 465, in _run_event
    await coro(*args, **kwargs)
  File "/app/asu_discord/cogs/analytics.py", line 652, in on_member_update
    before_timeout = before.timed_out_until
                     ^^^^^^^^^^^^^^^^^^^^^^
AttributeError: 'Member' object has no attribute 'timed_out_until'
Ignoring exception in on_member_update
Traceback (most recent call last):
  File "/usr/local/lib/python3.12/site-packages/discord/client.py", line 465, in _run_event
    await coro(*args, **kwargs)
  File "/app/asu_discord/cogs/analytics.py", line 652, in on_member_update
    before_timeout = before.timed_out_until
                     ^^^^^^^^^^^^^^^^^^^^^^
AttributeError: 'Member' object has no attribute 'timed_out_until'
INFO:asu_discord.cogs.verification:Saved 5 roles to database for user arshaw12 (Discord ID: 1488676499073794068)
INFO:asu_discord.cogs.verification:Refreshed Salesforce roles for Discord user 1488676499073794068: -5/+5 roles, assigned=[Arizona Resident, College of Liberal Arts and Sciences, Commited, First Year, Tempe]
ERROR:cron.jobs:refresh_salesforce_roles: failed for rwilmows (Discord ID 1458977296437477409): Failed to refresh Salesforce-based roles: Discord user 1458977296437477409 is not a member of the guild
Ignoring exception in on_member_update
Traceback (most recent call last):
  File "/usr/local/lib/python3.12/site-packages/discord/client.py", line 465, in _run_event
    await coro(*args, **kwargs)
  File "/app/asu_discord/cogs/analytics.py", line 652, in on_member_update
    before_timeout = before.timed_out_until
                     ^^^^^^^^^^^^^^^^^^^^^^
AttributeError: 'Member' object has no attribute 'timed_out_until'
Ignoring exception in on_member_update
Traceback (most recent call last):
  File "/usr/local/lib/python3.12/site-packages/discord/client.py", line 465, in _run_event
    await coro(*args, **kwargs)
  File "/app/asu_discord/cogs/analytics.py", line 652, in on_member_update
    before_timeout = before.timed_out_until
                     ^^^^^^^^^^^^^^^^^^^^^^
AttributeError: 'Member' object has no attribute 'timed_out_until'
Ignoring exception in on_member_update
Traceback (most recent call last):
  File "/usr/local/lib/python3.12/site-packages/discord/client.py", line 465, in _run_event
    await coro(*args, **kwargs)
  File "/app/asu_discord/cogs/analytics.py", line 652, in on_member_update
    before_timeout = before.timed_out_until
                     ^^^^^^^^^^^^^^^^^^^^^^
AttributeError: 'Member' object has no attribute 'timed_out_until'
Ignoring exception in on_member_update
Traceback (most recent call last):
  File "/usr/local/lib/python3.12/site-packages/discord/client.py", line 465, in _run_event
    await coro(*args, **kwargs)
  File "/app/asu_discord/cogs/analytics.py", line 652, in on_member_update
    before_timeout = before.timed_out_until
                     ^^^^^^^^^^^^^^^^^^^^^^
AttributeError: 'Member' object has no attribute 'timed_out_until'
Ignoring exception in on_member_update
Traceback (most recent call last):
  File "/usr/local/lib/python3.12/site-packages/discord/client.py", line 465, in _run_event
    await coro(*args, **kwargs)
  File "/app/asu_discord/cogs/analytics.py", line 652, in on_member_update
    before_timeout = before.timed_out_until
                     ^^^^^^^^^^^^^^^^^^^^^^
AttributeError: 'Member' object has no attribute 'timed_out_until'
Ignoring exception in on_member_update
Traceback (most recent call last):
  File "/usr/local/lib/python3.12/site-packages/discord/client.py", line 465, in _run_event
    await coro(*args, **kwargs)
  File "/app/asu_discord/cogs/analytics.py", line 652, in on_member_update
    before_timeout = before.timed_out_until
                     ^^^^^^^^^^^^^^^^^^^^^^
AttributeError: 'Member' object has no attribute 'timed_out_until'
Ignoring exception in on_member_update
Traceback (most recent call last):
  File "/usr/local/lib/python3.12/site-packages/discord/client.py", line 465, in _run_event
    await coro(*args, **kwargs)
  File "/app/asu_discord/cogs/analytics.py", line 652, in on_member_update
    before_timeout = before.timed_out_until
                     ^^^^^^^^^^^^^^^^^^^^^^
AttributeError: 'Member' object has no attribute 'timed_out_until'
Ignoring exception in on_member_update
Traceback (most recent call last):
  File "/usr/local/lib/python3.12/site-packages/discord/client.py", line 465, in _run_event
    await coro(*args, **kwargs)
  File "/app/asu_discord/cogs/analytics.py", line 652, in on_member_update
    before_timeout = before.timed_out_until
                     ^^^^^^^^^^^^^^^^^^^^^^
AttributeError: 'Member' object has no attribute 'timed_out_until'
Ignoring exception in on_member_update
Traceback (most recent call last):
  File "/usr/local/lib/python3.12/site-packages/discord/client.py", line 465, in _run_event
    await coro(*args, **kwargs)
  File "/app/asu_discord/cogs/analytics.py", line 652, in on_member_update
    before_timeout = before.timed_out_until
                     ^^^^^^^^^^^^^^^^^^^^^^
AttributeError: 'Member' object has no attribute 'timed_out_until'
Ignoring exception in on_member_update
Traceback (most recent call last):
  File "/usr/local/lib/python3.12/site-packages/discord/client.py", line 465, in _run_event
    await coro(*args, **kwargs)
  File "/app/asu_discord/cogs/analytics.py", line 652, in on_member_update
    before_timeout = before.timed_out_until
                     ^^^^^^^^^^^^^^^^^^^^^^
AttributeError: 'Member' object has no attribute 'timed_out_until'
INFO:asu_discord.cogs.verification:Saved 5 roles to database for user sdennett (Discord ID: 554150782585536524)
INFO:asu_discord.cogs.verification:Refreshed Salesforce roles for Discord user 554150782585536524: -5/+5 roles, assigned=[Commited, Graduate Student, International Student, Tempe, W.P. Carey School of Business]
Ignoring exception in on_member_update
Traceback (most recent call last):
  File "/usr/local/lib/python3.12/site-packages/discord/client.py", line 465, in _run_event
    await coro(*args, **kwargs)
  File "/app/asu_discord/cogs/analytics.py", line 652, in on_member_update
    before_timeout = before.timed_out_until
                     ^^^^^^^^^^^^^^^^^^^^^^
AttributeError: 'Member' object has no attribute 'timed_out_until'
Ignoring exception in on_member_update
Traceback (most recent call last):
  File "/usr/local/lib/python3.12/site-packages/discord/client.py", line 465, in _run_event
    await coro(*args, **kwargs)
  File "/app/asu_discord/cogs/analytics.py", line 652, in on_member_update
    before_timeout = before.timed_out_until
                     ^^^^^^^^^^^^^^^^^^^^^^
AttributeError: 'Member' object has no attribute 'timed_out_until'
INFO:asu_discord.cogs.verification:Saved 1 roles to database for user ctavitia (Discord ID: 1348063620134862849)
INFO:asu_discord.cogs.verification:Refreshed Salesforce roles for Discord user 1348063620134862849: -1/+1 roles, assigned=[Out of State]
Ignoring exception in on_member_update
Traceback (most recent call last):
  File "/usr/local/lib/python3.12/site-packages/discord/client.py", line 465, in _run_event
    await coro(*args, **kwargs)
  File "/app/asu_discord/cogs/analytics.py", line 652, in on_member_update
    before_timeout = before.timed_out_until
                     ^^^^^^^^^^^^^^^^^^^^^^
AttributeError: 'Member' object has no attribute 'timed_out_until'
Ignoring exception in on_member_update
Traceback (most recent call last):
  File "/usr/local/lib/python3.12/site-packages/discord/client.py", line 465, in _run_event
    await coro(*args, **kwargs)
  File "/app/asu_discord/cogs/analytics.py", line 652, in on_member_update
    before_timeout = before.timed_out_until
                     ^^^^^^^^^^^^^^^^^^^^^^
AttributeError: 'Member' object has no attribute 'timed_out_until'
Ignoring exception in on_member_update
Traceback (most recent call last):
  File "/usr/local/lib/python3.12/site-packages/discord/client.py", line 465, in _run_event
    await coro(*args, **kwargs)
  File "/app/asu_discord/cogs/analytics.py", line 652, in on_member_update
    before_timeout = before.timed_out_until
                     ^^^^^^^^^^^^^^^^^^^^^^
AttributeError: 'Member' object has no attribute 'timed_out_until'
Ignoring exception in on_member_update
Traceback (most recent call last):
  File "/usr/local/lib/python3.12/site-packages/discord/client.py", line 465, in _run_event
    await coro(*args, **kwargs)
  File "/app/asu_discord/cogs/analytics.py", line 652, in on_member_update
    before_timeout = before.timed_out_until
                     ^^^^^^^^^^^^^^^^^^^^^^
AttributeError: 'Member' object has no attribute 'timed_out_until'
Ignoring exception in on_member_update
Traceback (most recent call last):
  File "/usr/local/lib/python3.12/site-packages/discord/client.py", line 465, in _run_event
    await coro(*args, **kwargs)
  File "/app/asu_discord/cogs/analytics.py", line 652, in on_member_update
    before_timeout = before.timed_out_until
                     ^^^^^^^^^^^^^^^^^^^^^^
AttributeError: 'Member' object has no attribute 'timed_out_until'
Ignoring exception in on_member_update
Traceback (most recent call last):
  File "/usr/local/lib/python3.12/site-packages/discord/client.py", line 465, in _run_event
    await coro(*args, **kwargs)
  File "/app/asu_discord/cogs/analytics.py", line 652, in on_member_update
    before_timeout = before.timed_out_until
                     ^^^^^^^^^^^^^^^^^^^^^^
AttributeError: 'Member' object has no attribute 'timed_out_until'
Ignoring exception in on_member_update
Traceback (most recent call last):
  File "/usr/local/lib/python3.12/site-packages/discord/client.py", line 465, in _run_event
    await coro(*args, **kwargs)
  File "/app/asu_discord/cogs/analytics.py", line 652, in on_member_update
    before_timeout = before.timed_out_until
                     ^^^^^^^^^^^^^^^^^^^^^^
AttributeError: 'Member' object has no attribute 'timed_out_until'
Ignoring exception in on_member_update
Traceback (most recent call last):
  File "/usr/local/lib/python3.12/site-packages/discord/client.py", line 465, in _run_event
    await coro(*args, **kwargs)
  File "/app/asu_discord/cogs/analytics.py", line 652, in on_member_update
    before_timeout = before.timed_out_until
                     ^^^^^^^^^^^^^^^^^^^^^^
AttributeError: 'Member' object has no attribute 'timed_out_until'
INFO:asu_discord.cogs.verification:Saved 4 roles to database for user sybryant (Discord ID: 934929203638439947)
INFO:asu_discord.cogs.verification:Refreshed Salesforce roles for Discord user 934929203638439947: -4/+4 roles, assigned=[Arizona Resident, First Year, Ira A. Fulton Schools of Engineering, Tempe]
ERROR:cron.jobs:refresh_salesforce_roles: failed for aghogg (Discord ID 1233948398843986031): Failed to refresh Salesforce-based roles: Discord user 1233948398843986031 is not a member of the guild
Ignoring exception in on_member_update
Traceback (most recent call last):
  File "/usr/local/lib/python3.12/site-packages/discord/client.py", line 465, in _run_event
    await coro(*args, **kwargs)
  File "/app/asu_discord/cogs/analytics.py", line 652, in on_member_update
    before_timeout = before.timed_out_until
                     ^^^^^^^^^^^^^^^^^^^^^^
AttributeError: 'Member' object has no attribute 'timed_out_until'
Ignoring exception in on_member_update
Traceback (most recent call last):
  File "/usr/local/lib/python3.12/site-packages/discord/client.py", line 465, in _run_event
    await coro(*args, **kwargs)
  File "/app/asu_discord/cogs/analytics.py", line 652, in on_member_update
    before_timeout = before.timed_out_until
                     ^^^^^^^^^^^^^^^^^^^^^^
AttributeError: 'Member' object has no attribute 'timed_out_until'
Ignoring exception in on_member_update
Traceback (most recent call last):
  File "/usr/local/lib/python3.12/site-packages/discord/client.py", line 465, in _run_event
    await coro(*args, **kwargs)
  File "/app/asu_discord/cogs/analytics.py", line 652, in on_member_update
    before_timeout = before.timed_out_until
                     ^^^^^^^^^^^^^^^^^^^^^^
AttributeError: 'Member' object has no attribute 'timed_out_until'
Ignoring exception in on_member_update
Traceback (most recent call last):
  File "/usr/local/lib/python3.12/site-packages/discord/client.py", line 465, in _run_event
    await coro(*args, **kwargs)
  File "/app/asu_discord/cogs/analytics.py", line 652, in on_member_update
    before_timeout = before.timed_out_until
                     ^^^^^^^^^^^^^^^^^^^^^^
AttributeError: 'Member' object has no attribute 'timed_out_until'
Ignoring exception in on_member_update
Traceback (most recent call last):
  File "/usr/local/lib/python3.12/site-packages/discord/client.py", line 465, in _run_event
    await coro(*args, **kwargs)
  File "/app/asu_discord/cogs/analytics.py", line 652, in on_member_update
    before_timeout = before.timed_out_until
                     ^^^^^^^^^^^^^^^^^^^^^^
AttributeError: 'Member' object has no attribute 'timed_out_until'
Ignoring exception in on_member_update
Traceback (most recent call last):
  File "/usr/local/lib/python3.12/site-packages/discord/client.py", line 465, in _run_event
    await coro(*args, **kwargs)
  File "/app/asu_discord/cogs/analytics.py", line 652, in on_member_update
    before_timeout = before.timed_out_until
                     ^^^^^^^^^^^^^^^^^^^^^^
AttributeError: 'Member' object has no attribute 'timed_out_until'
Ignoring exception in on_member_update
Traceback (most recent call last):
  File "/usr/local/lib/python3.12/site-packages/discord/client.py", line 465, in _run_event
    await coro(*args, **kwargs)
  File "/app/asu_discord/cogs/analytics.py", line 652, in on_member_update
    before_timeout = before.timed_out_until
                     ^^^^^^^^^^^^^^^^^^^^^^
AttributeError: 'Member' object has no attribute 'timed_out_until'
Ignoring exception in on_member_update
Traceback (most recent call last):
  File "/usr/local/lib/python3.12/site-packages/discord/client.py", line 465, in _run_event
    await coro(*args, **kwargs)
  File "/app/asu_discord/cogs/analytics.py", line 652, in on_member_update
    before_timeout = before.timed_out_until
                     ^^^^^^^^^^^^^^^^^^^^^^
AttributeError: 'Member' object has no attribute 'timed_out_until'
Ignoring exception in on_member_update
Traceback (most recent call last):
  File "/usr/local/lib/python3.12/site-packages/discord/client.py", line 465, in _run_event
    await coro(*args, **kwargs)
  File "/app/asu_discord/cogs/analytics.py", line 652, in on_member_update
    before_timeout = before.timed_out_until
                     ^^^^^^^^^^^^^^^^^^^^^^
AttributeError: 'Member' object has no attribute 'timed_out_until'
Ignoring exception in on_member_update
Traceback (most recent call last):
  File "/usr/local/lib/python3.12/site-packages/discord/client.py", line 465, in _run_event
    await coro(*args, **kwargs)
  File "/app/asu_discord/cogs/analytics.py", line 652, in on_member_update
    before_timeout = before.timed_out_until
                     ^^^^^^^^^^^^^^^^^^^^^^
AttributeError: 'Member' object has no attribute 'timed_out_until'
INFO:asu_discord.cogs.verification:Saved 5 roles to database for user ampadi21 (Discord ID: 647226020822384681)
INFO:asu_discord.cogs.verification:Refreshed Salesforce roles for Discord user 647226020822384681: -5/+5 roles, assigned=[Arizona Resident, College of Integrative Sciences and Arts, First Generation Student, First Year, Polytechnic]
Ignoring exception in on_member_update
Traceback (most recent call last):
  File "/usr/local/lib/python3.12/site-packages/discord/client.py", line 465, in _run_event
    await coro(*args, **kwargs)
  File "/app/asu_discord/cogs/analytics.py", line 652, in on_member_update
    before_timeout = before.timed_out_until
                     ^^^^^^^^^^^^^^^^^^^^^^
AttributeError: 'Member' object has no attribute 'timed_out_until'
Ignoring exception in on_member_update
Traceback (most recent call last):
  File "/usr/local/lib/python3.12/site-packages/discord/client.py", line 465, in _run_event
    await coro(*args, **kwargs)
  File "/app/asu_discord/cogs/analytics.py", line 652, in on_member_update
    before_timeout = before.timed_out_until
                     ^^^^^^^^^^^^^^^^^^^^^^
AttributeError: 'Member' object has no attribute 'timed_out_until'
Ignoring exception in on_member_update
Traceback (most recent call last):
  File "/usr/local/lib/python3.12/site-packages/discord/client.py", line 465, in _run_event
    await coro(*args, **kwargs)
  File "/app/asu_discord/cogs/analytics.py", line 652, in on_member_update
    before_timeout = before.timed_out_until
                     ^^^^^^^^^^^^^^^^^^^^^^
AttributeError: 'Member' object has no attribute 'timed_out_until'
Ignoring exception in on_member_update
Traceback (most recent call last):
  File "/usr/local/lib/python3.12/site-packages/discord/client.py", line 465, in _run_event
    await coro(*args, **kwargs)
  File "/app/asu_discord/cogs/analytics.py", line 652, in on_member_update
    before_timeout = before.timed_out_until
                     ^^^^^^^^^^^^^^^^^^^^^^
AttributeError: 'Member' object has no attribute 'timed_out_until'
Ignoring exception in on_member_update
Traceback (most recent call last):
  File "/usr/local/lib/python3.12/site-packages/discord/client.py", line 465, in _run_event
    await coro(*args, **kwargs)
  File "/app/asu_discord/cogs/analytics.py", line 652, in on_member_update
    before_timeout = before.timed_out_until
                     ^^^^^^^^^^^^^^^^^^^^^^
AttributeError: 'Member' object has no attribute 'timed_out_until'
Ignoring exception in on_member_update
Traceback (most recent call last):
  File "/usr/local/lib/python3.12/site-packages/discord/client.py", line 465, in _run_event
    await coro(*args, **kwargs)
  File "/app/asu_discord/cogs/analytics.py", line 652, in on_member_update
    before_timeout = before.timed_out_until
                     ^^^^^^^^^^^^^^^^^^^^^^
AttributeError: 'Member' object has no attribute 'timed_out_until'
Ignoring exception in on_member_update
Traceback (most recent call last):
  File "/usr/local/lib/python3.12/site-packages/discord/client.py", line 465, in _run_event
    await coro(*args, **kwargs)
  File "/app/asu_discord/cogs/analytics.py", line 652, in on_member_update
    before_timeout = before.timed_out_until
                     ^^^^^^^^^^^^^^^^^^^^^^
AttributeError: 'Member' object has no attribute 'timed_out_until'
Ignoring exception in on_member_update
Traceback (most recent call last):
  File "/usr/local/lib/python3.12/site-packages/discord/client.py", line 465, in _run_event
    await coro(*args, **kwargs)
  File "/app/asu_discord/cogs/analytics.py", line 652, in on_member_update
    before_timeout = before.timed_out_until
                     ^^^^^^^^^^^^^^^^^^^^^^
AttributeError: 'Member' object has no attribute 'timed_out_until'
Ignoring exception in on_member_update
Traceback (most recent call last):
  File "/usr/local/lib/python3.12/site-packages/discord/client.py", line 465, in _run_event
    await coro(*args, **kwargs)
  File "/app/asu_discord/cogs/analytics.py", line 652, in on_member_update
    before_timeout = before.timed_out_until
                     ^^^^^^^^^^^^^^^^^^^^^^
AttributeError: 'Member' object has no attribute 'timed_out_until'
Ignoring exception in on_member_update
Traceback (most recent call last):
  File "/usr/local/lib/python3.12/site-packages/discord/client.py", line 465, in _run_event
    await coro(*args, **kwargs)
  File "/app/asu_discord/cogs/analytics.py", line 652, in on_member_update
    before_timeout = before.timed_out_until
                     ^^^^^^^^^^^^^^^^^^^^^^
AttributeError: 'Member' object has no attribute 'timed_out_until'
INFO:asu_discord.cogs.verification:Saved 5 roles to database for user gchartie (Discord ID: 776616893196533772)
INFO:asu_discord.cogs.verification:Refreshed Salesforce roles for Discord user 776616893196533772: -5/+5 roles, assigned=[Commited, First Year, Ira A. Fulton Schools of Engineering, Out of State, Polytechnic]
Ignoring exception in on_member_update
Traceback (most recent call last):
  File "/usr/local/lib/python3.12/site-packages/discord/client.py", line 465, in _run_event
    await coro(*args, **kwargs)
  File "/app/asu_discord/cogs/analytics.py", line 652, in on_member_update
    before_timeout = before.timed_out_until
                     ^^^^^^^^^^^^^^^^^^^^^^
AttributeError: 'Member' object has no attribute 'timed_out_until'
Ignoring exception in on_member_update
Traceback (most recent call last):
  File "/usr/local/lib/python3.12/site-packages/discord/client.py", line 465, in _run_event
    await coro(*args, **kwargs)
  File "/app/asu_discord/cogs/analytics.py", line 652, in on_member_update
    before_timeout = before.timed_out_until
                     ^^^^^^^^^^^^^^^^^^^^^^
AttributeError: 'Member' object has no attribute 'timed_out_until'
Ignoring exception in on_member_update
Traceback (most recent call last):
  File "/usr/local/lib/python3.12/site-packages/discord/client.py", line 465, in _run_event
    await coro(*args, **kwargs)
  File "/app/asu_discord/cogs/analytics.py", line 652, in on_member_update
    before_timeout = before.timed_out_until
                     ^^^^^^^^^^^^^^^^^^^^^^
AttributeError: 'Member' object has no attribute 'timed_out_until'
Ignoring exception in on_member_update
Traceback (most recent call last):
  File "/usr/local/lib/python3.12/site-packages/discord/client.py", line 465, in _run_event
    await coro(*args, **kwargs)
  File "/app/asu_discord/cogs/analytics.py", line 652, in on_member_update
    before_timeout = before.timed_out_until
                     ^^^^^^^^^^^^^^^^^^^^^^
AttributeError: 'Member' object has no attribute 'timed_out_until'
Ignoring exception in on_member_update
Traceback (most recent call last):
  File "/usr/local/lib/python3.12/site-packages/discord/client.py", line 465, in _run_event
    await coro(*args, **kwargs)
  File "/app/asu_discord/cogs/analytics.py", line 652, in on_member_update
    before_timeout = before.timed_out_until
                     ^^^^^^^^^^^^^^^^^^^^^^
AttributeError: 'Member' object has no attribute 'timed_out_until'
Ignoring exception in on_member_update
Traceback (most recent call last):
  File "/usr/local/lib/python3.12/site-packages/discord/client.py", line 465, in _run_event
    await coro(*args, **kwargs)
  File "/app/asu_discord/cogs/analytics.py", line 652, in on_member_update
    before_timeout = before.timed_out_until
                     ^^^^^^^^^^^^^^^^^^^^^^
AttributeError: 'Member' object has no attribute 'timed_out_until'
Ignoring exception in on_member_update
Traceback (most recent call last):
  File "/usr/local/lib/python3.12/site-packages/discord/client.py", line 465, in _run_event
    await coro(*args, **kwargs)
  File "/app/asu_discord/cogs/analytics.py", line 652, in on_member_update
    before_timeout = before.timed_out_until
                     ^^^^^^^^^^^^^^^^^^^^^^
AttributeError: 'Member' object has no attribute 'timed_out_until'
Ignoring exception in on_member_update
Traceback (most recent call last):
  File "/usr/local/lib/python3.12/site-packages/discord/client.py", line 465, in _run_event
    await coro(*args, **kwargs)
  File "/app/asu_discord/cogs/analytics.py", line 652, in on_member_update
    before_timeout = before.timed_out_until
                     ^^^^^^^^^^^^^^^^^^^^^^
AttributeError: 'Member' object has no attribute 'timed_out_until'
Ignoring exception in on_member_update
Traceback (most recent call last):
  File "/usr/local/lib/python3.12/site-packages/discord/client.py", line 465, in _run_event
    await coro(*args, **kwargs)
  File "/app/asu_discord/cogs/analytics.py", line 652, in on_member_update
    before_timeout = before.timed_out_until
                     ^^^^^^^^^^^^^^^^^^^^^^
AttributeError: 'Member' object has no attribute 'timed_out_until'
Ignoring exception in on_member_update
Traceback (most recent call last):
  File "/usr/local/lib/python3.12/site-packages/discord/client.py", line 465, in _run_event
    await coro(*args, **kwargs)
  File "/app/asu_discord/cogs/analytics.py", line 652, in on_member_update
    before_timeout = before.timed_out_until
                     ^^^^^^^^^^^^^^^^^^^^^^
AttributeError: 'Member' object has no attribute 'timed_out_until'
INFO:asu_discord.cogs.verification:Saved 5 roles to database for user rlcaldw3 (Discord ID: 1470156152921788672)
INFO:asu_discord.cogs.verification:Refreshed Salesforce roles for Discord user 1470156152921788672: -5/+5 roles, assigned=[Arizona Resident, Downtown Phoenix, First Generation Student, First Year, Herberger Institute for Design and the Arts]
Ignoring exception in on_member_update
Traceback (most recent call last):
  File "/usr/local/lib/python3.12/site-packages/discord/client.py", line 465, in _run_event
    await coro(*args, **kwargs)
  File "/app/asu_discord/cogs/analytics.py", line 652, in on_member_update
    before_timeout = before.timed_out_until
                     ^^^^^^^^^^^^^^^^^^^^^^
AttributeError: 'Member' object has no attribute 'timed_out_until'
Ignoring exception in on_member_update
Traceback (most recent call last):
  File "/usr/local/lib/python3.12/site-packages/discord/client.py", line 465, in _run_event
    await coro(*args, **kwargs)
  File "/app/asu_discord/cogs/analytics.py", line 652, in on_member_update
    before_timeout = before.timed_out_until
                     ^^^^^^^^^^^^^^^^^^^^^^
AttributeError: 'Member' object has no attribute 'timed_out_until'
Ignoring exception in on_member_update
Traceback (most recent call last):
  File "/usr/local/lib/python3.12/site-packages/discord/client.py", line 465, in _run_event
    await coro(*args, **kwargs)
  File "/app/asu_discord/cogs/analytics.py", line 652, in on_member_update
    before_timeout = before.timed_out_until
                     ^^^^^^^^^^^^^^^^^^^^^^
AttributeError: 'Member' object has no attribute 'timed_out_until'
Ignoring exception in on_member_update
Traceback (most recent call last):
  File "/usr/local/lib/python3.12/site-packages/discord/client.py", line 465, in _run_event
    await coro(*args, **kwargs)
  File "/app/asu_discord/cogs/analytics.py", line 652, in on_member_update
    before_timeout = before.timed_out_until
                     ^^^^^^^^^^^^^^^^^^^^^^
AttributeError: 'Member' object has no attribute 'timed_out_until'
Ignoring exception in on_member_update
Traceback (most recent call last):
  File "/usr/local/lib/python3.12/site-packages/discord/client.py", line 465, in _run_event
    await coro(*args, **kwargs)
  File "/app/asu_discord/cogs/analytics.py", line 652, in on_member_update
    before_timeout = before.timed_out_until
                     ^^^^^^^^^^^^^^^^^^^^^^
AttributeError: 'Member' object has no attribute 'timed_out_until'
Ignoring exception in on_member_update
Traceback (most recent call last):
  File "/usr/local/lib/python3.12/site-packages/discord/client.py", line 465, in _run_event
    await coro(*args, **kwargs)
  File "/app/asu_discord/cogs/analytics.py", line 652, in on_member_update
    before_timeout = before.timed_out_until
                     ^^^^^^^^^^^^^^^^^^^^^^
AttributeError: 'Member' object has no attribute 'timed_out_until'
Ignoring exception in on_member_update
Traceback (most recent call last):
  File "/usr/local/lib/python3.12/site-packages/discord/client.py", line 465, in _run_event
    await coro(*args, **kwargs)
  File "/app/asu_discord/cogs/analytics.py", line 652, in on_member_update
    before_timeout = before.timed_out_until
                     ^^^^^^^^^^^^^^^^^^^^^^
AttributeError: 'Member' object has no attribute 'timed_out_until'
Ignoring exception in on_member_update
Traceback (most recent call last):
  File "/usr/local/lib/python3.12/site-packages/discord/client.py", line 465, in _run_event
    await coro(*args, **kwargs)
  File "/app/asu_discord/cogs/analytics.py", line 652, in on_member_update
    before_timeout = before.timed_out_until
                     ^^^^^^^^^^^^^^^^^^^^^^
AttributeError: 'Member' object has no attribute 'timed_out_until'
INFO:asu_discord.cogs.verification:Saved 4 roles to database for user erjacks5 (Discord ID: 352194675441926144)
INFO:asu_discord.cogs.verification:Refreshed Salesforce roles for Discord user 352194675441926144: -4/+4 roles, assigned=[Arizona Resident, Graduate Student, Mary Lou Fulton Teachers College, Tempe]
Ignoring exception in on_member_update
Traceback (most recent call last):
  File "/usr/local/lib/python3.12/site-packages/discord/client.py", line 465, in _run_event
    await coro(*args, **kwargs)
  File "/app/asu_discord/cogs/analytics.py", line 652, in on_member_update
    before_timeout = before.timed_out_until
                     ^^^^^^^^^^^^^^^^^^^^^^
AttributeError: 'Member' object has no attribute 'timed_out_until'
Ignoring exception in on_member_update
Traceback (most recent call last):
  File "/usr/local/lib/python3.12/site-packages/discord/client.py", line 465, in _run_event
    await coro(*args, **kwargs)
  File "/app/asu_discord/cogs/analytics.py", line 652, in on_member_update
    before_timeout = before.timed_out_until
                     ^^^^^^^^^^^^^^^^^^^^^^
AttributeError: 'Member' object has no attribute 'timed_out_until'
Ignoring exception in on_member_update
Traceback (most recent call last):
  File "/usr/local/lib/python3.12/site-packages/discord/client.py", line 465, in _run_event
    await coro(*args, **kwargs)
  File "/app/asu_discord/cogs/analytics.py", line 652, in on_member_update
    before_timeout = before.timed_out_until
                     ^^^^^^^^^^^^^^^^^^^^^^
AttributeError: 'Member' object has no attribute 'timed_out_until'
Ignoring exception in on_member_update
Traceback (most recent call last):
  File "/usr/local/lib/python3.12/site-packages/discord/client.py", line 465, in _run_event
    await coro(*args, **kwargs)
  File "/app/asu_discord/cogs/analytics.py", line 652, in on_member_update
    before_timeout = before.timed_out_until
                     ^^^^^^^^^^^^^^^^^^^^^^
AttributeError: 'Member' object has no attribute 'timed_out_until'
Ignoring exception in on_member_update
Traceback (most recent call last):
  File "/usr/local/lib/python3.12/site-packages/discord/client.py", line 465, in _run_event
    await coro(*args, **kwargs)
  File "/app/asu_discord/cogs/analytics.py", line 652, in on_member_update
    before_timeout = before.timed_out_until
                     ^^^^^^^^^^^^^^^^^^^^^^
AttributeError: 'Member' object has no attribute 'timed_out_until'
Ignoring exception in on_member_update
Traceback (most recent call last):
  File "/usr/local/lib/python3.12/site-packages/discord/client.py", line 465, in _run_event
    await coro(*args, **kwargs)
  File "/app/asu_discord/cogs/analytics.py", line 652, in on_member_update
    before_timeout = before.timed_out_until
                     ^^^^^^^^^^^^^^^^^^^^^^
AttributeError: 'Member' object has no attribute 'timed_out_until'
Ignoring exception in on_member_update
Traceback (most recent call last):
  File "/usr/local/lib/python3.12/site-packages/discord/client.py", line 465, in _run_event
    await coro(*args, **kwargs)
  File "/app/asu_discord/cogs/analytics.py", line 652, in on_member_update
    before_timeout = before.timed_out_until
                     ^^^^^^^^^^^^^^^^^^^^^^
AttributeError: 'Member' object has no attribute 'timed_out_until'
Ignoring exception in on_member_update
Traceback (most recent call last):
  File "/usr/local/lib/python3.12/site-packages/discord/client.py", line 465, in _run_event
    await coro(*args, **kwargs)
  File "/app/asu_discord/cogs/analytics.py", line 652, in on_member_update
    before_timeout = before.timed_out_until
                     ^^^^^^^^^^^^^^^^^^^^^^
AttributeError: 'Member' object has no attribute 'timed_out_until'
Ignoring exception in on_member_update
Traceback (most recent call last):
  File "/usr/local/lib/python3.12/site-packages/discord/client.py", line 465, in _run_event
    await coro(*args, **kwargs)
  File "/app/asu_discord/cogs/analytics.py", line 652, in on_member_update
    before_timeout = before.timed_out_until
                     ^^^^^^^^^^^^^^^^^^^^^^
AttributeError: 'Member' object has no attribute 'timed_out_until'
Ignoring exception in on_member_update
Traceback (most recent call last):
  File "/usr/local/lib/python3.12/site-packages/discord/client.py", line 465, in _run_event
    await coro(*args, **kwargs)
  File "/app/asu_discord/cogs/analytics.py", line 652, in on_member_update
    before_timeout = before.timed_out_until
                     ^^^^^^^^^^^^^^^^^^^^^^
AttributeError: 'Member' object has no attribute 'timed_out_until'
INFO:asu_discord.cogs.verification:Saved 5 roles to database for user jromanpa (Discord ID: 1488761556048285696)
INFO:asu_discord.cogs.verification:Refreshed Salesforce roles for Discord user 1488761556048285696: -5/+5 roles, assigned=[Arizona Resident, Downtown Phoenix, Edson College of Nursing and Health Innovation, First Generation Student, First Year]
Ignoring exception in on_member_update
Traceback (most recent call last):
  File "/usr/local/lib/python3.12/site-packages/discord/client.py", line 465, in _run_event
    await coro(*args, **kwargs)
  File "/app/asu_discord/cogs/analytics.py", line 652, in on_member_update
    before_timeout = before.timed_out_until
                     ^^^^^^^^^^^^^^^^^^^^^^
AttributeError: 'Member' object has no attribute 'timed_out_until'
Ignoring exception in on_member_update
Traceback (most recent call last):
  File "/usr/local/lib/python3.12/site-packages/discord/client.py", line 465, in _run_event
    await coro(*args, **kwargs)
  File "/app/asu_discord/cogs/analytics.py", line 652, in on_member_update
    before_timeout = before.timed_out_until
                     ^^^^^^^^^^^^^^^^^^^^^^
AttributeError: 'Member' object has no attribute 'timed_out_until'
Ignoring exception in on_member_update
Traceback (most recent call last):
  File "/usr/local/lib/python3.12/site-packages/discord/client.py", line 465, in _run_event
    await coro(*args, **kwargs)
  File "/app/asu_discord/cogs/analytics.py", line 652, in on_member_update
    before_timeout = before.timed_out_until
                     ^^^^^^^^^^^^^^^^^^^^^^
AttributeError: 'Member' object has no attribute 'timed_out_until'
Ignoring exception in on_member_update
Traceback (most recent call last):
  File "/usr/local/lib/python3.12/site-packages/discord/client.py", line 465, in _run_event
    await coro(*args, **kwargs)
  File "/app/asu_discord/cogs/analytics.py", line 652, in on_member_update
    before_timeout = before.timed_out_until
                     ^^^^^^^^^^^^^^^^^^^^^^
AttributeError: 'Member' object has no attribute 'timed_out_until'
Ignoring exception in on_member_update
Traceback (most recent call last):
  File "/usr/local/lib/python3.12/site-packages/discord/client.py", line 465, in _run_event
    await coro(*args, **kwargs)
  File "/app/asu_discord/cogs/analytics.py", line 652, in on_member_update
    before_timeout = before.timed_out_until
                     ^^^^^^^^^^^^^^^^^^^^^^
AttributeError: 'Member' object has no attribute 'timed_out_until'
Ignoring exception in on_member_update
Traceback (most recent call last):
  File "/usr/local/lib/python3.12/site-packages/discord/client.py", line 465, in _run_event
    await coro(*args, **kwargs)
  File "/app/asu_discord/cogs/analytics.py", line 652, in on_member_update
    before_timeout = before.timed_out_until
                     ^^^^^^^^^^^^^^^^^^^^^^
AttributeError: 'Member' object has no attribute 'timed_out_until'
Ignoring exception in on_member_update
Traceback (most recent call last):
  File "/usr/local/lib/python3.12/site-packages/discord/client.py", line 465, in _run_event
    await coro(*args, **kwargs)
  File "/app/asu_discord/cogs/analytics.py", line 652, in on_member_update
    before_timeout = before.timed_out_until
                     ^^^^^^^^^^^^^^^^^^^^^^
AttributeError: 'Member' object has no attribute 'timed_out_until'
Ignoring exception in on_member_update
Traceback (most recent call last):
  File "/usr/local/lib/python3.12/site-packages/discord/client.py", line 465, in _run_event
    await coro(*args, **kwargs)
  File "/app/asu_discord/cogs/analytics.py", line 652, in on_member_update
    before_timeout = before.timed_out_until
                     ^^^^^^^^^^^^^^^^^^^^^^
AttributeError: 'Member' object has no attribute 'timed_out_until'
Ignoring exception in on_member_update
Traceback (most recent call last):
  File "/usr/local/lib/python3.12/site-packages/discord/client.py", line 465, in _run_event
    await coro(*args, **kwargs)
  File "/app/asu_discord/cogs/analytics.py", line 652, in on_member_update
    before_timeout = before.timed_out_until
                     ^^^^^^^^^^^^^^^^^^^^^^
AttributeError: 'Member' object has no attribute 'timed_out_until'
Ignoring exception in on_member_update
Traceback (most recent call last):
  File "/usr/local/lib/python3.12/site-packages/discord/client.py", line 465, in _run_event
    await coro(*args, **kwargs)
  File "/app/asu_discord/cogs/analytics.py", line 652, in on_member_update
    before_timeout = before.timed_out_until
                     ^^^^^^^^^^^^^^^^^^^^^^
AttributeError: 'Member' object has no attribute 'timed_out_until'
Ignoring exception in on_member_update
Traceback (most recent call last):
  File "/usr/local/lib/python3.12/site-packages/discord/client.py", line 465, in _run_event
    await coro(*args, **kwargs)
  File "/app/asu_discord/cogs/analytics.py", line 652, in on_member_update
    before_timeout = before.timed_out_until
                     ^^^^^^^^^^^^^^^^^^^^^^
AttributeError: 'Member' object has no attribute 'timed_out_until'
Ignoring exception in on_member_update
Traceback (most recent call last):
  File "/usr/local/lib/python3.12/site-packages/discord/client.py", line 465, in _run_event
    await coro(*args, **kwargs)
  File "/app/asu_discord/cogs/analytics.py", line 652, in on_member_update
    before_timeout = before.timed_out_until
                     ^^^^^^^^^^^^^^^^^^^^^^
AttributeError: 'Member' object has no attribute 'timed_out_until'
INFO:asu_discord.cogs.verification:Saved 6 roles to database for user jsotozar (Discord ID: 1488770702940176476)
INFO:asu_discord.cogs.verification:Refreshed Salesforce roles for Discord user 1488770702940176476: -6/+6 roles, assigned=[Arizona Resident, Commited, Downtown Phoenix, Edson College of Nursing and Health Innovation, First Generation Student, First Year]
ERROR:cron.jobs:refresh_salesforce_roles: failed for okakkad (Discord ID 771592726280929320): Failed to refresh Salesforce-based roles: Discord user 771592726280929320 is not a member of the guild
ERROR:cron.jobs:refresh_salesforce_roles: failed for gcsarna (Discord ID 1286005702309056522): Failed to refresh Salesforce-based roles: Discord user 1286005702309056522 is not a member of the guild
Ignoring exception in on_member_update
Traceback (most recent call last):
  File "/usr/local/lib/python3.12/site-packages/discord/client.py", line 465, in _run_event
    await coro(*args, **kwargs)
  File "/app/asu_discord/cogs/analytics.py", line 652, in on_member_update
    before_timeout = before.timed_out_until
                     ^^^^^^^^^^^^^^^^^^^^^^
AttributeError: 'Member' object has no attribute 'timed_out_until'
Ignoring exception in on_member_update
Traceback (most recent call last):
  File "/usr/local/lib/python3.12/site-packages/discord/client.py", line 465, in _run_event
    await coro(*args, **kwargs)
  File "/app/asu_discord/cogs/analytics.py", line 652, in on_member_update
    before_timeout = before.timed_out_until
                     ^^^^^^^^^^^^^^^^^^^^^^
AttributeError: 'Member' object has no attribute 'timed_out_until'
Ignoring exception in on_member_update
Traceback (most recent call last):
  File "/usr/local/lib/python3.12/site-packages/discord/client.py", line 465, in _run_event
    await coro(*args, **kwargs)
  File "/app/asu_discord/cogs/analytics.py", line 652, in on_member_update
    before_timeout = before.timed_out_until
                     ^^^^^^^^^^^^^^^^^^^^^^
AttributeError: 'Member' object has no attribute 'timed_out_until'
Ignoring exception in on_member_update
Traceback (most recent call last):
  File "/usr/local/lib/python3.12/site-packages/discord/client.py", line 465, in _run_event
    await coro(*args, **kwargs)
  File "/app/asu_discord/cogs/analytics.py", line 652, in on_member_update
    before_timeout = before.timed_out_until
                     ^^^^^^^^^^^^^^^^^^^^^^
AttributeError: 'Member' object has no attribute 'timed_out_until'
Ignoring exception in on_member_update
Traceback (most recent call last):
  File "/usr/local/lib/python3.12/site-packages/discord/client.py", line 465, in _run_event
    await coro(*args, **kwargs)
  File "/app/asu_discord/cogs/analytics.py", line 652, in on_member_update
    before_timeout = before.timed_out_until
                     ^^^^^^^^^^^^^^^^^^^^^^
AttributeError: 'Member' object has no attribute 'timed_out_until'
Ignoring exception in on_member_update
Traceback (most recent call last):
  File "/usr/local/lib/python3.12/site-packages/discord/client.py", line 465, in _run_event
    await coro(*args, **kwargs)
  File "/app/asu_discord/cogs/analytics.py", line 652, in on_member_update
    before_timeout = before.timed_out_until
                     ^^^^^^^^^^^^^^^^^^^^^^
AttributeError: 'Member' object has no attribute 'timed_out_until'
Ignoring exception in on_member_update
Traceback (most recent call last):
  File "/usr/local/lib/python3.12/site-packages/discord/client.py", line 465, in _run_event
    await coro(*args, **kwargs)
  File "/app/asu_discord/cogs/analytics.py", line 652, in on_member_update
    before_timeout = before.timed_out_until
                     ^^^^^^^^^^^^^^^^^^^^^^
AttributeError: 'Member' object has no attribute 'timed_out_until'
Ignoring exception in on_member_update
Traceback (most recent call last):
  File "/usr/local/lib/python3.12/site-packages/discord/client.py", line 465, in _run_event
    await coro(*args, **kwargs)
  File "/app/asu_discord/cogs/analytics.py", line 652, in on_member_update
    before_timeout = before.timed_out_until
                     ^^^^^^^^^^^^^^^^^^^^^^
AttributeError: 'Member' object has no attribute 'timed_out_until'
Ignoring exception in on_member_update
Traceback (most recent call last):
  File "/usr/local/lib/python3.12/site-packages/discord/client.py", line 465, in _run_event
    await coro(*args, **kwargs)
  File "/app/asu_discord/cogs/analytics.py", line 652, in on_member_update
    before_timeout = before.timed_out_until
                     ^^^^^^^^^^^^^^^^^^^^^^
AttributeError: 'Member' object has no attribute 'timed_out_until'
Ignoring exception in on_member_update
Traceback (most recent call last):
  File "/usr/local/lib/python3.12/site-packages/discord/client.py", line 465, in _run_event
    await coro(*args, **kwargs)
  File "/app/asu_discord/cogs/analytics.py", line 652, in on_member_update
    before_timeout = before.timed_out_until
                     ^^^^^^^^^^^^^^^^^^^^^^
AttributeError: 'Member' object has no attribute 'timed_out_until'
INFO:asu_discord.cogs.verification:Saved 5 roles to database for user adelava4 (Discord ID: 737346274130526208)
INFO:asu_discord.cogs.verification:Refreshed Salesforce roles for Discord user 737346274130526208: -5/+5 roles, assigned=[Arizona Resident, Commited, First Year, Ira A. Fulton Schools of Engineering, Tempe]
Ignoring exception in on_member_update
Traceback (most recent call last):
  File "/usr/local/lib/python3.12/site-packages/discord/client.py", line 465, in _run_event
    await coro(*args, **kwargs)
  File "/app/asu_discord/cogs/analytics.py", line 652, in on_member_update
    before_timeout = before.timed_out_until
                     ^^^^^^^^^^^^^^^^^^^^^^
AttributeError: 'Member' object has no attribute 'timed_out_until'
Ignoring exception in on_member_update
Traceback (most recent call last):
  File "/usr/local/lib/python3.12/site-packages/discord/client.py", line 465, in _run_event
    await coro(*args, **kwargs)
  File "/app/asu_discord/cogs/analytics.py", line 652, in on_member_update
    before_timeout = before.timed_out_until
                     ^^^^^^^^^^^^^^^^^^^^^^
AttributeError: 'Member' object has no attribute 'timed_out_until'
Ignoring exception in on_member_update
Traceback (most recent call last):
  File "/usr/local/lib/python3.12/site-packages/discord/client.py", line 465, in _run_event
    await coro(*args, **kwargs)
  File "/app/asu_discord/cogs/analytics.py", line 652, in on_member_update
    before_timeout = before.timed_out_until
                     ^^^^^^^^^^^^^^^^^^^^^^
AttributeError: 'Member' object has no attribute 'timed_out_until'
Ignoring exception in on_member_update
Traceback (most recent call last):
  File "/usr/local/lib/python3.12/site-packages/discord/client.py", line 465, in _run_event
    await coro(*args, **kwargs)
  File "/app/asu_discord/cogs/analytics.py", line 652, in on_member_update
    before_timeout = before.timed_out_until
                     ^^^^^^^^^^^^^^^^^^^^^^
AttributeError: 'Member' object has no attribute 'timed_out_until'
Ignoring exception in on_member_update
Traceback (most recent call last):
  File "/usr/local/lib/python3.12/site-packages/discord/client.py", line 465, in _run_event
    await coro(*args, **kwargs)
  File "/app/asu_discord/cogs/analytics.py", line 652, in on_member_update
    before_timeout = before.timed_out_until
                     ^^^^^^^^^^^^^^^^^^^^^^
AttributeError: 'Member' object has no attribute 'timed_out_until'
Ignoring exception in on_member_update
Traceback (most recent call last):
  File "/usr/local/lib/python3.12/site-packages/discord/client.py", line 465, in _run_event
    await coro(*args, **kwargs)
  File "/app/asu_discord/cogs/analytics.py", line 652, in on_member_update
    before_timeout = before.timed_out_until
                     ^^^^^^^^^^^^^^^^^^^^^^
AttributeError: 'Member' object has no attribute 'timed_out_until'
Ignoring exception in on_member_update
Traceback (most recent call last):
  File "/usr/local/lib/python3.12/site-packages/discord/client.py", line 465, in _run_event
    await coro(*args, **kwargs)
  File "/app/asu_discord/cogs/analytics.py", line 652, in on_member_update
    before_timeout = before.timed_out_until
                     ^^^^^^^^^^^^^^^^^^^^^^
AttributeError: 'Member' object has no attribute 'timed_out_until'
Ignoring exception in on_member_update
Traceback (most recent call last):
  File "/usr/local/lib/python3.12/site-packages/discord/client.py", line 465, in _run_event
    await coro(*args, **kwargs)
  File "/app/asu_discord/cogs/analytics.py", line 652, in on_member_update
    before_timeout = before.timed_out_until
                     ^^^^^^^^^^^^^^^^^^^^^^
AttributeError: 'Member' object has no attribute 'timed_out_until'
INFO:asu_discord.cogs.verification:Saved 4 roles to database for user kprodri5 (Discord ID: 733415103839338627)
INFO:asu_discord.cogs.verification:Refreshed Salesforce roles for Discord user 733415103839338627: -4/+4 roles, assigned=[Arizona Resident, College of Liberal Arts and Sciences, First Year, Tempe]
Ignoring exception in on_member_update
Traceback (most recent call last):
  File "/usr/local/lib/python3.12/site-packages/discord/client.py", line 465, in _run_event
    await coro(*args, **kwargs)
  File "/app/asu_discord/cogs/analytics.py", line 652, in on_member_update
    before_timeout = before.timed_out_until
                     ^^^^^^^^^^^^^^^^^^^^^^
AttributeError: 'Member' object has no attribute 'timed_out_until'
Ignoring exception in on_member_update
Traceback (most recent call last):
  File "/usr/local/lib/python3.12/site-packages/discord/client.py", line 465, in _run_event
    await coro(*args, **kwargs)
  File "/app/asu_discord/cogs/analytics.py", line 652, in on_member_update
    before_timeout = before.timed_out_until
                     ^^^^^^^^^^^^^^^^^^^^^^
AttributeError: 'Member' object has no attribute 'timed_out_until'
Ignoring exception in on_member_update
Traceback (most recent call last):
  File "/usr/local/lib/python3.12/site-packages/discord/client.py", line 465, in _run_event
    await coro(*args, **kwargs)
  File "/app/asu_discord/cogs/analytics.py", line 652, in on_member_update
    before_timeout = before.timed_out_until
                     ^^^^^^^^^^^^^^^^^^^^^^
AttributeError: 'Member' object has no attribute 'timed_out_until'
Ignoring exception in on_member_update
Traceback (most recent call last):
  File "/usr/local/lib/python3.12/site-packages/discord/client.py", line 465, in _run_event
    await coro(*args, **kwargs)
  File "/app/asu_discord/cogs/analytics.py", line 652, in on_member_update
    before_timeout = before.timed_out_until
                     ^^^^^^^^^^^^^^^^^^^^^^
AttributeError: 'Member' object has no attribute 'timed_out_until'
Ignoring exception in on_member_update
Traceback (most recent call last):
  File "/usr/local/lib/python3.12/site-packages/discord/client.py", line 465, in _run_event
    await coro(*args, **kwargs)
  File "/app/asu_discord/cogs/analytics.py", line 652, in on_member_update
    before_timeout = before.timed_out_until
                     ^^^^^^^^^^^^^^^^^^^^^^
AttributeError: 'Member' object has no attribute 'timed_out_until'
Ignoring exception in on_member_update
Traceback (most recent call last):
  File "/usr/local/lib/python3.12/site-packages/discord/client.py", line 465, in _run_event
    await coro(*args, **kwargs)
  File "/app/asu_discord/cogs/analytics.py", line 652, in on_member_update
    before_timeout = before.timed_out_until
                     ^^^^^^^^^^^^^^^^^^^^^^
AttributeError: 'Member' object has no attribute 'timed_out_until'
Ignoring exception in on_member_update
Traceback (most recent call last):
  File "/usr/local/lib/python3.12/site-packages/discord/client.py", line 465, in _run_event
    await coro(*args, **kwargs)
  File "/app/asu_discord/cogs/analytics.py", line 652, in on_member_update
    before_timeout = before.timed_out_until
                     ^^^^^^^^^^^^^^^^^^^^^^
AttributeError: 'Member' object has no attribute 'timed_out_until'
Ignoring exception in on_member_update
Traceback (most recent call last):
  File "/usr/local/lib/python3.12/site-packages/discord/client.py", line 465, in _run_event
    await coro(*args, **kwargs)
  File "/app/asu_discord/cogs/analytics.py", line 652, in on_member_update
    before_timeout = before.timed_out_until
                     ^^^^^^^^^^^^^^^^^^^^^^
AttributeError: 'Member' object has no attribute 'timed_out_until'
INFO:asu_discord.cogs.verification:Saved 4 roles to database for user tjlowran (Discord ID: 418144068644765700)
INFO:asu_discord.cogs.verification:Refreshed Salesforce roles for Discord user 418144068644765700: -4/+4 roles, assigned=[First Year, Ira A. Fulton Schools of Engineering, Out of State, Tempe]
ERROR:cron.jobs:refresh_salesforce_roles: failed for huahsuan (Discord ID 349931103915606016): Failed to refresh Salesforce-based roles: Discord user 349931103915606016 is not a member of the guild
Ignoring exception in on_member_update
Traceback (most recent call last):
  File "/usr/local/lib/python3.12/site-packages/discord/client.py", line 465, in _run_event
    await coro(*args, **kwargs)
  File "/app/asu_discord/cogs/analytics.py", line 652, in on_member_update
    before_timeout = before.timed_out_until
                     ^^^^^^^^^^^^^^^^^^^^^^
AttributeError: 'Member' object has no attribute 'timed_out_until'
Ignoring exception in on_member_update
Traceback (most recent call last):
  File "/usr/local/lib/python3.12/site-packages/discord/client.py", line 465, in _run_event
    await coro(*args, **kwargs)
  File "/app/asu_discord/cogs/analytics.py", line 652, in on_member_update
    before_timeout = before.timed_out_until
                     ^^^^^^^^^^^^^^^^^^^^^^
AttributeError: 'Member' object has no attribute 'timed_out_until'
Ignoring exception in on_member_update
Traceback (most recent call last):
  File "/usr/local/lib/python3.12/site-packages/discord/client.py", line 465, in _run_event
    await coro(*args, **kwargs)
  File "/app/asu_discord/cogs/analytics.py", line 652, in on_member_update
    before_timeout = before.timed_out_until
                     ^^^^^^^^^^^^^^^^^^^^^^
AttributeError: 'Member' object has no attribute 'timed_out_until'
Ignoring exception in on_member_update
Traceback (most recent call last):
  File "/usr/local/lib/python3.12/site-packages/discord/client.py", line 465, in _run_event
    await coro(*args, **kwargs)
  File "/app/asu_discord/cogs/analytics.py", line 652, in on_member_update
    before_timeout = before.timed_out_until
                     ^^^^^^^^^^^^^^^^^^^^^^
AttributeError: 'Member' object has no attribute 'timed_out_until'
Ignoring exception in on_member_update
Traceback (most recent call last):
  File "/usr/local/lib/python3.12/site-packages/discord/client.py", line 465, in _run_event
    await coro(*args, **kwargs)
  File "/app/asu_discord/cogs/analytics.py", line 652, in on_member_update
    before_timeout = before.timed_out_until
                     ^^^^^^^^^^^^^^^^^^^^^^
AttributeError: 'Member' object has no attribute 'timed_out_until'
Ignoring exception in on_member_update
Traceback (most recent call last):
  File "/usr/local/lib/python3.12/site-packages/discord/client.py", line 465, in _run_event
    await coro(*args, **kwargs)
  File "/app/asu_discord/cogs/analytics.py", line 652, in on_member_update
    before_timeout = before.timed_out_until
                     ^^^^^^^^^^^^^^^^^^^^^^
AttributeError: 'Member' object has no attribute 'timed_out_until'
Ignoring exception in on_member_update
Traceback (most recent call last):
  File "/usr/local/lib/python3.12/site-packages/discord/client.py", line 465, in _run_event
    await coro(*args, **kwargs)
  File "/app/asu_discord/cogs/analytics.py", line 652, in on_member_update
    before_timeout = before.timed_out_until
                     ^^^^^^^^^^^^^^^^^^^^^^
AttributeError: 'Member' object has no attribute 'timed_out_until'
Ignoring exception in on_member_update
Traceback (most recent call last):
  File "/usr/local/lib/python3.12/site-packages/discord/client.py", line 465, in _run_event
    await coro(*args, **kwargs)
  File "/app/asu_discord/cogs/analytics.py", line 652, in on_member_update
    before_timeout = before.timed_out_until
                     ^^^^^^^^^^^^^^^^^^^^^^
AttributeError: 'Member' object has no attribute 'timed_out_until'
Ignoring exception in on_member_update
Traceback (most recent call last):
  File "/usr/local/lib/python3.12/site-packages/discord/client.py", line 465, in _run_event
    await coro(*args, **kwargs)
  File "/app/asu_discord/cogs/analytics.py", line 652, in on_member_update
    before_timeout = before.timed_out_until
                     ^^^^^^^^^^^^^^^^^^^^^^
AttributeError: 'Member' object has no attribute 'timed_out_until'
Ignoring exception in on_member_update
Traceback (most recent call last):
  File "/usr/local/lib/python3.12/site-packages/discord/client.py", line 465, in _run_event
    await coro(*args, **kwargs)
  File "/app/asu_discord/cogs/analytics.py", line 652, in on_member_update
    before_timeout = before.timed_out_until
                     ^^^^^^^^^^^^^^^^^^^^^^
AttributeError: 'Member' object has no attribute 'timed_out_until'
INFO:asu_discord.cogs.verification:Saved 5 roles to database for user smuppav1 (Discord ID: 1484439849330282609)
INFO:asu_discord.cogs.verification:Refreshed Salesforce roles for Discord user 1484439849330282609: -5/+5 roles, assigned=[Commited, Graduate Student, International Student, Ira A. Fulton Schools of Engineering, Tempe]
Ignoring exception in on_member_update
Traceback (most recent call last):
  File "/usr/local/lib/python3.12/site-packages/discord/client.py", line 465, in _run_event
    await coro(*args, **kwargs)
  File "/app/asu_discord/cogs/analytics.py", line 652, in on_member_update
    before_timeout = before.timed_out_until
                     ^^^^^^^^^^^^^^^^^^^^^^
AttributeError: 'Member' object has no attribute 'timed_out_until'
Ignoring exception in on_member_update
Traceback (most recent call last):
  File "/usr/local/lib/python3.12/site-packages/discord/client.py", line 465, in _run_event
    await coro(*args, **kwargs)
  File "/app/asu_discord/cogs/analytics.py", line 652, in on_member_update
    before_timeout = before.timed_out_until
                     ^^^^^^^^^^^^^^^^^^^^^^
AttributeError: 'Member' object has no attribute 'timed_out_until'
Ignoring exception in on_member_update
Traceback (most recent call last):
  File "/usr/local/lib/python3.12/site-packages/discord/client.py", line 465, in _run_event
    await coro(*args, **kwargs)
  File "/app/asu_discord/cogs/analytics.py", line 652, in on_member_update
    before_timeout = before.timed_out_until
                     ^^^^^^^^^^^^^^^^^^^^^^
AttributeError: 'Member' object has no attribute 'timed_out_until'
Ignoring exception in on_member_update
Traceback (most recent call last):
  File "/usr/local/lib/python3.12/site-packages/discord/client.py", line 465, in _run_event
    await coro(*args, **kwargs)
  File "/app/asu_discord/cogs/analytics.py", line 652, in on_member_update
    before_timeout = before.timed_out_until
                     ^^^^^^^^^^^^^^^^^^^^^^
AttributeError: 'Member' object has no attribute 'timed_out_until'
Ignoring exception in on_member_update
Traceback (most recent call last):
  File "/usr/local/lib/python3.12/site-packages/discord/client.py", line 465, in _run_event
    await coro(*args, **kwargs)
  File "/app/asu_discord/cogs/analytics.py", line 652, in on_member_update
    before_timeout = before.timed_out_until
                     ^^^^^^^^^^^^^^^^^^^^^^
AttributeError: 'Member' object has no attribute 'timed_out_until'
Ignoring exception in on_member_update
Traceback (most recent call last):
  File "/usr/local/lib/python3.12/site-packages/discord/client.py", line 465, in _run_event
    await coro(*args, **kwargs)
  File "/app/asu_discord/cogs/analytics.py", line 652, in on_member_update
    before_timeout = before.timed_out_until
                     ^^^^^^^^^^^^^^^^^^^^^^
AttributeError: 'Member' object has no attribute 'timed_out_until'
Ignoring exception in on_member_update
Traceback (most recent call last):
  File "/usr/local/lib/python3.12/site-packages/discord/client.py", line 465, in _run_event
    await coro(*args, **kwargs)
  File "/app/asu_discord/cogs/analytics.py", line 652, in on_member_update
    before_timeout = before.timed_out_until
                     ^^^^^^^^^^^^^^^^^^^^^^
AttributeError: 'Member' object has no attribute 'timed_out_until'
Ignoring exception in on_member_update
Traceback (most recent call last):
  File "/usr/local/lib/python3.12/site-packages/discord/client.py", line 465, in _run_event
    await coro(*args, **kwargs)
  File "/app/asu_discord/cogs/analytics.py", line 652, in on_member_update
    before_timeout = before.timed_out_until
                     ^^^^^^^^^^^^^^^^^^^^^^
AttributeError: 'Member' object has no attribute 'timed_out_until'
INFO:asu_discord.cogs.verification:Saved 4 roles to database for user weicheh1 (Discord ID: 1488792977882218498)
INFO:asu_discord.cogs.verification:Refreshed Salesforce roles for Discord user 1488792977882218498: -4/+4 roles, assigned=[Graduate Student, International Student, Ira A. Fulton Schools of Engineering, Tempe]
Ignoring exception in on_member_update
Traceback (most recent call last):
  File "/usr/local/lib/python3.12/site-packages/discord/client.py", line 465, in _run_event
    await coro(*args, **kwargs)
  File "/app/asu_discord/cogs/analytics.py", line 652, in on_member_update
    before_timeout = before.timed_out_until
                     ^^^^^^^^^^^^^^^^^^^^^^
AttributeError: 'Member' object has no attribute 'timed_out_until'
Ignoring exception in on_member_update
Traceback (most recent call last):
  File "/usr/local/lib/python3.12/site-packages/discord/client.py", line 465, in _run_event
    await coro(*args, **kwargs)
  File "/app/asu_discord/cogs/analytics.py", line 652, in on_member_update
    before_timeout = before.timed_out_until
                     ^^^^^^^^^^^^^^^^^^^^^^
AttributeError: 'Member' object has no attribute 'timed_out_until'
Ignoring exception in on_member_update
Traceback (most recent call last):
  File "/usr/local/lib/python3.12/site-packages/discord/client.py", line 465, in _run_event
    await coro(*args, **kwargs)
  File "/app/asu_discord/cogs/analytics.py", line 652, in on_member_update
    before_timeout = before.timed_out_until
                     ^^^^^^^^^^^^^^^^^^^^^^
AttributeError: 'Member' object has no attribute 'timed_out_until'
Ignoring exception in on_member_update
Traceback (most recent call last):
  File "/usr/local/lib/python3.12/site-packages/discord/client.py", line 465, in _run_event
    await coro(*args, **kwargs)
  File "/app/asu_discord/cogs/analytics.py", line 652, in on_member_update
    before_timeout = before.timed_out_until
                     ^^^^^^^^^^^^^^^^^^^^^^
AttributeError: 'Member' object has no attribute 'timed_out_until'
Ignoring exception in on_member_update
Traceback (most recent call last):
  File "/usr/local/lib/python3.12/site-packages/discord/client.py", line 465, in _run_event
    await coro(*args, **kwargs)
  File "/app/asu_discord/cogs/analytics.py", line 652, in on_member_update
    before_timeout = before.timed_out_until
                     ^^^^^^^^^^^^^^^^^^^^^^
AttributeError: 'Member' object has no attribute 'timed_out_until'
Ignoring exception in on_member_update
Traceback (most recent call last):
  File "/usr/local/lib/python3.12/site-packages/discord/client.py", line 465, in _run_event
    await coro(*args, **kwargs)
  File "/app/asu_discord/cogs/analytics.py", line 652, in on_member_update
    before_timeout = before.timed_out_until
                     ^^^^^^^^^^^^^^^^^^^^^^
AttributeError: 'Member' object has no attribute 'timed_out_until'
Ignoring exception in on_member_update
Traceback (most recent call last):
  File "/usr/local/lib/python3.12/site-packages/discord/client.py", line 465, in _run_event
    await coro(*args, **kwargs)
  File "/app/asu_discord/cogs/analytics.py", line 652, in on_member_update
    before_timeout = before.timed_out_until
                     ^^^^^^^^^^^^^^^^^^^^^^
AttributeError: 'Member' object has no attribute 'timed_out_until'
Ignoring exception in on_member_update
Traceback (most recent call last):
  File "/usr/local/lib/python3.12/site-packages/discord/client.py", line 465, in _run_event
    await coro(*args, **kwargs)
  File "/app/asu_discord/cogs/analytics.py", line 652, in on_member_update
    before_timeout = before.timed_out_until
                     ^^^^^^^^^^^^^^^^^^^^^^
AttributeError: 'Member' object has no attribute 'timed_out_until'
Ignoring exception in on_member_update
Traceback (most recent call last):
  File "/usr/local/lib/python3.12/site-packages/discord/client.py", line 465, in _run_event
    await coro(*args, **kwargs)
  File "/app/asu_discord/cogs/analytics.py", line 652, in on_member_update
    before_timeout = before.timed_out_until
                     ^^^^^^^^^^^^^^^^^^^^^^
AttributeError: 'Member' object has no attribute 'timed_out_until'
Ignoring exception in on_member_update
Traceback (most recent call last):
  File "/usr/local/lib/python3.12/site-packages/discord/client.py", line 465, in _run_event
    await coro(*args, **kwargs)
  File "/app/asu_discord/cogs/analytics.py", line 652, in on_member_update
    before_timeout = before.timed_out_until
                     ^^^^^^^^^^^^^^^^^^^^^^
AttributeError: 'Member' object has no attribute 'timed_out_until'
INFO:asu_discord.cogs.verification:Saved 5 roles to database for user jtaumalo (Discord ID: 1212116275715641474)
INFO:asu_discord.cogs.verification:Refreshed Salesforce roles for Discord user 1212116275715641474: -5/+5 roles, assigned=[College of Liberal Arts and Sciences, First Generation Student, First Year, Out of State, Tempe]
Ignoring exception in on_member_update
Traceback (most recent call last):
  File "/usr/local/lib/python3.12/site-packages/discord/client.py", line 465, in _run_event
    await coro(*args, **kwargs)
  File "/app/asu_discord/cogs/analytics.py", line 652, in on_member_update
    before_timeout = before.timed_out_until
                     ^^^^^^^^^^^^^^^^^^^^^^
AttributeError: 'Member' object has no attribute 'timed_out_until'
Ignoring exception in on_member_update
Traceback (most recent call last):
  File "/usr/local/lib/python3.12/site-packages/discord/client.py", line 465, in _run_event
    await coro(*args, **kwargs)
  File "/app/asu_discord/cogs/analytics.py", line 652, in on_member_update
    before_timeout = before.timed_out_until
                     ^^^^^^^^^^^^^^^^^^^^^^
AttributeError: 'Member' object has no attribute 'timed_out_until'
Ignoring exception in on_member_update
Traceback (most recent call last):
  File "/usr/local/lib/python3.12/site-packages/discord/client.py", line 465, in _run_event
    await coro(*args, **kwargs)
  File "/app/asu_discord/cogs/analytics.py", line 652, in on_member_update
    before_timeout = before.timed_out_until
                     ^^^^^^^^^^^^^^^^^^^^^^
AttributeError: 'Member' object has no attribute 'timed_out_until'
Ignoring exception in on_member_update
Traceback (most recent call last):
  File "/usr/local/lib/python3.12/site-packages/discord/client.py", line 465, in _run_event
    await coro(*args, **kwargs)
  File "/app/asu_discord/cogs/analytics.py", line 652, in on_member_update
    before_timeout = before.timed_out_until
                     ^^^^^^^^^^^^^^^^^^^^^^
AttributeError: 'Member' object has no attribute 'timed_out_until'
Ignoring exception in on_member_update
Traceback (most recent call last):
  File "/usr/local/lib/python3.12/site-packages/discord/client.py", line 465, in _run_event
    await coro(*args, **kwargs)
  File "/app/asu_discord/cogs/analytics.py", line 652, in on_member_update
    before_timeout = before.timed_out_until
                     ^^^^^^^^^^^^^^^^^^^^^^
AttributeError: 'Member' object has no attribute 'timed_out_until'
Ignoring exception in on_member_update
Traceback (most recent call last):
  File "/usr/local/lib/python3.12/site-packages/discord/client.py", line 465, in _run_event
    await coro(*args, **kwargs)
  File "/app/asu_discord/cogs/analytics.py", line 652, in on_member_update
    before_timeout = before.timed_out_until
                     ^^^^^^^^^^^^^^^^^^^^^^
AttributeError: 'Member' object has no attribute 'timed_out_until'
Ignoring exception in on_member_update
Traceback (most recent call last):
  File "/usr/local/lib/python3.12/site-packages/discord/client.py", line 465, in _run_event
    await coro(*args, **kwargs)
  File "/app/asu_discord/cogs/analytics.py", line 652, in on_member_update
    before_timeout = before.timed_out_until
                     ^^^^^^^^^^^^^^^^^^^^^^
AttributeError: 'Member' object has no attribute 'timed_out_until'
Ignoring exception in on_member_update
Traceback (most recent call last):
  File "/usr/local/lib/python3.12/site-packages/discord/client.py", line 465, in _run_event
    await coro(*args, **kwargs)
  File "/app/asu_discord/cogs/analytics.py", line 652, in on_member_update
    before_timeout = before.timed_out_until
                     ^^^^^^^^^^^^^^^^^^^^^^
AttributeError: 'Member' object has no attribute 'timed_out_until'
Ignoring exception in on_member_update
Traceback (most recent call last):
  File "/usr/local/lib/python3.12/site-packages/discord/client.py", line 465, in _run_event
    await coro(*args, **kwargs)
  File "/app/asu_discord/cogs/analytics.py", line 652, in on_member_update
    before_timeout = before.timed_out_until
                     ^^^^^^^^^^^^^^^^^^^^^^
AttributeError: 'Member' object has no attribute 'timed_out_until'
Ignoring exception in on_member_update
Traceback (most recent call last):
  File "/usr/local/lib/python3.12/site-packages/discord/client.py", line 465, in _run_event
    await coro(*args, **kwargs)
  File "/app/asu_discord/cogs/analytics.py", line 652, in on_member_update
    before_timeout = before.timed_out_until
                     ^^^^^^^^^^^^^^^^^^^^^^
AttributeError: 'Member' object has no attribute 'timed_out_until'
INFO:asu_discord.cogs.verification:Saved 5 roles to database for user malhossa (Discord ID: 525231233106706435)
INFO:asu_discord.cogs.verification:Refreshed Salesforce roles for Discord user 525231233106706435: -5/+5 roles, assigned=[Commited, First Year, International Student, Tempe, W.P. Carey School of Business]
Ignoring exception in on_member_update
Traceback (most recent call last):
  File "/usr/local/lib/python3.12/site-packages/discord/client.py", line 465, in _run_event
    await coro(*args, **kwargs)
  File "/app/asu_discord/cogs/analytics.py", line 652, in on_member_update
    before_timeout = before.timed_out_until
                     ^^^^^^^^^^^^^^^^^^^^^^
AttributeError: 'Member' object has no attribute 'timed_out_until'
Ignoring exception in on_member_update
Traceback (most recent call last):
  File "/usr/local/lib/python3.12/site-packages/discord/client.py", line 465, in _run_event
    await coro(*args, **kwargs)
  File "/app/asu_discord/cogs/analytics.py", line 652, in on_member_update
    before_timeout = before.timed_out_until
                     ^^^^^^^^^^^^^^^^^^^^^^
AttributeError: 'Member' object has no attribute 'timed_out_until'
Ignoring exception in on_member_update
Traceback (most recent call last):
  File "/usr/local/lib/python3.12/site-packages/discord/client.py", line 465, in _run_event
    await coro(*args, **kwargs)
  File "/app/asu_discord/cogs/analytics.py", line 652, in on_member_update
    before_timeout = before.timed_out_until
                     ^^^^^^^^^^^^^^^^^^^^^^
AttributeError: 'Member' object has no attribute 'timed_out_until'
Ignoring exception in on_member_update
Traceback (most recent call last):
  File "/usr/local/lib/python3.12/site-packages/discord/client.py", line 465, in _run_event
    await coro(*args, **kwargs)
  File "/app/asu_discord/cogs/analytics.py", line 652, in on_member_update
    before_timeout = before.timed_out_until
                     ^^^^^^^^^^^^^^^^^^^^^^
AttributeError: 'Member' object has no attribute 'timed_out_until'
Ignoring exception in on_member_update
Traceback (most recent call last):
  File "/usr/local/lib/python3.12/site-packages/discord/client.py", line 465, in _run_event
    await coro(*args, **kwargs)
  File "/app/asu_discord/cogs/analytics.py", line 652, in on_member_update
    before_timeout = before.timed_out_until
                     ^^^^^^^^^^^^^^^^^^^^^^
AttributeError: 'Member' object has no attribute 'timed_out_until'
Ignoring exception in on_member_update
Traceback (most recent call last):
  File "/usr/local/lib/python3.12/site-packages/discord/client.py", line 465, in _run_event
    await coro(*args, **kwargs)
  File "/app/asu_discord/cogs/analytics.py", line 652, in on_member_update
    before_timeout = before.timed_out_until
                     ^^^^^^^^^^^^^^^^^^^^^^
AttributeError: 'Member' object has no attribute 'timed_out_until'
Ignoring exception in on_member_update
Traceback (most recent call last):
  File "/usr/local/lib/python3.12/site-packages/discord/client.py", line 465, in _run_event
    await coro(*args, **kwargs)
  File "/app/asu_discord/cogs/analytics.py", line 652, in on_member_update
    before_timeout = before.timed_out_until
                     ^^^^^^^^^^^^^^^^^^^^^^
AttributeError: 'Member' object has no attribute 'timed_out_until'
Ignoring exception in on_member_update
Traceback (most recent call last):
  File "/usr/local/lib/python3.12/site-packages/discord/client.py", line 465, in _run_event
    await coro(*args, **kwargs)
  File "/app/asu_discord/cogs/analytics.py", line 652, in on_member_update
    before_timeout = before.timed_out_until
                     ^^^^^^^^^^^^^^^^^^^^^^
AttributeError: 'Member' object has no attribute 'timed_out_until'
INFO:asu_discord.cogs.verification:Saved 4 roles to database for user bhard1 (Discord ID: 1488827600208924733)
INFO:asu_discord.cogs.verification:Refreshed Salesforce roles for Discord user 1488827600208924733: -4/+4 roles, assigned=[First Year, Out of State, Tempe, W.P. Carey School of Business]
Ignoring exception in on_member_update
Traceback (most recent call last):
  File "/usr/local/lib/python3.12/site-packages/discord/client.py", line 465, in _run_event
    await coro(*args, **kwargs)
  File "/app/asu_discord/cogs/analytics.py", line 652, in on_member_update
    before_timeout = before.timed_out_until
                     ^^^^^^^^^^^^^^^^^^^^^^
AttributeError: 'Member' object has no attribute 'timed_out_until'
Ignoring exception in on_member_update
Traceback (most recent call last):
  File "/usr/local/lib/python3.12/site-packages/discord/client.py", line 465, in _run_event
    await coro(*args, **kwargs)
  File "/app/asu_discord/cogs/analytics.py", line 652, in on_member_update
    before_timeout = before.timed_out_until
                     ^^^^^^^^^^^^^^^^^^^^^^
AttributeError: 'Member' object has no attribute 'timed_out_until'
Ignoring exception in on_member_update
Traceback (most recent call last):
  File "/usr/local/lib/python3.12/site-packages/discord/client.py", line 465, in _run_event
    await coro(*args, **kwargs)
  File "/app/asu_discord/cogs/analytics.py", line 652, in on_member_update
    before_timeout = before.timed_out_until
                     ^^^^^^^^^^^^^^^^^^^^^^
AttributeError: 'Member' object has no attribute 'timed_out_until'
Ignoring exception in on_member_update
Traceback (most recent call last):
  File "/usr/local/lib/python3.12/site-packages/discord/client.py", line 465, in _run_event
    await coro(*args, **kwargs)
  File "/app/asu_discord/cogs/analytics.py", line 652, in on_member_update
    before_timeout = before.timed_out_until
                     ^^^^^^^^^^^^^^^^^^^^^^
AttributeError: 'Member' object has no attribute 'timed_out_until'
Ignoring exception in on_member_update
Traceback (most recent call last):
  File "/usr/local/lib/python3.12/site-packages/discord/client.py", line 465, in _run_event
    await coro(*args, **kwargs)
  File "/app/asu_discord/cogs/analytics.py", line 652, in on_member_update
    before_timeout = before.timed_out_until
                     ^^^^^^^^^^^^^^^^^^^^^^
AttributeError: 'Member' object has no attribute 'timed_out_until'
Ignoring exception in on_member_update
Traceback (most recent call last):
  File "/usr/local/lib/python3.12/site-packages/discord/client.py", line 465, in _run_event
    await coro(*args, **kwargs)
  File "/app/asu_discord/cogs/analytics.py", line 652, in on_member_update
    before_timeout = before.timed_out_until
                     ^^^^^^^^^^^^^^^^^^^^^^
AttributeError: 'Member' object has no attribute 'timed_out_until'
Ignoring exception in on_member_update
Traceback (most recent call last):
  File "/usr/local/lib/python3.12/site-packages/discord/client.py", line 465, in _run_event
    await coro(*args, **kwargs)
  File "/app/asu_discord/cogs/analytics.py", line 652, in on_member_update
    before_timeout = before.timed_out_until
                     ^^^^^^^^^^^^^^^^^^^^^^
AttributeError: 'Member' object has no attribute 'timed_out_until'
Ignoring exception in on_member_update
Traceback (most recent call last):
  File "/usr/local/lib/python3.12/site-packages/discord/client.py", line 465, in _run_event
    await coro(*args, **kwargs)
  File "/app/asu_discord/cogs/analytics.py", line 652, in on_member_update
    before_timeout = before.timed_out_until
                     ^^^^^^^^^^^^^^^^^^^^^^
AttributeError: 'Member' object has no attribute 'timed_out_until'
INFO:asu_discord.cogs.verification:Saved 4 roles to database for user zihanmei (Discord ID: 1488826759456620677)
INFO:asu_discord.cogs.verification:Refreshed Salesforce roles for Discord user 1488826759456620677: -4/+4 roles, assigned=[Graduate Student, International Student, Ira A. Fulton Schools of Engineering, Tempe]
Ignoring exception in on_member_update
Traceback (most recent call last):
  File "/usr/local/lib/python3.12/site-packages/discord/client.py", line 465, in _run_event
    await coro(*args, **kwargs)
  File "/app/asu_discord/cogs/analytics.py", line 652, in on_member_update
    before_timeout = before.timed_out_until
                     ^^^^^^^^^^^^^^^^^^^^^^
AttributeError: 'Member' object has no attribute 'timed_out_until'
Ignoring exception in on_member_update
Traceback (most recent call last):
  File "/usr/local/lib/python3.12/site-packages/discord/client.py", line 465, in _run_event
    await coro(*args, **kwargs)
  File "/app/asu_discord/cogs/analytics.py", line 652, in on_member_update
    before_timeout = before.timed_out_until
                     ^^^^^^^^^^^^^^^^^^^^^^
AttributeError: 'Member' object has no attribute 'timed_out_until'
Ignoring exception in on_member_update
Traceback (most recent call last):
  File "/usr/local/lib/python3.12/site-packages/discord/client.py", line 465, in _run_event
    await coro(*args, **kwargs)
  File "/app/asu_discord/cogs/analytics.py", line 652, in on_member_update
    before_timeout = before.timed_out_until
                     ^^^^^^^^^^^^^^^^^^^^^^
AttributeError: 'Member' object has no attribute 'timed_out_until'
Ignoring exception in on_member_update
Traceback (most recent call last):
  File "/usr/local/lib/python3.12/site-packages/discord/client.py", line 465, in _run_event
    await coro(*args, **kwargs)
  File "/app/asu_discord/cogs/analytics.py", line 652, in on_member_update
    before_timeout = before.timed_out_until
                     ^^^^^^^^^^^^^^^^^^^^^^
AttributeError: 'Member' object has no attribute 'timed_out_until'
Ignoring exception in on_member_update
Traceback (most recent call last):
  File "/usr/local/lib/python3.12/site-packages/discord/client.py", line 465, in _run_event
    await coro(*args, **kwargs)
  File "/app/asu_discord/cogs/analytics.py", line 652, in on_member_update
    before_timeout = before.timed_out_until
                     ^^^^^^^^^^^^^^^^^^^^^^
AttributeError: 'Member' object has no attribute 'timed_out_until'
Ignoring exception in on_member_update
Traceback (most recent call last):
  File "/usr/local/lib/python3.12/site-packages/discord/client.py", line 465, in _run_event
    await coro(*args, **kwargs)
  File "/app/asu_discord/cogs/analytics.py", line 652, in on_member_update
    before_timeout = before.timed_out_until
                     ^^^^^^^^^^^^^^^^^^^^^^
AttributeError: 'Member' object has no attribute 'timed_out_until'
Ignoring exception in on_member_update
Traceback (most recent call last):
  File "/usr/local/lib/python3.12/site-packages/discord/client.py", line 465, in _run_event
    await coro(*args, **kwargs)
  File "/app/asu_discord/cogs/analytics.py", line 652, in on_member_update
    before_timeout = before.timed_out_until
                     ^^^^^^^^^^^^^^^^^^^^^^
AttributeError: 'Member' object has no attribute 'timed_out_until'
Ignoring exception in on_member_update
Traceback (most recent call last):
  File "/usr/local/lib/python3.12/site-packages/discord/client.py", line 465, in _run_event
    await coro(*args, **kwargs)
  File "/app/asu_discord/cogs/analytics.py", line 652, in on_member_update
    before_timeout = before.timed_out_until
                     ^^^^^^^^^^^^^^^^^^^^^^
AttributeError: 'Member' object has no attribute 'timed_out_until'
Ignoring exception in on_member_update
Traceback (most recent call last):
  File "/usr/local/lib/python3.12/site-packages/discord/client.py", line 465, in _run_event
    await coro(*args, **kwargs)
  File "/app/asu_discord/cogs/analytics.py", line 652, in on_member_update
    before_timeout = before.timed_out_until
                     ^^^^^^^^^^^^^^^^^^^^^^
AttributeError: 'Member' object has no attribute 'timed_out_until'
Ignoring exception in on_member_update
Traceback (most recent call last):
  File "/usr/local/lib/python3.12/site-packages/discord/client.py", line 465, in _run_event
    await coro(*args, **kwargs)
  File "/app/asu_discord/cogs/analytics.py", line 652, in on_member_update
    before_timeout = before.timed_out_until
                     ^^^^^^^^^^^^^^^^^^^^^^
AttributeError: 'Member' object has no attribute 'timed_out_until'
ERROR:cron.jobs:refresh_salesforce_roles: failed for woladunj (Discord ID 1235017801966555237): Timed out refresh Salesforce-based roles
Ignoring exception in on_member_update
Traceback (most recent call last):
  File "/usr/local/lib/python3.12/site-packages/discord/client.py", line 465, in _run_event
    await coro(*args, **kwargs)
  File "/app/asu_discord/cogs/analytics.py", line 652, in on_member_update
    before_timeout = before.timed_out_until
                     ^^^^^^^^^^^^^^^^^^^^^^
AttributeError: 'Member' object has no attribute 'timed_out_until'
Ignoring exception in on_member_update
Traceback (most recent call last):
  File "/usr/local/lib/python3.12/site-packages/discord/client.py", line 465, in _run_event
    await coro(*args, **kwargs)
  File "/app/asu_discord/cogs/analytics.py", line 652, in on_member_update
    before_timeout = before.timed_out_until
                     ^^^^^^^^^^^^^^^^^^^^^^
AttributeError: 'Member' object has no attribute 'timed_out_until'
Ignoring exception in on_member_update
Traceback (most recent call last):
  File "/usr/local/lib/python3.12/site-packages/discord/client.py", line 465, in _run_event
    await coro(*args, **kwargs)
  File "/app/asu_discord/cogs/analytics.py", line 652, in on_member_update
    before_timeout = before.timed_out_until
                     ^^^^^^^^^^^^^^^^^^^^^^
AttributeError: 'Member' object has no attribute 'timed_out_until'
Ignoring exception in on_member_update
Traceback (most recent call last):
  File "/usr/local/lib/python3.12/site-packages/discord/client.py", line 465, in _run_event
    await coro(*args, **kwargs)
  File "/app/asu_discord/cogs/analytics.py", line 652, in on_member_update
    before_timeout = before.timed_out_until
                     ^^^^^^^^^^^^^^^^^^^^^^
AttributeError: 'Member' object has no attribute 'timed_out_until'
Ignoring exception in on_member_update
Traceback (most recent call last):
  File "/usr/local/lib/python3.12/site-packages/discord/client.py", line 465, in _run_event
    await coro(*args, **kwargs)
  File "/app/asu_discord/cogs/analytics.py", line 652, in on_member_update
    before_timeout = before.timed_out_until
                     ^^^^^^^^^^^^^^^^^^^^^^
AttributeError: 'Member' object has no attribute 'timed_out_until'
Ignoring exception in on_member_update
Traceback (most recent call last):
  File "/usr/local/lib/python3.12/site-packages/discord/client.py", line 465, in _run_event
    await coro(*args, **kwargs)
  File "/app/asu_discord/cogs/analytics.py", line 652, in on_member_update
    before_timeout = before.timed_out_until
                     ^^^^^^^^^^^^^^^^^^^^^^
AttributeError: 'Member' object has no attribute 'timed_out_until'
Ignoring exception in on_member_update
Traceback (most recent call last):
  File "/usr/local/lib/python3.12/site-packages/discord/client.py", line 465, in _run_event
    await coro(*args, **kwargs)
  File "/app/asu_discord/cogs/analytics.py", line 652, in on_member_update
    before_timeout = before.timed_out_until
                     ^^^^^^^^^^^^^^^^^^^^^^
AttributeError: 'Member' object has no attribute 'timed_out_until'
Ignoring exception in on_member_update
Traceback (most recent call last):
  File "/usr/local/lib/python3.12/site-packages/discord/client.py", line 465, in _run_event
    await coro(*args, **kwargs)
  File "/app/asu_discord/cogs/analytics.py", line 652, in on_member_update
    before_timeout = before.timed_out_until
                     ^^^^^^^^^^^^^^^^^^^^^^
AttributeError: 'Member' object has no attribute 'timed_out_until'
INFO:asu_discord.cogs.verification:Saved 4 roles to database for user ssakthi7 (Discord ID: 1488897480643973284)
INFO:asu_discord.cogs.verification:Refreshed Salesforce roles for Discord user 1488897480643973284: -4/+4 roles, assigned=[Graduate Student, International Student, Tempe, W.P. Carey School of Business]
Ignoring exception in on_member_update
Traceback (most recent call last):
  File "/usr/local/lib/python3.12/site-packages/discord/client.py", line 465, in _run_event
    await coro(*args, **kwargs)
  File "/app/asu_discord/cogs/analytics.py", line 652, in on_member_update
    before_timeout = before.timed_out_until
                     ^^^^^^^^^^^^^^^^^^^^^^
AttributeError: 'Member' object has no attribute 'timed_out_until'
Ignoring exception in on_member_update
Traceback (most recent call last):
  File "/usr/local/lib/python3.12/site-packages/discord/client.py", line 465, in _run_event
    await coro(*args, **kwargs)
  File "/app/asu_discord/cogs/analytics.py", line 652, in on_member_update
    before_timeout = before.timed_out_until
                     ^^^^^^^^^^^^^^^^^^^^^^
AttributeError: 'Member' object has no attribute 'timed_out_until'
Ignoring exception in on_member_update
Traceback (most recent call last):
  File "/usr/local/lib/python3.12/site-packages/discord/client.py", line 465, in _run_event
    await coro(*args, **kwargs)
  File "/app/asu_discord/cogs/analytics.py", line 652, in on_member_update
    before_timeout = before.timed_out_until
                     ^^^^^^^^^^^^^^^^^^^^^^
AttributeError: 'Member' object has no attribute 'timed_out_until'
Ignoring exception in on_member_update
Traceback (most recent call last):
  File "/usr/local/lib/python3.12/site-packages/discord/client.py", line 465, in _run_event
    await coro(*args, **kwargs)
  File "/app/asu_discord/cogs/analytics.py", line 652, in on_member_update
    before_timeout = before.timed_out_until
                     ^^^^^^^^^^^^^^^^^^^^^^
AttributeError: 'Member' object has no attribute 'timed_out_until'
Ignoring exception in on_member_update
Traceback (most recent call last):
  File "/usr/local/lib/python3.12/site-packages/discord/client.py", line 465, in _run_event
    await coro(*args, **kwargs)
  File "/app/asu_discord/cogs/analytics.py", line 652, in on_member_update
    before_timeout = before.timed_out_until
                     ^^^^^^^^^^^^^^^^^^^^^^
AttributeError: 'Member' object has no attribute 'timed_out_until'
Ignoring exception in on_member_update
Traceback (most recent call last):
  File "/usr/local/lib/python3.12/site-packages/discord/client.py", line 465, in _run_event
    await coro(*args, **kwargs)
  File "/app/asu_discord/cogs/analytics.py", line 652, in on_member_update
    before_timeout = before.timed_out_until
                     ^^^^^^^^^^^^^^^^^^^^^^
AttributeError: 'Member' object has no attribute 'timed_out_until'
Ignoring exception in on_member_update
Traceback (most recent call last):
  File "/usr/local/lib/python3.12/site-packages/discord/client.py", line 465, in _run_event
    await coro(*args, **kwargs)
  File "/app/asu_discord/cogs/analytics.py", line 652, in on_member_update
    before_timeout = before.timed_out_until
                     ^^^^^^^^^^^^^^^^^^^^^^
AttributeError: 'Member' object has no attribute 'timed_out_until'
Ignoring exception in on_member_update
Traceback (most recent call last):
  File "/usr/local/lib/python3.12/site-packages/discord/client.py", line 465, in _run_event
    await coro(*args, **kwargs)
  File "/app/asu_discord/cogs/analytics.py", line 652, in on_member_update
    before_timeout = before.timed_out_until
                     ^^^^^^^^^^^^^^^^^^^^^^
AttributeError: 'Member' object has no attribute 'timed_out_until'
Ignoring exception in on_member_update
Traceback (most recent call last):
  File "/usr/local/lib/python3.12/site-packages/discord/client.py", line 465, in _run_event
    await coro(*args, **kwargs)
  File "/app/asu_discord/cogs/analytics.py", line 652, in on_member_update
    before_timeout = before.timed_out_until
                     ^^^^^^^^^^^^^^^^^^^^^^
AttributeError: 'Member' object has no attribute 'timed_out_until'
Ignoring exception in on_member_update
Traceback (most recent call last):
  File "/usr/local/lib/python3.12/site-packages/discord/client.py", line 465, in _run_event
    await coro(*args, **kwargs)
  File "/app/asu_discord/cogs/analytics.py", line 652, in on_member_update
    before_timeout = before.timed_out_until
                     ^^^^^^^^^^^^^^^^^^^^^^
AttributeError: 'Member' object has no attribute 'timed_out_until'
INFO:asu_discord.cogs.verification:Saved 5 roles to database for user aburgund (Discord ID: 596395343994945556)
INFO:asu_discord.cogs.verification:Refreshed Salesforce roles for Discord user 596395343994945556: -5/+5 roles, assigned=[Arizona Resident, College of Liberal Arts and Sciences, Commited, First Year, Tempe]
Ignoring exception in on_member_update
Traceback (most recent call last):
  File "/usr/local/lib/python3.12/site-packages/discord/client.py", line 465, in _run_event
    await coro(*args, **kwargs)
  File "/app/asu_discord/cogs/analytics.py", line 652, in on_member_update
    before_timeout = before.timed_out_until
                     ^^^^^^^^^^^^^^^^^^^^^^
AttributeError: 'Member' object has no attribute 'timed_out_until'
Ignoring exception in on_member_update
Traceback (most recent call last):
  File "/usr/local/lib/python3.12/site-packages/discord/client.py", line 465, in _run_event
    await coro(*args, **kwargs)
  File "/app/asu_discord/cogs/analytics.py", line 652, in on_member_update
    before_timeout = before.timed_out_until
                     ^^^^^^^^^^^^^^^^^^^^^^
AttributeError: 'Member' object has no attribute 'timed_out_until'
Ignoring exception in on_member_update
Traceback (most recent call last):
  File "/usr/local/lib/python3.12/site-packages/discord/client.py", line 465, in _run_event
    await coro(*args, **kwargs)
  File "/app/asu_discord/cogs/analytics.py", line 652, in on_member_update
    before_timeout = before.timed_out_until
                     ^^^^^^^^^^^^^^^^^^^^^^
AttributeError: 'Member' object has no attribute 'timed_out_until'
Ignoring exception in on_member_update
Traceback (most recent call last):
  File "/usr/local/lib/python3.12/site-packages/discord/client.py", line 465, in _run_event
    await coro(*args, **kwargs)
  File "/app/asu_discord/cogs/analytics.py", line 652, in on_member_update
    before_timeout = before.timed_out_until
                     ^^^^^^^^^^^^^^^^^^^^^^
AttributeError: 'Member' object has no attribute 'timed_out_until'
Ignoring exception in on_member_update
Traceback (most recent call last):
  File "/usr/local/lib/python3.12/site-packages/discord/client.py", line 465, in _run_event
    await coro(*args, **kwargs)
  File "/app/asu_discord/cogs/analytics.py", line 652, in on_member_update
    before_timeout = before.timed_out_until
                     ^^^^^^^^^^^^^^^^^^^^^^
AttributeError: 'Member' object has no attribute 'timed_out_until'
Ignoring exception in on_member_update
Traceback (most recent call last):
  File "/usr/local/lib/python3.12/site-packages/discord/client.py", line 465, in _run_event
    await coro(*args, **kwargs)
  File "/app/asu_discord/cogs/analytics.py", line 652, in on_member_update
    before_timeout = before.timed_out_until
                     ^^^^^^^^^^^^^^^^^^^^^^
AttributeError: 'Member' object has no attribute 'timed_out_until'
Ignoring exception in on_member_update
Traceback (most recent call last):
  File "/usr/local/lib/python3.12/site-packages/discord/client.py", line 465, in _run_event
    await coro(*args, **kwargs)
  File "/app/asu_discord/cogs/analytics.py", line 652, in on_member_update
    before_timeout = before.timed_out_until
                     ^^^^^^^^^^^^^^^^^^^^^^
AttributeError: 'Member' object has no attribute 'timed_out_until'
Ignoring exception in on_member_update
Traceback (most recent call last):
  File "/usr/local/lib/python3.12/site-packages/discord/client.py", line 465, in _run_event
    await coro(*args, **kwargs)
  File "/app/asu_discord/cogs/analytics.py", line 652, in on_member_update
    before_timeout = before.timed_out_until
                     ^^^^^^^^^^^^^^^^^^^^^^
AttributeError: 'Member' object has no attribute 'timed_out_until'
INFO:asu_discord.cogs.verification:Saved 4 roles to database for user smsalhaj (Discord ID: 701125403695251477)
INFO:asu_discord.cogs.verification:Refreshed Salesforce roles for Discord user 701125403695251477: -4/+4 roles, assigned=[College of Global Futures, First Year, International Student, Tempe]
Ignoring exception in on_member_update
Traceback (most recent call last):
  File "/usr/local/lib/python3.12/site-packages/discord/client.py", line 465, in _run_event
    await coro(*args, **kwargs)
  File "/app/asu_discord/cogs/analytics.py", line 652, in on_member_update
    before_timeout = before.timed_out_until
                     ^^^^^^^^^^^^^^^^^^^^^^
AttributeError: 'Member' object has no attribute 'timed_out_until'
Ignoring exception in on_member_update
Traceback (most recent call last):
  File "/usr/local/lib/python3.12/site-packages/discord/client.py", line 465, in _run_event
    await coro(*args, **kwargs)
  File "/app/asu_discord/cogs/analytics.py", line 652, in on_member_update
    before_timeout = before.timed_out_until
                     ^^^^^^^^^^^^^^^^^^^^^^
AttributeError: 'Member' object has no attribute 'timed_out_until'
Ignoring exception in on_member_update
Traceback (most recent call last):
  File "/usr/local/lib/python3.12/site-packages/discord/client.py", line 465, in _run_event
    await coro(*args, **kwargs)
  File "/app/asu_discord/cogs/analytics.py", line 652, in on_member_update
    before_timeout = before.timed_out_until
                     ^^^^^^^^^^^^^^^^^^^^^^
AttributeError: 'Member' object has no attribute 'timed_out_until'
Ignoring exception in on_member_update
Traceback (most recent call last):
  File "/usr/local/lib/python3.12/site-packages/discord/client.py", line 465, in _run_event
    await coro(*args, **kwargs)
  File "/app/asu_discord/cogs/analytics.py", line 652, in on_member_update
    before_timeout = before.timed_out_until
                     ^^^^^^^^^^^^^^^^^^^^^^
AttributeError: 'Member' object has no attribute 'timed_out_until'
Ignoring exception in on_member_update
Traceback (most recent call last):
  File "/usr/local/lib/python3.12/site-packages/discord/client.py", line 465, in _run_event
    await coro(*args, **kwargs)
  File "/app/asu_discord/cogs/analytics.py", line 652, in on_member_update
    before_timeout = before.timed_out_until
                     ^^^^^^^^^^^^^^^^^^^^^^
AttributeError: 'Member' object has no attribute 'timed_out_until'
Ignoring exception in on_member_update
Traceback (most recent call last):
  File "/usr/local/lib/python3.12/site-packages/discord/client.py", line 465, in _run_event
    await coro(*args, **kwargs)
  File "/app/asu_discord/cogs/analytics.py", line 652, in on_member_update
    before_timeout = before.timed_out_until
                     ^^^^^^^^^^^^^^^^^^^^^^
AttributeError: 'Member' object has no attribute 'timed_out_until'
Ignoring exception in on_member_update
Traceback (most recent call last):
  File "/usr/local/lib/python3.12/site-packages/discord/client.py", line 465, in _run_event
    await coro(*args, **kwargs)
  File "/app/asu_discord/cogs/analytics.py", line 652, in on_member_update
    before_timeout = before.timed_out_until
                     ^^^^^^^^^^^^^^^^^^^^^^
AttributeError: 'Member' object has no attribute 'timed_out_until'
Ignoring exception in on_member_update
Traceback (most recent call last):
  File "/usr/local/lib/python3.12/site-packages/discord/client.py", line 465, in _run_event
    await coro(*args, **kwargs)
  File "/app/asu_discord/cogs/analytics.py", line 652, in on_member_update
    before_timeout = before.timed_out_until
                     ^^^^^^^^^^^^^^^^^^^^^^
AttributeError: 'Member' object has no attribute 'timed_out_until'
Ignoring exception in on_member_update
Traceback (most recent call last):
  File "/usr/local/lib/python3.12/site-packages/discord/client.py", line 465, in _run_event
    await coro(*args, **kwargs)
  File "/app/asu_discord/cogs/analytics.py", line 652, in on_member_update
    before_timeout = before.timed_out_until
                     ^^^^^^^^^^^^^^^^^^^^^^
AttributeError: 'Member' object has no attribute 'timed_out_until'
INFO:asu_discord.cogs.verification:Saved 5 roles to database for user jlbricke (Discord ID: 684921395486130205)
INFO:asu_discord.cogs.verification:Refreshed Salesforce roles for Discord user 684921395486130205: -5/+4 roles, assigned=[Arizona Resident, College of Global Futures, Commited, First Year, Tempe]
Ignoring exception in on_member_update
Traceback (most recent call last):
  File "/usr/local/lib/python3.12/site-packages/discord/client.py", line 465, in _run_event
    await coro(*args, **kwargs)
  File "/app/asu_discord/cogs/analytics.py", line 652, in on_member_update
    before_timeout = before.timed_out_until
                     ^^^^^^^^^^^^^^^^^^^^^^
AttributeError: 'Member' object has no attribute 'timed_out_until'
Ignoring exception in on_member_update
Traceback (most recent call last):
  File "/usr/local/lib/python3.12/site-packages/discord/client.py", line 465, in _run_event
    await coro(*args, **kwargs)
  File "/app/asu_discord/cogs/analytics.py", line 652, in on_member_update
    before_timeout = before.timed_out_until
                     ^^^^^^^^^^^^^^^^^^^^^^
AttributeError: 'Member' object has no attribute 'timed_out_until'
Ignoring exception in on_member_update
Traceback (most recent call last):
  File "/usr/local/lib/python3.12/site-packages/discord/client.py", line 465, in _run_event
    await coro(*args, **kwargs)
  File "/app/asu_discord/cogs/analytics.py", line 652, in on_member_update
    before_timeout = before.timed_out_until
                     ^^^^^^^^^^^^^^^^^^^^^^
AttributeError: 'Member' object has no attribute 'timed_out_until'
Ignoring exception in on_member_update
Traceback (most recent call last):
  File "/usr/local/lib/python3.12/site-packages/discord/client.py", line 465, in _run_event
    await coro(*args, **kwargs)
  File "/app/asu_discord/cogs/analytics.py", line 652, in on_member_update
    before_timeout = before.timed_out_until
                     ^^^^^^^^^^^^^^^^^^^^^^
AttributeError: 'Member' object has no attribute 'timed_out_until'
Ignoring exception in on_member_update
Traceback (most recent call last):
  File "/usr/local/lib/python3.12/site-packages/discord/client.py", line 465, in _run_event
    await coro(*args, **kwargs)
  File "/app/asu_discord/cogs/analytics.py", line 652, in on_member_update
    before_timeout = before.timed_out_until
                     ^^^^^^^^^^^^^^^^^^^^^^
AttributeError: 'Member' object has no attribute 'timed_out_until'
Ignoring exception in on_member_update
Traceback (most recent call last):
  File "/usr/local/lib/python3.12/site-packages/discord/client.py", line 465, in _run_event
    await coro(*args, **kwargs)
  File "/app/asu_discord/cogs/analytics.py", line 652, in on_member_update
    before_timeout = before.timed_out_until
                     ^^^^^^^^^^^^^^^^^^^^^^
AttributeError: 'Member' object has no attribute 'timed_out_until'
Ignoring exception in on_member_update
Traceback (most recent call last):
  File "/usr/local/lib/python3.12/site-packages/discord/client.py", line 465, in _run_event
    await coro(*args, **kwargs)
  File "/app/asu_discord/cogs/analytics.py", line 652, in on_member_update
    before_timeout = before.timed_out_until
                     ^^^^^^^^^^^^^^^^^^^^^^
AttributeError: 'Member' object has no attribute 'timed_out_until'
Ignoring exception in on_member_update
Traceback (most recent call last):
  File "/usr/local/lib/python3.12/site-packages/discord/client.py", line 465, in _run_event
    await coro(*args, **kwargs)
  File "/app/asu_discord/cogs/analytics.py", line 652, in on_member_update
    before_timeout = before.timed_out_until
                     ^^^^^^^^^^^^^^^^^^^^^^
AttributeError: 'Member' object has no attribute 'timed_out_until'
Ignoring exception in on_member_update
Traceback (most recent call last):
  File "/usr/local/lib/python3.12/site-packages/discord/client.py", line 465, in _run_event
    await coro(*args, **kwargs)
  File "/app/asu_discord/cogs/analytics.py", line 652, in on_member_update
    before_timeout = before.timed_out_until
                     ^^^^^^^^^^^^^^^^^^^^^^
AttributeError: 'Member' object has no attribute 'timed_out_until'
Ignoring exception in on_member_update
Traceback (most recent call last):
  File "/usr/local/lib/python3.12/site-packages/discord/client.py", line 465, in _run_event
    await coro(*args, **kwargs)
  File "/app/asu_discord/cogs/analytics.py", line 652, in on_member_update
    before_timeout = before.timed_out_until
                     ^^^^^^^^^^^^^^^^^^^^^^
AttributeError: 'Member' object has no attribute 'timed_out_until'
INFO:asu_discord.cogs.verification:Saved 5 roles to database for user svatambe (Discord ID: 745862586905395210)
INFO:asu_discord.cogs.verification:Refreshed Salesforce roles for Discord user 745862586905395210: -5/+5 roles, assigned=[Arizona Resident, Commited, Downtown Phoenix, Edson College of Nursing and Health Innovation, First Year]
Ignoring exception in on_member_update
Traceback (most recent call last):
  File "/usr/local/lib/python3.12/site-packages/discord/client.py", line 465, in _run_event
    await coro(*args, **kwargs)
  File "/app/asu_discord/cogs/analytics.py", line 652, in on_member_update
    before_timeout = before.timed_out_until
                     ^^^^^^^^^^^^^^^^^^^^^^
AttributeError: 'Member' object has no attribute 'timed_out_until'
Ignoring exception in on_member_update
Traceback (most recent call last):
  File "/usr/local/lib/python3.12/site-packages/discord/client.py", line 465, in _run_event
    await coro(*args, **kwargs)
  File "/app/asu_discord/cogs/analytics.py", line 652, in on_member_update
    before_timeout = before.timed_out_until
                     ^^^^^^^^^^^^^^^^^^^^^^
AttributeError: 'Member' object has no attribute 'timed_out_until'
Ignoring exception in on_member_update
Traceback (most recent call last):
  File "/usr/local/lib/python3.12/site-packages/discord/client.py", line 465, in _run_event
    await coro(*args, **kwargs)
  File "/app/asu_discord/cogs/analytics.py", line 652, in on_member_update
    before_timeout = before.timed_out_until
                     ^^^^^^^^^^^^^^^^^^^^^^
AttributeError: 'Member' object has no attribute 'timed_out_until'
Ignoring exception in on_member_update
Traceback (most recent call last):
  File "/usr/local/lib/python3.12/site-packages/discord/client.py", line 465, in _run_event
    await coro(*args, **kwargs)
  File "/app/asu_discord/cogs/analytics.py", line 652, in on_member_update
    before_timeout = before.timed_out_until
                     ^^^^^^^^^^^^^^^^^^^^^^
AttributeError: 'Member' object has no attribute 'timed_out_until'
Ignoring exception in on_member_update
Traceback (most recent call last):
  File "/usr/local/lib/python3.12/site-packages/discord/client.py", line 465, in _run_event
    await coro(*args, **kwargs)
  File "/app/asu_discord/cogs/analytics.py", line 652, in on_member_update
    before_timeout = before.timed_out_until
                     ^^^^^^^^^^^^^^^^^^^^^^
AttributeError: 'Member' object has no attribute 'timed_out_until'
Ignoring exception in on_member_update
Traceback (most recent call last):
  File "/usr/local/lib/python3.12/site-packages/discord/client.py", line 465, in _run_event
    await coro(*args, **kwargs)
  File "/app/asu_discord/cogs/analytics.py", line 652, in on_member_update
    before_timeout = before.timed_out_until
                     ^^^^^^^^^^^^^^^^^^^^^^
AttributeError: 'Member' object has no attribute 'timed_out_until'
Ignoring exception in on_member_update
Traceback (most recent call last):
  File "/usr/local/lib/python3.12/site-packages/discord/client.py", line 465, in _run_event
    await coro(*args, **kwargs)
  File "/app/asu_discord/cogs/analytics.py", line 652, in on_member_update
    before_timeout = before.timed_out_until
                     ^^^^^^^^^^^^^^^^^^^^^^
AttributeError: 'Member' object has no attribute 'timed_out_until'
Ignoring exception in on_member_update
Traceback (most recent call last):
  File "/usr/local/lib/python3.12/site-packages/discord/client.py", line 465, in _run_event
    await coro(*args, **kwargs)
  File "/app/asu_discord/cogs/analytics.py", line 652, in on_member_update
    before_timeout = before.timed_out_until
                     ^^^^^^^^^^^^^^^^^^^^^^
AttributeError: 'Member' object has no attribute 'timed_out_until'
Ignoring exception in on_member_update
Traceback (most recent call last):
  File "/usr/local/lib/python3.12/site-packages/discord/client.py", line 465, in _run_event
    await coro(*args, **kwargs)
  File "/app/asu_discord/cogs/analytics.py", line 652, in on_member_update
    before_timeout = before.timed_out_until
                     ^^^^^^^^^^^^^^^^^^^^^^
AttributeError: 'Member' object has no attribute 'timed_out_until'
Ignoring exception in on_member_update
Traceback (most recent call last):
  File "/usr/local/lib/python3.12/site-packages/discord/client.py", line 465, in _run_event
    await coro(*args, **kwargs)
  File "/app/asu_discord/cogs/analytics.py", line 652, in on_member_update
    before_timeout = before.timed_out_until
                     ^^^^^^^^^^^^^^^^^^^^^^
AttributeError: 'Member' object has no attribute 'timed_out_until'
INFO:asu_discord.cogs.verification:Saved 5 roles to database for user staher (Discord ID: 1488930089654816789)
INFO:asu_discord.cogs.verification:Refreshed Salesforce roles for Discord user 1488930089654816789: -5/+5 roles, assigned=[Arizona Resident, Commited, Downtown Phoenix, First Year, Walter Cronkite School of Journalism and Mass Communication]
Ignoring exception in on_member_update
Traceback (most recent call last):
  File "/usr/local/lib/python3.12/site-packages/discord/client.py", line 465, in _run_event
    await coro(*args, **kwargs)
  File "/app/asu_discord/cogs/analytics.py", line 652, in on_member_update
    before_timeout = before.timed_out_until
                     ^^^^^^^^^^^^^^^^^^^^^^
AttributeError: 'Member' object has no attribute 'timed_out_until'
Ignoring exception in on_member_update
Traceback (most recent call last):
  File "/usr/local/lib/python3.12/site-packages/discord/client.py", line 465, in _run_event
    await coro(*args, **kwargs)
  File "/app/asu_discord/cogs/analytics.py", line 652, in on_member_update
    before_timeout = before.timed_out_until
                     ^^^^^^^^^^^^^^^^^^^^^^
AttributeError: 'Member' object has no attribute 'timed_out_until'
Ignoring exception in on_member_update
Traceback (most recent call last):
  File "/usr/local/lib/python3.12/site-packages/discord/client.py", line 465, in _run_event
    await coro(*args, **kwargs)
  File "/app/asu_discord/cogs/analytics.py", line 652, in on_member_update
    before_timeout = before.timed_out_until
                     ^^^^^^^^^^^^^^^^^^^^^^
AttributeError: 'Member' object has no attribute 'timed_out_until'
Ignoring exception in on_member_update
Traceback (most recent call last):
  File "/usr/local/lib/python3.12/site-packages/discord/client.py", line 465, in _run_event
    await coro(*args, **kwargs)
  File "/app/asu_discord/cogs/analytics.py", line 652, in on_member_update
    before_timeout = before.timed_out_until
                     ^^^^^^^^^^^^^^^^^^^^^^
AttributeError: 'Member' object has no attribute 'timed_out_until'
Ignoring exception in on_member_update
Traceback (most recent call last):
  File "/usr/local/lib/python3.12/site-packages/discord/client.py", line 465, in _run_event
    await coro(*args, **kwargs)
  File "/app/asu_discord/cogs/analytics.py", line 652, in on_member_update
    before_timeout = before.timed_out_until
                     ^^^^^^^^^^^^^^^^^^^^^^
AttributeError: 'Member' object has no attribute 'timed_out_until'
Ignoring exception in on_member_update
Traceback (most recent call last):
  File "/usr/local/lib/python3.12/site-packages/discord/client.py", line 465, in _run_event
    await coro(*args, **kwargs)
  File "/app/asu_discord/cogs/analytics.py", line 652, in on_member_update
    before_timeout = before.timed_out_until
                     ^^^^^^^^^^^^^^^^^^^^^^
AttributeError: 'Member' object has no attribute 'timed_out_until'
Ignoring exception in on_member_update
Traceback (most recent call last):
  File "/usr/local/lib/python3.12/site-packages/discord/client.py", line 465, in _run_event
    await coro(*args, **kwargs)
  File "/app/asu_discord/cogs/analytics.py", line 652, in on_member_update
    before_timeout = before.timed_out_until
                     ^^^^^^^^^^^^^^^^^^^^^^
AttributeError: 'Member' object has no attribute 'timed_out_until'
Ignoring exception in on_member_update
Traceback (most recent call last):
  File "/usr/local/lib/python3.12/site-packages/discord/client.py", line 465, in _run_event
    await coro(*args, **kwargs)
  File "/app/asu_discord/cogs/analytics.py", line 652, in on_member_update
    before_timeout = before.timed_out_until
                     ^^^^^^^^^^^^^^^^^^^^^^
AttributeError: 'Member' object has no attribute 'timed_out_until'
INFO:asu_discord.cogs.verification:Saved 4 roles to database for user eedsouza (Discord ID: 596637897013198887)
INFO:asu_discord.cogs.verification:Refreshed Salesforce roles for Discord user 596637897013198887: -4/+4 roles, assigned=[Graduate Student, International Student, Tempe, W.P. Carey School of Business]
Ignoring exception in on_member_update
Traceback (most recent call last):
  File "/usr/local/lib/python3.12/site-packages/discord/client.py", line 465, in _run_event
    await coro(*args, **kwargs)
  File "/app/asu_discord/cogs/analytics.py", line 652, in on_member_update
    before_timeout = before.timed_out_until
                     ^^^^^^^^^^^^^^^^^^^^^^
AttributeError: 'Member' object has no attribute 'timed_out_until'
Ignoring exception in on_member_update
Traceback (most recent call last):
  File "/usr/local/lib/python3.12/site-packages/discord/client.py", line 465, in _run_event
    await coro(*args, **kwargs)
  File "/app/asu_discord/cogs/analytics.py", line 652, in on_member_update
    before_timeout = before.timed_out_until
                     ^^^^^^^^^^^^^^^^^^^^^^
AttributeError: 'Member' object has no attribute 'timed_out_until'
Ignoring exception in on_member_update
Traceback (most recent call last):
  File "/usr/local/lib/python3.12/site-packages/discord/client.py", line 465, in _run_event
    await coro(*args, **kwargs)
  File "/app/asu_discord/cogs/analytics.py", line 652, in on_member_update
    before_timeout = before.timed_out_until
                     ^^^^^^^^^^^^^^^^^^^^^^
AttributeError: 'Member' object has no attribute 'timed_out_until'
Ignoring exception in on_member_update
Traceback (most recent call last):
  File "/usr/local/lib/python3.12/site-packages/discord/client.py", line 465, in _run_event
    await coro(*args, **kwargs)
  File "/app/asu_discord/cogs/analytics.py", line 652, in on_member_update
    before_timeout = before.timed_out_until
                     ^^^^^^^^^^^^^^^^^^^^^^
AttributeError: 'Member' object has no attribute 'timed_out_until'
Ignoring exception in on_member_update
Traceback (most recent call last):
  File "/usr/local/lib/python3.12/site-packages/discord/client.py", line 465, in _run_event
    await coro(*args, **kwargs)
  File "/app/asu_discord/cogs/analytics.py", line 652, in on_member_update
    before_timeout = before.timed_out_until
                     ^^^^^^^^^^^^^^^^^^^^^^
AttributeError: 'Member' object has no attribute 'timed_out_until'
Ignoring exception in on_member_update
Traceback (most recent call last):
  File "/usr/local/lib/python3.12/site-packages/discord/client.py", line 465, in _run_event
    await coro(*args, **kwargs)
  File "/app/asu_discord/cogs/analytics.py", line 652, in on_member_update
    before_timeout = before.timed_out_until
                     ^^^^^^^^^^^^^^^^^^^^^^
AttributeError: 'Member' object has no attribute 'timed_out_until'
Ignoring exception in on_member_update
Traceback (most recent call last):
  File "/usr/local/lib/python3.12/site-packages/discord/client.py", line 465, in _run_event
    await coro(*args, **kwargs)
  File "/app/asu_discord/cogs/analytics.py", line 652, in on_member_update
    before_timeout = before.timed_out_until
                     ^^^^^^^^^^^^^^^^^^^^^^
AttributeError: 'Member' object has no attribute 'timed_out_until'
Ignoring exception in on_member_update
Traceback (most recent call last):
  File "/usr/local/lib/python3.12/site-packages/discord/client.py", line 465, in _run_event
    await coro(*args, **kwargs)
  File "/app/asu_discord/cogs/analytics.py", line 652, in on_member_update
    before_timeout = before.timed_out_until
                     ^^^^^^^^^^^^^^^^^^^^^^
AttributeError: 'Member' object has no attribute 'timed_out_until'
Ignoring exception in on_member_update
Traceback (most recent call last):
  File "/usr/local/lib/python3.12/site-packages/discord/client.py", line 465, in _run_event
    await coro(*args, **kwargs)
  File "/app/asu_discord/cogs/analytics.py", line 652, in on_member_update
    before_timeout = before.timed_out_until
                     ^^^^^^^^^^^^^^^^^^^^^^
AttributeError: 'Member' object has no attribute 'timed_out_until'
Ignoring exception in on_member_update
Traceback (most recent call last):
  File "/usr/local/lib/python3.12/site-packages/discord/client.py", line 465, in _run_event
    await coro(*args, **kwargs)
  File "/app/asu_discord/cogs/analytics.py", line 652, in on_member_update
    before_timeout = before.timed_out_until
                     ^^^^^^^^^^^^^^^^^^^^^^
AttributeError: 'Member' object has no attribute 'timed_out_until'
Ignoring exception in on_member_update
Traceback (most recent call last):
  File "/usr/local/lib/python3.12/site-packages/discord/client.py", line 465, in _run_event
    await coro(*args, **kwargs)
  File "/app/asu_discord/cogs/analytics.py", line 652, in on_member_update
    before_timeout = before.timed_out_until
                     ^^^^^^^^^^^^^^^^^^^^^^
AttributeError: 'Member' object has no attribute 'timed_out_until'
Ignoring exception in on_member_update
Traceback (most recent call last):
  File "/usr/local/lib/python3.12/site-packages/discord/client.py", line 465, in _run_event
    await coro(*args, **kwargs)
  File "/app/asu_discord/cogs/analytics.py", line 652, in on_member_update
    before_timeout = before.timed_out_until
                     ^^^^^^^^^^^^^^^^^^^^^^
AttributeError: 'Member' object has no attribute 'timed_out_until'
INFO:asu_discord.cogs.verification:Saved 6 roles to database for user aghanna4 (Discord ID: 495777462320496641)
INFO:asu_discord.cogs.verification:Refreshed Salesforce roles for Discord user 495777462320496641: -6/+6 roles, assigned=[Arizona Resident, College of Liberal Arts and Sciences, Commited, First Generation Student, First Year, Tempe]
Ignoring exception in on_member_update
Traceback (most recent call last):
  File "/usr/local/lib/python3.12/site-packages/discord/client.py", line 465, in _run_event
    await coro(*args, **kwargs)
  File "/app/asu_discord/cogs/analytics.py", line 652, in on_member_update
    before_timeout = before.timed_out_until
                     ^^^^^^^^^^^^^^^^^^^^^^
AttributeError: 'Member' object has no attribute 'timed_out_until'
Ignoring exception in on_member_update
Traceback (most recent call last):
  File "/usr/local/lib/python3.12/site-packages/discord/client.py", line 465, in _run_event
    await coro(*args, **kwargs)
  File "/app/asu_discord/cogs/analytics.py", line 652, in on_member_update
    before_timeout = before.timed_out_until
                     ^^^^^^^^^^^^^^^^^^^^^^
AttributeError: 'Member' object has no attribute 'timed_out_until'
Ignoring exception in on_member_update
Traceback (most recent call last):
  File "/usr/local/lib/python3.12/site-packages/discord/client.py", line 465, in _run_event
    await coro(*args, **kwargs)
  File "/app/asu_discord/cogs/analytics.py", line 652, in on_member_update
    before_timeout = before.timed_out_until
                     ^^^^^^^^^^^^^^^^^^^^^^
AttributeError: 'Member' object has no attribute 'timed_out_until'
Ignoring exception in on_member_update
Traceback (most recent call last):
  File "/usr/local/lib/python3.12/site-packages/discord/client.py", line 465, in _run_event
    await coro(*args, **kwargs)
  File "/app/asu_discord/cogs/analytics.py", line 652, in on_member_update
    before_timeout = before.timed_out_until
                     ^^^^^^^^^^^^^^^^^^^^^^
AttributeError: 'Member' object has no attribute 'timed_out_until'
Ignoring exception in on_member_update
Traceback (most recent call last):
  File "/usr/local/lib/python3.12/site-packages/discord/client.py", line 465, in _run_event
    await coro(*args, **kwargs)
  File "/app/asu_discord/cogs/analytics.py", line 652, in on_member_update
    before_timeout = before.timed_out_until
                     ^^^^^^^^^^^^^^^^^^^^^^
AttributeError: 'Member' object has no attribute 'timed_out_until'
Ignoring exception in on_member_update
Traceback (most recent call last):
  File "/usr/local/lib/python3.12/site-packages/discord/client.py", line 465, in _run_event
    await coro(*args, **kwargs)
  File "/app/asu_discord/cogs/analytics.py", line 652, in on_member_update
    before_timeout = before.timed_out_until
                     ^^^^^^^^^^^^^^^^^^^^^^
AttributeError: 'Member' object has no attribute 'timed_out_until'
Ignoring exception in on_member_update
Traceback (most recent call last):
  File "/usr/local/lib/python3.12/site-packages/discord/client.py", line 465, in _run_event
    await coro(*args, **kwargs)
  File "/app/asu_discord/cogs/analytics.py", line 652, in on_member_update
    before_timeout = before.timed_out_until
                     ^^^^^^^^^^^^^^^^^^^^^^
AttributeError: 'Member' object has no attribute 'timed_out_until'
Ignoring exception in on_member_update
Traceback (most recent call last):
  File "/usr/local/lib/python3.12/site-packages/discord/client.py", line 465, in _run_event
    await coro(*args, **kwargs)
  File "/app/asu_discord/cogs/analytics.py", line 652, in on_member_update
    before_timeout = before.timed_out_until
                     ^^^^^^^^^^^^^^^^^^^^^^
AttributeError: 'Member' object has no attribute 'timed_out_until'
Ignoring exception in on_member_update
Traceback (most recent call last):
  File "/usr/local/lib/python3.12/site-packages/discord/client.py", line 465, in _run_event
    await coro(*args, **kwargs)
  File "/app/asu_discord/cogs/analytics.py", line 652, in on_member_update
    before_timeout = before.timed_out_until
                     ^^^^^^^^^^^^^^^^^^^^^^
AttributeError: 'Member' object has no attribute 'timed_out_until'
Ignoring exception in on_member_update
Traceback (most recent call last):
  File "/usr/local/lib/python3.12/site-packages/discord/client.py", line 465, in _run_event
    await coro(*args, **kwargs)
  File "/app/asu_discord/cogs/analytics.py", line 652, in on_member_update
    before_timeout = before.timed_out_until
                     ^^^^^^^^^^^^^^^^^^^^^^
AttributeError: 'Member' object has no attribute 'timed_out_until'
INFO:asu_discord.cogs.verification:Saved 5 roles to database for user smondol3 (Discord ID: 709639148830720022)
INFO:asu_discord.cogs.verification:Refreshed Salesforce roles for Discord user 709639148830720022: -5/+5 roles, assigned=[Commited, First Year, International Student, Ira A. Fulton Schools of Engineering, Tempe]
Ignoring exception in on_member_update
Traceback (most recent call last):
  File "/usr/local/lib/python3.12/site-packages/discord/client.py", line 465, in _run_event
    await coro(*args, **kwargs)
  File "/app/asu_discord/cogs/analytics.py", line 652, in on_member_update
    before_timeout = before.timed_out_until
                     ^^^^^^^^^^^^^^^^^^^^^^
AttributeError: 'Member' object has no attribute 'timed_out_until'
Ignoring exception in on_member_update
Traceback (most recent call last):
  File "/usr/local/lib/python3.12/site-packages/discord/client.py", line 465, in _run_event
    await coro(*args, **kwargs)
  File "/app/asu_discord/cogs/analytics.py", line 652, in on_member_update
    before_timeout = before.timed_out_until
                     ^^^^^^^^^^^^^^^^^^^^^^
AttributeError: 'Member' object has no attribute 'timed_out_until'
Ignoring exception in on_member_update
Traceback (most recent call last):
  File "/usr/local/lib/python3.12/site-packages/discord/client.py", line 465, in _run_event
    await coro(*args, **kwargs)
  File "/app/asu_discord/cogs/analytics.py", line 652, in on_member_update
    before_timeout = before.timed_out_until
                     ^^^^^^^^^^^^^^^^^^^^^^
AttributeError: 'Member' object has no attribute 'timed_out_until'
Ignoring exception in on_member_update
Traceback (most recent call last):
  File "/usr/local/lib/python3.12/site-packages/discord/client.py", line 465, in _run_event
    await coro(*args, **kwargs)
  File "/app/asu_discord/cogs/analytics.py", line 652, in on_member_update
    before_timeout = before.timed_out_until
                     ^^^^^^^^^^^^^^^^^^^^^^
AttributeError: 'Member' object has no attribute 'timed_out_until'
Ignoring exception in on_member_update
Traceback (most recent call last):
  File "/usr/local/lib/python3.12/site-packages/discord/client.py", line 465, in _run_event
    await coro(*args, **kwargs)
  File "/app/asu_discord/cogs/analytics.py", line 652, in on_member_update
    before_timeout = before.timed_out_until
                     ^^^^^^^^^^^^^^^^^^^^^^
AttributeError: 'Member' object has no attribute 'timed_out_until'
Ignoring exception in on_member_update
Traceback (most recent call last):
  File "/usr/local/lib/python3.12/site-packages/discord/client.py", line 465, in _run_event
    await coro(*args, **kwargs)
  File "/app/asu_discord/cogs/analytics.py", line 652, in on_member_update
    before_timeout = before.timed_out_until
                     ^^^^^^^^^^^^^^^^^^^^^^
AttributeError: 'Member' object has no attribute 'timed_out_until'
Ignoring exception in on_member_update
Traceback (most recent call last):
  File "/usr/local/lib/python3.12/site-packages/discord/client.py", line 465, in _run_event
    await coro(*args, **kwargs)
  File "/app/asu_discord/cogs/analytics.py", line 652, in on_member_update
    before_timeout = before.timed_out_until
                     ^^^^^^^^^^^^^^^^^^^^^^
AttributeError: 'Member' object has no attribute 'timed_out_until'
Ignoring exception in on_member_update
Traceback (most recent call last):
  File "/usr/local/lib/python3.12/site-packages/discord/client.py", line 465, in _run_event
    await coro(*args, **kwargs)
  File "/app/asu_discord/cogs/analytics.py", line 652, in on_member_update
    before_timeout = before.timed_out_until
                     ^^^^^^^^^^^^^^^^^^^^^^
AttributeError: 'Member' object has no attribute 'timed_out_until'
INFO:asu_discord.cogs.verification:Saved 4 roles to database for user bongdass (Discord ID: 1107544334800273499)
INFO:asu_discord.cogs.verification:Refreshed Salesforce roles for Discord user 1107544334800273499: -4/+4 roles, assigned=[Graduate Student, International Student, Ira A. Fulton Schools of Engineering, Tempe]
Ignoring exception in on_member_update
Traceback (most recent call last):
  File "/usr/local/lib/python3.12/site-packages/discord/client.py", line 465, in _run_event
    await coro(*args, **kwargs)
  File "/app/asu_discord/cogs/analytics.py", line 652, in on_member_update
    before_timeout = before.timed_out_until
                     ^^^^^^^^^^^^^^^^^^^^^^
AttributeError: 'Member' object has no attribute 'timed_out_until'
Ignoring exception in on_member_update
Traceback (most recent call last):
  File "/usr/local/lib/python3.12/site-packages/discord/client.py", line 465, in _run_event
    await coro(*args, **kwargs)
  File "/app/asu_discord/cogs/analytics.py", line 652, in on_member_update
    before_timeout = before.timed_out_until
                     ^^^^^^^^^^^^^^^^^^^^^^
AttributeError: 'Member' object has no attribute 'timed_out_until'
Ignoring exception in on_member_update
Traceback (most recent call last):
  File "/usr/local/lib/python3.12/site-packages/discord/client.py", line 465, in _run_event
    await coro(*args, **kwargs)
  File "/app/asu_discord/cogs/analytics.py", line 652, in on_member_update
    before_timeout = before.timed_out_until
                     ^^^^^^^^^^^^^^^^^^^^^^
AttributeError: 'Member' object has no attribute 'timed_out_until'
Ignoring exception in on_member_update
Traceback (most recent call last):
  File "/usr/local/lib/python3.12/site-packages/discord/client.py", line 465, in _run_event
    await coro(*args, **kwargs)
  File "/app/asu_discord/cogs/analytics.py", line 652, in on_member_update
    before_timeout = before.timed_out_until
                     ^^^^^^^^^^^^^^^^^^^^^^
AttributeError: 'Member' object has no attribute 'timed_out_until'
Ignoring exception in on_member_update
Traceback (most recent call last):
  File "/usr/local/lib/python3.12/site-packages/discord/client.py", line 465, in _run_event
    await coro(*args, **kwargs)
  File "/app/asu_discord/cogs/analytics.py", line 652, in on_member_update
    before_timeout = before.timed_out_until
                     ^^^^^^^^^^^^^^^^^^^^^^
AttributeError: 'Member' object has no attribute 'timed_out_until'
Ignoring exception in on_member_update
Traceback (most recent call last):
  File "/usr/local/lib/python3.12/site-packages/discord/client.py", line 465, in _run_event
    await coro(*args, **kwargs)
  File "/app/asu_discord/cogs/analytics.py", line 652, in on_member_update
    before_timeout = before.timed_out_until
                     ^^^^^^^^^^^^^^^^^^^^^^
AttributeError: 'Member' object has no attribute 'timed_out_until'
Ignoring exception in on_member_update
Traceback (most recent call last):
  File "/usr/local/lib/python3.12/site-packages/discord/client.py", line 465, in _run_event
    await coro(*args, **kwargs)
  File "/app/asu_discord/cogs/analytics.py", line 652, in on_member_update
    before_timeout = before.timed_out_until
                     ^^^^^^^^^^^^^^^^^^^^^^
AttributeError: 'Member' object has no attribute 'timed_out_until'
Ignoring exception in on_member_update
Traceback (most recent call last):
  File "/usr/local/lib/python3.12/site-packages/discord/client.py", line 465, in _run_event
    await coro(*args, **kwargs)
  File "/app/asu_discord/cogs/analytics.py", line 652, in on_member_update
    before_timeout = before.timed_out_until
                     ^^^^^^^^^^^^^^^^^^^^^^
AttributeError: 'Member' object has no attribute 'timed_out_until'
INFO:asu_discord.cogs.verification:Saved 4 roles to database for user nwrober3 (Discord ID: 538499879006371842)
INFO:asu_discord.cogs.verification:Refreshed Salesforce roles for Discord user 538499879006371842: -4/+4 roles, assigned=[Arizona Resident, First Year, Tempe, W.P. Carey School of Business]
Ignoring exception in on_member_update
Traceback (most recent call last):
  File "/usr/local/lib/python3.12/site-packages/discord/client.py", line 465, in _run_event
    await coro(*args, **kwargs)
  File "/app/asu_discord/cogs/analytics.py", line 652, in on_member_update
    before_timeout = before.timed_out_until
                     ^^^^^^^^^^^^^^^^^^^^^^
AttributeError: 'Member' object has no attribute 'timed_out_until'
Ignoring exception in on_member_update
Traceback (most recent call last):
  File "/usr/local/lib/python3.12/site-packages/discord/client.py", line 465, in _run_event
    await coro(*args, **kwargs)
  File "/app/asu_discord/cogs/analytics.py", line 652, in on_member_update
    before_timeout = before.timed_out_until
                     ^^^^^^^^^^^^^^^^^^^^^^
AttributeError: 'Member' object has no attribute 'timed_out_until'
Ignoring exception in on_member_update
Traceback (most recent call last):
  File "/usr/local/lib/python3.12/site-packages/discord/client.py", line 465, in _run_event
    await coro(*args, **kwargs)
  File "/app/asu_discord/cogs/analytics.py", line 652, in on_member_update
    before_timeout = before.timed_out_until
                     ^^^^^^^^^^^^^^^^^^^^^^
AttributeError: 'Member' object has no attribute 'timed_out_until'
Ignoring exception in on_member_update
Traceback (most recent call last):
  File "/usr/local/lib/python3.12/site-packages/discord/client.py", line 465, in _run_event
    await coro(*args, **kwargs)
  File "/app/asu_discord/cogs/analytics.py", line 652, in on_member_update
    before_timeout = before.timed_out_until
                     ^^^^^^^^^^^^^^^^^^^^^^
AttributeError: 'Member' object has no attribute 'timed_out_until'
Ignoring exception in on_member_update
Traceback (most recent call last):
  File "/usr/local/lib/python3.12/site-packages/discord/client.py", line 465, in _run_event
    await coro(*args, **kwargs)
  File "/app/asu_discord/cogs/analytics.py", line 652, in on_member_update
    before_timeout = before.timed_out_until
                     ^^^^^^^^^^^^^^^^^^^^^^
AttributeError: 'Member' object has no attribute 'timed_out_until'
Ignoring exception in on_member_update
Traceback (most recent call last):
  File "/usr/local/lib/python3.12/site-packages/discord/client.py", line 465, in _run_event
    await coro(*args, **kwargs)
  File "/app/asu_discord/cogs/analytics.py", line 652, in on_member_update
    before_timeout = before.timed_out_until
                     ^^^^^^^^^^^^^^^^^^^^^^
AttributeError: 'Member' object has no attribute 'timed_out_until'
Ignoring exception in on_member_update
Traceback (most recent call last):
  File "/usr/local/lib/python3.12/site-packages/discord/client.py", line 465, in _run_event
    await coro(*args, **kwargs)
  File "/app/asu_discord/cogs/analytics.py", line 652, in on_member_update
    before_timeout = before.timed_out_until
                     ^^^^^^^^^^^^^^^^^^^^^^
AttributeError: 'Member' object has no attribute 'timed_out_until'
Ignoring exception in on_member_update
Traceback (most recent call last):
  File "/usr/local/lib/python3.12/site-packages/discord/client.py", line 465, in _run_event
    await coro(*args, **kwargs)
  File "/app/asu_discord/cogs/analytics.py", line 652, in on_member_update
    before_timeout = before.timed_out_until
                     ^^^^^^^^^^^^^^^^^^^^^^
AttributeError: 'Member' object has no attribute 'timed_out_until'
Ignoring exception in on_member_update
Traceback (most recent call last):
  File "/usr/local/lib/python3.12/site-packages/discord/client.py", line 465, in _run_event
    await coro(*args, **kwargs)
  File "/app/asu_discord/cogs/analytics.py", line 652, in on_member_update
    before_timeout = before.timed_out_until
                     ^^^^^^^^^^^^^^^^^^^^^^
AttributeError: 'Member' object has no attribute 'timed_out_until'
Ignoring exception in on_member_update
Traceback (most recent call last):
  File "/usr/local/lib/python3.12/site-packages/discord/client.py", line 465, in _run_event
    await coro(*args, **kwargs)
  File "/app/asu_discord/cogs/analytics.py", line 652, in on_member_update
    before_timeout = before.timed_out_until
                     ^^^^^^^^^^^^^^^^^^^^^^
AttributeError: 'Member' object has no attribute 'timed_out_until'
Ignoring exception in on_member_update
Traceback (most recent call last):
  File "/usr/local/lib/python3.12/site-packages/discord/client.py", line 465, in _run_event
    await coro(*args, **kwargs)
  File "/app/asu_discord/cogs/analytics.py", line 652, in on_member_update
    before_timeout = before.timed_out_until
                     ^^^^^^^^^^^^^^^^^^^^^^
AttributeError: 'Member' object has no attribute 'timed_out_until'
Ignoring exception in on_member_update
Traceback (most recent call last):
  File "/usr/local/lib/python3.12/site-packages/discord/client.py", line 465, in _run_event
    await coro(*args, **kwargs)
  File "/app/asu_discord/cogs/analytics.py", line 652, in on_member_update
    before_timeout = before.timed_out_until
                     ^^^^^^^^^^^^^^^^^^^^^^
AttributeError: 'Member' object has no attribute 'timed_out_until'
INFO:asu_discord.cogs.verification:Saved 6 roles to database for user smoduku7 (Discord ID: 793206019198550057)
INFO:asu_discord.cogs.verification:Refreshed Salesforce roles for Discord user 793206019198550057: -6/+6 roles, assigned=[Arizona Resident, Commited, First Year, Tempe, Upperclassmen, W.P. Carey School of Business]
Ignoring exception in on_member_update
Traceback (most recent call last):
  File "/usr/local/lib/python3.12/site-packages/discord/client.py", line 465, in _run_event
    await coro(*args, **kwargs)
  File "/app/asu_discord/cogs/analytics.py", line 652, in on_member_update
    before_timeout = before.timed_out_until
                     ^^^^^^^^^^^^^^^^^^^^^^
AttributeError: 'Member' object has no attribute 'timed_out_until'
Ignoring exception in on_member_update
Traceback (most recent call last):
  File "/usr/local/lib/python3.12/site-packages/discord/client.py", line 465, in _run_event
    await coro(*args, **kwargs)
  File "/app/asu_discord/cogs/analytics.py", line 652, in on_member_update
    before_timeout = before.timed_out_until
                     ^^^^^^^^^^^^^^^^^^^^^^
AttributeError: 'Member' object has no attribute 'timed_out_until'
Ignoring exception in on_member_update
Traceback (most recent call last):
  File "/usr/local/lib/python3.12/site-packages/discord/client.py", line 465, in _run_event
    await coro(*args, **kwargs)
  File "/app/asu_discord/cogs/analytics.py", line 652, in on_member_update
    before_timeout = before.timed_out_until
                     ^^^^^^^^^^^^^^^^^^^^^^
AttributeError: 'Member' object has no attribute 'timed_out_until'
Ignoring exception in on_member_update
Traceback (most recent call last):
  File "/usr/local/lib/python3.12/site-packages/discord/client.py", line 465, in _run_event
    await coro(*args, **kwargs)
  File "/app/asu_discord/cogs/analytics.py", line 652, in on_member_update
    before_timeout = before.timed_out_until
                     ^^^^^^^^^^^^^^^^^^^^^^
AttributeError: 'Member' object has no attribute 'timed_out_until'
Ignoring exception in on_member_update
Traceback (most recent call last):
  File "/usr/local/lib/python3.12/site-packages/discord/client.py", line 465, in _run_event
    await coro(*args, **kwargs)
  File "/app/asu_discord/cogs/analytics.py", line 652, in on_member_update
    before_timeout = before.timed_out_until
                     ^^^^^^^^^^^^^^^^^^^^^^
AttributeError: 'Member' object has no attribute 'timed_out_until'
Ignoring exception in on_member_update
Traceback (most recent call last):
  File "/usr/local/lib/python3.12/site-packages/discord/client.py", line 465, in _run_event
    await coro(*args, **kwargs)
  File "/app/asu_discord/cogs/analytics.py", line 652, in on_member_update
    before_timeout = before.timed_out_until
                     ^^^^^^^^^^^^^^^^^^^^^^
AttributeError: 'Member' object has no attribute 'timed_out_until'
Ignoring exception in on_member_update
Traceback (most recent call last):
  File "/usr/local/lib/python3.12/site-packages/discord/client.py", line 465, in _run_event
    await coro(*args, **kwargs)
  File "/app/asu_discord/cogs/analytics.py", line 652, in on_member_update
    before_timeout = before.timed_out_until
                     ^^^^^^^^^^^^^^^^^^^^^^
AttributeError: 'Member' object has no attribute 'timed_out_until'
Ignoring exception in on_member_update
Traceback (most recent call last):
  File "/usr/local/lib/python3.12/site-packages/discord/client.py", line 465, in _run_event
    await coro(*args, **kwargs)
  File "/app/asu_discord/cogs/analytics.py", line 652, in on_member_update
    before_timeout = before.timed_out_until
                     ^^^^^^^^^^^^^^^^^^^^^^
AttributeError: 'Member' object has no attribute 'timed_out_until'
Ignoring exception in on_member_update
Traceback (most recent call last):
  File "/usr/local/lib/python3.12/site-packages/discord/client.py", line 465, in _run_event
    await coro(*args, **kwargs)
  File "/app/asu_discord/cogs/analytics.py", line 652, in on_member_update
    before_timeout = before.timed_out_until
                     ^^^^^^^^^^^^^^^^^^^^^^
AttributeError: 'Member' object has no attribute 'timed_out_until'
Ignoring exception in on_member_update
Traceback (most recent call last):
  File "/usr/local/lib/python3.12/site-packages/discord/client.py", line 465, in _run_event
    await coro(*args, **kwargs)
  File "/app/asu_discord/cogs/analytics.py", line 652, in on_member_update
    before_timeout = before.timed_out_until
                     ^^^^^^^^^^^^^^^^^^^^^^
AttributeError: 'Member' object has no attribute 'timed_out_until'
INFO:asu_discord.cogs.verification:Saved 5 roles to database for user ajlujan (Discord ID: 643469872470425620)
INFO:asu_discord.cogs.verification:Refreshed Salesforce roles for Discord user 643469872470425620: -5/+5 roles, assigned=[Arizona Resident, Commited, First Year, Ira A. Fulton Schools of Engineering, Tempe]
INFO:asu_discord.salesforce:No Salesforce contact found for eaksoy1
INFO:cron.jobs:refresh_salesforce_roles: skipping eaksoy1: no profile returned
Ignoring exception in on_member_update
Traceback (most recent call last):
  File "/usr/local/lib/python3.12/site-packages/discord/client.py", line 465, in _run_event
    await coro(*args, **kwargs)
  File "/app/asu_discord/cogs/analytics.py", line 652, in on_member_update
    before_timeout = before.timed_out_until
                     ^^^^^^^^^^^^^^^^^^^^^^
AttributeError: 'Member' object has no attribute 'timed_out_until'
Ignoring exception in on_member_update
Traceback (most recent call last):
  File "/usr/local/lib/python3.12/site-packages/discord/client.py", line 465, in _run_event
    await coro(*args, **kwargs)
  File "/app/asu_discord/cogs/analytics.py", line 652, in on_member_update
    before_timeout = before.timed_out_until
                     ^^^^^^^^^^^^^^^^^^^^^^
AttributeError: 'Member' object has no attribute 'timed_out_until'
Ignoring exception in on_member_update
Traceback (most recent call last):
  File "/usr/local/lib/python3.12/site-packages/discord/client.py", line 465, in _run_event
    await coro(*args, **kwargs)
  File "/app/asu_discord/cogs/analytics.py", line 652, in on_member_update
    before_timeout = before.timed_out_until
                     ^^^^^^^^^^^^^^^^^^^^^^
AttributeError: 'Member' object has no attribute 'timed_out_until'
Ignoring exception in on_member_update
Traceback (most recent call last):
  File "/usr/local/lib/python3.12/site-packages/discord/client.py", line 465, in _run_event
    await coro(*args, **kwargs)
  File "/app/asu_discord/cogs/analytics.py", line 652, in on_member_update
    before_timeout = before.timed_out_until
                     ^^^^^^^^^^^^^^^^^^^^^^
AttributeError: 'Member' object has no attribute 'timed_out_until'
Ignoring exception in on_member_update
Traceback (most recent call last):
  File "/usr/local/lib/python3.12/site-packages/discord/client.py", line 465, in _run_event
    await coro(*args, **kwargs)
  File "/app/asu_discord/cogs/analytics.py", line 652, in on_member_update
    before_timeout = before.timed_out_until
                     ^^^^^^^^^^^^^^^^^^^^^^
AttributeError: 'Member' object has no attribute 'timed_out_until'
Ignoring exception in on_member_update
Traceback (most recent call last):
  File "/usr/local/lib/python3.12/site-packages/discord/client.py", line 465, in _run_event
    await coro(*args, **kwargs)
  File "/app/asu_discord/cogs/analytics.py", line 652, in on_member_update
    before_timeout = before.timed_out_until
                     ^^^^^^^^^^^^^^^^^^^^^^
AttributeError: 'Member' object has no attribute 'timed_out_until'
Ignoring exception in on_member_update
Traceback (most recent call last):
  File "/usr/local/lib/python3.12/site-packages/discord/client.py", line 465, in _run_event
    await coro(*args, **kwargs)
  File "/app/asu_discord/cogs/analytics.py", line 652, in on_member_update
    before_timeout = before.timed_out_until
                     ^^^^^^^^^^^^^^^^^^^^^^
AttributeError: 'Member' object has no attribute 'timed_out_until'
Ignoring exception in on_member_update
Traceback (most recent call last):
  File "/usr/local/lib/python3.12/site-packages/discord/client.py", line 465, in _run_event
    await coro(*args, **kwargs)
  File "/app/asu_discord/cogs/analytics.py", line 652, in on_member_update
    before_timeout = before.timed_out_until
                     ^^^^^^^^^^^^^^^^^^^^^^
AttributeError: 'Member' object has no attribute 'timed_out_until'
Ignoring exception in on_member_update
Traceback (most recent call last):
  File "/usr/local/lib/python3.12/site-packages/discord/client.py", line 465, in _run_event
    await coro(*args, **kwargs)
  File "/app/asu_discord/cogs/analytics.py", line 652, in on_member_update
    before_timeout = before.timed_out_until
                     ^^^^^^^^^^^^^^^^^^^^^^
AttributeError: 'Member' object has no attribute 'timed_out_until'
Ignoring exception in on_member_update
Traceback (most recent call last):
  File "/usr/local/lib/python3.12/site-packages/discord/client.py", line 465, in _run_event
    await coro(*args, **kwargs)
  File "/app/asu_discord/cogs/analytics.py", line 652, in on_member_update
    before_timeout = before.timed_out_until
                     ^^^^^^^^^^^^^^^^^^^^^^
AttributeError: 'Member' object has no attribute 'timed_out_until'
INFO:asu_discord.cogs.verification:Saved 5 roles to database for user salhar44 (Discord ID: 128938334511824897)
INFO:asu_discord.cogs.verification:Refreshed Salesforce roles for Discord user 128938334511824897: -5/+5 roles, assigned=[Commited, First Year, Herberger Institute for Design and the Arts, International Student, Tempe]
INFO:asu_discord.salesforce:No Salesforce opportunities found for jcarri83
INFO:cron.jobs:refresh_salesforce_roles: skipping jcarri83: no profile returned
Ignoring exception in on_member_update
Traceback (most recent call last):
  File "/usr/local/lib/python3.12/site-packages/discord/client.py", line 465, in _run_event
    await coro(*args, **kwargs)
  File "/app/asu_discord/cogs/analytics.py", line 652, in on_member_update
    before_timeout = before.timed_out_until
                     ^^^^^^^^^^^^^^^^^^^^^^
AttributeError: 'Member' object has no attribute 'timed_out_until'
Ignoring exception in on_member_update
Traceback (most recent call last):
  File "/usr/local/lib/python3.12/site-packages/discord/client.py", line 465, in _run_event
    await coro(*args, **kwargs)
  File "/app/asu_discord/cogs/analytics.py", line 652, in on_member_update
    before_timeout = before.timed_out_until
                     ^^^^^^^^^^^^^^^^^^^^^^
AttributeError: 'Member' object has no attribute 'timed_out_until'
Ignoring exception in on_member_update
Traceback (most recent call last):
  File "/usr/local/lib/python3.12/site-packages/discord/client.py", line 465, in _run_event
    await coro(*args, **kwargs)
  File "/app/asu_discord/cogs/analytics.py", line 652, in on_member_update
    before_timeout = before.timed_out_until
                     ^^^^^^^^^^^^^^^^^^^^^^
AttributeError: 'Member' object has no attribute 'timed_out_until'
Ignoring exception in on_member_update
Traceback (most recent call last):
  File "/usr/local/lib/python3.12/site-packages/discord/client.py", line 465, in _run_event
    await coro(*args, **kwargs)
  File "/app/asu_discord/cogs/analytics.py", line 652, in on_member_update
    before_timeout = before.timed_out_until
                     ^^^^^^^^^^^^^^^^^^^^^^
AttributeError: 'Member' object has no attribute 'timed_out_until'
Ignoring exception in on_member_update
Traceback (most recent call last):
  File "/usr/local/lib/python3.12/site-packages/discord/client.py", line 465, in _run_event
    await coro(*args, **kwargs)
  File "/app/asu_discord/cogs/analytics.py", line 652, in on_member_update
    before_timeout = before.timed_out_until
                     ^^^^^^^^^^^^^^^^^^^^^^
AttributeError: 'Member' object has no attribute 'timed_out_until'
Ignoring exception in on_member_update
Traceback (most recent call last):
  File "/usr/local/lib/python3.12/site-packages/discord/client.py", line 465, in _run_event
    await coro(*args, **kwargs)
  File "/app/asu_discord/cogs/analytics.py", line 652, in on_member_update
    before_timeout = before.timed_out_until
                     ^^^^^^^^^^^^^^^^^^^^^^
AttributeError: 'Member' object has no attribute 'timed_out_until'
Ignoring exception in on_member_update
Traceback (most recent call last):
  File "/usr/local/lib/python3.12/site-packages/discord/client.py", line 465, in _run_event
    await coro(*args, **kwargs)
  File "/app/asu_discord/cogs/analytics.py", line 652, in on_member_update
    before_timeout = before.timed_out_until
                     ^^^^^^^^^^^^^^^^^^^^^^
AttributeError: 'Member' object has no attribute 'timed_out_until'
Ignoring exception in on_member_update
Traceback (most recent call last):
  File "/usr/local/lib/python3.12/site-packages/discord/client.py", line 465, in _run_event
    await coro(*args, **kwargs)
  File "/app/asu_discord/cogs/analytics.py", line 652, in on_member_update
    before_timeout = before.timed_out_until
                     ^^^^^^^^^^^^^^^^^^^^^^
AttributeError: 'Member' object has no attribute 'timed_out_until'
Ignoring exception in on_member_update
Traceback (most recent call last):
  File "/usr/local/lib/python3.12/site-packages/discord/client.py", line 465, in _run_event
    await coro(*args, **kwargs)
  File "/app/asu_discord/cogs/analytics.py", line 652, in on_member_update
    before_timeout = before.timed_out_until
                     ^^^^^^^^^^^^^^^^^^^^^^
AttributeError: 'Member' object has no attribute 'timed_out_until'
Ignoring exception in on_member_update
Traceback (most recent call last):
  File "/usr/local/lib/python3.12/site-packages/discord/client.py", line 465, in _run_event
    await coro(*args, **kwargs)
  File "/app/asu_discord/cogs/analytics.py", line 652, in on_member_update
    before_timeout = before.timed_out_until
                     ^^^^^^^^^^^^^^^^^^^^^^
AttributeError: 'Member' object has no attribute 'timed_out_until'
Ignoring exception in on_member_update
Traceback (most recent call last):
  File "/usr/local/lib/python3.12/site-packages/discord/client.py", line 465, in _run_event
    await coro(*args, **kwargs)
  File "/app/asu_discord/cogs/analytics.py", line 652, in on_member_update
    before_timeout = before.timed_out_until
                     ^^^^^^^^^^^^^^^^^^^^^^
AttributeError: 'Member' object has no attribute 'timed_out_until'
Ignoring exception in on_member_update
Traceback (most recent call last):
  File "/usr/local/lib/python3.12/site-packages/discord/client.py", line 465, in _run_event
    await coro(*args, **kwargs)
  File "/app/asu_discord/cogs/analytics.py", line 652, in on_member_update
    before_timeout = before.timed_out_until
                     ^^^^^^^^^^^^^^^^^^^^^^
AttributeError: 'Member' object has no attribute 'timed_out_until'
INFO:asu_discord.cogs.verification:Saved 6 roles to database for user ddelari3 (Discord ID: 901960687599894559)
INFO:asu_discord.cogs.verification:Refreshed Salesforce roles for Discord user 901960687599894559: -6/+6 roles, assigned=[Arizona Resident, Commited, First Generation Student, First Year, Ira A. Fulton Schools of Engineering, Tempe]
Ignoring exception in on_member_update
Traceback (most recent call last):
  File "/usr/local/lib/python3.12/site-packages/discord/client.py", line 465, in _run_event
    await coro(*args, **kwargs)
  File "/app/asu_discord/cogs/analytics.py", line 652, in on_member_update
    before_timeout = before.timed_out_until
                     ^^^^^^^^^^^^^^^^^^^^^^
AttributeError: 'Member' object has no attribute 'timed_out_until'
Ignoring exception in on_member_update
Traceback (most recent call last):
  File "/usr/local/lib/python3.12/site-packages/discord/client.py", line 465, in _run_event
    await coro(*args, **kwargs)
  File "/app/asu_discord/cogs/analytics.py", line 652, in on_member_update
    before_timeout = before.timed_out_until
                     ^^^^^^^^^^^^^^^^^^^^^^
AttributeError: 'Member' object has no attribute 'timed_out_until'
Ignoring exception in on_member_update
Traceback (most recent call last):
  File "/usr/local/lib/python3.12/site-packages/discord/client.py", line 465, in _run_event
    await coro(*args, **kwargs)
  File "/app/asu_discord/cogs/analytics.py", line 652, in on_member_update
    before_timeout = before.timed_out_until
                     ^^^^^^^^^^^^^^^^^^^^^^
AttributeError: 'Member' object has no attribute 'timed_out_until'
Ignoring exception in on_member_update
Traceback (most recent call last):
  File "/usr/local/lib/python3.12/site-packages/discord/client.py", line 465, in _run_event
    await coro(*args, **kwargs)
  File "/app/asu_discord/cogs/analytics.py", line 652, in on_member_update
    before_timeout = before.timed_out_until
                     ^^^^^^^^^^^^^^^^^^^^^^
AttributeError: 'Member' object has no attribute 'timed_out_until'
Ignoring exception in on_member_update
Traceback (most recent call last):
  File "/usr/local/lib/python3.12/site-packages/discord/client.py", line 465, in _run_event
    await coro(*args, **kwargs)
  File "/app/asu_discord/cogs/analytics.py", line 652, in on_member_update
    before_timeout = before.timed_out_until
                     ^^^^^^^^^^^^^^^^^^^^^^
AttributeError: 'Member' object has no attribute 'timed_out_until'
Ignoring exception in on_member_update
Traceback (most recent call last):
  File "/usr/local/lib/python3.12/site-packages/discord/client.py", line 465, in _run_event
    await coro(*args, **kwargs)
  File "/app/asu_discord/cogs/analytics.py", line 652, in on_member_update
    before_timeout = before.timed_out_until
                     ^^^^^^^^^^^^^^^^^^^^^^
AttributeError: 'Member' object has no attribute 'timed_out_until'
Ignoring exception in on_member_update
Traceback (most recent call last):
  File "/usr/local/lib/python3.12/site-packages/discord/client.py", line 465, in _run_event
    await coro(*args, **kwargs)
  File "/app/asu_discord/cogs/analytics.py", line 652, in on_member_update
    before_timeout = before.timed_out_until
                     ^^^^^^^^^^^^^^^^^^^^^^
AttributeError: 'Member' object has no attribute 'timed_out_until'
Ignoring exception in on_member_update
Traceback (most recent call last):
  File "/usr/local/lib/python3.12/site-packages/discord/client.py", line 465, in _run_event
    await coro(*args, **kwargs)
  File "/app/asu_discord/cogs/analytics.py", line 652, in on_member_update
    before_timeout = before.timed_out_until
                     ^^^^^^^^^^^^^^^^^^^^^^
AttributeError: 'Member' object has no attribute 'timed_out_until'
INFO:asu_discord.cogs.verification:Saved 4 roles to database for user msrego (Discord ID: 1489003335284559944)
INFO:asu_discord.cogs.verification:Refreshed Salesforce roles for Discord user 1489003335284559944: -4/+4 roles, assigned=[College of Liberal Arts and Sciences, Graduate Student, International Student, Tempe]
Ignoring exception in on_member_update
Traceback (most recent call last):
  File "/usr/local/lib/python3.12/site-packages/discord/client.py", line 465, in _run_event
    await coro(*args, **kwargs)
  File "/app/asu_discord/cogs/analytics.py", line 652, in on_member_update
    before_timeout = before.timed_out_until
                     ^^^^^^^^^^^^^^^^^^^^^^
AttributeError: 'Member' object has no attribute 'timed_out_until'
Ignoring exception in on_member_update
Traceback (most recent call last):
  File "/usr/local/lib/python3.12/site-packages/discord/client.py", line 465, in _run_event
    await coro(*args, **kwargs)
  File "/app/asu_discord/cogs/analytics.py", line 652, in on_member_update
    before_timeout = before.timed_out_until
                     ^^^^^^^^^^^^^^^^^^^^^^
AttributeError: 'Member' object has no attribute 'timed_out_until'
Ignoring exception in on_member_update
Traceback (most recent call last):
  File "/usr/local/lib/python3.12/site-packages/discord/client.py", line 465, in _run_event
    await coro(*args, **kwargs)
  File "/app/asu_discord/cogs/analytics.py", line 652, in on_member_update
    before_timeout = before.timed_out_until
                     ^^^^^^^^^^^^^^^^^^^^^^
AttributeError: 'Member' object has no attribute 'timed_out_until'
Ignoring exception in on_member_update
Traceback (most recent call last):
  File "/usr/local/lib/python3.12/site-packages/discord/client.py", line 465, in _run_event
    await coro(*args, **kwargs)
  File "/app/asu_discord/cogs/analytics.py", line 652, in on_member_update
    before_timeout = before.timed_out_until
                     ^^^^^^^^^^^^^^^^^^^^^^
AttributeError: 'Member' object has no attribute 'timed_out_until'
Ignoring exception in on_member_update
Traceback (most recent call last):
  File "/usr/local/lib/python3.12/site-packages/discord/client.py", line 465, in _run_event
    await coro(*args, **kwargs)
  File "/app/asu_discord/cogs/analytics.py", line 652, in on_member_update
    before_timeout = before.timed_out_until
                     ^^^^^^^^^^^^^^^^^^^^^^
AttributeError: 'Member' object has no attribute 'timed_out_until'
Ignoring exception in on_member_update
Traceback (most recent call last):
  File "/usr/local/lib/python3.12/site-packages/discord/client.py", line 465, in _run_event
    await coro(*args, **kwargs)
  File "/app/asu_discord/cogs/analytics.py", line 652, in on_member_update
    before_timeout = before.timed_out_until
                     ^^^^^^^^^^^^^^^^^^^^^^
AttributeError: 'Member' object has no attribute 'timed_out_until'
Ignoring exception in on_member_update
Traceback (most recent call last):
  File "/usr/local/lib/python3.12/site-packages/discord/client.py", line 465, in _run_event
    await coro(*args, **kwargs)
  File "/app/asu_discord/cogs/analytics.py", line 652, in on_member_update
    before_timeout = before.timed_out_until
                     ^^^^^^^^^^^^^^^^^^^^^^
AttributeError: 'Member' object has no attribute 'timed_out_until'
Ignoring exception in on_member_update
Traceback (most recent call last):
  File "/usr/local/lib/python3.12/site-packages/discord/client.py", line 465, in _run_event
    await coro(*args, **kwargs)
  File "/app/asu_discord/cogs/analytics.py", line 652, in on_member_update
    before_timeout = before.timed_out_until
                     ^^^^^^^^^^^^^^^^^^^^^^
AttributeError: 'Member' object has no attribute 'timed_out_until'
INFO:asu_discord.cogs.verification:Saved 4 roles to database for user ahallur (Discord ID: 803347431563067392)
INFO:asu_discord.cogs.verification:Refreshed Salesforce roles for Discord user 803347431563067392: -4/+4 roles, assigned=[Graduate Student, International Student, Tempe, W.P. Carey School of Business]
Ignoring exception in on_member_update
Traceback (most recent call last):
  File "/usr/local/lib/python3.12/site-packages/discord/client.py", line 465, in _run_event
    await coro(*args, **kwargs)
  File "/app/asu_discord/cogs/analytics.py", line 652, in on_member_update
    before_timeout = before.timed_out_until
                     ^^^^^^^^^^^^^^^^^^^^^^
AttributeError: 'Member' object has no attribute 'timed_out_until'
Ignoring exception in on_member_update
Traceback (most recent call last):
  File "/usr/local/lib/python3.12/site-packages/discord/client.py", line 465, in _run_event
    await coro(*args, **kwargs)
  File "/app/asu_discord/cogs/analytics.py", line 652, in on_member_update
    before_timeout = before.timed_out_until
                     ^^^^^^^^^^^^^^^^^^^^^^
AttributeError: 'Member' object has no attribute 'timed_out_until'
Ignoring exception in on_member_update
Traceback (most recent call last):
  File "/usr/local/lib/python3.12/site-packages/discord/client.py", line 465, in _run_event
    await coro(*args, **kwargs)
  File "/app/asu_discord/cogs/analytics.py", line 652, in on_member_update
    before_timeout = before.timed_out_until
                     ^^^^^^^^^^^^^^^^^^^^^^
AttributeError: 'Member' object has no attribute 'timed_out_until'
Ignoring exception in on_member_update
Traceback (most recent call last):
  File "/usr/local/lib/python3.12/site-packages/discord/client.py", line 465, in _run_event
    await coro(*args, **kwargs)
  File "/app/asu_discord/cogs/analytics.py", line 652, in on_member_update
    before_timeout = before.timed_out_until
                     ^^^^^^^^^^^^^^^^^^^^^^
AttributeError: 'Member' object has no attribute 'timed_out_until'
Ignoring exception in on_member_update
Traceback (most recent call last):
  File "/usr/local/lib/python3.12/site-packages/discord/client.py", line 465, in _run_event
    await coro(*args, **kwargs)
  File "/app/asu_discord/cogs/analytics.py", line 652, in on_member_update
    before_timeout = before.timed_out_until
                     ^^^^^^^^^^^^^^^^^^^^^^
AttributeError: 'Member' object has no attribute 'timed_out_until'
Ignoring exception in on_member_update
Traceback (most recent call last):
  File "/usr/local/lib/python3.12/site-packages/discord/client.py", line 465, in _run_event
    await coro(*args, **kwargs)
  File "/app/asu_discord/cogs/analytics.py", line 652, in on_member_update
    before_timeout = before.timed_out_until
                     ^^^^^^^^^^^^^^^^^^^^^^
AttributeError: 'Member' object has no attribute 'timed_out_until'
Ignoring exception in on_member_update
Traceback (most recent call last):
  File "/usr/local/lib/python3.12/site-packages/discord/client.py", line 465, in _run_event
    await coro(*args, **kwargs)
  File "/app/asu_discord/cogs/analytics.py", line 652, in on_member_update
    before_timeout = before.timed_out_until
                     ^^^^^^^^^^^^^^^^^^^^^^
AttributeError: 'Member' object has no attribute 'timed_out_until'
Ignoring exception in on_member_update
Traceback (most recent call last):
  File "/usr/local/lib/python3.12/site-packages/discord/client.py", line 465, in _run_event
    await coro(*args, **kwargs)
  File "/app/asu_discord/cogs/analytics.py", line 652, in on_member_update
    before_timeout = before.timed_out_until
                     ^^^^^^^^^^^^^^^^^^^^^^
AttributeError: 'Member' object has no attribute 'timed_out_until'
INFO:asu_discord.cogs.verification:Saved 4 roles to database for user kvicenti (Discord ID: 650900060393046016)
INFO:asu_discord.cogs.verification:Refreshed Salesforce roles for Discord user 650900060393046016: -4/+4 roles, assigned=[Arizona Resident, Ira A. Fulton Schools of Engineering, Polytechnic, Transfer Student]
Ignoring exception in on_member_update
Traceback (most recent call last):
  File "/usr/local/lib/python3.12/site-packages/discord/client.py", line 465, in _run_event
    await coro(*args, **kwargs)
  File "/app/asu_discord/cogs/analytics.py", line 652, in on_member_update
    before_timeout = before.timed_out_until
                     ^^^^^^^^^^^^^^^^^^^^^^
AttributeError: 'Member' object has no attribute 'timed_out_until'
Ignoring exception in on_member_update
Traceback (most recent call last):
  File "/usr/local/lib/python3.12/site-packages/discord/client.py", line 465, in _run_event
    await coro(*args, **kwargs)
  File "/app/asu_discord/cogs/analytics.py", line 652, in on_member_update
    before_timeout = before.timed_out_until
                     ^^^^^^^^^^^^^^^^^^^^^^
AttributeError: 'Member' object has no attribute 'timed_out_until'
Ignoring exception in on_member_update
Traceback (most recent call last):
  File "/usr/local/lib/python3.12/site-packages/discord/client.py", line 465, in _run_event
    await coro(*args, **kwargs)
  File "/app/asu_discord/cogs/analytics.py", line 652, in on_member_update
    before_timeout = before.timed_out_until
                     ^^^^^^^^^^^^^^^^^^^^^^
AttributeError: 'Member' object has no attribute 'timed_out_until'
Ignoring exception in on_member_update
Traceback (most recent call last):
  File "/usr/local/lib/python3.12/site-packages/discord/client.py", line 465, in _run_event
    await coro(*args, **kwargs)
  File "/app/asu_discord/cogs/analytics.py", line 652, in on_member_update
    before_timeout = before.timed_out_until
                     ^^^^^^^^^^^^^^^^^^^^^^
AttributeError: 'Member' object has no attribute 'timed_out_until'
Ignoring exception in on_member_update
Traceback (most recent call last):
  File "/usr/local/lib/python3.12/site-packages/discord/client.py", line 465, in _run_event
    await coro(*args, **kwargs)
  File "/app/asu_discord/cogs/analytics.py", line 652, in on_member_update
    before_timeout = before.timed_out_until
                     ^^^^^^^^^^^^^^^^^^^^^^
AttributeError: 'Member' object has no attribute 'timed_out_until'
Ignoring exception in on_member_update
Traceback (most recent call last):
  File "/usr/local/lib/python3.12/site-packages/discord/client.py", line 465, in _run_event
    await coro(*args, **kwargs)
  File "/app/asu_discord/cogs/analytics.py", line 652, in on_member_update
    before_timeout = before.timed_out_until
                     ^^^^^^^^^^^^^^^^^^^^^^
AttributeError: 'Member' object has no attribute 'timed_out_until'
Ignoring exception in on_member_update
Traceback (most recent call last):
  File "/usr/local/lib/python3.12/site-packages/discord/client.py", line 465, in _run_event
    await coro(*args, **kwargs)
  File "/app/asu_discord/cogs/analytics.py", line 652, in on_member_update
    before_timeout = before.timed_out_until
                     ^^^^^^^^^^^^^^^^^^^^^^
AttributeError: 'Member' object has no attribute 'timed_out_until'
Ignoring exception in on_member_update
Traceback (most recent call last):
  File "/usr/local/lib/python3.12/site-packages/discord/client.py", line 465, in _run_event
    await coro(*args, **kwargs)
  File "/app/asu_discord/cogs/analytics.py", line 652, in on_member_update
    before_timeout = before.timed_out_until
                     ^^^^^^^^^^^^^^^^^^^^^^
AttributeError: 'Member' object has no attribute 'timed_out_until'
Ignoring exception in on_member_update
Traceback (most recent call last):
  File "/usr/local/lib/python3.12/site-packages/discord/client.py", line 465, in _run_event
    await coro(*args, **kwargs)
  File "/app/asu_discord/cogs/analytics.py", line 652, in on_member_update
    before_timeout = before.timed_out_until
                     ^^^^^^^^^^^^^^^^^^^^^^
AttributeError: 'Member' object has no attribute 'timed_out_until'
Ignoring exception in on_member_update
Traceback (most recent call last):
  File "/usr/local/lib/python3.12/site-packages/discord/client.py", line 465, in _run_event
    await coro(*args, **kwargs)
  File "/app/asu_discord/cogs/analytics.py", line 652, in on_member_update
    before_timeout = before.timed_out_until
                     ^^^^^^^^^^^^^^^^^^^^^^
AttributeError: 'Member' object has no attribute 'timed_out_until'
INFO:asu_discord.cogs.verification:Saved 5 roles to database for user nsenshar (Discord ID: 282339439752249354)
INFO:asu_discord.cogs.verification:Refreshed Salesforce roles for Discord user 282339439752249354: -5/+5 roles, assigned=[Arizona Resident, Commited, Graduate Student, Ira A. Fulton Schools of Engineering, Tempe]
Ignoring exception in on_member_update
Traceback (most recent call last):
  File "/usr/local/lib/python3.12/site-packages/discord/client.py", line 465, in _run_event
    await coro(*args, **kwargs)
  File "/app/asu_discord/cogs/analytics.py", line 652, in on_member_update
    before_timeout = before.timed_out_until
                     ^^^^^^^^^^^^^^^^^^^^^^
AttributeError: 'Member' object has no attribute 'timed_out_until'
Ignoring exception in on_member_update
Traceback (most recent call last):
  File "/usr/local/lib/python3.12/site-packages/discord/client.py", line 465, in _run_event
    await coro(*args, **kwargs)
  File "/app/asu_discord/cogs/analytics.py", line 652, in on_member_update
    before_timeout = before.timed_out_until
                     ^^^^^^^^^^^^^^^^^^^^^^
AttributeError: 'Member' object has no attribute 'timed_out_until'
Ignoring exception in on_member_update
Traceback (most recent call last):
  File "/usr/local/lib/python3.12/site-packages/discord/client.py", line 465, in _run_event
    await coro(*args, **kwargs)
  File "/app/asu_discord/cogs/analytics.py", line 652, in on_member_update
    before_timeout = before.timed_out_until
                     ^^^^^^^^^^^^^^^^^^^^^^
AttributeError: 'Member' object has no attribute 'timed_out_until'
Ignoring exception in on_member_update
Traceback (most recent call last):
  File "/usr/local/lib/python3.12/site-packages/discord/client.py", line 465, in _run_event
    await coro(*args, **kwargs)
  File "/app/asu_discord/cogs/analytics.py", line 652, in on_member_update
    before_timeout = before.timed_out_until
                     ^^^^^^^^^^^^^^^^^^^^^^
AttributeError: 'Member' object has no attribute 'timed_out_until'
Ignoring exception in on_member_update
Traceback (most recent call last):
  File "/usr/local/lib/python3.12/site-packages/discord/client.py", line 465, in _run_event
    await coro(*args, **kwargs)
  File "/app/asu_discord/cogs/analytics.py", line 652, in on_member_update
    before_timeout = before.timed_out_until
                     ^^^^^^^^^^^^^^^^^^^^^^
AttributeError: 'Member' object has no attribute 'timed_out_until'
Ignoring exception in on_member_update
Traceback (most recent call last):
  File "/usr/local/lib/python3.12/site-packages/discord/client.py", line 465, in _run_event
    await coro(*args, **kwargs)
  File "/app/asu_discord/cogs/analytics.py", line 652, in on_member_update
    before_timeout = before.timed_out_until
                     ^^^^^^^^^^^^^^^^^^^^^^
AttributeError: 'Member' object has no attribute 'timed_out_until'
Ignoring exception in on_member_update
Traceback (most recent call last):
  File "/usr/local/lib/python3.12/site-packages/discord/client.py", line 465, in _run_event
    await coro(*args, **kwargs)
  File "/app/asu_discord/cogs/analytics.py", line 652, in on_member_update
    before_timeout = before.timed_out_until
                     ^^^^^^^^^^^^^^^^^^^^^^
AttributeError: 'Member' object has no attribute 'timed_out_until'
Ignoring exception in on_member_update
Traceback (most recent call last):
  File "/usr/local/lib/python3.12/site-packages/discord/client.py", line 465, in _run_event
    await coro(*args, **kwargs)
  File "/app/asu_discord/cogs/analytics.py", line 652, in on_member_update
    before_timeout = before.timed_out_until
                     ^^^^^^^^^^^^^^^^^^^^^^
AttributeError: 'Member' object has no attribute 'timed_out_until'
Ignoring exception in on_member_update
Traceback (most recent call last):
  File "/usr/local/lib/python3.12/site-packages/discord/client.py", line 465, in _run_event
    await coro(*args, **kwargs)
  File "/app/asu_discord/cogs/analytics.py", line 652, in on_member_update
    before_timeout = before.timed_out_until
                     ^^^^^^^^^^^^^^^^^^^^^^
AttributeError: 'Member' object has no attribute 'timed_out_until'
Ignoring exception in on_member_update
Traceback (most recent call last):
  File "/usr/local/lib/python3.12/site-packages/discord/client.py", line 465, in _run_event
    await coro(*args, **kwargs)
  File "/app/asu_discord/cogs/analytics.py", line 652, in on_member_update
    before_timeout = before.timed_out_until
                     ^^^^^^^^^^^^^^^^^^^^^^
AttributeError: 'Member' object has no attribute 'timed_out_until'
INFO:asu_discord.cogs.verification:Saved 5 roles to database for user blcruz1 (Discord ID: 1468636722970497034)
INFO:asu_discord.cogs.verification:Refreshed Salesforce roles for Discord user 1468636722970497034: -5/+5 roles, assigned=[Arizona Resident, First Generation Student, First Year, New College of Interdisciplinary Arts and Sciences, West Valley]
Ignoring exception in on_member_update
Traceback (most recent call last):
  File "/usr/local/lib/python3.12/site-packages/discord/client.py", line 465, in _run_event
    await coro(*args, **kwargs)
  File "/app/asu_discord/cogs/analytics.py", line 652, in on_member_update
    before_timeout = before.timed_out_until
                     ^^^^^^^^^^^^^^^^^^^^^^
AttributeError: 'Member' object has no attribute 'timed_out_until'
Ignoring exception in on_member_update
Traceback (most recent call last):
  File "/usr/local/lib/python3.12/site-packages/discord/client.py", line 465, in _run_event
    await coro(*args, **kwargs)
  File "/app/asu_discord/cogs/analytics.py", line 652, in on_member_update
    before_timeout = before.timed_out_until
                     ^^^^^^^^^^^^^^^^^^^^^^
AttributeError: 'Member' object has no attribute 'timed_out_until'
Ignoring exception in on_member_update
Traceback (most recent call last):
  File "/usr/local/lib/python3.12/site-packages/discord/client.py", line 465, in _run_event
    await coro(*args, **kwargs)
  File "/app/asu_discord/cogs/analytics.py", line 652, in on_member_update
    before_timeout = before.timed_out_until
                     ^^^^^^^^^^^^^^^^^^^^^^
AttributeError: 'Member' object has no attribute 'timed_out_until'
Ignoring exception in on_member_update
Traceback (most recent call last):
  File "/usr/local/lib/python3.12/site-packages/discord/client.py", line 465, in _run_event
    await coro(*args, **kwargs)
  File "/app/asu_discord/cogs/analytics.py", line 652, in on_member_update
    before_timeout = before.timed_out_until
                     ^^^^^^^^^^^^^^^^^^^^^^
AttributeError: 'Member' object has no attribute 'timed_out_until'
Ignoring exception in on_member_update
Traceback (most recent call last):
  File "/usr/local/lib/python3.12/site-packages/discord/client.py", line 465, in _run_event
    await coro(*args, **kwargs)
  File "/app/asu_discord/cogs/analytics.py", line 652, in on_member_update
    before_timeout = before.timed_out_until
                     ^^^^^^^^^^^^^^^^^^^^^^
AttributeError: 'Member' object has no attribute 'timed_out_until'
Ignoring exception in on_member_update
Traceback (most recent call last):
  File "/usr/local/lib/python3.12/site-packages/discord/client.py", line 465, in _run_event
    await coro(*args, **kwargs)
  File "/app/asu_discord/cogs/analytics.py", line 652, in on_member_update
    before_timeout = before.timed_out_until
                     ^^^^^^^^^^^^^^^^^^^^^^
AttributeError: 'Member' object has no attribute 'timed_out_until'
Ignoring exception in on_member_update
Traceback (most recent call last):
  File "/usr/local/lib/python3.12/site-packages/discord/client.py", line 465, in _run_event
    await coro(*args, **kwargs)
  File "/app/asu_discord/cogs/analytics.py", line 652, in on_member_update
    before_timeout = before.timed_out_until
                     ^^^^^^^^^^^^^^^^^^^^^^
AttributeError: 'Member' object has no attribute 'timed_out_until'
Ignoring exception in on_member_update
Traceback (most recent call last):
  File "/usr/local/lib/python3.12/site-packages/discord/client.py", line 465, in _run_event
    await coro(*args, **kwargs)
  File "/app/asu_discord/cogs/analytics.py", line 652, in on_member_update
    before_timeout = before.timed_out_until
                     ^^^^^^^^^^^^^^^^^^^^^^
AttributeError: 'Member' object has no attribute 'timed_out_until'
INFO:asu_discord.cogs.verification:Saved 4 roles to database for user mmarkan1 (Discord ID: 482181997280755732)
INFO:asu_discord.cogs.verification:Refreshed Salesforce roles for Discord user 482181997280755732: -4/+4 roles, assigned=[Graduate Student, International Student, Tempe, W.P. Carey School of Business]
Ignoring exception in on_member_update
Traceback (most recent call last):
  File "/usr/local/lib/python3.12/site-packages/discord/client.py", line 465, in _run_event
    await coro(*args, **kwargs)
  File "/app/asu_discord/cogs/analytics.py", line 652, in on_member_update
    before_timeout = before.timed_out_until
                     ^^^^^^^^^^^^^^^^^^^^^^
AttributeError: 'Member' object has no attribute 'timed_out_until'
Ignoring exception in on_member_update
Traceback (most recent call last):
  File "/usr/local/lib/python3.12/site-packages/discord/client.py", line 465, in _run_event
    await coro(*args, **kwargs)
  File "/app/asu_discord/cogs/analytics.py", line 652, in on_member_update
    before_timeout = before.timed_out_until
                     ^^^^^^^^^^^^^^^^^^^^^^
AttributeError: 'Member' object has no attribute 'timed_out_until'
Ignoring exception in on_member_update
Traceback (most recent call last):
  File "/usr/local/lib/python3.12/site-packages/discord/client.py", line 465, in _run_event
    await coro(*args, **kwargs)
  File "/app/asu_discord/cogs/analytics.py", line 652, in on_member_update
    before_timeout = before.timed_out_until
                     ^^^^^^^^^^^^^^^^^^^^^^
AttributeError: 'Member' object has no attribute 'timed_out_until'
Ignoring exception in on_member_update
Traceback (most recent call last):
  File "/usr/local/lib/python3.12/site-packages/discord/client.py", line 465, in _run_event
    await coro(*args, **kwargs)
  File "/app/asu_discord/cogs/analytics.py", line 652, in on_member_update
    before_timeout = before.timed_out_until
                     ^^^^^^^^^^^^^^^^^^^^^^
AttributeError: 'Member' object has no attribute 'timed_out_until'
Ignoring exception in on_member_update
Traceback (most recent call last):
  File "/usr/local/lib/python3.12/site-packages/discord/client.py", line 465, in _run_event
    await coro(*args, **kwargs)
  File "/app/asu_discord/cogs/analytics.py", line 652, in on_member_update
    before_timeout = before.timed_out_until
                     ^^^^^^^^^^^^^^^^^^^^^^
AttributeError: 'Member' object has no attribute 'timed_out_until'
Ignoring exception in on_member_update
Traceback (most recent call last):
  File "/usr/local/lib/python3.12/site-packages/discord/client.py", line 465, in _run_event
    await coro(*args, **kwargs)
  File "/app/asu_discord/cogs/analytics.py", line 652, in on_member_update
    before_timeout = before.timed_out_until
                     ^^^^^^^^^^^^^^^^^^^^^^
AttributeError: 'Member' object has no attribute 'timed_out_until'
Ignoring exception in on_member_update
Traceback (most recent call last):
  File "/usr/local/lib/python3.12/site-packages/discord/client.py", line 465, in _run_event
    await coro(*args, **kwargs)
  File "/app/asu_discord/cogs/analytics.py", line 652, in on_member_update
    before_timeout = before.timed_out_until
                     ^^^^^^^^^^^^^^^^^^^^^^
AttributeError: 'Member' object has no attribute 'timed_out_until'
Ignoring exception in on_member_update
Traceback (most recent call last):
  File "/usr/local/lib/python3.12/site-packages/discord/client.py", line 465, in _run_event
    await coro(*args, **kwargs)
  File "/app/asu_discord/cogs/analytics.py", line 652, in on_member_update
    before_timeout = before.timed_out_until
                     ^^^^^^^^^^^^^^^^^^^^^^
AttributeError: 'Member' object has no attribute 'timed_out_until'
Ignoring exception in on_member_update
Traceback (most recent call last):
  File "/usr/local/lib/python3.12/site-packages/discord/client.py", line 465, in _run_event
    await coro(*args, **kwargs)
  File "/app/asu_discord/cogs/analytics.py", line 652, in on_member_update
    before_timeout = before.timed_out_until
                     ^^^^^^^^^^^^^^^^^^^^^^
AttributeError: 'Member' object has no attribute 'timed_out_until'
Ignoring exception in on_member_update
Traceback (most recent call last):
  File "/usr/local/lib/python3.12/site-packages/discord/client.py", line 465, in _run_event
    await coro(*args, **kwargs)
  File "/app/asu_discord/cogs/analytics.py", line 652, in on_member_update
    before_timeout = before.timed_out_until
                     ^^^^^^^^^^^^^^^^^^^^^^
AttributeError: 'Member' object has no attribute 'timed_out_until'
INFO:asu_discord.cogs.verification:Saved 5 roles to database for user mlehri (Discord ID: 1489047246442991658)
INFO:asu_discord.cogs.verification:Refreshed Salesforce roles for Discord user 1489047246442991658: -5/+5 roles, assigned=[First Generation Student, Graduate Student, International Student, Tempe, W.P. Carey School of Business]
Ignoring exception in on_member_update
Traceback (most recent call last):
  File "/usr/local/lib/python3.12/site-packages/discord/client.py", line 465, in _run_event
    await coro(*args, **kwargs)
  File "/app/asu_discord/cogs/analytics.py", line 652, in on_member_update
    before_timeout = before.timed_out_until
                     ^^^^^^^^^^^^^^^^^^^^^^
AttributeError: 'Member' object has no attribute 'timed_out_until'
Ignoring exception in on_member_update
Traceback (most recent call last):
  File "/usr/local/lib/python3.12/site-packages/discord/client.py", line 465, in _run_event
    await coro(*args, **kwargs)
  File "/app/asu_discord/cogs/analytics.py", line 652, in on_member_update
    before_timeout = before.timed_out_until
                     ^^^^^^^^^^^^^^^^^^^^^^
AttributeError: 'Member' object has no attribute 'timed_out_until'
Ignoring exception in on_member_update
Traceback (most recent call last):
  File "/usr/local/lib/python3.12/site-packages/discord/client.py", line 465, in _run_event
    await coro(*args, **kwargs)
  File "/app/asu_discord/cogs/analytics.py", line 652, in on_member_update
    before_timeout = before.timed_out_until
                     ^^^^^^^^^^^^^^^^^^^^^^
AttributeError: 'Member' object has no attribute 'timed_out_until'
Ignoring exception in on_member_update
Traceback (most recent call last):
  File "/usr/local/lib/python3.12/site-packages/discord/client.py", line 465, in _run_event
    await coro(*args, **kwargs)
  File "/app/asu_discord/cogs/analytics.py", line 652, in on_member_update
    before_timeout = before.timed_out_until
                     ^^^^^^^^^^^^^^^^^^^^^^
AttributeError: 'Member' object has no attribute 'timed_out_until'
Ignoring exception in on_member_update
Traceback (most recent call last):
  File "/usr/local/lib/python3.12/site-packages/discord/client.py", line 465, in _run_event
    await coro(*args, **kwargs)
  File "/app/asu_discord/cogs/analytics.py", line 652, in on_member_update
    before_timeout = before.timed_out_until
                     ^^^^^^^^^^^^^^^^^^^^^^
AttributeError: 'Member' object has no attribute 'timed_out_until'
Ignoring exception in on_member_update
Traceback (most recent call last):
  File "/usr/local/lib/python3.12/site-packages/discord/client.py", line 465, in _run_event
    await coro(*args, **kwargs)
  File "/app/asu_discord/cogs/analytics.py", line 652, in on_member_update
    before_timeout = before.timed_out_until
                     ^^^^^^^^^^^^^^^^^^^^^^
AttributeError: 'Member' object has no attribute 'timed_out_until'
Ignoring exception in on_member_update
Traceback (most recent call last):
  File "/usr/local/lib/python3.12/site-packages/discord/client.py", line 465, in _run_event
    await coro(*args, **kwargs)
  File "/app/asu_discord/cogs/analytics.py", line 652, in on_member_update
    before_timeout = before.timed_out_until
                     ^^^^^^^^^^^^^^^^^^^^^^
AttributeError: 'Member' object has no attribute 'timed_out_until'
Ignoring exception in on_member_update
Traceback (most recent call last):
  File "/usr/local/lib/python3.12/site-packages/discord/client.py", line 465, in _run_event
    await coro(*args, **kwargs)
  File "/app/asu_discord/cogs/analytics.py", line 652, in on_member_update
    before_timeout = before.timed_out_until
                     ^^^^^^^^^^^^^^^^^^^^^^
AttributeError: 'Member' object has no attribute 'timed_out_until'
Ignoring exception in on_member_update
Traceback (most recent call last):
  File "/usr/local/lib/python3.12/site-packages/discord/client.py", line 465, in _run_event
    await coro(*args, **kwargs)
  File "/app/asu_discord/cogs/analytics.py", line 652, in on_member_update
    before_timeout = before.timed_out_until
                     ^^^^^^^^^^^^^^^^^^^^^^
AttributeError: 'Member' object has no attribute 'timed_out_until'
Ignoring exception in on_member_update
Traceback (most recent call last):
  File "/usr/local/lib/python3.12/site-packages/discord/client.py", line 465, in _run_event
    await coro(*args, **kwargs)
  File "/app/asu_discord/cogs/analytics.py", line 652, in on_member_update
    before_timeout = before.timed_out_until
                     ^^^^^^^^^^^^^^^^^^^^^^
AttributeError: 'Member' object has no attribute 'timed_out_until'
INFO:asu_discord.cogs.verification:Saved 5 roles to database for user ajtapaha (Discord ID: 960026542967259187)
INFO:asu_discord.cogs.verification:Refreshed Salesforce roles for Discord user 960026542967259187: -5/+5 roles, assigned=[Arizona Resident, College of Liberal Arts and Sciences, First Generation Student, First Year, Tempe]
Ignoring exception in on_member_update
Traceback (most recent call last):
  File "/usr/local/lib/python3.12/site-packages/discord/client.py", line 465, in _run_event
    await coro(*args, **kwargs)
  File "/app/asu_discord/cogs/analytics.py", line 652, in on_member_update
    before_timeout = before.timed_out_until
                     ^^^^^^^^^^^^^^^^^^^^^^
AttributeError: 'Member' object has no attribute 'timed_out_until'
Ignoring exception in on_member_update
Traceback (most recent call last):
  File "/usr/local/lib/python3.12/site-packages/discord/client.py", line 465, in _run_event
    await coro(*args, **kwargs)
  File "/app/asu_discord/cogs/analytics.py", line 652, in on_member_update
    before_timeout = before.timed_out_until
                     ^^^^^^^^^^^^^^^^^^^^^^
AttributeError: 'Member' object has no attribute 'timed_out_until'
Ignoring exception in on_member_update
Traceback (most recent call last):
  File "/usr/local/lib/python3.12/site-packages/discord/client.py", line 465, in _run_event
    await coro(*args, **kwargs)
  File "/app/asu_discord/cogs/analytics.py", line 652, in on_member_update
    before_timeout = before.timed_out_until
                     ^^^^^^^^^^^^^^^^^^^^^^
AttributeError: 'Member' object has no attribute 'timed_out_until'
Ignoring exception in on_member_update
Traceback (most recent call last):
  File "/usr/local/lib/python3.12/site-packages/discord/client.py", line 465, in _run_event
    await coro(*args, **kwargs)
  File "/app/asu_discord/cogs/analytics.py", line 652, in on_member_update
    before_timeout = before.timed_out_until
                     ^^^^^^^^^^^^^^^^^^^^^^
AttributeError: 'Member' object has no attribute 'timed_out_until'
Ignoring exception in on_member_update
Traceback (most recent call last):
  File "/usr/local/lib/python3.12/site-packages/discord/client.py", line 465, in _run_event
    await coro(*args, **kwargs)
  File "/app/asu_discord/cogs/analytics.py", line 652, in on_member_update
    before_timeout = before.timed_out_until
                     ^^^^^^^^^^^^^^^^^^^^^^
AttributeError: 'Member' object has no attribute 'timed_out_until'
Ignoring exception in on_member_update
Traceback (most recent call last):
  File "/usr/local/lib/python3.12/site-packages/discord/client.py", line 465, in _run_event
    await coro(*args, **kwargs)
  File "/app/asu_discord/cogs/analytics.py", line 652, in on_member_update
    before_timeout = before.timed_out_until
                     ^^^^^^^^^^^^^^^^^^^^^^
AttributeError: 'Member' object has no attribute 'timed_out_until'
Ignoring exception in on_member_update
Traceback (most recent call last):
  File "/usr/local/lib/python3.12/site-packages/discord/client.py", line 465, in _run_event
    await coro(*args, **kwargs)
  File "/app/asu_discord/cogs/analytics.py", line 652, in on_member_update
    before_timeout = before.timed_out_until
                     ^^^^^^^^^^^^^^^^^^^^^^
AttributeError: 'Member' object has no attribute 'timed_out_until'
Ignoring exception in on_member_update
Traceback (most recent call last):
  File "/usr/local/lib/python3.12/site-packages/discord/client.py", line 465, in _run_event
    await coro(*args, **kwargs)
  File "/app/asu_discord/cogs/analytics.py", line 652, in on_member_update
    before_timeout = before.timed_out_until
                     ^^^^^^^^^^^^^^^^^^^^^^
AttributeError: 'Member' object has no attribute 'timed_out_until'
Ignoring exception in on_member_update
Traceback (most recent call last):
  File "/usr/local/lib/python3.12/site-packages/discord/client.py", line 465, in _run_event
    await coro(*args, **kwargs)
  File "/app/asu_discord/cogs/analytics.py", line 652, in on_member_update
    before_timeout = before.timed_out_until
                     ^^^^^^^^^^^^^^^^^^^^^^
AttributeError: 'Member' object has no attribute 'timed_out_until'
INFO:asu_discord.cogs.verification:Saved 5 roles to database for user psrodri3 (Discord ID: 1203755018134487125)
INFO:asu_discord.cogs.verification:Refreshed Salesforce roles for Discord user 1203755018134487125: -5/+5 roles, assigned=[Commited, First Year, International Student, Tempe, W.P. Carey School of Business]
Ignoring exception in on_member_update
Traceback (most recent call last):
  File "/usr/local/lib/python3.12/site-packages/discord/client.py", line 465, in _run_event
    await coro(*args, **kwargs)
  File "/app/asu_discord/cogs/analytics.py", line 652, in on_member_update
    before_timeout = before.timed_out_until
                     ^^^^^^^^^^^^^^^^^^^^^^
AttributeError: 'Member' object has no attribute 'timed_out_until'
Ignoring exception in on_member_update
Traceback (most recent call last):
  File "/usr/local/lib/python3.12/site-packages/discord/client.py", line 465, in _run_event
    await coro(*args, **kwargs)
  File "/app/asu_discord/cogs/analytics.py", line 652, in on_member_update
    before_timeout = before.timed_out_until
                     ^^^^^^^^^^^^^^^^^^^^^^
AttributeError: 'Member' object has no attribute 'timed_out_until'
Ignoring exception in on_member_update
Traceback (most recent call last):
  File "/usr/local/lib/python3.12/site-packages/discord/client.py", line 465, in _run_event
    await coro(*args, **kwargs)
  File "/app/asu_discord/cogs/analytics.py", line 652, in on_member_update
    before_timeout = before.timed_out_until
                     ^^^^^^^^^^^^^^^^^^^^^^
AttributeError: 'Member' object has no attribute 'timed_out_until'
Ignoring exception in on_member_update
Traceback (most recent call last):
  File "/usr/local/lib/python3.12/site-packages/discord/client.py", line 465, in _run_event
    await coro(*args, **kwargs)
  File "/app/asu_discord/cogs/analytics.py", line 652, in on_member_update
    before_timeout = before.timed_out_until
                     ^^^^^^^^^^^^^^^^^^^^^^
AttributeError: 'Member' object has no attribute 'timed_out_until'
Ignoring exception in on_member_update
Traceback (most recent call last):
  File "/usr/local/lib/python3.12/site-packages/discord/client.py", line 465, in _run_event
    await coro(*args, **kwargs)
  File "/app/asu_discord/cogs/analytics.py", line 652, in on_member_update
    before_timeout = before.timed_out_until
                     ^^^^^^^^^^^^^^^^^^^^^^
AttributeError: 'Member' object has no attribute 'timed_out_until'
Ignoring exception in on_member_update
Traceback (most recent call last):
  File "/usr/local/lib/python3.12/site-packages/discord/client.py", line 465, in _run_event
    await coro(*args, **kwargs)
  File "/app/asu_discord/cogs/analytics.py", line 652, in on_member_update
    before_timeout = before.timed_out_until
                     ^^^^^^^^^^^^^^^^^^^^^^
AttributeError: 'Member' object has no attribute 'timed_out_until'
Ignoring exception in on_member_update
Traceback (most recent call last):
  File "/usr/local/lib/python3.12/site-packages/discord/client.py", line 465, in _run_event
    await coro(*args, **kwargs)
  File "/app/asu_discord/cogs/analytics.py", line 652, in on_member_update
    before_timeout = before.timed_out_until
                     ^^^^^^^^^^^^^^^^^^^^^^
AttributeError: 'Member' object has no attribute 'timed_out_until'
Ignoring exception in on_member_update
Traceback (most recent call last):
  File "/usr/local/lib/python3.12/site-packages/discord/client.py", line 465, in _run_event
    await coro(*args, **kwargs)
  File "/app/asu_discord/cogs/analytics.py", line 652, in on_member_update
    before_timeout = before.timed_out_until
                     ^^^^^^^^^^^^^^^^^^^^^^
AttributeError: 'Member' object has no attribute 'timed_out_until'
Ignoring exception in on_member_update
Traceback (most recent call last):
  File "/usr/local/lib/python3.12/site-packages/discord/client.py", line 465, in _run_event
    await coro(*args, **kwargs)
  File "/app/asu_discord/cogs/analytics.py", line 652, in on_member_update
    before_timeout = before.timed_out_until
                     ^^^^^^^^^^^^^^^^^^^^^^
AttributeError: 'Member' object has no attribute 'timed_out_until'
Ignoring exception in on_member_update
Traceback (most recent call last):
  File "/usr/local/lib/python3.12/site-packages/discord/client.py", line 465, in _run_event
    await coro(*args, **kwargs)
  File "/app/asu_discord/cogs/analytics.py", line 652, in on_member_update
    before_timeout = before.timed_out_until
                     ^^^^^^^^^^^^^^^^^^^^^^
AttributeError: 'Member' object has no attribute 'timed_out_until'
ERROR:cron.jobs:refresh_salesforce_roles: failed for dseden (Discord ID 668963737797132288): Timed out refresh Salesforce-based roles
Ignoring exception in on_member_update
Traceback (most recent call last):
  File "/usr/local/lib/python3.12/site-packages/discord/client.py", line 465, in _run_event
    await coro(*args, **kwargs)
  File "/app/asu_discord/cogs/analytics.py", line 652, in on_member_update
    before_timeout = before.timed_out_until
                     ^^^^^^^^^^^^^^^^^^^^^^
AttributeError: 'Member' object has no attribute 'timed_out_until'
Ignoring exception in on_member_update
Traceback (most recent call last):
  File "/usr/local/lib/python3.12/site-packages/discord/client.py", line 465, in _run_event
    await coro(*args, **kwargs)
  File "/app/asu_discord/cogs/analytics.py", line 652, in on_member_update
    before_timeout = before.timed_out_until
                     ^^^^^^^^^^^^^^^^^^^^^^
AttributeError: 'Member' object has no attribute 'timed_out_until'
Ignoring exception in on_member_update
Traceback (most recent call last):
  File "/usr/local/lib/python3.12/site-packages/discord/client.py", line 465, in _run_event
    await coro(*args, **kwargs)
  File "/app/asu_discord/cogs/analytics.py", line 652, in on_member_update
    before_timeout = before.timed_out_until
                     ^^^^^^^^^^^^^^^^^^^^^^
AttributeError: 'Member' object has no attribute 'timed_out_until'
Ignoring exception in on_member_update
Traceback (most recent call last):
  File "/usr/local/lib/python3.12/site-packages/discord/client.py", line 465, in _run_event
    await coro(*args, **kwargs)
  File "/app/asu_discord/cogs/analytics.py", line 652, in on_member_update
    before_timeout = before.timed_out_until
                     ^^^^^^^^^^^^^^^^^^^^^^
AttributeError: 'Member' object has no attribute 'timed_out_until'
Ignoring exception in on_member_update
Traceback (most recent call last):
  File "/usr/local/lib/python3.12/site-packages/discord/client.py", line 465, in _run_event
    await coro(*args, **kwargs)
  File "/app/asu_discord/cogs/analytics.py", line 652, in on_member_update
    before_timeout = before.timed_out_until
                     ^^^^^^^^^^^^^^^^^^^^^^
AttributeError: 'Member' object has no attribute 'timed_out_until'
Ignoring exception in on_member_update
Traceback (most recent call last):
  File "/usr/local/lib/python3.12/site-packages/discord/client.py", line 465, in _run_event
    await coro(*args, **kwargs)
  File "/app/asu_discord/cogs/analytics.py", line 652, in on_member_update
    before_timeout = before.timed_out_until
                     ^^^^^^^^^^^^^^^^^^^^^^
AttributeError: 'Member' object has no attribute 'timed_out_until'
Ignoring exception in on_member_update
Traceback (most recent call last):
  File "/usr/local/lib/python3.12/site-packages/discord/client.py", line 465, in _run_event
    await coro(*args, **kwargs)
  File "/app/asu_discord/cogs/analytics.py", line 652, in on_member_update
    before_timeout = before.timed_out_until
                     ^^^^^^^^^^^^^^^^^^^^^^
AttributeError: 'Member' object has no attribute 'timed_out_until'
Ignoring exception in on_member_update
Traceback (most recent call last):
  File "/usr/local/lib/python3.12/site-packages/discord/client.py", line 465, in _run_event
    await coro(*args, **kwargs)
  File "/app/asu_discord/cogs/analytics.py", line 652, in on_member_update
    before_timeout = before.timed_out_until
                     ^^^^^^^^^^^^^^^^^^^^^^
AttributeError: 'Member' object has no attribute 'timed_out_until'
Ignoring exception in on_member_update
Traceback (most recent call last):
  File "/usr/local/lib/python3.12/site-packages/discord/client.py", line 465, in _run_event
    await coro(*args, **kwargs)
  File "/app/asu_discord/cogs/analytics.py", line 652, in on_member_update
    before_timeout = before.timed_out_until
                     ^^^^^^^^^^^^^^^^^^^^^^
AttributeError: 'Member' object has no attribute 'timed_out_until'
Ignoring exception in on_member_update
Traceback (most recent call last):
  File "/usr/local/lib/python3.12/site-packages/discord/client.py", line 465, in _run_event
    await coro(*args, **kwargs)
  File "/app/asu_discord/cogs/analytics.py", line 652, in on_member_update
    before_timeout = before.timed_out_until
                     ^^^^^^^^^^^^^^^^^^^^^^
AttributeError: 'Member' object has no attribute 'timed_out_until'
INFO:asu_discord.cogs.verification:Saved 5 roles to database for user lsugalsk (Discord ID: 1489099792268394688)
INFO:asu_discord.cogs.verification:Refreshed Salesforce roles for Discord user 1489099792268394688: -5/+4 roles, assigned=[College of Liberal Arts and Sciences, Commited, First Year, Out of State, Tempe]
Ignoring exception in on_member_update
Traceback (most recent call last):
  File "/usr/local/lib/python3.12/site-packages/discord/client.py", line 465, in _run_event
    await coro(*args, **kwargs)
  File "/app/asu_discord/cogs/analytics.py", line 652, in on_member_update
    before_timeout = before.timed_out_until
                     ^^^^^^^^^^^^^^^^^^^^^^
AttributeError: 'Member' object has no attribute 'timed_out_until'
Ignoring exception in on_member_update
Traceback (most recent call last):
  File "/usr/local/lib/python3.12/site-packages/discord/client.py", line 465, in _run_event
    await coro(*args, **kwargs)
  File "/app/asu_discord/cogs/analytics.py", line 652, in on_member_update
    before_timeout = before.timed_out_until
                     ^^^^^^^^^^^^^^^^^^^^^^
AttributeError: 'Member' object has no attribute 'timed_out_until'
Ignoring exception in on_member_update
Traceback (most recent call last):
  File "/usr/local/lib/python3.12/site-packages/discord/client.py", line 465, in _run_event
    await coro(*args, **kwargs)
  File "/app/asu_discord/cogs/analytics.py", line 652, in on_member_update
    before_timeout = before.timed_out_until
                     ^^^^^^^^^^^^^^^^^^^^^^
AttributeError: 'Member' object has no attribute 'timed_out_until'
Ignoring exception in on_member_update
Traceback (most recent call last):
  File "/usr/local/lib/python3.12/site-packages/discord/client.py", line 465, in _run_event
    await coro(*args, **kwargs)
  File "/app/asu_discord/cogs/analytics.py", line 652, in on_member_update
    before_timeout = before.timed_out_until
                     ^^^^^^^^^^^^^^^^^^^^^^
AttributeError: 'Member' object has no attribute 'timed_out_until'
Ignoring exception in on_member_update
Traceback (most recent call last):
  File "/usr/local/lib/python3.12/site-packages/discord/client.py", line 465, in _run_event
    await coro(*args, **kwargs)
  File "/app/asu_discord/cogs/analytics.py", line 652, in on_member_update
    before_timeout = before.timed_out_until
                     ^^^^^^^^^^^^^^^^^^^^^^
AttributeError: 'Member' object has no attribute 'timed_out_until'
Ignoring exception in on_member_update
Traceback (most recent call last):
  File "/usr/local/lib/python3.12/site-packages/discord/client.py", line 465, in _run_event
    await coro(*args, **kwargs)
  File "/app/asu_discord/cogs/analytics.py", line 652, in on_member_update
    before_timeout = before.timed_out_until
                     ^^^^^^^^^^^^^^^^^^^^^^
AttributeError: 'Member' object has no attribute 'timed_out_until'
Ignoring exception in on_member_update
Traceback (most recent call last):
  File "/usr/local/lib/python3.12/site-packages/discord/client.py", line 465, in _run_event
    await coro(*args, **kwargs)
  File "/app/asu_discord/cogs/analytics.py", line 652, in on_member_update
    before_timeout = before.timed_out_until
                     ^^^^^^^^^^^^^^^^^^^^^^
AttributeError: 'Member' object has no attribute 'timed_out_until'
Ignoring exception in on_member_update
Traceback (most recent call last):
  File "/usr/local/lib/python3.12/site-packages/discord/client.py", line 465, in _run_event
    await coro(*args, **kwargs)
  File "/app/asu_discord/cogs/analytics.py", line 652, in on_member_update
    before_timeout = before.timed_out_until
                     ^^^^^^^^^^^^^^^^^^^^^^
AttributeError: 'Member' object has no attribute 'timed_out_until'
Ignoring exception in on_member_update
Traceback (most recent call last):
  File "/usr/local/lib/python3.12/site-packages/discord/client.py", line 465, in _run_event
    await coro(*args, **kwargs)
  File "/app/asu_discord/cogs/analytics.py", line 652, in on_member_update
    before_timeout = before.timed_out_until
                     ^^^^^^^^^^^^^^^^^^^^^^
AttributeError: 'Member' object has no attribute 'timed_out_until'
Ignoring exception in on_member_update
Traceback (most recent call last):
  File "/usr/local/lib/python3.12/site-packages/discord/client.py", line 465, in _run_event
    await coro(*args, **kwargs)
  File "/app/asu_discord/cogs/analytics.py", line 652, in on_member_update
    before_timeout = before.timed_out_until
                     ^^^^^^^^^^^^^^^^^^^^^^
AttributeError: 'Member' object has no attribute 'timed_out_until'
INFO:asu_discord.cogs.verification:Saved 5 roles to database for user mmhashe1 (Discord ID: 443632555468652554)
INFO:asu_discord.cogs.verification:Refreshed Salesforce roles for Discord user 443632555468652554: -5/+5 roles, assigned=[Arizona Resident, Commited, Herberger Institute for Design and the Arts, Tempe, Transfer Student]
Ignoring exception in on_member_update
Traceback (most recent call last):
  File "/usr/local/lib/python3.12/site-packages/discord/client.py", line 465, in _run_event
    await coro(*args, **kwargs)
  File "/app/asu_discord/cogs/analytics.py", line 652, in on_member_update
    before_timeout = before.timed_out_until
                     ^^^^^^^^^^^^^^^^^^^^^^
AttributeError: 'Member' object has no attribute 'timed_out_until'
Ignoring exception in on_member_update
Traceback (most recent call last):
  File "/usr/local/lib/python3.12/site-packages/discord/client.py", line 465, in _run_event
    await coro(*args, **kwargs)
  File "/app/asu_discord/cogs/analytics.py", line 652, in on_member_update
    before_timeout = before.timed_out_until
                     ^^^^^^^^^^^^^^^^^^^^^^
AttributeError: 'Member' object has no attribute 'timed_out_until'
Ignoring exception in on_member_update
Traceback (most recent call last):
  File "/usr/local/lib/python3.12/site-packages/discord/client.py", line 465, in _run_event
    await coro(*args, **kwargs)
  File "/app/asu_discord/cogs/analytics.py", line 652, in on_member_update
    before_timeout = before.timed_out_until
                     ^^^^^^^^^^^^^^^^^^^^^^
AttributeError: 'Member' object has no attribute 'timed_out_until'
Ignoring exception in on_member_update
Traceback (most recent call last):
  File "/usr/local/lib/python3.12/site-packages/discord/client.py", line 465, in _run_event
    await coro(*args, **kwargs)
  File "/app/asu_discord/cogs/analytics.py", line 652, in on_member_update
    before_timeout = before.timed_out_until
                     ^^^^^^^^^^^^^^^^^^^^^^
AttributeError: 'Member' object has no attribute 'timed_out_until'
Ignoring exception in on_member_update
Traceback (most recent call last):
  File "/usr/local/lib/python3.12/site-packages/discord/client.py", line 465, in _run_event
    await coro(*args, **kwargs)
  File "/app/asu_discord/cogs/analytics.py", line 652, in on_member_update
    before_timeout = before.timed_out_until
                     ^^^^^^^^^^^^^^^^^^^^^^
AttributeError: 'Member' object has no attribute 'timed_out_until'
Ignoring exception in on_member_update
Traceback (most recent call last):
  File "/usr/local/lib/python3.12/site-packages/discord/client.py", line 465, in _run_event
    await coro(*args, **kwargs)
  File "/app/asu_discord/cogs/analytics.py", line 652, in on_member_update
    before_timeout = before.timed_out_until
                     ^^^^^^^^^^^^^^^^^^^^^^
AttributeError: 'Member' object has no attribute 'timed_out_until'
Ignoring exception in on_member_update
Traceback (most recent call last):
  File "/usr/local/lib/python3.12/site-packages/discord/client.py", line 465, in _run_event
    await coro(*args, **kwargs)
  File "/app/asu_discord/cogs/analytics.py", line 652, in on_member_update
    before_timeout = before.timed_out_until
                     ^^^^^^^^^^^^^^^^^^^^^^
AttributeError: 'Member' object has no attribute 'timed_out_until'
Ignoring exception in on_member_update
Traceback (most recent call last):
  File "/usr/local/lib/python3.12/site-packages/discord/client.py", line 465, in _run_event
    await coro(*args, **kwargs)
  File "/app/asu_discord/cogs/analytics.py", line 652, in on_member_update
    before_timeout = before.timed_out_until
                     ^^^^^^^^^^^^^^^^^^^^^^
AttributeError: 'Member' object has no attribute 'timed_out_until'
INFO:asu_discord.cogs.verification:Saved 4 roles to database for user tspolans (Discord ID: 210200688997826570)
INFO:asu_discord.cogs.verification:Refreshed Salesforce roles for Discord user 210200688997826570: -4/+4 roles, assigned=[Graduate Student, Ira A. Fulton Schools of Engineering, Out of State, Tempe]
Ignoring exception in on_member_update
Traceback (most recent call last):
  File "/usr/local/lib/python3.12/site-packages/discord/client.py", line 465, in _run_event
    await coro(*args, **kwargs)
  File "/app/asu_discord/cogs/analytics.py", line 652, in on_member_update
    before_timeout = before.timed_out_until
                     ^^^^^^^^^^^^^^^^^^^^^^
AttributeError: 'Member' object has no attribute 'timed_out_until'
Ignoring exception in on_member_update
Traceback (most recent call last):
  File "/usr/local/lib/python3.12/site-packages/discord/client.py", line 465, in _run_event
    await coro(*args, **kwargs)
  File "/app/asu_discord/cogs/analytics.py", line 652, in on_member_update
    before_timeout = before.timed_out_until
                     ^^^^^^^^^^^^^^^^^^^^^^
AttributeError: 'Member' object has no attribute 'timed_out_until'
Ignoring exception in on_member_update
Traceback (most recent call last):
  File "/usr/local/lib/python3.12/site-packages/discord/client.py", line 465, in _run_event
    await coro(*args, **kwargs)
  File "/app/asu_discord/cogs/analytics.py", line 652, in on_member_update
    before_timeout = before.timed_out_until
                     ^^^^^^^^^^^^^^^^^^^^^^
AttributeError: 'Member' object has no attribute 'timed_out_until'
Ignoring exception in on_member_update
Traceback (most recent call last):
  File "/usr/local/lib/python3.12/site-packages/discord/client.py", line 465, in _run_event
    await coro(*args, **kwargs)
  File "/app/asu_discord/cogs/analytics.py", line 652, in on_member_update
    before_timeout = before.timed_out_until
                     ^^^^^^^^^^^^^^^^^^^^^^
AttributeError: 'Member' object has no attribute 'timed_out_until'
Ignoring exception in on_member_update
Traceback (most recent call last):
  File "/usr/local/lib/python3.12/site-packages/discord/client.py", line 465, in _run_event
    await coro(*args, **kwargs)
  File "/app/asu_discord/cogs/analytics.py", line 652, in on_member_update
    before_timeout = before.timed_out_until
                     ^^^^^^^^^^^^^^^^^^^^^^
AttributeError: 'Member' object has no attribute 'timed_out_until'
Ignoring exception in on_member_update
Traceback (most recent call last):
  File "/usr/local/lib/python3.12/site-packages/discord/client.py", line 465, in _run_event
    await coro(*args, **kwargs)
  File "/app/asu_discord/cogs/analytics.py", line 652, in on_member_update
    before_timeout = before.timed_out_until
                     ^^^^^^^^^^^^^^^^^^^^^^
AttributeError: 'Member' object has no attribute 'timed_out_until'
Ignoring exception in on_member_update
Traceback (most recent call last):
  File "/usr/local/lib/python3.12/site-packages/discord/client.py", line 465, in _run_event
    await coro(*args, **kwargs)
  File "/app/asu_discord/cogs/analytics.py", line 652, in on_member_update
    before_timeout = before.timed_out_until
                     ^^^^^^^^^^^^^^^^^^^^^^
AttributeError: 'Member' object has no attribute 'timed_out_until'
Ignoring exception in on_member_update
Traceback (most recent call last):
  File "/usr/local/lib/python3.12/site-packages/discord/client.py", line 465, in _run_event
    await coro(*args, **kwargs)
  File "/app/asu_discord/cogs/analytics.py", line 652, in on_member_update
    before_timeout = before.timed_out_until
                     ^^^^^^^^^^^^^^^^^^^^^^
AttributeError: 'Member' object has no attribute 'timed_out_until'
INFO:asu_discord.cogs.verification:Saved 4 roles to database for user cadaley1 (Discord ID: 488182975310069770)
INFO:asu_discord.cogs.verification:Refreshed Salesforce roles for Discord user 488182975310069770: -4/+4 roles, assigned=[Arizona Resident, College of Liberal Arts and Sciences, First Year, Tempe]
Ignoring exception in on_member_update
Traceback (most recent call last):
  File "/usr/local/lib/python3.12/site-packages/discord/client.py", line 465, in _run_event
    await coro(*args, **kwargs)
  File "/app/asu_discord/cogs/analytics.py", line 652, in on_member_update
    before_timeout = before.timed_out_until
                     ^^^^^^^^^^^^^^^^^^^^^^
AttributeError: 'Member' object has no attribute 'timed_out_until'
Ignoring exception in on_member_update
Traceback (most recent call last):
  File "/usr/local/lib/python3.12/site-packages/discord/client.py", line 465, in _run_event
    await coro(*args, **kwargs)
  File "/app/asu_discord/cogs/analytics.py", line 652, in on_member_update
    before_timeout = before.timed_out_until
                     ^^^^^^^^^^^^^^^^^^^^^^
AttributeError: 'Member' object has no attribute 'timed_out_until'
Ignoring exception in on_member_update
Traceback (most recent call last):
  File "/usr/local/lib/python3.12/site-packages/discord/client.py", line 465, in _run_event
    await coro(*args, **kwargs)
  File "/app/asu_discord/cogs/analytics.py", line 652, in on_member_update
    before_timeout = before.timed_out_until
                     ^^^^^^^^^^^^^^^^^^^^^^
AttributeError: 'Member' object has no attribute 'timed_out_until'
Ignoring exception in on_member_update
Traceback (most recent call last):
  File "/usr/local/lib/python3.12/site-packages/discord/client.py", line 465, in _run_event
    await coro(*args, **kwargs)
  File "/app/asu_discord/cogs/analytics.py", line 652, in on_member_update
    before_timeout = before.timed_out_until
                     ^^^^^^^^^^^^^^^^^^^^^^
AttributeError: 'Member' object has no attribute 'timed_out_until'
Ignoring exception in on_member_update
Traceback (most recent call last):
  File "/usr/local/lib/python3.12/site-packages/discord/client.py", line 465, in _run_event
    await coro(*args, **kwargs)
  File "/app/asu_discord/cogs/analytics.py", line 652, in on_member_update
    before_timeout = before.timed_out_until
                     ^^^^^^^^^^^^^^^^^^^^^^
AttributeError: 'Member' object has no attribute 'timed_out_until'
Ignoring exception in on_member_update
Traceback (most recent call last):
  File "/usr/local/lib/python3.12/site-packages/discord/client.py", line 465, in _run_event
    await coro(*args, **kwargs)
  File "/app/asu_discord/cogs/analytics.py", line 652, in on_member_update
    before_timeout = before.timed_out_until
                     ^^^^^^^^^^^^^^^^^^^^^^
AttributeError: 'Member' object has no attribute 'timed_out_until'
Ignoring exception in on_member_update
Traceback (most recent call last):
  File "/usr/local/lib/python3.12/site-packages/discord/client.py", line 465, in _run_event
    await coro(*args, **kwargs)
  File "/app/asu_discord/cogs/analytics.py", line 652, in on_member_update
    before_timeout = before.timed_out_until
                     ^^^^^^^^^^^^^^^^^^^^^^
AttributeError: 'Member' object has no attribute 'timed_out_until'
Ignoring exception in on_member_update
Traceback (most recent call last):
  File "/usr/local/lib/python3.12/site-packages/discord/client.py", line 465, in _run_event
    await coro(*args, **kwargs)
  File "/app/asu_discord/cogs/analytics.py", line 652, in on_member_update
    before_timeout = before.timed_out_until
                     ^^^^^^^^^^^^^^^^^^^^^^
AttributeError: 'Member' object has no attribute 'timed_out_until'
Ignoring exception in on_member_update
Traceback (most recent call last):
  File "/usr/local/lib/python3.12/site-packages/discord/client.py", line 465, in _run_event
    await coro(*args, **kwargs)
  File "/app/asu_discord/cogs/analytics.py", line 652, in on_member_update
    before_timeout = before.timed_out_until
                     ^^^^^^^^^^^^^^^^^^^^^^
AttributeError: 'Member' object has no attribute 'timed_out_until'
Ignoring exception in on_member_update
Traceback (most recent call last):
  File "/usr/local/lib/python3.12/site-packages/discord/client.py", line 465, in _run_event
    await coro(*args, **kwargs)
  File "/app/asu_discord/cogs/analytics.py", line 652, in on_member_update
    before_timeout = before.timed_out_until
                     ^^^^^^^^^^^^^^^^^^^^^^
AttributeError: 'Member' object has no attribute 'timed_out_until'
Ignoring exception in on_member_update
Traceback (most recent call last):
  File "/usr/local/lib/python3.12/site-packages/discord/client.py", line 465, in _run_event
    await coro(*args, **kwargs)
  File "/app/asu_discord/cogs/analytics.py", line 652, in on_member_update
    before_timeout = before.timed_out_until
                     ^^^^^^^^^^^^^^^^^^^^^^
AttributeError: 'Member' object has no attribute 'timed_out_until'
Ignoring exception in on_member_update
Traceback (most recent call last):
  File "/usr/local/lib/python3.12/site-packages/discord/client.py", line 465, in _run_event
    await coro(*args, **kwargs)
  File "/app/asu_discord/cogs/analytics.py", line 652, in on_member_update
    before_timeout = before.timed_out_until
                     ^^^^^^^^^^^^^^^^^^^^^^
AttributeError: 'Member' object has no attribute 'timed_out_until'
INFO:asu_discord.cogs.verification:Saved 6 roles to database for user bdlink1 (Discord ID: 1489105135266431016)
INFO:asu_discord.cogs.verification:Refreshed Salesforce roles for Discord user 1489105135266431016: -6/+6 roles, assigned=[Arizona Resident, Commited, First Generation Student, First Year, Herberger Institute for Design and the Arts, Tempe]
Ignoring exception in on_member_update
Traceback (most recent call last):
  File "/usr/local/lib/python3.12/site-packages/discord/client.py", line 465, in _run_event
    await coro(*args, **kwargs)
  File "/app/asu_discord/cogs/analytics.py", line 652, in on_member_update
    before_timeout = before.timed_out_until
                     ^^^^^^^^^^^^^^^^^^^^^^
AttributeError: 'Member' object has no attribute 'timed_out_until'
Ignoring exception in on_member_update
Traceback (most recent call last):
  File "/usr/local/lib/python3.12/site-packages/discord/client.py", line 465, in _run_event
    await coro(*args, **kwargs)
  File "/app/asu_discord/cogs/analytics.py", line 652, in on_member_update
    before_timeout = before.timed_out_until
                     ^^^^^^^^^^^^^^^^^^^^^^
AttributeError: 'Member' object has no attribute 'timed_out_until'
Ignoring exception in on_member_update
Traceback (most recent call last):
  File "/usr/local/lib/python3.12/site-packages/discord/client.py", line 465, in _run_event
    await coro(*args, **kwargs)
  File "/app/asu_discord/cogs/analytics.py", line 652, in on_member_update
    before_timeout = before.timed_out_until
                     ^^^^^^^^^^^^^^^^^^^^^^
AttributeError: 'Member' object has no attribute 'timed_out_until'
Ignoring exception in on_member_update
Traceback (most recent call last):
  File "/usr/local/lib/python3.12/site-packages/discord/client.py", line 465, in _run_event
    await coro(*args, **kwargs)
  File "/app/asu_discord/cogs/analytics.py", line 652, in on_member_update
    before_timeout = before.timed_out_until
                     ^^^^^^^^^^^^^^^^^^^^^^
AttributeError: 'Member' object has no attribute 'timed_out_until'
Ignoring exception in on_member_update
Traceback (most recent call last):
  File "/usr/local/lib/python3.12/site-packages/discord/client.py", line 465, in _run_event
    await coro(*args, **kwargs)
  File "/app/asu_discord/cogs/analytics.py", line 652, in on_member_update
    before_timeout = before.timed_out_until
                     ^^^^^^^^^^^^^^^^^^^^^^
AttributeError: 'Member' object has no attribute 'timed_out_until'
Ignoring exception in on_member_update
Traceback (most recent call last):
  File "/usr/local/lib/python3.12/site-packages/discord/client.py", line 465, in _run_event
    await coro(*args, **kwargs)
  File "/app/asu_discord/cogs/analytics.py", line 652, in on_member_update
    before_timeout = before.timed_out_until
                     ^^^^^^^^^^^^^^^^^^^^^^
AttributeError: 'Member' object has no attribute 'timed_out_until'
Ignoring exception in on_member_update
Traceback (most recent call last):
  File "/usr/local/lib/python3.12/site-packages/discord/client.py", line 465, in _run_event
    await coro(*args, **kwargs)
  File "/app/asu_discord/cogs/analytics.py", line 652, in on_member_update
    before_timeout = before.timed_out_until
                     ^^^^^^^^^^^^^^^^^^^^^^
AttributeError: 'Member' object has no attribute 'timed_out_until'
Ignoring exception in on_member_update
Traceback (most recent call last):
  File "/usr/local/lib/python3.12/site-packages/discord/client.py", line 465, in _run_event
    await coro(*args, **kwargs)
  File "/app/asu_discord/cogs/analytics.py", line 652, in on_member_update
    before_timeout = before.timed_out_until
                     ^^^^^^^^^^^^^^^^^^^^^^
AttributeError: 'Member' object has no attribute 'timed_out_until'
Ignoring exception in on_member_update
Traceback (most recent call last):
  File "/usr/local/lib/python3.12/site-packages/discord/client.py", line 465, in _run_event
    await coro(*args, **kwargs)
  File "/app/asu_discord/cogs/analytics.py", line 652, in on_member_update
    before_timeout = before.timed_out_until
                     ^^^^^^^^^^^^^^^^^^^^^^
AttributeError: 'Member' object has no attribute 'timed_out_until'
Ignoring exception in on_member_update
Traceback (most recent call last):
  File "/usr/local/lib/python3.12/site-packages/discord/client.py", line 465, in _run_event
    await coro(*args, **kwargs)
  File "/app/asu_discord/cogs/analytics.py", line 652, in on_member_update
    before_timeout = before.timed_out_until
                     ^^^^^^^^^^^^^^^^^^^^^^
AttributeError: 'Member' object has no attribute 'timed_out_until'
Ignoring exception in on_member_update
Traceback (most recent call last):
  File "/usr/local/lib/python3.12/site-packages/discord/client.py", line 465, in _run_event
    await coro(*args, **kwargs)
  File "/app/asu_discord/cogs/analytics.py", line 652, in on_member_update
    before_timeout = before.timed_out_until
                     ^^^^^^^^^^^^^^^^^^^^^^
AttributeError: 'Member' object has no attribute 'timed_out_until'
Ignoring exception in on_member_update
Traceback (most recent call last):
  File "/usr/local/lib/python3.12/site-packages/discord/client.py", line 465, in _run_event
    await coro(*args, **kwargs)
  File "/app/asu_discord/cogs/analytics.py", line 652, in on_member_update
    before_timeout = before.timed_out_until
                     ^^^^^^^^^^^^^^^^^^^^^^
AttributeError: 'Member' object has no attribute 'timed_out_until'
INFO:asu_discord.cogs.verification:Saved 6 roles to database for user rabadill (Discord ID: 606380190615994368)
INFO:asu_discord.cogs.verification:Refreshed Salesforce roles for Discord user 606380190615994368: -6/+6 roles, assigned=[Arizona Resident, Commited, First Generation Student, First Year, New College of Interdisciplinary Arts and Sciences, West Valley]
Ignoring exception in on_member_update
Traceback (most recent call last):
  File "/usr/local/lib/python3.12/site-packages/discord/client.py", line 465, in _run_event
    await coro(*args, **kwargs)
  File "/app/asu_discord/cogs/analytics.py", line 652, in on_member_update
    before_timeout = before.timed_out_until
                     ^^^^^^^^^^^^^^^^^^^^^^
AttributeError: 'Member' object has no attribute 'timed_out_until'
Ignoring exception in on_member_update
Traceback (most recent call last):
  File "/usr/local/lib/python3.12/site-packages/discord/client.py", line 465, in _run_event
    await coro(*args, **kwargs)
  File "/app/asu_discord/cogs/analytics.py", line 652, in on_member_update
    before_timeout = before.timed_out_until
                     ^^^^^^^^^^^^^^^^^^^^^^
AttributeError: 'Member' object has no attribute 'timed_out_until'
Ignoring exception in on_member_update
Traceback (most recent call last):
  File "/usr/local/lib/python3.12/site-packages/discord/client.py", line 465, in _run_event
    await coro(*args, **kwargs)
  File "/app/asu_discord/cogs/analytics.py", line 652, in on_member_update
    before_timeout = before.timed_out_until
                     ^^^^^^^^^^^^^^^^^^^^^^
AttributeError: 'Member' object has no attribute 'timed_out_until'
Ignoring exception in on_member_update
Traceback (most recent call last):
  File "/usr/local/lib/python3.12/site-packages/discord/client.py", line 465, in _run_event
    await coro(*args, **kwargs)
  File "/app/asu_discord/cogs/analytics.py", line 652, in on_member_update
    before_timeout = before.timed_out_until
                     ^^^^^^^^^^^^^^^^^^^^^^
AttributeError: 'Member' object has no attribute 'timed_out_until'
Ignoring exception in on_member_update
Traceback (most recent call last):
  File "/usr/local/lib/python3.12/site-packages/discord/client.py", line 465, in _run_event
    await coro(*args, **kwargs)
  File "/app/asu_discord/cogs/analytics.py", line 652, in on_member_update
    before_timeout = before.timed_out_until
                     ^^^^^^^^^^^^^^^^^^^^^^
AttributeError: 'Member' object has no attribute 'timed_out_until'
Ignoring exception in on_member_update
Traceback (most recent call last):
  File "/usr/local/lib/python3.12/site-packages/discord/client.py", line 465, in _run_event
    await coro(*args, **kwargs)
  File "/app/asu_discord/cogs/analytics.py", line 652, in on_member_update
    before_timeout = before.timed_out_until
                     ^^^^^^^^^^^^^^^^^^^^^^
AttributeError: 'Member' object has no attribute 'timed_out_until'
Ignoring exception in on_member_update
Traceback (most recent call last):
  File "/usr/local/lib/python3.12/site-packages/discord/client.py", line 465, in _run_event
    await coro(*args, **kwargs)
  File "/app/asu_discord/cogs/analytics.py", line 652, in on_member_update
    before_timeout = before.timed_out_until
                     ^^^^^^^^^^^^^^^^^^^^^^
AttributeError: 'Member' object has no attribute 'timed_out_until'
Ignoring exception in on_member_update
Traceback (most recent call last):
  File "/usr/local/lib/python3.12/site-packages/discord/client.py", line 465, in _run_event
    await coro(*args, **kwargs)
  File "/app/asu_discord/cogs/analytics.py", line 652, in on_member_update
    before_timeout = before.timed_out_until
                     ^^^^^^^^^^^^^^^^^^^^^^
AttributeError: 'Member' object has no attribute 'timed_out_until'
Ignoring exception in on_member_update
Traceback (most recent call last):
  File "/usr/local/lib/python3.12/site-packages/discord/client.py", line 465, in _run_event
    await coro(*args, **kwargs)
  File "/app/asu_discord/cogs/analytics.py", line 652, in on_member_update
    before_timeout = before.timed_out_until
                     ^^^^^^^^^^^^^^^^^^^^^^
AttributeError: 'Member' object has no attribute 'timed_out_until'
Ignoring exception in on_member_update
Traceback (most recent call last):
  File "/usr/local/lib/python3.12/site-packages/discord/client.py", line 465, in _run_event
    await coro(*args, **kwargs)
  File "/app/asu_discord/cogs/analytics.py", line 652, in on_member_update
    before_timeout = before.timed_out_until
                     ^^^^^^^^^^^^^^^^^^^^^^
AttributeError: 'Member' object has no attribute 'timed_out_until'
INFO:asu_discord.cogs.verification:Saved 5 roles to database for user jstone55 (Discord ID: 941863919536988210)
INFO:asu_discord.cogs.verification:Refreshed Salesforce roles for Discord user 941863919536988210: -5/+5 roles, assigned=[Arizona Resident, Commited, First Year, Ira A. Fulton Schools of Engineering, Tempe]
Ignoring exception in on_member_update
Traceback (most recent call last):
  File "/usr/local/lib/python3.12/site-packages/discord/client.py", line 465, in _run_event
    await coro(*args, **kwargs)
  File "/app/asu_discord/cogs/analytics.py", line 652, in on_member_update
    before_timeout = before.timed_out_until
                     ^^^^^^^^^^^^^^^^^^^^^^
AttributeError: 'Member' object has no attribute 'timed_out_until'
Ignoring exception in on_member_update
Traceback (most recent call last):
  File "/usr/local/lib/python3.12/site-packages/discord/client.py", line 465, in _run_event
    await coro(*args, **kwargs)
  File "/app/asu_discord/cogs/analytics.py", line 652, in on_member_update
    before_timeout = before.timed_out_until
                     ^^^^^^^^^^^^^^^^^^^^^^
AttributeError: 'Member' object has no attribute 'timed_out_until'
Ignoring exception in on_member_update
Traceback (most recent call last):
  File "/usr/local/lib/python3.12/site-packages/discord/client.py", line 465, in _run_event
    await coro(*args, **kwargs)
  File "/app/asu_discord/cogs/analytics.py", line 652, in on_member_update
    before_timeout = before.timed_out_until
                     ^^^^^^^^^^^^^^^^^^^^^^
AttributeError: 'Member' object has no attribute 'timed_out_until'
Ignoring exception in on_member_update
Traceback (most recent call last):
  File "/usr/local/lib/python3.12/site-packages/discord/client.py", line 465, in _run_event
    await coro(*args, **kwargs)
  File "/app/asu_discord/cogs/analytics.py", line 652, in on_member_update
    before_timeout = before.timed_out_until
                     ^^^^^^^^^^^^^^^^^^^^^^
AttributeError: 'Member' object has no attribute 'timed_out_until'
Ignoring exception in on_member_update
Traceback (most recent call last):
  File "/usr/local/lib/python3.12/site-packages/discord/client.py", line 465, in _run_event
    await coro(*args, **kwargs)
  File "/app/asu_discord/cogs/analytics.py", line 652, in on_member_update
    before_timeout = before.timed_out_until
                     ^^^^^^^^^^^^^^^^^^^^^^
AttributeError: 'Member' object has no attribute 'timed_out_until'
Ignoring exception in on_member_update
Traceback (most recent call last):
  File "/usr/local/lib/python3.12/site-packages/discord/client.py", line 465, in _run_event
    await coro(*args, **kwargs)
  File "/app/asu_discord/cogs/analytics.py", line 652, in on_member_update
    before_timeout = before.timed_out_until
                     ^^^^^^^^^^^^^^^^^^^^^^
AttributeError: 'Member' object has no attribute 'timed_out_until'
Ignoring exception in on_member_update
Traceback (most recent call last):
  File "/usr/local/lib/python3.12/site-packages/discord/client.py", line 465, in _run_event
    await coro(*args, **kwargs)
  File "/app/asu_discord/cogs/analytics.py", line 652, in on_member_update
    before_timeout = before.timed_out_until
                     ^^^^^^^^^^^^^^^^^^^^^^
AttributeError: 'Member' object has no attribute 'timed_out_until'
Ignoring exception in on_member_update
Traceback (most recent call last):
  File "/usr/local/lib/python3.12/site-packages/discord/client.py", line 465, in _run_event
    await coro(*args, **kwargs)
  File "/app/asu_discord/cogs/analytics.py", line 652, in on_member_update
    before_timeout = before.timed_out_until
                     ^^^^^^^^^^^^^^^^^^^^^^
AttributeError: 'Member' object has no attribute 'timed_out_until'
INFO:asu_discord.cogs.verification:Saved 4 roles to database for user spati209 (Discord ID: 1298600903229702155)
INFO:asu_discord.cogs.verification:Refreshed Salesforce roles for Discord user 1298600903229702155: -4/+4 roles, assigned=[Graduate Student, International Student, Ira A. Fulton Schools of Engineering, Polytechnic]
ERROR:cron.jobs:refresh_salesforce_roles: failed for agmart47 (Discord ID 536307747201744896): Failed to refresh Salesforce-based roles: Discord user 536307747201744896 is not a member of the guild
Ignoring exception in on_member_update
Traceback (most recent call last):
  File "/usr/local/lib/python3.12/site-packages/discord/client.py", line 465, in _run_event
    await coro(*args, **kwargs)
  File "/app/asu_discord/cogs/analytics.py", line 652, in on_member_update
    before_timeout = before.timed_out_until
                     ^^^^^^^^^^^^^^^^^^^^^^
AttributeError: 'Member' object has no attribute 'timed_out_until'
Ignoring exception in on_member_update
Traceback (most recent call last):
  File "/usr/local/lib/python3.12/site-packages/discord/client.py", line 465, in _run_event
    await coro(*args, **kwargs)
  File "/app/asu_discord/cogs/analytics.py", line 652, in on_member_update
    before_timeout = before.timed_out_until
                     ^^^^^^^^^^^^^^^^^^^^^^
AttributeError: 'Member' object has no attribute 'timed_out_until'
Ignoring exception in on_member_update
Traceback (most recent call last):
  File "/usr/local/lib/python3.12/site-packages/discord/client.py", line 465, in _run_event
    await coro(*args, **kwargs)
  File "/app/asu_discord/cogs/analytics.py", line 652, in on_member_update
    before_timeout = before.timed_out_until
                     ^^^^^^^^^^^^^^^^^^^^^^
AttributeError: 'Member' object has no attribute 'timed_out_until'
Ignoring exception in on_member_update
Traceback (most recent call last):
  File "/usr/local/lib/python3.12/site-packages/discord/client.py", line 465, in _run_event
    await coro(*args, **kwargs)
  File "/app/asu_discord/cogs/analytics.py", line 652, in on_member_update
    before_timeout = before.timed_out_until
                     ^^^^^^^^^^^^^^^^^^^^^^
AttributeError: 'Member' object has no attribute 'timed_out_until'
Ignoring exception in on_member_update
Traceback (most recent call last):
  File "/usr/local/lib/python3.12/site-packages/discord/client.py", line 465, in _run_event
    await coro(*args, **kwargs)
  File "/app/asu_discord/cogs/analytics.py", line 652, in on_member_update
    before_timeout = before.timed_out_until
                     ^^^^^^^^^^^^^^^^^^^^^^
AttributeError: 'Member' object has no attribute 'timed_out_until'
Ignoring exception in on_member_update
Traceback (most recent call last):
  File "/usr/local/lib/python3.12/site-packages/discord/client.py", line 465, in _run_event
    await coro(*args, **kwargs)
  File "/app/asu_discord/cogs/analytics.py", line 652, in on_member_update
    before_timeout = before.timed_out_until
                     ^^^^^^^^^^^^^^^^^^^^^^
AttributeError: 'Member' object has no attribute 'timed_out_until'
Ignoring exception in on_member_update
Traceback (most recent call last):
  File "/usr/local/lib/python3.12/site-packages/discord/client.py", line 465, in _run_event
    await coro(*args, **kwargs)
  File "/app/asu_discord/cogs/analytics.py", line 652, in on_member_update
    before_timeout = before.timed_out_until
                     ^^^^^^^^^^^^^^^^^^^^^^
AttributeError: 'Member' object has no attribute 'timed_out_until'
Ignoring exception in on_member_update
Traceback (most recent call last):
  File "/usr/local/lib/python3.12/site-packages/discord/client.py", line 465, in _run_event
    await coro(*args, **kwargs)
  File "/app/asu_discord/cogs/analytics.py", line 652, in on_member_update
    before_timeout = before.timed_out_until
                     ^^^^^^^^^^^^^^^^^^^^^^
AttributeError: 'Member' object has no attribute 'timed_out_until'
Ignoring exception in on_member_update
Traceback (most recent call last):
  File "/usr/local/lib/python3.12/site-packages/discord/client.py", line 465, in _run_event
    await coro(*args, **kwargs)
  File "/app/asu_discord/cogs/analytics.py", line 652, in on_member_update
    before_timeout = before.timed_out_until
                     ^^^^^^^^^^^^^^^^^^^^^^
AttributeError: 'Member' object has no attribute 'timed_out_until'
INFO:asu_discord.cogs.verification:Saved 5 roles to database for user schitra5 (Discord ID: 729724462429241344)
INFO:asu_discord.cogs.verification:Refreshed Salesforce roles for Discord user 729724462429241344: -5/+4 roles, assigned=[Commited, Graduate Student, International Student, Ira A. Fulton Schools of Engineering, Tempe]
Ignoring exception in on_member_update
Traceback (most recent call last):
  File "/usr/local/lib/python3.12/site-packages/discord/client.py", line 465, in _run_event
    await coro(*args, **kwargs)
  File "/app/asu_discord/cogs/analytics.py", line 652, in on_member_update
    before_timeout = before.timed_out_until
                     ^^^^^^^^^^^^^^^^^^^^^^
AttributeError: 'Member' object has no attribute 'timed_out_until'
Ignoring exception in on_member_update
Traceback (most recent call last):
  File "/usr/local/lib/python3.12/site-packages/discord/client.py", line 465, in _run_event
    await coro(*args, **kwargs)
  File "/app/asu_discord/cogs/analytics.py", line 652, in on_member_update
    before_timeout = before.timed_out_until
                     ^^^^^^^^^^^^^^^^^^^^^^
AttributeError: 'Member' object has no attribute 'timed_out_until'
Ignoring exception in on_member_update
Traceback (most recent call last):
  File "/usr/local/lib/python3.12/site-packages/discord/client.py", line 465, in _run_event
    await coro(*args, **kwargs)
  File "/app/asu_discord/cogs/analytics.py", line 652, in on_member_update
    before_timeout = before.timed_out_until
                     ^^^^^^^^^^^^^^^^^^^^^^
AttributeError: 'Member' object has no attribute 'timed_out_until'
Ignoring exception in on_member_update
Traceback (most recent call last):
  File "/usr/local/lib/python3.12/site-packages/discord/client.py", line 465, in _run_event
    await coro(*args, **kwargs)
  File "/app/asu_discord/cogs/analytics.py", line 652, in on_member_update
    before_timeout = before.timed_out_until
                     ^^^^^^^^^^^^^^^^^^^^^^
AttributeError: 'Member' object has no attribute 'timed_out_until'
Ignoring exception in on_member_update
Traceback (most recent call last):
  File "/usr/local/lib/python3.12/site-packages/discord/client.py", line 465, in _run_event
    await coro(*args, **kwargs)
  File "/app/asu_discord/cogs/analytics.py", line 652, in on_member_update
    before_timeout = before.timed_out_until
                     ^^^^^^^^^^^^^^^^^^^^^^
AttributeError: 'Member' object has no attribute 'timed_out_until'
Ignoring exception in on_member_update
Traceback (most recent call last):
  File "/usr/local/lib/python3.12/site-packages/discord/client.py", line 465, in _run_event
    await coro(*args, **kwargs)
  File "/app/asu_discord/cogs/analytics.py", line 652, in on_member_update
    before_timeout = before.timed_out_until
                     ^^^^^^^^^^^^^^^^^^^^^^
AttributeError: 'Member' object has no attribute 'timed_out_until'
Ignoring exception in on_member_update
Traceback (most recent call last):
  File "/usr/local/lib/python3.12/site-packages/discord/client.py", line 465, in _run_event
    await coro(*args, **kwargs)
  File "/app/asu_discord/cogs/analytics.py", line 652, in on_member_update
    before_timeout = before.timed_out_until
                     ^^^^^^^^^^^^^^^^^^^^^^
AttributeError: 'Member' object has no attribute 'timed_out_until'
Ignoring exception in on_member_update
Traceback (most recent call last):
  File "/usr/local/lib/python3.12/site-packages/discord/client.py", line 465, in _run_event
    await coro(*args, **kwargs)
  File "/app/asu_discord/cogs/analytics.py", line 652, in on_member_update
    before_timeout = before.timed_out_until
                     ^^^^^^^^^^^^^^^^^^^^^^
AttributeError: 'Member' object has no attribute 'timed_out_until'
Ignoring exception in on_member_update
Traceback (most recent call last):
  File "/usr/local/lib/python3.12/site-packages/discord/client.py", line 465, in _run_event
    await coro(*args, **kwargs)
  File "/app/asu_discord/cogs/analytics.py", line 652, in on_member_update
    before_timeout = before.timed_out_until
                     ^^^^^^^^^^^^^^^^^^^^^^
AttributeError: 'Member' object has no attribute 'timed_out_until'
Ignoring exception in on_member_update
Traceback (most recent call last):
  File "/usr/local/lib/python3.12/site-packages/discord/client.py", line 465, in _run_event
    await coro(*args, **kwargs)
  File "/app/asu_discord/cogs/analytics.py", line 652, in on_member_update
    before_timeout = before.timed_out_until
                     ^^^^^^^^^^^^^^^^^^^^^^
AttributeError: 'Member' object has no attribute 'timed_out_until'
Ignoring exception in on_member_update
Traceback (most recent call last):
  File "/usr/local/lib/python3.12/site-packages/discord/client.py", line 465, in _run_event
    await coro(*args, **kwargs)
  File "/app/asu_discord/cogs/analytics.py", line 652, in on_member_update
    before_timeout = before.timed_out_until
                     ^^^^^^^^^^^^^^^^^^^^^^
AttributeError: 'Member' object has no attribute 'timed_out_until'
Ignoring exception in on_member_update
Traceback (most recent call last):
  File "/usr/local/lib/python3.12/site-packages/discord/client.py", line 465, in _run_event
    await coro(*args, **kwargs)
  File "/app/asu_discord/cogs/analytics.py", line 652, in on_member_update
    before_timeout = before.timed_out_until
                     ^^^^^^^^^^^^^^^^^^^^^^
AttributeError: 'Member' object has no attribute 'timed_out_until'
INFO:asu_discord.cogs.verification:Saved 6 roles to database for user bmwalk22 (Discord ID: 660545310644502618)
INFO:asu_discord.cogs.verification:Refreshed Salesforce roles for Discord user 660545310644502618: -6/+6 roles, assigned=[Arizona Resident, Commited, First Year, Tempe, Upperclassmen, W.P. Carey School of Business]
INFO:asu_discord.salesforce:No Salesforce opportunities found for sayten
INFO:cron.jobs:refresh_salesforce_roles: skipping sayten: no profile returned
Ignoring exception in on_member_update
Traceback (most recent call last):
  File "/usr/local/lib/python3.12/site-packages/discord/client.py", line 465, in _run_event
    await coro(*args, **kwargs)
  File "/app/asu_discord/cogs/analytics.py", line 652, in on_member_update
    before_timeout = before.timed_out_until
                     ^^^^^^^^^^^^^^^^^^^^^^
AttributeError: 'Member' object has no attribute 'timed_out_until'
Ignoring exception in on_member_update
Traceback (most recent call last):
  File "/usr/local/lib/python3.12/site-packages/discord/client.py", line 465, in _run_event
    await coro(*args, **kwargs)
  File "/app/asu_discord/cogs/analytics.py", line 652, in on_member_update
    before_timeout = before.timed_out_until
                     ^^^^^^^^^^^^^^^^^^^^^^
AttributeError: 'Member' object has no attribute 'timed_out_until'
Ignoring exception in on_member_update
Traceback (most recent call last):
  File "/usr/local/lib/python3.12/site-packages/discord/client.py", line 465, in _run_event
    await coro(*args, **kwargs)
  File "/app/asu_discord/cogs/analytics.py", line 652, in on_member_update
    before_timeout = before.timed_out_until
                     ^^^^^^^^^^^^^^^^^^^^^^
AttributeError: 'Member' object has no attribute 'timed_out_until'
Ignoring exception in on_member_update
Traceback (most recent call last):
  File "/usr/local/lib/python3.12/site-packages/discord/client.py", line 465, in _run_event
    await coro(*args, **kwargs)
  File "/app/asu_discord/cogs/analytics.py", line 652, in on_member_update
    before_timeout = before.timed_out_until
                     ^^^^^^^^^^^^^^^^^^^^^^
AttributeError: 'Member' object has no attribute 'timed_out_until'
Ignoring exception in on_member_update
Traceback (most recent call last):
  File "/usr/local/lib/python3.12/site-packages/discord/client.py", line 465, in _run_event
    await coro(*args, **kwargs)
  File "/app/asu_discord/cogs/analytics.py", line 652, in on_member_update
    before_timeout = before.timed_out_until
                     ^^^^^^^^^^^^^^^^^^^^^^
AttributeError: 'Member' object has no attribute 'timed_out_until'
Ignoring exception in on_member_update
Traceback (most recent call last):
  File "/usr/local/lib/python3.12/site-packages/discord/client.py", line 465, in _run_event
    await coro(*args, **kwargs)
  File "/app/asu_discord/cogs/analytics.py", line 652, in on_member_update
    before_timeout = before.timed_out_until
                     ^^^^^^^^^^^^^^^^^^^^^^
AttributeError: 'Member' object has no attribute 'timed_out_until'
Ignoring exception in on_member_update
Traceback (most recent call last):
  File "/usr/local/lib/python3.12/site-packages/discord/client.py", line 465, in _run_event
    await coro(*args, **kwargs)
  File "/app/asu_discord/cogs/analytics.py", line 652, in on_member_update
    before_timeout = before.timed_out_until
                     ^^^^^^^^^^^^^^^^^^^^^^
AttributeError: 'Member' object has no attribute 'timed_out_until'
Ignoring exception in on_member_update
Traceback (most recent call last):
  File "/usr/local/lib/python3.12/site-packages/discord/client.py", line 465, in _run_event
    await coro(*args, **kwargs)
  File "/app/asu_discord/cogs/analytics.py", line 652, in on_member_update
    before_timeout = before.timed_out_until
                     ^^^^^^^^^^^^^^^^^^^^^^
AttributeError: 'Member' object has no attribute 'timed_out_until'
Ignoring exception in on_member_update
Traceback (most recent call last):
  File "/usr/local/lib/python3.12/site-packages/discord/client.py", line 465, in _run_event
    await coro(*args, **kwargs)
  File "/app/asu_discord/cogs/analytics.py", line 652, in on_member_update
    before_timeout = before.timed_out_until
                     ^^^^^^^^^^^^^^^^^^^^^^
AttributeError: 'Member' object has no attribute 'timed_out_until'
INFO:asu_discord.cogs.verification:Saved 5 roles to database for user cbricha9 (Discord ID: 1120739035393048678)
INFO:asu_discord.cogs.verification:Refreshed Salesforce roles for Discord user 1120739035393048678: -5/+4 roles, assigned=[College of Liberal Arts and Sciences, Online, Out of State, Transfer Student, Upperclassmen]
Ignoring exception in on_member_update
Traceback (most recent call last):
  File "/usr/local/lib/python3.12/site-packages/discord/client.py", line 465, in _run_event
    await coro(*args, **kwargs)
  File "/app/asu_discord/cogs/analytics.py", line 652, in on_member_update
    before_timeout = before.timed_out_until
                     ^^^^^^^^^^^^^^^^^^^^^^
AttributeError: 'Member' object has no attribute 'timed_out_until'
Ignoring exception in on_member_update
Traceback (most recent call last):
  File "/usr/local/lib/python3.12/site-packages/discord/client.py", line 465, in _run_event
    await coro(*args, **kwargs)
  File "/app/asu_discord/cogs/analytics.py", line 652, in on_member_update
    before_timeout = before.timed_out_until
                     ^^^^^^^^^^^^^^^^^^^^^^
AttributeError: 'Member' object has no attribute 'timed_out_until'
Ignoring exception in on_member_update
Traceback (most recent call last):
  File "/usr/local/lib/python3.12/site-packages/discord/client.py", line 465, in _run_event
    await coro(*args, **kwargs)
  File "/app/asu_discord/cogs/analytics.py", line 652, in on_member_update
    before_timeout = before.timed_out_until
                     ^^^^^^^^^^^^^^^^^^^^^^
AttributeError: 'Member' object has no attribute 'timed_out_until'
Ignoring exception in on_member_update
Traceback (most recent call last):
  File "/usr/local/lib/python3.12/site-packages/discord/client.py", line 465, in _run_event
    await coro(*args, **kwargs)
  File "/app/asu_discord/cogs/analytics.py", line 652, in on_member_update
    before_timeout = before.timed_out_until
                     ^^^^^^^^^^^^^^^^^^^^^^
AttributeError: 'Member' object has no attribute 'timed_out_until'
Ignoring exception in on_member_update
Traceback (most recent call last):
  File "/usr/local/lib/python3.12/site-packages/discord/client.py", line 465, in _run_event
    await coro(*args, **kwargs)
  File "/app/asu_discord/cogs/analytics.py", line 652, in on_member_update
    before_timeout = before.timed_out_until
                     ^^^^^^^^^^^^^^^^^^^^^^
AttributeError: 'Member' object has no attribute 'timed_out_until'
Ignoring exception in on_member_update
Traceback (most recent call last):
  File "/usr/local/lib/python3.12/site-packages/discord/client.py", line 465, in _run_event
    await coro(*args, **kwargs)
  File "/app/asu_discord/cogs/analytics.py", line 652, in on_member_update
    before_timeout = before.timed_out_until
                     ^^^^^^^^^^^^^^^^^^^^^^
AttributeError: 'Member' object has no attribute 'timed_out_until'
Ignoring exception in on_member_update
Traceback (most recent call last):
  File "/usr/local/lib/python3.12/site-packages/discord/client.py", line 465, in _run_event
    await coro(*args, **kwargs)
  File "/app/asu_discord/cogs/analytics.py", line 652, in on_member_update
    before_timeout = before.timed_out_until
                     ^^^^^^^^^^^^^^^^^^^^^^
AttributeError: 'Member' object has no attribute 'timed_out_until'
Ignoring exception in on_member_update
Traceback (most recent call last):
  File "/usr/local/lib/python3.12/site-packages/discord/client.py", line 465, in _run_event
    await coro(*args, **kwargs)
  File "/app/asu_discord/cogs/analytics.py", line 652, in on_member_update
    before_timeout = before.timed_out_until
                     ^^^^^^^^^^^^^^^^^^^^^^
AttributeError: 'Member' object has no attribute 'timed_out_until'
Ignoring exception in on_member_update
Traceback (most recent call last):
  File "/usr/local/lib/python3.12/site-packages/discord/client.py", line 465, in _run_event
    await coro(*args, **kwargs)
  File "/app/asu_discord/cogs/analytics.py", line 652, in on_member_update
    before_timeout = before.timed_out_until
                     ^^^^^^^^^^^^^^^^^^^^^^
AttributeError: 'Member' object has no attribute 'timed_out_until'
Ignoring exception in on_member_update
Traceback (most recent call last):
  File "/usr/local/lib/python3.12/site-packages/discord/client.py", line 465, in _run_event
    await coro(*args, **kwargs)
  File "/app/asu_discord/cogs/analytics.py", line 652, in on_member_update
    before_timeout = before.timed_out_until
                     ^^^^^^^^^^^^^^^^^^^^^^
AttributeError: 'Member' object has no attribute 'timed_out_until'
INFO:asu_discord.cogs.verification:Saved 7 roles to database for user lvallen2 (Discord ID: 1379632556542267443)
INFO:asu_discord.cogs.verification:Refreshed Salesforce roles for Discord user 1379632556542267443: -3/+7 roles, assigned=[Arizona Resident, College of Health Solutions, Commited, Downtown Phoenix, First Generation Student, First Year, Upperclassmen]
Ignoring exception in on_member_update
Traceback (most recent call last):
  File "/usr/local/lib/python3.12/site-packages/discord/client.py", line 465, in _run_event
    await coro(*args, **kwargs)
  File "/app/asu_discord/cogs/analytics.py", line 652, in on_member_update
    before_timeout = before.timed_out_until
                     ^^^^^^^^^^^^^^^^^^^^^^
AttributeError: 'Member' object has no attribute 'timed_out_until'
Ignoring exception in on_member_update
Traceback (most recent call last):
  File "/usr/local/lib/python3.12/site-packages/discord/client.py", line 465, in _run_event
    await coro(*args, **kwargs)
  File "/app/asu_discord/cogs/analytics.py", line 652, in on_member_update
    before_timeout = before.timed_out_until
                     ^^^^^^^^^^^^^^^^^^^^^^
AttributeError: 'Member' object has no attribute 'timed_out_until'
Ignoring exception in on_member_update
Traceback (most recent call last):
  File "/usr/local/lib/python3.12/site-packages/discord/client.py", line 465, in _run_event
    await coro(*args, **kwargs)
  File "/app/asu_discord/cogs/analytics.py", line 652, in on_member_update
    before_timeout = before.timed_out_until
                     ^^^^^^^^^^^^^^^^^^^^^^
AttributeError: 'Member' object has no attribute 'timed_out_until'
Ignoring exception in on_member_update
Traceback (most recent call last):
  File "/usr/local/lib/python3.12/site-packages/discord/client.py", line 465, in _run_event
    await coro(*args, **kwargs)
  File "/app/asu_discord/cogs/analytics.py", line 652, in on_member_update
    before_timeout = before.timed_out_until
                     ^^^^^^^^^^^^^^^^^^^^^^
AttributeError: 'Member' object has no attribute 'timed_out_until'
Ignoring exception in on_member_update
Traceback (most recent call last):
  File "/usr/local/lib/python3.12/site-packages/discord/client.py", line 465, in _run_event
    await coro(*args, **kwargs)
  File "/app/asu_discord/cogs/analytics.py", line 652, in on_member_update
    before_timeout = before.timed_out_until
                     ^^^^^^^^^^^^^^^^^^^^^^
AttributeError: 'Member' object has no attribute 'timed_out_until'
Ignoring exception in on_member_update
Traceback (most recent call last):
  File "/usr/local/lib/python3.12/site-packages/discord/client.py", line 465, in _run_event
    await coro(*args, **kwargs)
  File "/app/asu_discord/cogs/analytics.py", line 652, in on_member_update
    before_timeout = before.timed_out_until
                     ^^^^^^^^^^^^^^^^^^^^^^
AttributeError: 'Member' object has no attribute 'timed_out_until'
Ignoring exception in on_member_update
Traceback (most recent call last):
  File "/usr/local/lib/python3.12/site-packages/discord/client.py", line 465, in _run_event
    await coro(*args, **kwargs)
  File "/app/asu_discord/cogs/analytics.py", line 652, in on_member_update
    before_timeout = before.timed_out_until
                     ^^^^^^^^^^^^^^^^^^^^^^
AttributeError: 'Member' object has no attribute 'timed_out_until'
Ignoring exception in on_member_update
Traceback (most recent call last):
  File "/usr/local/lib/python3.12/site-packages/discord/client.py", line 465, in _run_event
    await coro(*args, **kwargs)
  File "/app/asu_discord/cogs/analytics.py", line 652, in on_member_update
    before_timeout = before.timed_out_until
                     ^^^^^^^^^^^^^^^^^^^^^^
AttributeError: 'Member' object has no attribute 'timed_out_until'
INFO:asu_discord.cogs.verification:Saved 4 roles to database for user sbhasi11 (Discord ID: 970748687292719195)
INFO:asu_discord.cogs.verification:Refreshed Salesforce roles for Discord user 970748687292719195: -4/+4 roles, assigned=[Downtown Phoenix, Graduate Student, International Student, Thunderbird School of Global Management]
Ignoring exception in on_member_update
Traceback (most recent call last):
  File "/usr/local/lib/python3.12/site-packages/discord/client.py", line 465, in _run_event
    await coro(*args, **kwargs)
  File "/app/asu_discord/cogs/analytics.py", line 652, in on_member_update
    before_timeout = before.timed_out_until
                     ^^^^^^^^^^^^^^^^^^^^^^
AttributeError: 'Member' object has no attribute 'timed_out_until'
Ignoring exception in on_member_update
Traceback (most recent call last):
  File "/usr/local/lib/python3.12/site-packages/discord/client.py", line 465, in _run_event
    await coro(*args, **kwargs)
  File "/app/asu_discord/cogs/analytics.py", line 652, in on_member_update
    before_timeout = before.timed_out_until
                     ^^^^^^^^^^^^^^^^^^^^^^
AttributeError: 'Member' object has no attribute 'timed_out_until'
Ignoring exception in on_member_update
Traceback (most recent call last):
  File "/usr/local/lib/python3.12/site-packages/discord/client.py", line 465, in _run_event
    await coro(*args, **kwargs)
  File "/app/asu_discord/cogs/analytics.py", line 652, in on_member_update
    before_timeout = before.timed_out_until
                     ^^^^^^^^^^^^^^^^^^^^^^
AttributeError: 'Member' object has no attribute 'timed_out_until'
Ignoring exception in on_member_update
Traceback (most recent call last):
  File "/usr/local/lib/python3.12/site-packages/discord/client.py", line 465, in _run_event
    await coro(*args, **kwargs)
  File "/app/asu_discord/cogs/analytics.py", line 652, in on_member_update
    before_timeout = before.timed_out_until
                     ^^^^^^^^^^^^^^^^^^^^^^
AttributeError: 'Member' object has no attribute 'timed_out_until'
Ignoring exception in on_member_update
Traceback (most recent call last):
  File "/usr/local/lib/python3.12/site-packages/discord/client.py", line 465, in _run_event
    await coro(*args, **kwargs)
  File "/app/asu_discord/cogs/analytics.py", line 652, in on_member_update
    before_timeout = before.timed_out_until
                     ^^^^^^^^^^^^^^^^^^^^^^
AttributeError: 'Member' object has no attribute 'timed_out_until'
Ignoring exception in on_member_update
Traceback (most recent call last):
  File "/usr/local/lib/python3.12/site-packages/discord/client.py", line 465, in _run_event
    await coro(*args, **kwargs)
  File "/app/asu_discord/cogs/analytics.py", line 652, in on_member_update
    before_timeout = before.timed_out_until
                     ^^^^^^^^^^^^^^^^^^^^^^
AttributeError: 'Member' object has no attribute 'timed_out_until'
Ignoring exception in on_member_update
Traceback (most recent call last):
  File "/usr/local/lib/python3.12/site-packages/discord/client.py", line 465, in _run_event
    await coro(*args, **kwargs)
  File "/app/asu_discord/cogs/analytics.py", line 652, in on_member_update
    before_timeout = before.timed_out_until
                     ^^^^^^^^^^^^^^^^^^^^^^
AttributeError: 'Member' object has no attribute 'timed_out_until'
Ignoring exception in on_member_update
Traceback (most recent call last):
  File "/usr/local/lib/python3.12/site-packages/discord/client.py", line 465, in _run_event
    await coro(*args, **kwargs)
  File "/app/asu_discord/cogs/analytics.py", line 652, in on_member_update
    before_timeout = before.timed_out_until
                     ^^^^^^^^^^^^^^^^^^^^^^
AttributeError: 'Member' object has no attribute 'timed_out_until'
Ignoring exception in on_member_update
Traceback (most recent call last):
  File "/usr/local/lib/python3.12/site-packages/discord/client.py", line 465, in _run_event
    await coro(*args, **kwargs)
  File "/app/asu_discord/cogs/analytics.py", line 652, in on_member_update
    before_timeout = before.timed_out_until
                     ^^^^^^^^^^^^^^^^^^^^^^
AttributeError: 'Member' object has no attribute 'timed_out_until'
Ignoring exception in on_member_update
Traceback (most recent call last):
  File "/usr/local/lib/python3.12/site-packages/discord/client.py", line 465, in _run_event
    await coro(*args, **kwargs)
  File "/app/asu_discord/cogs/analytics.py", line 652, in on_member_update
    before_timeout = before.timed_out_until
                     ^^^^^^^^^^^^^^^^^^^^^^
AttributeError: 'Member' object has no attribute 'timed_out_until'
Ignoring exception in on_member_update
Traceback (most recent call last):
  File "/usr/local/lib/python3.12/site-packages/discord/client.py", line 465, in _run_event
    await coro(*args, **kwargs)
  File "/app/asu_discord/cogs/analytics.py", line 652, in on_member_update
    before_timeout = before.timed_out_until
                     ^^^^^^^^^^^^^^^^^^^^^^
AttributeError: 'Member' object has no attribute 'timed_out_until'
Ignoring exception in on_member_update
Traceback (most recent call last):
  File "/usr/local/lib/python3.12/site-packages/discord/client.py", line 465, in _run_event
    await coro(*args, **kwargs)
  File "/app/asu_discord/cogs/analytics.py", line 652, in on_member_update
    before_timeout = before.timed_out_until
                     ^^^^^^^^^^^^^^^^^^^^^^
AttributeError: 'Member' object has no attribute 'timed_out_until'
INFO:asu_discord.cogs.verification:Saved 6 roles to database for user jinglam (Discord ID: 601883357206413325)
INFO:asu_discord.cogs.verification:Refreshed Salesforce roles for Discord user 601883357206413325: -6/+6 roles, assigned=[Commited, First Generation Student, First Year, Ira A. Fulton Schools of Engineering, Out of State, West Valley]
Ignoring exception in on_member_update
Traceback (most recent call last):
  File "/usr/local/lib/python3.12/site-packages/discord/client.py", line 465, in _run_event
    await coro(*args, **kwargs)
  File "/app/asu_discord/cogs/analytics.py", line 652, in on_member_update
    before_timeout = before.timed_out_until
                     ^^^^^^^^^^^^^^^^^^^^^^
AttributeError: 'Member' object has no attribute 'timed_out_until'
Ignoring exception in on_member_update
Traceback (most recent call last):
  File "/usr/local/lib/python3.12/site-packages/discord/client.py", line 465, in _run_event
    await coro(*args, **kwargs)
  File "/app/asu_discord/cogs/analytics.py", line 652, in on_member_update
    before_timeout = before.timed_out_until
                     ^^^^^^^^^^^^^^^^^^^^^^
AttributeError: 'Member' object has no attribute 'timed_out_until'
Ignoring exception in on_member_update
Traceback (most recent call last):
  File "/usr/local/lib/python3.12/site-packages/discord/client.py", line 465, in _run_event
    await coro(*args, **kwargs)
  File "/app/asu_discord/cogs/analytics.py", line 652, in on_member_update
    before_timeout = before.timed_out_until
                     ^^^^^^^^^^^^^^^^^^^^^^
AttributeError: 'Member' object has no attribute 'timed_out_until'
Ignoring exception in on_member_update
Traceback (most recent call last):
  File "/usr/local/lib/python3.12/site-packages/discord/client.py", line 465, in _run_event
    await coro(*args, **kwargs)
  File "/app/asu_discord/cogs/analytics.py", line 652, in on_member_update
    before_timeout = before.timed_out_until
                     ^^^^^^^^^^^^^^^^^^^^^^
AttributeError: 'Member' object has no attribute 'timed_out_until'
Ignoring exception in on_member_update
Traceback (most recent call last):
  File "/usr/local/lib/python3.12/site-packages/discord/client.py", line 465, in _run_event
    await coro(*args, **kwargs)
  File "/app/asu_discord/cogs/analytics.py", line 652, in on_member_update
    before_timeout = before.timed_out_until
                     ^^^^^^^^^^^^^^^^^^^^^^
AttributeError: 'Member' object has no attribute 'timed_out_until'
Ignoring exception in on_member_update
Traceback (most recent call last):
  File "/usr/local/lib/python3.12/site-packages/discord/client.py", line 465, in _run_event
    await coro(*args, **kwargs)
  File "/app/asu_discord/cogs/analytics.py", line 652, in on_member_update
    before_timeout = before.timed_out_until
                     ^^^^^^^^^^^^^^^^^^^^^^
AttributeError: 'Member' object has no attribute 'timed_out_until'
Ignoring exception in on_member_update
Traceback (most recent call last):
  File "/usr/local/lib/python3.12/site-packages/discord/client.py", line 465, in _run_event
    await coro(*args, **kwargs)
  File "/app/asu_discord/cogs/analytics.py", line 652, in on_member_update
    before_timeout = before.timed_out_until
                     ^^^^^^^^^^^^^^^^^^^^^^
AttributeError: 'Member' object has no attribute 'timed_out_until'
Ignoring exception in on_member_update
Traceback (most recent call last):
  File "/usr/local/lib/python3.12/site-packages/discord/client.py", line 465, in _run_event
    await coro(*args, **kwargs)
  File "/app/asu_discord/cogs/analytics.py", line 652, in on_member_update
    before_timeout = before.timed_out_until
                     ^^^^^^^^^^^^^^^^^^^^^^
AttributeError: 'Member' object has no attribute 'timed_out_until'
Ignoring exception in on_member_update
Traceback (most recent call last):
  File "/usr/local/lib/python3.12/site-packages/discord/client.py", line 465, in _run_event
    await coro(*args, **kwargs)
  File "/app/asu_discord/cogs/analytics.py", line 652, in on_member_update
    before_timeout = before.timed_out_until
                     ^^^^^^^^^^^^^^^^^^^^^^
AttributeError: 'Member' object has no attribute 'timed_out_until'
Ignoring exception in on_member_update
Traceback (most recent call last):
  File "/usr/local/lib/python3.12/site-packages/discord/client.py", line 465, in _run_event
    await coro(*args, **kwargs)
  File "/app/asu_discord/cogs/analytics.py", line 652, in on_member_update
    before_timeout = before.timed_out_until
                     ^^^^^^^^^^^^^^^^^^^^^^
AttributeError: 'Member' object has no attribute 'timed_out_until'
INFO:asu_discord.cogs.verification:Saved 6 roles to database for user jpark284 (Discord ID: 160172580286889984)
INFO:asu_discord.cogs.verification:Refreshed Salesforce roles for Discord user 160172580286889984: -4/+6 roles, assigned=[Commited, First Generation Student, Graduate Student, International Student, Ira A. Fulton Schools of Engineering, Tempe]
Ignoring exception in on_member_update
Traceback (most recent call last):
  File "/usr/local/lib/python3.12/site-packages/discord/client.py", line 465, in _run_event
    await coro(*args, **kwargs)
  File "/app/asu_discord/cogs/analytics.py", line 652, in on_member_update
    before_timeout = before.timed_out_until
                     ^^^^^^^^^^^^^^^^^^^^^^
AttributeError: 'Member' object has no attribute 'timed_out_until'
Ignoring exception in on_member_update
Traceback (most recent call last):
  File "/usr/local/lib/python3.12/site-packages/discord/client.py", line 465, in _run_event
    await coro(*args, **kwargs)
  File "/app/asu_discord/cogs/analytics.py", line 652, in on_member_update
    before_timeout = before.timed_out_until
                     ^^^^^^^^^^^^^^^^^^^^^^
AttributeError: 'Member' object has no attribute 'timed_out_until'
Ignoring exception in on_member_update
Traceback (most recent call last):
  File "/usr/local/lib/python3.12/site-packages/discord/client.py", line 465, in _run_event
    await coro(*args, **kwargs)
  File "/app/asu_discord/cogs/analytics.py", line 652, in on_member_update
    before_timeout = before.timed_out_until
                     ^^^^^^^^^^^^^^^^^^^^^^
AttributeError: 'Member' object has no attribute 'timed_out_until'
Ignoring exception in on_member_update
Traceback (most recent call last):
  File "/usr/local/lib/python3.12/site-packages/discord/client.py", line 465, in _run_event
    await coro(*args, **kwargs)
  File "/app/asu_discord/cogs/analytics.py", line 652, in on_member_update
    before_timeout = before.timed_out_until
                     ^^^^^^^^^^^^^^^^^^^^^^
AttributeError: 'Member' object has no attribute 'timed_out_until'
Ignoring exception in on_member_update
Traceback (most recent call last):
  File "/usr/local/lib/python3.12/site-packages/discord/client.py", line 465, in _run_event
    await coro(*args, **kwargs)
  File "/app/asu_discord/cogs/analytics.py", line 652, in on_member_update
    before_timeout = before.timed_out_until
                     ^^^^^^^^^^^^^^^^^^^^^^
AttributeError: 'Member' object has no attribute 'timed_out_until'
Ignoring exception in on_member_update
Traceback (most recent call last):
  File "/usr/local/lib/python3.12/site-packages/discord/client.py", line 465, in _run_event
    await coro(*args, **kwargs)
  File "/app/asu_discord/cogs/analytics.py", line 652, in on_member_update
    before_timeout = before.timed_out_until
                     ^^^^^^^^^^^^^^^^^^^^^^
AttributeError: 'Member' object has no attribute 'timed_out_until'
Ignoring exception in on_member_update
Traceback (most recent call last):
  File "/usr/local/lib/python3.12/site-packages/discord/client.py", line 465, in _run_event
    await coro(*args, **kwargs)
  File "/app/asu_discord/cogs/analytics.py", line 652, in on_member_update
    before_timeout = before.timed_out_until
                     ^^^^^^^^^^^^^^^^^^^^^^
AttributeError: 'Member' object has no attribute 'timed_out_until'
Ignoring exception in on_member_update
Traceback (most recent call last):
  File "/usr/local/lib/python3.12/site-packages/discord/client.py", line 465, in _run_event
    await coro(*args, **kwargs)
  File "/app/asu_discord/cogs/analytics.py", line 652, in on_member_update
    before_timeout = before.timed_out_until
                     ^^^^^^^^^^^^^^^^^^^^^^
AttributeError: 'Member' object has no attribute 'timed_out_until'
Ignoring exception in on_member_update
Traceback (most recent call last):
  File "/usr/local/lib/python3.12/site-packages/discord/client.py", line 465, in _run_event
    await coro(*args, **kwargs)
  File "/app/asu_discord/cogs/analytics.py", line 652, in on_member_update
    before_timeout = before.timed_out_until
                     ^^^^^^^^^^^^^^^^^^^^^^
AttributeError: 'Member' object has no attribute 'timed_out_until'
Ignoring exception in on_member_update
Traceback (most recent call last):
  File "/usr/local/lib/python3.12/site-packages/discord/client.py", line 465, in _run_event
    await coro(*args, **kwargs)
  File "/app/asu_discord/cogs/analytics.py", line 652, in on_member_update
    before_timeout = before.timed_out_until
                     ^^^^^^^^^^^^^^^^^^^^^^
AttributeError: 'Member' object has no attribute 'timed_out_until'
INFO:asu_discord.cogs.verification:Saved 5 roles to database for user jgonz616 (Discord ID: 419277707734679553)
INFO:asu_discord.cogs.verification:Refreshed Salesforce roles for Discord user 419277707734679553: -5/+5 roles, assigned=[Arizona Resident, First Generation Student, First Year, Herberger Institute for Design and the Arts, Tempe]
Ignoring exception in on_member_update
Traceback (most recent call last):
  File "/usr/local/lib/python3.12/site-packages/discord/client.py", line 465, in _run_event
    await coro(*args, **kwargs)
  File "/app/asu_discord/cogs/analytics.py", line 652, in on_member_update
    before_timeout = before.timed_out_until
                     ^^^^^^^^^^^^^^^^^^^^^^
AttributeError: 'Member' object has no attribute 'timed_out_until'
Ignoring exception in on_member_update
Traceback (most recent call last):
  File "/usr/local/lib/python3.12/site-packages/discord/client.py", line 465, in _run_event
    await coro(*args, **kwargs)
  File "/app/asu_discord/cogs/analytics.py", line 652, in on_member_update
    before_timeout = before.timed_out_until
                     ^^^^^^^^^^^^^^^^^^^^^^
AttributeError: 'Member' object has no attribute 'timed_out_until'
Ignoring exception in on_member_update
Traceback (most recent call last):
  File "/usr/local/lib/python3.12/site-packages/discord/client.py", line 465, in _run_event
    await coro(*args, **kwargs)
  File "/app/asu_discord/cogs/analytics.py", line 652, in on_member_update
    before_timeout = before.timed_out_until
                     ^^^^^^^^^^^^^^^^^^^^^^
AttributeError: 'Member' object has no attribute 'timed_out_until'
Ignoring exception in on_member_update
Traceback (most recent call last):
  File "/usr/local/lib/python3.12/site-packages/discord/client.py", line 465, in _run_event
    await coro(*args, **kwargs)
  File "/app/asu_discord/cogs/analytics.py", line 652, in on_member_update
    before_timeout = before.timed_out_until
                     ^^^^^^^^^^^^^^^^^^^^^^
AttributeError: 'Member' object has no attribute 'timed_out_until'
Ignoring exception in on_member_update
Traceback (most recent call last):
  File "/usr/local/lib/python3.12/site-packages/discord/client.py", line 465, in _run_event
    await coro(*args, **kwargs)
  File "/app/asu_discord/cogs/analytics.py", line 652, in on_member_update
    before_timeout = before.timed_out_until
                     ^^^^^^^^^^^^^^^^^^^^^^
AttributeError: 'Member' object has no attribute 'timed_out_until'
Ignoring exception in on_member_update
Traceback (most recent call last):
  File "/usr/local/lib/python3.12/site-packages/discord/client.py", line 465, in _run_event
    await coro(*args, **kwargs)
  File "/app/asu_discord/cogs/analytics.py", line 652, in on_member_update
    before_timeout = before.timed_out_until
                     ^^^^^^^^^^^^^^^^^^^^^^
AttributeError: 'Member' object has no attribute 'timed_out_until'
Ignoring exception in on_member_update
Traceback (most recent call last):
  File "/usr/local/lib/python3.12/site-packages/discord/client.py", line 465, in _run_event
    await coro(*args, **kwargs)
  File "/app/asu_discord/cogs/analytics.py", line 652, in on_member_update
    before_timeout = before.timed_out_until
                     ^^^^^^^^^^^^^^^^^^^^^^
AttributeError: 'Member' object has no attribute 'timed_out_until'
Ignoring exception in on_member_update
Traceback (most recent call last):
  File "/usr/local/lib/python3.12/site-packages/discord/client.py", line 465, in _run_event
    await coro(*args, **kwargs)
  File "/app/asu_discord/cogs/analytics.py", line 652, in on_member_update
    before_timeout = before.timed_out_until
                     ^^^^^^^^^^^^^^^^^^^^^^
AttributeError: 'Member' object has no attribute 'timed_out_until'
Ignoring exception in on_member_update
Traceback (most recent call last):
  File "/usr/local/lib/python3.12/site-packages/discord/client.py", line 465, in _run_event
    await coro(*args, **kwargs)
  File "/app/asu_discord/cogs/analytics.py", line 652, in on_member_update
    before_timeout = before.timed_out_until
                     ^^^^^^^^^^^^^^^^^^^^^^
AttributeError: 'Member' object has no attribute 'timed_out_until'
Ignoring exception in on_member_update
Traceback (most recent call last):
  File "/usr/local/lib/python3.12/site-packages/discord/client.py", line 465, in _run_event
    await coro(*args, **kwargs)
  File "/app/asu_discord/cogs/analytics.py", line 652, in on_member_update
    before_timeout = before.timed_out_until
                     ^^^^^^^^^^^^^^^^^^^^^^
AttributeError: 'Member' object has no attribute 'timed_out_until'
INFO:asu_discord.cogs.verification:Saved 8 roles to database for user kahollid (Discord ID: 1489326255533719696)
INFO:asu_discord.cogs.verification:Refreshed Salesforce roles for Discord user 1489326255533719696: -2/+8 roles, assigned=[Arizona Resident, Commited, First Generation Student, First Year, Polytechnic, Tempe, Upperclassmen, W.P. Carey School of Business]
Ignoring exception in on_member_update
Traceback (most recent call last):
  File "/usr/local/lib/python3.12/site-packages/discord/client.py", line 465, in _run_event
    await coro(*args, **kwargs)
  File "/app/asu_discord/cogs/analytics.py", line 652, in on_member_update
    before_timeout = before.timed_out_until
                     ^^^^^^^^^^^^^^^^^^^^^^
AttributeError: 'Member' object has no attribute 'timed_out_until'
Ignoring exception in on_member_update
Traceback (most recent call last):
  File "/usr/local/lib/python3.12/site-packages/discord/client.py", line 465, in _run_event
    await coro(*args, **kwargs)
  File "/app/asu_discord/cogs/analytics.py", line 652, in on_member_update
    before_timeout = before.timed_out_until
                     ^^^^^^^^^^^^^^^^^^^^^^
AttributeError: 'Member' object has no attribute 'timed_out_until'
Ignoring exception in on_member_update
Traceback (most recent call last):
  File "/usr/local/lib/python3.12/site-packages/discord/client.py", line 465, in _run_event
    await coro(*args, **kwargs)
  File "/app/asu_discord/cogs/analytics.py", line 652, in on_member_update
    before_timeout = before.timed_out_until
                     ^^^^^^^^^^^^^^^^^^^^^^
AttributeError: 'Member' object has no attribute 'timed_out_until'
Ignoring exception in on_member_update
Traceback (most recent call last):
  File "/usr/local/lib/python3.12/site-packages/discord/client.py", line 465, in _run_event
    await coro(*args, **kwargs)
  File "/app/asu_discord/cogs/analytics.py", line 652, in on_member_update
    before_timeout = before.timed_out_until
                     ^^^^^^^^^^^^^^^^^^^^^^
AttributeError: 'Member' object has no attribute 'timed_out_until'
Ignoring exception in on_member_update
Traceback (most recent call last):
  File "/usr/local/lib/python3.12/site-packages/discord/client.py", line 465, in _run_event
    await coro(*args, **kwargs)
  File "/app/asu_discord/cogs/analytics.py", line 652, in on_member_update
    before_timeout = before.timed_out_until
                     ^^^^^^^^^^^^^^^^^^^^^^
AttributeError: 'Member' object has no attribute 'timed_out_until'
Ignoring exception in on_member_update
Traceback (most recent call last):
  File "/usr/local/lib/python3.12/site-packages/discord/client.py", line 465, in _run_event
    await coro(*args, **kwargs)
  File "/app/asu_discord/cogs/analytics.py", line 652, in on_member_update
    before_timeout = before.timed_out_until
                     ^^^^^^^^^^^^^^^^^^^^^^
AttributeError: 'Member' object has no attribute 'timed_out_until'
Ignoring exception in on_member_update
Traceback (most recent call last):
  File "/usr/local/lib/python3.12/site-packages/discord/client.py", line 465, in _run_event
    await coro(*args, **kwargs)
  File "/app/asu_discord/cogs/analytics.py", line 652, in on_member_update
    before_timeout = before.timed_out_until
                     ^^^^^^^^^^^^^^^^^^^^^^
AttributeError: 'Member' object has no attribute 'timed_out_until'
Ignoring exception in on_member_update
Traceback (most recent call last):
  File "/usr/local/lib/python3.12/site-packages/discord/client.py", line 465, in _run_event
    await coro(*args, **kwargs)
  File "/app/asu_discord/cogs/analytics.py", line 652, in on_member_update
    before_timeout = before.timed_out_until
                     ^^^^^^^^^^^^^^^^^^^^^^
AttributeError: 'Member' object has no attribute 'timed_out_until'
Ignoring exception in on_member_update
Traceback (most recent call last):
  File "/usr/local/lib/python3.12/site-packages/discord/client.py", line 465, in _run_event
    await coro(*args, **kwargs)
  File "/app/asu_discord/cogs/analytics.py", line 652, in on_member_update
    before_timeout = before.timed_out_until
                     ^^^^^^^^^^^^^^^^^^^^^^
AttributeError: 'Member' object has no attribute 'timed_out_until'
INFO:asu_discord.cogs.verification:Saved 6 roles to database for user cmoren80 (Discord ID: 1404011810763313207)
INFO:asu_discord.cogs.verification:Refreshed Salesforce roles for Discord user 1404011810763313207: -4/+5 roles, assigned=[Commited, First Generation Student, Out of State, Transfer Student, W.P. Carey School of Business, West Valley]
Ignoring exception in on_member_update
Traceback (most recent call last):
  File "/usr/local/lib/python3.12/site-packages/discord/client.py", line 465, in _run_event
    await coro(*args, **kwargs)
  File "/app/asu_discord/cogs/analytics.py", line 652, in on_member_update
    before_timeout = before.timed_out_until
                     ^^^^^^^^^^^^^^^^^^^^^^
AttributeError: 'Member' object has no attribute 'timed_out_until'
Ignoring exception in on_member_update
Traceback (most recent call last):
  File "/usr/local/lib/python3.12/site-packages/discord/client.py", line 465, in _run_event
    await coro(*args, **kwargs)
  File "/app/asu_discord/cogs/analytics.py", line 652, in on_member_update
    before_timeout = before.timed_out_until
                     ^^^^^^^^^^^^^^^^^^^^^^
AttributeError: 'Member' object has no attribute 'timed_out_until'
Ignoring exception in on_member_update
Traceback (most recent call last):
  File "/usr/local/lib/python3.12/site-packages/discord/client.py", line 465, in _run_event
    await coro(*args, **kwargs)
  File "/app/asu_discord/cogs/analytics.py", line 652, in on_member_update
    before_timeout = before.timed_out_until
                     ^^^^^^^^^^^^^^^^^^^^^^
AttributeError: 'Member' object has no attribute 'timed_out_until'
Ignoring exception in on_member_update
Traceback (most recent call last):
  File "/usr/local/lib/python3.12/site-packages/discord/client.py", line 465, in _run_event
    await coro(*args, **kwargs)
  File "/app/asu_discord/cogs/analytics.py", line 652, in on_member_update
    before_timeout = before.timed_out_until
                     ^^^^^^^^^^^^^^^^^^^^^^
AttributeError: 'Member' object has no attribute 'timed_out_until'
Ignoring exception in on_member_update
Traceback (most recent call last):
  File "/usr/local/lib/python3.12/site-packages/discord/client.py", line 465, in _run_event
    await coro(*args, **kwargs)
  File "/app/asu_discord/cogs/analytics.py", line 652, in on_member_update
    before_timeout = before.timed_out_until
                     ^^^^^^^^^^^^^^^^^^^^^^
AttributeError: 'Member' object has no attribute 'timed_out_until'
Ignoring exception in on_member_update
Traceback (most recent call last):
  File "/usr/local/lib/python3.12/site-packages/discord/client.py", line 465, in _run_event
    await coro(*args, **kwargs)
  File "/app/asu_discord/cogs/analytics.py", line 652, in on_member_update
    before_timeout = before.timed_out_until
                     ^^^^^^^^^^^^^^^^^^^^^^
AttributeError: 'Member' object has no attribute 'timed_out_until'
Ignoring exception in on_member_update
Traceback (most recent call last):
  File "/usr/local/lib/python3.12/site-packages/discord/client.py", line 465, in _run_event
    await coro(*args, **kwargs)
  File "/app/asu_discord/cogs/analytics.py", line 652, in on_member_update
    before_timeout = before.timed_out_until
                     ^^^^^^^^^^^^^^^^^^^^^^
AttributeError: 'Member' object has no attribute 'timed_out_until'
Ignoring exception in on_member_update
Traceback (most recent call last):
  File "/usr/local/lib/python3.12/site-packages/discord/client.py", line 465, in _run_event
    await coro(*args, **kwargs)
  File "/app/asu_discord/cogs/analytics.py", line 652, in on_member_update
    before_timeout = before.timed_out_until
                     ^^^^^^^^^^^^^^^^^^^^^^
AttributeError: 'Member' object has no attribute 'timed_out_until'
Ignoring exception in on_member_update
Traceback (most recent call last):
  File "/usr/local/lib/python3.12/site-packages/discord/client.py", line 465, in _run_event
    await coro(*args, **kwargs)
  File "/app/asu_discord/cogs/analytics.py", line 652, in on_member_update
    before_timeout = before.timed_out_until
                     ^^^^^^^^^^^^^^^^^^^^^^
AttributeError: 'Member' object has no attribute 'timed_out_until'
Ignoring exception in on_member_update
Traceback (most recent call last):
  File "/usr/local/lib/python3.12/site-packages/discord/client.py", line 465, in _run_event
    await coro(*args, **kwargs)
  File "/app/asu_discord/cogs/analytics.py", line 652, in on_member_update
    before_timeout = before.timed_out_until
                     ^^^^^^^^^^^^^^^^^^^^^^
AttributeError: 'Member' object has no attribute 'timed_out_until'
INFO:asu_discord.cogs.verification:Saved 5 roles to database for user ywan1893 (Discord ID: 1489361922829717534)
INFO:asu_discord.cogs.verification:Refreshed Salesforce roles for Discord user 1489361922829717534: -5/+5 roles, assigned=[Commited, Downtown Phoenix, Graduate Student, International Student, Thunderbird School of Global Management]
Ignoring exception in on_member_update
Traceback (most recent call last):
  File "/usr/local/lib/python3.12/site-packages/discord/client.py", line 465, in _run_event
    await coro(*args, **kwargs)
  File "/app/asu_discord/cogs/analytics.py", line 652, in on_member_update
    before_timeout = before.timed_out_until
                     ^^^^^^^^^^^^^^^^^^^^^^
AttributeError: 'Member' object has no attribute 'timed_out_until'
Ignoring exception in on_member_update
Traceback (most recent call last):
  File "/usr/local/lib/python3.12/site-packages/discord/client.py", line 465, in _run_event
    await coro(*args, **kwargs)
  File "/app/asu_discord/cogs/analytics.py", line 652, in on_member_update
    before_timeout = before.timed_out_until
                     ^^^^^^^^^^^^^^^^^^^^^^
AttributeError: 'Member' object has no attribute 'timed_out_until'
Ignoring exception in on_member_update
Traceback (most recent call last):
  File "/usr/local/lib/python3.12/site-packages/discord/client.py", line 465, in _run_event
    await coro(*args, **kwargs)
  File "/app/asu_discord/cogs/analytics.py", line 652, in on_member_update
    before_timeout = before.timed_out_until
                     ^^^^^^^^^^^^^^^^^^^^^^
AttributeError: 'Member' object has no attribute 'timed_out_until'
Ignoring exception in on_member_update
Traceback (most recent call last):
  File "/usr/local/lib/python3.12/site-packages/discord/client.py", line 465, in _run_event
    await coro(*args, **kwargs)
  File "/app/asu_discord/cogs/analytics.py", line 652, in on_member_update
    before_timeout = before.timed_out_until
                     ^^^^^^^^^^^^^^^^^^^^^^
AttributeError: 'Member' object has no attribute 'timed_out_until'
Ignoring exception in on_member_update
Traceback (most recent call last):
  File "/usr/local/lib/python3.12/site-packages/discord/client.py", line 465, in _run_event
    await coro(*args, **kwargs)
  File "/app/asu_discord/cogs/analytics.py", line 652, in on_member_update
    before_timeout = before.timed_out_until
                     ^^^^^^^^^^^^^^^^^^^^^^
AttributeError: 'Member' object has no attribute 'timed_out_until'
Ignoring exception in on_member_update
Traceback (most recent call last):
  File "/usr/local/lib/python3.12/site-packages/discord/client.py", line 465, in _run_event
    await coro(*args, **kwargs)
  File "/app/asu_discord/cogs/analytics.py", line 652, in on_member_update
    before_timeout = before.timed_out_until
                     ^^^^^^^^^^^^^^^^^^^^^^
AttributeError: 'Member' object has no attribute 'timed_out_until'
Ignoring exception in on_member_update
Traceback (most recent call last):
  File "/usr/local/lib/python3.12/site-packages/discord/client.py", line 465, in _run_event
    await coro(*args, **kwargs)
  File "/app/asu_discord/cogs/analytics.py", line 652, in on_member_update
    before_timeout = before.timed_out_until
                     ^^^^^^^^^^^^^^^^^^^^^^
AttributeError: 'Member' object has no attribute 'timed_out_until'
Ignoring exception in on_member_update
Traceback (most recent call last):
  File "/usr/local/lib/python3.12/site-packages/discord/client.py", line 465, in _run_event
    await coro(*args, **kwargs)
  File "/app/asu_discord/cogs/analytics.py", line 652, in on_member_update
    before_timeout = before.timed_out_until
                     ^^^^^^^^^^^^^^^^^^^^^^
AttributeError: 'Member' object has no attribute 'timed_out_until'
Ignoring exception in on_member_update
Traceback (most recent call last):
  File "/usr/local/lib/python3.12/site-packages/discord/client.py", line 465, in _run_event
    await coro(*args, **kwargs)
  File "/app/asu_discord/cogs/analytics.py", line 652, in on_member_update
    before_timeout = before.timed_out_until
                     ^^^^^^^^^^^^^^^^^^^^^^
AttributeError: 'Member' object has no attribute 'timed_out_until'
Ignoring exception in on_member_update
Traceback (most recent call last):
  File "/usr/local/lib/python3.12/site-packages/discord/client.py", line 465, in _run_event
    await coro(*args, **kwargs)
  File "/app/asu_discord/cogs/analytics.py", line 652, in on_member_update
    before_timeout = before.timed_out_until
                     ^^^^^^^^^^^^^^^^^^^^^^
AttributeError: 'Member' object has no attribute 'timed_out_until'
INFO:asu_discord.cogs.verification:Saved 5 roles to database for user cinsalac (Discord ID: 1488746156338184232)
INFO:asu_discord.cogs.verification:Refreshed Salesforce roles for Discord user 1488746156338184232: -5/+5 roles, assigned=[Arizona Resident, Commited, Herberger Institute for Design and the Arts, Tempe, Transfer Student]
Ignoring exception in on_member_update
Traceback (most recent call last):
  File "/usr/local/lib/python3.12/site-packages/discord/client.py", line 465, in _run_event
    await coro(*args, **kwargs)
  File "/app/asu_discord/cogs/analytics.py", line 652, in on_member_update
    before_timeout = before.timed_out_until
                     ^^^^^^^^^^^^^^^^^^^^^^
AttributeError: 'Member' object has no attribute 'timed_out_until'
Ignoring exception in on_member_update
Traceback (most recent call last):
  File "/usr/local/lib/python3.12/site-packages/discord/client.py", line 465, in _run_event
    await coro(*args, **kwargs)
  File "/app/asu_discord/cogs/analytics.py", line 652, in on_member_update
    before_timeout = before.timed_out_until
                     ^^^^^^^^^^^^^^^^^^^^^^
AttributeError: 'Member' object has no attribute 'timed_out_until'
Ignoring exception in on_member_update
Traceback (most recent call last):
  File "/usr/local/lib/python3.12/site-packages/discord/client.py", line 465, in _run_event
    await coro(*args, **kwargs)
  File "/app/asu_discord/cogs/analytics.py", line 652, in on_member_update
    before_timeout = before.timed_out_until
                     ^^^^^^^^^^^^^^^^^^^^^^
AttributeError: 'Member' object has no attribute 'timed_out_until'
Ignoring exception in on_member_update
Traceback (most recent call last):
  File "/usr/local/lib/python3.12/site-packages/discord/client.py", line 465, in _run_event
    await coro(*args, **kwargs)
  File "/app/asu_discord/cogs/analytics.py", line 652, in on_member_update
    before_timeout = before.timed_out_until
                     ^^^^^^^^^^^^^^^^^^^^^^
AttributeError: 'Member' object has no attribute 'timed_out_until'
Ignoring exception in on_member_update
Traceback (most recent call last):
  File "/usr/local/lib/python3.12/site-packages/discord/client.py", line 465, in _run_event
    await coro(*args, **kwargs)
  File "/app/asu_discord/cogs/analytics.py", line 652, in on_member_update
    before_timeout = before.timed_out_until
                     ^^^^^^^^^^^^^^^^^^^^^^
AttributeError: 'Member' object has no attribute 'timed_out_until'
Ignoring exception in on_member_update
Traceback (most recent call last):
  File "/usr/local/lib/python3.12/site-packages/discord/client.py", line 465, in _run_event
    await coro(*args, **kwargs)
  File "/app/asu_discord/cogs/analytics.py", line 652, in on_member_update
    before_timeout = before.timed_out_until
                     ^^^^^^^^^^^^^^^^^^^^^^
AttributeError: 'Member' object has no attribute 'timed_out_until'
Ignoring exception in on_member_update
Traceback (most recent call last):
  File "/usr/local/lib/python3.12/site-packages/discord/client.py", line 465, in _run_event
    await coro(*args, **kwargs)
  File "/app/asu_discord/cogs/analytics.py", line 652, in on_member_update
    before_timeout = before.timed_out_until
                     ^^^^^^^^^^^^^^^^^^^^^^
AttributeError: 'Member' object has no attribute 'timed_out_until'
Ignoring exception in on_member_update
Traceback (most recent call last):
  File "/usr/local/lib/python3.12/site-packages/discord/client.py", line 465, in _run_event
    await coro(*args, **kwargs)
  File "/app/asu_discord/cogs/analytics.py", line 652, in on_member_update
    before_timeout = before.timed_out_until
                     ^^^^^^^^^^^^^^^^^^^^^^
AttributeError: 'Member' object has no attribute 'timed_out_until'
Ignoring exception in on_member_update
Traceback (most recent call last):
  File "/usr/local/lib/python3.12/site-packages/discord/client.py", line 465, in _run_event
    await coro(*args, **kwargs)
  File "/app/asu_discord/cogs/analytics.py", line 652, in on_member_update
    before_timeout = before.timed_out_until
                     ^^^^^^^^^^^^^^^^^^^^^^
AttributeError: 'Member' object has no attribute 'timed_out_until'
Ignoring exception in on_member_update
Traceback (most recent call last):
  File "/usr/local/lib/python3.12/site-packages/discord/client.py", line 465, in _run_event
    await coro(*args, **kwargs)
  File "/app/asu_discord/cogs/analytics.py", line 652, in on_member_update
    before_timeout = before.timed_out_until
                     ^^^^^^^^^^^^^^^^^^^^^^
AttributeError: 'Member' object has no attribute 'timed_out_until'
INFO:asu_discord.cogs.verification:Saved 5 roles to database for user vmsin (Discord ID: 747487936567574589)
INFO:asu_discord.cogs.verification:Refreshed Salesforce roles for Discord user 747487936567574589: -5/+5 roles, assigned=[Arizona Resident, Commited, First Year, Ira A. Fulton Schools of Engineering, Tempe]
Ignoring exception in on_member_update
Traceback (most recent call last):
  File "/usr/local/lib/python3.12/site-packages/discord/client.py", line 465, in _run_event
    await coro(*args, **kwargs)
  File "/app/asu_discord/cogs/analytics.py", line 652, in on_member_update
    before_timeout = before.timed_out_until
                     ^^^^^^^^^^^^^^^^^^^^^^
AttributeError: 'Member' object has no attribute 'timed_out_until'
Ignoring exception in on_member_update
Traceback (most recent call last):
  File "/usr/local/lib/python3.12/site-packages/discord/client.py", line 465, in _run_event
    await coro(*args, **kwargs)
  File "/app/asu_discord/cogs/analytics.py", line 652, in on_member_update
    before_timeout = before.timed_out_until
                     ^^^^^^^^^^^^^^^^^^^^^^
AttributeError: 'Member' object has no attribute 'timed_out_until'
Ignoring exception in on_member_update
Traceback (most recent call last):
  File "/usr/local/lib/python3.12/site-packages/discord/client.py", line 465, in _run_event
    await coro(*args, **kwargs)
  File "/app/asu_discord/cogs/analytics.py", line 652, in on_member_update
    before_timeout = before.timed_out_until
                     ^^^^^^^^^^^^^^^^^^^^^^
AttributeError: 'Member' object has no attribute 'timed_out_until'
Ignoring exception in on_member_update
Traceback (most recent call last):
  File "/usr/local/lib/python3.12/site-packages/discord/client.py", line 465, in _run_event
    await coro(*args, **kwargs)
  File "/app/asu_discord/cogs/analytics.py", line 652, in on_member_update
    before_timeout = before.timed_out_until
                     ^^^^^^^^^^^^^^^^^^^^^^
AttributeError: 'Member' object has no attribute 'timed_out_until'
Ignoring exception in on_member_update
Traceback (most recent call last):
  File "/usr/local/lib/python3.12/site-packages/discord/client.py", line 465, in _run_event
    await coro(*args, **kwargs)
  File "/app/asu_discord/cogs/analytics.py", line 652, in on_member_update
    before_timeout = before.timed_out_until
                     ^^^^^^^^^^^^^^^^^^^^^^
AttributeError: 'Member' object has no attribute 'timed_out_until'
Ignoring exception in on_member_update
Traceback (most recent call last):
  File "/usr/local/lib/python3.12/site-packages/discord/client.py", line 465, in _run_event
    await coro(*args, **kwargs)
  File "/app/asu_discord/cogs/analytics.py", line 652, in on_member_update
    before_timeout = before.timed_out_until
                     ^^^^^^^^^^^^^^^^^^^^^^
AttributeError: 'Member' object has no attribute 'timed_out_until'
Ignoring exception in on_member_update
Traceback (most recent call last):
  File "/usr/local/lib/python3.12/site-packages/discord/client.py", line 465, in _run_event
    await coro(*args, **kwargs)
  File "/app/asu_discord/cogs/analytics.py", line 652, in on_member_update
    before_timeout = before.timed_out_until
                     ^^^^^^^^^^^^^^^^^^^^^^
AttributeError: 'Member' object has no attribute 'timed_out_until'
Ignoring exception in on_member_update
Traceback (most recent call last):
  File "/usr/local/lib/python3.12/site-packages/discord/client.py", line 465, in _run_event
    await coro(*args, **kwargs)
  File "/app/asu_discord/cogs/analytics.py", line 652, in on_member_update
    before_timeout = before.timed_out_until
                     ^^^^^^^^^^^^^^^^^^^^^^
AttributeError: 'Member' object has no attribute 'timed_out_until'
Ignoring exception in on_member_update
Traceback (most recent call last):
  File "/usr/local/lib/python3.12/site-packages/discord/client.py", line 465, in _run_event
    await coro(*args, **kwargs)
  File "/app/asu_discord/cogs/analytics.py", line 652, in on_member_update
    before_timeout = before.timed_out_until
                     ^^^^^^^^^^^^^^^^^^^^^^
AttributeError: 'Member' object has no attribute 'timed_out_until'
Ignoring exception in on_member_update
Traceback (most recent call last):
  File "/usr/local/lib/python3.12/site-packages/discord/client.py", line 465, in _run_event
    await coro(*args, **kwargs)
  File "/app/asu_discord/cogs/analytics.py", line 652, in on_member_update
    before_timeout = before.timed_out_until
                     ^^^^^^^^^^^^^^^^^^^^^^
AttributeError: 'Member' object has no attribute 'timed_out_until'
INFO:asu_discord.cogs.verification:Saved 5 roles to database for user jbnavar2 (Discord ID: 1058048437595160597)
INFO:asu_discord.cogs.verification:Refreshed Salesforce roles for Discord user 1058048437595160597: -5/+5 roles, assigned=[First Generation Student, First Year, Ira A. Fulton Schools of Engineering, Out of State, Polytechnic]
ERROR:cron.jobs:refresh_salesforce_roles: failed for ddodd12 (Discord ID 546878052274012160): Failed to refresh Salesforce-based roles: Discord user 546878052274012160 is not a member of the guild
ERROR:cron.jobs:refresh_salesforce_roles: failed for resilva2 (Discord ID 597222352622845953): Failed to refresh Salesforce-based roles: Discord user 597222352622845953 is not a member of the guild
Ignoring exception in on_member_update
Traceback (most recent call last):
  File "/usr/local/lib/python3.12/site-packages/discord/client.py", line 465, in _run_event
    await coro(*args, **kwargs)
  File "/app/asu_discord/cogs/analytics.py", line 652, in on_member_update
    before_timeout = before.timed_out_until
                     ^^^^^^^^^^^^^^^^^^^^^^
AttributeError: 'Member' object has no attribute 'timed_out_until'
Ignoring exception in on_member_update
Traceback (most recent call last):
  File "/usr/local/lib/python3.12/site-packages/discord/client.py", line 465, in _run_event
    await coro(*args, **kwargs)
  File "/app/asu_discord/cogs/analytics.py", line 652, in on_member_update
    before_timeout = before.timed_out_until
                     ^^^^^^^^^^^^^^^^^^^^^^
AttributeError: 'Member' object has no attribute 'timed_out_until'
Ignoring exception in on_member_update
Traceback (most recent call last):
  File "/usr/local/lib/python3.12/site-packages/discord/client.py", line 465, in _run_event
    await coro(*args, **kwargs)
  File "/app/asu_discord/cogs/analytics.py", line 652, in on_member_update
    before_timeout = before.timed_out_until
                     ^^^^^^^^^^^^^^^^^^^^^^
AttributeError: 'Member' object has no attribute 'timed_out_until'
Ignoring exception in on_member_update
Traceback (most recent call last):
  File "/usr/local/lib/python3.12/site-packages/discord/client.py", line 465, in _run_event
    await coro(*args, **kwargs)
  File "/app/asu_discord/cogs/analytics.py", line 652, in on_member_update
    before_timeout = before.timed_out_until
                     ^^^^^^^^^^^^^^^^^^^^^^
AttributeError: 'Member' object has no attribute 'timed_out_until'
Ignoring exception in on_member_update
Traceback (most recent call last):
  File "/usr/local/lib/python3.12/site-packages/discord/client.py", line 465, in _run_event
    await coro(*args, **kwargs)
  File "/app/asu_discord/cogs/analytics.py", line 652, in on_member_update
    before_timeout = before.timed_out_until
                     ^^^^^^^^^^^^^^^^^^^^^^
AttributeError: 'Member' object has no attribute 'timed_out_until'
Ignoring exception in on_member_update
Traceback (most recent call last):
  File "/usr/local/lib/python3.12/site-packages/discord/client.py", line 465, in _run_event
    await coro(*args, **kwargs)
  File "/app/asu_discord/cogs/analytics.py", line 652, in on_member_update
    before_timeout = before.timed_out_until
                     ^^^^^^^^^^^^^^^^^^^^^^
AttributeError: 'Member' object has no attribute 'timed_out_until'
Ignoring exception in on_member_update
Traceback (most recent call last):
  File "/usr/local/lib/python3.12/site-packages/discord/client.py", line 465, in _run_event
    await coro(*args, **kwargs)
  File "/app/asu_discord/cogs/analytics.py", line 652, in on_member_update
    before_timeout = before.timed_out_until
                     ^^^^^^^^^^^^^^^^^^^^^^
AttributeError: 'Member' object has no attribute 'timed_out_until'
Ignoring exception in on_member_update
Traceback (most recent call last):
  File "/usr/local/lib/python3.12/site-packages/discord/client.py", line 465, in _run_event
    await coro(*args, **kwargs)
  File "/app/asu_discord/cogs/analytics.py", line 652, in on_member_update
    before_timeout = before.timed_out_until
                     ^^^^^^^^^^^^^^^^^^^^^^
AttributeError: 'Member' object has no attribute 'timed_out_until'
Ignoring exception in on_member_update
Traceback (most recent call last):
  File "/usr/local/lib/python3.12/site-packages/discord/client.py", line 465, in _run_event
    await coro(*args, **kwargs)
  File "/app/asu_discord/cogs/analytics.py", line 652, in on_member_update
    before_timeout = before.timed_out_until
                     ^^^^^^^^^^^^^^^^^^^^^^
AttributeError: 'Member' object has no attribute 'timed_out_until'
Ignoring exception in on_member_update
Traceback (most recent call last):
  File "/usr/local/lib/python3.12/site-packages/discord/client.py", line 465, in _run_event
    await coro(*args, **kwargs)
  File "/app/asu_discord/cogs/analytics.py", line 652, in on_member_update
    before_timeout = before.timed_out_until
                     ^^^^^^^^^^^^^^^^^^^^^^
AttributeError: 'Member' object has no attribute 'timed_out_until'
INFO:asu_discord.cogs.verification:Saved 5 roles to database for user adippel1 (Discord ID: 1489400618857791629)
INFO:asu_discord.cogs.verification:Refreshed Salesforce roles for Discord user 1489400618857791629: -5/+5 roles, assigned=[Commited, First Year, New College of Interdisciplinary Arts and Sciences, Out of State, West Valley]
ERROR:cron.jobs:refresh_salesforce_roles: failed for aguerin2 (Discord ID 726266162878480457): Failed to refresh Salesforce-based roles: Discord user 726266162878480457 is not a member of the guild
Ignoring exception in on_member_update
Traceback (most recent call last):
  File "/usr/local/lib/python3.12/site-packages/discord/client.py", line 465, in _run_event
    await coro(*args, **kwargs)
  File "/app/asu_discord/cogs/analytics.py", line 652, in on_member_update
    before_timeout = before.timed_out_until
                     ^^^^^^^^^^^^^^^^^^^^^^
AttributeError: 'Member' object has no attribute 'timed_out_until'
Ignoring exception in on_member_update
Traceback (most recent call last):
  File "/usr/local/lib/python3.12/site-packages/discord/client.py", line 465, in _run_event
    await coro(*args, **kwargs)
  File "/app/asu_discord/cogs/analytics.py", line 652, in on_member_update
    before_timeout = before.timed_out_until
                     ^^^^^^^^^^^^^^^^^^^^^^
AttributeError: 'Member' object has no attribute 'timed_out_until'
Ignoring exception in on_member_update
Traceback (most recent call last):
  File "/usr/local/lib/python3.12/site-packages/discord/client.py", line 465, in _run_event
    await coro(*args, **kwargs)
  File "/app/asu_discord/cogs/analytics.py", line 652, in on_member_update
    before_timeout = before.timed_out_until
                     ^^^^^^^^^^^^^^^^^^^^^^
AttributeError: 'Member' object has no attribute 'timed_out_until'
Ignoring exception in on_member_update
Traceback (most recent call last):
  File "/usr/local/lib/python3.12/site-packages/discord/client.py", line 465, in _run_event
    await coro(*args, **kwargs)
  File "/app/asu_discord/cogs/analytics.py", line 652, in on_member_update
    before_timeout = before.timed_out_until
                     ^^^^^^^^^^^^^^^^^^^^^^
AttributeError: 'Member' object has no attribute 'timed_out_until'
Ignoring exception in on_member_update
Traceback (most recent call last):
  File "/usr/local/lib/python3.12/site-packages/discord/client.py", line 465, in _run_event
    await coro(*args, **kwargs)
  File "/app/asu_discord/cogs/analytics.py", line 652, in on_member_update
    before_timeout = before.timed_out_until
                     ^^^^^^^^^^^^^^^^^^^^^^
AttributeError: 'Member' object has no attribute 'timed_out_until'
Ignoring exception in on_member_update
Traceback (most recent call last):
  File "/usr/local/lib/python3.12/site-packages/discord/client.py", line 465, in _run_event
    await coro(*args, **kwargs)
  File "/app/asu_discord/cogs/analytics.py", line 652, in on_member_update
    before_timeout = before.timed_out_until
                     ^^^^^^^^^^^^^^^^^^^^^^
AttributeError: 'Member' object has no attribute 'timed_out_until'
Ignoring exception in on_member_update
Traceback (most recent call last):
  File "/usr/local/lib/python3.12/site-packages/discord/client.py", line 465, in _run_event
    await coro(*args, **kwargs)
  File "/app/asu_discord/cogs/analytics.py", line 652, in on_member_update
    before_timeout = before.timed_out_until
                     ^^^^^^^^^^^^^^^^^^^^^^
AttributeError: 'Member' object has no attribute 'timed_out_until'
Ignoring exception in on_member_update
Traceback (most recent call last):
  File "/usr/local/lib/python3.12/site-packages/discord/client.py", line 465, in _run_event
    await coro(*args, **kwargs)
  File "/app/asu_discord/cogs/analytics.py", line 652, in on_member_update
    before_timeout = before.timed_out_until
                     ^^^^^^^^^^^^^^^^^^^^^^
AttributeError: 'Member' object has no attribute 'timed_out_until'
INFO:asu_discord.cogs.verification:Saved 4 roles to database for user ecarte25 (Discord ID: 688945790462197791)
INFO:asu_discord.cogs.verification:Refreshed Salesforce roles for Discord user 688945790462197791: -4/+4 roles, assigned=[Arizona Resident, College of Health Solutions, Downtown Phoenix, First Year]
Ignoring exception in on_member_update
Traceback (most recent call last):
  File "/usr/local/lib/python3.12/site-packages/discord/client.py", line 465, in _run_event
    await coro(*args, **kwargs)
  File "/app/asu_discord/cogs/analytics.py", line 652, in on_member_update
    before_timeout = before.timed_out_until
                     ^^^^^^^^^^^^^^^^^^^^^^
AttributeError: 'Member' object has no attribute 'timed_out_until'
Ignoring exception in on_member_update
Traceback (most recent call last):
  File "/usr/local/lib/python3.12/site-packages/discord/client.py", line 465, in _run_event
    await coro(*args, **kwargs)
  File "/app/asu_discord/cogs/analytics.py", line 652, in on_member_update
    before_timeout = before.timed_out_until
                     ^^^^^^^^^^^^^^^^^^^^^^
AttributeError: 'Member' object has no attribute 'timed_out_until'
Ignoring exception in on_member_update
Traceback (most recent call last):
  File "/usr/local/lib/python3.12/site-packages/discord/client.py", line 465, in _run_event
    await coro(*args, **kwargs)
  File "/app/asu_discord/cogs/analytics.py", line 652, in on_member_update
    before_timeout = before.timed_out_until
                     ^^^^^^^^^^^^^^^^^^^^^^
AttributeError: 'Member' object has no attribute 'timed_out_until'
Ignoring exception in on_member_update
Traceback (most recent call last):
  File "/usr/local/lib/python3.12/site-packages/discord/client.py", line 465, in _run_event
    await coro(*args, **kwargs)
  File "/app/asu_discord/cogs/analytics.py", line 652, in on_member_update
    before_timeout = before.timed_out_until
                     ^^^^^^^^^^^^^^^^^^^^^^
AttributeError: 'Member' object has no attribute 'timed_out_until'
Ignoring exception in on_member_update
Traceback (most recent call last):
  File "/usr/local/lib/python3.12/site-packages/discord/client.py", line 465, in _run_event
    await coro(*args, **kwargs)
  File "/app/asu_discord/cogs/analytics.py", line 652, in on_member_update
    before_timeout = before.timed_out_until
                     ^^^^^^^^^^^^^^^^^^^^^^
AttributeError: 'Member' object has no attribute 'timed_out_until'
Ignoring exception in on_member_update
Traceback (most recent call last):
  File "/usr/local/lib/python3.12/site-packages/discord/client.py", line 465, in _run_event
    await coro(*args, **kwargs)
  File "/app/asu_discord/cogs/analytics.py", line 652, in on_member_update
    before_timeout = before.timed_out_until
                     ^^^^^^^^^^^^^^^^^^^^^^
AttributeError: 'Member' object has no attribute 'timed_out_until'
Ignoring exception in on_member_update
Traceback (most recent call last):
  File "/usr/local/lib/python3.12/site-packages/discord/client.py", line 465, in _run_event
    await coro(*args, **kwargs)
  File "/app/asu_discord/cogs/analytics.py", line 652, in on_member_update
    before_timeout = before.timed_out_until
                     ^^^^^^^^^^^^^^^^^^^^^^
AttributeError: 'Member' object has no attribute 'timed_out_until'
Ignoring exception in on_member_update
Traceback (most recent call last):
  File "/usr/local/lib/python3.12/site-packages/discord/client.py", line 465, in _run_event
    await coro(*args, **kwargs)
  File "/app/asu_discord/cogs/analytics.py", line 652, in on_member_update
    before_timeout = before.timed_out_until
                     ^^^^^^^^^^^^^^^^^^^^^^
AttributeError: 'Member' object has no attribute 'timed_out_until'
Ignoring exception in on_member_update
Traceback (most recent call last):
  File "/usr/local/lib/python3.12/site-packages/discord/client.py", line 465, in _run_event
    await coro(*args, **kwargs)
  File "/app/asu_discord/cogs/analytics.py", line 652, in on_member_update
    before_timeout = before.timed_out_until
                     ^^^^^^^^^^^^^^^^^^^^^^
AttributeError: 'Member' object has no attribute 'timed_out_until'
Ignoring exception in on_member_update
Traceback (most recent call last):
  File "/usr/local/lib/python3.12/site-packages/discord/client.py", line 465, in _run_event
    await coro(*args, **kwargs)
  File "/app/asu_discord/cogs/analytics.py", line 652, in on_member_update
    before_timeout = before.timed_out_until
                     ^^^^^^^^^^^^^^^^^^^^^^
AttributeError: 'Member' object has no attribute 'timed_out_until'
INFO:asu_discord.cogs.verification:Saved 6 roles to database for user ortorres (Discord ID: 1316032096548032522)
INFO:asu_discord.cogs.verification:Refreshed Salesforce roles for Discord user 1316032096548032522: -4/+6 roles, assigned=[Commited, First Generation Student, First Year, Out of State, Tempe, W.P. Carey School of Business]
Ignoring exception in on_member_update
Traceback (most recent call last):
  File "/usr/local/lib/python3.12/site-packages/discord/client.py", line 465, in _run_event
    await coro(*args, **kwargs)
  File "/app/asu_discord/cogs/analytics.py", line 652, in on_member_update
    before_timeout = before.timed_out_until
                     ^^^^^^^^^^^^^^^^^^^^^^
AttributeError: 'Member' object has no attribute 'timed_out_until'
Ignoring exception in on_member_update
Traceback (most recent call last):
  File "/usr/local/lib/python3.12/site-packages/discord/client.py", line 465, in _run_event
    await coro(*args, **kwargs)
  File "/app/asu_discord/cogs/analytics.py", line 652, in on_member_update
    before_timeout = before.timed_out_until
                     ^^^^^^^^^^^^^^^^^^^^^^
AttributeError: 'Member' object has no attribute 'timed_out_until'
Ignoring exception in on_member_update
Traceback (most recent call last):
  File "/usr/local/lib/python3.12/site-packages/discord/client.py", line 465, in _run_event
    await coro(*args, **kwargs)
  File "/app/asu_discord/cogs/analytics.py", line 652, in on_member_update
    before_timeout = before.timed_out_until
                     ^^^^^^^^^^^^^^^^^^^^^^
AttributeError: 'Member' object has no attribute 'timed_out_until'
Ignoring exception in on_member_update
Traceback (most recent call last):
  File "/usr/local/lib/python3.12/site-packages/discord/client.py", line 465, in _run_event
    await coro(*args, **kwargs)
  File "/app/asu_discord/cogs/analytics.py", line 652, in on_member_update
    before_timeout = before.timed_out_until
                     ^^^^^^^^^^^^^^^^^^^^^^
AttributeError: 'Member' object has no attribute 'timed_out_until'
Ignoring exception in on_member_update
Traceback (most recent call last):
  File "/usr/local/lib/python3.12/site-packages/discord/client.py", line 465, in _run_event
    await coro(*args, **kwargs)
  File "/app/asu_discord/cogs/analytics.py", line 652, in on_member_update
    before_timeout = before.timed_out_until
                     ^^^^^^^^^^^^^^^^^^^^^^
AttributeError: 'Member' object has no attribute 'timed_out_until'
Ignoring exception in on_member_update
Traceback (most recent call last):
  File "/usr/local/lib/python3.12/site-packages/discord/client.py", line 465, in _run_event
    await coro(*args, **kwargs)
  File "/app/asu_discord/cogs/analytics.py", line 652, in on_member_update
    before_timeout = before.timed_out_until
                     ^^^^^^^^^^^^^^^^^^^^^^
AttributeError: 'Member' object has no attribute 'timed_out_until'
Ignoring exception in on_member_update
Traceback (most recent call last):
  File "/usr/local/lib/python3.12/site-packages/discord/client.py", line 465, in _run_event
    await coro(*args, **kwargs)
  File "/app/asu_discord/cogs/analytics.py", line 652, in on_member_update
    before_timeout = before.timed_out_until
                     ^^^^^^^^^^^^^^^^^^^^^^
AttributeError: 'Member' object has no attribute 'timed_out_until'
Ignoring exception in on_member_update
Traceback (most recent call last):
  File "/usr/local/lib/python3.12/site-packages/discord/client.py", line 465, in _run_event
    await coro(*args, **kwargs)
  File "/app/asu_discord/cogs/analytics.py", line 652, in on_member_update
    before_timeout = before.timed_out_until
                     ^^^^^^^^^^^^^^^^^^^^^^
AttributeError: 'Member' object has no attribute 'timed_out_until'
Ignoring exception in on_member_update
Traceback (most recent call last):
  File "/usr/local/lib/python3.12/site-packages/discord/client.py", line 465, in _run_event
    await coro(*args, **kwargs)
  File "/app/asu_discord/cogs/analytics.py", line 652, in on_member_update
    before_timeout = before.timed_out_until
                     ^^^^^^^^^^^^^^^^^^^^^^
AttributeError: 'Member' object has no attribute 'timed_out_until'
Ignoring exception in on_member_update
Traceback (most recent call last):
  File "/usr/local/lib/python3.12/site-packages/discord/client.py", line 465, in _run_event
    await coro(*args, **kwargs)
  File "/app/asu_discord/cogs/analytics.py", line 652, in on_member_update
    before_timeout = before.timed_out_until
                     ^^^^^^^^^^^^^^^^^^^^^^
AttributeError: 'Member' object has no attribute 'timed_out_until'
INFO:asu_discord.cogs.verification:Saved 5 roles to database for user fhardywy (Discord ID: 1499136786411028597)
INFO:asu_discord.cogs.verification:Refreshed Salesforce roles for Discord user 1499136786411028597: -5/+5 roles, assigned=[Arizona Resident, Commited, Downtown Phoenix, First Year, Herberger Institute for Design and the Arts]
Ignoring exception in on_member_update
Traceback (most recent call last):
  File "/usr/local/lib/python3.12/site-packages/discord/client.py", line 465, in _run_event
    await coro(*args, **kwargs)
  File "/app/asu_discord/cogs/analytics.py", line 652, in on_member_update
    before_timeout = before.timed_out_until
                     ^^^^^^^^^^^^^^^^^^^^^^
AttributeError: 'Member' object has no attribute 'timed_out_until'
Ignoring exception in on_member_update
Traceback (most recent call last):
  File "/usr/local/lib/python3.12/site-packages/discord/client.py", line 465, in _run_event
    await coro(*args, **kwargs)
  File "/app/asu_discord/cogs/analytics.py", line 652, in on_member_update
    before_timeout = before.timed_out_until
                     ^^^^^^^^^^^^^^^^^^^^^^
AttributeError: 'Member' object has no attribute 'timed_out_until'
Ignoring exception in on_member_update
Traceback (most recent call last):
  File "/usr/local/lib/python3.12/site-packages/discord/client.py", line 465, in _run_event
    await coro(*args, **kwargs)
  File "/app/asu_discord/cogs/analytics.py", line 652, in on_member_update
    before_timeout = before.timed_out_until
                     ^^^^^^^^^^^^^^^^^^^^^^
AttributeError: 'Member' object has no attribute 'timed_out_until'
Ignoring exception in on_member_update
Traceback (most recent call last):
  File "/usr/local/lib/python3.12/site-packages/discord/client.py", line 465, in _run_event
    await coro(*args, **kwargs)
  File "/app/asu_discord/cogs/analytics.py", line 652, in on_member_update
    before_timeout = before.timed_out_until
                     ^^^^^^^^^^^^^^^^^^^^^^
AttributeError: 'Member' object has no attribute 'timed_out_until'
Ignoring exception in on_member_update
Traceback (most recent call last):
  File "/usr/local/lib/python3.12/site-packages/discord/client.py", line 465, in _run_event
    await coro(*args, **kwargs)
  File "/app/asu_discord/cogs/analytics.py", line 652, in on_member_update
    before_timeout = before.timed_out_until
                     ^^^^^^^^^^^^^^^^^^^^^^
AttributeError: 'Member' object has no attribute 'timed_out_until'
Ignoring exception in on_member_update
Traceback (most recent call last):
  File "/usr/local/lib/python3.12/site-packages/discord/client.py", line 465, in _run_event
    await coro(*args, **kwargs)
  File "/app/asu_discord/cogs/analytics.py", line 652, in on_member_update
    before_timeout = before.timed_out_until
                     ^^^^^^^^^^^^^^^^^^^^^^
AttributeError: 'Member' object has no attribute 'timed_out_until'
Ignoring exception in on_member_update
Traceback (most recent call last):
  File "/usr/local/lib/python3.12/site-packages/discord/client.py", line 465, in _run_event
    await coro(*args, **kwargs)
  File "/app/asu_discord/cogs/analytics.py", line 652, in on_member_update
    before_timeout = before.timed_out_until
                     ^^^^^^^^^^^^^^^^^^^^^^
AttributeError: 'Member' object has no attribute 'timed_out_until'
Ignoring exception in on_member_update
Traceback (most recent call last):
  File "/usr/local/lib/python3.12/site-packages/discord/client.py", line 465, in _run_event
    await coro(*args, **kwargs)
  File "/app/asu_discord/cogs/analytics.py", line 652, in on_member_update
    before_timeout = before.timed_out_until
                     ^^^^^^^^^^^^^^^^^^^^^^
AttributeError: 'Member' object has no attribute 'timed_out_until'
Ignoring exception in on_member_update
Traceback (most recent call last):
  File "/usr/local/lib/python3.12/site-packages/discord/client.py", line 465, in _run_event
    await coro(*args, **kwargs)
  File "/app/asu_discord/cogs/analytics.py", line 652, in on_member_update
    before_timeout = before.timed_out_until
                     ^^^^^^^^^^^^^^^^^^^^^^
AttributeError: 'Member' object has no attribute 'timed_out_until'
Ignoring exception in on_member_update
Traceback (most recent call last):
  File "/usr/local/lib/python3.12/site-packages/discord/client.py", line 465, in _run_event
    await coro(*args, **kwargs)
  File "/app/asu_discord/cogs/analytics.py", line 652, in on_member_update
    before_timeout = before.timed_out_until
                     ^^^^^^^^^^^^^^^^^^^^^^
AttributeError: 'Member' object has no attribute 'timed_out_until'
Ignoring exception in on_member_update
Traceback (most recent call last):
  File "/usr/local/lib/python3.12/site-packages/discord/client.py", line 465, in _run_event
    await coro(*args, **kwargs)
  File "/app/asu_discord/cogs/analytics.py", line 652, in on_member_update
    before_timeout = before.timed_out_until
                     ^^^^^^^^^^^^^^^^^^^^^^
AttributeError: 'Member' object has no attribute 'timed_out_until'
Ignoring exception in on_member_update
Traceback (most recent call last):
  File "/usr/local/lib/python3.12/site-packages/discord/client.py", line 465, in _run_event
    await coro(*args, **kwargs)
  File "/app/asu_discord/cogs/analytics.py", line 652, in on_member_update
    before_timeout = before.timed_out_until
                     ^^^^^^^^^^^^^^^^^^^^^^
AttributeError: 'Member' object has no attribute 'timed_out_until'
INFO:asu_discord.cogs.verification:Saved 6 roles to database for user corteg55 (Discord ID: 1489427652522803354)
INFO:asu_discord.cogs.verification:Refreshed Salesforce roles for Discord user 1489427652522803354: -6/+6 roles, assigned=[Arizona Resident, Commited, First Generation Student, First Year, Tempe, W.P. Carey School of Business]
ERROR:cron.jobs:refresh_salesforce_roles: failed for ipwilli4 (Discord ID 1274465407423615058): Failed to refresh Salesforce-based roles: Discord user 1274465407423615058 is not a member of the guild
Ignoring exception in on_member_update
Traceback (most recent call last):
  File "/usr/local/lib/python3.12/site-packages/discord/client.py", line 465, in _run_event
    await coro(*args, **kwargs)
  File "/app/asu_discord/cogs/analytics.py", line 652, in on_member_update
    before_timeout = before.timed_out_until
                     ^^^^^^^^^^^^^^^^^^^^^^
AttributeError: 'Member' object has no attribute 'timed_out_until'
Ignoring exception in on_member_update
Traceback (most recent call last):
  File "/usr/local/lib/python3.12/site-packages/discord/client.py", line 465, in _run_event
    await coro(*args, **kwargs)
  File "/app/asu_discord/cogs/analytics.py", line 652, in on_member_update
    before_timeout = before.timed_out_until
                     ^^^^^^^^^^^^^^^^^^^^^^
AttributeError: 'Member' object has no attribute 'timed_out_until'
Ignoring exception in on_member_update
Traceback (most recent call last):
  File "/usr/local/lib/python3.12/site-packages/discord/client.py", line 465, in _run_event
    await coro(*args, **kwargs)
  File "/app/asu_discord/cogs/analytics.py", line 652, in on_member_update
    before_timeout = before.timed_out_until
                     ^^^^^^^^^^^^^^^^^^^^^^
AttributeError: 'Member' object has no attribute 'timed_out_until'
Ignoring exception in on_member_update
Traceback (most recent call last):
  File "/usr/local/lib/python3.12/site-packages/discord/client.py", line 465, in _run_event
    await coro(*args, **kwargs)
  File "/app/asu_discord/cogs/analytics.py", line 652, in on_member_update
    before_timeout = before.timed_out_until
                     ^^^^^^^^^^^^^^^^^^^^^^
AttributeError: 'Member' object has no attribute 'timed_out_until'
Ignoring exception in on_member_update
Traceback (most recent call last):
  File "/usr/local/lib/python3.12/site-packages/discord/client.py", line 465, in _run_event
    await coro(*args, **kwargs)
  File "/app/asu_discord/cogs/analytics.py", line 652, in on_member_update
    before_timeout = before.timed_out_until
                     ^^^^^^^^^^^^^^^^^^^^^^
AttributeError: 'Member' object has no attribute 'timed_out_until'
Ignoring exception in on_member_update
Traceback (most recent call last):
  File "/usr/local/lib/python3.12/site-packages/discord/client.py", line 465, in _run_event
    await coro(*args, **kwargs)
  File "/app/asu_discord/cogs/analytics.py", line 652, in on_member_update
    before_timeout = before.timed_out_until
                     ^^^^^^^^^^^^^^^^^^^^^^
AttributeError: 'Member' object has no attribute 'timed_out_until'
Ignoring exception in on_member_update
Traceback (most recent call last):
  File "/usr/local/lib/python3.12/site-packages/discord/client.py", line 465, in _run_event
    await coro(*args, **kwargs)
  File "/app/asu_discord/cogs/analytics.py", line 652, in on_member_update
    before_timeout = before.timed_out_until
                     ^^^^^^^^^^^^^^^^^^^^^^
AttributeError: 'Member' object has no attribute 'timed_out_until'
Ignoring exception in on_member_update
Traceback (most recent call last):
  File "/usr/local/lib/python3.12/site-packages/discord/client.py", line 465, in _run_event
    await coro(*args, **kwargs)
  File "/app/asu_discord/cogs/analytics.py", line 652, in on_member_update
    before_timeout = before.timed_out_until
                     ^^^^^^^^^^^^^^^^^^^^^^
AttributeError: 'Member' object has no attribute 'timed_out_until'
Ignoring exception in on_member_update
Traceback (most recent call last):
  File "/usr/local/lib/python3.12/site-packages/discord/client.py", line 465, in _run_event
    await coro(*args, **kwargs)
  File "/app/asu_discord/cogs/analytics.py", line 652, in on_member_update
    before_timeout = before.timed_out_until
                     ^^^^^^^^^^^^^^^^^^^^^^
AttributeError: 'Member' object has no attribute 'timed_out_until'
Ignoring exception in on_member_update
Traceback (most recent call last):
  File "/usr/local/lib/python3.12/site-packages/discord/client.py", line 465, in _run_event
    await coro(*args, **kwargs)
  File "/app/asu_discord/cogs/analytics.py", line 652, in on_member_update
    before_timeout = before.timed_out_until
                     ^^^^^^^^^^^^^^^^^^^^^^
AttributeError: 'Member' object has no attribute 'timed_out_until'
INFO:asu_discord.cogs.verification:Saved 5 roles to database for user ermart31 (Discord ID: 758694600054669362)
INFO:asu_discord.cogs.verification:Refreshed Salesforce roles for Discord user 758694600054669362: -5/+5 roles, assigned=[Arizona Resident, Commited, New College of Interdisciplinary Arts and Sciences, Transfer Student, West Valley]
Ignoring exception in on_member_update
Traceback (most recent call last):
  File "/usr/local/lib/python3.12/site-packages/discord/client.py", line 465, in _run_event
    await coro(*args, **kwargs)
  File "/app/asu_discord/cogs/analytics.py", line 652, in on_member_update
    before_timeout = before.timed_out_until
                     ^^^^^^^^^^^^^^^^^^^^^^
AttributeError: 'Member' object has no attribute 'timed_out_until'
Ignoring exception in on_member_update
Traceback (most recent call last):
  File "/usr/local/lib/python3.12/site-packages/discord/client.py", line 465, in _run_event
    await coro(*args, **kwargs)
  File "/app/asu_discord/cogs/analytics.py", line 652, in on_member_update
    before_timeout = before.timed_out_until
                     ^^^^^^^^^^^^^^^^^^^^^^
AttributeError: 'Member' object has no attribute 'timed_out_until'
Ignoring exception in on_member_update
Traceback (most recent call last):
  File "/usr/local/lib/python3.12/site-packages/discord/client.py", line 465, in _run_event
    await coro(*args, **kwargs)
  File "/app/asu_discord/cogs/analytics.py", line 652, in on_member_update
    before_timeout = before.timed_out_until
                     ^^^^^^^^^^^^^^^^^^^^^^
AttributeError: 'Member' object has no attribute 'timed_out_until'
Ignoring exception in on_member_update
Traceback (most recent call last):
  File "/usr/local/lib/python3.12/site-packages/discord/client.py", line 465, in _run_event
    await coro(*args, **kwargs)
  File "/app/asu_discord/cogs/analytics.py", line 652, in on_member_update
    before_timeout = before.timed_out_until
                     ^^^^^^^^^^^^^^^^^^^^^^
AttributeError: 'Member' object has no attribute 'timed_out_until'
Ignoring exception in on_member_update
Traceback (most recent call last):
  File "/usr/local/lib/python3.12/site-packages/discord/client.py", line 465, in _run_event
    await coro(*args, **kwargs)
  File "/app/asu_discord/cogs/analytics.py", line 652, in on_member_update
    before_timeout = before.timed_out_until
                     ^^^^^^^^^^^^^^^^^^^^^^
AttributeError: 'Member' object has no attribute 'timed_out_until'
Ignoring exception in on_member_update
Traceback (most recent call last):
  File "/usr/local/lib/python3.12/site-packages/discord/client.py", line 465, in _run_event
    await coro(*args, **kwargs)
  File "/app/asu_discord/cogs/analytics.py", line 652, in on_member_update
    before_timeout = before.timed_out_until
                     ^^^^^^^^^^^^^^^^^^^^^^
AttributeError: 'Member' object has no attribute 'timed_out_until'
Ignoring exception in on_member_update
Traceback (most recent call last):
  File "/usr/local/lib/python3.12/site-packages/discord/client.py", line 465, in _run_event
    await coro(*args, **kwargs)
  File "/app/asu_discord/cogs/analytics.py", line 652, in on_member_update
    before_timeout = before.timed_out_until
                     ^^^^^^^^^^^^^^^^^^^^^^
AttributeError: 'Member' object has no attribute 'timed_out_until'
Ignoring exception in on_member_update
Traceback (most recent call last):
  File "/usr/local/lib/python3.12/site-packages/discord/client.py", line 465, in _run_event
    await coro(*args, **kwargs)
  File "/app/asu_discord/cogs/analytics.py", line 652, in on_member_update
    before_timeout = before.timed_out_until
                     ^^^^^^^^^^^^^^^^^^^^^^
AttributeError: 'Member' object has no attribute 'timed_out_until'
Ignoring exception in on_member_update
Traceback (most recent call last):
  File "/usr/local/lib/python3.12/site-packages/discord/client.py", line 465, in _run_event
    await coro(*args, **kwargs)
  File "/app/asu_discord/cogs/analytics.py", line 652, in on_member_update
    before_timeout = before.timed_out_until
                     ^^^^^^^^^^^^^^^^^^^^^^
AttributeError: 'Member' object has no attribute 'timed_out_until'
Ignoring exception in on_member_update
Traceback (most recent call last):
  File "/usr/local/lib/python3.12/site-packages/discord/client.py", line 465, in _run_event
    await coro(*args, **kwargs)
  File "/app/asu_discord/cogs/analytics.py", line 652, in on_member_update
    before_timeout = before.timed_out_until
                     ^^^^^^^^^^^^^^^^^^^^^^
AttributeError: 'Member' object has no attribute 'timed_out_until'
INFO:asu_discord.cogs.verification:Saved 5 roles to database for user kachri31 (Discord ID: 1292943840646529105)
INFO:asu_discord.cogs.verification:Refreshed Salesforce roles for Discord user 1292943840646529105: -5/+5 roles, assigned=[Arizona Resident, College of Liberal Arts and Sciences, Commited, First Year, Tempe]
Ignoring exception in on_member_update
Traceback (most recent call last):
  File "/usr/local/lib/python3.12/site-packages/discord/client.py", line 465, in _run_event
    await coro(*args, **kwargs)
  File "/app/asu_discord/cogs/analytics.py", line 652, in on_member_update
    before_timeout = before.timed_out_until
                     ^^^^^^^^^^^^^^^^^^^^^^
AttributeError: 'Member' object has no attribute 'timed_out_until'
Ignoring exception in on_member_update
Traceback (most recent call last):
  File "/usr/local/lib/python3.12/site-packages/discord/client.py", line 465, in _run_event
    await coro(*args, **kwargs)
  File "/app/asu_discord/cogs/analytics.py", line 652, in on_member_update
    before_timeout = before.timed_out_until
                     ^^^^^^^^^^^^^^^^^^^^^^
AttributeError: 'Member' object has no attribute 'timed_out_until'
Ignoring exception in on_member_update
Traceback (most recent call last):
  File "/usr/local/lib/python3.12/site-packages/discord/client.py", line 465, in _run_event
    await coro(*args, **kwargs)
  File "/app/asu_discord/cogs/analytics.py", line 652, in on_member_update
    before_timeout = before.timed_out_until
                     ^^^^^^^^^^^^^^^^^^^^^^
AttributeError: 'Member' object has no attribute 'timed_out_until'
Ignoring exception in on_member_update
Traceback (most recent call last):
  File "/usr/local/lib/python3.12/site-packages/discord/client.py", line 465, in _run_event
    await coro(*args, **kwargs)
  File "/app/asu_discord/cogs/analytics.py", line 652, in on_member_update
    before_timeout = before.timed_out_until
                     ^^^^^^^^^^^^^^^^^^^^^^
AttributeError: 'Member' object has no attribute 'timed_out_until'
Ignoring exception in on_member_update
Traceback (most recent call last):
  File "/usr/local/lib/python3.12/site-packages/discord/client.py", line 465, in _run_event
    await coro(*args, **kwargs)
  File "/app/asu_discord/cogs/analytics.py", line 652, in on_member_update
    before_timeout = before.timed_out_until
                     ^^^^^^^^^^^^^^^^^^^^^^
AttributeError: 'Member' object has no attribute 'timed_out_until'
Ignoring exception in on_member_update
Traceback (most recent call last):
  File "/usr/local/lib/python3.12/site-packages/discord/client.py", line 465, in _run_event
    await coro(*args, **kwargs)
  File "/app/asu_discord/cogs/analytics.py", line 652, in on_member_update
    before_timeout = before.timed_out_until
                     ^^^^^^^^^^^^^^^^^^^^^^
AttributeError: 'Member' object has no attribute 'timed_out_until'
Ignoring exception in on_member_update
Traceback (most recent call last):
  File "/usr/local/lib/python3.12/site-packages/discord/client.py", line 465, in _run_event
    await coro(*args, **kwargs)
  File "/app/asu_discord/cogs/analytics.py", line 652, in on_member_update
    before_timeout = before.timed_out_until
                     ^^^^^^^^^^^^^^^^^^^^^^
AttributeError: 'Member' object has no attribute 'timed_out_until'
Ignoring exception in on_member_update
Traceback (most recent call last):
  File "/usr/local/lib/python3.12/site-packages/discord/client.py", line 465, in _run_event
    await coro(*args, **kwargs)
  File "/app/asu_discord/cogs/analytics.py", line 652, in on_member_update
    before_timeout = before.timed_out_until
                     ^^^^^^^^^^^^^^^^^^^^^^
AttributeError: 'Member' object has no attribute 'timed_out_until'
Ignoring exception in on_member_update
Traceback (most recent call last):
  File "/usr/local/lib/python3.12/site-packages/discord/client.py", line 465, in _run_event
    await coro(*args, **kwargs)
  File "/app/asu_discord/cogs/analytics.py", line 652, in on_member_update
    before_timeout = before.timed_out_until
                     ^^^^^^^^^^^^^^^^^^^^^^
AttributeError: 'Member' object has no attribute 'timed_out_until'
Ignoring exception in on_member_update
Traceback (most recent call last):
  File "/usr/local/lib/python3.12/site-packages/discord/client.py", line 465, in _run_event
    await coro(*args, **kwargs)
  File "/app/asu_discord/cogs/analytics.py", line 652, in on_member_update
    before_timeout = before.timed_out_until
                     ^^^^^^^^^^^^^^^^^^^^^^
AttributeError: 'Member' object has no attribute 'timed_out_until'
INFO:asu_discord.cogs.verification:Saved 5 roles to database for user myianola (Discord ID: 1487483389819748595)
INFO:asu_discord.cogs.verification:Refreshed Salesforce roles for Discord user 1487483389819748595: -5/+5 roles, assigned=[College of Liberal Arts and Sciences, Commited, First Year, Out of State, Tempe]
Ignoring exception in on_member_update
Traceback (most recent call last):
  File "/usr/local/lib/python3.12/site-packages/discord/client.py", line 465, in _run_event
    await coro(*args, **kwargs)
  File "/app/asu_discord/cogs/analytics.py", line 652, in on_member_update
    before_timeout = before.timed_out_until
                     ^^^^^^^^^^^^^^^^^^^^^^
AttributeError: 'Member' object has no attribute 'timed_out_until'
Ignoring exception in on_member_update
Traceback (most recent call last):
  File "/usr/local/lib/python3.12/site-packages/discord/client.py", line 465, in _run_event
    await coro(*args, **kwargs)
  File "/app/asu_discord/cogs/analytics.py", line 652, in on_member_update
    before_timeout = before.timed_out_until
                     ^^^^^^^^^^^^^^^^^^^^^^
AttributeError: 'Member' object has no attribute 'timed_out_until'
Ignoring exception in on_member_update
Traceback (most recent call last):
  File "/usr/local/lib/python3.12/site-packages/discord/client.py", line 465, in _run_event
    await coro(*args, **kwargs)
  File "/app/asu_discord/cogs/analytics.py", line 652, in on_member_update
    before_timeout = before.timed_out_until
                     ^^^^^^^^^^^^^^^^^^^^^^
AttributeError: 'Member' object has no attribute 'timed_out_until'
Ignoring exception in on_member_update
Traceback (most recent call last):
  File "/usr/local/lib/python3.12/site-packages/discord/client.py", line 465, in _run_event
    await coro(*args, **kwargs)
  File "/app/asu_discord/cogs/analytics.py", line 652, in on_member_update
    before_timeout = before.timed_out_until
                     ^^^^^^^^^^^^^^^^^^^^^^
AttributeError: 'Member' object has no attribute 'timed_out_until'
Ignoring exception in on_member_update
Traceback (most recent call last):
  File "/usr/local/lib/python3.12/site-packages/discord/client.py", line 465, in _run_event
    await coro(*args, **kwargs)
  File "/app/asu_discord/cogs/analytics.py", line 652, in on_member_update
    before_timeout = before.timed_out_until
                     ^^^^^^^^^^^^^^^^^^^^^^
AttributeError: 'Member' object has no attribute 'timed_out_until'
Ignoring exception in on_member_update
Traceback (most recent call last):
  File "/usr/local/lib/python3.12/site-packages/discord/client.py", line 465, in _run_event
    await coro(*args, **kwargs)
  File "/app/asu_discord/cogs/analytics.py", line 652, in on_member_update
    before_timeout = before.timed_out_until
                     ^^^^^^^^^^^^^^^^^^^^^^
AttributeError: 'Member' object has no attribute 'timed_out_until'
Ignoring exception in on_member_update
Traceback (most recent call last):
  File "/usr/local/lib/python3.12/site-packages/discord/client.py", line 465, in _run_event
    await coro(*args, **kwargs)
  File "/app/asu_discord/cogs/analytics.py", line 652, in on_member_update
    before_timeout = before.timed_out_until
                     ^^^^^^^^^^^^^^^^^^^^^^
AttributeError: 'Member' object has no attribute 'timed_out_until'
Ignoring exception in on_member_update
Traceback (most recent call last):
  File "/usr/local/lib/python3.12/site-packages/discord/client.py", line 465, in _run_event
    await coro(*args, **kwargs)
  File "/app/asu_discord/cogs/analytics.py", line 652, in on_member_update
    before_timeout = before.timed_out_until
                     ^^^^^^^^^^^^^^^^^^^^^^
AttributeError: 'Member' object has no attribute 'timed_out_until'
INFO:asu_discord.cogs.verification:Saved 4 roles to database for user aorozc65 (Discord ID: 1295227740764766234)
INFO:asu_discord.cogs.verification:Refreshed Salesforce roles for Discord user 1295227740764766234: -4/+4 roles, assigned=[Arizona Resident, First Year, W.P. Carey School of Business, West Valley]
Ignoring exception in on_member_update
Traceback (most recent call last):
  File "/usr/local/lib/python3.12/site-packages/discord/client.py", line 465, in _run_event
    await coro(*args, **kwargs)
  File "/app/asu_discord/cogs/analytics.py", line 652, in on_member_update
    before_timeout = before.timed_out_until
                     ^^^^^^^^^^^^^^^^^^^^^^
AttributeError: 'Member' object has no attribute 'timed_out_until'
Ignoring exception in on_member_update
Traceback (most recent call last):
  File "/usr/local/lib/python3.12/site-packages/discord/client.py", line 465, in _run_event
    await coro(*args, **kwargs)
  File "/app/asu_discord/cogs/analytics.py", line 652, in on_member_update
    before_timeout = before.timed_out_until
                     ^^^^^^^^^^^^^^^^^^^^^^
AttributeError: 'Member' object has no attribute 'timed_out_until'
Ignoring exception in on_member_update
Traceback (most recent call last):
  File "/usr/local/lib/python3.12/site-packages/discord/client.py", line 465, in _run_event
    await coro(*args, **kwargs)
  File "/app/asu_discord/cogs/analytics.py", line 652, in on_member_update
    before_timeout = before.timed_out_until
                     ^^^^^^^^^^^^^^^^^^^^^^
AttributeError: 'Member' object has no attribute 'timed_out_until'
Ignoring exception in on_member_update
Traceback (most recent call last):
  File "/usr/local/lib/python3.12/site-packages/discord/client.py", line 465, in _run_event
    await coro(*args, **kwargs)
  File "/app/asu_discord/cogs/analytics.py", line 652, in on_member_update
    before_timeout = before.timed_out_until
                     ^^^^^^^^^^^^^^^^^^^^^^
AttributeError: 'Member' object has no attribute 'timed_out_until'
Ignoring exception in on_member_update
Traceback (most recent call last):
  File "/usr/local/lib/python3.12/site-packages/discord/client.py", line 465, in _run_event
    await coro(*args, **kwargs)
  File "/app/asu_discord/cogs/analytics.py", line 652, in on_member_update
    before_timeout = before.timed_out_until
                     ^^^^^^^^^^^^^^^^^^^^^^
AttributeError: 'Member' object has no attribute 'timed_out_until'
Ignoring exception in on_member_update
Traceback (most recent call last):
  File "/usr/local/lib/python3.12/site-packages/discord/client.py", line 465, in _run_event
    await coro(*args, **kwargs)
  File "/app/asu_discord/cogs/analytics.py", line 652, in on_member_update
    before_timeout = before.timed_out_until
                     ^^^^^^^^^^^^^^^^^^^^^^
AttributeError: 'Member' object has no attribute 'timed_out_until'
Ignoring exception in on_member_update
Traceback (most recent call last):
  File "/usr/local/lib/python3.12/site-packages/discord/client.py", line 465, in _run_event
    await coro(*args, **kwargs)
  File "/app/asu_discord/cogs/analytics.py", line 652, in on_member_update
    before_timeout = before.timed_out_until
                     ^^^^^^^^^^^^^^^^^^^^^^
AttributeError: 'Member' object has no attribute 'timed_out_until'
Ignoring exception in on_member_update
Traceback (most recent call last):
  File "/usr/local/lib/python3.12/site-packages/discord/client.py", line 465, in _run_event
    await coro(*args, **kwargs)
  File "/app/asu_discord/cogs/analytics.py", line 652, in on_member_update
    before_timeout = before.timed_out_until
                     ^^^^^^^^^^^^^^^^^^^^^^
AttributeError: 'Member' object has no attribute 'timed_out_until'
Ignoring exception in on_member_update
Traceback (most recent call last):
  File "/usr/local/lib/python3.12/site-packages/discord/client.py", line 465, in _run_event
    await coro(*args, **kwargs)
  File "/app/asu_discord/cogs/analytics.py", line 652, in on_member_update
    before_timeout = before.timed_out_until
                     ^^^^^^^^^^^^^^^^^^^^^^
AttributeError: 'Member' object has no attribute 'timed_out_until'
Ignoring exception in on_member_update
Traceback (most recent call last):
  File "/usr/local/lib/python3.12/site-packages/discord/client.py", line 465, in _run_event
    await coro(*args, **kwargs)
  File "/app/asu_discord/cogs/analytics.py", line 652, in on_member_update
    before_timeout = before.timed_out_until
                     ^^^^^^^^^^^^^^^^^^^^^^
AttributeError: 'Member' object has no attribute 'timed_out_until'
Ignoring exception in on_member_update
Traceback (most recent call last):
  File "/usr/local/lib/python3.12/site-packages/discord/client.py", line 465, in _run_event
    await coro(*args, **kwargs)
  File "/app/asu_discord/cogs/analytics.py", line 652, in on_member_update
    before_timeout = before.timed_out_until
                     ^^^^^^^^^^^^^^^^^^^^^^
AttributeError: 'Member' object has no attribute 'timed_out_until'
ERROR:cron.jobs:refresh_salesforce_roles: failed for amart965 (Discord ID 748945985698529343): Timed out refresh Salesforce-based roles
Ignoring exception in on_member_update
Traceback (most recent call last):
  File "/usr/local/lib/python3.12/site-packages/discord/client.py", line 465, in _run_event
    await coro(*args, **kwargs)
  File "/app/asu_discord/cogs/analytics.py", line 652, in on_member_update
    before_timeout = before.timed_out_until
                     ^^^^^^^^^^^^^^^^^^^^^^
AttributeError: 'Member' object has no attribute 'timed_out_until'
Ignoring exception in on_member_update
Traceback (most recent call last):
  File "/usr/local/lib/python3.12/site-packages/discord/client.py", line 465, in _run_event
    await coro(*args, **kwargs)
  File "/app/asu_discord/cogs/analytics.py", line 652, in on_member_update
    before_timeout = before.timed_out_until
                     ^^^^^^^^^^^^^^^^^^^^^^
AttributeError: 'Member' object has no attribute 'timed_out_until'
Ignoring exception in on_member_update
Traceback (most recent call last):
  File "/usr/local/lib/python3.12/site-packages/discord/client.py", line 465, in _run_event
    await coro(*args, **kwargs)
  File "/app/asu_discord/cogs/analytics.py", line 652, in on_member_update
    before_timeout = before.timed_out_until
                     ^^^^^^^^^^^^^^^^^^^^^^
AttributeError: 'Member' object has no attribute 'timed_out_until'
Ignoring exception in on_member_update
Traceback (most recent call last):
  File "/usr/local/lib/python3.12/site-packages/discord/client.py", line 465, in _run_event
    await coro(*args, **kwargs)
  File "/app/asu_discord/cogs/analytics.py", line 652, in on_member_update
    before_timeout = before.timed_out_until
                     ^^^^^^^^^^^^^^^^^^^^^^
AttributeError: 'Member' object has no attribute 'timed_out_until'
Ignoring exception in on_member_update
Traceback (most recent call last):
  File "/usr/local/lib/python3.12/site-packages/discord/client.py", line 465, in _run_event
    await coro(*args, **kwargs)
  File "/app/asu_discord/cogs/analytics.py", line 652, in on_member_update
    before_timeout = before.timed_out_until
                     ^^^^^^^^^^^^^^^^^^^^^^
AttributeError: 'Member' object has no attribute 'timed_out_until'
Ignoring exception in on_member_update
Traceback (most recent call last):
  File "/usr/local/lib/python3.12/site-packages/discord/client.py", line 465, in _run_event
    await coro(*args, **kwargs)
  File "/app/asu_discord/cogs/analytics.py", line 652, in on_member_update
    before_timeout = before.timed_out_until
                     ^^^^^^^^^^^^^^^^^^^^^^
AttributeError: 'Member' object has no attribute 'timed_out_until'
Ignoring exception in on_member_update
Traceback (most recent call last):
  File "/usr/local/lib/python3.12/site-packages/discord/client.py", line 465, in _run_event
    await coro(*args, **kwargs)
  File "/app/asu_discord/cogs/analytics.py", line 652, in on_member_update
    before_timeout = before.timed_out_until
                     ^^^^^^^^^^^^^^^^^^^^^^
AttributeError: 'Member' object has no attribute 'timed_out_until'
Ignoring exception in on_member_update
Traceback (most recent call last):
  File "/usr/local/lib/python3.12/site-packages/discord/client.py", line 465, in _run_event
    await coro(*args, **kwargs)
  File "/app/asu_discord/cogs/analytics.py", line 652, in on_member_update
    before_timeout = before.timed_out_until
                     ^^^^^^^^^^^^^^^^^^^^^^
AttributeError: 'Member' object has no attribute 'timed_out_until'
Ignoring exception in on_member_update
Traceback (most recent call last):
  File "/usr/local/lib/python3.12/site-packages/discord/client.py", line 465, in _run_event
    await coro(*args, **kwargs)
  File "/app/asu_discord/cogs/analytics.py", line 652, in on_member_update
    before_timeout = before.timed_out_until
                     ^^^^^^^^^^^^^^^^^^^^^^
AttributeError: 'Member' object has no attribute 'timed_out_until'
Ignoring exception in on_member_update
Traceback (most recent call last):
  File "/usr/local/lib/python3.12/site-packages/discord/client.py", line 465, in _run_event
    await coro(*args, **kwargs)
  File "/app/asu_discord/cogs/analytics.py", line 652, in on_member_update
    before_timeout = before.timed_out_until
                     ^^^^^^^^^^^^^^^^^^^^^^
AttributeError: 'Member' object has no attribute 'timed_out_until'
Ignoring exception in on_member_update
Traceback (most recent call last):
  File "/usr/local/lib/python3.12/site-packages/discord/client.py", line 465, in _run_event
    await coro(*args, **kwargs)
  File "/app/asu_discord/cogs/analytics.py", line 652, in on_member_update
    before_timeout = before.timed_out_until
                     ^^^^^^^^^^^^^^^^^^^^^^
AttributeError: 'Member' object has no attribute 'timed_out_until'
INFO:asu_discord.cogs.verification:Saved 5 roles to database for user rrames58 (Discord ID: 703306809728958621)
INFO:asu_discord.cogs.verification:Refreshed Salesforce roles for Discord user 703306809728958621: -5/+5 roles, assigned=[Arizona Resident, Commited, First Year, Ira A. Fulton Schools of Engineering, Online]
ERROR:cron.jobs:refresh_salesforce_roles: failed for bramir81 (Discord ID 487036094576066574): Failed to refresh Salesforce-based roles: Discord user 487036094576066574 is not a member of the guild
Ignoring exception in on_member_update
Traceback (most recent call last):
  File "/usr/local/lib/python3.12/site-packages/discord/client.py", line 465, in _run_event
    await coro(*args, **kwargs)
  File "/app/asu_discord/cogs/analytics.py", line 652, in on_member_update
    before_timeout = before.timed_out_until
                     ^^^^^^^^^^^^^^^^^^^^^^
AttributeError: 'Member' object has no attribute 'timed_out_until'
Ignoring exception in on_member_update
Traceback (most recent call last):
  File "/usr/local/lib/python3.12/site-packages/discord/client.py", line 465, in _run_event
    await coro(*args, **kwargs)
  File "/app/asu_discord/cogs/analytics.py", line 652, in on_member_update
    before_timeout = before.timed_out_until
                     ^^^^^^^^^^^^^^^^^^^^^^
AttributeError: 'Member' object has no attribute 'timed_out_until'
Ignoring exception in on_member_update
Traceback (most recent call last):
  File "/usr/local/lib/python3.12/site-packages/discord/client.py", line 465, in _run_event
    await coro(*args, **kwargs)
  File "/app/asu_discord/cogs/analytics.py", line 652, in on_member_update
    before_timeout = before.timed_out_until
                     ^^^^^^^^^^^^^^^^^^^^^^
AttributeError: 'Member' object has no attribute 'timed_out_until'
Ignoring exception in on_member_update
Traceback (most recent call last):
  File "/usr/local/lib/python3.12/site-packages/discord/client.py", line 465, in _run_event
    await coro(*args, **kwargs)
  File "/app/asu_discord/cogs/analytics.py", line 652, in on_member_update
    before_timeout = before.timed_out_until
                     ^^^^^^^^^^^^^^^^^^^^^^
AttributeError: 'Member' object has no attribute 'timed_out_until'
Ignoring exception in on_member_update
Traceback (most recent call last):
  File "/usr/local/lib/python3.12/site-packages/discord/client.py", line 465, in _run_event
    await coro(*args, **kwargs)
  File "/app/asu_discord/cogs/analytics.py", line 652, in on_member_update
    before_timeout = before.timed_out_until
                     ^^^^^^^^^^^^^^^^^^^^^^
AttributeError: 'Member' object has no attribute 'timed_out_until'
Ignoring exception in on_member_update
Traceback (most recent call last):
  File "/usr/local/lib/python3.12/site-packages/discord/client.py", line 465, in _run_event
    await coro(*args, **kwargs)
  File "/app/asu_discord/cogs/analytics.py", line 652, in on_member_update
    before_timeout = before.timed_out_until
                     ^^^^^^^^^^^^^^^^^^^^^^
AttributeError: 'Member' object has no attribute 'timed_out_until'
Ignoring exception in on_member_update
Traceback (most recent call last):
  File "/usr/local/lib/python3.12/site-packages/discord/client.py", line 465, in _run_event
    await coro(*args, **kwargs)
  File "/app/asu_discord/cogs/analytics.py", line 652, in on_member_update
    before_timeout = before.timed_out_until
                     ^^^^^^^^^^^^^^^^^^^^^^
AttributeError: 'Member' object has no attribute 'timed_out_until'
Ignoring exception in on_member_update
Traceback (most recent call last):
  File "/usr/local/lib/python3.12/site-packages/discord/client.py", line 465, in _run_event
    await coro(*args, **kwargs)
  File "/app/asu_discord/cogs/analytics.py", line 652, in on_member_update
    before_timeout = before.timed_out_until
                     ^^^^^^^^^^^^^^^^^^^^^^
AttributeError: 'Member' object has no attribute 'timed_out_until'
Ignoring exception in on_member_update
Traceback (most recent call last):
  File "/usr/local/lib/python3.12/site-packages/discord/client.py", line 465, in _run_event
    await coro(*args, **kwargs)
  File "/app/asu_discord/cogs/analytics.py", line 652, in on_member_update
    before_timeout = before.timed_out_until
                     ^^^^^^^^^^^^^^^^^^^^^^
AttributeError: 'Member' object has no attribute 'timed_out_until'
Ignoring exception in on_member_update
Traceback (most recent call last):
  File "/usr/local/lib/python3.12/site-packages/discord/client.py", line 465, in _run_event
    await coro(*args, **kwargs)
  File "/app/asu_discord/cogs/analytics.py", line 652, in on_member_update
    before_timeout = before.timed_out_until
                     ^^^^^^^^^^^^^^^^^^^^^^
AttributeError: 'Member' object has no attribute 'timed_out_until'
INFO:asu_discord.cogs.verification:Saved 5 roles to database for user ereinke1 (Discord ID: 793042126094729216)
INFO:asu_discord.cogs.verification:Refreshed Salesforce roles for Discord user 793042126094729216: -5/+5 roles, assigned=[Commited, First Year, Out of State, Tempe, W.P. Carey School of Business]
ERROR:cron.jobs:refresh_salesforce_roles: failed for alyndon (Discord ID 429018490079281152): Failed to refresh Salesforce-based roles: Discord user 429018490079281152 is not a member of the guild
Ignoring exception in on_member_update
Traceback (most recent call last):
  File "/usr/local/lib/python3.12/site-packages/discord/client.py", line 465, in _run_event
    await coro(*args, **kwargs)
  File "/app/asu_discord/cogs/analytics.py", line 652, in on_member_update
    before_timeout = before.timed_out_until
                     ^^^^^^^^^^^^^^^^^^^^^^
AttributeError: 'Member' object has no attribute 'timed_out_until'
Ignoring exception in on_member_update
Traceback (most recent call last):
  File "/usr/local/lib/python3.12/site-packages/discord/client.py", line 465, in _run_event
    await coro(*args, **kwargs)
  File "/app/asu_discord/cogs/analytics.py", line 652, in on_member_update
    before_timeout = before.timed_out_until
                     ^^^^^^^^^^^^^^^^^^^^^^
AttributeError: 'Member' object has no attribute 'timed_out_until'
Ignoring exception in on_member_update
Traceback (most recent call last):
  File "/usr/local/lib/python3.12/site-packages/discord/client.py", line 465, in _run_event
    await coro(*args, **kwargs)
  File "/app/asu_discord/cogs/analytics.py", line 652, in on_member_update
    before_timeout = before.timed_out_until
                     ^^^^^^^^^^^^^^^^^^^^^^
AttributeError: 'Member' object has no attribute 'timed_out_until'
Ignoring exception in on_member_update
Traceback (most recent call last):
  File "/usr/local/lib/python3.12/site-packages/discord/client.py", line 465, in _run_event
    await coro(*args, **kwargs)
  File "/app/asu_discord/cogs/analytics.py", line 652, in on_member_update
    before_timeout = before.timed_out_until
                     ^^^^^^^^^^^^^^^^^^^^^^
AttributeError: 'Member' object has no attribute 'timed_out_until'
Ignoring exception in on_member_update
Traceback (most recent call last):
  File "/usr/local/lib/python3.12/site-packages/discord/client.py", line 465, in _run_event
    await coro(*args, **kwargs)
  File "/app/asu_discord/cogs/analytics.py", line 652, in on_member_update
    before_timeout = before.timed_out_until
                     ^^^^^^^^^^^^^^^^^^^^^^
AttributeError: 'Member' object has no attribute 'timed_out_until'
Ignoring exception in on_member_update
Traceback (most recent call last):
  File "/usr/local/lib/python3.12/site-packages/discord/client.py", line 465, in _run_event
    await coro(*args, **kwargs)
  File "/app/asu_discord/cogs/analytics.py", line 652, in on_member_update
    before_timeout = before.timed_out_until
                     ^^^^^^^^^^^^^^^^^^^^^^
AttributeError: 'Member' object has no attribute 'timed_out_until'
Ignoring exception in on_member_update
Traceback (most recent call last):
  File "/usr/local/lib/python3.12/site-packages/discord/client.py", line 465, in _run_event
    await coro(*args, **kwargs)
  File "/app/asu_discord/cogs/analytics.py", line 652, in on_member_update
    before_timeout = before.timed_out_until
                     ^^^^^^^^^^^^^^^^^^^^^^
AttributeError: 'Member' object has no attribute 'timed_out_until'
Ignoring exception in on_member_update
Traceback (most recent call last):
  File "/usr/local/lib/python3.12/site-packages/discord/client.py", line 465, in _run_event
    await coro(*args, **kwargs)
  File "/app/asu_discord/cogs/analytics.py", line 652, in on_member_update
    before_timeout = before.timed_out_until
                     ^^^^^^^^^^^^^^^^^^^^^^
AttributeError: 'Member' object has no attribute 'timed_out_until'
INFO:asu_discord.cogs.verification:Saved 4 roles to database for user fwheatle (Discord ID: 1286305046853845108)
INFO:asu_discord.cogs.verification:Refreshed Salesforce roles for Discord user 1286305046853845108: -4/+4 roles, assigned=[Downtown Phoenix, Graduate Student, International Student, Walter Cronkite School of Journalism and Mass Communication]
Ignoring exception in on_member_update
Traceback (most recent call last):
  File "/usr/local/lib/python3.12/site-packages/discord/client.py", line 465, in _run_event
    await coro(*args, **kwargs)
  File "/app/asu_discord/cogs/analytics.py", line 652, in on_member_update
    before_timeout = before.timed_out_until
                     ^^^^^^^^^^^^^^^^^^^^^^
AttributeError: 'Member' object has no attribute 'timed_out_until'
Ignoring exception in on_member_update
Traceback (most recent call last):
  File "/usr/local/lib/python3.12/site-packages/discord/client.py", line 465, in _run_event
    await coro(*args, **kwargs)
  File "/app/asu_discord/cogs/analytics.py", line 652, in on_member_update
    before_timeout = before.timed_out_until
                     ^^^^^^^^^^^^^^^^^^^^^^
AttributeError: 'Member' object has no attribute 'timed_out_until'
Ignoring exception in on_member_update
Traceback (most recent call last):
  File "/usr/local/lib/python3.12/site-packages/discord/client.py", line 465, in _run_event
    await coro(*args, **kwargs)
  File "/app/asu_discord/cogs/analytics.py", line 652, in on_member_update
    before_timeout = before.timed_out_until
                     ^^^^^^^^^^^^^^^^^^^^^^
AttributeError: 'Member' object has no attribute 'timed_out_until'
Ignoring exception in on_member_update
Traceback (most recent call last):
  File "/usr/local/lib/python3.12/site-packages/discord/client.py", line 465, in _run_event
    await coro(*args, **kwargs)
  File "/app/asu_discord/cogs/analytics.py", line 652, in on_member_update
    before_timeout = before.timed_out_until
                     ^^^^^^^^^^^^^^^^^^^^^^
AttributeError: 'Member' object has no attribute 'timed_out_until'
Ignoring exception in on_member_update
Traceback (most recent call last):
  File "/usr/local/lib/python3.12/site-packages/discord/client.py", line 465, in _run_event
    await coro(*args, **kwargs)
  File "/app/asu_discord/cogs/analytics.py", line 652, in on_member_update
    before_timeout = before.timed_out_until
                     ^^^^^^^^^^^^^^^^^^^^^^
AttributeError: 'Member' object has no attribute 'timed_out_until'
Ignoring exception in on_member_update
Traceback (most recent call last):
  File "/usr/local/lib/python3.12/site-packages/discord/client.py", line 465, in _run_event
    await coro(*args, **kwargs)
  File "/app/asu_discord/cogs/analytics.py", line 652, in on_member_update
    before_timeout = before.timed_out_until
                     ^^^^^^^^^^^^^^^^^^^^^^
AttributeError: 'Member' object has no attribute 'timed_out_until'
Ignoring exception in on_member_update
Traceback (most recent call last):
  File "/usr/local/lib/python3.12/site-packages/discord/client.py", line 465, in _run_event
    await coro(*args, **kwargs)
  File "/app/asu_discord/cogs/analytics.py", line 652, in on_member_update
    before_timeout = before.timed_out_until
                     ^^^^^^^^^^^^^^^^^^^^^^
AttributeError: 'Member' object has no attribute 'timed_out_until'
Ignoring exception in on_member_update
Traceback (most recent call last):
  File "/usr/local/lib/python3.12/site-packages/discord/client.py", line 465, in _run_event
    await coro(*args, **kwargs)
  File "/app/asu_discord/cogs/analytics.py", line 652, in on_member_update
    before_timeout = before.timed_out_until
                     ^^^^^^^^^^^^^^^^^^^^^^
AttributeError: 'Member' object has no attribute 'timed_out_until'
INFO:asu_discord.cogs.verification:Saved 4 roles to database for user sshastee (Discord ID: 925069573642932264)
INFO:asu_discord.cogs.verification:Refreshed Salesforce roles for Discord user 925069573642932264: -4/+4 roles, assigned=[College of Liberal Arts and Sciences, Commited, First Year, Tempe]
Ignoring exception in on_member_update
Traceback (most recent call last):
  File "/usr/local/lib/python3.12/site-packages/discord/client.py", line 465, in _run_event
    await coro(*args, **kwargs)
  File "/app/asu_discord/cogs/analytics.py", line 652, in on_member_update
    before_timeout = before.timed_out_until
                     ^^^^^^^^^^^^^^^^^^^^^^
AttributeError: 'Member' object has no attribute 'timed_out_until'
Ignoring exception in on_member_update
Traceback (most recent call last):
  File "/usr/local/lib/python3.12/site-packages/discord/client.py", line 465, in _run_event
    await coro(*args, **kwargs)
  File "/app/asu_discord/cogs/analytics.py", line 652, in on_member_update
    before_timeout = before.timed_out_until
                     ^^^^^^^^^^^^^^^^^^^^^^
AttributeError: 'Member' object has no attribute 'timed_out_until'
Ignoring exception in on_member_update
Traceback (most recent call last):
  File "/usr/local/lib/python3.12/site-packages/discord/client.py", line 465, in _run_event
    await coro(*args, **kwargs)
  File "/app/asu_discord/cogs/analytics.py", line 652, in on_member_update
    before_timeout = before.timed_out_until
                     ^^^^^^^^^^^^^^^^^^^^^^
AttributeError: 'Member' object has no attribute 'timed_out_until'
Ignoring exception in on_member_update
Traceback (most recent call last):
  File "/usr/local/lib/python3.12/site-packages/discord/client.py", line 465, in _run_event
    await coro(*args, **kwargs)
  File "/app/asu_discord/cogs/analytics.py", line 652, in on_member_update
    before_timeout = before.timed_out_until
                     ^^^^^^^^^^^^^^^^^^^^^^
AttributeError: 'Member' object has no attribute 'timed_out_until'
Ignoring exception in on_member_update
Traceback (most recent call last):
  File "/usr/local/lib/python3.12/site-packages/discord/client.py", line 465, in _run_event
    await coro(*args, **kwargs)
  File "/app/asu_discord/cogs/analytics.py", line 652, in on_member_update
    before_timeout = before.timed_out_until
                     ^^^^^^^^^^^^^^^^^^^^^^
AttributeError: 'Member' object has no attribute 'timed_out_until'
Ignoring exception in on_member_update
Traceback (most recent call last):
  File "/usr/local/lib/python3.12/site-packages/discord/client.py", line 465, in _run_event
    await coro(*args, **kwargs)
  File "/app/asu_discord/cogs/analytics.py", line 652, in on_member_update
    before_timeout = before.timed_out_until
                     ^^^^^^^^^^^^^^^^^^^^^^
AttributeError: 'Member' object has no attribute 'timed_out_until'
Ignoring exception in on_member_update
Traceback (most recent call last):
  File "/usr/local/lib/python3.12/site-packages/discord/client.py", line 465, in _run_event
    await coro(*args, **kwargs)
  File "/app/asu_discord/cogs/analytics.py", line 652, in on_member_update
    before_timeout = before.timed_out_until
                     ^^^^^^^^^^^^^^^^^^^^^^
AttributeError: 'Member' object has no attribute 'timed_out_until'
Ignoring exception in on_member_update
Traceback (most recent call last):
  File "/usr/local/lib/python3.12/site-packages/discord/client.py", line 465, in _run_event
    await coro(*args, **kwargs)
  File "/app/asu_discord/cogs/analytics.py", line 652, in on_member_update
    before_timeout = before.timed_out_until
                     ^^^^^^^^^^^^^^^^^^^^^^
AttributeError: 'Member' object has no attribute 'timed_out_until'
Ignoring exception in on_member_update
Traceback (most recent call last):
  File "/usr/local/lib/python3.12/site-packages/discord/client.py", line 465, in _run_event
    await coro(*args, **kwargs)
  File "/app/asu_discord/cogs/analytics.py", line 652, in on_member_update
    before_timeout = before.timed_out_until
                     ^^^^^^^^^^^^^^^^^^^^^^
AttributeError: 'Member' object has no attribute 'timed_out_until'
Ignoring exception in on_member_update
Traceback (most recent call last):
  File "/usr/local/lib/python3.12/site-packages/discord/client.py", line 465, in _run_event
    await coro(*args, **kwargs)
  File "/app/asu_discord/cogs/analytics.py", line 652, in on_member_update
    before_timeout = before.timed_out_until
                     ^^^^^^^^^^^^^^^^^^^^^^
AttributeError: 'Member' object has no attribute 'timed_out_until'
INFO:asu_discord.cogs.verification:Saved 5 roles to database for user appodbil (Discord ID: 1076138068379193406)
INFO:asu_discord.cogs.verification:Refreshed Salesforce roles for Discord user 1076138068379193406: -5/+5 roles, assigned=[Arizona Resident, First Generation Student, First Year, Herberger Institute for Design and the Arts, Tempe]
ERROR:cron.jobs:refresh_salesforce_roles: failed for ttrimbl2 (Discord ID 1135365948795273246): Failed to refresh Salesforce-based roles: Discord user 1135365948795273246 is not a member of the guild
Ignoring exception in on_member_update
Traceback (most recent call last):
  File "/usr/local/lib/python3.12/site-packages/discord/client.py", line 465, in _run_event
    await coro(*args, **kwargs)
  File "/app/asu_discord/cogs/analytics.py", line 652, in on_member_update
    before_timeout = before.timed_out_until
                     ^^^^^^^^^^^^^^^^^^^^^^
AttributeError: 'Member' object has no attribute 'timed_out_until'
Ignoring exception in on_member_update
Traceback (most recent call last):
  File "/usr/local/lib/python3.12/site-packages/discord/client.py", line 465, in _run_event
    await coro(*args, **kwargs)
  File "/app/asu_discord/cogs/analytics.py", line 652, in on_member_update
    before_timeout = before.timed_out_until
                     ^^^^^^^^^^^^^^^^^^^^^^
AttributeError: 'Member' object has no attribute 'timed_out_until'
Ignoring exception in on_member_update
Traceback (most recent call last):
  File "/usr/local/lib/python3.12/site-packages/discord/client.py", line 465, in _run_event
    await coro(*args, **kwargs)
  File "/app/asu_discord/cogs/analytics.py", line 652, in on_member_update
    before_timeout = before.timed_out_until
                     ^^^^^^^^^^^^^^^^^^^^^^
AttributeError: 'Member' object has no attribute 'timed_out_until'
Ignoring exception in on_member_update
Traceback (most recent call last):
  File "/usr/local/lib/python3.12/site-packages/discord/client.py", line 465, in _run_event
    await coro(*args, **kwargs)
  File "/app/asu_discord/cogs/analytics.py", line 652, in on_member_update
    before_timeout = before.timed_out_until
                     ^^^^^^^^^^^^^^^^^^^^^^
AttributeError: 'Member' object has no attribute 'timed_out_until'
Ignoring exception in on_member_update
Traceback (most recent call last):
  File "/usr/local/lib/python3.12/site-packages/discord/client.py", line 465, in _run_event
    await coro(*args, **kwargs)
  File "/app/asu_discord/cogs/analytics.py", line 652, in on_member_update
    before_timeout = before.timed_out_until
                     ^^^^^^^^^^^^^^^^^^^^^^
AttributeError: 'Member' object has no attribute 'timed_out_until'
Ignoring exception in on_member_update
Traceback (most recent call last):
  File "/usr/local/lib/python3.12/site-packages/discord/client.py", line 465, in _run_event
    await coro(*args, **kwargs)
  File "/app/asu_discord/cogs/analytics.py", line 652, in on_member_update
    before_timeout = before.timed_out_until
                     ^^^^^^^^^^^^^^^^^^^^^^
AttributeError: 'Member' object has no attribute 'timed_out_until'
Ignoring exception in on_member_update
Traceback (most recent call last):
  File "/usr/local/lib/python3.12/site-packages/discord/client.py", line 465, in _run_event
    await coro(*args, **kwargs)
  File "/app/asu_discord/cogs/analytics.py", line 652, in on_member_update
    before_timeout = before.timed_out_until
                     ^^^^^^^^^^^^^^^^^^^^^^
AttributeError: 'Member' object has no attribute 'timed_out_until'
Ignoring exception in on_member_update
Traceback (most recent call last):
  File "/usr/local/lib/python3.12/site-packages/discord/client.py", line 465, in _run_event
    await coro(*args, **kwargs)
  File "/app/asu_discord/cogs/analytics.py", line 652, in on_member_update
    before_timeout = before.timed_out_until
                     ^^^^^^^^^^^^^^^^^^^^^^
AttributeError: 'Member' object has no attribute 'timed_out_until'
Ignoring exception in on_member_update
Traceback (most recent call last):
  File "/usr/local/lib/python3.12/site-packages/discord/client.py", line 465, in _run_event
    await coro(*args, **kwargs)
  File "/app/asu_discord/cogs/analytics.py", line 652, in on_member_update
    before_timeout = before.timed_out_until
                     ^^^^^^^^^^^^^^^^^^^^^^
AttributeError: 'Member' object has no attribute 'timed_out_until'
Ignoring exception in on_member_update
Traceback (most recent call last):
  File "/usr/local/lib/python3.12/site-packages/discord/client.py", line 465, in _run_event
    await coro(*args, **kwargs)
  File "/app/asu_discord/cogs/analytics.py", line 652, in on_member_update
    before_timeout = before.timed_out_until
                     ^^^^^^^^^^^^^^^^^^^^^^
AttributeError: 'Member' object has no attribute 'timed_out_until'
INFO:asu_discord.cogs.verification:Saved 5 roles to database for user dklyn (Discord ID: 1310275817582104647)
INFO:asu_discord.cogs.verification:Refreshed Salesforce roles for Discord user 1310275817582104647: -5/+5 roles, assigned=[Commited, Downtown Phoenix, First Year, Out of State, Walter Cronkite School of Journalism and Mass Communication]
Ignoring exception in on_member_update
Traceback (most recent call last):
  File "/usr/local/lib/python3.12/site-packages/discord/client.py", line 465, in _run_event
    await coro(*args, **kwargs)
  File "/app/asu_discord/cogs/analytics.py", line 652, in on_member_update
    before_timeout = before.timed_out_until
                     ^^^^^^^^^^^^^^^^^^^^^^
AttributeError: 'Member' object has no attribute 'timed_out_until'
Ignoring exception in on_member_update
Traceback (most recent call last):
  File "/usr/local/lib/python3.12/site-packages/discord/client.py", line 465, in _run_event
    await coro(*args, **kwargs)
  File "/app/asu_discord/cogs/analytics.py", line 652, in on_member_update
    before_timeout = before.timed_out_until
                     ^^^^^^^^^^^^^^^^^^^^^^
AttributeError: 'Member' object has no attribute 'timed_out_until'
Ignoring exception in on_member_update
Traceback (most recent call last):
  File "/usr/local/lib/python3.12/site-packages/discord/client.py", line 465, in _run_event
    await coro(*args, **kwargs)
  File "/app/asu_discord/cogs/analytics.py", line 652, in on_member_update
    before_timeout = before.timed_out_until
                     ^^^^^^^^^^^^^^^^^^^^^^
AttributeError: 'Member' object has no attribute 'timed_out_until'
Ignoring exception in on_member_update
Traceback (most recent call last):
  File "/usr/local/lib/python3.12/site-packages/discord/client.py", line 465, in _run_event
    await coro(*args, **kwargs)
  File "/app/asu_discord/cogs/analytics.py", line 652, in on_member_update
    before_timeout = before.timed_out_until
                     ^^^^^^^^^^^^^^^^^^^^^^
AttributeError: 'Member' object has no attribute 'timed_out_until'
Ignoring exception in on_member_update
Traceback (most recent call last):
  File "/usr/local/lib/python3.12/site-packages/discord/client.py", line 465, in _run_event
    await coro(*args, **kwargs)
  File "/app/asu_discord/cogs/analytics.py", line 652, in on_member_update
    before_timeout = before.timed_out_until
                     ^^^^^^^^^^^^^^^^^^^^^^
AttributeError: 'Member' object has no attribute 'timed_out_until'
Ignoring exception in on_member_update
Traceback (most recent call last):
  File "/usr/local/lib/python3.12/site-packages/discord/client.py", line 465, in _run_event
    await coro(*args, **kwargs)
  File "/app/asu_discord/cogs/analytics.py", line 652, in on_member_update
    before_timeout = before.timed_out_until
                     ^^^^^^^^^^^^^^^^^^^^^^
AttributeError: 'Member' object has no attribute 'timed_out_until'
Ignoring exception in on_member_update
Traceback (most recent call last):
  File "/usr/local/lib/python3.12/site-packages/discord/client.py", line 465, in _run_event
    await coro(*args, **kwargs)
  File "/app/asu_discord/cogs/analytics.py", line 652, in on_member_update
    before_timeout = before.timed_out_until
                     ^^^^^^^^^^^^^^^^^^^^^^
AttributeError: 'Member' object has no attribute 'timed_out_until'
Ignoring exception in on_member_update
Traceback (most recent call last):
  File "/usr/local/lib/python3.12/site-packages/discord/client.py", line 465, in _run_event
    await coro(*args, **kwargs)
  File "/app/asu_discord/cogs/analytics.py", line 652, in on_member_update
    before_timeout = before.timed_out_until
                     ^^^^^^^^^^^^^^^^^^^^^^
AttributeError: 'Member' object has no attribute 'timed_out_until'
Ignoring exception in on_member_update
Traceback (most recent call last):
  File "/usr/local/lib/python3.12/site-packages/discord/client.py", line 465, in _run_event
    await coro(*args, **kwargs)
  File "/app/asu_discord/cogs/analytics.py", line 652, in on_member_update
    before_timeout = before.timed_out_until
                     ^^^^^^^^^^^^^^^^^^^^^^
AttributeError: 'Member' object has no attribute 'timed_out_until'
Ignoring exception in on_member_update
Traceback (most recent call last):
  File "/usr/local/lib/python3.12/site-packages/discord/client.py", line 465, in _run_event
    await coro(*args, **kwargs)
  File "/app/asu_discord/cogs/analytics.py", line 652, in on_member_update
    before_timeout = before.timed_out_until
                     ^^^^^^^^^^^^^^^^^^^^^^
AttributeError: 'Member' object has no attribute 'timed_out_until'
INFO:asu_discord.cogs.verification:Saved 5 roles to database for user acorderm (Discord ID: 763906906091421727)
INFO:asu_discord.cogs.verification:Refreshed Salesforce roles for Discord user 763906906091421727: -5/+5 roles, assigned=[Arizona Resident, Commited, First Year, Mary Lou Fulton Teachers College, Tempe]
Ignoring exception in on_member_update
Traceback (most recent call last):
  File "/usr/local/lib/python3.12/site-packages/discord/client.py", line 465, in _run_event
    await coro(*args, **kwargs)
  File "/app/asu_discord/cogs/analytics.py", line 652, in on_member_update
    before_timeout = before.timed_out_until
                     ^^^^^^^^^^^^^^^^^^^^^^
AttributeError: 'Member' object has no attribute 'timed_out_until'
Ignoring exception in on_member_update
Traceback (most recent call last):
  File "/usr/local/lib/python3.12/site-packages/discord/client.py", line 465, in _run_event
    await coro(*args, **kwargs)
  File "/app/asu_discord/cogs/analytics.py", line 652, in on_member_update
    before_timeout = before.timed_out_until
                     ^^^^^^^^^^^^^^^^^^^^^^
AttributeError: 'Member' object has no attribute 'timed_out_until'
Ignoring exception in on_member_update
Traceback (most recent call last):
  File "/usr/local/lib/python3.12/site-packages/discord/client.py", line 465, in _run_event
    await coro(*args, **kwargs)
  File "/app/asu_discord/cogs/analytics.py", line 652, in on_member_update
    before_timeout = before.timed_out_until
                     ^^^^^^^^^^^^^^^^^^^^^^
AttributeError: 'Member' object has no attribute 'timed_out_until'
Ignoring exception in on_member_update
Traceback (most recent call last):
  File "/usr/local/lib/python3.12/site-packages/discord/client.py", line 465, in _run_event
    await coro(*args, **kwargs)
  File "/app/asu_discord/cogs/analytics.py", line 652, in on_member_update
    before_timeout = before.timed_out_until
                     ^^^^^^^^^^^^^^^^^^^^^^
AttributeError: 'Member' object has no attribute 'timed_out_until'
Ignoring exception in on_member_update
Traceback (most recent call last):
  File "/usr/local/lib/python3.12/site-packages/discord/client.py", line 465, in _run_event
    await coro(*args, **kwargs)
  File "/app/asu_discord/cogs/analytics.py", line 652, in on_member_update
    before_timeout = before.timed_out_until
                     ^^^^^^^^^^^^^^^^^^^^^^
AttributeError: 'Member' object has no attribute 'timed_out_until'
Ignoring exception in on_member_update
Traceback (most recent call last):
  File "/usr/local/lib/python3.12/site-packages/discord/client.py", line 465, in _run_event
    await coro(*args, **kwargs)
  File "/app/asu_discord/cogs/analytics.py", line 652, in on_member_update
    before_timeout = before.timed_out_until
                     ^^^^^^^^^^^^^^^^^^^^^^
AttributeError: 'Member' object has no attribute 'timed_out_until'
Ignoring exception in on_member_update
Traceback (most recent call last):
  File "/usr/local/lib/python3.12/site-packages/discord/client.py", line 465, in _run_event
    await coro(*args, **kwargs)
  File "/app/asu_discord/cogs/analytics.py", line 652, in on_member_update
    before_timeout = before.timed_out_until
                     ^^^^^^^^^^^^^^^^^^^^^^
AttributeError: 'Member' object has no attribute 'timed_out_until'
Ignoring exception in on_member_update
Traceback (most recent call last):
  File "/usr/local/lib/python3.12/site-packages/discord/client.py", line 465, in _run_event
    await coro(*args, **kwargs)
  File "/app/asu_discord/cogs/analytics.py", line 652, in on_member_update
    before_timeout = before.timed_out_until
                     ^^^^^^^^^^^^^^^^^^^^^^
AttributeError: 'Member' object has no attribute 'timed_out_until'
Ignoring exception in on_member_update
Traceback (most recent call last):
  File "/usr/local/lib/python3.12/site-packages/discord/client.py", line 465, in _run_event
    await coro(*args, **kwargs)
  File "/app/asu_discord/cogs/analytics.py", line 652, in on_member_update
    before_timeout = before.timed_out_until
                     ^^^^^^^^^^^^^^^^^^^^^^
AttributeError: 'Member' object has no attribute 'timed_out_until'
Ignoring exception in on_member_update
Traceback (most recent call last):
  File "/usr/local/lib/python3.12/site-packages/discord/client.py", line 465, in _run_event
    await coro(*args, **kwargs)
  File "/app/asu_discord/cogs/analytics.py", line 652, in on_member_update
    before_timeout = before.timed_out_until
                     ^^^^^^^^^^^^^^^^^^^^^^
AttributeError: 'Member' object has no attribute 'timed_out_until'
INFO:asu_discord.cogs.verification:Saved 5 roles to database for user aabdu125 (Discord ID: 775788911066349638)
INFO:asu_discord.cogs.verification:Refreshed Salesforce roles for Discord user 775788911066349638: -5/+5 roles, assigned=[Arizona Resident, Commited, First Year, Ira A. Fulton Schools of Engineering, West Valley]
Ignoring exception in on_member_update
Traceback (most recent call last):
  File "/usr/local/lib/python3.12/site-packages/discord/client.py", line 465, in _run_event
    await coro(*args, **kwargs)
  File "/app/asu_discord/cogs/analytics.py", line 652, in on_member_update
    before_timeout = before.timed_out_until
                     ^^^^^^^^^^^^^^^^^^^^^^
AttributeError: 'Member' object has no attribute 'timed_out_until'
Ignoring exception in on_member_update
Traceback (most recent call last):
  File "/usr/local/lib/python3.12/site-packages/discord/client.py", line 465, in _run_event
    await coro(*args, **kwargs)
  File "/app/asu_discord/cogs/analytics.py", line 652, in on_member_update
    before_timeout = before.timed_out_until
                     ^^^^^^^^^^^^^^^^^^^^^^
AttributeError: 'Member' object has no attribute 'timed_out_until'
Ignoring exception in on_member_update
Traceback (most recent call last):
  File "/usr/local/lib/python3.12/site-packages/discord/client.py", line 465, in _run_event
    await coro(*args, **kwargs)
  File "/app/asu_discord/cogs/analytics.py", line 652, in on_member_update
    before_timeout = before.timed_out_until
                     ^^^^^^^^^^^^^^^^^^^^^^
AttributeError: 'Member' object has no attribute 'timed_out_until'
Ignoring exception in on_member_update
Traceback (most recent call last):
  File "/usr/local/lib/python3.12/site-packages/discord/client.py", line 465, in _run_event
    await coro(*args, **kwargs)
  File "/app/asu_discord/cogs/analytics.py", line 652, in on_member_update
    before_timeout = before.timed_out_until
                     ^^^^^^^^^^^^^^^^^^^^^^
AttributeError: 'Member' object has no attribute 'timed_out_until'
Ignoring exception in on_member_update
Traceback (most recent call last):
  File "/usr/local/lib/python3.12/site-packages/discord/client.py", line 465, in _run_event
    await coro(*args, **kwargs)
  File "/app/asu_discord/cogs/analytics.py", line 652, in on_member_update
    before_timeout = before.timed_out_until
                     ^^^^^^^^^^^^^^^^^^^^^^
AttributeError: 'Member' object has no attribute 'timed_out_until'
Ignoring exception in on_member_update
Traceback (most recent call last):
  File "/usr/local/lib/python3.12/site-packages/discord/client.py", line 465, in _run_event
    await coro(*args, **kwargs)
  File "/app/asu_discord/cogs/analytics.py", line 652, in on_member_update
    before_timeout = before.timed_out_until
                     ^^^^^^^^^^^^^^^^^^^^^^
AttributeError: 'Member' object has no attribute 'timed_out_until'
Ignoring exception in on_member_update
Traceback (most recent call last):
  File "/usr/local/lib/python3.12/site-packages/discord/client.py", line 465, in _run_event
    await coro(*args, **kwargs)
  File "/app/asu_discord/cogs/analytics.py", line 652, in on_member_update
    before_timeout = before.timed_out_until
                     ^^^^^^^^^^^^^^^^^^^^^^
AttributeError: 'Member' object has no attribute 'timed_out_until'
Ignoring exception in on_member_update
Traceback (most recent call last):
  File "/usr/local/lib/python3.12/site-packages/discord/client.py", line 465, in _run_event
    await coro(*args, **kwargs)
  File "/app/asu_discord/cogs/analytics.py", line 652, in on_member_update
    before_timeout = before.timed_out_until
                     ^^^^^^^^^^^^^^^^^^^^^^
AttributeError: 'Member' object has no attribute 'timed_out_until'
Ignoring exception in on_member_update
Traceback (most recent call last):
  File "/usr/local/lib/python3.12/site-packages/discord/client.py", line 465, in _run_event
    await coro(*args, **kwargs)
  File "/app/asu_discord/cogs/analytics.py", line 652, in on_member_update
    before_timeout = before.timed_out_until
                     ^^^^^^^^^^^^^^^^^^^^^^
AttributeError: 'Member' object has no attribute 'timed_out_until'
Ignoring exception in on_member_update
Traceback (most recent call last):
  File "/usr/local/lib/python3.12/site-packages/discord/client.py", line 465, in _run_event
    await coro(*args, **kwargs)
  File "/app/asu_discord/cogs/analytics.py", line 652, in on_member_update
    before_timeout = before.timed_out_until
                     ^^^^^^^^^^^^^^^^^^^^^^
AttributeError: 'Member' object has no attribute 'timed_out_until'
INFO:asu_discord.cogs.verification:Saved 5 roles to database for user jsalywon (Discord ID: 1087638805110083644)
INFO:asu_discord.cogs.verification:Refreshed Salesforce roles for Discord user 1087638805110083644: -5/+5 roles, assigned=[Arizona Resident, Commited, First Year, Ira A. Fulton Schools of Engineering, Tempe]
ERROR:cron.jobs:refresh_salesforce_roles: failed for ljsamue3 (Discord ID 765711504720527369): Failed to refresh Salesforce-based roles: Discord user 765711504720527369 is not a member of the guild
Ignoring exception in on_member_update
Traceback (most recent call last):
  File "/usr/local/lib/python3.12/site-packages/discord/client.py", line 465, in _run_event
    await coro(*args, **kwargs)
  File "/app/asu_discord/cogs/analytics.py", line 652, in on_member_update
    before_timeout = before.timed_out_until
                     ^^^^^^^^^^^^^^^^^^^^^^
AttributeError: 'Member' object has no attribute 'timed_out_until'
Ignoring exception in on_member_update
Traceback (most recent call last):
  File "/usr/local/lib/python3.12/site-packages/discord/client.py", line 465, in _run_event
    await coro(*args, **kwargs)
  File "/app/asu_discord/cogs/analytics.py", line 652, in on_member_update
    before_timeout = before.timed_out_until
                     ^^^^^^^^^^^^^^^^^^^^^^
AttributeError: 'Member' object has no attribute 'timed_out_until'
Ignoring exception in on_member_update
Traceback (most recent call last):
  File "/usr/local/lib/python3.12/site-packages/discord/client.py", line 465, in _run_event
    await coro(*args, **kwargs)
  File "/app/asu_discord/cogs/analytics.py", line 652, in on_member_update
    before_timeout = before.timed_out_until
                     ^^^^^^^^^^^^^^^^^^^^^^
AttributeError: 'Member' object has no attribute 'timed_out_until'
Ignoring exception in on_member_update
Traceback (most recent call last):
  File "/usr/local/lib/python3.12/site-packages/discord/client.py", line 465, in _run_event
    await coro(*args, **kwargs)
  File "/app/asu_discord/cogs/analytics.py", line 652, in on_member_update
    before_timeout = before.timed_out_until
                     ^^^^^^^^^^^^^^^^^^^^^^
AttributeError: 'Member' object has no attribute 'timed_out_until'
Ignoring exception in on_member_update
Traceback (most recent call last):
  File "/usr/local/lib/python3.12/site-packages/discord/client.py", line 465, in _run_event
    await coro(*args, **kwargs)
  File "/app/asu_discord/cogs/analytics.py", line 652, in on_member_update
    before_timeout = before.timed_out_until
                     ^^^^^^^^^^^^^^^^^^^^^^
AttributeError: 'Member' object has no attribute 'timed_out_until'
Ignoring exception in on_member_update
Traceback (most recent call last):
  File "/usr/local/lib/python3.12/site-packages/discord/client.py", line 465, in _run_event
    await coro(*args, **kwargs)
  File "/app/asu_discord/cogs/analytics.py", line 652, in on_member_update
    before_timeout = before.timed_out_until
                     ^^^^^^^^^^^^^^^^^^^^^^
AttributeError: 'Member' object has no attribute 'timed_out_until'
Ignoring exception in on_member_update
Traceback (most recent call last):
  File "/usr/local/lib/python3.12/site-packages/discord/client.py", line 465, in _run_event
    await coro(*args, **kwargs)
  File "/app/asu_discord/cogs/analytics.py", line 652, in on_member_update
    before_timeout = before.timed_out_until
                     ^^^^^^^^^^^^^^^^^^^^^^
AttributeError: 'Member' object has no attribute 'timed_out_until'
Ignoring exception in on_member_update
Traceback (most recent call last):
  File "/usr/local/lib/python3.12/site-packages/discord/client.py", line 465, in _run_event
    await coro(*args, **kwargs)
  File "/app/asu_discord/cogs/analytics.py", line 652, in on_member_update
    before_timeout = before.timed_out_until
                     ^^^^^^^^^^^^^^^^^^^^^^
AttributeError: 'Member' object has no attribute 'timed_out_until'
Ignoring exception in on_member_update
Traceback (most recent call last):
  File "/usr/local/lib/python3.12/site-packages/discord/client.py", line 465, in _run_event
    await coro(*args, **kwargs)
  File "/app/asu_discord/cogs/analytics.py", line 652, in on_member_update
    before_timeout = before.timed_out_until
                     ^^^^^^^^^^^^^^^^^^^^^^
AttributeError: 'Member' object has no attribute 'timed_out_until'
Ignoring exception in on_member_update
Traceback (most recent call last):
  File "/usr/local/lib/python3.12/site-packages/discord/client.py", line 465, in _run_event
    await coro(*args, **kwargs)
  File "/app/asu_discord/cogs/analytics.py", line 652, in on_member_update
    before_timeout = before.timed_out_until
                     ^^^^^^^^^^^^^^^^^^^^^^
AttributeError: 'Member' object has no attribute 'timed_out_until'
INFO:asu_discord.cogs.verification:Saved 5 roles to database for user ntboone (Discord ID: 1482136122758008975)
INFO:asu_discord.cogs.verification:Refreshed Salesforce roles for Discord user 1482136122758008975: -5/+5 roles, assigned=[Arizona Resident, Commited, Downtown Phoenix, First Year, Watts College of Public Service and Community Solutions]
Ignoring exception in on_member_update
Traceback (most recent call last):
  File "/usr/local/lib/python3.12/site-packages/discord/client.py", line 465, in _run_event
    await coro(*args, **kwargs)
  File "/app/asu_discord/cogs/analytics.py", line 652, in on_member_update
    before_timeout = before.timed_out_until
                     ^^^^^^^^^^^^^^^^^^^^^^
AttributeError: 'Member' object has no attribute 'timed_out_until'
Ignoring exception in on_member_update
Traceback (most recent call last):
  File "/usr/local/lib/python3.12/site-packages/discord/client.py", line 465, in _run_event
    await coro(*args, **kwargs)
  File "/app/asu_discord/cogs/analytics.py", line 652, in on_member_update
    before_timeout = before.timed_out_until
                     ^^^^^^^^^^^^^^^^^^^^^^
AttributeError: 'Member' object has no attribute 'timed_out_until'
Ignoring exception in on_member_update
Traceback (most recent call last):
  File "/usr/local/lib/python3.12/site-packages/discord/client.py", line 465, in _run_event
    await coro(*args, **kwargs)
  File "/app/asu_discord/cogs/analytics.py", line 652, in on_member_update
    before_timeout = before.timed_out_until
                     ^^^^^^^^^^^^^^^^^^^^^^
AttributeError: 'Member' object has no attribute 'timed_out_until'
Ignoring exception in on_member_update
Traceback (most recent call last):
  File "/usr/local/lib/python3.12/site-packages/discord/client.py", line 465, in _run_event
    await coro(*args, **kwargs)
  File "/app/asu_discord/cogs/analytics.py", line 652, in on_member_update
    before_timeout = before.timed_out_until
                     ^^^^^^^^^^^^^^^^^^^^^^
AttributeError: 'Member' object has no attribute 'timed_out_until'
Ignoring exception in on_member_update
Traceback (most recent call last):
  File "/usr/local/lib/python3.12/site-packages/discord/client.py", line 465, in _run_event
    await coro(*args, **kwargs)
  File "/app/asu_discord/cogs/analytics.py", line 652, in on_member_update
    before_timeout = before.timed_out_until
                     ^^^^^^^^^^^^^^^^^^^^^^
AttributeError: 'Member' object has no attribute 'timed_out_until'
Ignoring exception in on_member_update
Traceback (most recent call last):
  File "/usr/local/lib/python3.12/site-packages/discord/client.py", line 465, in _run_event
    await coro(*args, **kwargs)
  File "/app/asu_discord/cogs/analytics.py", line 652, in on_member_update
    before_timeout = before.timed_out_until
                     ^^^^^^^^^^^^^^^^^^^^^^
AttributeError: 'Member' object has no attribute 'timed_out_until'
Ignoring exception in on_member_update
Traceback (most recent call last):
  File "/usr/local/lib/python3.12/site-packages/discord/client.py", line 465, in _run_event
    await coro(*args, **kwargs)
  File "/app/asu_discord/cogs/analytics.py", line 652, in on_member_update
    before_timeout = before.timed_out_until
                     ^^^^^^^^^^^^^^^^^^^^^^
AttributeError: 'Member' object has no attribute 'timed_out_until'
Ignoring exception in on_member_update
Traceback (most recent call last):
  File "/usr/local/lib/python3.12/site-packages/discord/client.py", line 465, in _run_event
    await coro(*args, **kwargs)
  File "/app/asu_discord/cogs/analytics.py", line 652, in on_member_update
    before_timeout = before.timed_out_until
                     ^^^^^^^^^^^^^^^^^^^^^^
AttributeError: 'Member' object has no attribute 'timed_out_until'
INFO:asu_discord.cogs.verification:Saved 4 roles to database for user dfastrio (Discord ID: 1443726358864855122)
INFO:asu_discord.cogs.verification:Refreshed Salesforce roles for Discord user 1443726358864855122: -4/+4 roles, assigned=[Graduate Student, International Student, Tempe, W.P. Carey School of Business]
Ignoring exception in on_member_update
Traceback (most recent call last):
  File "/usr/local/lib/python3.12/site-packages/discord/client.py", line 465, in _run_event
    await coro(*args, **kwargs)
  File "/app/asu_discord/cogs/analytics.py", line 652, in on_member_update
    before_timeout = before.timed_out_until
                     ^^^^^^^^^^^^^^^^^^^^^^
AttributeError: 'Member' object has no attribute 'timed_out_until'
Ignoring exception in on_member_update
Traceback (most recent call last):
  File "/usr/local/lib/python3.12/site-packages/discord/client.py", line 465, in _run_event
    await coro(*args, **kwargs)
  File "/app/asu_discord/cogs/analytics.py", line 652, in on_member_update
    before_timeout = before.timed_out_until
                     ^^^^^^^^^^^^^^^^^^^^^^
AttributeError: 'Member' object has no attribute 'timed_out_until'
Ignoring exception in on_member_update
Traceback (most recent call last):
  File "/usr/local/lib/python3.12/site-packages/discord/client.py", line 465, in _run_event
    await coro(*args, **kwargs)
  File "/app/asu_discord/cogs/analytics.py", line 652, in on_member_update
    before_timeout = before.timed_out_until
                     ^^^^^^^^^^^^^^^^^^^^^^
AttributeError: 'Member' object has no attribute 'timed_out_until'
Ignoring exception in on_member_update
Traceback (most recent call last):
  File "/usr/local/lib/python3.12/site-packages/discord/client.py", line 465, in _run_event
    await coro(*args, **kwargs)
  File "/app/asu_discord/cogs/analytics.py", line 652, in on_member_update
    before_timeout = before.timed_out_until
                     ^^^^^^^^^^^^^^^^^^^^^^
AttributeError: 'Member' object has no attribute 'timed_out_until'
Ignoring exception in on_member_update
Traceback (most recent call last):
  File "/usr/local/lib/python3.12/site-packages/discord/client.py", line 465, in _run_event
    await coro(*args, **kwargs)
  File "/app/asu_discord/cogs/analytics.py", line 652, in on_member_update
    before_timeout = before.timed_out_until
                     ^^^^^^^^^^^^^^^^^^^^^^
AttributeError: 'Member' object has no attribute 'timed_out_until'
Ignoring exception in on_member_update
Traceback (most recent call last):
  File "/usr/local/lib/python3.12/site-packages/discord/client.py", line 465, in _run_event
    await coro(*args, **kwargs)
  File "/app/asu_discord/cogs/analytics.py", line 652, in on_member_update
    before_timeout = before.timed_out_until
                     ^^^^^^^^^^^^^^^^^^^^^^
AttributeError: 'Member' object has no attribute 'timed_out_until'
Ignoring exception in on_member_update
Traceback (most recent call last):
  File "/usr/local/lib/python3.12/site-packages/discord/client.py", line 465, in _run_event
    await coro(*args, **kwargs)
  File "/app/asu_discord/cogs/analytics.py", line 652, in on_member_update
    before_timeout = before.timed_out_until
                     ^^^^^^^^^^^^^^^^^^^^^^
AttributeError: 'Member' object has no attribute 'timed_out_until'
Ignoring exception in on_member_update
Traceback (most recent call last):
  File "/usr/local/lib/python3.12/site-packages/discord/client.py", line 465, in _run_event
    await coro(*args, **kwargs)
  File "/app/asu_discord/cogs/analytics.py", line 652, in on_member_update
    before_timeout = before.timed_out_until
                     ^^^^^^^^^^^^^^^^^^^^^^
AttributeError: 'Member' object has no attribute 'timed_out_until'
Ignoring exception in on_member_update
Traceback (most recent call last):
  File "/usr/local/lib/python3.12/site-packages/discord/client.py", line 465, in _run_event
    await coro(*args, **kwargs)
  File "/app/asu_discord/cogs/analytics.py", line 652, in on_member_update
    before_timeout = before.timed_out_until
                     ^^^^^^^^^^^^^^^^^^^^^^
AttributeError: 'Member' object has no attribute 'timed_out_until'
Ignoring exception in on_member_update
Traceback (most recent call last):
  File "/usr/local/lib/python3.12/site-packages/discord/client.py", line 465, in _run_event
    await coro(*args, **kwargs)
  File "/app/asu_discord/cogs/analytics.py", line 652, in on_member_update
    before_timeout = before.timed_out_until
                     ^^^^^^^^^^^^^^^^^^^^^^
AttributeError: 'Member' object has no attribute 'timed_out_until'
INFO:asu_discord.cogs.verification:Saved 6 roles to database for user jlee829 (Discord ID: 1421246204066398359)
INFO:asu_discord.cogs.verification:Refreshed Salesforce roles for Discord user 1421246204066398359: -4/+6 roles, assigned=[Commited, Downtown Phoenix, Graduate Student, International Student, Tempe, Watts College of Public Service and Community Solutions]
Ignoring exception in on_member_update
Traceback (most recent call last):
  File "/usr/local/lib/python3.12/site-packages/discord/client.py", line 465, in _run_event
    await coro(*args, **kwargs)
  File "/app/asu_discord/cogs/analytics.py", line 652, in on_member_update
    before_timeout = before.timed_out_until
                     ^^^^^^^^^^^^^^^^^^^^^^
AttributeError: 'Member' object has no attribute 'timed_out_until'
Ignoring exception in on_member_update
Traceback (most recent call last):
  File "/usr/local/lib/python3.12/site-packages/discord/client.py", line 465, in _run_event
    await coro(*args, **kwargs)
  File "/app/asu_discord/cogs/analytics.py", line 652, in on_member_update
    before_timeout = before.timed_out_until
                     ^^^^^^^^^^^^^^^^^^^^^^
AttributeError: 'Member' object has no attribute 'timed_out_until'
Ignoring exception in on_member_update
Traceback (most recent call last):
  File "/usr/local/lib/python3.12/site-packages/discord/client.py", line 465, in _run_event
    await coro(*args, **kwargs)
  File "/app/asu_discord/cogs/analytics.py", line 652, in on_member_update
    before_timeout = before.timed_out_until
                     ^^^^^^^^^^^^^^^^^^^^^^
AttributeError: 'Member' object has no attribute 'timed_out_until'
Ignoring exception in on_member_update
Traceback (most recent call last):
  File "/usr/local/lib/python3.12/site-packages/discord/client.py", line 465, in _run_event
    await coro(*args, **kwargs)
  File "/app/asu_discord/cogs/analytics.py", line 652, in on_member_update
    before_timeout = before.timed_out_until
                     ^^^^^^^^^^^^^^^^^^^^^^
AttributeError: 'Member' object has no attribute 'timed_out_until'
Ignoring exception in on_member_update
Traceback (most recent call last):
  File "/usr/local/lib/python3.12/site-packages/discord/client.py", line 465, in _run_event
    await coro(*args, **kwargs)
  File "/app/asu_discord/cogs/analytics.py", line 652, in on_member_update
    before_timeout = before.timed_out_until
                     ^^^^^^^^^^^^^^^^^^^^^^
AttributeError: 'Member' object has no attribute 'timed_out_until'
Ignoring exception in on_member_update
Traceback (most recent call last):
  File "/usr/local/lib/python3.12/site-packages/discord/client.py", line 465, in _run_event
    await coro(*args, **kwargs)
  File "/app/asu_discord/cogs/analytics.py", line 652, in on_member_update
    before_timeout = before.timed_out_until
                     ^^^^^^^^^^^^^^^^^^^^^^
AttributeError: 'Member' object has no attribute 'timed_out_until'
Ignoring exception in on_member_update
Traceback (most recent call last):
  File "/usr/local/lib/python3.12/site-packages/discord/client.py", line 465, in _run_event
    await coro(*args, **kwargs)
  File "/app/asu_discord/cogs/analytics.py", line 652, in on_member_update
    before_timeout = before.timed_out_until
                     ^^^^^^^^^^^^^^^^^^^^^^
AttributeError: 'Member' object has no attribute 'timed_out_until'
Ignoring exception in on_member_update
Traceback (most recent call last):
  File "/usr/local/lib/python3.12/site-packages/discord/client.py", line 465, in _run_event
    await coro(*args, **kwargs)
  File "/app/asu_discord/cogs/analytics.py", line 652, in on_member_update
    before_timeout = before.timed_out_until
                     ^^^^^^^^^^^^^^^^^^^^^^
AttributeError: 'Member' object has no attribute 'timed_out_until'
Ignoring exception in on_member_update
Traceback (most recent call last):
  File "/usr/local/lib/python3.12/site-packages/discord/client.py", line 465, in _run_event
    await coro(*args, **kwargs)
  File "/app/asu_discord/cogs/analytics.py", line 652, in on_member_update
    before_timeout = before.timed_out_until
                     ^^^^^^^^^^^^^^^^^^^^^^
AttributeError: 'Member' object has no attribute 'timed_out_until'
Ignoring exception in on_member_update
Traceback (most recent call last):
  File "/usr/local/lib/python3.12/site-packages/discord/client.py", line 465, in _run_event
    await coro(*args, **kwargs)
  File "/app/asu_discord/cogs/analytics.py", line 652, in on_member_update
    before_timeout = before.timed_out_until
                     ^^^^^^^^^^^^^^^^^^^^^^
AttributeError: 'Member' object has no attribute 'timed_out_until'
INFO:asu_discord.cogs.verification:Saved 5 roles to database for user jwhuddl1 (Discord ID: 1487249992015155375)
INFO:asu_discord.cogs.verification:Refreshed Salesforce roles for Discord user 1487249992015155375: -5/+5 roles, assigned=[Arizona Resident, Commited, First Year, Ira A. Fulton Schools of Engineering, Tempe]
Ignoring exception in on_member_update
Traceback (most recent call last):
  File "/usr/local/lib/python3.12/site-packages/discord/client.py", line 465, in _run_event
    await coro(*args, **kwargs)
  File "/app/asu_discord/cogs/analytics.py", line 652, in on_member_update
    before_timeout = before.timed_out_until
                     ^^^^^^^^^^^^^^^^^^^^^^
AttributeError: 'Member' object has no attribute 'timed_out_until'
Ignoring exception in on_member_update
Traceback (most recent call last):
  File "/usr/local/lib/python3.12/site-packages/discord/client.py", line 465, in _run_event
    await coro(*args, **kwargs)
  File "/app/asu_discord/cogs/analytics.py", line 652, in on_member_update
    before_timeout = before.timed_out_until
                     ^^^^^^^^^^^^^^^^^^^^^^
AttributeError: 'Member' object has no attribute 'timed_out_until'
Ignoring exception in on_member_update
Traceback (most recent call last):
  File "/usr/local/lib/python3.12/site-packages/discord/client.py", line 465, in _run_event
    await coro(*args, **kwargs)
  File "/app/asu_discord/cogs/analytics.py", line 652, in on_member_update
    before_timeout = before.timed_out_until
                     ^^^^^^^^^^^^^^^^^^^^^^
AttributeError: 'Member' object has no attribute 'timed_out_until'
Ignoring exception in on_member_update
Traceback (most recent call last):
  File "/usr/local/lib/python3.12/site-packages/discord/client.py", line 465, in _run_event
    await coro(*args, **kwargs)
  File "/app/asu_discord/cogs/analytics.py", line 652, in on_member_update
    before_timeout = before.timed_out_until
                     ^^^^^^^^^^^^^^^^^^^^^^
AttributeError: 'Member' object has no attribute 'timed_out_until'
Ignoring exception in on_member_update
Traceback (most recent call last):
  File "/usr/local/lib/python3.12/site-packages/discord/client.py", line 465, in _run_event
    await coro(*args, **kwargs)
  File "/app/asu_discord/cogs/analytics.py", line 652, in on_member_update
    before_timeout = before.timed_out_until
                     ^^^^^^^^^^^^^^^^^^^^^^
AttributeError: 'Member' object has no attribute 'timed_out_until'
Ignoring exception in on_member_update
Traceback (most recent call last):
  File "/usr/local/lib/python3.12/site-packages/discord/client.py", line 465, in _run_event
    await coro(*args, **kwargs)
  File "/app/asu_discord/cogs/analytics.py", line 652, in on_member_update
    before_timeout = before.timed_out_until
                     ^^^^^^^^^^^^^^^^^^^^^^
AttributeError: 'Member' object has no attribute 'timed_out_until'
Ignoring exception in on_member_update
Traceback (most recent call last):
  File "/usr/local/lib/python3.12/site-packages/discord/client.py", line 465, in _run_event
    await coro(*args, **kwargs)
  File "/app/asu_discord/cogs/analytics.py", line 652, in on_member_update
    before_timeout = before.timed_out_until
                     ^^^^^^^^^^^^^^^^^^^^^^
AttributeError: 'Member' object has no attribute 'timed_out_until'
Ignoring exception in on_member_update
Traceback (most recent call last):
  File "/usr/local/lib/python3.12/site-packages/discord/client.py", line 465, in _run_event
    await coro(*args, **kwargs)
  File "/app/asu_discord/cogs/analytics.py", line 652, in on_member_update
    before_timeout = before.timed_out_until
                     ^^^^^^^^^^^^^^^^^^^^^^
AttributeError: 'Member' object has no attribute 'timed_out_until'
Ignoring exception in on_member_update
Traceback (most recent call last):
  File "/usr/local/lib/python3.12/site-packages/discord/client.py", line 465, in _run_event
    await coro(*args, **kwargs)
  File "/app/asu_discord/cogs/analytics.py", line 652, in on_member_update
    before_timeout = before.timed_out_until
                     ^^^^^^^^^^^^^^^^^^^^^^
AttributeError: 'Member' object has no attribute 'timed_out_until'
Ignoring exception in on_member_update
Traceback (most recent call last):
  File "/usr/local/lib/python3.12/site-packages/discord/client.py", line 465, in _run_event
    await coro(*args, **kwargs)
  File "/app/asu_discord/cogs/analytics.py", line 652, in on_member_update
    before_timeout = before.timed_out_until
                     ^^^^^^^^^^^^^^^^^^^^^^
AttributeError: 'Member' object has no attribute 'timed_out_until'
INFO:asu_discord.cogs.verification:Saved 5 roles to database for user mcnels12 (Discord ID: 1043543324545527898)
INFO:asu_discord.cogs.verification:Refreshed Salesforce roles for Discord user 1043543324545527898: -5/+5 roles, assigned=[Arizona Resident, Commited, First Year, Herberger Institute for Design and the Arts, Tempe]
Ignoring exception in on_member_update
Traceback (most recent call last):
  File "/usr/local/lib/python3.12/site-packages/discord/client.py", line 465, in _run_event
    await coro(*args, **kwargs)
  File "/app/asu_discord/cogs/analytics.py", line 652, in on_member_update
    before_timeout = before.timed_out_until
                     ^^^^^^^^^^^^^^^^^^^^^^
AttributeError: 'Member' object has no attribute 'timed_out_until'
Ignoring exception in on_member_update
Traceback (most recent call last):
  File "/usr/local/lib/python3.12/site-packages/discord/client.py", line 465, in _run_event
    await coro(*args, **kwargs)
  File "/app/asu_discord/cogs/analytics.py", line 652, in on_member_update
    before_timeout = before.timed_out_until
                     ^^^^^^^^^^^^^^^^^^^^^^
AttributeError: 'Member' object has no attribute 'timed_out_until'
Ignoring exception in on_member_update
Traceback (most recent call last):
  File "/usr/local/lib/python3.12/site-packages/discord/client.py", line 465, in _run_event
    await coro(*args, **kwargs)
  File "/app/asu_discord/cogs/analytics.py", line 652, in on_member_update
    before_timeout = before.timed_out_until
                     ^^^^^^^^^^^^^^^^^^^^^^
AttributeError: 'Member' object has no attribute 'timed_out_until'
Ignoring exception in on_member_update
Traceback (most recent call last):
  File "/usr/local/lib/python3.12/site-packages/discord/client.py", line 465, in _run_event
    await coro(*args, **kwargs)
  File "/app/asu_discord/cogs/analytics.py", line 652, in on_member_update
    before_timeout = before.timed_out_until
                     ^^^^^^^^^^^^^^^^^^^^^^
AttributeError: 'Member' object has no attribute 'timed_out_until'
Ignoring exception in on_member_update
Traceback (most recent call last):
  File "/usr/local/lib/python3.12/site-packages/discord/client.py", line 465, in _run_event
    await coro(*args, **kwargs)
  File "/app/asu_discord/cogs/analytics.py", line 652, in on_member_update
    before_timeout = before.timed_out_until
                     ^^^^^^^^^^^^^^^^^^^^^^
AttributeError: 'Member' object has no attribute 'timed_out_until'
Ignoring exception in on_member_update
Traceback (most recent call last):
  File "/usr/local/lib/python3.12/site-packages/discord/client.py", line 465, in _run_event
    await coro(*args, **kwargs)
  File "/app/asu_discord/cogs/analytics.py", line 652, in on_member_update
    before_timeout = before.timed_out_until
                     ^^^^^^^^^^^^^^^^^^^^^^
AttributeError: 'Member' object has no attribute 'timed_out_until'
Ignoring exception in on_member_update
Traceback (most recent call last):
  File "/usr/local/lib/python3.12/site-packages/discord/client.py", line 465, in _run_event
    await coro(*args, **kwargs)
  File "/app/asu_discord/cogs/analytics.py", line 652, in on_member_update
    before_timeout = before.timed_out_until
                     ^^^^^^^^^^^^^^^^^^^^^^
AttributeError: 'Member' object has no attribute 'timed_out_until'
Ignoring exception in on_member_update
Traceback (most recent call last):
  File "/usr/local/lib/python3.12/site-packages/discord/client.py", line 465, in _run_event
    await coro(*args, **kwargs)
  File "/app/asu_discord/cogs/analytics.py", line 652, in on_member_update
    before_timeout = before.timed_out_until
                     ^^^^^^^^^^^^^^^^^^^^^^
AttributeError: 'Member' object has no attribute 'timed_out_until'
Ignoring exception in on_member_update
Traceback (most recent call last):
  File "/usr/local/lib/python3.12/site-packages/discord/client.py", line 465, in _run_event
    await coro(*args, **kwargs)
  File "/app/asu_discord/cogs/analytics.py", line 652, in on_member_update
    before_timeout = before.timed_out_until
                     ^^^^^^^^^^^^^^^^^^^^^^
AttributeError: 'Member' object has no attribute 'timed_out_until'
Ignoring exception in on_member_update
Traceback (most recent call last):
  File "/usr/local/lib/python3.12/site-packages/discord/client.py", line 465, in _run_event
    await coro(*args, **kwargs)
  File "/app/asu_discord/cogs/analytics.py", line 652, in on_member_update
    before_timeout = before.timed_out_until
                     ^^^^^^^^^^^^^^^^^^^^^^
AttributeError: 'Member' object has no attribute 'timed_out_until'
INFO:asu_discord.cogs.verification:Saved 5 roles to database for user ifoong1 (Discord ID: 564349860518690846)
INFO:asu_discord.cogs.verification:Refreshed Salesforce roles for Discord user 564349860518690846: -5/+5 roles, assigned=[Commited, International Student, Ira A. Fulton Schools of Engineering, Tempe, Transfer Student]
Ignoring exception in on_member_update
Traceback (most recent call last):
  File "/usr/local/lib/python3.12/site-packages/discord/client.py", line 465, in _run_event
    await coro(*args, **kwargs)
  File "/app/asu_discord/cogs/analytics.py", line 652, in on_member_update
    before_timeout = before.timed_out_until
                     ^^^^^^^^^^^^^^^^^^^^^^
AttributeError: 'Member' object has no attribute 'timed_out_until'
Ignoring exception in on_member_update
Traceback (most recent call last):
  File "/usr/local/lib/python3.12/site-packages/discord/client.py", line 465, in _run_event
    await coro(*args, **kwargs)
  File "/app/asu_discord/cogs/analytics.py", line 652, in on_member_update
    before_timeout = before.timed_out_until
                     ^^^^^^^^^^^^^^^^^^^^^^
AttributeError: 'Member' object has no attribute 'timed_out_until'
Ignoring exception in on_member_update
Traceback (most recent call last):
  File "/usr/local/lib/python3.12/site-packages/discord/client.py", line 465, in _run_event
    await coro(*args, **kwargs)
  File "/app/asu_discord/cogs/analytics.py", line 652, in on_member_update
    before_timeout = before.timed_out_until
                     ^^^^^^^^^^^^^^^^^^^^^^
AttributeError: 'Member' object has no attribute 'timed_out_until'
Ignoring exception in on_member_update
Traceback (most recent call last):
  File "/usr/local/lib/python3.12/site-packages/discord/client.py", line 465, in _run_event
    await coro(*args, **kwargs)
  File "/app/asu_discord/cogs/analytics.py", line 652, in on_member_update
    before_timeout = before.timed_out_until
                     ^^^^^^^^^^^^^^^^^^^^^^
AttributeError: 'Member' object has no attribute 'timed_out_until'
Ignoring exception in on_member_update
Traceback (most recent call last):
  File "/usr/local/lib/python3.12/site-packages/discord/client.py", line 465, in _run_event
    await coro(*args, **kwargs)
  File "/app/asu_discord/cogs/analytics.py", line 652, in on_member_update
    before_timeout = before.timed_out_until
                     ^^^^^^^^^^^^^^^^^^^^^^
AttributeError: 'Member' object has no attribute 'timed_out_until'
Ignoring exception in on_member_update
Traceback (most recent call last):
  File "/usr/local/lib/python3.12/site-packages/discord/client.py", line 465, in _run_event
    await coro(*args, **kwargs)
  File "/app/asu_discord/cogs/analytics.py", line 652, in on_member_update
    before_timeout = before.timed_out_until
                     ^^^^^^^^^^^^^^^^^^^^^^
AttributeError: 'Member' object has no attribute 'timed_out_until'
Ignoring exception in on_member_update
Traceback (most recent call last):
  File "/usr/local/lib/python3.12/site-packages/discord/client.py", line 465, in _run_event
    await coro(*args, **kwargs)
  File "/app/asu_discord/cogs/analytics.py", line 652, in on_member_update
    before_timeout = before.timed_out_until
                     ^^^^^^^^^^^^^^^^^^^^^^
AttributeError: 'Member' object has no attribute 'timed_out_until'
Ignoring exception in on_member_update
Traceback (most recent call last):
  File "/usr/local/lib/python3.12/site-packages/discord/client.py", line 465, in _run_event
    await coro(*args, **kwargs)
  File "/app/asu_discord/cogs/analytics.py", line 652, in on_member_update
    before_timeout = before.timed_out_until
                     ^^^^^^^^^^^^^^^^^^^^^^
AttributeError: 'Member' object has no attribute 'timed_out_until'
Ignoring exception in on_member_update
Traceback (most recent call last):
  File "/usr/local/lib/python3.12/site-packages/discord/client.py", line 465, in _run_event
    await coro(*args, **kwargs)
  File "/app/asu_discord/cogs/analytics.py", line 652, in on_member_update
    before_timeout = before.timed_out_until
                     ^^^^^^^^^^^^^^^^^^^^^^
AttributeError: 'Member' object has no attribute 'timed_out_until'
Ignoring exception in on_member_update
Traceback (most recent call last):
  File "/usr/local/lib/python3.12/site-packages/discord/client.py", line 465, in _run_event
    await coro(*args, **kwargs)
  File "/app/asu_discord/cogs/analytics.py", line 652, in on_member_update
    before_timeout = before.timed_out_until
                     ^^^^^^^^^^^^^^^^^^^^^^
AttributeError: 'Member' object has no attribute 'timed_out_until'
Ignoring exception in on_member_update
Traceback (most recent call last):
  File "/usr/local/lib/python3.12/site-packages/discord/client.py", line 465, in _run_event
    await coro(*args, **kwargs)
  File "/app/asu_discord/cogs/analytics.py", line 652, in on_member_update
    before_timeout = before.timed_out_until
                     ^^^^^^^^^^^^^^^^^^^^^^
AttributeError: 'Member' object has no attribute 'timed_out_until'
INFO:asu_discord.cogs.verification:Saved 5 roles to database for user rssincl1 (Discord ID: 1393364328828112966)
INFO:asu_discord.cogs.verification:Refreshed Salesforce roles for Discord user 1393364328828112966: -5/+5 roles, assigned=[College of Liberal Arts and Sciences, Commited, First Year, Out of State, Tempe]
Ignoring exception in on_member_update
Traceback (most recent call last):
  File "/usr/local/lib/python3.12/site-packages/discord/client.py", line 465, in _run_event
    await coro(*args, **kwargs)
  File "/app/asu_discord/cogs/analytics.py", line 652, in on_member_update
    before_timeout = before.timed_out_until
                     ^^^^^^^^^^^^^^^^^^^^^^
AttributeError: 'Member' object has no attribute 'timed_out_until'
Ignoring exception in on_member_update
Traceback (most recent call last):
  File "/usr/local/lib/python3.12/site-packages/discord/client.py", line 465, in _run_event
    await coro(*args, **kwargs)
  File "/app/asu_discord/cogs/analytics.py", line 652, in on_member_update
    before_timeout = before.timed_out_until
                     ^^^^^^^^^^^^^^^^^^^^^^
AttributeError: 'Member' object has no attribute 'timed_out_until'
Ignoring exception in on_member_update
Traceback (most recent call last):
  File "/usr/local/lib/python3.12/site-packages/discord/client.py", line 465, in _run_event
    await coro(*args, **kwargs)
  File "/app/asu_discord/cogs/analytics.py", line 652, in on_member_update
    before_timeout = before.timed_out_until
                     ^^^^^^^^^^^^^^^^^^^^^^
AttributeError: 'Member' object has no attribute 'timed_out_until'
Ignoring exception in on_member_update
Traceback (most recent call last):
  File "/usr/local/lib/python3.12/site-packages/discord/client.py", line 465, in _run_event
    await coro(*args, **kwargs)
  File "/app/asu_discord/cogs/analytics.py", line 652, in on_member_update
    before_timeout = before.timed_out_until
                     ^^^^^^^^^^^^^^^^^^^^^^
AttributeError: 'Member' object has no attribute 'timed_out_until'
Ignoring exception in on_member_update
Traceback (most recent call last):
  File "/usr/local/lib/python3.12/site-packages/discord/client.py", line 465, in _run_event
    await coro(*args, **kwargs)
  File "/app/asu_discord/cogs/analytics.py", line 652, in on_member_update
    before_timeout = before.timed_out_until
                     ^^^^^^^^^^^^^^^^^^^^^^
AttributeError: 'Member' object has no attribute 'timed_out_until'
Ignoring exception in on_member_update
Traceback (most recent call last):
  File "/usr/local/lib/python3.12/site-packages/discord/client.py", line 465, in _run_event
    await coro(*args, **kwargs)
  File "/app/asu_discord/cogs/analytics.py", line 652, in on_member_update
    before_timeout = before.timed_out_until
                     ^^^^^^^^^^^^^^^^^^^^^^
AttributeError: 'Member' object has no attribute 'timed_out_until'
Ignoring exception in on_member_update
Traceback (most recent call last):
  File "/usr/local/lib/python3.12/site-packages/discord/client.py", line 465, in _run_event
    await coro(*args, **kwargs)
  File "/app/asu_discord/cogs/analytics.py", line 652, in on_member_update
    before_timeout = before.timed_out_until
                     ^^^^^^^^^^^^^^^^^^^^^^
AttributeError: 'Member' object has no attribute 'timed_out_until'
Ignoring exception in on_member_update
Traceback (most recent call last):
  File "/usr/local/lib/python3.12/site-packages/discord/client.py", line 465, in _run_event
    await coro(*args, **kwargs)
  File "/app/asu_discord/cogs/analytics.py", line 652, in on_member_update
    before_timeout = before.timed_out_until
                     ^^^^^^^^^^^^^^^^^^^^^^
AttributeError: 'Member' object has no attribute 'timed_out_until'
Ignoring exception in on_member_update
Traceback (most recent call last):
  File "/usr/local/lib/python3.12/site-packages/discord/client.py", line 465, in _run_event
    await coro(*args, **kwargs)
  File "/app/asu_discord/cogs/analytics.py", line 652, in on_member_update
    before_timeout = before.timed_out_until
                     ^^^^^^^^^^^^^^^^^^^^^^
AttributeError: 'Member' object has no attribute 'timed_out_until'
Ignoring exception in on_member_update
Traceback (most recent call last):
  File "/usr/local/lib/python3.12/site-packages/discord/client.py", line 465, in _run_event
    await coro(*args, **kwargs)
  File "/app/asu_discord/cogs/analytics.py", line 652, in on_member_update
    before_timeout = before.timed_out_until
                     ^^^^^^^^^^^^^^^^^^^^^^
AttributeError: 'Member' object has no attribute 'timed_out_until'
INFO:asu_discord.cogs.verification:Saved 6 roles to database for user rjrodr31 (Discord ID: 1434667793378447441)
INFO:asu_discord.cogs.verification:Refreshed Salesforce roles for Discord user 1434667793378447441: -4/+6 roles, assigned=[Commited, First Year, International Student, Upperclassmen, W.P. Carey School of Business, West Valley]
Ignoring exception in on_member_update
Traceback (most recent call last):
  File "/usr/local/lib/python3.12/site-packages/discord/client.py", line 465, in _run_event
    await coro(*args, **kwargs)
  File "/app/asu_discord/cogs/analytics.py", line 652, in on_member_update
    before_timeout = before.timed_out_until
                     ^^^^^^^^^^^^^^^^^^^^^^
AttributeError: 'Member' object has no attribute 'timed_out_until'
Ignoring exception in on_member_update
Traceback (most recent call last):
  File "/usr/local/lib/python3.12/site-packages/discord/client.py", line 465, in _run_event
    await coro(*args, **kwargs)
  File "/app/asu_discord/cogs/analytics.py", line 652, in on_member_update
    before_timeout = before.timed_out_until
                     ^^^^^^^^^^^^^^^^^^^^^^
AttributeError: 'Member' object has no attribute 'timed_out_until'
Ignoring exception in on_member_update
Traceback (most recent call last):
  File "/usr/local/lib/python3.12/site-packages/discord/client.py", line 465, in _run_event
    await coro(*args, **kwargs)
  File "/app/asu_discord/cogs/analytics.py", line 652, in on_member_update
    before_timeout = before.timed_out_until
                     ^^^^^^^^^^^^^^^^^^^^^^
AttributeError: 'Member' object has no attribute 'timed_out_until'
Ignoring exception in on_member_update
Traceback (most recent call last):
  File "/usr/local/lib/python3.12/site-packages/discord/client.py", line 465, in _run_event
    await coro(*args, **kwargs)
  File "/app/asu_discord/cogs/analytics.py", line 652, in on_member_update
    before_timeout = before.timed_out_until
                     ^^^^^^^^^^^^^^^^^^^^^^
AttributeError: 'Member' object has no attribute 'timed_out_until'
Ignoring exception in on_member_update
Traceback (most recent call last):
  File "/usr/local/lib/python3.12/site-packages/discord/client.py", line 465, in _run_event
    await coro(*args, **kwargs)
  File "/app/asu_discord/cogs/analytics.py", line 652, in on_member_update
    before_timeout = before.timed_out_until
                     ^^^^^^^^^^^^^^^^^^^^^^
AttributeError: 'Member' object has no attribute 'timed_out_until'
Ignoring exception in on_member_update
Traceback (most recent call last):
  File "/usr/local/lib/python3.12/site-packages/discord/client.py", line 465, in _run_event
    await coro(*args, **kwargs)
  File "/app/asu_discord/cogs/analytics.py", line 652, in on_member_update
    before_timeout = before.timed_out_until
                     ^^^^^^^^^^^^^^^^^^^^^^
AttributeError: 'Member' object has no attribute 'timed_out_until'
Ignoring exception in on_member_update
Traceback (most recent call last):
  File "/usr/local/lib/python3.12/site-packages/discord/client.py", line 465, in _run_event
    await coro(*args, **kwargs)
  File "/app/asu_discord/cogs/analytics.py", line 652, in on_member_update
    before_timeout = before.timed_out_until
                     ^^^^^^^^^^^^^^^^^^^^^^
AttributeError: 'Member' object has no attribute 'timed_out_until'
Ignoring exception in on_member_update
Traceback (most recent call last):
  File "/usr/local/lib/python3.12/site-packages/discord/client.py", line 465, in _run_event
    await coro(*args, **kwargs)
  File "/app/asu_discord/cogs/analytics.py", line 652, in on_member_update
    before_timeout = before.timed_out_until
                     ^^^^^^^^^^^^^^^^^^^^^^
AttributeError: 'Member' object has no attribute 'timed_out_until'
Ignoring exception in on_member_update
Traceback (most recent call last):
  File "/usr/local/lib/python3.12/site-packages/discord/client.py", line 465, in _run_event
    await coro(*args, **kwargs)
  File "/app/asu_discord/cogs/analytics.py", line 652, in on_member_update
    before_timeout = before.timed_out_until
                     ^^^^^^^^^^^^^^^^^^^^^^
AttributeError: 'Member' object has no attribute 'timed_out_until'
Ignoring exception in on_member_update
Traceback (most recent call last):
  File "/usr/local/lib/python3.12/site-packages/discord/client.py", line 465, in _run_event
    await coro(*args, **kwargs)
  File "/app/asu_discord/cogs/analytics.py", line 652, in on_member_update
    before_timeout = before.timed_out_until
                     ^^^^^^^^^^^^^^^^^^^^^^
AttributeError: 'Member' object has no attribute 'timed_out_until'
INFO:asu_discord.cogs.verification:Saved 5 roles to database for user eecapati (Discord ID: 1489862203380203572)
INFO:asu_discord.cogs.verification:Refreshed Salesforce roles for Discord user 1489862203380203572: -5/+5 roles, assigned=[Commited, First Year, Ira A. Fulton Schools of Engineering, Out of State, Tempe]
Ignoring exception in on_member_update
Traceback (most recent call last):
  File "/usr/local/lib/python3.12/site-packages/discord/client.py", line 465, in _run_event
    await coro(*args, **kwargs)
  File "/app/asu_discord/cogs/analytics.py", line 652, in on_member_update
    before_timeout = before.timed_out_until
                     ^^^^^^^^^^^^^^^^^^^^^^
AttributeError: 'Member' object has no attribute 'timed_out_until'
Ignoring exception in on_member_update
Traceback (most recent call last):
  File "/usr/local/lib/python3.12/site-packages/discord/client.py", line 465, in _run_event
    await coro(*args, **kwargs)
  File "/app/asu_discord/cogs/analytics.py", line 652, in on_member_update
    before_timeout = before.timed_out_until
                     ^^^^^^^^^^^^^^^^^^^^^^
AttributeError: 'Member' object has no attribute 'timed_out_until'
Ignoring exception in on_member_update
Traceback (most recent call last):
  File "/usr/local/lib/python3.12/site-packages/discord/client.py", line 465, in _run_event
    await coro(*args, **kwargs)
  File "/app/asu_discord/cogs/analytics.py", line 652, in on_member_update
    before_timeout = before.timed_out_until
                     ^^^^^^^^^^^^^^^^^^^^^^
AttributeError: 'Member' object has no attribute 'timed_out_until'
Ignoring exception in on_member_update
Traceback (most recent call last):
  File "/usr/local/lib/python3.12/site-packages/discord/client.py", line 465, in _run_event
    await coro(*args, **kwargs)
  File "/app/asu_discord/cogs/analytics.py", line 652, in on_member_update
    before_timeout = before.timed_out_until
                     ^^^^^^^^^^^^^^^^^^^^^^
AttributeError: 'Member' object has no attribute 'timed_out_until'
Ignoring exception in on_member_update
Traceback (most recent call last):
  File "/usr/local/lib/python3.12/site-packages/discord/client.py", line 465, in _run_event
    await coro(*args, **kwargs)
  File "/app/asu_discord/cogs/analytics.py", line 652, in on_member_update
    before_timeout = before.timed_out_until
                     ^^^^^^^^^^^^^^^^^^^^^^
AttributeError: 'Member' object has no attribute 'timed_out_until'
Ignoring exception in on_member_update
Traceback (most recent call last):
  File "/usr/local/lib/python3.12/site-packages/discord/client.py", line 465, in _run_event
    await coro(*args, **kwargs)
  File "/app/asu_discord/cogs/analytics.py", line 652, in on_member_update
    before_timeout = before.timed_out_until
                     ^^^^^^^^^^^^^^^^^^^^^^
AttributeError: 'Member' object has no attribute 'timed_out_until'
Ignoring exception in on_member_update
Traceback (most recent call last):
  File "/usr/local/lib/python3.12/site-packages/discord/client.py", line 465, in _run_event
    await coro(*args, **kwargs)
  File "/app/asu_discord/cogs/analytics.py", line 652, in on_member_update
    before_timeout = before.timed_out_until
                     ^^^^^^^^^^^^^^^^^^^^^^
AttributeError: 'Member' object has no attribute 'timed_out_until'
Ignoring exception in on_member_update
Traceback (most recent call last):
  File "/usr/local/lib/python3.12/site-packages/discord/client.py", line 465, in _run_event
    await coro(*args, **kwargs)
  File "/app/asu_discord/cogs/analytics.py", line 652, in on_member_update
    before_timeout = before.timed_out_until
                     ^^^^^^^^^^^^^^^^^^^^^^
AttributeError: 'Member' object has no attribute 'timed_out_until'
Ignoring exception in on_member_update
Traceback (most recent call last):
  File "/usr/local/lib/python3.12/site-packages/discord/client.py", line 465, in _run_event
    await coro(*args, **kwargs)
  File "/app/asu_discord/cogs/analytics.py", line 652, in on_member_update
    before_timeout = before.timed_out_until
                     ^^^^^^^^^^^^^^^^^^^^^^
AttributeError: 'Member' object has no attribute 'timed_out_until'
Ignoring exception in on_member_update
Traceback (most recent call last):
  File "/usr/local/lib/python3.12/site-packages/discord/client.py", line 465, in _run_event
    await coro(*args, **kwargs)
  File "/app/asu_discord/cogs/analytics.py", line 652, in on_member_update
    before_timeout = before.timed_out_until
                     ^^^^^^^^^^^^^^^^^^^^^^
AttributeError: 'Member' object has no attribute 'timed_out_until'
INFO:asu_discord.cogs.verification:Saved 5 roles to database for user amadake (Discord ID: 1276799114117382204)
INFO:asu_discord.cogs.verification:Refreshed Salesforce roles for Discord user 1276799114117382204: -5/+5 roles, assigned=[Commited, Graduate Student, International Student, Ira A. Fulton Schools of Engineering, Polytechnic]
Ignoring exception in on_member_update
Traceback (most recent call last):
  File "/usr/local/lib/python3.12/site-packages/discord/client.py", line 465, in _run_event
    await coro(*args, **kwargs)
  File "/app/asu_discord/cogs/analytics.py", line 652, in on_member_update
    before_timeout = before.timed_out_until
                     ^^^^^^^^^^^^^^^^^^^^^^
AttributeError: 'Member' object has no attribute 'timed_out_until'
Ignoring exception in on_member_update
Traceback (most recent call last):
  File "/usr/local/lib/python3.12/site-packages/discord/client.py", line 465, in _run_event
    await coro(*args, **kwargs)
  File "/app/asu_discord/cogs/analytics.py", line 652, in on_member_update
    before_timeout = before.timed_out_until
                     ^^^^^^^^^^^^^^^^^^^^^^
AttributeError: 'Member' object has no attribute 'timed_out_until'
Ignoring exception in on_member_update
Traceback (most recent call last):
  File "/usr/local/lib/python3.12/site-packages/discord/client.py", line 465, in _run_event
    await coro(*args, **kwargs)
  File "/app/asu_discord/cogs/analytics.py", line 652, in on_member_update
    before_timeout = before.timed_out_until
                     ^^^^^^^^^^^^^^^^^^^^^^
AttributeError: 'Member' object has no attribute 'timed_out_until'
Ignoring exception in on_member_update
Traceback (most recent call last):
  File "/usr/local/lib/python3.12/site-packages/discord/client.py", line 465, in _run_event
    await coro(*args, **kwargs)
  File "/app/asu_discord/cogs/analytics.py", line 652, in on_member_update
    before_timeout = before.timed_out_until
                     ^^^^^^^^^^^^^^^^^^^^^^
AttributeError: 'Member' object has no attribute 'timed_out_until'
Ignoring exception in on_member_update
Traceback (most recent call last):
  File "/usr/local/lib/python3.12/site-packages/discord/client.py", line 465, in _run_event
    await coro(*args, **kwargs)
  File "/app/asu_discord/cogs/analytics.py", line 652, in on_member_update
    before_timeout = before.timed_out_until
                     ^^^^^^^^^^^^^^^^^^^^^^
AttributeError: 'Member' object has no attribute 'timed_out_until'
Ignoring exception in on_member_update
Traceback (most recent call last):
  File "/usr/local/lib/python3.12/site-packages/discord/client.py", line 465, in _run_event
    await coro(*args, **kwargs)
  File "/app/asu_discord/cogs/analytics.py", line 652, in on_member_update
    before_timeout = before.timed_out_until
                     ^^^^^^^^^^^^^^^^^^^^^^
AttributeError: 'Member' object has no attribute 'timed_out_until'
Ignoring exception in on_member_update
Traceback (most recent call last):
  File "/usr/local/lib/python3.12/site-packages/discord/client.py", line 465, in _run_event
    await coro(*args, **kwargs)
  File "/app/asu_discord/cogs/analytics.py", line 652, in on_member_update
    before_timeout = before.timed_out_until
                     ^^^^^^^^^^^^^^^^^^^^^^
AttributeError: 'Member' object has no attribute 'timed_out_until'
Ignoring exception in on_member_update
Traceback (most recent call last):
  File "/usr/local/lib/python3.12/site-packages/discord/client.py", line 465, in _run_event
    await coro(*args, **kwargs)
  File "/app/asu_discord/cogs/analytics.py", line 652, in on_member_update
    before_timeout = before.timed_out_until
                     ^^^^^^^^^^^^^^^^^^^^^^
AttributeError: 'Member' object has no attribute 'timed_out_until'
Ignoring exception in on_member_update
Traceback (most recent call last):
  File "/usr/local/lib/python3.12/site-packages/discord/client.py", line 465, in _run_event
    await coro(*args, **kwargs)
  File "/app/asu_discord/cogs/analytics.py", line 652, in on_member_update
    before_timeout = before.timed_out_until
                     ^^^^^^^^^^^^^^^^^^^^^^
AttributeError: 'Member' object has no attribute 'timed_out_until'
Ignoring exception in on_member_update
Traceback (most recent call last):
  File "/usr/local/lib/python3.12/site-packages/discord/client.py", line 465, in _run_event
    await coro(*args, **kwargs)
  File "/app/asu_discord/cogs/analytics.py", line 652, in on_member_update
    before_timeout = before.timed_out_until
                     ^^^^^^^^^^^^^^^^^^^^^^
AttributeError: 'Member' object has no attribute 'timed_out_until'
INFO:asu_discord.cogs.verification:Saved 5 roles to database for user ayadager (Discord ID: 1487762096086056980)
INFO:asu_discord.cogs.verification:Refreshed Salesforce roles for Discord user 1487762096086056980: -5/+5 roles, assigned=[Commited, Graduate Student, International Student, Ira A. Fulton Schools of Engineering, Tempe]
Ignoring exception in on_member_update
Traceback (most recent call last):
  File "/usr/local/lib/python3.12/site-packages/discord/client.py", line 465, in _run_event
    await coro(*args, **kwargs)
  File "/app/asu_discord/cogs/analytics.py", line 652, in on_member_update
    before_timeout = before.timed_out_until
                     ^^^^^^^^^^^^^^^^^^^^^^
AttributeError: 'Member' object has no attribute 'timed_out_until'
Ignoring exception in on_member_update
Traceback (most recent call last):
  File "/usr/local/lib/python3.12/site-packages/discord/client.py", line 465, in _run_event
    await coro(*args, **kwargs)
  File "/app/asu_discord/cogs/analytics.py", line 652, in on_member_update
    before_timeout = before.timed_out_until
                     ^^^^^^^^^^^^^^^^^^^^^^
AttributeError: 'Member' object has no attribute 'timed_out_until'
Ignoring exception in on_member_update
Traceback (most recent call last):
  File "/usr/local/lib/python3.12/site-packages/discord/client.py", line 465, in _run_event
    await coro(*args, **kwargs)
  File "/app/asu_discord/cogs/analytics.py", line 652, in on_member_update
    before_timeout = before.timed_out_until
                     ^^^^^^^^^^^^^^^^^^^^^^
AttributeError: 'Member' object has no attribute 'timed_out_until'
Ignoring exception in on_member_update
Traceback (most recent call last):
  File "/usr/local/lib/python3.12/site-packages/discord/client.py", line 465, in _run_event
    await coro(*args, **kwargs)
  File "/app/asu_discord/cogs/analytics.py", line 652, in on_member_update
    before_timeout = before.timed_out_until
                     ^^^^^^^^^^^^^^^^^^^^^^
AttributeError: 'Member' object has no attribute 'timed_out_until'
Ignoring exception in on_member_update
Traceback (most recent call last):
  File "/usr/local/lib/python3.12/site-packages/discord/client.py", line 465, in _run_event
    await coro(*args, **kwargs)
  File "/app/asu_discord/cogs/analytics.py", line 652, in on_member_update
    before_timeout = before.timed_out_until
                     ^^^^^^^^^^^^^^^^^^^^^^
AttributeError: 'Member' object has no attribute 'timed_out_until'
Ignoring exception in on_member_update
Traceback (most recent call last):
  File "/usr/local/lib/python3.12/site-packages/discord/client.py", line 465, in _run_event
    await coro(*args, **kwargs)
  File "/app/asu_discord/cogs/analytics.py", line 652, in on_member_update
    before_timeout = before.timed_out_until
                     ^^^^^^^^^^^^^^^^^^^^^^
AttributeError: 'Member' object has no attribute 'timed_out_until'
Ignoring exception in on_member_update
Traceback (most recent call last):
  File "/usr/local/lib/python3.12/site-packages/discord/client.py", line 465, in _run_event
    await coro(*args, **kwargs)
  File "/app/asu_discord/cogs/analytics.py", line 652, in on_member_update
    before_timeout = before.timed_out_until
                     ^^^^^^^^^^^^^^^^^^^^^^
AttributeError: 'Member' object has no attribute 'timed_out_until'
Ignoring exception in on_member_update
Traceback (most recent call last):
  File "/usr/local/lib/python3.12/site-packages/discord/client.py", line 465, in _run_event
    await coro(*args, **kwargs)
  File "/app/asu_discord/cogs/analytics.py", line 652, in on_member_update
    before_timeout = before.timed_out_until
                     ^^^^^^^^^^^^^^^^^^^^^^
AttributeError: 'Member' object has no attribute 'timed_out_until'
INFO:asu_discord.cogs.verification:Saved 4 roles to database for user jiantin2 (Discord ID: 527820277284077570)
INFO:asu_discord.cogs.verification:Refreshed Salesforce roles for Discord user 527820277284077570: -4/+4 roles, assigned=[Graduate Student, International Student, Tempe, W.P. Carey School of Business]
Ignoring exception in on_member_update
Traceback (most recent call last):
  File "/usr/local/lib/python3.12/site-packages/discord/client.py", line 465, in _run_event
    await coro(*args, **kwargs)
  File "/app/asu_discord/cogs/analytics.py", line 652, in on_member_update
    before_timeout = before.timed_out_until
                     ^^^^^^^^^^^^^^^^^^^^^^
AttributeError: 'Member' object has no attribute 'timed_out_until'
Ignoring exception in on_member_update
Traceback (most recent call last):
  File "/usr/local/lib/python3.12/site-packages/discord/client.py", line 465, in _run_event
    await coro(*args, **kwargs)
  File "/app/asu_discord/cogs/analytics.py", line 652, in on_member_update
    before_timeout = before.timed_out_until
                     ^^^^^^^^^^^^^^^^^^^^^^
AttributeError: 'Member' object has no attribute 'timed_out_until'
Ignoring exception in on_member_update
Traceback (most recent call last):
  File "/usr/local/lib/python3.12/site-packages/discord/client.py", line 465, in _run_event
    await coro(*args, **kwargs)
  File "/app/asu_discord/cogs/analytics.py", line 652, in on_member_update
    before_timeout = before.timed_out_until
                     ^^^^^^^^^^^^^^^^^^^^^^
AttributeError: 'Member' object has no attribute 'timed_out_until'
Ignoring exception in on_member_update
Traceback (most recent call last):
  File "/usr/local/lib/python3.12/site-packages/discord/client.py", line 465, in _run_event
    await coro(*args, **kwargs)
  File "/app/asu_discord/cogs/analytics.py", line 652, in on_member_update
    before_timeout = before.timed_out_until
                     ^^^^^^^^^^^^^^^^^^^^^^
AttributeError: 'Member' object has no attribute 'timed_out_until'
Ignoring exception in on_member_update
Traceback (most recent call last):
  File "/usr/local/lib/python3.12/site-packages/discord/client.py", line 465, in _run_event
    await coro(*args, **kwargs)
  File "/app/asu_discord/cogs/analytics.py", line 652, in on_member_update
    before_timeout = before.timed_out_until
                     ^^^^^^^^^^^^^^^^^^^^^^
AttributeError: 'Member' object has no attribute 'timed_out_until'
Ignoring exception in on_member_update
Traceback (most recent call last):
  File "/usr/local/lib/python3.12/site-packages/discord/client.py", line 465, in _run_event
    await coro(*args, **kwargs)
  File "/app/asu_discord/cogs/analytics.py", line 652, in on_member_update
    before_timeout = before.timed_out_until
                     ^^^^^^^^^^^^^^^^^^^^^^
AttributeError: 'Member' object has no attribute 'timed_out_until'
Ignoring exception in on_member_update
Traceback (most recent call last):
  File "/usr/local/lib/python3.12/site-packages/discord/client.py", line 465, in _run_event
    await coro(*args, **kwargs)
  File "/app/asu_discord/cogs/analytics.py", line 652, in on_member_update
    before_timeout = before.timed_out_until
                     ^^^^^^^^^^^^^^^^^^^^^^
AttributeError: 'Member' object has no attribute 'timed_out_until'
Ignoring exception in on_member_update
Traceback (most recent call last):
  File "/usr/local/lib/python3.12/site-packages/discord/client.py", line 465, in _run_event
    await coro(*args, **kwargs)
  File "/app/asu_discord/cogs/analytics.py", line 652, in on_member_update
    before_timeout = before.timed_out_until
                     ^^^^^^^^^^^^^^^^^^^^^^
AttributeError: 'Member' object has no attribute 'timed_out_until'
Ignoring exception in on_member_update
Traceback (most recent call last):
  File "/usr/local/lib/python3.12/site-packages/discord/client.py", line 465, in _run_event
    await coro(*args, **kwargs)
  File "/app/asu_discord/cogs/analytics.py", line 652, in on_member_update
    before_timeout = before.timed_out_until
                     ^^^^^^^^^^^^^^^^^^^^^^
AttributeError: 'Member' object has no attribute 'timed_out_until'
Ignoring exception in on_member_update
Traceback (most recent call last):
  File "/usr/local/lib/python3.12/site-packages/discord/client.py", line 465, in _run_event
    await coro(*args, **kwargs)
  File "/app/asu_discord/cogs/analytics.py", line 652, in on_member_update
    before_timeout = before.timed_out_until
                     ^^^^^^^^^^^^^^^^^^^^^^
AttributeError: 'Member' object has no attribute 'timed_out_until'
INFO:asu_discord.cogs.verification:Saved 5 roles to database for user dpgeorge (Discord ID: 1489987806523822261)
INFO:asu_discord.cogs.verification:Refreshed Salesforce roles for Discord user 1489987806523822261: -5/+5 roles, assigned=[Commited, Graduate Student, Ira A. Fulton Schools of Engineering, Out of State, Polytechnic]
ERROR:cron.jobs:refresh_salesforce_roles: failed for mkamin1 (Discord ID 262280897582202893): Failed to refresh Salesforce-based roles: Discord user 262280897582202893 is not a member of the guild
Ignoring exception in on_member_update
Traceback (most recent call last):
  File "/usr/local/lib/python3.12/site-packages/discord/client.py", line 465, in _run_event
    await coro(*args, **kwargs)
  File "/app/asu_discord/cogs/analytics.py", line 652, in on_member_update
    before_timeout = before.timed_out_until
                     ^^^^^^^^^^^^^^^^^^^^^^
AttributeError: 'Member' object has no attribute 'timed_out_until'
Ignoring exception in on_member_update
Traceback (most recent call last):
  File "/usr/local/lib/python3.12/site-packages/discord/client.py", line 465, in _run_event
    await coro(*args, **kwargs)
  File "/app/asu_discord/cogs/analytics.py", line 652, in on_member_update
    before_timeout = before.timed_out_until
                     ^^^^^^^^^^^^^^^^^^^^^^
AttributeError: 'Member' object has no attribute 'timed_out_until'
Ignoring exception in on_member_update
Traceback (most recent call last):
  File "/usr/local/lib/python3.12/site-packages/discord/client.py", line 465, in _run_event
    await coro(*args, **kwargs)
  File "/app/asu_discord/cogs/analytics.py", line 652, in on_member_update
    before_timeout = before.timed_out_until
                     ^^^^^^^^^^^^^^^^^^^^^^
AttributeError: 'Member' object has no attribute 'timed_out_until'
Ignoring exception in on_member_update
Traceback (most recent call last):
  File "/usr/local/lib/python3.12/site-packages/discord/client.py", line 465, in _run_event
    await coro(*args, **kwargs)
  File "/app/asu_discord/cogs/analytics.py", line 652, in on_member_update
    before_timeout = before.timed_out_until
                     ^^^^^^^^^^^^^^^^^^^^^^
AttributeError: 'Member' object has no attribute 'timed_out_until'
Ignoring exception in on_member_update
Traceback (most recent call last):
  File "/usr/local/lib/python3.12/site-packages/discord/client.py", line 465, in _run_event
    await coro(*args, **kwargs)
  File "/app/asu_discord/cogs/analytics.py", line 652, in on_member_update
    before_timeout = before.timed_out_until
                     ^^^^^^^^^^^^^^^^^^^^^^
AttributeError: 'Member' object has no attribute 'timed_out_until'
Ignoring exception in on_member_update
Traceback (most recent call last):
  File "/usr/local/lib/python3.12/site-packages/discord/client.py", line 465, in _run_event
    await coro(*args, **kwargs)
  File "/app/asu_discord/cogs/analytics.py", line 652, in on_member_update
    before_timeout = before.timed_out_until
                     ^^^^^^^^^^^^^^^^^^^^^^
AttributeError: 'Member' object has no attribute 'timed_out_until'
Ignoring exception in on_member_update
Traceback (most recent call last):
  File "/usr/local/lib/python3.12/site-packages/discord/client.py", line 465, in _run_event
    await coro(*args, **kwargs)
  File "/app/asu_discord/cogs/analytics.py", line 652, in on_member_update
    before_timeout = before.timed_out_until
                     ^^^^^^^^^^^^^^^^^^^^^^
AttributeError: 'Member' object has no attribute 'timed_out_until'
Ignoring exception in on_member_update
Traceback (most recent call last):
  File "/usr/local/lib/python3.12/site-packages/discord/client.py", line 465, in _run_event
    await coro(*args, **kwargs)
  File "/app/asu_discord/cogs/analytics.py", line 652, in on_member_update
    before_timeout = before.timed_out_until
                     ^^^^^^^^^^^^^^^^^^^^^^
AttributeError: 'Member' object has no attribute 'timed_out_until'
Ignoring exception in on_member_update
Traceback (most recent call last):
  File "/usr/local/lib/python3.12/site-packages/discord/client.py", line 465, in _run_event
    await coro(*args, **kwargs)
  File "/app/asu_discord/cogs/analytics.py", line 652, in on_member_update
    before_timeout = before.timed_out_until
                     ^^^^^^^^^^^^^^^^^^^^^^
AttributeError: 'Member' object has no attribute 'timed_out_until'
Ignoring exception in on_member_update
Traceback (most recent call last):
  File "/usr/local/lib/python3.12/site-packages/discord/client.py", line 465, in _run_event
    await coro(*args, **kwargs)
  File "/app/asu_discord/cogs/analytics.py", line 652, in on_member_update
    before_timeout = before.timed_out_until
                     ^^^^^^^^^^^^^^^^^^^^^^
AttributeError: 'Member' object has no attribute 'timed_out_until'
INFO:asu_discord.cogs.verification:Saved 5 roles to database for user kharr168 (Discord ID: 779472626606800977)
INFO:asu_discord.cogs.verification:Refreshed Salesforce roles for Discord user 779472626606800977: -5/+5 roles, assigned=[Arizona Resident, Commited, Tempe, Transfer Student, W.P. Carey School of Business]
Ignoring exception in on_member_update
Traceback (most recent call last):
  File "/usr/local/lib/python3.12/site-packages/discord/client.py", line 465, in _run_event
    await coro(*args, **kwargs)
  File "/app/asu_discord/cogs/analytics.py", line 652, in on_member_update
    before_timeout = before.timed_out_until
                     ^^^^^^^^^^^^^^^^^^^^^^
AttributeError: 'Member' object has no attribute 'timed_out_until'
Ignoring exception in on_member_update
Traceback (most recent call last):
  File "/usr/local/lib/python3.12/site-packages/discord/client.py", line 465, in _run_event
    await coro(*args, **kwargs)
  File "/app/asu_discord/cogs/analytics.py", line 652, in on_member_update
    before_timeout = before.timed_out_until
                     ^^^^^^^^^^^^^^^^^^^^^^
AttributeError: 'Member' object has no attribute 'timed_out_until'
Ignoring exception in on_member_update
Traceback (most recent call last):
  File "/usr/local/lib/python3.12/site-packages/discord/client.py", line 465, in _run_event
    await coro(*args, **kwargs)
  File "/app/asu_discord/cogs/analytics.py", line 652, in on_member_update
    before_timeout = before.timed_out_until
                     ^^^^^^^^^^^^^^^^^^^^^^
AttributeError: 'Member' object has no attribute 'timed_out_until'
Ignoring exception in on_member_update
Traceback (most recent call last):
  File "/usr/local/lib/python3.12/site-packages/discord/client.py", line 465, in _run_event
    await coro(*args, **kwargs)
  File "/app/asu_discord/cogs/analytics.py", line 652, in on_member_update
    before_timeout = before.timed_out_until
                     ^^^^^^^^^^^^^^^^^^^^^^
AttributeError: 'Member' object has no attribute 'timed_out_until'
Ignoring exception in on_member_update
Traceback (most recent call last):
  File "/usr/local/lib/python3.12/site-packages/discord/client.py", line 465, in _run_event
    await coro(*args, **kwargs)
  File "/app/asu_discord/cogs/analytics.py", line 652, in on_member_update
    before_timeout = before.timed_out_until
                     ^^^^^^^^^^^^^^^^^^^^^^
AttributeError: 'Member' object has no attribute 'timed_out_until'
Ignoring exception in on_member_update
Traceback (most recent call last):
  File "/usr/local/lib/python3.12/site-packages/discord/client.py", line 465, in _run_event
    await coro(*args, **kwargs)
  File "/app/asu_discord/cogs/analytics.py", line 652, in on_member_update
    before_timeout = before.timed_out_until
                     ^^^^^^^^^^^^^^^^^^^^^^
AttributeError: 'Member' object has no attribute 'timed_out_until'
Ignoring exception in on_member_update
Traceback (most recent call last):
  File "/usr/local/lib/python3.12/site-packages/discord/client.py", line 465, in _run_event
    await coro(*args, **kwargs)
  File "/app/asu_discord/cogs/analytics.py", line 652, in on_member_update
    before_timeout = before.timed_out_until
                     ^^^^^^^^^^^^^^^^^^^^^^
AttributeError: 'Member' object has no attribute 'timed_out_until'
Ignoring exception in on_member_update
Traceback (most recent call last):
  File "/usr/local/lib/python3.12/site-packages/discord/client.py", line 465, in _run_event
    await coro(*args, **kwargs)
  File "/app/asu_discord/cogs/analytics.py", line 652, in on_member_update
    before_timeout = before.timed_out_until
                     ^^^^^^^^^^^^^^^^^^^^^^
AttributeError: 'Member' object has no attribute 'timed_out_until'
Ignoring exception in on_member_update
Traceback (most recent call last):
  File "/usr/local/lib/python3.12/site-packages/discord/client.py", line 465, in _run_event
    await coro(*args, **kwargs)
  File "/app/asu_discord/cogs/analytics.py", line 652, in on_member_update
    before_timeout = before.timed_out_until
                     ^^^^^^^^^^^^^^^^^^^^^^
AttributeError: 'Member' object has no attribute 'timed_out_until'
Ignoring exception in on_member_update
Traceback (most recent call last):
  File "/usr/local/lib/python3.12/site-packages/discord/client.py", line 465, in _run_event
    await coro(*args, **kwargs)
  File "/app/asu_discord/cogs/analytics.py", line 652, in on_member_update
    before_timeout = before.timed_out_until
                     ^^^^^^^^^^^^^^^^^^^^^^
AttributeError: 'Member' object has no attribute 'timed_out_until'
INFO:asu_discord.cogs.verification:Saved 5 roles to database for user tlandres (Discord ID: 895744371356479518)
INFO:asu_discord.cogs.verification:Refreshed Salesforce roles for Discord user 895744371356479518: -5/+5 roles, assigned=[Commited, First Year, Ira A. Fulton Schools of Engineering, Out of State, Tempe]
Ignoring exception in on_member_update
Traceback (most recent call last):
  File "/usr/local/lib/python3.12/site-packages/discord/client.py", line 465, in _run_event
    await coro(*args, **kwargs)
  File "/app/asu_discord/cogs/analytics.py", line 652, in on_member_update
    before_timeout = before.timed_out_until
                     ^^^^^^^^^^^^^^^^^^^^^^
AttributeError: 'Member' object has no attribute 'timed_out_until'
Ignoring exception in on_member_update
Traceback (most recent call last):
  File "/usr/local/lib/python3.12/site-packages/discord/client.py", line 465, in _run_event
    await coro(*args, **kwargs)
  File "/app/asu_discord/cogs/analytics.py", line 652, in on_member_update
    before_timeout = before.timed_out_until
                     ^^^^^^^^^^^^^^^^^^^^^^
AttributeError: 'Member' object has no attribute 'timed_out_until'
Ignoring exception in on_member_update
Traceback (most recent call last):
  File "/usr/local/lib/python3.12/site-packages/discord/client.py", line 465, in _run_event
    await coro(*args, **kwargs)
  File "/app/asu_discord/cogs/analytics.py", line 652, in on_member_update
    before_timeout = before.timed_out_until
                     ^^^^^^^^^^^^^^^^^^^^^^
AttributeError: 'Member' object has no attribute 'timed_out_until'
Ignoring exception in on_member_update
Traceback (most recent call last):
  File "/usr/local/lib/python3.12/site-packages/discord/client.py", line 465, in _run_event
    await coro(*args, **kwargs)
  File "/app/asu_discord/cogs/analytics.py", line 652, in on_member_update
    before_timeout = before.timed_out_until
                     ^^^^^^^^^^^^^^^^^^^^^^
AttributeError: 'Member' object has no attribute 'timed_out_until'
Ignoring exception in on_member_update
Traceback (most recent call last):
  File "/usr/local/lib/python3.12/site-packages/discord/client.py", line 465, in _run_event
    await coro(*args, **kwargs)
  File "/app/asu_discord/cogs/analytics.py", line 652, in on_member_update
    before_timeout = before.timed_out_until
                     ^^^^^^^^^^^^^^^^^^^^^^
AttributeError: 'Member' object has no attribute 'timed_out_until'
Ignoring exception in on_member_update
Traceback (most recent call last):
  File "/usr/local/lib/python3.12/site-packages/discord/client.py", line 465, in _run_event
    await coro(*args, **kwargs)
  File "/app/asu_discord/cogs/analytics.py", line 652, in on_member_update
    before_timeout = before.timed_out_until
                     ^^^^^^^^^^^^^^^^^^^^^^
AttributeError: 'Member' object has no attribute 'timed_out_until'
Ignoring exception in on_member_update
Traceback (most recent call last):
  File "/usr/local/lib/python3.12/site-packages/discord/client.py", line 465, in _run_event
    await coro(*args, **kwargs)
  File "/app/asu_discord/cogs/analytics.py", line 652, in on_member_update
    before_timeout = before.timed_out_until
                     ^^^^^^^^^^^^^^^^^^^^^^
AttributeError: 'Member' object has no attribute 'timed_out_until'
Ignoring exception in on_member_update
Traceback (most recent call last):
  File "/usr/local/lib/python3.12/site-packages/discord/client.py", line 465, in _run_event
    await coro(*args, **kwargs)
  File "/app/asu_discord/cogs/analytics.py", line 652, in on_member_update
    before_timeout = before.timed_out_until
                     ^^^^^^^^^^^^^^^^^^^^^^
AttributeError: 'Member' object has no attribute 'timed_out_until'
Ignoring exception in on_member_update
Traceback (most recent call last):
  File "/usr/local/lib/python3.12/site-packages/discord/client.py", line 465, in _run_event
    await coro(*args, **kwargs)
  File "/app/asu_discord/cogs/analytics.py", line 652, in on_member_update
    before_timeout = before.timed_out_until
                     ^^^^^^^^^^^^^^^^^^^^^^
AttributeError: 'Member' object has no attribute 'timed_out_until'
Ignoring exception in on_member_update
Traceback (most recent call last):
  File "/usr/local/lib/python3.12/site-packages/discord/client.py", line 465, in _run_event
    await coro(*args, **kwargs)
  File "/app/asu_discord/cogs/analytics.py", line 652, in on_member_update
    before_timeout = before.timed_out_until
                     ^^^^^^^^^^^^^^^^^^^^^^
AttributeError: 'Member' object has no attribute 'timed_out_until'
INFO:asu_discord.cogs.verification:Saved 5 roles to database for user rnmuniz (Discord ID: 896168092101652520)
INFO:asu_discord.cogs.verification:Refreshed Salesforce roles for Discord user 896168092101652520: -5/+5 roles, assigned=[Arizona Resident, Commited, Downtown Phoenix, First Year, Watts College of Public Service and Community Solutions]
Ignoring exception in on_member_update
Traceback (most recent call last):
  File "/usr/local/lib/python3.12/site-packages/discord/client.py", line 465, in _run_event
    await coro(*args, **kwargs)
  File "/app/asu_discord/cogs/analytics.py", line 652, in on_member_update
    before_timeout = before.timed_out_until
                     ^^^^^^^^^^^^^^^^^^^^^^
AttributeError: 'Member' object has no attribute 'timed_out_until'
Ignoring exception in on_member_update
Traceback (most recent call last):
  File "/usr/local/lib/python3.12/site-packages/discord/client.py", line 465, in _run_event
    await coro(*args, **kwargs)
  File "/app/asu_discord/cogs/analytics.py", line 652, in on_member_update
    before_timeout = before.timed_out_until
                     ^^^^^^^^^^^^^^^^^^^^^^
AttributeError: 'Member' object has no attribute 'timed_out_until'
Ignoring exception in on_member_update
Traceback (most recent call last):
  File "/usr/local/lib/python3.12/site-packages/discord/client.py", line 465, in _run_event
    await coro(*args, **kwargs)
  File "/app/asu_discord/cogs/analytics.py", line 652, in on_member_update
    before_timeout = before.timed_out_until
                     ^^^^^^^^^^^^^^^^^^^^^^
AttributeError: 'Member' object has no attribute 'timed_out_until'
Ignoring exception in on_member_update
Traceback (most recent call last):
  File "/usr/local/lib/python3.12/site-packages/discord/client.py", line 465, in _run_event
    await coro(*args, **kwargs)
  File "/app/asu_discord/cogs/analytics.py", line 652, in on_member_update
    before_timeout = before.timed_out_until
                     ^^^^^^^^^^^^^^^^^^^^^^
AttributeError: 'Member' object has no attribute 'timed_out_until'
Ignoring exception in on_member_update
Traceback (most recent call last):
  File "/usr/local/lib/python3.12/site-packages/discord/client.py", line 465, in _run_event
    await coro(*args, **kwargs)
  File "/app/asu_discord/cogs/analytics.py", line 652, in on_member_update
    before_timeout = before.timed_out_until
                     ^^^^^^^^^^^^^^^^^^^^^^
AttributeError: 'Member' object has no attribute 'timed_out_until'
Ignoring exception in on_member_update
Traceback (most recent call last):
  File "/usr/local/lib/python3.12/site-packages/discord/client.py", line 465, in _run_event
    await coro(*args, **kwargs)
  File "/app/asu_discord/cogs/analytics.py", line 652, in on_member_update
    before_timeout = before.timed_out_until
                     ^^^^^^^^^^^^^^^^^^^^^^
AttributeError: 'Member' object has no attribute 'timed_out_until'
Ignoring exception in on_member_update
Traceback (most recent call last):
  File "/usr/local/lib/python3.12/site-packages/discord/client.py", line 465, in _run_event
    await coro(*args, **kwargs)
  File "/app/asu_discord/cogs/analytics.py", line 652, in on_member_update
    before_timeout = before.timed_out_until
                     ^^^^^^^^^^^^^^^^^^^^^^
AttributeError: 'Member' object has no attribute 'timed_out_until'
Ignoring exception in on_member_update
Traceback (most recent call last):
  File "/usr/local/lib/python3.12/site-packages/discord/client.py", line 465, in _run_event
    await coro(*args, **kwargs)
  File "/app/asu_discord/cogs/analytics.py", line 652, in on_member_update
    before_timeout = before.timed_out_until
                     ^^^^^^^^^^^^^^^^^^^^^^
AttributeError: 'Member' object has no attribute 'timed_out_until'
Ignoring exception in on_member_update
Traceback (most recent call last):
  File "/usr/local/lib/python3.12/site-packages/discord/client.py", line 465, in _run_event
    await coro(*args, **kwargs)
  File "/app/asu_discord/cogs/analytics.py", line 652, in on_member_update
    before_timeout = before.timed_out_until
                     ^^^^^^^^^^^^^^^^^^^^^^
AttributeError: 'Member' object has no attribute 'timed_out_until'
INFO:asu_discord.cogs.verification:Saved 5 roles to database for user tsrose (Discord ID: 722957287265796148)
INFO:asu_discord.cogs.verification:Refreshed Salesforce roles for Discord user 722957287265796148: -4/+5 roles, assigned=[Commited, First Year, Out of State, Tempe, W.P. Carey School of Business]
Ignoring exception in on_member_update
Traceback (most recent call last):
  File "/usr/local/lib/python3.12/site-packages/discord/client.py", line 465, in _run_event
    await coro(*args, **kwargs)
  File "/app/asu_discord/cogs/analytics.py", line 652, in on_member_update
    before_timeout = before.timed_out_until
                     ^^^^^^^^^^^^^^^^^^^^^^
AttributeError: 'Member' object has no attribute 'timed_out_until'
Ignoring exception in on_member_update
Traceback (most recent call last):
  File "/usr/local/lib/python3.12/site-packages/discord/client.py", line 465, in _run_event
    await coro(*args, **kwargs)
  File "/app/asu_discord/cogs/analytics.py", line 652, in on_member_update
    before_timeout = before.timed_out_until
                     ^^^^^^^^^^^^^^^^^^^^^^
AttributeError: 'Member' object has no attribute 'timed_out_until'
Ignoring exception in on_member_update
Traceback (most recent call last):
  File "/usr/local/lib/python3.12/site-packages/discord/client.py", line 465, in _run_event
    await coro(*args, **kwargs)
  File "/app/asu_discord/cogs/analytics.py", line 652, in on_member_update
    before_timeout = before.timed_out_until
                     ^^^^^^^^^^^^^^^^^^^^^^
AttributeError: 'Member' object has no attribute 'timed_out_until'
Ignoring exception in on_member_update
Traceback (most recent call last):
  File "/usr/local/lib/python3.12/site-packages/discord/client.py", line 465, in _run_event
    await coro(*args, **kwargs)
  File "/app/asu_discord/cogs/analytics.py", line 652, in on_member_update
    before_timeout = before.timed_out_until
                     ^^^^^^^^^^^^^^^^^^^^^^
AttributeError: 'Member' object has no attribute 'timed_out_until'
Ignoring exception in on_member_update
Traceback (most recent call last):
  File "/usr/local/lib/python3.12/site-packages/discord/client.py", line 465, in _run_event
    await coro(*args, **kwargs)
  File "/app/asu_discord/cogs/analytics.py", line 652, in on_member_update
    before_timeout = before.timed_out_until
                     ^^^^^^^^^^^^^^^^^^^^^^
AttributeError: 'Member' object has no attribute 'timed_out_until'
Ignoring exception in on_member_update
Traceback (most recent call last):
  File "/usr/local/lib/python3.12/site-packages/discord/client.py", line 465, in _run_event
    await coro(*args, **kwargs)
  File "/app/asu_discord/cogs/analytics.py", line 652, in on_member_update
    before_timeout = before.timed_out_until
                     ^^^^^^^^^^^^^^^^^^^^^^
AttributeError: 'Member' object has no attribute 'timed_out_until'
Ignoring exception in on_member_update
Traceback (most recent call last):
  File "/usr/local/lib/python3.12/site-packages/discord/client.py", line 465, in _run_event
    await coro(*args, **kwargs)
  File "/app/asu_discord/cogs/analytics.py", line 652, in on_member_update
    before_timeout = before.timed_out_until
                     ^^^^^^^^^^^^^^^^^^^^^^
AttributeError: 'Member' object has no attribute 'timed_out_until'
Ignoring exception in on_member_update
Traceback (most recent call last):
  File "/usr/local/lib/python3.12/site-packages/discord/client.py", line 465, in _run_event
    await coro(*args, **kwargs)
  File "/app/asu_discord/cogs/analytics.py", line 652, in on_member_update
    before_timeout = before.timed_out_until
                     ^^^^^^^^^^^^^^^^^^^^^^
AttributeError: 'Member' object has no attribute 'timed_out_until'
INFO:asu_discord.cogs.verification:Saved 4 roles to database for user mstempe1 (Discord ID: 1308635533810991155)
INFO:asu_discord.cogs.verification:Refreshed Salesforce roles for Discord user 1308635533810991155: -4/+4 roles, assigned=[College of Liberal Arts and Sciences, Graduate Student, Out of State, Tempe]
Ignoring exception in on_member_update
Traceback (most recent call last):
  File "/usr/local/lib/python3.12/site-packages/discord/client.py", line 465, in _run_event
    await coro(*args, **kwargs)
  File "/app/asu_discord/cogs/analytics.py", line 652, in on_member_update
    before_timeout = before.timed_out_until
                     ^^^^^^^^^^^^^^^^^^^^^^
AttributeError: 'Member' object has no attribute 'timed_out_until'
Ignoring exception in on_member_update
Traceback (most recent call last):
  File "/usr/local/lib/python3.12/site-packages/discord/client.py", line 465, in _run_event
    await coro(*args, **kwargs)
  File "/app/asu_discord/cogs/analytics.py", line 652, in on_member_update
    before_timeout = before.timed_out_until
                     ^^^^^^^^^^^^^^^^^^^^^^
AttributeError: 'Member' object has no attribute 'timed_out_until'
Ignoring exception in on_member_update
Traceback (most recent call last):
  File "/usr/local/lib/python3.12/site-packages/discord/client.py", line 465, in _run_event
    await coro(*args, **kwargs)
  File "/app/asu_discord/cogs/analytics.py", line 652, in on_member_update
    before_timeout = before.timed_out_until
                     ^^^^^^^^^^^^^^^^^^^^^^
AttributeError: 'Member' object has no attribute 'timed_out_until'
Ignoring exception in on_member_update
Traceback (most recent call last):
  File "/usr/local/lib/python3.12/site-packages/discord/client.py", line 465, in _run_event
    await coro(*args, **kwargs)
  File "/app/asu_discord/cogs/analytics.py", line 652, in on_member_update
    before_timeout = before.timed_out_until
                     ^^^^^^^^^^^^^^^^^^^^^^
AttributeError: 'Member' object has no attribute 'timed_out_until'
Ignoring exception in on_member_update
Traceback (most recent call last):
  File "/usr/local/lib/python3.12/site-packages/discord/client.py", line 465, in _run_event
    await coro(*args, **kwargs)
  File "/app/asu_discord/cogs/analytics.py", line 652, in on_member_update
    before_timeout = before.timed_out_until
                     ^^^^^^^^^^^^^^^^^^^^^^
AttributeError: 'Member' object has no attribute 'timed_out_until'
Ignoring exception in on_member_update
Traceback (most recent call last):
  File "/usr/local/lib/python3.12/site-packages/discord/client.py", line 465, in _run_event
    await coro(*args, **kwargs)
  File "/app/asu_discord/cogs/analytics.py", line 652, in on_member_update
    before_timeout = before.timed_out_until
                     ^^^^^^^^^^^^^^^^^^^^^^
AttributeError: 'Member' object has no attribute 'timed_out_until'
Ignoring exception in on_member_update
Traceback (most recent call last):
  File "/usr/local/lib/python3.12/site-packages/discord/client.py", line 465, in _run_event
    await coro(*args, **kwargs)
  File "/app/asu_discord/cogs/analytics.py", line 652, in on_member_update
    before_timeout = before.timed_out_until
                     ^^^^^^^^^^^^^^^^^^^^^^
AttributeError: 'Member' object has no attribute 'timed_out_until'
Ignoring exception in on_member_update
Traceback (most recent call last):
  File "/usr/local/lib/python3.12/site-packages/discord/client.py", line 465, in _run_event
    await coro(*args, **kwargs)
  File "/app/asu_discord/cogs/analytics.py", line 652, in on_member_update
    before_timeout = before.timed_out_until
                     ^^^^^^^^^^^^^^^^^^^^^^
AttributeError: 'Member' object has no attribute 'timed_out_until'
Ignoring exception in on_member_update
Traceback (most recent call last):
  File "/usr/local/lib/python3.12/site-packages/discord/client.py", line 465, in _run_event
    await coro(*args, **kwargs)
  File "/app/asu_discord/cogs/analytics.py", line 652, in on_member_update
    before_timeout = before.timed_out_until
                     ^^^^^^^^^^^^^^^^^^^^^^
AttributeError: 'Member' object has no attribute 'timed_out_until'
Ignoring exception in on_member_update
Traceback (most recent call last):
  File "/usr/local/lib/python3.12/site-packages/discord/client.py", line 465, in _run_event
    await coro(*args, **kwargs)
  File "/app/asu_discord/cogs/analytics.py", line 652, in on_member_update
    before_timeout = before.timed_out_until
                     ^^^^^^^^^^^^^^^^^^^^^^
AttributeError: 'Member' object has no attribute 'timed_out_until'
Ignoring exception in on_member_update
Traceback (most recent call last):
  File "/usr/local/lib/python3.12/site-packages/discord/client.py", line 465, in _run_event
    await coro(*args, **kwargs)
  File "/app/asu_discord/cogs/analytics.py", line 652, in on_member_update
    before_timeout = before.timed_out_until
                     ^^^^^^^^^^^^^^^^^^^^^^
AttributeError: 'Member' object has no attribute 'timed_out_until'
Ignoring exception in on_member_update
Traceback (most recent call last):
  File "/usr/local/lib/python3.12/site-packages/discord/client.py", line 465, in _run_event
    await coro(*args, **kwargs)
  File "/app/asu_discord/cogs/analytics.py", line 652, in on_member_update
    before_timeout = before.timed_out_until
                     ^^^^^^^^^^^^^^^^^^^^^^
AttributeError: 'Member' object has no attribute 'timed_out_until'
INFO:asu_discord.cogs.verification:Saved 6 roles to database for user whsu30 (Discord ID: 1509031051941380106)
INFO:asu_discord.cogs.verification:Refreshed Salesforce roles for Discord user 1509031051941380106: -6/+6 roles, assigned=[College of Liberal Arts and Sciences, Commited, First Generation Student, Graduate Student, International Student, Tempe]
ERROR:cron.jobs:refresh_salesforce_roles: failed for ybweiss (Discord ID 1222350258676170774): Failed to refresh Salesforce-based roles: Discord user 1222350258676170774 is not a member of the guild
Ignoring exception in on_member_update
Traceback (most recent call last):
  File "/usr/local/lib/python3.12/site-packages/discord/client.py", line 465, in _run_event
    await coro(*args, **kwargs)
  File "/app/asu_discord/cogs/analytics.py", line 652, in on_member_update
    before_timeout = before.timed_out_until
                     ^^^^^^^^^^^^^^^^^^^^^^
AttributeError: 'Member' object has no attribute 'timed_out_until'
Ignoring exception in on_member_update
Traceback (most recent call last):
  File "/usr/local/lib/python3.12/site-packages/discord/client.py", line 465, in _run_event
    await coro(*args, **kwargs)
  File "/app/asu_discord/cogs/analytics.py", line 652, in on_member_update
    before_timeout = before.timed_out_until
                     ^^^^^^^^^^^^^^^^^^^^^^
AttributeError: 'Member' object has no attribute 'timed_out_until'
Ignoring exception in on_member_update
Traceback (most recent call last):
  File "/usr/local/lib/python3.12/site-packages/discord/client.py", line 465, in _run_event
    await coro(*args, **kwargs)
  File "/app/asu_discord/cogs/analytics.py", line 652, in on_member_update
    before_timeout = before.timed_out_until
                     ^^^^^^^^^^^^^^^^^^^^^^
AttributeError: 'Member' object has no attribute 'timed_out_until'
Ignoring exception in on_member_update
Traceback (most recent call last):
  File "/usr/local/lib/python3.12/site-packages/discord/client.py", line 465, in _run_event
    await coro(*args, **kwargs)
  File "/app/asu_discord/cogs/analytics.py", line 652, in on_member_update
    before_timeout = before.timed_out_until
                     ^^^^^^^^^^^^^^^^^^^^^^
AttributeError: 'Member' object has no attribute 'timed_out_until'
Ignoring exception in on_member_update
Traceback (most recent call last):
  File "/usr/local/lib/python3.12/site-packages/discord/client.py", line 465, in _run_event
    await coro(*args, **kwargs)
  File "/app/asu_discord/cogs/analytics.py", line 652, in on_member_update
    before_timeout = before.timed_out_until
                     ^^^^^^^^^^^^^^^^^^^^^^
AttributeError: 'Member' object has no attribute 'timed_out_until'
Ignoring exception in on_member_update
Traceback (most recent call last):
  File "/usr/local/lib/python3.12/site-packages/discord/client.py", line 465, in _run_event
    await coro(*args, **kwargs)
  File "/app/asu_discord/cogs/analytics.py", line 652, in on_member_update
    before_timeout = before.timed_out_until
                     ^^^^^^^^^^^^^^^^^^^^^^
AttributeError: 'Member' object has no attribute 'timed_out_until'
Ignoring exception in on_member_update
Traceback (most recent call last):
  File "/usr/local/lib/python3.12/site-packages/discord/client.py", line 465, in _run_event
    await coro(*args, **kwargs)
  File "/app/asu_discord/cogs/analytics.py", line 652, in on_member_update
    before_timeout = before.timed_out_until
                     ^^^^^^^^^^^^^^^^^^^^^^
AttributeError: 'Member' object has no attribute 'timed_out_until'
Ignoring exception in on_member_update
Traceback (most recent call last):
  File "/usr/local/lib/python3.12/site-packages/discord/client.py", line 465, in _run_event
    await coro(*args, **kwargs)
  File "/app/asu_discord/cogs/analytics.py", line 652, in on_member_update
    before_timeout = before.timed_out_until
                     ^^^^^^^^^^^^^^^^^^^^^^
AttributeError: 'Member' object has no attribute 'timed_out_until'
Ignoring exception in on_member_update
Traceback (most recent call last):
  File "/usr/local/lib/python3.12/site-packages/discord/client.py", line 465, in _run_event
    await coro(*args, **kwargs)
  File "/app/asu_discord/cogs/analytics.py", line 652, in on_member_update
    before_timeout = before.timed_out_until
                     ^^^^^^^^^^^^^^^^^^^^^^
AttributeError: 'Member' object has no attribute 'timed_out_until'
Ignoring exception in on_member_update
Traceback (most recent call last):
  File "/usr/local/lib/python3.12/site-packages/discord/client.py", line 465, in _run_event
    await coro(*args, **kwargs)
  File "/app/asu_discord/cogs/analytics.py", line 652, in on_member_update
    before_timeout = before.timed_out_until
                     ^^^^^^^^^^^^^^^^^^^^^^
AttributeError: 'Member' object has no attribute 'timed_out_until'
Ignoring exception in on_member_update
Traceback (most recent call last):
  File "/usr/local/lib/python3.12/site-packages/discord/client.py", line 465, in _run_event
    await coro(*args, **kwargs)
  File "/app/asu_discord/cogs/analytics.py", line 652, in on_member_update
    before_timeout = before.timed_out_until
                     ^^^^^^^^^^^^^^^^^^^^^^
AttributeError: 'Member' object has no attribute 'timed_out_until'
Ignoring exception in on_member_update
Traceback (most recent call last):
  File "/usr/local/lib/python3.12/site-packages/discord/client.py", line 465, in _run_event
    await coro(*args, **kwargs)
  File "/app/asu_discord/cogs/analytics.py", line 652, in on_member_update
    before_timeout = before.timed_out_until
                     ^^^^^^^^^^^^^^^^^^^^^^
AttributeError: 'Member' object has no attribute 'timed_out_until'
INFO:asu_discord.cogs.verification:Saved 6 roles to database for user rrungta2 (Discord ID: 482451203473801236)
INFO:asu_discord.cogs.verification:Refreshed Salesforce roles for Discord user 482451203473801236: -6/+6 roles, assigned=[Arizona Resident, College of Integrative Sciences and Arts, Commited, Graduate Student, Online, Tempe]
Ignoring exception in on_member_update
Traceback (most recent call last):
  File "/usr/local/lib/python3.12/site-packages/discord/client.py", line 465, in _run_event
    await coro(*args, **kwargs)
  File "/app/asu_discord/cogs/analytics.py", line 652, in on_member_update
    before_timeout = before.timed_out_until
                     ^^^^^^^^^^^^^^^^^^^^^^
AttributeError: 'Member' object has no attribute 'timed_out_until'
Ignoring exception in on_member_update
Traceback (most recent call last):
  File "/usr/local/lib/python3.12/site-packages/discord/client.py", line 465, in _run_event
    await coro(*args, **kwargs)
  File "/app/asu_discord/cogs/analytics.py", line 652, in on_member_update
    before_timeout = before.timed_out_until
                     ^^^^^^^^^^^^^^^^^^^^^^
AttributeError: 'Member' object has no attribute 'timed_out_until'
Ignoring exception in on_member_update
Traceback (most recent call last):
  File "/usr/local/lib/python3.12/site-packages/discord/client.py", line 465, in _run_event
    await coro(*args, **kwargs)
  File "/app/asu_discord/cogs/analytics.py", line 652, in on_member_update
    before_timeout = before.timed_out_until
                     ^^^^^^^^^^^^^^^^^^^^^^
AttributeError: 'Member' object has no attribute 'timed_out_until'
Ignoring exception in on_member_update
Traceback (most recent call last):
  File "/usr/local/lib/python3.12/site-packages/discord/client.py", line 465, in _run_event
    await coro(*args, **kwargs)
  File "/app/asu_discord/cogs/analytics.py", line 652, in on_member_update
    before_timeout = before.timed_out_until
                     ^^^^^^^^^^^^^^^^^^^^^^
AttributeError: 'Member' object has no attribute 'timed_out_until'
Ignoring exception in on_member_update
Traceback (most recent call last):
  File "/usr/local/lib/python3.12/site-packages/discord/client.py", line 465, in _run_event
    await coro(*args, **kwargs)
  File "/app/asu_discord/cogs/analytics.py", line 652, in on_member_update
    before_timeout = before.timed_out_until
                     ^^^^^^^^^^^^^^^^^^^^^^
AttributeError: 'Member' object has no attribute 'timed_out_until'
Ignoring exception in on_member_update
Traceback (most recent call last):
  File "/usr/local/lib/python3.12/site-packages/discord/client.py", line 465, in _run_event
    await coro(*args, **kwargs)
  File "/app/asu_discord/cogs/analytics.py", line 652, in on_member_update
    before_timeout = before.timed_out_until
                     ^^^^^^^^^^^^^^^^^^^^^^
AttributeError: 'Member' object has no attribute 'timed_out_until'
Ignoring exception in on_member_update
Traceback (most recent call last):
  File "/usr/local/lib/python3.12/site-packages/discord/client.py", line 465, in _run_event
    await coro(*args, **kwargs)
  File "/app/asu_discord/cogs/analytics.py", line 652, in on_member_update
    before_timeout = before.timed_out_until
                     ^^^^^^^^^^^^^^^^^^^^^^
AttributeError: 'Member' object has no attribute 'timed_out_until'
Ignoring exception in on_member_update
Traceback (most recent call last):
  File "/usr/local/lib/python3.12/site-packages/discord/client.py", line 465, in _run_event
    await coro(*args, **kwargs)
  File "/app/asu_discord/cogs/analytics.py", line 652, in on_member_update
    before_timeout = before.timed_out_until
                     ^^^^^^^^^^^^^^^^^^^^^^
AttributeError: 'Member' object has no attribute 'timed_out_until'
Ignoring exception in on_member_update
Traceback (most recent call last):
  File "/usr/local/lib/python3.12/site-packages/discord/client.py", line 465, in _run_event
    await coro(*args, **kwargs)
  File "/app/asu_discord/cogs/analytics.py", line 652, in on_member_update
    before_timeout = before.timed_out_until
                     ^^^^^^^^^^^^^^^^^^^^^^
AttributeError: 'Member' object has no attribute 'timed_out_until'
Ignoring exception in on_member_update
Traceback (most recent call last):
  File "/usr/local/lib/python3.12/site-packages/discord/client.py", line 465, in _run_event
    await coro(*args, **kwargs)
  File "/app/asu_discord/cogs/analytics.py", line 652, in on_member_update
    before_timeout = before.timed_out_until
                     ^^^^^^^^^^^^^^^^^^^^^^
AttributeError: 'Member' object has no attribute 'timed_out_until'
INFO:asu_discord.cogs.verification:Saved 5 roles to database for user qokerlun (Discord ID: 653687403818778625)
INFO:asu_discord.cogs.verification:Refreshed Salesforce roles for Discord user 653687403818778625: -5/+5 roles, assigned=[Arizona Resident, Commited, First Year, Ira A. Fulton Schools of Engineering, Tempe]
Ignoring exception in on_member_update
Traceback (most recent call last):
  File "/usr/local/lib/python3.12/site-packages/discord/client.py", line 465, in _run_event
    await coro(*args, **kwargs)
  File "/app/asu_discord/cogs/analytics.py", line 652, in on_member_update
    before_timeout = before.timed_out_until
                     ^^^^^^^^^^^^^^^^^^^^^^
AttributeError: 'Member' object has no attribute 'timed_out_until'
Ignoring exception in on_member_update
Traceback (most recent call last):
  File "/usr/local/lib/python3.12/site-packages/discord/client.py", line 465, in _run_event
    await coro(*args, **kwargs)
  File "/app/asu_discord/cogs/analytics.py", line 652, in on_member_update
    before_timeout = before.timed_out_until
                     ^^^^^^^^^^^^^^^^^^^^^^
AttributeError: 'Member' object has no attribute 'timed_out_until'
Ignoring exception in on_member_update
Traceback (most recent call last):
  File "/usr/local/lib/python3.12/site-packages/discord/client.py", line 465, in _run_event
    await coro(*args, **kwargs)
  File "/app/asu_discord/cogs/analytics.py", line 652, in on_member_update
    before_timeout = before.timed_out_until
                     ^^^^^^^^^^^^^^^^^^^^^^
AttributeError: 'Member' object has no attribute 'timed_out_until'
Ignoring exception in on_member_update
Traceback (most recent call last):
  File "/usr/local/lib/python3.12/site-packages/discord/client.py", line 465, in _run_event
    await coro(*args, **kwargs)
  File "/app/asu_discord/cogs/analytics.py", line 652, in on_member_update
    before_timeout = before.timed_out_until
                     ^^^^^^^^^^^^^^^^^^^^^^
AttributeError: 'Member' object has no attribute 'timed_out_until'
Ignoring exception in on_member_update
Traceback (most recent call last):
  File "/usr/local/lib/python3.12/site-packages/discord/client.py", line 465, in _run_event
    await coro(*args, **kwargs)
  File "/app/asu_discord/cogs/analytics.py", line 652, in on_member_update
    before_timeout = before.timed_out_until
                     ^^^^^^^^^^^^^^^^^^^^^^
AttributeError: 'Member' object has no attribute 'timed_out_until'
Ignoring exception in on_member_update
Traceback (most recent call last):
  File "/usr/local/lib/python3.12/site-packages/discord/client.py", line 465, in _run_event
    await coro(*args, **kwargs)
  File "/app/asu_discord/cogs/analytics.py", line 652, in on_member_update
    before_timeout = before.timed_out_until
                     ^^^^^^^^^^^^^^^^^^^^^^
AttributeError: 'Member' object has no attribute 'timed_out_until'
Ignoring exception in on_member_update
Traceback (most recent call last):
  File "/usr/local/lib/python3.12/site-packages/discord/client.py", line 465, in _run_event
    await coro(*args, **kwargs)
  File "/app/asu_discord/cogs/analytics.py", line 652, in on_member_update
    before_timeout = before.timed_out_until
                     ^^^^^^^^^^^^^^^^^^^^^^
AttributeError: 'Member' object has no attribute 'timed_out_until'
Ignoring exception in on_member_update
Traceback (most recent call last):
  File "/usr/local/lib/python3.12/site-packages/discord/client.py", line 465, in _run_event
    await coro(*args, **kwargs)
  File "/app/asu_discord/cogs/analytics.py", line 652, in on_member_update
    before_timeout = before.timed_out_until
                     ^^^^^^^^^^^^^^^^^^^^^^
AttributeError: 'Member' object has no attribute 'timed_out_until'
Ignoring exception in on_member_update
Traceback (most recent call last):
  File "/usr/local/lib/python3.12/site-packages/discord/client.py", line 465, in _run_event
    await coro(*args, **kwargs)
  File "/app/asu_discord/cogs/analytics.py", line 652, in on_member_update
    before_timeout = before.timed_out_until
                     ^^^^^^^^^^^^^^^^^^^^^^
AttributeError: 'Member' object has no attribute 'timed_out_until'
Ignoring exception in on_member_update
Traceback (most recent call last):
  File "/usr/local/lib/python3.12/site-packages/discord/client.py", line 465, in _run_event
    await coro(*args, **kwargs)
  File "/app/asu_discord/cogs/analytics.py", line 652, in on_member_update
    before_timeout = before.timed_out_until
                     ^^^^^^^^^^^^^^^^^^^^^^
AttributeError: 'Member' object has no attribute 'timed_out_until'
INFO:asu_discord.cogs.verification:Saved 5 roles to database for user ckarri12 (Discord ID: 850233935027240992)
INFO:asu_discord.cogs.verification:Refreshed Salesforce roles for Discord user 850233935027240992: -5/+5 roles, assigned=[Commited, Graduate Student, International Student, Ira A. Fulton Schools of Engineering, Polytechnic]
Ignoring exception in on_member_update
Traceback (most recent call last):
  File "/usr/local/lib/python3.12/site-packages/discord/client.py", line 465, in _run_event
    await coro(*args, **kwargs)
  File "/app/asu_discord/cogs/analytics.py", line 652, in on_member_update
    before_timeout = before.timed_out_until
                     ^^^^^^^^^^^^^^^^^^^^^^
AttributeError: 'Member' object has no attribute 'timed_out_until'
Ignoring exception in on_member_update
Traceback (most recent call last):
  File "/usr/local/lib/python3.12/site-packages/discord/client.py", line 465, in _run_event
    await coro(*args, **kwargs)
  File "/app/asu_discord/cogs/analytics.py", line 652, in on_member_update
    before_timeout = before.timed_out_until
                     ^^^^^^^^^^^^^^^^^^^^^^
AttributeError: 'Member' object has no attribute 'timed_out_until'
Ignoring exception in on_member_update
Traceback (most recent call last):
  File "/usr/local/lib/python3.12/site-packages/discord/client.py", line 465, in _run_event
    await coro(*args, **kwargs)
  File "/app/asu_discord/cogs/analytics.py", line 652, in on_member_update
    before_timeout = before.timed_out_until
                     ^^^^^^^^^^^^^^^^^^^^^^
AttributeError: 'Member' object has no attribute 'timed_out_until'
Ignoring exception in on_member_update
Traceback (most recent call last):
  File "/usr/local/lib/python3.12/site-packages/discord/client.py", line 465, in _run_event
    await coro(*args, **kwargs)
  File "/app/asu_discord/cogs/analytics.py", line 652, in on_member_update
    before_timeout = before.timed_out_until
                     ^^^^^^^^^^^^^^^^^^^^^^
AttributeError: 'Member' object has no attribute 'timed_out_until'
Ignoring exception in on_member_update
Traceback (most recent call last):
  File "/usr/local/lib/python3.12/site-packages/discord/client.py", line 465, in _run_event
    await coro(*args, **kwargs)
  File "/app/asu_discord/cogs/analytics.py", line 652, in on_member_update
    before_timeout = before.timed_out_until
                     ^^^^^^^^^^^^^^^^^^^^^^
AttributeError: 'Member' object has no attribute 'timed_out_until'
Ignoring exception in on_member_update
Traceback (most recent call last):
  File "/usr/local/lib/python3.12/site-packages/discord/client.py", line 465, in _run_event
    await coro(*args, **kwargs)
  File "/app/asu_discord/cogs/analytics.py", line 652, in on_member_update
    before_timeout = before.timed_out_until
                     ^^^^^^^^^^^^^^^^^^^^^^
AttributeError: 'Member' object has no attribute 'timed_out_until'
Ignoring exception in on_member_update
Traceback (most recent call last):
  File "/usr/local/lib/python3.12/site-packages/discord/client.py", line 465, in _run_event
    await coro(*args, **kwargs)
  File "/app/asu_discord/cogs/analytics.py", line 652, in on_member_update
    before_timeout = before.timed_out_until
                     ^^^^^^^^^^^^^^^^^^^^^^
AttributeError: 'Member' object has no attribute 'timed_out_until'
Ignoring exception in on_member_update
Traceback (most recent call last):
  File "/usr/local/lib/python3.12/site-packages/discord/client.py", line 465, in _run_event
    await coro(*args, **kwargs)
  File "/app/asu_discord/cogs/analytics.py", line 652, in on_member_update
    before_timeout = before.timed_out_until
                     ^^^^^^^^^^^^^^^^^^^^^^
AttributeError: 'Member' object has no attribute 'timed_out_until'
Ignoring exception in on_member_update
Traceback (most recent call last):
  File "/usr/local/lib/python3.12/site-packages/discord/client.py", line 465, in _run_event
    await coro(*args, **kwargs)
  File "/app/asu_discord/cogs/analytics.py", line 652, in on_member_update
    before_timeout = before.timed_out_until
                     ^^^^^^^^^^^^^^^^^^^^^^
AttributeError: 'Member' object has no attribute 'timed_out_until'
Ignoring exception in on_member_update
Traceback (most recent call last):
  File "/usr/local/lib/python3.12/site-packages/discord/client.py", line 465, in _run_event
    await coro(*args, **kwargs)
  File "/app/asu_discord/cogs/analytics.py", line 652, in on_member_update
    before_timeout = before.timed_out_until
                     ^^^^^^^^^^^^^^^^^^^^^^
AttributeError: 'Member' object has no attribute 'timed_out_until'
Ignoring exception in on_member_update
Traceback (most recent call last):
  File "/usr/local/lib/python3.12/site-packages/discord/client.py", line 465, in _run_event
    await coro(*args, **kwargs)
  File "/app/asu_discord/cogs/analytics.py", line 652, in on_member_update
    before_timeout = before.timed_out_until
                     ^^^^^^^^^^^^^^^^^^^^^^
AttributeError: 'Member' object has no attribute 'timed_out_until'
INFO:asu_discord.cogs.verification:Saved 6 roles to database for user geherman (Discord ID: 1249025513339486220)
INFO:asu_discord.cogs.verification:Refreshed Salesforce roles for Discord user 1249025513339486220: -5/+6 roles, assigned=[Arizona Resident, Commited, First Generation Student, First Year, Ira A. Fulton Schools of Engineering, Tempe]
Ignoring exception in on_member_update
Traceback (most recent call last):
  File "/usr/local/lib/python3.12/site-packages/discord/client.py", line 465, in _run_event
    await coro(*args, **kwargs)
  File "/app/asu_discord/cogs/analytics.py", line 652, in on_member_update
    before_timeout = before.timed_out_until
                     ^^^^^^^^^^^^^^^^^^^^^^
AttributeError: 'Member' object has no attribute 'timed_out_until'
Ignoring exception in on_member_update
Traceback (most recent call last):
  File "/usr/local/lib/python3.12/site-packages/discord/client.py", line 465, in _run_event
    await coro(*args, **kwargs)
  File "/app/asu_discord/cogs/analytics.py", line 652, in on_member_update
    before_timeout = before.timed_out_until
                     ^^^^^^^^^^^^^^^^^^^^^^
AttributeError: 'Member' object has no attribute 'timed_out_until'
Ignoring exception in on_member_update
Traceback (most recent call last):
  File "/usr/local/lib/python3.12/site-packages/discord/client.py", line 465, in _run_event
    await coro(*args, **kwargs)
  File "/app/asu_discord/cogs/analytics.py", line 652, in on_member_update
    before_timeout = before.timed_out_until
                     ^^^^^^^^^^^^^^^^^^^^^^
AttributeError: 'Member' object has no attribute 'timed_out_until'
Ignoring exception in on_member_update
Traceback (most recent call last):
  File "/usr/local/lib/python3.12/site-packages/discord/client.py", line 465, in _run_event
    await coro(*args, **kwargs)
  File "/app/asu_discord/cogs/analytics.py", line 652, in on_member_update
    before_timeout = before.timed_out_until
                     ^^^^^^^^^^^^^^^^^^^^^^
AttributeError: 'Member' object has no attribute 'timed_out_until'
Ignoring exception in on_member_update
Traceback (most recent call last):
  File "/usr/local/lib/python3.12/site-packages/discord/client.py", line 465, in _run_event
    await coro(*args, **kwargs)
  File "/app/asu_discord/cogs/analytics.py", line 652, in on_member_update
    before_timeout = before.timed_out_until
                     ^^^^^^^^^^^^^^^^^^^^^^
AttributeError: 'Member' object has no attribute 'timed_out_until'
Ignoring exception in on_member_update
Traceback (most recent call last):
  File "/usr/local/lib/python3.12/site-packages/discord/client.py", line 465, in _run_event
    await coro(*args, **kwargs)
  File "/app/asu_discord/cogs/analytics.py", line 652, in on_member_update
    before_timeout = before.timed_out_until
                     ^^^^^^^^^^^^^^^^^^^^^^
AttributeError: 'Member' object has no attribute 'timed_out_until'
Ignoring exception in on_member_update
Traceback (most recent call last):
  File "/usr/local/lib/python3.12/site-packages/discord/client.py", line 465, in _run_event
    await coro(*args, **kwargs)
  File "/app/asu_discord/cogs/analytics.py", line 652, in on_member_update
    before_timeout = before.timed_out_until
                     ^^^^^^^^^^^^^^^^^^^^^^
AttributeError: 'Member' object has no attribute 'timed_out_until'
Ignoring exception in on_member_update
Traceback (most recent call last):
  File "/usr/local/lib/python3.12/site-packages/discord/client.py", line 465, in _run_event
    await coro(*args, **kwargs)
  File "/app/asu_discord/cogs/analytics.py", line 652, in on_member_update
    before_timeout = before.timed_out_until
                     ^^^^^^^^^^^^^^^^^^^^^^
AttributeError: 'Member' object has no attribute 'timed_out_until'
Ignoring exception in on_member_update
Traceback (most recent call last):
  File "/usr/local/lib/python3.12/site-packages/discord/client.py", line 465, in _run_event
    await coro(*args, **kwargs)
  File "/app/asu_discord/cogs/analytics.py", line 652, in on_member_update
    before_timeout = before.timed_out_until
                     ^^^^^^^^^^^^^^^^^^^^^^
AttributeError: 'Member' object has no attribute 'timed_out_until'
Ignoring exception in on_member_update
Traceback (most recent call last):
  File "/usr/local/lib/python3.12/site-packages/discord/client.py", line 465, in _run_event
    await coro(*args, **kwargs)
  File "/app/asu_discord/cogs/analytics.py", line 652, in on_member_update
    before_timeout = before.timed_out_until
                     ^^^^^^^^^^^^^^^^^^^^^^
AttributeError: 'Member' object has no attribute 'timed_out_until'
INFO:asu_discord.cogs.verification:Saved 5 roles to database for user rolive25 (Discord ID: 880663880878129232)
INFO:asu_discord.cogs.verification:Refreshed Salesforce roles for Discord user 880663880878129232: -5/+5 roles, assigned=[Arizona Resident, First Generation Student, First Year, Herberger Institute for Design and the Arts, Tempe]
Ignoring exception in on_member_update
Traceback (most recent call last):
  File "/usr/local/lib/python3.12/site-packages/discord/client.py", line 465, in _run_event
    await coro(*args, **kwargs)
  File "/app/asu_discord/cogs/analytics.py", line 652, in on_member_update
    before_timeout = before.timed_out_until
                     ^^^^^^^^^^^^^^^^^^^^^^
AttributeError: 'Member' object has no attribute 'timed_out_until'
Ignoring exception in on_member_update
Traceback (most recent call last):
  File "/usr/local/lib/python3.12/site-packages/discord/client.py", line 465, in _run_event
    await coro(*args, **kwargs)
  File "/app/asu_discord/cogs/analytics.py", line 652, in on_member_update
    before_timeout = before.timed_out_until
                     ^^^^^^^^^^^^^^^^^^^^^^
AttributeError: 'Member' object has no attribute 'timed_out_until'
Ignoring exception in on_member_update
Traceback (most recent call last):
  File "/usr/local/lib/python3.12/site-packages/discord/client.py", line 465, in _run_event
    await coro(*args, **kwargs)
  File "/app/asu_discord/cogs/analytics.py", line 652, in on_member_update
    before_timeout = before.timed_out_until
                     ^^^^^^^^^^^^^^^^^^^^^^
AttributeError: 'Member' object has no attribute 'timed_out_until'
Ignoring exception in on_member_update
Traceback (most recent call last):
  File "/usr/local/lib/python3.12/site-packages/discord/client.py", line 465, in _run_event
    await coro(*args, **kwargs)
  File "/app/asu_discord/cogs/analytics.py", line 652, in on_member_update
    before_timeout = before.timed_out_until
                     ^^^^^^^^^^^^^^^^^^^^^^
AttributeError: 'Member' object has no attribute 'timed_out_until'
Ignoring exception in on_member_update
Traceback (most recent call last):
  File "/usr/local/lib/python3.12/site-packages/discord/client.py", line 465, in _run_event
    await coro(*args, **kwargs)
  File "/app/asu_discord/cogs/analytics.py", line 652, in on_member_update
    before_timeout = before.timed_out_until
                     ^^^^^^^^^^^^^^^^^^^^^^
AttributeError: 'Member' object has no attribute 'timed_out_until'
Ignoring exception in on_member_update
Traceback (most recent call last):
  File "/usr/local/lib/python3.12/site-packages/discord/client.py", line 465, in _run_event
    await coro(*args, **kwargs)
  File "/app/asu_discord/cogs/analytics.py", line 652, in on_member_update
    before_timeout = before.timed_out_until
                     ^^^^^^^^^^^^^^^^^^^^^^
AttributeError: 'Member' object has no attribute 'timed_out_until'
Ignoring exception in on_member_update
Traceback (most recent call last):
  File "/usr/local/lib/python3.12/site-packages/discord/client.py", line 465, in _run_event
    await coro(*args, **kwargs)
  File "/app/asu_discord/cogs/analytics.py", line 652, in on_member_update
    before_timeout = before.timed_out_until
                     ^^^^^^^^^^^^^^^^^^^^^^
AttributeError: 'Member' object has no attribute 'timed_out_until'
Ignoring exception in on_member_update
Traceback (most recent call last):
  File "/usr/local/lib/python3.12/site-packages/discord/client.py", line 465, in _run_event
    await coro(*args, **kwargs)
  File "/app/asu_discord/cogs/analytics.py", line 652, in on_member_update
    before_timeout = before.timed_out_until
                     ^^^^^^^^^^^^^^^^^^^^^^
AttributeError: 'Member' object has no attribute 'timed_out_until'
Ignoring exception in on_member_update
Traceback (most recent call last):
  File "/usr/local/lib/python3.12/site-packages/discord/client.py", line 465, in _run_event
    await coro(*args, **kwargs)
  File "/app/asu_discord/cogs/analytics.py", line 652, in on_member_update
    before_timeout = before.timed_out_until
                     ^^^^^^^^^^^^^^^^^^^^^^
AttributeError: 'Member' object has no attribute 'timed_out_until'
Ignoring exception in on_member_update
Traceback (most recent call last):
  File "/usr/local/lib/python3.12/site-packages/discord/client.py", line 465, in _run_event
    await coro(*args, **kwargs)
  File "/app/asu_discord/cogs/analytics.py", line 652, in on_member_update
    before_timeout = before.timed_out_until
                     ^^^^^^^^^^^^^^^^^^^^^^
AttributeError: 'Member' object has no attribute 'timed_out_until'
INFO:asu_discord.cogs.verification:Saved 6 roles to database for user aljone77 (Discord ID: 1453022270116331603)
INFO:asu_discord.cogs.verification:Refreshed Salesforce roles for Discord user 1453022270116331603: -4/+6 roles, assigned=[College of Integrative Sciences and Arts, Commited, First Generation Student, First Year, Out of State, Polytechnic]
Ignoring exception in on_member_update
Traceback (most recent call last):
  File "/usr/local/lib/python3.12/site-packages/discord/client.py", line 465, in _run_event
    await coro(*args, **kwargs)
  File "/app/asu_discord/cogs/analytics.py", line 652, in on_member_update
    before_timeout = before.timed_out_until
                     ^^^^^^^^^^^^^^^^^^^^^^
AttributeError: 'Member' object has no attribute 'timed_out_until'
Ignoring exception in on_member_update
Traceback (most recent call last):
  File "/usr/local/lib/python3.12/site-packages/discord/client.py", line 465, in _run_event
    await coro(*args, **kwargs)
  File "/app/asu_discord/cogs/analytics.py", line 652, in on_member_update
    before_timeout = before.timed_out_until
                     ^^^^^^^^^^^^^^^^^^^^^^
AttributeError: 'Member' object has no attribute 'timed_out_until'
Ignoring exception in on_member_update
Traceback (most recent call last):
  File "/usr/local/lib/python3.12/site-packages/discord/client.py", line 465, in _run_event
    await coro(*args, **kwargs)
  File "/app/asu_discord/cogs/analytics.py", line 652, in on_member_update
    before_timeout = before.timed_out_until
                     ^^^^^^^^^^^^^^^^^^^^^^
AttributeError: 'Member' object has no attribute 'timed_out_until'
Ignoring exception in on_member_update
Traceback (most recent call last):
  File "/usr/local/lib/python3.12/site-packages/discord/client.py", line 465, in _run_event
    await coro(*args, **kwargs)
  File "/app/asu_discord/cogs/analytics.py", line 652, in on_member_update
    before_timeout = before.timed_out_until
                     ^^^^^^^^^^^^^^^^^^^^^^
AttributeError: 'Member' object has no attribute 'timed_out_until'
Ignoring exception in on_member_update
Traceback (most recent call last):
  File "/usr/local/lib/python3.12/site-packages/discord/client.py", line 465, in _run_event
    await coro(*args, **kwargs)
  File "/app/asu_discord/cogs/analytics.py", line 652, in on_member_update
    before_timeout = before.timed_out_until
                     ^^^^^^^^^^^^^^^^^^^^^^
AttributeError: 'Member' object has no attribute 'timed_out_until'
Ignoring exception in on_member_update
Traceback (most recent call last):
  File "/usr/local/lib/python3.12/site-packages/discord/client.py", line 465, in _run_event
    await coro(*args, **kwargs)
  File "/app/asu_discord/cogs/analytics.py", line 652, in on_member_update
    before_timeout = before.timed_out_until
                     ^^^^^^^^^^^^^^^^^^^^^^
AttributeError: 'Member' object has no attribute 'timed_out_until'
Ignoring exception in on_member_update
Traceback (most recent call last):
  File "/usr/local/lib/python3.12/site-packages/discord/client.py", line 465, in _run_event
    await coro(*args, **kwargs)
  File "/app/asu_discord/cogs/analytics.py", line 652, in on_member_update
    before_timeout = before.timed_out_until
                     ^^^^^^^^^^^^^^^^^^^^^^
AttributeError: 'Member' object has no attribute 'timed_out_until'
ERROR:cron.jobs:refresh_salesforce_roles: failed for dcranall (Discord ID 716335680271417384): Timed out refresh Salesforce-based roles
Ignoring exception in on_member_update
Traceback (most recent call last):
  File "/usr/local/lib/python3.12/site-packages/discord/client.py", line 465, in _run_event
    await coro(*args, **kwargs)
  File "/app/asu_discord/cogs/analytics.py", line 652, in on_member_update
    before_timeout = before.timed_out_until
                     ^^^^^^^^^^^^^^^^^^^^^^
AttributeError: 'Member' object has no attribute 'timed_out_until'
Ignoring exception in on_member_update
Traceback (most recent call last):
  File "/usr/local/lib/python3.12/site-packages/discord/client.py", line 465, in _run_event
    await coro(*args, **kwargs)
  File "/app/asu_discord/cogs/analytics.py", line 652, in on_member_update
    before_timeout = before.timed_out_until
                     ^^^^^^^^^^^^^^^^^^^^^^
AttributeError: 'Member' object has no attribute 'timed_out_until'
Ignoring exception in on_member_update
Traceback (most recent call last):
  File "/usr/local/lib/python3.12/site-packages/discord/client.py", line 465, in _run_event
    await coro(*args, **kwargs)
  File "/app/asu_discord/cogs/analytics.py", line 652, in on_member_update
    before_timeout = before.timed_out_until
                     ^^^^^^^^^^^^^^^^^^^^^^
AttributeError: 'Member' object has no attribute 'timed_out_until'
Ignoring exception in on_member_update
Traceback (most recent call last):
  File "/usr/local/lib/python3.12/site-packages/discord/client.py", line 465, in _run_event
    await coro(*args, **kwargs)
  File "/app/asu_discord/cogs/analytics.py", line 652, in on_member_update
    before_timeout = before.timed_out_until
                     ^^^^^^^^^^^^^^^^^^^^^^
AttributeError: 'Member' object has no attribute 'timed_out_until'
Ignoring exception in on_member_update
Traceback (most recent call last):
  File "/usr/local/lib/python3.12/site-packages/discord/client.py", line 465, in _run_event
    await coro(*args, **kwargs)
  File "/app/asu_discord/cogs/analytics.py", line 652, in on_member_update
    before_timeout = before.timed_out_until
                     ^^^^^^^^^^^^^^^^^^^^^^
AttributeError: 'Member' object has no attribute 'timed_out_until'
Ignoring exception in on_member_update
Traceback (most recent call last):
  File "/usr/local/lib/python3.12/site-packages/discord/client.py", line 465, in _run_event
    await coro(*args, **kwargs)
  File "/app/asu_discord/cogs/analytics.py", line 652, in on_member_update
    before_timeout = before.timed_out_until
                     ^^^^^^^^^^^^^^^^^^^^^^
AttributeError: 'Member' object has no attribute 'timed_out_until'
Ignoring exception in on_member_update
Traceback (most recent call last):
  File "/usr/local/lib/python3.12/site-packages/discord/client.py", line 465, in _run_event
    await coro(*args, **kwargs)
  File "/app/asu_discord/cogs/analytics.py", line 652, in on_member_update
    before_timeout = before.timed_out_until
                     ^^^^^^^^^^^^^^^^^^^^^^
AttributeError: 'Member' object has no attribute 'timed_out_until'
Ignoring exception in on_member_update
Traceback (most recent call last):
  File "/usr/local/lib/python3.12/site-packages/discord/client.py", line 465, in _run_event
    await coro(*args, **kwargs)
  File "/app/asu_discord/cogs/analytics.py", line 652, in on_member_update
    before_timeout = before.timed_out_until
                     ^^^^^^^^^^^^^^^^^^^^^^
AttributeError: 'Member' object has no attribute 'timed_out_until'
Ignoring exception in on_member_update
Traceback (most recent call last):
  File "/usr/local/lib/python3.12/site-packages/discord/client.py", line 465, in _run_event
    await coro(*args, **kwargs)
  File "/app/asu_discord/cogs/analytics.py", line 652, in on_member_update
    before_timeout = before.timed_out_until
                     ^^^^^^^^^^^^^^^^^^^^^^
AttributeError: 'Member' object has no attribute 'timed_out_until'
Ignoring exception in on_member_update
Traceback (most recent call last):
  File "/usr/local/lib/python3.12/site-packages/discord/client.py", line 465, in _run_event
    await coro(*args, **kwargs)
  File "/app/asu_discord/cogs/analytics.py", line 652, in on_member_update
    before_timeout = before.timed_out_until
                     ^^^^^^^^^^^^^^^^^^^^^^
AttributeError: 'Member' object has no attribute 'timed_out_until'
Ignoring exception in on_member_update
Traceback (most recent call last):
  File "/usr/local/lib/python3.12/site-packages/discord/client.py", line 465, in _run_event
    await coro(*args, **kwargs)
  File "/app/asu_discord/cogs/analytics.py", line 652, in on_member_update
    before_timeout = before.timed_out_until
                     ^^^^^^^^^^^^^^^^^^^^^^
AttributeError: 'Member' object has no attribute 'timed_out_until'
INFO:asu_discord.cogs.verification:Saved 5 roles to database for user zkushnir (Discord ID: 1125235882379718717)
INFO:asu_discord.cogs.verification:Refreshed Salesforce roles for Discord user 1125235882379718717: -5/+5 roles, assigned=[Commited, First Year, Out of State, Tempe, W.P. Carey School of Business]
Ignoring exception in on_member_update
Traceback (most recent call last):
  File "/usr/local/lib/python3.12/site-packages/discord/client.py", line 465, in _run_event
    await coro(*args, **kwargs)
  File "/app/asu_discord/cogs/analytics.py", line 652, in on_member_update
    before_timeout = before.timed_out_until
                     ^^^^^^^^^^^^^^^^^^^^^^
AttributeError: 'Member' object has no attribute 'timed_out_until'
Ignoring exception in on_member_update
Traceback (most recent call last):
  File "/usr/local/lib/python3.12/site-packages/discord/client.py", line 465, in _run_event
    await coro(*args, **kwargs)
  File "/app/asu_discord/cogs/analytics.py", line 652, in on_member_update
    before_timeout = before.timed_out_until
                     ^^^^^^^^^^^^^^^^^^^^^^
AttributeError: 'Member' object has no attribute 'timed_out_until'
Ignoring exception in on_member_update
Traceback (most recent call last):
  File "/usr/local/lib/python3.12/site-packages/discord/client.py", line 465, in _run_event
    await coro(*args, **kwargs)
  File "/app/asu_discord/cogs/analytics.py", line 652, in on_member_update
    before_timeout = before.timed_out_until
                     ^^^^^^^^^^^^^^^^^^^^^^
AttributeError: 'Member' object has no attribute 'timed_out_until'
Ignoring exception in on_member_update
Traceback (most recent call last):
  File "/usr/local/lib/python3.12/site-packages/discord/client.py", line 465, in _run_event
    await coro(*args, **kwargs)
  File "/app/asu_discord/cogs/analytics.py", line 652, in on_member_update
    before_timeout = before.timed_out_until
                     ^^^^^^^^^^^^^^^^^^^^^^
AttributeError: 'Member' object has no attribute 'timed_out_until'
Ignoring exception in on_member_update
Traceback (most recent call last):
  File "/usr/local/lib/python3.12/site-packages/discord/client.py", line 465, in _run_event
    await coro(*args, **kwargs)
  File "/app/asu_discord/cogs/analytics.py", line 652, in on_member_update
    before_timeout = before.timed_out_until
                     ^^^^^^^^^^^^^^^^^^^^^^
AttributeError: 'Member' object has no attribute 'timed_out_until'
Ignoring exception in on_member_update
Traceback (most recent call last):
  File "/usr/local/lib/python3.12/site-packages/discord/client.py", line 465, in _run_event
    await coro(*args, **kwargs)
  File "/app/asu_discord/cogs/analytics.py", line 652, in on_member_update
    before_timeout = before.timed_out_until
                     ^^^^^^^^^^^^^^^^^^^^^^
AttributeError: 'Member' object has no attribute 'timed_out_until'
Ignoring exception in on_member_update
Traceback (most recent call last):
  File "/usr/local/lib/python3.12/site-packages/discord/client.py", line 465, in _run_event
    await coro(*args, **kwargs)
  File "/app/asu_discord/cogs/analytics.py", line 652, in on_member_update
    before_timeout = before.timed_out_until
                     ^^^^^^^^^^^^^^^^^^^^^^
AttributeError: 'Member' object has no attribute 'timed_out_until'
Ignoring exception in on_member_update
Traceback (most recent call last):
  File "/usr/local/lib/python3.12/site-packages/discord/client.py", line 465, in _run_event
    await coro(*args, **kwargs)
  File "/app/asu_discord/cogs/analytics.py", line 652, in on_member_update
    before_timeout = before.timed_out_until
                     ^^^^^^^^^^^^^^^^^^^^^^
AttributeError: 'Member' object has no attribute 'timed_out_until'
Ignoring exception in on_member_update
Traceback (most recent call last):
  File "/usr/local/lib/python3.12/site-packages/discord/client.py", line 465, in _run_event
    await coro(*args, **kwargs)
  File "/app/asu_discord/cogs/analytics.py", line 652, in on_member_update
    before_timeout = before.timed_out_until
                     ^^^^^^^^^^^^^^^^^^^^^^
AttributeError: 'Member' object has no attribute 'timed_out_until'
Ignoring exception in on_member_update
Traceback (most recent call last):
  File "/usr/local/lib/python3.12/site-packages/discord/client.py", line 465, in _run_event
    await coro(*args, **kwargs)
  File "/app/asu_discord/cogs/analytics.py", line 652, in on_member_update
    before_timeout = before.timed_out_until
                     ^^^^^^^^^^^^^^^^^^^^^^
AttributeError: 'Member' object has no attribute 'timed_out_until'
INFO:asu_discord.cogs.verification:Saved 5 roles to database for user anerona (Discord ID: 1258845677274792156)
INFO:asu_discord.cogs.verification:Refreshed Salesforce roles for Discord user 1258845677274792156: -5/+5 roles, assigned=[Commited, Downtown Phoenix, Edson College of Nursing and Health Innovation, First Year, Out of State]
Ignoring exception in on_member_update
Traceback (most recent call last):
  File "/usr/local/lib/python3.12/site-packages/discord/client.py", line 465, in _run_event
    await coro(*args, **kwargs)
  File "/app/asu_discord/cogs/analytics.py", line 652, in on_member_update
    before_timeout = before.timed_out_until
                     ^^^^^^^^^^^^^^^^^^^^^^
AttributeError: 'Member' object has no attribute 'timed_out_until'
Ignoring exception in on_member_update
Traceback (most recent call last):
  File "/usr/local/lib/python3.12/site-packages/discord/client.py", line 465, in _run_event
    await coro(*args, **kwargs)
  File "/app/asu_discord/cogs/analytics.py", line 652, in on_member_update
    before_timeout = before.timed_out_until
                     ^^^^^^^^^^^^^^^^^^^^^^
AttributeError: 'Member' object has no attribute 'timed_out_until'
Ignoring exception in on_member_update
Traceback (most recent call last):
  File "/usr/local/lib/python3.12/site-packages/discord/client.py", line 465, in _run_event
    await coro(*args, **kwargs)
  File "/app/asu_discord/cogs/analytics.py", line 652, in on_member_update
    before_timeout = before.timed_out_until
                     ^^^^^^^^^^^^^^^^^^^^^^
AttributeError: 'Member' object has no attribute 'timed_out_until'
Ignoring exception in on_member_update
Traceback (most recent call last):
  File "/usr/local/lib/python3.12/site-packages/discord/client.py", line 465, in _run_event
    await coro(*args, **kwargs)
  File "/app/asu_discord/cogs/analytics.py", line 652, in on_member_update
    before_timeout = before.timed_out_until
                     ^^^^^^^^^^^^^^^^^^^^^^
AttributeError: 'Member' object has no attribute 'timed_out_until'
Ignoring exception in on_member_update
Traceback (most recent call last):
  File "/usr/local/lib/python3.12/site-packages/discord/client.py", line 465, in _run_event
    await coro(*args, **kwargs)
  File "/app/asu_discord/cogs/analytics.py", line 652, in on_member_update
    before_timeout = before.timed_out_until
                     ^^^^^^^^^^^^^^^^^^^^^^
AttributeError: 'Member' object has no attribute 'timed_out_until'
Ignoring exception in on_member_update
Traceback (most recent call last):
  File "/usr/local/lib/python3.12/site-packages/discord/client.py", line 465, in _run_event
    await coro(*args, **kwargs)
  File "/app/asu_discord/cogs/analytics.py", line 652, in on_member_update
    before_timeout = before.timed_out_until
                     ^^^^^^^^^^^^^^^^^^^^^^
AttributeError: 'Member' object has no attribute 'timed_out_until'
Ignoring exception in on_member_update
Traceback (most recent call last):
  File "/usr/local/lib/python3.12/site-packages/discord/client.py", line 465, in _run_event
    await coro(*args, **kwargs)
  File "/app/asu_discord/cogs/analytics.py", line 652, in on_member_update
    before_timeout = before.timed_out_until
                     ^^^^^^^^^^^^^^^^^^^^^^
AttributeError: 'Member' object has no attribute 'timed_out_until'
Ignoring exception in on_member_update
Traceback (most recent call last):
  File "/usr/local/lib/python3.12/site-packages/discord/client.py", line 465, in _run_event
    await coro(*args, **kwargs)
  File "/app/asu_discord/cogs/analytics.py", line 652, in on_member_update
    before_timeout = before.timed_out_until
                     ^^^^^^^^^^^^^^^^^^^^^^
AttributeError: 'Member' object has no attribute 'timed_out_until'
Ignoring exception in on_member_update
Traceback (most recent call last):
  File "/usr/local/lib/python3.12/site-packages/discord/client.py", line 465, in _run_event
    await coro(*args, **kwargs)
  File "/app/asu_discord/cogs/analytics.py", line 652, in on_member_update
    before_timeout = before.timed_out_until
                     ^^^^^^^^^^^^^^^^^^^^^^
AttributeError: 'Member' object has no attribute 'timed_out_until'
Ignoring exception in on_member_update
Traceback (most recent call last):
  File "/usr/local/lib/python3.12/site-packages/discord/client.py", line 465, in _run_event
    await coro(*args, **kwargs)
  File "/app/asu_discord/cogs/analytics.py", line 652, in on_member_update
    before_timeout = before.timed_out_until
                     ^^^^^^^^^^^^^^^^^^^^^^
AttributeError: 'Member' object has no attribute 'timed_out_until'
INFO:asu_discord.cogs.verification:Saved 5 roles to database for user icrosby3 (Discord ID: 561604438070919329)
INFO:asu_discord.cogs.verification:Refreshed Salesforce roles for Discord user 561604438070919329: -5/+5 roles, assigned=[Arizona Resident, Commited, Tempe, Transfer Student, University College]
Ignoring exception in on_member_update
Traceback (most recent call last):
  File "/usr/local/lib/python3.12/site-packages/discord/client.py", line 465, in _run_event
    await coro(*args, **kwargs)
  File "/app/asu_discord/cogs/analytics.py", line 652, in on_member_update
    before_timeout = before.timed_out_until
                     ^^^^^^^^^^^^^^^^^^^^^^
AttributeError: 'Member' object has no attribute 'timed_out_until'
Ignoring exception in on_member_update
Traceback (most recent call last):
  File "/usr/local/lib/python3.12/site-packages/discord/client.py", line 465, in _run_event
    await coro(*args, **kwargs)
  File "/app/asu_discord/cogs/analytics.py", line 652, in on_member_update
    before_timeout = before.timed_out_until
                     ^^^^^^^^^^^^^^^^^^^^^^
AttributeError: 'Member' object has no attribute 'timed_out_until'
Ignoring exception in on_member_update
Traceback (most recent call last):
  File "/usr/local/lib/python3.12/site-packages/discord/client.py", line 465, in _run_event
    await coro(*args, **kwargs)
  File "/app/asu_discord/cogs/analytics.py", line 652, in on_member_update
    before_timeout = before.timed_out_until
                     ^^^^^^^^^^^^^^^^^^^^^^
AttributeError: 'Member' object has no attribute 'timed_out_until'
Ignoring exception in on_member_update
Traceback (most recent call last):
  File "/usr/local/lib/python3.12/site-packages/discord/client.py", line 465, in _run_event
    await coro(*args, **kwargs)
  File "/app/asu_discord/cogs/analytics.py", line 652, in on_member_update
    before_timeout = before.timed_out_until
                     ^^^^^^^^^^^^^^^^^^^^^^
AttributeError: 'Member' object has no attribute 'timed_out_until'
Ignoring exception in on_member_update
Traceback (most recent call last):
  File "/usr/local/lib/python3.12/site-packages/discord/client.py", line 465, in _run_event
    await coro(*args, **kwargs)
  File "/app/asu_discord/cogs/analytics.py", line 652, in on_member_update
    before_timeout = before.timed_out_until
                     ^^^^^^^^^^^^^^^^^^^^^^
AttributeError: 'Member' object has no attribute 'timed_out_until'
Ignoring exception in on_member_update
Traceback (most recent call last):
  File "/usr/local/lib/python3.12/site-packages/discord/client.py", line 465, in _run_event
    await coro(*args, **kwargs)
  File "/app/asu_discord/cogs/analytics.py", line 652, in on_member_update
    before_timeout = before.timed_out_until
                     ^^^^^^^^^^^^^^^^^^^^^^
AttributeError: 'Member' object has no attribute 'timed_out_until'
Ignoring exception in on_member_update
Traceback (most recent call last):
  File "/usr/local/lib/python3.12/site-packages/discord/client.py", line 465, in _run_event
    await coro(*args, **kwargs)
  File "/app/asu_discord/cogs/analytics.py", line 652, in on_member_update
    before_timeout = before.timed_out_until
                     ^^^^^^^^^^^^^^^^^^^^^^
AttributeError: 'Member' object has no attribute 'timed_out_until'
Ignoring exception in on_member_update
Traceback (most recent call last):
  File "/usr/local/lib/python3.12/site-packages/discord/client.py", line 465, in _run_event
    await coro(*args, **kwargs)
  File "/app/asu_discord/cogs/analytics.py", line 652, in on_member_update
    before_timeout = before.timed_out_until
                     ^^^^^^^^^^^^^^^^^^^^^^
AttributeError: 'Member' object has no attribute 'timed_out_until'
Ignoring exception in on_member_update
Traceback (most recent call last):
  File "/usr/local/lib/python3.12/site-packages/discord/client.py", line 465, in _run_event
    await coro(*args, **kwargs)
  File "/app/asu_discord/cogs/analytics.py", line 652, in on_member_update
    before_timeout = before.timed_out_until
                     ^^^^^^^^^^^^^^^^^^^^^^
AttributeError: 'Member' object has no attribute 'timed_out_until'
Ignoring exception in on_member_update
Traceback (most recent call last):
  File "/usr/local/lib/python3.12/site-packages/discord/client.py", line 465, in _run_event
    await coro(*args, **kwargs)
  File "/app/asu_discord/cogs/analytics.py", line 652, in on_member_update
    before_timeout = before.timed_out_until
                     ^^^^^^^^^^^^^^^^^^^^^^
AttributeError: 'Member' object has no attribute 'timed_out_until'
Ignoring exception in on_member_update
Traceback (most recent call last):
  File "/usr/local/lib/python3.12/site-packages/discord/client.py", line 465, in _run_event
    await coro(*args, **kwargs)
  File "/app/asu_discord/cogs/analytics.py", line 652, in on_member_update
    before_timeout = before.timed_out_until
                     ^^^^^^^^^^^^^^^^^^^^^^
AttributeError: 'Member' object has no attribute 'timed_out_until'
INFO:asu_discord.cogs.verification:Saved 6 roles to database for user amonford (Discord ID: 1406805840148693052)
INFO:asu_discord.cogs.verification:Refreshed Salesforce roles for Discord user 1406805840148693052: -5/+6 roles, assigned=[Commited, First Generation Student, First Year, Out of State, Tempe, W.P. Carey School of Business]
Ignoring exception in on_member_update
Traceback (most recent call last):
  File "/usr/local/lib/python3.12/site-packages/discord/client.py", line 465, in _run_event
    await coro(*args, **kwargs)
  File "/app/asu_discord/cogs/analytics.py", line 652, in on_member_update
    before_timeout = before.timed_out_until
                     ^^^^^^^^^^^^^^^^^^^^^^
AttributeError: 'Member' object has no attribute 'timed_out_until'
Ignoring exception in on_member_update
Traceback (most recent call last):
  File "/usr/local/lib/python3.12/site-packages/discord/client.py", line 465, in _run_event
    await coro(*args, **kwargs)
  File "/app/asu_discord/cogs/analytics.py", line 652, in on_member_update
    before_timeout = before.timed_out_until
                     ^^^^^^^^^^^^^^^^^^^^^^
AttributeError: 'Member' object has no attribute 'timed_out_until'
Ignoring exception in on_member_update
Traceback (most recent call last):
  File "/usr/local/lib/python3.12/site-packages/discord/client.py", line 465, in _run_event
    await coro(*args, **kwargs)
  File "/app/asu_discord/cogs/analytics.py", line 652, in on_member_update
    before_timeout = before.timed_out_until
                     ^^^^^^^^^^^^^^^^^^^^^^
AttributeError: 'Member' object has no attribute 'timed_out_until'
Ignoring exception in on_member_update
Traceback (most recent call last):
  File "/usr/local/lib/python3.12/site-packages/discord/client.py", line 465, in _run_event
    await coro(*args, **kwargs)
  File "/app/asu_discord/cogs/analytics.py", line 652, in on_member_update
    before_timeout = before.timed_out_until
                     ^^^^^^^^^^^^^^^^^^^^^^
AttributeError: 'Member' object has no attribute 'timed_out_until'
Ignoring exception in on_member_update
Traceback (most recent call last):
  File "/usr/local/lib/python3.12/site-packages/discord/client.py", line 465, in _run_event
    await coro(*args, **kwargs)
  File "/app/asu_discord/cogs/analytics.py", line 652, in on_member_update
    before_timeout = before.timed_out_until
                     ^^^^^^^^^^^^^^^^^^^^^^
AttributeError: 'Member' object has no attribute 'timed_out_until'
Ignoring exception in on_member_update
Traceback (most recent call last):
  File "/usr/local/lib/python3.12/site-packages/discord/client.py", line 465, in _run_event
    await coro(*args, **kwargs)
  File "/app/asu_discord/cogs/analytics.py", line 652, in on_member_update
    before_timeout = before.timed_out_until
                     ^^^^^^^^^^^^^^^^^^^^^^
AttributeError: 'Member' object has no attribute 'timed_out_until'
Ignoring exception in on_member_update
Traceback (most recent call last):
  File "/usr/local/lib/python3.12/site-packages/discord/client.py", line 465, in _run_event
    await coro(*args, **kwargs)
  File "/app/asu_discord/cogs/analytics.py", line 652, in on_member_update
    before_timeout = before.timed_out_until
                     ^^^^^^^^^^^^^^^^^^^^^^
AttributeError: 'Member' object has no attribute 'timed_out_until'
Ignoring exception in on_member_update
Traceback (most recent call last):
  File "/usr/local/lib/python3.12/site-packages/discord/client.py", line 465, in _run_event
    await coro(*args, **kwargs)
  File "/app/asu_discord/cogs/analytics.py", line 652, in on_member_update
    before_timeout = before.timed_out_until
                     ^^^^^^^^^^^^^^^^^^^^^^
AttributeError: 'Member' object has no attribute 'timed_out_until'
Ignoring exception in on_member_update
Traceback (most recent call last):
  File "/usr/local/lib/python3.12/site-packages/discord/client.py", line 465, in _run_event
    await coro(*args, **kwargs)
  File "/app/asu_discord/cogs/analytics.py", line 652, in on_member_update
    before_timeout = before.timed_out_until
                     ^^^^^^^^^^^^^^^^^^^^^^
AttributeError: 'Member' object has no attribute 'timed_out_until'
Ignoring exception in on_member_update
Traceback (most recent call last):
  File "/usr/local/lib/python3.12/site-packages/discord/client.py", line 465, in _run_event
    await coro(*args, **kwargs)
  File "/app/asu_discord/cogs/analytics.py", line 652, in on_member_update
    before_timeout = before.timed_out_until
                     ^^^^^^^^^^^^^^^^^^^^^^
AttributeError: 'Member' object has no attribute 'timed_out_until'
INFO:asu_discord.cogs.verification:Saved 5 roles to database for user jjfarre1 (Discord ID: 753422820356259954)
INFO:asu_discord.cogs.verification:Refreshed Salesforce roles for Discord user 753422820356259954: -5/+5 roles, assigned=[Arizona Resident, College of Liberal Arts and Sciences, Commited, First Year, Tempe]
Ignoring exception in on_member_update
Traceback (most recent call last):
  File "/usr/local/lib/python3.12/site-packages/discord/client.py", line 465, in _run_event
    await coro(*args, **kwargs)
  File "/app/asu_discord/cogs/analytics.py", line 652, in on_member_update
    before_timeout = before.timed_out_until
                     ^^^^^^^^^^^^^^^^^^^^^^
AttributeError: 'Member' object has no attribute 'timed_out_until'
Ignoring exception in on_member_update
Traceback (most recent call last):
  File "/usr/local/lib/python3.12/site-packages/discord/client.py", line 465, in _run_event
    await coro(*args, **kwargs)
  File "/app/asu_discord/cogs/analytics.py", line 652, in on_member_update
    before_timeout = before.timed_out_until
                     ^^^^^^^^^^^^^^^^^^^^^^
AttributeError: 'Member' object has no attribute 'timed_out_until'
Ignoring exception in on_member_update
Traceback (most recent call last):
  File "/usr/local/lib/python3.12/site-packages/discord/client.py", line 465, in _run_event
    await coro(*args, **kwargs)
  File "/app/asu_discord/cogs/analytics.py", line 652, in on_member_update
    before_timeout = before.timed_out_until
                     ^^^^^^^^^^^^^^^^^^^^^^
AttributeError: 'Member' object has no attribute 'timed_out_until'
Ignoring exception in on_member_update
Traceback (most recent call last):
  File "/usr/local/lib/python3.12/site-packages/discord/client.py", line 465, in _run_event
    await coro(*args, **kwargs)
  File "/app/asu_discord/cogs/analytics.py", line 652, in on_member_update
    before_timeout = before.timed_out_until
                     ^^^^^^^^^^^^^^^^^^^^^^
AttributeError: 'Member' object has no attribute 'timed_out_until'
Ignoring exception in on_member_update
Traceback (most recent call last):
  File "/usr/local/lib/python3.12/site-packages/discord/client.py", line 465, in _run_event
    await coro(*args, **kwargs)
  File "/app/asu_discord/cogs/analytics.py", line 652, in on_member_update
    before_timeout = before.timed_out_until
                     ^^^^^^^^^^^^^^^^^^^^^^
AttributeError: 'Member' object has no attribute 'timed_out_until'
Ignoring exception in on_member_update
Traceback (most recent call last):
  File "/usr/local/lib/python3.12/site-packages/discord/client.py", line 465, in _run_event
    await coro(*args, **kwargs)
  File "/app/asu_discord/cogs/analytics.py", line 652, in on_member_update
    before_timeout = before.timed_out_until
                     ^^^^^^^^^^^^^^^^^^^^^^
AttributeError: 'Member' object has no attribute 'timed_out_until'
Ignoring exception in on_member_update
Traceback (most recent call last):
  File "/usr/local/lib/python3.12/site-packages/discord/client.py", line 465, in _run_event
    await coro(*args, **kwargs)
  File "/app/asu_discord/cogs/analytics.py", line 652, in on_member_update
    before_timeout = before.timed_out_until
                     ^^^^^^^^^^^^^^^^^^^^^^
AttributeError: 'Member' object has no attribute 'timed_out_until'
Ignoring exception in on_member_update
Traceback (most recent call last):
  File "/usr/local/lib/python3.12/site-packages/discord/client.py", line 465, in _run_event
    await coro(*args, **kwargs)
  File "/app/asu_discord/cogs/analytics.py", line 652, in on_member_update
    before_timeout = before.timed_out_until
                     ^^^^^^^^^^^^^^^^^^^^^^
AttributeError: 'Member' object has no attribute 'timed_out_until'
Ignoring exception in on_member_update
Traceback (most recent call last):
  File "/usr/local/lib/python3.12/site-packages/discord/client.py", line 465, in _run_event
    await coro(*args, **kwargs)
  File "/app/asu_discord/cogs/analytics.py", line 652, in on_member_update
    before_timeout = before.timed_out_until
                     ^^^^^^^^^^^^^^^^^^^^^^
AttributeError: 'Member' object has no attribute 'timed_out_until'
Ignoring exception in on_member_update
Traceback (most recent call last):
  File "/usr/local/lib/python3.12/site-packages/discord/client.py", line 465, in _run_event
    await coro(*args, **kwargs)
  File "/app/asu_discord/cogs/analytics.py", line 652, in on_member_update
    before_timeout = before.timed_out_until
                     ^^^^^^^^^^^^^^^^^^^^^^
AttributeError: 'Member' object has no attribute 'timed_out_until'
INFO:asu_discord.cogs.verification:Saved 5 roles to database for user abaguile (Discord ID: 445741684915961857)
INFO:asu_discord.cogs.verification:Refreshed Salesforce roles for Discord user 445741684915961857: -5/+5 roles, assigned=[Arizona Resident, Downtown Phoenix, Edson College of Nursing and Health Innovation, First Generation Student, First Year]
Ignoring exception in on_member_update
Traceback (most recent call last):
  File "/usr/local/lib/python3.12/site-packages/discord/client.py", line 465, in _run_event
    await coro(*args, **kwargs)
  File "/app/asu_discord/cogs/analytics.py", line 652, in on_member_update
    before_timeout = before.timed_out_until
                     ^^^^^^^^^^^^^^^^^^^^^^
AttributeError: 'Member' object has no attribute 'timed_out_until'
Ignoring exception in on_member_update
Traceback (most recent call last):
  File "/usr/local/lib/python3.12/site-packages/discord/client.py", line 465, in _run_event
    await coro(*args, **kwargs)
  File "/app/asu_discord/cogs/analytics.py", line 652, in on_member_update
    before_timeout = before.timed_out_until
                     ^^^^^^^^^^^^^^^^^^^^^^
AttributeError: 'Member' object has no attribute 'timed_out_until'
Ignoring exception in on_member_update
Traceback (most recent call last):
  File "/usr/local/lib/python3.12/site-packages/discord/client.py", line 465, in _run_event
    await coro(*args, **kwargs)
  File "/app/asu_discord/cogs/analytics.py", line 652, in on_member_update
    before_timeout = before.timed_out_until
                     ^^^^^^^^^^^^^^^^^^^^^^
AttributeError: 'Member' object has no attribute 'timed_out_until'
Ignoring exception in on_member_update
Traceback (most recent call last):
  File "/usr/local/lib/python3.12/site-packages/discord/client.py", line 465, in _run_event
    await coro(*args, **kwargs)
  File "/app/asu_discord/cogs/analytics.py", line 652, in on_member_update
    before_timeout = before.timed_out_until
                     ^^^^^^^^^^^^^^^^^^^^^^
AttributeError: 'Member' object has no attribute 'timed_out_until'
Ignoring exception in on_member_update
Traceback (most recent call last):
  File "/usr/local/lib/python3.12/site-packages/discord/client.py", line 465, in _run_event
    await coro(*args, **kwargs)
  File "/app/asu_discord/cogs/analytics.py", line 652, in on_member_update
    before_timeout = before.timed_out_until
                     ^^^^^^^^^^^^^^^^^^^^^^
AttributeError: 'Member' object has no attribute 'timed_out_until'
Ignoring exception in on_member_update
Traceback (most recent call last):
  File "/usr/local/lib/python3.12/site-packages/discord/client.py", line 465, in _run_event
    await coro(*args, **kwargs)
  File "/app/asu_discord/cogs/analytics.py", line 652, in on_member_update
    before_timeout = before.timed_out_until
                     ^^^^^^^^^^^^^^^^^^^^^^
AttributeError: 'Member' object has no attribute 'timed_out_until'
Ignoring exception in on_member_update
Traceback (most recent call last):
  File "/usr/local/lib/python3.12/site-packages/discord/client.py", line 465, in _run_event
    await coro(*args, **kwargs)
  File "/app/asu_discord/cogs/analytics.py", line 652, in on_member_update
    before_timeout = before.timed_out_until
                     ^^^^^^^^^^^^^^^^^^^^^^
AttributeError: 'Member' object has no attribute 'timed_out_until'
Ignoring exception in on_member_update
Traceback (most recent call last):
  File "/usr/local/lib/python3.12/site-packages/discord/client.py", line 465, in _run_event
    await coro(*args, **kwargs)
  File "/app/asu_discord/cogs/analytics.py", line 652, in on_member_update
    before_timeout = before.timed_out_until
                     ^^^^^^^^^^^^^^^^^^^^^^
AttributeError: 'Member' object has no attribute 'timed_out_until'
Ignoring exception in on_member_update
Traceback (most recent call last):
  File "/usr/local/lib/python3.12/site-packages/discord/client.py", line 465, in _run_event
    await coro(*args, **kwargs)
  File "/app/asu_discord/cogs/analytics.py", line 652, in on_member_update
    before_timeout = before.timed_out_until
                     ^^^^^^^^^^^^^^^^^^^^^^
AttributeError: 'Member' object has no attribute 'timed_out_until'
Ignoring exception in on_member_update
Traceback (most recent call last):
  File "/usr/local/lib/python3.12/site-packages/discord/client.py", line 465, in _run_event
    await coro(*args, **kwargs)
  File "/app/asu_discord/cogs/analytics.py", line 652, in on_member_update
    before_timeout = before.timed_out_until
                     ^^^^^^^^^^^^^^^^^^^^^^
AttributeError: 'Member' object has no attribute 'timed_out_until'
Ignoring exception in on_member_update
Traceback (most recent call last):
  File "/usr/local/lib/python3.12/site-packages/discord/client.py", line 465, in _run_event
    await coro(*args, **kwargs)
  File "/app/asu_discord/cogs/analytics.py", line 652, in on_member_update
    before_timeout = before.timed_out_until
                     ^^^^^^^^^^^^^^^^^^^^^^
AttributeError: 'Member' object has no attribute 'timed_out_until'
Ignoring exception in on_member_update
Traceback (most recent call last):
  File "/usr/local/lib/python3.12/site-packages/discord/client.py", line 465, in _run_event
    await coro(*args, **kwargs)
  File "/app/asu_discord/cogs/analytics.py", line 652, in on_member_update
    before_timeout = before.timed_out_until
                     ^^^^^^^^^^^^^^^^^^^^^^
AttributeError: 'Member' object has no attribute 'timed_out_until'
INFO:asu_discord.cogs.verification:Saved 6 roles to database for user bkane124 (Discord ID: 482710898511708160)
INFO:asu_discord.cogs.verification:Refreshed Salesforce roles for Discord user 482710898511708160: -6/+6 roles, assigned=[Commited, First Generation Student, First Year, Out of State, Tempe, W.P. Carey School of Business]
Ignoring exception in on_member_update
Traceback (most recent call last):
  File "/usr/local/lib/python3.12/site-packages/discord/client.py", line 465, in _run_event
    await coro(*args, **kwargs)
  File "/app/asu_discord/cogs/analytics.py", line 652, in on_member_update
    before_timeout = before.timed_out_until
                     ^^^^^^^^^^^^^^^^^^^^^^
AttributeError: 'Member' object has no attribute 'timed_out_until'
Ignoring exception in on_member_update
Traceback (most recent call last):
  File "/usr/local/lib/python3.12/site-packages/discord/client.py", line 465, in _run_event
    await coro(*args, **kwargs)
  File "/app/asu_discord/cogs/analytics.py", line 652, in on_member_update
    before_timeout = before.timed_out_until
                     ^^^^^^^^^^^^^^^^^^^^^^
AttributeError: 'Member' object has no attribute 'timed_out_until'
Ignoring exception in on_member_update
Traceback (most recent call last):
  File "/usr/local/lib/python3.12/site-packages/discord/client.py", line 465, in _run_event
    await coro(*args, **kwargs)
  File "/app/asu_discord/cogs/analytics.py", line 652, in on_member_update
    before_timeout = before.timed_out_until
                     ^^^^^^^^^^^^^^^^^^^^^^
AttributeError: 'Member' object has no attribute 'timed_out_until'
Ignoring exception in on_member_update
Traceback (most recent call last):
  File "/usr/local/lib/python3.12/site-packages/discord/client.py", line 465, in _run_event
    await coro(*args, **kwargs)
  File "/app/asu_discord/cogs/analytics.py", line 652, in on_member_update
    before_timeout = before.timed_out_until
                     ^^^^^^^^^^^^^^^^^^^^^^
AttributeError: 'Member' object has no attribute 'timed_out_until'
Ignoring exception in on_member_update
Traceback (most recent call last):
  File "/usr/local/lib/python3.12/site-packages/discord/client.py", line 465, in _run_event
    await coro(*args, **kwargs)
  File "/app/asu_discord/cogs/analytics.py", line 652, in on_member_update
    before_timeout = before.timed_out_until
                     ^^^^^^^^^^^^^^^^^^^^^^
AttributeError: 'Member' object has no attribute 'timed_out_until'
Ignoring exception in on_member_update
Traceback (most recent call last):
  File "/usr/local/lib/python3.12/site-packages/discord/client.py", line 465, in _run_event
    await coro(*args, **kwargs)
  File "/app/asu_discord/cogs/analytics.py", line 652, in on_member_update
    before_timeout = before.timed_out_until
                     ^^^^^^^^^^^^^^^^^^^^^^
AttributeError: 'Member' object has no attribute 'timed_out_until'
Ignoring exception in on_member_update
Traceback (most recent call last):
  File "/usr/local/lib/python3.12/site-packages/discord/client.py", line 465, in _run_event
    await coro(*args, **kwargs)
  File "/app/asu_discord/cogs/analytics.py", line 652, in on_member_update
    before_timeout = before.timed_out_until
                     ^^^^^^^^^^^^^^^^^^^^^^
AttributeError: 'Member' object has no attribute 'timed_out_until'
Ignoring exception in on_member_update
Traceback (most recent call last):
  File "/usr/local/lib/python3.12/site-packages/discord/client.py", line 465, in _run_event
    await coro(*args, **kwargs)
  File "/app/asu_discord/cogs/analytics.py", line 652, in on_member_update
    before_timeout = before.timed_out_until
                     ^^^^^^^^^^^^^^^^^^^^^^
AttributeError: 'Member' object has no attribute 'timed_out_until'
Ignoring exception in on_member_update
Traceback (most recent call last):
  File "/usr/local/lib/python3.12/site-packages/discord/client.py", line 465, in _run_event
    await coro(*args, **kwargs)
  File "/app/asu_discord/cogs/analytics.py", line 652, in on_member_update
    before_timeout = before.timed_out_until
                     ^^^^^^^^^^^^^^^^^^^^^^
AttributeError: 'Member' object has no attribute 'timed_out_until'
Ignoring exception in on_member_update
Traceback (most recent call last):
  File "/usr/local/lib/python3.12/site-packages/discord/client.py", line 465, in _run_event
    await coro(*args, **kwargs)
  File "/app/asu_discord/cogs/analytics.py", line 652, in on_member_update
    before_timeout = before.timed_out_until
                     ^^^^^^^^^^^^^^^^^^^^^^
AttributeError: 'Member' object has no attribute 'timed_out_until'
INFO:asu_discord.cogs.verification:Saved 5 roles to database for user nathanyo (Discord ID: 716773907033620591)
INFO:asu_discord.cogs.verification:Refreshed Salesforce roles for Discord user 716773907033620591: -5/+5 roles, assigned=[Commited, Downtown Phoenix, Edson College of Nursing and Health Innovation, First Year, Out of State]
Ignoring exception in on_member_update
Traceback (most recent call last):
  File "/usr/local/lib/python3.12/site-packages/discord/client.py", line 465, in _run_event
    await coro(*args, **kwargs)
  File "/app/asu_discord/cogs/analytics.py", line 652, in on_member_update
    before_timeout = before.timed_out_until
                     ^^^^^^^^^^^^^^^^^^^^^^
AttributeError: 'Member' object has no attribute 'timed_out_until'
Ignoring exception in on_member_update
Traceback (most recent call last):
  File "/usr/local/lib/python3.12/site-packages/discord/client.py", line 465, in _run_event
    await coro(*args, **kwargs)
  File "/app/asu_discord/cogs/analytics.py", line 652, in on_member_update
    before_timeout = before.timed_out_until
                     ^^^^^^^^^^^^^^^^^^^^^^
AttributeError: 'Member' object has no attribute 'timed_out_until'
Ignoring exception in on_member_update
Traceback (most recent call last):
  File "/usr/local/lib/python3.12/site-packages/discord/client.py", line 465, in _run_event
    await coro(*args, **kwargs)
  File "/app/asu_discord/cogs/analytics.py", line 652, in on_member_update
    before_timeout = before.timed_out_until
                     ^^^^^^^^^^^^^^^^^^^^^^
AttributeError: 'Member' object has no attribute 'timed_out_until'
Ignoring exception in on_member_update
Traceback (most recent call last):
  File "/usr/local/lib/python3.12/site-packages/discord/client.py", line 465, in _run_event
    await coro(*args, **kwargs)
  File "/app/asu_discord/cogs/analytics.py", line 652, in on_member_update
    before_timeout = before.timed_out_until
                     ^^^^^^^^^^^^^^^^^^^^^^
AttributeError: 'Member' object has no attribute 'timed_out_until'
Ignoring exception in on_member_update
Traceback (most recent call last):
  File "/usr/local/lib/python3.12/site-packages/discord/client.py", line 465, in _run_event
    await coro(*args, **kwargs)
  File "/app/asu_discord/cogs/analytics.py", line 652, in on_member_update
    before_timeout = before.timed_out_until
                     ^^^^^^^^^^^^^^^^^^^^^^
AttributeError: 'Member' object has no attribute 'timed_out_until'
Ignoring exception in on_member_update
Traceback (most recent call last):
  File "/usr/local/lib/python3.12/site-packages/discord/client.py", line 465, in _run_event
    await coro(*args, **kwargs)
  File "/app/asu_discord/cogs/analytics.py", line 652, in on_member_update
    before_timeout = before.timed_out_until
                     ^^^^^^^^^^^^^^^^^^^^^^
AttributeError: 'Member' object has no attribute 'timed_out_until'
Ignoring exception in on_member_update
Traceback (most recent call last):
  File "/usr/local/lib/python3.12/site-packages/discord/client.py", line 465, in _run_event
    await coro(*args, **kwargs)
  File "/app/asu_discord/cogs/analytics.py", line 652, in on_member_update
    before_timeout = before.timed_out_until
                     ^^^^^^^^^^^^^^^^^^^^^^
AttributeError: 'Member' object has no attribute 'timed_out_until'
Ignoring exception in on_member_update
Traceback (most recent call last):
  File "/usr/local/lib/python3.12/site-packages/discord/client.py", line 465, in _run_event
    await coro(*args, **kwargs)
  File "/app/asu_discord/cogs/analytics.py", line 652, in on_member_update
    before_timeout = before.timed_out_until
                     ^^^^^^^^^^^^^^^^^^^^^^
AttributeError: 'Member' object has no attribute 'timed_out_until'
Ignoring exception in on_member_update
Traceback (most recent call last):
  File "/usr/local/lib/python3.12/site-packages/discord/client.py", line 465, in _run_event
    await coro(*args, **kwargs)
  File "/app/asu_discord/cogs/analytics.py", line 652, in on_member_update
    before_timeout = before.timed_out_until
                     ^^^^^^^^^^^^^^^^^^^^^^
AttributeError: 'Member' object has no attribute 'timed_out_until'
Ignoring exception in on_member_update
Traceback (most recent call last):
  File "/usr/local/lib/python3.12/site-packages/discord/client.py", line 465, in _run_event
    await coro(*args, **kwargs)
  File "/app/asu_discord/cogs/analytics.py", line 652, in on_member_update
    before_timeout = before.timed_out_until
                     ^^^^^^^^^^^^^^^^^^^^^^
AttributeError: 'Member' object has no attribute 'timed_out_until'
INFO:asu_discord.cogs.verification:Saved 5 roles to database for user mmsprin2 (Discord ID: 1483990768367698052)
INFO:asu_discord.cogs.verification:Refreshed Salesforce roles for Discord user 1483990768367698052: -5/+5 roles, assigned=[Commited, First Year, Out of State, W.P. Carey School of Business, West Valley]
Ignoring exception in on_member_update
Traceback (most recent call last):
  File "/usr/local/lib/python3.12/site-packages/discord/client.py", line 465, in _run_event
    await coro(*args, **kwargs)
  File "/app/asu_discord/cogs/analytics.py", line 652, in on_member_update
    before_timeout = before.timed_out_until
                     ^^^^^^^^^^^^^^^^^^^^^^
AttributeError: 'Member' object has no attribute 'timed_out_until'
Ignoring exception in on_member_update
Traceback (most recent call last):
  File "/usr/local/lib/python3.12/site-packages/discord/client.py", line 465, in _run_event
    await coro(*args, **kwargs)
  File "/app/asu_discord/cogs/analytics.py", line 652, in on_member_update
    before_timeout = before.timed_out_until
                     ^^^^^^^^^^^^^^^^^^^^^^
AttributeError: 'Member' object has no attribute 'timed_out_until'
Ignoring exception in on_member_update
Traceback (most recent call last):
  File "/usr/local/lib/python3.12/site-packages/discord/client.py", line 465, in _run_event
    await coro(*args, **kwargs)
  File "/app/asu_discord/cogs/analytics.py", line 652, in on_member_update
    before_timeout = before.timed_out_until
                     ^^^^^^^^^^^^^^^^^^^^^^
AttributeError: 'Member' object has no attribute 'timed_out_until'
Ignoring exception in on_member_update
Traceback (most recent call last):
  File "/usr/local/lib/python3.12/site-packages/discord/client.py", line 465, in _run_event
    await coro(*args, **kwargs)
  File "/app/asu_discord/cogs/analytics.py", line 652, in on_member_update
    before_timeout = before.timed_out_until
                     ^^^^^^^^^^^^^^^^^^^^^^
AttributeError: 'Member' object has no attribute 'timed_out_until'
Ignoring exception in on_member_update
Traceback (most recent call last):
  File "/usr/local/lib/python3.12/site-packages/discord/client.py", line 465, in _run_event
    await coro(*args, **kwargs)
  File "/app/asu_discord/cogs/analytics.py", line 652, in on_member_update
    before_timeout = before.timed_out_until
                     ^^^^^^^^^^^^^^^^^^^^^^
AttributeError: 'Member' object has no attribute 'timed_out_until'
Ignoring exception in on_member_update
Traceback (most recent call last):
  File "/usr/local/lib/python3.12/site-packages/discord/client.py", line 465, in _run_event
    await coro(*args, **kwargs)
  File "/app/asu_discord/cogs/analytics.py", line 652, in on_member_update
    before_timeout = before.timed_out_until
                     ^^^^^^^^^^^^^^^^^^^^^^
AttributeError: 'Member' object has no attribute 'timed_out_until'
Ignoring exception in on_member_update
Traceback (most recent call last):
  File "/usr/local/lib/python3.12/site-packages/discord/client.py", line 465, in _run_event
    await coro(*args, **kwargs)
  File "/app/asu_discord/cogs/analytics.py", line 652, in on_member_update
    before_timeout = before.timed_out_until
                     ^^^^^^^^^^^^^^^^^^^^^^
AttributeError: 'Member' object has no attribute 'timed_out_until'
Ignoring exception in on_member_update
Traceback (most recent call last):
  File "/usr/local/lib/python3.12/site-packages/discord/client.py", line 465, in _run_event
    await coro(*args, **kwargs)
  File "/app/asu_discord/cogs/analytics.py", line 652, in on_member_update
    before_timeout = before.timed_out_until
                     ^^^^^^^^^^^^^^^^^^^^^^
AttributeError: 'Member' object has no attribute 'timed_out_until'
INFO:asu_discord.cogs.verification:Saved 4 roles to database for user bwente (Discord ID: 509069856792903700)
INFO:asu_discord.cogs.verification:Refreshed Salesforce roles for Discord user 509069856792903700: -4/+4 roles, assigned=[Arizona Resident, First Year, Herberger Institute for Design and the Arts, Tempe]
Ignoring exception in on_member_update
Traceback (most recent call last):
  File "/usr/local/lib/python3.12/site-packages/discord/client.py", line 465, in _run_event
    await coro(*args, **kwargs)
  File "/app/asu_discord/cogs/analytics.py", line 652, in on_member_update
    before_timeout = before.timed_out_until
                     ^^^^^^^^^^^^^^^^^^^^^^
AttributeError: 'Member' object has no attribute 'timed_out_until'
Ignoring exception in on_member_update
Traceback (most recent call last):
  File "/usr/local/lib/python3.12/site-packages/discord/client.py", line 465, in _run_event
    await coro(*args, **kwargs)
  File "/app/asu_discord/cogs/analytics.py", line 652, in on_member_update
    before_timeout = before.timed_out_until
                     ^^^^^^^^^^^^^^^^^^^^^^
AttributeError: 'Member' object has no attribute 'timed_out_until'
Ignoring exception in on_member_update
Traceback (most recent call last):
  File "/usr/local/lib/python3.12/site-packages/discord/client.py", line 465, in _run_event
    await coro(*args, **kwargs)
  File "/app/asu_discord/cogs/analytics.py", line 652, in on_member_update
    before_timeout = before.timed_out_until
                     ^^^^^^^^^^^^^^^^^^^^^^
AttributeError: 'Member' object has no attribute 'timed_out_until'
Ignoring exception in on_member_update
Traceback (most recent call last):
  File "/usr/local/lib/python3.12/site-packages/discord/client.py", line 465, in _run_event
    await coro(*args, **kwargs)
  File "/app/asu_discord/cogs/analytics.py", line 652, in on_member_update
    before_timeout = before.timed_out_until
                     ^^^^^^^^^^^^^^^^^^^^^^
AttributeError: 'Member' object has no attribute 'timed_out_until'
Ignoring exception in on_member_update
Traceback (most recent call last):
  File "/usr/local/lib/python3.12/site-packages/discord/client.py", line 465, in _run_event
    await coro(*args, **kwargs)
  File "/app/asu_discord/cogs/analytics.py", line 652, in on_member_update
    before_timeout = before.timed_out_until
                     ^^^^^^^^^^^^^^^^^^^^^^
AttributeError: 'Member' object has no attribute 'timed_out_until'
Ignoring exception in on_member_update
Traceback (most recent call last):
  File "/usr/local/lib/python3.12/site-packages/discord/client.py", line 465, in _run_event
    await coro(*args, **kwargs)
  File "/app/asu_discord/cogs/analytics.py", line 652, in on_member_update
    before_timeout = before.timed_out_until
                     ^^^^^^^^^^^^^^^^^^^^^^
AttributeError: 'Member' object has no attribute 'timed_out_until'
Ignoring exception in on_member_update
Traceback (most recent call last):
  File "/usr/local/lib/python3.12/site-packages/discord/client.py", line 465, in _run_event
    await coro(*args, **kwargs)
  File "/app/asu_discord/cogs/analytics.py", line 652, in on_member_update
    before_timeout = before.timed_out_until
                     ^^^^^^^^^^^^^^^^^^^^^^
AttributeError: 'Member' object has no attribute 'timed_out_until'
Ignoring exception in on_member_update
Traceback (most recent call last):
  File "/usr/local/lib/python3.12/site-packages/discord/client.py", line 465, in _run_event
    await coro(*args, **kwargs)
  File "/app/asu_discord/cogs/analytics.py", line 652, in on_member_update
    before_timeout = before.timed_out_until
                     ^^^^^^^^^^^^^^^^^^^^^^
AttributeError: 'Member' object has no attribute 'timed_out_until'
Ignoring exception in on_member_update
Traceback (most recent call last):
  File "/usr/local/lib/python3.12/site-packages/discord/client.py", line 465, in _run_event
    await coro(*args, **kwargs)
  File "/app/asu_discord/cogs/analytics.py", line 652, in on_member_update
    before_timeout = before.timed_out_until
                     ^^^^^^^^^^^^^^^^^^^^^^
AttributeError: 'Member' object has no attribute 'timed_out_until'
Ignoring exception in on_member_update
Traceback (most recent call last):
  File "/usr/local/lib/python3.12/site-packages/discord/client.py", line 465, in _run_event
    await coro(*args, **kwargs)
  File "/app/asu_discord/cogs/analytics.py", line 652, in on_member_update
    before_timeout = before.timed_out_until
                     ^^^^^^^^^^^^^^^^^^^^^^
AttributeError: 'Member' object has no attribute 'timed_out_until'
INFO:asu_discord.cogs.verification:Saved 5 roles to database for user jrdelape (Discord ID: 1261720525500190893)
INFO:asu_discord.cogs.verification:Refreshed Salesforce roles for Discord user 1261720525500190893: -5/+5 roles, assigned=[First Generation Student, Out of State, Tempe, Transfer Student, W.P. Carey School of Business]
Ignoring exception in on_member_update
Traceback (most recent call last):
  File "/usr/local/lib/python3.12/site-packages/discord/client.py", line 465, in _run_event
    await coro(*args, **kwargs)
  File "/app/asu_discord/cogs/analytics.py", line 652, in on_member_update
    before_timeout = before.timed_out_until
                     ^^^^^^^^^^^^^^^^^^^^^^
AttributeError: 'Member' object has no attribute 'timed_out_until'
Ignoring exception in on_member_update
Traceback (most recent call last):
  File "/usr/local/lib/python3.12/site-packages/discord/client.py", line 465, in _run_event
    await coro(*args, **kwargs)
  File "/app/asu_discord/cogs/analytics.py", line 652, in on_member_update
    before_timeout = before.timed_out_until
                     ^^^^^^^^^^^^^^^^^^^^^^
AttributeError: 'Member' object has no attribute 'timed_out_until'
Ignoring exception in on_member_update
Traceback (most recent call last):
  File "/usr/local/lib/python3.12/site-packages/discord/client.py", line 465, in _run_event
    await coro(*args, **kwargs)
  File "/app/asu_discord/cogs/analytics.py", line 652, in on_member_update
    before_timeout = before.timed_out_until
                     ^^^^^^^^^^^^^^^^^^^^^^
AttributeError: 'Member' object has no attribute 'timed_out_until'
Ignoring exception in on_member_update
Traceback (most recent call last):
  File "/usr/local/lib/python3.12/site-packages/discord/client.py", line 465, in _run_event
    await coro(*args, **kwargs)
  File "/app/asu_discord/cogs/analytics.py", line 652, in on_member_update
    before_timeout = before.timed_out_until
                     ^^^^^^^^^^^^^^^^^^^^^^
AttributeError: 'Member' object has no attribute 'timed_out_until'
Ignoring exception in on_member_update
Traceback (most recent call last):
  File "/usr/local/lib/python3.12/site-packages/discord/client.py", line 465, in _run_event
    await coro(*args, **kwargs)
  File "/app/asu_discord/cogs/analytics.py", line 652, in on_member_update
    before_timeout = before.timed_out_until
                     ^^^^^^^^^^^^^^^^^^^^^^
AttributeError: 'Member' object has no attribute 'timed_out_until'
Ignoring exception in on_member_update
Traceback (most recent call last):
  File "/usr/local/lib/python3.12/site-packages/discord/client.py", line 465, in _run_event
    await coro(*args, **kwargs)
  File "/app/asu_discord/cogs/analytics.py", line 652, in on_member_update
    before_timeout = before.timed_out_until
                     ^^^^^^^^^^^^^^^^^^^^^^
AttributeError: 'Member' object has no attribute 'timed_out_until'
Ignoring exception in on_member_update
Traceback (most recent call last):
  File "/usr/local/lib/python3.12/site-packages/discord/client.py", line 465, in _run_event
    await coro(*args, **kwargs)
  File "/app/asu_discord/cogs/analytics.py", line 652, in on_member_update
    before_timeout = before.timed_out_until
                     ^^^^^^^^^^^^^^^^^^^^^^
AttributeError: 'Member' object has no attribute 'timed_out_until'
Ignoring exception in on_member_update
Traceback (most recent call last):
  File "/usr/local/lib/python3.12/site-packages/discord/client.py", line 465, in _run_event
    await coro(*args, **kwargs)
  File "/app/asu_discord/cogs/analytics.py", line 652, in on_member_update
    before_timeout = before.timed_out_until
                     ^^^^^^^^^^^^^^^^^^^^^^
AttributeError: 'Member' object has no attribute 'timed_out_until'
Ignoring exception in on_member_update
Traceback (most recent call last):
  File "/usr/local/lib/python3.12/site-packages/discord/client.py", line 465, in _run_event
    await coro(*args, **kwargs)
  File "/app/asu_discord/cogs/analytics.py", line 652, in on_member_update
    before_timeout = before.timed_out_until
                     ^^^^^^^^^^^^^^^^^^^^^^
AttributeError: 'Member' object has no attribute 'timed_out_until'
Ignoring exception in on_member_update
Traceback (most recent call last):
  File "/usr/local/lib/python3.12/site-packages/discord/client.py", line 465, in _run_event
    await coro(*args, **kwargs)
  File "/app/asu_discord/cogs/analytics.py", line 652, in on_member_update
    before_timeout = before.timed_out_until
                     ^^^^^^^^^^^^^^^^^^^^^^
AttributeError: 'Member' object has no attribute 'timed_out_until'
Ignoring exception in on_member_update
Traceback (most recent call last):
  File "/usr/local/lib/python3.12/site-packages/discord/client.py", line 465, in _run_event
    await coro(*args, **kwargs)
  File "/app/asu_discord/cogs/analytics.py", line 652, in on_member_update
    before_timeout = before.timed_out_until
                     ^^^^^^^^^^^^^^^^^^^^^^
AttributeError: 'Member' object has no attribute 'timed_out_until'
Ignoring exception in on_member_update
Traceback (most recent call last):
  File "/usr/local/lib/python3.12/site-packages/discord/client.py", line 465, in _run_event
    await coro(*args, **kwargs)
  File "/app/asu_discord/cogs/analytics.py", line 652, in on_member_update
    before_timeout = before.timed_out_until
                     ^^^^^^^^^^^^^^^^^^^^^^
AttributeError: 'Member' object has no attribute 'timed_out_until'
INFO:asu_discord.cogs.verification:Saved 6 roles to database for user nearnes1 (Discord ID: 750740298363306164)
INFO:asu_discord.cogs.verification:Refreshed Salesforce roles for Discord user 750740298363306164: -6/+6 roles, assigned=[Arizona Resident, Commited, First Generation Student, First Year, Herberger Institute for Design and the Arts, Tempe]
Ignoring exception in on_member_update
Traceback (most recent call last):
  File "/usr/local/lib/python3.12/site-packages/discord/client.py", line 465, in _run_event
    await coro(*args, **kwargs)
  File "/app/asu_discord/cogs/analytics.py", line 652, in on_member_update
    before_timeout = before.timed_out_until
                     ^^^^^^^^^^^^^^^^^^^^^^
AttributeError: 'Member' object has no attribute 'timed_out_until'
Ignoring exception in on_member_update
Traceback (most recent call last):
  File "/usr/local/lib/python3.12/site-packages/discord/client.py", line 465, in _run_event
    await coro(*args, **kwargs)
  File "/app/asu_discord/cogs/analytics.py", line 652, in on_member_update
    before_timeout = before.timed_out_until
                     ^^^^^^^^^^^^^^^^^^^^^^
AttributeError: 'Member' object has no attribute 'timed_out_until'
Ignoring exception in on_member_update
Traceback (most recent call last):
  File "/usr/local/lib/python3.12/site-packages/discord/client.py", line 465, in _run_event
    await coro(*args, **kwargs)
  File "/app/asu_discord/cogs/analytics.py", line 652, in on_member_update
    before_timeout = before.timed_out_until
                     ^^^^^^^^^^^^^^^^^^^^^^
AttributeError: 'Member' object has no attribute 'timed_out_until'
Ignoring exception in on_member_update
Traceback (most recent call last):
  File "/usr/local/lib/python3.12/site-packages/discord/client.py", line 465, in _run_event
    await coro(*args, **kwargs)
  File "/app/asu_discord/cogs/analytics.py", line 652, in on_member_update
    before_timeout = before.timed_out_until
                     ^^^^^^^^^^^^^^^^^^^^^^
AttributeError: 'Member' object has no attribute 'timed_out_until'
Ignoring exception in on_member_update
Traceback (most recent call last):
  File "/usr/local/lib/python3.12/site-packages/discord/client.py", line 465, in _run_event
    await coro(*args, **kwargs)
  File "/app/asu_discord/cogs/analytics.py", line 652, in on_member_update
    before_timeout = before.timed_out_until
                     ^^^^^^^^^^^^^^^^^^^^^^
AttributeError: 'Member' object has no attribute 'timed_out_until'
Ignoring exception in on_member_update
Traceback (most recent call last):
  File "/usr/local/lib/python3.12/site-packages/discord/client.py", line 465, in _run_event
    await coro(*args, **kwargs)
  File "/app/asu_discord/cogs/analytics.py", line 652, in on_member_update
    before_timeout = before.timed_out_until
                     ^^^^^^^^^^^^^^^^^^^^^^
AttributeError: 'Member' object has no attribute 'timed_out_until'
Ignoring exception in on_member_update
Traceback (most recent call last):
  File "/usr/local/lib/python3.12/site-packages/discord/client.py", line 465, in _run_event
    await coro(*args, **kwargs)
  File "/app/asu_discord/cogs/analytics.py", line 652, in on_member_update
    before_timeout = before.timed_out_until
                     ^^^^^^^^^^^^^^^^^^^^^^
AttributeError: 'Member' object has no attribute 'timed_out_until'
Ignoring exception in on_member_update
Traceback (most recent call last):
  File "/usr/local/lib/python3.12/site-packages/discord/client.py", line 465, in _run_event
    await coro(*args, **kwargs)
  File "/app/asu_discord/cogs/analytics.py", line 652, in on_member_update
    before_timeout = before.timed_out_until
                     ^^^^^^^^^^^^^^^^^^^^^^
AttributeError: 'Member' object has no attribute 'timed_out_until'
Ignoring exception in on_member_update
Traceback (most recent call last):
  File "/usr/local/lib/python3.12/site-packages/discord/client.py", line 465, in _run_event
    await coro(*args, **kwargs)
  File "/app/asu_discord/cogs/analytics.py", line 652, in on_member_update
    before_timeout = before.timed_out_until
                     ^^^^^^^^^^^^^^^^^^^^^^
AttributeError: 'Member' object has no attribute 'timed_out_until'
Ignoring exception in on_member_update
Traceback (most recent call last):
  File "/usr/local/lib/python3.12/site-packages/discord/client.py", line 465, in _run_event
    await coro(*args, **kwargs)
  File "/app/asu_discord/cogs/analytics.py", line 652, in on_member_update
    before_timeout = before.timed_out_until
                     ^^^^^^^^^^^^^^^^^^^^^^
AttributeError: 'Member' object has no attribute 'timed_out_until'
INFO:asu_discord.cogs.verification:Saved 5 roles to database for user opolsky (Discord ID: 671073467512127519)
INFO:asu_discord.cogs.verification:Refreshed Salesforce roles for Discord user 671073467512127519: -5/+5 roles, assigned=[Commited, First Year, Out of State, Tempe, W.P. Carey School of Business]
Ignoring exception in on_member_update
Traceback (most recent call last):
  File "/usr/local/lib/python3.12/site-packages/discord/client.py", line 465, in _run_event
    await coro(*args, **kwargs)
  File "/app/asu_discord/cogs/analytics.py", line 652, in on_member_update
    before_timeout = before.timed_out_until
                     ^^^^^^^^^^^^^^^^^^^^^^
AttributeError: 'Member' object has no attribute 'timed_out_until'
Ignoring exception in on_member_update
Traceback (most recent call last):
  File "/usr/local/lib/python3.12/site-packages/discord/client.py", line 465, in _run_event
    await coro(*args, **kwargs)
  File "/app/asu_discord/cogs/analytics.py", line 652, in on_member_update
    before_timeout = before.timed_out_until
                     ^^^^^^^^^^^^^^^^^^^^^^
AttributeError: 'Member' object has no attribute 'timed_out_until'
Ignoring exception in on_member_update
Traceback (most recent call last):
  File "/usr/local/lib/python3.12/site-packages/discord/client.py", line 465, in _run_event
    await coro(*args, **kwargs)
  File "/app/asu_discord/cogs/analytics.py", line 652, in on_member_update
    before_timeout = before.timed_out_until
                     ^^^^^^^^^^^^^^^^^^^^^^
AttributeError: 'Member' object has no attribute 'timed_out_until'
Ignoring exception in on_member_update
Traceback (most recent call last):
  File "/usr/local/lib/python3.12/site-packages/discord/client.py", line 465, in _run_event
    await coro(*args, **kwargs)
  File "/app/asu_discord/cogs/analytics.py", line 652, in on_member_update
    before_timeout = before.timed_out_until
                     ^^^^^^^^^^^^^^^^^^^^^^
AttributeError: 'Member' object has no attribute 'timed_out_until'
Ignoring exception in on_member_update
Traceback (most recent call last):
  File "/usr/local/lib/python3.12/site-packages/discord/client.py", line 465, in _run_event
    await coro(*args, **kwargs)
  File "/app/asu_discord/cogs/analytics.py", line 652, in on_member_update
    before_timeout = before.timed_out_until
                     ^^^^^^^^^^^^^^^^^^^^^^
AttributeError: 'Member' object has no attribute 'timed_out_until'
Ignoring exception in on_member_update
Traceback (most recent call last):
  File "/usr/local/lib/python3.12/site-packages/discord/client.py", line 465, in _run_event
    await coro(*args, **kwargs)
  File "/app/asu_discord/cogs/analytics.py", line 652, in on_member_update
    before_timeout = before.timed_out_until
                     ^^^^^^^^^^^^^^^^^^^^^^
AttributeError: 'Member' object has no attribute 'timed_out_until'
Ignoring exception in on_member_update
Traceback (most recent call last):
  File "/usr/local/lib/python3.12/site-packages/discord/client.py", line 465, in _run_event
    await coro(*args, **kwargs)
  File "/app/asu_discord/cogs/analytics.py", line 652, in on_member_update
    before_timeout = before.timed_out_until
                     ^^^^^^^^^^^^^^^^^^^^^^
AttributeError: 'Member' object has no attribute 'timed_out_until'
Ignoring exception in on_member_update
Traceback (most recent call last):
  File "/usr/local/lib/python3.12/site-packages/discord/client.py", line 465, in _run_event
    await coro(*args, **kwargs)
  File "/app/asu_discord/cogs/analytics.py", line 652, in on_member_update
    before_timeout = before.timed_out_until
                     ^^^^^^^^^^^^^^^^^^^^^^
AttributeError: 'Member' object has no attribute 'timed_out_until'
Ignoring exception in on_member_update
Traceback (most recent call last):
  File "/usr/local/lib/python3.12/site-packages/discord/client.py", line 465, in _run_event
    await coro(*args, **kwargs)
  File "/app/asu_discord/cogs/analytics.py", line 652, in on_member_update
    before_timeout = before.timed_out_until
                     ^^^^^^^^^^^^^^^^^^^^^^
AttributeError: 'Member' object has no attribute 'timed_out_until'
Ignoring exception in on_member_update
Traceback (most recent call last):
  File "/usr/local/lib/python3.12/site-packages/discord/client.py", line 465, in _run_event
    await coro(*args, **kwargs)
  File "/app/asu_discord/cogs/analytics.py", line 652, in on_member_update
    before_timeout = before.timed_out_until
                     ^^^^^^^^^^^^^^^^^^^^^^
AttributeError: 'Member' object has no attribute 'timed_out_until'
INFO:asu_discord.cogs.verification:Saved 5 roles to database for user apabolu1 (Discord ID: 780553311048433695)
INFO:asu_discord.cogs.verification:Refreshed Salesforce roles for Discord user 780553311048433695: -5/+5 roles, assigned=[Arizona Resident, Commited, First Year, Tempe, W.P. Carey School of Business]
Ignoring exception in on_member_update
Traceback (most recent call last):
  File "/usr/local/lib/python3.12/site-packages/discord/client.py", line 465, in _run_event
    await coro(*args, **kwargs)
  File "/app/asu_discord/cogs/analytics.py", line 652, in on_member_update
    before_timeout = before.timed_out_until
                     ^^^^^^^^^^^^^^^^^^^^^^
AttributeError: 'Member' object has no attribute 'timed_out_until'
Ignoring exception in on_member_update
Traceback (most recent call last):
  File "/usr/local/lib/python3.12/site-packages/discord/client.py", line 465, in _run_event
    await coro(*args, **kwargs)
  File "/app/asu_discord/cogs/analytics.py", line 652, in on_member_update
    before_timeout = before.timed_out_until
                     ^^^^^^^^^^^^^^^^^^^^^^
AttributeError: 'Member' object has no attribute 'timed_out_until'
Ignoring exception in on_member_update
Traceback (most recent call last):
  File "/usr/local/lib/python3.12/site-packages/discord/client.py", line 465, in _run_event
    await coro(*args, **kwargs)
  File "/app/asu_discord/cogs/analytics.py", line 652, in on_member_update
    before_timeout = before.timed_out_until
                     ^^^^^^^^^^^^^^^^^^^^^^
AttributeError: 'Member' object has no attribute 'timed_out_until'
Ignoring exception in on_member_update
Traceback (most recent call last):
  File "/usr/local/lib/python3.12/site-packages/discord/client.py", line 465, in _run_event
    await coro(*args, **kwargs)
  File "/app/asu_discord/cogs/analytics.py", line 652, in on_member_update
    before_timeout = before.timed_out_until
                     ^^^^^^^^^^^^^^^^^^^^^^
AttributeError: 'Member' object has no attribute 'timed_out_until'
Ignoring exception in on_member_update
Traceback (most recent call last):
  File "/usr/local/lib/python3.12/site-packages/discord/client.py", line 465, in _run_event
    await coro(*args, **kwargs)
  File "/app/asu_discord/cogs/analytics.py", line 652, in on_member_update
    before_timeout = before.timed_out_until
                     ^^^^^^^^^^^^^^^^^^^^^^
AttributeError: 'Member' object has no attribute 'timed_out_until'
Ignoring exception in on_member_update
Traceback (most recent call last):
  File "/usr/local/lib/python3.12/site-packages/discord/client.py", line 465, in _run_event
    await coro(*args, **kwargs)
  File "/app/asu_discord/cogs/analytics.py", line 652, in on_member_update
    before_timeout = before.timed_out_until
                     ^^^^^^^^^^^^^^^^^^^^^^
AttributeError: 'Member' object has no attribute 'timed_out_until'
Ignoring exception in on_member_update
Traceback (most recent call last):
  File "/usr/local/lib/python3.12/site-packages/discord/client.py", line 465, in _run_event
    await coro(*args, **kwargs)
  File "/app/asu_discord/cogs/analytics.py", line 652, in on_member_update
    before_timeout = before.timed_out_until
                     ^^^^^^^^^^^^^^^^^^^^^^
AttributeError: 'Member' object has no attribute 'timed_out_until'
Ignoring exception in on_member_update
Traceback (most recent call last):
  File "/usr/local/lib/python3.12/site-packages/discord/client.py", line 465, in _run_event
    await coro(*args, **kwargs)
  File "/app/asu_discord/cogs/analytics.py", line 652, in on_member_update
    before_timeout = before.timed_out_until
                     ^^^^^^^^^^^^^^^^^^^^^^
AttributeError: 'Member' object has no attribute 'timed_out_until'
Ignoring exception in on_member_update
Traceback (most recent call last):
  File "/usr/local/lib/python3.12/site-packages/discord/client.py", line 465, in _run_event
    await coro(*args, **kwargs)
  File "/app/asu_discord/cogs/analytics.py", line 652, in on_member_update
    before_timeout = before.timed_out_until
                     ^^^^^^^^^^^^^^^^^^^^^^
AttributeError: 'Member' object has no attribute 'timed_out_until'
Ignoring exception in on_member_update
Traceback (most recent call last):
  File "/usr/local/lib/python3.12/site-packages/discord/client.py", line 465, in _run_event
    await coro(*args, **kwargs)
  File "/app/asu_discord/cogs/analytics.py", line 652, in on_member_update
    before_timeout = before.timed_out_until
                     ^^^^^^^^^^^^^^^^^^^^^^
AttributeError: 'Member' object has no attribute 'timed_out_until'
Ignoring exception in on_member_update
Traceback (most recent call last):
  File "/usr/local/lib/python3.12/site-packages/discord/client.py", line 465, in _run_event
    await coro(*args, **kwargs)
  File "/app/asu_discord/cogs/analytics.py", line 652, in on_member_update
    before_timeout = before.timed_out_until
                     ^^^^^^^^^^^^^^^^^^^^^^
AttributeError: 'Member' object has no attribute 'timed_out_until'
ERROR:cron.jobs:refresh_salesforce_roles: failed for drslowik (Discord ID 998339134043193437): Timed out refresh Salesforce-based roles
Ignoring exception in on_member_update
Traceback (most recent call last):
  File "/usr/local/lib/python3.12/site-packages/discord/client.py", line 465, in _run_event
    await coro(*args, **kwargs)
  File "/app/asu_discord/cogs/analytics.py", line 652, in on_member_update
    before_timeout = before.timed_out_until
                     ^^^^^^^^^^^^^^^^^^^^^^
AttributeError: 'Member' object has no attribute 'timed_out_until'
Ignoring exception in on_member_update
Traceback (most recent call last):
  File "/usr/local/lib/python3.12/site-packages/discord/client.py", line 465, in _run_event
    await coro(*args, **kwargs)
  File "/app/asu_discord/cogs/analytics.py", line 652, in on_member_update
    before_timeout = before.timed_out_until
                     ^^^^^^^^^^^^^^^^^^^^^^
AttributeError: 'Member' object has no attribute 'timed_out_until'
Ignoring exception in on_member_update
Traceback (most recent call last):
  File "/usr/local/lib/python3.12/site-packages/discord/client.py", line 465, in _run_event
    await coro(*args, **kwargs)
  File "/app/asu_discord/cogs/analytics.py", line 652, in on_member_update
    before_timeout = before.timed_out_until
                     ^^^^^^^^^^^^^^^^^^^^^^
AttributeError: 'Member' object has no attribute 'timed_out_until'
Ignoring exception in on_member_update
Traceback (most recent call last):
  File "/usr/local/lib/python3.12/site-packages/discord/client.py", line 465, in _run_event
    await coro(*args, **kwargs)
  File "/app/asu_discord/cogs/analytics.py", line 652, in on_member_update
    before_timeout = before.timed_out_until
                     ^^^^^^^^^^^^^^^^^^^^^^
AttributeError: 'Member' object has no attribute 'timed_out_until'
Ignoring exception in on_member_update
Traceback (most recent call last):
  File "/usr/local/lib/python3.12/site-packages/discord/client.py", line 465, in _run_event
    await coro(*args, **kwargs)
  File "/app/asu_discord/cogs/analytics.py", line 652, in on_member_update
    before_timeout = before.timed_out_until
                     ^^^^^^^^^^^^^^^^^^^^^^
AttributeError: 'Member' object has no attribute 'timed_out_until'
Ignoring exception in on_member_update
Traceback (most recent call last):
  File "/usr/local/lib/python3.12/site-packages/discord/client.py", line 465, in _run_event
    await coro(*args, **kwargs)
  File "/app/asu_discord/cogs/analytics.py", line 652, in on_member_update
    before_timeout = before.timed_out_until
                     ^^^^^^^^^^^^^^^^^^^^^^
AttributeError: 'Member' object has no attribute 'timed_out_until'
Ignoring exception in on_member_update
Traceback (most recent call last):
  File "/usr/local/lib/python3.12/site-packages/discord/client.py", line 465, in _run_event
    await coro(*args, **kwargs)
  File "/app/asu_discord/cogs/analytics.py", line 652, in on_member_update
    before_timeout = before.timed_out_until
                     ^^^^^^^^^^^^^^^^^^^^^^
AttributeError: 'Member' object has no attribute 'timed_out_until'
Ignoring exception in on_member_update
Traceback (most recent call last):
  File "/usr/local/lib/python3.12/site-packages/discord/client.py", line 465, in _run_event
    await coro(*args, **kwargs)
  File "/app/asu_discord/cogs/analytics.py", line 652, in on_member_update
    before_timeout = before.timed_out_until
                     ^^^^^^^^^^^^^^^^^^^^^^
AttributeError: 'Member' object has no attribute 'timed_out_until'
Ignoring exception in on_member_update
Traceback (most recent call last):
  File "/usr/local/lib/python3.12/site-packages/discord/client.py", line 465, in _run_event
    await coro(*args, **kwargs)
  File "/app/asu_discord/cogs/analytics.py", line 652, in on_member_update
    before_timeout = before.timed_out_until
                     ^^^^^^^^^^^^^^^^^^^^^^
AttributeError: 'Member' object has no attribute 'timed_out_until'
Ignoring exception in on_member_update
Traceback (most recent call last):
  File "/usr/local/lib/python3.12/site-packages/discord/client.py", line 465, in _run_event
    await coro(*args, **kwargs)
  File "/app/asu_discord/cogs/analytics.py", line 652, in on_member_update
    before_timeout = before.timed_out_until
                     ^^^^^^^^^^^^^^^^^^^^^^
AttributeError: 'Member' object has no attribute 'timed_out_until'
INFO:asu_discord.cogs.verification:Saved 6 roles to database for user agundelf (Discord ID: 1490525841493328013)
INFO:asu_discord.cogs.verification:Refreshed Salesforce roles for Discord user 1490525841493328013: -4/+6 roles, assigned=[Commited, First Generation Student, First Year, Out of State, Tempe, W.P. Carey School of Business]
Ignoring exception in on_member_update
Traceback (most recent call last):
  File "/usr/local/lib/python3.12/site-packages/discord/client.py", line 465, in _run_event
    await coro(*args, **kwargs)
  File "/app/asu_discord/cogs/analytics.py", line 652, in on_member_update
    before_timeout = before.timed_out_until
                     ^^^^^^^^^^^^^^^^^^^^^^
AttributeError: 'Member' object has no attribute 'timed_out_until'
Ignoring exception in on_member_update
Traceback (most recent call last):
  File "/usr/local/lib/python3.12/site-packages/discord/client.py", line 465, in _run_event
    await coro(*args, **kwargs)
  File "/app/asu_discord/cogs/analytics.py", line 652, in on_member_update
    before_timeout = before.timed_out_until
                     ^^^^^^^^^^^^^^^^^^^^^^
AttributeError: 'Member' object has no attribute 'timed_out_until'
Ignoring exception in on_member_update
Traceback (most recent call last):
  File "/usr/local/lib/python3.12/site-packages/discord/client.py", line 465, in _run_event
    await coro(*args, **kwargs)
  File "/app/asu_discord/cogs/analytics.py", line 652, in on_member_update
    before_timeout = before.timed_out_until
                     ^^^^^^^^^^^^^^^^^^^^^^
AttributeError: 'Member' object has no attribute 'timed_out_until'
Ignoring exception in on_member_update
Traceback (most recent call last):
  File "/usr/local/lib/python3.12/site-packages/discord/client.py", line 465, in _run_event
    await coro(*args, **kwargs)
  File "/app/asu_discord/cogs/analytics.py", line 652, in on_member_update
    before_timeout = before.timed_out_until
                     ^^^^^^^^^^^^^^^^^^^^^^
AttributeError: 'Member' object has no attribute 'timed_out_until'
Ignoring exception in on_member_update
Traceback (most recent call last):
  File "/usr/local/lib/python3.12/site-packages/discord/client.py", line 465, in _run_event
    await coro(*args, **kwargs)
  File "/app/asu_discord/cogs/analytics.py", line 652, in on_member_update
    before_timeout = before.timed_out_until
                     ^^^^^^^^^^^^^^^^^^^^^^
AttributeError: 'Member' object has no attribute 'timed_out_until'
Ignoring exception in on_member_update
Traceback (most recent call last):
  File "/usr/local/lib/python3.12/site-packages/discord/client.py", line 465, in _run_event
    await coro(*args, **kwargs)
  File "/app/asu_discord/cogs/analytics.py", line 652, in on_member_update
    before_timeout = before.timed_out_until
                     ^^^^^^^^^^^^^^^^^^^^^^
AttributeError: 'Member' object has no attribute 'timed_out_until'
Ignoring exception in on_member_update
Traceback (most recent call last):
  File "/usr/local/lib/python3.12/site-packages/discord/client.py", line 465, in _run_event
    await coro(*args, **kwargs)
  File "/app/asu_discord/cogs/analytics.py", line 652, in on_member_update
    before_timeout = before.timed_out_until
                     ^^^^^^^^^^^^^^^^^^^^^^
AttributeError: 'Member' object has no attribute 'timed_out_until'
Ignoring exception in on_member_update
Traceback (most recent call last):
  File "/usr/local/lib/python3.12/site-packages/discord/client.py", line 465, in _run_event
    await coro(*args, **kwargs)
  File "/app/asu_discord/cogs/analytics.py", line 652, in on_member_update
    before_timeout = before.timed_out_until
                     ^^^^^^^^^^^^^^^^^^^^^^
AttributeError: 'Member' object has no attribute 'timed_out_until'
Ignoring exception in on_member_update
Traceback (most recent call last):
  File "/usr/local/lib/python3.12/site-packages/discord/client.py", line 465, in _run_event
    await coro(*args, **kwargs)
  File "/app/asu_discord/cogs/analytics.py", line 652, in on_member_update
    before_timeout = before.timed_out_until
                     ^^^^^^^^^^^^^^^^^^^^^^
AttributeError: 'Member' object has no attribute 'timed_out_until'
Ignoring exception in on_member_update
Traceback (most recent call last):
  File "/usr/local/lib/python3.12/site-packages/discord/client.py", line 465, in _run_event
    await coro(*args, **kwargs)
  File "/app/asu_discord/cogs/analytics.py", line 652, in on_member_update
    before_timeout = before.timed_out_until
                     ^^^^^^^^^^^^^^^^^^^^^^
AttributeError: 'Member' object has no attribute 'timed_out_until'
INFO:asu_discord.cogs.verification:Saved 6 roles to database for user nlmuhamm (Discord ID: 584948520205680666)
INFO:asu_discord.cogs.verification:Refreshed Salesforce roles for Discord user 584948520205680666: -4/+6 roles, assigned=[Commited, First Generation Student, First Year, Out of State, Tempe, W.P. Carey School of Business]
Ignoring exception in on_member_update
Traceback (most recent call last):
  File "/usr/local/lib/python3.12/site-packages/discord/client.py", line 465, in _run_event
    await coro(*args, **kwargs)
  File "/app/asu_discord/cogs/analytics.py", line 652, in on_member_update
    before_timeout = before.timed_out_until
                     ^^^^^^^^^^^^^^^^^^^^^^
AttributeError: 'Member' object has no attribute 'timed_out_until'
Ignoring exception in on_member_update
Traceback (most recent call last):
  File "/usr/local/lib/python3.12/site-packages/discord/client.py", line 465, in _run_event
    await coro(*args, **kwargs)
  File "/app/asu_discord/cogs/analytics.py", line 652, in on_member_update
    before_timeout = before.timed_out_until
                     ^^^^^^^^^^^^^^^^^^^^^^
AttributeError: 'Member' object has no attribute 'timed_out_until'
Ignoring exception in on_member_update
Traceback (most recent call last):
  File "/usr/local/lib/python3.12/site-packages/discord/client.py", line 465, in _run_event
    await coro(*args, **kwargs)
  File "/app/asu_discord/cogs/analytics.py", line 652, in on_member_update
    before_timeout = before.timed_out_until
                     ^^^^^^^^^^^^^^^^^^^^^^
AttributeError: 'Member' object has no attribute 'timed_out_until'
Ignoring exception in on_member_update
Traceback (most recent call last):
  File "/usr/local/lib/python3.12/site-packages/discord/client.py", line 465, in _run_event
    await coro(*args, **kwargs)
  File "/app/asu_discord/cogs/analytics.py", line 652, in on_member_update
    before_timeout = before.timed_out_until
                     ^^^^^^^^^^^^^^^^^^^^^^
AttributeError: 'Member' object has no attribute 'timed_out_until'
Ignoring exception in on_member_update
Traceback (most recent call last):
  File "/usr/local/lib/python3.12/site-packages/discord/client.py", line 465, in _run_event
    await coro(*args, **kwargs)
  File "/app/asu_discord/cogs/analytics.py", line 652, in on_member_update
    before_timeout = before.timed_out_until
                     ^^^^^^^^^^^^^^^^^^^^^^
AttributeError: 'Member' object has no attribute 'timed_out_until'
Ignoring exception in on_member_update
Traceback (most recent call last):
  File "/usr/local/lib/python3.12/site-packages/discord/client.py", line 465, in _run_event
    await coro(*args, **kwargs)
  File "/app/asu_discord/cogs/analytics.py", line 652, in on_member_update
    before_timeout = before.timed_out_until
                     ^^^^^^^^^^^^^^^^^^^^^^
AttributeError: 'Member' object has no attribute 'timed_out_until'
Ignoring exception in on_member_update
Traceback (most recent call last):
  File "/usr/local/lib/python3.12/site-packages/discord/client.py", line 465, in _run_event
    await coro(*args, **kwargs)
  File "/app/asu_discord/cogs/analytics.py", line 652, in on_member_update
    before_timeout = before.timed_out_until
                     ^^^^^^^^^^^^^^^^^^^^^^
AttributeError: 'Member' object has no attribute 'timed_out_until'
Ignoring exception in on_member_update
Traceback (most recent call last):
  File "/usr/local/lib/python3.12/site-packages/discord/client.py", line 465, in _run_event
    await coro(*args, **kwargs)
  File "/app/asu_discord/cogs/analytics.py", line 652, in on_member_update
    before_timeout = before.timed_out_until
                     ^^^^^^^^^^^^^^^^^^^^^^
AttributeError: 'Member' object has no attribute 'timed_out_until'
Ignoring exception in on_member_update
Traceback (most recent call last):
  File "/usr/local/lib/python3.12/site-packages/discord/client.py", line 465, in _run_event
    await coro(*args, **kwargs)
  File "/app/asu_discord/cogs/analytics.py", line 652, in on_member_update
    before_timeout = before.timed_out_until
                     ^^^^^^^^^^^^^^^^^^^^^^
AttributeError: 'Member' object has no attribute 'timed_out_until'
Ignoring exception in on_member_update
Traceback (most recent call last):
  File "/usr/local/lib/python3.12/site-packages/discord/client.py", line 465, in _run_event
    await coro(*args, **kwargs)
  File "/app/asu_discord/cogs/analytics.py", line 652, in on_member_update
    before_timeout = before.timed_out_until
                     ^^^^^^^^^^^^^^^^^^^^^^
AttributeError: 'Member' object has no attribute 'timed_out_until'
INFO:asu_discord.cogs.verification:Saved 5 roles to database for user iwelch13 (Discord ID: 1490530664305655980)
INFO:asu_discord.cogs.verification:Refreshed Salesforce roles for Discord user 1490530664305655980: -5/+5 roles, assigned=[Arizona Resident, College of Liberal Arts and Sciences, Commited, First Year, Tempe]
Ignoring exception in on_member_update
Traceback (most recent call last):
  File "/usr/local/lib/python3.12/site-packages/discord/client.py", line 465, in _run_event
    await coro(*args, **kwargs)
  File "/app/asu_discord/cogs/analytics.py", line 652, in on_member_update
    before_timeout = before.timed_out_until
                     ^^^^^^^^^^^^^^^^^^^^^^
AttributeError: 'Member' object has no attribute 'timed_out_until'
Ignoring exception in on_member_update
Traceback (most recent call last):
  File "/usr/local/lib/python3.12/site-packages/discord/client.py", line 465, in _run_event
    await coro(*args, **kwargs)
  File "/app/asu_discord/cogs/analytics.py", line 652, in on_member_update
    before_timeout = before.timed_out_until
                     ^^^^^^^^^^^^^^^^^^^^^^
AttributeError: 'Member' object has no attribute 'timed_out_until'
Ignoring exception in on_member_update
Traceback (most recent call last):
  File "/usr/local/lib/python3.12/site-packages/discord/client.py", line 465, in _run_event
    await coro(*args, **kwargs)
  File "/app/asu_discord/cogs/analytics.py", line 652, in on_member_update
    before_timeout = before.timed_out_until
                     ^^^^^^^^^^^^^^^^^^^^^^
AttributeError: 'Member' object has no attribute 'timed_out_until'
Ignoring exception in on_member_update
Traceback (most recent call last):
  File "/usr/local/lib/python3.12/site-packages/discord/client.py", line 465, in _run_event
    await coro(*args, **kwargs)
  File "/app/asu_discord/cogs/analytics.py", line 652, in on_member_update
    before_timeout = before.timed_out_until
                     ^^^^^^^^^^^^^^^^^^^^^^
AttributeError: 'Member' object has no attribute 'timed_out_until'
Ignoring exception in on_member_update
Traceback (most recent call last):
  File "/usr/local/lib/python3.12/site-packages/discord/client.py", line 465, in _run_event
    await coro(*args, **kwargs)
  File "/app/asu_discord/cogs/analytics.py", line 652, in on_member_update
    before_timeout = before.timed_out_until
                     ^^^^^^^^^^^^^^^^^^^^^^
AttributeError: 'Member' object has no attribute 'timed_out_until'
Ignoring exception in on_member_update
Traceback (most recent call last):
  File "/usr/local/lib/python3.12/site-packages/discord/client.py", line 465, in _run_event
    await coro(*args, **kwargs)
  File "/app/asu_discord/cogs/analytics.py", line 652, in on_member_update
    before_timeout = before.timed_out_until
                     ^^^^^^^^^^^^^^^^^^^^^^
AttributeError: 'Member' object has no attribute 'timed_out_until'
Ignoring exception in on_member_update
Traceback (most recent call last):
  File "/usr/local/lib/python3.12/site-packages/discord/client.py", line 465, in _run_event
    await coro(*args, **kwargs)
  File "/app/asu_discord/cogs/analytics.py", line 652, in on_member_update
    before_timeout = before.timed_out_until
                     ^^^^^^^^^^^^^^^^^^^^^^
AttributeError: 'Member' object has no attribute 'timed_out_until'
Ignoring exception in on_member_update
Traceback (most recent call last):
  File "/usr/local/lib/python3.12/site-packages/discord/client.py", line 465, in _run_event
    await coro(*args, **kwargs)
  File "/app/asu_discord/cogs/analytics.py", line 652, in on_member_update
    before_timeout = before.timed_out_until
                     ^^^^^^^^^^^^^^^^^^^^^^
AttributeError: 'Member' object has no attribute 'timed_out_until'
INFO:asu_discord.cogs.verification:Saved 4 roles to database for user mashank (Discord ID: 1057098099035750502)
INFO:asu_discord.cogs.verification:Refreshed Salesforce roles for Discord user 1057098099035750502: -4/+4 roles, assigned=[Graduate Student, Ira A. Fulton Schools of Engineering, Out of State, Polytechnic]
Ignoring exception in on_member_update
Traceback (most recent call last):
  File "/usr/local/lib/python3.12/site-packages/discord/client.py", line 465, in _run_event
    await coro(*args, **kwargs)
  File "/app/asu_discord/cogs/analytics.py", line 652, in on_member_update
    before_timeout = before.timed_out_until
                     ^^^^^^^^^^^^^^^^^^^^^^
AttributeError: 'Member' object has no attribute 'timed_out_until'
Ignoring exception in on_member_update
Traceback (most recent call last):
  File "/usr/local/lib/python3.12/site-packages/discord/client.py", line 465, in _run_event
    await coro(*args, **kwargs)
  File "/app/asu_discord/cogs/analytics.py", line 652, in on_member_update
    before_timeout = before.timed_out_until
                     ^^^^^^^^^^^^^^^^^^^^^^
AttributeError: 'Member' object has no attribute 'timed_out_until'
Ignoring exception in on_member_update
Traceback (most recent call last):
  File "/usr/local/lib/python3.12/site-packages/discord/client.py", line 465, in _run_event
    await coro(*args, **kwargs)
  File "/app/asu_discord/cogs/analytics.py", line 652, in on_member_update
    before_timeout = before.timed_out_until
                     ^^^^^^^^^^^^^^^^^^^^^^
AttributeError: 'Member' object has no attribute 'timed_out_until'
Ignoring exception in on_member_update
Traceback (most recent call last):
  File "/usr/local/lib/python3.12/site-packages/discord/client.py", line 465, in _run_event
    await coro(*args, **kwargs)
  File "/app/asu_discord/cogs/analytics.py", line 652, in on_member_update
    before_timeout = before.timed_out_until
                     ^^^^^^^^^^^^^^^^^^^^^^
AttributeError: 'Member' object has no attribute 'timed_out_until'
Ignoring exception in on_member_update
Traceback (most recent call last):
  File "/usr/local/lib/python3.12/site-packages/discord/client.py", line 465, in _run_event
    await coro(*args, **kwargs)
  File "/app/asu_discord/cogs/analytics.py", line 652, in on_member_update
    before_timeout = before.timed_out_until
                     ^^^^^^^^^^^^^^^^^^^^^^
AttributeError: 'Member' object has no attribute 'timed_out_until'
Ignoring exception in on_member_update
Traceback (most recent call last):
  File "/usr/local/lib/python3.12/site-packages/discord/client.py", line 465, in _run_event
    await coro(*args, **kwargs)
  File "/app/asu_discord/cogs/analytics.py", line 652, in on_member_update
    before_timeout = before.timed_out_until
                     ^^^^^^^^^^^^^^^^^^^^^^
AttributeError: 'Member' object has no attribute 'timed_out_until'
Ignoring exception in on_member_update
Traceback (most recent call last):
  File "/usr/local/lib/python3.12/site-packages/discord/client.py", line 465, in _run_event
    await coro(*args, **kwargs)
  File "/app/asu_discord/cogs/analytics.py", line 652, in on_member_update
    before_timeout = before.timed_out_until
                     ^^^^^^^^^^^^^^^^^^^^^^
AttributeError: 'Member' object has no attribute 'timed_out_until'
Ignoring exception in on_member_update
Traceback (most recent call last):
  File "/usr/local/lib/python3.12/site-packages/discord/client.py", line 465, in _run_event
    await coro(*args, **kwargs)
  File "/app/asu_discord/cogs/analytics.py", line 652, in on_member_update
    before_timeout = before.timed_out_until
                     ^^^^^^^^^^^^^^^^^^^^^^
AttributeError: 'Member' object has no attribute 'timed_out_until'
Ignoring exception in on_member_update
Traceback (most recent call last):
  File "/usr/local/lib/python3.12/site-packages/discord/client.py", line 465, in _run_event
    await coro(*args, **kwargs)
  File "/app/asu_discord/cogs/analytics.py", line 652, in on_member_update
    before_timeout = before.timed_out_until
                     ^^^^^^^^^^^^^^^^^^^^^^
AttributeError: 'Member' object has no attribute 'timed_out_until'
Ignoring exception in on_member_update
Traceback (most recent call last):
  File "/usr/local/lib/python3.12/site-packages/discord/client.py", line 465, in _run_event
    await coro(*args, **kwargs)
  File "/app/asu_discord/cogs/analytics.py", line 652, in on_member_update
    before_timeout = before.timed_out_until
                     ^^^^^^^^^^^^^^^^^^^^^^
AttributeError: 'Member' object has no attribute 'timed_out_until'
INFO:asu_discord.cogs.verification:Saved 5 roles to database for user amdaoud (Discord ID: 792213785371869184)
INFO:asu_discord.cogs.verification:Refreshed Salesforce roles for Discord user 792213785371869184: -5/+5 roles, assigned=[College of Liberal Arts and Sciences, Commited, First Year, Out of State, Tempe]
Ignoring exception in on_member_update
Traceback (most recent call last):
  File "/usr/local/lib/python3.12/site-packages/discord/client.py", line 465, in _run_event
    await coro(*args, **kwargs)
  File "/app/asu_discord/cogs/analytics.py", line 652, in on_member_update
    before_timeout = before.timed_out_until
                     ^^^^^^^^^^^^^^^^^^^^^^
AttributeError: 'Member' object has no attribute 'timed_out_until'
Ignoring exception in on_member_update
Traceback (most recent call last):
  File "/usr/local/lib/python3.12/site-packages/discord/client.py", line 465, in _run_event
    await coro(*args, **kwargs)
  File "/app/asu_discord/cogs/analytics.py", line 652, in on_member_update
    before_timeout = before.timed_out_until
                     ^^^^^^^^^^^^^^^^^^^^^^
AttributeError: 'Member' object has no attribute 'timed_out_until'
Ignoring exception in on_member_update
Traceback (most recent call last):
  File "/usr/local/lib/python3.12/site-packages/discord/client.py", line 465, in _run_event
    await coro(*args, **kwargs)
  File "/app/asu_discord/cogs/analytics.py", line 652, in on_member_update
    before_timeout = before.timed_out_until
                     ^^^^^^^^^^^^^^^^^^^^^^
AttributeError: 'Member' object has no attribute 'timed_out_until'
Ignoring exception in on_member_update
Traceback (most recent call last):
  File "/usr/local/lib/python3.12/site-packages/discord/client.py", line 465, in _run_event
    await coro(*args, **kwargs)
  File "/app/asu_discord/cogs/analytics.py", line 652, in on_member_update
    before_timeout = before.timed_out_until
                     ^^^^^^^^^^^^^^^^^^^^^^
AttributeError: 'Member' object has no attribute 'timed_out_until'
Ignoring exception in on_member_update
Traceback (most recent call last):
  File "/usr/local/lib/python3.12/site-packages/discord/client.py", line 465, in _run_event
    await coro(*args, **kwargs)
  File "/app/asu_discord/cogs/analytics.py", line 652, in on_member_update
    before_timeout = before.timed_out_until
                     ^^^^^^^^^^^^^^^^^^^^^^
AttributeError: 'Member' object has no attribute 'timed_out_until'
Ignoring exception in on_member_update
Traceback (most recent call last):
  File "/usr/local/lib/python3.12/site-packages/discord/client.py", line 465, in _run_event
    await coro(*args, **kwargs)
  File "/app/asu_discord/cogs/analytics.py", line 652, in on_member_update
    before_timeout = before.timed_out_until
                     ^^^^^^^^^^^^^^^^^^^^^^
AttributeError: 'Member' object has no attribute 'timed_out_until'
Ignoring exception in on_member_update
Traceback (most recent call last):
  File "/usr/local/lib/python3.12/site-packages/discord/client.py", line 465, in _run_event
    await coro(*args, **kwargs)
  File "/app/asu_discord/cogs/analytics.py", line 652, in on_member_update
    before_timeout = before.timed_out_until
                     ^^^^^^^^^^^^^^^^^^^^^^
AttributeError: 'Member' object has no attribute 'timed_out_until'
Ignoring exception in on_member_update
Traceback (most recent call last):
  File "/usr/local/lib/python3.12/site-packages/discord/client.py", line 465, in _run_event
    await coro(*args, **kwargs)
  File "/app/asu_discord/cogs/analytics.py", line 652, in on_member_update
    before_timeout = before.timed_out_until
                     ^^^^^^^^^^^^^^^^^^^^^^
AttributeError: 'Member' object has no attribute 'timed_out_until'
Ignoring exception in on_member_update
Traceback (most recent call last):
  File "/usr/local/lib/python3.12/site-packages/discord/client.py", line 465, in _run_event
    await coro(*args, **kwargs)
  File "/app/asu_discord/cogs/analytics.py", line 652, in on_member_update
    before_timeout = before.timed_out_until
                     ^^^^^^^^^^^^^^^^^^^^^^
AttributeError: 'Member' object has no attribute 'timed_out_until'
Ignoring exception in on_member_update
Traceback (most recent call last):
  File "/usr/local/lib/python3.12/site-packages/discord/client.py", line 465, in _run_event
    await coro(*args, **kwargs)
  File "/app/asu_discord/cogs/analytics.py", line 652, in on_member_update
    before_timeout = before.timed_out_until
                     ^^^^^^^^^^^^^^^^^^^^^^
AttributeError: 'Member' object has no attribute 'timed_out_until'
INFO:asu_discord.cogs.verification:Saved 5 roles to database for user bdennett (Discord ID: 274669754273497089)
INFO:asu_discord.cogs.verification:Refreshed Salesforce roles for Discord user 274669754273497089: -5/+5 roles, assigned=[Commited, First Year, Out of State, Tempe, University College]
Ignoring exception in on_member_update
Traceback (most recent call last):
  File "/usr/local/lib/python3.12/site-packages/discord/client.py", line 465, in _run_event
    await coro(*args, **kwargs)
  File "/app/asu_discord/cogs/analytics.py", line 652, in on_member_update
    before_timeout = before.timed_out_until
                     ^^^^^^^^^^^^^^^^^^^^^^
AttributeError: 'Member' object has no attribute 'timed_out_until'
Ignoring exception in on_member_update
Traceback (most recent call last):
  File "/usr/local/lib/python3.12/site-packages/discord/client.py", line 465, in _run_event
    await coro(*args, **kwargs)
  File "/app/asu_discord/cogs/analytics.py", line 652, in on_member_update
    before_timeout = before.timed_out_until
                     ^^^^^^^^^^^^^^^^^^^^^^
AttributeError: 'Member' object has no attribute 'timed_out_until'
Ignoring exception in on_member_update
Traceback (most recent call last):
  File "/usr/local/lib/python3.12/site-packages/discord/client.py", line 465, in _run_event
    await coro(*args, **kwargs)
  File "/app/asu_discord/cogs/analytics.py", line 652, in on_member_update
    before_timeout = before.timed_out_until
                     ^^^^^^^^^^^^^^^^^^^^^^
AttributeError: 'Member' object has no attribute 'timed_out_until'
Ignoring exception in on_member_update
Traceback (most recent call last):
  File "/usr/local/lib/python3.12/site-packages/discord/client.py", line 465, in _run_event
    await coro(*args, **kwargs)
  File "/app/asu_discord/cogs/analytics.py", line 652, in on_member_update
    before_timeout = before.timed_out_until
                     ^^^^^^^^^^^^^^^^^^^^^^
AttributeError: 'Member' object has no attribute 'timed_out_until'
Ignoring exception in on_member_update
Traceback (most recent call last):
  File "/usr/local/lib/python3.12/site-packages/discord/client.py", line 465, in _run_event
    await coro(*args, **kwargs)
  File "/app/asu_discord/cogs/analytics.py", line 652, in on_member_update
    before_timeout = before.timed_out_until
                     ^^^^^^^^^^^^^^^^^^^^^^
AttributeError: 'Member' object has no attribute 'timed_out_until'
Ignoring exception in on_member_update
Traceback (most recent call last):
  File "/usr/local/lib/python3.12/site-packages/discord/client.py", line 465, in _run_event
    await coro(*args, **kwargs)
  File "/app/asu_discord/cogs/analytics.py", line 652, in on_member_update
    before_timeout = before.timed_out_until
                     ^^^^^^^^^^^^^^^^^^^^^^
AttributeError: 'Member' object has no attribute 'timed_out_until'
Ignoring exception in on_member_update
Traceback (most recent call last):
  File "/usr/local/lib/python3.12/site-packages/discord/client.py", line 465, in _run_event
    await coro(*args, **kwargs)
  File "/app/asu_discord/cogs/analytics.py", line 652, in on_member_update
    before_timeout = before.timed_out_until
                     ^^^^^^^^^^^^^^^^^^^^^^
AttributeError: 'Member' object has no attribute 'timed_out_until'
Ignoring exception in on_member_update
Traceback (most recent call last):
  File "/usr/local/lib/python3.12/site-packages/discord/client.py", line 465, in _run_event
    await coro(*args, **kwargs)
  File "/app/asu_discord/cogs/analytics.py", line 652, in on_member_update
    before_timeout = before.timed_out_until
                     ^^^^^^^^^^^^^^^^^^^^^^
AttributeError: 'Member' object has no attribute 'timed_out_until'
Ignoring exception in on_member_update
Traceback (most recent call last):
  File "/usr/local/lib/python3.12/site-packages/discord/client.py", line 465, in _run_event
    await coro(*args, **kwargs)
  File "/app/asu_discord/cogs/analytics.py", line 652, in on_member_update
    before_timeout = before.timed_out_until
                     ^^^^^^^^^^^^^^^^^^^^^^
AttributeError: 'Member' object has no attribute 'timed_out_until'
Ignoring exception in on_member_update
Traceback (most recent call last):
  File "/usr/local/lib/python3.12/site-packages/discord/client.py", line 465, in _run_event
    await coro(*args, **kwargs)
  File "/app/asu_discord/cogs/analytics.py", line 652, in on_member_update
    before_timeout = before.timed_out_until
                     ^^^^^^^^^^^^^^^^^^^^^^
AttributeError: 'Member' object has no attribute 'timed_out_until'
INFO:asu_discord.cogs.verification:Saved 5 roles to database for user amungu18 (Discord ID: 492119109560041473)
INFO:asu_discord.cogs.verification:Refreshed Salesforce roles for Discord user 492119109560041473: -5/+5 roles, assigned=[Arizona Resident, Commited, First Year, Ira A. Fulton Schools of Engineering, Tempe]
Ignoring exception in on_member_update
Traceback (most recent call last):
  File "/usr/local/lib/python3.12/site-packages/discord/client.py", line 465, in _run_event
    await coro(*args, **kwargs)
  File "/app/asu_discord/cogs/analytics.py", line 652, in on_member_update
    before_timeout = before.timed_out_until
                     ^^^^^^^^^^^^^^^^^^^^^^
AttributeError: 'Member' object has no attribute 'timed_out_until'
Ignoring exception in on_member_update
Traceback (most recent call last):
  File "/usr/local/lib/python3.12/site-packages/discord/client.py", line 465, in _run_event
    await coro(*args, **kwargs)
  File "/app/asu_discord/cogs/analytics.py", line 652, in on_member_update
    before_timeout = before.timed_out_until
                     ^^^^^^^^^^^^^^^^^^^^^^
AttributeError: 'Member' object has no attribute 'timed_out_until'
Ignoring exception in on_member_update
Traceback (most recent call last):
  File "/usr/local/lib/python3.12/site-packages/discord/client.py", line 465, in _run_event
    await coro(*args, **kwargs)
  File "/app/asu_discord/cogs/analytics.py", line 652, in on_member_update
    before_timeout = before.timed_out_until
                     ^^^^^^^^^^^^^^^^^^^^^^
AttributeError: 'Member' object has no attribute 'timed_out_until'
Ignoring exception in on_member_update
Traceback (most recent call last):
  File "/usr/local/lib/python3.12/site-packages/discord/client.py", line 465, in _run_event
    await coro(*args, **kwargs)
  File "/app/asu_discord/cogs/analytics.py", line 652, in on_member_update
    before_timeout = before.timed_out_until
                     ^^^^^^^^^^^^^^^^^^^^^^
AttributeError: 'Member' object has no attribute 'timed_out_until'
Ignoring exception in on_member_update
Traceback (most recent call last):
  File "/usr/local/lib/python3.12/site-packages/discord/client.py", line 465, in _run_event
    await coro(*args, **kwargs)
  File "/app/asu_discord/cogs/analytics.py", line 652, in on_member_update
    before_timeout = before.timed_out_until
                     ^^^^^^^^^^^^^^^^^^^^^^
AttributeError: 'Member' object has no attribute 'timed_out_until'
Ignoring exception in on_member_update
Traceback (most recent call last):
  File "/usr/local/lib/python3.12/site-packages/discord/client.py", line 465, in _run_event
    await coro(*args, **kwargs)
  File "/app/asu_discord/cogs/analytics.py", line 652, in on_member_update
    before_timeout = before.timed_out_until
                     ^^^^^^^^^^^^^^^^^^^^^^
AttributeError: 'Member' object has no attribute 'timed_out_until'
Ignoring exception in on_member_update
Traceback (most recent call last):
  File "/usr/local/lib/python3.12/site-packages/discord/client.py", line 465, in _run_event
    await coro(*args, **kwargs)
  File "/app/asu_discord/cogs/analytics.py", line 652, in on_member_update
    before_timeout = before.timed_out_until
                     ^^^^^^^^^^^^^^^^^^^^^^
AttributeError: 'Member' object has no attribute 'timed_out_until'
Ignoring exception in on_member_update
Traceback (most recent call last):
  File "/usr/local/lib/python3.12/site-packages/discord/client.py", line 465, in _run_event
    await coro(*args, **kwargs)
  File "/app/asu_discord/cogs/analytics.py", line 652, in on_member_update
    before_timeout = before.timed_out_until
                     ^^^^^^^^^^^^^^^^^^^^^^
AttributeError: 'Member' object has no attribute 'timed_out_until'
INFO:asu_discord.cogs.verification:Saved 4 roles to database for user yihsuan8 (Discord ID: 1022037069821906964)
INFO:asu_discord.cogs.verification:Refreshed Salesforce roles for Discord user 1022037069821906964: -4/+4 roles, assigned=[College of Liberal Arts and Sciences, Graduate Student, International Student, Tempe]
Ignoring exception in on_member_update
Traceback (most recent call last):
  File "/usr/local/lib/python3.12/site-packages/discord/client.py", line 465, in _run_event
    await coro(*args, **kwargs)
  File "/app/asu_discord/cogs/analytics.py", line 652, in on_member_update
    before_timeout = before.timed_out_until
                     ^^^^^^^^^^^^^^^^^^^^^^
AttributeError: 'Member' object has no attribute 'timed_out_until'
Ignoring exception in on_member_update
Traceback (most recent call last):
  File "/usr/local/lib/python3.12/site-packages/discord/client.py", line 465, in _run_event
    await coro(*args, **kwargs)
  File "/app/asu_discord/cogs/analytics.py", line 652, in on_member_update
    before_timeout = before.timed_out_until
                     ^^^^^^^^^^^^^^^^^^^^^^
AttributeError: 'Member' object has no attribute 'timed_out_until'
Ignoring exception in on_member_update
Traceback (most recent call last):
  File "/usr/local/lib/python3.12/site-packages/discord/client.py", line 465, in _run_event
    await coro(*args, **kwargs)
  File "/app/asu_discord/cogs/analytics.py", line 652, in on_member_update
    before_timeout = before.timed_out_until
                     ^^^^^^^^^^^^^^^^^^^^^^
AttributeError: 'Member' object has no attribute 'timed_out_until'
Ignoring exception in on_member_update
Traceback (most recent call last):
  File "/usr/local/lib/python3.12/site-packages/discord/client.py", line 465, in _run_event
    await coro(*args, **kwargs)
  File "/app/asu_discord/cogs/analytics.py", line 652, in on_member_update
    before_timeout = before.timed_out_until
                     ^^^^^^^^^^^^^^^^^^^^^^
AttributeError: 'Member' object has no attribute 'timed_out_until'
Ignoring exception in on_member_update
Traceback (most recent call last):
  File "/usr/local/lib/python3.12/site-packages/discord/client.py", line 465, in _run_event
    await coro(*args, **kwargs)
  File "/app/asu_discord/cogs/analytics.py", line 652, in on_member_update
    before_timeout = before.timed_out_until
                     ^^^^^^^^^^^^^^^^^^^^^^
AttributeError: 'Member' object has no attribute 'timed_out_until'
Ignoring exception in on_member_update
Traceback (most recent call last):
  File "/usr/local/lib/python3.12/site-packages/discord/client.py", line 465, in _run_event
    await coro(*args, **kwargs)
  File "/app/asu_discord/cogs/analytics.py", line 652, in on_member_update
    before_timeout = before.timed_out_until
                     ^^^^^^^^^^^^^^^^^^^^^^
AttributeError: 'Member' object has no attribute 'timed_out_until'
Ignoring exception in on_member_update
Traceback (most recent call last):
  File "/usr/local/lib/python3.12/site-packages/discord/client.py", line 465, in _run_event
    await coro(*args, **kwargs)
  File "/app/asu_discord/cogs/analytics.py", line 652, in on_member_update
    before_timeout = before.timed_out_until
                     ^^^^^^^^^^^^^^^^^^^^^^
AttributeError: 'Member' object has no attribute 'timed_out_until'
Ignoring exception in on_member_update
Traceback (most recent call last):
  File "/usr/local/lib/python3.12/site-packages/discord/client.py", line 465, in _run_event
    await coro(*args, **kwargs)
  File "/app/asu_discord/cogs/analytics.py", line 652, in on_member_update
    before_timeout = before.timed_out_until
                     ^^^^^^^^^^^^^^^^^^^^^^
AttributeError: 'Member' object has no attribute 'timed_out_until'
Ignoring exception in on_member_update
Traceback (most recent call last):
  File "/usr/local/lib/python3.12/site-packages/discord/client.py", line 465, in _run_event
    await coro(*args, **kwargs)
  File "/app/asu_discord/cogs/analytics.py", line 652, in on_member_update
    before_timeout = before.timed_out_until
                     ^^^^^^^^^^^^^^^^^^^^^^
AttributeError: 'Member' object has no attribute 'timed_out_until'
INFO:asu_discord.cogs.verification:Saved 5 roles to database for user lbuddasa (Discord ID: 1490572942902296636)
INFO:asu_discord.cogs.verification:Refreshed Salesforce roles for Discord user 1490572942902296636: -5/+4 roles, assigned=[Arizona Resident, Commited, Graduate Student, Ira A. Fulton Schools of Engineering, Tempe]
Ignoring exception in on_member_update
Traceback (most recent call last):
  File "/usr/local/lib/python3.12/site-packages/discord/client.py", line 465, in _run_event
    await coro(*args, **kwargs)
  File "/app/asu_discord/cogs/analytics.py", line 652, in on_member_update
    before_timeout = before.timed_out_until
                     ^^^^^^^^^^^^^^^^^^^^^^
AttributeError: 'Member' object has no attribute 'timed_out_until'
Ignoring exception in on_member_update
Traceback (most recent call last):
  File "/usr/local/lib/python3.12/site-packages/discord/client.py", line 465, in _run_event
    await coro(*args, **kwargs)
  File "/app/asu_discord/cogs/analytics.py", line 652, in on_member_update
    before_timeout = before.timed_out_until
                     ^^^^^^^^^^^^^^^^^^^^^^
AttributeError: 'Member' object has no attribute 'timed_out_until'
INFO:asu_discord.cogs.verification:Saved 1 roles to database for user tsolano1 (Discord ID: 1236386450245947453)
INFO:asu_discord.cogs.verification:Refreshed Salesforce roles for Discord user 1236386450245947453: -1/+1 roles, assigned=[Out of State]
Ignoring exception in on_member_update
Traceback (most recent call last):
  File "/usr/local/lib/python3.12/site-packages/discord/client.py", line 465, in _run_event
    await coro(*args, **kwargs)
  File "/app/asu_discord/cogs/analytics.py", line 652, in on_member_update
    before_timeout = before.timed_out_until
                     ^^^^^^^^^^^^^^^^^^^^^^
AttributeError: 'Member' object has no attribute 'timed_out_until'
Ignoring exception in on_member_update
Traceback (most recent call last):
  File "/usr/local/lib/python3.12/site-packages/discord/client.py", line 465, in _run_event
    await coro(*args, **kwargs)
  File "/app/asu_discord/cogs/analytics.py", line 652, in on_member_update
    before_timeout = before.timed_out_until
                     ^^^^^^^^^^^^^^^^^^^^^^
AttributeError: 'Member' object has no attribute 'timed_out_until'
Ignoring exception in on_member_update
Traceback (most recent call last):
  File "/usr/local/lib/python3.12/site-packages/discord/client.py", line 465, in _run_event
    await coro(*args, **kwargs)
  File "/app/asu_discord/cogs/analytics.py", line 652, in on_member_update
    before_timeout = before.timed_out_until
                     ^^^^^^^^^^^^^^^^^^^^^^
AttributeError: 'Member' object has no attribute 'timed_out_until'
Ignoring exception in on_member_update
Traceback (most recent call last):
  File "/usr/local/lib/python3.12/site-packages/discord/client.py", line 465, in _run_event
    await coro(*args, **kwargs)
  File "/app/asu_discord/cogs/analytics.py", line 652, in on_member_update
    before_timeout = before.timed_out_until
                     ^^^^^^^^^^^^^^^^^^^^^^
AttributeError: 'Member' object has no attribute 'timed_out_until'
Ignoring exception in on_member_update
Traceback (most recent call last):
  File "/usr/local/lib/python3.12/site-packages/discord/client.py", line 465, in _run_event
    await coro(*args, **kwargs)
  File "/app/asu_discord/cogs/analytics.py", line 652, in on_member_update
    before_timeout = before.timed_out_until
                     ^^^^^^^^^^^^^^^^^^^^^^
AttributeError: 'Member' object has no attribute 'timed_out_until'
Ignoring exception in on_member_update
Traceback (most recent call last):
  File "/usr/local/lib/python3.12/site-packages/discord/client.py", line 465, in _run_event
    await coro(*args, **kwargs)
  File "/app/asu_discord/cogs/analytics.py", line 652, in on_member_update
    before_timeout = before.timed_out_until
                     ^^^^^^^^^^^^^^^^^^^^^^
AttributeError: 'Member' object has no attribute 'timed_out_until'
Ignoring exception in on_member_update
Traceback (most recent call last):
  File "/usr/local/lib/python3.12/site-packages/discord/client.py", line 465, in _run_event
    await coro(*args, **kwargs)
  File "/app/asu_discord/cogs/analytics.py", line 652, in on_member_update
    before_timeout = before.timed_out_until
                     ^^^^^^^^^^^^^^^^^^^^^^
AttributeError: 'Member' object has no attribute 'timed_out_until'
Ignoring exception in on_member_update
Traceback (most recent call last):
  File "/usr/local/lib/python3.12/site-packages/discord/client.py", line 465, in _run_event
    await coro(*args, **kwargs)
  File "/app/asu_discord/cogs/analytics.py", line 652, in on_member_update
    before_timeout = before.timed_out_until
                     ^^^^^^^^^^^^^^^^^^^^^^
AttributeError: 'Member' object has no attribute 'timed_out_until'
INFO:asu_discord.cogs.verification:Saved 4 roles to database for user amdanat (Discord ID: 974956992051433552)
INFO:asu_discord.cogs.verification:Refreshed Salesforce roles for Discord user 974956992051433552: -4/+4 roles, assigned=[Arizona Resident, College of Liberal Arts and Sciences, Downtown Phoenix, First Year]
Ignoring exception in on_member_update
Traceback (most recent call last):
  File "/usr/local/lib/python3.12/site-packages/discord/client.py", line 465, in _run_event
    await coro(*args, **kwargs)
  File "/app/asu_discord/cogs/analytics.py", line 652, in on_member_update
    before_timeout = before.timed_out_until
                     ^^^^^^^^^^^^^^^^^^^^^^
AttributeError: 'Member' object has no attribute 'timed_out_until'
Ignoring exception in on_member_update
Traceback (most recent call last):
  File "/usr/local/lib/python3.12/site-packages/discord/client.py", line 465, in _run_event
    await coro(*args, **kwargs)
  File "/app/asu_discord/cogs/analytics.py", line 652, in on_member_update
    before_timeout = before.timed_out_until
                     ^^^^^^^^^^^^^^^^^^^^^^
AttributeError: 'Member' object has no attribute 'timed_out_until'
Ignoring exception in on_member_update
Traceback (most recent call last):
  File "/usr/local/lib/python3.12/site-packages/discord/client.py", line 465, in _run_event
    await coro(*args, **kwargs)
  File "/app/asu_discord/cogs/analytics.py", line 652, in on_member_update
    before_timeout = before.timed_out_until
                     ^^^^^^^^^^^^^^^^^^^^^^
AttributeError: 'Member' object has no attribute 'timed_out_until'
Ignoring exception in on_member_update
Traceback (most recent call last):
  File "/usr/local/lib/python3.12/site-packages/discord/client.py", line 465, in _run_event
    await coro(*args, **kwargs)
  File "/app/asu_discord/cogs/analytics.py", line 652, in on_member_update
    before_timeout = before.timed_out_until
                     ^^^^^^^^^^^^^^^^^^^^^^
AttributeError: 'Member' object has no attribute 'timed_out_until'
Ignoring exception in on_member_update
Traceback (most recent call last):
  File "/usr/local/lib/python3.12/site-packages/discord/client.py", line 465, in _run_event
    await coro(*args, **kwargs)
  File "/app/asu_discord/cogs/analytics.py", line 652, in on_member_update
    before_timeout = before.timed_out_until
                     ^^^^^^^^^^^^^^^^^^^^^^
AttributeError: 'Member' object has no attribute 'timed_out_until'
Ignoring exception in on_member_update
Traceback (most recent call last):
  File "/usr/local/lib/python3.12/site-packages/discord/client.py", line 465, in _run_event
    await coro(*args, **kwargs)
  File "/app/asu_discord/cogs/analytics.py", line 652, in on_member_update
    before_timeout = before.timed_out_until
                     ^^^^^^^^^^^^^^^^^^^^^^
AttributeError: 'Member' object has no attribute 'timed_out_until'
Ignoring exception in on_member_update
Traceback (most recent call last):
  File "/usr/local/lib/python3.12/site-packages/discord/client.py", line 465, in _run_event
    await coro(*args, **kwargs)
  File "/app/asu_discord/cogs/analytics.py", line 652, in on_member_update
    before_timeout = before.timed_out_until
                     ^^^^^^^^^^^^^^^^^^^^^^
AttributeError: 'Member' object has no attribute 'timed_out_until'
Ignoring exception in on_member_update
Traceback (most recent call last):
  File "/usr/local/lib/python3.12/site-packages/discord/client.py", line 465, in _run_event
    await coro(*args, **kwargs)
  File "/app/asu_discord/cogs/analytics.py", line 652, in on_member_update
    before_timeout = before.timed_out_until
                     ^^^^^^^^^^^^^^^^^^^^^^
AttributeError: 'Member' object has no attribute 'timed_out_until'
Ignoring exception in on_member_update
Traceback (most recent call last):
  File "/usr/local/lib/python3.12/site-packages/discord/client.py", line 465, in _run_event
    await coro(*args, **kwargs)
  File "/app/asu_discord/cogs/analytics.py", line 652, in on_member_update
    before_timeout = before.timed_out_until
                     ^^^^^^^^^^^^^^^^^^^^^^
AttributeError: 'Member' object has no attribute 'timed_out_until'
Ignoring exception in on_member_update
Traceback (most recent call last):
  File "/usr/local/lib/python3.12/site-packages/discord/client.py", line 465, in _run_event
    await coro(*args, **kwargs)
  File "/app/asu_discord/cogs/analytics.py", line 652, in on_member_update
    before_timeout = before.timed_out_until
                     ^^^^^^^^^^^^^^^^^^^^^^
AttributeError: 'Member' object has no attribute 'timed_out_until'
Ignoring exception in on_member_update
Traceback (most recent call last):
  File "/usr/local/lib/python3.12/site-packages/discord/client.py", line 465, in _run_event
    await coro(*args, **kwargs)
  File "/app/asu_discord/cogs/analytics.py", line 652, in on_member_update
    before_timeout = before.timed_out_until
                     ^^^^^^^^^^^^^^^^^^^^^^
AttributeError: 'Member' object has no attribute 'timed_out_until'
Ignoring exception in on_member_update
Traceback (most recent call last):
  File "/usr/local/lib/python3.12/site-packages/discord/client.py", line 465, in _run_event
    await coro(*args, **kwargs)
  File "/app/asu_discord/cogs/analytics.py", line 652, in on_member_update
    before_timeout = before.timed_out_until
                     ^^^^^^^^^^^^^^^^^^^^^^
AttributeError: 'Member' object has no attribute 'timed_out_until'
Ignoring exception in on_member_update
Traceback (most recent call last):
  File "/usr/local/lib/python3.12/site-packages/discord/client.py", line 465, in _run_event
    await coro(*args, **kwargs)
  File "/app/asu_discord/cogs/analytics.py", line 652, in on_member_update
    before_timeout = before.timed_out_until
                     ^^^^^^^^^^^^^^^^^^^^^^
AttributeError: 'Member' object has no attribute 'timed_out_until'
Ignoring exception in on_member_update
Traceback (most recent call last):
  File "/usr/local/lib/python3.12/site-packages/discord/client.py", line 465, in _run_event
    await coro(*args, **kwargs)
  File "/app/asu_discord/cogs/analytics.py", line 652, in on_member_update
    before_timeout = before.timed_out_until
                     ^^^^^^^^^^^^^^^^^^^^^^
AttributeError: 'Member' object has no attribute 'timed_out_until'
Ignoring exception in on_member_update
Traceback (most recent call last):
  File "/usr/local/lib/python3.12/site-packages/discord/client.py", line 465, in _run_event
    await coro(*args, **kwargs)
  File "/app/asu_discord/cogs/analytics.py", line 652, in on_member_update
    before_timeout = before.timed_out_until
                     ^^^^^^^^^^^^^^^^^^^^^^
AttributeError: 'Member' object has no attribute 'timed_out_until'
ERROR:cron.jobs:refresh_salesforce_roles: failed for ajespin6 (Discord ID 1069850935695773716): Timed out refresh Salesforce-based roles
Ignoring exception in on_member_update
Traceback (most recent call last):
  File "/usr/local/lib/python3.12/site-packages/discord/client.py", line 465, in _run_event
    await coro(*args, **kwargs)
  File "/app/asu_discord/cogs/analytics.py", line 652, in on_member_update
    before_timeout = before.timed_out_until
                     ^^^^^^^^^^^^^^^^^^^^^^
AttributeError: 'Member' object has no attribute 'timed_out_until'
Ignoring exception in on_member_update
Traceback (most recent call last):
  File "/usr/local/lib/python3.12/site-packages/discord/client.py", line 465, in _run_event
    await coro(*args, **kwargs)
  File "/app/asu_discord/cogs/analytics.py", line 652, in on_member_update
    before_timeout = before.timed_out_until
                     ^^^^^^^^^^^^^^^^^^^^^^
AttributeError: 'Member' object has no attribute 'timed_out_until'
Ignoring exception in on_member_update
Traceback (most recent call last):
  File "/usr/local/lib/python3.12/site-packages/discord/client.py", line 465, in _run_event
    await coro(*args, **kwargs)
  File "/app/asu_discord/cogs/analytics.py", line 652, in on_member_update
    before_timeout = before.timed_out_until
                     ^^^^^^^^^^^^^^^^^^^^^^
AttributeError: 'Member' object has no attribute 'timed_out_until'
Ignoring exception in on_member_update
Traceback (most recent call last):
  File "/usr/local/lib/python3.12/site-packages/discord/client.py", line 465, in _run_event
    await coro(*args, **kwargs)
  File "/app/asu_discord/cogs/analytics.py", line 652, in on_member_update
    before_timeout = before.timed_out_until
                     ^^^^^^^^^^^^^^^^^^^^^^
AttributeError: 'Member' object has no attribute 'timed_out_until'
Ignoring exception in on_member_update
Traceback (most recent call last):
  File "/usr/local/lib/python3.12/site-packages/discord/client.py", line 465, in _run_event
    await coro(*args, **kwargs)
  File "/app/asu_discord/cogs/analytics.py", line 652, in on_member_update
    before_timeout = before.timed_out_until
                     ^^^^^^^^^^^^^^^^^^^^^^
AttributeError: 'Member' object has no attribute 'timed_out_until'
Ignoring exception in on_member_update
Traceback (most recent call last):
  File "/usr/local/lib/python3.12/site-packages/discord/client.py", line 465, in _run_event
    await coro(*args, **kwargs)
  File "/app/asu_discord/cogs/analytics.py", line 652, in on_member_update
    before_timeout = before.timed_out_until
                     ^^^^^^^^^^^^^^^^^^^^^^
AttributeError: 'Member' object has no attribute 'timed_out_until'
Ignoring exception in on_member_update
Traceback (most recent call last):
  File "/usr/local/lib/python3.12/site-packages/discord/client.py", line 465, in _run_event
    await coro(*args, **kwargs)
  File "/app/asu_discord/cogs/analytics.py", line 652, in on_member_update
    before_timeout = before.timed_out_until
                     ^^^^^^^^^^^^^^^^^^^^^^
AttributeError: 'Member' object has no attribute 'timed_out_until'
Ignoring exception in on_member_update
Traceback (most recent call last):
  File "/usr/local/lib/python3.12/site-packages/discord/client.py", line 465, in _run_event
    await coro(*args, **kwargs)
  File "/app/asu_discord/cogs/analytics.py", line 652, in on_member_update
    before_timeout = before.timed_out_until
                     ^^^^^^^^^^^^^^^^^^^^^^
AttributeError: 'Member' object has no attribute 'timed_out_until'
INFO:asu_discord.cogs.verification:Saved 4 roles to database for user samratda (Discord ID: 597438358653763615)
INFO:asu_discord.cogs.verification:Refreshed Salesforce roles for Discord user 597438358653763615: -4/+4 roles, assigned=[Graduate Student, International Student, Tempe, W.P. Carey School of Business]
Ignoring exception in on_member_update
Traceback (most recent call last):
  File "/usr/local/lib/python3.12/site-packages/discord/client.py", line 465, in _run_event
    await coro(*args, **kwargs)
  File "/app/asu_discord/cogs/analytics.py", line 652, in on_member_update
    before_timeout = before.timed_out_until
                     ^^^^^^^^^^^^^^^^^^^^^^
AttributeError: 'Member' object has no attribute 'timed_out_until'
Ignoring exception in on_member_update
Traceback (most recent call last):
  File "/usr/local/lib/python3.12/site-packages/discord/client.py", line 465, in _run_event
    await coro(*args, **kwargs)
  File "/app/asu_discord/cogs/analytics.py", line 652, in on_member_update
    before_timeout = before.timed_out_until
                     ^^^^^^^^^^^^^^^^^^^^^^
AttributeError: 'Member' object has no attribute 'timed_out_until'
Ignoring exception in on_member_update
Traceback (most recent call last):
  File "/usr/local/lib/python3.12/site-packages/discord/client.py", line 465, in _run_event
    await coro(*args, **kwargs)
  File "/app/asu_discord/cogs/analytics.py", line 652, in on_member_update
    before_timeout = before.timed_out_until
                     ^^^^^^^^^^^^^^^^^^^^^^
AttributeError: 'Member' object has no attribute 'timed_out_until'
Ignoring exception in on_member_update
Traceback (most recent call last):
  File "/usr/local/lib/python3.12/site-packages/discord/client.py", line 465, in _run_event
    await coro(*args, **kwargs)
  File "/app/asu_discord/cogs/analytics.py", line 652, in on_member_update
    before_timeout = before.timed_out_until
                     ^^^^^^^^^^^^^^^^^^^^^^
AttributeError: 'Member' object has no attribute 'timed_out_until'
Ignoring exception in on_member_update
Traceback (most recent call last):
  File "/usr/local/lib/python3.12/site-packages/discord/client.py", line 465, in _run_event
    await coro(*args, **kwargs)
  File "/app/asu_discord/cogs/analytics.py", line 652, in on_member_update
    before_timeout = before.timed_out_until
                     ^^^^^^^^^^^^^^^^^^^^^^
AttributeError: 'Member' object has no attribute 'timed_out_until'
Ignoring exception in on_member_update
Traceback (most recent call last):
  File "/usr/local/lib/python3.12/site-packages/discord/client.py", line 465, in _run_event
    await coro(*args, **kwargs)
  File "/app/asu_discord/cogs/analytics.py", line 652, in on_member_update
    before_timeout = before.timed_out_until
                     ^^^^^^^^^^^^^^^^^^^^^^
AttributeError: 'Member' object has no attribute 'timed_out_until'
Ignoring exception in on_member_update
Traceback (most recent call last):
  File "/usr/local/lib/python3.12/site-packages/discord/client.py", line 465, in _run_event
    await coro(*args, **kwargs)
  File "/app/asu_discord/cogs/analytics.py", line 652, in on_member_update
    before_timeout = before.timed_out_until
                     ^^^^^^^^^^^^^^^^^^^^^^
AttributeError: 'Member' object has no attribute 'timed_out_until'
INFO:asu_discord.cogs.verification:Saved 4 roles to database for user ychou126 (Discord ID: 756722993824268379)
INFO:asu_discord.cogs.verification:Refreshed Salesforce roles for Discord user 756722993824268379: -3/+4 roles, assigned=[Graduate Student, International Student, Ira A. Fulton Schools of Engineering, Tempe]
Ignoring exception in on_member_update
Traceback (most recent call last):
  File "/usr/local/lib/python3.12/site-packages/discord/client.py", line 465, in _run_event
    await coro(*args, **kwargs)
  File "/app/asu_discord/cogs/analytics.py", line 652, in on_member_update
    before_timeout = before.timed_out_until
                     ^^^^^^^^^^^^^^^^^^^^^^
AttributeError: 'Member' object has no attribute 'timed_out_until'
Ignoring exception in on_member_update
Traceback (most recent call last):
  File "/usr/local/lib/python3.12/site-packages/discord/client.py", line 465, in _run_event
    await coro(*args, **kwargs)
  File "/app/asu_discord/cogs/analytics.py", line 652, in on_member_update
    before_timeout = before.timed_out_until
                     ^^^^^^^^^^^^^^^^^^^^^^
AttributeError: 'Member' object has no attribute 'timed_out_until'
Ignoring exception in on_member_update
Traceback (most recent call last):
  File "/usr/local/lib/python3.12/site-packages/discord/client.py", line 465, in _run_event
    await coro(*args, **kwargs)
  File "/app/asu_discord/cogs/analytics.py", line 652, in on_member_update
    before_timeout = before.timed_out_until
                     ^^^^^^^^^^^^^^^^^^^^^^
AttributeError: 'Member' object has no attribute 'timed_out_until'
Ignoring exception in on_member_update
Traceback (most recent call last):
  File "/usr/local/lib/python3.12/site-packages/discord/client.py", line 465, in _run_event
    await coro(*args, **kwargs)
  File "/app/asu_discord/cogs/analytics.py", line 652, in on_member_update
    before_timeout = before.timed_out_until
                     ^^^^^^^^^^^^^^^^^^^^^^
AttributeError: 'Member' object has no attribute 'timed_out_until'
Ignoring exception in on_member_update
Traceback (most recent call last):
  File "/usr/local/lib/python3.12/site-packages/discord/client.py", line 465, in _run_event
    await coro(*args, **kwargs)
  File "/app/asu_discord/cogs/analytics.py", line 652, in on_member_update
    before_timeout = before.timed_out_until
                     ^^^^^^^^^^^^^^^^^^^^^^
AttributeError: 'Member' object has no attribute 'timed_out_until'
Ignoring exception in on_member_update
Traceback (most recent call last):
  File "/usr/local/lib/python3.12/site-packages/discord/client.py", line 465, in _run_event
    await coro(*args, **kwargs)
  File "/app/asu_discord/cogs/analytics.py", line 652, in on_member_update
    before_timeout = before.timed_out_until
                     ^^^^^^^^^^^^^^^^^^^^^^
AttributeError: 'Member' object has no attribute 'timed_out_until'
Ignoring exception in on_member_update
Traceback (most recent call last):
  File "/usr/local/lib/python3.12/site-packages/discord/client.py", line 465, in _run_event
    await coro(*args, **kwargs)
  File "/app/asu_discord/cogs/analytics.py", line 652, in on_member_update
    before_timeout = before.timed_out_until
                     ^^^^^^^^^^^^^^^^^^^^^^
AttributeError: 'Member' object has no attribute 'timed_out_until'
Ignoring exception in on_member_update
Traceback (most recent call last):
  File "/usr/local/lib/python3.12/site-packages/discord/client.py", line 465, in _run_event
    await coro(*args, **kwargs)
  File "/app/asu_discord/cogs/analytics.py", line 652, in on_member_update
    before_timeout = before.timed_out_until
                     ^^^^^^^^^^^^^^^^^^^^^^
AttributeError: 'Member' object has no attribute 'timed_out_until'
INFO:asu_discord.cogs.verification:Saved 4 roles to database for user abibanda (Discord ID: 1472199455469207664)
INFO:asu_discord.cogs.verification:Refreshed Salesforce roles for Discord user 1472199455469207664: -4/+4 roles, assigned=[Commited, First Year, Ira A. Fulton Schools of Engineering, Tempe]
Ignoring exception in on_member_update
Traceback (most recent call last):
  File "/usr/local/lib/python3.12/site-packages/discord/client.py", line 465, in _run_event
    await coro(*args, **kwargs)
  File "/app/asu_discord/cogs/analytics.py", line 652, in on_member_update
    before_timeout = before.timed_out_until
                     ^^^^^^^^^^^^^^^^^^^^^^
AttributeError: 'Member' object has no attribute 'timed_out_until'
Ignoring exception in on_member_update
Traceback (most recent call last):
  File "/usr/local/lib/python3.12/site-packages/discord/client.py", line 465, in _run_event
    await coro(*args, **kwargs)
  File "/app/asu_discord/cogs/analytics.py", line 652, in on_member_update
    before_timeout = before.timed_out_until
                     ^^^^^^^^^^^^^^^^^^^^^^
AttributeError: 'Member' object has no attribute 'timed_out_until'
Ignoring exception in on_member_update
Traceback (most recent call last):
  File "/usr/local/lib/python3.12/site-packages/discord/client.py", line 465, in _run_event
    await coro(*args, **kwargs)
  File "/app/asu_discord/cogs/analytics.py", line 652, in on_member_update
    before_timeout = before.timed_out_until
                     ^^^^^^^^^^^^^^^^^^^^^^
AttributeError: 'Member' object has no attribute 'timed_out_until'
Ignoring exception in on_member_update
Traceback (most recent call last):
  File "/usr/local/lib/python3.12/site-packages/discord/client.py", line 465, in _run_event
    await coro(*args, **kwargs)
  File "/app/asu_discord/cogs/analytics.py", line 652, in on_member_update
    before_timeout = before.timed_out_until
                     ^^^^^^^^^^^^^^^^^^^^^^
AttributeError: 'Member' object has no attribute 'timed_out_until'
Ignoring exception in on_member_update
Traceback (most recent call last):
  File "/usr/local/lib/python3.12/site-packages/discord/client.py", line 465, in _run_event
    await coro(*args, **kwargs)
  File "/app/asu_discord/cogs/analytics.py", line 652, in on_member_update
    before_timeout = before.timed_out_until
                     ^^^^^^^^^^^^^^^^^^^^^^
AttributeError: 'Member' object has no attribute 'timed_out_until'
Ignoring exception in on_member_update
Traceback (most recent call last):
  File "/usr/local/lib/python3.12/site-packages/discord/client.py", line 465, in _run_event
    await coro(*args, **kwargs)
  File "/app/asu_discord/cogs/analytics.py", line 652, in on_member_update
    before_timeout = before.timed_out_until
                     ^^^^^^^^^^^^^^^^^^^^^^
AttributeError: 'Member' object has no attribute 'timed_out_until'
Ignoring exception in on_member_update
Traceback (most recent call last):
  File "/usr/local/lib/python3.12/site-packages/discord/client.py", line 465, in _run_event
    await coro(*args, **kwargs)
  File "/app/asu_discord/cogs/analytics.py", line 652, in on_member_update
    before_timeout = before.timed_out_until
                     ^^^^^^^^^^^^^^^^^^^^^^
AttributeError: 'Member' object has no attribute 'timed_out_until'
Ignoring exception in on_member_update
Traceback (most recent call last):
  File "/usr/local/lib/python3.12/site-packages/discord/client.py", line 465, in _run_event
    await coro(*args, **kwargs)
  File "/app/asu_discord/cogs/analytics.py", line 652, in on_member_update
    before_timeout = before.timed_out_until
                     ^^^^^^^^^^^^^^^^^^^^^^
AttributeError: 'Member' object has no attribute 'timed_out_until'
Ignoring exception in on_member_update
Traceback (most recent call last):
  File "/usr/local/lib/python3.12/site-packages/discord/client.py", line 465, in _run_event
    await coro(*args, **kwargs)
  File "/app/asu_discord/cogs/analytics.py", line 652, in on_member_update
    before_timeout = before.timed_out_until
                     ^^^^^^^^^^^^^^^^^^^^^^
AttributeError: 'Member' object has no attribute 'timed_out_until'
Ignoring exception in on_member_update
Traceback (most recent call last):
  File "/usr/local/lib/python3.12/site-packages/discord/client.py", line 465, in _run_event
    await coro(*args, **kwargs)
  File "/app/asu_discord/cogs/analytics.py", line 652, in on_member_update
    before_timeout = before.timed_out_until
                     ^^^^^^^^^^^^^^^^^^^^^^
AttributeError: 'Member' object has no attribute 'timed_out_until'
INFO:asu_discord.cogs.verification:Saved 5 roles to database for user agupt656 (Discord ID: 1490713215007461496)
INFO:asu_discord.cogs.verification:Refreshed Salesforce roles for Discord user 1490713215007461496: -5/+5 roles, assigned=[Commited, First Year, International Student, Tempe, W.P. Carey School of Business]
Ignoring exception in on_member_update
Traceback (most recent call last):
  File "/usr/local/lib/python3.12/site-packages/discord/client.py", line 465, in _run_event
    await coro(*args, **kwargs)
  File "/app/asu_discord/cogs/analytics.py", line 652, in on_member_update
    before_timeout = before.timed_out_until
                     ^^^^^^^^^^^^^^^^^^^^^^
AttributeError: 'Member' object has no attribute 'timed_out_until'
Ignoring exception in on_member_update
Traceback (most recent call last):
  File "/usr/local/lib/python3.12/site-packages/discord/client.py", line 465, in _run_event
    await coro(*args, **kwargs)
  File "/app/asu_discord/cogs/analytics.py", line 652, in on_member_update
    before_timeout = before.timed_out_until
                     ^^^^^^^^^^^^^^^^^^^^^^
AttributeError: 'Member' object has no attribute 'timed_out_until'
Ignoring exception in on_member_update
Traceback (most recent call last):
  File "/usr/local/lib/python3.12/site-packages/discord/client.py", line 465, in _run_event
    await coro(*args, **kwargs)
  File "/app/asu_discord/cogs/analytics.py", line 652, in on_member_update
    before_timeout = before.timed_out_until
                     ^^^^^^^^^^^^^^^^^^^^^^
AttributeError: 'Member' object has no attribute 'timed_out_until'
Ignoring exception in on_member_update
Traceback (most recent call last):
  File "/usr/local/lib/python3.12/site-packages/discord/client.py", line 465, in _run_event
    await coro(*args, **kwargs)
  File "/app/asu_discord/cogs/analytics.py", line 652, in on_member_update
    before_timeout = before.timed_out_until
                     ^^^^^^^^^^^^^^^^^^^^^^
AttributeError: 'Member' object has no attribute 'timed_out_until'
Ignoring exception in on_member_update
Traceback (most recent call last):
  File "/usr/local/lib/python3.12/site-packages/discord/client.py", line 465, in _run_event
    await coro(*args, **kwargs)
  File "/app/asu_discord/cogs/analytics.py", line 652, in on_member_update
    before_timeout = before.timed_out_until
                     ^^^^^^^^^^^^^^^^^^^^^^
AttributeError: 'Member' object has no attribute 'timed_out_until'
Ignoring exception in on_member_update
Traceback (most recent call last):
  File "/usr/local/lib/python3.12/site-packages/discord/client.py", line 465, in _run_event
    await coro(*args, **kwargs)
  File "/app/asu_discord/cogs/analytics.py", line 652, in on_member_update
    before_timeout = before.timed_out_until
                     ^^^^^^^^^^^^^^^^^^^^^^
AttributeError: 'Member' object has no attribute 'timed_out_until'
Ignoring exception in on_member_update
Traceback (most recent call last):
  File "/usr/local/lib/python3.12/site-packages/discord/client.py", line 465, in _run_event
    await coro(*args, **kwargs)
  File "/app/asu_discord/cogs/analytics.py", line 652, in on_member_update
    before_timeout = before.timed_out_until
                     ^^^^^^^^^^^^^^^^^^^^^^
AttributeError: 'Member' object has no attribute 'timed_out_until'
Ignoring exception in on_member_update
Traceback (most recent call last):
  File "/usr/local/lib/python3.12/site-packages/discord/client.py", line 465, in _run_event
    await coro(*args, **kwargs)
  File "/app/asu_discord/cogs/analytics.py", line 652, in on_member_update
    before_timeout = before.timed_out_until
                     ^^^^^^^^^^^^^^^^^^^^^^
AttributeError: 'Member' object has no attribute 'timed_out_until'
Ignoring exception in on_member_update
Traceback (most recent call last):
  File "/usr/local/lib/python3.12/site-packages/discord/client.py", line 465, in _run_event
    await coro(*args, **kwargs)
  File "/app/asu_discord/cogs/analytics.py", line 652, in on_member_update
    before_timeout = before.timed_out_until
                     ^^^^^^^^^^^^^^^^^^^^^^
AttributeError: 'Member' object has no attribute 'timed_out_until'
Ignoring exception in on_member_update
Traceback (most recent call last):
  File "/usr/local/lib/python3.12/site-packages/discord/client.py", line 465, in _run_event
    await coro(*args, **kwargs)
  File "/app/asu_discord/cogs/analytics.py", line 652, in on_member_update
    before_timeout = before.timed_out_until
                     ^^^^^^^^^^^^^^^^^^^^^^
AttributeError: 'Member' object has no attribute 'timed_out_until'
INFO:asu_discord.cogs.verification:Saved 5 roles to database for user gchinyak (Discord ID: 771235895226662932)
INFO:asu_discord.cogs.verification:Refreshed Salesforce roles for Discord user 771235895226662932: -5/+5 roles, assigned=[Commited, Graduate Student, International Student, Ira A. Fulton Schools of Engineering, Tempe]
Ignoring exception in on_member_update
Traceback (most recent call last):
  File "/usr/local/lib/python3.12/site-packages/discord/client.py", line 465, in _run_event
    await coro(*args, **kwargs)
  File "/app/asu_discord/cogs/analytics.py", line 652, in on_member_update
    before_timeout = before.timed_out_until
                     ^^^^^^^^^^^^^^^^^^^^^^
AttributeError: 'Member' object has no attribute 'timed_out_until'
Ignoring exception in on_member_update
Traceback (most recent call last):
  File "/usr/local/lib/python3.12/site-packages/discord/client.py", line 465, in _run_event
    await coro(*args, **kwargs)
  File "/app/asu_discord/cogs/analytics.py", line 652, in on_member_update
    before_timeout = before.timed_out_until
                     ^^^^^^^^^^^^^^^^^^^^^^
AttributeError: 'Member' object has no attribute 'timed_out_until'
Ignoring exception in on_member_update
Traceback (most recent call last):
  File "/usr/local/lib/python3.12/site-packages/discord/client.py", line 465, in _run_event
    await coro(*args, **kwargs)
  File "/app/asu_discord/cogs/analytics.py", line 652, in on_member_update
    before_timeout = before.timed_out_until
                     ^^^^^^^^^^^^^^^^^^^^^^
AttributeError: 'Member' object has no attribute 'timed_out_until'
Ignoring exception in on_member_update
Traceback (most recent call last):
  File "/usr/local/lib/python3.12/site-packages/discord/client.py", line 465, in _run_event
    await coro(*args, **kwargs)
  File "/app/asu_discord/cogs/analytics.py", line 652, in on_member_update
    before_timeout = before.timed_out_until
                     ^^^^^^^^^^^^^^^^^^^^^^
AttributeError: 'Member' object has no attribute 'timed_out_until'
Ignoring exception in on_member_update
Traceback (most recent call last):
  File "/usr/local/lib/python3.12/site-packages/discord/client.py", line 465, in _run_event
    await coro(*args, **kwargs)
  File "/app/asu_discord/cogs/analytics.py", line 652, in on_member_update
    before_timeout = before.timed_out_until
                     ^^^^^^^^^^^^^^^^^^^^^^
AttributeError: 'Member' object has no attribute 'timed_out_until'
Ignoring exception in on_member_update
Traceback (most recent call last):
  File "/usr/local/lib/python3.12/site-packages/discord/client.py", line 465, in _run_event
    await coro(*args, **kwargs)
  File "/app/asu_discord/cogs/analytics.py", line 652, in on_member_update
    before_timeout = before.timed_out_until
                     ^^^^^^^^^^^^^^^^^^^^^^
AttributeError: 'Member' object has no attribute 'timed_out_until'
Ignoring exception in on_member_update
Traceback (most recent call last):
  File "/usr/local/lib/python3.12/site-packages/discord/client.py", line 465, in _run_event
    await coro(*args, **kwargs)
  File "/app/asu_discord/cogs/analytics.py", line 652, in on_member_update
    before_timeout = before.timed_out_until
                     ^^^^^^^^^^^^^^^^^^^^^^
AttributeError: 'Member' object has no attribute 'timed_out_until'
Ignoring exception in on_member_update
Traceback (most recent call last):
  File "/usr/local/lib/python3.12/site-packages/discord/client.py", line 465, in _run_event
    await coro(*args, **kwargs)
  File "/app/asu_discord/cogs/analytics.py", line 652, in on_member_update
    before_timeout = before.timed_out_until
                     ^^^^^^^^^^^^^^^^^^^^^^
AttributeError: 'Member' object has no attribute 'timed_out_until'
Ignoring exception in on_member_update
Traceback (most recent call last):
  File "/usr/local/lib/python3.12/site-packages/discord/client.py", line 465, in _run_event
    await coro(*args, **kwargs)
  File "/app/asu_discord/cogs/analytics.py", line 652, in on_member_update
    before_timeout = before.timed_out_until
                     ^^^^^^^^^^^^^^^^^^^^^^
AttributeError: 'Member' object has no attribute 'timed_out_until'
Ignoring exception in on_member_update
Traceback (most recent call last):
  File "/usr/local/lib/python3.12/site-packages/discord/client.py", line 465, in _run_event
    await coro(*args, **kwargs)
  File "/app/asu_discord/cogs/analytics.py", line 652, in on_member_update
    before_timeout = before.timed_out_until
                     ^^^^^^^^^^^^^^^^^^^^^^
AttributeError: 'Member' object has no attribute 'timed_out_until'
Ignoring exception in on_member_update
Traceback (most recent call last):
  File "/usr/local/lib/python3.12/site-packages/discord/client.py", line 465, in _run_event
    await coro(*args, **kwargs)
  File "/app/asu_discord/cogs/analytics.py", line 652, in on_member_update
    before_timeout = before.timed_out_until
                     ^^^^^^^^^^^^^^^^^^^^^^
AttributeError: 'Member' object has no attribute 'timed_out_until'
Ignoring exception in on_member_update
Traceback (most recent call last):
  File "/usr/local/lib/python3.12/site-packages/discord/client.py", line 465, in _run_event
    await coro(*args, **kwargs)
  File "/app/asu_discord/cogs/analytics.py", line 652, in on_member_update
    before_timeout = before.timed_out_until
                     ^^^^^^^^^^^^^^^^^^^^^^
AttributeError: 'Member' object has no attribute 'timed_out_until'
INFO:asu_discord.cogs.verification:Saved 6 roles to database for user dathom38 (Discord ID: 1490725188462055535)
INFO:asu_discord.cogs.verification:Refreshed Salesforce roles for Discord user 1490725188462055535: -6/+6 roles, assigned=[Commited, First Generation Student, First Year, Out of State, Tempe, W.P. Carey School of Business]
Ignoring exception in on_member_update
Traceback (most recent call last):
  File "/usr/local/lib/python3.12/site-packages/discord/client.py", line 465, in _run_event
    await coro(*args, **kwargs)
  File "/app/asu_discord/cogs/analytics.py", line 652, in on_member_update
    before_timeout = before.timed_out_until
                     ^^^^^^^^^^^^^^^^^^^^^^
AttributeError: 'Member' object has no attribute 'timed_out_until'
Ignoring exception in on_member_update
Traceback (most recent call last):
  File "/usr/local/lib/python3.12/site-packages/discord/client.py", line 465, in _run_event
    await coro(*args, **kwargs)
  File "/app/asu_discord/cogs/analytics.py", line 652, in on_member_update
    before_timeout = before.timed_out_until
                     ^^^^^^^^^^^^^^^^^^^^^^
AttributeError: 'Member' object has no attribute 'timed_out_until'
Ignoring exception in on_member_update
Traceback (most recent call last):
  File "/usr/local/lib/python3.12/site-packages/discord/client.py", line 465, in _run_event
    await coro(*args, **kwargs)
  File "/app/asu_discord/cogs/analytics.py", line 652, in on_member_update
    before_timeout = before.timed_out_until
                     ^^^^^^^^^^^^^^^^^^^^^^
AttributeError: 'Member' object has no attribute 'timed_out_until'
Ignoring exception in on_member_update
Traceback (most recent call last):
  File "/usr/local/lib/python3.12/site-packages/discord/client.py", line 465, in _run_event
    await coro(*args, **kwargs)
  File "/app/asu_discord/cogs/analytics.py", line 652, in on_member_update
    before_timeout = before.timed_out_until
                     ^^^^^^^^^^^^^^^^^^^^^^
AttributeError: 'Member' object has no attribute 'timed_out_until'
Ignoring exception in on_member_update
Traceback (most recent call last):
  File "/usr/local/lib/python3.12/site-packages/discord/client.py", line 465, in _run_event
    await coro(*args, **kwargs)
  File "/app/asu_discord/cogs/analytics.py", line 652, in on_member_update
    before_timeout = before.timed_out_until
                     ^^^^^^^^^^^^^^^^^^^^^^
AttributeError: 'Member' object has no attribute 'timed_out_until'
Ignoring exception in on_member_update
Traceback (most recent call last):
  File "/usr/local/lib/python3.12/site-packages/discord/client.py", line 465, in _run_event
    await coro(*args, **kwargs)
  File "/app/asu_discord/cogs/analytics.py", line 652, in on_member_update
    before_timeout = before.timed_out_until
                     ^^^^^^^^^^^^^^^^^^^^^^
AttributeError: 'Member' object has no attribute 'timed_out_until'
Ignoring exception in on_member_update
Traceback (most recent call last):
  File "/usr/local/lib/python3.12/site-packages/discord/client.py", line 465, in _run_event
    await coro(*args, **kwargs)
  File "/app/asu_discord/cogs/analytics.py", line 652, in on_member_update
    before_timeout = before.timed_out_until
                     ^^^^^^^^^^^^^^^^^^^^^^
AttributeError: 'Member' object has no attribute 'timed_out_until'
Ignoring exception in on_member_update
Traceback (most recent call last):
  File "/usr/local/lib/python3.12/site-packages/discord/client.py", line 465, in _run_event
    await coro(*args, **kwargs)
  File "/app/asu_discord/cogs/analytics.py", line 652, in on_member_update
    before_timeout = before.timed_out_until
                     ^^^^^^^^^^^^^^^^^^^^^^
AttributeError: 'Member' object has no attribute 'timed_out_until'
INFO:asu_discord.cogs.verification:Saved 4 roles to database for user cbake103 (Discord ID: 293168900332453888)
INFO:asu_discord.cogs.verification:Refreshed Salesforce roles for Discord user 293168900332453888: -4/+4 roles, assigned=[Arizona Resident, College of Liberal Arts and Sciences, Graduate Student, Tempe]
Ignoring exception in on_member_update
Traceback (most recent call last):
  File "/usr/local/lib/python3.12/site-packages/discord/client.py", line 465, in _run_event
    await coro(*args, **kwargs)
  File "/app/asu_discord/cogs/analytics.py", line 652, in on_member_update
    before_timeout = before.timed_out_until
                     ^^^^^^^^^^^^^^^^^^^^^^
AttributeError: 'Member' object has no attribute 'timed_out_until'
Ignoring exception in on_member_update
Traceback (most recent call last):
  File "/usr/local/lib/python3.12/site-packages/discord/client.py", line 465, in _run_event
    await coro(*args, **kwargs)
  File "/app/asu_discord/cogs/analytics.py", line 652, in on_member_update
    before_timeout = before.timed_out_until
                     ^^^^^^^^^^^^^^^^^^^^^^
AttributeError: 'Member' object has no attribute 'timed_out_until'
Ignoring exception in on_member_update
Traceback (most recent call last):
  File "/usr/local/lib/python3.12/site-packages/discord/client.py", line 465, in _run_event
    await coro(*args, **kwargs)
  File "/app/asu_discord/cogs/analytics.py", line 652, in on_member_update
    before_timeout = before.timed_out_until
                     ^^^^^^^^^^^^^^^^^^^^^^
AttributeError: 'Member' object has no attribute 'timed_out_until'
Ignoring exception in on_member_update
Traceback (most recent call last):
  File "/usr/local/lib/python3.12/site-packages/discord/client.py", line 465, in _run_event
    await coro(*args, **kwargs)
  File "/app/asu_discord/cogs/analytics.py", line 652, in on_member_update
    before_timeout = before.timed_out_until
                     ^^^^^^^^^^^^^^^^^^^^^^
AttributeError: 'Member' object has no attribute 'timed_out_until'
Ignoring exception in on_member_update
Traceback (most recent call last):
  File "/usr/local/lib/python3.12/site-packages/discord/client.py", line 465, in _run_event
    await coro(*args, **kwargs)
  File "/app/asu_discord/cogs/analytics.py", line 652, in on_member_update
    before_timeout = before.timed_out_until
                     ^^^^^^^^^^^^^^^^^^^^^^
AttributeError: 'Member' object has no attribute 'timed_out_until'
Ignoring exception in on_member_update
Traceback (most recent call last):
  File "/usr/local/lib/python3.12/site-packages/discord/client.py", line 465, in _run_event
    await coro(*args, **kwargs)
  File "/app/asu_discord/cogs/analytics.py", line 652, in on_member_update
    before_timeout = before.timed_out_until
                     ^^^^^^^^^^^^^^^^^^^^^^
AttributeError: 'Member' object has no attribute 'timed_out_until'
Ignoring exception in on_member_update
Traceback (most recent call last):
  File "/usr/local/lib/python3.12/site-packages/discord/client.py", line 465, in _run_event
    await coro(*args, **kwargs)
  File "/app/asu_discord/cogs/analytics.py", line 652, in on_member_update
    before_timeout = before.timed_out_until
                     ^^^^^^^^^^^^^^^^^^^^^^
AttributeError: 'Member' object has no attribute 'timed_out_until'
Ignoring exception in on_member_update
Traceback (most recent call last):
  File "/usr/local/lib/python3.12/site-packages/discord/client.py", line 465, in _run_event
    await coro(*args, **kwargs)
  File "/app/asu_discord/cogs/analytics.py", line 652, in on_member_update
    before_timeout = before.timed_out_until
                     ^^^^^^^^^^^^^^^^^^^^^^
AttributeError: 'Member' object has no attribute 'timed_out_until'
Ignoring exception in on_member_update
Traceback (most recent call last):
  File "/usr/local/lib/python3.12/site-packages/discord/client.py", line 465, in _run_event
    await coro(*args, **kwargs)
  File "/app/asu_discord/cogs/analytics.py", line 652, in on_member_update
    before_timeout = before.timed_out_until
                     ^^^^^^^^^^^^^^^^^^^^^^
AttributeError: 'Member' object has no attribute 'timed_out_until'
Ignoring exception in on_member_update
Traceback (most recent call last):
  File "/usr/local/lib/python3.12/site-packages/discord/client.py", line 465, in _run_event
    await coro(*args, **kwargs)
  File "/app/asu_discord/cogs/analytics.py", line 652, in on_member_update
    before_timeout = before.timed_out_until
                     ^^^^^^^^^^^^^^^^^^^^^^
AttributeError: 'Member' object has no attribute 'timed_out_until'
INFO:asu_discord.cogs.verification:Saved 5 roles to database for user slcrisp (Discord ID: 950134441576132658)
INFO:asu_discord.cogs.verification:Refreshed Salesforce roles for Discord user 950134441576132658: -5/+5 roles, assigned=[Arizona Resident, Commited, First Year, Ira A. Fulton Schools of Engineering, Tempe]
Ignoring exception in on_member_update
Traceback (most recent call last):
  File "/usr/local/lib/python3.12/site-packages/discord/client.py", line 465, in _run_event
    await coro(*args, **kwargs)
  File "/app/asu_discord/cogs/analytics.py", line 652, in on_member_update
    before_timeout = before.timed_out_until
                     ^^^^^^^^^^^^^^^^^^^^^^
AttributeError: 'Member' object has no attribute 'timed_out_until'
Ignoring exception in on_member_update
Traceback (most recent call last):
  File "/usr/local/lib/python3.12/site-packages/discord/client.py", line 465, in _run_event
    await coro(*args, **kwargs)
  File "/app/asu_discord/cogs/analytics.py", line 652, in on_member_update
    before_timeout = before.timed_out_until
                     ^^^^^^^^^^^^^^^^^^^^^^
AttributeError: 'Member' object has no attribute 'timed_out_until'
Ignoring exception in on_member_update
Traceback (most recent call last):
  File "/usr/local/lib/python3.12/site-packages/discord/client.py", line 465, in _run_event
    await coro(*args, **kwargs)
  File "/app/asu_discord/cogs/analytics.py", line 652, in on_member_update
    before_timeout = before.timed_out_until
                     ^^^^^^^^^^^^^^^^^^^^^^
AttributeError: 'Member' object has no attribute 'timed_out_until'
Ignoring exception in on_member_update
Traceback (most recent call last):
  File "/usr/local/lib/python3.12/site-packages/discord/client.py", line 465, in _run_event
    await coro(*args, **kwargs)
  File "/app/asu_discord/cogs/analytics.py", line 652, in on_member_update
    before_timeout = before.timed_out_until
                     ^^^^^^^^^^^^^^^^^^^^^^
AttributeError: 'Member' object has no attribute 'timed_out_until'
Ignoring exception in on_member_update
Traceback (most recent call last):
  File "/usr/local/lib/python3.12/site-packages/discord/client.py", line 465, in _run_event
    await coro(*args, **kwargs)
  File "/app/asu_discord/cogs/analytics.py", line 652, in on_member_update
    before_timeout = before.timed_out_until
                     ^^^^^^^^^^^^^^^^^^^^^^
AttributeError: 'Member' object has no attribute 'timed_out_until'
Ignoring exception in on_member_update
Traceback (most recent call last):
  File "/usr/local/lib/python3.12/site-packages/discord/client.py", line 465, in _run_event
    await coro(*args, **kwargs)
  File "/app/asu_discord/cogs/analytics.py", line 652, in on_member_update
    before_timeout = before.timed_out_until
                     ^^^^^^^^^^^^^^^^^^^^^^
AttributeError: 'Member' object has no attribute 'timed_out_until'
Ignoring exception in on_member_update
Traceback (most recent call last):
  File "/usr/local/lib/python3.12/site-packages/discord/client.py", line 465, in _run_event
    await coro(*args, **kwargs)
  File "/app/asu_discord/cogs/analytics.py", line 652, in on_member_update
    before_timeout = before.timed_out_until
                     ^^^^^^^^^^^^^^^^^^^^^^
AttributeError: 'Member' object has no attribute 'timed_out_until'
Ignoring exception in on_member_update
Traceback (most recent call last):
  File "/usr/local/lib/python3.12/site-packages/discord/client.py", line 465, in _run_event
    await coro(*args, **kwargs)
  File "/app/asu_discord/cogs/analytics.py", line 652, in on_member_update
    before_timeout = before.timed_out_until
                     ^^^^^^^^^^^^^^^^^^^^^^
AttributeError: 'Member' object has no attribute 'timed_out_until'
Ignoring exception in on_member_update
Traceback (most recent call last):
  File "/usr/local/lib/python3.12/site-packages/discord/client.py", line 465, in _run_event
    await coro(*args, **kwargs)
  File "/app/asu_discord/cogs/analytics.py", line 652, in on_member_update
    before_timeout = before.timed_out_until
                     ^^^^^^^^^^^^^^^^^^^^^^
AttributeError: 'Member' object has no attribute 'timed_out_until'
Ignoring exception in on_member_update
Traceback (most recent call last):
  File "/usr/local/lib/python3.12/site-packages/discord/client.py", line 465, in _run_event
    await coro(*args, **kwargs)
  File "/app/asu_discord/cogs/analytics.py", line 652, in on_member_update
    before_timeout = before.timed_out_until
                     ^^^^^^^^^^^^^^^^^^^^^^
AttributeError: 'Member' object has no attribute 'timed_out_until'
Ignoring exception in on_member_update
Traceback (most recent call last):
  File "/usr/local/lib/python3.12/site-packages/discord/client.py", line 465, in _run_event
    await coro(*args, **kwargs)
  File "/app/asu_discord/cogs/analytics.py", line 652, in on_member_update
    before_timeout = before.timed_out_until
                     ^^^^^^^^^^^^^^^^^^^^^^
AttributeError: 'Member' object has no attribute 'timed_out_until'
Ignoring exception in on_member_update
Traceback (most recent call last):
  File "/usr/local/lib/python3.12/site-packages/discord/client.py", line 465, in _run_event
    await coro(*args, **kwargs)
  File "/app/asu_discord/cogs/analytics.py", line 652, in on_member_update
    before_timeout = before.timed_out_until
                     ^^^^^^^^^^^^^^^^^^^^^^
AttributeError: 'Member' object has no attribute 'timed_out_until'
INFO:asu_discord.cogs.verification:Saved 6 roles to database for user jdueck (Discord ID: 1422778273359724624)
INFO:asu_discord.cogs.verification:Refreshed Salesforce roles for Discord user 1422778273359724624: -6/+6 roles, assigned=[College of Integrative Sciences and Arts, Commited, First Generation Student, First Year, Out of State, Polytechnic]
Ignoring exception in on_member_update
Traceback (most recent call last):
  File "/usr/local/lib/python3.12/site-packages/discord/client.py", line 465, in _run_event
    await coro(*args, **kwargs)
  File "/app/asu_discord/cogs/analytics.py", line 652, in on_member_update
    before_timeout = before.timed_out_until
                     ^^^^^^^^^^^^^^^^^^^^^^
AttributeError: 'Member' object has no attribute 'timed_out_until'
Ignoring exception in on_member_update
Traceback (most recent call last):
  File "/usr/local/lib/python3.12/site-packages/discord/client.py", line 465, in _run_event
    await coro(*args, **kwargs)
  File "/app/asu_discord/cogs/analytics.py", line 652, in on_member_update
    before_timeout = before.timed_out_until
                     ^^^^^^^^^^^^^^^^^^^^^^
AttributeError: 'Member' object has no attribute 'timed_out_until'
Ignoring exception in on_member_update
Traceback (most recent call last):
  File "/usr/local/lib/python3.12/site-packages/discord/client.py", line 465, in _run_event
    await coro(*args, **kwargs)
  File "/app/asu_discord/cogs/analytics.py", line 652, in on_member_update
    before_timeout = before.timed_out_until
                     ^^^^^^^^^^^^^^^^^^^^^^
AttributeError: 'Member' object has no attribute 'timed_out_until'
Ignoring exception in on_member_update
Traceback (most recent call last):
  File "/usr/local/lib/python3.12/site-packages/discord/client.py", line 465, in _run_event
    await coro(*args, **kwargs)
  File "/app/asu_discord/cogs/analytics.py", line 652, in on_member_update
    before_timeout = before.timed_out_until
                     ^^^^^^^^^^^^^^^^^^^^^^
AttributeError: 'Member' object has no attribute 'timed_out_until'
Ignoring exception in on_member_update
Traceback (most recent call last):
  File "/usr/local/lib/python3.12/site-packages/discord/client.py", line 465, in _run_event
    await coro(*args, **kwargs)
  File "/app/asu_discord/cogs/analytics.py", line 652, in on_member_update
    before_timeout = before.timed_out_until
                     ^^^^^^^^^^^^^^^^^^^^^^
AttributeError: 'Member' object has no attribute 'timed_out_until'
Ignoring exception in on_member_update
Traceback (most recent call last):
  File "/usr/local/lib/python3.12/site-packages/discord/client.py", line 465, in _run_event
    await coro(*args, **kwargs)
  File "/app/asu_discord/cogs/analytics.py", line 652, in on_member_update
    before_timeout = before.timed_out_until
                     ^^^^^^^^^^^^^^^^^^^^^^
AttributeError: 'Member' object has no attribute 'timed_out_until'
Ignoring exception in on_member_update
Traceback (most recent call last):
  File "/usr/local/lib/python3.12/site-packages/discord/client.py", line 465, in _run_event
    await coro(*args, **kwargs)
  File "/app/asu_discord/cogs/analytics.py", line 652, in on_member_update
    before_timeout = before.timed_out_until
                     ^^^^^^^^^^^^^^^^^^^^^^
AttributeError: 'Member' object has no attribute 'timed_out_until'
Ignoring exception in on_member_update
Traceback (most recent call last):
  File "/usr/local/lib/python3.12/site-packages/discord/client.py", line 465, in _run_event
    await coro(*args, **kwargs)
  File "/app/asu_discord/cogs/analytics.py", line 652, in on_member_update
    before_timeout = before.timed_out_until
                     ^^^^^^^^^^^^^^^^^^^^^^
AttributeError: 'Member' object has no attribute 'timed_out_until'
Ignoring exception in on_member_update
Traceback (most recent call last):
  File "/usr/local/lib/python3.12/site-packages/discord/client.py", line 465, in _run_event
    await coro(*args, **kwargs)
  File "/app/asu_discord/cogs/analytics.py", line 652, in on_member_update
    before_timeout = before.timed_out_until
                     ^^^^^^^^^^^^^^^^^^^^^^
AttributeError: 'Member' object has no attribute 'timed_out_until'
Ignoring exception in on_member_update
Traceback (most recent call last):
  File "/usr/local/lib/python3.12/site-packages/discord/client.py", line 465, in _run_event
    await coro(*args, **kwargs)
  File "/app/asu_discord/cogs/analytics.py", line 652, in on_member_update
    before_timeout = before.timed_out_until
                     ^^^^^^^^^^^^^^^^^^^^^^
AttributeError: 'Member' object has no attribute 'timed_out_until'
INFO:asu_discord.cogs.verification:Saved 5 roles to database for user rmallav1 (Discord ID: 738431421202300959)
INFO:asu_discord.cogs.verification:Refreshed Salesforce roles for Discord user 738431421202300959: -5/+5 roles, assigned=[Commited, First Year, International Student, Ira A. Fulton Schools of Engineering, Tempe]
Ignoring exception in on_member_update
Traceback (most recent call last):
  File "/usr/local/lib/python3.12/site-packages/discord/client.py", line 465, in _run_event
    await coro(*args, **kwargs)
  File "/app/asu_discord/cogs/analytics.py", line 652, in on_member_update
    before_timeout = before.timed_out_until
                     ^^^^^^^^^^^^^^^^^^^^^^
AttributeError: 'Member' object has no attribute 'timed_out_until'
Ignoring exception in on_member_update
Traceback (most recent call last):
  File "/usr/local/lib/python3.12/site-packages/discord/client.py", line 465, in _run_event
    await coro(*args, **kwargs)
  File "/app/asu_discord/cogs/analytics.py", line 652, in on_member_update
    before_timeout = before.timed_out_until
                     ^^^^^^^^^^^^^^^^^^^^^^
AttributeError: 'Member' object has no attribute 'timed_out_until'
Ignoring exception in on_member_update
Traceback (most recent call last):
  File "/usr/local/lib/python3.12/site-packages/discord/client.py", line 465, in _run_event
    await coro(*args, **kwargs)
  File "/app/asu_discord/cogs/analytics.py", line 652, in on_member_update
    before_timeout = before.timed_out_until
                     ^^^^^^^^^^^^^^^^^^^^^^
AttributeError: 'Member' object has no attribute 'timed_out_until'
Ignoring exception in on_member_update
Traceback (most recent call last):
  File "/usr/local/lib/python3.12/site-packages/discord/client.py", line 465, in _run_event
    await coro(*args, **kwargs)
  File "/app/asu_discord/cogs/analytics.py", line 652, in on_member_update
    before_timeout = before.timed_out_until
                     ^^^^^^^^^^^^^^^^^^^^^^
AttributeError: 'Member' object has no attribute 'timed_out_until'
Ignoring exception in on_member_update
Traceback (most recent call last):
  File "/usr/local/lib/python3.12/site-packages/discord/client.py", line 465, in _run_event
    await coro(*args, **kwargs)
  File "/app/asu_discord/cogs/analytics.py", line 652, in on_member_update
    before_timeout = before.timed_out_until
                     ^^^^^^^^^^^^^^^^^^^^^^
AttributeError: 'Member' object has no attribute 'timed_out_until'
Ignoring exception in on_member_update
Traceback (most recent call last):
  File "/usr/local/lib/python3.12/site-packages/discord/client.py", line 465, in _run_event
    await coro(*args, **kwargs)
  File "/app/asu_discord/cogs/analytics.py", line 652, in on_member_update
    before_timeout = before.timed_out_until
                     ^^^^^^^^^^^^^^^^^^^^^^
AttributeError: 'Member' object has no attribute 'timed_out_until'
Ignoring exception in on_member_update
Traceback (most recent call last):
  File "/usr/local/lib/python3.12/site-packages/discord/client.py", line 465, in _run_event
    await coro(*args, **kwargs)
  File "/app/asu_discord/cogs/analytics.py", line 652, in on_member_update
    before_timeout = before.timed_out_until
                     ^^^^^^^^^^^^^^^^^^^^^^
AttributeError: 'Member' object has no attribute 'timed_out_until'
Ignoring exception in on_member_update
Traceback (most recent call last):
  File "/usr/local/lib/python3.12/site-packages/discord/client.py", line 465, in _run_event
    await coro(*args, **kwargs)
  File "/app/asu_discord/cogs/analytics.py", line 652, in on_member_update
    before_timeout = before.timed_out_until
                     ^^^^^^^^^^^^^^^^^^^^^^
AttributeError: 'Member' object has no attribute 'timed_out_until'
INFO:asu_discord.cogs.verification:Saved 4 roles to database for user aaalza18 (Discord ID: 959312559884894209)
INFO:asu_discord.cogs.verification:Refreshed Salesforce roles for Discord user 959312559884894209: -4/+4 roles, assigned=[Graduate Student, International Student, W.P. Carey School of Business, West Valley]
Ignoring exception in on_member_update
Traceback (most recent call last):
  File "/usr/local/lib/python3.12/site-packages/discord/client.py", line 465, in _run_event
    await coro(*args, **kwargs)
  File "/app/asu_discord/cogs/analytics.py", line 652, in on_member_update
    before_timeout = before.timed_out_until
                     ^^^^^^^^^^^^^^^^^^^^^^
AttributeError: 'Member' object has no attribute 'timed_out_until'
Ignoring exception in on_member_update
Traceback (most recent call last):
  File "/usr/local/lib/python3.12/site-packages/discord/client.py", line 465, in _run_event
    await coro(*args, **kwargs)
  File "/app/asu_discord/cogs/analytics.py", line 652, in on_member_update
    before_timeout = before.timed_out_until
                     ^^^^^^^^^^^^^^^^^^^^^^
AttributeError: 'Member' object has no attribute 'timed_out_until'
Ignoring exception in on_member_update
Traceback (most recent call last):
  File "/usr/local/lib/python3.12/site-packages/discord/client.py", line 465, in _run_event
    await coro(*args, **kwargs)
  File "/app/asu_discord/cogs/analytics.py", line 652, in on_member_update
    before_timeout = before.timed_out_until
                     ^^^^^^^^^^^^^^^^^^^^^^
AttributeError: 'Member' object has no attribute 'timed_out_until'
Ignoring exception in on_member_update
Traceback (most recent call last):
  File "/usr/local/lib/python3.12/site-packages/discord/client.py", line 465, in _run_event
    await coro(*args, **kwargs)
  File "/app/asu_discord/cogs/analytics.py", line 652, in on_member_update
    before_timeout = before.timed_out_until
                     ^^^^^^^^^^^^^^^^^^^^^^
AttributeError: 'Member' object has no attribute 'timed_out_until'
Ignoring exception in on_member_update
Traceback (most recent call last):
  File "/usr/local/lib/python3.12/site-packages/discord/client.py", line 465, in _run_event
    await coro(*args, **kwargs)
  File "/app/asu_discord/cogs/analytics.py", line 652, in on_member_update
    before_timeout = before.timed_out_until
                     ^^^^^^^^^^^^^^^^^^^^^^
AttributeError: 'Member' object has no attribute 'timed_out_until'
Ignoring exception in on_member_update
Traceback (most recent call last):
  File "/usr/local/lib/python3.12/site-packages/discord/client.py", line 465, in _run_event
    await coro(*args, **kwargs)
  File "/app/asu_discord/cogs/analytics.py", line 652, in on_member_update
    before_timeout = before.timed_out_until
                     ^^^^^^^^^^^^^^^^^^^^^^
AttributeError: 'Member' object has no attribute 'timed_out_until'
Ignoring exception in on_member_update
Traceback (most recent call last):
  File "/usr/local/lib/python3.12/site-packages/discord/client.py", line 465, in _run_event
    await coro(*args, **kwargs)
  File "/app/asu_discord/cogs/analytics.py", line 652, in on_member_update
    before_timeout = before.timed_out_until
                     ^^^^^^^^^^^^^^^^^^^^^^
AttributeError: 'Member' object has no attribute 'timed_out_until'
Ignoring exception in on_member_update
Traceback (most recent call last):
  File "/usr/local/lib/python3.12/site-packages/discord/client.py", line 465, in _run_event
    await coro(*args, **kwargs)
  File "/app/asu_discord/cogs/analytics.py", line 652, in on_member_update
    before_timeout = before.timed_out_until
                     ^^^^^^^^^^^^^^^^^^^^^^
AttributeError: 'Member' object has no attribute 'timed_out_until'
Ignoring exception in on_member_update
Traceback (most recent call last):
  File "/usr/local/lib/python3.12/site-packages/discord/client.py", line 465, in _run_event
    await coro(*args, **kwargs)
  File "/app/asu_discord/cogs/analytics.py", line 652, in on_member_update
    before_timeout = before.timed_out_until
                     ^^^^^^^^^^^^^^^^^^^^^^
AttributeError: 'Member' object has no attribute 'timed_out_until'
Ignoring exception in on_member_update
Traceback (most recent call last):
  File "/usr/local/lib/python3.12/site-packages/discord/client.py", line 465, in _run_event
    await coro(*args, **kwargs)
  File "/app/asu_discord/cogs/analytics.py", line 652, in on_member_update
    before_timeout = before.timed_out_until
                     ^^^^^^^^^^^^^^^^^^^^^^
AttributeError: 'Member' object has no attribute 'timed_out_until'
INFO:asu_discord.cogs.verification:Saved 5 roles to database for user qbiter (Discord ID: 1221545676282921010)
INFO:asu_discord.cogs.verification:Refreshed Salesforce roles for Discord user 1221545676282921010: -5/+5 roles, assigned=[Arizona Resident, Commited, First Year, Mary Lou Fulton Teachers College, Tempe]
Ignoring exception in on_member_update
Traceback (most recent call last):
  File "/usr/local/lib/python3.12/site-packages/discord/client.py", line 465, in _run_event
    await coro(*args, **kwargs)
  File "/app/asu_discord/cogs/analytics.py", line 652, in on_member_update
    before_timeout = before.timed_out_until
                     ^^^^^^^^^^^^^^^^^^^^^^
AttributeError: 'Member' object has no attribute 'timed_out_until'
Ignoring exception in on_member_update
Traceback (most recent call last):
  File "/usr/local/lib/python3.12/site-packages/discord/client.py", line 465, in _run_event
    await coro(*args, **kwargs)
  File "/app/asu_discord/cogs/analytics.py", line 652, in on_member_update
    before_timeout = before.timed_out_until
                     ^^^^^^^^^^^^^^^^^^^^^^
AttributeError: 'Member' object has no attribute 'timed_out_until'
INFO:asu_discord.cogs.verification:Saved 1 roles to database for user scaligag (Discord ID: 833256087301783582)
INFO:asu_discord.cogs.verification:Refreshed Salesforce roles for Discord user 833256087301783582: -1/+1 roles, assigned=[Arizona Resident]
Ignoring exception in on_member_update
Traceback (most recent call last):
  File "/usr/local/lib/python3.12/site-packages/discord/client.py", line 465, in _run_event
    await coro(*args, **kwargs)
  File "/app/asu_discord/cogs/analytics.py", line 652, in on_member_update
    before_timeout = before.timed_out_until
                     ^^^^^^^^^^^^^^^^^^^^^^
AttributeError: 'Member' object has no attribute 'timed_out_until'
Ignoring exception in on_member_update
Traceback (most recent call last):
  File "/usr/local/lib/python3.12/site-packages/discord/client.py", line 465, in _run_event
    await coro(*args, **kwargs)
  File "/app/asu_discord/cogs/analytics.py", line 652, in on_member_update
    before_timeout = before.timed_out_until
                     ^^^^^^^^^^^^^^^^^^^^^^
AttributeError: 'Member' object has no attribute 'timed_out_until'
Ignoring exception in on_member_update
Traceback (most recent call last):
  File "/usr/local/lib/python3.12/site-packages/discord/client.py", line 465, in _run_event
    await coro(*args, **kwargs)
  File "/app/asu_discord/cogs/analytics.py", line 652, in on_member_update
    before_timeout = before.timed_out_until
                     ^^^^^^^^^^^^^^^^^^^^^^
AttributeError: 'Member' object has no attribute 'timed_out_until'
Ignoring exception in on_member_update
Traceback (most recent call last):
  File "/usr/local/lib/python3.12/site-packages/discord/client.py", line 465, in _run_event
    await coro(*args, **kwargs)
  File "/app/asu_discord/cogs/analytics.py", line 652, in on_member_update
    before_timeout = before.timed_out_until
                     ^^^^^^^^^^^^^^^^^^^^^^
AttributeError: 'Member' object has no attribute 'timed_out_until'
Ignoring exception in on_member_update
Traceback (most recent call last):
  File "/usr/local/lib/python3.12/site-packages/discord/client.py", line 465, in _run_event
    await coro(*args, **kwargs)
  File "/app/asu_discord/cogs/analytics.py", line 652, in on_member_update
    before_timeout = before.timed_out_until
                     ^^^^^^^^^^^^^^^^^^^^^^
AttributeError: 'Member' object has no attribute 'timed_out_until'
Ignoring exception in on_member_update
Traceback (most recent call last):
  File "/usr/local/lib/python3.12/site-packages/discord/client.py", line 465, in _run_event
    await coro(*args, **kwargs)
  File "/app/asu_discord/cogs/analytics.py", line 652, in on_member_update
    before_timeout = before.timed_out_until
                     ^^^^^^^^^^^^^^^^^^^^^^
AttributeError: 'Member' object has no attribute 'timed_out_until'
Ignoring exception in on_member_update
Traceback (most recent call last):
  File "/usr/local/lib/python3.12/site-packages/discord/client.py", line 465, in _run_event
    await coro(*args, **kwargs)
  File "/app/asu_discord/cogs/analytics.py", line 652, in on_member_update
    before_timeout = before.timed_out_until
                     ^^^^^^^^^^^^^^^^^^^^^^
AttributeError: 'Member' object has no attribute 'timed_out_until'
Ignoring exception in on_member_update
Traceback (most recent call last):
  File "/usr/local/lib/python3.12/site-packages/discord/client.py", line 465, in _run_event
    await coro(*args, **kwargs)
  File "/app/asu_discord/cogs/analytics.py", line 652, in on_member_update
    before_timeout = before.timed_out_until
                     ^^^^^^^^^^^^^^^^^^^^^^
AttributeError: 'Member' object has no attribute 'timed_out_until'
Ignoring exception in on_member_update
Traceback (most recent call last):
  File "/usr/local/lib/python3.12/site-packages/discord/client.py", line 465, in _run_event
    await coro(*args, **kwargs)
  File "/app/asu_discord/cogs/analytics.py", line 652, in on_member_update
    before_timeout = before.timed_out_until
                     ^^^^^^^^^^^^^^^^^^^^^^
AttributeError: 'Member' object has no attribute 'timed_out_until'
Ignoring exception in on_member_update
Traceback (most recent call last):
  File "/usr/local/lib/python3.12/site-packages/discord/client.py", line 465, in _run_event
    await coro(*args, **kwargs)
  File "/app/asu_discord/cogs/analytics.py", line 652, in on_member_update
    before_timeout = before.timed_out_until
                     ^^^^^^^^^^^^^^^^^^^^^^
AttributeError: 'Member' object has no attribute 'timed_out_until'
INFO:asu_discord.cogs.verification:Saved 5 roles to database for user blobrie6 (Discord ID: 864293809085087764)
INFO:asu_discord.cogs.verification:Refreshed Salesforce roles for Discord user 864293809085087764: -5/+5 roles, assigned=[Arizona Resident, Commited, First Year, Tempe, W.P. Carey School of Business]
Ignoring exception in on_member_update
Traceback (most recent call last):
  File "/usr/local/lib/python3.12/site-packages/discord/client.py", line 465, in _run_event
    await coro(*args, **kwargs)
  File "/app/asu_discord/cogs/analytics.py", line 652, in on_member_update
    before_timeout = before.timed_out_until
                     ^^^^^^^^^^^^^^^^^^^^^^
AttributeError: 'Member' object has no attribute 'timed_out_until'
Ignoring exception in on_member_update
Traceback (most recent call last):
  File "/usr/local/lib/python3.12/site-packages/discord/client.py", line 465, in _run_event
    await coro(*args, **kwargs)
  File "/app/asu_discord/cogs/analytics.py", line 652, in on_member_update
    before_timeout = before.timed_out_until
                     ^^^^^^^^^^^^^^^^^^^^^^
AttributeError: 'Member' object has no attribute 'timed_out_until'
Ignoring exception in on_member_update
Traceback (most recent call last):
  File "/usr/local/lib/python3.12/site-packages/discord/client.py", line 465, in _run_event
    await coro(*args, **kwargs)
  File "/app/asu_discord/cogs/analytics.py", line 652, in on_member_update
    before_timeout = before.timed_out_until
                     ^^^^^^^^^^^^^^^^^^^^^^
AttributeError: 'Member' object has no attribute 'timed_out_until'
Ignoring exception in on_member_update
Traceback (most recent call last):
  File "/usr/local/lib/python3.12/site-packages/discord/client.py", line 465, in _run_event
    await coro(*args, **kwargs)
  File "/app/asu_discord/cogs/analytics.py", line 652, in on_member_update
    before_timeout = before.timed_out_until
                     ^^^^^^^^^^^^^^^^^^^^^^
AttributeError: 'Member' object has no attribute 'timed_out_until'
Ignoring exception in on_member_update
Traceback (most recent call last):
  File "/usr/local/lib/python3.12/site-packages/discord/client.py", line 465, in _run_event
    await coro(*args, **kwargs)
  File "/app/asu_discord/cogs/analytics.py", line 652, in on_member_update
    before_timeout = before.timed_out_until
                     ^^^^^^^^^^^^^^^^^^^^^^
AttributeError: 'Member' object has no attribute 'timed_out_until'
Ignoring exception in on_member_update
Traceback (most recent call last):
  File "/usr/local/lib/python3.12/site-packages/discord/client.py", line 465, in _run_event
    await coro(*args, **kwargs)
  File "/app/asu_discord/cogs/analytics.py", line 652, in on_member_update
    before_timeout = before.timed_out_until
                     ^^^^^^^^^^^^^^^^^^^^^^
AttributeError: 'Member' object has no attribute 'timed_out_until'
Ignoring exception in on_member_update
Traceback (most recent call last):
  File "/usr/local/lib/python3.12/site-packages/discord/client.py", line 465, in _run_event
    await coro(*args, **kwargs)
  File "/app/asu_discord/cogs/analytics.py", line 652, in on_member_update
    before_timeout = before.timed_out_until
                     ^^^^^^^^^^^^^^^^^^^^^^
AttributeError: 'Member' object has no attribute 'timed_out_until'
Ignoring exception in on_member_update
Traceback (most recent call last):
  File "/usr/local/lib/python3.12/site-packages/discord/client.py", line 465, in _run_event
    await coro(*args, **kwargs)
  File "/app/asu_discord/cogs/analytics.py", line 652, in on_member_update
    before_timeout = before.timed_out_until
                     ^^^^^^^^^^^^^^^^^^^^^^
AttributeError: 'Member' object has no attribute 'timed_out_until'
Ignoring exception in on_member_update
Traceback (most recent call last):
  File "/usr/local/lib/python3.12/site-packages/discord/client.py", line 465, in _run_event
    await coro(*args, **kwargs)
  File "/app/asu_discord/cogs/analytics.py", line 652, in on_member_update
    before_timeout = before.timed_out_until
                     ^^^^^^^^^^^^^^^^^^^^^^
AttributeError: 'Member' object has no attribute 'timed_out_until'
Ignoring exception in on_member_update
Traceback (most recent call last):
  File "/usr/local/lib/python3.12/site-packages/discord/client.py", line 465, in _run_event
    await coro(*args, **kwargs)
  File "/app/asu_discord/cogs/analytics.py", line 652, in on_member_update
    before_timeout = before.timed_out_until
                     ^^^^^^^^^^^^^^^^^^^^^^
AttributeError: 'Member' object has no attribute 'timed_out_until'
INFO:asu_discord.cogs.verification:Saved 5 roles to database for user bkcough1 (Discord ID: 563149910367797260)
INFO:asu_discord.cogs.verification:Refreshed Salesforce roles for Discord user 563149910367797260: -5/+5 roles, assigned=[Commited, First Year, Ira A. Fulton Schools of Engineering, Out of State, Polytechnic]
Ignoring exception in on_member_update
Traceback (most recent call last):
  File "/usr/local/lib/python3.12/site-packages/discord/client.py", line 465, in _run_event
    await coro(*args, **kwargs)
  File "/app/asu_discord/cogs/analytics.py", line 652, in on_member_update
    before_timeout = before.timed_out_until
                     ^^^^^^^^^^^^^^^^^^^^^^
AttributeError: 'Member' object has no attribute 'timed_out_until'
Ignoring exception in on_member_update
Traceback (most recent call last):
  File "/usr/local/lib/python3.12/site-packages/discord/client.py", line 465, in _run_event
    await coro(*args, **kwargs)
  File "/app/asu_discord/cogs/analytics.py", line 652, in on_member_update
    before_timeout = before.timed_out_until
                     ^^^^^^^^^^^^^^^^^^^^^^
AttributeError: 'Member' object has no attribute 'timed_out_until'
Ignoring exception in on_member_update
Traceback (most recent call last):
  File "/usr/local/lib/python3.12/site-packages/discord/client.py", line 465, in _run_event
    await coro(*args, **kwargs)
  File "/app/asu_discord/cogs/analytics.py", line 652, in on_member_update
    before_timeout = before.timed_out_until
                     ^^^^^^^^^^^^^^^^^^^^^^
AttributeError: 'Member' object has no attribute 'timed_out_until'
Ignoring exception in on_member_update
Traceback (most recent call last):
  File "/usr/local/lib/python3.12/site-packages/discord/client.py", line 465, in _run_event
    await coro(*args, **kwargs)
  File "/app/asu_discord/cogs/analytics.py", line 652, in on_member_update
    before_timeout = before.timed_out_until
                     ^^^^^^^^^^^^^^^^^^^^^^
AttributeError: 'Member' object has no attribute 'timed_out_until'
Ignoring exception in on_member_update
Traceback (most recent call last):
  File "/usr/local/lib/python3.12/site-packages/discord/client.py", line 465, in _run_event
    await coro(*args, **kwargs)
  File "/app/asu_discord/cogs/analytics.py", line 652, in on_member_update
    before_timeout = before.timed_out_until
                     ^^^^^^^^^^^^^^^^^^^^^^
AttributeError: 'Member' object has no attribute 'timed_out_until'
Ignoring exception in on_member_update
Traceback (most recent call last):
  File "/usr/local/lib/python3.12/site-packages/discord/client.py", line 465, in _run_event
    await coro(*args, **kwargs)
  File "/app/asu_discord/cogs/analytics.py", line 652, in on_member_update
    before_timeout = before.timed_out_until
                     ^^^^^^^^^^^^^^^^^^^^^^
AttributeError: 'Member' object has no attribute 'timed_out_until'
Ignoring exception in on_member_update
Traceback (most recent call last):
  File "/usr/local/lib/python3.12/site-packages/discord/client.py", line 465, in _run_event
    await coro(*args, **kwargs)
  File "/app/asu_discord/cogs/analytics.py", line 652, in on_member_update
    before_timeout = before.timed_out_until
                     ^^^^^^^^^^^^^^^^^^^^^^
AttributeError: 'Member' object has no attribute 'timed_out_until'
Ignoring exception in on_member_update
Traceback (most recent call last):
  File "/usr/local/lib/python3.12/site-packages/discord/client.py", line 465, in _run_event
    await coro(*args, **kwargs)
  File "/app/asu_discord/cogs/analytics.py", line 652, in on_member_update
    before_timeout = before.timed_out_until
                     ^^^^^^^^^^^^^^^^^^^^^^
AttributeError: 'Member' object has no attribute 'timed_out_until'
Ignoring exception in on_member_update
Traceback (most recent call last):
  File "/usr/local/lib/python3.12/site-packages/discord/client.py", line 465, in _run_event
    await coro(*args, **kwargs)
  File "/app/asu_discord/cogs/analytics.py", line 652, in on_member_update
    before_timeout = before.timed_out_until
                     ^^^^^^^^^^^^^^^^^^^^^^
AttributeError: 'Member' object has no attribute 'timed_out_until'
Ignoring exception in on_member_update
Traceback (most recent call last):
  File "/usr/local/lib/python3.12/site-packages/discord/client.py", line 465, in _run_event
    await coro(*args, **kwargs)
  File "/app/asu_discord/cogs/analytics.py", line 652, in on_member_update
    before_timeout = before.timed_out_until
                     ^^^^^^^^^^^^^^^^^^^^^^
AttributeError: 'Member' object has no attribute 'timed_out_until'
Ignoring exception in on_member_update
Traceback (most recent call last):
  File "/usr/local/lib/python3.12/site-packages/discord/client.py", line 465, in _run_event
    await coro(*args, **kwargs)
  File "/app/asu_discord/cogs/analytics.py", line 652, in on_member_update
    before_timeout = before.timed_out_until
                     ^^^^^^^^^^^^^^^^^^^^^^
AttributeError: 'Member' object has no attribute 'timed_out_until'
Ignoring exception in on_member_update
Traceback (most recent call last):
  File "/usr/local/lib/python3.12/site-packages/discord/client.py", line 465, in _run_event
    await coro(*args, **kwargs)
  File "/app/asu_discord/cogs/analytics.py", line 652, in on_member_update
    before_timeout = before.timed_out_until
                     ^^^^^^^^^^^^^^^^^^^^^^
AttributeError: 'Member' object has no attribute 'timed_out_until'
INFO:asu_discord.cogs.verification:Saved 6 roles to database for user ssyahril (Discord ID: 1134464863524102245)
INFO:asu_discord.cogs.verification:Refreshed Salesforce roles for Discord user 1134464863524102245: -6/+6 roles, assigned=[Commited, Downtown Phoenix, First Generation Student, Graduate Student, International Student, Watts College of Public Service and Community Solutions]
Ignoring exception in on_member_update
Traceback (most recent call last):
  File "/usr/local/lib/python3.12/site-packages/discord/client.py", line 465, in _run_event
    await coro(*args, **kwargs)
  File "/app/asu_discord/cogs/analytics.py", line 652, in on_member_update
    before_timeout = before.timed_out_until
                     ^^^^^^^^^^^^^^^^^^^^^^
AttributeError: 'Member' object has no attribute 'timed_out_until'
Ignoring exception in on_member_update
Traceback (most recent call last):
  File "/usr/local/lib/python3.12/site-packages/discord/client.py", line 465, in _run_event
    await coro(*args, **kwargs)
  File "/app/asu_discord/cogs/analytics.py", line 652, in on_member_update
    before_timeout = before.timed_out_until
                     ^^^^^^^^^^^^^^^^^^^^^^
AttributeError: 'Member' object has no attribute 'timed_out_until'
Ignoring exception in on_member_update
Traceback (most recent call last):
  File "/usr/local/lib/python3.12/site-packages/discord/client.py", line 465, in _run_event
    await coro(*args, **kwargs)
  File "/app/asu_discord/cogs/analytics.py", line 652, in on_member_update
    before_timeout = before.timed_out_until
                     ^^^^^^^^^^^^^^^^^^^^^^
AttributeError: 'Member' object has no attribute 'timed_out_until'
Ignoring exception in on_member_update
Traceback (most recent call last):
  File "/usr/local/lib/python3.12/site-packages/discord/client.py", line 465, in _run_event
    await coro(*args, **kwargs)
  File "/app/asu_discord/cogs/analytics.py", line 652, in on_member_update
    before_timeout = before.timed_out_until
                     ^^^^^^^^^^^^^^^^^^^^^^
AttributeError: 'Member' object has no attribute 'timed_out_until'
Ignoring exception in on_member_update
Traceback (most recent call last):
  File "/usr/local/lib/python3.12/site-packages/discord/client.py", line 465, in _run_event
    await coro(*args, **kwargs)
  File "/app/asu_discord/cogs/analytics.py", line 652, in on_member_update
    before_timeout = before.timed_out_until
                     ^^^^^^^^^^^^^^^^^^^^^^
AttributeError: 'Member' object has no attribute 'timed_out_until'
Ignoring exception in on_member_update
Traceback (most recent call last):
  File "/usr/local/lib/python3.12/site-packages/discord/client.py", line 465, in _run_event
    await coro(*args, **kwargs)
  File "/app/asu_discord/cogs/analytics.py", line 652, in on_member_update
    before_timeout = before.timed_out_until
                     ^^^^^^^^^^^^^^^^^^^^^^
AttributeError: 'Member' object has no attribute 'timed_out_until'
Ignoring exception in on_member_update
Traceback (most recent call last):
  File "/usr/local/lib/python3.12/site-packages/discord/client.py", line 465, in _run_event
    await coro(*args, **kwargs)
  File "/app/asu_discord/cogs/analytics.py", line 652, in on_member_update
    before_timeout = before.timed_out_until
                     ^^^^^^^^^^^^^^^^^^^^^^
AttributeError: 'Member' object has no attribute 'timed_out_until'
Ignoring exception in on_member_update
Traceback (most recent call last):
  File "/usr/local/lib/python3.12/site-packages/discord/client.py", line 465, in _run_event
    await coro(*args, **kwargs)
  File "/app/asu_discord/cogs/analytics.py", line 652, in on_member_update
    before_timeout = before.timed_out_until
                     ^^^^^^^^^^^^^^^^^^^^^^
AttributeError: 'Member' object has no attribute 'timed_out_until'
Ignoring exception in on_member_update
Traceback (most recent call last):
  File "/usr/local/lib/python3.12/site-packages/discord/client.py", line 465, in _run_event
    await coro(*args, **kwargs)
  File "/app/asu_discord/cogs/analytics.py", line 652, in on_member_update
    before_timeout = before.timed_out_until
                     ^^^^^^^^^^^^^^^^^^^^^^
AttributeError: 'Member' object has no attribute 'timed_out_until'
Ignoring exception in on_member_update
Traceback (most recent call last):
  File "/usr/local/lib/python3.12/site-packages/discord/client.py", line 465, in _run_event
    await coro(*args, **kwargs)
  File "/app/asu_discord/cogs/analytics.py", line 652, in on_member_update
    before_timeout = before.timed_out_until
                     ^^^^^^^^^^^^^^^^^^^^^^
AttributeError: 'Member' object has no attribute 'timed_out_until'
Ignoring exception in on_member_update
Traceback (most recent call last):
  File "/usr/local/lib/python3.12/site-packages/discord/client.py", line 465, in _run_event
    await coro(*args, **kwargs)
  File "/app/asu_discord/cogs/analytics.py", line 652, in on_member_update
    before_timeout = before.timed_out_until
                     ^^^^^^^^^^^^^^^^^^^^^^
AttributeError: 'Member' object has no attribute 'timed_out_until'
Ignoring exception in on_member_update
Traceback (most recent call last):
  File "/usr/local/lib/python3.12/site-packages/discord/client.py", line 465, in _run_event
    await coro(*args, **kwargs)
  File "/app/asu_discord/cogs/analytics.py", line 652, in on_member_update
    before_timeout = before.timed_out_until
                     ^^^^^^^^^^^^^^^^^^^^^^
AttributeError: 'Member' object has no attribute 'timed_out_until'
INFO:asu_discord.cogs.verification:Saved 6 roles to database for user cjsanc27 (Discord ID: 1095543224904470559)
INFO:asu_discord.cogs.verification:Refreshed Salesforce roles for Discord user 1095543224904470559: -6/+6 roles, assigned=[College of Liberal Arts and Sciences, Commited, First Generation Student, Out of State, Tempe, Transfer Student]
Ignoring exception in on_member_update
Traceback (most recent call last):
  File "/usr/local/lib/python3.12/site-packages/discord/client.py", line 465, in _run_event
    await coro(*args, **kwargs)
  File "/app/asu_discord/cogs/analytics.py", line 652, in on_member_update
    before_timeout = before.timed_out_until
                     ^^^^^^^^^^^^^^^^^^^^^^
AttributeError: 'Member' object has no attribute 'timed_out_until'
Ignoring exception in on_member_update
Traceback (most recent call last):
  File "/usr/local/lib/python3.12/site-packages/discord/client.py", line 465, in _run_event
    await coro(*args, **kwargs)
  File "/app/asu_discord/cogs/analytics.py", line 652, in on_member_update
    before_timeout = before.timed_out_until
                     ^^^^^^^^^^^^^^^^^^^^^^
AttributeError: 'Member' object has no attribute 'timed_out_until'
Ignoring exception in on_member_update
Traceback (most recent call last):
  File "/usr/local/lib/python3.12/site-packages/discord/client.py", line 465, in _run_event
    await coro(*args, **kwargs)
  File "/app/asu_discord/cogs/analytics.py", line 652, in on_member_update
    before_timeout = before.timed_out_until
                     ^^^^^^^^^^^^^^^^^^^^^^
AttributeError: 'Member' object has no attribute 'timed_out_until'
Ignoring exception in on_member_update
Traceback (most recent call last):
  File "/usr/local/lib/python3.12/site-packages/discord/client.py", line 465, in _run_event
    await coro(*args, **kwargs)
  File "/app/asu_discord/cogs/analytics.py", line 652, in on_member_update
    before_timeout = before.timed_out_until
                     ^^^^^^^^^^^^^^^^^^^^^^
AttributeError: 'Member' object has no attribute 'timed_out_until'
Ignoring exception in on_member_update
Traceback (most recent call last):
  File "/usr/local/lib/python3.12/site-packages/discord/client.py", line 465, in _run_event
    await coro(*args, **kwargs)
  File "/app/asu_discord/cogs/analytics.py", line 652, in on_member_update
    before_timeout = before.timed_out_until
                     ^^^^^^^^^^^^^^^^^^^^^^
AttributeError: 'Member' object has no attribute 'timed_out_until'
Ignoring exception in on_member_update
Traceback (most recent call last):
  File "/usr/local/lib/python3.12/site-packages/discord/client.py", line 465, in _run_event
    await coro(*args, **kwargs)
  File "/app/asu_discord/cogs/analytics.py", line 652, in on_member_update
    before_timeout = before.timed_out_until
                     ^^^^^^^^^^^^^^^^^^^^^^
AttributeError: 'Member' object has no attribute 'timed_out_until'
Ignoring exception in on_member_update
Traceback (most recent call last):
  File "/usr/local/lib/python3.12/site-packages/discord/client.py", line 465, in _run_event
    await coro(*args, **kwargs)
  File "/app/asu_discord/cogs/analytics.py", line 652, in on_member_update
    before_timeout = before.timed_out_until
                     ^^^^^^^^^^^^^^^^^^^^^^
AttributeError: 'Member' object has no attribute 'timed_out_until'
Ignoring exception in on_member_update
Traceback (most recent call last):
  File "/usr/local/lib/python3.12/site-packages/discord/client.py", line 465, in _run_event
    await coro(*args, **kwargs)
  File "/app/asu_discord/cogs/analytics.py", line 652, in on_member_update
    before_timeout = before.timed_out_until
                     ^^^^^^^^^^^^^^^^^^^^^^
AttributeError: 'Member' object has no attribute 'timed_out_until'
Ignoring exception in on_member_update
Traceback (most recent call last):
  File "/usr/local/lib/python3.12/site-packages/discord/client.py", line 465, in _run_event
    await coro(*args, **kwargs)
  File "/app/asu_discord/cogs/analytics.py", line 652, in on_member_update
    before_timeout = before.timed_out_until
                     ^^^^^^^^^^^^^^^^^^^^^^
AttributeError: 'Member' object has no attribute 'timed_out_until'
Ignoring exception in on_member_update
Traceback (most recent call last):
  File "/usr/local/lib/python3.12/site-packages/discord/client.py", line 465, in _run_event
    await coro(*args, **kwargs)
  File "/app/asu_discord/cogs/analytics.py", line 652, in on_member_update
    before_timeout = before.timed_out_until
                     ^^^^^^^^^^^^^^^^^^^^^^
AttributeError: 'Member' object has no attribute 'timed_out_until'
INFO:asu_discord.cogs.verification:Saved 5 roles to database for user cschoel1 (Discord ID: 1323256331787829291)
INFO:asu_discord.cogs.verification:Refreshed Salesforce roles for Discord user 1323256331787829291: -5/+5 roles, assigned=[Commited, First Year, Ira A. Fulton Schools of Engineering, Out of State, Tempe]
Ignoring exception in on_member_update
Traceback (most recent call last):
  File "/usr/local/lib/python3.12/site-packages/discord/client.py", line 465, in _run_event
    await coro(*args, **kwargs)
  File "/app/asu_discord/cogs/analytics.py", line 652, in on_member_update
    before_timeout = before.timed_out_until
                     ^^^^^^^^^^^^^^^^^^^^^^
AttributeError: 'Member' object has no attribute 'timed_out_until'
Ignoring exception in on_member_update
Traceback (most recent call last):
  File "/usr/local/lib/python3.12/site-packages/discord/client.py", line 465, in _run_event
    await coro(*args, **kwargs)
  File "/app/asu_discord/cogs/analytics.py", line 652, in on_member_update
    before_timeout = before.timed_out_until
                     ^^^^^^^^^^^^^^^^^^^^^^
AttributeError: 'Member' object has no attribute 'timed_out_until'
Ignoring exception in on_member_update
Traceback (most recent call last):
  File "/usr/local/lib/python3.12/site-packages/discord/client.py", line 465, in _run_event
    await coro(*args, **kwargs)
  File "/app/asu_discord/cogs/analytics.py", line 652, in on_member_update
    before_timeout = before.timed_out_until
                     ^^^^^^^^^^^^^^^^^^^^^^
AttributeError: 'Member' object has no attribute 'timed_out_until'
Ignoring exception in on_member_update
Traceback (most recent call last):
  File "/usr/local/lib/python3.12/site-packages/discord/client.py", line 465, in _run_event
    await coro(*args, **kwargs)
  File "/app/asu_discord/cogs/analytics.py", line 652, in on_member_update
    before_timeout = before.timed_out_until
                     ^^^^^^^^^^^^^^^^^^^^^^
AttributeError: 'Member' object has no attribute 'timed_out_until'
Ignoring exception in on_member_update
Traceback (most recent call last):
  File "/usr/local/lib/python3.12/site-packages/discord/client.py", line 465, in _run_event
    await coro(*args, **kwargs)
  File "/app/asu_discord/cogs/analytics.py", line 652, in on_member_update
    before_timeout = before.timed_out_until
                     ^^^^^^^^^^^^^^^^^^^^^^
AttributeError: 'Member' object has no attribute 'timed_out_until'
Ignoring exception in on_member_update
Traceback (most recent call last):
  File "/usr/local/lib/python3.12/site-packages/discord/client.py", line 465, in _run_event
    await coro(*args, **kwargs)
  File "/app/asu_discord/cogs/analytics.py", line 652, in on_member_update
    before_timeout = before.timed_out_until
                     ^^^^^^^^^^^^^^^^^^^^^^
AttributeError: 'Member' object has no attribute 'timed_out_until'
Ignoring exception in on_member_update
Traceback (most recent call last):
  File "/usr/local/lib/python3.12/site-packages/discord/client.py", line 465, in _run_event
    await coro(*args, **kwargs)
  File "/app/asu_discord/cogs/analytics.py", line 652, in on_member_update
    before_timeout = before.timed_out_until
                     ^^^^^^^^^^^^^^^^^^^^^^
AttributeError: 'Member' object has no attribute 'timed_out_until'
Ignoring exception in on_member_update
Traceback (most recent call last):
  File "/usr/local/lib/python3.12/site-packages/discord/client.py", line 465, in _run_event
    await coro(*args, **kwargs)
  File "/app/asu_discord/cogs/analytics.py", line 652, in on_member_update
    before_timeout = before.timed_out_until
                     ^^^^^^^^^^^^^^^^^^^^^^
AttributeError: 'Member' object has no attribute 'timed_out_until'
Ignoring exception in on_member_update
Traceback (most recent call last):
  File "/usr/local/lib/python3.12/site-packages/discord/client.py", line 465, in _run_event
    await coro(*args, **kwargs)
  File "/app/asu_discord/cogs/analytics.py", line 652, in on_member_update
    before_timeout = before.timed_out_until
                     ^^^^^^^^^^^^^^^^^^^^^^
AttributeError: 'Member' object has no attribute 'timed_out_until'
Ignoring exception in on_member_update
Traceback (most recent call last):
  File "/usr/local/lib/python3.12/site-packages/discord/client.py", line 465, in _run_event
    await coro(*args, **kwargs)
  File "/app/asu_discord/cogs/analytics.py", line 652, in on_member_update
    before_timeout = before.timed_out_until
                     ^^^^^^^^^^^^^^^^^^^^^^
AttributeError: 'Member' object has no attribute 'timed_out_until'
INFO:asu_discord.cogs.verification:Saved 5 roles to database for user bmcgui15 (Discord ID: 463327890054840322)
INFO:asu_discord.cogs.verification:Refreshed Salesforce roles for Discord user 463327890054840322: -5/+5 roles, assigned=[Arizona Resident, Commited, Edson College of Nursing and Health Innovation, Transfer Student, West Valley]
Ignoring exception in on_member_update
Traceback (most recent call last):
  File "/usr/local/lib/python3.12/site-packages/discord/client.py", line 465, in _run_event
    await coro(*args, **kwargs)
  File "/app/asu_discord/cogs/analytics.py", line 652, in on_member_update
    before_timeout = before.timed_out_until
                     ^^^^^^^^^^^^^^^^^^^^^^
AttributeError: 'Member' object has no attribute 'timed_out_until'
Ignoring exception in on_member_update
Traceback (most recent call last):
  File "/usr/local/lib/python3.12/site-packages/discord/client.py", line 465, in _run_event
    await coro(*args, **kwargs)
  File "/app/asu_discord/cogs/analytics.py", line 652, in on_member_update
    before_timeout = before.timed_out_until
                     ^^^^^^^^^^^^^^^^^^^^^^
AttributeError: 'Member' object has no attribute 'timed_out_until'
Ignoring exception in on_member_update
Traceback (most recent call last):
  File "/usr/local/lib/python3.12/site-packages/discord/client.py", line 465, in _run_event
    await coro(*args, **kwargs)
  File "/app/asu_discord/cogs/analytics.py", line 652, in on_member_update
    before_timeout = before.timed_out_until
                     ^^^^^^^^^^^^^^^^^^^^^^
AttributeError: 'Member' object has no attribute 'timed_out_until'
Ignoring exception in on_member_update
Traceback (most recent call last):
  File "/usr/local/lib/python3.12/site-packages/discord/client.py", line 465, in _run_event
    await coro(*args, **kwargs)
  File "/app/asu_discord/cogs/analytics.py", line 652, in on_member_update
    before_timeout = before.timed_out_until
                     ^^^^^^^^^^^^^^^^^^^^^^
AttributeError: 'Member' object has no attribute 'timed_out_until'
Ignoring exception in on_member_update
Traceback (most recent call last):
  File "/usr/local/lib/python3.12/site-packages/discord/client.py", line 465, in _run_event
    await coro(*args, **kwargs)
  File "/app/asu_discord/cogs/analytics.py", line 652, in on_member_update
    before_timeout = before.timed_out_until
                     ^^^^^^^^^^^^^^^^^^^^^^
AttributeError: 'Member' object has no attribute 'timed_out_until'
Ignoring exception in on_member_update
Traceback (most recent call last):
  File "/usr/local/lib/python3.12/site-packages/discord/client.py", line 465, in _run_event
    await coro(*args, **kwargs)
  File "/app/asu_discord/cogs/analytics.py", line 652, in on_member_update
    before_timeout = before.timed_out_until
                     ^^^^^^^^^^^^^^^^^^^^^^
AttributeError: 'Member' object has no attribute 'timed_out_until'
Ignoring exception in on_member_update
Traceback (most recent call last):
  File "/usr/local/lib/python3.12/site-packages/discord/client.py", line 465, in _run_event
    await coro(*args, **kwargs)
  File "/app/asu_discord/cogs/analytics.py", line 652, in on_member_update
    before_timeout = before.timed_out_until
                     ^^^^^^^^^^^^^^^^^^^^^^
AttributeError: 'Member' object has no attribute 'timed_out_until'
Ignoring exception in on_member_update
Traceback (most recent call last):
  File "/usr/local/lib/python3.12/site-packages/discord/client.py", line 465, in _run_event
    await coro(*args, **kwargs)
  File "/app/asu_discord/cogs/analytics.py", line 652, in on_member_update
    before_timeout = before.timed_out_until
                     ^^^^^^^^^^^^^^^^^^^^^^
AttributeError: 'Member' object has no attribute 'timed_out_until'
Ignoring exception in on_member_update
Traceback (most recent call last):
  File "/usr/local/lib/python3.12/site-packages/discord/client.py", line 465, in _run_event
    await coro(*args, **kwargs)
  File "/app/asu_discord/cogs/analytics.py", line 652, in on_member_update
    before_timeout = before.timed_out_until
                     ^^^^^^^^^^^^^^^^^^^^^^
AttributeError: 'Member' object has no attribute 'timed_out_until'
Ignoring exception in on_member_update
Traceback (most recent call last):
  File "/usr/local/lib/python3.12/site-packages/discord/client.py", line 465, in _run_event
    await coro(*args, **kwargs)
  File "/app/asu_discord/cogs/analytics.py", line 652, in on_member_update
    before_timeout = before.timed_out_until
                     ^^^^^^^^^^^^^^^^^^^^^^
AttributeError: 'Member' object has no attribute 'timed_out_until'
INFO:asu_discord.cogs.verification:Saved 5 roles to database for user bwill262 (Discord ID: 560564437858254848)
INFO:asu_discord.cogs.verification:Refreshed Salesforce roles for Discord user 560564437858254848: -5/+5 roles, assigned=[Arizona Resident, Commited, First Year, Ira A. Fulton Schools of Engineering, Tempe]
Ignoring exception in on_member_update
Traceback (most recent call last):
  File "/usr/local/lib/python3.12/site-packages/discord/client.py", line 465, in _run_event
    await coro(*args, **kwargs)
  File "/app/asu_discord/cogs/analytics.py", line 652, in on_member_update
    before_timeout = before.timed_out_until
                     ^^^^^^^^^^^^^^^^^^^^^^
AttributeError: 'Member' object has no attribute 'timed_out_until'
Ignoring exception in on_member_update
Traceback (most recent call last):
  File "/usr/local/lib/python3.12/site-packages/discord/client.py", line 465, in _run_event
    await coro(*args, **kwargs)
  File "/app/asu_discord/cogs/analytics.py", line 652, in on_member_update
    before_timeout = before.timed_out_until
                     ^^^^^^^^^^^^^^^^^^^^^^
AttributeError: 'Member' object has no attribute 'timed_out_until'
Ignoring exception in on_member_update
Traceback (most recent call last):
  File "/usr/local/lib/python3.12/site-packages/discord/client.py", line 465, in _run_event
    await coro(*args, **kwargs)
  File "/app/asu_discord/cogs/analytics.py", line 652, in on_member_update
    before_timeout = before.timed_out_until
                     ^^^^^^^^^^^^^^^^^^^^^^
AttributeError: 'Member' object has no attribute 'timed_out_until'
Ignoring exception in on_member_update
Traceback (most recent call last):
  File "/usr/local/lib/python3.12/site-packages/discord/client.py", line 465, in _run_event
    await coro(*args, **kwargs)
  File "/app/asu_discord/cogs/analytics.py", line 652, in on_member_update
    before_timeout = before.timed_out_until
                     ^^^^^^^^^^^^^^^^^^^^^^
AttributeError: 'Member' object has no attribute 'timed_out_until'
Ignoring exception in on_member_update
Traceback (most recent call last):
  File "/usr/local/lib/python3.12/site-packages/discord/client.py", line 465, in _run_event
    await coro(*args, **kwargs)
  File "/app/asu_discord/cogs/analytics.py", line 652, in on_member_update
    before_timeout = before.timed_out_until
                     ^^^^^^^^^^^^^^^^^^^^^^
AttributeError: 'Member' object has no attribute 'timed_out_until'
Ignoring exception in on_member_update
Traceback (most recent call last):
  File "/usr/local/lib/python3.12/site-packages/discord/client.py", line 465, in _run_event
    await coro(*args, **kwargs)
  File "/app/asu_discord/cogs/analytics.py", line 652, in on_member_update
    before_timeout = before.timed_out_until
                     ^^^^^^^^^^^^^^^^^^^^^^
AttributeError: 'Member' object has no attribute 'timed_out_until'
Ignoring exception in on_member_update
Traceback (most recent call last):
  File "/usr/local/lib/python3.12/site-packages/discord/client.py", line 465, in _run_event
    await coro(*args, **kwargs)
  File "/app/asu_discord/cogs/analytics.py", line 652, in on_member_update
    before_timeout = before.timed_out_until
                     ^^^^^^^^^^^^^^^^^^^^^^
AttributeError: 'Member' object has no attribute 'timed_out_until'
Ignoring exception in on_member_update
Traceback (most recent call last):
  File "/usr/local/lib/python3.12/site-packages/discord/client.py", line 465, in _run_event
    await coro(*args, **kwargs)
  File "/app/asu_discord/cogs/analytics.py", line 652, in on_member_update
    before_timeout = before.timed_out_until
                     ^^^^^^^^^^^^^^^^^^^^^^
AttributeError: 'Member' object has no attribute 'timed_out_until'
Ignoring exception in on_member_update
Traceback (most recent call last):
  File "/usr/local/lib/python3.12/site-packages/discord/client.py", line 465, in _run_event
    await coro(*args, **kwargs)
  File "/app/asu_discord/cogs/analytics.py", line 652, in on_member_update
    before_timeout = before.timed_out_until
                     ^^^^^^^^^^^^^^^^^^^^^^
AttributeError: 'Member' object has no attribute 'timed_out_until'
Ignoring exception in on_member_update
Traceback (most recent call last):
  File "/usr/local/lib/python3.12/site-packages/discord/client.py", line 465, in _run_event
    await coro(*args, **kwargs)
  File "/app/asu_discord/cogs/analytics.py", line 652, in on_member_update
    before_timeout = before.timed_out_until
                     ^^^^^^^^^^^^^^^^^^^^^^
AttributeError: 'Member' object has no attribute 'timed_out_until'
INFO:asu_discord.cogs.verification:Saved 5 roles to database for user gzkirsch (Discord ID: 1490800410041127164)
INFO:asu_discord.cogs.verification:Refreshed Salesforce roles for Discord user 1490800410041127164: -5/+5 roles, assigned=[Commited, First Year, Out of State, Tempe, W.P. Carey School of Business]
WARNING:cron.jobs:refresh_salesforce_roles: Salesforce lookup failed for scano10: 500 Server Error: Internal Server Error for url: https://crmapi-prod.apps.asu.edu/v1/crm-contact/contact?asurite=scano10
WARNING:cron.jobs:refresh_salesforce_roles: Salesforce lookup failed for dlagang: 500 Server Error: Internal Server Error for url: https://crmapi-prod.apps.asu.edu/v1/crm-contact/contact?asurite=dlagang
Ignoring exception in on_member_update
Traceback (most recent call last):
  File "/usr/local/lib/python3.12/site-packages/discord/client.py", line 465, in _run_event
    await coro(*args, **kwargs)
  File "/app/asu_discord/cogs/analytics.py", line 652, in on_member_update
    before_timeout = before.timed_out_until
                     ^^^^^^^^^^^^^^^^^^^^^^
AttributeError: 'Member' object has no attribute 'timed_out_until'
Ignoring exception in on_member_update
Traceback (most recent call last):
  File "/usr/local/lib/python3.12/site-packages/discord/client.py", line 465, in _run_event
    await coro(*args, **kwargs)
  File "/app/asu_discord/cogs/analytics.py", line 652, in on_member_update
    before_timeout = before.timed_out_until
                     ^^^^^^^^^^^^^^^^^^^^^^
AttributeError: 'Member' object has no attribute 'timed_out_until'
Ignoring exception in on_member_update
Traceback (most recent call last):
  File "/usr/local/lib/python3.12/site-packages/discord/client.py", line 465, in _run_event
    await coro(*args, **kwargs)
  File "/app/asu_discord/cogs/analytics.py", line 652, in on_member_update
    before_timeout = before.timed_out_until
                     ^^^^^^^^^^^^^^^^^^^^^^
AttributeError: 'Member' object has no attribute 'timed_out_until'
Ignoring exception in on_member_update
Traceback (most recent call last):
  File "/usr/local/lib/python3.12/site-packages/discord/client.py", line 465, in _run_event
    await coro(*args, **kwargs)
  File "/app/asu_discord/cogs/analytics.py", line 652, in on_member_update
    before_timeout = before.timed_out_until
                     ^^^^^^^^^^^^^^^^^^^^^^
AttributeError: 'Member' object has no attribute 'timed_out_until'
Ignoring exception in on_member_update
Traceback (most recent call last):
  File "/usr/local/lib/python3.12/site-packages/discord/client.py", line 465, in _run_event
    await coro(*args, **kwargs)
  File "/app/asu_discord/cogs/analytics.py", line 652, in on_member_update
    before_timeout = before.timed_out_until
                     ^^^^^^^^^^^^^^^^^^^^^^
AttributeError: 'Member' object has no attribute 'timed_out_until'
Ignoring exception in on_member_update
Traceback (most recent call last):
  File "/usr/local/lib/python3.12/site-packages/discord/client.py", line 465, in _run_event
    await coro(*args, **kwargs)
  File "/app/asu_discord/cogs/analytics.py", line 652, in on_member_update
    before_timeout = before.timed_out_until
                     ^^^^^^^^^^^^^^^^^^^^^^
AttributeError: 'Member' object has no attribute 'timed_out_until'
Ignoring exception in on_member_update
Traceback (most recent call last):
  File "/usr/local/lib/python3.12/site-packages/discord/client.py", line 465, in _run_event
    await coro(*args, **kwargs)
  File "/app/asu_discord/cogs/analytics.py", line 652, in on_member_update
    before_timeout = before.timed_out_until
                     ^^^^^^^^^^^^^^^^^^^^^^
AttributeError: 'Member' object has no attribute 'timed_out_until'
Ignoring exception in on_member_update
Traceback (most recent call last):
  File "/usr/local/lib/python3.12/site-packages/discord/client.py", line 465, in _run_event
    await coro(*args, **kwargs)
  File "/app/asu_discord/cogs/analytics.py", line 652, in on_member_update
    before_timeout = before.timed_out_until
                     ^^^^^^^^^^^^^^^^^^^^^^
AttributeError: 'Member' object has no attribute 'timed_out_until'
Ignoring exception in on_member_update
Traceback (most recent call last):
  File "/usr/local/lib/python3.12/site-packages/discord/client.py", line 465, in _run_event
    await coro(*args, **kwargs)
  File "/app/asu_discord/cogs/analytics.py", line 652, in on_member_update
    before_timeout = before.timed_out_until
                     ^^^^^^^^^^^^^^^^^^^^^^
AttributeError: 'Member' object has no attribute 'timed_out_until'
INFO:asu_discord.cogs.verification:Saved 5 roles to database for user wmahdi (Discord ID: 675793372237135875)
INFO:asu_discord.cogs.verification:Refreshed Salesforce roles for Discord user 675793372237135875: -5/+4 roles, assigned=[Arizona Resident, Commited, First Year, Ira A. Fulton Schools of Engineering, Tempe]
WARNING:cron.jobs:refresh_salesforce_roles: Salesforce lookup failed for tanunez1: 500 Server Error: Internal Server Error for url: https://crmapi-prod.apps.asu.edu/v1/crm-contact/contact?asurite=tanunez1
WARNING:cron.jobs:refresh_salesforce_roles: Salesforce lookup failed for bmhalhal: 500 Server Error: Internal Server Error for url: https://crmapi-prod.apps.asu.edu/v1/crm-contact/contact?asurite=bmhalhal
WARNING:cron.jobs:refresh_salesforce_roles: Salesforce lookup failed for elcontr1: 500 Server Error: Internal Server Error for url: https://crmapi-prod.apps.asu.edu/v1/crm-contact/contact?asurite=elcontr1
Ignoring exception in on_member_update
Traceback (most recent call last):
  File "/usr/local/lib/python3.12/site-packages/discord/client.py", line 465, in _run_event
    await coro(*args, **kwargs)
  File "/app/asu_discord/cogs/analytics.py", line 652, in on_member_update
    before_timeout = before.timed_out_until
                     ^^^^^^^^^^^^^^^^^^^^^^
AttributeError: 'Member' object has no attribute 'timed_out_until'
Ignoring exception in on_member_update
Traceback (most recent call last):
  File "/usr/local/lib/python3.12/site-packages/discord/client.py", line 465, in _run_event
    await coro(*args, **kwargs)
  File "/app/asu_discord/cogs/analytics.py", line 652, in on_member_update
    before_timeout = before.timed_out_until
                     ^^^^^^^^^^^^^^^^^^^^^^
AttributeError: 'Member' object has no attribute 'timed_out_until'
Ignoring exception in on_member_update
Traceback (most recent call last):
  File "/usr/local/lib/python3.12/site-packages/discord/client.py", line 465, in _run_event
    await coro(*args, **kwargs)
  File "/app/asu_discord/cogs/analytics.py", line 652, in on_member_update
    before_timeout = before.timed_out_until
                     ^^^^^^^^^^^^^^^^^^^^^^
AttributeError: 'Member' object has no attribute 'timed_out_until'
Ignoring exception in on_member_update
Traceback (most recent call last):
  File "/usr/local/lib/python3.12/site-packages/discord/client.py", line 465, in _run_event
    await coro(*args, **kwargs)
  File "/app/asu_discord/cogs/analytics.py", line 652, in on_member_update
    before_timeout = before.timed_out_until
                     ^^^^^^^^^^^^^^^^^^^^^^
AttributeError: 'Member' object has no attribute 'timed_out_until'
Ignoring exception in on_member_update
Traceback (most recent call last):
  File "/usr/local/lib/python3.12/site-packages/discord/client.py", line 465, in _run_event
    await coro(*args, **kwargs)
  File "/app/asu_discord/cogs/analytics.py", line 652, in on_member_update
    before_timeout = before.timed_out_until
                     ^^^^^^^^^^^^^^^^^^^^^^
AttributeError: 'Member' object has no attribute 'timed_out_until'
Ignoring exception in on_member_update
Traceback (most recent call last):
  File "/usr/local/lib/python3.12/site-packages/discord/client.py", line 465, in _run_event
    await coro(*args, **kwargs)
  File "/app/asu_discord/cogs/analytics.py", line 652, in on_member_update
    before_timeout = before.timed_out_until
                     ^^^^^^^^^^^^^^^^^^^^^^
AttributeError: 'Member' object has no attribute 'timed_out_until'
Ignoring exception in on_member_update
Traceback (most recent call last):
  File "/usr/local/lib/python3.12/site-packages/discord/client.py", line 465, in _run_event
    await coro(*args, **kwargs)
  File "/app/asu_discord/cogs/analytics.py", line 652, in on_member_update
    before_timeout = before.timed_out_until
                     ^^^^^^^^^^^^^^^^^^^^^^
AttributeError: 'Member' object has no attribute 'timed_out_until'
Ignoring exception in on_member_update
Traceback (most recent call last):
  File "/usr/local/lib/python3.12/site-packages/discord/client.py", line 465, in _run_event
    await coro(*args, **kwargs)
  File "/app/asu_discord/cogs/analytics.py", line 652, in on_member_update
    before_timeout = before.timed_out_until
                     ^^^^^^^^^^^^^^^^^^^^^^
AttributeError: 'Member' object has no attribute 'timed_out_until'
Ignoring exception in on_member_update
Traceback (most recent call last):
  File "/usr/local/lib/python3.12/site-packages/discord/client.py", line 465, in _run_event
    await coro(*args, **kwargs)
  File "/app/asu_discord/cogs/analytics.py", line 652, in on_member_update
    before_timeout = before.timed_out_until
                     ^^^^^^^^^^^^^^^^^^^^^^
AttributeError: 'Member' object has no attribute 'timed_out_until'
Ignoring exception in on_member_update
Traceback (most recent call last):
  File "/usr/local/lib/python3.12/site-packages/discord/client.py", line 465, in _run_event
    await coro(*args, **kwargs)
  File "/app/asu_discord/cogs/analytics.py", line 652, in on_member_update
    before_timeout = before.timed_out_until
                     ^^^^^^^^^^^^^^^^^^^^^^
AttributeError: 'Member' object has no attribute 'timed_out_until'
INFO:asu_discord.cogs.verification:Saved 5 roles to database for user tttruo19 (Discord ID: 1490845760437358722)
INFO:asu_discord.cogs.verification:Refreshed Salesforce roles for Discord user 1490845760437358722: -5/+5 roles, assigned=[Arizona Resident, Commited, First Year, New College of Interdisciplinary Arts and Sciences, West Valley]
Ignoring exception in on_member_update
Traceback (most recent call last):
  File "/usr/local/lib/python3.12/site-packages/discord/client.py", line 465, in _run_event
    await coro(*args, **kwargs)
  File "/app/asu_discord/cogs/analytics.py", line 652, in on_member_update
    before_timeout = before.timed_out_until
                     ^^^^^^^^^^^^^^^^^^^^^^
AttributeError: 'Member' object has no attribute 'timed_out_until'
Ignoring exception in on_member_update
Traceback (most recent call last):
  File "/usr/local/lib/python3.12/site-packages/discord/client.py", line 465, in _run_event
    await coro(*args, **kwargs)
  File "/app/asu_discord/cogs/analytics.py", line 652, in on_member_update
    before_timeout = before.timed_out_until
                     ^^^^^^^^^^^^^^^^^^^^^^
AttributeError: 'Member' object has no attribute 'timed_out_until'
Ignoring exception in on_member_update
Traceback (most recent call last):
  File "/usr/local/lib/python3.12/site-packages/discord/client.py", line 465, in _run_event
    await coro(*args, **kwargs)
  File "/app/asu_discord/cogs/analytics.py", line 652, in on_member_update
    before_timeout = before.timed_out_until
                     ^^^^^^^^^^^^^^^^^^^^^^
AttributeError: 'Member' object has no attribute 'timed_out_until'
Ignoring exception in on_member_update
Traceback (most recent call last):
  File "/usr/local/lib/python3.12/site-packages/discord/client.py", line 465, in _run_event
    await coro(*args, **kwargs)
  File "/app/asu_discord/cogs/analytics.py", line 652, in on_member_update
    before_timeout = before.timed_out_until
                     ^^^^^^^^^^^^^^^^^^^^^^
AttributeError: 'Member' object has no attribute 'timed_out_until'
Ignoring exception in on_member_update
Traceback (most recent call last):
  File "/usr/local/lib/python3.12/site-packages/discord/client.py", line 465, in _run_event
    await coro(*args, **kwargs)
  File "/app/asu_discord/cogs/analytics.py", line 652, in on_member_update
    before_timeout = before.timed_out_until
                     ^^^^^^^^^^^^^^^^^^^^^^
AttributeError: 'Member' object has no attribute 'timed_out_until'
Ignoring exception in on_member_update
Traceback (most recent call last):
  File "/usr/local/lib/python3.12/site-packages/discord/client.py", line 465, in _run_event
    await coro(*args, **kwargs)
  File "/app/asu_discord/cogs/analytics.py", line 652, in on_member_update
    before_timeout = before.timed_out_until
                     ^^^^^^^^^^^^^^^^^^^^^^
AttributeError: 'Member' object has no attribute 'timed_out_until'
Ignoring exception in on_member_update
Traceback (most recent call last):
  File "/usr/local/lib/python3.12/site-packages/discord/client.py", line 465, in _run_event
    await coro(*args, **kwargs)
  File "/app/asu_discord/cogs/analytics.py", line 652, in on_member_update
    before_timeout = before.timed_out_until
                     ^^^^^^^^^^^^^^^^^^^^^^
AttributeError: 'Member' object has no attribute 'timed_out_until'
Ignoring exception in on_member_update
Traceback (most recent call last):
  File "/usr/local/lib/python3.12/site-packages/discord/client.py", line 465, in _run_event
    await coro(*args, **kwargs)
  File "/app/asu_discord/cogs/analytics.py", line 652, in on_member_update
    before_timeout = before.timed_out_until
                     ^^^^^^^^^^^^^^^^^^^^^^
AttributeError: 'Member' object has no attribute 'timed_out_until'
ERROR:cron.jobs:refresh_salesforce_roles: failed for hrosen12 (Discord ID 1490859401978974248): Timed out refresh Salesforce-based roles
Ignoring exception in on_member_update
Traceback (most recent call last):
  File "/usr/local/lib/python3.12/site-packages/discord/client.py", line 465, in _run_event
    await coro(*args, **kwargs)
  File "/app/asu_discord/cogs/analytics.py", line 652, in on_member_update
    before_timeout = before.timed_out_until
                     ^^^^^^^^^^^^^^^^^^^^^^
AttributeError: 'Member' object has no attribute 'timed_out_until'
WARNING:cron.jobs:refresh_salesforce_roles: Salesforce lookup failed for amangudi: 500 Server Error: Internal Server Error for url: https://crmapi-prod.apps.asu.edu/v1/crm-contact/contact?asurite=amangudi
WARNING:cron.jobs:refresh_salesforce_roles: Salesforce lookup failed for marieduh: 500 Server Error: Internal Server Error for url: https://crmapi-prod.apps.asu.edu/v1/crm-contact/contact?asurite=marieduh
WARNING:cron.jobs:refresh_salesforce_roles: Salesforce lookup failed for acheng35: 500 Server Error: Internal Server Error for url: https://crmapi-prod.apps.asu.edu/v1/crm-contact/contact?asurite=acheng35
WARNING:cron.jobs:refresh_salesforce_roles: Salesforce lookup failed for sricocor: 500 Server Error: Internal Server Error for url: https://crmapi-prod.apps.asu.edu/v1/crm-contact/contact?asurite=sricocor
WARNING:cron.jobs:refresh_salesforce_roles: Salesforce lookup failed for imrodr25: 500 Server Error: Internal Server Error for url: https://crmapi-prod.apps.asu.edu/v1/crm-contact/contact?asurite=imrodr25
Ignoring exception in on_member_update
Traceback (most recent call last):
  File "/usr/local/lib/python3.12/site-packages/discord/client.py", line 465, in _run_event
    await coro(*args, **kwargs)
  File "/app/asu_discord/cogs/analytics.py", line 652, in on_member_update
    before_timeout = before.timed_out_until
                     ^^^^^^^^^^^^^^^^^^^^^^
AttributeError: 'Member' object has no attribute 'timed_out_until'
Ignoring exception in on_member_update
Traceback (most recent call last):
  File "/usr/local/lib/python3.12/site-packages/discord/client.py", line 465, in _run_event
    await coro(*args, **kwargs)
  File "/app/asu_discord/cogs/analytics.py", line 652, in on_member_update
    before_timeout = before.timed_out_until
                     ^^^^^^^^^^^^^^^^^^^^^^
AttributeError: 'Member' object has no attribute 'timed_out_until'
Ignoring exception in on_member_update
Traceback (most recent call last):
  File "/usr/local/lib/python3.12/site-packages/discord/client.py", line 465, in _run_event
    await coro(*args, **kwargs)
  File "/app/asu_discord/cogs/analytics.py", line 652, in on_member_update
    before_timeout = before.timed_out_until
                     ^^^^^^^^^^^^^^^^^^^^^^
AttributeError: 'Member' object has no attribute 'timed_out_until'
Ignoring exception in on_member_update
Traceback (most recent call last):
  File "/usr/local/lib/python3.12/site-packages/discord/client.py", line 465, in _run_event
    await coro(*args, **kwargs)
  File "/app/asu_discord/cogs/analytics.py", line 652, in on_member_update
    before_timeout = before.timed_out_until
                     ^^^^^^^^^^^^^^^^^^^^^^
AttributeError: 'Member' object has no attribute 'timed_out_until'
Ignoring exception in on_member_update
Traceback (most recent call last):
  File "/usr/local/lib/python3.12/site-packages/discord/client.py", line 465, in _run_event
    await coro(*args, **kwargs)
  File "/app/asu_discord/cogs/analytics.py", line 652, in on_member_update
    before_timeout = before.timed_out_until
                     ^^^^^^^^^^^^^^^^^^^^^^
AttributeError: 'Member' object has no attribute 'timed_out_until'
Ignoring exception in on_member_update
Traceback (most recent call last):
  File "/usr/local/lib/python3.12/site-packages/discord/client.py", line 465, in _run_event
    await coro(*args, **kwargs)
  File "/app/asu_discord/cogs/analytics.py", line 652, in on_member_update
    before_timeout = before.timed_out_until
                     ^^^^^^^^^^^^^^^^^^^^^^
AttributeError: 'Member' object has no attribute 'timed_out_until'
Ignoring exception in on_member_update
Traceback (most recent call last):
  File "/usr/local/lib/python3.12/site-packages/discord/client.py", line 465, in _run_event
    await coro(*args, **kwargs)
  File "/app/asu_discord/cogs/analytics.py", line 652, in on_member_update
    before_timeout = before.timed_out_until
                     ^^^^^^^^^^^^^^^^^^^^^^
AttributeError: 'Member' object has no attribute 'timed_out_until'
Ignoring exception in on_member_update
Traceback (most recent call last):
  File "/usr/local/lib/python3.12/site-packages/discord/client.py", line 465, in _run_event
    await coro(*args, **kwargs)
  File "/app/asu_discord/cogs/analytics.py", line 652, in on_member_update
    before_timeout = before.timed_out_until
                     ^^^^^^^^^^^^^^^^^^^^^^
AttributeError: 'Member' object has no attribute 'timed_out_until'
Ignoring exception in on_member_update
Traceback (most recent call last):
  File "/usr/local/lib/python3.12/site-packages/discord/client.py", line 465, in _run_event
    await coro(*args, **kwargs)
  File "/app/asu_discord/cogs/analytics.py", line 652, in on_member_update
    before_timeout = before.timed_out_until
                     ^^^^^^^^^^^^^^^^^^^^^^
AttributeError: 'Member' object has no attribute 'timed_out_until'
INFO:asu_discord.cogs.verification:Saved 5 roles to database for user vostclai (Discord ID: 216898523113848832)
INFO:asu_discord.cogs.verification:Refreshed Salesforce roles for Discord user 216898523113848832: -5/+4 roles, assigned=[Arizona Resident, Commited, First Year, Tempe, W.P. Carey School of Business]
Ignoring exception in on_member_update
Traceback (most recent call last):
  File "/usr/local/lib/python3.12/site-packages/discord/client.py", line 465, in _run_event
    await coro(*args, **kwargs)
  File "/app/asu_discord/cogs/analytics.py", line 652, in on_member_update
    before_timeout = before.timed_out_until
                     ^^^^^^^^^^^^^^^^^^^^^^
AttributeError: 'Member' object has no attribute 'timed_out_until'
Ignoring exception in on_member_update
Traceback (most recent call last):
  File "/usr/local/lib/python3.12/site-packages/discord/client.py", line 465, in _run_event
    await coro(*args, **kwargs)
  File "/app/asu_discord/cogs/analytics.py", line 652, in on_member_update
    before_timeout = before.timed_out_until
                     ^^^^^^^^^^^^^^^^^^^^^^
AttributeError: 'Member' object has no attribute 'timed_out_until'
Ignoring exception in on_member_update
Traceback (most recent call last):
  File "/usr/local/lib/python3.12/site-packages/discord/client.py", line 465, in _run_event
    await coro(*args, **kwargs)
  File "/app/asu_discord/cogs/analytics.py", line 652, in on_member_update
    before_timeout = before.timed_out_until
                     ^^^^^^^^^^^^^^^^^^^^^^
AttributeError: 'Member' object has no attribute 'timed_out_until'
Ignoring exception in on_member_update
Traceback (most recent call last):
  File "/usr/local/lib/python3.12/site-packages/discord/client.py", line 465, in _run_event
    await coro(*args, **kwargs)
  File "/app/asu_discord/cogs/analytics.py", line 652, in on_member_update
    before_timeout = before.timed_out_until
                     ^^^^^^^^^^^^^^^^^^^^^^
AttributeError: 'Member' object has no attribute 'timed_out_until'
Ignoring exception in on_member_update
Traceback (most recent call last):
  File "/usr/local/lib/python3.12/site-packages/discord/client.py", line 465, in _run_event
    await coro(*args, **kwargs)
  File "/app/asu_discord/cogs/analytics.py", line 652, in on_member_update
    before_timeout = before.timed_out_until
                     ^^^^^^^^^^^^^^^^^^^^^^
AttributeError: 'Member' object has no attribute 'timed_out_until'
Ignoring exception in on_member_update
Traceback (most recent call last):
  File "/usr/local/lib/python3.12/site-packages/discord/client.py", line 465, in _run_event
    await coro(*args, **kwargs)
  File "/app/asu_discord/cogs/analytics.py", line 652, in on_member_update
    before_timeout = before.timed_out_until
                     ^^^^^^^^^^^^^^^^^^^^^^
AttributeError: 'Member' object has no attribute 'timed_out_until'
Ignoring exception in on_member_update
Traceback (most recent call last):
  File "/usr/local/lib/python3.12/site-packages/discord/client.py", line 465, in _run_event
    await coro(*args, **kwargs)
  File "/app/asu_discord/cogs/analytics.py", line 652, in on_member_update
    before_timeout = before.timed_out_until
                     ^^^^^^^^^^^^^^^^^^^^^^
AttributeError: 'Member' object has no attribute 'timed_out_until'
Ignoring exception in on_member_update
Traceback (most recent call last):
  File "/usr/local/lib/python3.12/site-packages/discord/client.py", line 465, in _run_event
    await coro(*args, **kwargs)
  File "/app/asu_discord/cogs/analytics.py", line 652, in on_member_update
    before_timeout = before.timed_out_until
                     ^^^^^^^^^^^^^^^^^^^^^^
AttributeError: 'Member' object has no attribute 'timed_out_until'
Ignoring exception in on_member_update
Traceback (most recent call last):
  File "/usr/local/lib/python3.12/site-packages/discord/client.py", line 465, in _run_event
    await coro(*args, **kwargs)
  File "/app/asu_discord/cogs/analytics.py", line 652, in on_member_update
    before_timeout = before.timed_out_until
                     ^^^^^^^^^^^^^^^^^^^^^^
AttributeError: 'Member' object has no attribute 'timed_out_until'
Ignoring exception in on_member_update
Traceback (most recent call last):
  File "/usr/local/lib/python3.12/site-packages/discord/client.py", line 465, in _run_event
    await coro(*args, **kwargs)
  File "/app/asu_discord/cogs/analytics.py", line 652, in on_member_update
    before_timeout = before.timed_out_until
                     ^^^^^^^^^^^^^^^^^^^^^^
AttributeError: 'Member' object has no attribute 'timed_out_until'
INFO:asu_discord.cogs.verification:Saved 5 roles to database for user rdelosr1 (Discord ID: 1237107100300087349)
INFO:asu_discord.cogs.verification:Refreshed Salesforce roles for Discord user 1237107100300087349: -4/+5 roles, assigned=[Commited, First Year, International Student, Tempe, W.P. Carey School of Business]
Ignoring exception in on_member_update
Traceback (most recent call last):
  File "/usr/local/lib/python3.12/site-packages/discord/client.py", line 465, in _run_event
    await coro(*args, **kwargs)
  File "/app/asu_discord/cogs/analytics.py", line 652, in on_member_update
    before_timeout = before.timed_out_until
                     ^^^^^^^^^^^^^^^^^^^^^^
AttributeError: 'Member' object has no attribute 'timed_out_until'
Ignoring exception in on_member_update
Traceback (most recent call last):
  File "/usr/local/lib/python3.12/site-packages/discord/client.py", line 465, in _run_event
    await coro(*args, **kwargs)
  File "/app/asu_discord/cogs/analytics.py", line 652, in on_member_update
    before_timeout = before.timed_out_until
                     ^^^^^^^^^^^^^^^^^^^^^^
AttributeError: 'Member' object has no attribute 'timed_out_until'
Ignoring exception in on_member_update
Traceback (most recent call last):
  File "/usr/local/lib/python3.12/site-packages/discord/client.py", line 465, in _run_event
    await coro(*args, **kwargs)
  File "/app/asu_discord/cogs/analytics.py", line 652, in on_member_update
    before_timeout = before.timed_out_until
                     ^^^^^^^^^^^^^^^^^^^^^^
AttributeError: 'Member' object has no attribute 'timed_out_until'
Ignoring exception in on_member_update
Traceback (most recent call last):
  File "/usr/local/lib/python3.12/site-packages/discord/client.py", line 465, in _run_event
    await coro(*args, **kwargs)
  File "/app/asu_discord/cogs/analytics.py", line 652, in on_member_update
    before_timeout = before.timed_out_until
                     ^^^^^^^^^^^^^^^^^^^^^^
AttributeError: 'Member' object has no attribute 'timed_out_until'
Ignoring exception in on_member_update
Traceback (most recent call last):
  File "/usr/local/lib/python3.12/site-packages/discord/client.py", line 465, in _run_event
    await coro(*args, **kwargs)
  File "/app/asu_discord/cogs/analytics.py", line 652, in on_member_update
    before_timeout = before.timed_out_until
                     ^^^^^^^^^^^^^^^^^^^^^^
AttributeError: 'Member' object has no attribute 'timed_out_until'
Ignoring exception in on_member_update
Traceback (most recent call last):
  File "/usr/local/lib/python3.12/site-packages/discord/client.py", line 465, in _run_event
    await coro(*args, **kwargs)
  File "/app/asu_discord/cogs/analytics.py", line 652, in on_member_update
    before_timeout = before.timed_out_until
                     ^^^^^^^^^^^^^^^^^^^^^^
AttributeError: 'Member' object has no attribute 'timed_out_until'
Ignoring exception in on_member_update
Traceback (most recent call last):
  File "/usr/local/lib/python3.12/site-packages/discord/client.py", line 465, in _run_event
    await coro(*args, **kwargs)
  File "/app/asu_discord/cogs/analytics.py", line 652, in on_member_update
    before_timeout = before.timed_out_until
                     ^^^^^^^^^^^^^^^^^^^^^^
AttributeError: 'Member' object has no attribute 'timed_out_until'
Ignoring exception in on_member_update
Traceback (most recent call last):
  File "/usr/local/lib/python3.12/site-packages/discord/client.py", line 465, in _run_event
    await coro(*args, **kwargs)
  File "/app/asu_discord/cogs/analytics.py", line 652, in on_member_update
    before_timeout = before.timed_out_until
                     ^^^^^^^^^^^^^^^^^^^^^^
AttributeError: 'Member' object has no attribute 'timed_out_until'
Ignoring exception in on_member_update
Traceback (most recent call last):
  File "/usr/local/lib/python3.12/site-packages/discord/client.py", line 465, in _run_event
    await coro(*args, **kwargs)
  File "/app/asu_discord/cogs/analytics.py", line 652, in on_member_update
    before_timeout = before.timed_out_until
                     ^^^^^^^^^^^^^^^^^^^^^^
AttributeError: 'Member' object has no attribute 'timed_out_until'
Ignoring exception in on_member_update
Traceback (most recent call last):
  File "/usr/local/lib/python3.12/site-packages/discord/client.py", line 465, in _run_event
    await coro(*args, **kwargs)
  File "/app/asu_discord/cogs/analytics.py", line 652, in on_member_update
    before_timeout = before.timed_out_until
                     ^^^^^^^^^^^^^^^^^^^^^^
AttributeError: 'Member' object has no attribute 'timed_out_until'
INFO:asu_discord.cogs.verification:Saved 5 roles to database for user drvanzui (Discord ID: 1491052571731955743)
INFO:asu_discord.cogs.verification:Refreshed Salesforce roles for Discord user 1491052571731955743: -5/+5 roles, assigned=[Arizona Resident, College of Health Solutions, Commited, First Year, Tempe]
WARNING:cron.jobs:refresh_salesforce_roles: Salesforce lookup failed for jchowar6: 500 Server Error: Internal Server Error for url: https://crmapi-prod.apps.asu.edu/v1/crm-contact/contact?asurite=jchowar6
WARNING:cron.jobs:refresh_salesforce_roles: Salesforce lookup failed for bjaranso: 500 Server Error: Internal Server Error for url: https://crmapi-prod.apps.asu.edu/v1/crm-contact/contact?asurite=bjaranso
Ignoring exception in on_member_update
Traceback (most recent call last):
  File "/usr/local/lib/python3.12/site-packages/discord/client.py", line 465, in _run_event
    await coro(*args, **kwargs)
  File "/app/asu_discord/cogs/analytics.py", line 652, in on_member_update
    before_timeout = before.timed_out_until
                     ^^^^^^^^^^^^^^^^^^^^^^
AttributeError: 'Member' object has no attribute 'timed_out_until'
Ignoring exception in on_member_update
Traceback (most recent call last):
  File "/usr/local/lib/python3.12/site-packages/discord/client.py", line 465, in _run_event
    await coro(*args, **kwargs)
  File "/app/asu_discord/cogs/analytics.py", line 652, in on_member_update
    before_timeout = before.timed_out_until
                     ^^^^^^^^^^^^^^^^^^^^^^
AttributeError: 'Member' object has no attribute 'timed_out_until'
Ignoring exception in on_member_update
Traceback (most recent call last):
  File "/usr/local/lib/python3.12/site-packages/discord/client.py", line 465, in _run_event
    await coro(*args, **kwargs)
  File "/app/asu_discord/cogs/analytics.py", line 652, in on_member_update
    before_timeout = before.timed_out_until
                     ^^^^^^^^^^^^^^^^^^^^^^
AttributeError: 'Member' object has no attribute 'timed_out_until'
Ignoring exception in on_member_update
Traceback (most recent call last):
  File "/usr/local/lib/python3.12/site-packages/discord/client.py", line 465, in _run_event
    await coro(*args, **kwargs)
  File "/app/asu_discord/cogs/analytics.py", line 652, in on_member_update
    before_timeout = before.timed_out_until
                     ^^^^^^^^^^^^^^^^^^^^^^
AttributeError: 'Member' object has no attribute 'timed_out_until'
Ignoring exception in on_member_update
Traceback (most recent call last):
  File "/usr/local/lib/python3.12/site-packages/discord/client.py", line 465, in _run_event
    await coro(*args, **kwargs)
  File "/app/asu_discord/cogs/analytics.py", line 652, in on_member_update
    before_timeout = before.timed_out_until
                     ^^^^^^^^^^^^^^^^^^^^^^
AttributeError: 'Member' object has no attribute 'timed_out_until'
Ignoring exception in on_member_update
Traceback (most recent call last):
  File "/usr/local/lib/python3.12/site-packages/discord/client.py", line 465, in _run_event
    await coro(*args, **kwargs)
  File "/app/asu_discord/cogs/analytics.py", line 652, in on_member_update
    before_timeout = before.timed_out_until
                     ^^^^^^^^^^^^^^^^^^^^^^
AttributeError: 'Member' object has no attribute 'timed_out_until'
Ignoring exception in on_member_update
Traceback (most recent call last):
  File "/usr/local/lib/python3.12/site-packages/discord/client.py", line 465, in _run_event
    await coro(*args, **kwargs)
  File "/app/asu_discord/cogs/analytics.py", line 652, in on_member_update
    before_timeout = before.timed_out_until
                     ^^^^^^^^^^^^^^^^^^^^^^
AttributeError: 'Member' object has no attribute 'timed_out_until'
Ignoring exception in on_member_update
Traceback (most recent call last):
  File "/usr/local/lib/python3.12/site-packages/discord/client.py", line 465, in _run_event
    await coro(*args, **kwargs)
  File "/app/asu_discord/cogs/analytics.py", line 652, in on_member_update
    before_timeout = before.timed_out_until
                     ^^^^^^^^^^^^^^^^^^^^^^
AttributeError: 'Member' object has no attribute 'timed_out_until'
Ignoring exception in on_member_update
Traceback (most recent call last):
  File "/usr/local/lib/python3.12/site-packages/discord/client.py", line 465, in _run_event
    await coro(*args, **kwargs)
  File "/app/asu_discord/cogs/analytics.py", line 652, in on_member_update
    before_timeout = before.timed_out_until
                     ^^^^^^^^^^^^^^^^^^^^^^
AttributeError: 'Member' object has no attribute 'timed_out_until'
Ignoring exception in on_member_update
Traceback (most recent call last):
  File "/usr/local/lib/python3.12/site-packages/discord/client.py", line 465, in _run_event
    await coro(*args, **kwargs)
  File "/app/asu_discord/cogs/analytics.py", line 652, in on_member_update
    before_timeout = before.timed_out_until
                     ^^^^^^^^^^^^^^^^^^^^^^
AttributeError: 'Member' object has no attribute 'timed_out_until'
Ignoring exception in on_member_update
Traceback (most recent call last):
  File "/usr/local/lib/python3.12/site-packages/discord/client.py", line 465, in _run_event
    await coro(*args, **kwargs)
  File "/app/asu_discord/cogs/analytics.py", line 652, in on_member_update
    before_timeout = before.timed_out_until
                     ^^^^^^^^^^^^^^^^^^^^^^
AttributeError: 'Member' object has no attribute 'timed_out_until'
Ignoring exception in on_member_update
Traceback (most recent call last):
  File "/usr/local/lib/python3.12/site-packages/discord/client.py", line 465, in _run_event
    await coro(*args, **kwargs)
  File "/app/asu_discord/cogs/analytics.py", line 652, in on_member_update
    before_timeout = before.timed_out_until
                     ^^^^^^^^^^^^^^^^^^^^^^
AttributeError: 'Member' object has no attribute 'timed_out_until'
INFO:asu_discord.cogs.verification:Saved 6 roles to database for user frezaei1 (Discord ID: 1491097422313685204)
INFO:asu_discord.cogs.verification:Refreshed Salesforce roles for Discord user 1491097422313685204: -6/+6 roles, assigned=[Arizona Resident, First Generation Student, First Year, Ira A. Fulton Schools of Engineering, Tempe, Upperclassmen]
WARNING:cron.jobs:refresh_salesforce_roles: Salesforce lookup failed for rbhand16: 500 Server Error: Internal Server Error for url: https://crmapi-prod.apps.asu.edu/v1/crm-contact/contact?asurite=rbhand16
Ignoring exception in on_member_update
Traceback (most recent call last):
  File "/usr/local/lib/python3.12/site-packages/discord/client.py", line 465, in _run_event
    await coro(*args, **kwargs)
  File "/app/asu_discord/cogs/analytics.py", line 652, in on_member_update
    before_timeout = before.timed_out_until
                     ^^^^^^^^^^^^^^^^^^^^^^
AttributeError: 'Member' object has no attribute 'timed_out_until'
Ignoring exception in on_member_update
Traceback (most recent call last):
  File "/usr/local/lib/python3.12/site-packages/discord/client.py", line 465, in _run_event
    await coro(*args, **kwargs)
  File "/app/asu_discord/cogs/analytics.py", line 652, in on_member_update
    before_timeout = before.timed_out_until
                     ^^^^^^^^^^^^^^^^^^^^^^
AttributeError: 'Member' object has no attribute 'timed_out_until'
Ignoring exception in on_member_update
Traceback (most recent call last):
  File "/usr/local/lib/python3.12/site-packages/discord/client.py", line 465, in _run_event
    await coro(*args, **kwargs)
  File "/app/asu_discord/cogs/analytics.py", line 652, in on_member_update
    before_timeout = before.timed_out_until
                     ^^^^^^^^^^^^^^^^^^^^^^
AttributeError: 'Member' object has no attribute 'timed_out_until'
Ignoring exception in on_member_update
Traceback (most recent call last):
  File "/usr/local/lib/python3.12/site-packages/discord/client.py", line 465, in _run_event
    await coro(*args, **kwargs)
  File "/app/asu_discord/cogs/analytics.py", line 652, in on_member_update
    before_timeout = before.timed_out_until
                     ^^^^^^^^^^^^^^^^^^^^^^
AttributeError: 'Member' object has no attribute 'timed_out_until'
Ignoring exception in on_member_update
Traceback (most recent call last):
  File "/usr/local/lib/python3.12/site-packages/discord/client.py", line 465, in _run_event
    await coro(*args, **kwargs)
  File "/app/asu_discord/cogs/analytics.py", line 652, in on_member_update
    before_timeout = before.timed_out_until
                     ^^^^^^^^^^^^^^^^^^^^^^
AttributeError: 'Member' object has no attribute 'timed_out_until'
Ignoring exception in on_member_update
Traceback (most recent call last):
  File "/usr/local/lib/python3.12/site-packages/discord/client.py", line 465, in _run_event
    await coro(*args, **kwargs)
  File "/app/asu_discord/cogs/analytics.py", line 652, in on_member_update
    before_timeout = before.timed_out_until
                     ^^^^^^^^^^^^^^^^^^^^^^
AttributeError: 'Member' object has no attribute 'timed_out_until'
Ignoring exception in on_member_update
Traceback (most recent call last):
  File "/usr/local/lib/python3.12/site-packages/discord/client.py", line 465, in _run_event
    await coro(*args, **kwargs)
  File "/app/asu_discord/cogs/analytics.py", line 652, in on_member_update
    before_timeout = before.timed_out_until
                     ^^^^^^^^^^^^^^^^^^^^^^
AttributeError: 'Member' object has no attribute 'timed_out_until'
Ignoring exception in on_member_update
Traceback (most recent call last):
  File "/usr/local/lib/python3.12/site-packages/discord/client.py", line 465, in _run_event
    await coro(*args, **kwargs)
  File "/app/asu_discord/cogs/analytics.py", line 652, in on_member_update
    before_timeout = before.timed_out_until
                     ^^^^^^^^^^^^^^^^^^^^^^
AttributeError: 'Member' object has no attribute 'timed_out_until'
Ignoring exception in on_member_update
Traceback (most recent call last):
  File "/usr/local/lib/python3.12/site-packages/discord/client.py", line 465, in _run_event
    await coro(*args, **kwargs)
  File "/app/asu_discord/cogs/analytics.py", line 652, in on_member_update
    before_timeout = before.timed_out_until
                     ^^^^^^^^^^^^^^^^^^^^^^
AttributeError: 'Member' object has no attribute 'timed_out_until'
Ignoring exception in on_member_update
Traceback (most recent call last):
  File "/usr/local/lib/python3.12/site-packages/discord/client.py", line 465, in _run_event
    await coro(*args, **kwargs)
  File "/app/asu_discord/cogs/analytics.py", line 652, in on_member_update
    before_timeout = before.timed_out_until
                     ^^^^^^^^^^^^^^^^^^^^^^
AttributeError: 'Member' object has no attribute 'timed_out_until'
INFO:asu_discord.cogs.verification:Saved 5 roles to database for user talangi (Discord ID: 893500508738813993)
INFO:asu_discord.cogs.verification:Refreshed Salesforce roles for Discord user 893500508738813993: -5/+5 roles, assigned=[Commited, First Year, International Student, Ira A. Fulton Schools of Engineering, Tempe]
Ignoring exception in on_member_update
Traceback (most recent call last):
  File "/usr/local/lib/python3.12/site-packages/discord/client.py", line 465, in _run_event
    await coro(*args, **kwargs)
  File "/app/asu_discord/cogs/analytics.py", line 652, in on_member_update
    before_timeout = before.timed_out_until
                     ^^^^^^^^^^^^^^^^^^^^^^
AttributeError: 'Member' object has no attribute 'timed_out_until'
Ignoring exception in on_member_update
Traceback (most recent call last):
  File "/usr/local/lib/python3.12/site-packages/discord/client.py", line 465, in _run_event
    await coro(*args, **kwargs)
  File "/app/asu_discord/cogs/analytics.py", line 652, in on_member_update
    before_timeout = before.timed_out_until
                     ^^^^^^^^^^^^^^^^^^^^^^
AttributeError: 'Member' object has no attribute 'timed_out_until'
Ignoring exception in on_member_update
Traceback (most recent call last):
  File "/usr/local/lib/python3.12/site-packages/discord/client.py", line 465, in _run_event
    await coro(*args, **kwargs)
  File "/app/asu_discord/cogs/analytics.py", line 652, in on_member_update
    before_timeout = before.timed_out_until
                     ^^^^^^^^^^^^^^^^^^^^^^
AttributeError: 'Member' object has no attribute 'timed_out_until'
Ignoring exception in on_member_update
Traceback (most recent call last):
  File "/usr/local/lib/python3.12/site-packages/discord/client.py", line 465, in _run_event
    await coro(*args, **kwargs)
  File "/app/asu_discord/cogs/analytics.py", line 652, in on_member_update
    before_timeout = before.timed_out_until
                     ^^^^^^^^^^^^^^^^^^^^^^
AttributeError: 'Member' object has no attribute 'timed_out_until'
Ignoring exception in on_member_update
Traceback (most recent call last):
  File "/usr/local/lib/python3.12/site-packages/discord/client.py", line 465, in _run_event
    await coro(*args, **kwargs)
  File "/app/asu_discord/cogs/analytics.py", line 652, in on_member_update
    before_timeout = before.timed_out_until
                     ^^^^^^^^^^^^^^^^^^^^^^
AttributeError: 'Member' object has no attribute 'timed_out_until'
Ignoring exception in on_member_update
Traceback (most recent call last):
  File "/usr/local/lib/python3.12/site-packages/discord/client.py", line 465, in _run_event
    await coro(*args, **kwargs)
  File "/app/asu_discord/cogs/analytics.py", line 652, in on_member_update
    before_timeout = before.timed_out_until
                     ^^^^^^^^^^^^^^^^^^^^^^
AttributeError: 'Member' object has no attribute 'timed_out_until'
Ignoring exception in on_member_update
Traceback (most recent call last):
  File "/usr/local/lib/python3.12/site-packages/discord/client.py", line 465, in _run_event
    await coro(*args, **kwargs)
  File "/app/asu_discord/cogs/analytics.py", line 652, in on_member_update
    before_timeout = before.timed_out_until
                     ^^^^^^^^^^^^^^^^^^^^^^
AttributeError: 'Member' object has no attribute 'timed_out_until'
Ignoring exception in on_member_update
Traceback (most recent call last):
  File "/usr/local/lib/python3.12/site-packages/discord/client.py", line 465, in _run_event
    await coro(*args, **kwargs)
  File "/app/asu_discord/cogs/analytics.py", line 652, in on_member_update
    before_timeout = before.timed_out_until
                     ^^^^^^^^^^^^^^^^^^^^^^
AttributeError: 'Member' object has no attribute 'timed_out_until'
Ignoring exception in on_member_update
Traceback (most recent call last):
  File "/usr/local/lib/python3.12/site-packages/discord/client.py", line 465, in _run_event
    await coro(*args, **kwargs)
  File "/app/asu_discord/cogs/analytics.py", line 652, in on_member_update
    before_timeout = before.timed_out_until
                     ^^^^^^^^^^^^^^^^^^^^^^
AttributeError: 'Member' object has no attribute 'timed_out_until'
Ignoring exception in on_member_update
Traceback (most recent call last):
  File "/usr/local/lib/python3.12/site-packages/discord/client.py", line 465, in _run_event
    await coro(*args, **kwargs)
  File "/app/asu_discord/cogs/analytics.py", line 652, in on_member_update
    before_timeout = before.timed_out_until
                     ^^^^^^^^^^^^^^^^^^^^^^
AttributeError: 'Member' object has no attribute 'timed_out_until'
INFO:asu_discord.cogs.verification:Saved 5 roles to database for user fcsader (Discord ID: 1220944613183979520)
INFO:asu_discord.cogs.verification:Refreshed Salesforce roles for Discord user 1220944613183979520: -5/+5 roles, assigned=[Arizona Resident, Commited, First Year, Tempe, University College]
ERROR:cron.jobs:refresh_salesforce_roles: failed for ohilgefo (Discord ID 1210473497890005002): Failed to refresh Salesforce-based roles: Discord user 1210473497890005002 is not a member of the guild
Ignoring exception in on_member_update
Traceback (most recent call last):
  File "/usr/local/lib/python3.12/site-packages/discord/client.py", line 465, in _run_event
    await coro(*args, **kwargs)
  File "/app/asu_discord/cogs/analytics.py", line 652, in on_member_update
    before_timeout = before.timed_out_until
                     ^^^^^^^^^^^^^^^^^^^^^^
AttributeError: 'Member' object has no attribute 'timed_out_until'
Ignoring exception in on_member_update
Traceback (most recent call last):
  File "/usr/local/lib/python3.12/site-packages/discord/client.py", line 465, in _run_event
    await coro(*args, **kwargs)
  File "/app/asu_discord/cogs/analytics.py", line 652, in on_member_update
    before_timeout = before.timed_out_until
                     ^^^^^^^^^^^^^^^^^^^^^^
AttributeError: 'Member' object has no attribute 'timed_out_until'
Ignoring exception in on_member_update
Traceback (most recent call last):
  File "/usr/local/lib/python3.12/site-packages/discord/client.py", line 465, in _run_event
    await coro(*args, **kwargs)
  File "/app/asu_discord/cogs/analytics.py", line 652, in on_member_update
    before_timeout = before.timed_out_until
                     ^^^^^^^^^^^^^^^^^^^^^^
AttributeError: 'Member' object has no attribute 'timed_out_until'
Ignoring exception in on_member_update
Traceback (most recent call last):
  File "/usr/local/lib/python3.12/site-packages/discord/client.py", line 465, in _run_event
    await coro(*args, **kwargs)
  File "/app/asu_discord/cogs/analytics.py", line 652, in on_member_update
    before_timeout = before.timed_out_until
                     ^^^^^^^^^^^^^^^^^^^^^^
AttributeError: 'Member' object has no attribute 'timed_out_until'
Ignoring exception in on_member_update
Traceback (most recent call last):
  File "/usr/local/lib/python3.12/site-packages/discord/client.py", line 465, in _run_event
    await coro(*args, **kwargs)
  File "/app/asu_discord/cogs/analytics.py", line 652, in on_member_update
    before_timeout = before.timed_out_until
                     ^^^^^^^^^^^^^^^^^^^^^^
AttributeError: 'Member' object has no attribute 'timed_out_until'
Ignoring exception in on_member_update
Traceback (most recent call last):
  File "/usr/local/lib/python3.12/site-packages/discord/client.py", line 465, in _run_event
    await coro(*args, **kwargs)
  File "/app/asu_discord/cogs/analytics.py", line 652, in on_member_update
    before_timeout = before.timed_out_until
                     ^^^^^^^^^^^^^^^^^^^^^^
AttributeError: 'Member' object has no attribute 'timed_out_until'
Ignoring exception in on_member_update
Traceback (most recent call last):
  File "/usr/local/lib/python3.12/site-packages/discord/client.py", line 465, in _run_event
    await coro(*args, **kwargs)
  File "/app/asu_discord/cogs/analytics.py", line 652, in on_member_update
    before_timeout = before.timed_out_until
                     ^^^^^^^^^^^^^^^^^^^^^^
AttributeError: 'Member' object has no attribute 'timed_out_until'
Ignoring exception in on_member_update
Traceback (most recent call last):
  File "/usr/local/lib/python3.12/site-packages/discord/client.py", line 465, in _run_event
    await coro(*args, **kwargs)
  File "/app/asu_discord/cogs/analytics.py", line 652, in on_member_update
    before_timeout = before.timed_out_until
                     ^^^^^^^^^^^^^^^^^^^^^^
AttributeError: 'Member' object has no attribute 'timed_out_until'
Ignoring exception in on_member_update
Traceback (most recent call last):
  File "/usr/local/lib/python3.12/site-packages/discord/client.py", line 465, in _run_event
    await coro(*args, **kwargs)
  File "/app/asu_discord/cogs/analytics.py", line 652, in on_member_update
    before_timeout = before.timed_out_until
                     ^^^^^^^^^^^^^^^^^^^^^^
AttributeError: 'Member' object has no attribute 'timed_out_until'
INFO:asu_discord.cogs.verification:Saved 5 roles to database for user joheneol (Discord ID: 766694729156001792)
INFO:asu_discord.cogs.verification:Refreshed Salesforce roles for Discord user 766694729156001792: -5/+4 roles, assigned=[Commited, First Year, Ira A. Fulton Schools of Engineering, Out of State, Polytechnic]
Ignoring exception in on_member_update
Traceback (most recent call last):
  File "/usr/local/lib/python3.12/site-packages/discord/client.py", line 465, in _run_event
    await coro(*args, **kwargs)
  File "/app/asu_discord/cogs/analytics.py", line 652, in on_member_update
    before_timeout = before.timed_out_until
                     ^^^^^^^^^^^^^^^^^^^^^^
AttributeError: 'Member' object has no attribute 'timed_out_until'
Ignoring exception in on_member_update
Traceback (most recent call last):
  File "/usr/local/lib/python3.12/site-packages/discord/client.py", line 465, in _run_event
    await coro(*args, **kwargs)
  File "/app/asu_discord/cogs/analytics.py", line 652, in on_member_update
    before_timeout = before.timed_out_until
                     ^^^^^^^^^^^^^^^^^^^^^^
AttributeError: 'Member' object has no attribute 'timed_out_until'
Ignoring exception in on_member_update
Traceback (most recent call last):
  File "/usr/local/lib/python3.12/site-packages/discord/client.py", line 465, in _run_event
    await coro(*args, **kwargs)
  File "/app/asu_discord/cogs/analytics.py", line 652, in on_member_update
    before_timeout = before.timed_out_until
                     ^^^^^^^^^^^^^^^^^^^^^^
AttributeError: 'Member' object has no attribute 'timed_out_until'
Ignoring exception in on_member_update
Traceback (most recent call last):
  File "/usr/local/lib/python3.12/site-packages/discord/client.py", line 465, in _run_event
    await coro(*args, **kwargs)
  File "/app/asu_discord/cogs/analytics.py", line 652, in on_member_update
    before_timeout = before.timed_out_until
                     ^^^^^^^^^^^^^^^^^^^^^^
AttributeError: 'Member' object has no attribute 'timed_out_until'
Ignoring exception in on_member_update
Traceback (most recent call last):
  File "/usr/local/lib/python3.12/site-packages/discord/client.py", line 465, in _run_event
    await coro(*args, **kwargs)
  File "/app/asu_discord/cogs/analytics.py", line 652, in on_member_update
    before_timeout = before.timed_out_until
                     ^^^^^^^^^^^^^^^^^^^^^^
AttributeError: 'Member' object has no attribute 'timed_out_until'
Ignoring exception in on_member_update
Traceback (most recent call last):
  File "/usr/local/lib/python3.12/site-packages/discord/client.py", line 465, in _run_event
    await coro(*args, **kwargs)
  File "/app/asu_discord/cogs/analytics.py", line 652, in on_member_update
    before_timeout = before.timed_out_until
                     ^^^^^^^^^^^^^^^^^^^^^^
AttributeError: 'Member' object has no attribute 'timed_out_until'
Ignoring exception in on_member_update
Traceback (most recent call last):
  File "/usr/local/lib/python3.12/site-packages/discord/client.py", line 465, in _run_event
    await coro(*args, **kwargs)
  File "/app/asu_discord/cogs/analytics.py", line 652, in on_member_update
    before_timeout = before.timed_out_until
                     ^^^^^^^^^^^^^^^^^^^^^^
AttributeError: 'Member' object has no attribute 'timed_out_until'
Ignoring exception in on_member_update
Traceback (most recent call last):
  File "/usr/local/lib/python3.12/site-packages/discord/client.py", line 465, in _run_event
    await coro(*args, **kwargs)
  File "/app/asu_discord/cogs/analytics.py", line 652, in on_member_update
    before_timeout = before.timed_out_until
                     ^^^^^^^^^^^^^^^^^^^^^^
AttributeError: 'Member' object has no attribute 'timed_out_until'
Ignoring exception in on_member_update
Traceback (most recent call last):
  File "/usr/local/lib/python3.12/site-packages/discord/client.py", line 465, in _run_event
    await coro(*args, **kwargs)
  File "/app/asu_discord/cogs/analytics.py", line 652, in on_member_update
    before_timeout = before.timed_out_until
                     ^^^^^^^^^^^^^^^^^^^^^^
AttributeError: 'Member' object has no attribute 'timed_out_until'
Ignoring exception in on_member_update
Traceback (most recent call last):
  File "/usr/local/lib/python3.12/site-packages/discord/client.py", line 465, in _run_event
    await coro(*args, **kwargs)
  File "/app/asu_discord/cogs/analytics.py", line 652, in on_member_update
    before_timeout = before.timed_out_until
                     ^^^^^^^^^^^^^^^^^^^^^^
AttributeError: 'Member' object has no attribute 'timed_out_until'
Ignoring exception in on_member_update
Traceback (most recent call last):
  File "/usr/local/lib/python3.12/site-packages/discord/client.py", line 465, in _run_event
    await coro(*args, **kwargs)
  File "/app/asu_discord/cogs/analytics.py", line 652, in on_member_update
    before_timeout = before.timed_out_until
                     ^^^^^^^^^^^^^^^^^^^^^^
AttributeError: 'Member' object has no attribute 'timed_out_until'
INFO:asu_discord.cogs.verification:Saved 5 roles to database for user zbspenc1 (Discord ID: 1261181793797804052)
INFO:asu_discord.cogs.verification:Refreshed Salesforce roles for Discord user 1261181793797804052: -5/+5 roles, assigned=[Commited, First Year, Ira A. Fulton Schools of Engineering, Out of State, Tempe]
Ignoring exception in on_member_update
Traceback (most recent call last):
  File "/usr/local/lib/python3.12/site-packages/discord/client.py", line 465, in _run_event
    await coro(*args, **kwargs)
  File "/app/asu_discord/cogs/analytics.py", line 652, in on_member_update
    before_timeout = before.timed_out_until
                     ^^^^^^^^^^^^^^^^^^^^^^
AttributeError: 'Member' object has no attribute 'timed_out_until'
Ignoring exception in on_member_update
Traceback (most recent call last):
  File "/usr/local/lib/python3.12/site-packages/discord/client.py", line 465, in _run_event
    await coro(*args, **kwargs)
  File "/app/asu_discord/cogs/analytics.py", line 652, in on_member_update
    before_timeout = before.timed_out_until
                     ^^^^^^^^^^^^^^^^^^^^^^
AttributeError: 'Member' object has no attribute 'timed_out_until'
Ignoring exception in on_member_update
Traceback (most recent call last):
  File "/usr/local/lib/python3.12/site-packages/discord/client.py", line 465, in _run_event
    await coro(*args, **kwargs)
  File "/app/asu_discord/cogs/analytics.py", line 652, in on_member_update
    before_timeout = before.timed_out_until
                     ^^^^^^^^^^^^^^^^^^^^^^
AttributeError: 'Member' object has no attribute 'timed_out_until'
Ignoring exception in on_member_update
Traceback (most recent call last):
  File "/usr/local/lib/python3.12/site-packages/discord/client.py", line 465, in _run_event
    await coro(*args, **kwargs)
  File "/app/asu_discord/cogs/analytics.py", line 652, in on_member_update
    before_timeout = before.timed_out_until
                     ^^^^^^^^^^^^^^^^^^^^^^
AttributeError: 'Member' object has no attribute 'timed_out_until'
Ignoring exception in on_member_update
Traceback (most recent call last):
  File "/usr/local/lib/python3.12/site-packages/discord/client.py", line 465, in _run_event
    await coro(*args, **kwargs)
  File "/app/asu_discord/cogs/analytics.py", line 652, in on_member_update
    before_timeout = before.timed_out_until
                     ^^^^^^^^^^^^^^^^^^^^^^
AttributeError: 'Member' object has no attribute 'timed_out_until'
Ignoring exception in on_member_update
Traceback (most recent call last):
  File "/usr/local/lib/python3.12/site-packages/discord/client.py", line 465, in _run_event
    await coro(*args, **kwargs)
  File "/app/asu_discord/cogs/analytics.py", line 652, in on_member_update
    before_timeout = before.timed_out_until
                     ^^^^^^^^^^^^^^^^^^^^^^
AttributeError: 'Member' object has no attribute 'timed_out_until'
Ignoring exception in on_member_update
Traceback (most recent call last):
  File "/usr/local/lib/python3.12/site-packages/discord/client.py", line 465, in _run_event
    await coro(*args, **kwargs)
  File "/app/asu_discord/cogs/analytics.py", line 652, in on_member_update
    before_timeout = before.timed_out_until
                     ^^^^^^^^^^^^^^^^^^^^^^
AttributeError: 'Member' object has no attribute 'timed_out_until'
Ignoring exception in on_member_update
Traceback (most recent call last):
  File "/usr/local/lib/python3.12/site-packages/discord/client.py", line 465, in _run_event
    await coro(*args, **kwargs)
  File "/app/asu_discord/cogs/analytics.py", line 652, in on_member_update
    before_timeout = before.timed_out_until
                     ^^^^^^^^^^^^^^^^^^^^^^
AttributeError: 'Member' object has no attribute 'timed_out_until'
Ignoring exception in on_member_update
Traceback (most recent call last):
  File "/usr/local/lib/python3.12/site-packages/discord/client.py", line 465, in _run_event
    await coro(*args, **kwargs)
  File "/app/asu_discord/cogs/analytics.py", line 652, in on_member_update
    before_timeout = before.timed_out_until
                     ^^^^^^^^^^^^^^^^^^^^^^
AttributeError: 'Member' object has no attribute 'timed_out_until'
Ignoring exception in on_member_update
Traceback (most recent call last):
  File "/usr/local/lib/python3.12/site-packages/discord/client.py", line 465, in _run_event
    await coro(*args, **kwargs)
  File "/app/asu_discord/cogs/analytics.py", line 652, in on_member_update
    before_timeout = before.timed_out_until
                     ^^^^^^^^^^^^^^^^^^^^^^
AttributeError: 'Member' object has no attribute 'timed_out_until'
Ignoring exception in on_member_update
Traceback (most recent call last):
  File "/usr/local/lib/python3.12/site-packages/discord/client.py", line 465, in _run_event
    await coro(*args, **kwargs)
  File "/app/asu_discord/cogs/analytics.py", line 652, in on_member_update
    before_timeout = before.timed_out_until
                     ^^^^^^^^^^^^^^^^^^^^^^
AttributeError: 'Member' object has no attribute 'timed_out_until'
Ignoring exception in on_member_update
Traceback (most recent call last):
  File "/usr/local/lib/python3.12/site-packages/discord/client.py", line 465, in _run_event
    await coro(*args, **kwargs)
  File "/app/asu_discord/cogs/analytics.py", line 652, in on_member_update
    before_timeout = before.timed_out_until
                     ^^^^^^^^^^^^^^^^^^^^^^
AttributeError: 'Member' object has no attribute 'timed_out_until'
INFO:asu_discord.cogs.verification:Saved 6 roles to database for user ampere68 (Discord ID: 1490200575554621451)
INFO:asu_discord.cogs.verification:Refreshed Salesforce roles for Discord user 1490200575554621451: -6/+6 roles, assigned=[Commited, Downtown Phoenix, Edson College of Nursing and Health Innovation, First Generation Student, First Year, Out of State]
Ignoring exception in on_member_update
Traceback (most recent call last):
  File "/usr/local/lib/python3.12/site-packages/discord/client.py", line 465, in _run_event
    await coro(*args, **kwargs)
  File "/app/asu_discord/cogs/analytics.py", line 652, in on_member_update
    before_timeout = before.timed_out_until
                     ^^^^^^^^^^^^^^^^^^^^^^
AttributeError: 'Member' object has no attribute 'timed_out_until'
Ignoring exception in on_member_update
Traceback (most recent call last):
  File "/usr/local/lib/python3.12/site-packages/discord/client.py", line 465, in _run_event
    await coro(*args, **kwargs)
  File "/app/asu_discord/cogs/analytics.py", line 652, in on_member_update
    before_timeout = before.timed_out_until
                     ^^^^^^^^^^^^^^^^^^^^^^
AttributeError: 'Member' object has no attribute 'timed_out_until'
Ignoring exception in on_member_update
Traceback (most recent call last):
  File "/usr/local/lib/python3.12/site-packages/discord/client.py", line 465, in _run_event
    await coro(*args, **kwargs)
  File "/app/asu_discord/cogs/analytics.py", line 652, in on_member_update
    before_timeout = before.timed_out_until
                     ^^^^^^^^^^^^^^^^^^^^^^
AttributeError: 'Member' object has no attribute 'timed_out_until'
Ignoring exception in on_member_update
Traceback (most recent call last):
  File "/usr/local/lib/python3.12/site-packages/discord/client.py", line 465, in _run_event
    await coro(*args, **kwargs)
  File "/app/asu_discord/cogs/analytics.py", line 652, in on_member_update
    before_timeout = before.timed_out_until
                     ^^^^^^^^^^^^^^^^^^^^^^
AttributeError: 'Member' object has no attribute 'timed_out_until'
Ignoring exception in on_member_update
Traceback (most recent call last):
  File "/usr/local/lib/python3.12/site-packages/discord/client.py", line 465, in _run_event
    await coro(*args, **kwargs)
  File "/app/asu_discord/cogs/analytics.py", line 652, in on_member_update
    before_timeout = before.timed_out_until
                     ^^^^^^^^^^^^^^^^^^^^^^
AttributeError: 'Member' object has no attribute 'timed_out_until'
Ignoring exception in on_member_update
Traceback (most recent call last):
  File "/usr/local/lib/python3.12/site-packages/discord/client.py", line 465, in _run_event
    await coro(*args, **kwargs)
  File "/app/asu_discord/cogs/analytics.py", line 652, in on_member_update
    before_timeout = before.timed_out_until
                     ^^^^^^^^^^^^^^^^^^^^^^
AttributeError: 'Member' object has no attribute 'timed_out_until'
Ignoring exception in on_member_update
Traceback (most recent call last):
  File "/usr/local/lib/python3.12/site-packages/discord/client.py", line 465, in _run_event
    await coro(*args, **kwargs)
  File "/app/asu_discord/cogs/analytics.py", line 652, in on_member_update
    before_timeout = before.timed_out_until
                     ^^^^^^^^^^^^^^^^^^^^^^
AttributeError: 'Member' object has no attribute 'timed_out_until'
Ignoring exception in on_member_update
Traceback (most recent call last):
  File "/usr/local/lib/python3.12/site-packages/discord/client.py", line 465, in _run_event
    await coro(*args, **kwargs)
  File "/app/asu_discord/cogs/analytics.py", line 652, in on_member_update
    before_timeout = before.timed_out_until
                     ^^^^^^^^^^^^^^^^^^^^^^
AttributeError: 'Member' object has no attribute 'timed_out_until'
Ignoring exception in on_member_update
Traceback (most recent call last):
  File "/usr/local/lib/python3.12/site-packages/discord/client.py", line 465, in _run_event
    await coro(*args, **kwargs)
  File "/app/asu_discord/cogs/analytics.py", line 652, in on_member_update
    before_timeout = before.timed_out_until
                     ^^^^^^^^^^^^^^^^^^^^^^
AttributeError: 'Member' object has no attribute 'timed_out_until'
Ignoring exception in on_member_update
Traceback (most recent call last):
  File "/usr/local/lib/python3.12/site-packages/discord/client.py", line 465, in _run_event
    await coro(*args, **kwargs)
  File "/app/asu_discord/cogs/analytics.py", line 652, in on_member_update
    before_timeout = before.timed_out_until
                     ^^^^^^^^^^^^^^^^^^^^^^
AttributeError: 'Member' object has no attribute 'timed_out_until'
INFO:asu_discord.cogs.verification:Saved 6 roles to database for user angelafo (Discord ID: 1491215401697411156)
INFO:asu_discord.cogs.verification:Refreshed Salesforce roles for Discord user 1491215401697411156: -4/+6 roles, assigned=[College of Health Solutions, Commited, Downtown Phoenix, First Generation Student, First Year, Out of State]
Ignoring exception in on_member_update
Traceback (most recent call last):
  File "/usr/local/lib/python3.12/site-packages/discord/client.py", line 465, in _run_event
    await coro(*args, **kwargs)
  File "/app/asu_discord/cogs/analytics.py", line 652, in on_member_update
    before_timeout = before.timed_out_until
                     ^^^^^^^^^^^^^^^^^^^^^^
AttributeError: 'Member' object has no attribute 'timed_out_until'
Ignoring exception in on_member_update
Traceback (most recent call last):
  File "/usr/local/lib/python3.12/site-packages/discord/client.py", line 465, in _run_event
    await coro(*args, **kwargs)
  File "/app/asu_discord/cogs/analytics.py", line 652, in on_member_update
    before_timeout = before.timed_out_until
                     ^^^^^^^^^^^^^^^^^^^^^^
AttributeError: 'Member' object has no attribute 'timed_out_until'
Ignoring exception in on_member_update
Traceback (most recent call last):
  File "/usr/local/lib/python3.12/site-packages/discord/client.py", line 465, in _run_event
    await coro(*args, **kwargs)
  File "/app/asu_discord/cogs/analytics.py", line 652, in on_member_update
    before_timeout = before.timed_out_until
                     ^^^^^^^^^^^^^^^^^^^^^^
AttributeError: 'Member' object has no attribute 'timed_out_until'
Ignoring exception in on_member_update
Traceback (most recent call last):
  File "/usr/local/lib/python3.12/site-packages/discord/client.py", line 465, in _run_event
    await coro(*args, **kwargs)
  File "/app/asu_discord/cogs/analytics.py", line 652, in on_member_update
    before_timeout = before.timed_out_until
                     ^^^^^^^^^^^^^^^^^^^^^^
AttributeError: 'Member' object has no attribute 'timed_out_until'
Ignoring exception in on_member_update
Traceback (most recent call last):
  File "/usr/local/lib/python3.12/site-packages/discord/client.py", line 465, in _run_event
    await coro(*args, **kwargs)
  File "/app/asu_discord/cogs/analytics.py", line 652, in on_member_update
    before_timeout = before.timed_out_until
                     ^^^^^^^^^^^^^^^^^^^^^^
AttributeError: 'Member' object has no attribute 'timed_out_until'
Ignoring exception in on_member_update
Traceback (most recent call last):
  File "/usr/local/lib/python3.12/site-packages/discord/client.py", line 465, in _run_event
    await coro(*args, **kwargs)
  File "/app/asu_discord/cogs/analytics.py", line 652, in on_member_update
    before_timeout = before.timed_out_until
                     ^^^^^^^^^^^^^^^^^^^^^^
AttributeError: 'Member' object has no attribute 'timed_out_until'
Ignoring exception in on_member_update
Traceback (most recent call last):
  File "/usr/local/lib/python3.12/site-packages/discord/client.py", line 465, in _run_event
    await coro(*args, **kwargs)
  File "/app/asu_discord/cogs/analytics.py", line 652, in on_member_update
    before_timeout = before.timed_out_until
                     ^^^^^^^^^^^^^^^^^^^^^^
AttributeError: 'Member' object has no attribute 'timed_out_until'
Ignoring exception in on_member_update
Traceback (most recent call last):
  File "/usr/local/lib/python3.12/site-packages/discord/client.py", line 465, in _run_event
    await coro(*args, **kwargs)
  File "/app/asu_discord/cogs/analytics.py", line 652, in on_member_update
    before_timeout = before.timed_out_until
                     ^^^^^^^^^^^^^^^^^^^^^^
AttributeError: 'Member' object has no attribute 'timed_out_until'
Ignoring exception in on_member_update
Traceback (most recent call last):
  File "/usr/local/lib/python3.12/site-packages/discord/client.py", line 465, in _run_event
    await coro(*args, **kwargs)
  File "/app/asu_discord/cogs/analytics.py", line 652, in on_member_update
    before_timeout = before.timed_out_until
                     ^^^^^^^^^^^^^^^^^^^^^^
AttributeError: 'Member' object has no attribute 'timed_out_until'
INFO:asu_discord.cogs.verification:Saved 5 roles to database for user kyogi (Discord ID: 1031787147331645501)
INFO:asu_discord.cogs.verification:Refreshed Salesforce roles for Discord user 1031787147331645501: -5/+4 roles, assigned=[Commited, First Year, Ira A. Fulton Schools of Engineering, Out of State, Polytechnic]
Ignoring exception in on_member_update
Traceback (most recent call last):
  File "/usr/local/lib/python3.12/site-packages/discord/client.py", line 465, in _run_event
    await coro(*args, **kwargs)
  File "/app/asu_discord/cogs/analytics.py", line 652, in on_member_update
    before_timeout = before.timed_out_until
                     ^^^^^^^^^^^^^^^^^^^^^^
AttributeError: 'Member' object has no attribute 'timed_out_until'
Ignoring exception in on_member_update
Traceback (most recent call last):
  File "/usr/local/lib/python3.12/site-packages/discord/client.py", line 465, in _run_event
    await coro(*args, **kwargs)
  File "/app/asu_discord/cogs/analytics.py", line 652, in on_member_update
    before_timeout = before.timed_out_until
                     ^^^^^^^^^^^^^^^^^^^^^^
AttributeError: 'Member' object has no attribute 'timed_out_until'
Ignoring exception in on_member_update
Traceback (most recent call last):
  File "/usr/local/lib/python3.12/site-packages/discord/client.py", line 465, in _run_event
    await coro(*args, **kwargs)
  File "/app/asu_discord/cogs/analytics.py", line 652, in on_member_update
    before_timeout = before.timed_out_until
                     ^^^^^^^^^^^^^^^^^^^^^^
AttributeError: 'Member' object has no attribute 'timed_out_until'
Ignoring exception in on_member_update
Traceback (most recent call last):
  File "/usr/local/lib/python3.12/site-packages/discord/client.py", line 465, in _run_event
    await coro(*args, **kwargs)
  File "/app/asu_discord/cogs/analytics.py", line 652, in on_member_update
    before_timeout = before.timed_out_until
                     ^^^^^^^^^^^^^^^^^^^^^^
AttributeError: 'Member' object has no attribute 'timed_out_until'
Ignoring exception in on_member_update
Traceback (most recent call last):
  File "/usr/local/lib/python3.12/site-packages/discord/client.py", line 465, in _run_event
    await coro(*args, **kwargs)
  File "/app/asu_discord/cogs/analytics.py", line 652, in on_member_update
    before_timeout = before.timed_out_until
                     ^^^^^^^^^^^^^^^^^^^^^^
AttributeError: 'Member' object has no attribute 'timed_out_until'
Ignoring exception in on_member_update
Traceback (most recent call last):
  File "/usr/local/lib/python3.12/site-packages/discord/client.py", line 465, in _run_event
    await coro(*args, **kwargs)
  File "/app/asu_discord/cogs/analytics.py", line 652, in on_member_update
    before_timeout = before.timed_out_until
                     ^^^^^^^^^^^^^^^^^^^^^^
AttributeError: 'Member' object has no attribute 'timed_out_until'
Ignoring exception in on_member_update
Traceback (most recent call last):
  File "/usr/local/lib/python3.12/site-packages/discord/client.py", line 465, in _run_event
    await coro(*args, **kwargs)
  File "/app/asu_discord/cogs/analytics.py", line 652, in on_member_update
    before_timeout = before.timed_out_until
                     ^^^^^^^^^^^^^^^^^^^^^^
AttributeError: 'Member' object has no attribute 'timed_out_until'
Ignoring exception in on_member_update
Traceback (most recent call last):
  File "/usr/local/lib/python3.12/site-packages/discord/client.py", line 465, in _run_event
    await coro(*args, **kwargs)
  File "/app/asu_discord/cogs/analytics.py", line 652, in on_member_update
    before_timeout = before.timed_out_until
                     ^^^^^^^^^^^^^^^^^^^^^^
AttributeError: 'Member' object has no attribute 'timed_out_until'
Ignoring exception in on_member_update
Traceback (most recent call last):
  File "/usr/local/lib/python3.12/site-packages/discord/client.py", line 465, in _run_event
    await coro(*args, **kwargs)
  File "/app/asu_discord/cogs/analytics.py", line 652, in on_member_update
    before_timeout = before.timed_out_until
                     ^^^^^^^^^^^^^^^^^^^^^^
AttributeError: 'Member' object has no attribute 'timed_out_until'
Ignoring exception in on_member_update
Traceback (most recent call last):
  File "/usr/local/lib/python3.12/site-packages/discord/client.py", line 465, in _run_event
    await coro(*args, **kwargs)
  File "/app/asu_discord/cogs/analytics.py", line 652, in on_member_update
    before_timeout = before.timed_out_until
                     ^^^^^^^^^^^^^^^^^^^^^^
AttributeError: 'Member' object has no attribute 'timed_out_until'
Ignoring exception in on_member_update
Traceback (most recent call last):
  File "/usr/local/lib/python3.12/site-packages/discord/client.py", line 465, in _run_event
    await coro(*args, **kwargs)
  File "/app/asu_discord/cogs/analytics.py", line 652, in on_member_update
    before_timeout = before.timed_out_until
                     ^^^^^^^^^^^^^^^^^^^^^^
AttributeError: 'Member' object has no attribute 'timed_out_until'
INFO:asu_discord.cogs.verification:Saved 5 roles to database for user ecdick (Discord ID: 1462846213555617908)
INFO:asu_discord.cogs.verification:Refreshed Salesforce roles for Discord user 1462846213555617908: -5/+5 roles, assigned=[Arizona Resident, Commited, First Year, Ira A. Fulton Schools of Engineering, Tempe]
Ignoring exception in on_member_update
Traceback (most recent call last):
  File "/usr/local/lib/python3.12/site-packages/discord/client.py", line 465, in _run_event
    await coro(*args, **kwargs)
  File "/app/asu_discord/cogs/analytics.py", line 652, in on_member_update
    before_timeout = before.timed_out_until
                     ^^^^^^^^^^^^^^^^^^^^^^
AttributeError: 'Member' object has no attribute 'timed_out_until'
Ignoring exception in on_member_update
Traceback (most recent call last):
  File "/usr/local/lib/python3.12/site-packages/discord/client.py", line 465, in _run_event
    await coro(*args, **kwargs)
  File "/app/asu_discord/cogs/analytics.py", line 652, in on_member_update
    before_timeout = before.timed_out_until
                     ^^^^^^^^^^^^^^^^^^^^^^
AttributeError: 'Member' object has no attribute 'timed_out_until'
Ignoring exception in on_member_update
Traceback (most recent call last):
  File "/usr/local/lib/python3.12/site-packages/discord/client.py", line 465, in _run_event
    await coro(*args, **kwargs)
  File "/app/asu_discord/cogs/analytics.py", line 652, in on_member_update
    before_timeout = before.timed_out_until
                     ^^^^^^^^^^^^^^^^^^^^^^
AttributeError: 'Member' object has no attribute 'timed_out_until'
Ignoring exception in on_member_update
Traceback (most recent call last):
  File "/usr/local/lib/python3.12/site-packages/discord/client.py", line 465, in _run_event
    await coro(*args, **kwargs)
  File "/app/asu_discord/cogs/analytics.py", line 652, in on_member_update
    before_timeout = before.timed_out_until
                     ^^^^^^^^^^^^^^^^^^^^^^
AttributeError: 'Member' object has no attribute 'timed_out_until'
Ignoring exception in on_member_update
Traceback (most recent call last):
  File "/usr/local/lib/python3.12/site-packages/discord/client.py", line 465, in _run_event
    await coro(*args, **kwargs)
  File "/app/asu_discord/cogs/analytics.py", line 652, in on_member_update
    before_timeout = before.timed_out_until
                     ^^^^^^^^^^^^^^^^^^^^^^
AttributeError: 'Member' object has no attribute 'timed_out_until'
Ignoring exception in on_member_update
Traceback (most recent call last):
  File "/usr/local/lib/python3.12/site-packages/discord/client.py", line 465, in _run_event
    await coro(*args, **kwargs)
  File "/app/asu_discord/cogs/analytics.py", line 652, in on_member_update
    before_timeout = before.timed_out_until
                     ^^^^^^^^^^^^^^^^^^^^^^
AttributeError: 'Member' object has no attribute 'timed_out_until'
Ignoring exception in on_member_update
Traceback (most recent call last):
  File "/usr/local/lib/python3.12/site-packages/discord/client.py", line 465, in _run_event
    await coro(*args, **kwargs)
  File "/app/asu_discord/cogs/analytics.py", line 652, in on_member_update
    before_timeout = before.timed_out_until
                     ^^^^^^^^^^^^^^^^^^^^^^
AttributeError: 'Member' object has no attribute 'timed_out_until'
Ignoring exception in on_member_update
Traceback (most recent call last):
  File "/usr/local/lib/python3.12/site-packages/discord/client.py", line 465, in _run_event
    await coro(*args, **kwargs)
  File "/app/asu_discord/cogs/analytics.py", line 652, in on_member_update
    before_timeout = before.timed_out_until
                     ^^^^^^^^^^^^^^^^^^^^^^
AttributeError: 'Member' object has no attribute 'timed_out_until'
Ignoring exception in on_member_update
Traceback (most recent call last):
  File "/usr/local/lib/python3.12/site-packages/discord/client.py", line 465, in _run_event
    await coro(*args, **kwargs)
  File "/app/asu_discord/cogs/analytics.py", line 652, in on_member_update
    before_timeout = before.timed_out_until
                     ^^^^^^^^^^^^^^^^^^^^^^
AttributeError: 'Member' object has no attribute 'timed_out_until'
Ignoring exception in on_member_update
Traceback (most recent call last):
  File "/usr/local/lib/python3.12/site-packages/discord/client.py", line 465, in _run_event
    await coro(*args, **kwargs)
  File "/app/asu_discord/cogs/analytics.py", line 652, in on_member_update
    before_timeout = before.timed_out_until
                     ^^^^^^^^^^^^^^^^^^^^^^
AttributeError: 'Member' object has no attribute 'timed_out_until'
INFO:asu_discord.cogs.verification:Saved 5 roles to database for user yenyujen (Discord ID: 992516490542727248)
INFO:asu_discord.cogs.verification:Refreshed Salesforce roles for Discord user 992516490542727248: -5/+5 roles, assigned=[Commited, First Year, International Student, W.P. Carey School of Business, West Valley]
Ignoring exception in on_member_update
Traceback (most recent call last):
  File "/usr/local/lib/python3.12/site-packages/discord/client.py", line 465, in _run_event
    await coro(*args, **kwargs)
  File "/app/asu_discord/cogs/analytics.py", line 652, in on_member_update
    before_timeout = before.timed_out_until
                     ^^^^^^^^^^^^^^^^^^^^^^
AttributeError: 'Member' object has no attribute 'timed_out_until'
Ignoring exception in on_member_update
Traceback (most recent call last):
  File "/usr/local/lib/python3.12/site-packages/discord/client.py", line 465, in _run_event
    await coro(*args, **kwargs)
  File "/app/asu_discord/cogs/analytics.py", line 652, in on_member_update
    before_timeout = before.timed_out_until
                     ^^^^^^^^^^^^^^^^^^^^^^
AttributeError: 'Member' object has no attribute 'timed_out_until'
Ignoring exception in on_member_update
Traceback (most recent call last):
  File "/usr/local/lib/python3.12/site-packages/discord/client.py", line 465, in _run_event
    await coro(*args, **kwargs)
  File "/app/asu_discord/cogs/analytics.py", line 652, in on_member_update
    before_timeout = before.timed_out_until
                     ^^^^^^^^^^^^^^^^^^^^^^
AttributeError: 'Member' object has no attribute 'timed_out_until'
Ignoring exception in on_member_update
Traceback (most recent call last):
  File "/usr/local/lib/python3.12/site-packages/discord/client.py", line 465, in _run_event
    await coro(*args, **kwargs)
  File "/app/asu_discord/cogs/analytics.py", line 652, in on_member_update
    before_timeout = before.timed_out_until
                     ^^^^^^^^^^^^^^^^^^^^^^
AttributeError: 'Member' object has no attribute 'timed_out_until'
Ignoring exception in on_member_update
Traceback (most recent call last):
  File "/usr/local/lib/python3.12/site-packages/discord/client.py", line 465, in _run_event
    await coro(*args, **kwargs)
  File "/app/asu_discord/cogs/analytics.py", line 652, in on_member_update
    before_timeout = before.timed_out_until
                     ^^^^^^^^^^^^^^^^^^^^^^
AttributeError: 'Member' object has no attribute 'timed_out_until'
Ignoring exception in on_member_update
Traceback (most recent call last):
  File "/usr/local/lib/python3.12/site-packages/discord/client.py", line 465, in _run_event
    await coro(*args, **kwargs)
  File "/app/asu_discord/cogs/analytics.py", line 652, in on_member_update
    before_timeout = before.timed_out_until
                     ^^^^^^^^^^^^^^^^^^^^^^
AttributeError: 'Member' object has no attribute 'timed_out_until'
Ignoring exception in on_member_update
Traceback (most recent call last):
  File "/usr/local/lib/python3.12/site-packages/discord/client.py", line 465, in _run_event
    await coro(*args, **kwargs)
  File "/app/asu_discord/cogs/analytics.py", line 652, in on_member_update
    before_timeout = before.timed_out_until
                     ^^^^^^^^^^^^^^^^^^^^^^
AttributeError: 'Member' object has no attribute 'timed_out_until'
Ignoring exception in on_member_update
Traceback (most recent call last):
  File "/usr/local/lib/python3.12/site-packages/discord/client.py", line 465, in _run_event
    await coro(*args, **kwargs)
  File "/app/asu_discord/cogs/analytics.py", line 652, in on_member_update
    before_timeout = before.timed_out_until
                     ^^^^^^^^^^^^^^^^^^^^^^
AttributeError: 'Member' object has no attribute 'timed_out_until'
Ignoring exception in on_member_update
Traceback (most recent call last):
  File "/usr/local/lib/python3.12/site-packages/discord/client.py", line 465, in _run_event
    await coro(*args, **kwargs)
  File "/app/asu_discord/cogs/analytics.py", line 652, in on_member_update
    before_timeout = before.timed_out_until
                     ^^^^^^^^^^^^^^^^^^^^^^
AttributeError: 'Member' object has no attribute 'timed_out_until'
INFO:asu_discord.cogs.verification:Saved 5 roles to database for user jmacedoi (Discord ID: 570959840852312076)
INFO:asu_discord.cogs.verification:Refreshed Salesforce roles for Discord user 570959840852312076: -5/+4 roles, assigned=[Commited, First Year, International Student, Tempe, W.P. Carey School of Business]
Ignoring exception in on_member_update
Traceback (most recent call last):
  File "/usr/local/lib/python3.12/site-packages/discord/client.py", line 465, in _run_event
    await coro(*args, **kwargs)
  File "/app/asu_discord/cogs/analytics.py", line 652, in on_member_update
    before_timeout = before.timed_out_until
                     ^^^^^^^^^^^^^^^^^^^^^^
AttributeError: 'Member' object has no attribute 'timed_out_until'
Ignoring exception in on_member_update
Traceback (most recent call last):
  File "/usr/local/lib/python3.12/site-packages/discord/client.py", line 465, in _run_event
    await coro(*args, **kwargs)
  File "/app/asu_discord/cogs/analytics.py", line 652, in on_member_update
    before_timeout = before.timed_out_until
                     ^^^^^^^^^^^^^^^^^^^^^^
AttributeError: 'Member' object has no attribute 'timed_out_until'
Ignoring exception in on_member_update
Traceback (most recent call last):
  File "/usr/local/lib/python3.12/site-packages/discord/client.py", line 465, in _run_event
    await coro(*args, **kwargs)
  File "/app/asu_discord/cogs/analytics.py", line 652, in on_member_update
    before_timeout = before.timed_out_until
                     ^^^^^^^^^^^^^^^^^^^^^^
AttributeError: 'Member' object has no attribute 'timed_out_until'
Ignoring exception in on_member_update
Traceback (most recent call last):
  File "/usr/local/lib/python3.12/site-packages/discord/client.py", line 465, in _run_event
    await coro(*args, **kwargs)
  File "/app/asu_discord/cogs/analytics.py", line 652, in on_member_update
    before_timeout = before.timed_out_until
                     ^^^^^^^^^^^^^^^^^^^^^^
AttributeError: 'Member' object has no attribute 'timed_out_until'
Ignoring exception in on_member_update
Traceback (most recent call last):
  File "/usr/local/lib/python3.12/site-packages/discord/client.py", line 465, in _run_event
    await coro(*args, **kwargs)
  File "/app/asu_discord/cogs/analytics.py", line 652, in on_member_update
    before_timeout = before.timed_out_until
                     ^^^^^^^^^^^^^^^^^^^^^^
AttributeError: 'Member' object has no attribute 'timed_out_until'
Ignoring exception in on_member_update
Traceback (most recent call last):
  File "/usr/local/lib/python3.12/site-packages/discord/client.py", line 465, in _run_event
    await coro(*args, **kwargs)
  File "/app/asu_discord/cogs/analytics.py", line 652, in on_member_update
    before_timeout = before.timed_out_until
                     ^^^^^^^^^^^^^^^^^^^^^^
AttributeError: 'Member' object has no attribute 'timed_out_until'
Ignoring exception in on_member_update
Traceback (most recent call last):
  File "/usr/local/lib/python3.12/site-packages/discord/client.py", line 465, in _run_event
    await coro(*args, **kwargs)
  File "/app/asu_discord/cogs/analytics.py", line 652, in on_member_update
    before_timeout = before.timed_out_until
                     ^^^^^^^^^^^^^^^^^^^^^^
AttributeError: 'Member' object has no attribute 'timed_out_until'
Ignoring exception in on_member_update
Traceback (most recent call last):
  File "/usr/local/lib/python3.12/site-packages/discord/client.py", line 465, in _run_event
    await coro(*args, **kwargs)
  File "/app/asu_discord/cogs/analytics.py", line 652, in on_member_update
    before_timeout = before.timed_out_until
                     ^^^^^^^^^^^^^^^^^^^^^^
AttributeError: 'Member' object has no attribute 'timed_out_until'
INFO:asu_discord.cogs.verification:Saved 4 roles to database for user qtshanno (Discord ID: 741833547178049597)
INFO:asu_discord.cogs.verification:Refreshed Salesforce roles for Discord user 741833547178049597: -4/+4 roles, assigned=[Arizona Resident, First Year, Tempe, W.P. Carey School of Business]
Ignoring exception in on_member_update
Traceback (most recent call last):
  File "/usr/local/lib/python3.12/site-packages/discord/client.py", line 465, in _run_event
    await coro(*args, **kwargs)
  File "/app/asu_discord/cogs/analytics.py", line 652, in on_member_update
    before_timeout = before.timed_out_until
                     ^^^^^^^^^^^^^^^^^^^^^^
AttributeError: 'Member' object has no attribute 'timed_out_until'
Ignoring exception in on_member_update
Traceback (most recent call last):
  File "/usr/local/lib/python3.12/site-packages/discord/client.py", line 465, in _run_event
    await coro(*args, **kwargs)
  File "/app/asu_discord/cogs/analytics.py", line 652, in on_member_update
    before_timeout = before.timed_out_until
                     ^^^^^^^^^^^^^^^^^^^^^^
AttributeError: 'Member' object has no attribute 'timed_out_until'
Ignoring exception in on_member_update
Traceback (most recent call last):
  File "/usr/local/lib/python3.12/site-packages/discord/client.py", line 465, in _run_event
    await coro(*args, **kwargs)
  File "/app/asu_discord/cogs/analytics.py", line 652, in on_member_update
    before_timeout = before.timed_out_until
                     ^^^^^^^^^^^^^^^^^^^^^^
AttributeError: 'Member' object has no attribute 'timed_out_until'
Ignoring exception in on_member_update
Traceback (most recent call last):
  File "/usr/local/lib/python3.12/site-packages/discord/client.py", line 465, in _run_event
    await coro(*args, **kwargs)
  File "/app/asu_discord/cogs/analytics.py", line 652, in on_member_update
    before_timeout = before.timed_out_until
                     ^^^^^^^^^^^^^^^^^^^^^^
AttributeError: 'Member' object has no attribute 'timed_out_until'
Ignoring exception in on_member_update
Traceback (most recent call last):
  File "/usr/local/lib/python3.12/site-packages/discord/client.py", line 465, in _run_event
    await coro(*args, **kwargs)
  File "/app/asu_discord/cogs/analytics.py", line 652, in on_member_update
    before_timeout = before.timed_out_until
                     ^^^^^^^^^^^^^^^^^^^^^^
AttributeError: 'Member' object has no attribute 'timed_out_until'
Ignoring exception in on_member_update
Traceback (most recent call last):
  File "/usr/local/lib/python3.12/site-packages/discord/client.py", line 465, in _run_event
    await coro(*args, **kwargs)
  File "/app/asu_discord/cogs/analytics.py", line 652, in on_member_update
    before_timeout = before.timed_out_until
                     ^^^^^^^^^^^^^^^^^^^^^^
AttributeError: 'Member' object has no attribute 'timed_out_until'
INFO:asu_discord.cogs.verification:Saved 4 roles to database for user asgosala (Discord ID: 1489648150842052618)
INFO:asu_discord.cogs.verification:Refreshed Salesforce roles for Discord user 1489648150842052618: -4/+3 roles, assigned=[Graduate Student, International Student, Tempe, W.P. Carey School of Business]
Ignoring exception in on_member_update
Traceback (most recent call last):
  File "/usr/local/lib/python3.12/site-packages/discord/client.py", line 465, in _run_event
    await coro(*args, **kwargs)
  File "/app/asu_discord/cogs/analytics.py", line 652, in on_member_update
    before_timeout = before.timed_out_until
                     ^^^^^^^^^^^^^^^^^^^^^^
AttributeError: 'Member' object has no attribute 'timed_out_until'
Ignoring exception in on_member_update
Traceback (most recent call last):
  File "/usr/local/lib/python3.12/site-packages/discord/client.py", line 465, in _run_event
    await coro(*args, **kwargs)
  File "/app/asu_discord/cogs/analytics.py", line 652, in on_member_update
    before_timeout = before.timed_out_until
                     ^^^^^^^^^^^^^^^^^^^^^^
AttributeError: 'Member' object has no attribute 'timed_out_until'
Ignoring exception in on_member_update
Traceback (most recent call last):
  File "/usr/local/lib/python3.12/site-packages/discord/client.py", line 465, in _run_event
    await coro(*args, **kwargs)
  File "/app/asu_discord/cogs/analytics.py", line 652, in on_member_update
    before_timeout = before.timed_out_until
                     ^^^^^^^^^^^^^^^^^^^^^^
AttributeError: 'Member' object has no attribute 'timed_out_until'
Ignoring exception in on_member_update
Traceback (most recent call last):
  File "/usr/local/lib/python3.12/site-packages/discord/client.py", line 465, in _run_event
    await coro(*args, **kwargs)
  File "/app/asu_discord/cogs/analytics.py", line 652, in on_member_update
    before_timeout = before.timed_out_until
                     ^^^^^^^^^^^^^^^^^^^^^^
AttributeError: 'Member' object has no attribute 'timed_out_until'
Ignoring exception in on_member_update
Traceback (most recent call last):
  File "/usr/local/lib/python3.12/site-packages/discord/client.py", line 465, in _run_event
    await coro(*args, **kwargs)
  File "/app/asu_discord/cogs/analytics.py", line 652, in on_member_update
    before_timeout = before.timed_out_until
                     ^^^^^^^^^^^^^^^^^^^^^^
AttributeError: 'Member' object has no attribute 'timed_out_until'
Ignoring exception in on_member_update
Traceback (most recent call last):
  File "/usr/local/lib/python3.12/site-packages/discord/client.py", line 465, in _run_event
    await coro(*args, **kwargs)
  File "/app/asu_discord/cogs/analytics.py", line 652, in on_member_update
    before_timeout = before.timed_out_until
                     ^^^^^^^^^^^^^^^^^^^^^^
AttributeError: 'Member' object has no attribute 'timed_out_until'
Ignoring exception in on_member_update
Traceback (most recent call last):
  File "/usr/local/lib/python3.12/site-packages/discord/client.py", line 465, in _run_event
    await coro(*args, **kwargs)
  File "/app/asu_discord/cogs/analytics.py", line 652, in on_member_update
    before_timeout = before.timed_out_until
                     ^^^^^^^^^^^^^^^^^^^^^^
AttributeError: 'Member' object has no attribute 'timed_out_until'
Ignoring exception in on_member_update
Traceback (most recent call last):
  File "/usr/local/lib/python3.12/site-packages/discord/client.py", line 465, in _run_event
    await coro(*args, **kwargs)
  File "/app/asu_discord/cogs/analytics.py", line 652, in on_member_update
    before_timeout = before.timed_out_until
                     ^^^^^^^^^^^^^^^^^^^^^^
AttributeError: 'Member' object has no attribute 'timed_out_until'
Ignoring exception in on_member_update
Traceback (most recent call last):
  File "/usr/local/lib/python3.12/site-packages/discord/client.py", line 465, in _run_event
    await coro(*args, **kwargs)
  File "/app/asu_discord/cogs/analytics.py", line 652, in on_member_update
    before_timeout = before.timed_out_until
                     ^^^^^^^^^^^^^^^^^^^^^^
AttributeError: 'Member' object has no attribute 'timed_out_until'
Ignoring exception in on_member_update
Traceback (most recent call last):
  File "/usr/local/lib/python3.12/site-packages/discord/client.py", line 465, in _run_event
    await coro(*args, **kwargs)
  File "/app/asu_discord/cogs/analytics.py", line 652, in on_member_update
    before_timeout = before.timed_out_until
                     ^^^^^^^^^^^^^^^^^^^^^^
AttributeError: 'Member' object has no attribute 'timed_out_until'
INFO:asu_discord.cogs.verification:Saved 5 roles to database for user yongluzo (Discord ID: 1154777721998688358)
INFO:asu_discord.cogs.verification:Refreshed Salesforce roles for Discord user 1154777721998688358: -4/+5 roles, assigned=[Commited, Graduate Student, Herberger Institute for Design and the Arts, International Student, Tempe]
Ignoring exception in on_member_update
Traceback (most recent call last):
  File "/usr/local/lib/python3.12/site-packages/discord/client.py", line 465, in _run_event
    await coro(*args, **kwargs)
  File "/app/asu_discord/cogs/analytics.py", line 652, in on_member_update
    before_timeout = before.timed_out_until
                     ^^^^^^^^^^^^^^^^^^^^^^
AttributeError: 'Member' object has no attribute 'timed_out_until'
Ignoring exception in on_member_update
Traceback (most recent call last):
  File "/usr/local/lib/python3.12/site-packages/discord/client.py", line 465, in _run_event
    await coro(*args, **kwargs)
  File "/app/asu_discord/cogs/analytics.py", line 652, in on_member_update
    before_timeout = before.timed_out_until
                     ^^^^^^^^^^^^^^^^^^^^^^
AttributeError: 'Member' object has no attribute 'timed_out_until'
Ignoring exception in on_member_update
Traceback (most recent call last):
  File "/usr/local/lib/python3.12/site-packages/discord/client.py", line 465, in _run_event
    await coro(*args, **kwargs)
  File "/app/asu_discord/cogs/analytics.py", line 652, in on_member_update
    before_timeout = before.timed_out_until
                     ^^^^^^^^^^^^^^^^^^^^^^
AttributeError: 'Member' object has no attribute 'timed_out_until'
Ignoring exception in on_member_update
Traceback (most recent call last):
  File "/usr/local/lib/python3.12/site-packages/discord/client.py", line 465, in _run_event
    await coro(*args, **kwargs)
  File "/app/asu_discord/cogs/analytics.py", line 652, in on_member_update
    before_timeout = before.timed_out_until
                     ^^^^^^^^^^^^^^^^^^^^^^
AttributeError: 'Member' object has no attribute 'timed_out_until'
Ignoring exception in on_member_update
Traceback (most recent call last):
  File "/usr/local/lib/python3.12/site-packages/discord/client.py", line 465, in _run_event
    await coro(*args, **kwargs)
  File "/app/asu_discord/cogs/analytics.py", line 652, in on_member_update
    before_timeout = before.timed_out_until
                     ^^^^^^^^^^^^^^^^^^^^^^
AttributeError: 'Member' object has no attribute 'timed_out_until'
Ignoring exception in on_member_update
Traceback (most recent call last):
  File "/usr/local/lib/python3.12/site-packages/discord/client.py", line 465, in _run_event
    await coro(*args, **kwargs)
  File "/app/asu_discord/cogs/analytics.py", line 652, in on_member_update
    before_timeout = before.timed_out_until
                     ^^^^^^^^^^^^^^^^^^^^^^
AttributeError: 'Member' object has no attribute 'timed_out_until'
Ignoring exception in on_member_update
Traceback (most recent call last):
  File "/usr/local/lib/python3.12/site-packages/discord/client.py", line 465, in _run_event
    await coro(*args, **kwargs)
  File "/app/asu_discord/cogs/analytics.py", line 652, in on_member_update
    before_timeout = before.timed_out_until
                     ^^^^^^^^^^^^^^^^^^^^^^
AttributeError: 'Member' object has no attribute 'timed_out_until'
Ignoring exception in on_member_update
Traceback (most recent call last):
  File "/usr/local/lib/python3.12/site-packages/discord/client.py", line 465, in _run_event
    await coro(*args, **kwargs)
  File "/app/asu_discord/cogs/analytics.py", line 652, in on_member_update
    before_timeout = before.timed_out_until
                     ^^^^^^^^^^^^^^^^^^^^^^
AttributeError: 'Member' object has no attribute 'timed_out_until'
Ignoring exception in on_member_update
Traceback (most recent call last):
  File "/usr/local/lib/python3.12/site-packages/discord/client.py", line 465, in _run_event
    await coro(*args, **kwargs)
  File "/app/asu_discord/cogs/analytics.py", line 652, in on_member_update
    before_timeout = before.timed_out_until
                     ^^^^^^^^^^^^^^^^^^^^^^
AttributeError: 'Member' object has no attribute 'timed_out_until'
INFO:asu_discord.cogs.verification:Saved 5 roles to database for user vichavez (Discord ID: 1491286487537418342)
INFO:asu_discord.cogs.verification:Refreshed Salesforce roles for Discord user 1491286487537418342: -5/+4 roles, assigned=[Arizona Resident, Commited, First Year, Ira A. Fulton Schools of Engineering, Tempe]
Ignoring exception in on_member_update
Traceback (most recent call last):
  File "/usr/local/lib/python3.12/site-packages/discord/client.py", line 465, in _run_event
    await coro(*args, **kwargs)
  File "/app/asu_discord/cogs/analytics.py", line 652, in on_member_update
    before_timeout = before.timed_out_until
                     ^^^^^^^^^^^^^^^^^^^^^^
AttributeError: 'Member' object has no attribute 'timed_out_until'
Ignoring exception in on_member_update
Traceback (most recent call last):
  File "/usr/local/lib/python3.12/site-packages/discord/client.py", line 465, in _run_event
    await coro(*args, **kwargs)
  File "/app/asu_discord/cogs/analytics.py", line 652, in on_member_update
    before_timeout = before.timed_out_until
                     ^^^^^^^^^^^^^^^^^^^^^^
AttributeError: 'Member' object has no attribute 'timed_out_until'
Ignoring exception in on_member_update
Traceback (most recent call last):
  File "/usr/local/lib/python3.12/site-packages/discord/client.py", line 465, in _run_event
    await coro(*args, **kwargs)
  File "/app/asu_discord/cogs/analytics.py", line 652, in on_member_update
    before_timeout = before.timed_out_until
                     ^^^^^^^^^^^^^^^^^^^^^^
AttributeError: 'Member' object has no attribute 'timed_out_until'
Ignoring exception in on_member_update
Traceback (most recent call last):
  File "/usr/local/lib/python3.12/site-packages/discord/client.py", line 465, in _run_event
    await coro(*args, **kwargs)
  File "/app/asu_discord/cogs/analytics.py", line 652, in on_member_update
    before_timeout = before.timed_out_until
                     ^^^^^^^^^^^^^^^^^^^^^^
AttributeError: 'Member' object has no attribute 'timed_out_until'
Ignoring exception in on_member_update
Traceback (most recent call last):
  File "/usr/local/lib/python3.12/site-packages/discord/client.py", line 465, in _run_event
    await coro(*args, **kwargs)
  File "/app/asu_discord/cogs/analytics.py", line 652, in on_member_update
    before_timeout = before.timed_out_until
                     ^^^^^^^^^^^^^^^^^^^^^^
AttributeError: 'Member' object has no attribute 'timed_out_until'
Ignoring exception in on_member_update
Traceback (most recent call last):
  File "/usr/local/lib/python3.12/site-packages/discord/client.py", line 465, in _run_event
    await coro(*args, **kwargs)
  File "/app/asu_discord/cogs/analytics.py", line 652, in on_member_update
    before_timeout = before.timed_out_until
                     ^^^^^^^^^^^^^^^^^^^^^^
AttributeError: 'Member' object has no attribute 'timed_out_until'
Ignoring exception in on_member_update
Traceback (most recent call last):
  File "/usr/local/lib/python3.12/site-packages/discord/client.py", line 465, in _run_event
    await coro(*args, **kwargs)
  File "/app/asu_discord/cogs/analytics.py", line 652, in on_member_update
    before_timeout = before.timed_out_until
                     ^^^^^^^^^^^^^^^^^^^^^^
AttributeError: 'Member' object has no attribute 'timed_out_until'
Ignoring exception in on_member_update
Traceback (most recent call last):
  File "/usr/local/lib/python3.12/site-packages/discord/client.py", line 465, in _run_event
    await coro(*args, **kwargs)
  File "/app/asu_discord/cogs/analytics.py", line 652, in on_member_update
    before_timeout = before.timed_out_until
                     ^^^^^^^^^^^^^^^^^^^^^^
AttributeError: 'Member' object has no attribute 'timed_out_until'
Ignoring exception in on_member_update
Traceback (most recent call last):
  File "/usr/local/lib/python3.12/site-packages/discord/client.py", line 465, in _run_event
    await coro(*args, **kwargs)
  File "/app/asu_discord/cogs/analytics.py", line 652, in on_member_update
    before_timeout = before.timed_out_until
                     ^^^^^^^^^^^^^^^^^^^^^^
AttributeError: 'Member' object has no attribute 'timed_out_until'
Ignoring exception in on_member_update
Traceback (most recent call last):
  File "/usr/local/lib/python3.12/site-packages/discord/client.py", line 465, in _run_event
    await coro(*args, **kwargs)
  File "/app/asu_discord/cogs/analytics.py", line 652, in on_member_update
    before_timeout = before.timed_out_until
                     ^^^^^^^^^^^^^^^^^^^^^^
AttributeError: 'Member' object has no attribute 'timed_out_until'
INFO:asu_discord.cogs.verification:Saved 5 roles to database for user ahannig2 (Discord ID: 621888352295059468)
INFO:asu_discord.cogs.verification:Refreshed Salesforce roles for Discord user 621888352295059468: -5/+5 roles, assigned=[Arizona Resident, Commited, Downtown Phoenix, First Year, Watts College of Public Service and Community Solutions]
Ignoring exception in on_member_update
Traceback (most recent call last):
  File "/usr/local/lib/python3.12/site-packages/discord/client.py", line 465, in _run_event
    await coro(*args, **kwargs)
  File "/app/asu_discord/cogs/analytics.py", line 652, in on_member_update
    before_timeout = before.timed_out_until
                     ^^^^^^^^^^^^^^^^^^^^^^
AttributeError: 'Member' object has no attribute 'timed_out_until'
Ignoring exception in on_member_update
Traceback (most recent call last):
  File "/usr/local/lib/python3.12/site-packages/discord/client.py", line 465, in _run_event
    await coro(*args, **kwargs)
  File "/app/asu_discord/cogs/analytics.py", line 652, in on_member_update
    before_timeout = before.timed_out_until
                     ^^^^^^^^^^^^^^^^^^^^^^
AttributeError: 'Member' object has no attribute 'timed_out_until'
Ignoring exception in on_member_update
Traceback (most recent call last):
  File "/usr/local/lib/python3.12/site-packages/discord/client.py", line 465, in _run_event
    await coro(*args, **kwargs)
  File "/app/asu_discord/cogs/analytics.py", line 652, in on_member_update
    before_timeout = before.timed_out_until
                     ^^^^^^^^^^^^^^^^^^^^^^
AttributeError: 'Member' object has no attribute 'timed_out_until'
Ignoring exception in on_member_update
Traceback (most recent call last):
  File "/usr/local/lib/python3.12/site-packages/discord/client.py", line 465, in _run_event
    await coro(*args, **kwargs)
  File "/app/asu_discord/cogs/analytics.py", line 652, in on_member_update
    before_timeout = before.timed_out_until
                     ^^^^^^^^^^^^^^^^^^^^^^
AttributeError: 'Member' object has no attribute 'timed_out_until'
Ignoring exception in on_member_update
Traceback (most recent call last):
  File "/usr/local/lib/python3.12/site-packages/discord/client.py", line 465, in _run_event
    await coro(*args, **kwargs)
  File "/app/asu_discord/cogs/analytics.py", line 652, in on_member_update
    before_timeout = before.timed_out_until
                     ^^^^^^^^^^^^^^^^^^^^^^
AttributeError: 'Member' object has no attribute 'timed_out_until'
Ignoring exception in on_member_update
Traceback (most recent call last):
  File "/usr/local/lib/python3.12/site-packages/discord/client.py", line 465, in _run_event
    await coro(*args, **kwargs)
  File "/app/asu_discord/cogs/analytics.py", line 652, in on_member_update
    before_timeout = before.timed_out_until
                     ^^^^^^^^^^^^^^^^^^^^^^
AttributeError: 'Member' object has no attribute 'timed_out_until'
Ignoring exception in on_member_update
Traceback (most recent call last):
  File "/usr/local/lib/python3.12/site-packages/discord/client.py", line 465, in _run_event
    await coro(*args, **kwargs)
  File "/app/asu_discord/cogs/analytics.py", line 652, in on_member_update
    before_timeout = before.timed_out_until
                     ^^^^^^^^^^^^^^^^^^^^^^
AttributeError: 'Member' object has no attribute 'timed_out_until'
Ignoring exception in on_member_update
Traceback (most recent call last):
  File "/usr/local/lib/python3.12/site-packages/discord/client.py", line 465, in _run_event
    await coro(*args, **kwargs)
  File "/app/asu_discord/cogs/analytics.py", line 652, in on_member_update
    before_timeout = before.timed_out_until
                     ^^^^^^^^^^^^^^^^^^^^^^
AttributeError: 'Member' object has no attribute 'timed_out_until'
Ignoring exception in on_member_update
Traceback (most recent call last):
  File "/usr/local/lib/python3.12/site-packages/discord/client.py", line 465, in _run_event
    await coro(*args, **kwargs)
  File "/app/asu_discord/cogs/analytics.py", line 652, in on_member_update
    before_timeout = before.timed_out_until
                     ^^^^^^^^^^^^^^^^^^^^^^
AttributeError: 'Member' object has no attribute 'timed_out_until'
Ignoring exception in on_member_update
Traceback (most recent call last):
  File "/usr/local/lib/python3.12/site-packages/discord/client.py", line 465, in _run_event
    await coro(*args, **kwargs)
  File "/app/asu_discord/cogs/analytics.py", line 652, in on_member_update
    before_timeout = before.timed_out_until
                     ^^^^^^^^^^^^^^^^^^^^^^
AttributeError: 'Member' object has no attribute 'timed_out_until'
ERROR:cron.jobs:refresh_salesforce_roles: failed for lmmyer10 (Discord ID 851605170907250698): Timed out refresh Salesforce-based roles
Ignoring exception in on_member_update
Traceback (most recent call last):
  File "/usr/local/lib/python3.12/site-packages/discord/client.py", line 465, in _run_event
    await coro(*args, **kwargs)
  File "/app/asu_discord/cogs/analytics.py", line 652, in on_member_update
    before_timeout = before.timed_out_until
                     ^^^^^^^^^^^^^^^^^^^^^^
AttributeError: 'Member' object has no attribute 'timed_out_until'
Ignoring exception in on_member_update
Traceback (most recent call last):
  File "/usr/local/lib/python3.12/site-packages/discord/client.py", line 465, in _run_event
    await coro(*args, **kwargs)
  File "/app/asu_discord/cogs/analytics.py", line 652, in on_member_update
    before_timeout = before.timed_out_until
                     ^^^^^^^^^^^^^^^^^^^^^^
AttributeError: 'Member' object has no attribute 'timed_out_until'
Ignoring exception in on_member_update
Traceback (most recent call last):
  File "/usr/local/lib/python3.12/site-packages/discord/client.py", line 465, in _run_event
    await coro(*args, **kwargs)
  File "/app/asu_discord/cogs/analytics.py", line 652, in on_member_update
    before_timeout = before.timed_out_until
                     ^^^^^^^^^^^^^^^^^^^^^^
AttributeError: 'Member' object has no attribute 'timed_out_until'
Ignoring exception in on_member_update
Traceback (most recent call last):
  File "/usr/local/lib/python3.12/site-packages/discord/client.py", line 465, in _run_event
    await coro(*args, **kwargs)
  File "/app/asu_discord/cogs/analytics.py", line 652, in on_member_update
    before_timeout = before.timed_out_until
                     ^^^^^^^^^^^^^^^^^^^^^^
AttributeError: 'Member' object has no attribute 'timed_out_until'
Ignoring exception in on_member_update
Traceback (most recent call last):
  File "/usr/local/lib/python3.12/site-packages/discord/client.py", line 465, in _run_event
    await coro(*args, **kwargs)
  File "/app/asu_discord/cogs/analytics.py", line 652, in on_member_update
    before_timeout = before.timed_out_until
                     ^^^^^^^^^^^^^^^^^^^^^^
AttributeError: 'Member' object has no attribute 'timed_out_until'
Ignoring exception in on_member_update
Traceback (most recent call last):
  File "/usr/local/lib/python3.12/site-packages/discord/client.py", line 465, in _run_event
    await coro(*args, **kwargs)
  File "/app/asu_discord/cogs/analytics.py", line 652, in on_member_update
    before_timeout = before.timed_out_until
                     ^^^^^^^^^^^^^^^^^^^^^^
AttributeError: 'Member' object has no attribute 'timed_out_until'
Ignoring exception in on_member_update
Traceback (most recent call last):
  File "/usr/local/lib/python3.12/site-packages/discord/client.py", line 465, in _run_event
    await coro(*args, **kwargs)
  File "/app/asu_discord/cogs/analytics.py", line 652, in on_member_update
    before_timeout = before.timed_out_until
                     ^^^^^^^^^^^^^^^^^^^^^^
AttributeError: 'Member' object has no attribute 'timed_out_until'
Ignoring exception in on_member_update
Traceback (most recent call last):
  File "/usr/local/lib/python3.12/site-packages/discord/client.py", line 465, in _run_event
    await coro(*args, **kwargs)
  File "/app/asu_discord/cogs/analytics.py", line 652, in on_member_update
    before_timeout = before.timed_out_until
                     ^^^^^^^^^^^^^^^^^^^^^^
AttributeError: 'Member' object has no attribute 'timed_out_until'
Ignoring exception in on_member_update
Traceback (most recent call last):
  File "/usr/local/lib/python3.12/site-packages/discord/client.py", line 465, in _run_event
    await coro(*args, **kwargs)
  File "/app/asu_discord/cogs/analytics.py", line 652, in on_member_update
    before_timeout = before.timed_out_until
                     ^^^^^^^^^^^^^^^^^^^^^^
AttributeError: 'Member' object has no attribute 'timed_out_until'
Ignoring exception in on_member_update
Traceback (most recent call last):
  File "/usr/local/lib/python3.12/site-packages/discord/client.py", line 465, in _run_event
    await coro(*args, **kwargs)
  File "/app/asu_discord/cogs/analytics.py", line 652, in on_member_update
    before_timeout = before.timed_out_until
                     ^^^^^^^^^^^^^^^^^^^^^^
AttributeError: 'Member' object has no attribute 'timed_out_until'
INFO:asu_discord.cogs.verification:Saved 5 roles to database for user jahona (Discord ID: 1010052134445785088)
INFO:asu_discord.cogs.verification:Refreshed Salesforce roles for Discord user 1010052134445785088: -5/+5 roles, assigned=[College of Liberal Arts and Sciences, First Generation Student, Graduate Student, International Student, Tempe]
ERROR:cron.jobs:refresh_salesforce_roles: failed for askhan21 (Discord ID 889298683592589362): Failed to refresh Salesforce-based roles: Discord user 889298683592589362 is not a member of the guild
Ignoring exception in on_member_update
Traceback (most recent call last):
  File "/usr/local/lib/python3.12/site-packages/discord/client.py", line 465, in _run_event
    await coro(*args, **kwargs)
  File "/app/asu_discord/cogs/analytics.py", line 652, in on_member_update
    before_timeout = before.timed_out_until
                     ^^^^^^^^^^^^^^^^^^^^^^
AttributeError: 'Member' object has no attribute 'timed_out_until'
Ignoring exception in on_member_update
Traceback (most recent call last):
  File "/usr/local/lib/python3.12/site-packages/discord/client.py", line 465, in _run_event
    await coro(*args, **kwargs)
  File "/app/asu_discord/cogs/analytics.py", line 652, in on_member_update
    before_timeout = before.timed_out_until
                     ^^^^^^^^^^^^^^^^^^^^^^
AttributeError: 'Member' object has no attribute 'timed_out_until'
Ignoring exception in on_member_update
Traceback (most recent call last):
  File "/usr/local/lib/python3.12/site-packages/discord/client.py", line 465, in _run_event
    await coro(*args, **kwargs)
  File "/app/asu_discord/cogs/analytics.py", line 652, in on_member_update
    before_timeout = before.timed_out_until
                     ^^^^^^^^^^^^^^^^^^^^^^
AttributeError: 'Member' object has no attribute 'timed_out_until'
Ignoring exception in on_member_update
Traceback (most recent call last):
  File "/usr/local/lib/python3.12/site-packages/discord/client.py", line 465, in _run_event
    await coro(*args, **kwargs)
  File "/app/asu_discord/cogs/analytics.py", line 652, in on_member_update
    before_timeout = before.timed_out_until
                     ^^^^^^^^^^^^^^^^^^^^^^
AttributeError: 'Member' object has no attribute 'timed_out_until'
Ignoring exception in on_member_update
Traceback (most recent call last):
  File "/usr/local/lib/python3.12/site-packages/discord/client.py", line 465, in _run_event
    await coro(*args, **kwargs)
  File "/app/asu_discord/cogs/analytics.py", line 652, in on_member_update
    before_timeout = before.timed_out_until
                     ^^^^^^^^^^^^^^^^^^^^^^
AttributeError: 'Member' object has no attribute 'timed_out_until'
Ignoring exception in on_member_update
Traceback (most recent call last):
  File "/usr/local/lib/python3.12/site-packages/discord/client.py", line 465, in _run_event
    await coro(*args, **kwargs)
  File "/app/asu_discord/cogs/analytics.py", line 652, in on_member_update
    before_timeout = before.timed_out_until
                     ^^^^^^^^^^^^^^^^^^^^^^
AttributeError: 'Member' object has no attribute 'timed_out_until'
Ignoring exception in on_member_update
Traceback (most recent call last):
  File "/usr/local/lib/python3.12/site-packages/discord/client.py", line 465, in _run_event
    await coro(*args, **kwargs)
  File "/app/asu_discord/cogs/analytics.py", line 652, in on_member_update
    before_timeout = before.timed_out_until
                     ^^^^^^^^^^^^^^^^^^^^^^
AttributeError: 'Member' object has no attribute 'timed_out_until'
Ignoring exception in on_member_update
Traceback (most recent call last):
  File "/usr/local/lib/python3.12/site-packages/discord/client.py", line 465, in _run_event
    await coro(*args, **kwargs)
  File "/app/asu_discord/cogs/analytics.py", line 652, in on_member_update
    before_timeout = before.timed_out_until
                     ^^^^^^^^^^^^^^^^^^^^^^
AttributeError: 'Member' object has no attribute 'timed_out_until'
Ignoring exception in on_member_update
Traceback (most recent call last):
  File "/usr/local/lib/python3.12/site-packages/discord/client.py", line 465, in _run_event
    await coro(*args, **kwargs)
  File "/app/asu_discord/cogs/analytics.py", line 652, in on_member_update
    before_timeout = before.timed_out_until
                     ^^^^^^^^^^^^^^^^^^^^^^
AttributeError: 'Member' object has no attribute 'timed_out_until'
Ignoring exception in on_member_update
Traceback (most recent call last):
  File "/usr/local/lib/python3.12/site-packages/discord/client.py", line 465, in _run_event
    await coro(*args, **kwargs)
  File "/app/asu_discord/cogs/analytics.py", line 652, in on_member_update
    before_timeout = before.timed_out_until
                     ^^^^^^^^^^^^^^^^^^^^^^
AttributeError: 'Member' object has no attribute 'timed_out_until'
INFO:asu_discord.cogs.verification:Saved 5 roles to database for user khezer (Discord ID: 1491358153886007438)
INFO:asu_discord.cogs.verification:Refreshed Salesforce roles for Discord user 1491358153886007438: -5/+5 roles, assigned=[Commited, First Year, International Student, Ira A. Fulton Schools of Engineering, Tempe]
Ignoring exception in on_member_update
Traceback (most recent call last):
  File "/usr/local/lib/python3.12/site-packages/discord/client.py", line 465, in _run_event
    await coro(*args, **kwargs)
  File "/app/asu_discord/cogs/analytics.py", line 652, in on_member_update
    before_timeout = before.timed_out_until
                     ^^^^^^^^^^^^^^^^^^^^^^
AttributeError: 'Member' object has no attribute 'timed_out_until'
Ignoring exception in on_member_update
Traceback (most recent call last):
  File "/usr/local/lib/python3.12/site-packages/discord/client.py", line 465, in _run_event
    await coro(*args, **kwargs)
  File "/app/asu_discord/cogs/analytics.py", line 652, in on_member_update
    before_timeout = before.timed_out_until
                     ^^^^^^^^^^^^^^^^^^^^^^
AttributeError: 'Member' object has no attribute 'timed_out_until'
Ignoring exception in on_member_update
Traceback (most recent call last):
  File "/usr/local/lib/python3.12/site-packages/discord/client.py", line 465, in _run_event
    await coro(*args, **kwargs)
  File "/app/asu_discord/cogs/analytics.py", line 652, in on_member_update
    before_timeout = before.timed_out_until
                     ^^^^^^^^^^^^^^^^^^^^^^
AttributeError: 'Member' object has no attribute 'timed_out_until'
Ignoring exception in on_member_update
Traceback (most recent call last):
  File "/usr/local/lib/python3.12/site-packages/discord/client.py", line 465, in _run_event
    await coro(*args, **kwargs)
  File "/app/asu_discord/cogs/analytics.py", line 652, in on_member_update
    before_timeout = before.timed_out_until
                     ^^^^^^^^^^^^^^^^^^^^^^
AttributeError: 'Member' object has no attribute 'timed_out_until'
Ignoring exception in on_member_update
Traceback (most recent call last):
  File "/usr/local/lib/python3.12/site-packages/discord/client.py", line 465, in _run_event
    await coro(*args, **kwargs)
  File "/app/asu_discord/cogs/analytics.py", line 652, in on_member_update
    before_timeout = before.timed_out_until
                     ^^^^^^^^^^^^^^^^^^^^^^
AttributeError: 'Member' object has no attribute 'timed_out_until'
Ignoring exception in on_member_update
Traceback (most recent call last):
  File "/usr/local/lib/python3.12/site-packages/discord/client.py", line 465, in _run_event
    await coro(*args, **kwargs)
  File "/app/asu_discord/cogs/analytics.py", line 652, in on_member_update
    before_timeout = before.timed_out_until
                     ^^^^^^^^^^^^^^^^^^^^^^
AttributeError: 'Member' object has no attribute 'timed_out_until'
Ignoring exception in on_member_update
Traceback (most recent call last):
  File "/usr/local/lib/python3.12/site-packages/discord/client.py", line 465, in _run_event
    await coro(*args, **kwargs)
  File "/app/asu_discord/cogs/analytics.py", line 652, in on_member_update
    before_timeout = before.timed_out_until
                     ^^^^^^^^^^^^^^^^^^^^^^
AttributeError: 'Member' object has no attribute 'timed_out_until'
Ignoring exception in on_member_update
Traceback (most recent call last):
  File "/usr/local/lib/python3.12/site-packages/discord/client.py", line 465, in _run_event
    await coro(*args, **kwargs)
  File "/app/asu_discord/cogs/analytics.py", line 652, in on_member_update
    before_timeout = before.timed_out_until
                     ^^^^^^^^^^^^^^^^^^^^^^
AttributeError: 'Member' object has no attribute 'timed_out_until'
Ignoring exception in on_member_update
Traceback (most recent call last):
  File "/usr/local/lib/python3.12/site-packages/discord/client.py", line 465, in _run_event
    await coro(*args, **kwargs)
  File "/app/asu_discord/cogs/analytics.py", line 652, in on_member_update
    before_timeout = before.timed_out_until
                     ^^^^^^^^^^^^^^^^^^^^^^
AttributeError: 'Member' object has no attribute 'timed_out_until'
Ignoring exception in on_member_update
Traceback (most recent call last):
  File "/usr/local/lib/python3.12/site-packages/discord/client.py", line 465, in _run_event
    await coro(*args, **kwargs)
  File "/app/asu_discord/cogs/analytics.py", line 652, in on_member_update
    before_timeout = before.timed_out_until
                     ^^^^^^^^^^^^^^^^^^^^^^
AttributeError: 'Member' object has no attribute 'timed_out_until'
INFO:asu_discord.cogs.verification:Saved 5 roles to database for user jamedi29 (Discord ID: 1381772339360038912)
INFO:asu_discord.cogs.verification:Refreshed Salesforce roles for Discord user 1381772339360038912: -5/+5 roles, assigned=[Commited, First Year, Out of State, Tempe, W.P. Carey School of Business]
ERROR:cron.jobs:refresh_salesforce_roles: failed for lmjohn74 (Discord ID 1399629638258655386): Failed to refresh Salesforce-based roles: Discord user 1399629638258655386 is not a member of the guild
Ignoring exception in on_member_update
Traceback (most recent call last):
  File "/usr/local/lib/python3.12/site-packages/discord/client.py", line 465, in _run_event
    await coro(*args, **kwargs)
  File "/app/asu_discord/cogs/analytics.py", line 652, in on_member_update
    before_timeout = before.timed_out_until
                     ^^^^^^^^^^^^^^^^^^^^^^
AttributeError: 'Member' object has no attribute 'timed_out_until'
Ignoring exception in on_member_update
Traceback (most recent call last):
  File "/usr/local/lib/python3.12/site-packages/discord/client.py", line 465, in _run_event
    await coro(*args, **kwargs)
  File "/app/asu_discord/cogs/analytics.py", line 652, in on_member_update
    before_timeout = before.timed_out_until
                     ^^^^^^^^^^^^^^^^^^^^^^
AttributeError: 'Member' object has no attribute 'timed_out_until'
Ignoring exception in on_member_update
Traceback (most recent call last):
  File "/usr/local/lib/python3.12/site-packages/discord/client.py", line 465, in _run_event
    await coro(*args, **kwargs)
  File "/app/asu_discord/cogs/analytics.py", line 652, in on_member_update
    before_timeout = before.timed_out_until
                     ^^^^^^^^^^^^^^^^^^^^^^
AttributeError: 'Member' object has no attribute 'timed_out_until'
Ignoring exception in on_member_update
Traceback (most recent call last):
  File "/usr/local/lib/python3.12/site-packages/discord/client.py", line 465, in _run_event
    await coro(*args, **kwargs)
  File "/app/asu_discord/cogs/analytics.py", line 652, in on_member_update
    before_timeout = before.timed_out_until
                     ^^^^^^^^^^^^^^^^^^^^^^
AttributeError: 'Member' object has no attribute 'timed_out_until'
Ignoring exception in on_member_update
Traceback (most recent call last):
  File "/usr/local/lib/python3.12/site-packages/discord/client.py", line 465, in _run_event
    await coro(*args, **kwargs)
  File "/app/asu_discord/cogs/analytics.py", line 652, in on_member_update
    before_timeout = before.timed_out_until
                     ^^^^^^^^^^^^^^^^^^^^^^
AttributeError: 'Member' object has no attribute 'timed_out_until'
Ignoring exception in on_member_update
Traceback (most recent call last):
  File "/usr/local/lib/python3.12/site-packages/discord/client.py", line 465, in _run_event
    await coro(*args, **kwargs)
  File "/app/asu_discord/cogs/analytics.py", line 652, in on_member_update
    before_timeout = before.timed_out_until
                     ^^^^^^^^^^^^^^^^^^^^^^
AttributeError: 'Member' object has no attribute 'timed_out_until'
Ignoring exception in on_member_update
Traceback (most recent call last):
  File "/usr/local/lib/python3.12/site-packages/discord/client.py", line 465, in _run_event
    await coro(*args, **kwargs)
  File "/app/asu_discord/cogs/analytics.py", line 652, in on_member_update
    before_timeout = before.timed_out_until
                     ^^^^^^^^^^^^^^^^^^^^^^
AttributeError: 'Member' object has no attribute 'timed_out_until'
Ignoring exception in on_member_update
Traceback (most recent call last):
  File "/usr/local/lib/python3.12/site-packages/discord/client.py", line 465, in _run_event
    await coro(*args, **kwargs)
  File "/app/asu_discord/cogs/analytics.py", line 652, in on_member_update
    before_timeout = before.timed_out_until
                     ^^^^^^^^^^^^^^^^^^^^^^
AttributeError: 'Member' object has no attribute 'timed_out_until'
Ignoring exception in on_member_update
Traceback (most recent call last):
  File "/usr/local/lib/python3.12/site-packages/discord/client.py", line 465, in _run_event
    await coro(*args, **kwargs)
  File "/app/asu_discord/cogs/analytics.py", line 652, in on_member_update
    before_timeout = before.timed_out_until
                     ^^^^^^^^^^^^^^^^^^^^^^
AttributeError: 'Member' object has no attribute 'timed_out_until'
Ignoring exception in on_member_update
Traceback (most recent call last):
  File "/usr/local/lib/python3.12/site-packages/discord/client.py", line 465, in _run_event
    await coro(*args, **kwargs)
  File "/app/asu_discord/cogs/analytics.py", line 652, in on_member_update
    before_timeout = before.timed_out_until
                     ^^^^^^^^^^^^^^^^^^^^^^
AttributeError: 'Member' object has no attribute 'timed_out_until'
INFO:discord.client:Got a request to RESUME the websocket.
INFO:discord.gateway:Shard ID None has sent the RESUME payload.
INFO:discord.gateway:Shard ID None has successfully RESUMED session 6e3407fd591f617e4a33b69139a85b12 under trace ["gateway-prd-arm-us-east1-b-5sz5",{"micros":3846,"calls":["id_created",{"micros":0,"calls":[]},"session_lookup_time",{"micros":208,"calls":[]},"session_lookup_finished",{"micros":8,"calls":[]},"sessions-prd-gcp-us-east1-b-23",{"micros":37}]}].
ERROR:cron.jobs:refresh_salesforce_roles: failed for ylapin (Discord ID 1486843673693130883): Timed out refresh Salesforce-based roles
Ignoring exception in on_member_update
Traceback (most recent call last):
  File "/usr/local/lib/python3.12/site-packages/discord/client.py", line 465, in _run_event
    await coro(*args, **kwargs)
  File "/app/asu_discord/cogs/analytics.py", line 652, in on_member_update
    before_timeout = before.timed_out_until
                     ^^^^^^^^^^^^^^^^^^^^^^
AttributeError: 'Member' object has no attribute 'timed_out_until'
Ignoring exception in on_member_update
Traceback (most recent call last):
  File "/usr/local/lib/python3.12/site-packages/discord/client.py", line 465, in _run_event
    await coro(*args, **kwargs)
  File "/app/asu_discord/cogs/analytics.py", line 652, in on_member_update
    before_timeout = before.timed_out_until
                     ^^^^^^^^^^^^^^^^^^^^^^
AttributeError: 'Member' object has no attribute 'timed_out_until'
Ignoring exception in on_member_update
Traceback (most recent call last):
  File "/usr/local/lib/python3.12/site-packages/discord/client.py", line 465, in _run_event
    await coro(*args, **kwargs)
  File "/app/asu_discord/cogs/analytics.py", line 652, in on_member_update
    before_timeout = before.timed_out_until
                     ^^^^^^^^^^^^^^^^^^^^^^
AttributeError: 'Member' object has no attribute 'timed_out_until'
Ignoring exception in on_member_update
Traceback (most recent call last):
  File "/usr/local/lib/python3.12/site-packages/discord/client.py", line 465, in _run_event
    await coro(*args, **kwargs)
  File "/app/asu_discord/cogs/analytics.py", line 652, in on_member_update
    before_timeout = before.timed_out_until
                     ^^^^^^^^^^^^^^^^^^^^^^
AttributeError: 'Member' object has no attribute 'timed_out_until'
Ignoring exception in on_member_update
Traceback (most recent call last):
  File "/usr/local/lib/python3.12/site-packages/discord/client.py", line 465, in _run_event
    await coro(*args, **kwargs)
  File "/app/asu_discord/cogs/analytics.py", line 652, in on_member_update
    before_timeout = before.timed_out_until
                     ^^^^^^^^^^^^^^^^^^^^^^
AttributeError: 'Member' object has no attribute 'timed_out_until'
Ignoring exception in on_member_update
Traceback (most recent call last):
  File "/usr/local/lib/python3.12/site-packages/discord/client.py", line 465, in _run_event
    await coro(*args, **kwargs)
  File "/app/asu_discord/cogs/analytics.py", line 652, in on_member_update
    before_timeout = before.timed_out_until
                     ^^^^^^^^^^^^^^^^^^^^^^
AttributeError: 'Member' object has no attribute 'timed_out_until'
Ignoring exception in on_member_update
Traceback (most recent call last):
  File "/usr/local/lib/python3.12/site-packages/discord/client.py", line 465, in _run_event
    await coro(*args, **kwargs)
  File "/app/asu_discord/cogs/analytics.py", line 652, in on_member_update
    before_timeout = before.timed_out_until
                     ^^^^^^^^^^^^^^^^^^^^^^
AttributeError: 'Member' object has no attribute 'timed_out_until'
Ignoring exception in on_member_update
Traceback (most recent call last):
  File "/usr/local/lib/python3.12/site-packages/discord/client.py", line 465, in _run_event
    await coro(*args, **kwargs)
  File "/app/asu_discord/cogs/analytics.py", line 652, in on_member_update
    before_timeout = before.timed_out_until
                     ^^^^^^^^^^^^^^^^^^^^^^
AttributeError: 'Member' object has no attribute 'timed_out_until'
Ignoring exception in on_member_update
Traceback (most recent call last):
  File "/usr/local/lib/python3.12/site-packages/discord/client.py", line 465, in _run_event
    await coro(*args, **kwargs)
  File "/app/asu_discord/cogs/analytics.py", line 652, in on_member_update
    before_timeout = before.timed_out_until
                     ^^^^^^^^^^^^^^^^^^^^^^
AttributeError: 'Member' object has no attribute 'timed_out_until'
Ignoring exception in on_member_update
Traceback (most recent call last):
  File "/usr/local/lib/python3.12/site-packages/discord/client.py", line 465, in _run_event
    await coro(*args, **kwargs)
  File "/app/asu_discord/cogs/analytics.py", line 652, in on_member_update
    before_timeout = before.timed_out_until
                     ^^^^^^^^^^^^^^^^^^^^^^
AttributeError: 'Member' object has no attribute 'timed_out_until'
INFO:asu_discord.cogs.verification:Saved 5 roles to database for user rcballi (Discord ID: 881633713555931156)
INFO:asu_discord.cogs.verification:Refreshed Salesforce roles for Discord user 881633713555931156: -5/+5 roles, assigned=[First Generation Student, Graduate Student, New College of Interdisciplinary Arts and Sciences, Online, Out of State]
Ignoring exception in on_member_update
Traceback (most recent call last):
  File "/usr/local/lib/python3.12/site-packages/discord/client.py", line 465, in _run_event
    await coro(*args, **kwargs)
  File "/app/asu_discord/cogs/analytics.py", line 652, in on_member_update
    before_timeout = before.timed_out_until
                     ^^^^^^^^^^^^^^^^^^^^^^
AttributeError: 'Member' object has no attribute 'timed_out_until'
Ignoring exception in on_member_update
Traceback (most recent call last):
  File "/usr/local/lib/python3.12/site-packages/discord/client.py", line 465, in _run_event
    await coro(*args, **kwargs)
  File "/app/asu_discord/cogs/analytics.py", line 652, in on_member_update
    before_timeout = before.timed_out_until
                     ^^^^^^^^^^^^^^^^^^^^^^
AttributeError: 'Member' object has no attribute 'timed_out_until'
Ignoring exception in on_member_update
Traceback (most recent call last):
  File "/usr/local/lib/python3.12/site-packages/discord/client.py", line 465, in _run_event
    await coro(*args, **kwargs)
  File "/app/asu_discord/cogs/analytics.py", line 652, in on_member_update
    before_timeout = before.timed_out_until
                     ^^^^^^^^^^^^^^^^^^^^^^
AttributeError: 'Member' object has no attribute 'timed_out_until'
Ignoring exception in on_member_update
Traceback (most recent call last):
  File "/usr/local/lib/python3.12/site-packages/discord/client.py", line 465, in _run_event
    await coro(*args, **kwargs)
  File "/app/asu_discord/cogs/analytics.py", line 652, in on_member_update
    before_timeout = before.timed_out_until
                     ^^^^^^^^^^^^^^^^^^^^^^
AttributeError: 'Member' object has no attribute 'timed_out_until'
Ignoring exception in on_member_update
Traceback (most recent call last):
  File "/usr/local/lib/python3.12/site-packages/discord/client.py", line 465, in _run_event
    await coro(*args, **kwargs)
  File "/app/asu_discord/cogs/analytics.py", line 652, in on_member_update
    before_timeout = before.timed_out_until
                     ^^^^^^^^^^^^^^^^^^^^^^
AttributeError: 'Member' object has no attribute 'timed_out_until'
Ignoring exception in on_member_update
Traceback (most recent call last):
  File "/usr/local/lib/python3.12/site-packages/discord/client.py", line 465, in _run_event
    await coro(*args, **kwargs)
  File "/app/asu_discord/cogs/analytics.py", line 652, in on_member_update
    before_timeout = before.timed_out_until
                     ^^^^^^^^^^^^^^^^^^^^^^
AttributeError: 'Member' object has no attribute 'timed_out_until'
Ignoring exception in on_member_update
Traceback (most recent call last):
  File "/usr/local/lib/python3.12/site-packages/discord/client.py", line 465, in _run_event
    await coro(*args, **kwargs)
  File "/app/asu_discord/cogs/analytics.py", line 652, in on_member_update
    before_timeout = before.timed_out_until
                     ^^^^^^^^^^^^^^^^^^^^^^
AttributeError: 'Member' object has no attribute 'timed_out_until'
Ignoring exception in on_member_update
Traceback (most recent call last):
  File "/usr/local/lib/python3.12/site-packages/discord/client.py", line 465, in _run_event
    await coro(*args, **kwargs)
  File "/app/asu_discord/cogs/analytics.py", line 652, in on_member_update
    before_timeout = before.timed_out_until
                     ^^^^^^^^^^^^^^^^^^^^^^
AttributeError: 'Member' object has no attribute 'timed_out_until'
INFO:asu_discord.cogs.verification:Saved 4 roles to database for user mjstepp (Discord ID: 896875737318039603)
INFO:asu_discord.cogs.verification:Refreshed Salesforce roles for Discord user 896875737318039603: -4/+4 roles, assigned=[Arizona Resident, Downtown Phoenix, First Year, Watts College of Public Service and Community Solutions]
Ignoring exception in on_member_update
Traceback (most recent call last):
  File "/usr/local/lib/python3.12/site-packages/discord/client.py", line 465, in _run_event
    await coro(*args, **kwargs)
  File "/app/asu_discord/cogs/analytics.py", line 652, in on_member_update
    before_timeout = before.timed_out_until
                     ^^^^^^^^^^^^^^^^^^^^^^
AttributeError: 'Member' object has no attribute 'timed_out_until'
Ignoring exception in on_member_update
Traceback (most recent call last):
  File "/usr/local/lib/python3.12/site-packages/discord/client.py", line 465, in _run_event
    await coro(*args, **kwargs)
  File "/app/asu_discord/cogs/analytics.py", line 652, in on_member_update
    before_timeout = before.timed_out_until
                     ^^^^^^^^^^^^^^^^^^^^^^
AttributeError: 'Member' object has no attribute 'timed_out_until'
Ignoring exception in on_member_update
Traceback (most recent call last):
  File "/usr/local/lib/python3.12/site-packages/discord/client.py", line 465, in _run_event
    await coro(*args, **kwargs)
  File "/app/asu_discord/cogs/analytics.py", line 652, in on_member_update
    before_timeout = before.timed_out_until
                     ^^^^^^^^^^^^^^^^^^^^^^
AttributeError: 'Member' object has no attribute 'timed_out_until'
Ignoring exception in on_member_update
Traceback (most recent call last):
  File "/usr/local/lib/python3.12/site-packages/discord/client.py", line 465, in _run_event
    await coro(*args, **kwargs)
  File "/app/asu_discord/cogs/analytics.py", line 652, in on_member_update
    before_timeout = before.timed_out_until
                     ^^^^^^^^^^^^^^^^^^^^^^
AttributeError: 'Member' object has no attribute 'timed_out_until'
Ignoring exception in on_member_update
Traceback (most recent call last):
  File "/usr/local/lib/python3.12/site-packages/discord/client.py", line 465, in _run_event
    await coro(*args, **kwargs)
  File "/app/asu_discord/cogs/analytics.py", line 652, in on_member_update
    before_timeout = before.timed_out_until
                     ^^^^^^^^^^^^^^^^^^^^^^
AttributeError: 'Member' object has no attribute 'timed_out_until'
Ignoring exception in on_member_update
Traceback (most recent call last):
  File "/usr/local/lib/python3.12/site-packages/discord/client.py", line 465, in _run_event
    await coro(*args, **kwargs)
  File "/app/asu_discord/cogs/analytics.py", line 652, in on_member_update
    before_timeout = before.timed_out_until
                     ^^^^^^^^^^^^^^^^^^^^^^
AttributeError: 'Member' object has no attribute 'timed_out_until'
Ignoring exception in on_member_update
Traceback (most recent call last):
  File "/usr/local/lib/python3.12/site-packages/discord/client.py", line 465, in _run_event
    await coro(*args, **kwargs)
  File "/app/asu_discord/cogs/analytics.py", line 652, in on_member_update
    before_timeout = before.timed_out_until
                     ^^^^^^^^^^^^^^^^^^^^^^
AttributeError: 'Member' object has no attribute 'timed_out_until'
Ignoring exception in on_member_update
Traceback (most recent call last):
  File "/usr/local/lib/python3.12/site-packages/discord/client.py", line 465, in _run_event
    await coro(*args, **kwargs)
  File "/app/asu_discord/cogs/analytics.py", line 652, in on_member_update
    before_timeout = before.timed_out_until
                     ^^^^^^^^^^^^^^^^^^^^^^
AttributeError: 'Member' object has no attribute 'timed_out_until'
Ignoring exception in on_member_update
Traceback (most recent call last):
  File "/usr/local/lib/python3.12/site-packages/discord/client.py", line 465, in _run_event
    await coro(*args, **kwargs)
  File "/app/asu_discord/cogs/analytics.py", line 652, in on_member_update
    before_timeout = before.timed_out_until
                     ^^^^^^^^^^^^^^^^^^^^^^
AttributeError: 'Member' object has no attribute 'timed_out_until'
INFO:asu_discord.cogs.verification:Saved 5 roles to database for user mgrose12 (Discord ID: 739595788199526490)
INFO:asu_discord.cogs.verification:Refreshed Salesforce roles for Discord user 739595788199526490: -5/+4 roles, assigned=[Commited, First Year, Ira A. Fulton Schools of Engineering, Out of State, West Valley]
Ignoring exception in on_member_update
Traceback (most recent call last):
  File "/usr/local/lib/python3.12/site-packages/discord/client.py", line 465, in _run_event
    await coro(*args, **kwargs)
  File "/app/asu_discord/cogs/analytics.py", line 652, in on_member_update
    before_timeout = before.timed_out_until
                     ^^^^^^^^^^^^^^^^^^^^^^
AttributeError: 'Member' object has no attribute 'timed_out_until'
Ignoring exception in on_member_update
Traceback (most recent call last):
  File "/usr/local/lib/python3.12/site-packages/discord/client.py", line 465, in _run_event
    await coro(*args, **kwargs)
  File "/app/asu_discord/cogs/analytics.py", line 652, in on_member_update
    before_timeout = before.timed_out_until
                     ^^^^^^^^^^^^^^^^^^^^^^
AttributeError: 'Member' object has no attribute 'timed_out_until'
Ignoring exception in on_member_update
Traceback (most recent call last):
  File "/usr/local/lib/python3.12/site-packages/discord/client.py", line 465, in _run_event
    await coro(*args, **kwargs)
  File "/app/asu_discord/cogs/analytics.py", line 652, in on_member_update
    before_timeout = before.timed_out_until
                     ^^^^^^^^^^^^^^^^^^^^^^
AttributeError: 'Member' object has no attribute 'timed_out_until'
Ignoring exception in on_member_update
Traceback (most recent call last):
  File "/usr/local/lib/python3.12/site-packages/discord/client.py", line 465, in _run_event
    await coro(*args, **kwargs)
  File "/app/asu_discord/cogs/analytics.py", line 652, in on_member_update
    before_timeout = before.timed_out_until
                     ^^^^^^^^^^^^^^^^^^^^^^
AttributeError: 'Member' object has no attribute 'timed_out_until'
Ignoring exception in on_member_update
Traceback (most recent call last):
  File "/usr/local/lib/python3.12/site-packages/discord/client.py", line 465, in _run_event
    await coro(*args, **kwargs)
  File "/app/asu_discord/cogs/analytics.py", line 652, in on_member_update
    before_timeout = before.timed_out_until
                     ^^^^^^^^^^^^^^^^^^^^^^
AttributeError: 'Member' object has no attribute 'timed_out_until'
Ignoring exception in on_member_update
Traceback (most recent call last):
  File "/usr/local/lib/python3.12/site-packages/discord/client.py", line 465, in _run_event
    await coro(*args, **kwargs)
  File "/app/asu_discord/cogs/analytics.py", line 652, in on_member_update
    before_timeout = before.timed_out_until
                     ^^^^^^^^^^^^^^^^^^^^^^
AttributeError: 'Member' object has no attribute 'timed_out_until'
Ignoring exception in on_member_update
Traceback (most recent call last):
  File "/usr/local/lib/python3.12/site-packages/discord/client.py", line 465, in _run_event
    await coro(*args, **kwargs)
  File "/app/asu_discord/cogs/analytics.py", line 652, in on_member_update
    before_timeout = before.timed_out_until
                     ^^^^^^^^^^^^^^^^^^^^^^
AttributeError: 'Member' object has no attribute 'timed_out_until'
Ignoring exception in on_member_update
Traceback (most recent call last):
  File "/usr/local/lib/python3.12/site-packages/discord/client.py", line 465, in _run_event
    await coro(*args, **kwargs)
  File "/app/asu_discord/cogs/analytics.py", line 652, in on_member_update
    before_timeout = before.timed_out_until
                     ^^^^^^^^^^^^^^^^^^^^^^
AttributeError: 'Member' object has no attribute 'timed_out_until'
Ignoring exception in on_member_update
Traceback (most recent call last):
  File "/usr/local/lib/python3.12/site-packages/discord/client.py", line 465, in _run_event
    await coro(*args, **kwargs)
  File "/app/asu_discord/cogs/analytics.py", line 652, in on_member_update
    before_timeout = before.timed_out_until
                     ^^^^^^^^^^^^^^^^^^^^^^
AttributeError: 'Member' object has no attribute 'timed_out_until'
INFO:asu_discord.cogs.verification:Saved 5 roles to database for user jweve (Discord ID: 1308564133716820071)
INFO:asu_discord.cogs.verification:Refreshed Salesforce roles for Discord user 1308564133716820071: -5/+4 roles, assigned=[Arizona Resident, College of Health Solutions, Downtown Phoenix, First Generation Student, First Year]
Ignoring exception in on_member_update
Traceback (most recent call last):
  File "/usr/local/lib/python3.12/site-packages/discord/client.py", line 465, in _run_event
    await coro(*args, **kwargs)
  File "/app/asu_discord/cogs/analytics.py", line 652, in on_member_update
    before_timeout = before.timed_out_until
                     ^^^^^^^^^^^^^^^^^^^^^^
AttributeError: 'Member' object has no attribute 'timed_out_until'
Ignoring exception in on_member_update
Traceback (most recent call last):
  File "/usr/local/lib/python3.12/site-packages/discord/client.py", line 465, in _run_event
    await coro(*args, **kwargs)
  File "/app/asu_discord/cogs/analytics.py", line 652, in on_member_update
    before_timeout = before.timed_out_until
                     ^^^^^^^^^^^^^^^^^^^^^^
AttributeError: 'Member' object has no attribute 'timed_out_until'
Ignoring exception in on_member_update
Traceback (most recent call last):
  File "/usr/local/lib/python3.12/site-packages/discord/client.py", line 465, in _run_event
    await coro(*args, **kwargs)
  File "/app/asu_discord/cogs/analytics.py", line 652, in on_member_update
    before_timeout = before.timed_out_until
                     ^^^^^^^^^^^^^^^^^^^^^^
AttributeError: 'Member' object has no attribute 'timed_out_until'
Ignoring exception in on_member_update
Traceback (most recent call last):
  File "/usr/local/lib/python3.12/site-packages/discord/client.py", line 465, in _run_event
    await coro(*args, **kwargs)
  File "/app/asu_discord/cogs/analytics.py", line 652, in on_member_update
    before_timeout = before.timed_out_until
                     ^^^^^^^^^^^^^^^^^^^^^^
AttributeError: 'Member' object has no attribute 'timed_out_until'
Ignoring exception in on_member_update
Traceback (most recent call last):
  File "/usr/local/lib/python3.12/site-packages/discord/client.py", line 465, in _run_event
    await coro(*args, **kwargs)
  File "/app/asu_discord/cogs/analytics.py", line 652, in on_member_update
    before_timeout = before.timed_out_until
                     ^^^^^^^^^^^^^^^^^^^^^^
AttributeError: 'Member' object has no attribute 'timed_out_until'
Ignoring exception in on_member_update
Traceback (most recent call last):
  File "/usr/local/lib/python3.12/site-packages/discord/client.py", line 465, in _run_event
    await coro(*args, **kwargs)
  File "/app/asu_discord/cogs/analytics.py", line 652, in on_member_update
    before_timeout = before.timed_out_until
                     ^^^^^^^^^^^^^^^^^^^^^^
AttributeError: 'Member' object has no attribute 'timed_out_until'
Ignoring exception in on_member_update
Traceback (most recent call last):
  File "/usr/local/lib/python3.12/site-packages/discord/client.py", line 465, in _run_event
    await coro(*args, **kwargs)
  File "/app/asu_discord/cogs/analytics.py", line 652, in on_member_update
    before_timeout = before.timed_out_until
                     ^^^^^^^^^^^^^^^^^^^^^^
AttributeError: 'Member' object has no attribute 'timed_out_until'
Ignoring exception in on_member_update
Traceback (most recent call last):
  File "/usr/local/lib/python3.12/site-packages/discord/client.py", line 465, in _run_event
    await coro(*args, **kwargs)
  File "/app/asu_discord/cogs/analytics.py", line 652, in on_member_update
    before_timeout = before.timed_out_until
                     ^^^^^^^^^^^^^^^^^^^^^^
AttributeError: 'Member' object has no attribute 'timed_out_until'
Ignoring exception in on_member_update
Traceback (most recent call last):
  File "/usr/local/lib/python3.12/site-packages/discord/client.py", line 465, in _run_event
    await coro(*args, **kwargs)
  File "/app/asu_discord/cogs/analytics.py", line 652, in on_member_update
    before_timeout = before.timed_out_until
                     ^^^^^^^^^^^^^^^^^^^^^^
AttributeError: 'Member' object has no attribute 'timed_out_until'
Ignoring exception in on_member_update
Traceback (most recent call last):
  File "/usr/local/lib/python3.12/site-packages/discord/client.py", line 465, in _run_event
    await coro(*args, **kwargs)
  File "/app/asu_discord/cogs/analytics.py", line 652, in on_member_update
    before_timeout = before.timed_out_until
                     ^^^^^^^^^^^^^^^^^^^^^^
AttributeError: 'Member' object has no attribute 'timed_out_until'
INFO:asu_discord.cogs.verification:Saved 5 roles to database for user jmharr79 (Discord ID: 1491650455808512180)
INFO:asu_discord.cogs.verification:Refreshed Salesforce roles for Discord user 1491650455808512180: -5/+5 roles, assigned=[Arizona Resident, Commited, Downtown Phoenix, First Year, Watts College of Public Service and Community Solutions]
ERROR:cron.jobs:refresh_salesforce_roles: failed for yaljezan (Discord ID 1511578407354499143): Failed to refresh Salesforce-based roles: Discord user 1511578407354499143 is not a member of the guild
Ignoring exception in on_member_update
Traceback (most recent call last):
  File "/usr/local/lib/python3.12/site-packages/discord/client.py", line 465, in _run_event
    await coro(*args, **kwargs)
  File "/app/asu_discord/cogs/analytics.py", line 652, in on_member_update
    before_timeout = before.timed_out_until
                     ^^^^^^^^^^^^^^^^^^^^^^
AttributeError: 'Member' object has no attribute 'timed_out_until'
Ignoring exception in on_member_update
Traceback (most recent call last):
  File "/usr/local/lib/python3.12/site-packages/discord/client.py", line 465, in _run_event
    await coro(*args, **kwargs)
  File "/app/asu_discord/cogs/analytics.py", line 652, in on_member_update
    before_timeout = before.timed_out_until
                     ^^^^^^^^^^^^^^^^^^^^^^
AttributeError: 'Member' object has no attribute 'timed_out_until'
Ignoring exception in on_member_update
Traceback (most recent call last):
  File "/usr/local/lib/python3.12/site-packages/discord/client.py", line 465, in _run_event
    await coro(*args, **kwargs)
  File "/app/asu_discord/cogs/analytics.py", line 652, in on_member_update
    before_timeout = before.timed_out_until
                     ^^^^^^^^^^^^^^^^^^^^^^
AttributeError: 'Member' object has no attribute 'timed_out_until'
Ignoring exception in on_member_update
Traceback (most recent call last):
  File "/usr/local/lib/python3.12/site-packages/discord/client.py", line 465, in _run_event
    await coro(*args, **kwargs)
  File "/app/asu_discord/cogs/analytics.py", line 652, in on_member_update
    before_timeout = before.timed_out_until
                     ^^^^^^^^^^^^^^^^^^^^^^
AttributeError: 'Member' object has no attribute 'timed_out_until'
Ignoring exception in on_member_update
Traceback (most recent call last):
  File "/usr/local/lib/python3.12/site-packages/discord/client.py", line 465, in _run_event
    await coro(*args, **kwargs)
  File "/app/asu_discord/cogs/analytics.py", line 652, in on_member_update
    before_timeout = before.timed_out_until
                     ^^^^^^^^^^^^^^^^^^^^^^
AttributeError: 'Member' object has no attribute 'timed_out_until'
Ignoring exception in on_member_update
Traceback (most recent call last):
  File "/usr/local/lib/python3.12/site-packages/discord/client.py", line 465, in _run_event
    await coro(*args, **kwargs)
  File "/app/asu_discord/cogs/analytics.py", line 652, in on_member_update
    before_timeout = before.timed_out_until
                     ^^^^^^^^^^^^^^^^^^^^^^
AttributeError: 'Member' object has no attribute 'timed_out_until'
Ignoring exception in on_member_update
Traceback (most recent call last):
  File "/usr/local/lib/python3.12/site-packages/discord/client.py", line 465, in _run_event
    await coro(*args, **kwargs)
  File "/app/asu_discord/cogs/analytics.py", line 652, in on_member_update
    before_timeout = before.timed_out_until
                     ^^^^^^^^^^^^^^^^^^^^^^
AttributeError: 'Member' object has no attribute 'timed_out_until'
Ignoring exception in on_member_update
Traceback (most recent call last):
  File "/usr/local/lib/python3.12/site-packages/discord/client.py", line 465, in _run_event
    await coro(*args, **kwargs)
  File "/app/asu_discord/cogs/analytics.py", line 652, in on_member_update
    before_timeout = before.timed_out_until
                     ^^^^^^^^^^^^^^^^^^^^^^
AttributeError: 'Member' object has no attribute 'timed_out_until'
Ignoring exception in on_member_update
Traceback (most recent call last):
  File "/usr/local/lib/python3.12/site-packages/discord/client.py", line 465, in _run_event
    await coro(*args, **kwargs)
  File "/app/asu_discord/cogs/analytics.py", line 652, in on_member_update
    before_timeout = before.timed_out_until
                     ^^^^^^^^^^^^^^^^^^^^^^
AttributeError: 'Member' object has no attribute 'timed_out_until'
Ignoring exception in on_member_update
Traceback (most recent call last):
  File "/usr/local/lib/python3.12/site-packages/discord/client.py", line 465, in _run_event
    await coro(*args, **kwargs)
  File "/app/asu_discord/cogs/analytics.py", line 652, in on_member_update
    before_timeout = before.timed_out_until
                     ^^^^^^^^^^^^^^^^^^^^^^
AttributeError: 'Member' object has no attribute 'timed_out_until'
Ignoring exception in on_member_update
Traceback (most recent call last):
  File "/usr/local/lib/python3.12/site-packages/discord/client.py", line 465, in _run_event
    await coro(*args, **kwargs)
  File "/app/asu_discord/cogs/analytics.py", line 652, in on_member_update
    before_timeout = before.timed_out_until
                     ^^^^^^^^^^^^^^^^^^^^^^
AttributeError: 'Member' object has no attribute 'timed_out_until'
INFO:asu_discord.cogs.verification:Saved 5 roles to database for user tvarela4 (Discord ID: 705166951483179254)
INFO:asu_discord.cogs.verification:Refreshed Salesforce roles for Discord user 705166951483179254: -5/+5 roles, assigned=[Commited, First Year, Out of State, Tempe, W.P. Carey School of Business]
ERROR:cron.jobs:refresh_salesforce_roles: failed for naritha (Discord ID 748854601251291168): Failed to refresh Salesforce-based roles: Discord user 748854601251291168 is not a member of the guild
INFO:asu_discord.salesforce:No Salesforce contact found for aehern39
INFO:cron.jobs:refresh_salesforce_roles: skipping aehern39: no profile returned
Ignoring exception in on_member_update
Traceback (most recent call last):
  File "/usr/local/lib/python3.12/site-packages/discord/client.py", line 465, in _run_event
    await coro(*args, **kwargs)
  File "/app/asu_discord/cogs/analytics.py", line 652, in on_member_update
    before_timeout = before.timed_out_until
                     ^^^^^^^^^^^^^^^^^^^^^^
AttributeError: 'Member' object has no attribute 'timed_out_until'
Ignoring exception in on_member_update
Traceback (most recent call last):
  File "/usr/local/lib/python3.12/site-packages/discord/client.py", line 465, in _run_event
    await coro(*args, **kwargs)
  File "/app/asu_discord/cogs/analytics.py", line 652, in on_member_update
    before_timeout = before.timed_out_until
                     ^^^^^^^^^^^^^^^^^^^^^^
AttributeError: 'Member' object has no attribute 'timed_out_until'
Ignoring exception in on_member_update
Traceback (most recent call last):
  File "/usr/local/lib/python3.12/site-packages/discord/client.py", line 465, in _run_event
    await coro(*args, **kwargs)
  File "/app/asu_discord/cogs/analytics.py", line 652, in on_member_update
    before_timeout = before.timed_out_until
                     ^^^^^^^^^^^^^^^^^^^^^^
AttributeError: 'Member' object has no attribute 'timed_out_until'
Ignoring exception in on_member_update
Traceback (most recent call last):
  File "/usr/local/lib/python3.12/site-packages/discord/client.py", line 465, in _run_event
    await coro(*args, **kwargs)
  File "/app/asu_discord/cogs/analytics.py", line 652, in on_member_update
    before_timeout = before.timed_out_until
                     ^^^^^^^^^^^^^^^^^^^^^^
AttributeError: 'Member' object has no attribute 'timed_out_until'
Ignoring exception in on_member_update
Traceback (most recent call last):
  File "/usr/local/lib/python3.12/site-packages/discord/client.py", line 465, in _run_event
    await coro(*args, **kwargs)
  File "/app/asu_discord/cogs/analytics.py", line 652, in on_member_update
    before_timeout = before.timed_out_until
                     ^^^^^^^^^^^^^^^^^^^^^^
AttributeError: 'Member' object has no attribute 'timed_out_until'
Ignoring exception in on_member_update
Traceback (most recent call last):
  File "/usr/local/lib/python3.12/site-packages/discord/client.py", line 465, in _run_event
    await coro(*args, **kwargs)
  File "/app/asu_discord/cogs/analytics.py", line 652, in on_member_update
    before_timeout = before.timed_out_until
                     ^^^^^^^^^^^^^^^^^^^^^^
AttributeError: 'Member' object has no attribute 'timed_out_until'
Ignoring exception in on_member_update
Traceback (most recent call last):
  File "/usr/local/lib/python3.12/site-packages/discord/client.py", line 465, in _run_event
    await coro(*args, **kwargs)
  File "/app/asu_discord/cogs/analytics.py", line 652, in on_member_update
    before_timeout = before.timed_out_until
                     ^^^^^^^^^^^^^^^^^^^^^^
AttributeError: 'Member' object has no attribute 'timed_out_until'
Ignoring exception in on_member_update
Traceback (most recent call last):
  File "/usr/local/lib/python3.12/site-packages/discord/client.py", line 465, in _run_event
    await coro(*args, **kwargs)
  File "/app/asu_discord/cogs/analytics.py", line 652, in on_member_update
    before_timeout = before.timed_out_until
                     ^^^^^^^^^^^^^^^^^^^^^^
AttributeError: 'Member' object has no attribute 'timed_out_until'
Ignoring exception in on_member_update
Traceback (most recent call last):
  File "/usr/local/lib/python3.12/site-packages/discord/client.py", line 465, in _run_event
    await coro(*args, **kwargs)
  File "/app/asu_discord/cogs/analytics.py", line 652, in on_member_update
    before_timeout = before.timed_out_until
                     ^^^^^^^^^^^^^^^^^^^^^^
AttributeError: 'Member' object has no attribute 'timed_out_until'
Ignoring exception in on_member_update
Traceback (most recent call last):
  File "/usr/local/lib/python3.12/site-packages/discord/client.py", line 465, in _run_event
    await coro(*args, **kwargs)
  File "/app/asu_discord/cogs/analytics.py", line 652, in on_member_update
    before_timeout = before.timed_out_until
                     ^^^^^^^^^^^^^^^^^^^^^^
AttributeError: 'Member' object has no attribute 'timed_out_until'
INFO:asu_discord.cogs.verification:Saved 5 roles to database for user aespi149 (Discord ID: 1029490739849212046)
INFO:asu_discord.cogs.verification:Refreshed Salesforce roles for Discord user 1029490739849212046: -5/+5 roles, assigned=[Arizona Resident, Commited, First Year, Ira A. Fulton Schools of Engineering, Tempe]
Ignoring exception in on_member_update
Traceback (most recent call last):
  File "/usr/local/lib/python3.12/site-packages/discord/client.py", line 465, in _run_event
    await coro(*args, **kwargs)
  File "/app/asu_discord/cogs/analytics.py", line 652, in on_member_update
    before_timeout = before.timed_out_until
                     ^^^^^^^^^^^^^^^^^^^^^^
AttributeError: 'Member' object has no attribute 'timed_out_until'
Ignoring exception in on_member_update
Traceback (most recent call last):
  File "/usr/local/lib/python3.12/site-packages/discord/client.py", line 465, in _run_event
    await coro(*args, **kwargs)
  File "/app/asu_discord/cogs/analytics.py", line 652, in on_member_update
    before_timeout = before.timed_out_until
                     ^^^^^^^^^^^^^^^^^^^^^^
AttributeError: 'Member' object has no attribute 'timed_out_until'
Ignoring exception in on_member_update
Traceback (most recent call last):
  File "/usr/local/lib/python3.12/site-packages/discord/client.py", line 465, in _run_event
    await coro(*args, **kwargs)
  File "/app/asu_discord/cogs/analytics.py", line 652, in on_member_update
    before_timeout = before.timed_out_until
                     ^^^^^^^^^^^^^^^^^^^^^^
AttributeError: 'Member' object has no attribute 'timed_out_until'
Ignoring exception in on_member_update
Traceback (most recent call last):
  File "/usr/local/lib/python3.12/site-packages/discord/client.py", line 465, in _run_event
    await coro(*args, **kwargs)
  File "/app/asu_discord/cogs/analytics.py", line 652, in on_member_update
    before_timeout = before.timed_out_until
                     ^^^^^^^^^^^^^^^^^^^^^^
AttributeError: 'Member' object has no attribute 'timed_out_until'
Ignoring exception in on_member_update
Traceback (most recent call last):
  File "/usr/local/lib/python3.12/site-packages/discord/client.py", line 465, in _run_event
    await coro(*args, **kwargs)
  File "/app/asu_discord/cogs/analytics.py", line 652, in on_member_update
    before_timeout = before.timed_out_until
                     ^^^^^^^^^^^^^^^^^^^^^^
AttributeError: 'Member' object has no attribute 'timed_out_until'
Ignoring exception in on_member_update
Traceback (most recent call last):
  File "/usr/local/lib/python3.12/site-packages/discord/client.py", line 465, in _run_event
    await coro(*args, **kwargs)
  File "/app/asu_discord/cogs/analytics.py", line 652, in on_member_update
    before_timeout = before.timed_out_until
                     ^^^^^^^^^^^^^^^^^^^^^^
AttributeError: 'Member' object has no attribute 'timed_out_until'
Ignoring exception in on_member_update
Traceback (most recent call last):
  File "/usr/local/lib/python3.12/site-packages/discord/client.py", line 465, in _run_event
    await coro(*args, **kwargs)
  File "/app/asu_discord/cogs/analytics.py", line 652, in on_member_update
    before_timeout = before.timed_out_until
                     ^^^^^^^^^^^^^^^^^^^^^^
AttributeError: 'Member' object has no attribute 'timed_out_until'
Ignoring exception in on_member_update
Traceback (most recent call last):
  File "/usr/local/lib/python3.12/site-packages/discord/client.py", line 465, in _run_event
    await coro(*args, **kwargs)
  File "/app/asu_discord/cogs/analytics.py", line 652, in on_member_update
    before_timeout = before.timed_out_until
                     ^^^^^^^^^^^^^^^^^^^^^^
AttributeError: 'Member' object has no attribute 'timed_out_until'
Ignoring exception in on_member_update
Traceback (most recent call last):
  File "/usr/local/lib/python3.12/site-packages/discord/client.py", line 465, in _run_event
    await coro(*args, **kwargs)
  File "/app/asu_discord/cogs/analytics.py", line 652, in on_member_update
    before_timeout = before.timed_out_until
                     ^^^^^^^^^^^^^^^^^^^^^^
AttributeError: 'Member' object has no attribute 'timed_out_until'
Ignoring exception in on_member_update
Traceback (most recent call last):
  File "/usr/local/lib/python3.12/site-packages/discord/client.py", line 465, in _run_event
    await coro(*args, **kwargs)
  File "/app/asu_discord/cogs/analytics.py", line 652, in on_member_update
    before_timeout = before.timed_out_until
                     ^^^^^^^^^^^^^^^^^^^^^^
AttributeError: 'Member' object has no attribute 'timed_out_until'
INFO:asu_discord.cogs.verification:Saved 5 roles to database for user ssaini35 (Discord ID: 1229862184637698132)
INFO:asu_discord.cogs.verification:Refreshed Salesforce roles for Discord user 1229862184637698132: -5/+5 roles, assigned=[Commited, International Student, Ira A. Fulton Schools of Engineering, Tempe, Transfer Student]
ERROR:cron.jobs:refresh_salesforce_roles: failed for gbommine (Discord ID 1036573508714639410): Failed to refresh Salesforce-based roles: Discord user 1036573508714639410 is not a member of the guild
Ignoring exception in on_member_update
Traceback (most recent call last):
  File "/usr/local/lib/python3.12/site-packages/discord/client.py", line 465, in _run_event
    await coro(*args, **kwargs)
  File "/app/asu_discord/cogs/analytics.py", line 652, in on_member_update
    before_timeout = before.timed_out_until
                     ^^^^^^^^^^^^^^^^^^^^^^
AttributeError: 'Member' object has no attribute 'timed_out_until'
Ignoring exception in on_member_update
Traceback (most recent call last):
  File "/usr/local/lib/python3.12/site-packages/discord/client.py", line 465, in _run_event
    await coro(*args, **kwargs)
  File "/app/asu_discord/cogs/analytics.py", line 652, in on_member_update
    before_timeout = before.timed_out_until
                     ^^^^^^^^^^^^^^^^^^^^^^
AttributeError: 'Member' object has no attribute 'timed_out_until'
Ignoring exception in on_member_update
Traceback (most recent call last):
  File "/usr/local/lib/python3.12/site-packages/discord/client.py", line 465, in _run_event
    await coro(*args, **kwargs)
  File "/app/asu_discord/cogs/analytics.py", line 652, in on_member_update
    before_timeout = before.timed_out_until
                     ^^^^^^^^^^^^^^^^^^^^^^
AttributeError: 'Member' object has no attribute 'timed_out_until'
Ignoring exception in on_member_update
Traceback (most recent call last):
  File "/usr/local/lib/python3.12/site-packages/discord/client.py", line 465, in _run_event
    await coro(*args, **kwargs)
  File "/app/asu_discord/cogs/analytics.py", line 652, in on_member_update
    before_timeout = before.timed_out_until
                     ^^^^^^^^^^^^^^^^^^^^^^
AttributeError: 'Member' object has no attribute 'timed_out_until'
Ignoring exception in on_member_update
Traceback (most recent call last):
  File "/usr/local/lib/python3.12/site-packages/discord/client.py", line 465, in _run_event
    await coro(*args, **kwargs)
  File "/app/asu_discord/cogs/analytics.py", line 652, in on_member_update
    before_timeout = before.timed_out_until
                     ^^^^^^^^^^^^^^^^^^^^^^
AttributeError: 'Member' object has no attribute 'timed_out_until'
Ignoring exception in on_member_update
Traceback (most recent call last):
  File "/usr/local/lib/python3.12/site-packages/discord/client.py", line 465, in _run_event
    await coro(*args, **kwargs)
  File "/app/asu_discord/cogs/analytics.py", line 652, in on_member_update
    before_timeout = before.timed_out_until
                     ^^^^^^^^^^^^^^^^^^^^^^
AttributeError: 'Member' object has no attribute 'timed_out_until'
Ignoring exception in on_member_update
Traceback (most recent call last):
  File "/usr/local/lib/python3.12/site-packages/discord/client.py", line 465, in _run_event
    await coro(*args, **kwargs)
  File "/app/asu_discord/cogs/analytics.py", line 652, in on_member_update
    before_timeout = before.timed_out_until
                     ^^^^^^^^^^^^^^^^^^^^^^
AttributeError: 'Member' object has no attribute 'timed_out_until'
Ignoring exception in on_member_update
Traceback (most recent call last):
  File "/usr/local/lib/python3.12/site-packages/discord/client.py", line 465, in _run_event
    await coro(*args, **kwargs)
  File "/app/asu_discord/cogs/analytics.py", line 652, in on_member_update
    before_timeout = before.timed_out_until
                     ^^^^^^^^^^^^^^^^^^^^^^
AttributeError: 'Member' object has no attribute 'timed_out_until'
Ignoring exception in on_member_update
Traceback (most recent call last):
  File "/usr/local/lib/python3.12/site-packages/discord/client.py", line 465, in _run_event
    await coro(*args, **kwargs)
  File "/app/asu_discord/cogs/analytics.py", line 652, in on_member_update
    before_timeout = before.timed_out_until
                     ^^^^^^^^^^^^^^^^^^^^^^
AttributeError: 'Member' object has no attribute 'timed_out_until'
INFO:asu_discord.cogs.verification:Saved 7 roles to database for user kprabu (Discord ID: 790108374490153010)
INFO:asu_discord.cogs.verification:Refreshed Salesforce roles for Discord user 790108374490153010: -3/+6 roles, assigned=[Commited, First Generation Student, First Year, International Student, Tempe, Upperclassmen, W.P. Carey School of Business]
Ignoring exception in on_member_update
Traceback (most recent call last):
  File "/usr/local/lib/python3.12/site-packages/discord/client.py", line 465, in _run_event
    await coro(*args, **kwargs)
  File "/app/asu_discord/cogs/analytics.py", line 652, in on_member_update
    before_timeout = before.timed_out_until
                     ^^^^^^^^^^^^^^^^^^^^^^
AttributeError: 'Member' object has no attribute 'timed_out_until'
Ignoring exception in on_member_update
Traceback (most recent call last):
  File "/usr/local/lib/python3.12/site-packages/discord/client.py", line 465, in _run_event
    await coro(*args, **kwargs)
  File "/app/asu_discord/cogs/analytics.py", line 652, in on_member_update
    before_timeout = before.timed_out_until
                     ^^^^^^^^^^^^^^^^^^^^^^
AttributeError: 'Member' object has no attribute 'timed_out_until'
INFO:asu_discord.cogs.verification:Saved 1 roles to database for user berodr13 (Discord ID: 1423689826346995792)
INFO:asu_discord.cogs.verification:Refreshed Salesforce roles for Discord user 1423689826346995792: -1/+1 roles, assigned=[Out of State]
Ignoring exception in on_member_update
Traceback (most recent call last):
  File "/usr/local/lib/python3.12/site-packages/discord/client.py", line 465, in _run_event
    await coro(*args, **kwargs)
  File "/app/asu_discord/cogs/analytics.py", line 652, in on_member_update
    before_timeout = before.timed_out_until
                     ^^^^^^^^^^^^^^^^^^^^^^
AttributeError: 'Member' object has no attribute 'timed_out_until'
Ignoring exception in on_member_update
Traceback (most recent call last):
  File "/usr/local/lib/python3.12/site-packages/discord/client.py", line 465, in _run_event
    await coro(*args, **kwargs)
  File "/app/asu_discord/cogs/analytics.py", line 652, in on_member_update
    before_timeout = before.timed_out_until
                     ^^^^^^^^^^^^^^^^^^^^^^
AttributeError: 'Member' object has no attribute 'timed_out_until'
Ignoring exception in on_member_update
Traceback (most recent call last):
  File "/usr/local/lib/python3.12/site-packages/discord/client.py", line 465, in _run_event
    await coro(*args, **kwargs)
  File "/app/asu_discord/cogs/analytics.py", line 652, in on_member_update
    before_timeout = before.timed_out_until
                     ^^^^^^^^^^^^^^^^^^^^^^
AttributeError: 'Member' object has no attribute 'timed_out_until'
Ignoring exception in on_member_update
Traceback (most recent call last):
  File "/usr/local/lib/python3.12/site-packages/discord/client.py", line 465, in _run_event
    await coro(*args, **kwargs)
  File "/app/asu_discord/cogs/analytics.py", line 652, in on_member_update
    before_timeout = before.timed_out_until
                     ^^^^^^^^^^^^^^^^^^^^^^
AttributeError: 'Member' object has no attribute 'timed_out_until'
Ignoring exception in on_member_update
Traceback (most recent call last):
  File "/usr/local/lib/python3.12/site-packages/discord/client.py", line 465, in _run_event
    await coro(*args, **kwargs)
  File "/app/asu_discord/cogs/analytics.py", line 652, in on_member_update
    before_timeout = before.timed_out_until
                     ^^^^^^^^^^^^^^^^^^^^^^
AttributeError: 'Member' object has no attribute 'timed_out_until'
Ignoring exception in on_member_update
Traceback (most recent call last):
  File "/usr/local/lib/python3.12/site-packages/discord/client.py", line 465, in _run_event
    await coro(*args, **kwargs)
  File "/app/asu_discord/cogs/analytics.py", line 652, in on_member_update
    before_timeout = before.timed_out_until
                     ^^^^^^^^^^^^^^^^^^^^^^
AttributeError: 'Member' object has no attribute 'timed_out_until'
Ignoring exception in on_member_update
Traceback (most recent call last):
  File "/usr/local/lib/python3.12/site-packages/discord/client.py", line 465, in _run_event
    await coro(*args, **kwargs)
  File "/app/asu_discord/cogs/analytics.py", line 652, in on_member_update
    before_timeout = before.timed_out_until
                     ^^^^^^^^^^^^^^^^^^^^^^
AttributeError: 'Member' object has no attribute 'timed_out_until'
Ignoring exception in on_member_update
Traceback (most recent call last):
  File "/usr/local/lib/python3.12/site-packages/discord/client.py", line 465, in _run_event
    await coro(*args, **kwargs)
  File "/app/asu_discord/cogs/analytics.py", line 652, in on_member_update
    before_timeout = before.timed_out_until
                     ^^^^^^^^^^^^^^^^^^^^^^
AttributeError: 'Member' object has no attribute 'timed_out_until'
Ignoring exception in on_member_update
Traceback (most recent call last):
  File "/usr/local/lib/python3.12/site-packages/discord/client.py", line 465, in _run_event
    await coro(*args, **kwargs)
  File "/app/asu_discord/cogs/analytics.py", line 652, in on_member_update
    before_timeout = before.timed_out_until
                     ^^^^^^^^^^^^^^^^^^^^^^
AttributeError: 'Member' object has no attribute 'timed_out_until'
Ignoring exception in on_member_update
Traceback (most recent call last):
  File "/usr/local/lib/python3.12/site-packages/discord/client.py", line 465, in _run_event
    await coro(*args, **kwargs)
  File "/app/asu_discord/cogs/analytics.py", line 652, in on_member_update
    before_timeout = before.timed_out_until
                     ^^^^^^^^^^^^^^^^^^^^^^
AttributeError: 'Member' object has no attribute 'timed_out_until'
Ignoring exception in on_member_update
Traceback (most recent call last):
  File "/usr/local/lib/python3.12/site-packages/discord/client.py", line 465, in _run_event
    await coro(*args, **kwargs)
  File "/app/asu_discord/cogs/analytics.py", line 652, in on_member_update
    before_timeout = before.timed_out_until
                     ^^^^^^^^^^^^^^^^^^^^^^
AttributeError: 'Member' object has no attribute 'timed_out_until'
Ignoring exception in on_member_update
Traceback (most recent call last):
  File "/usr/local/lib/python3.12/site-packages/discord/client.py", line 465, in _run_event
    await coro(*args, **kwargs)
  File "/app/asu_discord/cogs/analytics.py", line 652, in on_member_update
    before_timeout = before.timed_out_until
                     ^^^^^^^^^^^^^^^^^^^^^^
AttributeError: 'Member' object has no attribute 'timed_out_until'
Ignoring exception in on_member_update
Traceback (most recent call last):
  File "/usr/local/lib/python3.12/site-packages/discord/client.py", line 465, in _run_event
    await coro(*args, **kwargs)
  File "/app/asu_discord/cogs/analytics.py", line 652, in on_member_update
    before_timeout = before.timed_out_until
                     ^^^^^^^^^^^^^^^^^^^^^^
AttributeError: 'Member' object has no attribute 'timed_out_until'
Ignoring exception in on_member_update
Traceback (most recent call last):
  File "/usr/local/lib/python3.12/site-packages/discord/client.py", line 465, in _run_event
    await coro(*args, **kwargs)
  File "/app/asu_discord/cogs/analytics.py", line 652, in on_member_update
    before_timeout = before.timed_out_until
                     ^^^^^^^^^^^^^^^^^^^^^^
AttributeError: 'Member' object has no attribute 'timed_out_until'
Ignoring exception in on_member_update
Traceback (most recent call last):
  File "/usr/local/lib/python3.12/site-packages/discord/client.py", line 465, in _run_event
    await coro(*args, **kwargs)
  File "/app/asu_discord/cogs/analytics.py", line 652, in on_member_update
    before_timeout = before.timed_out_until
                     ^^^^^^^^^^^^^^^^^^^^^^
AttributeError: 'Member' object has no attribute 'timed_out_until'
ERROR:cron.jobs:refresh_salesforce_roles: failed for kulinder (Discord ID 1204854590122631281): Timed out refresh Salesforce-based roles
Ignoring exception in on_member_update
Traceback (most recent call last):
  File "/usr/local/lib/python3.12/site-packages/discord/client.py", line 465, in _run_event
    await coro(*args, **kwargs)
  File "/app/asu_discord/cogs/analytics.py", line 652, in on_member_update
    before_timeout = before.timed_out_until
                     ^^^^^^^^^^^^^^^^^^^^^^
AttributeError: 'Member' object has no attribute 'timed_out_until'
Ignoring exception in on_member_update
Traceback (most recent call last):
  File "/usr/local/lib/python3.12/site-packages/discord/client.py", line 465, in _run_event
    await coro(*args, **kwargs)
  File "/app/asu_discord/cogs/analytics.py", line 652, in on_member_update
    before_timeout = before.timed_out_until
                     ^^^^^^^^^^^^^^^^^^^^^^
AttributeError: 'Member' object has no attribute 'timed_out_until'
Ignoring exception in on_member_update
Traceback (most recent call last):
  File "/usr/local/lib/python3.12/site-packages/discord/client.py", line 465, in _run_event
    await coro(*args, **kwargs)
  File "/app/asu_discord/cogs/analytics.py", line 652, in on_member_update
    before_timeout = before.timed_out_until
                     ^^^^^^^^^^^^^^^^^^^^^^
AttributeError: 'Member' object has no attribute 'timed_out_until'
Ignoring exception in on_member_update
Traceback (most recent call last):
  File "/usr/local/lib/python3.12/site-packages/discord/client.py", line 465, in _run_event
    await coro(*args, **kwargs)
  File "/app/asu_discord/cogs/analytics.py", line 652, in on_member_update
    before_timeout = before.timed_out_until
                     ^^^^^^^^^^^^^^^^^^^^^^
AttributeError: 'Member' object has no attribute 'timed_out_until'
Ignoring exception in on_member_update
Traceback (most recent call last):
  File "/usr/local/lib/python3.12/site-packages/discord/client.py", line 465, in _run_event
    await coro(*args, **kwargs)
  File "/app/asu_discord/cogs/analytics.py", line 652, in on_member_update
    before_timeout = before.timed_out_until
                     ^^^^^^^^^^^^^^^^^^^^^^
AttributeError: 'Member' object has no attribute 'timed_out_until'
Ignoring exception in on_member_update
Traceback (most recent call last):
  File "/usr/local/lib/python3.12/site-packages/discord/client.py", line 465, in _run_event
    await coro(*args, **kwargs)
  File "/app/asu_discord/cogs/analytics.py", line 652, in on_member_update
    before_timeout = before.timed_out_until
                     ^^^^^^^^^^^^^^^^^^^^^^
AttributeError: 'Member' object has no attribute 'timed_out_until'
Ignoring exception in on_member_update
Traceback (most recent call last):
  File "/usr/local/lib/python3.12/site-packages/discord/client.py", line 465, in _run_event
    await coro(*args, **kwargs)
  File "/app/asu_discord/cogs/analytics.py", line 652, in on_member_update
    before_timeout = before.timed_out_until
                     ^^^^^^^^^^^^^^^^^^^^^^
AttributeError: 'Member' object has no attribute 'timed_out_until'
Ignoring exception in on_member_update
Traceback (most recent call last):
  File "/usr/local/lib/python3.12/site-packages/discord/client.py", line 465, in _run_event
    await coro(*args, **kwargs)
  File "/app/asu_discord/cogs/analytics.py", line 652, in on_member_update
    before_timeout = before.timed_out_until
                     ^^^^^^^^^^^^^^^^^^^^^^
AttributeError: 'Member' object has no attribute 'timed_out_until'
INFO:asu_discord.cogs.verification:Saved 4 roles to database for user gdjone10 (Discord ID: 1491870293998702723)
INFO:asu_discord.cogs.verification:Refreshed Salesforce roles for Discord user 1491870293998702723: -3/+4 roles, assigned=[Arizona Resident, College of Health Solutions, Downtown Phoenix, First Year]
Ignoring exception in on_member_update
Traceback (most recent call last):
  File "/usr/local/lib/python3.12/site-packages/discord/client.py", line 465, in _run_event
    await coro(*args, **kwargs)
  File "/app/asu_discord/cogs/analytics.py", line 652, in on_member_update
    before_timeout = before.timed_out_until
                     ^^^^^^^^^^^^^^^^^^^^^^
AttributeError: 'Member' object has no attribute 'timed_out_until'
Ignoring exception in on_member_update
Traceback (most recent call last):
  File "/usr/local/lib/python3.12/site-packages/discord/client.py", line 465, in _run_event
    await coro(*args, **kwargs)
  File "/app/asu_discord/cogs/analytics.py", line 652, in on_member_update
    before_timeout = before.timed_out_until
                     ^^^^^^^^^^^^^^^^^^^^^^
AttributeError: 'Member' object has no attribute 'timed_out_until'
Ignoring exception in on_member_update
Traceback (most recent call last):
  File "/usr/local/lib/python3.12/site-packages/discord/client.py", line 465, in _run_event
    await coro(*args, **kwargs)
  File "/app/asu_discord/cogs/analytics.py", line 652, in on_member_update
    before_timeout = before.timed_out_until
                     ^^^^^^^^^^^^^^^^^^^^^^
AttributeError: 'Member' object has no attribute 'timed_out_until'
Ignoring exception in on_member_update
Traceback (most recent call last):
  File "/usr/local/lib/python3.12/site-packages/discord/client.py", line 465, in _run_event
    await coro(*args, **kwargs)
  File "/app/asu_discord/cogs/analytics.py", line 652, in on_member_update
    before_timeout = before.timed_out_until
                     ^^^^^^^^^^^^^^^^^^^^^^
AttributeError: 'Member' object has no attribute 'timed_out_until'
Ignoring exception in on_member_update
Traceback (most recent call last):
  File "/usr/local/lib/python3.12/site-packages/discord/client.py", line 465, in _run_event
    await coro(*args, **kwargs)
  File "/app/asu_discord/cogs/analytics.py", line 652, in on_member_update
    before_timeout = before.timed_out_until
                     ^^^^^^^^^^^^^^^^^^^^^^
AttributeError: 'Member' object has no attribute 'timed_out_until'
Ignoring exception in on_member_update
Traceback (most recent call last):
  File "/usr/local/lib/python3.12/site-packages/discord/client.py", line 465, in _run_event
    await coro(*args, **kwargs)
  File "/app/asu_discord/cogs/analytics.py", line 652, in on_member_update
    before_timeout = before.timed_out_until
                     ^^^^^^^^^^^^^^^^^^^^^^
AttributeError: 'Member' object has no attribute 'timed_out_until'
Ignoring exception in on_member_update
Traceback (most recent call last):
  File "/usr/local/lib/python3.12/site-packages/discord/client.py", line 465, in _run_event
    await coro(*args, **kwargs)
  File "/app/asu_discord/cogs/analytics.py", line 652, in on_member_update
    before_timeout = before.timed_out_until
                     ^^^^^^^^^^^^^^^^^^^^^^
AttributeError: 'Member' object has no attribute 'timed_out_until'
Ignoring exception in on_member_update
Traceback (most recent call last):
  File "/usr/local/lib/python3.12/site-packages/discord/client.py", line 465, in _run_event
    await coro(*args, **kwargs)
  File "/app/asu_discord/cogs/analytics.py", line 652, in on_member_update
    before_timeout = before.timed_out_until
                     ^^^^^^^^^^^^^^^^^^^^^^
AttributeError: 'Member' object has no attribute 'timed_out_until'
INFO:asu_discord.cogs.verification:Saved 4 roles to database for user llhatten (Discord ID: 1370952847881146378)
INFO:asu_discord.cogs.verification:Refreshed Salesforce roles for Discord user 1370952847881146378: -4/+4 roles, assigned=[Arizona Resident, College of Health Solutions, Downtown Phoenix, First Year]
ERROR:cron.jobs:refresh_salesforce_roles: failed for falsheeb (Discord ID 484311880396046347): Failed to refresh Salesforce-based roles: Discord user 484311880396046347 is not a member of the guild
Ignoring exception in on_member_update
Traceback (most recent call last):
  File "/usr/local/lib/python3.12/site-packages/discord/client.py", line 465, in _run_event
    await coro(*args, **kwargs)
  File "/app/asu_discord/cogs/analytics.py", line 652, in on_member_update
    before_timeout = before.timed_out_until
                     ^^^^^^^^^^^^^^^^^^^^^^
AttributeError: 'Member' object has no attribute 'timed_out_until'
Ignoring exception in on_member_update
Traceback (most recent call last):
  File "/usr/local/lib/python3.12/site-packages/discord/client.py", line 465, in _run_event
    await coro(*args, **kwargs)
  File "/app/asu_discord/cogs/analytics.py", line 652, in on_member_update
    before_timeout = before.timed_out_until
                     ^^^^^^^^^^^^^^^^^^^^^^
AttributeError: 'Member' object has no attribute 'timed_out_until'
Ignoring exception in on_member_update
Traceback (most recent call last):
  File "/usr/local/lib/python3.12/site-packages/discord/client.py", line 465, in _run_event
    await coro(*args, **kwargs)
  File "/app/asu_discord/cogs/analytics.py", line 652, in on_member_update
    before_timeout = before.timed_out_until
                     ^^^^^^^^^^^^^^^^^^^^^^
AttributeError: 'Member' object has no attribute 'timed_out_until'
Ignoring exception in on_member_update
Traceback (most recent call last):
  File "/usr/local/lib/python3.12/site-packages/discord/client.py", line 465, in _run_event
    await coro(*args, **kwargs)
  File "/app/asu_discord/cogs/analytics.py", line 652, in on_member_update
    before_timeout = before.timed_out_until
                     ^^^^^^^^^^^^^^^^^^^^^^
AttributeError: 'Member' object has no attribute 'timed_out_until'
Ignoring exception in on_member_update
Traceback (most recent call last):
  File "/usr/local/lib/python3.12/site-packages/discord/client.py", line 465, in _run_event
    await coro(*args, **kwargs)
  File "/app/asu_discord/cogs/analytics.py", line 652, in on_member_update
    before_timeout = before.timed_out_until
                     ^^^^^^^^^^^^^^^^^^^^^^
AttributeError: 'Member' object has no attribute 'timed_out_until'
Ignoring exception in on_member_update
Traceback (most recent call last):
  File "/usr/local/lib/python3.12/site-packages/discord/client.py", line 465, in _run_event
    await coro(*args, **kwargs)
  File "/app/asu_discord/cogs/analytics.py", line 652, in on_member_update
    before_timeout = before.timed_out_until
                     ^^^^^^^^^^^^^^^^^^^^^^
AttributeError: 'Member' object has no attribute 'timed_out_until'
Ignoring exception in on_member_update
Traceback (most recent call last):
  File "/usr/local/lib/python3.12/site-packages/discord/client.py", line 465, in _run_event
    await coro(*args, **kwargs)
  File "/app/asu_discord/cogs/analytics.py", line 652, in on_member_update
    before_timeout = before.timed_out_until
                     ^^^^^^^^^^^^^^^^^^^^^^
AttributeError: 'Member' object has no attribute 'timed_out_until'
Ignoring exception in on_member_update
Traceback (most recent call last):
  File "/usr/local/lib/python3.12/site-packages/discord/client.py", line 465, in _run_event
    await coro(*args, **kwargs)
  File "/app/asu_discord/cogs/analytics.py", line 652, in on_member_update
    before_timeout = before.timed_out_until
                     ^^^^^^^^^^^^^^^^^^^^^^
AttributeError: 'Member' object has no attribute 'timed_out_until'
Ignoring exception in on_member_update
Traceback (most recent call last):
  File "/usr/local/lib/python3.12/site-packages/discord/client.py", line 465, in _run_event
    await coro(*args, **kwargs)
  File "/app/asu_discord/cogs/analytics.py", line 652, in on_member_update
    before_timeout = before.timed_out_until
                     ^^^^^^^^^^^^^^^^^^^^^^
AttributeError: 'Member' object has no attribute 'timed_out_until'
Ignoring exception in on_member_update
Traceback (most recent call last):
  File "/usr/local/lib/python3.12/site-packages/discord/client.py", line 465, in _run_event
    await coro(*args, **kwargs)
  File "/app/asu_discord/cogs/analytics.py", line 652, in on_member_update
    before_timeout = before.timed_out_until
                     ^^^^^^^^^^^^^^^^^^^^^^
AttributeError: 'Member' object has no attribute 'timed_out_until'
Ignoring exception in on_member_update
Traceback (most recent call last):
  File "/usr/local/lib/python3.12/site-packages/discord/client.py", line 465, in _run_event
    await coro(*args, **kwargs)
  File "/app/asu_discord/cogs/analytics.py", line 652, in on_member_update
    before_timeout = before.timed_out_until
                     ^^^^^^^^^^^^^^^^^^^^^^
AttributeError: 'Member' object has no attribute 'timed_out_until'
Ignoring exception in on_member_update
Traceback (most recent call last):
  File "/usr/local/lib/python3.12/site-packages/discord/client.py", line 465, in _run_event
    await coro(*args, **kwargs)
  File "/app/asu_discord/cogs/analytics.py", line 652, in on_member_update
    before_timeout = before.timed_out_until
                     ^^^^^^^^^^^^^^^^^^^^^^
AttributeError: 'Member' object has no attribute 'timed_out_until'
INFO:asu_discord.cogs.verification:Saved 6 roles to database for user aibrah61 (Discord ID: 1011879013184192562)
INFO:asu_discord.cogs.verification:Refreshed Salesforce roles for Discord user 1011879013184192562: -6/+6 roles, assigned=[Commited, First Year, International Student, Ira A. Fulton Schools of Engineering, Upperclassmen, West Valley]
Ignoring exception in on_member_update
Traceback (most recent call last):
  File "/usr/local/lib/python3.12/site-packages/discord/client.py", line 465, in _run_event
    await coro(*args, **kwargs)
  File "/app/asu_discord/cogs/analytics.py", line 652, in on_member_update
    before_timeout = before.timed_out_until
                     ^^^^^^^^^^^^^^^^^^^^^^
AttributeError: 'Member' object has no attribute 'timed_out_until'
Ignoring exception in on_member_update
Traceback (most recent call last):
  File "/usr/local/lib/python3.12/site-packages/discord/client.py", line 465, in _run_event
    await coro(*args, **kwargs)
  File "/app/asu_discord/cogs/analytics.py", line 652, in on_member_update
    before_timeout = before.timed_out_until
                     ^^^^^^^^^^^^^^^^^^^^^^
AttributeError: 'Member' object has no attribute 'timed_out_until'
Ignoring exception in on_member_update
Traceback (most recent call last):
  File "/usr/local/lib/python3.12/site-packages/discord/client.py", line 465, in _run_event
    await coro(*args, **kwargs)
  File "/app/asu_discord/cogs/analytics.py", line 652, in on_member_update
    before_timeout = before.timed_out_until
                     ^^^^^^^^^^^^^^^^^^^^^^
AttributeError: 'Member' object has no attribute 'timed_out_until'
Ignoring exception in on_member_update
Traceback (most recent call last):
  File "/usr/local/lib/python3.12/site-packages/discord/client.py", line 465, in _run_event
    await coro(*args, **kwargs)
  File "/app/asu_discord/cogs/analytics.py", line 652, in on_member_update
    before_timeout = before.timed_out_until
                     ^^^^^^^^^^^^^^^^^^^^^^
AttributeError: 'Member' object has no attribute 'timed_out_until'
Ignoring exception in on_member_update
Traceback (most recent call last):
  File "/usr/local/lib/python3.12/site-packages/discord/client.py", line 465, in _run_event
    await coro(*args, **kwargs)
  File "/app/asu_discord/cogs/analytics.py", line 652, in on_member_update
    before_timeout = before.timed_out_until
                     ^^^^^^^^^^^^^^^^^^^^^^
AttributeError: 'Member' object has no attribute 'timed_out_until'
Ignoring exception in on_member_update
Traceback (most recent call last):
  File "/usr/local/lib/python3.12/site-packages/discord/client.py", line 465, in _run_event
    await coro(*args, **kwargs)
  File "/app/asu_discord/cogs/analytics.py", line 652, in on_member_update
    before_timeout = before.timed_out_until
                     ^^^^^^^^^^^^^^^^^^^^^^
AttributeError: 'Member' object has no attribute 'timed_out_until'
Ignoring exception in on_member_update
Traceback (most recent call last):
  File "/usr/local/lib/python3.12/site-packages/discord/client.py", line 465, in _run_event
    await coro(*args, **kwargs)
  File "/app/asu_discord/cogs/analytics.py", line 652, in on_member_update
    before_timeout = before.timed_out_until
                     ^^^^^^^^^^^^^^^^^^^^^^
AttributeError: 'Member' object has no attribute 'timed_out_until'
Ignoring exception in on_member_update
Traceback (most recent call last):
  File "/usr/local/lib/python3.12/site-packages/discord/client.py", line 465, in _run_event
    await coro(*args, **kwargs)
  File "/app/asu_discord/cogs/analytics.py", line 652, in on_member_update
    before_timeout = before.timed_out_until
                     ^^^^^^^^^^^^^^^^^^^^^^
AttributeError: 'Member' object has no attribute 'timed_out_until'
Ignoring exception in on_member_update
Traceback (most recent call last):
  File "/usr/local/lib/python3.12/site-packages/discord/client.py", line 465, in _run_event
    await coro(*args, **kwargs)
  File "/app/asu_discord/cogs/analytics.py", line 652, in on_member_update
    before_timeout = before.timed_out_until
                     ^^^^^^^^^^^^^^^^^^^^^^
AttributeError: 'Member' object has no attribute 'timed_out_until'
INFO:asu_discord.cogs.verification:Saved 5 roles to database for user kanand19 (Discord ID: 1066180123470073960)
INFO:asu_discord.cogs.verification:Refreshed Salesforce roles for Discord user 1066180123470073960: -5/+4 roles, assigned=[Commited, First Year, Ira A. Fulton Schools of Engineering, Out of State, Tempe]
Ignoring exception in on_member_update
Traceback (most recent call last):
  File "/usr/local/lib/python3.12/site-packages/discord/client.py", line 465, in _run_event
    await coro(*args, **kwargs)
  File "/app/asu_discord/cogs/analytics.py", line 652, in on_member_update
    before_timeout = before.timed_out_until
                     ^^^^^^^^^^^^^^^^^^^^^^
AttributeError: 'Member' object has no attribute 'timed_out_until'
Ignoring exception in on_member_update
Traceback (most recent call last):
  File "/usr/local/lib/python3.12/site-packages/discord/client.py", line 465, in _run_event
    await coro(*args, **kwargs)
  File "/app/asu_discord/cogs/analytics.py", line 652, in on_member_update
    before_timeout = before.timed_out_until
                     ^^^^^^^^^^^^^^^^^^^^^^
AttributeError: 'Member' object has no attribute 'timed_out_until'
Ignoring exception in on_member_update
Traceback (most recent call last):
  File "/usr/local/lib/python3.12/site-packages/discord/client.py", line 465, in _run_event
    await coro(*args, **kwargs)
  File "/app/asu_discord/cogs/analytics.py", line 652, in on_member_update
    before_timeout = before.timed_out_until
                     ^^^^^^^^^^^^^^^^^^^^^^
AttributeError: 'Member' object has no attribute 'timed_out_until'
Ignoring exception in on_member_update
Traceback (most recent call last):
  File "/usr/local/lib/python3.12/site-packages/discord/client.py", line 465, in _run_event
    await coro(*args, **kwargs)
  File "/app/asu_discord/cogs/analytics.py", line 652, in on_member_update
    before_timeout = before.timed_out_until
                     ^^^^^^^^^^^^^^^^^^^^^^
AttributeError: 'Member' object has no attribute 'timed_out_until'
Ignoring exception in on_member_update
Traceback (most recent call last):
  File "/usr/local/lib/python3.12/site-packages/discord/client.py", line 465, in _run_event
    await coro(*args, **kwargs)
  File "/app/asu_discord/cogs/analytics.py", line 652, in on_member_update
    before_timeout = before.timed_out_until
                     ^^^^^^^^^^^^^^^^^^^^^^
AttributeError: 'Member' object has no attribute 'timed_out_until'
Ignoring exception in on_member_update
Traceback (most recent call last):
  File "/usr/local/lib/python3.12/site-packages/discord/client.py", line 465, in _run_event
    await coro(*args, **kwargs)
  File "/app/asu_discord/cogs/analytics.py", line 652, in on_member_update
    before_timeout = before.timed_out_until
                     ^^^^^^^^^^^^^^^^^^^^^^
AttributeError: 'Member' object has no attribute 'timed_out_until'
Ignoring exception in on_member_update
Traceback (most recent call last):
  File "/usr/local/lib/python3.12/site-packages/discord/client.py", line 465, in _run_event
    await coro(*args, **kwargs)
  File "/app/asu_discord/cogs/analytics.py", line 652, in on_member_update
    before_timeout = before.timed_out_until
                     ^^^^^^^^^^^^^^^^^^^^^^
AttributeError: 'Member' object has no attribute 'timed_out_until'
Ignoring exception in on_member_update
Traceback (most recent call last):
  File "/usr/local/lib/python3.12/site-packages/discord/client.py", line 465, in _run_event
    await coro(*args, **kwargs)
  File "/app/asu_discord/cogs/analytics.py", line 652, in on_member_update
    before_timeout = before.timed_out_until
                     ^^^^^^^^^^^^^^^^^^^^^^
AttributeError: 'Member' object has no attribute 'timed_out_until'
Ignoring exception in on_member_update
Traceback (most recent call last):
  File "/usr/local/lib/python3.12/site-packages/discord/client.py", line 465, in _run_event
    await coro(*args, **kwargs)
  File "/app/asu_discord/cogs/analytics.py", line 652, in on_member_update
    before_timeout = before.timed_out_until
                     ^^^^^^^^^^^^^^^^^^^^^^
AttributeError: 'Member' object has no attribute 'timed_out_until'
Ignoring exception in on_member_update
Traceback (most recent call last):
  File "/usr/local/lib/python3.12/site-packages/discord/client.py", line 465, in _run_event
    await coro(*args, **kwargs)
  File "/app/asu_discord/cogs/analytics.py", line 652, in on_member_update
    before_timeout = before.timed_out_until
                     ^^^^^^^^^^^^^^^^^^^^^^
AttributeError: 'Member' object has no attribute 'timed_out_until'
Ignoring exception in on_member_update
Traceback (most recent call last):
  File "/usr/local/lib/python3.12/site-packages/discord/client.py", line 465, in _run_event
    await coro(*args, **kwargs)
  File "/app/asu_discord/cogs/analytics.py", line 652, in on_member_update
    before_timeout = before.timed_out_until
                     ^^^^^^^^^^^^^^^^^^^^^^
AttributeError: 'Member' object has no attribute 'timed_out_until'
Ignoring exception in on_member_update
Traceback (most recent call last):
  File "/usr/local/lib/python3.12/site-packages/discord/client.py", line 465, in _run_event
    await coro(*args, **kwargs)
  File "/app/asu_discord/cogs/analytics.py", line 652, in on_member_update
    before_timeout = before.timed_out_until
                     ^^^^^^^^^^^^^^^^^^^^^^
AttributeError: 'Member' object has no attribute 'timed_out_until'
Ignoring exception in on_member_update
Traceback (most recent call last):
  File "/usr/local/lib/python3.12/site-packages/discord/client.py", line 465, in _run_event
    await coro(*args, **kwargs)
  File "/app/asu_discord/cogs/analytics.py", line 652, in on_member_update
    before_timeout = before.timed_out_until
                     ^^^^^^^^^^^^^^^^^^^^^^
AttributeError: 'Member' object has no attribute 'timed_out_until'
Ignoring exception in on_member_update
Traceback (most recent call last):
  File "/usr/local/lib/python3.12/site-packages/discord/client.py", line 465, in _run_event
    await coro(*args, **kwargs)
  File "/app/asu_discord/cogs/analytics.py", line 652, in on_member_update
    before_timeout = before.timed_out_until
                     ^^^^^^^^^^^^^^^^^^^^^^
AttributeError: 'Member' object has no attribute 'timed_out_until'
INFO:asu_discord.cogs.verification:Saved 7 roles to database for user cfranc52 (Discord ID: 893527078308290560)
INFO:asu_discord.cogs.verification:Refreshed Salesforce roles for Discord user 893527078308290560: -7/+7 roles, assigned=[Arizona Resident, College of Liberal Arts and Sciences, Commited, First Generation Student, Tempe, Transfer Student, Upperclassmen]
Ignoring exception in on_member_update
Traceback (most recent call last):
  File "/usr/local/lib/python3.12/site-packages/discord/client.py", line 465, in _run_event
    await coro(*args, **kwargs)
  File "/app/asu_discord/cogs/analytics.py", line 652, in on_member_update
    before_timeout = before.timed_out_until
                     ^^^^^^^^^^^^^^^^^^^^^^
AttributeError: 'Member' object has no attribute 'timed_out_until'
Ignoring exception in on_member_update
Traceback (most recent call last):
  File "/usr/local/lib/python3.12/site-packages/discord/client.py", line 465, in _run_event
    await coro(*args, **kwargs)
  File "/app/asu_discord/cogs/analytics.py", line 652, in on_member_update
    before_timeout = before.timed_out_until
                     ^^^^^^^^^^^^^^^^^^^^^^
AttributeError: 'Member' object has no attribute 'timed_out_until'
Ignoring exception in on_member_update
Traceback (most recent call last):
  File "/usr/local/lib/python3.12/site-packages/discord/client.py", line 465, in _run_event
    await coro(*args, **kwargs)
  File "/app/asu_discord/cogs/analytics.py", line 652, in on_member_update
    before_timeout = before.timed_out_until
                     ^^^^^^^^^^^^^^^^^^^^^^
AttributeError: 'Member' object has no attribute 'timed_out_until'
Ignoring exception in on_member_update
Traceback (most recent call last):
  File "/usr/local/lib/python3.12/site-packages/discord/client.py", line 465, in _run_event
    await coro(*args, **kwargs)
  File "/app/asu_discord/cogs/analytics.py", line 652, in on_member_update
    before_timeout = before.timed_out_until
                     ^^^^^^^^^^^^^^^^^^^^^^
AttributeError: 'Member' object has no attribute 'timed_out_until'
Ignoring exception in on_member_update
Traceback (most recent call last):
  File "/usr/local/lib/python3.12/site-packages/discord/client.py", line 465, in _run_event
    await coro(*args, **kwargs)
  File "/app/asu_discord/cogs/analytics.py", line 652, in on_member_update
    before_timeout = before.timed_out_until
                     ^^^^^^^^^^^^^^^^^^^^^^
AttributeError: 'Member' object has no attribute 'timed_out_until'
Ignoring exception in on_member_update
Traceback (most recent call last):
  File "/usr/local/lib/python3.12/site-packages/discord/client.py", line 465, in _run_event
    await coro(*args, **kwargs)
  File "/app/asu_discord/cogs/analytics.py", line 652, in on_member_update
    before_timeout = before.timed_out_until
                     ^^^^^^^^^^^^^^^^^^^^^^
AttributeError: 'Member' object has no attribute 'timed_out_until'
Ignoring exception in on_member_update
Traceback (most recent call last):
  File "/usr/local/lib/python3.12/site-packages/discord/client.py", line 465, in _run_event
    await coro(*args, **kwargs)
  File "/app/asu_discord/cogs/analytics.py", line 652, in on_member_update
    before_timeout = before.timed_out_until
                     ^^^^^^^^^^^^^^^^^^^^^^
AttributeError: 'Member' object has no attribute 'timed_out_until'
Ignoring exception in on_member_update
Traceback (most recent call last):
  File "/usr/local/lib/python3.12/site-packages/discord/client.py", line 465, in _run_event
    await coro(*args, **kwargs)
  File "/app/asu_discord/cogs/analytics.py", line 652, in on_member_update
    before_timeout = before.timed_out_until
                     ^^^^^^^^^^^^^^^^^^^^^^
AttributeError: 'Member' object has no attribute 'timed_out_until'
Ignoring exception in on_member_update
Traceback (most recent call last):
  File "/usr/local/lib/python3.12/site-packages/discord/client.py", line 465, in _run_event
    await coro(*args, **kwargs)
  File "/app/asu_discord/cogs/analytics.py", line 652, in on_member_update
    before_timeout = before.timed_out_until
                     ^^^^^^^^^^^^^^^^^^^^^^
AttributeError: 'Member' object has no attribute 'timed_out_until'
Ignoring exception in on_member_update
Traceback (most recent call last):
  File "/usr/local/lib/python3.12/site-packages/discord/client.py", line 465, in _run_event
    await coro(*args, **kwargs)
  File "/app/asu_discord/cogs/analytics.py", line 652, in on_member_update
    before_timeout = before.timed_out_until
                     ^^^^^^^^^^^^^^^^^^^^^^
AttributeError: 'Member' object has no attribute 'timed_out_until'
INFO:asu_discord.cogs.verification:Saved 5 roles to database for user gvtorush (Discord ID: 680612315997274161)
INFO:asu_discord.cogs.verification:Refreshed Salesforce roles for Discord user 680612315997274161: -5/+5 roles, assigned=[Commited, First Year, International Student, Tempe, W.P. Carey School of Business]
Ignoring exception in on_member_update
Traceback (most recent call last):
  File "/usr/local/lib/python3.12/site-packages/discord/client.py", line 465, in _run_event
    await coro(*args, **kwargs)
  File "/app/asu_discord/cogs/analytics.py", line 652, in on_member_update
    before_timeout = before.timed_out_until
                     ^^^^^^^^^^^^^^^^^^^^^^
AttributeError: 'Member' object has no attribute 'timed_out_until'
Ignoring exception in on_member_update
Traceback (most recent call last):
  File "/usr/local/lib/python3.12/site-packages/discord/client.py", line 465, in _run_event
    await coro(*args, **kwargs)
  File "/app/asu_discord/cogs/analytics.py", line 652, in on_member_update
    before_timeout = before.timed_out_until
                     ^^^^^^^^^^^^^^^^^^^^^^
AttributeError: 'Member' object has no attribute 'timed_out_until'
Ignoring exception in on_member_update
Traceback (most recent call last):
  File "/usr/local/lib/python3.12/site-packages/discord/client.py", line 465, in _run_event
    await coro(*args, **kwargs)
  File "/app/asu_discord/cogs/analytics.py", line 652, in on_member_update
    before_timeout = before.timed_out_until
                     ^^^^^^^^^^^^^^^^^^^^^^
AttributeError: 'Member' object has no attribute 'timed_out_until'
Ignoring exception in on_member_update
Traceback (most recent call last):
  File "/usr/local/lib/python3.12/site-packages/discord/client.py", line 465, in _run_event
    await coro(*args, **kwargs)
  File "/app/asu_discord/cogs/analytics.py", line 652, in on_member_update
    before_timeout = before.timed_out_until
                     ^^^^^^^^^^^^^^^^^^^^^^
AttributeError: 'Member' object has no attribute 'timed_out_until'
Ignoring exception in on_member_update
Traceback (most recent call last):
  File "/usr/local/lib/python3.12/site-packages/discord/client.py", line 465, in _run_event
    await coro(*args, **kwargs)
  File "/app/asu_discord/cogs/analytics.py", line 652, in on_member_update
    before_timeout = before.timed_out_until
                     ^^^^^^^^^^^^^^^^^^^^^^
AttributeError: 'Member' object has no attribute 'timed_out_until'
Ignoring exception in on_member_update
Traceback (most recent call last):
  File "/usr/local/lib/python3.12/site-packages/discord/client.py", line 465, in _run_event
    await coro(*args, **kwargs)
  File "/app/asu_discord/cogs/analytics.py", line 652, in on_member_update
    before_timeout = before.timed_out_until
                     ^^^^^^^^^^^^^^^^^^^^^^
AttributeError: 'Member' object has no attribute 'timed_out_until'
Ignoring exception in on_member_update
Traceback (most recent call last):
  File "/usr/local/lib/python3.12/site-packages/discord/client.py", line 465, in _run_event
    await coro(*args, **kwargs)
  File "/app/asu_discord/cogs/analytics.py", line 652, in on_member_update
    before_timeout = before.timed_out_until
                     ^^^^^^^^^^^^^^^^^^^^^^
AttributeError: 'Member' object has no attribute 'timed_out_until'
Ignoring exception in on_member_update
Traceback (most recent call last):
  File "/usr/local/lib/python3.12/site-packages/discord/client.py", line 465, in _run_event
    await coro(*args, **kwargs)
  File "/app/asu_discord/cogs/analytics.py", line 652, in on_member_update
    before_timeout = before.timed_out_until
                     ^^^^^^^^^^^^^^^^^^^^^^
AttributeError: 'Member' object has no attribute 'timed_out_until'
Ignoring exception in on_member_update
Traceback (most recent call last):
  File "/usr/local/lib/python3.12/site-packages/discord/client.py", line 465, in _run_event
    await coro(*args, **kwargs)
  File "/app/asu_discord/cogs/analytics.py", line 652, in on_member_update
    before_timeout = before.timed_out_until
                     ^^^^^^^^^^^^^^^^^^^^^^
AttributeError: 'Member' object has no attribute 'timed_out_until'
Ignoring exception in on_member_update
Traceback (most recent call last):
  File "/usr/local/lib/python3.12/site-packages/discord/client.py", line 465, in _run_event
    await coro(*args, **kwargs)
  File "/app/asu_discord/cogs/analytics.py", line 652, in on_member_update
    before_timeout = before.timed_out_until
                     ^^^^^^^^^^^^^^^^^^^^^^
AttributeError: 'Member' object has no attribute 'timed_out_until'
INFO:asu_discord.cogs.verification:Saved 5 roles to database for user proshant (Discord ID: 1462505291181592610)
INFO:asu_discord.cogs.verification:Refreshed Salesforce roles for Discord user 1462505291181592610: -5/+4 roles, assigned=[Commited, Graduate Student, International Student, Ira A. Fulton Schools of Engineering, Polytechnic]
Ignoring exception in on_member_update
Traceback (most recent call last):
  File "/usr/local/lib/python3.12/site-packages/discord/client.py", line 465, in _run_event
    await coro(*args, **kwargs)
  File "/app/asu_discord/cogs/analytics.py", line 652, in on_member_update
    before_timeout = before.timed_out_until
                     ^^^^^^^^^^^^^^^^^^^^^^
AttributeError: 'Member' object has no attribute 'timed_out_until'
Ignoring exception in on_member_update
Traceback (most recent call last):
  File "/usr/local/lib/python3.12/site-packages/discord/client.py", line 465, in _run_event
    await coro(*args, **kwargs)
  File "/app/asu_discord/cogs/analytics.py", line 652, in on_member_update
    before_timeout = before.timed_out_until
                     ^^^^^^^^^^^^^^^^^^^^^^
AttributeError: 'Member' object has no attribute 'timed_out_until'
Ignoring exception in on_member_update
Traceback (most recent call last):
  File "/usr/local/lib/python3.12/site-packages/discord/client.py", line 465, in _run_event
    await coro(*args, **kwargs)
  File "/app/asu_discord/cogs/analytics.py", line 652, in on_member_update
    before_timeout = before.timed_out_until
                     ^^^^^^^^^^^^^^^^^^^^^^
AttributeError: 'Member' object has no attribute 'timed_out_until'
Ignoring exception in on_member_update
Traceback (most recent call last):
  File "/usr/local/lib/python3.12/site-packages/discord/client.py", line 465, in _run_event
    await coro(*args, **kwargs)
  File "/app/asu_discord/cogs/analytics.py", line 652, in on_member_update
    before_timeout = before.timed_out_until
                     ^^^^^^^^^^^^^^^^^^^^^^
AttributeError: 'Member' object has no attribute 'timed_out_until'
Ignoring exception in on_member_update
Traceback (most recent call last):
  File "/usr/local/lib/python3.12/site-packages/discord/client.py", line 465, in _run_event
    await coro(*args, **kwargs)
  File "/app/asu_discord/cogs/analytics.py", line 652, in on_member_update
    before_timeout = before.timed_out_until
                     ^^^^^^^^^^^^^^^^^^^^^^
AttributeError: 'Member' object has no attribute 'timed_out_until'
Ignoring exception in on_member_update
Traceback (most recent call last):
  File "/usr/local/lib/python3.12/site-packages/discord/client.py", line 465, in _run_event
    await coro(*args, **kwargs)
  File "/app/asu_discord/cogs/analytics.py", line 652, in on_member_update
    before_timeout = before.timed_out_until
                     ^^^^^^^^^^^^^^^^^^^^^^
AttributeError: 'Member' object has no attribute 'timed_out_until'
Ignoring exception in on_member_update
Traceback (most recent call last):
  File "/usr/local/lib/python3.12/site-packages/discord/client.py", line 465, in _run_event
    await coro(*args, **kwargs)
  File "/app/asu_discord/cogs/analytics.py", line 652, in on_member_update
    before_timeout = before.timed_out_until
                     ^^^^^^^^^^^^^^^^^^^^^^
AttributeError: 'Member' object has no attribute 'timed_out_until'
Ignoring exception in on_member_update
Traceback (most recent call last):
  File "/usr/local/lib/python3.12/site-packages/discord/client.py", line 465, in _run_event
    await coro(*args, **kwargs)
  File "/app/asu_discord/cogs/analytics.py", line 652, in on_member_update
    before_timeout = before.timed_out_until
                     ^^^^^^^^^^^^^^^^^^^^^^
AttributeError: 'Member' object has no attribute 'timed_out_until'
Ignoring exception in on_member_update
Traceback (most recent call last):
  File "/usr/local/lib/python3.12/site-packages/discord/client.py", line 465, in _run_event
    await coro(*args, **kwargs)
  File "/app/asu_discord/cogs/analytics.py", line 652, in on_member_update
    before_timeout = before.timed_out_until
                     ^^^^^^^^^^^^^^^^^^^^^^
AttributeError: 'Member' object has no attribute 'timed_out_until'
Ignoring exception in on_member_update
Traceback (most recent call last):
  File "/usr/local/lib/python3.12/site-packages/discord/client.py", line 465, in _run_event
    await coro(*args, **kwargs)
  File "/app/asu_discord/cogs/analytics.py", line 652, in on_member_update
    before_timeout = before.timed_out_until
                     ^^^^^^^^^^^^^^^^^^^^^^
AttributeError: 'Member' object has no attribute 'timed_out_until'
INFO:asu_discord.cogs.verification:Saved 5 roles to database for user sagortar (Discord ID: 1351774844932325406)
INFO:asu_discord.cogs.verification:Refreshed Salesforce roles for Discord user 1351774844932325406: -5/+5 roles, assigned=[Arizona Resident, Commited, Transfer Student, Watts College of Public Service and Community Solutions, West Valley]
Ignoring exception in on_member_update
Traceback (most recent call last):
  File "/usr/local/lib/python3.12/site-packages/discord/client.py", line 465, in _run_event
    await coro(*args, **kwargs)
  File "/app/asu_discord/cogs/analytics.py", line 652, in on_member_update
    before_timeout = before.timed_out_until
                     ^^^^^^^^^^^^^^^^^^^^^^
AttributeError: 'Member' object has no attribute 'timed_out_until'
Ignoring exception in on_member_update
Traceback (most recent call last):
  File "/usr/local/lib/python3.12/site-packages/discord/client.py", line 465, in _run_event
    await coro(*args, **kwargs)
  File "/app/asu_discord/cogs/analytics.py", line 652, in on_member_update
    before_timeout = before.timed_out_until
                     ^^^^^^^^^^^^^^^^^^^^^^
AttributeError: 'Member' object has no attribute 'timed_out_until'
Ignoring exception in on_member_update
Traceback (most recent call last):
  File "/usr/local/lib/python3.12/site-packages/discord/client.py", line 465, in _run_event
    await coro(*args, **kwargs)
  File "/app/asu_discord/cogs/analytics.py", line 652, in on_member_update
    before_timeout = before.timed_out_until
                     ^^^^^^^^^^^^^^^^^^^^^^
AttributeError: 'Member' object has no attribute 'timed_out_until'
Ignoring exception in on_member_update
Traceback (most recent call last):
  File "/usr/local/lib/python3.12/site-packages/discord/client.py", line 465, in _run_event
    await coro(*args, **kwargs)
  File "/app/asu_discord/cogs/analytics.py", line 652, in on_member_update
    before_timeout = before.timed_out_until
                     ^^^^^^^^^^^^^^^^^^^^^^
AttributeError: 'Member' object has no attribute 'timed_out_until'
Ignoring exception in on_member_update
Traceback (most recent call last):
  File "/usr/local/lib/python3.12/site-packages/discord/client.py", line 465, in _run_event
    await coro(*args, **kwargs)
  File "/app/asu_discord/cogs/analytics.py", line 652, in on_member_update
    before_timeout = before.timed_out_until
                     ^^^^^^^^^^^^^^^^^^^^^^
AttributeError: 'Member' object has no attribute 'timed_out_until'
Ignoring exception in on_member_update
Traceback (most recent call last):
  File "/usr/local/lib/python3.12/site-packages/discord/client.py", line 465, in _run_event
    await coro(*args, **kwargs)
  File "/app/asu_discord/cogs/analytics.py", line 652, in on_member_update
    before_timeout = before.timed_out_until
                     ^^^^^^^^^^^^^^^^^^^^^^
AttributeError: 'Member' object has no attribute 'timed_out_until'
Ignoring exception in on_member_update
Traceback (most recent call last):
  File "/usr/local/lib/python3.12/site-packages/discord/client.py", line 465, in _run_event
    await coro(*args, **kwargs)
  File "/app/asu_discord/cogs/analytics.py", line 652, in on_member_update
    before_timeout = before.timed_out_until
                     ^^^^^^^^^^^^^^^^^^^^^^
AttributeError: 'Member' object has no attribute 'timed_out_until'
Ignoring exception in on_member_update
Traceback (most recent call last):
  File "/usr/local/lib/python3.12/site-packages/discord/client.py", line 465, in _run_event
    await coro(*args, **kwargs)
  File "/app/asu_discord/cogs/analytics.py", line 652, in on_member_update
    before_timeout = before.timed_out_until
                     ^^^^^^^^^^^^^^^^^^^^^^
AttributeError: 'Member' object has no attribute 'timed_out_until'
Ignoring exception in on_member_update
Traceback (most recent call last):
  File "/usr/local/lib/python3.12/site-packages/discord/client.py", line 465, in _run_event
    await coro(*args, **kwargs)
  File "/app/asu_discord/cogs/analytics.py", line 652, in on_member_update
    before_timeout = before.timed_out_until
                     ^^^^^^^^^^^^^^^^^^^^^^
AttributeError: 'Member' object has no attribute 'timed_out_until'
Ignoring exception in on_member_update
Traceback (most recent call last):
  File "/usr/local/lib/python3.12/site-packages/discord/client.py", line 465, in _run_event
    await coro(*args, **kwargs)
  File "/app/asu_discord/cogs/analytics.py", line 652, in on_member_update
    before_timeout = before.timed_out_until
                     ^^^^^^^^^^^^^^^^^^^^^^
AttributeError: 'Member' object has no attribute 'timed_out_until'
INFO:asu_discord.cogs.verification:Saved 5 roles to database for user amish188 (Discord ID: 706812106791583764)
INFO:asu_discord.cogs.verification:Refreshed Salesforce roles for Discord user 706812106791583764: -5/+5 roles, assigned=[Commited, Downtown Phoenix, First Year, Out of State, W.P. Carey School of Business]
Ignoring exception in on_member_update
Traceback (most recent call last):
  File "/usr/local/lib/python3.12/site-packages/discord/client.py", line 465, in _run_event
    await coro(*args, **kwargs)
  File "/app/asu_discord/cogs/analytics.py", line 652, in on_member_update
    before_timeout = before.timed_out_until
                     ^^^^^^^^^^^^^^^^^^^^^^
AttributeError: 'Member' object has no attribute 'timed_out_until'
Ignoring exception in on_member_update
Traceback (most recent call last):
  File "/usr/local/lib/python3.12/site-packages/discord/client.py", line 465, in _run_event
    await coro(*args, **kwargs)
  File "/app/asu_discord/cogs/analytics.py", line 652, in on_member_update
    before_timeout = before.timed_out_until
                     ^^^^^^^^^^^^^^^^^^^^^^
AttributeError: 'Member' object has no attribute 'timed_out_until'
Ignoring exception in on_member_update
Traceback (most recent call last):
  File "/usr/local/lib/python3.12/site-packages/discord/client.py", line 465, in _run_event
    await coro(*args, **kwargs)
  File "/app/asu_discord/cogs/analytics.py", line 652, in on_member_update
    before_timeout = before.timed_out_until
                     ^^^^^^^^^^^^^^^^^^^^^^
AttributeError: 'Member' object has no attribute 'timed_out_until'
Ignoring exception in on_member_update
Traceback (most recent call last):
  File "/usr/local/lib/python3.12/site-packages/discord/client.py", line 465, in _run_event
    await coro(*args, **kwargs)
  File "/app/asu_discord/cogs/analytics.py", line 652, in on_member_update
    before_timeout = before.timed_out_until
                     ^^^^^^^^^^^^^^^^^^^^^^
AttributeError: 'Member' object has no attribute 'timed_out_until'
Ignoring exception in on_member_update
Traceback (most recent call last):
  File "/usr/local/lib/python3.12/site-packages/discord/client.py", line 465, in _run_event
    await coro(*args, **kwargs)
  File "/app/asu_discord/cogs/analytics.py", line 652, in on_member_update
    before_timeout = before.timed_out_until
                     ^^^^^^^^^^^^^^^^^^^^^^
AttributeError: 'Member' object has no attribute 'timed_out_until'
Ignoring exception in on_member_update
Traceback (most recent call last):
  File "/usr/local/lib/python3.12/site-packages/discord/client.py", line 465, in _run_event
    await coro(*args, **kwargs)
  File "/app/asu_discord/cogs/analytics.py", line 652, in on_member_update
    before_timeout = before.timed_out_until
                     ^^^^^^^^^^^^^^^^^^^^^^
AttributeError: 'Member' object has no attribute 'timed_out_until'
Ignoring exception in on_member_update
Traceback (most recent call last):
  File "/usr/local/lib/python3.12/site-packages/discord/client.py", line 465, in _run_event
    await coro(*args, **kwargs)
  File "/app/asu_discord/cogs/analytics.py", line 652, in on_member_update
    before_timeout = before.timed_out_until
                     ^^^^^^^^^^^^^^^^^^^^^^
AttributeError: 'Member' object has no attribute 'timed_out_until'
Ignoring exception in on_member_update
Traceback (most recent call last):
  File "/usr/local/lib/python3.12/site-packages/discord/client.py", line 465, in _run_event
    await coro(*args, **kwargs)
  File "/app/asu_discord/cogs/analytics.py", line 652, in on_member_update
    before_timeout = before.timed_out_until
                     ^^^^^^^^^^^^^^^^^^^^^^
AttributeError: 'Member' object has no attribute 'timed_out_until'
Ignoring exception in on_member_update
Traceback (most recent call last):
  File "/usr/local/lib/python3.12/site-packages/discord/client.py", line 465, in _run_event
    await coro(*args, **kwargs)
  File "/app/asu_discord/cogs/analytics.py", line 652, in on_member_update
    before_timeout = before.timed_out_until
                     ^^^^^^^^^^^^^^^^^^^^^^
AttributeError: 'Member' object has no attribute 'timed_out_until'
Ignoring exception in on_member_update
Traceback (most recent call last):
  File "/usr/local/lib/python3.12/site-packages/discord/client.py", line 465, in _run_event
    await coro(*args, **kwargs)
  File "/app/asu_discord/cogs/analytics.py", line 652, in on_member_update
    before_timeout = before.timed_out_until
                     ^^^^^^^^^^^^^^^^^^^^^^
AttributeError: 'Member' object has no attribute 'timed_out_until'
INFO:asu_discord.cogs.verification:Saved 5 roles to database for user kmahaj13 (Discord ID: 765862038147694662)
INFO:asu_discord.cogs.verification:Refreshed Salesforce roles for Discord user 765862038147694662: -5/+5 roles, assigned=[Commited, International Student, Ira A. Fulton Schools of Engineering, Tempe, Transfer Student]
Ignoring exception in on_member_update
Traceback (most recent call last):
  File "/usr/local/lib/python3.12/site-packages/discord/client.py", line 465, in _run_event
    await coro(*args, **kwargs)
  File "/app/asu_discord/cogs/analytics.py", line 652, in on_member_update
    before_timeout = before.timed_out_until
                     ^^^^^^^^^^^^^^^^^^^^^^
AttributeError: 'Member' object has no attribute 'timed_out_until'
Ignoring exception in on_member_update
Traceback (most recent call last):
  File "/usr/local/lib/python3.12/site-packages/discord/client.py", line 465, in _run_event
    await coro(*args, **kwargs)
  File "/app/asu_discord/cogs/analytics.py", line 652, in on_member_update
    before_timeout = before.timed_out_until
                     ^^^^^^^^^^^^^^^^^^^^^^
AttributeError: 'Member' object has no attribute 'timed_out_until'
Ignoring exception in on_member_update
Traceback (most recent call last):
  File "/usr/local/lib/python3.12/site-packages/discord/client.py", line 465, in _run_event
    await coro(*args, **kwargs)
  File "/app/asu_discord/cogs/analytics.py", line 652, in on_member_update
    before_timeout = before.timed_out_until
                     ^^^^^^^^^^^^^^^^^^^^^^
AttributeError: 'Member' object has no attribute 'timed_out_until'
Ignoring exception in on_member_update
Traceback (most recent call last):
  File "/usr/local/lib/python3.12/site-packages/discord/client.py", line 465, in _run_event
    await coro(*args, **kwargs)
  File "/app/asu_discord/cogs/analytics.py", line 652, in on_member_update
    before_timeout = before.timed_out_until
                     ^^^^^^^^^^^^^^^^^^^^^^
AttributeError: 'Member' object has no attribute 'timed_out_until'
Ignoring exception in on_member_update
Traceback (most recent call last):
  File "/usr/local/lib/python3.12/site-packages/discord/client.py", line 465, in _run_event
    await coro(*args, **kwargs)
  File "/app/asu_discord/cogs/analytics.py", line 652, in on_member_update
    before_timeout = before.timed_out_until
                     ^^^^^^^^^^^^^^^^^^^^^^
AttributeError: 'Member' object has no attribute 'timed_out_until'
Ignoring exception in on_member_update
Traceback (most recent call last):
  File "/usr/local/lib/python3.12/site-packages/discord/client.py", line 465, in _run_event
    await coro(*args, **kwargs)
  File "/app/asu_discord/cogs/analytics.py", line 652, in on_member_update
    before_timeout = before.timed_out_until
                     ^^^^^^^^^^^^^^^^^^^^^^
AttributeError: 'Member' object has no attribute 'timed_out_until'
Ignoring exception in on_member_update
Traceback (most recent call last):
  File "/usr/local/lib/python3.12/site-packages/discord/client.py", line 465, in _run_event
    await coro(*args, **kwargs)
  File "/app/asu_discord/cogs/analytics.py", line 652, in on_member_update
    before_timeout = before.timed_out_until
                     ^^^^^^^^^^^^^^^^^^^^^^
AttributeError: 'Member' object has no attribute 'timed_out_until'
Ignoring exception in on_member_update
Traceback (most recent call last):
  File "/usr/local/lib/python3.12/site-packages/discord/client.py", line 465, in _run_event
    await coro(*args, **kwargs)
  File "/app/asu_discord/cogs/analytics.py", line 652, in on_member_update
    before_timeout = before.timed_out_until
                     ^^^^^^^^^^^^^^^^^^^^^^
AttributeError: 'Member' object has no attribute 'timed_out_until'
Ignoring exception in on_member_update
Traceback (most recent call last):
  File "/usr/local/lib/python3.12/site-packages/discord/client.py", line 465, in _run_event
    await coro(*args, **kwargs)
  File "/app/asu_discord/cogs/analytics.py", line 652, in on_member_update
    before_timeout = before.timed_out_until
                     ^^^^^^^^^^^^^^^^^^^^^^
AttributeError: 'Member' object has no attribute 'timed_out_until'
Ignoring exception in on_member_update
Traceback (most recent call last):
  File "/usr/local/lib/python3.12/site-packages/discord/client.py", line 465, in _run_event
    await coro(*args, **kwargs)
  File "/app/asu_discord/cogs/analytics.py", line 652, in on_member_update
    before_timeout = before.timed_out_until
                     ^^^^^^^^^^^^^^^^^^^^^^
AttributeError: 'Member' object has no attribute 'timed_out_until'
INFO:asu_discord.cogs.verification:Saved 5 roles to database for user mavarg21 (Discord ID: 1307910456211406849)
INFO:asu_discord.cogs.verification:Refreshed Salesforce roles for Discord user 1307910456211406849: -5/+5 roles, assigned=[Commited, First Year, Out of State, Tempe, W.P. Carey School of Business]
Ignoring exception in on_member_update
Traceback (most recent call last):
  File "/usr/local/lib/python3.12/site-packages/discord/client.py", line 465, in _run_event
    await coro(*args, **kwargs)
  File "/app/asu_discord/cogs/analytics.py", line 652, in on_member_update
    before_timeout = before.timed_out_until
                     ^^^^^^^^^^^^^^^^^^^^^^
AttributeError: 'Member' object has no attribute 'timed_out_until'
Ignoring exception in on_member_update
Traceback (most recent call last):
  File "/usr/local/lib/python3.12/site-packages/discord/client.py", line 465, in _run_event
    await coro(*args, **kwargs)
  File "/app/asu_discord/cogs/analytics.py", line 652, in on_member_update
    before_timeout = before.timed_out_until
                     ^^^^^^^^^^^^^^^^^^^^^^
AttributeError: 'Member' object has no attribute 'timed_out_until'
Ignoring exception in on_member_update
Traceback (most recent call last):
  File "/usr/local/lib/python3.12/site-packages/discord/client.py", line 465, in _run_event
    await coro(*args, **kwargs)
  File "/app/asu_discord/cogs/analytics.py", line 652, in on_member_update
    before_timeout = before.timed_out_until
                     ^^^^^^^^^^^^^^^^^^^^^^
AttributeError: 'Member' object has no attribute 'timed_out_until'
Ignoring exception in on_member_update
Traceback (most recent call last):
  File "/usr/local/lib/python3.12/site-packages/discord/client.py", line 465, in _run_event
    await coro(*args, **kwargs)
  File "/app/asu_discord/cogs/analytics.py", line 652, in on_member_update
    before_timeout = before.timed_out_until
                     ^^^^^^^^^^^^^^^^^^^^^^
AttributeError: 'Member' object has no attribute 'timed_out_until'
Ignoring exception in on_member_update
Traceback (most recent call last):
  File "/usr/local/lib/python3.12/site-packages/discord/client.py", line 465, in _run_event
    await coro(*args, **kwargs)
  File "/app/asu_discord/cogs/analytics.py", line 652, in on_member_update
    before_timeout = before.timed_out_until
                     ^^^^^^^^^^^^^^^^^^^^^^
AttributeError: 'Member' object has no attribute 'timed_out_until'
Ignoring exception in on_member_update
Traceback (most recent call last):
  File "/usr/local/lib/python3.12/site-packages/discord/client.py", line 465, in _run_event
    await coro(*args, **kwargs)
  File "/app/asu_discord/cogs/analytics.py", line 652, in on_member_update
    before_timeout = before.timed_out_until
                     ^^^^^^^^^^^^^^^^^^^^^^
AttributeError: 'Member' object has no attribute 'timed_out_until'
Ignoring exception in on_member_update
Traceback (most recent call last):
  File "/usr/local/lib/python3.12/site-packages/discord/client.py", line 465, in _run_event
    await coro(*args, **kwargs)
  File "/app/asu_discord/cogs/analytics.py", line 652, in on_member_update
    before_timeout = before.timed_out_until
                     ^^^^^^^^^^^^^^^^^^^^^^
AttributeError: 'Member' object has no attribute 'timed_out_until'
Ignoring exception in on_member_update
Traceback (most recent call last):
  File "/usr/local/lib/python3.12/site-packages/discord/client.py", line 465, in _run_event
    await coro(*args, **kwargs)
  File "/app/asu_discord/cogs/analytics.py", line 652, in on_member_update
    before_timeout = before.timed_out_until
                     ^^^^^^^^^^^^^^^^^^^^^^
AttributeError: 'Member' object has no attribute 'timed_out_until'
Ignoring exception in on_member_update
Traceback (most recent call last):
  File "/usr/local/lib/python3.12/site-packages/discord/client.py", line 465, in _run_event
    await coro(*args, **kwargs)
  File "/app/asu_discord/cogs/analytics.py", line 652, in on_member_update
    before_timeout = before.timed_out_until
                     ^^^^^^^^^^^^^^^^^^^^^^
AttributeError: 'Member' object has no attribute 'timed_out_until'
Ignoring exception in on_member_update
Traceback (most recent call last):
  File "/usr/local/lib/python3.12/site-packages/discord/client.py", line 465, in _run_event
    await coro(*args, **kwargs)
  File "/app/asu_discord/cogs/analytics.py", line 652, in on_member_update
    before_timeout = before.timed_out_until
                     ^^^^^^^^^^^^^^^^^^^^^^
AttributeError: 'Member' object has no attribute 'timed_out_until'
Ignoring exception in on_member_update
Traceback (most recent call last):
  File "/usr/local/lib/python3.12/site-packages/discord/client.py", line 465, in _run_event
    await coro(*args, **kwargs)
  File "/app/asu_discord/cogs/analytics.py", line 652, in on_member_update
    before_timeout = before.timed_out_until
                     ^^^^^^^^^^^^^^^^^^^^^^
AttributeError: 'Member' object has no attribute 'timed_out_until'
INFO:asu_discord.cogs.verification:Saved 6 roles to database for user tjsexton (Discord ID: 455474891731238912)
INFO:asu_discord.cogs.verification:Refreshed Salesforce roles for Discord user 455474891731238912: -5/+6 roles, assigned=[Arizona Resident, Commited, Ira A. Fulton Schools of Engineering, Tempe, Transfer Student, W.P. Carey School of Business]
ERROR:cron.jobs:refresh_salesforce_roles: failed for cdunlea3 (Discord ID 845051037076684812): Failed to refresh Salesforce-based roles: Discord user 845051037076684812 is not a member of the guild
Ignoring exception in on_member_update
Traceback (most recent call last):
  File "/usr/local/lib/python3.12/site-packages/discord/client.py", line 465, in _run_event
    await coro(*args, **kwargs)
  File "/app/asu_discord/cogs/analytics.py", line 652, in on_member_update
    before_timeout = before.timed_out_until
                     ^^^^^^^^^^^^^^^^^^^^^^
AttributeError: 'Member' object has no attribute 'timed_out_until'
Ignoring exception in on_member_update
Traceback (most recent call last):
  File "/usr/local/lib/python3.12/site-packages/discord/client.py", line 465, in _run_event
    await coro(*args, **kwargs)
  File "/app/asu_discord/cogs/analytics.py", line 652, in on_member_update
    before_timeout = before.timed_out_until
                     ^^^^^^^^^^^^^^^^^^^^^^
AttributeError: 'Member' object has no attribute 'timed_out_until'
Ignoring exception in on_member_update
Traceback (most recent call last):
  File "/usr/local/lib/python3.12/site-packages/discord/client.py", line 465, in _run_event
    await coro(*args, **kwargs)
  File "/app/asu_discord/cogs/analytics.py", line 652, in on_member_update
    before_timeout = before.timed_out_until
                     ^^^^^^^^^^^^^^^^^^^^^^
AttributeError: 'Member' object has no attribute 'timed_out_until'
Ignoring exception in on_member_update
Traceback (most recent call last):
  File "/usr/local/lib/python3.12/site-packages/discord/client.py", line 465, in _run_event
    await coro(*args, **kwargs)
  File "/app/asu_discord/cogs/analytics.py", line 652, in on_member_update
    before_timeout = before.timed_out_until
                     ^^^^^^^^^^^^^^^^^^^^^^
AttributeError: 'Member' object has no attribute 'timed_out_until'
Ignoring exception in on_member_update
Traceback (most recent call last):
  File "/usr/local/lib/python3.12/site-packages/discord/client.py", line 465, in _run_event
    await coro(*args, **kwargs)
  File "/app/asu_discord/cogs/analytics.py", line 652, in on_member_update
    before_timeout = before.timed_out_until
                     ^^^^^^^^^^^^^^^^^^^^^^
AttributeError: 'Member' object has no attribute 'timed_out_until'
Ignoring exception in on_member_update
Traceback (most recent call last):
  File "/usr/local/lib/python3.12/site-packages/discord/client.py", line 465, in _run_event
    await coro(*args, **kwargs)
  File "/app/asu_discord/cogs/analytics.py", line 652, in on_member_update
    before_timeout = before.timed_out_until
                     ^^^^^^^^^^^^^^^^^^^^^^
AttributeError: 'Member' object has no attribute 'timed_out_until'
Ignoring exception in on_member_update
Traceback (most recent call last):
  File "/usr/local/lib/python3.12/site-packages/discord/client.py", line 465, in _run_event
    await coro(*args, **kwargs)
  File "/app/asu_discord/cogs/analytics.py", line 652, in on_member_update
    before_timeout = before.timed_out_until
                     ^^^^^^^^^^^^^^^^^^^^^^
AttributeError: 'Member' object has no attribute 'timed_out_until'
Ignoring exception in on_member_update
Traceback (most recent call last):
  File "/usr/local/lib/python3.12/site-packages/discord/client.py", line 465, in _run_event
    await coro(*args, **kwargs)
  File "/app/asu_discord/cogs/analytics.py", line 652, in on_member_update
    before_timeout = before.timed_out_until
                     ^^^^^^^^^^^^^^^^^^^^^^
AttributeError: 'Member' object has no attribute 'timed_out_until'
Ignoring exception in on_member_update
Traceback (most recent call last):
  File "/usr/local/lib/python3.12/site-packages/discord/client.py", line 465, in _run_event
    await coro(*args, **kwargs)
  File "/app/asu_discord/cogs/analytics.py", line 652, in on_member_update
    before_timeout = before.timed_out_until
                     ^^^^^^^^^^^^^^^^^^^^^^
AttributeError: 'Member' object has no attribute 'timed_out_until'
Ignoring exception in on_member_update
Traceback (most recent call last):
  File "/usr/local/lib/python3.12/site-packages/discord/client.py", line 465, in _run_event
    await coro(*args, **kwargs)
  File "/app/asu_discord/cogs/analytics.py", line 652, in on_member_update
    before_timeout = before.timed_out_until
                     ^^^^^^^^^^^^^^^^^^^^^^
AttributeError: 'Member' object has no attribute 'timed_out_until'
Ignoring exception in on_member_update
Traceback (most recent call last):
  File "/usr/local/lib/python3.12/site-packages/discord/client.py", line 465, in _run_event
    await coro(*args, **kwargs)
  File "/app/asu_discord/cogs/analytics.py", line 652, in on_member_update
    before_timeout = before.timed_out_until
                     ^^^^^^^^^^^^^^^^^^^^^^
AttributeError: 'Member' object has no attribute 'timed_out_until'
INFO:asu_discord.cogs.verification:Saved 5 roles to database for user mcaporic (Discord ID: 1158569684728287274)
INFO:asu_discord.cogs.verification:Refreshed Salesforce roles for Discord user 1158569684728287274: -5/+5 roles, assigned=[Commited, Out of State, Tempe, Transfer Student, W.P. Carey School of Business]
Ignoring exception in on_member_update
Traceback (most recent call last):
  File "/usr/local/lib/python3.12/site-packages/discord/client.py", line 465, in _run_event
    await coro(*args, **kwargs)
  File "/app/asu_discord/cogs/analytics.py", line 652, in on_member_update
    before_timeout = before.timed_out_until
                     ^^^^^^^^^^^^^^^^^^^^^^
AttributeError: 'Member' object has no attribute 'timed_out_until'
Ignoring exception in on_member_update
Traceback (most recent call last):
  File "/usr/local/lib/python3.12/site-packages/discord/client.py", line 465, in _run_event
    await coro(*args, **kwargs)
  File "/app/asu_discord/cogs/analytics.py", line 652, in on_member_update
    before_timeout = before.timed_out_until
                     ^^^^^^^^^^^^^^^^^^^^^^
AttributeError: 'Member' object has no attribute 'timed_out_until'
Ignoring exception in on_member_update
Traceback (most recent call last):
  File "/usr/local/lib/python3.12/site-packages/discord/client.py", line 465, in _run_event
    await coro(*args, **kwargs)
  File "/app/asu_discord/cogs/analytics.py", line 652, in on_member_update
    before_timeout = before.timed_out_until
                     ^^^^^^^^^^^^^^^^^^^^^^
AttributeError: 'Member' object has no attribute 'timed_out_until'
Ignoring exception in on_member_update
Traceback (most recent call last):
  File "/usr/local/lib/python3.12/site-packages/discord/client.py", line 465, in _run_event
    await coro(*args, **kwargs)
  File "/app/asu_discord/cogs/analytics.py", line 652, in on_member_update
    before_timeout = before.timed_out_until
                     ^^^^^^^^^^^^^^^^^^^^^^
AttributeError: 'Member' object has no attribute 'timed_out_until'
Ignoring exception in on_member_update
Traceback (most recent call last):
  File "/usr/local/lib/python3.12/site-packages/discord/client.py", line 465, in _run_event
    await coro(*args, **kwargs)
  File "/app/asu_discord/cogs/analytics.py", line 652, in on_member_update
    before_timeout = before.timed_out_until
                     ^^^^^^^^^^^^^^^^^^^^^^
AttributeError: 'Member' object has no attribute 'timed_out_until'
Ignoring exception in on_member_update
Traceback (most recent call last):
  File "/usr/local/lib/python3.12/site-packages/discord/client.py", line 465, in _run_event
    await coro(*args, **kwargs)
  File "/app/asu_discord/cogs/analytics.py", line 652, in on_member_update
    before_timeout = before.timed_out_until
                     ^^^^^^^^^^^^^^^^^^^^^^
AttributeError: 'Member' object has no attribute 'timed_out_until'
Ignoring exception in on_member_update
Traceback (most recent call last):
  File "/usr/local/lib/python3.12/site-packages/discord/client.py", line 465, in _run_event
    await coro(*args, **kwargs)
  File "/app/asu_discord/cogs/analytics.py", line 652, in on_member_update
    before_timeout = before.timed_out_until
                     ^^^^^^^^^^^^^^^^^^^^^^
AttributeError: 'Member' object has no attribute 'timed_out_until'
Ignoring exception in on_member_update
Traceback (most recent call last):
  File "/usr/local/lib/python3.12/site-packages/discord/client.py", line 465, in _run_event
    await coro(*args, **kwargs)
  File "/app/asu_discord/cogs/analytics.py", line 652, in on_member_update
    before_timeout = before.timed_out_until
                     ^^^^^^^^^^^^^^^^^^^^^^
AttributeError: 'Member' object has no attribute 'timed_out_until'
Ignoring exception in on_member_update
Traceback (most recent call last):
  File "/usr/local/lib/python3.12/site-packages/discord/client.py", line 465, in _run_event
    await coro(*args, **kwargs)
  File "/app/asu_discord/cogs/analytics.py", line 652, in on_member_update
    before_timeout = before.timed_out_until
                     ^^^^^^^^^^^^^^^^^^^^^^
AttributeError: 'Member' object has no attribute 'timed_out_until'
Ignoring exception in on_member_update
Traceback (most recent call last):
  File "/usr/local/lib/python3.12/site-packages/discord/client.py", line 465, in _run_event
    await coro(*args, **kwargs)
  File "/app/asu_discord/cogs/analytics.py", line 652, in on_member_update
    before_timeout = before.timed_out_until
                     ^^^^^^^^^^^^^^^^^^^^^^
AttributeError: 'Member' object has no attribute 'timed_out_until'
INFO:asu_discord.cogs.verification:Saved 5 roles to database for user djande34 (Discord ID: 1470969370787184873)
INFO:asu_discord.cogs.verification:Refreshed Salesforce roles for Discord user 1470969370787184873: -5/+5 roles, assigned=[Commited, Downtown Phoenix, Out of State, Transfer Student, Watts College of Public Service and Community Solutions]
Ignoring exception in on_member_update
Traceback (most recent call last):
  File "/usr/local/lib/python3.12/site-packages/discord/client.py", line 465, in _run_event
    await coro(*args, **kwargs)
  File "/app/asu_discord/cogs/analytics.py", line 652, in on_member_update
    before_timeout = before.timed_out_until
                     ^^^^^^^^^^^^^^^^^^^^^^
AttributeError: 'Member' object has no attribute 'timed_out_until'
Ignoring exception in on_member_update
Traceback (most recent call last):
  File "/usr/local/lib/python3.12/site-packages/discord/client.py", line 465, in _run_event
    await coro(*args, **kwargs)
  File "/app/asu_discord/cogs/analytics.py", line 652, in on_member_update
    before_timeout = before.timed_out_until
                     ^^^^^^^^^^^^^^^^^^^^^^
AttributeError: 'Member' object has no attribute 'timed_out_until'
Ignoring exception in on_member_update
Traceback (most recent call last):
  File "/usr/local/lib/python3.12/site-packages/discord/client.py", line 465, in _run_event
    await coro(*args, **kwargs)
  File "/app/asu_discord/cogs/analytics.py", line 652, in on_member_update
    before_timeout = before.timed_out_until
                     ^^^^^^^^^^^^^^^^^^^^^^
AttributeError: 'Member' object has no attribute 'timed_out_until'
Ignoring exception in on_member_update
Traceback (most recent call last):
  File "/usr/local/lib/python3.12/site-packages/discord/client.py", line 465, in _run_event
    await coro(*args, **kwargs)
  File "/app/asu_discord/cogs/analytics.py", line 652, in on_member_update
    before_timeout = before.timed_out_until
                     ^^^^^^^^^^^^^^^^^^^^^^
AttributeError: 'Member' object has no attribute 'timed_out_until'
Ignoring exception in on_member_update
Traceback (most recent call last):
  File "/usr/local/lib/python3.12/site-packages/discord/client.py", line 465, in _run_event
    await coro(*args, **kwargs)
  File "/app/asu_discord/cogs/analytics.py", line 652, in on_member_update
    before_timeout = before.timed_out_until
                     ^^^^^^^^^^^^^^^^^^^^^^
AttributeError: 'Member' object has no attribute 'timed_out_until'
Ignoring exception in on_member_update
Traceback (most recent call last):
  File "/usr/local/lib/python3.12/site-packages/discord/client.py", line 465, in _run_event
    await coro(*args, **kwargs)
  File "/app/asu_discord/cogs/analytics.py", line 652, in on_member_update
    before_timeout = before.timed_out_until
                     ^^^^^^^^^^^^^^^^^^^^^^
AttributeError: 'Member' object has no attribute 'timed_out_until'
Ignoring exception in on_member_update
Traceback (most recent call last):
  File "/usr/local/lib/python3.12/site-packages/discord/client.py", line 465, in _run_event
    await coro(*args, **kwargs)
  File "/app/asu_discord/cogs/analytics.py", line 652, in on_member_update
    before_timeout = before.timed_out_until
                     ^^^^^^^^^^^^^^^^^^^^^^
AttributeError: 'Member' object has no attribute 'timed_out_until'
Ignoring exception in on_member_update
Traceback (most recent call last):
  File "/usr/local/lib/python3.12/site-packages/discord/client.py", line 465, in _run_event
    await coro(*args, **kwargs)
  File "/app/asu_discord/cogs/analytics.py", line 652, in on_member_update
    before_timeout = before.timed_out_until
                     ^^^^^^^^^^^^^^^^^^^^^^
AttributeError: 'Member' object has no attribute 'timed_out_until'
INFO:asu_discord.cogs.verification:Saved 4 roles to database for user cjames90 (Discord ID: 1387467193146408973)
INFO:asu_discord.cogs.verification:Refreshed Salesforce roles for Discord user 1387467193146408973: -4/+4 roles, assigned=[College of Liberal Arts and Sciences, Graduate Student, Out of State, Tempe]
Ignoring exception in on_member_update
Traceback (most recent call last):
  File "/usr/local/lib/python3.12/site-packages/discord/client.py", line 465, in _run_event
    await coro(*args, **kwargs)
  File "/app/asu_discord/cogs/analytics.py", line 652, in on_member_update
    before_timeout = before.timed_out_until
                     ^^^^^^^^^^^^^^^^^^^^^^
AttributeError: 'Member' object has no attribute 'timed_out_until'
Ignoring exception in on_member_update
Traceback (most recent call last):
  File "/usr/local/lib/python3.12/site-packages/discord/client.py", line 465, in _run_event
    await coro(*args, **kwargs)
  File "/app/asu_discord/cogs/analytics.py", line 652, in on_member_update
    before_timeout = before.timed_out_until
                     ^^^^^^^^^^^^^^^^^^^^^^
AttributeError: 'Member' object has no attribute 'timed_out_until'
Ignoring exception in on_member_update
Traceback (most recent call last):
  File "/usr/local/lib/python3.12/site-packages/discord/client.py", line 465, in _run_event
    await coro(*args, **kwargs)
  File "/app/asu_discord/cogs/analytics.py", line 652, in on_member_update
    before_timeout = before.timed_out_until
                     ^^^^^^^^^^^^^^^^^^^^^^
AttributeError: 'Member' object has no attribute 'timed_out_until'
Ignoring exception in on_member_update
Traceback (most recent call last):
  File "/usr/local/lib/python3.12/site-packages/discord/client.py", line 465, in _run_event
    await coro(*args, **kwargs)
  File "/app/asu_discord/cogs/analytics.py", line 652, in on_member_update
    before_timeout = before.timed_out_until
                     ^^^^^^^^^^^^^^^^^^^^^^
AttributeError: 'Member' object has no attribute 'timed_out_until'
Ignoring exception in on_member_update
Traceback (most recent call last):
  File "/usr/local/lib/python3.12/site-packages/discord/client.py", line 465, in _run_event
    await coro(*args, **kwargs)
  File "/app/asu_discord/cogs/analytics.py", line 652, in on_member_update
    before_timeout = before.timed_out_until
                     ^^^^^^^^^^^^^^^^^^^^^^
AttributeError: 'Member' object has no attribute 'timed_out_until'
Ignoring exception in on_member_update
Traceback (most recent call last):
  File "/usr/local/lib/python3.12/site-packages/discord/client.py", line 465, in _run_event
    await coro(*args, **kwargs)
  File "/app/asu_discord/cogs/analytics.py", line 652, in on_member_update
    before_timeout = before.timed_out_until
                     ^^^^^^^^^^^^^^^^^^^^^^
AttributeError: 'Member' object has no attribute 'timed_out_until'
Ignoring exception in on_member_update
Traceback (most recent call last):
  File "/usr/local/lib/python3.12/site-packages/discord/client.py", line 465, in _run_event
    await coro(*args, **kwargs)
  File "/app/asu_discord/cogs/analytics.py", line 652, in on_member_update
    before_timeout = before.timed_out_until
                     ^^^^^^^^^^^^^^^^^^^^^^
AttributeError: 'Member' object has no attribute 'timed_out_until'
Ignoring exception in on_member_update
Traceback (most recent call last):
  File "/usr/local/lib/python3.12/site-packages/discord/client.py", line 465, in _run_event
    await coro(*args, **kwargs)
  File "/app/asu_discord/cogs/analytics.py", line 652, in on_member_update
    before_timeout = before.timed_out_until
                     ^^^^^^^^^^^^^^^^^^^^^^
AttributeError: 'Member' object has no attribute 'timed_out_until'
Ignoring exception in on_member_update
Traceback (most recent call last):
  File "/usr/local/lib/python3.12/site-packages/discord/client.py", line 465, in _run_event
    await coro(*args, **kwargs)
  File "/app/asu_discord/cogs/analytics.py", line 652, in on_member_update
    before_timeout = before.timed_out_until
                     ^^^^^^^^^^^^^^^^^^^^^^
AttributeError: 'Member' object has no attribute 'timed_out_until'
Ignoring exception in on_member_update
Traceback (most recent call last):
  File "/usr/local/lib/python3.12/site-packages/discord/client.py", line 465, in _run_event
    await coro(*args, **kwargs)
  File "/app/asu_discord/cogs/analytics.py", line 652, in on_member_update
    before_timeout = before.timed_out_until
                     ^^^^^^^^^^^^^^^^^^^^^^
AttributeError: 'Member' object has no attribute 'timed_out_until'
INFO:asu_discord.cogs.verification:Saved 5 roles to database for user drkenne4 (Discord ID: 749041592785960972)
INFO:asu_discord.cogs.verification:Refreshed Salesforce roles for Discord user 749041592785960972: -5/+5 roles, assigned=[Commited, First Year, Ira A. Fulton Schools of Engineering, Out of State, Tempe]
Ignoring exception in on_member_update
Traceback (most recent call last):
  File "/usr/local/lib/python3.12/site-packages/discord/client.py", line 465, in _run_event
    await coro(*args, **kwargs)
  File "/app/asu_discord/cogs/analytics.py", line 652, in on_member_update
    before_timeout = before.timed_out_until
                     ^^^^^^^^^^^^^^^^^^^^^^
AttributeError: 'Member' object has no attribute 'timed_out_until'
Ignoring exception in on_member_update
Traceback (most recent call last):
  File "/usr/local/lib/python3.12/site-packages/discord/client.py", line 465, in _run_event
    await coro(*args, **kwargs)
  File "/app/asu_discord/cogs/analytics.py", line 652, in on_member_update
    before_timeout = before.timed_out_until
                     ^^^^^^^^^^^^^^^^^^^^^^
AttributeError: 'Member' object has no attribute 'timed_out_until'
Ignoring exception in on_member_update
Traceback (most recent call last):
  File "/usr/local/lib/python3.12/site-packages/discord/client.py", line 465, in _run_event
    await coro(*args, **kwargs)
  File "/app/asu_discord/cogs/analytics.py", line 652, in on_member_update
    before_timeout = before.timed_out_until
                     ^^^^^^^^^^^^^^^^^^^^^^
AttributeError: 'Member' object has no attribute 'timed_out_until'
Ignoring exception in on_member_update
Traceback (most recent call last):
  File "/usr/local/lib/python3.12/site-packages/discord/client.py", line 465, in _run_event
    await coro(*args, **kwargs)
  File "/app/asu_discord/cogs/analytics.py", line 652, in on_member_update
    before_timeout = before.timed_out_until
                     ^^^^^^^^^^^^^^^^^^^^^^
AttributeError: 'Member' object has no attribute 'timed_out_until'
Ignoring exception in on_member_update
Traceback (most recent call last):
  File "/usr/local/lib/python3.12/site-packages/discord/client.py", line 465, in _run_event
    await coro(*args, **kwargs)
  File "/app/asu_discord/cogs/analytics.py", line 652, in on_member_update
    before_timeout = before.timed_out_until
                     ^^^^^^^^^^^^^^^^^^^^^^
AttributeError: 'Member' object has no attribute 'timed_out_until'
Ignoring exception in on_member_update
Traceback (most recent call last):
  File "/usr/local/lib/python3.12/site-packages/discord/client.py", line 465, in _run_event
    await coro(*args, **kwargs)
  File "/app/asu_discord/cogs/analytics.py", line 652, in on_member_update
    before_timeout = before.timed_out_until
                     ^^^^^^^^^^^^^^^^^^^^^^
AttributeError: 'Member' object has no attribute 'timed_out_until'
Ignoring exception in on_member_update
Traceback (most recent call last):
  File "/usr/local/lib/python3.12/site-packages/discord/client.py", line 465, in _run_event
    await coro(*args, **kwargs)
  File "/app/asu_discord/cogs/analytics.py", line 652, in on_member_update
    before_timeout = before.timed_out_until
                     ^^^^^^^^^^^^^^^^^^^^^^
AttributeError: 'Member' object has no attribute 'timed_out_until'
Ignoring exception in on_member_update
Traceback (most recent call last):
  File "/usr/local/lib/python3.12/site-packages/discord/client.py", line 465, in _run_event
    await coro(*args, **kwargs)
  File "/app/asu_discord/cogs/analytics.py", line 652, in on_member_update
    before_timeout = before.timed_out_until
                     ^^^^^^^^^^^^^^^^^^^^^^
AttributeError: 'Member' object has no attribute 'timed_out_until'
Ignoring exception in on_member_update
Traceback (most recent call last):
  File "/usr/local/lib/python3.12/site-packages/discord/client.py", line 465, in _run_event
    await coro(*args, **kwargs)
  File "/app/asu_discord/cogs/analytics.py", line 652, in on_member_update
    before_timeout = before.timed_out_until
                     ^^^^^^^^^^^^^^^^^^^^^^
AttributeError: 'Member' object has no attribute 'timed_out_until'
Ignoring exception in on_member_update
Traceback (most recent call last):
  File "/usr/local/lib/python3.12/site-packages/discord/client.py", line 465, in _run_event
    await coro(*args, **kwargs)
  File "/app/asu_discord/cogs/analytics.py", line 652, in on_member_update
    before_timeout = before.timed_out_until
                     ^^^^^^^^^^^^^^^^^^^^^^
AttributeError: 'Member' object has no attribute 'timed_out_until'
INFO:asu_discord.cogs.verification:Saved 5 roles to database for user ajbravo3 (Discord ID: 1424570667696918599)
INFO:asu_discord.cogs.verification:Refreshed Salesforce roles for Discord user 1424570667696918599: -5/+5 roles, assigned=[Commited, Herberger Institute for Design and the Arts, Out of State, Tempe, Transfer Student]
Ignoring exception in on_member_update
Traceback (most recent call last):
  File "/usr/local/lib/python3.12/site-packages/discord/client.py", line 465, in _run_event
    await coro(*args, **kwargs)
  File "/app/asu_discord/cogs/analytics.py", line 652, in on_member_update
    before_timeout = before.timed_out_until
                     ^^^^^^^^^^^^^^^^^^^^^^
AttributeError: 'Member' object has no attribute 'timed_out_until'
Ignoring exception in on_member_update
Traceback (most recent call last):
  File "/usr/local/lib/python3.12/site-packages/discord/client.py", line 465, in _run_event
    await coro(*args, **kwargs)
  File "/app/asu_discord/cogs/analytics.py", line 652, in on_member_update
    before_timeout = before.timed_out_until
                     ^^^^^^^^^^^^^^^^^^^^^^
AttributeError: 'Member' object has no attribute 'timed_out_until'
Ignoring exception in on_member_update
Traceback (most recent call last):
  File "/usr/local/lib/python3.12/site-packages/discord/client.py", line 465, in _run_event
    await coro(*args, **kwargs)
  File "/app/asu_discord/cogs/analytics.py", line 652, in on_member_update
    before_timeout = before.timed_out_until
                     ^^^^^^^^^^^^^^^^^^^^^^
AttributeError: 'Member' object has no attribute 'timed_out_until'
Ignoring exception in on_member_update
Traceback (most recent call last):
  File "/usr/local/lib/python3.12/site-packages/discord/client.py", line 465, in _run_event
    await coro(*args, **kwargs)
  File "/app/asu_discord/cogs/analytics.py", line 652, in on_member_update
    before_timeout = before.timed_out_until
                     ^^^^^^^^^^^^^^^^^^^^^^
AttributeError: 'Member' object has no attribute 'timed_out_until'
Ignoring exception in on_member_update
Traceback (most recent call last):
  File "/usr/local/lib/python3.12/site-packages/discord/client.py", line 465, in _run_event
    await coro(*args, **kwargs)
  File "/app/asu_discord/cogs/analytics.py", line 652, in on_member_update
    before_timeout = before.timed_out_until
                     ^^^^^^^^^^^^^^^^^^^^^^
AttributeError: 'Member' object has no attribute 'timed_out_until'
Ignoring exception in on_member_update
Traceback (most recent call last):
  File "/usr/local/lib/python3.12/site-packages/discord/client.py", line 465, in _run_event
    await coro(*args, **kwargs)
  File "/app/asu_discord/cogs/analytics.py", line 652, in on_member_update
    before_timeout = before.timed_out_until
                     ^^^^^^^^^^^^^^^^^^^^^^
AttributeError: 'Member' object has no attribute 'timed_out_until'
Ignoring exception in on_member_update
Traceback (most recent call last):
  File "/usr/local/lib/python3.12/site-packages/discord/client.py", line 465, in _run_event
    await coro(*args, **kwargs)
  File "/app/asu_discord/cogs/analytics.py", line 652, in on_member_update
    before_timeout = before.timed_out_until
                     ^^^^^^^^^^^^^^^^^^^^^^
AttributeError: 'Member' object has no attribute 'timed_out_until'
Ignoring exception in on_member_update
Traceback (most recent call last):
  File "/usr/local/lib/python3.12/site-packages/discord/client.py", line 465, in _run_event
    await coro(*args, **kwargs)
  File "/app/asu_discord/cogs/analytics.py", line 652, in on_member_update
    before_timeout = before.timed_out_until
                     ^^^^^^^^^^^^^^^^^^^^^^
AttributeError: 'Member' object has no attribute 'timed_out_until'
INFO:asu_discord.cogs.verification:Saved 4 roles to database for user aande277 (Discord ID: 1431518259596890123)
INFO:asu_discord.cogs.verification:Refreshed Salesforce roles for Discord user 1431518259596890123: -4/+4 roles, assigned=[Arizona Resident, Downtown Phoenix, Edson College of Nursing and Health Innovation, First Year]
Ignoring exception in on_member_update
Traceback (most recent call last):
  File "/usr/local/lib/python3.12/site-packages/discord/client.py", line 465, in _run_event
    await coro(*args, **kwargs)
  File "/app/asu_discord/cogs/analytics.py", line 652, in on_member_update
    before_timeout = before.timed_out_until
                     ^^^^^^^^^^^^^^^^^^^^^^
AttributeError: 'Member' object has no attribute 'timed_out_until'
Ignoring exception in on_member_update
Traceback (most recent call last):
  File "/usr/local/lib/python3.12/site-packages/discord/client.py", line 465, in _run_event
    await coro(*args, **kwargs)
  File "/app/asu_discord/cogs/analytics.py", line 652, in on_member_update
    before_timeout = before.timed_out_until
                     ^^^^^^^^^^^^^^^^^^^^^^
AttributeError: 'Member' object has no attribute 'timed_out_until'
Ignoring exception in on_member_update
Traceback (most recent call last):
  File "/usr/local/lib/python3.12/site-packages/discord/client.py", line 465, in _run_event
    await coro(*args, **kwargs)
  File "/app/asu_discord/cogs/analytics.py", line 652, in on_member_update
    before_timeout = before.timed_out_until
                     ^^^^^^^^^^^^^^^^^^^^^^
AttributeError: 'Member' object has no attribute 'timed_out_until'
Ignoring exception in on_member_update
Traceback (most recent call last):
  File "/usr/local/lib/python3.12/site-packages/discord/client.py", line 465, in _run_event
    await coro(*args, **kwargs)
  File "/app/asu_discord/cogs/analytics.py", line 652, in on_member_update
    before_timeout = before.timed_out_until
                     ^^^^^^^^^^^^^^^^^^^^^^
AttributeError: 'Member' object has no attribute 'timed_out_until'
Ignoring exception in on_member_update
Traceback (most recent call last):
  File "/usr/local/lib/python3.12/site-packages/discord/client.py", line 465, in _run_event
    await coro(*args, **kwargs)
  File "/app/asu_discord/cogs/analytics.py", line 652, in on_member_update
    before_timeout = before.timed_out_until
                     ^^^^^^^^^^^^^^^^^^^^^^
AttributeError: 'Member' object has no attribute 'timed_out_until'
Ignoring exception in on_member_update
Traceback (most recent call last):
  File "/usr/local/lib/python3.12/site-packages/discord/client.py", line 465, in _run_event
    await coro(*args, **kwargs)
  File "/app/asu_discord/cogs/analytics.py", line 652, in on_member_update
    before_timeout = before.timed_out_until
                     ^^^^^^^^^^^^^^^^^^^^^^
AttributeError: 'Member' object has no attribute 'timed_out_until'
Ignoring exception in on_member_update
Traceback (most recent call last):
  File "/usr/local/lib/python3.12/site-packages/discord/client.py", line 465, in _run_event
    await coro(*args, **kwargs)
  File "/app/asu_discord/cogs/analytics.py", line 652, in on_member_update
    before_timeout = before.timed_out_until
                     ^^^^^^^^^^^^^^^^^^^^^^
AttributeError: 'Member' object has no attribute 'timed_out_until'
Ignoring exception in on_member_update
Traceback (most recent call last):
  File "/usr/local/lib/python3.12/site-packages/discord/client.py", line 465, in _run_event
    await coro(*args, **kwargs)
  File "/app/asu_discord/cogs/analytics.py", line 652, in on_member_update
    before_timeout = before.timed_out_until
                     ^^^^^^^^^^^^^^^^^^^^^^
AttributeError: 'Member' object has no attribute 'timed_out_until'
INFO:asu_discord.cogs.verification:Saved 4 roles to database for user hcmorga2 (Discord ID: 708776980266352661)
INFO:asu_discord.cogs.verification:Refreshed Salesforce roles for Discord user 708776980266352661: -4/+4 roles, assigned=[College of Integrative Sciences and Arts, Out of State, Tempe, Transfer Student]
Ignoring exception in on_member_update
Traceback (most recent call last):
  File "/usr/local/lib/python3.12/site-packages/discord/client.py", line 465, in _run_event
    await coro(*args, **kwargs)
  File "/app/asu_discord/cogs/analytics.py", line 652, in on_member_update
    before_timeout = before.timed_out_until
                     ^^^^^^^^^^^^^^^^^^^^^^
AttributeError: 'Member' object has no attribute 'timed_out_until'
Ignoring exception in on_member_update
Traceback (most recent call last):
  File "/usr/local/lib/python3.12/site-packages/discord/client.py", line 465, in _run_event
    await coro(*args, **kwargs)
  File "/app/asu_discord/cogs/analytics.py", line 652, in on_member_update
    before_timeout = before.timed_out_until
                     ^^^^^^^^^^^^^^^^^^^^^^
AttributeError: 'Member' object has no attribute 'timed_out_until'
Ignoring exception in on_member_update
Traceback (most recent call last):
  File "/usr/local/lib/python3.12/site-packages/discord/client.py", line 465, in _run_event
    await coro(*args, **kwargs)
  File "/app/asu_discord/cogs/analytics.py", line 652, in on_member_update
    before_timeout = before.timed_out_until
                     ^^^^^^^^^^^^^^^^^^^^^^
AttributeError: 'Member' object has no attribute 'timed_out_until'
Ignoring exception in on_member_update
Traceback (most recent call last):
  File "/usr/local/lib/python3.12/site-packages/discord/client.py", line 465, in _run_event
    await coro(*args, **kwargs)
  File "/app/asu_discord/cogs/analytics.py", line 652, in on_member_update
    before_timeout = before.timed_out_until
                     ^^^^^^^^^^^^^^^^^^^^^^
AttributeError: 'Member' object has no attribute 'timed_out_until'
Ignoring exception in on_member_update
Traceback (most recent call last):
  File "/usr/local/lib/python3.12/site-packages/discord/client.py", line 465, in _run_event
    await coro(*args, **kwargs)
  File "/app/asu_discord/cogs/analytics.py", line 652, in on_member_update
    before_timeout = before.timed_out_until
                     ^^^^^^^^^^^^^^^^^^^^^^
AttributeError: 'Member' object has no attribute 'timed_out_until'
Ignoring exception in on_member_update
Traceback (most recent call last):
  File "/usr/local/lib/python3.12/site-packages/discord/client.py", line 465, in _run_event
    await coro(*args, **kwargs)
  File "/app/asu_discord/cogs/analytics.py", line 652, in on_member_update
    before_timeout = before.timed_out_until
                     ^^^^^^^^^^^^^^^^^^^^^^
AttributeError: 'Member' object has no attribute 'timed_out_until'
Ignoring exception in on_member_update
Traceback (most recent call last):
  File "/usr/local/lib/python3.12/site-packages/discord/client.py", line 465, in _run_event
    await coro(*args, **kwargs)
  File "/app/asu_discord/cogs/analytics.py", line 652, in on_member_update
    before_timeout = before.timed_out_until
                     ^^^^^^^^^^^^^^^^^^^^^^
AttributeError: 'Member' object has no attribute 'timed_out_until'
Ignoring exception in on_member_update
Traceback (most recent call last):
  File "/usr/local/lib/python3.12/site-packages/discord/client.py", line 465, in _run_event
    await coro(*args, **kwargs)
  File "/app/asu_discord/cogs/analytics.py", line 652, in on_member_update
    before_timeout = before.timed_out_until
                     ^^^^^^^^^^^^^^^^^^^^^^
AttributeError: 'Member' object has no attribute 'timed_out_until'
Ignoring exception in on_member_update
Traceback (most recent call last):
  File "/usr/local/lib/python3.12/site-packages/discord/client.py", line 465, in _run_event
    await coro(*args, **kwargs)
  File "/app/asu_discord/cogs/analytics.py", line 652, in on_member_update
    before_timeout = before.timed_out_until
                     ^^^^^^^^^^^^^^^^^^^^^^
AttributeError: 'Member' object has no attribute 'timed_out_until'
Ignoring exception in on_member_update
Traceback (most recent call last):
  File "/usr/local/lib/python3.12/site-packages/discord/client.py", line 465, in _run_event
    await coro(*args, **kwargs)
  File "/app/asu_discord/cogs/analytics.py", line 652, in on_member_update
    before_timeout = before.timed_out_until
                     ^^^^^^^^^^^^^^^^^^^^^^
AttributeError: 'Member' object has no attribute 'timed_out_until'
Ignoring exception in on_member_update
Traceback (most recent call last):
  File "/usr/local/lib/python3.12/site-packages/discord/client.py", line 465, in _run_event
    await coro(*args, **kwargs)
  File "/app/asu_discord/cogs/analytics.py", line 652, in on_member_update
    before_timeout = before.timed_out_until
                     ^^^^^^^^^^^^^^^^^^^^^^
AttributeError: 'Member' object has no attribute 'timed_out_until'
INFO:asu_discord.cogs.verification:Saved 6 roles to database for user dzwoodal (Discord ID: 1018669343472635984)
INFO:asu_discord.cogs.verification:Refreshed Salesforce roles for Discord user 1018669343472635984: -6/+5 roles, assigned=[Arizona Resident, Commited, First Generation Student, Ira A. Fulton Schools of Engineering, Tempe, Transfer Student]
Ignoring exception in on_member_update
Traceback (most recent call last):
  File "/usr/local/lib/python3.12/site-packages/discord/client.py", line 465, in _run_event
    await coro(*args, **kwargs)
  File "/app/asu_discord/cogs/analytics.py", line 652, in on_member_update
    before_timeout = before.timed_out_until
                     ^^^^^^^^^^^^^^^^^^^^^^
AttributeError: 'Member' object has no attribute 'timed_out_until'
Ignoring exception in on_member_update
Traceback (most recent call last):
  File "/usr/local/lib/python3.12/site-packages/discord/client.py", line 465, in _run_event
    await coro(*args, **kwargs)
  File "/app/asu_discord/cogs/analytics.py", line 652, in on_member_update
    before_timeout = before.timed_out_until
                     ^^^^^^^^^^^^^^^^^^^^^^
AttributeError: 'Member' object has no attribute 'timed_out_until'
Ignoring exception in on_member_update
Traceback (most recent call last):
  File "/usr/local/lib/python3.12/site-packages/discord/client.py", line 465, in _run_event
    await coro(*args, **kwargs)
  File "/app/asu_discord/cogs/analytics.py", line 652, in on_member_update
    before_timeout = before.timed_out_until
                     ^^^^^^^^^^^^^^^^^^^^^^
AttributeError: 'Member' object has no attribute 'timed_out_until'
Ignoring exception in on_member_update
Traceback (most recent call last):
  File "/usr/local/lib/python3.12/site-packages/discord/client.py", line 465, in _run_event
    await coro(*args, **kwargs)
  File "/app/asu_discord/cogs/analytics.py", line 652, in on_member_update
    before_timeout = before.timed_out_until
                     ^^^^^^^^^^^^^^^^^^^^^^
AttributeError: 'Member' object has no attribute 'timed_out_until'
Ignoring exception in on_member_update
Traceback (most recent call last):
  File "/usr/local/lib/python3.12/site-packages/discord/client.py", line 465, in _run_event
    await coro(*args, **kwargs)
  File "/app/asu_discord/cogs/analytics.py", line 652, in on_member_update
    before_timeout = before.timed_out_until
                     ^^^^^^^^^^^^^^^^^^^^^^
AttributeError: 'Member' object has no attribute 'timed_out_until'
Ignoring exception in on_member_update
Traceback (most recent call last):
  File "/usr/local/lib/python3.12/site-packages/discord/client.py", line 465, in _run_event
    await coro(*args, **kwargs)
  File "/app/asu_discord/cogs/analytics.py", line 652, in on_member_update
    before_timeout = before.timed_out_until
                     ^^^^^^^^^^^^^^^^^^^^^^
AttributeError: 'Member' object has no attribute 'timed_out_until'
Ignoring exception in on_member_update
Traceback (most recent call last):
  File "/usr/local/lib/python3.12/site-packages/discord/client.py", line 465, in _run_event
    await coro(*args, **kwargs)
  File "/app/asu_discord/cogs/analytics.py", line 652, in on_member_update
    before_timeout = before.timed_out_until
                     ^^^^^^^^^^^^^^^^^^^^^^
AttributeError: 'Member' object has no attribute 'timed_out_until'
Ignoring exception in on_member_update
Traceback (most recent call last):
  File "/usr/local/lib/python3.12/site-packages/discord/client.py", line 465, in _run_event
    await coro(*args, **kwargs)
  File "/app/asu_discord/cogs/analytics.py", line 652, in on_member_update
    before_timeout = before.timed_out_until
                     ^^^^^^^^^^^^^^^^^^^^^^
AttributeError: 'Member' object has no attribute 'timed_out_until'
Ignoring exception in on_member_update
Traceback (most recent call last):
  File "/usr/local/lib/python3.12/site-packages/discord/client.py", line 465, in _run_event
    await coro(*args, **kwargs)
  File "/app/asu_discord/cogs/analytics.py", line 652, in on_member_update
    before_timeout = before.timed_out_until
                     ^^^^^^^^^^^^^^^^^^^^^^
AttributeError: 'Member' object has no attribute 'timed_out_until'
Ignoring exception in on_member_update
Traceback (most recent call last):
  File "/usr/local/lib/python3.12/site-packages/discord/client.py", line 465, in _run_event
    await coro(*args, **kwargs)
  File "/app/asu_discord/cogs/analytics.py", line 652, in on_member_update
    before_timeout = before.timed_out_until
                     ^^^^^^^^^^^^^^^^^^^^^^
AttributeError: 'Member' object has no attribute 'timed_out_until'
Ignoring exception in on_member_update
Traceback (most recent call last):
  File "/usr/local/lib/python3.12/site-packages/discord/client.py", line 465, in _run_event
    await coro(*args, **kwargs)
  File "/app/asu_discord/cogs/analytics.py", line 652, in on_member_update
    before_timeout = before.timed_out_until
                     ^^^^^^^^^^^^^^^^^^^^^^
AttributeError: 'Member' object has no attribute 'timed_out_until'
INFO:asu_discord.cogs.verification:Saved 5 roles to database for user jgaborno (Discord ID: 718265172535541830)
INFO:asu_discord.cogs.verification:Refreshed Salesforce roles for Discord user 718265172535541830: -5/+5 roles, assigned=[First Generation Student, Ira A. Fulton Schools of Engineering, Out of State, Tempe, Transfer Student]
Ignoring exception in on_member_update
Traceback (most recent call last):
  File "/usr/local/lib/python3.12/site-packages/discord/client.py", line 465, in _run_event
    await coro(*args, **kwargs)
  File "/app/asu_discord/cogs/analytics.py", line 652, in on_member_update
    before_timeout = before.timed_out_until
                     ^^^^^^^^^^^^^^^^^^^^^^
AttributeError: 'Member' object has no attribute 'timed_out_until'
Ignoring exception in on_member_update
Traceback (most recent call last):
  File "/usr/local/lib/python3.12/site-packages/discord/client.py", line 465, in _run_event
    await coro(*args, **kwargs)
  File "/app/asu_discord/cogs/analytics.py", line 652, in on_member_update
    before_timeout = before.timed_out_until
                     ^^^^^^^^^^^^^^^^^^^^^^
AttributeError: 'Member' object has no attribute 'timed_out_until'
Ignoring exception in on_member_update
Traceback (most recent call last):
  File "/usr/local/lib/python3.12/site-packages/discord/client.py", line 465, in _run_event
    await coro(*args, **kwargs)
  File "/app/asu_discord/cogs/analytics.py", line 652, in on_member_update
    before_timeout = before.timed_out_until
                     ^^^^^^^^^^^^^^^^^^^^^^
AttributeError: 'Member' object has no attribute 'timed_out_until'
Ignoring exception in on_member_update
Traceback (most recent call last):
  File "/usr/local/lib/python3.12/site-packages/discord/client.py", line 465, in _run_event
    await coro(*args, **kwargs)
  File "/app/asu_discord/cogs/analytics.py", line 652, in on_member_update
    before_timeout = before.timed_out_until
                     ^^^^^^^^^^^^^^^^^^^^^^
AttributeError: 'Member' object has no attribute 'timed_out_until'
Ignoring exception in on_member_update
Traceback (most recent call last):
  File "/usr/local/lib/python3.12/site-packages/discord/client.py", line 465, in _run_event
    await coro(*args, **kwargs)
  File "/app/asu_discord/cogs/analytics.py", line 652, in on_member_update
    before_timeout = before.timed_out_until
                     ^^^^^^^^^^^^^^^^^^^^^^
AttributeError: 'Member' object has no attribute 'timed_out_until'
Ignoring exception in on_member_update
Traceback (most recent call last):
  File "/usr/local/lib/python3.12/site-packages/discord/client.py", line 465, in _run_event
    await coro(*args, **kwargs)
  File "/app/asu_discord/cogs/analytics.py", line 652, in on_member_update
    before_timeout = before.timed_out_until
                     ^^^^^^^^^^^^^^^^^^^^^^
AttributeError: 'Member' object has no attribute 'timed_out_until'
Ignoring exception in on_member_update
Traceback (most recent call last):
  File "/usr/local/lib/python3.12/site-packages/discord/client.py", line 465, in _run_event
    await coro(*args, **kwargs)
  File "/app/asu_discord/cogs/analytics.py", line 652, in on_member_update
    before_timeout = before.timed_out_until
                     ^^^^^^^^^^^^^^^^^^^^^^
AttributeError: 'Member' object has no attribute 'timed_out_until'
Ignoring exception in on_member_update
Traceback (most recent call last):
  File "/usr/local/lib/python3.12/site-packages/discord/client.py", line 465, in _run_event
    await coro(*args, **kwargs)
  File "/app/asu_discord/cogs/analytics.py", line 652, in on_member_update
    before_timeout = before.timed_out_until
                     ^^^^^^^^^^^^^^^^^^^^^^
AttributeError: 'Member' object has no attribute 'timed_out_until'
Ignoring exception in on_member_update
Traceback (most recent call last):
  File "/usr/local/lib/python3.12/site-packages/discord/client.py", line 465, in _run_event
    await coro(*args, **kwargs)
  File "/app/asu_discord/cogs/analytics.py", line 652, in on_member_update
    before_timeout = before.timed_out_until
                     ^^^^^^^^^^^^^^^^^^^^^^
AttributeError: 'Member' object has no attribute 'timed_out_until'
Ignoring exception in on_member_update
Traceback (most recent call last):
  File "/usr/local/lib/python3.12/site-packages/discord/client.py", line 465, in _run_event
    await coro(*args, **kwargs)
  File "/app/asu_discord/cogs/analytics.py", line 652, in on_member_update
    before_timeout = before.timed_out_until
                     ^^^^^^^^^^^^^^^^^^^^^^
AttributeError: 'Member' object has no attribute 'timed_out_until'
Ignoring exception in on_member_update
Traceback (most recent call last):
  File "/usr/local/lib/python3.12/site-packages/discord/client.py", line 465, in _run_event
    await coro(*args, **kwargs)
  File "/app/asu_discord/cogs/analytics.py", line 652, in on_member_update
    before_timeout = before.timed_out_until
                     ^^^^^^^^^^^^^^^^^^^^^^
AttributeError: 'Member' object has no attribute 'timed_out_until'
INFO:asu_discord.cogs.verification:Saved 6 roles to database for user iaceitun (Discord ID: 1158623388043059210)
INFO:asu_discord.cogs.verification:Refreshed Salesforce roles for Discord user 1158623388043059210: -6/+5 roles, assigned=[Arizona Resident, Commited, First Generation Student, First Year, Ira A. Fulton Schools of Engineering, Tempe]
Ignoring exception in on_member_update
Traceback (most recent call last):
  File "/usr/local/lib/python3.12/site-packages/discord/client.py", line 465, in _run_event
    await coro(*args, **kwargs)
  File "/app/asu_discord/cogs/analytics.py", line 652, in on_member_update
    before_timeout = before.timed_out_until
                     ^^^^^^^^^^^^^^^^^^^^^^
AttributeError: 'Member' object has no attribute 'timed_out_until'
Ignoring exception in on_member_update
Traceback (most recent call last):
  File "/usr/local/lib/python3.12/site-packages/discord/client.py", line 465, in _run_event
    await coro(*args, **kwargs)
  File "/app/asu_discord/cogs/analytics.py", line 652, in on_member_update
    before_timeout = before.timed_out_until
                     ^^^^^^^^^^^^^^^^^^^^^^
AttributeError: 'Member' object has no attribute 'timed_out_until'
Ignoring exception in on_member_update
Traceback (most recent call last):
  File "/usr/local/lib/python3.12/site-packages/discord/client.py", line 465, in _run_event
    await coro(*args, **kwargs)
  File "/app/asu_discord/cogs/analytics.py", line 652, in on_member_update
    before_timeout = before.timed_out_until
                     ^^^^^^^^^^^^^^^^^^^^^^
AttributeError: 'Member' object has no attribute 'timed_out_until'
Ignoring exception in on_member_update
Traceback (most recent call last):
  File "/usr/local/lib/python3.12/site-packages/discord/client.py", line 465, in _run_event
    await coro(*args, **kwargs)
  File "/app/asu_discord/cogs/analytics.py", line 652, in on_member_update
    before_timeout = before.timed_out_until
                     ^^^^^^^^^^^^^^^^^^^^^^
AttributeError: 'Member' object has no attribute 'timed_out_until'
Ignoring exception in on_member_update
Traceback (most recent call last):
  File "/usr/local/lib/python3.12/site-packages/discord/client.py", line 465, in _run_event
    await coro(*args, **kwargs)
  File "/app/asu_discord/cogs/analytics.py", line 652, in on_member_update
    before_timeout = before.timed_out_until
                     ^^^^^^^^^^^^^^^^^^^^^^
AttributeError: 'Member' object has no attribute 'timed_out_until'
Ignoring exception in on_member_update
Traceback (most recent call last):
  File "/usr/local/lib/python3.12/site-packages/discord/client.py", line 465, in _run_event
    await coro(*args, **kwargs)
  File "/app/asu_discord/cogs/analytics.py", line 652, in on_member_update
    before_timeout = before.timed_out_until
                     ^^^^^^^^^^^^^^^^^^^^^^
AttributeError: 'Member' object has no attribute 'timed_out_until'
Ignoring exception in on_member_update
Traceback (most recent call last):
  File "/usr/local/lib/python3.12/site-packages/discord/client.py", line 465, in _run_event
    await coro(*args, **kwargs)
  File "/app/asu_discord/cogs/analytics.py", line 652, in on_member_update
    before_timeout = before.timed_out_until
                     ^^^^^^^^^^^^^^^^^^^^^^
AttributeError: 'Member' object has no attribute 'timed_out_until'
Ignoring exception in on_member_update
Traceback (most recent call last):
  File "/usr/local/lib/python3.12/site-packages/discord/client.py", line 465, in _run_event
    await coro(*args, **kwargs)
  File "/app/asu_discord/cogs/analytics.py", line 652, in on_member_update
    before_timeout = before.timed_out_until
                     ^^^^^^^^^^^^^^^^^^^^^^
AttributeError: 'Member' object has no attribute 'timed_out_until'
Ignoring exception in on_member_update
Traceback (most recent call last):
  File "/usr/local/lib/python3.12/site-packages/discord/client.py", line 465, in _run_event
    await coro(*args, **kwargs)
  File "/app/asu_discord/cogs/analytics.py", line 652, in on_member_update
    before_timeout = before.timed_out_until
                     ^^^^^^^^^^^^^^^^^^^^^^
AttributeError: 'Member' object has no attribute 'timed_out_until'
Ignoring exception in on_member_update
Traceback (most recent call last):
  File "/usr/local/lib/python3.12/site-packages/discord/client.py", line 465, in _run_event
    await coro(*args, **kwargs)
  File "/app/asu_discord/cogs/analytics.py", line 652, in on_member_update
    before_timeout = before.timed_out_until
                     ^^^^^^^^^^^^^^^^^^^^^^
AttributeError: 'Member' object has no attribute 'timed_out_until'
INFO:asu_discord.cogs.verification:Saved 5 roles to database for user ojohns32 (Discord ID: 793274584090411008)
INFO:asu_discord.cogs.verification:Refreshed Salesforce roles for Discord user 793274584090411008: -5/+5 roles, assigned=[Commited, First Year, Herberger Institute for Design and the Arts, Out of State, Tempe]
Ignoring exception in on_member_update
Traceback (most recent call last):
  File "/usr/local/lib/python3.12/site-packages/discord/client.py", line 465, in _run_event
    await coro(*args, **kwargs)
  File "/app/asu_discord/cogs/analytics.py", line 652, in on_member_update
    before_timeout = before.timed_out_until
                     ^^^^^^^^^^^^^^^^^^^^^^
AttributeError: 'Member' object has no attribute 'timed_out_until'
Ignoring exception in on_member_update
Traceback (most recent call last):
  File "/usr/local/lib/python3.12/site-packages/discord/client.py", line 465, in _run_event
    await coro(*args, **kwargs)
  File "/app/asu_discord/cogs/analytics.py", line 652, in on_member_update
    before_timeout = before.timed_out_until
                     ^^^^^^^^^^^^^^^^^^^^^^
AttributeError: 'Member' object has no attribute 'timed_out_until'
Ignoring exception in on_member_update
Traceback (most recent call last):
  File "/usr/local/lib/python3.12/site-packages/discord/client.py", line 465, in _run_event
    await coro(*args, **kwargs)
  File "/app/asu_discord/cogs/analytics.py", line 652, in on_member_update
    before_timeout = before.timed_out_until
                     ^^^^^^^^^^^^^^^^^^^^^^
AttributeError: 'Member' object has no attribute 'timed_out_until'
Ignoring exception in on_member_update
Traceback (most recent call last):
  File "/usr/local/lib/python3.12/site-packages/discord/client.py", line 465, in _run_event
    await coro(*args, **kwargs)
  File "/app/asu_discord/cogs/analytics.py", line 652, in on_member_update
    before_timeout = before.timed_out_until
                     ^^^^^^^^^^^^^^^^^^^^^^
AttributeError: 'Member' object has no attribute 'timed_out_until'
Ignoring exception in on_member_update
Traceback (most recent call last):
  File "/usr/local/lib/python3.12/site-packages/discord/client.py", line 465, in _run_event
    await coro(*args, **kwargs)
  File "/app/asu_discord/cogs/analytics.py", line 652, in on_member_update
    before_timeout = before.timed_out_until
                     ^^^^^^^^^^^^^^^^^^^^^^
AttributeError: 'Member' object has no attribute 'timed_out_until'
Ignoring exception in on_member_update
Traceback (most recent call last):
  File "/usr/local/lib/python3.12/site-packages/discord/client.py", line 465, in _run_event
    await coro(*args, **kwargs)
  File "/app/asu_discord/cogs/analytics.py", line 652, in on_member_update
    before_timeout = before.timed_out_until
                     ^^^^^^^^^^^^^^^^^^^^^^
AttributeError: 'Member' object has no attribute 'timed_out_until'
Ignoring exception in on_member_update
Traceback (most recent call last):
  File "/usr/local/lib/python3.12/site-packages/discord/client.py", line 465, in _run_event
    await coro(*args, **kwargs)
  File "/app/asu_discord/cogs/analytics.py", line 652, in on_member_update
    before_timeout = before.timed_out_until
                     ^^^^^^^^^^^^^^^^^^^^^^
AttributeError: 'Member' object has no attribute 'timed_out_until'
Ignoring exception in on_member_update
Traceback (most recent call last):
  File "/usr/local/lib/python3.12/site-packages/discord/client.py", line 465, in _run_event
    await coro(*args, **kwargs)
  File "/app/asu_discord/cogs/analytics.py", line 652, in on_member_update
    before_timeout = before.timed_out_until
                     ^^^^^^^^^^^^^^^^^^^^^^
AttributeError: 'Member' object has no attribute 'timed_out_until'
Ignoring exception in on_member_update
Traceback (most recent call last):
  File "/usr/local/lib/python3.12/site-packages/discord/client.py", line 465, in _run_event
    await coro(*args, **kwargs)
  File "/app/asu_discord/cogs/analytics.py", line 652, in on_member_update
    before_timeout = before.timed_out_until
                     ^^^^^^^^^^^^^^^^^^^^^^
AttributeError: 'Member' object has no attribute 'timed_out_until'
Ignoring exception in on_member_update
Traceback (most recent call last):
  File "/usr/local/lib/python3.12/site-packages/discord/client.py", line 465, in _run_event
    await coro(*args, **kwargs)
  File "/app/asu_discord/cogs/analytics.py", line 652, in on_member_update
    before_timeout = before.timed_out_until
                     ^^^^^^^^^^^^^^^^^^^^^^
AttributeError: 'Member' object has no attribute 'timed_out_until'
ERROR:cron.jobs:refresh_salesforce_roles: failed for abobbitt (Discord ID 1486775200564379878): Timed out refresh Salesforce-based roles
Ignoring exception in on_member_update
Traceback (most recent call last):
  File "/usr/local/lib/python3.12/site-packages/discord/client.py", line 465, in _run_event
    await coro(*args, **kwargs)
  File "/app/asu_discord/cogs/analytics.py", line 652, in on_member_update
    before_timeout = before.timed_out_until
                     ^^^^^^^^^^^^^^^^^^^^^^
AttributeError: 'Member' object has no attribute 'timed_out_until'
Ignoring exception in on_member_update
Traceback (most recent call last):
  File "/usr/local/lib/python3.12/site-packages/discord/client.py", line 465, in _run_event
    await coro(*args, **kwargs)
  File "/app/asu_discord/cogs/analytics.py", line 652, in on_member_update
    before_timeout = before.timed_out_until
                     ^^^^^^^^^^^^^^^^^^^^^^
AttributeError: 'Member' object has no attribute 'timed_out_until'
Ignoring exception in on_member_update
Traceback (most recent call last):
  File "/usr/local/lib/python3.12/site-packages/discord/client.py", line 465, in _run_event
    await coro(*args, **kwargs)
  File "/app/asu_discord/cogs/analytics.py", line 652, in on_member_update
    before_timeout = before.timed_out_until
                     ^^^^^^^^^^^^^^^^^^^^^^
AttributeError: 'Member' object has no attribute 'timed_out_until'
Ignoring exception in on_member_update
Traceback (most recent call last):
  File "/usr/local/lib/python3.12/site-packages/discord/client.py", line 465, in _run_event
    await coro(*args, **kwargs)
  File "/app/asu_discord/cogs/analytics.py", line 652, in on_member_update
    before_timeout = before.timed_out_until
                     ^^^^^^^^^^^^^^^^^^^^^^
AttributeError: 'Member' object has no attribute 'timed_out_until'
Ignoring exception in on_member_update
Traceback (most recent call last):
  File "/usr/local/lib/python3.12/site-packages/discord/client.py", line 465, in _run_event
    await coro(*args, **kwargs)
  File "/app/asu_discord/cogs/analytics.py", line 652, in on_member_update
    before_timeout = before.timed_out_until
                     ^^^^^^^^^^^^^^^^^^^^^^
AttributeError: 'Member' object has no attribute 'timed_out_until'
Ignoring exception in on_member_update
Traceback (most recent call last):
  File "/usr/local/lib/python3.12/site-packages/discord/client.py", line 465, in _run_event
    await coro(*args, **kwargs)
  File "/app/asu_discord/cogs/analytics.py", line 652, in on_member_update
    before_timeout = before.timed_out_until
                     ^^^^^^^^^^^^^^^^^^^^^^
AttributeError: 'Member' object has no attribute 'timed_out_until'
Ignoring exception in on_member_update
Traceback (most recent call last):
  File "/usr/local/lib/python3.12/site-packages/discord/client.py", line 465, in _run_event
    await coro(*args, **kwargs)
  File "/app/asu_discord/cogs/analytics.py", line 652, in on_member_update
    before_timeout = before.timed_out_until
                     ^^^^^^^^^^^^^^^^^^^^^^
AttributeError: 'Member' object has no attribute 'timed_out_until'
Ignoring exception in on_member_update
Traceback (most recent call last):
  File "/usr/local/lib/python3.12/site-packages/discord/client.py", line 465, in _run_event
    await coro(*args, **kwargs)
  File "/app/asu_discord/cogs/analytics.py", line 652, in on_member_update
    before_timeout = before.timed_out_until
                     ^^^^^^^^^^^^^^^^^^^^^^
AttributeError: 'Member' object has no attribute 'timed_out_until'
Ignoring exception in on_member_update
Traceback (most recent call last):
  File "/usr/local/lib/python3.12/site-packages/discord/client.py", line 465, in _run_event
    await coro(*args, **kwargs)
  File "/app/asu_discord/cogs/analytics.py", line 652, in on_member_update
    before_timeout = before.timed_out_until
                     ^^^^^^^^^^^^^^^^^^^^^^
AttributeError: 'Member' object has no attribute 'timed_out_until'
Ignoring exception in on_member_update
Traceback (most recent call last):
  File "/usr/local/lib/python3.12/site-packages/discord/client.py", line 465, in _run_event
    await coro(*args, **kwargs)
  File "/app/asu_discord/cogs/analytics.py", line 652, in on_member_update
    before_timeout = before.timed_out_until
                     ^^^^^^^^^^^^^^^^^^^^^^
AttributeError: 'Member' object has no attribute 'timed_out_until'
Ignoring exception in on_member_update
Traceback (most recent call last):
  File "/usr/local/lib/python3.12/site-packages/discord/client.py", line 465, in _run_event
    await coro(*args, **kwargs)
  File "/app/asu_discord/cogs/analytics.py", line 652, in on_member_update
    before_timeout = before.timed_out_until
                     ^^^^^^^^^^^^^^^^^^^^^^
AttributeError: 'Member' object has no attribute 'timed_out_until'
INFO:asu_discord.cogs.verification:Saved 6 roles to database for user cydavila (Discord ID: 1492357428350554274)
INFO:asu_discord.cogs.verification:Refreshed Salesforce roles for Discord user 1492357428350554274: -6/+5 roles, assigned=[Commited, Downtown Phoenix, Edson College of Nursing and Health Innovation, First Generation Student, First Year, Out of State]
Ignoring exception in on_member_update
Traceback (most recent call last):
  File "/usr/local/lib/python3.12/site-packages/discord/client.py", line 465, in _run_event
    await coro(*args, **kwargs)
  File "/app/asu_discord/cogs/analytics.py", line 652, in on_member_update
    before_timeout = before.timed_out_until
                     ^^^^^^^^^^^^^^^^^^^^^^
AttributeError: 'Member' object has no attribute 'timed_out_until'
Ignoring exception in on_member_update
Traceback (most recent call last):
  File "/usr/local/lib/python3.12/site-packages/discord/client.py", line 465, in _run_event
    await coro(*args, **kwargs)
  File "/app/asu_discord/cogs/analytics.py", line 652, in on_member_update
    before_timeout = before.timed_out_until
                     ^^^^^^^^^^^^^^^^^^^^^^
AttributeError: 'Member' object has no attribute 'timed_out_until'
Ignoring exception in on_member_update
Traceback (most recent call last):
  File "/usr/local/lib/python3.12/site-packages/discord/client.py", line 465, in _run_event
    await coro(*args, **kwargs)
  File "/app/asu_discord/cogs/analytics.py", line 652, in on_member_update
    before_timeout = before.timed_out_until
                     ^^^^^^^^^^^^^^^^^^^^^^
AttributeError: 'Member' object has no attribute 'timed_out_until'
Ignoring exception in on_member_update
Traceback (most recent call last):
  File "/usr/local/lib/python3.12/site-packages/discord/client.py", line 465, in _run_event
    await coro(*args, **kwargs)
  File "/app/asu_discord/cogs/analytics.py", line 652, in on_member_update
    before_timeout = before.timed_out_until
                     ^^^^^^^^^^^^^^^^^^^^^^
AttributeError: 'Member' object has no attribute 'timed_out_until'
Ignoring exception in on_member_update
Traceback (most recent call last):
  File "/usr/local/lib/python3.12/site-packages/discord/client.py", line 465, in _run_event
    await coro(*args, **kwargs)
  File "/app/asu_discord/cogs/analytics.py", line 652, in on_member_update
    before_timeout = before.timed_out_until
                     ^^^^^^^^^^^^^^^^^^^^^^
AttributeError: 'Member' object has no attribute 'timed_out_until'
Ignoring exception in on_member_update
Traceback (most recent call last):
  File "/usr/local/lib/python3.12/site-packages/discord/client.py", line 465, in _run_event
    await coro(*args, **kwargs)
  File "/app/asu_discord/cogs/analytics.py", line 652, in on_member_update
    before_timeout = before.timed_out_until
                     ^^^^^^^^^^^^^^^^^^^^^^
AttributeError: 'Member' object has no attribute 'timed_out_until'
Ignoring exception in on_member_update
Traceback (most recent call last):
  File "/usr/local/lib/python3.12/site-packages/discord/client.py", line 465, in _run_event
    await coro(*args, **kwargs)
  File "/app/asu_discord/cogs/analytics.py", line 652, in on_member_update
    before_timeout = before.timed_out_until
                     ^^^^^^^^^^^^^^^^^^^^^^
AttributeError: 'Member' object has no attribute 'timed_out_until'
Ignoring exception in on_member_update
Traceback (most recent call last):
  File "/usr/local/lib/python3.12/site-packages/discord/client.py", line 465, in _run_event
    await coro(*args, **kwargs)
  File "/app/asu_discord/cogs/analytics.py", line 652, in on_member_update
    before_timeout = before.timed_out_until
                     ^^^^^^^^^^^^^^^^^^^^^^
AttributeError: 'Member' object has no attribute 'timed_out_until'
Ignoring exception in on_member_update
Traceback (most recent call last):
  File "/usr/local/lib/python3.12/site-packages/discord/client.py", line 465, in _run_event
    await coro(*args, **kwargs)
  File "/app/asu_discord/cogs/analytics.py", line 652, in on_member_update
    before_timeout = before.timed_out_until
                     ^^^^^^^^^^^^^^^^^^^^^^
AttributeError: 'Member' object has no attribute 'timed_out_until'
Ignoring exception in on_member_update
Traceback (most recent call last):
  File "/usr/local/lib/python3.12/site-packages/discord/client.py", line 465, in _run_event
    await coro(*args, **kwargs)
  File "/app/asu_discord/cogs/analytics.py", line 652, in on_member_update
    before_timeout = before.timed_out_until
                     ^^^^^^^^^^^^^^^^^^^^^^
AttributeError: 'Member' object has no attribute 'timed_out_until'
Ignoring exception in on_member_update
Traceback (most recent call last):
  File "/usr/local/lib/python3.12/site-packages/discord/client.py", line 465, in _run_event
    await coro(*args, **kwargs)
  File "/app/asu_discord/cogs/analytics.py", line 652, in on_member_update
    before_timeout = before.timed_out_until
                     ^^^^^^^^^^^^^^^^^^^^^^
AttributeError: 'Member' object has no attribute 'timed_out_until'
INFO:asu_discord.cogs.verification:Saved 6 roles to database for user karmst37 (Discord ID: 1487272025482334231)
INFO:asu_discord.cogs.verification:Refreshed Salesforce roles for Discord user 1487272025482334231: -5/+6 roles, assigned=[College of Integrative Sciences and Arts, Commited, First Generation Student, First Year, Out of State, Polytechnic]
Ignoring exception in on_member_update
Traceback (most recent call last):
  File "/usr/local/lib/python3.12/site-packages/discord/client.py", line 465, in _run_event
    await coro(*args, **kwargs)
  File "/app/asu_discord/cogs/analytics.py", line 652, in on_member_update
    before_timeout = before.timed_out_until
                     ^^^^^^^^^^^^^^^^^^^^^^
AttributeError: 'Member' object has no attribute 'timed_out_until'
Ignoring exception in on_member_update
Traceback (most recent call last):
  File "/usr/local/lib/python3.12/site-packages/discord/client.py", line 465, in _run_event
    await coro(*args, **kwargs)
  File "/app/asu_discord/cogs/analytics.py", line 652, in on_member_update
    before_timeout = before.timed_out_until
                     ^^^^^^^^^^^^^^^^^^^^^^
AttributeError: 'Member' object has no attribute 'timed_out_until'
Ignoring exception in on_member_update
Traceback (most recent call last):
  File "/usr/local/lib/python3.12/site-packages/discord/client.py", line 465, in _run_event
    await coro(*args, **kwargs)
  File "/app/asu_discord/cogs/analytics.py", line 652, in on_member_update
    before_timeout = before.timed_out_until
                     ^^^^^^^^^^^^^^^^^^^^^^
AttributeError: 'Member' object has no attribute 'timed_out_until'
Ignoring exception in on_member_update
Traceback (most recent call last):
  File "/usr/local/lib/python3.12/site-packages/discord/client.py", line 465, in _run_event
    await coro(*args, **kwargs)
  File "/app/asu_discord/cogs/analytics.py", line 652, in on_member_update
    before_timeout = before.timed_out_until
                     ^^^^^^^^^^^^^^^^^^^^^^
AttributeError: 'Member' object has no attribute 'timed_out_until'
Ignoring exception in on_member_update
Traceback (most recent call last):
  File "/usr/local/lib/python3.12/site-packages/discord/client.py", line 465, in _run_event
    await coro(*args, **kwargs)
  File "/app/asu_discord/cogs/analytics.py", line 652, in on_member_update
    before_timeout = before.timed_out_until
                     ^^^^^^^^^^^^^^^^^^^^^^
AttributeError: 'Member' object has no attribute 'timed_out_until'
Ignoring exception in on_member_update
Traceback (most recent call last):
  File "/usr/local/lib/python3.12/site-packages/discord/client.py", line 465, in _run_event
    await coro(*args, **kwargs)
  File "/app/asu_discord/cogs/analytics.py", line 652, in on_member_update
    before_timeout = before.timed_out_until
                     ^^^^^^^^^^^^^^^^^^^^^^
AttributeError: 'Member' object has no attribute 'timed_out_until'
Ignoring exception in on_member_update
Traceback (most recent call last):
  File "/usr/local/lib/python3.12/site-packages/discord/client.py", line 465, in _run_event
    await coro(*args, **kwargs)
  File "/app/asu_discord/cogs/analytics.py", line 652, in on_member_update
    before_timeout = before.timed_out_until
                     ^^^^^^^^^^^^^^^^^^^^^^
AttributeError: 'Member' object has no attribute 'timed_out_until'
Ignoring exception in on_member_update
Traceback (most recent call last):
  File "/usr/local/lib/python3.12/site-packages/discord/client.py", line 465, in _run_event
    await coro(*args, **kwargs)
  File "/app/asu_discord/cogs/analytics.py", line 652, in on_member_update
    before_timeout = before.timed_out_until
                     ^^^^^^^^^^^^^^^^^^^^^^
AttributeError: 'Member' object has no attribute 'timed_out_until'
Ignoring exception in on_member_update
Traceback (most recent call last):
  File "/usr/local/lib/python3.12/site-packages/discord/client.py", line 465, in _run_event
    await coro(*args, **kwargs)
  File "/app/asu_discord/cogs/analytics.py", line 652, in on_member_update
    before_timeout = before.timed_out_until
                     ^^^^^^^^^^^^^^^^^^^^^^
AttributeError: 'Member' object has no attribute 'timed_out_until'
Ignoring exception in on_member_update
Traceback (most recent call last):
  File "/usr/local/lib/python3.12/site-packages/discord/client.py", line 465, in _run_event
    await coro(*args, **kwargs)
  File "/app/asu_discord/cogs/analytics.py", line 652, in on_member_update
    before_timeout = before.timed_out_until
                     ^^^^^^^^^^^^^^^^^^^^^^
AttributeError: 'Member' object has no attribute 'timed_out_until'
Ignoring exception in on_member_update
Traceback (most recent call last):
  File "/usr/local/lib/python3.12/site-packages/discord/client.py", line 465, in _run_event
    await coro(*args, **kwargs)
  File "/app/asu_discord/cogs/analytics.py", line 652, in on_member_update
    before_timeout = before.timed_out_until
                     ^^^^^^^^^^^^^^^^^^^^^^
AttributeError: 'Member' object has no attribute 'timed_out_until'
Ignoring exception in on_member_update
Traceback (most recent call last):
  File "/usr/local/lib/python3.12/site-packages/discord/client.py", line 465, in _run_event
    await coro(*args, **kwargs)
  File "/app/asu_discord/cogs/analytics.py", line 652, in on_member_update
    before_timeout = before.timed_out_until
                     ^^^^^^^^^^^^^^^^^^^^^^
AttributeError: 'Member' object has no attribute 'timed_out_until'
INFO:asu_discord.cogs.verification:Saved 6 roles to database for user sophietl (Discord ID: 668649804850659336)
INFO:asu_discord.cogs.verification:Refreshed Salesforce roles for Discord user 668649804850659336: -6/+6 roles, assigned=[Arizona Resident, College of Global Futures, Commited, First Generation Student, First Year, Tempe]
Ignoring exception in on_member_update
Traceback (most recent call last):
  File "/usr/local/lib/python3.12/site-packages/discord/client.py", line 465, in _run_event
    await coro(*args, **kwargs)
  File "/app/asu_discord/cogs/analytics.py", line 652, in on_member_update
    before_timeout = before.timed_out_until
                     ^^^^^^^^^^^^^^^^^^^^^^
AttributeError: 'Member' object has no attribute 'timed_out_until'
Ignoring exception in on_member_update
Traceback (most recent call last):
  File "/usr/local/lib/python3.12/site-packages/discord/client.py", line 465, in _run_event
    await coro(*args, **kwargs)
  File "/app/asu_discord/cogs/analytics.py", line 652, in on_member_update
    before_timeout = before.timed_out_until
                     ^^^^^^^^^^^^^^^^^^^^^^
AttributeError: 'Member' object has no attribute 'timed_out_until'
Ignoring exception in on_member_update
Traceback (most recent call last):
  File "/usr/local/lib/python3.12/site-packages/discord/client.py", line 465, in _run_event
    await coro(*args, **kwargs)
  File "/app/asu_discord/cogs/analytics.py", line 652, in on_member_update
    before_timeout = before.timed_out_until
                     ^^^^^^^^^^^^^^^^^^^^^^
AttributeError: 'Member' object has no attribute 'timed_out_until'
Ignoring exception in on_member_update
Traceback (most recent call last):
  File "/usr/local/lib/python3.12/site-packages/discord/client.py", line 465, in _run_event
    await coro(*args, **kwargs)
  File "/app/asu_discord/cogs/analytics.py", line 652, in on_member_update
    before_timeout = before.timed_out_until
                     ^^^^^^^^^^^^^^^^^^^^^^
AttributeError: 'Member' object has no attribute 'timed_out_until'
Ignoring exception in on_member_update
Traceback (most recent call last):
  File "/usr/local/lib/python3.12/site-packages/discord/client.py", line 465, in _run_event
    await coro(*args, **kwargs)
  File "/app/asu_discord/cogs/analytics.py", line 652, in on_member_update
    before_timeout = before.timed_out_until
                     ^^^^^^^^^^^^^^^^^^^^^^
AttributeError: 'Member' object has no attribute 'timed_out_until'
Ignoring exception in on_member_update
Traceback (most recent call last):
  File "/usr/local/lib/python3.12/site-packages/discord/client.py", line 465, in _run_event
    await coro(*args, **kwargs)
  File "/app/asu_discord/cogs/analytics.py", line 652, in on_member_update
    before_timeout = before.timed_out_until
                     ^^^^^^^^^^^^^^^^^^^^^^
AttributeError: 'Member' object has no attribute 'timed_out_until'
Ignoring exception in on_member_update
Traceback (most recent call last):
  File "/usr/local/lib/python3.12/site-packages/discord/client.py", line 465, in _run_event
    await coro(*args, **kwargs)
  File "/app/asu_discord/cogs/analytics.py", line 652, in on_member_update
    before_timeout = before.timed_out_until
                     ^^^^^^^^^^^^^^^^^^^^^^
AttributeError: 'Member' object has no attribute 'timed_out_until'
Ignoring exception in on_member_update
Traceback (most recent call last):
  File "/usr/local/lib/python3.12/site-packages/discord/client.py", line 465, in _run_event
    await coro(*args, **kwargs)
  File "/app/asu_discord/cogs/analytics.py", line 652, in on_member_update
    before_timeout = before.timed_out_until
                     ^^^^^^^^^^^^^^^^^^^^^^
AttributeError: 'Member' object has no attribute 'timed_out_until'
INFO:asu_discord.cogs.verification:Saved 4 roles to database for user aamirtha (Discord ID: 788990323006373888)
INFO:asu_discord.cogs.verification:Refreshed Salesforce roles for Discord user 788990323006373888: -4/+4 roles, assigned=[Graduate Student, International Student, Ira A. Fulton Schools of Engineering, Tempe]
Ignoring exception in on_member_update
Traceback (most recent call last):
  File "/usr/local/lib/python3.12/site-packages/discord/client.py", line 465, in _run_event
    await coro(*args, **kwargs)
  File "/app/asu_discord/cogs/analytics.py", line 652, in on_member_update
    before_timeout = before.timed_out_until
                     ^^^^^^^^^^^^^^^^^^^^^^
AttributeError: 'Member' object has no attribute 'timed_out_until'
Ignoring exception in on_member_update
Traceback (most recent call last):
  File "/usr/local/lib/python3.12/site-packages/discord/client.py", line 465, in _run_event
    await coro(*args, **kwargs)
  File "/app/asu_discord/cogs/analytics.py", line 652, in on_member_update
    before_timeout = before.timed_out_until
                     ^^^^^^^^^^^^^^^^^^^^^^
AttributeError: 'Member' object has no attribute 'timed_out_until'
Ignoring exception in on_member_update
Traceback (most recent call last):
  File "/usr/local/lib/python3.12/site-packages/discord/client.py", line 465, in _run_event
    await coro(*args, **kwargs)
  File "/app/asu_discord/cogs/analytics.py", line 652, in on_member_update
    before_timeout = before.timed_out_until
                     ^^^^^^^^^^^^^^^^^^^^^^
AttributeError: 'Member' object has no attribute 'timed_out_until'
Ignoring exception in on_member_update
Traceback (most recent call last):
  File "/usr/local/lib/python3.12/site-packages/discord/client.py", line 465, in _run_event
    await coro(*args, **kwargs)
  File "/app/asu_discord/cogs/analytics.py", line 652, in on_member_update
    before_timeout = before.timed_out_until
                     ^^^^^^^^^^^^^^^^^^^^^^
AttributeError: 'Member' object has no attribute 'timed_out_until'
Ignoring exception in on_member_update
Traceback (most recent call last):
  File "/usr/local/lib/python3.12/site-packages/discord/client.py", line 465, in _run_event
    await coro(*args, **kwargs)
  File "/app/asu_discord/cogs/analytics.py", line 652, in on_member_update
    before_timeout = before.timed_out_until
                     ^^^^^^^^^^^^^^^^^^^^^^
AttributeError: 'Member' object has no attribute 'timed_out_until'
Ignoring exception in on_member_update
Traceback (most recent call last):
  File "/usr/local/lib/python3.12/site-packages/discord/client.py", line 465, in _run_event
    await coro(*args, **kwargs)
  File "/app/asu_discord/cogs/analytics.py", line 652, in on_member_update
    before_timeout = before.timed_out_until
                     ^^^^^^^^^^^^^^^^^^^^^^
AttributeError: 'Member' object has no attribute 'timed_out_until'
Ignoring exception in on_member_update
Traceback (most recent call last):
  File "/usr/local/lib/python3.12/site-packages/discord/client.py", line 465, in _run_event
    await coro(*args, **kwargs)
  File "/app/asu_discord/cogs/analytics.py", line 652, in on_member_update
    before_timeout = before.timed_out_until
                     ^^^^^^^^^^^^^^^^^^^^^^
AttributeError: 'Member' object has no attribute 'timed_out_until'
Ignoring exception in on_member_update
Traceback (most recent call last):
  File "/usr/local/lib/python3.12/site-packages/discord/client.py", line 465, in _run_event
    await coro(*args, **kwargs)
  File "/app/asu_discord/cogs/analytics.py", line 652, in on_member_update
    before_timeout = before.timed_out_until
                     ^^^^^^^^^^^^^^^^^^^^^^
AttributeError: 'Member' object has no attribute 'timed_out_until'
Ignoring exception in on_member_update
Traceback (most recent call last):
  File "/usr/local/lib/python3.12/site-packages/discord/client.py", line 465, in _run_event
    await coro(*args, **kwargs)
  File "/app/asu_discord/cogs/analytics.py", line 652, in on_member_update
    before_timeout = before.timed_out_until
                     ^^^^^^^^^^^^^^^^^^^^^^
AttributeError: 'Member' object has no attribute 'timed_out_until'
Ignoring exception in on_member_update
Traceback (most recent call last):
  File "/usr/local/lib/python3.12/site-packages/discord/client.py", line 465, in _run_event
    await coro(*args, **kwargs)
  File "/app/asu_discord/cogs/analytics.py", line 652, in on_member_update
    before_timeout = before.timed_out_until
                     ^^^^^^^^^^^^^^^^^^^^^^
AttributeError: 'Member' object has no attribute 'timed_out_until'
INFO:asu_discord.cogs.verification:Saved 5 roles to database for user brheinem (Discord ID: 1492568336481915014)
INFO:asu_discord.cogs.verification:Refreshed Salesforce roles for Discord user 1492568336481915014: -5/+5 roles, assigned=[Arizona Resident, College of Liberal Arts and Sciences, Commited, First Year, Tempe]
Ignoring exception in on_member_update
Traceback (most recent call last):
  File "/usr/local/lib/python3.12/site-packages/discord/client.py", line 465, in _run_event
    await coro(*args, **kwargs)
  File "/app/asu_discord/cogs/analytics.py", line 652, in on_member_update
    before_timeout = before.timed_out_until
                     ^^^^^^^^^^^^^^^^^^^^^^
AttributeError: 'Member' object has no attribute 'timed_out_until'
INFO:asu_discord.cogs.verification:Saved 1 roles to database for user eebocane (Discord ID: 1486387492562407590)
INFO:asu_discord.cogs.verification:Refreshed Salesforce roles for Discord user 1486387492562407590: -1/+0 roles, assigned=[Out of State]
INFO:asu_discord.cogs.verification:Refreshed Salesforce roles for Discord user 1447933265016258621: -0/+0 roles, assigned=[none]
Ignoring exception in on_member_update
Traceback (most recent call last):
  File "/usr/local/lib/python3.12/site-packages/discord/client.py", line 465, in _run_event
    await coro(*args, **kwargs)
  File "/app/asu_discord/cogs/analytics.py", line 652, in on_member_update
    before_timeout = before.timed_out_until
                     ^^^^^^^^^^^^^^^^^^^^^^
AttributeError: 'Member' object has no attribute 'timed_out_until'
INFO:asu_discord.cogs.verification:Saved 1 roles to database for user lsotos (Discord ID: 1492607930699223090)
INFO:asu_discord.cogs.verification:Refreshed Salesforce roles for Discord user 1492607930699223090: -1/+0 roles, assigned=[Out of State]
ERROR:cron.jobs:refresh_salesforce_roles: failed for alord8 (Discord ID 389505969073291264): Failed to refresh Salesforce-based roles: Discord user 389505969073291264 is not a member of the guild
Ignoring exception in on_member_update
Traceback (most recent call last):
  File "/usr/local/lib/python3.12/site-packages/discord/client.py", line 465, in _run_event
    await coro(*args, **kwargs)
  File "/app/asu_discord/cogs/analytics.py", line 652, in on_member_update
    before_timeout = before.timed_out_until
                     ^^^^^^^^^^^^^^^^^^^^^^
AttributeError: 'Member' object has no attribute 'timed_out_until'
Ignoring exception in on_member_update
Traceback (most recent call last):
  File "/usr/local/lib/python3.12/site-packages/discord/client.py", line 465, in _run_event
    await coro(*args, **kwargs)
  File "/app/asu_discord/cogs/analytics.py", line 652, in on_member_update
    before_timeout = before.timed_out_until
                     ^^^^^^^^^^^^^^^^^^^^^^
AttributeError: 'Member' object has no attribute 'timed_out_until'
Ignoring exception in on_member_update
Traceback (most recent call last):
  File "/usr/local/lib/python3.12/site-packages/discord/client.py", line 465, in _run_event
    await coro(*args, **kwargs)
  File "/app/asu_discord/cogs/analytics.py", line 652, in on_member_update
    before_timeout = before.timed_out_until
                     ^^^^^^^^^^^^^^^^^^^^^^
AttributeError: 'Member' object has no attribute 'timed_out_until'
Ignoring exception in on_member_update
Traceback (most recent call last):
  File "/usr/local/lib/python3.12/site-packages/discord/client.py", line 465, in _run_event
    await coro(*args, **kwargs)
  File "/app/asu_discord/cogs/analytics.py", line 652, in on_member_update
    before_timeout = before.timed_out_until
                     ^^^^^^^^^^^^^^^^^^^^^^
AttributeError: 'Member' object has no attribute 'timed_out_until'
Ignoring exception in on_member_update
Traceback (most recent call last):
  File "/usr/local/lib/python3.12/site-packages/discord/client.py", line 465, in _run_event
    await coro(*args, **kwargs)
  File "/app/asu_discord/cogs/analytics.py", line 652, in on_member_update
    before_timeout = before.timed_out_until
                     ^^^^^^^^^^^^^^^^^^^^^^
AttributeError: 'Member' object has no attribute 'timed_out_until'
Ignoring exception in on_member_update
Traceback (most recent call last):
  File "/usr/local/lib/python3.12/site-packages/discord/client.py", line 465, in _run_event
    await coro(*args, **kwargs)
  File "/app/asu_discord/cogs/analytics.py", line 652, in on_member_update
    before_timeout = before.timed_out_until
                     ^^^^^^^^^^^^^^^^^^^^^^
AttributeError: 'Member' object has no attribute 'timed_out_until'
Ignoring exception in on_member_update
Traceback (most recent call last):
  File "/usr/local/lib/python3.12/site-packages/discord/client.py", line 465, in _run_event
    await coro(*args, **kwargs)
  File "/app/asu_discord/cogs/analytics.py", line 652, in on_member_update
    before_timeout = before.timed_out_until
                     ^^^^^^^^^^^^^^^^^^^^^^
AttributeError: 'Member' object has no attribute 'timed_out_until'
Ignoring exception in on_member_update
Traceback (most recent call last):
  File "/usr/local/lib/python3.12/site-packages/discord/client.py", line 465, in _run_event
    await coro(*args, **kwargs)
  File "/app/asu_discord/cogs/analytics.py", line 652, in on_member_update
    before_timeout = before.timed_out_until
                     ^^^^^^^^^^^^^^^^^^^^^^
AttributeError: 'Member' object has no attribute 'timed_out_until'
INFO:asu_discord.cogs.verification:Saved 4 roles to database for user amshirl4 (Discord ID: 891209162816626709)
INFO:asu_discord.cogs.verification:Refreshed Salesforce roles for Discord user 891209162816626709: -4/+4 roles, assigned=[Arizona Resident, College of Liberal Arts and Sciences, Tempe, Transfer Student]
Ignoring exception in on_member_update
Traceback (most recent call last):
  File "/usr/local/lib/python3.12/site-packages/discord/client.py", line 465, in _run_event
    await coro(*args, **kwargs)
  File "/app/asu_discord/cogs/analytics.py", line 652, in on_member_update
    before_timeout = before.timed_out_until
                     ^^^^^^^^^^^^^^^^^^^^^^
AttributeError: 'Member' object has no attribute 'timed_out_until'
Ignoring exception in on_member_update
Traceback (most recent call last):
  File "/usr/local/lib/python3.12/site-packages/discord/client.py", line 465, in _run_event
    await coro(*args, **kwargs)
  File "/app/asu_discord/cogs/analytics.py", line 652, in on_member_update
    before_timeout = before.timed_out_until
                     ^^^^^^^^^^^^^^^^^^^^^^
AttributeError: 'Member' object has no attribute 'timed_out_until'
Ignoring exception in on_member_update
Traceback (most recent call last):
  File "/usr/local/lib/python3.12/site-packages/discord/client.py", line 465, in _run_event
    await coro(*args, **kwargs)
  File "/app/asu_discord/cogs/analytics.py", line 652, in on_member_update
    before_timeout = before.timed_out_until
                     ^^^^^^^^^^^^^^^^^^^^^^
AttributeError: 'Member' object has no attribute 'timed_out_until'
Ignoring exception in on_member_update
Traceback (most recent call last):
  File "/usr/local/lib/python3.12/site-packages/discord/client.py", line 465, in _run_event
    await coro(*args, **kwargs)
  File "/app/asu_discord/cogs/analytics.py", line 652, in on_member_update
    before_timeout = before.timed_out_until
                     ^^^^^^^^^^^^^^^^^^^^^^
AttributeError: 'Member' object has no attribute 'timed_out_until'
Ignoring exception in on_member_update
Traceback (most recent call last):
  File "/usr/local/lib/python3.12/site-packages/discord/client.py", line 465, in _run_event
    await coro(*args, **kwargs)
  File "/app/asu_discord/cogs/analytics.py", line 652, in on_member_update
    before_timeout = before.timed_out_until
                     ^^^^^^^^^^^^^^^^^^^^^^
AttributeError: 'Member' object has no attribute 'timed_out_until'
Ignoring exception in on_member_update
Traceback (most recent call last):
  File "/usr/local/lib/python3.12/site-packages/discord/client.py", line 465, in _run_event
    await coro(*args, **kwargs)
  File "/app/asu_discord/cogs/analytics.py", line 652, in on_member_update
    before_timeout = before.timed_out_until
                     ^^^^^^^^^^^^^^^^^^^^^^
AttributeError: 'Member' object has no attribute 'timed_out_until'
Ignoring exception in on_member_update
Traceback (most recent call last):
  File "/usr/local/lib/python3.12/site-packages/discord/client.py", line 465, in _run_event
    await coro(*args, **kwargs)
  File "/app/asu_discord/cogs/analytics.py", line 652, in on_member_update
    before_timeout = before.timed_out_until
                     ^^^^^^^^^^^^^^^^^^^^^^
AttributeError: 'Member' object has no attribute 'timed_out_until'
Ignoring exception in on_member_update
Traceback (most recent call last):
  File "/usr/local/lib/python3.12/site-packages/discord/client.py", line 465, in _run_event
    await coro(*args, **kwargs)
  File "/app/asu_discord/cogs/analytics.py", line 652, in on_member_update
    before_timeout = before.timed_out_until
                     ^^^^^^^^^^^^^^^^^^^^^^
AttributeError: 'Member' object has no attribute 'timed_out_until'
Ignoring exception in on_member_update
Traceback (most recent call last):
  File "/usr/local/lib/python3.12/site-packages/discord/client.py", line 465, in _run_event
    await coro(*args, **kwargs)
  File "/app/asu_discord/cogs/analytics.py", line 652, in on_member_update
    before_timeout = before.timed_out_until
                     ^^^^^^^^^^^^^^^^^^^^^^
AttributeError: 'Member' object has no attribute 'timed_out_until'
Ignoring exception in on_member_update
Traceback (most recent call last):
  File "/usr/local/lib/python3.12/site-packages/discord/client.py", line 465, in _run_event
    await coro(*args, **kwargs)
  File "/app/asu_discord/cogs/analytics.py", line 652, in on_member_update
    before_timeout = before.timed_out_until
                     ^^^^^^^^^^^^^^^^^^^^^^
AttributeError: 'Member' object has no attribute 'timed_out_until'
INFO:asu_discord.cogs.verification:Saved 5 roles to database for user tnguy482 (Discord ID: 517697402262781952)
INFO:asu_discord.cogs.verification:Refreshed Salesforce roles for Discord user 517697402262781952: -5/+5 roles, assigned=[Commited, First Year, Out of State, W.P. Carey School of Business, West Valley]
Ignoring exception in on_member_update
Traceback (most recent call last):
  File "/usr/local/lib/python3.12/site-packages/discord/client.py", line 465, in _run_event
    await coro(*args, **kwargs)
  File "/app/asu_discord/cogs/analytics.py", line 652, in on_member_update
    before_timeout = before.timed_out_until
                     ^^^^^^^^^^^^^^^^^^^^^^
AttributeError: 'Member' object has no attribute 'timed_out_until'
Ignoring exception in on_member_update
Traceback (most recent call last):
  File "/usr/local/lib/python3.12/site-packages/discord/client.py", line 465, in _run_event
    await coro(*args, **kwargs)
  File "/app/asu_discord/cogs/analytics.py", line 652, in on_member_update
    before_timeout = before.timed_out_until
                     ^^^^^^^^^^^^^^^^^^^^^^
AttributeError: 'Member' object has no attribute 'timed_out_until'
Ignoring exception in on_member_update
Traceback (most recent call last):
  File "/usr/local/lib/python3.12/site-packages/discord/client.py", line 465, in _run_event
    await coro(*args, **kwargs)
  File "/app/asu_discord/cogs/analytics.py", line 652, in on_member_update
    before_timeout = before.timed_out_until
                     ^^^^^^^^^^^^^^^^^^^^^^
AttributeError: 'Member' object has no attribute 'timed_out_until'
Ignoring exception in on_member_update
Traceback (most recent call last):
  File "/usr/local/lib/python3.12/site-packages/discord/client.py", line 465, in _run_event
    await coro(*args, **kwargs)
  File "/app/asu_discord/cogs/analytics.py", line 652, in on_member_update
    before_timeout = before.timed_out_until
                     ^^^^^^^^^^^^^^^^^^^^^^
AttributeError: 'Member' object has no attribute 'timed_out_until'
Ignoring exception in on_member_update
Traceback (most recent call last):
  File "/usr/local/lib/python3.12/site-packages/discord/client.py", line 465, in _run_event
    await coro(*args, **kwargs)
  File "/app/asu_discord/cogs/analytics.py", line 652, in on_member_update
    before_timeout = before.timed_out_until
                     ^^^^^^^^^^^^^^^^^^^^^^
AttributeError: 'Member' object has no attribute 'timed_out_until'
Ignoring exception in on_member_update
Traceback (most recent call last):
  File "/usr/local/lib/python3.12/site-packages/discord/client.py", line 465, in _run_event
    await coro(*args, **kwargs)
  File "/app/asu_discord/cogs/analytics.py", line 652, in on_member_update
    before_timeout = before.timed_out_until
                     ^^^^^^^^^^^^^^^^^^^^^^
AttributeError: 'Member' object has no attribute 'timed_out_until'
Ignoring exception in on_member_update
Traceback (most recent call last):
  File "/usr/local/lib/python3.12/site-packages/discord/client.py", line 465, in _run_event
    await coro(*args, **kwargs)
  File "/app/asu_discord/cogs/analytics.py", line 652, in on_member_update
    before_timeout = before.timed_out_until
                     ^^^^^^^^^^^^^^^^^^^^^^
AttributeError: 'Member' object has no attribute 'timed_out_until'
Ignoring exception in on_member_update
Traceback (most recent call last):
  File "/usr/local/lib/python3.12/site-packages/discord/client.py", line 465, in _run_event
    await coro(*args, **kwargs)
  File "/app/asu_discord/cogs/analytics.py", line 652, in on_member_update
    before_timeout = before.timed_out_until
                     ^^^^^^^^^^^^^^^^^^^^^^
AttributeError: 'Member' object has no attribute 'timed_out_until'
INFO:asu_discord.cogs.verification:Saved 4 roles to database for user tlgonza6 (Discord ID: 572433584670113792)
INFO:asu_discord.cogs.verification:Refreshed Salesforce roles for Discord user 572433584670113792: -4/+4 roles, assigned=[Arizona Resident, College of Liberal Arts and Sciences, Tempe, Transfer Student]
Ignoring exception in on_member_update
Traceback (most recent call last):
  File "/usr/local/lib/python3.12/site-packages/discord/client.py", line 465, in _run_event
    await coro(*args, **kwargs)
  File "/app/asu_discord/cogs/analytics.py", line 652, in on_member_update
    before_timeout = before.timed_out_until
                     ^^^^^^^^^^^^^^^^^^^^^^
AttributeError: 'Member' object has no attribute 'timed_out_until'
Ignoring exception in on_member_update
Traceback (most recent call last):
  File "/usr/local/lib/python3.12/site-packages/discord/client.py", line 465, in _run_event
    await coro(*args, **kwargs)
  File "/app/asu_discord/cogs/analytics.py", line 652, in on_member_update
    before_timeout = before.timed_out_until
                     ^^^^^^^^^^^^^^^^^^^^^^
AttributeError: 'Member' object has no attribute 'timed_out_until'
Ignoring exception in on_member_update
Traceback (most recent call last):
  File "/usr/local/lib/python3.12/site-packages/discord/client.py", line 465, in _run_event
    await coro(*args, **kwargs)
  File "/app/asu_discord/cogs/analytics.py", line 652, in on_member_update
    before_timeout = before.timed_out_until
                     ^^^^^^^^^^^^^^^^^^^^^^
AttributeError: 'Member' object has no attribute 'timed_out_until'
Ignoring exception in on_member_update
Traceback (most recent call last):
  File "/usr/local/lib/python3.12/site-packages/discord/client.py", line 465, in _run_event
    await coro(*args, **kwargs)
  File "/app/asu_discord/cogs/analytics.py", line 652, in on_member_update
    before_timeout = before.timed_out_until
                     ^^^^^^^^^^^^^^^^^^^^^^
AttributeError: 'Member' object has no attribute 'timed_out_until'
Ignoring exception in on_member_update
Traceback (most recent call last):
  File "/usr/local/lib/python3.12/site-packages/discord/client.py", line 465, in _run_event
    await coro(*args, **kwargs)
  File "/app/asu_discord/cogs/analytics.py", line 652, in on_member_update
    before_timeout = before.timed_out_until
                     ^^^^^^^^^^^^^^^^^^^^^^
AttributeError: 'Member' object has no attribute 'timed_out_until'
Ignoring exception in on_member_update
Traceback (most recent call last):
  File "/usr/local/lib/python3.12/site-packages/discord/client.py", line 465, in _run_event
    await coro(*args, **kwargs)
  File "/app/asu_discord/cogs/analytics.py", line 652, in on_member_update
    before_timeout = before.timed_out_until
                     ^^^^^^^^^^^^^^^^^^^^^^
AttributeError: 'Member' object has no attribute 'timed_out_until'
Ignoring exception in on_member_update
Traceback (most recent call last):
  File "/usr/local/lib/python3.12/site-packages/discord/client.py", line 465, in _run_event
    await coro(*args, **kwargs)
  File "/app/asu_discord/cogs/analytics.py", line 652, in on_member_update
    before_timeout = before.timed_out_until
                     ^^^^^^^^^^^^^^^^^^^^^^
AttributeError: 'Member' object has no attribute 'timed_out_until'
Ignoring exception in on_member_update
Traceback (most recent call last):
  File "/usr/local/lib/python3.12/site-packages/discord/client.py", line 465, in _run_event
    await coro(*args, **kwargs)
  File "/app/asu_discord/cogs/analytics.py", line 652, in on_member_update
    before_timeout = before.timed_out_until
                     ^^^^^^^^^^^^^^^^^^^^^^
AttributeError: 'Member' object has no attribute 'timed_out_until'
Ignoring exception in on_member_update
Traceback (most recent call last):
  File "/usr/local/lib/python3.12/site-packages/discord/client.py", line 465, in _run_event
    await coro(*args, **kwargs)
  File "/app/asu_discord/cogs/analytics.py", line 652, in on_member_update
    before_timeout = before.timed_out_until
                     ^^^^^^^^^^^^^^^^^^^^^^
AttributeError: 'Member' object has no attribute 'timed_out_until'
Ignoring exception in on_member_update
Traceback (most recent call last):
  File "/usr/local/lib/python3.12/site-packages/discord/client.py", line 465, in _run_event
    await coro(*args, **kwargs)
  File "/app/asu_discord/cogs/analytics.py", line 652, in on_member_update
    before_timeout = before.timed_out_until
                     ^^^^^^^^^^^^^^^^^^^^^^
AttributeError: 'Member' object has no attribute 'timed_out_until'
INFO:asu_discord.cogs.verification:Saved 5 roles to database for user mibanez8 (Discord ID: 756789493637578782)
INFO:asu_discord.cogs.verification:Refreshed Salesforce roles for Discord user 756789493637578782: -5/+5 roles, assigned=[Commited, Downtown Phoenix, Edson College of Nursing and Health Innovation, Out of State, Transfer Student]
Ignoring exception in on_member_update
Traceback (most recent call last):
  File "/usr/local/lib/python3.12/site-packages/discord/client.py", line 465, in _run_event
    await coro(*args, **kwargs)
  File "/app/asu_discord/cogs/analytics.py", line 652, in on_member_update
    before_timeout = before.timed_out_until
                     ^^^^^^^^^^^^^^^^^^^^^^
AttributeError: 'Member' object has no attribute 'timed_out_until'
Ignoring exception in on_member_update
Traceback (most recent call last):
  File "/usr/local/lib/python3.12/site-packages/discord/client.py", line 465, in _run_event
    await coro(*args, **kwargs)
  File "/app/asu_discord/cogs/analytics.py", line 652, in on_member_update
    before_timeout = before.timed_out_until
                     ^^^^^^^^^^^^^^^^^^^^^^
AttributeError: 'Member' object has no attribute 'timed_out_until'
INFO:asu_discord.cogs.verification:Saved 1 roles to database for user jlopezla (Discord ID: 738602953677602816)
INFO:asu_discord.cogs.verification:Refreshed Salesforce roles for Discord user 738602953677602816: -1/+1 roles, assigned=[Arizona Resident]
Ignoring exception in on_member_update
Traceback (most recent call last):
  File "/usr/local/lib/python3.12/site-packages/discord/client.py", line 465, in _run_event
    await coro(*args, **kwargs)
  File "/app/asu_discord/cogs/analytics.py", line 652, in on_member_update
    before_timeout = before.timed_out_until
                     ^^^^^^^^^^^^^^^^^^^^^^
AttributeError: 'Member' object has no attribute 'timed_out_until'
Ignoring exception in on_member_update
Traceback (most recent call last):
  File "/usr/local/lib/python3.12/site-packages/discord/client.py", line 465, in _run_event
    await coro(*args, **kwargs)
  File "/app/asu_discord/cogs/analytics.py", line 652, in on_member_update
    before_timeout = before.timed_out_until
                     ^^^^^^^^^^^^^^^^^^^^^^
AttributeError: 'Member' object has no attribute 'timed_out_until'
Ignoring exception in on_member_update
Traceback (most recent call last):
  File "/usr/local/lib/python3.12/site-packages/discord/client.py", line 465, in _run_event
    await coro(*args, **kwargs)
  File "/app/asu_discord/cogs/analytics.py", line 652, in on_member_update
    before_timeout = before.timed_out_until
                     ^^^^^^^^^^^^^^^^^^^^^^
AttributeError: 'Member' object has no attribute 'timed_out_until'
Ignoring exception in on_member_update
Traceback (most recent call last):
  File "/usr/local/lib/python3.12/site-packages/discord/client.py", line 465, in _run_event
    await coro(*args, **kwargs)
  File "/app/asu_discord/cogs/analytics.py", line 652, in on_member_update
    before_timeout = before.timed_out_until
                     ^^^^^^^^^^^^^^^^^^^^^^
AttributeError: 'Member' object has no attribute 'timed_out_until'
Ignoring exception in on_member_update
Traceback (most recent call last):
  File "/usr/local/lib/python3.12/site-packages/discord/client.py", line 465, in _run_event
    await coro(*args, **kwargs)
  File "/app/asu_discord/cogs/analytics.py", line 652, in on_member_update
    before_timeout = before.timed_out_until
                     ^^^^^^^^^^^^^^^^^^^^^^
AttributeError: 'Member' object has no attribute 'timed_out_until'
Ignoring exception in on_member_update
Traceback (most recent call last):
  File "/usr/local/lib/python3.12/site-packages/discord/client.py", line 465, in _run_event
    await coro(*args, **kwargs)
  File "/app/asu_discord/cogs/analytics.py", line 652, in on_member_update
    before_timeout = before.timed_out_until
                     ^^^^^^^^^^^^^^^^^^^^^^
AttributeError: 'Member' object has no attribute 'timed_out_until'
Ignoring exception in on_member_update
Traceback (most recent call last):
  File "/usr/local/lib/python3.12/site-packages/discord/client.py", line 465, in _run_event
    await coro(*args, **kwargs)
  File "/app/asu_discord/cogs/analytics.py", line 652, in on_member_update
    before_timeout = before.timed_out_until
                     ^^^^^^^^^^^^^^^^^^^^^^
AttributeError: 'Member' object has no attribute 'timed_out_until'
Ignoring exception in on_member_update
Traceback (most recent call last):
  File "/usr/local/lib/python3.12/site-packages/discord/client.py", line 465, in _run_event
    await coro(*args, **kwargs)
  File "/app/asu_discord/cogs/analytics.py", line 652, in on_member_update
    before_timeout = before.timed_out_until
                     ^^^^^^^^^^^^^^^^^^^^^^
AttributeError: 'Member' object has no attribute 'timed_out_until'
Ignoring exception in on_member_update
Traceback (most recent call last):
  File "/usr/local/lib/python3.12/site-packages/discord/client.py", line 465, in _run_event
    await coro(*args, **kwargs)
  File "/app/asu_discord/cogs/analytics.py", line 652, in on_member_update
    before_timeout = before.timed_out_until
                     ^^^^^^^^^^^^^^^^^^^^^^
AttributeError: 'Member' object has no attribute 'timed_out_until'
INFO:asu_discord.cogs.verification:Saved 5 roles to database for user jmcliffo (Discord ID: 1083243495751421972)
INFO:asu_discord.cogs.verification:Refreshed Salesforce roles for Discord user 1083243495751421972: -5/+5 roles, assigned=[College of Health Solutions, Commited, Downtown Phoenix, Out of State, Transfer Student]
Ignoring exception in on_member_update
Traceback (most recent call last):
  File "/usr/local/lib/python3.12/site-packages/discord/client.py", line 465, in _run_event
    await coro(*args, **kwargs)
  File "/app/asu_discord/cogs/analytics.py", line 652, in on_member_update
    before_timeout = before.timed_out_until
                     ^^^^^^^^^^^^^^^^^^^^^^
AttributeError: 'Member' object has no attribute 'timed_out_until'
ERROR:cron.jobs:refresh_salesforce_roles: failed for ltallade (Discord ID 743848053580103820): Failed to refresh Salesforce-based roles: Discord user 743848053580103820 is not a member of the guild
Ignoring exception in on_member_update
Traceback (most recent call last):
  File "/usr/local/lib/python3.12/site-packages/discord/client.py", line 465, in _run_event
    await coro(*args, **kwargs)
  File "/app/asu_discord/cogs/analytics.py", line 652, in on_member_update
    before_timeout = before.timed_out_until
                     ^^^^^^^^^^^^^^^^^^^^^^
AttributeError: 'Member' object has no attribute 'timed_out_until'
Ignoring exception in on_member_update
Traceback (most recent call last):
  File "/usr/local/lib/python3.12/site-packages/discord/client.py", line 465, in _run_event
    await coro(*args, **kwargs)
  File "/app/asu_discord/cogs/analytics.py", line 652, in on_member_update
    before_timeout = before.timed_out_until
                     ^^^^^^^^^^^^^^^^^^^^^^
AttributeError: 'Member' object has no attribute 'timed_out_until'
Ignoring exception in on_member_update
Traceback (most recent call last):
  File "/usr/local/lib/python3.12/site-packages/discord/client.py", line 465, in _run_event
    await coro(*args, **kwargs)
  File "/app/asu_discord/cogs/analytics.py", line 652, in on_member_update
    before_timeout = before.timed_out_until
                     ^^^^^^^^^^^^^^^^^^^^^^
AttributeError: 'Member' object has no attribute 'timed_out_until'
Ignoring exception in on_member_update
Traceback (most recent call last):
  File "/usr/local/lib/python3.12/site-packages/discord/client.py", line 465, in _run_event
    await coro(*args, **kwargs)
  File "/app/asu_discord/cogs/analytics.py", line 652, in on_member_update
    before_timeout = before.timed_out_until
                     ^^^^^^^^^^^^^^^^^^^^^^
AttributeError: 'Member' object has no attribute 'timed_out_until'
Ignoring exception in on_member_update
Traceback (most recent call last):
  File "/usr/local/lib/python3.12/site-packages/discord/client.py", line 465, in _run_event
    await coro(*args, **kwargs)
  File "/app/asu_discord/cogs/analytics.py", line 652, in on_member_update
    before_timeout = before.timed_out_until
                     ^^^^^^^^^^^^^^^^^^^^^^
AttributeError: 'Member' object has no attribute 'timed_out_until'
Ignoring exception in on_member_update
Traceback (most recent call last):
  File "/usr/local/lib/python3.12/site-packages/discord/client.py", line 465, in _run_event
    await coro(*args, **kwargs)
  File "/app/asu_discord/cogs/analytics.py", line 652, in on_member_update
    before_timeout = before.timed_out_until
                     ^^^^^^^^^^^^^^^^^^^^^^
AttributeError: 'Member' object has no attribute 'timed_out_until'
Ignoring exception in on_member_update
Traceback (most recent call last):
  File "/usr/local/lib/python3.12/site-packages/discord/client.py", line 465, in _run_event
    await coro(*args, **kwargs)
  File "/app/asu_discord/cogs/analytics.py", line 652, in on_member_update
    before_timeout = before.timed_out_until
                     ^^^^^^^^^^^^^^^^^^^^^^
AttributeError: 'Member' object has no attribute 'timed_out_until'
Ignoring exception in on_member_update
Traceback (most recent call last):
  File "/usr/local/lib/python3.12/site-packages/discord/client.py", line 465, in _run_event
    await coro(*args, **kwargs)
  File "/app/asu_discord/cogs/analytics.py", line 652, in on_member_update
    before_timeout = before.timed_out_until
                     ^^^^^^^^^^^^^^^^^^^^^^
AttributeError: 'Member' object has no attribute 'timed_out_until'
Ignoring exception in on_member_update
Traceback (most recent call last):
  File "/usr/local/lib/python3.12/site-packages/discord/client.py", line 465, in _run_event
    await coro(*args, **kwargs)
  File "/app/asu_discord/cogs/analytics.py", line 652, in on_member_update
    before_timeout = before.timed_out_until
                     ^^^^^^^^^^^^^^^^^^^^^^
AttributeError: 'Member' object has no attribute 'timed_out_until'
Ignoring exception in on_member_update
Traceback (most recent call last):
  File "/usr/local/lib/python3.12/site-packages/discord/client.py", line 465, in _run_event
    await coro(*args, **kwargs)
  File "/app/asu_discord/cogs/analytics.py", line 652, in on_member_update
    before_timeout = before.timed_out_until
                     ^^^^^^^^^^^^^^^^^^^^^^
AttributeError: 'Member' object has no attribute 'timed_out_until'
INFO:asu_discord.cogs.verification:Saved 5 roles to database for user lhuan170 (Discord ID: 739929371925676032)
INFO:asu_discord.cogs.verification:Refreshed Salesforce roles for Discord user 739929371925676032: -5/+5 roles, assigned=[First Generation Student, Graduate Student, Ira A. Fulton Schools of Engineering, Out of State, Tempe]
Ignoring exception in on_member_update
Traceback (most recent call last):
  File "/usr/local/lib/python3.12/site-packages/discord/client.py", line 465, in _run_event
    await coro(*args, **kwargs)
  File "/app/asu_discord/cogs/analytics.py", line 652, in on_member_update
    before_timeout = before.timed_out_until
                     ^^^^^^^^^^^^^^^^^^^^^^
AttributeError: 'Member' object has no attribute 'timed_out_until'
Ignoring exception in on_member_update
Traceback (most recent call last):
  File "/usr/local/lib/python3.12/site-packages/discord/client.py", line 465, in _run_event
    await coro(*args, **kwargs)
  File "/app/asu_discord/cogs/analytics.py", line 652, in on_member_update
    before_timeout = before.timed_out_until
                     ^^^^^^^^^^^^^^^^^^^^^^
AttributeError: 'Member' object has no attribute 'timed_out_until'
Ignoring exception in on_member_update
Traceback (most recent call last):
  File "/usr/local/lib/python3.12/site-packages/discord/client.py", line 465, in _run_event
    await coro(*args, **kwargs)
  File "/app/asu_discord/cogs/analytics.py", line 652, in on_member_update
    before_timeout = before.timed_out_until
                     ^^^^^^^^^^^^^^^^^^^^^^
AttributeError: 'Member' object has no attribute 'timed_out_until'
Ignoring exception in on_member_update
Traceback (most recent call last):
  File "/usr/local/lib/python3.12/site-packages/discord/client.py", line 465, in _run_event
    await coro(*args, **kwargs)
  File "/app/asu_discord/cogs/analytics.py", line 652, in on_member_update
    before_timeout = before.timed_out_until
                     ^^^^^^^^^^^^^^^^^^^^^^
AttributeError: 'Member' object has no attribute 'timed_out_until'
Ignoring exception in on_member_update
Traceback (most recent call last):
  File "/usr/local/lib/python3.12/site-packages/discord/client.py", line 465, in _run_event
    await coro(*args, **kwargs)
  File "/app/asu_discord/cogs/analytics.py", line 652, in on_member_update
    before_timeout = before.timed_out_until
                     ^^^^^^^^^^^^^^^^^^^^^^
AttributeError: 'Member' object has no attribute 'timed_out_until'
Ignoring exception in on_member_update
Traceback (most recent call last):
  File "/usr/local/lib/python3.12/site-packages/discord/client.py", line 465, in _run_event
    await coro(*args, **kwargs)
  File "/app/asu_discord/cogs/analytics.py", line 652, in on_member_update
    before_timeout = before.timed_out_until
                     ^^^^^^^^^^^^^^^^^^^^^^
AttributeError: 'Member' object has no attribute 'timed_out_until'
Ignoring exception in on_member_update
Traceback (most recent call last):
  File "/usr/local/lib/python3.12/site-packages/discord/client.py", line 465, in _run_event
    await coro(*args, **kwargs)
  File "/app/asu_discord/cogs/analytics.py", line 652, in on_member_update
    before_timeout = before.timed_out_until
                     ^^^^^^^^^^^^^^^^^^^^^^
AttributeError: 'Member' object has no attribute 'timed_out_until'
Ignoring exception in on_member_update
Traceback (most recent call last):
  File "/usr/local/lib/python3.12/site-packages/discord/client.py", line 465, in _run_event
    await coro(*args, **kwargs)
  File "/app/asu_discord/cogs/analytics.py", line 652, in on_member_update
    before_timeout = before.timed_out_until
                     ^^^^^^^^^^^^^^^^^^^^^^
AttributeError: 'Member' object has no attribute 'timed_out_until'
Ignoring exception in on_member_update
Traceback (most recent call last):
  File "/usr/local/lib/python3.12/site-packages/discord/client.py", line 465, in _run_event
    await coro(*args, **kwargs)
  File "/app/asu_discord/cogs/analytics.py", line 652, in on_member_update
    before_timeout = before.timed_out_until
                     ^^^^^^^^^^^^^^^^^^^^^^
AttributeError: 'Member' object has no attribute 'timed_out_until'
INFO:asu_discord.cogs.verification:Saved 5 roles to database for user cmpace12 (Discord ID: 1005895614040645784)
INFO:asu_discord.cogs.verification:Refreshed Salesforce roles for Discord user 1005895614040645784: -5/+4 roles, assigned=[Arizona Resident, Commited, Edson College of Nursing and Health Innovation, Online, Transfer Student]
Ignoring exception in on_member_update
Traceback (most recent call last):
  File "/usr/local/lib/python3.12/site-packages/discord/client.py", line 465, in _run_event
    await coro(*args, **kwargs)
  File "/app/asu_discord/cogs/analytics.py", line 652, in on_member_update
    before_timeout = before.timed_out_until
                     ^^^^^^^^^^^^^^^^^^^^^^
AttributeError: 'Member' object has no attribute 'timed_out_until'
Ignoring exception in on_member_update
Traceback (most recent call last):
  File "/usr/local/lib/python3.12/site-packages/discord/client.py", line 465, in _run_event
    await coro(*args, **kwargs)
  File "/app/asu_discord/cogs/analytics.py", line 652, in on_member_update
    before_timeout = before.timed_out_until
                     ^^^^^^^^^^^^^^^^^^^^^^
AttributeError: 'Member' object has no attribute 'timed_out_until'
Ignoring exception in on_member_update
Traceback (most recent call last):
  File "/usr/local/lib/python3.12/site-packages/discord/client.py", line 465, in _run_event
    await coro(*args, **kwargs)
  File "/app/asu_discord/cogs/analytics.py", line 652, in on_member_update
    before_timeout = before.timed_out_until
                     ^^^^^^^^^^^^^^^^^^^^^^
AttributeError: 'Member' object has no attribute 'timed_out_until'
Ignoring exception in on_member_update
Traceback (most recent call last):
  File "/usr/local/lib/python3.12/site-packages/discord/client.py", line 465, in _run_event
    await coro(*args, **kwargs)
  File "/app/asu_discord/cogs/analytics.py", line 652, in on_member_update
    before_timeout = before.timed_out_until
                     ^^^^^^^^^^^^^^^^^^^^^^
AttributeError: 'Member' object has no attribute 'timed_out_until'
Ignoring exception in on_member_update
Traceback (most recent call last):
  File "/usr/local/lib/python3.12/site-packages/discord/client.py", line 465, in _run_event
    await coro(*args, **kwargs)
  File "/app/asu_discord/cogs/analytics.py", line 652, in on_member_update
    before_timeout = before.timed_out_until
                     ^^^^^^^^^^^^^^^^^^^^^^
AttributeError: 'Member' object has no attribute 'timed_out_until'
Ignoring exception in on_member_update
Traceback (most recent call last):
  File "/usr/local/lib/python3.12/site-packages/discord/client.py", line 465, in _run_event
    await coro(*args, **kwargs)
  File "/app/asu_discord/cogs/analytics.py", line 652, in on_member_update
    before_timeout = before.timed_out_until
                     ^^^^^^^^^^^^^^^^^^^^^^
AttributeError: 'Member' object has no attribute 'timed_out_until'
Ignoring exception in on_member_update
Traceback (most recent call last):
  File "/usr/local/lib/python3.12/site-packages/discord/client.py", line 465, in _run_event
    await coro(*args, **kwargs)
  File "/app/asu_discord/cogs/analytics.py", line 652, in on_member_update
    before_timeout = before.timed_out_until
                     ^^^^^^^^^^^^^^^^^^^^^^
AttributeError: 'Member' object has no attribute 'timed_out_until'
Ignoring exception in on_member_update
Traceback (most recent call last):
  File "/usr/local/lib/python3.12/site-packages/discord/client.py", line 465, in _run_event
    await coro(*args, **kwargs)
  File "/app/asu_discord/cogs/analytics.py", line 652, in on_member_update
    before_timeout = before.timed_out_until
                     ^^^^^^^^^^^^^^^^^^^^^^
AttributeError: 'Member' object has no attribute 'timed_out_until'
INFO:asu_discord.cogs.verification:Saved 4 roles to database for user mbaterde (Discord ID: 1492787561821634570)
INFO:asu_discord.cogs.verification:Refreshed Salesforce roles for Discord user 1492787561821634570: -4/+4 roles, assigned=[College of Global Futures, Graduate Student, International Student, Tempe]
Ignoring exception in on_member_update
Traceback (most recent call last):
  File "/usr/local/lib/python3.12/site-packages/discord/client.py", line 465, in _run_event
    await coro(*args, **kwargs)
  File "/app/asu_discord/cogs/analytics.py", line 652, in on_member_update
    before_timeout = before.timed_out_until
                     ^^^^^^^^^^^^^^^^^^^^^^
AttributeError: 'Member' object has no attribute 'timed_out_until'
Ignoring exception in on_member_update
Traceback (most recent call last):
  File "/usr/local/lib/python3.12/site-packages/discord/client.py", line 465, in _run_event
    await coro(*args, **kwargs)
  File "/app/asu_discord/cogs/analytics.py", line 652, in on_member_update
    before_timeout = before.timed_out_until
                     ^^^^^^^^^^^^^^^^^^^^^^
AttributeError: 'Member' object has no attribute 'timed_out_until'
Ignoring exception in on_member_update
Traceback (most recent call last):
  File "/usr/local/lib/python3.12/site-packages/discord/client.py", line 465, in _run_event
    await coro(*args, **kwargs)
  File "/app/asu_discord/cogs/analytics.py", line 652, in on_member_update
    before_timeout = before.timed_out_until
                     ^^^^^^^^^^^^^^^^^^^^^^
AttributeError: 'Member' object has no attribute 'timed_out_until'
Ignoring exception in on_member_update
Traceback (most recent call last):
  File "/usr/local/lib/python3.12/site-packages/discord/client.py", line 465, in _run_event
    await coro(*args, **kwargs)
  File "/app/asu_discord/cogs/analytics.py", line 652, in on_member_update
    before_timeout = before.timed_out_until
                     ^^^^^^^^^^^^^^^^^^^^^^
AttributeError: 'Member' object has no attribute 'timed_out_until'
Ignoring exception in on_member_update
Traceback (most recent call last):
  File "/usr/local/lib/python3.12/site-packages/discord/client.py", line 465, in _run_event
    await coro(*args, **kwargs)
  File "/app/asu_discord/cogs/analytics.py", line 652, in on_member_update
    before_timeout = before.timed_out_until
                     ^^^^^^^^^^^^^^^^^^^^^^
AttributeError: 'Member' object has no attribute 'timed_out_until'
Ignoring exception in on_member_update
Traceback (most recent call last):
  File "/usr/local/lib/python3.12/site-packages/discord/client.py", line 465, in _run_event
    await coro(*args, **kwargs)
  File "/app/asu_discord/cogs/analytics.py", line 652, in on_member_update
    before_timeout = before.timed_out_until
                     ^^^^^^^^^^^^^^^^^^^^^^
AttributeError: 'Member' object has no attribute 'timed_out_until'
Ignoring exception in on_member_update
Traceback (most recent call last):
  File "/usr/local/lib/python3.12/site-packages/discord/client.py", line 465, in _run_event
    await coro(*args, **kwargs)
  File "/app/asu_discord/cogs/analytics.py", line 652, in on_member_update
    before_timeout = before.timed_out_until
                     ^^^^^^^^^^^^^^^^^^^^^^
AttributeError: 'Member' object has no attribute 'timed_out_until'
Ignoring exception in on_member_update
Traceback (most recent call last):
  File "/usr/local/lib/python3.12/site-packages/discord/client.py", line 465, in _run_event
    await coro(*args, **kwargs)
  File "/app/asu_discord/cogs/analytics.py", line 652, in on_member_update
    before_timeout = before.timed_out_until
                     ^^^^^^^^^^^^^^^^^^^^^^
AttributeError: 'Member' object has no attribute 'timed_out_until'
Ignoring exception in on_member_update
Traceback (most recent call last):
  File "/usr/local/lib/python3.12/site-packages/discord/client.py", line 465, in _run_event
    await coro(*args, **kwargs)
  File "/app/asu_discord/cogs/analytics.py", line 652, in on_member_update
    before_timeout = before.timed_out_until
                     ^^^^^^^^^^^^^^^^^^^^^^
AttributeError: 'Member' object has no attribute 'timed_out_until'
Ignoring exception in on_member_update
Traceback (most recent call last):
  File "/usr/local/lib/python3.12/site-packages/discord/client.py", line 465, in _run_event
    await coro(*args, **kwargs)
  File "/app/asu_discord/cogs/analytics.py", line 652, in on_member_update
    before_timeout = before.timed_out_until
                     ^^^^^^^^^^^^^^^^^^^^^^
AttributeError: 'Member' object has no attribute 'timed_out_until'
INFO:asu_discord.cogs.verification:Saved 5 roles to database for user zhuodon1 (Discord ID: 725401723484635239)
INFO:asu_discord.cogs.verification:Refreshed Salesforce roles for Discord user 725401723484635239: -5/+5 roles, assigned=[Commited, First Year, International Student, Ira A. Fulton Schools of Engineering, Tempe]
Ignoring exception in on_member_update
Traceback (most recent call last):
  File "/usr/local/lib/python3.12/site-packages/discord/client.py", line 465, in _run_event
    await coro(*args, **kwargs)
  File "/app/asu_discord/cogs/analytics.py", line 652, in on_member_update
    before_timeout = before.timed_out_until
                     ^^^^^^^^^^^^^^^^^^^^^^
AttributeError: 'Member' object has no attribute 'timed_out_until'
Ignoring exception in on_member_update
Traceback (most recent call last):
  File "/usr/local/lib/python3.12/site-packages/discord/client.py", line 465, in _run_event
    await coro(*args, **kwargs)
  File "/app/asu_discord/cogs/analytics.py", line 652, in on_member_update
    before_timeout = before.timed_out_until
                     ^^^^^^^^^^^^^^^^^^^^^^
AttributeError: 'Member' object has no attribute 'timed_out_until'
Ignoring exception in on_member_update
Traceback (most recent call last):
  File "/usr/local/lib/python3.12/site-packages/discord/client.py", line 465, in _run_event
    await coro(*args, **kwargs)
  File "/app/asu_discord/cogs/analytics.py", line 652, in on_member_update
    before_timeout = before.timed_out_until
                     ^^^^^^^^^^^^^^^^^^^^^^
AttributeError: 'Member' object has no attribute 'timed_out_until'
Ignoring exception in on_member_update
Traceback (most recent call last):
  File "/usr/local/lib/python3.12/site-packages/discord/client.py", line 465, in _run_event
    await coro(*args, **kwargs)
  File "/app/asu_discord/cogs/analytics.py", line 652, in on_member_update
    before_timeout = before.timed_out_until
                     ^^^^^^^^^^^^^^^^^^^^^^
AttributeError: 'Member' object has no attribute 'timed_out_until'
Ignoring exception in on_member_update
Traceback (most recent call last):
  File "/usr/local/lib/python3.12/site-packages/discord/client.py", line 465, in _run_event
    await coro(*args, **kwargs)
  File "/app/asu_discord/cogs/analytics.py", line 652, in on_member_update
    before_timeout = before.timed_out_until
                     ^^^^^^^^^^^^^^^^^^^^^^
AttributeError: 'Member' object has no attribute 'timed_out_until'
Ignoring exception in on_member_update
Traceback (most recent call last):
  File "/usr/local/lib/python3.12/site-packages/discord/client.py", line 465, in _run_event
    await coro(*args, **kwargs)
  File "/app/asu_discord/cogs/analytics.py", line 652, in on_member_update
    before_timeout = before.timed_out_until
                     ^^^^^^^^^^^^^^^^^^^^^^
AttributeError: 'Member' object has no attribute 'timed_out_until'
Ignoring exception in on_member_update
Traceback (most recent call last):
  File "/usr/local/lib/python3.12/site-packages/discord/client.py", line 465, in _run_event
    await coro(*args, **kwargs)
  File "/app/asu_discord/cogs/analytics.py", line 652, in on_member_update
    before_timeout = before.timed_out_until
                     ^^^^^^^^^^^^^^^^^^^^^^
AttributeError: 'Member' object has no attribute 'timed_out_until'
Ignoring exception in on_member_update
Traceback (most recent call last):
  File "/usr/local/lib/python3.12/site-packages/discord/client.py", line 465, in _run_event
    await coro(*args, **kwargs)
  File "/app/asu_discord/cogs/analytics.py", line 652, in on_member_update
    before_timeout = before.timed_out_until
                     ^^^^^^^^^^^^^^^^^^^^^^
AttributeError: 'Member' object has no attribute 'timed_out_until'
Ignoring exception in on_member_update
Traceback (most recent call last):
  File "/usr/local/lib/python3.12/site-packages/discord/client.py", line 465, in _run_event
    await coro(*args, **kwargs)
  File "/app/asu_discord/cogs/analytics.py", line 652, in on_member_update
    before_timeout = before.timed_out_until
                     ^^^^^^^^^^^^^^^^^^^^^^
AttributeError: 'Member' object has no attribute 'timed_out_until'
INFO:asu_discord.cogs.verification:Saved 5 roles to database for user mjvojtek (Discord ID: 808201852810297354)
INFO:asu_discord.cogs.verification:Refreshed Salesforce roles for Discord user 808201852810297354: -4/+5 roles, assigned=[Arizona Resident, College of Health Solutions, Commited, Downtown Phoenix, Transfer Student]
Ignoring exception in on_member_update
Traceback (most recent call last):
  File "/usr/local/lib/python3.12/site-packages/discord/client.py", line 465, in _run_event
    await coro(*args, **kwargs)
  File "/app/asu_discord/cogs/analytics.py", line 652, in on_member_update
    before_timeout = before.timed_out_until
                     ^^^^^^^^^^^^^^^^^^^^^^
AttributeError: 'Member' object has no attribute 'timed_out_until'
Ignoring exception in on_member_update
Traceback (most recent call last):
  File "/usr/local/lib/python3.12/site-packages/discord/client.py", line 465, in _run_event
    await coro(*args, **kwargs)
  File "/app/asu_discord/cogs/analytics.py", line 652, in on_member_update
    before_timeout = before.timed_out_until
                     ^^^^^^^^^^^^^^^^^^^^^^
AttributeError: 'Member' object has no attribute 'timed_out_until'
Ignoring exception in on_member_update
Traceback (most recent call last):
  File "/usr/local/lib/python3.12/site-packages/discord/client.py", line 465, in _run_event
    await coro(*args, **kwargs)
  File "/app/asu_discord/cogs/analytics.py", line 652, in on_member_update
    before_timeout = before.timed_out_until
                     ^^^^^^^^^^^^^^^^^^^^^^
AttributeError: 'Member' object has no attribute 'timed_out_until'
Ignoring exception in on_member_update
Traceback (most recent call last):
  File "/usr/local/lib/python3.12/site-packages/discord/client.py", line 465, in _run_event
    await coro(*args, **kwargs)
  File "/app/asu_discord/cogs/analytics.py", line 652, in on_member_update
    before_timeout = before.timed_out_until
                     ^^^^^^^^^^^^^^^^^^^^^^
AttributeError: 'Member' object has no attribute 'timed_out_until'
Ignoring exception in on_member_update
Traceback (most recent call last):
  File "/usr/local/lib/python3.12/site-packages/discord/client.py", line 465, in _run_event
    await coro(*args, **kwargs)
  File "/app/asu_discord/cogs/analytics.py", line 652, in on_member_update
    before_timeout = before.timed_out_until
                     ^^^^^^^^^^^^^^^^^^^^^^
AttributeError: 'Member' object has no attribute 'timed_out_until'
Ignoring exception in on_member_update
Traceback (most recent call last):
  File "/usr/local/lib/python3.12/site-packages/discord/client.py", line 465, in _run_event
    await coro(*args, **kwargs)
  File "/app/asu_discord/cogs/analytics.py", line 652, in on_member_update
    before_timeout = before.timed_out_until
                     ^^^^^^^^^^^^^^^^^^^^^^
AttributeError: 'Member' object has no attribute 'timed_out_until'
Ignoring exception in on_member_update
Traceback (most recent call last):
  File "/usr/local/lib/python3.12/site-packages/discord/client.py", line 465, in _run_event
    await coro(*args, **kwargs)
  File "/app/asu_discord/cogs/analytics.py", line 652, in on_member_update
    before_timeout = before.timed_out_until
                     ^^^^^^^^^^^^^^^^^^^^^^
AttributeError: 'Member' object has no attribute 'timed_out_until'
Ignoring exception in on_member_update
Traceback (most recent call last):
  File "/usr/local/lib/python3.12/site-packages/discord/client.py", line 465, in _run_event
    await coro(*args, **kwargs)
  File "/app/asu_discord/cogs/analytics.py", line 652, in on_member_update
    before_timeout = before.timed_out_until
                     ^^^^^^^^^^^^^^^^^^^^^^
AttributeError: 'Member' object has no attribute 'timed_out_until'
Ignoring exception in on_member_update
Traceback (most recent call last):
  File "/usr/local/lib/python3.12/site-packages/discord/client.py", line 465, in _run_event
    await coro(*args, **kwargs)
  File "/app/asu_discord/cogs/analytics.py", line 652, in on_member_update
    before_timeout = before.timed_out_until
                     ^^^^^^^^^^^^^^^^^^^^^^
AttributeError: 'Member' object has no attribute 'timed_out_until'
Ignoring exception in on_member_update
Traceback (most recent call last):
  File "/usr/local/lib/python3.12/site-packages/discord/client.py", line 465, in _run_event
    await coro(*args, **kwargs)
  File "/app/asu_discord/cogs/analytics.py", line 652, in on_member_update
    before_timeout = before.timed_out_until
                     ^^^^^^^^^^^^^^^^^^^^^^
AttributeError: 'Member' object has no attribute 'timed_out_until'
INFO:asu_discord.cogs.verification:Saved 5 roles to database for user salnahar (Discord ID: 1492876420903469076)
INFO:asu_discord.cogs.verification:Refreshed Salesforce roles for Discord user 1492876420903469076: -5/+5 roles, assigned=[Commited, First Year, International Student, Tempe, W.P. Carey School of Business]
Ignoring exception in on_member_update
Traceback (most recent call last):
  File "/usr/local/lib/python3.12/site-packages/discord/client.py", line 465, in _run_event
    await coro(*args, **kwargs)
  File "/app/asu_discord/cogs/analytics.py", line 652, in on_member_update
    before_timeout = before.timed_out_until
                     ^^^^^^^^^^^^^^^^^^^^^^
AttributeError: 'Member' object has no attribute 'timed_out_until'
Ignoring exception in on_member_update
Traceback (most recent call last):
  File "/usr/local/lib/python3.12/site-packages/discord/client.py", line 465, in _run_event
    await coro(*args, **kwargs)
  File "/app/asu_discord/cogs/analytics.py", line 652, in on_member_update
    before_timeout = before.timed_out_until
                     ^^^^^^^^^^^^^^^^^^^^^^
AttributeError: 'Member' object has no attribute 'timed_out_until'
Ignoring exception in on_member_update
Traceback (most recent call last):
  File "/usr/local/lib/python3.12/site-packages/discord/client.py", line 465, in _run_event
    await coro(*args, **kwargs)
  File "/app/asu_discord/cogs/analytics.py", line 652, in on_member_update
    before_timeout = before.timed_out_until
                     ^^^^^^^^^^^^^^^^^^^^^^
AttributeError: 'Member' object has no attribute 'timed_out_until'
Ignoring exception in on_member_update
Traceback (most recent call last):
  File "/usr/local/lib/python3.12/site-packages/discord/client.py", line 465, in _run_event
    await coro(*args, **kwargs)
  File "/app/asu_discord/cogs/analytics.py", line 652, in on_member_update
    before_timeout = before.timed_out_until
                     ^^^^^^^^^^^^^^^^^^^^^^
AttributeError: 'Member' object has no attribute 'timed_out_until'
Ignoring exception in on_member_update
Traceback (most recent call last):
  File "/usr/local/lib/python3.12/site-packages/discord/client.py", line 465, in _run_event
    await coro(*args, **kwargs)
  File "/app/asu_discord/cogs/analytics.py", line 652, in on_member_update
    before_timeout = before.timed_out_until
                     ^^^^^^^^^^^^^^^^^^^^^^
AttributeError: 'Member' object has no attribute 'timed_out_until'
Ignoring exception in on_member_update
Traceback (most recent call last):
  File "/usr/local/lib/python3.12/site-packages/discord/client.py", line 465, in _run_event
    await coro(*args, **kwargs)
  File "/app/asu_discord/cogs/analytics.py", line 652, in on_member_update
    before_timeout = before.timed_out_until
                     ^^^^^^^^^^^^^^^^^^^^^^
AttributeError: 'Member' object has no attribute 'timed_out_until'
Ignoring exception in on_member_update
Traceback (most recent call last):
  File "/usr/local/lib/python3.12/site-packages/discord/client.py", line 465, in _run_event
    await coro(*args, **kwargs)
  File "/app/asu_discord/cogs/analytics.py", line 652, in on_member_update
    before_timeout = before.timed_out_until
                     ^^^^^^^^^^^^^^^^^^^^^^
AttributeError: 'Member' object has no attribute 'timed_out_until'
Ignoring exception in on_member_update
Traceback (most recent call last):
  File "/usr/local/lib/python3.12/site-packages/discord/client.py", line 465, in _run_event
    await coro(*args, **kwargs)
  File "/app/asu_discord/cogs/analytics.py", line 652, in on_member_update
    before_timeout = before.timed_out_until
                     ^^^^^^^^^^^^^^^^^^^^^^
AttributeError: 'Member' object has no attribute 'timed_out_until'
Ignoring exception in on_member_update
Traceback (most recent call last):
  File "/usr/local/lib/python3.12/site-packages/discord/client.py", line 465, in _run_event
    await coro(*args, **kwargs)
  File "/app/asu_discord/cogs/analytics.py", line 652, in on_member_update
    before_timeout = before.timed_out_until
                     ^^^^^^^^^^^^^^^^^^^^^^
AttributeError: 'Member' object has no attribute 'timed_out_until'
Ignoring exception in on_member_update
Traceback (most recent call last):
  File "/usr/local/lib/python3.12/site-packages/discord/client.py", line 465, in _run_event
    await coro(*args, **kwargs)
  File "/app/asu_discord/cogs/analytics.py", line 652, in on_member_update
    before_timeout = before.timed_out_until
                     ^^^^^^^^^^^^^^^^^^^^^^
AttributeError: 'Member' object has no attribute 'timed_out_until'
INFO:asu_discord.cogs.verification:Saved 5 roles to database for user oelsawy (Discord ID: 1153370428815986730)
INFO:asu_discord.cogs.verification:Refreshed Salesforce roles for Discord user 1153370428815986730: -5/+5 roles, assigned=[Commited, First Year, International Student, Ira A. Fulton Schools of Engineering, Tempe]
Ignoring exception in on_member_update
Traceback (most recent call last):
  File "/usr/local/lib/python3.12/site-packages/discord/client.py", line 465, in _run_event
    await coro(*args, **kwargs)
  File "/app/asu_discord/cogs/analytics.py", line 652, in on_member_update
    before_timeout = before.timed_out_until
                     ^^^^^^^^^^^^^^^^^^^^^^
AttributeError: 'Member' object has no attribute 'timed_out_until'
Ignoring exception in on_member_update
Traceback (most recent call last):
  File "/usr/local/lib/python3.12/site-packages/discord/client.py", line 465, in _run_event
    await coro(*args, **kwargs)
  File "/app/asu_discord/cogs/analytics.py", line 652, in on_member_update
    before_timeout = before.timed_out_until
                     ^^^^^^^^^^^^^^^^^^^^^^
AttributeError: 'Member' object has no attribute 'timed_out_until'
Ignoring exception in on_member_update
Traceback (most recent call last):
  File "/usr/local/lib/python3.12/site-packages/discord/client.py", line 465, in _run_event
    await coro(*args, **kwargs)
  File "/app/asu_discord/cogs/analytics.py", line 652, in on_member_update
    before_timeout = before.timed_out_until
                     ^^^^^^^^^^^^^^^^^^^^^^
AttributeError: 'Member' object has no attribute 'timed_out_until'
Ignoring exception in on_member_update
Traceback (most recent call last):
  File "/usr/local/lib/python3.12/site-packages/discord/client.py", line 465, in _run_event
    await coro(*args, **kwargs)
  File "/app/asu_discord/cogs/analytics.py", line 652, in on_member_update
    before_timeout = before.timed_out_until
                     ^^^^^^^^^^^^^^^^^^^^^^
AttributeError: 'Member' object has no attribute 'timed_out_until'
Ignoring exception in on_member_update
Traceback (most recent call last):
  File "/usr/local/lib/python3.12/site-packages/discord/client.py", line 465, in _run_event
    await coro(*args, **kwargs)
  File "/app/asu_discord/cogs/analytics.py", line 652, in on_member_update
    before_timeout = before.timed_out_until
                     ^^^^^^^^^^^^^^^^^^^^^^
AttributeError: 'Member' object has no attribute 'timed_out_until'
Ignoring exception in on_member_update
Traceback (most recent call last):
  File "/usr/local/lib/python3.12/site-packages/discord/client.py", line 465, in _run_event
    await coro(*args, **kwargs)
  File "/app/asu_discord/cogs/analytics.py", line 652, in on_member_update
    before_timeout = before.timed_out_until
                     ^^^^^^^^^^^^^^^^^^^^^^
AttributeError: 'Member' object has no attribute 'timed_out_until'
Ignoring exception in on_member_update
Traceback (most recent call last):
  File "/usr/local/lib/python3.12/site-packages/discord/client.py", line 465, in _run_event
    await coro(*args, **kwargs)
  File "/app/asu_discord/cogs/analytics.py", line 652, in on_member_update
    before_timeout = before.timed_out_until
                     ^^^^^^^^^^^^^^^^^^^^^^
AttributeError: 'Member' object has no attribute 'timed_out_until'
Ignoring exception in on_member_update
Traceback (most recent call last):
  File "/usr/local/lib/python3.12/site-packages/discord/client.py", line 465, in _run_event
    await coro(*args, **kwargs)
  File "/app/asu_discord/cogs/analytics.py", line 652, in on_member_update
    before_timeout = before.timed_out_until
                     ^^^^^^^^^^^^^^^^^^^^^^
AttributeError: 'Member' object has no attribute 'timed_out_until'
Ignoring exception in on_member_update
Traceback (most recent call last):
  File "/usr/local/lib/python3.12/site-packages/discord/client.py", line 465, in _run_event
    await coro(*args, **kwargs)
  File "/app/asu_discord/cogs/analytics.py", line 652, in on_member_update
    before_timeout = before.timed_out_until
                     ^^^^^^^^^^^^^^^^^^^^^^
AttributeError: 'Member' object has no attribute 'timed_out_until'
Ignoring exception in on_member_update
Traceback (most recent call last):
  File "/usr/local/lib/python3.12/site-packages/discord/client.py", line 465, in _run_event
    await coro(*args, **kwargs)
  File "/app/asu_discord/cogs/analytics.py", line 652, in on_member_update
    before_timeout = before.timed_out_until
                     ^^^^^^^^^^^^^^^^^^^^^^
AttributeError: 'Member' object has no attribute 'timed_out_until'
Ignoring exception in on_member_update
Traceback (most recent call last):
  File "/usr/local/lib/python3.12/site-packages/discord/client.py", line 465, in _run_event
    await coro(*args, **kwargs)
  File "/app/asu_discord/cogs/analytics.py", line 652, in on_member_update
    before_timeout = before.timed_out_until
                     ^^^^^^^^^^^^^^^^^^^^^^
AttributeError: 'Member' object has no attribute 'timed_out_until'
INFO:asu_discord.cogs.verification:Saved 5 roles to database for user tdasari2 (Discord ID: 1492765602710945906)
INFO:asu_discord.cogs.verification:Refreshed Salesforce roles for Discord user 1492765602710945906: -5/+5 roles, assigned=[Commited, Graduate Student, International Student, Ira A. Fulton Schools of Engineering, Tempe]
Ignoring exception in on_member_update
Traceback (most recent call last):
  File "/usr/local/lib/python3.12/site-packages/discord/client.py", line 465, in _run_event
    await coro(*args, **kwargs)
  File "/app/asu_discord/cogs/analytics.py", line 652, in on_member_update
    before_timeout = before.timed_out_until
                     ^^^^^^^^^^^^^^^^^^^^^^
AttributeError: 'Member' object has no attribute 'timed_out_until'
Ignoring exception in on_member_update
Traceback (most recent call last):
  File "/usr/local/lib/python3.12/site-packages/discord/client.py", line 465, in _run_event
    await coro(*args, **kwargs)
  File "/app/asu_discord/cogs/analytics.py", line 652, in on_member_update
    before_timeout = before.timed_out_until
                     ^^^^^^^^^^^^^^^^^^^^^^
AttributeError: 'Member' object has no attribute 'timed_out_until'
Ignoring exception in on_member_update
Traceback (most recent call last):
  File "/usr/local/lib/python3.12/site-packages/discord/client.py", line 465, in _run_event
    await coro(*args, **kwargs)
  File "/app/asu_discord/cogs/analytics.py", line 652, in on_member_update
    before_timeout = before.timed_out_until
                     ^^^^^^^^^^^^^^^^^^^^^^
AttributeError: 'Member' object has no attribute 'timed_out_until'
Ignoring exception in on_member_update
Traceback (most recent call last):
  File "/usr/local/lib/python3.12/site-packages/discord/client.py", line 465, in _run_event
    await coro(*args, **kwargs)
  File "/app/asu_discord/cogs/analytics.py", line 652, in on_member_update
    before_timeout = before.timed_out_until
                     ^^^^^^^^^^^^^^^^^^^^^^
AttributeError: 'Member' object has no attribute 'timed_out_until'
Ignoring exception in on_member_update
Traceback (most recent call last):
  File "/usr/local/lib/python3.12/site-packages/discord/client.py", line 465, in _run_event
    await coro(*args, **kwargs)
  File "/app/asu_discord/cogs/analytics.py", line 652, in on_member_update
    before_timeout = before.timed_out_until
                     ^^^^^^^^^^^^^^^^^^^^^^
AttributeError: 'Member' object has no attribute 'timed_out_until'
Ignoring exception in on_member_update
Traceback (most recent call last):
  File "/usr/local/lib/python3.12/site-packages/discord/client.py", line 465, in _run_event
    await coro(*args, **kwargs)
  File "/app/asu_discord/cogs/analytics.py", line 652, in on_member_update
    before_timeout = before.timed_out_until
                     ^^^^^^^^^^^^^^^^^^^^^^
AttributeError: 'Member' object has no attribute 'timed_out_until'
Ignoring exception in on_member_update
Traceback (most recent call last):
  File "/usr/local/lib/python3.12/site-packages/discord/client.py", line 465, in _run_event
    await coro(*args, **kwargs)
  File "/app/asu_discord/cogs/analytics.py", line 652, in on_member_update
    before_timeout = before.timed_out_until
                     ^^^^^^^^^^^^^^^^^^^^^^
AttributeError: 'Member' object has no attribute 'timed_out_until'
Ignoring exception in on_member_update
Traceback (most recent call last):
  File "/usr/local/lib/python3.12/site-packages/discord/client.py", line 465, in _run_event
    await coro(*args, **kwargs)
  File "/app/asu_discord/cogs/analytics.py", line 652, in on_member_update
    before_timeout = before.timed_out_until
                     ^^^^^^^^^^^^^^^^^^^^^^
AttributeError: 'Member' object has no attribute 'timed_out_until'
Ignoring exception in on_member_update
Traceback (most recent call last):
  File "/usr/local/lib/python3.12/site-packages/discord/client.py", line 465, in _run_event
    await coro(*args, **kwargs)
  File "/app/asu_discord/cogs/analytics.py", line 652, in on_member_update
    before_timeout = before.timed_out_until
                     ^^^^^^^^^^^^^^^^^^^^^^
AttributeError: 'Member' object has no attribute 'timed_out_until'
INFO:asu_discord.cogs.verification:Saved 5 roles to database for user dpanch24 (Discord ID: 1275139995551924258)
INFO:asu_discord.cogs.verification:Refreshed Salesforce roles for Discord user 1275139995551924258: -5/+4 roles, assigned=[Commited, Graduate Student, International Student, Ira A. Fulton Schools of Engineering, Tempe]
INFO:asu_discord.cogs.verification:Refreshed Salesforce roles for Discord user 705742235303673896: -0/+0 roles, assigned=[none]
Ignoring exception in on_member_update
Traceback (most recent call last):
  File "/usr/local/lib/python3.12/site-packages/discord/client.py", line 465, in _run_event
    await coro(*args, **kwargs)
  File "/app/asu_discord/cogs/analytics.py", line 652, in on_member_update
    before_timeout = before.timed_out_until
                     ^^^^^^^^^^^^^^^^^^^^^^
AttributeError: 'Member' object has no attribute 'timed_out_until'
Ignoring exception in on_member_update
Traceback (most recent call last):
  File "/usr/local/lib/python3.12/site-packages/discord/client.py", line 465, in _run_event
    await coro(*args, **kwargs)
  File "/app/asu_discord/cogs/analytics.py", line 652, in on_member_update
    before_timeout = before.timed_out_until
                     ^^^^^^^^^^^^^^^^^^^^^^
AttributeError: 'Member' object has no attribute 'timed_out_until'
Ignoring exception in on_member_update
Traceback (most recent call last):
  File "/usr/local/lib/python3.12/site-packages/discord/client.py", line 465, in _run_event
    await coro(*args, **kwargs)
  File "/app/asu_discord/cogs/analytics.py", line 652, in on_member_update
    before_timeout = before.timed_out_until
                     ^^^^^^^^^^^^^^^^^^^^^^
AttributeError: 'Member' object has no attribute 'timed_out_until'
Ignoring exception in on_member_update
Traceback (most recent call last):
  File "/usr/local/lib/python3.12/site-packages/discord/client.py", line 465, in _run_event
    await coro(*args, **kwargs)
  File "/app/asu_discord/cogs/analytics.py", line 652, in on_member_update
    before_timeout = before.timed_out_until
                     ^^^^^^^^^^^^^^^^^^^^^^
AttributeError: 'Member' object has no attribute 'timed_out_until'
Ignoring exception in on_member_update
Traceback (most recent call last):
  File "/usr/local/lib/python3.12/site-packages/discord/client.py", line 465, in _run_event
    await coro(*args, **kwargs)
  File "/app/asu_discord/cogs/analytics.py", line 652, in on_member_update
    before_timeout = before.timed_out_until
                     ^^^^^^^^^^^^^^^^^^^^^^
AttributeError: 'Member' object has no attribute 'timed_out_until'
Ignoring exception in on_member_update
Traceback (most recent call last):
  File "/usr/local/lib/python3.12/site-packages/discord/client.py", line 465, in _run_event
    await coro(*args, **kwargs)
  File "/app/asu_discord/cogs/analytics.py", line 652, in on_member_update
    before_timeout = before.timed_out_until
                     ^^^^^^^^^^^^^^^^^^^^^^
AttributeError: 'Member' object has no attribute 'timed_out_until'
Ignoring exception in on_member_update
Traceback (most recent call last):
  File "/usr/local/lib/python3.12/site-packages/discord/client.py", line 465, in _run_event
    await coro(*args, **kwargs)
  File "/app/asu_discord/cogs/analytics.py", line 652, in on_member_update
    before_timeout = before.timed_out_until
                     ^^^^^^^^^^^^^^^^^^^^^^
AttributeError: 'Member' object has no attribute 'timed_out_until'
Ignoring exception in on_member_update
Traceback (most recent call last):
  File "/usr/local/lib/python3.12/site-packages/discord/client.py", line 465, in _run_event
    await coro(*args, **kwargs)
  File "/app/asu_discord/cogs/analytics.py", line 652, in on_member_update
    before_timeout = before.timed_out_until
                     ^^^^^^^^^^^^^^^^^^^^^^
AttributeError: 'Member' object has no attribute 'timed_out_until'
Ignoring exception in on_member_update
Traceback (most recent call last):
  File "/usr/local/lib/python3.12/site-packages/discord/client.py", line 465, in _run_event
    await coro(*args, **kwargs)
  File "/app/asu_discord/cogs/analytics.py", line 652, in on_member_update
    before_timeout = before.timed_out_until
                     ^^^^^^^^^^^^^^^^^^^^^^
AttributeError: 'Member' object has no attribute 'timed_out_until'
Ignoring exception in on_member_update
Traceback (most recent call last):
  File "/usr/local/lib/python3.12/site-packages/discord/client.py", line 465, in _run_event
    await coro(*args, **kwargs)
  File "/app/asu_discord/cogs/analytics.py", line 652, in on_member_update
    before_timeout = before.timed_out_until
                     ^^^^^^^^^^^^^^^^^^^^^^
AttributeError: 'Member' object has no attribute 'timed_out_until'
INFO:asu_discord.cogs.verification:Saved 5 roles to database for user mwlewis6 (Discord ID: 1492960610877571073)
INFO:asu_discord.cogs.verification:Refreshed Salesforce roles for Discord user 1492960610877571073: -5/+5 roles, assigned=[Commited, First Year, Ira A. Fulton Schools of Engineering, Out of State, Polytechnic]
Ignoring exception in on_member_update
Traceback (most recent call last):
  File "/usr/local/lib/python3.12/site-packages/discord/client.py", line 465, in _run_event
    await coro(*args, **kwargs)
  File "/app/asu_discord/cogs/analytics.py", line 652, in on_member_update
    before_timeout = before.timed_out_until
                     ^^^^^^^^^^^^^^^^^^^^^^
AttributeError: 'Member' object has no attribute 'timed_out_until'
Ignoring exception in on_member_update
Traceback (most recent call last):
  File "/usr/local/lib/python3.12/site-packages/discord/client.py", line 465, in _run_event
    await coro(*args, **kwargs)
  File "/app/asu_discord/cogs/analytics.py", line 652, in on_member_update
    before_timeout = before.timed_out_until
                     ^^^^^^^^^^^^^^^^^^^^^^
AttributeError: 'Member' object has no attribute 'timed_out_until'
Ignoring exception in on_member_update
Traceback (most recent call last):
  File "/usr/local/lib/python3.12/site-packages/discord/client.py", line 465, in _run_event
    await coro(*args, **kwargs)
  File "/app/asu_discord/cogs/analytics.py", line 652, in on_member_update
    before_timeout = before.timed_out_until
                     ^^^^^^^^^^^^^^^^^^^^^^
AttributeError: 'Member' object has no attribute 'timed_out_until'
Ignoring exception in on_member_update
Traceback (most recent call last):
  File "/usr/local/lib/python3.12/site-packages/discord/client.py", line 465, in _run_event
    await coro(*args, **kwargs)
  File "/app/asu_discord/cogs/analytics.py", line 652, in on_member_update
    before_timeout = before.timed_out_until
                     ^^^^^^^^^^^^^^^^^^^^^^
AttributeError: 'Member' object has no attribute 'timed_out_until'
Ignoring exception in on_member_update
Traceback (most recent call last):
  File "/usr/local/lib/python3.12/site-packages/discord/client.py", line 465, in _run_event
    await coro(*args, **kwargs)
  File "/app/asu_discord/cogs/analytics.py", line 652, in on_member_update
    before_timeout = before.timed_out_until
                     ^^^^^^^^^^^^^^^^^^^^^^
AttributeError: 'Member' object has no attribute 'timed_out_until'
Ignoring exception in on_member_update
Traceback (most recent call last):
  File "/usr/local/lib/python3.12/site-packages/discord/client.py", line 465, in _run_event
    await coro(*args, **kwargs)
  File "/app/asu_discord/cogs/analytics.py", line 652, in on_member_update
    before_timeout = before.timed_out_until
                     ^^^^^^^^^^^^^^^^^^^^^^
AttributeError: 'Member' object has no attribute 'timed_out_until'
Ignoring exception in on_member_update
Traceback (most recent call last):
  File "/usr/local/lib/python3.12/site-packages/discord/client.py", line 465, in _run_event
    await coro(*args, **kwargs)
  File "/app/asu_discord/cogs/analytics.py", line 652, in on_member_update
    before_timeout = before.timed_out_until
                     ^^^^^^^^^^^^^^^^^^^^^^
AttributeError: 'Member' object has no attribute 'timed_out_until'
Ignoring exception in on_member_update
Traceback (most recent call last):
  File "/usr/local/lib/python3.12/site-packages/discord/client.py", line 465, in _run_event
    await coro(*args, **kwargs)
  File "/app/asu_discord/cogs/analytics.py", line 652, in on_member_update
    before_timeout = before.timed_out_until
                     ^^^^^^^^^^^^^^^^^^^^^^
AttributeError: 'Member' object has no attribute 'timed_out_until'
Ignoring exception in on_member_update
Traceback (most recent call last):
  File "/usr/local/lib/python3.12/site-packages/discord/client.py", line 465, in _run_event
    await coro(*args, **kwargs)
  File "/app/asu_discord/cogs/analytics.py", line 652, in on_member_update
    before_timeout = before.timed_out_until
                     ^^^^^^^^^^^^^^^^^^^^^^
AttributeError: 'Member' object has no attribute 'timed_out_until'
Ignoring exception in on_member_update
Traceback (most recent call last):
  File "/usr/local/lib/python3.12/site-packages/discord/client.py", line 465, in _run_event
    await coro(*args, **kwargs)
  File "/app/asu_discord/cogs/analytics.py", line 652, in on_member_update
    before_timeout = before.timed_out_until
                     ^^^^^^^^^^^^^^^^^^^^^^
AttributeError: 'Member' object has no attribute 'timed_out_until'
INFO:asu_discord.cogs.verification:Saved 5 roles to database for user lyango (Discord ID: 1007412722926882867)
INFO:asu_discord.cogs.verification:Refreshed Salesforce roles for Discord user 1007412722926882867: -5/+5 roles, assigned=[Arizona Resident, Commited, First Year, Ira A. Fulton Schools of Engineering, Tempe]
Ignoring exception in on_member_update
Traceback (most recent call last):
  File "/usr/local/lib/python3.12/site-packages/discord/client.py", line 465, in _run_event
    await coro(*args, **kwargs)
  File "/app/asu_discord/cogs/analytics.py", line 652, in on_member_update
    before_timeout = before.timed_out_until
                     ^^^^^^^^^^^^^^^^^^^^^^
AttributeError: 'Member' object has no attribute 'timed_out_until'
Ignoring exception in on_member_update
Traceback (most recent call last):
  File "/usr/local/lib/python3.12/site-packages/discord/client.py", line 465, in _run_event
    await coro(*args, **kwargs)
  File "/app/asu_discord/cogs/analytics.py", line 652, in on_member_update
    before_timeout = before.timed_out_until
                     ^^^^^^^^^^^^^^^^^^^^^^
AttributeError: 'Member' object has no attribute 'timed_out_until'
Ignoring exception in on_member_update
Traceback (most recent call last):
  File "/usr/local/lib/python3.12/site-packages/discord/client.py", line 465, in _run_event
    await coro(*args, **kwargs)
  File "/app/asu_discord/cogs/analytics.py", line 652, in on_member_update
    before_timeout = before.timed_out_until
                     ^^^^^^^^^^^^^^^^^^^^^^
AttributeError: 'Member' object has no attribute 'timed_out_until'
Ignoring exception in on_member_update
Traceback (most recent call last):
  File "/usr/local/lib/python3.12/site-packages/discord/client.py", line 465, in _run_event
    await coro(*args, **kwargs)
  File "/app/asu_discord/cogs/analytics.py", line 652, in on_member_update
    before_timeout = before.timed_out_until
                     ^^^^^^^^^^^^^^^^^^^^^^
AttributeError: 'Member' object has no attribute 'timed_out_until'
Ignoring exception in on_member_update
Traceback (most recent call last):
  File "/usr/local/lib/python3.12/site-packages/discord/client.py", line 465, in _run_event
    await coro(*args, **kwargs)
  File "/app/asu_discord/cogs/analytics.py", line 652, in on_member_update
    before_timeout = before.timed_out_until
                     ^^^^^^^^^^^^^^^^^^^^^^
AttributeError: 'Member' object has no attribute 'timed_out_until'
Ignoring exception in on_member_update
Traceback (most recent call last):
  File "/usr/local/lib/python3.12/site-packages/discord/client.py", line 465, in _run_event
    await coro(*args, **kwargs)
  File "/app/asu_discord/cogs/analytics.py", line 652, in on_member_update
    before_timeout = before.timed_out_until
                     ^^^^^^^^^^^^^^^^^^^^^^
AttributeError: 'Member' object has no attribute 'timed_out_until'
Ignoring exception in on_member_update
Traceback (most recent call last):
  File "/usr/local/lib/python3.12/site-packages/discord/client.py", line 465, in _run_event
    await coro(*args, **kwargs)
  File "/app/asu_discord/cogs/analytics.py", line 652, in on_member_update
    before_timeout = before.timed_out_until
                     ^^^^^^^^^^^^^^^^^^^^^^
AttributeError: 'Member' object has no attribute 'timed_out_until'
Ignoring exception in on_member_update
Traceback (most recent call last):
  File "/usr/local/lib/python3.12/site-packages/discord/client.py", line 465, in _run_event
    await coro(*args, **kwargs)
  File "/app/asu_discord/cogs/analytics.py", line 652, in on_member_update
    before_timeout = before.timed_out_until
                     ^^^^^^^^^^^^^^^^^^^^^^
AttributeError: 'Member' object has no attribute 'timed_out_until'
Ignoring exception in on_member_update
Traceback (most recent call last):
  File "/usr/local/lib/python3.12/site-packages/discord/client.py", line 465, in _run_event
    await coro(*args, **kwargs)
  File "/app/asu_discord/cogs/analytics.py", line 652, in on_member_update
    before_timeout = before.timed_out_until
                     ^^^^^^^^^^^^^^^^^^^^^^
AttributeError: 'Member' object has no attribute 'timed_out_until'
Ignoring exception in on_member_update
Traceback (most recent call last):
  File "/usr/local/lib/python3.12/site-packages/discord/client.py", line 465, in _run_event
    await coro(*args, **kwargs)
  File "/app/asu_discord/cogs/analytics.py", line 652, in on_member_update
    before_timeout = before.timed_out_until
                     ^^^^^^^^^^^^^^^^^^^^^^
AttributeError: 'Member' object has no attribute 'timed_out_until'
INFO:asu_discord.cogs.verification:Saved 5 roles to database for user adhaka13 (Discord ID: 1099533667564531803)
INFO:asu_discord.cogs.verification:Refreshed Salesforce roles for Discord user 1099533667564531803: -5/+5 roles, assigned=[Commited, First Year, International Student, Ira A. Fulton Schools of Engineering, Polytechnic]
Ignoring exception in on_member_update
Traceback (most recent call last):
  File "/usr/local/lib/python3.12/site-packages/discord/client.py", line 465, in _run_event
    await coro(*args, **kwargs)
  File "/app/asu_discord/cogs/analytics.py", line 652, in on_member_update
    before_timeout = before.timed_out_until
                     ^^^^^^^^^^^^^^^^^^^^^^
AttributeError: 'Member' object has no attribute 'timed_out_until'
Ignoring exception in on_member_update
Traceback (most recent call last):
  File "/usr/local/lib/python3.12/site-packages/discord/client.py", line 465, in _run_event
    await coro(*args, **kwargs)
  File "/app/asu_discord/cogs/analytics.py", line 652, in on_member_update
    before_timeout = before.timed_out_until
                     ^^^^^^^^^^^^^^^^^^^^^^
AttributeError: 'Member' object has no attribute 'timed_out_until'
Ignoring exception in on_member_update
Traceback (most recent call last):
  File "/usr/local/lib/python3.12/site-packages/discord/client.py", line 465, in _run_event
    await coro(*args, **kwargs)
  File "/app/asu_discord/cogs/analytics.py", line 652, in on_member_update
    before_timeout = before.timed_out_until
                     ^^^^^^^^^^^^^^^^^^^^^^
AttributeError: 'Member' object has no attribute 'timed_out_until'
Ignoring exception in on_member_update
Traceback (most recent call last):
  File "/usr/local/lib/python3.12/site-packages/discord/client.py", line 465, in _run_event
    await coro(*args, **kwargs)
  File "/app/asu_discord/cogs/analytics.py", line 652, in on_member_update
    before_timeout = before.timed_out_until
                     ^^^^^^^^^^^^^^^^^^^^^^
AttributeError: 'Member' object has no attribute 'timed_out_until'
Ignoring exception in on_member_update
Traceback (most recent call last):
  File "/usr/local/lib/python3.12/site-packages/discord/client.py", line 465, in _run_event
    await coro(*args, **kwargs)
  File "/app/asu_discord/cogs/analytics.py", line 652, in on_member_update
    before_timeout = before.timed_out_until
                     ^^^^^^^^^^^^^^^^^^^^^^
AttributeError: 'Member' object has no attribute 'timed_out_until'
Ignoring exception in on_member_update
Traceback (most recent call last):
  File "/usr/local/lib/python3.12/site-packages/discord/client.py", line 465, in _run_event
    await coro(*args, **kwargs)
  File "/app/asu_discord/cogs/analytics.py", line 652, in on_member_update
    before_timeout = before.timed_out_until
                     ^^^^^^^^^^^^^^^^^^^^^^
AttributeError: 'Member' object has no attribute 'timed_out_until'
Ignoring exception in on_member_update
Traceback (most recent call last):
  File "/usr/local/lib/python3.12/site-packages/discord/client.py", line 465, in _run_event
    await coro(*args, **kwargs)
  File "/app/asu_discord/cogs/analytics.py", line 652, in on_member_update
    before_timeout = before.timed_out_until
                     ^^^^^^^^^^^^^^^^^^^^^^
AttributeError: 'Member' object has no attribute 'timed_out_until'
Ignoring exception in on_member_update
Traceback (most recent call last):
  File "/usr/local/lib/python3.12/site-packages/discord/client.py", line 465, in _run_event
    await coro(*args, **kwargs)
  File "/app/asu_discord/cogs/analytics.py", line 652, in on_member_update
    before_timeout = before.timed_out_until
                     ^^^^^^^^^^^^^^^^^^^^^^
AttributeError: 'Member' object has no attribute 'timed_out_until'
Ignoring exception in on_member_update
Traceback (most recent call last):
  File "/usr/local/lib/python3.12/site-packages/discord/client.py", line 465, in _run_event
    await coro(*args, **kwargs)
  File "/app/asu_discord/cogs/analytics.py", line 652, in on_member_update
    before_timeout = before.timed_out_until
                     ^^^^^^^^^^^^^^^^^^^^^^
AttributeError: 'Member' object has no attribute 'timed_out_until'
Ignoring exception in on_member_update
Traceback (most recent call last):
  File "/usr/local/lib/python3.12/site-packages/discord/client.py", line 465, in _run_event
    await coro(*args, **kwargs)
  File "/app/asu_discord/cogs/analytics.py", line 652, in on_member_update
    before_timeout = before.timed_out_until
                     ^^^^^^^^^^^^^^^^^^^^^^
AttributeError: 'Member' object has no attribute 'timed_out_until'
Ignoring exception in on_member_update
Traceback (most recent call last):
  File "/usr/local/lib/python3.12/site-packages/discord/client.py", line 465, in _run_event
    await coro(*args, **kwargs)
  File "/app/asu_discord/cogs/analytics.py", line 652, in on_member_update
    before_timeout = before.timed_out_until
                     ^^^^^^^^^^^^^^^^^^^^^^
AttributeError: 'Member' object has no attribute 'timed_out_until'
Ignoring exception in on_member_update
Traceback (most recent call last):
  File "/usr/local/lib/python3.12/site-packages/discord/client.py", line 465, in _run_event
    await coro(*args, **kwargs)
  File "/app/asu_discord/cogs/analytics.py", line 652, in on_member_update
    before_timeout = before.timed_out_until
                     ^^^^^^^^^^^^^^^^^^^^^^
AttributeError: 'Member' object has no attribute 'timed_out_until'
INFO:asu_discord.cogs.verification:Saved 6 roles to database for user fbasen (Discord ID: 674772723204882442)
INFO:asu_discord.cogs.verification:Refreshed Salesforce roles for Discord user 674772723204882442: -6/+6 roles, assigned=[Commited, First Generation Student, First Year, Out of State, Tempe, W.P. Carey School of Business]
Ignoring exception in on_member_update
Traceback (most recent call last):
  File "/usr/local/lib/python3.12/site-packages/discord/client.py", line 465, in _run_event
    await coro(*args, **kwargs)
  File "/app/asu_discord/cogs/analytics.py", line 652, in on_member_update
    before_timeout = before.timed_out_until
                     ^^^^^^^^^^^^^^^^^^^^^^
AttributeError: 'Member' object has no attribute 'timed_out_until'
Ignoring exception in on_member_update
Traceback (most recent call last):
  File "/usr/local/lib/python3.12/site-packages/discord/client.py", line 465, in _run_event
    await coro(*args, **kwargs)
  File "/app/asu_discord/cogs/analytics.py", line 652, in on_member_update
    before_timeout = before.timed_out_until
                     ^^^^^^^^^^^^^^^^^^^^^^
AttributeError: 'Member' object has no attribute 'timed_out_until'
Ignoring exception in on_member_update
Traceback (most recent call last):
  File "/usr/local/lib/python3.12/site-packages/discord/client.py", line 465, in _run_event
    await coro(*args, **kwargs)
  File "/app/asu_discord/cogs/analytics.py", line 652, in on_member_update
    before_timeout = before.timed_out_until
                     ^^^^^^^^^^^^^^^^^^^^^^
AttributeError: 'Member' object has no attribute 'timed_out_until'
Ignoring exception in on_member_update
Traceback (most recent call last):
  File "/usr/local/lib/python3.12/site-packages/discord/client.py", line 465, in _run_event
    await coro(*args, **kwargs)
  File "/app/asu_discord/cogs/analytics.py", line 652, in on_member_update
    before_timeout = before.timed_out_until
                     ^^^^^^^^^^^^^^^^^^^^^^
AttributeError: 'Member' object has no attribute 'timed_out_until'
Ignoring exception in on_member_update
Traceback (most recent call last):
  File "/usr/local/lib/python3.12/site-packages/discord/client.py", line 465, in _run_event
    await coro(*args, **kwargs)
  File "/app/asu_discord/cogs/analytics.py", line 652, in on_member_update
    before_timeout = before.timed_out_until
                     ^^^^^^^^^^^^^^^^^^^^^^
AttributeError: 'Member' object has no attribute 'timed_out_until'
Ignoring exception in on_member_update
Traceback (most recent call last):
  File "/usr/local/lib/python3.12/site-packages/discord/client.py", line 465, in _run_event
    await coro(*args, **kwargs)
  File "/app/asu_discord/cogs/analytics.py", line 652, in on_member_update
    before_timeout = before.timed_out_until
                     ^^^^^^^^^^^^^^^^^^^^^^
AttributeError: 'Member' object has no attribute 'timed_out_until'
Ignoring exception in on_member_update
Traceback (most recent call last):
  File "/usr/local/lib/python3.12/site-packages/discord/client.py", line 465, in _run_event
    await coro(*args, **kwargs)
  File "/app/asu_discord/cogs/analytics.py", line 652, in on_member_update
    before_timeout = before.timed_out_until
                     ^^^^^^^^^^^^^^^^^^^^^^
AttributeError: 'Member' object has no attribute 'timed_out_until'
Ignoring exception in on_member_update
Traceback (most recent call last):
  File "/usr/local/lib/python3.12/site-packages/discord/client.py", line 465, in _run_event
    await coro(*args, **kwargs)
  File "/app/asu_discord/cogs/analytics.py", line 652, in on_member_update
    before_timeout = before.timed_out_until
                     ^^^^^^^^^^^^^^^^^^^^^^
AttributeError: 'Member' object has no attribute 'timed_out_until'
Ignoring exception in on_member_update
Traceback (most recent call last):
  File "/usr/local/lib/python3.12/site-packages/discord/client.py", line 465, in _run_event
    await coro(*args, **kwargs)
  File "/app/asu_discord/cogs/analytics.py", line 652, in on_member_update
    before_timeout = before.timed_out_until
                     ^^^^^^^^^^^^^^^^^^^^^^
AttributeError: 'Member' object has no attribute 'timed_out_until'
Ignoring exception in on_member_update
Traceback (most recent call last):
  File "/usr/local/lib/python3.12/site-packages/discord/client.py", line 465, in _run_event
    await coro(*args, **kwargs)
  File "/app/asu_discord/cogs/analytics.py", line 652, in on_member_update
    before_timeout = before.timed_out_until
                     ^^^^^^^^^^^^^^^^^^^^^^
AttributeError: 'Member' object has no attribute 'timed_out_until'
INFO:asu_discord.cogs.verification:Saved 5 roles to database for user pvsapp (Discord ID: 1251351707695448098)
INFO:asu_discord.cogs.verification:Refreshed Salesforce roles for Discord user 1251351707695448098: -4/+5 roles, assigned=[Arizona Resident, First Year, Ira A. Fulton Schools of Engineering, Tempe, Upperclassmen]
Ignoring exception in on_member_update
Traceback (most recent call last):
  File "/usr/local/lib/python3.12/site-packages/discord/client.py", line 465, in _run_event
    await coro(*args, **kwargs)
  File "/app/asu_discord/cogs/analytics.py", line 652, in on_member_update
    before_timeout = before.timed_out_until
                     ^^^^^^^^^^^^^^^^^^^^^^
AttributeError: 'Member' object has no attribute 'timed_out_until'
Ignoring exception in on_member_update
Traceback (most recent call last):
  File "/usr/local/lib/python3.12/site-packages/discord/client.py", line 465, in _run_event
    await coro(*args, **kwargs)
  File "/app/asu_discord/cogs/analytics.py", line 652, in on_member_update
    before_timeout = before.timed_out_until
                     ^^^^^^^^^^^^^^^^^^^^^^
AttributeError: 'Member' object has no attribute 'timed_out_until'
Ignoring exception in on_member_update
Traceback (most recent call last):
  File "/usr/local/lib/python3.12/site-packages/discord/client.py", line 465, in _run_event
    await coro(*args, **kwargs)
  File "/app/asu_discord/cogs/analytics.py", line 652, in on_member_update
    before_timeout = before.timed_out_until
                     ^^^^^^^^^^^^^^^^^^^^^^
AttributeError: 'Member' object has no attribute 'timed_out_until'
Ignoring exception in on_member_update
Traceback (most recent call last):
  File "/usr/local/lib/python3.12/site-packages/discord/client.py", line 465, in _run_event
    await coro(*args, **kwargs)
  File "/app/asu_discord/cogs/analytics.py", line 652, in on_member_update
    before_timeout = before.timed_out_until
                     ^^^^^^^^^^^^^^^^^^^^^^
AttributeError: 'Member' object has no attribute 'timed_out_until'
Ignoring exception in on_member_update
Traceback (most recent call last):
  File "/usr/local/lib/python3.12/site-packages/discord/client.py", line 465, in _run_event
    await coro(*args, **kwargs)
  File "/app/asu_discord/cogs/analytics.py", line 652, in on_member_update
    before_timeout = before.timed_out_until
                     ^^^^^^^^^^^^^^^^^^^^^^
AttributeError: 'Member' object has no attribute 'timed_out_until'
Ignoring exception in on_member_update
Traceback (most recent call last):
  File "/usr/local/lib/python3.12/site-packages/discord/client.py", line 465, in _run_event
    await coro(*args, **kwargs)
  File "/app/asu_discord/cogs/analytics.py", line 652, in on_member_update
    before_timeout = before.timed_out_until
                     ^^^^^^^^^^^^^^^^^^^^^^
AttributeError: 'Member' object has no attribute 'timed_out_until'
Ignoring exception in on_member_update
Traceback (most recent call last):
  File "/usr/local/lib/python3.12/site-packages/discord/client.py", line 465, in _run_event
    await coro(*args, **kwargs)
  File "/app/asu_discord/cogs/analytics.py", line 652, in on_member_update
    before_timeout = before.timed_out_until
                     ^^^^^^^^^^^^^^^^^^^^^^
AttributeError: 'Member' object has no attribute 'timed_out_until'
Ignoring exception in on_member_update
Traceback (most recent call last):
  File "/usr/local/lib/python3.12/site-packages/discord/client.py", line 465, in _run_event
    await coro(*args, **kwargs)
  File "/app/asu_discord/cogs/analytics.py", line 652, in on_member_update
    before_timeout = before.timed_out_until
                     ^^^^^^^^^^^^^^^^^^^^^^
AttributeError: 'Member' object has no attribute 'timed_out_until'
Ignoring exception in on_member_update
Traceback (most recent call last):
  File "/usr/local/lib/python3.12/site-packages/discord/client.py", line 465, in _run_event
    await coro(*args, **kwargs)
  File "/app/asu_discord/cogs/analytics.py", line 652, in on_member_update
    before_timeout = before.timed_out_until
                     ^^^^^^^^^^^^^^^^^^^^^^
AttributeError: 'Member' object has no attribute 'timed_out_until'
Ignoring exception in on_member_update
Traceback (most recent call last):
  File "/usr/local/lib/python3.12/site-packages/discord/client.py", line 465, in _run_event
    await coro(*args, **kwargs)
  File "/app/asu_discord/cogs/analytics.py", line 652, in on_member_update
    before_timeout = before.timed_out_until
                     ^^^^^^^^^^^^^^^^^^^^^^
AttributeError: 'Member' object has no attribute 'timed_out_until'
Ignoring exception in on_member_update
Traceback (most recent call last):
  File "/usr/local/lib/python3.12/site-packages/discord/client.py", line 465, in _run_event
    await coro(*args, **kwargs)
  File "/app/asu_discord/cogs/analytics.py", line 652, in on_member_update
    before_timeout = before.timed_out_until
                     ^^^^^^^^^^^^^^^^^^^^^^
AttributeError: 'Member' object has no attribute 'timed_out_until'
Ignoring exception in on_member_update
Traceback (most recent call last):
  File "/usr/local/lib/python3.12/site-packages/discord/client.py", line 465, in _run_event
    await coro(*args, **kwargs)
  File "/app/asu_discord/cogs/analytics.py", line 652, in on_member_update
    before_timeout = before.timed_out_until
                     ^^^^^^^^^^^^^^^^^^^^^^
AttributeError: 'Member' object has no attribute 'timed_out_until'
INFO:asu_discord.cogs.verification:Saved 6 roles to database for user sdas156 (Discord ID: 776754037063286784)
INFO:asu_discord.cogs.verification:Refreshed Salesforce roles for Discord user 776754037063286784: -6/+6 roles, assigned=[Commited, First Year, International Student, Ira A. Fulton Schools of Engineering, Tempe, Upperclassmen]
Ignoring exception in on_member_update
Traceback (most recent call last):
  File "/usr/local/lib/python3.12/site-packages/discord/client.py", line 465, in _run_event
    await coro(*args, **kwargs)
  File "/app/asu_discord/cogs/analytics.py", line 652, in on_member_update
    before_timeout = before.timed_out_until
                     ^^^^^^^^^^^^^^^^^^^^^^
AttributeError: 'Member' object has no attribute 'timed_out_until'
Ignoring exception in on_member_update
Traceback (most recent call last):
  File "/usr/local/lib/python3.12/site-packages/discord/client.py", line 465, in _run_event
    await coro(*args, **kwargs)
  File "/app/asu_discord/cogs/analytics.py", line 652, in on_member_update
    before_timeout = before.timed_out_until
                     ^^^^^^^^^^^^^^^^^^^^^^
AttributeError: 'Member' object has no attribute 'timed_out_until'
Ignoring exception in on_member_update
Traceback (most recent call last):
  File "/usr/local/lib/python3.12/site-packages/discord/client.py", line 465, in _run_event
    await coro(*args, **kwargs)
  File "/app/asu_discord/cogs/analytics.py", line 652, in on_member_update
    before_timeout = before.timed_out_until
                     ^^^^^^^^^^^^^^^^^^^^^^
AttributeError: 'Member' object has no attribute 'timed_out_until'
Ignoring exception in on_member_update
Traceback (most recent call last):
  File "/usr/local/lib/python3.12/site-packages/discord/client.py", line 465, in _run_event
    await coro(*args, **kwargs)
  File "/app/asu_discord/cogs/analytics.py", line 652, in on_member_update
    before_timeout = before.timed_out_until
                     ^^^^^^^^^^^^^^^^^^^^^^
AttributeError: 'Member' object has no attribute 'timed_out_until'
Ignoring exception in on_member_update
Traceback (most recent call last):
  File "/usr/local/lib/python3.12/site-packages/discord/client.py", line 465, in _run_event
    await coro(*args, **kwargs)
  File "/app/asu_discord/cogs/analytics.py", line 652, in on_member_update
    before_timeout = before.timed_out_until
                     ^^^^^^^^^^^^^^^^^^^^^^
AttributeError: 'Member' object has no attribute 'timed_out_until'
Ignoring exception in on_member_update
Traceback (most recent call last):
  File "/usr/local/lib/python3.12/site-packages/discord/client.py", line 465, in _run_event
    await coro(*args, **kwargs)
  File "/app/asu_discord/cogs/analytics.py", line 652, in on_member_update
    before_timeout = before.timed_out_until
                     ^^^^^^^^^^^^^^^^^^^^^^
AttributeError: 'Member' object has no attribute 'timed_out_until'
Ignoring exception in on_member_update
Traceback (most recent call last):
  File "/usr/local/lib/python3.12/site-packages/discord/client.py", line 465, in _run_event
    await coro(*args, **kwargs)
  File "/app/asu_discord/cogs/analytics.py", line 652, in on_member_update
    before_timeout = before.timed_out_until
                     ^^^^^^^^^^^^^^^^^^^^^^
AttributeError: 'Member' object has no attribute 'timed_out_until'
Ignoring exception in on_member_update
Traceback (most recent call last):
  File "/usr/local/lib/python3.12/site-packages/discord/client.py", line 465, in _run_event
    await coro(*args, **kwargs)
  File "/app/asu_discord/cogs/analytics.py", line 652, in on_member_update
    before_timeout = before.timed_out_until
                     ^^^^^^^^^^^^^^^^^^^^^^
AttributeError: 'Member' object has no attribute 'timed_out_until'
Ignoring exception in on_member_update
Traceback (most recent call last):
  File "/usr/local/lib/python3.12/site-packages/discord/client.py", line 465, in _run_event
    await coro(*args, **kwargs)
  File "/app/asu_discord/cogs/analytics.py", line 652, in on_member_update
    before_timeout = before.timed_out_until
                     ^^^^^^^^^^^^^^^^^^^^^^
AttributeError: 'Member' object has no attribute 'timed_out_until'
Ignoring exception in on_member_update
Traceback (most recent call last):
  File "/usr/local/lib/python3.12/site-packages/discord/client.py", line 465, in _run_event
    await coro(*args, **kwargs)
  File "/app/asu_discord/cogs/analytics.py", line 652, in on_member_update
    before_timeout = before.timed_out_until
                     ^^^^^^^^^^^^^^^^^^^^^^
AttributeError: 'Member' object has no attribute 'timed_out_until'
ERROR:cron.jobs:refresh_salesforce_roles: failed for smalepa3 (Discord ID 742635559289094207): Timed out refresh Salesforce-based roles
Ignoring exception in on_member_update
Traceback (most recent call last):
  File "/usr/local/lib/python3.12/site-packages/discord/client.py", line 465, in _run_event
    await coro(*args, **kwargs)
  File "/app/asu_discord/cogs/analytics.py", line 652, in on_member_update
    before_timeout = before.timed_out_until
                     ^^^^^^^^^^^^^^^^^^^^^^
AttributeError: 'Member' object has no attribute 'timed_out_until'
Ignoring exception in on_member_update
Traceback (most recent call last):
  File "/usr/local/lib/python3.12/site-packages/discord/client.py", line 465, in _run_event
    await coro(*args, **kwargs)
  File "/app/asu_discord/cogs/analytics.py", line 652, in on_member_update
    before_timeout = before.timed_out_until
                     ^^^^^^^^^^^^^^^^^^^^^^
AttributeError: 'Member' object has no attribute 'timed_out_until'
Ignoring exception in on_member_update
Traceback (most recent call last):
  File "/usr/local/lib/python3.12/site-packages/discord/client.py", line 465, in _run_event
    await coro(*args, **kwargs)
  File "/app/asu_discord/cogs/analytics.py", line 652, in on_member_update
    before_timeout = before.timed_out_until
                     ^^^^^^^^^^^^^^^^^^^^^^
AttributeError: 'Member' object has no attribute 'timed_out_until'
Ignoring exception in on_member_update
Traceback (most recent call last):
  File "/usr/local/lib/python3.12/site-packages/discord/client.py", line 465, in _run_event
    await coro(*args, **kwargs)
  File "/app/asu_discord/cogs/analytics.py", line 652, in on_member_update
    before_timeout = before.timed_out_until
                     ^^^^^^^^^^^^^^^^^^^^^^
AttributeError: 'Member' object has no attribute 'timed_out_until'
Ignoring exception in on_member_update
Traceback (most recent call last):
  File "/usr/local/lib/python3.12/site-packages/discord/client.py", line 465, in _run_event
    await coro(*args, **kwargs)
  File "/app/asu_discord/cogs/analytics.py", line 652, in on_member_update
    before_timeout = before.timed_out_until
                     ^^^^^^^^^^^^^^^^^^^^^^
AttributeError: 'Member' object has no attribute 'timed_out_until'
Ignoring exception in on_member_update
Traceback (most recent call last):
  File "/usr/local/lib/python3.12/site-packages/discord/client.py", line 465, in _run_event
    await coro(*args, **kwargs)
  File "/app/asu_discord/cogs/analytics.py", line 652, in on_member_update
    before_timeout = before.timed_out_until
                     ^^^^^^^^^^^^^^^^^^^^^^
AttributeError: 'Member' object has no attribute 'timed_out_until'
Ignoring exception in on_member_update
Traceback (most recent call last):
  File "/usr/local/lib/python3.12/site-packages/discord/client.py", line 465, in _run_event
    await coro(*args, **kwargs)
  File "/app/asu_discord/cogs/analytics.py", line 652, in on_member_update
    before_timeout = before.timed_out_until
                     ^^^^^^^^^^^^^^^^^^^^^^
AttributeError: 'Member' object has no attribute 'timed_out_until'
Ignoring exception in on_member_update
Traceback (most recent call last):
  File "/usr/local/lib/python3.12/site-packages/discord/client.py", line 465, in _run_event
    await coro(*args, **kwargs)
  File "/app/asu_discord/cogs/analytics.py", line 652, in on_member_update
    before_timeout = before.timed_out_until
                     ^^^^^^^^^^^^^^^^^^^^^^
AttributeError: 'Member' object has no attribute 'timed_out_until'
Ignoring exception in on_member_update
Traceback (most recent call last):
  File "/usr/local/lib/python3.12/site-packages/discord/client.py", line 465, in _run_event
    await coro(*args, **kwargs)
  File "/app/asu_discord/cogs/analytics.py", line 652, in on_member_update
    before_timeout = before.timed_out_until
                     ^^^^^^^^^^^^^^^^^^^^^^
AttributeError: 'Member' object has no attribute 'timed_out_until'
Ignoring exception in on_member_update
Traceback (most recent call last):
  File "/usr/local/lib/python3.12/site-packages/discord/client.py", line 465, in _run_event
    await coro(*args, **kwargs)
  File "/app/asu_discord/cogs/analytics.py", line 652, in on_member_update
    before_timeout = before.timed_out_until
                     ^^^^^^^^^^^^^^^^^^^^^^
AttributeError: 'Member' object has no attribute 'timed_out_until'
ERROR:cron.jobs:refresh_salesforce_roles: failed for bhill64 (Discord ID 488532604484583426): Timed out refresh Salesforce-based roles
Ignoring exception in on_member_update
Traceback (most recent call last):
  File "/usr/local/lib/python3.12/site-packages/discord/client.py", line 465, in _run_event
    await coro(*args, **kwargs)
  File "/app/asu_discord/cogs/analytics.py", line 652, in on_member_update
    before_timeout = before.timed_out_until
                     ^^^^^^^^^^^^^^^^^^^^^^
AttributeError: 'Member' object has no attribute 'timed_out_until'
Ignoring exception in on_member_update
Traceback (most recent call last):
  File "/usr/local/lib/python3.12/site-packages/discord/client.py", line 465, in _run_event
    await coro(*args, **kwargs)
  File "/app/asu_discord/cogs/analytics.py", line 652, in on_member_update
    before_timeout = before.timed_out_until
                     ^^^^^^^^^^^^^^^^^^^^^^
AttributeError: 'Member' object has no attribute 'timed_out_until'
Ignoring exception in on_member_update
Traceback (most recent call last):
  File "/usr/local/lib/python3.12/site-packages/discord/client.py", line 465, in _run_event
    await coro(*args, **kwargs)
  File "/app/asu_discord/cogs/analytics.py", line 652, in on_member_update
    before_timeout = before.timed_out_until
                     ^^^^^^^^^^^^^^^^^^^^^^
AttributeError: 'Member' object has no attribute 'timed_out_until'
Ignoring exception in on_member_update
Traceback (most recent call last):
  File "/usr/local/lib/python3.12/site-packages/discord/client.py", line 465, in _run_event
    await coro(*args, **kwargs)
  File "/app/asu_discord/cogs/analytics.py", line 652, in on_member_update
    before_timeout = before.timed_out_until
                     ^^^^^^^^^^^^^^^^^^^^^^
AttributeError: 'Member' object has no attribute 'timed_out_until'
Ignoring exception in on_member_update
Traceback (most recent call last):
  File "/usr/local/lib/python3.12/site-packages/discord/client.py", line 465, in _run_event
    await coro(*args, **kwargs)
  File "/app/asu_discord/cogs/analytics.py", line 652, in on_member_update
    before_timeout = before.timed_out_until
                     ^^^^^^^^^^^^^^^^^^^^^^
AttributeError: 'Member' object has no attribute 'timed_out_until'
Ignoring exception in on_member_update
Traceback (most recent call last):
  File "/usr/local/lib/python3.12/site-packages/discord/client.py", line 465, in _run_event
    await coro(*args, **kwargs)
  File "/app/asu_discord/cogs/analytics.py", line 652, in on_member_update
    before_timeout = before.timed_out_until
                     ^^^^^^^^^^^^^^^^^^^^^^
AttributeError: 'Member' object has no attribute 'timed_out_until'
Ignoring exception in on_member_update
Traceback (most recent call last):
  File "/usr/local/lib/python3.12/site-packages/discord/client.py", line 465, in _run_event
    await coro(*args, **kwargs)
  File "/app/asu_discord/cogs/analytics.py", line 652, in on_member_update
    before_timeout = before.timed_out_until
                     ^^^^^^^^^^^^^^^^^^^^^^
AttributeError: 'Member' object has no attribute 'timed_out_until'
Ignoring exception in on_member_update
Traceback (most recent call last):
  File "/usr/local/lib/python3.12/site-packages/discord/client.py", line 465, in _run_event
    await coro(*args, **kwargs)
  File "/app/asu_discord/cogs/analytics.py", line 652, in on_member_update
    before_timeout = before.timed_out_until
                     ^^^^^^^^^^^^^^^^^^^^^^
AttributeError: 'Member' object has no attribute 'timed_out_until'
Ignoring exception in on_member_update
Traceback (most recent call last):
  File "/usr/local/lib/python3.12/site-packages/discord/client.py", line 465, in _run_event
    await coro(*args, **kwargs)
  File "/app/asu_discord/cogs/analytics.py", line 652, in on_member_update
    before_timeout = before.timed_out_until
                     ^^^^^^^^^^^^^^^^^^^^^^
AttributeError: 'Member' object has no attribute 'timed_out_until'
Ignoring exception in on_member_update
Traceback (most recent call last):
  File "/usr/local/lib/python3.12/site-packages/discord/client.py", line 465, in _run_event
    await coro(*args, **kwargs)
  File "/app/asu_discord/cogs/analytics.py", line 652, in on_member_update
    before_timeout = before.timed_out_until
                     ^^^^^^^^^^^^^^^^^^^^^^
AttributeError: 'Member' object has no attribute 'timed_out_until'
INFO:asu_discord.cogs.verification:Saved 5 roles to database for user sjacomel (Discord ID: 724255214403584062)
INFO:asu_discord.cogs.verification:Refreshed Salesforce roles for Discord user 724255214403584062: -5/+4 roles, assigned=[Commited, First Year, International Student, Ira A. Fulton Schools of Engineering, Tempe]
Ignoring exception in on_member_update
Traceback (most recent call last):
  File "/usr/local/lib/python3.12/site-packages/discord/client.py", line 465, in _run_event
    await coro(*args, **kwargs)
  File "/app/asu_discord/cogs/analytics.py", line 652, in on_member_update
    before_timeout = before.timed_out_until
                     ^^^^^^^^^^^^^^^^^^^^^^
AttributeError: 'Member' object has no attribute 'timed_out_until'
Ignoring exception in on_member_update
Traceback (most recent call last):
  File "/usr/local/lib/python3.12/site-packages/discord/client.py", line 465, in _run_event
    await coro(*args, **kwargs)
  File "/app/asu_discord/cogs/analytics.py", line 652, in on_member_update
    before_timeout = before.timed_out_until
                     ^^^^^^^^^^^^^^^^^^^^^^
AttributeError: 'Member' object has no attribute 'timed_out_until'
Ignoring exception in on_member_update
Traceback (most recent call last):
  File "/usr/local/lib/python3.12/site-packages/discord/client.py", line 465, in _run_event
    await coro(*args, **kwargs)
  File "/app/asu_discord/cogs/analytics.py", line 652, in on_member_update
    before_timeout = before.timed_out_until
                     ^^^^^^^^^^^^^^^^^^^^^^
AttributeError: 'Member' object has no attribute 'timed_out_until'
Ignoring exception in on_member_update
Traceback (most recent call last):
  File "/usr/local/lib/python3.12/site-packages/discord/client.py", line 465, in _run_event
    await coro(*args, **kwargs)
  File "/app/asu_discord/cogs/analytics.py", line 652, in on_member_update
    before_timeout = before.timed_out_until
                     ^^^^^^^^^^^^^^^^^^^^^^
AttributeError: 'Member' object has no attribute 'timed_out_until'
Ignoring exception in on_member_update
Traceback (most recent call last):
  File "/usr/local/lib/python3.12/site-packages/discord/client.py", line 465, in _run_event
    await coro(*args, **kwargs)
  File "/app/asu_discord/cogs/analytics.py", line 652, in on_member_update
    before_timeout = before.timed_out_until
                     ^^^^^^^^^^^^^^^^^^^^^^
AttributeError: 'Member' object has no attribute 'timed_out_until'
Ignoring exception in on_member_update
Traceback (most recent call last):
  File "/usr/local/lib/python3.12/site-packages/discord/client.py", line 465, in _run_event
    await coro(*args, **kwargs)
  File "/app/asu_discord/cogs/analytics.py", line 652, in on_member_update
    before_timeout = before.timed_out_until
                     ^^^^^^^^^^^^^^^^^^^^^^
AttributeError: 'Member' object has no attribute 'timed_out_until'
Ignoring exception in on_member_update
Traceback (most recent call last):
  File "/usr/local/lib/python3.12/site-packages/discord/client.py", line 465, in _run_event
    await coro(*args, **kwargs)
  File "/app/asu_discord/cogs/analytics.py", line 652, in on_member_update
    before_timeout = before.timed_out_until
                     ^^^^^^^^^^^^^^^^^^^^^^
AttributeError: 'Member' object has no attribute 'timed_out_until'
Ignoring exception in on_member_update
Traceback (most recent call last):
  File "/usr/local/lib/python3.12/site-packages/discord/client.py", line 465, in _run_event
    await coro(*args, **kwargs)
  File "/app/asu_discord/cogs/analytics.py", line 652, in on_member_update
    before_timeout = before.timed_out_until
                     ^^^^^^^^^^^^^^^^^^^^^^
AttributeError: 'Member' object has no attribute 'timed_out_until'
INFO:asu_discord.cogs.verification:Saved 5 roles to database for user epellis (Discord ID: 695795952342007898)
INFO:asu_discord.cogs.verification:Refreshed Salesforce roles for Discord user 695795952342007898: -4/+5 roles, assigned=[Arizona Resident, Commited, Downtown Phoenix, First Year, Herberger Institute for Design and the Arts]
Ignoring exception in on_member_update
Traceback (most recent call last):
  File "/usr/local/lib/python3.12/site-packages/discord/client.py", line 465, in _run_event
    await coro(*args, **kwargs)
  File "/app/asu_discord/cogs/analytics.py", line 652, in on_member_update
    before_timeout = before.timed_out_until
                     ^^^^^^^^^^^^^^^^^^^^^^
AttributeError: 'Member' object has no attribute 'timed_out_until'
Ignoring exception in on_member_update
Traceback (most recent call last):
  File "/usr/local/lib/python3.12/site-packages/discord/client.py", line 465, in _run_event
    await coro(*args, **kwargs)
  File "/app/asu_discord/cogs/analytics.py", line 652, in on_member_update
    before_timeout = before.timed_out_until
                     ^^^^^^^^^^^^^^^^^^^^^^
AttributeError: 'Member' object has no attribute 'timed_out_until'
Ignoring exception in on_member_update
Traceback (most recent call last):
  File "/usr/local/lib/python3.12/site-packages/discord/client.py", line 465, in _run_event
    await coro(*args, **kwargs)
  File "/app/asu_discord/cogs/analytics.py", line 652, in on_member_update
    before_timeout = before.timed_out_until
                     ^^^^^^^^^^^^^^^^^^^^^^
AttributeError: 'Member' object has no attribute 'timed_out_until'
Ignoring exception in on_member_update
Traceback (most recent call last):
  File "/usr/local/lib/python3.12/site-packages/discord/client.py", line 465, in _run_event
    await coro(*args, **kwargs)
  File "/app/asu_discord/cogs/analytics.py", line 652, in on_member_update
    before_timeout = before.timed_out_until
                     ^^^^^^^^^^^^^^^^^^^^^^
AttributeError: 'Member' object has no attribute 'timed_out_until'
Ignoring exception in on_member_update
Traceback (most recent call last):
  File "/usr/local/lib/python3.12/site-packages/discord/client.py", line 465, in _run_event
    await coro(*args, **kwargs)
  File "/app/asu_discord/cogs/analytics.py", line 652, in on_member_update
    before_timeout = before.timed_out_until
                     ^^^^^^^^^^^^^^^^^^^^^^
AttributeError: 'Member' object has no attribute 'timed_out_until'
Ignoring exception in on_member_update
Traceback (most recent call last):
  File "/usr/local/lib/python3.12/site-packages/discord/client.py", line 465, in _run_event
    await coro(*args, **kwargs)
  File "/app/asu_discord/cogs/analytics.py", line 652, in on_member_update
    before_timeout = before.timed_out_until
                     ^^^^^^^^^^^^^^^^^^^^^^
AttributeError: 'Member' object has no attribute 'timed_out_until'
Ignoring exception in on_member_update
Traceback (most recent call last):
  File "/usr/local/lib/python3.12/site-packages/discord/client.py", line 465, in _run_event
    await coro(*args, **kwargs)
  File "/app/asu_discord/cogs/analytics.py", line 652, in on_member_update
    before_timeout = before.timed_out_until
                     ^^^^^^^^^^^^^^^^^^^^^^
AttributeError: 'Member' object has no attribute 'timed_out_until'
Ignoring exception in on_member_update
Traceback (most recent call last):
  File "/usr/local/lib/python3.12/site-packages/discord/client.py", line 465, in _run_event
    await coro(*args, **kwargs)
  File "/app/asu_discord/cogs/analytics.py", line 652, in on_member_update
    before_timeout = before.timed_out_until
                     ^^^^^^^^^^^^^^^^^^^^^^
AttributeError: 'Member' object has no attribute 'timed_out_until'
Ignoring exception in on_member_update
Traceback (most recent call last):
  File "/usr/local/lib/python3.12/site-packages/discord/client.py", line 465, in _run_event
    await coro(*args, **kwargs)
  File "/app/asu_discord/cogs/analytics.py", line 652, in on_member_update
    before_timeout = before.timed_out_until
                     ^^^^^^^^^^^^^^^^^^^^^^
AttributeError: 'Member' object has no attribute 'timed_out_until'
Ignoring exception in on_member_update
Traceback (most recent call last):
  File "/usr/local/lib/python3.12/site-packages/discord/client.py", line 465, in _run_event
    await coro(*args, **kwargs)
  File "/app/asu_discord/cogs/analytics.py", line 652, in on_member_update
    before_timeout = before.timed_out_until
                     ^^^^^^^^^^^^^^^^^^^^^^
AttributeError: 'Member' object has no attribute 'timed_out_until'
Ignoring exception in on_member_update
Traceback (most recent call last):
  File "/usr/local/lib/python3.12/site-packages/discord/client.py", line 465, in _run_event
    await coro(*args, **kwargs)
  File "/app/asu_discord/cogs/analytics.py", line 652, in on_member_update
    before_timeout = before.timed_out_until
                     ^^^^^^^^^^^^^^^^^^^^^^
AttributeError: 'Member' object has no attribute 'timed_out_until'
INFO:asu_discord.cogs.verification:Saved 5 roles to database for user jpescob2 (Discord ID: 694644787457949787)
INFO:asu_discord.cogs.verification:Refreshed Salesforce roles for Discord user 694644787457949787: -5/+5 roles, assigned=[Arizona Resident, Commited, First Year, Ira A. Fulton Schools of Engineering, Tempe]
Ignoring exception in on_member_update
Traceback (most recent call last):
  File "/usr/local/lib/python3.12/site-packages/discord/client.py", line 465, in _run_event
    await coro(*args, **kwargs)
  File "/app/asu_discord/cogs/analytics.py", line 652, in on_member_update
    before_timeout = before.timed_out_until
                     ^^^^^^^^^^^^^^^^^^^^^^
AttributeError: 'Member' object has no attribute 'timed_out_until'
Ignoring exception in on_member_update
Traceback (most recent call last):
  File "/usr/local/lib/python3.12/site-packages/discord/client.py", line 465, in _run_event
    await coro(*args, **kwargs)
  File "/app/asu_discord/cogs/analytics.py", line 652, in on_member_update
    before_timeout = before.timed_out_until
                     ^^^^^^^^^^^^^^^^^^^^^^
AttributeError: 'Member' object has no attribute 'timed_out_until'
Ignoring exception in on_member_update
Traceback (most recent call last):
  File "/usr/local/lib/python3.12/site-packages/discord/client.py", line 465, in _run_event
    await coro(*args, **kwargs)
  File "/app/asu_discord/cogs/analytics.py", line 652, in on_member_update
    before_timeout = before.timed_out_until
                     ^^^^^^^^^^^^^^^^^^^^^^
AttributeError: 'Member' object has no attribute 'timed_out_until'
Ignoring exception in on_member_update
Traceback (most recent call last):
  File "/usr/local/lib/python3.12/site-packages/discord/client.py", line 465, in _run_event
    await coro(*args, **kwargs)
  File "/app/asu_discord/cogs/analytics.py", line 652, in on_member_update
    before_timeout = before.timed_out_until
                     ^^^^^^^^^^^^^^^^^^^^^^
AttributeError: 'Member' object has no attribute 'timed_out_until'
Ignoring exception in on_member_update
Traceback (most recent call last):
  File "/usr/local/lib/python3.12/site-packages/discord/client.py", line 465, in _run_event
    await coro(*args, **kwargs)
  File "/app/asu_discord/cogs/analytics.py", line 652, in on_member_update
    before_timeout = before.timed_out_until
                     ^^^^^^^^^^^^^^^^^^^^^^
AttributeError: 'Member' object has no attribute 'timed_out_until'
Ignoring exception in on_member_update
Traceback (most recent call last):
  File "/usr/local/lib/python3.12/site-packages/discord/client.py", line 465, in _run_event
    await coro(*args, **kwargs)
  File "/app/asu_discord/cogs/analytics.py", line 652, in on_member_update
    before_timeout = before.timed_out_until
                     ^^^^^^^^^^^^^^^^^^^^^^
AttributeError: 'Member' object has no attribute 'timed_out_until'
Ignoring exception in on_member_update
Traceback (most recent call last):
  File "/usr/local/lib/python3.12/site-packages/discord/client.py", line 465, in _run_event
    await coro(*args, **kwargs)
  File "/app/asu_discord/cogs/analytics.py", line 652, in on_member_update
    before_timeout = before.timed_out_until
                     ^^^^^^^^^^^^^^^^^^^^^^
AttributeError: 'Member' object has no attribute 'timed_out_until'
Ignoring exception in on_member_update
Traceback (most recent call last):
  File "/usr/local/lib/python3.12/site-packages/discord/client.py", line 465, in _run_event
    await coro(*args, **kwargs)
  File "/app/asu_discord/cogs/analytics.py", line 652, in on_member_update
    before_timeout = before.timed_out_until
                     ^^^^^^^^^^^^^^^^^^^^^^
AttributeError: 'Member' object has no attribute 'timed_out_until'
Ignoring exception in on_member_update
Traceback (most recent call last):
  File "/usr/local/lib/python3.12/site-packages/discord/client.py", line 465, in _run_event
    await coro(*args, **kwargs)
  File "/app/asu_discord/cogs/analytics.py", line 652, in on_member_update
    before_timeout = before.timed_out_until
                     ^^^^^^^^^^^^^^^^^^^^^^
AttributeError: 'Member' object has no attribute 'timed_out_until'
Ignoring exception in on_member_update
Traceback (most recent call last):
  File "/usr/local/lib/python3.12/site-packages/discord/client.py", line 465, in _run_event
    await coro(*args, **kwargs)
  File "/app/asu_discord/cogs/analytics.py", line 652, in on_member_update
    before_timeout = before.timed_out_until
                     ^^^^^^^^^^^^^^^^^^^^^^
AttributeError: 'Member' object has no attribute 'timed_out_until'
INFO:asu_discord.cogs.verification:Saved 5 roles to database for user scabrere (Discord ID: 1493062203262107671)
INFO:asu_discord.cogs.verification:Refreshed Salesforce roles for Discord user 1493062203262107671: -5/+5 roles, assigned=[Commited, First Year, Herberger Institute for Design and the Arts, Out of State, Tempe]
Ignoring exception in on_member_update
Traceback (most recent call last):
  File "/usr/local/lib/python3.12/site-packages/discord/client.py", line 465, in _run_event
    await coro(*args, **kwargs)
  File "/app/asu_discord/cogs/analytics.py", line 652, in on_member_update
    before_timeout = before.timed_out_until
                     ^^^^^^^^^^^^^^^^^^^^^^
AttributeError: 'Member' object has no attribute 'timed_out_until'
Ignoring exception in on_member_update
Traceback (most recent call last):
  File "/usr/local/lib/python3.12/site-packages/discord/client.py", line 465, in _run_event
    await coro(*args, **kwargs)
  File "/app/asu_discord/cogs/analytics.py", line 652, in on_member_update
    before_timeout = before.timed_out_until
                     ^^^^^^^^^^^^^^^^^^^^^^
AttributeError: 'Member' object has no attribute 'timed_out_until'
Ignoring exception in on_member_update
Traceback (most recent call last):
  File "/usr/local/lib/python3.12/site-packages/discord/client.py", line 465, in _run_event
    await coro(*args, **kwargs)
  File "/app/asu_discord/cogs/analytics.py", line 652, in on_member_update
    before_timeout = before.timed_out_until
                     ^^^^^^^^^^^^^^^^^^^^^^
AttributeError: 'Member' object has no attribute 'timed_out_until'
Ignoring exception in on_member_update
Traceback (most recent call last):
  File "/usr/local/lib/python3.12/site-packages/discord/client.py", line 465, in _run_event
    await coro(*args, **kwargs)
  File "/app/asu_discord/cogs/analytics.py", line 652, in on_member_update
    before_timeout = before.timed_out_until
                     ^^^^^^^^^^^^^^^^^^^^^^
AttributeError: 'Member' object has no attribute 'timed_out_until'
Ignoring exception in on_member_update
Traceback (most recent call last):
  File "/usr/local/lib/python3.12/site-packages/discord/client.py", line 465, in _run_event
    await coro(*args, **kwargs)
  File "/app/asu_discord/cogs/analytics.py", line 652, in on_member_update
    before_timeout = before.timed_out_until
                     ^^^^^^^^^^^^^^^^^^^^^^
AttributeError: 'Member' object has no attribute 'timed_out_until'
Ignoring exception in on_member_update
Traceback (most recent call last):
  File "/usr/local/lib/python3.12/site-packages/discord/client.py", line 465, in _run_event
    await coro(*args, **kwargs)
  File "/app/asu_discord/cogs/analytics.py", line 652, in on_member_update
    before_timeout = before.timed_out_until
                     ^^^^^^^^^^^^^^^^^^^^^^
AttributeError: 'Member' object has no attribute 'timed_out_until'
Ignoring exception in on_member_update
Traceback (most recent call last):
  File "/usr/local/lib/python3.12/site-packages/discord/client.py", line 465, in _run_event
    await coro(*args, **kwargs)
  File "/app/asu_discord/cogs/analytics.py", line 652, in on_member_update
    before_timeout = before.timed_out_until
                     ^^^^^^^^^^^^^^^^^^^^^^
AttributeError: 'Member' object has no attribute 'timed_out_until'
Ignoring exception in on_member_update
Traceback (most recent call last):
  File "/usr/local/lib/python3.12/site-packages/discord/client.py", line 465, in _run_event
    await coro(*args, **kwargs)
  File "/app/asu_discord/cogs/analytics.py", line 652, in on_member_update
    before_timeout = before.timed_out_until
                     ^^^^^^^^^^^^^^^^^^^^^^
AttributeError: 'Member' object has no attribute 'timed_out_until'
Ignoring exception in on_member_update
Traceback (most recent call last):
  File "/usr/local/lib/python3.12/site-packages/discord/client.py", line 465, in _run_event
    await coro(*args, **kwargs)
  File "/app/asu_discord/cogs/analytics.py", line 652, in on_member_update
    before_timeout = before.timed_out_until
                     ^^^^^^^^^^^^^^^^^^^^^^
AttributeError: 'Member' object has no attribute 'timed_out_until'
Ignoring exception in on_member_update
Traceback (most recent call last):
  File "/usr/local/lib/python3.12/site-packages/discord/client.py", line 465, in _run_event
    await coro(*args, **kwargs)
  File "/app/asu_discord/cogs/analytics.py", line 652, in on_member_update
    before_timeout = before.timed_out_until
                     ^^^^^^^^^^^^^^^^^^^^^^
AttributeError: 'Member' object has no attribute 'timed_out_until'
INFO:asu_discord.cogs.verification:Saved 5 roles to database for user fmille24 (Discord ID: 1117267064621645824)
INFO:asu_discord.cogs.verification:Refreshed Salesforce roles for Discord user 1117267064621645824: -5/+5 roles, assigned=[Arizona Resident, Commited, Downtown Phoenix, First Year, Herberger Institute for Design and the Arts]
Ignoring exception in on_member_update
Traceback (most recent call last):
  File "/usr/local/lib/python3.12/site-packages/discord/client.py", line 465, in _run_event
    await coro(*args, **kwargs)
  File "/app/asu_discord/cogs/analytics.py", line 652, in on_member_update
    before_timeout = before.timed_out_until
                     ^^^^^^^^^^^^^^^^^^^^^^
AttributeError: 'Member' object has no attribute 'timed_out_until'
Ignoring exception in on_member_update
Traceback (most recent call last):
  File "/usr/local/lib/python3.12/site-packages/discord/client.py", line 465, in _run_event
    await coro(*args, **kwargs)
  File "/app/asu_discord/cogs/analytics.py", line 652, in on_member_update
    before_timeout = before.timed_out_until
                     ^^^^^^^^^^^^^^^^^^^^^^
AttributeError: 'Member' object has no attribute 'timed_out_until'
Ignoring exception in on_member_update
Traceback (most recent call last):
  File "/usr/local/lib/python3.12/site-packages/discord/client.py", line 465, in _run_event
    await coro(*args, **kwargs)
  File "/app/asu_discord/cogs/analytics.py", line 652, in on_member_update
    before_timeout = before.timed_out_until
                     ^^^^^^^^^^^^^^^^^^^^^^
AttributeError: 'Member' object has no attribute 'timed_out_until'
Ignoring exception in on_member_update
Traceback (most recent call last):
  File "/usr/local/lib/python3.12/site-packages/discord/client.py", line 465, in _run_event
    await coro(*args, **kwargs)
  File "/app/asu_discord/cogs/analytics.py", line 652, in on_member_update
    before_timeout = before.timed_out_until
                     ^^^^^^^^^^^^^^^^^^^^^^
AttributeError: 'Member' object has no attribute 'timed_out_until'
Ignoring exception in on_member_update
Traceback (most recent call last):
  File "/usr/local/lib/python3.12/site-packages/discord/client.py", line 465, in _run_event
    await coro(*args, **kwargs)
  File "/app/asu_discord/cogs/analytics.py", line 652, in on_member_update
    before_timeout = before.timed_out_until
                     ^^^^^^^^^^^^^^^^^^^^^^
AttributeError: 'Member' object has no attribute 'timed_out_until'
Ignoring exception in on_member_update
Traceback (most recent call last):
  File "/usr/local/lib/python3.12/site-packages/discord/client.py", line 465, in _run_event
    await coro(*args, **kwargs)
  File "/app/asu_discord/cogs/analytics.py", line 652, in on_member_update
    before_timeout = before.timed_out_until
                     ^^^^^^^^^^^^^^^^^^^^^^
AttributeError: 'Member' object has no attribute 'timed_out_until'
Ignoring exception in on_member_update
Traceback (most recent call last):
  File "/usr/local/lib/python3.12/site-packages/discord/client.py", line 465, in _run_event
    await coro(*args, **kwargs)
  File "/app/asu_discord/cogs/analytics.py", line 652, in on_member_update
    before_timeout = before.timed_out_until
                     ^^^^^^^^^^^^^^^^^^^^^^
AttributeError: 'Member' object has no attribute 'timed_out_until'
Ignoring exception in on_member_update
Traceback (most recent call last):
  File "/usr/local/lib/python3.12/site-packages/discord/client.py", line 465, in _run_event
    await coro(*args, **kwargs)
  File "/app/asu_discord/cogs/analytics.py", line 652, in on_member_update
    before_timeout = before.timed_out_until
                     ^^^^^^^^^^^^^^^^^^^^^^
AttributeError: 'Member' object has no attribute 'timed_out_until'
INFO:asu_discord.cogs.verification:Saved 5 roles to database for user neboone (Discord ID: 471699237051039744)
INFO:asu_discord.cogs.verification:Refreshed Salesforce roles for Discord user 471699237051039744: -4/+5 roles, assigned=[Arizona Resident, College of Liberal Arts and Sciences, First Generation Student, Tempe, Transfer Student]
Ignoring exception in on_member_update
Traceback (most recent call last):
  File "/usr/local/lib/python3.12/site-packages/discord/client.py", line 465, in _run_event
    await coro(*args, **kwargs)
  File "/app/asu_discord/cogs/analytics.py", line 652, in on_member_update
    before_timeout = before.timed_out_until
                     ^^^^^^^^^^^^^^^^^^^^^^
AttributeError: 'Member' object has no attribute 'timed_out_until'
Ignoring exception in on_member_update
Traceback (most recent call last):
  File "/usr/local/lib/python3.12/site-packages/discord/client.py", line 465, in _run_event
    await coro(*args, **kwargs)
  File "/app/asu_discord/cogs/analytics.py", line 652, in on_member_update
    before_timeout = before.timed_out_until
                     ^^^^^^^^^^^^^^^^^^^^^^
AttributeError: 'Member' object has no attribute 'timed_out_until'
Ignoring exception in on_member_update
Traceback (most recent call last):
  File "/usr/local/lib/python3.12/site-packages/discord/client.py", line 465, in _run_event
    await coro(*args, **kwargs)
  File "/app/asu_discord/cogs/analytics.py", line 652, in on_member_update
    before_timeout = before.timed_out_until
                     ^^^^^^^^^^^^^^^^^^^^^^
AttributeError: 'Member' object has no attribute 'timed_out_until'
Ignoring exception in on_member_update
Traceback (most recent call last):
  File "/usr/local/lib/python3.12/site-packages/discord/client.py", line 465, in _run_event
    await coro(*args, **kwargs)
  File "/app/asu_discord/cogs/analytics.py", line 652, in on_member_update
    before_timeout = before.timed_out_until
                     ^^^^^^^^^^^^^^^^^^^^^^
AttributeError: 'Member' object has no attribute 'timed_out_until'
Ignoring exception in on_member_update
Traceback (most recent call last):
  File "/usr/local/lib/python3.12/site-packages/discord/client.py", line 465, in _run_event
    await coro(*args, **kwargs)
  File "/app/asu_discord/cogs/analytics.py", line 652, in on_member_update
    before_timeout = before.timed_out_until
                     ^^^^^^^^^^^^^^^^^^^^^^
AttributeError: 'Member' object has no attribute 'timed_out_until'
Ignoring exception in on_member_update
Traceback (most recent call last):
  File "/usr/local/lib/python3.12/site-packages/discord/client.py", line 465, in _run_event
    await coro(*args, **kwargs)
  File "/app/asu_discord/cogs/analytics.py", line 652, in on_member_update
    before_timeout = before.timed_out_until
                     ^^^^^^^^^^^^^^^^^^^^^^
AttributeError: 'Member' object has no attribute 'timed_out_until'
Ignoring exception in on_member_update
Traceback (most recent call last):
  File "/usr/local/lib/python3.12/site-packages/discord/client.py", line 465, in _run_event
    await coro(*args, **kwargs)
  File "/app/asu_discord/cogs/analytics.py", line 652, in on_member_update
    before_timeout = before.timed_out_until
                     ^^^^^^^^^^^^^^^^^^^^^^
AttributeError: 'Member' object has no attribute 'timed_out_until'
Ignoring exception in on_member_update
Traceback (most recent call last):
  File "/usr/local/lib/python3.12/site-packages/discord/client.py", line 465, in _run_event
    await coro(*args, **kwargs)
  File "/app/asu_discord/cogs/analytics.py", line 652, in on_member_update
    before_timeout = before.timed_out_until
                     ^^^^^^^^^^^^^^^^^^^^^^
AttributeError: 'Member' object has no attribute 'timed_out_until'
Ignoring exception in on_member_update
Traceback (most recent call last):
  File "/usr/local/lib/python3.12/site-packages/discord/client.py", line 465, in _run_event
    await coro(*args, **kwargs)
  File "/app/asu_discord/cogs/analytics.py", line 652, in on_member_update
    before_timeout = before.timed_out_until
                     ^^^^^^^^^^^^^^^^^^^^^^
AttributeError: 'Member' object has no attribute 'timed_out_until'
Ignoring exception in on_member_update
Traceback (most recent call last):
  File "/usr/local/lib/python3.12/site-packages/discord/client.py", line 465, in _run_event
    await coro(*args, **kwargs)
  File "/app/asu_discord/cogs/analytics.py", line 652, in on_member_update
    before_timeout = before.timed_out_until
                     ^^^^^^^^^^^^^^^^^^^^^^
AttributeError: 'Member' object has no attribute 'timed_out_until'
Ignoring exception in on_member_update
Traceback (most recent call last):
  File "/usr/local/lib/python3.12/site-packages/discord/client.py", line 465, in _run_event
    await coro(*args, **kwargs)
  File "/app/asu_discord/cogs/analytics.py", line 652, in on_member_update
    before_timeout = before.timed_out_until
                     ^^^^^^^^^^^^^^^^^^^^^^
AttributeError: 'Member' object has no attribute 'timed_out_until'
INFO:asu_discord.cogs.verification:Saved 6 roles to database for user aolaya (Discord ID: 813875474317049856)
INFO:asu_discord.cogs.verification:Refreshed Salesforce roles for Discord user 813875474317049856: -6/+5 roles, assigned=[Arizona Resident, Commited, First Year, Ira A. Fulton Schools of Engineering, Tempe, Upperclassmen]
Ignoring exception in on_member_update
Traceback (most recent call last):
  File "/usr/local/lib/python3.12/site-packages/discord/client.py", line 465, in _run_event
    await coro(*args, **kwargs)
  File "/app/asu_discord/cogs/analytics.py", line 652, in on_member_update
    before_timeout = before.timed_out_until
                     ^^^^^^^^^^^^^^^^^^^^^^
AttributeError: 'Member' object has no attribute 'timed_out_until'
Ignoring exception in on_member_update
Traceback (most recent call last):
  File "/usr/local/lib/python3.12/site-packages/discord/client.py", line 465, in _run_event
    await coro(*args, **kwargs)
  File "/app/asu_discord/cogs/analytics.py", line 652, in on_member_update
    before_timeout = before.timed_out_until
                     ^^^^^^^^^^^^^^^^^^^^^^
AttributeError: 'Member' object has no attribute 'timed_out_until'
Ignoring exception in on_member_update
Traceback (most recent call last):
  File "/usr/local/lib/python3.12/site-packages/discord/client.py", line 465, in _run_event
    await coro(*args, **kwargs)
  File "/app/asu_discord/cogs/analytics.py", line 652, in on_member_update
    before_timeout = before.timed_out_until
                     ^^^^^^^^^^^^^^^^^^^^^^
AttributeError: 'Member' object has no attribute 'timed_out_until'
Ignoring exception in on_member_update
Traceback (most recent call last):
  File "/usr/local/lib/python3.12/site-packages/discord/client.py", line 465, in _run_event
    await coro(*args, **kwargs)
  File "/app/asu_discord/cogs/analytics.py", line 652, in on_member_update
    before_timeout = before.timed_out_until
                     ^^^^^^^^^^^^^^^^^^^^^^
AttributeError: 'Member' object has no attribute 'timed_out_until'
Ignoring exception in on_member_update
Traceback (most recent call last):
  File "/usr/local/lib/python3.12/site-packages/discord/client.py", line 465, in _run_event
    await coro(*args, **kwargs)
  File "/app/asu_discord/cogs/analytics.py", line 652, in on_member_update
    before_timeout = before.timed_out_until
                     ^^^^^^^^^^^^^^^^^^^^^^
AttributeError: 'Member' object has no attribute 'timed_out_until'
Ignoring exception in on_member_update
Traceback (most recent call last):
  File "/usr/local/lib/python3.12/site-packages/discord/client.py", line 465, in _run_event
    await coro(*args, **kwargs)
  File "/app/asu_discord/cogs/analytics.py", line 652, in on_member_update
    before_timeout = before.timed_out_until
                     ^^^^^^^^^^^^^^^^^^^^^^
AttributeError: 'Member' object has no attribute 'timed_out_until'
Ignoring exception in on_member_update
Traceback (most recent call last):
  File "/usr/local/lib/python3.12/site-packages/discord/client.py", line 465, in _run_event
    await coro(*args, **kwargs)
  File "/app/asu_discord/cogs/analytics.py", line 652, in on_member_update
    before_timeout = before.timed_out_until
                     ^^^^^^^^^^^^^^^^^^^^^^
AttributeError: 'Member' object has no attribute 'timed_out_until'
Ignoring exception in on_member_update
Traceback (most recent call last):
  File "/usr/local/lib/python3.12/site-packages/discord/client.py", line 465, in _run_event
    await coro(*args, **kwargs)
  File "/app/asu_discord/cogs/analytics.py", line 652, in on_member_update
    before_timeout = before.timed_out_until
                     ^^^^^^^^^^^^^^^^^^^^^^
AttributeError: 'Member' object has no attribute 'timed_out_until'
Ignoring exception in on_member_update
Traceback (most recent call last):
  File "/usr/local/lib/python3.12/site-packages/discord/client.py", line 465, in _run_event
    await coro(*args, **kwargs)
  File "/app/asu_discord/cogs/analytics.py", line 652, in on_member_update
    before_timeout = before.timed_out_until
                     ^^^^^^^^^^^^^^^^^^^^^^
AttributeError: 'Member' object has no attribute 'timed_out_until'
Ignoring exception in on_member_update
Traceback (most recent call last):
  File "/usr/local/lib/python3.12/site-packages/discord/client.py", line 465, in _run_event
    await coro(*args, **kwargs)
  File "/app/asu_discord/cogs/analytics.py", line 652, in on_member_update
    before_timeout = before.timed_out_until
                     ^^^^^^^^^^^^^^^^^^^^^^
AttributeError: 'Member' object has no attribute 'timed_out_until'
Ignoring exception in on_member_update
Traceback (most recent call last):
  File "/usr/local/lib/python3.12/site-packages/discord/client.py", line 465, in _run_event
    await coro(*args, **kwargs)
  File "/app/asu_discord/cogs/analytics.py", line 652, in on_member_update
    before_timeout = before.timed_out_until
                     ^^^^^^^^^^^^^^^^^^^^^^
AttributeError: 'Member' object has no attribute 'timed_out_until'
INFO:asu_discord.cogs.verification:Saved 5 roles to database for user caitlin2 (Discord ID: 731662753470873682)
INFO:asu_discord.cogs.verification:Refreshed Salesforce roles for Discord user 731662753470873682: -5/+5 roles, assigned=[Arizona Resident, Commited, First Year, New College of Interdisciplinary Arts and Sciences, Tempe]
Ignoring exception in on_member_update
Traceback (most recent call last):
  File "/usr/local/lib/python3.12/site-packages/discord/client.py", line 465, in _run_event
    await coro(*args, **kwargs)
  File "/app/asu_discord/cogs/analytics.py", line 652, in on_member_update
    before_timeout = before.timed_out_until
                     ^^^^^^^^^^^^^^^^^^^^^^
AttributeError: 'Member' object has no attribute 'timed_out_until'
Ignoring exception in on_member_update
Traceback (most recent call last):
  File "/usr/local/lib/python3.12/site-packages/discord/client.py", line 465, in _run_event
    await coro(*args, **kwargs)
  File "/app/asu_discord/cogs/analytics.py", line 652, in on_member_update
    before_timeout = before.timed_out_until
                     ^^^^^^^^^^^^^^^^^^^^^^
AttributeError: 'Member' object has no attribute 'timed_out_until'
Ignoring exception in on_member_update
Traceback (most recent call last):
  File "/usr/local/lib/python3.12/site-packages/discord/client.py", line 465, in _run_event
    await coro(*args, **kwargs)
  File "/app/asu_discord/cogs/analytics.py", line 652, in on_member_update
    before_timeout = before.timed_out_until
                     ^^^^^^^^^^^^^^^^^^^^^^
AttributeError: 'Member' object has no attribute 'timed_out_until'
Ignoring exception in on_member_update
Traceback (most recent call last):
  File "/usr/local/lib/python3.12/site-packages/discord/client.py", line 465, in _run_event
    await coro(*args, **kwargs)
  File "/app/asu_discord/cogs/analytics.py", line 652, in on_member_update
    before_timeout = before.timed_out_until
                     ^^^^^^^^^^^^^^^^^^^^^^
AttributeError: 'Member' object has no attribute 'timed_out_until'
Ignoring exception in on_member_update
Traceback (most recent call last):
  File "/usr/local/lib/python3.12/site-packages/discord/client.py", line 465, in _run_event
    await coro(*args, **kwargs)
  File "/app/asu_discord/cogs/analytics.py", line 652, in on_member_update
    before_timeout = before.timed_out_until
                     ^^^^^^^^^^^^^^^^^^^^^^
AttributeError: 'Member' object has no attribute 'timed_out_until'
Ignoring exception in on_member_update
Traceback (most recent call last):
  File "/usr/local/lib/python3.12/site-packages/discord/client.py", line 465, in _run_event
    await coro(*args, **kwargs)
  File "/app/asu_discord/cogs/analytics.py", line 652, in on_member_update
    before_timeout = before.timed_out_until
                     ^^^^^^^^^^^^^^^^^^^^^^
AttributeError: 'Member' object has no attribute 'timed_out_until'
Ignoring exception in on_member_update
Traceback (most recent call last):
  File "/usr/local/lib/python3.12/site-packages/discord/client.py", line 465, in _run_event
    await coro(*args, **kwargs)
  File "/app/asu_discord/cogs/analytics.py", line 652, in on_member_update
    before_timeout = before.timed_out_until
                     ^^^^^^^^^^^^^^^^^^^^^^
AttributeError: 'Member' object has no attribute 'timed_out_until'
Ignoring exception in on_member_update
Traceback (most recent call last):
  File "/usr/local/lib/python3.12/site-packages/discord/client.py", line 465, in _run_event
    await coro(*args, **kwargs)
  File "/app/asu_discord/cogs/analytics.py", line 652, in on_member_update
    before_timeout = before.timed_out_until
                     ^^^^^^^^^^^^^^^^^^^^^^
AttributeError: 'Member' object has no attribute 'timed_out_until'
Ignoring exception in on_member_update
Traceback (most recent call last):
  File "/usr/local/lib/python3.12/site-packages/discord/client.py", line 465, in _run_event
    await coro(*args, **kwargs)
  File "/app/asu_discord/cogs/analytics.py", line 652, in on_member_update
    before_timeout = before.timed_out_until
                     ^^^^^^^^^^^^^^^^^^^^^^
AttributeError: 'Member' object has no attribute 'timed_out_until'
Ignoring exception in on_member_update
Traceback (most recent call last):
  File "/usr/local/lib/python3.12/site-packages/discord/client.py", line 465, in _run_event
    await coro(*args, **kwargs)
  File "/app/asu_discord/cogs/analytics.py", line 652, in on_member_update
    before_timeout = before.timed_out_until
                     ^^^^^^^^^^^^^^^^^^^^^^
AttributeError: 'Member' object has no attribute 'timed_out_until'
INFO:asu_discord.cogs.verification:Saved 5 roles to database for user cssingh1 (Discord ID: 746534152848801900)
INFO:asu_discord.cogs.verification:Refreshed Salesforce roles for Discord user 746534152848801900: -5/+5 roles, assigned=[Arizona Resident, College of Liberal Arts and Sciences, Commited, First Year, Polytechnic]
Ignoring exception in on_member_update
Traceback (most recent call last):
  File "/usr/local/lib/python3.12/site-packages/discord/client.py", line 465, in _run_event
    await coro(*args, **kwargs)
  File "/app/asu_discord/cogs/analytics.py", line 652, in on_member_update
    before_timeout = before.timed_out_until
                     ^^^^^^^^^^^^^^^^^^^^^^
AttributeError: 'Member' object has no attribute 'timed_out_until'
Ignoring exception in on_member_update
Traceback (most recent call last):
  File "/usr/local/lib/python3.12/site-packages/discord/client.py", line 465, in _run_event
    await coro(*args, **kwargs)
  File "/app/asu_discord/cogs/analytics.py", line 652, in on_member_update
    before_timeout = before.timed_out_until
                     ^^^^^^^^^^^^^^^^^^^^^^
AttributeError: 'Member' object has no attribute 'timed_out_until'
Ignoring exception in on_member_update
Traceback (most recent call last):
  File "/usr/local/lib/python3.12/site-packages/discord/client.py", line 465, in _run_event
    await coro(*args, **kwargs)
  File "/app/asu_discord/cogs/analytics.py", line 652, in on_member_update
    before_timeout = before.timed_out_until
                     ^^^^^^^^^^^^^^^^^^^^^^
AttributeError: 'Member' object has no attribute 'timed_out_until'
Ignoring exception in on_member_update
Traceback (most recent call last):
  File "/usr/local/lib/python3.12/site-packages/discord/client.py", line 465, in _run_event
    await coro(*args, **kwargs)
  File "/app/asu_discord/cogs/analytics.py", line 652, in on_member_update
    before_timeout = before.timed_out_until
                     ^^^^^^^^^^^^^^^^^^^^^^
AttributeError: 'Member' object has no attribute 'timed_out_until'
Ignoring exception in on_member_update
Traceback (most recent call last):
  File "/usr/local/lib/python3.12/site-packages/discord/client.py", line 465, in _run_event
    await coro(*args, **kwargs)
  File "/app/asu_discord/cogs/analytics.py", line 652, in on_member_update
    before_timeout = before.timed_out_until
                     ^^^^^^^^^^^^^^^^^^^^^^
AttributeError: 'Member' object has no attribute 'timed_out_until'
Ignoring exception in on_member_update
Traceback (most recent call last):
  File "/usr/local/lib/python3.12/site-packages/discord/client.py", line 465, in _run_event
    await coro(*args, **kwargs)
  File "/app/asu_discord/cogs/analytics.py", line 652, in on_member_update
    before_timeout = before.timed_out_until
                     ^^^^^^^^^^^^^^^^^^^^^^
AttributeError: 'Member' object has no attribute 'timed_out_until'
Ignoring exception in on_member_update
Traceback (most recent call last):
  File "/usr/local/lib/python3.12/site-packages/discord/client.py", line 465, in _run_event
    await coro(*args, **kwargs)
  File "/app/asu_discord/cogs/analytics.py", line 652, in on_member_update
    before_timeout = before.timed_out_until
                     ^^^^^^^^^^^^^^^^^^^^^^
AttributeError: 'Member' object has no attribute 'timed_out_until'
Ignoring exception in on_member_update
Traceback (most recent call last):
  File "/usr/local/lib/python3.12/site-packages/discord/client.py", line 465, in _run_event
    await coro(*args, **kwargs)
  File "/app/asu_discord/cogs/analytics.py", line 652, in on_member_update
    before_timeout = before.timed_out_until
                     ^^^^^^^^^^^^^^^^^^^^^^
AttributeError: 'Member' object has no attribute 'timed_out_until'
Ignoring exception in on_member_update
Traceback (most recent call last):
  File "/usr/local/lib/python3.12/site-packages/discord/client.py", line 465, in _run_event
    await coro(*args, **kwargs)
  File "/app/asu_discord/cogs/analytics.py", line 652, in on_member_update
    before_timeout = before.timed_out_until
                     ^^^^^^^^^^^^^^^^^^^^^^
AttributeError: 'Member' object has no attribute 'timed_out_until'
INFO:asu_discord.cogs.verification:Saved 5 roles to database for user jbaezmer (Discord ID: 750747783119765654)
INFO:asu_discord.cogs.verification:Refreshed Salesforce roles for Discord user 750747783119765654: -5/+4 roles, assigned=[Commited, First Year, International Student, Ira A. Fulton Schools of Engineering, Tempe]
Ignoring exception in on_member_update
Traceback (most recent call last):
  File "/usr/local/lib/python3.12/site-packages/discord/client.py", line 465, in _run_event
    await coro(*args, **kwargs)
  File "/app/asu_discord/cogs/analytics.py", line 652, in on_member_update
    before_timeout = before.timed_out_until
                     ^^^^^^^^^^^^^^^^^^^^^^
AttributeError: 'Member' object has no attribute 'timed_out_until'
Ignoring exception in on_member_update
Traceback (most recent call last):
  File "/usr/local/lib/python3.12/site-packages/discord/client.py", line 465, in _run_event
    await coro(*args, **kwargs)
  File "/app/asu_discord/cogs/analytics.py", line 652, in on_member_update
    before_timeout = before.timed_out_until
                     ^^^^^^^^^^^^^^^^^^^^^^
AttributeError: 'Member' object has no attribute 'timed_out_until'
Ignoring exception in on_member_update
Traceback (most recent call last):
  File "/usr/local/lib/python3.12/site-packages/discord/client.py", line 465, in _run_event
    await coro(*args, **kwargs)
  File "/app/asu_discord/cogs/analytics.py", line 652, in on_member_update
    before_timeout = before.timed_out_until
                     ^^^^^^^^^^^^^^^^^^^^^^
AttributeError: 'Member' object has no attribute 'timed_out_until'
Ignoring exception in on_member_update
Traceback (most recent call last):
  File "/usr/local/lib/python3.12/site-packages/discord/client.py", line 465, in _run_event
    await coro(*args, **kwargs)
  File "/app/asu_discord/cogs/analytics.py", line 652, in on_member_update
    before_timeout = before.timed_out_until
                     ^^^^^^^^^^^^^^^^^^^^^^
AttributeError: 'Member' object has no attribute 'timed_out_until'
Ignoring exception in on_member_update
Traceback (most recent call last):
  File "/usr/local/lib/python3.12/site-packages/discord/client.py", line 465, in _run_event
    await coro(*args, **kwargs)
  File "/app/asu_discord/cogs/analytics.py", line 652, in on_member_update
    before_timeout = before.timed_out_until
                     ^^^^^^^^^^^^^^^^^^^^^^
AttributeError: 'Member' object has no attribute 'timed_out_until'
Ignoring exception in on_member_update
Traceback (most recent call last):
  File "/usr/local/lib/python3.12/site-packages/discord/client.py", line 465, in _run_event
    await coro(*args, **kwargs)
  File "/app/asu_discord/cogs/analytics.py", line 652, in on_member_update
    before_timeout = before.timed_out_until
                     ^^^^^^^^^^^^^^^^^^^^^^
AttributeError: 'Member' object has no attribute 'timed_out_until'
Ignoring exception in on_member_update
Traceback (most recent call last):
  File "/usr/local/lib/python3.12/site-packages/discord/client.py", line 465, in _run_event
    await coro(*args, **kwargs)
  File "/app/asu_discord/cogs/analytics.py", line 652, in on_member_update
    before_timeout = before.timed_out_until
                     ^^^^^^^^^^^^^^^^^^^^^^
AttributeError: 'Member' object has no attribute 'timed_out_until'
Ignoring exception in on_member_update
Traceback (most recent call last):
  File "/usr/local/lib/python3.12/site-packages/discord/client.py", line 465, in _run_event
    await coro(*args, **kwargs)
  File "/app/asu_discord/cogs/analytics.py", line 652, in on_member_update
    before_timeout = before.timed_out_until
                     ^^^^^^^^^^^^^^^^^^^^^^
AttributeError: 'Member' object has no attribute 'timed_out_until'
Ignoring exception in on_member_update
Traceback (most recent call last):
  File "/usr/local/lib/python3.12/site-packages/discord/client.py", line 465, in _run_event
    await coro(*args, **kwargs)
  File "/app/asu_discord/cogs/analytics.py", line 652, in on_member_update
    before_timeout = before.timed_out_until
                     ^^^^^^^^^^^^^^^^^^^^^^
AttributeError: 'Member' object has no attribute 'timed_out_until'
Ignoring exception in on_member_update
Traceback (most recent call last):
  File "/usr/local/lib/python3.12/site-packages/discord/client.py", line 465, in _run_event
    await coro(*args, **kwargs)
  File "/app/asu_discord/cogs/analytics.py", line 652, in on_member_update
    before_timeout = before.timed_out_until
                     ^^^^^^^^^^^^^^^^^^^^^^
AttributeError: 'Member' object has no attribute 'timed_out_until'
Ignoring exception in on_member_update
Traceback (most recent call last):
  File "/usr/local/lib/python3.12/site-packages/discord/client.py", line 465, in _run_event
    await coro(*args, **kwargs)
  File "/app/asu_discord/cogs/analytics.py", line 652, in on_member_update
    before_timeout = before.timed_out_until
                     ^^^^^^^^^^^^^^^^^^^^^^
AttributeError: 'Member' object has no attribute 'timed_out_until'
Ignoring exception in on_member_update
Traceback (most recent call last):
  File "/usr/local/lib/python3.12/site-packages/discord/client.py", line 465, in _run_event
    await coro(*args, **kwargs)
  File "/app/asu_discord/cogs/analytics.py", line 652, in on_member_update
    before_timeout = before.timed_out_until
                     ^^^^^^^^^^^^^^^^^^^^^^
AttributeError: 'Member' object has no attribute 'timed_out_until'
Ignoring exception in on_member_update
Traceback (most recent call last):
  File "/usr/local/lib/python3.12/site-packages/discord/client.py", line 465, in _run_event
    await coro(*args, **kwargs)
  File "/app/asu_discord/cogs/analytics.py", line 652, in on_member_update
    before_timeout = before.timed_out_until
                     ^^^^^^^^^^^^^^^^^^^^^^
AttributeError: 'Member' object has no attribute 'timed_out_until'
ERROR:cron.jobs:refresh_salesforce_roles: failed for jfrancoh (Discord ID 299724454429196298): Timed out refresh Salesforce-based roles
ERROR:cron.jobs:refresh_salesforce_roles: failed for aknieri2 (Discord ID 346805519190720512): Failed to refresh Salesforce-based roles: Discord user 346805519190720512 is not a member of the guild
Ignoring exception in on_member_update
Traceback (most recent call last):
  File "/usr/local/lib/python3.12/site-packages/discord/client.py", line 465, in _run_event
    await coro(*args, **kwargs)
  File "/app/asu_discord/cogs/analytics.py", line 652, in on_member_update
    before_timeout = before.timed_out_until
                     ^^^^^^^^^^^^^^^^^^^^^^
AttributeError: 'Member' object has no attribute 'timed_out_until'
Ignoring exception in on_member_update
Traceback (most recent call last):
  File "/usr/local/lib/python3.12/site-packages/discord/client.py", line 465, in _run_event
    await coro(*args, **kwargs)
  File "/app/asu_discord/cogs/analytics.py", line 652, in on_member_update
    before_timeout = before.timed_out_until
                     ^^^^^^^^^^^^^^^^^^^^^^
AttributeError: 'Member' object has no attribute 'timed_out_until'
Ignoring exception in on_member_update
Traceback (most recent call last):
  File "/usr/local/lib/python3.12/site-packages/discord/client.py", line 465, in _run_event
    await coro(*args, **kwargs)
  File "/app/asu_discord/cogs/analytics.py", line 652, in on_member_update
    before_timeout = before.timed_out_until
                     ^^^^^^^^^^^^^^^^^^^^^^
AttributeError: 'Member' object has no attribute 'timed_out_until'
Ignoring exception in on_member_update
Traceback (most recent call last):
  File "/usr/local/lib/python3.12/site-packages/discord/client.py", line 465, in _run_event
    await coro(*args, **kwargs)
  File "/app/asu_discord/cogs/analytics.py", line 652, in on_member_update
    before_timeout = before.timed_out_until
                     ^^^^^^^^^^^^^^^^^^^^^^
AttributeError: 'Member' object has no attribute 'timed_out_until'
Ignoring exception in on_member_update
Traceback (most recent call last):
  File "/usr/local/lib/python3.12/site-packages/discord/client.py", line 465, in _run_event
    await coro(*args, **kwargs)
  File "/app/asu_discord/cogs/analytics.py", line 652, in on_member_update
    before_timeout = before.timed_out_until
                     ^^^^^^^^^^^^^^^^^^^^^^
AttributeError: 'Member' object has no attribute 'timed_out_until'
Ignoring exception in on_member_update
Traceback (most recent call last):
  File "/usr/local/lib/python3.12/site-packages/discord/client.py", line 465, in _run_event
    await coro(*args, **kwargs)
  File "/app/asu_discord/cogs/analytics.py", line 652, in on_member_update
    before_timeout = before.timed_out_until
                     ^^^^^^^^^^^^^^^^^^^^^^
AttributeError: 'Member' object has no attribute 'timed_out_until'
Ignoring exception in on_member_update
Traceback (most recent call last):
  File "/usr/local/lib/python3.12/site-packages/discord/client.py", line 465, in _run_event
    await coro(*args, **kwargs)
  File "/app/asu_discord/cogs/analytics.py", line 652, in on_member_update
    before_timeout = before.timed_out_until
                     ^^^^^^^^^^^^^^^^^^^^^^
AttributeError: 'Member' object has no attribute 'timed_out_until'
Ignoring exception in on_member_update
Traceback (most recent call last):
  File "/usr/local/lib/python3.12/site-packages/discord/client.py", line 465, in _run_event
    await coro(*args, **kwargs)
  File "/app/asu_discord/cogs/analytics.py", line 652, in on_member_update
    before_timeout = before.timed_out_until
                     ^^^^^^^^^^^^^^^^^^^^^^
AttributeError: 'Member' object has no attribute 'timed_out_until'
Ignoring exception in on_member_update
Traceback (most recent call last):
  File "/usr/local/lib/python3.12/site-packages/discord/client.py", line 465, in _run_event
    await coro(*args, **kwargs)
  File "/app/asu_discord/cogs/analytics.py", line 652, in on_member_update
    before_timeout = before.timed_out_until
                     ^^^^^^^^^^^^^^^^^^^^^^
AttributeError: 'Member' object has no attribute 'timed_out_until'
INFO:asu_discord.cogs.verification:Saved 5 roles to database for user hazazuet (Discord ID: 683420943154020358)
INFO:asu_discord.cogs.verification:Refreshed Salesforce roles for Discord user 683420943154020358: -5/+4 roles, assigned=[Arizona Resident, Commited, First Year, Tempe, W.P. Carey School of Business]
Ignoring exception in on_member_update
Traceback (most recent call last):
  File "/usr/local/lib/python3.12/site-packages/discord/client.py", line 465, in _run_event
    await coro(*args, **kwargs)
  File "/app/asu_discord/cogs/analytics.py", line 652, in on_member_update
    before_timeout = before.timed_out_until
                     ^^^^^^^^^^^^^^^^^^^^^^
AttributeError: 'Member' object has no attribute 'timed_out_until'
Ignoring exception in on_member_update
Traceback (most recent call last):
  File "/usr/local/lib/python3.12/site-packages/discord/client.py", line 465, in _run_event
    await coro(*args, **kwargs)
  File "/app/asu_discord/cogs/analytics.py", line 652, in on_member_update
    before_timeout = before.timed_out_until
                     ^^^^^^^^^^^^^^^^^^^^^^
AttributeError: 'Member' object has no attribute 'timed_out_until'
Ignoring exception in on_member_update
Traceback (most recent call last):
  File "/usr/local/lib/python3.12/site-packages/discord/client.py", line 465, in _run_event
    await coro(*args, **kwargs)
  File "/app/asu_discord/cogs/analytics.py", line 652, in on_member_update
    before_timeout = before.timed_out_until
                     ^^^^^^^^^^^^^^^^^^^^^^
AttributeError: 'Member' object has no attribute 'timed_out_until'
Ignoring exception in on_member_update
Traceback (most recent call last):
  File "/usr/local/lib/python3.12/site-packages/discord/client.py", line 465, in _run_event
    await coro(*args, **kwargs)
  File "/app/asu_discord/cogs/analytics.py", line 652, in on_member_update
    before_timeout = before.timed_out_until
                     ^^^^^^^^^^^^^^^^^^^^^^
AttributeError: 'Member' object has no attribute 'timed_out_until'
Ignoring exception in on_member_update
Traceback (most recent call last):
  File "/usr/local/lib/python3.12/site-packages/discord/client.py", line 465, in _run_event
    await coro(*args, **kwargs)
  File "/app/asu_discord/cogs/analytics.py", line 652, in on_member_update
    before_timeout = before.timed_out_until
                     ^^^^^^^^^^^^^^^^^^^^^^
AttributeError: 'Member' object has no attribute 'timed_out_until'
Ignoring exception in on_member_update
Traceback (most recent call last):
  File "/usr/local/lib/python3.12/site-packages/discord/client.py", line 465, in _run_event
    await coro(*args, **kwargs)
  File "/app/asu_discord/cogs/analytics.py", line 652, in on_member_update
    before_timeout = before.timed_out_until
                     ^^^^^^^^^^^^^^^^^^^^^^
AttributeError: 'Member' object has no attribute 'timed_out_until'
Ignoring exception in on_member_update
Traceback (most recent call last):
  File "/usr/local/lib/python3.12/site-packages/discord/client.py", line 465, in _run_event
    await coro(*args, **kwargs)
  File "/app/asu_discord/cogs/analytics.py", line 652, in on_member_update
    before_timeout = before.timed_out_until
                     ^^^^^^^^^^^^^^^^^^^^^^
AttributeError: 'Member' object has no attribute 'timed_out_until'
Ignoring exception in on_member_update
Traceback (most recent call last):
  File "/usr/local/lib/python3.12/site-packages/discord/client.py", line 465, in _run_event
    await coro(*args, **kwargs)
  File "/app/asu_discord/cogs/analytics.py", line 652, in on_member_update
    before_timeout = before.timed_out_until
                     ^^^^^^^^^^^^^^^^^^^^^^
AttributeError: 'Member' object has no attribute 'timed_out_until'
Ignoring exception in on_member_update
Traceback (most recent call last):
  File "/usr/local/lib/python3.12/site-packages/discord/client.py", line 465, in _run_event
    await coro(*args, **kwargs)
  File "/app/asu_discord/cogs/analytics.py", line 652, in on_member_update
    before_timeout = before.timed_out_until
                     ^^^^^^^^^^^^^^^^^^^^^^
AttributeError: 'Member' object has no attribute 'timed_out_until'
Ignoring exception in on_member_update
Traceback (most recent call last):
  File "/usr/local/lib/python3.12/site-packages/discord/client.py", line 465, in _run_event
    await coro(*args, **kwargs)
  File "/app/asu_discord/cogs/analytics.py", line 652, in on_member_update
    before_timeout = before.timed_out_until
                     ^^^^^^^^^^^^^^^^^^^^^^
AttributeError: 'Member' object has no attribute 'timed_out_until'
INFO:asu_discord.cogs.verification:Saved 5 roles to database for user rpate323 (Discord ID: 719639632798810122)
INFO:asu_discord.cogs.verification:Refreshed Salesforce roles for Discord user 719639632798810122: -5/+5 roles, assigned=[Commited, Graduate Student, International Student, Ira A. Fulton Schools of Engineering, Polytechnic]
ERROR:cron.jobs:refresh_salesforce_roles: failed for ceminogl (Discord ID 1493162540157636710): Failed to refresh Salesforce-based roles: Discord user 1493162540157636710 is not a member of the guild
Ignoring exception in on_member_update
Traceback (most recent call last):
  File "/usr/local/lib/python3.12/site-packages/discord/client.py", line 465, in _run_event
    await coro(*args, **kwargs)
  File "/app/asu_discord/cogs/analytics.py", line 652, in on_member_update
    before_timeout = before.timed_out_until
                     ^^^^^^^^^^^^^^^^^^^^^^
AttributeError: 'Member' object has no attribute 'timed_out_until'
Ignoring exception in on_member_update
Traceback (most recent call last):
  File "/usr/local/lib/python3.12/site-packages/discord/client.py", line 465, in _run_event
    await coro(*args, **kwargs)
  File "/app/asu_discord/cogs/analytics.py", line 652, in on_member_update
    before_timeout = before.timed_out_until
                     ^^^^^^^^^^^^^^^^^^^^^^
AttributeError: 'Member' object has no attribute 'timed_out_until'
Ignoring exception in on_member_update
Traceback (most recent call last):
  File "/usr/local/lib/python3.12/site-packages/discord/client.py", line 465, in _run_event
    await coro(*args, **kwargs)
  File "/app/asu_discord/cogs/analytics.py", line 652, in on_member_update
    before_timeout = before.timed_out_until
                     ^^^^^^^^^^^^^^^^^^^^^^
AttributeError: 'Member' object has no attribute 'timed_out_until'
Ignoring exception in on_member_update
Traceback (most recent call last):
  File "/usr/local/lib/python3.12/site-packages/discord/client.py", line 465, in _run_event
    await coro(*args, **kwargs)
  File "/app/asu_discord/cogs/analytics.py", line 652, in on_member_update
    before_timeout = before.timed_out_until
                     ^^^^^^^^^^^^^^^^^^^^^^
AttributeError: 'Member' object has no attribute 'timed_out_until'
Ignoring exception in on_member_update
Traceback (most recent call last):
  File "/usr/local/lib/python3.12/site-packages/discord/client.py", line 465, in _run_event
    await coro(*args, **kwargs)
  File "/app/asu_discord/cogs/analytics.py", line 652, in on_member_update
    before_timeout = before.timed_out_until
                     ^^^^^^^^^^^^^^^^^^^^^^
AttributeError: 'Member' object has no attribute 'timed_out_until'
Ignoring exception in on_member_update
Traceback (most recent call last):
  File "/usr/local/lib/python3.12/site-packages/discord/client.py", line 465, in _run_event
    await coro(*args, **kwargs)
  File "/app/asu_discord/cogs/analytics.py", line 652, in on_member_update
    before_timeout = before.timed_out_until
                     ^^^^^^^^^^^^^^^^^^^^^^
AttributeError: 'Member' object has no attribute 'timed_out_until'
INFO:asu_discord.cogs.verification:Saved 3 roles to database for user dganiuly (Discord ID: 687705654538141743)
INFO:asu_discord.cogs.verification:Refreshed Salesforce roles for Discord user 687705654538141743: -3/+3 roles, assigned=[Graduate Student, Ira A. Fulton Schools of Engineering, Tempe]
Ignoring exception in on_member_update
Traceback (most recent call last):
  File "/usr/local/lib/python3.12/site-packages/discord/client.py", line 465, in _run_event
    await coro(*args, **kwargs)
  File "/app/asu_discord/cogs/analytics.py", line 652, in on_member_update
    before_timeout = before.timed_out_until
                     ^^^^^^^^^^^^^^^^^^^^^^
AttributeError: 'Member' object has no attribute 'timed_out_until'
Ignoring exception in on_member_update
Traceback (most recent call last):
  File "/usr/local/lib/python3.12/site-packages/discord/client.py", line 465, in _run_event
    await coro(*args, **kwargs)
  File "/app/asu_discord/cogs/analytics.py", line 652, in on_member_update
    before_timeout = before.timed_out_until
                     ^^^^^^^^^^^^^^^^^^^^^^
AttributeError: 'Member' object has no attribute 'timed_out_until'
Ignoring exception in on_member_update
Traceback (most recent call last):
  File "/usr/local/lib/python3.12/site-packages/discord/client.py", line 465, in _run_event
    await coro(*args, **kwargs)
  File "/app/asu_discord/cogs/analytics.py", line 652, in on_member_update
    before_timeout = before.timed_out_until
                     ^^^^^^^^^^^^^^^^^^^^^^
AttributeError: 'Member' object has no attribute 'timed_out_until'
Ignoring exception in on_member_update
Traceback (most recent call last):
  File "/usr/local/lib/python3.12/site-packages/discord/client.py", line 465, in _run_event
    await coro(*args, **kwargs)
  File "/app/asu_discord/cogs/analytics.py", line 652, in on_member_update
    before_timeout = before.timed_out_until
                     ^^^^^^^^^^^^^^^^^^^^^^
AttributeError: 'Member' object has no attribute 'timed_out_until'
Ignoring exception in on_member_update
Traceback (most recent call last):
  File "/usr/local/lib/python3.12/site-packages/discord/client.py", line 465, in _run_event
    await coro(*args, **kwargs)
  File "/app/asu_discord/cogs/analytics.py", line 652, in on_member_update
    before_timeout = before.timed_out_until
                     ^^^^^^^^^^^^^^^^^^^^^^
AttributeError: 'Member' object has no attribute 'timed_out_until'
Ignoring exception in on_member_update
Traceback (most recent call last):
  File "/usr/local/lib/python3.12/site-packages/discord/client.py", line 465, in _run_event
    await coro(*args, **kwargs)
  File "/app/asu_discord/cogs/analytics.py", line 652, in on_member_update
    before_timeout = before.timed_out_until
                     ^^^^^^^^^^^^^^^^^^^^^^
AttributeError: 'Member' object has no attribute 'timed_out_until'
Ignoring exception in on_member_update
Traceback (most recent call last):
  File "/usr/local/lib/python3.12/site-packages/discord/client.py", line 465, in _run_event
    await coro(*args, **kwargs)
  File "/app/asu_discord/cogs/analytics.py", line 652, in on_member_update
    before_timeout = before.timed_out_until
                     ^^^^^^^^^^^^^^^^^^^^^^
AttributeError: 'Member' object has no attribute 'timed_out_until'
Ignoring exception in on_member_update
Traceback (most recent call last):
  File "/usr/local/lib/python3.12/site-packages/discord/client.py", line 465, in _run_event
    await coro(*args, **kwargs)
  File "/app/asu_discord/cogs/analytics.py", line 652, in on_member_update
    before_timeout = before.timed_out_until
                     ^^^^^^^^^^^^^^^^^^^^^^
AttributeError: 'Member' object has no attribute 'timed_out_until'
Ignoring exception in on_member_update
Traceback (most recent call last):
  File "/usr/local/lib/python3.12/site-packages/discord/client.py", line 465, in _run_event
    await coro(*args, **kwargs)
  File "/app/asu_discord/cogs/analytics.py", line 652, in on_member_update
    before_timeout = before.timed_out_until
                     ^^^^^^^^^^^^^^^^^^^^^^
AttributeError: 'Member' object has no attribute 'timed_out_until'
Ignoring exception in on_member_update
Traceback (most recent call last):
  File "/usr/local/lib/python3.12/site-packages/discord/client.py", line 465, in _run_event
    await coro(*args, **kwargs)
  File "/app/asu_discord/cogs/analytics.py", line 652, in on_member_update
    before_timeout = before.timed_out_until
                     ^^^^^^^^^^^^^^^^^^^^^^
AttributeError: 'Member' object has no attribute 'timed_out_until'
INFO:asu_discord.cogs.verification:Saved 5 roles to database for user pdtucker (Discord ID: 837729956452237353)
INFO:asu_discord.cogs.verification:Refreshed Salesforce roles for Discord user 837729956452237353: -5/+5 roles, assigned=[Commited, First Year, Out of State, Tempe, University College]
Ignoring exception in on_member_update
Traceback (most recent call last):
  File "/usr/local/lib/python3.12/site-packages/discord/client.py", line 465, in _run_event
    await coro(*args, **kwargs)
  File "/app/asu_discord/cogs/analytics.py", line 652, in on_member_update
    before_timeout = before.timed_out_until
                     ^^^^^^^^^^^^^^^^^^^^^^
AttributeError: 'Member' object has no attribute 'timed_out_until'
Ignoring exception in on_member_update
Traceback (most recent call last):
  File "/usr/local/lib/python3.12/site-packages/discord/client.py", line 465, in _run_event
    await coro(*args, **kwargs)
  File "/app/asu_discord/cogs/analytics.py", line 652, in on_member_update
    before_timeout = before.timed_out_until
                     ^^^^^^^^^^^^^^^^^^^^^^
AttributeError: 'Member' object has no attribute 'timed_out_until'
Ignoring exception in on_member_update
Traceback (most recent call last):
  File "/usr/local/lib/python3.12/site-packages/discord/client.py", line 465, in _run_event
    await coro(*args, **kwargs)
  File "/app/asu_discord/cogs/analytics.py", line 652, in on_member_update
    before_timeout = before.timed_out_until
                     ^^^^^^^^^^^^^^^^^^^^^^
AttributeError: 'Member' object has no attribute 'timed_out_until'
Ignoring exception in on_member_update
Traceback (most recent call last):
  File "/usr/local/lib/python3.12/site-packages/discord/client.py", line 465, in _run_event
    await coro(*args, **kwargs)
  File "/app/asu_discord/cogs/analytics.py", line 652, in on_member_update
    before_timeout = before.timed_out_until
                     ^^^^^^^^^^^^^^^^^^^^^^
AttributeError: 'Member' object has no attribute 'timed_out_until'
Ignoring exception in on_member_update
Traceback (most recent call last):
  File "/usr/local/lib/python3.12/site-packages/discord/client.py", line 465, in _run_event
    await coro(*args, **kwargs)
  File "/app/asu_discord/cogs/analytics.py", line 652, in on_member_update
    before_timeout = before.timed_out_until
                     ^^^^^^^^^^^^^^^^^^^^^^
AttributeError: 'Member' object has no attribute 'timed_out_until'
Ignoring exception in on_member_update
Traceback (most recent call last):
  File "/usr/local/lib/python3.12/site-packages/discord/client.py", line 465, in _run_event
    await coro(*args, **kwargs)
  File "/app/asu_discord/cogs/analytics.py", line 652, in on_member_update
    before_timeout = before.timed_out_until
                     ^^^^^^^^^^^^^^^^^^^^^^
AttributeError: 'Member' object has no attribute 'timed_out_until'
Ignoring exception in on_member_update
Traceback (most recent call last):
  File "/usr/local/lib/python3.12/site-packages/discord/client.py", line 465, in _run_event
    await coro(*args, **kwargs)
  File "/app/asu_discord/cogs/analytics.py", line 652, in on_member_update
    before_timeout = before.timed_out_until
                     ^^^^^^^^^^^^^^^^^^^^^^
AttributeError: 'Member' object has no attribute 'timed_out_until'
Ignoring exception in on_member_update
Traceback (most recent call last):
  File "/usr/local/lib/python3.12/site-packages/discord/client.py", line 465, in _run_event
    await coro(*args, **kwargs)
  File "/app/asu_discord/cogs/analytics.py", line 652, in on_member_update
    before_timeout = before.timed_out_until
                     ^^^^^^^^^^^^^^^^^^^^^^
AttributeError: 'Member' object has no attribute 'timed_out_until'
INFO:asu_discord.cogs.verification:Saved 4 roles to database for user csocias (Discord ID: 1493237983908860224)
INFO:asu_discord.cogs.verification:Refreshed Salesforce roles for Discord user 1493237983908860224: -4/+4 roles, assigned=[College of Liberal Arts and Sciences, Graduate Student, Out of State, Tempe]
Ignoring exception in on_member_update
Traceback (most recent call last):
  File "/usr/local/lib/python3.12/site-packages/discord/client.py", line 465, in _run_event
    await coro(*args, **kwargs)
  File "/app/asu_discord/cogs/analytics.py", line 652, in on_member_update
    before_timeout = before.timed_out_until
                     ^^^^^^^^^^^^^^^^^^^^^^
AttributeError: 'Member' object has no attribute 'timed_out_until'
Ignoring exception in on_member_update
Traceback (most recent call last):
  File "/usr/local/lib/python3.12/site-packages/discord/client.py", line 465, in _run_event
    await coro(*args, **kwargs)
  File "/app/asu_discord/cogs/analytics.py", line 652, in on_member_update
    before_timeout = before.timed_out_until
                     ^^^^^^^^^^^^^^^^^^^^^^
AttributeError: 'Member' object has no attribute 'timed_out_until'
Ignoring exception in on_member_update
Traceback (most recent call last):
  File "/usr/local/lib/python3.12/site-packages/discord/client.py", line 465, in _run_event
    await coro(*args, **kwargs)
  File "/app/asu_discord/cogs/analytics.py", line 652, in on_member_update
    before_timeout = before.timed_out_until
                     ^^^^^^^^^^^^^^^^^^^^^^
AttributeError: 'Member' object has no attribute 'timed_out_until'
Ignoring exception in on_member_update
Traceback (most recent call last):
  File "/usr/local/lib/python3.12/site-packages/discord/client.py", line 465, in _run_event
    await coro(*args, **kwargs)
  File "/app/asu_discord/cogs/analytics.py", line 652, in on_member_update
    before_timeout = before.timed_out_until
                     ^^^^^^^^^^^^^^^^^^^^^^
AttributeError: 'Member' object has no attribute 'timed_out_until'
Ignoring exception in on_member_update
Traceback (most recent call last):
  File "/usr/local/lib/python3.12/site-packages/discord/client.py", line 465, in _run_event
    await coro(*args, **kwargs)
  File "/app/asu_discord/cogs/analytics.py", line 652, in on_member_update
    before_timeout = before.timed_out_until
                     ^^^^^^^^^^^^^^^^^^^^^^
AttributeError: 'Member' object has no attribute 'timed_out_until'
Ignoring exception in on_member_update
Traceback (most recent call last):
  File "/usr/local/lib/python3.12/site-packages/discord/client.py", line 465, in _run_event
    await coro(*args, **kwargs)
  File "/app/asu_discord/cogs/analytics.py", line 652, in on_member_update
    before_timeout = before.timed_out_until
                     ^^^^^^^^^^^^^^^^^^^^^^
AttributeError: 'Member' object has no attribute 'timed_out_until'
Ignoring exception in on_member_update
Traceback (most recent call last):
  File "/usr/local/lib/python3.12/site-packages/discord/client.py", line 465, in _run_event
    await coro(*args, **kwargs)
  File "/app/asu_discord/cogs/analytics.py", line 652, in on_member_update
    before_timeout = before.timed_out_until
                     ^^^^^^^^^^^^^^^^^^^^^^
AttributeError: 'Member' object has no attribute 'timed_out_until'
Ignoring exception in on_member_update
Traceback (most recent call last):
  File "/usr/local/lib/python3.12/site-packages/discord/client.py", line 465, in _run_event
    await coro(*args, **kwargs)
  File "/app/asu_discord/cogs/analytics.py", line 652, in on_member_update
    before_timeout = before.timed_out_until
                     ^^^^^^^^^^^^^^^^^^^^^^
AttributeError: 'Member' object has no attribute 'timed_out_until'
Ignoring exception in on_member_update
Traceback (most recent call last):
  File "/usr/local/lib/python3.12/site-packages/discord/client.py", line 465, in _run_event
    await coro(*args, **kwargs)
  File "/app/asu_discord/cogs/analytics.py", line 652, in on_member_update
    before_timeout = before.timed_out_until
                     ^^^^^^^^^^^^^^^^^^^^^^
AttributeError: 'Member' object has no attribute 'timed_out_until'
INFO:asu_discord.cogs.verification:Saved 5 roles to database for user fmayrink (Discord ID: 728313100893421720)
INFO:asu_discord.cogs.verification:Refreshed Salesforce roles for Discord user 728313100893421720: -5/+4 roles, assigned=[Commited, First Year, International Student, W.P. Carey School of Business, West Valley]
Ignoring exception in on_member_update
Traceback (most recent call last):
  File "/usr/local/lib/python3.12/site-packages/discord/client.py", line 465, in _run_event
    await coro(*args, **kwargs)
  File "/app/asu_discord/cogs/analytics.py", line 652, in on_member_update
    before_timeout = before.timed_out_until
                     ^^^^^^^^^^^^^^^^^^^^^^
AttributeError: 'Member' object has no attribute 'timed_out_until'
Ignoring exception in on_member_update
Traceback (most recent call last):
  File "/usr/local/lib/python3.12/site-packages/discord/client.py", line 465, in _run_event
    await coro(*args, **kwargs)
  File "/app/asu_discord/cogs/analytics.py", line 652, in on_member_update
    before_timeout = before.timed_out_until
                     ^^^^^^^^^^^^^^^^^^^^^^
AttributeError: 'Member' object has no attribute 'timed_out_until'
Ignoring exception in on_member_update
Traceback (most recent call last):
  File "/usr/local/lib/python3.12/site-packages/discord/client.py", line 465, in _run_event
    await coro(*args, **kwargs)
  File "/app/asu_discord/cogs/analytics.py", line 652, in on_member_update
    before_timeout = before.timed_out_until
                     ^^^^^^^^^^^^^^^^^^^^^^
AttributeError: 'Member' object has no attribute 'timed_out_until'
Ignoring exception in on_member_update
Traceback (most recent call last):
  File "/usr/local/lib/python3.12/site-packages/discord/client.py", line 465, in _run_event
    await coro(*args, **kwargs)
  File "/app/asu_discord/cogs/analytics.py", line 652, in on_member_update
    before_timeout = before.timed_out_until
                     ^^^^^^^^^^^^^^^^^^^^^^
AttributeError: 'Member' object has no attribute 'timed_out_until'
Ignoring exception in on_member_update
Traceback (most recent call last):
  File "/usr/local/lib/python3.12/site-packages/discord/client.py", line 465, in _run_event
    await coro(*args, **kwargs)
  File "/app/asu_discord/cogs/analytics.py", line 652, in on_member_update
    before_timeout = before.timed_out_until
                     ^^^^^^^^^^^^^^^^^^^^^^
AttributeError: 'Member' object has no attribute 'timed_out_until'
Ignoring exception in on_member_update
Traceback (most recent call last):
  File "/usr/local/lib/python3.12/site-packages/discord/client.py", line 465, in _run_event
    await coro(*args, **kwargs)
  File "/app/asu_discord/cogs/analytics.py", line 652, in on_member_update
    before_timeout = before.timed_out_until
                     ^^^^^^^^^^^^^^^^^^^^^^
AttributeError: 'Member' object has no attribute 'timed_out_until'
Ignoring exception in on_member_update
Traceback (most recent call last):
  File "/usr/local/lib/python3.12/site-packages/discord/client.py", line 465, in _run_event
    await coro(*args, **kwargs)
  File "/app/asu_discord/cogs/analytics.py", line 652, in on_member_update
    before_timeout = before.timed_out_until
                     ^^^^^^^^^^^^^^^^^^^^^^
AttributeError: 'Member' object has no attribute 'timed_out_until'
Ignoring exception in on_member_update
Traceback (most recent call last):
  File "/usr/local/lib/python3.12/site-packages/discord/client.py", line 465, in _run_event
    await coro(*args, **kwargs)
  File "/app/asu_discord/cogs/analytics.py", line 652, in on_member_update
    before_timeout = before.timed_out_until
                     ^^^^^^^^^^^^^^^^^^^^^^
AttributeError: 'Member' object has no attribute 'timed_out_until'
Ignoring exception in on_member_update
Traceback (most recent call last):
  File "/usr/local/lib/python3.12/site-packages/discord/client.py", line 465, in _run_event
    await coro(*args, **kwargs)
  File "/app/asu_discord/cogs/analytics.py", line 652, in on_member_update
    before_timeout = before.timed_out_until
                     ^^^^^^^^^^^^^^^^^^^^^^
AttributeError: 'Member' object has no attribute 'timed_out_until'
Ignoring exception in on_member_update
Traceback (most recent call last):
  File "/usr/local/lib/python3.12/site-packages/discord/client.py", line 465, in _run_event
    await coro(*args, **kwargs)
  File "/app/asu_discord/cogs/analytics.py", line 652, in on_member_update
    before_timeout = before.timed_out_until
                     ^^^^^^^^^^^^^^^^^^^^^^
AttributeError: 'Member' object has no attribute 'timed_out_until'
Ignoring exception in on_member_update
Traceback (most recent call last):
  File "/usr/local/lib/python3.12/site-packages/discord/client.py", line 465, in _run_event
    await coro(*args, **kwargs)
  File "/app/asu_discord/cogs/analytics.py", line 652, in on_member_update
    before_timeout = before.timed_out_until
                     ^^^^^^^^^^^^^^^^^^^^^^
AttributeError: 'Member' object has no attribute 'timed_out_until'
Ignoring exception in on_member_update
Traceback (most recent call last):
  File "/usr/local/lib/python3.12/site-packages/discord/client.py", line 465, in _run_event
    await coro(*args, **kwargs)
  File "/app/asu_discord/cogs/analytics.py", line 652, in on_member_update
    before_timeout = before.timed_out_until
                     ^^^^^^^^^^^^^^^^^^^^^^
AttributeError: 'Member' object has no attribute 'timed_out_until'
INFO:asu_discord.cogs.verification:Saved 6 roles to database for user irgarret (Discord ID: 1247886889348763649)
INFO:asu_discord.cogs.verification:Refreshed Salesforce roles for Discord user 1247886889348763649: -6/+6 roles, assigned=[Arizona Resident, College of Liberal Arts and Sciences, Commited, First Generation Student, First Year, Tempe]
Ignoring exception in on_member_update
Traceback (most recent call last):
  File "/usr/local/lib/python3.12/site-packages/discord/client.py", line 465, in _run_event
    await coro(*args, **kwargs)
  File "/app/asu_discord/cogs/analytics.py", line 652, in on_member_update
    before_timeout = before.timed_out_until
                     ^^^^^^^^^^^^^^^^^^^^^^
AttributeError: 'Member' object has no attribute 'timed_out_until'
Ignoring exception in on_member_update
Traceback (most recent call last):
  File "/usr/local/lib/python3.12/site-packages/discord/client.py", line 465, in _run_event
    await coro(*args, **kwargs)
  File "/app/asu_discord/cogs/analytics.py", line 652, in on_member_update
    before_timeout = before.timed_out_until
                     ^^^^^^^^^^^^^^^^^^^^^^
AttributeError: 'Member' object has no attribute 'timed_out_until'
Ignoring exception in on_member_update
Traceback (most recent call last):
  File "/usr/local/lib/python3.12/site-packages/discord/client.py", line 465, in _run_event
    await coro(*args, **kwargs)
  File "/app/asu_discord/cogs/analytics.py", line 652, in on_member_update
    before_timeout = before.timed_out_until
                     ^^^^^^^^^^^^^^^^^^^^^^
AttributeError: 'Member' object has no attribute 'timed_out_until'
Ignoring exception in on_member_update
Traceback (most recent call last):
  File "/usr/local/lib/python3.12/site-packages/discord/client.py", line 465, in _run_event
    await coro(*args, **kwargs)
  File "/app/asu_discord/cogs/analytics.py", line 652, in on_member_update
    before_timeout = before.timed_out_until
                     ^^^^^^^^^^^^^^^^^^^^^^
AttributeError: 'Member' object has no attribute 'timed_out_until'
Ignoring exception in on_member_update
Traceback (most recent call last):
  File "/usr/local/lib/python3.12/site-packages/discord/client.py", line 465, in _run_event
    await coro(*args, **kwargs)
  File "/app/asu_discord/cogs/analytics.py", line 652, in on_member_update
    before_timeout = before.timed_out_until
                     ^^^^^^^^^^^^^^^^^^^^^^
AttributeError: 'Member' object has no attribute 'timed_out_until'
Ignoring exception in on_member_update
Traceback (most recent call last):
  File "/usr/local/lib/python3.12/site-packages/discord/client.py", line 465, in _run_event
    await coro(*args, **kwargs)
  File "/app/asu_discord/cogs/analytics.py", line 652, in on_member_update
    before_timeout = before.timed_out_until
                     ^^^^^^^^^^^^^^^^^^^^^^
AttributeError: 'Member' object has no attribute 'timed_out_until'
Ignoring exception in on_member_update
Traceback (most recent call last):
  File "/usr/local/lib/python3.12/site-packages/discord/client.py", line 465, in _run_event
    await coro(*args, **kwargs)
  File "/app/asu_discord/cogs/analytics.py", line 652, in on_member_update
    before_timeout = before.timed_out_until
                     ^^^^^^^^^^^^^^^^^^^^^^
AttributeError: 'Member' object has no attribute 'timed_out_until'
Ignoring exception in on_member_update
Traceback (most recent call last):
  File "/usr/local/lib/python3.12/site-packages/discord/client.py", line 465, in _run_event
    await coro(*args, **kwargs)
  File "/app/asu_discord/cogs/analytics.py", line 652, in on_member_update
    before_timeout = before.timed_out_until
                     ^^^^^^^^^^^^^^^^^^^^^^
AttributeError: 'Member' object has no attribute 'timed_out_until'
Ignoring exception in on_member_update
Traceback (most recent call last):
  File "/usr/local/lib/python3.12/site-packages/discord/client.py", line 465, in _run_event
    await coro(*args, **kwargs)
  File "/app/asu_discord/cogs/analytics.py", line 652, in on_member_update
    before_timeout = before.timed_out_until
                     ^^^^^^^^^^^^^^^^^^^^^^
AttributeError: 'Member' object has no attribute 'timed_out_until'
Ignoring exception in on_member_update
Traceback (most recent call last):
  File "/usr/local/lib/python3.12/site-packages/discord/client.py", line 465, in _run_event
    await coro(*args, **kwargs)
  File "/app/asu_discord/cogs/analytics.py", line 652, in on_member_update
    before_timeout = before.timed_out_until
                     ^^^^^^^^^^^^^^^^^^^^^^
AttributeError: 'Member' object has no attribute 'timed_out_until'
Ignoring exception in on_member_update
Traceback (most recent call last):
  File "/usr/local/lib/python3.12/site-packages/discord/client.py", line 465, in _run_event
    await coro(*args, **kwargs)
  File "/app/asu_discord/cogs/analytics.py", line 652, in on_member_update
    before_timeout = before.timed_out_until
                     ^^^^^^^^^^^^^^^^^^^^^^
AttributeError: 'Member' object has no attribute 'timed_out_until'
Ignoring exception in on_member_update
Traceback (most recent call last):
  File "/usr/local/lib/python3.12/site-packages/discord/client.py", line 465, in _run_event
    await coro(*args, **kwargs)
  File "/app/asu_discord/cogs/analytics.py", line 652, in on_member_update
    before_timeout = before.timed_out_until
                     ^^^^^^^^^^^^^^^^^^^^^^
AttributeError: 'Member' object has no attribute 'timed_out_until'
INFO:asu_discord.cogs.verification:Saved 6 roles to database for user hsalaman (Discord ID: 246711396803280896)
INFO:asu_discord.cogs.verification:Refreshed Salesforce roles for Discord user 246711396803280896: -6/+6 roles, assigned=[Arizona Resident, Commited, First Year, Ira A. Fulton Schools of Engineering, Tempe, Upperclassmen]
Ignoring exception in on_member_update
Traceback (most recent call last):
  File "/usr/local/lib/python3.12/site-packages/discord/client.py", line 465, in _run_event
    await coro(*args, **kwargs)
  File "/app/asu_discord/cogs/analytics.py", line 652, in on_member_update
    before_timeout = before.timed_out_until
                     ^^^^^^^^^^^^^^^^^^^^^^
AttributeError: 'Member' object has no attribute 'timed_out_until'
Ignoring exception in on_member_update
Traceback (most recent call last):
  File "/usr/local/lib/python3.12/site-packages/discord/client.py", line 465, in _run_event
    await coro(*args, **kwargs)
  File "/app/asu_discord/cogs/analytics.py", line 652, in on_member_update
    before_timeout = before.timed_out_until
                     ^^^^^^^^^^^^^^^^^^^^^^
AttributeError: 'Member' object has no attribute 'timed_out_until'
Ignoring exception in on_member_update
Traceback (most recent call last):
  File "/usr/local/lib/python3.12/site-packages/discord/client.py", line 465, in _run_event
    await coro(*args, **kwargs)
  File "/app/asu_discord/cogs/analytics.py", line 652, in on_member_update
    before_timeout = before.timed_out_until
                     ^^^^^^^^^^^^^^^^^^^^^^
AttributeError: 'Member' object has no attribute 'timed_out_until'
Ignoring exception in on_member_update
Traceback (most recent call last):
  File "/usr/local/lib/python3.12/site-packages/discord/client.py", line 465, in _run_event
    await coro(*args, **kwargs)
  File "/app/asu_discord/cogs/analytics.py", line 652, in on_member_update
    before_timeout = before.timed_out_until
                     ^^^^^^^^^^^^^^^^^^^^^^
AttributeError: 'Member' object has no attribute 'timed_out_until'
Ignoring exception in on_member_update
Traceback (most recent call last):
  File "/usr/local/lib/python3.12/site-packages/discord/client.py", line 465, in _run_event
    await coro(*args, **kwargs)
  File "/app/asu_discord/cogs/analytics.py", line 652, in on_member_update
    before_timeout = before.timed_out_until
                     ^^^^^^^^^^^^^^^^^^^^^^
AttributeError: 'Member' object has no attribute 'timed_out_until'
Ignoring exception in on_member_update
Traceback (most recent call last):
  File "/usr/local/lib/python3.12/site-packages/discord/client.py", line 465, in _run_event
    await coro(*args, **kwargs)
  File "/app/asu_discord/cogs/analytics.py", line 652, in on_member_update
    before_timeout = before.timed_out_until
                     ^^^^^^^^^^^^^^^^^^^^^^
AttributeError: 'Member' object has no attribute 'timed_out_until'
Ignoring exception in on_member_update
Traceback (most recent call last):
  File "/usr/local/lib/python3.12/site-packages/discord/client.py", line 465, in _run_event
    await coro(*args, **kwargs)
  File "/app/asu_discord/cogs/analytics.py", line 652, in on_member_update
    before_timeout = before.timed_out_until
                     ^^^^^^^^^^^^^^^^^^^^^^
AttributeError: 'Member' object has no attribute 'timed_out_until'
Ignoring exception in on_member_update
Traceback (most recent call last):
  File "/usr/local/lib/python3.12/site-packages/discord/client.py", line 465, in _run_event
    await coro(*args, **kwargs)
  File "/app/asu_discord/cogs/analytics.py", line 652, in on_member_update
    before_timeout = before.timed_out_until
                     ^^^^^^^^^^^^^^^^^^^^^^
AttributeError: 'Member' object has no attribute 'timed_out_until'
Ignoring exception in on_member_update
Traceback (most recent call last):
  File "/usr/local/lib/python3.12/site-packages/discord/client.py", line 465, in _run_event
    await coro(*args, **kwargs)
  File "/app/asu_discord/cogs/analytics.py", line 652, in on_member_update
    before_timeout = before.timed_out_until
                     ^^^^^^^^^^^^^^^^^^^^^^
AttributeError: 'Member' object has no attribute 'timed_out_until'
Ignoring exception in on_member_update
Traceback (most recent call last):
  File "/usr/local/lib/python3.12/site-packages/discord/client.py", line 465, in _run_event
    await coro(*args, **kwargs)
  File "/app/asu_discord/cogs/analytics.py", line 652, in on_member_update
    before_timeout = before.timed_out_until
                     ^^^^^^^^^^^^^^^^^^^^^^
AttributeError: 'Member' object has no attribute 'timed_out_until'
INFO:asu_discord.cogs.verification:Saved 5 roles to database for user athom170 (Discord ID: 303245501439016970)
INFO:asu_discord.cogs.verification:Refreshed Salesforce roles for Discord user 303245501439016970: -5/+5 roles, assigned=[Arizona Resident, First Year, Ira A. Fulton Schools of Engineering, Tempe, Upperclassmen]
Ignoring exception in on_member_update
Traceback (most recent call last):
  File "/usr/local/lib/python3.12/site-packages/discord/client.py", line 465, in _run_event
    await coro(*args, **kwargs)
  File "/app/asu_discord/cogs/analytics.py", line 652, in on_member_update
    before_timeout = before.timed_out_until
                     ^^^^^^^^^^^^^^^^^^^^^^
AttributeError: 'Member' object has no attribute 'timed_out_until'
Ignoring exception in on_member_update
Traceback (most recent call last):
  File "/usr/local/lib/python3.12/site-packages/discord/client.py", line 465, in _run_event
    await coro(*args, **kwargs)
  File "/app/asu_discord/cogs/analytics.py", line 652, in on_member_update
    before_timeout = before.timed_out_until
                     ^^^^^^^^^^^^^^^^^^^^^^
AttributeError: 'Member' object has no attribute 'timed_out_until'
Ignoring exception in on_member_update
Traceback (most recent call last):
  File "/usr/local/lib/python3.12/site-packages/discord/client.py", line 465, in _run_event
    await coro(*args, **kwargs)
  File "/app/asu_discord/cogs/analytics.py", line 652, in on_member_update
    before_timeout = before.timed_out_until
                     ^^^^^^^^^^^^^^^^^^^^^^
AttributeError: 'Member' object has no attribute 'timed_out_until'
Ignoring exception in on_member_update
Traceback (most recent call last):
  File "/usr/local/lib/python3.12/site-packages/discord/client.py", line 465, in _run_event
    await coro(*args, **kwargs)
  File "/app/asu_discord/cogs/analytics.py", line 652, in on_member_update
    before_timeout = before.timed_out_until
                     ^^^^^^^^^^^^^^^^^^^^^^
AttributeError: 'Member' object has no attribute 'timed_out_until'
Ignoring exception in on_member_update
Traceback (most recent call last):
  File "/usr/local/lib/python3.12/site-packages/discord/client.py", line 465, in _run_event
    await coro(*args, **kwargs)
  File "/app/asu_discord/cogs/analytics.py", line 652, in on_member_update
    before_timeout = before.timed_out_until
                     ^^^^^^^^^^^^^^^^^^^^^^
AttributeError: 'Member' object has no attribute 'timed_out_until'
Ignoring exception in on_member_update
Traceback (most recent call last):
  File "/usr/local/lib/python3.12/site-packages/discord/client.py", line 465, in _run_event
    await coro(*args, **kwargs)
  File "/app/asu_discord/cogs/analytics.py", line 652, in on_member_update
    before_timeout = before.timed_out_until
                     ^^^^^^^^^^^^^^^^^^^^^^
AttributeError: 'Member' object has no attribute 'timed_out_until'
Ignoring exception in on_member_update
Traceback (most recent call last):
  File "/usr/local/lib/python3.12/site-packages/discord/client.py", line 465, in _run_event
    await coro(*args, **kwargs)
  File "/app/asu_discord/cogs/analytics.py", line 652, in on_member_update
    before_timeout = before.timed_out_until
                     ^^^^^^^^^^^^^^^^^^^^^^
AttributeError: 'Member' object has no attribute 'timed_out_until'
Ignoring exception in on_member_update
Traceback (most recent call last):
  File "/usr/local/lib/python3.12/site-packages/discord/client.py", line 465, in _run_event
    await coro(*args, **kwargs)
  File "/app/asu_discord/cogs/analytics.py", line 652, in on_member_update
    before_timeout = before.timed_out_until
                     ^^^^^^^^^^^^^^^^^^^^^^
AttributeError: 'Member' object has no attribute 'timed_out_until'
Ignoring exception in on_member_update
Traceback (most recent call last):
  File "/usr/local/lib/python3.12/site-packages/discord/client.py", line 465, in _run_event
    await coro(*args, **kwargs)
  File "/app/asu_discord/cogs/analytics.py", line 652, in on_member_update
    before_timeout = before.timed_out_until
                     ^^^^^^^^^^^^^^^^^^^^^^
AttributeError: 'Member' object has no attribute 'timed_out_until'
Ignoring exception in on_member_update
Traceback (most recent call last):
  File "/usr/local/lib/python3.12/site-packages/discord/client.py", line 465, in _run_event
    await coro(*args, **kwargs)
  File "/app/asu_discord/cogs/analytics.py", line 652, in on_member_update
    before_timeout = before.timed_out_until
                     ^^^^^^^^^^^^^^^^^^^^^^
AttributeError: 'Member' object has no attribute 'timed_out_until'
Ignoring exception in on_member_update
Traceback (most recent call last):
  File "/usr/local/lib/python3.12/site-packages/discord/client.py", line 465, in _run_event
    await coro(*args, **kwargs)
  File "/app/asu_discord/cogs/analytics.py", line 652, in on_member_update
    before_timeout = before.timed_out_until
                     ^^^^^^^^^^^^^^^^^^^^^^
AttributeError: 'Member' object has no attribute 'timed_out_until'
Ignoring exception in on_member_update
Traceback (most recent call last):
  File "/usr/local/lib/python3.12/site-packages/discord/client.py", line 465, in _run_event
    await coro(*args, **kwargs)
  File "/app/asu_discord/cogs/analytics.py", line 652, in on_member_update
    before_timeout = before.timed_out_until
                     ^^^^^^^^^^^^^^^^^^^^^^
AttributeError: 'Member' object has no attribute 'timed_out_until'
INFO:asu_discord.cogs.verification:Saved 6 roles to database for user ablanc26 (Discord ID: 617565514289381389)
INFO:asu_discord.cogs.verification:Refreshed Salesforce roles for Discord user 617565514289381389: -6/+6 roles, assigned=[Arizona Resident, Commited, First Year, Ira A. Fulton Schools of Engineering, Tempe, Upperclassmen]
Ignoring exception in on_member_update
Traceback (most recent call last):
  File "/usr/local/lib/python3.12/site-packages/discord/client.py", line 465, in _run_event
    await coro(*args, **kwargs)
  File "/app/asu_discord/cogs/analytics.py", line 652, in on_member_update
    before_timeout = before.timed_out_until
                     ^^^^^^^^^^^^^^^^^^^^^^
AttributeError: 'Member' object has no attribute 'timed_out_until'
Ignoring exception in on_member_update
Traceback (most recent call last):
  File "/usr/local/lib/python3.12/site-packages/discord/client.py", line 465, in _run_event
    await coro(*args, **kwargs)
  File "/app/asu_discord/cogs/analytics.py", line 652, in on_member_update
    before_timeout = before.timed_out_until
                     ^^^^^^^^^^^^^^^^^^^^^^
AttributeError: 'Member' object has no attribute 'timed_out_until'
Ignoring exception in on_member_update
Traceback (most recent call last):
  File "/usr/local/lib/python3.12/site-packages/discord/client.py", line 465, in _run_event
    await coro(*args, **kwargs)
  File "/app/asu_discord/cogs/analytics.py", line 652, in on_member_update
    before_timeout = before.timed_out_until
                     ^^^^^^^^^^^^^^^^^^^^^^
AttributeError: 'Member' object has no attribute 'timed_out_until'
Ignoring exception in on_member_update
Traceback (most recent call last):
  File "/usr/local/lib/python3.12/site-packages/discord/client.py", line 465, in _run_event
    await coro(*args, **kwargs)
  File "/app/asu_discord/cogs/analytics.py", line 652, in on_member_update
    before_timeout = before.timed_out_until
                     ^^^^^^^^^^^^^^^^^^^^^^
AttributeError: 'Member' object has no attribute 'timed_out_until'
Ignoring exception in on_member_update
Traceback (most recent call last):
  File "/usr/local/lib/python3.12/site-packages/discord/client.py", line 465, in _run_event
    await coro(*args, **kwargs)
  File "/app/asu_discord/cogs/analytics.py", line 652, in on_member_update
    before_timeout = before.timed_out_until
                     ^^^^^^^^^^^^^^^^^^^^^^
AttributeError: 'Member' object has no attribute 'timed_out_until'
Ignoring exception in on_member_update
Traceback (most recent call last):
  File "/usr/local/lib/python3.12/site-packages/discord/client.py", line 465, in _run_event
    await coro(*args, **kwargs)
  File "/app/asu_discord/cogs/analytics.py", line 652, in on_member_update
    before_timeout = before.timed_out_until
                     ^^^^^^^^^^^^^^^^^^^^^^
AttributeError: 'Member' object has no attribute 'timed_out_until'
Ignoring exception in on_member_update
Traceback (most recent call last):
  File "/usr/local/lib/python3.12/site-packages/discord/client.py", line 465, in _run_event
    await coro(*args, **kwargs)
  File "/app/asu_discord/cogs/analytics.py", line 652, in on_member_update
    before_timeout = before.timed_out_until
                     ^^^^^^^^^^^^^^^^^^^^^^
AttributeError: 'Member' object has no attribute 'timed_out_until'
Ignoring exception in on_member_update
Traceback (most recent call last):
  File "/usr/local/lib/python3.12/site-packages/discord/client.py", line 465, in _run_event
    await coro(*args, **kwargs)
  File "/app/asu_discord/cogs/analytics.py", line 652, in on_member_update
    before_timeout = before.timed_out_until
                     ^^^^^^^^^^^^^^^^^^^^^^
AttributeError: 'Member' object has no attribute 'timed_out_until'
INFO:asu_discord.cogs.verification:Saved 4 roles to database for user jciglian (Discord ID: 535920330649370676)
INFO:asu_discord.cogs.verification:Refreshed Salesforce roles for Discord user 535920330649370676: -4/+4 roles, assigned=[College of Liberal Arts and Sciences, Graduate Student, Out of State, Tempe]
Ignoring exception in on_member_update
Traceback (most recent call last):
  File "/usr/local/lib/python3.12/site-packages/discord/client.py", line 465, in _run_event
    await coro(*args, **kwargs)
  File "/app/asu_discord/cogs/analytics.py", line 652, in on_member_update
    before_timeout = before.timed_out_until
                     ^^^^^^^^^^^^^^^^^^^^^^
AttributeError: 'Member' object has no attribute 'timed_out_until'
Ignoring exception in on_member_update
Traceback (most recent call last):
  File "/usr/local/lib/python3.12/site-packages/discord/client.py", line 465, in _run_event
    await coro(*args, **kwargs)
  File "/app/asu_discord/cogs/analytics.py", line 652, in on_member_update
    before_timeout = before.timed_out_until
                     ^^^^^^^^^^^^^^^^^^^^^^
AttributeError: 'Member' object has no attribute 'timed_out_until'
Ignoring exception in on_member_update
Traceback (most recent call last):
  File "/usr/local/lib/python3.12/site-packages/discord/client.py", line 465, in _run_event
    await coro(*args, **kwargs)
  File "/app/asu_discord/cogs/analytics.py", line 652, in on_member_update
    before_timeout = before.timed_out_until
                     ^^^^^^^^^^^^^^^^^^^^^^
AttributeError: 'Member' object has no attribute 'timed_out_until'
Ignoring exception in on_member_update
Traceback (most recent call last):
  File "/usr/local/lib/python3.12/site-packages/discord/client.py", line 465, in _run_event
    await coro(*args, **kwargs)
  File "/app/asu_discord/cogs/analytics.py", line 652, in on_member_update
    before_timeout = before.timed_out_until
                     ^^^^^^^^^^^^^^^^^^^^^^
AttributeError: 'Member' object has no attribute 'timed_out_until'
Ignoring exception in on_member_update
Traceback (most recent call last):
  File "/usr/local/lib/python3.12/site-packages/discord/client.py", line 465, in _run_event
    await coro(*args, **kwargs)
  File "/app/asu_discord/cogs/analytics.py", line 652, in on_member_update
    before_timeout = before.timed_out_until
                     ^^^^^^^^^^^^^^^^^^^^^^
AttributeError: 'Member' object has no attribute 'timed_out_until'
Ignoring exception in on_member_update
Traceback (most recent call last):
  File "/usr/local/lib/python3.12/site-packages/discord/client.py", line 465, in _run_event
    await coro(*args, **kwargs)
  File "/app/asu_discord/cogs/analytics.py", line 652, in on_member_update
    before_timeout = before.timed_out_until
                     ^^^^^^^^^^^^^^^^^^^^^^
AttributeError: 'Member' object has no attribute 'timed_out_until'
Ignoring exception in on_member_update
Traceback (most recent call last):
  File "/usr/local/lib/python3.12/site-packages/discord/client.py", line 465, in _run_event
    await coro(*args, **kwargs)
  File "/app/asu_discord/cogs/analytics.py", line 652, in on_member_update
    before_timeout = before.timed_out_until
                     ^^^^^^^^^^^^^^^^^^^^^^
AttributeError: 'Member' object has no attribute 'timed_out_until'
Ignoring exception in on_member_update
Traceback (most recent call last):
  File "/usr/local/lib/python3.12/site-packages/discord/client.py", line 465, in _run_event
    await coro(*args, **kwargs)
  File "/app/asu_discord/cogs/analytics.py", line 652, in on_member_update
    before_timeout = before.timed_out_until
                     ^^^^^^^^^^^^^^^^^^^^^^
AttributeError: 'Member' object has no attribute 'timed_out_until'
Ignoring exception in on_member_update
Traceback (most recent call last):
  File "/usr/local/lib/python3.12/site-packages/discord/client.py", line 465, in _run_event
    await coro(*args, **kwargs)
  File "/app/asu_discord/cogs/analytics.py", line 652, in on_member_update
    before_timeout = before.timed_out_until
                     ^^^^^^^^^^^^^^^^^^^^^^
AttributeError: 'Member' object has no attribute 'timed_out_until'
Ignoring exception in on_member_update
Traceback (most recent call last):
  File "/usr/local/lib/python3.12/site-packages/discord/client.py", line 465, in _run_event
    await coro(*args, **kwargs)
  File "/app/asu_discord/cogs/analytics.py", line 652, in on_member_update
    before_timeout = before.timed_out_until
                     ^^^^^^^^^^^^^^^^^^^^^^
AttributeError: 'Member' object has no attribute 'timed_out_until'
Ignoring exception in on_member_update
Traceback (most recent call last):
  File "/usr/local/lib/python3.12/site-packages/discord/client.py", line 465, in _run_event
    await coro(*args, **kwargs)
  File "/app/asu_discord/cogs/analytics.py", line 652, in on_member_update
    before_timeout = before.timed_out_until
                     ^^^^^^^^^^^^^^^^^^^^^^
AttributeError: 'Member' object has no attribute 'timed_out_until'
Ignoring exception in on_member_update
Traceback (most recent call last):
  File "/usr/local/lib/python3.12/site-packages/discord/client.py", line 465, in _run_event
    await coro(*args, **kwargs)
  File "/app/asu_discord/cogs/analytics.py", line 652, in on_member_update
    before_timeout = before.timed_out_until
                     ^^^^^^^^^^^^^^^^^^^^^^
AttributeError: 'Member' object has no attribute 'timed_out_until'
INFO:asu_discord.cogs.verification:Saved 6 roles to database for user anryan12 (Discord ID: 1332950239350358016)
INFO:asu_discord.cogs.verification:Refreshed Salesforce roles for Discord user 1332950239350358016: -6/+6 roles, assigned=[Arizona Resident, Commited, First Year, Mary Lou Fulton Teachers College, Tempe, Upperclassmen]
Ignoring exception in on_member_update
Traceback (most recent call last):
  File "/usr/local/lib/python3.12/site-packages/discord/client.py", line 465, in _run_event
    await coro(*args, **kwargs)
  File "/app/asu_discord/cogs/analytics.py", line 652, in on_member_update
    before_timeout = before.timed_out_until
                     ^^^^^^^^^^^^^^^^^^^^^^
AttributeError: 'Member' object has no attribute 'timed_out_until'
Ignoring exception in on_member_update
Traceback (most recent call last):
  File "/usr/local/lib/python3.12/site-packages/discord/client.py", line 465, in _run_event
    await coro(*args, **kwargs)
  File "/app/asu_discord/cogs/analytics.py", line 652, in on_member_update
    before_timeout = before.timed_out_until
                     ^^^^^^^^^^^^^^^^^^^^^^
AttributeError: 'Member' object has no attribute 'timed_out_until'
Ignoring exception in on_member_update
Traceback (most recent call last):
  File "/usr/local/lib/python3.12/site-packages/discord/client.py", line 465, in _run_event
    await coro(*args, **kwargs)
  File "/app/asu_discord/cogs/analytics.py", line 652, in on_member_update
    before_timeout = before.timed_out_until
                     ^^^^^^^^^^^^^^^^^^^^^^
AttributeError: 'Member' object has no attribute 'timed_out_until'
Ignoring exception in on_member_update
Traceback (most recent call last):
  File "/usr/local/lib/python3.12/site-packages/discord/client.py", line 465, in _run_event
    await coro(*args, **kwargs)
  File "/app/asu_discord/cogs/analytics.py", line 652, in on_member_update
    before_timeout = before.timed_out_until
                     ^^^^^^^^^^^^^^^^^^^^^^
AttributeError: 'Member' object has no attribute 'timed_out_until'
Ignoring exception in on_member_update
Traceback (most recent call last):
  File "/usr/local/lib/python3.12/site-packages/discord/client.py", line 465, in _run_event
    await coro(*args, **kwargs)
  File "/app/asu_discord/cogs/analytics.py", line 652, in on_member_update
    before_timeout = before.timed_out_until
                     ^^^^^^^^^^^^^^^^^^^^^^
AttributeError: 'Member' object has no attribute 'timed_out_until'
Ignoring exception in on_member_update
Traceback (most recent call last):
  File "/usr/local/lib/python3.12/site-packages/discord/client.py", line 465, in _run_event
    await coro(*args, **kwargs)
  File "/app/asu_discord/cogs/analytics.py", line 652, in on_member_update
    before_timeout = before.timed_out_until
                     ^^^^^^^^^^^^^^^^^^^^^^
AttributeError: 'Member' object has no attribute 'timed_out_until'
Ignoring exception in on_member_update
Traceback (most recent call last):
  File "/usr/local/lib/python3.12/site-packages/discord/client.py", line 465, in _run_event
    await coro(*args, **kwargs)
  File "/app/asu_discord/cogs/analytics.py", line 652, in on_member_update
    before_timeout = before.timed_out_until
                     ^^^^^^^^^^^^^^^^^^^^^^
AttributeError: 'Member' object has no attribute 'timed_out_until'
Ignoring exception in on_member_update
Traceback (most recent call last):
  File "/usr/local/lib/python3.12/site-packages/discord/client.py", line 465, in _run_event
    await coro(*args, **kwargs)
  File "/app/asu_discord/cogs/analytics.py", line 652, in on_member_update
    before_timeout = before.timed_out_until
                     ^^^^^^^^^^^^^^^^^^^^^^
AttributeError: 'Member' object has no attribute 'timed_out_until'
INFO:asu_discord.cogs.verification:Saved 4 roles to database for user agalvanm (Discord ID: 332174959759720448)
INFO:asu_discord.cogs.verification:Refreshed Salesforce roles for Discord user 332174959759720448: -4/+4 roles, assigned=[Arizona Resident, Ira A. Fulton Schools of Engineering, Transfer Student, West Valley]
ERROR:cron.jobs:refresh_salesforce_roles: failed for averm178 (Discord ID 579746969300369456): Failed to refresh Salesforce-based roles: Discord user 579746969300369456 is not a member of the guild
Ignoring exception in on_member_update
Traceback (most recent call last):
  File "/usr/local/lib/python3.12/site-packages/discord/client.py", line 465, in _run_event
    await coro(*args, **kwargs)
  File "/app/asu_discord/cogs/analytics.py", line 652, in on_member_update
    before_timeout = before.timed_out_until
                     ^^^^^^^^^^^^^^^^^^^^^^
AttributeError: 'Member' object has no attribute 'timed_out_until'
Ignoring exception in on_member_update
Traceback (most recent call last):
  File "/usr/local/lib/python3.12/site-packages/discord/client.py", line 465, in _run_event
    await coro(*args, **kwargs)
  File "/app/asu_discord/cogs/analytics.py", line 652, in on_member_update
    before_timeout = before.timed_out_until
                     ^^^^^^^^^^^^^^^^^^^^^^
AttributeError: 'Member' object has no attribute 'timed_out_until'
Ignoring exception in on_member_update
Traceback (most recent call last):
  File "/usr/local/lib/python3.12/site-packages/discord/client.py", line 465, in _run_event
    await coro(*args, **kwargs)
  File "/app/asu_discord/cogs/analytics.py", line 652, in on_member_update
    before_timeout = before.timed_out_until
                     ^^^^^^^^^^^^^^^^^^^^^^
AttributeError: 'Member' object has no attribute 'timed_out_until'
Ignoring exception in on_member_update
Traceback (most recent call last):
  File "/usr/local/lib/python3.12/site-packages/discord/client.py", line 465, in _run_event
    await coro(*args, **kwargs)
  File "/app/asu_discord/cogs/analytics.py", line 652, in on_member_update
    before_timeout = before.timed_out_until
                     ^^^^^^^^^^^^^^^^^^^^^^
AttributeError: 'Member' object has no attribute 'timed_out_until'
Ignoring exception in on_member_update
Traceback (most recent call last):
  File "/usr/local/lib/python3.12/site-packages/discord/client.py", line 465, in _run_event
    await coro(*args, **kwargs)
  File "/app/asu_discord/cogs/analytics.py", line 652, in on_member_update
    before_timeout = before.timed_out_until
                     ^^^^^^^^^^^^^^^^^^^^^^
AttributeError: 'Member' object has no attribute 'timed_out_until'
Ignoring exception in on_member_update
Traceback (most recent call last):
  File "/usr/local/lib/python3.12/site-packages/discord/client.py", line 465, in _run_event
    await coro(*args, **kwargs)
  File "/app/asu_discord/cogs/analytics.py", line 652, in on_member_update
    before_timeout = before.timed_out_until
                     ^^^^^^^^^^^^^^^^^^^^^^
AttributeError: 'Member' object has no attribute 'timed_out_until'
Ignoring exception in on_member_update
Traceback (most recent call last):
  File "/usr/local/lib/python3.12/site-packages/discord/client.py", line 465, in _run_event
    await coro(*args, **kwargs)
  File "/app/asu_discord/cogs/analytics.py", line 652, in on_member_update
    before_timeout = before.timed_out_until
                     ^^^^^^^^^^^^^^^^^^^^^^
AttributeError: 'Member' object has no attribute 'timed_out_until'
Ignoring exception in on_member_update
Traceback (most recent call last):
  File "/usr/local/lib/python3.12/site-packages/discord/client.py", line 465, in _run_event
    await coro(*args, **kwargs)
  File "/app/asu_discord/cogs/analytics.py", line 652, in on_member_update
    before_timeout = before.timed_out_until
                     ^^^^^^^^^^^^^^^^^^^^^^
AttributeError: 'Member' object has no attribute 'timed_out_until'
Ignoring exception in on_member_update
Traceback (most recent call last):
  File "/usr/local/lib/python3.12/site-packages/discord/client.py", line 465, in _run_event
    await coro(*args, **kwargs)
  File "/app/asu_discord/cogs/analytics.py", line 652, in on_member_update
    before_timeout = before.timed_out_until
                     ^^^^^^^^^^^^^^^^^^^^^^
AttributeError: 'Member' object has no attribute 'timed_out_until'
INFO:asu_discord.cogs.verification:Saved 5 roles to database for user waharri2 (Discord ID: 658410364555362304)
INFO:asu_discord.cogs.verification:Refreshed Salesforce roles for Discord user 658410364555362304: -4/+5 roles, assigned=[Arizona Resident, First Generation Student, First Year, Ira A. Fulton Schools of Engineering, Tempe]
Ignoring exception in on_member_update
Traceback (most recent call last):
  File "/usr/local/lib/python3.12/site-packages/discord/client.py", line 465, in _run_event
    await coro(*args, **kwargs)
  File "/app/asu_discord/cogs/analytics.py", line 652, in on_member_update
    before_timeout = before.timed_out_until
                     ^^^^^^^^^^^^^^^^^^^^^^
AttributeError: 'Member' object has no attribute 'timed_out_until'
Ignoring exception in on_member_update
Traceback (most recent call last):
  File "/usr/local/lib/python3.12/site-packages/discord/client.py", line 465, in _run_event
    await coro(*args, **kwargs)
  File "/app/asu_discord/cogs/analytics.py", line 652, in on_member_update
    before_timeout = before.timed_out_until
                     ^^^^^^^^^^^^^^^^^^^^^^
AttributeError: 'Member' object has no attribute 'timed_out_until'
Ignoring exception in on_member_update
Traceback (most recent call last):
  File "/usr/local/lib/python3.12/site-packages/discord/client.py", line 465, in _run_event
    await coro(*args, **kwargs)
  File "/app/asu_discord/cogs/analytics.py", line 652, in on_member_update
    before_timeout = before.timed_out_until
                     ^^^^^^^^^^^^^^^^^^^^^^
AttributeError: 'Member' object has no attribute 'timed_out_until'
Ignoring exception in on_member_update
Traceback (most recent call last):
  File "/usr/local/lib/python3.12/site-packages/discord/client.py", line 465, in _run_event
    await coro(*args, **kwargs)
  File "/app/asu_discord/cogs/analytics.py", line 652, in on_member_update
    before_timeout = before.timed_out_until
                     ^^^^^^^^^^^^^^^^^^^^^^
AttributeError: 'Member' object has no attribute 'timed_out_until'
Ignoring exception in on_member_update
Traceback (most recent call last):
  File "/usr/local/lib/python3.12/site-packages/discord/client.py", line 465, in _run_event
    await coro(*args, **kwargs)
  File "/app/asu_discord/cogs/analytics.py", line 652, in on_member_update
    before_timeout = before.timed_out_until
                     ^^^^^^^^^^^^^^^^^^^^^^
AttributeError: 'Member' object has no attribute 'timed_out_until'
Ignoring exception in on_member_update
Traceback (most recent call last):
  File "/usr/local/lib/python3.12/site-packages/discord/client.py", line 465, in _run_event
    await coro(*args, **kwargs)
  File "/app/asu_discord/cogs/analytics.py", line 652, in on_member_update
    before_timeout = before.timed_out_until
                     ^^^^^^^^^^^^^^^^^^^^^^
AttributeError: 'Member' object has no attribute 'timed_out_until'
Ignoring exception in on_member_update
Traceback (most recent call last):
  File "/usr/local/lib/python3.12/site-packages/discord/client.py", line 465, in _run_event
    await coro(*args, **kwargs)
  File "/app/asu_discord/cogs/analytics.py", line 652, in on_member_update
    before_timeout = before.timed_out_until
                     ^^^^^^^^^^^^^^^^^^^^^^
AttributeError: 'Member' object has no attribute 'timed_out_until'
Ignoring exception in on_member_update
Traceback (most recent call last):
  File "/usr/local/lib/python3.12/site-packages/discord/client.py", line 465, in _run_event
    await coro(*args, **kwargs)
  File "/app/asu_discord/cogs/analytics.py", line 652, in on_member_update
    before_timeout = before.timed_out_until
                     ^^^^^^^^^^^^^^^^^^^^^^
AttributeError: 'Member' object has no attribute 'timed_out_until'
Ignoring exception in on_member_update
Traceback (most recent call last):
  File "/usr/local/lib/python3.12/site-packages/discord/client.py", line 465, in _run_event
    await coro(*args, **kwargs)
  File "/app/asu_discord/cogs/analytics.py", line 652, in on_member_update
    before_timeout = before.timed_out_until
                     ^^^^^^^^^^^^^^^^^^^^^^
AttributeError: 'Member' object has no attribute 'timed_out_until'
Ignoring exception in on_member_update
Traceback (most recent call last):
  File "/usr/local/lib/python3.12/site-packages/discord/client.py", line 465, in _run_event
    await coro(*args, **kwargs)
  File "/app/asu_discord/cogs/analytics.py", line 652, in on_member_update
    before_timeout = before.timed_out_until
                     ^^^^^^^^^^^^^^^^^^^^^^
AttributeError: 'Member' object has no attribute 'timed_out_until'
INFO:asu_discord.cogs.verification:Saved 5 roles to database for user vdelga31 (Discord ID: 605928643310518289)
INFO:asu_discord.cogs.verification:Refreshed Salesforce roles for Discord user 605928643310518289: -5/+5 roles, assigned=[Commited, First Year, Herberger Institute for Design and the Arts, Out of State, Tempe]
Ignoring exception in on_member_update
Traceback (most recent call last):
  File "/usr/local/lib/python3.12/site-packages/discord/client.py", line 465, in _run_event
    await coro(*args, **kwargs)
  File "/app/asu_discord/cogs/analytics.py", line 652, in on_member_update
    before_timeout = before.timed_out_until
                     ^^^^^^^^^^^^^^^^^^^^^^
AttributeError: 'Member' object has no attribute 'timed_out_until'
Ignoring exception in on_member_update
Traceback (most recent call last):
  File "/usr/local/lib/python3.12/site-packages/discord/client.py", line 465, in _run_event
    await coro(*args, **kwargs)
  File "/app/asu_discord/cogs/analytics.py", line 652, in on_member_update
    before_timeout = before.timed_out_until
                     ^^^^^^^^^^^^^^^^^^^^^^
AttributeError: 'Member' object has no attribute 'timed_out_until'
Ignoring exception in on_member_update
Traceback (most recent call last):
  File "/usr/local/lib/python3.12/site-packages/discord/client.py", line 465, in _run_event
    await coro(*args, **kwargs)
  File "/app/asu_discord/cogs/analytics.py", line 652, in on_member_update
    before_timeout = before.timed_out_until
                     ^^^^^^^^^^^^^^^^^^^^^^
AttributeError: 'Member' object has no attribute 'timed_out_until'
Ignoring exception in on_member_update
Traceback (most recent call last):
  File "/usr/local/lib/python3.12/site-packages/discord/client.py", line 465, in _run_event
    await coro(*args, **kwargs)
  File "/app/asu_discord/cogs/analytics.py", line 652, in on_member_update
    before_timeout = before.timed_out_until
                     ^^^^^^^^^^^^^^^^^^^^^^
AttributeError: 'Member' object has no attribute 'timed_out_until'
Ignoring exception in on_member_update
Traceback (most recent call last):
  File "/usr/local/lib/python3.12/site-packages/discord/client.py", line 465, in _run_event
    await coro(*args, **kwargs)
  File "/app/asu_discord/cogs/analytics.py", line 652, in on_member_update
    before_timeout = before.timed_out_until
                     ^^^^^^^^^^^^^^^^^^^^^^
AttributeError: 'Member' object has no attribute 'timed_out_until'
Ignoring exception in on_member_update
Traceback (most recent call last):
  File "/usr/local/lib/python3.12/site-packages/discord/client.py", line 465, in _run_event
    await coro(*args, **kwargs)
  File "/app/asu_discord/cogs/analytics.py", line 652, in on_member_update
    before_timeout = before.timed_out_until
                     ^^^^^^^^^^^^^^^^^^^^^^
AttributeError: 'Member' object has no attribute 'timed_out_until'
Ignoring exception in on_member_update
Traceback (most recent call last):
  File "/usr/local/lib/python3.12/site-packages/discord/client.py", line 465, in _run_event
    await coro(*args, **kwargs)
  File "/app/asu_discord/cogs/analytics.py", line 652, in on_member_update
    before_timeout = before.timed_out_until
                     ^^^^^^^^^^^^^^^^^^^^^^
AttributeError: 'Member' object has no attribute 'timed_out_until'
Ignoring exception in on_member_update
Traceback (most recent call last):
  File "/usr/local/lib/python3.12/site-packages/discord/client.py", line 465, in _run_event
    await coro(*args, **kwargs)
  File "/app/asu_discord/cogs/analytics.py", line 652, in on_member_update
    before_timeout = before.timed_out_until
                     ^^^^^^^^^^^^^^^^^^^^^^
AttributeError: 'Member' object has no attribute 'timed_out_until'
Ignoring exception in on_member_update
Traceback (most recent call last):
  File "/usr/local/lib/python3.12/site-packages/discord/client.py", line 465, in _run_event
    await coro(*args, **kwargs)
  File "/app/asu_discord/cogs/analytics.py", line 652, in on_member_update
    before_timeout = before.timed_out_until
                     ^^^^^^^^^^^^^^^^^^^^^^
AttributeError: 'Member' object has no attribute 'timed_out_until'
Ignoring exception in on_member_update
Traceback (most recent call last):
  File "/usr/local/lib/python3.12/site-packages/discord/client.py", line 465, in _run_event
    await coro(*args, **kwargs)
  File "/app/asu_discord/cogs/analytics.py", line 652, in on_member_update
    before_timeout = before.timed_out_until
                     ^^^^^^^^^^^^^^^^^^^^^^
AttributeError: 'Member' object has no attribute 'timed_out_until'
Ignoring exception in on_member_update
Traceback (most recent call last):
  File "/usr/local/lib/python3.12/site-packages/discord/client.py", line 465, in _run_event
    await coro(*args, **kwargs)
  File "/app/asu_discord/cogs/analytics.py", line 652, in on_member_update
    before_timeout = before.timed_out_until
                     ^^^^^^^^^^^^^^^^^^^^^^
AttributeError: 'Member' object has no attribute 'timed_out_until'
INFO:asu_discord.cogs.verification:Saved 6 roles to database for user acmurph4 (Discord ID: 1007382832684994632)
INFO:asu_discord.cogs.verification:Refreshed Salesforce roles for Discord user 1007382832684994632: -5/+6 roles, assigned=[Arizona Resident, Commited, First Year, New College of Interdisciplinary Arts and Sciences, Upperclassmen, West Valley]
Ignoring exception in on_member_update
Traceback (most recent call last):
  File "/usr/local/lib/python3.12/site-packages/discord/client.py", line 465, in _run_event
    await coro(*args, **kwargs)
  File "/app/asu_discord/cogs/analytics.py", line 652, in on_member_update
    before_timeout = before.timed_out_until
                     ^^^^^^^^^^^^^^^^^^^^^^
AttributeError: 'Member' object has no attribute 'timed_out_until'
Ignoring exception in on_member_update
Traceback (most recent call last):
  File "/usr/local/lib/python3.12/site-packages/discord/client.py", line 465, in _run_event
    await coro(*args, **kwargs)
  File "/app/asu_discord/cogs/analytics.py", line 652, in on_member_update
    before_timeout = before.timed_out_until
                     ^^^^^^^^^^^^^^^^^^^^^^
AttributeError: 'Member' object has no attribute 'timed_out_until'
Ignoring exception in on_member_update
Traceback (most recent call last):
  File "/usr/local/lib/python3.12/site-packages/discord/client.py", line 465, in _run_event
    await coro(*args, **kwargs)
  File "/app/asu_discord/cogs/analytics.py", line 652, in on_member_update
    before_timeout = before.timed_out_until
                     ^^^^^^^^^^^^^^^^^^^^^^
AttributeError: 'Member' object has no attribute 'timed_out_until'
Ignoring exception in on_member_update
Traceback (most recent call last):
  File "/usr/local/lib/python3.12/site-packages/discord/client.py", line 465, in _run_event
    await coro(*args, **kwargs)
  File "/app/asu_discord/cogs/analytics.py", line 652, in on_member_update
    before_timeout = before.timed_out_until
                     ^^^^^^^^^^^^^^^^^^^^^^
AttributeError: 'Member' object has no attribute 'timed_out_until'
Ignoring exception in on_member_update
Traceback (most recent call last):
  File "/usr/local/lib/python3.12/site-packages/discord/client.py", line 465, in _run_event
    await coro(*args, **kwargs)
  File "/app/asu_discord/cogs/analytics.py", line 652, in on_member_update
    before_timeout = before.timed_out_until
                     ^^^^^^^^^^^^^^^^^^^^^^
AttributeError: 'Member' object has no attribute 'timed_out_until'
Ignoring exception in on_member_update
Traceback (most recent call last):
  File "/usr/local/lib/python3.12/site-packages/discord/client.py", line 465, in _run_event
    await coro(*args, **kwargs)
  File "/app/asu_discord/cogs/analytics.py", line 652, in on_member_update
    before_timeout = before.timed_out_until
                     ^^^^^^^^^^^^^^^^^^^^^^
AttributeError: 'Member' object has no attribute 'timed_out_until'
Ignoring exception in on_member_update
Traceback (most recent call last):
  File "/usr/local/lib/python3.12/site-packages/discord/client.py", line 465, in _run_event
    await coro(*args, **kwargs)
  File "/app/asu_discord/cogs/analytics.py", line 652, in on_member_update
    before_timeout = before.timed_out_until
                     ^^^^^^^^^^^^^^^^^^^^^^
AttributeError: 'Member' object has no attribute 'timed_out_until'
Ignoring exception in on_member_update
Traceback (most recent call last):
  File "/usr/local/lib/python3.12/site-packages/discord/client.py", line 465, in _run_event
    await coro(*args, **kwargs)
  File "/app/asu_discord/cogs/analytics.py", line 652, in on_member_update
    before_timeout = before.timed_out_until
                     ^^^^^^^^^^^^^^^^^^^^^^
AttributeError: 'Member' object has no attribute 'timed_out_until'
Ignoring exception in on_member_update
Traceback (most recent call last):
  File "/usr/local/lib/python3.12/site-packages/discord/client.py", line 465, in _run_event
    await coro(*args, **kwargs)
  File "/app/asu_discord/cogs/analytics.py", line 652, in on_member_update
    before_timeout = before.timed_out_until
                     ^^^^^^^^^^^^^^^^^^^^^^
AttributeError: 'Member' object has no attribute 'timed_out_until'
Ignoring exception in on_member_update
Traceback (most recent call last):
  File "/usr/local/lib/python3.12/site-packages/discord/client.py", line 465, in _run_event
    await coro(*args, **kwargs)
  File "/app/asu_discord/cogs/analytics.py", line 652, in on_member_update
    before_timeout = before.timed_out_until
                     ^^^^^^^^^^^^^^^^^^^^^^
AttributeError: 'Member' object has no attribute 'timed_out_until'
INFO:asu_discord.cogs.verification:Saved 7 roles to database for user aghall3 (Discord ID: 106562972939198464)
INFO:asu_discord.cogs.verification:Refreshed Salesforce roles for Discord user 106562972939198464: -3/+7 roles, assigned=[Arizona Resident, College of Liberal Arts and Sciences, Commited, First Generation Student, Graduate Student, Ira A. Fulton Schools of Engineering, Tempe]
Ignoring exception in on_member_update
Traceback (most recent call last):
  File "/usr/local/lib/python3.12/site-packages/discord/client.py", line 465, in _run_event
    await coro(*args, **kwargs)
  File "/app/asu_discord/cogs/analytics.py", line 652, in on_member_update
    before_timeout = before.timed_out_until
                     ^^^^^^^^^^^^^^^^^^^^^^
AttributeError: 'Member' object has no attribute 'timed_out_until'
Ignoring exception in on_member_update
Traceback (most recent call last):
  File "/usr/local/lib/python3.12/site-packages/discord/client.py", line 465, in _run_event
    await coro(*args, **kwargs)
  File "/app/asu_discord/cogs/analytics.py", line 652, in on_member_update
    before_timeout = before.timed_out_until
                     ^^^^^^^^^^^^^^^^^^^^^^
AttributeError: 'Member' object has no attribute 'timed_out_until'
Ignoring exception in on_member_update
Traceback (most recent call last):
  File "/usr/local/lib/python3.12/site-packages/discord/client.py", line 465, in _run_event
    await coro(*args, **kwargs)
  File "/app/asu_discord/cogs/analytics.py", line 652, in on_member_update
    before_timeout = before.timed_out_until
                     ^^^^^^^^^^^^^^^^^^^^^^
AttributeError: 'Member' object has no attribute 'timed_out_until'
Ignoring exception in on_member_update
Traceback (most recent call last):
  File "/usr/local/lib/python3.12/site-packages/discord/client.py", line 465, in _run_event
    await coro(*args, **kwargs)
  File "/app/asu_discord/cogs/analytics.py", line 652, in on_member_update
    before_timeout = before.timed_out_until
                     ^^^^^^^^^^^^^^^^^^^^^^
AttributeError: 'Member' object has no attribute 'timed_out_until'
Ignoring exception in on_member_update
Traceback (most recent call last):
  File "/usr/local/lib/python3.12/site-packages/discord/client.py", line 465, in _run_event
    await coro(*args, **kwargs)
  File "/app/asu_discord/cogs/analytics.py", line 652, in on_member_update
    before_timeout = before.timed_out_until
                     ^^^^^^^^^^^^^^^^^^^^^^
AttributeError: 'Member' object has no attribute 'timed_out_until'
Ignoring exception in on_member_update
Traceback (most recent call last):
  File "/usr/local/lib/python3.12/site-packages/discord/client.py", line 465, in _run_event
    await coro(*args, **kwargs)
  File "/app/asu_discord/cogs/analytics.py", line 652, in on_member_update
    before_timeout = before.timed_out_until
                     ^^^^^^^^^^^^^^^^^^^^^^
AttributeError: 'Member' object has no attribute 'timed_out_until'
Ignoring exception in on_member_update
Traceback (most recent call last):
  File "/usr/local/lib/python3.12/site-packages/discord/client.py", line 465, in _run_event
    await coro(*args, **kwargs)
  File "/app/asu_discord/cogs/analytics.py", line 652, in on_member_update
    before_timeout = before.timed_out_until
                     ^^^^^^^^^^^^^^^^^^^^^^
AttributeError: 'Member' object has no attribute 'timed_out_until'
Ignoring exception in on_member_update
Traceback (most recent call last):
  File "/usr/local/lib/python3.12/site-packages/discord/client.py", line 465, in _run_event
    await coro(*args, **kwargs)
  File "/app/asu_discord/cogs/analytics.py", line 652, in on_member_update
    before_timeout = before.timed_out_until
                     ^^^^^^^^^^^^^^^^^^^^^^
AttributeError: 'Member' object has no attribute 'timed_out_until'
Ignoring exception in on_member_update
Traceback (most recent call last):
  File "/usr/local/lib/python3.12/site-packages/discord/client.py", line 465, in _run_event
    await coro(*args, **kwargs)
  File "/app/asu_discord/cogs/analytics.py", line 652, in on_member_update
    before_timeout = before.timed_out_until
                     ^^^^^^^^^^^^^^^^^^^^^^
AttributeError: 'Member' object has no attribute 'timed_out_until'
INFO:asu_discord.cogs.verification:Saved 5 roles to database for user ecerqua (Discord ID: 1313615428387602432)
INFO:asu_discord.cogs.verification:Refreshed Salesforce roles for Discord user 1313615428387602432: -4/+5 roles, assigned=[Commited, First Year, Out of State, Tempe, W.P. Carey School of Business]
Ignoring exception in on_member_update
Traceback (most recent call last):
  File "/usr/local/lib/python3.12/site-packages/discord/client.py", line 465, in _run_event
    await coro(*args, **kwargs)
  File "/app/asu_discord/cogs/analytics.py", line 652, in on_member_update
    before_timeout = before.timed_out_until
                     ^^^^^^^^^^^^^^^^^^^^^^
AttributeError: 'Member' object has no attribute 'timed_out_until'
Ignoring exception in on_member_update
Traceback (most recent call last):
  File "/usr/local/lib/python3.12/site-packages/discord/client.py", line 465, in _run_event
    await coro(*args, **kwargs)
  File "/app/asu_discord/cogs/analytics.py", line 652, in on_member_update
    before_timeout = before.timed_out_until
                     ^^^^^^^^^^^^^^^^^^^^^^
AttributeError: 'Member' object has no attribute 'timed_out_until'
Ignoring exception in on_member_update
Traceback (most recent call last):
  File "/usr/local/lib/python3.12/site-packages/discord/client.py", line 465, in _run_event
    await coro(*args, **kwargs)
  File "/app/asu_discord/cogs/analytics.py", line 652, in on_member_update
    before_timeout = before.timed_out_until
                     ^^^^^^^^^^^^^^^^^^^^^^
AttributeError: 'Member' object has no attribute 'timed_out_until'
Ignoring exception in on_member_update
Traceback (most recent call last):
  File "/usr/local/lib/python3.12/site-packages/discord/client.py", line 465, in _run_event
    await coro(*args, **kwargs)
  File "/app/asu_discord/cogs/analytics.py", line 652, in on_member_update
    before_timeout = before.timed_out_until
                     ^^^^^^^^^^^^^^^^^^^^^^
AttributeError: 'Member' object has no attribute 'timed_out_until'
Ignoring exception in on_member_update
Traceback (most recent call last):
  File "/usr/local/lib/python3.12/site-packages/discord/client.py", line 465, in _run_event
    await coro(*args, **kwargs)
  File "/app/asu_discord/cogs/analytics.py", line 652, in on_member_update
    before_timeout = before.timed_out_until
                     ^^^^^^^^^^^^^^^^^^^^^^
AttributeError: 'Member' object has no attribute 'timed_out_until'
Ignoring exception in on_member_update
Traceback (most recent call last):
  File "/usr/local/lib/python3.12/site-packages/discord/client.py", line 465, in _run_event
    await coro(*args, **kwargs)
  File "/app/asu_discord/cogs/analytics.py", line 652, in on_member_update
    before_timeout = before.timed_out_until
                     ^^^^^^^^^^^^^^^^^^^^^^
AttributeError: 'Member' object has no attribute 'timed_out_until'
Ignoring exception in on_member_update
Traceback (most recent call last):
  File "/usr/local/lib/python3.12/site-packages/discord/client.py", line 465, in _run_event
    await coro(*args, **kwargs)
  File "/app/asu_discord/cogs/analytics.py", line 652, in on_member_update
    before_timeout = before.timed_out_until
                     ^^^^^^^^^^^^^^^^^^^^^^
AttributeError: 'Member' object has no attribute 'timed_out_until'
Ignoring exception in on_member_update
Traceback (most recent call last):
  File "/usr/local/lib/python3.12/site-packages/discord/client.py", line 465, in _run_event
    await coro(*args, **kwargs)
  File "/app/asu_discord/cogs/analytics.py", line 652, in on_member_update
    before_timeout = before.timed_out_until
                     ^^^^^^^^^^^^^^^^^^^^^^
AttributeError: 'Member' object has no attribute 'timed_out_until'
Ignoring exception in on_member_update
Traceback (most recent call last):
  File "/usr/local/lib/python3.12/site-packages/discord/client.py", line 465, in _run_event
    await coro(*args, **kwargs)
  File "/app/asu_discord/cogs/analytics.py", line 652, in on_member_update
    before_timeout = before.timed_out_until
                     ^^^^^^^^^^^^^^^^^^^^^^
AttributeError: 'Member' object has no attribute 'timed_out_until'
Ignoring exception in on_member_update
Traceback (most recent call last):
  File "/usr/local/lib/python3.12/site-packages/discord/client.py", line 465, in _run_event
    await coro(*args, **kwargs)
  File "/app/asu_discord/cogs/analytics.py", line 652, in on_member_update
    before_timeout = before.timed_out_until
                     ^^^^^^^^^^^^^^^^^^^^^^
AttributeError: 'Member' object has no attribute 'timed_out_until'
INFO:asu_discord.cogs.verification:Saved 5 roles to database for user mzavosen (Discord ID: 1189353881252135003)
INFO:asu_discord.cogs.verification:Refreshed Salesforce roles for Discord user 1189353881252135003: -5/+5 roles, assigned=[Commited, First Year, Herberger Institute for Design and the Arts, Out of State, Tempe]
Ignoring exception in on_member_update
Traceback (most recent call last):
  File "/usr/local/lib/python3.12/site-packages/discord/client.py", line 465, in _run_event
    await coro(*args, **kwargs)
  File "/app/asu_discord/cogs/analytics.py", line 652, in on_member_update
    before_timeout = before.timed_out_until
                     ^^^^^^^^^^^^^^^^^^^^^^
AttributeError: 'Member' object has no attribute 'timed_out_until'
Ignoring exception in on_member_update
Traceback (most recent call last):
  File "/usr/local/lib/python3.12/site-packages/discord/client.py", line 465, in _run_event
    await coro(*args, **kwargs)
  File "/app/asu_discord/cogs/analytics.py", line 652, in on_member_update
    before_timeout = before.timed_out_until
                     ^^^^^^^^^^^^^^^^^^^^^^
AttributeError: 'Member' object has no attribute 'timed_out_until'
Ignoring exception in on_member_update
Traceback (most recent call last):
  File "/usr/local/lib/python3.12/site-packages/discord/client.py", line 465, in _run_event
    await coro(*args, **kwargs)
  File "/app/asu_discord/cogs/analytics.py", line 652, in on_member_update
    before_timeout = before.timed_out_until
                     ^^^^^^^^^^^^^^^^^^^^^^
AttributeError: 'Member' object has no attribute 'timed_out_until'
Ignoring exception in on_member_update
Traceback (most recent call last):
  File "/usr/local/lib/python3.12/site-packages/discord/client.py", line 465, in _run_event
    await coro(*args, **kwargs)
  File "/app/asu_discord/cogs/analytics.py", line 652, in on_member_update
    before_timeout = before.timed_out_until
                     ^^^^^^^^^^^^^^^^^^^^^^
AttributeError: 'Member' object has no attribute 'timed_out_until'
Ignoring exception in on_member_update
Traceback (most recent call last):
  File "/usr/local/lib/python3.12/site-packages/discord/client.py", line 465, in _run_event
    await coro(*args, **kwargs)
  File "/app/asu_discord/cogs/analytics.py", line 652, in on_member_update
    before_timeout = before.timed_out_until
                     ^^^^^^^^^^^^^^^^^^^^^^
AttributeError: 'Member' object has no attribute 'timed_out_until'
Ignoring exception in on_member_update
Traceback (most recent call last):
  File "/usr/local/lib/python3.12/site-packages/discord/client.py", line 465, in _run_event
    await coro(*args, **kwargs)
  File "/app/asu_discord/cogs/analytics.py", line 652, in on_member_update
    before_timeout = before.timed_out_until
                     ^^^^^^^^^^^^^^^^^^^^^^
AttributeError: 'Member' object has no attribute 'timed_out_until'
Ignoring exception in on_member_update
Traceback (most recent call last):
  File "/usr/local/lib/python3.12/site-packages/discord/client.py", line 465, in _run_event
    await coro(*args, **kwargs)
  File "/app/asu_discord/cogs/analytics.py", line 652, in on_member_update
    before_timeout = before.timed_out_until
                     ^^^^^^^^^^^^^^^^^^^^^^
AttributeError: 'Member' object has no attribute 'timed_out_until'
Ignoring exception in on_member_update
Traceback (most recent call last):
  File "/usr/local/lib/python3.12/site-packages/discord/client.py", line 465, in _run_event
    await coro(*args, **kwargs)
  File "/app/asu_discord/cogs/analytics.py", line 652, in on_member_update
    before_timeout = before.timed_out_until
                     ^^^^^^^^^^^^^^^^^^^^^^
AttributeError: 'Member' object has no attribute 'timed_out_until'
Ignoring exception in on_member_update
Traceback (most recent call last):
  File "/usr/local/lib/python3.12/site-packages/discord/client.py", line 465, in _run_event
    await coro(*args, **kwargs)
  File "/app/asu_discord/cogs/analytics.py", line 652, in on_member_update
    before_timeout = before.timed_out_until
                     ^^^^^^^^^^^^^^^^^^^^^^
AttributeError: 'Member' object has no attribute 'timed_out_until'
Ignoring exception in on_member_update
Traceback (most recent call last):
  File "/usr/local/lib/python3.12/site-packages/discord/client.py", line 465, in _run_event
    await coro(*args, **kwargs)
  File "/app/asu_discord/cogs/analytics.py", line 652, in on_member_update
    before_timeout = before.timed_out_until
                     ^^^^^^^^^^^^^^^^^^^^^^
AttributeError: 'Member' object has no attribute 'timed_out_until'
INFO:asu_discord.cogs.verification:Saved 5 roles to database for user jcarra47 (Discord ID: 750243774575149159)
INFO:asu_discord.cogs.verification:Refreshed Salesforce roles for Discord user 750243774575149159: -5/+5 roles, assigned=[Commited, Graduate Student, International Student, Ira A. Fulton Schools of Engineering, Tempe]
Ignoring exception in on_member_update
Traceback (most recent call last):
  File "/usr/local/lib/python3.12/site-packages/discord/client.py", line 465, in _run_event
    await coro(*args, **kwargs)
  File "/app/asu_discord/cogs/analytics.py", line 652, in on_member_update
    before_timeout = before.timed_out_until
                     ^^^^^^^^^^^^^^^^^^^^^^
AttributeError: 'Member' object has no attribute 'timed_out_until'
Ignoring exception in on_member_update
Traceback (most recent call last):
  File "/usr/local/lib/python3.12/site-packages/discord/client.py", line 465, in _run_event
    await coro(*args, **kwargs)
  File "/app/asu_discord/cogs/analytics.py", line 652, in on_member_update
    before_timeout = before.timed_out_until
                     ^^^^^^^^^^^^^^^^^^^^^^
AttributeError: 'Member' object has no attribute 'timed_out_until'
Ignoring exception in on_member_update
Traceback (most recent call last):
  File "/usr/local/lib/python3.12/site-packages/discord/client.py", line 465, in _run_event
    await coro(*args, **kwargs)
  File "/app/asu_discord/cogs/analytics.py", line 652, in on_member_update
    before_timeout = before.timed_out_until
                     ^^^^^^^^^^^^^^^^^^^^^^
AttributeError: 'Member' object has no attribute 'timed_out_until'
Ignoring exception in on_member_update
Traceback (most recent call last):
  File "/usr/local/lib/python3.12/site-packages/discord/client.py", line 465, in _run_event
    await coro(*args, **kwargs)
  File "/app/asu_discord/cogs/analytics.py", line 652, in on_member_update
    before_timeout = before.timed_out_until
                     ^^^^^^^^^^^^^^^^^^^^^^
AttributeError: 'Member' object has no attribute 'timed_out_until'
Ignoring exception in on_member_update
Traceback (most recent call last):
  File "/usr/local/lib/python3.12/site-packages/discord/client.py", line 465, in _run_event
    await coro(*args, **kwargs)
  File "/app/asu_discord/cogs/analytics.py", line 652, in on_member_update
    before_timeout = before.timed_out_until
                     ^^^^^^^^^^^^^^^^^^^^^^
AttributeError: 'Member' object has no attribute 'timed_out_until'
Ignoring exception in on_member_update
Traceback (most recent call last):
  File "/usr/local/lib/python3.12/site-packages/discord/client.py", line 465, in _run_event
    await coro(*args, **kwargs)
  File "/app/asu_discord/cogs/analytics.py", line 652, in on_member_update
    before_timeout = before.timed_out_until
                     ^^^^^^^^^^^^^^^^^^^^^^
AttributeError: 'Member' object has no attribute 'timed_out_until'
Ignoring exception in on_member_update
Traceback (most recent call last):
  File "/usr/local/lib/python3.12/site-packages/discord/client.py", line 465, in _run_event
    await coro(*args, **kwargs)
  File "/app/asu_discord/cogs/analytics.py", line 652, in on_member_update
    before_timeout = before.timed_out_until
                     ^^^^^^^^^^^^^^^^^^^^^^
AttributeError: 'Member' object has no attribute 'timed_out_until'
Ignoring exception in on_member_update
Traceback (most recent call last):
  File "/usr/local/lib/python3.12/site-packages/discord/client.py", line 465, in _run_event
    await coro(*args, **kwargs)
  File "/app/asu_discord/cogs/analytics.py", line 652, in on_member_update
    before_timeout = before.timed_out_until
                     ^^^^^^^^^^^^^^^^^^^^^^
AttributeError: 'Member' object has no attribute 'timed_out_until'
Ignoring exception in on_member_update
Traceback (most recent call last):
  File "/usr/local/lib/python3.12/site-packages/discord/client.py", line 465, in _run_event
    await coro(*args, **kwargs)
  File "/app/asu_discord/cogs/analytics.py", line 652, in on_member_update
    before_timeout = before.timed_out_until
                     ^^^^^^^^^^^^^^^^^^^^^^
AttributeError: 'Member' object has no attribute 'timed_out_until'
INFO:asu_discord.cogs.verification:Saved 5 roles to database for user agoodrea (Discord ID: 1493434794929815665)
INFO:asu_discord.cogs.verification:Refreshed Salesforce roles for Discord user 1493434794929815665: -5/+4 roles, assigned=[Commited, Graduate Student, Herberger Institute for Design and the Arts, Out of State, Tempe]
Ignoring exception in on_member_update
Traceback (most recent call last):
  File "/usr/local/lib/python3.12/site-packages/discord/client.py", line 465, in _run_event
    await coro(*args, **kwargs)
  File "/app/asu_discord/cogs/analytics.py", line 652, in on_member_update
    before_timeout = before.timed_out_until
                     ^^^^^^^^^^^^^^^^^^^^^^
AttributeError: 'Member' object has no attribute 'timed_out_until'
Ignoring exception in on_member_update
Traceback (most recent call last):
  File "/usr/local/lib/python3.12/site-packages/discord/client.py", line 465, in _run_event
    await coro(*args, **kwargs)
  File "/app/asu_discord/cogs/analytics.py", line 652, in on_member_update
    before_timeout = before.timed_out_until
                     ^^^^^^^^^^^^^^^^^^^^^^
AttributeError: 'Member' object has no attribute 'timed_out_until'
Ignoring exception in on_member_update
Traceback (most recent call last):
  File "/usr/local/lib/python3.12/site-packages/discord/client.py", line 465, in _run_event
    await coro(*args, **kwargs)
  File "/app/asu_discord/cogs/analytics.py", line 652, in on_member_update
    before_timeout = before.timed_out_until
                     ^^^^^^^^^^^^^^^^^^^^^^
AttributeError: 'Member' object has no attribute 'timed_out_until'
Ignoring exception in on_member_update
Traceback (most recent call last):
  File "/usr/local/lib/python3.12/site-packages/discord/client.py", line 465, in _run_event
    await coro(*args, **kwargs)
  File "/app/asu_discord/cogs/analytics.py", line 652, in on_member_update
    before_timeout = before.timed_out_until
                     ^^^^^^^^^^^^^^^^^^^^^^
AttributeError: 'Member' object has no attribute 'timed_out_until'
Ignoring exception in on_member_update
Traceback (most recent call last):
  File "/usr/local/lib/python3.12/site-packages/discord/client.py", line 465, in _run_event
    await coro(*args, **kwargs)
  File "/app/asu_discord/cogs/analytics.py", line 652, in on_member_update
    before_timeout = before.timed_out_until
                     ^^^^^^^^^^^^^^^^^^^^^^
AttributeError: 'Member' object has no attribute 'timed_out_until'
Ignoring exception in on_member_update
Traceback (most recent call last):
  File "/usr/local/lib/python3.12/site-packages/discord/client.py", line 465, in _run_event
    await coro(*args, **kwargs)
  File "/app/asu_discord/cogs/analytics.py", line 652, in on_member_update
    before_timeout = before.timed_out_until
                     ^^^^^^^^^^^^^^^^^^^^^^
AttributeError: 'Member' object has no attribute 'timed_out_until'
Ignoring exception in on_member_update
Traceback (most recent call last):
  File "/usr/local/lib/python3.12/site-packages/discord/client.py", line 465, in _run_event
    await coro(*args, **kwargs)
  File "/app/asu_discord/cogs/analytics.py", line 652, in on_member_update
    before_timeout = before.timed_out_until
                     ^^^^^^^^^^^^^^^^^^^^^^
AttributeError: 'Member' object has no attribute 'timed_out_until'
Ignoring exception in on_member_update
Traceback (most recent call last):
  File "/usr/local/lib/python3.12/site-packages/discord/client.py", line 465, in _run_event
    await coro(*args, **kwargs)
  File "/app/asu_discord/cogs/analytics.py", line 652, in on_member_update
    before_timeout = before.timed_out_until
                     ^^^^^^^^^^^^^^^^^^^^^^
AttributeError: 'Member' object has no attribute 'timed_out_until'
Ignoring exception in on_member_update
Traceback (most recent call last):
  File "/usr/local/lib/python3.12/site-packages/discord/client.py", line 465, in _run_event
    await coro(*args, **kwargs)
  File "/app/asu_discord/cogs/analytics.py", line 652, in on_member_update
    before_timeout = before.timed_out_until
                     ^^^^^^^^^^^^^^^^^^^^^^
AttributeError: 'Member' object has no attribute 'timed_out_until'
Ignoring exception in on_member_update
Traceback (most recent call last):
  File "/usr/local/lib/python3.12/site-packages/discord/client.py", line 465, in _run_event
    await coro(*args, **kwargs)
  File "/app/asu_discord/cogs/analytics.py", line 652, in on_member_update
    before_timeout = before.timed_out_until
                     ^^^^^^^^^^^^^^^^^^^^^^
AttributeError: 'Member' object has no attribute 'timed_out_until'
INFO:asu_discord.cogs.verification:Saved 5 roles to database for user jdsimps9 (Discord ID: 941538395056898069)
INFO:asu_discord.cogs.verification:Refreshed Salesforce roles for Discord user 941538395056898069: -5/+5 roles, assigned=[Arizona Resident, College of Liberal Arts and Sciences, Commited, First Year, Tempe]
ERROR:cron.jobs:refresh_salesforce_roles: failed for mnola442 (Discord ID 769607841479655465): Failed to refresh Salesforce-based roles: Discord user 769607841479655465 is not a member of the guild
Ignoring exception in on_member_update
Traceback (most recent call last):
  File "/usr/local/lib/python3.12/site-packages/discord/client.py", line 465, in _run_event
    await coro(*args, **kwargs)
  File "/app/asu_discord/cogs/analytics.py", line 652, in on_member_update
    before_timeout = before.timed_out_until
                     ^^^^^^^^^^^^^^^^^^^^^^
AttributeError: 'Member' object has no attribute 'timed_out_until'
Ignoring exception in on_member_update
Traceback (most recent call last):
  File "/usr/local/lib/python3.12/site-packages/discord/client.py", line 465, in _run_event
    await coro(*args, **kwargs)
  File "/app/asu_discord/cogs/analytics.py", line 652, in on_member_update
    before_timeout = before.timed_out_until
                     ^^^^^^^^^^^^^^^^^^^^^^
AttributeError: 'Member' object has no attribute 'timed_out_until'
Ignoring exception in on_member_update
Traceback (most recent call last):
  File "/usr/local/lib/python3.12/site-packages/discord/client.py", line 465, in _run_event
    await coro(*args, **kwargs)
  File "/app/asu_discord/cogs/analytics.py", line 652, in on_member_update
    before_timeout = before.timed_out_until
                     ^^^^^^^^^^^^^^^^^^^^^^
AttributeError: 'Member' object has no attribute 'timed_out_until'
Ignoring exception in on_member_update
Traceback (most recent call last):
  File "/usr/local/lib/python3.12/site-packages/discord/client.py", line 465, in _run_event
    await coro(*args, **kwargs)
  File "/app/asu_discord/cogs/analytics.py", line 652, in on_member_update
    before_timeout = before.timed_out_until
                     ^^^^^^^^^^^^^^^^^^^^^^
AttributeError: 'Member' object has no attribute 'timed_out_until'
Ignoring exception in on_member_update
Traceback (most recent call last):
  File "/usr/local/lib/python3.12/site-packages/discord/client.py", line 465, in _run_event
    await coro(*args, **kwargs)
  File "/app/asu_discord/cogs/analytics.py", line 652, in on_member_update
    before_timeout = before.timed_out_until
                     ^^^^^^^^^^^^^^^^^^^^^^
AttributeError: 'Member' object has no attribute 'timed_out_until'
Ignoring exception in on_member_update
Traceback (most recent call last):
  File "/usr/local/lib/python3.12/site-packages/discord/client.py", line 465, in _run_event
    await coro(*args, **kwargs)
  File "/app/asu_discord/cogs/analytics.py", line 652, in on_member_update
    before_timeout = before.timed_out_until
                     ^^^^^^^^^^^^^^^^^^^^^^
AttributeError: 'Member' object has no attribute 'timed_out_until'
Ignoring exception in on_member_update
Traceback (most recent call last):
  File "/usr/local/lib/python3.12/site-packages/discord/client.py", line 465, in _run_event
    await coro(*args, **kwargs)
  File "/app/asu_discord/cogs/analytics.py", line 652, in on_member_update
    before_timeout = before.timed_out_until
                     ^^^^^^^^^^^^^^^^^^^^^^
AttributeError: 'Member' object has no attribute 'timed_out_until'
Ignoring exception in on_member_update
Traceback (most recent call last):
  File "/usr/local/lib/python3.12/site-packages/discord/client.py", line 465, in _run_event
    await coro(*args, **kwargs)
  File "/app/asu_discord/cogs/analytics.py", line 652, in on_member_update
    before_timeout = before.timed_out_until
                     ^^^^^^^^^^^^^^^^^^^^^^
AttributeError: 'Member' object has no attribute 'timed_out_until'
Ignoring exception in on_member_update
Traceback (most recent call last):
  File "/usr/local/lib/python3.12/site-packages/discord/client.py", line 465, in _run_event
    await coro(*args, **kwargs)
  File "/app/asu_discord/cogs/analytics.py", line 652, in on_member_update
    before_timeout = before.timed_out_until
                     ^^^^^^^^^^^^^^^^^^^^^^
AttributeError: 'Member' object has no attribute 'timed_out_until'
Ignoring exception in on_member_update
Traceback (most recent call last):
  File "/usr/local/lib/python3.12/site-packages/discord/client.py", line 465, in _run_event
    await coro(*args, **kwargs)
  File "/app/asu_discord/cogs/analytics.py", line 652, in on_member_update
    before_timeout = before.timed_out_until
                     ^^^^^^^^^^^^^^^^^^^^^^
AttributeError: 'Member' object has no attribute 'timed_out_until'
INFO:asu_discord.cogs.verification:Saved 5 roles to database for user lwulf (Discord ID: 730821602643542108)
INFO:asu_discord.cogs.verification:Refreshed Salesforce roles for Discord user 730821602643542108: -5/+5 roles, assigned=[Commited, First Year, Ira A. Fulton Schools of Engineering, Out of State, Tempe]
Ignoring exception in on_member_update
Traceback (most recent call last):
  File "/usr/local/lib/python3.12/site-packages/discord/client.py", line 465, in _run_event
    await coro(*args, **kwargs)
  File "/app/asu_discord/cogs/analytics.py", line 652, in on_member_update
    before_timeout = before.timed_out_until
                     ^^^^^^^^^^^^^^^^^^^^^^
AttributeError: 'Member' object has no attribute 'timed_out_until'
Ignoring exception in on_member_update
Traceback (most recent call last):
  File "/usr/local/lib/python3.12/site-packages/discord/client.py", line 465, in _run_event
    await coro(*args, **kwargs)
  File "/app/asu_discord/cogs/analytics.py", line 652, in on_member_update
    before_timeout = before.timed_out_until
                     ^^^^^^^^^^^^^^^^^^^^^^
AttributeError: 'Member' object has no attribute 'timed_out_until'
Ignoring exception in on_member_update
Traceback (most recent call last):
  File "/usr/local/lib/python3.12/site-packages/discord/client.py", line 465, in _run_event
    await coro(*args, **kwargs)
  File "/app/asu_discord/cogs/analytics.py", line 652, in on_member_update
    before_timeout = before.timed_out_until
                     ^^^^^^^^^^^^^^^^^^^^^^
AttributeError: 'Member' object has no attribute 'timed_out_until'
Ignoring exception in on_member_update
Traceback (most recent call last):
  File "/usr/local/lib/python3.12/site-packages/discord/client.py", line 465, in _run_event
    await coro(*args, **kwargs)
  File "/app/asu_discord/cogs/analytics.py", line 652, in on_member_update
    before_timeout = before.timed_out_until
                     ^^^^^^^^^^^^^^^^^^^^^^
AttributeError: 'Member' object has no attribute 'timed_out_until'
Ignoring exception in on_member_update
Traceback (most recent call last):
  File "/usr/local/lib/python3.12/site-packages/discord/client.py", line 465, in _run_event
    await coro(*args, **kwargs)
  File "/app/asu_discord/cogs/analytics.py", line 652, in on_member_update
    before_timeout = before.timed_out_until
                     ^^^^^^^^^^^^^^^^^^^^^^
AttributeError: 'Member' object has no attribute 'timed_out_until'
Ignoring exception in on_member_update
Traceback (most recent call last):
  File "/usr/local/lib/python3.12/site-packages/discord/client.py", line 465, in _run_event
    await coro(*args, **kwargs)
  File "/app/asu_discord/cogs/analytics.py", line 652, in on_member_update
    before_timeout = before.timed_out_until
                     ^^^^^^^^^^^^^^^^^^^^^^
AttributeError: 'Member' object has no attribute 'timed_out_until'
Ignoring exception in on_member_update
Traceback (most recent call last):
  File "/usr/local/lib/python3.12/site-packages/discord/client.py", line 465, in _run_event
    await coro(*args, **kwargs)
  File "/app/asu_discord/cogs/analytics.py", line 652, in on_member_update
    before_timeout = before.timed_out_until
                     ^^^^^^^^^^^^^^^^^^^^^^
AttributeError: 'Member' object has no attribute 'timed_out_until'
Ignoring exception in on_member_update
Traceback (most recent call last):
  File "/usr/local/lib/python3.12/site-packages/discord/client.py", line 465, in _run_event
    await coro(*args, **kwargs)
  File "/app/asu_discord/cogs/analytics.py", line 652, in on_member_update
    before_timeout = before.timed_out_until
                     ^^^^^^^^^^^^^^^^^^^^^^
AttributeError: 'Member' object has no attribute 'timed_out_until'
Ignoring exception in on_member_update
Traceback (most recent call last):
  File "/usr/local/lib/python3.12/site-packages/discord/client.py", line 465, in _run_event
    await coro(*args, **kwargs)
  File "/app/asu_discord/cogs/analytics.py", line 652, in on_member_update
    before_timeout = before.timed_out_until
                     ^^^^^^^^^^^^^^^^^^^^^^
AttributeError: 'Member' object has no attribute 'timed_out_until'
Ignoring exception in on_member_update
Traceback (most recent call last):
  File "/usr/local/lib/python3.12/site-packages/discord/client.py", line 465, in _run_event
    await coro(*args, **kwargs)
  File "/app/asu_discord/cogs/analytics.py", line 652, in on_member_update
    before_timeout = before.timed_out_until
                     ^^^^^^^^^^^^^^^^^^^^^^
AttributeError: 'Member' object has no attribute 'timed_out_until'
INFO:asu_discord.cogs.verification:Saved 5 roles to database for user dmnguy12 (Discord ID: 513737978921746432)
INFO:asu_discord.cogs.verification:Refreshed Salesforce roles for Discord user 513737978921746432: -5/+5 roles, assigned=[Arizona Resident, Commited, First Year, Ira A. Fulton Schools of Engineering, Tempe]
Ignoring exception in on_member_update
Traceback (most recent call last):
  File "/usr/local/lib/python3.12/site-packages/discord/client.py", line 465, in _run_event
    await coro(*args, **kwargs)
  File "/app/asu_discord/cogs/analytics.py", line 652, in on_member_update
    before_timeout = before.timed_out_until
                     ^^^^^^^^^^^^^^^^^^^^^^
AttributeError: 'Member' object has no attribute 'timed_out_until'
Ignoring exception in on_member_update
Traceback (most recent call last):
  File "/usr/local/lib/python3.12/site-packages/discord/client.py", line 465, in _run_event
    await coro(*args, **kwargs)
  File "/app/asu_discord/cogs/analytics.py", line 652, in on_member_update
    before_timeout = before.timed_out_until
                     ^^^^^^^^^^^^^^^^^^^^^^
AttributeError: 'Member' object has no attribute 'timed_out_until'
Ignoring exception in on_member_update
Traceback (most recent call last):
  File "/usr/local/lib/python3.12/site-packages/discord/client.py", line 465, in _run_event
    await coro(*args, **kwargs)
  File "/app/asu_discord/cogs/analytics.py", line 652, in on_member_update
    before_timeout = before.timed_out_until
                     ^^^^^^^^^^^^^^^^^^^^^^
AttributeError: 'Member' object has no attribute 'timed_out_until'
Ignoring exception in on_member_update
Traceback (most recent call last):
  File "/usr/local/lib/python3.12/site-packages/discord/client.py", line 465, in _run_event
    await coro(*args, **kwargs)
  File "/app/asu_discord/cogs/analytics.py", line 652, in on_member_update
    before_timeout = before.timed_out_until
                     ^^^^^^^^^^^^^^^^^^^^^^
AttributeError: 'Member' object has no attribute 'timed_out_until'
Ignoring exception in on_member_update
Traceback (most recent call last):
  File "/usr/local/lib/python3.12/site-packages/discord/client.py", line 465, in _run_event
    await coro(*args, **kwargs)
  File "/app/asu_discord/cogs/analytics.py", line 652, in on_member_update
    before_timeout = before.timed_out_until
                     ^^^^^^^^^^^^^^^^^^^^^^
AttributeError: 'Member' object has no attribute 'timed_out_until'
Ignoring exception in on_member_update
Traceback (most recent call last):
  File "/usr/local/lib/python3.12/site-packages/discord/client.py", line 465, in _run_event
    await coro(*args, **kwargs)
  File "/app/asu_discord/cogs/analytics.py", line 652, in on_member_update
    before_timeout = before.timed_out_until
                     ^^^^^^^^^^^^^^^^^^^^^^
AttributeError: 'Member' object has no attribute 'timed_out_until'
Ignoring exception in on_member_update
Traceback (most recent call last):
  File "/usr/local/lib/python3.12/site-packages/discord/client.py", line 465, in _run_event
    await coro(*args, **kwargs)
  File "/app/asu_discord/cogs/analytics.py", line 652, in on_member_update
    before_timeout = before.timed_out_until
                     ^^^^^^^^^^^^^^^^^^^^^^
AttributeError: 'Member' object has no attribute 'timed_out_until'
Ignoring exception in on_member_update
Traceback (most recent call last):
  File "/usr/local/lib/python3.12/site-packages/discord/client.py", line 465, in _run_event
    await coro(*args, **kwargs)
  File "/app/asu_discord/cogs/analytics.py", line 652, in on_member_update
    before_timeout = before.timed_out_until
                     ^^^^^^^^^^^^^^^^^^^^^^
AttributeError: 'Member' object has no attribute 'timed_out_until'
INFO:asu_discord.cogs.verification:Saved 4 roles to database for user mmatias8 (Discord ID: 654903165606559746)
INFO:asu_discord.cogs.verification:Refreshed Salesforce roles for Discord user 654903165606559746: -4/+4 roles, assigned=[Arizona Resident, First Year, Tempe, W.P. Carey School of Business]
Ignoring exception in on_member_update
Traceback (most recent call last):
  File "/usr/local/lib/python3.12/site-packages/discord/client.py", line 465, in _run_event
    await coro(*args, **kwargs)
  File "/app/asu_discord/cogs/analytics.py", line 652, in on_member_update
    before_timeout = before.timed_out_until
                     ^^^^^^^^^^^^^^^^^^^^^^
AttributeError: 'Member' object has no attribute 'timed_out_until'
Ignoring exception in on_member_update
Traceback (most recent call last):
  File "/usr/local/lib/python3.12/site-packages/discord/client.py", line 465, in _run_event
    await coro(*args, **kwargs)
  File "/app/asu_discord/cogs/analytics.py", line 652, in on_member_update
    before_timeout = before.timed_out_until
                     ^^^^^^^^^^^^^^^^^^^^^^
AttributeError: 'Member' object has no attribute 'timed_out_until'
Ignoring exception in on_member_update
Traceback (most recent call last):
  File "/usr/local/lib/python3.12/site-packages/discord/client.py", line 465, in _run_event
    await coro(*args, **kwargs)
  File "/app/asu_discord/cogs/analytics.py", line 652, in on_member_update
    before_timeout = before.timed_out_until
                     ^^^^^^^^^^^^^^^^^^^^^^
AttributeError: 'Member' object has no attribute 'timed_out_until'
Ignoring exception in on_member_update
Traceback (most recent call last):
  File "/usr/local/lib/python3.12/site-packages/discord/client.py", line 465, in _run_event
    await coro(*args, **kwargs)
  File "/app/asu_discord/cogs/analytics.py", line 652, in on_member_update
    before_timeout = before.timed_out_until
                     ^^^^^^^^^^^^^^^^^^^^^^
AttributeError: 'Member' object has no attribute 'timed_out_until'
Ignoring exception in on_member_update
Traceback (most recent call last):
  File "/usr/local/lib/python3.12/site-packages/discord/client.py", line 465, in _run_event
    await coro(*args, **kwargs)
  File "/app/asu_discord/cogs/analytics.py", line 652, in on_member_update
    before_timeout = before.timed_out_until
                     ^^^^^^^^^^^^^^^^^^^^^^
AttributeError: 'Member' object has no attribute 'timed_out_until'
Ignoring exception in on_member_update
Traceback (most recent call last):
  File "/usr/local/lib/python3.12/site-packages/discord/client.py", line 465, in _run_event
    await coro(*args, **kwargs)
  File "/app/asu_discord/cogs/analytics.py", line 652, in on_member_update
    before_timeout = before.timed_out_until
                     ^^^^^^^^^^^^^^^^^^^^^^
AttributeError: 'Member' object has no attribute 'timed_out_until'
Ignoring exception in on_member_update
Traceback (most recent call last):
  File "/usr/local/lib/python3.12/site-packages/discord/client.py", line 465, in _run_event
    await coro(*args, **kwargs)
  File "/app/asu_discord/cogs/analytics.py", line 652, in on_member_update
    before_timeout = before.timed_out_until
                     ^^^^^^^^^^^^^^^^^^^^^^
AttributeError: 'Member' object has no attribute 'timed_out_until'
Ignoring exception in on_member_update
Traceback (most recent call last):
  File "/usr/local/lib/python3.12/site-packages/discord/client.py", line 465, in _run_event
    await coro(*args, **kwargs)
  File "/app/asu_discord/cogs/analytics.py", line 652, in on_member_update
    before_timeout = before.timed_out_until
                     ^^^^^^^^^^^^^^^^^^^^^^
AttributeError: 'Member' object has no attribute 'timed_out_until'
Ignoring exception in on_member_update
Traceback (most recent call last):
  File "/usr/local/lib/python3.12/site-packages/discord/client.py", line 465, in _run_event
    await coro(*args, **kwargs)
  File "/app/asu_discord/cogs/analytics.py", line 652, in on_member_update
    before_timeout = before.timed_out_until
                     ^^^^^^^^^^^^^^^^^^^^^^
AttributeError: 'Member' object has no attribute 'timed_out_until'
Ignoring exception in on_member_update
Traceback (most recent call last):
  File "/usr/local/lib/python3.12/site-packages/discord/client.py", line 465, in _run_event
    await coro(*args, **kwargs)
  File "/app/asu_discord/cogs/analytics.py", line 652, in on_member_update
    before_timeout = before.timed_out_until
                     ^^^^^^^^^^^^^^^^^^^^^^
AttributeError: 'Member' object has no attribute 'timed_out_until'
INFO:asu_discord.cogs.verification:Saved 5 roles to database for user asputta (Discord ID: 689241926394052795)
INFO:asu_discord.cogs.verification:Refreshed Salesforce roles for Discord user 689241926394052795: -5/+5 roles, assigned=[Arizona Resident, Commited, First Year, Tempe, W.P. Carey School of Business]
ERROR:cron.jobs:refresh_salesforce_roles: failed for geonjuki (Discord ID 749420701710155790): Failed to refresh Salesforce-based roles: Discord user 749420701710155790 is not a member of the guild
Ignoring exception in on_member_update
Traceback (most recent call last):
  File "/usr/local/lib/python3.12/site-packages/discord/client.py", line 465, in _run_event
    await coro(*args, **kwargs)
  File "/app/asu_discord/cogs/analytics.py", line 652, in on_member_update
    before_timeout = before.timed_out_until
                     ^^^^^^^^^^^^^^^^^^^^^^
AttributeError: 'Member' object has no attribute 'timed_out_until'
Ignoring exception in on_member_update
Traceback (most recent call last):
  File "/usr/local/lib/python3.12/site-packages/discord/client.py", line 465, in _run_event
    await coro(*args, **kwargs)
  File "/app/asu_discord/cogs/analytics.py", line 652, in on_member_update
    before_timeout = before.timed_out_until
                     ^^^^^^^^^^^^^^^^^^^^^^
AttributeError: 'Member' object has no attribute 'timed_out_until'
Ignoring exception in on_member_update
Traceback (most recent call last):
  File "/usr/local/lib/python3.12/site-packages/discord/client.py", line 465, in _run_event
    await coro(*args, **kwargs)
  File "/app/asu_discord/cogs/analytics.py", line 652, in on_member_update
    before_timeout = before.timed_out_until
                     ^^^^^^^^^^^^^^^^^^^^^^
AttributeError: 'Member' object has no attribute 'timed_out_until'
Ignoring exception in on_member_update
Traceback (most recent call last):
  File "/usr/local/lib/python3.12/site-packages/discord/client.py", line 465, in _run_event
    await coro(*args, **kwargs)
  File "/app/asu_discord/cogs/analytics.py", line 652, in on_member_update
    before_timeout = before.timed_out_until
                     ^^^^^^^^^^^^^^^^^^^^^^
AttributeError: 'Member' object has no attribute 'timed_out_until'
Ignoring exception in on_member_update
Traceback (most recent call last):
  File "/usr/local/lib/python3.12/site-packages/discord/client.py", line 465, in _run_event
    await coro(*args, **kwargs)
  File "/app/asu_discord/cogs/analytics.py", line 652, in on_member_update
    before_timeout = before.timed_out_until
                     ^^^^^^^^^^^^^^^^^^^^^^
AttributeError: 'Member' object has no attribute 'timed_out_until'
Ignoring exception in on_member_update
Traceback (most recent call last):
  File "/usr/local/lib/python3.12/site-packages/discord/client.py", line 465, in _run_event
    await coro(*args, **kwargs)
  File "/app/asu_discord/cogs/analytics.py", line 652, in on_member_update
    before_timeout = before.timed_out_until
                     ^^^^^^^^^^^^^^^^^^^^^^
AttributeError: 'Member' object has no attribute 'timed_out_until'
Ignoring exception in on_member_update
Traceback (most recent call last):
  File "/usr/local/lib/python3.12/site-packages/discord/client.py", line 465, in _run_event
    await coro(*args, **kwargs)
  File "/app/asu_discord/cogs/analytics.py", line 652, in on_member_update
    before_timeout = before.timed_out_until
                     ^^^^^^^^^^^^^^^^^^^^^^
AttributeError: 'Member' object has no attribute 'timed_out_until'
Ignoring exception in on_member_update
Traceback (most recent call last):
  File "/usr/local/lib/python3.12/site-packages/discord/client.py", line 465, in _run_event
    await coro(*args, **kwargs)
  File "/app/asu_discord/cogs/analytics.py", line 652, in on_member_update
    before_timeout = before.timed_out_until
                     ^^^^^^^^^^^^^^^^^^^^^^
AttributeError: 'Member' object has no attribute 'timed_out_until'
Ignoring exception in on_member_update
Traceback (most recent call last):
  File "/usr/local/lib/python3.12/site-packages/discord/client.py", line 465, in _run_event
    await coro(*args, **kwargs)
  File "/app/asu_discord/cogs/analytics.py", line 652, in on_member_update
    before_timeout = before.timed_out_until
                     ^^^^^^^^^^^^^^^^^^^^^^
AttributeError: 'Member' object has no attribute 'timed_out_until'
Ignoring exception in on_member_update
Traceback (most recent call last):
  File "/usr/local/lib/python3.12/site-packages/discord/client.py", line 465, in _run_event
    await coro(*args, **kwargs)
  File "/app/asu_discord/cogs/analytics.py", line 652, in on_member_update
    before_timeout = before.timed_out_until
                     ^^^^^^^^^^^^^^^^^^^^^^
AttributeError: 'Member' object has no attribute 'timed_out_until'
INFO:asu_discord.cogs.verification:Saved 5 roles to database for user tnguy488 (Discord ID: 687474830257422370)
INFO:asu_discord.cogs.verification:Refreshed Salesforce roles for Discord user 687474830257422370: -5/+5 roles, assigned=[Commited, First Year, International Student, Tempe, W.P. Carey School of Business]
Ignoring exception in on_member_update
Traceback (most recent call last):
  File "/usr/local/lib/python3.12/site-packages/discord/client.py", line 465, in _run_event
    await coro(*args, **kwargs)
  File "/app/asu_discord/cogs/analytics.py", line 652, in on_member_update
    before_timeout = before.timed_out_until
                     ^^^^^^^^^^^^^^^^^^^^^^
AttributeError: 'Member' object has no attribute 'timed_out_until'
Ignoring exception in on_member_update
Traceback (most recent call last):
  File "/usr/local/lib/python3.12/site-packages/discord/client.py", line 465, in _run_event
    await coro(*args, **kwargs)
  File "/app/asu_discord/cogs/analytics.py", line 652, in on_member_update
    before_timeout = before.timed_out_until
                     ^^^^^^^^^^^^^^^^^^^^^^
AttributeError: 'Member' object has no attribute 'timed_out_until'
Ignoring exception in on_member_update
Traceback (most recent call last):
  File "/usr/local/lib/python3.12/site-packages/discord/client.py", line 465, in _run_event
    await coro(*args, **kwargs)
  File "/app/asu_discord/cogs/analytics.py", line 652, in on_member_update
    before_timeout = before.timed_out_until
                     ^^^^^^^^^^^^^^^^^^^^^^
AttributeError: 'Member' object has no attribute 'timed_out_until'
Ignoring exception in on_member_update
Traceback (most recent call last):
  File "/usr/local/lib/python3.12/site-packages/discord/client.py", line 465, in _run_event
    await coro(*args, **kwargs)
  File "/app/asu_discord/cogs/analytics.py", line 652, in on_member_update
    before_timeout = before.timed_out_until
                     ^^^^^^^^^^^^^^^^^^^^^^
AttributeError: 'Member' object has no attribute 'timed_out_until'
Ignoring exception in on_member_update
Traceback (most recent call last):
  File "/usr/local/lib/python3.12/site-packages/discord/client.py", line 465, in _run_event
    await coro(*args, **kwargs)
  File "/app/asu_discord/cogs/analytics.py", line 652, in on_member_update
    before_timeout = before.timed_out_until
                     ^^^^^^^^^^^^^^^^^^^^^^
AttributeError: 'Member' object has no attribute 'timed_out_until'
Ignoring exception in on_member_update
Traceback (most recent call last):
  File "/usr/local/lib/python3.12/site-packages/discord/client.py", line 465, in _run_event
    await coro(*args, **kwargs)
  File "/app/asu_discord/cogs/analytics.py", line 652, in on_member_update
    before_timeout = before.timed_out_until
                     ^^^^^^^^^^^^^^^^^^^^^^
AttributeError: 'Member' object has no attribute 'timed_out_until'
Ignoring exception in on_member_update
Traceback (most recent call last):
  File "/usr/local/lib/python3.12/site-packages/discord/client.py", line 465, in _run_event
    await coro(*args, **kwargs)
  File "/app/asu_discord/cogs/analytics.py", line 652, in on_member_update
    before_timeout = before.timed_out_until
                     ^^^^^^^^^^^^^^^^^^^^^^
AttributeError: 'Member' object has no attribute 'timed_out_until'
Ignoring exception in on_member_update
Traceback (most recent call last):
  File "/usr/local/lib/python3.12/site-packages/discord/client.py", line 465, in _run_event
    await coro(*args, **kwargs)
  File "/app/asu_discord/cogs/analytics.py", line 652, in on_member_update
    before_timeout = before.timed_out_until
                     ^^^^^^^^^^^^^^^^^^^^^^
AttributeError: 'Member' object has no attribute 'timed_out_until'
Ignoring exception in on_member_update
Traceback (most recent call last):
  File "/usr/local/lib/python3.12/site-packages/discord/client.py", line 465, in _run_event
    await coro(*args, **kwargs)
  File "/app/asu_discord/cogs/analytics.py", line 652, in on_member_update
    before_timeout = before.timed_out_until
                     ^^^^^^^^^^^^^^^^^^^^^^
AttributeError: 'Member' object has no attribute 'timed_out_until'
Ignoring exception in on_member_update
Traceback (most recent call last):
  File "/usr/local/lib/python3.12/site-packages/discord/client.py", line 465, in _run_event
    await coro(*args, **kwargs)
  File "/app/asu_discord/cogs/analytics.py", line 652, in on_member_update
    before_timeout = before.timed_out_until
                     ^^^^^^^^^^^^^^^^^^^^^^
AttributeError: 'Member' object has no attribute 'timed_out_until'
INFO:asu_discord.cogs.verification:Saved 5 roles to database for user rkansal2 (Discord ID: 1195475453931167812)
INFO:asu_discord.cogs.verification:Refreshed Salesforce roles for Discord user 1195475453931167812: -5/+5 roles, assigned=[Commited, Graduate Student, International Student, Ira A. Fulton Schools of Engineering, Tempe]
Ignoring exception in on_member_update
Traceback (most recent call last):
  File "/usr/local/lib/python3.12/site-packages/discord/client.py", line 465, in _run_event
    await coro(*args, **kwargs)
  File "/app/asu_discord/cogs/analytics.py", line 652, in on_member_update
    before_timeout = before.timed_out_until
                     ^^^^^^^^^^^^^^^^^^^^^^
AttributeError: 'Member' object has no attribute 'timed_out_until'
Ignoring exception in on_member_update
Traceback (most recent call last):
  File "/usr/local/lib/python3.12/site-packages/discord/client.py", line 465, in _run_event
    await coro(*args, **kwargs)
  File "/app/asu_discord/cogs/analytics.py", line 652, in on_member_update
    before_timeout = before.timed_out_until
                     ^^^^^^^^^^^^^^^^^^^^^^
AttributeError: 'Member' object has no attribute 'timed_out_until'
Ignoring exception in on_member_update
Traceback (most recent call last):
  File "/usr/local/lib/python3.12/site-packages/discord/client.py", line 465, in _run_event
    await coro(*args, **kwargs)
  File "/app/asu_discord/cogs/analytics.py", line 652, in on_member_update
    before_timeout = before.timed_out_until
                     ^^^^^^^^^^^^^^^^^^^^^^
AttributeError: 'Member' object has no attribute 'timed_out_until'
Ignoring exception in on_member_update
Traceback (most recent call last):
  File "/usr/local/lib/python3.12/site-packages/discord/client.py", line 465, in _run_event
    await coro(*args, **kwargs)
  File "/app/asu_discord/cogs/analytics.py", line 652, in on_member_update
    before_timeout = before.timed_out_until
                     ^^^^^^^^^^^^^^^^^^^^^^
AttributeError: 'Member' object has no attribute 'timed_out_until'
Ignoring exception in on_member_update
Traceback (most recent call last):
  File "/usr/local/lib/python3.12/site-packages/discord/client.py", line 465, in _run_event
    await coro(*args, **kwargs)
  File "/app/asu_discord/cogs/analytics.py", line 652, in on_member_update
    before_timeout = before.timed_out_until
                     ^^^^^^^^^^^^^^^^^^^^^^
AttributeError: 'Member' object has no attribute 'timed_out_until'
Ignoring exception in on_member_update
Traceback (most recent call last):
  File "/usr/local/lib/python3.12/site-packages/discord/client.py", line 465, in _run_event
    await coro(*args, **kwargs)
  File "/app/asu_discord/cogs/analytics.py", line 652, in on_member_update
    before_timeout = before.timed_out_until
                     ^^^^^^^^^^^^^^^^^^^^^^
AttributeError: 'Member' object has no attribute 'timed_out_until'
Ignoring exception in on_member_update
Traceback (most recent call last):
  File "/usr/local/lib/python3.12/site-packages/discord/client.py", line 465, in _run_event
    await coro(*args, **kwargs)
  File "/app/asu_discord/cogs/analytics.py", line 652, in on_member_update
    before_timeout = before.timed_out_until
                     ^^^^^^^^^^^^^^^^^^^^^^
AttributeError: 'Member' object has no attribute 'timed_out_until'
Ignoring exception in on_member_update
Traceback (most recent call last):
  File "/usr/local/lib/python3.12/site-packages/discord/client.py", line 465, in _run_event
    await coro(*args, **kwargs)
  File "/app/asu_discord/cogs/analytics.py", line 652, in on_member_update
    before_timeout = before.timed_out_until
                     ^^^^^^^^^^^^^^^^^^^^^^
AttributeError: 'Member' object has no attribute 'timed_out_until'
Ignoring exception in on_member_update
Traceback (most recent call last):
  File "/usr/local/lib/python3.12/site-packages/discord/client.py", line 465, in _run_event
    await coro(*args, **kwargs)
  File "/app/asu_discord/cogs/analytics.py", line 652, in on_member_update
    before_timeout = before.timed_out_until
                     ^^^^^^^^^^^^^^^^^^^^^^
AttributeError: 'Member' object has no attribute 'timed_out_until'
Ignoring exception in on_member_update
Traceback (most recent call last):
  File "/usr/local/lib/python3.12/site-packages/discord/client.py", line 465, in _run_event
    await coro(*args, **kwargs)
  File "/app/asu_discord/cogs/analytics.py", line 652, in on_member_update
    before_timeout = before.timed_out_until
                     ^^^^^^^^^^^^^^^^^^^^^^
AttributeError: 'Member' object has no attribute 'timed_out_until'
INFO:asu_discord.cogs.verification:Saved 5 roles to database for user hannahlo (Discord ID: 657009704920285204)
INFO:asu_discord.cogs.verification:Refreshed Salesforce roles for Discord user 657009704920285204: -5/+5 roles, assigned=[Arizona Resident, College of Liberal Arts and Sciences, Commited, First Year, Tempe]
Ignoring exception in on_member_update
Traceback (most recent call last):
  File "/usr/local/lib/python3.12/site-packages/discord/client.py", line 465, in _run_event
    await coro(*args, **kwargs)
  File "/app/asu_discord/cogs/analytics.py", line 652, in on_member_update
    before_timeout = before.timed_out_until
                     ^^^^^^^^^^^^^^^^^^^^^^
AttributeError: 'Member' object has no attribute 'timed_out_until'
Ignoring exception in on_member_update
Traceback (most recent call last):
  File "/usr/local/lib/python3.12/site-packages/discord/client.py", line 465, in _run_event
    await coro(*args, **kwargs)
  File "/app/asu_discord/cogs/analytics.py", line 652, in on_member_update
    before_timeout = before.timed_out_until
                     ^^^^^^^^^^^^^^^^^^^^^^
AttributeError: 'Member' object has no attribute 'timed_out_until'
Ignoring exception in on_member_update
Traceback (most recent call last):
  File "/usr/local/lib/python3.12/site-packages/discord/client.py", line 465, in _run_event
    await coro(*args, **kwargs)
  File "/app/asu_discord/cogs/analytics.py", line 652, in on_member_update
    before_timeout = before.timed_out_until
                     ^^^^^^^^^^^^^^^^^^^^^^
AttributeError: 'Member' object has no attribute 'timed_out_until'
Ignoring exception in on_member_update
Traceback (most recent call last):
  File "/usr/local/lib/python3.12/site-packages/discord/client.py", line 465, in _run_event
    await coro(*args, **kwargs)
  File "/app/asu_discord/cogs/analytics.py", line 652, in on_member_update
    before_timeout = before.timed_out_until
                     ^^^^^^^^^^^^^^^^^^^^^^
AttributeError: 'Member' object has no attribute 'timed_out_until'
Ignoring exception in on_member_update
Traceback (most recent call last):
  File "/usr/local/lib/python3.12/site-packages/discord/client.py", line 465, in _run_event
    await coro(*args, **kwargs)
  File "/app/asu_discord/cogs/analytics.py", line 652, in on_member_update
    before_timeout = before.timed_out_until
                     ^^^^^^^^^^^^^^^^^^^^^^
AttributeError: 'Member' object has no attribute 'timed_out_until'
Ignoring exception in on_member_update
Traceback (most recent call last):
  File "/usr/local/lib/python3.12/site-packages/discord/client.py", line 465, in _run_event
    await coro(*args, **kwargs)
  File "/app/asu_discord/cogs/analytics.py", line 652, in on_member_update
    before_timeout = before.timed_out_until
                     ^^^^^^^^^^^^^^^^^^^^^^
AttributeError: 'Member' object has no attribute 'timed_out_until'
Ignoring exception in on_member_update
Traceback (most recent call last):
  File "/usr/local/lib/python3.12/site-packages/discord/client.py", line 465, in _run_event
    await coro(*args, **kwargs)
  File "/app/asu_discord/cogs/analytics.py", line 652, in on_member_update
    before_timeout = before.timed_out_until
                     ^^^^^^^^^^^^^^^^^^^^^^
AttributeError: 'Member' object has no attribute 'timed_out_until'
Ignoring exception in on_member_update
Traceback (most recent call last):
  File "/usr/local/lib/python3.12/site-packages/discord/client.py", line 465, in _run_event
    await coro(*args, **kwargs)
  File "/app/asu_discord/cogs/analytics.py", line 652, in on_member_update
    before_timeout = before.timed_out_until
                     ^^^^^^^^^^^^^^^^^^^^^^
AttributeError: 'Member' object has no attribute 'timed_out_until'
Ignoring exception in on_member_update
Traceback (most recent call last):
  File "/usr/local/lib/python3.12/site-packages/discord/client.py", line 465, in _run_event
    await coro(*args, **kwargs)
  File "/app/asu_discord/cogs/analytics.py", line 652, in on_member_update
    before_timeout = before.timed_out_until
                     ^^^^^^^^^^^^^^^^^^^^^^
AttributeError: 'Member' object has no attribute 'timed_out_until'
Ignoring exception in on_member_update
Traceback (most recent call last):
  File "/usr/local/lib/python3.12/site-packages/discord/client.py", line 465, in _run_event
    await coro(*args, **kwargs)
  File "/app/asu_discord/cogs/analytics.py", line 652, in on_member_update
    before_timeout = before.timed_out_until
                     ^^^^^^^^^^^^^^^^^^^^^^
AttributeError: 'Member' object has no attribute 'timed_out_until'
INFO:asu_discord.cogs.verification:Saved 5 roles to database for user haoruli (Discord ID: 1410391279795306519)
INFO:asu_discord.cogs.verification:Refreshed Salesforce roles for Discord user 1410391279795306519: -5/+5 roles, assigned=[College of Liberal Arts and Sciences, First Generation Student, Graduate Student, International Student, Tempe]
Ignoring exception in on_member_update
Traceback (most recent call last):
  File "/usr/local/lib/python3.12/site-packages/discord/client.py", line 465, in _run_event
    await coro(*args, **kwargs)
  File "/app/asu_discord/cogs/analytics.py", line 652, in on_member_update
    before_timeout = before.timed_out_until
                     ^^^^^^^^^^^^^^^^^^^^^^
AttributeError: 'Member' object has no attribute 'timed_out_until'
Ignoring exception in on_member_update
Traceback (most recent call last):
  File "/usr/local/lib/python3.12/site-packages/discord/client.py", line 465, in _run_event
    await coro(*args, **kwargs)
  File "/app/asu_discord/cogs/analytics.py", line 652, in on_member_update
    before_timeout = before.timed_out_until
                     ^^^^^^^^^^^^^^^^^^^^^^
AttributeError: 'Member' object has no attribute 'timed_out_until'
Ignoring exception in on_member_update
Traceback (most recent call last):
  File "/usr/local/lib/python3.12/site-packages/discord/client.py", line 465, in _run_event
    await coro(*args, **kwargs)
  File "/app/asu_discord/cogs/analytics.py", line 652, in on_member_update
    before_timeout = before.timed_out_until
                     ^^^^^^^^^^^^^^^^^^^^^^
AttributeError: 'Member' object has no attribute 'timed_out_until'
Ignoring exception in on_member_update
Traceback (most recent call last):
  File "/usr/local/lib/python3.12/site-packages/discord/client.py", line 465, in _run_event
    await coro(*args, **kwargs)
  File "/app/asu_discord/cogs/analytics.py", line 652, in on_member_update
    before_timeout = before.timed_out_until
                     ^^^^^^^^^^^^^^^^^^^^^^
AttributeError: 'Member' object has no attribute 'timed_out_until'
Ignoring exception in on_member_update
Traceback (most recent call last):
  File "/usr/local/lib/python3.12/site-packages/discord/client.py", line 465, in _run_event
    await coro(*args, **kwargs)
  File "/app/asu_discord/cogs/analytics.py", line 652, in on_member_update
    before_timeout = before.timed_out_until
                     ^^^^^^^^^^^^^^^^^^^^^^
AttributeError: 'Member' object has no attribute 'timed_out_until'
Ignoring exception in on_member_update
Traceback (most recent call last):
  File "/usr/local/lib/python3.12/site-packages/discord/client.py", line 465, in _run_event
    await coro(*args, **kwargs)
  File "/app/asu_discord/cogs/analytics.py", line 652, in on_member_update
    before_timeout = before.timed_out_until
                     ^^^^^^^^^^^^^^^^^^^^^^
AttributeError: 'Member' object has no attribute 'timed_out_until'
Ignoring exception in on_member_update
Traceback (most recent call last):
  File "/usr/local/lib/python3.12/site-packages/discord/client.py", line 465, in _run_event
    await coro(*args, **kwargs)
  File "/app/asu_discord/cogs/analytics.py", line 652, in on_member_update
    before_timeout = before.timed_out_until
                     ^^^^^^^^^^^^^^^^^^^^^^
AttributeError: 'Member' object has no attribute 'timed_out_until'
Ignoring exception in on_member_update
Traceback (most recent call last):
  File "/usr/local/lib/python3.12/site-packages/discord/client.py", line 465, in _run_event
    await coro(*args, **kwargs)
  File "/app/asu_discord/cogs/analytics.py", line 652, in on_member_update
    before_timeout = before.timed_out_until
                     ^^^^^^^^^^^^^^^^^^^^^^
AttributeError: 'Member' object has no attribute 'timed_out_until'
Ignoring exception in on_member_update
Traceback (most recent call last):
  File "/usr/local/lib/python3.12/site-packages/discord/client.py", line 465, in _run_event
    await coro(*args, **kwargs)
  File "/app/asu_discord/cogs/analytics.py", line 652, in on_member_update
    before_timeout = before.timed_out_until
                     ^^^^^^^^^^^^^^^^^^^^^^
AttributeError: 'Member' object has no attribute 'timed_out_until'
Ignoring exception in on_member_update
Traceback (most recent call last):
  File "/usr/local/lib/python3.12/site-packages/discord/client.py", line 465, in _run_event
    await coro(*args, **kwargs)
  File "/app/asu_discord/cogs/analytics.py", line 652, in on_member_update
    before_timeout = before.timed_out_until
                     ^^^^^^^^^^^^^^^^^^^^^^
AttributeError: 'Member' object has no attribute 'timed_out_until'
Ignoring exception in on_member_update
Traceback (most recent call last):
  File "/usr/local/lib/python3.12/site-packages/discord/client.py", line 465, in _run_event
    await coro(*args, **kwargs)
  File "/app/asu_discord/cogs/analytics.py", line 652, in on_member_update
    before_timeout = before.timed_out_until
                     ^^^^^^^^^^^^^^^^^^^^^^
AttributeError: 'Member' object has no attribute 'timed_out_until'
INFO:asu_discord.cogs.verification:Saved 5 roles to database for user jgunawa4 (Discord ID: 964420194229424188)
INFO:asu_discord.cogs.verification:Refreshed Salesforce roles for Discord user 964420194229424188: -5/+5 roles, assigned=[College of Liberal Arts and Sciences, Commited, International Student, Tempe, Transfer Student]
Ignoring exception in on_member_update
Traceback (most recent call last):
  File "/usr/local/lib/python3.12/site-packages/discord/client.py", line 465, in _run_event
    await coro(*args, **kwargs)
  File "/app/asu_discord/cogs/analytics.py", line 652, in on_member_update
    before_timeout = before.timed_out_until
                     ^^^^^^^^^^^^^^^^^^^^^^
AttributeError: 'Member' object has no attribute 'timed_out_until'
Ignoring exception in on_member_update
Traceback (most recent call last):
  File "/usr/local/lib/python3.12/site-packages/discord/client.py", line 465, in _run_event
    await coro(*args, **kwargs)
  File "/app/asu_discord/cogs/analytics.py", line 652, in on_member_update
    before_timeout = before.timed_out_until
                     ^^^^^^^^^^^^^^^^^^^^^^
AttributeError: 'Member' object has no attribute 'timed_out_until'
Ignoring exception in on_member_update
Traceback (most recent call last):
  File "/usr/local/lib/python3.12/site-packages/discord/client.py", line 465, in _run_event
    await coro(*args, **kwargs)
  File "/app/asu_discord/cogs/analytics.py", line 652, in on_member_update
    before_timeout = before.timed_out_until
                     ^^^^^^^^^^^^^^^^^^^^^^
AttributeError: 'Member' object has no attribute 'timed_out_until'
Ignoring exception in on_member_update
Traceback (most recent call last):
  File "/usr/local/lib/python3.12/site-packages/discord/client.py", line 465, in _run_event
    await coro(*args, **kwargs)
  File "/app/asu_discord/cogs/analytics.py", line 652, in on_member_update
    before_timeout = before.timed_out_until
                     ^^^^^^^^^^^^^^^^^^^^^^
AttributeError: 'Member' object has no attribute 'timed_out_until'
Ignoring exception in on_member_update
Traceback (most recent call last):
  File "/usr/local/lib/python3.12/site-packages/discord/client.py", line 465, in _run_event
    await coro(*args, **kwargs)
  File "/app/asu_discord/cogs/analytics.py", line 652, in on_member_update
    before_timeout = before.timed_out_until
                     ^^^^^^^^^^^^^^^^^^^^^^
AttributeError: 'Member' object has no attribute 'timed_out_until'
Ignoring exception in on_member_update
Traceback (most recent call last):
  File "/usr/local/lib/python3.12/site-packages/discord/client.py", line 465, in _run_event
    await coro(*args, **kwargs)
  File "/app/asu_discord/cogs/analytics.py", line 652, in on_member_update
    before_timeout = before.timed_out_until
                     ^^^^^^^^^^^^^^^^^^^^^^
AttributeError: 'Member' object has no attribute 'timed_out_until'
Ignoring exception in on_member_update
Traceback (most recent call last):
  File "/usr/local/lib/python3.12/site-packages/discord/client.py", line 465, in _run_event
    await coro(*args, **kwargs)
  File "/app/asu_discord/cogs/analytics.py", line 652, in on_member_update
    before_timeout = before.timed_out_until
                     ^^^^^^^^^^^^^^^^^^^^^^
AttributeError: 'Member' object has no attribute 'timed_out_until'
Ignoring exception in on_member_update
Traceback (most recent call last):
  File "/usr/local/lib/python3.12/site-packages/discord/client.py", line 465, in _run_event
    await coro(*args, **kwargs)
  File "/app/asu_discord/cogs/analytics.py", line 652, in on_member_update
    before_timeout = before.timed_out_until
                     ^^^^^^^^^^^^^^^^^^^^^^
AttributeError: 'Member' object has no attribute 'timed_out_until'
Ignoring exception in on_member_update
Traceback (most recent call last):
  File "/usr/local/lib/python3.12/site-packages/discord/client.py", line 465, in _run_event
    await coro(*args, **kwargs)
  File "/app/asu_discord/cogs/analytics.py", line 652, in on_member_update
    before_timeout = before.timed_out_until
                     ^^^^^^^^^^^^^^^^^^^^^^
AttributeError: 'Member' object has no attribute 'timed_out_until'
Ignoring exception in on_member_update
Traceback (most recent call last):
  File "/usr/local/lib/python3.12/site-packages/discord/client.py", line 465, in _run_event
    await coro(*args, **kwargs)
  File "/app/asu_discord/cogs/analytics.py", line 652, in on_member_update
    before_timeout = before.timed_out_until
                     ^^^^^^^^^^^^^^^^^^^^^^
AttributeError: 'Member' object has no attribute 'timed_out_until'
INFO:asu_discord.cogs.verification:Saved 5 roles to database for user rthevar (Discord ID: 756040200991408181)
INFO:asu_discord.cogs.verification:Refreshed Salesforce roles for Discord user 756040200991408181: -5/+5 roles, assigned=[Commited, Graduate Student, International Student, Ira A. Fulton Schools of Engineering, Tempe]
Ignoring exception in on_member_update
Traceback (most recent call last):
  File "/usr/local/lib/python3.12/site-packages/discord/client.py", line 465, in _run_event
    await coro(*args, **kwargs)
  File "/app/asu_discord/cogs/analytics.py", line 652, in on_member_update
    before_timeout = before.timed_out_until
                     ^^^^^^^^^^^^^^^^^^^^^^
AttributeError: 'Member' object has no attribute 'timed_out_until'
Ignoring exception in on_member_update
Traceback (most recent call last):
  File "/usr/local/lib/python3.12/site-packages/discord/client.py", line 465, in _run_event
    await coro(*args, **kwargs)
  File "/app/asu_discord/cogs/analytics.py", line 652, in on_member_update
    before_timeout = before.timed_out_until
                     ^^^^^^^^^^^^^^^^^^^^^^
AttributeError: 'Member' object has no attribute 'timed_out_until'
Ignoring exception in on_member_update
Traceback (most recent call last):
  File "/usr/local/lib/python3.12/site-packages/discord/client.py", line 465, in _run_event
    await coro(*args, **kwargs)
  File "/app/asu_discord/cogs/analytics.py", line 652, in on_member_update
    before_timeout = before.timed_out_until
                     ^^^^^^^^^^^^^^^^^^^^^^
AttributeError: 'Member' object has no attribute 'timed_out_until'
Ignoring exception in on_member_update
Traceback (most recent call last):
  File "/usr/local/lib/python3.12/site-packages/discord/client.py", line 465, in _run_event
    await coro(*args, **kwargs)
  File "/app/asu_discord/cogs/analytics.py", line 652, in on_member_update
    before_timeout = before.timed_out_until
                     ^^^^^^^^^^^^^^^^^^^^^^
AttributeError: 'Member' object has no attribute 'timed_out_until'
Ignoring exception in on_member_update
Traceback (most recent call last):
  File "/usr/local/lib/python3.12/site-packages/discord/client.py", line 465, in _run_event
    await coro(*args, **kwargs)
  File "/app/asu_discord/cogs/analytics.py", line 652, in on_member_update
    before_timeout = before.timed_out_until
                     ^^^^^^^^^^^^^^^^^^^^^^
AttributeError: 'Member' object has no attribute 'timed_out_until'
Ignoring exception in on_member_update
Traceback (most recent call last):
  File "/usr/local/lib/python3.12/site-packages/discord/client.py", line 465, in _run_event
    await coro(*args, **kwargs)
  File "/app/asu_discord/cogs/analytics.py", line 652, in on_member_update
    before_timeout = before.timed_out_until
                     ^^^^^^^^^^^^^^^^^^^^^^
AttributeError: 'Member' object has no attribute 'timed_out_until'
Ignoring exception in on_member_update
Traceback (most recent call last):
  File "/usr/local/lib/python3.12/site-packages/discord/client.py", line 465, in _run_event
    await coro(*args, **kwargs)
  File "/app/asu_discord/cogs/analytics.py", line 652, in on_member_update
    before_timeout = before.timed_out_until
                     ^^^^^^^^^^^^^^^^^^^^^^
AttributeError: 'Member' object has no attribute 'timed_out_until'
Ignoring exception in on_member_update
Traceback (most recent call last):
  File "/usr/local/lib/python3.12/site-packages/discord/client.py", line 465, in _run_event
    await coro(*args, **kwargs)
  File "/app/asu_discord/cogs/analytics.py", line 652, in on_member_update
    before_timeout = before.timed_out_until
                     ^^^^^^^^^^^^^^^^^^^^^^
AttributeError: 'Member' object has no attribute 'timed_out_until'
Ignoring exception in on_member_update
Traceback (most recent call last):
  File "/usr/local/lib/python3.12/site-packages/discord/client.py", line 465, in _run_event
    await coro(*args, **kwargs)
  File "/app/asu_discord/cogs/analytics.py", line 652, in on_member_update
    before_timeout = before.timed_out_until
                     ^^^^^^^^^^^^^^^^^^^^^^
AttributeError: 'Member' object has no attribute 'timed_out_until'
INFO:asu_discord.cogs.verification:Saved 5 roles to database for user dcortesc (Discord ID: 1126605744972779570)
INFO:asu_discord.cogs.verification:Refreshed Salesforce roles for Discord user 1126605744972779570: -5/+4 roles, assigned=[Arizona Resident, First Generation Student, First Year, Ira A. Fulton Schools of Engineering, Tempe]
Ignoring exception in on_member_update
Traceback (most recent call last):
  File "/usr/local/lib/python3.12/site-packages/discord/client.py", line 465, in _run_event
    await coro(*args, **kwargs)
  File "/app/asu_discord/cogs/analytics.py", line 652, in on_member_update
    before_timeout = before.timed_out_until
                     ^^^^^^^^^^^^^^^^^^^^^^
AttributeError: 'Member' object has no attribute 'timed_out_until'
Ignoring exception in on_member_update
Traceback (most recent call last):
  File "/usr/local/lib/python3.12/site-packages/discord/client.py", line 465, in _run_event
    await coro(*args, **kwargs)
  File "/app/asu_discord/cogs/analytics.py", line 652, in on_member_update
    before_timeout = before.timed_out_until
                     ^^^^^^^^^^^^^^^^^^^^^^
AttributeError: 'Member' object has no attribute 'timed_out_until'
Ignoring exception in on_member_update
Traceback (most recent call last):
  File "/usr/local/lib/python3.12/site-packages/discord/client.py", line 465, in _run_event
    await coro(*args, **kwargs)
  File "/app/asu_discord/cogs/analytics.py", line 652, in on_member_update
    before_timeout = before.timed_out_until
                     ^^^^^^^^^^^^^^^^^^^^^^
AttributeError: 'Member' object has no attribute 'timed_out_until'
Ignoring exception in on_member_update
Traceback (most recent call last):
  File "/usr/local/lib/python3.12/site-packages/discord/client.py", line 465, in _run_event
    await coro(*args, **kwargs)
  File "/app/asu_discord/cogs/analytics.py", line 652, in on_member_update
    before_timeout = before.timed_out_until
                     ^^^^^^^^^^^^^^^^^^^^^^
AttributeError: 'Member' object has no attribute 'timed_out_until'
Ignoring exception in on_member_update
Traceback (most recent call last):
  File "/usr/local/lib/python3.12/site-packages/discord/client.py", line 465, in _run_event
    await coro(*args, **kwargs)
  File "/app/asu_discord/cogs/analytics.py", line 652, in on_member_update
    before_timeout = before.timed_out_until
                     ^^^^^^^^^^^^^^^^^^^^^^
AttributeError: 'Member' object has no attribute 'timed_out_until'
Ignoring exception in on_member_update
Traceback (most recent call last):
  File "/usr/local/lib/python3.12/site-packages/discord/client.py", line 465, in _run_event
    await coro(*args, **kwargs)
  File "/app/asu_discord/cogs/analytics.py", line 652, in on_member_update
    before_timeout = before.timed_out_until
                     ^^^^^^^^^^^^^^^^^^^^^^
AttributeError: 'Member' object has no attribute 'timed_out_until'
Ignoring exception in on_member_update
Traceback (most recent call last):
  File "/usr/local/lib/python3.12/site-packages/discord/client.py", line 465, in _run_event
    await coro(*args, **kwargs)
  File "/app/asu_discord/cogs/analytics.py", line 652, in on_member_update
    before_timeout = before.timed_out_until
                     ^^^^^^^^^^^^^^^^^^^^^^
AttributeError: 'Member' object has no attribute 'timed_out_until'
Ignoring exception in on_member_update
Traceback (most recent call last):
  File "/usr/local/lib/python3.12/site-packages/discord/client.py", line 465, in _run_event
    await coro(*args, **kwargs)
  File "/app/asu_discord/cogs/analytics.py", line 652, in on_member_update
    before_timeout = before.timed_out_until
                     ^^^^^^^^^^^^^^^^^^^^^^
AttributeError: 'Member' object has no attribute 'timed_out_until'
Ignoring exception in on_member_update
Traceback (most recent call last):
  File "/usr/local/lib/python3.12/site-packages/discord/client.py", line 465, in _run_event
    await coro(*args, **kwargs)
  File "/app/asu_discord/cogs/analytics.py", line 652, in on_member_update
    before_timeout = before.timed_out_until
                     ^^^^^^^^^^^^^^^^^^^^^^
AttributeError: 'Member' object has no attribute 'timed_out_until'
Ignoring exception in on_member_update
Traceback (most recent call last):
  File "/usr/local/lib/python3.12/site-packages/discord/client.py", line 465, in _run_event
    await coro(*args, **kwargs)
  File "/app/asu_discord/cogs/analytics.py", line 652, in on_member_update
    before_timeout = before.timed_out_until
                     ^^^^^^^^^^^^^^^^^^^^^^
AttributeError: 'Member' object has no attribute 'timed_out_until'
Ignoring exception in on_member_update
Traceback (most recent call last):
  File "/usr/local/lib/python3.12/site-packages/discord/client.py", line 465, in _run_event
    await coro(*args, **kwargs)
  File "/app/asu_discord/cogs/analytics.py", line 652, in on_member_update
    before_timeout = before.timed_out_until
                     ^^^^^^^^^^^^^^^^^^^^^^
AttributeError: 'Member' object has no attribute 'timed_out_until'
Ignoring exception in on_member_update
Traceback (most recent call last):
  File "/usr/local/lib/python3.12/site-packages/discord/client.py", line 465, in _run_event
    await coro(*args, **kwargs)
  File "/app/asu_discord/cogs/analytics.py", line 652, in on_member_update
    before_timeout = before.timed_out_until
                     ^^^^^^^^^^^^^^^^^^^^^^
AttributeError: 'Member' object has no attribute 'timed_out_until'
INFO:asu_discord.cogs.verification:Saved 6 roles to database for user blbenne9 (Discord ID: 472865661320953868)
INFO:asu_discord.cogs.verification:Refreshed Salesforce roles for Discord user 472865661320953868: -6/+6 roles, assigned=[Commited, First Generation Student, First Year, Out of State, Tempe, University College]
Ignoring exception in on_member_update
Traceback (most recent call last):
  File "/usr/local/lib/python3.12/site-packages/discord/client.py", line 465, in _run_event
    await coro(*args, **kwargs)
  File "/app/asu_discord/cogs/analytics.py", line 652, in on_member_update
    before_timeout = before.timed_out_until
                     ^^^^^^^^^^^^^^^^^^^^^^
AttributeError: 'Member' object has no attribute 'timed_out_until'
Ignoring exception in on_member_update
Traceback (most recent call last):
  File "/usr/local/lib/python3.12/site-packages/discord/client.py", line 465, in _run_event
    await coro(*args, **kwargs)
  File "/app/asu_discord/cogs/analytics.py", line 652, in on_member_update
    before_timeout = before.timed_out_until
                     ^^^^^^^^^^^^^^^^^^^^^^
AttributeError: 'Member' object has no attribute 'timed_out_until'
Ignoring exception in on_member_update
Traceback (most recent call last):
  File "/usr/local/lib/python3.12/site-packages/discord/client.py", line 465, in _run_event
    await coro(*args, **kwargs)
  File "/app/asu_discord/cogs/analytics.py", line 652, in on_member_update
    before_timeout = before.timed_out_until
                     ^^^^^^^^^^^^^^^^^^^^^^
AttributeError: 'Member' object has no attribute 'timed_out_until'
Ignoring exception in on_member_update
Traceback (most recent call last):
  File "/usr/local/lib/python3.12/site-packages/discord/client.py", line 465, in _run_event
    await coro(*args, **kwargs)
  File "/app/asu_discord/cogs/analytics.py", line 652, in on_member_update
    before_timeout = before.timed_out_until
                     ^^^^^^^^^^^^^^^^^^^^^^
AttributeError: 'Member' object has no attribute 'timed_out_until'
Ignoring exception in on_member_update
Traceback (most recent call last):
  File "/usr/local/lib/python3.12/site-packages/discord/client.py", line 465, in _run_event
    await coro(*args, **kwargs)
  File "/app/asu_discord/cogs/analytics.py", line 652, in on_member_update
    before_timeout = before.timed_out_until
                     ^^^^^^^^^^^^^^^^^^^^^^
AttributeError: 'Member' object has no attribute 'timed_out_until'
Ignoring exception in on_member_update
Traceback (most recent call last):
  File "/usr/local/lib/python3.12/site-packages/discord/client.py", line 465, in _run_event
    await coro(*args, **kwargs)
  File "/app/asu_discord/cogs/analytics.py", line 652, in on_member_update
    before_timeout = before.timed_out_until
                     ^^^^^^^^^^^^^^^^^^^^^^
AttributeError: 'Member' object has no attribute 'timed_out_until'
Ignoring exception in on_member_update
Traceback (most recent call last):
  File "/usr/local/lib/python3.12/site-packages/discord/client.py", line 465, in _run_event
    await coro(*args, **kwargs)
  File "/app/asu_discord/cogs/analytics.py", line 652, in on_member_update
    before_timeout = before.timed_out_until
                     ^^^^^^^^^^^^^^^^^^^^^^
AttributeError: 'Member' object has no attribute 'timed_out_until'
Ignoring exception in on_member_update
Traceback (most recent call last):
  File "/usr/local/lib/python3.12/site-packages/discord/client.py", line 465, in _run_event
    await coro(*args, **kwargs)
  File "/app/asu_discord/cogs/analytics.py", line 652, in on_member_update
    before_timeout = before.timed_out_until
                     ^^^^^^^^^^^^^^^^^^^^^^
AttributeError: 'Member' object has no attribute 'timed_out_until'
INFO:asu_discord.cogs.verification:Saved 4 roles to database for user malsha46 (Discord ID: 699975668624261192)
INFO:asu_discord.cogs.verification:Refreshed Salesforce roles for Discord user 699975668624261192: -4/+4 roles, assigned=[First Year, International Student, Tempe, W.P. Carey School of Business]
Ignoring exception in on_member_update
Traceback (most recent call last):
  File "/usr/local/lib/python3.12/site-packages/discord/client.py", line 465, in _run_event
    await coro(*args, **kwargs)
  File "/app/asu_discord/cogs/analytics.py", line 652, in on_member_update
    before_timeout = before.timed_out_until
                     ^^^^^^^^^^^^^^^^^^^^^^
AttributeError: 'Member' object has no attribute 'timed_out_until'
Ignoring exception in on_member_update
Traceback (most recent call last):
  File "/usr/local/lib/python3.12/site-packages/discord/client.py", line 465, in _run_event
    await coro(*args, **kwargs)
  File "/app/asu_discord/cogs/analytics.py", line 652, in on_member_update
    before_timeout = before.timed_out_until
                     ^^^^^^^^^^^^^^^^^^^^^^
AttributeError: 'Member' object has no attribute 'timed_out_until'
Ignoring exception in on_member_update
Traceback (most recent call last):
  File "/usr/local/lib/python3.12/site-packages/discord/client.py", line 465, in _run_event
    await coro(*args, **kwargs)
  File "/app/asu_discord/cogs/analytics.py", line 652, in on_member_update
    before_timeout = before.timed_out_until
                     ^^^^^^^^^^^^^^^^^^^^^^
AttributeError: 'Member' object has no attribute 'timed_out_until'
Ignoring exception in on_member_update
Traceback (most recent call last):
  File "/usr/local/lib/python3.12/site-packages/discord/client.py", line 465, in _run_event
    await coro(*args, **kwargs)
  File "/app/asu_discord/cogs/analytics.py", line 652, in on_member_update
    before_timeout = before.timed_out_until
                     ^^^^^^^^^^^^^^^^^^^^^^
AttributeError: 'Member' object has no attribute 'timed_out_until'
Ignoring exception in on_member_update
Traceback (most recent call last):
  File "/usr/local/lib/python3.12/site-packages/discord/client.py", line 465, in _run_event
    await coro(*args, **kwargs)
  File "/app/asu_discord/cogs/analytics.py", line 652, in on_member_update
    before_timeout = before.timed_out_until
                     ^^^^^^^^^^^^^^^^^^^^^^
AttributeError: 'Member' object has no attribute 'timed_out_until'
Ignoring exception in on_member_update
Traceback (most recent call last):
  File "/usr/local/lib/python3.12/site-packages/discord/client.py", line 465, in _run_event
    await coro(*args, **kwargs)
  File "/app/asu_discord/cogs/analytics.py", line 652, in on_member_update
    before_timeout = before.timed_out_until
                     ^^^^^^^^^^^^^^^^^^^^^^
AttributeError: 'Member' object has no attribute 'timed_out_until'
Ignoring exception in on_member_update
Traceback (most recent call last):
  File "/usr/local/lib/python3.12/site-packages/discord/client.py", line 465, in _run_event
    await coro(*args, **kwargs)
  File "/app/asu_discord/cogs/analytics.py", line 652, in on_member_update
    before_timeout = before.timed_out_until
                     ^^^^^^^^^^^^^^^^^^^^^^
AttributeError: 'Member' object has no attribute 'timed_out_until'
Ignoring exception in on_member_update
Traceback (most recent call last):
  File "/usr/local/lib/python3.12/site-packages/discord/client.py", line 465, in _run_event
    await coro(*args, **kwargs)
  File "/app/asu_discord/cogs/analytics.py", line 652, in on_member_update
    before_timeout = before.timed_out_until
                     ^^^^^^^^^^^^^^^^^^^^^^
AttributeError: 'Member' object has no attribute 'timed_out_until'
Ignoring exception in on_member_update
Traceback (most recent call last):
  File "/usr/local/lib/python3.12/site-packages/discord/client.py", line 465, in _run_event
    await coro(*args, **kwargs)
  File "/app/asu_discord/cogs/analytics.py", line 652, in on_member_update
    before_timeout = before.timed_out_until
                     ^^^^^^^^^^^^^^^^^^^^^^
AttributeError: 'Member' object has no attribute 'timed_out_until'
Ignoring exception in on_member_update
Traceback (most recent call last):
  File "/usr/local/lib/python3.12/site-packages/discord/client.py", line 465, in _run_event
    await coro(*args, **kwargs)
  File "/app/asu_discord/cogs/analytics.py", line 652, in on_member_update
    before_timeout = before.timed_out_until
                     ^^^^^^^^^^^^^^^^^^^^^^
AttributeError: 'Member' object has no attribute 'timed_out_until'
Ignoring exception in on_member_update
Traceback (most recent call last):
  File "/usr/local/lib/python3.12/site-packages/discord/client.py", line 465, in _run_event
    await coro(*args, **kwargs)
  File "/app/asu_discord/cogs/analytics.py", line 652, in on_member_update
    before_timeout = before.timed_out_until
                     ^^^^^^^^^^^^^^^^^^^^^^
AttributeError: 'Member' object has no attribute 'timed_out_until'
Ignoring exception in on_member_update
Traceback (most recent call last):
  File "/usr/local/lib/python3.12/site-packages/discord/client.py", line 465, in _run_event
    await coro(*args, **kwargs)
  File "/app/asu_discord/cogs/analytics.py", line 652, in on_member_update
    before_timeout = before.timed_out_until
                     ^^^^^^^^^^^^^^^^^^^^^^
AttributeError: 'Member' object has no attribute 'timed_out_until'
Ignoring exception in on_member_update
Traceback (most recent call last):
  File "/usr/local/lib/python3.12/site-packages/discord/client.py", line 465, in _run_event
    await coro(*args, **kwargs)
  File "/app/asu_discord/cogs/analytics.py", line 652, in on_member_update
    before_timeout = before.timed_out_until
                     ^^^^^^^^^^^^^^^^^^^^^^
AttributeError: 'Member' object has no attribute 'timed_out_until'
Ignoring exception in on_member_update
Traceback (most recent call last):
  File "/usr/local/lib/python3.12/site-packages/discord/client.py", line 465, in _run_event
    await coro(*args, **kwargs)
  File "/app/asu_discord/cogs/analytics.py", line 652, in on_member_update
    before_timeout = before.timed_out_until
                     ^^^^^^^^^^^^^^^^^^^^^^
AttributeError: 'Member' object has no attribute 'timed_out_until'
INFO:asu_discord.cogs.verification:Saved 7 roles to database for user lrpercy (Discord ID: 590470102781132802)
INFO:asu_discord.cogs.verification:Refreshed Salesforce roles for Discord user 590470102781132802: -7/+7 roles, assigned=[Arizona Resident, Commited, First Generation Student, First Year, Herberger Institute for Design and the Arts, Tempe, Upperclassmen]
Ignoring exception in on_member_update
Traceback (most recent call last):
  File "/usr/local/lib/python3.12/site-packages/discord/client.py", line 465, in _run_event
    await coro(*args, **kwargs)
  File "/app/asu_discord/cogs/analytics.py", line 652, in on_member_update
    before_timeout = before.timed_out_until
                     ^^^^^^^^^^^^^^^^^^^^^^
AttributeError: 'Member' object has no attribute 'timed_out_until'
Ignoring exception in on_member_update
Traceback (most recent call last):
  File "/usr/local/lib/python3.12/site-packages/discord/client.py", line 465, in _run_event
    await coro(*args, **kwargs)
  File "/app/asu_discord/cogs/analytics.py", line 652, in on_member_update
    before_timeout = before.timed_out_until
                     ^^^^^^^^^^^^^^^^^^^^^^
AttributeError: 'Member' object has no attribute 'timed_out_until'
Ignoring exception in on_member_update
Traceback (most recent call last):
  File "/usr/local/lib/python3.12/site-packages/discord/client.py", line 465, in _run_event
    await coro(*args, **kwargs)
  File "/app/asu_discord/cogs/analytics.py", line 652, in on_member_update
    before_timeout = before.timed_out_until
                     ^^^^^^^^^^^^^^^^^^^^^^
AttributeError: 'Member' object has no attribute 'timed_out_until'
Ignoring exception in on_member_update
Traceback (most recent call last):
  File "/usr/local/lib/python3.12/site-packages/discord/client.py", line 465, in _run_event
    await coro(*args, **kwargs)
  File "/app/asu_discord/cogs/analytics.py", line 652, in on_member_update
    before_timeout = before.timed_out_until
                     ^^^^^^^^^^^^^^^^^^^^^^
AttributeError: 'Member' object has no attribute 'timed_out_until'
Ignoring exception in on_member_update
Traceback (most recent call last):
  File "/usr/local/lib/python3.12/site-packages/discord/client.py", line 465, in _run_event
    await coro(*args, **kwargs)
  File "/app/asu_discord/cogs/analytics.py", line 652, in on_member_update
    before_timeout = before.timed_out_until
                     ^^^^^^^^^^^^^^^^^^^^^^
AttributeError: 'Member' object has no attribute 'timed_out_until'
Ignoring exception in on_member_update
Traceback (most recent call last):
  File "/usr/local/lib/python3.12/site-packages/discord/client.py", line 465, in _run_event
    await coro(*args, **kwargs)
  File "/app/asu_discord/cogs/analytics.py", line 652, in on_member_update
    before_timeout = before.timed_out_until
                     ^^^^^^^^^^^^^^^^^^^^^^
AttributeError: 'Member' object has no attribute 'timed_out_until'
Ignoring exception in on_member_update
Traceback (most recent call last):
  File "/usr/local/lib/python3.12/site-packages/discord/client.py", line 465, in _run_event
    await coro(*args, **kwargs)
  File "/app/asu_discord/cogs/analytics.py", line 652, in on_member_update
    before_timeout = before.timed_out_until
                     ^^^^^^^^^^^^^^^^^^^^^^
AttributeError: 'Member' object has no attribute 'timed_out_until'
Ignoring exception in on_member_update
Traceback (most recent call last):
  File "/usr/local/lib/python3.12/site-packages/discord/client.py", line 465, in _run_event
    await coro(*args, **kwargs)
  File "/app/asu_discord/cogs/analytics.py", line 652, in on_member_update
    before_timeout = before.timed_out_until
                     ^^^^^^^^^^^^^^^^^^^^^^
AttributeError: 'Member' object has no attribute 'timed_out_until'
Ignoring exception in on_member_update
Traceback (most recent call last):
  File "/usr/local/lib/python3.12/site-packages/discord/client.py", line 465, in _run_event
    await coro(*args, **kwargs)
  File "/app/asu_discord/cogs/analytics.py", line 652, in on_member_update
    before_timeout = before.timed_out_until
                     ^^^^^^^^^^^^^^^^^^^^^^
AttributeError: 'Member' object has no attribute 'timed_out_until'
INFO:asu_discord.cogs.verification:Saved 5 roles to database for user nsalkha1 (Discord ID: 806810158092255234)
INFO:asu_discord.cogs.verification:Refreshed Salesforce roles for Discord user 806810158092255234: -5/+5 roles, assigned=[International Student, Tempe, Transfer Student, Upperclassmen, Watts College of Public Service and Community Solutions]
Ignoring exception in on_member_update
Traceback (most recent call last):
  File "/usr/local/lib/python3.12/site-packages/discord/client.py", line 465, in _run_event
    await coro(*args, **kwargs)
  File "/app/asu_discord/cogs/analytics.py", line 652, in on_member_update
    before_timeout = before.timed_out_until
                     ^^^^^^^^^^^^^^^^^^^^^^
AttributeError: 'Member' object has no attribute 'timed_out_until'
Ignoring exception in on_member_update
Traceback (most recent call last):
  File "/usr/local/lib/python3.12/site-packages/discord/client.py", line 465, in _run_event
    await coro(*args, **kwargs)
  File "/app/asu_discord/cogs/analytics.py", line 652, in on_member_update
    before_timeout = before.timed_out_until
                     ^^^^^^^^^^^^^^^^^^^^^^
AttributeError: 'Member' object has no attribute 'timed_out_until'
Ignoring exception in on_member_update
Traceback (most recent call last):
  File "/usr/local/lib/python3.12/site-packages/discord/client.py", line 465, in _run_event
    await coro(*args, **kwargs)
  File "/app/asu_discord/cogs/analytics.py", line 652, in on_member_update
    before_timeout = before.timed_out_until
                     ^^^^^^^^^^^^^^^^^^^^^^
AttributeError: 'Member' object has no attribute 'timed_out_until'
Ignoring exception in on_member_update
Traceback (most recent call last):
  File "/usr/local/lib/python3.12/site-packages/discord/client.py", line 465, in _run_event
    await coro(*args, **kwargs)
  File "/app/asu_discord/cogs/analytics.py", line 652, in on_member_update
    before_timeout = before.timed_out_until
                     ^^^^^^^^^^^^^^^^^^^^^^
AttributeError: 'Member' object has no attribute 'timed_out_until'
Ignoring exception in on_member_update
Traceback (most recent call last):
  File "/usr/local/lib/python3.12/site-packages/discord/client.py", line 465, in _run_event
    await coro(*args, **kwargs)
  File "/app/asu_discord/cogs/analytics.py", line 652, in on_member_update
    before_timeout = before.timed_out_until
                     ^^^^^^^^^^^^^^^^^^^^^^
AttributeError: 'Member' object has no attribute 'timed_out_until'
Ignoring exception in on_member_update
Traceback (most recent call last):
  File "/usr/local/lib/python3.12/site-packages/discord/client.py", line 465, in _run_event
    await coro(*args, **kwargs)
  File "/app/asu_discord/cogs/analytics.py", line 652, in on_member_update
    before_timeout = before.timed_out_until
                     ^^^^^^^^^^^^^^^^^^^^^^
AttributeError: 'Member' object has no attribute 'timed_out_until'
Ignoring exception in on_member_update
Traceback (most recent call last):
  File "/usr/local/lib/python3.12/site-packages/discord/client.py", line 465, in _run_event
    await coro(*args, **kwargs)
  File "/app/asu_discord/cogs/analytics.py", line 652, in on_member_update
    before_timeout = before.timed_out_until
                     ^^^^^^^^^^^^^^^^^^^^^^
AttributeError: 'Member' object has no attribute 'timed_out_until'
Ignoring exception in on_member_update
Traceback (most recent call last):
  File "/usr/local/lib/python3.12/site-packages/discord/client.py", line 465, in _run_event
    await coro(*args, **kwargs)
  File "/app/asu_discord/cogs/analytics.py", line 652, in on_member_update
    before_timeout = before.timed_out_until
                     ^^^^^^^^^^^^^^^^^^^^^^
AttributeError: 'Member' object has no attribute 'timed_out_until'
Ignoring exception in on_member_update
Traceback (most recent call last):
  File "/usr/local/lib/python3.12/site-packages/discord/client.py", line 465, in _run_event
    await coro(*args, **kwargs)
  File "/app/asu_discord/cogs/analytics.py", line 652, in on_member_update
    before_timeout = before.timed_out_until
                     ^^^^^^^^^^^^^^^^^^^^^^
AttributeError: 'Member' object has no attribute 'timed_out_until'
Ignoring exception in on_member_update
Traceback (most recent call last):
  File "/usr/local/lib/python3.12/site-packages/discord/client.py", line 465, in _run_event
    await coro(*args, **kwargs)
  File "/app/asu_discord/cogs/analytics.py", line 652, in on_member_update
    before_timeout = before.timed_out_until
                     ^^^^^^^^^^^^^^^^^^^^^^
AttributeError: 'Member' object has no attribute 'timed_out_until'
Ignoring exception in on_member_update
Traceback (most recent call last):
  File "/usr/local/lib/python3.12/site-packages/discord/client.py", line 465, in _run_event
    await coro(*args, **kwargs)
  File "/app/asu_discord/cogs/analytics.py", line 652, in on_member_update
    before_timeout = before.timed_out_until
                     ^^^^^^^^^^^^^^^^^^^^^^
AttributeError: 'Member' object has no attribute 'timed_out_until'
Ignoring exception in on_member_update
Traceback (most recent call last):
  File "/usr/local/lib/python3.12/site-packages/discord/client.py", line 465, in _run_event
    await coro(*args, **kwargs)
  File "/app/asu_discord/cogs/analytics.py", line 652, in on_member_update
    before_timeout = before.timed_out_until
                     ^^^^^^^^^^^^^^^^^^^^^^
AttributeError: 'Member' object has no attribute 'timed_out_until'
INFO:asu_discord.cogs.verification:Saved 6 roles to database for user tylerorr (Discord ID: 591361389847773214)
INFO:asu_discord.cogs.verification:Refreshed Salesforce roles for Discord user 591361389847773214: -5/+6 roles, assigned=[Arizona Resident, Commited, First Year, Tempe, Upperclassmen, W.P. Carey School of Business]
Ignoring exception in on_member_update
Traceback (most recent call last):
  File "/usr/local/lib/python3.12/site-packages/discord/client.py", line 465, in _run_event
    await coro(*args, **kwargs)
  File "/app/asu_discord/cogs/analytics.py", line 652, in on_member_update
    before_timeout = before.timed_out_until
                     ^^^^^^^^^^^^^^^^^^^^^^
AttributeError: 'Member' object has no attribute 'timed_out_until'
Ignoring exception in on_member_update
Traceback (most recent call last):
  File "/usr/local/lib/python3.12/site-packages/discord/client.py", line 465, in _run_event
    await coro(*args, **kwargs)
  File "/app/asu_discord/cogs/analytics.py", line 652, in on_member_update
    before_timeout = before.timed_out_until
                     ^^^^^^^^^^^^^^^^^^^^^^
AttributeError: 'Member' object has no attribute 'timed_out_until'
Ignoring exception in on_member_update
Traceback (most recent call last):
  File "/usr/local/lib/python3.12/site-packages/discord/client.py", line 465, in _run_event
    await coro(*args, **kwargs)
  File "/app/asu_discord/cogs/analytics.py", line 652, in on_member_update
    before_timeout = before.timed_out_until
                     ^^^^^^^^^^^^^^^^^^^^^^
AttributeError: 'Member' object has no attribute 'timed_out_until'
Ignoring exception in on_member_update
Traceback (most recent call last):
  File "/usr/local/lib/python3.12/site-packages/discord/client.py", line 465, in _run_event
    await coro(*args, **kwargs)
  File "/app/asu_discord/cogs/analytics.py", line 652, in on_member_update
    before_timeout = before.timed_out_until
                     ^^^^^^^^^^^^^^^^^^^^^^
AttributeError: 'Member' object has no attribute 'timed_out_until'
Ignoring exception in on_member_update
Traceback (most recent call last):
  File "/usr/local/lib/python3.12/site-packages/discord/client.py", line 465, in _run_event
    await coro(*args, **kwargs)
  File "/app/asu_discord/cogs/analytics.py", line 652, in on_member_update
    before_timeout = before.timed_out_until
                     ^^^^^^^^^^^^^^^^^^^^^^
AttributeError: 'Member' object has no attribute 'timed_out_until'
Ignoring exception in on_member_update
Traceback (most recent call last):
  File "/usr/local/lib/python3.12/site-packages/discord/client.py", line 465, in _run_event
    await coro(*args, **kwargs)
  File "/app/asu_discord/cogs/analytics.py", line 652, in on_member_update
    before_timeout = before.timed_out_until
                     ^^^^^^^^^^^^^^^^^^^^^^
AttributeError: 'Member' object has no attribute 'timed_out_until'
Ignoring exception in on_member_update
Traceback (most recent call last):
  File "/usr/local/lib/python3.12/site-packages/discord/client.py", line 465, in _run_event
    await coro(*args, **kwargs)
  File "/app/asu_discord/cogs/analytics.py", line 652, in on_member_update
    before_timeout = before.timed_out_until
                     ^^^^^^^^^^^^^^^^^^^^^^
AttributeError: 'Member' object has no attribute 'timed_out_until'
Ignoring exception in on_member_update
Traceback (most recent call last):
  File "/usr/local/lib/python3.12/site-packages/discord/client.py", line 465, in _run_event
    await coro(*args, **kwargs)
  File "/app/asu_discord/cogs/analytics.py", line 652, in on_member_update
    before_timeout = before.timed_out_until
                     ^^^^^^^^^^^^^^^^^^^^^^
AttributeError: 'Member' object has no attribute 'timed_out_until'
Ignoring exception in on_member_update
Traceback (most recent call last):
  File "/usr/local/lib/python3.12/site-packages/discord/client.py", line 465, in _run_event
    await coro(*args, **kwargs)
  File "/app/asu_discord/cogs/analytics.py", line 652, in on_member_update
    before_timeout = before.timed_out_until
                     ^^^^^^^^^^^^^^^^^^^^^^
AttributeError: 'Member' object has no attribute 'timed_out_until'
Ignoring exception in on_member_update
Traceback (most recent call last):
  File "/usr/local/lib/python3.12/site-packages/discord/client.py", line 465, in _run_event
    await coro(*args, **kwargs)
  File "/app/asu_discord/cogs/analytics.py", line 652, in on_member_update
    before_timeout = before.timed_out_until
                     ^^^^^^^^^^^^^^^^^^^^^^
AttributeError: 'Member' object has no attribute 'timed_out_until'
INFO:asu_discord.cogs.verification:Saved 5 roles to database for user chengyuf (Discord ID: 991338106424938546)
INFO:asu_discord.cogs.verification:Refreshed Salesforce roles for Discord user 991338106424938546: -5/+5 roles, assigned=[First Generation Student, Graduate Student, International Student, Ira A. Fulton Schools of Engineering, Tempe]
Ignoring exception in on_member_update
Traceback (most recent call last):
  File "/usr/local/lib/python3.12/site-packages/discord/client.py", line 465, in _run_event
    await coro(*args, **kwargs)
  File "/app/asu_discord/cogs/analytics.py", line 652, in on_member_update
    before_timeout = before.timed_out_until
                     ^^^^^^^^^^^^^^^^^^^^^^
AttributeError: 'Member' object has no attribute 'timed_out_until'
Ignoring exception in on_member_update
Traceback (most recent call last):
  File "/usr/local/lib/python3.12/site-packages/discord/client.py", line 465, in _run_event
    await coro(*args, **kwargs)
  File "/app/asu_discord/cogs/analytics.py", line 652, in on_member_update
    before_timeout = before.timed_out_until
                     ^^^^^^^^^^^^^^^^^^^^^^
AttributeError: 'Member' object has no attribute 'timed_out_until'
Ignoring exception in on_member_update
Traceback (most recent call last):
  File "/usr/local/lib/python3.12/site-packages/discord/client.py", line 465, in _run_event
    await coro(*args, **kwargs)
  File "/app/asu_discord/cogs/analytics.py", line 652, in on_member_update
    before_timeout = before.timed_out_until
                     ^^^^^^^^^^^^^^^^^^^^^^
AttributeError: 'Member' object has no attribute 'timed_out_until'
Ignoring exception in on_member_update
Traceback (most recent call last):
  File "/usr/local/lib/python3.12/site-packages/discord/client.py", line 465, in _run_event
    await coro(*args, **kwargs)
  File "/app/asu_discord/cogs/analytics.py", line 652, in on_member_update
    before_timeout = before.timed_out_until
                     ^^^^^^^^^^^^^^^^^^^^^^
AttributeError: 'Member' object has no attribute 'timed_out_until'
Ignoring exception in on_member_update
Traceback (most recent call last):
  File "/usr/local/lib/python3.12/site-packages/discord/client.py", line 465, in _run_event
    await coro(*args, **kwargs)
  File "/app/asu_discord/cogs/analytics.py", line 652, in on_member_update
    before_timeout = before.timed_out_until
                     ^^^^^^^^^^^^^^^^^^^^^^
AttributeError: 'Member' object has no attribute 'timed_out_until'
Ignoring exception in on_member_update
Traceback (most recent call last):
  File "/usr/local/lib/python3.12/site-packages/discord/client.py", line 465, in _run_event
    await coro(*args, **kwargs)
  File "/app/asu_discord/cogs/analytics.py", line 652, in on_member_update
    before_timeout = before.timed_out_until
                     ^^^^^^^^^^^^^^^^^^^^^^
AttributeError: 'Member' object has no attribute 'timed_out_until'
Ignoring exception in on_member_update
Traceback (most recent call last):
  File "/usr/local/lib/python3.12/site-packages/discord/client.py", line 465, in _run_event
    await coro(*args, **kwargs)
  File "/app/asu_discord/cogs/analytics.py", line 652, in on_member_update
    before_timeout = before.timed_out_until
                     ^^^^^^^^^^^^^^^^^^^^^^
AttributeError: 'Member' object has no attribute 'timed_out_until'
Ignoring exception in on_member_update
Traceback (most recent call last):
  File "/usr/local/lib/python3.12/site-packages/discord/client.py", line 465, in _run_event
    await coro(*args, **kwargs)
  File "/app/asu_discord/cogs/analytics.py", line 652, in on_member_update
    before_timeout = before.timed_out_until
                     ^^^^^^^^^^^^^^^^^^^^^^
AttributeError: 'Member' object has no attribute 'timed_out_until'
Ignoring exception in on_member_update
Traceback (most recent call last):
  File "/usr/local/lib/python3.12/site-packages/discord/client.py", line 465, in _run_event
    await coro(*args, **kwargs)
  File "/app/asu_discord/cogs/analytics.py", line 652, in on_member_update
    before_timeout = before.timed_out_until
                     ^^^^^^^^^^^^^^^^^^^^^^
AttributeError: 'Member' object has no attribute 'timed_out_until'
Ignoring exception in on_member_update
Traceback (most recent call last):
  File "/usr/local/lib/python3.12/site-packages/discord/client.py", line 465, in _run_event
    await coro(*args, **kwargs)
  File "/app/asu_discord/cogs/analytics.py", line 652, in on_member_update
    before_timeout = before.timed_out_until
                     ^^^^^^^^^^^^^^^^^^^^^^
AttributeError: 'Member' object has no attribute 'timed_out_until'
INFO:asu_discord.cogs.verification:Saved 5 roles to database for user gkaur110 (Discord ID: 1491129737622327407)
INFO:asu_discord.cogs.verification:Refreshed Salesforce roles for Discord user 1491129737622327407: -5/+5 roles, assigned=[College of Liberal Arts and Sciences, First Generation Student, Graduate Student, International Student, Tempe]
Ignoring exception in on_member_update
Traceback (most recent call last):
  File "/usr/local/lib/python3.12/site-packages/discord/client.py", line 465, in _run_event
    await coro(*args, **kwargs)
  File "/app/asu_discord/cogs/analytics.py", line 652, in on_member_update
    before_timeout = before.timed_out_until
                     ^^^^^^^^^^^^^^^^^^^^^^
AttributeError: 'Member' object has no attribute 'timed_out_until'
Ignoring exception in on_member_update
Traceback (most recent call last):
  File "/usr/local/lib/python3.12/site-packages/discord/client.py", line 465, in _run_event
    await coro(*args, **kwargs)
  File "/app/asu_discord/cogs/analytics.py", line 652, in on_member_update
    before_timeout = before.timed_out_until
                     ^^^^^^^^^^^^^^^^^^^^^^
AttributeError: 'Member' object has no attribute 'timed_out_until'
Ignoring exception in on_member_update
Traceback (most recent call last):
  File "/usr/local/lib/python3.12/site-packages/discord/client.py", line 465, in _run_event
    await coro(*args, **kwargs)
  File "/app/asu_discord/cogs/analytics.py", line 652, in on_member_update
    before_timeout = before.timed_out_until
                     ^^^^^^^^^^^^^^^^^^^^^^
AttributeError: 'Member' object has no attribute 'timed_out_until'
Ignoring exception in on_member_update
Traceback (most recent call last):
  File "/usr/local/lib/python3.12/site-packages/discord/client.py", line 465, in _run_event
    await coro(*args, **kwargs)
  File "/app/asu_discord/cogs/analytics.py", line 652, in on_member_update
    before_timeout = before.timed_out_until
                     ^^^^^^^^^^^^^^^^^^^^^^
AttributeError: 'Member' object has no attribute 'timed_out_until'
Ignoring exception in on_member_update
Traceback (most recent call last):
  File "/usr/local/lib/python3.12/site-packages/discord/client.py", line 465, in _run_event
    await coro(*args, **kwargs)
  File "/app/asu_discord/cogs/analytics.py", line 652, in on_member_update
    before_timeout = before.timed_out_until
                     ^^^^^^^^^^^^^^^^^^^^^^
AttributeError: 'Member' object has no attribute 'timed_out_until'
Ignoring exception in on_member_update
Traceback (most recent call last):
  File "/usr/local/lib/python3.12/site-packages/discord/client.py", line 465, in _run_event
    await coro(*args, **kwargs)
  File "/app/asu_discord/cogs/analytics.py", line 652, in on_member_update
    before_timeout = before.timed_out_until
                     ^^^^^^^^^^^^^^^^^^^^^^
AttributeError: 'Member' object has no attribute 'timed_out_until'
Ignoring exception in on_member_update
Traceback (most recent call last):
  File "/usr/local/lib/python3.12/site-packages/discord/client.py", line 465, in _run_event
    await coro(*args, **kwargs)
  File "/app/asu_discord/cogs/analytics.py", line 652, in on_member_update
    before_timeout = before.timed_out_until
                     ^^^^^^^^^^^^^^^^^^^^^^
AttributeError: 'Member' object has no attribute 'timed_out_until'
Ignoring exception in on_member_update
Traceback (most recent call last):
  File "/usr/local/lib/python3.12/site-packages/discord/client.py", line 465, in _run_event
    await coro(*args, **kwargs)
  File "/app/asu_discord/cogs/analytics.py", line 652, in on_member_update
    before_timeout = before.timed_out_until
                     ^^^^^^^^^^^^^^^^^^^^^^
AttributeError: 'Member' object has no attribute 'timed_out_until'
Ignoring exception in on_member_update
Traceback (most recent call last):
  File "/usr/local/lib/python3.12/site-packages/discord/client.py", line 465, in _run_event
    await coro(*args, **kwargs)
  File "/app/asu_discord/cogs/analytics.py", line 652, in on_member_update
    before_timeout = before.timed_out_until
                     ^^^^^^^^^^^^^^^^^^^^^^
AttributeError: 'Member' object has no attribute 'timed_out_until'
Ignoring exception in on_member_update
Traceback (most recent call last):
  File "/usr/local/lib/python3.12/site-packages/discord/client.py", line 465, in _run_event
    await coro(*args, **kwargs)
  File "/app/asu_discord/cogs/analytics.py", line 652, in on_member_update
    before_timeout = before.timed_out_until
                     ^^^^^^^^^^^^^^^^^^^^^^
AttributeError: 'Member' object has no attribute 'timed_out_until'
INFO:asu_discord.cogs.verification:Saved 5 roles to database for user abrocke3 (Discord ID: 386380290408316929)
INFO:asu_discord.cogs.verification:Refreshed Salesforce roles for Discord user 386380290408316929: -5/+5 roles, assigned=[Arizona Resident, College of Health Solutions, Downtown Phoenix, First Year, Upperclassmen]
Ignoring exception in on_member_update
Traceback (most recent call last):
  File "/usr/local/lib/python3.12/site-packages/discord/client.py", line 465, in _run_event
    await coro(*args, **kwargs)
  File "/app/asu_discord/cogs/analytics.py", line 652, in on_member_update
    before_timeout = before.timed_out_until
                     ^^^^^^^^^^^^^^^^^^^^^^
AttributeError: 'Member' object has no attribute 'timed_out_until'
Ignoring exception in on_member_update
Traceback (most recent call last):
  File "/usr/local/lib/python3.12/site-packages/discord/client.py", line 465, in _run_event
    await coro(*args, **kwargs)
  File "/app/asu_discord/cogs/analytics.py", line 652, in on_member_update
    before_timeout = before.timed_out_until
                     ^^^^^^^^^^^^^^^^^^^^^^
AttributeError: 'Member' object has no attribute 'timed_out_until'
Ignoring exception in on_member_update
Traceback (most recent call last):
  File "/usr/local/lib/python3.12/site-packages/discord/client.py", line 465, in _run_event
    await coro(*args, **kwargs)
  File "/app/asu_discord/cogs/analytics.py", line 652, in on_member_update
    before_timeout = before.timed_out_until
                     ^^^^^^^^^^^^^^^^^^^^^^
AttributeError: 'Member' object has no attribute 'timed_out_until'
Ignoring exception in on_member_update
Traceback (most recent call last):
  File "/usr/local/lib/python3.12/site-packages/discord/client.py", line 465, in _run_event
    await coro(*args, **kwargs)
  File "/app/asu_discord/cogs/analytics.py", line 652, in on_member_update
    before_timeout = before.timed_out_until
                     ^^^^^^^^^^^^^^^^^^^^^^
AttributeError: 'Member' object has no attribute 'timed_out_until'
Ignoring exception in on_member_update
Traceback (most recent call last):
  File "/usr/local/lib/python3.12/site-packages/discord/client.py", line 465, in _run_event
    await coro(*args, **kwargs)
  File "/app/asu_discord/cogs/analytics.py", line 652, in on_member_update
    before_timeout = before.timed_out_until
                     ^^^^^^^^^^^^^^^^^^^^^^
AttributeError: 'Member' object has no attribute 'timed_out_until'
Ignoring exception in on_member_update
Traceback (most recent call last):
  File "/usr/local/lib/python3.12/site-packages/discord/client.py", line 465, in _run_event
    await coro(*args, **kwargs)
  File "/app/asu_discord/cogs/analytics.py", line 652, in on_member_update
    before_timeout = before.timed_out_until
                     ^^^^^^^^^^^^^^^^^^^^^^
AttributeError: 'Member' object has no attribute 'timed_out_until'
Ignoring exception in on_member_update
Traceback (most recent call last):
  File "/usr/local/lib/python3.12/site-packages/discord/client.py", line 465, in _run_event
    await coro(*args, **kwargs)
  File "/app/asu_discord/cogs/analytics.py", line 652, in on_member_update
    before_timeout = before.timed_out_until
                     ^^^^^^^^^^^^^^^^^^^^^^
AttributeError: 'Member' object has no attribute 'timed_out_until'
Ignoring exception in on_member_update
Traceback (most recent call last):
  File "/usr/local/lib/python3.12/site-packages/discord/client.py", line 465, in _run_event
    await coro(*args, **kwargs)
  File "/app/asu_discord/cogs/analytics.py", line 652, in on_member_update
    before_timeout = before.timed_out_until
                     ^^^^^^^^^^^^^^^^^^^^^^
AttributeError: 'Member' object has no attribute 'timed_out_until'
Ignoring exception in on_member_update
Traceback (most recent call last):
  File "/usr/local/lib/python3.12/site-packages/discord/client.py", line 465, in _run_event
    await coro(*args, **kwargs)
  File "/app/asu_discord/cogs/analytics.py", line 652, in on_member_update
    before_timeout = before.timed_out_until
                     ^^^^^^^^^^^^^^^^^^^^^^
AttributeError: 'Member' object has no attribute 'timed_out_until'
Ignoring exception in on_member_update
Traceback (most recent call last):
  File "/usr/local/lib/python3.12/site-packages/discord/client.py", line 465, in _run_event
    await coro(*args, **kwargs)
  File "/app/asu_discord/cogs/analytics.py", line 652, in on_member_update
    before_timeout = before.timed_out_until
                     ^^^^^^^^^^^^^^^^^^^^^^
AttributeError: 'Member' object has no attribute 'timed_out_until'
Ignoring exception in on_member_update
Traceback (most recent call last):
  File "/usr/local/lib/python3.12/site-packages/discord/client.py", line 465, in _run_event
    await coro(*args, **kwargs)
  File "/app/asu_discord/cogs/analytics.py", line 652, in on_member_update
    before_timeout = before.timed_out_until
                     ^^^^^^^^^^^^^^^^^^^^^^
AttributeError: 'Member' object has no attribute 'timed_out_until'
ERROR:cron.jobs:refresh_salesforce_roles: failed for emart384 (Discord ID 870097784089509898): Timed out refresh Salesforce-based roles
Ignoring exception in on_member_update
Traceback (most recent call last):
  File "/usr/local/lib/python3.12/site-packages/discord/client.py", line 465, in _run_event
    await coro(*args, **kwargs)
  File "/app/asu_discord/cogs/analytics.py", line 652, in on_member_update
    before_timeout = before.timed_out_until
                     ^^^^^^^^^^^^^^^^^^^^^^
AttributeError: 'Member' object has no attribute 'timed_out_until'
Ignoring exception in on_member_update
Traceback (most recent call last):
  File "/usr/local/lib/python3.12/site-packages/discord/client.py", line 465, in _run_event
    await coro(*args, **kwargs)
  File "/app/asu_discord/cogs/analytics.py", line 652, in on_member_update
    before_timeout = before.timed_out_until
                     ^^^^^^^^^^^^^^^^^^^^^^
AttributeError: 'Member' object has no attribute 'timed_out_until'
Ignoring exception in on_member_update
Traceback (most recent call last):
  File "/usr/local/lib/python3.12/site-packages/discord/client.py", line 465, in _run_event
    await coro(*args, **kwargs)
  File "/app/asu_discord/cogs/analytics.py", line 652, in on_member_update
    before_timeout = before.timed_out_until
                     ^^^^^^^^^^^^^^^^^^^^^^
AttributeError: 'Member' object has no attribute 'timed_out_until'
Ignoring exception in on_member_update
Traceback (most recent call last):
  File "/usr/local/lib/python3.12/site-packages/discord/client.py", line 465, in _run_event
    await coro(*args, **kwargs)
  File "/app/asu_discord/cogs/analytics.py", line 652, in on_member_update
    before_timeout = before.timed_out_until
                     ^^^^^^^^^^^^^^^^^^^^^^
AttributeError: 'Member' object has no attribute 'timed_out_until'
Ignoring exception in on_member_update
Traceback (most recent call last):
  File "/usr/local/lib/python3.12/site-packages/discord/client.py", line 465, in _run_event
    await coro(*args, **kwargs)
  File "/app/asu_discord/cogs/analytics.py", line 652, in on_member_update
    before_timeout = before.timed_out_until
                     ^^^^^^^^^^^^^^^^^^^^^^
AttributeError: 'Member' object has no attribute 'timed_out_until'
Ignoring exception in on_member_update
Traceback (most recent call last):
  File "/usr/local/lib/python3.12/site-packages/discord/client.py", line 465, in _run_event
    await coro(*args, **kwargs)
  File "/app/asu_discord/cogs/analytics.py", line 652, in on_member_update
    before_timeout = before.timed_out_until
                     ^^^^^^^^^^^^^^^^^^^^^^
AttributeError: 'Member' object has no attribute 'timed_out_until'
Ignoring exception in on_member_update
Traceback (most recent call last):
  File "/usr/local/lib/python3.12/site-packages/discord/client.py", line 465, in _run_event
    await coro(*args, **kwargs)
  File "/app/asu_discord/cogs/analytics.py", line 652, in on_member_update
    before_timeout = before.timed_out_until
                     ^^^^^^^^^^^^^^^^^^^^^^
AttributeError: 'Member' object has no attribute 'timed_out_until'
Ignoring exception in on_member_update
Traceback (most recent call last):
  File "/usr/local/lib/python3.12/site-packages/discord/client.py", line 465, in _run_event
    await coro(*args, **kwargs)
  File "/app/asu_discord/cogs/analytics.py", line 652, in on_member_update
    before_timeout = before.timed_out_until
                     ^^^^^^^^^^^^^^^^^^^^^^
AttributeError: 'Member' object has no attribute 'timed_out_until'
Ignoring exception in on_member_update
Traceback (most recent call last):
  File "/usr/local/lib/python3.12/site-packages/discord/client.py", line 465, in _run_event
    await coro(*args, **kwargs)
  File "/app/asu_discord/cogs/analytics.py", line 652, in on_member_update
    before_timeout = before.timed_out_until
                     ^^^^^^^^^^^^^^^^^^^^^^
AttributeError: 'Member' object has no attribute 'timed_out_until'
Ignoring exception in on_member_update
Traceback (most recent call last):
  File "/usr/local/lib/python3.12/site-packages/discord/client.py", line 465, in _run_event
    await coro(*args, **kwargs)
  File "/app/asu_discord/cogs/analytics.py", line 652, in on_member_update
    before_timeout = before.timed_out_until
                     ^^^^^^^^^^^^^^^^^^^^^^
AttributeError: 'Member' object has no attribute 'timed_out_until'
ERROR:cron.jobs:refresh_salesforce_roles: failed for fsmarti3 (Discord ID 694588142216282172): Timed out refresh Salesforce-based roles
Ignoring exception in on_member_update
Traceback (most recent call last):
  File "/usr/local/lib/python3.12/site-packages/discord/client.py", line 465, in _run_event
    await coro(*args, **kwargs)
  File "/app/asu_discord/cogs/analytics.py", line 652, in on_member_update
    before_timeout = before.timed_out_until
                     ^^^^^^^^^^^^^^^^^^^^^^
AttributeError: 'Member' object has no attribute 'timed_out_until'
Ignoring exception in on_member_update
Traceback (most recent call last):
  File "/usr/local/lib/python3.12/site-packages/discord/client.py", line 465, in _run_event
    await coro(*args, **kwargs)
  File "/app/asu_discord/cogs/analytics.py", line 652, in on_member_update
    before_timeout = before.timed_out_until
                     ^^^^^^^^^^^^^^^^^^^^^^
AttributeError: 'Member' object has no attribute 'timed_out_until'
Ignoring exception in on_member_update
Traceback (most recent call last):
  File "/usr/local/lib/python3.12/site-packages/discord/client.py", line 465, in _run_event
    await coro(*args, **kwargs)
  File "/app/asu_discord/cogs/analytics.py", line 652, in on_member_update
    before_timeout = before.timed_out_until
                     ^^^^^^^^^^^^^^^^^^^^^^
AttributeError: 'Member' object has no attribute 'timed_out_until'
Ignoring exception in on_member_update
Traceback (most recent call last):
  File "/usr/local/lib/python3.12/site-packages/discord/client.py", line 465, in _run_event
    await coro(*args, **kwargs)
  File "/app/asu_discord/cogs/analytics.py", line 652, in on_member_update
    before_timeout = before.timed_out_until
                     ^^^^^^^^^^^^^^^^^^^^^^
AttributeError: 'Member' object has no attribute 'timed_out_until'
Ignoring exception in on_member_update
Traceback (most recent call last):
  File "/usr/local/lib/python3.12/site-packages/discord/client.py", line 465, in _run_event
    await coro(*args, **kwargs)
  File "/app/asu_discord/cogs/analytics.py", line 652, in on_member_update
    before_timeout = before.timed_out_until
                     ^^^^^^^^^^^^^^^^^^^^^^
AttributeError: 'Member' object has no attribute 'timed_out_until'
Ignoring exception in on_member_update
Traceback (most recent call last):
  File "/usr/local/lib/python3.12/site-packages/discord/client.py", line 465, in _run_event
    await coro(*args, **kwargs)
  File "/app/asu_discord/cogs/analytics.py", line 652, in on_member_update
    before_timeout = before.timed_out_until
                     ^^^^^^^^^^^^^^^^^^^^^^
AttributeError: 'Member' object has no attribute 'timed_out_until'
Ignoring exception in on_member_update
Traceback (most recent call last):
  File "/usr/local/lib/python3.12/site-packages/discord/client.py", line 465, in _run_event
    await coro(*args, **kwargs)
  File "/app/asu_discord/cogs/analytics.py", line 652, in on_member_update
    before_timeout = before.timed_out_until
                     ^^^^^^^^^^^^^^^^^^^^^^
AttributeError: 'Member' object has no attribute 'timed_out_until'
Ignoring exception in on_member_update
Traceback (most recent call last):
  File "/usr/local/lib/python3.12/site-packages/discord/client.py", line 465, in _run_event
    await coro(*args, **kwargs)
  File "/app/asu_discord/cogs/analytics.py", line 652, in on_member_update
    before_timeout = before.timed_out_until
                     ^^^^^^^^^^^^^^^^^^^^^^
AttributeError: 'Member' object has no attribute 'timed_out_until'
Ignoring exception in on_member_update
Traceback (most recent call last):
  File "/usr/local/lib/python3.12/site-packages/discord/client.py", line 465, in _run_event
    await coro(*args, **kwargs)
  File "/app/asu_discord/cogs/analytics.py", line 652, in on_member_update
    before_timeout = before.timed_out_until
                     ^^^^^^^^^^^^^^^^^^^^^^
AttributeError: 'Member' object has no attribute 'timed_out_until'
INFO:asu_discord.cogs.verification:Saved 5 roles to database for user ldebelli (Discord ID: 1493747829204586717)
INFO:asu_discord.cogs.verification:Refreshed Salesforce roles for Discord user 1493747829204586717: -5/+4 roles, assigned=[College of Liberal Arts and Sciences, Commited, First Year, Out of State, Tempe]
Ignoring exception in on_member_update
Traceback (most recent call last):
  File "/usr/local/lib/python3.12/site-packages/discord/client.py", line 465, in _run_event
    await coro(*args, **kwargs)
  File "/app/asu_discord/cogs/analytics.py", line 652, in on_member_update
    before_timeout = before.timed_out_until
                     ^^^^^^^^^^^^^^^^^^^^^^
AttributeError: 'Member' object has no attribute 'timed_out_until'
Ignoring exception in on_member_update
Traceback (most recent call last):
  File "/usr/local/lib/python3.12/site-packages/discord/client.py", line 465, in _run_event
    await coro(*args, **kwargs)
  File "/app/asu_discord/cogs/analytics.py", line 652, in on_member_update
    before_timeout = before.timed_out_until
                     ^^^^^^^^^^^^^^^^^^^^^^
AttributeError: 'Member' object has no attribute 'timed_out_until'
Ignoring exception in on_member_update
Traceback (most recent call last):
  File "/usr/local/lib/python3.12/site-packages/discord/client.py", line 465, in _run_event
    await coro(*args, **kwargs)
  File "/app/asu_discord/cogs/analytics.py", line 652, in on_member_update
    before_timeout = before.timed_out_until
                     ^^^^^^^^^^^^^^^^^^^^^^
AttributeError: 'Member' object has no attribute 'timed_out_until'
Ignoring exception in on_member_update
Traceback (most recent call last):
  File "/usr/local/lib/python3.12/site-packages/discord/client.py", line 465, in _run_event
    await coro(*args, **kwargs)
  File "/app/asu_discord/cogs/analytics.py", line 652, in on_member_update
    before_timeout = before.timed_out_until
                     ^^^^^^^^^^^^^^^^^^^^^^
AttributeError: 'Member' object has no attribute 'timed_out_until'
Ignoring exception in on_member_update
Traceback (most recent call last):
  File "/usr/local/lib/python3.12/site-packages/discord/client.py", line 465, in _run_event
    await coro(*args, **kwargs)
  File "/app/asu_discord/cogs/analytics.py", line 652, in on_member_update
    before_timeout = before.timed_out_until
                     ^^^^^^^^^^^^^^^^^^^^^^
AttributeError: 'Member' object has no attribute 'timed_out_until'
Ignoring exception in on_member_update
Traceback (most recent call last):
  File "/usr/local/lib/python3.12/site-packages/discord/client.py", line 465, in _run_event
    await coro(*args, **kwargs)
  File "/app/asu_discord/cogs/analytics.py", line 652, in on_member_update
    before_timeout = before.timed_out_until
                     ^^^^^^^^^^^^^^^^^^^^^^
AttributeError: 'Member' object has no attribute 'timed_out_until'
Ignoring exception in on_member_update
Traceback (most recent call last):
  File "/usr/local/lib/python3.12/site-packages/discord/client.py", line 465, in _run_event
    await coro(*args, **kwargs)
  File "/app/asu_discord/cogs/analytics.py", line 652, in on_member_update
    before_timeout = before.timed_out_until
                     ^^^^^^^^^^^^^^^^^^^^^^
AttributeError: 'Member' object has no attribute 'timed_out_until'
Ignoring exception in on_member_update
Traceback (most recent call last):
  File "/usr/local/lib/python3.12/site-packages/discord/client.py", line 465, in _run_event
    await coro(*args, **kwargs)
  File "/app/asu_discord/cogs/analytics.py", line 652, in on_member_update
    before_timeout = before.timed_out_until
                     ^^^^^^^^^^^^^^^^^^^^^^
AttributeError: 'Member' object has no attribute 'timed_out_until'
Ignoring exception in on_member_update
Traceback (most recent call last):
  File "/usr/local/lib/python3.12/site-packages/discord/client.py", line 465, in _run_event
    await coro(*args, **kwargs)
  File "/app/asu_discord/cogs/analytics.py", line 652, in on_member_update
    before_timeout = before.timed_out_until
                     ^^^^^^^^^^^^^^^^^^^^^^
AttributeError: 'Member' object has no attribute 'timed_out_until'
Ignoring exception in on_member_update
Traceback (most recent call last):
  File "/usr/local/lib/python3.12/site-packages/discord/client.py", line 465, in _run_event
    await coro(*args, **kwargs)
  File "/app/asu_discord/cogs/analytics.py", line 652, in on_member_update
    before_timeout = before.timed_out_until
                     ^^^^^^^^^^^^^^^^^^^^^^
AttributeError: 'Member' object has no attribute 'timed_out_until'
INFO:asu_discord.cogs.verification:Saved 5 roles to database for user rsmeriga (Discord ID: 694761675126997062)
INFO:asu_discord.cogs.verification:Refreshed Salesforce roles for Discord user 694761675126997062: -5/+5 roles, assigned=[Arizona Resident, Commited, Downtown Phoenix, First Year, Watts College of Public Service and Community Solutions]
Ignoring exception in on_member_update
Traceback (most recent call last):
  File "/usr/local/lib/python3.12/site-packages/discord/client.py", line 465, in _run_event
    await coro(*args, **kwargs)
  File "/app/asu_discord/cogs/analytics.py", line 652, in on_member_update
    before_timeout = before.timed_out_until
                     ^^^^^^^^^^^^^^^^^^^^^^
AttributeError: 'Member' object has no attribute 'timed_out_until'
Ignoring exception in on_member_update
Traceback (most recent call last):
  File "/usr/local/lib/python3.12/site-packages/discord/client.py", line 465, in _run_event
    await coro(*args, **kwargs)
  File "/app/asu_discord/cogs/analytics.py", line 652, in on_member_update
    before_timeout = before.timed_out_until
                     ^^^^^^^^^^^^^^^^^^^^^^
AttributeError: 'Member' object has no attribute 'timed_out_until'
Ignoring exception in on_member_update
Traceback (most recent call last):
  File "/usr/local/lib/python3.12/site-packages/discord/client.py", line 465, in _run_event
    await coro(*args, **kwargs)
  File "/app/asu_discord/cogs/analytics.py", line 652, in on_member_update
    before_timeout = before.timed_out_until
                     ^^^^^^^^^^^^^^^^^^^^^^
AttributeError: 'Member' object has no attribute 'timed_out_until'
Ignoring exception in on_member_update
Traceback (most recent call last):
  File "/usr/local/lib/python3.12/site-packages/discord/client.py", line 465, in _run_event
    await coro(*args, **kwargs)
  File "/app/asu_discord/cogs/analytics.py", line 652, in on_member_update
    before_timeout = before.timed_out_until
                     ^^^^^^^^^^^^^^^^^^^^^^
AttributeError: 'Member' object has no attribute 'timed_out_until'
Ignoring exception in on_member_update
Traceback (most recent call last):
  File "/usr/local/lib/python3.12/site-packages/discord/client.py", line 465, in _run_event
    await coro(*args, **kwargs)
  File "/app/asu_discord/cogs/analytics.py", line 652, in on_member_update
    before_timeout = before.timed_out_until
                     ^^^^^^^^^^^^^^^^^^^^^^
AttributeError: 'Member' object has no attribute 'timed_out_until'
Ignoring exception in on_member_update
Traceback (most recent call last):
  File "/usr/local/lib/python3.12/site-packages/discord/client.py", line 465, in _run_event
    await coro(*args, **kwargs)
  File "/app/asu_discord/cogs/analytics.py", line 652, in on_member_update
    before_timeout = before.timed_out_until
                     ^^^^^^^^^^^^^^^^^^^^^^
AttributeError: 'Member' object has no attribute 'timed_out_until'
Ignoring exception in on_member_update
Traceback (most recent call last):
  File "/usr/local/lib/python3.12/site-packages/discord/client.py", line 465, in _run_event
    await coro(*args, **kwargs)
  File "/app/asu_discord/cogs/analytics.py", line 652, in on_member_update
    before_timeout = before.timed_out_until
                     ^^^^^^^^^^^^^^^^^^^^^^
AttributeError: 'Member' object has no attribute 'timed_out_until'
Ignoring exception in on_member_update
Traceback (most recent call last):
  File "/usr/local/lib/python3.12/site-packages/discord/client.py", line 465, in _run_event
    await coro(*args, **kwargs)
  File "/app/asu_discord/cogs/analytics.py", line 652, in on_member_update
    before_timeout = before.timed_out_until
                     ^^^^^^^^^^^^^^^^^^^^^^
AttributeError: 'Member' object has no attribute 'timed_out_until'
Ignoring exception in on_member_update
Traceback (most recent call last):
  File "/usr/local/lib/python3.12/site-packages/discord/client.py", line 465, in _run_event
    await coro(*args, **kwargs)
  File "/app/asu_discord/cogs/analytics.py", line 652, in on_member_update
    before_timeout = before.timed_out_until
                     ^^^^^^^^^^^^^^^^^^^^^^
AttributeError: 'Member' object has no attribute 'timed_out_until'
INFO:asu_discord.cogs.verification:Saved 5 roles to database for user lhchang2 (Discord ID: 997348616349950072)
INFO:asu_discord.cogs.verification:Refreshed Salesforce roles for Discord user 997348616349950072: -5/+4 roles, assigned=[Commited, First Year, Ira A. Fulton Schools of Engineering, Out of State, Tempe]
Ignoring exception in on_member_update
Traceback (most recent call last):
  File "/usr/local/lib/python3.12/site-packages/discord/client.py", line 465, in _run_event
    await coro(*args, **kwargs)
  File "/app/asu_discord/cogs/analytics.py", line 652, in on_member_update
    before_timeout = before.timed_out_until
                     ^^^^^^^^^^^^^^^^^^^^^^
AttributeError: 'Member' object has no attribute 'timed_out_until'
Ignoring exception in on_member_update
Traceback (most recent call last):
  File "/usr/local/lib/python3.12/site-packages/discord/client.py", line 465, in _run_event
    await coro(*args, **kwargs)
  File "/app/asu_discord/cogs/analytics.py", line 652, in on_member_update
    before_timeout = before.timed_out_until
                     ^^^^^^^^^^^^^^^^^^^^^^
AttributeError: 'Member' object has no attribute 'timed_out_until'
Ignoring exception in on_member_update
Traceback (most recent call last):
  File "/usr/local/lib/python3.12/site-packages/discord/client.py", line 465, in _run_event
    await coro(*args, **kwargs)
  File "/app/asu_discord/cogs/analytics.py", line 652, in on_member_update
    before_timeout = before.timed_out_until
                     ^^^^^^^^^^^^^^^^^^^^^^
AttributeError: 'Member' object has no attribute 'timed_out_until'
Ignoring exception in on_member_update
Traceback (most recent call last):
  File "/usr/local/lib/python3.12/site-packages/discord/client.py", line 465, in _run_event
    await coro(*args, **kwargs)
  File "/app/asu_discord/cogs/analytics.py", line 652, in on_member_update
    before_timeout = before.timed_out_until
                     ^^^^^^^^^^^^^^^^^^^^^^
AttributeError: 'Member' object has no attribute 'timed_out_until'
Ignoring exception in on_member_update
Traceback (most recent call last):
  File "/usr/local/lib/python3.12/site-packages/discord/client.py", line 465, in _run_event
    await coro(*args, **kwargs)
  File "/app/asu_discord/cogs/analytics.py", line 652, in on_member_update
    before_timeout = before.timed_out_until
                     ^^^^^^^^^^^^^^^^^^^^^^
AttributeError: 'Member' object has no attribute 'timed_out_until'
Ignoring exception in on_member_update
Traceback (most recent call last):
  File "/usr/local/lib/python3.12/site-packages/discord/client.py", line 465, in _run_event
    await coro(*args, **kwargs)
  File "/app/asu_discord/cogs/analytics.py", line 652, in on_member_update
    before_timeout = before.timed_out_until
                     ^^^^^^^^^^^^^^^^^^^^^^
AttributeError: 'Member' object has no attribute 'timed_out_until'
Ignoring exception in on_member_update
Traceback (most recent call last):
  File "/usr/local/lib/python3.12/site-packages/discord/client.py", line 465, in _run_event
    await coro(*args, **kwargs)
  File "/app/asu_discord/cogs/analytics.py", line 652, in on_member_update
    before_timeout = before.timed_out_until
                     ^^^^^^^^^^^^^^^^^^^^^^
AttributeError: 'Member' object has no attribute 'timed_out_until'
INFO:asu_discord.cogs.verification:Saved 4 roles to database for user rbryan28 (Discord ID: 618271233653342229)
INFO:asu_discord.cogs.verification:Refreshed Salesforce roles for Discord user 618271233653342229: -4/+3 roles, assigned=[Arizona Resident, Graduate Student, Mary Lou Fulton Teachers College, Tempe]
Ignoring exception in on_member_update
Traceback (most recent call last):
  File "/usr/local/lib/python3.12/site-packages/discord/client.py", line 465, in _run_event
    await coro(*args, **kwargs)
  File "/app/asu_discord/cogs/analytics.py", line 652, in on_member_update
    before_timeout = before.timed_out_until
                     ^^^^^^^^^^^^^^^^^^^^^^
AttributeError: 'Member' object has no attribute 'timed_out_until'
INFO:asu_discord.cogs.verification:Saved 1 roles to database for user bigreen1 (Discord ID: 769398728041562142)
INFO:asu_discord.cogs.verification:Refreshed Salesforce roles for Discord user 769398728041562142: -1/+1 roles, assigned=[Out of State]
Ignoring exception in on_member_update
Traceback (most recent call last):
  File "/usr/local/lib/python3.12/site-packages/discord/client.py", line 465, in _run_event
    await coro(*args, **kwargs)
  File "/app/asu_discord/cogs/analytics.py", line 652, in on_member_update
    before_timeout = before.timed_out_until
                     ^^^^^^^^^^^^^^^^^^^^^^
AttributeError: 'Member' object has no attribute 'timed_out_until'
Ignoring exception in on_member_update
Traceback (most recent call last):
  File "/usr/local/lib/python3.12/site-packages/discord/client.py", line 465, in _run_event
    await coro(*args, **kwargs)
  File "/app/asu_discord/cogs/analytics.py", line 652, in on_member_update
    before_timeout = before.timed_out_until
                     ^^^^^^^^^^^^^^^^^^^^^^
AttributeError: 'Member' object has no attribute 'timed_out_until'
Ignoring exception in on_member_update
Traceback (most recent call last):
  File "/usr/local/lib/python3.12/site-packages/discord/client.py", line 465, in _run_event
    await coro(*args, **kwargs)
  File "/app/asu_discord/cogs/analytics.py", line 652, in on_member_update
    before_timeout = before.timed_out_until
                     ^^^^^^^^^^^^^^^^^^^^^^
AttributeError: 'Member' object has no attribute 'timed_out_until'
Ignoring exception in on_member_update
Traceback (most recent call last):
  File "/usr/local/lib/python3.12/site-packages/discord/client.py", line 465, in _run_event
    await coro(*args, **kwargs)
  File "/app/asu_discord/cogs/analytics.py", line 652, in on_member_update
    before_timeout = before.timed_out_until
                     ^^^^^^^^^^^^^^^^^^^^^^
AttributeError: 'Member' object has no attribute 'timed_out_until'
Ignoring exception in on_member_update
Traceback (most recent call last):
  File "/usr/local/lib/python3.12/site-packages/discord/client.py", line 465, in _run_event
    await coro(*args, **kwargs)
  File "/app/asu_discord/cogs/analytics.py", line 652, in on_member_update
    before_timeout = before.timed_out_until
                     ^^^^^^^^^^^^^^^^^^^^^^
AttributeError: 'Member' object has no attribute 'timed_out_until'
Ignoring exception in on_member_update
Traceback (most recent call last):
  File "/usr/local/lib/python3.12/site-packages/discord/client.py", line 465, in _run_event
    await coro(*args, **kwargs)
  File "/app/asu_discord/cogs/analytics.py", line 652, in on_member_update
    before_timeout = before.timed_out_until
                     ^^^^^^^^^^^^^^^^^^^^^^
AttributeError: 'Member' object has no attribute 'timed_out_until'
Ignoring exception in on_member_update
Traceback (most recent call last):
  File "/usr/local/lib/python3.12/site-packages/discord/client.py", line 465, in _run_event
    await coro(*args, **kwargs)
  File "/app/asu_discord/cogs/analytics.py", line 652, in on_member_update
    before_timeout = before.timed_out_until
                     ^^^^^^^^^^^^^^^^^^^^^^
AttributeError: 'Member' object has no attribute 'timed_out_until'
Ignoring exception in on_member_update
Traceback (most recent call last):
  File "/usr/local/lib/python3.12/site-packages/discord/client.py", line 465, in _run_event
    await coro(*args, **kwargs)
  File "/app/asu_discord/cogs/analytics.py", line 652, in on_member_update
    before_timeout = before.timed_out_until
                     ^^^^^^^^^^^^^^^^^^^^^^
AttributeError: 'Member' object has no attribute 'timed_out_until'
Ignoring exception in on_member_update
Traceback (most recent call last):
  File "/usr/local/lib/python3.12/site-packages/discord/client.py", line 465, in _run_event
    await coro(*args, **kwargs)
  File "/app/asu_discord/cogs/analytics.py", line 652, in on_member_update
    before_timeout = before.timed_out_until
                     ^^^^^^^^^^^^^^^^^^^^^^
AttributeError: 'Member' object has no attribute 'timed_out_until'
Ignoring exception in on_member_update
Traceback (most recent call last):
  File "/usr/local/lib/python3.12/site-packages/discord/client.py", line 465, in _run_event
    await coro(*args, **kwargs)
  File "/app/asu_discord/cogs/analytics.py", line 652, in on_member_update
    before_timeout = before.timed_out_until
                     ^^^^^^^^^^^^^^^^^^^^^^
AttributeError: 'Member' object has no attribute 'timed_out_until'
Ignoring exception in on_member_update
Traceback (most recent call last):
  File "/usr/local/lib/python3.12/site-packages/discord/client.py", line 465, in _run_event
    await coro(*args, **kwargs)
  File "/app/asu_discord/cogs/analytics.py", line 652, in on_member_update
    before_timeout = before.timed_out_until
                     ^^^^^^^^^^^^^^^^^^^^^^
AttributeError: 'Member' object has no attribute 'timed_out_until'
INFO:asu_discord.cogs.verification:Saved 5 roles to database for user njanarad (Discord ID: 1012598046539927572)
INFO:asu_discord.cogs.verification:Refreshed Salesforce roles for Discord user 1012598046539927572: -5/+5 roles, assigned=[Arizona Resident, Commited, First Year, Ira A. Fulton Schools of Engineering, Polytechnic]
Ignoring exception in on_member_update
Traceback (most recent call last):
  File "/usr/local/lib/python3.12/site-packages/discord/client.py", line 465, in _run_event
    await coro(*args, **kwargs)
  File "/app/asu_discord/cogs/analytics.py", line 652, in on_member_update
    before_timeout = before.timed_out_until
                     ^^^^^^^^^^^^^^^^^^^^^^
AttributeError: 'Member' object has no attribute 'timed_out_until'
Ignoring exception in on_member_update
Traceback (most recent call last):
  File "/usr/local/lib/python3.12/site-packages/discord/client.py", line 465, in _run_event
    await coro(*args, **kwargs)
  File "/app/asu_discord/cogs/analytics.py", line 652, in on_member_update
    before_timeout = before.timed_out_until
                     ^^^^^^^^^^^^^^^^^^^^^^
AttributeError: 'Member' object has no attribute 'timed_out_until'
Ignoring exception in on_member_update
Traceback (most recent call last):
  File "/usr/local/lib/python3.12/site-packages/discord/client.py", line 465, in _run_event
    await coro(*args, **kwargs)
  File "/app/asu_discord/cogs/analytics.py", line 652, in on_member_update
    before_timeout = before.timed_out_until
                     ^^^^^^^^^^^^^^^^^^^^^^
AttributeError: 'Member' object has no attribute 'timed_out_until'
Ignoring exception in on_member_update
Traceback (most recent call last):
  File "/usr/local/lib/python3.12/site-packages/discord/client.py", line 465, in _run_event
    await coro(*args, **kwargs)
  File "/app/asu_discord/cogs/analytics.py", line 652, in on_member_update
    before_timeout = before.timed_out_until
                     ^^^^^^^^^^^^^^^^^^^^^^
AttributeError: 'Member' object has no attribute 'timed_out_until'
Ignoring exception in on_member_update
Traceback (most recent call last):
  File "/usr/local/lib/python3.12/site-packages/discord/client.py", line 465, in _run_event
    await coro(*args, **kwargs)
  File "/app/asu_discord/cogs/analytics.py", line 652, in on_member_update
    before_timeout = before.timed_out_until
                     ^^^^^^^^^^^^^^^^^^^^^^
AttributeError: 'Member' object has no attribute 'timed_out_until'
Ignoring exception in on_member_update
Traceback (most recent call last):
  File "/usr/local/lib/python3.12/site-packages/discord/client.py", line 465, in _run_event
    await coro(*args, **kwargs)
  File "/app/asu_discord/cogs/analytics.py", line 652, in on_member_update
    before_timeout = before.timed_out_until
                     ^^^^^^^^^^^^^^^^^^^^^^
AttributeError: 'Member' object has no attribute 'timed_out_until'
INFO:asu_discord.cogs.verification:Saved 3 roles to database for user lliao124 (Discord ID: 660338527103352833)
INFO:asu_discord.cogs.verification:Refreshed Salesforce roles for Discord user 660338527103352833: -3/+3 roles, assigned=[Graduate Student, Ira A. Fulton Schools of Engineering, Tempe]
ERROR:cron.jobs:refresh_salesforce_roles: failed for saalmut5 (Discord ID 1493812250346127371): Failed to refresh Salesforce-based roles: Discord user 1493812250346127371 is not a member of the guild
Ignoring exception in on_member_update
Traceback (most recent call last):
  File "/usr/local/lib/python3.12/site-packages/discord/client.py", line 465, in _run_event
    await coro(*args, **kwargs)
  File "/app/asu_discord/cogs/analytics.py", line 652, in on_member_update
    before_timeout = before.timed_out_until
                     ^^^^^^^^^^^^^^^^^^^^^^
AttributeError: 'Member' object has no attribute 'timed_out_until'
Ignoring exception in on_member_update
Traceback (most recent call last):
  File "/usr/local/lib/python3.12/site-packages/discord/client.py", line 465, in _run_event
    await coro(*args, **kwargs)
  File "/app/asu_discord/cogs/analytics.py", line 652, in on_member_update
    before_timeout = before.timed_out_until
                     ^^^^^^^^^^^^^^^^^^^^^^
AttributeError: 'Member' object has no attribute 'timed_out_until'
Ignoring exception in on_member_update
Traceback (most recent call last):
  File "/usr/local/lib/python3.12/site-packages/discord/client.py", line 465, in _run_event
    await coro(*args, **kwargs)
  File "/app/asu_discord/cogs/analytics.py", line 652, in on_member_update
    before_timeout = before.timed_out_until
                     ^^^^^^^^^^^^^^^^^^^^^^
AttributeError: 'Member' object has no attribute 'timed_out_until'
Ignoring exception in on_member_update
Traceback (most recent call last):
  File "/usr/local/lib/python3.12/site-packages/discord/client.py", line 465, in _run_event
    await coro(*args, **kwargs)
  File "/app/asu_discord/cogs/analytics.py", line 652, in on_member_update
    before_timeout = before.timed_out_until
                     ^^^^^^^^^^^^^^^^^^^^^^
AttributeError: 'Member' object has no attribute 'timed_out_until'
Ignoring exception in on_member_update
Traceback (most recent call last):
  File "/usr/local/lib/python3.12/site-packages/discord/client.py", line 465, in _run_event
    await coro(*args, **kwargs)
  File "/app/asu_discord/cogs/analytics.py", line 652, in on_member_update
    before_timeout = before.timed_out_until
                     ^^^^^^^^^^^^^^^^^^^^^^
AttributeError: 'Member' object has no attribute 'timed_out_until'
Ignoring exception in on_member_update
Traceback (most recent call last):
  File "/usr/local/lib/python3.12/site-packages/discord/client.py", line 465, in _run_event
    await coro(*args, **kwargs)
  File "/app/asu_discord/cogs/analytics.py", line 652, in on_member_update
    before_timeout = before.timed_out_until
                     ^^^^^^^^^^^^^^^^^^^^^^
AttributeError: 'Member' object has no attribute 'timed_out_until'
Ignoring exception in on_member_update
Traceback (most recent call last):
  File "/usr/local/lib/python3.12/site-packages/discord/client.py", line 465, in _run_event
    await coro(*args, **kwargs)
  File "/app/asu_discord/cogs/analytics.py", line 652, in on_member_update
    before_timeout = before.timed_out_until
                     ^^^^^^^^^^^^^^^^^^^^^^
AttributeError: 'Member' object has no attribute 'timed_out_until'
Ignoring exception in on_member_update
Traceback (most recent call last):
  File "/usr/local/lib/python3.12/site-packages/discord/client.py", line 465, in _run_event
    await coro(*args, **kwargs)
  File "/app/asu_discord/cogs/analytics.py", line 652, in on_member_update
    before_timeout = before.timed_out_until
                     ^^^^^^^^^^^^^^^^^^^^^^
AttributeError: 'Member' object has no attribute 'timed_out_until'
Ignoring exception in on_member_update
Traceback (most recent call last):
  File "/usr/local/lib/python3.12/site-packages/discord/client.py", line 465, in _run_event
    await coro(*args, **kwargs)
  File "/app/asu_discord/cogs/analytics.py", line 652, in on_member_update
    before_timeout = before.timed_out_until
                     ^^^^^^^^^^^^^^^^^^^^^^
AttributeError: 'Member' object has no attribute 'timed_out_until'
Ignoring exception in on_member_update
Traceback (most recent call last):
  File "/usr/local/lib/python3.12/site-packages/discord/client.py", line 465, in _run_event
    await coro(*args, **kwargs)
  File "/app/asu_discord/cogs/analytics.py", line 652, in on_member_update
    before_timeout = before.timed_out_until
                     ^^^^^^^^^^^^^^^^^^^^^^
AttributeError: 'Member' object has no attribute 'timed_out_until'
INFO:asu_discord.cogs.verification:Saved 5 roles to database for user asing985 (Discord ID: 1486532269253595177)
INFO:asu_discord.cogs.verification:Refreshed Salesforce roles for Discord user 1486532269253595177: -5/+5 roles, assigned=[College of Liberal Arts and Sciences, Commited, First Year, Out of State, Tempe]
Ignoring exception in on_member_update
Traceback (most recent call last):
  File "/usr/local/lib/python3.12/site-packages/discord/client.py", line 465, in _run_event
    await coro(*args, **kwargs)
  File "/app/asu_discord/cogs/analytics.py", line 652, in on_member_update
    before_timeout = before.timed_out_until
                     ^^^^^^^^^^^^^^^^^^^^^^
AttributeError: 'Member' object has no attribute 'timed_out_until'
Ignoring exception in on_member_update
Traceback (most recent call last):
  File "/usr/local/lib/python3.12/site-packages/discord/client.py", line 465, in _run_event
    await coro(*args, **kwargs)
  File "/app/asu_discord/cogs/analytics.py", line 652, in on_member_update
    before_timeout = before.timed_out_until
                     ^^^^^^^^^^^^^^^^^^^^^^
AttributeError: 'Member' object has no attribute 'timed_out_until'
Ignoring exception in on_member_update
Traceback (most recent call last):
  File "/usr/local/lib/python3.12/site-packages/discord/client.py", line 465, in _run_event
    await coro(*args, **kwargs)
  File "/app/asu_discord/cogs/analytics.py", line 652, in on_member_update
    before_timeout = before.timed_out_until
                     ^^^^^^^^^^^^^^^^^^^^^^
AttributeError: 'Member' object has no attribute 'timed_out_until'
Ignoring exception in on_member_update
Traceback (most recent call last):
  File "/usr/local/lib/python3.12/site-packages/discord/client.py", line 465, in _run_event
    await coro(*args, **kwargs)
  File "/app/asu_discord/cogs/analytics.py", line 652, in on_member_update
    before_timeout = before.timed_out_until
                     ^^^^^^^^^^^^^^^^^^^^^^
AttributeError: 'Member' object has no attribute 'timed_out_until'
Ignoring exception in on_member_update
Traceback (most recent call last):
  File "/usr/local/lib/python3.12/site-packages/discord/client.py", line 465, in _run_event
    await coro(*args, **kwargs)
  File "/app/asu_discord/cogs/analytics.py", line 652, in on_member_update
    before_timeout = before.timed_out_until
                     ^^^^^^^^^^^^^^^^^^^^^^
AttributeError: 'Member' object has no attribute 'timed_out_until'
Ignoring exception in on_member_update
Traceback (most recent call last):
  File "/usr/local/lib/python3.12/site-packages/discord/client.py", line 465, in _run_event
    await coro(*args, **kwargs)
  File "/app/asu_discord/cogs/analytics.py", line 652, in on_member_update
    before_timeout = before.timed_out_until
                     ^^^^^^^^^^^^^^^^^^^^^^
AttributeError: 'Member' object has no attribute 'timed_out_until'
Ignoring exception in on_member_update
Traceback (most recent call last):
  File "/usr/local/lib/python3.12/site-packages/discord/client.py", line 465, in _run_event
    await coro(*args, **kwargs)
  File "/app/asu_discord/cogs/analytics.py", line 652, in on_member_update
    before_timeout = before.timed_out_until
                     ^^^^^^^^^^^^^^^^^^^^^^
AttributeError: 'Member' object has no attribute 'timed_out_until'
Ignoring exception in on_member_update
Traceback (most recent call last):
  File "/usr/local/lib/python3.12/site-packages/discord/client.py", line 465, in _run_event
    await coro(*args, **kwargs)
  File "/app/asu_discord/cogs/analytics.py", line 652, in on_member_update
    before_timeout = before.timed_out_until
                     ^^^^^^^^^^^^^^^^^^^^^^
AttributeError: 'Member' object has no attribute 'timed_out_until'
INFO:asu_discord.cogs.verification:Saved 4 roles to database for user ijsanch5 (Discord ID: 734093734714802308)
INFO:asu_discord.cogs.verification:Refreshed Salesforce roles for Discord user 734093734714802308: -4/+4 roles, assigned=[Arizona Resident, First Year, Ira A. Fulton Schools of Engineering, Tempe]
Ignoring exception in on_member_update
Traceback (most recent call last):
  File "/usr/local/lib/python3.12/site-packages/discord/client.py", line 465, in _run_event
    await coro(*args, **kwargs)
  File "/app/asu_discord/cogs/analytics.py", line 652, in on_member_update
    before_timeout = before.timed_out_until
                     ^^^^^^^^^^^^^^^^^^^^^^
AttributeError: 'Member' object has no attribute 'timed_out_until'
Ignoring exception in on_member_update
Traceback (most recent call last):
  File "/usr/local/lib/python3.12/site-packages/discord/client.py", line 465, in _run_event
    await coro(*args, **kwargs)
  File "/app/asu_discord/cogs/analytics.py", line 652, in on_member_update
    before_timeout = before.timed_out_until
                     ^^^^^^^^^^^^^^^^^^^^^^
AttributeError: 'Member' object has no attribute 'timed_out_until'
Ignoring exception in on_member_update
Traceback (most recent call last):
  File "/usr/local/lib/python3.12/site-packages/discord/client.py", line 465, in _run_event
    await coro(*args, **kwargs)
  File "/app/asu_discord/cogs/analytics.py", line 652, in on_member_update
    before_timeout = before.timed_out_until
                     ^^^^^^^^^^^^^^^^^^^^^^
AttributeError: 'Member' object has no attribute 'timed_out_until'
Ignoring exception in on_member_update
Traceback (most recent call last):
  File "/usr/local/lib/python3.12/site-packages/discord/client.py", line 465, in _run_event
    await coro(*args, **kwargs)
  File "/app/asu_discord/cogs/analytics.py", line 652, in on_member_update
    before_timeout = before.timed_out_until
                     ^^^^^^^^^^^^^^^^^^^^^^
AttributeError: 'Member' object has no attribute 'timed_out_until'
Ignoring exception in on_member_update
Traceback (most recent call last):
  File "/usr/local/lib/python3.12/site-packages/discord/client.py", line 465, in _run_event
    await coro(*args, **kwargs)
  File "/app/asu_discord/cogs/analytics.py", line 652, in on_member_update
    before_timeout = before.timed_out_until
                     ^^^^^^^^^^^^^^^^^^^^^^
AttributeError: 'Member' object has no attribute 'timed_out_until'
Ignoring exception in on_member_update
Traceback (most recent call last):
  File "/usr/local/lib/python3.12/site-packages/discord/client.py", line 465, in _run_event
    await coro(*args, **kwargs)
  File "/app/asu_discord/cogs/analytics.py", line 652, in on_member_update
    before_timeout = before.timed_out_until
                     ^^^^^^^^^^^^^^^^^^^^^^
AttributeError: 'Member' object has no attribute 'timed_out_until'
Ignoring exception in on_member_update
Traceback (most recent call last):
  File "/usr/local/lib/python3.12/site-packages/discord/client.py", line 465, in _run_event
    await coro(*args, **kwargs)
  File "/app/asu_discord/cogs/analytics.py", line 652, in on_member_update
    before_timeout = before.timed_out_until
                     ^^^^^^^^^^^^^^^^^^^^^^
AttributeError: 'Member' object has no attribute 'timed_out_until'
Ignoring exception in on_member_update
Traceback (most recent call last):
  File "/usr/local/lib/python3.12/site-packages/discord/client.py", line 465, in _run_event
    await coro(*args, **kwargs)
  File "/app/asu_discord/cogs/analytics.py", line 652, in on_member_update
    before_timeout = before.timed_out_until
                     ^^^^^^^^^^^^^^^^^^^^^^
AttributeError: 'Member' object has no attribute 'timed_out_until'
Ignoring exception in on_member_update
Traceback (most recent call last):
  File "/usr/local/lib/python3.12/site-packages/discord/client.py", line 465, in _run_event
    await coro(*args, **kwargs)
  File "/app/asu_discord/cogs/analytics.py", line 652, in on_member_update
    before_timeout = before.timed_out_until
                     ^^^^^^^^^^^^^^^^^^^^^^
AttributeError: 'Member' object has no attribute 'timed_out_until'
Ignoring exception in on_member_update
Traceback (most recent call last):
  File "/usr/local/lib/python3.12/site-packages/discord/client.py", line 465, in _run_event
    await coro(*args, **kwargs)
  File "/app/asu_discord/cogs/analytics.py", line 652, in on_member_update
    before_timeout = before.timed_out_until
                     ^^^^^^^^^^^^^^^^^^^^^^
AttributeError: 'Member' object has no attribute 'timed_out_until'
INFO:asu_discord.cogs.verification:Saved 5 roles to database for user slenguye (Discord ID: 712890905253904426)
INFO:asu_discord.cogs.verification:Refreshed Salesforce roles for Discord user 712890905253904426: -5/+5 roles, assigned=[Arizona Resident, Commited, First Year, New College of Interdisciplinary Arts and Sciences, West Valley]
Ignoring exception in on_member_update
Traceback (most recent call last):
  File "/usr/local/lib/python3.12/site-packages/discord/client.py", line 465, in _run_event
    await coro(*args, **kwargs)
  File "/app/asu_discord/cogs/analytics.py", line 652, in on_member_update
    before_timeout = before.timed_out_until
                     ^^^^^^^^^^^^^^^^^^^^^^
AttributeError: 'Member' object has no attribute 'timed_out_until'
Ignoring exception in on_member_update
Traceback (most recent call last):
  File "/usr/local/lib/python3.12/site-packages/discord/client.py", line 465, in _run_event
    await coro(*args, **kwargs)
  File "/app/asu_discord/cogs/analytics.py", line 652, in on_member_update
    before_timeout = before.timed_out_until
                     ^^^^^^^^^^^^^^^^^^^^^^
AttributeError: 'Member' object has no attribute 'timed_out_until'
Ignoring exception in on_member_update
Traceback (most recent call last):
  File "/usr/local/lib/python3.12/site-packages/discord/client.py", line 465, in _run_event
    await coro(*args, **kwargs)
  File "/app/asu_discord/cogs/analytics.py", line 652, in on_member_update
    before_timeout = before.timed_out_until
                     ^^^^^^^^^^^^^^^^^^^^^^
AttributeError: 'Member' object has no attribute 'timed_out_until'
Ignoring exception in on_member_update
Traceback (most recent call last):
  File "/usr/local/lib/python3.12/site-packages/discord/client.py", line 465, in _run_event
    await coro(*args, **kwargs)
  File "/app/asu_discord/cogs/analytics.py", line 652, in on_member_update
    before_timeout = before.timed_out_until
                     ^^^^^^^^^^^^^^^^^^^^^^
AttributeError: 'Member' object has no attribute 'timed_out_until'
Ignoring exception in on_member_update
Traceback (most recent call last):
  File "/usr/local/lib/python3.12/site-packages/discord/client.py", line 465, in _run_event
    await coro(*args, **kwargs)
  File "/app/asu_discord/cogs/analytics.py", line 652, in on_member_update
    before_timeout = before.timed_out_until
                     ^^^^^^^^^^^^^^^^^^^^^^
AttributeError: 'Member' object has no attribute 'timed_out_until'
Ignoring exception in on_member_update
Traceback (most recent call last):
  File "/usr/local/lib/python3.12/site-packages/discord/client.py", line 465, in _run_event
    await coro(*args, **kwargs)
  File "/app/asu_discord/cogs/analytics.py", line 652, in on_member_update
    before_timeout = before.timed_out_until
                     ^^^^^^^^^^^^^^^^^^^^^^
AttributeError: 'Member' object has no attribute 'timed_out_until'
Ignoring exception in on_member_update
Traceback (most recent call last):
  File "/usr/local/lib/python3.12/site-packages/discord/client.py", line 465, in _run_event
    await coro(*args, **kwargs)
  File "/app/asu_discord/cogs/analytics.py", line 652, in on_member_update
    before_timeout = before.timed_out_until
                     ^^^^^^^^^^^^^^^^^^^^^^
AttributeError: 'Member' object has no attribute 'timed_out_until'
Ignoring exception in on_member_update
Traceback (most recent call last):
  File "/usr/local/lib/python3.12/site-packages/discord/client.py", line 465, in _run_event
    await coro(*args, **kwargs)
  File "/app/asu_discord/cogs/analytics.py", line 652, in on_member_update
    before_timeout = before.timed_out_until
                     ^^^^^^^^^^^^^^^^^^^^^^
AttributeError: 'Member' object has no attribute 'timed_out_until'
Ignoring exception in on_member_update
Traceback (most recent call last):
  File "/usr/local/lib/python3.12/site-packages/discord/client.py", line 465, in _run_event
    await coro(*args, **kwargs)
  File "/app/asu_discord/cogs/analytics.py", line 652, in on_member_update
    before_timeout = before.timed_out_until
                     ^^^^^^^^^^^^^^^^^^^^^^
AttributeError: 'Member' object has no attribute 'timed_out_until'
INFO:asu_discord.cogs.verification:Saved 5 roles to database for user ajwats18 (Discord ID: 1493841777860411402)
INFO:asu_discord.cogs.verification:Refreshed Salesforce roles for Discord user 1493841777860411402: -5/+5 roles, assigned=[Arizona Resident, Commited, First Year, Tempe, Walter Cronkite School of Journalism and Mass Communication]
Ignoring exception in on_member_update
Traceback (most recent call last):
  File "/usr/local/lib/python3.12/site-packages/discord/client.py", line 465, in _run_event
    await coro(*args, **kwargs)
  File "/app/asu_discord/cogs/analytics.py", line 652, in on_member_update
    before_timeout = before.timed_out_until
                     ^^^^^^^^^^^^^^^^^^^^^^
AttributeError: 'Member' object has no attribute 'timed_out_until'
Ignoring exception in on_member_update
Traceback (most recent call last):
  File "/usr/local/lib/python3.12/site-packages/discord/client.py", line 465, in _run_event
    await coro(*args, **kwargs)
  File "/app/asu_discord/cogs/analytics.py", line 652, in on_member_update
    before_timeout = before.timed_out_until
                     ^^^^^^^^^^^^^^^^^^^^^^
AttributeError: 'Member' object has no attribute 'timed_out_until'
Ignoring exception in on_member_update
Traceback (most recent call last):
  File "/usr/local/lib/python3.12/site-packages/discord/client.py", line 465, in _run_event
    await coro(*args, **kwargs)
  File "/app/asu_discord/cogs/analytics.py", line 652, in on_member_update
    before_timeout = before.timed_out_until
                     ^^^^^^^^^^^^^^^^^^^^^^
AttributeError: 'Member' object has no attribute 'timed_out_until'
Ignoring exception in on_member_update
Traceback (most recent call last):
  File "/usr/local/lib/python3.12/site-packages/discord/client.py", line 465, in _run_event
    await coro(*args, **kwargs)
  File "/app/asu_discord/cogs/analytics.py", line 652, in on_member_update
    before_timeout = before.timed_out_until
                     ^^^^^^^^^^^^^^^^^^^^^^
AttributeError: 'Member' object has no attribute 'timed_out_until'
Ignoring exception in on_member_update
Traceback (most recent call last):
  File "/usr/local/lib/python3.12/site-packages/discord/client.py", line 465, in _run_event
    await coro(*args, **kwargs)
  File "/app/asu_discord/cogs/analytics.py", line 652, in on_member_update
    before_timeout = before.timed_out_until
                     ^^^^^^^^^^^^^^^^^^^^^^
AttributeError: 'Member' object has no attribute 'timed_out_until'
Ignoring exception in on_member_update
Traceback (most recent call last):
  File "/usr/local/lib/python3.12/site-packages/discord/client.py", line 465, in _run_event
    await coro(*args, **kwargs)
  File "/app/asu_discord/cogs/analytics.py", line 652, in on_member_update
    before_timeout = before.timed_out_until
                     ^^^^^^^^^^^^^^^^^^^^^^
AttributeError: 'Member' object has no attribute 'timed_out_until'
Ignoring exception in on_member_update
Traceback (most recent call last):
  File "/usr/local/lib/python3.12/site-packages/discord/client.py", line 465, in _run_event
    await coro(*args, **kwargs)
  File "/app/asu_discord/cogs/analytics.py", line 652, in on_member_update
    before_timeout = before.timed_out_until
                     ^^^^^^^^^^^^^^^^^^^^^^
AttributeError: 'Member' object has no attribute 'timed_out_until'
Ignoring exception in on_member_update
Traceback (most recent call last):
  File "/usr/local/lib/python3.12/site-packages/discord/client.py", line 465, in _run_event
    await coro(*args, **kwargs)
  File "/app/asu_discord/cogs/analytics.py", line 652, in on_member_update
    before_timeout = before.timed_out_until
                     ^^^^^^^^^^^^^^^^^^^^^^
AttributeError: 'Member' object has no attribute 'timed_out_until'
Ignoring exception in on_member_update
Traceback (most recent call last):
  File "/usr/local/lib/python3.12/site-packages/discord/client.py", line 465, in _run_event
    await coro(*args, **kwargs)
  File "/app/asu_discord/cogs/analytics.py", line 652, in on_member_update
    before_timeout = before.timed_out_until
                     ^^^^^^^^^^^^^^^^^^^^^^
AttributeError: 'Member' object has no attribute 'timed_out_until'
Ignoring exception in on_member_update
Traceback (most recent call last):
  File "/usr/local/lib/python3.12/site-packages/discord/client.py", line 465, in _run_event
    await coro(*args, **kwargs)
  File "/app/asu_discord/cogs/analytics.py", line 652, in on_member_update
    before_timeout = before.timed_out_until
                     ^^^^^^^^^^^^^^^^^^^^^^
AttributeError: 'Member' object has no attribute 'timed_out_until'
Ignoring exception in on_member_update
Traceback (most recent call last):
  File "/usr/local/lib/python3.12/site-packages/discord/client.py", line 465, in _run_event
    await coro(*args, **kwargs)
  File "/app/asu_discord/cogs/analytics.py", line 652, in on_member_update
    before_timeout = before.timed_out_until
                     ^^^^^^^^^^^^^^^^^^^^^^
AttributeError: 'Member' object has no attribute 'timed_out_until'
INFO:asu_discord.cogs.verification:Saved 5 roles to database for user mhpomera (Discord ID: 280853359999582208)
INFO:asu_discord.cogs.verification:Refreshed Salesforce roles for Discord user 280853359999582208: -5/+5 roles, assigned=[Commited, Graduate Student, Herberger Institute for Design and the Arts, Out of State, Tempe]
Ignoring exception in on_member_update
Traceback (most recent call last):
  File "/usr/local/lib/python3.12/site-packages/discord/client.py", line 465, in _run_event
    await coro(*args, **kwargs)
  File "/app/asu_discord/cogs/analytics.py", line 652, in on_member_update
    before_timeout = before.timed_out_until
                     ^^^^^^^^^^^^^^^^^^^^^^
AttributeError: 'Member' object has no attribute 'timed_out_until'
Ignoring exception in on_member_update
Traceback (most recent call last):
  File "/usr/local/lib/python3.12/site-packages/discord/client.py", line 465, in _run_event
    await coro(*args, **kwargs)
  File "/app/asu_discord/cogs/analytics.py", line 652, in on_member_update
    before_timeout = before.timed_out_until
                     ^^^^^^^^^^^^^^^^^^^^^^
AttributeError: 'Member' object has no attribute 'timed_out_until'
Ignoring exception in on_member_update
Traceback (most recent call last):
  File "/usr/local/lib/python3.12/site-packages/discord/client.py", line 465, in _run_event
    await coro(*args, **kwargs)
  File "/app/asu_discord/cogs/analytics.py", line 652, in on_member_update
    before_timeout = before.timed_out_until
                     ^^^^^^^^^^^^^^^^^^^^^^
AttributeError: 'Member' object has no attribute 'timed_out_until'
Ignoring exception in on_member_update
Traceback (most recent call last):
  File "/usr/local/lib/python3.12/site-packages/discord/client.py", line 465, in _run_event
    await coro(*args, **kwargs)
  File "/app/asu_discord/cogs/analytics.py", line 652, in on_member_update
    before_timeout = before.timed_out_until
                     ^^^^^^^^^^^^^^^^^^^^^^
AttributeError: 'Member' object has no attribute 'timed_out_until'
Ignoring exception in on_member_update
Traceback (most recent call last):
  File "/usr/local/lib/python3.12/site-packages/discord/client.py", line 465, in _run_event
    await coro(*args, **kwargs)
  File "/app/asu_discord/cogs/analytics.py", line 652, in on_member_update
    before_timeout = before.timed_out_until
                     ^^^^^^^^^^^^^^^^^^^^^^
AttributeError: 'Member' object has no attribute 'timed_out_until'
Ignoring exception in on_member_update
Traceback (most recent call last):
  File "/usr/local/lib/python3.12/site-packages/discord/client.py", line 465, in _run_event
    await coro(*args, **kwargs)
  File "/app/asu_discord/cogs/analytics.py", line 652, in on_member_update
    before_timeout = before.timed_out_until
                     ^^^^^^^^^^^^^^^^^^^^^^
AttributeError: 'Member' object has no attribute 'timed_out_until'
Ignoring exception in on_member_update
Traceback (most recent call last):
  File "/usr/local/lib/python3.12/site-packages/discord/client.py", line 465, in _run_event
    await coro(*args, **kwargs)
  File "/app/asu_discord/cogs/analytics.py", line 652, in on_member_update
    before_timeout = before.timed_out_until
                     ^^^^^^^^^^^^^^^^^^^^^^
AttributeError: 'Member' object has no attribute 'timed_out_until'
Ignoring exception in on_member_update
Traceback (most recent call last):
  File "/usr/local/lib/python3.12/site-packages/discord/client.py", line 465, in _run_event
    await coro(*args, **kwargs)
  File "/app/asu_discord/cogs/analytics.py", line 652, in on_member_update
    before_timeout = before.timed_out_until
                     ^^^^^^^^^^^^^^^^^^^^^^
AttributeError: 'Member' object has no attribute 'timed_out_until'
INFO:asu_discord.cogs.verification:Saved 4 roles to database for user asjafar (Discord ID: 1382971413434073139)
INFO:asu_discord.cogs.verification:Refreshed Salesforce roles for Discord user 1382971413434073139: -4/+4 roles, assigned=[Downtown Phoenix, First Year, International Student, Watts College of Public Service and Community Solutions]
Ignoring exception in on_member_update
Traceback (most recent call last):
  File "/usr/local/lib/python3.12/site-packages/discord/client.py", line 465, in _run_event
    await coro(*args, **kwargs)
  File "/app/asu_discord/cogs/analytics.py", line 652, in on_member_update
    before_timeout = before.timed_out_until
                     ^^^^^^^^^^^^^^^^^^^^^^
AttributeError: 'Member' object has no attribute 'timed_out_until'
Ignoring exception in on_member_update
Traceback (most recent call last):
  File "/usr/local/lib/python3.12/site-packages/discord/client.py", line 465, in _run_event
    await coro(*args, **kwargs)
  File "/app/asu_discord/cogs/analytics.py", line 652, in on_member_update
    before_timeout = before.timed_out_until
                     ^^^^^^^^^^^^^^^^^^^^^^
AttributeError: 'Member' object has no attribute 'timed_out_until'
Ignoring exception in on_member_update
Traceback (most recent call last):
  File "/usr/local/lib/python3.12/site-packages/discord/client.py", line 465, in _run_event
    await coro(*args, **kwargs)
  File "/app/asu_discord/cogs/analytics.py", line 652, in on_member_update
    before_timeout = before.timed_out_until
                     ^^^^^^^^^^^^^^^^^^^^^^
AttributeError: 'Member' object has no attribute 'timed_out_until'
Ignoring exception in on_member_update
Traceback (most recent call last):
  File "/usr/local/lib/python3.12/site-packages/discord/client.py", line 465, in _run_event
    await coro(*args, **kwargs)
  File "/app/asu_discord/cogs/analytics.py", line 652, in on_member_update
    before_timeout = before.timed_out_until
                     ^^^^^^^^^^^^^^^^^^^^^^
AttributeError: 'Member' object has no attribute 'timed_out_until'
Ignoring exception in on_member_update
Traceback (most recent call last):
  File "/usr/local/lib/python3.12/site-packages/discord/client.py", line 465, in _run_event
    await coro(*args, **kwargs)
  File "/app/asu_discord/cogs/analytics.py", line 652, in on_member_update
    before_timeout = before.timed_out_until
                     ^^^^^^^^^^^^^^^^^^^^^^
AttributeError: 'Member' object has no attribute 'timed_out_until'
Ignoring exception in on_member_update
Traceback (most recent call last):
  File "/usr/local/lib/python3.12/site-packages/discord/client.py", line 465, in _run_event
    await coro(*args, **kwargs)
  File "/app/asu_discord/cogs/analytics.py", line 652, in on_member_update
    before_timeout = before.timed_out_until
                     ^^^^^^^^^^^^^^^^^^^^^^
AttributeError: 'Member' object has no attribute 'timed_out_until'
Ignoring exception in on_member_update
Traceback (most recent call last):
  File "/usr/local/lib/python3.12/site-packages/discord/client.py", line 465, in _run_event
    await coro(*args, **kwargs)
  File "/app/asu_discord/cogs/analytics.py", line 652, in on_member_update
    before_timeout = before.timed_out_until
                     ^^^^^^^^^^^^^^^^^^^^^^
AttributeError: 'Member' object has no attribute 'timed_out_until'
Ignoring exception in on_member_update
Traceback (most recent call last):
  File "/usr/local/lib/python3.12/site-packages/discord/client.py", line 465, in _run_event
    await coro(*args, **kwargs)
  File "/app/asu_discord/cogs/analytics.py", line 652, in on_member_update
    before_timeout = before.timed_out_until
                     ^^^^^^^^^^^^^^^^^^^^^^
AttributeError: 'Member' object has no attribute 'timed_out_until'
Ignoring exception in on_member_update
Traceback (most recent call last):
  File "/usr/local/lib/python3.12/site-packages/discord/client.py", line 465, in _run_event
    await coro(*args, **kwargs)
  File "/app/asu_discord/cogs/analytics.py", line 652, in on_member_update
    before_timeout = before.timed_out_until
                     ^^^^^^^^^^^^^^^^^^^^^^
AttributeError: 'Member' object has no attribute 'timed_out_until'
Ignoring exception in on_member_update
Traceback (most recent call last):
  File "/usr/local/lib/python3.12/site-packages/discord/client.py", line 465, in _run_event
    await coro(*args, **kwargs)
  File "/app/asu_discord/cogs/analytics.py", line 652, in on_member_update
    before_timeout = before.timed_out_until
                     ^^^^^^^^^^^^^^^^^^^^^^
AttributeError: 'Member' object has no attribute 'timed_out_until'
INFO:asu_discord.cogs.verification:Saved 5 roles to database for user dwerner6 (Discord ID: 777938048410845226)
INFO:asu_discord.cogs.verification:Refreshed Salesforce roles for Discord user 777938048410845226: -5/+5 roles, assigned=[Commited, First Year, Ira A. Fulton Schools of Engineering, Out of State, Tempe]
Ignoring exception in on_member_update
Traceback (most recent call last):
  File "/usr/local/lib/python3.12/site-packages/discord/client.py", line 465, in _run_event
    await coro(*args, **kwargs)
  File "/app/asu_discord/cogs/analytics.py", line 652, in on_member_update
    before_timeout = before.timed_out_until
                     ^^^^^^^^^^^^^^^^^^^^^^
AttributeError: 'Member' object has no attribute 'timed_out_until'
Ignoring exception in on_member_update
Traceback (most recent call last):
  File "/usr/local/lib/python3.12/site-packages/discord/client.py", line 465, in _run_event
    await coro(*args, **kwargs)
  File "/app/asu_discord/cogs/analytics.py", line 652, in on_member_update
    before_timeout = before.timed_out_until
                     ^^^^^^^^^^^^^^^^^^^^^^
AttributeError: 'Member' object has no attribute 'timed_out_until'
Ignoring exception in on_member_update
Traceback (most recent call last):
  File "/usr/local/lib/python3.12/site-packages/discord/client.py", line 465, in _run_event
    await coro(*args, **kwargs)
  File "/app/asu_discord/cogs/analytics.py", line 652, in on_member_update
    before_timeout = before.timed_out_until
                     ^^^^^^^^^^^^^^^^^^^^^^
AttributeError: 'Member' object has no attribute 'timed_out_until'
Ignoring exception in on_member_update
Traceback (most recent call last):
  File "/usr/local/lib/python3.12/site-packages/discord/client.py", line 465, in _run_event
    await coro(*args, **kwargs)
  File "/app/asu_discord/cogs/analytics.py", line 652, in on_member_update
    before_timeout = before.timed_out_until
                     ^^^^^^^^^^^^^^^^^^^^^^
AttributeError: 'Member' object has no attribute 'timed_out_until'
Ignoring exception in on_member_update
Traceback (most recent call last):
  File "/usr/local/lib/python3.12/site-packages/discord/client.py", line 465, in _run_event
    await coro(*args, **kwargs)
  File "/app/asu_discord/cogs/analytics.py", line 652, in on_member_update
    before_timeout = before.timed_out_until
                     ^^^^^^^^^^^^^^^^^^^^^^
AttributeError: 'Member' object has no attribute 'timed_out_until'
Ignoring exception in on_member_update
Traceback (most recent call last):
  File "/usr/local/lib/python3.12/site-packages/discord/client.py", line 465, in _run_event
    await coro(*args, **kwargs)
  File "/app/asu_discord/cogs/analytics.py", line 652, in on_member_update
    before_timeout = before.timed_out_until
                     ^^^^^^^^^^^^^^^^^^^^^^
AttributeError: 'Member' object has no attribute 'timed_out_until'
Ignoring exception in on_member_update
Traceback (most recent call last):
  File "/usr/local/lib/python3.12/site-packages/discord/client.py", line 465, in _run_event
    await coro(*args, **kwargs)
  File "/app/asu_discord/cogs/analytics.py", line 652, in on_member_update
    before_timeout = before.timed_out_until
                     ^^^^^^^^^^^^^^^^^^^^^^
AttributeError: 'Member' object has no attribute 'timed_out_until'
Ignoring exception in on_member_update
Traceback (most recent call last):
  File "/usr/local/lib/python3.12/site-packages/discord/client.py", line 465, in _run_event
    await coro(*args, **kwargs)
  File "/app/asu_discord/cogs/analytics.py", line 652, in on_member_update
    before_timeout = before.timed_out_until
                     ^^^^^^^^^^^^^^^^^^^^^^
AttributeError: 'Member' object has no attribute 'timed_out_until'
INFO:asu_discord.cogs.verification:Saved 4 roles to database for user hrahma15 (Discord ID: 857306639627321374)
INFO:asu_discord.cogs.verification:Refreshed Salesforce roles for Discord user 857306639627321374: -4/+4 roles, assigned=[Graduate Student, International Student, Ira A. Fulton Schools of Engineering, Tempe]
Ignoring exception in on_member_update
Traceback (most recent call last):
  File "/usr/local/lib/python3.12/site-packages/discord/client.py", line 465, in _run_event
    await coro(*args, **kwargs)
  File "/app/asu_discord/cogs/analytics.py", line 652, in on_member_update
    before_timeout = before.timed_out_until
                     ^^^^^^^^^^^^^^^^^^^^^^
AttributeError: 'Member' object has no attribute 'timed_out_until'
Ignoring exception in on_member_update
Traceback (most recent call last):
  File "/usr/local/lib/python3.12/site-packages/discord/client.py", line 465, in _run_event
    await coro(*args, **kwargs)
  File "/app/asu_discord/cogs/analytics.py", line 652, in on_member_update
    before_timeout = before.timed_out_until
                     ^^^^^^^^^^^^^^^^^^^^^^
AttributeError: 'Member' object has no attribute 'timed_out_until'
Ignoring exception in on_member_update
Traceback (most recent call last):
  File "/usr/local/lib/python3.12/site-packages/discord/client.py", line 465, in _run_event
    await coro(*args, **kwargs)
  File "/app/asu_discord/cogs/analytics.py", line 652, in on_member_update
    before_timeout = before.timed_out_until
                     ^^^^^^^^^^^^^^^^^^^^^^
AttributeError: 'Member' object has no attribute 'timed_out_until'
Ignoring exception in on_member_update
Traceback (most recent call last):
  File "/usr/local/lib/python3.12/site-packages/discord/client.py", line 465, in _run_event
    await coro(*args, **kwargs)
  File "/app/asu_discord/cogs/analytics.py", line 652, in on_member_update
    before_timeout = before.timed_out_until
                     ^^^^^^^^^^^^^^^^^^^^^^
AttributeError: 'Member' object has no attribute 'timed_out_until'
Ignoring exception in on_member_update
Traceback (most recent call last):
  File "/usr/local/lib/python3.12/site-packages/discord/client.py", line 465, in _run_event
    await coro(*args, **kwargs)
  File "/app/asu_discord/cogs/analytics.py", line 652, in on_member_update
    before_timeout = before.timed_out_until
                     ^^^^^^^^^^^^^^^^^^^^^^
AttributeError: 'Member' object has no attribute 'timed_out_until'
Ignoring exception in on_member_update
Traceback (most recent call last):
  File "/usr/local/lib/python3.12/site-packages/discord/client.py", line 465, in _run_event
    await coro(*args, **kwargs)
  File "/app/asu_discord/cogs/analytics.py", line 652, in on_member_update
    before_timeout = before.timed_out_until
                     ^^^^^^^^^^^^^^^^^^^^^^
AttributeError: 'Member' object has no attribute 'timed_out_until'
Ignoring exception in on_member_update
Traceback (most recent call last):
  File "/usr/local/lib/python3.12/site-packages/discord/client.py", line 465, in _run_event
    await coro(*args, **kwargs)
  File "/app/asu_discord/cogs/analytics.py", line 652, in on_member_update
    before_timeout = before.timed_out_until
                     ^^^^^^^^^^^^^^^^^^^^^^
AttributeError: 'Member' object has no attribute 'timed_out_until'
Ignoring exception in on_member_update
Traceback (most recent call last):
  File "/usr/local/lib/python3.12/site-packages/discord/client.py", line 465, in _run_event
    await coro(*args, **kwargs)
  File "/app/asu_discord/cogs/analytics.py", line 652, in on_member_update
    before_timeout = before.timed_out_until
                     ^^^^^^^^^^^^^^^^^^^^^^
AttributeError: 'Member' object has no attribute 'timed_out_until'
Ignoring exception in on_member_update
Traceback (most recent call last):
  File "/usr/local/lib/python3.12/site-packages/discord/client.py", line 465, in _run_event
    await coro(*args, **kwargs)
  File "/app/asu_discord/cogs/analytics.py", line 652, in on_member_update
    before_timeout = before.timed_out_until
                     ^^^^^^^^^^^^^^^^^^^^^^
AttributeError: 'Member' object has no attribute 'timed_out_until'
Ignoring exception in on_member_update
Traceback (most recent call last):
  File "/usr/local/lib/python3.12/site-packages/discord/client.py", line 465, in _run_event
    await coro(*args, **kwargs)
  File "/app/asu_discord/cogs/analytics.py", line 652, in on_member_update
    before_timeout = before.timed_out_until
                     ^^^^^^^^^^^^^^^^^^^^^^
AttributeError: 'Member' object has no attribute 'timed_out_until'
INFO:asu_discord.cogs.verification:Saved 5 roles to database for user sjbellow (Discord ID: 1494017248614940813)
INFO:asu_discord.cogs.verification:Refreshed Salesforce roles for Discord user 1494017248614940813: -5/+5 roles, assigned=[Arizona Resident, College of Liberal Arts and Sciences, First Generation Student, First Year, Tempe]
Ignoring exception in on_member_update
Traceback (most recent call last):
  File "/usr/local/lib/python3.12/site-packages/discord/client.py", line 465, in _run_event
    await coro(*args, **kwargs)
  File "/app/asu_discord/cogs/analytics.py", line 652, in on_member_update
    before_timeout = before.timed_out_until
                     ^^^^^^^^^^^^^^^^^^^^^^
AttributeError: 'Member' object has no attribute 'timed_out_until'
Ignoring exception in on_member_update
Traceback (most recent call last):
  File "/usr/local/lib/python3.12/site-packages/discord/client.py", line 465, in _run_event
    await coro(*args, **kwargs)
  File "/app/asu_discord/cogs/analytics.py", line 652, in on_member_update
    before_timeout = before.timed_out_until
                     ^^^^^^^^^^^^^^^^^^^^^^
AttributeError: 'Member' object has no attribute 'timed_out_until'
Ignoring exception in on_member_update
Traceback (most recent call last):
  File "/usr/local/lib/python3.12/site-packages/discord/client.py", line 465, in _run_event
    await coro(*args, **kwargs)
  File "/app/asu_discord/cogs/analytics.py", line 652, in on_member_update
    before_timeout = before.timed_out_until
                     ^^^^^^^^^^^^^^^^^^^^^^
AttributeError: 'Member' object has no attribute 'timed_out_until'
Ignoring exception in on_member_update
Traceback (most recent call last):
  File "/usr/local/lib/python3.12/site-packages/discord/client.py", line 465, in _run_event
    await coro(*args, **kwargs)
  File "/app/asu_discord/cogs/analytics.py", line 652, in on_member_update
    before_timeout = before.timed_out_until
                     ^^^^^^^^^^^^^^^^^^^^^^
AttributeError: 'Member' object has no attribute 'timed_out_until'
Ignoring exception in on_member_update
Traceback (most recent call last):
  File "/usr/local/lib/python3.12/site-packages/discord/client.py", line 465, in _run_event
    await coro(*args, **kwargs)
  File "/app/asu_discord/cogs/analytics.py", line 652, in on_member_update
    before_timeout = before.timed_out_until
                     ^^^^^^^^^^^^^^^^^^^^^^
AttributeError: 'Member' object has no attribute 'timed_out_until'
Ignoring exception in on_member_update
Traceback (most recent call last):
  File "/usr/local/lib/python3.12/site-packages/discord/client.py", line 465, in _run_event
    await coro(*args, **kwargs)
  File "/app/asu_discord/cogs/analytics.py", line 652, in on_member_update
    before_timeout = before.timed_out_until
                     ^^^^^^^^^^^^^^^^^^^^^^
AttributeError: 'Member' object has no attribute 'timed_out_until'
Ignoring exception in on_member_update
Traceback (most recent call last):
  File "/usr/local/lib/python3.12/site-packages/discord/client.py", line 465, in _run_event
    await coro(*args, **kwargs)
  File "/app/asu_discord/cogs/analytics.py", line 652, in on_member_update
    before_timeout = before.timed_out_until
                     ^^^^^^^^^^^^^^^^^^^^^^
AttributeError: 'Member' object has no attribute 'timed_out_until'
INFO:asu_discord.cogs.verification:Saved 4 roles to database for user ibamin (Discord ID: 1493966208393805936)
INFO:asu_discord.cogs.verification:Refreshed Salesforce roles for Discord user 1493966208393805936: -3/+4 roles, assigned=[Downtown Phoenix, Graduate Student, International Student, Thunderbird School of Global Management]
Ignoring exception in on_member_update
Traceback (most recent call last):
  File "/usr/local/lib/python3.12/site-packages/discord/client.py", line 465, in _run_event
    await coro(*args, **kwargs)
  File "/app/asu_discord/cogs/analytics.py", line 652, in on_member_update
    before_timeout = before.timed_out_until
                     ^^^^^^^^^^^^^^^^^^^^^^
AttributeError: 'Member' object has no attribute 'timed_out_until'
Ignoring exception in on_member_update
Traceback (most recent call last):
  File "/usr/local/lib/python3.12/site-packages/discord/client.py", line 465, in _run_event
    await coro(*args, **kwargs)
  File "/app/asu_discord/cogs/analytics.py", line 652, in on_member_update
    before_timeout = before.timed_out_until
                     ^^^^^^^^^^^^^^^^^^^^^^
AttributeError: 'Member' object has no attribute 'timed_out_until'
Ignoring exception in on_member_update
Traceback (most recent call last):
  File "/usr/local/lib/python3.12/site-packages/discord/client.py", line 465, in _run_event
    await coro(*args, **kwargs)
  File "/app/asu_discord/cogs/analytics.py", line 652, in on_member_update
    before_timeout = before.timed_out_until
                     ^^^^^^^^^^^^^^^^^^^^^^
AttributeError: 'Member' object has no attribute 'timed_out_until'
Ignoring exception in on_member_update
Traceback (most recent call last):
  File "/usr/local/lib/python3.12/site-packages/discord/client.py", line 465, in _run_event
    await coro(*args, **kwargs)
  File "/app/asu_discord/cogs/analytics.py", line 652, in on_member_update
    before_timeout = before.timed_out_until
                     ^^^^^^^^^^^^^^^^^^^^^^
AttributeError: 'Member' object has no attribute 'timed_out_until'
Ignoring exception in on_member_update
Traceback (most recent call last):
  File "/usr/local/lib/python3.12/site-packages/discord/client.py", line 465, in _run_event
    await coro(*args, **kwargs)
  File "/app/asu_discord/cogs/analytics.py", line 652, in on_member_update
    before_timeout = before.timed_out_until
                     ^^^^^^^^^^^^^^^^^^^^^^
AttributeError: 'Member' object has no attribute 'timed_out_until'
Ignoring exception in on_member_update
Traceback (most recent call last):
  File "/usr/local/lib/python3.12/site-packages/discord/client.py", line 465, in _run_event
    await coro(*args, **kwargs)
  File "/app/asu_discord/cogs/analytics.py", line 652, in on_member_update
    before_timeout = before.timed_out_until
                     ^^^^^^^^^^^^^^^^^^^^^^
AttributeError: 'Member' object has no attribute 'timed_out_until'
Ignoring exception in on_member_update
Traceback (most recent call last):
  File "/usr/local/lib/python3.12/site-packages/discord/client.py", line 465, in _run_event
    await coro(*args, **kwargs)
  File "/app/asu_discord/cogs/analytics.py", line 652, in on_member_update
    before_timeout = before.timed_out_until
                     ^^^^^^^^^^^^^^^^^^^^^^
AttributeError: 'Member' object has no attribute 'timed_out_until'
Ignoring exception in on_member_update
Traceback (most recent call last):
  File "/usr/local/lib/python3.12/site-packages/discord/client.py", line 465, in _run_event
    await coro(*args, **kwargs)
  File "/app/asu_discord/cogs/analytics.py", line 652, in on_member_update
    before_timeout = before.timed_out_until
                     ^^^^^^^^^^^^^^^^^^^^^^
AttributeError: 'Member' object has no attribute 'timed_out_until'
Ignoring exception in on_member_update
Traceback (most recent call last):
  File "/usr/local/lib/python3.12/site-packages/discord/client.py", line 465, in _run_event
    await coro(*args, **kwargs)
  File "/app/asu_discord/cogs/analytics.py", line 652, in on_member_update
    before_timeout = before.timed_out_until
                     ^^^^^^^^^^^^^^^^^^^^^^
AttributeError: 'Member' object has no attribute 'timed_out_until'
Ignoring exception in on_member_update
Traceback (most recent call last):
  File "/usr/local/lib/python3.12/site-packages/discord/client.py", line 465, in _run_event
    await coro(*args, **kwargs)
  File "/app/asu_discord/cogs/analytics.py", line 652, in on_member_update
    before_timeout = before.timed_out_until
                     ^^^^^^^^^^^^^^^^^^^^^^
AttributeError: 'Member' object has no attribute 'timed_out_until'
Ignoring exception in on_member_update
Traceback (most recent call last):
  File "/usr/local/lib/python3.12/site-packages/discord/client.py", line 465, in _run_event
    await coro(*args, **kwargs)
  File "/app/asu_discord/cogs/analytics.py", line 652, in on_member_update
    before_timeout = before.timed_out_until
                     ^^^^^^^^^^^^^^^^^^^^^^
AttributeError: 'Member' object has no attribute 'timed_out_until'
Ignoring exception in on_member_update
Traceback (most recent call last):
  File "/usr/local/lib/python3.12/site-packages/discord/client.py", line 465, in _run_event
    await coro(*args, **kwargs)
  File "/app/asu_discord/cogs/analytics.py", line 652, in on_member_update
    before_timeout = before.timed_out_until
                     ^^^^^^^^^^^^^^^^^^^^^^
AttributeError: 'Member' object has no attribute 'timed_out_until'
INFO:asu_discord.cogs.verification:Saved 6 roles to database for user ischwar3 (Discord ID: 1063487340376506488)
INFO:asu_discord.cogs.verification:Refreshed Salesforce roles for Discord user 1063487340376506488: -6/+6 roles, assigned=[Commited, First Year, Ira A. Fulton Schools of Engineering, Out of State, Polytechnic, Upperclassmen]
Ignoring exception in on_member_update
Traceback (most recent call last):
  File "/usr/local/lib/python3.12/site-packages/discord/client.py", line 465, in _run_event
    await coro(*args, **kwargs)
  File "/app/asu_discord/cogs/analytics.py", line 652, in on_member_update
    before_timeout = before.timed_out_until
                     ^^^^^^^^^^^^^^^^^^^^^^
AttributeError: 'Member' object has no attribute 'timed_out_until'
Ignoring exception in on_member_update
Traceback (most recent call last):
  File "/usr/local/lib/python3.12/site-packages/discord/client.py", line 465, in _run_event
    await coro(*args, **kwargs)
  File "/app/asu_discord/cogs/analytics.py", line 652, in on_member_update
    before_timeout = before.timed_out_until
                     ^^^^^^^^^^^^^^^^^^^^^^
AttributeError: 'Member' object has no attribute 'timed_out_until'
Ignoring exception in on_member_update
Traceback (most recent call last):
  File "/usr/local/lib/python3.12/site-packages/discord/client.py", line 465, in _run_event
    await coro(*args, **kwargs)
  File "/app/asu_discord/cogs/analytics.py", line 652, in on_member_update
    before_timeout = before.timed_out_until
                     ^^^^^^^^^^^^^^^^^^^^^^
AttributeError: 'Member' object has no attribute 'timed_out_until'
Ignoring exception in on_member_update
Traceback (most recent call last):
  File "/usr/local/lib/python3.12/site-packages/discord/client.py", line 465, in _run_event
    await coro(*args, **kwargs)
  File "/app/asu_discord/cogs/analytics.py", line 652, in on_member_update
    before_timeout = before.timed_out_until
                     ^^^^^^^^^^^^^^^^^^^^^^
AttributeError: 'Member' object has no attribute 'timed_out_until'
Ignoring exception in on_member_update
Traceback (most recent call last):
  File "/usr/local/lib/python3.12/site-packages/discord/client.py", line 465, in _run_event
    await coro(*args, **kwargs)
  File "/app/asu_discord/cogs/analytics.py", line 652, in on_member_update
    before_timeout = before.timed_out_until
                     ^^^^^^^^^^^^^^^^^^^^^^
AttributeError: 'Member' object has no attribute 'timed_out_until'
Ignoring exception in on_member_update
Traceback (most recent call last):
  File "/usr/local/lib/python3.12/site-packages/discord/client.py", line 465, in _run_event
    await coro(*args, **kwargs)
  File "/app/asu_discord/cogs/analytics.py", line 652, in on_member_update
    before_timeout = before.timed_out_until
                     ^^^^^^^^^^^^^^^^^^^^^^
AttributeError: 'Member' object has no attribute 'timed_out_until'
Ignoring exception in on_member_update
Traceback (most recent call last):
  File "/usr/local/lib/python3.12/site-packages/discord/client.py", line 465, in _run_event
    await coro(*args, **kwargs)
  File "/app/asu_discord/cogs/analytics.py", line 652, in on_member_update
    before_timeout = before.timed_out_until
                     ^^^^^^^^^^^^^^^^^^^^^^
AttributeError: 'Member' object has no attribute 'timed_out_until'
Ignoring exception in on_member_update
Traceback (most recent call last):
  File "/usr/local/lib/python3.12/site-packages/discord/client.py", line 465, in _run_event
    await coro(*args, **kwargs)
  File "/app/asu_discord/cogs/analytics.py", line 652, in on_member_update
    before_timeout = before.timed_out_until
                     ^^^^^^^^^^^^^^^^^^^^^^
AttributeError: 'Member' object has no attribute 'timed_out_until'
INFO:asu_discord.cogs.verification:Saved 4 roles to database for user jpaomey (Discord ID: 852362954795909161)
INFO:asu_discord.cogs.verification:Refreshed Salesforce roles for Discord user 852362954795909161: -4/+4 roles, assigned=[Arizona Resident, Graduate Student, Ira A. Fulton Schools of Engineering, Tempe]
Ignoring exception in on_member_update
Traceback (most recent call last):
  File "/usr/local/lib/python3.12/site-packages/discord/client.py", line 465, in _run_event
    await coro(*args, **kwargs)
  File "/app/asu_discord/cogs/analytics.py", line 652, in on_member_update
    before_timeout = before.timed_out_until
                     ^^^^^^^^^^^^^^^^^^^^^^
AttributeError: 'Member' object has no attribute 'timed_out_until'
Ignoring exception in on_member_update
Traceback (most recent call last):
  File "/usr/local/lib/python3.12/site-packages/discord/client.py", line 465, in _run_event
    await coro(*args, **kwargs)
  File "/app/asu_discord/cogs/analytics.py", line 652, in on_member_update
    before_timeout = before.timed_out_until
                     ^^^^^^^^^^^^^^^^^^^^^^
AttributeError: 'Member' object has no attribute 'timed_out_until'
Ignoring exception in on_member_update
Traceback (most recent call last):
  File "/usr/local/lib/python3.12/site-packages/discord/client.py", line 465, in _run_event
    await coro(*args, **kwargs)
  File "/app/asu_discord/cogs/analytics.py", line 652, in on_member_update
    before_timeout = before.timed_out_until
                     ^^^^^^^^^^^^^^^^^^^^^^
AttributeError: 'Member' object has no attribute 'timed_out_until'
Ignoring exception in on_member_update
Traceback (most recent call last):
  File "/usr/local/lib/python3.12/site-packages/discord/client.py", line 465, in _run_event
    await coro(*args, **kwargs)
  File "/app/asu_discord/cogs/analytics.py", line 652, in on_member_update
    before_timeout = before.timed_out_until
                     ^^^^^^^^^^^^^^^^^^^^^^
AttributeError: 'Member' object has no attribute 'timed_out_until'
Ignoring exception in on_member_update
Traceback (most recent call last):
  File "/usr/local/lib/python3.12/site-packages/discord/client.py", line 465, in _run_event
    await coro(*args, **kwargs)
  File "/app/asu_discord/cogs/analytics.py", line 652, in on_member_update
    before_timeout = before.timed_out_until
                     ^^^^^^^^^^^^^^^^^^^^^^
AttributeError: 'Member' object has no attribute 'timed_out_until'
Ignoring exception in on_member_update
Traceback (most recent call last):
  File "/usr/local/lib/python3.12/site-packages/discord/client.py", line 465, in _run_event
    await coro(*args, **kwargs)
  File "/app/asu_discord/cogs/analytics.py", line 652, in on_member_update
    before_timeout = before.timed_out_until
                     ^^^^^^^^^^^^^^^^^^^^^^
AttributeError: 'Member' object has no attribute 'timed_out_until'
Ignoring exception in on_member_update
Traceback (most recent call last):
  File "/usr/local/lib/python3.12/site-packages/discord/client.py", line 465, in _run_event
    await coro(*args, **kwargs)
  File "/app/asu_discord/cogs/analytics.py", line 652, in on_member_update
    before_timeout = before.timed_out_until
                     ^^^^^^^^^^^^^^^^^^^^^^
AttributeError: 'Member' object has no attribute 'timed_out_until'
Ignoring exception in on_member_update
Traceback (most recent call last):
  File "/usr/local/lib/python3.12/site-packages/discord/client.py", line 465, in _run_event
    await coro(*args, **kwargs)
  File "/app/asu_discord/cogs/analytics.py", line 652, in on_member_update
    before_timeout = before.timed_out_until
                     ^^^^^^^^^^^^^^^^^^^^^^
AttributeError: 'Member' object has no attribute 'timed_out_until'
Ignoring exception in on_member_update
Traceback (most recent call last):
  File "/usr/local/lib/python3.12/site-packages/discord/client.py", line 465, in _run_event
    await coro(*args, **kwargs)
  File "/app/asu_discord/cogs/analytics.py", line 652, in on_member_update
    before_timeout = before.timed_out_until
                     ^^^^^^^^^^^^^^^^^^^^^^
AttributeError: 'Member' object has no attribute 'timed_out_until'
INFO:asu_discord.cogs.verification:Saved 5 roles to database for user zzhao241 (Discord ID: 1390220369725751383)
INFO:asu_discord.cogs.verification:Refreshed Salesforce roles for Discord user 1390220369725751383: -5/+4 roles, assigned=[Commited, First Year, International Student, Ira A. Fulton Schools of Engineering, Tempe]
Ignoring exception in on_member_update
Traceback (most recent call last):
  File "/usr/local/lib/python3.12/site-packages/discord/client.py", line 465, in _run_event
    await coro(*args, **kwargs)
  File "/app/asu_discord/cogs/analytics.py", line 652, in on_member_update
    before_timeout = before.timed_out_until
                     ^^^^^^^^^^^^^^^^^^^^^^
AttributeError: 'Member' object has no attribute 'timed_out_until'
Ignoring exception in on_member_update
Traceback (most recent call last):
  File "/usr/local/lib/python3.12/site-packages/discord/client.py", line 465, in _run_event
    await coro(*args, **kwargs)
  File "/app/asu_discord/cogs/analytics.py", line 652, in on_member_update
    before_timeout = before.timed_out_until
                     ^^^^^^^^^^^^^^^^^^^^^^
AttributeError: 'Member' object has no attribute 'timed_out_until'
Ignoring exception in on_member_update
Traceback (most recent call last):
  File "/usr/local/lib/python3.12/site-packages/discord/client.py", line 465, in _run_event
    await coro(*args, **kwargs)
  File "/app/asu_discord/cogs/analytics.py", line 652, in on_member_update
    before_timeout = before.timed_out_until
                     ^^^^^^^^^^^^^^^^^^^^^^
AttributeError: 'Member' object has no attribute 'timed_out_until'
Ignoring exception in on_member_update
Traceback (most recent call last):
  File "/usr/local/lib/python3.12/site-packages/discord/client.py", line 465, in _run_event
    await coro(*args, **kwargs)
  File "/app/asu_discord/cogs/analytics.py", line 652, in on_member_update
    before_timeout = before.timed_out_until
                     ^^^^^^^^^^^^^^^^^^^^^^
AttributeError: 'Member' object has no attribute 'timed_out_until'
Ignoring exception in on_member_update
Traceback (most recent call last):
  File "/usr/local/lib/python3.12/site-packages/discord/client.py", line 465, in _run_event
    await coro(*args, **kwargs)
  File "/app/asu_discord/cogs/analytics.py", line 652, in on_member_update
    before_timeout = before.timed_out_until
                     ^^^^^^^^^^^^^^^^^^^^^^
AttributeError: 'Member' object has no attribute 'timed_out_until'
Ignoring exception in on_member_update
Traceback (most recent call last):
  File "/usr/local/lib/python3.12/site-packages/discord/client.py", line 465, in _run_event
    await coro(*args, **kwargs)
  File "/app/asu_discord/cogs/analytics.py", line 652, in on_member_update
    before_timeout = before.timed_out_until
                     ^^^^^^^^^^^^^^^^^^^^^^
AttributeError: 'Member' object has no attribute 'timed_out_until'
Ignoring exception in on_member_update
Traceback (most recent call last):
  File "/usr/local/lib/python3.12/site-packages/discord/client.py", line 465, in _run_event
    await coro(*args, **kwargs)
  File "/app/asu_discord/cogs/analytics.py", line 652, in on_member_update
    before_timeout = before.timed_out_until
                     ^^^^^^^^^^^^^^^^^^^^^^
AttributeError: 'Member' object has no attribute 'timed_out_until'
Ignoring exception in on_member_update
Traceback (most recent call last):
  File "/usr/local/lib/python3.12/site-packages/discord/client.py", line 465, in _run_event
    await coro(*args, **kwargs)
  File "/app/asu_discord/cogs/analytics.py", line 652, in on_member_update
    before_timeout = before.timed_out_until
                     ^^^^^^^^^^^^^^^^^^^^^^
AttributeError: 'Member' object has no attribute 'timed_out_until'
INFO:asu_discord.cogs.verification:Saved 4 roles to database for user jruebush (Discord ID: 1353148623038316619)
INFO:asu_discord.cogs.verification:Refreshed Salesforce roles for Discord user 1353148623038316619: -4/+4 roles, assigned=[College of Liberal Arts and Sciences, Graduate Student, Out of State, Tempe]
Ignoring exception in on_member_update
Traceback (most recent call last):
  File "/usr/local/lib/python3.12/site-packages/discord/client.py", line 465, in _run_event
    await coro(*args, **kwargs)
  File "/app/asu_discord/cogs/analytics.py", line 652, in on_member_update
    before_timeout = before.timed_out_until
                     ^^^^^^^^^^^^^^^^^^^^^^
AttributeError: 'Member' object has no attribute 'timed_out_until'
Ignoring exception in on_member_update
Traceback (most recent call last):
  File "/usr/local/lib/python3.12/site-packages/discord/client.py", line 465, in _run_event
    await coro(*args, **kwargs)
  File "/app/asu_discord/cogs/analytics.py", line 652, in on_member_update
    before_timeout = before.timed_out_until
                     ^^^^^^^^^^^^^^^^^^^^^^
AttributeError: 'Member' object has no attribute 'timed_out_until'
Ignoring exception in on_member_update
Traceback (most recent call last):
  File "/usr/local/lib/python3.12/site-packages/discord/client.py", line 465, in _run_event
    await coro(*args, **kwargs)
  File "/app/asu_discord/cogs/analytics.py", line 652, in on_member_update
    before_timeout = before.timed_out_until
                     ^^^^^^^^^^^^^^^^^^^^^^
AttributeError: 'Member' object has no attribute 'timed_out_until'
Ignoring exception in on_member_update
Traceback (most recent call last):
  File "/usr/local/lib/python3.12/site-packages/discord/client.py", line 465, in _run_event
    await coro(*args, **kwargs)
  File "/app/asu_discord/cogs/analytics.py", line 652, in on_member_update
    before_timeout = before.timed_out_until
                     ^^^^^^^^^^^^^^^^^^^^^^
AttributeError: 'Member' object has no attribute 'timed_out_until'
Ignoring exception in on_member_update
Traceback (most recent call last):
  File "/usr/local/lib/python3.12/site-packages/discord/client.py", line 465, in _run_event
    await coro(*args, **kwargs)
  File "/app/asu_discord/cogs/analytics.py", line 652, in on_member_update
    before_timeout = before.timed_out_until
                     ^^^^^^^^^^^^^^^^^^^^^^
AttributeError: 'Member' object has no attribute 'timed_out_until'
Ignoring exception in on_member_update
Traceback (most recent call last):
  File "/usr/local/lib/python3.12/site-packages/discord/client.py", line 465, in _run_event
    await coro(*args, **kwargs)
  File "/app/asu_discord/cogs/analytics.py", line 652, in on_member_update
    before_timeout = before.timed_out_until
                     ^^^^^^^^^^^^^^^^^^^^^^
AttributeError: 'Member' object has no attribute 'timed_out_until'
Ignoring exception in on_member_update
Traceback (most recent call last):
  File "/usr/local/lib/python3.12/site-packages/discord/client.py", line 465, in _run_event
    await coro(*args, **kwargs)
  File "/app/asu_discord/cogs/analytics.py", line 652, in on_member_update
    before_timeout = before.timed_out_until
                     ^^^^^^^^^^^^^^^^^^^^^^
AttributeError: 'Member' object has no attribute 'timed_out_until'
Ignoring exception in on_member_update
Traceback (most recent call last):
  File "/usr/local/lib/python3.12/site-packages/discord/client.py", line 465, in _run_event
    await coro(*args, **kwargs)
  File "/app/asu_discord/cogs/analytics.py", line 652, in on_member_update
    before_timeout = before.timed_out_until
                     ^^^^^^^^^^^^^^^^^^^^^^
AttributeError: 'Member' object has no attribute 'timed_out_until'
INFO:asu_discord.cogs.verification:Saved 4 roles to database for user mczeped2 (Discord ID: 695545272461295696)
INFO:asu_discord.cogs.verification:Refreshed Salesforce roles for Discord user 695545272461295696: -4/+4 roles, assigned=[Graduate Student, Herberger Institute for Design and the Arts, Out of State, Tempe]
Ignoring exception in on_member_update
Traceback (most recent call last):
  File "/usr/local/lib/python3.12/site-packages/discord/client.py", line 465, in _run_event
    await coro(*args, **kwargs)
  File "/app/asu_discord/cogs/analytics.py", line 652, in on_member_update
    before_timeout = before.timed_out_until
                     ^^^^^^^^^^^^^^^^^^^^^^
AttributeError: 'Member' object has no attribute 'timed_out_until'
Ignoring exception in on_member_update
Traceback (most recent call last):
  File "/usr/local/lib/python3.12/site-packages/discord/client.py", line 465, in _run_event
    await coro(*args, **kwargs)
  File "/app/asu_discord/cogs/analytics.py", line 652, in on_member_update
    before_timeout = before.timed_out_until
                     ^^^^^^^^^^^^^^^^^^^^^^
AttributeError: 'Member' object has no attribute 'timed_out_until'
Ignoring exception in on_member_update
Traceback (most recent call last):
  File "/usr/local/lib/python3.12/site-packages/discord/client.py", line 465, in _run_event
    await coro(*args, **kwargs)
  File "/app/asu_discord/cogs/analytics.py", line 652, in on_member_update
    before_timeout = before.timed_out_until
                     ^^^^^^^^^^^^^^^^^^^^^^
AttributeError: 'Member' object has no attribute 'timed_out_until'
Ignoring exception in on_member_update
Traceback (most recent call last):
  File "/usr/local/lib/python3.12/site-packages/discord/client.py", line 465, in _run_event
    await coro(*args, **kwargs)
  File "/app/asu_discord/cogs/analytics.py", line 652, in on_member_update
    before_timeout = before.timed_out_until
                     ^^^^^^^^^^^^^^^^^^^^^^
AttributeError: 'Member' object has no attribute 'timed_out_until'
Ignoring exception in on_member_update
Traceback (most recent call last):
  File "/usr/local/lib/python3.12/site-packages/discord/client.py", line 465, in _run_event
    await coro(*args, **kwargs)
  File "/app/asu_discord/cogs/analytics.py", line 652, in on_member_update
    before_timeout = before.timed_out_until
                     ^^^^^^^^^^^^^^^^^^^^^^
AttributeError: 'Member' object has no attribute 'timed_out_until'
Ignoring exception in on_member_update
Traceback (most recent call last):
  File "/usr/local/lib/python3.12/site-packages/discord/client.py", line 465, in _run_event
    await coro(*args, **kwargs)
  File "/app/asu_discord/cogs/analytics.py", line 652, in on_member_update
    before_timeout = before.timed_out_until
                     ^^^^^^^^^^^^^^^^^^^^^^
AttributeError: 'Member' object has no attribute 'timed_out_until'
Ignoring exception in on_member_update
Traceback (most recent call last):
  File "/usr/local/lib/python3.12/site-packages/discord/client.py", line 465, in _run_event
    await coro(*args, **kwargs)
  File "/app/asu_discord/cogs/analytics.py", line 652, in on_member_update
    before_timeout = before.timed_out_until
                     ^^^^^^^^^^^^^^^^^^^^^^
AttributeError: 'Member' object has no attribute 'timed_out_until'
Ignoring exception in on_member_update
Traceback (most recent call last):
  File "/usr/local/lib/python3.12/site-packages/discord/client.py", line 465, in _run_event
    await coro(*args, **kwargs)
  File "/app/asu_discord/cogs/analytics.py", line 652, in on_member_update
    before_timeout = before.timed_out_until
                     ^^^^^^^^^^^^^^^^^^^^^^
AttributeError: 'Member' object has no attribute 'timed_out_until'
Ignoring exception in on_member_update
Traceback (most recent call last):
  File "/usr/local/lib/python3.12/site-packages/discord/client.py", line 465, in _run_event
    await coro(*args, **kwargs)
  File "/app/asu_discord/cogs/analytics.py", line 652, in on_member_update
    before_timeout = before.timed_out_until
                     ^^^^^^^^^^^^^^^^^^^^^^
AttributeError: 'Member' object has no attribute 'timed_out_until'
Ignoring exception in on_member_update
Traceback (most recent call last):
  File "/usr/local/lib/python3.12/site-packages/discord/client.py", line 465, in _run_event
    await coro(*args, **kwargs)
  File "/app/asu_discord/cogs/analytics.py", line 652, in on_member_update
    before_timeout = before.timed_out_until
                     ^^^^^^^^^^^^^^^^^^^^^^
AttributeError: 'Member' object has no attribute 'timed_out_until'
INFO:asu_discord.cogs.verification:Saved 5 roles to database for user ldzolan (Discord ID: 798550221092290630)
INFO:asu_discord.cogs.verification:Refreshed Salesforce roles for Discord user 798550221092290630: -5/+5 roles, assigned=[Commited, First Year, Out of State, Tempe, W.P. Carey School of Business]
ERROR:cron.jobs:refresh_salesforce_roles: failed for rhemen (Discord ID 282928708107370498): Failed to refresh Salesforce-based roles: Discord user 282928708107370498 is not a member of the guild
Ignoring exception in on_member_update
Traceback (most recent call last):
  File "/usr/local/lib/python3.12/site-packages/discord/client.py", line 465, in _run_event
    await coro(*args, **kwargs)
  File "/app/asu_discord/cogs/analytics.py", line 652, in on_member_update
    before_timeout = before.timed_out_until
                     ^^^^^^^^^^^^^^^^^^^^^^
AttributeError: 'Member' object has no attribute 'timed_out_until'
Ignoring exception in on_member_update
Traceback (most recent call last):
  File "/usr/local/lib/python3.12/site-packages/discord/client.py", line 465, in _run_event
    await coro(*args, **kwargs)
  File "/app/asu_discord/cogs/analytics.py", line 652, in on_member_update
    before_timeout = before.timed_out_until
                     ^^^^^^^^^^^^^^^^^^^^^^
AttributeError: 'Member' object has no attribute 'timed_out_until'
Ignoring exception in on_member_update
Traceback (most recent call last):
  File "/usr/local/lib/python3.12/site-packages/discord/client.py", line 465, in _run_event
    await coro(*args, **kwargs)
  File "/app/asu_discord/cogs/analytics.py", line 652, in on_member_update
    before_timeout = before.timed_out_until
                     ^^^^^^^^^^^^^^^^^^^^^^
AttributeError: 'Member' object has no attribute 'timed_out_until'
Ignoring exception in on_member_update
Traceback (most recent call last):
  File "/usr/local/lib/python3.12/site-packages/discord/client.py", line 465, in _run_event
    await coro(*args, **kwargs)
  File "/app/asu_discord/cogs/analytics.py", line 652, in on_member_update
    before_timeout = before.timed_out_until
                     ^^^^^^^^^^^^^^^^^^^^^^
AttributeError: 'Member' object has no attribute 'timed_out_until'
Ignoring exception in on_member_update
Traceback (most recent call last):
  File "/usr/local/lib/python3.12/site-packages/discord/client.py", line 465, in _run_event
    await coro(*args, **kwargs)
  File "/app/asu_discord/cogs/analytics.py", line 652, in on_member_update
    before_timeout = before.timed_out_until
                     ^^^^^^^^^^^^^^^^^^^^^^
AttributeError: 'Member' object has no attribute 'timed_out_until'
Ignoring exception in on_member_update
Traceback (most recent call last):
  File "/usr/local/lib/python3.12/site-packages/discord/client.py", line 465, in _run_event
    await coro(*args, **kwargs)
  File "/app/asu_discord/cogs/analytics.py", line 652, in on_member_update
    before_timeout = before.timed_out_until
                     ^^^^^^^^^^^^^^^^^^^^^^
AttributeError: 'Member' object has no attribute 'timed_out_until'
Ignoring exception in on_member_update
Traceback (most recent call last):
  File "/usr/local/lib/python3.12/site-packages/discord/client.py", line 465, in _run_event
    await coro(*args, **kwargs)
  File "/app/asu_discord/cogs/analytics.py", line 652, in on_member_update
    before_timeout = before.timed_out_until
                     ^^^^^^^^^^^^^^^^^^^^^^
AttributeError: 'Member' object has no attribute 'timed_out_until'
Ignoring exception in on_member_update
Traceback (most recent call last):
  File "/usr/local/lib/python3.12/site-packages/discord/client.py", line 465, in _run_event
    await coro(*args, **kwargs)
  File "/app/asu_discord/cogs/analytics.py", line 652, in on_member_update
    before_timeout = before.timed_out_until
                     ^^^^^^^^^^^^^^^^^^^^^^
AttributeError: 'Member' object has no attribute 'timed_out_until'
INFO:asu_discord.cogs.verification:Saved 4 roles to database for user ajcarr15 (Discord ID: 620093157471682587)
INFO:asu_discord.cogs.verification:Refreshed Salesforce roles for Discord user 620093157471682587: -4/+4 roles, assigned=[Arizona Resident, First Year, Ira A. Fulton Schools of Engineering, Tempe]
Ignoring exception in on_member_update
Traceback (most recent call last):
  File "/usr/local/lib/python3.12/site-packages/discord/client.py", line 465, in _run_event
    await coro(*args, **kwargs)
  File "/app/asu_discord/cogs/analytics.py", line 652, in on_member_update
    before_timeout = before.timed_out_until
                     ^^^^^^^^^^^^^^^^^^^^^^
AttributeError: 'Member' object has no attribute 'timed_out_until'
Ignoring exception in on_member_update
Traceback (most recent call last):
  File "/usr/local/lib/python3.12/site-packages/discord/client.py", line 465, in _run_event
    await coro(*args, **kwargs)
  File "/app/asu_discord/cogs/analytics.py", line 652, in on_member_update
    before_timeout = before.timed_out_until
                     ^^^^^^^^^^^^^^^^^^^^^^
AttributeError: 'Member' object has no attribute 'timed_out_until'
Ignoring exception in on_member_update
Traceback (most recent call last):
  File "/usr/local/lib/python3.12/site-packages/discord/client.py", line 465, in _run_event
    await coro(*args, **kwargs)
  File "/app/asu_discord/cogs/analytics.py", line 652, in on_member_update
    before_timeout = before.timed_out_until
                     ^^^^^^^^^^^^^^^^^^^^^^
AttributeError: 'Member' object has no attribute 'timed_out_until'
Ignoring exception in on_member_update
Traceback (most recent call last):
  File "/usr/local/lib/python3.12/site-packages/discord/client.py", line 465, in _run_event
    await coro(*args, **kwargs)
  File "/app/asu_discord/cogs/analytics.py", line 652, in on_member_update
    before_timeout = before.timed_out_until
                     ^^^^^^^^^^^^^^^^^^^^^^
AttributeError: 'Member' object has no attribute 'timed_out_until'
Ignoring exception in on_member_update
Traceback (most recent call last):
  File "/usr/local/lib/python3.12/site-packages/discord/client.py", line 465, in _run_event
    await coro(*args, **kwargs)
  File "/app/asu_discord/cogs/analytics.py", line 652, in on_member_update
    before_timeout = before.timed_out_until
                     ^^^^^^^^^^^^^^^^^^^^^^
AttributeError: 'Member' object has no attribute 'timed_out_until'
Ignoring exception in on_member_update
Traceback (most recent call last):
  File "/usr/local/lib/python3.12/site-packages/discord/client.py", line 465, in _run_event
    await coro(*args, **kwargs)
  File "/app/asu_discord/cogs/analytics.py", line 652, in on_member_update
    before_timeout = before.timed_out_until
                     ^^^^^^^^^^^^^^^^^^^^^^
AttributeError: 'Member' object has no attribute 'timed_out_until'
Ignoring exception in on_member_update
Traceback (most recent call last):
  File "/usr/local/lib/python3.12/site-packages/discord/client.py", line 465, in _run_event
    await coro(*args, **kwargs)
  File "/app/asu_discord/cogs/analytics.py", line 652, in on_member_update
    before_timeout = before.timed_out_until
                     ^^^^^^^^^^^^^^^^^^^^^^
AttributeError: 'Member' object has no attribute 'timed_out_until'
Ignoring exception in on_member_update
Traceback (most recent call last):
  File "/usr/local/lib/python3.12/site-packages/discord/client.py", line 465, in _run_event
    await coro(*args, **kwargs)
  File "/app/asu_discord/cogs/analytics.py", line 652, in on_member_update
    before_timeout = before.timed_out_until
                     ^^^^^^^^^^^^^^^^^^^^^^
AttributeError: 'Member' object has no attribute 'timed_out_until'
Ignoring exception in on_member_update
Traceback (most recent call last):
  File "/usr/local/lib/python3.12/site-packages/discord/client.py", line 465, in _run_event
    await coro(*args, **kwargs)
  File "/app/asu_discord/cogs/analytics.py", line 652, in on_member_update
    before_timeout = before.timed_out_until
                     ^^^^^^^^^^^^^^^^^^^^^^
AttributeError: 'Member' object has no attribute 'timed_out_until'
INFO:asu_discord.cogs.verification:Saved 5 roles to database for user apastorm (Discord ID: 1491104760726819056)
INFO:asu_discord.cogs.verification:Refreshed Salesforce roles for Discord user 1491104760726819056: -4/+5 roles, assigned=[Commited, First Year, International Student, Ira A. Fulton Schools of Engineering, Tempe]
Ignoring exception in on_member_update
Traceback (most recent call last):
  File "/usr/local/lib/python3.12/site-packages/discord/client.py", line 465, in _run_event
    await coro(*args, **kwargs)
  File "/app/asu_discord/cogs/analytics.py", line 652, in on_member_update
    before_timeout = before.timed_out_until
                     ^^^^^^^^^^^^^^^^^^^^^^
AttributeError: 'Member' object has no attribute 'timed_out_until'
Ignoring exception in on_member_update
Traceback (most recent call last):
  File "/usr/local/lib/python3.12/site-packages/discord/client.py", line 465, in _run_event
    await coro(*args, **kwargs)
  File "/app/asu_discord/cogs/analytics.py", line 652, in on_member_update
    before_timeout = before.timed_out_until
                     ^^^^^^^^^^^^^^^^^^^^^^
AttributeError: 'Member' object has no attribute 'timed_out_until'
Ignoring exception in on_member_update
Traceback (most recent call last):
  File "/usr/local/lib/python3.12/site-packages/discord/client.py", line 465, in _run_event
    await coro(*args, **kwargs)
  File "/app/asu_discord/cogs/analytics.py", line 652, in on_member_update
    before_timeout = before.timed_out_until
                     ^^^^^^^^^^^^^^^^^^^^^^
AttributeError: 'Member' object has no attribute 'timed_out_until'
Ignoring exception in on_member_update
Traceback (most recent call last):
  File "/usr/local/lib/python3.12/site-packages/discord/client.py", line 465, in _run_event
    await coro(*args, **kwargs)
  File "/app/asu_discord/cogs/analytics.py", line 652, in on_member_update
    before_timeout = before.timed_out_until
                     ^^^^^^^^^^^^^^^^^^^^^^
AttributeError: 'Member' object has no attribute 'timed_out_until'
Ignoring exception in on_member_update
Traceback (most recent call last):
  File "/usr/local/lib/python3.12/site-packages/discord/client.py", line 465, in _run_event
    await coro(*args, **kwargs)
  File "/app/asu_discord/cogs/analytics.py", line 652, in on_member_update
    before_timeout = before.timed_out_until
                     ^^^^^^^^^^^^^^^^^^^^^^
AttributeError: 'Member' object has no attribute 'timed_out_until'
Ignoring exception in on_member_update
Traceback (most recent call last):
  File "/usr/local/lib/python3.12/site-packages/discord/client.py", line 465, in _run_event
    await coro(*args, **kwargs)
  File "/app/asu_discord/cogs/analytics.py", line 652, in on_member_update
    before_timeout = before.timed_out_until
                     ^^^^^^^^^^^^^^^^^^^^^^
AttributeError: 'Member' object has no attribute 'timed_out_until'
Ignoring exception in on_member_update
Traceback (most recent call last):
  File "/usr/local/lib/python3.12/site-packages/discord/client.py", line 465, in _run_event
    await coro(*args, **kwargs)
  File "/app/asu_discord/cogs/analytics.py", line 652, in on_member_update
    before_timeout = before.timed_out_until
                     ^^^^^^^^^^^^^^^^^^^^^^
AttributeError: 'Member' object has no attribute 'timed_out_until'
Ignoring exception in on_member_update
Traceback (most recent call last):
  File "/usr/local/lib/python3.12/site-packages/discord/client.py", line 465, in _run_event
    await coro(*args, **kwargs)
  File "/app/asu_discord/cogs/analytics.py", line 652, in on_member_update
    before_timeout = before.timed_out_until
                     ^^^^^^^^^^^^^^^^^^^^^^
AttributeError: 'Member' object has no attribute 'timed_out_until'
Ignoring exception in on_member_update
Traceback (most recent call last):
  File "/usr/local/lib/python3.12/site-packages/discord/client.py", line 465, in _run_event
    await coro(*args, **kwargs)
  File "/app/asu_discord/cogs/analytics.py", line 652, in on_member_update
    before_timeout = before.timed_out_until
                     ^^^^^^^^^^^^^^^^^^^^^^
AttributeError: 'Member' object has no attribute 'timed_out_until'
Ignoring exception in on_member_update
Traceback (most recent call last):
  File "/usr/local/lib/python3.12/site-packages/discord/client.py", line 465, in _run_event
    await coro(*args, **kwargs)
  File "/app/asu_discord/cogs/analytics.py", line 652, in on_member_update
    before_timeout = before.timed_out_until
                     ^^^^^^^^^^^^^^^^^^^^^^
AttributeError: 'Member' object has no attribute 'timed_out_until'
Ignoring exception in on_member_update
Traceback (most recent call last):
  File "/usr/local/lib/python3.12/site-packages/discord/client.py", line 465, in _run_event
    await coro(*args, **kwargs)
  File "/app/asu_discord/cogs/analytics.py", line 652, in on_member_update
    before_timeout = before.timed_out_until
                     ^^^^^^^^^^^^^^^^^^^^^^
AttributeError: 'Member' object has no attribute 'timed_out_until'
Ignoring exception in on_member_update
Traceback (most recent call last):
  File "/usr/local/lib/python3.12/site-packages/discord/client.py", line 465, in _run_event
    await coro(*args, **kwargs)
  File "/app/asu_discord/cogs/analytics.py", line 652, in on_member_update
    before_timeout = before.timed_out_until
                     ^^^^^^^^^^^^^^^^^^^^^^
AttributeError: 'Member' object has no attribute 'timed_out_until'
INFO:asu_discord.cogs.verification:Saved 6 roles to database for user msimmo46 (Discord ID: 758076369514004620)
INFO:asu_discord.cogs.verification:Refreshed Salesforce roles for Discord user 758076369514004620: -6/+6 roles, assigned=[Commited, First Year, Out of State, Tempe, Upperclassmen, W.P. Carey School of Business]
Ignoring exception in on_member_update
Traceback (most recent call last):
  File "/usr/local/lib/python3.12/site-packages/discord/client.py", line 465, in _run_event
    await coro(*args, **kwargs)
  File "/app/asu_discord/cogs/analytics.py", line 652, in on_member_update
    before_timeout = before.timed_out_until
                     ^^^^^^^^^^^^^^^^^^^^^^
AttributeError: 'Member' object has no attribute 'timed_out_until'
Ignoring exception in on_member_update
Traceback (most recent call last):
  File "/usr/local/lib/python3.12/site-packages/discord/client.py", line 465, in _run_event
    await coro(*args, **kwargs)
  File "/app/asu_discord/cogs/analytics.py", line 652, in on_member_update
    before_timeout = before.timed_out_until
                     ^^^^^^^^^^^^^^^^^^^^^^
AttributeError: 'Member' object has no attribute 'timed_out_until'
Ignoring exception in on_member_update
Traceback (most recent call last):
  File "/usr/local/lib/python3.12/site-packages/discord/client.py", line 465, in _run_event
    await coro(*args, **kwargs)
  File "/app/asu_discord/cogs/analytics.py", line 652, in on_member_update
    before_timeout = before.timed_out_until
                     ^^^^^^^^^^^^^^^^^^^^^^
AttributeError: 'Member' object has no attribute 'timed_out_until'
Ignoring exception in on_member_update
Traceback (most recent call last):
  File "/usr/local/lib/python3.12/site-packages/discord/client.py", line 465, in _run_event
    await coro(*args, **kwargs)
  File "/app/asu_discord/cogs/analytics.py", line 652, in on_member_update
    before_timeout = before.timed_out_until
                     ^^^^^^^^^^^^^^^^^^^^^^
AttributeError: 'Member' object has no attribute 'timed_out_until'
Ignoring exception in on_member_update
Traceback (most recent call last):
  File "/usr/local/lib/python3.12/site-packages/discord/client.py", line 465, in _run_event
    await coro(*args, **kwargs)
  File "/app/asu_discord/cogs/analytics.py", line 652, in on_member_update
    before_timeout = before.timed_out_until
                     ^^^^^^^^^^^^^^^^^^^^^^
AttributeError: 'Member' object has no attribute 'timed_out_until'
Ignoring exception in on_member_update
Traceback (most recent call last):
  File "/usr/local/lib/python3.12/site-packages/discord/client.py", line 465, in _run_event
    await coro(*args, **kwargs)
  File "/app/asu_discord/cogs/analytics.py", line 652, in on_member_update
    before_timeout = before.timed_out_until
                     ^^^^^^^^^^^^^^^^^^^^^^
AttributeError: 'Member' object has no attribute 'timed_out_until'
Ignoring exception in on_member_update
Traceback (most recent call last):
  File "/usr/local/lib/python3.12/site-packages/discord/client.py", line 465, in _run_event
    await coro(*args, **kwargs)
  File "/app/asu_discord/cogs/analytics.py", line 652, in on_member_update
    before_timeout = before.timed_out_until
                     ^^^^^^^^^^^^^^^^^^^^^^
AttributeError: 'Member' object has no attribute 'timed_out_until'
Ignoring exception in on_member_update
Traceback (most recent call last):
  File "/usr/local/lib/python3.12/site-packages/discord/client.py", line 465, in _run_event
    await coro(*args, **kwargs)
  File "/app/asu_discord/cogs/analytics.py", line 652, in on_member_update
    before_timeout = before.timed_out_until
                     ^^^^^^^^^^^^^^^^^^^^^^
AttributeError: 'Member' object has no attribute 'timed_out_until'
INFO:asu_discord.cogs.verification:Saved 4 roles to database for user cdande35 (Discord ID: 823727746802384896)
INFO:asu_discord.cogs.verification:Refreshed Salesforce roles for Discord user 823727746802384896: -4/+4 roles, assigned=[Arizona Resident, First Year, Ira A. Fulton Schools of Engineering, Tempe]
Ignoring exception in on_member_update
Traceback (most recent call last):
  File "/usr/local/lib/python3.12/site-packages/discord/client.py", line 465, in _run_event
    await coro(*args, **kwargs)
  File "/app/asu_discord/cogs/analytics.py", line 652, in on_member_update
    before_timeout = before.timed_out_until
                     ^^^^^^^^^^^^^^^^^^^^^^
AttributeError: 'Member' object has no attribute 'timed_out_until'
Ignoring exception in on_member_update
Traceback (most recent call last):
  File "/usr/local/lib/python3.12/site-packages/discord/client.py", line 465, in _run_event
    await coro(*args, **kwargs)
  File "/app/asu_discord/cogs/analytics.py", line 652, in on_member_update
    before_timeout = before.timed_out_until
                     ^^^^^^^^^^^^^^^^^^^^^^
AttributeError: 'Member' object has no attribute 'timed_out_until'
Ignoring exception in on_member_update
Traceback (most recent call last):
  File "/usr/local/lib/python3.12/site-packages/discord/client.py", line 465, in _run_event
    await coro(*args, **kwargs)
  File "/app/asu_discord/cogs/analytics.py", line 652, in on_member_update
    before_timeout = before.timed_out_until
                     ^^^^^^^^^^^^^^^^^^^^^^
AttributeError: 'Member' object has no attribute 'timed_out_until'
Ignoring exception in on_member_update
Traceback (most recent call last):
  File "/usr/local/lib/python3.12/site-packages/discord/client.py", line 465, in _run_event
    await coro(*args, **kwargs)
  File "/app/asu_discord/cogs/analytics.py", line 652, in on_member_update
    before_timeout = before.timed_out_until
                     ^^^^^^^^^^^^^^^^^^^^^^
AttributeError: 'Member' object has no attribute 'timed_out_until'
Ignoring exception in on_member_update
Traceback (most recent call last):
  File "/usr/local/lib/python3.12/site-packages/discord/client.py", line 465, in _run_event
    await coro(*args, **kwargs)
  File "/app/asu_discord/cogs/analytics.py", line 652, in on_member_update
    before_timeout = before.timed_out_until
                     ^^^^^^^^^^^^^^^^^^^^^^
AttributeError: 'Member' object has no attribute 'timed_out_until'
Ignoring exception in on_member_update
Traceback (most recent call last):
  File "/usr/local/lib/python3.12/site-packages/discord/client.py", line 465, in _run_event
    await coro(*args, **kwargs)
  File "/app/asu_discord/cogs/analytics.py", line 652, in on_member_update
    before_timeout = before.timed_out_until
                     ^^^^^^^^^^^^^^^^^^^^^^
AttributeError: 'Member' object has no attribute 'timed_out_until'
Ignoring exception in on_member_update
Traceback (most recent call last):
  File "/usr/local/lib/python3.12/site-packages/discord/client.py", line 465, in _run_event
    await coro(*args, **kwargs)
  File "/app/asu_discord/cogs/analytics.py", line 652, in on_member_update
    before_timeout = before.timed_out_until
                     ^^^^^^^^^^^^^^^^^^^^^^
AttributeError: 'Member' object has no attribute 'timed_out_until'
Ignoring exception in on_member_update
Traceback (most recent call last):
  File "/usr/local/lib/python3.12/site-packages/discord/client.py", line 465, in _run_event
    await coro(*args, **kwargs)
  File "/app/asu_discord/cogs/analytics.py", line 652, in on_member_update
    before_timeout = before.timed_out_until
                     ^^^^^^^^^^^^^^^^^^^^^^
AttributeError: 'Member' object has no attribute 'timed_out_until'
INFO:asu_discord.cogs.verification:Saved 4 roles to database for user gshore12 (Discord ID: 880618324080361522)
INFO:asu_discord.cogs.verification:Refreshed Salesforce roles for Discord user 880618324080361522: -4/+4 roles, assigned=[Arizona Resident, College of Liberal Arts and Sciences, Graduate Student, Tempe]
Ignoring exception in on_member_update
Traceback (most recent call last):
  File "/usr/local/lib/python3.12/site-packages/discord/client.py", line 465, in _run_event
    await coro(*args, **kwargs)
  File "/app/asu_discord/cogs/analytics.py", line 652, in on_member_update
    before_timeout = before.timed_out_until
                     ^^^^^^^^^^^^^^^^^^^^^^
AttributeError: 'Member' object has no attribute 'timed_out_until'
Ignoring exception in on_member_update
Traceback (most recent call last):
  File "/usr/local/lib/python3.12/site-packages/discord/client.py", line 465, in _run_event
    await coro(*args, **kwargs)
  File "/app/asu_discord/cogs/analytics.py", line 652, in on_member_update
    before_timeout = before.timed_out_until
                     ^^^^^^^^^^^^^^^^^^^^^^
AttributeError: 'Member' object has no attribute 'timed_out_until'
Ignoring exception in on_member_update
Traceback (most recent call last):
  File "/usr/local/lib/python3.12/site-packages/discord/client.py", line 465, in _run_event
    await coro(*args, **kwargs)
  File "/app/asu_discord/cogs/analytics.py", line 652, in on_member_update
    before_timeout = before.timed_out_until
                     ^^^^^^^^^^^^^^^^^^^^^^
AttributeError: 'Member' object has no attribute 'timed_out_until'
Ignoring exception in on_member_update
Traceback (most recent call last):
  File "/usr/local/lib/python3.12/site-packages/discord/client.py", line 465, in _run_event
    await coro(*args, **kwargs)
  File "/app/asu_discord/cogs/analytics.py", line 652, in on_member_update
    before_timeout = before.timed_out_until
                     ^^^^^^^^^^^^^^^^^^^^^^
AttributeError: 'Member' object has no attribute 'timed_out_until'
Ignoring exception in on_member_update
Traceback (most recent call last):
  File "/usr/local/lib/python3.12/site-packages/discord/client.py", line 465, in _run_event
    await coro(*args, **kwargs)
  File "/app/asu_discord/cogs/analytics.py", line 652, in on_member_update
    before_timeout = before.timed_out_until
                     ^^^^^^^^^^^^^^^^^^^^^^
AttributeError: 'Member' object has no attribute 'timed_out_until'
Ignoring exception in on_member_update
Traceback (most recent call last):
  File "/usr/local/lib/python3.12/site-packages/discord/client.py", line 465, in _run_event
    await coro(*args, **kwargs)
  File "/app/asu_discord/cogs/analytics.py", line 652, in on_member_update
    before_timeout = before.timed_out_until
                     ^^^^^^^^^^^^^^^^^^^^^^
AttributeError: 'Member' object has no attribute 'timed_out_until'
Ignoring exception in on_member_update
Traceback (most recent call last):
  File "/usr/local/lib/python3.12/site-packages/discord/client.py", line 465, in _run_event
    await coro(*args, **kwargs)
  File "/app/asu_discord/cogs/analytics.py", line 652, in on_member_update
    before_timeout = before.timed_out_until
                     ^^^^^^^^^^^^^^^^^^^^^^
AttributeError: 'Member' object has no attribute 'timed_out_until'
Ignoring exception in on_member_update
Traceback (most recent call last):
  File "/usr/local/lib/python3.12/site-packages/discord/client.py", line 465, in _run_event
    await coro(*args, **kwargs)
  File "/app/asu_discord/cogs/analytics.py", line 652, in on_member_update
    before_timeout = before.timed_out_until
                     ^^^^^^^^^^^^^^^^^^^^^^
AttributeError: 'Member' object has no attribute 'timed_out_until'
Ignoring exception in on_member_update
Traceback (most recent call last):
  File "/usr/local/lib/python3.12/site-packages/discord/client.py", line 465, in _run_event
    await coro(*args, **kwargs)
  File "/app/asu_discord/cogs/analytics.py", line 652, in on_member_update
    before_timeout = before.timed_out_until
                     ^^^^^^^^^^^^^^^^^^^^^^
AttributeError: 'Member' object has no attribute 'timed_out_until'
Ignoring exception in on_member_update
Traceback (most recent call last):
  File "/usr/local/lib/python3.12/site-packages/discord/client.py", line 465, in _run_event
    await coro(*args, **kwargs)
  File "/app/asu_discord/cogs/analytics.py", line 652, in on_member_update
    before_timeout = before.timed_out_until
                     ^^^^^^^^^^^^^^^^^^^^^^
AttributeError: 'Member' object has no attribute 'timed_out_until'
INFO:asu_discord.cogs.verification:Saved 5 roles to database for user spatank4 (Discord ID: 749798591949832285)
INFO:asu_discord.cogs.verification:Refreshed Salesforce roles for Discord user 749798591949832285: -5/+5 roles, assigned=[Commited, First Year, Out of State, Tempe, W.P. Carey School of Business]
Ignoring exception in on_member_update
Traceback (most recent call last):
  File "/usr/local/lib/python3.12/site-packages/discord/client.py", line 465, in _run_event
    await coro(*args, **kwargs)
  File "/app/asu_discord/cogs/analytics.py", line 652, in on_member_update
    before_timeout = before.timed_out_until
                     ^^^^^^^^^^^^^^^^^^^^^^
AttributeError: 'Member' object has no attribute 'timed_out_until'
Ignoring exception in on_member_update
Traceback (most recent call last):
  File "/usr/local/lib/python3.12/site-packages/discord/client.py", line 465, in _run_event
    await coro(*args, **kwargs)
  File "/app/asu_discord/cogs/analytics.py", line 652, in on_member_update
    before_timeout = before.timed_out_until
                     ^^^^^^^^^^^^^^^^^^^^^^
AttributeError: 'Member' object has no attribute 'timed_out_until'
Ignoring exception in on_member_update
Traceback (most recent call last):
  File "/usr/local/lib/python3.12/site-packages/discord/client.py", line 465, in _run_event
    await coro(*args, **kwargs)
  File "/app/asu_discord/cogs/analytics.py", line 652, in on_member_update
    before_timeout = before.timed_out_until
                     ^^^^^^^^^^^^^^^^^^^^^^
AttributeError: 'Member' object has no attribute 'timed_out_until'
Ignoring exception in on_member_update
Traceback (most recent call last):
  File "/usr/local/lib/python3.12/site-packages/discord/client.py", line 465, in _run_event
    await coro(*args, **kwargs)
  File "/app/asu_discord/cogs/analytics.py", line 652, in on_member_update
    before_timeout = before.timed_out_until
                     ^^^^^^^^^^^^^^^^^^^^^^
AttributeError: 'Member' object has no attribute 'timed_out_until'
Ignoring exception in on_member_update
Traceback (most recent call last):
  File "/usr/local/lib/python3.12/site-packages/discord/client.py", line 465, in _run_event
    await coro(*args, **kwargs)
  File "/app/asu_discord/cogs/analytics.py", line 652, in on_member_update
    before_timeout = before.timed_out_until
                     ^^^^^^^^^^^^^^^^^^^^^^
AttributeError: 'Member' object has no attribute 'timed_out_until'
Ignoring exception in on_member_update
Traceback (most recent call last):
  File "/usr/local/lib/python3.12/site-packages/discord/client.py", line 465, in _run_event
    await coro(*args, **kwargs)
  File "/app/asu_discord/cogs/analytics.py", line 652, in on_member_update
    before_timeout = before.timed_out_until
                     ^^^^^^^^^^^^^^^^^^^^^^
AttributeError: 'Member' object has no attribute 'timed_out_until'
Ignoring exception in on_member_update
Traceback (most recent call last):
  File "/usr/local/lib/python3.12/site-packages/discord/client.py", line 465, in _run_event
    await coro(*args, **kwargs)
  File "/app/asu_discord/cogs/analytics.py", line 652, in on_member_update
    before_timeout = before.timed_out_until
                     ^^^^^^^^^^^^^^^^^^^^^^
AttributeError: 'Member' object has no attribute 'timed_out_until'
Ignoring exception in on_member_update
Traceback (most recent call last):
  File "/usr/local/lib/python3.12/site-packages/discord/client.py", line 465, in _run_event
    await coro(*args, **kwargs)
  File "/app/asu_discord/cogs/analytics.py", line 652, in on_member_update
    before_timeout = before.timed_out_until
                     ^^^^^^^^^^^^^^^^^^^^^^
AttributeError: 'Member' object has no attribute 'timed_out_until'
Ignoring exception in on_member_update
Traceback (most recent call last):
  File "/usr/local/lib/python3.12/site-packages/discord/client.py", line 465, in _run_event
    await coro(*args, **kwargs)
  File "/app/asu_discord/cogs/analytics.py", line 652, in on_member_update
    before_timeout = before.timed_out_until
                     ^^^^^^^^^^^^^^^^^^^^^^
AttributeError: 'Member' object has no attribute 'timed_out_until'
INFO:asu_discord.cogs.verification:Saved 5 roles to database for user gjcardie (Discord ID: 1494125447628455946)
INFO:asu_discord.cogs.verification:Refreshed Salesforce roles for Discord user 1494125447628455946: -4/+5 roles, assigned=[Arizona Resident, College of Liberal Arts and Sciences, Commited, First Year, Tempe]
Ignoring exception in on_member_update
Traceback (most recent call last):
  File "/usr/local/lib/python3.12/site-packages/discord/client.py", line 465, in _run_event
    await coro(*args, **kwargs)
  File "/app/asu_discord/cogs/analytics.py", line 652, in on_member_update
    before_timeout = before.timed_out_until
                     ^^^^^^^^^^^^^^^^^^^^^^
AttributeError: 'Member' object has no attribute 'timed_out_until'
Ignoring exception in on_member_update
Traceback (most recent call last):
  File "/usr/local/lib/python3.12/site-packages/discord/client.py", line 465, in _run_event
    await coro(*args, **kwargs)
  File "/app/asu_discord/cogs/analytics.py", line 652, in on_member_update
    before_timeout = before.timed_out_until
                     ^^^^^^^^^^^^^^^^^^^^^^
AttributeError: 'Member' object has no attribute 'timed_out_until'
Ignoring exception in on_member_update
Traceback (most recent call last):
  File "/usr/local/lib/python3.12/site-packages/discord/client.py", line 465, in _run_event
    await coro(*args, **kwargs)
  File "/app/asu_discord/cogs/analytics.py", line 652, in on_member_update
    before_timeout = before.timed_out_until
                     ^^^^^^^^^^^^^^^^^^^^^^
AttributeError: 'Member' object has no attribute 'timed_out_until'
Ignoring exception in on_member_update
Traceback (most recent call last):
  File "/usr/local/lib/python3.12/site-packages/discord/client.py", line 465, in _run_event
    await coro(*args, **kwargs)
  File "/app/asu_discord/cogs/analytics.py", line 652, in on_member_update
    before_timeout = before.timed_out_until
                     ^^^^^^^^^^^^^^^^^^^^^^
AttributeError: 'Member' object has no attribute 'timed_out_until'
Ignoring exception in on_member_update
Traceback (most recent call last):
  File "/usr/local/lib/python3.12/site-packages/discord/client.py", line 465, in _run_event
    await coro(*args, **kwargs)
  File "/app/asu_discord/cogs/analytics.py", line 652, in on_member_update
    before_timeout = before.timed_out_until
                     ^^^^^^^^^^^^^^^^^^^^^^
AttributeError: 'Member' object has no attribute 'timed_out_until'
Ignoring exception in on_member_update
Traceback (most recent call last):
  File "/usr/local/lib/python3.12/site-packages/discord/client.py", line 465, in _run_event
    await coro(*args, **kwargs)
  File "/app/asu_discord/cogs/analytics.py", line 652, in on_member_update
    before_timeout = before.timed_out_until
                     ^^^^^^^^^^^^^^^^^^^^^^
AttributeError: 'Member' object has no attribute 'timed_out_until'
Ignoring exception in on_member_update
Traceback (most recent call last):
  File "/usr/local/lib/python3.12/site-packages/discord/client.py", line 465, in _run_event
    await coro(*args, **kwargs)
  File "/app/asu_discord/cogs/analytics.py", line 652, in on_member_update
    before_timeout = before.timed_out_until
                     ^^^^^^^^^^^^^^^^^^^^^^
AttributeError: 'Member' object has no attribute 'timed_out_until'
Ignoring exception in on_member_update
Traceback (most recent call last):
  File "/usr/local/lib/python3.12/site-packages/discord/client.py", line 465, in _run_event
    await coro(*args, **kwargs)
  File "/app/asu_discord/cogs/analytics.py", line 652, in on_member_update
    before_timeout = before.timed_out_until
                     ^^^^^^^^^^^^^^^^^^^^^^
AttributeError: 'Member' object has no attribute 'timed_out_until'
Ignoring exception in on_member_update
Traceback (most recent call last):
  File "/usr/local/lib/python3.12/site-packages/discord/client.py", line 465, in _run_event
    await coro(*args, **kwargs)
  File "/app/asu_discord/cogs/analytics.py", line 652, in on_member_update
    before_timeout = before.timed_out_until
                     ^^^^^^^^^^^^^^^^^^^^^^
AttributeError: 'Member' object has no attribute 'timed_out_until'
Ignoring exception in on_member_update
Traceback (most recent call last):
  File "/usr/local/lib/python3.12/site-packages/discord/client.py", line 465, in _run_event
    await coro(*args, **kwargs)
  File "/app/asu_discord/cogs/analytics.py", line 652, in on_member_update
    before_timeout = before.timed_out_until
                     ^^^^^^^^^^^^^^^^^^^^^^
AttributeError: 'Member' object has no attribute 'timed_out_until'
INFO:asu_discord.cogs.verification:Saved 5 roles to database for user cjpitts1 (Discord ID: 709181489660690532)
INFO:asu_discord.cogs.verification:Refreshed Salesforce roles for Discord user 709181489660690532: -5/+5 roles, assigned=[First Year, New College of Interdisciplinary Arts and Sciences, Online, Out of State, Upperclassmen]
Ignoring exception in on_member_update
Traceback (most recent call last):
  File "/usr/local/lib/python3.12/site-packages/discord/client.py", line 465, in _run_event
    await coro(*args, **kwargs)
  File "/app/asu_discord/cogs/analytics.py", line 652, in on_member_update
    before_timeout = before.timed_out_until
                     ^^^^^^^^^^^^^^^^^^^^^^
AttributeError: 'Member' object has no attribute 'timed_out_until'
Ignoring exception in on_member_update
Traceback (most recent call last):
  File "/usr/local/lib/python3.12/site-packages/discord/client.py", line 465, in _run_event
    await coro(*args, **kwargs)
  File "/app/asu_discord/cogs/analytics.py", line 652, in on_member_update
    before_timeout = before.timed_out_until
                     ^^^^^^^^^^^^^^^^^^^^^^
AttributeError: 'Member' object has no attribute 'timed_out_until'
Ignoring exception in on_member_update
Traceback (most recent call last):
  File "/usr/local/lib/python3.12/site-packages/discord/client.py", line 465, in _run_event
    await coro(*args, **kwargs)
  File "/app/asu_discord/cogs/analytics.py", line 652, in on_member_update
    before_timeout = before.timed_out_until
                     ^^^^^^^^^^^^^^^^^^^^^^
AttributeError: 'Member' object has no attribute 'timed_out_until'
Ignoring exception in on_member_update
Traceback (most recent call last):
  File "/usr/local/lib/python3.12/site-packages/discord/client.py", line 465, in _run_event
    await coro(*args, **kwargs)
  File "/app/asu_discord/cogs/analytics.py", line 652, in on_member_update
    before_timeout = before.timed_out_until
                     ^^^^^^^^^^^^^^^^^^^^^^
AttributeError: 'Member' object has no attribute 'timed_out_until'
Ignoring exception in on_member_update
Traceback (most recent call last):
  File "/usr/local/lib/python3.12/site-packages/discord/client.py", line 465, in _run_event
    await coro(*args, **kwargs)
  File "/app/asu_discord/cogs/analytics.py", line 652, in on_member_update
    before_timeout = before.timed_out_until
                     ^^^^^^^^^^^^^^^^^^^^^^
AttributeError: 'Member' object has no attribute 'timed_out_until'
Ignoring exception in on_member_update
Traceback (most recent call last):
  File "/usr/local/lib/python3.12/site-packages/discord/client.py", line 465, in _run_event
    await coro(*args, **kwargs)
  File "/app/asu_discord/cogs/analytics.py", line 652, in on_member_update
    before_timeout = before.timed_out_until
                     ^^^^^^^^^^^^^^^^^^^^^^
AttributeError: 'Member' object has no attribute 'timed_out_until'
Ignoring exception in on_member_update
Traceback (most recent call last):
  File "/usr/local/lib/python3.12/site-packages/discord/client.py", line 465, in _run_event
    await coro(*args, **kwargs)
  File "/app/asu_discord/cogs/analytics.py", line 652, in on_member_update
    before_timeout = before.timed_out_until
                     ^^^^^^^^^^^^^^^^^^^^^^
AttributeError: 'Member' object has no attribute 'timed_out_until'
Ignoring exception in on_member_update
Traceback (most recent call last):
  File "/usr/local/lib/python3.12/site-packages/discord/client.py", line 465, in _run_event
    await coro(*args, **kwargs)
  File "/app/asu_discord/cogs/analytics.py", line 652, in on_member_update
    before_timeout = before.timed_out_until
                     ^^^^^^^^^^^^^^^^^^^^^^
AttributeError: 'Member' object has no attribute 'timed_out_until'
Ignoring exception in on_member_update
Traceback (most recent call last):
  File "/usr/local/lib/python3.12/site-packages/discord/client.py", line 465, in _run_event
    await coro(*args, **kwargs)
  File "/app/asu_discord/cogs/analytics.py", line 652, in on_member_update
    before_timeout = before.timed_out_until
                     ^^^^^^^^^^^^^^^^^^^^^^
AttributeError: 'Member' object has no attribute 'timed_out_until'
Ignoring exception in on_member_update
Traceback (most recent call last):
  File "/usr/local/lib/python3.12/site-packages/discord/client.py", line 465, in _run_event
    await coro(*args, **kwargs)
  File "/app/asu_discord/cogs/analytics.py", line 652, in on_member_update
    before_timeout = before.timed_out_until
                     ^^^^^^^^^^^^^^^^^^^^^^
AttributeError: 'Member' object has no attribute 'timed_out_until'
INFO:asu_discord.cogs.verification:Saved 5 roles to database for user nikhilr1 (Discord ID: 1283598847238606868)
INFO:asu_discord.cogs.verification:Refreshed Salesforce roles for Discord user 1283598847238606868: -5/+5 roles, assigned=[Commited, First Year, Ira A. Fulton Schools of Engineering, Out of State, Tempe]
Ignoring exception in on_member_update
Traceback (most recent call last):
  File "/usr/local/lib/python3.12/site-packages/discord/client.py", line 465, in _run_event
    await coro(*args, **kwargs)
  File "/app/asu_discord/cogs/analytics.py", line 652, in on_member_update
    before_timeout = before.timed_out_until
                     ^^^^^^^^^^^^^^^^^^^^^^
AttributeError: 'Member' object has no attribute 'timed_out_until'
Ignoring exception in on_member_update
Traceback (most recent call last):
  File "/usr/local/lib/python3.12/site-packages/discord/client.py", line 465, in _run_event
    await coro(*args, **kwargs)
  File "/app/asu_discord/cogs/analytics.py", line 652, in on_member_update
    before_timeout = before.timed_out_until
                     ^^^^^^^^^^^^^^^^^^^^^^
AttributeError: 'Member' object has no attribute 'timed_out_until'
Ignoring exception in on_member_update
Traceback (most recent call last):
  File "/usr/local/lib/python3.12/site-packages/discord/client.py", line 465, in _run_event
    await coro(*args, **kwargs)
  File "/app/asu_discord/cogs/analytics.py", line 652, in on_member_update
    before_timeout = before.timed_out_until
                     ^^^^^^^^^^^^^^^^^^^^^^
AttributeError: 'Member' object has no attribute 'timed_out_until'
Ignoring exception in on_member_update
Traceback (most recent call last):
  File "/usr/local/lib/python3.12/site-packages/discord/client.py", line 465, in _run_event
    await coro(*args, **kwargs)
  File "/app/asu_discord/cogs/analytics.py", line 652, in on_member_update
    before_timeout = before.timed_out_until
                     ^^^^^^^^^^^^^^^^^^^^^^
AttributeError: 'Member' object has no attribute 'timed_out_until'
Ignoring exception in on_member_update
Traceback (most recent call last):
  File "/usr/local/lib/python3.12/site-packages/discord/client.py", line 465, in _run_event
    await coro(*args, **kwargs)
  File "/app/asu_discord/cogs/analytics.py", line 652, in on_member_update
    before_timeout = before.timed_out_until
                     ^^^^^^^^^^^^^^^^^^^^^^
AttributeError: 'Member' object has no attribute 'timed_out_until'
Ignoring exception in on_member_update
Traceback (most recent call last):
  File "/usr/local/lib/python3.12/site-packages/discord/client.py", line 465, in _run_event
    await coro(*args, **kwargs)
  File "/app/asu_discord/cogs/analytics.py", line 652, in on_member_update
    before_timeout = before.timed_out_until
                     ^^^^^^^^^^^^^^^^^^^^^^
AttributeError: 'Member' object has no attribute 'timed_out_until'
Ignoring exception in on_member_update
Traceback (most recent call last):
  File "/usr/local/lib/python3.12/site-packages/discord/client.py", line 465, in _run_event
    await coro(*args, **kwargs)
  File "/app/asu_discord/cogs/analytics.py", line 652, in on_member_update
    before_timeout = before.timed_out_until
                     ^^^^^^^^^^^^^^^^^^^^^^
AttributeError: 'Member' object has no attribute 'timed_out_until'
Ignoring exception in on_member_update
Traceback (most recent call last):
  File "/usr/local/lib/python3.12/site-packages/discord/client.py", line 465, in _run_event
    await coro(*args, **kwargs)
  File "/app/asu_discord/cogs/analytics.py", line 652, in on_member_update
    before_timeout = before.timed_out_until
                     ^^^^^^^^^^^^^^^^^^^^^^
AttributeError: 'Member' object has no attribute 'timed_out_until'
Ignoring exception in on_member_update
Traceback (most recent call last):
  File "/usr/local/lib/python3.12/site-packages/discord/client.py", line 465, in _run_event
    await coro(*args, **kwargs)
  File "/app/asu_discord/cogs/analytics.py", line 652, in on_member_update
    before_timeout = before.timed_out_until
                     ^^^^^^^^^^^^^^^^^^^^^^
AttributeError: 'Member' object has no attribute 'timed_out_until'
INFO:asu_discord.cogs.verification:Saved 5 roles to database for user varditoc (Discord ID: 1494145685832990902)
INFO:asu_discord.cogs.verification:Refreshed Salesforce roles for Discord user 1494145685832990902: -5/+4 roles, assigned=[Commited, Downtown Phoenix, First Year, International Student, Thunderbird School of Global Management]
Ignoring exception in on_member_update
Traceback (most recent call last):
  File "/usr/local/lib/python3.12/site-packages/discord/client.py", line 465, in _run_event
    await coro(*args, **kwargs)
  File "/app/asu_discord/cogs/analytics.py", line 652, in on_member_update
    before_timeout = before.timed_out_until
                     ^^^^^^^^^^^^^^^^^^^^^^
AttributeError: 'Member' object has no attribute 'timed_out_until'
Ignoring exception in on_member_update
Traceback (most recent call last):
  File "/usr/local/lib/python3.12/site-packages/discord/client.py", line 465, in _run_event
    await coro(*args, **kwargs)
  File "/app/asu_discord/cogs/analytics.py", line 652, in on_member_update
    before_timeout = before.timed_out_until
                     ^^^^^^^^^^^^^^^^^^^^^^
AttributeError: 'Member' object has no attribute 'timed_out_until'
Ignoring exception in on_member_update
Traceback (most recent call last):
  File "/usr/local/lib/python3.12/site-packages/discord/client.py", line 465, in _run_event
    await coro(*args, **kwargs)
  File "/app/asu_discord/cogs/analytics.py", line 652, in on_member_update
    before_timeout = before.timed_out_until
                     ^^^^^^^^^^^^^^^^^^^^^^
AttributeError: 'Member' object has no attribute 'timed_out_until'
Ignoring exception in on_member_update
Traceback (most recent call last):
  File "/usr/local/lib/python3.12/site-packages/discord/client.py", line 465, in _run_event
    await coro(*args, **kwargs)
  File "/app/asu_discord/cogs/analytics.py", line 652, in on_member_update
    before_timeout = before.timed_out_until
                     ^^^^^^^^^^^^^^^^^^^^^^
AttributeError: 'Member' object has no attribute 'timed_out_until'
Ignoring exception in on_member_update
Traceback (most recent call last):
  File "/usr/local/lib/python3.12/site-packages/discord/client.py", line 465, in _run_event
    await coro(*args, **kwargs)
  File "/app/asu_discord/cogs/analytics.py", line 652, in on_member_update
    before_timeout = before.timed_out_until
                     ^^^^^^^^^^^^^^^^^^^^^^
AttributeError: 'Member' object has no attribute 'timed_out_until'
Ignoring exception in on_member_update
Traceback (most recent call last):
  File "/usr/local/lib/python3.12/site-packages/discord/client.py", line 465, in _run_event
    await coro(*args, **kwargs)
  File "/app/asu_discord/cogs/analytics.py", line 652, in on_member_update
    before_timeout = before.timed_out_until
                     ^^^^^^^^^^^^^^^^^^^^^^
AttributeError: 'Member' object has no attribute 'timed_out_until'
Ignoring exception in on_member_update
Traceback (most recent call last):
  File "/usr/local/lib/python3.12/site-packages/discord/client.py", line 465, in _run_event
    await coro(*args, **kwargs)
  File "/app/asu_discord/cogs/analytics.py", line 652, in on_member_update
    before_timeout = before.timed_out_until
                     ^^^^^^^^^^^^^^^^^^^^^^
AttributeError: 'Member' object has no attribute 'timed_out_until'
Ignoring exception in on_member_update
Traceback (most recent call last):
  File "/usr/local/lib/python3.12/site-packages/discord/client.py", line 465, in _run_event
    await coro(*args, **kwargs)
  File "/app/asu_discord/cogs/analytics.py", line 652, in on_member_update
    before_timeout = before.timed_out_until
                     ^^^^^^^^^^^^^^^^^^^^^^
AttributeError: 'Member' object has no attribute 'timed_out_until'
Ignoring exception in on_member_update
Traceback (most recent call last):
  File "/usr/local/lib/python3.12/site-packages/discord/client.py", line 465, in _run_event
    await coro(*args, **kwargs)
  File "/app/asu_discord/cogs/analytics.py", line 652, in on_member_update
    before_timeout = before.timed_out_until
                     ^^^^^^^^^^^^^^^^^^^^^^
AttributeError: 'Member' object has no attribute 'timed_out_until'
Ignoring exception in on_member_update
Traceback (most recent call last):
  File "/usr/local/lib/python3.12/site-packages/discord/client.py", line 465, in _run_event
    await coro(*args, **kwargs)
  File "/app/asu_discord/cogs/analytics.py", line 652, in on_member_update
    before_timeout = before.timed_out_until
                     ^^^^^^^^^^^^^^^^^^^^^^
AttributeError: 'Member' object has no attribute 'timed_out_until'
INFO:asu_discord.cogs.verification:Saved 5 roles to database for user nacarr1 (Discord ID: 630056010110861321)
INFO:asu_discord.cogs.verification:Refreshed Salesforce roles for Discord user 630056010110861321: -5/+5 roles, assigned=[Commited, First Year, Out of State, Tempe, Walter Cronkite School of Journalism and Mass Communication]
Ignoring exception in on_member_update
Traceback (most recent call last):
  File "/usr/local/lib/python3.12/site-packages/discord/client.py", line 465, in _run_event
    await coro(*args, **kwargs)
  File "/app/asu_discord/cogs/analytics.py", line 652, in on_member_update
    before_timeout = before.timed_out_until
                     ^^^^^^^^^^^^^^^^^^^^^^
AttributeError: 'Member' object has no attribute 'timed_out_until'
Ignoring exception in on_member_update
Traceback (most recent call last):
  File "/usr/local/lib/python3.12/site-packages/discord/client.py", line 465, in _run_event
    await coro(*args, **kwargs)
  File "/app/asu_discord/cogs/analytics.py", line 652, in on_member_update
    before_timeout = before.timed_out_until
                     ^^^^^^^^^^^^^^^^^^^^^^
AttributeError: 'Member' object has no attribute 'timed_out_until'
Ignoring exception in on_member_update
Traceback (most recent call last):
  File "/usr/local/lib/python3.12/site-packages/discord/client.py", line 465, in _run_event
    await coro(*args, **kwargs)
  File "/app/asu_discord/cogs/analytics.py", line 652, in on_member_update
    before_timeout = before.timed_out_until
                     ^^^^^^^^^^^^^^^^^^^^^^
AttributeError: 'Member' object has no attribute 'timed_out_until'
Ignoring exception in on_member_update
Traceback (most recent call last):
  File "/usr/local/lib/python3.12/site-packages/discord/client.py", line 465, in _run_event
    await coro(*args, **kwargs)
  File "/app/asu_discord/cogs/analytics.py", line 652, in on_member_update
    before_timeout = before.timed_out_until
                     ^^^^^^^^^^^^^^^^^^^^^^
AttributeError: 'Member' object has no attribute 'timed_out_until'
Ignoring exception in on_member_update
Traceback (most recent call last):
  File "/usr/local/lib/python3.12/site-packages/discord/client.py", line 465, in _run_event
    await coro(*args, **kwargs)
  File "/app/asu_discord/cogs/analytics.py", line 652, in on_member_update
    before_timeout = before.timed_out_until
                     ^^^^^^^^^^^^^^^^^^^^^^
AttributeError: 'Member' object has no attribute 'timed_out_until'
Ignoring exception in on_member_update
Traceback (most recent call last):
  File "/usr/local/lib/python3.12/site-packages/discord/client.py", line 465, in _run_event
    await coro(*args, **kwargs)
  File "/app/asu_discord/cogs/analytics.py", line 652, in on_member_update
    before_timeout = before.timed_out_until
                     ^^^^^^^^^^^^^^^^^^^^^^
AttributeError: 'Member' object has no attribute 'timed_out_until'
Ignoring exception in on_member_update
Traceback (most recent call last):
  File "/usr/local/lib/python3.12/site-packages/discord/client.py", line 465, in _run_event
    await coro(*args, **kwargs)
  File "/app/asu_discord/cogs/analytics.py", line 652, in on_member_update
    before_timeout = before.timed_out_until
                     ^^^^^^^^^^^^^^^^^^^^^^
AttributeError: 'Member' object has no attribute 'timed_out_until'
Ignoring exception in on_member_update
Traceback (most recent call last):
  File "/usr/local/lib/python3.12/site-packages/discord/client.py", line 465, in _run_event
    await coro(*args, **kwargs)
  File "/app/asu_discord/cogs/analytics.py", line 652, in on_member_update
    before_timeout = before.timed_out_until
                     ^^^^^^^^^^^^^^^^^^^^^^
AttributeError: 'Member' object has no attribute 'timed_out_until'
Ignoring exception in on_member_update
Traceback (most recent call last):
  File "/usr/local/lib/python3.12/site-packages/discord/client.py", line 465, in _run_event
    await coro(*args, **kwargs)
  File "/app/asu_discord/cogs/analytics.py", line 652, in on_member_update
    before_timeout = before.timed_out_until
                     ^^^^^^^^^^^^^^^^^^^^^^
AttributeError: 'Member' object has no attribute 'timed_out_until'
Ignoring exception in on_member_update
Traceback (most recent call last):
  File "/usr/local/lib/python3.12/site-packages/discord/client.py", line 465, in _run_event
    await coro(*args, **kwargs)
  File "/app/asu_discord/cogs/analytics.py", line 652, in on_member_update
    before_timeout = before.timed_out_until
                     ^^^^^^^^^^^^^^^^^^^^^^
AttributeError: 'Member' object has no attribute 'timed_out_until'
INFO:asu_discord.cogs.verification:Saved 5 roles to database for user tdirkmaa (Discord ID: 689670300253683764)
INFO:asu_discord.cogs.verification:Refreshed Salesforce roles for Discord user 689670300253683764: -5/+5 roles, assigned=[Arizona Resident, Ira A. Fulton Schools of Engineering, Online, Transfer Student, Upperclassmen]
Ignoring exception in on_member_update
Traceback (most recent call last):
  File "/usr/local/lib/python3.12/site-packages/discord/client.py", line 465, in _run_event
    await coro(*args, **kwargs)
  File "/app/asu_discord/cogs/analytics.py", line 652, in on_member_update
    before_timeout = before.timed_out_until
                     ^^^^^^^^^^^^^^^^^^^^^^
AttributeError: 'Member' object has no attribute 'timed_out_until'
Ignoring exception in on_member_update
Traceback (most recent call last):
  File "/usr/local/lib/python3.12/site-packages/discord/client.py", line 465, in _run_event
    await coro(*args, **kwargs)
  File "/app/asu_discord/cogs/analytics.py", line 652, in on_member_update
    before_timeout = before.timed_out_until
                     ^^^^^^^^^^^^^^^^^^^^^^
AttributeError: 'Member' object has no attribute 'timed_out_until'
Ignoring exception in on_member_update
Traceback (most recent call last):
  File "/usr/local/lib/python3.12/site-packages/discord/client.py", line 465, in _run_event
    await coro(*args, **kwargs)
  File "/app/asu_discord/cogs/analytics.py", line 652, in on_member_update
    before_timeout = before.timed_out_until
                     ^^^^^^^^^^^^^^^^^^^^^^
AttributeError: 'Member' object has no attribute 'timed_out_until'
Ignoring exception in on_member_update
Traceback (most recent call last):
  File "/usr/local/lib/python3.12/site-packages/discord/client.py", line 465, in _run_event
    await coro(*args, **kwargs)
  File "/app/asu_discord/cogs/analytics.py", line 652, in on_member_update
    before_timeout = before.timed_out_until
                     ^^^^^^^^^^^^^^^^^^^^^^
AttributeError: 'Member' object has no attribute 'timed_out_until'
Ignoring exception in on_member_update
Traceback (most recent call last):
  File "/usr/local/lib/python3.12/site-packages/discord/client.py", line 465, in _run_event
    await coro(*args, **kwargs)
  File "/app/asu_discord/cogs/analytics.py", line 652, in on_member_update
    before_timeout = before.timed_out_until
                     ^^^^^^^^^^^^^^^^^^^^^^
AttributeError: 'Member' object has no attribute 'timed_out_until'
Ignoring exception in on_member_update
Traceback (most recent call last):
  File "/usr/local/lib/python3.12/site-packages/discord/client.py", line 465, in _run_event
    await coro(*args, **kwargs)
  File "/app/asu_discord/cogs/analytics.py", line 652, in on_member_update
    before_timeout = before.timed_out_until
                     ^^^^^^^^^^^^^^^^^^^^^^
AttributeError: 'Member' object has no attribute 'timed_out_until'
Ignoring exception in on_member_update
Traceback (most recent call last):
  File "/usr/local/lib/python3.12/site-packages/discord/client.py", line 465, in _run_event
    await coro(*args, **kwargs)
  File "/app/asu_discord/cogs/analytics.py", line 652, in on_member_update
    before_timeout = before.timed_out_until
                     ^^^^^^^^^^^^^^^^^^^^^^
AttributeError: 'Member' object has no attribute 'timed_out_until'
Ignoring exception in on_member_update
Traceback (most recent call last):
  File "/usr/local/lib/python3.12/site-packages/discord/client.py", line 465, in _run_event
    await coro(*args, **kwargs)
  File "/app/asu_discord/cogs/analytics.py", line 652, in on_member_update
    before_timeout = before.timed_out_until
                     ^^^^^^^^^^^^^^^^^^^^^^
AttributeError: 'Member' object has no attribute 'timed_out_until'
Ignoring exception in on_member_update
Traceback (most recent call last):
  File "/usr/local/lib/python3.12/site-packages/discord/client.py", line 465, in _run_event
    await coro(*args, **kwargs)
  File "/app/asu_discord/cogs/analytics.py", line 652, in on_member_update
    before_timeout = before.timed_out_until
                     ^^^^^^^^^^^^^^^^^^^^^^
AttributeError: 'Member' object has no attribute 'timed_out_until'
Ignoring exception in on_member_update
Traceback (most recent call last):
  File "/usr/local/lib/python3.12/site-packages/discord/client.py", line 465, in _run_event
    await coro(*args, **kwargs)
  File "/app/asu_discord/cogs/analytics.py", line 652, in on_member_update
    before_timeout = before.timed_out_until
                     ^^^^^^^^^^^^^^^^^^^^^^
AttributeError: 'Member' object has no attribute 'timed_out_until'
INFO:asu_discord.cogs.verification:Saved 5 roles to database for user lmeseber (Discord ID: 1250281779995213865)
INFO:asu_discord.cogs.verification:Refreshed Salesforce roles for Discord user 1250281779995213865: -5/+5 roles, assigned=[Commited, First Year, Out of State, Tempe, W.P. Carey School of Business]
ERROR:cron.jobs:refresh_salesforce_roles: failed for gpeila (Discord ID 564328563797393408): Failed to refresh Salesforce-based roles: Discord user 564328563797393408 is not a member of the guild
Ignoring exception in on_member_update
Traceback (most recent call last):
  File "/usr/local/lib/python3.12/site-packages/discord/client.py", line 465, in _run_event
    await coro(*args, **kwargs)
  File "/app/asu_discord/cogs/analytics.py", line 652, in on_member_update
    before_timeout = before.timed_out_until
                     ^^^^^^^^^^^^^^^^^^^^^^
AttributeError: 'Member' object has no attribute 'timed_out_until'
Ignoring exception in on_member_update
Traceback (most recent call last):
  File "/usr/local/lib/python3.12/site-packages/discord/client.py", line 465, in _run_event
    await coro(*args, **kwargs)
  File "/app/asu_discord/cogs/analytics.py", line 652, in on_member_update
    before_timeout = before.timed_out_until
                     ^^^^^^^^^^^^^^^^^^^^^^
AttributeError: 'Member' object has no attribute 'timed_out_until'
Ignoring exception in on_member_update
Traceback (most recent call last):
  File "/usr/local/lib/python3.12/site-packages/discord/client.py", line 465, in _run_event
    await coro(*args, **kwargs)
  File "/app/asu_discord/cogs/analytics.py", line 652, in on_member_update
    before_timeout = before.timed_out_until
                     ^^^^^^^^^^^^^^^^^^^^^^
AttributeError: 'Member' object has no attribute 'timed_out_until'
Ignoring exception in on_member_update
Traceback (most recent call last):
  File "/usr/local/lib/python3.12/site-packages/discord/client.py", line 465, in _run_event
    await coro(*args, **kwargs)
  File "/app/asu_discord/cogs/analytics.py", line 652, in on_member_update
    before_timeout = before.timed_out_until
                     ^^^^^^^^^^^^^^^^^^^^^^
AttributeError: 'Member' object has no attribute 'timed_out_until'
Ignoring exception in on_member_update
Traceback (most recent call last):
  File "/usr/local/lib/python3.12/site-packages/discord/client.py", line 465, in _run_event
    await coro(*args, **kwargs)
  File "/app/asu_discord/cogs/analytics.py", line 652, in on_member_update
    before_timeout = before.timed_out_until
                     ^^^^^^^^^^^^^^^^^^^^^^
AttributeError: 'Member' object has no attribute 'timed_out_until'
Ignoring exception in on_member_update
Traceback (most recent call last):
  File "/usr/local/lib/python3.12/site-packages/discord/client.py", line 465, in _run_event
    await coro(*args, **kwargs)
  File "/app/asu_discord/cogs/analytics.py", line 652, in on_member_update
    before_timeout = before.timed_out_until
                     ^^^^^^^^^^^^^^^^^^^^^^
AttributeError: 'Member' object has no attribute 'timed_out_until'
Ignoring exception in on_member_update
Traceback (most recent call last):
  File "/usr/local/lib/python3.12/site-packages/discord/client.py", line 465, in _run_event
    await coro(*args, **kwargs)
  File "/app/asu_discord/cogs/analytics.py", line 652, in on_member_update
    before_timeout = before.timed_out_until
                     ^^^^^^^^^^^^^^^^^^^^^^
AttributeError: 'Member' object has no attribute 'timed_out_until'
Ignoring exception in on_member_update
Traceback (most recent call last):
  File "/usr/local/lib/python3.12/site-packages/discord/client.py", line 465, in _run_event
    await coro(*args, **kwargs)
  File "/app/asu_discord/cogs/analytics.py", line 652, in on_member_update
    before_timeout = before.timed_out_until
                     ^^^^^^^^^^^^^^^^^^^^^^
AttributeError: 'Member' object has no attribute 'timed_out_until'
Ignoring exception in on_member_update
Traceback (most recent call last):
  File "/usr/local/lib/python3.12/site-packages/discord/client.py", line 465, in _run_event
    await coro(*args, **kwargs)
  File "/app/asu_discord/cogs/analytics.py", line 652, in on_member_update
    before_timeout = before.timed_out_until
                     ^^^^^^^^^^^^^^^^^^^^^^
AttributeError: 'Member' object has no attribute 'timed_out_until'
Ignoring exception in on_member_update
Traceback (most recent call last):
  File "/usr/local/lib/python3.12/site-packages/discord/client.py", line 465, in _run_event
    await coro(*args, **kwargs)
  File "/app/asu_discord/cogs/analytics.py", line 652, in on_member_update
    before_timeout = before.timed_out_until
                     ^^^^^^^^^^^^^^^^^^^^^^
AttributeError: 'Member' object has no attribute 'timed_out_until'
INFO:asu_discord.cogs.verification:Saved 5 roles to database for user jdfield6 (Discord ID: 1494186153610575982)
INFO:asu_discord.cogs.verification:Refreshed Salesforce roles for Discord user 1494186153610575982: -5/+5 roles, assigned=[Commited, First Year, Ira A. Fulton Schools of Engineering, Out of State, Tempe]
Ignoring exception in on_member_update
Traceback (most recent call last):
  File "/usr/local/lib/python3.12/site-packages/discord/client.py", line 465, in _run_event
    await coro(*args, **kwargs)
  File "/app/asu_discord/cogs/analytics.py", line 652, in on_member_update
    before_timeout = before.timed_out_until
                     ^^^^^^^^^^^^^^^^^^^^^^
AttributeError: 'Member' object has no attribute 'timed_out_until'
Ignoring exception in on_member_update
Traceback (most recent call last):
  File "/usr/local/lib/python3.12/site-packages/discord/client.py", line 465, in _run_event
    await coro(*args, **kwargs)
  File "/app/asu_discord/cogs/analytics.py", line 652, in on_member_update
    before_timeout = before.timed_out_until
                     ^^^^^^^^^^^^^^^^^^^^^^
AttributeError: 'Member' object has no attribute 'timed_out_until'
Ignoring exception in on_member_update
Traceback (most recent call last):
  File "/usr/local/lib/python3.12/site-packages/discord/client.py", line 465, in _run_event
    await coro(*args, **kwargs)
  File "/app/asu_discord/cogs/analytics.py", line 652, in on_member_update
    before_timeout = before.timed_out_until
                     ^^^^^^^^^^^^^^^^^^^^^^
AttributeError: 'Member' object has no attribute 'timed_out_until'
Ignoring exception in on_member_update
Traceback (most recent call last):
  File "/usr/local/lib/python3.12/site-packages/discord/client.py", line 465, in _run_event
    await coro(*args, **kwargs)
  File "/app/asu_discord/cogs/analytics.py", line 652, in on_member_update
    before_timeout = before.timed_out_until
                     ^^^^^^^^^^^^^^^^^^^^^^
AttributeError: 'Member' object has no attribute 'timed_out_until'
Ignoring exception in on_member_update
Traceback (most recent call last):
  File "/usr/local/lib/python3.12/site-packages/discord/client.py", line 465, in _run_event
    await coro(*args, **kwargs)
  File "/app/asu_discord/cogs/analytics.py", line 652, in on_member_update
    before_timeout = before.timed_out_until
                     ^^^^^^^^^^^^^^^^^^^^^^
AttributeError: 'Member' object has no attribute 'timed_out_until'
Ignoring exception in on_member_update
Traceback (most recent call last):
  File "/usr/local/lib/python3.12/site-packages/discord/client.py", line 465, in _run_event
    await coro(*args, **kwargs)
  File "/app/asu_discord/cogs/analytics.py", line 652, in on_member_update
    before_timeout = before.timed_out_until
                     ^^^^^^^^^^^^^^^^^^^^^^
AttributeError: 'Member' object has no attribute 'timed_out_until'
Ignoring exception in on_member_update
Traceback (most recent call last):
  File "/usr/local/lib/python3.12/site-packages/discord/client.py", line 465, in _run_event
    await coro(*args, **kwargs)
  File "/app/asu_discord/cogs/analytics.py", line 652, in on_member_update
    before_timeout = before.timed_out_until
                     ^^^^^^^^^^^^^^^^^^^^^^
AttributeError: 'Member' object has no attribute 'timed_out_until'
Ignoring exception in on_member_update
Traceback (most recent call last):
  File "/usr/local/lib/python3.12/site-packages/discord/client.py", line 465, in _run_event
    await coro(*args, **kwargs)
  File "/app/asu_discord/cogs/analytics.py", line 652, in on_member_update
    before_timeout = before.timed_out_until
                     ^^^^^^^^^^^^^^^^^^^^^^
AttributeError: 'Member' object has no attribute 'timed_out_until'
Ignoring exception in on_member_update
Traceback (most recent call last):
  File "/usr/local/lib/python3.12/site-packages/discord/client.py", line 465, in _run_event
    await coro(*args, **kwargs)
  File "/app/asu_discord/cogs/analytics.py", line 652, in on_member_update
    before_timeout = before.timed_out_until
                     ^^^^^^^^^^^^^^^^^^^^^^
AttributeError: 'Member' object has no attribute 'timed_out_until'
Ignoring exception in on_member_update
Traceback (most recent call last):
  File "/usr/local/lib/python3.12/site-packages/discord/client.py", line 465, in _run_event
    await coro(*args, **kwargs)
  File "/app/asu_discord/cogs/analytics.py", line 652, in on_member_update
    before_timeout = before.timed_out_until
                     ^^^^^^^^^^^^^^^^^^^^^^
AttributeError: 'Member' object has no attribute 'timed_out_until'
INFO:asu_discord.cogs.verification:Saved 5 roles to database for user avalen90 (Discord ID: 246093270072033290)
INFO:asu_discord.cogs.verification:Refreshed Salesforce roles for Discord user 246093270072033290: -5/+5 roles, assigned=[Graduate Student, Online, Out of State, Tempe, W.P. Carey School of Business]
ERROR:cron.jobs:refresh_salesforce_roles: failed for marahm12 (Discord ID 750458756784980100): Failed to refresh Salesforce-based roles: Discord user 750458756784980100 is not a member of the guild
ERROR:cron.jobs:refresh_salesforce_roles: failed for vmuthu12 (Discord ID 827926513440784435): Failed to refresh Salesforce-based roles: Discord user 827926513440784435 is not a member of the guild
Ignoring exception in on_member_update
Traceback (most recent call last):
  File "/usr/local/lib/python3.12/site-packages/discord/client.py", line 465, in _run_event
    await coro(*args, **kwargs)
  File "/app/asu_discord/cogs/analytics.py", line 652, in on_member_update
    before_timeout = before.timed_out_until
                     ^^^^^^^^^^^^^^^^^^^^^^
AttributeError: 'Member' object has no attribute 'timed_out_until'
Ignoring exception in on_member_update
Traceback (most recent call last):
  File "/usr/local/lib/python3.12/site-packages/discord/client.py", line 465, in _run_event
    await coro(*args, **kwargs)
  File "/app/asu_discord/cogs/analytics.py", line 652, in on_member_update
    before_timeout = before.timed_out_until
                     ^^^^^^^^^^^^^^^^^^^^^^
AttributeError: 'Member' object has no attribute 'timed_out_until'
Ignoring exception in on_member_update
Traceback (most recent call last):
  File "/usr/local/lib/python3.12/site-packages/discord/client.py", line 465, in _run_event
    await coro(*args, **kwargs)
  File "/app/asu_discord/cogs/analytics.py", line 652, in on_member_update
    before_timeout = before.timed_out_until
                     ^^^^^^^^^^^^^^^^^^^^^^
AttributeError: 'Member' object has no attribute 'timed_out_until'
Ignoring exception in on_member_update
Traceback (most recent call last):
  File "/usr/local/lib/python3.12/site-packages/discord/client.py", line 465, in _run_event
    await coro(*args, **kwargs)
  File "/app/asu_discord/cogs/analytics.py", line 652, in on_member_update
    before_timeout = before.timed_out_until
                     ^^^^^^^^^^^^^^^^^^^^^^
AttributeError: 'Member' object has no attribute 'timed_out_until'
Ignoring exception in on_member_update
Traceback (most recent call last):
  File "/usr/local/lib/python3.12/site-packages/discord/client.py", line 465, in _run_event
    await coro(*args, **kwargs)
  File "/app/asu_discord/cogs/analytics.py", line 652, in on_member_update
    before_timeout = before.timed_out_until
                     ^^^^^^^^^^^^^^^^^^^^^^
AttributeError: 'Member' object has no attribute 'timed_out_until'
Ignoring exception in on_member_update
Traceback (most recent call last):
  File "/usr/local/lib/python3.12/site-packages/discord/client.py", line 465, in _run_event
    await coro(*args, **kwargs)
  File "/app/asu_discord/cogs/analytics.py", line 652, in on_member_update
    before_timeout = before.timed_out_until
                     ^^^^^^^^^^^^^^^^^^^^^^
AttributeError: 'Member' object has no attribute 'timed_out_until'
Ignoring exception in on_member_update
Traceback (most recent call last):
  File "/usr/local/lib/python3.12/site-packages/discord/client.py", line 465, in _run_event
    await coro(*args, **kwargs)
  File "/app/asu_discord/cogs/analytics.py", line 652, in on_member_update
    before_timeout = before.timed_out_until
                     ^^^^^^^^^^^^^^^^^^^^^^
AttributeError: 'Member' object has no attribute 'timed_out_until'
Ignoring exception in on_member_update
Traceback (most recent call last):
  File "/usr/local/lib/python3.12/site-packages/discord/client.py", line 465, in _run_event
    await coro(*args, **kwargs)
  File "/app/asu_discord/cogs/analytics.py", line 652, in on_member_update
    before_timeout = before.timed_out_until
                     ^^^^^^^^^^^^^^^^^^^^^^
AttributeError: 'Member' object has no attribute 'timed_out_until'
Ignoring exception in on_member_update
Traceback (most recent call last):
  File "/usr/local/lib/python3.12/site-packages/discord/client.py", line 465, in _run_event
    await coro(*args, **kwargs)
  File "/app/asu_discord/cogs/analytics.py", line 652, in on_member_update
    before_timeout = before.timed_out_until
                     ^^^^^^^^^^^^^^^^^^^^^^
AttributeError: 'Member' object has no attribute 'timed_out_until'
Ignoring exception in on_member_update
Traceback (most recent call last):
  File "/usr/local/lib/python3.12/site-packages/discord/client.py", line 465, in _run_event
    await coro(*args, **kwargs)
  File "/app/asu_discord/cogs/analytics.py", line 652, in on_member_update
    before_timeout = before.timed_out_until
                     ^^^^^^^^^^^^^^^^^^^^^^
AttributeError: 'Member' object has no attribute 'timed_out_until'
INFO:asu_discord.cogs.verification:Saved 5 roles to database for user jlermas (Discord ID: 810344226255667260)
INFO:asu_discord.cogs.verification:Refreshed Salesforce roles for Discord user 810344226255667260: -5/+5 roles, assigned=[Arizona Resident, Downtown Phoenix, First Generation Student, First Year, Watts College of Public Service and Community Solutions]
Ignoring exception in on_member_update
Traceback (most recent call last):
  File "/usr/local/lib/python3.12/site-packages/discord/client.py", line 465, in _run_event
    await coro(*args, **kwargs)
  File "/app/asu_discord/cogs/analytics.py", line 652, in on_member_update
    before_timeout = before.timed_out_until
                     ^^^^^^^^^^^^^^^^^^^^^^
AttributeError: 'Member' object has no attribute 'timed_out_until'
Ignoring exception in on_member_update
Traceback (most recent call last):
  File "/usr/local/lib/python3.12/site-packages/discord/client.py", line 465, in _run_event
    await coro(*args, **kwargs)
  File "/app/asu_discord/cogs/analytics.py", line 652, in on_member_update
    before_timeout = before.timed_out_until
                     ^^^^^^^^^^^^^^^^^^^^^^
AttributeError: 'Member' object has no attribute 'timed_out_until'
Ignoring exception in on_member_update
Traceback (most recent call last):
  File "/usr/local/lib/python3.12/site-packages/discord/client.py", line 465, in _run_event
    await coro(*args, **kwargs)
  File "/app/asu_discord/cogs/analytics.py", line 652, in on_member_update
    before_timeout = before.timed_out_until
                     ^^^^^^^^^^^^^^^^^^^^^^
AttributeError: 'Member' object has no attribute 'timed_out_until'
Ignoring exception in on_member_update
Traceback (most recent call last):
  File "/usr/local/lib/python3.12/site-packages/discord/client.py", line 465, in _run_event
    await coro(*args, **kwargs)
  File "/app/asu_discord/cogs/analytics.py", line 652, in on_member_update
    before_timeout = before.timed_out_until
                     ^^^^^^^^^^^^^^^^^^^^^^
AttributeError: 'Member' object has no attribute 'timed_out_until'
Ignoring exception in on_member_update
Traceback (most recent call last):
  File "/usr/local/lib/python3.12/site-packages/discord/client.py", line 465, in _run_event
    await coro(*args, **kwargs)
  File "/app/asu_discord/cogs/analytics.py", line 652, in on_member_update
    before_timeout = before.timed_out_until
                     ^^^^^^^^^^^^^^^^^^^^^^
AttributeError: 'Member' object has no attribute 'timed_out_until'
Ignoring exception in on_member_update
Traceback (most recent call last):
  File "/usr/local/lib/python3.12/site-packages/discord/client.py", line 465, in _run_event
    await coro(*args, **kwargs)
  File "/app/asu_discord/cogs/analytics.py", line 652, in on_member_update
    before_timeout = before.timed_out_until
                     ^^^^^^^^^^^^^^^^^^^^^^
AttributeError: 'Member' object has no attribute 'timed_out_until'
Ignoring exception in on_member_update
Traceback (most recent call last):
  File "/usr/local/lib/python3.12/site-packages/discord/client.py", line 465, in _run_event
    await coro(*args, **kwargs)
  File "/app/asu_discord/cogs/analytics.py", line 652, in on_member_update
    before_timeout = before.timed_out_until
                     ^^^^^^^^^^^^^^^^^^^^^^
AttributeError: 'Member' object has no attribute 'timed_out_until'
Ignoring exception in on_member_update
Traceback (most recent call last):
  File "/usr/local/lib/python3.12/site-packages/discord/client.py", line 465, in _run_event
    await coro(*args, **kwargs)
  File "/app/asu_discord/cogs/analytics.py", line 652, in on_member_update
    before_timeout = before.timed_out_until
                     ^^^^^^^^^^^^^^^^^^^^^^
AttributeError: 'Member' object has no attribute 'timed_out_until'
Ignoring exception in on_member_update
Traceback (most recent call last):
  File "/usr/local/lib/python3.12/site-packages/discord/client.py", line 465, in _run_event
    await coro(*args, **kwargs)
  File "/app/asu_discord/cogs/analytics.py", line 652, in on_member_update
    before_timeout = before.timed_out_until
                     ^^^^^^^^^^^^^^^^^^^^^^
AttributeError: 'Member' object has no attribute 'timed_out_until'
Ignoring exception in on_member_update
Traceback (most recent call last):
  File "/usr/local/lib/python3.12/site-packages/discord/client.py", line 465, in _run_event
    await coro(*args, **kwargs)
  File "/app/asu_discord/cogs/analytics.py", line 652, in on_member_update
    before_timeout = before.timed_out_until
                     ^^^^^^^^^^^^^^^^^^^^^^
AttributeError: 'Member' object has no attribute 'timed_out_until'
INFO:asu_discord.cogs.verification:Saved 5 roles to database for user dhruvdev (Discord ID: 771821106352750613)
INFO:asu_discord.cogs.verification:Refreshed Salesforce roles for Discord user 771821106352750613: -5/+5 roles, assigned=[Commited, Ira A. Fulton Schools of Engineering, Out of State, Polytechnic, Transfer Student]
ERROR:cron.jobs:refresh_salesforce_roles: failed for kpaikpat (Discord ID 473609866758455318): Failed to refresh Salesforce-based roles: Discord user 473609866758455318 is not a member of the guild
Ignoring exception in on_member_update
Traceback (most recent call last):
  File "/usr/local/lib/python3.12/site-packages/discord/client.py", line 465, in _run_event
    await coro(*args, **kwargs)
  File "/app/asu_discord/cogs/analytics.py", line 652, in on_member_update
    before_timeout = before.timed_out_until
                     ^^^^^^^^^^^^^^^^^^^^^^
AttributeError: 'Member' object has no attribute 'timed_out_until'
Ignoring exception in on_member_update
Traceback (most recent call last):
  File "/usr/local/lib/python3.12/site-packages/discord/client.py", line 465, in _run_event
    await coro(*args, **kwargs)
  File "/app/asu_discord/cogs/analytics.py", line 652, in on_member_update
    before_timeout = before.timed_out_until
                     ^^^^^^^^^^^^^^^^^^^^^^
AttributeError: 'Member' object has no attribute 'timed_out_until'
Ignoring exception in on_member_update
Traceback (most recent call last):
  File "/usr/local/lib/python3.12/site-packages/discord/client.py", line 465, in _run_event
    await coro(*args, **kwargs)
  File "/app/asu_discord/cogs/analytics.py", line 652, in on_member_update
    before_timeout = before.timed_out_until
                     ^^^^^^^^^^^^^^^^^^^^^^
AttributeError: 'Member' object has no attribute 'timed_out_until'
Ignoring exception in on_member_update
Traceback (most recent call last):
  File "/usr/local/lib/python3.12/site-packages/discord/client.py", line 465, in _run_event
    await coro(*args, **kwargs)
  File "/app/asu_discord/cogs/analytics.py", line 652, in on_member_update
    before_timeout = before.timed_out_until
                     ^^^^^^^^^^^^^^^^^^^^^^
AttributeError: 'Member' object has no attribute 'timed_out_until'
Ignoring exception in on_member_update
Traceback (most recent call last):
  File "/usr/local/lib/python3.12/site-packages/discord/client.py", line 465, in _run_event
    await coro(*args, **kwargs)
  File "/app/asu_discord/cogs/analytics.py", line 652, in on_member_update
    before_timeout = before.timed_out_until
                     ^^^^^^^^^^^^^^^^^^^^^^
AttributeError: 'Member' object has no attribute 'timed_out_until'
Ignoring exception in on_member_update
Traceback (most recent call last):
  File "/usr/local/lib/python3.12/site-packages/discord/client.py", line 465, in _run_event
    await coro(*args, **kwargs)
  File "/app/asu_discord/cogs/analytics.py", line 652, in on_member_update
    before_timeout = before.timed_out_until
                     ^^^^^^^^^^^^^^^^^^^^^^
AttributeError: 'Member' object has no attribute 'timed_out_until'
Ignoring exception in on_member_update
Traceback (most recent call last):
  File "/usr/local/lib/python3.12/site-packages/discord/client.py", line 465, in _run_event
    await coro(*args, **kwargs)
  File "/app/asu_discord/cogs/analytics.py", line 652, in on_member_update
    before_timeout = before.timed_out_until
                     ^^^^^^^^^^^^^^^^^^^^^^
AttributeError: 'Member' object has no attribute 'timed_out_until'
Ignoring exception in on_member_update
Traceback (most recent call last):
  File "/usr/local/lib/python3.12/site-packages/discord/client.py", line 465, in _run_event
    await coro(*args, **kwargs)
  File "/app/asu_discord/cogs/analytics.py", line 652, in on_member_update
    before_timeout = before.timed_out_until
                     ^^^^^^^^^^^^^^^^^^^^^^
AttributeError: 'Member' object has no attribute 'timed_out_until'
Ignoring exception in on_member_update
Traceback (most recent call last):
  File "/usr/local/lib/python3.12/site-packages/discord/client.py", line 465, in _run_event
    await coro(*args, **kwargs)
  File "/app/asu_discord/cogs/analytics.py", line 652, in on_member_update
    before_timeout = before.timed_out_until
                     ^^^^^^^^^^^^^^^^^^^^^^
AttributeError: 'Member' object has no attribute 'timed_out_until'
Ignoring exception in on_member_update
Traceback (most recent call last):
  File "/usr/local/lib/python3.12/site-packages/discord/client.py", line 465, in _run_event
    await coro(*args, **kwargs)
  File "/app/asu_discord/cogs/analytics.py", line 652, in on_member_update
    before_timeout = before.timed_out_until
                     ^^^^^^^^^^^^^^^^^^^^^^
AttributeError: 'Member' object has no attribute 'timed_out_until'
INFO:asu_discord.cogs.verification:Saved 5 roles to database for user habdal13 (Discord ID: 1489519008448512080)
INFO:asu_discord.cogs.verification:Refreshed Salesforce roles for Discord user 1489519008448512080: -5/+5 roles, assigned=[Commited, Downtown Phoenix, Graduate Student, International Student, Walter Cronkite School of Journalism and Mass Communication]
Ignoring exception in on_member_update
Traceback (most recent call last):
  File "/usr/local/lib/python3.12/site-packages/discord/client.py", line 465, in _run_event
    await coro(*args, **kwargs)
  File "/app/asu_discord/cogs/analytics.py", line 652, in on_member_update
    before_timeout = before.timed_out_until
                     ^^^^^^^^^^^^^^^^^^^^^^
AttributeError: 'Member' object has no attribute 'timed_out_until'
Ignoring exception in on_member_update
Traceback (most recent call last):
  File "/usr/local/lib/python3.12/site-packages/discord/client.py", line 465, in _run_event
    await coro(*args, **kwargs)
  File "/app/asu_discord/cogs/analytics.py", line 652, in on_member_update
    before_timeout = before.timed_out_until
                     ^^^^^^^^^^^^^^^^^^^^^^
AttributeError: 'Member' object has no attribute 'timed_out_until'
Ignoring exception in on_member_update
Traceback (most recent call last):
  File "/usr/local/lib/python3.12/site-packages/discord/client.py", line 465, in _run_event
    await coro(*args, **kwargs)
  File "/app/asu_discord/cogs/analytics.py", line 652, in on_member_update
    before_timeout = before.timed_out_until
                     ^^^^^^^^^^^^^^^^^^^^^^
AttributeError: 'Member' object has no attribute 'timed_out_until'
Ignoring exception in on_member_update
Traceback (most recent call last):
  File "/usr/local/lib/python3.12/site-packages/discord/client.py", line 465, in _run_event
    await coro(*args, **kwargs)
  File "/app/asu_discord/cogs/analytics.py", line 652, in on_member_update
    before_timeout = before.timed_out_until
                     ^^^^^^^^^^^^^^^^^^^^^^
AttributeError: 'Member' object has no attribute 'timed_out_until'
Ignoring exception in on_member_update
Traceback (most recent call last):
  File "/usr/local/lib/python3.12/site-packages/discord/client.py", line 465, in _run_event
    await coro(*args, **kwargs)
  File "/app/asu_discord/cogs/analytics.py", line 652, in on_member_update
    before_timeout = before.timed_out_until
                     ^^^^^^^^^^^^^^^^^^^^^^
AttributeError: 'Member' object has no attribute 'timed_out_until'
Ignoring exception in on_member_update
Traceback (most recent call last):
  File "/usr/local/lib/python3.12/site-packages/discord/client.py", line 465, in _run_event
    await coro(*args, **kwargs)
  File "/app/asu_discord/cogs/analytics.py", line 652, in on_member_update
    before_timeout = before.timed_out_until
                     ^^^^^^^^^^^^^^^^^^^^^^
AttributeError: 'Member' object has no attribute 'timed_out_until'
Ignoring exception in on_member_update
Traceback (most recent call last):
  File "/usr/local/lib/python3.12/site-packages/discord/client.py", line 465, in _run_event
    await coro(*args, **kwargs)
  File "/app/asu_discord/cogs/analytics.py", line 652, in on_member_update
    before_timeout = before.timed_out_until
                     ^^^^^^^^^^^^^^^^^^^^^^
AttributeError: 'Member' object has no attribute 'timed_out_until'
Ignoring exception in on_member_update
Traceback (most recent call last):
  File "/usr/local/lib/python3.12/site-packages/discord/client.py", line 465, in _run_event
    await coro(*args, **kwargs)
  File "/app/asu_discord/cogs/analytics.py", line 652, in on_member_update
    before_timeout = before.timed_out_until
                     ^^^^^^^^^^^^^^^^^^^^^^
AttributeError: 'Member' object has no attribute 'timed_out_until'
Ignoring exception in on_member_update
Traceback (most recent call last):
  File "/usr/local/lib/python3.12/site-packages/discord/client.py", line 465, in _run_event
    await coro(*args, **kwargs)
  File "/app/asu_discord/cogs/analytics.py", line 652, in on_member_update
    before_timeout = before.timed_out_until
                     ^^^^^^^^^^^^^^^^^^^^^^
AttributeError: 'Member' object has no attribute 'timed_out_until'
Ignoring exception in on_member_update
Traceback (most recent call last):
  File "/usr/local/lib/python3.12/site-packages/discord/client.py", line 465, in _run_event
    await coro(*args, **kwargs)
  File "/app/asu_discord/cogs/analytics.py", line 652, in on_member_update
    before_timeout = before.timed_out_until
                     ^^^^^^^^^^^^^^^^^^^^^^
AttributeError: 'Member' object has no attribute 'timed_out_until'
INFO:asu_discord.cogs.verification:Saved 5 roles to database for user aguhama1 (Discord ID: 927796851900555334)
INFO:asu_discord.cogs.verification:Refreshed Salesforce roles for Discord user 927796851900555334: -5/+5 roles, assigned=[Commited, Graduate Student, International Student, Ira A. Fulton Schools of Engineering, Tempe]
ERROR:cron.jobs:refresh_salesforce_roles: failed for adhadle2 (Discord ID 807360018562678845): Failed to refresh Salesforce-based roles: Discord user 807360018562678845 is not a member of the guild
Ignoring exception in on_member_update
Traceback (most recent call last):
  File "/usr/local/lib/python3.12/site-packages/discord/client.py", line 465, in _run_event
    await coro(*args, **kwargs)
  File "/app/asu_discord/cogs/analytics.py", line 652, in on_member_update
    before_timeout = before.timed_out_until
                     ^^^^^^^^^^^^^^^^^^^^^^
AttributeError: 'Member' object has no attribute 'timed_out_until'
Ignoring exception in on_member_update
Traceback (most recent call last):
  File "/usr/local/lib/python3.12/site-packages/discord/client.py", line 465, in _run_event
    await coro(*args, **kwargs)
  File "/app/asu_discord/cogs/analytics.py", line 652, in on_member_update
    before_timeout = before.timed_out_until
                     ^^^^^^^^^^^^^^^^^^^^^^
AttributeError: 'Member' object has no attribute 'timed_out_until'
Ignoring exception in on_member_update
Traceback (most recent call last):
  File "/usr/local/lib/python3.12/site-packages/discord/client.py", line 465, in _run_event
    await coro(*args, **kwargs)
  File "/app/asu_discord/cogs/analytics.py", line 652, in on_member_update
    before_timeout = before.timed_out_until
                     ^^^^^^^^^^^^^^^^^^^^^^
AttributeError: 'Member' object has no attribute 'timed_out_until'
Ignoring exception in on_member_update
Traceback (most recent call last):
  File "/usr/local/lib/python3.12/site-packages/discord/client.py", line 465, in _run_event
    await coro(*args, **kwargs)
  File "/app/asu_discord/cogs/analytics.py", line 652, in on_member_update
    before_timeout = before.timed_out_until
                     ^^^^^^^^^^^^^^^^^^^^^^
AttributeError: 'Member' object has no attribute 'timed_out_until'
Ignoring exception in on_member_update
Traceback (most recent call last):
  File "/usr/local/lib/python3.12/site-packages/discord/client.py", line 465, in _run_event
    await coro(*args, **kwargs)
  File "/app/asu_discord/cogs/analytics.py", line 652, in on_member_update
    before_timeout = before.timed_out_until
                     ^^^^^^^^^^^^^^^^^^^^^^
AttributeError: 'Member' object has no attribute 'timed_out_until'
Ignoring exception in on_member_update
Traceback (most recent call last):
  File "/usr/local/lib/python3.12/site-packages/discord/client.py", line 465, in _run_event
    await coro(*args, **kwargs)
  File "/app/asu_discord/cogs/analytics.py", line 652, in on_member_update
    before_timeout = before.timed_out_until
                     ^^^^^^^^^^^^^^^^^^^^^^
AttributeError: 'Member' object has no attribute 'timed_out_until'
Ignoring exception in on_member_update
Traceback (most recent call last):
  File "/usr/local/lib/python3.12/site-packages/discord/client.py", line 465, in _run_event
    await coro(*args, **kwargs)
  File "/app/asu_discord/cogs/analytics.py", line 652, in on_member_update
    before_timeout = before.timed_out_until
                     ^^^^^^^^^^^^^^^^^^^^^^
AttributeError: 'Member' object has no attribute 'timed_out_until'
Ignoring exception in on_member_update
Traceback (most recent call last):
  File "/usr/local/lib/python3.12/site-packages/discord/client.py", line 465, in _run_event
    await coro(*args, **kwargs)
  File "/app/asu_discord/cogs/analytics.py", line 652, in on_member_update
    before_timeout = before.timed_out_until
                     ^^^^^^^^^^^^^^^^^^^^^^
AttributeError: 'Member' object has no attribute 'timed_out_until'
Ignoring exception in on_member_update
Traceback (most recent call last):
  File "/usr/local/lib/python3.12/site-packages/discord/client.py", line 465, in _run_event
    await coro(*args, **kwargs)
  File "/app/asu_discord/cogs/analytics.py", line 652, in on_member_update
    before_timeout = before.timed_out_until
                     ^^^^^^^^^^^^^^^^^^^^^^
AttributeError: 'Member' object has no attribute 'timed_out_until'
Ignoring exception in on_member_update
Traceback (most recent call last):
  File "/usr/local/lib/python3.12/site-packages/discord/client.py", line 465, in _run_event
    await coro(*args, **kwargs)
  File "/app/asu_discord/cogs/analytics.py", line 652, in on_member_update
    before_timeout = before.timed_out_until
                     ^^^^^^^^^^^^^^^^^^^^^^
AttributeError: 'Member' object has no attribute 'timed_out_until'
INFO:asu_discord.cogs.verification:Saved 5 roles to database for user smurug30 (Discord ID: 917085959911268403)
INFO:asu_discord.cogs.verification:Refreshed Salesforce roles for Discord user 917085959911268403: -5/+5 roles, assigned=[Commited, Graduate Student, International Student, Ira A. Fulton Schools of Engineering, Polytechnic]
Ignoring exception in on_member_update
Traceback (most recent call last):
  File "/usr/local/lib/python3.12/site-packages/discord/client.py", line 465, in _run_event
    await coro(*args, **kwargs)
  File "/app/asu_discord/cogs/analytics.py", line 652, in on_member_update
    before_timeout = before.timed_out_until
                     ^^^^^^^^^^^^^^^^^^^^^^
AttributeError: 'Member' object has no attribute 'timed_out_until'
Ignoring exception in on_member_update
Traceback (most recent call last):
  File "/usr/local/lib/python3.12/site-packages/discord/client.py", line 465, in _run_event
    await coro(*args, **kwargs)
  File "/app/asu_discord/cogs/analytics.py", line 652, in on_member_update
    before_timeout = before.timed_out_until
                     ^^^^^^^^^^^^^^^^^^^^^^
AttributeError: 'Member' object has no attribute 'timed_out_until'
Ignoring exception in on_member_update
Traceback (most recent call last):
  File "/usr/local/lib/python3.12/site-packages/discord/client.py", line 465, in _run_event
    await coro(*args, **kwargs)
  File "/app/asu_discord/cogs/analytics.py", line 652, in on_member_update
    before_timeout = before.timed_out_until
                     ^^^^^^^^^^^^^^^^^^^^^^
AttributeError: 'Member' object has no attribute 'timed_out_until'
Ignoring exception in on_member_update
Traceback (most recent call last):
  File "/usr/local/lib/python3.12/site-packages/discord/client.py", line 465, in _run_event
    await coro(*args, **kwargs)
  File "/app/asu_discord/cogs/analytics.py", line 652, in on_member_update
    before_timeout = before.timed_out_until
                     ^^^^^^^^^^^^^^^^^^^^^^
AttributeError: 'Member' object has no attribute 'timed_out_until'
Ignoring exception in on_member_update
Traceback (most recent call last):
  File "/usr/local/lib/python3.12/site-packages/discord/client.py", line 465, in _run_event
    await coro(*args, **kwargs)
  File "/app/asu_discord/cogs/analytics.py", line 652, in on_member_update
    before_timeout = before.timed_out_until
                     ^^^^^^^^^^^^^^^^^^^^^^
AttributeError: 'Member' object has no attribute 'timed_out_until'
Ignoring exception in on_member_update
Traceback (most recent call last):
  File "/usr/local/lib/python3.12/site-packages/discord/client.py", line 465, in _run_event
    await coro(*args, **kwargs)
  File "/app/asu_discord/cogs/analytics.py", line 652, in on_member_update
    before_timeout = before.timed_out_until
                     ^^^^^^^^^^^^^^^^^^^^^^
AttributeError: 'Member' object has no attribute 'timed_out_until'
Ignoring exception in on_member_update
Traceback (most recent call last):
  File "/usr/local/lib/python3.12/site-packages/discord/client.py", line 465, in _run_event
    await coro(*args, **kwargs)
  File "/app/asu_discord/cogs/analytics.py", line 652, in on_member_update
    before_timeout = before.timed_out_until
                     ^^^^^^^^^^^^^^^^^^^^^^
AttributeError: 'Member' object has no attribute 'timed_out_until'
Ignoring exception in on_member_update
Traceback (most recent call last):
  File "/usr/local/lib/python3.12/site-packages/discord/client.py", line 465, in _run_event
    await coro(*args, **kwargs)
  File "/app/asu_discord/cogs/analytics.py", line 652, in on_member_update
    before_timeout = before.timed_out_until
                     ^^^^^^^^^^^^^^^^^^^^^^
AttributeError: 'Member' object has no attribute 'timed_out_until'
Ignoring exception in on_member_update
Traceback (most recent call last):
  File "/usr/local/lib/python3.12/site-packages/discord/client.py", line 465, in _run_event
    await coro(*args, **kwargs)
  File "/app/asu_discord/cogs/analytics.py", line 652, in on_member_update
    before_timeout = before.timed_out_until
                     ^^^^^^^^^^^^^^^^^^^^^^
AttributeError: 'Member' object has no attribute 'timed_out_until'
Ignoring exception in on_member_update
Traceback (most recent call last):
  File "/usr/local/lib/python3.12/site-packages/discord/client.py", line 465, in _run_event
    await coro(*args, **kwargs)
  File "/app/asu_discord/cogs/analytics.py", line 652, in on_member_update
    before_timeout = before.timed_out_until
                     ^^^^^^^^^^^^^^^^^^^^^^
AttributeError: 'Member' object has no attribute 'timed_out_until'
INFO:asu_discord.cogs.verification:Saved 5 roles to database for user nmondy (Discord ID: 1494355543408513095)
INFO:asu_discord.cogs.verification:Refreshed Salesforce roles for Discord user 1494355543408513095: -5/+5 roles, assigned=[First Generation Student, Graduate Student, Out of State, Tempe, W.P. Carey School of Business]
Ignoring exception in on_member_update
Traceback (most recent call last):
  File "/usr/local/lib/python3.12/site-packages/discord/client.py", line 465, in _run_event
    await coro(*args, **kwargs)
  File "/app/asu_discord/cogs/analytics.py", line 652, in on_member_update
    before_timeout = before.timed_out_until
                     ^^^^^^^^^^^^^^^^^^^^^^
AttributeError: 'Member' object has no attribute 'timed_out_until'
Ignoring exception in on_member_update
Traceback (most recent call last):
  File "/usr/local/lib/python3.12/site-packages/discord/client.py", line 465, in _run_event
    await coro(*args, **kwargs)
  File "/app/asu_discord/cogs/analytics.py", line 652, in on_member_update
    before_timeout = before.timed_out_until
                     ^^^^^^^^^^^^^^^^^^^^^^
AttributeError: 'Member' object has no attribute 'timed_out_until'
Ignoring exception in on_member_update
Traceback (most recent call last):
  File "/usr/local/lib/python3.12/site-packages/discord/client.py", line 465, in _run_event
    await coro(*args, **kwargs)
  File "/app/asu_discord/cogs/analytics.py", line 652, in on_member_update
    before_timeout = before.timed_out_until
                     ^^^^^^^^^^^^^^^^^^^^^^
AttributeError: 'Member' object has no attribute 'timed_out_until'
Ignoring exception in on_member_update
Traceback (most recent call last):
  File "/usr/local/lib/python3.12/site-packages/discord/client.py", line 465, in _run_event
    await coro(*args, **kwargs)
  File "/app/asu_discord/cogs/analytics.py", line 652, in on_member_update
    before_timeout = before.timed_out_until
                     ^^^^^^^^^^^^^^^^^^^^^^
AttributeError: 'Member' object has no attribute 'timed_out_until'
Ignoring exception in on_member_update
Traceback (most recent call last):
  File "/usr/local/lib/python3.12/site-packages/discord/client.py", line 465, in _run_event
    await coro(*args, **kwargs)
  File "/app/asu_discord/cogs/analytics.py", line 652, in on_member_update
    before_timeout = before.timed_out_until
                     ^^^^^^^^^^^^^^^^^^^^^^
AttributeError: 'Member' object has no attribute 'timed_out_until'
Ignoring exception in on_member_update
Traceback (most recent call last):
  File "/usr/local/lib/python3.12/site-packages/discord/client.py", line 465, in _run_event
    await coro(*args, **kwargs)
  File "/app/asu_discord/cogs/analytics.py", line 652, in on_member_update
    before_timeout = before.timed_out_until
                     ^^^^^^^^^^^^^^^^^^^^^^
AttributeError: 'Member' object has no attribute 'timed_out_until'
Ignoring exception in on_member_update
Traceback (most recent call last):
  File "/usr/local/lib/python3.12/site-packages/discord/client.py", line 465, in _run_event
    await coro(*args, **kwargs)
  File "/app/asu_discord/cogs/analytics.py", line 652, in on_member_update
    before_timeout = before.timed_out_until
                     ^^^^^^^^^^^^^^^^^^^^^^
AttributeError: 'Member' object has no attribute 'timed_out_until'
Ignoring exception in on_member_update
Traceback (most recent call last):
  File "/usr/local/lib/python3.12/site-packages/discord/client.py", line 465, in _run_event
    await coro(*args, **kwargs)
  File "/app/asu_discord/cogs/analytics.py", line 652, in on_member_update
    before_timeout = before.timed_out_until
                     ^^^^^^^^^^^^^^^^^^^^^^
AttributeError: 'Member' object has no attribute 'timed_out_until'
Ignoring exception in on_member_update
Traceback (most recent call last):
  File "/usr/local/lib/python3.12/site-packages/discord/client.py", line 465, in _run_event
    await coro(*args, **kwargs)
  File "/app/asu_discord/cogs/analytics.py", line 652, in on_member_update
    before_timeout = before.timed_out_until
                     ^^^^^^^^^^^^^^^^^^^^^^
AttributeError: 'Member' object has no attribute 'timed_out_until'
Ignoring exception in on_member_update
Traceback (most recent call last):
  File "/usr/local/lib/python3.12/site-packages/discord/client.py", line 465, in _run_event
    await coro(*args, **kwargs)
  File "/app/asu_discord/cogs/analytics.py", line 652, in on_member_update
    before_timeout = before.timed_out_until
                     ^^^^^^^^^^^^^^^^^^^^^^
AttributeError: 'Member' object has no attribute 'timed_out_until'
INFO:asu_discord.cogs.verification:Saved 5 roles to database for user sismai11 (Discord ID: 459223763238518794)
INFO:asu_discord.cogs.verification:Refreshed Salesforce roles for Discord user 459223763238518794: -5/+5 roles, assigned=[Commited, First Year, International Student, Ira A. Fulton Schools of Engineering, West Valley]
Ignoring exception in on_member_update
Traceback (most recent call last):
  File "/usr/local/lib/python3.12/site-packages/discord/client.py", line 465, in _run_event
    await coro(*args, **kwargs)
  File "/app/asu_discord/cogs/analytics.py", line 652, in on_member_update
    before_timeout = before.timed_out_until
                     ^^^^^^^^^^^^^^^^^^^^^^
AttributeError: 'Member' object has no attribute 'timed_out_until'
Ignoring exception in on_member_update
Traceback (most recent call last):
  File "/usr/local/lib/python3.12/site-packages/discord/client.py", line 465, in _run_event
    await coro(*args, **kwargs)
  File "/app/asu_discord/cogs/analytics.py", line 652, in on_member_update
    before_timeout = before.timed_out_until
                     ^^^^^^^^^^^^^^^^^^^^^^
AttributeError: 'Member' object has no attribute 'timed_out_until'
Ignoring exception in on_member_update
Traceback (most recent call last):
  File "/usr/local/lib/python3.12/site-packages/discord/client.py", line 465, in _run_event
    await coro(*args, **kwargs)
  File "/app/asu_discord/cogs/analytics.py", line 652, in on_member_update
    before_timeout = before.timed_out_until
                     ^^^^^^^^^^^^^^^^^^^^^^
AttributeError: 'Member' object has no attribute 'timed_out_until'
Ignoring exception in on_member_update
Traceback (most recent call last):
  File "/usr/local/lib/python3.12/site-packages/discord/client.py", line 465, in _run_event
    await coro(*args, **kwargs)
  File "/app/asu_discord/cogs/analytics.py", line 652, in on_member_update
    before_timeout = before.timed_out_until
                     ^^^^^^^^^^^^^^^^^^^^^^
AttributeError: 'Member' object has no attribute 'timed_out_until'
Ignoring exception in on_member_update
Traceback (most recent call last):
  File "/usr/local/lib/python3.12/site-packages/discord/client.py", line 465, in _run_event
    await coro(*args, **kwargs)
  File "/app/asu_discord/cogs/analytics.py", line 652, in on_member_update
    before_timeout = before.timed_out_until
                     ^^^^^^^^^^^^^^^^^^^^^^
AttributeError: 'Member' object has no attribute 'timed_out_until'
Ignoring exception in on_member_update
Traceback (most recent call last):
  File "/usr/local/lib/python3.12/site-packages/discord/client.py", line 465, in _run_event
    await coro(*args, **kwargs)
  File "/app/asu_discord/cogs/analytics.py", line 652, in on_member_update
    before_timeout = before.timed_out_until
                     ^^^^^^^^^^^^^^^^^^^^^^
AttributeError: 'Member' object has no attribute 'timed_out_until'
Ignoring exception in on_member_update
Traceback (most recent call last):
  File "/usr/local/lib/python3.12/site-packages/discord/client.py", line 465, in _run_event
    await coro(*args, **kwargs)
  File "/app/asu_discord/cogs/analytics.py", line 652, in on_member_update
    before_timeout = before.timed_out_until
                     ^^^^^^^^^^^^^^^^^^^^^^
AttributeError: 'Member' object has no attribute 'timed_out_until'
Ignoring exception in on_member_update
Traceback (most recent call last):
  File "/usr/local/lib/python3.12/site-packages/discord/client.py", line 465, in _run_event
    await coro(*args, **kwargs)
  File "/app/asu_discord/cogs/analytics.py", line 652, in on_member_update
    before_timeout = before.timed_out_until
                     ^^^^^^^^^^^^^^^^^^^^^^
AttributeError: 'Member' object has no attribute 'timed_out_until'
Ignoring exception in on_member_update
Traceback (most recent call last):
  File "/usr/local/lib/python3.12/site-packages/discord/client.py", line 465, in _run_event
    await coro(*args, **kwargs)
  File "/app/asu_discord/cogs/analytics.py", line 652, in on_member_update
    before_timeout = before.timed_out_until
                     ^^^^^^^^^^^^^^^^^^^^^^
AttributeError: 'Member' object has no attribute 'timed_out_until'
Ignoring exception in on_member_update
Traceback (most recent call last):
  File "/usr/local/lib/python3.12/site-packages/discord/client.py", line 465, in _run_event
    await coro(*args, **kwargs)
  File "/app/asu_discord/cogs/analytics.py", line 652, in on_member_update
    before_timeout = before.timed_out_until
                     ^^^^^^^^^^^^^^^^^^^^^^
AttributeError: 'Member' object has no attribute 'timed_out_until'
ERROR:cron.jobs:refresh_salesforce_roles: failed for asalga41 (Discord ID 869893665961693215): Timed out refresh Salesforce-based roles
Ignoring exception in on_member_update
Traceback (most recent call last):
  File "/usr/local/lib/python3.12/site-packages/discord/client.py", line 465, in _run_event
    await coro(*args, **kwargs)
  File "/app/asu_discord/cogs/analytics.py", line 652, in on_member_update
    before_timeout = before.timed_out_until
                     ^^^^^^^^^^^^^^^^^^^^^^
AttributeError: 'Member' object has no attribute 'timed_out_until'
Ignoring exception in on_member_update
Traceback (most recent call last):
  File "/usr/local/lib/python3.12/site-packages/discord/client.py", line 465, in _run_event
    await coro(*args, **kwargs)
  File "/app/asu_discord/cogs/analytics.py", line 652, in on_member_update
    before_timeout = before.timed_out_until
                     ^^^^^^^^^^^^^^^^^^^^^^
AttributeError: 'Member' object has no attribute 'timed_out_until'
Ignoring exception in on_member_update
Traceback (most recent call last):
  File "/usr/local/lib/python3.12/site-packages/discord/client.py", line 465, in _run_event
    await coro(*args, **kwargs)
  File "/app/asu_discord/cogs/analytics.py", line 652, in on_member_update
    before_timeout = before.timed_out_until
                     ^^^^^^^^^^^^^^^^^^^^^^
AttributeError: 'Member' object has no attribute 'timed_out_until'
Ignoring exception in on_member_update
Traceback (most recent call last):
  File "/usr/local/lib/python3.12/site-packages/discord/client.py", line 465, in _run_event
    await coro(*args, **kwargs)
  File "/app/asu_discord/cogs/analytics.py", line 652, in on_member_update
    before_timeout = before.timed_out_until
                     ^^^^^^^^^^^^^^^^^^^^^^
AttributeError: 'Member' object has no attribute 'timed_out_until'
Ignoring exception in on_member_update
Traceback (most recent call last):
  File "/usr/local/lib/python3.12/site-packages/discord/client.py", line 465, in _run_event
    await coro(*args, **kwargs)
  File "/app/asu_discord/cogs/analytics.py", line 652, in on_member_update
    before_timeout = before.timed_out_until
                     ^^^^^^^^^^^^^^^^^^^^^^
AttributeError: 'Member' object has no attribute 'timed_out_until'
Ignoring exception in on_member_update
Traceback (most recent call last):
  File "/usr/local/lib/python3.12/site-packages/discord/client.py", line 465, in _run_event
    await coro(*args, **kwargs)
  File "/app/asu_discord/cogs/analytics.py", line 652, in on_member_update
    before_timeout = before.timed_out_until
                     ^^^^^^^^^^^^^^^^^^^^^^
AttributeError: 'Member' object has no attribute 'timed_out_until'
Ignoring exception in on_member_update
Traceback (most recent call last):
  File "/usr/local/lib/python3.12/site-packages/discord/client.py", line 465, in _run_event
    await coro(*args, **kwargs)
  File "/app/asu_discord/cogs/analytics.py", line 652, in on_member_update
    before_timeout = before.timed_out_until
                     ^^^^^^^^^^^^^^^^^^^^^^
AttributeError: 'Member' object has no attribute 'timed_out_until'
Ignoring exception in on_member_update
Traceback (most recent call last):
  File "/usr/local/lib/python3.12/site-packages/discord/client.py", line 465, in _run_event
    await coro(*args, **kwargs)
  File "/app/asu_discord/cogs/analytics.py", line 652, in on_member_update
    before_timeout = before.timed_out_until
                     ^^^^^^^^^^^^^^^^^^^^^^
AttributeError: 'Member' object has no attribute 'timed_out_until'
Ignoring exception in on_member_update
Traceback (most recent call last):
  File "/usr/local/lib/python3.12/site-packages/discord/client.py", line 465, in _run_event
    await coro(*args, **kwargs)
  File "/app/asu_discord/cogs/analytics.py", line 652, in on_member_update
    before_timeout = before.timed_out_until
                     ^^^^^^^^^^^^^^^^^^^^^^
AttributeError: 'Member' object has no attribute 'timed_out_until'
Ignoring exception in on_member_update
Traceback (most recent call last):
  File "/usr/local/lib/python3.12/site-packages/discord/client.py", line 465, in _run_event
    await coro(*args, **kwargs)
  File "/app/asu_discord/cogs/analytics.py", line 652, in on_member_update
    before_timeout = before.timed_out_until
                     ^^^^^^^^^^^^^^^^^^^^^^
AttributeError: 'Member' object has no attribute 'timed_out_until'
INFO:asu_discord.cogs.verification:Saved 5 roles to database for user ijensen7 (Discord ID: 872309244714700811)
INFO:asu_discord.cogs.verification:Refreshed Salesforce roles for Discord user 872309244714700811: -5/+5 roles, assigned=[Arizona Resident, Commited, Ira A. Fulton Schools of Engineering, Tempe, Transfer Student]
Ignoring exception in on_member_update
Traceback (most recent call last):
  File "/usr/local/lib/python3.12/site-packages/discord/client.py", line 465, in _run_event
    await coro(*args, **kwargs)
  File "/app/asu_discord/cogs/analytics.py", line 652, in on_member_update
    before_timeout = before.timed_out_until
                     ^^^^^^^^^^^^^^^^^^^^^^
AttributeError: 'Member' object has no attribute 'timed_out_until'
Ignoring exception in on_member_update
Traceback (most recent call last):
  File "/usr/local/lib/python3.12/site-packages/discord/client.py", line 465, in _run_event
    await coro(*args, **kwargs)
  File "/app/asu_discord/cogs/analytics.py", line 652, in on_member_update
    before_timeout = before.timed_out_until
                     ^^^^^^^^^^^^^^^^^^^^^^
AttributeError: 'Member' object has no attribute 'timed_out_until'
Ignoring exception in on_member_update
Traceback (most recent call last):
  File "/usr/local/lib/python3.12/site-packages/discord/client.py", line 465, in _run_event
    await coro(*args, **kwargs)
  File "/app/asu_discord/cogs/analytics.py", line 652, in on_member_update
    before_timeout = before.timed_out_until
                     ^^^^^^^^^^^^^^^^^^^^^^
AttributeError: 'Member' object has no attribute 'timed_out_until'
Ignoring exception in on_member_update
Traceback (most recent call last):
  File "/usr/local/lib/python3.12/site-packages/discord/client.py", line 465, in _run_event
    await coro(*args, **kwargs)
  File "/app/asu_discord/cogs/analytics.py", line 652, in on_member_update
    before_timeout = before.timed_out_until
                     ^^^^^^^^^^^^^^^^^^^^^^
AttributeError: 'Member' object has no attribute 'timed_out_until'
Ignoring exception in on_member_update
Traceback (most recent call last):
  File "/usr/local/lib/python3.12/site-packages/discord/client.py", line 465, in _run_event
    await coro(*args, **kwargs)
  File "/app/asu_discord/cogs/analytics.py", line 652, in on_member_update
    before_timeout = before.timed_out_until
                     ^^^^^^^^^^^^^^^^^^^^^^
AttributeError: 'Member' object has no attribute 'timed_out_until'
Ignoring exception in on_member_update
Traceback (most recent call last):
  File "/usr/local/lib/python3.12/site-packages/discord/client.py", line 465, in _run_event
    await coro(*args, **kwargs)
  File "/app/asu_discord/cogs/analytics.py", line 652, in on_member_update
    before_timeout = before.timed_out_until
                     ^^^^^^^^^^^^^^^^^^^^^^
AttributeError: 'Member' object has no attribute 'timed_out_until'
Ignoring exception in on_member_update
Traceback (most recent call last):
  File "/usr/local/lib/python3.12/site-packages/discord/client.py", line 465, in _run_event
    await coro(*args, **kwargs)
  File "/app/asu_discord/cogs/analytics.py", line 652, in on_member_update
    before_timeout = before.timed_out_until
                     ^^^^^^^^^^^^^^^^^^^^^^
AttributeError: 'Member' object has no attribute 'timed_out_until'
Ignoring exception in on_member_update
Traceback (most recent call last):
  File "/usr/local/lib/python3.12/site-packages/discord/client.py", line 465, in _run_event
    await coro(*args, **kwargs)
  File "/app/asu_discord/cogs/analytics.py", line 652, in on_member_update
    before_timeout = before.timed_out_until
                     ^^^^^^^^^^^^^^^^^^^^^^
AttributeError: 'Member' object has no attribute 'timed_out_until'
Ignoring exception in on_member_update
Traceback (most recent call last):
  File "/usr/local/lib/python3.12/site-packages/discord/client.py", line 465, in _run_event
    await coro(*args, **kwargs)
  File "/app/asu_discord/cogs/analytics.py", line 652, in on_member_update
    before_timeout = before.timed_out_until
                     ^^^^^^^^^^^^^^^^^^^^^^
AttributeError: 'Member' object has no attribute 'timed_out_until'
Ignoring exception in on_member_update
Traceback (most recent call last):
  File "/usr/local/lib/python3.12/site-packages/discord/client.py", line 465, in _run_event
    await coro(*args, **kwargs)
  File "/app/asu_discord/cogs/analytics.py", line 652, in on_member_update
    before_timeout = before.timed_out_until
                     ^^^^^^^^^^^^^^^^^^^^^^
AttributeError: 'Member' object has no attribute 'timed_out_until'
INFO:asu_discord.cogs.verification:Saved 5 roles to database for user mdreinh2 (Discord ID: 272613916365029376)
INFO:asu_discord.cogs.verification:Refreshed Salesforce roles for Discord user 272613916365029376: -5/+5 roles, assigned=[Arizona Resident, Commited, Graduate Student, Ira A. Fulton Schools of Engineering, Tempe]
Ignoring exception in on_member_update
Traceback (most recent call last):
  File "/usr/local/lib/python3.12/site-packages/discord/client.py", line 465, in _run_event
    await coro(*args, **kwargs)
  File "/app/asu_discord/cogs/analytics.py", line 652, in on_member_update
    before_timeout = before.timed_out_until
                     ^^^^^^^^^^^^^^^^^^^^^^
AttributeError: 'Member' object has no attribute 'timed_out_until'
Ignoring exception in on_member_update
Traceback (most recent call last):
  File "/usr/local/lib/python3.12/site-packages/discord/client.py", line 465, in _run_event
    await coro(*args, **kwargs)
  File "/app/asu_discord/cogs/analytics.py", line 652, in on_member_update
    before_timeout = before.timed_out_until
                     ^^^^^^^^^^^^^^^^^^^^^^
AttributeError: 'Member' object has no attribute 'timed_out_until'
Ignoring exception in on_member_update
Traceback (most recent call last):
  File "/usr/local/lib/python3.12/site-packages/discord/client.py", line 465, in _run_event
    await coro(*args, **kwargs)
  File "/app/asu_discord/cogs/analytics.py", line 652, in on_member_update
    before_timeout = before.timed_out_until
                     ^^^^^^^^^^^^^^^^^^^^^^
AttributeError: 'Member' object has no attribute 'timed_out_until'
Ignoring exception in on_member_update
Traceback (most recent call last):
  File "/usr/local/lib/python3.12/site-packages/discord/client.py", line 465, in _run_event
    await coro(*args, **kwargs)
  File "/app/asu_discord/cogs/analytics.py", line 652, in on_member_update
    before_timeout = before.timed_out_until
                     ^^^^^^^^^^^^^^^^^^^^^^
AttributeError: 'Member' object has no attribute 'timed_out_until'
Ignoring exception in on_member_update
Traceback (most recent call last):
  File "/usr/local/lib/python3.12/site-packages/discord/client.py", line 465, in _run_event
    await coro(*args, **kwargs)
  File "/app/asu_discord/cogs/analytics.py", line 652, in on_member_update
    before_timeout = before.timed_out_until
                     ^^^^^^^^^^^^^^^^^^^^^^
AttributeError: 'Member' object has no attribute 'timed_out_until'
Ignoring exception in on_member_update
Traceback (most recent call last):
  File "/usr/local/lib/python3.12/site-packages/discord/client.py", line 465, in _run_event
    await coro(*args, **kwargs)
  File "/app/asu_discord/cogs/analytics.py", line 652, in on_member_update
    before_timeout = before.timed_out_until
                     ^^^^^^^^^^^^^^^^^^^^^^
AttributeError: 'Member' object has no attribute 'timed_out_until'
Ignoring exception in on_member_update
Traceback (most recent call last):
  File "/usr/local/lib/python3.12/site-packages/discord/client.py", line 465, in _run_event
    await coro(*args, **kwargs)
  File "/app/asu_discord/cogs/analytics.py", line 652, in on_member_update
    before_timeout = before.timed_out_until
                     ^^^^^^^^^^^^^^^^^^^^^^
AttributeError: 'Member' object has no attribute 'timed_out_until'
Ignoring exception in on_member_update
Traceback (most recent call last):
  File "/usr/local/lib/python3.12/site-packages/discord/client.py", line 465, in _run_event
    await coro(*args, **kwargs)
  File "/app/asu_discord/cogs/analytics.py", line 652, in on_member_update
    before_timeout = before.timed_out_until
                     ^^^^^^^^^^^^^^^^^^^^^^
AttributeError: 'Member' object has no attribute 'timed_out_until'
Ignoring exception in on_member_update
Traceback (most recent call last):
  File "/usr/local/lib/python3.12/site-packages/discord/client.py", line 465, in _run_event
    await coro(*args, **kwargs)
  File "/app/asu_discord/cogs/analytics.py", line 652, in on_member_update
    before_timeout = before.timed_out_until
                     ^^^^^^^^^^^^^^^^^^^^^^
AttributeError: 'Member' object has no attribute 'timed_out_until'
Ignoring exception in on_member_update
Traceback (most recent call last):
  File "/usr/local/lib/python3.12/site-packages/discord/client.py", line 465, in _run_event
    await coro(*args, **kwargs)
  File "/app/asu_discord/cogs/analytics.py", line 652, in on_member_update
    before_timeout = before.timed_out_until
                     ^^^^^^^^^^^^^^^^^^^^^^
AttributeError: 'Member' object has no attribute 'timed_out_until'
INFO:asu_discord.cogs.verification:Saved 5 roles to database for user vford12 (Discord ID: 462163375732817920)
INFO:asu_discord.cogs.verification:Refreshed Salesforce roles for Discord user 462163375732817920: -5/+5 roles, assigned=[Arizona Resident, First Generation Student, First Year, Herberger Institute for Design and the Arts, Tempe]
Ignoring exception in on_member_update
Traceback (most recent call last):
  File "/usr/local/lib/python3.12/site-packages/discord/client.py", line 465, in _run_event
    await coro(*args, **kwargs)
  File "/app/asu_discord/cogs/analytics.py", line 652, in on_member_update
    before_timeout = before.timed_out_until
                     ^^^^^^^^^^^^^^^^^^^^^^
AttributeError: 'Member' object has no attribute 'timed_out_until'
Ignoring exception in on_member_update
Traceback (most recent call last):
  File "/usr/local/lib/python3.12/site-packages/discord/client.py", line 465, in _run_event
    await coro(*args, **kwargs)
  File "/app/asu_discord/cogs/analytics.py", line 652, in on_member_update
    before_timeout = before.timed_out_until
                     ^^^^^^^^^^^^^^^^^^^^^^
AttributeError: 'Member' object has no attribute 'timed_out_until'
Ignoring exception in on_member_update
Traceback (most recent call last):
  File "/usr/local/lib/python3.12/site-packages/discord/client.py", line 465, in _run_event
    await coro(*args, **kwargs)
  File "/app/asu_discord/cogs/analytics.py", line 652, in on_member_update
    before_timeout = before.timed_out_until
                     ^^^^^^^^^^^^^^^^^^^^^^
AttributeError: 'Member' object has no attribute 'timed_out_until'
Ignoring exception in on_member_update
Traceback (most recent call last):
  File "/usr/local/lib/python3.12/site-packages/discord/client.py", line 465, in _run_event
    await coro(*args, **kwargs)
  File "/app/asu_discord/cogs/analytics.py", line 652, in on_member_update
    before_timeout = before.timed_out_until
                     ^^^^^^^^^^^^^^^^^^^^^^
AttributeError: 'Member' object has no attribute 'timed_out_until'
Ignoring exception in on_member_update
Traceback (most recent call last):
  File "/usr/local/lib/python3.12/site-packages/discord/client.py", line 465, in _run_event
    await coro(*args, **kwargs)
  File "/app/asu_discord/cogs/analytics.py", line 652, in on_member_update
    before_timeout = before.timed_out_until
                     ^^^^^^^^^^^^^^^^^^^^^^
AttributeError: 'Member' object has no attribute 'timed_out_until'
Ignoring exception in on_member_update
Traceback (most recent call last):
  File "/usr/local/lib/python3.12/site-packages/discord/client.py", line 465, in _run_event
    await coro(*args, **kwargs)
  File "/app/asu_discord/cogs/analytics.py", line 652, in on_member_update
    before_timeout = before.timed_out_until
                     ^^^^^^^^^^^^^^^^^^^^^^
AttributeError: 'Member' object has no attribute 'timed_out_until'
Ignoring exception in on_member_update
Traceback (most recent call last):
  File "/usr/local/lib/python3.12/site-packages/discord/client.py", line 465, in _run_event
    await coro(*args, **kwargs)
  File "/app/asu_discord/cogs/analytics.py", line 652, in on_member_update
    before_timeout = before.timed_out_until
                     ^^^^^^^^^^^^^^^^^^^^^^
AttributeError: 'Member' object has no attribute 'timed_out_until'
Ignoring exception in on_member_update
Traceback (most recent call last):
  File "/usr/local/lib/python3.12/site-packages/discord/client.py", line 465, in _run_event
    await coro(*args, **kwargs)
  File "/app/asu_discord/cogs/analytics.py", line 652, in on_member_update
    before_timeout = before.timed_out_until
                     ^^^^^^^^^^^^^^^^^^^^^^
AttributeError: 'Member' object has no attribute 'timed_out_until'
INFO:asu_discord.cogs.verification:Saved 4 roles to database for user ialammar (Discord ID: 845855480383012875)
INFO:asu_discord.cogs.verification:Refreshed Salesforce roles for Discord user 845855480383012875: -4/+4 roles, assigned=[First Year, International Student, Ira A. Fulton Schools of Engineering, Polytechnic]
Ignoring exception in on_member_update
Traceback (most recent call last):
  File "/usr/local/lib/python3.12/site-packages/discord/client.py", line 465, in _run_event
    await coro(*args, **kwargs)
  File "/app/asu_discord/cogs/analytics.py", line 652, in on_member_update
    before_timeout = before.timed_out_until
                     ^^^^^^^^^^^^^^^^^^^^^^
AttributeError: 'Member' object has no attribute 'timed_out_until'
Ignoring exception in on_member_update
Traceback (most recent call last):
  File "/usr/local/lib/python3.12/site-packages/discord/client.py", line 465, in _run_event
    await coro(*args, **kwargs)
  File "/app/asu_discord/cogs/analytics.py", line 652, in on_member_update
    before_timeout = before.timed_out_until
                     ^^^^^^^^^^^^^^^^^^^^^^
AttributeError: 'Member' object has no attribute 'timed_out_until'
Ignoring exception in on_member_update
Traceback (most recent call last):
  File "/usr/local/lib/python3.12/site-packages/discord/client.py", line 465, in _run_event
    await coro(*args, **kwargs)
  File "/app/asu_discord/cogs/analytics.py", line 652, in on_member_update
    before_timeout = before.timed_out_until
                     ^^^^^^^^^^^^^^^^^^^^^^
AttributeError: 'Member' object has no attribute 'timed_out_until'
Ignoring exception in on_member_update
Traceback (most recent call last):
  File "/usr/local/lib/python3.12/site-packages/discord/client.py", line 465, in _run_event
    await coro(*args, **kwargs)
  File "/app/asu_discord/cogs/analytics.py", line 652, in on_member_update
    before_timeout = before.timed_out_until
                     ^^^^^^^^^^^^^^^^^^^^^^
AttributeError: 'Member' object has no attribute 'timed_out_until'
Ignoring exception in on_member_update
Traceback (most recent call last):
  File "/usr/local/lib/python3.12/site-packages/discord/client.py", line 465, in _run_event
    await coro(*args, **kwargs)
  File "/app/asu_discord/cogs/analytics.py", line 652, in on_member_update
    before_timeout = before.timed_out_until
                     ^^^^^^^^^^^^^^^^^^^^^^
AttributeError: 'Member' object has no attribute 'timed_out_until'
Ignoring exception in on_member_update
Traceback (most recent call last):
  File "/usr/local/lib/python3.12/site-packages/discord/client.py", line 465, in _run_event
    await coro(*args, **kwargs)
  File "/app/asu_discord/cogs/analytics.py", line 652, in on_member_update
    before_timeout = before.timed_out_until
                     ^^^^^^^^^^^^^^^^^^^^^^
AttributeError: 'Member' object has no attribute 'timed_out_until'
Ignoring exception in on_member_update
Traceback (most recent call last):
  File "/usr/local/lib/python3.12/site-packages/discord/client.py", line 465, in _run_event
    await coro(*args, **kwargs)
  File "/app/asu_discord/cogs/analytics.py", line 652, in on_member_update
    before_timeout = before.timed_out_until
                     ^^^^^^^^^^^^^^^^^^^^^^
AttributeError: 'Member' object has no attribute 'timed_out_until'
Ignoring exception in on_member_update
Traceback (most recent call last):
  File "/usr/local/lib/python3.12/site-packages/discord/client.py", line 465, in _run_event
    await coro(*args, **kwargs)
  File "/app/asu_discord/cogs/analytics.py", line 652, in on_member_update
    before_timeout = before.timed_out_until
                     ^^^^^^^^^^^^^^^^^^^^^^
AttributeError: 'Member' object has no attribute 'timed_out_until'
INFO:asu_discord.cogs.verification:Saved 4 roles to database for user lkamal (Discord ID: 1489355617662533784)
INFO:asu_discord.cogs.verification:Refreshed Salesforce roles for Discord user 1489355617662533784: -4/+4 roles, assigned=[College of Liberal Arts and Sciences, Graduate Student, International Student, Tempe]
Ignoring exception in on_member_update
Traceback (most recent call last):
  File "/usr/local/lib/python3.12/site-packages/discord/client.py", line 465, in _run_event
    await coro(*args, **kwargs)
  File "/app/asu_discord/cogs/analytics.py", line 652, in on_member_update
    before_timeout = before.timed_out_until
                     ^^^^^^^^^^^^^^^^^^^^^^
AttributeError: 'Member' object has no attribute 'timed_out_until'
Ignoring exception in on_member_update
Traceback (most recent call last):
  File "/usr/local/lib/python3.12/site-packages/discord/client.py", line 465, in _run_event
    await coro(*args, **kwargs)
  File "/app/asu_discord/cogs/analytics.py", line 652, in on_member_update
    before_timeout = before.timed_out_until
                     ^^^^^^^^^^^^^^^^^^^^^^
AttributeError: 'Member' object has no attribute 'timed_out_until'
Ignoring exception in on_member_update
Traceback (most recent call last):
  File "/usr/local/lib/python3.12/site-packages/discord/client.py", line 465, in _run_event
    await coro(*args, **kwargs)
  File "/app/asu_discord/cogs/analytics.py", line 652, in on_member_update
    before_timeout = before.timed_out_until
                     ^^^^^^^^^^^^^^^^^^^^^^
AttributeError: 'Member' object has no attribute 'timed_out_until'
Ignoring exception in on_member_update
Traceback (most recent call last):
  File "/usr/local/lib/python3.12/site-packages/discord/client.py", line 465, in _run_event
    await coro(*args, **kwargs)
  File "/app/asu_discord/cogs/analytics.py", line 652, in on_member_update
    before_timeout = before.timed_out_until
                     ^^^^^^^^^^^^^^^^^^^^^^
AttributeError: 'Member' object has no attribute 'timed_out_until'
Ignoring exception in on_member_update
Traceback (most recent call last):
  File "/usr/local/lib/python3.12/site-packages/discord/client.py", line 465, in _run_event
    await coro(*args, **kwargs)
  File "/app/asu_discord/cogs/analytics.py", line 652, in on_member_update
    before_timeout = before.timed_out_until
                     ^^^^^^^^^^^^^^^^^^^^^^
AttributeError: 'Member' object has no attribute 'timed_out_until'
Ignoring exception in on_member_update
Traceback (most recent call last):
  File "/usr/local/lib/python3.12/site-packages/discord/client.py", line 465, in _run_event
    await coro(*args, **kwargs)
  File "/app/asu_discord/cogs/analytics.py", line 652, in on_member_update
    before_timeout = before.timed_out_until
                     ^^^^^^^^^^^^^^^^^^^^^^
AttributeError: 'Member' object has no attribute 'timed_out_until'
Ignoring exception in on_member_update
Traceback (most recent call last):
  File "/usr/local/lib/python3.12/site-packages/discord/client.py", line 465, in _run_event
    await coro(*args, **kwargs)
  File "/app/asu_discord/cogs/analytics.py", line 652, in on_member_update
    before_timeout = before.timed_out_until
                     ^^^^^^^^^^^^^^^^^^^^^^
AttributeError: 'Member' object has no attribute 'timed_out_until'
INFO:asu_discord.cogs.verification:Saved 4 roles to database for user smahmu28 (Discord ID: 721068306882101249)
INFO:asu_discord.cogs.verification:Refreshed Salesforce roles for Discord user 721068306882101249: -4/+3 roles, assigned=[Graduate Student, International Student, Ira A. Fulton Schools of Engineering, Tempe]
Ignoring exception in on_member_update
Traceback (most recent call last):
  File "/usr/local/lib/python3.12/site-packages/discord/client.py", line 465, in _run_event
    await coro(*args, **kwargs)
  File "/app/asu_discord/cogs/analytics.py", line 652, in on_member_update
    before_timeout = before.timed_out_until
                     ^^^^^^^^^^^^^^^^^^^^^^
AttributeError: 'Member' object has no attribute 'timed_out_until'
Ignoring exception in on_member_update
Traceback (most recent call last):
  File "/usr/local/lib/python3.12/site-packages/discord/client.py", line 465, in _run_event
    await coro(*args, **kwargs)
  File "/app/asu_discord/cogs/analytics.py", line 652, in on_member_update
    before_timeout = before.timed_out_until
                     ^^^^^^^^^^^^^^^^^^^^^^
AttributeError: 'Member' object has no attribute 'timed_out_until'
Ignoring exception in on_member_update
Traceback (most recent call last):
  File "/usr/local/lib/python3.12/site-packages/discord/client.py", line 465, in _run_event
    await coro(*args, **kwargs)
  File "/app/asu_discord/cogs/analytics.py", line 652, in on_member_update
    before_timeout = before.timed_out_until
                     ^^^^^^^^^^^^^^^^^^^^^^
AttributeError: 'Member' object has no attribute 'timed_out_until'
Ignoring exception in on_member_update
Traceback (most recent call last):
  File "/usr/local/lib/python3.12/site-packages/discord/client.py", line 465, in _run_event
    await coro(*args, **kwargs)
  File "/app/asu_discord/cogs/analytics.py", line 652, in on_member_update
    before_timeout = before.timed_out_until
                     ^^^^^^^^^^^^^^^^^^^^^^
AttributeError: 'Member' object has no attribute 'timed_out_until'
Ignoring exception in on_member_update
Traceback (most recent call last):
  File "/usr/local/lib/python3.12/site-packages/discord/client.py", line 465, in _run_event
    await coro(*args, **kwargs)
  File "/app/asu_discord/cogs/analytics.py", line 652, in on_member_update
    before_timeout = before.timed_out_until
                     ^^^^^^^^^^^^^^^^^^^^^^
AttributeError: 'Member' object has no attribute 'timed_out_until'
Ignoring exception in on_member_update
Traceback (most recent call last):
  File "/usr/local/lib/python3.12/site-packages/discord/client.py", line 465, in _run_event
    await coro(*args, **kwargs)
  File "/app/asu_discord/cogs/analytics.py", line 652, in on_member_update
    before_timeout = before.timed_out_until
                     ^^^^^^^^^^^^^^^^^^^^^^
AttributeError: 'Member' object has no attribute 'timed_out_until'
Ignoring exception in on_member_update
Traceback (most recent call last):
  File "/usr/local/lib/python3.12/site-packages/discord/client.py", line 465, in _run_event
    await coro(*args, **kwargs)
  File "/app/asu_discord/cogs/analytics.py", line 652, in on_member_update
    before_timeout = before.timed_out_until
                     ^^^^^^^^^^^^^^^^^^^^^^
AttributeError: 'Member' object has no attribute 'timed_out_until'
Ignoring exception in on_member_update
Traceback (most recent call last):
  File "/usr/local/lib/python3.12/site-packages/discord/client.py", line 465, in _run_event
    await coro(*args, **kwargs)
  File "/app/asu_discord/cogs/analytics.py", line 652, in on_member_update
    before_timeout = before.timed_out_until
                     ^^^^^^^^^^^^^^^^^^^^^^
AttributeError: 'Member' object has no attribute 'timed_out_until'
Ignoring exception in on_member_update
Traceback (most recent call last):
  File "/usr/local/lib/python3.12/site-packages/discord/client.py", line 465, in _run_event
    await coro(*args, **kwargs)
  File "/app/asu_discord/cogs/analytics.py", line 652, in on_member_update
    before_timeout = before.timed_out_until
                     ^^^^^^^^^^^^^^^^^^^^^^
AttributeError: 'Member' object has no attribute 'timed_out_until'
INFO:asu_discord.cogs.verification:Saved 5 roles to database for user sanjupre (Discord ID: 738878735712780288)
INFO:asu_discord.cogs.verification:Refreshed Salesforce roles for Discord user 738878735712780288: -5/+4 roles, assigned=[Commited, First Year, Ira A. Fulton Schools of Engineering, Out of State, Tempe]
ERROR:cron.jobs:refresh_salesforce_roles: failed for shickey6 (Discord ID 1494443202625671210): Failed to refresh Salesforce-based roles: Discord user 1494443202625671210 is not a member of the guild
Ignoring exception in on_member_update
Traceback (most recent call last):
  File "/usr/local/lib/python3.12/site-packages/discord/client.py", line 465, in _run_event
    await coro(*args, **kwargs)
  File "/app/asu_discord/cogs/analytics.py", line 652, in on_member_update
    before_timeout = before.timed_out_until
                     ^^^^^^^^^^^^^^^^^^^^^^
AttributeError: 'Member' object has no attribute 'timed_out_until'
Ignoring exception in on_member_update
Traceback (most recent call last):
  File "/usr/local/lib/python3.12/site-packages/discord/client.py", line 465, in _run_event
    await coro(*args, **kwargs)
  File "/app/asu_discord/cogs/analytics.py", line 652, in on_member_update
    before_timeout = before.timed_out_until
                     ^^^^^^^^^^^^^^^^^^^^^^
AttributeError: 'Member' object has no attribute 'timed_out_until'
INFO:asu_discord.cogs.verification:Saved 1 roles to database for user jnwalkow (Discord ID: 692879393202241606)
INFO:asu_discord.cogs.verification:Refreshed Salesforce roles for Discord user 692879393202241606: -1/+1 roles, assigned=[Out of State]
Ignoring exception in on_member_update
Traceback (most recent call last):
  File "/usr/local/lib/python3.12/site-packages/discord/client.py", line 465, in _run_event
    await coro(*args, **kwargs)
  File "/app/asu_discord/cogs/analytics.py", line 652, in on_member_update
    before_timeout = before.timed_out_until
                     ^^^^^^^^^^^^^^^^^^^^^^
AttributeError: 'Member' object has no attribute 'timed_out_until'
Ignoring exception in on_member_update
Traceback (most recent call last):
  File "/usr/local/lib/python3.12/site-packages/discord/client.py", line 465, in _run_event
    await coro(*args, **kwargs)
  File "/app/asu_discord/cogs/analytics.py", line 652, in on_member_update
    before_timeout = before.timed_out_until
                     ^^^^^^^^^^^^^^^^^^^^^^
AttributeError: 'Member' object has no attribute 'timed_out_until'
Ignoring exception in on_member_update
Traceback (most recent call last):
  File "/usr/local/lib/python3.12/site-packages/discord/client.py", line 465, in _run_event
    await coro(*args, **kwargs)
  File "/app/asu_discord/cogs/analytics.py", line 652, in on_member_update
    before_timeout = before.timed_out_until
                     ^^^^^^^^^^^^^^^^^^^^^^
AttributeError: 'Member' object has no attribute 'timed_out_until'
Ignoring exception in on_member_update
Traceback (most recent call last):
  File "/usr/local/lib/python3.12/site-packages/discord/client.py", line 465, in _run_event
    await coro(*args, **kwargs)
  File "/app/asu_discord/cogs/analytics.py", line 652, in on_member_update
    before_timeout = before.timed_out_until
                     ^^^^^^^^^^^^^^^^^^^^^^
AttributeError: 'Member' object has no attribute 'timed_out_until'
Ignoring exception in on_member_update
Traceback (most recent call last):
  File "/usr/local/lib/python3.12/site-packages/discord/client.py", line 465, in _run_event
    await coro(*args, **kwargs)
  File "/app/asu_discord/cogs/analytics.py", line 652, in on_member_update
    before_timeout = before.timed_out_until
                     ^^^^^^^^^^^^^^^^^^^^^^
AttributeError: 'Member' object has no attribute 'timed_out_until'
Ignoring exception in on_member_update
Traceback (most recent call last):
  File "/usr/local/lib/python3.12/site-packages/discord/client.py", line 465, in _run_event
    await coro(*args, **kwargs)
  File "/app/asu_discord/cogs/analytics.py", line 652, in on_member_update
    before_timeout = before.timed_out_until
                     ^^^^^^^^^^^^^^^^^^^^^^
AttributeError: 'Member' object has no attribute 'timed_out_until'
Ignoring exception in on_member_update
Traceback (most recent call last):
  File "/usr/local/lib/python3.12/site-packages/discord/client.py", line 465, in _run_event
    await coro(*args, **kwargs)
  File "/app/asu_discord/cogs/analytics.py", line 652, in on_member_update
    before_timeout = before.timed_out_until
                     ^^^^^^^^^^^^^^^^^^^^^^
AttributeError: 'Member' object has no attribute 'timed_out_until'
Ignoring exception in on_member_update
Traceback (most recent call last):
  File "/usr/local/lib/python3.12/site-packages/discord/client.py", line 465, in _run_event
    await coro(*args, **kwargs)
  File "/app/asu_discord/cogs/analytics.py", line 652, in on_member_update
    before_timeout = before.timed_out_until
                     ^^^^^^^^^^^^^^^^^^^^^^
AttributeError: 'Member' object has no attribute 'timed_out_until'
Ignoring exception in on_member_update
Traceback (most recent call last):
  File "/usr/local/lib/python3.12/site-packages/discord/client.py", line 465, in _run_event
    await coro(*args, **kwargs)
  File "/app/asu_discord/cogs/analytics.py", line 652, in on_member_update
    before_timeout = before.timed_out_until
                     ^^^^^^^^^^^^^^^^^^^^^^
AttributeError: 'Member' object has no attribute 'timed_out_until'
Ignoring exception in on_member_update
Traceback (most recent call last):
  File "/usr/local/lib/python3.12/site-packages/discord/client.py", line 465, in _run_event
    await coro(*args, **kwargs)
  File "/app/asu_discord/cogs/analytics.py", line 652, in on_member_update
    before_timeout = before.timed_out_until
                     ^^^^^^^^^^^^^^^^^^^^^^
AttributeError: 'Member' object has no attribute 'timed_out_until'
INFO:asu_discord.cogs.verification:Saved 5 roles to database for user kpackar2 (Discord ID: 396533773929545729)
INFO:asu_discord.cogs.verification:Refreshed Salesforce roles for Discord user 396533773929545729: -5/+5 roles, assigned=[Commited, First Year, New College of Interdisciplinary Arts and Sciences, Out of State, West Valley]
Ignoring exception in on_member_update
Traceback (most recent call last):
  File "/usr/local/lib/python3.12/site-packages/discord/client.py", line 465, in _run_event
    await coro(*args, **kwargs)
  File "/app/asu_discord/cogs/analytics.py", line 652, in on_member_update
    before_timeout = before.timed_out_until
                     ^^^^^^^^^^^^^^^^^^^^^^
AttributeError: 'Member' object has no attribute 'timed_out_until'
Ignoring exception in on_member_update
Traceback (most recent call last):
  File "/usr/local/lib/python3.12/site-packages/discord/client.py", line 465, in _run_event
    await coro(*args, **kwargs)
  File "/app/asu_discord/cogs/analytics.py", line 652, in on_member_update
    before_timeout = before.timed_out_until
                     ^^^^^^^^^^^^^^^^^^^^^^
AttributeError: 'Member' object has no attribute 'timed_out_until'
Ignoring exception in on_member_update
Traceback (most recent call last):
  File "/usr/local/lib/python3.12/site-packages/discord/client.py", line 465, in _run_event
    await coro(*args, **kwargs)
  File "/app/asu_discord/cogs/analytics.py", line 652, in on_member_update
    before_timeout = before.timed_out_until
                     ^^^^^^^^^^^^^^^^^^^^^^
AttributeError: 'Member' object has no attribute 'timed_out_until'
Ignoring exception in on_member_update
Traceback (most recent call last):
  File "/usr/local/lib/python3.12/site-packages/discord/client.py", line 465, in _run_event
    await coro(*args, **kwargs)
  File "/app/asu_discord/cogs/analytics.py", line 652, in on_member_update
    before_timeout = before.timed_out_until
                     ^^^^^^^^^^^^^^^^^^^^^^
AttributeError: 'Member' object has no attribute 'timed_out_until'
Ignoring exception in on_member_update
Traceback (most recent call last):
  File "/usr/local/lib/python3.12/site-packages/discord/client.py", line 465, in _run_event
    await coro(*args, **kwargs)
  File "/app/asu_discord/cogs/analytics.py", line 652, in on_member_update
    before_timeout = before.timed_out_until
                     ^^^^^^^^^^^^^^^^^^^^^^
AttributeError: 'Member' object has no attribute 'timed_out_until'
Ignoring exception in on_member_update
Traceback (most recent call last):
  File "/usr/local/lib/python3.12/site-packages/discord/client.py", line 465, in _run_event
    await coro(*args, **kwargs)
  File "/app/asu_discord/cogs/analytics.py", line 652, in on_member_update
    before_timeout = before.timed_out_until
                     ^^^^^^^^^^^^^^^^^^^^^^
AttributeError: 'Member' object has no attribute 'timed_out_until'
Ignoring exception in on_member_update
Traceback (most recent call last):
  File "/usr/local/lib/python3.12/site-packages/discord/client.py", line 465, in _run_event
    await coro(*args, **kwargs)
  File "/app/asu_discord/cogs/analytics.py", line 652, in on_member_update
    before_timeout = before.timed_out_until
                     ^^^^^^^^^^^^^^^^^^^^^^
AttributeError: 'Member' object has no attribute 'timed_out_until'
Ignoring exception in on_member_update
Traceback (most recent call last):
  File "/usr/local/lib/python3.12/site-packages/discord/client.py", line 465, in _run_event
    await coro(*args, **kwargs)
  File "/app/asu_discord/cogs/analytics.py", line 652, in on_member_update
    before_timeout = before.timed_out_until
                     ^^^^^^^^^^^^^^^^^^^^^^
AttributeError: 'Member' object has no attribute 'timed_out_until'
Ignoring exception in on_member_update
Traceback (most recent call last):
  File "/usr/local/lib/python3.12/site-packages/discord/client.py", line 465, in _run_event
    await coro(*args, **kwargs)
  File "/app/asu_discord/cogs/analytics.py", line 652, in on_member_update
    before_timeout = before.timed_out_until
                     ^^^^^^^^^^^^^^^^^^^^^^
AttributeError: 'Member' object has no attribute 'timed_out_until'
Ignoring exception in on_member_update
Traceback (most recent call last):
  File "/usr/local/lib/python3.12/site-packages/discord/client.py", line 465, in _run_event
    await coro(*args, **kwargs)
  File "/app/asu_discord/cogs/analytics.py", line 652, in on_member_update
    before_timeout = before.timed_out_until
                     ^^^^^^^^^^^^^^^^^^^^^^
AttributeError: 'Member' object has no attribute 'timed_out_until'
ERROR:cron.jobs:refresh_salesforce_roles: failed for dparkerb (Discord ID 1435359733384089784): Timed out refresh Salesforce-based roles
Ignoring exception in on_member_update
Traceback (most recent call last):
  File "/usr/local/lib/python3.12/site-packages/discord/client.py", line 465, in _run_event
    await coro(*args, **kwargs)
  File "/app/asu_discord/cogs/analytics.py", line 652, in on_member_update
    before_timeout = before.timed_out_until
                     ^^^^^^^^^^^^^^^^^^^^^^
AttributeError: 'Member' object has no attribute 'timed_out_until'
Ignoring exception in on_member_update
Traceback (most recent call last):
  File "/usr/local/lib/python3.12/site-packages/discord/client.py", line 465, in _run_event
    await coro(*args, **kwargs)
  File "/app/asu_discord/cogs/analytics.py", line 652, in on_member_update
    before_timeout = before.timed_out_until
                     ^^^^^^^^^^^^^^^^^^^^^^
AttributeError: 'Member' object has no attribute 'timed_out_until'
Ignoring exception in on_member_update
Traceback (most recent call last):
  File "/usr/local/lib/python3.12/site-packages/discord/client.py", line 465, in _run_event
    await coro(*args, **kwargs)
  File "/app/asu_discord/cogs/analytics.py", line 652, in on_member_update
    before_timeout = before.timed_out_until
                     ^^^^^^^^^^^^^^^^^^^^^^
AttributeError: 'Member' object has no attribute 'timed_out_until'
Ignoring exception in on_member_update
Traceback (most recent call last):
  File "/usr/local/lib/python3.12/site-packages/discord/client.py", line 465, in _run_event
    await coro(*args, **kwargs)
  File "/app/asu_discord/cogs/analytics.py", line 652, in on_member_update
    before_timeout = before.timed_out_until
                     ^^^^^^^^^^^^^^^^^^^^^^
AttributeError: 'Member' object has no attribute 'timed_out_until'
Ignoring exception in on_member_update
Traceback (most recent call last):
  File "/usr/local/lib/python3.12/site-packages/discord/client.py", line 465, in _run_event
    await coro(*args, **kwargs)
  File "/app/asu_discord/cogs/analytics.py", line 652, in on_member_update
    before_timeout = before.timed_out_until
                     ^^^^^^^^^^^^^^^^^^^^^^
AttributeError: 'Member' object has no attribute 'timed_out_until'
Ignoring exception in on_member_update
Traceback (most recent call last):
  File "/usr/local/lib/python3.12/site-packages/discord/client.py", line 465, in _run_event
    await coro(*args, **kwargs)
  File "/app/asu_discord/cogs/analytics.py", line 652, in on_member_update
    before_timeout = before.timed_out_until
                     ^^^^^^^^^^^^^^^^^^^^^^
AttributeError: 'Member' object has no attribute 'timed_out_until'
Ignoring exception in on_member_update
Traceback (most recent call last):
  File "/usr/local/lib/python3.12/site-packages/discord/client.py", line 465, in _run_event
    await coro(*args, **kwargs)
  File "/app/asu_discord/cogs/analytics.py", line 652, in on_member_update
    before_timeout = before.timed_out_until
                     ^^^^^^^^^^^^^^^^^^^^^^
AttributeError: 'Member' object has no attribute 'timed_out_until'
Ignoring exception in on_member_update
Traceback (most recent call last):
  File "/usr/local/lib/python3.12/site-packages/discord/client.py", line 465, in _run_event
    await coro(*args, **kwargs)
  File "/app/asu_discord/cogs/analytics.py", line 652, in on_member_update
    before_timeout = before.timed_out_until
                     ^^^^^^^^^^^^^^^^^^^^^^
AttributeError: 'Member' object has no attribute 'timed_out_until'
Ignoring exception in on_member_update
Traceback (most recent call last):
  File "/usr/local/lib/python3.12/site-packages/discord/client.py", line 465, in _run_event
    await coro(*args, **kwargs)
  File "/app/asu_discord/cogs/analytics.py", line 652, in on_member_update
    before_timeout = before.timed_out_until
                     ^^^^^^^^^^^^^^^^^^^^^^
AttributeError: 'Member' object has no attribute 'timed_out_until'
Ignoring exception in on_member_update
Traceback (most recent call last):
  File "/usr/local/lib/python3.12/site-packages/discord/client.py", line 465, in _run_event
    await coro(*args, **kwargs)
  File "/app/asu_discord/cogs/analytics.py", line 652, in on_member_update
    before_timeout = before.timed_out_until
                     ^^^^^^^^^^^^^^^^^^^^^^
AttributeError: 'Member' object has no attribute 'timed_out_until'
ERROR:cron.jobs:refresh_salesforce_roles: failed for irodri75 (Discord ID 536753804985499658): Timed out refresh Salesforce-based roles
Ignoring exception in on_member_update
Traceback (most recent call last):
  File "/usr/local/lib/python3.12/site-packages/discord/client.py", line 465, in _run_event
    await coro(*args, **kwargs)
  File "/app/asu_discord/cogs/analytics.py", line 652, in on_member_update
    before_timeout = before.timed_out_until
                     ^^^^^^^^^^^^^^^^^^^^^^
AttributeError: 'Member' object has no attribute 'timed_out_until'
Ignoring exception in on_member_update
Traceback (most recent call last):
  File "/usr/local/lib/python3.12/site-packages/discord/client.py", line 465, in _run_event
    await coro(*args, **kwargs)
  File "/app/asu_discord/cogs/analytics.py", line 652, in on_member_update
    before_timeout = before.timed_out_until
                     ^^^^^^^^^^^^^^^^^^^^^^
AttributeError: 'Member' object has no attribute 'timed_out_until'
Ignoring exception in on_member_update
Traceback (most recent call last):
  File "/usr/local/lib/python3.12/site-packages/discord/client.py", line 465, in _run_event
    await coro(*args, **kwargs)
  File "/app/asu_discord/cogs/analytics.py", line 652, in on_member_update
    before_timeout = before.timed_out_until
                     ^^^^^^^^^^^^^^^^^^^^^^
AttributeError: 'Member' object has no attribute 'timed_out_until'
Ignoring exception in on_member_update
Traceback (most recent call last):
  File "/usr/local/lib/python3.12/site-packages/discord/client.py", line 465, in _run_event
    await coro(*args, **kwargs)
  File "/app/asu_discord/cogs/analytics.py", line 652, in on_member_update
    before_timeout = before.timed_out_until
                     ^^^^^^^^^^^^^^^^^^^^^^
AttributeError: 'Member' object has no attribute 'timed_out_until'
Ignoring exception in on_member_update
Traceback (most recent call last):
  File "/usr/local/lib/python3.12/site-packages/discord/client.py", line 465, in _run_event
    await coro(*args, **kwargs)
  File "/app/asu_discord/cogs/analytics.py", line 652, in on_member_update
    before_timeout = before.timed_out_until
                     ^^^^^^^^^^^^^^^^^^^^^^
AttributeError: 'Member' object has no attribute 'timed_out_until'
Ignoring exception in on_member_update
Traceback (most recent call last):
  File "/usr/local/lib/python3.12/site-packages/discord/client.py", line 465, in _run_event
    await coro(*args, **kwargs)
  File "/app/asu_discord/cogs/analytics.py", line 652, in on_member_update
    before_timeout = before.timed_out_until
                     ^^^^^^^^^^^^^^^^^^^^^^
AttributeError: 'Member' object has no attribute 'timed_out_until'
Ignoring exception in on_member_update
Traceback (most recent call last):
  File "/usr/local/lib/python3.12/site-packages/discord/client.py", line 465, in _run_event
    await coro(*args, **kwargs)
  File "/app/asu_discord/cogs/analytics.py", line 652, in on_member_update
    before_timeout = before.timed_out_until
                     ^^^^^^^^^^^^^^^^^^^^^^
AttributeError: 'Member' object has no attribute 'timed_out_until'
Ignoring exception in on_member_update
Traceback (most recent call last):
  File "/usr/local/lib/python3.12/site-packages/discord/client.py", line 465, in _run_event
    await coro(*args, **kwargs)
  File "/app/asu_discord/cogs/analytics.py", line 652, in on_member_update
    before_timeout = before.timed_out_until
                     ^^^^^^^^^^^^^^^^^^^^^^
AttributeError: 'Member' object has no attribute 'timed_out_until'
Ignoring exception in on_member_update
Traceback (most recent call last):
  File "/usr/local/lib/python3.12/site-packages/discord/client.py", line 465, in _run_event
    await coro(*args, **kwargs)
  File "/app/asu_discord/cogs/analytics.py", line 652, in on_member_update
    before_timeout = before.timed_out_until
                     ^^^^^^^^^^^^^^^^^^^^^^
AttributeError: 'Member' object has no attribute 'timed_out_until'
Ignoring exception in on_member_update
Traceback (most recent call last):
  File "/usr/local/lib/python3.12/site-packages/discord/client.py", line 465, in _run_event
    await coro(*args, **kwargs)
  File "/app/asu_discord/cogs/analytics.py", line 652, in on_member_update
    before_timeout = before.timed_out_until
                     ^^^^^^^^^^^^^^^^^^^^^^
AttributeError: 'Member' object has no attribute 'timed_out_until'
INFO:asu_discord.cogs.verification:Saved 5 roles to database for user idemmitt (Discord ID: 1455108533925187589)
INFO:asu_discord.cogs.verification:Refreshed Salesforce roles for Discord user 1455108533925187589: -5/+5 roles, assigned=[Commited, First Year, Herberger Institute for Design and the Arts, Out of State, Tempe]
Ignoring exception in on_member_update
Traceback (most recent call last):
  File "/usr/local/lib/python3.12/site-packages/discord/client.py", line 465, in _run_event
    await coro(*args, **kwargs)
  File "/app/asu_discord/cogs/analytics.py", line 652, in on_member_update
    before_timeout = before.timed_out_until
                     ^^^^^^^^^^^^^^^^^^^^^^
AttributeError: 'Member' object has no attribute 'timed_out_until'
Ignoring exception in on_member_update
Traceback (most recent call last):
  File "/usr/local/lib/python3.12/site-packages/discord/client.py", line 465, in _run_event
    await coro(*args, **kwargs)
  File "/app/asu_discord/cogs/analytics.py", line 652, in on_member_update
    before_timeout = before.timed_out_until
                     ^^^^^^^^^^^^^^^^^^^^^^
AttributeError: 'Member' object has no attribute 'timed_out_until'
Ignoring exception in on_member_update
Traceback (most recent call last):
  File "/usr/local/lib/python3.12/site-packages/discord/client.py", line 465, in _run_event
    await coro(*args, **kwargs)
  File "/app/asu_discord/cogs/analytics.py", line 652, in on_member_update
    before_timeout = before.timed_out_until
                     ^^^^^^^^^^^^^^^^^^^^^^
AttributeError: 'Member' object has no attribute 'timed_out_until'
Ignoring exception in on_member_update
Traceback (most recent call last):
  File "/usr/local/lib/python3.12/site-packages/discord/client.py", line 465, in _run_event
    await coro(*args, **kwargs)
  File "/app/asu_discord/cogs/analytics.py", line 652, in on_member_update
    before_timeout = before.timed_out_until
                     ^^^^^^^^^^^^^^^^^^^^^^
AttributeError: 'Member' object has no attribute 'timed_out_until'
Ignoring exception in on_member_update
Traceback (most recent call last):
  File "/usr/local/lib/python3.12/site-packages/discord/client.py", line 465, in _run_event
    await coro(*args, **kwargs)
  File "/app/asu_discord/cogs/analytics.py", line 652, in on_member_update
    before_timeout = before.timed_out_until
                     ^^^^^^^^^^^^^^^^^^^^^^
AttributeError: 'Member' object has no attribute 'timed_out_until'
Ignoring exception in on_member_update
Traceback (most recent call last):
  File "/usr/local/lib/python3.12/site-packages/discord/client.py", line 465, in _run_event
    await coro(*args, **kwargs)
  File "/app/asu_discord/cogs/analytics.py", line 652, in on_member_update
    before_timeout = before.timed_out_until
                     ^^^^^^^^^^^^^^^^^^^^^^
AttributeError: 'Member' object has no attribute 'timed_out_until'
Ignoring exception in on_member_update
Traceback (most recent call last):
  File "/usr/local/lib/python3.12/site-packages/discord/client.py", line 465, in _run_event
    await coro(*args, **kwargs)
  File "/app/asu_discord/cogs/analytics.py", line 652, in on_member_update
    before_timeout = before.timed_out_until
                     ^^^^^^^^^^^^^^^^^^^^^^
AttributeError: 'Member' object has no attribute 'timed_out_until'
Ignoring exception in on_member_update
Traceback (most recent call last):
  File "/usr/local/lib/python3.12/site-packages/discord/client.py", line 465, in _run_event
    await coro(*args, **kwargs)
  File "/app/asu_discord/cogs/analytics.py", line 652, in on_member_update
    before_timeout = before.timed_out_until
                     ^^^^^^^^^^^^^^^^^^^^^^
AttributeError: 'Member' object has no attribute 'timed_out_until'
Ignoring exception in on_member_update
Traceback (most recent call last):
  File "/usr/local/lib/python3.12/site-packages/discord/client.py", line 465, in _run_event
    await coro(*args, **kwargs)
  File "/app/asu_discord/cogs/analytics.py", line 652, in on_member_update
    before_timeout = before.timed_out_until
                     ^^^^^^^^^^^^^^^^^^^^^^
AttributeError: 'Member' object has no attribute 'timed_out_until'
Ignoring exception in on_member_update
Traceback (most recent call last):
  File "/usr/local/lib/python3.12/site-packages/discord/client.py", line 465, in _run_event
    await coro(*args, **kwargs)
  File "/app/asu_discord/cogs/analytics.py", line 652, in on_member_update
    before_timeout = before.timed_out_until
                     ^^^^^^^^^^^^^^^^^^^^^^
AttributeError: 'Member' object has no attribute 'timed_out_until'
ERROR:cron.jobs:refresh_salesforce_roles: failed for hbeers (Discord ID 465334234639237130): Timed out refresh Salesforce-based roles
Ignoring exception in on_member_update
Traceback (most recent call last):
  File "/usr/local/lib/python3.12/site-packages/discord/client.py", line 465, in _run_event
    await coro(*args, **kwargs)
  File "/app/asu_discord/cogs/analytics.py", line 652, in on_member_update
    before_timeout = before.timed_out_until
                     ^^^^^^^^^^^^^^^^^^^^^^
AttributeError: 'Member' object has no attribute 'timed_out_until'
Ignoring exception in on_member_update
Traceback (most recent call last):
  File "/usr/local/lib/python3.12/site-packages/discord/client.py", line 465, in _run_event
    await coro(*args, **kwargs)
  File "/app/asu_discord/cogs/analytics.py", line 652, in on_member_update
    before_timeout = before.timed_out_until
                     ^^^^^^^^^^^^^^^^^^^^^^
AttributeError: 'Member' object has no attribute 'timed_out_until'
Ignoring exception in on_member_update
Traceback (most recent call last):
  File "/usr/local/lib/python3.12/site-packages/discord/client.py", line 465, in _run_event
    await coro(*args, **kwargs)
  File "/app/asu_discord/cogs/analytics.py", line 652, in on_member_update
    before_timeout = before.timed_out_until
                     ^^^^^^^^^^^^^^^^^^^^^^
AttributeError: 'Member' object has no attribute 'timed_out_until'
Ignoring exception in on_member_update
Traceback (most recent call last):
  File "/usr/local/lib/python3.12/site-packages/discord/client.py", line 465, in _run_event
    await coro(*args, **kwargs)
  File "/app/asu_discord/cogs/analytics.py", line 652, in on_member_update
    before_timeout = before.timed_out_until
                     ^^^^^^^^^^^^^^^^^^^^^^
AttributeError: 'Member' object has no attribute 'timed_out_until'
Ignoring exception in on_member_update
Traceback (most recent call last):
  File "/usr/local/lib/python3.12/site-packages/discord/client.py", line 465, in _run_event
    await coro(*args, **kwargs)
  File "/app/asu_discord/cogs/analytics.py", line 652, in on_member_update
    before_timeout = before.timed_out_until
                     ^^^^^^^^^^^^^^^^^^^^^^
AttributeError: 'Member' object has no attribute 'timed_out_until'
Ignoring exception in on_member_update
Traceback (most recent call last):
  File "/usr/local/lib/python3.12/site-packages/discord/client.py", line 465, in _run_event
    await coro(*args, **kwargs)
  File "/app/asu_discord/cogs/analytics.py", line 652, in on_member_update
    before_timeout = before.timed_out_until
                     ^^^^^^^^^^^^^^^^^^^^^^
AttributeError: 'Member' object has no attribute 'timed_out_until'
Ignoring exception in on_member_update
Traceback (most recent call last):
  File "/usr/local/lib/python3.12/site-packages/discord/client.py", line 465, in _run_event
    await coro(*args, **kwargs)
  File "/app/asu_discord/cogs/analytics.py", line 652, in on_member_update
    before_timeout = before.timed_out_until
                     ^^^^^^^^^^^^^^^^^^^^^^
AttributeError: 'Member' object has no attribute 'timed_out_until'
Ignoring exception in on_member_update
Traceback (most recent call last):
  File "/usr/local/lib/python3.12/site-packages/discord/client.py", line 465, in _run_event
    await coro(*args, **kwargs)
  File "/app/asu_discord/cogs/analytics.py", line 652, in on_member_update
    before_timeout = before.timed_out_until
                     ^^^^^^^^^^^^^^^^^^^^^^
AttributeError: 'Member' object has no attribute 'timed_out_until'
Ignoring exception in on_member_update
Traceback (most recent call last):
  File "/usr/local/lib/python3.12/site-packages/discord/client.py", line 465, in _run_event
    await coro(*args, **kwargs)
  File "/app/asu_discord/cogs/analytics.py", line 652, in on_member_update
    before_timeout = before.timed_out_until
                     ^^^^^^^^^^^^^^^^^^^^^^
AttributeError: 'Member' object has no attribute 'timed_out_until'
Ignoring exception in on_member_update
Traceback (most recent call last):
  File "/usr/local/lib/python3.12/site-packages/discord/client.py", line 465, in _run_event
    await coro(*args, **kwargs)
  File "/app/asu_discord/cogs/analytics.py", line 652, in on_member_update
    before_timeout = before.timed_out_until
                     ^^^^^^^^^^^^^^^^^^^^^^
AttributeError: 'Member' object has no attribute 'timed_out_until'
ERROR:cron.jobs:refresh_salesforce_roles: failed for agsorens (Discord ID 1494470325503524947): Timed out refresh Salesforce-based roles
ERROR:cron.jobs:refresh_salesforce_roles: failed for flkruger (Discord ID 608359316327497731): Failed to refresh Salesforce-based roles: Discord user 608359316327497731 is not a member of the guild
Ignoring exception in on_member_update
Traceback (most recent call last):
  File "/usr/local/lib/python3.12/site-packages/discord/client.py", line 465, in _run_event
    await coro(*args, **kwargs)
  File "/app/asu_discord/cogs/analytics.py", line 652, in on_member_update
    before_timeout = before.timed_out_until
                     ^^^^^^^^^^^^^^^^^^^^^^
AttributeError: 'Member' object has no attribute 'timed_out_until'
Ignoring exception in on_member_update
Traceback (most recent call last):
  File "/usr/local/lib/python3.12/site-packages/discord/client.py", line 465, in _run_event
    await coro(*args, **kwargs)
  File "/app/asu_discord/cogs/analytics.py", line 652, in on_member_update
    before_timeout = before.timed_out_until
                     ^^^^^^^^^^^^^^^^^^^^^^
AttributeError: 'Member' object has no attribute 'timed_out_until'
Ignoring exception in on_member_update
Traceback (most recent call last):
  File "/usr/local/lib/python3.12/site-packages/discord/client.py", line 465, in _run_event
    await coro(*args, **kwargs)
  File "/app/asu_discord/cogs/analytics.py", line 652, in on_member_update
    before_timeout = before.timed_out_until
                     ^^^^^^^^^^^^^^^^^^^^^^
AttributeError: 'Member' object has no attribute 'timed_out_until'
Ignoring exception in on_member_update
Traceback (most recent call last):
  File "/usr/local/lib/python3.12/site-packages/discord/client.py", line 465, in _run_event
    await coro(*args, **kwargs)
  File "/app/asu_discord/cogs/analytics.py", line 652, in on_member_update
    before_timeout = before.timed_out_until
                     ^^^^^^^^^^^^^^^^^^^^^^
AttributeError: 'Member' object has no attribute 'timed_out_until'
Ignoring exception in on_member_update
Traceback (most recent call last):
  File "/usr/local/lib/python3.12/site-packages/discord/client.py", line 465, in _run_event
    await coro(*args, **kwargs)
  File "/app/asu_discord/cogs/analytics.py", line 652, in on_member_update
    before_timeout = before.timed_out_until
                     ^^^^^^^^^^^^^^^^^^^^^^
AttributeError: 'Member' object has no attribute 'timed_out_until'
Ignoring exception in on_member_update
Traceback (most recent call last):
  File "/usr/local/lib/python3.12/site-packages/discord/client.py", line 465, in _run_event
    await coro(*args, **kwargs)
  File "/app/asu_discord/cogs/analytics.py", line 652, in on_member_update
    before_timeout = before.timed_out_until
                     ^^^^^^^^^^^^^^^^^^^^^^
AttributeError: 'Member' object has no attribute 'timed_out_until'
Ignoring exception in on_member_update
Traceback (most recent call last):
  File "/usr/local/lib/python3.12/site-packages/discord/client.py", line 465, in _run_event
    await coro(*args, **kwargs)
  File "/app/asu_discord/cogs/analytics.py", line 652, in on_member_update
    before_timeout = before.timed_out_until
                     ^^^^^^^^^^^^^^^^^^^^^^
AttributeError: 'Member' object has no attribute 'timed_out_until'
Ignoring exception in on_member_update
Traceback (most recent call last):
  File "/usr/local/lib/python3.12/site-packages/discord/client.py", line 465, in _run_event
    await coro(*args, **kwargs)
  File "/app/asu_discord/cogs/analytics.py", line 652, in on_member_update
    before_timeout = before.timed_out_until
                     ^^^^^^^^^^^^^^^^^^^^^^
AttributeError: 'Member' object has no attribute 'timed_out_until'
Ignoring exception in on_member_update
Traceback (most recent call last):
  File "/usr/local/lib/python3.12/site-packages/discord/client.py", line 465, in _run_event
    await coro(*args, **kwargs)
  File "/app/asu_discord/cogs/analytics.py", line 652, in on_member_update
    before_timeout = before.timed_out_until
                     ^^^^^^^^^^^^^^^^^^^^^^
AttributeError: 'Member' object has no attribute 'timed_out_until'
INFO:asu_discord.cogs.verification:Saved 5 roles to database for user tzhumaba (Discord ID: 704242106008338454)
INFO:asu_discord.cogs.verification:Refreshed Salesforce roles for Discord user 704242106008338454: -5/+4 roles, assigned=[Commited, International Student, Ira A. Fulton Schools of Engineering, Tempe, Transfer Student]
Ignoring exception in on_member_update
Traceback (most recent call last):
  File "/usr/local/lib/python3.12/site-packages/discord/client.py", line 465, in _run_event
    await coro(*args, **kwargs)
  File "/app/asu_discord/cogs/analytics.py", line 652, in on_member_update
    before_timeout = before.timed_out_until
                     ^^^^^^^^^^^^^^^^^^^^^^
AttributeError: 'Member' object has no attribute 'timed_out_until'
Ignoring exception in on_member_update
Traceback (most recent call last):
  File "/usr/local/lib/python3.12/site-packages/discord/client.py", line 465, in _run_event
    await coro(*args, **kwargs)
  File "/app/asu_discord/cogs/analytics.py", line 652, in on_member_update
    before_timeout = before.timed_out_until
                     ^^^^^^^^^^^^^^^^^^^^^^
AttributeError: 'Member' object has no attribute 'timed_out_until'
Ignoring exception in on_member_update
Traceback (most recent call last):
  File "/usr/local/lib/python3.12/site-packages/discord/client.py", line 465, in _run_event
    await coro(*args, **kwargs)
  File "/app/asu_discord/cogs/analytics.py", line 652, in on_member_update
    before_timeout = before.timed_out_until
                     ^^^^^^^^^^^^^^^^^^^^^^
AttributeError: 'Member' object has no attribute 'timed_out_until'
Ignoring exception in on_member_update
Traceback (most recent call last):
  File "/usr/local/lib/python3.12/site-packages/discord/client.py", line 465, in _run_event
    await coro(*args, **kwargs)
  File "/app/asu_discord/cogs/analytics.py", line 652, in on_member_update
    before_timeout = before.timed_out_until
                     ^^^^^^^^^^^^^^^^^^^^^^
AttributeError: 'Member' object has no attribute 'timed_out_until'
Ignoring exception in on_member_update
Traceback (most recent call last):
  File "/usr/local/lib/python3.12/site-packages/discord/client.py", line 465, in _run_event
    await coro(*args, **kwargs)
  File "/app/asu_discord/cogs/analytics.py", line 652, in on_member_update
    before_timeout = before.timed_out_until
                     ^^^^^^^^^^^^^^^^^^^^^^
AttributeError: 'Member' object has no attribute 'timed_out_until'
Ignoring exception in on_member_update
Traceback (most recent call last):
  File "/usr/local/lib/python3.12/site-packages/discord/client.py", line 465, in _run_event
    await coro(*args, **kwargs)
  File "/app/asu_discord/cogs/analytics.py", line 652, in on_member_update
    before_timeout = before.timed_out_until
                     ^^^^^^^^^^^^^^^^^^^^^^
AttributeError: 'Member' object has no attribute 'timed_out_until'
Ignoring exception in on_member_update
Traceback (most recent call last):
  File "/usr/local/lib/python3.12/site-packages/discord/client.py", line 465, in _run_event
    await coro(*args, **kwargs)
  File "/app/asu_discord/cogs/analytics.py", line 652, in on_member_update
    before_timeout = before.timed_out_until
                     ^^^^^^^^^^^^^^^^^^^^^^
AttributeError: 'Member' object has no attribute 'timed_out_until'
Ignoring exception in on_member_update
Traceback (most recent call last):
  File "/usr/local/lib/python3.12/site-packages/discord/client.py", line 465, in _run_event
    await coro(*args, **kwargs)
  File "/app/asu_discord/cogs/analytics.py", line 652, in on_member_update
    before_timeout = before.timed_out_until
                     ^^^^^^^^^^^^^^^^^^^^^^
AttributeError: 'Member' object has no attribute 'timed_out_until'
Ignoring exception in on_member_update
Traceback (most recent call last):
  File "/usr/local/lib/python3.12/site-packages/discord/client.py", line 465, in _run_event
    await coro(*args, **kwargs)
  File "/app/asu_discord/cogs/analytics.py", line 652, in on_member_update
    before_timeout = before.timed_out_until
                     ^^^^^^^^^^^^^^^^^^^^^^
AttributeError: 'Member' object has no attribute 'timed_out_until'
Ignoring exception in on_member_update
Traceback (most recent call last):
  File "/usr/local/lib/python3.12/site-packages/discord/client.py", line 465, in _run_event
    await coro(*args, **kwargs)
  File "/app/asu_discord/cogs/analytics.py", line 652, in on_member_update
    before_timeout = before.timed_out_until
                     ^^^^^^^^^^^^^^^^^^^^^^
AttributeError: 'Member' object has no attribute 'timed_out_until'
INFO:asu_discord.cogs.verification:Saved 5 roles to database for user nocker (Discord ID: 782301212276031518)
INFO:asu_discord.cogs.verification:Refreshed Salesforce roles for Discord user 782301212276031518: -5/+5 roles, assigned=[Arizona Resident, College of Liberal Arts and Sciences, Commited, First Year, Tempe]
Ignoring exception in on_member_update
Traceback (most recent call last):
  File "/usr/local/lib/python3.12/site-packages/discord/client.py", line 465, in _run_event
    await coro(*args, **kwargs)
  File "/app/asu_discord/cogs/analytics.py", line 652, in on_member_update
    before_timeout = before.timed_out_until
                     ^^^^^^^^^^^^^^^^^^^^^^
AttributeError: 'Member' object has no attribute 'timed_out_until'
Ignoring exception in on_member_update
Traceback (most recent call last):
  File "/usr/local/lib/python3.12/site-packages/discord/client.py", line 465, in _run_event
    await coro(*args, **kwargs)
  File "/app/asu_discord/cogs/analytics.py", line 652, in on_member_update
    before_timeout = before.timed_out_until
                     ^^^^^^^^^^^^^^^^^^^^^^
AttributeError: 'Member' object has no attribute 'timed_out_until'
INFO:asu_discord.cogs.verification:Saved 1 roles to database for user wshinn (Discord ID: 980164683325669496)
INFO:asu_discord.cogs.verification:Refreshed Salesforce roles for Discord user 980164683325669496: -1/+1 roles, assigned=[Arizona Resident]
Ignoring exception in on_member_update
Traceback (most recent call last):
  File "/usr/local/lib/python3.12/site-packages/discord/client.py", line 465, in _run_event
    await coro(*args, **kwargs)
  File "/app/asu_discord/cogs/analytics.py", line 652, in on_member_update
    before_timeout = before.timed_out_until
                     ^^^^^^^^^^^^^^^^^^^^^^
AttributeError: 'Member' object has no attribute 'timed_out_until'
Ignoring exception in on_member_update
Traceback (most recent call last):
  File "/usr/local/lib/python3.12/site-packages/discord/client.py", line 465, in _run_event
    await coro(*args, **kwargs)
  File "/app/asu_discord/cogs/analytics.py", line 652, in on_member_update
    before_timeout = before.timed_out_until
                     ^^^^^^^^^^^^^^^^^^^^^^
AttributeError: 'Member' object has no attribute 'timed_out_until'
Ignoring exception in on_member_update
Traceback (most recent call last):
  File "/usr/local/lib/python3.12/site-packages/discord/client.py", line 465, in _run_event
    await coro(*args, **kwargs)
  File "/app/asu_discord/cogs/analytics.py", line 652, in on_member_update
    before_timeout = before.timed_out_until
                     ^^^^^^^^^^^^^^^^^^^^^^
AttributeError: 'Member' object has no attribute 'timed_out_until'
Ignoring exception in on_member_update
Traceback (most recent call last):
  File "/usr/local/lib/python3.12/site-packages/discord/client.py", line 465, in _run_event
    await coro(*args, **kwargs)
  File "/app/asu_discord/cogs/analytics.py", line 652, in on_member_update
    before_timeout = before.timed_out_until
                     ^^^^^^^^^^^^^^^^^^^^^^
AttributeError: 'Member' object has no attribute 'timed_out_until'
Ignoring exception in on_member_update
Traceback (most recent call last):
  File "/usr/local/lib/python3.12/site-packages/discord/client.py", line 465, in _run_event
    await coro(*args, **kwargs)
  File "/app/asu_discord/cogs/analytics.py", line 652, in on_member_update
    before_timeout = before.timed_out_until
                     ^^^^^^^^^^^^^^^^^^^^^^
AttributeError: 'Member' object has no attribute 'timed_out_until'
Ignoring exception in on_member_update
Traceback (most recent call last):
  File "/usr/local/lib/python3.12/site-packages/discord/client.py", line 465, in _run_event
    await coro(*args, **kwargs)
  File "/app/asu_discord/cogs/analytics.py", line 652, in on_member_update
    before_timeout = before.timed_out_until
                     ^^^^^^^^^^^^^^^^^^^^^^
AttributeError: 'Member' object has no attribute 'timed_out_until'
Ignoring exception in on_member_update
Traceback (most recent call last):
  File "/usr/local/lib/python3.12/site-packages/discord/client.py", line 465, in _run_event
    await coro(*args, **kwargs)
  File "/app/asu_discord/cogs/analytics.py", line 652, in on_member_update
    before_timeout = before.timed_out_until
                     ^^^^^^^^^^^^^^^^^^^^^^
AttributeError: 'Member' object has no attribute 'timed_out_until'
Ignoring exception in on_member_update
Traceback (most recent call last):
  File "/usr/local/lib/python3.12/site-packages/discord/client.py", line 465, in _run_event
    await coro(*args, **kwargs)
  File "/app/asu_discord/cogs/analytics.py", line 652, in on_member_update
    before_timeout = before.timed_out_until
                     ^^^^^^^^^^^^^^^^^^^^^^
AttributeError: 'Member' object has no attribute 'timed_out_until'
Ignoring exception in on_member_update
Traceback (most recent call last):
  File "/usr/local/lib/python3.12/site-packages/discord/client.py", line 465, in _run_event
    await coro(*args, **kwargs)
  File "/app/asu_discord/cogs/analytics.py", line 652, in on_member_update
    before_timeout = before.timed_out_until
                     ^^^^^^^^^^^^^^^^^^^^^^
AttributeError: 'Member' object has no attribute 'timed_out_until'
Ignoring exception in on_member_update
Traceback (most recent call last):
  File "/usr/local/lib/python3.12/site-packages/discord/client.py", line 465, in _run_event
    await coro(*args, **kwargs)
  File "/app/asu_discord/cogs/analytics.py", line 652, in on_member_update
    before_timeout = before.timed_out_until
                     ^^^^^^^^^^^^^^^^^^^^^^
AttributeError: 'Member' object has no attribute 'timed_out_until'
INFO:asu_discord.cogs.verification:Saved 5 roles to database for user bsimeone (Discord ID: 546802640856809479)
INFO:asu_discord.cogs.verification:Refreshed Salesforce roles for Discord user 546802640856809479: -5/+5 roles, assigned=[Commited, First Year, Herberger Institute for Design and the Arts, Out of State, Tempe]
Ignoring exception in on_member_update
Traceback (most recent call last):
  File "/usr/local/lib/python3.12/site-packages/discord/client.py", line 465, in _run_event
    await coro(*args, **kwargs)
  File "/app/asu_discord/cogs/analytics.py", line 652, in on_member_update
    before_timeout = before.timed_out_until
                     ^^^^^^^^^^^^^^^^^^^^^^
AttributeError: 'Member' object has no attribute 'timed_out_until'
Ignoring exception in on_member_update
Traceback (most recent call last):
  File "/usr/local/lib/python3.12/site-packages/discord/client.py", line 465, in _run_event
    await coro(*args, **kwargs)
  File "/app/asu_discord/cogs/analytics.py", line 652, in on_member_update
    before_timeout = before.timed_out_until
                     ^^^^^^^^^^^^^^^^^^^^^^
AttributeError: 'Member' object has no attribute 'timed_out_until'
Ignoring exception in on_member_update
Traceback (most recent call last):
  File "/usr/local/lib/python3.12/site-packages/discord/client.py", line 465, in _run_event
    await coro(*args, **kwargs)
  File "/app/asu_discord/cogs/analytics.py", line 652, in on_member_update
    before_timeout = before.timed_out_until
                     ^^^^^^^^^^^^^^^^^^^^^^
AttributeError: 'Member' object has no attribute 'timed_out_until'
Ignoring exception in on_member_update
Traceback (most recent call last):
  File "/usr/local/lib/python3.12/site-packages/discord/client.py", line 465, in _run_event
    await coro(*args, **kwargs)
  File "/app/asu_discord/cogs/analytics.py", line 652, in on_member_update
    before_timeout = before.timed_out_until
                     ^^^^^^^^^^^^^^^^^^^^^^
AttributeError: 'Member' object has no attribute 'timed_out_until'
Ignoring exception in on_member_update
Traceback (most recent call last):
  File "/usr/local/lib/python3.12/site-packages/discord/client.py", line 465, in _run_event
    await coro(*args, **kwargs)
  File "/app/asu_discord/cogs/analytics.py", line 652, in on_member_update
    before_timeout = before.timed_out_until
                     ^^^^^^^^^^^^^^^^^^^^^^
AttributeError: 'Member' object has no attribute 'timed_out_until'
Ignoring exception in on_member_update
Traceback (most recent call last):
  File "/usr/local/lib/python3.12/site-packages/discord/client.py", line 465, in _run_event
    await coro(*args, **kwargs)
  File "/app/asu_discord/cogs/analytics.py", line 652, in on_member_update
    before_timeout = before.timed_out_until
                     ^^^^^^^^^^^^^^^^^^^^^^
AttributeError: 'Member' object has no attribute 'timed_out_until'
Ignoring exception in on_member_update
Traceback (most recent call last):
  File "/usr/local/lib/python3.12/site-packages/discord/client.py", line 465, in _run_event
    await coro(*args, **kwargs)
  File "/app/asu_discord/cogs/analytics.py", line 652, in on_member_update
    before_timeout = before.timed_out_until
                     ^^^^^^^^^^^^^^^^^^^^^^
AttributeError: 'Member' object has no attribute 'timed_out_until'
Ignoring exception in on_member_update
Traceback (most recent call last):
  File "/usr/local/lib/python3.12/site-packages/discord/client.py", line 465, in _run_event
    await coro(*args, **kwargs)
  File "/app/asu_discord/cogs/analytics.py", line 652, in on_member_update
    before_timeout = before.timed_out_until
                     ^^^^^^^^^^^^^^^^^^^^^^
AttributeError: 'Member' object has no attribute 'timed_out_until'
Ignoring exception in on_member_update
Traceback (most recent call last):
  File "/usr/local/lib/python3.12/site-packages/discord/client.py", line 465, in _run_event
    await coro(*args, **kwargs)
  File "/app/asu_discord/cogs/analytics.py", line 652, in on_member_update
    before_timeout = before.timed_out_until
                     ^^^^^^^^^^^^^^^^^^^^^^
AttributeError: 'Member' object has no attribute 'timed_out_until'
INFO:asu_discord.cogs.verification:Saved 5 roles to database for user tsewell6 (Discord ID: 1088672013922599026)
INFO:asu_discord.cogs.verification:Refreshed Salesforce roles for Discord user 1088672013922599026: -4/+5 roles, assigned=[College of Health Solutions, Commited, Downtown Phoenix, Out of State, Transfer Student]
ERROR:cron.jobs:refresh_salesforce_roles: failed for mkashtia (Discord ID 694622313236136106): Failed to refresh Salesforce-based roles: Discord user 694622313236136106 is not a member of the guild
Ignoring exception in on_member_update
Traceback (most recent call last):
  File "/usr/local/lib/python3.12/site-packages/discord/client.py", line 465, in _run_event
    await coro(*args, **kwargs)
  File "/app/asu_discord/cogs/analytics.py", line 652, in on_member_update
    before_timeout = before.timed_out_until
                     ^^^^^^^^^^^^^^^^^^^^^^
AttributeError: 'Member' object has no attribute 'timed_out_until'
Ignoring exception in on_member_update
Traceback (most recent call last):
  File "/usr/local/lib/python3.12/site-packages/discord/client.py", line 465, in _run_event
    await coro(*args, **kwargs)
  File "/app/asu_discord/cogs/analytics.py", line 652, in on_member_update
    before_timeout = before.timed_out_until
                     ^^^^^^^^^^^^^^^^^^^^^^
AttributeError: 'Member' object has no attribute 'timed_out_until'
Ignoring exception in on_member_update
Traceback (most recent call last):
  File "/usr/local/lib/python3.12/site-packages/discord/client.py", line 465, in _run_event
    await coro(*args, **kwargs)
  File "/app/asu_discord/cogs/analytics.py", line 652, in on_member_update
    before_timeout = before.timed_out_until
                     ^^^^^^^^^^^^^^^^^^^^^^
AttributeError: 'Member' object has no attribute 'timed_out_until'
Ignoring exception in on_member_update
Traceback (most recent call last):
  File "/usr/local/lib/python3.12/site-packages/discord/client.py", line 465, in _run_event
    await coro(*args, **kwargs)
  File "/app/asu_discord/cogs/analytics.py", line 652, in on_member_update
    before_timeout = before.timed_out_until
                     ^^^^^^^^^^^^^^^^^^^^^^
AttributeError: 'Member' object has no attribute 'timed_out_until'
Ignoring exception in on_member_update
Traceback (most recent call last):
  File "/usr/local/lib/python3.12/site-packages/discord/client.py", line 465, in _run_event
    await coro(*args, **kwargs)
  File "/app/asu_discord/cogs/analytics.py", line 652, in on_member_update
    before_timeout = before.timed_out_until
                     ^^^^^^^^^^^^^^^^^^^^^^
AttributeError: 'Member' object has no attribute 'timed_out_until'
Ignoring exception in on_member_update
Traceback (most recent call last):
  File "/usr/local/lib/python3.12/site-packages/discord/client.py", line 465, in _run_event
    await coro(*args, **kwargs)
  File "/app/asu_discord/cogs/analytics.py", line 652, in on_member_update
    before_timeout = before.timed_out_until
                     ^^^^^^^^^^^^^^^^^^^^^^
AttributeError: 'Member' object has no attribute 'timed_out_until'
Ignoring exception in on_member_update
Traceback (most recent call last):
  File "/usr/local/lib/python3.12/site-packages/discord/client.py", line 465, in _run_event
    await coro(*args, **kwargs)
  File "/app/asu_discord/cogs/analytics.py", line 652, in on_member_update
    before_timeout = before.timed_out_until
                     ^^^^^^^^^^^^^^^^^^^^^^
AttributeError: 'Member' object has no attribute 'timed_out_until'
Ignoring exception in on_member_update
Traceback (most recent call last):
  File "/usr/local/lib/python3.12/site-packages/discord/client.py", line 465, in _run_event
    await coro(*args, **kwargs)
  File "/app/asu_discord/cogs/analytics.py", line 652, in on_member_update
    before_timeout = before.timed_out_until
                     ^^^^^^^^^^^^^^^^^^^^^^
AttributeError: 'Member' object has no attribute 'timed_out_until'
Ignoring exception in on_member_update
Traceback (most recent call last):
  File "/usr/local/lib/python3.12/site-packages/discord/client.py", line 465, in _run_event
    await coro(*args, **kwargs)
  File "/app/asu_discord/cogs/analytics.py", line 652, in on_member_update
    before_timeout = before.timed_out_until
                     ^^^^^^^^^^^^^^^^^^^^^^
AttributeError: 'Member' object has no attribute 'timed_out_until'
Ignoring exception in on_member_update
Traceback (most recent call last):
  File "/usr/local/lib/python3.12/site-packages/discord/client.py", line 465, in _run_event
    await coro(*args, **kwargs)
  File "/app/asu_discord/cogs/analytics.py", line 652, in on_member_update
    before_timeout = before.timed_out_until
                     ^^^^^^^^^^^^^^^^^^^^^^
AttributeError: 'Member' object has no attribute 'timed_out_until'
INFO:asu_discord.cogs.verification:Saved 6 roles to database for user abrettha (Discord ID: 586289062462357506)
INFO:asu_discord.cogs.verification:Refreshed Salesforce roles for Discord user 586289062462357506: -4/+6 roles, assigned=[College of Health Solutions, Commited, Downtown Phoenix, First Generation Student, First Year, Out of State]
Ignoring exception in on_member_update
Traceback (most recent call last):
  File "/usr/local/lib/python3.12/site-packages/discord/client.py", line 465, in _run_event
    await coro(*args, **kwargs)
  File "/app/asu_discord/cogs/analytics.py", line 652, in on_member_update
    before_timeout = before.timed_out_until
                     ^^^^^^^^^^^^^^^^^^^^^^
AttributeError: 'Member' object has no attribute 'timed_out_until'
Ignoring exception in on_member_update
Traceback (most recent call last):
  File "/usr/local/lib/python3.12/site-packages/discord/client.py", line 465, in _run_event
    await coro(*args, **kwargs)
  File "/app/asu_discord/cogs/analytics.py", line 652, in on_member_update
    before_timeout = before.timed_out_until
                     ^^^^^^^^^^^^^^^^^^^^^^
AttributeError: 'Member' object has no attribute 'timed_out_until'
Ignoring exception in on_member_update
Traceback (most recent call last):
  File "/usr/local/lib/python3.12/site-packages/discord/client.py", line 465, in _run_event
    await coro(*args, **kwargs)
  File "/app/asu_discord/cogs/analytics.py", line 652, in on_member_update
    before_timeout = before.timed_out_until
                     ^^^^^^^^^^^^^^^^^^^^^^
AttributeError: 'Member' object has no attribute 'timed_out_until'
Ignoring exception in on_member_update
Traceback (most recent call last):
  File "/usr/local/lib/python3.12/site-packages/discord/client.py", line 465, in _run_event
    await coro(*args, **kwargs)
  File "/app/asu_discord/cogs/analytics.py", line 652, in on_member_update
    before_timeout = before.timed_out_until
                     ^^^^^^^^^^^^^^^^^^^^^^
AttributeError: 'Member' object has no attribute 'timed_out_until'
Ignoring exception in on_member_update
Traceback (most recent call last):
  File "/usr/local/lib/python3.12/site-packages/discord/client.py", line 465, in _run_event
    await coro(*args, **kwargs)
  File "/app/asu_discord/cogs/analytics.py", line 652, in on_member_update
    before_timeout = before.timed_out_until
                     ^^^^^^^^^^^^^^^^^^^^^^
AttributeError: 'Member' object has no attribute 'timed_out_until'
Ignoring exception in on_member_update
Traceback (most recent call last):
  File "/usr/local/lib/python3.12/site-packages/discord/client.py", line 465, in _run_event
    await coro(*args, **kwargs)
  File "/app/asu_discord/cogs/analytics.py", line 652, in on_member_update
    before_timeout = before.timed_out_until
                     ^^^^^^^^^^^^^^^^^^^^^^
AttributeError: 'Member' object has no attribute 'timed_out_until'
Ignoring exception in on_member_update
Traceback (most recent call last):
  File "/usr/local/lib/python3.12/site-packages/discord/client.py", line 465, in _run_event
    await coro(*args, **kwargs)
  File "/app/asu_discord/cogs/analytics.py", line 652, in on_member_update
    before_timeout = before.timed_out_until
                     ^^^^^^^^^^^^^^^^^^^^^^
AttributeError: 'Member' object has no attribute 'timed_out_until'
Ignoring exception in on_member_update
Traceback (most recent call last):
  File "/usr/local/lib/python3.12/site-packages/discord/client.py", line 465, in _run_event
    await coro(*args, **kwargs)
  File "/app/asu_discord/cogs/analytics.py", line 652, in on_member_update
    before_timeout = before.timed_out_until
                     ^^^^^^^^^^^^^^^^^^^^^^
AttributeError: 'Member' object has no attribute 'timed_out_until'
INFO:asu_discord.cogs.verification:Saved 4 roles to database for user naguil24 (Discord ID: 1485630090300620851)
INFO:asu_discord.cogs.verification:Refreshed Salesforce roles for Discord user 1485630090300620851: -4/+4 roles, assigned=[Arizona Resident, First Year, Ira A. Fulton Schools of Engineering, Tempe]
Ignoring exception in on_member_update
Traceback (most recent call last):
  File "/usr/local/lib/python3.12/site-packages/discord/client.py", line 465, in _run_event
    await coro(*args, **kwargs)
  File "/app/asu_discord/cogs/analytics.py", line 652, in on_member_update
    before_timeout = before.timed_out_until
                     ^^^^^^^^^^^^^^^^^^^^^^
AttributeError: 'Member' object has no attribute 'timed_out_until'
Ignoring exception in on_member_update
Traceback (most recent call last):
  File "/usr/local/lib/python3.12/site-packages/discord/client.py", line 465, in _run_event
    await coro(*args, **kwargs)
  File "/app/asu_discord/cogs/analytics.py", line 652, in on_member_update
    before_timeout = before.timed_out_until
                     ^^^^^^^^^^^^^^^^^^^^^^
AttributeError: 'Member' object has no attribute 'timed_out_until'
Ignoring exception in on_member_update
Traceback (most recent call last):
  File "/usr/local/lib/python3.12/site-packages/discord/client.py", line 465, in _run_event
    await coro(*args, **kwargs)
  File "/app/asu_discord/cogs/analytics.py", line 652, in on_member_update
    before_timeout = before.timed_out_until
                     ^^^^^^^^^^^^^^^^^^^^^^
AttributeError: 'Member' object has no attribute 'timed_out_until'
Ignoring exception in on_member_update
Traceback (most recent call last):
  File "/usr/local/lib/python3.12/site-packages/discord/client.py", line 465, in _run_event
    await coro(*args, **kwargs)
  File "/app/asu_discord/cogs/analytics.py", line 652, in on_member_update
    before_timeout = before.timed_out_until
                     ^^^^^^^^^^^^^^^^^^^^^^
AttributeError: 'Member' object has no attribute 'timed_out_until'
Ignoring exception in on_member_update
Traceback (most recent call last):
  File "/usr/local/lib/python3.12/site-packages/discord/client.py", line 465, in _run_event
    await coro(*args, **kwargs)
  File "/app/asu_discord/cogs/analytics.py", line 652, in on_member_update
    before_timeout = before.timed_out_until
                     ^^^^^^^^^^^^^^^^^^^^^^
AttributeError: 'Member' object has no attribute 'timed_out_until'
Ignoring exception in on_member_update
Traceback (most recent call last):
  File "/usr/local/lib/python3.12/site-packages/discord/client.py", line 465, in _run_event
    await coro(*args, **kwargs)
  File "/app/asu_discord/cogs/analytics.py", line 652, in on_member_update
    before_timeout = before.timed_out_until
                     ^^^^^^^^^^^^^^^^^^^^^^
AttributeError: 'Member' object has no attribute 'timed_out_until'
Ignoring exception in on_member_update
Traceback (most recent call last):
  File "/usr/local/lib/python3.12/site-packages/discord/client.py", line 465, in _run_event
    await coro(*args, **kwargs)
  File "/app/asu_discord/cogs/analytics.py", line 652, in on_member_update
    before_timeout = before.timed_out_until
                     ^^^^^^^^^^^^^^^^^^^^^^
AttributeError: 'Member' object has no attribute 'timed_out_until'
Ignoring exception in on_member_update
Traceback (most recent call last):
  File "/usr/local/lib/python3.12/site-packages/discord/client.py", line 465, in _run_event
    await coro(*args, **kwargs)
  File "/app/asu_discord/cogs/analytics.py", line 652, in on_member_update
    before_timeout = before.timed_out_until
                     ^^^^^^^^^^^^^^^^^^^^^^
AttributeError: 'Member' object has no attribute 'timed_out_until'
Ignoring exception in on_member_update
Traceback (most recent call last):
  File "/usr/local/lib/python3.12/site-packages/discord/client.py", line 465, in _run_event
    await coro(*args, **kwargs)
  File "/app/asu_discord/cogs/analytics.py", line 652, in on_member_update
    before_timeout = before.timed_out_until
                     ^^^^^^^^^^^^^^^^^^^^^^
AttributeError: 'Member' object has no attribute 'timed_out_until'
INFO:asu_discord.cogs.verification:Saved 5 roles to database for user mberna13 (Discord ID: 348209846086139904)
INFO:asu_discord.cogs.verification:Refreshed Salesforce roles for Discord user 348209846086139904: -5/+4 roles, assigned=[First Generation Student, Graduate Student, Ira A. Fulton Schools of Engineering, Online, Out of State]
Ignoring exception in on_member_update
Traceback (most recent call last):
  File "/usr/local/lib/python3.12/site-packages/discord/client.py", line 465, in _run_event
    await coro(*args, **kwargs)
  File "/app/asu_discord/cogs/analytics.py", line 652, in on_member_update
    before_timeout = before.timed_out_until
                     ^^^^^^^^^^^^^^^^^^^^^^
AttributeError: 'Member' object has no attribute 'timed_out_until'
Ignoring exception in on_member_update
Traceback (most recent call last):
  File "/usr/local/lib/python3.12/site-packages/discord/client.py", line 465, in _run_event
    await coro(*args, **kwargs)
  File "/app/asu_discord/cogs/analytics.py", line 652, in on_member_update
    before_timeout = before.timed_out_until
                     ^^^^^^^^^^^^^^^^^^^^^^
AttributeError: 'Member' object has no attribute 'timed_out_until'
Ignoring exception in on_member_update
Traceback (most recent call last):
  File "/usr/local/lib/python3.12/site-packages/discord/client.py", line 465, in _run_event
    await coro(*args, **kwargs)
  File "/app/asu_discord/cogs/analytics.py", line 652, in on_member_update
    before_timeout = before.timed_out_until
                     ^^^^^^^^^^^^^^^^^^^^^^
AttributeError: 'Member' object has no attribute 'timed_out_until'
Ignoring exception in on_member_update
Traceback (most recent call last):
  File "/usr/local/lib/python3.12/site-packages/discord/client.py", line 465, in _run_event
    await coro(*args, **kwargs)
  File "/app/asu_discord/cogs/analytics.py", line 652, in on_member_update
    before_timeout = before.timed_out_until
                     ^^^^^^^^^^^^^^^^^^^^^^
AttributeError: 'Member' object has no attribute 'timed_out_until'
Ignoring exception in on_member_update
Traceback (most recent call last):
  File "/usr/local/lib/python3.12/site-packages/discord/client.py", line 465, in _run_event
    await coro(*args, **kwargs)
  File "/app/asu_discord/cogs/analytics.py", line 652, in on_member_update
    before_timeout = before.timed_out_until
                     ^^^^^^^^^^^^^^^^^^^^^^
AttributeError: 'Member' object has no attribute 'timed_out_until'
Ignoring exception in on_member_update
Traceback (most recent call last):
  File "/usr/local/lib/python3.12/site-packages/discord/client.py", line 465, in _run_event
    await coro(*args, **kwargs)
  File "/app/asu_discord/cogs/analytics.py", line 652, in on_member_update
    before_timeout = before.timed_out_until
                     ^^^^^^^^^^^^^^^^^^^^^^
AttributeError: 'Member' object has no attribute 'timed_out_until'
Ignoring exception in on_member_update
Traceback (most recent call last):
  File "/usr/local/lib/python3.12/site-packages/discord/client.py", line 465, in _run_event
    await coro(*args, **kwargs)
  File "/app/asu_discord/cogs/analytics.py", line 652, in on_member_update
    before_timeout = before.timed_out_until
                     ^^^^^^^^^^^^^^^^^^^^^^
AttributeError: 'Member' object has no attribute 'timed_out_until'
Ignoring exception in on_member_update
Traceback (most recent call last):
  File "/usr/local/lib/python3.12/site-packages/discord/client.py", line 465, in _run_event
    await coro(*args, **kwargs)
  File "/app/asu_discord/cogs/analytics.py", line 652, in on_member_update
    before_timeout = before.timed_out_until
                     ^^^^^^^^^^^^^^^^^^^^^^
AttributeError: 'Member' object has no attribute 'timed_out_until'
Ignoring exception in on_member_update
Traceback (most recent call last):
  File "/usr/local/lib/python3.12/site-packages/discord/client.py", line 465, in _run_event
    await coro(*args, **kwargs)
  File "/app/asu_discord/cogs/analytics.py", line 652, in on_member_update
    before_timeout = before.timed_out_until
                     ^^^^^^^^^^^^^^^^^^^^^^
AttributeError: 'Member' object has no attribute 'timed_out_until'
Ignoring exception in on_member_update
Traceback (most recent call last):
  File "/usr/local/lib/python3.12/site-packages/discord/client.py", line 465, in _run_event
    await coro(*args, **kwargs)
  File "/app/asu_discord/cogs/analytics.py", line 652, in on_member_update
    before_timeout = before.timed_out_until
                     ^^^^^^^^^^^^^^^^^^^^^^
AttributeError: 'Member' object has no attribute 'timed_out_until'
INFO:asu_discord.cogs.verification:Saved 5 roles to database for user dbarry13 (Discord ID: 1050929566887182456)
INFO:asu_discord.cogs.verification:Refreshed Salesforce roles for Discord user 1050929566887182456: -5/+5 roles, assigned=[Commited, First Year, Out of State, Tempe, W.P. Carey School of Business]
Ignoring exception in on_member_update
Traceback (most recent call last):
  File "/usr/local/lib/python3.12/site-packages/discord/client.py", line 465, in _run_event
    await coro(*args, **kwargs)
  File "/app/asu_discord/cogs/analytics.py", line 652, in on_member_update
    before_timeout = before.timed_out_until
                     ^^^^^^^^^^^^^^^^^^^^^^
AttributeError: 'Member' object has no attribute 'timed_out_until'
Ignoring exception in on_member_update
Traceback (most recent call last):
  File "/usr/local/lib/python3.12/site-packages/discord/client.py", line 465, in _run_event
    await coro(*args, **kwargs)
  File "/app/asu_discord/cogs/analytics.py", line 652, in on_member_update
    before_timeout = before.timed_out_until
                     ^^^^^^^^^^^^^^^^^^^^^^
AttributeError: 'Member' object has no attribute 'timed_out_until'
Ignoring exception in on_member_update
Traceback (most recent call last):
  File "/usr/local/lib/python3.12/site-packages/discord/client.py", line 465, in _run_event
    await coro(*args, **kwargs)
  File "/app/asu_discord/cogs/analytics.py", line 652, in on_member_update
    before_timeout = before.timed_out_until
                     ^^^^^^^^^^^^^^^^^^^^^^
AttributeError: 'Member' object has no attribute 'timed_out_until'
Ignoring exception in on_member_update
Traceback (most recent call last):
  File "/usr/local/lib/python3.12/site-packages/discord/client.py", line 465, in _run_event
    await coro(*args, **kwargs)
  File "/app/asu_discord/cogs/analytics.py", line 652, in on_member_update
    before_timeout = before.timed_out_until
                     ^^^^^^^^^^^^^^^^^^^^^^
AttributeError: 'Member' object has no attribute 'timed_out_until'
Ignoring exception in on_member_update
Traceback (most recent call last):
  File "/usr/local/lib/python3.12/site-packages/discord/client.py", line 465, in _run_event
    await coro(*args, **kwargs)
  File "/app/asu_discord/cogs/analytics.py", line 652, in on_member_update
    before_timeout = before.timed_out_until
                     ^^^^^^^^^^^^^^^^^^^^^^
AttributeError: 'Member' object has no attribute 'timed_out_until'
Ignoring exception in on_member_update
Traceback (most recent call last):
  File "/usr/local/lib/python3.12/site-packages/discord/client.py", line 465, in _run_event
    await coro(*args, **kwargs)
  File "/app/asu_discord/cogs/analytics.py", line 652, in on_member_update
    before_timeout = before.timed_out_until
                     ^^^^^^^^^^^^^^^^^^^^^^
AttributeError: 'Member' object has no attribute 'timed_out_until'
Ignoring exception in on_member_update
Traceback (most recent call last):
  File "/usr/local/lib/python3.12/site-packages/discord/client.py", line 465, in _run_event
    await coro(*args, **kwargs)
  File "/app/asu_discord/cogs/analytics.py", line 652, in on_member_update
    before_timeout = before.timed_out_until
                     ^^^^^^^^^^^^^^^^^^^^^^
AttributeError: 'Member' object has no attribute 'timed_out_until'
Ignoring exception in on_member_update
Traceback (most recent call last):
  File "/usr/local/lib/python3.12/site-packages/discord/client.py", line 465, in _run_event
    await coro(*args, **kwargs)
  File "/app/asu_discord/cogs/analytics.py", line 652, in on_member_update
    before_timeout = before.timed_out_until
                     ^^^^^^^^^^^^^^^^^^^^^^
AttributeError: 'Member' object has no attribute 'timed_out_until'
Ignoring exception in on_member_update
Traceback (most recent call last):
  File "/usr/local/lib/python3.12/site-packages/discord/client.py", line 465, in _run_event
    await coro(*args, **kwargs)
  File "/app/asu_discord/cogs/analytics.py", line 652, in on_member_update
    before_timeout = before.timed_out_until
                     ^^^^^^^^^^^^^^^^^^^^^^
AttributeError: 'Member' object has no attribute 'timed_out_until'
Ignoring exception in on_member_update
Traceback (most recent call last):
  File "/usr/local/lib/python3.12/site-packages/discord/client.py", line 465, in _run_event
    await coro(*args, **kwargs)
  File "/app/asu_discord/cogs/analytics.py", line 652, in on_member_update
    before_timeout = before.timed_out_until
                     ^^^^^^^^^^^^^^^^^^^^^^
AttributeError: 'Member' object has no attribute 'timed_out_until'
INFO:asu_discord.cogs.verification:Saved 5 roles to database for user rpate303 (Discord ID: 1494535923742806138)
INFO:asu_discord.cogs.verification:Refreshed Salesforce roles for Discord user 1494535923742806138: -5/+5 roles, assigned=[Arizona Resident, College of Liberal Arts and Sciences, Commited, First Year, Tempe]
Ignoring exception in on_member_update
Traceback (most recent call last):
  File "/usr/local/lib/python3.12/site-packages/discord/client.py", line 465, in _run_event
    await coro(*args, **kwargs)
  File "/app/asu_discord/cogs/analytics.py", line 652, in on_member_update
    before_timeout = before.timed_out_until
                     ^^^^^^^^^^^^^^^^^^^^^^
AttributeError: 'Member' object has no attribute 'timed_out_until'
Ignoring exception in on_member_update
Traceback (most recent call last):
  File "/usr/local/lib/python3.12/site-packages/discord/client.py", line 465, in _run_event
    await coro(*args, **kwargs)
  File "/app/asu_discord/cogs/analytics.py", line 652, in on_member_update
    before_timeout = before.timed_out_until
                     ^^^^^^^^^^^^^^^^^^^^^^
AttributeError: 'Member' object has no attribute 'timed_out_until'
Ignoring exception in on_member_update
Traceback (most recent call last):
  File "/usr/local/lib/python3.12/site-packages/discord/client.py", line 465, in _run_event
    await coro(*args, **kwargs)
  File "/app/asu_discord/cogs/analytics.py", line 652, in on_member_update
    before_timeout = before.timed_out_until
                     ^^^^^^^^^^^^^^^^^^^^^^
AttributeError: 'Member' object has no attribute 'timed_out_until'
Ignoring exception in on_member_update
Traceback (most recent call last):
  File "/usr/local/lib/python3.12/site-packages/discord/client.py", line 465, in _run_event
    await coro(*args, **kwargs)
  File "/app/asu_discord/cogs/analytics.py", line 652, in on_member_update
    before_timeout = before.timed_out_until
                     ^^^^^^^^^^^^^^^^^^^^^^
AttributeError: 'Member' object has no attribute 'timed_out_until'
Ignoring exception in on_member_update
Traceback (most recent call last):
  File "/usr/local/lib/python3.12/site-packages/discord/client.py", line 465, in _run_event
    await coro(*args, **kwargs)
  File "/app/asu_discord/cogs/analytics.py", line 652, in on_member_update
    before_timeout = before.timed_out_until
                     ^^^^^^^^^^^^^^^^^^^^^^
AttributeError: 'Member' object has no attribute 'timed_out_until'
Ignoring exception in on_member_update
Traceback (most recent call last):
  File "/usr/local/lib/python3.12/site-packages/discord/client.py", line 465, in _run_event
    await coro(*args, **kwargs)
  File "/app/asu_discord/cogs/analytics.py", line 652, in on_member_update
    before_timeout = before.timed_out_until
                     ^^^^^^^^^^^^^^^^^^^^^^
AttributeError: 'Member' object has no attribute 'timed_out_until'
Ignoring exception in on_member_update
Traceback (most recent call last):
  File "/usr/local/lib/python3.12/site-packages/discord/client.py", line 465, in _run_event
    await coro(*args, **kwargs)
  File "/app/asu_discord/cogs/analytics.py", line 652, in on_member_update
    before_timeout = before.timed_out_until
                     ^^^^^^^^^^^^^^^^^^^^^^
AttributeError: 'Member' object has no attribute 'timed_out_until'
Ignoring exception in on_member_update
Traceback (most recent call last):
  File "/usr/local/lib/python3.12/site-packages/discord/client.py", line 465, in _run_event
    await coro(*args, **kwargs)
  File "/app/asu_discord/cogs/analytics.py", line 652, in on_member_update
    before_timeout = before.timed_out_until
                     ^^^^^^^^^^^^^^^^^^^^^^
AttributeError: 'Member' object has no attribute 'timed_out_until'
Ignoring exception in on_member_update
Traceback (most recent call last):
  File "/usr/local/lib/python3.12/site-packages/discord/client.py", line 465, in _run_event
    await coro(*args, **kwargs)
  File "/app/asu_discord/cogs/analytics.py", line 652, in on_member_update
    before_timeout = before.timed_out_until
                     ^^^^^^^^^^^^^^^^^^^^^^
AttributeError: 'Member' object has no attribute 'timed_out_until'
Ignoring exception in on_member_update
Traceback (most recent call last):
  File "/usr/local/lib/python3.12/site-packages/discord/client.py", line 465, in _run_event
    await coro(*args, **kwargs)
  File "/app/asu_discord/cogs/analytics.py", line 652, in on_member_update
    before_timeout = before.timed_out_until
                     ^^^^^^^^^^^^^^^^^^^^^^
AttributeError: 'Member' object has no attribute 'timed_out_until'
Ignoring exception in on_member_update
Traceback (most recent call last):
  File "/usr/local/lib/python3.12/site-packages/discord/client.py", line 465, in _run_event
    await coro(*args, **kwargs)
  File "/app/asu_discord/cogs/analytics.py", line 652, in on_member_update
    before_timeout = before.timed_out_until
                     ^^^^^^^^^^^^^^^^^^^^^^
AttributeError: 'Member' object has no attribute 'timed_out_until'
Ignoring exception in on_member_update
Traceback (most recent call last):
  File "/usr/local/lib/python3.12/site-packages/discord/client.py", line 465, in _run_event
    await coro(*args, **kwargs)
  File "/app/asu_discord/cogs/analytics.py", line 652, in on_member_update
    before_timeout = before.timed_out_until
                     ^^^^^^^^^^^^^^^^^^^^^^
AttributeError: 'Member' object has no attribute 'timed_out_until'
INFO:asu_discord.cogs.verification:Saved 6 roles to database for user mtchiu (Discord ID: 529357383151910944)
INFO:asu_discord.cogs.verification:Refreshed Salesforce roles for Discord user 529357383151910944: -6/+6 roles, assigned=[Commited, Downtown Phoenix, First Generation Student, First Year, Out of State, Walter Cronkite School of Journalism and Mass Communication]
Ignoring exception in on_member_update
Traceback (most recent call last):
  File "/usr/local/lib/python3.12/site-packages/discord/client.py", line 465, in _run_event
    await coro(*args, **kwargs)
  File "/app/asu_discord/cogs/analytics.py", line 652, in on_member_update
    before_timeout = before.timed_out_until
                     ^^^^^^^^^^^^^^^^^^^^^^
AttributeError: 'Member' object has no attribute 'timed_out_until'
Ignoring exception in on_member_update
Traceback (most recent call last):
  File "/usr/local/lib/python3.12/site-packages/discord/client.py", line 465, in _run_event
    await coro(*args, **kwargs)
  File "/app/asu_discord/cogs/analytics.py", line 652, in on_member_update
    before_timeout = before.timed_out_until
                     ^^^^^^^^^^^^^^^^^^^^^^
AttributeError: 'Member' object has no attribute 'timed_out_until'
Ignoring exception in on_member_update
Traceback (most recent call last):
  File "/usr/local/lib/python3.12/site-packages/discord/client.py", line 465, in _run_event
    await coro(*args, **kwargs)
  File "/app/asu_discord/cogs/analytics.py", line 652, in on_member_update
    before_timeout = before.timed_out_until
                     ^^^^^^^^^^^^^^^^^^^^^^
AttributeError: 'Member' object has no attribute 'timed_out_until'
Ignoring exception in on_member_update
Traceback (most recent call last):
  File "/usr/local/lib/python3.12/site-packages/discord/client.py", line 465, in _run_event
    await coro(*args, **kwargs)
  File "/app/asu_discord/cogs/analytics.py", line 652, in on_member_update
    before_timeout = before.timed_out_until
                     ^^^^^^^^^^^^^^^^^^^^^^
AttributeError: 'Member' object has no attribute 'timed_out_until'
Ignoring exception in on_member_update
Traceback (most recent call last):
  File "/usr/local/lib/python3.12/site-packages/discord/client.py", line 465, in _run_event
    await coro(*args, **kwargs)
  File "/app/asu_discord/cogs/analytics.py", line 652, in on_member_update
    before_timeout = before.timed_out_until
                     ^^^^^^^^^^^^^^^^^^^^^^
AttributeError: 'Member' object has no attribute 'timed_out_until'
Ignoring exception in on_member_update
Traceback (most recent call last):
  File "/usr/local/lib/python3.12/site-packages/discord/client.py", line 465, in _run_event
    await coro(*args, **kwargs)
  File "/app/asu_discord/cogs/analytics.py", line 652, in on_member_update
    before_timeout = before.timed_out_until
                     ^^^^^^^^^^^^^^^^^^^^^^
AttributeError: 'Member' object has no attribute 'timed_out_until'
Ignoring exception in on_member_update
Traceback (most recent call last):
  File "/usr/local/lib/python3.12/site-packages/discord/client.py", line 465, in _run_event
    await coro(*args, **kwargs)
  File "/app/asu_discord/cogs/analytics.py", line 652, in on_member_update
    before_timeout = before.timed_out_until
                     ^^^^^^^^^^^^^^^^^^^^^^
AttributeError: 'Member' object has no attribute 'timed_out_until'
Ignoring exception in on_member_update
Traceback (most recent call last):
  File "/usr/local/lib/python3.12/site-packages/discord/client.py", line 465, in _run_event
    await coro(*args, **kwargs)
  File "/app/asu_discord/cogs/analytics.py", line 652, in on_member_update
    before_timeout = before.timed_out_until
                     ^^^^^^^^^^^^^^^^^^^^^^
AttributeError: 'Member' object has no attribute 'timed_out_until'
INFO:asu_discord.cogs.verification:Saved 4 roles to database for user rshah168 (Discord ID: 1091285678660272238)
INFO:asu_discord.cogs.verification:Refreshed Salesforce roles for Discord user 1091285678660272238: -4/+4 roles, assigned=[Graduate Student, International Student, Ira A. Fulton Schools of Engineering, Tempe]
Ignoring exception in on_member_update
Traceback (most recent call last):
  File "/usr/local/lib/python3.12/site-packages/discord/client.py", line 465, in _run_event
    await coro(*args, **kwargs)
  File "/app/asu_discord/cogs/analytics.py", line 652, in on_member_update
    before_timeout = before.timed_out_until
                     ^^^^^^^^^^^^^^^^^^^^^^
AttributeError: 'Member' object has no attribute 'timed_out_until'
Ignoring exception in on_member_update
Traceback (most recent call last):
  File "/usr/local/lib/python3.12/site-packages/discord/client.py", line 465, in _run_event
    await coro(*args, **kwargs)
  File "/app/asu_discord/cogs/analytics.py", line 652, in on_member_update
    before_timeout = before.timed_out_until
                     ^^^^^^^^^^^^^^^^^^^^^^
AttributeError: 'Member' object has no attribute 'timed_out_until'
Ignoring exception in on_member_update
Traceback (most recent call last):
  File "/usr/local/lib/python3.12/site-packages/discord/client.py", line 465, in _run_event
    await coro(*args, **kwargs)
  File "/app/asu_discord/cogs/analytics.py", line 652, in on_member_update
    before_timeout = before.timed_out_until
                     ^^^^^^^^^^^^^^^^^^^^^^
AttributeError: 'Member' object has no attribute 'timed_out_until'
Ignoring exception in on_member_update
Traceback (most recent call last):
  File "/usr/local/lib/python3.12/site-packages/discord/client.py", line 465, in _run_event
    await coro(*args, **kwargs)
  File "/app/asu_discord/cogs/analytics.py", line 652, in on_member_update
    before_timeout = before.timed_out_until
                     ^^^^^^^^^^^^^^^^^^^^^^
AttributeError: 'Member' object has no attribute 'timed_out_until'
Ignoring exception in on_member_update
Traceback (most recent call last):
  File "/usr/local/lib/python3.12/site-packages/discord/client.py", line 465, in _run_event
    await coro(*args, **kwargs)
  File "/app/asu_discord/cogs/analytics.py", line 652, in on_member_update
    before_timeout = before.timed_out_until
                     ^^^^^^^^^^^^^^^^^^^^^^
AttributeError: 'Member' object has no attribute 'timed_out_until'
Ignoring exception in on_member_update
Traceback (most recent call last):
  File "/usr/local/lib/python3.12/site-packages/discord/client.py", line 465, in _run_event
    await coro(*args, **kwargs)
  File "/app/asu_discord/cogs/analytics.py", line 652, in on_member_update
    before_timeout = before.timed_out_until
                     ^^^^^^^^^^^^^^^^^^^^^^
AttributeError: 'Member' object has no attribute 'timed_out_until'
Ignoring exception in on_member_update
Traceback (most recent call last):
  File "/usr/local/lib/python3.12/site-packages/discord/client.py", line 465, in _run_event
    await coro(*args, **kwargs)
  File "/app/asu_discord/cogs/analytics.py", line 652, in on_member_update
    before_timeout = before.timed_out_until
                     ^^^^^^^^^^^^^^^^^^^^^^
AttributeError: 'Member' object has no attribute 'timed_out_until'
Ignoring exception in on_member_update
Traceback (most recent call last):
  File "/usr/local/lib/python3.12/site-packages/discord/client.py", line 465, in _run_event
    await coro(*args, **kwargs)
  File "/app/asu_discord/cogs/analytics.py", line 652, in on_member_update
    before_timeout = before.timed_out_until
                     ^^^^^^^^^^^^^^^^^^^^^^
AttributeError: 'Member' object has no attribute 'timed_out_until'
Ignoring exception in on_member_update
Traceback (most recent call last):
  File "/usr/local/lib/python3.12/site-packages/discord/client.py", line 465, in _run_event
    await coro(*args, **kwargs)
  File "/app/asu_discord/cogs/analytics.py", line 652, in on_member_update
    before_timeout = before.timed_out_until
                     ^^^^^^^^^^^^^^^^^^^^^^
AttributeError: 'Member' object has no attribute 'timed_out_until'
Ignoring exception in on_member_update
Traceback (most recent call last):
  File "/usr/local/lib/python3.12/site-packages/discord/client.py", line 465, in _run_event
    await coro(*args, **kwargs)
  File "/app/asu_discord/cogs/analytics.py", line 652, in on_member_update
    before_timeout = before.timed_out_until
                     ^^^^^^^^^^^^^^^^^^^^^^
AttributeError: 'Member' object has no attribute 'timed_out_until'
INFO:asu_discord.cogs.verification:Saved 5 roles to database for user mananda4 (Discord ID: 1494608597710274682)
INFO:asu_discord.cogs.verification:Refreshed Salesforce roles for Discord user 1494608597710274682: -5/+5 roles, assigned=[Arizona Resident, Commited, First Year, Tempe, W.P. Carey School of Business]
Ignoring exception in on_member_update
Traceback (most recent call last):
  File "/usr/local/lib/python3.12/site-packages/discord/client.py", line 465, in _run_event
    await coro(*args, **kwargs)
  File "/app/asu_discord/cogs/analytics.py", line 652, in on_member_update
    before_timeout = before.timed_out_until
                     ^^^^^^^^^^^^^^^^^^^^^^
AttributeError: 'Member' object has no attribute 'timed_out_until'
Ignoring exception in on_member_update
Traceback (most recent call last):
  File "/usr/local/lib/python3.12/site-packages/discord/client.py", line 465, in _run_event
    await coro(*args, **kwargs)
  File "/app/asu_discord/cogs/analytics.py", line 652, in on_member_update
    before_timeout = before.timed_out_until
                     ^^^^^^^^^^^^^^^^^^^^^^
AttributeError: 'Member' object has no attribute 'timed_out_until'
Ignoring exception in on_member_update
Traceback (most recent call last):
  File "/usr/local/lib/python3.12/site-packages/discord/client.py", line 465, in _run_event
    await coro(*args, **kwargs)
  File "/app/asu_discord/cogs/analytics.py", line 652, in on_member_update
    before_timeout = before.timed_out_until
                     ^^^^^^^^^^^^^^^^^^^^^^
AttributeError: 'Member' object has no attribute 'timed_out_until'
Ignoring exception in on_member_update
Traceback (most recent call last):
  File "/usr/local/lib/python3.12/site-packages/discord/client.py", line 465, in _run_event
    await coro(*args, **kwargs)
  File "/app/asu_discord/cogs/analytics.py", line 652, in on_member_update
    before_timeout = before.timed_out_until
                     ^^^^^^^^^^^^^^^^^^^^^^
AttributeError: 'Member' object has no attribute 'timed_out_until'
Ignoring exception in on_member_update
Traceback (most recent call last):
  File "/usr/local/lib/python3.12/site-packages/discord/client.py", line 465, in _run_event
    await coro(*args, **kwargs)
  File "/app/asu_discord/cogs/analytics.py", line 652, in on_member_update
    before_timeout = before.timed_out_until
                     ^^^^^^^^^^^^^^^^^^^^^^
AttributeError: 'Member' object has no attribute 'timed_out_until'
Ignoring exception in on_member_update
Traceback (most recent call last):
  File "/usr/local/lib/python3.12/site-packages/discord/client.py", line 465, in _run_event
    await coro(*args, **kwargs)
  File "/app/asu_discord/cogs/analytics.py", line 652, in on_member_update
    before_timeout = before.timed_out_until
                     ^^^^^^^^^^^^^^^^^^^^^^
AttributeError: 'Member' object has no attribute 'timed_out_until'
Ignoring exception in on_member_update
Traceback (most recent call last):
  File "/usr/local/lib/python3.12/site-packages/discord/client.py", line 465, in _run_event
    await coro(*args, **kwargs)
  File "/app/asu_discord/cogs/analytics.py", line 652, in on_member_update
    before_timeout = before.timed_out_until
                     ^^^^^^^^^^^^^^^^^^^^^^
AttributeError: 'Member' object has no attribute 'timed_out_until'
Ignoring exception in on_member_update
Traceback (most recent call last):
  File "/usr/local/lib/python3.12/site-packages/discord/client.py", line 465, in _run_event
    await coro(*args, **kwargs)
  File "/app/asu_discord/cogs/analytics.py", line 652, in on_member_update
    before_timeout = before.timed_out_until
                     ^^^^^^^^^^^^^^^^^^^^^^
AttributeError: 'Member' object has no attribute 'timed_out_until'
Ignoring exception in on_member_update
Traceback (most recent call last):
  File "/usr/local/lib/python3.12/site-packages/discord/client.py", line 465, in _run_event
    await coro(*args, **kwargs)
  File "/app/asu_discord/cogs/analytics.py", line 652, in on_member_update
    before_timeout = before.timed_out_until
                     ^^^^^^^^^^^^^^^^^^^^^^
AttributeError: 'Member' object has no attribute 'timed_out_until'
Ignoring exception in on_member_update
Traceback (most recent call last):
  File "/usr/local/lib/python3.12/site-packages/discord/client.py", line 465, in _run_event
    await coro(*args, **kwargs)
  File "/app/asu_discord/cogs/analytics.py", line 652, in on_member_update
    before_timeout = before.timed_out_until
                     ^^^^^^^^^^^^^^^^^^^^^^
AttributeError: 'Member' object has no attribute 'timed_out_until'
INFO:asu_discord.cogs.verification:Saved 5 roles to database for user akarth24 (Discord ID: 866448863262933003)
INFO:asu_discord.cogs.verification:Refreshed Salesforce roles for Discord user 866448863262933003: -5/+5 roles, assigned=[Arizona Resident, Commited, First Year, Tempe, W.P. Carey School of Business]
Ignoring exception in on_member_update
Traceback (most recent call last):
  File "/usr/local/lib/python3.12/site-packages/discord/client.py", line 465, in _run_event
    await coro(*args, **kwargs)
  File "/app/asu_discord/cogs/analytics.py", line 652, in on_member_update
    before_timeout = before.timed_out_until
                     ^^^^^^^^^^^^^^^^^^^^^^
AttributeError: 'Member' object has no attribute 'timed_out_until'
Ignoring exception in on_member_update
Traceback (most recent call last):
  File "/usr/local/lib/python3.12/site-packages/discord/client.py", line 465, in _run_event
    await coro(*args, **kwargs)
  File "/app/asu_discord/cogs/analytics.py", line 652, in on_member_update
    before_timeout = before.timed_out_until
                     ^^^^^^^^^^^^^^^^^^^^^^
AttributeError: 'Member' object has no attribute 'timed_out_until'
Ignoring exception in on_member_update
Traceback (most recent call last):
  File "/usr/local/lib/python3.12/site-packages/discord/client.py", line 465, in _run_event
    await coro(*args, **kwargs)
  File "/app/asu_discord/cogs/analytics.py", line 652, in on_member_update
    before_timeout = before.timed_out_until
                     ^^^^^^^^^^^^^^^^^^^^^^
AttributeError: 'Member' object has no attribute 'timed_out_until'
Ignoring exception in on_member_update
Traceback (most recent call last):
  File "/usr/local/lib/python3.12/site-packages/discord/client.py", line 465, in _run_event
    await coro(*args, **kwargs)
  File "/app/asu_discord/cogs/analytics.py", line 652, in on_member_update
    before_timeout = before.timed_out_until
                     ^^^^^^^^^^^^^^^^^^^^^^
AttributeError: 'Member' object has no attribute 'timed_out_until'
Ignoring exception in on_member_update
Traceback (most recent call last):
  File "/usr/local/lib/python3.12/site-packages/discord/client.py", line 465, in _run_event
    await coro(*args, **kwargs)
  File "/app/asu_discord/cogs/analytics.py", line 652, in on_member_update
    before_timeout = before.timed_out_until
                     ^^^^^^^^^^^^^^^^^^^^^^
AttributeError: 'Member' object has no attribute 'timed_out_until'
Ignoring exception in on_member_update
Traceback (most recent call last):
  File "/usr/local/lib/python3.12/site-packages/discord/client.py", line 465, in _run_event
    await coro(*args, **kwargs)
  File "/app/asu_discord/cogs/analytics.py", line 652, in on_member_update
    before_timeout = before.timed_out_until
                     ^^^^^^^^^^^^^^^^^^^^^^
AttributeError: 'Member' object has no attribute 'timed_out_until'
Ignoring exception in on_member_update
Traceback (most recent call last):
  File "/usr/local/lib/python3.12/site-packages/discord/client.py", line 465, in _run_event
    await coro(*args, **kwargs)
  File "/app/asu_discord/cogs/analytics.py", line 652, in on_member_update
    before_timeout = before.timed_out_until
                     ^^^^^^^^^^^^^^^^^^^^^^
AttributeError: 'Member' object has no attribute 'timed_out_until'
Ignoring exception in on_member_update
Traceback (most recent call last):
  File "/usr/local/lib/python3.12/site-packages/discord/client.py", line 465, in _run_event
    await coro(*args, **kwargs)
  File "/app/asu_discord/cogs/analytics.py", line 652, in on_member_update
    before_timeout = before.timed_out_until
                     ^^^^^^^^^^^^^^^^^^^^^^
AttributeError: 'Member' object has no attribute 'timed_out_until'
Ignoring exception in on_member_update
Traceback (most recent call last):
  File "/usr/local/lib/python3.12/site-packages/discord/client.py", line 465, in _run_event
    await coro(*args, **kwargs)
  File "/app/asu_discord/cogs/analytics.py", line 652, in on_member_update
    before_timeout = before.timed_out_until
                     ^^^^^^^^^^^^^^^^^^^^^^
AttributeError: 'Member' object has no attribute 'timed_out_until'
Ignoring exception in on_member_update
Traceback (most recent call last):
  File "/usr/local/lib/python3.12/site-packages/discord/client.py", line 465, in _run_event
    await coro(*args, **kwargs)
  File "/app/asu_discord/cogs/analytics.py", line 652, in on_member_update
    before_timeout = before.timed_out_until
                     ^^^^^^^^^^^^^^^^^^^^^^
AttributeError: 'Member' object has no attribute 'timed_out_until'
INFO:asu_discord.cogs.verification:Saved 5 roles to database for user pshah195 (Discord ID: 465488307522895882)
INFO:asu_discord.cogs.verification:Refreshed Salesforce roles for Discord user 465488307522895882: -5/+5 roles, assigned=[Commited, Graduate Student, International Student, Ira A. Fulton Schools of Engineering, Polytechnic]
Ignoring exception in on_member_update
Traceback (most recent call last):
  File "/usr/local/lib/python3.12/site-packages/discord/client.py", line 465, in _run_event
    await coro(*args, **kwargs)
  File "/app/asu_discord/cogs/analytics.py", line 652, in on_member_update
    before_timeout = before.timed_out_until
                     ^^^^^^^^^^^^^^^^^^^^^^
AttributeError: 'Member' object has no attribute 'timed_out_until'
Ignoring exception in on_member_update
Traceback (most recent call last):
  File "/usr/local/lib/python3.12/site-packages/discord/client.py", line 465, in _run_event
    await coro(*args, **kwargs)
  File "/app/asu_discord/cogs/analytics.py", line 652, in on_member_update
    before_timeout = before.timed_out_until
                     ^^^^^^^^^^^^^^^^^^^^^^
AttributeError: 'Member' object has no attribute 'timed_out_until'
Ignoring exception in on_member_update
Traceback (most recent call last):
  File "/usr/local/lib/python3.12/site-packages/discord/client.py", line 465, in _run_event
    await coro(*args, **kwargs)
  File "/app/asu_discord/cogs/analytics.py", line 652, in on_member_update
    before_timeout = before.timed_out_until
                     ^^^^^^^^^^^^^^^^^^^^^^
AttributeError: 'Member' object has no attribute 'timed_out_until'
Ignoring exception in on_member_update
Traceback (most recent call last):
  File "/usr/local/lib/python3.12/site-packages/discord/client.py", line 465, in _run_event
    await coro(*args, **kwargs)
  File "/app/asu_discord/cogs/analytics.py", line 652, in on_member_update
    before_timeout = before.timed_out_until
                     ^^^^^^^^^^^^^^^^^^^^^^
AttributeError: 'Member' object has no attribute 'timed_out_until'
Ignoring exception in on_member_update
Traceback (most recent call last):
  File "/usr/local/lib/python3.12/site-packages/discord/client.py", line 465, in _run_event
    await coro(*args, **kwargs)
  File "/app/asu_discord/cogs/analytics.py", line 652, in on_member_update
    before_timeout = before.timed_out_until
                     ^^^^^^^^^^^^^^^^^^^^^^
AttributeError: 'Member' object has no attribute 'timed_out_until'
Ignoring exception in on_member_update
Traceback (most recent call last):
  File "/usr/local/lib/python3.12/site-packages/discord/client.py", line 465, in _run_event
    await coro(*args, **kwargs)
  File "/app/asu_discord/cogs/analytics.py", line 652, in on_member_update
    before_timeout = before.timed_out_until
                     ^^^^^^^^^^^^^^^^^^^^^^
AttributeError: 'Member' object has no attribute 'timed_out_until'
Ignoring exception in on_member_update
Traceback (most recent call last):
  File "/usr/local/lib/python3.12/site-packages/discord/client.py", line 465, in _run_event
    await coro(*args, **kwargs)
  File "/app/asu_discord/cogs/analytics.py", line 652, in on_member_update
    before_timeout = before.timed_out_until
                     ^^^^^^^^^^^^^^^^^^^^^^
AttributeError: 'Member' object has no attribute 'timed_out_until'
Ignoring exception in on_member_update
Traceback (most recent call last):
  File "/usr/local/lib/python3.12/site-packages/discord/client.py", line 465, in _run_event
    await coro(*args, **kwargs)
  File "/app/asu_discord/cogs/analytics.py", line 652, in on_member_update
    before_timeout = before.timed_out_until
                     ^^^^^^^^^^^^^^^^^^^^^^
AttributeError: 'Member' object has no attribute 'timed_out_until'
Ignoring exception in on_member_update
Traceback (most recent call last):
  File "/usr/local/lib/python3.12/site-packages/discord/client.py", line 465, in _run_event
    await coro(*args, **kwargs)
  File "/app/asu_discord/cogs/analytics.py", line 652, in on_member_update
    before_timeout = before.timed_out_until
                     ^^^^^^^^^^^^^^^^^^^^^^
AttributeError: 'Member' object has no attribute 'timed_out_until'
Ignoring exception in on_member_update
Traceback (most recent call last):
  File "/usr/local/lib/python3.12/site-packages/discord/client.py", line 465, in _run_event
    await coro(*args, **kwargs)
  File "/app/asu_discord/cogs/analytics.py", line 652, in on_member_update
    before_timeout = before.timed_out_until
                     ^^^^^^^^^^^^^^^^^^^^^^
AttributeError: 'Member' object has no attribute 'timed_out_until'
INFO:asu_discord.cogs.verification:Saved 5 roles to database for user jmora191 (Discord ID: 1352437281310642206)
INFO:asu_discord.cogs.verification:Refreshed Salesforce roles for Discord user 1352437281310642206: -5/+5 roles, assigned=[Arizona Resident, Commited, First Year, Ira A. Fulton Schools of Engineering, Tempe]
Ignoring exception in on_member_update
Traceback (most recent call last):
  File "/usr/local/lib/python3.12/site-packages/discord/client.py", line 465, in _run_event
    await coro(*args, **kwargs)
  File "/app/asu_discord/cogs/analytics.py", line 652, in on_member_update
    before_timeout = before.timed_out_until
                     ^^^^^^^^^^^^^^^^^^^^^^
AttributeError: 'Member' object has no attribute 'timed_out_until'
Ignoring exception in on_member_update
Traceback (most recent call last):
  File "/usr/local/lib/python3.12/site-packages/discord/client.py", line 465, in _run_event
    await coro(*args, **kwargs)
  File "/app/asu_discord/cogs/analytics.py", line 652, in on_member_update
    before_timeout = before.timed_out_until
                     ^^^^^^^^^^^^^^^^^^^^^^
AttributeError: 'Member' object has no attribute 'timed_out_until'
Ignoring exception in on_member_update
Traceback (most recent call last):
  File "/usr/local/lib/python3.12/site-packages/discord/client.py", line 465, in _run_event
    await coro(*args, **kwargs)
  File "/app/asu_discord/cogs/analytics.py", line 652, in on_member_update
    before_timeout = before.timed_out_until
                     ^^^^^^^^^^^^^^^^^^^^^^
AttributeError: 'Member' object has no attribute 'timed_out_until'
Ignoring exception in on_member_update
Traceback (most recent call last):
  File "/usr/local/lib/python3.12/site-packages/discord/client.py", line 465, in _run_event
    await coro(*args, **kwargs)
  File "/app/asu_discord/cogs/analytics.py", line 652, in on_member_update
    before_timeout = before.timed_out_until
                     ^^^^^^^^^^^^^^^^^^^^^^
AttributeError: 'Member' object has no attribute 'timed_out_until'
Ignoring exception in on_member_update
Traceback (most recent call last):
  File "/usr/local/lib/python3.12/site-packages/discord/client.py", line 465, in _run_event
    await coro(*args, **kwargs)
  File "/app/asu_discord/cogs/analytics.py", line 652, in on_member_update
    before_timeout = before.timed_out_until
                     ^^^^^^^^^^^^^^^^^^^^^^
AttributeError: 'Member' object has no attribute 'timed_out_until'
Ignoring exception in on_member_update
Traceback (most recent call last):
  File "/usr/local/lib/python3.12/site-packages/discord/client.py", line 465, in _run_event
    await coro(*args, **kwargs)
  File "/app/asu_discord/cogs/analytics.py", line 652, in on_member_update
    before_timeout = before.timed_out_until
                     ^^^^^^^^^^^^^^^^^^^^^^
AttributeError: 'Member' object has no attribute 'timed_out_until'
Ignoring exception in on_member_update
Traceback (most recent call last):
  File "/usr/local/lib/python3.12/site-packages/discord/client.py", line 465, in _run_event
    await coro(*args, **kwargs)
  File "/app/asu_discord/cogs/analytics.py", line 652, in on_member_update
    before_timeout = before.timed_out_until
                     ^^^^^^^^^^^^^^^^^^^^^^
AttributeError: 'Member' object has no attribute 'timed_out_until'
Ignoring exception in on_member_update
Traceback (most recent call last):
  File "/usr/local/lib/python3.12/site-packages/discord/client.py", line 465, in _run_event
    await coro(*args, **kwargs)
  File "/app/asu_discord/cogs/analytics.py", line 652, in on_member_update
    before_timeout = before.timed_out_until
                     ^^^^^^^^^^^^^^^^^^^^^^
AttributeError: 'Member' object has no attribute 'timed_out_until'
Ignoring exception in on_member_update
Traceback (most recent call last):
  File "/usr/local/lib/python3.12/site-packages/discord/client.py", line 465, in _run_event
    await coro(*args, **kwargs)
  File "/app/asu_discord/cogs/analytics.py", line 652, in on_member_update
    before_timeout = before.timed_out_until
                     ^^^^^^^^^^^^^^^^^^^^^^
AttributeError: 'Member' object has no attribute 'timed_out_until'
Ignoring exception in on_member_update
Traceback (most recent call last):
  File "/usr/local/lib/python3.12/site-packages/discord/client.py", line 465, in _run_event
    await coro(*args, **kwargs)
  File "/app/asu_discord/cogs/analytics.py", line 652, in on_member_update
    before_timeout = before.timed_out_until
                     ^^^^^^^^^^^^^^^^^^^^^^
AttributeError: 'Member' object has no attribute 'timed_out_until'
INFO:asu_discord.cogs.verification:Saved 5 roles to database for user sirankun (Discord ID: 1493820587326308522)
INFO:asu_discord.cogs.verification:Refreshed Salesforce roles for Discord user 1493820587326308522: -5/+5 roles, assigned=[Commited, Graduate Student, International Student, Ira A. Fulton Schools of Engineering, Polytechnic]
Ignoring exception in on_member_update
Traceback (most recent call last):
  File "/usr/local/lib/python3.12/site-packages/discord/client.py", line 465, in _run_event
    await coro(*args, **kwargs)
  File "/app/asu_discord/cogs/analytics.py", line 652, in on_member_update
    before_timeout = before.timed_out_until
                     ^^^^^^^^^^^^^^^^^^^^^^
AttributeError: 'Member' object has no attribute 'timed_out_until'
Ignoring exception in on_member_update
Traceback (most recent call last):
  File "/usr/local/lib/python3.12/site-packages/discord/client.py", line 465, in _run_event
    await coro(*args, **kwargs)
  File "/app/asu_discord/cogs/analytics.py", line 652, in on_member_update
    before_timeout = before.timed_out_until
                     ^^^^^^^^^^^^^^^^^^^^^^
AttributeError: 'Member' object has no attribute 'timed_out_until'
Ignoring exception in on_member_update
Traceback (most recent call last):
  File "/usr/local/lib/python3.12/site-packages/discord/client.py", line 465, in _run_event
    await coro(*args, **kwargs)
  File "/app/asu_discord/cogs/analytics.py", line 652, in on_member_update
    before_timeout = before.timed_out_until
                     ^^^^^^^^^^^^^^^^^^^^^^
AttributeError: 'Member' object has no attribute 'timed_out_until'
Ignoring exception in on_member_update
Traceback (most recent call last):
  File "/usr/local/lib/python3.12/site-packages/discord/client.py", line 465, in _run_event
    await coro(*args, **kwargs)
  File "/app/asu_discord/cogs/analytics.py", line 652, in on_member_update
    before_timeout = before.timed_out_until
                     ^^^^^^^^^^^^^^^^^^^^^^
AttributeError: 'Member' object has no attribute 'timed_out_until'
Ignoring exception in on_member_update
Traceback (most recent call last):
  File "/usr/local/lib/python3.12/site-packages/discord/client.py", line 465, in _run_event
    await coro(*args, **kwargs)
  File "/app/asu_discord/cogs/analytics.py", line 652, in on_member_update
    before_timeout = before.timed_out_until
                     ^^^^^^^^^^^^^^^^^^^^^^
AttributeError: 'Member' object has no attribute 'timed_out_until'
Ignoring exception in on_member_update
Traceback (most recent call last):
  File "/usr/local/lib/python3.12/site-packages/discord/client.py", line 465, in _run_event
    await coro(*args, **kwargs)
  File "/app/asu_discord/cogs/analytics.py", line 652, in on_member_update
    before_timeout = before.timed_out_until
                     ^^^^^^^^^^^^^^^^^^^^^^
AttributeError: 'Member' object has no attribute 'timed_out_until'
Ignoring exception in on_member_update
Traceback (most recent call last):
  File "/usr/local/lib/python3.12/site-packages/discord/client.py", line 465, in _run_event
    await coro(*args, **kwargs)
  File "/app/asu_discord/cogs/analytics.py", line 652, in on_member_update
    before_timeout = before.timed_out_until
                     ^^^^^^^^^^^^^^^^^^^^^^
AttributeError: 'Member' object has no attribute 'timed_out_until'
Ignoring exception in on_member_update
Traceback (most recent call last):
  File "/usr/local/lib/python3.12/site-packages/discord/client.py", line 465, in _run_event
    await coro(*args, **kwargs)
  File "/app/asu_discord/cogs/analytics.py", line 652, in on_member_update
    before_timeout = before.timed_out_until
                     ^^^^^^^^^^^^^^^^^^^^^^
AttributeError: 'Member' object has no attribute 'timed_out_until'
Ignoring exception in on_member_update
Traceback (most recent call last):
  File "/usr/local/lib/python3.12/site-packages/discord/client.py", line 465, in _run_event
    await coro(*args, **kwargs)
  File "/app/asu_discord/cogs/analytics.py", line 652, in on_member_update
    before_timeout = before.timed_out_until
                     ^^^^^^^^^^^^^^^^^^^^^^
AttributeError: 'Member' object has no attribute 'timed_out_until'
Ignoring exception in on_member_update
Traceback (most recent call last):
  File "/usr/local/lib/python3.12/site-packages/discord/client.py", line 465, in _run_event
    await coro(*args, **kwargs)
  File "/app/asu_discord/cogs/analytics.py", line 652, in on_member_update
    before_timeout = before.timed_out_until
                     ^^^^^^^^^^^^^^^^^^^^^^
AttributeError: 'Member' object has no attribute 'timed_out_until'
INFO:asu_discord.cogs.verification:Saved 5 roles to database for user vwittroc (Discord ID: 1320135354841436250)
INFO:asu_discord.cogs.verification:Refreshed Salesforce roles for Discord user 1320135354841436250: -5/+5 roles, assigned=[Arizona Resident, Commited, New College of Interdisciplinary Arts and Sciences, Transfer Student, West Valley]
Ignoring exception in on_member_update
Traceback (most recent call last):
  File "/usr/local/lib/python3.12/site-packages/discord/client.py", line 465, in _run_event
    await coro(*args, **kwargs)
  File "/app/asu_discord/cogs/analytics.py", line 652, in on_member_update
    before_timeout = before.timed_out_until
                     ^^^^^^^^^^^^^^^^^^^^^^
AttributeError: 'Member' object has no attribute 'timed_out_until'
Ignoring exception in on_member_update
Traceback (most recent call last):
  File "/usr/local/lib/python3.12/site-packages/discord/client.py", line 465, in _run_event
    await coro(*args, **kwargs)
  File "/app/asu_discord/cogs/analytics.py", line 652, in on_member_update
    before_timeout = before.timed_out_until
                     ^^^^^^^^^^^^^^^^^^^^^^
AttributeError: 'Member' object has no attribute 'timed_out_until'
Ignoring exception in on_member_update
Traceback (most recent call last):
  File "/usr/local/lib/python3.12/site-packages/discord/client.py", line 465, in _run_event
    await coro(*args, **kwargs)
  File "/app/asu_discord/cogs/analytics.py", line 652, in on_member_update
    before_timeout = before.timed_out_until
                     ^^^^^^^^^^^^^^^^^^^^^^
AttributeError: 'Member' object has no attribute 'timed_out_until'
Ignoring exception in on_member_update
Traceback (most recent call last):
  File "/usr/local/lib/python3.12/site-packages/discord/client.py", line 465, in _run_event
    await coro(*args, **kwargs)
  File "/app/asu_discord/cogs/analytics.py", line 652, in on_member_update
    before_timeout = before.timed_out_until
                     ^^^^^^^^^^^^^^^^^^^^^^
AttributeError: 'Member' object has no attribute 'timed_out_until'
Ignoring exception in on_member_update
Traceback (most recent call last):
  File "/usr/local/lib/python3.12/site-packages/discord/client.py", line 465, in _run_event
    await coro(*args, **kwargs)
  File "/app/asu_discord/cogs/analytics.py", line 652, in on_member_update
    before_timeout = before.timed_out_until
                     ^^^^^^^^^^^^^^^^^^^^^^
AttributeError: 'Member' object has no attribute 'timed_out_until'
Ignoring exception in on_member_update
Traceback (most recent call last):
  File "/usr/local/lib/python3.12/site-packages/discord/client.py", line 465, in _run_event
    await coro(*args, **kwargs)
  File "/app/asu_discord/cogs/analytics.py", line 652, in on_member_update
    before_timeout = before.timed_out_until
                     ^^^^^^^^^^^^^^^^^^^^^^
AttributeError: 'Member' object has no attribute 'timed_out_until'
Ignoring exception in on_member_update
Traceback (most recent call last):
  File "/usr/local/lib/python3.12/site-packages/discord/client.py", line 465, in _run_event
    await coro(*args, **kwargs)
  File "/app/asu_discord/cogs/analytics.py", line 652, in on_member_update
    before_timeout = before.timed_out_until
                     ^^^^^^^^^^^^^^^^^^^^^^
AttributeError: 'Member' object has no attribute 'timed_out_until'
Ignoring exception in on_member_update
Traceback (most recent call last):
  File "/usr/local/lib/python3.12/site-packages/discord/client.py", line 465, in _run_event
    await coro(*args, **kwargs)
  File "/app/asu_discord/cogs/analytics.py", line 652, in on_member_update
    before_timeout = before.timed_out_until
                     ^^^^^^^^^^^^^^^^^^^^^^
AttributeError: 'Member' object has no attribute 'timed_out_until'
Ignoring exception in on_member_update
Traceback (most recent call last):
  File "/usr/local/lib/python3.12/site-packages/discord/client.py", line 465, in _run_event
    await coro(*args, **kwargs)
  File "/app/asu_discord/cogs/analytics.py", line 652, in on_member_update
    before_timeout = before.timed_out_until
                     ^^^^^^^^^^^^^^^^^^^^^^
AttributeError: 'Member' object has no attribute 'timed_out_until'
Ignoring exception in on_member_update
Traceback (most recent call last):
  File "/usr/local/lib/python3.12/site-packages/discord/client.py", line 465, in _run_event
    await coro(*args, **kwargs)
  File "/app/asu_discord/cogs/analytics.py", line 652, in on_member_update
    before_timeout = before.timed_out_until
                     ^^^^^^^^^^^^^^^^^^^^^^
AttributeError: 'Member' object has no attribute 'timed_out_until'
ERROR:cron.jobs:refresh_salesforce_roles: failed for mceja125 (Discord ID 1441203187997737152): Timed out refresh Salesforce-based roles
Ignoring exception in on_member_update
Traceback (most recent call last):
  File "/usr/local/lib/python3.12/site-packages/discord/client.py", line 465, in _run_event
    await coro(*args, **kwargs)
  File "/app/asu_discord/cogs/analytics.py", line 652, in on_member_update
    before_timeout = before.timed_out_until
                     ^^^^^^^^^^^^^^^^^^^^^^
AttributeError: 'Member' object has no attribute 'timed_out_until'
Ignoring exception in on_member_update
Traceback (most recent call last):
  File "/usr/local/lib/python3.12/site-packages/discord/client.py", line 465, in _run_event
    await coro(*args, **kwargs)
  File "/app/asu_discord/cogs/analytics.py", line 652, in on_member_update
    before_timeout = before.timed_out_until
                     ^^^^^^^^^^^^^^^^^^^^^^
AttributeError: 'Member' object has no attribute 'timed_out_until'
Ignoring exception in on_member_update
Traceback (most recent call last):
  File "/usr/local/lib/python3.12/site-packages/discord/client.py", line 465, in _run_event
    await coro(*args, **kwargs)
  File "/app/asu_discord/cogs/analytics.py", line 652, in on_member_update
    before_timeout = before.timed_out_until
                     ^^^^^^^^^^^^^^^^^^^^^^
AttributeError: 'Member' object has no attribute 'timed_out_until'
Ignoring exception in on_member_update
Traceback (most recent call last):
  File "/usr/local/lib/python3.12/site-packages/discord/client.py", line 465, in _run_event
    await coro(*args, **kwargs)
  File "/app/asu_discord/cogs/analytics.py", line 652, in on_member_update
    before_timeout = before.timed_out_until
                     ^^^^^^^^^^^^^^^^^^^^^^
AttributeError: 'Member' object has no attribute 'timed_out_until'
Ignoring exception in on_member_update
Traceback (most recent call last):
  File "/usr/local/lib/python3.12/site-packages/discord/client.py", line 465, in _run_event
    await coro(*args, **kwargs)
  File "/app/asu_discord/cogs/analytics.py", line 652, in on_member_update
    before_timeout = before.timed_out_until
                     ^^^^^^^^^^^^^^^^^^^^^^
AttributeError: 'Member' object has no attribute 'timed_out_until'
Ignoring exception in on_member_update
Traceback (most recent call last):
  File "/usr/local/lib/python3.12/site-packages/discord/client.py", line 465, in _run_event
    await coro(*args, **kwargs)
  File "/app/asu_discord/cogs/analytics.py", line 652, in on_member_update
    before_timeout = before.timed_out_until
                     ^^^^^^^^^^^^^^^^^^^^^^
AttributeError: 'Member' object has no attribute 'timed_out_until'
Ignoring exception in on_member_update
Traceback (most recent call last):
  File "/usr/local/lib/python3.12/site-packages/discord/client.py", line 465, in _run_event
    await coro(*args, **kwargs)
  File "/app/asu_discord/cogs/analytics.py", line 652, in on_member_update
    before_timeout = before.timed_out_until
                     ^^^^^^^^^^^^^^^^^^^^^^
AttributeError: 'Member' object has no attribute 'timed_out_until'
Ignoring exception in on_member_update
Traceback (most recent call last):
  File "/usr/local/lib/python3.12/site-packages/discord/client.py", line 465, in _run_event
    await coro(*args, **kwargs)
  File "/app/asu_discord/cogs/analytics.py", line 652, in on_member_update
    before_timeout = before.timed_out_until
                     ^^^^^^^^^^^^^^^^^^^^^^
AttributeError: 'Member' object has no attribute 'timed_out_until'
Ignoring exception in on_member_update
Traceback (most recent call last):
  File "/usr/local/lib/python3.12/site-packages/discord/client.py", line 465, in _run_event
    await coro(*args, **kwargs)
  File "/app/asu_discord/cogs/analytics.py", line 652, in on_member_update
    before_timeout = before.timed_out_until
                     ^^^^^^^^^^^^^^^^^^^^^^
AttributeError: 'Member' object has no attribute 'timed_out_until'
Ignoring exception in on_member_update
Traceback (most recent call last):
  File "/usr/local/lib/python3.12/site-packages/discord/client.py", line 465, in _run_event
    await coro(*args, **kwargs)
  File "/app/asu_discord/cogs/analytics.py", line 652, in on_member_update
    before_timeout = before.timed_out_until
                     ^^^^^^^^^^^^^^^^^^^^^^
AttributeError: 'Member' object has no attribute 'timed_out_until'
Ignoring exception in on_member_update
Traceback (most recent call last):
  File "/usr/local/lib/python3.12/site-packages/discord/client.py", line 465, in _run_event
    await coro(*args, **kwargs)
  File "/app/asu_discord/cogs/analytics.py", line 652, in on_member_update
    before_timeout = before.timed_out_until
                     ^^^^^^^^^^^^^^^^^^^^^^
AttributeError: 'Member' object has no attribute 'timed_out_until'
INFO:asu_discord.cogs.verification:Saved 5 roles to database for user jahuda (Discord ID: 709937199554232411)
INFO:asu_discord.cogs.verification:Refreshed Salesforce roles for Discord user 709937199554232411: -5/+5 roles, assigned=[Arizona Resident, Commited, First Year, Ira A. Fulton Schools of Engineering, Tempe]
Ignoring exception in on_member_update
Traceback (most recent call last):
  File "/usr/local/lib/python3.12/site-packages/discord/client.py", line 465, in _run_event
    await coro(*args, **kwargs)
  File "/app/asu_discord/cogs/analytics.py", line 652, in on_member_update
    before_timeout = before.timed_out_until
                     ^^^^^^^^^^^^^^^^^^^^^^
AttributeError: 'Member' object has no attribute 'timed_out_until'
Ignoring exception in on_member_update
Traceback (most recent call last):
  File "/usr/local/lib/python3.12/site-packages/discord/client.py", line 465, in _run_event
    await coro(*args, **kwargs)
  File "/app/asu_discord/cogs/analytics.py", line 652, in on_member_update
    before_timeout = before.timed_out_until
                     ^^^^^^^^^^^^^^^^^^^^^^
AttributeError: 'Member' object has no attribute 'timed_out_until'
Ignoring exception in on_member_update
Traceback (most recent call last):
  File "/usr/local/lib/python3.12/site-packages/discord/client.py", line 465, in _run_event
    await coro(*args, **kwargs)
  File "/app/asu_discord/cogs/analytics.py", line 652, in on_member_update
    before_timeout = before.timed_out_until
                     ^^^^^^^^^^^^^^^^^^^^^^
AttributeError: 'Member' object has no attribute 'timed_out_until'
Ignoring exception in on_member_update
Traceback (most recent call last):
  File "/usr/local/lib/python3.12/site-packages/discord/client.py", line 465, in _run_event
    await coro(*args, **kwargs)
  File "/app/asu_discord/cogs/analytics.py", line 652, in on_member_update
    before_timeout = before.timed_out_until
                     ^^^^^^^^^^^^^^^^^^^^^^
AttributeError: 'Member' object has no attribute 'timed_out_until'
Ignoring exception in on_member_update
Traceback (most recent call last):
  File "/usr/local/lib/python3.12/site-packages/discord/client.py", line 465, in _run_event
    await coro(*args, **kwargs)
  File "/app/asu_discord/cogs/analytics.py", line 652, in on_member_update
    before_timeout = before.timed_out_until
                     ^^^^^^^^^^^^^^^^^^^^^^
AttributeError: 'Member' object has no attribute 'timed_out_until'
Ignoring exception in on_member_update
Traceback (most recent call last):
  File "/usr/local/lib/python3.12/site-packages/discord/client.py", line 465, in _run_event
    await coro(*args, **kwargs)
  File "/app/asu_discord/cogs/analytics.py", line 652, in on_member_update
    before_timeout = before.timed_out_until
                     ^^^^^^^^^^^^^^^^^^^^^^
AttributeError: 'Member' object has no attribute 'timed_out_until'
Ignoring exception in on_member_update
Traceback (most recent call last):
  File "/usr/local/lib/python3.12/site-packages/discord/client.py", line 465, in _run_event
    await coro(*args, **kwargs)
  File "/app/asu_discord/cogs/analytics.py", line 652, in on_member_update
    before_timeout = before.timed_out_until
                     ^^^^^^^^^^^^^^^^^^^^^^
AttributeError: 'Member' object has no attribute 'timed_out_until'
Ignoring exception in on_member_update
Traceback (most recent call last):
  File "/usr/local/lib/python3.12/site-packages/discord/client.py", line 465, in _run_event
    await coro(*args, **kwargs)
  File "/app/asu_discord/cogs/analytics.py", line 652, in on_member_update
    before_timeout = before.timed_out_until
                     ^^^^^^^^^^^^^^^^^^^^^^
AttributeError: 'Member' object has no attribute 'timed_out_until'
Ignoring exception in on_member_update
Traceback (most recent call last):
  File "/usr/local/lib/python3.12/site-packages/discord/client.py", line 465, in _run_event
    await coro(*args, **kwargs)
  File "/app/asu_discord/cogs/analytics.py", line 652, in on_member_update
    before_timeout = before.timed_out_until
                     ^^^^^^^^^^^^^^^^^^^^^^
AttributeError: 'Member' object has no attribute 'timed_out_until'
Ignoring exception in on_member_update
Traceback (most recent call last):
  File "/usr/local/lib/python3.12/site-packages/discord/client.py", line 465, in _run_event
    await coro(*args, **kwargs)
  File "/app/asu_discord/cogs/analytics.py", line 652, in on_member_update
    before_timeout = before.timed_out_until
                     ^^^^^^^^^^^^^^^^^^^^^^
AttributeError: 'Member' object has no attribute 'timed_out_until'
INFO:asu_discord.cogs.verification:Saved 5 roles to database for user rruizleo (Discord ID: 719973015802085587)
INFO:asu_discord.cogs.verification:Refreshed Salesforce roles for Discord user 719973015802085587: -5/+5 roles, assigned=[Commited, First Year, International Student, Tempe, W.P. Carey School of Business]
Ignoring exception in on_member_update
Traceback (most recent call last):
  File "/usr/local/lib/python3.12/site-packages/discord/client.py", line 465, in _run_event
    await coro(*args, **kwargs)
  File "/app/asu_discord/cogs/analytics.py", line 652, in on_member_update
    before_timeout = before.timed_out_until
                     ^^^^^^^^^^^^^^^^^^^^^^
AttributeError: 'Member' object has no attribute 'timed_out_until'
Ignoring exception in on_member_update
Traceback (most recent call last):
  File "/usr/local/lib/python3.12/site-packages/discord/client.py", line 465, in _run_event
    await coro(*args, **kwargs)
  File "/app/asu_discord/cogs/analytics.py", line 652, in on_member_update
    before_timeout = before.timed_out_until
                     ^^^^^^^^^^^^^^^^^^^^^^
AttributeError: 'Member' object has no attribute 'timed_out_until'
Ignoring exception in on_member_update
Traceback (most recent call last):
  File "/usr/local/lib/python3.12/site-packages/discord/client.py", line 465, in _run_event
    await coro(*args, **kwargs)
  File "/app/asu_discord/cogs/analytics.py", line 652, in on_member_update
    before_timeout = before.timed_out_until
                     ^^^^^^^^^^^^^^^^^^^^^^
AttributeError: 'Member' object has no attribute 'timed_out_until'
Ignoring exception in on_member_update
Traceback (most recent call last):
  File "/usr/local/lib/python3.12/site-packages/discord/client.py", line 465, in _run_event
    await coro(*args, **kwargs)
  File "/app/asu_discord/cogs/analytics.py", line 652, in on_member_update
    before_timeout = before.timed_out_until
                     ^^^^^^^^^^^^^^^^^^^^^^
AttributeError: 'Member' object has no attribute 'timed_out_until'
Ignoring exception in on_member_update
Traceback (most recent call last):
  File "/usr/local/lib/python3.12/site-packages/discord/client.py", line 465, in _run_event
    await coro(*args, **kwargs)
  File "/app/asu_discord/cogs/analytics.py", line 652, in on_member_update
    before_timeout = before.timed_out_until
                     ^^^^^^^^^^^^^^^^^^^^^^
AttributeError: 'Member' object has no attribute 'timed_out_until'
Ignoring exception in on_member_update
Traceback (most recent call last):
  File "/usr/local/lib/python3.12/site-packages/discord/client.py", line 465, in _run_event
    await coro(*args, **kwargs)
  File "/app/asu_discord/cogs/analytics.py", line 652, in on_member_update
    before_timeout = before.timed_out_until
                     ^^^^^^^^^^^^^^^^^^^^^^
AttributeError: 'Member' object has no attribute 'timed_out_until'
Ignoring exception in on_member_update
Traceback (most recent call last):
  File "/usr/local/lib/python3.12/site-packages/discord/client.py", line 465, in _run_event
    await coro(*args, **kwargs)
  File "/app/asu_discord/cogs/analytics.py", line 652, in on_member_update
    before_timeout = before.timed_out_until
                     ^^^^^^^^^^^^^^^^^^^^^^
AttributeError: 'Member' object has no attribute 'timed_out_until'
Ignoring exception in on_member_update
Traceback (most recent call last):
  File "/usr/local/lib/python3.12/site-packages/discord/client.py", line 465, in _run_event
    await coro(*args, **kwargs)
  File "/app/asu_discord/cogs/analytics.py", line 652, in on_member_update
    before_timeout = before.timed_out_until
                     ^^^^^^^^^^^^^^^^^^^^^^
AttributeError: 'Member' object has no attribute 'timed_out_until'
Ignoring exception in on_member_update
Traceback (most recent call last):
  File "/usr/local/lib/python3.12/site-packages/discord/client.py", line 465, in _run_event
    await coro(*args, **kwargs)
  File "/app/asu_discord/cogs/analytics.py", line 652, in on_member_update
    before_timeout = before.timed_out_until
                     ^^^^^^^^^^^^^^^^^^^^^^
AttributeError: 'Member' object has no attribute 'timed_out_until'
Ignoring exception in on_member_update
Traceback (most recent call last):
  File "/usr/local/lib/python3.12/site-packages/discord/client.py", line 465, in _run_event
    await coro(*args, **kwargs)
  File "/app/asu_discord/cogs/analytics.py", line 652, in on_member_update
    before_timeout = before.timed_out_until
                     ^^^^^^^^^^^^^^^^^^^^^^
AttributeError: 'Member' object has no attribute 'timed_out_until'
Ignoring exception in on_member_update
Traceback (most recent call last):
  File "/usr/local/lib/python3.12/site-packages/discord/client.py", line 465, in _run_event
    await coro(*args, **kwargs)
  File "/app/asu_discord/cogs/analytics.py", line 652, in on_member_update
    before_timeout = before.timed_out_until
                     ^^^^^^^^^^^^^^^^^^^^^^
AttributeError: 'Member' object has no attribute 'timed_out_until'
Ignoring exception in on_member_update
Traceback (most recent call last):
  File "/usr/local/lib/python3.12/site-packages/discord/client.py", line 465, in _run_event
    await coro(*args, **kwargs)
  File "/app/asu_discord/cogs/analytics.py", line 652, in on_member_update
    before_timeout = before.timed_out_until
                     ^^^^^^^^^^^^^^^^^^^^^^
AttributeError: 'Member' object has no attribute 'timed_out_until'
ERROR:cron.jobs:refresh_salesforce_roles: failed for dbradsby (Discord ID 426492035944677386): Timed out refresh Salesforce-based roles
Ignoring exception in on_member_update
Traceback (most recent call last):
  File "/usr/local/lib/python3.12/site-packages/discord/client.py", line 465, in _run_event
    await coro(*args, **kwargs)
  File "/app/asu_discord/cogs/analytics.py", line 652, in on_member_update
    before_timeout = before.timed_out_until
                     ^^^^^^^^^^^^^^^^^^^^^^
AttributeError: 'Member' object has no attribute 'timed_out_until'
Ignoring exception in on_member_update
Traceback (most recent call last):
  File "/usr/local/lib/python3.12/site-packages/discord/client.py", line 465, in _run_event
    await coro(*args, **kwargs)
  File "/app/asu_discord/cogs/analytics.py", line 652, in on_member_update
    before_timeout = before.timed_out_until
                     ^^^^^^^^^^^^^^^^^^^^^^
AttributeError: 'Member' object has no attribute 'timed_out_until'
Ignoring exception in on_member_update
Traceback (most recent call last):
  File "/usr/local/lib/python3.12/site-packages/discord/client.py", line 465, in _run_event
    await coro(*args, **kwargs)
  File "/app/asu_discord/cogs/analytics.py", line 652, in on_member_update
    before_timeout = before.timed_out_until
                     ^^^^^^^^^^^^^^^^^^^^^^
AttributeError: 'Member' object has no attribute 'timed_out_until'
Ignoring exception in on_member_update
Traceback (most recent call last):
  File "/usr/local/lib/python3.12/site-packages/discord/client.py", line 465, in _run_event
    await coro(*args, **kwargs)
  File "/app/asu_discord/cogs/analytics.py", line 652, in on_member_update
    before_timeout = before.timed_out_until
                     ^^^^^^^^^^^^^^^^^^^^^^
AttributeError: 'Member' object has no attribute 'timed_out_until'
Ignoring exception in on_member_update
Traceback (most recent call last):
  File "/usr/local/lib/python3.12/site-packages/discord/client.py", line 465, in _run_event
    await coro(*args, **kwargs)
  File "/app/asu_discord/cogs/analytics.py", line 652, in on_member_update
    before_timeout = before.timed_out_until
                     ^^^^^^^^^^^^^^^^^^^^^^
AttributeError: 'Member' object has no attribute 'timed_out_until'
Ignoring exception in on_member_update
Traceback (most recent call last):
  File "/usr/local/lib/python3.12/site-packages/discord/client.py", line 465, in _run_event
    await coro(*args, **kwargs)
  File "/app/asu_discord/cogs/analytics.py", line 652, in on_member_update
    before_timeout = before.timed_out_until
                     ^^^^^^^^^^^^^^^^^^^^^^
AttributeError: 'Member' object has no attribute 'timed_out_until'
Ignoring exception in on_member_update
Traceback (most recent call last):
  File "/usr/local/lib/python3.12/site-packages/discord/client.py", line 465, in _run_event
    await coro(*args, **kwargs)
  File "/app/asu_discord/cogs/analytics.py", line 652, in on_member_update
    before_timeout = before.timed_out_until
                     ^^^^^^^^^^^^^^^^^^^^^^
AttributeError: 'Member' object has no attribute 'timed_out_until'
Ignoring exception in on_member_update
Traceback (most recent call last):
  File "/usr/local/lib/python3.12/site-packages/discord/client.py", line 465, in _run_event
    await coro(*args, **kwargs)
  File "/app/asu_discord/cogs/analytics.py", line 652, in on_member_update
    before_timeout = before.timed_out_until
                     ^^^^^^^^^^^^^^^^^^^^^^
AttributeError: 'Member' object has no attribute 'timed_out_until'
Ignoring exception in on_member_update
Traceback (most recent call last):
  File "/usr/local/lib/python3.12/site-packages/discord/client.py", line 465, in _run_event
    await coro(*args, **kwargs)
  File "/app/asu_discord/cogs/analytics.py", line 652, in on_member_update
    before_timeout = before.timed_out_until
                     ^^^^^^^^^^^^^^^^^^^^^^
AttributeError: 'Member' object has no attribute 'timed_out_until'
INFO:asu_discord.cogs.verification:Saved 5 roles to database for user mmedero1 (Discord ID: 538805596233924628)
INFO:asu_discord.cogs.verification:Refreshed Salesforce roles for Discord user 538805596233924628: -5/+4 roles, assigned=[Commited, First Year, Ira A. Fulton Schools of Engineering, Out of State, Tempe]
Ignoring exception in on_member_update
Traceback (most recent call last):
  File "/usr/local/lib/python3.12/site-packages/discord/client.py", line 465, in _run_event
    await coro(*args, **kwargs)
  File "/app/asu_discord/cogs/analytics.py", line 652, in on_member_update
    before_timeout = before.timed_out_until
                     ^^^^^^^^^^^^^^^^^^^^^^
AttributeError: 'Member' object has no attribute 'timed_out_until'
Ignoring exception in on_member_update
Traceback (most recent call last):
  File "/usr/local/lib/python3.12/site-packages/discord/client.py", line 465, in _run_event
    await coro(*args, **kwargs)
  File "/app/asu_discord/cogs/analytics.py", line 652, in on_member_update
    before_timeout = before.timed_out_until
                     ^^^^^^^^^^^^^^^^^^^^^^
AttributeError: 'Member' object has no attribute 'timed_out_until'
Ignoring exception in on_member_update
Traceback (most recent call last):
  File "/usr/local/lib/python3.12/site-packages/discord/client.py", line 465, in _run_event
    await coro(*args, **kwargs)
  File "/app/asu_discord/cogs/analytics.py", line 652, in on_member_update
    before_timeout = before.timed_out_until
                     ^^^^^^^^^^^^^^^^^^^^^^
AttributeError: 'Member' object has no attribute 'timed_out_until'
Ignoring exception in on_member_update
Traceback (most recent call last):
  File "/usr/local/lib/python3.12/site-packages/discord/client.py", line 465, in _run_event
    await coro(*args, **kwargs)
  File "/app/asu_discord/cogs/analytics.py", line 652, in on_member_update
    before_timeout = before.timed_out_until
                     ^^^^^^^^^^^^^^^^^^^^^^
AttributeError: 'Member' object has no attribute 'timed_out_until'
Ignoring exception in on_member_update
Traceback (most recent call last):
  File "/usr/local/lib/python3.12/site-packages/discord/client.py", line 465, in _run_event
    await coro(*args, **kwargs)
  File "/app/asu_discord/cogs/analytics.py", line 652, in on_member_update
    before_timeout = before.timed_out_until
                     ^^^^^^^^^^^^^^^^^^^^^^
AttributeError: 'Member' object has no attribute 'timed_out_until'
Ignoring exception in on_member_update
Traceback (most recent call last):
  File "/usr/local/lib/python3.12/site-packages/discord/client.py", line 465, in _run_event
    await coro(*args, **kwargs)
  File "/app/asu_discord/cogs/analytics.py", line 652, in on_member_update
    before_timeout = before.timed_out_until
                     ^^^^^^^^^^^^^^^^^^^^^^
AttributeError: 'Member' object has no attribute 'timed_out_until'
Ignoring exception in on_member_update
Traceback (most recent call last):
  File "/usr/local/lib/python3.12/site-packages/discord/client.py", line 465, in _run_event
    await coro(*args, **kwargs)
  File "/app/asu_discord/cogs/analytics.py", line 652, in on_member_update
    before_timeout = before.timed_out_until
                     ^^^^^^^^^^^^^^^^^^^^^^
AttributeError: 'Member' object has no attribute 'timed_out_until'
Ignoring exception in on_member_update
Traceback (most recent call last):
  File "/usr/local/lib/python3.12/site-packages/discord/client.py", line 465, in _run_event
    await coro(*args, **kwargs)
  File "/app/asu_discord/cogs/analytics.py", line 652, in on_member_update
    before_timeout = before.timed_out_until
                     ^^^^^^^^^^^^^^^^^^^^^^
AttributeError: 'Member' object has no attribute 'timed_out_until'
Ignoring exception in on_member_update
Traceback (most recent call last):
  File "/usr/local/lib/python3.12/site-packages/discord/client.py", line 465, in _run_event
    await coro(*args, **kwargs)
  File "/app/asu_discord/cogs/analytics.py", line 652, in on_member_update
    before_timeout = before.timed_out_until
                     ^^^^^^^^^^^^^^^^^^^^^^
AttributeError: 'Member' object has no attribute 'timed_out_until'
Ignoring exception in on_member_update
Traceback (most recent call last):
  File "/usr/local/lib/python3.12/site-packages/discord/client.py", line 465, in _run_event
    await coro(*args, **kwargs)
  File "/app/asu_discord/cogs/analytics.py", line 652, in on_member_update
    before_timeout = before.timed_out_until
                     ^^^^^^^^^^^^^^^^^^^^^^
AttributeError: 'Member' object has no attribute 'timed_out_until'
INFO:asu_discord.cogs.verification:Saved 5 roles to database for user oomologb (Discord ID: 629767668786003988)
INFO:asu_discord.cogs.verification:Refreshed Salesforce roles for Discord user 629767668786003988: -5/+5 roles, assigned=[Commited, First Year, Ira A. Fulton Schools of Engineering, Out of State, Tempe]
ERROR:cron.jobs:refresh_salesforce_roles: failed for dagaugha (Discord ID 470702022786547724): Failed to refresh Salesforce-based roles: Discord user 470702022786547724 is not a member of the guild
Ignoring exception in on_member_update
Traceback (most recent call last):
  File "/usr/local/lib/python3.12/site-packages/discord/client.py", line 465, in _run_event
    await coro(*args, **kwargs)
  File "/app/asu_discord/cogs/analytics.py", line 652, in on_member_update
    before_timeout = before.timed_out_until
                     ^^^^^^^^^^^^^^^^^^^^^^
AttributeError: 'Member' object has no attribute 'timed_out_until'
Ignoring exception in on_member_update
Traceback (most recent call last):
  File "/usr/local/lib/python3.12/site-packages/discord/client.py", line 465, in _run_event
    await coro(*args, **kwargs)
  File "/app/asu_discord/cogs/analytics.py", line 652, in on_member_update
    before_timeout = before.timed_out_until
                     ^^^^^^^^^^^^^^^^^^^^^^
AttributeError: 'Member' object has no attribute 'timed_out_until'
Ignoring exception in on_member_update
Traceback (most recent call last):
  File "/usr/local/lib/python3.12/site-packages/discord/client.py", line 465, in _run_event
    await coro(*args, **kwargs)
  File "/app/asu_discord/cogs/analytics.py", line 652, in on_member_update
    before_timeout = before.timed_out_until
                     ^^^^^^^^^^^^^^^^^^^^^^
AttributeError: 'Member' object has no attribute 'timed_out_until'
Ignoring exception in on_member_update
Traceback (most recent call last):
  File "/usr/local/lib/python3.12/site-packages/discord/client.py", line 465, in _run_event
    await coro(*args, **kwargs)
  File "/app/asu_discord/cogs/analytics.py", line 652, in on_member_update
    before_timeout = before.timed_out_until
                     ^^^^^^^^^^^^^^^^^^^^^^
AttributeError: 'Member' object has no attribute 'timed_out_until'
Ignoring exception in on_member_update
Traceback (most recent call last):
  File "/usr/local/lib/python3.12/site-packages/discord/client.py", line 465, in _run_event
    await coro(*args, **kwargs)
  File "/app/asu_discord/cogs/analytics.py", line 652, in on_member_update
    before_timeout = before.timed_out_until
                     ^^^^^^^^^^^^^^^^^^^^^^
AttributeError: 'Member' object has no attribute 'timed_out_until'
Ignoring exception in on_member_update
Traceback (most recent call last):
  File "/usr/local/lib/python3.12/site-packages/discord/client.py", line 465, in _run_event
    await coro(*args, **kwargs)
  File "/app/asu_discord/cogs/analytics.py", line 652, in on_member_update
    before_timeout = before.timed_out_until
                     ^^^^^^^^^^^^^^^^^^^^^^
AttributeError: 'Member' object has no attribute 'timed_out_until'
Ignoring exception in on_member_update
Traceback (most recent call last):
  File "/usr/local/lib/python3.12/site-packages/discord/client.py", line 465, in _run_event
    await coro(*args, **kwargs)
  File "/app/asu_discord/cogs/analytics.py", line 652, in on_member_update
    before_timeout = before.timed_out_until
                     ^^^^^^^^^^^^^^^^^^^^^^
AttributeError: 'Member' object has no attribute 'timed_out_until'
Ignoring exception in on_member_update
Traceback (most recent call last):
  File "/usr/local/lib/python3.12/site-packages/discord/client.py", line 465, in _run_event
    await coro(*args, **kwargs)
  File "/app/asu_discord/cogs/analytics.py", line 652, in on_member_update
    before_timeout = before.timed_out_until
                     ^^^^^^^^^^^^^^^^^^^^^^
AttributeError: 'Member' object has no attribute 'timed_out_until'
Ignoring exception in on_member_update
Traceback (most recent call last):
  File "/usr/local/lib/python3.12/site-packages/discord/client.py", line 465, in _run_event
    await coro(*args, **kwargs)
  File "/app/asu_discord/cogs/analytics.py", line 652, in on_member_update
    before_timeout = before.timed_out_until
                     ^^^^^^^^^^^^^^^^^^^^^^
AttributeError: 'Member' object has no attribute 'timed_out_until'
Ignoring exception in on_member_update
Traceback (most recent call last):
  File "/usr/local/lib/python3.12/site-packages/discord/client.py", line 465, in _run_event
    await coro(*args, **kwargs)
  File "/app/asu_discord/cogs/analytics.py", line 652, in on_member_update
    before_timeout = before.timed_out_until
                     ^^^^^^^^^^^^^^^^^^^^^^
AttributeError: 'Member' object has no attribute 'timed_out_until'
Ignoring exception in on_member_update
Traceback (most recent call last):
  File "/usr/local/lib/python3.12/site-packages/discord/client.py", line 465, in _run_event
    await coro(*args, **kwargs)
  File "/app/asu_discord/cogs/analytics.py", line 652, in on_member_update
    before_timeout = before.timed_out_until
                     ^^^^^^^^^^^^^^^^^^^^^^
AttributeError: 'Member' object has no attribute 'timed_out_until'
ERROR:cron.jobs:refresh_salesforce_roles: failed for kkruane (Discord ID 1494806120106168537): Timed out refresh Salesforce-based roles
ERROR:cron.jobs:refresh_salesforce_roles: failed for bvidaca (Discord ID 1494818522516426843): Failed to refresh Salesforce-based roles: Discord user 1494818522516426843 is not a member of the guild
Ignoring exception in on_member_update
Traceback (most recent call last):
  File "/usr/local/lib/python3.12/site-packages/discord/client.py", line 465, in _run_event
    await coro(*args, **kwargs)
  File "/app/asu_discord/cogs/analytics.py", line 652, in on_member_update
    before_timeout = before.timed_out_until
                     ^^^^^^^^^^^^^^^^^^^^^^
AttributeError: 'Member' object has no attribute 'timed_out_until'
Ignoring exception in on_member_update
Traceback (most recent call last):
  File "/usr/local/lib/python3.12/site-packages/discord/client.py", line 465, in _run_event
    await coro(*args, **kwargs)
  File "/app/asu_discord/cogs/analytics.py", line 652, in on_member_update
    before_timeout = before.timed_out_until
                     ^^^^^^^^^^^^^^^^^^^^^^
AttributeError: 'Member' object has no attribute 'timed_out_until'
Ignoring exception in on_member_update
Traceback (most recent call last):
  File "/usr/local/lib/python3.12/site-packages/discord/client.py", line 465, in _run_event
    await coro(*args, **kwargs)
  File "/app/asu_discord/cogs/analytics.py", line 652, in on_member_update
    before_timeout = before.timed_out_until
                     ^^^^^^^^^^^^^^^^^^^^^^
AttributeError: 'Member' object has no attribute 'timed_out_until'
Ignoring exception in on_member_update
Traceback (most recent call last):
  File "/usr/local/lib/python3.12/site-packages/discord/client.py", line 465, in _run_event
    await coro(*args, **kwargs)
  File "/app/asu_discord/cogs/analytics.py", line 652, in on_member_update
    before_timeout = before.timed_out_until
                     ^^^^^^^^^^^^^^^^^^^^^^
AttributeError: 'Member' object has no attribute 'timed_out_until'
Ignoring exception in on_member_update
Traceback (most recent call last):
  File "/usr/local/lib/python3.12/site-packages/discord/client.py", line 465, in _run_event
    await coro(*args, **kwargs)
  File "/app/asu_discord/cogs/analytics.py", line 652, in on_member_update
    before_timeout = before.timed_out_until
                     ^^^^^^^^^^^^^^^^^^^^^^
AttributeError: 'Member' object has no attribute 'timed_out_until'
Ignoring exception in on_member_update
Traceback (most recent call last):
  File "/usr/local/lib/python3.12/site-packages/discord/client.py", line 465, in _run_event
    await coro(*args, **kwargs)
  File "/app/asu_discord/cogs/analytics.py", line 652, in on_member_update
    before_timeout = before.timed_out_until
                     ^^^^^^^^^^^^^^^^^^^^^^
AttributeError: 'Member' object has no attribute 'timed_out_until'
Ignoring exception in on_member_update
Traceback (most recent call last):
  File "/usr/local/lib/python3.12/site-packages/discord/client.py", line 465, in _run_event
    await coro(*args, **kwargs)
  File "/app/asu_discord/cogs/analytics.py", line 652, in on_member_update
    before_timeout = before.timed_out_until
                     ^^^^^^^^^^^^^^^^^^^^^^
AttributeError: 'Member' object has no attribute 'timed_out_until'
Ignoring exception in on_member_update
Traceback (most recent call last):
  File "/usr/local/lib/python3.12/site-packages/discord/client.py", line 465, in _run_event
    await coro(*args, **kwargs)
  File "/app/asu_discord/cogs/analytics.py", line 652, in on_member_update
    before_timeout = before.timed_out_until
                     ^^^^^^^^^^^^^^^^^^^^^^
AttributeError: 'Member' object has no attribute 'timed_out_until'
Ignoring exception in on_member_update
Traceback (most recent call last):
  File "/usr/local/lib/python3.12/site-packages/discord/client.py", line 465, in _run_event
    await coro(*args, **kwargs)
  File "/app/asu_discord/cogs/analytics.py", line 652, in on_member_update
    before_timeout = before.timed_out_until
                     ^^^^^^^^^^^^^^^^^^^^^^
AttributeError: 'Member' object has no attribute 'timed_out_until'
Ignoring exception in on_member_update
Traceback (most recent call last):
  File "/usr/local/lib/python3.12/site-packages/discord/client.py", line 465, in _run_event
    await coro(*args, **kwargs)
  File "/app/asu_discord/cogs/analytics.py", line 652, in on_member_update
    before_timeout = before.timed_out_until
                     ^^^^^^^^^^^^^^^^^^^^^^
AttributeError: 'Member' object has no attribute 'timed_out_until'
INFO:asu_discord.cogs.verification:Saved 5 roles to database for user nromer28 (Discord ID: 557713212502573071)
INFO:asu_discord.cogs.verification:Refreshed Salesforce roles for Discord user 557713212502573071: -5/+5 roles, assigned=[Arizona Resident, First Generation Student, First Year, Herberger Institute for Design and the Arts, West Valley]
Ignoring exception in on_member_update
Traceback (most recent call last):
  File "/usr/local/lib/python3.12/site-packages/discord/client.py", line 465, in _run_event
    await coro(*args, **kwargs)
  File "/app/asu_discord/cogs/analytics.py", line 652, in on_member_update
    before_timeout = before.timed_out_until
                     ^^^^^^^^^^^^^^^^^^^^^^
AttributeError: 'Member' object has no attribute 'timed_out_until'
Ignoring exception in on_member_update
Traceback (most recent call last):
  File "/usr/local/lib/python3.12/site-packages/discord/client.py", line 465, in _run_event
    await coro(*args, **kwargs)
  File "/app/asu_discord/cogs/analytics.py", line 652, in on_member_update
    before_timeout = before.timed_out_until
                     ^^^^^^^^^^^^^^^^^^^^^^
AttributeError: 'Member' object has no attribute 'timed_out_until'
Ignoring exception in on_member_update
Traceback (most recent call last):
  File "/usr/local/lib/python3.12/site-packages/discord/client.py", line 465, in _run_event
    await coro(*args, **kwargs)
  File "/app/asu_discord/cogs/analytics.py", line 652, in on_member_update
    before_timeout = before.timed_out_until
                     ^^^^^^^^^^^^^^^^^^^^^^
AttributeError: 'Member' object has no attribute 'timed_out_until'
Ignoring exception in on_member_update
Traceback (most recent call last):
  File "/usr/local/lib/python3.12/site-packages/discord/client.py", line 465, in _run_event
    await coro(*args, **kwargs)
  File "/app/asu_discord/cogs/analytics.py", line 652, in on_member_update
    before_timeout = before.timed_out_until
                     ^^^^^^^^^^^^^^^^^^^^^^
AttributeError: 'Member' object has no attribute 'timed_out_until'
Ignoring exception in on_member_update
Traceback (most recent call last):
  File "/usr/local/lib/python3.12/site-packages/discord/client.py", line 465, in _run_event
    await coro(*args, **kwargs)
  File "/app/asu_discord/cogs/analytics.py", line 652, in on_member_update
    before_timeout = before.timed_out_until
                     ^^^^^^^^^^^^^^^^^^^^^^
AttributeError: 'Member' object has no attribute 'timed_out_until'
Ignoring exception in on_member_update
Traceback (most recent call last):
  File "/usr/local/lib/python3.12/site-packages/discord/client.py", line 465, in _run_event
    await coro(*args, **kwargs)
  File "/app/asu_discord/cogs/analytics.py", line 652, in on_member_update
    before_timeout = before.timed_out_until
                     ^^^^^^^^^^^^^^^^^^^^^^
AttributeError: 'Member' object has no attribute 'timed_out_until'
Ignoring exception in on_member_update
Traceback (most recent call last):
  File "/usr/local/lib/python3.12/site-packages/discord/client.py", line 465, in _run_event
    await coro(*args, **kwargs)
  File "/app/asu_discord/cogs/analytics.py", line 652, in on_member_update
    before_timeout = before.timed_out_until
                     ^^^^^^^^^^^^^^^^^^^^^^
AttributeError: 'Member' object has no attribute 'timed_out_until'
Ignoring exception in on_member_update
Traceback (most recent call last):
  File "/usr/local/lib/python3.12/site-packages/discord/client.py", line 465, in _run_event
    await coro(*args, **kwargs)
  File "/app/asu_discord/cogs/analytics.py", line 652, in on_member_update
    before_timeout = before.timed_out_until
                     ^^^^^^^^^^^^^^^^^^^^^^
AttributeError: 'Member' object has no attribute 'timed_out_until'
Ignoring exception in on_member_update
Traceback (most recent call last):
  File "/usr/local/lib/python3.12/site-packages/discord/client.py", line 465, in _run_event
    await coro(*args, **kwargs)
  File "/app/asu_discord/cogs/analytics.py", line 652, in on_member_update
    before_timeout = before.timed_out_until
                     ^^^^^^^^^^^^^^^^^^^^^^
AttributeError: 'Member' object has no attribute 'timed_out_until'
Ignoring exception in on_member_update
Traceback (most recent call last):
  File "/usr/local/lib/python3.12/site-packages/discord/client.py", line 465, in _run_event
    await coro(*args, **kwargs)
  File "/app/asu_discord/cogs/analytics.py", line 652, in on_member_update
    before_timeout = before.timed_out_until
                     ^^^^^^^^^^^^^^^^^^^^^^
AttributeError: 'Member' object has no attribute 'timed_out_until'
ERROR:cron.jobs:refresh_salesforce_roles: failed for lasigala (Discord ID 517198997589458947): Timed out refresh Salesforce-based roles
Ignoring exception in on_member_update
Traceback (most recent call last):
  File "/usr/local/lib/python3.12/site-packages/discord/client.py", line 465, in _run_event
    await coro(*args, **kwargs)
  File "/app/asu_discord/cogs/analytics.py", line 652, in on_member_update
    before_timeout = before.timed_out_until
                     ^^^^^^^^^^^^^^^^^^^^^^
AttributeError: 'Member' object has no attribute 'timed_out_until'
Ignoring exception in on_member_update
Traceback (most recent call last):
  File "/usr/local/lib/python3.12/site-packages/discord/client.py", line 465, in _run_event
    await coro(*args, **kwargs)
  File "/app/asu_discord/cogs/analytics.py", line 652, in on_member_update
    before_timeout = before.timed_out_until
                     ^^^^^^^^^^^^^^^^^^^^^^
AttributeError: 'Member' object has no attribute 'timed_out_until'
Ignoring exception in on_member_update
Traceback (most recent call last):
  File "/usr/local/lib/python3.12/site-packages/discord/client.py", line 465, in _run_event
    await coro(*args, **kwargs)
  File "/app/asu_discord/cogs/analytics.py", line 652, in on_member_update
    before_timeout = before.timed_out_until
                     ^^^^^^^^^^^^^^^^^^^^^^
AttributeError: 'Member' object has no attribute 'timed_out_until'
Ignoring exception in on_member_update
Traceback (most recent call last):
  File "/usr/local/lib/python3.12/site-packages/discord/client.py", line 465, in _run_event
    await coro(*args, **kwargs)
  File "/app/asu_discord/cogs/analytics.py", line 652, in on_member_update
    before_timeout = before.timed_out_until
                     ^^^^^^^^^^^^^^^^^^^^^^
AttributeError: 'Member' object has no attribute 'timed_out_until'
Ignoring exception in on_member_update
Traceback (most recent call last):
  File "/usr/local/lib/python3.12/site-packages/discord/client.py", line 465, in _run_event
    await coro(*args, **kwargs)
  File "/app/asu_discord/cogs/analytics.py", line 652, in on_member_update
    before_timeout = before.timed_out_until
                     ^^^^^^^^^^^^^^^^^^^^^^
AttributeError: 'Member' object has no attribute 'timed_out_until'
Ignoring exception in on_member_update
Traceback (most recent call last):
  File "/usr/local/lib/python3.12/site-packages/discord/client.py", line 465, in _run_event
    await coro(*args, **kwargs)
  File "/app/asu_discord/cogs/analytics.py", line 652, in on_member_update
    before_timeout = before.timed_out_until
                     ^^^^^^^^^^^^^^^^^^^^^^
AttributeError: 'Member' object has no attribute 'timed_out_until'
Ignoring exception in on_member_update
Traceback (most recent call last):
  File "/usr/local/lib/python3.12/site-packages/discord/client.py", line 465, in _run_event
    await coro(*args, **kwargs)
  File "/app/asu_discord/cogs/analytics.py", line 652, in on_member_update
    before_timeout = before.timed_out_until
                     ^^^^^^^^^^^^^^^^^^^^^^
AttributeError: 'Member' object has no attribute 'timed_out_until'
Ignoring exception in on_member_update
Traceback (most recent call last):
  File "/usr/local/lib/python3.12/site-packages/discord/client.py", line 465, in _run_event
    await coro(*args, **kwargs)
  File "/app/asu_discord/cogs/analytics.py", line 652, in on_member_update
    before_timeout = before.timed_out_until
                     ^^^^^^^^^^^^^^^^^^^^^^
AttributeError: 'Member' object has no attribute 'timed_out_until'
Ignoring exception in on_member_update
Traceback (most recent call last):
  File "/usr/local/lib/python3.12/site-packages/discord/client.py", line 465, in _run_event
    await coro(*args, **kwargs)
  File "/app/asu_discord/cogs/analytics.py", line 652, in on_member_update
    before_timeout = before.timed_out_until
                     ^^^^^^^^^^^^^^^^^^^^^^
AttributeError: 'Member' object has no attribute 'timed_out_until'
Ignoring exception in on_member_update
Traceback (most recent call last):
  File "/usr/local/lib/python3.12/site-packages/discord/client.py", line 465, in _run_event
    await coro(*args, **kwargs)
  File "/app/asu_discord/cogs/analytics.py", line 652, in on_member_update
    before_timeout = before.timed_out_until
                     ^^^^^^^^^^^^^^^^^^^^^^
AttributeError: 'Member' object has no attribute 'timed_out_until'
ERROR:cron.jobs:refresh_salesforce_roles: failed for cfbengts (Discord ID 1186392937773412353): Timed out refresh Salesforce-based roles
Ignoring exception in on_member_update
Traceback (most recent call last):
  File "/usr/local/lib/python3.12/site-packages/discord/client.py", line 465, in _run_event
    await coro(*args, **kwargs)
  File "/app/asu_discord/cogs/analytics.py", line 652, in on_member_update
    before_timeout = before.timed_out_until
                     ^^^^^^^^^^^^^^^^^^^^^^
AttributeError: 'Member' object has no attribute 'timed_out_until'
Ignoring exception in on_member_update
Traceback (most recent call last):
  File "/usr/local/lib/python3.12/site-packages/discord/client.py", line 465, in _run_event
    await coro(*args, **kwargs)
  File "/app/asu_discord/cogs/analytics.py", line 652, in on_member_update
    before_timeout = before.timed_out_until
                     ^^^^^^^^^^^^^^^^^^^^^^
AttributeError: 'Member' object has no attribute 'timed_out_until'
Ignoring exception in on_member_update
Traceback (most recent call last):
  File "/usr/local/lib/python3.12/site-packages/discord/client.py", line 465, in _run_event
    await coro(*args, **kwargs)
  File "/app/asu_discord/cogs/analytics.py", line 652, in on_member_update
    before_timeout = before.timed_out_until
                     ^^^^^^^^^^^^^^^^^^^^^^
AttributeError: 'Member' object has no attribute 'timed_out_until'
Ignoring exception in on_member_update
Traceback (most recent call last):
  File "/usr/local/lib/python3.12/site-packages/discord/client.py", line 465, in _run_event
    await coro(*args, **kwargs)
  File "/app/asu_discord/cogs/analytics.py", line 652, in on_member_update
    before_timeout = before.timed_out_until
                     ^^^^^^^^^^^^^^^^^^^^^^
AttributeError: 'Member' object has no attribute 'timed_out_until'
Ignoring exception in on_member_update
Traceback (most recent call last):
  File "/usr/local/lib/python3.12/site-packages/discord/client.py", line 465, in _run_event
    await coro(*args, **kwargs)
  File "/app/asu_discord/cogs/analytics.py", line 652, in on_member_update
    before_timeout = before.timed_out_until
                     ^^^^^^^^^^^^^^^^^^^^^^
AttributeError: 'Member' object has no attribute 'timed_out_until'
Ignoring exception in on_member_update
Traceback (most recent call last):
  File "/usr/local/lib/python3.12/site-packages/discord/client.py", line 465, in _run_event
    await coro(*args, **kwargs)
  File "/app/asu_discord/cogs/analytics.py", line 652, in on_member_update
    before_timeout = before.timed_out_until
                     ^^^^^^^^^^^^^^^^^^^^^^
AttributeError: 'Member' object has no attribute 'timed_out_until'
Ignoring exception in on_member_update
Traceback (most recent call last):
  File "/usr/local/lib/python3.12/site-packages/discord/client.py", line 465, in _run_event
    await coro(*args, **kwargs)
  File "/app/asu_discord/cogs/analytics.py", line 652, in on_member_update
    before_timeout = before.timed_out_until
                     ^^^^^^^^^^^^^^^^^^^^^^
AttributeError: 'Member' object has no attribute 'timed_out_until'
Ignoring exception in on_member_update
Traceback (most recent call last):
  File "/usr/local/lib/python3.12/site-packages/discord/client.py", line 465, in _run_event
    await coro(*args, **kwargs)
  File "/app/asu_discord/cogs/analytics.py", line 652, in on_member_update
    before_timeout = before.timed_out_until
                     ^^^^^^^^^^^^^^^^^^^^^^
AttributeError: 'Member' object has no attribute 'timed_out_until'
Ignoring exception in on_member_update
Traceback (most recent call last):
  File "/usr/local/lib/python3.12/site-packages/discord/client.py", line 465, in _run_event
    await coro(*args, **kwargs)
  File "/app/asu_discord/cogs/analytics.py", line 652, in on_member_update
    before_timeout = before.timed_out_until
                     ^^^^^^^^^^^^^^^^^^^^^^
AttributeError: 'Member' object has no attribute 'timed_out_until'
Ignoring exception in on_member_update
Traceback (most recent call last):
  File "/usr/local/lib/python3.12/site-packages/discord/client.py", line 465, in _run_event
    await coro(*args, **kwargs)
  File "/app/asu_discord/cogs/analytics.py", line 652, in on_member_update
    before_timeout = before.timed_out_until
                     ^^^^^^^^^^^^^^^^^^^^^^
AttributeError: 'Member' object has no attribute 'timed_out_until'
INFO:asu_discord.cogs.verification:Saved 5 roles to database for user jradame1 (Discord ID: 955977983221452820)
INFO:asu_discord.cogs.verification:Refreshed Salesforce roles for Discord user 955977983221452820: -5/+5 roles, assigned=[Arizona Resident, Commited, First Year, Ira A. Fulton Schools of Engineering, Tempe]
Ignoring exception in on_member_update
Traceback (most recent call last):
  File "/usr/local/lib/python3.12/site-packages/discord/client.py", line 465, in _run_event
    await coro(*args, **kwargs)
  File "/app/asu_discord/cogs/analytics.py", line 652, in on_member_update
    before_timeout = before.timed_out_until
                     ^^^^^^^^^^^^^^^^^^^^^^
AttributeError: 'Member' object has no attribute 'timed_out_until'
Ignoring exception in on_member_update
Traceback (most recent call last):
  File "/usr/local/lib/python3.12/site-packages/discord/client.py", line 465, in _run_event
    await coro(*args, **kwargs)
  File "/app/asu_discord/cogs/analytics.py", line 652, in on_member_update
    before_timeout = before.timed_out_until
                     ^^^^^^^^^^^^^^^^^^^^^^
AttributeError: 'Member' object has no attribute 'timed_out_until'
Ignoring exception in on_member_update
Traceback (most recent call last):
  File "/usr/local/lib/python3.12/site-packages/discord/client.py", line 465, in _run_event
    await coro(*args, **kwargs)
  File "/app/asu_discord/cogs/analytics.py", line 652, in on_member_update
    before_timeout = before.timed_out_until
                     ^^^^^^^^^^^^^^^^^^^^^^
AttributeError: 'Member' object has no attribute 'timed_out_until'
Ignoring exception in on_member_update
Traceback (most recent call last):
  File "/usr/local/lib/python3.12/site-packages/discord/client.py", line 465, in _run_event
    await coro(*args, **kwargs)
  File "/app/asu_discord/cogs/analytics.py", line 652, in on_member_update
    before_timeout = before.timed_out_until
                     ^^^^^^^^^^^^^^^^^^^^^^
AttributeError: 'Member' object has no attribute 'timed_out_until'
Ignoring exception in on_member_update
Traceback (most recent call last):
  File "/usr/local/lib/python3.12/site-packages/discord/client.py", line 465, in _run_event
    await coro(*args, **kwargs)
  File "/app/asu_discord/cogs/analytics.py", line 652, in on_member_update
    before_timeout = before.timed_out_until
                     ^^^^^^^^^^^^^^^^^^^^^^
AttributeError: 'Member' object has no attribute 'timed_out_until'
Ignoring exception in on_member_update
Traceback (most recent call last):
  File "/usr/local/lib/python3.12/site-packages/discord/client.py", line 465, in _run_event
    await coro(*args, **kwargs)
  File "/app/asu_discord/cogs/analytics.py", line 652, in on_member_update
    before_timeout = before.timed_out_until
                     ^^^^^^^^^^^^^^^^^^^^^^
AttributeError: 'Member' object has no attribute 'timed_out_until'
Ignoring exception in on_member_update
Traceback (most recent call last):
  File "/usr/local/lib/python3.12/site-packages/discord/client.py", line 465, in _run_event
    await coro(*args, **kwargs)
  File "/app/asu_discord/cogs/analytics.py", line 652, in on_member_update
    before_timeout = before.timed_out_until
                     ^^^^^^^^^^^^^^^^^^^^^^
AttributeError: 'Member' object has no attribute 'timed_out_until'
Ignoring exception in on_member_update
Traceback (most recent call last):
  File "/usr/local/lib/python3.12/site-packages/discord/client.py", line 465, in _run_event
    await coro(*args, **kwargs)
  File "/app/asu_discord/cogs/analytics.py", line 652, in on_member_update
    before_timeout = before.timed_out_until
                     ^^^^^^^^^^^^^^^^^^^^^^
AttributeError: 'Member' object has no attribute 'timed_out_until'
INFO:asu_discord.cogs.verification:Saved 4 roles to database for user gsblack1 (Discord ID: 307277625817169920)
INFO:asu_discord.cogs.verification:Refreshed Salesforce roles for Discord user 307277625817169920: -4/+4 roles, assigned=[College of Liberal Arts and Sciences, Graduate Student, Out of State, Tempe]
Ignoring exception in on_member_update
Traceback (most recent call last):
  File "/usr/local/lib/python3.12/site-packages/discord/client.py", line 465, in _run_event
    await coro(*args, **kwargs)
  File "/app/asu_discord/cogs/analytics.py", line 652, in on_member_update
    before_timeout = before.timed_out_until
                     ^^^^^^^^^^^^^^^^^^^^^^
AttributeError: 'Member' object has no attribute 'timed_out_until'
Ignoring exception in on_member_update
Traceback (most recent call last):
  File "/usr/local/lib/python3.12/site-packages/discord/client.py", line 465, in _run_event
    await coro(*args, **kwargs)
  File "/app/asu_discord/cogs/analytics.py", line 652, in on_member_update
    before_timeout = before.timed_out_until
                     ^^^^^^^^^^^^^^^^^^^^^^
AttributeError: 'Member' object has no attribute 'timed_out_until'
Ignoring exception in on_member_update
Traceback (most recent call last):
  File "/usr/local/lib/python3.12/site-packages/discord/client.py", line 465, in _run_event
    await coro(*args, **kwargs)
  File "/app/asu_discord/cogs/analytics.py", line 652, in on_member_update
    before_timeout = before.timed_out_until
                     ^^^^^^^^^^^^^^^^^^^^^^
AttributeError: 'Member' object has no attribute 'timed_out_until'
Ignoring exception in on_member_update
Traceback (most recent call last):
  File "/usr/local/lib/python3.12/site-packages/discord/client.py", line 465, in _run_event
    await coro(*args, **kwargs)
  File "/app/asu_discord/cogs/analytics.py", line 652, in on_member_update
    before_timeout = before.timed_out_until
                     ^^^^^^^^^^^^^^^^^^^^^^
AttributeError: 'Member' object has no attribute 'timed_out_until'
Ignoring exception in on_member_update
Traceback (most recent call last):
  File "/usr/local/lib/python3.12/site-packages/discord/client.py", line 465, in _run_event
    await coro(*args, **kwargs)
  File "/app/asu_discord/cogs/analytics.py", line 652, in on_member_update
    before_timeout = before.timed_out_until
                     ^^^^^^^^^^^^^^^^^^^^^^
AttributeError: 'Member' object has no attribute 'timed_out_until'
Ignoring exception in on_member_update
Traceback (most recent call last):
  File "/usr/local/lib/python3.12/site-packages/discord/client.py", line 465, in _run_event
    await coro(*args, **kwargs)
  File "/app/asu_discord/cogs/analytics.py", line 652, in on_member_update
    before_timeout = before.timed_out_until
                     ^^^^^^^^^^^^^^^^^^^^^^
AttributeError: 'Member' object has no attribute 'timed_out_until'
Ignoring exception in on_member_update
Traceback (most recent call last):
  File "/usr/local/lib/python3.12/site-packages/discord/client.py", line 465, in _run_event
    await coro(*args, **kwargs)
  File "/app/asu_discord/cogs/analytics.py", line 652, in on_member_update
    before_timeout = before.timed_out_until
                     ^^^^^^^^^^^^^^^^^^^^^^
AttributeError: 'Member' object has no attribute 'timed_out_until'
Ignoring exception in on_member_update
Traceback (most recent call last):
  File "/usr/local/lib/python3.12/site-packages/discord/client.py", line 465, in _run_event
    await coro(*args, **kwargs)
  File "/app/asu_discord/cogs/analytics.py", line 652, in on_member_update
    before_timeout = before.timed_out_until
                     ^^^^^^^^^^^^^^^^^^^^^^
AttributeError: 'Member' object has no attribute 'timed_out_until'
Ignoring exception in on_member_update
Traceback (most recent call last):
  File "/usr/local/lib/python3.12/site-packages/discord/client.py", line 465, in _run_event
    await coro(*args, **kwargs)
  File "/app/asu_discord/cogs/analytics.py", line 652, in on_member_update
    before_timeout = before.timed_out_until
                     ^^^^^^^^^^^^^^^^^^^^^^
AttributeError: 'Member' object has no attribute 'timed_out_until'
Ignoring exception in on_member_update
Traceback (most recent call last):
  File "/usr/local/lib/python3.12/site-packages/discord/client.py", line 465, in _run_event
    await coro(*args, **kwargs)
  File "/app/asu_discord/cogs/analytics.py", line 652, in on_member_update
    before_timeout = before.timed_out_until
                     ^^^^^^^^^^^^^^^^^^^^^^
AttributeError: 'Member' object has no attribute 'timed_out_until'
INFO:asu_discord.cogs.verification:Saved 5 roles to database for user jasmin21 (Discord ID: 1421296322320928848)
INFO:asu_discord.cogs.verification:Refreshed Salesforce roles for Discord user 1421296322320928848: -5/+5 roles, assigned=[Commited, First Generation Student, First Year, Tempe, W.P. Carey School of Business]
ERROR:cron.jobs:refresh_salesforce_roles: failed for spate323 (Discord ID 431254676449525761): Failed to refresh Salesforce-based roles: Discord user 431254676449525761 is not a member of the guild
Ignoring exception in on_member_update
Traceback (most recent call last):
  File "/usr/local/lib/python3.12/site-packages/discord/client.py", line 465, in _run_event
    await coro(*args, **kwargs)
  File "/app/asu_discord/cogs/analytics.py", line 652, in on_member_update
    before_timeout = before.timed_out_until
                     ^^^^^^^^^^^^^^^^^^^^^^
AttributeError: 'Member' object has no attribute 'timed_out_until'
Ignoring exception in on_member_update
Traceback (most recent call last):
  File "/usr/local/lib/python3.12/site-packages/discord/client.py", line 465, in _run_event
    await coro(*args, **kwargs)
  File "/app/asu_discord/cogs/analytics.py", line 652, in on_member_update
    before_timeout = before.timed_out_until
                     ^^^^^^^^^^^^^^^^^^^^^^
AttributeError: 'Member' object has no attribute 'timed_out_until'
Ignoring exception in on_member_update
Traceback (most recent call last):
  File "/usr/local/lib/python3.12/site-packages/discord/client.py", line 465, in _run_event
    await coro(*args, **kwargs)
  File "/app/asu_discord/cogs/analytics.py", line 652, in on_member_update
    before_timeout = before.timed_out_until
                     ^^^^^^^^^^^^^^^^^^^^^^
AttributeError: 'Member' object has no attribute 'timed_out_until'
Ignoring exception in on_member_update
Traceback (most recent call last):
  File "/usr/local/lib/python3.12/site-packages/discord/client.py", line 465, in _run_event
    await coro(*args, **kwargs)
  File "/app/asu_discord/cogs/analytics.py", line 652, in on_member_update
    before_timeout = before.timed_out_until
                     ^^^^^^^^^^^^^^^^^^^^^^
AttributeError: 'Member' object has no attribute 'timed_out_until'
Ignoring exception in on_member_update
Traceback (most recent call last):
  File "/usr/local/lib/python3.12/site-packages/discord/client.py", line 465, in _run_event
    await coro(*args, **kwargs)
  File "/app/asu_discord/cogs/analytics.py", line 652, in on_member_update
    before_timeout = before.timed_out_until
                     ^^^^^^^^^^^^^^^^^^^^^^
AttributeError: 'Member' object has no attribute 'timed_out_until'
Ignoring exception in on_member_update
Traceback (most recent call last):
  File "/usr/local/lib/python3.12/site-packages/discord/client.py", line 465, in _run_event
    await coro(*args, **kwargs)
  File "/app/asu_discord/cogs/analytics.py", line 652, in on_member_update
    before_timeout = before.timed_out_until
                     ^^^^^^^^^^^^^^^^^^^^^^
AttributeError: 'Member' object has no attribute 'timed_out_until'
Ignoring exception in on_member_update
Traceback (most recent call last):
  File "/usr/local/lib/python3.12/site-packages/discord/client.py", line 465, in _run_event
    await coro(*args, **kwargs)
  File "/app/asu_discord/cogs/analytics.py", line 652, in on_member_update
    before_timeout = before.timed_out_until
                     ^^^^^^^^^^^^^^^^^^^^^^
AttributeError: 'Member' object has no attribute 'timed_out_until'
Ignoring exception in on_member_update
Traceback (most recent call last):
  File "/usr/local/lib/python3.12/site-packages/discord/client.py", line 465, in _run_event
    await coro(*args, **kwargs)
  File "/app/asu_discord/cogs/analytics.py", line 652, in on_member_update
    before_timeout = before.timed_out_until
                     ^^^^^^^^^^^^^^^^^^^^^^
AttributeError: 'Member' object has no attribute 'timed_out_until'
Ignoring exception in on_member_update
Traceback (most recent call last):
  File "/usr/local/lib/python3.12/site-packages/discord/client.py", line 465, in _run_event
    await coro(*args, **kwargs)
  File "/app/asu_discord/cogs/analytics.py", line 652, in on_member_update
    before_timeout = before.timed_out_until
                     ^^^^^^^^^^^^^^^^^^^^^^
AttributeError: 'Member' object has no attribute 'timed_out_until'
Ignoring exception in on_member_update
Traceback (most recent call last):
  File "/usr/local/lib/python3.12/site-packages/discord/client.py", line 465, in _run_event
    await coro(*args, **kwargs)
  File "/app/asu_discord/cogs/analytics.py", line 652, in on_member_update
    before_timeout = before.timed_out_until
                     ^^^^^^^^^^^^^^^^^^^^^^
AttributeError: 'Member' object has no attribute 'timed_out_until'
Ignoring exception in on_member_update
Traceback (most recent call last):
  File "/usr/local/lib/python3.12/site-packages/discord/client.py", line 465, in _run_event
    await coro(*args, **kwargs)
  File "/app/asu_discord/cogs/analytics.py", line 652, in on_member_update
    before_timeout = before.timed_out_until
                     ^^^^^^^^^^^^^^^^^^^^^^
AttributeError: 'Member' object has no attribute 'timed_out_until'
Ignoring exception in on_member_update
Traceback (most recent call last):
  File "/usr/local/lib/python3.12/site-packages/discord/client.py", line 465, in _run_event
    await coro(*args, **kwargs)
  File "/app/asu_discord/cogs/analytics.py", line 652, in on_member_update
    before_timeout = before.timed_out_until
                     ^^^^^^^^^^^^^^^^^^^^^^
AttributeError: 'Member' object has no attribute 'timed_out_until'
INFO:asu_discord.cogs.verification:Saved 6 roles to database for user nhing (Discord ID: 818166533393350695)
INFO:asu_discord.cogs.verification:Refreshed Salesforce roles for Discord user 818166533393350695: -6/+6 roles, assigned=[Arizona Resident, Commited, First Year, Ira A. Fulton Schools of Engineering, Tempe, Upperclassmen]
Ignoring exception in on_member_update
Traceback (most recent call last):
  File "/usr/local/lib/python3.12/site-packages/discord/client.py", line 465, in _run_event
    await coro(*args, **kwargs)
  File "/app/asu_discord/cogs/analytics.py", line 652, in on_member_update
    before_timeout = before.timed_out_until
                     ^^^^^^^^^^^^^^^^^^^^^^
AttributeError: 'Member' object has no attribute 'timed_out_until'
Ignoring exception in on_member_update
Traceback (most recent call last):
  File "/usr/local/lib/python3.12/site-packages/discord/client.py", line 465, in _run_event
    await coro(*args, **kwargs)
  File "/app/asu_discord/cogs/analytics.py", line 652, in on_member_update
    before_timeout = before.timed_out_until
                     ^^^^^^^^^^^^^^^^^^^^^^
AttributeError: 'Member' object has no attribute 'timed_out_until'
Ignoring exception in on_member_update
Traceback (most recent call last):
  File "/usr/local/lib/python3.12/site-packages/discord/client.py", line 465, in _run_event
    await coro(*args, **kwargs)
  File "/app/asu_discord/cogs/analytics.py", line 652, in on_member_update
    before_timeout = before.timed_out_until
                     ^^^^^^^^^^^^^^^^^^^^^^
AttributeError: 'Member' object has no attribute 'timed_out_until'
Ignoring exception in on_member_update
Traceback (most recent call last):
  File "/usr/local/lib/python3.12/site-packages/discord/client.py", line 465, in _run_event
    await coro(*args, **kwargs)
  File "/app/asu_discord/cogs/analytics.py", line 652, in on_member_update
    before_timeout = before.timed_out_until
                     ^^^^^^^^^^^^^^^^^^^^^^
AttributeError: 'Member' object has no attribute 'timed_out_until'
Ignoring exception in on_member_update
Traceback (most recent call last):
  File "/usr/local/lib/python3.12/site-packages/discord/client.py", line 465, in _run_event
    await coro(*args, **kwargs)
  File "/app/asu_discord/cogs/analytics.py", line 652, in on_member_update
    before_timeout = before.timed_out_until
                     ^^^^^^^^^^^^^^^^^^^^^^
AttributeError: 'Member' object has no attribute 'timed_out_until'
Ignoring exception in on_member_update
Traceback (most recent call last):
  File "/usr/local/lib/python3.12/site-packages/discord/client.py", line 465, in _run_event
    await coro(*args, **kwargs)
  File "/app/asu_discord/cogs/analytics.py", line 652, in on_member_update
    before_timeout = before.timed_out_until
                     ^^^^^^^^^^^^^^^^^^^^^^
AttributeError: 'Member' object has no attribute 'timed_out_until'
Ignoring exception in on_member_update
Traceback (most recent call last):
  File "/usr/local/lib/python3.12/site-packages/discord/client.py", line 465, in _run_event
    await coro(*args, **kwargs)
  File "/app/asu_discord/cogs/analytics.py", line 652, in on_member_update
    before_timeout = before.timed_out_until
                     ^^^^^^^^^^^^^^^^^^^^^^
AttributeError: 'Member' object has no attribute 'timed_out_until'
Ignoring exception in on_member_update
Traceback (most recent call last):
  File "/usr/local/lib/python3.12/site-packages/discord/client.py", line 465, in _run_event
    await coro(*args, **kwargs)
  File "/app/asu_discord/cogs/analytics.py", line 652, in on_member_update
    before_timeout = before.timed_out_until
                     ^^^^^^^^^^^^^^^^^^^^^^
AttributeError: 'Member' object has no attribute 'timed_out_until'
Ignoring exception in on_member_update
Traceback (most recent call last):
  File "/usr/local/lib/python3.12/site-packages/discord/client.py", line 465, in _run_event
    await coro(*args, **kwargs)
  File "/app/asu_discord/cogs/analytics.py", line 652, in on_member_update
    before_timeout = before.timed_out_until
                     ^^^^^^^^^^^^^^^^^^^^^^
AttributeError: 'Member' object has no attribute 'timed_out_until'
Ignoring exception in on_member_update
Traceback (most recent call last):
  File "/usr/local/lib/python3.12/site-packages/discord/client.py", line 465, in _run_event
    await coro(*args, **kwargs)
  File "/app/asu_discord/cogs/analytics.py", line 652, in on_member_update
    before_timeout = before.timed_out_until
                     ^^^^^^^^^^^^^^^^^^^^^^
AttributeError: 'Member' object has no attribute 'timed_out_until'
INFO:asu_discord.cogs.verification:Saved 5 roles to database for user khuynh38 (Discord ID: 894887466111225856)
INFO:asu_discord.cogs.verification:Refreshed Salesforce roles for Discord user 894887466111225856: -5/+5 roles, assigned=[Commited, International Student, Ira A. Fulton Schools of Engineering, Tempe, Transfer Student]
Ignoring exception in on_member_update
Traceback (most recent call last):
  File "/usr/local/lib/python3.12/site-packages/discord/client.py", line 465, in _run_event
    await coro(*args, **kwargs)
  File "/app/asu_discord/cogs/analytics.py", line 652, in on_member_update
    before_timeout = before.timed_out_until
                     ^^^^^^^^^^^^^^^^^^^^^^
AttributeError: 'Member' object has no attribute 'timed_out_until'
Ignoring exception in on_member_update
Traceback (most recent call last):
  File "/usr/local/lib/python3.12/site-packages/discord/client.py", line 465, in _run_event
    await coro(*args, **kwargs)
  File "/app/asu_discord/cogs/analytics.py", line 652, in on_member_update
    before_timeout = before.timed_out_until
                     ^^^^^^^^^^^^^^^^^^^^^^
AttributeError: 'Member' object has no attribute 'timed_out_until'
Ignoring exception in on_member_update
Traceback (most recent call last):
  File "/usr/local/lib/python3.12/site-packages/discord/client.py", line 465, in _run_event
    await coro(*args, **kwargs)
  File "/app/asu_discord/cogs/analytics.py", line 652, in on_member_update
    before_timeout = before.timed_out_until
                     ^^^^^^^^^^^^^^^^^^^^^^
AttributeError: 'Member' object has no attribute 'timed_out_until'
Ignoring exception in on_member_update
Traceback (most recent call last):
  File "/usr/local/lib/python3.12/site-packages/discord/client.py", line 465, in _run_event
    await coro(*args, **kwargs)
  File "/app/asu_discord/cogs/analytics.py", line 652, in on_member_update
    before_timeout = before.timed_out_until
                     ^^^^^^^^^^^^^^^^^^^^^^
AttributeError: 'Member' object has no attribute 'timed_out_until'
Ignoring exception in on_member_update
Traceback (most recent call last):
  File "/usr/local/lib/python3.12/site-packages/discord/client.py", line 465, in _run_event
    await coro(*args, **kwargs)
  File "/app/asu_discord/cogs/analytics.py", line 652, in on_member_update
    before_timeout = before.timed_out_until
                     ^^^^^^^^^^^^^^^^^^^^^^
AttributeError: 'Member' object has no attribute 'timed_out_until'
Ignoring exception in on_member_update
Traceback (most recent call last):
  File "/usr/local/lib/python3.12/site-packages/discord/client.py", line 465, in _run_event
    await coro(*args, **kwargs)
  File "/app/asu_discord/cogs/analytics.py", line 652, in on_member_update
    before_timeout = before.timed_out_until
                     ^^^^^^^^^^^^^^^^^^^^^^
AttributeError: 'Member' object has no attribute 'timed_out_until'
Ignoring exception in on_member_update
Traceback (most recent call last):
  File "/usr/local/lib/python3.12/site-packages/discord/client.py", line 465, in _run_event
    await coro(*args, **kwargs)
  File "/app/asu_discord/cogs/analytics.py", line 652, in on_member_update
    before_timeout = before.timed_out_until
                     ^^^^^^^^^^^^^^^^^^^^^^
AttributeError: 'Member' object has no attribute 'timed_out_until'
Ignoring exception in on_member_update
Traceback (most recent call last):
  File "/usr/local/lib/python3.12/site-packages/discord/client.py", line 465, in _run_event
    await coro(*args, **kwargs)
  File "/app/asu_discord/cogs/analytics.py", line 652, in on_member_update
    before_timeout = before.timed_out_until
                     ^^^^^^^^^^^^^^^^^^^^^^
AttributeError: 'Member' object has no attribute 'timed_out_until'
Ignoring exception in on_member_update
Traceback (most recent call last):
  File "/usr/local/lib/python3.12/site-packages/discord/client.py", line 465, in _run_event
    await coro(*args, **kwargs)
  File "/app/asu_discord/cogs/analytics.py", line 652, in on_member_update
    before_timeout = before.timed_out_until
                     ^^^^^^^^^^^^^^^^^^^^^^
AttributeError: 'Member' object has no attribute 'timed_out_until'
Ignoring exception in on_member_update
Traceback (most recent call last):
  File "/usr/local/lib/python3.12/site-packages/discord/client.py", line 465, in _run_event
    await coro(*args, **kwargs)
  File "/app/asu_discord/cogs/analytics.py", line 652, in on_member_update
    before_timeout = before.timed_out_until
                     ^^^^^^^^^^^^^^^^^^^^^^
AttributeError: 'Member' object has no attribute 'timed_out_until'
INFO:asu_discord.cogs.verification:Saved 5 roles to database for user rsalopek (Discord ID: 406592014071627776)
INFO:asu_discord.cogs.verification:Refreshed Salesforce roles for Discord user 406592014071627776: -5/+5 roles, assigned=[Commited, First Year, New College of Interdisciplinary Arts and Sciences, Out of State, West Valley]
Ignoring exception in on_member_update
Traceback (most recent call last):
  File "/usr/local/lib/python3.12/site-packages/discord/client.py", line 465, in _run_event
    await coro(*args, **kwargs)
  File "/app/asu_discord/cogs/analytics.py", line 652, in on_member_update
    before_timeout = before.timed_out_until
                     ^^^^^^^^^^^^^^^^^^^^^^
AttributeError: 'Member' object has no attribute 'timed_out_until'
Ignoring exception in on_member_update
Traceback (most recent call last):
  File "/usr/local/lib/python3.12/site-packages/discord/client.py", line 465, in _run_event
    await coro(*args, **kwargs)
  File "/app/asu_discord/cogs/analytics.py", line 652, in on_member_update
    before_timeout = before.timed_out_until
                     ^^^^^^^^^^^^^^^^^^^^^^
AttributeError: 'Member' object has no attribute 'timed_out_until'
Ignoring exception in on_member_update
Traceback (most recent call last):
  File "/usr/local/lib/python3.12/site-packages/discord/client.py", line 465, in _run_event
    await coro(*args, **kwargs)
  File "/app/asu_discord/cogs/analytics.py", line 652, in on_member_update
    before_timeout = before.timed_out_until
                     ^^^^^^^^^^^^^^^^^^^^^^
AttributeError: 'Member' object has no attribute 'timed_out_until'
Ignoring exception in on_member_update
Traceback (most recent call last):
  File "/usr/local/lib/python3.12/site-packages/discord/client.py", line 465, in _run_event
    await coro(*args, **kwargs)
  File "/app/asu_discord/cogs/analytics.py", line 652, in on_member_update
    before_timeout = before.timed_out_until
                     ^^^^^^^^^^^^^^^^^^^^^^
AttributeError: 'Member' object has no attribute 'timed_out_until'
Ignoring exception in on_member_update
Traceback (most recent call last):
  File "/usr/local/lib/python3.12/site-packages/discord/client.py", line 465, in _run_event
    await coro(*args, **kwargs)
  File "/app/asu_discord/cogs/analytics.py", line 652, in on_member_update
    before_timeout = before.timed_out_until
                     ^^^^^^^^^^^^^^^^^^^^^^
AttributeError: 'Member' object has no attribute 'timed_out_until'
Ignoring exception in on_member_update
Traceback (most recent call last):
  File "/usr/local/lib/python3.12/site-packages/discord/client.py", line 465, in _run_event
    await coro(*args, **kwargs)
  File "/app/asu_discord/cogs/analytics.py", line 652, in on_member_update
    before_timeout = before.timed_out_until
                     ^^^^^^^^^^^^^^^^^^^^^^
AttributeError: 'Member' object has no attribute 'timed_out_until'
Ignoring exception in on_member_update
Traceback (most recent call last):
  File "/usr/local/lib/python3.12/site-packages/discord/client.py", line 465, in _run_event
    await coro(*args, **kwargs)
  File "/app/asu_discord/cogs/analytics.py", line 652, in on_member_update
    before_timeout = before.timed_out_until
                     ^^^^^^^^^^^^^^^^^^^^^^
AttributeError: 'Member' object has no attribute 'timed_out_until'
Ignoring exception in on_member_update
Traceback (most recent call last):
  File "/usr/local/lib/python3.12/site-packages/discord/client.py", line 465, in _run_event
    await coro(*args, **kwargs)
  File "/app/asu_discord/cogs/analytics.py", line 652, in on_member_update
    before_timeout = before.timed_out_until
                     ^^^^^^^^^^^^^^^^^^^^^^
AttributeError: 'Member' object has no attribute 'timed_out_until'
Ignoring exception in on_member_update
Traceback (most recent call last):
  File "/usr/local/lib/python3.12/site-packages/discord/client.py", line 465, in _run_event
    await coro(*args, **kwargs)
  File "/app/asu_discord/cogs/analytics.py", line 652, in on_member_update
    before_timeout = before.timed_out_until
                     ^^^^^^^^^^^^^^^^^^^^^^
AttributeError: 'Member' object has no attribute 'timed_out_until'
Ignoring exception in on_member_update
Traceback (most recent call last):
  File "/usr/local/lib/python3.12/site-packages/discord/client.py", line 465, in _run_event
    await coro(*args, **kwargs)
  File "/app/asu_discord/cogs/analytics.py", line 652, in on_member_update
    before_timeout = before.timed_out_until
                     ^^^^^^^^^^^^^^^^^^^^^^
AttributeError: 'Member' object has no attribute 'timed_out_until'
ERROR:cron.jobs:refresh_salesforce_roles: failed for rwhitin3 (Discord ID 770453982426038292): Timed out refresh Salesforce-based roles
Ignoring exception in on_member_update
Traceback (most recent call last):
  File "/usr/local/lib/python3.12/site-packages/discord/client.py", line 465, in _run_event
    await coro(*args, **kwargs)
  File "/app/asu_discord/cogs/analytics.py", line 652, in on_member_update
    before_timeout = before.timed_out_until
                     ^^^^^^^^^^^^^^^^^^^^^^
AttributeError: 'Member' object has no attribute 'timed_out_until'
Ignoring exception in on_member_update
Traceback (most recent call last):
  File "/usr/local/lib/python3.12/site-packages/discord/client.py", line 465, in _run_event
    await coro(*args, **kwargs)
  File "/app/asu_discord/cogs/analytics.py", line 652, in on_member_update
    before_timeout = before.timed_out_until
                     ^^^^^^^^^^^^^^^^^^^^^^
AttributeError: 'Member' object has no attribute 'timed_out_until'
Ignoring exception in on_member_update
Traceback (most recent call last):
  File "/usr/local/lib/python3.12/site-packages/discord/client.py", line 465, in _run_event
    await coro(*args, **kwargs)
  File "/app/asu_discord/cogs/analytics.py", line 652, in on_member_update
    before_timeout = before.timed_out_until
                     ^^^^^^^^^^^^^^^^^^^^^^
AttributeError: 'Member' object has no attribute 'timed_out_until'
Ignoring exception in on_member_update
Traceback (most recent call last):
  File "/usr/local/lib/python3.12/site-packages/discord/client.py", line 465, in _run_event
    await coro(*args, **kwargs)
  File "/app/asu_discord/cogs/analytics.py", line 652, in on_member_update
    before_timeout = before.timed_out_until
                     ^^^^^^^^^^^^^^^^^^^^^^
AttributeError: 'Member' object has no attribute 'timed_out_until'
Ignoring exception in on_member_update
Traceback (most recent call last):
  File "/usr/local/lib/python3.12/site-packages/discord/client.py", line 465, in _run_event
    await coro(*args, **kwargs)
  File "/app/asu_discord/cogs/analytics.py", line 652, in on_member_update
    before_timeout = before.timed_out_until
                     ^^^^^^^^^^^^^^^^^^^^^^
AttributeError: 'Member' object has no attribute 'timed_out_until'
Ignoring exception in on_member_update
Traceback (most recent call last):
  File "/usr/local/lib/python3.12/site-packages/discord/client.py", line 465, in _run_event
    await coro(*args, **kwargs)
  File "/app/asu_discord/cogs/analytics.py", line 652, in on_member_update
    before_timeout = before.timed_out_until
                     ^^^^^^^^^^^^^^^^^^^^^^
AttributeError: 'Member' object has no attribute 'timed_out_until'
Ignoring exception in on_member_update
Traceback (most recent call last):
  File "/usr/local/lib/python3.12/site-packages/discord/client.py", line 465, in _run_event
    await coro(*args, **kwargs)
  File "/app/asu_discord/cogs/analytics.py", line 652, in on_member_update
    before_timeout = before.timed_out_until
                     ^^^^^^^^^^^^^^^^^^^^^^
AttributeError: 'Member' object has no attribute 'timed_out_until'
Ignoring exception in on_member_update
Traceback (most recent call last):
  File "/usr/local/lib/python3.12/site-packages/discord/client.py", line 465, in _run_event
    await coro(*args, **kwargs)
  File "/app/asu_discord/cogs/analytics.py", line 652, in on_member_update
    before_timeout = before.timed_out_until
                     ^^^^^^^^^^^^^^^^^^^^^^
AttributeError: 'Member' object has no attribute 'timed_out_until'
Ignoring exception in on_member_update
Traceback (most recent call last):
  File "/usr/local/lib/python3.12/site-packages/discord/client.py", line 465, in _run_event
    await coro(*args, **kwargs)
  File "/app/asu_discord/cogs/analytics.py", line 652, in on_member_update
    before_timeout = before.timed_out_until
                     ^^^^^^^^^^^^^^^^^^^^^^
AttributeError: 'Member' object has no attribute 'timed_out_until'
Ignoring exception in on_member_update
Traceback (most recent call last):
  File "/usr/local/lib/python3.12/site-packages/discord/client.py", line 465, in _run_event
    await coro(*args, **kwargs)
  File "/app/asu_discord/cogs/analytics.py", line 652, in on_member_update
    before_timeout = before.timed_out_until
                     ^^^^^^^^^^^^^^^^^^^^^^
AttributeError: 'Member' object has no attribute 'timed_out_until'
INFO:asu_discord.cogs.verification:Saved 7 roles to database for user aespin39 (Discord ID: 1100922968718184458)
INFO:asu_discord.cogs.verification:Refreshed Salesforce roles for Discord user 1100922968718184458: -3/+7 roles, assigned=[Arizona Resident, Commited, Downtown Phoenix, First Generation Student, Graduate Student, Walter Cronkite School of Journalism and Mass Communication, Watts College of Public Service and Community Solutions]
ERROR:cron.jobs:refresh_salesforce_roles: failed for arao75 (Discord ID 715095878427213834): Failed to refresh Salesforce-based roles: Discord user 715095878427213834 is not a member of the guild
Ignoring exception in on_member_update
Traceback (most recent call last):
  File "/usr/local/lib/python3.12/site-packages/discord/client.py", line 465, in _run_event
    await coro(*args, **kwargs)
  File "/app/asu_discord/cogs/analytics.py", line 652, in on_member_update
    before_timeout = before.timed_out_until
                     ^^^^^^^^^^^^^^^^^^^^^^
AttributeError: 'Member' object has no attribute 'timed_out_until'
Ignoring exception in on_member_update
Traceback (most recent call last):
  File "/usr/local/lib/python3.12/site-packages/discord/client.py", line 465, in _run_event
    await coro(*args, **kwargs)
  File "/app/asu_discord/cogs/analytics.py", line 652, in on_member_update
    before_timeout = before.timed_out_until
                     ^^^^^^^^^^^^^^^^^^^^^^
AttributeError: 'Member' object has no attribute 'timed_out_until'
Ignoring exception in on_member_update
Traceback (most recent call last):
  File "/usr/local/lib/python3.12/site-packages/discord/client.py", line 465, in _run_event
    await coro(*args, **kwargs)
  File "/app/asu_discord/cogs/analytics.py", line 652, in on_member_update
    before_timeout = before.timed_out_until
                     ^^^^^^^^^^^^^^^^^^^^^^
AttributeError: 'Member' object has no attribute 'timed_out_until'
Ignoring exception in on_member_update
Traceback (most recent call last):
  File "/usr/local/lib/python3.12/site-packages/discord/client.py", line 465, in _run_event
    await coro(*args, **kwargs)
  File "/app/asu_discord/cogs/analytics.py", line 652, in on_member_update
    before_timeout = before.timed_out_until
                     ^^^^^^^^^^^^^^^^^^^^^^
AttributeError: 'Member' object has no attribute 'timed_out_until'
Ignoring exception in on_member_update
Traceback (most recent call last):
  File "/usr/local/lib/python3.12/site-packages/discord/client.py", line 465, in _run_event
    await coro(*args, **kwargs)
  File "/app/asu_discord/cogs/analytics.py", line 652, in on_member_update
    before_timeout = before.timed_out_until
                     ^^^^^^^^^^^^^^^^^^^^^^
AttributeError: 'Member' object has no attribute 'timed_out_until'
Ignoring exception in on_member_update
Traceback (most recent call last):
  File "/usr/local/lib/python3.12/site-packages/discord/client.py", line 465, in _run_event
    await coro(*args, **kwargs)
  File "/app/asu_discord/cogs/analytics.py", line 652, in on_member_update
    before_timeout = before.timed_out_until
                     ^^^^^^^^^^^^^^^^^^^^^^
AttributeError: 'Member' object has no attribute 'timed_out_until'
Ignoring exception in on_member_update
Traceback (most recent call last):
  File "/usr/local/lib/python3.12/site-packages/discord/client.py", line 465, in _run_event
    await coro(*args, **kwargs)
  File "/app/asu_discord/cogs/analytics.py", line 652, in on_member_update
    before_timeout = before.timed_out_until
                     ^^^^^^^^^^^^^^^^^^^^^^
AttributeError: 'Member' object has no attribute 'timed_out_until'
Ignoring exception in on_member_update
Traceback (most recent call last):
  File "/usr/local/lib/python3.12/site-packages/discord/client.py", line 465, in _run_event
    await coro(*args, **kwargs)
  File "/app/asu_discord/cogs/analytics.py", line 652, in on_member_update
    before_timeout = before.timed_out_until
                     ^^^^^^^^^^^^^^^^^^^^^^
AttributeError: 'Member' object has no attribute 'timed_out_until'
Ignoring exception in on_member_update
Traceback (most recent call last):
  File "/usr/local/lib/python3.12/site-packages/discord/client.py", line 465, in _run_event
    await coro(*args, **kwargs)
  File "/app/asu_discord/cogs/analytics.py", line 652, in on_member_update
    before_timeout = before.timed_out_until
                     ^^^^^^^^^^^^^^^^^^^^^^
AttributeError: 'Member' object has no attribute 'timed_out_until'
INFO:asu_discord.cogs.verification:Saved 5 roles to database for user nirbanro (Discord ID: 1495190727603257414)
INFO:asu_discord.cogs.verification:Refreshed Salesforce roles for Discord user 1495190727603257414: -5/+4 roles, assigned=[Commited, Graduate Student, International Student, Ira A. Fulton Schools of Engineering, Tempe]
Ignoring exception in on_member_update
Traceback (most recent call last):
  File "/usr/local/lib/python3.12/site-packages/discord/client.py", line 465, in _run_event
    await coro(*args, **kwargs)
  File "/app/asu_discord/cogs/analytics.py", line 652, in on_member_update
    before_timeout = before.timed_out_until
                     ^^^^^^^^^^^^^^^^^^^^^^
AttributeError: 'Member' object has no attribute 'timed_out_until'
Ignoring exception in on_member_update
Traceback (most recent call last):
  File "/usr/local/lib/python3.12/site-packages/discord/client.py", line 465, in _run_event
    await coro(*args, **kwargs)
  File "/app/asu_discord/cogs/analytics.py", line 652, in on_member_update
    before_timeout = before.timed_out_until
                     ^^^^^^^^^^^^^^^^^^^^^^
AttributeError: 'Member' object has no attribute 'timed_out_until'
Ignoring exception in on_member_update
Traceback (most recent call last):
  File "/usr/local/lib/python3.12/site-packages/discord/client.py", line 465, in _run_event
    await coro(*args, **kwargs)
  File "/app/asu_discord/cogs/analytics.py", line 652, in on_member_update
    before_timeout = before.timed_out_until
                     ^^^^^^^^^^^^^^^^^^^^^^
AttributeError: 'Member' object has no attribute 'timed_out_until'
Ignoring exception in on_member_update
Traceback (most recent call last):
  File "/usr/local/lib/python3.12/site-packages/discord/client.py", line 465, in _run_event
    await coro(*args, **kwargs)
  File "/app/asu_discord/cogs/analytics.py", line 652, in on_member_update
    before_timeout = before.timed_out_until
                     ^^^^^^^^^^^^^^^^^^^^^^
AttributeError: 'Member' object has no attribute 'timed_out_until'
Ignoring exception in on_member_update
Traceback (most recent call last):
  File "/usr/local/lib/python3.12/site-packages/discord/client.py", line 465, in _run_event
    await coro(*args, **kwargs)
  File "/app/asu_discord/cogs/analytics.py", line 652, in on_member_update
    before_timeout = before.timed_out_until
                     ^^^^^^^^^^^^^^^^^^^^^^
AttributeError: 'Member' object has no attribute 'timed_out_until'
Ignoring exception in on_member_update
Traceback (most recent call last):
  File "/usr/local/lib/python3.12/site-packages/discord/client.py", line 465, in _run_event
    await coro(*args, **kwargs)
  File "/app/asu_discord/cogs/analytics.py", line 652, in on_member_update
    before_timeout = before.timed_out_until
                     ^^^^^^^^^^^^^^^^^^^^^^
AttributeError: 'Member' object has no attribute 'timed_out_until'
Ignoring exception in on_member_update
Traceback (most recent call last):
  File "/usr/local/lib/python3.12/site-packages/discord/client.py", line 465, in _run_event
    await coro(*args, **kwargs)
  File "/app/asu_discord/cogs/analytics.py", line 652, in on_member_update
    before_timeout = before.timed_out_until
                     ^^^^^^^^^^^^^^^^^^^^^^
AttributeError: 'Member' object has no attribute 'timed_out_until'
Ignoring exception in on_member_update
Traceback (most recent call last):
  File "/usr/local/lib/python3.12/site-packages/discord/client.py", line 465, in _run_event
    await coro(*args, **kwargs)
  File "/app/asu_discord/cogs/analytics.py", line 652, in on_member_update
    before_timeout = before.timed_out_until
                     ^^^^^^^^^^^^^^^^^^^^^^
AttributeError: 'Member' object has no attribute 'timed_out_until'
Ignoring exception in on_member_update
Traceback (most recent call last):
  File "/usr/local/lib/python3.12/site-packages/discord/client.py", line 465, in _run_event
    await coro(*args, **kwargs)
  File "/app/asu_discord/cogs/analytics.py", line 652, in on_member_update
    before_timeout = before.timed_out_until
                     ^^^^^^^^^^^^^^^^^^^^^^
AttributeError: 'Member' object has no attribute 'timed_out_until'
Ignoring exception in on_member_update
Traceback (most recent call last):
  File "/usr/local/lib/python3.12/site-packages/discord/client.py", line 465, in _run_event
    await coro(*args, **kwargs)
  File "/app/asu_discord/cogs/analytics.py", line 652, in on_member_update
    before_timeout = before.timed_out_until
                     ^^^^^^^^^^^^^^^^^^^^^^
AttributeError: 'Member' object has no attribute 'timed_out_until'
Ignoring exception in on_member_update
Traceback (most recent call last):
  File "/usr/local/lib/python3.12/site-packages/discord/client.py", line 465, in _run_event
    await coro(*args, **kwargs)
  File "/app/asu_discord/cogs/analytics.py", line 652, in on_member_update
    before_timeout = before.timed_out_until
                     ^^^^^^^^^^^^^^^^^^^^^^
AttributeError: 'Member' object has no attribute 'timed_out_until'
INFO:asu_discord.cogs.verification:Saved 6 roles to database for user jjohn481 (Discord ID: 353766483488276491)
INFO:asu_discord.cogs.verification:Refreshed Salesforce roles for Discord user 353766483488276491: -5/+6 roles, assigned=[Arizona Resident, Commited, First Year, Ira A. Fulton Schools of Engineering, Tempe, Upperclassmen]
Ignoring exception in on_member_update
Traceback (most recent call last):
  File "/usr/local/lib/python3.12/site-packages/discord/client.py", line 465, in _run_event
    await coro(*args, **kwargs)
  File "/app/asu_discord/cogs/analytics.py", line 652, in on_member_update
    before_timeout = before.timed_out_until
                     ^^^^^^^^^^^^^^^^^^^^^^
AttributeError: 'Member' object has no attribute 'timed_out_until'
Ignoring exception in on_member_update
Traceback (most recent call last):
  File "/usr/local/lib/python3.12/site-packages/discord/client.py", line 465, in _run_event
    await coro(*args, **kwargs)
  File "/app/asu_discord/cogs/analytics.py", line 652, in on_member_update
    before_timeout = before.timed_out_until
                     ^^^^^^^^^^^^^^^^^^^^^^
AttributeError: 'Member' object has no attribute 'timed_out_until'
Ignoring exception in on_member_update
Traceback (most recent call last):
  File "/usr/local/lib/python3.12/site-packages/discord/client.py", line 465, in _run_event
    await coro(*args, **kwargs)
  File "/app/asu_discord/cogs/analytics.py", line 652, in on_member_update
    before_timeout = before.timed_out_until
                     ^^^^^^^^^^^^^^^^^^^^^^
AttributeError: 'Member' object has no attribute 'timed_out_until'
Ignoring exception in on_member_update
Traceback (most recent call last):
  File "/usr/local/lib/python3.12/site-packages/discord/client.py", line 465, in _run_event
    await coro(*args, **kwargs)
  File "/app/asu_discord/cogs/analytics.py", line 652, in on_member_update
    before_timeout = before.timed_out_until
                     ^^^^^^^^^^^^^^^^^^^^^^
AttributeError: 'Member' object has no attribute 'timed_out_until'
Ignoring exception in on_member_update
Traceback (most recent call last):
  File "/usr/local/lib/python3.12/site-packages/discord/client.py", line 465, in _run_event
    await coro(*args, **kwargs)
  File "/app/asu_discord/cogs/analytics.py", line 652, in on_member_update
    before_timeout = before.timed_out_until
                     ^^^^^^^^^^^^^^^^^^^^^^
AttributeError: 'Member' object has no attribute 'timed_out_until'
Ignoring exception in on_member_update
Traceback (most recent call last):
  File "/usr/local/lib/python3.12/site-packages/discord/client.py", line 465, in _run_event
    await coro(*args, **kwargs)
  File "/app/asu_discord/cogs/analytics.py", line 652, in on_member_update
    before_timeout = before.timed_out_until
                     ^^^^^^^^^^^^^^^^^^^^^^
AttributeError: 'Member' object has no attribute 'timed_out_until'
Ignoring exception in on_member_update
Traceback (most recent call last):
  File "/usr/local/lib/python3.12/site-packages/discord/client.py", line 465, in _run_event
    await coro(*args, **kwargs)
  File "/app/asu_discord/cogs/analytics.py", line 652, in on_member_update
    before_timeout = before.timed_out_until
                     ^^^^^^^^^^^^^^^^^^^^^^
AttributeError: 'Member' object has no attribute 'timed_out_until'
Ignoring exception in on_member_update
Traceback (most recent call last):
  File "/usr/local/lib/python3.12/site-packages/discord/client.py", line 465, in _run_event
    await coro(*args, **kwargs)
  File "/app/asu_discord/cogs/analytics.py", line 652, in on_member_update
    before_timeout = before.timed_out_until
                     ^^^^^^^^^^^^^^^^^^^^^^
AttributeError: 'Member' object has no attribute 'timed_out_until'
INFO:asu_discord.cogs.verification:Saved 4 roles to database for user ddanner1 (Discord ID: 1251731152062906402)
INFO:asu_discord.cogs.verification:Refreshed Salesforce roles for Discord user 1251731152062906402: -4/+4 roles, assigned=[First Year, Out of State, Tempe, University College]
Ignoring exception in on_member_update
Traceback (most recent call last):
  File "/usr/local/lib/python3.12/site-packages/discord/client.py", line 465, in _run_event
    await coro(*args, **kwargs)
  File "/app/asu_discord/cogs/analytics.py", line 652, in on_member_update
    before_timeout = before.timed_out_until
                     ^^^^^^^^^^^^^^^^^^^^^^
AttributeError: 'Member' object has no attribute 'timed_out_until'
Ignoring exception in on_member_update
Traceback (most recent call last):
  File "/usr/local/lib/python3.12/site-packages/discord/client.py", line 465, in _run_event
    await coro(*args, **kwargs)
  File "/app/asu_discord/cogs/analytics.py", line 652, in on_member_update
    before_timeout = before.timed_out_until
                     ^^^^^^^^^^^^^^^^^^^^^^
AttributeError: 'Member' object has no attribute 'timed_out_until'
Ignoring exception in on_member_update
Traceback (most recent call last):
  File "/usr/local/lib/python3.12/site-packages/discord/client.py", line 465, in _run_event
    await coro(*args, **kwargs)
  File "/app/asu_discord/cogs/analytics.py", line 652, in on_member_update
    before_timeout = before.timed_out_until
                     ^^^^^^^^^^^^^^^^^^^^^^
AttributeError: 'Member' object has no attribute 'timed_out_until'
Ignoring exception in on_member_update
Traceback (most recent call last):
  File "/usr/local/lib/python3.12/site-packages/discord/client.py", line 465, in _run_event
    await coro(*args, **kwargs)
  File "/app/asu_discord/cogs/analytics.py", line 652, in on_member_update
    before_timeout = before.timed_out_until
                     ^^^^^^^^^^^^^^^^^^^^^^
AttributeError: 'Member' object has no attribute 'timed_out_until'
Ignoring exception in on_member_update
Traceback (most recent call last):
  File "/usr/local/lib/python3.12/site-packages/discord/client.py", line 465, in _run_event
    await coro(*args, **kwargs)
  File "/app/asu_discord/cogs/analytics.py", line 652, in on_member_update
    before_timeout = before.timed_out_until
                     ^^^^^^^^^^^^^^^^^^^^^^
AttributeError: 'Member' object has no attribute 'timed_out_until'
Ignoring exception in on_member_update
Traceback (most recent call last):
  File "/usr/local/lib/python3.12/site-packages/discord/client.py", line 465, in _run_event
    await coro(*args, **kwargs)
  File "/app/asu_discord/cogs/analytics.py", line 652, in on_member_update
    before_timeout = before.timed_out_until
                     ^^^^^^^^^^^^^^^^^^^^^^
AttributeError: 'Member' object has no attribute 'timed_out_until'
Ignoring exception in on_member_update
Traceback (most recent call last):
  File "/usr/local/lib/python3.12/site-packages/discord/client.py", line 465, in _run_event
    await coro(*args, **kwargs)
  File "/app/asu_discord/cogs/analytics.py", line 652, in on_member_update
    before_timeout = before.timed_out_until
                     ^^^^^^^^^^^^^^^^^^^^^^
AttributeError: 'Member' object has no attribute 'timed_out_until'
Ignoring exception in on_member_update
Traceback (most recent call last):
  File "/usr/local/lib/python3.12/site-packages/discord/client.py", line 465, in _run_event
    await coro(*args, **kwargs)
  File "/app/asu_discord/cogs/analytics.py", line 652, in on_member_update
    before_timeout = before.timed_out_until
                     ^^^^^^^^^^^^^^^^^^^^^^
AttributeError: 'Member' object has no attribute 'timed_out_until'
Ignoring exception in on_member_update
Traceback (most recent call last):
  File "/usr/local/lib/python3.12/site-packages/discord/client.py", line 465, in _run_event
    await coro(*args, **kwargs)
  File "/app/asu_discord/cogs/analytics.py", line 652, in on_member_update
    before_timeout = before.timed_out_until
                     ^^^^^^^^^^^^^^^^^^^^^^
AttributeError: 'Member' object has no attribute 'timed_out_until'
Ignoring exception in on_member_update
Traceback (most recent call last):
  File "/usr/local/lib/python3.12/site-packages/discord/client.py", line 465, in _run_event
    await coro(*args, **kwargs)
  File "/app/asu_discord/cogs/analytics.py", line 652, in on_member_update
    before_timeout = before.timed_out_until
                     ^^^^^^^^^^^^^^^^^^^^^^
AttributeError: 'Member' object has no attribute 'timed_out_until'
Ignoring exception in on_member_update
Traceback (most recent call last):
  File "/usr/local/lib/python3.12/site-packages/discord/client.py", line 465, in _run_event
    await coro(*args, **kwargs)
  File "/app/asu_discord/cogs/analytics.py", line 652, in on_member_update
    before_timeout = before.timed_out_until
                     ^^^^^^^^^^^^^^^^^^^^^^
AttributeError: 'Member' object has no attribute 'timed_out_until'
Ignoring exception in on_member_update
Traceback (most recent call last):
  File "/usr/local/lib/python3.12/site-packages/discord/client.py", line 465, in _run_event
    await coro(*args, **kwargs)
  File "/app/asu_discord/cogs/analytics.py", line 652, in on_member_update
    before_timeout = before.timed_out_until
                     ^^^^^^^^^^^^^^^^^^^^^^
AttributeError: 'Member' object has no attribute 'timed_out_until'
INFO:asu_discord.cogs.verification:Saved 7 roles to database for user zcheng52 (Discord ID: 1228475144108769331)
INFO:asu_discord.cogs.verification:Refreshed Salesforce roles for Discord user 1228475144108769331: -5/+7 roles, assigned=[Arizona Resident, Commited, Downtown Phoenix, First Generation Student, First Year, Ira A. Fulton Schools of Engineering, Upperclassmen]
Ignoring exception in on_member_update
Traceback (most recent call last):
  File "/usr/local/lib/python3.12/site-packages/discord/client.py", line 465, in _run_event
    await coro(*args, **kwargs)
  File "/app/asu_discord/cogs/analytics.py", line 652, in on_member_update
    before_timeout = before.timed_out_until
                     ^^^^^^^^^^^^^^^^^^^^^^
AttributeError: 'Member' object has no attribute 'timed_out_until'
Ignoring exception in on_member_update
Traceback (most recent call last):
  File "/usr/local/lib/python3.12/site-packages/discord/client.py", line 465, in _run_event
    await coro(*args, **kwargs)
  File "/app/asu_discord/cogs/analytics.py", line 652, in on_member_update
    before_timeout = before.timed_out_until
                     ^^^^^^^^^^^^^^^^^^^^^^
AttributeError: 'Member' object has no attribute 'timed_out_until'
Ignoring exception in on_member_update
Traceback (most recent call last):
  File "/usr/local/lib/python3.12/site-packages/discord/client.py", line 465, in _run_event
    await coro(*args, **kwargs)
  File "/app/asu_discord/cogs/analytics.py", line 652, in on_member_update
    before_timeout = before.timed_out_until
                     ^^^^^^^^^^^^^^^^^^^^^^
AttributeError: 'Member' object has no attribute 'timed_out_until'
Ignoring exception in on_member_update
Traceback (most recent call last):
  File "/usr/local/lib/python3.12/site-packages/discord/client.py", line 465, in _run_event
    await coro(*args, **kwargs)
  File "/app/asu_discord/cogs/analytics.py", line 652, in on_member_update
    before_timeout = before.timed_out_until
                     ^^^^^^^^^^^^^^^^^^^^^^
AttributeError: 'Member' object has no attribute 'timed_out_until'
Ignoring exception in on_member_update
Traceback (most recent call last):
  File "/usr/local/lib/python3.12/site-packages/discord/client.py", line 465, in _run_event
    await coro(*args, **kwargs)
  File "/app/asu_discord/cogs/analytics.py", line 652, in on_member_update
    before_timeout = before.timed_out_until
                     ^^^^^^^^^^^^^^^^^^^^^^
AttributeError: 'Member' object has no attribute 'timed_out_until'
Ignoring exception in on_member_update
Traceback (most recent call last):
  File "/usr/local/lib/python3.12/site-packages/discord/client.py", line 465, in _run_event
    await coro(*args, **kwargs)
  File "/app/asu_discord/cogs/analytics.py", line 652, in on_member_update
    before_timeout = before.timed_out_until
                     ^^^^^^^^^^^^^^^^^^^^^^
AttributeError: 'Member' object has no attribute 'timed_out_until'
Ignoring exception in on_member_update
Traceback (most recent call last):
  File "/usr/local/lib/python3.12/site-packages/discord/client.py", line 465, in _run_event
    await coro(*args, **kwargs)
  File "/app/asu_discord/cogs/analytics.py", line 652, in on_member_update
    before_timeout = before.timed_out_until
                     ^^^^^^^^^^^^^^^^^^^^^^
AttributeError: 'Member' object has no attribute 'timed_out_until'
Ignoring exception in on_member_update
Traceback (most recent call last):
  File "/usr/local/lib/python3.12/site-packages/discord/client.py", line 465, in _run_event
    await coro(*args, **kwargs)
  File "/app/asu_discord/cogs/analytics.py", line 652, in on_member_update
    before_timeout = before.timed_out_until
                     ^^^^^^^^^^^^^^^^^^^^^^
AttributeError: 'Member' object has no attribute 'timed_out_until'
INFO:asu_discord.cogs.verification:Saved 4 roles to database for user lclark66 (Discord ID: 631311741745365003)
INFO:asu_discord.cogs.verification:Refreshed Salesforce roles for Discord user 631311741745365003: -4/+4 roles, assigned=[Arizona Resident, First Year, Ira A. Fulton Schools of Engineering, Tempe]
Ignoring exception in on_member_update
Traceback (most recent call last):
  File "/usr/local/lib/python3.12/site-packages/discord/client.py", line 465, in _run_event
    await coro(*args, **kwargs)
  File "/app/asu_discord/cogs/analytics.py", line 652, in on_member_update
    before_timeout = before.timed_out_until
                     ^^^^^^^^^^^^^^^^^^^^^^
AttributeError: 'Member' object has no attribute 'timed_out_until'
Ignoring exception in on_member_update
Traceback (most recent call last):
  File "/usr/local/lib/python3.12/site-packages/discord/client.py", line 465, in _run_event
    await coro(*args, **kwargs)
  File "/app/asu_discord/cogs/analytics.py", line 652, in on_member_update
    before_timeout = before.timed_out_until
                     ^^^^^^^^^^^^^^^^^^^^^^
AttributeError: 'Member' object has no attribute 'timed_out_until'
Ignoring exception in on_member_update
Traceback (most recent call last):
  File "/usr/local/lib/python3.12/site-packages/discord/client.py", line 465, in _run_event
    await coro(*args, **kwargs)
  File "/app/asu_discord/cogs/analytics.py", line 652, in on_member_update
    before_timeout = before.timed_out_until
                     ^^^^^^^^^^^^^^^^^^^^^^
AttributeError: 'Member' object has no attribute 'timed_out_until'
Ignoring exception in on_member_update
Traceback (most recent call last):
  File "/usr/local/lib/python3.12/site-packages/discord/client.py", line 465, in _run_event
    await coro(*args, **kwargs)
  File "/app/asu_discord/cogs/analytics.py", line 652, in on_member_update
    before_timeout = before.timed_out_until
                     ^^^^^^^^^^^^^^^^^^^^^^
AttributeError: 'Member' object has no attribute 'timed_out_until'
Ignoring exception in on_member_update
Traceback (most recent call last):
  File "/usr/local/lib/python3.12/site-packages/discord/client.py", line 465, in _run_event
    await coro(*args, **kwargs)
  File "/app/asu_discord/cogs/analytics.py", line 652, in on_member_update
    before_timeout = before.timed_out_until
                     ^^^^^^^^^^^^^^^^^^^^^^
AttributeError: 'Member' object has no attribute 'timed_out_until'
Ignoring exception in on_member_update
Traceback (most recent call last):
  File "/usr/local/lib/python3.12/site-packages/discord/client.py", line 465, in _run_event
    await coro(*args, **kwargs)
  File "/app/asu_discord/cogs/analytics.py", line 652, in on_member_update
    before_timeout = before.timed_out_until
                     ^^^^^^^^^^^^^^^^^^^^^^
AttributeError: 'Member' object has no attribute 'timed_out_until'
Ignoring exception in on_member_update
Traceback (most recent call last):
  File "/usr/local/lib/python3.12/site-packages/discord/client.py", line 465, in _run_event
    await coro(*args, **kwargs)
  File "/app/asu_discord/cogs/analytics.py", line 652, in on_member_update
    before_timeout = before.timed_out_until
                     ^^^^^^^^^^^^^^^^^^^^^^
AttributeError: 'Member' object has no attribute 'timed_out_until'
Ignoring exception in on_member_update
Traceback (most recent call last):
  File "/usr/local/lib/python3.12/site-packages/discord/client.py", line 465, in _run_event
    await coro(*args, **kwargs)
  File "/app/asu_discord/cogs/analytics.py", line 652, in on_member_update
    before_timeout = before.timed_out_until
                     ^^^^^^^^^^^^^^^^^^^^^^
AttributeError: 'Member' object has no attribute 'timed_out_until'
Ignoring exception in on_member_update
Traceback (most recent call last):
  File "/usr/local/lib/python3.12/site-packages/discord/client.py", line 465, in _run_event
    await coro(*args, **kwargs)
  File "/app/asu_discord/cogs/analytics.py", line 652, in on_member_update
    before_timeout = before.timed_out_until
                     ^^^^^^^^^^^^^^^^^^^^^^
AttributeError: 'Member' object has no attribute 'timed_out_until'
Ignoring exception in on_member_update
Traceback (most recent call last):
  File "/usr/local/lib/python3.12/site-packages/discord/client.py", line 465, in _run_event
    await coro(*args, **kwargs)
  File "/app/asu_discord/cogs/analytics.py", line 652, in on_member_update
    before_timeout = before.timed_out_until
                     ^^^^^^^^^^^^^^^^^^^^^^
AttributeError: 'Member' object has no attribute 'timed_out_until'
INFO:asu_discord.cogs.verification:Saved 5 roles to database for user jhzelins (Discord ID: 454698942832181248)
INFO:asu_discord.cogs.verification:Refreshed Salesforce roles for Discord user 454698942832181248: -5/+5 roles, assigned=[Commited, Out of State, Tempe, Transfer Student, W.P. Carey School of Business]
Ignoring exception in on_member_update
Traceback (most recent call last):
  File "/usr/local/lib/python3.12/site-packages/discord/client.py", line 465, in _run_event
    await coro(*args, **kwargs)
  File "/app/asu_discord/cogs/analytics.py", line 652, in on_member_update
    before_timeout = before.timed_out_until
                     ^^^^^^^^^^^^^^^^^^^^^^
AttributeError: 'Member' object has no attribute 'timed_out_until'
Ignoring exception in on_member_update
Traceback (most recent call last):
  File "/usr/local/lib/python3.12/site-packages/discord/client.py", line 465, in _run_event
    await coro(*args, **kwargs)
  File "/app/asu_discord/cogs/analytics.py", line 652, in on_member_update
    before_timeout = before.timed_out_until
                     ^^^^^^^^^^^^^^^^^^^^^^
AttributeError: 'Member' object has no attribute 'timed_out_until'
Ignoring exception in on_member_update
Traceback (most recent call last):
  File "/usr/local/lib/python3.12/site-packages/discord/client.py", line 465, in _run_event
    await coro(*args, **kwargs)
  File "/app/asu_discord/cogs/analytics.py", line 652, in on_member_update
    before_timeout = before.timed_out_until
                     ^^^^^^^^^^^^^^^^^^^^^^
AttributeError: 'Member' object has no attribute 'timed_out_until'
Ignoring exception in on_member_update
Traceback (most recent call last):
  File "/usr/local/lib/python3.12/site-packages/discord/client.py", line 465, in _run_event
    await coro(*args, **kwargs)
  File "/app/asu_discord/cogs/analytics.py", line 652, in on_member_update
    before_timeout = before.timed_out_until
                     ^^^^^^^^^^^^^^^^^^^^^^
AttributeError: 'Member' object has no attribute 'timed_out_until'
Ignoring exception in on_member_update
Traceback (most recent call last):
  File "/usr/local/lib/python3.12/site-packages/discord/client.py", line 465, in _run_event
    await coro(*args, **kwargs)
  File "/app/asu_discord/cogs/analytics.py", line 652, in on_member_update
    before_timeout = before.timed_out_until
                     ^^^^^^^^^^^^^^^^^^^^^^
AttributeError: 'Member' object has no attribute 'timed_out_until'
Ignoring exception in on_member_update
Traceback (most recent call last):
  File "/usr/local/lib/python3.12/site-packages/discord/client.py", line 465, in _run_event
    await coro(*args, **kwargs)
  File "/app/asu_discord/cogs/analytics.py", line 652, in on_member_update
    before_timeout = before.timed_out_until
                     ^^^^^^^^^^^^^^^^^^^^^^
AttributeError: 'Member' object has no attribute 'timed_out_until'
Ignoring exception in on_member_update
Traceback (most recent call last):
  File "/usr/local/lib/python3.12/site-packages/discord/client.py", line 465, in _run_event
    await coro(*args, **kwargs)
  File "/app/asu_discord/cogs/analytics.py", line 652, in on_member_update
    before_timeout = before.timed_out_until
                     ^^^^^^^^^^^^^^^^^^^^^^
AttributeError: 'Member' object has no attribute 'timed_out_until'
Ignoring exception in on_member_update
Traceback (most recent call last):
  File "/usr/local/lib/python3.12/site-packages/discord/client.py", line 465, in _run_event
    await coro(*args, **kwargs)
  File "/app/asu_discord/cogs/analytics.py", line 652, in on_member_update
    before_timeout = before.timed_out_until
                     ^^^^^^^^^^^^^^^^^^^^^^
AttributeError: 'Member' object has no attribute 'timed_out_until'
Ignoring exception in on_member_update
Traceback (most recent call last):
  File "/usr/local/lib/python3.12/site-packages/discord/client.py", line 465, in _run_event
    await coro(*args, **kwargs)
  File "/app/asu_discord/cogs/analytics.py", line 652, in on_member_update
    before_timeout = before.timed_out_until
                     ^^^^^^^^^^^^^^^^^^^^^^
AttributeError: 'Member' object has no attribute 'timed_out_until'
Ignoring exception in on_member_update
Traceback (most recent call last):
  File "/usr/local/lib/python3.12/site-packages/discord/client.py", line 465, in _run_event
    await coro(*args, **kwargs)
  File "/app/asu_discord/cogs/analytics.py", line 652, in on_member_update
    before_timeout = before.timed_out_until
                     ^^^^^^^^^^^^^^^^^^^^^^
AttributeError: 'Member' object has no attribute 'timed_out_until'
INFO:asu_discord.cogs.verification:Saved 5 roles to database for user nparame3 (Discord ID: 1389843993566642306)
INFO:asu_discord.cogs.verification:Refreshed Salesforce roles for Discord user 1389843993566642306: -5/+5 roles, assigned=[Commited, Graduate Student, International Student, Ira A. Fulton Schools of Engineering, Tempe]
Ignoring exception in on_member_update
Traceback (most recent call last):
  File "/usr/local/lib/python3.12/site-packages/discord/client.py", line 465, in _run_event
    await coro(*args, **kwargs)
  File "/app/asu_discord/cogs/analytics.py", line 652, in on_member_update
    before_timeout = before.timed_out_until
                     ^^^^^^^^^^^^^^^^^^^^^^
AttributeError: 'Member' object has no attribute 'timed_out_until'
Ignoring exception in on_member_update
Traceback (most recent call last):
  File "/usr/local/lib/python3.12/site-packages/discord/client.py", line 465, in _run_event
    await coro(*args, **kwargs)
  File "/app/asu_discord/cogs/analytics.py", line 652, in on_member_update
    before_timeout = before.timed_out_until
                     ^^^^^^^^^^^^^^^^^^^^^^
AttributeError: 'Member' object has no attribute 'timed_out_until'
Ignoring exception in on_member_update
Traceback (most recent call last):
  File "/usr/local/lib/python3.12/site-packages/discord/client.py", line 465, in _run_event
    await coro(*args, **kwargs)
  File "/app/asu_discord/cogs/analytics.py", line 652, in on_member_update
    before_timeout = before.timed_out_until
                     ^^^^^^^^^^^^^^^^^^^^^^
AttributeError: 'Member' object has no attribute 'timed_out_until'
Ignoring exception in on_member_update
Traceback (most recent call last):
  File "/usr/local/lib/python3.12/site-packages/discord/client.py", line 465, in _run_event
    await coro(*args, **kwargs)
  File "/app/asu_discord/cogs/analytics.py", line 652, in on_member_update
    before_timeout = before.timed_out_until
                     ^^^^^^^^^^^^^^^^^^^^^^
AttributeError: 'Member' object has no attribute 'timed_out_until'
Ignoring exception in on_member_update
Traceback (most recent call last):
  File "/usr/local/lib/python3.12/site-packages/discord/client.py", line 465, in _run_event
    await coro(*args, **kwargs)
  File "/app/asu_discord/cogs/analytics.py", line 652, in on_member_update
    before_timeout = before.timed_out_until
                     ^^^^^^^^^^^^^^^^^^^^^^
AttributeError: 'Member' object has no attribute 'timed_out_until'
Ignoring exception in on_member_update
Traceback (most recent call last):
  File "/usr/local/lib/python3.12/site-packages/discord/client.py", line 465, in _run_event
    await coro(*args, **kwargs)
  File "/app/asu_discord/cogs/analytics.py", line 652, in on_member_update
    before_timeout = before.timed_out_until
                     ^^^^^^^^^^^^^^^^^^^^^^
AttributeError: 'Member' object has no attribute 'timed_out_until'
Ignoring exception in on_member_update
Traceback (most recent call last):
  File "/usr/local/lib/python3.12/site-packages/discord/client.py", line 465, in _run_event
    await coro(*args, **kwargs)
  File "/app/asu_discord/cogs/analytics.py", line 652, in on_member_update
    before_timeout = before.timed_out_until
                     ^^^^^^^^^^^^^^^^^^^^^^
AttributeError: 'Member' object has no attribute 'timed_out_until'
Ignoring exception in on_member_update
Traceback (most recent call last):
  File "/usr/local/lib/python3.12/site-packages/discord/client.py", line 465, in _run_event
    await coro(*args, **kwargs)
  File "/app/asu_discord/cogs/analytics.py", line 652, in on_member_update
    before_timeout = before.timed_out_until
                     ^^^^^^^^^^^^^^^^^^^^^^
AttributeError: 'Member' object has no attribute 'timed_out_until'
Ignoring exception in on_member_update
Traceback (most recent call last):
  File "/usr/local/lib/python3.12/site-packages/discord/client.py", line 465, in _run_event
    await coro(*args, **kwargs)
  File "/app/asu_discord/cogs/analytics.py", line 652, in on_member_update
    before_timeout = before.timed_out_until
                     ^^^^^^^^^^^^^^^^^^^^^^
AttributeError: 'Member' object has no attribute 'timed_out_until'
Ignoring exception in on_member_update
Traceback (most recent call last):
  File "/usr/local/lib/python3.12/site-packages/discord/client.py", line 465, in _run_event
    await coro(*args, **kwargs)
  File "/app/asu_discord/cogs/analytics.py", line 652, in on_member_update
    before_timeout = before.timed_out_until
                     ^^^^^^^^^^^^^^^^^^^^^^
AttributeError: 'Member' object has no attribute 'timed_out_until'
Ignoring exception in on_member_update
Traceback (most recent call last):
  File "/usr/local/lib/python3.12/site-packages/discord/client.py", line 465, in _run_event
    await coro(*args, **kwargs)
  File "/app/asu_discord/cogs/analytics.py", line 652, in on_member_update
    before_timeout = before.timed_out_until
                     ^^^^^^^^^^^^^^^^^^^^^^
AttributeError: 'Member' object has no attribute 'timed_out_until'
INFO:asu_discord.cogs.verification:Saved 6 roles to database for user atmattox (Discord ID: 1310413982393303161)
INFO:asu_discord.cogs.verification:Refreshed Salesforce roles for Discord user 1310413982393303161: -6/+5 roles, assigned=[Arizona Resident, Commited, Herberger Institute for Design and the Arts, Tempe, Transfer Student, Upperclassmen]
Ignoring exception in on_member_update
Traceback (most recent call last):
  File "/usr/local/lib/python3.12/site-packages/discord/client.py", line 465, in _run_event
    await coro(*args, **kwargs)
  File "/app/asu_discord/cogs/analytics.py", line 652, in on_member_update
    before_timeout = before.timed_out_until
                     ^^^^^^^^^^^^^^^^^^^^^^
AttributeError: 'Member' object has no attribute 'timed_out_until'
Ignoring exception in on_member_update
Traceback (most recent call last):
  File "/usr/local/lib/python3.12/site-packages/discord/client.py", line 465, in _run_event
    await coro(*args, **kwargs)
  File "/app/asu_discord/cogs/analytics.py", line 652, in on_member_update
    before_timeout = before.timed_out_until
                     ^^^^^^^^^^^^^^^^^^^^^^
AttributeError: 'Member' object has no attribute 'timed_out_until'
Ignoring exception in on_member_update
Traceback (most recent call last):
  File "/usr/local/lib/python3.12/site-packages/discord/client.py", line 465, in _run_event
    await coro(*args, **kwargs)
  File "/app/asu_discord/cogs/analytics.py", line 652, in on_member_update
    before_timeout = before.timed_out_until
                     ^^^^^^^^^^^^^^^^^^^^^^
AttributeError: 'Member' object has no attribute 'timed_out_until'
Ignoring exception in on_member_update
Traceback (most recent call last):
  File "/usr/local/lib/python3.12/site-packages/discord/client.py", line 465, in _run_event
    await coro(*args, **kwargs)
  File "/app/asu_discord/cogs/analytics.py", line 652, in on_member_update
    before_timeout = before.timed_out_until
                     ^^^^^^^^^^^^^^^^^^^^^^
AttributeError: 'Member' object has no attribute 'timed_out_until'
Ignoring exception in on_member_update
Traceback (most recent call last):
  File "/usr/local/lib/python3.12/site-packages/discord/client.py", line 465, in _run_event
    await coro(*args, **kwargs)
  File "/app/asu_discord/cogs/analytics.py", line 652, in on_member_update
    before_timeout = before.timed_out_until
                     ^^^^^^^^^^^^^^^^^^^^^^
AttributeError: 'Member' object has no attribute 'timed_out_until'
Ignoring exception in on_member_update
Traceback (most recent call last):
  File "/usr/local/lib/python3.12/site-packages/discord/client.py", line 465, in _run_event
    await coro(*args, **kwargs)
  File "/app/asu_discord/cogs/analytics.py", line 652, in on_member_update
    before_timeout = before.timed_out_until
                     ^^^^^^^^^^^^^^^^^^^^^^
AttributeError: 'Member' object has no attribute 'timed_out_until'
Ignoring exception in on_member_update
Traceback (most recent call last):
  File "/usr/local/lib/python3.12/site-packages/discord/client.py", line 465, in _run_event
    await coro(*args, **kwargs)
  File "/app/asu_discord/cogs/analytics.py", line 652, in on_member_update
    before_timeout = before.timed_out_until
                     ^^^^^^^^^^^^^^^^^^^^^^
AttributeError: 'Member' object has no attribute 'timed_out_until'
Ignoring exception in on_member_update
Traceback (most recent call last):
  File "/usr/local/lib/python3.12/site-packages/discord/client.py", line 465, in _run_event
    await coro(*args, **kwargs)
  File "/app/asu_discord/cogs/analytics.py", line 652, in on_member_update
    before_timeout = before.timed_out_until
                     ^^^^^^^^^^^^^^^^^^^^^^
AttributeError: 'Member' object has no attribute 'timed_out_until'
INFO:asu_discord.cogs.verification:Saved 4 roles to database for user wkfeldma (Discord ID: 1495283539057311774)
INFO:asu_discord.cogs.verification:Refreshed Salesforce roles for Discord user 1495283539057311774: -4/+4 roles, assigned=[Arizona Resident, College of Liberal Arts and Sciences, Tempe, Transfer Student]
Ignoring exception in on_member_update
Traceback (most recent call last):
  File "/usr/local/lib/python3.12/site-packages/discord/client.py", line 465, in _run_event
    await coro(*args, **kwargs)
  File "/app/asu_discord/cogs/analytics.py", line 652, in on_member_update
    before_timeout = before.timed_out_until
                     ^^^^^^^^^^^^^^^^^^^^^^
AttributeError: 'Member' object has no attribute 'timed_out_until'
Ignoring exception in on_member_update
Traceback (most recent call last):
  File "/usr/local/lib/python3.12/site-packages/discord/client.py", line 465, in _run_event
    await coro(*args, **kwargs)
  File "/app/asu_discord/cogs/analytics.py", line 652, in on_member_update
    before_timeout = before.timed_out_until
                     ^^^^^^^^^^^^^^^^^^^^^^
AttributeError: 'Member' object has no attribute 'timed_out_until'
Ignoring exception in on_member_update
Traceback (most recent call last):
  File "/usr/local/lib/python3.12/site-packages/discord/client.py", line 465, in _run_event
    await coro(*args, **kwargs)
  File "/app/asu_discord/cogs/analytics.py", line 652, in on_member_update
    before_timeout = before.timed_out_until
                     ^^^^^^^^^^^^^^^^^^^^^^
AttributeError: 'Member' object has no attribute 'timed_out_until'
Ignoring exception in on_member_update
Traceback (most recent call last):
  File "/usr/local/lib/python3.12/site-packages/discord/client.py", line 465, in _run_event
    await coro(*args, **kwargs)
  File "/app/asu_discord/cogs/analytics.py", line 652, in on_member_update
    before_timeout = before.timed_out_until
                     ^^^^^^^^^^^^^^^^^^^^^^
AttributeError: 'Member' object has no attribute 'timed_out_until'
Ignoring exception in on_member_update
Traceback (most recent call last):
  File "/usr/local/lib/python3.12/site-packages/discord/client.py", line 465, in _run_event
    await coro(*args, **kwargs)
  File "/app/asu_discord/cogs/analytics.py", line 652, in on_member_update
    before_timeout = before.timed_out_until
                     ^^^^^^^^^^^^^^^^^^^^^^
AttributeError: 'Member' object has no attribute 'timed_out_until'
Ignoring exception in on_member_update
Traceback (most recent call last):
  File "/usr/local/lib/python3.12/site-packages/discord/client.py", line 465, in _run_event
    await coro(*args, **kwargs)
  File "/app/asu_discord/cogs/analytics.py", line 652, in on_member_update
    before_timeout = before.timed_out_until
                     ^^^^^^^^^^^^^^^^^^^^^^
AttributeError: 'Member' object has no attribute 'timed_out_until'
Ignoring exception in on_member_update
Traceback (most recent call last):
  File "/usr/local/lib/python3.12/site-packages/discord/client.py", line 465, in _run_event
    await coro(*args, **kwargs)
  File "/app/asu_discord/cogs/analytics.py", line 652, in on_member_update
    before_timeout = before.timed_out_until
                     ^^^^^^^^^^^^^^^^^^^^^^
AttributeError: 'Member' object has no attribute 'timed_out_until'
Ignoring exception in on_member_update
Traceback (most recent call last):
  File "/usr/local/lib/python3.12/site-packages/discord/client.py", line 465, in _run_event
    await coro(*args, **kwargs)
  File "/app/asu_discord/cogs/analytics.py", line 652, in on_member_update
    before_timeout = before.timed_out_until
                     ^^^^^^^^^^^^^^^^^^^^^^
AttributeError: 'Member' object has no attribute 'timed_out_until'
INFO:asu_discord.cogs.verification:Saved 4 roles to database for user nccrawf1 (Discord ID: 1495293341003288690)
INFO:asu_discord.cogs.verification:Refreshed Salesforce roles for Discord user 1495293341003288690: -4/+4 roles, assigned=[First Year, Out of State, Tempe, W.P. Carey School of Business]
Ignoring exception in on_member_update
Traceback (most recent call last):
  File "/usr/local/lib/python3.12/site-packages/discord/client.py", line 465, in _run_event
    await coro(*args, **kwargs)
  File "/app/asu_discord/cogs/analytics.py", line 652, in on_member_update
    before_timeout = before.timed_out_until
                     ^^^^^^^^^^^^^^^^^^^^^^
AttributeError: 'Member' object has no attribute 'timed_out_until'
Ignoring exception in on_member_update
Traceback (most recent call last):
  File "/usr/local/lib/python3.12/site-packages/discord/client.py", line 465, in _run_event
    await coro(*args, **kwargs)
  File "/app/asu_discord/cogs/analytics.py", line 652, in on_member_update
    before_timeout = before.timed_out_until
                     ^^^^^^^^^^^^^^^^^^^^^^
AttributeError: 'Member' object has no attribute 'timed_out_until'
Ignoring exception in on_member_update
Traceback (most recent call last):
  File "/usr/local/lib/python3.12/site-packages/discord/client.py", line 465, in _run_event
    await coro(*args, **kwargs)
  File "/app/asu_discord/cogs/analytics.py", line 652, in on_member_update
    before_timeout = before.timed_out_until
                     ^^^^^^^^^^^^^^^^^^^^^^
AttributeError: 'Member' object has no attribute 'timed_out_until'
Ignoring exception in on_member_update
Traceback (most recent call last):
  File "/usr/local/lib/python3.12/site-packages/discord/client.py", line 465, in _run_event
    await coro(*args, **kwargs)
  File "/app/asu_discord/cogs/analytics.py", line 652, in on_member_update
    before_timeout = before.timed_out_until
                     ^^^^^^^^^^^^^^^^^^^^^^
AttributeError: 'Member' object has no attribute 'timed_out_until'
Ignoring exception in on_member_update
Traceback (most recent call last):
  File "/usr/local/lib/python3.12/site-packages/discord/client.py", line 465, in _run_event
    await coro(*args, **kwargs)
  File "/app/asu_discord/cogs/analytics.py", line 652, in on_member_update
    before_timeout = before.timed_out_until
                     ^^^^^^^^^^^^^^^^^^^^^^
AttributeError: 'Member' object has no attribute 'timed_out_until'
Ignoring exception in on_member_update
Traceback (most recent call last):
  File "/usr/local/lib/python3.12/site-packages/discord/client.py", line 465, in _run_event
    await coro(*args, **kwargs)
  File "/app/asu_discord/cogs/analytics.py", line 652, in on_member_update
    before_timeout = before.timed_out_until
                     ^^^^^^^^^^^^^^^^^^^^^^
AttributeError: 'Member' object has no attribute 'timed_out_until'
Ignoring exception in on_member_update
Traceback (most recent call last):
  File "/usr/local/lib/python3.12/site-packages/discord/client.py", line 465, in _run_event
    await coro(*args, **kwargs)
  File "/app/asu_discord/cogs/analytics.py", line 652, in on_member_update
    before_timeout = before.timed_out_until
                     ^^^^^^^^^^^^^^^^^^^^^^
AttributeError: 'Member' object has no attribute 'timed_out_until'
Ignoring exception in on_member_update
Traceback (most recent call last):
  File "/usr/local/lib/python3.12/site-packages/discord/client.py", line 465, in _run_event
    await coro(*args, **kwargs)
  File "/app/asu_discord/cogs/analytics.py", line 652, in on_member_update
    before_timeout = before.timed_out_until
                     ^^^^^^^^^^^^^^^^^^^^^^
AttributeError: 'Member' object has no attribute 'timed_out_until'
Ignoring exception in on_member_update
Traceback (most recent call last):
  File "/usr/local/lib/python3.12/site-packages/discord/client.py", line 465, in _run_event
    await coro(*args, **kwargs)
  File "/app/asu_discord/cogs/analytics.py", line 652, in on_member_update
    before_timeout = before.timed_out_until
                     ^^^^^^^^^^^^^^^^^^^^^^
AttributeError: 'Member' object has no attribute 'timed_out_until'
INFO:asu_discord.cogs.verification:Saved 5 roles to database for user pshar202 (Discord ID: 1027911497646608445)
INFO:asu_discord.cogs.verification:Refreshed Salesforce roles for Discord user 1027911497646608445: -5/+5 roles, assigned=[Commited, International Student, Ira A. Fulton Schools of Engineering, Tempe, Transfer Student]
Ignoring exception in on_member_update
Traceback (most recent call last):
  File "/usr/local/lib/python3.12/site-packages/discord/client.py", line 465, in _run_event
    await coro(*args, **kwargs)
  File "/app/asu_discord/cogs/analytics.py", line 652, in on_member_update
    before_timeout = before.timed_out_until
                     ^^^^^^^^^^^^^^^^^^^^^^
AttributeError: 'Member' object has no attribute 'timed_out_until'
Ignoring exception in on_member_update
Traceback (most recent call last):
  File "/usr/local/lib/python3.12/site-packages/discord/client.py", line 465, in _run_event
    await coro(*args, **kwargs)
  File "/app/asu_discord/cogs/analytics.py", line 652, in on_member_update
    before_timeout = before.timed_out_until
                     ^^^^^^^^^^^^^^^^^^^^^^
AttributeError: 'Member' object has no attribute 'timed_out_until'
Ignoring exception in on_member_update
Traceback (most recent call last):
  File "/usr/local/lib/python3.12/site-packages/discord/client.py", line 465, in _run_event
    await coro(*args, **kwargs)
  File "/app/asu_discord/cogs/analytics.py", line 652, in on_member_update
    before_timeout = before.timed_out_until
                     ^^^^^^^^^^^^^^^^^^^^^^
AttributeError: 'Member' object has no attribute 'timed_out_until'
Ignoring exception in on_member_update
Traceback (most recent call last):
  File "/usr/local/lib/python3.12/site-packages/discord/client.py", line 465, in _run_event
    await coro(*args, **kwargs)
  File "/app/asu_discord/cogs/analytics.py", line 652, in on_member_update
    before_timeout = before.timed_out_until
                     ^^^^^^^^^^^^^^^^^^^^^^
AttributeError: 'Member' object has no attribute 'timed_out_until'
Ignoring exception in on_member_update
Traceback (most recent call last):
  File "/usr/local/lib/python3.12/site-packages/discord/client.py", line 465, in _run_event
    await coro(*args, **kwargs)
  File "/app/asu_discord/cogs/analytics.py", line 652, in on_member_update
    before_timeout = before.timed_out_until
                     ^^^^^^^^^^^^^^^^^^^^^^
AttributeError: 'Member' object has no attribute 'timed_out_until'
Ignoring exception in on_member_update
Traceback (most recent call last):
  File "/usr/local/lib/python3.12/site-packages/discord/client.py", line 465, in _run_event
    await coro(*args, **kwargs)
  File "/app/asu_discord/cogs/analytics.py", line 652, in on_member_update
    before_timeout = before.timed_out_until
                     ^^^^^^^^^^^^^^^^^^^^^^
AttributeError: 'Member' object has no attribute 'timed_out_until'
Ignoring exception in on_member_update
Traceback (most recent call last):
  File "/usr/local/lib/python3.12/site-packages/discord/client.py", line 465, in _run_event
    await coro(*args, **kwargs)
  File "/app/asu_discord/cogs/analytics.py", line 652, in on_member_update
    before_timeout = before.timed_out_until
                     ^^^^^^^^^^^^^^^^^^^^^^
AttributeError: 'Member' object has no attribute 'timed_out_until'
Ignoring exception in on_member_update
Traceback (most recent call last):
  File "/usr/local/lib/python3.12/site-packages/discord/client.py", line 465, in _run_event
    await coro(*args, **kwargs)
  File "/app/asu_discord/cogs/analytics.py", line 652, in on_member_update
    before_timeout = before.timed_out_until
                     ^^^^^^^^^^^^^^^^^^^^^^
AttributeError: 'Member' object has no attribute 'timed_out_until'
Ignoring exception in on_member_update
Traceback (most recent call last):
  File "/usr/local/lib/python3.12/site-packages/discord/client.py", line 465, in _run_event
    await coro(*args, **kwargs)
  File "/app/asu_discord/cogs/analytics.py", line 652, in on_member_update
    before_timeout = before.timed_out_until
                     ^^^^^^^^^^^^^^^^^^^^^^
AttributeError: 'Member' object has no attribute 'timed_out_until'
Ignoring exception in on_member_update
Traceback (most recent call last):
  File "/usr/local/lib/python3.12/site-packages/discord/client.py", line 465, in _run_event
    await coro(*args, **kwargs)
  File "/app/asu_discord/cogs/analytics.py", line 652, in on_member_update
    before_timeout = before.timed_out_until
                     ^^^^^^^^^^^^^^^^^^^^^^
AttributeError: 'Member' object has no attribute 'timed_out_until'
INFO:asu_discord.cogs.verification:Saved 5 roles to database for user draimon2 (Discord ID: 702018932420247573)
INFO:asu_discord.cogs.verification:Refreshed Salesforce roles for Discord user 702018932420247573: -5/+4 roles, assigned=[Commited, First Year, Ira A. Fulton Schools of Engineering, Out of State, Tempe]
ERROR:cron.jobs:refresh_salesforce_roles: failed for npirrott (Discord ID 369575464542666762): Failed to refresh Salesforce-based roles: Discord user 369575464542666762 is not a member of the guild
Ignoring exception in on_member_update
Traceback (most recent call last):
  File "/usr/local/lib/python3.12/site-packages/discord/client.py", line 465, in _run_event
    await coro(*args, **kwargs)
  File "/app/asu_discord/cogs/analytics.py", line 652, in on_member_update
    before_timeout = before.timed_out_until
                     ^^^^^^^^^^^^^^^^^^^^^^
AttributeError: 'Member' object has no attribute 'timed_out_until'
Ignoring exception in on_member_update
Traceback (most recent call last):
  File "/usr/local/lib/python3.12/site-packages/discord/client.py", line 465, in _run_event
    await coro(*args, **kwargs)
  File "/app/asu_discord/cogs/analytics.py", line 652, in on_member_update
    before_timeout = before.timed_out_until
                     ^^^^^^^^^^^^^^^^^^^^^^
AttributeError: 'Member' object has no attribute 'timed_out_until'
Ignoring exception in on_member_update
Traceback (most recent call last):
  File "/usr/local/lib/python3.12/site-packages/discord/client.py", line 465, in _run_event
    await coro(*args, **kwargs)
  File "/app/asu_discord/cogs/analytics.py", line 652, in on_member_update
    before_timeout = before.timed_out_until
                     ^^^^^^^^^^^^^^^^^^^^^^
AttributeError: 'Member' object has no attribute 'timed_out_until'
Ignoring exception in on_member_update
Traceback (most recent call last):
  File "/usr/local/lib/python3.12/site-packages/discord/client.py", line 465, in _run_event
    await coro(*args, **kwargs)
  File "/app/asu_discord/cogs/analytics.py", line 652, in on_member_update
    before_timeout = before.timed_out_until
                     ^^^^^^^^^^^^^^^^^^^^^^
AttributeError: 'Member' object has no attribute 'timed_out_until'
Ignoring exception in on_member_update
Traceback (most recent call last):
  File "/usr/local/lib/python3.12/site-packages/discord/client.py", line 465, in _run_event
    await coro(*args, **kwargs)
  File "/app/asu_discord/cogs/analytics.py", line 652, in on_member_update
    before_timeout = before.timed_out_until
                     ^^^^^^^^^^^^^^^^^^^^^^
AttributeError: 'Member' object has no attribute 'timed_out_until'
Ignoring exception in on_member_update
Traceback (most recent call last):
  File "/usr/local/lib/python3.12/site-packages/discord/client.py", line 465, in _run_event
    await coro(*args, **kwargs)
  File "/app/asu_discord/cogs/analytics.py", line 652, in on_member_update
    before_timeout = before.timed_out_until
                     ^^^^^^^^^^^^^^^^^^^^^^
AttributeError: 'Member' object has no attribute 'timed_out_until'
Ignoring exception in on_member_update
Traceback (most recent call last):
  File "/usr/local/lib/python3.12/site-packages/discord/client.py", line 465, in _run_event
    await coro(*args, **kwargs)
  File "/app/asu_discord/cogs/analytics.py", line 652, in on_member_update
    before_timeout = before.timed_out_until
                     ^^^^^^^^^^^^^^^^^^^^^^
AttributeError: 'Member' object has no attribute 'timed_out_until'
Ignoring exception in on_member_update
Traceback (most recent call last):
  File "/usr/local/lib/python3.12/site-packages/discord/client.py", line 465, in _run_event
    await coro(*args, **kwargs)
  File "/app/asu_discord/cogs/analytics.py", line 652, in on_member_update
    before_timeout = before.timed_out_until
                     ^^^^^^^^^^^^^^^^^^^^^^
AttributeError: 'Member' object has no attribute 'timed_out_until'
Ignoring exception in on_member_update
Traceback (most recent call last):
  File "/usr/local/lib/python3.12/site-packages/discord/client.py", line 465, in _run_event
    await coro(*args, **kwargs)
  File "/app/asu_discord/cogs/analytics.py", line 652, in on_member_update
    before_timeout = before.timed_out_until
                     ^^^^^^^^^^^^^^^^^^^^^^
AttributeError: 'Member' object has no attribute 'timed_out_until'
Ignoring exception in on_member_update
Traceback (most recent call last):
  File "/usr/local/lib/python3.12/site-packages/discord/client.py", line 465, in _run_event
    await coro(*args, **kwargs)
  File "/app/asu_discord/cogs/analytics.py", line 652, in on_member_update
    before_timeout = before.timed_out_until
                     ^^^^^^^^^^^^^^^^^^^^^^
AttributeError: 'Member' object has no attribute 'timed_out_until'
Ignoring exception in on_member_update
Traceback (most recent call last):
  File "/usr/local/lib/python3.12/site-packages/discord/client.py", line 465, in _run_event
    await coro(*args, **kwargs)
  File "/app/asu_discord/cogs/analytics.py", line 652, in on_member_update
    before_timeout = before.timed_out_until
                     ^^^^^^^^^^^^^^^^^^^^^^
AttributeError: 'Member' object has no attribute 'timed_out_until'
INFO:asu_discord.cogs.verification:Saved 6 roles to database for user zsiam (Discord ID: 751145790423957555)
INFO:asu_discord.cogs.verification:Refreshed Salesforce roles for Discord user 751145790423957555: -6/+5 roles, assigned=[Arizona Resident, Commited, Ira A. Fulton Schools of Engineering, Tempe, Transfer Student, Upperclassmen]
Ignoring exception in on_member_update
Traceback (most recent call last):
  File "/usr/local/lib/python3.12/site-packages/discord/client.py", line 465, in _run_event
    await coro(*args, **kwargs)
  File "/app/asu_discord/cogs/analytics.py", line 652, in on_member_update
    before_timeout = before.timed_out_until
                     ^^^^^^^^^^^^^^^^^^^^^^
AttributeError: 'Member' object has no attribute 'timed_out_until'
INFO:asu_discord.cogs.verification:Saved 1 roles to database for user hluerweg (Discord ID: 1380913173699493918)
INFO:asu_discord.cogs.verification:Refreshed Salesforce roles for Discord user 1380913173699493918: -1/+0 roles, assigned=[Out of State]
Ignoring exception in on_member_update
Traceback (most recent call last):
  File "/usr/local/lib/python3.12/site-packages/discord/client.py", line 465, in _run_event
    await coro(*args, **kwargs)
  File "/app/asu_discord/cogs/analytics.py", line 652, in on_member_update
    before_timeout = before.timed_out_until
                     ^^^^^^^^^^^^^^^^^^^^^^
AttributeError: 'Member' object has no attribute 'timed_out_until'
Ignoring exception in on_member_update
Traceback (most recent call last):
  File "/usr/local/lib/python3.12/site-packages/discord/client.py", line 465, in _run_event
    await coro(*args, **kwargs)
  File "/app/asu_discord/cogs/analytics.py", line 652, in on_member_update
    before_timeout = before.timed_out_until
                     ^^^^^^^^^^^^^^^^^^^^^^
AttributeError: 'Member' object has no attribute 'timed_out_until'
Ignoring exception in on_member_update
Traceback (most recent call last):
  File "/usr/local/lib/python3.12/site-packages/discord/client.py", line 465, in _run_event
    await coro(*args, **kwargs)
  File "/app/asu_discord/cogs/analytics.py", line 652, in on_member_update
    before_timeout = before.timed_out_until
                     ^^^^^^^^^^^^^^^^^^^^^^
AttributeError: 'Member' object has no attribute 'timed_out_until'
Ignoring exception in on_member_update
Traceback (most recent call last):
  File "/usr/local/lib/python3.12/site-packages/discord/client.py", line 465, in _run_event
    await coro(*args, **kwargs)
  File "/app/asu_discord/cogs/analytics.py", line 652, in on_member_update
    before_timeout = before.timed_out_until
                     ^^^^^^^^^^^^^^^^^^^^^^
AttributeError: 'Member' object has no attribute 'timed_out_until'
Ignoring exception in on_member_update
Traceback (most recent call last):
  File "/usr/local/lib/python3.12/site-packages/discord/client.py", line 465, in _run_event
    await coro(*args, **kwargs)
  File "/app/asu_discord/cogs/analytics.py", line 652, in on_member_update
    before_timeout = before.timed_out_until
                     ^^^^^^^^^^^^^^^^^^^^^^
AttributeError: 'Member' object has no attribute 'timed_out_until'
Ignoring exception in on_member_update
Traceback (most recent call last):
  File "/usr/local/lib/python3.12/site-packages/discord/client.py", line 465, in _run_event
    await coro(*args, **kwargs)
  File "/app/asu_discord/cogs/analytics.py", line 652, in on_member_update
    before_timeout = before.timed_out_until
                     ^^^^^^^^^^^^^^^^^^^^^^
AttributeError: 'Member' object has no attribute 'timed_out_until'
Ignoring exception in on_member_update
Traceback (most recent call last):
  File "/usr/local/lib/python3.12/site-packages/discord/client.py", line 465, in _run_event
    await coro(*args, **kwargs)
  File "/app/asu_discord/cogs/analytics.py", line 652, in on_member_update
    before_timeout = before.timed_out_until
                     ^^^^^^^^^^^^^^^^^^^^^^
AttributeError: 'Member' object has no attribute 'timed_out_until'
Ignoring exception in on_member_update
Traceback (most recent call last):
  File "/usr/local/lib/python3.12/site-packages/discord/client.py", line 465, in _run_event
    await coro(*args, **kwargs)
  File "/app/asu_discord/cogs/analytics.py", line 652, in on_member_update
    before_timeout = before.timed_out_until
                     ^^^^^^^^^^^^^^^^^^^^^^
AttributeError: 'Member' object has no attribute 'timed_out_until'
Ignoring exception in on_member_update
Traceback (most recent call last):
  File "/usr/local/lib/python3.12/site-packages/discord/client.py", line 465, in _run_event
    await coro(*args, **kwargs)
  File "/app/asu_discord/cogs/analytics.py", line 652, in on_member_update
    before_timeout = before.timed_out_until
                     ^^^^^^^^^^^^^^^^^^^^^^
AttributeError: 'Member' object has no attribute 'timed_out_until'
Ignoring exception in on_member_update
Traceback (most recent call last):
  File "/usr/local/lib/python3.12/site-packages/discord/client.py", line 465, in _run_event
    await coro(*args, **kwargs)
  File "/app/asu_discord/cogs/analytics.py", line 652, in on_member_update
    before_timeout = before.timed_out_until
                     ^^^^^^^^^^^^^^^^^^^^^^
AttributeError: 'Member' object has no attribute 'timed_out_until'
INFO:asu_discord.cogs.verification:Saved 5 roles to database for user eeharmo2 (Discord ID: 1390066198149857400)
INFO:asu_discord.cogs.verification:Refreshed Salesforce roles for Discord user 1390066198149857400: -5/+5 roles, assigned=[Commited, First Year, Ira A. Fulton Schools of Engineering, Out of State, Tempe]
Ignoring exception in on_member_update
Traceback (most recent call last):
  File "/usr/local/lib/python3.12/site-packages/discord/client.py", line 465, in _run_event
    await coro(*args, **kwargs)
  File "/app/asu_discord/cogs/analytics.py", line 652, in on_member_update
    before_timeout = before.timed_out_until
                     ^^^^^^^^^^^^^^^^^^^^^^
AttributeError: 'Member' object has no attribute 'timed_out_until'
Ignoring exception in on_member_update
Traceback (most recent call last):
  File "/usr/local/lib/python3.12/site-packages/discord/client.py", line 465, in _run_event
    await coro(*args, **kwargs)
  File "/app/asu_discord/cogs/analytics.py", line 652, in on_member_update
    before_timeout = before.timed_out_until
                     ^^^^^^^^^^^^^^^^^^^^^^
AttributeError: 'Member' object has no attribute 'timed_out_until'
Ignoring exception in on_member_update
Traceback (most recent call last):
  File "/usr/local/lib/python3.12/site-packages/discord/client.py", line 465, in _run_event
    await coro(*args, **kwargs)
  File "/app/asu_discord/cogs/analytics.py", line 652, in on_member_update
    before_timeout = before.timed_out_until
                     ^^^^^^^^^^^^^^^^^^^^^^
AttributeError: 'Member' object has no attribute 'timed_out_until'
Ignoring exception in on_member_update
Traceback (most recent call last):
  File "/usr/local/lib/python3.12/site-packages/discord/client.py", line 465, in _run_event
    await coro(*args, **kwargs)
  File "/app/asu_discord/cogs/analytics.py", line 652, in on_member_update
    before_timeout = before.timed_out_until
                     ^^^^^^^^^^^^^^^^^^^^^^
AttributeError: 'Member' object has no attribute 'timed_out_until'
Ignoring exception in on_member_update
Traceback (most recent call last):
  File "/usr/local/lib/python3.12/site-packages/discord/client.py", line 465, in _run_event
    await coro(*args, **kwargs)
  File "/app/asu_discord/cogs/analytics.py", line 652, in on_member_update
    before_timeout = before.timed_out_until
                     ^^^^^^^^^^^^^^^^^^^^^^
AttributeError: 'Member' object has no attribute 'timed_out_until'
Ignoring exception in on_member_update
Traceback (most recent call last):
  File "/usr/local/lib/python3.12/site-packages/discord/client.py", line 465, in _run_event
    await coro(*args, **kwargs)
  File "/app/asu_discord/cogs/analytics.py", line 652, in on_member_update
    before_timeout = before.timed_out_until
                     ^^^^^^^^^^^^^^^^^^^^^^
AttributeError: 'Member' object has no attribute 'timed_out_until'
Ignoring exception in on_member_update
Traceback (most recent call last):
  File "/usr/local/lib/python3.12/site-packages/discord/client.py", line 465, in _run_event
    await coro(*args, **kwargs)
  File "/app/asu_discord/cogs/analytics.py", line 652, in on_member_update
    before_timeout = before.timed_out_until
                     ^^^^^^^^^^^^^^^^^^^^^^
AttributeError: 'Member' object has no attribute 'timed_out_until'
Ignoring exception in on_member_update
Traceback (most recent call last):
  File "/usr/local/lib/python3.12/site-packages/discord/client.py", line 465, in _run_event
    await coro(*args, **kwargs)
  File "/app/asu_discord/cogs/analytics.py", line 652, in on_member_update
    before_timeout = before.timed_out_until
                     ^^^^^^^^^^^^^^^^^^^^^^
AttributeError: 'Member' object has no attribute 'timed_out_until'
Ignoring exception in on_member_update
Traceback (most recent call last):
  File "/usr/local/lib/python3.12/site-packages/discord/client.py", line 465, in _run_event
    await coro(*args, **kwargs)
  File "/app/asu_discord/cogs/analytics.py", line 652, in on_member_update
    before_timeout = before.timed_out_until
                     ^^^^^^^^^^^^^^^^^^^^^^
AttributeError: 'Member' object has no attribute 'timed_out_until'
Ignoring exception in on_member_update
Traceback (most recent call last):
  File "/usr/local/lib/python3.12/site-packages/discord/client.py", line 465, in _run_event
    await coro(*args, **kwargs)
  File "/app/asu_discord/cogs/analytics.py", line 652, in on_member_update
    before_timeout = before.timed_out_until
                     ^^^^^^^^^^^^^^^^^^^^^^
AttributeError: 'Member' object has no attribute 'timed_out_until'
INFO:asu_discord.cogs.verification:Saved 6 roles to database for user cmondok (Discord ID: 948521987217702912)
INFO:asu_discord.cogs.verification:Refreshed Salesforce roles for Discord user 948521987217702912: -5/+5 roles, assigned=[Commited, First Generation Student, First Year, Ira A. Fulton Schools of Engineering, Out of State, Tempe]
Ignoring exception in on_member_update
Traceback (most recent call last):
  File "/usr/local/lib/python3.12/site-packages/discord/client.py", line 465, in _run_event
    await coro(*args, **kwargs)
  File "/app/asu_discord/cogs/analytics.py", line 652, in on_member_update
    before_timeout = before.timed_out_until
                     ^^^^^^^^^^^^^^^^^^^^^^
AttributeError: 'Member' object has no attribute 'timed_out_until'
Ignoring exception in on_member_update
Traceback (most recent call last):
  File "/usr/local/lib/python3.12/site-packages/discord/client.py", line 465, in _run_event
    await coro(*args, **kwargs)
  File "/app/asu_discord/cogs/analytics.py", line 652, in on_member_update
    before_timeout = before.timed_out_until
                     ^^^^^^^^^^^^^^^^^^^^^^
AttributeError: 'Member' object has no attribute 'timed_out_until'
Ignoring exception in on_member_update
Traceback (most recent call last):
  File "/usr/local/lib/python3.12/site-packages/discord/client.py", line 465, in _run_event
    await coro(*args, **kwargs)
  File "/app/asu_discord/cogs/analytics.py", line 652, in on_member_update
    before_timeout = before.timed_out_until
                     ^^^^^^^^^^^^^^^^^^^^^^
AttributeError: 'Member' object has no attribute 'timed_out_until'
Ignoring exception in on_member_update
Traceback (most recent call last):
  File "/usr/local/lib/python3.12/site-packages/discord/client.py", line 465, in _run_event
    await coro(*args, **kwargs)
  File "/app/asu_discord/cogs/analytics.py", line 652, in on_member_update
    before_timeout = before.timed_out_until
                     ^^^^^^^^^^^^^^^^^^^^^^
AttributeError: 'Member' object has no attribute 'timed_out_until'
Ignoring exception in on_member_update
Traceback (most recent call last):
  File "/usr/local/lib/python3.12/site-packages/discord/client.py", line 465, in _run_event
    await coro(*args, **kwargs)
  File "/app/asu_discord/cogs/analytics.py", line 652, in on_member_update
    before_timeout = before.timed_out_until
                     ^^^^^^^^^^^^^^^^^^^^^^
AttributeError: 'Member' object has no attribute 'timed_out_until'
Ignoring exception in on_member_update
Traceback (most recent call last):
  File "/usr/local/lib/python3.12/site-packages/discord/client.py", line 465, in _run_event
    await coro(*args, **kwargs)
  File "/app/asu_discord/cogs/analytics.py", line 652, in on_member_update
    before_timeout = before.timed_out_until
                     ^^^^^^^^^^^^^^^^^^^^^^
AttributeError: 'Member' object has no attribute 'timed_out_until'
Ignoring exception in on_member_update
Traceback (most recent call last):
  File "/usr/local/lib/python3.12/site-packages/discord/client.py", line 465, in _run_event
    await coro(*args, **kwargs)
  File "/app/asu_discord/cogs/analytics.py", line 652, in on_member_update
    before_timeout = before.timed_out_until
                     ^^^^^^^^^^^^^^^^^^^^^^
AttributeError: 'Member' object has no attribute 'timed_out_until'
Ignoring exception in on_member_update
Traceback (most recent call last):
  File "/usr/local/lib/python3.12/site-packages/discord/client.py", line 465, in _run_event
    await coro(*args, **kwargs)
  File "/app/asu_discord/cogs/analytics.py", line 652, in on_member_update
    before_timeout = before.timed_out_until
                     ^^^^^^^^^^^^^^^^^^^^^^
AttributeError: 'Member' object has no attribute 'timed_out_until'
Ignoring exception in on_member_update
Traceback (most recent call last):
  File "/usr/local/lib/python3.12/site-packages/discord/client.py", line 465, in _run_event
    await coro(*args, **kwargs)
  File "/app/asu_discord/cogs/analytics.py", line 652, in on_member_update
    before_timeout = before.timed_out_until
                     ^^^^^^^^^^^^^^^^^^^^^^
AttributeError: 'Member' object has no attribute 'timed_out_until'
Ignoring exception in on_member_update
Traceback (most recent call last):
  File "/usr/local/lib/python3.12/site-packages/discord/client.py", line 465, in _run_event
    await coro(*args, **kwargs)
  File "/app/asu_discord/cogs/analytics.py", line 652, in on_member_update
    before_timeout = before.timed_out_until
                     ^^^^^^^^^^^^^^^^^^^^^^
AttributeError: 'Member' object has no attribute 'timed_out_until'
INFO:asu_discord.cogs.verification:Saved 5 roles to database for user iqueja (Discord ID: 546426064734519311)
INFO:asu_discord.cogs.verification:Refreshed Salesforce roles for Discord user 546426064734519311: -5/+5 roles, assigned=[Commited, First Year, Herberger Institute for Design and the Arts, Out of State, Tempe]
Ignoring exception in on_member_update
Traceback (most recent call last):
  File "/usr/local/lib/python3.12/site-packages/discord/client.py", line 465, in _run_event
    await coro(*args, **kwargs)
  File "/app/asu_discord/cogs/analytics.py", line 652, in on_member_update
    before_timeout = before.timed_out_until
                     ^^^^^^^^^^^^^^^^^^^^^^
AttributeError: 'Member' object has no attribute 'timed_out_until'
Ignoring exception in on_member_update
Traceback (most recent call last):
  File "/usr/local/lib/python3.12/site-packages/discord/client.py", line 465, in _run_event
    await coro(*args, **kwargs)
  File "/app/asu_discord/cogs/analytics.py", line 652, in on_member_update
    before_timeout = before.timed_out_until
                     ^^^^^^^^^^^^^^^^^^^^^^
AttributeError: 'Member' object has no attribute 'timed_out_until'
Ignoring exception in on_member_update
Traceback (most recent call last):
  File "/usr/local/lib/python3.12/site-packages/discord/client.py", line 465, in _run_event
    await coro(*args, **kwargs)
  File "/app/asu_discord/cogs/analytics.py", line 652, in on_member_update
    before_timeout = before.timed_out_until
                     ^^^^^^^^^^^^^^^^^^^^^^
AttributeError: 'Member' object has no attribute 'timed_out_until'
Ignoring exception in on_member_update
Traceback (most recent call last):
  File "/usr/local/lib/python3.12/site-packages/discord/client.py", line 465, in _run_event
    await coro(*args, **kwargs)
  File "/app/asu_discord/cogs/analytics.py", line 652, in on_member_update
    before_timeout = before.timed_out_until
                     ^^^^^^^^^^^^^^^^^^^^^^
AttributeError: 'Member' object has no attribute 'timed_out_until'
Ignoring exception in on_member_update
Traceback (most recent call last):
  File "/usr/local/lib/python3.12/site-packages/discord/client.py", line 465, in _run_event
    await coro(*args, **kwargs)
  File "/app/asu_discord/cogs/analytics.py", line 652, in on_member_update
    before_timeout = before.timed_out_until
                     ^^^^^^^^^^^^^^^^^^^^^^
AttributeError: 'Member' object has no attribute 'timed_out_until'
Ignoring exception in on_member_update
Traceback (most recent call last):
  File "/usr/local/lib/python3.12/site-packages/discord/client.py", line 465, in _run_event
    await coro(*args, **kwargs)
  File "/app/asu_discord/cogs/analytics.py", line 652, in on_member_update
    before_timeout = before.timed_out_until
                     ^^^^^^^^^^^^^^^^^^^^^^
AttributeError: 'Member' object has no attribute 'timed_out_until'
Ignoring exception in on_member_update
Traceback (most recent call last):
  File "/usr/local/lib/python3.12/site-packages/discord/client.py", line 465, in _run_event
    await coro(*args, **kwargs)
  File "/app/asu_discord/cogs/analytics.py", line 652, in on_member_update
    before_timeout = before.timed_out_until
                     ^^^^^^^^^^^^^^^^^^^^^^
AttributeError: 'Member' object has no attribute 'timed_out_until'
Ignoring exception in on_member_update
Traceback (most recent call last):
  File "/usr/local/lib/python3.12/site-packages/discord/client.py", line 465, in _run_event
    await coro(*args, **kwargs)
  File "/app/asu_discord/cogs/analytics.py", line 652, in on_member_update
    before_timeout = before.timed_out_until
                     ^^^^^^^^^^^^^^^^^^^^^^
AttributeError: 'Member' object has no attribute 'timed_out_until'
INFO:asu_discord.cogs.verification:Saved 4 roles to database for user jjpere35 (Discord ID: 1282437282657472637)
INFO:asu_discord.cogs.verification:Refreshed Salesforce roles for Discord user 1282437282657472637: -4/+4 roles, assigned=[Ira A. Fulton Schools of Engineering, Online, Out of State, Transfer Student]
Ignoring exception in on_member_update
Traceback (most recent call last):
  File "/usr/local/lib/python3.12/site-packages/discord/client.py", line 465, in _run_event
    await coro(*args, **kwargs)
  File "/app/asu_discord/cogs/analytics.py", line 652, in on_member_update
    before_timeout = before.timed_out_until
                     ^^^^^^^^^^^^^^^^^^^^^^
AttributeError: 'Member' object has no attribute 'timed_out_until'
Ignoring exception in on_member_update
Traceback (most recent call last):
  File "/usr/local/lib/python3.12/site-packages/discord/client.py", line 465, in _run_event
    await coro(*args, **kwargs)
  File "/app/asu_discord/cogs/analytics.py", line 652, in on_member_update
    before_timeout = before.timed_out_until
                     ^^^^^^^^^^^^^^^^^^^^^^
AttributeError: 'Member' object has no attribute 'timed_out_until'
Ignoring exception in on_member_update
Traceback (most recent call last):
  File "/usr/local/lib/python3.12/site-packages/discord/client.py", line 465, in _run_event
    await coro(*args, **kwargs)
  File "/app/asu_discord/cogs/analytics.py", line 652, in on_member_update
    before_timeout = before.timed_out_until
                     ^^^^^^^^^^^^^^^^^^^^^^
AttributeError: 'Member' object has no attribute 'timed_out_until'
Ignoring exception in on_member_update
Traceback (most recent call last):
  File "/usr/local/lib/python3.12/site-packages/discord/client.py", line 465, in _run_event
    await coro(*args, **kwargs)
  File "/app/asu_discord/cogs/analytics.py", line 652, in on_member_update
    before_timeout = before.timed_out_until
                     ^^^^^^^^^^^^^^^^^^^^^^
AttributeError: 'Member' object has no attribute 'timed_out_until'
Ignoring exception in on_member_update
Traceback (most recent call last):
  File "/usr/local/lib/python3.12/site-packages/discord/client.py", line 465, in _run_event
    await coro(*args, **kwargs)
  File "/app/asu_discord/cogs/analytics.py", line 652, in on_member_update
    before_timeout = before.timed_out_until
                     ^^^^^^^^^^^^^^^^^^^^^^
AttributeError: 'Member' object has no attribute 'timed_out_until'
Ignoring exception in on_member_update
Traceback (most recent call last):
  File "/usr/local/lib/python3.12/site-packages/discord/client.py", line 465, in _run_event
    await coro(*args, **kwargs)
  File "/app/asu_discord/cogs/analytics.py", line 652, in on_member_update
    before_timeout = before.timed_out_until
                     ^^^^^^^^^^^^^^^^^^^^^^
AttributeError: 'Member' object has no attribute 'timed_out_until'
Ignoring exception in on_member_update
Traceback (most recent call last):
  File "/usr/local/lib/python3.12/site-packages/discord/client.py", line 465, in _run_event
    await coro(*args, **kwargs)
  File "/app/asu_discord/cogs/analytics.py", line 652, in on_member_update
    before_timeout = before.timed_out_until
                     ^^^^^^^^^^^^^^^^^^^^^^
AttributeError: 'Member' object has no attribute 'timed_out_until'
Ignoring exception in on_member_update
Traceback (most recent call last):
  File "/usr/local/lib/python3.12/site-packages/discord/client.py", line 465, in _run_event
    await coro(*args, **kwargs)
  File "/app/asu_discord/cogs/analytics.py", line 652, in on_member_update
    before_timeout = before.timed_out_until
                     ^^^^^^^^^^^^^^^^^^^^^^
AttributeError: 'Member' object has no attribute 'timed_out_until'
Ignoring exception in on_member_update
Traceback (most recent call last):
  File "/usr/local/lib/python3.12/site-packages/discord/client.py", line 465, in _run_event
    await coro(*args, **kwargs)
  File "/app/asu_discord/cogs/analytics.py", line 652, in on_member_update
    before_timeout = before.timed_out_until
                     ^^^^^^^^^^^^^^^^^^^^^^
AttributeError: 'Member' object has no attribute 'timed_out_until'
Ignoring exception in on_member_update
Traceback (most recent call last):
  File "/usr/local/lib/python3.12/site-packages/discord/client.py", line 465, in _run_event
    await coro(*args, **kwargs)
  File "/app/asu_discord/cogs/analytics.py", line 652, in on_member_update
    before_timeout = before.timed_out_until
                     ^^^^^^^^^^^^^^^^^^^^^^
AttributeError: 'Member' object has no attribute 'timed_out_until'
Ignoring exception in on_member_update
Traceback (most recent call last):
  File "/usr/local/lib/python3.12/site-packages/discord/client.py", line 465, in _run_event
    await coro(*args, **kwargs)
  File "/app/asu_discord/cogs/analytics.py", line 652, in on_member_update
    before_timeout = before.timed_out_until
                     ^^^^^^^^^^^^^^^^^^^^^^
AttributeError: 'Member' object has no attribute 'timed_out_until'
Ignoring exception in on_member_update
Traceback (most recent call last):
  File "/usr/local/lib/python3.12/site-packages/discord/client.py", line 465, in _run_event
    await coro(*args, **kwargs)
  File "/app/asu_discord/cogs/analytics.py", line 652, in on_member_update
    before_timeout = before.timed_out_until
                     ^^^^^^^^^^^^^^^^^^^^^^
AttributeError: 'Member' object has no attribute 'timed_out_until'
INFO:asu_discord.cogs.verification:Saved 6 roles to database for user sesanc11 (Discord ID: 1443770844252733491)
INFO:asu_discord.cogs.verification:Refreshed Salesforce roles for Discord user 1443770844252733491: -6/+6 roles, assigned=[Arizona Resident, Commited, First Generation Student, First Year, Herberger Institute for Design and the Arts, Tempe]
Ignoring exception in on_member_update
Traceback (most recent call last):
  File "/usr/local/lib/python3.12/site-packages/discord/client.py", line 465, in _run_event
    await coro(*args, **kwargs)
  File "/app/asu_discord/cogs/analytics.py", line 652, in on_member_update
    before_timeout = before.timed_out_until
                     ^^^^^^^^^^^^^^^^^^^^^^
AttributeError: 'Member' object has no attribute 'timed_out_until'
Ignoring exception in on_member_update
Traceback (most recent call last):
  File "/usr/local/lib/python3.12/site-packages/discord/client.py", line 465, in _run_event
    await coro(*args, **kwargs)
  File "/app/asu_discord/cogs/analytics.py", line 652, in on_member_update
    before_timeout = before.timed_out_until
                     ^^^^^^^^^^^^^^^^^^^^^^
AttributeError: 'Member' object has no attribute 'timed_out_until'
Ignoring exception in on_member_update
Traceback (most recent call last):
  File "/usr/local/lib/python3.12/site-packages/discord/client.py", line 465, in _run_event
    await coro(*args, **kwargs)
  File "/app/asu_discord/cogs/analytics.py", line 652, in on_member_update
    before_timeout = before.timed_out_until
                     ^^^^^^^^^^^^^^^^^^^^^^
AttributeError: 'Member' object has no attribute 'timed_out_until'
Ignoring exception in on_member_update
Traceback (most recent call last):
  File "/usr/local/lib/python3.12/site-packages/discord/client.py", line 465, in _run_event
    await coro(*args, **kwargs)
  File "/app/asu_discord/cogs/analytics.py", line 652, in on_member_update
    before_timeout = before.timed_out_until
                     ^^^^^^^^^^^^^^^^^^^^^^
AttributeError: 'Member' object has no attribute 'timed_out_until'
Ignoring exception in on_member_update
Traceback (most recent call last):
  File "/usr/local/lib/python3.12/site-packages/discord/client.py", line 465, in _run_event
    await coro(*args, **kwargs)
  File "/app/asu_discord/cogs/analytics.py", line 652, in on_member_update
    before_timeout = before.timed_out_until
                     ^^^^^^^^^^^^^^^^^^^^^^
AttributeError: 'Member' object has no attribute 'timed_out_until'
Ignoring exception in on_member_update
Traceback (most recent call last):
  File "/usr/local/lib/python3.12/site-packages/discord/client.py", line 465, in _run_event
    await coro(*args, **kwargs)
  File "/app/asu_discord/cogs/analytics.py", line 652, in on_member_update
    before_timeout = before.timed_out_until
                     ^^^^^^^^^^^^^^^^^^^^^^
AttributeError: 'Member' object has no attribute 'timed_out_until'
Ignoring exception in on_member_update
Traceback (most recent call last):
  File "/usr/local/lib/python3.12/site-packages/discord/client.py", line 465, in _run_event
    await coro(*args, **kwargs)
  File "/app/asu_discord/cogs/analytics.py", line 652, in on_member_update
    before_timeout = before.timed_out_until
                     ^^^^^^^^^^^^^^^^^^^^^^
AttributeError: 'Member' object has no attribute 'timed_out_until'
Ignoring exception in on_member_update
Traceback (most recent call last):
  File "/usr/local/lib/python3.12/site-packages/discord/client.py", line 465, in _run_event
    await coro(*args, **kwargs)
  File "/app/asu_discord/cogs/analytics.py", line 652, in on_member_update
    before_timeout = before.timed_out_until
                     ^^^^^^^^^^^^^^^^^^^^^^
AttributeError: 'Member' object has no attribute 'timed_out_until'
INFO:asu_discord.cogs.verification:Saved 4 roles to database for user srphelp2 (Discord ID: 881418004078948372)
INFO:asu_discord.cogs.verification:Refreshed Salesforce roles for Discord user 881418004078948372: -4/+4 roles, assigned=[Arizona Resident, First Year, Herberger Institute for Design and the Arts, Tempe]
Ignoring exception in on_member_update
Traceback (most recent call last):
  File "/usr/local/lib/python3.12/site-packages/discord/client.py", line 465, in _run_event
    await coro(*args, **kwargs)
  File "/app/asu_discord/cogs/analytics.py", line 652, in on_member_update
    before_timeout = before.timed_out_until
                     ^^^^^^^^^^^^^^^^^^^^^^
AttributeError: 'Member' object has no attribute 'timed_out_until'
Ignoring exception in on_member_update
Traceback (most recent call last):
  File "/usr/local/lib/python3.12/site-packages/discord/client.py", line 465, in _run_event
    await coro(*args, **kwargs)
  File "/app/asu_discord/cogs/analytics.py", line 652, in on_member_update
    before_timeout = before.timed_out_until
                     ^^^^^^^^^^^^^^^^^^^^^^
AttributeError: 'Member' object has no attribute 'timed_out_until'
Ignoring exception in on_member_update
Traceback (most recent call last):
  File "/usr/local/lib/python3.12/site-packages/discord/client.py", line 465, in _run_event
    await coro(*args, **kwargs)
  File "/app/asu_discord/cogs/analytics.py", line 652, in on_member_update
    before_timeout = before.timed_out_until
                     ^^^^^^^^^^^^^^^^^^^^^^
AttributeError: 'Member' object has no attribute 'timed_out_until'
Ignoring exception in on_member_update
Traceback (most recent call last):
  File "/usr/local/lib/python3.12/site-packages/discord/client.py", line 465, in _run_event
    await coro(*args, **kwargs)
  File "/app/asu_discord/cogs/analytics.py", line 652, in on_member_update
    before_timeout = before.timed_out_until
                     ^^^^^^^^^^^^^^^^^^^^^^
AttributeError: 'Member' object has no attribute 'timed_out_until'
Ignoring exception in on_member_update
Traceback (most recent call last):
  File "/usr/local/lib/python3.12/site-packages/discord/client.py", line 465, in _run_event
    await coro(*args, **kwargs)
  File "/app/asu_discord/cogs/analytics.py", line 652, in on_member_update
    before_timeout = before.timed_out_until
                     ^^^^^^^^^^^^^^^^^^^^^^
AttributeError: 'Member' object has no attribute 'timed_out_until'
Ignoring exception in on_member_update
Traceback (most recent call last):
  File "/usr/local/lib/python3.12/site-packages/discord/client.py", line 465, in _run_event
    await coro(*args, **kwargs)
  File "/app/asu_discord/cogs/analytics.py", line 652, in on_member_update
    before_timeout = before.timed_out_until
                     ^^^^^^^^^^^^^^^^^^^^^^
AttributeError: 'Member' object has no attribute 'timed_out_until'
Ignoring exception in on_member_update
Traceback (most recent call last):
  File "/usr/local/lib/python3.12/site-packages/discord/client.py", line 465, in _run_event
    await coro(*args, **kwargs)
  File "/app/asu_discord/cogs/analytics.py", line 652, in on_member_update
    before_timeout = before.timed_out_until
                     ^^^^^^^^^^^^^^^^^^^^^^
AttributeError: 'Member' object has no attribute 'timed_out_until'
Ignoring exception in on_member_update
Traceback (most recent call last):
  File "/usr/local/lib/python3.12/site-packages/discord/client.py", line 465, in _run_event
    await coro(*args, **kwargs)
  File "/app/asu_discord/cogs/analytics.py", line 652, in on_member_update
    before_timeout = before.timed_out_until
                     ^^^^^^^^^^^^^^^^^^^^^^
AttributeError: 'Member' object has no attribute 'timed_out_until'
INFO:asu_discord.cogs.verification:Saved 4 roles to database for user melongst (Discord ID: 773011219812450304)
INFO:asu_discord.cogs.verification:Refreshed Salesforce roles for Discord user 773011219812450304: -4/+4 roles, assigned=[Arizona Resident, First Year, Ira A. Fulton Schools of Engineering, Tempe]
Ignoring exception in on_member_update
Traceback (most recent call last):
  File "/usr/local/lib/python3.12/site-packages/discord/client.py", line 465, in _run_event
    await coro(*args, **kwargs)
  File "/app/asu_discord/cogs/analytics.py", line 652, in on_member_update
    before_timeout = before.timed_out_until
                     ^^^^^^^^^^^^^^^^^^^^^^
AttributeError: 'Member' object has no attribute 'timed_out_until'
Ignoring exception in on_member_update
Traceback (most recent call last):
  File "/usr/local/lib/python3.12/site-packages/discord/client.py", line 465, in _run_event
    await coro(*args, **kwargs)
  File "/app/asu_discord/cogs/analytics.py", line 652, in on_member_update
    before_timeout = before.timed_out_until
                     ^^^^^^^^^^^^^^^^^^^^^^
AttributeError: 'Member' object has no attribute 'timed_out_until'
Ignoring exception in on_member_update
Traceback (most recent call last):
  File "/usr/local/lib/python3.12/site-packages/discord/client.py", line 465, in _run_event
    await coro(*args, **kwargs)
  File "/app/asu_discord/cogs/analytics.py", line 652, in on_member_update
    before_timeout = before.timed_out_until
                     ^^^^^^^^^^^^^^^^^^^^^^
AttributeError: 'Member' object has no attribute 'timed_out_until'
Ignoring exception in on_member_update
Traceback (most recent call last):
  File "/usr/local/lib/python3.12/site-packages/discord/client.py", line 465, in _run_event
    await coro(*args, **kwargs)
  File "/app/asu_discord/cogs/analytics.py", line 652, in on_member_update
    before_timeout = before.timed_out_until
                     ^^^^^^^^^^^^^^^^^^^^^^
AttributeError: 'Member' object has no attribute 'timed_out_until'
Ignoring exception in on_member_update
Traceback (most recent call last):
  File "/usr/local/lib/python3.12/site-packages/discord/client.py", line 465, in _run_event
    await coro(*args, **kwargs)
  File "/app/asu_discord/cogs/analytics.py", line 652, in on_member_update
    before_timeout = before.timed_out_until
                     ^^^^^^^^^^^^^^^^^^^^^^
AttributeError: 'Member' object has no attribute 'timed_out_until'
Ignoring exception in on_member_update
Traceback (most recent call last):
  File "/usr/local/lib/python3.12/site-packages/discord/client.py", line 465, in _run_event
    await coro(*args, **kwargs)
  File "/app/asu_discord/cogs/analytics.py", line 652, in on_member_update
    before_timeout = before.timed_out_until
                     ^^^^^^^^^^^^^^^^^^^^^^
AttributeError: 'Member' object has no attribute 'timed_out_until'
Ignoring exception in on_member_update
Traceback (most recent call last):
  File "/usr/local/lib/python3.12/site-packages/discord/client.py", line 465, in _run_event
    await coro(*args, **kwargs)
  File "/app/asu_discord/cogs/analytics.py", line 652, in on_member_update
    before_timeout = before.timed_out_until
                     ^^^^^^^^^^^^^^^^^^^^^^
AttributeError: 'Member' object has no attribute 'timed_out_until'
Ignoring exception in on_member_update
Traceback (most recent call last):
  File "/usr/local/lib/python3.12/site-packages/discord/client.py", line 465, in _run_event
    await coro(*args, **kwargs)
  File "/app/asu_discord/cogs/analytics.py", line 652, in on_member_update
    before_timeout = before.timed_out_until
                     ^^^^^^^^^^^^^^^^^^^^^^
AttributeError: 'Member' object has no attribute 'timed_out_until'
Ignoring exception in on_member_update
Traceback (most recent call last):
  File "/usr/local/lib/python3.12/site-packages/discord/client.py", line 465, in _run_event
    await coro(*args, **kwargs)
  File "/app/asu_discord/cogs/analytics.py", line 652, in on_member_update
    before_timeout = before.timed_out_until
                     ^^^^^^^^^^^^^^^^^^^^^^
AttributeError: 'Member' object has no attribute 'timed_out_until'
Ignoring exception in on_member_update
Traceback (most recent call last):
  File "/usr/local/lib/python3.12/site-packages/discord/client.py", line 465, in _run_event
    await coro(*args, **kwargs)
  File "/app/asu_discord/cogs/analytics.py", line 652, in on_member_update
    before_timeout = before.timed_out_until
                     ^^^^^^^^^^^^^^^^^^^^^^
AttributeError: 'Member' object has no attribute 'timed_out_until'
INFO:asu_discord.cogs.verification:Saved 5 roles to database for user csjohn53 (Discord ID: 1357114192859107338)
INFO:asu_discord.cogs.verification:Refreshed Salesforce roles for Discord user 1357114192859107338: -5/+5 roles, assigned=[Commited, First Year, Out of State, Tempe, W.P. Carey School of Business]
Ignoring exception in on_member_update
Traceback (most recent call last):
  File "/usr/local/lib/python3.12/site-packages/discord/client.py", line 465, in _run_event
    await coro(*args, **kwargs)
  File "/app/asu_discord/cogs/analytics.py", line 652, in on_member_update
    before_timeout = before.timed_out_until
                     ^^^^^^^^^^^^^^^^^^^^^^
AttributeError: 'Member' object has no attribute 'timed_out_until'
Ignoring exception in on_member_update
Traceback (most recent call last):
  File "/usr/local/lib/python3.12/site-packages/discord/client.py", line 465, in _run_event
    await coro(*args, **kwargs)
  File "/app/asu_discord/cogs/analytics.py", line 652, in on_member_update
    before_timeout = before.timed_out_until
                     ^^^^^^^^^^^^^^^^^^^^^^
AttributeError: 'Member' object has no attribute 'timed_out_until'
Ignoring exception in on_member_update
Traceback (most recent call last):
  File "/usr/local/lib/python3.12/site-packages/discord/client.py", line 465, in _run_event
    await coro(*args, **kwargs)
  File "/app/asu_discord/cogs/analytics.py", line 652, in on_member_update
    before_timeout = before.timed_out_until
                     ^^^^^^^^^^^^^^^^^^^^^^
AttributeError: 'Member' object has no attribute 'timed_out_until'
Ignoring exception in on_member_update
Traceback (most recent call last):
  File "/usr/local/lib/python3.12/site-packages/discord/client.py", line 465, in _run_event
    await coro(*args, **kwargs)
  File "/app/asu_discord/cogs/analytics.py", line 652, in on_member_update
    before_timeout = before.timed_out_until
                     ^^^^^^^^^^^^^^^^^^^^^^
AttributeError: 'Member' object has no attribute 'timed_out_until'
Ignoring exception in on_member_update
Traceback (most recent call last):
  File "/usr/local/lib/python3.12/site-packages/discord/client.py", line 465, in _run_event
    await coro(*args, **kwargs)
  File "/app/asu_discord/cogs/analytics.py", line 652, in on_member_update
    before_timeout = before.timed_out_until
                     ^^^^^^^^^^^^^^^^^^^^^^
AttributeError: 'Member' object has no attribute 'timed_out_until'
Ignoring exception in on_member_update
Traceback (most recent call last):
  File "/usr/local/lib/python3.12/site-packages/discord/client.py", line 465, in _run_event
    await coro(*args, **kwargs)
  File "/app/asu_discord/cogs/analytics.py", line 652, in on_member_update
    before_timeout = before.timed_out_until
                     ^^^^^^^^^^^^^^^^^^^^^^
AttributeError: 'Member' object has no attribute 'timed_out_until'
Ignoring exception in on_member_update
Traceback (most recent call last):
  File "/usr/local/lib/python3.12/site-packages/discord/client.py", line 465, in _run_event
    await coro(*args, **kwargs)
  File "/app/asu_discord/cogs/analytics.py", line 652, in on_member_update
    before_timeout = before.timed_out_until
                     ^^^^^^^^^^^^^^^^^^^^^^
AttributeError: 'Member' object has no attribute 'timed_out_until'
Ignoring exception in on_member_update
Traceback (most recent call last):
  File "/usr/local/lib/python3.12/site-packages/discord/client.py", line 465, in _run_event
    await coro(*args, **kwargs)
  File "/app/asu_discord/cogs/analytics.py", line 652, in on_member_update
    before_timeout = before.timed_out_until
                     ^^^^^^^^^^^^^^^^^^^^^^
AttributeError: 'Member' object has no attribute 'timed_out_until'
Ignoring exception in on_member_update
Traceback (most recent call last):
  File "/usr/local/lib/python3.12/site-packages/discord/client.py", line 465, in _run_event
    await coro(*args, **kwargs)
  File "/app/asu_discord/cogs/analytics.py", line 652, in on_member_update
    before_timeout = before.timed_out_until
                     ^^^^^^^^^^^^^^^^^^^^^^
AttributeError: 'Member' object has no attribute 'timed_out_until'
Ignoring exception in on_member_update
Traceback (most recent call last):
  File "/usr/local/lib/python3.12/site-packages/discord/client.py", line 465, in _run_event
    await coro(*args, **kwargs)
  File "/app/asu_discord/cogs/analytics.py", line 652, in on_member_update
    before_timeout = before.timed_out_until
                     ^^^^^^^^^^^^^^^^^^^^^^
AttributeError: 'Member' object has no attribute 'timed_out_until'
INFO:asu_discord.cogs.verification:Saved 5 roles to database for user amedi139 (Discord ID: 746021293098401823)
INFO:asu_discord.cogs.verification:Refreshed Salesforce roles for Discord user 746021293098401823: -5/+5 roles, assigned=[Arizona Resident, Commited, First Year, Herberger Institute for Design and the Arts, Tempe]
Ignoring exception in on_member_update
Traceback (most recent call last):
  File "/usr/local/lib/python3.12/site-packages/discord/client.py", line 465, in _run_event
    await coro(*args, **kwargs)
  File "/app/asu_discord/cogs/analytics.py", line 652, in on_member_update
    before_timeout = before.timed_out_until
                     ^^^^^^^^^^^^^^^^^^^^^^
AttributeError: 'Member' object has no attribute 'timed_out_until'
Ignoring exception in on_member_update
Traceback (most recent call last):
  File "/usr/local/lib/python3.12/site-packages/discord/client.py", line 465, in _run_event
    await coro(*args, **kwargs)
  File "/app/asu_discord/cogs/analytics.py", line 652, in on_member_update
    before_timeout = before.timed_out_until
                     ^^^^^^^^^^^^^^^^^^^^^^
AttributeError: 'Member' object has no attribute 'timed_out_until'
Ignoring exception in on_member_update
Traceback (most recent call last):
  File "/usr/local/lib/python3.12/site-packages/discord/client.py", line 465, in _run_event
    await coro(*args, **kwargs)
  File "/app/asu_discord/cogs/analytics.py", line 652, in on_member_update
    before_timeout = before.timed_out_until
                     ^^^^^^^^^^^^^^^^^^^^^^
AttributeError: 'Member' object has no attribute 'timed_out_until'
Ignoring exception in on_member_update
Traceback (most recent call last):
  File "/usr/local/lib/python3.12/site-packages/discord/client.py", line 465, in _run_event
    await coro(*args, **kwargs)
  File "/app/asu_discord/cogs/analytics.py", line 652, in on_member_update
    before_timeout = before.timed_out_until
                     ^^^^^^^^^^^^^^^^^^^^^^
AttributeError: 'Member' object has no attribute 'timed_out_until'
Ignoring exception in on_member_update
Traceback (most recent call last):
  File "/usr/local/lib/python3.12/site-packages/discord/client.py", line 465, in _run_event
    await coro(*args, **kwargs)
  File "/app/asu_discord/cogs/analytics.py", line 652, in on_member_update
    before_timeout = before.timed_out_until
                     ^^^^^^^^^^^^^^^^^^^^^^
AttributeError: 'Member' object has no attribute 'timed_out_until'
Ignoring exception in on_member_update
Traceback (most recent call last):
  File "/usr/local/lib/python3.12/site-packages/discord/client.py", line 465, in _run_event
    await coro(*args, **kwargs)
  File "/app/asu_discord/cogs/analytics.py", line 652, in on_member_update
    before_timeout = before.timed_out_until
                     ^^^^^^^^^^^^^^^^^^^^^^
AttributeError: 'Member' object has no attribute 'timed_out_until'
Ignoring exception in on_member_update
Traceback (most recent call last):
  File "/usr/local/lib/python3.12/site-packages/discord/client.py", line 465, in _run_event
    await coro(*args, **kwargs)
  File "/app/asu_discord/cogs/analytics.py", line 652, in on_member_update
    before_timeout = before.timed_out_until
                     ^^^^^^^^^^^^^^^^^^^^^^
AttributeError: 'Member' object has no attribute 'timed_out_until'
Ignoring exception in on_member_update
Traceback (most recent call last):
  File "/usr/local/lib/python3.12/site-packages/discord/client.py", line 465, in _run_event
    await coro(*args, **kwargs)
  File "/app/asu_discord/cogs/analytics.py", line 652, in on_member_update
    before_timeout = before.timed_out_until
                     ^^^^^^^^^^^^^^^^^^^^^^
AttributeError: 'Member' object has no attribute 'timed_out_until'
Ignoring exception in on_member_update
Traceback (most recent call last):
  File "/usr/local/lib/python3.12/site-packages/discord/client.py", line 465, in _run_event
    await coro(*args, **kwargs)
  File "/app/asu_discord/cogs/analytics.py", line 652, in on_member_update
    before_timeout = before.timed_out_until
                     ^^^^^^^^^^^^^^^^^^^^^^
AttributeError: 'Member' object has no attribute 'timed_out_until'
INFO:asu_discord.cogs.verification:Saved 5 roles to database for user dalamsja (Discord ID: 761658971021901844)
INFO:asu_discord.cogs.verification:Refreshed Salesforce roles for Discord user 761658971021901844: -4/+5 roles, assigned=[Arizona Resident, Commited, First Year, Ira A. Fulton Schools of Engineering, Tempe]
Ignoring exception in on_member_update
Traceback (most recent call last):
  File "/usr/local/lib/python3.12/site-packages/discord/client.py", line 465, in _run_event
    await coro(*args, **kwargs)
  File "/app/asu_discord/cogs/analytics.py", line 652, in on_member_update
    before_timeout = before.timed_out_until
                     ^^^^^^^^^^^^^^^^^^^^^^
AttributeError: 'Member' object has no attribute 'timed_out_until'
Ignoring exception in on_member_update
Traceback (most recent call last):
  File "/usr/local/lib/python3.12/site-packages/discord/client.py", line 465, in _run_event
    await coro(*args, **kwargs)
  File "/app/asu_discord/cogs/analytics.py", line 652, in on_member_update
    before_timeout = before.timed_out_until
                     ^^^^^^^^^^^^^^^^^^^^^^
AttributeError: 'Member' object has no attribute 'timed_out_until'
Ignoring exception in on_member_update
Traceback (most recent call last):
  File "/usr/local/lib/python3.12/site-packages/discord/client.py", line 465, in _run_event
    await coro(*args, **kwargs)
  File "/app/asu_discord/cogs/analytics.py", line 652, in on_member_update
    before_timeout = before.timed_out_until
                     ^^^^^^^^^^^^^^^^^^^^^^
AttributeError: 'Member' object has no attribute 'timed_out_until'
Ignoring exception in on_member_update
Traceback (most recent call last):
  File "/usr/local/lib/python3.12/site-packages/discord/client.py", line 465, in _run_event
    await coro(*args, **kwargs)
  File "/app/asu_discord/cogs/analytics.py", line 652, in on_member_update
    before_timeout = before.timed_out_until
                     ^^^^^^^^^^^^^^^^^^^^^^
AttributeError: 'Member' object has no attribute 'timed_out_until'
Ignoring exception in on_member_update
Traceback (most recent call last):
  File "/usr/local/lib/python3.12/site-packages/discord/client.py", line 465, in _run_event
    await coro(*args, **kwargs)
  File "/app/asu_discord/cogs/analytics.py", line 652, in on_member_update
    before_timeout = before.timed_out_until
                     ^^^^^^^^^^^^^^^^^^^^^^
AttributeError: 'Member' object has no attribute 'timed_out_until'
Ignoring exception in on_member_update
Traceback (most recent call last):
  File "/usr/local/lib/python3.12/site-packages/discord/client.py", line 465, in _run_event
    await coro(*args, **kwargs)
  File "/app/asu_discord/cogs/analytics.py", line 652, in on_member_update
    before_timeout = before.timed_out_until
                     ^^^^^^^^^^^^^^^^^^^^^^
AttributeError: 'Member' object has no attribute 'timed_out_until'
Ignoring exception in on_member_update
Traceback (most recent call last):
  File "/usr/local/lib/python3.12/site-packages/discord/client.py", line 465, in _run_event
    await coro(*args, **kwargs)
  File "/app/asu_discord/cogs/analytics.py", line 652, in on_member_update
    before_timeout = before.timed_out_until
                     ^^^^^^^^^^^^^^^^^^^^^^
AttributeError: 'Member' object has no attribute 'timed_out_until'
Ignoring exception in on_member_update
Traceback (most recent call last):
  File "/usr/local/lib/python3.12/site-packages/discord/client.py", line 465, in _run_event
    await coro(*args, **kwargs)
  File "/app/asu_discord/cogs/analytics.py", line 652, in on_member_update
    before_timeout = before.timed_out_until
                     ^^^^^^^^^^^^^^^^^^^^^^
AttributeError: 'Member' object has no attribute 'timed_out_until'
Ignoring exception in on_member_update
Traceback (most recent call last):
  File "/usr/local/lib/python3.12/site-packages/discord/client.py", line 465, in _run_event
    await coro(*args, **kwargs)
  File "/app/asu_discord/cogs/analytics.py", line 652, in on_member_update
    before_timeout = before.timed_out_until
                     ^^^^^^^^^^^^^^^^^^^^^^
AttributeError: 'Member' object has no attribute 'timed_out_until'
Ignoring exception in on_member_update
Traceback (most recent call last):
  File "/usr/local/lib/python3.12/site-packages/discord/client.py", line 465, in _run_event
    await coro(*args, **kwargs)
  File "/app/asu_discord/cogs/analytics.py", line 652, in on_member_update
    before_timeout = before.timed_out_until
                     ^^^^^^^^^^^^^^^^^^^^^^
AttributeError: 'Member' object has no attribute 'timed_out_until'
Ignoring exception in on_member_update
Traceback (most recent call last):
  File "/usr/local/lib/python3.12/site-packages/discord/client.py", line 465, in _run_event
    await coro(*args, **kwargs)
  File "/app/asu_discord/cogs/analytics.py", line 652, in on_member_update
    before_timeout = before.timed_out_until
                     ^^^^^^^^^^^^^^^^^^^^^^
AttributeError: 'Member' object has no attribute 'timed_out_until'
Ignoring exception in on_member_update
Traceback (most recent call last):
  File "/usr/local/lib/python3.12/site-packages/discord/client.py", line 465, in _run_event
    await coro(*args, **kwargs)
  File "/app/asu_discord/cogs/analytics.py", line 652, in on_member_update
    before_timeout = before.timed_out_until
                     ^^^^^^^^^^^^^^^^^^^^^^
AttributeError: 'Member' object has no attribute 'timed_out_until'
INFO:asu_discord.cogs.verification:Saved 6 roles to database for user tortizsa (Discord ID: 1513630789227511919)
INFO:asu_discord.cogs.verification:Refreshed Salesforce roles for Discord user 1513630789227511919: -6/+6 roles, assigned=[College of Liberal Arts and Sciences, Commited, First Generation Student, First Year, Out of State, Polytechnic]
Ignoring exception in on_member_update
Traceback (most recent call last):
  File "/usr/local/lib/python3.12/site-packages/discord/client.py", line 465, in _run_event
    await coro(*args, **kwargs)
  File "/app/asu_discord/cogs/analytics.py", line 652, in on_member_update
    before_timeout = before.timed_out_until
                     ^^^^^^^^^^^^^^^^^^^^^^
AttributeError: 'Member' object has no attribute 'timed_out_until'
Ignoring exception in on_member_update
Traceback (most recent call last):
  File "/usr/local/lib/python3.12/site-packages/discord/client.py", line 465, in _run_event
    await coro(*args, **kwargs)
  File "/app/asu_discord/cogs/analytics.py", line 652, in on_member_update
    before_timeout = before.timed_out_until
                     ^^^^^^^^^^^^^^^^^^^^^^
AttributeError: 'Member' object has no attribute 'timed_out_until'
Ignoring exception in on_member_update
Traceback (most recent call last):
  File "/usr/local/lib/python3.12/site-packages/discord/client.py", line 465, in _run_event
    await coro(*args, **kwargs)
  File "/app/asu_discord/cogs/analytics.py", line 652, in on_member_update
    before_timeout = before.timed_out_until
                     ^^^^^^^^^^^^^^^^^^^^^^
AttributeError: 'Member' object has no attribute 'timed_out_until'
Ignoring exception in on_member_update
Traceback (most recent call last):
  File "/usr/local/lib/python3.12/site-packages/discord/client.py", line 465, in _run_event
    await coro(*args, **kwargs)
  File "/app/asu_discord/cogs/analytics.py", line 652, in on_member_update
    before_timeout = before.timed_out_until
                     ^^^^^^^^^^^^^^^^^^^^^^
AttributeError: 'Member' object has no attribute 'timed_out_until'
Ignoring exception in on_member_update
Traceback (most recent call last):
  File "/usr/local/lib/python3.12/site-packages/discord/client.py", line 465, in _run_event
    await coro(*args, **kwargs)
  File "/app/asu_discord/cogs/analytics.py", line 652, in on_member_update
    before_timeout = before.timed_out_until
                     ^^^^^^^^^^^^^^^^^^^^^^
AttributeError: 'Member' object has no attribute 'timed_out_until'
Ignoring exception in on_member_update
Traceback (most recent call last):
  File "/usr/local/lib/python3.12/site-packages/discord/client.py", line 465, in _run_event
    await coro(*args, **kwargs)
  File "/app/asu_discord/cogs/analytics.py", line 652, in on_member_update
    before_timeout = before.timed_out_until
                     ^^^^^^^^^^^^^^^^^^^^^^
AttributeError: 'Member' object has no attribute 'timed_out_until'
Ignoring exception in on_member_update
Traceback (most recent call last):
  File "/usr/local/lib/python3.12/site-packages/discord/client.py", line 465, in _run_event
    await coro(*args, **kwargs)
  File "/app/asu_discord/cogs/analytics.py", line 652, in on_member_update
    before_timeout = before.timed_out_until
                     ^^^^^^^^^^^^^^^^^^^^^^
AttributeError: 'Member' object has no attribute 'timed_out_until'
Ignoring exception in on_member_update
Traceback (most recent call last):
  File "/usr/local/lib/python3.12/site-packages/discord/client.py", line 465, in _run_event
    await coro(*args, **kwargs)
  File "/app/asu_discord/cogs/analytics.py", line 652, in on_member_update
    before_timeout = before.timed_out_until
                     ^^^^^^^^^^^^^^^^^^^^^^
AttributeError: 'Member' object has no attribute 'timed_out_until'
INFO:asu_discord.cogs.verification:Saved 4 roles to database for user asnitsar (Discord ID: 1374392361312059502)
INFO:asu_discord.cogs.verification:Refreshed Salesforce roles for Discord user 1374392361312059502: -4/+4 roles, assigned=[College of Liberal Arts and Sciences, International Student, Tempe, Transfer Student]
Ignoring exception in on_member_update
Traceback (most recent call last):
  File "/usr/local/lib/python3.12/site-packages/discord/client.py", line 465, in _run_event
    await coro(*args, **kwargs)
  File "/app/asu_discord/cogs/analytics.py", line 652, in on_member_update
    before_timeout = before.timed_out_until
                     ^^^^^^^^^^^^^^^^^^^^^^
AttributeError: 'Member' object has no attribute 'timed_out_until'
Ignoring exception in on_member_update
Traceback (most recent call last):
  File "/usr/local/lib/python3.12/site-packages/discord/client.py", line 465, in _run_event
    await coro(*args, **kwargs)
  File "/app/asu_discord/cogs/analytics.py", line 652, in on_member_update
    before_timeout = before.timed_out_until
                     ^^^^^^^^^^^^^^^^^^^^^^
AttributeError: 'Member' object has no attribute 'timed_out_until'
Ignoring exception in on_member_update
Traceback (most recent call last):
  File "/usr/local/lib/python3.12/site-packages/discord/client.py", line 465, in _run_event
    await coro(*args, **kwargs)
  File "/app/asu_discord/cogs/analytics.py", line 652, in on_member_update
    before_timeout = before.timed_out_until
                     ^^^^^^^^^^^^^^^^^^^^^^
AttributeError: 'Member' object has no attribute 'timed_out_until'
Ignoring exception in on_member_update
Traceback (most recent call last):
  File "/usr/local/lib/python3.12/site-packages/discord/client.py", line 465, in _run_event
    await coro(*args, **kwargs)
  File "/app/asu_discord/cogs/analytics.py", line 652, in on_member_update
    before_timeout = before.timed_out_until
                     ^^^^^^^^^^^^^^^^^^^^^^
AttributeError: 'Member' object has no attribute 'timed_out_until'
Ignoring exception in on_member_update
Traceback (most recent call last):
  File "/usr/local/lib/python3.12/site-packages/discord/client.py", line 465, in _run_event
    await coro(*args, **kwargs)
  File "/app/asu_discord/cogs/analytics.py", line 652, in on_member_update
    before_timeout = before.timed_out_until
                     ^^^^^^^^^^^^^^^^^^^^^^
AttributeError: 'Member' object has no attribute 'timed_out_until'
Ignoring exception in on_member_update
Traceback (most recent call last):
  File "/usr/local/lib/python3.12/site-packages/discord/client.py", line 465, in _run_event
    await coro(*args, **kwargs)
  File "/app/asu_discord/cogs/analytics.py", line 652, in on_member_update
    before_timeout = before.timed_out_until
                     ^^^^^^^^^^^^^^^^^^^^^^
AttributeError: 'Member' object has no attribute 'timed_out_until'
Ignoring exception in on_member_update
Traceback (most recent call last):
  File "/usr/local/lib/python3.12/site-packages/discord/client.py", line 465, in _run_event
    await coro(*args, **kwargs)
  File "/app/asu_discord/cogs/analytics.py", line 652, in on_member_update
    before_timeout = before.timed_out_until
                     ^^^^^^^^^^^^^^^^^^^^^^
AttributeError: 'Member' object has no attribute 'timed_out_until'
Ignoring exception in on_member_update
Traceback (most recent call last):
  File "/usr/local/lib/python3.12/site-packages/discord/client.py", line 465, in _run_event
    await coro(*args, **kwargs)
  File "/app/asu_discord/cogs/analytics.py", line 652, in on_member_update
    before_timeout = before.timed_out_until
                     ^^^^^^^^^^^^^^^^^^^^^^
AttributeError: 'Member' object has no attribute 'timed_out_until'
Ignoring exception in on_member_update
Traceback (most recent call last):
  File "/usr/local/lib/python3.12/site-packages/discord/client.py", line 465, in _run_event
    await coro(*args, **kwargs)
  File "/app/asu_discord/cogs/analytics.py", line 652, in on_member_update
    before_timeout = before.timed_out_until
                     ^^^^^^^^^^^^^^^^^^^^^^
AttributeError: 'Member' object has no attribute 'timed_out_until'
Ignoring exception in on_member_update
Traceback (most recent call last):
  File "/usr/local/lib/python3.12/site-packages/discord/client.py", line 465, in _run_event
    await coro(*args, **kwargs)
  File "/app/asu_discord/cogs/analytics.py", line 652, in on_member_update
    before_timeout = before.timed_out_until
                     ^^^^^^^^^^^^^^^^^^^^^^
AttributeError: 'Member' object has no attribute 'timed_out_until'
INFO:asu_discord.cogs.verification:Saved 5 roles to database for user aleekha1 (Discord ID: 792723632693706795)
INFO:asu_discord.cogs.verification:Refreshed Salesforce roles for Discord user 792723632693706795: -5/+5 roles, assigned=[Commited, First Year, International Student, Tempe, W.P. Carey School of Business]
Ignoring exception in on_member_update
Traceback (most recent call last):
  File "/usr/local/lib/python3.12/site-packages/discord/client.py", line 465, in _run_event
    await coro(*args, **kwargs)
  File "/app/asu_discord/cogs/analytics.py", line 652, in on_member_update
    before_timeout = before.timed_out_until
                     ^^^^^^^^^^^^^^^^^^^^^^
AttributeError: 'Member' object has no attribute 'timed_out_until'
Ignoring exception in on_member_update
Traceback (most recent call last):
  File "/usr/local/lib/python3.12/site-packages/discord/client.py", line 465, in _run_event
    await coro(*args, **kwargs)
  File "/app/asu_discord/cogs/analytics.py", line 652, in on_member_update
    before_timeout = before.timed_out_until
                     ^^^^^^^^^^^^^^^^^^^^^^
AttributeError: 'Member' object has no attribute 'timed_out_until'
Ignoring exception in on_member_update
Traceback (most recent call last):
  File "/usr/local/lib/python3.12/site-packages/discord/client.py", line 465, in _run_event
    await coro(*args, **kwargs)
  File "/app/asu_discord/cogs/analytics.py", line 652, in on_member_update
    before_timeout = before.timed_out_until
                     ^^^^^^^^^^^^^^^^^^^^^^
AttributeError: 'Member' object has no attribute 'timed_out_until'
Ignoring exception in on_member_update
Traceback (most recent call last):
  File "/usr/local/lib/python3.12/site-packages/discord/client.py", line 465, in _run_event
    await coro(*args, **kwargs)
  File "/app/asu_discord/cogs/analytics.py", line 652, in on_member_update
    before_timeout = before.timed_out_until
                     ^^^^^^^^^^^^^^^^^^^^^^
AttributeError: 'Member' object has no attribute 'timed_out_until'
Ignoring exception in on_member_update
Traceback (most recent call last):
  File "/usr/local/lib/python3.12/site-packages/discord/client.py", line 465, in _run_event
    await coro(*args, **kwargs)
  File "/app/asu_discord/cogs/analytics.py", line 652, in on_member_update
    before_timeout = before.timed_out_until
                     ^^^^^^^^^^^^^^^^^^^^^^
AttributeError: 'Member' object has no attribute 'timed_out_until'
Ignoring exception in on_member_update
Traceback (most recent call last):
  File "/usr/local/lib/python3.12/site-packages/discord/client.py", line 465, in _run_event
    await coro(*args, **kwargs)
  File "/app/asu_discord/cogs/analytics.py", line 652, in on_member_update
    before_timeout = before.timed_out_until
                     ^^^^^^^^^^^^^^^^^^^^^^
AttributeError: 'Member' object has no attribute 'timed_out_until'
Ignoring exception in on_member_update
Traceback (most recent call last):
  File "/usr/local/lib/python3.12/site-packages/discord/client.py", line 465, in _run_event
    await coro(*args, **kwargs)
  File "/app/asu_discord/cogs/analytics.py", line 652, in on_member_update
    before_timeout = before.timed_out_until
                     ^^^^^^^^^^^^^^^^^^^^^^
AttributeError: 'Member' object has no attribute 'timed_out_until'
Ignoring exception in on_member_update
Traceback (most recent call last):
  File "/usr/local/lib/python3.12/site-packages/discord/client.py", line 465, in _run_event
    await coro(*args, **kwargs)
  File "/app/asu_discord/cogs/analytics.py", line 652, in on_member_update
    before_timeout = before.timed_out_until
                     ^^^^^^^^^^^^^^^^^^^^^^
AttributeError: 'Member' object has no attribute 'timed_out_until'
Ignoring exception in on_member_update
Traceback (most recent call last):
  File "/usr/local/lib/python3.12/site-packages/discord/client.py", line 465, in _run_event
    await coro(*args, **kwargs)
  File "/app/asu_discord/cogs/analytics.py", line 652, in on_member_update
    before_timeout = before.timed_out_until
                     ^^^^^^^^^^^^^^^^^^^^^^
AttributeError: 'Member' object has no attribute 'timed_out_until'
INFO:asu_discord.cogs.verification:Saved 5 roles to database for user kshivak4 (Discord ID: 856875942952435714)
INFO:asu_discord.cogs.verification:Refreshed Salesforce roles for Discord user 856875942952435714: -4/+5 roles, assigned=[Commited, Graduate Student, International Student, Ira A. Fulton Schools of Engineering, Tempe]
Ignoring exception in on_member_update
Traceback (most recent call last):
  File "/usr/local/lib/python3.12/site-packages/discord/client.py", line 465, in _run_event
    await coro(*args, **kwargs)
  File "/app/asu_discord/cogs/analytics.py", line 652, in on_member_update
    before_timeout = before.timed_out_until
                     ^^^^^^^^^^^^^^^^^^^^^^
AttributeError: 'Member' object has no attribute 'timed_out_until'
Ignoring exception in on_member_update
Traceback (most recent call last):
  File "/usr/local/lib/python3.12/site-packages/discord/client.py", line 465, in _run_event
    await coro(*args, **kwargs)
  File "/app/asu_discord/cogs/analytics.py", line 652, in on_member_update
    before_timeout = before.timed_out_until
                     ^^^^^^^^^^^^^^^^^^^^^^
AttributeError: 'Member' object has no attribute 'timed_out_until'
Ignoring exception in on_member_update
Traceback (most recent call last):
  File "/usr/local/lib/python3.12/site-packages/discord/client.py", line 465, in _run_event
    await coro(*args, **kwargs)
  File "/app/asu_discord/cogs/analytics.py", line 652, in on_member_update
    before_timeout = before.timed_out_until
                     ^^^^^^^^^^^^^^^^^^^^^^
AttributeError: 'Member' object has no attribute 'timed_out_until'
Ignoring exception in on_member_update
Traceback (most recent call last):
  File "/usr/local/lib/python3.12/site-packages/discord/client.py", line 465, in _run_event
    await coro(*args, **kwargs)
  File "/app/asu_discord/cogs/analytics.py", line 652, in on_member_update
    before_timeout = before.timed_out_until
                     ^^^^^^^^^^^^^^^^^^^^^^
AttributeError: 'Member' object has no attribute 'timed_out_until'
Ignoring exception in on_member_update
Traceback (most recent call last):
  File "/usr/local/lib/python3.12/site-packages/discord/client.py", line 465, in _run_event
    await coro(*args, **kwargs)
  File "/app/asu_discord/cogs/analytics.py", line 652, in on_member_update
    before_timeout = before.timed_out_until
                     ^^^^^^^^^^^^^^^^^^^^^^
AttributeError: 'Member' object has no attribute 'timed_out_until'
Ignoring exception in on_member_update
Traceback (most recent call last):
  File "/usr/local/lib/python3.12/site-packages/discord/client.py", line 465, in _run_event
    await coro(*args, **kwargs)
  File "/app/asu_discord/cogs/analytics.py", line 652, in on_member_update
    before_timeout = before.timed_out_until
                     ^^^^^^^^^^^^^^^^^^^^^^
AttributeError: 'Member' object has no attribute 'timed_out_until'
Ignoring exception in on_member_update
Traceback (most recent call last):
  File "/usr/local/lib/python3.12/site-packages/discord/client.py", line 465, in _run_event
    await coro(*args, **kwargs)
  File "/app/asu_discord/cogs/analytics.py", line 652, in on_member_update
    before_timeout = before.timed_out_until
                     ^^^^^^^^^^^^^^^^^^^^^^
AttributeError: 'Member' object has no attribute 'timed_out_until'
Ignoring exception in on_member_update
Traceback (most recent call last):
  File "/usr/local/lib/python3.12/site-packages/discord/client.py", line 465, in _run_event
    await coro(*args, **kwargs)
  File "/app/asu_discord/cogs/analytics.py", line 652, in on_member_update
    before_timeout = before.timed_out_until
                     ^^^^^^^^^^^^^^^^^^^^^^
AttributeError: 'Member' object has no attribute 'timed_out_until'
INFO:asu_discord.cogs.verification:Saved 4 roles to database for user amohd126 (Discord ID: 1426859397388439602)
INFO:asu_discord.cogs.verification:Refreshed Salesforce roles for Discord user 1426859397388439602: -4/+4 roles, assigned=[Graduate Student, International Student, Ira A. Fulton Schools of Engineering, Polytechnic]
Ignoring exception in on_member_update
Traceback (most recent call last):
  File "/usr/local/lib/python3.12/site-packages/discord/client.py", line 465, in _run_event
    await coro(*args, **kwargs)
  File "/app/asu_discord/cogs/analytics.py", line 652, in on_member_update
    before_timeout = before.timed_out_until
                     ^^^^^^^^^^^^^^^^^^^^^^
AttributeError: 'Member' object has no attribute 'timed_out_until'
Ignoring exception in on_member_update
Traceback (most recent call last):
  File "/usr/local/lib/python3.12/site-packages/discord/client.py", line 465, in _run_event
    await coro(*args, **kwargs)
  File "/app/asu_discord/cogs/analytics.py", line 652, in on_member_update
    before_timeout = before.timed_out_until
                     ^^^^^^^^^^^^^^^^^^^^^^
AttributeError: 'Member' object has no attribute 'timed_out_until'
Ignoring exception in on_member_update
Traceback (most recent call last):
  File "/usr/local/lib/python3.12/site-packages/discord/client.py", line 465, in _run_event
    await coro(*args, **kwargs)
  File "/app/asu_discord/cogs/analytics.py", line 652, in on_member_update
    before_timeout = before.timed_out_until
                     ^^^^^^^^^^^^^^^^^^^^^^
AttributeError: 'Member' object has no attribute 'timed_out_until'
Ignoring exception in on_member_update
Traceback (most recent call last):
  File "/usr/local/lib/python3.12/site-packages/discord/client.py", line 465, in _run_event
    await coro(*args, **kwargs)
  File "/app/asu_discord/cogs/analytics.py", line 652, in on_member_update
    before_timeout = before.timed_out_until
                     ^^^^^^^^^^^^^^^^^^^^^^
AttributeError: 'Member' object has no attribute 'timed_out_until'
Ignoring exception in on_member_update
Traceback (most recent call last):
  File "/usr/local/lib/python3.12/site-packages/discord/client.py", line 465, in _run_event
    await coro(*args, **kwargs)
  File "/app/asu_discord/cogs/analytics.py", line 652, in on_member_update
    before_timeout = before.timed_out_until
                     ^^^^^^^^^^^^^^^^^^^^^^
AttributeError: 'Member' object has no attribute 'timed_out_until'
Ignoring exception in on_member_update
Traceback (most recent call last):
  File "/usr/local/lib/python3.12/site-packages/discord/client.py", line 465, in _run_event
    await coro(*args, **kwargs)
  File "/app/asu_discord/cogs/analytics.py", line 652, in on_member_update
    before_timeout = before.timed_out_until
                     ^^^^^^^^^^^^^^^^^^^^^^
AttributeError: 'Member' object has no attribute 'timed_out_until'
Ignoring exception in on_member_update
Traceback (most recent call last):
  File "/usr/local/lib/python3.12/site-packages/discord/client.py", line 465, in _run_event
    await coro(*args, **kwargs)
  File "/app/asu_discord/cogs/analytics.py", line 652, in on_member_update
    before_timeout = before.timed_out_until
                     ^^^^^^^^^^^^^^^^^^^^^^
AttributeError: 'Member' object has no attribute 'timed_out_until'
Ignoring exception in on_member_update
Traceback (most recent call last):
  File "/usr/local/lib/python3.12/site-packages/discord/client.py", line 465, in _run_event
    await coro(*args, **kwargs)
  File "/app/asu_discord/cogs/analytics.py", line 652, in on_member_update
    before_timeout = before.timed_out_until
                     ^^^^^^^^^^^^^^^^^^^^^^
AttributeError: 'Member' object has no attribute 'timed_out_until'
Ignoring exception in on_member_update
Traceback (most recent call last):
  File "/usr/local/lib/python3.12/site-packages/discord/client.py", line 465, in _run_event
    await coro(*args, **kwargs)
  File "/app/asu_discord/cogs/analytics.py", line 652, in on_member_update
    before_timeout = before.timed_out_until
                     ^^^^^^^^^^^^^^^^^^^^^^
AttributeError: 'Member' object has no attribute 'timed_out_until'
Ignoring exception in on_member_update
Traceback (most recent call last):
  File "/usr/local/lib/python3.12/site-packages/discord/client.py", line 465, in _run_event
    await coro(*args, **kwargs)
  File "/app/asu_discord/cogs/analytics.py", line 652, in on_member_update
    before_timeout = before.timed_out_until
                     ^^^^^^^^^^^^^^^^^^^^^^
AttributeError: 'Member' object has no attribute 'timed_out_until'
Ignoring exception in on_member_update
Traceback (most recent call last):
  File "/usr/local/lib/python3.12/site-packages/discord/client.py", line 465, in _run_event
    await coro(*args, **kwargs)
  File "/app/asu_discord/cogs/analytics.py", line 652, in on_member_update
    before_timeout = before.timed_out_until
                     ^^^^^^^^^^^^^^^^^^^^^^
AttributeError: 'Member' object has no attribute 'timed_out_until'
Ignoring exception in on_member_update
Traceback (most recent call last):
  File "/usr/local/lib/python3.12/site-packages/discord/client.py", line 465, in _run_event
    await coro(*args, **kwargs)
  File "/app/asu_discord/cogs/analytics.py", line 652, in on_member_update
    before_timeout = before.timed_out_until
                     ^^^^^^^^^^^^^^^^^^^^^^
AttributeError: 'Member' object has no attribute 'timed_out_until'
INFO:asu_discord.cogs.verification:Saved 6 roles to database for user jbauer29 (Discord ID: 317395854732296192)
INFO:asu_discord.cogs.verification:Refreshed Salesforce roles for Discord user 317395854732296192: -6/+6 roles, assigned=[Arizona Resident, Commited, First Generation Student, First Year, Tempe, W.P. Carey School of Business]
Ignoring exception in on_member_update
Traceback (most recent call last):
  File "/usr/local/lib/python3.12/site-packages/discord/client.py", line 465, in _run_event
    await coro(*args, **kwargs)
  File "/app/asu_discord/cogs/analytics.py", line 652, in on_member_update
    before_timeout = before.timed_out_until
                     ^^^^^^^^^^^^^^^^^^^^^^
AttributeError: 'Member' object has no attribute 'timed_out_until'
Ignoring exception in on_member_update
Traceback (most recent call last):
  File "/usr/local/lib/python3.12/site-packages/discord/client.py", line 465, in _run_event
    await coro(*args, **kwargs)
  File "/app/asu_discord/cogs/analytics.py", line 652, in on_member_update
    before_timeout = before.timed_out_until
                     ^^^^^^^^^^^^^^^^^^^^^^
AttributeError: 'Member' object has no attribute 'timed_out_until'
Ignoring exception in on_member_update
Traceback (most recent call last):
  File "/usr/local/lib/python3.12/site-packages/discord/client.py", line 465, in _run_event
    await coro(*args, **kwargs)
  File "/app/asu_discord/cogs/analytics.py", line 652, in on_member_update
    before_timeout = before.timed_out_until
                     ^^^^^^^^^^^^^^^^^^^^^^
AttributeError: 'Member' object has no attribute 'timed_out_until'
Ignoring exception in on_member_update
Traceback (most recent call last):
  File "/usr/local/lib/python3.12/site-packages/discord/client.py", line 465, in _run_event
    await coro(*args, **kwargs)
  File "/app/asu_discord/cogs/analytics.py", line 652, in on_member_update
    before_timeout = before.timed_out_until
                     ^^^^^^^^^^^^^^^^^^^^^^
AttributeError: 'Member' object has no attribute 'timed_out_until'
Ignoring exception in on_member_update
Traceback (most recent call last):
  File "/usr/local/lib/python3.12/site-packages/discord/client.py", line 465, in _run_event
    await coro(*args, **kwargs)
  File "/app/asu_discord/cogs/analytics.py", line 652, in on_member_update
    before_timeout = before.timed_out_until
                     ^^^^^^^^^^^^^^^^^^^^^^
AttributeError: 'Member' object has no attribute 'timed_out_until'
Ignoring exception in on_member_update
Traceback (most recent call last):
  File "/usr/local/lib/python3.12/site-packages/discord/client.py", line 465, in _run_event
    await coro(*args, **kwargs)
  File "/app/asu_discord/cogs/analytics.py", line 652, in on_member_update
    before_timeout = before.timed_out_until
                     ^^^^^^^^^^^^^^^^^^^^^^
AttributeError: 'Member' object has no attribute 'timed_out_until'
Ignoring exception in on_member_update
Traceback (most recent call last):
  File "/usr/local/lib/python3.12/site-packages/discord/client.py", line 465, in _run_event
    await coro(*args, **kwargs)
  File "/app/asu_discord/cogs/analytics.py", line 652, in on_member_update
    before_timeout = before.timed_out_until
                     ^^^^^^^^^^^^^^^^^^^^^^
AttributeError: 'Member' object has no attribute 'timed_out_until'
Ignoring exception in on_member_update
Traceback (most recent call last):
  File "/usr/local/lib/python3.12/site-packages/discord/client.py", line 465, in _run_event
    await coro(*args, **kwargs)
  File "/app/asu_discord/cogs/analytics.py", line 652, in on_member_update
    before_timeout = before.timed_out_until
                     ^^^^^^^^^^^^^^^^^^^^^^
AttributeError: 'Member' object has no attribute 'timed_out_until'
Ignoring exception in on_member_update
Traceback (most recent call last):
  File "/usr/local/lib/python3.12/site-packages/discord/client.py", line 465, in _run_event
    await coro(*args, **kwargs)
  File "/app/asu_discord/cogs/analytics.py", line 652, in on_member_update
    before_timeout = before.timed_out_until
                     ^^^^^^^^^^^^^^^^^^^^^^
AttributeError: 'Member' object has no attribute 'timed_out_until'
Ignoring exception in on_member_update
Traceback (most recent call last):
  File "/usr/local/lib/python3.12/site-packages/discord/client.py", line 465, in _run_event
    await coro(*args, **kwargs)
  File "/app/asu_discord/cogs/analytics.py", line 652, in on_member_update
    before_timeout = before.timed_out_until
                     ^^^^^^^^^^^^^^^^^^^^^^
AttributeError: 'Member' object has no attribute 'timed_out_until'
INFO:asu_discord.cogs.verification:Saved 5 roles to database for user dgalasin (Discord ID: 764193041983602737)
INFO:asu_discord.cogs.verification:Refreshed Salesforce roles for Discord user 764193041983602737: -5/+5 roles, assigned=[Commited, First Year, Ira A. Fulton Schools of Engineering, Out of State, Tempe]
INFO:asu_discord.cogs.verification:Refreshed Salesforce roles for Discord user 693767748295327754: -0/+0 roles, assigned=[none]
Ignoring exception in on_member_update
Traceback (most recent call last):
  File "/usr/local/lib/python3.12/site-packages/discord/client.py", line 465, in _run_event
    await coro(*args, **kwargs)
  File "/app/asu_discord/cogs/analytics.py", line 652, in on_member_update
    before_timeout = before.timed_out_until
                     ^^^^^^^^^^^^^^^^^^^^^^
AttributeError: 'Member' object has no attribute 'timed_out_until'
Ignoring exception in on_member_update
Traceback (most recent call last):
  File "/usr/local/lib/python3.12/site-packages/discord/client.py", line 465, in _run_event
    await coro(*args, **kwargs)
  File "/app/asu_discord/cogs/analytics.py", line 652, in on_member_update
    before_timeout = before.timed_out_until
                     ^^^^^^^^^^^^^^^^^^^^^^
AttributeError: 'Member' object has no attribute 'timed_out_until'
Ignoring exception in on_member_update
Traceback (most recent call last):
  File "/usr/local/lib/python3.12/site-packages/discord/client.py", line 465, in _run_event
    await coro(*args, **kwargs)
  File "/app/asu_discord/cogs/analytics.py", line 652, in on_member_update
    before_timeout = before.timed_out_until
                     ^^^^^^^^^^^^^^^^^^^^^^
AttributeError: 'Member' object has no attribute 'timed_out_until'
Ignoring exception in on_member_update
Traceback (most recent call last):
  File "/usr/local/lib/python3.12/site-packages/discord/client.py", line 465, in _run_event
    await coro(*args, **kwargs)
  File "/app/asu_discord/cogs/analytics.py", line 652, in on_member_update
    before_timeout = before.timed_out_until
                     ^^^^^^^^^^^^^^^^^^^^^^
AttributeError: 'Member' object has no attribute 'timed_out_until'
Ignoring exception in on_member_update
Traceback (most recent call last):
  File "/usr/local/lib/python3.12/site-packages/discord/client.py", line 465, in _run_event
    await coro(*args, **kwargs)
  File "/app/asu_discord/cogs/analytics.py", line 652, in on_member_update
    before_timeout = before.timed_out_until
                     ^^^^^^^^^^^^^^^^^^^^^^
AttributeError: 'Member' object has no attribute 'timed_out_until'
Ignoring exception in on_member_update
Traceback (most recent call last):
  File "/usr/local/lib/python3.12/site-packages/discord/client.py", line 465, in _run_event
    await coro(*args, **kwargs)
  File "/app/asu_discord/cogs/analytics.py", line 652, in on_member_update
    before_timeout = before.timed_out_until
                     ^^^^^^^^^^^^^^^^^^^^^^
AttributeError: 'Member' object has no attribute 'timed_out_until'
Ignoring exception in on_member_update
Traceback (most recent call last):
  File "/usr/local/lib/python3.12/site-packages/discord/client.py", line 465, in _run_event
    await coro(*args, **kwargs)
  File "/app/asu_discord/cogs/analytics.py", line 652, in on_member_update
    before_timeout = before.timed_out_until
                     ^^^^^^^^^^^^^^^^^^^^^^
AttributeError: 'Member' object has no attribute 'timed_out_until'
Ignoring exception in on_member_update
Traceback (most recent call last):
  File "/usr/local/lib/python3.12/site-packages/discord/client.py", line 465, in _run_event
    await coro(*args, **kwargs)
  File "/app/asu_discord/cogs/analytics.py", line 652, in on_member_update
    before_timeout = before.timed_out_until
                     ^^^^^^^^^^^^^^^^^^^^^^
AttributeError: 'Member' object has no attribute 'timed_out_until'
Ignoring exception in on_member_update
Traceback (most recent call last):
  File "/usr/local/lib/python3.12/site-packages/discord/client.py", line 465, in _run_event
    await coro(*args, **kwargs)
  File "/app/asu_discord/cogs/analytics.py", line 652, in on_member_update
    before_timeout = before.timed_out_until
                     ^^^^^^^^^^^^^^^^^^^^^^
AttributeError: 'Member' object has no attribute 'timed_out_until'
Ignoring exception in on_member_update
Traceback (most recent call last):
  File "/usr/local/lib/python3.12/site-packages/discord/client.py", line 465, in _run_event
    await coro(*args, **kwargs)
  File "/app/asu_discord/cogs/analytics.py", line 652, in on_member_update
    before_timeout = before.timed_out_until
                     ^^^^^^^^^^^^^^^^^^^^^^
AttributeError: 'Member' object has no attribute 'timed_out_until'
ERROR:cron.jobs:refresh_salesforce_roles: failed for justinmi (Discord ID 1290496887601889342): Timed out refresh Salesforce-based roles
Ignoring exception in on_member_update
Traceback (most recent call last):
  File "/usr/local/lib/python3.12/site-packages/discord/client.py", line 465, in _run_event
    await coro(*args, **kwargs)
  File "/app/asu_discord/cogs/analytics.py", line 652, in on_member_update
    before_timeout = before.timed_out_until
                     ^^^^^^^^^^^^^^^^^^^^^^
AttributeError: 'Member' object has no attribute 'timed_out_until'
Ignoring exception in on_member_update
Traceback (most recent call last):
  File "/usr/local/lib/python3.12/site-packages/discord/client.py", line 465, in _run_event
    await coro(*args, **kwargs)
  File "/app/asu_discord/cogs/analytics.py", line 652, in on_member_update
    before_timeout = before.timed_out_until
                     ^^^^^^^^^^^^^^^^^^^^^^
AttributeError: 'Member' object has no attribute 'timed_out_until'
Ignoring exception in on_member_update
Traceback (most recent call last):
  File "/usr/local/lib/python3.12/site-packages/discord/client.py", line 465, in _run_event
    await coro(*args, **kwargs)
  File "/app/asu_discord/cogs/analytics.py", line 652, in on_member_update
    before_timeout = before.timed_out_until
                     ^^^^^^^^^^^^^^^^^^^^^^
AttributeError: 'Member' object has no attribute 'timed_out_until'
Ignoring exception in on_member_update
Traceback (most recent call last):
  File "/usr/local/lib/python3.12/site-packages/discord/client.py", line 465, in _run_event
    await coro(*args, **kwargs)
  File "/app/asu_discord/cogs/analytics.py", line 652, in on_member_update
    before_timeout = before.timed_out_until
                     ^^^^^^^^^^^^^^^^^^^^^^
AttributeError: 'Member' object has no attribute 'timed_out_until'
Ignoring exception in on_member_update
Traceback (most recent call last):
  File "/usr/local/lib/python3.12/site-packages/discord/client.py", line 465, in _run_event
    await coro(*args, **kwargs)
  File "/app/asu_discord/cogs/analytics.py", line 652, in on_member_update
    before_timeout = before.timed_out_until
                     ^^^^^^^^^^^^^^^^^^^^^^
AttributeError: 'Member' object has no attribute 'timed_out_until'
Ignoring exception in on_member_update
Traceback (most recent call last):
  File "/usr/local/lib/python3.12/site-packages/discord/client.py", line 465, in _run_event
    await coro(*args, **kwargs)
  File "/app/asu_discord/cogs/analytics.py", line 652, in on_member_update
    before_timeout = before.timed_out_until
                     ^^^^^^^^^^^^^^^^^^^^^^
AttributeError: 'Member' object has no attribute 'timed_out_until'
Ignoring exception in on_member_update
Traceback (most recent call last):
  File "/usr/local/lib/python3.12/site-packages/discord/client.py", line 465, in _run_event
    await coro(*args, **kwargs)
  File "/app/asu_discord/cogs/analytics.py", line 652, in on_member_update
    before_timeout = before.timed_out_until
                     ^^^^^^^^^^^^^^^^^^^^^^
AttributeError: 'Member' object has no attribute 'timed_out_until'
Ignoring exception in on_member_update
Traceback (most recent call last):
  File "/usr/local/lib/python3.12/site-packages/discord/client.py", line 465, in _run_event
    await coro(*args, **kwargs)
  File "/app/asu_discord/cogs/analytics.py", line 652, in on_member_update
    before_timeout = before.timed_out_until
                     ^^^^^^^^^^^^^^^^^^^^^^
AttributeError: 'Member' object has no attribute 'timed_out_until'
Ignoring exception in on_member_update
Traceback (most recent call last):
  File "/usr/local/lib/python3.12/site-packages/discord/client.py", line 465, in _run_event
    await coro(*args, **kwargs)
  File "/app/asu_discord/cogs/analytics.py", line 652, in on_member_update
    before_timeout = before.timed_out_until
                     ^^^^^^^^^^^^^^^^^^^^^^
AttributeError: 'Member' object has no attribute 'timed_out_until'
Ignoring exception in on_member_update
Traceback (most recent call last):
  File "/usr/local/lib/python3.12/site-packages/discord/client.py", line 465, in _run_event
    await coro(*args, **kwargs)
  File "/app/asu_discord/cogs/analytics.py", line 652, in on_member_update
    before_timeout = before.timed_out_until
                     ^^^^^^^^^^^^^^^^^^^^^^
AttributeError: 'Member' object has no attribute 'timed_out_until'
ERROR:cron.jobs:refresh_salesforce_roles: failed for pgateau (Discord ID 1129488006512914432): Timed out refresh Salesforce-based roles
Ignoring exception in on_member_update
Traceback (most recent call last):
  File "/usr/local/lib/python3.12/site-packages/discord/client.py", line 465, in _run_event
    await coro(*args, **kwargs)
  File "/app/asu_discord/cogs/analytics.py", line 652, in on_member_update
    before_timeout = before.timed_out_until
                     ^^^^^^^^^^^^^^^^^^^^^^
AttributeError: 'Member' object has no attribute 'timed_out_until'
Ignoring exception in on_member_update
Traceback (most recent call last):
  File "/usr/local/lib/python3.12/site-packages/discord/client.py", line 465, in _run_event
    await coro(*args, **kwargs)
  File "/app/asu_discord/cogs/analytics.py", line 652, in on_member_update
    before_timeout = before.timed_out_until
                     ^^^^^^^^^^^^^^^^^^^^^^
AttributeError: 'Member' object has no attribute 'timed_out_until'
Ignoring exception in on_member_update
Traceback (most recent call last):
  File "/usr/local/lib/python3.12/site-packages/discord/client.py", line 465, in _run_event
    await coro(*args, **kwargs)
  File "/app/asu_discord/cogs/analytics.py", line 652, in on_member_update
    before_timeout = before.timed_out_until
                     ^^^^^^^^^^^^^^^^^^^^^^
AttributeError: 'Member' object has no attribute 'timed_out_until'
Ignoring exception in on_member_update
Traceback (most recent call last):
  File "/usr/local/lib/python3.12/site-packages/discord/client.py", line 465, in _run_event
    await coro(*args, **kwargs)
  File "/app/asu_discord/cogs/analytics.py", line 652, in on_member_update
    before_timeout = before.timed_out_until
                     ^^^^^^^^^^^^^^^^^^^^^^
AttributeError: 'Member' object has no attribute 'timed_out_until'
Ignoring exception in on_member_update
Traceback (most recent call last):
  File "/usr/local/lib/python3.12/site-packages/discord/client.py", line 465, in _run_event
    await coro(*args, **kwargs)
  File "/app/asu_discord/cogs/analytics.py", line 652, in on_member_update
    before_timeout = before.timed_out_until
                     ^^^^^^^^^^^^^^^^^^^^^^
AttributeError: 'Member' object has no attribute 'timed_out_until'
Ignoring exception in on_member_update
Traceback (most recent call last):
  File "/usr/local/lib/python3.12/site-packages/discord/client.py", line 465, in _run_event
    await coro(*args, **kwargs)
  File "/app/asu_discord/cogs/analytics.py", line 652, in on_member_update
    before_timeout = before.timed_out_until
                     ^^^^^^^^^^^^^^^^^^^^^^
AttributeError: 'Member' object has no attribute 'timed_out_until'
Ignoring exception in on_member_update
Traceback (most recent call last):
  File "/usr/local/lib/python3.12/site-packages/discord/client.py", line 465, in _run_event
    await coro(*args, **kwargs)
  File "/app/asu_discord/cogs/analytics.py", line 652, in on_member_update
    before_timeout = before.timed_out_until
                     ^^^^^^^^^^^^^^^^^^^^^^
AttributeError: 'Member' object has no attribute 'timed_out_until'
Ignoring exception in on_member_update
Traceback (most recent call last):
  File "/usr/local/lib/python3.12/site-packages/discord/client.py", line 465, in _run_event
    await coro(*args, **kwargs)
  File "/app/asu_discord/cogs/analytics.py", line 652, in on_member_update
    before_timeout = before.timed_out_until
                     ^^^^^^^^^^^^^^^^^^^^^^
AttributeError: 'Member' object has no attribute 'timed_out_until'
Ignoring exception in on_member_update
Traceback (most recent call last):
  File "/usr/local/lib/python3.12/site-packages/discord/client.py", line 465, in _run_event
    await coro(*args, **kwargs)
  File "/app/asu_discord/cogs/analytics.py", line 652, in on_member_update
    before_timeout = before.timed_out_until
                     ^^^^^^^^^^^^^^^^^^^^^^
AttributeError: 'Member' object has no attribute 'timed_out_until'
Ignoring exception in on_member_update
Traceback (most recent call last):
  File "/usr/local/lib/python3.12/site-packages/discord/client.py", line 465, in _run_event
    await coro(*args, **kwargs)
  File "/app/asu_discord/cogs/analytics.py", line 652, in on_member_update
    before_timeout = before.timed_out_until
                     ^^^^^^^^^^^^^^^^^^^^^^
AttributeError: 'Member' object has no attribute 'timed_out_until'
INFO:asu_discord.cogs.verification:Saved 5 roles to database for user amplumm1 (Discord ID: 1247775975517982775)
INFO:asu_discord.cogs.verification:Refreshed Salesforce roles for Discord user 1247775975517982775: -5/+5 roles, assigned=[Arizona Resident, College of Liberal Arts and Sciences, First Generation Student, First Year, Tempe]
Ignoring exception in on_member_update
Traceback (most recent call last):
  File "/usr/local/lib/python3.12/site-packages/discord/client.py", line 465, in _run_event
    await coro(*args, **kwargs)
  File "/app/asu_discord/cogs/analytics.py", line 652, in on_member_update
    before_timeout = before.timed_out_until
                     ^^^^^^^^^^^^^^^^^^^^^^
AttributeError: 'Member' object has no attribute 'timed_out_until'
Ignoring exception in on_member_update
Traceback (most recent call last):
  File "/usr/local/lib/python3.12/site-packages/discord/client.py", line 465, in _run_event
    await coro(*args, **kwargs)
  File "/app/asu_discord/cogs/analytics.py", line 652, in on_member_update
    before_timeout = before.timed_out_until
                     ^^^^^^^^^^^^^^^^^^^^^^
AttributeError: 'Member' object has no attribute 'timed_out_until'
Ignoring exception in on_member_update
Traceback (most recent call last):
  File "/usr/local/lib/python3.12/site-packages/discord/client.py", line 465, in _run_event
    await coro(*args, **kwargs)
  File "/app/asu_discord/cogs/analytics.py", line 652, in on_member_update
    before_timeout = before.timed_out_until
                     ^^^^^^^^^^^^^^^^^^^^^^
AttributeError: 'Member' object has no attribute 'timed_out_until'
Ignoring exception in on_member_update
Traceback (most recent call last):
  File "/usr/local/lib/python3.12/site-packages/discord/client.py", line 465, in _run_event
    await coro(*args, **kwargs)
  File "/app/asu_discord/cogs/analytics.py", line 652, in on_member_update
    before_timeout = before.timed_out_until
                     ^^^^^^^^^^^^^^^^^^^^^^
AttributeError: 'Member' object has no attribute 'timed_out_until'
Ignoring exception in on_member_update
Traceback (most recent call last):
  File "/usr/local/lib/python3.12/site-packages/discord/client.py", line 465, in _run_event
    await coro(*args, **kwargs)
  File "/app/asu_discord/cogs/analytics.py", line 652, in on_member_update
    before_timeout = before.timed_out_until
                     ^^^^^^^^^^^^^^^^^^^^^^
AttributeError: 'Member' object has no attribute 'timed_out_until'
Ignoring exception in on_member_update
Traceback (most recent call last):
  File "/usr/local/lib/python3.12/site-packages/discord/client.py", line 465, in _run_event
    await coro(*args, **kwargs)
  File "/app/asu_discord/cogs/analytics.py", line 652, in on_member_update
    before_timeout = before.timed_out_until
                     ^^^^^^^^^^^^^^^^^^^^^^
AttributeError: 'Member' object has no attribute 'timed_out_until'
Ignoring exception in on_member_update
Traceback (most recent call last):
  File "/usr/local/lib/python3.12/site-packages/discord/client.py", line 465, in _run_event
    await coro(*args, **kwargs)
  File "/app/asu_discord/cogs/analytics.py", line 652, in on_member_update
    before_timeout = before.timed_out_until
                     ^^^^^^^^^^^^^^^^^^^^^^
AttributeError: 'Member' object has no attribute 'timed_out_until'
Ignoring exception in on_member_update
Traceback (most recent call last):
  File "/usr/local/lib/python3.12/site-packages/discord/client.py", line 465, in _run_event
    await coro(*args, **kwargs)
  File "/app/asu_discord/cogs/analytics.py", line 652, in on_member_update
    before_timeout = before.timed_out_until
                     ^^^^^^^^^^^^^^^^^^^^^^
AttributeError: 'Member' object has no attribute 'timed_out_until'
Ignoring exception in on_member_update
Traceback (most recent call last):
  File "/usr/local/lib/python3.12/site-packages/discord/client.py", line 465, in _run_event
    await coro(*args, **kwargs)
  File "/app/asu_discord/cogs/analytics.py", line 652, in on_member_update
    before_timeout = before.timed_out_until
                     ^^^^^^^^^^^^^^^^^^^^^^
AttributeError: 'Member' object has no attribute 'timed_out_until'
Ignoring exception in on_member_update
Traceback (most recent call last):
  File "/usr/local/lib/python3.12/site-packages/discord/client.py", line 465, in _run_event
    await coro(*args, **kwargs)
  File "/app/asu_discord/cogs/analytics.py", line 652, in on_member_update
    before_timeout = before.timed_out_until
                     ^^^^^^^^^^^^^^^^^^^^^^
AttributeError: 'Member' object has no attribute 'timed_out_until'
ERROR:cron.jobs:refresh_salesforce_roles: failed for bmgalle1 (Discord ID 1495851271058493510): Timed out refresh Salesforce-based roles
Ignoring exception in on_member_update
Traceback (most recent call last):
  File "/usr/local/lib/python3.12/site-packages/discord/client.py", line 465, in _run_event
    await coro(*args, **kwargs)
  File "/app/asu_discord/cogs/analytics.py", line 652, in on_member_update
    before_timeout = before.timed_out_until
                     ^^^^^^^^^^^^^^^^^^^^^^
AttributeError: 'Member' object has no attribute 'timed_out_until'
Ignoring exception in on_member_update
Traceback (most recent call last):
  File "/usr/local/lib/python3.12/site-packages/discord/client.py", line 465, in _run_event
    await coro(*args, **kwargs)
  File "/app/asu_discord/cogs/analytics.py", line 652, in on_member_update
    before_timeout = before.timed_out_until
                     ^^^^^^^^^^^^^^^^^^^^^^
AttributeError: 'Member' object has no attribute 'timed_out_until'
Ignoring exception in on_member_update
Traceback (most recent call last):
  File "/usr/local/lib/python3.12/site-packages/discord/client.py", line 465, in _run_event
    await coro(*args, **kwargs)
  File "/app/asu_discord/cogs/analytics.py", line 652, in on_member_update
    before_timeout = before.timed_out_until
                     ^^^^^^^^^^^^^^^^^^^^^^
AttributeError: 'Member' object has no attribute 'timed_out_until'
Ignoring exception in on_member_update
Traceback (most recent call last):
  File "/usr/local/lib/python3.12/site-packages/discord/client.py", line 465, in _run_event
    await coro(*args, **kwargs)
  File "/app/asu_discord/cogs/analytics.py", line 652, in on_member_update
    before_timeout = before.timed_out_until
                     ^^^^^^^^^^^^^^^^^^^^^^
AttributeError: 'Member' object has no attribute 'timed_out_until'
Ignoring exception in on_member_update
Traceback (most recent call last):
  File "/usr/local/lib/python3.12/site-packages/discord/client.py", line 465, in _run_event
    await coro(*args, **kwargs)
  File "/app/asu_discord/cogs/analytics.py", line 652, in on_member_update
    before_timeout = before.timed_out_until
                     ^^^^^^^^^^^^^^^^^^^^^^
AttributeError: 'Member' object has no attribute 'timed_out_until'
Ignoring exception in on_member_update
Traceback (most recent call last):
  File "/usr/local/lib/python3.12/site-packages/discord/client.py", line 465, in _run_event
    await coro(*args, **kwargs)
  File "/app/asu_discord/cogs/analytics.py", line 652, in on_member_update
    before_timeout = before.timed_out_until
                     ^^^^^^^^^^^^^^^^^^^^^^
AttributeError: 'Member' object has no attribute 'timed_out_until'
Ignoring exception in on_member_update
Traceback (most recent call last):
  File "/usr/local/lib/python3.12/site-packages/discord/client.py", line 465, in _run_event
    await coro(*args, **kwargs)
  File "/app/asu_discord/cogs/analytics.py", line 652, in on_member_update
    before_timeout = before.timed_out_until
                     ^^^^^^^^^^^^^^^^^^^^^^
AttributeError: 'Member' object has no attribute 'timed_out_until'
Ignoring exception in on_member_update
Traceback (most recent call last):
  File "/usr/local/lib/python3.12/site-packages/discord/client.py", line 465, in _run_event
    await coro(*args, **kwargs)
  File "/app/asu_discord/cogs/analytics.py", line 652, in on_member_update
    before_timeout = before.timed_out_until
                     ^^^^^^^^^^^^^^^^^^^^^^
AttributeError: 'Member' object has no attribute 'timed_out_until'
Ignoring exception in on_member_update
Traceback (most recent call last):
  File "/usr/local/lib/python3.12/site-packages/discord/client.py", line 465, in _run_event
    await coro(*args, **kwargs)
  File "/app/asu_discord/cogs/analytics.py", line 652, in on_member_update
    before_timeout = before.timed_out_until
                     ^^^^^^^^^^^^^^^^^^^^^^
AttributeError: 'Member' object has no attribute 'timed_out_until'
INFO:asu_discord.cogs.verification:Saved 5 roles to database for user aburmins (Discord ID: 755842782048026664)
INFO:asu_discord.cogs.verification:Refreshed Salesforce roles for Discord user 755842782048026664: -5/+5 roles, assigned=[Arizona Resident, College of Liberal Arts and Sciences, Commited, Tempe, Transfer Student]
Ignoring exception in on_member_update
Traceback (most recent call last):
  File "/usr/local/lib/python3.12/site-packages/discord/client.py", line 465, in _run_event
    await coro(*args, **kwargs)
  File "/app/asu_discord/cogs/analytics.py", line 652, in on_member_update
    before_timeout = before.timed_out_until
                     ^^^^^^^^^^^^^^^^^^^^^^
AttributeError: 'Member' object has no attribute 'timed_out_until'
Ignoring exception in on_member_update
Traceback (most recent call last):
  File "/usr/local/lib/python3.12/site-packages/discord/client.py", line 465, in _run_event
    await coro(*args, **kwargs)
  File "/app/asu_discord/cogs/analytics.py", line 652, in on_member_update
    before_timeout = before.timed_out_until
                     ^^^^^^^^^^^^^^^^^^^^^^
AttributeError: 'Member' object has no attribute 'timed_out_until'
Ignoring exception in on_member_update
Traceback (most recent call last):
  File "/usr/local/lib/python3.12/site-packages/discord/client.py", line 465, in _run_event
    await coro(*args, **kwargs)
  File "/app/asu_discord/cogs/analytics.py", line 652, in on_member_update
    before_timeout = before.timed_out_until
                     ^^^^^^^^^^^^^^^^^^^^^^
AttributeError: 'Member' object has no attribute 'timed_out_until'
Ignoring exception in on_member_update
Traceback (most recent call last):
  File "/usr/local/lib/python3.12/site-packages/discord/client.py", line 465, in _run_event
    await coro(*args, **kwargs)
  File "/app/asu_discord/cogs/analytics.py", line 652, in on_member_update
    before_timeout = before.timed_out_until
                     ^^^^^^^^^^^^^^^^^^^^^^
AttributeError: 'Member' object has no attribute 'timed_out_until'
Ignoring exception in on_member_update
Traceback (most recent call last):
  File "/usr/local/lib/python3.12/site-packages/discord/client.py", line 465, in _run_event
    await coro(*args, **kwargs)
  File "/app/asu_discord/cogs/analytics.py", line 652, in on_member_update
    before_timeout = before.timed_out_until
                     ^^^^^^^^^^^^^^^^^^^^^^
AttributeError: 'Member' object has no attribute 'timed_out_until'
Ignoring exception in on_member_update
Traceback (most recent call last):
  File "/usr/local/lib/python3.12/site-packages/discord/client.py", line 465, in _run_event
    await coro(*args, **kwargs)
  File "/app/asu_discord/cogs/analytics.py", line 652, in on_member_update
    before_timeout = before.timed_out_until
                     ^^^^^^^^^^^^^^^^^^^^^^
AttributeError: 'Member' object has no attribute 'timed_out_until'
Ignoring exception in on_member_update
Traceback (most recent call last):
  File "/usr/local/lib/python3.12/site-packages/discord/client.py", line 465, in _run_event
    await coro(*args, **kwargs)
  File "/app/asu_discord/cogs/analytics.py", line 652, in on_member_update
    before_timeout = before.timed_out_until
                     ^^^^^^^^^^^^^^^^^^^^^^
AttributeError: 'Member' object has no attribute 'timed_out_until'
Ignoring exception in on_member_update
Traceback (most recent call last):
  File "/usr/local/lib/python3.12/site-packages/discord/client.py", line 465, in _run_event
    await coro(*args, **kwargs)
  File "/app/asu_discord/cogs/analytics.py", line 652, in on_member_update
    before_timeout = before.timed_out_until
                     ^^^^^^^^^^^^^^^^^^^^^^
AttributeError: 'Member' object has no attribute 'timed_out_until'
Ignoring exception in on_member_update
Traceback (most recent call last):
  File "/usr/local/lib/python3.12/site-packages/discord/client.py", line 465, in _run_event
    await coro(*args, **kwargs)
  File "/app/asu_discord/cogs/analytics.py", line 652, in on_member_update
    before_timeout = before.timed_out_until
                     ^^^^^^^^^^^^^^^^^^^^^^
AttributeError: 'Member' object has no attribute 'timed_out_until'
Ignoring exception in on_member_update
Traceback (most recent call last):
  File "/usr/local/lib/python3.12/site-packages/discord/client.py", line 465, in _run_event
    await coro(*args, **kwargs)
  File "/app/asu_discord/cogs/analytics.py", line 652, in on_member_update
    before_timeout = before.timed_out_until
                     ^^^^^^^^^^^^^^^^^^^^^^
AttributeError: 'Member' object has no attribute 'timed_out_until'
INFO:asu_discord.cogs.verification:Saved 5 roles to database for user biander2 (Discord ID: 1495873782282322010)
INFO:asu_discord.cogs.verification:Refreshed Salesforce roles for Discord user 1495873782282322010: -5/+4 roles, assigned=[Commited, First Year, New College of Interdisciplinary Arts and Sciences, Out of State, Tempe]
ERROR:cron.jobs:refresh_salesforce_roles: failed for afuent52 (Discord ID 803935357212033045): Failed to refresh Salesforce-based roles: Discord user 803935357212033045 is not a member of the guild
Ignoring exception in on_member_update
Traceback (most recent call last):
  File "/usr/local/lib/python3.12/site-packages/discord/client.py", line 465, in _run_event
    await coro(*args, **kwargs)
  File "/app/asu_discord/cogs/analytics.py", line 652, in on_member_update
    before_timeout = before.timed_out_until
                     ^^^^^^^^^^^^^^^^^^^^^^
AttributeError: 'Member' object has no attribute 'timed_out_until'
Ignoring exception in on_member_update
Traceback (most recent call last):
  File "/usr/local/lib/python3.12/site-packages/discord/client.py", line 465, in _run_event
    await coro(*args, **kwargs)
  File "/app/asu_discord/cogs/analytics.py", line 652, in on_member_update
    before_timeout = before.timed_out_until
                     ^^^^^^^^^^^^^^^^^^^^^^
AttributeError: 'Member' object has no attribute 'timed_out_until'
Ignoring exception in on_member_update
Traceback (most recent call last):
  File "/usr/local/lib/python3.12/site-packages/discord/client.py", line 465, in _run_event
    await coro(*args, **kwargs)
  File "/app/asu_discord/cogs/analytics.py", line 652, in on_member_update
    before_timeout = before.timed_out_until
                     ^^^^^^^^^^^^^^^^^^^^^^
AttributeError: 'Member' object has no attribute 'timed_out_until'
Ignoring exception in on_member_update
Traceback (most recent call last):
  File "/usr/local/lib/python3.12/site-packages/discord/client.py", line 465, in _run_event
    await coro(*args, **kwargs)
  File "/app/asu_discord/cogs/analytics.py", line 652, in on_member_update
    before_timeout = before.timed_out_until
                     ^^^^^^^^^^^^^^^^^^^^^^
AttributeError: 'Member' object has no attribute 'timed_out_until'
Ignoring exception in on_member_update
Traceback (most recent call last):
  File "/usr/local/lib/python3.12/site-packages/discord/client.py", line 465, in _run_event
    await coro(*args, **kwargs)
  File "/app/asu_discord/cogs/analytics.py", line 652, in on_member_update
    before_timeout = before.timed_out_until
                     ^^^^^^^^^^^^^^^^^^^^^^
AttributeError: 'Member' object has no attribute 'timed_out_until'
Ignoring exception in on_member_update
Traceback (most recent call last):
  File "/usr/local/lib/python3.12/site-packages/discord/client.py", line 465, in _run_event
    await coro(*args, **kwargs)
  File "/app/asu_discord/cogs/analytics.py", line 652, in on_member_update
    before_timeout = before.timed_out_until
                     ^^^^^^^^^^^^^^^^^^^^^^
AttributeError: 'Member' object has no attribute 'timed_out_until'
Ignoring exception in on_member_update
Traceback (most recent call last):
  File "/usr/local/lib/python3.12/site-packages/discord/client.py", line 465, in _run_event
    await coro(*args, **kwargs)
  File "/app/asu_discord/cogs/analytics.py", line 652, in on_member_update
    before_timeout = before.timed_out_until
                     ^^^^^^^^^^^^^^^^^^^^^^
AttributeError: 'Member' object has no attribute 'timed_out_until'
Ignoring exception in on_member_update
Traceback (most recent call last):
  File "/usr/local/lib/python3.12/site-packages/discord/client.py", line 465, in _run_event
    await coro(*args, **kwargs)
  File "/app/asu_discord/cogs/analytics.py", line 652, in on_member_update
    before_timeout = before.timed_out_until
                     ^^^^^^^^^^^^^^^^^^^^^^
AttributeError: 'Member' object has no attribute 'timed_out_until'
INFO:asu_discord.cogs.verification:Saved 4 roles to database for user cekenney (Discord ID: 952063532864786452)
INFO:asu_discord.cogs.verification:Refreshed Salesforce roles for Discord user 952063532864786452: -4/+4 roles, assigned=[College of Liberal Arts and Sciences, Graduate Student, Out of State, Tempe]
Ignoring exception in on_member_update
Traceback (most recent call last):
  File "/usr/local/lib/python3.12/site-packages/discord/client.py", line 465, in _run_event
    await coro(*args, **kwargs)
  File "/app/asu_discord/cogs/analytics.py", line 652, in on_member_update
    before_timeout = before.timed_out_until
                     ^^^^^^^^^^^^^^^^^^^^^^
AttributeError: 'Member' object has no attribute 'timed_out_until'
Ignoring exception in on_member_update
Traceback (most recent call last):
  File "/usr/local/lib/python3.12/site-packages/discord/client.py", line 465, in _run_event
    await coro(*args, **kwargs)
  File "/app/asu_discord/cogs/analytics.py", line 652, in on_member_update
    before_timeout = before.timed_out_until
                     ^^^^^^^^^^^^^^^^^^^^^^
AttributeError: 'Member' object has no attribute 'timed_out_until'
Ignoring exception in on_member_update
Traceback (most recent call last):
  File "/usr/local/lib/python3.12/site-packages/discord/client.py", line 465, in _run_event
    await coro(*args, **kwargs)
  File "/app/asu_discord/cogs/analytics.py", line 652, in on_member_update
    before_timeout = before.timed_out_until
                     ^^^^^^^^^^^^^^^^^^^^^^
AttributeError: 'Member' object has no attribute 'timed_out_until'
Ignoring exception in on_member_update
Traceback (most recent call last):
  File "/usr/local/lib/python3.12/site-packages/discord/client.py", line 465, in _run_event
    await coro(*args, **kwargs)
  File "/app/asu_discord/cogs/analytics.py", line 652, in on_member_update
    before_timeout = before.timed_out_until
                     ^^^^^^^^^^^^^^^^^^^^^^
AttributeError: 'Member' object has no attribute 'timed_out_until'
Ignoring exception in on_member_update
Traceback (most recent call last):
  File "/usr/local/lib/python3.12/site-packages/discord/client.py", line 465, in _run_event
    await coro(*args, **kwargs)
  File "/app/asu_discord/cogs/analytics.py", line 652, in on_member_update
    before_timeout = before.timed_out_until
                     ^^^^^^^^^^^^^^^^^^^^^^
AttributeError: 'Member' object has no attribute 'timed_out_until'
Ignoring exception in on_member_update
Traceback (most recent call last):
  File "/usr/local/lib/python3.12/site-packages/discord/client.py", line 465, in _run_event
    await coro(*args, **kwargs)
  File "/app/asu_discord/cogs/analytics.py", line 652, in on_member_update
    before_timeout = before.timed_out_until
                     ^^^^^^^^^^^^^^^^^^^^^^
AttributeError: 'Member' object has no attribute 'timed_out_until'
Ignoring exception in on_member_update
Traceback (most recent call last):
  File "/usr/local/lib/python3.12/site-packages/discord/client.py", line 465, in _run_event
    await coro(*args, **kwargs)
  File "/app/asu_discord/cogs/analytics.py", line 652, in on_member_update
    before_timeout = before.timed_out_until
                     ^^^^^^^^^^^^^^^^^^^^^^
AttributeError: 'Member' object has no attribute 'timed_out_until'
Ignoring exception in on_member_update
Traceback (most recent call last):
  File "/usr/local/lib/python3.12/site-packages/discord/client.py", line 465, in _run_event
    await coro(*args, **kwargs)
  File "/app/asu_discord/cogs/analytics.py", line 652, in on_member_update
    before_timeout = before.timed_out_until
                     ^^^^^^^^^^^^^^^^^^^^^^
AttributeError: 'Member' object has no attribute 'timed_out_until'
Ignoring exception in on_member_update
Traceback (most recent call last):
  File "/usr/local/lib/python3.12/site-packages/discord/client.py", line 465, in _run_event
    await coro(*args, **kwargs)
  File "/app/asu_discord/cogs/analytics.py", line 652, in on_member_update
    before_timeout = before.timed_out_until
                     ^^^^^^^^^^^^^^^^^^^^^^
AttributeError: 'Member' object has no attribute 'timed_out_until'
Ignoring exception in on_member_update
Traceback (most recent call last):
  File "/usr/local/lib/python3.12/site-packages/discord/client.py", line 465, in _run_event
    await coro(*args, **kwargs)
  File "/app/asu_discord/cogs/analytics.py", line 652, in on_member_update
    before_timeout = before.timed_out_until
                     ^^^^^^^^^^^^^^^^^^^^^^
AttributeError: 'Member' object has no attribute 'timed_out_until'
Ignoring exception in on_member_update
Traceback (most recent call last):
  File "/usr/local/lib/python3.12/site-packages/discord/client.py", line 465, in _run_event
    await coro(*args, **kwargs)
  File "/app/asu_discord/cogs/analytics.py", line 652, in on_member_update
    before_timeout = before.timed_out_until
                     ^^^^^^^^^^^^^^^^^^^^^^
AttributeError: 'Member' object has no attribute 'timed_out_until'
Ignoring exception in on_member_update
Traceback (most recent call last):
  File "/usr/local/lib/python3.12/site-packages/discord/client.py", line 465, in _run_event
    await coro(*args, **kwargs)
  File "/app/asu_discord/cogs/analytics.py", line 652, in on_member_update
    before_timeout = before.timed_out_until
                     ^^^^^^^^^^^^^^^^^^^^^^
AttributeError: 'Member' object has no attribute 'timed_out_until'
INFO:asu_discord.cogs.verification:Saved 6 roles to database for user acarba16 (Discord ID: 744026497861550103)
INFO:asu_discord.cogs.verification:Refreshed Salesforce roles for Discord user 744026497861550103: -6/+6 roles, assigned=[Arizona Resident, Commited, First Generation Student, First Year, Tempe, W.P. Carey School of Business]
Ignoring exception in on_member_update
Traceback (most recent call last):
  File "/usr/local/lib/python3.12/site-packages/discord/client.py", line 465, in _run_event
    await coro(*args, **kwargs)
  File "/app/asu_discord/cogs/analytics.py", line 652, in on_member_update
    before_timeout = before.timed_out_until
                     ^^^^^^^^^^^^^^^^^^^^^^
AttributeError: 'Member' object has no attribute 'timed_out_until'
Ignoring exception in on_member_update
Traceback (most recent call last):
  File "/usr/local/lib/python3.12/site-packages/discord/client.py", line 465, in _run_event
    await coro(*args, **kwargs)
  File "/app/asu_discord/cogs/analytics.py", line 652, in on_member_update
    before_timeout = before.timed_out_until
                     ^^^^^^^^^^^^^^^^^^^^^^
AttributeError: 'Member' object has no attribute 'timed_out_until'
Ignoring exception in on_member_update
Traceback (most recent call last):
  File "/usr/local/lib/python3.12/site-packages/discord/client.py", line 465, in _run_event
    await coro(*args, **kwargs)
  File "/app/asu_discord/cogs/analytics.py", line 652, in on_member_update
    before_timeout = before.timed_out_until
                     ^^^^^^^^^^^^^^^^^^^^^^
AttributeError: 'Member' object has no attribute 'timed_out_until'
Ignoring exception in on_member_update
Traceback (most recent call last):
  File "/usr/local/lib/python3.12/site-packages/discord/client.py", line 465, in _run_event
    await coro(*args, **kwargs)
  File "/app/asu_discord/cogs/analytics.py", line 652, in on_member_update
    before_timeout = before.timed_out_until
                     ^^^^^^^^^^^^^^^^^^^^^^
AttributeError: 'Member' object has no attribute 'timed_out_until'
Ignoring exception in on_member_update
Traceback (most recent call last):
  File "/usr/local/lib/python3.12/site-packages/discord/client.py", line 465, in _run_event
    await coro(*args, **kwargs)
  File "/app/asu_discord/cogs/analytics.py", line 652, in on_member_update
    before_timeout = before.timed_out_until
                     ^^^^^^^^^^^^^^^^^^^^^^
AttributeError: 'Member' object has no attribute 'timed_out_until'
Ignoring exception in on_member_update
Traceback (most recent call last):
  File "/usr/local/lib/python3.12/site-packages/discord/client.py", line 465, in _run_event
    await coro(*args, **kwargs)
  File "/app/asu_discord/cogs/analytics.py", line 652, in on_member_update
    before_timeout = before.timed_out_until
                     ^^^^^^^^^^^^^^^^^^^^^^
AttributeError: 'Member' object has no attribute 'timed_out_until'
Ignoring exception in on_member_update
Traceback (most recent call last):
  File "/usr/local/lib/python3.12/site-packages/discord/client.py", line 465, in _run_event
    await coro(*args, **kwargs)
  File "/app/asu_discord/cogs/analytics.py", line 652, in on_member_update
    before_timeout = before.timed_out_until
                     ^^^^^^^^^^^^^^^^^^^^^^
AttributeError: 'Member' object has no attribute 'timed_out_until'
Ignoring exception in on_member_update
Traceback (most recent call last):
  File "/usr/local/lib/python3.12/site-packages/discord/client.py", line 465, in _run_event
    await coro(*args, **kwargs)
  File "/app/asu_discord/cogs/analytics.py", line 652, in on_member_update
    before_timeout = before.timed_out_until
                     ^^^^^^^^^^^^^^^^^^^^^^
AttributeError: 'Member' object has no attribute 'timed_out_until'
INFO:asu_discord.cogs.verification:Saved 4 roles to database for user dfiereck (Discord ID: 763936064691241011)
INFO:asu_discord.cogs.verification:Refreshed Salesforce roles for Discord user 763936064691241011: -4/+4 roles, assigned=[Arizona Resident, Ira A. Fulton Schools of Engineering, Tempe, Transfer Student]
Ignoring exception in on_member_update
Traceback (most recent call last):
  File "/usr/local/lib/python3.12/site-packages/discord/client.py", line 465, in _run_event
    await coro(*args, **kwargs)
  File "/app/asu_discord/cogs/analytics.py", line 652, in on_member_update
    before_timeout = before.timed_out_until
                     ^^^^^^^^^^^^^^^^^^^^^^
AttributeError: 'Member' object has no attribute 'timed_out_until'
Ignoring exception in on_member_update
Traceback (most recent call last):
  File "/usr/local/lib/python3.12/site-packages/discord/client.py", line 465, in _run_event
    await coro(*args, **kwargs)
  File "/app/asu_discord/cogs/analytics.py", line 652, in on_member_update
    before_timeout = before.timed_out_until
                     ^^^^^^^^^^^^^^^^^^^^^^
AttributeError: 'Member' object has no attribute 'timed_out_until'
Ignoring exception in on_member_update
Traceback (most recent call last):
  File "/usr/local/lib/python3.12/site-packages/discord/client.py", line 465, in _run_event
    await coro(*args, **kwargs)
  File "/app/asu_discord/cogs/analytics.py", line 652, in on_member_update
    before_timeout = before.timed_out_until
                     ^^^^^^^^^^^^^^^^^^^^^^
AttributeError: 'Member' object has no attribute 'timed_out_until'
Ignoring exception in on_member_update
Traceback (most recent call last):
  File "/usr/local/lib/python3.12/site-packages/discord/client.py", line 465, in _run_event
    await coro(*args, **kwargs)
  File "/app/asu_discord/cogs/analytics.py", line 652, in on_member_update
    before_timeout = before.timed_out_until
                     ^^^^^^^^^^^^^^^^^^^^^^
AttributeError: 'Member' object has no attribute 'timed_out_until'
Ignoring exception in on_member_update
Traceback (most recent call last):
  File "/usr/local/lib/python3.12/site-packages/discord/client.py", line 465, in _run_event
    await coro(*args, **kwargs)
  File "/app/asu_discord/cogs/analytics.py", line 652, in on_member_update
    before_timeout = before.timed_out_until
                     ^^^^^^^^^^^^^^^^^^^^^^
AttributeError: 'Member' object has no attribute 'timed_out_until'
Ignoring exception in on_member_update
Traceback (most recent call last):
  File "/usr/local/lib/python3.12/site-packages/discord/client.py", line 465, in _run_event
    await coro(*args, **kwargs)
  File "/app/asu_discord/cogs/analytics.py", line 652, in on_member_update
    before_timeout = before.timed_out_until
                     ^^^^^^^^^^^^^^^^^^^^^^
AttributeError: 'Member' object has no attribute 'timed_out_until'
Ignoring exception in on_member_update
Traceback (most recent call last):
  File "/usr/local/lib/python3.12/site-packages/discord/client.py", line 465, in _run_event
    await coro(*args, **kwargs)
  File "/app/asu_discord/cogs/analytics.py", line 652, in on_member_update
    before_timeout = before.timed_out_until
                     ^^^^^^^^^^^^^^^^^^^^^^
AttributeError: 'Member' object has no attribute 'timed_out_until'
Ignoring exception in on_member_update
Traceback (most recent call last):
  File "/usr/local/lib/python3.12/site-packages/discord/client.py", line 465, in _run_event
    await coro(*args, **kwargs)
  File "/app/asu_discord/cogs/analytics.py", line 652, in on_member_update
    before_timeout = before.timed_out_until
                     ^^^^^^^^^^^^^^^^^^^^^^
AttributeError: 'Member' object has no attribute 'timed_out_until'
Ignoring exception in on_member_update
Traceback (most recent call last):
  File "/usr/local/lib/python3.12/site-packages/discord/client.py", line 465, in _run_event
    await coro(*args, **kwargs)
  File "/app/asu_discord/cogs/analytics.py", line 652, in on_member_update
    before_timeout = before.timed_out_until
                     ^^^^^^^^^^^^^^^^^^^^^^
AttributeError: 'Member' object has no attribute 'timed_out_until'
Ignoring exception in on_member_update
Traceback (most recent call last):
  File "/usr/local/lib/python3.12/site-packages/discord/client.py", line 465, in _run_event
    await coro(*args, **kwargs)
  File "/app/asu_discord/cogs/analytics.py", line 652, in on_member_update
    before_timeout = before.timed_out_until
                     ^^^^^^^^^^^^^^^^^^^^^^
AttributeError: 'Member' object has no attribute 'timed_out_until'
INFO:asu_discord.cogs.verification:Saved 5 roles to database for user jchiv (Discord ID: 599659411979370497)
INFO:asu_discord.cogs.verification:Refreshed Salesforce roles for Discord user 599659411979370497: -5/+5 roles, assigned=[Arizona Resident, Commited, First Year, Herberger Institute for Design and the Arts, Tempe]
Ignoring exception in on_member_update
Traceback (most recent call last):
  File "/usr/local/lib/python3.12/site-packages/discord/client.py", line 465, in _run_event
    await coro(*args, **kwargs)
  File "/app/asu_discord/cogs/analytics.py", line 652, in on_member_update
    before_timeout = before.timed_out_until
                     ^^^^^^^^^^^^^^^^^^^^^^
AttributeError: 'Member' object has no attribute 'timed_out_until'
Ignoring exception in on_member_update
Traceback (most recent call last):
  File "/usr/local/lib/python3.12/site-packages/discord/client.py", line 465, in _run_event
    await coro(*args, **kwargs)
  File "/app/asu_discord/cogs/analytics.py", line 652, in on_member_update
    before_timeout = before.timed_out_until
                     ^^^^^^^^^^^^^^^^^^^^^^
AttributeError: 'Member' object has no attribute 'timed_out_until'
Ignoring exception in on_member_update
Traceback (most recent call last):
  File "/usr/local/lib/python3.12/site-packages/discord/client.py", line 465, in _run_event
    await coro(*args, **kwargs)
  File "/app/asu_discord/cogs/analytics.py", line 652, in on_member_update
    before_timeout = before.timed_out_until
                     ^^^^^^^^^^^^^^^^^^^^^^
AttributeError: 'Member' object has no attribute 'timed_out_until'
Ignoring exception in on_member_update
Traceback (most recent call last):
  File "/usr/local/lib/python3.12/site-packages/discord/client.py", line 465, in _run_event
    await coro(*args, **kwargs)
  File "/app/asu_discord/cogs/analytics.py", line 652, in on_member_update
    before_timeout = before.timed_out_until
                     ^^^^^^^^^^^^^^^^^^^^^^
AttributeError: 'Member' object has no attribute 'timed_out_until'
Ignoring exception in on_member_update
Traceback (most recent call last):
  File "/usr/local/lib/python3.12/site-packages/discord/client.py", line 465, in _run_event
    await coro(*args, **kwargs)
  File "/app/asu_discord/cogs/analytics.py", line 652, in on_member_update
    before_timeout = before.timed_out_until
                     ^^^^^^^^^^^^^^^^^^^^^^
AttributeError: 'Member' object has no attribute 'timed_out_until'
Ignoring exception in on_member_update
Traceback (most recent call last):
  File "/usr/local/lib/python3.12/site-packages/discord/client.py", line 465, in _run_event
    await coro(*args, **kwargs)
  File "/app/asu_discord/cogs/analytics.py", line 652, in on_member_update
    before_timeout = before.timed_out_until
                     ^^^^^^^^^^^^^^^^^^^^^^
AttributeError: 'Member' object has no attribute 'timed_out_until'
Ignoring exception in on_member_update
Traceback (most recent call last):
  File "/usr/local/lib/python3.12/site-packages/discord/client.py", line 465, in _run_event
    await coro(*args, **kwargs)
  File "/app/asu_discord/cogs/analytics.py", line 652, in on_member_update
    before_timeout = before.timed_out_until
                     ^^^^^^^^^^^^^^^^^^^^^^
AttributeError: 'Member' object has no attribute 'timed_out_until'
Ignoring exception in on_member_update
Traceback (most recent call last):
  File "/usr/local/lib/python3.12/site-packages/discord/client.py", line 465, in _run_event
    await coro(*args, **kwargs)
  File "/app/asu_discord/cogs/analytics.py", line 652, in on_member_update
    before_timeout = before.timed_out_until
                     ^^^^^^^^^^^^^^^^^^^^^^
AttributeError: 'Member' object has no attribute 'timed_out_until'
Ignoring exception in on_member_update
Traceback (most recent call last):
  File "/usr/local/lib/python3.12/site-packages/discord/client.py", line 465, in _run_event
    await coro(*args, **kwargs)
  File "/app/asu_discord/cogs/analytics.py", line 652, in on_member_update
    before_timeout = before.timed_out_until
                     ^^^^^^^^^^^^^^^^^^^^^^
AttributeError: 'Member' object has no attribute 'timed_out_until'
Ignoring exception in on_member_update
Traceback (most recent call last):
  File "/usr/local/lib/python3.12/site-packages/discord/client.py", line 465, in _run_event
    await coro(*args, **kwargs)
  File "/app/asu_discord/cogs/analytics.py", line 652, in on_member_update
    before_timeout = before.timed_out_until
                     ^^^^^^^^^^^^^^^^^^^^^^
AttributeError: 'Member' object has no attribute 'timed_out_until'
INFO:asu_discord.cogs.verification:Saved 5 roles to database for user pellisor (Discord ID: 1488332582041948301)
INFO:asu_discord.cogs.verification:Refreshed Salesforce roles for Discord user 1488332582041948301: -5/+5 roles, assigned=[Commited, First Year, Ira A. Fulton Schools of Engineering, Out of State, Tempe]
Ignoring exception in on_member_update
Traceback (most recent call last):
  File "/usr/local/lib/python3.12/site-packages/discord/client.py", line 465, in _run_event
    await coro(*args, **kwargs)
  File "/app/asu_discord/cogs/analytics.py", line 652, in on_member_update
    before_timeout = before.timed_out_until
                     ^^^^^^^^^^^^^^^^^^^^^^
AttributeError: 'Member' object has no attribute 'timed_out_until'
Ignoring exception in on_member_update
Traceback (most recent call last):
  File "/usr/local/lib/python3.12/site-packages/discord/client.py", line 465, in _run_event
    await coro(*args, **kwargs)
  File "/app/asu_discord/cogs/analytics.py", line 652, in on_member_update
    before_timeout = before.timed_out_until
                     ^^^^^^^^^^^^^^^^^^^^^^
AttributeError: 'Member' object has no attribute 'timed_out_until'
Ignoring exception in on_member_update
Traceback (most recent call last):
  File "/usr/local/lib/python3.12/site-packages/discord/client.py", line 465, in _run_event
    await coro(*args, **kwargs)
  File "/app/asu_discord/cogs/analytics.py", line 652, in on_member_update
    before_timeout = before.timed_out_until
                     ^^^^^^^^^^^^^^^^^^^^^^
AttributeError: 'Member' object has no attribute 'timed_out_until'
Ignoring exception in on_member_update
Traceback (most recent call last):
  File "/usr/local/lib/python3.12/site-packages/discord/client.py", line 465, in _run_event
    await coro(*args, **kwargs)
  File "/app/asu_discord/cogs/analytics.py", line 652, in on_member_update
    before_timeout = before.timed_out_until
                     ^^^^^^^^^^^^^^^^^^^^^^
AttributeError: 'Member' object has no attribute 'timed_out_until'
Ignoring exception in on_member_update
Traceback (most recent call last):
  File "/usr/local/lib/python3.12/site-packages/discord/client.py", line 465, in _run_event
    await coro(*args, **kwargs)
  File "/app/asu_discord/cogs/analytics.py", line 652, in on_member_update
    before_timeout = before.timed_out_until
                     ^^^^^^^^^^^^^^^^^^^^^^
AttributeError: 'Member' object has no attribute 'timed_out_until'
Ignoring exception in on_member_update
Traceback (most recent call last):
  File "/usr/local/lib/python3.12/site-packages/discord/client.py", line 465, in _run_event
    await coro(*args, **kwargs)
  File "/app/asu_discord/cogs/analytics.py", line 652, in on_member_update
    before_timeout = before.timed_out_until
                     ^^^^^^^^^^^^^^^^^^^^^^
AttributeError: 'Member' object has no attribute 'timed_out_until'
Ignoring exception in on_member_update
Traceback (most recent call last):
  File "/usr/local/lib/python3.12/site-packages/discord/client.py", line 465, in _run_event
    await coro(*args, **kwargs)
  File "/app/asu_discord/cogs/analytics.py", line 652, in on_member_update
    before_timeout = before.timed_out_until
                     ^^^^^^^^^^^^^^^^^^^^^^
AttributeError: 'Member' object has no attribute 'timed_out_until'
Ignoring exception in on_member_update
Traceback (most recent call last):
  File "/usr/local/lib/python3.12/site-packages/discord/client.py", line 465, in _run_event
    await coro(*args, **kwargs)
  File "/app/asu_discord/cogs/analytics.py", line 652, in on_member_update
    before_timeout = before.timed_out_until
                     ^^^^^^^^^^^^^^^^^^^^^^
AttributeError: 'Member' object has no attribute 'timed_out_until'
INFO:asu_discord.cogs.verification:Saved 4 roles to database for user mcrobe15 (Discord ID: 346151371961008129)
INFO:asu_discord.cogs.verification:Refreshed Salesforce roles for Discord user 346151371961008129: -4/+4 roles, assigned=[Arizona Resident, College of Integrative Sciences and Arts, Tempe, Transfer Student]
Ignoring exception in on_member_update
Traceback (most recent call last):
  File "/usr/local/lib/python3.12/site-packages/discord/client.py", line 465, in _run_event
    await coro(*args, **kwargs)
  File "/app/asu_discord/cogs/analytics.py", line 652, in on_member_update
    before_timeout = before.timed_out_until
                     ^^^^^^^^^^^^^^^^^^^^^^
AttributeError: 'Member' object has no attribute 'timed_out_until'
Ignoring exception in on_member_update
Traceback (most recent call last):
  File "/usr/local/lib/python3.12/site-packages/discord/client.py", line 465, in _run_event
    await coro(*args, **kwargs)
  File "/app/asu_discord/cogs/analytics.py", line 652, in on_member_update
    before_timeout = before.timed_out_until
                     ^^^^^^^^^^^^^^^^^^^^^^
AttributeError: 'Member' object has no attribute 'timed_out_until'
Ignoring exception in on_member_update
Traceback (most recent call last):
  File "/usr/local/lib/python3.12/site-packages/discord/client.py", line 465, in _run_event
    await coro(*args, **kwargs)
  File "/app/asu_discord/cogs/analytics.py", line 652, in on_member_update
    before_timeout = before.timed_out_until
                     ^^^^^^^^^^^^^^^^^^^^^^
AttributeError: 'Member' object has no attribute 'timed_out_until'
Ignoring exception in on_member_update
Traceback (most recent call last):
  File "/usr/local/lib/python3.12/site-packages/discord/client.py", line 465, in _run_event
    await coro(*args, **kwargs)
  File "/app/asu_discord/cogs/analytics.py", line 652, in on_member_update
    before_timeout = before.timed_out_until
                     ^^^^^^^^^^^^^^^^^^^^^^
AttributeError: 'Member' object has no attribute 'timed_out_until'
Ignoring exception in on_member_update
Traceback (most recent call last):
  File "/usr/local/lib/python3.12/site-packages/discord/client.py", line 465, in _run_event
    await coro(*args, **kwargs)
  File "/app/asu_discord/cogs/analytics.py", line 652, in on_member_update
    before_timeout = before.timed_out_until
                     ^^^^^^^^^^^^^^^^^^^^^^
AttributeError: 'Member' object has no attribute 'timed_out_until'
Ignoring exception in on_member_update
Traceback (most recent call last):
  File "/usr/local/lib/python3.12/site-packages/discord/client.py", line 465, in _run_event
    await coro(*args, **kwargs)
  File "/app/asu_discord/cogs/analytics.py", line 652, in on_member_update
    before_timeout = before.timed_out_until
                     ^^^^^^^^^^^^^^^^^^^^^^
AttributeError: 'Member' object has no attribute 'timed_out_until'
Ignoring exception in on_member_update
Traceback (most recent call last):
  File "/usr/local/lib/python3.12/site-packages/discord/client.py", line 465, in _run_event
    await coro(*args, **kwargs)
  File "/app/asu_discord/cogs/analytics.py", line 652, in on_member_update
    before_timeout = before.timed_out_until
                     ^^^^^^^^^^^^^^^^^^^^^^
AttributeError: 'Member' object has no attribute 'timed_out_until'
Ignoring exception in on_member_update
Traceback (most recent call last):
  File "/usr/local/lib/python3.12/site-packages/discord/client.py", line 465, in _run_event
    await coro(*args, **kwargs)
  File "/app/asu_discord/cogs/analytics.py", line 652, in on_member_update
    before_timeout = before.timed_out_until
                     ^^^^^^^^^^^^^^^^^^^^^^
AttributeError: 'Member' object has no attribute 'timed_out_until'
Ignoring exception in on_member_update
Traceback (most recent call last):
  File "/usr/local/lib/python3.12/site-packages/discord/client.py", line 465, in _run_event
    await coro(*args, **kwargs)
  File "/app/asu_discord/cogs/analytics.py", line 652, in on_member_update
    before_timeout = before.timed_out_until
                     ^^^^^^^^^^^^^^^^^^^^^^
AttributeError: 'Member' object has no attribute 'timed_out_until'
Ignoring exception in on_member_update
Traceback (most recent call last):
  File "/usr/local/lib/python3.12/site-packages/discord/client.py", line 465, in _run_event
    await coro(*args, **kwargs)
  File "/app/asu_discord/cogs/analytics.py", line 652, in on_member_update
    before_timeout = before.timed_out_until
                     ^^^^^^^^^^^^^^^^^^^^^^
AttributeError: 'Member' object has no attribute 'timed_out_until'
INFO:asu_discord.cogs.verification:Saved 5 roles to database for user raaceve3 (Discord ID: 1217874196923940936)
INFO:asu_discord.cogs.verification:Refreshed Salesforce roles for Discord user 1217874196923940936: -5/+5 roles, assigned=[Arizona Resident, Commited, First Year, Tempe, W.P. Carey School of Business]
Ignoring exception in on_member_update
Traceback (most recent call last):
  File "/usr/local/lib/python3.12/site-packages/discord/client.py", line 465, in _run_event
    await coro(*args, **kwargs)
  File "/app/asu_discord/cogs/analytics.py", line 652, in on_member_update
    before_timeout = before.timed_out_until
                     ^^^^^^^^^^^^^^^^^^^^^^
AttributeError: 'Member' object has no attribute 'timed_out_until'
Ignoring exception in on_member_update
Traceback (most recent call last):
  File "/usr/local/lib/python3.12/site-packages/discord/client.py", line 465, in _run_event
    await coro(*args, **kwargs)
  File "/app/asu_discord/cogs/analytics.py", line 652, in on_member_update
    before_timeout = before.timed_out_until
                     ^^^^^^^^^^^^^^^^^^^^^^
AttributeError: 'Member' object has no attribute 'timed_out_until'
Ignoring exception in on_member_update
Traceback (most recent call last):
  File "/usr/local/lib/python3.12/site-packages/discord/client.py", line 465, in _run_event
    await coro(*args, **kwargs)
  File "/app/asu_discord/cogs/analytics.py", line 652, in on_member_update
    before_timeout = before.timed_out_until
                     ^^^^^^^^^^^^^^^^^^^^^^
AttributeError: 'Member' object has no attribute 'timed_out_until'
Ignoring exception in on_member_update
Traceback (most recent call last):
  File "/usr/local/lib/python3.12/site-packages/discord/client.py", line 465, in _run_event
    await coro(*args, **kwargs)
  File "/app/asu_discord/cogs/analytics.py", line 652, in on_member_update
    before_timeout = before.timed_out_until
                     ^^^^^^^^^^^^^^^^^^^^^^
AttributeError: 'Member' object has no attribute 'timed_out_until'
Ignoring exception in on_member_update
Traceback (most recent call last):
  File "/usr/local/lib/python3.12/site-packages/discord/client.py", line 465, in _run_event
    await coro(*args, **kwargs)
  File "/app/asu_discord/cogs/analytics.py", line 652, in on_member_update
    before_timeout = before.timed_out_until
                     ^^^^^^^^^^^^^^^^^^^^^^
AttributeError: 'Member' object has no attribute 'timed_out_until'
Ignoring exception in on_member_update
Traceback (most recent call last):
  File "/usr/local/lib/python3.12/site-packages/discord/client.py", line 465, in _run_event
    await coro(*args, **kwargs)
  File "/app/asu_discord/cogs/analytics.py", line 652, in on_member_update
    before_timeout = before.timed_out_until
                     ^^^^^^^^^^^^^^^^^^^^^^
AttributeError: 'Member' object has no attribute 'timed_out_until'
Ignoring exception in on_member_update
Traceback (most recent call last):
  File "/usr/local/lib/python3.12/site-packages/discord/client.py", line 465, in _run_event
    await coro(*args, **kwargs)
  File "/app/asu_discord/cogs/analytics.py", line 652, in on_member_update
    before_timeout = before.timed_out_until
                     ^^^^^^^^^^^^^^^^^^^^^^
AttributeError: 'Member' object has no attribute 'timed_out_until'
Ignoring exception in on_member_update
Traceback (most recent call last):
  File "/usr/local/lib/python3.12/site-packages/discord/client.py", line 465, in _run_event
    await coro(*args, **kwargs)
  File "/app/asu_discord/cogs/analytics.py", line 652, in on_member_update
    before_timeout = before.timed_out_until
                     ^^^^^^^^^^^^^^^^^^^^^^
AttributeError: 'Member' object has no attribute 'timed_out_until'
Ignoring exception in on_member_update
Traceback (most recent call last):
  File "/usr/local/lib/python3.12/site-packages/discord/client.py", line 465, in _run_event
    await coro(*args, **kwargs)
  File "/app/asu_discord/cogs/analytics.py", line 652, in on_member_update
    before_timeout = before.timed_out_until
                     ^^^^^^^^^^^^^^^^^^^^^^
AttributeError: 'Member' object has no attribute 'timed_out_until'
Ignoring exception in on_member_update
Traceback (most recent call last):
  File "/usr/local/lib/python3.12/site-packages/discord/client.py", line 465, in _run_event
    await coro(*args, **kwargs)
  File "/app/asu_discord/cogs/analytics.py", line 652, in on_member_update
    before_timeout = before.timed_out_until
                     ^^^^^^^^^^^^^^^^^^^^^^
AttributeError: 'Member' object has no attribute 'timed_out_until'
INFO:asu_discord.cogs.verification:Saved 5 roles to database for user ssimon38 (Discord ID: 1019382941421424670)
INFO:asu_discord.cogs.verification:Refreshed Salesforce roles for Discord user 1019382941421424670: -5/+5 roles, assigned=[Arizona Resident, Commited, First Year, Ira A. Fulton Schools of Engineering, Tempe]
Ignoring exception in on_member_update
Traceback (most recent call last):
  File "/usr/local/lib/python3.12/site-packages/discord/client.py", line 465, in _run_event
    await coro(*args, **kwargs)
  File "/app/asu_discord/cogs/analytics.py", line 652, in on_member_update
    before_timeout = before.timed_out_until
                     ^^^^^^^^^^^^^^^^^^^^^^
AttributeError: 'Member' object has no attribute 'timed_out_until'
Ignoring exception in on_member_update
Traceback (most recent call last):
  File "/usr/local/lib/python3.12/site-packages/discord/client.py", line 465, in _run_event
    await coro(*args, **kwargs)
  File "/app/asu_discord/cogs/analytics.py", line 652, in on_member_update
    before_timeout = before.timed_out_until
                     ^^^^^^^^^^^^^^^^^^^^^^
AttributeError: 'Member' object has no attribute 'timed_out_until'
Ignoring exception in on_member_update
Traceback (most recent call last):
  File "/usr/local/lib/python3.12/site-packages/discord/client.py", line 465, in _run_event
    await coro(*args, **kwargs)
  File "/app/asu_discord/cogs/analytics.py", line 652, in on_member_update
    before_timeout = before.timed_out_until
                     ^^^^^^^^^^^^^^^^^^^^^^
AttributeError: 'Member' object has no attribute 'timed_out_until'
Ignoring exception in on_member_update
Traceback (most recent call last):
  File "/usr/local/lib/python3.12/site-packages/discord/client.py", line 465, in _run_event
    await coro(*args, **kwargs)
  File "/app/asu_discord/cogs/analytics.py", line 652, in on_member_update
    before_timeout = before.timed_out_until
                     ^^^^^^^^^^^^^^^^^^^^^^
AttributeError: 'Member' object has no attribute 'timed_out_until'
Ignoring exception in on_member_update
Traceback (most recent call last):
  File "/usr/local/lib/python3.12/site-packages/discord/client.py", line 465, in _run_event
    await coro(*args, **kwargs)
  File "/app/asu_discord/cogs/analytics.py", line 652, in on_member_update
    before_timeout = before.timed_out_until
                     ^^^^^^^^^^^^^^^^^^^^^^
AttributeError: 'Member' object has no attribute 'timed_out_until'
Ignoring exception in on_member_update
Traceback (most recent call last):
  File "/usr/local/lib/python3.12/site-packages/discord/client.py", line 465, in _run_event
    await coro(*args, **kwargs)
  File "/app/asu_discord/cogs/analytics.py", line 652, in on_member_update
    before_timeout = before.timed_out_until
                     ^^^^^^^^^^^^^^^^^^^^^^
AttributeError: 'Member' object has no attribute 'timed_out_until'
Ignoring exception in on_member_update
Traceback (most recent call last):
  File "/usr/local/lib/python3.12/site-packages/discord/client.py", line 465, in _run_event
    await coro(*args, **kwargs)
  File "/app/asu_discord/cogs/analytics.py", line 652, in on_member_update
    before_timeout = before.timed_out_until
                     ^^^^^^^^^^^^^^^^^^^^^^
AttributeError: 'Member' object has no attribute 'timed_out_until'
Ignoring exception in on_member_update
Traceback (most recent call last):
  File "/usr/local/lib/python3.12/site-packages/discord/client.py", line 465, in _run_event
    await coro(*args, **kwargs)
  File "/app/asu_discord/cogs/analytics.py", line 652, in on_member_update
    before_timeout = before.timed_out_until
                     ^^^^^^^^^^^^^^^^^^^^^^
AttributeError: 'Member' object has no attribute 'timed_out_until'
Ignoring exception in on_member_update
Traceback (most recent call last):
  File "/usr/local/lib/python3.12/site-packages/discord/client.py", line 465, in _run_event
    await coro(*args, **kwargs)
  File "/app/asu_discord/cogs/analytics.py", line 652, in on_member_update
    before_timeout = before.timed_out_until
                     ^^^^^^^^^^^^^^^^^^^^^^
AttributeError: 'Member' object has no attribute 'timed_out_until'
Ignoring exception in on_member_update
Traceback (most recent call last):
  File "/usr/local/lib/python3.12/site-packages/discord/client.py", line 465, in _run_event
    await coro(*args, **kwargs)
  File "/app/asu_discord/cogs/analytics.py", line 652, in on_member_update
    before_timeout = before.timed_out_until
                     ^^^^^^^^^^^^^^^^^^^^^^
AttributeError: 'Member' object has no attribute 'timed_out_until'
INFO:asu_discord.cogs.verification:Saved 5 roles to database for user ggstaffo (Discord ID: 1496012667935002635)
INFO:asu_discord.cogs.verification:Refreshed Salesforce roles for Discord user 1496012667935002635: -5/+5 roles, assigned=[Commited, First Year, Ira A. Fulton Schools of Engineering, Out of State, Tempe]
Ignoring exception in on_member_update
Traceback (most recent call last):
  File "/usr/local/lib/python3.12/site-packages/discord/client.py", line 465, in _run_event
    await coro(*args, **kwargs)
  File "/app/asu_discord/cogs/analytics.py", line 652, in on_member_update
    before_timeout = before.timed_out_until
                     ^^^^^^^^^^^^^^^^^^^^^^
AttributeError: 'Member' object has no attribute 'timed_out_until'
Ignoring exception in on_member_update
Traceback (most recent call last):
  File "/usr/local/lib/python3.12/site-packages/discord/client.py", line 465, in _run_event
    await coro(*args, **kwargs)
  File "/app/asu_discord/cogs/analytics.py", line 652, in on_member_update
    before_timeout = before.timed_out_until
                     ^^^^^^^^^^^^^^^^^^^^^^
AttributeError: 'Member' object has no attribute 'timed_out_until'
Ignoring exception in on_member_update
Traceback (most recent call last):
  File "/usr/local/lib/python3.12/site-packages/discord/client.py", line 465, in _run_event
    await coro(*args, **kwargs)
  File "/app/asu_discord/cogs/analytics.py", line 652, in on_member_update
    before_timeout = before.timed_out_until
                     ^^^^^^^^^^^^^^^^^^^^^^
AttributeError: 'Member' object has no attribute 'timed_out_until'
Ignoring exception in on_member_update
Traceback (most recent call last):
  File "/usr/local/lib/python3.12/site-packages/discord/client.py", line 465, in _run_event
    await coro(*args, **kwargs)
  File "/app/asu_discord/cogs/analytics.py", line 652, in on_member_update
    before_timeout = before.timed_out_until
                     ^^^^^^^^^^^^^^^^^^^^^^
AttributeError: 'Member' object has no attribute 'timed_out_until'
Ignoring exception in on_member_update
Traceback (most recent call last):
  File "/usr/local/lib/python3.12/site-packages/discord/client.py", line 465, in _run_event
    await coro(*args, **kwargs)
  File "/app/asu_discord/cogs/analytics.py", line 652, in on_member_update
    before_timeout = before.timed_out_until
                     ^^^^^^^^^^^^^^^^^^^^^^
AttributeError: 'Member' object has no attribute 'timed_out_until'
Ignoring exception in on_member_update
Traceback (most recent call last):
  File "/usr/local/lib/python3.12/site-packages/discord/client.py", line 465, in _run_event
    await coro(*args, **kwargs)
  File "/app/asu_discord/cogs/analytics.py", line 652, in on_member_update
    before_timeout = before.timed_out_until
                     ^^^^^^^^^^^^^^^^^^^^^^
AttributeError: 'Member' object has no attribute 'timed_out_until'
Ignoring exception in on_member_update
Traceback (most recent call last):
  File "/usr/local/lib/python3.12/site-packages/discord/client.py", line 465, in _run_event
    await coro(*args, **kwargs)
  File "/app/asu_discord/cogs/analytics.py", line 652, in on_member_update
    before_timeout = before.timed_out_until
                     ^^^^^^^^^^^^^^^^^^^^^^
AttributeError: 'Member' object has no attribute 'timed_out_until'
Ignoring exception in on_member_update
Traceback (most recent call last):
  File "/usr/local/lib/python3.12/site-packages/discord/client.py", line 465, in _run_event
    await coro(*args, **kwargs)
  File "/app/asu_discord/cogs/analytics.py", line 652, in on_member_update
    before_timeout = before.timed_out_until
                     ^^^^^^^^^^^^^^^^^^^^^^
AttributeError: 'Member' object has no attribute 'timed_out_until'
INFO:asu_discord.cogs.verification:Saved 4 roles to database for user amnekui (Discord ID: 1430620000695091210)
INFO:asu_discord.cogs.verification:Refreshed Salesforce roles for Discord user 1430620000695091210: -4/+4 roles, assigned=[Commited, First Year, Ira A. Fulton Schools of Engineering, Tempe]
Ignoring exception in on_member_update
Traceback (most recent call last):
  File "/usr/local/lib/python3.12/site-packages/discord/client.py", line 465, in _run_event
    await coro(*args, **kwargs)
  File "/app/asu_discord/cogs/analytics.py", line 652, in on_member_update
    before_timeout = before.timed_out_until
                     ^^^^^^^^^^^^^^^^^^^^^^
AttributeError: 'Member' object has no attribute 'timed_out_until'
Ignoring exception in on_member_update
Traceback (most recent call last):
  File "/usr/local/lib/python3.12/site-packages/discord/client.py", line 465, in _run_event
    await coro(*args, **kwargs)
  File "/app/asu_discord/cogs/analytics.py", line 652, in on_member_update
    before_timeout = before.timed_out_until
                     ^^^^^^^^^^^^^^^^^^^^^^
AttributeError: 'Member' object has no attribute 'timed_out_until'
Ignoring exception in on_member_update
Traceback (most recent call last):
  File "/usr/local/lib/python3.12/site-packages/discord/client.py", line 465, in _run_event
    await coro(*args, **kwargs)
  File "/app/asu_discord/cogs/analytics.py", line 652, in on_member_update
    before_timeout = before.timed_out_until
                     ^^^^^^^^^^^^^^^^^^^^^^
AttributeError: 'Member' object has no attribute 'timed_out_until'
Ignoring exception in on_member_update
Traceback (most recent call last):
  File "/usr/local/lib/python3.12/site-packages/discord/client.py", line 465, in _run_event
    await coro(*args, **kwargs)
  File "/app/asu_discord/cogs/analytics.py", line 652, in on_member_update
    before_timeout = before.timed_out_until
                     ^^^^^^^^^^^^^^^^^^^^^^
AttributeError: 'Member' object has no attribute 'timed_out_until'
Ignoring exception in on_member_update
Traceback (most recent call last):
  File "/usr/local/lib/python3.12/site-packages/discord/client.py", line 465, in _run_event
    await coro(*args, **kwargs)
  File "/app/asu_discord/cogs/analytics.py", line 652, in on_member_update
    before_timeout = before.timed_out_until
                     ^^^^^^^^^^^^^^^^^^^^^^
AttributeError: 'Member' object has no attribute 'timed_out_until'
Ignoring exception in on_member_update
Traceback (most recent call last):
  File "/usr/local/lib/python3.12/site-packages/discord/client.py", line 465, in _run_event
    await coro(*args, **kwargs)
  File "/app/asu_discord/cogs/analytics.py", line 652, in on_member_update
    before_timeout = before.timed_out_until
                     ^^^^^^^^^^^^^^^^^^^^^^
AttributeError: 'Member' object has no attribute 'timed_out_until'
Ignoring exception in on_member_update
Traceback (most recent call last):
  File "/usr/local/lib/python3.12/site-packages/discord/client.py", line 465, in _run_event
    await coro(*args, **kwargs)
  File "/app/asu_discord/cogs/analytics.py", line 652, in on_member_update
    before_timeout = before.timed_out_until
                     ^^^^^^^^^^^^^^^^^^^^^^
AttributeError: 'Member' object has no attribute 'timed_out_until'
Ignoring exception in on_member_update
Traceback (most recent call last):
  File "/usr/local/lib/python3.12/site-packages/discord/client.py", line 465, in _run_event
    await coro(*args, **kwargs)
  File "/app/asu_discord/cogs/analytics.py", line 652, in on_member_update
    before_timeout = before.timed_out_until
                     ^^^^^^^^^^^^^^^^^^^^^^
AttributeError: 'Member' object has no attribute 'timed_out_until'
Ignoring exception in on_member_update
Traceback (most recent call last):
  File "/usr/local/lib/python3.12/site-packages/discord/client.py", line 465, in _run_event
    await coro(*args, **kwargs)
  File "/app/asu_discord/cogs/analytics.py", line 652, in on_member_update
    before_timeout = before.timed_out_until
                     ^^^^^^^^^^^^^^^^^^^^^^
AttributeError: 'Member' object has no attribute 'timed_out_until'
Ignoring exception in on_member_update
Traceback (most recent call last):
  File "/usr/local/lib/python3.12/site-packages/discord/client.py", line 465, in _run_event
    await coro(*args, **kwargs)
  File "/app/asu_discord/cogs/analytics.py", line 652, in on_member_update
    before_timeout = before.timed_out_until
                     ^^^^^^^^^^^^^^^^^^^^^^
AttributeError: 'Member' object has no attribute 'timed_out_until'
INFO:asu_discord.cogs.verification:Saved 5 roles to database for user erpaul12 (Discord ID: 1411789676842582036)
INFO:asu_discord.cogs.verification:Refreshed Salesforce roles for Discord user 1411789676842582036: -5/+5 roles, assigned=[Commited, Graduate Student, Herberger Institute for Design and the Arts, Out of State, Tempe]
Ignoring exception in on_member_update
Traceback (most recent call last):
  File "/usr/local/lib/python3.12/site-packages/discord/client.py", line 465, in _run_event
    await coro(*args, **kwargs)
  File "/app/asu_discord/cogs/analytics.py", line 652, in on_member_update
    before_timeout = before.timed_out_until
                     ^^^^^^^^^^^^^^^^^^^^^^
AttributeError: 'Member' object has no attribute 'timed_out_until'
Ignoring exception in on_member_update
Traceback (most recent call last):
  File "/usr/local/lib/python3.12/site-packages/discord/client.py", line 465, in _run_event
    await coro(*args, **kwargs)
  File "/app/asu_discord/cogs/analytics.py", line 652, in on_member_update
    before_timeout = before.timed_out_until
                     ^^^^^^^^^^^^^^^^^^^^^^
AttributeError: 'Member' object has no attribute 'timed_out_until'
Ignoring exception in on_member_update
Traceback (most recent call last):
  File "/usr/local/lib/python3.12/site-packages/discord/client.py", line 465, in _run_event
    await coro(*args, **kwargs)
  File "/app/asu_discord/cogs/analytics.py", line 652, in on_member_update
    before_timeout = before.timed_out_until
                     ^^^^^^^^^^^^^^^^^^^^^^
AttributeError: 'Member' object has no attribute 'timed_out_until'
Ignoring exception in on_member_update
Traceback (most recent call last):
  File "/usr/local/lib/python3.12/site-packages/discord/client.py", line 465, in _run_event
    await coro(*args, **kwargs)
  File "/app/asu_discord/cogs/analytics.py", line 652, in on_member_update
    before_timeout = before.timed_out_until
                     ^^^^^^^^^^^^^^^^^^^^^^
AttributeError: 'Member' object has no attribute 'timed_out_until'
Ignoring exception in on_member_update
Traceback (most recent call last):
  File "/usr/local/lib/python3.12/site-packages/discord/client.py", line 465, in _run_event
    await coro(*args, **kwargs)
  File "/app/asu_discord/cogs/analytics.py", line 652, in on_member_update
    before_timeout = before.timed_out_until
                     ^^^^^^^^^^^^^^^^^^^^^^
AttributeError: 'Member' object has no attribute 'timed_out_until'
Ignoring exception in on_member_update
Traceback (most recent call last):
  File "/usr/local/lib/python3.12/site-packages/discord/client.py", line 465, in _run_event
    await coro(*args, **kwargs)
  File "/app/asu_discord/cogs/analytics.py", line 652, in on_member_update
    before_timeout = before.timed_out_until
                     ^^^^^^^^^^^^^^^^^^^^^^
AttributeError: 'Member' object has no attribute 'timed_out_until'
Ignoring exception in on_member_update
Traceback (most recent call last):
  File "/usr/local/lib/python3.12/site-packages/discord/client.py", line 465, in _run_event
    await coro(*args, **kwargs)
  File "/app/asu_discord/cogs/analytics.py", line 652, in on_member_update
    before_timeout = before.timed_out_until
                     ^^^^^^^^^^^^^^^^^^^^^^
AttributeError: 'Member' object has no attribute 'timed_out_until'
Ignoring exception in on_member_update
Traceback (most recent call last):
  File "/usr/local/lib/python3.12/site-packages/discord/client.py", line 465, in _run_event
    await coro(*args, **kwargs)
  File "/app/asu_discord/cogs/analytics.py", line 652, in on_member_update
    before_timeout = before.timed_out_until
                     ^^^^^^^^^^^^^^^^^^^^^^
AttributeError: 'Member' object has no attribute 'timed_out_until'
INFO:asu_discord.cogs.verification:Saved 4 roles to database for user rmjerni1 (Discord ID: 283763417712689152)
INFO:asu_discord.cogs.verification:Refreshed Salesforce roles for Discord user 283763417712689152: -4/+4 roles, assigned=[First Year, Ira A. Fulton Schools of Engineering, Out of State, Tempe]
Ignoring exception in on_member_update
Traceback (most recent call last):
  File "/usr/local/lib/python3.12/site-packages/discord/client.py", line 465, in _run_event
    await coro(*args, **kwargs)
  File "/app/asu_discord/cogs/analytics.py", line 652, in on_member_update
    before_timeout = before.timed_out_until
                     ^^^^^^^^^^^^^^^^^^^^^^
AttributeError: 'Member' object has no attribute 'timed_out_until'
Ignoring exception in on_member_update
Traceback (most recent call last):
  File "/usr/local/lib/python3.12/site-packages/discord/client.py", line 465, in _run_event
    await coro(*args, **kwargs)
  File "/app/asu_discord/cogs/analytics.py", line 652, in on_member_update
    before_timeout = before.timed_out_until
                     ^^^^^^^^^^^^^^^^^^^^^^
AttributeError: 'Member' object has no attribute 'timed_out_until'
Ignoring exception in on_member_update
Traceback (most recent call last):
  File "/usr/local/lib/python3.12/site-packages/discord/client.py", line 465, in _run_event
    await coro(*args, **kwargs)
  File "/app/asu_discord/cogs/analytics.py", line 652, in on_member_update
    before_timeout = before.timed_out_until
                     ^^^^^^^^^^^^^^^^^^^^^^
AttributeError: 'Member' object has no attribute 'timed_out_until'
Ignoring exception in on_member_update
Traceback (most recent call last):
  File "/usr/local/lib/python3.12/site-packages/discord/client.py", line 465, in _run_event
    await coro(*args, **kwargs)
  File "/app/asu_discord/cogs/analytics.py", line 652, in on_member_update
    before_timeout = before.timed_out_until
                     ^^^^^^^^^^^^^^^^^^^^^^
AttributeError: 'Member' object has no attribute 'timed_out_until'
Ignoring exception in on_member_update
Traceback (most recent call last):
  File "/usr/local/lib/python3.12/site-packages/discord/client.py", line 465, in _run_event
    await coro(*args, **kwargs)
  File "/app/asu_discord/cogs/analytics.py", line 652, in on_member_update
    before_timeout = before.timed_out_until
                     ^^^^^^^^^^^^^^^^^^^^^^
AttributeError: 'Member' object has no attribute 'timed_out_until'
Ignoring exception in on_member_update
Traceback (most recent call last):
  File "/usr/local/lib/python3.12/site-packages/discord/client.py", line 465, in _run_event
    await coro(*args, **kwargs)
  File "/app/asu_discord/cogs/analytics.py", line 652, in on_member_update
    before_timeout = before.timed_out_until
                     ^^^^^^^^^^^^^^^^^^^^^^
AttributeError: 'Member' object has no attribute 'timed_out_until'
Ignoring exception in on_member_update
Traceback (most recent call last):
  File "/usr/local/lib/python3.12/site-packages/discord/client.py", line 465, in _run_event
    await coro(*args, **kwargs)
  File "/app/asu_discord/cogs/analytics.py", line 652, in on_member_update
    before_timeout = before.timed_out_until
                     ^^^^^^^^^^^^^^^^^^^^^^
AttributeError: 'Member' object has no attribute 'timed_out_until'
Ignoring exception in on_member_update
Traceback (most recent call last):
  File "/usr/local/lib/python3.12/site-packages/discord/client.py", line 465, in _run_event
    await coro(*args, **kwargs)
  File "/app/asu_discord/cogs/analytics.py", line 652, in on_member_update
    before_timeout = before.timed_out_until
                     ^^^^^^^^^^^^^^^^^^^^^^
AttributeError: 'Member' object has no attribute 'timed_out_until'
Ignoring exception in on_member_update
Traceback (most recent call last):
  File "/usr/local/lib/python3.12/site-packages/discord/client.py", line 465, in _run_event
    await coro(*args, **kwargs)
  File "/app/asu_discord/cogs/analytics.py", line 652, in on_member_update
    before_timeout = before.timed_out_until
                     ^^^^^^^^^^^^^^^^^^^^^^
AttributeError: 'Member' object has no attribute 'timed_out_until'
Ignoring exception in on_member_update
Traceback (most recent call last):
  File "/usr/local/lib/python3.12/site-packages/discord/client.py", line 465, in _run_event
    await coro(*args, **kwargs)
  File "/app/asu_discord/cogs/analytics.py", line 652, in on_member_update
    before_timeout = before.timed_out_until
                     ^^^^^^^^^^^^^^^^^^^^^^
AttributeError: 'Member' object has no attribute 'timed_out_until'
Ignoring exception in on_member_update
Traceback (most recent call last):
  File "/usr/local/lib/python3.12/site-packages/discord/client.py", line 465, in _run_event
    await coro(*args, **kwargs)
  File "/app/asu_discord/cogs/analytics.py", line 652, in on_member_update
    before_timeout = before.timed_out_until
                     ^^^^^^^^^^^^^^^^^^^^^^
AttributeError: 'Member' object has no attribute 'timed_out_until'
Ignoring exception in on_member_update
Traceback (most recent call last):
  File "/usr/local/lib/python3.12/site-packages/discord/client.py", line 465, in _run_event
    await coro(*args, **kwargs)
  File "/app/asu_discord/cogs/analytics.py", line 652, in on_member_update
    before_timeout = before.timed_out_until
                     ^^^^^^^^^^^^^^^^^^^^^^
AttributeError: 'Member' object has no attribute 'timed_out_until'
Ignoring exception in on_member_update
Traceback (most recent call last):
  File "/usr/local/lib/python3.12/site-packages/discord/client.py", line 465, in _run_event
    await coro(*args, **kwargs)
  File "/app/asu_discord/cogs/analytics.py", line 652, in on_member_update
    before_timeout = before.timed_out_until
                     ^^^^^^^^^^^^^^^^^^^^^^
AttributeError: 'Member' object has no attribute 'timed_out_until'
INFO:asu_discord.cogs.verification:Saved 6 roles to database for user raruiz18 (Discord ID: 530890243168141334)
INFO:asu_discord.cogs.verification:Refreshed Salesforce roles for Discord user 530890243168141334: -6/+6 roles, assigned=[Commited, First Generation Student, Ira A. Fulton Schools of Engineering, Out of State, Polytechnic, Transfer Student]
Ignoring exception in on_member_update
Traceback (most recent call last):
  File "/usr/local/lib/python3.12/site-packages/discord/client.py", line 465, in _run_event
    await coro(*args, **kwargs)
  File "/app/asu_discord/cogs/analytics.py", line 652, in on_member_update
    before_timeout = before.timed_out_until
                     ^^^^^^^^^^^^^^^^^^^^^^
AttributeError: 'Member' object has no attribute 'timed_out_until'
Ignoring exception in on_member_update
Traceback (most recent call last):
  File "/usr/local/lib/python3.12/site-packages/discord/client.py", line 465, in _run_event
    await coro(*args, **kwargs)
  File "/app/asu_discord/cogs/analytics.py", line 652, in on_member_update
    before_timeout = before.timed_out_until
                     ^^^^^^^^^^^^^^^^^^^^^^
AttributeError: 'Member' object has no attribute 'timed_out_until'
Ignoring exception in on_member_update
Traceback (most recent call last):
  File "/usr/local/lib/python3.12/site-packages/discord/client.py", line 465, in _run_event
    await coro(*args, **kwargs)
  File "/app/asu_discord/cogs/analytics.py", line 652, in on_member_update
    before_timeout = before.timed_out_until
                     ^^^^^^^^^^^^^^^^^^^^^^
AttributeError: 'Member' object has no attribute 'timed_out_until'
Ignoring exception in on_member_update
Traceback (most recent call last):
  File "/usr/local/lib/python3.12/site-packages/discord/client.py", line 465, in _run_event
    await coro(*args, **kwargs)
  File "/app/asu_discord/cogs/analytics.py", line 652, in on_member_update
    before_timeout = before.timed_out_until
                     ^^^^^^^^^^^^^^^^^^^^^^
AttributeError: 'Member' object has no attribute 'timed_out_until'
Ignoring exception in on_member_update
Traceback (most recent call last):
  File "/usr/local/lib/python3.12/site-packages/discord/client.py", line 465, in _run_event
    await coro(*args, **kwargs)
  File "/app/asu_discord/cogs/analytics.py", line 652, in on_member_update
    before_timeout = before.timed_out_until
                     ^^^^^^^^^^^^^^^^^^^^^^
AttributeError: 'Member' object has no attribute 'timed_out_until'
Ignoring exception in on_member_update
Traceback (most recent call last):
  File "/usr/local/lib/python3.12/site-packages/discord/client.py", line 465, in _run_event
    await coro(*args, **kwargs)
  File "/app/asu_discord/cogs/analytics.py", line 652, in on_member_update
    before_timeout = before.timed_out_until
                     ^^^^^^^^^^^^^^^^^^^^^^
AttributeError: 'Member' object has no attribute 'timed_out_until'
Ignoring exception in on_member_update
Traceback (most recent call last):
  File "/usr/local/lib/python3.12/site-packages/discord/client.py", line 465, in _run_event
    await coro(*args, **kwargs)
  File "/app/asu_discord/cogs/analytics.py", line 652, in on_member_update
    before_timeout = before.timed_out_until
                     ^^^^^^^^^^^^^^^^^^^^^^
AttributeError: 'Member' object has no attribute 'timed_out_until'
Ignoring exception in on_member_update
Traceback (most recent call last):
  File "/usr/local/lib/python3.12/site-packages/discord/client.py", line 465, in _run_event
    await coro(*args, **kwargs)
  File "/app/asu_discord/cogs/analytics.py", line 652, in on_member_update
    before_timeout = before.timed_out_until
                     ^^^^^^^^^^^^^^^^^^^^^^
AttributeError: 'Member' object has no attribute 'timed_out_until'
Ignoring exception in on_member_update
Traceback (most recent call last):
  File "/usr/local/lib/python3.12/site-packages/discord/client.py", line 465, in _run_event
    await coro(*args, **kwargs)
  File "/app/asu_discord/cogs/analytics.py", line 652, in on_member_update
    before_timeout = before.timed_out_until
                     ^^^^^^^^^^^^^^^^^^^^^^
AttributeError: 'Member' object has no attribute 'timed_out_until'
Ignoring exception in on_member_update
Traceback (most recent call last):
  File "/usr/local/lib/python3.12/site-packages/discord/client.py", line 465, in _run_event
    await coro(*args, **kwargs)
  File "/app/asu_discord/cogs/analytics.py", line 652, in on_member_update
    before_timeout = before.timed_out_until
                     ^^^^^^^^^^^^^^^^^^^^^^
AttributeError: 'Member' object has no attribute 'timed_out_until'
INFO:asu_discord.cogs.verification:Saved 5 roles to database for user weizhu (Discord ID: 1495889862342217738)
INFO:asu_discord.cogs.verification:Refreshed Salesforce roles for Discord user 1495889862342217738: -5/+5 roles, assigned=[First Generation Student, Graduate Student, International Student, Ira A. Fulton Schools of Engineering, Tempe]
Ignoring exception in on_member_update
Traceback (most recent call last):
  File "/usr/local/lib/python3.12/site-packages/discord/client.py", line 465, in _run_event
    await coro(*args, **kwargs)
  File "/app/asu_discord/cogs/analytics.py", line 652, in on_member_update
    before_timeout = before.timed_out_until
                     ^^^^^^^^^^^^^^^^^^^^^^
AttributeError: 'Member' object has no attribute 'timed_out_until'
Ignoring exception in on_member_update
Traceback (most recent call last):
  File "/usr/local/lib/python3.12/site-packages/discord/client.py", line 465, in _run_event
    await coro(*args, **kwargs)
  File "/app/asu_discord/cogs/analytics.py", line 652, in on_member_update
    before_timeout = before.timed_out_until
                     ^^^^^^^^^^^^^^^^^^^^^^
AttributeError: 'Member' object has no attribute 'timed_out_until'
Ignoring exception in on_member_update
Traceback (most recent call last):
  File "/usr/local/lib/python3.12/site-packages/discord/client.py", line 465, in _run_event
    await coro(*args, **kwargs)
  File "/app/asu_discord/cogs/analytics.py", line 652, in on_member_update
    before_timeout = before.timed_out_until
                     ^^^^^^^^^^^^^^^^^^^^^^
AttributeError: 'Member' object has no attribute 'timed_out_until'
Ignoring exception in on_member_update
Traceback (most recent call last):
  File "/usr/local/lib/python3.12/site-packages/discord/client.py", line 465, in _run_event
    await coro(*args, **kwargs)
  File "/app/asu_discord/cogs/analytics.py", line 652, in on_member_update
    before_timeout = before.timed_out_until
                     ^^^^^^^^^^^^^^^^^^^^^^
AttributeError: 'Member' object has no attribute 'timed_out_until'
Ignoring exception in on_member_update
Traceback (most recent call last):
  File "/usr/local/lib/python3.12/site-packages/discord/client.py", line 465, in _run_event
    await coro(*args, **kwargs)
  File "/app/asu_discord/cogs/analytics.py", line 652, in on_member_update
    before_timeout = before.timed_out_until
                     ^^^^^^^^^^^^^^^^^^^^^^
AttributeError: 'Member' object has no attribute 'timed_out_until'
Ignoring exception in on_member_update
Traceback (most recent call last):
  File "/usr/local/lib/python3.12/site-packages/discord/client.py", line 465, in _run_event
    await coro(*args, **kwargs)
  File "/app/asu_discord/cogs/analytics.py", line 652, in on_member_update
    before_timeout = before.timed_out_until
                     ^^^^^^^^^^^^^^^^^^^^^^
AttributeError: 'Member' object has no attribute 'timed_out_until'
Ignoring exception in on_member_update
Traceback (most recent call last):
  File "/usr/local/lib/python3.12/site-packages/discord/client.py", line 465, in _run_event
    await coro(*args, **kwargs)
  File "/app/asu_discord/cogs/analytics.py", line 652, in on_member_update
    before_timeout = before.timed_out_until
                     ^^^^^^^^^^^^^^^^^^^^^^
AttributeError: 'Member' object has no attribute 'timed_out_until'
Ignoring exception in on_member_update
Traceback (most recent call last):
  File "/usr/local/lib/python3.12/site-packages/discord/client.py", line 465, in _run_event
    await coro(*args, **kwargs)
  File "/app/asu_discord/cogs/analytics.py", line 652, in on_member_update
    before_timeout = before.timed_out_until
                     ^^^^^^^^^^^^^^^^^^^^^^
AttributeError: 'Member' object has no attribute 'timed_out_until'
Ignoring exception in on_member_update
Traceback (most recent call last):
  File "/usr/local/lib/python3.12/site-packages/discord/client.py", line 465, in _run_event
    await coro(*args, **kwargs)
  File "/app/asu_discord/cogs/analytics.py", line 652, in on_member_update
    before_timeout = before.timed_out_until
                     ^^^^^^^^^^^^^^^^^^^^^^
AttributeError: 'Member' object has no attribute 'timed_out_until'
Ignoring exception in on_member_update
Traceback (most recent call last):
  File "/usr/local/lib/python3.12/site-packages/discord/client.py", line 465, in _run_event
    await coro(*args, **kwargs)
  File "/app/asu_discord/cogs/analytics.py", line 652, in on_member_update
    before_timeout = before.timed_out_until
                     ^^^^^^^^^^^^^^^^^^^^^^
AttributeError: 'Member' object has no attribute 'timed_out_until'
Ignoring exception in on_member_update
Traceback (most recent call last):
  File "/usr/local/lib/python3.12/site-packages/discord/client.py", line 465, in _run_event
    await coro(*args, **kwargs)
  File "/app/asu_discord/cogs/analytics.py", line 652, in on_member_update
    before_timeout = before.timed_out_until
                     ^^^^^^^^^^^^^^^^^^^^^^
AttributeError: 'Member' object has no attribute 'timed_out_until'
Ignoring exception in on_member_update
Traceback (most recent call last):
  File "/usr/local/lib/python3.12/site-packages/discord/client.py", line 465, in _run_event
    await coro(*args, **kwargs)
  File "/app/asu_discord/cogs/analytics.py", line 652, in on_member_update
    before_timeout = before.timed_out_until
                     ^^^^^^^^^^^^^^^^^^^^^^
AttributeError: 'Member' object has no attribute 'timed_out_until'
INFO:asu_discord.cogs.verification:Saved 6 roles to database for user bocasill (Discord ID: 639960784587456515)
INFO:asu_discord.cogs.verification:Refreshed Salesforce roles for Discord user 639960784587456515: -6/+6 roles, assigned=[Arizona Resident, Commited, First Year, Ira A. Fulton Schools of Engineering, Tempe, Upperclassmen]
Ignoring exception in on_member_update
Traceback (most recent call last):
  File "/usr/local/lib/python3.12/site-packages/discord/client.py", line 465, in _run_event
    await coro(*args, **kwargs)
  File "/app/asu_discord/cogs/analytics.py", line 652, in on_member_update
    before_timeout = before.timed_out_until
                     ^^^^^^^^^^^^^^^^^^^^^^
AttributeError: 'Member' object has no attribute 'timed_out_until'
INFO:asu_discord.cogs.verification:Saved 1 roles to database for user acmart71 (Discord ID: 683461415444414470)
INFO:asu_discord.cogs.verification:Refreshed Salesforce roles for Discord user 683461415444414470: -0/+1 roles, assigned=[Out of State]
Ignoring exception in on_member_update
Traceback (most recent call last):
  File "/usr/local/lib/python3.12/site-packages/discord/client.py", line 465, in _run_event
    await coro(*args, **kwargs)
  File "/app/asu_discord/cogs/analytics.py", line 652, in on_member_update
    before_timeout = before.timed_out_until
                     ^^^^^^^^^^^^^^^^^^^^^^
AttributeError: 'Member' object has no attribute 'timed_out_until'
Ignoring exception in on_member_update
Traceback (most recent call last):
  File "/usr/local/lib/python3.12/site-packages/discord/client.py", line 465, in _run_event
    await coro(*args, **kwargs)
  File "/app/asu_discord/cogs/analytics.py", line 652, in on_member_update
    before_timeout = before.timed_out_until
                     ^^^^^^^^^^^^^^^^^^^^^^
AttributeError: 'Member' object has no attribute 'timed_out_until'
Ignoring exception in on_member_update
Traceback (most recent call last):
  File "/usr/local/lib/python3.12/site-packages/discord/client.py", line 465, in _run_event
    await coro(*args, **kwargs)
  File "/app/asu_discord/cogs/analytics.py", line 652, in on_member_update
    before_timeout = before.timed_out_until
                     ^^^^^^^^^^^^^^^^^^^^^^
AttributeError: 'Member' object has no attribute 'timed_out_until'
Ignoring exception in on_member_update
Traceback (most recent call last):
  File "/usr/local/lib/python3.12/site-packages/discord/client.py", line 465, in _run_event
    await coro(*args, **kwargs)
  File "/app/asu_discord/cogs/analytics.py", line 652, in on_member_update
    before_timeout = before.timed_out_until
                     ^^^^^^^^^^^^^^^^^^^^^^
AttributeError: 'Member' object has no attribute 'timed_out_until'
Ignoring exception in on_member_update
Traceback (most recent call last):
  File "/usr/local/lib/python3.12/site-packages/discord/client.py", line 465, in _run_event
    await coro(*args, **kwargs)
  File "/app/asu_discord/cogs/analytics.py", line 652, in on_member_update
    before_timeout = before.timed_out_until
                     ^^^^^^^^^^^^^^^^^^^^^^
AttributeError: 'Member' object has no attribute 'timed_out_until'
Ignoring exception in on_member_update
Traceback (most recent call last):
  File "/usr/local/lib/python3.12/site-packages/discord/client.py", line 465, in _run_event
    await coro(*args, **kwargs)
  File "/app/asu_discord/cogs/analytics.py", line 652, in on_member_update
    before_timeout = before.timed_out_until
                     ^^^^^^^^^^^^^^^^^^^^^^
AttributeError: 'Member' object has no attribute 'timed_out_until'
Ignoring exception in on_member_update
Traceback (most recent call last):
  File "/usr/local/lib/python3.12/site-packages/discord/client.py", line 465, in _run_event
    await coro(*args, **kwargs)
  File "/app/asu_discord/cogs/analytics.py", line 652, in on_member_update
    before_timeout = before.timed_out_until
                     ^^^^^^^^^^^^^^^^^^^^^^
AttributeError: 'Member' object has no attribute 'timed_out_until'
Ignoring exception in on_member_update
Traceback (most recent call last):
  File "/usr/local/lib/python3.12/site-packages/discord/client.py", line 465, in _run_event
    await coro(*args, **kwargs)
  File "/app/asu_discord/cogs/analytics.py", line 652, in on_member_update
    before_timeout = before.timed_out_until
                     ^^^^^^^^^^^^^^^^^^^^^^
AttributeError: 'Member' object has no attribute 'timed_out_until'
Ignoring exception in on_member_update
Traceback (most recent call last):
  File "/usr/local/lib/python3.12/site-packages/discord/client.py", line 465, in _run_event
    await coro(*args, **kwargs)
  File "/app/asu_discord/cogs/analytics.py", line 652, in on_member_update
    before_timeout = before.timed_out_until
                     ^^^^^^^^^^^^^^^^^^^^^^
AttributeError: 'Member' object has no attribute 'timed_out_until'
Ignoring exception in on_member_update
Traceback (most recent call last):
  File "/usr/local/lib/python3.12/site-packages/discord/client.py", line 465, in _run_event
    await coro(*args, **kwargs)
  File "/app/asu_discord/cogs/analytics.py", line 652, in on_member_update
    before_timeout = before.timed_out_until
                     ^^^^^^^^^^^^^^^^^^^^^^
AttributeError: 'Member' object has no attribute 'timed_out_until'
INFO:asu_discord.cogs.verification:Saved 5 roles to database for user aksoare (Discord ID: 1496270849337069690)
INFO:asu_discord.cogs.verification:Refreshed Salesforce roles for Discord user 1496270849337069690: -5/+5 roles, assigned=[Arizona Resident, College of Integrative Sciences and Arts, Commited, First Year, Polytechnic]
Ignoring exception in on_member_update
Traceback (most recent call last):
  File "/usr/local/lib/python3.12/site-packages/discord/client.py", line 465, in _run_event
    await coro(*args, **kwargs)
  File "/app/asu_discord/cogs/analytics.py", line 652, in on_member_update
    before_timeout = before.timed_out_until
                     ^^^^^^^^^^^^^^^^^^^^^^
AttributeError: 'Member' object has no attribute 'timed_out_until'
Ignoring exception in on_member_update
Traceback (most recent call last):
  File "/usr/local/lib/python3.12/site-packages/discord/client.py", line 465, in _run_event
    await coro(*args, **kwargs)
  File "/app/asu_discord/cogs/analytics.py", line 652, in on_member_update
    before_timeout = before.timed_out_until
                     ^^^^^^^^^^^^^^^^^^^^^^
AttributeError: 'Member' object has no attribute 'timed_out_until'
Ignoring exception in on_member_update
Traceback (most recent call last):
  File "/usr/local/lib/python3.12/site-packages/discord/client.py", line 465, in _run_event
    await coro(*args, **kwargs)
  File "/app/asu_discord/cogs/analytics.py", line 652, in on_member_update
    before_timeout = before.timed_out_until
                     ^^^^^^^^^^^^^^^^^^^^^^
AttributeError: 'Member' object has no attribute 'timed_out_until'
Ignoring exception in on_member_update
Traceback (most recent call last):
  File "/usr/local/lib/python3.12/site-packages/discord/client.py", line 465, in _run_event
    await coro(*args, **kwargs)
  File "/app/asu_discord/cogs/analytics.py", line 652, in on_member_update
    before_timeout = before.timed_out_until
                     ^^^^^^^^^^^^^^^^^^^^^^
AttributeError: 'Member' object has no attribute 'timed_out_until'
Ignoring exception in on_member_update
Traceback (most recent call last):
  File "/usr/local/lib/python3.12/site-packages/discord/client.py", line 465, in _run_event
    await coro(*args, **kwargs)
  File "/app/asu_discord/cogs/analytics.py", line 652, in on_member_update
    before_timeout = before.timed_out_until
                     ^^^^^^^^^^^^^^^^^^^^^^
AttributeError: 'Member' object has no attribute 'timed_out_until'
Ignoring exception in on_member_update
Traceback (most recent call last):
  File "/usr/local/lib/python3.12/site-packages/discord/client.py", line 465, in _run_event
    await coro(*args, **kwargs)
  File "/app/asu_discord/cogs/analytics.py", line 652, in on_member_update
    before_timeout = before.timed_out_until
                     ^^^^^^^^^^^^^^^^^^^^^^
AttributeError: 'Member' object has no attribute 'timed_out_until'
Ignoring exception in on_member_update
Traceback (most recent call last):
  File "/usr/local/lib/python3.12/site-packages/discord/client.py", line 465, in _run_event
    await coro(*args, **kwargs)
  File "/app/asu_discord/cogs/analytics.py", line 652, in on_member_update
    before_timeout = before.timed_out_until
                     ^^^^^^^^^^^^^^^^^^^^^^
AttributeError: 'Member' object has no attribute 'timed_out_until'
Ignoring exception in on_member_update
Traceback (most recent call last):
  File "/usr/local/lib/python3.12/site-packages/discord/client.py", line 465, in _run_event
    await coro(*args, **kwargs)
  File "/app/asu_discord/cogs/analytics.py", line 652, in on_member_update
    before_timeout = before.timed_out_until
                     ^^^^^^^^^^^^^^^^^^^^^^
AttributeError: 'Member' object has no attribute 'timed_out_until'
INFO:asu_discord.cogs.verification:Saved 4 roles to database for user cadurha2 (Discord ID: 262323800933269504)
INFO:asu_discord.cogs.verification:Refreshed Salesforce roles for Discord user 262323800933269504: -4/+4 roles, assigned=[First Year, Ira A. Fulton Schools of Engineering, Online, Out of State]
Ignoring exception in on_member_update
Traceback (most recent call last):
  File "/usr/local/lib/python3.12/site-packages/discord/client.py", line 465, in _run_event
    await coro(*args, **kwargs)
  File "/app/asu_discord/cogs/analytics.py", line 652, in on_member_update
    before_timeout = before.timed_out_until
                     ^^^^^^^^^^^^^^^^^^^^^^
AttributeError: 'Member' object has no attribute 'timed_out_until'
Ignoring exception in on_member_update
Traceback (most recent call last):
  File "/usr/local/lib/python3.12/site-packages/discord/client.py", line 465, in _run_event
    await coro(*args, **kwargs)
  File "/app/asu_discord/cogs/analytics.py", line 652, in on_member_update
    before_timeout = before.timed_out_until
                     ^^^^^^^^^^^^^^^^^^^^^^
AttributeError: 'Member' object has no attribute 'timed_out_until'
Ignoring exception in on_member_update
Traceback (most recent call last):
  File "/usr/local/lib/python3.12/site-packages/discord/client.py", line 465, in _run_event
    await coro(*args, **kwargs)
  File "/app/asu_discord/cogs/analytics.py", line 652, in on_member_update
    before_timeout = before.timed_out_until
                     ^^^^^^^^^^^^^^^^^^^^^^
AttributeError: 'Member' object has no attribute 'timed_out_until'
Ignoring exception in on_member_update
Traceback (most recent call last):
  File "/usr/local/lib/python3.12/site-packages/discord/client.py", line 465, in _run_event
    await coro(*args, **kwargs)
  File "/app/asu_discord/cogs/analytics.py", line 652, in on_member_update
    before_timeout = before.timed_out_until
                     ^^^^^^^^^^^^^^^^^^^^^^
AttributeError: 'Member' object has no attribute 'timed_out_until'
Ignoring exception in on_member_update
Traceback (most recent call last):
  File "/usr/local/lib/python3.12/site-packages/discord/client.py", line 465, in _run_event
    await coro(*args, **kwargs)
  File "/app/asu_discord/cogs/analytics.py", line 652, in on_member_update
    before_timeout = before.timed_out_until
                     ^^^^^^^^^^^^^^^^^^^^^^
AttributeError: 'Member' object has no attribute 'timed_out_until'
Ignoring exception in on_member_update
Traceback (most recent call last):
  File "/usr/local/lib/python3.12/site-packages/discord/client.py", line 465, in _run_event
    await coro(*args, **kwargs)
  File "/app/asu_discord/cogs/analytics.py", line 652, in on_member_update
    before_timeout = before.timed_out_until
                     ^^^^^^^^^^^^^^^^^^^^^^
AttributeError: 'Member' object has no attribute 'timed_out_until'
Ignoring exception in on_member_update
Traceback (most recent call last):
  File "/usr/local/lib/python3.12/site-packages/discord/client.py", line 465, in _run_event
    await coro(*args, **kwargs)
  File "/app/asu_discord/cogs/analytics.py", line 652, in on_member_update
    before_timeout = before.timed_out_until
                     ^^^^^^^^^^^^^^^^^^^^^^
AttributeError: 'Member' object has no attribute 'timed_out_until'
Ignoring exception in on_member_update
Traceback (most recent call last):
  File "/usr/local/lib/python3.12/site-packages/discord/client.py", line 465, in _run_event
    await coro(*args, **kwargs)
  File "/app/asu_discord/cogs/analytics.py", line 652, in on_member_update
    before_timeout = before.timed_out_until
                     ^^^^^^^^^^^^^^^^^^^^^^
AttributeError: 'Member' object has no attribute 'timed_out_until'
Ignoring exception in on_member_update
Traceback (most recent call last):
  File "/usr/local/lib/python3.12/site-packages/discord/client.py", line 465, in _run_event
    await coro(*args, **kwargs)
  File "/app/asu_discord/cogs/analytics.py", line 652, in on_member_update
    before_timeout = before.timed_out_until
                     ^^^^^^^^^^^^^^^^^^^^^^
AttributeError: 'Member' object has no attribute 'timed_out_until'
INFO:asu_discord.cogs.verification:Saved 5 roles to database for user wingyuya (Discord ID: 736114027578654754)
INFO:asu_discord.cogs.verification:Refreshed Salesforce roles for Discord user 736114027578654754: -5/+4 roles, assigned=[Arizona Resident, Commited, Downtown Phoenix, Edson College of Nursing and Health Innovation, Transfer Student]
Ignoring exception in on_member_update
Traceback (most recent call last):
  File "/usr/local/lib/python3.12/site-packages/discord/client.py", line 465, in _run_event
    await coro(*args, **kwargs)
  File "/app/asu_discord/cogs/analytics.py", line 652, in on_member_update
    before_timeout = before.timed_out_until
                     ^^^^^^^^^^^^^^^^^^^^^^
AttributeError: 'Member' object has no attribute 'timed_out_until'
Ignoring exception in on_member_update
Traceback (most recent call last):
  File "/usr/local/lib/python3.12/site-packages/discord/client.py", line 465, in _run_event
    await coro(*args, **kwargs)
  File "/app/asu_discord/cogs/analytics.py", line 652, in on_member_update
    before_timeout = before.timed_out_until
                     ^^^^^^^^^^^^^^^^^^^^^^
AttributeError: 'Member' object has no attribute 'timed_out_until'
Ignoring exception in on_member_update
Traceback (most recent call last):
  File "/usr/local/lib/python3.12/site-packages/discord/client.py", line 465, in _run_event
    await coro(*args, **kwargs)
  File "/app/asu_discord/cogs/analytics.py", line 652, in on_member_update
    before_timeout = before.timed_out_until
                     ^^^^^^^^^^^^^^^^^^^^^^
AttributeError: 'Member' object has no attribute 'timed_out_until'
Ignoring exception in on_member_update
Traceback (most recent call last):
  File "/usr/local/lib/python3.12/site-packages/discord/client.py", line 465, in _run_event
    await coro(*args, **kwargs)
  File "/app/asu_discord/cogs/analytics.py", line 652, in on_member_update
    before_timeout = before.timed_out_until
                     ^^^^^^^^^^^^^^^^^^^^^^
AttributeError: 'Member' object has no attribute 'timed_out_until'
Ignoring exception in on_member_update
Traceback (most recent call last):
  File "/usr/local/lib/python3.12/site-packages/discord/client.py", line 465, in _run_event
    await coro(*args, **kwargs)
  File "/app/asu_discord/cogs/analytics.py", line 652, in on_member_update
    before_timeout = before.timed_out_until
                     ^^^^^^^^^^^^^^^^^^^^^^
AttributeError: 'Member' object has no attribute 'timed_out_until'
Ignoring exception in on_member_update
Traceback (most recent call last):
  File "/usr/local/lib/python3.12/site-packages/discord/client.py", line 465, in _run_event
    await coro(*args, **kwargs)
  File "/app/asu_discord/cogs/analytics.py", line 652, in on_member_update
    before_timeout = before.timed_out_until
                     ^^^^^^^^^^^^^^^^^^^^^^
AttributeError: 'Member' object has no attribute 'timed_out_until'
Ignoring exception in on_member_update
Traceback (most recent call last):
  File "/usr/local/lib/python3.12/site-packages/discord/client.py", line 465, in _run_event
    await coro(*args, **kwargs)
  File "/app/asu_discord/cogs/analytics.py", line 652, in on_member_update
    before_timeout = before.timed_out_until
                     ^^^^^^^^^^^^^^^^^^^^^^
AttributeError: 'Member' object has no attribute 'timed_out_until'
Ignoring exception in on_member_update
Traceback (most recent call last):
  File "/usr/local/lib/python3.12/site-packages/discord/client.py", line 465, in _run_event
    await coro(*args, **kwargs)
  File "/app/asu_discord/cogs/analytics.py", line 652, in on_member_update
    before_timeout = before.timed_out_until
                     ^^^^^^^^^^^^^^^^^^^^^^
AttributeError: 'Member' object has no attribute 'timed_out_until'
Ignoring exception in on_member_update
Traceback (most recent call last):
  File "/usr/local/lib/python3.12/site-packages/discord/client.py", line 465, in _run_event
    await coro(*args, **kwargs)
  File "/app/asu_discord/cogs/analytics.py", line 652, in on_member_update
    before_timeout = before.timed_out_until
                     ^^^^^^^^^^^^^^^^^^^^^^
AttributeError: 'Member' object has no attribute 'timed_out_until'
Ignoring exception in on_member_update
Traceback (most recent call last):
  File "/usr/local/lib/python3.12/site-packages/discord/client.py", line 465, in _run_event
    await coro(*args, **kwargs)
  File "/app/asu_discord/cogs/analytics.py", line 652, in on_member_update
    before_timeout = before.timed_out_until
                     ^^^^^^^^^^^^^^^^^^^^^^
AttributeError: 'Member' object has no attribute 'timed_out_until'
INFO:asu_discord.cogs.verification:Saved 5 roles to database for user mrecto (Discord ID: 715460188588605501)
INFO:asu_discord.cogs.verification:Refreshed Salesforce roles for Discord user 715460188588605501: -5/+5 roles, assigned=[Arizona Resident, College of Liberal Arts and Sciences, Commited, First Year, Tempe]
Ignoring exception in on_member_update
Traceback (most recent call last):
  File "/usr/local/lib/python3.12/site-packages/discord/client.py", line 465, in _run_event
    await coro(*args, **kwargs)
  File "/app/asu_discord/cogs/analytics.py", line 652, in on_member_update
    before_timeout = before.timed_out_until
                     ^^^^^^^^^^^^^^^^^^^^^^
AttributeError: 'Member' object has no attribute 'timed_out_until'
Ignoring exception in on_member_update
Traceback (most recent call last):
  File "/usr/local/lib/python3.12/site-packages/discord/client.py", line 465, in _run_event
    await coro(*args, **kwargs)
  File "/app/asu_discord/cogs/analytics.py", line 652, in on_member_update
    before_timeout = before.timed_out_until
                     ^^^^^^^^^^^^^^^^^^^^^^
AttributeError: 'Member' object has no attribute 'timed_out_until'
Ignoring exception in on_member_update
Traceback (most recent call last):
  File "/usr/local/lib/python3.12/site-packages/discord/client.py", line 465, in _run_event
    await coro(*args, **kwargs)
  File "/app/asu_discord/cogs/analytics.py", line 652, in on_member_update
    before_timeout = before.timed_out_until
                     ^^^^^^^^^^^^^^^^^^^^^^
AttributeError: 'Member' object has no attribute 'timed_out_until'
Ignoring exception in on_member_update
Traceback (most recent call last):
  File "/usr/local/lib/python3.12/site-packages/discord/client.py", line 465, in _run_event
    await coro(*args, **kwargs)
  File "/app/asu_discord/cogs/analytics.py", line 652, in on_member_update
    before_timeout = before.timed_out_until
                     ^^^^^^^^^^^^^^^^^^^^^^
AttributeError: 'Member' object has no attribute 'timed_out_until'
Ignoring exception in on_member_update
Traceback (most recent call last):
  File "/usr/local/lib/python3.12/site-packages/discord/client.py", line 465, in _run_event
    await coro(*args, **kwargs)
  File "/app/asu_discord/cogs/analytics.py", line 652, in on_member_update
    before_timeout = before.timed_out_until
                     ^^^^^^^^^^^^^^^^^^^^^^
AttributeError: 'Member' object has no attribute 'timed_out_until'
Ignoring exception in on_member_update
Traceback (most recent call last):
  File "/usr/local/lib/python3.12/site-packages/discord/client.py", line 465, in _run_event
    await coro(*args, **kwargs)
  File "/app/asu_discord/cogs/analytics.py", line 652, in on_member_update
    before_timeout = before.timed_out_until
                     ^^^^^^^^^^^^^^^^^^^^^^
AttributeError: 'Member' object has no attribute 'timed_out_until'
Ignoring exception in on_member_update
Traceback (most recent call last):
  File "/usr/local/lib/python3.12/site-packages/discord/client.py", line 465, in _run_event
    await coro(*args, **kwargs)
  File "/app/asu_discord/cogs/analytics.py", line 652, in on_member_update
    before_timeout = before.timed_out_until
                     ^^^^^^^^^^^^^^^^^^^^^^
AttributeError: 'Member' object has no attribute 'timed_out_until'
Ignoring exception in on_member_update
Traceback (most recent call last):
  File "/usr/local/lib/python3.12/site-packages/discord/client.py", line 465, in _run_event
    await coro(*args, **kwargs)
  File "/app/asu_discord/cogs/analytics.py", line 652, in on_member_update
    before_timeout = before.timed_out_until
                     ^^^^^^^^^^^^^^^^^^^^^^
AttributeError: 'Member' object has no attribute 'timed_out_until'
Ignoring exception in on_member_update
Traceback (most recent call last):
  File "/usr/local/lib/python3.12/site-packages/discord/client.py", line 465, in _run_event
    await coro(*args, **kwargs)
  File "/app/asu_discord/cogs/analytics.py", line 652, in on_member_update
    before_timeout = before.timed_out_until
                     ^^^^^^^^^^^^^^^^^^^^^^
AttributeError: 'Member' object has no attribute 'timed_out_until'
Ignoring exception in on_member_update
Traceback (most recent call last):
  File "/usr/local/lib/python3.12/site-packages/discord/client.py", line 465, in _run_event
    await coro(*args, **kwargs)
  File "/app/asu_discord/cogs/analytics.py", line 652, in on_member_update
    before_timeout = before.timed_out_until
                     ^^^^^^^^^^^^^^^^^^^^^^
AttributeError: 'Member' object has no attribute 'timed_out_until'
INFO:asu_discord.cogs.verification:Saved 5 roles to database for user vrohland (Discord ID: 1070043638110879858)
INFO:asu_discord.cogs.verification:Refreshed Salesforce roles for Discord user 1070043638110879858: -5/+5 roles, assigned=[Arizona Resident, College of Health Solutions, Commited, Downtown Phoenix, First Year]
Ignoring exception in on_member_update
Traceback (most recent call last):
  File "/usr/local/lib/python3.12/site-packages/discord/client.py", line 465, in _run_event
    await coro(*args, **kwargs)
  File "/app/asu_discord/cogs/analytics.py", line 652, in on_member_update
    before_timeout = before.timed_out_until
                     ^^^^^^^^^^^^^^^^^^^^^^
AttributeError: 'Member' object has no attribute 'timed_out_until'
Ignoring exception in on_member_update
Traceback (most recent call last):
  File "/usr/local/lib/python3.12/site-packages/discord/client.py", line 465, in _run_event
    await coro(*args, **kwargs)
  File "/app/asu_discord/cogs/analytics.py", line 652, in on_member_update
    before_timeout = before.timed_out_until
                     ^^^^^^^^^^^^^^^^^^^^^^
AttributeError: 'Member' object has no attribute 'timed_out_until'
Ignoring exception in on_member_update
Traceback (most recent call last):
  File "/usr/local/lib/python3.12/site-packages/discord/client.py", line 465, in _run_event
    await coro(*args, **kwargs)
  File "/app/asu_discord/cogs/analytics.py", line 652, in on_member_update
    before_timeout = before.timed_out_until
                     ^^^^^^^^^^^^^^^^^^^^^^
AttributeError: 'Member' object has no attribute 'timed_out_until'
Ignoring exception in on_member_update
Traceback (most recent call last):
  File "/usr/local/lib/python3.12/site-packages/discord/client.py", line 465, in _run_event
    await coro(*args, **kwargs)
  File "/app/asu_discord/cogs/analytics.py", line 652, in on_member_update
    before_timeout = before.timed_out_until
                     ^^^^^^^^^^^^^^^^^^^^^^
AttributeError: 'Member' object has no attribute 'timed_out_until'
Ignoring exception in on_member_update
Traceback (most recent call last):
  File "/usr/local/lib/python3.12/site-packages/discord/client.py", line 465, in _run_event
    await coro(*args, **kwargs)
  File "/app/asu_discord/cogs/analytics.py", line 652, in on_member_update
    before_timeout = before.timed_out_until
                     ^^^^^^^^^^^^^^^^^^^^^^
AttributeError: 'Member' object has no attribute 'timed_out_until'
Ignoring exception in on_member_update
Traceback (most recent call last):
  File "/usr/local/lib/python3.12/site-packages/discord/client.py", line 465, in _run_event
    await coro(*args, **kwargs)
  File "/app/asu_discord/cogs/analytics.py", line 652, in on_member_update
    before_timeout = before.timed_out_until
                     ^^^^^^^^^^^^^^^^^^^^^^
AttributeError: 'Member' object has no attribute 'timed_out_until'
Ignoring exception in on_member_update
Traceback (most recent call last):
  File "/usr/local/lib/python3.12/site-packages/discord/client.py", line 465, in _run_event
    await coro(*args, **kwargs)
  File "/app/asu_discord/cogs/analytics.py", line 652, in on_member_update
    before_timeout = before.timed_out_until
                     ^^^^^^^^^^^^^^^^^^^^^^
AttributeError: 'Member' object has no attribute 'timed_out_until'
Ignoring exception in on_member_update
Traceback (most recent call last):
  File "/usr/local/lib/python3.12/site-packages/discord/client.py", line 465, in _run_event
    await coro(*args, **kwargs)
  File "/app/asu_discord/cogs/analytics.py", line 652, in on_member_update
    before_timeout = before.timed_out_until
                     ^^^^^^^^^^^^^^^^^^^^^^
AttributeError: 'Member' object has no attribute 'timed_out_until'
Ignoring exception in on_member_update
Traceback (most recent call last):
  File "/usr/local/lib/python3.12/site-packages/discord/client.py", line 465, in _run_event
    await coro(*args, **kwargs)
  File "/app/asu_discord/cogs/analytics.py", line 652, in on_member_update
    before_timeout = before.timed_out_until
                     ^^^^^^^^^^^^^^^^^^^^^^
AttributeError: 'Member' object has no attribute 'timed_out_until'
Ignoring exception in on_member_update
Traceback (most recent call last):
  File "/usr/local/lib/python3.12/site-packages/discord/client.py", line 465, in _run_event
    await coro(*args, **kwargs)
  File "/app/asu_discord/cogs/analytics.py", line 652, in on_member_update
    before_timeout = before.timed_out_until
                     ^^^^^^^^^^^^^^^^^^^^^^
AttributeError: 'Member' object has no attribute 'timed_out_until'
INFO:asu_discord.cogs.verification:Saved 5 roles to database for user avandebr (Discord ID: 697987245608534096)
INFO:asu_discord.cogs.verification:Refreshed Salesforce roles for Discord user 697987245608534096: -5/+5 roles, assigned=[Commited, First Year, Ira A. Fulton Schools of Engineering, Out of State, Tempe]
Ignoring exception in on_member_update
Traceback (most recent call last):
  File "/usr/local/lib/python3.12/site-packages/discord/client.py", line 465, in _run_event
    await coro(*args, **kwargs)
  File "/app/asu_discord/cogs/analytics.py", line 652, in on_member_update
    before_timeout = before.timed_out_until
                     ^^^^^^^^^^^^^^^^^^^^^^
AttributeError: 'Member' object has no attribute 'timed_out_until'
Ignoring exception in on_member_update
Traceback (most recent call last):
  File "/usr/local/lib/python3.12/site-packages/discord/client.py", line 465, in _run_event
    await coro(*args, **kwargs)
  File "/app/asu_discord/cogs/analytics.py", line 652, in on_member_update
    before_timeout = before.timed_out_until
                     ^^^^^^^^^^^^^^^^^^^^^^
AttributeError: 'Member' object has no attribute 'timed_out_until'
Ignoring exception in on_member_update
Traceback (most recent call last):
  File "/usr/local/lib/python3.12/site-packages/discord/client.py", line 465, in _run_event
    await coro(*args, **kwargs)
  File "/app/asu_discord/cogs/analytics.py", line 652, in on_member_update
    before_timeout = before.timed_out_until
                     ^^^^^^^^^^^^^^^^^^^^^^
AttributeError: 'Member' object has no attribute 'timed_out_until'
Ignoring exception in on_member_update
Traceback (most recent call last):
  File "/usr/local/lib/python3.12/site-packages/discord/client.py", line 465, in _run_event
    await coro(*args, **kwargs)
  File "/app/asu_discord/cogs/analytics.py", line 652, in on_member_update
    before_timeout = before.timed_out_until
                     ^^^^^^^^^^^^^^^^^^^^^^
AttributeError: 'Member' object has no attribute 'timed_out_until'
Ignoring exception in on_member_update
Traceback (most recent call last):
  File "/usr/local/lib/python3.12/site-packages/discord/client.py", line 465, in _run_event
    await coro(*args, **kwargs)
  File "/app/asu_discord/cogs/analytics.py", line 652, in on_member_update
    before_timeout = before.timed_out_until
                     ^^^^^^^^^^^^^^^^^^^^^^
AttributeError: 'Member' object has no attribute 'timed_out_until'
Ignoring exception in on_member_update
Traceback (most recent call last):
  File "/usr/local/lib/python3.12/site-packages/discord/client.py", line 465, in _run_event
    await coro(*args, **kwargs)
  File "/app/asu_discord/cogs/analytics.py", line 652, in on_member_update
    before_timeout = before.timed_out_until
                     ^^^^^^^^^^^^^^^^^^^^^^
AttributeError: 'Member' object has no attribute 'timed_out_until'
Ignoring exception in on_member_update
Traceback (most recent call last):
  File "/usr/local/lib/python3.12/site-packages/discord/client.py", line 465, in _run_event
    await coro(*args, **kwargs)
  File "/app/asu_discord/cogs/analytics.py", line 652, in on_member_update
    before_timeout = before.timed_out_until
                     ^^^^^^^^^^^^^^^^^^^^^^
AttributeError: 'Member' object has no attribute 'timed_out_until'
Ignoring exception in on_member_update
Traceback (most recent call last):
  File "/usr/local/lib/python3.12/site-packages/discord/client.py", line 465, in _run_event
    await coro(*args, **kwargs)
  File "/app/asu_discord/cogs/analytics.py", line 652, in on_member_update
    before_timeout = before.timed_out_until
                     ^^^^^^^^^^^^^^^^^^^^^^
AttributeError: 'Member' object has no attribute 'timed_out_until'
Ignoring exception in on_member_update
Traceback (most recent call last):
  File "/usr/local/lib/python3.12/site-packages/discord/client.py", line 465, in _run_event
    await coro(*args, **kwargs)
  File "/app/asu_discord/cogs/analytics.py", line 652, in on_member_update
    before_timeout = before.timed_out_until
                     ^^^^^^^^^^^^^^^^^^^^^^
AttributeError: 'Member' object has no attribute 'timed_out_until'
Ignoring exception in on_member_update
Traceback (most recent call last):
  File "/usr/local/lib/python3.12/site-packages/discord/client.py", line 465, in _run_event
    await coro(*args, **kwargs)
  File "/app/asu_discord/cogs/analytics.py", line 652, in on_member_update
    before_timeout = before.timed_out_until
                     ^^^^^^^^^^^^^^^^^^^^^^
AttributeError: 'Member' object has no attribute 'timed_out_until'
INFO:asu_discord.cogs.verification:Saved 5 roles to database for user aivyle (Discord ID: 648050154452156417)
INFO:asu_discord.cogs.verification:Refreshed Salesforce roles for Discord user 648050154452156417: -5/+5 roles, assigned=[Arizona Resident, College of Integrative Sciences and Arts, Commited, Tempe, Transfer Student]
Ignoring exception in on_member_update
Traceback (most recent call last):
  File "/usr/local/lib/python3.12/site-packages/discord/client.py", line 465, in _run_event
    await coro(*args, **kwargs)
  File "/app/asu_discord/cogs/analytics.py", line 652, in on_member_update
    before_timeout = before.timed_out_until
                     ^^^^^^^^^^^^^^^^^^^^^^
AttributeError: 'Member' object has no attribute 'timed_out_until'
Ignoring exception in on_member_update
Traceback (most recent call last):
  File "/usr/local/lib/python3.12/site-packages/discord/client.py", line 465, in _run_event
    await coro(*args, **kwargs)
  File "/app/asu_discord/cogs/analytics.py", line 652, in on_member_update
    before_timeout = before.timed_out_until
                     ^^^^^^^^^^^^^^^^^^^^^^
AttributeError: 'Member' object has no attribute 'timed_out_until'
Ignoring exception in on_member_update
Traceback (most recent call last):
  File "/usr/local/lib/python3.12/site-packages/discord/client.py", line 465, in _run_event
    await coro(*args, **kwargs)
  File "/app/asu_discord/cogs/analytics.py", line 652, in on_member_update
    before_timeout = before.timed_out_until
                     ^^^^^^^^^^^^^^^^^^^^^^
AttributeError: 'Member' object has no attribute 'timed_out_until'
Ignoring exception in on_member_update
Traceback (most recent call last):
  File "/usr/local/lib/python3.12/site-packages/discord/client.py", line 465, in _run_event
    await coro(*args, **kwargs)
  File "/app/asu_discord/cogs/analytics.py", line 652, in on_member_update
    before_timeout = before.timed_out_until
                     ^^^^^^^^^^^^^^^^^^^^^^
AttributeError: 'Member' object has no attribute 'timed_out_until'
Ignoring exception in on_member_update
Traceback (most recent call last):
  File "/usr/local/lib/python3.12/site-packages/discord/client.py", line 465, in _run_event
    await coro(*args, **kwargs)
  File "/app/asu_discord/cogs/analytics.py", line 652, in on_member_update
    before_timeout = before.timed_out_until
                     ^^^^^^^^^^^^^^^^^^^^^^
AttributeError: 'Member' object has no attribute 'timed_out_until'
Ignoring exception in on_member_update
Traceback (most recent call last):
  File "/usr/local/lib/python3.12/site-packages/discord/client.py", line 465, in _run_event
    await coro(*args, **kwargs)
  File "/app/asu_discord/cogs/analytics.py", line 652, in on_member_update
    before_timeout = before.timed_out_until
                     ^^^^^^^^^^^^^^^^^^^^^^
AttributeError: 'Member' object has no attribute 'timed_out_until'
Ignoring exception in on_member_update
Traceback (most recent call last):
  File "/usr/local/lib/python3.12/site-packages/discord/client.py", line 465, in _run_event
    await coro(*args, **kwargs)
  File "/app/asu_discord/cogs/analytics.py", line 652, in on_member_update
    before_timeout = before.timed_out_until
                     ^^^^^^^^^^^^^^^^^^^^^^
AttributeError: 'Member' object has no attribute 'timed_out_until'
Ignoring exception in on_member_update
Traceback (most recent call last):
  File "/usr/local/lib/python3.12/site-packages/discord/client.py", line 465, in _run_event
    await coro(*args, **kwargs)
  File "/app/asu_discord/cogs/analytics.py", line 652, in on_member_update
    before_timeout = before.timed_out_until
                     ^^^^^^^^^^^^^^^^^^^^^^
AttributeError: 'Member' object has no attribute 'timed_out_until'
Ignoring exception in on_member_update
Traceback (most recent call last):
  File "/usr/local/lib/python3.12/site-packages/discord/client.py", line 465, in _run_event
    await coro(*args, **kwargs)
  File "/app/asu_discord/cogs/analytics.py", line 652, in on_member_update
    before_timeout = before.timed_out_until
                     ^^^^^^^^^^^^^^^^^^^^^^
AttributeError: 'Member' object has no attribute 'timed_out_until'
Ignoring exception in on_member_update
Traceback (most recent call last):
  File "/usr/local/lib/python3.12/site-packages/discord/client.py", line 465, in _run_event
    await coro(*args, **kwargs)
  File "/app/asu_discord/cogs/analytics.py", line 652, in on_member_update
    before_timeout = before.timed_out_until
                     ^^^^^^^^^^^^^^^^^^^^^^
AttributeError: 'Member' object has no attribute 'timed_out_until'
INFO:asu_discord.cogs.verification:Saved 5 roles to database for user mdmontem (Discord ID: 705600988974940191)
INFO:asu_discord.cogs.verification:Refreshed Salesforce roles for Discord user 705600988974940191: -5/+5 roles, assigned=[Commited, First Year, Out of State, Tempe, W.P. Carey School of Business]
Ignoring exception in on_member_update
Traceback (most recent call last):
  File "/usr/local/lib/python3.12/site-packages/discord/client.py", line 465, in _run_event
    await coro(*args, **kwargs)
  File "/app/asu_discord/cogs/analytics.py", line 652, in on_member_update
    before_timeout = before.timed_out_until
                     ^^^^^^^^^^^^^^^^^^^^^^
AttributeError: 'Member' object has no attribute 'timed_out_until'
Ignoring exception in on_member_update
Traceback (most recent call last):
  File "/usr/local/lib/python3.12/site-packages/discord/client.py", line 465, in _run_event
    await coro(*args, **kwargs)
  File "/app/asu_discord/cogs/analytics.py", line 652, in on_member_update
    before_timeout = before.timed_out_until
                     ^^^^^^^^^^^^^^^^^^^^^^
AttributeError: 'Member' object has no attribute 'timed_out_until'
Ignoring exception in on_member_update
Traceback (most recent call last):
  File "/usr/local/lib/python3.12/site-packages/discord/client.py", line 465, in _run_event
    await coro(*args, **kwargs)
  File "/app/asu_discord/cogs/analytics.py", line 652, in on_member_update
    before_timeout = before.timed_out_until
                     ^^^^^^^^^^^^^^^^^^^^^^
AttributeError: 'Member' object has no attribute 'timed_out_until'
Ignoring exception in on_member_update
Traceback (most recent call last):
  File "/usr/local/lib/python3.12/site-packages/discord/client.py", line 465, in _run_event
    await coro(*args, **kwargs)
  File "/app/asu_discord/cogs/analytics.py", line 652, in on_member_update
    before_timeout = before.timed_out_until
                     ^^^^^^^^^^^^^^^^^^^^^^
AttributeError: 'Member' object has no attribute 'timed_out_until'
Ignoring exception in on_member_update
Traceback (most recent call last):
  File "/usr/local/lib/python3.12/site-packages/discord/client.py", line 465, in _run_event
    await coro(*args, **kwargs)
  File "/app/asu_discord/cogs/analytics.py", line 652, in on_member_update
    before_timeout = before.timed_out_until
                     ^^^^^^^^^^^^^^^^^^^^^^
AttributeError: 'Member' object has no attribute 'timed_out_until'
Ignoring exception in on_member_update
Traceback (most recent call last):
  File "/usr/local/lib/python3.12/site-packages/discord/client.py", line 465, in _run_event
    await coro(*args, **kwargs)
  File "/app/asu_discord/cogs/analytics.py", line 652, in on_member_update
    before_timeout = before.timed_out_until
                     ^^^^^^^^^^^^^^^^^^^^^^
AttributeError: 'Member' object has no attribute 'timed_out_until'
Ignoring exception in on_member_update
Traceback (most recent call last):
  File "/usr/local/lib/python3.12/site-packages/discord/client.py", line 465, in _run_event
    await coro(*args, **kwargs)
  File "/app/asu_discord/cogs/analytics.py", line 652, in on_member_update
    before_timeout = before.timed_out_until
                     ^^^^^^^^^^^^^^^^^^^^^^
AttributeError: 'Member' object has no attribute 'timed_out_until'
Ignoring exception in on_member_update
Traceback (most recent call last):
  File "/usr/local/lib/python3.12/site-packages/discord/client.py", line 465, in _run_event
    await coro(*args, **kwargs)
  File "/app/asu_discord/cogs/analytics.py", line 652, in on_member_update
    before_timeout = before.timed_out_until
                     ^^^^^^^^^^^^^^^^^^^^^^
AttributeError: 'Member' object has no attribute 'timed_out_until'
Ignoring exception in on_member_update
Traceback (most recent call last):
  File "/usr/local/lib/python3.12/site-packages/discord/client.py", line 465, in _run_event
    await coro(*args, **kwargs)
  File "/app/asu_discord/cogs/analytics.py", line 652, in on_member_update
    before_timeout = before.timed_out_until
                     ^^^^^^^^^^^^^^^^^^^^^^
AttributeError: 'Member' object has no attribute 'timed_out_until'
INFO:asu_discord.cogs.verification:Saved 5 roles to database for user atariq18 (Discord ID: 1200938164047593543)
INFO:asu_discord.cogs.verification:Refreshed Salesforce roles for Discord user 1200938164047593543: -5/+4 roles, assigned=[Commited, Graduate Student, International Student, Ira A. Fulton Schools of Engineering, Tempe]
Ignoring exception in on_member_update
Traceback (most recent call last):
  File "/usr/local/lib/python3.12/site-packages/discord/client.py", line 465, in _run_event
    await coro(*args, **kwargs)
  File "/app/asu_discord/cogs/analytics.py", line 652, in on_member_update
    before_timeout = before.timed_out_until
                     ^^^^^^^^^^^^^^^^^^^^^^
AttributeError: 'Member' object has no attribute 'timed_out_until'
Ignoring exception in on_member_update
Traceback (most recent call last):
  File "/usr/local/lib/python3.12/site-packages/discord/client.py", line 465, in _run_event
    await coro(*args, **kwargs)
  File "/app/asu_discord/cogs/analytics.py", line 652, in on_member_update
    before_timeout = before.timed_out_until
                     ^^^^^^^^^^^^^^^^^^^^^^
AttributeError: 'Member' object has no attribute 'timed_out_until'
Ignoring exception in on_member_update
Traceback (most recent call last):
  File "/usr/local/lib/python3.12/site-packages/discord/client.py", line 465, in _run_event
    await coro(*args, **kwargs)
  File "/app/asu_discord/cogs/analytics.py", line 652, in on_member_update
    before_timeout = before.timed_out_until
                     ^^^^^^^^^^^^^^^^^^^^^^
AttributeError: 'Member' object has no attribute 'timed_out_until'
Ignoring exception in on_member_update
Traceback (most recent call last):
  File "/usr/local/lib/python3.12/site-packages/discord/client.py", line 465, in _run_event
    await coro(*args, **kwargs)
  File "/app/asu_discord/cogs/analytics.py", line 652, in on_member_update
    before_timeout = before.timed_out_until
                     ^^^^^^^^^^^^^^^^^^^^^^
AttributeError: 'Member' object has no attribute 'timed_out_until'
Ignoring exception in on_member_update
Traceback (most recent call last):
  File "/usr/local/lib/python3.12/site-packages/discord/client.py", line 465, in _run_event
    await coro(*args, **kwargs)
  File "/app/asu_discord/cogs/analytics.py", line 652, in on_member_update
    before_timeout = before.timed_out_until
                     ^^^^^^^^^^^^^^^^^^^^^^
AttributeError: 'Member' object has no attribute 'timed_out_until'
Ignoring exception in on_member_update
Traceback (most recent call last):
  File "/usr/local/lib/python3.12/site-packages/discord/client.py", line 465, in _run_event
    await coro(*args, **kwargs)
  File "/app/asu_discord/cogs/analytics.py", line 652, in on_member_update
    before_timeout = before.timed_out_until
                     ^^^^^^^^^^^^^^^^^^^^^^
AttributeError: 'Member' object has no attribute 'timed_out_until'
Ignoring exception in on_member_update
Traceback (most recent call last):
  File "/usr/local/lib/python3.12/site-packages/discord/client.py", line 465, in _run_event
    await coro(*args, **kwargs)
  File "/app/asu_discord/cogs/analytics.py", line 652, in on_member_update
    before_timeout = before.timed_out_until
                     ^^^^^^^^^^^^^^^^^^^^^^
AttributeError: 'Member' object has no attribute 'timed_out_until'
Ignoring exception in on_member_update
Traceback (most recent call last):
  File "/usr/local/lib/python3.12/site-packages/discord/client.py", line 465, in _run_event
    await coro(*args, **kwargs)
  File "/app/asu_discord/cogs/analytics.py", line 652, in on_member_update
    before_timeout = before.timed_out_until
                     ^^^^^^^^^^^^^^^^^^^^^^
AttributeError: 'Member' object has no attribute 'timed_out_until'
Ignoring exception in on_member_update
Traceback (most recent call last):
  File "/usr/local/lib/python3.12/site-packages/discord/client.py", line 465, in _run_event
    await coro(*args, **kwargs)
  File "/app/asu_discord/cogs/analytics.py", line 652, in on_member_update
    before_timeout = before.timed_out_until
                     ^^^^^^^^^^^^^^^^^^^^^^
AttributeError: 'Member' object has no attribute 'timed_out_until'
Ignoring exception in on_member_update
Traceback (most recent call last):
  File "/usr/local/lib/python3.12/site-packages/discord/client.py", line 465, in _run_event
    await coro(*args, **kwargs)
  File "/app/asu_discord/cogs/analytics.py", line 652, in on_member_update
    before_timeout = before.timed_out_until
                     ^^^^^^^^^^^^^^^^^^^^^^
AttributeError: 'Member' object has no attribute 'timed_out_until'
INFO:asu_discord.cogs.verification:Saved 5 roles to database for user brsalomo (Discord ID: 1055698476400398356)
INFO:asu_discord.cogs.verification:Refreshed Salesforce roles for Discord user 1055698476400398356: -5/+5 roles, assigned=[Commited, First Year, International Student, Ira A. Fulton Schools of Engineering, Polytechnic]
Ignoring exception in on_member_update
Traceback (most recent call last):
  File "/usr/local/lib/python3.12/site-packages/discord/client.py", line 465, in _run_event
    await coro(*args, **kwargs)
  File "/app/asu_discord/cogs/analytics.py", line 652, in on_member_update
    before_timeout = before.timed_out_until
                     ^^^^^^^^^^^^^^^^^^^^^^
AttributeError: 'Member' object has no attribute 'timed_out_until'
Ignoring exception in on_member_update
Traceback (most recent call last):
  File "/usr/local/lib/python3.12/site-packages/discord/client.py", line 465, in _run_event
    await coro(*args, **kwargs)
  File "/app/asu_discord/cogs/analytics.py", line 652, in on_member_update
    before_timeout = before.timed_out_until
                     ^^^^^^^^^^^^^^^^^^^^^^
AttributeError: 'Member' object has no attribute 'timed_out_until'
Ignoring exception in on_member_update
Traceback (most recent call last):
  File "/usr/local/lib/python3.12/site-packages/discord/client.py", line 465, in _run_event
    await coro(*args, **kwargs)
  File "/app/asu_discord/cogs/analytics.py", line 652, in on_member_update
    before_timeout = before.timed_out_until
                     ^^^^^^^^^^^^^^^^^^^^^^
AttributeError: 'Member' object has no attribute 'timed_out_until'
Ignoring exception in on_member_update
Traceback (most recent call last):
  File "/usr/local/lib/python3.12/site-packages/discord/client.py", line 465, in _run_event
    await coro(*args, **kwargs)
  File "/app/asu_discord/cogs/analytics.py", line 652, in on_member_update
    before_timeout = before.timed_out_until
                     ^^^^^^^^^^^^^^^^^^^^^^
AttributeError: 'Member' object has no attribute 'timed_out_until'
Ignoring exception in on_member_update
Traceback (most recent call last):
  File "/usr/local/lib/python3.12/site-packages/discord/client.py", line 465, in _run_event
    await coro(*args, **kwargs)
  File "/app/asu_discord/cogs/analytics.py", line 652, in on_member_update
    before_timeout = before.timed_out_until
                     ^^^^^^^^^^^^^^^^^^^^^^
AttributeError: 'Member' object has no attribute 'timed_out_until'
Ignoring exception in on_member_update
Traceback (most recent call last):
  File "/usr/local/lib/python3.12/site-packages/discord/client.py", line 465, in _run_event
    await coro(*args, **kwargs)
  File "/app/asu_discord/cogs/analytics.py", line 652, in on_member_update
    before_timeout = before.timed_out_until
                     ^^^^^^^^^^^^^^^^^^^^^^
AttributeError: 'Member' object has no attribute 'timed_out_until'
Ignoring exception in on_member_update
Traceback (most recent call last):
  File "/usr/local/lib/python3.12/site-packages/discord/client.py", line 465, in _run_event
    await coro(*args, **kwargs)
  File "/app/asu_discord/cogs/analytics.py", line 652, in on_member_update
    before_timeout = before.timed_out_until
                     ^^^^^^^^^^^^^^^^^^^^^^
AttributeError: 'Member' object has no attribute 'timed_out_until'
Ignoring exception in on_member_update
Traceback (most recent call last):
  File "/usr/local/lib/python3.12/site-packages/discord/client.py", line 465, in _run_event
    await coro(*args, **kwargs)
  File "/app/asu_discord/cogs/analytics.py", line 652, in on_member_update
    before_timeout = before.timed_out_until
                     ^^^^^^^^^^^^^^^^^^^^^^
AttributeError: 'Member' object has no attribute 'timed_out_until'
Ignoring exception in on_member_update
Traceback (most recent call last):
  File "/usr/local/lib/python3.12/site-packages/discord/client.py", line 465, in _run_event
    await coro(*args, **kwargs)
  File "/app/asu_discord/cogs/analytics.py", line 652, in on_member_update
    before_timeout = before.timed_out_until
                     ^^^^^^^^^^^^^^^^^^^^^^
AttributeError: 'Member' object has no attribute 'timed_out_until'
INFO:asu_discord.cogs.verification:Saved 5 roles to database for user ktgarci7 (Discord ID: 1496310844114473041)
INFO:asu_discord.cogs.verification:Refreshed Salesforce roles for Discord user 1496310844114473041: -5/+5 roles, assigned=[Arizona Resident, First Generation Student, First Year, Tempe, W.P. Carey School of Business]
Ignoring exception in on_member_update
Traceback (most recent call last):
  File "/usr/local/lib/python3.12/site-packages/discord/client.py", line 465, in _run_event
    await coro(*args, **kwargs)
  File "/app/asu_discord/cogs/analytics.py", line 652, in on_member_update
    before_timeout = before.timed_out_until
                     ^^^^^^^^^^^^^^^^^^^^^^
AttributeError: 'Member' object has no attribute 'timed_out_until'
INFO:asu_discord.cogs.verification:Refreshed Salesforce roles for Discord user 1496316626864439316: -0/+0 roles, assigned=[none]
Ignoring exception in on_member_update
Traceback (most recent call last):
  File "/usr/local/lib/python3.12/site-packages/discord/client.py", line 465, in _run_event
    await coro(*args, **kwargs)
  File "/app/asu_discord/cogs/analytics.py", line 652, in on_member_update
    before_timeout = before.timed_out_until
                     ^^^^^^^^^^^^^^^^^^^^^^
AttributeError: 'Member' object has no attribute 'timed_out_until'
Ignoring exception in on_member_update
Traceback (most recent call last):
  File "/usr/local/lib/python3.12/site-packages/discord/client.py", line 465, in _run_event
    await coro(*args, **kwargs)
  File "/app/asu_discord/cogs/analytics.py", line 652, in on_member_update
    before_timeout = before.timed_out_until
                     ^^^^^^^^^^^^^^^^^^^^^^
AttributeError: 'Member' object has no attribute 'timed_out_until'
Ignoring exception in on_member_update
Traceback (most recent call last):
  File "/usr/local/lib/python3.12/site-packages/discord/client.py", line 465, in _run_event
    await coro(*args, **kwargs)
  File "/app/asu_discord/cogs/analytics.py", line 652, in on_member_update
    before_timeout = before.timed_out_until
                     ^^^^^^^^^^^^^^^^^^^^^^
AttributeError: 'Member' object has no attribute 'timed_out_until'
Ignoring exception in on_member_update
Traceback (most recent call last):
  File "/usr/local/lib/python3.12/site-packages/discord/client.py", line 465, in _run_event
    await coro(*args, **kwargs)
  File "/app/asu_discord/cogs/analytics.py", line 652, in on_member_update
    before_timeout = before.timed_out_until
                     ^^^^^^^^^^^^^^^^^^^^^^
AttributeError: 'Member' object has no attribute 'timed_out_until'
Ignoring exception in on_member_update
Traceback (most recent call last):
  File "/usr/local/lib/python3.12/site-packages/discord/client.py", line 465, in _run_event
    await coro(*args, **kwargs)
  File "/app/asu_discord/cogs/analytics.py", line 652, in on_member_update
    before_timeout = before.timed_out_until
                     ^^^^^^^^^^^^^^^^^^^^^^
AttributeError: 'Member' object has no attribute 'timed_out_until'
Ignoring exception in on_member_update
Traceback (most recent call last):
  File "/usr/local/lib/python3.12/site-packages/discord/client.py", line 465, in _run_event
    await coro(*args, **kwargs)
  File "/app/asu_discord/cogs/analytics.py", line 652, in on_member_update
    before_timeout = before.timed_out_until
                     ^^^^^^^^^^^^^^^^^^^^^^
AttributeError: 'Member' object has no attribute 'timed_out_until'
Ignoring exception in on_member_update
Traceback (most recent call last):
  File "/usr/local/lib/python3.12/site-packages/discord/client.py", line 465, in _run_event
    await coro(*args, **kwargs)
  File "/app/asu_discord/cogs/analytics.py", line 652, in on_member_update
    before_timeout = before.timed_out_until
                     ^^^^^^^^^^^^^^^^^^^^^^
AttributeError: 'Member' object has no attribute 'timed_out_until'
Ignoring exception in on_member_update
Traceback (most recent call last):
  File "/usr/local/lib/python3.12/site-packages/discord/client.py", line 465, in _run_event
    await coro(*args, **kwargs)
  File "/app/asu_discord/cogs/analytics.py", line 652, in on_member_update
    before_timeout = before.timed_out_until
                     ^^^^^^^^^^^^^^^^^^^^^^
AttributeError: 'Member' object has no attribute 'timed_out_until'
INFO:asu_discord.cogs.verification:Saved 4 roles to database for user pmgoldbe (Discord ID: 247884245945548802)
INFO:asu_discord.cogs.verification:Refreshed Salesforce roles for Discord user 247884245945548802: -4/+4 roles, assigned=[Graduate Student, Ira A. Fulton Schools of Engineering, Out of State, Tempe]
Ignoring exception in on_member_update
Traceback (most recent call last):
  File "/usr/local/lib/python3.12/site-packages/discord/client.py", line 465, in _run_event
    await coro(*args, **kwargs)
  File "/app/asu_discord/cogs/analytics.py", line 652, in on_member_update
    before_timeout = before.timed_out_until
                     ^^^^^^^^^^^^^^^^^^^^^^
AttributeError: 'Member' object has no attribute 'timed_out_until'
Ignoring exception in on_member_update
Traceback (most recent call last):
  File "/usr/local/lib/python3.12/site-packages/discord/client.py", line 465, in _run_event
    await coro(*args, **kwargs)
  File "/app/asu_discord/cogs/analytics.py", line 652, in on_member_update
    before_timeout = before.timed_out_until
                     ^^^^^^^^^^^^^^^^^^^^^^
AttributeError: 'Member' object has no attribute 'timed_out_until'
Ignoring exception in on_member_update
Traceback (most recent call last):
  File "/usr/local/lib/python3.12/site-packages/discord/client.py", line 465, in _run_event
    await coro(*args, **kwargs)
  File "/app/asu_discord/cogs/analytics.py", line 652, in on_member_update
    before_timeout = before.timed_out_until
                     ^^^^^^^^^^^^^^^^^^^^^^
AttributeError: 'Member' object has no attribute 'timed_out_until'
Ignoring exception in on_member_update
Traceback (most recent call last):
  File "/usr/local/lib/python3.12/site-packages/discord/client.py", line 465, in _run_event
    await coro(*args, **kwargs)
  File "/app/asu_discord/cogs/analytics.py", line 652, in on_member_update
    before_timeout = before.timed_out_until
                     ^^^^^^^^^^^^^^^^^^^^^^
AttributeError: 'Member' object has no attribute 'timed_out_until'
Ignoring exception in on_member_update
Traceback (most recent call last):
  File "/usr/local/lib/python3.12/site-packages/discord/client.py", line 465, in _run_event
    await coro(*args, **kwargs)
  File "/app/asu_discord/cogs/analytics.py", line 652, in on_member_update
    before_timeout = before.timed_out_until
                     ^^^^^^^^^^^^^^^^^^^^^^
AttributeError: 'Member' object has no attribute 'timed_out_until'
Ignoring exception in on_member_update
Traceback (most recent call last):
  File "/usr/local/lib/python3.12/site-packages/discord/client.py", line 465, in _run_event
    await coro(*args, **kwargs)
  File "/app/asu_discord/cogs/analytics.py", line 652, in on_member_update
    before_timeout = before.timed_out_until
                     ^^^^^^^^^^^^^^^^^^^^^^
AttributeError: 'Member' object has no attribute 'timed_out_until'
Ignoring exception in on_member_update
Traceback (most recent call last):
  File "/usr/local/lib/python3.12/site-packages/discord/client.py", line 465, in _run_event
    await coro(*args, **kwargs)
  File "/app/asu_discord/cogs/analytics.py", line 652, in on_member_update
    before_timeout = before.timed_out_until
                     ^^^^^^^^^^^^^^^^^^^^^^
AttributeError: 'Member' object has no attribute 'timed_out_until'
Ignoring exception in on_member_update
Traceback (most recent call last):
  File "/usr/local/lib/python3.12/site-packages/discord/client.py", line 465, in _run_event
    await coro(*args, **kwargs)
  File "/app/asu_discord/cogs/analytics.py", line 652, in on_member_update
    before_timeout = before.timed_out_until
                     ^^^^^^^^^^^^^^^^^^^^^^
AttributeError: 'Member' object has no attribute 'timed_out_until'
Ignoring exception in on_member_update
Traceback (most recent call last):
  File "/usr/local/lib/python3.12/site-packages/discord/client.py", line 465, in _run_event
    await coro(*args, **kwargs)
  File "/app/asu_discord/cogs/analytics.py", line 652, in on_member_update
    before_timeout = before.timed_out_until
                     ^^^^^^^^^^^^^^^^^^^^^^
AttributeError: 'Member' object has no attribute 'timed_out_until'
Ignoring exception in on_member_update
Traceback (most recent call last):
  File "/usr/local/lib/python3.12/site-packages/discord/client.py", line 465, in _run_event
    await coro(*args, **kwargs)
  File "/app/asu_discord/cogs/analytics.py", line 652, in on_member_update
    before_timeout = before.timed_out_until
                     ^^^^^^^^^^^^^^^^^^^^^^
AttributeError: 'Member' object has no attribute 'timed_out_until'
INFO:asu_discord.cogs.verification:Saved 5 roles to database for user apowellm (Discord ID: 750841043041386507)
INFO:asu_discord.cogs.verification:Refreshed Salesforce roles for Discord user 750841043041386507: -5/+5 roles, assigned=[Commited, First Year, Out of State, Polytechnic, W.P. Carey School of Business]
Ignoring exception in on_member_update
Traceback (most recent call last):
  File "/usr/local/lib/python3.12/site-packages/discord/client.py", line 465, in _run_event
    await coro(*args, **kwargs)
  File "/app/asu_discord/cogs/analytics.py", line 652, in on_member_update
    before_timeout = before.timed_out_until
                     ^^^^^^^^^^^^^^^^^^^^^^
AttributeError: 'Member' object has no attribute 'timed_out_until'
Ignoring exception in on_member_update
Traceback (most recent call last):
  File "/usr/local/lib/python3.12/site-packages/discord/client.py", line 465, in _run_event
    await coro(*args, **kwargs)
  File "/app/asu_discord/cogs/analytics.py", line 652, in on_member_update
    before_timeout = before.timed_out_until
                     ^^^^^^^^^^^^^^^^^^^^^^
AttributeError: 'Member' object has no attribute 'timed_out_until'
Ignoring exception in on_member_update
Traceback (most recent call last):
  File "/usr/local/lib/python3.12/site-packages/discord/client.py", line 465, in _run_event
    await coro(*args, **kwargs)
  File "/app/asu_discord/cogs/analytics.py", line 652, in on_member_update
    before_timeout = before.timed_out_until
                     ^^^^^^^^^^^^^^^^^^^^^^
AttributeError: 'Member' object has no attribute 'timed_out_until'
Ignoring exception in on_member_update
Traceback (most recent call last):
  File "/usr/local/lib/python3.12/site-packages/discord/client.py", line 465, in _run_event
    await coro(*args, **kwargs)
  File "/app/asu_discord/cogs/analytics.py", line 652, in on_member_update
    before_timeout = before.timed_out_until
                     ^^^^^^^^^^^^^^^^^^^^^^
AttributeError: 'Member' object has no attribute 'timed_out_until'
Ignoring exception in on_member_update
Traceback (most recent call last):
  File "/usr/local/lib/python3.12/site-packages/discord/client.py", line 465, in _run_event
    await coro(*args, **kwargs)
  File "/app/asu_discord/cogs/analytics.py", line 652, in on_member_update
    before_timeout = before.timed_out_until
                     ^^^^^^^^^^^^^^^^^^^^^^
AttributeError: 'Member' object has no attribute 'timed_out_until'
Ignoring exception in on_member_update
Traceback (most recent call last):
  File "/usr/local/lib/python3.12/site-packages/discord/client.py", line 465, in _run_event
    await coro(*args, **kwargs)
  File "/app/asu_discord/cogs/analytics.py", line 652, in on_member_update
    before_timeout = before.timed_out_until
                     ^^^^^^^^^^^^^^^^^^^^^^
AttributeError: 'Member' object has no attribute 'timed_out_until'
Ignoring exception in on_member_update
Traceback (most recent call last):
  File "/usr/local/lib/python3.12/site-packages/discord/client.py", line 465, in _run_event
    await coro(*args, **kwargs)
  File "/app/asu_discord/cogs/analytics.py", line 652, in on_member_update
    before_timeout = before.timed_out_until
                     ^^^^^^^^^^^^^^^^^^^^^^
AttributeError: 'Member' object has no attribute 'timed_out_until'
Ignoring exception in on_member_update
Traceback (most recent call last):
  File "/usr/local/lib/python3.12/site-packages/discord/client.py", line 465, in _run_event
    await coro(*args, **kwargs)
  File "/app/asu_discord/cogs/analytics.py", line 652, in on_member_update
    before_timeout = before.timed_out_until
                     ^^^^^^^^^^^^^^^^^^^^^^
AttributeError: 'Member' object has no attribute 'timed_out_until'
Ignoring exception in on_member_update
Traceback (most recent call last):
  File "/usr/local/lib/python3.12/site-packages/discord/client.py", line 465, in _run_event
    await coro(*args, **kwargs)
  File "/app/asu_discord/cogs/analytics.py", line 652, in on_member_update
    before_timeout = before.timed_out_until
                     ^^^^^^^^^^^^^^^^^^^^^^
AttributeError: 'Member' object has no attribute 'timed_out_until'
Ignoring exception in on_member_update
Traceback (most recent call last):
  File "/usr/local/lib/python3.12/site-packages/discord/client.py", line 465, in _run_event
    await coro(*args, **kwargs)
  File "/app/asu_discord/cogs/analytics.py", line 652, in on_member_update
    before_timeout = before.timed_out_until
                     ^^^^^^^^^^^^^^^^^^^^^^
AttributeError: 'Member' object has no attribute 'timed_out_until'
INFO:asu_discord.cogs.verification:Saved 6 roles to database for user btabdulm (Discord ID: 1399203046587633674)
INFO:asu_discord.cogs.verification:Refreshed Salesforce roles for Discord user 1399203046587633674: -4/+6 roles, assigned=[Commited, First Generation Student, First Year, International Student, Tempe, W.P. Carey School of Business]
Ignoring exception in on_member_update
Traceback (most recent call last):
  File "/usr/local/lib/python3.12/site-packages/discord/client.py", line 465, in _run_event
    await coro(*args, **kwargs)
  File "/app/asu_discord/cogs/analytics.py", line 652, in on_member_update
    before_timeout = before.timed_out_until
                     ^^^^^^^^^^^^^^^^^^^^^^
AttributeError: 'Member' object has no attribute 'timed_out_until'
Ignoring exception in on_member_update
Traceback (most recent call last):
  File "/usr/local/lib/python3.12/site-packages/discord/client.py", line 465, in _run_event
    await coro(*args, **kwargs)
  File "/app/asu_discord/cogs/analytics.py", line 652, in on_member_update
    before_timeout = before.timed_out_until
                     ^^^^^^^^^^^^^^^^^^^^^^
AttributeError: 'Member' object has no attribute 'timed_out_until'
INFO:asu_discord.cogs.verification:Saved 1 roles to database for user derekle2 (Discord ID: 1134588960056819862)
INFO:asu_discord.cogs.verification:Refreshed Salesforce roles for Discord user 1134588960056819862: -1/+1 roles, assigned=[Out of State]
Ignoring exception in on_member_update
Traceback (most recent call last):
  File "/usr/local/lib/python3.12/site-packages/discord/client.py", line 465, in _run_event
    await coro(*args, **kwargs)
  File "/app/asu_discord/cogs/analytics.py", line 652, in on_member_update
    before_timeout = before.timed_out_until
                     ^^^^^^^^^^^^^^^^^^^^^^
AttributeError: 'Member' object has no attribute 'timed_out_until'
Ignoring exception in on_member_update
Traceback (most recent call last):
  File "/usr/local/lib/python3.12/site-packages/discord/client.py", line 465, in _run_event
    await coro(*args, **kwargs)
  File "/app/asu_discord/cogs/analytics.py", line 652, in on_member_update
    before_timeout = before.timed_out_until
                     ^^^^^^^^^^^^^^^^^^^^^^
AttributeError: 'Member' object has no attribute 'timed_out_until'
Ignoring exception in on_member_update
Traceback (most recent call last):
  File "/usr/local/lib/python3.12/site-packages/discord/client.py", line 465, in _run_event
    await coro(*args, **kwargs)
  File "/app/asu_discord/cogs/analytics.py", line 652, in on_member_update
    before_timeout = before.timed_out_until
                     ^^^^^^^^^^^^^^^^^^^^^^
AttributeError: 'Member' object has no attribute 'timed_out_until'
Ignoring exception in on_member_update
Traceback (most recent call last):
  File "/usr/local/lib/python3.12/site-packages/discord/client.py", line 465, in _run_event
    await coro(*args, **kwargs)
  File "/app/asu_discord/cogs/analytics.py", line 652, in on_member_update
    before_timeout = before.timed_out_until
                     ^^^^^^^^^^^^^^^^^^^^^^
AttributeError: 'Member' object has no attribute 'timed_out_until'
Ignoring exception in on_member_update
Traceback (most recent call last):
  File "/usr/local/lib/python3.12/site-packages/discord/client.py", line 465, in _run_event
    await coro(*args, **kwargs)
  File "/app/asu_discord/cogs/analytics.py", line 652, in on_member_update
    before_timeout = before.timed_out_until
                     ^^^^^^^^^^^^^^^^^^^^^^
AttributeError: 'Member' object has no attribute 'timed_out_until'
Ignoring exception in on_member_update
Traceback (most recent call last):
  File "/usr/local/lib/python3.12/site-packages/discord/client.py", line 465, in _run_event
    await coro(*args, **kwargs)
  File "/app/asu_discord/cogs/analytics.py", line 652, in on_member_update
    before_timeout = before.timed_out_until
                     ^^^^^^^^^^^^^^^^^^^^^^
AttributeError: 'Member' object has no attribute 'timed_out_until'
Ignoring exception in on_member_update
Traceback (most recent call last):
  File "/usr/local/lib/python3.12/site-packages/discord/client.py", line 465, in _run_event
    await coro(*args, **kwargs)
  File "/app/asu_discord/cogs/analytics.py", line 652, in on_member_update
    before_timeout = before.timed_out_until
                     ^^^^^^^^^^^^^^^^^^^^^^
AttributeError: 'Member' object has no attribute 'timed_out_until'
Ignoring exception in on_member_update
Traceback (most recent call last):
  File "/usr/local/lib/python3.12/site-packages/discord/client.py", line 465, in _run_event
    await coro(*args, **kwargs)
  File "/app/asu_discord/cogs/analytics.py", line 652, in on_member_update
    before_timeout = before.timed_out_until
                     ^^^^^^^^^^^^^^^^^^^^^^
AttributeError: 'Member' object has no attribute 'timed_out_until'
Ignoring exception in on_member_update
Traceback (most recent call last):
  File "/usr/local/lib/python3.12/site-packages/discord/client.py", line 465, in _run_event
    await coro(*args, **kwargs)
  File "/app/asu_discord/cogs/analytics.py", line 652, in on_member_update
    before_timeout = before.timed_out_until
                     ^^^^^^^^^^^^^^^^^^^^^^
AttributeError: 'Member' object has no attribute 'timed_out_until'
Ignoring exception in on_member_update
Traceback (most recent call last):
  File "/usr/local/lib/python3.12/site-packages/discord/client.py", line 465, in _run_event
    await coro(*args, **kwargs)
  File "/app/asu_discord/cogs/analytics.py", line 652, in on_member_update
    before_timeout = before.timed_out_until
                     ^^^^^^^^^^^^^^^^^^^^^^
AttributeError: 'Member' object has no attribute 'timed_out_until'
INFO:asu_discord.cogs.verification:Saved 5 roles to database for user acanalet (Discord ID: 844622656947224607)
INFO:asu_discord.cogs.verification:Refreshed Salesforce roles for Discord user 844622656947224607: -5/+5 roles, assigned=[Commited, First Year, International Student, Ira A. Fulton Schools of Engineering, Tempe]
Ignoring exception in on_member_update
Traceback (most recent call last):
  File "/usr/local/lib/python3.12/site-packages/discord/client.py", line 465, in _run_event
    await coro(*args, **kwargs)
  File "/app/asu_discord/cogs/analytics.py", line 652, in on_member_update
    before_timeout = before.timed_out_until
                     ^^^^^^^^^^^^^^^^^^^^^^
AttributeError: 'Member' object has no attribute 'timed_out_until'
Ignoring exception in on_member_update
Traceback (most recent call last):
  File "/usr/local/lib/python3.12/site-packages/discord/client.py", line 465, in _run_event
    await coro(*args, **kwargs)
  File "/app/asu_discord/cogs/analytics.py", line 652, in on_member_update
    before_timeout = before.timed_out_until
                     ^^^^^^^^^^^^^^^^^^^^^^
AttributeError: 'Member' object has no attribute 'timed_out_until'
Ignoring exception in on_member_update
Traceback (most recent call last):
  File "/usr/local/lib/python3.12/site-packages/discord/client.py", line 465, in _run_event
    await coro(*args, **kwargs)
  File "/app/asu_discord/cogs/analytics.py", line 652, in on_member_update
    before_timeout = before.timed_out_until
                     ^^^^^^^^^^^^^^^^^^^^^^
AttributeError: 'Member' object has no attribute 'timed_out_until'
Ignoring exception in on_member_update
Traceback (most recent call last):
  File "/usr/local/lib/python3.12/site-packages/discord/client.py", line 465, in _run_event
    await coro(*args, **kwargs)
  File "/app/asu_discord/cogs/analytics.py", line 652, in on_member_update
    before_timeout = before.timed_out_until
                     ^^^^^^^^^^^^^^^^^^^^^^
AttributeError: 'Member' object has no attribute 'timed_out_until'
Ignoring exception in on_member_update
Traceback (most recent call last):
  File "/usr/local/lib/python3.12/site-packages/discord/client.py", line 465, in _run_event
    await coro(*args, **kwargs)
  File "/app/asu_discord/cogs/analytics.py", line 652, in on_member_update
    before_timeout = before.timed_out_until
                     ^^^^^^^^^^^^^^^^^^^^^^
AttributeError: 'Member' object has no attribute 'timed_out_until'
Ignoring exception in on_member_update
Traceback (most recent call last):
  File "/usr/local/lib/python3.12/site-packages/discord/client.py", line 465, in _run_event
    await coro(*args, **kwargs)
  File "/app/asu_discord/cogs/analytics.py", line 652, in on_member_update
    before_timeout = before.timed_out_until
                     ^^^^^^^^^^^^^^^^^^^^^^
AttributeError: 'Member' object has no attribute 'timed_out_until'
Ignoring exception in on_member_update
Traceback (most recent call last):
  File "/usr/local/lib/python3.12/site-packages/discord/client.py", line 465, in _run_event
    await coro(*args, **kwargs)
  File "/app/asu_discord/cogs/analytics.py", line 652, in on_member_update
    before_timeout = before.timed_out_until
                     ^^^^^^^^^^^^^^^^^^^^^^
AttributeError: 'Member' object has no attribute 'timed_out_until'
Ignoring exception in on_member_update
Traceback (most recent call last):
  File "/usr/local/lib/python3.12/site-packages/discord/client.py", line 465, in _run_event
    await coro(*args, **kwargs)
  File "/app/asu_discord/cogs/analytics.py", line 652, in on_member_update
    before_timeout = before.timed_out_until
                     ^^^^^^^^^^^^^^^^^^^^^^
AttributeError: 'Member' object has no attribute 'timed_out_until'
Ignoring exception in on_member_update
Traceback (most recent call last):
  File "/usr/local/lib/python3.12/site-packages/discord/client.py", line 465, in _run_event
    await coro(*args, **kwargs)
  File "/app/asu_discord/cogs/analytics.py", line 652, in on_member_update
    before_timeout = before.timed_out_until
                     ^^^^^^^^^^^^^^^^^^^^^^
AttributeError: 'Member' object has no attribute 'timed_out_until'
Ignoring exception in on_member_update
Traceback (most recent call last):
  File "/usr/local/lib/python3.12/site-packages/discord/client.py", line 465, in _run_event
    await coro(*args, **kwargs)
  File "/app/asu_discord/cogs/analytics.py", line 652, in on_member_update
    before_timeout = before.timed_out_until
                     ^^^^^^^^^^^^^^^^^^^^^^
AttributeError: 'Member' object has no attribute 'timed_out_until'
Ignoring exception in on_member_update
Traceback (most recent call last):
  File "/usr/local/lib/python3.12/site-packages/discord/client.py", line 465, in _run_event
    await coro(*args, **kwargs)
  File "/app/asu_discord/cogs/analytics.py", line 652, in on_member_update
    before_timeout = before.timed_out_until
                     ^^^^^^^^^^^^^^^^^^^^^^
AttributeError: 'Member' object has no attribute 'timed_out_until'
ERROR:cron.jobs:refresh_salesforce_roles: failed for rcato1 (Discord ID 707694481796890633): Timed out refresh Salesforce-based roles
Ignoring exception in on_member_update
Traceback (most recent call last):
  File "/usr/local/lib/python3.12/site-packages/discord/client.py", line 465, in _run_event
    await coro(*args, **kwargs)
  File "/app/asu_discord/cogs/analytics.py", line 652, in on_member_update
    before_timeout = before.timed_out_until
                     ^^^^^^^^^^^^^^^^^^^^^^
AttributeError: 'Member' object has no attribute 'timed_out_until'
Ignoring exception in on_member_update
Traceback (most recent call last):
  File "/usr/local/lib/python3.12/site-packages/discord/client.py", line 465, in _run_event
    await coro(*args, **kwargs)
  File "/app/asu_discord/cogs/analytics.py", line 652, in on_member_update
    before_timeout = before.timed_out_until
                     ^^^^^^^^^^^^^^^^^^^^^^
AttributeError: 'Member' object has no attribute 'timed_out_until'
Ignoring exception in on_member_update
Traceback (most recent call last):
  File "/usr/local/lib/python3.12/site-packages/discord/client.py", line 465, in _run_event
    await coro(*args, **kwargs)
  File "/app/asu_discord/cogs/analytics.py", line 652, in on_member_update
    before_timeout = before.timed_out_until
                     ^^^^^^^^^^^^^^^^^^^^^^
AttributeError: 'Member' object has no attribute 'timed_out_until'
Ignoring exception in on_member_update
Traceback (most recent call last):
  File "/usr/local/lib/python3.12/site-packages/discord/client.py", line 465, in _run_event
    await coro(*args, **kwargs)
  File "/app/asu_discord/cogs/analytics.py", line 652, in on_member_update
    before_timeout = before.timed_out_until
                     ^^^^^^^^^^^^^^^^^^^^^^
AttributeError: 'Member' object has no attribute 'timed_out_until'
Ignoring exception in on_member_update
Traceback (most recent call last):
  File "/usr/local/lib/python3.12/site-packages/discord/client.py", line 465, in _run_event
    await coro(*args, **kwargs)
  File "/app/asu_discord/cogs/analytics.py", line 652, in on_member_update
    before_timeout = before.timed_out_until
                     ^^^^^^^^^^^^^^^^^^^^^^
AttributeError: 'Member' object has no attribute 'timed_out_until'
Ignoring exception in on_member_update
Traceback (most recent call last):
  File "/usr/local/lib/python3.12/site-packages/discord/client.py", line 465, in _run_event
    await coro(*args, **kwargs)
  File "/app/asu_discord/cogs/analytics.py", line 652, in on_member_update
    before_timeout = before.timed_out_until
                     ^^^^^^^^^^^^^^^^^^^^^^
AttributeError: 'Member' object has no attribute 'timed_out_until'
Ignoring exception in on_member_update
Traceback (most recent call last):
  File "/usr/local/lib/python3.12/site-packages/discord/client.py", line 465, in _run_event
    await coro(*args, **kwargs)
  File "/app/asu_discord/cogs/analytics.py", line 652, in on_member_update
    before_timeout = before.timed_out_until
                     ^^^^^^^^^^^^^^^^^^^^^^
AttributeError: 'Member' object has no attribute 'timed_out_until'
Ignoring exception in on_member_update
Traceback (most recent call last):
  File "/usr/local/lib/python3.12/site-packages/discord/client.py", line 465, in _run_event
    await coro(*args, **kwargs)
  File "/app/asu_discord/cogs/analytics.py", line 652, in on_member_update
    before_timeout = before.timed_out_until
                     ^^^^^^^^^^^^^^^^^^^^^^
AttributeError: 'Member' object has no attribute 'timed_out_until'
Ignoring exception in on_member_update
Traceback (most recent call last):
  File "/usr/local/lib/python3.12/site-packages/discord/client.py", line 465, in _run_event
    await coro(*args, **kwargs)
  File "/app/asu_discord/cogs/analytics.py", line 652, in on_member_update
    before_timeout = before.timed_out_until
                     ^^^^^^^^^^^^^^^^^^^^^^
AttributeError: 'Member' object has no attribute 'timed_out_until'
Ignoring exception in on_member_update
Traceback (most recent call last):
  File "/usr/local/lib/python3.12/site-packages/discord/client.py", line 465, in _run_event
    await coro(*args, **kwargs)
  File "/app/asu_discord/cogs/analytics.py", line 652, in on_member_update
    before_timeout = before.timed_out_until
                     ^^^^^^^^^^^^^^^^^^^^^^
AttributeError: 'Member' object has no attribute 'timed_out_until'
INFO:asu_discord.cogs.verification:Saved 5 roles to database for user asarav26 (Discord ID: 1014726130386870372)
INFO:asu_discord.cogs.verification:Refreshed Salesforce roles for Discord user 1014726130386870372: -5/+5 roles, assigned=[Commited, First Year, Ira A. Fulton Schools of Engineering, Out of State, Tempe]
Ignoring exception in on_member_update
Traceback (most recent call last):
  File "/usr/local/lib/python3.12/site-packages/discord/client.py", line 465, in _run_event
    await coro(*args, **kwargs)
  File "/app/asu_discord/cogs/analytics.py", line 652, in on_member_update
    before_timeout = before.timed_out_until
                     ^^^^^^^^^^^^^^^^^^^^^^
AttributeError: 'Member' object has no attribute 'timed_out_until'
Ignoring exception in on_member_update
Traceback (most recent call last):
  File "/usr/local/lib/python3.12/site-packages/discord/client.py", line 465, in _run_event
    await coro(*args, **kwargs)
  File "/app/asu_discord/cogs/analytics.py", line 652, in on_member_update
    before_timeout = before.timed_out_until
                     ^^^^^^^^^^^^^^^^^^^^^^
AttributeError: 'Member' object has no attribute 'timed_out_until'
Ignoring exception in on_member_update
Traceback (most recent call last):
  File "/usr/local/lib/python3.12/site-packages/discord/client.py", line 465, in _run_event
    await coro(*args, **kwargs)
  File "/app/asu_discord/cogs/analytics.py", line 652, in on_member_update
    before_timeout = before.timed_out_until
                     ^^^^^^^^^^^^^^^^^^^^^^
AttributeError: 'Member' object has no attribute 'timed_out_until'
Ignoring exception in on_member_update
Traceback (most recent call last):
  File "/usr/local/lib/python3.12/site-packages/discord/client.py", line 465, in _run_event
    await coro(*args, **kwargs)
  File "/app/asu_discord/cogs/analytics.py", line 652, in on_member_update
    before_timeout = before.timed_out_until
                     ^^^^^^^^^^^^^^^^^^^^^^
AttributeError: 'Member' object has no attribute 'timed_out_until'
Ignoring exception in on_member_update
Traceback (most recent call last):
  File "/usr/local/lib/python3.12/site-packages/discord/client.py", line 465, in _run_event
    await coro(*args, **kwargs)
  File "/app/asu_discord/cogs/analytics.py", line 652, in on_member_update
    before_timeout = before.timed_out_until
                     ^^^^^^^^^^^^^^^^^^^^^^
AttributeError: 'Member' object has no attribute 'timed_out_until'
Ignoring exception in on_member_update
Traceback (most recent call last):
  File "/usr/local/lib/python3.12/site-packages/discord/client.py", line 465, in _run_event
    await coro(*args, **kwargs)
  File "/app/asu_discord/cogs/analytics.py", line 652, in on_member_update
    before_timeout = before.timed_out_until
                     ^^^^^^^^^^^^^^^^^^^^^^
AttributeError: 'Member' object has no attribute 'timed_out_until'
Ignoring exception in on_member_update
Traceback (most recent call last):
  File "/usr/local/lib/python3.12/site-packages/discord/client.py", line 465, in _run_event
    await coro(*args, **kwargs)
  File "/app/asu_discord/cogs/analytics.py", line 652, in on_member_update
    before_timeout = before.timed_out_until
                     ^^^^^^^^^^^^^^^^^^^^^^
AttributeError: 'Member' object has no attribute 'timed_out_until'
Ignoring exception in on_member_update
Traceback (most recent call last):
  File "/usr/local/lib/python3.12/site-packages/discord/client.py", line 465, in _run_event
    await coro(*args, **kwargs)
  File "/app/asu_discord/cogs/analytics.py", line 652, in on_member_update
    before_timeout = before.timed_out_until
                     ^^^^^^^^^^^^^^^^^^^^^^
AttributeError: 'Member' object has no attribute 'timed_out_until'
Ignoring exception in on_member_update
Traceback (most recent call last):
  File "/usr/local/lib/python3.12/site-packages/discord/client.py", line 465, in _run_event
    await coro(*args, **kwargs)
  File "/app/asu_discord/cogs/analytics.py", line 652, in on_member_update
    before_timeout = before.timed_out_until
                     ^^^^^^^^^^^^^^^^^^^^^^
AttributeError: 'Member' object has no attribute 'timed_out_until'
Ignoring exception in on_member_update
Traceback (most recent call last):
  File "/usr/local/lib/python3.12/site-packages/discord/client.py", line 465, in _run_event
    await coro(*args, **kwargs)
  File "/app/asu_discord/cogs/analytics.py", line 652, in on_member_update
    before_timeout = before.timed_out_until
                     ^^^^^^^^^^^^^^^^^^^^^^
AttributeError: 'Member' object has no attribute 'timed_out_until'
INFO:asu_discord.cogs.verification:Saved 5 roles to database for user analonzo (Discord ID: 1420304246691332126)
INFO:asu_discord.cogs.verification:Refreshed Salesforce roles for Discord user 1420304246691332126: -5/+5 roles, assigned=[Commited, Ira A. Fulton Schools of Engineering, Out of State, Tempe, Transfer Student]
Ignoring exception in on_member_update
Traceback (most recent call last):
  File "/usr/local/lib/python3.12/site-packages/discord/client.py", line 465, in _run_event
    await coro(*args, **kwargs)
  File "/app/asu_discord/cogs/analytics.py", line 652, in on_member_update
    before_timeout = before.timed_out_until
                     ^^^^^^^^^^^^^^^^^^^^^^
AttributeError: 'Member' object has no attribute 'timed_out_until'
Ignoring exception in on_member_update
Traceback (most recent call last):
  File "/usr/local/lib/python3.12/site-packages/discord/client.py", line 465, in _run_event
    await coro(*args, **kwargs)
  File "/app/asu_discord/cogs/analytics.py", line 652, in on_member_update
    before_timeout = before.timed_out_until
                     ^^^^^^^^^^^^^^^^^^^^^^
AttributeError: 'Member' object has no attribute 'timed_out_until'
Ignoring exception in on_member_update
Traceback (most recent call last):
  File "/usr/local/lib/python3.12/site-packages/discord/client.py", line 465, in _run_event
    await coro(*args, **kwargs)
  File "/app/asu_discord/cogs/analytics.py", line 652, in on_member_update
    before_timeout = before.timed_out_until
                     ^^^^^^^^^^^^^^^^^^^^^^
AttributeError: 'Member' object has no attribute 'timed_out_until'
Ignoring exception in on_member_update
Traceback (most recent call last):
  File "/usr/local/lib/python3.12/site-packages/discord/client.py", line 465, in _run_event
    await coro(*args, **kwargs)
  File "/app/asu_discord/cogs/analytics.py", line 652, in on_member_update
    before_timeout = before.timed_out_until
                     ^^^^^^^^^^^^^^^^^^^^^^
AttributeError: 'Member' object has no attribute 'timed_out_until'
Ignoring exception in on_member_update
Traceback (most recent call last):
  File "/usr/local/lib/python3.12/site-packages/discord/client.py", line 465, in _run_event
    await coro(*args, **kwargs)
  File "/app/asu_discord/cogs/analytics.py", line 652, in on_member_update
    before_timeout = before.timed_out_until
                     ^^^^^^^^^^^^^^^^^^^^^^
AttributeError: 'Member' object has no attribute 'timed_out_until'
Ignoring exception in on_member_update
Traceback (most recent call last):
  File "/usr/local/lib/python3.12/site-packages/discord/client.py", line 465, in _run_event
    await coro(*args, **kwargs)
  File "/app/asu_discord/cogs/analytics.py", line 652, in on_member_update
    before_timeout = before.timed_out_until
                     ^^^^^^^^^^^^^^^^^^^^^^
AttributeError: 'Member' object has no attribute 'timed_out_until'
Ignoring exception in on_member_update
Traceback (most recent call last):
  File "/usr/local/lib/python3.12/site-packages/discord/client.py", line 465, in _run_event
    await coro(*args, **kwargs)
  File "/app/asu_discord/cogs/analytics.py", line 652, in on_member_update
    before_timeout = before.timed_out_until
                     ^^^^^^^^^^^^^^^^^^^^^^
AttributeError: 'Member' object has no attribute 'timed_out_until'
Ignoring exception in on_member_update
Traceback (most recent call last):
  File "/usr/local/lib/python3.12/site-packages/discord/client.py", line 465, in _run_event
    await coro(*args, **kwargs)
  File "/app/asu_discord/cogs/analytics.py", line 652, in on_member_update
    before_timeout = before.timed_out_until
                     ^^^^^^^^^^^^^^^^^^^^^^
AttributeError: 'Member' object has no attribute 'timed_out_until'
Ignoring exception in on_member_update
Traceback (most recent call last):
  File "/usr/local/lib/python3.12/site-packages/discord/client.py", line 465, in _run_event
    await coro(*args, **kwargs)
  File "/app/asu_discord/cogs/analytics.py", line 652, in on_member_update
    before_timeout = before.timed_out_until
                     ^^^^^^^^^^^^^^^^^^^^^^
AttributeError: 'Member' object has no attribute 'timed_out_until'
INFO:asu_discord.cogs.verification:Saved 5 roles to database for user blbueler (Discord ID: 701926573942505482)
INFO:asu_discord.cogs.verification:Refreshed Salesforce roles for Discord user 701926573942505482: -5/+4 roles, assigned=[Arizona Resident, Commited, First Year, Ira A. Fulton Schools of Engineering, Tempe]
Ignoring exception in on_member_update
Traceback (most recent call last):
  File "/usr/local/lib/python3.12/site-packages/discord/client.py", line 465, in _run_event
    await coro(*args, **kwargs)
  File "/app/asu_discord/cogs/analytics.py", line 652, in on_member_update
    before_timeout = before.timed_out_until
                     ^^^^^^^^^^^^^^^^^^^^^^
AttributeError: 'Member' object has no attribute 'timed_out_until'
Ignoring exception in on_member_update
Traceback (most recent call last):
  File "/usr/local/lib/python3.12/site-packages/discord/client.py", line 465, in _run_event
    await coro(*args, **kwargs)
  File "/app/asu_discord/cogs/analytics.py", line 652, in on_member_update
    before_timeout = before.timed_out_until
                     ^^^^^^^^^^^^^^^^^^^^^^
AttributeError: 'Member' object has no attribute 'timed_out_until'
Ignoring exception in on_member_update
Traceback (most recent call last):
  File "/usr/local/lib/python3.12/site-packages/discord/client.py", line 465, in _run_event
    await coro(*args, **kwargs)
  File "/app/asu_discord/cogs/analytics.py", line 652, in on_member_update
    before_timeout = before.timed_out_until
                     ^^^^^^^^^^^^^^^^^^^^^^
AttributeError: 'Member' object has no attribute 'timed_out_until'
Ignoring exception in on_member_update
Traceback (most recent call last):
  File "/usr/local/lib/python3.12/site-packages/discord/client.py", line 465, in _run_event
    await coro(*args, **kwargs)
  File "/app/asu_discord/cogs/analytics.py", line 652, in on_member_update
    before_timeout = before.timed_out_until
                     ^^^^^^^^^^^^^^^^^^^^^^
AttributeError: 'Member' object has no attribute 'timed_out_until'
Ignoring exception in on_member_update
Traceback (most recent call last):
  File "/usr/local/lib/python3.12/site-packages/discord/client.py", line 465, in _run_event
    await coro(*args, **kwargs)
  File "/app/asu_discord/cogs/analytics.py", line 652, in on_member_update
    before_timeout = before.timed_out_until
                     ^^^^^^^^^^^^^^^^^^^^^^
AttributeError: 'Member' object has no attribute 'timed_out_until'
Ignoring exception in on_member_update
Traceback (most recent call last):
  File "/usr/local/lib/python3.12/site-packages/discord/client.py", line 465, in _run_event
    await coro(*args, **kwargs)
  File "/app/asu_discord/cogs/analytics.py", line 652, in on_member_update
    before_timeout = before.timed_out_until
                     ^^^^^^^^^^^^^^^^^^^^^^
AttributeError: 'Member' object has no attribute 'timed_out_until'
Ignoring exception in on_member_update
Traceback (most recent call last):
  File "/usr/local/lib/python3.12/site-packages/discord/client.py", line 465, in _run_event
    await coro(*args, **kwargs)
  File "/app/asu_discord/cogs/analytics.py", line 652, in on_member_update
    before_timeout = before.timed_out_until
                     ^^^^^^^^^^^^^^^^^^^^^^
AttributeError: 'Member' object has no attribute 'timed_out_until'
Ignoring exception in on_member_update
Traceback (most recent call last):
  File "/usr/local/lib/python3.12/site-packages/discord/client.py", line 465, in _run_event
    await coro(*args, **kwargs)
  File "/app/asu_discord/cogs/analytics.py", line 652, in on_member_update
    before_timeout = before.timed_out_until
                     ^^^^^^^^^^^^^^^^^^^^^^
AttributeError: 'Member' object has no attribute 'timed_out_until'
Ignoring exception in on_member_update
Traceback (most recent call last):
  File "/usr/local/lib/python3.12/site-packages/discord/client.py", line 465, in _run_event
    await coro(*args, **kwargs)
  File "/app/asu_discord/cogs/analytics.py", line 652, in on_member_update
    before_timeout = before.timed_out_until
                     ^^^^^^^^^^^^^^^^^^^^^^
AttributeError: 'Member' object has no attribute 'timed_out_until'
Ignoring exception in on_member_update
Traceback (most recent call last):
  File "/usr/local/lib/python3.12/site-packages/discord/client.py", line 465, in _run_event
    await coro(*args, **kwargs)
  File "/app/asu_discord/cogs/analytics.py", line 652, in on_member_update
    before_timeout = before.timed_out_until
                     ^^^^^^^^^^^^^^^^^^^^^^
AttributeError: 'Member' object has no attribute 'timed_out_until'
Ignoring exception in on_member_update
Traceback (most recent call last):
  File "/usr/local/lib/python3.12/site-packages/discord/client.py", line 465, in _run_event
    await coro(*args, **kwargs)
  File "/app/asu_discord/cogs/analytics.py", line 652, in on_member_update
    before_timeout = before.timed_out_until
                     ^^^^^^^^^^^^^^^^^^^^^^
AttributeError: 'Member' object has no attribute 'timed_out_until'
ERROR:cron.jobs:refresh_salesforce_roles: failed for gvadrana (Discord ID 813806575542206514): Timed out refresh Salesforce-based roles
Ignoring exception in on_member_update
Traceback (most recent call last):
  File "/usr/local/lib/python3.12/site-packages/discord/client.py", line 465, in _run_event
    await coro(*args, **kwargs)
  File "/app/asu_discord/cogs/analytics.py", line 652, in on_member_update
    before_timeout = before.timed_out_until
                     ^^^^^^^^^^^^^^^^^^^^^^
AttributeError: 'Member' object has no attribute 'timed_out_until'
Ignoring exception in on_member_update
Traceback (most recent call last):
  File "/usr/local/lib/python3.12/site-packages/discord/client.py", line 465, in _run_event
    await coro(*args, **kwargs)
  File "/app/asu_discord/cogs/analytics.py", line 652, in on_member_update
    before_timeout = before.timed_out_until
                     ^^^^^^^^^^^^^^^^^^^^^^
AttributeError: 'Member' object has no attribute 'timed_out_until'
Ignoring exception in on_member_update
Traceback (most recent call last):
  File "/usr/local/lib/python3.12/site-packages/discord/client.py", line 465, in _run_event
    await coro(*args, **kwargs)
  File "/app/asu_discord/cogs/analytics.py", line 652, in on_member_update
    before_timeout = before.timed_out_until
                     ^^^^^^^^^^^^^^^^^^^^^^
AttributeError: 'Member' object has no attribute 'timed_out_until'
Ignoring exception in on_member_update
Traceback (most recent call last):
  File "/usr/local/lib/python3.12/site-packages/discord/client.py", line 465, in _run_event
    await coro(*args, **kwargs)
  File "/app/asu_discord/cogs/analytics.py", line 652, in on_member_update
    before_timeout = before.timed_out_until
                     ^^^^^^^^^^^^^^^^^^^^^^
AttributeError: 'Member' object has no attribute 'timed_out_until'
Ignoring exception in on_member_update
Traceback (most recent call last):
  File "/usr/local/lib/python3.12/site-packages/discord/client.py", line 465, in _run_event
    await coro(*args, **kwargs)
  File "/app/asu_discord/cogs/analytics.py", line 652, in on_member_update
    before_timeout = before.timed_out_until
                     ^^^^^^^^^^^^^^^^^^^^^^
AttributeError: 'Member' object has no attribute 'timed_out_until'
Ignoring exception in on_member_update
Traceback (most recent call last):
  File "/usr/local/lib/python3.12/site-packages/discord/client.py", line 465, in _run_event
    await coro(*args, **kwargs)
  File "/app/asu_discord/cogs/analytics.py", line 652, in on_member_update
    before_timeout = before.timed_out_until
                     ^^^^^^^^^^^^^^^^^^^^^^
AttributeError: 'Member' object has no attribute 'timed_out_until'
Ignoring exception in on_member_update
Traceback (most recent call last):
  File "/usr/local/lib/python3.12/site-packages/discord/client.py", line 465, in _run_event
    await coro(*args, **kwargs)
  File "/app/asu_discord/cogs/analytics.py", line 652, in on_member_update
    before_timeout = before.timed_out_until
                     ^^^^^^^^^^^^^^^^^^^^^^
AttributeError: 'Member' object has no attribute 'timed_out_until'
Ignoring exception in on_member_update
Traceback (most recent call last):
  File "/usr/local/lib/python3.12/site-packages/discord/client.py", line 465, in _run_event
    await coro(*args, **kwargs)
  File "/app/asu_discord/cogs/analytics.py", line 652, in on_member_update
    before_timeout = before.timed_out_until
                     ^^^^^^^^^^^^^^^^^^^^^^
AttributeError: 'Member' object has no attribute 'timed_out_until'
Ignoring exception in on_member_update
Traceback (most recent call last):
  File "/usr/local/lib/python3.12/site-packages/discord/client.py", line 465, in _run_event
    await coro(*args, **kwargs)
  File "/app/asu_discord/cogs/analytics.py", line 652, in on_member_update
    before_timeout = before.timed_out_until
                     ^^^^^^^^^^^^^^^^^^^^^^
AttributeError: 'Member' object has no attribute 'timed_out_until'
Ignoring exception in on_member_update
Traceback (most recent call last):
  File "/usr/local/lib/python3.12/site-packages/discord/client.py", line 465, in _run_event
    await coro(*args, **kwargs)
  File "/app/asu_discord/cogs/analytics.py", line 652, in on_member_update
    before_timeout = before.timed_out_until
                     ^^^^^^^^^^^^^^^^^^^^^^
AttributeError: 'Member' object has no attribute 'timed_out_until'
INFO:asu_discord.cogs.verification:Saved 5 roles to database for user ychan222 (Discord ID: 1496367900439871629)
INFO:asu_discord.cogs.verification:Refreshed Salesforce roles for Discord user 1496367900439871629: -5/+5 roles, assigned=[Commited, First Year, International Student, Tempe, W.P. Carey School of Business]
Ignoring exception in on_member_update
Traceback (most recent call last):
  File "/usr/local/lib/python3.12/site-packages/discord/client.py", line 465, in _run_event
    await coro(*args, **kwargs)
  File "/app/asu_discord/cogs/analytics.py", line 652, in on_member_update
    before_timeout = before.timed_out_until
                     ^^^^^^^^^^^^^^^^^^^^^^
AttributeError: 'Member' object has no attribute 'timed_out_until'
Ignoring exception in on_member_update
Traceback (most recent call last):
  File "/usr/local/lib/python3.12/site-packages/discord/client.py", line 465, in _run_event
    await coro(*args, **kwargs)
  File "/app/asu_discord/cogs/analytics.py", line 652, in on_member_update
    before_timeout = before.timed_out_until
                     ^^^^^^^^^^^^^^^^^^^^^^
AttributeError: 'Member' object has no attribute 'timed_out_until'
Ignoring exception in on_member_update
Traceback (most recent call last):
  File "/usr/local/lib/python3.12/site-packages/discord/client.py", line 465, in _run_event
    await coro(*args, **kwargs)
  File "/app/asu_discord/cogs/analytics.py", line 652, in on_member_update
    before_timeout = before.timed_out_until
                     ^^^^^^^^^^^^^^^^^^^^^^
AttributeError: 'Member' object has no attribute 'timed_out_until'
Ignoring exception in on_member_update
Traceback (most recent call last):
  File "/usr/local/lib/python3.12/site-packages/discord/client.py", line 465, in _run_event
    await coro(*args, **kwargs)
  File "/app/asu_discord/cogs/analytics.py", line 652, in on_member_update
    before_timeout = before.timed_out_until
                     ^^^^^^^^^^^^^^^^^^^^^^
AttributeError: 'Member' object has no attribute 'timed_out_until'
Ignoring exception in on_member_update
Traceback (most recent call last):
  File "/usr/local/lib/python3.12/site-packages/discord/client.py", line 465, in _run_event
    await coro(*args, **kwargs)
  File "/app/asu_discord/cogs/analytics.py", line 652, in on_member_update
    before_timeout = before.timed_out_until
                     ^^^^^^^^^^^^^^^^^^^^^^
AttributeError: 'Member' object has no attribute 'timed_out_until'
Ignoring exception in on_member_update
Traceback (most recent call last):
  File "/usr/local/lib/python3.12/site-packages/discord/client.py", line 465, in _run_event
    await coro(*args, **kwargs)
  File "/app/asu_discord/cogs/analytics.py", line 652, in on_member_update
    before_timeout = before.timed_out_until
                     ^^^^^^^^^^^^^^^^^^^^^^
AttributeError: 'Member' object has no attribute 'timed_out_until'
Ignoring exception in on_member_update
Traceback (most recent call last):
  File "/usr/local/lib/python3.12/site-packages/discord/client.py", line 465, in _run_event
    await coro(*args, **kwargs)
  File "/app/asu_discord/cogs/analytics.py", line 652, in on_member_update
    before_timeout = before.timed_out_until
                     ^^^^^^^^^^^^^^^^^^^^^^
AttributeError: 'Member' object has no attribute 'timed_out_until'
Ignoring exception in on_member_update
Traceback (most recent call last):
  File "/usr/local/lib/python3.12/site-packages/discord/client.py", line 465, in _run_event
    await coro(*args, **kwargs)
  File "/app/asu_discord/cogs/analytics.py", line 652, in on_member_update
    before_timeout = before.timed_out_until
                     ^^^^^^^^^^^^^^^^^^^^^^
AttributeError: 'Member' object has no attribute 'timed_out_until'
INFO:asu_discord.cogs.verification:Saved 4 roles to database for user jgrabans (Discord ID: 1496355495068307487)
INFO:asu_discord.cogs.verification:Refreshed Salesforce roles for Discord user 1496355495068307487: -4/+4 roles, assigned=[College of Liberal Arts and Sciences, Graduate Student, Out of State, Tempe]
Ignoring exception in on_member_update
Traceback (most recent call last):
  File "/usr/local/lib/python3.12/site-packages/discord/client.py", line 465, in _run_event
    await coro(*args, **kwargs)
  File "/app/asu_discord/cogs/analytics.py", line 652, in on_member_update
    before_timeout = before.timed_out_until
                     ^^^^^^^^^^^^^^^^^^^^^^
AttributeError: 'Member' object has no attribute 'timed_out_until'
Ignoring exception in on_member_update
Traceback (most recent call last):
  File "/usr/local/lib/python3.12/site-packages/discord/client.py", line 465, in _run_event
    await coro(*args, **kwargs)
  File "/app/asu_discord/cogs/analytics.py", line 652, in on_member_update
    before_timeout = before.timed_out_until
                     ^^^^^^^^^^^^^^^^^^^^^^
AttributeError: 'Member' object has no attribute 'timed_out_until'
Ignoring exception in on_member_update
Traceback (most recent call last):
  File "/usr/local/lib/python3.12/site-packages/discord/client.py", line 465, in _run_event
    await coro(*args, **kwargs)
  File "/app/asu_discord/cogs/analytics.py", line 652, in on_member_update
    before_timeout = before.timed_out_until
                     ^^^^^^^^^^^^^^^^^^^^^^
AttributeError: 'Member' object has no attribute 'timed_out_until'
Ignoring exception in on_member_update
Traceback (most recent call last):
  File "/usr/local/lib/python3.12/site-packages/discord/client.py", line 465, in _run_event
    await coro(*args, **kwargs)
  File "/app/asu_discord/cogs/analytics.py", line 652, in on_member_update
    before_timeout = before.timed_out_until
                     ^^^^^^^^^^^^^^^^^^^^^^
AttributeError: 'Member' object has no attribute 'timed_out_until'
Ignoring exception in on_member_update
Traceback (most recent call last):
  File "/usr/local/lib/python3.12/site-packages/discord/client.py", line 465, in _run_event
    await coro(*args, **kwargs)
  File "/app/asu_discord/cogs/analytics.py", line 652, in on_member_update
    before_timeout = before.timed_out_until
                     ^^^^^^^^^^^^^^^^^^^^^^
AttributeError: 'Member' object has no attribute 'timed_out_until'
Ignoring exception in on_member_update
Traceback (most recent call last):
  File "/usr/local/lib/python3.12/site-packages/discord/client.py", line 465, in _run_event
    await coro(*args, **kwargs)
  File "/app/asu_discord/cogs/analytics.py", line 652, in on_member_update
    before_timeout = before.timed_out_until
                     ^^^^^^^^^^^^^^^^^^^^^^
AttributeError: 'Member' object has no attribute 'timed_out_until'
Ignoring exception in on_member_update
Traceback (most recent call last):
  File "/usr/local/lib/python3.12/site-packages/discord/client.py", line 465, in _run_event
    await coro(*args, **kwargs)
  File "/app/asu_discord/cogs/analytics.py", line 652, in on_member_update
    before_timeout = before.timed_out_until
                     ^^^^^^^^^^^^^^^^^^^^^^
AttributeError: 'Member' object has no attribute 'timed_out_until'
Ignoring exception in on_member_update
Traceback (most recent call last):
  File "/usr/local/lib/python3.12/site-packages/discord/client.py", line 465, in _run_event
    await coro(*args, **kwargs)
  File "/app/asu_discord/cogs/analytics.py", line 652, in on_member_update
    before_timeout = before.timed_out_until
                     ^^^^^^^^^^^^^^^^^^^^^^
AttributeError: 'Member' object has no attribute 'timed_out_until'
Ignoring exception in on_member_update
Traceback (most recent call last):
  File "/usr/local/lib/python3.12/site-packages/discord/client.py", line 465, in _run_event
    await coro(*args, **kwargs)
  File "/app/asu_discord/cogs/analytics.py", line 652, in on_member_update
    before_timeout = before.timed_out_until
                     ^^^^^^^^^^^^^^^^^^^^^^
AttributeError: 'Member' object has no attribute 'timed_out_until'
INFO:asu_discord.cogs.verification:Saved 5 roles to database for user tbmitch7 (Discord ID: 649420559209332746)
INFO:asu_discord.cogs.verification:Refreshed Salesforce roles for Discord user 649420559209332746: -4/+5 roles, assigned=[Commited, Herberger Institute for Design and the Arts, Out of State, Tempe, Transfer Student]
Ignoring exception in on_member_update
Traceback (most recent call last):
  File "/usr/local/lib/python3.12/site-packages/discord/client.py", line 465, in _run_event
    await coro(*args, **kwargs)
  File "/app/asu_discord/cogs/analytics.py", line 652, in on_member_update
    before_timeout = before.timed_out_until
                     ^^^^^^^^^^^^^^^^^^^^^^
AttributeError: 'Member' object has no attribute 'timed_out_until'
Ignoring exception in on_member_update
Traceback (most recent call last):
  File "/usr/local/lib/python3.12/site-packages/discord/client.py", line 465, in _run_event
    await coro(*args, **kwargs)
  File "/app/asu_discord/cogs/analytics.py", line 652, in on_member_update
    before_timeout = before.timed_out_until
                     ^^^^^^^^^^^^^^^^^^^^^^
AttributeError: 'Member' object has no attribute 'timed_out_until'
Ignoring exception in on_member_update
Traceback (most recent call last):
  File "/usr/local/lib/python3.12/site-packages/discord/client.py", line 465, in _run_event
    await coro(*args, **kwargs)
  File "/app/asu_discord/cogs/analytics.py", line 652, in on_member_update
    before_timeout = before.timed_out_until
                     ^^^^^^^^^^^^^^^^^^^^^^
AttributeError: 'Member' object has no attribute 'timed_out_until'
Ignoring exception in on_member_update
Traceback (most recent call last):
  File "/usr/local/lib/python3.12/site-packages/discord/client.py", line 465, in _run_event
    await coro(*args, **kwargs)
  File "/app/asu_discord/cogs/analytics.py", line 652, in on_member_update
    before_timeout = before.timed_out_until
                     ^^^^^^^^^^^^^^^^^^^^^^
AttributeError: 'Member' object has no attribute 'timed_out_until'
Ignoring exception in on_member_update
Traceback (most recent call last):
  File "/usr/local/lib/python3.12/site-packages/discord/client.py", line 465, in _run_event
    await coro(*args, **kwargs)
  File "/app/asu_discord/cogs/analytics.py", line 652, in on_member_update
    before_timeout = before.timed_out_until
                     ^^^^^^^^^^^^^^^^^^^^^^
AttributeError: 'Member' object has no attribute 'timed_out_until'
Ignoring exception in on_member_update
Traceback (most recent call last):
  File "/usr/local/lib/python3.12/site-packages/discord/client.py", line 465, in _run_event
    await coro(*args, **kwargs)
  File "/app/asu_discord/cogs/analytics.py", line 652, in on_member_update
    before_timeout = before.timed_out_until
                     ^^^^^^^^^^^^^^^^^^^^^^
AttributeError: 'Member' object has no attribute 'timed_out_until'
Ignoring exception in on_member_update
Traceback (most recent call last):
  File "/usr/local/lib/python3.12/site-packages/discord/client.py", line 465, in _run_event
    await coro(*args, **kwargs)
  File "/app/asu_discord/cogs/analytics.py", line 652, in on_member_update
    before_timeout = before.timed_out_until
                     ^^^^^^^^^^^^^^^^^^^^^^
AttributeError: 'Member' object has no attribute 'timed_out_until'
Ignoring exception in on_member_update
Traceback (most recent call last):
  File "/usr/local/lib/python3.12/site-packages/discord/client.py", line 465, in _run_event
    await coro(*args, **kwargs)
  File "/app/asu_discord/cogs/analytics.py", line 652, in on_member_update
    before_timeout = before.timed_out_until
                     ^^^^^^^^^^^^^^^^^^^^^^
AttributeError: 'Member' object has no attribute 'timed_out_until'
Ignoring exception in on_member_update
Traceback (most recent call last):
  File "/usr/local/lib/python3.12/site-packages/discord/client.py", line 465, in _run_event
    await coro(*args, **kwargs)
  File "/app/asu_discord/cogs/analytics.py", line 652, in on_member_update
    before_timeout = before.timed_out_until
                     ^^^^^^^^^^^^^^^^^^^^^^
AttributeError: 'Member' object has no attribute 'timed_out_until'
Ignoring exception in on_member_update
Traceback (most recent call last):
  File "/usr/local/lib/python3.12/site-packages/discord/client.py", line 465, in _run_event
    await coro(*args, **kwargs)
  File "/app/asu_discord/cogs/analytics.py", line 652, in on_member_update
    before_timeout = before.timed_out_until
                     ^^^^^^^^^^^^^^^^^^^^^^
AttributeError: 'Member' object has no attribute 'timed_out_until'
INFO:asu_discord.cogs.verification:Saved 5 roles to database for user famoudi (Discord ID: 761293685098676254)
INFO:asu_discord.cogs.verification:Refreshed Salesforce roles for Discord user 761293685098676254: -5/+5 roles, assigned=[Arizona Resident, Commited, First Year, Ira A. Fulton Schools of Engineering, Tempe]
Ignoring exception in on_member_update
Traceback (most recent call last):
  File "/usr/local/lib/python3.12/site-packages/discord/client.py", line 465, in _run_event
    await coro(*args, **kwargs)
  File "/app/asu_discord/cogs/analytics.py", line 652, in on_member_update
    before_timeout = before.timed_out_until
                     ^^^^^^^^^^^^^^^^^^^^^^
AttributeError: 'Member' object has no attribute 'timed_out_until'
Ignoring exception in on_member_update
Traceback (most recent call last):
  File "/usr/local/lib/python3.12/site-packages/discord/client.py", line 465, in _run_event
    await coro(*args, **kwargs)
  File "/app/asu_discord/cogs/analytics.py", line 652, in on_member_update
    before_timeout = before.timed_out_until
                     ^^^^^^^^^^^^^^^^^^^^^^
AttributeError: 'Member' object has no attribute 'timed_out_until'
Ignoring exception in on_member_update
Traceback (most recent call last):
  File "/usr/local/lib/python3.12/site-packages/discord/client.py", line 465, in _run_event
    await coro(*args, **kwargs)
  File "/app/asu_discord/cogs/analytics.py", line 652, in on_member_update
    before_timeout = before.timed_out_until
                     ^^^^^^^^^^^^^^^^^^^^^^
AttributeError: 'Member' object has no attribute 'timed_out_until'
Ignoring exception in on_member_update
Traceback (most recent call last):
  File "/usr/local/lib/python3.12/site-packages/discord/client.py", line 465, in _run_event
    await coro(*args, **kwargs)
  File "/app/asu_discord/cogs/analytics.py", line 652, in on_member_update
    before_timeout = before.timed_out_until
                     ^^^^^^^^^^^^^^^^^^^^^^
AttributeError: 'Member' object has no attribute 'timed_out_until'
Ignoring exception in on_member_update
Traceback (most recent call last):
  File "/usr/local/lib/python3.12/site-packages/discord/client.py", line 465, in _run_event
    await coro(*args, **kwargs)
  File "/app/asu_discord/cogs/analytics.py", line 652, in on_member_update
    before_timeout = before.timed_out_until
                     ^^^^^^^^^^^^^^^^^^^^^^
AttributeError: 'Member' object has no attribute 'timed_out_until'
Ignoring exception in on_member_update
Traceback (most recent call last):
  File "/usr/local/lib/python3.12/site-packages/discord/client.py", line 465, in _run_event
    await coro(*args, **kwargs)
  File "/app/asu_discord/cogs/analytics.py", line 652, in on_member_update
    before_timeout = before.timed_out_until
                     ^^^^^^^^^^^^^^^^^^^^^^
AttributeError: 'Member' object has no attribute 'timed_out_until'
Ignoring exception in on_member_update
Traceback (most recent call last):
  File "/usr/local/lib/python3.12/site-packages/discord/client.py", line 465, in _run_event
    await coro(*args, **kwargs)
  File "/app/asu_discord/cogs/analytics.py", line 652, in on_member_update
    before_timeout = before.timed_out_until
                     ^^^^^^^^^^^^^^^^^^^^^^
AttributeError: 'Member' object has no attribute 'timed_out_until'
Ignoring exception in on_member_update
Traceback (most recent call last):
  File "/usr/local/lib/python3.12/site-packages/discord/client.py", line 465, in _run_event
    await coro(*args, **kwargs)
  File "/app/asu_discord/cogs/analytics.py", line 652, in on_member_update
    before_timeout = before.timed_out_until
                     ^^^^^^^^^^^^^^^^^^^^^^
AttributeError: 'Member' object has no attribute 'timed_out_until'
Ignoring exception in on_member_update
Traceback (most recent call last):
  File "/usr/local/lib/python3.12/site-packages/discord/client.py", line 465, in _run_event
    await coro(*args, **kwargs)
  File "/app/asu_discord/cogs/analytics.py", line 652, in on_member_update
    before_timeout = before.timed_out_until
                     ^^^^^^^^^^^^^^^^^^^^^^
AttributeError: 'Member' object has no attribute 'timed_out_until'
Ignoring exception in on_member_update
Traceback (most recent call last):
  File "/usr/local/lib/python3.12/site-packages/discord/client.py", line 465, in _run_event
    await coro(*args, **kwargs)
  File "/app/asu_discord/cogs/analytics.py", line 652, in on_member_update
    before_timeout = before.timed_out_until
                     ^^^^^^^^^^^^^^^^^^^^^^
AttributeError: 'Member' object has no attribute 'timed_out_until'
INFO:asu_discord.cogs.verification:Saved 5 roles to database for user piduri (Discord ID: 1455370149568970897)
INFO:asu_discord.cogs.verification:Refreshed Salesforce roles for Discord user 1455370149568970897: -5/+5 roles, assigned=[College of Liberal Arts and Sciences, Commited, First Generation Student, First Year, Tempe]
Ignoring exception in on_member_update
Traceback (most recent call last):
  File "/usr/local/lib/python3.12/site-packages/discord/client.py", line 465, in _run_event
    await coro(*args, **kwargs)
  File "/app/asu_discord/cogs/analytics.py", line 652, in on_member_update
    before_timeout = before.timed_out_until
                     ^^^^^^^^^^^^^^^^^^^^^^
AttributeError: 'Member' object has no attribute 'timed_out_until'
Ignoring exception in on_member_update
Traceback (most recent call last):
  File "/usr/local/lib/python3.12/site-packages/discord/client.py", line 465, in _run_event
    await coro(*args, **kwargs)
  File "/app/asu_discord/cogs/analytics.py", line 652, in on_member_update
    before_timeout = before.timed_out_until
                     ^^^^^^^^^^^^^^^^^^^^^^
AttributeError: 'Member' object has no attribute 'timed_out_until'
Ignoring exception in on_member_update
Traceback (most recent call last):
  File "/usr/local/lib/python3.12/site-packages/discord/client.py", line 465, in _run_event
    await coro(*args, **kwargs)
  File "/app/asu_discord/cogs/analytics.py", line 652, in on_member_update
    before_timeout = before.timed_out_until
                     ^^^^^^^^^^^^^^^^^^^^^^
AttributeError: 'Member' object has no attribute 'timed_out_until'
Ignoring exception in on_member_update
Traceback (most recent call last):
  File "/usr/local/lib/python3.12/site-packages/discord/client.py", line 465, in _run_event
    await coro(*args, **kwargs)
  File "/app/asu_discord/cogs/analytics.py", line 652, in on_member_update
    before_timeout = before.timed_out_until
                     ^^^^^^^^^^^^^^^^^^^^^^
AttributeError: 'Member' object has no attribute 'timed_out_until'
Ignoring exception in on_member_update
Traceback (most recent call last):
  File "/usr/local/lib/python3.12/site-packages/discord/client.py", line 465, in _run_event
    await coro(*args, **kwargs)
  File "/app/asu_discord/cogs/analytics.py", line 652, in on_member_update
    before_timeout = before.timed_out_until
                     ^^^^^^^^^^^^^^^^^^^^^^
AttributeError: 'Member' object has no attribute 'timed_out_until'
Ignoring exception in on_member_update
Traceback (most recent call last):
  File "/usr/local/lib/python3.12/site-packages/discord/client.py", line 465, in _run_event
    await coro(*args, **kwargs)
  File "/app/asu_discord/cogs/analytics.py", line 652, in on_member_update
    before_timeout = before.timed_out_until
                     ^^^^^^^^^^^^^^^^^^^^^^
AttributeError: 'Member' object has no attribute 'timed_out_until'
Ignoring exception in on_member_update
Traceback (most recent call last):
  File "/usr/local/lib/python3.12/site-packages/discord/client.py", line 465, in _run_event
    await coro(*args, **kwargs)
  File "/app/asu_discord/cogs/analytics.py", line 652, in on_member_update
    before_timeout = before.timed_out_until
                     ^^^^^^^^^^^^^^^^^^^^^^
AttributeError: 'Member' object has no attribute 'timed_out_until'
Ignoring exception in on_member_update
Traceback (most recent call last):
  File "/usr/local/lib/python3.12/site-packages/discord/client.py", line 465, in _run_event
    await coro(*args, **kwargs)
  File "/app/asu_discord/cogs/analytics.py", line 652, in on_member_update
    before_timeout = before.timed_out_until
                     ^^^^^^^^^^^^^^^^^^^^^^
AttributeError: 'Member' object has no attribute 'timed_out_until'
Ignoring exception in on_member_update
Traceback (most recent call last):
  File "/usr/local/lib/python3.12/site-packages/discord/client.py", line 465, in _run_event
    await coro(*args, **kwargs)
  File "/app/asu_discord/cogs/analytics.py", line 652, in on_member_update
    before_timeout = before.timed_out_until
                     ^^^^^^^^^^^^^^^^^^^^^^
AttributeError: 'Member' object has no attribute 'timed_out_until'
Ignoring exception in on_member_update
Traceback (most recent call last):
  File "/usr/local/lib/python3.12/site-packages/discord/client.py", line 465, in _run_event
    await coro(*args, **kwargs)
  File "/app/asu_discord/cogs/analytics.py", line 652, in on_member_update
    before_timeout = before.timed_out_until
                     ^^^^^^^^^^^^^^^^^^^^^^
AttributeError: 'Member' object has no attribute 'timed_out_until'
INFO:asu_discord.cogs.verification:Saved 5 roles to database for user cromanok (Discord ID: 316026171903049728)
INFO:asu_discord.cogs.verification:Refreshed Salesforce roles for Discord user 316026171903049728: -5/+5 roles, assigned=[College of Health Solutions, Commited, Graduate Student, Out of State, Tempe]
Ignoring exception in on_member_update
Traceback (most recent call last):
  File "/usr/local/lib/python3.12/site-packages/discord/client.py", line 465, in _run_event
    await coro(*args, **kwargs)
  File "/app/asu_discord/cogs/analytics.py", line 652, in on_member_update
    before_timeout = before.timed_out_until
                     ^^^^^^^^^^^^^^^^^^^^^^
AttributeError: 'Member' object has no attribute 'timed_out_until'
Ignoring exception in on_member_update
Traceback (most recent call last):
  File "/usr/local/lib/python3.12/site-packages/discord/client.py", line 465, in _run_event
    await coro(*args, **kwargs)
  File "/app/asu_discord/cogs/analytics.py", line 652, in on_member_update
    before_timeout = before.timed_out_until
                     ^^^^^^^^^^^^^^^^^^^^^^
AttributeError: 'Member' object has no attribute 'timed_out_until'
Ignoring exception in on_member_update
Traceback (most recent call last):
  File "/usr/local/lib/python3.12/site-packages/discord/client.py", line 465, in _run_event
    await coro(*args, **kwargs)
  File "/app/asu_discord/cogs/analytics.py", line 652, in on_member_update
    before_timeout = before.timed_out_until
                     ^^^^^^^^^^^^^^^^^^^^^^
AttributeError: 'Member' object has no attribute 'timed_out_until'
Ignoring exception in on_member_update
Traceback (most recent call last):
  File "/usr/local/lib/python3.12/site-packages/discord/client.py", line 465, in _run_event
    await coro(*args, **kwargs)
  File "/app/asu_discord/cogs/analytics.py", line 652, in on_member_update
    before_timeout = before.timed_out_until
                     ^^^^^^^^^^^^^^^^^^^^^^
AttributeError: 'Member' object has no attribute 'timed_out_until'
Ignoring exception in on_member_update
Traceback (most recent call last):
  File "/usr/local/lib/python3.12/site-packages/discord/client.py", line 465, in _run_event
    await coro(*args, **kwargs)
  File "/app/asu_discord/cogs/analytics.py", line 652, in on_member_update
    before_timeout = before.timed_out_until
                     ^^^^^^^^^^^^^^^^^^^^^^
AttributeError: 'Member' object has no attribute 'timed_out_until'
Ignoring exception in on_member_update
Traceback (most recent call last):
  File "/usr/local/lib/python3.12/site-packages/discord/client.py", line 465, in _run_event
    await coro(*args, **kwargs)
  File "/app/asu_discord/cogs/analytics.py", line 652, in on_member_update
    before_timeout = before.timed_out_until
                     ^^^^^^^^^^^^^^^^^^^^^^
AttributeError: 'Member' object has no attribute 'timed_out_until'
Ignoring exception in on_member_update
Traceback (most recent call last):
  File "/usr/local/lib/python3.12/site-packages/discord/client.py", line 465, in _run_event
    await coro(*args, **kwargs)
  File "/app/asu_discord/cogs/analytics.py", line 652, in on_member_update
    before_timeout = before.timed_out_until
                     ^^^^^^^^^^^^^^^^^^^^^^
AttributeError: 'Member' object has no attribute 'timed_out_until'
Ignoring exception in on_member_update
Traceback (most recent call last):
  File "/usr/local/lib/python3.12/site-packages/discord/client.py", line 465, in _run_event
    await coro(*args, **kwargs)
  File "/app/asu_discord/cogs/analytics.py", line 652, in on_member_update
    before_timeout = before.timed_out_until
                     ^^^^^^^^^^^^^^^^^^^^^^
AttributeError: 'Member' object has no attribute 'timed_out_until'
Ignoring exception in on_member_update
Traceback (most recent call last):
  File "/usr/local/lib/python3.12/site-packages/discord/client.py", line 465, in _run_event
    await coro(*args, **kwargs)
  File "/app/asu_discord/cogs/analytics.py", line 652, in on_member_update
    before_timeout = before.timed_out_until
                     ^^^^^^^^^^^^^^^^^^^^^^
AttributeError: 'Member' object has no attribute 'timed_out_until'
Ignoring exception in on_member_update
Traceback (most recent call last):
  File "/usr/local/lib/python3.12/site-packages/discord/client.py", line 465, in _run_event
    await coro(*args, **kwargs)
  File "/app/asu_discord/cogs/analytics.py", line 652, in on_member_update
    before_timeout = before.timed_out_until
                     ^^^^^^^^^^^^^^^^^^^^^^
AttributeError: 'Member' object has no attribute 'timed_out_until'
INFO:asu_discord.cogs.verification:Saved 5 roles to database for user rravi125 (Discord ID: 759349967776645141)
INFO:asu_discord.cogs.verification:Refreshed Salesforce roles for Discord user 759349967776645141: -5/+5 roles, assigned=[Commited, Graduate Student, International Student, Ira A. Fulton Schools of Engineering, Polytechnic]
Ignoring exception in on_member_update
Traceback (most recent call last):
  File "/usr/local/lib/python3.12/site-packages/discord/client.py", line 465, in _run_event
    await coro(*args, **kwargs)
  File "/app/asu_discord/cogs/analytics.py", line 652, in on_member_update
    before_timeout = before.timed_out_until
                     ^^^^^^^^^^^^^^^^^^^^^^
AttributeError: 'Member' object has no attribute 'timed_out_until'
Ignoring exception in on_member_update
Traceback (most recent call last):
  File "/usr/local/lib/python3.12/site-packages/discord/client.py", line 465, in _run_event
    await coro(*args, **kwargs)
  File "/app/asu_discord/cogs/analytics.py", line 652, in on_member_update
    before_timeout = before.timed_out_until
                     ^^^^^^^^^^^^^^^^^^^^^^
AttributeError: 'Member' object has no attribute 'timed_out_until'
Ignoring exception in on_member_update
Traceback (most recent call last):
  File "/usr/local/lib/python3.12/site-packages/discord/client.py", line 465, in _run_event
    await coro(*args, **kwargs)
  File "/app/asu_discord/cogs/analytics.py", line 652, in on_member_update
    before_timeout = before.timed_out_until
                     ^^^^^^^^^^^^^^^^^^^^^^
AttributeError: 'Member' object has no attribute 'timed_out_until'
Ignoring exception in on_member_update
Traceback (most recent call last):
  File "/usr/local/lib/python3.12/site-packages/discord/client.py", line 465, in _run_event
    await coro(*args, **kwargs)
  File "/app/asu_discord/cogs/analytics.py", line 652, in on_member_update
    before_timeout = before.timed_out_until
                     ^^^^^^^^^^^^^^^^^^^^^^
AttributeError: 'Member' object has no attribute 'timed_out_until'
Ignoring exception in on_member_update
Traceback (most recent call last):
  File "/usr/local/lib/python3.12/site-packages/discord/client.py", line 465, in _run_event
    await coro(*args, **kwargs)
  File "/app/asu_discord/cogs/analytics.py", line 652, in on_member_update
    before_timeout = before.timed_out_until
                     ^^^^^^^^^^^^^^^^^^^^^^
AttributeError: 'Member' object has no attribute 'timed_out_until'
Ignoring exception in on_member_update
Traceback (most recent call last):
  File "/usr/local/lib/python3.12/site-packages/discord/client.py", line 465, in _run_event
    await coro(*args, **kwargs)
  File "/app/asu_discord/cogs/analytics.py", line 652, in on_member_update
    before_timeout = before.timed_out_until
                     ^^^^^^^^^^^^^^^^^^^^^^
AttributeError: 'Member' object has no attribute 'timed_out_until'
Ignoring exception in on_member_update
Traceback (most recent call last):
  File "/usr/local/lib/python3.12/site-packages/discord/client.py", line 465, in _run_event
    await coro(*args, **kwargs)
  File "/app/asu_discord/cogs/analytics.py", line 652, in on_member_update
    before_timeout = before.timed_out_until
                     ^^^^^^^^^^^^^^^^^^^^^^
AttributeError: 'Member' object has no attribute 'timed_out_until'
Ignoring exception in on_member_update
Traceback (most recent call last):
  File "/usr/local/lib/python3.12/site-packages/discord/client.py", line 465, in _run_event
    await coro(*args, **kwargs)
  File "/app/asu_discord/cogs/analytics.py", line 652, in on_member_update
    before_timeout = before.timed_out_until
                     ^^^^^^^^^^^^^^^^^^^^^^
AttributeError: 'Member' object has no attribute 'timed_out_until'
Ignoring exception in on_member_update
Traceback (most recent call last):
  File "/usr/local/lib/python3.12/site-packages/discord/client.py", line 465, in _run_event
    await coro(*args, **kwargs)
  File "/app/asu_discord/cogs/analytics.py", line 652, in on_member_update
    before_timeout = before.timed_out_until
                     ^^^^^^^^^^^^^^^^^^^^^^
AttributeError: 'Member' object has no attribute 'timed_out_until'
INFO:asu_discord.cogs.verification:Saved 5 roles to database for user maftab12 (Discord ID: 1367191292492382343)
INFO:asu_discord.cogs.verification:Refreshed Salesforce roles for Discord user 1367191292492382343: -5/+4 roles, assigned=[First Generation Student, Graduate Student, International Student, Ira A. Fulton Schools of Engineering, Polytechnic]
Ignoring exception in on_member_update
Traceback (most recent call last):
  File "/usr/local/lib/python3.12/site-packages/discord/client.py", line 465, in _run_event
    await coro(*args, **kwargs)
  File "/app/asu_discord/cogs/analytics.py", line 652, in on_member_update
    before_timeout = before.timed_out_until
                     ^^^^^^^^^^^^^^^^^^^^^^
AttributeError: 'Member' object has no attribute 'timed_out_until'
Ignoring exception in on_member_update
Traceback (most recent call last):
  File "/usr/local/lib/python3.12/site-packages/discord/client.py", line 465, in _run_event
    await coro(*args, **kwargs)
  File "/app/asu_discord/cogs/analytics.py", line 652, in on_member_update
    before_timeout = before.timed_out_until
                     ^^^^^^^^^^^^^^^^^^^^^^
AttributeError: 'Member' object has no attribute 'timed_out_until'
Ignoring exception in on_member_update
Traceback (most recent call last):
  File "/usr/local/lib/python3.12/site-packages/discord/client.py", line 465, in _run_event
    await coro(*args, **kwargs)
  File "/app/asu_discord/cogs/analytics.py", line 652, in on_member_update
    before_timeout = before.timed_out_until
                     ^^^^^^^^^^^^^^^^^^^^^^
AttributeError: 'Member' object has no attribute 'timed_out_until'
Ignoring exception in on_member_update
Traceback (most recent call last):
  File "/usr/local/lib/python3.12/site-packages/discord/client.py", line 465, in _run_event
    await coro(*args, **kwargs)
  File "/app/asu_discord/cogs/analytics.py", line 652, in on_member_update
    before_timeout = before.timed_out_until
                     ^^^^^^^^^^^^^^^^^^^^^^
AttributeError: 'Member' object has no attribute 'timed_out_until'
Ignoring exception in on_member_update
Traceback (most recent call last):
  File "/usr/local/lib/python3.12/site-packages/discord/client.py", line 465, in _run_event
    await coro(*args, **kwargs)
  File "/app/asu_discord/cogs/analytics.py", line 652, in on_member_update
    before_timeout = before.timed_out_until
                     ^^^^^^^^^^^^^^^^^^^^^^
AttributeError: 'Member' object has no attribute 'timed_out_until'
Ignoring exception in on_member_update
Traceback (most recent call last):
  File "/usr/local/lib/python3.12/site-packages/discord/client.py", line 465, in _run_event
    await coro(*args, **kwargs)
  File "/app/asu_discord/cogs/analytics.py", line 652, in on_member_update
    before_timeout = before.timed_out_until
                     ^^^^^^^^^^^^^^^^^^^^^^
AttributeError: 'Member' object has no attribute 'timed_out_until'
Ignoring exception in on_member_update
Traceback (most recent call last):
  File "/usr/local/lib/python3.12/site-packages/discord/client.py", line 465, in _run_event
    await coro(*args, **kwargs)
  File "/app/asu_discord/cogs/analytics.py", line 652, in on_member_update
    before_timeout = before.timed_out_until
                     ^^^^^^^^^^^^^^^^^^^^^^
AttributeError: 'Member' object has no attribute 'timed_out_until'
Ignoring exception in on_member_update
Traceback (most recent call last):
  File "/usr/local/lib/python3.12/site-packages/discord/client.py", line 465, in _run_event
    await coro(*args, **kwargs)
  File "/app/asu_discord/cogs/analytics.py", line 652, in on_member_update
    before_timeout = before.timed_out_until
                     ^^^^^^^^^^^^^^^^^^^^^^
AttributeError: 'Member' object has no attribute 'timed_out_until'
Ignoring exception in on_member_update
Traceback (most recent call last):
  File "/usr/local/lib/python3.12/site-packages/discord/client.py", line 465, in _run_event
    await coro(*args, **kwargs)
  File "/app/asu_discord/cogs/analytics.py", line 652, in on_member_update
    before_timeout = before.timed_out_until
                     ^^^^^^^^^^^^^^^^^^^^^^
AttributeError: 'Member' object has no attribute 'timed_out_until'
Ignoring exception in on_member_update
Traceback (most recent call last):
  File "/usr/local/lib/python3.12/site-packages/discord/client.py", line 465, in _run_event
    await coro(*args, **kwargs)
  File "/app/asu_discord/cogs/analytics.py", line 652, in on_member_update
    before_timeout = before.timed_out_until
                     ^^^^^^^^^^^^^^^^^^^^^^
AttributeError: 'Member' object has no attribute 'timed_out_until'
INFO:asu_discord.cogs.verification:Saved 5 roles to database for user duongtle (Discord ID: 1251388097430818862)
INFO:asu_discord.cogs.verification:Refreshed Salesforce roles for Discord user 1251388097430818862: -5/+5 roles, assigned=[College of Liberal Arts and Sciences, Commited, First Year, International Student, Tempe]
Ignoring exception in on_member_update
Traceback (most recent call last):
  File "/usr/local/lib/python3.12/site-packages/discord/client.py", line 465, in _run_event
    await coro(*args, **kwargs)
  File "/app/asu_discord/cogs/analytics.py", line 652, in on_member_update
    before_timeout = before.timed_out_until
                     ^^^^^^^^^^^^^^^^^^^^^^
AttributeError: 'Member' object has no attribute 'timed_out_until'
Ignoring exception in on_member_update
Traceback (most recent call last):
  File "/usr/local/lib/python3.12/site-packages/discord/client.py", line 465, in _run_event
    await coro(*args, **kwargs)
  File "/app/asu_discord/cogs/analytics.py", line 652, in on_member_update
    before_timeout = before.timed_out_until
                     ^^^^^^^^^^^^^^^^^^^^^^
AttributeError: 'Member' object has no attribute 'timed_out_until'
Ignoring exception in on_member_update
Traceback (most recent call last):
  File "/usr/local/lib/python3.12/site-packages/discord/client.py", line 465, in _run_event
    await coro(*args, **kwargs)
  File "/app/asu_discord/cogs/analytics.py", line 652, in on_member_update
    before_timeout = before.timed_out_until
                     ^^^^^^^^^^^^^^^^^^^^^^
AttributeError: 'Member' object has no attribute 'timed_out_until'
Ignoring exception in on_member_update
Traceback (most recent call last):
  File "/usr/local/lib/python3.12/site-packages/discord/client.py", line 465, in _run_event
    await coro(*args, **kwargs)
  File "/app/asu_discord/cogs/analytics.py", line 652, in on_member_update
    before_timeout = before.timed_out_until
                     ^^^^^^^^^^^^^^^^^^^^^^
AttributeError: 'Member' object has no attribute 'timed_out_until'
Ignoring exception in on_member_update
Traceback (most recent call last):
  File "/usr/local/lib/python3.12/site-packages/discord/client.py", line 465, in _run_event
    await coro(*args, **kwargs)
  File "/app/asu_discord/cogs/analytics.py", line 652, in on_member_update
    before_timeout = before.timed_out_until
                     ^^^^^^^^^^^^^^^^^^^^^^
AttributeError: 'Member' object has no attribute 'timed_out_until'
Ignoring exception in on_member_update
Traceback (most recent call last):
  File "/usr/local/lib/python3.12/site-packages/discord/client.py", line 465, in _run_event
    await coro(*args, **kwargs)
  File "/app/asu_discord/cogs/analytics.py", line 652, in on_member_update
    before_timeout = before.timed_out_until
                     ^^^^^^^^^^^^^^^^^^^^^^
AttributeError: 'Member' object has no attribute 'timed_out_until'
Ignoring exception in on_member_update
Traceback (most recent call last):
  File "/usr/local/lib/python3.12/site-packages/discord/client.py", line 465, in _run_event
    await coro(*args, **kwargs)
  File "/app/asu_discord/cogs/analytics.py", line 652, in on_member_update
    before_timeout = before.timed_out_until
                     ^^^^^^^^^^^^^^^^^^^^^^
AttributeError: 'Member' object has no attribute 'timed_out_until'
Ignoring exception in on_member_update
Traceback (most recent call last):
  File "/usr/local/lib/python3.12/site-packages/discord/client.py", line 465, in _run_event
    await coro(*args, **kwargs)
  File "/app/asu_discord/cogs/analytics.py", line 652, in on_member_update
    before_timeout = before.timed_out_until
                     ^^^^^^^^^^^^^^^^^^^^^^
AttributeError: 'Member' object has no attribute 'timed_out_until'
Ignoring exception in on_member_update
Traceback (most recent call last):
  File "/usr/local/lib/python3.12/site-packages/discord/client.py", line 465, in _run_event
    await coro(*args, **kwargs)
  File "/app/asu_discord/cogs/analytics.py", line 652, in on_member_update
    before_timeout = before.timed_out_until
                     ^^^^^^^^^^^^^^^^^^^^^^
AttributeError: 'Member' object has no attribute 'timed_out_until'
Ignoring exception in on_member_update
Traceback (most recent call last):
  File "/usr/local/lib/python3.12/site-packages/discord/client.py", line 465, in _run_event
    await coro(*args, **kwargs)
  File "/app/asu_discord/cogs/analytics.py", line 652, in on_member_update
    before_timeout = before.timed_out_until
                     ^^^^^^^^^^^^^^^^^^^^^^
AttributeError: 'Member' object has no attribute 'timed_out_until'
INFO:asu_discord.cogs.verification:Saved 5 roles to database for user wchiu124 (Discord ID: 961801067585232976)
INFO:asu_discord.cogs.verification:Refreshed Salesforce roles for Discord user 961801067585232976: -5/+5 roles, assigned=[Commited, International Student, Ira A. Fulton Schools of Engineering, Tempe, Transfer Student]
Ignoring exception in on_member_update
Traceback (most recent call last):
  File "/usr/local/lib/python3.12/site-packages/discord/client.py", line 465, in _run_event
    await coro(*args, **kwargs)
  File "/app/asu_discord/cogs/analytics.py", line 652, in on_member_update
    before_timeout = before.timed_out_until
                     ^^^^^^^^^^^^^^^^^^^^^^
AttributeError: 'Member' object has no attribute 'timed_out_until'
Ignoring exception in on_member_update
Traceback (most recent call last):
  File "/usr/local/lib/python3.12/site-packages/discord/client.py", line 465, in _run_event
    await coro(*args, **kwargs)
  File "/app/asu_discord/cogs/analytics.py", line 652, in on_member_update
    before_timeout = before.timed_out_until
                     ^^^^^^^^^^^^^^^^^^^^^^
AttributeError: 'Member' object has no attribute 'timed_out_until'
Ignoring exception in on_member_update
Traceback (most recent call last):
  File "/usr/local/lib/python3.12/site-packages/discord/client.py", line 465, in _run_event
    await coro(*args, **kwargs)
  File "/app/asu_discord/cogs/analytics.py", line 652, in on_member_update
    before_timeout = before.timed_out_until
                     ^^^^^^^^^^^^^^^^^^^^^^
AttributeError: 'Member' object has no attribute 'timed_out_until'
Ignoring exception in on_member_update
Traceback (most recent call last):
  File "/usr/local/lib/python3.12/site-packages/discord/client.py", line 465, in _run_event
    await coro(*args, **kwargs)
  File "/app/asu_discord/cogs/analytics.py", line 652, in on_member_update
    before_timeout = before.timed_out_until
                     ^^^^^^^^^^^^^^^^^^^^^^
AttributeError: 'Member' object has no attribute 'timed_out_until'
Ignoring exception in on_member_update
Traceback (most recent call last):
  File "/usr/local/lib/python3.12/site-packages/discord/client.py", line 465, in _run_event
    await coro(*args, **kwargs)
  File "/app/asu_discord/cogs/analytics.py", line 652, in on_member_update
    before_timeout = before.timed_out_until
                     ^^^^^^^^^^^^^^^^^^^^^^
AttributeError: 'Member' object has no attribute 'timed_out_until'
Ignoring exception in on_member_update
Traceback (most recent call last):
  File "/usr/local/lib/python3.12/site-packages/discord/client.py", line 465, in _run_event
    await coro(*args, **kwargs)
  File "/app/asu_discord/cogs/analytics.py", line 652, in on_member_update
    before_timeout = before.timed_out_until
                     ^^^^^^^^^^^^^^^^^^^^^^
AttributeError: 'Member' object has no attribute 'timed_out_until'
Ignoring exception in on_member_update
Traceback (most recent call last):
  File "/usr/local/lib/python3.12/site-packages/discord/client.py", line 465, in _run_event
    await coro(*args, **kwargs)
  File "/app/asu_discord/cogs/analytics.py", line 652, in on_member_update
    before_timeout = before.timed_out_until
                     ^^^^^^^^^^^^^^^^^^^^^^
AttributeError: 'Member' object has no attribute 'timed_out_until'
INFO:asu_discord.cogs.verification:Saved 4 roles to database for user ihabib13 (Discord ID: 183355012641062912)
INFO:asu_discord.cogs.verification:Refreshed Salesforce roles for Discord user 183355012641062912: -4/+3 roles, assigned=[Graduate Student, International Student, Ira A. Fulton Schools of Engineering, Polytechnic]
ERROR:cron.jobs:refresh_salesforce_roles: failed for ilongen (Discord ID 1253037561849446462): Failed to refresh Salesforce-based roles: Discord user 1253037561849446462 is not a member of the guild
Ignoring exception in on_member_update
Traceback (most recent call last):
  File "/usr/local/lib/python3.12/site-packages/discord/client.py", line 465, in _run_event
    await coro(*args, **kwargs)
  File "/app/asu_discord/cogs/analytics.py", line 652, in on_member_update
    before_timeout = before.timed_out_until
                     ^^^^^^^^^^^^^^^^^^^^^^
AttributeError: 'Member' object has no attribute 'timed_out_until'
Ignoring exception in on_member_update
Traceback (most recent call last):
  File "/usr/local/lib/python3.12/site-packages/discord/client.py", line 465, in _run_event
    await coro(*args, **kwargs)
  File "/app/asu_discord/cogs/analytics.py", line 652, in on_member_update
    before_timeout = before.timed_out_until
                     ^^^^^^^^^^^^^^^^^^^^^^
AttributeError: 'Member' object has no attribute 'timed_out_until'
Ignoring exception in on_member_update
Traceback (most recent call last):
  File "/usr/local/lib/python3.12/site-packages/discord/client.py", line 465, in _run_event
    await coro(*args, **kwargs)
  File "/app/asu_discord/cogs/analytics.py", line 652, in on_member_update
    before_timeout = before.timed_out_until
                     ^^^^^^^^^^^^^^^^^^^^^^
AttributeError: 'Member' object has no attribute 'timed_out_until'
Ignoring exception in on_member_update
Traceback (most recent call last):
  File "/usr/local/lib/python3.12/site-packages/discord/client.py", line 465, in _run_event
    await coro(*args, **kwargs)
  File "/app/asu_discord/cogs/analytics.py", line 652, in on_member_update
    before_timeout = before.timed_out_until
                     ^^^^^^^^^^^^^^^^^^^^^^
AttributeError: 'Member' object has no attribute 'timed_out_until'
Ignoring exception in on_member_update
Traceback (most recent call last):
  File "/usr/local/lib/python3.12/site-packages/discord/client.py", line 465, in _run_event
    await coro(*args, **kwargs)
  File "/app/asu_discord/cogs/analytics.py", line 652, in on_member_update
    before_timeout = before.timed_out_until
                     ^^^^^^^^^^^^^^^^^^^^^^
AttributeError: 'Member' object has no attribute 'timed_out_until'
Ignoring exception in on_member_update
Traceback (most recent call last):
  File "/usr/local/lib/python3.12/site-packages/discord/client.py", line 465, in _run_event
    await coro(*args, **kwargs)
  File "/app/asu_discord/cogs/analytics.py", line 652, in on_member_update
    before_timeout = before.timed_out_until
                     ^^^^^^^^^^^^^^^^^^^^^^
AttributeError: 'Member' object has no attribute 'timed_out_until'
Ignoring exception in on_member_update
Traceback (most recent call last):
  File "/usr/local/lib/python3.12/site-packages/discord/client.py", line 465, in _run_event
    await coro(*args, **kwargs)
  File "/app/asu_discord/cogs/analytics.py", line 652, in on_member_update
    before_timeout = before.timed_out_until
                     ^^^^^^^^^^^^^^^^^^^^^^
AttributeError: 'Member' object has no attribute 'timed_out_until'
Ignoring exception in on_member_update
Traceback (most recent call last):
  File "/usr/local/lib/python3.12/site-packages/discord/client.py", line 465, in _run_event
    await coro(*args, **kwargs)
  File "/app/asu_discord/cogs/analytics.py", line 652, in on_member_update
    before_timeout = before.timed_out_until
                     ^^^^^^^^^^^^^^^^^^^^^^
AttributeError: 'Member' object has no attribute 'timed_out_until'
Ignoring exception in on_member_update
Traceback (most recent call last):
  File "/usr/local/lib/python3.12/site-packages/discord/client.py", line 465, in _run_event
    await coro(*args, **kwargs)
  File "/app/asu_discord/cogs/analytics.py", line 652, in on_member_update
    before_timeout = before.timed_out_until
                     ^^^^^^^^^^^^^^^^^^^^^^
AttributeError: 'Member' object has no attribute 'timed_out_until'
Ignoring exception in on_member_update
Traceback (most recent call last):
  File "/usr/local/lib/python3.12/site-packages/discord/client.py", line 465, in _run_event
    await coro(*args, **kwargs)
  File "/app/asu_discord/cogs/analytics.py", line 652, in on_member_update
    before_timeout = before.timed_out_until
                     ^^^^^^^^^^^^^^^^^^^^^^
AttributeError: 'Member' object has no attribute 'timed_out_until'
Ignoring exception in on_member_update
Traceback (most recent call last):
  File "/usr/local/lib/python3.12/site-packages/discord/client.py", line 465, in _run_event
    await coro(*args, **kwargs)
  File "/app/asu_discord/cogs/analytics.py", line 652, in on_member_update
    before_timeout = before.timed_out_until
                     ^^^^^^^^^^^^^^^^^^^^^^
AttributeError: 'Member' object has no attribute 'timed_out_until'
Ignoring exception in on_member_update
Traceback (most recent call last):
  File "/usr/local/lib/python3.12/site-packages/discord/client.py", line 465, in _run_event
    await coro(*args, **kwargs)
  File "/app/asu_discord/cogs/analytics.py", line 652, in on_member_update
    before_timeout = before.timed_out_until
                     ^^^^^^^^^^^^^^^^^^^^^^
AttributeError: 'Member' object has no attribute 'timed_out_until'
INFO:asu_discord.cogs.verification:Saved 6 roles to database for user ertyler1 (Discord ID: 730915817943859200)
INFO:asu_discord.cogs.verification:Refreshed Salesforce roles for Discord user 730915817943859200: -6/+6 roles, assigned=[College of Liberal Arts and Sciences, Commited, First Generation Student, Out of State, Tempe, Transfer Student]
Ignoring exception in on_member_update
Traceback (most recent call last):
  File "/usr/local/lib/python3.12/site-packages/discord/client.py", line 465, in _run_event
    await coro(*args, **kwargs)
  File "/app/asu_discord/cogs/analytics.py", line 652, in on_member_update
    before_timeout = before.timed_out_until
                     ^^^^^^^^^^^^^^^^^^^^^^
AttributeError: 'Member' object has no attribute 'timed_out_until'
Ignoring exception in on_member_update
Traceback (most recent call last):
  File "/usr/local/lib/python3.12/site-packages/discord/client.py", line 465, in _run_event
    await coro(*args, **kwargs)
  File "/app/asu_discord/cogs/analytics.py", line 652, in on_member_update
    before_timeout = before.timed_out_until
                     ^^^^^^^^^^^^^^^^^^^^^^
AttributeError: 'Member' object has no attribute 'timed_out_until'
Ignoring exception in on_member_update
Traceback (most recent call last):
  File "/usr/local/lib/python3.12/site-packages/discord/client.py", line 465, in _run_event
    await coro(*args, **kwargs)
  File "/app/asu_discord/cogs/analytics.py", line 652, in on_member_update
    before_timeout = before.timed_out_until
                     ^^^^^^^^^^^^^^^^^^^^^^
AttributeError: 'Member' object has no attribute 'timed_out_until'
Ignoring exception in on_member_update
Traceback (most recent call last):
  File "/usr/local/lib/python3.12/site-packages/discord/client.py", line 465, in _run_event
    await coro(*args, **kwargs)
  File "/app/asu_discord/cogs/analytics.py", line 652, in on_member_update
    before_timeout = before.timed_out_until
                     ^^^^^^^^^^^^^^^^^^^^^^
AttributeError: 'Member' object has no attribute 'timed_out_until'
Ignoring exception in on_member_update
Traceback (most recent call last):
  File "/usr/local/lib/python3.12/site-packages/discord/client.py", line 465, in _run_event
    await coro(*args, **kwargs)
  File "/app/asu_discord/cogs/analytics.py", line 652, in on_member_update
    before_timeout = before.timed_out_until
                     ^^^^^^^^^^^^^^^^^^^^^^
AttributeError: 'Member' object has no attribute 'timed_out_until'
Ignoring exception in on_member_update
Traceback (most recent call last):
  File "/usr/local/lib/python3.12/site-packages/discord/client.py", line 465, in _run_event
    await coro(*args, **kwargs)
  File "/app/asu_discord/cogs/analytics.py", line 652, in on_member_update
    before_timeout = before.timed_out_until
                     ^^^^^^^^^^^^^^^^^^^^^^
AttributeError: 'Member' object has no attribute 'timed_out_until'
Ignoring exception in on_member_update
Traceback (most recent call last):
  File "/usr/local/lib/python3.12/site-packages/discord/client.py", line 465, in _run_event
    await coro(*args, **kwargs)
  File "/app/asu_discord/cogs/analytics.py", line 652, in on_member_update
    before_timeout = before.timed_out_until
                     ^^^^^^^^^^^^^^^^^^^^^^
AttributeError: 'Member' object has no attribute 'timed_out_until'
Ignoring exception in on_member_update
Traceback (most recent call last):
  File "/usr/local/lib/python3.12/site-packages/discord/client.py", line 465, in _run_event
    await coro(*args, **kwargs)
  File "/app/asu_discord/cogs/analytics.py", line 652, in on_member_update
    before_timeout = before.timed_out_until
                     ^^^^^^^^^^^^^^^^^^^^^^
AttributeError: 'Member' object has no attribute 'timed_out_until'
INFO:asu_discord.cogs.verification:Saved 4 roles to database for user kaorti11 (Discord ID: 1496551626897494121)
INFO:asu_discord.cogs.verification:Refreshed Salesforce roles for Discord user 1496551626897494121: -4/+4 roles, assigned=[Arizona Resident, First Year, New College of Interdisciplinary Arts and Sciences, West Valley]
Ignoring exception in on_member_update
Traceback (most recent call last):
  File "/usr/local/lib/python3.12/site-packages/discord/client.py", line 465, in _run_event
    await coro(*args, **kwargs)
  File "/app/asu_discord/cogs/analytics.py", line 652, in on_member_update
    before_timeout = before.timed_out_until
                     ^^^^^^^^^^^^^^^^^^^^^^
AttributeError: 'Member' object has no attribute 'timed_out_until'
Ignoring exception in on_member_update
Traceback (most recent call last):
  File "/usr/local/lib/python3.12/site-packages/discord/client.py", line 465, in _run_event
    await coro(*args, **kwargs)
  File "/app/asu_discord/cogs/analytics.py", line 652, in on_member_update
    before_timeout = before.timed_out_until
                     ^^^^^^^^^^^^^^^^^^^^^^
AttributeError: 'Member' object has no attribute 'timed_out_until'
Ignoring exception in on_member_update
Traceback (most recent call last):
  File "/usr/local/lib/python3.12/site-packages/discord/client.py", line 465, in _run_event
    await coro(*args, **kwargs)
  File "/app/asu_discord/cogs/analytics.py", line 652, in on_member_update
    before_timeout = before.timed_out_until
                     ^^^^^^^^^^^^^^^^^^^^^^
AttributeError: 'Member' object has no attribute 'timed_out_until'
Ignoring exception in on_member_update
Traceback (most recent call last):
  File "/usr/local/lib/python3.12/site-packages/discord/client.py", line 465, in _run_event
    await coro(*args, **kwargs)
  File "/app/asu_discord/cogs/analytics.py", line 652, in on_member_update
    before_timeout = before.timed_out_until
                     ^^^^^^^^^^^^^^^^^^^^^^
AttributeError: 'Member' object has no attribute 'timed_out_until'
Ignoring exception in on_member_update
Traceback (most recent call last):
  File "/usr/local/lib/python3.12/site-packages/discord/client.py", line 465, in _run_event
    await coro(*args, **kwargs)
  File "/app/asu_discord/cogs/analytics.py", line 652, in on_member_update
    before_timeout = before.timed_out_until
                     ^^^^^^^^^^^^^^^^^^^^^^
AttributeError: 'Member' object has no attribute 'timed_out_until'
Ignoring exception in on_member_update
Traceback (most recent call last):
  File "/usr/local/lib/python3.12/site-packages/discord/client.py", line 465, in _run_event
    await coro(*args, **kwargs)
  File "/app/asu_discord/cogs/analytics.py", line 652, in on_member_update
    before_timeout = before.timed_out_until
                     ^^^^^^^^^^^^^^^^^^^^^^
AttributeError: 'Member' object has no attribute 'timed_out_until'
Ignoring exception in on_member_update
Traceback (most recent call last):
  File "/usr/local/lib/python3.12/site-packages/discord/client.py", line 465, in _run_event
    await coro(*args, **kwargs)
  File "/app/asu_discord/cogs/analytics.py", line 652, in on_member_update
    before_timeout = before.timed_out_until
                     ^^^^^^^^^^^^^^^^^^^^^^
AttributeError: 'Member' object has no attribute 'timed_out_until'
Ignoring exception in on_member_update
Traceback (most recent call last):
  File "/usr/local/lib/python3.12/site-packages/discord/client.py", line 465, in _run_event
    await coro(*args, **kwargs)
  File "/app/asu_discord/cogs/analytics.py", line 652, in on_member_update
    before_timeout = before.timed_out_until
                     ^^^^^^^^^^^^^^^^^^^^^^
AttributeError: 'Member' object has no attribute 'timed_out_until'
Ignoring exception in on_member_update
Traceback (most recent call last):
  File "/usr/local/lib/python3.12/site-packages/discord/client.py", line 465, in _run_event
    await coro(*args, **kwargs)
  File "/app/asu_discord/cogs/analytics.py", line 652, in on_member_update
    before_timeout = before.timed_out_until
                     ^^^^^^^^^^^^^^^^^^^^^^
AttributeError: 'Member' object has no attribute 'timed_out_until'
INFO:asu_discord.cogs.verification:Saved 5 roles to database for user ajpagan1 (Discord ID: 557895951151529992)
INFO:asu_discord.cogs.verification:Refreshed Salesforce roles for Discord user 557895951151529992: -5/+4 roles, assigned=[Commited, Herberger Institute for Design and the Arts, Out of State, Tempe, Transfer Student]
Ignoring exception in on_member_update
Traceback (most recent call last):
  File "/usr/local/lib/python3.12/site-packages/discord/client.py", line 465, in _run_event
    await coro(*args, **kwargs)
  File "/app/asu_discord/cogs/analytics.py", line 652, in on_member_update
    before_timeout = before.timed_out_until
                     ^^^^^^^^^^^^^^^^^^^^^^
AttributeError: 'Member' object has no attribute 'timed_out_until'
Ignoring exception in on_member_update
Traceback (most recent call last):
  File "/usr/local/lib/python3.12/site-packages/discord/client.py", line 465, in _run_event
    await coro(*args, **kwargs)
  File "/app/asu_discord/cogs/analytics.py", line 652, in on_member_update
    before_timeout = before.timed_out_until
                     ^^^^^^^^^^^^^^^^^^^^^^
AttributeError: 'Member' object has no attribute 'timed_out_until'
Ignoring exception in on_member_update
Traceback (most recent call last):
  File "/usr/local/lib/python3.12/site-packages/discord/client.py", line 465, in _run_event
    await coro(*args, **kwargs)
  File "/app/asu_discord/cogs/analytics.py", line 652, in on_member_update
    before_timeout = before.timed_out_until
                     ^^^^^^^^^^^^^^^^^^^^^^
AttributeError: 'Member' object has no attribute 'timed_out_until'
Ignoring exception in on_member_update
Traceback (most recent call last):
  File "/usr/local/lib/python3.12/site-packages/discord/client.py", line 465, in _run_event
    await coro(*args, **kwargs)
  File "/app/asu_discord/cogs/analytics.py", line 652, in on_member_update
    before_timeout = before.timed_out_until
                     ^^^^^^^^^^^^^^^^^^^^^^
AttributeError: 'Member' object has no attribute 'timed_out_until'
Ignoring exception in on_member_update
Traceback (most recent call last):
  File "/usr/local/lib/python3.12/site-packages/discord/client.py", line 465, in _run_event
    await coro(*args, **kwargs)
  File "/app/asu_discord/cogs/analytics.py", line 652, in on_member_update
    before_timeout = before.timed_out_until
                     ^^^^^^^^^^^^^^^^^^^^^^
AttributeError: 'Member' object has no attribute 'timed_out_until'
Ignoring exception in on_member_update
Traceback (most recent call last):
  File "/usr/local/lib/python3.12/site-packages/discord/client.py", line 465, in _run_event
    await coro(*args, **kwargs)
  File "/app/asu_discord/cogs/analytics.py", line 652, in on_member_update
    before_timeout = before.timed_out_until
                     ^^^^^^^^^^^^^^^^^^^^^^
AttributeError: 'Member' object has no attribute 'timed_out_until'
Ignoring exception in on_member_update
Traceback (most recent call last):
  File "/usr/local/lib/python3.12/site-packages/discord/client.py", line 465, in _run_event
    await coro(*args, **kwargs)
  File "/app/asu_discord/cogs/analytics.py", line 652, in on_member_update
    before_timeout = before.timed_out_until
                     ^^^^^^^^^^^^^^^^^^^^^^
AttributeError: 'Member' object has no attribute 'timed_out_until'
Ignoring exception in on_member_update
Traceback (most recent call last):
  File "/usr/local/lib/python3.12/site-packages/discord/client.py", line 465, in _run_event
    await coro(*args, **kwargs)
  File "/app/asu_discord/cogs/analytics.py", line 652, in on_member_update
    before_timeout = before.timed_out_until
                     ^^^^^^^^^^^^^^^^^^^^^^
AttributeError: 'Member' object has no attribute 'timed_out_until'
Ignoring exception in on_member_update
Traceback (most recent call last):
  File "/usr/local/lib/python3.12/site-packages/discord/client.py", line 465, in _run_event
    await coro(*args, **kwargs)
  File "/app/asu_discord/cogs/analytics.py", line 652, in on_member_update
    before_timeout = before.timed_out_until
                     ^^^^^^^^^^^^^^^^^^^^^^
AttributeError: 'Member' object has no attribute 'timed_out_until'
Ignoring exception in on_member_update
Traceback (most recent call last):
  File "/usr/local/lib/python3.12/site-packages/discord/client.py", line 465, in _run_event
    await coro(*args, **kwargs)
  File "/app/asu_discord/cogs/analytics.py", line 652, in on_member_update
    before_timeout = before.timed_out_until
                     ^^^^^^^^^^^^^^^^^^^^^^
AttributeError: 'Member' object has no attribute 'timed_out_until'
INFO:asu_discord.cogs.verification:Saved 5 roles to database for user awrig126 (Discord ID: 1475728019535691806)
INFO:asu_discord.cogs.verification:Refreshed Salesforce roles for Discord user 1475728019535691806: -5/+5 roles, assigned=[Arizona Resident, Commited, First Year, Ira A. Fulton Schools of Engineering, Polytechnic]
Ignoring exception in on_member_update
Traceback (most recent call last):
  File "/usr/local/lib/python3.12/site-packages/discord/client.py", line 465, in _run_event
    await coro(*args, **kwargs)
  File "/app/asu_discord/cogs/analytics.py", line 652, in on_member_update
    before_timeout = before.timed_out_until
                     ^^^^^^^^^^^^^^^^^^^^^^
AttributeError: 'Member' object has no attribute 'timed_out_until'
Ignoring exception in on_member_update
Traceback (most recent call last):
  File "/usr/local/lib/python3.12/site-packages/discord/client.py", line 465, in _run_event
    await coro(*args, **kwargs)
  File "/app/asu_discord/cogs/analytics.py", line 652, in on_member_update
    before_timeout = before.timed_out_until
                     ^^^^^^^^^^^^^^^^^^^^^^
AttributeError: 'Member' object has no attribute 'timed_out_until'
Ignoring exception in on_member_update
Traceback (most recent call last):
  File "/usr/local/lib/python3.12/site-packages/discord/client.py", line 465, in _run_event
    await coro(*args, **kwargs)
  File "/app/asu_discord/cogs/analytics.py", line 652, in on_member_update
    before_timeout = before.timed_out_until
                     ^^^^^^^^^^^^^^^^^^^^^^
AttributeError: 'Member' object has no attribute 'timed_out_until'
Ignoring exception in on_member_update
Traceback (most recent call last):
  File "/usr/local/lib/python3.12/site-packages/discord/client.py", line 465, in _run_event
    await coro(*args, **kwargs)
  File "/app/asu_discord/cogs/analytics.py", line 652, in on_member_update
    before_timeout = before.timed_out_until
                     ^^^^^^^^^^^^^^^^^^^^^^
AttributeError: 'Member' object has no attribute 'timed_out_until'
Ignoring exception in on_member_update
Traceback (most recent call last):
  File "/usr/local/lib/python3.12/site-packages/discord/client.py", line 465, in _run_event
    await coro(*args, **kwargs)
  File "/app/asu_discord/cogs/analytics.py", line 652, in on_member_update
    before_timeout = before.timed_out_until
                     ^^^^^^^^^^^^^^^^^^^^^^
AttributeError: 'Member' object has no attribute 'timed_out_until'
Ignoring exception in on_member_update
Traceback (most recent call last):
  File "/usr/local/lib/python3.12/site-packages/discord/client.py", line 465, in _run_event
    await coro(*args, **kwargs)
  File "/app/asu_discord/cogs/analytics.py", line 652, in on_member_update
    before_timeout = before.timed_out_until
                     ^^^^^^^^^^^^^^^^^^^^^^
AttributeError: 'Member' object has no attribute 'timed_out_until'
Ignoring exception in on_member_update
Traceback (most recent call last):
  File "/usr/local/lib/python3.12/site-packages/discord/client.py", line 465, in _run_event
    await coro(*args, **kwargs)
  File "/app/asu_discord/cogs/analytics.py", line 652, in on_member_update
    before_timeout = before.timed_out_until
                     ^^^^^^^^^^^^^^^^^^^^^^
AttributeError: 'Member' object has no attribute 'timed_out_until'
Ignoring exception in on_member_update
Traceback (most recent call last):
  File "/usr/local/lib/python3.12/site-packages/discord/client.py", line 465, in _run_event
    await coro(*args, **kwargs)
  File "/app/asu_discord/cogs/analytics.py", line 652, in on_member_update
    before_timeout = before.timed_out_until
                     ^^^^^^^^^^^^^^^^^^^^^^
AttributeError: 'Member' object has no attribute 'timed_out_until'
Ignoring exception in on_member_update
Traceback (most recent call last):
  File "/usr/local/lib/python3.12/site-packages/discord/client.py", line 465, in _run_event
    await coro(*args, **kwargs)
  File "/app/asu_discord/cogs/analytics.py", line 652, in on_member_update
    before_timeout = before.timed_out_until
                     ^^^^^^^^^^^^^^^^^^^^^^
AttributeError: 'Member' object has no attribute 'timed_out_until'
Ignoring exception in on_member_update
Traceback (most recent call last):
  File "/usr/local/lib/python3.12/site-packages/discord/client.py", line 465, in _run_event
    await coro(*args, **kwargs)
  File "/app/asu_discord/cogs/analytics.py", line 652, in on_member_update
    before_timeout = before.timed_out_until
                     ^^^^^^^^^^^^^^^^^^^^^^
AttributeError: 'Member' object has no attribute 'timed_out_until'
INFO:asu_discord.cogs.verification:Saved 5 roles to database for user ameliara (Discord ID: 1496589295601844386)
INFO:asu_discord.cogs.verification:Refreshed Salesforce roles for Discord user 1496589295601844386: -5/+5 roles, assigned=[Arizona Resident, College of Health Solutions, Commited, First Year, Polytechnic]
Ignoring exception in on_member_update
Traceback (most recent call last):
  File "/usr/local/lib/python3.12/site-packages/discord/client.py", line 465, in _run_event
    await coro(*args, **kwargs)
  File "/app/asu_discord/cogs/analytics.py", line 652, in on_member_update
    before_timeout = before.timed_out_until
                     ^^^^^^^^^^^^^^^^^^^^^^
AttributeError: 'Member' object has no attribute 'timed_out_until'
Ignoring exception in on_member_update
Traceback (most recent call last):
  File "/usr/local/lib/python3.12/site-packages/discord/client.py", line 465, in _run_event
    await coro(*args, **kwargs)
  File "/app/asu_discord/cogs/analytics.py", line 652, in on_member_update
    before_timeout = before.timed_out_until
                     ^^^^^^^^^^^^^^^^^^^^^^
AttributeError: 'Member' object has no attribute 'timed_out_until'
Ignoring exception in on_member_update
Traceback (most recent call last):
  File "/usr/local/lib/python3.12/site-packages/discord/client.py", line 465, in _run_event
    await coro(*args, **kwargs)
  File "/app/asu_discord/cogs/analytics.py", line 652, in on_member_update
    before_timeout = before.timed_out_until
                     ^^^^^^^^^^^^^^^^^^^^^^
AttributeError: 'Member' object has no attribute 'timed_out_until'
Ignoring exception in on_member_update
Traceback (most recent call last):
  File "/usr/local/lib/python3.12/site-packages/discord/client.py", line 465, in _run_event
    await coro(*args, **kwargs)
  File "/app/asu_discord/cogs/analytics.py", line 652, in on_member_update
    before_timeout = before.timed_out_until
                     ^^^^^^^^^^^^^^^^^^^^^^
AttributeError: 'Member' object has no attribute 'timed_out_until'
Ignoring exception in on_member_update
Traceback (most recent call last):
  File "/usr/local/lib/python3.12/site-packages/discord/client.py", line 465, in _run_event
    await coro(*args, **kwargs)
  File "/app/asu_discord/cogs/analytics.py", line 652, in on_member_update
    before_timeout = before.timed_out_until
                     ^^^^^^^^^^^^^^^^^^^^^^
AttributeError: 'Member' object has no attribute 'timed_out_until'
Ignoring exception in on_member_update
Traceback (most recent call last):
  File "/usr/local/lib/python3.12/site-packages/discord/client.py", line 465, in _run_event
    await coro(*args, **kwargs)
  File "/app/asu_discord/cogs/analytics.py", line 652, in on_member_update
    before_timeout = before.timed_out_until
                     ^^^^^^^^^^^^^^^^^^^^^^
AttributeError: 'Member' object has no attribute 'timed_out_until'
Ignoring exception in on_member_update
Traceback (most recent call last):
  File "/usr/local/lib/python3.12/site-packages/discord/client.py", line 465, in _run_event
    await coro(*args, **kwargs)
  File "/app/asu_discord/cogs/analytics.py", line 652, in on_member_update
    before_timeout = before.timed_out_until
                     ^^^^^^^^^^^^^^^^^^^^^^
AttributeError: 'Member' object has no attribute 'timed_out_until'
Ignoring exception in on_member_update
Traceback (most recent call last):
  File "/usr/local/lib/python3.12/site-packages/discord/client.py", line 465, in _run_event
    await coro(*args, **kwargs)
  File "/app/asu_discord/cogs/analytics.py", line 652, in on_member_update
    before_timeout = before.timed_out_until
                     ^^^^^^^^^^^^^^^^^^^^^^
AttributeError: 'Member' object has no attribute 'timed_out_until'
Ignoring exception in on_member_update
Traceback (most recent call last):
  File "/usr/local/lib/python3.12/site-packages/discord/client.py", line 465, in _run_event
    await coro(*args, **kwargs)
  File "/app/asu_discord/cogs/analytics.py", line 652, in on_member_update
    before_timeout = before.timed_out_until
                     ^^^^^^^^^^^^^^^^^^^^^^
AttributeError: 'Member' object has no attribute 'timed_out_until'
Ignoring exception in on_member_update
Traceback (most recent call last):
  File "/usr/local/lib/python3.12/site-packages/discord/client.py", line 465, in _run_event
    await coro(*args, **kwargs)
  File "/app/asu_discord/cogs/analytics.py", line 652, in on_member_update
    before_timeout = before.timed_out_until
                     ^^^^^^^^^^^^^^^^^^^^^^
AttributeError: 'Member' object has no attribute 'timed_out_until'
INFO:asu_discord.cogs.verification:Saved 5 roles to database for user nlott (Discord ID: 1496064845634601072)
INFO:asu_discord.cogs.verification:Refreshed Salesforce roles for Discord user 1496064845634601072: -5/+5 roles, assigned=[Arizona Resident, College of Liberal Arts and Sciences, Commited, First Year, Polytechnic]
Ignoring exception in on_member_update
Traceback (most recent call last):
  File "/usr/local/lib/python3.12/site-packages/discord/client.py", line 465, in _run_event
    await coro(*args, **kwargs)
  File "/app/asu_discord/cogs/analytics.py", line 652, in on_member_update
    before_timeout = before.timed_out_until
                     ^^^^^^^^^^^^^^^^^^^^^^
AttributeError: 'Member' object has no attribute 'timed_out_until'
Ignoring exception in on_member_update
Traceback (most recent call last):
  File "/usr/local/lib/python3.12/site-packages/discord/client.py", line 465, in _run_event
    await coro(*args, **kwargs)
  File "/app/asu_discord/cogs/analytics.py", line 652, in on_member_update
    before_timeout = before.timed_out_until
                     ^^^^^^^^^^^^^^^^^^^^^^
AttributeError: 'Member' object has no attribute 'timed_out_until'
Ignoring exception in on_member_update
Traceback (most recent call last):
  File "/usr/local/lib/python3.12/site-packages/discord/client.py", line 465, in _run_event
    await coro(*args, **kwargs)
  File "/app/asu_discord/cogs/analytics.py", line 652, in on_member_update
    before_timeout = before.timed_out_until
                     ^^^^^^^^^^^^^^^^^^^^^^
AttributeError: 'Member' object has no attribute 'timed_out_until'
Ignoring exception in on_member_update
Traceback (most recent call last):
  File "/usr/local/lib/python3.12/site-packages/discord/client.py", line 465, in _run_event
    await coro(*args, **kwargs)
  File "/app/asu_discord/cogs/analytics.py", line 652, in on_member_update
    before_timeout = before.timed_out_until
                     ^^^^^^^^^^^^^^^^^^^^^^
AttributeError: 'Member' object has no attribute 'timed_out_until'
Ignoring exception in on_member_update
Traceback (most recent call last):
  File "/usr/local/lib/python3.12/site-packages/discord/client.py", line 465, in _run_event
    await coro(*args, **kwargs)
  File "/app/asu_discord/cogs/analytics.py", line 652, in on_member_update
    before_timeout = before.timed_out_until
                     ^^^^^^^^^^^^^^^^^^^^^^
AttributeError: 'Member' object has no attribute 'timed_out_until'
Ignoring exception in on_member_update
Traceback (most recent call last):
  File "/usr/local/lib/python3.12/site-packages/discord/client.py", line 465, in _run_event
    await coro(*args, **kwargs)
  File "/app/asu_discord/cogs/analytics.py", line 652, in on_member_update
    before_timeout = before.timed_out_until
                     ^^^^^^^^^^^^^^^^^^^^^^
AttributeError: 'Member' object has no attribute 'timed_out_until'
Ignoring exception in on_member_update
Traceback (most recent call last):
  File "/usr/local/lib/python3.12/site-packages/discord/client.py", line 465, in _run_event
    await coro(*args, **kwargs)
  File "/app/asu_discord/cogs/analytics.py", line 652, in on_member_update
    before_timeout = before.timed_out_until
                     ^^^^^^^^^^^^^^^^^^^^^^
AttributeError: 'Member' object has no attribute 'timed_out_until'
Ignoring exception in on_member_update
Traceback (most recent call last):
  File "/usr/local/lib/python3.12/site-packages/discord/client.py", line 465, in _run_event
    await coro(*args, **kwargs)
  File "/app/asu_discord/cogs/analytics.py", line 652, in on_member_update
    before_timeout = before.timed_out_until
                     ^^^^^^^^^^^^^^^^^^^^^^
AttributeError: 'Member' object has no attribute 'timed_out_until'
Ignoring exception in on_member_update
Traceback (most recent call last):
  File "/usr/local/lib/python3.12/site-packages/discord/client.py", line 465, in _run_event
    await coro(*args, **kwargs)
  File "/app/asu_discord/cogs/analytics.py", line 652, in on_member_update
    before_timeout = before.timed_out_until
                     ^^^^^^^^^^^^^^^^^^^^^^
AttributeError: 'Member' object has no attribute 'timed_out_until'
Ignoring exception in on_member_update
Traceback (most recent call last):
  File "/usr/local/lib/python3.12/site-packages/discord/client.py", line 465, in _run_event
    await coro(*args, **kwargs)
  File "/app/asu_discord/cogs/analytics.py", line 652, in on_member_update
    before_timeout = before.timed_out_until
                     ^^^^^^^^^^^^^^^^^^^^^^
AttributeError: 'Member' object has no attribute 'timed_out_until'
INFO:asu_discord.cogs.verification:Saved 5 roles to database for user lrandig (Discord ID: 318814275642589197)
INFO:asu_discord.cogs.verification:Refreshed Salesforce roles for Discord user 318814275642589197: -5/+5 roles, assigned=[Commited, First Year, Ira A. Fulton Schools of Engineering, Out of State, Polytechnic]
Ignoring exception in on_member_update
Traceback (most recent call last):
  File "/usr/local/lib/python3.12/site-packages/discord/client.py", line 465, in _run_event
    await coro(*args, **kwargs)
  File "/app/asu_discord/cogs/analytics.py", line 652, in on_member_update
    before_timeout = before.timed_out_until
                     ^^^^^^^^^^^^^^^^^^^^^^
AttributeError: 'Member' object has no attribute 'timed_out_until'
Ignoring exception in on_member_update
Traceback (most recent call last):
  File "/usr/local/lib/python3.12/site-packages/discord/client.py", line 465, in _run_event
    await coro(*args, **kwargs)
  File "/app/asu_discord/cogs/analytics.py", line 652, in on_member_update
    before_timeout = before.timed_out_until
                     ^^^^^^^^^^^^^^^^^^^^^^
AttributeError: 'Member' object has no attribute 'timed_out_until'
Ignoring exception in on_member_update
Traceback (most recent call last):
  File "/usr/local/lib/python3.12/site-packages/discord/client.py", line 465, in _run_event
    await coro(*args, **kwargs)
  File "/app/asu_discord/cogs/analytics.py", line 652, in on_member_update
    before_timeout = before.timed_out_until
                     ^^^^^^^^^^^^^^^^^^^^^^
AttributeError: 'Member' object has no attribute 'timed_out_until'
Ignoring exception in on_member_update
Traceback (most recent call last):
  File "/usr/local/lib/python3.12/site-packages/discord/client.py", line 465, in _run_event
    await coro(*args, **kwargs)
  File "/app/asu_discord/cogs/analytics.py", line 652, in on_member_update
    before_timeout = before.timed_out_until
                     ^^^^^^^^^^^^^^^^^^^^^^
AttributeError: 'Member' object has no attribute 'timed_out_until'
Ignoring exception in on_member_update
Traceback (most recent call last):
  File "/usr/local/lib/python3.12/site-packages/discord/client.py", line 465, in _run_event
    await coro(*args, **kwargs)
  File "/app/asu_discord/cogs/analytics.py", line 652, in on_member_update
    before_timeout = before.timed_out_until
                     ^^^^^^^^^^^^^^^^^^^^^^
AttributeError: 'Member' object has no attribute 'timed_out_until'
Ignoring exception in on_member_update
Traceback (most recent call last):
  File "/usr/local/lib/python3.12/site-packages/discord/client.py", line 465, in _run_event
    await coro(*args, **kwargs)
  File "/app/asu_discord/cogs/analytics.py", line 652, in on_member_update
    before_timeout = before.timed_out_until
                     ^^^^^^^^^^^^^^^^^^^^^^
AttributeError: 'Member' object has no attribute 'timed_out_until'
Ignoring exception in on_member_update
Traceback (most recent call last):
  File "/usr/local/lib/python3.12/site-packages/discord/client.py", line 465, in _run_event
    await coro(*args, **kwargs)
  File "/app/asu_discord/cogs/analytics.py", line 652, in on_member_update
    before_timeout = before.timed_out_until
                     ^^^^^^^^^^^^^^^^^^^^^^
AttributeError: 'Member' object has no attribute 'timed_out_until'
Ignoring exception in on_member_update
Traceback (most recent call last):
  File "/usr/local/lib/python3.12/site-packages/discord/client.py", line 465, in _run_event
    await coro(*args, **kwargs)
  File "/app/asu_discord/cogs/analytics.py", line 652, in on_member_update
    before_timeout = before.timed_out_until
                     ^^^^^^^^^^^^^^^^^^^^^^
AttributeError: 'Member' object has no attribute 'timed_out_until'
Ignoring exception in on_member_update
Traceback (most recent call last):
  File "/usr/local/lib/python3.12/site-packages/discord/client.py", line 465, in _run_event
    await coro(*args, **kwargs)
  File "/app/asu_discord/cogs/analytics.py", line 652, in on_member_update
    before_timeout = before.timed_out_until
                     ^^^^^^^^^^^^^^^^^^^^^^
AttributeError: 'Member' object has no attribute 'timed_out_until'
Ignoring exception in on_member_update
Traceback (most recent call last):
  File "/usr/local/lib/python3.12/site-packages/discord/client.py", line 465, in _run_event
    await coro(*args, **kwargs)
  File "/app/asu_discord/cogs/analytics.py", line 652, in on_member_update
    before_timeout = before.timed_out_until
                     ^^^^^^^^^^^^^^^^^^^^^^
AttributeError: 'Member' object has no attribute 'timed_out_until'
Ignoring exception in on_member_update
Traceback (most recent call last):
  File "/usr/local/lib/python3.12/site-packages/discord/client.py", line 465, in _run_event
    await coro(*args, **kwargs)
  File "/app/asu_discord/cogs/analytics.py", line 652, in on_member_update
    before_timeout = before.timed_out_until
                     ^^^^^^^^^^^^^^^^^^^^^^
AttributeError: 'Member' object has no attribute 'timed_out_until'
Ignoring exception in on_member_update
Traceback (most recent call last):
  File "/usr/local/lib/python3.12/site-packages/discord/client.py", line 465, in _run_event
    await coro(*args, **kwargs)
  File "/app/asu_discord/cogs/analytics.py", line 652, in on_member_update
    before_timeout = before.timed_out_until
                     ^^^^^^^^^^^^^^^^^^^^^^
AttributeError: 'Member' object has no attribute 'timed_out_until'
INFO:asu_discord.cogs.verification:Saved 6 roles to database for user ethenho (Discord ID: 944826170086658100)
INFO:asu_discord.cogs.verification:Refreshed Salesforce roles for Discord user 944826170086658100: -6/+6 roles, assigned=[Arizona Resident, Commited, Downtown Phoenix, Edson College of Nursing and Health Innovation, First Generation Student, First Year]
Ignoring exception in on_member_update
Traceback (most recent call last):
  File "/usr/local/lib/python3.12/site-packages/discord/client.py", line 465, in _run_event
    await coro(*args, **kwargs)
  File "/app/asu_discord/cogs/analytics.py", line 652, in on_member_update
    before_timeout = before.timed_out_until
                     ^^^^^^^^^^^^^^^^^^^^^^
AttributeError: 'Member' object has no attribute 'timed_out_until'
Ignoring exception in on_member_update
Traceback (most recent call last):
  File "/usr/local/lib/python3.12/site-packages/discord/client.py", line 465, in _run_event
    await coro(*args, **kwargs)
  File "/app/asu_discord/cogs/analytics.py", line 652, in on_member_update
    before_timeout = before.timed_out_until
                     ^^^^^^^^^^^^^^^^^^^^^^
AttributeError: 'Member' object has no attribute 'timed_out_until'
Ignoring exception in on_member_update
Traceback (most recent call last):
  File "/usr/local/lib/python3.12/site-packages/discord/client.py", line 465, in _run_event
    await coro(*args, **kwargs)
  File "/app/asu_discord/cogs/analytics.py", line 652, in on_member_update
    before_timeout = before.timed_out_until
                     ^^^^^^^^^^^^^^^^^^^^^^
AttributeError: 'Member' object has no attribute 'timed_out_until'
Ignoring exception in on_member_update
Traceback (most recent call last):
  File "/usr/local/lib/python3.12/site-packages/discord/client.py", line 465, in _run_event
    await coro(*args, **kwargs)
  File "/app/asu_discord/cogs/analytics.py", line 652, in on_member_update
    before_timeout = before.timed_out_until
                     ^^^^^^^^^^^^^^^^^^^^^^
AttributeError: 'Member' object has no attribute 'timed_out_until'
Ignoring exception in on_member_update
Traceback (most recent call last):
  File "/usr/local/lib/python3.12/site-packages/discord/client.py", line 465, in _run_event
    await coro(*args, **kwargs)
  File "/app/asu_discord/cogs/analytics.py", line 652, in on_member_update
    before_timeout = before.timed_out_until
                     ^^^^^^^^^^^^^^^^^^^^^^
AttributeError: 'Member' object has no attribute 'timed_out_until'
Ignoring exception in on_member_update
Traceback (most recent call last):
  File "/usr/local/lib/python3.12/site-packages/discord/client.py", line 465, in _run_event
    await coro(*args, **kwargs)
  File "/app/asu_discord/cogs/analytics.py", line 652, in on_member_update
    before_timeout = before.timed_out_until
                     ^^^^^^^^^^^^^^^^^^^^^^
AttributeError: 'Member' object has no attribute 'timed_out_until'
Ignoring exception in on_member_update
Traceback (most recent call last):
  File "/usr/local/lib/python3.12/site-packages/discord/client.py", line 465, in _run_event
    await coro(*args, **kwargs)
  File "/app/asu_discord/cogs/analytics.py", line 652, in on_member_update
    before_timeout = before.timed_out_until
                     ^^^^^^^^^^^^^^^^^^^^^^
AttributeError: 'Member' object has no attribute 'timed_out_until'
Ignoring exception in on_member_update
Traceback (most recent call last):
  File "/usr/local/lib/python3.12/site-packages/discord/client.py", line 465, in _run_event
    await coro(*args, **kwargs)
  File "/app/asu_discord/cogs/analytics.py", line 652, in on_member_update
    before_timeout = before.timed_out_until
                     ^^^^^^^^^^^^^^^^^^^^^^
AttributeError: 'Member' object has no attribute 'timed_out_until'
Ignoring exception in on_member_update
Traceback (most recent call last):
  File "/usr/local/lib/python3.12/site-packages/discord/client.py", line 465, in _run_event
    await coro(*args, **kwargs)
  File "/app/asu_discord/cogs/analytics.py", line 652, in on_member_update
    before_timeout = before.timed_out_until
                     ^^^^^^^^^^^^^^^^^^^^^^
AttributeError: 'Member' object has no attribute 'timed_out_until'
Ignoring exception in on_member_update
Traceback (most recent call last):
  File "/usr/local/lib/python3.12/site-packages/discord/client.py", line 465, in _run_event
    await coro(*args, **kwargs)
  File "/app/asu_discord/cogs/analytics.py", line 652, in on_member_update
    before_timeout = before.timed_out_until
                     ^^^^^^^^^^^^^^^^^^^^^^
AttributeError: 'Member' object has no attribute 'timed_out_until'
Ignoring exception in on_member_update
Traceback (most recent call last):
  File "/usr/local/lib/python3.12/site-packages/discord/client.py", line 465, in _run_event
    await coro(*args, **kwargs)
  File "/app/asu_discord/cogs/analytics.py", line 652, in on_member_update
    before_timeout = before.timed_out_until
                     ^^^^^^^^^^^^^^^^^^^^^^
AttributeError: 'Member' object has no attribute 'timed_out_until'
ERROR:cron.jobs:refresh_salesforce_roles: failed for smadri16 (Discord ID 985981905793081444): Timed out refresh Salesforce-based roles
Ignoring exception in on_member_update
Traceback (most recent call last):
  File "/usr/local/lib/python3.12/site-packages/discord/client.py", line 465, in _run_event
    await coro(*args, **kwargs)
  File "/app/asu_discord/cogs/analytics.py", line 652, in on_member_update
    before_timeout = before.timed_out_until
                     ^^^^^^^^^^^^^^^^^^^^^^
AttributeError: 'Member' object has no attribute 'timed_out_until'
Ignoring exception in on_member_update
Traceback (most recent call last):
  File "/usr/local/lib/python3.12/site-packages/discord/client.py", line 465, in _run_event
    await coro(*args, **kwargs)
  File "/app/asu_discord/cogs/analytics.py", line 652, in on_member_update
    before_timeout = before.timed_out_until
                     ^^^^^^^^^^^^^^^^^^^^^^
AttributeError: 'Member' object has no attribute 'timed_out_until'
Ignoring exception in on_member_update
Traceback (most recent call last):
  File "/usr/local/lib/python3.12/site-packages/discord/client.py", line 465, in _run_event
    await coro(*args, **kwargs)
  File "/app/asu_discord/cogs/analytics.py", line 652, in on_member_update
    before_timeout = before.timed_out_until
                     ^^^^^^^^^^^^^^^^^^^^^^
AttributeError: 'Member' object has no attribute 'timed_out_until'
Ignoring exception in on_member_update
Traceback (most recent call last):
  File "/usr/local/lib/python3.12/site-packages/discord/client.py", line 465, in _run_event
    await coro(*args, **kwargs)
  File "/app/asu_discord/cogs/analytics.py", line 652, in on_member_update
    before_timeout = before.timed_out_until
                     ^^^^^^^^^^^^^^^^^^^^^^
AttributeError: 'Member' object has no attribute 'timed_out_until'
Ignoring exception in on_member_update
Traceback (most recent call last):
  File "/usr/local/lib/python3.12/site-packages/discord/client.py", line 465, in _run_event
    await coro(*args, **kwargs)
  File "/app/asu_discord/cogs/analytics.py", line 652, in on_member_update
    before_timeout = before.timed_out_until
                     ^^^^^^^^^^^^^^^^^^^^^^
AttributeError: 'Member' object has no attribute 'timed_out_until'
Ignoring exception in on_member_update
Traceback (most recent call last):
  File "/usr/local/lib/python3.12/site-packages/discord/client.py", line 465, in _run_event
    await coro(*args, **kwargs)
  File "/app/asu_discord/cogs/analytics.py", line 652, in on_member_update
    before_timeout = before.timed_out_until
                     ^^^^^^^^^^^^^^^^^^^^^^
AttributeError: 'Member' object has no attribute 'timed_out_until'
Ignoring exception in on_member_update
Traceback (most recent call last):
  File "/usr/local/lib/python3.12/site-packages/discord/client.py", line 465, in _run_event
    await coro(*args, **kwargs)
  File "/app/asu_discord/cogs/analytics.py", line 652, in on_member_update
    before_timeout = before.timed_out_until
                     ^^^^^^^^^^^^^^^^^^^^^^
AttributeError: 'Member' object has no attribute 'timed_out_until'
Ignoring exception in on_member_update
Traceback (most recent call last):
  File "/usr/local/lib/python3.12/site-packages/discord/client.py", line 465, in _run_event
    await coro(*args, **kwargs)
  File "/app/asu_discord/cogs/analytics.py", line 652, in on_member_update
    before_timeout = before.timed_out_until
                     ^^^^^^^^^^^^^^^^^^^^^^
AttributeError: 'Member' object has no attribute 'timed_out_until'
INFO:asu_discord.cogs.verification:Saved 4 roles to database for user tmsayers (Discord ID: 833850787372859424)
INFO:asu_discord.cogs.verification:Refreshed Salesforce roles for Discord user 833850787372859424: -4/+4 roles, assigned=[Arizona Resident, College of Liberal Arts and Sciences, Downtown Phoenix, First Year]
Ignoring exception in on_member_update
Traceback (most recent call last):
  File "/usr/local/lib/python3.12/site-packages/discord/client.py", line 465, in _run_event
    await coro(*args, **kwargs)
  File "/app/asu_discord/cogs/analytics.py", line 652, in on_member_update
    before_timeout = before.timed_out_until
                     ^^^^^^^^^^^^^^^^^^^^^^
AttributeError: 'Member' object has no attribute 'timed_out_until'
Ignoring exception in on_member_update
Traceback (most recent call last):
  File "/usr/local/lib/python3.12/site-packages/discord/client.py", line 465, in _run_event
    await coro(*args, **kwargs)
  File "/app/asu_discord/cogs/analytics.py", line 652, in on_member_update
    before_timeout = before.timed_out_until
                     ^^^^^^^^^^^^^^^^^^^^^^
AttributeError: 'Member' object has no attribute 'timed_out_until'
Ignoring exception in on_member_update
Traceback (most recent call last):
  File "/usr/local/lib/python3.12/site-packages/discord/client.py", line 465, in _run_event
    await coro(*args, **kwargs)
  File "/app/asu_discord/cogs/analytics.py", line 652, in on_member_update
    before_timeout = before.timed_out_until
                     ^^^^^^^^^^^^^^^^^^^^^^
AttributeError: 'Member' object has no attribute 'timed_out_until'
Ignoring exception in on_member_update
Traceback (most recent call last):
  File "/usr/local/lib/python3.12/site-packages/discord/client.py", line 465, in _run_event
    await coro(*args, **kwargs)
  File "/app/asu_discord/cogs/analytics.py", line 652, in on_member_update
    before_timeout = before.timed_out_until
                     ^^^^^^^^^^^^^^^^^^^^^^
AttributeError: 'Member' object has no attribute 'timed_out_until'
Ignoring exception in on_member_update
Traceback (most recent call last):
  File "/usr/local/lib/python3.12/site-packages/discord/client.py", line 465, in _run_event
    await coro(*args, **kwargs)
  File "/app/asu_discord/cogs/analytics.py", line 652, in on_member_update
    before_timeout = before.timed_out_until
                     ^^^^^^^^^^^^^^^^^^^^^^
AttributeError: 'Member' object has no attribute 'timed_out_until'
Ignoring exception in on_member_update
Traceback (most recent call last):
  File "/usr/local/lib/python3.12/site-packages/discord/client.py", line 465, in _run_event
    await coro(*args, **kwargs)
  File "/app/asu_discord/cogs/analytics.py", line 652, in on_member_update
    before_timeout = before.timed_out_until
                     ^^^^^^^^^^^^^^^^^^^^^^
AttributeError: 'Member' object has no attribute 'timed_out_until'
Ignoring exception in on_member_update
Traceback (most recent call last):
  File "/usr/local/lib/python3.12/site-packages/discord/client.py", line 465, in _run_event
    await coro(*args, **kwargs)
  File "/app/asu_discord/cogs/analytics.py", line 652, in on_member_update
    before_timeout = before.timed_out_until
                     ^^^^^^^^^^^^^^^^^^^^^^
AttributeError: 'Member' object has no attribute 'timed_out_until'
Ignoring exception in on_member_update
Traceback (most recent call last):
  File "/usr/local/lib/python3.12/site-packages/discord/client.py", line 465, in _run_event
    await coro(*args, **kwargs)
  File "/app/asu_discord/cogs/analytics.py", line 652, in on_member_update
    before_timeout = before.timed_out_until
                     ^^^^^^^^^^^^^^^^^^^^^^
AttributeError: 'Member' object has no attribute 'timed_out_until'
Ignoring exception in on_member_update
Traceback (most recent call last):
  File "/usr/local/lib/python3.12/site-packages/discord/client.py", line 465, in _run_event
    await coro(*args, **kwargs)
  File "/app/asu_discord/cogs/analytics.py", line 652, in on_member_update
    before_timeout = before.timed_out_until
                     ^^^^^^^^^^^^^^^^^^^^^^
AttributeError: 'Member' object has no attribute 'timed_out_until'
Ignoring exception in on_member_update
Traceback (most recent call last):
  File "/usr/local/lib/python3.12/site-packages/discord/client.py", line 465, in _run_event
    await coro(*args, **kwargs)
  File "/app/asu_discord/cogs/analytics.py", line 652, in on_member_update
    before_timeout = before.timed_out_until
                     ^^^^^^^^^^^^^^^^^^^^^^
AttributeError: 'Member' object has no attribute 'timed_out_until'
INFO:asu_discord.cogs.verification:Saved 5 roles to database for user vnunez14 (Discord ID: 1496665715405488243)
INFO:asu_discord.cogs.verification:Refreshed Salesforce roles for Discord user 1496665715405488243: -5/+5 roles, assigned=[Commited, First Year, Out of State, Tempe, W.P. Carey School of Business]
Ignoring exception in on_member_update
Traceback (most recent call last):
  File "/usr/local/lib/python3.12/site-packages/discord/client.py", line 465, in _run_event
    await coro(*args, **kwargs)
  File "/app/asu_discord/cogs/analytics.py", line 652, in on_member_update
    before_timeout = before.timed_out_until
                     ^^^^^^^^^^^^^^^^^^^^^^
AttributeError: 'Member' object has no attribute 'timed_out_until'
Ignoring exception in on_member_update
Traceback (most recent call last):
  File "/usr/local/lib/python3.12/site-packages/discord/client.py", line 465, in _run_event
    await coro(*args, **kwargs)
  File "/app/asu_discord/cogs/analytics.py", line 652, in on_member_update
    before_timeout = before.timed_out_until
                     ^^^^^^^^^^^^^^^^^^^^^^
AttributeError: 'Member' object has no attribute 'timed_out_until'
Ignoring exception in on_member_update
Traceback (most recent call last):
  File "/usr/local/lib/python3.12/site-packages/discord/client.py", line 465, in _run_event
    await coro(*args, **kwargs)
  File "/app/asu_discord/cogs/analytics.py", line 652, in on_member_update
    before_timeout = before.timed_out_until
                     ^^^^^^^^^^^^^^^^^^^^^^
AttributeError: 'Member' object has no attribute 'timed_out_until'
Ignoring exception in on_member_update
Traceback (most recent call last):
  File "/usr/local/lib/python3.12/site-packages/discord/client.py", line 465, in _run_event
    await coro(*args, **kwargs)
  File "/app/asu_discord/cogs/analytics.py", line 652, in on_member_update
    before_timeout = before.timed_out_until
                     ^^^^^^^^^^^^^^^^^^^^^^
AttributeError: 'Member' object has no attribute 'timed_out_until'
Ignoring exception in on_member_update
Traceback (most recent call last):
  File "/usr/local/lib/python3.12/site-packages/discord/client.py", line 465, in _run_event
    await coro(*args, **kwargs)
  File "/app/asu_discord/cogs/analytics.py", line 652, in on_member_update
    before_timeout = before.timed_out_until
                     ^^^^^^^^^^^^^^^^^^^^^^
AttributeError: 'Member' object has no attribute 'timed_out_until'
Ignoring exception in on_member_update
Traceback (most recent call last):
  File "/usr/local/lib/python3.12/site-packages/discord/client.py", line 465, in _run_event
    await coro(*args, **kwargs)
  File "/app/asu_discord/cogs/analytics.py", line 652, in on_member_update
    before_timeout = before.timed_out_until
                     ^^^^^^^^^^^^^^^^^^^^^^
AttributeError: 'Member' object has no attribute 'timed_out_until'
Ignoring exception in on_member_update
Traceback (most recent call last):
  File "/usr/local/lib/python3.12/site-packages/discord/client.py", line 465, in _run_event
    await coro(*args, **kwargs)
  File "/app/asu_discord/cogs/analytics.py", line 652, in on_member_update
    before_timeout = before.timed_out_until
                     ^^^^^^^^^^^^^^^^^^^^^^
AttributeError: 'Member' object has no attribute 'timed_out_until'
Ignoring exception in on_member_update
Traceback (most recent call last):
  File "/usr/local/lib/python3.12/site-packages/discord/client.py", line 465, in _run_event
    await coro(*args, **kwargs)
  File "/app/asu_discord/cogs/analytics.py", line 652, in on_member_update
    before_timeout = before.timed_out_until
                     ^^^^^^^^^^^^^^^^^^^^^^
AttributeError: 'Member' object has no attribute 'timed_out_until'
Ignoring exception in on_member_update
Traceback (most recent call last):
  File "/usr/local/lib/python3.12/site-packages/discord/client.py", line 465, in _run_event
    await coro(*args, **kwargs)
  File "/app/asu_discord/cogs/analytics.py", line 652, in on_member_update
    before_timeout = before.timed_out_until
                     ^^^^^^^^^^^^^^^^^^^^^^
AttributeError: 'Member' object has no attribute 'timed_out_until'
Ignoring exception in on_member_update
Traceback (most recent call last):
  File "/usr/local/lib/python3.12/site-packages/discord/client.py", line 465, in _run_event
    await coro(*args, **kwargs)
  File "/app/asu_discord/cogs/analytics.py", line 652, in on_member_update
    before_timeout = before.timed_out_until
                     ^^^^^^^^^^^^^^^^^^^^^^
AttributeError: 'Member' object has no attribute 'timed_out_until'
Ignoring exception in on_member_update
Traceback (most recent call last):
  File "/usr/local/lib/python3.12/site-packages/discord/client.py", line 465, in _run_event
    await coro(*args, **kwargs)
  File "/app/asu_discord/cogs/analytics.py", line 652, in on_member_update
    before_timeout = before.timed_out_until
                     ^^^^^^^^^^^^^^^^^^^^^^
AttributeError: 'Member' object has no attribute 'timed_out_until'
INFO:asu_discord.cogs.verification:Saved 5 roles to database for user ajwelke1 (Discord ID: 1433222097999499428)
INFO:asu_discord.cogs.verification:Refreshed Salesforce roles for Discord user 1433222097999499428: -5/+5 roles, assigned=[College of Global Futures, Commited, Out of State, Tempe, Transfer Student]
Ignoring exception in on_member_update
Traceback (most recent call last):
  File "/usr/local/lib/python3.12/site-packages/discord/client.py", line 465, in _run_event
    await coro(*args, **kwargs)
  File "/app/asu_discord/cogs/analytics.py", line 652, in on_member_update
    before_timeout = before.timed_out_until
                     ^^^^^^^^^^^^^^^^^^^^^^
AttributeError: 'Member' object has no attribute 'timed_out_until'
Ignoring exception in on_member_update
Traceback (most recent call last):
  File "/usr/local/lib/python3.12/site-packages/discord/client.py", line 465, in _run_event
    await coro(*args, **kwargs)
  File "/app/asu_discord/cogs/analytics.py", line 652, in on_member_update
    before_timeout = before.timed_out_until
                     ^^^^^^^^^^^^^^^^^^^^^^
AttributeError: 'Member' object has no attribute 'timed_out_until'
Ignoring exception in on_member_update
Traceback (most recent call last):
  File "/usr/local/lib/python3.12/site-packages/discord/client.py", line 465, in _run_event
    await coro(*args, **kwargs)
  File "/app/asu_discord/cogs/analytics.py", line 652, in on_member_update
    before_timeout = before.timed_out_until
                     ^^^^^^^^^^^^^^^^^^^^^^
AttributeError: 'Member' object has no attribute 'timed_out_until'
Ignoring exception in on_member_update
Traceback (most recent call last):
  File "/usr/local/lib/python3.12/site-packages/discord/client.py", line 465, in _run_event
    await coro(*args, **kwargs)
  File "/app/asu_discord/cogs/analytics.py", line 652, in on_member_update
    before_timeout = before.timed_out_until
                     ^^^^^^^^^^^^^^^^^^^^^^
AttributeError: 'Member' object has no attribute 'timed_out_until'
Ignoring exception in on_member_update
Traceback (most recent call last):
  File "/usr/local/lib/python3.12/site-packages/discord/client.py", line 465, in _run_event
    await coro(*args, **kwargs)
  File "/app/asu_discord/cogs/analytics.py", line 652, in on_member_update
    before_timeout = before.timed_out_until
                     ^^^^^^^^^^^^^^^^^^^^^^
AttributeError: 'Member' object has no attribute 'timed_out_until'
Ignoring exception in on_member_update
Traceback (most recent call last):
  File "/usr/local/lib/python3.12/site-packages/discord/client.py", line 465, in _run_event
    await coro(*args, **kwargs)
  File "/app/asu_discord/cogs/analytics.py", line 652, in on_member_update
    before_timeout = before.timed_out_until
                     ^^^^^^^^^^^^^^^^^^^^^^
AttributeError: 'Member' object has no attribute 'timed_out_until'
Ignoring exception in on_member_update
Traceback (most recent call last):
  File "/usr/local/lib/python3.12/site-packages/discord/client.py", line 465, in _run_event
    await coro(*args, **kwargs)
  File "/app/asu_discord/cogs/analytics.py", line 652, in on_member_update
    before_timeout = before.timed_out_until
                     ^^^^^^^^^^^^^^^^^^^^^^
AttributeError: 'Member' object has no attribute 'timed_out_until'
Ignoring exception in on_member_update
Traceback (most recent call last):
  File "/usr/local/lib/python3.12/site-packages/discord/client.py", line 465, in _run_event
    await coro(*args, **kwargs)
  File "/app/asu_discord/cogs/analytics.py", line 652, in on_member_update
    before_timeout = before.timed_out_until
                     ^^^^^^^^^^^^^^^^^^^^^^
AttributeError: 'Member' object has no attribute 'timed_out_until'
Ignoring exception in on_member_update
Traceback (most recent call last):
  File "/usr/local/lib/python3.12/site-packages/discord/client.py", line 465, in _run_event
    await coro(*args, **kwargs)
  File "/app/asu_discord/cogs/analytics.py", line 652, in on_member_update
    before_timeout = before.timed_out_until
                     ^^^^^^^^^^^^^^^^^^^^^^
AttributeError: 'Member' object has no attribute 'timed_out_until'
Ignoring exception in on_member_update
Traceback (most recent call last):
  File "/usr/local/lib/python3.12/site-packages/discord/client.py", line 465, in _run_event
    await coro(*args, **kwargs)
  File "/app/asu_discord/cogs/analytics.py", line 652, in on_member_update
    before_timeout = before.timed_out_until
                     ^^^^^^^^^^^^^^^^^^^^^^
AttributeError: 'Member' object has no attribute 'timed_out_until'
INFO:asu_discord.cogs.verification:Saved 5 roles to database for user jwojcia1 (Discord ID: 516327025556848666)
INFO:asu_discord.cogs.verification:Refreshed Salesforce roles for Discord user 516327025556848666: -5/+5 roles, assigned=[Commited, First Year, Ira A. Fulton Schools of Engineering, Out of State, Polytechnic]
Ignoring exception in on_member_update
Traceback (most recent call last):
  File "/usr/local/lib/python3.12/site-packages/discord/client.py", line 465, in _run_event
    await coro(*args, **kwargs)
  File "/app/asu_discord/cogs/analytics.py", line 652, in on_member_update
    before_timeout = before.timed_out_until
                     ^^^^^^^^^^^^^^^^^^^^^^
AttributeError: 'Member' object has no attribute 'timed_out_until'
Ignoring exception in on_member_update
Traceback (most recent call last):
  File "/usr/local/lib/python3.12/site-packages/discord/client.py", line 465, in _run_event
    await coro(*args, **kwargs)
  File "/app/asu_discord/cogs/analytics.py", line 652, in on_member_update
    before_timeout = before.timed_out_until
                     ^^^^^^^^^^^^^^^^^^^^^^
AttributeError: 'Member' object has no attribute 'timed_out_until'
Ignoring exception in on_member_update
Traceback (most recent call last):
  File "/usr/local/lib/python3.12/site-packages/discord/client.py", line 465, in _run_event
    await coro(*args, **kwargs)
  File "/app/asu_discord/cogs/analytics.py", line 652, in on_member_update
    before_timeout = before.timed_out_until
                     ^^^^^^^^^^^^^^^^^^^^^^
AttributeError: 'Member' object has no attribute 'timed_out_until'
Ignoring exception in on_member_update
Traceback (most recent call last):
  File "/usr/local/lib/python3.12/site-packages/discord/client.py", line 465, in _run_event
    await coro(*args, **kwargs)
  File "/app/asu_discord/cogs/analytics.py", line 652, in on_member_update
    before_timeout = before.timed_out_until
                     ^^^^^^^^^^^^^^^^^^^^^^
AttributeError: 'Member' object has no attribute 'timed_out_until'
Ignoring exception in on_member_update
Traceback (most recent call last):
  File "/usr/local/lib/python3.12/site-packages/discord/client.py", line 465, in _run_event
    await coro(*args, **kwargs)
  File "/app/asu_discord/cogs/analytics.py", line 652, in on_member_update
    before_timeout = before.timed_out_until
                     ^^^^^^^^^^^^^^^^^^^^^^
AttributeError: 'Member' object has no attribute 'timed_out_until'
Ignoring exception in on_member_update
Traceback (most recent call last):
  File "/usr/local/lib/python3.12/site-packages/discord/client.py", line 465, in _run_event
    await coro(*args, **kwargs)
  File "/app/asu_discord/cogs/analytics.py", line 652, in on_member_update
    before_timeout = before.timed_out_until
                     ^^^^^^^^^^^^^^^^^^^^^^
AttributeError: 'Member' object has no attribute 'timed_out_until'
Ignoring exception in on_member_update
Traceback (most recent call last):
  File "/usr/local/lib/python3.12/site-packages/discord/client.py", line 465, in _run_event
    await coro(*args, **kwargs)
  File "/app/asu_discord/cogs/analytics.py", line 652, in on_member_update
    before_timeout = before.timed_out_until
                     ^^^^^^^^^^^^^^^^^^^^^^
AttributeError: 'Member' object has no attribute 'timed_out_until'
Ignoring exception in on_member_update
Traceback (most recent call last):
  File "/usr/local/lib/python3.12/site-packages/discord/client.py", line 465, in _run_event
    await coro(*args, **kwargs)
  File "/app/asu_discord/cogs/analytics.py", line 652, in on_member_update
    before_timeout = before.timed_out_until
                     ^^^^^^^^^^^^^^^^^^^^^^
AttributeError: 'Member' object has no attribute 'timed_out_until'
Ignoring exception in on_member_update
Traceback (most recent call last):
  File "/usr/local/lib/python3.12/site-packages/discord/client.py", line 465, in _run_event
    await coro(*args, **kwargs)
  File "/app/asu_discord/cogs/analytics.py", line 652, in on_member_update
    before_timeout = before.timed_out_until
                     ^^^^^^^^^^^^^^^^^^^^^^
AttributeError: 'Member' object has no attribute 'timed_out_until'
Ignoring exception in on_member_update
Traceback (most recent call last):
  File "/usr/local/lib/python3.12/site-packages/discord/client.py", line 465, in _run_event
    await coro(*args, **kwargs)
  File "/app/asu_discord/cogs/analytics.py", line 652, in on_member_update
    before_timeout = before.timed_out_until
                     ^^^^^^^^^^^^^^^^^^^^^^
AttributeError: 'Member' object has no attribute 'timed_out_until'
INFO:asu_discord.cogs.verification:Saved 5 roles to database for user ssatisha (Discord ID: 1205576700360917045)
INFO:asu_discord.cogs.verification:Refreshed Salesforce roles for Discord user 1205576700360917045: -5/+5 roles, assigned=[Arizona Resident, Commited, First Year, Ira A. Fulton Schools of Engineering, Tempe]
Ignoring exception in on_member_update
Traceback (most recent call last):
  File "/usr/local/lib/python3.12/site-packages/discord/client.py", line 465, in _run_event
    await coro(*args, **kwargs)
  File "/app/asu_discord/cogs/analytics.py", line 652, in on_member_update
    before_timeout = before.timed_out_until
                     ^^^^^^^^^^^^^^^^^^^^^^
AttributeError: 'Member' object has no attribute 'timed_out_until'
Ignoring exception in on_member_update
Traceback (most recent call last):
  File "/usr/local/lib/python3.12/site-packages/discord/client.py", line 465, in _run_event
    await coro(*args, **kwargs)
  File "/app/asu_discord/cogs/analytics.py", line 652, in on_member_update
    before_timeout = before.timed_out_until
                     ^^^^^^^^^^^^^^^^^^^^^^
AttributeError: 'Member' object has no attribute 'timed_out_until'
Ignoring exception in on_member_update
Traceback (most recent call last):
  File "/usr/local/lib/python3.12/site-packages/discord/client.py", line 465, in _run_event
    await coro(*args, **kwargs)
  File "/app/asu_discord/cogs/analytics.py", line 652, in on_member_update
    before_timeout = before.timed_out_until
                     ^^^^^^^^^^^^^^^^^^^^^^
AttributeError: 'Member' object has no attribute 'timed_out_until'
Ignoring exception in on_member_update
Traceback (most recent call last):
  File "/usr/local/lib/python3.12/site-packages/discord/client.py", line 465, in _run_event
    await coro(*args, **kwargs)
  File "/app/asu_discord/cogs/analytics.py", line 652, in on_member_update
    before_timeout = before.timed_out_until
                     ^^^^^^^^^^^^^^^^^^^^^^
AttributeError: 'Member' object has no attribute 'timed_out_until'
Ignoring exception in on_member_update
Traceback (most recent call last):
  File "/usr/local/lib/python3.12/site-packages/discord/client.py", line 465, in _run_event
    await coro(*args, **kwargs)
  File "/app/asu_discord/cogs/analytics.py", line 652, in on_member_update
    before_timeout = before.timed_out_until
                     ^^^^^^^^^^^^^^^^^^^^^^
AttributeError: 'Member' object has no attribute 'timed_out_until'
Ignoring exception in on_member_update
Traceback (most recent call last):
  File "/usr/local/lib/python3.12/site-packages/discord/client.py", line 465, in _run_event
    await coro(*args, **kwargs)
  File "/app/asu_discord/cogs/analytics.py", line 652, in on_member_update
    before_timeout = before.timed_out_until
                     ^^^^^^^^^^^^^^^^^^^^^^
AttributeError: 'Member' object has no attribute 'timed_out_until'
Ignoring exception in on_member_update
Traceback (most recent call last):
  File "/usr/local/lib/python3.12/site-packages/discord/client.py", line 465, in _run_event
    await coro(*args, **kwargs)
  File "/app/asu_discord/cogs/analytics.py", line 652, in on_member_update
    before_timeout = before.timed_out_until
                     ^^^^^^^^^^^^^^^^^^^^^^
AttributeError: 'Member' object has no attribute 'timed_out_until'
Ignoring exception in on_member_update
Traceback (most recent call last):
  File "/usr/local/lib/python3.12/site-packages/discord/client.py", line 465, in _run_event
    await coro(*args, **kwargs)
  File "/app/asu_discord/cogs/analytics.py", line 652, in on_member_update
    before_timeout = before.timed_out_until
                     ^^^^^^^^^^^^^^^^^^^^^^
AttributeError: 'Member' object has no attribute 'timed_out_until'
Ignoring exception in on_member_update
Traceback (most recent call last):
  File "/usr/local/lib/python3.12/site-packages/discord/client.py", line 465, in _run_event
    await coro(*args, **kwargs)
  File "/app/asu_discord/cogs/analytics.py", line 652, in on_member_update
    before_timeout = before.timed_out_until
                     ^^^^^^^^^^^^^^^^^^^^^^
AttributeError: 'Member' object has no attribute 'timed_out_until'
Ignoring exception in on_member_update
Traceback (most recent call last):
  File "/usr/local/lib/python3.12/site-packages/discord/client.py", line 465, in _run_event
    await coro(*args, **kwargs)
  File "/app/asu_discord/cogs/analytics.py", line 652, in on_member_update
    before_timeout = before.timed_out_until
                     ^^^^^^^^^^^^^^^^^^^^^^
AttributeError: 'Member' object has no attribute 'timed_out_until'
INFO:asu_discord.cogs.verification:Saved 5 roles to database for user aehoyes (Discord ID: 1378953676219224095)
INFO:asu_discord.cogs.verification:Refreshed Salesforce roles for Discord user 1378953676219224095: -5/+5 roles, assigned=[Commited, First Year, Ira A. Fulton Schools of Engineering, Out of State, Tempe]
Ignoring exception in on_member_update
Traceback (most recent call last):
  File "/usr/local/lib/python3.12/site-packages/discord/client.py", line 465, in _run_event
    await coro(*args, **kwargs)
  File "/app/asu_discord/cogs/analytics.py", line 652, in on_member_update
    before_timeout = before.timed_out_until
                     ^^^^^^^^^^^^^^^^^^^^^^
AttributeError: 'Member' object has no attribute 'timed_out_until'
Ignoring exception in on_member_update
Traceback (most recent call last):
  File "/usr/local/lib/python3.12/site-packages/discord/client.py", line 465, in _run_event
    await coro(*args, **kwargs)
  File "/app/asu_discord/cogs/analytics.py", line 652, in on_member_update
    before_timeout = before.timed_out_until
                     ^^^^^^^^^^^^^^^^^^^^^^
AttributeError: 'Member' object has no attribute 'timed_out_until'
Ignoring exception in on_member_update
Traceback (most recent call last):
  File "/usr/local/lib/python3.12/site-packages/discord/client.py", line 465, in _run_event
    await coro(*args, **kwargs)
  File "/app/asu_discord/cogs/analytics.py", line 652, in on_member_update
    before_timeout = before.timed_out_until
                     ^^^^^^^^^^^^^^^^^^^^^^
AttributeError: 'Member' object has no attribute 'timed_out_until'
Ignoring exception in on_member_update
Traceback (most recent call last):
  File "/usr/local/lib/python3.12/site-packages/discord/client.py", line 465, in _run_event
    await coro(*args, **kwargs)
  File "/app/asu_discord/cogs/analytics.py", line 652, in on_member_update
    before_timeout = before.timed_out_until
                     ^^^^^^^^^^^^^^^^^^^^^^
AttributeError: 'Member' object has no attribute 'timed_out_until'
Ignoring exception in on_member_update
Traceback (most recent call last):
  File "/usr/local/lib/python3.12/site-packages/discord/client.py", line 465, in _run_event
    await coro(*args, **kwargs)
  File "/app/asu_discord/cogs/analytics.py", line 652, in on_member_update
    before_timeout = before.timed_out_until
                     ^^^^^^^^^^^^^^^^^^^^^^
AttributeError: 'Member' object has no attribute 'timed_out_until'
Ignoring exception in on_member_update
Traceback (most recent call last):
  File "/usr/local/lib/python3.12/site-packages/discord/client.py", line 465, in _run_event
    await coro(*args, **kwargs)
  File "/app/asu_discord/cogs/analytics.py", line 652, in on_member_update
    before_timeout = before.timed_out_until
                     ^^^^^^^^^^^^^^^^^^^^^^
AttributeError: 'Member' object has no attribute 'timed_out_until'
Ignoring exception in on_member_update
Traceback (most recent call last):
  File "/usr/local/lib/python3.12/site-packages/discord/client.py", line 465, in _run_event
    await coro(*args, **kwargs)
  File "/app/asu_discord/cogs/analytics.py", line 652, in on_member_update
    before_timeout = before.timed_out_until
                     ^^^^^^^^^^^^^^^^^^^^^^
AttributeError: 'Member' object has no attribute 'timed_out_until'
Ignoring exception in on_member_update
Traceback (most recent call last):
  File "/usr/local/lib/python3.12/site-packages/discord/client.py", line 465, in _run_event
    await coro(*args, **kwargs)
  File "/app/asu_discord/cogs/analytics.py", line 652, in on_member_update
    before_timeout = before.timed_out_until
                     ^^^^^^^^^^^^^^^^^^^^^^
AttributeError: 'Member' object has no attribute 'timed_out_until'
Ignoring exception in on_member_update
Traceback (most recent call last):
  File "/usr/local/lib/python3.12/site-packages/discord/client.py", line 465, in _run_event
    await coro(*args, **kwargs)
  File "/app/asu_discord/cogs/analytics.py", line 652, in on_member_update
    before_timeout = before.timed_out_until
                     ^^^^^^^^^^^^^^^^^^^^^^
AttributeError: 'Member' object has no attribute 'timed_out_until'
Ignoring exception in on_member_update
Traceback (most recent call last):
  File "/usr/local/lib/python3.12/site-packages/discord/client.py", line 465, in _run_event
    await coro(*args, **kwargs)
  File "/app/asu_discord/cogs/analytics.py", line 652, in on_member_update
    before_timeout = before.timed_out_until
                     ^^^^^^^^^^^^^^^^^^^^^^
AttributeError: 'Member' object has no attribute 'timed_out_until'
Ignoring exception in on_member_update
Traceback (most recent call last):
  File "/usr/local/lib/python3.12/site-packages/discord/client.py", line 465, in _run_event
    await coro(*args, **kwargs)
  File "/app/asu_discord/cogs/analytics.py", line 652, in on_member_update
    before_timeout = before.timed_out_until
                     ^^^^^^^^^^^^^^^^^^^^^^
AttributeError: 'Member' object has no attribute 'timed_out_until'
INFO:asu_discord.cogs.verification:Saved 5 roles to database for user kapate22 (Discord ID: 747828296384774276)
INFO:asu_discord.cogs.verification:Refreshed Salesforce roles for Discord user 747828296384774276: -5/+5 roles, assigned=[Arizona Resident, Commited, First Year, Ira A. Fulton Schools of Engineering, Tempe]
Ignoring exception in on_member_update
Traceback (most recent call last):
  File "/usr/local/lib/python3.12/site-packages/discord/client.py", line 465, in _run_event
    await coro(*args, **kwargs)
  File "/app/asu_discord/cogs/analytics.py", line 652, in on_member_update
    before_timeout = before.timed_out_until
                     ^^^^^^^^^^^^^^^^^^^^^^
AttributeError: 'Member' object has no attribute 'timed_out_until'
Ignoring exception in on_member_update
Traceback (most recent call last):
  File "/usr/local/lib/python3.12/site-packages/discord/client.py", line 465, in _run_event
    await coro(*args, **kwargs)
  File "/app/asu_discord/cogs/analytics.py", line 652, in on_member_update
    before_timeout = before.timed_out_until
                     ^^^^^^^^^^^^^^^^^^^^^^
AttributeError: 'Member' object has no attribute 'timed_out_until'
Ignoring exception in on_member_update
Traceback (most recent call last):
  File "/usr/local/lib/python3.12/site-packages/discord/client.py", line 465, in _run_event
    await coro(*args, **kwargs)
  File "/app/asu_discord/cogs/analytics.py", line 652, in on_member_update
    before_timeout = before.timed_out_until
                     ^^^^^^^^^^^^^^^^^^^^^^
AttributeError: 'Member' object has no attribute 'timed_out_until'
Ignoring exception in on_member_update
Traceback (most recent call last):
  File "/usr/local/lib/python3.12/site-packages/discord/client.py", line 465, in _run_event
    await coro(*args, **kwargs)
  File "/app/asu_discord/cogs/analytics.py", line 652, in on_member_update
    before_timeout = before.timed_out_until
                     ^^^^^^^^^^^^^^^^^^^^^^
AttributeError: 'Member' object has no attribute 'timed_out_until'
Ignoring exception in on_member_update
Traceback (most recent call last):
  File "/usr/local/lib/python3.12/site-packages/discord/client.py", line 465, in _run_event
    await coro(*args, **kwargs)
  File "/app/asu_discord/cogs/analytics.py", line 652, in on_member_update
    before_timeout = before.timed_out_until
                     ^^^^^^^^^^^^^^^^^^^^^^
AttributeError: 'Member' object has no attribute 'timed_out_until'
Ignoring exception in on_member_update
Traceback (most recent call last):
  File "/usr/local/lib/python3.12/site-packages/discord/client.py", line 465, in _run_event
    await coro(*args, **kwargs)
  File "/app/asu_discord/cogs/analytics.py", line 652, in on_member_update
    before_timeout = before.timed_out_until
                     ^^^^^^^^^^^^^^^^^^^^^^
AttributeError: 'Member' object has no attribute 'timed_out_until'
Ignoring exception in on_member_update
Traceback (most recent call last):
  File "/usr/local/lib/python3.12/site-packages/discord/client.py", line 465, in _run_event
    await coro(*args, **kwargs)
  File "/app/asu_discord/cogs/analytics.py", line 652, in on_member_update
    before_timeout = before.timed_out_until
                     ^^^^^^^^^^^^^^^^^^^^^^
AttributeError: 'Member' object has no attribute 'timed_out_until'
Ignoring exception in on_member_update
Traceback (most recent call last):
  File "/usr/local/lib/python3.12/site-packages/discord/client.py", line 465, in _run_event
    await coro(*args, **kwargs)
  File "/app/asu_discord/cogs/analytics.py", line 652, in on_member_update
    before_timeout = before.timed_out_until
                     ^^^^^^^^^^^^^^^^^^^^^^
AttributeError: 'Member' object has no attribute 'timed_out_until'
Ignoring exception in on_member_update
Traceback (most recent call last):
  File "/usr/local/lib/python3.12/site-packages/discord/client.py", line 465, in _run_event
    await coro(*args, **kwargs)
  File "/app/asu_discord/cogs/analytics.py", line 652, in on_member_update
    before_timeout = before.timed_out_until
                     ^^^^^^^^^^^^^^^^^^^^^^
AttributeError: 'Member' object has no attribute 'timed_out_until'
Ignoring exception in on_member_update
Traceback (most recent call last):
  File "/usr/local/lib/python3.12/site-packages/discord/client.py", line 465, in _run_event
    await coro(*args, **kwargs)
  File "/app/asu_discord/cogs/analytics.py", line 652, in on_member_update
    before_timeout = before.timed_out_until
                     ^^^^^^^^^^^^^^^^^^^^^^
AttributeError: 'Member' object has no attribute 'timed_out_until'
INFO:asu_discord.cogs.verification:Saved 5 roles to database for user skmoody1 (Discord ID: 466734065362534401)
INFO:asu_discord.cogs.verification:Refreshed Salesforce roles for Discord user 466734065362534401: -5/+5 roles, assigned=[Arizona Resident, First Generation Student, Graduate Student, Tempe, W.P. Carey School of Business]
Ignoring exception in on_member_update
Traceback (most recent call last):
  File "/usr/local/lib/python3.12/site-packages/discord/client.py", line 465, in _run_event
    await coro(*args, **kwargs)
  File "/app/asu_discord/cogs/analytics.py", line 652, in on_member_update
    before_timeout = before.timed_out_until
                     ^^^^^^^^^^^^^^^^^^^^^^
AttributeError: 'Member' object has no attribute 'timed_out_until'
Ignoring exception in on_member_update
Traceback (most recent call last):
  File "/usr/local/lib/python3.12/site-packages/discord/client.py", line 465, in _run_event
    await coro(*args, **kwargs)
  File "/app/asu_discord/cogs/analytics.py", line 652, in on_member_update
    before_timeout = before.timed_out_until
                     ^^^^^^^^^^^^^^^^^^^^^^
AttributeError: 'Member' object has no attribute 'timed_out_until'
Ignoring exception in on_member_update
Traceback (most recent call last):
  File "/usr/local/lib/python3.12/site-packages/discord/client.py", line 465, in _run_event
    await coro(*args, **kwargs)
  File "/app/asu_discord/cogs/analytics.py", line 652, in on_member_update
    before_timeout = before.timed_out_until
                     ^^^^^^^^^^^^^^^^^^^^^^
AttributeError: 'Member' object has no attribute 'timed_out_until'
Ignoring exception in on_member_update
Traceback (most recent call last):
  File "/usr/local/lib/python3.12/site-packages/discord/client.py", line 465, in _run_event
    await coro(*args, **kwargs)
  File "/app/asu_discord/cogs/analytics.py", line 652, in on_member_update
    before_timeout = before.timed_out_until
                     ^^^^^^^^^^^^^^^^^^^^^^
AttributeError: 'Member' object has no attribute 'timed_out_until'
Ignoring exception in on_member_update
Traceback (most recent call last):
  File "/usr/local/lib/python3.12/site-packages/discord/client.py", line 465, in _run_event
    await coro(*args, **kwargs)
  File "/app/asu_discord/cogs/analytics.py", line 652, in on_member_update
    before_timeout = before.timed_out_until
                     ^^^^^^^^^^^^^^^^^^^^^^
AttributeError: 'Member' object has no attribute 'timed_out_until'
Ignoring exception in on_member_update
Traceback (most recent call last):
  File "/usr/local/lib/python3.12/site-packages/discord/client.py", line 465, in _run_event
    await coro(*args, **kwargs)
  File "/app/asu_discord/cogs/analytics.py", line 652, in on_member_update
    before_timeout = before.timed_out_until
                     ^^^^^^^^^^^^^^^^^^^^^^
AttributeError: 'Member' object has no attribute 'timed_out_until'
Ignoring exception in on_member_update
Traceback (most recent call last):
  File "/usr/local/lib/python3.12/site-packages/discord/client.py", line 465, in _run_event
    await coro(*args, **kwargs)
  File "/app/asu_discord/cogs/analytics.py", line 652, in on_member_update
    before_timeout = before.timed_out_until
                     ^^^^^^^^^^^^^^^^^^^^^^
AttributeError: 'Member' object has no attribute 'timed_out_until'
Ignoring exception in on_member_update
Traceback (most recent call last):
  File "/usr/local/lib/python3.12/site-packages/discord/client.py", line 465, in _run_event
    await coro(*args, **kwargs)
  File "/app/asu_discord/cogs/analytics.py", line 652, in on_member_update
    before_timeout = before.timed_out_until
                     ^^^^^^^^^^^^^^^^^^^^^^
AttributeError: 'Member' object has no attribute 'timed_out_until'
INFO:asu_discord.cogs.verification:Saved 4 roles to database for user jmhoyos (Discord ID: 486062935081222144)
INFO:asu_discord.cogs.verification:Refreshed Salesforce roles for Discord user 486062935081222144: -4/+4 roles, assigned=[Arizona Resident, First Year, Herberger Institute for Design and the Arts, Tempe]
Ignoring exception in on_member_update
Traceback (most recent call last):
  File "/usr/local/lib/python3.12/site-packages/discord/client.py", line 465, in _run_event
    await coro(*args, **kwargs)
  File "/app/asu_discord/cogs/analytics.py", line 652, in on_member_update
    before_timeout = before.timed_out_until
                     ^^^^^^^^^^^^^^^^^^^^^^
AttributeError: 'Member' object has no attribute 'timed_out_until'
Ignoring exception in on_member_update
Traceback (most recent call last):
  File "/usr/local/lib/python3.12/site-packages/discord/client.py", line 465, in _run_event
    await coro(*args, **kwargs)
  File "/app/asu_discord/cogs/analytics.py", line 652, in on_member_update
    before_timeout = before.timed_out_until
                     ^^^^^^^^^^^^^^^^^^^^^^
AttributeError: 'Member' object has no attribute 'timed_out_until'
Ignoring exception in on_member_update
Traceback (most recent call last):
  File "/usr/local/lib/python3.12/site-packages/discord/client.py", line 465, in _run_event
    await coro(*args, **kwargs)
  File "/app/asu_discord/cogs/analytics.py", line 652, in on_member_update
    before_timeout = before.timed_out_until
                     ^^^^^^^^^^^^^^^^^^^^^^
AttributeError: 'Member' object has no attribute 'timed_out_until'
Ignoring exception in on_member_update
Traceback (most recent call last):
  File "/usr/local/lib/python3.12/site-packages/discord/client.py", line 465, in _run_event
    await coro(*args, **kwargs)
  File "/app/asu_discord/cogs/analytics.py", line 652, in on_member_update
    before_timeout = before.timed_out_until
                     ^^^^^^^^^^^^^^^^^^^^^^
AttributeError: 'Member' object has no attribute 'timed_out_until'
Ignoring exception in on_member_update
Traceback (most recent call last):
  File "/usr/local/lib/python3.12/site-packages/discord/client.py", line 465, in _run_event
    await coro(*args, **kwargs)
  File "/app/asu_discord/cogs/analytics.py", line 652, in on_member_update
    before_timeout = before.timed_out_until
                     ^^^^^^^^^^^^^^^^^^^^^^
AttributeError: 'Member' object has no attribute 'timed_out_until'
Ignoring exception in on_member_update
Traceback (most recent call last):
  File "/usr/local/lib/python3.12/site-packages/discord/client.py", line 465, in _run_event
    await coro(*args, **kwargs)
  File "/app/asu_discord/cogs/analytics.py", line 652, in on_member_update
    before_timeout = before.timed_out_until
                     ^^^^^^^^^^^^^^^^^^^^^^
AttributeError: 'Member' object has no attribute 'timed_out_until'
Ignoring exception in on_member_update
Traceback (most recent call last):
  File "/usr/local/lib/python3.12/site-packages/discord/client.py", line 465, in _run_event
    await coro(*args, **kwargs)
  File "/app/asu_discord/cogs/analytics.py", line 652, in on_member_update
    before_timeout = before.timed_out_until
                     ^^^^^^^^^^^^^^^^^^^^^^
AttributeError: 'Member' object has no attribute 'timed_out_until'
Ignoring exception in on_member_update
Traceback (most recent call last):
  File "/usr/local/lib/python3.12/site-packages/discord/client.py", line 465, in _run_event
    await coro(*args, **kwargs)
  File "/app/asu_discord/cogs/analytics.py", line 652, in on_member_update
    before_timeout = before.timed_out_until
                     ^^^^^^^^^^^^^^^^^^^^^^
AttributeError: 'Member' object has no attribute 'timed_out_until'
Ignoring exception in on_member_update
Traceback (most recent call last):
  File "/usr/local/lib/python3.12/site-packages/discord/client.py", line 465, in _run_event
    await coro(*args, **kwargs)
  File "/app/asu_discord/cogs/analytics.py", line 652, in on_member_update
    before_timeout = before.timed_out_until
                     ^^^^^^^^^^^^^^^^^^^^^^
AttributeError: 'Member' object has no attribute 'timed_out_until'
Ignoring exception in on_member_update
Traceback (most recent call last):
  File "/usr/local/lib/python3.12/site-packages/discord/client.py", line 465, in _run_event
    await coro(*args, **kwargs)
  File "/app/asu_discord/cogs/analytics.py", line 652, in on_member_update
    before_timeout = before.timed_out_until
                     ^^^^^^^^^^^^^^^^^^^^^^
AttributeError: 'Member' object has no attribute 'timed_out_until'
INFO:asu_discord.cogs.verification:Saved 5 roles to database for user abaysal1 (Discord ID: 1496854693123457185)
INFO:asu_discord.cogs.verification:Refreshed Salesforce roles for Discord user 1496854693123457185: -5/+5 roles, assigned=[Commited, First Year, International Student, Ira A. Fulton Schools of Engineering, Tempe]
Ignoring exception in on_member_update
Traceback (most recent call last):
  File "/usr/local/lib/python3.12/site-packages/discord/client.py", line 465, in _run_event
    await coro(*args, **kwargs)
  File "/app/asu_discord/cogs/analytics.py", line 652, in on_member_update
    before_timeout = before.timed_out_until
                     ^^^^^^^^^^^^^^^^^^^^^^
AttributeError: 'Member' object has no attribute 'timed_out_until'
Ignoring exception in on_member_update
Traceback (most recent call last):
  File "/usr/local/lib/python3.12/site-packages/discord/client.py", line 465, in _run_event
    await coro(*args, **kwargs)
  File "/app/asu_discord/cogs/analytics.py", line 652, in on_member_update
    before_timeout = before.timed_out_until
                     ^^^^^^^^^^^^^^^^^^^^^^
AttributeError: 'Member' object has no attribute 'timed_out_until'
Ignoring exception in on_member_update
Traceback (most recent call last):
  File "/usr/local/lib/python3.12/site-packages/discord/client.py", line 465, in _run_event
    await coro(*args, **kwargs)
  File "/app/asu_discord/cogs/analytics.py", line 652, in on_member_update
    before_timeout = before.timed_out_until
                     ^^^^^^^^^^^^^^^^^^^^^^
AttributeError: 'Member' object has no attribute 'timed_out_until'
Ignoring exception in on_member_update
Traceback (most recent call last):
  File "/usr/local/lib/python3.12/site-packages/discord/client.py", line 465, in _run_event
    await coro(*args, **kwargs)
  File "/app/asu_discord/cogs/analytics.py", line 652, in on_member_update
    before_timeout = before.timed_out_until
                     ^^^^^^^^^^^^^^^^^^^^^^
AttributeError: 'Member' object has no attribute 'timed_out_until'
Ignoring exception in on_member_update
Traceback (most recent call last):
  File "/usr/local/lib/python3.12/site-packages/discord/client.py", line 465, in _run_event
    await coro(*args, **kwargs)
  File "/app/asu_discord/cogs/analytics.py", line 652, in on_member_update
    before_timeout = before.timed_out_until
                     ^^^^^^^^^^^^^^^^^^^^^^
AttributeError: 'Member' object has no attribute 'timed_out_until'
Ignoring exception in on_member_update
Traceback (most recent call last):
  File "/usr/local/lib/python3.12/site-packages/discord/client.py", line 465, in _run_event
    await coro(*args, **kwargs)
  File "/app/asu_discord/cogs/analytics.py", line 652, in on_member_update
    before_timeout = before.timed_out_until
                     ^^^^^^^^^^^^^^^^^^^^^^
AttributeError: 'Member' object has no attribute 'timed_out_until'
Ignoring exception in on_member_update
Traceback (most recent call last):
  File "/usr/local/lib/python3.12/site-packages/discord/client.py", line 465, in _run_event
    await coro(*args, **kwargs)
  File "/app/asu_discord/cogs/analytics.py", line 652, in on_member_update
    before_timeout = before.timed_out_until
                     ^^^^^^^^^^^^^^^^^^^^^^
AttributeError: 'Member' object has no attribute 'timed_out_until'
Ignoring exception in on_member_update
Traceback (most recent call last):
  File "/usr/local/lib/python3.12/site-packages/discord/client.py", line 465, in _run_event
    await coro(*args, **kwargs)
  File "/app/asu_discord/cogs/analytics.py", line 652, in on_member_update
    before_timeout = before.timed_out_until
                     ^^^^^^^^^^^^^^^^^^^^^^
AttributeError: 'Member' object has no attribute 'timed_out_until'
INFO:asu_discord.cogs.verification:Saved 5 roles to database for user armackli (Discord ID: 585671283228934144)
INFO:asu_discord.cogs.verification:Refreshed Salesforce roles for Discord user 585671283228934144: -3/+5 roles, assigned=[Commited, New College of Interdisciplinary Arts and Sciences, Out of State, Transfer Student, West Valley]
Ignoring exception in on_member_update
Traceback (most recent call last):
  File "/usr/local/lib/python3.12/site-packages/discord/client.py", line 465, in _run_event
    await coro(*args, **kwargs)
  File "/app/asu_discord/cogs/analytics.py", line 652, in on_member_update
    before_timeout = before.timed_out_until
                     ^^^^^^^^^^^^^^^^^^^^^^
AttributeError: 'Member' object has no attribute 'timed_out_until'
Ignoring exception in on_member_update
Traceback (most recent call last):
  File "/usr/local/lib/python3.12/site-packages/discord/client.py", line 465, in _run_event
    await coro(*args, **kwargs)
  File "/app/asu_discord/cogs/analytics.py", line 652, in on_member_update
    before_timeout = before.timed_out_until
                     ^^^^^^^^^^^^^^^^^^^^^^
AttributeError: 'Member' object has no attribute 'timed_out_until'
Ignoring exception in on_member_update
Traceback (most recent call last):
  File "/usr/local/lib/python3.12/site-packages/discord/client.py", line 465, in _run_event
    await coro(*args, **kwargs)
  File "/app/asu_discord/cogs/analytics.py", line 652, in on_member_update
    before_timeout = before.timed_out_until
                     ^^^^^^^^^^^^^^^^^^^^^^
AttributeError: 'Member' object has no attribute 'timed_out_until'
Ignoring exception in on_member_update
Traceback (most recent call last):
  File "/usr/local/lib/python3.12/site-packages/discord/client.py", line 465, in _run_event
    await coro(*args, **kwargs)
  File "/app/asu_discord/cogs/analytics.py", line 652, in on_member_update
    before_timeout = before.timed_out_until
                     ^^^^^^^^^^^^^^^^^^^^^^
AttributeError: 'Member' object has no attribute 'timed_out_until'
Ignoring exception in on_member_update
Traceback (most recent call last):
  File "/usr/local/lib/python3.12/site-packages/discord/client.py", line 465, in _run_event
    await coro(*args, **kwargs)
  File "/app/asu_discord/cogs/analytics.py", line 652, in on_member_update
    before_timeout = before.timed_out_until
                     ^^^^^^^^^^^^^^^^^^^^^^
AttributeError: 'Member' object has no attribute 'timed_out_until'
Ignoring exception in on_member_update
Traceback (most recent call last):
  File "/usr/local/lib/python3.12/site-packages/discord/client.py", line 465, in _run_event
    await coro(*args, **kwargs)
  File "/app/asu_discord/cogs/analytics.py", line 652, in on_member_update
    before_timeout = before.timed_out_until
                     ^^^^^^^^^^^^^^^^^^^^^^
AttributeError: 'Member' object has no attribute 'timed_out_until'
Ignoring exception in on_member_update
Traceback (most recent call last):
  File "/usr/local/lib/python3.12/site-packages/discord/client.py", line 465, in _run_event
    await coro(*args, **kwargs)
  File "/app/asu_discord/cogs/analytics.py", line 652, in on_member_update
    before_timeout = before.timed_out_until
                     ^^^^^^^^^^^^^^^^^^^^^^
AttributeError: 'Member' object has no attribute 'timed_out_until'
Ignoring exception in on_member_update
Traceback (most recent call last):
  File "/usr/local/lib/python3.12/site-packages/discord/client.py", line 465, in _run_event
    await coro(*args, **kwargs)
  File "/app/asu_discord/cogs/analytics.py", line 652, in on_member_update
    before_timeout = before.timed_out_until
                     ^^^^^^^^^^^^^^^^^^^^^^
AttributeError: 'Member' object has no attribute 'timed_out_until'
Ignoring exception in on_member_update
Traceback (most recent call last):
  File "/usr/local/lib/python3.12/site-packages/discord/client.py", line 465, in _run_event
    await coro(*args, **kwargs)
  File "/app/asu_discord/cogs/analytics.py", line 652, in on_member_update
    before_timeout = before.timed_out_until
                     ^^^^^^^^^^^^^^^^^^^^^^
AttributeError: 'Member' object has no attribute 'timed_out_until'
Ignoring exception in on_member_update
Traceback (most recent call last):
  File "/usr/local/lib/python3.12/site-packages/discord/client.py", line 465, in _run_event
    await coro(*args, **kwargs)
  File "/app/asu_discord/cogs/analytics.py", line 652, in on_member_update
    before_timeout = before.timed_out_until
                     ^^^^^^^^^^^^^^^^^^^^^^
AttributeError: 'Member' object has no attribute 'timed_out_until'
INFO:asu_discord.cogs.verification:Saved 5 roles to database for user syarla20 (Discord ID: 1366699516085928037)
INFO:asu_discord.cogs.verification:Refreshed Salesforce roles for Discord user 1366699516085928037: -5/+5 roles, assigned=[Commited, First Year, Out of State, W.P. Carey School of Business, West Valley]
Ignoring exception in on_member_update
Traceback (most recent call last):
  File "/usr/local/lib/python3.12/site-packages/discord/client.py", line 465, in _run_event
    await coro(*args, **kwargs)
  File "/app/asu_discord/cogs/analytics.py", line 652, in on_member_update
    before_timeout = before.timed_out_until
                     ^^^^^^^^^^^^^^^^^^^^^^
AttributeError: 'Member' object has no attribute 'timed_out_until'
Ignoring exception in on_member_update
Traceback (most recent call last):
  File "/usr/local/lib/python3.12/site-packages/discord/client.py", line 465, in _run_event
    await coro(*args, **kwargs)
  File "/app/asu_discord/cogs/analytics.py", line 652, in on_member_update
    before_timeout = before.timed_out_until
                     ^^^^^^^^^^^^^^^^^^^^^^
AttributeError: 'Member' object has no attribute 'timed_out_until'
INFO:asu_discord.cogs.verification:Saved 1 roles to database for user dwstaple (Discord ID: 889683436846084096)
INFO:asu_discord.cogs.verification:Refreshed Salesforce roles for Discord user 889683436846084096: -1/+1 roles, assigned=[Arizona Resident]
ERROR:cron.jobs:refresh_salesforce_roles: failed for ashah300 (Discord ID 757517830420955166): Failed to refresh Salesforce-based roles: Discord user 757517830420955166 is not a member of the guild
Ignoring exception in on_member_update
Traceback (most recent call last):
  File "/usr/local/lib/python3.12/site-packages/discord/client.py", line 465, in _run_event
    await coro(*args, **kwargs)
  File "/app/asu_discord/cogs/analytics.py", line 652, in on_member_update
    before_timeout = before.timed_out_until
                     ^^^^^^^^^^^^^^^^^^^^^^
AttributeError: 'Member' object has no attribute 'timed_out_until'
Ignoring exception in on_member_update
Traceback (most recent call last):
  File "/usr/local/lib/python3.12/site-packages/discord/client.py", line 465, in _run_event
    await coro(*args, **kwargs)
  File "/app/asu_discord/cogs/analytics.py", line 652, in on_member_update
    before_timeout = before.timed_out_until
                     ^^^^^^^^^^^^^^^^^^^^^^
AttributeError: 'Member' object has no attribute 'timed_out_until'
Ignoring exception in on_member_update
Traceback (most recent call last):
  File "/usr/local/lib/python3.12/site-packages/discord/client.py", line 465, in _run_event
    await coro(*args, **kwargs)
  File "/app/asu_discord/cogs/analytics.py", line 652, in on_member_update
    before_timeout = before.timed_out_until
                     ^^^^^^^^^^^^^^^^^^^^^^
AttributeError: 'Member' object has no attribute 'timed_out_until'
Ignoring exception in on_member_update
Traceback (most recent call last):
  File "/usr/local/lib/python3.12/site-packages/discord/client.py", line 465, in _run_event
    await coro(*args, **kwargs)
  File "/app/asu_discord/cogs/analytics.py", line 652, in on_member_update
    before_timeout = before.timed_out_until
                     ^^^^^^^^^^^^^^^^^^^^^^
AttributeError: 'Member' object has no attribute 'timed_out_until'
Ignoring exception in on_member_update
Traceback (most recent call last):
  File "/usr/local/lib/python3.12/site-packages/discord/client.py", line 465, in _run_event
    await coro(*args, **kwargs)
  File "/app/asu_discord/cogs/analytics.py", line 652, in on_member_update
    before_timeout = before.timed_out_until
                     ^^^^^^^^^^^^^^^^^^^^^^
AttributeError: 'Member' object has no attribute 'timed_out_until'
Ignoring exception in on_member_update
Traceback (most recent call last):
  File "/usr/local/lib/python3.12/site-packages/discord/client.py", line 465, in _run_event
    await coro(*args, **kwargs)
  File "/app/asu_discord/cogs/analytics.py", line 652, in on_member_update
    before_timeout = before.timed_out_until
                     ^^^^^^^^^^^^^^^^^^^^^^
AttributeError: 'Member' object has no attribute 'timed_out_until'
Ignoring exception in on_member_update
Traceback (most recent call last):
  File "/usr/local/lib/python3.12/site-packages/discord/client.py", line 465, in _run_event
    await coro(*args, **kwargs)
  File "/app/asu_discord/cogs/analytics.py", line 652, in on_member_update
    before_timeout = before.timed_out_until
                     ^^^^^^^^^^^^^^^^^^^^^^
AttributeError: 'Member' object has no attribute 'timed_out_until'
Ignoring exception in on_member_update
Traceback (most recent call last):
  File "/usr/local/lib/python3.12/site-packages/discord/client.py", line 465, in _run_event
    await coro(*args, **kwargs)
  File "/app/asu_discord/cogs/analytics.py", line 652, in on_member_update
    before_timeout = before.timed_out_until
                     ^^^^^^^^^^^^^^^^^^^^^^
AttributeError: 'Member' object has no attribute 'timed_out_until'
Ignoring exception in on_member_update
Traceback (most recent call last):
  File "/usr/local/lib/python3.12/site-packages/discord/client.py", line 465, in _run_event
    await coro(*args, **kwargs)
  File "/app/asu_discord/cogs/analytics.py", line 652, in on_member_update
    before_timeout = before.timed_out_until
                     ^^^^^^^^^^^^^^^^^^^^^^
AttributeError: 'Member' object has no attribute 'timed_out_until'
Ignoring exception in on_member_update
Traceback (most recent call last):
  File "/usr/local/lib/python3.12/site-packages/discord/client.py", line 465, in _run_event
    await coro(*args, **kwargs)
  File "/app/asu_discord/cogs/analytics.py", line 652, in on_member_update
    before_timeout = before.timed_out_until
                     ^^^^^^^^^^^^^^^^^^^^^^
AttributeError: 'Member' object has no attribute 'timed_out_until'
ERROR:cron.jobs:refresh_salesforce_roles: failed for kigillil (Discord ID 1495972196294852619): Timed out refresh Salesforce-based roles
Ignoring exception in on_member_update
Traceback (most recent call last):
  File "/usr/local/lib/python3.12/site-packages/discord/client.py", line 465, in _run_event
    await coro(*args, **kwargs)
  File "/app/asu_discord/cogs/analytics.py", line 652, in on_member_update
    before_timeout = before.timed_out_until
                     ^^^^^^^^^^^^^^^^^^^^^^
AttributeError: 'Member' object has no attribute 'timed_out_until'
Ignoring exception in on_member_update
Traceback (most recent call last):
  File "/usr/local/lib/python3.12/site-packages/discord/client.py", line 465, in _run_event
    await coro(*args, **kwargs)
  File "/app/asu_discord/cogs/analytics.py", line 652, in on_member_update
    before_timeout = before.timed_out_until
                     ^^^^^^^^^^^^^^^^^^^^^^
AttributeError: 'Member' object has no attribute 'timed_out_until'
Ignoring exception in on_member_update
Traceback (most recent call last):
  File "/usr/local/lib/python3.12/site-packages/discord/client.py", line 465, in _run_event
    await coro(*args, **kwargs)
  File "/app/asu_discord/cogs/analytics.py", line 652, in on_member_update
    before_timeout = before.timed_out_until
                     ^^^^^^^^^^^^^^^^^^^^^^
AttributeError: 'Member' object has no attribute 'timed_out_until'
Ignoring exception in on_member_update
Traceback (most recent call last):
  File "/usr/local/lib/python3.12/site-packages/discord/client.py", line 465, in _run_event
    await coro(*args, **kwargs)
  File "/app/asu_discord/cogs/analytics.py", line 652, in on_member_update
    before_timeout = before.timed_out_until
                     ^^^^^^^^^^^^^^^^^^^^^^
AttributeError: 'Member' object has no attribute 'timed_out_until'
Ignoring exception in on_member_update
Traceback (most recent call last):
  File "/usr/local/lib/python3.12/site-packages/discord/client.py", line 465, in _run_event
    await coro(*args, **kwargs)
  File "/app/asu_discord/cogs/analytics.py", line 652, in on_member_update
    before_timeout = before.timed_out_until
                     ^^^^^^^^^^^^^^^^^^^^^^
AttributeError: 'Member' object has no attribute 'timed_out_until'
Ignoring exception in on_member_update
Traceback (most recent call last):
  File "/usr/local/lib/python3.12/site-packages/discord/client.py", line 465, in _run_event
    await coro(*args, **kwargs)
  File "/app/asu_discord/cogs/analytics.py", line 652, in on_member_update
    before_timeout = before.timed_out_until
                     ^^^^^^^^^^^^^^^^^^^^^^
AttributeError: 'Member' object has no attribute 'timed_out_until'
Ignoring exception in on_member_update
Traceback (most recent call last):
  File "/usr/local/lib/python3.12/site-packages/discord/client.py", line 465, in _run_event
    await coro(*args, **kwargs)
  File "/app/asu_discord/cogs/analytics.py", line 652, in on_member_update
    before_timeout = before.timed_out_until
                     ^^^^^^^^^^^^^^^^^^^^^^
AttributeError: 'Member' object has no attribute 'timed_out_until'
Ignoring exception in on_member_update
Traceback (most recent call last):
  File "/usr/local/lib/python3.12/site-packages/discord/client.py", line 465, in _run_event
    await coro(*args, **kwargs)
  File "/app/asu_discord/cogs/analytics.py", line 652, in on_member_update
    before_timeout = before.timed_out_until
                     ^^^^^^^^^^^^^^^^^^^^^^
AttributeError: 'Member' object has no attribute 'timed_out_until'
Ignoring exception in on_member_update
Traceback (most recent call last):
  File "/usr/local/lib/python3.12/site-packages/discord/client.py", line 465, in _run_event
    await coro(*args, **kwargs)
  File "/app/asu_discord/cogs/analytics.py", line 652, in on_member_update
    before_timeout = before.timed_out_until
                     ^^^^^^^^^^^^^^^^^^^^^^
AttributeError: 'Member' object has no attribute 'timed_out_until'
INFO:asu_discord.cogs.verification:Saved 5 roles to database for user itolk (Discord ID: 467764014525448222)
INFO:asu_discord.cogs.verification:Refreshed Salesforce roles for Discord user 467764014525448222: -5/+4 roles, assigned=[Commited, Out of State, Tempe, Transfer Student, W.P. Carey School of Business]
Ignoring exception in on_member_update
Traceback (most recent call last):
  File "/usr/local/lib/python3.12/site-packages/discord/client.py", line 465, in _run_event
    await coro(*args, **kwargs)
  File "/app/asu_discord/cogs/analytics.py", line 652, in on_member_update
    before_timeout = before.timed_out_until
                     ^^^^^^^^^^^^^^^^^^^^^^
AttributeError: 'Member' object has no attribute 'timed_out_until'
Ignoring exception in on_member_update
Traceback (most recent call last):
  File "/usr/local/lib/python3.12/site-packages/discord/client.py", line 465, in _run_event
    await coro(*args, **kwargs)
  File "/app/asu_discord/cogs/analytics.py", line 652, in on_member_update
    before_timeout = before.timed_out_until
                     ^^^^^^^^^^^^^^^^^^^^^^
AttributeError: 'Member' object has no attribute 'timed_out_until'
Ignoring exception in on_member_update
Traceback (most recent call last):
  File "/usr/local/lib/python3.12/site-packages/discord/client.py", line 465, in _run_event
    await coro(*args, **kwargs)
  File "/app/asu_discord/cogs/analytics.py", line 652, in on_member_update
    before_timeout = before.timed_out_until
                     ^^^^^^^^^^^^^^^^^^^^^^
AttributeError: 'Member' object has no attribute 'timed_out_until'
Ignoring exception in on_member_update
Traceback (most recent call last):
  File "/usr/local/lib/python3.12/site-packages/discord/client.py", line 465, in _run_event
    await coro(*args, **kwargs)
  File "/app/asu_discord/cogs/analytics.py", line 652, in on_member_update
    before_timeout = before.timed_out_until
                     ^^^^^^^^^^^^^^^^^^^^^^
AttributeError: 'Member' object has no attribute 'timed_out_until'
Ignoring exception in on_member_update
Traceback (most recent call last):
  File "/usr/local/lib/python3.12/site-packages/discord/client.py", line 465, in _run_event
    await coro(*args, **kwargs)
  File "/app/asu_discord/cogs/analytics.py", line 652, in on_member_update
    before_timeout = before.timed_out_until
                     ^^^^^^^^^^^^^^^^^^^^^^
AttributeError: 'Member' object has no attribute 'timed_out_until'
Ignoring exception in on_member_update
Traceback (most recent call last):
  File "/usr/local/lib/python3.12/site-packages/discord/client.py", line 465, in _run_event
    await coro(*args, **kwargs)
  File "/app/asu_discord/cogs/analytics.py", line 652, in on_member_update
    before_timeout = before.timed_out_until
                     ^^^^^^^^^^^^^^^^^^^^^^
AttributeError: 'Member' object has no attribute 'timed_out_until'
Ignoring exception in on_member_update
Traceback (most recent call last):
  File "/usr/local/lib/python3.12/site-packages/discord/client.py", line 465, in _run_event
    await coro(*args, **kwargs)
  File "/app/asu_discord/cogs/analytics.py", line 652, in on_member_update
    before_timeout = before.timed_out_until
                     ^^^^^^^^^^^^^^^^^^^^^^
AttributeError: 'Member' object has no attribute 'timed_out_until'
INFO:asu_discord.cogs.verification:Saved 4 roles to database for user gnriver3 (Discord ID: 746486009629376523)
INFO:asu_discord.cogs.verification:Refreshed Salesforce roles for Discord user 746486009629376523: -4/+3 roles, assigned=[Herberger Institute for Design and the Arts, Out of State, Tempe, Transfer Student]
Ignoring exception in on_member_update
Traceback (most recent call last):
  File "/usr/local/lib/python3.12/site-packages/discord/client.py", line 465, in _run_event
    await coro(*args, **kwargs)
  File "/app/asu_discord/cogs/analytics.py", line 652, in on_member_update
    before_timeout = before.timed_out_until
                     ^^^^^^^^^^^^^^^^^^^^^^
AttributeError: 'Member' object has no attribute 'timed_out_until'
Ignoring exception in on_member_update
Traceback (most recent call last):
  File "/usr/local/lib/python3.12/site-packages/discord/client.py", line 465, in _run_event
    await coro(*args, **kwargs)
  File "/app/asu_discord/cogs/analytics.py", line 652, in on_member_update
    before_timeout = before.timed_out_until
                     ^^^^^^^^^^^^^^^^^^^^^^
AttributeError: 'Member' object has no attribute 'timed_out_until'
Ignoring exception in on_member_update
Traceback (most recent call last):
  File "/usr/local/lib/python3.12/site-packages/discord/client.py", line 465, in _run_event
    await coro(*args, **kwargs)
  File "/app/asu_discord/cogs/analytics.py", line 652, in on_member_update
    before_timeout = before.timed_out_until
                     ^^^^^^^^^^^^^^^^^^^^^^
AttributeError: 'Member' object has no attribute 'timed_out_until'
Ignoring exception in on_member_update
Traceback (most recent call last):
  File "/usr/local/lib/python3.12/site-packages/discord/client.py", line 465, in _run_event
    await coro(*args, **kwargs)
  File "/app/asu_discord/cogs/analytics.py", line 652, in on_member_update
    before_timeout = before.timed_out_until
                     ^^^^^^^^^^^^^^^^^^^^^^
AttributeError: 'Member' object has no attribute 'timed_out_until'
Ignoring exception in on_member_update
Traceback (most recent call last):
  File "/usr/local/lib/python3.12/site-packages/discord/client.py", line 465, in _run_event
    await coro(*args, **kwargs)
  File "/app/asu_discord/cogs/analytics.py", line 652, in on_member_update
    before_timeout = before.timed_out_until
                     ^^^^^^^^^^^^^^^^^^^^^^
AttributeError: 'Member' object has no attribute 'timed_out_until'
Ignoring exception in on_member_update
Traceback (most recent call last):
  File "/usr/local/lib/python3.12/site-packages/discord/client.py", line 465, in _run_event
    await coro(*args, **kwargs)
  File "/app/asu_discord/cogs/analytics.py", line 652, in on_member_update
    before_timeout = before.timed_out_until
                     ^^^^^^^^^^^^^^^^^^^^^^
AttributeError: 'Member' object has no attribute 'timed_out_until'
Ignoring exception in on_member_update
Traceback (most recent call last):
  File "/usr/local/lib/python3.12/site-packages/discord/client.py", line 465, in _run_event
    await coro(*args, **kwargs)
  File "/app/asu_discord/cogs/analytics.py", line 652, in on_member_update
    before_timeout = before.timed_out_until
                     ^^^^^^^^^^^^^^^^^^^^^^
AttributeError: 'Member' object has no attribute 'timed_out_until'
Ignoring exception in on_member_update
Traceback (most recent call last):
  File "/usr/local/lib/python3.12/site-packages/discord/client.py", line 465, in _run_event
    await coro(*args, **kwargs)
  File "/app/asu_discord/cogs/analytics.py", line 652, in on_member_update
    before_timeout = before.timed_out_until
                     ^^^^^^^^^^^^^^^^^^^^^^
AttributeError: 'Member' object has no attribute 'timed_out_until'
Ignoring exception in on_member_update
Traceback (most recent call last):
  File "/usr/local/lib/python3.12/site-packages/discord/client.py", line 465, in _run_event
    await coro(*args, **kwargs)
  File "/app/asu_discord/cogs/analytics.py", line 652, in on_member_update
    before_timeout = before.timed_out_until
                     ^^^^^^^^^^^^^^^^^^^^^^
AttributeError: 'Member' object has no attribute 'timed_out_until'
Ignoring exception in on_member_update
Traceback (most recent call last):
  File "/usr/local/lib/python3.12/site-packages/discord/client.py", line 465, in _run_event
    await coro(*args, **kwargs)
  File "/app/asu_discord/cogs/analytics.py", line 652, in on_member_update
    before_timeout = before.timed_out_until
                     ^^^^^^^^^^^^^^^^^^^^^^
AttributeError: 'Member' object has no attribute 'timed_out_until'
Ignoring exception in on_member_update
Traceback (most recent call last):
  File "/usr/local/lib/python3.12/site-packages/discord/client.py", line 465, in _run_event
    await coro(*args, **kwargs)
  File "/app/asu_discord/cogs/analytics.py", line 652, in on_member_update
    before_timeout = before.timed_out_until
                     ^^^^^^^^^^^^^^^^^^^^^^
AttributeError: 'Member' object has no attribute 'timed_out_until'
Ignoring exception in on_member_update
Traceback (most recent call last):
  File "/usr/local/lib/python3.12/site-packages/discord/client.py", line 465, in _run_event
    await coro(*args, **kwargs)
  File "/app/asu_discord/cogs/analytics.py", line 652, in on_member_update
    before_timeout = before.timed_out_until
                     ^^^^^^^^^^^^^^^^^^^^^^
AttributeError: 'Member' object has no attribute 'timed_out_until'
Ignoring exception in on_member_update
Traceback (most recent call last):
  File "/usr/local/lib/python3.12/site-packages/discord/client.py", line 465, in _run_event
    await coro(*args, **kwargs)
  File "/app/asu_discord/cogs/analytics.py", line 652, in on_member_update
    before_timeout = before.timed_out_until
                     ^^^^^^^^^^^^^^^^^^^^^^
AttributeError: 'Member' object has no attribute 'timed_out_until'
INFO:asu_discord.cogs.verification:Saved 7 roles to database for user eyperez2 (Discord ID: 515731427451600906)
INFO:asu_discord.cogs.verification:Refreshed Salesforce roles for Discord user 515731427451600906: -6/+7 roles, assigned=[Arizona Resident, Commited, First Generation Student, Graduate Student, Ira A. Fulton Schools of Engineering, Polytechnic, Tempe]
Ignoring exception in on_member_update
Traceback (most recent call last):
  File "/usr/local/lib/python3.12/site-packages/discord/client.py", line 465, in _run_event
    await coro(*args, **kwargs)
  File "/app/asu_discord/cogs/analytics.py", line 652, in on_member_update
    before_timeout = before.timed_out_until
                     ^^^^^^^^^^^^^^^^^^^^^^
AttributeError: 'Member' object has no attribute 'timed_out_until'
Ignoring exception in on_member_update
Traceback (most recent call last):
  File "/usr/local/lib/python3.12/site-packages/discord/client.py", line 465, in _run_event
    await coro(*args, **kwargs)
  File "/app/asu_discord/cogs/analytics.py", line 652, in on_member_update
    before_timeout = before.timed_out_until
                     ^^^^^^^^^^^^^^^^^^^^^^
AttributeError: 'Member' object has no attribute 'timed_out_until'
Ignoring exception in on_member_update
Traceback (most recent call last):
  File "/usr/local/lib/python3.12/site-packages/discord/client.py", line 465, in _run_event
    await coro(*args, **kwargs)
  File "/app/asu_discord/cogs/analytics.py", line 652, in on_member_update
    before_timeout = before.timed_out_until
                     ^^^^^^^^^^^^^^^^^^^^^^
AttributeError: 'Member' object has no attribute 'timed_out_until'
Ignoring exception in on_member_update
Traceback (most recent call last):
  File "/usr/local/lib/python3.12/site-packages/discord/client.py", line 465, in _run_event
    await coro(*args, **kwargs)
  File "/app/asu_discord/cogs/analytics.py", line 652, in on_member_update
    before_timeout = before.timed_out_until
                     ^^^^^^^^^^^^^^^^^^^^^^
AttributeError: 'Member' object has no attribute 'timed_out_until'
Ignoring exception in on_member_update
Traceback (most recent call last):
  File "/usr/local/lib/python3.12/site-packages/discord/client.py", line 465, in _run_event
    await coro(*args, **kwargs)
  File "/app/asu_discord/cogs/analytics.py", line 652, in on_member_update
    before_timeout = before.timed_out_until
                     ^^^^^^^^^^^^^^^^^^^^^^
AttributeError: 'Member' object has no attribute 'timed_out_until'
Ignoring exception in on_member_update
Traceback (most recent call last):
  File "/usr/local/lib/python3.12/site-packages/discord/client.py", line 465, in _run_event
    await coro(*args, **kwargs)
  File "/app/asu_discord/cogs/analytics.py", line 652, in on_member_update
    before_timeout = before.timed_out_until
                     ^^^^^^^^^^^^^^^^^^^^^^
AttributeError: 'Member' object has no attribute 'timed_out_until'
Ignoring exception in on_member_update
Traceback (most recent call last):
  File "/usr/local/lib/python3.12/site-packages/discord/client.py", line 465, in _run_event
    await coro(*args, **kwargs)
  File "/app/asu_discord/cogs/analytics.py", line 652, in on_member_update
    before_timeout = before.timed_out_until
                     ^^^^^^^^^^^^^^^^^^^^^^
AttributeError: 'Member' object has no attribute 'timed_out_until'
Ignoring exception in on_member_update
Traceback (most recent call last):
  File "/usr/local/lib/python3.12/site-packages/discord/client.py", line 465, in _run_event
    await coro(*args, **kwargs)
  File "/app/asu_discord/cogs/analytics.py", line 652, in on_member_update
    before_timeout = before.timed_out_until
                     ^^^^^^^^^^^^^^^^^^^^^^
AttributeError: 'Member' object has no attribute 'timed_out_until'
Ignoring exception in on_member_update
Traceback (most recent call last):
  File "/usr/local/lib/python3.12/site-packages/discord/client.py", line 465, in _run_event
    await coro(*args, **kwargs)
  File "/app/asu_discord/cogs/analytics.py", line 652, in on_member_update
    before_timeout = before.timed_out_until
                     ^^^^^^^^^^^^^^^^^^^^^^
AttributeError: 'Member' object has no attribute 'timed_out_until'
INFO:asu_discord.cogs.verification:Saved 5 roles to database for user klbowshe (Discord ID: 450845423490301963)
INFO:asu_discord.cogs.verification:Refreshed Salesforce roles for Discord user 450845423490301963: -5/+4 roles, assigned=[Arizona Resident, Commited, First Year, Mary Lou Fulton Teachers College, Tempe]
Ignoring exception in on_member_update
Traceback (most recent call last):
  File "/usr/local/lib/python3.12/site-packages/discord/client.py", line 465, in _run_event
    await coro(*args, **kwargs)
  File "/app/asu_discord/cogs/analytics.py", line 652, in on_member_update
    before_timeout = before.timed_out_until
                     ^^^^^^^^^^^^^^^^^^^^^^
AttributeError: 'Member' object has no attribute 'timed_out_until'
Ignoring exception in on_member_update
Traceback (most recent call last):
  File "/usr/local/lib/python3.12/site-packages/discord/client.py", line 465, in _run_event
    await coro(*args, **kwargs)
  File "/app/asu_discord/cogs/analytics.py", line 652, in on_member_update
    before_timeout = before.timed_out_until
                     ^^^^^^^^^^^^^^^^^^^^^^
AttributeError: 'Member' object has no attribute 'timed_out_until'
Ignoring exception in on_member_update
Traceback (most recent call last):
  File "/usr/local/lib/python3.12/site-packages/discord/client.py", line 465, in _run_event
    await coro(*args, **kwargs)
  File "/app/asu_discord/cogs/analytics.py", line 652, in on_member_update
    before_timeout = before.timed_out_until
                     ^^^^^^^^^^^^^^^^^^^^^^
AttributeError: 'Member' object has no attribute 'timed_out_until'
Ignoring exception in on_member_update
Traceback (most recent call last):
  File "/usr/local/lib/python3.12/site-packages/discord/client.py", line 465, in _run_event
    await coro(*args, **kwargs)
  File "/app/asu_discord/cogs/analytics.py", line 652, in on_member_update
    before_timeout = before.timed_out_until
                     ^^^^^^^^^^^^^^^^^^^^^^
AttributeError: 'Member' object has no attribute 'timed_out_until'
Ignoring exception in on_member_update
Traceback (most recent call last):
  File "/usr/local/lib/python3.12/site-packages/discord/client.py", line 465, in _run_event
    await coro(*args, **kwargs)
  File "/app/asu_discord/cogs/analytics.py", line 652, in on_member_update
    before_timeout = before.timed_out_until
                     ^^^^^^^^^^^^^^^^^^^^^^
AttributeError: 'Member' object has no attribute 'timed_out_until'
Ignoring exception in on_member_update
Traceback (most recent call last):
  File "/usr/local/lib/python3.12/site-packages/discord/client.py", line 465, in _run_event
    await coro(*args, **kwargs)
  File "/app/asu_discord/cogs/analytics.py", line 652, in on_member_update
    before_timeout = before.timed_out_until
                     ^^^^^^^^^^^^^^^^^^^^^^
AttributeError: 'Member' object has no attribute 'timed_out_until'
Ignoring exception in on_member_update
Traceback (most recent call last):
  File "/usr/local/lib/python3.12/site-packages/discord/client.py", line 465, in _run_event
    await coro(*args, **kwargs)
  File "/app/asu_discord/cogs/analytics.py", line 652, in on_member_update
    before_timeout = before.timed_out_until
                     ^^^^^^^^^^^^^^^^^^^^^^
AttributeError: 'Member' object has no attribute 'timed_out_until'
Ignoring exception in on_member_update
Traceback (most recent call last):
  File "/usr/local/lib/python3.12/site-packages/discord/client.py", line 465, in _run_event
    await coro(*args, **kwargs)
  File "/app/asu_discord/cogs/analytics.py", line 652, in on_member_update
    before_timeout = before.timed_out_until
                     ^^^^^^^^^^^^^^^^^^^^^^
AttributeError: 'Member' object has no attribute 'timed_out_until'
Ignoring exception in on_member_update
Traceback (most recent call last):
  File "/usr/local/lib/python3.12/site-packages/discord/client.py", line 465, in _run_event
    await coro(*args, **kwargs)
  File "/app/asu_discord/cogs/analytics.py", line 652, in on_member_update
    before_timeout = before.timed_out_until
                     ^^^^^^^^^^^^^^^^^^^^^^
AttributeError: 'Member' object has no attribute 'timed_out_until'
Ignoring exception in on_member_update
Traceback (most recent call last):
  File "/usr/local/lib/python3.12/site-packages/discord/client.py", line 465, in _run_event
    await coro(*args, **kwargs)
  File "/app/asu_discord/cogs/analytics.py", line 652, in on_member_update
    before_timeout = before.timed_out_until
                     ^^^^^^^^^^^^^^^^^^^^^^
AttributeError: 'Member' object has no attribute 'timed_out_until'
INFO:asu_discord.cogs.verification:Saved 5 roles to database for user spsebold (Discord ID: 711071873638858762)
INFO:asu_discord.cogs.verification:Refreshed Salesforce roles for Discord user 711071873638858762: -5/+5 roles, assigned=[Arizona Resident, Commited, First Year, Ira A. Fulton Schools of Engineering, Tempe]
Ignoring exception in on_member_update
Traceback (most recent call last):
  File "/usr/local/lib/python3.12/site-packages/discord/client.py", line 465, in _run_event
    await coro(*args, **kwargs)
  File "/app/asu_discord/cogs/analytics.py", line 652, in on_member_update
    before_timeout = before.timed_out_until
                     ^^^^^^^^^^^^^^^^^^^^^^
AttributeError: 'Member' object has no attribute 'timed_out_until'
Ignoring exception in on_member_update
Traceback (most recent call last):
  File "/usr/local/lib/python3.12/site-packages/discord/client.py", line 465, in _run_event
    await coro(*args, **kwargs)
  File "/app/asu_discord/cogs/analytics.py", line 652, in on_member_update
    before_timeout = before.timed_out_until
                     ^^^^^^^^^^^^^^^^^^^^^^
AttributeError: 'Member' object has no attribute 'timed_out_until'
Ignoring exception in on_member_update
Traceback (most recent call last):
  File "/usr/local/lib/python3.12/site-packages/discord/client.py", line 465, in _run_event
    await coro(*args, **kwargs)
  File "/app/asu_discord/cogs/analytics.py", line 652, in on_member_update
    before_timeout = before.timed_out_until
                     ^^^^^^^^^^^^^^^^^^^^^^
AttributeError: 'Member' object has no attribute 'timed_out_until'
Ignoring exception in on_member_update
Traceback (most recent call last):
  File "/usr/local/lib/python3.12/site-packages/discord/client.py", line 465, in _run_event
    await coro(*args, **kwargs)
  File "/app/asu_discord/cogs/analytics.py", line 652, in on_member_update
    before_timeout = before.timed_out_until
                     ^^^^^^^^^^^^^^^^^^^^^^
AttributeError: 'Member' object has no attribute 'timed_out_until'
Ignoring exception in on_member_update
Traceback (most recent call last):
  File "/usr/local/lib/python3.12/site-packages/discord/client.py", line 465, in _run_event
    await coro(*args, **kwargs)
  File "/app/asu_discord/cogs/analytics.py", line 652, in on_member_update
    before_timeout = before.timed_out_until
                     ^^^^^^^^^^^^^^^^^^^^^^
AttributeError: 'Member' object has no attribute 'timed_out_until'
Ignoring exception in on_member_update
Traceback (most recent call last):
  File "/usr/local/lib/python3.12/site-packages/discord/client.py", line 465, in _run_event
    await coro(*args, **kwargs)
  File "/app/asu_discord/cogs/analytics.py", line 652, in on_member_update
    before_timeout = before.timed_out_until
                     ^^^^^^^^^^^^^^^^^^^^^^
AttributeError: 'Member' object has no attribute 'timed_out_until'
Ignoring exception in on_member_update
Traceback (most recent call last):
  File "/usr/local/lib/python3.12/site-packages/discord/client.py", line 465, in _run_event
    await coro(*args, **kwargs)
  File "/app/asu_discord/cogs/analytics.py", line 652, in on_member_update
    before_timeout = before.timed_out_until
                     ^^^^^^^^^^^^^^^^^^^^^^
AttributeError: 'Member' object has no attribute 'timed_out_until'
Ignoring exception in on_member_update
Traceback (most recent call last):
  File "/usr/local/lib/python3.12/site-packages/discord/client.py", line 465, in _run_event
    await coro(*args, **kwargs)
  File "/app/asu_discord/cogs/analytics.py", line 652, in on_member_update
    before_timeout = before.timed_out_until
                     ^^^^^^^^^^^^^^^^^^^^^^
AttributeError: 'Member' object has no attribute 'timed_out_until'
Ignoring exception in on_member_update
Traceback (most recent call last):
  File "/usr/local/lib/python3.12/site-packages/discord/client.py", line 465, in _run_event
    await coro(*args, **kwargs)
  File "/app/asu_discord/cogs/analytics.py", line 652, in on_member_update
    before_timeout = before.timed_out_until
                     ^^^^^^^^^^^^^^^^^^^^^^
AttributeError: 'Member' object has no attribute 'timed_out_until'
Ignoring exception in on_member_update
Traceback (most recent call last):
  File "/usr/local/lib/python3.12/site-packages/discord/client.py", line 465, in _run_event
    await coro(*args, **kwargs)
  File "/app/asu_discord/cogs/analytics.py", line 652, in on_member_update
    before_timeout = before.timed_out_until
                     ^^^^^^^^^^^^^^^^^^^^^^
AttributeError: 'Member' object has no attribute 'timed_out_until'
INFO:asu_discord.cogs.verification:Saved 5 roles to database for user lenriq21 (Discord ID: 1496972290359824496)
INFO:asu_discord.cogs.verification:Refreshed Salesforce roles for Discord user 1496972290359824496: -5/+5 roles, assigned=[College of Liberal Arts and Sciences, Commited, Graduate Student, International Student, Tempe]
Ignoring exception in on_member_update
Traceback (most recent call last):
  File "/usr/local/lib/python3.12/site-packages/discord/client.py", line 465, in _run_event
    await coro(*args, **kwargs)
  File "/app/asu_discord/cogs/analytics.py", line 652, in on_member_update
    before_timeout = before.timed_out_until
                     ^^^^^^^^^^^^^^^^^^^^^^
AttributeError: 'Member' object has no attribute 'timed_out_until'
Ignoring exception in on_member_update
Traceback (most recent call last):
  File "/usr/local/lib/python3.12/site-packages/discord/client.py", line 465, in _run_event
    await coro(*args, **kwargs)
  File "/app/asu_discord/cogs/analytics.py", line 652, in on_member_update
    before_timeout = before.timed_out_until
                     ^^^^^^^^^^^^^^^^^^^^^^
AttributeError: 'Member' object has no attribute 'timed_out_until'
INFO:asu_discord.cogs.verification:Saved 1 roles to database for user fstrocch (Discord ID: 1127030165680177232)
INFO:asu_discord.cogs.verification:Refreshed Salesforce roles for Discord user 1127030165680177232: -1/+1 roles, assigned=[Arizona Resident]
Ignoring exception in on_member_update
Traceback (most recent call last):
  File "/usr/local/lib/python3.12/site-packages/discord/client.py", line 465, in _run_event
    await coro(*args, **kwargs)
  File "/app/asu_discord/cogs/analytics.py", line 652, in on_member_update
    before_timeout = before.timed_out_until
                     ^^^^^^^^^^^^^^^^^^^^^^
AttributeError: 'Member' object has no attribute 'timed_out_until'
Ignoring exception in on_member_update
Traceback (most recent call last):
  File "/usr/local/lib/python3.12/site-packages/discord/client.py", line 465, in _run_event
    await coro(*args, **kwargs)
  File "/app/asu_discord/cogs/analytics.py", line 652, in on_member_update
    before_timeout = before.timed_out_until
                     ^^^^^^^^^^^^^^^^^^^^^^
AttributeError: 'Member' object has no attribute 'timed_out_until'
Ignoring exception in on_member_update
Traceback (most recent call last):
  File "/usr/local/lib/python3.12/site-packages/discord/client.py", line 465, in _run_event
    await coro(*args, **kwargs)
  File "/app/asu_discord/cogs/analytics.py", line 652, in on_member_update
    before_timeout = before.timed_out_until
                     ^^^^^^^^^^^^^^^^^^^^^^
AttributeError: 'Member' object has no attribute 'timed_out_until'
Ignoring exception in on_member_update
Traceback (most recent call last):
  File "/usr/local/lib/python3.12/site-packages/discord/client.py", line 465, in _run_event
    await coro(*args, **kwargs)
  File "/app/asu_discord/cogs/analytics.py", line 652, in on_member_update
    before_timeout = before.timed_out_until
                     ^^^^^^^^^^^^^^^^^^^^^^
AttributeError: 'Member' object has no attribute 'timed_out_until'
Ignoring exception in on_member_update
Traceback (most recent call last):
  File "/usr/local/lib/python3.12/site-packages/discord/client.py", line 465, in _run_event
    await coro(*args, **kwargs)
  File "/app/asu_discord/cogs/analytics.py", line 652, in on_member_update
    before_timeout = before.timed_out_until
                     ^^^^^^^^^^^^^^^^^^^^^^
AttributeError: 'Member' object has no attribute 'timed_out_until'
Ignoring exception in on_member_update
Traceback (most recent call last):
  File "/usr/local/lib/python3.12/site-packages/discord/client.py", line 465, in _run_event
    await coro(*args, **kwargs)
  File "/app/asu_discord/cogs/analytics.py", line 652, in on_member_update
    before_timeout = before.timed_out_until
                     ^^^^^^^^^^^^^^^^^^^^^^
AttributeError: 'Member' object has no attribute 'timed_out_until'
Ignoring exception in on_member_update
Traceback (most recent call last):
  File "/usr/local/lib/python3.12/site-packages/discord/client.py", line 465, in _run_event
    await coro(*args, **kwargs)
  File "/app/asu_discord/cogs/analytics.py", line 652, in on_member_update
    before_timeout = before.timed_out_until
                     ^^^^^^^^^^^^^^^^^^^^^^
AttributeError: 'Member' object has no attribute 'timed_out_until'
Ignoring exception in on_member_update
Traceback (most recent call last):
  File "/usr/local/lib/python3.12/site-packages/discord/client.py", line 465, in _run_event
    await coro(*args, **kwargs)
  File "/app/asu_discord/cogs/analytics.py", line 652, in on_member_update
    before_timeout = before.timed_out_until
                     ^^^^^^^^^^^^^^^^^^^^^^
AttributeError: 'Member' object has no attribute 'timed_out_until'
Ignoring exception in on_member_update
Traceback (most recent call last):
  File "/usr/local/lib/python3.12/site-packages/discord/client.py", line 465, in _run_event
    await coro(*args, **kwargs)
  File "/app/asu_discord/cogs/analytics.py", line 652, in on_member_update
    before_timeout = before.timed_out_until
                     ^^^^^^^^^^^^^^^^^^^^^^
AttributeError: 'Member' object has no attribute 'timed_out_until'
Ignoring exception in on_member_update
Traceback (most recent call last):
  File "/usr/local/lib/python3.12/site-packages/discord/client.py", line 465, in _run_event
    await coro(*args, **kwargs)
  File "/app/asu_discord/cogs/analytics.py", line 652, in on_member_update
    before_timeout = before.timed_out_until
                     ^^^^^^^^^^^^^^^^^^^^^^
AttributeError: 'Member' object has no attribute 'timed_out_until'
INFO:asu_discord.cogs.verification:Saved 5 roles to database for user jbreiwic (Discord ID: 1524504465938448394)
INFO:asu_discord.cogs.verification:Refreshed Salesforce roles for Discord user 1524504465938448394: -5/+5 roles, assigned=[Commited, Downtown Phoenix, First Year, Herberger Institute for Design and the Arts, Out of State]
Ignoring exception in on_member_update
Traceback (most recent call last):
  File "/usr/local/lib/python3.12/site-packages/discord/client.py", line 465, in _run_event
    await coro(*args, **kwargs)
  File "/app/asu_discord/cogs/analytics.py", line 652, in on_member_update
    before_timeout = before.timed_out_until
                     ^^^^^^^^^^^^^^^^^^^^^^
AttributeError: 'Member' object has no attribute 'timed_out_until'
Ignoring exception in on_member_update
Traceback (most recent call last):
  File "/usr/local/lib/python3.12/site-packages/discord/client.py", line 465, in _run_event
    await coro(*args, **kwargs)
  File "/app/asu_discord/cogs/analytics.py", line 652, in on_member_update
    before_timeout = before.timed_out_until
                     ^^^^^^^^^^^^^^^^^^^^^^
AttributeError: 'Member' object has no attribute 'timed_out_until'
Ignoring exception in on_member_update
Traceback (most recent call last):
  File "/usr/local/lib/python3.12/site-packages/discord/client.py", line 465, in _run_event
    await coro(*args, **kwargs)
  File "/app/asu_discord/cogs/analytics.py", line 652, in on_member_update
    before_timeout = before.timed_out_until
                     ^^^^^^^^^^^^^^^^^^^^^^
AttributeError: 'Member' object has no attribute 'timed_out_until'
Ignoring exception in on_member_update
Traceback (most recent call last):
  File "/usr/local/lib/python3.12/site-packages/discord/client.py", line 465, in _run_event
    await coro(*args, **kwargs)
  File "/app/asu_discord/cogs/analytics.py", line 652, in on_member_update
    before_timeout = before.timed_out_until
                     ^^^^^^^^^^^^^^^^^^^^^^
AttributeError: 'Member' object has no attribute 'timed_out_until'
Ignoring exception in on_member_update
Traceback (most recent call last):
  File "/usr/local/lib/python3.12/site-packages/discord/client.py", line 465, in _run_event
    await coro(*args, **kwargs)
  File "/app/asu_discord/cogs/analytics.py", line 652, in on_member_update
    before_timeout = before.timed_out_until
                     ^^^^^^^^^^^^^^^^^^^^^^
AttributeError: 'Member' object has no attribute 'timed_out_until'
Ignoring exception in on_member_update
Traceback (most recent call last):
  File "/usr/local/lib/python3.12/site-packages/discord/client.py", line 465, in _run_event
    await coro(*args, **kwargs)
  File "/app/asu_discord/cogs/analytics.py", line 652, in on_member_update
    before_timeout = before.timed_out_until
                     ^^^^^^^^^^^^^^^^^^^^^^
AttributeError: 'Member' object has no attribute 'timed_out_until'
Ignoring exception in on_member_update
Traceback (most recent call last):
  File "/usr/local/lib/python3.12/site-packages/discord/client.py", line 465, in _run_event
    await coro(*args, **kwargs)
  File "/app/asu_discord/cogs/analytics.py", line 652, in on_member_update
    before_timeout = before.timed_out_until
                     ^^^^^^^^^^^^^^^^^^^^^^
AttributeError: 'Member' object has no attribute 'timed_out_until'
INFO:asu_discord.cogs.verification:Saved 4 roles to database for user ewstraka (Discord ID: 1473465978905170086)
INFO:asu_discord.cogs.verification:Refreshed Salesforce roles for Discord user 1473465978905170086: -4/+3 roles, assigned=[First Year, Out of State, Tempe, W.P. Carey School of Business]
Ignoring exception in on_member_update
Traceback (most recent call last):
  File "/usr/local/lib/python3.12/site-packages/discord/client.py", line 465, in _run_event
    await coro(*args, **kwargs)
  File "/app/asu_discord/cogs/analytics.py", line 652, in on_member_update
    before_timeout = before.timed_out_until
                     ^^^^^^^^^^^^^^^^^^^^^^
AttributeError: 'Member' object has no attribute 'timed_out_until'
Ignoring exception in on_member_update
Traceback (most recent call last):
  File "/usr/local/lib/python3.12/site-packages/discord/client.py", line 465, in _run_event
    await coro(*args, **kwargs)
  File "/app/asu_discord/cogs/analytics.py", line 652, in on_member_update
    before_timeout = before.timed_out_until
                     ^^^^^^^^^^^^^^^^^^^^^^
AttributeError: 'Member' object has no attribute 'timed_out_until'
Ignoring exception in on_member_update
Traceback (most recent call last):
  File "/usr/local/lib/python3.12/site-packages/discord/client.py", line 465, in _run_event
    await coro(*args, **kwargs)
  File "/app/asu_discord/cogs/analytics.py", line 652, in on_member_update
    before_timeout = before.timed_out_until
                     ^^^^^^^^^^^^^^^^^^^^^^
AttributeError: 'Member' object has no attribute 'timed_out_until'
Ignoring exception in on_member_update
Traceback (most recent call last):
  File "/usr/local/lib/python3.12/site-packages/discord/client.py", line 465, in _run_event
    await coro(*args, **kwargs)
  File "/app/asu_discord/cogs/analytics.py", line 652, in on_member_update
    before_timeout = before.timed_out_until
                     ^^^^^^^^^^^^^^^^^^^^^^
AttributeError: 'Member' object has no attribute 'timed_out_until'
Ignoring exception in on_member_update
Traceback (most recent call last):
  File "/usr/local/lib/python3.12/site-packages/discord/client.py", line 465, in _run_event
    await coro(*args, **kwargs)
  File "/app/asu_discord/cogs/analytics.py", line 652, in on_member_update
    before_timeout = before.timed_out_until
                     ^^^^^^^^^^^^^^^^^^^^^^
AttributeError: 'Member' object has no attribute 'timed_out_until'
Ignoring exception in on_member_update
Traceback (most recent call last):
  File "/usr/local/lib/python3.12/site-packages/discord/client.py", line 465, in _run_event
    await coro(*args, **kwargs)
  File "/app/asu_discord/cogs/analytics.py", line 652, in on_member_update
    before_timeout = before.timed_out_until
                     ^^^^^^^^^^^^^^^^^^^^^^
AttributeError: 'Member' object has no attribute 'timed_out_until'
Ignoring exception in on_member_update
Traceback (most recent call last):
  File "/usr/local/lib/python3.12/site-packages/discord/client.py", line 465, in _run_event
    await coro(*args, **kwargs)
  File "/app/asu_discord/cogs/analytics.py", line 652, in on_member_update
    before_timeout = before.timed_out_until
                     ^^^^^^^^^^^^^^^^^^^^^^
AttributeError: 'Member' object has no attribute 'timed_out_until'
Ignoring exception in on_member_update
Traceback (most recent call last):
  File "/usr/local/lib/python3.12/site-packages/discord/client.py", line 465, in _run_event
    await coro(*args, **kwargs)
  File "/app/asu_discord/cogs/analytics.py", line 652, in on_member_update
    before_timeout = before.timed_out_until
                     ^^^^^^^^^^^^^^^^^^^^^^
AttributeError: 'Member' object has no attribute 'timed_out_until'
Ignoring exception in on_member_update
Traceback (most recent call last):
  File "/usr/local/lib/python3.12/site-packages/discord/client.py", line 465, in _run_event
    await coro(*args, **kwargs)
  File "/app/asu_discord/cogs/analytics.py", line 652, in on_member_update
    before_timeout = before.timed_out_until
                     ^^^^^^^^^^^^^^^^^^^^^^
AttributeError: 'Member' object has no attribute 'timed_out_until'
Ignoring exception in on_member_update
Traceback (most recent call last):
  File "/usr/local/lib/python3.12/site-packages/discord/client.py", line 465, in _run_event
    await coro(*args, **kwargs)
  File "/app/asu_discord/cogs/analytics.py", line 652, in on_member_update
    before_timeout = before.timed_out_until
                     ^^^^^^^^^^^^^^^^^^^^^^
AttributeError: 'Member' object has no attribute 'timed_out_until'
INFO:asu_discord.cogs.verification:Saved 5 roles to database for user amogren (Discord ID: 527623516191850499)
INFO:asu_discord.cogs.verification:Refreshed Salesforce roles for Discord user 527623516191850499: -5/+5 roles, assigned=[Commited, First Year, Out of State, Tempe, W.P. Carey School of Business]
Ignoring exception in on_member_update
Traceback (most recent call last):
  File "/usr/local/lib/python3.12/site-packages/discord/client.py", line 465, in _run_event
    await coro(*args, **kwargs)
  File "/app/asu_discord/cogs/analytics.py", line 652, in on_member_update
    before_timeout = before.timed_out_until
                     ^^^^^^^^^^^^^^^^^^^^^^
AttributeError: 'Member' object has no attribute 'timed_out_until'
Ignoring exception in on_member_update
Traceback (most recent call last):
  File "/usr/local/lib/python3.12/site-packages/discord/client.py", line 465, in _run_event
    await coro(*args, **kwargs)
  File "/app/asu_discord/cogs/analytics.py", line 652, in on_member_update
    before_timeout = before.timed_out_until
                     ^^^^^^^^^^^^^^^^^^^^^^
AttributeError: 'Member' object has no attribute 'timed_out_until'
Ignoring exception in on_member_update
Traceback (most recent call last):
  File "/usr/local/lib/python3.12/site-packages/discord/client.py", line 465, in _run_event
    await coro(*args, **kwargs)
  File "/app/asu_discord/cogs/analytics.py", line 652, in on_member_update
    before_timeout = before.timed_out_until
                     ^^^^^^^^^^^^^^^^^^^^^^
AttributeError: 'Member' object has no attribute 'timed_out_until'
Ignoring exception in on_member_update
Traceback (most recent call last):
  File "/usr/local/lib/python3.12/site-packages/discord/client.py", line 465, in _run_event
    await coro(*args, **kwargs)
  File "/app/asu_discord/cogs/analytics.py", line 652, in on_member_update
    before_timeout = before.timed_out_until
                     ^^^^^^^^^^^^^^^^^^^^^^
AttributeError: 'Member' object has no attribute 'timed_out_until'
Ignoring exception in on_member_update
Traceback (most recent call last):
  File "/usr/local/lib/python3.12/site-packages/discord/client.py", line 465, in _run_event
    await coro(*args, **kwargs)
  File "/app/asu_discord/cogs/analytics.py", line 652, in on_member_update
    before_timeout = before.timed_out_until
                     ^^^^^^^^^^^^^^^^^^^^^^
AttributeError: 'Member' object has no attribute 'timed_out_until'
Ignoring exception in on_member_update
Traceback (most recent call last):
  File "/usr/local/lib/python3.12/site-packages/discord/client.py", line 465, in _run_event
    await coro(*args, **kwargs)
  File "/app/asu_discord/cogs/analytics.py", line 652, in on_member_update
    before_timeout = before.timed_out_until
                     ^^^^^^^^^^^^^^^^^^^^^^
AttributeError: 'Member' object has no attribute 'timed_out_until'
Ignoring exception in on_member_update
Traceback (most recent call last):
  File "/usr/local/lib/python3.12/site-packages/discord/client.py", line 465, in _run_event
    await coro(*args, **kwargs)
  File "/app/asu_discord/cogs/analytics.py", line 652, in on_member_update
    before_timeout = before.timed_out_until
                     ^^^^^^^^^^^^^^^^^^^^^^
AttributeError: 'Member' object has no attribute 'timed_out_until'
Ignoring exception in on_member_update
Traceback (most recent call last):
  File "/usr/local/lib/python3.12/site-packages/discord/client.py", line 465, in _run_event
    await coro(*args, **kwargs)
  File "/app/asu_discord/cogs/analytics.py", line 652, in on_member_update
    before_timeout = before.timed_out_until
                     ^^^^^^^^^^^^^^^^^^^^^^
AttributeError: 'Member' object has no attribute 'timed_out_until'
Ignoring exception in on_member_update
Traceback (most recent call last):
  File "/usr/local/lib/python3.12/site-packages/discord/client.py", line 465, in _run_event
    await coro(*args, **kwargs)
  File "/app/asu_discord/cogs/analytics.py", line 652, in on_member_update
    before_timeout = before.timed_out_until
                     ^^^^^^^^^^^^^^^^^^^^^^
AttributeError: 'Member' object has no attribute 'timed_out_until'
Ignoring exception in on_member_update
Traceback (most recent call last):
  File "/usr/local/lib/python3.12/site-packages/discord/client.py", line 465, in _run_event
    await coro(*args, **kwargs)
  File "/app/asu_discord/cogs/analytics.py", line 652, in on_member_update
    before_timeout = before.timed_out_until
                     ^^^^^^^^^^^^^^^^^^^^^^
AttributeError: 'Member' object has no attribute 'timed_out_until'
ERROR:cron.jobs:refresh_salesforce_roles: failed for mmalweha (Discord ID 543975789352321054): Timed out refresh Salesforce-based roles
Ignoring exception in on_member_update
Traceback (most recent call last):
  File "/usr/local/lib/python3.12/site-packages/discord/client.py", line 465, in _run_event
    await coro(*args, **kwargs)
  File "/app/asu_discord/cogs/analytics.py", line 652, in on_member_update
    before_timeout = before.timed_out_until
                     ^^^^^^^^^^^^^^^^^^^^^^
AttributeError: 'Member' object has no attribute 'timed_out_until'
Ignoring exception in on_member_update
Traceback (most recent call last):
  File "/usr/local/lib/python3.12/site-packages/discord/client.py", line 465, in _run_event
    await coro(*args, **kwargs)
  File "/app/asu_discord/cogs/analytics.py", line 652, in on_member_update
    before_timeout = before.timed_out_until
                     ^^^^^^^^^^^^^^^^^^^^^^
AttributeError: 'Member' object has no attribute 'timed_out_until'
Ignoring exception in on_member_update
Traceback (most recent call last):
  File "/usr/local/lib/python3.12/site-packages/discord/client.py", line 465, in _run_event
    await coro(*args, **kwargs)
  File "/app/asu_discord/cogs/analytics.py", line 652, in on_member_update
    before_timeout = before.timed_out_until
                     ^^^^^^^^^^^^^^^^^^^^^^
AttributeError: 'Member' object has no attribute 'timed_out_until'
Ignoring exception in on_member_update
Traceback (most recent call last):
  File "/usr/local/lib/python3.12/site-packages/discord/client.py", line 465, in _run_event
    await coro(*args, **kwargs)
  File "/app/asu_discord/cogs/analytics.py", line 652, in on_member_update
    before_timeout = before.timed_out_until
                     ^^^^^^^^^^^^^^^^^^^^^^
AttributeError: 'Member' object has no attribute 'timed_out_until'
Ignoring exception in on_member_update
Traceback (most recent call last):
  File "/usr/local/lib/python3.12/site-packages/discord/client.py", line 465, in _run_event
    await coro(*args, **kwargs)
  File "/app/asu_discord/cogs/analytics.py", line 652, in on_member_update
    before_timeout = before.timed_out_until
                     ^^^^^^^^^^^^^^^^^^^^^^
AttributeError: 'Member' object has no attribute 'timed_out_until'
Ignoring exception in on_member_update
Traceback (most recent call last):
  File "/usr/local/lib/python3.12/site-packages/discord/client.py", line 465, in _run_event
    await coro(*args, **kwargs)
  File "/app/asu_discord/cogs/analytics.py", line 652, in on_member_update
    before_timeout = before.timed_out_until
                     ^^^^^^^^^^^^^^^^^^^^^^
AttributeError: 'Member' object has no attribute 'timed_out_until'
Ignoring exception in on_member_update
Traceback (most recent call last):
  File "/usr/local/lib/python3.12/site-packages/discord/client.py", line 465, in _run_event
    await coro(*args, **kwargs)
  File "/app/asu_discord/cogs/analytics.py", line 652, in on_member_update
    before_timeout = before.timed_out_until
                     ^^^^^^^^^^^^^^^^^^^^^^
AttributeError: 'Member' object has no attribute 'timed_out_until'
Ignoring exception in on_member_update
Traceback (most recent call last):
  File "/usr/local/lib/python3.12/site-packages/discord/client.py", line 465, in _run_event
    await coro(*args, **kwargs)
  File "/app/asu_discord/cogs/analytics.py", line 652, in on_member_update
    before_timeout = before.timed_out_until
                     ^^^^^^^^^^^^^^^^^^^^^^
AttributeError: 'Member' object has no attribute 'timed_out_until'
Ignoring exception in on_member_update
Traceback (most recent call last):
  File "/usr/local/lib/python3.12/site-packages/discord/client.py", line 465, in _run_event
    await coro(*args, **kwargs)
  File "/app/asu_discord/cogs/analytics.py", line 652, in on_member_update
    before_timeout = before.timed_out_until
                     ^^^^^^^^^^^^^^^^^^^^^^
AttributeError: 'Member' object has no attribute 'timed_out_until'
Ignoring exception in on_member_update
Traceback (most recent call last):
  File "/usr/local/lib/python3.12/site-packages/discord/client.py", line 465, in _run_event
    await coro(*args, **kwargs)
  File "/app/asu_discord/cogs/analytics.py", line 652, in on_member_update
    before_timeout = before.timed_out_until
                     ^^^^^^^^^^^^^^^^^^^^^^
AttributeError: 'Member' object has no attribute 'timed_out_until'
INFO:asu_discord.cogs.verification:Saved 5 roles to database for user mbrook62 (Discord ID: 939993254122881095)
INFO:asu_discord.cogs.verification:Refreshed Salesforce roles for Discord user 939993254122881095: -5/+5 roles, assigned=[Commited, First Year, Ira A. Fulton Schools of Engineering, Out of State, Tempe]
Ignoring exception in on_member_update
Traceback (most recent call last):
  File "/usr/local/lib/python3.12/site-packages/discord/client.py", line 465, in _run_event
    await coro(*args, **kwargs)
  File "/app/asu_discord/cogs/analytics.py", line 652, in on_member_update
    before_timeout = before.timed_out_until
                     ^^^^^^^^^^^^^^^^^^^^^^
AttributeError: 'Member' object has no attribute 'timed_out_until'
Ignoring exception in on_member_update
Traceback (most recent call last):
  File "/usr/local/lib/python3.12/site-packages/discord/client.py", line 465, in _run_event
    await coro(*args, **kwargs)
  File "/app/asu_discord/cogs/analytics.py", line 652, in on_member_update
    before_timeout = before.timed_out_until
                     ^^^^^^^^^^^^^^^^^^^^^^
AttributeError: 'Member' object has no attribute 'timed_out_until'
Ignoring exception in on_member_update
Traceback (most recent call last):
  File "/usr/local/lib/python3.12/site-packages/discord/client.py", line 465, in _run_event
    await coro(*args, **kwargs)
  File "/app/asu_discord/cogs/analytics.py", line 652, in on_member_update
    before_timeout = before.timed_out_until
                     ^^^^^^^^^^^^^^^^^^^^^^
AttributeError: 'Member' object has no attribute 'timed_out_until'
Ignoring exception in on_member_update
Traceback (most recent call last):
  File "/usr/local/lib/python3.12/site-packages/discord/client.py", line 465, in _run_event
    await coro(*args, **kwargs)
  File "/app/asu_discord/cogs/analytics.py", line 652, in on_member_update
    before_timeout = before.timed_out_until
                     ^^^^^^^^^^^^^^^^^^^^^^
AttributeError: 'Member' object has no attribute 'timed_out_until'
Ignoring exception in on_member_update
Traceback (most recent call last):
  File "/usr/local/lib/python3.12/site-packages/discord/client.py", line 465, in _run_event
    await coro(*args, **kwargs)
  File "/app/asu_discord/cogs/analytics.py", line 652, in on_member_update
    before_timeout = before.timed_out_until
                     ^^^^^^^^^^^^^^^^^^^^^^
AttributeError: 'Member' object has no attribute 'timed_out_until'
Ignoring exception in on_member_update
Traceback (most recent call last):
  File "/usr/local/lib/python3.12/site-packages/discord/client.py", line 465, in _run_event
    await coro(*args, **kwargs)
  File "/app/asu_discord/cogs/analytics.py", line 652, in on_member_update
    before_timeout = before.timed_out_until
                     ^^^^^^^^^^^^^^^^^^^^^^
AttributeError: 'Member' object has no attribute 'timed_out_until'
Ignoring exception in on_member_update
Traceback (most recent call last):
  File "/usr/local/lib/python3.12/site-packages/discord/client.py", line 465, in _run_event
    await coro(*args, **kwargs)
  File "/app/asu_discord/cogs/analytics.py", line 652, in on_member_update
    before_timeout = before.timed_out_until
                     ^^^^^^^^^^^^^^^^^^^^^^
AttributeError: 'Member' object has no attribute 'timed_out_until'
Ignoring exception in on_member_update
Traceback (most recent call last):
  File "/usr/local/lib/python3.12/site-packages/discord/client.py", line 465, in _run_event
    await coro(*args, **kwargs)
  File "/app/asu_discord/cogs/analytics.py", line 652, in on_member_update
    before_timeout = before.timed_out_until
                     ^^^^^^^^^^^^^^^^^^^^^^
AttributeError: 'Member' object has no attribute 'timed_out_until'
INFO:asu_discord.cogs.verification:Saved 4 roles to database for user jfhansma (Discord ID: 1497004317083697243)
INFO:asu_discord.cogs.verification:Refreshed Salesforce roles for Discord user 1497004317083697243: -4/+4 roles, assigned=[College of Liberal Arts and Sciences, Graduate Student, Out of State, Tempe]
Ignoring exception in on_member_update
Traceback (most recent call last):
  File "/usr/local/lib/python3.12/site-packages/discord/client.py", line 465, in _run_event
    await coro(*args, **kwargs)
  File "/app/asu_discord/cogs/analytics.py", line 652, in on_member_update
    before_timeout = before.timed_out_until
                     ^^^^^^^^^^^^^^^^^^^^^^
AttributeError: 'Member' object has no attribute 'timed_out_until'
Ignoring exception in on_member_update
Traceback (most recent call last):
  File "/usr/local/lib/python3.12/site-packages/discord/client.py", line 465, in _run_event
    await coro(*args, **kwargs)
  File "/app/asu_discord/cogs/analytics.py", line 652, in on_member_update
    before_timeout = before.timed_out_until
                     ^^^^^^^^^^^^^^^^^^^^^^
AttributeError: 'Member' object has no attribute 'timed_out_until'
Ignoring exception in on_member_update
Traceback (most recent call last):
  File "/usr/local/lib/python3.12/site-packages/discord/client.py", line 465, in _run_event
    await coro(*args, **kwargs)
  File "/app/asu_discord/cogs/analytics.py", line 652, in on_member_update
    before_timeout = before.timed_out_until
                     ^^^^^^^^^^^^^^^^^^^^^^
AttributeError: 'Member' object has no attribute 'timed_out_until'
Ignoring exception in on_member_update
Traceback (most recent call last):
  File "/usr/local/lib/python3.12/site-packages/discord/client.py", line 465, in _run_event
    await coro(*args, **kwargs)
  File "/app/asu_discord/cogs/analytics.py", line 652, in on_member_update
    before_timeout = before.timed_out_until
                     ^^^^^^^^^^^^^^^^^^^^^^
AttributeError: 'Member' object has no attribute 'timed_out_until'
Ignoring exception in on_member_update
Traceback (most recent call last):
  File "/usr/local/lib/python3.12/site-packages/discord/client.py", line 465, in _run_event
    await coro(*args, **kwargs)
  File "/app/asu_discord/cogs/analytics.py", line 652, in on_member_update
    before_timeout = before.timed_out_until
                     ^^^^^^^^^^^^^^^^^^^^^^
AttributeError: 'Member' object has no attribute 'timed_out_until'
Ignoring exception in on_member_update
Traceback (most recent call last):
  File "/usr/local/lib/python3.12/site-packages/discord/client.py", line 465, in _run_event
    await coro(*args, **kwargs)
  File "/app/asu_discord/cogs/analytics.py", line 652, in on_member_update
    before_timeout = before.timed_out_until
                     ^^^^^^^^^^^^^^^^^^^^^^
AttributeError: 'Member' object has no attribute 'timed_out_until'
Ignoring exception in on_member_update
Traceback (most recent call last):
  File "/usr/local/lib/python3.12/site-packages/discord/client.py", line 465, in _run_event
    await coro(*args, **kwargs)
  File "/app/asu_discord/cogs/analytics.py", line 652, in on_member_update
    before_timeout = before.timed_out_until
                     ^^^^^^^^^^^^^^^^^^^^^^
AttributeError: 'Member' object has no attribute 'timed_out_until'
Ignoring exception in on_member_update
Traceback (most recent call last):
  File "/usr/local/lib/python3.12/site-packages/discord/client.py", line 465, in _run_event
    await coro(*args, **kwargs)
  File "/app/asu_discord/cogs/analytics.py", line 652, in on_member_update
    before_timeout = before.timed_out_until
                     ^^^^^^^^^^^^^^^^^^^^^^
AttributeError: 'Member' object has no attribute 'timed_out_until'
Ignoring exception in on_member_update
Traceback (most recent call last):
  File "/usr/local/lib/python3.12/site-packages/discord/client.py", line 465, in _run_event
    await coro(*args, **kwargs)
  File "/app/asu_discord/cogs/analytics.py", line 652, in on_member_update
    before_timeout = before.timed_out_until
                     ^^^^^^^^^^^^^^^^^^^^^^
AttributeError: 'Member' object has no attribute 'timed_out_until'
Ignoring exception in on_member_update
Traceback (most recent call last):
  File "/usr/local/lib/python3.12/site-packages/discord/client.py", line 465, in _run_event
    await coro(*args, **kwargs)
  File "/app/asu_discord/cogs/analytics.py", line 652, in on_member_update
    before_timeout = before.timed_out_until
                     ^^^^^^^^^^^^^^^^^^^^^^
AttributeError: 'Member' object has no attribute 'timed_out_until'
INFO:asu_discord.cogs.verification:Saved 5 roles to database for user spate504 (Discord ID: 779210963647070238)
INFO:asu_discord.cogs.verification:Refreshed Salesforce roles for Discord user 779210963647070238: -5/+5 roles, assigned=[Arizona Resident, Commited, First Year, Ira A. Fulton Schools of Engineering, Tempe]
Ignoring exception in on_member_update
Traceback (most recent call last):
  File "/usr/local/lib/python3.12/site-packages/discord/client.py", line 465, in _run_event
    await coro(*args, **kwargs)
  File "/app/asu_discord/cogs/analytics.py", line 652, in on_member_update
    before_timeout = before.timed_out_until
                     ^^^^^^^^^^^^^^^^^^^^^^
AttributeError: 'Member' object has no attribute 'timed_out_until'
Ignoring exception in on_member_update
Traceback (most recent call last):
  File "/usr/local/lib/python3.12/site-packages/discord/client.py", line 465, in _run_event
    await coro(*args, **kwargs)
  File "/app/asu_discord/cogs/analytics.py", line 652, in on_member_update
    before_timeout = before.timed_out_until
                     ^^^^^^^^^^^^^^^^^^^^^^
AttributeError: 'Member' object has no attribute 'timed_out_until'
Ignoring exception in on_member_update
Traceback (most recent call last):
  File "/usr/local/lib/python3.12/site-packages/discord/client.py", line 465, in _run_event
    await coro(*args, **kwargs)
  File "/app/asu_discord/cogs/analytics.py", line 652, in on_member_update
    before_timeout = before.timed_out_until
                     ^^^^^^^^^^^^^^^^^^^^^^
AttributeError: 'Member' object has no attribute 'timed_out_until'
Ignoring exception in on_member_update
Traceback (most recent call last):
  File "/usr/local/lib/python3.12/site-packages/discord/client.py", line 465, in _run_event
    await coro(*args, **kwargs)
  File "/app/asu_discord/cogs/analytics.py", line 652, in on_member_update
    before_timeout = before.timed_out_until
                     ^^^^^^^^^^^^^^^^^^^^^^
AttributeError: 'Member' object has no attribute 'timed_out_until'
Ignoring exception in on_member_update
Traceback (most recent call last):
  File "/usr/local/lib/python3.12/site-packages/discord/client.py", line 465, in _run_event
    await coro(*args, **kwargs)
  File "/app/asu_discord/cogs/analytics.py", line 652, in on_member_update
    before_timeout = before.timed_out_until
                     ^^^^^^^^^^^^^^^^^^^^^^
AttributeError: 'Member' object has no attribute 'timed_out_until'
Ignoring exception in on_member_update
Traceback (most recent call last):
  File "/usr/local/lib/python3.12/site-packages/discord/client.py", line 465, in _run_event
    await coro(*args, **kwargs)
  File "/app/asu_discord/cogs/analytics.py", line 652, in on_member_update
    before_timeout = before.timed_out_until
                     ^^^^^^^^^^^^^^^^^^^^^^
AttributeError: 'Member' object has no attribute 'timed_out_until'
Ignoring exception in on_member_update
Traceback (most recent call last):
  File "/usr/local/lib/python3.12/site-packages/discord/client.py", line 465, in _run_event
    await coro(*args, **kwargs)
  File "/app/asu_discord/cogs/analytics.py", line 652, in on_member_update
    before_timeout = before.timed_out_until
                     ^^^^^^^^^^^^^^^^^^^^^^
AttributeError: 'Member' object has no attribute 'timed_out_until'
Ignoring exception in on_member_update
Traceback (most recent call last):
  File "/usr/local/lib/python3.12/site-packages/discord/client.py", line 465, in _run_event
    await coro(*args, **kwargs)
  File "/app/asu_discord/cogs/analytics.py", line 652, in on_member_update
    before_timeout = before.timed_out_until
                     ^^^^^^^^^^^^^^^^^^^^^^
AttributeError: 'Member' object has no attribute 'timed_out_until'
Ignoring exception in on_member_update
Traceback (most recent call last):
  File "/usr/local/lib/python3.12/site-packages/discord/client.py", line 465, in _run_event
    await coro(*args, **kwargs)
  File "/app/asu_discord/cogs/analytics.py", line 652, in on_member_update
    before_timeout = before.timed_out_until
                     ^^^^^^^^^^^^^^^^^^^^^^
AttributeError: 'Member' object has no attribute 'timed_out_until'
Ignoring exception in on_member_update
Traceback (most recent call last):
  File "/usr/local/lib/python3.12/site-packages/discord/client.py", line 465, in _run_event
    await coro(*args, **kwargs)
  File "/app/asu_discord/cogs/analytics.py", line 652, in on_member_update
    before_timeout = before.timed_out_until
                     ^^^^^^^^^^^^^^^^^^^^^^
AttributeError: 'Member' object has no attribute 'timed_out_until'
INFO:asu_discord.cogs.verification:Saved 5 roles to database for user sfmontal (Discord ID: 1086408566384111616)
INFO:asu_discord.cogs.verification:Refreshed Salesforce roles for Discord user 1086408566384111616: -5/+5 roles, assigned=[Arizona Resident, Commited, First Year, Ira A. Fulton Schools of Engineering, Tempe]
Ignoring exception in on_member_update
Traceback (most recent call last):
  File "/usr/local/lib/python3.12/site-packages/discord/client.py", line 465, in _run_event
    await coro(*args, **kwargs)
  File "/app/asu_discord/cogs/analytics.py", line 652, in on_member_update
    before_timeout = before.timed_out_until
                     ^^^^^^^^^^^^^^^^^^^^^^
AttributeError: 'Member' object has no attribute 'timed_out_until'
Ignoring exception in on_member_update
Traceback (most recent call last):
  File "/usr/local/lib/python3.12/site-packages/discord/client.py", line 465, in _run_event
    await coro(*args, **kwargs)
  File "/app/asu_discord/cogs/analytics.py", line 652, in on_member_update
    before_timeout = before.timed_out_until
                     ^^^^^^^^^^^^^^^^^^^^^^
AttributeError: 'Member' object has no attribute 'timed_out_until'
Ignoring exception in on_member_update
Traceback (most recent call last):
  File "/usr/local/lib/python3.12/site-packages/discord/client.py", line 465, in _run_event
    await coro(*args, **kwargs)
  File "/app/asu_discord/cogs/analytics.py", line 652, in on_member_update
    before_timeout = before.timed_out_until
                     ^^^^^^^^^^^^^^^^^^^^^^
AttributeError: 'Member' object has no attribute 'timed_out_until'
Ignoring exception in on_member_update
Traceback (most recent call last):
  File "/usr/local/lib/python3.12/site-packages/discord/client.py", line 465, in _run_event
    await coro(*args, **kwargs)
  File "/app/asu_discord/cogs/analytics.py", line 652, in on_member_update
    before_timeout = before.timed_out_until
                     ^^^^^^^^^^^^^^^^^^^^^^
AttributeError: 'Member' object has no attribute 'timed_out_until'
Ignoring exception in on_member_update
Traceback (most recent call last):
  File "/usr/local/lib/python3.12/site-packages/discord/client.py", line 465, in _run_event
    await coro(*args, **kwargs)
  File "/app/asu_discord/cogs/analytics.py", line 652, in on_member_update
    before_timeout = before.timed_out_until
                     ^^^^^^^^^^^^^^^^^^^^^^
AttributeError: 'Member' object has no attribute 'timed_out_until'
Ignoring exception in on_member_update
Traceback (most recent call last):
  File "/usr/local/lib/python3.12/site-packages/discord/client.py", line 465, in _run_event
    await coro(*args, **kwargs)
  File "/app/asu_discord/cogs/analytics.py", line 652, in on_member_update
    before_timeout = before.timed_out_until
                     ^^^^^^^^^^^^^^^^^^^^^^
AttributeError: 'Member' object has no attribute 'timed_out_until'
Ignoring exception in on_member_update
Traceback (most recent call last):
  File "/usr/local/lib/python3.12/site-packages/discord/client.py", line 465, in _run_event
    await coro(*args, **kwargs)
  File "/app/asu_discord/cogs/analytics.py", line 652, in on_member_update
    before_timeout = before.timed_out_until
                     ^^^^^^^^^^^^^^^^^^^^^^
AttributeError: 'Member' object has no attribute 'timed_out_until'
Ignoring exception in on_member_update
Traceback (most recent call last):
  File "/usr/local/lib/python3.12/site-packages/discord/client.py", line 465, in _run_event
    await coro(*args, **kwargs)
  File "/app/asu_discord/cogs/analytics.py", line 652, in on_member_update
    before_timeout = before.timed_out_until
                     ^^^^^^^^^^^^^^^^^^^^^^
AttributeError: 'Member' object has no attribute 'timed_out_until'
Ignoring exception in on_member_update
Traceback (most recent call last):
  File "/usr/local/lib/python3.12/site-packages/discord/client.py", line 465, in _run_event
    await coro(*args, **kwargs)
  File "/app/asu_discord/cogs/analytics.py", line 652, in on_member_update
    before_timeout = before.timed_out_until
                     ^^^^^^^^^^^^^^^^^^^^^^
AttributeError: 'Member' object has no attribute 'timed_out_until'
INFO:asu_discord.cogs.verification:Saved 5 roles to database for user sdbecer2 (Discord ID: 723974645325496320)
INFO:asu_discord.cogs.verification:Refreshed Salesforce roles for Discord user 723974645325496320: -5/+4 roles, assigned=[Arizona Resident, Commited, First Year, Ira A. Fulton Schools of Engineering, Tempe]
Ignoring exception in on_member_update
Traceback (most recent call last):
  File "/usr/local/lib/python3.12/site-packages/discord/client.py", line 465, in _run_event
    await coro(*args, **kwargs)
  File "/app/asu_discord/cogs/analytics.py", line 652, in on_member_update
    before_timeout = before.timed_out_until
                     ^^^^^^^^^^^^^^^^^^^^^^
AttributeError: 'Member' object has no attribute 'timed_out_until'
Ignoring exception in on_member_update
Traceback (most recent call last):
  File "/usr/local/lib/python3.12/site-packages/discord/client.py", line 465, in _run_event
    await coro(*args, **kwargs)
  File "/app/asu_discord/cogs/analytics.py", line 652, in on_member_update
    before_timeout = before.timed_out_until
                     ^^^^^^^^^^^^^^^^^^^^^^
AttributeError: 'Member' object has no attribute 'timed_out_until'
Ignoring exception in on_member_update
Traceback (most recent call last):
  File "/usr/local/lib/python3.12/site-packages/discord/client.py", line 465, in _run_event
    await coro(*args, **kwargs)
  File "/app/asu_discord/cogs/analytics.py", line 652, in on_member_update
    before_timeout = before.timed_out_until
                     ^^^^^^^^^^^^^^^^^^^^^^
AttributeError: 'Member' object has no attribute 'timed_out_until'
Ignoring exception in on_member_update
Traceback (most recent call last):
  File "/usr/local/lib/python3.12/site-packages/discord/client.py", line 465, in _run_event
    await coro(*args, **kwargs)
  File "/app/asu_discord/cogs/analytics.py", line 652, in on_member_update
    before_timeout = before.timed_out_until
                     ^^^^^^^^^^^^^^^^^^^^^^
AttributeError: 'Member' object has no attribute 'timed_out_until'
Ignoring exception in on_member_update
Traceback (most recent call last):
  File "/usr/local/lib/python3.12/site-packages/discord/client.py", line 465, in _run_event
    await coro(*args, **kwargs)
  File "/app/asu_discord/cogs/analytics.py", line 652, in on_member_update
    before_timeout = before.timed_out_until
                     ^^^^^^^^^^^^^^^^^^^^^^
AttributeError: 'Member' object has no attribute 'timed_out_until'
Ignoring exception in on_member_update
Traceback (most recent call last):
  File "/usr/local/lib/python3.12/site-packages/discord/client.py", line 465, in _run_event
    await coro(*args, **kwargs)
  File "/app/asu_discord/cogs/analytics.py", line 652, in on_member_update
    before_timeout = before.timed_out_until
                     ^^^^^^^^^^^^^^^^^^^^^^
AttributeError: 'Member' object has no attribute 'timed_out_until'
Ignoring exception in on_member_update
Traceback (most recent call last):
  File "/usr/local/lib/python3.12/site-packages/discord/client.py", line 465, in _run_event
    await coro(*args, **kwargs)
  File "/app/asu_discord/cogs/analytics.py", line 652, in on_member_update
    before_timeout = before.timed_out_until
                     ^^^^^^^^^^^^^^^^^^^^^^
AttributeError: 'Member' object has no attribute 'timed_out_until'
Ignoring exception in on_member_update
Traceback (most recent call last):
  File "/usr/local/lib/python3.12/site-packages/discord/client.py", line 465, in _run_event
    await coro(*args, **kwargs)
  File "/app/asu_discord/cogs/analytics.py", line 652, in on_member_update
    before_timeout = before.timed_out_until
                     ^^^^^^^^^^^^^^^^^^^^^^
AttributeError: 'Member' object has no attribute 'timed_out_until'
Ignoring exception in on_member_update
Traceback (most recent call last):
  File "/usr/local/lib/python3.12/site-packages/discord/client.py", line 465, in _run_event
    await coro(*args, **kwargs)
  File "/app/asu_discord/cogs/analytics.py", line 652, in on_member_update
    before_timeout = before.timed_out_until
                     ^^^^^^^^^^^^^^^^^^^^^^
AttributeError: 'Member' object has no attribute 'timed_out_until'
Ignoring exception in on_member_update
Traceback (most recent call last):
  File "/usr/local/lib/python3.12/site-packages/discord/client.py", line 465, in _run_event
    await coro(*args, **kwargs)
  File "/app/asu_discord/cogs/analytics.py", line 652, in on_member_update
    before_timeout = before.timed_out_until
                     ^^^^^^^^^^^^^^^^^^^^^^
AttributeError: 'Member' object has no attribute 'timed_out_until'
Ignoring exception in on_member_update
Traceback (most recent call last):
  File "/usr/local/lib/python3.12/site-packages/discord/client.py", line 465, in _run_event
    await coro(*args, **kwargs)
  File "/app/asu_discord/cogs/analytics.py", line 652, in on_member_update
    before_timeout = before.timed_out_until
                     ^^^^^^^^^^^^^^^^^^^^^^
AttributeError: 'Member' object has no attribute 'timed_out_until'
Ignoring exception in on_member_update
Traceback (most recent call last):
  File "/usr/local/lib/python3.12/site-packages/discord/client.py", line 465, in _run_event
    await coro(*args, **kwargs)
  File "/app/asu_discord/cogs/analytics.py", line 652, in on_member_update
    before_timeout = before.timed_out_until
                     ^^^^^^^^^^^^^^^^^^^^^^
AttributeError: 'Member' object has no attribute 'timed_out_until'
INFO:asu_discord.cogs.verification:Saved 6 roles to database for user jdcancel (Discord ID: 934755085421015041)
INFO:asu_discord.cogs.verification:Refreshed Salesforce roles for Discord user 934755085421015041: -6/+6 roles, assigned=[Commited, First Year, Out of State, Polytechnic, Upperclassmen, W.P. Carey School of Business]
Ignoring exception in on_member_update
Traceback (most recent call last):
  File "/usr/local/lib/python3.12/site-packages/discord/client.py", line 465, in _run_event
    await coro(*args, **kwargs)
  File "/app/asu_discord/cogs/analytics.py", line 652, in on_member_update
    before_timeout = before.timed_out_until
                     ^^^^^^^^^^^^^^^^^^^^^^
AttributeError: 'Member' object has no attribute 'timed_out_until'
Ignoring exception in on_member_update
Traceback (most recent call last):
  File "/usr/local/lib/python3.12/site-packages/discord/client.py", line 465, in _run_event
    await coro(*args, **kwargs)
  File "/app/asu_discord/cogs/analytics.py", line 652, in on_member_update
    before_timeout = before.timed_out_until
                     ^^^^^^^^^^^^^^^^^^^^^^
AttributeError: 'Member' object has no attribute 'timed_out_until'
Ignoring exception in on_member_update
Traceback (most recent call last):
  File "/usr/local/lib/python3.12/site-packages/discord/client.py", line 465, in _run_event
    await coro(*args, **kwargs)
  File "/app/asu_discord/cogs/analytics.py", line 652, in on_member_update
    before_timeout = before.timed_out_until
                     ^^^^^^^^^^^^^^^^^^^^^^
AttributeError: 'Member' object has no attribute 'timed_out_until'
Ignoring exception in on_member_update
Traceback (most recent call last):
  File "/usr/local/lib/python3.12/site-packages/discord/client.py", line 465, in _run_event
    await coro(*args, **kwargs)
  File "/app/asu_discord/cogs/analytics.py", line 652, in on_member_update
    before_timeout = before.timed_out_until
                     ^^^^^^^^^^^^^^^^^^^^^^
AttributeError: 'Member' object has no attribute 'timed_out_until'
Ignoring exception in on_member_update
Traceback (most recent call last):
  File "/usr/local/lib/python3.12/site-packages/discord/client.py", line 465, in _run_event
    await coro(*args, **kwargs)
  File "/app/asu_discord/cogs/analytics.py", line 652, in on_member_update
    before_timeout = before.timed_out_until
                     ^^^^^^^^^^^^^^^^^^^^^^
AttributeError: 'Member' object has no attribute 'timed_out_until'
Ignoring exception in on_member_update
Traceback (most recent call last):
  File "/usr/local/lib/python3.12/site-packages/discord/client.py", line 465, in _run_event
    await coro(*args, **kwargs)
  File "/app/asu_discord/cogs/analytics.py", line 652, in on_member_update
    before_timeout = before.timed_out_until
                     ^^^^^^^^^^^^^^^^^^^^^^
AttributeError: 'Member' object has no attribute 'timed_out_until'
Ignoring exception in on_member_update
Traceback (most recent call last):
  File "/usr/local/lib/python3.12/site-packages/discord/client.py", line 465, in _run_event
    await coro(*args, **kwargs)
  File "/app/asu_discord/cogs/analytics.py", line 652, in on_member_update
    before_timeout = before.timed_out_until
                     ^^^^^^^^^^^^^^^^^^^^^^
AttributeError: 'Member' object has no attribute 'timed_out_until'
Ignoring exception in on_member_update
Traceback (most recent call last):
  File "/usr/local/lib/python3.12/site-packages/discord/client.py", line 465, in _run_event
    await coro(*args, **kwargs)
  File "/app/asu_discord/cogs/analytics.py", line 652, in on_member_update
    before_timeout = before.timed_out_until
                     ^^^^^^^^^^^^^^^^^^^^^^
AttributeError: 'Member' object has no attribute 'timed_out_until'
Ignoring exception in on_member_update
Traceback (most recent call last):
  File "/usr/local/lib/python3.12/site-packages/discord/client.py", line 465, in _run_event
    await coro(*args, **kwargs)
  File "/app/asu_discord/cogs/analytics.py", line 652, in on_member_update
    before_timeout = before.timed_out_until
                     ^^^^^^^^^^^^^^^^^^^^^^
AttributeError: 'Member' object has no attribute 'timed_out_until'
Ignoring exception in on_member_update
Traceback (most recent call last):
  File "/usr/local/lib/python3.12/site-packages/discord/client.py", line 465, in _run_event
    await coro(*args, **kwargs)
  File "/app/asu_discord/cogs/analytics.py", line 652, in on_member_update
    before_timeout = before.timed_out_until
                     ^^^^^^^^^^^^^^^^^^^^^^
AttributeError: 'Member' object has no attribute 'timed_out_until'
Ignoring exception in on_member_update
Traceback (most recent call last):
  File "/usr/local/lib/python3.12/site-packages/discord/client.py", line 465, in _run_event
    await coro(*args, **kwargs)
  File "/app/asu_discord/cogs/analytics.py", line 652, in on_member_update
    before_timeout = before.timed_out_until
                     ^^^^^^^^^^^^^^^^^^^^^^
AttributeError: 'Member' object has no attribute 'timed_out_until'
INFO:asu_discord.cogs.verification:Saved 5 roles to database for user ajshelt4 (Discord ID: 719728353216692334)
INFO:asu_discord.cogs.verification:Refreshed Salesforce roles for Discord user 719728353216692334: -5/+5 roles, assigned=[Commited, Downtown Phoenix, First Year, Herberger Institute for Design and the Arts, Out of State]
Ignoring exception in on_member_update
Traceback (most recent call last):
  File "/usr/local/lib/python3.12/site-packages/discord/client.py", line 465, in _run_event
    await coro(*args, **kwargs)
  File "/app/asu_discord/cogs/analytics.py", line 652, in on_member_update
    before_timeout = before.timed_out_until
                     ^^^^^^^^^^^^^^^^^^^^^^
AttributeError: 'Member' object has no attribute 'timed_out_until'
Ignoring exception in on_member_update
Traceback (most recent call last):
  File "/usr/local/lib/python3.12/site-packages/discord/client.py", line 465, in _run_event
    await coro(*args, **kwargs)
  File "/app/asu_discord/cogs/analytics.py", line 652, in on_member_update
    before_timeout = before.timed_out_until
                     ^^^^^^^^^^^^^^^^^^^^^^
AttributeError: 'Member' object has no attribute 'timed_out_until'
Ignoring exception in on_member_update
Traceback (most recent call last):
  File "/usr/local/lib/python3.12/site-packages/discord/client.py", line 465, in _run_event
    await coro(*args, **kwargs)
  File "/app/asu_discord/cogs/analytics.py", line 652, in on_member_update
    before_timeout = before.timed_out_until
                     ^^^^^^^^^^^^^^^^^^^^^^
AttributeError: 'Member' object has no attribute 'timed_out_until'
Ignoring exception in on_member_update
Traceback (most recent call last):
  File "/usr/local/lib/python3.12/site-packages/discord/client.py", line 465, in _run_event
    await coro(*args, **kwargs)
  File "/app/asu_discord/cogs/analytics.py", line 652, in on_member_update
    before_timeout = before.timed_out_until
                     ^^^^^^^^^^^^^^^^^^^^^^
AttributeError: 'Member' object has no attribute 'timed_out_until'
Ignoring exception in on_member_update
Traceback (most recent call last):
  File "/usr/local/lib/python3.12/site-packages/discord/client.py", line 465, in _run_event
    await coro(*args, **kwargs)
  File "/app/asu_discord/cogs/analytics.py", line 652, in on_member_update
    before_timeout = before.timed_out_until
                     ^^^^^^^^^^^^^^^^^^^^^^
AttributeError: 'Member' object has no attribute 'timed_out_until'
Ignoring exception in on_member_update
Traceback (most recent call last):
  File "/usr/local/lib/python3.12/site-packages/discord/client.py", line 465, in _run_event
    await coro(*args, **kwargs)
  File "/app/asu_discord/cogs/analytics.py", line 652, in on_member_update
    before_timeout = before.timed_out_until
                     ^^^^^^^^^^^^^^^^^^^^^^
AttributeError: 'Member' object has no attribute 'timed_out_until'
Ignoring exception in on_member_update
Traceback (most recent call last):
  File "/usr/local/lib/python3.12/site-packages/discord/client.py", line 465, in _run_event
    await coro(*args, **kwargs)
  File "/app/asu_discord/cogs/analytics.py", line 652, in on_member_update
    before_timeout = before.timed_out_until
                     ^^^^^^^^^^^^^^^^^^^^^^
AttributeError: 'Member' object has no attribute 'timed_out_until'
Ignoring exception in on_member_update
Traceback (most recent call last):
  File "/usr/local/lib/python3.12/site-packages/discord/client.py", line 465, in _run_event
    await coro(*args, **kwargs)
  File "/app/asu_discord/cogs/analytics.py", line 652, in on_member_update
    before_timeout = before.timed_out_until
                     ^^^^^^^^^^^^^^^^^^^^^^
AttributeError: 'Member' object has no attribute 'timed_out_until'
Ignoring exception in on_member_update
Traceback (most recent call last):
  File "/usr/local/lib/python3.12/site-packages/discord/client.py", line 465, in _run_event
    await coro(*args, **kwargs)
  File "/app/asu_discord/cogs/analytics.py", line 652, in on_member_update
    before_timeout = before.timed_out_until
                     ^^^^^^^^^^^^^^^^^^^^^^
AttributeError: 'Member' object has no attribute 'timed_out_until'
Ignoring exception in on_member_update
Traceback (most recent call last):
  File "/usr/local/lib/python3.12/site-packages/discord/client.py", line 465, in _run_event
    await coro(*args, **kwargs)
  File "/app/asu_discord/cogs/analytics.py", line 652, in on_member_update
    before_timeout = before.timed_out_until
                     ^^^^^^^^^^^^^^^^^^^^^^
AttributeError: 'Member' object has no attribute 'timed_out_until'
INFO:asu_discord.cogs.verification:Saved 5 roles to database for user jchubrik (Discord ID: 1303517266414932008)
INFO:asu_discord.cogs.verification:Refreshed Salesforce roles for Discord user 1303517266414932008: -5/+5 roles, assigned=[Commited, First Year, Out of State, Tempe, W.P. Carey School of Business]
Ignoring exception in on_member_update
Traceback (most recent call last):
  File "/usr/local/lib/python3.12/site-packages/discord/client.py", line 465, in _run_event
    await coro(*args, **kwargs)
  File "/app/asu_discord/cogs/analytics.py", line 652, in on_member_update
    before_timeout = before.timed_out_until
                     ^^^^^^^^^^^^^^^^^^^^^^
AttributeError: 'Member' object has no attribute 'timed_out_until'
Ignoring exception in on_member_update
Traceback (most recent call last):
  File "/usr/local/lib/python3.12/site-packages/discord/client.py", line 465, in _run_event
    await coro(*args, **kwargs)
  File "/app/asu_discord/cogs/analytics.py", line 652, in on_member_update
    before_timeout = before.timed_out_until
                     ^^^^^^^^^^^^^^^^^^^^^^
AttributeError: 'Member' object has no attribute 'timed_out_until'
Ignoring exception in on_member_update
Traceback (most recent call last):
  File "/usr/local/lib/python3.12/site-packages/discord/client.py", line 465, in _run_event
    await coro(*args, **kwargs)
  File "/app/asu_discord/cogs/analytics.py", line 652, in on_member_update
    before_timeout = before.timed_out_until
                     ^^^^^^^^^^^^^^^^^^^^^^
AttributeError: 'Member' object has no attribute 'timed_out_until'
Ignoring exception in on_member_update
Traceback (most recent call last):
  File "/usr/local/lib/python3.12/site-packages/discord/client.py", line 465, in _run_event
    await coro(*args, **kwargs)
  File "/app/asu_discord/cogs/analytics.py", line 652, in on_member_update
    before_timeout = before.timed_out_until
                     ^^^^^^^^^^^^^^^^^^^^^^
AttributeError: 'Member' object has no attribute 'timed_out_until'
Ignoring exception in on_member_update
Traceback (most recent call last):
  File "/usr/local/lib/python3.12/site-packages/discord/client.py", line 465, in _run_event
    await coro(*args, **kwargs)
  File "/app/asu_discord/cogs/analytics.py", line 652, in on_member_update
    before_timeout = before.timed_out_until
                     ^^^^^^^^^^^^^^^^^^^^^^
AttributeError: 'Member' object has no attribute 'timed_out_until'
Ignoring exception in on_member_update
Traceback (most recent call last):
  File "/usr/local/lib/python3.12/site-packages/discord/client.py", line 465, in _run_event
    await coro(*args, **kwargs)
  File "/app/asu_discord/cogs/analytics.py", line 652, in on_member_update
    before_timeout = before.timed_out_until
                     ^^^^^^^^^^^^^^^^^^^^^^
AttributeError: 'Member' object has no attribute 'timed_out_until'
Ignoring exception in on_member_update
Traceback (most recent call last):
  File "/usr/local/lib/python3.12/site-packages/discord/client.py", line 465, in _run_event
    await coro(*args, **kwargs)
  File "/app/asu_discord/cogs/analytics.py", line 652, in on_member_update
    before_timeout = before.timed_out_until
                     ^^^^^^^^^^^^^^^^^^^^^^
AttributeError: 'Member' object has no attribute 'timed_out_until'
Ignoring exception in on_member_update
Traceback (most recent call last):
  File "/usr/local/lib/python3.12/site-packages/discord/client.py", line 465, in _run_event
    await coro(*args, **kwargs)
  File "/app/asu_discord/cogs/analytics.py", line 652, in on_member_update
    before_timeout = before.timed_out_until
                     ^^^^^^^^^^^^^^^^^^^^^^
AttributeError: 'Member' object has no attribute 'timed_out_until'
Ignoring exception in on_member_update
Traceback (most recent call last):
  File "/usr/local/lib/python3.12/site-packages/discord/client.py", line 465, in _run_event
    await coro(*args, **kwargs)
  File "/app/asu_discord/cogs/analytics.py", line 652, in on_member_update
    before_timeout = before.timed_out_until
                     ^^^^^^^^^^^^^^^^^^^^^^
AttributeError: 'Member' object has no attribute 'timed_out_until'
Ignoring exception in on_member_update
Traceback (most recent call last):
  File "/usr/local/lib/python3.12/site-packages/discord/client.py", line 465, in _run_event
    await coro(*args, **kwargs)
  File "/app/asu_discord/cogs/analytics.py", line 652, in on_member_update
    before_timeout = before.timed_out_until
                     ^^^^^^^^^^^^^^^^^^^^^^
AttributeError: 'Member' object has no attribute 'timed_out_until'
Ignoring exception in on_member_update
Traceback (most recent call last):
  File "/usr/local/lib/python3.12/site-packages/discord/client.py", line 465, in _run_event
    await coro(*args, **kwargs)
  File "/app/asu_discord/cogs/analytics.py", line 652, in on_member_update
    before_timeout = before.timed_out_until
                     ^^^^^^^^^^^^^^^^^^^^^^
AttributeError: 'Member' object has no attribute 'timed_out_until'
INFO:asu_discord.cogs.verification:Saved 6 roles to database for user mguill26 (Discord ID: 759145121920319519)
INFO:asu_discord.cogs.verification:Refreshed Salesforce roles for Discord user 759145121920319519: -6/+5 roles, assigned=[Arizona Resident, Commited, Edson College of Nursing and Health Innovation, First Generation Student, First Year, Tempe]
Ignoring exception in on_member_update
Traceback (most recent call last):
  File "/usr/local/lib/python3.12/site-packages/discord/client.py", line 465, in _run_event
    await coro(*args, **kwargs)
  File "/app/asu_discord/cogs/analytics.py", line 652, in on_member_update
    before_timeout = before.timed_out_until
                     ^^^^^^^^^^^^^^^^^^^^^^
AttributeError: 'Member' object has no attribute 'timed_out_until'
Ignoring exception in on_member_update
Traceback (most recent call last):
  File "/usr/local/lib/python3.12/site-packages/discord/client.py", line 465, in _run_event
    await coro(*args, **kwargs)
  File "/app/asu_discord/cogs/analytics.py", line 652, in on_member_update
    before_timeout = before.timed_out_until
                     ^^^^^^^^^^^^^^^^^^^^^^
AttributeError: 'Member' object has no attribute 'timed_out_until'
Ignoring exception in on_member_update
Traceback (most recent call last):
  File "/usr/local/lib/python3.12/site-packages/discord/client.py", line 465, in _run_event
    await coro(*args, **kwargs)
  File "/app/asu_discord/cogs/analytics.py", line 652, in on_member_update
    before_timeout = before.timed_out_until
                     ^^^^^^^^^^^^^^^^^^^^^^
AttributeError: 'Member' object has no attribute 'timed_out_until'
Ignoring exception in on_member_update
Traceback (most recent call last):
  File "/usr/local/lib/python3.12/site-packages/discord/client.py", line 465, in _run_event
    await coro(*args, **kwargs)
  File "/app/asu_discord/cogs/analytics.py", line 652, in on_member_update
    before_timeout = before.timed_out_until
                     ^^^^^^^^^^^^^^^^^^^^^^
AttributeError: 'Member' object has no attribute 'timed_out_until'
Ignoring exception in on_member_update
Traceback (most recent call last):
  File "/usr/local/lib/python3.12/site-packages/discord/client.py", line 465, in _run_event
    await coro(*args, **kwargs)
  File "/app/asu_discord/cogs/analytics.py", line 652, in on_member_update
    before_timeout = before.timed_out_until
                     ^^^^^^^^^^^^^^^^^^^^^^
AttributeError: 'Member' object has no attribute 'timed_out_until'
Ignoring exception in on_member_update
Traceback (most recent call last):
  File "/usr/local/lib/python3.12/site-packages/discord/client.py", line 465, in _run_event
    await coro(*args, **kwargs)
  File "/app/asu_discord/cogs/analytics.py", line 652, in on_member_update
    before_timeout = before.timed_out_until
                     ^^^^^^^^^^^^^^^^^^^^^^
AttributeError: 'Member' object has no attribute 'timed_out_until'
Ignoring exception in on_member_update
Traceback (most recent call last):
  File "/usr/local/lib/python3.12/site-packages/discord/client.py", line 465, in _run_event
    await coro(*args, **kwargs)
  File "/app/asu_discord/cogs/analytics.py", line 652, in on_member_update
    before_timeout = before.timed_out_until
                     ^^^^^^^^^^^^^^^^^^^^^^
AttributeError: 'Member' object has no attribute 'timed_out_until'
Ignoring exception in on_member_update
Traceback (most recent call last):
  File "/usr/local/lib/python3.12/site-packages/discord/client.py", line 465, in _run_event
    await coro(*args, **kwargs)
  File "/app/asu_discord/cogs/analytics.py", line 652, in on_member_update
    before_timeout = before.timed_out_until
                     ^^^^^^^^^^^^^^^^^^^^^^
AttributeError: 'Member' object has no attribute 'timed_out_until'
Ignoring exception in on_member_update
Traceback (most recent call last):
  File "/usr/local/lib/python3.12/site-packages/discord/client.py", line 465, in _run_event
    await coro(*args, **kwargs)
  File "/app/asu_discord/cogs/analytics.py", line 652, in on_member_update
    before_timeout = before.timed_out_until
                     ^^^^^^^^^^^^^^^^^^^^^^
AttributeError: 'Member' object has no attribute 'timed_out_until'
INFO:asu_discord.cogs.verification:Saved 5 roles to database for user achekoti (Discord ID: 1497216997836984472)
INFO:asu_discord.cogs.verification:Refreshed Salesforce roles for Discord user 1497216997836984472: -4/+5 roles, assigned=[Commited, First Year, International Student, Ira A. Fulton Schools of Engineering, Polytechnic]
Ignoring exception in on_member_update
Traceback (most recent call last):
  File "/usr/local/lib/python3.12/site-packages/discord/client.py", line 465, in _run_event
    await coro(*args, **kwargs)
  File "/app/asu_discord/cogs/analytics.py", line 652, in on_member_update
    before_timeout = before.timed_out_until
                     ^^^^^^^^^^^^^^^^^^^^^^
AttributeError: 'Member' object has no attribute 'timed_out_until'
Ignoring exception in on_member_update
Traceback (most recent call last):
  File "/usr/local/lib/python3.12/site-packages/discord/client.py", line 465, in _run_event
    await coro(*args, **kwargs)
  File "/app/asu_discord/cogs/analytics.py", line 652, in on_member_update
    before_timeout = before.timed_out_until
                     ^^^^^^^^^^^^^^^^^^^^^^
AttributeError: 'Member' object has no attribute 'timed_out_until'
Ignoring exception in on_member_update
Traceback (most recent call last):
  File "/usr/local/lib/python3.12/site-packages/discord/client.py", line 465, in _run_event
    await coro(*args, **kwargs)
  File "/app/asu_discord/cogs/analytics.py", line 652, in on_member_update
    before_timeout = before.timed_out_until
                     ^^^^^^^^^^^^^^^^^^^^^^
AttributeError: 'Member' object has no attribute 'timed_out_until'
Ignoring exception in on_member_update
Traceback (most recent call last):
  File "/usr/local/lib/python3.12/site-packages/discord/client.py", line 465, in _run_event
    await coro(*args, **kwargs)
  File "/app/asu_discord/cogs/analytics.py", line 652, in on_member_update
    before_timeout = before.timed_out_until
                     ^^^^^^^^^^^^^^^^^^^^^^
AttributeError: 'Member' object has no attribute 'timed_out_until'
Ignoring exception in on_member_update
Traceback (most recent call last):
  File "/usr/local/lib/python3.12/site-packages/discord/client.py", line 465, in _run_event
    await coro(*args, **kwargs)
  File "/app/asu_discord/cogs/analytics.py", line 652, in on_member_update
    before_timeout = before.timed_out_until
                     ^^^^^^^^^^^^^^^^^^^^^^
AttributeError: 'Member' object has no attribute 'timed_out_until'
Ignoring exception in on_member_update
Traceback (most recent call last):
  File "/usr/local/lib/python3.12/site-packages/discord/client.py", line 465, in _run_event
    await coro(*args, **kwargs)
  File "/app/asu_discord/cogs/analytics.py", line 652, in on_member_update
    before_timeout = before.timed_out_until
                     ^^^^^^^^^^^^^^^^^^^^^^
AttributeError: 'Member' object has no attribute 'timed_out_until'
Ignoring exception in on_member_update
Traceback (most recent call last):
  File "/usr/local/lib/python3.12/site-packages/discord/client.py", line 465, in _run_event
    await coro(*args, **kwargs)
  File "/app/asu_discord/cogs/analytics.py", line 652, in on_member_update
    before_timeout = before.timed_out_until
                     ^^^^^^^^^^^^^^^^^^^^^^
AttributeError: 'Member' object has no attribute 'timed_out_until'
Ignoring exception in on_member_update
Traceback (most recent call last):
  File "/usr/local/lib/python3.12/site-packages/discord/client.py", line 465, in _run_event
    await coro(*args, **kwargs)
  File "/app/asu_discord/cogs/analytics.py", line 652, in on_member_update
    before_timeout = before.timed_out_until
                     ^^^^^^^^^^^^^^^^^^^^^^
AttributeError: 'Member' object has no attribute 'timed_out_until'
Ignoring exception in on_member_update
Traceback (most recent call last):
  File "/usr/local/lib/python3.12/site-packages/discord/client.py", line 465, in _run_event
    await coro(*args, **kwargs)
  File "/app/asu_discord/cogs/analytics.py", line 652, in on_member_update
    before_timeout = before.timed_out_until
                     ^^^^^^^^^^^^^^^^^^^^^^
AttributeError: 'Member' object has no attribute 'timed_out_until'
Ignoring exception in on_member_update
Traceback (most recent call last):
  File "/usr/local/lib/python3.12/site-packages/discord/client.py", line 465, in _run_event
    await coro(*args, **kwargs)
  File "/app/asu_discord/cogs/analytics.py", line 652, in on_member_update
    before_timeout = before.timed_out_until
                     ^^^^^^^^^^^^^^^^^^^^^^
AttributeError: 'Member' object has no attribute 'timed_out_until'
INFO:asu_discord.cogs.verification:Saved 5 roles to database for user rmaindol (Discord ID: 1338515304892076151)
INFO:asu_discord.cogs.verification:Refreshed Salesforce roles for Discord user 1338515304892076151: -5/+5 roles, assigned=[Commited, First Year, International Student, Ira A. Fulton Schools of Engineering, Tempe]
Ignoring exception in on_member_update
Traceback (most recent call last):
  File "/usr/local/lib/python3.12/site-packages/discord/client.py", line 465, in _run_event
    await coro(*args, **kwargs)
  File "/app/asu_discord/cogs/analytics.py", line 652, in on_member_update
    before_timeout = before.timed_out_until
                     ^^^^^^^^^^^^^^^^^^^^^^
AttributeError: 'Member' object has no attribute 'timed_out_until'
Ignoring exception in on_member_update
Traceback (most recent call last):
  File "/usr/local/lib/python3.12/site-packages/discord/client.py", line 465, in _run_event
    await coro(*args, **kwargs)
  File "/app/asu_discord/cogs/analytics.py", line 652, in on_member_update
    before_timeout = before.timed_out_until
                     ^^^^^^^^^^^^^^^^^^^^^^
AttributeError: 'Member' object has no attribute 'timed_out_until'
Ignoring exception in on_member_update
Traceback (most recent call last):
  File "/usr/local/lib/python3.12/site-packages/discord/client.py", line 465, in _run_event
    await coro(*args, **kwargs)
  File "/app/asu_discord/cogs/analytics.py", line 652, in on_member_update
    before_timeout = before.timed_out_until
                     ^^^^^^^^^^^^^^^^^^^^^^
AttributeError: 'Member' object has no attribute 'timed_out_until'
Ignoring exception in on_member_update
Traceback (most recent call last):
  File "/usr/local/lib/python3.12/site-packages/discord/client.py", line 465, in _run_event
    await coro(*args, **kwargs)
  File "/app/asu_discord/cogs/analytics.py", line 652, in on_member_update
    before_timeout = before.timed_out_until
                     ^^^^^^^^^^^^^^^^^^^^^^
AttributeError: 'Member' object has no attribute 'timed_out_until'
Ignoring exception in on_member_update
Traceback (most recent call last):
  File "/usr/local/lib/python3.12/site-packages/discord/client.py", line 465, in _run_event
    await coro(*args, **kwargs)
  File "/app/asu_discord/cogs/analytics.py", line 652, in on_member_update
    before_timeout = before.timed_out_until
                     ^^^^^^^^^^^^^^^^^^^^^^
AttributeError: 'Member' object has no attribute 'timed_out_until'
Ignoring exception in on_member_update
Traceback (most recent call last):
  File "/usr/local/lib/python3.12/site-packages/discord/client.py", line 465, in _run_event
    await coro(*args, **kwargs)
  File "/app/asu_discord/cogs/analytics.py", line 652, in on_member_update
    before_timeout = before.timed_out_until
                     ^^^^^^^^^^^^^^^^^^^^^^
AttributeError: 'Member' object has no attribute 'timed_out_until'
Ignoring exception in on_member_update
Traceback (most recent call last):
  File "/usr/local/lib/python3.12/site-packages/discord/client.py", line 465, in _run_event
    await coro(*args, **kwargs)
  File "/app/asu_discord/cogs/analytics.py", line 652, in on_member_update
    before_timeout = before.timed_out_until
                     ^^^^^^^^^^^^^^^^^^^^^^
AttributeError: 'Member' object has no attribute 'timed_out_until'
Ignoring exception in on_member_update
Traceback (most recent call last):
  File "/usr/local/lib/python3.12/site-packages/discord/client.py", line 465, in _run_event
    await coro(*args, **kwargs)
  File "/app/asu_discord/cogs/analytics.py", line 652, in on_member_update
    before_timeout = before.timed_out_until
                     ^^^^^^^^^^^^^^^^^^^^^^
AttributeError: 'Member' object has no attribute 'timed_out_until'
Ignoring exception in on_member_update
Traceback (most recent call last):
  File "/usr/local/lib/python3.12/site-packages/discord/client.py", line 465, in _run_event
    await coro(*args, **kwargs)
  File "/app/asu_discord/cogs/analytics.py", line 652, in on_member_update
    before_timeout = before.timed_out_until
                     ^^^^^^^^^^^^^^^^^^^^^^
AttributeError: 'Member' object has no attribute 'timed_out_until'
Ignoring exception in on_member_update
Traceback (most recent call last):
  File "/usr/local/lib/python3.12/site-packages/discord/client.py", line 465, in _run_event
    await coro(*args, **kwargs)
  File "/app/asu_discord/cogs/analytics.py", line 652, in on_member_update
    before_timeout = before.timed_out_until
                     ^^^^^^^^^^^^^^^^^^^^^^
AttributeError: 'Member' object has no attribute 'timed_out_until'
INFO:asu_discord.cogs.verification:Saved 5 roles to database for user adbower4 (Discord ID: 745089556621164574)
INFO:asu_discord.cogs.verification:Refreshed Salesforce roles for Discord user 745089556621164574: -5/+5 roles, assigned=[Arizona Resident, Commited, First Year, Ira A. Fulton Schools of Engineering, Tempe]
Ignoring exception in on_member_update
Traceback (most recent call last):
  File "/usr/local/lib/python3.12/site-packages/discord/client.py", line 465, in _run_event
    await coro(*args, **kwargs)
  File "/app/asu_discord/cogs/analytics.py", line 652, in on_member_update
    before_timeout = before.timed_out_until
                     ^^^^^^^^^^^^^^^^^^^^^^
AttributeError: 'Member' object has no attribute 'timed_out_until'
Ignoring exception in on_member_update
Traceback (most recent call last):
  File "/usr/local/lib/python3.12/site-packages/discord/client.py", line 465, in _run_event
    await coro(*args, **kwargs)
  File "/app/asu_discord/cogs/analytics.py", line 652, in on_member_update
    before_timeout = before.timed_out_until
                     ^^^^^^^^^^^^^^^^^^^^^^
AttributeError: 'Member' object has no attribute 'timed_out_until'
Ignoring exception in on_member_update
Traceback (most recent call last):
  File "/usr/local/lib/python3.12/site-packages/discord/client.py", line 465, in _run_event
    await coro(*args, **kwargs)
  File "/app/asu_discord/cogs/analytics.py", line 652, in on_member_update
    before_timeout = before.timed_out_until
                     ^^^^^^^^^^^^^^^^^^^^^^
AttributeError: 'Member' object has no attribute 'timed_out_until'
Ignoring exception in on_member_update
Traceback (most recent call last):
  File "/usr/local/lib/python3.12/site-packages/discord/client.py", line 465, in _run_event
    await coro(*args, **kwargs)
  File "/app/asu_discord/cogs/analytics.py", line 652, in on_member_update
    before_timeout = before.timed_out_until
                     ^^^^^^^^^^^^^^^^^^^^^^
AttributeError: 'Member' object has no attribute 'timed_out_until'
Ignoring exception in on_member_update
Traceback (most recent call last):
  File "/usr/local/lib/python3.12/site-packages/discord/client.py", line 465, in _run_event
    await coro(*args, **kwargs)
  File "/app/asu_discord/cogs/analytics.py", line 652, in on_member_update
    before_timeout = before.timed_out_until
                     ^^^^^^^^^^^^^^^^^^^^^^
AttributeError: 'Member' object has no attribute 'timed_out_until'
Ignoring exception in on_member_update
Traceback (most recent call last):
  File "/usr/local/lib/python3.12/site-packages/discord/client.py", line 465, in _run_event
    await coro(*args, **kwargs)
  File "/app/asu_discord/cogs/analytics.py", line 652, in on_member_update
    before_timeout = before.timed_out_until
                     ^^^^^^^^^^^^^^^^^^^^^^
AttributeError: 'Member' object has no attribute 'timed_out_until'
Ignoring exception in on_member_update
Traceback (most recent call last):
  File "/usr/local/lib/python3.12/site-packages/discord/client.py", line 465, in _run_event
    await coro(*args, **kwargs)
  File "/app/asu_discord/cogs/analytics.py", line 652, in on_member_update
    before_timeout = before.timed_out_until
                     ^^^^^^^^^^^^^^^^^^^^^^
AttributeError: 'Member' object has no attribute 'timed_out_until'
Ignoring exception in on_member_update
Traceback (most recent call last):
  File "/usr/local/lib/python3.12/site-packages/discord/client.py", line 465, in _run_event
    await coro(*args, **kwargs)
  File "/app/asu_discord/cogs/analytics.py", line 652, in on_member_update
    before_timeout = before.timed_out_until
                     ^^^^^^^^^^^^^^^^^^^^^^
AttributeError: 'Member' object has no attribute 'timed_out_until'
Ignoring exception in on_member_update
Traceback (most recent call last):
  File "/usr/local/lib/python3.12/site-packages/discord/client.py", line 465, in _run_event
    await coro(*args, **kwargs)
  File "/app/asu_discord/cogs/analytics.py", line 652, in on_member_update
    before_timeout = before.timed_out_until
                     ^^^^^^^^^^^^^^^^^^^^^^
AttributeError: 'Member' object has no attribute 'timed_out_until'
Ignoring exception in on_member_update
Traceback (most recent call last):
  File "/usr/local/lib/python3.12/site-packages/discord/client.py", line 465, in _run_event
    await coro(*args, **kwargs)
  File "/app/asu_discord/cogs/analytics.py", line 652, in on_member_update
    before_timeout = before.timed_out_until
                     ^^^^^^^^^^^^^^^^^^^^^^
AttributeError: 'Member' object has no attribute 'timed_out_until'
Ignoring exception in on_member_update
Traceback (most recent call last):
  File "/usr/local/lib/python3.12/site-packages/discord/client.py", line 465, in _run_event
    await coro(*args, **kwargs)
  File "/app/asu_discord/cogs/analytics.py", line 652, in on_member_update
    before_timeout = before.timed_out_until
                     ^^^^^^^^^^^^^^^^^^^^^^
AttributeError: 'Member' object has no attribute 'timed_out_until'
ERROR:cron.jobs:refresh_salesforce_roles: failed for rpdiaz1 (Discord ID 300730744291065857): Timed out refresh Salesforce-based roles
Ignoring exception in on_member_update
Traceback (most recent call last):
  File "/usr/local/lib/python3.12/site-packages/discord/client.py", line 465, in _run_event
    await coro(*args, **kwargs)
  File "/app/asu_discord/cogs/analytics.py", line 652, in on_member_update
    before_timeout = before.timed_out_until
                     ^^^^^^^^^^^^^^^^^^^^^^
AttributeError: 'Member' object has no attribute 'timed_out_until'
Ignoring exception in on_member_update
Traceback (most recent call last):
  File "/usr/local/lib/python3.12/site-packages/discord/client.py", line 465, in _run_event
    await coro(*args, **kwargs)
  File "/app/asu_discord/cogs/analytics.py", line 652, in on_member_update
    before_timeout = before.timed_out_until
                     ^^^^^^^^^^^^^^^^^^^^^^
AttributeError: 'Member' object has no attribute 'timed_out_until'
Ignoring exception in on_member_update
Traceback (most recent call last):
  File "/usr/local/lib/python3.12/site-packages/discord/client.py", line 465, in _run_event
    await coro(*args, **kwargs)
  File "/app/asu_discord/cogs/analytics.py", line 652, in on_member_update
    before_timeout = before.timed_out_until
                     ^^^^^^^^^^^^^^^^^^^^^^
AttributeError: 'Member' object has no attribute 'timed_out_until'
Ignoring exception in on_member_update
Traceback (most recent call last):
  File "/usr/local/lib/python3.12/site-packages/discord/client.py", line 465, in _run_event
    await coro(*args, **kwargs)
  File "/app/asu_discord/cogs/analytics.py", line 652, in on_member_update
    before_timeout = before.timed_out_until
                     ^^^^^^^^^^^^^^^^^^^^^^
AttributeError: 'Member' object has no attribute 'timed_out_until'
Ignoring exception in on_member_update
Traceback (most recent call last):
  File "/usr/local/lib/python3.12/site-packages/discord/client.py", line 465, in _run_event
    await coro(*args, **kwargs)
  File "/app/asu_discord/cogs/analytics.py", line 652, in on_member_update
    before_timeout = before.timed_out_until
                     ^^^^^^^^^^^^^^^^^^^^^^
AttributeError: 'Member' object has no attribute 'timed_out_until'
Ignoring exception in on_member_update
Traceback (most recent call last):
  File "/usr/local/lib/python3.12/site-packages/discord/client.py", line 465, in _run_event
    await coro(*args, **kwargs)
  File "/app/asu_discord/cogs/analytics.py", line 652, in on_member_update
    before_timeout = before.timed_out_until
                     ^^^^^^^^^^^^^^^^^^^^^^
AttributeError: 'Member' object has no attribute 'timed_out_until'
Ignoring exception in on_member_update
Traceback (most recent call last):
  File "/usr/local/lib/python3.12/site-packages/discord/client.py", line 465, in _run_event
    await coro(*args, **kwargs)
  File "/app/asu_discord/cogs/analytics.py", line 652, in on_member_update
    before_timeout = before.timed_out_until
                     ^^^^^^^^^^^^^^^^^^^^^^
AttributeError: 'Member' object has no attribute 'timed_out_until'
Ignoring exception in on_member_update
Traceback (most recent call last):
  File "/usr/local/lib/python3.12/site-packages/discord/client.py", line 465, in _run_event
    await coro(*args, **kwargs)
  File "/app/asu_discord/cogs/analytics.py", line 652, in on_member_update
    before_timeout = before.timed_out_until
                     ^^^^^^^^^^^^^^^^^^^^^^
AttributeError: 'Member' object has no attribute 'timed_out_until'
Ignoring exception in on_member_update
Traceback (most recent call last):
  File "/usr/local/lib/python3.12/site-packages/discord/client.py", line 465, in _run_event
    await coro(*args, **kwargs)
  File "/app/asu_discord/cogs/analytics.py", line 652, in on_member_update
    before_timeout = before.timed_out_until
                     ^^^^^^^^^^^^^^^^^^^^^^
AttributeError: 'Member' object has no attribute 'timed_out_until'
Ignoring exception in on_member_update
Traceback (most recent call last):
  File "/usr/local/lib/python3.12/site-packages/discord/client.py", line 465, in _run_event
    await coro(*args, **kwargs)
  File "/app/asu_discord/cogs/analytics.py", line 652, in on_member_update
    before_timeout = before.timed_out_until
                     ^^^^^^^^^^^^^^^^^^^^^^
AttributeError: 'Member' object has no attribute 'timed_out_until'
ERROR:cron.jobs:refresh_salesforce_roles: failed for vbejar1 (Discord ID 346452722423431178): Timed out refresh Salesforce-based roles
Ignoring exception in on_member_update
Traceback (most recent call last):
  File "/usr/local/lib/python3.12/site-packages/discord/client.py", line 465, in _run_event
    await coro(*args, **kwargs)
  File "/app/asu_discord/cogs/analytics.py", line 652, in on_member_update
    before_timeout = before.timed_out_until
                     ^^^^^^^^^^^^^^^^^^^^^^
AttributeError: 'Member' object has no attribute 'timed_out_until'
Ignoring exception in on_member_update
Traceback (most recent call last):
  File "/usr/local/lib/python3.12/site-packages/discord/client.py", line 465, in _run_event
    await coro(*args, **kwargs)
  File "/app/asu_discord/cogs/analytics.py", line 652, in on_member_update
    before_timeout = before.timed_out_until
                     ^^^^^^^^^^^^^^^^^^^^^^
AttributeError: 'Member' object has no attribute 'timed_out_until'
Ignoring exception in on_member_update
Traceback (most recent call last):
  File "/usr/local/lib/python3.12/site-packages/discord/client.py", line 465, in _run_event
    await coro(*args, **kwargs)
  File "/app/asu_discord/cogs/analytics.py", line 652, in on_member_update
    before_timeout = before.timed_out_until
                     ^^^^^^^^^^^^^^^^^^^^^^
AttributeError: 'Member' object has no attribute 'timed_out_until'
Ignoring exception in on_member_update
Traceback (most recent call last):
  File "/usr/local/lib/python3.12/site-packages/discord/client.py", line 465, in _run_event
    await coro(*args, **kwargs)
  File "/app/asu_discord/cogs/analytics.py", line 652, in on_member_update
    before_timeout = before.timed_out_until
                     ^^^^^^^^^^^^^^^^^^^^^^
AttributeError: 'Member' object has no attribute 'timed_out_until'
Ignoring exception in on_member_update
Traceback (most recent call last):
  File "/usr/local/lib/python3.12/site-packages/discord/client.py", line 465, in _run_event
    await coro(*args, **kwargs)
  File "/app/asu_discord/cogs/analytics.py", line 652, in on_member_update
    before_timeout = before.timed_out_until
                     ^^^^^^^^^^^^^^^^^^^^^^
AttributeError: 'Member' object has no attribute 'timed_out_until'
Ignoring exception in on_member_update
Traceback (most recent call last):
  File "/usr/local/lib/python3.12/site-packages/discord/client.py", line 465, in _run_event
    await coro(*args, **kwargs)
  File "/app/asu_discord/cogs/analytics.py", line 652, in on_member_update
    before_timeout = before.timed_out_until
                     ^^^^^^^^^^^^^^^^^^^^^^
AttributeError: 'Member' object has no attribute 'timed_out_until'
Ignoring exception in on_member_update
Traceback (most recent call last):
  File "/usr/local/lib/python3.12/site-packages/discord/client.py", line 465, in _run_event
    await coro(*args, **kwargs)
  File "/app/asu_discord/cogs/analytics.py", line 652, in on_member_update
    before_timeout = before.timed_out_until
                     ^^^^^^^^^^^^^^^^^^^^^^
AttributeError: 'Member' object has no attribute 'timed_out_until'
Ignoring exception in on_member_update
Traceback (most recent call last):
  File "/usr/local/lib/python3.12/site-packages/discord/client.py", line 465, in _run_event
    await coro(*args, **kwargs)
  File "/app/asu_discord/cogs/analytics.py", line 652, in on_member_update
    before_timeout = before.timed_out_until
                     ^^^^^^^^^^^^^^^^^^^^^^
AttributeError: 'Member' object has no attribute 'timed_out_until'
Ignoring exception in on_member_update
Traceback (most recent call last):
  File "/usr/local/lib/python3.12/site-packages/discord/client.py", line 465, in _run_event
    await coro(*args, **kwargs)
  File "/app/asu_discord/cogs/analytics.py", line 652, in on_member_update
    before_timeout = before.timed_out_until
                     ^^^^^^^^^^^^^^^^^^^^^^
AttributeError: 'Member' object has no attribute 'timed_out_until'
INFO:asu_discord.cogs.verification:Saved 5 roles to database for user enewquis (Discord ID: 339947169316339712)
INFO:asu_discord.cogs.verification:Refreshed Salesforce roles for Discord user 339947169316339712: -5/+4 roles, assigned=[Commited, Downtown Phoenix, Graduate Student, Out of State, Watts College of Public Service and Community Solutions]
Ignoring exception in on_member_update
Traceback (most recent call last):
  File "/usr/local/lib/python3.12/site-packages/discord/client.py", line 465, in _run_event
    await coro(*args, **kwargs)
  File "/app/asu_discord/cogs/analytics.py", line 652, in on_member_update
    before_timeout = before.timed_out_until
                     ^^^^^^^^^^^^^^^^^^^^^^
AttributeError: 'Member' object has no attribute 'timed_out_until'
Ignoring exception in on_member_update
Traceback (most recent call last):
  File "/usr/local/lib/python3.12/site-packages/discord/client.py", line 465, in _run_event
    await coro(*args, **kwargs)
  File "/app/asu_discord/cogs/analytics.py", line 652, in on_member_update
    before_timeout = before.timed_out_until
                     ^^^^^^^^^^^^^^^^^^^^^^
AttributeError: 'Member' object has no attribute 'timed_out_until'
Ignoring exception in on_member_update
Traceback (most recent call last):
  File "/usr/local/lib/python3.12/site-packages/discord/client.py", line 465, in _run_event
    await coro(*args, **kwargs)
  File "/app/asu_discord/cogs/analytics.py", line 652, in on_member_update
    before_timeout = before.timed_out_until
                     ^^^^^^^^^^^^^^^^^^^^^^
AttributeError: 'Member' object has no attribute 'timed_out_until'
Ignoring exception in on_member_update
Traceback (most recent call last):
  File "/usr/local/lib/python3.12/site-packages/discord/client.py", line 465, in _run_event
    await coro(*args, **kwargs)
  File "/app/asu_discord/cogs/analytics.py", line 652, in on_member_update
    before_timeout = before.timed_out_until
                     ^^^^^^^^^^^^^^^^^^^^^^
AttributeError: 'Member' object has no attribute 'timed_out_until'
Ignoring exception in on_member_update
Traceback (most recent call last):
  File "/usr/local/lib/python3.12/site-packages/discord/client.py", line 465, in _run_event
    await coro(*args, **kwargs)
  File "/app/asu_discord/cogs/analytics.py", line 652, in on_member_update
    before_timeout = before.timed_out_until
                     ^^^^^^^^^^^^^^^^^^^^^^
AttributeError: 'Member' object has no attribute 'timed_out_until'
Ignoring exception in on_member_update
Traceback (most recent call last):
  File "/usr/local/lib/python3.12/site-packages/discord/client.py", line 465, in _run_event
    await coro(*args, **kwargs)
  File "/app/asu_discord/cogs/analytics.py", line 652, in on_member_update
    before_timeout = before.timed_out_until
                     ^^^^^^^^^^^^^^^^^^^^^^
AttributeError: 'Member' object has no attribute 'timed_out_until'
Ignoring exception in on_member_update
Traceback (most recent call last):
  File "/usr/local/lib/python3.12/site-packages/discord/client.py", line 465, in _run_event
    await coro(*args, **kwargs)
  File "/app/asu_discord/cogs/analytics.py", line 652, in on_member_update
    before_timeout = before.timed_out_until
                     ^^^^^^^^^^^^^^^^^^^^^^
AttributeError: 'Member' object has no attribute 'timed_out_until'
Ignoring exception in on_member_update
Traceback (most recent call last):
  File "/usr/local/lib/python3.12/site-packages/discord/client.py", line 465, in _run_event
    await coro(*args, **kwargs)
  File "/app/asu_discord/cogs/analytics.py", line 652, in on_member_update
    before_timeout = before.timed_out_until
                     ^^^^^^^^^^^^^^^^^^^^^^
AttributeError: 'Member' object has no attribute 'timed_out_until'
Ignoring exception in on_member_update
Traceback (most recent call last):
  File "/usr/local/lib/python3.12/site-packages/discord/client.py", line 465, in _run_event
    await coro(*args, **kwargs)
  File "/app/asu_discord/cogs/analytics.py", line 652, in on_member_update
    before_timeout = before.timed_out_until
                     ^^^^^^^^^^^^^^^^^^^^^^
AttributeError: 'Member' object has no attribute 'timed_out_until'
Ignoring exception in on_member_update
Traceback (most recent call last):
  File "/usr/local/lib/python3.12/site-packages/discord/client.py", line 465, in _run_event
    await coro(*args, **kwargs)
  File "/app/asu_discord/cogs/analytics.py", line 652, in on_member_update
    before_timeout = before.timed_out_until
                     ^^^^^^^^^^^^^^^^^^^^^^
AttributeError: 'Member' object has no attribute 'timed_out_until'
INFO:asu_discord.cogs.verification:Saved 5 roles to database for user mcpigott (Discord ID: 1497341445546180813)
INFO:asu_discord.cogs.verification:Refreshed Salesforce roles for Discord user 1497341445546180813: -5/+5 roles, assigned=[Commited, First Year, Herberger Institute for Design and the Arts, Out of State, Tempe]
Ignoring exception in on_member_update
Traceback (most recent call last):
  File "/usr/local/lib/python3.12/site-packages/discord/client.py", line 465, in _run_event
    await coro(*args, **kwargs)
  File "/app/asu_discord/cogs/analytics.py", line 652, in on_member_update
    before_timeout = before.timed_out_until
                     ^^^^^^^^^^^^^^^^^^^^^^
AttributeError: 'Member' object has no attribute 'timed_out_until'
Ignoring exception in on_member_update
Traceback (most recent call last):
  File "/usr/local/lib/python3.12/site-packages/discord/client.py", line 465, in _run_event
    await coro(*args, **kwargs)
  File "/app/asu_discord/cogs/analytics.py", line 652, in on_member_update
    before_timeout = before.timed_out_until
                     ^^^^^^^^^^^^^^^^^^^^^^
AttributeError: 'Member' object has no attribute 'timed_out_until'
Ignoring exception in on_member_update
Traceback (most recent call last):
  File "/usr/local/lib/python3.12/site-packages/discord/client.py", line 465, in _run_event
    await coro(*args, **kwargs)
  File "/app/asu_discord/cogs/analytics.py", line 652, in on_member_update
    before_timeout = before.timed_out_until
                     ^^^^^^^^^^^^^^^^^^^^^^
AttributeError: 'Member' object has no attribute 'timed_out_until'
Ignoring exception in on_member_update
Traceback (most recent call last):
  File "/usr/local/lib/python3.12/site-packages/discord/client.py", line 465, in _run_event
    await coro(*args, **kwargs)
  File "/app/asu_discord/cogs/analytics.py", line 652, in on_member_update
    before_timeout = before.timed_out_until
                     ^^^^^^^^^^^^^^^^^^^^^^
AttributeError: 'Member' object has no attribute 'timed_out_until'
Ignoring exception in on_member_update
Traceback (most recent call last):
  File "/usr/local/lib/python3.12/site-packages/discord/client.py", line 465, in _run_event
    await coro(*args, **kwargs)
  File "/app/asu_discord/cogs/analytics.py", line 652, in on_member_update
    before_timeout = before.timed_out_until
                     ^^^^^^^^^^^^^^^^^^^^^^
AttributeError: 'Member' object has no attribute 'timed_out_until'
Ignoring exception in on_member_update
Traceback (most recent call last):
  File "/usr/local/lib/python3.12/site-packages/discord/client.py", line 465, in _run_event
    await coro(*args, **kwargs)
  File "/app/asu_discord/cogs/analytics.py", line 652, in on_member_update
    before_timeout = before.timed_out_until
                     ^^^^^^^^^^^^^^^^^^^^^^
AttributeError: 'Member' object has no attribute 'timed_out_until'
Ignoring exception in on_member_update
Traceback (most recent call last):
  File "/usr/local/lib/python3.12/site-packages/discord/client.py", line 465, in _run_event
    await coro(*args, **kwargs)
  File "/app/asu_discord/cogs/analytics.py", line 652, in on_member_update
    before_timeout = before.timed_out_until
                     ^^^^^^^^^^^^^^^^^^^^^^
AttributeError: 'Member' object has no attribute 'timed_out_until'
Ignoring exception in on_member_update
Traceback (most recent call last):
  File "/usr/local/lib/python3.12/site-packages/discord/client.py", line 465, in _run_event
    await coro(*args, **kwargs)
  File "/app/asu_discord/cogs/analytics.py", line 652, in on_member_update
    before_timeout = before.timed_out_until
                     ^^^^^^^^^^^^^^^^^^^^^^
AttributeError: 'Member' object has no attribute 'timed_out_until'
Ignoring exception in on_member_update
Traceback (most recent call last):
  File "/usr/local/lib/python3.12/site-packages/discord/client.py", line 465, in _run_event
    await coro(*args, **kwargs)
  File "/app/asu_discord/cogs/analytics.py", line 652, in on_member_update
    before_timeout = before.timed_out_until
                     ^^^^^^^^^^^^^^^^^^^^^^
AttributeError: 'Member' object has no attribute 'timed_out_until'
Ignoring exception in on_member_update
Traceback (most recent call last):
  File "/usr/local/lib/python3.12/site-packages/discord/client.py", line 465, in _run_event
    await coro(*args, **kwargs)
  File "/app/asu_discord/cogs/analytics.py", line 652, in on_member_update
    before_timeout = before.timed_out_until
                     ^^^^^^^^^^^^^^^^^^^^^^
AttributeError: 'Member' object has no attribute 'timed_out_until'
INFO:asu_discord.cogs.verification:Saved 5 roles to database for user alope192 (Discord ID: 679899451644706820)
INFO:asu_discord.cogs.verification:Refreshed Salesforce roles for Discord user 679899451644706820: -5/+5 roles, assigned=[Arizona Resident, Commited, Ira A. Fulton Schools of Engineering, Tempe, Transfer Student]
Ignoring exception in on_member_update
Traceback (most recent call last):
  File "/usr/local/lib/python3.12/site-packages/discord/client.py", line 465, in _run_event
    await coro(*args, **kwargs)
  File "/app/asu_discord/cogs/analytics.py", line 652, in on_member_update
    before_timeout = before.timed_out_until
                     ^^^^^^^^^^^^^^^^^^^^^^
AttributeError: 'Member' object has no attribute 'timed_out_until'
Ignoring exception in on_member_update
Traceback (most recent call last):
  File "/usr/local/lib/python3.12/site-packages/discord/client.py", line 465, in _run_event
    await coro(*args, **kwargs)
  File "/app/asu_discord/cogs/analytics.py", line 652, in on_member_update
    before_timeout = before.timed_out_until
                     ^^^^^^^^^^^^^^^^^^^^^^
AttributeError: 'Member' object has no attribute 'timed_out_until'
Ignoring exception in on_member_update
Traceback (most recent call last):
  File "/usr/local/lib/python3.12/site-packages/discord/client.py", line 465, in _run_event
    await coro(*args, **kwargs)
  File "/app/asu_discord/cogs/analytics.py", line 652, in on_member_update
    before_timeout = before.timed_out_until
                     ^^^^^^^^^^^^^^^^^^^^^^
AttributeError: 'Member' object has no attribute 'timed_out_until'
Ignoring exception in on_member_update
Traceback (most recent call last):
  File "/usr/local/lib/python3.12/site-packages/discord/client.py", line 465, in _run_event
    await coro(*args, **kwargs)
  File "/app/asu_discord/cogs/analytics.py", line 652, in on_member_update
    before_timeout = before.timed_out_until
                     ^^^^^^^^^^^^^^^^^^^^^^
AttributeError: 'Member' object has no attribute 'timed_out_until'
Ignoring exception in on_member_update
Traceback (most recent call last):
  File "/usr/local/lib/python3.12/site-packages/discord/client.py", line 465, in _run_event
    await coro(*args, **kwargs)
  File "/app/asu_discord/cogs/analytics.py", line 652, in on_member_update
    before_timeout = before.timed_out_until
                     ^^^^^^^^^^^^^^^^^^^^^^
AttributeError: 'Member' object has no attribute 'timed_out_until'
Ignoring exception in on_member_update
Traceback (most recent call last):
  File "/usr/local/lib/python3.12/site-packages/discord/client.py", line 465, in _run_event
    await coro(*args, **kwargs)
  File "/app/asu_discord/cogs/analytics.py", line 652, in on_member_update
    before_timeout = before.timed_out_until
                     ^^^^^^^^^^^^^^^^^^^^^^
AttributeError: 'Member' object has no attribute 'timed_out_until'
Ignoring exception in on_member_update
Traceback (most recent call last):
  File "/usr/local/lib/python3.12/site-packages/discord/client.py", line 465, in _run_event
    await coro(*args, **kwargs)
  File "/app/asu_discord/cogs/analytics.py", line 652, in on_member_update
    before_timeout = before.timed_out_until
                     ^^^^^^^^^^^^^^^^^^^^^^
AttributeError: 'Member' object has no attribute 'timed_out_until'
Ignoring exception in on_member_update
Traceback (most recent call last):
  File "/usr/local/lib/python3.12/site-packages/discord/client.py", line 465, in _run_event
    await coro(*args, **kwargs)
  File "/app/asu_discord/cogs/analytics.py", line 652, in on_member_update
    before_timeout = before.timed_out_until
                     ^^^^^^^^^^^^^^^^^^^^^^
AttributeError: 'Member' object has no attribute 'timed_out_until'
Ignoring exception in on_member_update
Traceback (most recent call last):
  File "/usr/local/lib/python3.12/site-packages/discord/client.py", line 465, in _run_event
    await coro(*args, **kwargs)
  File "/app/asu_discord/cogs/analytics.py", line 652, in on_member_update
    before_timeout = before.timed_out_until
                     ^^^^^^^^^^^^^^^^^^^^^^
AttributeError: 'Member' object has no attribute 'timed_out_until'
Ignoring exception in on_member_update
Traceback (most recent call last):
  File "/usr/local/lib/python3.12/site-packages/discord/client.py", line 465, in _run_event
    await coro(*args, **kwargs)
  File "/app/asu_discord/cogs/analytics.py", line 652, in on_member_update
    before_timeout = before.timed_out_until
                     ^^^^^^^^^^^^^^^^^^^^^^
AttributeError: 'Member' object has no attribute 'timed_out_until'
INFO:asu_discord.cogs.verification:Saved 5 roles to database for user aaperrei (Discord ID: 614968766945558535)
INFO:asu_discord.cogs.verification:Refreshed Salesforce roles for Discord user 614968766945558535: -5/+5 roles, assigned=[Commited, First Year, Out of State, Tempe, W.P. Carey School of Business]
Ignoring exception in on_member_update
Traceback (most recent call last):
  File "/usr/local/lib/python3.12/site-packages/discord/client.py", line 465, in _run_event
    await coro(*args, **kwargs)
  File "/app/asu_discord/cogs/analytics.py", line 652, in on_member_update
    before_timeout = before.timed_out_until
                     ^^^^^^^^^^^^^^^^^^^^^^
AttributeError: 'Member' object has no attribute 'timed_out_until'
Ignoring exception in on_member_update
Traceback (most recent call last):
  File "/usr/local/lib/python3.12/site-packages/discord/client.py", line 465, in _run_event
    await coro(*args, **kwargs)
  File "/app/asu_discord/cogs/analytics.py", line 652, in on_member_update
    before_timeout = before.timed_out_until
                     ^^^^^^^^^^^^^^^^^^^^^^
AttributeError: 'Member' object has no attribute 'timed_out_until'
Ignoring exception in on_member_update
Traceback (most recent call last):
  File "/usr/local/lib/python3.12/site-packages/discord/client.py", line 465, in _run_event
    await coro(*args, **kwargs)
  File "/app/asu_discord/cogs/analytics.py", line 652, in on_member_update
    before_timeout = before.timed_out_until
                     ^^^^^^^^^^^^^^^^^^^^^^
AttributeError: 'Member' object has no attribute 'timed_out_until'
Ignoring exception in on_member_update
Traceback (most recent call last):
  File "/usr/local/lib/python3.12/site-packages/discord/client.py", line 465, in _run_event
    await coro(*args, **kwargs)
  File "/app/asu_discord/cogs/analytics.py", line 652, in on_member_update
    before_timeout = before.timed_out_until
                     ^^^^^^^^^^^^^^^^^^^^^^
AttributeError: 'Member' object has no attribute 'timed_out_until'
Ignoring exception in on_member_update
Traceback (most recent call last):
  File "/usr/local/lib/python3.12/site-packages/discord/client.py", line 465, in _run_event
    await coro(*args, **kwargs)
  File "/app/asu_discord/cogs/analytics.py", line 652, in on_member_update
    before_timeout = before.timed_out_until
                     ^^^^^^^^^^^^^^^^^^^^^^
AttributeError: 'Member' object has no attribute 'timed_out_until'
Ignoring exception in on_member_update
Traceback (most recent call last):
  File "/usr/local/lib/python3.12/site-packages/discord/client.py", line 465, in _run_event
    await coro(*args, **kwargs)
  File "/app/asu_discord/cogs/analytics.py", line 652, in on_member_update
    before_timeout = before.timed_out_until
                     ^^^^^^^^^^^^^^^^^^^^^^
AttributeError: 'Member' object has no attribute 'timed_out_until'
Ignoring exception in on_member_update
Traceback (most recent call last):
  File "/usr/local/lib/python3.12/site-packages/discord/client.py", line 465, in _run_event
    await coro(*args, **kwargs)
  File "/app/asu_discord/cogs/analytics.py", line 652, in on_member_update
    before_timeout = before.timed_out_until
                     ^^^^^^^^^^^^^^^^^^^^^^
AttributeError: 'Member' object has no attribute 'timed_out_until'
Ignoring exception in on_member_update
Traceback (most recent call last):
  File "/usr/local/lib/python3.12/site-packages/discord/client.py", line 465, in _run_event
    await coro(*args, **kwargs)
  File "/app/asu_discord/cogs/analytics.py", line 652, in on_member_update
    before_timeout = before.timed_out_until
                     ^^^^^^^^^^^^^^^^^^^^^^
AttributeError: 'Member' object has no attribute 'timed_out_until'
Ignoring exception in on_member_update
Traceback (most recent call last):
  File "/usr/local/lib/python3.12/site-packages/discord/client.py", line 465, in _run_event
    await coro(*args, **kwargs)
  File "/app/asu_discord/cogs/analytics.py", line 652, in on_member_update
    before_timeout = before.timed_out_until
                     ^^^^^^^^^^^^^^^^^^^^^^
AttributeError: 'Member' object has no attribute 'timed_out_until'
Ignoring exception in on_member_update
Traceback (most recent call last):
  File "/usr/local/lib/python3.12/site-packages/discord/client.py", line 465, in _run_event
    await coro(*args, **kwargs)
  File "/app/asu_discord/cogs/analytics.py", line 652, in on_member_update
    before_timeout = before.timed_out_until
                     ^^^^^^^^^^^^^^^^^^^^^^
AttributeError: 'Member' object has no attribute 'timed_out_until'
INFO:asu_discord.cogs.verification:Saved 5 roles to database for user gsmulle1 (Discord ID: 1497376129634537503)
INFO:asu_discord.cogs.verification:Refreshed Salesforce roles for Discord user 1497376129634537503: -5/+5 roles, assigned=[Commited, First Year, Out of State, Tempe, W.P. Carey School of Business]
Ignoring exception in on_member_update
Traceback (most recent call last):
  File "/usr/local/lib/python3.12/site-packages/discord/client.py", line 465, in _run_event
    await coro(*args, **kwargs)
  File "/app/asu_discord/cogs/analytics.py", line 652, in on_member_update
    before_timeout = before.timed_out_until
                     ^^^^^^^^^^^^^^^^^^^^^^
AttributeError: 'Member' object has no attribute 'timed_out_until'
Ignoring exception in on_member_update
Traceback (most recent call last):
  File "/usr/local/lib/python3.12/site-packages/discord/client.py", line 465, in _run_event
    await coro(*args, **kwargs)
  File "/app/asu_discord/cogs/analytics.py", line 652, in on_member_update
    before_timeout = before.timed_out_until
                     ^^^^^^^^^^^^^^^^^^^^^^
AttributeError: 'Member' object has no attribute 'timed_out_until'
Ignoring exception in on_member_update
Traceback (most recent call last):
  File "/usr/local/lib/python3.12/site-packages/discord/client.py", line 465, in _run_event
    await coro(*args, **kwargs)
  File "/app/asu_discord/cogs/analytics.py", line 652, in on_member_update
    before_timeout = before.timed_out_until
                     ^^^^^^^^^^^^^^^^^^^^^^
AttributeError: 'Member' object has no attribute 'timed_out_until'
Ignoring exception in on_member_update
Traceback (most recent call last):
  File "/usr/local/lib/python3.12/site-packages/discord/client.py", line 465, in _run_event
    await coro(*args, **kwargs)
  File "/app/asu_discord/cogs/analytics.py", line 652, in on_member_update
    before_timeout = before.timed_out_until
                     ^^^^^^^^^^^^^^^^^^^^^^
AttributeError: 'Member' object has no attribute 'timed_out_until'
Ignoring exception in on_member_update
Traceback (most recent call last):
  File "/usr/local/lib/python3.12/site-packages/discord/client.py", line 465, in _run_event
    await coro(*args, **kwargs)
  File "/app/asu_discord/cogs/analytics.py", line 652, in on_member_update
    before_timeout = before.timed_out_until
                     ^^^^^^^^^^^^^^^^^^^^^^
AttributeError: 'Member' object has no attribute 'timed_out_until'
Ignoring exception in on_member_update
Traceback (most recent call last):
  File "/usr/local/lib/python3.12/site-packages/discord/client.py", line 465, in _run_event
    await coro(*args, **kwargs)
  File "/app/asu_discord/cogs/analytics.py", line 652, in on_member_update
    before_timeout = before.timed_out_until
                     ^^^^^^^^^^^^^^^^^^^^^^
AttributeError: 'Member' object has no attribute 'timed_out_until'
Ignoring exception in on_member_update
Traceback (most recent call last):
  File "/usr/local/lib/python3.12/site-packages/discord/client.py", line 465, in _run_event
    await coro(*args, **kwargs)
  File "/app/asu_discord/cogs/analytics.py", line 652, in on_member_update
    before_timeout = before.timed_out_until
                     ^^^^^^^^^^^^^^^^^^^^^^
AttributeError: 'Member' object has no attribute 'timed_out_until'
Ignoring exception in on_member_update
Traceback (most recent call last):
  File "/usr/local/lib/python3.12/site-packages/discord/client.py", line 465, in _run_event
    await coro(*args, **kwargs)
  File "/app/asu_discord/cogs/analytics.py", line 652, in on_member_update
    before_timeout = before.timed_out_until
                     ^^^^^^^^^^^^^^^^^^^^^^
AttributeError: 'Member' object has no attribute 'timed_out_until'
Ignoring exception in on_member_update
Traceback (most recent call last):
  File "/usr/local/lib/python3.12/site-packages/discord/client.py", line 465, in _run_event
    await coro(*args, **kwargs)
  File "/app/asu_discord/cogs/analytics.py", line 652, in on_member_update
    before_timeout = before.timed_out_until
                     ^^^^^^^^^^^^^^^^^^^^^^
AttributeError: 'Member' object has no attribute 'timed_out_until'
Ignoring exception in on_member_update
Traceback (most recent call last):
  File "/usr/local/lib/python3.12/site-packages/discord/client.py", line 465, in _run_event
    await coro(*args, **kwargs)
  File "/app/asu_discord/cogs/analytics.py", line 652, in on_member_update
    before_timeout = before.timed_out_until
                     ^^^^^^^^^^^^^^^^^^^^^^
AttributeError: 'Member' object has no attribute 'timed_out_until'
INFO:asu_discord.cogs.verification:Saved 5 roles to database for user dvolenec (Discord ID: 389590903142219776)
INFO:asu_discord.cogs.verification:Refreshed Salesforce roles for Discord user 389590903142219776: -5/+5 roles, assigned=[Arizona Resident, College of Liberal Arts and Sciences, Commited, First Year, Tempe]
Ignoring exception in on_member_update
Traceback (most recent call last):
  File "/usr/local/lib/python3.12/site-packages/discord/client.py", line 465, in _run_event
    await coro(*args, **kwargs)
  File "/app/asu_discord/cogs/analytics.py", line 652, in on_member_update
    before_timeout = before.timed_out_until
                     ^^^^^^^^^^^^^^^^^^^^^^
AttributeError: 'Member' object has no attribute 'timed_out_until'
Ignoring exception in on_member_update
Traceback (most recent call last):
  File "/usr/local/lib/python3.12/site-packages/discord/client.py", line 465, in _run_event
    await coro(*args, **kwargs)
  File "/app/asu_discord/cogs/analytics.py", line 652, in on_member_update
    before_timeout = before.timed_out_until
                     ^^^^^^^^^^^^^^^^^^^^^^
AttributeError: 'Member' object has no attribute 'timed_out_until'
Ignoring exception in on_member_update
Traceback (most recent call last):
  File "/usr/local/lib/python3.12/site-packages/discord/client.py", line 465, in _run_event
    await coro(*args, **kwargs)
  File "/app/asu_discord/cogs/analytics.py", line 652, in on_member_update
    before_timeout = before.timed_out_until
                     ^^^^^^^^^^^^^^^^^^^^^^
AttributeError: 'Member' object has no attribute 'timed_out_until'
Ignoring exception in on_member_update
Traceback (most recent call last):
  File "/usr/local/lib/python3.12/site-packages/discord/client.py", line 465, in _run_event
    await coro(*args, **kwargs)
  File "/app/asu_discord/cogs/analytics.py", line 652, in on_member_update
    before_timeout = before.timed_out_until
                     ^^^^^^^^^^^^^^^^^^^^^^
AttributeError: 'Member' object has no attribute 'timed_out_until'
Ignoring exception in on_member_update
Traceback (most recent call last):
  File "/usr/local/lib/python3.12/site-packages/discord/client.py", line 465, in _run_event
    await coro(*args, **kwargs)
  File "/app/asu_discord/cogs/analytics.py", line 652, in on_member_update
    before_timeout = before.timed_out_until
                     ^^^^^^^^^^^^^^^^^^^^^^
AttributeError: 'Member' object has no attribute 'timed_out_until'
Ignoring exception in on_member_update
Traceback (most recent call last):
  File "/usr/local/lib/python3.12/site-packages/discord/client.py", line 465, in _run_event
    await coro(*args, **kwargs)
  File "/app/asu_discord/cogs/analytics.py", line 652, in on_member_update
    before_timeout = before.timed_out_until
                     ^^^^^^^^^^^^^^^^^^^^^^
AttributeError: 'Member' object has no attribute 'timed_out_until'
Ignoring exception in on_member_update
Traceback (most recent call last):
  File "/usr/local/lib/python3.12/site-packages/discord/client.py", line 465, in _run_event
    await coro(*args, **kwargs)
  File "/app/asu_discord/cogs/analytics.py", line 652, in on_member_update
    before_timeout = before.timed_out_until
                     ^^^^^^^^^^^^^^^^^^^^^^
AttributeError: 'Member' object has no attribute 'timed_out_until'
Ignoring exception in on_member_update
Traceback (most recent call last):
  File "/usr/local/lib/python3.12/site-packages/discord/client.py", line 465, in _run_event
    await coro(*args, **kwargs)
  File "/app/asu_discord/cogs/analytics.py", line 652, in on_member_update
    before_timeout = before.timed_out_until
                     ^^^^^^^^^^^^^^^^^^^^^^
AttributeError: 'Member' object has no attribute 'timed_out_until'
Ignoring exception in on_member_update
Traceback (most recent call last):
  File "/usr/local/lib/python3.12/site-packages/discord/client.py", line 465, in _run_event
    await coro(*args, **kwargs)
  File "/app/asu_discord/cogs/analytics.py", line 652, in on_member_update
    before_timeout = before.timed_out_until
                     ^^^^^^^^^^^^^^^^^^^^^^
AttributeError: 'Member' object has no attribute 'timed_out_until'
Ignoring exception in on_member_update
Traceback (most recent call last):
  File "/usr/local/lib/python3.12/site-packages/discord/client.py", line 465, in _run_event
    await coro(*args, **kwargs)
  File "/app/asu_discord/cogs/analytics.py", line 652, in on_member_update
    before_timeout = before.timed_out_until
                     ^^^^^^^^^^^^^^^^^^^^^^
AttributeError: 'Member' object has no attribute 'timed_out_until'
INFO:asu_discord.cogs.verification:Saved 5 roles to database for user tryan125 (Discord ID: 864713033851207694)
INFO:asu_discord.cogs.verification:Refreshed Salesforce roles for Discord user 864713033851207694: -5/+5 roles, assigned=[College of Liberal Arts and Sciences, Commited, First Year, Out of State, Tempe]
Ignoring exception in on_member_update
Traceback (most recent call last):
  File "/usr/local/lib/python3.12/site-packages/discord/client.py", line 465, in _run_event
    await coro(*args, **kwargs)
  File "/app/asu_discord/cogs/analytics.py", line 652, in on_member_update
    before_timeout = before.timed_out_until
                     ^^^^^^^^^^^^^^^^^^^^^^
AttributeError: 'Member' object has no attribute 'timed_out_until'
Ignoring exception in on_member_update
Traceback (most recent call last):
  File "/usr/local/lib/python3.12/site-packages/discord/client.py", line 465, in _run_event
    await coro(*args, **kwargs)
  File "/app/asu_discord/cogs/analytics.py", line 652, in on_member_update
    before_timeout = before.timed_out_until
                     ^^^^^^^^^^^^^^^^^^^^^^
AttributeError: 'Member' object has no attribute 'timed_out_until'
Ignoring exception in on_member_update
Traceback (most recent call last):
  File "/usr/local/lib/python3.12/site-packages/discord/client.py", line 465, in _run_event
    await coro(*args, **kwargs)
  File "/app/asu_discord/cogs/analytics.py", line 652, in on_member_update
    before_timeout = before.timed_out_until
                     ^^^^^^^^^^^^^^^^^^^^^^
AttributeError: 'Member' object has no attribute 'timed_out_until'
Ignoring exception in on_member_update
Traceback (most recent call last):
  File "/usr/local/lib/python3.12/site-packages/discord/client.py", line 465, in _run_event
    await coro(*args, **kwargs)
  File "/app/asu_discord/cogs/analytics.py", line 652, in on_member_update
    before_timeout = before.timed_out_until
                     ^^^^^^^^^^^^^^^^^^^^^^
AttributeError: 'Member' object has no attribute 'timed_out_until'
Ignoring exception in on_member_update
Traceback (most recent call last):
  File "/usr/local/lib/python3.12/site-packages/discord/client.py", line 465, in _run_event
    await coro(*args, **kwargs)
  File "/app/asu_discord/cogs/analytics.py", line 652, in on_member_update
    before_timeout = before.timed_out_until
                     ^^^^^^^^^^^^^^^^^^^^^^
AttributeError: 'Member' object has no attribute 'timed_out_until'
Ignoring exception in on_member_update
Traceback (most recent call last):
  File "/usr/local/lib/python3.12/site-packages/discord/client.py", line 465, in _run_event
    await coro(*args, **kwargs)
  File "/app/asu_discord/cogs/analytics.py", line 652, in on_member_update
    before_timeout = before.timed_out_until
                     ^^^^^^^^^^^^^^^^^^^^^^
AttributeError: 'Member' object has no attribute 'timed_out_until'
Ignoring exception in on_member_update
Traceback (most recent call last):
  File "/usr/local/lib/python3.12/site-packages/discord/client.py", line 465, in _run_event
    await coro(*args, **kwargs)
  File "/app/asu_discord/cogs/analytics.py", line 652, in on_member_update
    before_timeout = before.timed_out_until
                     ^^^^^^^^^^^^^^^^^^^^^^
AttributeError: 'Member' object has no attribute 'timed_out_until'
Ignoring exception in on_member_update
Traceback (most recent call last):
  File "/usr/local/lib/python3.12/site-packages/discord/client.py", line 465, in _run_event
    await coro(*args, **kwargs)
  File "/app/asu_discord/cogs/analytics.py", line 652, in on_member_update
    before_timeout = before.timed_out_until
                     ^^^^^^^^^^^^^^^^^^^^^^
AttributeError: 'Member' object has no attribute 'timed_out_until'
Ignoring exception in on_member_update
Traceback (most recent call last):
  File "/usr/local/lib/python3.12/site-packages/discord/client.py", line 465, in _run_event
    await coro(*args, **kwargs)
  File "/app/asu_discord/cogs/analytics.py", line 652, in on_member_update
    before_timeout = before.timed_out_until
                     ^^^^^^^^^^^^^^^^^^^^^^
AttributeError: 'Member' object has no attribute 'timed_out_until'
Ignoring exception in on_member_update
Traceback (most recent call last):
  File "/usr/local/lib/python3.12/site-packages/discord/client.py", line 465, in _run_event
    await coro(*args, **kwargs)
  File "/app/asu_discord/cogs/analytics.py", line 652, in on_member_update
    before_timeout = before.timed_out_until
                     ^^^^^^^^^^^^^^^^^^^^^^
AttributeError: 'Member' object has no attribute 'timed_out_until'
INFO:asu_discord.cogs.verification:Saved 5 roles to database for user askarchm (Discord ID: 654334069253079062)
INFO:asu_discord.cogs.verification:Refreshed Salesforce roles for Discord user 654334069253079062: -5/+5 roles, assigned=[Commited, First Year, Out of State, Tempe, W.P. Carey School of Business]
Ignoring exception in on_member_update
Traceback (most recent call last):
  File "/usr/local/lib/python3.12/site-packages/discord/client.py", line 465, in _run_event
    await coro(*args, **kwargs)
  File "/app/asu_discord/cogs/analytics.py", line 652, in on_member_update
    before_timeout = before.timed_out_until
                     ^^^^^^^^^^^^^^^^^^^^^^
AttributeError: 'Member' object has no attribute 'timed_out_until'
Ignoring exception in on_member_update
Traceback (most recent call last):
  File "/usr/local/lib/python3.12/site-packages/discord/client.py", line 465, in _run_event
    await coro(*args, **kwargs)
  File "/app/asu_discord/cogs/analytics.py", line 652, in on_member_update
    before_timeout = before.timed_out_until
                     ^^^^^^^^^^^^^^^^^^^^^^
AttributeError: 'Member' object has no attribute 'timed_out_until'
Ignoring exception in on_member_update
Traceback (most recent call last):
  File "/usr/local/lib/python3.12/site-packages/discord/client.py", line 465, in _run_event
    await coro(*args, **kwargs)
  File "/app/asu_discord/cogs/analytics.py", line 652, in on_member_update
    before_timeout = before.timed_out_until
                     ^^^^^^^^^^^^^^^^^^^^^^
AttributeError: 'Member' object has no attribute 'timed_out_until'
Ignoring exception in on_member_update
Traceback (most recent call last):
  File "/usr/local/lib/python3.12/site-packages/discord/client.py", line 465, in _run_event
    await coro(*args, **kwargs)
  File "/app/asu_discord/cogs/analytics.py", line 652, in on_member_update
    before_timeout = before.timed_out_until
                     ^^^^^^^^^^^^^^^^^^^^^^
AttributeError: 'Member' object has no attribute 'timed_out_until'
Ignoring exception in on_member_update
Traceback (most recent call last):
  File "/usr/local/lib/python3.12/site-packages/discord/client.py", line 465, in _run_event
    await coro(*args, **kwargs)
  File "/app/asu_discord/cogs/analytics.py", line 652, in on_member_update
    before_timeout = before.timed_out_until
                     ^^^^^^^^^^^^^^^^^^^^^^
AttributeError: 'Member' object has no attribute 'timed_out_until'
Ignoring exception in on_member_update
Traceback (most recent call last):
  File "/usr/local/lib/python3.12/site-packages/discord/client.py", line 465, in _run_event
    await coro(*args, **kwargs)
  File "/app/asu_discord/cogs/analytics.py", line 652, in on_member_update
    before_timeout = before.timed_out_until
                     ^^^^^^^^^^^^^^^^^^^^^^
AttributeError: 'Member' object has no attribute 'timed_out_until'
Ignoring exception in on_member_update
Traceback (most recent call last):
  File "/usr/local/lib/python3.12/site-packages/discord/client.py", line 465, in _run_event
    await coro(*args, **kwargs)
  File "/app/asu_discord/cogs/analytics.py", line 652, in on_member_update
    before_timeout = before.timed_out_until
                     ^^^^^^^^^^^^^^^^^^^^^^
AttributeError: 'Member' object has no attribute 'timed_out_until'
Ignoring exception in on_member_update
Traceback (most recent call last):
  File "/usr/local/lib/python3.12/site-packages/discord/client.py", line 465, in _run_event
    await coro(*args, **kwargs)
  File "/app/asu_discord/cogs/analytics.py", line 652, in on_member_update
    before_timeout = before.timed_out_until
                     ^^^^^^^^^^^^^^^^^^^^^^
AttributeError: 'Member' object has no attribute 'timed_out_until'
Ignoring exception in on_member_update
Traceback (most recent call last):
  File "/usr/local/lib/python3.12/site-packages/discord/client.py", line 465, in _run_event
    await coro(*args, **kwargs)
  File "/app/asu_discord/cogs/analytics.py", line 652, in on_member_update
    before_timeout = before.timed_out_until
                     ^^^^^^^^^^^^^^^^^^^^^^
AttributeError: 'Member' object has no attribute 'timed_out_until'
Ignoring exception in on_member_update
Traceback (most recent call last):
  File "/usr/local/lib/python3.12/site-packages/discord/client.py", line 465, in _run_event
    await coro(*args, **kwargs)
  File "/app/asu_discord/cogs/analytics.py", line 652, in on_member_update
    before_timeout = before.timed_out_until
                     ^^^^^^^^^^^^^^^^^^^^^^
AttributeError: 'Member' object has no attribute 'timed_out_until'
INFO:asu_discord.cogs.verification:Saved 5 roles to database for user achaizar (Discord ID: 1274886162254663773)
INFO:asu_discord.cogs.verification:Refreshed Salesforce roles for Discord user 1274886162254663773: -5/+5 roles, assigned=[College of Liberal Arts and Sciences, Commited, First Year, International Student, Tempe]
Ignoring exception in on_member_update
Traceback (most recent call last):
  File "/usr/local/lib/python3.12/site-packages/discord/client.py", line 465, in _run_event
    await coro(*args, **kwargs)
  File "/app/asu_discord/cogs/analytics.py", line 652, in on_member_update
    before_timeout = before.timed_out_until
                     ^^^^^^^^^^^^^^^^^^^^^^
AttributeError: 'Member' object has no attribute 'timed_out_until'
Ignoring exception in on_member_update
Traceback (most recent call last):
  File "/usr/local/lib/python3.12/site-packages/discord/client.py", line 465, in _run_event
    await coro(*args, **kwargs)
  File "/app/asu_discord/cogs/analytics.py", line 652, in on_member_update
    before_timeout = before.timed_out_until
                     ^^^^^^^^^^^^^^^^^^^^^^
AttributeError: 'Member' object has no attribute 'timed_out_until'
Ignoring exception in on_member_update
Traceback (most recent call last):
  File "/usr/local/lib/python3.12/site-packages/discord/client.py", line 465, in _run_event
    await coro(*args, **kwargs)
  File "/app/asu_discord/cogs/analytics.py", line 652, in on_member_update
    before_timeout = before.timed_out_until
                     ^^^^^^^^^^^^^^^^^^^^^^
AttributeError: 'Member' object has no attribute 'timed_out_until'
Ignoring exception in on_member_update
Traceback (most recent call last):
  File "/usr/local/lib/python3.12/site-packages/discord/client.py", line 465, in _run_event
    await coro(*args, **kwargs)
  File "/app/asu_discord/cogs/analytics.py", line 652, in on_member_update
    before_timeout = before.timed_out_until
                     ^^^^^^^^^^^^^^^^^^^^^^
AttributeError: 'Member' object has no attribute 'timed_out_until'
Ignoring exception in on_member_update
Traceback (most recent call last):
  File "/usr/local/lib/python3.12/site-packages/discord/client.py", line 465, in _run_event
    await coro(*args, **kwargs)
  File "/app/asu_discord/cogs/analytics.py", line 652, in on_member_update
    before_timeout = before.timed_out_until
                     ^^^^^^^^^^^^^^^^^^^^^^
AttributeError: 'Member' object has no attribute 'timed_out_until'
Ignoring exception in on_member_update
Traceback (most recent call last):
  File "/usr/local/lib/python3.12/site-packages/discord/client.py", line 465, in _run_event
    await coro(*args, **kwargs)
  File "/app/asu_discord/cogs/analytics.py", line 652, in on_member_update
    before_timeout = before.timed_out_until
                     ^^^^^^^^^^^^^^^^^^^^^^
AttributeError: 'Member' object has no attribute 'timed_out_until'
Ignoring exception in on_member_update
Traceback (most recent call last):
  File "/usr/local/lib/python3.12/site-packages/discord/client.py", line 465, in _run_event
    await coro(*args, **kwargs)
  File "/app/asu_discord/cogs/analytics.py", line 652, in on_member_update
    before_timeout = before.timed_out_until
                     ^^^^^^^^^^^^^^^^^^^^^^
AttributeError: 'Member' object has no attribute 'timed_out_until'
Ignoring exception in on_member_update
Traceback (most recent call last):
  File "/usr/local/lib/python3.12/site-packages/discord/client.py", line 465, in _run_event
    await coro(*args, **kwargs)
  File "/app/asu_discord/cogs/analytics.py", line 652, in on_member_update
    before_timeout = before.timed_out_until
                     ^^^^^^^^^^^^^^^^^^^^^^
AttributeError: 'Member' object has no attribute 'timed_out_until'
Ignoring exception in on_member_update
Traceback (most recent call last):
  File "/usr/local/lib/python3.12/site-packages/discord/client.py", line 465, in _run_event
    await coro(*args, **kwargs)
  File "/app/asu_discord/cogs/analytics.py", line 652, in on_member_update
    before_timeout = before.timed_out_until
                     ^^^^^^^^^^^^^^^^^^^^^^
AttributeError: 'Member' object has no attribute 'timed_out_until'
Ignoring exception in on_member_update
Traceback (most recent call last):
  File "/usr/local/lib/python3.12/site-packages/discord/client.py", line 465, in _run_event
    await coro(*args, **kwargs)
  File "/app/asu_discord/cogs/analytics.py", line 652, in on_member_update
    before_timeout = before.timed_out_until
                     ^^^^^^^^^^^^^^^^^^^^^^
AttributeError: 'Member' object has no attribute 'timed_out_until'
INFO:asu_discord.cogs.verification:Saved 5 roles to database for user tjbisho4 (Discord ID: 596031614895783986)
INFO:asu_discord.cogs.verification:Refreshed Salesforce roles for Discord user 596031614895783986: -5/+5 roles, assigned=[College of Liberal Arts and Sciences, Commited, First Year, Out of State, Tempe]
Ignoring exception in on_member_update
Traceback (most recent call last):
  File "/usr/local/lib/python3.12/site-packages/discord/client.py", line 465, in _run_event
    await coro(*args, **kwargs)
  File "/app/asu_discord/cogs/analytics.py", line 652, in on_member_update
    before_timeout = before.timed_out_until
                     ^^^^^^^^^^^^^^^^^^^^^^
AttributeError: 'Member' object has no attribute 'timed_out_until'
Ignoring exception in on_member_update
Traceback (most recent call last):
  File "/usr/local/lib/python3.12/site-packages/discord/client.py", line 465, in _run_event
    await coro(*args, **kwargs)
  File "/app/asu_discord/cogs/analytics.py", line 652, in on_member_update
    before_timeout = before.timed_out_until
                     ^^^^^^^^^^^^^^^^^^^^^^
AttributeError: 'Member' object has no attribute 'timed_out_until'
Ignoring exception in on_member_update
Traceback (most recent call last):
  File "/usr/local/lib/python3.12/site-packages/discord/client.py", line 465, in _run_event
    await coro(*args, **kwargs)
  File "/app/asu_discord/cogs/analytics.py", line 652, in on_member_update
    before_timeout = before.timed_out_until
                     ^^^^^^^^^^^^^^^^^^^^^^
AttributeError: 'Member' object has no attribute 'timed_out_until'
Ignoring exception in on_member_update
Traceback (most recent call last):
  File "/usr/local/lib/python3.12/site-packages/discord/client.py", line 465, in _run_event
    await coro(*args, **kwargs)
  File "/app/asu_discord/cogs/analytics.py", line 652, in on_member_update
    before_timeout = before.timed_out_until
                     ^^^^^^^^^^^^^^^^^^^^^^
AttributeError: 'Member' object has no attribute 'timed_out_until'
Ignoring exception in on_member_update
Traceback (most recent call last):
  File "/usr/local/lib/python3.12/site-packages/discord/client.py", line 465, in _run_event
    await coro(*args, **kwargs)
  File "/app/asu_discord/cogs/analytics.py", line 652, in on_member_update
    before_timeout = before.timed_out_until
                     ^^^^^^^^^^^^^^^^^^^^^^
AttributeError: 'Member' object has no attribute 'timed_out_until'
Ignoring exception in on_member_update
Traceback (most recent call last):
  File "/usr/local/lib/python3.12/site-packages/discord/client.py", line 465, in _run_event
    await coro(*args, **kwargs)
  File "/app/asu_discord/cogs/analytics.py", line 652, in on_member_update
    before_timeout = before.timed_out_until
                     ^^^^^^^^^^^^^^^^^^^^^^
AttributeError: 'Member' object has no attribute 'timed_out_until'
Ignoring exception in on_member_update
Traceback (most recent call last):
  File "/usr/local/lib/python3.12/site-packages/discord/client.py", line 465, in _run_event
    await coro(*args, **kwargs)
  File "/app/asu_discord/cogs/analytics.py", line 652, in on_member_update
    before_timeout = before.timed_out_until
                     ^^^^^^^^^^^^^^^^^^^^^^
AttributeError: 'Member' object has no attribute 'timed_out_until'
Ignoring exception in on_member_update
Traceback (most recent call last):
  File "/usr/local/lib/python3.12/site-packages/discord/client.py", line 465, in _run_event
    await coro(*args, **kwargs)
  File "/app/asu_discord/cogs/analytics.py", line 652, in on_member_update
    before_timeout = before.timed_out_until
                     ^^^^^^^^^^^^^^^^^^^^^^
AttributeError: 'Member' object has no attribute 'timed_out_until'
Ignoring exception in on_member_update
Traceback (most recent call last):
  File "/usr/local/lib/python3.12/site-packages/discord/client.py", line 465, in _run_event
    await coro(*args, **kwargs)
  File "/app/asu_discord/cogs/analytics.py", line 652, in on_member_update
    before_timeout = before.timed_out_until
                     ^^^^^^^^^^^^^^^^^^^^^^
AttributeError: 'Member' object has no attribute 'timed_out_until'
Ignoring exception in on_member_update
Traceback (most recent call last):
  File "/usr/local/lib/python3.12/site-packages/discord/client.py", line 465, in _run_event
    await coro(*args, **kwargs)
  File "/app/asu_discord/cogs/analytics.py", line 652, in on_member_update
    before_timeout = before.timed_out_until
                     ^^^^^^^^^^^^^^^^^^^^^^
AttributeError: 'Member' object has no attribute 'timed_out_until'
INFO:asu_discord.cogs.verification:Saved 5 roles to database for user mnagesha (Discord ID: 1497443354944999485)
INFO:asu_discord.cogs.verification:Refreshed Salesforce roles for Discord user 1497443354944999485: -5/+5 roles, assigned=[Commited, Graduate Student, International Student, Ira A. Fulton Schools of Engineering, Tempe]
Ignoring exception in on_member_update
Traceback (most recent call last):
  File "/usr/local/lib/python3.12/site-packages/discord/client.py", line 465, in _run_event
    await coro(*args, **kwargs)
  File "/app/asu_discord/cogs/analytics.py", line 652, in on_member_update
    before_timeout = before.timed_out_until
                     ^^^^^^^^^^^^^^^^^^^^^^
AttributeError: 'Member' object has no attribute 'timed_out_until'
Ignoring exception in on_member_update
Traceback (most recent call last):
  File "/usr/local/lib/python3.12/site-packages/discord/client.py", line 465, in _run_event
    await coro(*args, **kwargs)
  File "/app/asu_discord/cogs/analytics.py", line 652, in on_member_update
    before_timeout = before.timed_out_until
                     ^^^^^^^^^^^^^^^^^^^^^^
AttributeError: 'Member' object has no attribute 'timed_out_until'
INFO:asu_discord.cogs.verification:Saved 1 roles to database for user scebal16 (Discord ID: 859847256751603742)
INFO:asu_discord.cogs.verification:Refreshed Salesforce roles for Discord user 859847256751603742: -1/+1 roles, assigned=[Out of State]
Ignoring exception in on_member_update
Traceback (most recent call last):
  File "/usr/local/lib/python3.12/site-packages/discord/client.py", line 465, in _run_event
    await coro(*args, **kwargs)
  File "/app/asu_discord/cogs/analytics.py", line 652, in on_member_update
    before_timeout = before.timed_out_until
                     ^^^^^^^^^^^^^^^^^^^^^^
AttributeError: 'Member' object has no attribute 'timed_out_until'
Ignoring exception in on_member_update
Traceback (most recent call last):
  File "/usr/local/lib/python3.12/site-packages/discord/client.py", line 465, in _run_event
    await coro(*args, **kwargs)
  File "/app/asu_discord/cogs/analytics.py", line 652, in on_member_update
    before_timeout = before.timed_out_until
                     ^^^^^^^^^^^^^^^^^^^^^^
AttributeError: 'Member' object has no attribute 'timed_out_until'
Ignoring exception in on_member_update
Traceback (most recent call last):
  File "/usr/local/lib/python3.12/site-packages/discord/client.py", line 465, in _run_event
    await coro(*args, **kwargs)
  File "/app/asu_discord/cogs/analytics.py", line 652, in on_member_update
    before_timeout = before.timed_out_until
                     ^^^^^^^^^^^^^^^^^^^^^^
AttributeError: 'Member' object has no attribute 'timed_out_until'
Ignoring exception in on_member_update
Traceback (most recent call last):
  File "/usr/local/lib/python3.12/site-packages/discord/client.py", line 465, in _run_event
    await coro(*args, **kwargs)
  File "/app/asu_discord/cogs/analytics.py", line 652, in on_member_update
    before_timeout = before.timed_out_until
                     ^^^^^^^^^^^^^^^^^^^^^^
AttributeError: 'Member' object has no attribute 'timed_out_until'
Ignoring exception in on_member_update
Traceback (most recent call last):
  File "/usr/local/lib/python3.12/site-packages/discord/client.py", line 465, in _run_event
    await coro(*args, **kwargs)
  File "/app/asu_discord/cogs/analytics.py", line 652, in on_member_update
    before_timeout = before.timed_out_until
                     ^^^^^^^^^^^^^^^^^^^^^^
AttributeError: 'Member' object has no attribute 'timed_out_until'
Ignoring exception in on_member_update
Traceback (most recent call last):
  File "/usr/local/lib/python3.12/site-packages/discord/client.py", line 465, in _run_event
    await coro(*args, **kwargs)
  File "/app/asu_discord/cogs/analytics.py", line 652, in on_member_update
    before_timeout = before.timed_out_until
                     ^^^^^^^^^^^^^^^^^^^^^^
AttributeError: 'Member' object has no attribute 'timed_out_until'
Ignoring exception in on_member_update
Traceback (most recent call last):
  File "/usr/local/lib/python3.12/site-packages/discord/client.py", line 465, in _run_event
    await coro(*args, **kwargs)
  File "/app/asu_discord/cogs/analytics.py", line 652, in on_member_update
    before_timeout = before.timed_out_until
                     ^^^^^^^^^^^^^^^^^^^^^^
AttributeError: 'Member' object has no attribute 'timed_out_until'
Ignoring exception in on_member_update
Traceback (most recent call last):
  File "/usr/local/lib/python3.12/site-packages/discord/client.py", line 465, in _run_event
    await coro(*args, **kwargs)
  File "/app/asu_discord/cogs/analytics.py", line 652, in on_member_update
    before_timeout = before.timed_out_until
                     ^^^^^^^^^^^^^^^^^^^^^^
AttributeError: 'Member' object has no attribute 'timed_out_until'
Ignoring exception in on_member_update
Traceback (most recent call last):
  File "/usr/local/lib/python3.12/site-packages/discord/client.py", line 465, in _run_event
    await coro(*args, **kwargs)
  File "/app/asu_discord/cogs/analytics.py", line 652, in on_member_update
    before_timeout = before.timed_out_until
                     ^^^^^^^^^^^^^^^^^^^^^^
AttributeError: 'Member' object has no attribute 'timed_out_until'
Ignoring exception in on_member_update
Traceback (most recent call last):
  File "/usr/local/lib/python3.12/site-packages/discord/client.py", line 465, in _run_event
    await coro(*args, **kwargs)
  File "/app/asu_discord/cogs/analytics.py", line 652, in on_member_update
    before_timeout = before.timed_out_until
                     ^^^^^^^^^^^^^^^^^^^^^^
AttributeError: 'Member' object has no attribute 'timed_out_until'
INFO:asu_discord.cogs.verification:Saved 5 roles to database for user qkjackso (Discord ID: 980657096339120129)
INFO:asu_discord.cogs.verification:Refreshed Salesforce roles for Discord user 980657096339120129: -5/+5 roles, assigned=[Commited, First Year, Out of State, Tempe, W.P. Carey School of Business]
ERROR:cron.jobs:refresh_salesforce_roles: failed for tnguy507 (Discord ID 756771818181754982): Failed to refresh Salesforce-based roles: Discord user 756771818181754982 is not a member of the guild
Ignoring exception in on_member_update
Traceback (most recent call last):
  File "/usr/local/lib/python3.12/site-packages/discord/client.py", line 465, in _run_event
    await coro(*args, **kwargs)
  File "/app/asu_discord/cogs/analytics.py", line 652, in on_member_update
    before_timeout = before.timed_out_until
                     ^^^^^^^^^^^^^^^^^^^^^^
AttributeError: 'Member' object has no attribute 'timed_out_until'
Ignoring exception in on_member_update
Traceback (most recent call last):
  File "/usr/local/lib/python3.12/site-packages/discord/client.py", line 465, in _run_event
    await coro(*args, **kwargs)
  File "/app/asu_discord/cogs/analytics.py", line 652, in on_member_update
    before_timeout = before.timed_out_until
                     ^^^^^^^^^^^^^^^^^^^^^^
AttributeError: 'Member' object has no attribute 'timed_out_until'
Ignoring exception in on_member_update
Traceback (most recent call last):
  File "/usr/local/lib/python3.12/site-packages/discord/client.py", line 465, in _run_event
    await coro(*args, **kwargs)
  File "/app/asu_discord/cogs/analytics.py", line 652, in on_member_update
    before_timeout = before.timed_out_until
                     ^^^^^^^^^^^^^^^^^^^^^^
AttributeError: 'Member' object has no attribute 'timed_out_until'
Ignoring exception in on_member_update
Traceback (most recent call last):
  File "/usr/local/lib/python3.12/site-packages/discord/client.py", line 465, in _run_event
    await coro(*args, **kwargs)
  File "/app/asu_discord/cogs/analytics.py", line 652, in on_member_update
    before_timeout = before.timed_out_until
                     ^^^^^^^^^^^^^^^^^^^^^^
AttributeError: 'Member' object has no attribute 'timed_out_until'
Ignoring exception in on_member_update
Traceback (most recent call last):
  File "/usr/local/lib/python3.12/site-packages/discord/client.py", line 465, in _run_event
    await coro(*args, **kwargs)
  File "/app/asu_discord/cogs/analytics.py", line 652, in on_member_update
    before_timeout = before.timed_out_until
                     ^^^^^^^^^^^^^^^^^^^^^^
AttributeError: 'Member' object has no attribute 'timed_out_until'
Ignoring exception in on_member_update
Traceback (most recent call last):
  File "/usr/local/lib/python3.12/site-packages/discord/client.py", line 465, in _run_event
    await coro(*args, **kwargs)
  File "/app/asu_discord/cogs/analytics.py", line 652, in on_member_update
    before_timeout = before.timed_out_until
                     ^^^^^^^^^^^^^^^^^^^^^^
AttributeError: 'Member' object has no attribute 'timed_out_until'
Ignoring exception in on_member_update
Traceback (most recent call last):
  File "/usr/local/lib/python3.12/site-packages/discord/client.py", line 465, in _run_event
    await coro(*args, **kwargs)
  File "/app/asu_discord/cogs/analytics.py", line 652, in on_member_update
    before_timeout = before.timed_out_until
                     ^^^^^^^^^^^^^^^^^^^^^^
AttributeError: 'Member' object has no attribute 'timed_out_until'
INFO:asu_discord.cogs.verification:Saved 4 roles to database for user cilagan1 (Discord ID: 576976343795761175)
INFO:asu_discord.cogs.verification:Refreshed Salesforce roles for Discord user 576976343795761175: -4/+4 roles, assigned=[Arizona Resident, Graduate Student, Tempe, W.P. Carey School of Business]
Ignoring exception in on_member_update
Traceback (most recent call last):
  File "/usr/local/lib/python3.12/site-packages/discord/client.py", line 465, in _run_event
    await coro(*args, **kwargs)
  File "/app/asu_discord/cogs/analytics.py", line 652, in on_member_update
    before_timeout = before.timed_out_until
                     ^^^^^^^^^^^^^^^^^^^^^^
AttributeError: 'Member' object has no attribute 'timed_out_until'
INFO:asu_discord.cogs.verification:Refreshed Salesforce roles for Discord user 778358341923635270: -0/+0 roles, assigned=[none]
Ignoring exception in on_member_update
Traceback (most recent call last):
  File "/usr/local/lib/python3.12/site-packages/discord/client.py", line 465, in _run_event
    await coro(*args, **kwargs)
  File "/app/asu_discord/cogs/analytics.py", line 652, in on_member_update
    before_timeout = before.timed_out_until
                     ^^^^^^^^^^^^^^^^^^^^^^
AttributeError: 'Member' object has no attribute 'timed_out_until'
Ignoring exception in on_member_update
Traceback (most recent call last):
  File "/usr/local/lib/python3.12/site-packages/discord/client.py", line 465, in _run_event
    await coro(*args, **kwargs)
  File "/app/asu_discord/cogs/analytics.py", line 652, in on_member_update
    before_timeout = before.timed_out_until
                     ^^^^^^^^^^^^^^^^^^^^^^
AttributeError: 'Member' object has no attribute 'timed_out_until'
Ignoring exception in on_member_update
Traceback (most recent call last):
  File "/usr/local/lib/python3.12/site-packages/discord/client.py", line 465, in _run_event
    await coro(*args, **kwargs)
  File "/app/asu_discord/cogs/analytics.py", line 652, in on_member_update
    before_timeout = before.timed_out_until
                     ^^^^^^^^^^^^^^^^^^^^^^
AttributeError: 'Member' object has no attribute 'timed_out_until'
Ignoring exception in on_member_update
Traceback (most recent call last):
  File "/usr/local/lib/python3.12/site-packages/discord/client.py", line 465, in _run_event
    await coro(*args, **kwargs)
  File "/app/asu_discord/cogs/analytics.py", line 652, in on_member_update
    before_timeout = before.timed_out_until
                     ^^^^^^^^^^^^^^^^^^^^^^
AttributeError: 'Member' object has no attribute 'timed_out_until'
Ignoring exception in on_member_update
Traceback (most recent call last):
  File "/usr/local/lib/python3.12/site-packages/discord/client.py", line 465, in _run_event
    await coro(*args, **kwargs)
  File "/app/asu_discord/cogs/analytics.py", line 652, in on_member_update
    before_timeout = before.timed_out_until
                     ^^^^^^^^^^^^^^^^^^^^^^
AttributeError: 'Member' object has no attribute 'timed_out_until'
Ignoring exception in on_member_update
Traceback (most recent call last):
  File "/usr/local/lib/python3.12/site-packages/discord/client.py", line 465, in _run_event
    await coro(*args, **kwargs)
  File "/app/asu_discord/cogs/analytics.py", line 652, in on_member_update
    before_timeout = before.timed_out_until
                     ^^^^^^^^^^^^^^^^^^^^^^
AttributeError: 'Member' object has no attribute 'timed_out_until'
Ignoring exception in on_member_update
Traceback (most recent call last):
  File "/usr/local/lib/python3.12/site-packages/discord/client.py", line 465, in _run_event
    await coro(*args, **kwargs)
  File "/app/asu_discord/cogs/analytics.py", line 652, in on_member_update
    before_timeout = before.timed_out_until
                     ^^^^^^^^^^^^^^^^^^^^^^
AttributeError: 'Member' object has no attribute 'timed_out_until'
Ignoring exception in on_member_update
Traceback (most recent call last):
  File "/usr/local/lib/python3.12/site-packages/discord/client.py", line 465, in _run_event
    await coro(*args, **kwargs)
  File "/app/asu_discord/cogs/analytics.py", line 652, in on_member_update
    before_timeout = before.timed_out_until
                     ^^^^^^^^^^^^^^^^^^^^^^
AttributeError: 'Member' object has no attribute 'timed_out_until'
Ignoring exception in on_member_update
Traceback (most recent call last):
  File "/usr/local/lib/python3.12/site-packages/discord/client.py", line 465, in _run_event
    await coro(*args, **kwargs)
  File "/app/asu_discord/cogs/analytics.py", line 652, in on_member_update
    before_timeout = before.timed_out_until
                     ^^^^^^^^^^^^^^^^^^^^^^
AttributeError: 'Member' object has no attribute 'timed_out_until'
Ignoring exception in on_member_update
Traceback (most recent call last):
  File "/usr/local/lib/python3.12/site-packages/discord/client.py", line 465, in _run_event
    await coro(*args, **kwargs)
  File "/app/asu_discord/cogs/analytics.py", line 652, in on_member_update
    before_timeout = before.timed_out_until
                     ^^^^^^^^^^^^^^^^^^^^^^
AttributeError: 'Member' object has no attribute 'timed_out_until'
INFO:asu_discord.cogs.verification:Saved 5 roles to database for user tmooreyo (Discord ID: 1254427175072043074)
INFO:asu_discord.cogs.verification:Refreshed Salesforce roles for Discord user 1254427175072043074: -5/+5 roles, assigned=[Arizona Resident, Commited, Ira A. Fulton Schools of Engineering, Tempe, Transfer Student]
Ignoring exception in on_member_update
Traceback (most recent call last):
  File "/usr/local/lib/python3.12/site-packages/discord/client.py", line 465, in _run_event
    await coro(*args, **kwargs)
  File "/app/asu_discord/cogs/analytics.py", line 652, in on_member_update
    before_timeout = before.timed_out_until
                     ^^^^^^^^^^^^^^^^^^^^^^
AttributeError: 'Member' object has no attribute 'timed_out_until'
Ignoring exception in on_member_update
Traceback (most recent call last):
  File "/usr/local/lib/python3.12/site-packages/discord/client.py", line 465, in _run_event
    await coro(*args, **kwargs)
  File "/app/asu_discord/cogs/analytics.py", line 652, in on_member_update
    before_timeout = before.timed_out_until
                     ^^^^^^^^^^^^^^^^^^^^^^
AttributeError: 'Member' object has no attribute 'timed_out_until'
Ignoring exception in on_member_update
Traceback (most recent call last):
  File "/usr/local/lib/python3.12/site-packages/discord/client.py", line 465, in _run_event
    await coro(*args, **kwargs)
  File "/app/asu_discord/cogs/analytics.py", line 652, in on_member_update
    before_timeout = before.timed_out_until
                     ^^^^^^^^^^^^^^^^^^^^^^
AttributeError: 'Member' object has no attribute 'timed_out_until'
Ignoring exception in on_member_update
Traceback (most recent call last):
  File "/usr/local/lib/python3.12/site-packages/discord/client.py", line 465, in _run_event
    await coro(*args, **kwargs)
  File "/app/asu_discord/cogs/analytics.py", line 652, in on_member_update
    before_timeout = before.timed_out_until
                     ^^^^^^^^^^^^^^^^^^^^^^
AttributeError: 'Member' object has no attribute 'timed_out_until'
Ignoring exception in on_member_update
Traceback (most recent call last):
  File "/usr/local/lib/python3.12/site-packages/discord/client.py", line 465, in _run_event
    await coro(*args, **kwargs)
  File "/app/asu_discord/cogs/analytics.py", line 652, in on_member_update
    before_timeout = before.timed_out_until
                     ^^^^^^^^^^^^^^^^^^^^^^
AttributeError: 'Member' object has no attribute 'timed_out_until'
Ignoring exception in on_member_update
Traceback (most recent call last):
  File "/usr/local/lib/python3.12/site-packages/discord/client.py", line 465, in _run_event
    await coro(*args, **kwargs)
  File "/app/asu_discord/cogs/analytics.py", line 652, in on_member_update
    before_timeout = before.timed_out_until
                     ^^^^^^^^^^^^^^^^^^^^^^
AttributeError: 'Member' object has no attribute 'timed_out_until'
Ignoring exception in on_member_update
Traceback (most recent call last):
  File "/usr/local/lib/python3.12/site-packages/discord/client.py", line 465, in _run_event
    await coro(*args, **kwargs)
  File "/app/asu_discord/cogs/analytics.py", line 652, in on_member_update
    before_timeout = before.timed_out_until
                     ^^^^^^^^^^^^^^^^^^^^^^
AttributeError: 'Member' object has no attribute 'timed_out_until'
Ignoring exception in on_member_update
Traceback (most recent call last):
  File "/usr/local/lib/python3.12/site-packages/discord/client.py", line 465, in _run_event
    await coro(*args, **kwargs)
  File "/app/asu_discord/cogs/analytics.py", line 652, in on_member_update
    before_timeout = before.timed_out_until
                     ^^^^^^^^^^^^^^^^^^^^^^
AttributeError: 'Member' object has no attribute 'timed_out_until'
INFO:asu_discord.cogs.verification:Saved 4 roles to database for user ltropf (Discord ID: 210104408975867904)
INFO:asu_discord.cogs.verification:Refreshed Salesforce roles for Discord user 210104408975867904: -4/+4 roles, assigned=[Graduate Student, Mary Lou Fulton Teachers College, Out of State, Tempe]
Ignoring exception in on_member_update
Traceback (most recent call last):
  File "/usr/local/lib/python3.12/site-packages/discord/client.py", line 465, in _run_event
    await coro(*args, **kwargs)
  File "/app/asu_discord/cogs/analytics.py", line 652, in on_member_update
    before_timeout = before.timed_out_until
                     ^^^^^^^^^^^^^^^^^^^^^^
AttributeError: 'Member' object has no attribute 'timed_out_until'
Ignoring exception in on_member_update
Traceback (most recent call last):
  File "/usr/local/lib/python3.12/site-packages/discord/client.py", line 465, in _run_event
    await coro(*args, **kwargs)
  File "/app/asu_discord/cogs/analytics.py", line 652, in on_member_update
    before_timeout = before.timed_out_until
                     ^^^^^^^^^^^^^^^^^^^^^^
AttributeError: 'Member' object has no attribute 'timed_out_until'
Ignoring exception in on_member_update
Traceback (most recent call last):
  File "/usr/local/lib/python3.12/site-packages/discord/client.py", line 465, in _run_event
    await coro(*args, **kwargs)
  File "/app/asu_discord/cogs/analytics.py", line 652, in on_member_update
    before_timeout = before.timed_out_until
                     ^^^^^^^^^^^^^^^^^^^^^^
AttributeError: 'Member' object has no attribute 'timed_out_until'
Ignoring exception in on_member_update
Traceback (most recent call last):
  File "/usr/local/lib/python3.12/site-packages/discord/client.py", line 465, in _run_event
    await coro(*args, **kwargs)
  File "/app/asu_discord/cogs/analytics.py", line 652, in on_member_update
    before_timeout = before.timed_out_until
                     ^^^^^^^^^^^^^^^^^^^^^^
AttributeError: 'Member' object has no attribute 'timed_out_until'
Ignoring exception in on_member_update
Traceback (most recent call last):
  File "/usr/local/lib/python3.12/site-packages/discord/client.py", line 465, in _run_event
    await coro(*args, **kwargs)
  File "/app/asu_discord/cogs/analytics.py", line 652, in on_member_update
    before_timeout = before.timed_out_until
                     ^^^^^^^^^^^^^^^^^^^^^^
AttributeError: 'Member' object has no attribute 'timed_out_until'
Ignoring exception in on_member_update
Traceback (most recent call last):
  File "/usr/local/lib/python3.12/site-packages/discord/client.py", line 465, in _run_event
    await coro(*args, **kwargs)
  File "/app/asu_discord/cogs/analytics.py", line 652, in on_member_update
    before_timeout = before.timed_out_until
                     ^^^^^^^^^^^^^^^^^^^^^^
AttributeError: 'Member' object has no attribute 'timed_out_until'
Ignoring exception in on_member_update
Traceback (most recent call last):
  File "/usr/local/lib/python3.12/site-packages/discord/client.py", line 465, in _run_event
    await coro(*args, **kwargs)
  File "/app/asu_discord/cogs/analytics.py", line 652, in on_member_update
    before_timeout = before.timed_out_until
                     ^^^^^^^^^^^^^^^^^^^^^^
AttributeError: 'Member' object has no attribute 'timed_out_until'
Ignoring exception in on_member_update
Traceback (most recent call last):
  File "/usr/local/lib/python3.12/site-packages/discord/client.py", line 465, in _run_event
    await coro(*args, **kwargs)
  File "/app/asu_discord/cogs/analytics.py", line 652, in on_member_update
    before_timeout = before.timed_out_until
                     ^^^^^^^^^^^^^^^^^^^^^^
AttributeError: 'Member' object has no attribute 'timed_out_until'
Ignoring exception in on_member_update
Traceback (most recent call last):
  File "/usr/local/lib/python3.12/site-packages/discord/client.py", line 465, in _run_event
    await coro(*args, **kwargs)
  File "/app/asu_discord/cogs/analytics.py", line 652, in on_member_update
    before_timeout = before.timed_out_until
                     ^^^^^^^^^^^^^^^^^^^^^^
AttributeError: 'Member' object has no attribute 'timed_out_until'
Ignoring exception in on_member_update
Traceback (most recent call last):
  File "/usr/local/lib/python3.12/site-packages/discord/client.py", line 465, in _run_event
    await coro(*args, **kwargs)
  File "/app/asu_discord/cogs/analytics.py", line 652, in on_member_update
    before_timeout = before.timed_out_until
                     ^^^^^^^^^^^^^^^^^^^^^^
AttributeError: 'Member' object has no attribute 'timed_out_until'
INFO:asu_discord.cogs.verification:Saved 5 roles to database for user akleinbe (Discord ID: 1463222351683387596)
INFO:asu_discord.cogs.verification:Refreshed Salesforce roles for Discord user 1463222351683387596: -5/+5 roles, assigned=[College of Global Futures, Commited, First Year, Out of State, Tempe]
Ignoring exception in on_member_update
Traceback (most recent call last):
  File "/usr/local/lib/python3.12/site-packages/discord/client.py", line 465, in _run_event
    await coro(*args, **kwargs)
  File "/app/asu_discord/cogs/analytics.py", line 652, in on_member_update
    before_timeout = before.timed_out_until
                     ^^^^^^^^^^^^^^^^^^^^^^
AttributeError: 'Member' object has no attribute 'timed_out_until'
Ignoring exception in on_member_update
Traceback (most recent call last):
  File "/usr/local/lib/python3.12/site-packages/discord/client.py", line 465, in _run_event
    await coro(*args, **kwargs)
  File "/app/asu_discord/cogs/analytics.py", line 652, in on_member_update
    before_timeout = before.timed_out_until
                     ^^^^^^^^^^^^^^^^^^^^^^
AttributeError: 'Member' object has no attribute 'timed_out_until'
Ignoring exception in on_member_update
Traceback (most recent call last):
  File "/usr/local/lib/python3.12/site-packages/discord/client.py", line 465, in _run_event
    await coro(*args, **kwargs)
  File "/app/asu_discord/cogs/analytics.py", line 652, in on_member_update
    before_timeout = before.timed_out_until
                     ^^^^^^^^^^^^^^^^^^^^^^
AttributeError: 'Member' object has no attribute 'timed_out_until'
Ignoring exception in on_member_update
Traceback (most recent call last):
  File "/usr/local/lib/python3.12/site-packages/discord/client.py", line 465, in _run_event
    await coro(*args, **kwargs)
  File "/app/asu_discord/cogs/analytics.py", line 652, in on_member_update
    before_timeout = before.timed_out_until
                     ^^^^^^^^^^^^^^^^^^^^^^
AttributeError: 'Member' object has no attribute 'timed_out_until'
Ignoring exception in on_member_update
Traceback (most recent call last):
  File "/usr/local/lib/python3.12/site-packages/discord/client.py", line 465, in _run_event
    await coro(*args, **kwargs)
  File "/app/asu_discord/cogs/analytics.py", line 652, in on_member_update
    before_timeout = before.timed_out_until
                     ^^^^^^^^^^^^^^^^^^^^^^
AttributeError: 'Member' object has no attribute 'timed_out_until'
Ignoring exception in on_member_update
Traceback (most recent call last):
  File "/usr/local/lib/python3.12/site-packages/discord/client.py", line 465, in _run_event
    await coro(*args, **kwargs)
  File "/app/asu_discord/cogs/analytics.py", line 652, in on_member_update
    before_timeout = before.timed_out_until
                     ^^^^^^^^^^^^^^^^^^^^^^
AttributeError: 'Member' object has no attribute 'timed_out_until'
Ignoring exception in on_member_update
Traceback (most recent call last):
  File "/usr/local/lib/python3.12/site-packages/discord/client.py", line 465, in _run_event
    await coro(*args, **kwargs)
  File "/app/asu_discord/cogs/analytics.py", line 652, in on_member_update
    before_timeout = before.timed_out_until
                     ^^^^^^^^^^^^^^^^^^^^^^
AttributeError: 'Member' object has no attribute 'timed_out_until'
Ignoring exception in on_member_update
Traceback (most recent call last):
  File "/usr/local/lib/python3.12/site-packages/discord/client.py", line 465, in _run_event
    await coro(*args, **kwargs)
  File "/app/asu_discord/cogs/analytics.py", line 652, in on_member_update
    before_timeout = before.timed_out_until
                     ^^^^^^^^^^^^^^^^^^^^^^
AttributeError: 'Member' object has no attribute 'timed_out_until'
Ignoring exception in on_member_update
Traceback (most recent call last):
  File "/usr/local/lib/python3.12/site-packages/discord/client.py", line 465, in _run_event
    await coro(*args, **kwargs)
  File "/app/asu_discord/cogs/analytics.py", line 652, in on_member_update
    before_timeout = before.timed_out_until
                     ^^^^^^^^^^^^^^^^^^^^^^
AttributeError: 'Member' object has no attribute 'timed_out_until'
INFO:asu_discord.cogs.verification:Saved 5 roles to database for user amkaji (Discord ID: 1497648129288310964)
INFO:asu_discord.cogs.verification:Refreshed Salesforce roles for Discord user 1497648129288310964: -5/+4 roles, assigned=[Commited, First Year, Out of State, Tempe, W.P. Carey School of Business]
Ignoring exception in on_member_update
Traceback (most recent call last):
  File "/usr/local/lib/python3.12/site-packages/discord/client.py", line 465, in _run_event
    await coro(*args, **kwargs)
  File "/app/asu_discord/cogs/analytics.py", line 652, in on_member_update
    before_timeout = before.timed_out_until
                     ^^^^^^^^^^^^^^^^^^^^^^
AttributeError: 'Member' object has no attribute 'timed_out_until'
Ignoring exception in on_member_update
Traceback (most recent call last):
  File "/usr/local/lib/python3.12/site-packages/discord/client.py", line 465, in _run_event
    await coro(*args, **kwargs)
  File "/app/asu_discord/cogs/analytics.py", line 652, in on_member_update
    before_timeout = before.timed_out_until
                     ^^^^^^^^^^^^^^^^^^^^^^
AttributeError: 'Member' object has no attribute 'timed_out_until'
Ignoring exception in on_member_update
Traceback (most recent call last):
  File "/usr/local/lib/python3.12/site-packages/discord/client.py", line 465, in _run_event
    await coro(*args, **kwargs)
  File "/app/asu_discord/cogs/analytics.py", line 652, in on_member_update
    before_timeout = before.timed_out_until
                     ^^^^^^^^^^^^^^^^^^^^^^
AttributeError: 'Member' object has no attribute 'timed_out_until'
Ignoring exception in on_member_update
Traceback (most recent call last):
  File "/usr/local/lib/python3.12/site-packages/discord/client.py", line 465, in _run_event
    await coro(*args, **kwargs)
  File "/app/asu_discord/cogs/analytics.py", line 652, in on_member_update
    before_timeout = before.timed_out_until
                     ^^^^^^^^^^^^^^^^^^^^^^
AttributeError: 'Member' object has no attribute 'timed_out_until'
Ignoring exception in on_member_update
Traceback (most recent call last):
  File "/usr/local/lib/python3.12/site-packages/discord/client.py", line 465, in _run_event
    await coro(*args, **kwargs)
  File "/app/asu_discord/cogs/analytics.py", line 652, in on_member_update
    before_timeout = before.timed_out_until
                     ^^^^^^^^^^^^^^^^^^^^^^
AttributeError: 'Member' object has no attribute 'timed_out_until'
Ignoring exception in on_member_update
Traceback (most recent call last):
  File "/usr/local/lib/python3.12/site-packages/discord/client.py", line 465, in _run_event
    await coro(*args, **kwargs)
  File "/app/asu_discord/cogs/analytics.py", line 652, in on_member_update
    before_timeout = before.timed_out_until
                     ^^^^^^^^^^^^^^^^^^^^^^
AttributeError: 'Member' object has no attribute 'timed_out_until'
Ignoring exception in on_member_update
Traceback (most recent call last):
  File "/usr/local/lib/python3.12/site-packages/discord/client.py", line 465, in _run_event
    await coro(*args, **kwargs)
  File "/app/asu_discord/cogs/analytics.py", line 652, in on_member_update
    before_timeout = before.timed_out_until
                     ^^^^^^^^^^^^^^^^^^^^^^
AttributeError: 'Member' object has no attribute 'timed_out_until'
Ignoring exception in on_member_update
Traceback (most recent call last):
  File "/usr/local/lib/python3.12/site-packages/discord/client.py", line 465, in _run_event
    await coro(*args, **kwargs)
  File "/app/asu_discord/cogs/analytics.py", line 652, in on_member_update
    before_timeout = before.timed_out_until
                     ^^^^^^^^^^^^^^^^^^^^^^
AttributeError: 'Member' object has no attribute 'timed_out_until'
INFO:asu_discord.cogs.verification:Saved 5 roles to database for user nprada (Discord ID: 708428231727906867)
INFO:asu_discord.cogs.verification:Refreshed Salesforce roles for Discord user 708428231727906867: -5/+4 roles, assigned=[College of Health Solutions, Commited, Downtown Phoenix, First Year, Out of State]
Ignoring exception in on_member_update
Traceback (most recent call last):
  File "/usr/local/lib/python3.12/site-packages/discord/client.py", line 465, in _run_event
    await coro(*args, **kwargs)
  File "/app/asu_discord/cogs/analytics.py", line 652, in on_member_update
    before_timeout = before.timed_out_until
                     ^^^^^^^^^^^^^^^^^^^^^^
AttributeError: 'Member' object has no attribute 'timed_out_until'
Ignoring exception in on_member_update
Traceback (most recent call last):
  File "/usr/local/lib/python3.12/site-packages/discord/client.py", line 465, in _run_event
    await coro(*args, **kwargs)
  File "/app/asu_discord/cogs/analytics.py", line 652, in on_member_update
    before_timeout = before.timed_out_until
                     ^^^^^^^^^^^^^^^^^^^^^^
AttributeError: 'Member' object has no attribute 'timed_out_until'
Ignoring exception in on_member_update
Traceback (most recent call last):
  File "/usr/local/lib/python3.12/site-packages/discord/client.py", line 465, in _run_event
    await coro(*args, **kwargs)
  File "/app/asu_discord/cogs/analytics.py", line 652, in on_member_update
    before_timeout = before.timed_out_until
                     ^^^^^^^^^^^^^^^^^^^^^^
AttributeError: 'Member' object has no attribute 'timed_out_until'
Ignoring exception in on_member_update
Traceback (most recent call last):
  File "/usr/local/lib/python3.12/site-packages/discord/client.py", line 465, in _run_event
    await coro(*args, **kwargs)
  File "/app/asu_discord/cogs/analytics.py", line 652, in on_member_update
    before_timeout = before.timed_out_until
                     ^^^^^^^^^^^^^^^^^^^^^^
AttributeError: 'Member' object has no attribute 'timed_out_until'
Ignoring exception in on_member_update
Traceback (most recent call last):
  File "/usr/local/lib/python3.12/site-packages/discord/client.py", line 465, in _run_event
    await coro(*args, **kwargs)
  File "/app/asu_discord/cogs/analytics.py", line 652, in on_member_update
    before_timeout = before.timed_out_until
                     ^^^^^^^^^^^^^^^^^^^^^^
AttributeError: 'Member' object has no attribute 'timed_out_until'
Ignoring exception in on_member_update
Traceback (most recent call last):
  File "/usr/local/lib/python3.12/site-packages/discord/client.py", line 465, in _run_event
    await coro(*args, **kwargs)
  File "/app/asu_discord/cogs/analytics.py", line 652, in on_member_update
    before_timeout = before.timed_out_until
                     ^^^^^^^^^^^^^^^^^^^^^^
AttributeError: 'Member' object has no attribute 'timed_out_until'
Ignoring exception in on_member_update
Traceback (most recent call last):
  File "/usr/local/lib/python3.12/site-packages/discord/client.py", line 465, in _run_event
    await coro(*args, **kwargs)
  File "/app/asu_discord/cogs/analytics.py", line 652, in on_member_update
    before_timeout = before.timed_out_until
                     ^^^^^^^^^^^^^^^^^^^^^^
AttributeError: 'Member' object has no attribute 'timed_out_until'
Ignoring exception in on_member_update
Traceback (most recent call last):
  File "/usr/local/lib/python3.12/site-packages/discord/client.py", line 465, in _run_event
    await coro(*args, **kwargs)
  File "/app/asu_discord/cogs/analytics.py", line 652, in on_member_update
    before_timeout = before.timed_out_until
                     ^^^^^^^^^^^^^^^^^^^^^^
AttributeError: 'Member' object has no attribute 'timed_out_until'
Ignoring exception in on_member_update
Traceback (most recent call last):
  File "/usr/local/lib/python3.12/site-packages/discord/client.py", line 465, in _run_event
    await coro(*args, **kwargs)
  File "/app/asu_discord/cogs/analytics.py", line 652, in on_member_update
    before_timeout = before.timed_out_until
                     ^^^^^^^^^^^^^^^^^^^^^^
AttributeError: 'Member' object has no attribute 'timed_out_until'
Ignoring exception in on_member_update
Traceback (most recent call last):
  File "/usr/local/lib/python3.12/site-packages/discord/client.py", line 465, in _run_event
    await coro(*args, **kwargs)
  File "/app/asu_discord/cogs/analytics.py", line 652, in on_member_update
    before_timeout = before.timed_out_until
                     ^^^^^^^^^^^^^^^^^^^^^^
AttributeError: 'Member' object has no attribute 'timed_out_until'
Ignoring exception in on_member_update
Traceback (most recent call last):
  File "/usr/local/lib/python3.12/site-packages/discord/client.py", line 465, in _run_event
    await coro(*args, **kwargs)
  File "/app/asu_discord/cogs/analytics.py", line 652, in on_member_update
    before_timeout = before.timed_out_until
                     ^^^^^^^^^^^^^^^^^^^^^^
AttributeError: 'Member' object has no attribute 'timed_out_until'
INFO:asu_discord.cogs.verification:Saved 5 roles to database for user jjyoun12 (Discord ID: 628049264982884355)
INFO:asu_discord.cogs.verification:Refreshed Salesforce roles for Discord user 628049264982884355: -5/+5 roles, assigned=[Mary Lou Fulton Teachers College, Online, Out of State, Transfer Student, Upperclassmen]
Ignoring exception in on_member_update
Traceback (most recent call last):
  File "/usr/local/lib/python3.12/site-packages/discord/client.py", line 465, in _run_event
    await coro(*args, **kwargs)
  File "/app/asu_discord/cogs/analytics.py", line 652, in on_member_update
    before_timeout = before.timed_out_until
                     ^^^^^^^^^^^^^^^^^^^^^^
AttributeError: 'Member' object has no attribute 'timed_out_until'
Ignoring exception in on_member_update
Traceback (most recent call last):
  File "/usr/local/lib/python3.12/site-packages/discord/client.py", line 465, in _run_event
    await coro(*args, **kwargs)
  File "/app/asu_discord/cogs/analytics.py", line 652, in on_member_update
    before_timeout = before.timed_out_until
                     ^^^^^^^^^^^^^^^^^^^^^^
AttributeError: 'Member' object has no attribute 'timed_out_until'
Ignoring exception in on_member_update
Traceback (most recent call last):
  File "/usr/local/lib/python3.12/site-packages/discord/client.py", line 465, in _run_event
    await coro(*args, **kwargs)
  File "/app/asu_discord/cogs/analytics.py", line 652, in on_member_update
    before_timeout = before.timed_out_until
                     ^^^^^^^^^^^^^^^^^^^^^^
AttributeError: 'Member' object has no attribute 'timed_out_until'
Ignoring exception in on_member_update
Traceback (most recent call last):
  File "/usr/local/lib/python3.12/site-packages/discord/client.py", line 465, in _run_event
    await coro(*args, **kwargs)
  File "/app/asu_discord/cogs/analytics.py", line 652, in on_member_update
    before_timeout = before.timed_out_until
                     ^^^^^^^^^^^^^^^^^^^^^^
AttributeError: 'Member' object has no attribute 'timed_out_until'
Ignoring exception in on_member_update
Traceback (most recent call last):
  File "/usr/local/lib/python3.12/site-packages/discord/client.py", line 465, in _run_event
    await coro(*args, **kwargs)
  File "/app/asu_discord/cogs/analytics.py", line 652, in on_member_update
    before_timeout = before.timed_out_until
                     ^^^^^^^^^^^^^^^^^^^^^^
AttributeError: 'Member' object has no attribute 'timed_out_until'
Ignoring exception in on_member_update
Traceback (most recent call last):
  File "/usr/local/lib/python3.12/site-packages/discord/client.py", line 465, in _run_event
    await coro(*args, **kwargs)
  File "/app/asu_discord/cogs/analytics.py", line 652, in on_member_update
    before_timeout = before.timed_out_until
                     ^^^^^^^^^^^^^^^^^^^^^^
AttributeError: 'Member' object has no attribute 'timed_out_until'
Ignoring exception in on_member_update
Traceback (most recent call last):
  File "/usr/local/lib/python3.12/site-packages/discord/client.py", line 465, in _run_event
    await coro(*args, **kwargs)
  File "/app/asu_discord/cogs/analytics.py", line 652, in on_member_update
    before_timeout = before.timed_out_until
                     ^^^^^^^^^^^^^^^^^^^^^^
AttributeError: 'Member' object has no attribute 'timed_out_until'
Ignoring exception in on_member_update
Traceback (most recent call last):
  File "/usr/local/lib/python3.12/site-packages/discord/client.py", line 465, in _run_event
    await coro(*args, **kwargs)
  File "/app/asu_discord/cogs/analytics.py", line 652, in on_member_update
    before_timeout = before.timed_out_until
                     ^^^^^^^^^^^^^^^^^^^^^^
AttributeError: 'Member' object has no attribute 'timed_out_until'
Ignoring exception in on_member_update
Traceback (most recent call last):
  File "/usr/local/lib/python3.12/site-packages/discord/client.py", line 465, in _run_event
    await coro(*args, **kwargs)
  File "/app/asu_discord/cogs/analytics.py", line 652, in on_member_update
    before_timeout = before.timed_out_until
                     ^^^^^^^^^^^^^^^^^^^^^^
AttributeError: 'Member' object has no attribute 'timed_out_until'
INFO:asu_discord.cogs.verification:Saved 5 roles to database for user ekatz123 (Discord ID: 794716152643190804)
INFO:asu_discord.cogs.verification:Refreshed Salesforce roles for Discord user 794716152643190804: -4/+5 roles, assigned=[Arizona Resident, Commited, Tempe, Transfer Student, W.P. Carey School of Business]
Ignoring exception in on_member_update
Traceback (most recent call last):
  File "/usr/local/lib/python3.12/site-packages/discord/client.py", line 465, in _run_event
    await coro(*args, **kwargs)
  File "/app/asu_discord/cogs/analytics.py", line 652, in on_member_update
    before_timeout = before.timed_out_until
                     ^^^^^^^^^^^^^^^^^^^^^^
AttributeError: 'Member' object has no attribute 'timed_out_until'
Ignoring exception in on_member_update
Traceback (most recent call last):
  File "/usr/local/lib/python3.12/site-packages/discord/client.py", line 465, in _run_event
    await coro(*args, **kwargs)
  File "/app/asu_discord/cogs/analytics.py", line 652, in on_member_update
    before_timeout = before.timed_out_until
                     ^^^^^^^^^^^^^^^^^^^^^^
AttributeError: 'Member' object has no attribute 'timed_out_until'
Ignoring exception in on_member_update
Traceback (most recent call last):
  File "/usr/local/lib/python3.12/site-packages/discord/client.py", line 465, in _run_event
    await coro(*args, **kwargs)
  File "/app/asu_discord/cogs/analytics.py", line 652, in on_member_update
    before_timeout = before.timed_out_until
                     ^^^^^^^^^^^^^^^^^^^^^^
AttributeError: 'Member' object has no attribute 'timed_out_until'
Ignoring exception in on_member_update
Traceback (most recent call last):
  File "/usr/local/lib/python3.12/site-packages/discord/client.py", line 465, in _run_event
    await coro(*args, **kwargs)
  File "/app/asu_discord/cogs/analytics.py", line 652, in on_member_update
    before_timeout = before.timed_out_until
                     ^^^^^^^^^^^^^^^^^^^^^^
AttributeError: 'Member' object has no attribute 'timed_out_until'
Ignoring exception in on_member_update
Traceback (most recent call last):
  File "/usr/local/lib/python3.12/site-packages/discord/client.py", line 465, in _run_event
    await coro(*args, **kwargs)
  File "/app/asu_discord/cogs/analytics.py", line 652, in on_member_update
    before_timeout = before.timed_out_until
                     ^^^^^^^^^^^^^^^^^^^^^^
AttributeError: 'Member' object has no attribute 'timed_out_until'
Ignoring exception in on_member_update
Traceback (most recent call last):
  File "/usr/local/lib/python3.12/site-packages/discord/client.py", line 465, in _run_event
    await coro(*args, **kwargs)
  File "/app/asu_discord/cogs/analytics.py", line 652, in on_member_update
    before_timeout = before.timed_out_until
                     ^^^^^^^^^^^^^^^^^^^^^^
AttributeError: 'Member' object has no attribute 'timed_out_until'
Ignoring exception in on_member_update
Traceback (most recent call last):
  File "/usr/local/lib/python3.12/site-packages/discord/client.py", line 465, in _run_event
    await coro(*args, **kwargs)
  File "/app/asu_discord/cogs/analytics.py", line 652, in on_member_update
    before_timeout = before.timed_out_until
                     ^^^^^^^^^^^^^^^^^^^^^^
AttributeError: 'Member' object has no attribute 'timed_out_until'
Ignoring exception in on_member_update
Traceback (most recent call last):
  File "/usr/local/lib/python3.12/site-packages/discord/client.py", line 465, in _run_event
    await coro(*args, **kwargs)
  File "/app/asu_discord/cogs/analytics.py", line 652, in on_member_update
    before_timeout = before.timed_out_until
                     ^^^^^^^^^^^^^^^^^^^^^^
AttributeError: 'Member' object has no attribute 'timed_out_until'
Ignoring exception in on_member_update
Traceback (most recent call last):
  File "/usr/local/lib/python3.12/site-packages/discord/client.py", line 465, in _run_event
    await coro(*args, **kwargs)
  File "/app/asu_discord/cogs/analytics.py", line 652, in on_member_update
    before_timeout = before.timed_out_until
                     ^^^^^^^^^^^^^^^^^^^^^^
AttributeError: 'Member' object has no attribute 'timed_out_until'
Ignoring exception in on_member_update
Traceback (most recent call last):
  File "/usr/local/lib/python3.12/site-packages/discord/client.py", line 465, in _run_event
    await coro(*args, **kwargs)
  File "/app/asu_discord/cogs/analytics.py", line 652, in on_member_update
    before_timeout = before.timed_out_until
                     ^^^^^^^^^^^^^^^^^^^^^^
AttributeError: 'Member' object has no attribute 'timed_out_until'
INFO:asu_discord.cogs.verification:Saved 5 roles to database for user nagross (Discord ID: 246423054358544394)
INFO:asu_discord.cogs.verification:Refreshed Salesforce roles for Discord user 246423054358544394: -5/+5 roles, assigned=[College of Liberal Arts and Sciences, Commited, Out of State, Tempe, Transfer Student]
Ignoring exception in on_member_update
Traceback (most recent call last):
  File "/usr/local/lib/python3.12/site-packages/discord/client.py", line 465, in _run_event
    await coro(*args, **kwargs)
  File "/app/asu_discord/cogs/analytics.py", line 652, in on_member_update
    before_timeout = before.timed_out_until
                     ^^^^^^^^^^^^^^^^^^^^^^
AttributeError: 'Member' object has no attribute 'timed_out_until'
Ignoring exception in on_member_update
Traceback (most recent call last):
  File "/usr/local/lib/python3.12/site-packages/discord/client.py", line 465, in _run_event
    await coro(*args, **kwargs)
  File "/app/asu_discord/cogs/analytics.py", line 652, in on_member_update
    before_timeout = before.timed_out_until
                     ^^^^^^^^^^^^^^^^^^^^^^
AttributeError: 'Member' object has no attribute 'timed_out_until'
Ignoring exception in on_member_update
Traceback (most recent call last):
  File "/usr/local/lib/python3.12/site-packages/discord/client.py", line 465, in _run_event
    await coro(*args, **kwargs)
  File "/app/asu_discord/cogs/analytics.py", line 652, in on_member_update
    before_timeout = before.timed_out_until
                     ^^^^^^^^^^^^^^^^^^^^^^
AttributeError: 'Member' object has no attribute 'timed_out_until'
Ignoring exception in on_member_update
Traceback (most recent call last):
  File "/usr/local/lib/python3.12/site-packages/discord/client.py", line 465, in _run_event
    await coro(*args, **kwargs)
  File "/app/asu_discord/cogs/analytics.py", line 652, in on_member_update
    before_timeout = before.timed_out_until
                     ^^^^^^^^^^^^^^^^^^^^^^
AttributeError: 'Member' object has no attribute 'timed_out_until'
Ignoring exception in on_member_update
Traceback (most recent call last):
  File "/usr/local/lib/python3.12/site-packages/discord/client.py", line 465, in _run_event
    await coro(*args, **kwargs)
  File "/app/asu_discord/cogs/analytics.py", line 652, in on_member_update
    before_timeout = before.timed_out_until
                     ^^^^^^^^^^^^^^^^^^^^^^
AttributeError: 'Member' object has no attribute 'timed_out_until'
Ignoring exception in on_member_update
Traceback (most recent call last):
  File "/usr/local/lib/python3.12/site-packages/discord/client.py", line 465, in _run_event
    await coro(*args, **kwargs)
  File "/app/asu_discord/cogs/analytics.py", line 652, in on_member_update
    before_timeout = before.timed_out_until
                     ^^^^^^^^^^^^^^^^^^^^^^
AttributeError: 'Member' object has no attribute 'timed_out_until'
Ignoring exception in on_member_update
Traceback (most recent call last):
  File "/usr/local/lib/python3.12/site-packages/discord/client.py", line 465, in _run_event
    await coro(*args, **kwargs)
  File "/app/asu_discord/cogs/analytics.py", line 652, in on_member_update
    before_timeout = before.timed_out_until
                     ^^^^^^^^^^^^^^^^^^^^^^
AttributeError: 'Member' object has no attribute 'timed_out_until'
Ignoring exception in on_member_update
Traceback (most recent call last):
  File "/usr/local/lib/python3.12/site-packages/discord/client.py", line 465, in _run_event
    await coro(*args, **kwargs)
  File "/app/asu_discord/cogs/analytics.py", line 652, in on_member_update
    before_timeout = before.timed_out_until
                     ^^^^^^^^^^^^^^^^^^^^^^
AttributeError: 'Member' object has no attribute 'timed_out_until'
Ignoring exception in on_member_update
Traceback (most recent call last):
  File "/usr/local/lib/python3.12/site-packages/discord/client.py", line 465, in _run_event
    await coro(*args, **kwargs)
  File "/app/asu_discord/cogs/analytics.py", line 652, in on_member_update
    before_timeout = before.timed_out_until
                     ^^^^^^^^^^^^^^^^^^^^^^
AttributeError: 'Member' object has no attribute 'timed_out_until'
Ignoring exception in on_member_update
Traceback (most recent call last):
  File "/usr/local/lib/python3.12/site-packages/discord/client.py", line 465, in _run_event
    await coro(*args, **kwargs)
  File "/app/asu_discord/cogs/analytics.py", line 652, in on_member_update
    before_timeout = before.timed_out_until
                     ^^^^^^^^^^^^^^^^^^^^^^
AttributeError: 'Member' object has no attribute 'timed_out_until'
Ignoring exception in on_member_update
Traceback (most recent call last):
  File "/usr/local/lib/python3.12/site-packages/discord/client.py", line 465, in _run_event
    await coro(*args, **kwargs)
  File "/app/asu_discord/cogs/analytics.py", line 652, in on_member_update
    before_timeout = before.timed_out_until
                     ^^^^^^^^^^^^^^^^^^^^^^
AttributeError: 'Member' object has no attribute 'timed_out_until'
Ignoring exception in on_member_update
Traceback (most recent call last):
  File "/usr/local/lib/python3.12/site-packages/discord/client.py", line 465, in _run_event
    await coro(*args, **kwargs)
  File "/app/asu_discord/cogs/analytics.py", line 652, in on_member_update
    before_timeout = before.timed_out_until
                     ^^^^^^^^^^^^^^^^^^^^^^
AttributeError: 'Member' object has no attribute 'timed_out_until'
INFO:asu_discord.cogs.verification:Saved 6 roles to database for user moladuti (Discord ID: 1353821166384713908)
INFO:asu_discord.cogs.verification:Refreshed Salesforce roles for Discord user 1353821166384713908: -6/+6 roles, assigned=[Commited, Downtown Phoenix, First Generation Student, Out of State, Transfer Student, Walter Cronkite School of Journalism and Mass Communication]
Ignoring exception in on_member_update
Traceback (most recent call last):
  File "/usr/local/lib/python3.12/site-packages/discord/client.py", line 465, in _run_event
    await coro(*args, **kwargs)
  File "/app/asu_discord/cogs/analytics.py", line 652, in on_member_update
    before_timeout = before.timed_out_until
                     ^^^^^^^^^^^^^^^^^^^^^^
AttributeError: 'Member' object has no attribute 'timed_out_until'
Ignoring exception in on_member_update
Traceback (most recent call last):
  File "/usr/local/lib/python3.12/site-packages/discord/client.py", line 465, in _run_event
    await coro(*args, **kwargs)
  File "/app/asu_discord/cogs/analytics.py", line 652, in on_member_update
    before_timeout = before.timed_out_until
                     ^^^^^^^^^^^^^^^^^^^^^^
AttributeError: 'Member' object has no attribute 'timed_out_until'
Ignoring exception in on_member_update
Traceback (most recent call last):
  File "/usr/local/lib/python3.12/site-packages/discord/client.py", line 465, in _run_event
    await coro(*args, **kwargs)
  File "/app/asu_discord/cogs/analytics.py", line 652, in on_member_update
    before_timeout = before.timed_out_until
                     ^^^^^^^^^^^^^^^^^^^^^^
AttributeError: 'Member' object has no attribute 'timed_out_until'
Ignoring exception in on_member_update
Traceback (most recent call last):
  File "/usr/local/lib/python3.12/site-packages/discord/client.py", line 465, in _run_event
    await coro(*args, **kwargs)
  File "/app/asu_discord/cogs/analytics.py", line 652, in on_member_update
    before_timeout = before.timed_out_until
                     ^^^^^^^^^^^^^^^^^^^^^^
AttributeError: 'Member' object has no attribute 'timed_out_until'
Ignoring exception in on_member_update
Traceback (most recent call last):
  File "/usr/local/lib/python3.12/site-packages/discord/client.py", line 465, in _run_event
    await coro(*args, **kwargs)
  File "/app/asu_discord/cogs/analytics.py", line 652, in on_member_update
    before_timeout = before.timed_out_until
                     ^^^^^^^^^^^^^^^^^^^^^^
AttributeError: 'Member' object has no attribute 'timed_out_until'
Ignoring exception in on_member_update
Traceback (most recent call last):
  File "/usr/local/lib/python3.12/site-packages/discord/client.py", line 465, in _run_event
    await coro(*args, **kwargs)
  File "/app/asu_discord/cogs/analytics.py", line 652, in on_member_update
    before_timeout = before.timed_out_until
                     ^^^^^^^^^^^^^^^^^^^^^^
AttributeError: 'Member' object has no attribute 'timed_out_until'
Ignoring exception in on_member_update
Traceback (most recent call last):
  File "/usr/local/lib/python3.12/site-packages/discord/client.py", line 465, in _run_event
    await coro(*args, **kwargs)
  File "/app/asu_discord/cogs/analytics.py", line 652, in on_member_update
    before_timeout = before.timed_out_until
                     ^^^^^^^^^^^^^^^^^^^^^^
AttributeError: 'Member' object has no attribute 'timed_out_until'
Ignoring exception in on_member_update
Traceback (most recent call last):
  File "/usr/local/lib/python3.12/site-packages/discord/client.py", line 465, in _run_event
    await coro(*args, **kwargs)
  File "/app/asu_discord/cogs/analytics.py", line 652, in on_member_update
    before_timeout = before.timed_out_until
                     ^^^^^^^^^^^^^^^^^^^^^^
AttributeError: 'Member' object has no attribute 'timed_out_until'
Ignoring exception in on_member_update
Traceback (most recent call last):
  File "/usr/local/lib/python3.12/site-packages/discord/client.py", line 465, in _run_event
    await coro(*args, **kwargs)
  File "/app/asu_discord/cogs/analytics.py", line 652, in on_member_update
    before_timeout = before.timed_out_until
                     ^^^^^^^^^^^^^^^^^^^^^^
AttributeError: 'Member' object has no attribute 'timed_out_until'
Ignoring exception in on_member_update
Traceback (most recent call last):
  File "/usr/local/lib/python3.12/site-packages/discord/client.py", line 465, in _run_event
    await coro(*args, **kwargs)
  File "/app/asu_discord/cogs/analytics.py", line 652, in on_member_update
    before_timeout = before.timed_out_until
                     ^^^^^^^^^^^^^^^^^^^^^^
AttributeError: 'Member' object has no attribute 'timed_out_until'
INFO:asu_discord.cogs.verification:Saved 5 roles to database for user jiayilu4 (Discord ID: 1365366683291750461)
INFO:asu_discord.cogs.verification:Refreshed Salesforce roles for Discord user 1365366683291750461: -5/+5 roles, assigned=[Commited, First Year, International Student, Ira A. Fulton Schools of Engineering, Tempe]
Ignoring exception in on_member_update
Traceback (most recent call last):
  File "/usr/local/lib/python3.12/site-packages/discord/client.py", line 465, in _run_event
    await coro(*args, **kwargs)
  File "/app/asu_discord/cogs/analytics.py", line 652, in on_member_update
    before_timeout = before.timed_out_until
                     ^^^^^^^^^^^^^^^^^^^^^^
AttributeError: 'Member' object has no attribute 'timed_out_until'
Ignoring exception in on_member_update
Traceback (most recent call last):
  File "/usr/local/lib/python3.12/site-packages/discord/client.py", line 465, in _run_event
    await coro(*args, **kwargs)
  File "/app/asu_discord/cogs/analytics.py", line 652, in on_member_update
    before_timeout = before.timed_out_until
                     ^^^^^^^^^^^^^^^^^^^^^^
AttributeError: 'Member' object has no attribute 'timed_out_until'
Ignoring exception in on_member_update
Traceback (most recent call last):
  File "/usr/local/lib/python3.12/site-packages/discord/client.py", line 465, in _run_event
    await coro(*args, **kwargs)
  File "/app/asu_discord/cogs/analytics.py", line 652, in on_member_update
    before_timeout = before.timed_out_until
                     ^^^^^^^^^^^^^^^^^^^^^^
AttributeError: 'Member' object has no attribute 'timed_out_until'
Ignoring exception in on_member_update
Traceback (most recent call last):
  File "/usr/local/lib/python3.12/site-packages/discord/client.py", line 465, in _run_event
    await coro(*args, **kwargs)
  File "/app/asu_discord/cogs/analytics.py", line 652, in on_member_update
    before_timeout = before.timed_out_until
                     ^^^^^^^^^^^^^^^^^^^^^^
AttributeError: 'Member' object has no attribute 'timed_out_until'
Ignoring exception in on_member_update
Traceback (most recent call last):
  File "/usr/local/lib/python3.12/site-packages/discord/client.py", line 465, in _run_event
    await coro(*args, **kwargs)
  File "/app/asu_discord/cogs/analytics.py", line 652, in on_member_update
    before_timeout = before.timed_out_until
                     ^^^^^^^^^^^^^^^^^^^^^^
AttributeError: 'Member' object has no attribute 'timed_out_until'
Ignoring exception in on_member_update
Traceback (most recent call last):
  File "/usr/local/lib/python3.12/site-packages/discord/client.py", line 465, in _run_event
    await coro(*args, **kwargs)
  File "/app/asu_discord/cogs/analytics.py", line 652, in on_member_update
    before_timeout = before.timed_out_until
                     ^^^^^^^^^^^^^^^^^^^^^^
AttributeError: 'Member' object has no attribute 'timed_out_until'
Ignoring exception in on_member_update
Traceback (most recent call last):
  File "/usr/local/lib/python3.12/site-packages/discord/client.py", line 465, in _run_event
    await coro(*args, **kwargs)
  File "/app/asu_discord/cogs/analytics.py", line 652, in on_member_update
    before_timeout = before.timed_out_until
                     ^^^^^^^^^^^^^^^^^^^^^^
AttributeError: 'Member' object has no attribute 'timed_out_until'
Ignoring exception in on_member_update
Traceback (most recent call last):
  File "/usr/local/lib/python3.12/site-packages/discord/client.py", line 465, in _run_event
    await coro(*args, **kwargs)
  File "/app/asu_discord/cogs/analytics.py", line 652, in on_member_update
    before_timeout = before.timed_out_until
                     ^^^^^^^^^^^^^^^^^^^^^^
AttributeError: 'Member' object has no attribute 'timed_out_until'
Ignoring exception in on_member_update
Traceback (most recent call last):
  File "/usr/local/lib/python3.12/site-packages/discord/client.py", line 465, in _run_event
    await coro(*args, **kwargs)
  File "/app/asu_discord/cogs/analytics.py", line 652, in on_member_update
    before_timeout = before.timed_out_until
                     ^^^^^^^^^^^^^^^^^^^^^^
AttributeError: 'Member' object has no attribute 'timed_out_until'
Ignoring exception in on_member_update
Traceback (most recent call last):
  File "/usr/local/lib/python3.12/site-packages/discord/client.py", line 465, in _run_event
    await coro(*args, **kwargs)
  File "/app/asu_discord/cogs/analytics.py", line 652, in on_member_update
    before_timeout = before.timed_out_until
                     ^^^^^^^^^^^^^^^^^^^^^^
AttributeError: 'Member' object has no attribute 'timed_out_until'
INFO:asu_discord.cogs.verification:Saved 5 roles to database for user ipatil13 (Discord ID: 445797917765402636)
INFO:asu_discord.cogs.verification:Refreshed Salesforce roles for Discord user 445797917765402636: -5/+5 roles, assigned=[Commited, Graduate Student, International Student, Ira A. Fulton Schools of Engineering, Tempe]
Ignoring exception in on_member_update
Traceback (most recent call last):
  File "/usr/local/lib/python3.12/site-packages/discord/client.py", line 465, in _run_event
    await coro(*args, **kwargs)
  File "/app/asu_discord/cogs/analytics.py", line 652, in on_member_update
    before_timeout = before.timed_out_until
                     ^^^^^^^^^^^^^^^^^^^^^^
AttributeError: 'Member' object has no attribute 'timed_out_until'
Ignoring exception in on_member_update
Traceback (most recent call last):
  File "/usr/local/lib/python3.12/site-packages/discord/client.py", line 465, in _run_event
    await coro(*args, **kwargs)
  File "/app/asu_discord/cogs/analytics.py", line 652, in on_member_update
    before_timeout = before.timed_out_until
                     ^^^^^^^^^^^^^^^^^^^^^^
AttributeError: 'Member' object has no attribute 'timed_out_until'
Ignoring exception in on_member_update
Traceback (most recent call last):
  File "/usr/local/lib/python3.12/site-packages/discord/client.py", line 465, in _run_event
    await coro(*args, **kwargs)
  File "/app/asu_discord/cogs/analytics.py", line 652, in on_member_update
    before_timeout = before.timed_out_until
                     ^^^^^^^^^^^^^^^^^^^^^^
AttributeError: 'Member' object has no attribute 'timed_out_until'
Ignoring exception in on_member_update
Traceback (most recent call last):
  File "/usr/local/lib/python3.12/site-packages/discord/client.py", line 465, in _run_event
    await coro(*args, **kwargs)
  File "/app/asu_discord/cogs/analytics.py", line 652, in on_member_update
    before_timeout = before.timed_out_until
                     ^^^^^^^^^^^^^^^^^^^^^^
AttributeError: 'Member' object has no attribute 'timed_out_until'
Ignoring exception in on_member_update
Traceback (most recent call last):
  File "/usr/local/lib/python3.12/site-packages/discord/client.py", line 465, in _run_event
    await coro(*args, **kwargs)
  File "/app/asu_discord/cogs/analytics.py", line 652, in on_member_update
    before_timeout = before.timed_out_until
                     ^^^^^^^^^^^^^^^^^^^^^^
AttributeError: 'Member' object has no attribute 'timed_out_until'
Ignoring exception in on_member_update
Traceback (most recent call last):
  File "/usr/local/lib/python3.12/site-packages/discord/client.py", line 465, in _run_event
    await coro(*args, **kwargs)
  File "/app/asu_discord/cogs/analytics.py", line 652, in on_member_update
    before_timeout = before.timed_out_until
                     ^^^^^^^^^^^^^^^^^^^^^^
AttributeError: 'Member' object has no attribute 'timed_out_until'
Ignoring exception in on_member_update
Traceback (most recent call last):
  File "/usr/local/lib/python3.12/site-packages/discord/client.py", line 465, in _run_event
    await coro(*args, **kwargs)
  File "/app/asu_discord/cogs/analytics.py", line 652, in on_member_update
    before_timeout = before.timed_out_until
                     ^^^^^^^^^^^^^^^^^^^^^^
AttributeError: 'Member' object has no attribute 'timed_out_until'
Ignoring exception in on_member_update
Traceback (most recent call last):
  File "/usr/local/lib/python3.12/site-packages/discord/client.py", line 465, in _run_event
    await coro(*args, **kwargs)
  File "/app/asu_discord/cogs/analytics.py", line 652, in on_member_update
    before_timeout = before.timed_out_until
                     ^^^^^^^^^^^^^^^^^^^^^^
AttributeError: 'Member' object has no attribute 'timed_out_until'
Ignoring exception in on_member_update
Traceback (most recent call last):
  File "/usr/local/lib/python3.12/site-packages/discord/client.py", line 465, in _run_event
    await coro(*args, **kwargs)
  File "/app/asu_discord/cogs/analytics.py", line 652, in on_member_update
    before_timeout = before.timed_out_until
                     ^^^^^^^^^^^^^^^^^^^^^^
AttributeError: 'Member' object has no attribute 'timed_out_until'
Ignoring exception in on_member_update
Traceback (most recent call last):
  File "/usr/local/lib/python3.12/site-packages/discord/client.py", line 465, in _run_event
    await coro(*args, **kwargs)
  File "/app/asu_discord/cogs/analytics.py", line 652, in on_member_update
    before_timeout = before.timed_out_until
                     ^^^^^^^^^^^^^^^^^^^^^^
AttributeError: 'Member' object has no attribute 'timed_out_until'
Ignoring exception in on_member_update
Traceback (most recent call last):
  File "/usr/local/lib/python3.12/site-packages/discord/client.py", line 465, in _run_event
    await coro(*args, **kwargs)
  File "/app/asu_discord/cogs/analytics.py", line 652, in on_member_update
    before_timeout = before.timed_out_until
                     ^^^^^^^^^^^^^^^^^^^^^^
AttributeError: 'Member' object has no attribute 'timed_out_until'
Ignoring exception in on_member_update
Traceback (most recent call last):
  File "/usr/local/lib/python3.12/site-packages/discord/client.py", line 465, in _run_event
    await coro(*args, **kwargs)
  File "/app/asu_discord/cogs/analytics.py", line 652, in on_member_update
    before_timeout = before.timed_out_until
                     ^^^^^^^^^^^^^^^^^^^^^^
AttributeError: 'Member' object has no attribute 'timed_out_until'
INFO:asu_discord.cogs.verification:Saved 6 roles to database for user ikitaev (Discord ID: 983251308859490374)
INFO:asu_discord.cogs.verification:Refreshed Salesforce roles for Discord user 983251308859490374: -6/+6 roles, assigned=[Arizona Resident, College of Liberal Arts and Sciences, Commited, Tempe, Transfer Student, Upperclassmen]
Ignoring exception in on_member_update
Traceback (most recent call last):
  File "/usr/local/lib/python3.12/site-packages/discord/client.py", line 465, in _run_event
    await coro(*args, **kwargs)
  File "/app/asu_discord/cogs/analytics.py", line 652, in on_member_update
    before_timeout = before.timed_out_until
                     ^^^^^^^^^^^^^^^^^^^^^^
AttributeError: 'Member' object has no attribute 'timed_out_until'
Ignoring exception in on_member_update
Traceback (most recent call last):
  File "/usr/local/lib/python3.12/site-packages/discord/client.py", line 465, in _run_event
    await coro(*args, **kwargs)
  File "/app/asu_discord/cogs/analytics.py", line 652, in on_member_update
    before_timeout = before.timed_out_until
                     ^^^^^^^^^^^^^^^^^^^^^^
AttributeError: 'Member' object has no attribute 'timed_out_until'
INFO:asu_discord.cogs.verification:Saved 1 roles to database for user lfbowen (Discord ID: 742417013363966028)
INFO:asu_discord.cogs.verification:Refreshed Salesforce roles for Discord user 742417013363966028: -1/+1 roles, assigned=[Out of State]
Ignoring exception in on_member_update
Traceback (most recent call last):
  File "/usr/local/lib/python3.12/site-packages/discord/client.py", line 465, in _run_event
    await coro(*args, **kwargs)
  File "/app/asu_discord/cogs/analytics.py", line 652, in on_member_update
    before_timeout = before.timed_out_until
                     ^^^^^^^^^^^^^^^^^^^^^^
AttributeError: 'Member' object has no attribute 'timed_out_until'
Ignoring exception in on_member_update
Traceback (most recent call last):
  File "/usr/local/lib/python3.12/site-packages/discord/client.py", line 465, in _run_event
    await coro(*args, **kwargs)
  File "/app/asu_discord/cogs/analytics.py", line 652, in on_member_update
    before_timeout = before.timed_out_until
                     ^^^^^^^^^^^^^^^^^^^^^^
AttributeError: 'Member' object has no attribute 'timed_out_until'
Ignoring exception in on_member_update
Traceback (most recent call last):
  File "/usr/local/lib/python3.12/site-packages/discord/client.py", line 465, in _run_event
    await coro(*args, **kwargs)
  File "/app/asu_discord/cogs/analytics.py", line 652, in on_member_update
    before_timeout = before.timed_out_until
                     ^^^^^^^^^^^^^^^^^^^^^^
AttributeError: 'Member' object has no attribute 'timed_out_until'
Ignoring exception in on_member_update
Traceback (most recent call last):
  File "/usr/local/lib/python3.12/site-packages/discord/client.py", line 465, in _run_event
    await coro(*args, **kwargs)
  File "/app/asu_discord/cogs/analytics.py", line 652, in on_member_update
    before_timeout = before.timed_out_until
                     ^^^^^^^^^^^^^^^^^^^^^^
AttributeError: 'Member' object has no attribute 'timed_out_until'
Ignoring exception in on_member_update
Traceback (most recent call last):
  File "/usr/local/lib/python3.12/site-packages/discord/client.py", line 465, in _run_event
    await coro(*args, **kwargs)
  File "/app/asu_discord/cogs/analytics.py", line 652, in on_member_update
    before_timeout = before.timed_out_until
                     ^^^^^^^^^^^^^^^^^^^^^^
AttributeError: 'Member' object has no attribute 'timed_out_until'
Ignoring exception in on_member_update
Traceback (most recent call last):
  File "/usr/local/lib/python3.12/site-packages/discord/client.py", line 465, in _run_event
    await coro(*args, **kwargs)
  File "/app/asu_discord/cogs/analytics.py", line 652, in on_member_update
    before_timeout = before.timed_out_until
                     ^^^^^^^^^^^^^^^^^^^^^^
AttributeError: 'Member' object has no attribute 'timed_out_until'
INFO:asu_discord.cogs.verification:Saved 3 roles to database for user tkandira (Discord ID: 923890269315805234)
INFO:asu_discord.cogs.verification:Refreshed Salesforce roles for Discord user 923890269315805234: -3/+3 roles, assigned=[First Year, New College of Interdisciplinary Arts and Sciences, West Valley]
ERROR:cron.jobs:refresh_salesforce_roles: failed for bhcarlso (Discord ID 1283923546145427469): Failed to refresh Salesforce-based roles: Discord user 1283923546145427469 is not a member of the guild
Ignoring exception in on_member_update
Traceback (most recent call last):
  File "/usr/local/lib/python3.12/site-packages/discord/client.py", line 465, in _run_event
    await coro(*args, **kwargs)
  File "/app/asu_discord/cogs/analytics.py", line 652, in on_member_update
    before_timeout = before.timed_out_until
                     ^^^^^^^^^^^^^^^^^^^^^^
AttributeError: 'Member' object has no attribute 'timed_out_until'
Ignoring exception in on_member_update
Traceback (most recent call last):
  File "/usr/local/lib/python3.12/site-packages/discord/client.py", line 465, in _run_event
    await coro(*args, **kwargs)
  File "/app/asu_discord/cogs/analytics.py", line 652, in on_member_update
    before_timeout = before.timed_out_until
                     ^^^^^^^^^^^^^^^^^^^^^^
AttributeError: 'Member' object has no attribute 'timed_out_until'
Ignoring exception in on_member_update
Traceback (most recent call last):
  File "/usr/local/lib/python3.12/site-packages/discord/client.py", line 465, in _run_event
    await coro(*args, **kwargs)
  File "/app/asu_discord/cogs/analytics.py", line 652, in on_member_update
    before_timeout = before.timed_out_until
                     ^^^^^^^^^^^^^^^^^^^^^^
AttributeError: 'Member' object has no attribute 'timed_out_until'
Ignoring exception in on_member_update
Traceback (most recent call last):
  File "/usr/local/lib/python3.12/site-packages/discord/client.py", line 465, in _run_event
    await coro(*args, **kwargs)
  File "/app/asu_discord/cogs/analytics.py", line 652, in on_member_update
    before_timeout = before.timed_out_until
                     ^^^^^^^^^^^^^^^^^^^^^^
AttributeError: 'Member' object has no attribute 'timed_out_until'
Ignoring exception in on_member_update
Traceback (most recent call last):
  File "/usr/local/lib/python3.12/site-packages/discord/client.py", line 465, in _run_event
    await coro(*args, **kwargs)
  File "/app/asu_discord/cogs/analytics.py", line 652, in on_member_update
    before_timeout = before.timed_out_until
                     ^^^^^^^^^^^^^^^^^^^^^^
AttributeError: 'Member' object has no attribute 'timed_out_until'
Ignoring exception in on_member_update
Traceback (most recent call last):
  File "/usr/local/lib/python3.12/site-packages/discord/client.py", line 465, in _run_event
    await coro(*args, **kwargs)
  File "/app/asu_discord/cogs/analytics.py", line 652, in on_member_update
    before_timeout = before.timed_out_until
                     ^^^^^^^^^^^^^^^^^^^^^^
AttributeError: 'Member' object has no attribute 'timed_out_until'
Ignoring exception in on_member_update
Traceback (most recent call last):
  File "/usr/local/lib/python3.12/site-packages/discord/client.py", line 465, in _run_event
    await coro(*args, **kwargs)
  File "/app/asu_discord/cogs/analytics.py", line 652, in on_member_update
    before_timeout = before.timed_out_until
                     ^^^^^^^^^^^^^^^^^^^^^^
AttributeError: 'Member' object has no attribute 'timed_out_until'
Ignoring exception in on_member_update
Traceback (most recent call last):
  File "/usr/local/lib/python3.12/site-packages/discord/client.py", line 465, in _run_event
    await coro(*args, **kwargs)
  File "/app/asu_discord/cogs/analytics.py", line 652, in on_member_update
    before_timeout = before.timed_out_until
                     ^^^^^^^^^^^^^^^^^^^^^^
AttributeError: 'Member' object has no attribute 'timed_out_until'
Ignoring exception in on_member_update
Traceback (most recent call last):
  File "/usr/local/lib/python3.12/site-packages/discord/client.py", line 465, in _run_event
    await coro(*args, **kwargs)
  File "/app/asu_discord/cogs/analytics.py", line 652, in on_member_update
    before_timeout = before.timed_out_until
                     ^^^^^^^^^^^^^^^^^^^^^^
AttributeError: 'Member' object has no attribute 'timed_out_until'
Ignoring exception in on_member_update
Traceback (most recent call last):
  File "/usr/local/lib/python3.12/site-packages/discord/client.py", line 465, in _run_event
    await coro(*args, **kwargs)
  File "/app/asu_discord/cogs/analytics.py", line 652, in on_member_update
    before_timeout = before.timed_out_until
                     ^^^^^^^^^^^^^^^^^^^^^^
AttributeError: 'Member' object has no attribute 'timed_out_until'
INFO:asu_discord.cogs.verification:Saved 5 roles to database for user bmrobe13 (Discord ID: 741509250983002203)
INFO:asu_discord.cogs.verification:Refreshed Salesforce roles for Discord user 741509250983002203: -5/+5 roles, assigned=[Arizona Resident, Commited, First Year, Ira A. Fulton Schools of Engineering, Tempe]
Ignoring exception in on_member_update
Traceback (most recent call last):
  File "/usr/local/lib/python3.12/site-packages/discord/client.py", line 465, in _run_event
    await coro(*args, **kwargs)
  File "/app/asu_discord/cogs/analytics.py", line 652, in on_member_update
    before_timeout = before.timed_out_until
                     ^^^^^^^^^^^^^^^^^^^^^^
AttributeError: 'Member' object has no attribute 'timed_out_until'
Ignoring exception in on_member_update
Traceback (most recent call last):
  File "/usr/local/lib/python3.12/site-packages/discord/client.py", line 465, in _run_event
    await coro(*args, **kwargs)
  File "/app/asu_discord/cogs/analytics.py", line 652, in on_member_update
    before_timeout = before.timed_out_until
                     ^^^^^^^^^^^^^^^^^^^^^^
AttributeError: 'Member' object has no attribute 'timed_out_until'
Ignoring exception in on_member_update
Traceback (most recent call last):
  File "/usr/local/lib/python3.12/site-packages/discord/client.py", line 465, in _run_event
    await coro(*args, **kwargs)
  File "/app/asu_discord/cogs/analytics.py", line 652, in on_member_update
    before_timeout = before.timed_out_until
                     ^^^^^^^^^^^^^^^^^^^^^^
AttributeError: 'Member' object has no attribute 'timed_out_until'
Ignoring exception in on_member_update
Traceback (most recent call last):
  File "/usr/local/lib/python3.12/site-packages/discord/client.py", line 465, in _run_event
    await coro(*args, **kwargs)
  File "/app/asu_discord/cogs/analytics.py", line 652, in on_member_update
    before_timeout = before.timed_out_until
                     ^^^^^^^^^^^^^^^^^^^^^^
AttributeError: 'Member' object has no attribute 'timed_out_until'
Ignoring exception in on_member_update
Traceback (most recent call last):
  File "/usr/local/lib/python3.12/site-packages/discord/client.py", line 465, in _run_event
    await coro(*args, **kwargs)
  File "/app/asu_discord/cogs/analytics.py", line 652, in on_member_update
    before_timeout = before.timed_out_until
                     ^^^^^^^^^^^^^^^^^^^^^^
AttributeError: 'Member' object has no attribute 'timed_out_until'
Ignoring exception in on_member_update
Traceback (most recent call last):
  File "/usr/local/lib/python3.12/site-packages/discord/client.py", line 465, in _run_event
    await coro(*args, **kwargs)
  File "/app/asu_discord/cogs/analytics.py", line 652, in on_member_update
    before_timeout = before.timed_out_until
                     ^^^^^^^^^^^^^^^^^^^^^^
AttributeError: 'Member' object has no attribute 'timed_out_until'
Ignoring exception in on_member_update
Traceback (most recent call last):
  File "/usr/local/lib/python3.12/site-packages/discord/client.py", line 465, in _run_event
    await coro(*args, **kwargs)
  File "/app/asu_discord/cogs/analytics.py", line 652, in on_member_update
    before_timeout = before.timed_out_until
                     ^^^^^^^^^^^^^^^^^^^^^^
AttributeError: 'Member' object has no attribute 'timed_out_until'
Ignoring exception in on_member_update
Traceback (most recent call last):
  File "/usr/local/lib/python3.12/site-packages/discord/client.py", line 465, in _run_event
    await coro(*args, **kwargs)
  File "/app/asu_discord/cogs/analytics.py", line 652, in on_member_update
    before_timeout = before.timed_out_until
                     ^^^^^^^^^^^^^^^^^^^^^^
AttributeError: 'Member' object has no attribute 'timed_out_until'
Ignoring exception in on_member_update
Traceback (most recent call last):
  File "/usr/local/lib/python3.12/site-packages/discord/client.py", line 465, in _run_event
    await coro(*args, **kwargs)
  File "/app/asu_discord/cogs/analytics.py", line 652, in on_member_update
    before_timeout = before.timed_out_until
                     ^^^^^^^^^^^^^^^^^^^^^^
AttributeError: 'Member' object has no attribute 'timed_out_until'
Ignoring exception in on_member_update
Traceback (most recent call last):
  File "/usr/local/lib/python3.12/site-packages/discord/client.py", line 465, in _run_event
    await coro(*args, **kwargs)
  File "/app/asu_discord/cogs/analytics.py", line 652, in on_member_update
    before_timeout = before.timed_out_until
                     ^^^^^^^^^^^^^^^^^^^^^^
AttributeError: 'Member' object has no attribute 'timed_out_until'
Ignoring exception in on_member_update
Traceback (most recent call last):
  File "/usr/local/lib/python3.12/site-packages/discord/client.py", line 465, in _run_event
    await coro(*args, **kwargs)
  File "/app/asu_discord/cogs/analytics.py", line 652, in on_member_update
    before_timeout = before.timed_out_until
                     ^^^^^^^^^^^^^^^^^^^^^^
AttributeError: 'Member' object has no attribute 'timed_out_until'
INFO:asu_discord.cogs.verification:Saved 5 roles to database for user cnamur (Discord ID: 1275272761228525593)
INFO:asu_discord.cogs.verification:Refreshed Salesforce roles for Discord user 1275272761228525593: -5/+5 roles, assigned=[Commited, First Year, Ira A. Fulton Schools of Engineering, Out of State, Tempe]
Ignoring exception in on_member_update
Traceback (most recent call last):
  File "/usr/local/lib/python3.12/site-packages/discord/client.py", line 465, in _run_event
    await coro(*args, **kwargs)
  File "/app/asu_discord/cogs/analytics.py", line 652, in on_member_update
    before_timeout = before.timed_out_until
                     ^^^^^^^^^^^^^^^^^^^^^^
AttributeError: 'Member' object has no attribute 'timed_out_until'
Ignoring exception in on_member_update
Traceback (most recent call last):
  File "/usr/local/lib/python3.12/site-packages/discord/client.py", line 465, in _run_event
    await coro(*args, **kwargs)
  File "/app/asu_discord/cogs/analytics.py", line 652, in on_member_update
    before_timeout = before.timed_out_until
                     ^^^^^^^^^^^^^^^^^^^^^^
AttributeError: 'Member' object has no attribute 'timed_out_until'
Ignoring exception in on_member_update
Traceback (most recent call last):
  File "/usr/local/lib/python3.12/site-packages/discord/client.py", line 465, in _run_event
    await coro(*args, **kwargs)
  File "/app/asu_discord/cogs/analytics.py", line 652, in on_member_update
    before_timeout = before.timed_out_until
                     ^^^^^^^^^^^^^^^^^^^^^^
AttributeError: 'Member' object has no attribute 'timed_out_until'
Ignoring exception in on_member_update
Traceback (most recent call last):
  File "/usr/local/lib/python3.12/site-packages/discord/client.py", line 465, in _run_event
    await coro(*args, **kwargs)
  File "/app/asu_discord/cogs/analytics.py", line 652, in on_member_update
    before_timeout = before.timed_out_until
                     ^^^^^^^^^^^^^^^^^^^^^^
AttributeError: 'Member' object has no attribute 'timed_out_until'
Ignoring exception in on_member_update
Traceback (most recent call last):
  File "/usr/local/lib/python3.12/site-packages/discord/client.py", line 465, in _run_event
    await coro(*args, **kwargs)
  File "/app/asu_discord/cogs/analytics.py", line 652, in on_member_update
    before_timeout = before.timed_out_until
                     ^^^^^^^^^^^^^^^^^^^^^^
AttributeError: 'Member' object has no attribute 'timed_out_until'
Ignoring exception in on_member_update
Traceback (most recent call last):
  File "/usr/local/lib/python3.12/site-packages/discord/client.py", line 465, in _run_event
    await coro(*args, **kwargs)
  File "/app/asu_discord/cogs/analytics.py", line 652, in on_member_update
    before_timeout = before.timed_out_until
                     ^^^^^^^^^^^^^^^^^^^^^^
AttributeError: 'Member' object has no attribute 'timed_out_until'
Ignoring exception in on_member_update
Traceback (most recent call last):
  File "/usr/local/lib/python3.12/site-packages/discord/client.py", line 465, in _run_event
    await coro(*args, **kwargs)
  File "/app/asu_discord/cogs/analytics.py", line 652, in on_member_update
    before_timeout = before.timed_out_until
                     ^^^^^^^^^^^^^^^^^^^^^^
AttributeError: 'Member' object has no attribute 'timed_out_until'
Ignoring exception in on_member_update
Traceback (most recent call last):
  File "/usr/local/lib/python3.12/site-packages/discord/client.py", line 465, in _run_event
    await coro(*args, **kwargs)
  File "/app/asu_discord/cogs/analytics.py", line 652, in on_member_update
    before_timeout = before.timed_out_until
                     ^^^^^^^^^^^^^^^^^^^^^^
AttributeError: 'Member' object has no attribute 'timed_out_until'
Ignoring exception in on_member_update
Traceback (most recent call last):
  File "/usr/local/lib/python3.12/site-packages/discord/client.py", line 465, in _run_event
    await coro(*args, **kwargs)
  File "/app/asu_discord/cogs/analytics.py", line 652, in on_member_update
    before_timeout = before.timed_out_until
                     ^^^^^^^^^^^^^^^^^^^^^^
AttributeError: 'Member' object has no attribute 'timed_out_until'
Ignoring exception in on_member_update
Traceback (most recent call last):
  File "/usr/local/lib/python3.12/site-packages/discord/client.py", line 465, in _run_event
    await coro(*args, **kwargs)
  File "/app/asu_discord/cogs/analytics.py", line 652, in on_member_update
    before_timeout = before.timed_out_until
                     ^^^^^^^^^^^^^^^^^^^^^^
AttributeError: 'Member' object has no attribute 'timed_out_until'
INFO:asu_discord.cogs.verification:Saved 5 roles to database for user lford111 (Discord ID: 1066871628719460463)
INFO:asu_discord.cogs.verification:Refreshed Salesforce roles for Discord user 1066871628719460463: -5/+5 roles, assigned=[Commited, First Year, Ira A. Fulton Schools of Engineering, Out of State, West Valley]
Ignoring exception in on_member_update
Traceback (most recent call last):
  File "/usr/local/lib/python3.12/site-packages/discord/client.py", line 465, in _run_event
    await coro(*args, **kwargs)
  File "/app/asu_discord/cogs/analytics.py", line 652, in on_member_update
    before_timeout = before.timed_out_until
                     ^^^^^^^^^^^^^^^^^^^^^^
AttributeError: 'Member' object has no attribute 'timed_out_until'
Ignoring exception in on_member_update
Traceback (most recent call last):
  File "/usr/local/lib/python3.12/site-packages/discord/client.py", line 465, in _run_event
    await coro(*args, **kwargs)
  File "/app/asu_discord/cogs/analytics.py", line 652, in on_member_update
    before_timeout = before.timed_out_until
                     ^^^^^^^^^^^^^^^^^^^^^^
AttributeError: 'Member' object has no attribute 'timed_out_until'
Ignoring exception in on_member_update
Traceback (most recent call last):
  File "/usr/local/lib/python3.12/site-packages/discord/client.py", line 465, in _run_event
    await coro(*args, **kwargs)
  File "/app/asu_discord/cogs/analytics.py", line 652, in on_member_update
    before_timeout = before.timed_out_until
                     ^^^^^^^^^^^^^^^^^^^^^^
AttributeError: 'Member' object has no attribute 'timed_out_until'
Ignoring exception in on_member_update
Traceback (most recent call last):
  File "/usr/local/lib/python3.12/site-packages/discord/client.py", line 465, in _run_event
    await coro(*args, **kwargs)
  File "/app/asu_discord/cogs/analytics.py", line 652, in on_member_update
    before_timeout = before.timed_out_until
                     ^^^^^^^^^^^^^^^^^^^^^^
AttributeError: 'Member' object has no attribute 'timed_out_until'
Ignoring exception in on_member_update
Traceback (most recent call last):
  File "/usr/local/lib/python3.12/site-packages/discord/client.py", line 465, in _run_event
    await coro(*args, **kwargs)
  File "/app/asu_discord/cogs/analytics.py", line 652, in on_member_update
    before_timeout = before.timed_out_until
                     ^^^^^^^^^^^^^^^^^^^^^^
AttributeError: 'Member' object has no attribute 'timed_out_until'
Ignoring exception in on_member_update
Traceback (most recent call last):
  File "/usr/local/lib/python3.12/site-packages/discord/client.py", line 465, in _run_event
    await coro(*args, **kwargs)
  File "/app/asu_discord/cogs/analytics.py", line 652, in on_member_update
    before_timeout = before.timed_out_until
                     ^^^^^^^^^^^^^^^^^^^^^^
AttributeError: 'Member' object has no attribute 'timed_out_until'
Ignoring exception in on_member_update
Traceback (most recent call last):
  File "/usr/local/lib/python3.12/site-packages/discord/client.py", line 465, in _run_event
    await coro(*args, **kwargs)
  File "/app/asu_discord/cogs/analytics.py", line 652, in on_member_update
    before_timeout = before.timed_out_until
                     ^^^^^^^^^^^^^^^^^^^^^^
AttributeError: 'Member' object has no attribute 'timed_out_until'
Ignoring exception in on_member_update
Traceback (most recent call last):
  File "/usr/local/lib/python3.12/site-packages/discord/client.py", line 465, in _run_event
    await coro(*args, **kwargs)
  File "/app/asu_discord/cogs/analytics.py", line 652, in on_member_update
    before_timeout = before.timed_out_until
                     ^^^^^^^^^^^^^^^^^^^^^^
AttributeError: 'Member' object has no attribute 'timed_out_until'
Ignoring exception in on_member_update
Traceback (most recent call last):
  File "/usr/local/lib/python3.12/site-packages/discord/client.py", line 465, in _run_event
    await coro(*args, **kwargs)
  File "/app/asu_discord/cogs/analytics.py", line 652, in on_member_update
    before_timeout = before.timed_out_until
                     ^^^^^^^^^^^^^^^^^^^^^^
AttributeError: 'Member' object has no attribute 'timed_out_until'
Ignoring exception in on_member_update
Traceback (most recent call last):
  File "/usr/local/lib/python3.12/site-packages/discord/client.py", line 465, in _run_event
    await coro(*args, **kwargs)
  File "/app/asu_discord/cogs/analytics.py", line 652, in on_member_update
    before_timeout = before.timed_out_until
                     ^^^^^^^^^^^^^^^^^^^^^^
AttributeError: 'Member' object has no attribute 'timed_out_until'
INFO:asu_discord.cogs.verification:Saved 5 roles to database for user flandfai (Discord ID: 1101182400949661860)
INFO:asu_discord.cogs.verification:Refreshed Salesforce roles for Discord user 1101182400949661860: -5/+5 roles, assigned=[Arizona Resident, Commited, First Year, Herberger Institute for Design and the Arts, Tempe]
Ignoring exception in on_member_update
Traceback (most recent call last):
  File "/usr/local/lib/python3.12/site-packages/discord/client.py", line 465, in _run_event
    await coro(*args, **kwargs)
  File "/app/asu_discord/cogs/analytics.py", line 652, in on_member_update
    before_timeout = before.timed_out_until
                     ^^^^^^^^^^^^^^^^^^^^^^
AttributeError: 'Member' object has no attribute 'timed_out_until'
Ignoring exception in on_member_update
Traceback (most recent call last):
  File "/usr/local/lib/python3.12/site-packages/discord/client.py", line 465, in _run_event
    await coro(*args, **kwargs)
  File "/app/asu_discord/cogs/analytics.py", line 652, in on_member_update
    before_timeout = before.timed_out_until
                     ^^^^^^^^^^^^^^^^^^^^^^
AttributeError: 'Member' object has no attribute 'timed_out_until'
Ignoring exception in on_member_update
Traceback (most recent call last):
  File "/usr/local/lib/python3.12/site-packages/discord/client.py", line 465, in _run_event
    await coro(*args, **kwargs)
  File "/app/asu_discord/cogs/analytics.py", line 652, in on_member_update
    before_timeout = before.timed_out_until
                     ^^^^^^^^^^^^^^^^^^^^^^
AttributeError: 'Member' object has no attribute 'timed_out_until'
Ignoring exception in on_member_update
Traceback (most recent call last):
  File "/usr/local/lib/python3.12/site-packages/discord/client.py", line 465, in _run_event
    await coro(*args, **kwargs)
  File "/app/asu_discord/cogs/analytics.py", line 652, in on_member_update
    before_timeout = before.timed_out_until
                     ^^^^^^^^^^^^^^^^^^^^^^
AttributeError: 'Member' object has no attribute 'timed_out_until'
Ignoring exception in on_member_update
Traceback (most recent call last):
  File "/usr/local/lib/python3.12/site-packages/discord/client.py", line 465, in _run_event
    await coro(*args, **kwargs)
  File "/app/asu_discord/cogs/analytics.py", line 652, in on_member_update
    before_timeout = before.timed_out_until
                     ^^^^^^^^^^^^^^^^^^^^^^
AttributeError: 'Member' object has no attribute 'timed_out_until'
Ignoring exception in on_member_update
Traceback (most recent call last):
  File "/usr/local/lib/python3.12/site-packages/discord/client.py", line 465, in _run_event
    await coro(*args, **kwargs)
  File "/app/asu_discord/cogs/analytics.py", line 652, in on_member_update
    before_timeout = before.timed_out_until
                     ^^^^^^^^^^^^^^^^^^^^^^
AttributeError: 'Member' object has no attribute 'timed_out_until'
Ignoring exception in on_member_update
Traceback (most recent call last):
  File "/usr/local/lib/python3.12/site-packages/discord/client.py", line 465, in _run_event
    await coro(*args, **kwargs)
  File "/app/asu_discord/cogs/analytics.py", line 652, in on_member_update
    before_timeout = before.timed_out_until
                     ^^^^^^^^^^^^^^^^^^^^^^
AttributeError: 'Member' object has no attribute 'timed_out_until'
Ignoring exception in on_member_update
Traceback (most recent call last):
  File "/usr/local/lib/python3.12/site-packages/discord/client.py", line 465, in _run_event
    await coro(*args, **kwargs)
  File "/app/asu_discord/cogs/analytics.py", line 652, in on_member_update
    before_timeout = before.timed_out_until
                     ^^^^^^^^^^^^^^^^^^^^^^
AttributeError: 'Member' object has no attribute 'timed_out_until'
INFO:asu_discord.cogs.verification:Saved 4 roles to database for user tjmarra (Discord ID: 554470641701748874)
INFO:asu_discord.cogs.verification:Refreshed Salesforce roles for Discord user 554470641701748874: -4/+4 roles, assigned=[Arizona Resident, First Year, Ira A. Fulton Schools of Engineering, Tempe]
Ignoring exception in on_member_update
Traceback (most recent call last):
  File "/usr/local/lib/python3.12/site-packages/discord/client.py", line 465, in _run_event
    await coro(*args, **kwargs)
  File "/app/asu_discord/cogs/analytics.py", line 652, in on_member_update
    before_timeout = before.timed_out_until
                     ^^^^^^^^^^^^^^^^^^^^^^
AttributeError: 'Member' object has no attribute 'timed_out_until'
Ignoring exception in on_member_update
Traceback (most recent call last):
  File "/usr/local/lib/python3.12/site-packages/discord/client.py", line 465, in _run_event
    await coro(*args, **kwargs)
  File "/app/asu_discord/cogs/analytics.py", line 652, in on_member_update
    before_timeout = before.timed_out_until
                     ^^^^^^^^^^^^^^^^^^^^^^
AttributeError: 'Member' object has no attribute 'timed_out_until'
Ignoring exception in on_member_update
Traceback (most recent call last):
  File "/usr/local/lib/python3.12/site-packages/discord/client.py", line 465, in _run_event
    await coro(*args, **kwargs)
  File "/app/asu_discord/cogs/analytics.py", line 652, in on_member_update
    before_timeout = before.timed_out_until
                     ^^^^^^^^^^^^^^^^^^^^^^
AttributeError: 'Member' object has no attribute 'timed_out_until'
Ignoring exception in on_member_update
Traceback (most recent call last):
  File "/usr/local/lib/python3.12/site-packages/discord/client.py", line 465, in _run_event
    await coro(*args, **kwargs)
  File "/app/asu_discord/cogs/analytics.py", line 652, in on_member_update
    before_timeout = before.timed_out_until
                     ^^^^^^^^^^^^^^^^^^^^^^
AttributeError: 'Member' object has no attribute 'timed_out_until'
Ignoring exception in on_member_update
Traceback (most recent call last):
  File "/usr/local/lib/python3.12/site-packages/discord/client.py", line 465, in _run_event
    await coro(*args, **kwargs)
  File "/app/asu_discord/cogs/analytics.py", line 652, in on_member_update
    before_timeout = before.timed_out_until
                     ^^^^^^^^^^^^^^^^^^^^^^
AttributeError: 'Member' object has no attribute 'timed_out_until'
Ignoring exception in on_member_update
Traceback (most recent call last):
  File "/usr/local/lib/python3.12/site-packages/discord/client.py", line 465, in _run_event
    await coro(*args, **kwargs)
  File "/app/asu_discord/cogs/analytics.py", line 652, in on_member_update
    before_timeout = before.timed_out_until
                     ^^^^^^^^^^^^^^^^^^^^^^
AttributeError: 'Member' object has no attribute 'timed_out_until'
Ignoring exception in on_member_update
Traceback (most recent call last):
  File "/usr/local/lib/python3.12/site-packages/discord/client.py", line 465, in _run_event
    await coro(*args, **kwargs)
  File "/app/asu_discord/cogs/analytics.py", line 652, in on_member_update
    before_timeout = before.timed_out_until
                     ^^^^^^^^^^^^^^^^^^^^^^
AttributeError: 'Member' object has no attribute 'timed_out_until'
Ignoring exception in on_member_update
Traceback (most recent call last):
  File "/usr/local/lib/python3.12/site-packages/discord/client.py", line 465, in _run_event
    await coro(*args, **kwargs)
  File "/app/asu_discord/cogs/analytics.py", line 652, in on_member_update
    before_timeout = before.timed_out_until
                     ^^^^^^^^^^^^^^^^^^^^^^
AttributeError: 'Member' object has no attribute 'timed_out_until'
Ignoring exception in on_member_update
Traceback (most recent call last):
  File "/usr/local/lib/python3.12/site-packages/discord/client.py", line 465, in _run_event
    await coro(*args, **kwargs)
  File "/app/asu_discord/cogs/analytics.py", line 652, in on_member_update
    before_timeout = before.timed_out_until
                     ^^^^^^^^^^^^^^^^^^^^^^
AttributeError: 'Member' object has no attribute 'timed_out_until'
Ignoring exception in on_member_update
Traceback (most recent call last):
  File "/usr/local/lib/python3.12/site-packages/discord/client.py", line 465, in _run_event
    await coro(*args, **kwargs)
  File "/app/asu_discord/cogs/analytics.py", line 652, in on_member_update
    before_timeout = before.timed_out_until
                     ^^^^^^^^^^^^^^^^^^^^^^
AttributeError: 'Member' object has no attribute 'timed_out_until'
Ignoring exception in on_member_update
Traceback (most recent call last):
  File "/usr/local/lib/python3.12/site-packages/discord/client.py", line 465, in _run_event
    await coro(*args, **kwargs)
  File "/app/asu_discord/cogs/analytics.py", line 652, in on_member_update
    before_timeout = before.timed_out_until
                     ^^^^^^^^^^^^^^^^^^^^^^
AttributeError: 'Member' object has no attribute 'timed_out_until'
Ignoring exception in on_member_update
Traceback (most recent call last):
  File "/usr/local/lib/python3.12/site-packages/discord/client.py", line 465, in _run_event
    await coro(*args, **kwargs)
  File "/app/asu_discord/cogs/analytics.py", line 652, in on_member_update
    before_timeout = before.timed_out_until
                     ^^^^^^^^^^^^^^^^^^^^^^
AttributeError: 'Member' object has no attribute 'timed_out_until'
INFO:asu_discord.cogs.verification:Saved 6 roles to database for user kjgutie5 (Discord ID: 798764118541598751)
INFO:asu_discord.cogs.verification:Refreshed Salesforce roles for Discord user 798764118541598751: -6/+6 roles, assigned=[Arizona Resident, Commited, First Generation Student, First Year, Ira A. Fulton Schools of Engineering, Tempe]
Ignoring exception in on_member_update
Traceback (most recent call last):
  File "/usr/local/lib/python3.12/site-packages/discord/client.py", line 465, in _run_event
    await coro(*args, **kwargs)
  File "/app/asu_discord/cogs/analytics.py", line 652, in on_member_update
    before_timeout = before.timed_out_until
                     ^^^^^^^^^^^^^^^^^^^^^^
AttributeError: 'Member' object has no attribute 'timed_out_until'
Ignoring exception in on_member_update
Traceback (most recent call last):
  File "/usr/local/lib/python3.12/site-packages/discord/client.py", line 465, in _run_event
    await coro(*args, **kwargs)
  File "/app/asu_discord/cogs/analytics.py", line 652, in on_member_update
    before_timeout = before.timed_out_until
                     ^^^^^^^^^^^^^^^^^^^^^^
AttributeError: 'Member' object has no attribute 'timed_out_until'
Ignoring exception in on_member_update
Traceback (most recent call last):
  File "/usr/local/lib/python3.12/site-packages/discord/client.py", line 465, in _run_event
    await coro(*args, **kwargs)
  File "/app/asu_discord/cogs/analytics.py", line 652, in on_member_update
    before_timeout = before.timed_out_until
                     ^^^^^^^^^^^^^^^^^^^^^^
AttributeError: 'Member' object has no attribute 'timed_out_until'
Ignoring exception in on_member_update
Traceback (most recent call last):
  File "/usr/local/lib/python3.12/site-packages/discord/client.py", line 465, in _run_event
    await coro(*args, **kwargs)
  File "/app/asu_discord/cogs/analytics.py", line 652, in on_member_update
    before_timeout = before.timed_out_until
                     ^^^^^^^^^^^^^^^^^^^^^^
AttributeError: 'Member' object has no attribute 'timed_out_until'
ERROR:cron.jobs:refresh_salesforce_roles: failed for wjfullwo (Discord ID 379379771307720716): Timed out refresh Salesforce-based roles
Ignoring exception in on_member_update
Traceback (most recent call last):
  File "/usr/local/lib/python3.12/site-packages/discord/client.py", line 465, in _run_event
    await coro(*args, **kwargs)
  File "/app/asu_discord/cogs/analytics.py", line 652, in on_member_update
    before_timeout = before.timed_out_until
                     ^^^^^^^^^^^^^^^^^^^^^^
AttributeError: 'Member' object has no attribute 'timed_out_until'
Ignoring exception in on_member_update
Traceback (most recent call last):
  File "/usr/local/lib/python3.12/site-packages/discord/client.py", line 465, in _run_event
    await coro(*args, **kwargs)
  File "/app/asu_discord/cogs/analytics.py", line 652, in on_member_update
    before_timeout = before.timed_out_until
                     ^^^^^^^^^^^^^^^^^^^^^^
AttributeError: 'Member' object has no attribute 'timed_out_until'
Ignoring exception in on_member_update
Traceback (most recent call last):
  File "/usr/local/lib/python3.12/site-packages/discord/client.py", line 465, in _run_event
    await coro(*args, **kwargs)
  File "/app/asu_discord/cogs/analytics.py", line 652, in on_member_update
    before_timeout = before.timed_out_until
                     ^^^^^^^^^^^^^^^^^^^^^^
AttributeError: 'Member' object has no attribute 'timed_out_until'
Ignoring exception in on_member_update
Traceback (most recent call last):
  File "/usr/local/lib/python3.12/site-packages/discord/client.py", line 465, in _run_event
    await coro(*args, **kwargs)
  File "/app/asu_discord/cogs/analytics.py", line 652, in on_member_update
    before_timeout = before.timed_out_until
                     ^^^^^^^^^^^^^^^^^^^^^^
AttributeError: 'Member' object has no attribute 'timed_out_until'
Ignoring exception in on_member_update
Traceback (most recent call last):
  File "/usr/local/lib/python3.12/site-packages/discord/client.py", line 465, in _run_event
    await coro(*args, **kwargs)
  File "/app/asu_discord/cogs/analytics.py", line 652, in on_member_update
    before_timeout = before.timed_out_until
                     ^^^^^^^^^^^^^^^^^^^^^^
AttributeError: 'Member' object has no attribute 'timed_out_until'
Ignoring exception in on_member_update
Traceback (most recent call last):
  File "/usr/local/lib/python3.12/site-packages/discord/client.py", line 465, in _run_event
    await coro(*args, **kwargs)
  File "/app/asu_discord/cogs/analytics.py", line 652, in on_member_update
    before_timeout = before.timed_out_until
                     ^^^^^^^^^^^^^^^^^^^^^^
AttributeError: 'Member' object has no attribute 'timed_out_until'
Ignoring exception in on_member_update
Traceback (most recent call last):
  File "/usr/local/lib/python3.12/site-packages/discord/client.py", line 465, in _run_event
    await coro(*args, **kwargs)
  File "/app/asu_discord/cogs/analytics.py", line 652, in on_member_update
    before_timeout = before.timed_out_until
                     ^^^^^^^^^^^^^^^^^^^^^^
AttributeError: 'Member' object has no attribute 'timed_out_until'
Ignoring exception in on_member_update
Traceback (most recent call last):
  File "/usr/local/lib/python3.12/site-packages/discord/client.py", line 465, in _run_event
    await coro(*args, **kwargs)
  File "/app/asu_discord/cogs/analytics.py", line 652, in on_member_update
    before_timeout = before.timed_out_until
                     ^^^^^^^^^^^^^^^^^^^^^^
AttributeError: 'Member' object has no attribute 'timed_out_until'
Ignoring exception in on_member_update
Traceback (most recent call last):
  File "/usr/local/lib/python3.12/site-packages/discord/client.py", line 465, in _run_event
    await coro(*args, **kwargs)
  File "/app/asu_discord/cogs/analytics.py", line 652, in on_member_update
    before_timeout = before.timed_out_until
                     ^^^^^^^^^^^^^^^^^^^^^^
AttributeError: 'Member' object has no attribute 'timed_out_until'
Ignoring exception in on_member_update
Traceback (most recent call last):
  File "/usr/local/lib/python3.12/site-packages/discord/client.py", line 465, in _run_event
    await coro(*args, **kwargs)
  File "/app/asu_discord/cogs/analytics.py", line 652, in on_member_update
    before_timeout = before.timed_out_until
                     ^^^^^^^^^^^^^^^^^^^^^^
AttributeError: 'Member' object has no attribute 'timed_out_until'
Ignoring exception in on_member_update
Traceback (most recent call last):
  File "/usr/local/lib/python3.12/site-packages/discord/client.py", line 465, in _run_event
    await coro(*args, **kwargs)
  File "/app/asu_discord/cogs/analytics.py", line 652, in on_member_update
    before_timeout = before.timed_out_until
                     ^^^^^^^^^^^^^^^^^^^^^^
AttributeError: 'Member' object has no attribute 'timed_out_until'
INFO:asu_discord.cogs.verification:Saved 5 roles to database for user dclose2 (Discord ID: 834290044356657193)
INFO:asu_discord.cogs.verification:Refreshed Salesforce roles for Discord user 834290044356657193: -5/+5 roles, assigned=[Arizona Resident, Commited, Graduate Student, Ira A. Fulton Schools of Engineering, Polytechnic]
Ignoring exception in on_member_update
Traceback (most recent call last):
  File "/usr/local/lib/python3.12/site-packages/discord/client.py", line 465, in _run_event
    await coro(*args, **kwargs)
  File "/app/asu_discord/cogs/analytics.py", line 652, in on_member_update
    before_timeout = before.timed_out_until
                     ^^^^^^^^^^^^^^^^^^^^^^
AttributeError: 'Member' object has no attribute 'timed_out_until'
Ignoring exception in on_member_update
Traceback (most recent call last):
  File "/usr/local/lib/python3.12/site-packages/discord/client.py", line 465, in _run_event
    await coro(*args, **kwargs)
  File "/app/asu_discord/cogs/analytics.py", line 652, in on_member_update
    before_timeout = before.timed_out_until
                     ^^^^^^^^^^^^^^^^^^^^^^
AttributeError: 'Member' object has no attribute 'timed_out_until'
Ignoring exception in on_member_update
Traceback (most recent call last):
  File "/usr/local/lib/python3.12/site-packages/discord/client.py", line 465, in _run_event
    await coro(*args, **kwargs)
  File "/app/asu_discord/cogs/analytics.py", line 652, in on_member_update
    before_timeout = before.timed_out_until
                     ^^^^^^^^^^^^^^^^^^^^^^
AttributeError: 'Member' object has no attribute 'timed_out_until'
Ignoring exception in on_member_update
Traceback (most recent call last):
  File "/usr/local/lib/python3.12/site-packages/discord/client.py", line 465, in _run_event
    await coro(*args, **kwargs)
  File "/app/asu_discord/cogs/analytics.py", line 652, in on_member_update
    before_timeout = before.timed_out_until
                     ^^^^^^^^^^^^^^^^^^^^^^
AttributeError: 'Member' object has no attribute 'timed_out_until'
Ignoring exception in on_member_update
Traceback (most recent call last):
  File "/usr/local/lib/python3.12/site-packages/discord/client.py", line 465, in _run_event
    await coro(*args, **kwargs)
  File "/app/asu_discord/cogs/analytics.py", line 652, in on_member_update
    before_timeout = before.timed_out_until
                     ^^^^^^^^^^^^^^^^^^^^^^
AttributeError: 'Member' object has no attribute 'timed_out_until'
Ignoring exception in on_member_update
Traceback (most recent call last):
  File "/usr/local/lib/python3.12/site-packages/discord/client.py", line 465, in _run_event
    await coro(*args, **kwargs)
  File "/app/asu_discord/cogs/analytics.py", line 652, in on_member_update
    before_timeout = before.timed_out_until
                     ^^^^^^^^^^^^^^^^^^^^^^
AttributeError: 'Member' object has no attribute 'timed_out_until'
Ignoring exception in on_member_update
Traceback (most recent call last):
  File "/usr/local/lib/python3.12/site-packages/discord/client.py", line 465, in _run_event
    await coro(*args, **kwargs)
  File "/app/asu_discord/cogs/analytics.py", line 652, in on_member_update
    before_timeout = before.timed_out_until
                     ^^^^^^^^^^^^^^^^^^^^^^
AttributeError: 'Member' object has no attribute 'timed_out_until'
Ignoring exception in on_member_update
Traceback (most recent call last):
  File "/usr/local/lib/python3.12/site-packages/discord/client.py", line 465, in _run_event
    await coro(*args, **kwargs)
  File "/app/asu_discord/cogs/analytics.py", line 652, in on_member_update
    before_timeout = before.timed_out_until
                     ^^^^^^^^^^^^^^^^^^^^^^
AttributeError: 'Member' object has no attribute 'timed_out_until'
Ignoring exception in on_member_update
Traceback (most recent call last):
  File "/usr/local/lib/python3.12/site-packages/discord/client.py", line 465, in _run_event
    await coro(*args, **kwargs)
  File "/app/asu_discord/cogs/analytics.py", line 652, in on_member_update
    before_timeout = before.timed_out_until
                     ^^^^^^^^^^^^^^^^^^^^^^
AttributeError: 'Member' object has no attribute 'timed_out_until'
Ignoring exception in on_member_update
Traceback (most recent call last):
  File "/usr/local/lib/python3.12/site-packages/discord/client.py", line 465, in _run_event
    await coro(*args, **kwargs)
  File "/app/asu_discord/cogs/analytics.py", line 652, in on_member_update
    before_timeout = before.timed_out_until
                     ^^^^^^^^^^^^^^^^^^^^^^
AttributeError: 'Member' object has no attribute 'timed_out_until'
INFO:asu_discord.cogs.verification:Saved 5 roles to database for user jathiel (Discord ID: 1240948385901711402)
INFO:asu_discord.cogs.verification:Refreshed Salesforce roles for Discord user 1240948385901711402: -5/+5 roles, assigned=[Arizona Resident, Commited, First Year, Herberger Institute for Design and the Arts, LA Center]
Ignoring exception in on_member_update
Traceback (most recent call last):
  File "/usr/local/lib/python3.12/site-packages/discord/client.py", line 465, in _run_event
    await coro(*args, **kwargs)
  File "/app/asu_discord/cogs/analytics.py", line 652, in on_member_update
    before_timeout = before.timed_out_until
                     ^^^^^^^^^^^^^^^^^^^^^^
AttributeError: 'Member' object has no attribute 'timed_out_until'
Ignoring exception in on_member_update
Traceback (most recent call last):
  File "/usr/local/lib/python3.12/site-packages/discord/client.py", line 465, in _run_event
    await coro(*args, **kwargs)
  File "/app/asu_discord/cogs/analytics.py", line 652, in on_member_update
    before_timeout = before.timed_out_until
                     ^^^^^^^^^^^^^^^^^^^^^^
AttributeError: 'Member' object has no attribute 'timed_out_until'
Ignoring exception in on_member_update
Traceback (most recent call last):
  File "/usr/local/lib/python3.12/site-packages/discord/client.py", line 465, in _run_event
    await coro(*args, **kwargs)
  File "/app/asu_discord/cogs/analytics.py", line 652, in on_member_update
    before_timeout = before.timed_out_until
                     ^^^^^^^^^^^^^^^^^^^^^^
AttributeError: 'Member' object has no attribute 'timed_out_until'
Ignoring exception in on_member_update
Traceback (most recent call last):
  File "/usr/local/lib/python3.12/site-packages/discord/client.py", line 465, in _run_event
    await coro(*args, **kwargs)
  File "/app/asu_discord/cogs/analytics.py", line 652, in on_member_update
    before_timeout = before.timed_out_until
                     ^^^^^^^^^^^^^^^^^^^^^^
AttributeError: 'Member' object has no attribute 'timed_out_until'
Ignoring exception in on_member_update
Traceback (most recent call last):
  File "/usr/local/lib/python3.12/site-packages/discord/client.py", line 465, in _run_event
    await coro(*args, **kwargs)
  File "/app/asu_discord/cogs/analytics.py", line 652, in on_member_update
    before_timeout = before.timed_out_until
                     ^^^^^^^^^^^^^^^^^^^^^^
AttributeError: 'Member' object has no attribute 'timed_out_until'
Ignoring exception in on_member_update
Traceback (most recent call last):
  File "/usr/local/lib/python3.12/site-packages/discord/client.py", line 465, in _run_event
    await coro(*args, **kwargs)
  File "/app/asu_discord/cogs/analytics.py", line 652, in on_member_update
    before_timeout = before.timed_out_until
                     ^^^^^^^^^^^^^^^^^^^^^^
AttributeError: 'Member' object has no attribute 'timed_out_until'
Ignoring exception in on_member_update
Traceback (most recent call last):
  File "/usr/local/lib/python3.12/site-packages/discord/client.py", line 465, in _run_event
    await coro(*args, **kwargs)
  File "/app/asu_discord/cogs/analytics.py", line 652, in on_member_update
    before_timeout = before.timed_out_until
                     ^^^^^^^^^^^^^^^^^^^^^^
AttributeError: 'Member' object has no attribute 'timed_out_until'
Ignoring exception in on_member_update
Traceback (most recent call last):
  File "/usr/local/lib/python3.12/site-packages/discord/client.py", line 465, in _run_event
    await coro(*args, **kwargs)
  File "/app/asu_discord/cogs/analytics.py", line 652, in on_member_update
    before_timeout = before.timed_out_until
                     ^^^^^^^^^^^^^^^^^^^^^^
AttributeError: 'Member' object has no attribute 'timed_out_until'
Ignoring exception in on_member_update
Traceback (most recent call last):
  File "/usr/local/lib/python3.12/site-packages/discord/client.py", line 465, in _run_event
    await coro(*args, **kwargs)
  File "/app/asu_discord/cogs/analytics.py", line 652, in on_member_update
    before_timeout = before.timed_out_until
                     ^^^^^^^^^^^^^^^^^^^^^^
AttributeError: 'Member' object has no attribute 'timed_out_until'
Ignoring exception in on_member_update
Traceback (most recent call last):
  File "/usr/local/lib/python3.12/site-packages/discord/client.py", line 465, in _run_event
    await coro(*args, **kwargs)
  File "/app/asu_discord/cogs/analytics.py", line 652, in on_member_update
    before_timeout = before.timed_out_until
                     ^^^^^^^^^^^^^^^^^^^^^^
AttributeError: 'Member' object has no attribute 'timed_out_until'
INFO:asu_discord.cogs.verification:Saved 5 roles to database for user htanuku (Discord ID: 707903207468302368)
INFO:asu_discord.cogs.verification:Refreshed Salesforce roles for Discord user 707903207468302368: -5/+5 roles, assigned=[Commited, First Year, International Student, Ira A. Fulton Schools of Engineering, Tempe]
Ignoring exception in on_member_update
Traceback (most recent call last):
  File "/usr/local/lib/python3.12/site-packages/discord/client.py", line 465, in _run_event
    await coro(*args, **kwargs)
  File "/app/asu_discord/cogs/analytics.py", line 652, in on_member_update
    before_timeout = before.timed_out_until
                     ^^^^^^^^^^^^^^^^^^^^^^
AttributeError: 'Member' object has no attribute 'timed_out_until'
Ignoring exception in on_member_update
Traceback (most recent call last):
  File "/usr/local/lib/python3.12/site-packages/discord/client.py", line 465, in _run_event
    await coro(*args, **kwargs)
  File "/app/asu_discord/cogs/analytics.py", line 652, in on_member_update
    before_timeout = before.timed_out_until
                     ^^^^^^^^^^^^^^^^^^^^^^
AttributeError: 'Member' object has no attribute 'timed_out_until'
Ignoring exception in on_member_update
Traceback (most recent call last):
  File "/usr/local/lib/python3.12/site-packages/discord/client.py", line 465, in _run_event
    await coro(*args, **kwargs)
  File "/app/asu_discord/cogs/analytics.py", line 652, in on_member_update
    before_timeout = before.timed_out_until
                     ^^^^^^^^^^^^^^^^^^^^^^
AttributeError: 'Member' object has no attribute 'timed_out_until'
Ignoring exception in on_member_update
Traceback (most recent call last):
  File "/usr/local/lib/python3.12/site-packages/discord/client.py", line 465, in _run_event
    await coro(*args, **kwargs)
  File "/app/asu_discord/cogs/analytics.py", line 652, in on_member_update
    before_timeout = before.timed_out_until
                     ^^^^^^^^^^^^^^^^^^^^^^
AttributeError: 'Member' object has no attribute 'timed_out_until'
Ignoring exception in on_member_update
Traceback (most recent call last):
  File "/usr/local/lib/python3.12/site-packages/discord/client.py", line 465, in _run_event
    await coro(*args, **kwargs)
  File "/app/asu_discord/cogs/analytics.py", line 652, in on_member_update
    before_timeout = before.timed_out_until
                     ^^^^^^^^^^^^^^^^^^^^^^
AttributeError: 'Member' object has no attribute 'timed_out_until'
Ignoring exception in on_member_update
Traceback (most recent call last):
  File "/usr/local/lib/python3.12/site-packages/discord/client.py", line 465, in _run_event
    await coro(*args, **kwargs)
  File "/app/asu_discord/cogs/analytics.py", line 652, in on_member_update
    before_timeout = before.timed_out_until
                     ^^^^^^^^^^^^^^^^^^^^^^
AttributeError: 'Member' object has no attribute 'timed_out_until'
Ignoring exception in on_member_update
Traceback (most recent call last):
  File "/usr/local/lib/python3.12/site-packages/discord/client.py", line 465, in _run_event
    await coro(*args, **kwargs)
  File "/app/asu_discord/cogs/analytics.py", line 652, in on_member_update
    before_timeout = before.timed_out_until
                     ^^^^^^^^^^^^^^^^^^^^^^
AttributeError: 'Member' object has no attribute 'timed_out_until'
Ignoring exception in on_member_update
Traceback (most recent call last):
  File "/usr/local/lib/python3.12/site-packages/discord/client.py", line 465, in _run_event
    await coro(*args, **kwargs)
  File "/app/asu_discord/cogs/analytics.py", line 652, in on_member_update
    before_timeout = before.timed_out_until
                     ^^^^^^^^^^^^^^^^^^^^^^
AttributeError: 'Member' object has no attribute 'timed_out_until'
Ignoring exception in on_member_update
Traceback (most recent call last):
  File "/usr/local/lib/python3.12/site-packages/discord/client.py", line 465, in _run_event
    await coro(*args, **kwargs)
  File "/app/asu_discord/cogs/analytics.py", line 652, in on_member_update
    before_timeout = before.timed_out_until
                     ^^^^^^^^^^^^^^^^^^^^^^
AttributeError: 'Member' object has no attribute 'timed_out_until'
Ignoring exception in on_member_update
Traceback (most recent call last):
  File "/usr/local/lib/python3.12/site-packages/discord/client.py", line 465, in _run_event
    await coro(*args, **kwargs)
  File "/app/asu_discord/cogs/analytics.py", line 652, in on_member_update
    before_timeout = before.timed_out_until
                     ^^^^^^^^^^^^^^^^^^^^^^
AttributeError: 'Member' object has no attribute 'timed_out_until'
INFO:asu_discord.cogs.verification:Saved 5 roles to database for user aliubarb (Discord ID: 840373920997179392)
INFO:asu_discord.cogs.verification:Refreshed Salesforce roles for Discord user 840373920997179392: -5/+5 roles, assigned=[Commited, Herberger Institute for Design and the Arts, LA Center, Out of State, Transfer Student]
Ignoring exception in on_member_update
Traceback (most recent call last):
  File "/usr/local/lib/python3.12/site-packages/discord/client.py", line 465, in _run_event
    await coro(*args, **kwargs)
  File "/app/asu_discord/cogs/analytics.py", line 652, in on_member_update
    before_timeout = before.timed_out_until
                     ^^^^^^^^^^^^^^^^^^^^^^
AttributeError: 'Member' object has no attribute 'timed_out_until'
Ignoring exception in on_member_update
Traceback (most recent call last):
  File "/usr/local/lib/python3.12/site-packages/discord/client.py", line 465, in _run_event
    await coro(*args, **kwargs)
  File "/app/asu_discord/cogs/analytics.py", line 652, in on_member_update
    before_timeout = before.timed_out_until
                     ^^^^^^^^^^^^^^^^^^^^^^
AttributeError: 'Member' object has no attribute 'timed_out_until'
Ignoring exception in on_member_update
Traceback (most recent call last):
  File "/usr/local/lib/python3.12/site-packages/discord/client.py", line 465, in _run_event
    await coro(*args, **kwargs)
  File "/app/asu_discord/cogs/analytics.py", line 652, in on_member_update
    before_timeout = before.timed_out_until
                     ^^^^^^^^^^^^^^^^^^^^^^
AttributeError: 'Member' object has no attribute 'timed_out_until'
Ignoring exception in on_member_update
Traceback (most recent call last):
  File "/usr/local/lib/python3.12/site-packages/discord/client.py", line 465, in _run_event
    await coro(*args, **kwargs)
  File "/app/asu_discord/cogs/analytics.py", line 652, in on_member_update
    before_timeout = before.timed_out_until
                     ^^^^^^^^^^^^^^^^^^^^^^
AttributeError: 'Member' object has no attribute 'timed_out_until'
Ignoring exception in on_member_update
Traceback (most recent call last):
  File "/usr/local/lib/python3.12/site-packages/discord/client.py", line 465, in _run_event
    await coro(*args, **kwargs)
  File "/app/asu_discord/cogs/analytics.py", line 652, in on_member_update
    before_timeout = before.timed_out_until
                     ^^^^^^^^^^^^^^^^^^^^^^
AttributeError: 'Member' object has no attribute 'timed_out_until'
Ignoring exception in on_member_update
Traceback (most recent call last):
  File "/usr/local/lib/python3.12/site-packages/discord/client.py", line 465, in _run_event
    await coro(*args, **kwargs)
  File "/app/asu_discord/cogs/analytics.py", line 652, in on_member_update
    before_timeout = before.timed_out_until
                     ^^^^^^^^^^^^^^^^^^^^^^
AttributeError: 'Member' object has no attribute 'timed_out_until'
Ignoring exception in on_member_update
Traceback (most recent call last):
  File "/usr/local/lib/python3.12/site-packages/discord/client.py", line 465, in _run_event
    await coro(*args, **kwargs)
  File "/app/asu_discord/cogs/analytics.py", line 652, in on_member_update
    before_timeout = before.timed_out_until
                     ^^^^^^^^^^^^^^^^^^^^^^
AttributeError: 'Member' object has no attribute 'timed_out_until'
Ignoring exception in on_member_update
Traceback (most recent call last):
  File "/usr/local/lib/python3.12/site-packages/discord/client.py", line 465, in _run_event
    await coro(*args, **kwargs)
  File "/app/asu_discord/cogs/analytics.py", line 652, in on_member_update
    before_timeout = before.timed_out_until
                     ^^^^^^^^^^^^^^^^^^^^^^
AttributeError: 'Member' object has no attribute 'timed_out_until'
Ignoring exception in on_member_update
Traceback (most recent call last):
  File "/usr/local/lib/python3.12/site-packages/discord/client.py", line 465, in _run_event
    await coro(*args, **kwargs)
  File "/app/asu_discord/cogs/analytics.py", line 652, in on_member_update
    before_timeout = before.timed_out_until
                     ^^^^^^^^^^^^^^^^^^^^^^
AttributeError: 'Member' object has no attribute 'timed_out_until'
Ignoring exception in on_member_update
Traceback (most recent call last):
  File "/usr/local/lib/python3.12/site-packages/discord/client.py", line 465, in _run_event
    await coro(*args, **kwargs)
  File "/app/asu_discord/cogs/analytics.py", line 652, in on_member_update
    before_timeout = before.timed_out_until
                     ^^^^^^^^^^^^^^^^^^^^^^
AttributeError: 'Member' object has no attribute 'timed_out_until'
INFO:asu_discord.cogs.verification:Saved 5 roles to database for user lkushil (Discord ID: 723551271344275577)
INFO:asu_discord.cogs.verification:Refreshed Salesforce roles for Discord user 723551271344275577: -5/+5 roles, assigned=[Commited, First Year, International Student, Tempe, W.P. Carey School of Business]
Ignoring exception in on_member_update
Traceback (most recent call last):
  File "/usr/local/lib/python3.12/site-packages/discord/client.py", line 465, in _run_event
    await coro(*args, **kwargs)
  File "/app/asu_discord/cogs/analytics.py", line 652, in on_member_update
    before_timeout = before.timed_out_until
                     ^^^^^^^^^^^^^^^^^^^^^^
AttributeError: 'Member' object has no attribute 'timed_out_until'
Ignoring exception in on_member_update
Traceback (most recent call last):
  File "/usr/local/lib/python3.12/site-packages/discord/client.py", line 465, in _run_event
    await coro(*args, **kwargs)
  File "/app/asu_discord/cogs/analytics.py", line 652, in on_member_update
    before_timeout = before.timed_out_until
                     ^^^^^^^^^^^^^^^^^^^^^^
AttributeError: 'Member' object has no attribute 'timed_out_until'
Ignoring exception in on_member_update
Traceback (most recent call last):
  File "/usr/local/lib/python3.12/site-packages/discord/client.py", line 465, in _run_event
    await coro(*args, **kwargs)
  File "/app/asu_discord/cogs/analytics.py", line 652, in on_member_update
    before_timeout = before.timed_out_until
                     ^^^^^^^^^^^^^^^^^^^^^^
AttributeError: 'Member' object has no attribute 'timed_out_until'
Ignoring exception in on_member_update
Traceback (most recent call last):
  File "/usr/local/lib/python3.12/site-packages/discord/client.py", line 465, in _run_event
    await coro(*args, **kwargs)
  File "/app/asu_discord/cogs/analytics.py", line 652, in on_member_update
    before_timeout = before.timed_out_until
                     ^^^^^^^^^^^^^^^^^^^^^^
AttributeError: 'Member' object has no attribute 'timed_out_until'
Ignoring exception in on_member_update
Traceback (most recent call last):
  File "/usr/local/lib/python3.12/site-packages/discord/client.py", line 465, in _run_event
    await coro(*args, **kwargs)
  File "/app/asu_discord/cogs/analytics.py", line 652, in on_member_update
    before_timeout = before.timed_out_until
                     ^^^^^^^^^^^^^^^^^^^^^^
AttributeError: 'Member' object has no attribute 'timed_out_until'
Ignoring exception in on_member_update
Traceback (most recent call last):
  File "/usr/local/lib/python3.12/site-packages/discord/client.py", line 465, in _run_event
    await coro(*args, **kwargs)
  File "/app/asu_discord/cogs/analytics.py", line 652, in on_member_update
    before_timeout = before.timed_out_until
                     ^^^^^^^^^^^^^^^^^^^^^^
AttributeError: 'Member' object has no attribute 'timed_out_until'
Ignoring exception in on_member_update
Traceback (most recent call last):
  File "/usr/local/lib/python3.12/site-packages/discord/client.py", line 465, in _run_event
    await coro(*args, **kwargs)
  File "/app/asu_discord/cogs/analytics.py", line 652, in on_member_update
    before_timeout = before.timed_out_until
                     ^^^^^^^^^^^^^^^^^^^^^^
AttributeError: 'Member' object has no attribute 'timed_out_until'
Ignoring exception in on_member_update
Traceback (most recent call last):
  File "/usr/local/lib/python3.12/site-packages/discord/client.py", line 465, in _run_event
    await coro(*args, **kwargs)
  File "/app/asu_discord/cogs/analytics.py", line 652, in on_member_update
    before_timeout = before.timed_out_until
                     ^^^^^^^^^^^^^^^^^^^^^^
AttributeError: 'Member' object has no attribute 'timed_out_until'
Ignoring exception in on_member_update
Traceback (most recent call last):
  File "/usr/local/lib/python3.12/site-packages/discord/client.py", line 465, in _run_event
    await coro(*args, **kwargs)
  File "/app/asu_discord/cogs/analytics.py", line 652, in on_member_update
    before_timeout = before.timed_out_until
                     ^^^^^^^^^^^^^^^^^^^^^^
AttributeError: 'Member' object has no attribute 'timed_out_until'
Ignoring exception in on_member_update
Traceback (most recent call last):
  File "/usr/local/lib/python3.12/site-packages/discord/client.py", line 465, in _run_event
    await coro(*args, **kwargs)
  File "/app/asu_discord/cogs/analytics.py", line 652, in on_member_update
    before_timeout = before.timed_out_until
                     ^^^^^^^^^^^^^^^^^^^^^^
AttributeError: 'Member' object has no attribute 'timed_out_until'
INFO:asu_discord.cogs.verification:Saved 5 roles to database for user ibhate (Discord ID: 568666947831726080)
INFO:asu_discord.cogs.verification:Refreshed Salesforce roles for Discord user 568666947831726080: -5/+5 roles, assigned=[Commited, First Year, International Student, Tempe, W.P. Carey School of Business]
Ignoring exception in on_member_update
Traceback (most recent call last):
  File "/usr/local/lib/python3.12/site-packages/discord/client.py", line 465, in _run_event
    await coro(*args, **kwargs)
  File "/app/asu_discord/cogs/analytics.py", line 652, in on_member_update
    before_timeout = before.timed_out_until
                     ^^^^^^^^^^^^^^^^^^^^^^
AttributeError: 'Member' object has no attribute 'timed_out_until'
Ignoring exception in on_member_update
Traceback (most recent call last):
  File "/usr/local/lib/python3.12/site-packages/discord/client.py", line 465, in _run_event
    await coro(*args, **kwargs)
  File "/app/asu_discord/cogs/analytics.py", line 652, in on_member_update
    before_timeout = before.timed_out_until
                     ^^^^^^^^^^^^^^^^^^^^^^
AttributeError: 'Member' object has no attribute 'timed_out_until'
Ignoring exception in on_member_update
Traceback (most recent call last):
  File "/usr/local/lib/python3.12/site-packages/discord/client.py", line 465, in _run_event
    await coro(*args, **kwargs)
  File "/app/asu_discord/cogs/analytics.py", line 652, in on_member_update
    before_timeout = before.timed_out_until
                     ^^^^^^^^^^^^^^^^^^^^^^
AttributeError: 'Member' object has no attribute 'timed_out_until'
Ignoring exception in on_member_update
Traceback (most recent call last):
  File "/usr/local/lib/python3.12/site-packages/discord/client.py", line 465, in _run_event
    await coro(*args, **kwargs)
  File "/app/asu_discord/cogs/analytics.py", line 652, in on_member_update
    before_timeout = before.timed_out_until
                     ^^^^^^^^^^^^^^^^^^^^^^
AttributeError: 'Member' object has no attribute 'timed_out_until'
Ignoring exception in on_member_update
Traceback (most recent call last):
  File "/usr/local/lib/python3.12/site-packages/discord/client.py", line 465, in _run_event
    await coro(*args, **kwargs)
  File "/app/asu_discord/cogs/analytics.py", line 652, in on_member_update
    before_timeout = before.timed_out_until
                     ^^^^^^^^^^^^^^^^^^^^^^
AttributeError: 'Member' object has no attribute 'timed_out_until'
Ignoring exception in on_member_update
Traceback (most recent call last):
  File "/usr/local/lib/python3.12/site-packages/discord/client.py", line 465, in _run_event
    await coro(*args, **kwargs)
  File "/app/asu_discord/cogs/analytics.py", line 652, in on_member_update
    before_timeout = before.timed_out_until
                     ^^^^^^^^^^^^^^^^^^^^^^
AttributeError: 'Member' object has no attribute 'timed_out_until'
Ignoring exception in on_member_update
Traceback (most recent call last):
  File "/usr/local/lib/python3.12/site-packages/discord/client.py", line 465, in _run_event
    await coro(*args, **kwargs)
  File "/app/asu_discord/cogs/analytics.py", line 652, in on_member_update
    before_timeout = before.timed_out_until
                     ^^^^^^^^^^^^^^^^^^^^^^
AttributeError: 'Member' object has no attribute 'timed_out_until'
Ignoring exception in on_member_update
Traceback (most recent call last):
  File "/usr/local/lib/python3.12/site-packages/discord/client.py", line 465, in _run_event
    await coro(*args, **kwargs)
  File "/app/asu_discord/cogs/analytics.py", line 652, in on_member_update
    before_timeout = before.timed_out_until
                     ^^^^^^^^^^^^^^^^^^^^^^
AttributeError: 'Member' object has no attribute 'timed_out_until'
Ignoring exception in on_member_update
Traceback (most recent call last):
  File "/usr/local/lib/python3.12/site-packages/discord/client.py", line 465, in _run_event
    await coro(*args, **kwargs)
  File "/app/asu_discord/cogs/analytics.py", line 652, in on_member_update
    before_timeout = before.timed_out_until
                     ^^^^^^^^^^^^^^^^^^^^^^
AttributeError: 'Member' object has no attribute 'timed_out_until'
Ignoring exception in on_member_update
Traceback (most recent call last):
  File "/usr/local/lib/python3.12/site-packages/discord/client.py", line 465, in _run_event
    await coro(*args, **kwargs)
  File "/app/asu_discord/cogs/analytics.py", line 652, in on_member_update
    before_timeout = before.timed_out_until
                     ^^^^^^^^^^^^^^^^^^^^^^
AttributeError: 'Member' object has no attribute 'timed_out_until'
Ignoring exception in on_member_update
Traceback (most recent call last):
  File "/usr/local/lib/python3.12/site-packages/discord/client.py", line 465, in _run_event
    await coro(*args, **kwargs)
  File "/app/asu_discord/cogs/analytics.py", line 652, in on_member_update
    before_timeout = before.timed_out_until
                     ^^^^^^^^^^^^^^^^^^^^^^
AttributeError: 'Member' object has no attribute 'timed_out_until'
INFO:asu_discord.cogs.verification:Saved 6 roles to database for user rbauti17 (Discord ID: 1498326766618546328)
INFO:asu_discord.cogs.verification:Refreshed Salesforce roles for Discord user 1498326766618546328: -5/+6 roles, assigned=[College of Liberal Arts and Sciences, Commited, First Generation Student, First Year, Out of State, Tempe]
Ignoring exception in on_member_update
Traceback (most recent call last):
  File "/usr/local/lib/python3.12/site-packages/discord/client.py", line 465, in _run_event
    await coro(*args, **kwargs)
  File "/app/asu_discord/cogs/analytics.py", line 652, in on_member_update
    before_timeout = before.timed_out_until
                     ^^^^^^^^^^^^^^^^^^^^^^
AttributeError: 'Member' object has no attribute 'timed_out_until'
Ignoring exception in on_member_update
Traceback (most recent call last):
  File "/usr/local/lib/python3.12/site-packages/discord/client.py", line 465, in _run_event
    await coro(*args, **kwargs)
  File "/app/asu_discord/cogs/analytics.py", line 652, in on_member_update
    before_timeout = before.timed_out_until
                     ^^^^^^^^^^^^^^^^^^^^^^
AttributeError: 'Member' object has no attribute 'timed_out_until'
Ignoring exception in on_member_update
Traceback (most recent call last):
  File "/usr/local/lib/python3.12/site-packages/discord/client.py", line 465, in _run_event
    await coro(*args, **kwargs)
  File "/app/asu_discord/cogs/analytics.py", line 652, in on_member_update
    before_timeout = before.timed_out_until
                     ^^^^^^^^^^^^^^^^^^^^^^
AttributeError: 'Member' object has no attribute 'timed_out_until'
Ignoring exception in on_member_update
Traceback (most recent call last):
  File "/usr/local/lib/python3.12/site-packages/discord/client.py", line 465, in _run_event
    await coro(*args, **kwargs)
  File "/app/asu_discord/cogs/analytics.py", line 652, in on_member_update
    before_timeout = before.timed_out_until
                     ^^^^^^^^^^^^^^^^^^^^^^
AttributeError: 'Member' object has no attribute 'timed_out_until'
Ignoring exception in on_member_update
Traceback (most recent call last):
  File "/usr/local/lib/python3.12/site-packages/discord/client.py", line 465, in _run_event
    await coro(*args, **kwargs)
  File "/app/asu_discord/cogs/analytics.py", line 652, in on_member_update
    before_timeout = before.timed_out_until
                     ^^^^^^^^^^^^^^^^^^^^^^
AttributeError: 'Member' object has no attribute 'timed_out_until'
Ignoring exception in on_member_update
Traceback (most recent call last):
  File "/usr/local/lib/python3.12/site-packages/discord/client.py", line 465, in _run_event
    await coro(*args, **kwargs)
  File "/app/asu_discord/cogs/analytics.py", line 652, in on_member_update
    before_timeout = before.timed_out_until
                     ^^^^^^^^^^^^^^^^^^^^^^
AttributeError: 'Member' object has no attribute 'timed_out_until'
Ignoring exception in on_member_update
Traceback (most recent call last):
  File "/usr/local/lib/python3.12/site-packages/discord/client.py", line 465, in _run_event
    await coro(*args, **kwargs)
  File "/app/asu_discord/cogs/analytics.py", line 652, in on_member_update
    before_timeout = before.timed_out_until
                     ^^^^^^^^^^^^^^^^^^^^^^
AttributeError: 'Member' object has no attribute 'timed_out_until'
Ignoring exception in on_member_update
Traceback (most recent call last):
  File "/usr/local/lib/python3.12/site-packages/discord/client.py", line 465, in _run_event
    await coro(*args, **kwargs)
  File "/app/asu_discord/cogs/analytics.py", line 652, in on_member_update
    before_timeout = before.timed_out_until
                     ^^^^^^^^^^^^^^^^^^^^^^
AttributeError: 'Member' object has no attribute 'timed_out_until'
Ignoring exception in on_member_update
Traceback (most recent call last):
  File "/usr/local/lib/python3.12/site-packages/discord/client.py", line 465, in _run_event
    await coro(*args, **kwargs)
  File "/app/asu_discord/cogs/analytics.py", line 652, in on_member_update
    before_timeout = before.timed_out_until
                     ^^^^^^^^^^^^^^^^^^^^^^
AttributeError: 'Member' object has no attribute 'timed_out_until'
Ignoring exception in on_member_update
Traceback (most recent call last):
  File "/usr/local/lib/python3.12/site-packages/discord/client.py", line 465, in _run_event
    await coro(*args, **kwargs)
  File "/app/asu_discord/cogs/analytics.py", line 652, in on_member_update
    before_timeout = before.timed_out_until
                     ^^^^^^^^^^^^^^^^^^^^^^
AttributeError: 'Member' object has no attribute 'timed_out_until'
INFO:asu_discord.cogs.verification:Saved 5 roles to database for user smish162 (Discord ID: 1498461112893706320)
INFO:asu_discord.cogs.verification:Refreshed Salesforce roles for Discord user 1498461112893706320: -5/+5 roles, assigned=[Commited, First Year, International Student, Ira A. Fulton Schools of Engineering, Tempe]
Ignoring exception in on_member_update
Traceback (most recent call last):
  File "/usr/local/lib/python3.12/site-packages/discord/client.py", line 465, in _run_event
    await coro(*args, **kwargs)
  File "/app/asu_discord/cogs/analytics.py", line 652, in on_member_update
    before_timeout = before.timed_out_until
                     ^^^^^^^^^^^^^^^^^^^^^^
AttributeError: 'Member' object has no attribute 'timed_out_until'
Ignoring exception in on_member_update
Traceback (most recent call last):
  File "/usr/local/lib/python3.12/site-packages/discord/client.py", line 465, in _run_event
    await coro(*args, **kwargs)
  File "/app/asu_discord/cogs/analytics.py", line 652, in on_member_update
    before_timeout = before.timed_out_until
                     ^^^^^^^^^^^^^^^^^^^^^^
AttributeError: 'Member' object has no attribute 'timed_out_until'
Ignoring exception in on_member_update
Traceback (most recent call last):
  File "/usr/local/lib/python3.12/site-packages/discord/client.py", line 465, in _run_event
    await coro(*args, **kwargs)
  File "/app/asu_discord/cogs/analytics.py", line 652, in on_member_update
    before_timeout = before.timed_out_until
                     ^^^^^^^^^^^^^^^^^^^^^^
AttributeError: 'Member' object has no attribute 'timed_out_until'
Ignoring exception in on_member_update
Traceback (most recent call last):
  File "/usr/local/lib/python3.12/site-packages/discord/client.py", line 465, in _run_event
    await coro(*args, **kwargs)
  File "/app/asu_discord/cogs/analytics.py", line 652, in on_member_update
    before_timeout = before.timed_out_until
                     ^^^^^^^^^^^^^^^^^^^^^^
AttributeError: 'Member' object has no attribute 'timed_out_until'
Ignoring exception in on_member_update
Traceback (most recent call last):
  File "/usr/local/lib/python3.12/site-packages/discord/client.py", line 465, in _run_event
    await coro(*args, **kwargs)
  File "/app/asu_discord/cogs/analytics.py", line 652, in on_member_update
    before_timeout = before.timed_out_until
                     ^^^^^^^^^^^^^^^^^^^^^^
AttributeError: 'Member' object has no attribute 'timed_out_until'
Ignoring exception in on_member_update
Traceback (most recent call last):
  File "/usr/local/lib/python3.12/site-packages/discord/client.py", line 465, in _run_event
    await coro(*args, **kwargs)
  File "/app/asu_discord/cogs/analytics.py", line 652, in on_member_update
    before_timeout = before.timed_out_until
                     ^^^^^^^^^^^^^^^^^^^^^^
AttributeError: 'Member' object has no attribute 'timed_out_until'
Ignoring exception in on_member_update
Traceback (most recent call last):
  File "/usr/local/lib/python3.12/site-packages/discord/client.py", line 465, in _run_event
    await coro(*args, **kwargs)
  File "/app/asu_discord/cogs/analytics.py", line 652, in on_member_update
    before_timeout = before.timed_out_until
                     ^^^^^^^^^^^^^^^^^^^^^^
AttributeError: 'Member' object has no attribute 'timed_out_until'
Ignoring exception in on_member_update
Traceback (most recent call last):
  File "/usr/local/lib/python3.12/site-packages/discord/client.py", line 465, in _run_event
    await coro(*args, **kwargs)
  File "/app/asu_discord/cogs/analytics.py", line 652, in on_member_update
    before_timeout = before.timed_out_until
                     ^^^^^^^^^^^^^^^^^^^^^^
AttributeError: 'Member' object has no attribute 'timed_out_until'
Ignoring exception in on_member_update
Traceback (most recent call last):
  File "/usr/local/lib/python3.12/site-packages/discord/client.py", line 465, in _run_event
    await coro(*args, **kwargs)
  File "/app/asu_discord/cogs/analytics.py", line 652, in on_member_update
    before_timeout = before.timed_out_until
                     ^^^^^^^^^^^^^^^^^^^^^^
AttributeError: 'Member' object has no attribute 'timed_out_until'
ERROR:cron.jobs:refresh_salesforce_roles: failed for kfarre10 (Discord ID 797897628780200017): Timed out refresh Salesforce-based roles
Ignoring exception in on_member_update
Traceback (most recent call last):
  File "/usr/local/lib/python3.12/site-packages/discord/client.py", line 465, in _run_event
    await coro(*args, **kwargs)
  File "/app/asu_discord/cogs/analytics.py", line 652, in on_member_update
    before_timeout = before.timed_out_until
                     ^^^^^^^^^^^^^^^^^^^^^^
AttributeError: 'Member' object has no attribute 'timed_out_until'
Ignoring exception in on_member_update
Traceback (most recent call last):
  File "/usr/local/lib/python3.12/site-packages/discord/client.py", line 465, in _run_event
    await coro(*args, **kwargs)
  File "/app/asu_discord/cogs/analytics.py", line 652, in on_member_update
    before_timeout = before.timed_out_until
                     ^^^^^^^^^^^^^^^^^^^^^^
AttributeError: 'Member' object has no attribute 'timed_out_until'
Ignoring exception in on_member_update
Traceback (most recent call last):
  File "/usr/local/lib/python3.12/site-packages/discord/client.py", line 465, in _run_event
    await coro(*args, **kwargs)
  File "/app/asu_discord/cogs/analytics.py", line 652, in on_member_update
    before_timeout = before.timed_out_until
                     ^^^^^^^^^^^^^^^^^^^^^^
AttributeError: 'Member' object has no attribute 'timed_out_until'
Ignoring exception in on_member_update
Traceback (most recent call last):
  File "/usr/local/lib/python3.12/site-packages/discord/client.py", line 465, in _run_event
    await coro(*args, **kwargs)
  File "/app/asu_discord/cogs/analytics.py", line 652, in on_member_update
    before_timeout = before.timed_out_until
                     ^^^^^^^^^^^^^^^^^^^^^^
AttributeError: 'Member' object has no attribute 'timed_out_until'
Ignoring exception in on_member_update
Traceback (most recent call last):
  File "/usr/local/lib/python3.12/site-packages/discord/client.py", line 465, in _run_event
    await coro(*args, **kwargs)
  File "/app/asu_discord/cogs/analytics.py", line 652, in on_member_update
    before_timeout = before.timed_out_until
                     ^^^^^^^^^^^^^^^^^^^^^^
AttributeError: 'Member' object has no attribute 'timed_out_until'
Ignoring exception in on_member_update
Traceback (most recent call last):
  File "/usr/local/lib/python3.12/site-packages/discord/client.py", line 465, in _run_event
    await coro(*args, **kwargs)
  File "/app/asu_discord/cogs/analytics.py", line 652, in on_member_update
    before_timeout = before.timed_out_until
                     ^^^^^^^^^^^^^^^^^^^^^^
AttributeError: 'Member' object has no attribute 'timed_out_until'
Ignoring exception in on_member_update
Traceback (most recent call last):
  File "/usr/local/lib/python3.12/site-packages/discord/client.py", line 465, in _run_event
    await coro(*args, **kwargs)
  File "/app/asu_discord/cogs/analytics.py", line 652, in on_member_update
    before_timeout = before.timed_out_until
                     ^^^^^^^^^^^^^^^^^^^^^^
AttributeError: 'Member' object has no attribute 'timed_out_until'
Ignoring exception in on_member_update
Traceback (most recent call last):
  File "/usr/local/lib/python3.12/site-packages/discord/client.py", line 465, in _run_event
    await coro(*args, **kwargs)
  File "/app/asu_discord/cogs/analytics.py", line 652, in on_member_update
    before_timeout = before.timed_out_until
                     ^^^^^^^^^^^^^^^^^^^^^^
AttributeError: 'Member' object has no attribute 'timed_out_until'
Ignoring exception in on_member_update
Traceback (most recent call last):
  File "/usr/local/lib/python3.12/site-packages/discord/client.py", line 465, in _run_event
    await coro(*args, **kwargs)
  File "/app/asu_discord/cogs/analytics.py", line 652, in on_member_update
    before_timeout = before.timed_out_until
                     ^^^^^^^^^^^^^^^^^^^^^^
AttributeError: 'Member' object has no attribute 'timed_out_until'
Ignoring exception in on_member_update
Traceback (most recent call last):
  File "/usr/local/lib/python3.12/site-packages/discord/client.py", line 465, in _run_event
    await coro(*args, **kwargs)
  File "/app/asu_discord/cogs/analytics.py", line 652, in on_member_update
    before_timeout = before.timed_out_until
                     ^^^^^^^^^^^^^^^^^^^^^^
AttributeError: 'Member' object has no attribute 'timed_out_until'
INFO:asu_discord.cogs.verification:Saved 5 roles to database for user hnadal (Discord ID: 1498366638809157764)
INFO:asu_discord.cogs.verification:Refreshed Salesforce roles for Discord user 1498366638809157764: -4/+5 roles, assigned=[Commited, First Year, Out of State, Tempe, W.P. Carey School of Business]
Ignoring exception in on_member_update
Traceback (most recent call last):
  File "/usr/local/lib/python3.12/site-packages/discord/client.py", line 465, in _run_event
    await coro(*args, **kwargs)
  File "/app/asu_discord/cogs/analytics.py", line 652, in on_member_update
    before_timeout = before.timed_out_until
                     ^^^^^^^^^^^^^^^^^^^^^^
AttributeError: 'Member' object has no attribute 'timed_out_until'
Ignoring exception in on_member_update
Traceback (most recent call last):
  File "/usr/local/lib/python3.12/site-packages/discord/client.py", line 465, in _run_event
    await coro(*args, **kwargs)
  File "/app/asu_discord/cogs/analytics.py", line 652, in on_member_update
    before_timeout = before.timed_out_until
                     ^^^^^^^^^^^^^^^^^^^^^^
AttributeError: 'Member' object has no attribute 'timed_out_until'
Ignoring exception in on_member_update
Traceback (most recent call last):
  File "/usr/local/lib/python3.12/site-packages/discord/client.py", line 465, in _run_event
    await coro(*args, **kwargs)
  File "/app/asu_discord/cogs/analytics.py", line 652, in on_member_update
    before_timeout = before.timed_out_until
                     ^^^^^^^^^^^^^^^^^^^^^^
AttributeError: 'Member' object has no attribute 'timed_out_until'
Ignoring exception in on_member_update
Traceback (most recent call last):
  File "/usr/local/lib/python3.12/site-packages/discord/client.py", line 465, in _run_event
    await coro(*args, **kwargs)
  File "/app/asu_discord/cogs/analytics.py", line 652, in on_member_update
    before_timeout = before.timed_out_until
                     ^^^^^^^^^^^^^^^^^^^^^^
AttributeError: 'Member' object has no attribute 'timed_out_until'
Ignoring exception in on_member_update
Traceback (most recent call last):
  File "/usr/local/lib/python3.12/site-packages/discord/client.py", line 465, in _run_event
    await coro(*args, **kwargs)
  File "/app/asu_discord/cogs/analytics.py", line 652, in on_member_update
    before_timeout = before.timed_out_until
                     ^^^^^^^^^^^^^^^^^^^^^^
AttributeError: 'Member' object has no attribute 'timed_out_until'
Ignoring exception in on_member_update
Traceback (most recent call last):
  File "/usr/local/lib/python3.12/site-packages/discord/client.py", line 465, in _run_event
    await coro(*args, **kwargs)
  File "/app/asu_discord/cogs/analytics.py", line 652, in on_member_update
    before_timeout = before.timed_out_until
                     ^^^^^^^^^^^^^^^^^^^^^^
AttributeError: 'Member' object has no attribute 'timed_out_until'
Ignoring exception in on_member_update
Traceback (most recent call last):
  File "/usr/local/lib/python3.12/site-packages/discord/client.py", line 465, in _run_event
    await coro(*args, **kwargs)
  File "/app/asu_discord/cogs/analytics.py", line 652, in on_member_update
    before_timeout = before.timed_out_until
                     ^^^^^^^^^^^^^^^^^^^^^^
AttributeError: 'Member' object has no attribute 'timed_out_until'
Ignoring exception in on_member_update
Traceback (most recent call last):
  File "/usr/local/lib/python3.12/site-packages/discord/client.py", line 465, in _run_event
    await coro(*args, **kwargs)
  File "/app/asu_discord/cogs/analytics.py", line 652, in on_member_update
    before_timeout = before.timed_out_until
                     ^^^^^^^^^^^^^^^^^^^^^^
AttributeError: 'Member' object has no attribute 'timed_out_until'
Ignoring exception in on_member_update
Traceback (most recent call last):
  File "/usr/local/lib/python3.12/site-packages/discord/client.py", line 465, in _run_event
    await coro(*args, **kwargs)
  File "/app/asu_discord/cogs/analytics.py", line 652, in on_member_update
    before_timeout = before.timed_out_until
                     ^^^^^^^^^^^^^^^^^^^^^^
AttributeError: 'Member' object has no attribute 'timed_out_until'
Ignoring exception in on_member_update
Traceback (most recent call last):
  File "/usr/local/lib/python3.12/site-packages/discord/client.py", line 465, in _run_event
    await coro(*args, **kwargs)
  File "/app/asu_discord/cogs/analytics.py", line 652, in on_member_update
    before_timeout = before.timed_out_until
                     ^^^^^^^^^^^^^^^^^^^^^^
AttributeError: 'Member' object has no attribute 'timed_out_until'
INFO:asu_discord.cogs.verification:Saved 5 roles to database for user vnrodri5 (Discord ID: 571821893926256661)
INFO:asu_discord.cogs.verification:Refreshed Salesforce roles for Discord user 571821893926256661: -5/+4 roles, assigned=[Arizona Resident, First Generation Student, First Year, Herberger Institute for Design and the Arts, Tempe]
Ignoring exception in on_member_update
Traceback (most recent call last):
  File "/usr/local/lib/python3.12/site-packages/discord/client.py", line 465, in _run_event
    await coro(*args, **kwargs)
  File "/app/asu_discord/cogs/analytics.py", line 652, in on_member_update
    before_timeout = before.timed_out_until
                     ^^^^^^^^^^^^^^^^^^^^^^
AttributeError: 'Member' object has no attribute 'timed_out_until'
Ignoring exception in on_member_update
Traceback (most recent call last):
  File "/usr/local/lib/python3.12/site-packages/discord/client.py", line 465, in _run_event
    await coro(*args, **kwargs)
  File "/app/asu_discord/cogs/analytics.py", line 652, in on_member_update
    before_timeout = before.timed_out_until
                     ^^^^^^^^^^^^^^^^^^^^^^
AttributeError: 'Member' object has no attribute 'timed_out_until'
Ignoring exception in on_member_update
Traceback (most recent call last):
  File "/usr/local/lib/python3.12/site-packages/discord/client.py", line 465, in _run_event
    await coro(*args, **kwargs)
  File "/app/asu_discord/cogs/analytics.py", line 652, in on_member_update
    before_timeout = before.timed_out_until
                     ^^^^^^^^^^^^^^^^^^^^^^
AttributeError: 'Member' object has no attribute 'timed_out_until'
Ignoring exception in on_member_update
Traceback (most recent call last):
  File "/usr/local/lib/python3.12/site-packages/discord/client.py", line 465, in _run_event
    await coro(*args, **kwargs)
  File "/app/asu_discord/cogs/analytics.py", line 652, in on_member_update
    before_timeout = before.timed_out_until
                     ^^^^^^^^^^^^^^^^^^^^^^
AttributeError: 'Member' object has no attribute 'timed_out_until'
Ignoring exception in on_member_update
Traceback (most recent call last):
  File "/usr/local/lib/python3.12/site-packages/discord/client.py", line 465, in _run_event
    await coro(*args, **kwargs)
  File "/app/asu_discord/cogs/analytics.py", line 652, in on_member_update
    before_timeout = before.timed_out_until
                     ^^^^^^^^^^^^^^^^^^^^^^
AttributeError: 'Member' object has no attribute 'timed_out_until'
Ignoring exception in on_member_update
Traceback (most recent call last):
  File "/usr/local/lib/python3.12/site-packages/discord/client.py", line 465, in _run_event
    await coro(*args, **kwargs)
  File "/app/asu_discord/cogs/analytics.py", line 652, in on_member_update
    before_timeout = before.timed_out_until
                     ^^^^^^^^^^^^^^^^^^^^^^
AttributeError: 'Member' object has no attribute 'timed_out_until'
Ignoring exception in on_member_update
Traceback (most recent call last):
  File "/usr/local/lib/python3.12/site-packages/discord/client.py", line 465, in _run_event
    await coro(*args, **kwargs)
  File "/app/asu_discord/cogs/analytics.py", line 652, in on_member_update
    before_timeout = before.timed_out_until
                     ^^^^^^^^^^^^^^^^^^^^^^
AttributeError: 'Member' object has no attribute 'timed_out_until'
Ignoring exception in on_member_update
Traceback (most recent call last):
  File "/usr/local/lib/python3.12/site-packages/discord/client.py", line 465, in _run_event
    await coro(*args, **kwargs)
  File "/app/asu_discord/cogs/analytics.py", line 652, in on_member_update
    before_timeout = before.timed_out_until
                     ^^^^^^^^^^^^^^^^^^^^^^
AttributeError: 'Member' object has no attribute 'timed_out_until'
Ignoring exception in on_member_update
Traceback (most recent call last):
  File "/usr/local/lib/python3.12/site-packages/discord/client.py", line 465, in _run_event
    await coro(*args, **kwargs)
  File "/app/asu_discord/cogs/analytics.py", line 652, in on_member_update
    before_timeout = before.timed_out_until
                     ^^^^^^^^^^^^^^^^^^^^^^
AttributeError: 'Member' object has no attribute 'timed_out_until'
Ignoring exception in on_member_update
Traceback (most recent call last):
  File "/usr/local/lib/python3.12/site-packages/discord/client.py", line 465, in _run_event
    await coro(*args, **kwargs)
  File "/app/asu_discord/cogs/analytics.py", line 652, in on_member_update
    before_timeout = before.timed_out_until
                     ^^^^^^^^^^^^^^^^^^^^^^
AttributeError: 'Member' object has no attribute 'timed_out_until'
Ignoring exception in on_member_update
Traceback (most recent call last):
  File "/usr/local/lib/python3.12/site-packages/discord/client.py", line 465, in _run_event
    await coro(*args, **kwargs)
  File "/app/asu_discord/cogs/analytics.py", line 652, in on_member_update
    before_timeout = before.timed_out_until
                     ^^^^^^^^^^^^^^^^^^^^^^
AttributeError: 'Member' object has no attribute 'timed_out_until'
Ignoring exception in on_member_update
Traceback (most recent call last):
  File "/usr/local/lib/python3.12/site-packages/discord/client.py", line 465, in _run_event
    await coro(*args, **kwargs)
  File "/app/asu_discord/cogs/analytics.py", line 652, in on_member_update
    before_timeout = before.timed_out_until
                     ^^^^^^^^^^^^^^^^^^^^^^
AttributeError: 'Member' object has no attribute 'timed_out_until'
INFO:asu_discord.cogs.verification:Saved 6 roles to database for user rmaceve2 (Discord ID: 1130622429199343656)
INFO:asu_discord.cogs.verification:Refreshed Salesforce roles for Discord user 1130622429199343656: -6/+6 roles, assigned=[Arizona Resident, Commited, First Generation Student, First Year, Tempe, W.P. Carey School of Business]
Ignoring exception in on_member_update
Traceback (most recent call last):
  File "/usr/local/lib/python3.12/site-packages/discord/client.py", line 465, in _run_event
    await coro(*args, **kwargs)
  File "/app/asu_discord/cogs/analytics.py", line 652, in on_member_update
    before_timeout = before.timed_out_until
                     ^^^^^^^^^^^^^^^^^^^^^^
AttributeError: 'Member' object has no attribute 'timed_out_until'
Ignoring exception in on_member_update
Traceback (most recent call last):
  File "/usr/local/lib/python3.12/site-packages/discord/client.py", line 465, in _run_event
    await coro(*args, **kwargs)
  File "/app/asu_discord/cogs/analytics.py", line 652, in on_member_update
    before_timeout = before.timed_out_until
                     ^^^^^^^^^^^^^^^^^^^^^^
AttributeError: 'Member' object has no attribute 'timed_out_until'
Ignoring exception in on_member_update
Traceback (most recent call last):
  File "/usr/local/lib/python3.12/site-packages/discord/client.py", line 465, in _run_event
    await coro(*args, **kwargs)
  File "/app/asu_discord/cogs/analytics.py", line 652, in on_member_update
    before_timeout = before.timed_out_until
                     ^^^^^^^^^^^^^^^^^^^^^^
AttributeError: 'Member' object has no attribute 'timed_out_until'
Ignoring exception in on_member_update
Traceback (most recent call last):
  File "/usr/local/lib/python3.12/site-packages/discord/client.py", line 465, in _run_event
    await coro(*args, **kwargs)
  File "/app/asu_discord/cogs/analytics.py", line 652, in on_member_update
    before_timeout = before.timed_out_until
                     ^^^^^^^^^^^^^^^^^^^^^^
AttributeError: 'Member' object has no attribute 'timed_out_until'
Ignoring exception in on_member_update
Traceback (most recent call last):
  File "/usr/local/lib/python3.12/site-packages/discord/client.py", line 465, in _run_event
    await coro(*args, **kwargs)
  File "/app/asu_discord/cogs/analytics.py", line 652, in on_member_update
    before_timeout = before.timed_out_until
                     ^^^^^^^^^^^^^^^^^^^^^^
AttributeError: 'Member' object has no attribute 'timed_out_until'
Ignoring exception in on_member_update
Traceback (most recent call last):
  File "/usr/local/lib/python3.12/site-packages/discord/client.py", line 465, in _run_event
    await coro(*args, **kwargs)
  File "/app/asu_discord/cogs/analytics.py", line 652, in on_member_update
    before_timeout = before.timed_out_until
                     ^^^^^^^^^^^^^^^^^^^^^^
AttributeError: 'Member' object has no attribute 'timed_out_until'
Ignoring exception in on_member_update
Traceback (most recent call last):
  File "/usr/local/lib/python3.12/site-packages/discord/client.py", line 465, in _run_event
    await coro(*args, **kwargs)
  File "/app/asu_discord/cogs/analytics.py", line 652, in on_member_update
    before_timeout = before.timed_out_until
                     ^^^^^^^^^^^^^^^^^^^^^^
AttributeError: 'Member' object has no attribute 'timed_out_until'
Ignoring exception in on_member_update
Traceback (most recent call last):
  File "/usr/local/lib/python3.12/site-packages/discord/client.py", line 465, in _run_event
    await coro(*args, **kwargs)
  File "/app/asu_discord/cogs/analytics.py", line 652, in on_member_update
    before_timeout = before.timed_out_until
                     ^^^^^^^^^^^^^^^^^^^^^^
AttributeError: 'Member' object has no attribute 'timed_out_until'
Ignoring exception in on_member_update
Traceback (most recent call last):
  File "/usr/local/lib/python3.12/site-packages/discord/client.py", line 465, in _run_event
    await coro(*args, **kwargs)
  File "/app/asu_discord/cogs/analytics.py", line 652, in on_member_update
    before_timeout = before.timed_out_until
                     ^^^^^^^^^^^^^^^^^^^^^^
AttributeError: 'Member' object has no attribute 'timed_out_until'
Ignoring exception in on_member_update
Traceback (most recent call last):
  File "/usr/local/lib/python3.12/site-packages/discord/client.py", line 465, in _run_event
    await coro(*args, **kwargs)
  File "/app/asu_discord/cogs/analytics.py", line 652, in on_member_update
    before_timeout = before.timed_out_until
                     ^^^^^^^^^^^^^^^^^^^^^^
AttributeError: 'Member' object has no attribute 'timed_out_until'
INFO:asu_discord.cogs.verification:Saved 5 roles to database for user ajknowlt (Discord ID: 1072553221253513346)
INFO:asu_discord.cogs.verification:Refreshed Salesforce roles for Discord user 1072553221253513346: -5/+5 roles, assigned=[Arizona Resident, College of Health Solutions, Commited, Downtown Phoenix, Graduate Student]
Ignoring exception in on_member_update
Traceback (most recent call last):
  File "/usr/local/lib/python3.12/site-packages/discord/client.py", line 465, in _run_event
    await coro(*args, **kwargs)
  File "/app/asu_discord/cogs/analytics.py", line 652, in on_member_update
    before_timeout = before.timed_out_until
                     ^^^^^^^^^^^^^^^^^^^^^^
AttributeError: 'Member' object has no attribute 'timed_out_until'
Ignoring exception in on_member_update
Traceback (most recent call last):
  File "/usr/local/lib/python3.12/site-packages/discord/client.py", line 465, in _run_event
    await coro(*args, **kwargs)
  File "/app/asu_discord/cogs/analytics.py", line 652, in on_member_update
    before_timeout = before.timed_out_until
                     ^^^^^^^^^^^^^^^^^^^^^^
AttributeError: 'Member' object has no attribute 'timed_out_until'
Ignoring exception in on_member_update
Traceback (most recent call last):
  File "/usr/local/lib/python3.12/site-packages/discord/client.py", line 465, in _run_event
    await coro(*args, **kwargs)
  File "/app/asu_discord/cogs/analytics.py", line 652, in on_member_update
    before_timeout = before.timed_out_until
                     ^^^^^^^^^^^^^^^^^^^^^^
AttributeError: 'Member' object has no attribute 'timed_out_until'
Ignoring exception in on_member_update
Traceback (most recent call last):
  File "/usr/local/lib/python3.12/site-packages/discord/client.py", line 465, in _run_event
    await coro(*args, **kwargs)
  File "/app/asu_discord/cogs/analytics.py", line 652, in on_member_update
    before_timeout = before.timed_out_until
                     ^^^^^^^^^^^^^^^^^^^^^^
AttributeError: 'Member' object has no attribute 'timed_out_until'
Ignoring exception in on_member_update
Traceback (most recent call last):
  File "/usr/local/lib/python3.12/site-packages/discord/client.py", line 465, in _run_event
    await coro(*args, **kwargs)
  File "/app/asu_discord/cogs/analytics.py", line 652, in on_member_update
    before_timeout = before.timed_out_until
                     ^^^^^^^^^^^^^^^^^^^^^^
AttributeError: 'Member' object has no attribute 'timed_out_until'
Ignoring exception in on_member_update
Traceback (most recent call last):
  File "/usr/local/lib/python3.12/site-packages/discord/client.py", line 465, in _run_event
    await coro(*args, **kwargs)
  File "/app/asu_discord/cogs/analytics.py", line 652, in on_member_update
    before_timeout = before.timed_out_until
                     ^^^^^^^^^^^^^^^^^^^^^^
AttributeError: 'Member' object has no attribute 'timed_out_until'
Ignoring exception in on_member_update
Traceback (most recent call last):
  File "/usr/local/lib/python3.12/site-packages/discord/client.py", line 465, in _run_event
    await coro(*args, **kwargs)
  File "/app/asu_discord/cogs/analytics.py", line 652, in on_member_update
    before_timeout = before.timed_out_until
                     ^^^^^^^^^^^^^^^^^^^^^^
AttributeError: 'Member' object has no attribute 'timed_out_until'
Ignoring exception in on_member_update
Traceback (most recent call last):
  File "/usr/local/lib/python3.12/site-packages/discord/client.py", line 465, in _run_event
    await coro(*args, **kwargs)
  File "/app/asu_discord/cogs/analytics.py", line 652, in on_member_update
    before_timeout = before.timed_out_until
                     ^^^^^^^^^^^^^^^^^^^^^^
AttributeError: 'Member' object has no attribute 'timed_out_until'
Ignoring exception in on_member_update
Traceback (most recent call last):
  File "/usr/local/lib/python3.12/site-packages/discord/client.py", line 465, in _run_event
    await coro(*args, **kwargs)
  File "/app/asu_discord/cogs/analytics.py", line 652, in on_member_update
    before_timeout = before.timed_out_until
                     ^^^^^^^^^^^^^^^^^^^^^^
AttributeError: 'Member' object has no attribute 'timed_out_until'
Ignoring exception in on_member_update
Traceback (most recent call last):
  File "/usr/local/lib/python3.12/site-packages/discord/client.py", line 465, in _run_event
    await coro(*args, **kwargs)
  File "/app/asu_discord/cogs/analytics.py", line 652, in on_member_update
    before_timeout = before.timed_out_until
                     ^^^^^^^^^^^^^^^^^^^^^^
AttributeError: 'Member' object has no attribute 'timed_out_until'
Ignoring exception in on_member_update
Traceback (most recent call last):
  File "/usr/local/lib/python3.12/site-packages/discord/client.py", line 465, in _run_event
    await coro(*args, **kwargs)
  File "/app/asu_discord/cogs/analytics.py", line 652, in on_member_update
    before_timeout = before.timed_out_until
                     ^^^^^^^^^^^^^^^^^^^^^^
AttributeError: 'Member' object has no attribute 'timed_out_until'
Ignoring exception in on_member_update
Traceback (most recent call last):
  File "/usr/local/lib/python3.12/site-packages/discord/client.py", line 465, in _run_event
    await coro(*args, **kwargs)
  File "/app/asu_discord/cogs/analytics.py", line 652, in on_member_update
    before_timeout = before.timed_out_until
                     ^^^^^^^^^^^^^^^^^^^^^^
AttributeError: 'Member' object has no attribute 'timed_out_until'
INFO:asu_discord.cogs.verification:Saved 6 roles to database for user hgly1 (Discord ID: 1498417924723966123)
INFO:asu_discord.cogs.verification:Refreshed Salesforce roles for Discord user 1498417924723966123: -6/+6 roles, assigned=[Commited, First Generation Student, Graduate Student, Herberger Institute for Design and the Arts, International Student, Tempe]
Ignoring exception in on_member_update
Traceback (most recent call last):
  File "/usr/local/lib/python3.12/site-packages/discord/client.py", line 465, in _run_event
    await coro(*args, **kwargs)
  File "/app/asu_discord/cogs/analytics.py", line 652, in on_member_update
    before_timeout = before.timed_out_until
                     ^^^^^^^^^^^^^^^^^^^^^^
AttributeError: 'Member' object has no attribute 'timed_out_until'
Ignoring exception in on_member_update
Traceback (most recent call last):
  File "/usr/local/lib/python3.12/site-packages/discord/client.py", line 465, in _run_event
    await coro(*args, **kwargs)
  File "/app/asu_discord/cogs/analytics.py", line 652, in on_member_update
    before_timeout = before.timed_out_until
                     ^^^^^^^^^^^^^^^^^^^^^^
AttributeError: 'Member' object has no attribute 'timed_out_until'
Ignoring exception in on_member_update
Traceback (most recent call last):
  File "/usr/local/lib/python3.12/site-packages/discord/client.py", line 465, in _run_event
    await coro(*args, **kwargs)
  File "/app/asu_discord/cogs/analytics.py", line 652, in on_member_update
    before_timeout = before.timed_out_until
                     ^^^^^^^^^^^^^^^^^^^^^^
AttributeError: 'Member' object has no attribute 'timed_out_until'
Ignoring exception in on_member_update
Traceback (most recent call last):
  File "/usr/local/lib/python3.12/site-packages/discord/client.py", line 465, in _run_event
    await coro(*args, **kwargs)
  File "/app/asu_discord/cogs/analytics.py", line 652, in on_member_update
    before_timeout = before.timed_out_until
                     ^^^^^^^^^^^^^^^^^^^^^^
AttributeError: 'Member' object has no attribute 'timed_out_until'
Ignoring exception in on_member_update
Traceback (most recent call last):
  File "/usr/local/lib/python3.12/site-packages/discord/client.py", line 465, in _run_event
    await coro(*args, **kwargs)
  File "/app/asu_discord/cogs/analytics.py", line 652, in on_member_update
    before_timeout = before.timed_out_until
                     ^^^^^^^^^^^^^^^^^^^^^^
AttributeError: 'Member' object has no attribute 'timed_out_until'
Ignoring exception in on_member_update
Traceback (most recent call last):
  File "/usr/local/lib/python3.12/site-packages/discord/client.py", line 465, in _run_event
    await coro(*args, **kwargs)
  File "/app/asu_discord/cogs/analytics.py", line 652, in on_member_update
    before_timeout = before.timed_out_until
                     ^^^^^^^^^^^^^^^^^^^^^^
AttributeError: 'Member' object has no attribute 'timed_out_until'
Ignoring exception in on_member_update
Traceback (most recent call last):
  File "/usr/local/lib/python3.12/site-packages/discord/client.py", line 465, in _run_event
    await coro(*args, **kwargs)
  File "/app/asu_discord/cogs/analytics.py", line 652, in on_member_update
    before_timeout = before.timed_out_until
                     ^^^^^^^^^^^^^^^^^^^^^^
AttributeError: 'Member' object has no attribute 'timed_out_until'
Ignoring exception in on_member_update
Traceback (most recent call last):
  File "/usr/local/lib/python3.12/site-packages/discord/client.py", line 465, in _run_event
    await coro(*args, **kwargs)
  File "/app/asu_discord/cogs/analytics.py", line 652, in on_member_update
    before_timeout = before.timed_out_until
                     ^^^^^^^^^^^^^^^^^^^^^^
AttributeError: 'Member' object has no attribute 'timed_out_until'
Ignoring exception in on_member_update
Traceback (most recent call last):
  File "/usr/local/lib/python3.12/site-packages/discord/client.py", line 465, in _run_event
    await coro(*args, **kwargs)
  File "/app/asu_discord/cogs/analytics.py", line 652, in on_member_update
    before_timeout = before.timed_out_until
                     ^^^^^^^^^^^^^^^^^^^^^^
AttributeError: 'Member' object has no attribute 'timed_out_until'
Ignoring exception in on_member_update
Traceback (most recent call last):
  File "/usr/local/lib/python3.12/site-packages/discord/client.py", line 465, in _run_event
    await coro(*args, **kwargs)
  File "/app/asu_discord/cogs/analytics.py", line 652, in on_member_update
    before_timeout = before.timed_out_until
                     ^^^^^^^^^^^^^^^^^^^^^^
AttributeError: 'Member' object has no attribute 'timed_out_until'
INFO:asu_discord.cogs.verification:Saved 5 roles to database for user nlonghit (Discord ID: 791240301724827668)
INFO:asu_discord.cogs.verification:Refreshed Salesforce roles for Discord user 791240301724827668: -5/+5 roles, assigned=[Commited, First Year, International Student, Tempe, W.P. Carey School of Business]
Ignoring exception in on_member_update
Traceback (most recent call last):
  File "/usr/local/lib/python3.12/site-packages/discord/client.py", line 465, in _run_event
    await coro(*args, **kwargs)
  File "/app/asu_discord/cogs/analytics.py", line 652, in on_member_update
    before_timeout = before.timed_out_until
                     ^^^^^^^^^^^^^^^^^^^^^^
AttributeError: 'Member' object has no attribute 'timed_out_until'
Ignoring exception in on_member_update
Traceback (most recent call last):
  File "/usr/local/lib/python3.12/site-packages/discord/client.py", line 465, in _run_event
    await coro(*args, **kwargs)
  File "/app/asu_discord/cogs/analytics.py", line 652, in on_member_update
    before_timeout = before.timed_out_until
                     ^^^^^^^^^^^^^^^^^^^^^^
AttributeError: 'Member' object has no attribute 'timed_out_until'
Ignoring exception in on_member_update
Traceback (most recent call last):
  File "/usr/local/lib/python3.12/site-packages/discord/client.py", line 465, in _run_event
    await coro(*args, **kwargs)
  File "/app/asu_discord/cogs/analytics.py", line 652, in on_member_update
    before_timeout = before.timed_out_until
                     ^^^^^^^^^^^^^^^^^^^^^^
AttributeError: 'Member' object has no attribute 'timed_out_until'
Ignoring exception in on_member_update
Traceback (most recent call last):
  File "/usr/local/lib/python3.12/site-packages/discord/client.py", line 465, in _run_event
    await coro(*args, **kwargs)
  File "/app/asu_discord/cogs/analytics.py", line 652, in on_member_update
    before_timeout = before.timed_out_until
                     ^^^^^^^^^^^^^^^^^^^^^^
AttributeError: 'Member' object has no attribute 'timed_out_until'
Ignoring exception in on_member_update
Traceback (most recent call last):
  File "/usr/local/lib/python3.12/site-packages/discord/client.py", line 465, in _run_event
    await coro(*args, **kwargs)
  File "/app/asu_discord/cogs/analytics.py", line 652, in on_member_update
    before_timeout = before.timed_out_until
                     ^^^^^^^^^^^^^^^^^^^^^^
AttributeError: 'Member' object has no attribute 'timed_out_until'
Ignoring exception in on_member_update
Traceback (most recent call last):
  File "/usr/local/lib/python3.12/site-packages/discord/client.py", line 465, in _run_event
    await coro(*args, **kwargs)
  File "/app/asu_discord/cogs/analytics.py", line 652, in on_member_update
    before_timeout = before.timed_out_until
                     ^^^^^^^^^^^^^^^^^^^^^^
AttributeError: 'Member' object has no attribute 'timed_out_until'
Ignoring exception in on_member_update
Traceback (most recent call last):
  File "/usr/local/lib/python3.12/site-packages/discord/client.py", line 465, in _run_event
    await coro(*args, **kwargs)
  File "/app/asu_discord/cogs/analytics.py", line 652, in on_member_update
    before_timeout = before.timed_out_until
                     ^^^^^^^^^^^^^^^^^^^^^^
AttributeError: 'Member' object has no attribute 'timed_out_until'
Ignoring exception in on_member_update
Traceback (most recent call last):
  File "/usr/local/lib/python3.12/site-packages/discord/client.py", line 465, in _run_event
    await coro(*args, **kwargs)
  File "/app/asu_discord/cogs/analytics.py", line 652, in on_member_update
    before_timeout = before.timed_out_until
                     ^^^^^^^^^^^^^^^^^^^^^^
AttributeError: 'Member' object has no attribute 'timed_out_until'
Ignoring exception in on_member_update
Traceback (most recent call last):
  File "/usr/local/lib/python3.12/site-packages/discord/client.py", line 465, in _run_event
    await coro(*args, **kwargs)
  File "/app/asu_discord/cogs/analytics.py", line 652, in on_member_update
    before_timeout = before.timed_out_until
                     ^^^^^^^^^^^^^^^^^^^^^^
AttributeError: 'Member' object has no attribute 'timed_out_until'
Ignoring exception in on_member_update
Traceback (most recent call last):
  File "/usr/local/lib/python3.12/site-packages/discord/client.py", line 465, in _run_event
    await coro(*args, **kwargs)
  File "/app/asu_discord/cogs/analytics.py", line 652, in on_member_update
    before_timeout = before.timed_out_until
                     ^^^^^^^^^^^^^^^^^^^^^^
AttributeError: 'Member' object has no attribute 'timed_out_until'
INFO:asu_discord.cogs.verification:Saved 5 roles to database for user jrowin (Discord ID: 1498428584010842265)
INFO:asu_discord.cogs.verification:Refreshed Salesforce roles for Discord user 1498428584010842265: -5/+5 roles, assigned=[Commited, First Year, Ira A. Fulton Schools of Engineering, Out of State, Tempe]
Ignoring exception in on_member_update
Traceback (most recent call last):
  File "/usr/local/lib/python3.12/site-packages/discord/client.py", line 465, in _run_event
    await coro(*args, **kwargs)
  File "/app/asu_discord/cogs/analytics.py", line 652, in on_member_update
    before_timeout = before.timed_out_until
                     ^^^^^^^^^^^^^^^^^^^^^^
AttributeError: 'Member' object has no attribute 'timed_out_until'
Ignoring exception in on_member_update
Traceback (most recent call last):
  File "/usr/local/lib/python3.12/site-packages/discord/client.py", line 465, in _run_event
    await coro(*args, **kwargs)
  File "/app/asu_discord/cogs/analytics.py", line 652, in on_member_update
    before_timeout = before.timed_out_until
                     ^^^^^^^^^^^^^^^^^^^^^^
AttributeError: 'Member' object has no attribute 'timed_out_until'
Ignoring exception in on_member_update
Traceback (most recent call last):
  File "/usr/local/lib/python3.12/site-packages/discord/client.py", line 465, in _run_event
    await coro(*args, **kwargs)
  File "/app/asu_discord/cogs/analytics.py", line 652, in on_member_update
    before_timeout = before.timed_out_until
                     ^^^^^^^^^^^^^^^^^^^^^^
AttributeError: 'Member' object has no attribute 'timed_out_until'
Ignoring exception in on_member_update
Traceback (most recent call last):
  File "/usr/local/lib/python3.12/site-packages/discord/client.py", line 465, in _run_event
    await coro(*args, **kwargs)
  File "/app/asu_discord/cogs/analytics.py", line 652, in on_member_update
    before_timeout = before.timed_out_until
                     ^^^^^^^^^^^^^^^^^^^^^^
AttributeError: 'Member' object has no attribute 'timed_out_until'
Ignoring exception in on_member_update
Traceback (most recent call last):
  File "/usr/local/lib/python3.12/site-packages/discord/client.py", line 465, in _run_event
    await coro(*args, **kwargs)
  File "/app/asu_discord/cogs/analytics.py", line 652, in on_member_update
    before_timeout = before.timed_out_until
                     ^^^^^^^^^^^^^^^^^^^^^^
AttributeError: 'Member' object has no attribute 'timed_out_until'
Ignoring exception in on_member_update
Traceback (most recent call last):
  File "/usr/local/lib/python3.12/site-packages/discord/client.py", line 465, in _run_event
    await coro(*args, **kwargs)
  File "/app/asu_discord/cogs/analytics.py", line 652, in on_member_update
    before_timeout = before.timed_out_until
                     ^^^^^^^^^^^^^^^^^^^^^^
AttributeError: 'Member' object has no attribute 'timed_out_until'
Ignoring exception in on_member_update
Traceback (most recent call last):
  File "/usr/local/lib/python3.12/site-packages/discord/client.py", line 465, in _run_event
    await coro(*args, **kwargs)
  File "/app/asu_discord/cogs/analytics.py", line 652, in on_member_update
    before_timeout = before.timed_out_until
                     ^^^^^^^^^^^^^^^^^^^^^^
AttributeError: 'Member' object has no attribute 'timed_out_until'
Ignoring exception in on_member_update
Traceback (most recent call last):
  File "/usr/local/lib/python3.12/site-packages/discord/client.py", line 465, in _run_event
    await coro(*args, **kwargs)
  File "/app/asu_discord/cogs/analytics.py", line 652, in on_member_update
    before_timeout = before.timed_out_until
                     ^^^^^^^^^^^^^^^^^^^^^^
AttributeError: 'Member' object has no attribute 'timed_out_until'
Ignoring exception in on_member_update
Traceback (most recent call last):
  File "/usr/local/lib/python3.12/site-packages/discord/client.py", line 465, in _run_event
    await coro(*args, **kwargs)
  File "/app/asu_discord/cogs/analytics.py", line 652, in on_member_update
    before_timeout = before.timed_out_until
                     ^^^^^^^^^^^^^^^^^^^^^^
AttributeError: 'Member' object has no attribute 'timed_out_until'
Ignoring exception in on_member_update
Traceback (most recent call last):
  File "/usr/local/lib/python3.12/site-packages/discord/client.py", line 465, in _run_event
    await coro(*args, **kwargs)
  File "/app/asu_discord/cogs/analytics.py", line 652, in on_member_update
    before_timeout = before.timed_out_until
                     ^^^^^^^^^^^^^^^^^^^^^^
AttributeError: 'Member' object has no attribute 'timed_out_until'
INFO:asu_discord.cogs.verification:Saved 5 roles to database for user dlperezg (Discord ID: 416789057067155457)
INFO:asu_discord.cogs.verification:Refreshed Salesforce roles for Discord user 416789057067155457: -5/+5 roles, assigned=[Commited, First Year, International Student, Tempe, W.P. Carey School of Business]
Ignoring exception in on_member_update
Traceback (most recent call last):
  File "/usr/local/lib/python3.12/site-packages/discord/client.py", line 465, in _run_event
    await coro(*args, **kwargs)
  File "/app/asu_discord/cogs/analytics.py", line 652, in on_member_update
    before_timeout = before.timed_out_until
                     ^^^^^^^^^^^^^^^^^^^^^^
AttributeError: 'Member' object has no attribute 'timed_out_until'
Ignoring exception in on_member_update
Traceback (most recent call last):
  File "/usr/local/lib/python3.12/site-packages/discord/client.py", line 465, in _run_event
    await coro(*args, **kwargs)
  File "/app/asu_discord/cogs/analytics.py", line 652, in on_member_update
    before_timeout = before.timed_out_until
                     ^^^^^^^^^^^^^^^^^^^^^^
AttributeError: 'Member' object has no attribute 'timed_out_until'
Ignoring exception in on_member_update
Traceback (most recent call last):
  File "/usr/local/lib/python3.12/site-packages/discord/client.py", line 465, in _run_event
    await coro(*args, **kwargs)
  File "/app/asu_discord/cogs/analytics.py", line 652, in on_member_update
    before_timeout = before.timed_out_until
                     ^^^^^^^^^^^^^^^^^^^^^^
AttributeError: 'Member' object has no attribute 'timed_out_until'
Ignoring exception in on_member_update
Traceback (most recent call last):
  File "/usr/local/lib/python3.12/site-packages/discord/client.py", line 465, in _run_event
    await coro(*args, **kwargs)
  File "/app/asu_discord/cogs/analytics.py", line 652, in on_member_update
    before_timeout = before.timed_out_until
                     ^^^^^^^^^^^^^^^^^^^^^^
AttributeError: 'Member' object has no attribute 'timed_out_until'
Ignoring exception in on_member_update
Traceback (most recent call last):
  File "/usr/local/lib/python3.12/site-packages/discord/client.py", line 465, in _run_event
    await coro(*args, **kwargs)
  File "/app/asu_discord/cogs/analytics.py", line 652, in on_member_update
    before_timeout = before.timed_out_until
                     ^^^^^^^^^^^^^^^^^^^^^^
AttributeError: 'Member' object has no attribute 'timed_out_until'
Ignoring exception in on_member_update
Traceback (most recent call last):
  File "/usr/local/lib/python3.12/site-packages/discord/client.py", line 465, in _run_event
    await coro(*args, **kwargs)
  File "/app/asu_discord/cogs/analytics.py", line 652, in on_member_update
    before_timeout = before.timed_out_until
                     ^^^^^^^^^^^^^^^^^^^^^^
AttributeError: 'Member' object has no attribute 'timed_out_until'
INFO:asu_discord.cogs.verification:Saved 3 roles to database for user rmitta29 (Discord ID: 405022163259883521)
INFO:asu_discord.cogs.verification:Refreshed Salesforce roles for Discord user 405022163259883521: -3/+3 roles, assigned=[Graduate Student, Online, Out of State]
Ignoring exception in on_member_update
Traceback (most recent call last):
  File "/usr/local/lib/python3.12/site-packages/discord/client.py", line 465, in _run_event
    await coro(*args, **kwargs)
  File "/app/asu_discord/cogs/analytics.py", line 652, in on_member_update
    before_timeout = before.timed_out_until
                     ^^^^^^^^^^^^^^^^^^^^^^
AttributeError: 'Member' object has no attribute 'timed_out_until'
Ignoring exception in on_member_update
Traceback (most recent call last):
  File "/usr/local/lib/python3.12/site-packages/discord/client.py", line 465, in _run_event
    await coro(*args, **kwargs)
  File "/app/asu_discord/cogs/analytics.py", line 652, in on_member_update
    before_timeout = before.timed_out_until
                     ^^^^^^^^^^^^^^^^^^^^^^
AttributeError: 'Member' object has no attribute 'timed_out_until'
Ignoring exception in on_member_update
Traceback (most recent call last):
  File "/usr/local/lib/python3.12/site-packages/discord/client.py", line 465, in _run_event
    await coro(*args, **kwargs)
  File "/app/asu_discord/cogs/analytics.py", line 652, in on_member_update
    before_timeout = before.timed_out_until
                     ^^^^^^^^^^^^^^^^^^^^^^
AttributeError: 'Member' object has no attribute 'timed_out_until'
Ignoring exception in on_member_update
Traceback (most recent call last):
  File "/usr/local/lib/python3.12/site-packages/discord/client.py", line 465, in _run_event
    await coro(*args, **kwargs)
  File "/app/asu_discord/cogs/analytics.py", line 652, in on_member_update
    before_timeout = before.timed_out_until
                     ^^^^^^^^^^^^^^^^^^^^^^
AttributeError: 'Member' object has no attribute 'timed_out_until'
Ignoring exception in on_member_update
Traceback (most recent call last):
  File "/usr/local/lib/python3.12/site-packages/discord/client.py", line 465, in _run_event
    await coro(*args, **kwargs)
  File "/app/asu_discord/cogs/analytics.py", line 652, in on_member_update
    before_timeout = before.timed_out_until
                     ^^^^^^^^^^^^^^^^^^^^^^
AttributeError: 'Member' object has no attribute 'timed_out_until'
Ignoring exception in on_member_update
Traceback (most recent call last):
  File "/usr/local/lib/python3.12/site-packages/discord/client.py", line 465, in _run_event
    await coro(*args, **kwargs)
  File "/app/asu_discord/cogs/analytics.py", line 652, in on_member_update
    before_timeout = before.timed_out_until
                     ^^^^^^^^^^^^^^^^^^^^^^
AttributeError: 'Member' object has no attribute 'timed_out_until'
Ignoring exception in on_member_update
Traceback (most recent call last):
  File "/usr/local/lib/python3.12/site-packages/discord/client.py", line 465, in _run_event
    await coro(*args, **kwargs)
  File "/app/asu_discord/cogs/analytics.py", line 652, in on_member_update
    before_timeout = before.timed_out_until
                     ^^^^^^^^^^^^^^^^^^^^^^
AttributeError: 'Member' object has no attribute 'timed_out_until'
Ignoring exception in on_member_update
Traceback (most recent call last):
  File "/usr/local/lib/python3.12/site-packages/discord/client.py", line 465, in _run_event
    await coro(*args, **kwargs)
  File "/app/asu_discord/cogs/analytics.py", line 652, in on_member_update
    before_timeout = before.timed_out_until
                     ^^^^^^^^^^^^^^^^^^^^^^
AttributeError: 'Member' object has no attribute 'timed_out_until'
INFO:asu_discord.cogs.verification:Saved 4 roles to database for user almaier (Discord ID: 1498439570285531262)
INFO:asu_discord.cogs.verification:Refreshed Salesforce roles for Discord user 1498439570285531262: -4/+4 roles, assigned=[Commited, First Year, Polytechnic, W.P. Carey School of Business]
Ignoring exception in on_member_update
Traceback (most recent call last):
  File "/usr/local/lib/python3.12/site-packages/discord/client.py", line 465, in _run_event
    await coro(*args, **kwargs)
  File "/app/asu_discord/cogs/analytics.py", line 652, in on_member_update
    before_timeout = before.timed_out_until
                     ^^^^^^^^^^^^^^^^^^^^^^
AttributeError: 'Member' object has no attribute 'timed_out_until'
Ignoring exception in on_member_update
Traceback (most recent call last):
  File "/usr/local/lib/python3.12/site-packages/discord/client.py", line 465, in _run_event
    await coro(*args, **kwargs)
  File "/app/asu_discord/cogs/analytics.py", line 652, in on_member_update
    before_timeout = before.timed_out_until
                     ^^^^^^^^^^^^^^^^^^^^^^
AttributeError: 'Member' object has no attribute 'timed_out_until'
Ignoring exception in on_member_update
Traceback (most recent call last):
  File "/usr/local/lib/python3.12/site-packages/discord/client.py", line 465, in _run_event
    await coro(*args, **kwargs)
  File "/app/asu_discord/cogs/analytics.py", line 652, in on_member_update
    before_timeout = before.timed_out_until
                     ^^^^^^^^^^^^^^^^^^^^^^
AttributeError: 'Member' object has no attribute 'timed_out_until'
Ignoring exception in on_member_update
Traceback (most recent call last):
  File "/usr/local/lib/python3.12/site-packages/discord/client.py", line 465, in _run_event
    await coro(*args, **kwargs)
  File "/app/asu_discord/cogs/analytics.py", line 652, in on_member_update
    before_timeout = before.timed_out_until
                     ^^^^^^^^^^^^^^^^^^^^^^
AttributeError: 'Member' object has no attribute 'timed_out_until'
Ignoring exception in on_member_update
Traceback (most recent call last):
  File "/usr/local/lib/python3.12/site-packages/discord/client.py", line 465, in _run_event
    await coro(*args, **kwargs)
  File "/app/asu_discord/cogs/analytics.py", line 652, in on_member_update
    before_timeout = before.timed_out_until
                     ^^^^^^^^^^^^^^^^^^^^^^
AttributeError: 'Member' object has no attribute 'timed_out_until'
Ignoring exception in on_member_update
Traceback (most recent call last):
  File "/usr/local/lib/python3.12/site-packages/discord/client.py", line 465, in _run_event
    await coro(*args, **kwargs)
  File "/app/asu_discord/cogs/analytics.py", line 652, in on_member_update
    before_timeout = before.timed_out_until
                     ^^^^^^^^^^^^^^^^^^^^^^
AttributeError: 'Member' object has no attribute 'timed_out_until'
Ignoring exception in on_member_update
Traceback (most recent call last):
  File "/usr/local/lib/python3.12/site-packages/discord/client.py", line 465, in _run_event
    await coro(*args, **kwargs)
  File "/app/asu_discord/cogs/analytics.py", line 652, in on_member_update
    before_timeout = before.timed_out_until
                     ^^^^^^^^^^^^^^^^^^^^^^
AttributeError: 'Member' object has no attribute 'timed_out_until'
Ignoring exception in on_member_update
Traceback (most recent call last):
  File "/usr/local/lib/python3.12/site-packages/discord/client.py", line 465, in _run_event
    await coro(*args, **kwargs)
  File "/app/asu_discord/cogs/analytics.py", line 652, in on_member_update
    before_timeout = before.timed_out_until
                     ^^^^^^^^^^^^^^^^^^^^^^
AttributeError: 'Member' object has no attribute 'timed_out_until'
Ignoring exception in on_member_update
Traceback (most recent call last):
  File "/usr/local/lib/python3.12/site-packages/discord/client.py", line 465, in _run_event
    await coro(*args, **kwargs)
  File "/app/asu_discord/cogs/analytics.py", line 652, in on_member_update
    before_timeout = before.timed_out_until
                     ^^^^^^^^^^^^^^^^^^^^^^
AttributeError: 'Member' object has no attribute 'timed_out_until'
INFO:asu_discord.cogs.verification:Saved 5 roles to database for user naguir16 (Discord ID: 755808083124420714)
INFO:asu_discord.cogs.verification:Refreshed Salesforce roles for Discord user 755808083124420714: -5/+4 roles, assigned=[Commited, First Year, Herberger Institute for Design and the Arts, International Student, Tempe]
Ignoring exception in on_member_update
Traceback (most recent call last):
  File "/usr/local/lib/python3.12/site-packages/discord/client.py", line 465, in _run_event
    await coro(*args, **kwargs)
  File "/app/asu_discord/cogs/analytics.py", line 652, in on_member_update
    before_timeout = before.timed_out_until
                     ^^^^^^^^^^^^^^^^^^^^^^
AttributeError: 'Member' object has no attribute 'timed_out_until'
Ignoring exception in on_member_update
Traceback (most recent call last):
  File "/usr/local/lib/python3.12/site-packages/discord/client.py", line 465, in _run_event
    await coro(*args, **kwargs)
  File "/app/asu_discord/cogs/analytics.py", line 652, in on_member_update
    before_timeout = before.timed_out_until
                     ^^^^^^^^^^^^^^^^^^^^^^
AttributeError: 'Member' object has no attribute 'timed_out_until'
Ignoring exception in on_member_update
Traceback (most recent call last):
  File "/usr/local/lib/python3.12/site-packages/discord/client.py", line 465, in _run_event
    await coro(*args, **kwargs)
  File "/app/asu_discord/cogs/analytics.py", line 652, in on_member_update
    before_timeout = before.timed_out_until
                     ^^^^^^^^^^^^^^^^^^^^^^
AttributeError: 'Member' object has no attribute 'timed_out_until'
Ignoring exception in on_member_update
Traceback (most recent call last):
  File "/usr/local/lib/python3.12/site-packages/discord/client.py", line 465, in _run_event
    await coro(*args, **kwargs)
  File "/app/asu_discord/cogs/analytics.py", line 652, in on_member_update
    before_timeout = before.timed_out_until
                     ^^^^^^^^^^^^^^^^^^^^^^
AttributeError: 'Member' object has no attribute 'timed_out_until'
Ignoring exception in on_member_update
Traceback (most recent call last):
  File "/usr/local/lib/python3.12/site-packages/discord/client.py", line 465, in _run_event
    await coro(*args, **kwargs)
  File "/app/asu_discord/cogs/analytics.py", line 652, in on_member_update
    before_timeout = before.timed_out_until
                     ^^^^^^^^^^^^^^^^^^^^^^
AttributeError: 'Member' object has no attribute 'timed_out_until'
Ignoring exception in on_member_update
Traceback (most recent call last):
  File "/usr/local/lib/python3.12/site-packages/discord/client.py", line 465, in _run_event
    await coro(*args, **kwargs)
  File "/app/asu_discord/cogs/analytics.py", line 652, in on_member_update
    before_timeout = before.timed_out_until
                     ^^^^^^^^^^^^^^^^^^^^^^
AttributeError: 'Member' object has no attribute 'timed_out_until'
Ignoring exception in on_member_update
Traceback (most recent call last):
  File "/usr/local/lib/python3.12/site-packages/discord/client.py", line 465, in _run_event
    await coro(*args, **kwargs)
  File "/app/asu_discord/cogs/analytics.py", line 652, in on_member_update
    before_timeout = before.timed_out_until
                     ^^^^^^^^^^^^^^^^^^^^^^
AttributeError: 'Member' object has no attribute 'timed_out_until'
Ignoring exception in on_member_update
Traceback (most recent call last):
  File "/usr/local/lib/python3.12/site-packages/discord/client.py", line 465, in _run_event
    await coro(*args, **kwargs)
  File "/app/asu_discord/cogs/analytics.py", line 652, in on_member_update
    before_timeout = before.timed_out_until
                     ^^^^^^^^^^^^^^^^^^^^^^
AttributeError: 'Member' object has no attribute 'timed_out_until'
Ignoring exception in on_member_update
Traceback (most recent call last):
  File "/usr/local/lib/python3.12/site-packages/discord/client.py", line 465, in _run_event
    await coro(*args, **kwargs)
  File "/app/asu_discord/cogs/analytics.py", line 652, in on_member_update
    before_timeout = before.timed_out_until
                     ^^^^^^^^^^^^^^^^^^^^^^
AttributeError: 'Member' object has no attribute 'timed_out_until'
INFO:asu_discord.cogs.verification:Saved 5 roles to database for user jlarviz1 (Discord ID: 1498188182813016124)
INFO:asu_discord.cogs.verification:Refreshed Salesforce roles for Discord user 1498188182813016124: -5/+5 roles, assigned=[Arizona Resident, Downtown Phoenix, First Generation Student, First Year, Herberger Institute for Design and the Arts]
Ignoring exception in on_member_update
Traceback (most recent call last):
  File "/usr/local/lib/python3.12/site-packages/discord/client.py", line 465, in _run_event
    await coro(*args, **kwargs)
  File "/app/asu_discord/cogs/analytics.py", line 652, in on_member_update
    before_timeout = before.timed_out_until
                     ^^^^^^^^^^^^^^^^^^^^^^
AttributeError: 'Member' object has no attribute 'timed_out_until'
Ignoring exception in on_member_update
Traceback (most recent call last):
  File "/usr/local/lib/python3.12/site-packages/discord/client.py", line 465, in _run_event
    await coro(*args, **kwargs)
  File "/app/asu_discord/cogs/analytics.py", line 652, in on_member_update
    before_timeout = before.timed_out_until
                     ^^^^^^^^^^^^^^^^^^^^^^
AttributeError: 'Member' object has no attribute 'timed_out_until'
Ignoring exception in on_member_update
Traceback (most recent call last):
  File "/usr/local/lib/python3.12/site-packages/discord/client.py", line 465, in _run_event
    await coro(*args, **kwargs)
  File "/app/asu_discord/cogs/analytics.py", line 652, in on_member_update
    before_timeout = before.timed_out_until
                     ^^^^^^^^^^^^^^^^^^^^^^
AttributeError: 'Member' object has no attribute 'timed_out_until'
Ignoring exception in on_member_update
Traceback (most recent call last):
  File "/usr/local/lib/python3.12/site-packages/discord/client.py", line 465, in _run_event
    await coro(*args, **kwargs)
  File "/app/asu_discord/cogs/analytics.py", line 652, in on_member_update
    before_timeout = before.timed_out_until
                     ^^^^^^^^^^^^^^^^^^^^^^
AttributeError: 'Member' object has no attribute 'timed_out_until'
Ignoring exception in on_member_update
Traceback (most recent call last):
  File "/usr/local/lib/python3.12/site-packages/discord/client.py", line 465, in _run_event
    await coro(*args, **kwargs)
  File "/app/asu_discord/cogs/analytics.py", line 652, in on_member_update
    before_timeout = before.timed_out_until
                     ^^^^^^^^^^^^^^^^^^^^^^
AttributeError: 'Member' object has no attribute 'timed_out_until'
Ignoring exception in on_member_update
Traceback (most recent call last):
  File "/usr/local/lib/python3.12/site-packages/discord/client.py", line 465, in _run_event
    await coro(*args, **kwargs)
  File "/app/asu_discord/cogs/analytics.py", line 652, in on_member_update
    before_timeout = before.timed_out_until
                     ^^^^^^^^^^^^^^^^^^^^^^
AttributeError: 'Member' object has no attribute 'timed_out_until'
Ignoring exception in on_member_update
Traceback (most recent call last):
  File "/usr/local/lib/python3.12/site-packages/discord/client.py", line 465, in _run_event
    await coro(*args, **kwargs)
  File "/app/asu_discord/cogs/analytics.py", line 652, in on_member_update
    before_timeout = before.timed_out_until
                     ^^^^^^^^^^^^^^^^^^^^^^
AttributeError: 'Member' object has no attribute 'timed_out_until'
Ignoring exception in on_member_update
Traceback (most recent call last):
  File "/usr/local/lib/python3.12/site-packages/discord/client.py", line 465, in _run_event
    await coro(*args, **kwargs)
  File "/app/asu_discord/cogs/analytics.py", line 652, in on_member_update
    before_timeout = before.timed_out_until
                     ^^^^^^^^^^^^^^^^^^^^^^
AttributeError: 'Member' object has no attribute 'timed_out_until'
Ignoring exception in on_member_update
Traceback (most recent call last):
  File "/usr/local/lib/python3.12/site-packages/discord/client.py", line 465, in _run_event
    await coro(*args, **kwargs)
  File "/app/asu_discord/cogs/analytics.py", line 652, in on_member_update
    before_timeout = before.timed_out_until
                     ^^^^^^^^^^^^^^^^^^^^^^
AttributeError: 'Member' object has no attribute 'timed_out_until'
Ignoring exception in on_member_update
Traceback (most recent call last):
  File "/usr/local/lib/python3.12/site-packages/discord/client.py", line 465, in _run_event
    await coro(*args, **kwargs)
  File "/app/asu_discord/cogs/analytics.py", line 652, in on_member_update
    before_timeout = before.timed_out_until
                     ^^^^^^^^^^^^^^^^^^^^^^
AttributeError: 'Member' object has no attribute 'timed_out_until'
INFO:asu_discord.cogs.verification:Saved 5 roles to database for user ajcasey2 (Discord ID: 1495834182121689208)
INFO:asu_discord.cogs.verification:Refreshed Salesforce roles for Discord user 1495834182121689208: -5/+4 roles, assigned=[Commited, Downtown Phoenix, Graduate Student, Out of State, Watts College of Public Service and Community Solutions]
Ignoring exception in on_member_update
Traceback (most recent call last):
  File "/usr/local/lib/python3.12/site-packages/discord/client.py", line 465, in _run_event
    await coro(*args, **kwargs)
  File "/app/asu_discord/cogs/analytics.py", line 652, in on_member_update
    before_timeout = before.timed_out_until
                     ^^^^^^^^^^^^^^^^^^^^^^
AttributeError: 'Member' object has no attribute 'timed_out_until'
Ignoring exception in on_member_update
Traceback (most recent call last):
  File "/usr/local/lib/python3.12/site-packages/discord/client.py", line 465, in _run_event
    await coro(*args, **kwargs)
  File "/app/asu_discord/cogs/analytics.py", line 652, in on_member_update
    before_timeout = before.timed_out_until
                     ^^^^^^^^^^^^^^^^^^^^^^
AttributeError: 'Member' object has no attribute 'timed_out_until'
Ignoring exception in on_member_update
Traceback (most recent call last):
  File "/usr/local/lib/python3.12/site-packages/discord/client.py", line 465, in _run_event
    await coro(*args, **kwargs)
  File "/app/asu_discord/cogs/analytics.py", line 652, in on_member_update
    before_timeout = before.timed_out_until
                     ^^^^^^^^^^^^^^^^^^^^^^
AttributeError: 'Member' object has no attribute 'timed_out_until'
Ignoring exception in on_member_update
Traceback (most recent call last):
  File "/usr/local/lib/python3.12/site-packages/discord/client.py", line 465, in _run_event
    await coro(*args, **kwargs)
  File "/app/asu_discord/cogs/analytics.py", line 652, in on_member_update
    before_timeout = before.timed_out_until
                     ^^^^^^^^^^^^^^^^^^^^^^
AttributeError: 'Member' object has no attribute 'timed_out_until'
Ignoring exception in on_member_update
Traceback (most recent call last):
  File "/usr/local/lib/python3.12/site-packages/discord/client.py", line 465, in _run_event
    await coro(*args, **kwargs)
  File "/app/asu_discord/cogs/analytics.py", line 652, in on_member_update
    before_timeout = before.timed_out_until
                     ^^^^^^^^^^^^^^^^^^^^^^
AttributeError: 'Member' object has no attribute 'timed_out_until'
Ignoring exception in on_member_update
Traceback (most recent call last):
  File "/usr/local/lib/python3.12/site-packages/discord/client.py", line 465, in _run_event
    await coro(*args, **kwargs)
  File "/app/asu_discord/cogs/analytics.py", line 652, in on_member_update
    before_timeout = before.timed_out_until
                     ^^^^^^^^^^^^^^^^^^^^^^
AttributeError: 'Member' object has no attribute 'timed_out_until'
Ignoring exception in on_member_update
Traceback (most recent call last):
  File "/usr/local/lib/python3.12/site-packages/discord/client.py", line 465, in _run_event
    await coro(*args, **kwargs)
  File "/app/asu_discord/cogs/analytics.py", line 652, in on_member_update
    before_timeout = before.timed_out_until
                     ^^^^^^^^^^^^^^^^^^^^^^
AttributeError: 'Member' object has no attribute 'timed_out_until'
Ignoring exception in on_member_update
Traceback (most recent call last):
  File "/usr/local/lib/python3.12/site-packages/discord/client.py", line 465, in _run_event
    await coro(*args, **kwargs)
  File "/app/asu_discord/cogs/analytics.py", line 652, in on_member_update
    before_timeout = before.timed_out_until
                     ^^^^^^^^^^^^^^^^^^^^^^
AttributeError: 'Member' object has no attribute 'timed_out_until'
Ignoring exception in on_member_update
Traceback (most recent call last):
  File "/usr/local/lib/python3.12/site-packages/discord/client.py", line 465, in _run_event
    await coro(*args, **kwargs)
  File "/app/asu_discord/cogs/analytics.py", line 652, in on_member_update
    before_timeout = before.timed_out_until
                     ^^^^^^^^^^^^^^^^^^^^^^
AttributeError: 'Member' object has no attribute 'timed_out_until'
Ignoring exception in on_member_update
Traceback (most recent call last):
  File "/usr/local/lib/python3.12/site-packages/discord/client.py", line 465, in _run_event
    await coro(*args, **kwargs)
  File "/app/asu_discord/cogs/analytics.py", line 652, in on_member_update
    before_timeout = before.timed_out_until
                     ^^^^^^^^^^^^^^^^^^^^^^
AttributeError: 'Member' object has no attribute 'timed_out_until'
INFO:asu_discord.cogs.verification:Saved 5 roles to database for user mymoral3 (Discord ID: 595000866961096704)
INFO:asu_discord.cogs.verification:Refreshed Salesforce roles for Discord user 595000866961096704: -5/+5 roles, assigned=[Arizona Resident, College of Liberal Arts and Sciences, First Generation Student, First Year, West Valley]
Ignoring exception in on_member_update
Traceback (most recent call last):
  File "/usr/local/lib/python3.12/site-packages/discord/client.py", line 465, in _run_event
    await coro(*args, **kwargs)
  File "/app/asu_discord/cogs/analytics.py", line 652, in on_member_update
    before_timeout = before.timed_out_until
                     ^^^^^^^^^^^^^^^^^^^^^^
AttributeError: 'Member' object has no attribute 'timed_out_until'
Ignoring exception in on_member_update
Traceback (most recent call last):
  File "/usr/local/lib/python3.12/site-packages/discord/client.py", line 465, in _run_event
    await coro(*args, **kwargs)
  File "/app/asu_discord/cogs/analytics.py", line 652, in on_member_update
    before_timeout = before.timed_out_until
                     ^^^^^^^^^^^^^^^^^^^^^^
AttributeError: 'Member' object has no attribute 'timed_out_until'
Ignoring exception in on_member_update
Traceback (most recent call last):
  File "/usr/local/lib/python3.12/site-packages/discord/client.py", line 465, in _run_event
    await coro(*args, **kwargs)
  File "/app/asu_discord/cogs/analytics.py", line 652, in on_member_update
    before_timeout = before.timed_out_until
                     ^^^^^^^^^^^^^^^^^^^^^^
AttributeError: 'Member' object has no attribute 'timed_out_until'
Ignoring exception in on_member_update
Traceback (most recent call last):
  File "/usr/local/lib/python3.12/site-packages/discord/client.py", line 465, in _run_event
    await coro(*args, **kwargs)
  File "/app/asu_discord/cogs/analytics.py", line 652, in on_member_update
    before_timeout = before.timed_out_until
                     ^^^^^^^^^^^^^^^^^^^^^^
AttributeError: 'Member' object has no attribute 'timed_out_until'
Ignoring exception in on_member_update
Traceback (most recent call last):
  File "/usr/local/lib/python3.12/site-packages/discord/client.py", line 465, in _run_event
    await coro(*args, **kwargs)
  File "/app/asu_discord/cogs/analytics.py", line 652, in on_member_update
    before_timeout = before.timed_out_until
                     ^^^^^^^^^^^^^^^^^^^^^^
AttributeError: 'Member' object has no attribute 'timed_out_until'
Ignoring exception in on_member_update
Traceback (most recent call last):
  File "/usr/local/lib/python3.12/site-packages/discord/client.py", line 465, in _run_event
    await coro(*args, **kwargs)
  File "/app/asu_discord/cogs/analytics.py", line 652, in on_member_update
    before_timeout = before.timed_out_until
                     ^^^^^^^^^^^^^^^^^^^^^^
AttributeError: 'Member' object has no attribute 'timed_out_until'
Ignoring exception in on_member_update
Traceback (most recent call last):
  File "/usr/local/lib/python3.12/site-packages/discord/client.py", line 465, in _run_event
    await coro(*args, **kwargs)
  File "/app/asu_discord/cogs/analytics.py", line 652, in on_member_update
    before_timeout = before.timed_out_until
                     ^^^^^^^^^^^^^^^^^^^^^^
AttributeError: 'Member' object has no attribute 'timed_out_until'
Ignoring exception in on_member_update
Traceback (most recent call last):
  File "/usr/local/lib/python3.12/site-packages/discord/client.py", line 465, in _run_event
    await coro(*args, **kwargs)
  File "/app/asu_discord/cogs/analytics.py", line 652, in on_member_update
    before_timeout = before.timed_out_until
                     ^^^^^^^^^^^^^^^^^^^^^^
AttributeError: 'Member' object has no attribute 'timed_out_until'
INFO:asu_discord.cogs.verification:Saved 4 roles to database for user hyunbiny (Discord ID: 1283710963106713634)
INFO:asu_discord.cogs.verification:Refreshed Salesforce roles for Discord user 1283710963106713634: -4/+4 roles, assigned=[Graduate Student, International Student, Ira A. Fulton Schools of Engineering, Tempe]
Ignoring exception in on_member_update
Traceback (most recent call last):
  File "/usr/local/lib/python3.12/site-packages/discord/client.py", line 465, in _run_event
    await coro(*args, **kwargs)
  File "/app/asu_discord/cogs/analytics.py", line 652, in on_member_update
    before_timeout = before.timed_out_until
                     ^^^^^^^^^^^^^^^^^^^^^^
AttributeError: 'Member' object has no attribute 'timed_out_until'
Ignoring exception in on_member_update
Traceback (most recent call last):
  File "/usr/local/lib/python3.12/site-packages/discord/client.py", line 465, in _run_event
    await coro(*args, **kwargs)
  File "/app/asu_discord/cogs/analytics.py", line 652, in on_member_update
    before_timeout = before.timed_out_until
                     ^^^^^^^^^^^^^^^^^^^^^^
AttributeError: 'Member' object has no attribute 'timed_out_until'
Ignoring exception in on_member_update
Traceback (most recent call last):
  File "/usr/local/lib/python3.12/site-packages/discord/client.py", line 465, in _run_event
    await coro(*args, **kwargs)
  File "/app/asu_discord/cogs/analytics.py", line 652, in on_member_update
    before_timeout = before.timed_out_until
                     ^^^^^^^^^^^^^^^^^^^^^^
AttributeError: 'Member' object has no attribute 'timed_out_until'
Ignoring exception in on_member_update
Traceback (most recent call last):
  File "/usr/local/lib/python3.12/site-packages/discord/client.py", line 465, in _run_event
    await coro(*args, **kwargs)
  File "/app/asu_discord/cogs/analytics.py", line 652, in on_member_update
    before_timeout = before.timed_out_until
                     ^^^^^^^^^^^^^^^^^^^^^^
AttributeError: 'Member' object has no attribute 'timed_out_until'
Ignoring exception in on_member_update
Traceback (most recent call last):
  File "/usr/local/lib/python3.12/site-packages/discord/client.py", line 465, in _run_event
    await coro(*args, **kwargs)
  File "/app/asu_discord/cogs/analytics.py", line 652, in on_member_update
    before_timeout = before.timed_out_until
                     ^^^^^^^^^^^^^^^^^^^^^^
AttributeError: 'Member' object has no attribute 'timed_out_until'
Ignoring exception in on_member_update
Traceback (most recent call last):
  File "/usr/local/lib/python3.12/site-packages/discord/client.py", line 465, in _run_event
    await coro(*args, **kwargs)
  File "/app/asu_discord/cogs/analytics.py", line 652, in on_member_update
    before_timeout = before.timed_out_until
                     ^^^^^^^^^^^^^^^^^^^^^^
AttributeError: 'Member' object has no attribute 'timed_out_until'
Ignoring exception in on_member_update
Traceback (most recent call last):
  File "/usr/local/lib/python3.12/site-packages/discord/client.py", line 465, in _run_event
    await coro(*args, **kwargs)
  File "/app/asu_discord/cogs/analytics.py", line 652, in on_member_update
    before_timeout = before.timed_out_until
                     ^^^^^^^^^^^^^^^^^^^^^^
AttributeError: 'Member' object has no attribute 'timed_out_until'
Ignoring exception in on_member_update
Traceback (most recent call last):
  File "/usr/local/lib/python3.12/site-packages/discord/client.py", line 465, in _run_event
    await coro(*args, **kwargs)
  File "/app/asu_discord/cogs/analytics.py", line 652, in on_member_update
    before_timeout = before.timed_out_until
                     ^^^^^^^^^^^^^^^^^^^^^^
AttributeError: 'Member' object has no attribute 'timed_out_until'
Ignoring exception in on_member_update
Traceback (most recent call last):
  File "/usr/local/lib/python3.12/site-packages/discord/client.py", line 465, in _run_event
    await coro(*args, **kwargs)
  File "/app/asu_discord/cogs/analytics.py", line 652, in on_member_update
    before_timeout = before.timed_out_until
                     ^^^^^^^^^^^^^^^^^^^^^^
AttributeError: 'Member' object has no attribute 'timed_out_until'
Ignoring exception in on_member_update
Traceback (most recent call last):
  File "/usr/local/lib/python3.12/site-packages/discord/client.py", line 465, in _run_event
    await coro(*args, **kwargs)
  File "/app/asu_discord/cogs/analytics.py", line 652, in on_member_update
    before_timeout = before.timed_out_until
                     ^^^^^^^^^^^^^^^^^^^^^^
AttributeError: 'Member' object has no attribute 'timed_out_until'
Ignoring exception in on_member_update
Traceback (most recent call last):
  File "/usr/local/lib/python3.12/site-packages/discord/client.py", line 465, in _run_event
    await coro(*args, **kwargs)
  File "/app/asu_discord/cogs/analytics.py", line 652, in on_member_update
    before_timeout = before.timed_out_until
                     ^^^^^^^^^^^^^^^^^^^^^^
AttributeError: 'Member' object has no attribute 'timed_out_until'
INFO:asu_discord.cogs.verification:Saved 6 roles to database for user dbaker51 (Discord ID: 356317918881120258)
INFO:asu_discord.cogs.verification:Refreshed Salesforce roles for Discord user 356317918881120258: -5/+6 roles, assigned=[Arizona Resident, Commited, First Year, Ira A. Fulton Schools of Engineering, Tempe, Upperclassmen]
Ignoring exception in on_member_update
Traceback (most recent call last):
  File "/usr/local/lib/python3.12/site-packages/discord/client.py", line 465, in _run_event
    await coro(*args, **kwargs)
  File "/app/asu_discord/cogs/analytics.py", line 652, in on_member_update
    before_timeout = before.timed_out_until
                     ^^^^^^^^^^^^^^^^^^^^^^
AttributeError: 'Member' object has no attribute 'timed_out_until'
Ignoring exception in on_member_update
Traceback (most recent call last):
  File "/usr/local/lib/python3.12/site-packages/discord/client.py", line 465, in _run_event
    await coro(*args, **kwargs)
  File "/app/asu_discord/cogs/analytics.py", line 652, in on_member_update
    before_timeout = before.timed_out_until
                     ^^^^^^^^^^^^^^^^^^^^^^
AttributeError: 'Member' object has no attribute 'timed_out_until'
Ignoring exception in on_member_update
Traceback (most recent call last):
  File "/usr/local/lib/python3.12/site-packages/discord/client.py", line 465, in _run_event
    await coro(*args, **kwargs)
  File "/app/asu_discord/cogs/analytics.py", line 652, in on_member_update
    before_timeout = before.timed_out_until
                     ^^^^^^^^^^^^^^^^^^^^^^
AttributeError: 'Member' object has no attribute 'timed_out_until'
Ignoring exception in on_member_update
Traceback (most recent call last):
  File "/usr/local/lib/python3.12/site-packages/discord/client.py", line 465, in _run_event
    await coro(*args, **kwargs)
  File "/app/asu_discord/cogs/analytics.py", line 652, in on_member_update
    before_timeout = before.timed_out_until
                     ^^^^^^^^^^^^^^^^^^^^^^
AttributeError: 'Member' object has no attribute 'timed_out_until'
Ignoring exception in on_member_update
Traceback (most recent call last):
  File "/usr/local/lib/python3.12/site-packages/discord/client.py", line 465, in _run_event
    await coro(*args, **kwargs)
  File "/app/asu_discord/cogs/analytics.py", line 652, in on_member_update
    before_timeout = before.timed_out_until
                     ^^^^^^^^^^^^^^^^^^^^^^
AttributeError: 'Member' object has no attribute 'timed_out_until'
Ignoring exception in on_member_update
Traceback (most recent call last):
  File "/usr/local/lib/python3.12/site-packages/discord/client.py", line 465, in _run_event
    await coro(*args, **kwargs)
  File "/app/asu_discord/cogs/analytics.py", line 652, in on_member_update
    before_timeout = before.timed_out_until
                     ^^^^^^^^^^^^^^^^^^^^^^
AttributeError: 'Member' object has no attribute 'timed_out_until'
Ignoring exception in on_member_update
Traceback (most recent call last):
  File "/usr/local/lib/python3.12/site-packages/discord/client.py", line 465, in _run_event
    await coro(*args, **kwargs)
  File "/app/asu_discord/cogs/analytics.py", line 652, in on_member_update
    before_timeout = before.timed_out_until
                     ^^^^^^^^^^^^^^^^^^^^^^
AttributeError: 'Member' object has no attribute 'timed_out_until'
Ignoring exception in on_member_update
Traceback (most recent call last):
  File "/usr/local/lib/python3.12/site-packages/discord/client.py", line 465, in _run_event
    await coro(*args, **kwargs)
  File "/app/asu_discord/cogs/analytics.py", line 652, in on_member_update
    before_timeout = before.timed_out_until
                     ^^^^^^^^^^^^^^^^^^^^^^
AttributeError: 'Member' object has no attribute 'timed_out_until'
Ignoring exception in on_member_update
Traceback (most recent call last):
  File "/usr/local/lib/python3.12/site-packages/discord/client.py", line 465, in _run_event
    await coro(*args, **kwargs)
  File "/app/asu_discord/cogs/analytics.py", line 652, in on_member_update
    before_timeout = before.timed_out_until
                     ^^^^^^^^^^^^^^^^^^^^^^
AttributeError: 'Member' object has no attribute 'timed_out_until'
Ignoring exception in on_member_update
Traceback (most recent call last):
  File "/usr/local/lib/python3.12/site-packages/discord/client.py", line 465, in _run_event
    await coro(*args, **kwargs)
  File "/app/asu_discord/cogs/analytics.py", line 652, in on_member_update
    before_timeout = before.timed_out_until
                     ^^^^^^^^^^^^^^^^^^^^^^
AttributeError: 'Member' object has no attribute 'timed_out_until'
INFO:asu_discord.cogs.verification:Saved 5 roles to database for user gcolson3 (Discord ID: 967600368643104778)
INFO:asu_discord.cogs.verification:Refreshed Salesforce roles for Discord user 967600368643104778: -5/+5 roles, assigned=[Commited, First Year, Out of State, Polytechnic, W.P. Carey School of Business]
ERROR:cron.jobs:refresh_salesforce_roles: failed for acdemarc (Discord ID 1498539246313672705): Failed to refresh Salesforce-based roles: Discord user 1498539246313672705 is not a member of the guild
Ignoring exception in on_member_update
Traceback (most recent call last):
  File "/usr/local/lib/python3.12/site-packages/discord/client.py", line 465, in _run_event
    await coro(*args, **kwargs)
  File "/app/asu_discord/cogs/analytics.py", line 652, in on_member_update
    before_timeout = before.timed_out_until
                     ^^^^^^^^^^^^^^^^^^^^^^
AttributeError: 'Member' object has no attribute 'timed_out_until'
Ignoring exception in on_member_update
Traceback (most recent call last):
  File "/usr/local/lib/python3.12/site-packages/discord/client.py", line 465, in _run_event
    await coro(*args, **kwargs)
  File "/app/asu_discord/cogs/analytics.py", line 652, in on_member_update
    before_timeout = before.timed_out_until
                     ^^^^^^^^^^^^^^^^^^^^^^
AttributeError: 'Member' object has no attribute 'timed_out_until'
Ignoring exception in on_member_update
Traceback (most recent call last):
  File "/usr/local/lib/python3.12/site-packages/discord/client.py", line 465, in _run_event
    await coro(*args, **kwargs)
  File "/app/asu_discord/cogs/analytics.py", line 652, in on_member_update
    before_timeout = before.timed_out_until
                     ^^^^^^^^^^^^^^^^^^^^^^
AttributeError: 'Member' object has no attribute 'timed_out_until'
Ignoring exception in on_member_update
Traceback (most recent call last):
  File "/usr/local/lib/python3.12/site-packages/discord/client.py", line 465, in _run_event
    await coro(*args, **kwargs)
  File "/app/asu_discord/cogs/analytics.py", line 652, in on_member_update
    before_timeout = before.timed_out_until
                     ^^^^^^^^^^^^^^^^^^^^^^
AttributeError: 'Member' object has no attribute 'timed_out_until'
Ignoring exception in on_member_update
Traceback (most recent call last):
  File "/usr/local/lib/python3.12/site-packages/discord/client.py", line 465, in _run_event
    await coro(*args, **kwargs)
  File "/app/asu_discord/cogs/analytics.py", line 652, in on_member_update
    before_timeout = before.timed_out_until
                     ^^^^^^^^^^^^^^^^^^^^^^
AttributeError: 'Member' object has no attribute 'timed_out_until'
Ignoring exception in on_member_update
Traceback (most recent call last):
  File "/usr/local/lib/python3.12/site-packages/discord/client.py", line 465, in _run_event
    await coro(*args, **kwargs)
  File "/app/asu_discord/cogs/analytics.py", line 652, in on_member_update
    before_timeout = before.timed_out_until
                     ^^^^^^^^^^^^^^^^^^^^^^
AttributeError: 'Member' object has no attribute 'timed_out_until'
Ignoring exception in on_member_update
Traceback (most recent call last):
  File "/usr/local/lib/python3.12/site-packages/discord/client.py", line 465, in _run_event
    await coro(*args, **kwargs)
  File "/app/asu_discord/cogs/analytics.py", line 652, in on_member_update
    before_timeout = before.timed_out_until
                     ^^^^^^^^^^^^^^^^^^^^^^
AttributeError: 'Member' object has no attribute 'timed_out_until'
Ignoring exception in on_member_update
Traceback (most recent call last):
  File "/usr/local/lib/python3.12/site-packages/discord/client.py", line 465, in _run_event
    await coro(*args, **kwargs)
  File "/app/asu_discord/cogs/analytics.py", line 652, in on_member_update
    before_timeout = before.timed_out_until
                     ^^^^^^^^^^^^^^^^^^^^^^
AttributeError: 'Member' object has no attribute 'timed_out_until'
Ignoring exception in on_member_update
Traceback (most recent call last):
  File "/usr/local/lib/python3.12/site-packages/discord/client.py", line 465, in _run_event
    await coro(*args, **kwargs)
  File "/app/asu_discord/cogs/analytics.py", line 652, in on_member_update
    before_timeout = before.timed_out_until
                     ^^^^^^^^^^^^^^^^^^^^^^
AttributeError: 'Member' object has no attribute 'timed_out_until'
Ignoring exception in on_member_update
Traceback (most recent call last):
  File "/usr/local/lib/python3.12/site-packages/discord/client.py", line 465, in _run_event
    await coro(*args, **kwargs)
  File "/app/asu_discord/cogs/analytics.py", line 652, in on_member_update
    before_timeout = before.timed_out_until
                     ^^^^^^^^^^^^^^^^^^^^^^
AttributeError: 'Member' object has no attribute 'timed_out_until'
INFO:asu_discord.cogs.verification:Saved 5 roles to database for user kiranlu (Discord ID: 766348535678631947)
INFO:asu_discord.cogs.verification:Refreshed Salesforce roles for Discord user 766348535678631947: -5/+5 roles, assigned=[Arizona Resident, Commited, First Year, Tempe, W.P. Carey School of Business]
Ignoring exception in on_member_update
Traceback (most recent call last):
  File "/usr/local/lib/python3.12/site-packages/discord/client.py", line 465, in _run_event
    await coro(*args, **kwargs)
  File "/app/asu_discord/cogs/analytics.py", line 652, in on_member_update
    before_timeout = before.timed_out_until
                     ^^^^^^^^^^^^^^^^^^^^^^
AttributeError: 'Member' object has no attribute 'timed_out_until'
Ignoring exception in on_member_update
Traceback (most recent call last):
  File "/usr/local/lib/python3.12/site-packages/discord/client.py", line 465, in _run_event
    await coro(*args, **kwargs)
  File "/app/asu_discord/cogs/analytics.py", line 652, in on_member_update
    before_timeout = before.timed_out_until
                     ^^^^^^^^^^^^^^^^^^^^^^
AttributeError: 'Member' object has no attribute 'timed_out_until'
Ignoring exception in on_member_update
Traceback (most recent call last):
  File "/usr/local/lib/python3.12/site-packages/discord/client.py", line 465, in _run_event
    await coro(*args, **kwargs)
  File "/app/asu_discord/cogs/analytics.py", line 652, in on_member_update
    before_timeout = before.timed_out_until
                     ^^^^^^^^^^^^^^^^^^^^^^
AttributeError: 'Member' object has no attribute 'timed_out_until'
Ignoring exception in on_member_update
Traceback (most recent call last):
  File "/usr/local/lib/python3.12/site-packages/discord/client.py", line 465, in _run_event
    await coro(*args, **kwargs)
  File "/app/asu_discord/cogs/analytics.py", line 652, in on_member_update
    before_timeout = before.timed_out_until
                     ^^^^^^^^^^^^^^^^^^^^^^
AttributeError: 'Member' object has no attribute 'timed_out_until'
INFO:asu_discord.cogs.verification:Saved 1 roles to database for user samole (Discord ID: 700821510298009731)
INFO:asu_discord.cogs.verification:Refreshed Salesforce roles for Discord user 700821510298009731: -1/+1 roles, assigned=[Arizona Resident]
Ignoring exception in on_member_update
Traceback (most recent call last):
  File "/usr/local/lib/python3.12/site-packages/discord/client.py", line 465, in _run_event
    await coro(*args, **kwargs)
  File "/app/asu_discord/cogs/analytics.py", line 652, in on_member_update
    before_timeout = before.timed_out_until
                     ^^^^^^^^^^^^^^^^^^^^^^
AttributeError: 'Member' object has no attribute 'timed_out_until'
Ignoring exception in on_member_update
Traceback (most recent call last):
  File "/usr/local/lib/python3.12/site-packages/discord/client.py", line 465, in _run_event
    await coro(*args, **kwargs)
  File "/app/asu_discord/cogs/analytics.py", line 652, in on_member_update
    before_timeout = before.timed_out_until
                     ^^^^^^^^^^^^^^^^^^^^^^
AttributeError: 'Member' object has no attribute 'timed_out_until'
Ignoring exception in on_member_update
Traceback (most recent call last):
  File "/usr/local/lib/python3.12/site-packages/discord/client.py", line 465, in _run_event
    await coro(*args, **kwargs)
  File "/app/asu_discord/cogs/analytics.py", line 652, in on_member_update
    before_timeout = before.timed_out_until
                     ^^^^^^^^^^^^^^^^^^^^^^
AttributeError: 'Member' object has no attribute 'timed_out_until'
Ignoring exception in on_member_update
Traceback (most recent call last):
  File "/usr/local/lib/python3.12/site-packages/discord/client.py", line 465, in _run_event
    await coro(*args, **kwargs)
  File "/app/asu_discord/cogs/analytics.py", line 652, in on_member_update
    before_timeout = before.timed_out_until
                     ^^^^^^^^^^^^^^^^^^^^^^
AttributeError: 'Member' object has no attribute 'timed_out_until'
Ignoring exception in on_member_update
Traceback (most recent call last):
  File "/usr/local/lib/python3.12/site-packages/discord/client.py", line 465, in _run_event
    await coro(*args, **kwargs)
  File "/app/asu_discord/cogs/analytics.py", line 652, in on_member_update
    before_timeout = before.timed_out_until
                     ^^^^^^^^^^^^^^^^^^^^^^
AttributeError: 'Member' object has no attribute 'timed_out_until'
Ignoring exception in on_member_update
Traceback (most recent call last):
  File "/usr/local/lib/python3.12/site-packages/discord/client.py", line 465, in _run_event
    await coro(*args, **kwargs)
  File "/app/asu_discord/cogs/analytics.py", line 652, in on_member_update
    before_timeout = before.timed_out_until
                     ^^^^^^^^^^^^^^^^^^^^^^
AttributeError: 'Member' object has no attribute 'timed_out_until'
Ignoring exception in on_member_update
Traceback (most recent call last):
  File "/usr/local/lib/python3.12/site-packages/discord/client.py", line 465, in _run_event
    await coro(*args, **kwargs)
  File "/app/asu_discord/cogs/analytics.py", line 652, in on_member_update
    before_timeout = before.timed_out_until
                     ^^^^^^^^^^^^^^^^^^^^^^
AttributeError: 'Member' object has no attribute 'timed_out_until'
Ignoring exception in on_member_update
Traceback (most recent call last):
  File "/usr/local/lib/python3.12/site-packages/discord/client.py", line 465, in _run_event
    await coro(*args, **kwargs)
  File "/app/asu_discord/cogs/analytics.py", line 652, in on_member_update
    before_timeout = before.timed_out_until
                     ^^^^^^^^^^^^^^^^^^^^^^
AttributeError: 'Member' object has no attribute 'timed_out_until'
Ignoring exception in on_member_update
Traceback (most recent call last):
  File "/usr/local/lib/python3.12/site-packages/discord/client.py", line 465, in _run_event
    await coro(*args, **kwargs)
  File "/app/asu_discord/cogs/analytics.py", line 652, in on_member_update
    before_timeout = before.timed_out_until
                     ^^^^^^^^^^^^^^^^^^^^^^
AttributeError: 'Member' object has no attribute 'timed_out_until'
Ignoring exception in on_member_update
Traceback (most recent call last):
  File "/usr/local/lib/python3.12/site-packages/discord/client.py", line 465, in _run_event
    await coro(*args, **kwargs)
  File "/app/asu_discord/cogs/analytics.py", line 652, in on_member_update
    before_timeout = before.timed_out_until
                     ^^^^^^^^^^^^^^^^^^^^^^
AttributeError: 'Member' object has no attribute 'timed_out_until'
INFO:asu_discord.cogs.verification:Saved 5 roles to database for user eradke1 (Discord ID: 1486905995564159132)
INFO:asu_discord.cogs.verification:Refreshed Salesforce roles for Discord user 1486905995564159132: -5/+5 roles, assigned=[Commited, First Year, Out of State, Tempe, W.P. Carey School of Business]
Ignoring exception in on_member_update
Traceback (most recent call last):
  File "/usr/local/lib/python3.12/site-packages/discord/client.py", line 465, in _run_event
    await coro(*args, **kwargs)
  File "/app/asu_discord/cogs/analytics.py", line 652, in on_member_update
    before_timeout = before.timed_out_until
                     ^^^^^^^^^^^^^^^^^^^^^^
AttributeError: 'Member' object has no attribute 'timed_out_until'
Ignoring exception in on_member_update
Traceback (most recent call last):
  File "/usr/local/lib/python3.12/site-packages/discord/client.py", line 465, in _run_event
    await coro(*args, **kwargs)
  File "/app/asu_discord/cogs/analytics.py", line 652, in on_member_update
    before_timeout = before.timed_out_until
                     ^^^^^^^^^^^^^^^^^^^^^^
AttributeError: 'Member' object has no attribute 'timed_out_until'
Ignoring exception in on_member_update
Traceback (most recent call last):
  File "/usr/local/lib/python3.12/site-packages/discord/client.py", line 465, in _run_event
    await coro(*args, **kwargs)
  File "/app/asu_discord/cogs/analytics.py", line 652, in on_member_update
    before_timeout = before.timed_out_until
                     ^^^^^^^^^^^^^^^^^^^^^^
AttributeError: 'Member' object has no attribute 'timed_out_until'
Ignoring exception in on_member_update
Traceback (most recent call last):
  File "/usr/local/lib/python3.12/site-packages/discord/client.py", line 465, in _run_event
    await coro(*args, **kwargs)
  File "/app/asu_discord/cogs/analytics.py", line 652, in on_member_update
    before_timeout = before.timed_out_until
                     ^^^^^^^^^^^^^^^^^^^^^^
AttributeError: 'Member' object has no attribute 'timed_out_until'
Ignoring exception in on_member_update
Traceback (most recent call last):
  File "/usr/local/lib/python3.12/site-packages/discord/client.py", line 465, in _run_event
    await coro(*args, **kwargs)
  File "/app/asu_discord/cogs/analytics.py", line 652, in on_member_update
    before_timeout = before.timed_out_until
                     ^^^^^^^^^^^^^^^^^^^^^^
AttributeError: 'Member' object has no attribute 'timed_out_until'
Ignoring exception in on_member_update
Traceback (most recent call last):
  File "/usr/local/lib/python3.12/site-packages/discord/client.py", line 465, in _run_event
    await coro(*args, **kwargs)
  File "/app/asu_discord/cogs/analytics.py", line 652, in on_member_update
    before_timeout = before.timed_out_until
                     ^^^^^^^^^^^^^^^^^^^^^^
AttributeError: 'Member' object has no attribute 'timed_out_until'
Ignoring exception in on_member_update
Traceback (most recent call last):
  File "/usr/local/lib/python3.12/site-packages/discord/client.py", line 465, in _run_event
    await coro(*args, **kwargs)
  File "/app/asu_discord/cogs/analytics.py", line 652, in on_member_update
    before_timeout = before.timed_out_until
                     ^^^^^^^^^^^^^^^^^^^^^^
AttributeError: 'Member' object has no attribute 'timed_out_until'
Ignoring exception in on_member_update
Traceback (most recent call last):
  File "/usr/local/lib/python3.12/site-packages/discord/client.py", line 465, in _run_event
    await coro(*args, **kwargs)
  File "/app/asu_discord/cogs/analytics.py", line 652, in on_member_update
    before_timeout = before.timed_out_until
                     ^^^^^^^^^^^^^^^^^^^^^^
AttributeError: 'Member' object has no attribute 'timed_out_until'
INFO:asu_discord.cogs.verification:Saved 4 roles to database for user jmurunga (Discord ID: 720565286075367487)
INFO:asu_discord.cogs.verification:Refreshed Salesforce roles for Discord user 720565286075367487: -4/+4 roles, assigned=[Commited, First Year, Ira A. Fulton Schools of Engineering, Tempe]
Ignoring exception in on_member_update
Traceback (most recent call last):
  File "/usr/local/lib/python3.12/site-packages/discord/client.py", line 465, in _run_event
    await coro(*args, **kwargs)
  File "/app/asu_discord/cogs/analytics.py", line 652, in on_member_update
    before_timeout = before.timed_out_until
                     ^^^^^^^^^^^^^^^^^^^^^^
AttributeError: 'Member' object has no attribute 'timed_out_until'
Ignoring exception in on_member_update
Traceback (most recent call last):
  File "/usr/local/lib/python3.12/site-packages/discord/client.py", line 465, in _run_event
    await coro(*args, **kwargs)
  File "/app/asu_discord/cogs/analytics.py", line 652, in on_member_update
    before_timeout = before.timed_out_until
                     ^^^^^^^^^^^^^^^^^^^^^^
AttributeError: 'Member' object has no attribute 'timed_out_until'
Ignoring exception in on_member_update
Traceback (most recent call last):
  File "/usr/local/lib/python3.12/site-packages/discord/client.py", line 465, in _run_event
    await coro(*args, **kwargs)
  File "/app/asu_discord/cogs/analytics.py", line 652, in on_member_update
    before_timeout = before.timed_out_until
                     ^^^^^^^^^^^^^^^^^^^^^^
AttributeError: 'Member' object has no attribute 'timed_out_until'
Ignoring exception in on_member_update
Traceback (most recent call last):
  File "/usr/local/lib/python3.12/site-packages/discord/client.py", line 465, in _run_event
    await coro(*args, **kwargs)
  File "/app/asu_discord/cogs/analytics.py", line 652, in on_member_update
    before_timeout = before.timed_out_until
                     ^^^^^^^^^^^^^^^^^^^^^^
AttributeError: 'Member' object has no attribute 'timed_out_until'
Ignoring exception in on_member_update
Traceback (most recent call last):
  File "/usr/local/lib/python3.12/site-packages/discord/client.py", line 465, in _run_event
    await coro(*args, **kwargs)
  File "/app/asu_discord/cogs/analytics.py", line 652, in on_member_update
    before_timeout = before.timed_out_until
                     ^^^^^^^^^^^^^^^^^^^^^^
AttributeError: 'Member' object has no attribute 'timed_out_until'
Ignoring exception in on_member_update
Traceback (most recent call last):
  File "/usr/local/lib/python3.12/site-packages/discord/client.py", line 465, in _run_event
    await coro(*args, **kwargs)
  File "/app/asu_discord/cogs/analytics.py", line 652, in on_member_update
    before_timeout = before.timed_out_until
                     ^^^^^^^^^^^^^^^^^^^^^^
AttributeError: 'Member' object has no attribute 'timed_out_until'
Ignoring exception in on_member_update
Traceback (most recent call last):
  File "/usr/local/lib/python3.12/site-packages/discord/client.py", line 465, in _run_event
    await coro(*args, **kwargs)
  File "/app/asu_discord/cogs/analytics.py", line 652, in on_member_update
    before_timeout = before.timed_out_until
                     ^^^^^^^^^^^^^^^^^^^^^^
AttributeError: 'Member' object has no attribute 'timed_out_until'
Ignoring exception in on_member_update
Traceback (most recent call last):
  File "/usr/local/lib/python3.12/site-packages/discord/client.py", line 465, in _run_event
    await coro(*args, **kwargs)
  File "/app/asu_discord/cogs/analytics.py", line 652, in on_member_update
    before_timeout = before.timed_out_until
                     ^^^^^^^^^^^^^^^^^^^^^^
AttributeError: 'Member' object has no attribute 'timed_out_until'
Ignoring exception in on_member_update
Traceback (most recent call last):
  File "/usr/local/lib/python3.12/site-packages/discord/client.py", line 465, in _run_event
    await coro(*args, **kwargs)
  File "/app/asu_discord/cogs/analytics.py", line 652, in on_member_update
    before_timeout = before.timed_out_until
                     ^^^^^^^^^^^^^^^^^^^^^^
AttributeError: 'Member' object has no attribute 'timed_out_until'
Ignoring exception in on_member_update
Traceback (most recent call last):
  File "/usr/local/lib/python3.12/site-packages/discord/client.py", line 465, in _run_event
    await coro(*args, **kwargs)
  File "/app/asu_discord/cogs/analytics.py", line 652, in on_member_update
    before_timeout = before.timed_out_until
                     ^^^^^^^^^^^^^^^^^^^^^^
AttributeError: 'Member' object has no attribute 'timed_out_until'
INFO:asu_discord.cogs.verification:Saved 5 roles to database for user cbaca125 (Discord ID: 819992449136066581)
INFO:asu_discord.cogs.verification:Refreshed Salesforce roles for Discord user 819992449136066581: -5/+5 roles, assigned=[Commited, First Year, Ira A. Fulton Schools of Engineering, Out of State, Tempe]
Ignoring exception in on_member_update
Traceback (most recent call last):
  File "/usr/local/lib/python3.12/site-packages/discord/client.py", line 465, in _run_event
    await coro(*args, **kwargs)
  File "/app/asu_discord/cogs/analytics.py", line 652, in on_member_update
    before_timeout = before.timed_out_until
                     ^^^^^^^^^^^^^^^^^^^^^^
AttributeError: 'Member' object has no attribute 'timed_out_until'
Ignoring exception in on_member_update
Traceback (most recent call last):
  File "/usr/local/lib/python3.12/site-packages/discord/client.py", line 465, in _run_event
    await coro(*args, **kwargs)
  File "/app/asu_discord/cogs/analytics.py", line 652, in on_member_update
    before_timeout = before.timed_out_until
                     ^^^^^^^^^^^^^^^^^^^^^^
AttributeError: 'Member' object has no attribute 'timed_out_until'
Ignoring exception in on_member_update
Traceback (most recent call last):
  File "/usr/local/lib/python3.12/site-packages/discord/client.py", line 465, in _run_event
    await coro(*args, **kwargs)
  File "/app/asu_discord/cogs/analytics.py", line 652, in on_member_update
    before_timeout = before.timed_out_until
                     ^^^^^^^^^^^^^^^^^^^^^^
AttributeError: 'Member' object has no attribute 'timed_out_until'
Ignoring exception in on_member_update
Traceback (most recent call last):
  File "/usr/local/lib/python3.12/site-packages/discord/client.py", line 465, in _run_event
    await coro(*args, **kwargs)
  File "/app/asu_discord/cogs/analytics.py", line 652, in on_member_update
    before_timeout = before.timed_out_until
                     ^^^^^^^^^^^^^^^^^^^^^^
AttributeError: 'Member' object has no attribute 'timed_out_until'
Ignoring exception in on_member_update
Traceback (most recent call last):
  File "/usr/local/lib/python3.12/site-packages/discord/client.py", line 465, in _run_event
    await coro(*args, **kwargs)
  File "/app/asu_discord/cogs/analytics.py", line 652, in on_member_update
    before_timeout = before.timed_out_until
                     ^^^^^^^^^^^^^^^^^^^^^^
AttributeError: 'Member' object has no attribute 'timed_out_until'
Ignoring exception in on_member_update
Traceback (most recent call last):
  File "/usr/local/lib/python3.12/site-packages/discord/client.py", line 465, in _run_event
    await coro(*args, **kwargs)
  File "/app/asu_discord/cogs/analytics.py", line 652, in on_member_update
    before_timeout = before.timed_out_until
                     ^^^^^^^^^^^^^^^^^^^^^^
AttributeError: 'Member' object has no attribute 'timed_out_until'
Ignoring exception in on_member_update
Traceback (most recent call last):
  File "/usr/local/lib/python3.12/site-packages/discord/client.py", line 465, in _run_event
    await coro(*args, **kwargs)
  File "/app/asu_discord/cogs/analytics.py", line 652, in on_member_update
    before_timeout = before.timed_out_until
                     ^^^^^^^^^^^^^^^^^^^^^^
AttributeError: 'Member' object has no attribute 'timed_out_until'
Ignoring exception in on_member_update
Traceback (most recent call last):
  File "/usr/local/lib/python3.12/site-packages/discord/client.py", line 465, in _run_event
    await coro(*args, **kwargs)
  File "/app/asu_discord/cogs/analytics.py", line 652, in on_member_update
    before_timeout = before.timed_out_until
                     ^^^^^^^^^^^^^^^^^^^^^^
AttributeError: 'Member' object has no attribute 'timed_out_until'
Ignoring exception in on_member_update
Traceback (most recent call last):
  File "/usr/local/lib/python3.12/site-packages/discord/client.py", line 465, in _run_event
    await coro(*args, **kwargs)
  File "/app/asu_discord/cogs/analytics.py", line 652, in on_member_update
    before_timeout = before.timed_out_until
                     ^^^^^^^^^^^^^^^^^^^^^^
AttributeError: 'Member' object has no attribute 'timed_out_until'
Ignoring exception in on_member_update
Traceback (most recent call last):
  File "/usr/local/lib/python3.12/site-packages/discord/client.py", line 465, in _run_event
    await coro(*args, **kwargs)
  File "/app/asu_discord/cogs/analytics.py", line 652, in on_member_update
    before_timeout = before.timed_out_until
                     ^^^^^^^^^^^^^^^^^^^^^^
AttributeError: 'Member' object has no attribute 'timed_out_until'
INFO:asu_discord.cogs.verification:Saved 5 roles to database for user dlloyd14 (Discord ID: 894344702407622726)
INFO:asu_discord.cogs.verification:Refreshed Salesforce roles for Discord user 894344702407622726: -5/+5 roles, assigned=[Arizona Resident, First Generation Student, First Year, Tempe, W.P. Carey School of Business]
Ignoring exception in on_member_update
Traceback (most recent call last):
  File "/usr/local/lib/python3.12/site-packages/discord/client.py", line 465, in _run_event
    await coro(*args, **kwargs)
  File "/app/asu_discord/cogs/analytics.py", line 652, in on_member_update
    before_timeout = before.timed_out_until
                     ^^^^^^^^^^^^^^^^^^^^^^
AttributeError: 'Member' object has no attribute 'timed_out_until'
Ignoring exception in on_member_update
Traceback (most recent call last):
  File "/usr/local/lib/python3.12/site-packages/discord/client.py", line 465, in _run_event
    await coro(*args, **kwargs)
  File "/app/asu_discord/cogs/analytics.py", line 652, in on_member_update
    before_timeout = before.timed_out_until
                     ^^^^^^^^^^^^^^^^^^^^^^
AttributeError: 'Member' object has no attribute 'timed_out_until'
Ignoring exception in on_member_update
Traceback (most recent call last):
  File "/usr/local/lib/python3.12/site-packages/discord/client.py", line 465, in _run_event
    await coro(*args, **kwargs)
  File "/app/asu_discord/cogs/analytics.py", line 652, in on_member_update
    before_timeout = before.timed_out_until
                     ^^^^^^^^^^^^^^^^^^^^^^
AttributeError: 'Member' object has no attribute 'timed_out_until'
Ignoring exception in on_member_update
Traceback (most recent call last):
  File "/usr/local/lib/python3.12/site-packages/discord/client.py", line 465, in _run_event
    await coro(*args, **kwargs)
  File "/app/asu_discord/cogs/analytics.py", line 652, in on_member_update
    before_timeout = before.timed_out_until
                     ^^^^^^^^^^^^^^^^^^^^^^
AttributeError: 'Member' object has no attribute 'timed_out_until'
Ignoring exception in on_member_update
Traceback (most recent call last):
  File "/usr/local/lib/python3.12/site-packages/discord/client.py", line 465, in _run_event
    await coro(*args, **kwargs)
  File "/app/asu_discord/cogs/analytics.py", line 652, in on_member_update
    before_timeout = before.timed_out_until
                     ^^^^^^^^^^^^^^^^^^^^^^
AttributeError: 'Member' object has no attribute 'timed_out_until'
Ignoring exception in on_member_update
Traceback (most recent call last):
  File "/usr/local/lib/python3.12/site-packages/discord/client.py", line 465, in _run_event
    await coro(*args, **kwargs)
  File "/app/asu_discord/cogs/analytics.py", line 652, in on_member_update
    before_timeout = before.timed_out_until
                     ^^^^^^^^^^^^^^^^^^^^^^
AttributeError: 'Member' object has no attribute 'timed_out_until'
Ignoring exception in on_member_update
Traceback (most recent call last):
  File "/usr/local/lib/python3.12/site-packages/discord/client.py", line 465, in _run_event
    await coro(*args, **kwargs)
  File "/app/asu_discord/cogs/analytics.py", line 652, in on_member_update
    before_timeout = before.timed_out_until
                     ^^^^^^^^^^^^^^^^^^^^^^
AttributeError: 'Member' object has no attribute 'timed_out_until'
Ignoring exception in on_member_update
Traceback (most recent call last):
  File "/usr/local/lib/python3.12/site-packages/discord/client.py", line 465, in _run_event
    await coro(*args, **kwargs)
  File "/app/asu_discord/cogs/analytics.py", line 652, in on_member_update
    before_timeout = before.timed_out_until
                     ^^^^^^^^^^^^^^^^^^^^^^
AttributeError: 'Member' object has no attribute 'timed_out_until'
Ignoring exception in on_member_update
Traceback (most recent call last):
  File "/usr/local/lib/python3.12/site-packages/discord/client.py", line 465, in _run_event
    await coro(*args, **kwargs)
  File "/app/asu_discord/cogs/analytics.py", line 652, in on_member_update
    before_timeout = before.timed_out_until
                     ^^^^^^^^^^^^^^^^^^^^^^
AttributeError: 'Member' object has no attribute 'timed_out_until'
Ignoring exception in on_member_update
Traceback (most recent call last):
  File "/usr/local/lib/python3.12/site-packages/discord/client.py", line 465, in _run_event
    await coro(*args, **kwargs)
  File "/app/asu_discord/cogs/analytics.py", line 652, in on_member_update
    before_timeout = before.timed_out_until
                     ^^^^^^^^^^^^^^^^^^^^^^
AttributeError: 'Member' object has no attribute 'timed_out_until'
INFO:asu_discord.cogs.verification:Saved 5 roles to database for user gifajard (Discord ID: 106651477094707200)
INFO:asu_discord.cogs.verification:Refreshed Salesforce roles for Discord user 106651477094707200: -5/+5 roles, assigned=[Arizona Resident, College of Liberal Arts and Sciences, Commited, Tempe, Transfer Student]
Ignoring exception in on_member_update
Traceback (most recent call last):
  File "/usr/local/lib/python3.12/site-packages/discord/client.py", line 465, in _run_event
    await coro(*args, **kwargs)
  File "/app/asu_discord/cogs/analytics.py", line 652, in on_member_update
    before_timeout = before.timed_out_until
                     ^^^^^^^^^^^^^^^^^^^^^^
AttributeError: 'Member' object has no attribute 'timed_out_until'
Ignoring exception in on_member_update
Traceback (most recent call last):
  File "/usr/local/lib/python3.12/site-packages/discord/client.py", line 465, in _run_event
    await coro(*args, **kwargs)
  File "/app/asu_discord/cogs/analytics.py", line 652, in on_member_update
    before_timeout = before.timed_out_until
                     ^^^^^^^^^^^^^^^^^^^^^^
AttributeError: 'Member' object has no attribute 'timed_out_until'
Ignoring exception in on_member_update
Traceback (most recent call last):
  File "/usr/local/lib/python3.12/site-packages/discord/client.py", line 465, in _run_event
    await coro(*args, **kwargs)
  File "/app/asu_discord/cogs/analytics.py", line 652, in on_member_update
    before_timeout = before.timed_out_until
                     ^^^^^^^^^^^^^^^^^^^^^^
AttributeError: 'Member' object has no attribute 'timed_out_until'
Ignoring exception in on_member_update
Traceback (most recent call last):
  File "/usr/local/lib/python3.12/site-packages/discord/client.py", line 465, in _run_event
    await coro(*args, **kwargs)
  File "/app/asu_discord/cogs/analytics.py", line 652, in on_member_update
    before_timeout = before.timed_out_until
                     ^^^^^^^^^^^^^^^^^^^^^^
AttributeError: 'Member' object has no attribute 'timed_out_until'
Ignoring exception in on_member_update
Traceback (most recent call last):
  File "/usr/local/lib/python3.12/site-packages/discord/client.py", line 465, in _run_event
    await coro(*args, **kwargs)
  File "/app/asu_discord/cogs/analytics.py", line 652, in on_member_update
    before_timeout = before.timed_out_until
                     ^^^^^^^^^^^^^^^^^^^^^^
AttributeError: 'Member' object has no attribute 'timed_out_until'
Ignoring exception in on_member_update
Traceback (most recent call last):
  File "/usr/local/lib/python3.12/site-packages/discord/client.py", line 465, in _run_event
    await coro(*args, **kwargs)
  File "/app/asu_discord/cogs/analytics.py", line 652, in on_member_update
    before_timeout = before.timed_out_until
                     ^^^^^^^^^^^^^^^^^^^^^^
AttributeError: 'Member' object has no attribute 'timed_out_until'
Ignoring exception in on_member_update
Traceback (most recent call last):
  File "/usr/local/lib/python3.12/site-packages/discord/client.py", line 465, in _run_event
    await coro(*args, **kwargs)
  File "/app/asu_discord/cogs/analytics.py", line 652, in on_member_update
    before_timeout = before.timed_out_until
                     ^^^^^^^^^^^^^^^^^^^^^^
AttributeError: 'Member' object has no attribute 'timed_out_until'
Ignoring exception in on_member_update
Traceback (most recent call last):
  File "/usr/local/lib/python3.12/site-packages/discord/client.py", line 465, in _run_event
    await coro(*args, **kwargs)
  File "/app/asu_discord/cogs/analytics.py", line 652, in on_member_update
    before_timeout = before.timed_out_until
                     ^^^^^^^^^^^^^^^^^^^^^^
AttributeError: 'Member' object has no attribute 'timed_out_until'
Ignoring exception in on_member_update
Traceback (most recent call last):
  File "/usr/local/lib/python3.12/site-packages/discord/client.py", line 465, in _run_event
    await coro(*args, **kwargs)
  File "/app/asu_discord/cogs/analytics.py", line 652, in on_member_update
    before_timeout = before.timed_out_until
                     ^^^^^^^^^^^^^^^^^^^^^^
AttributeError: 'Member' object has no attribute 'timed_out_until'
Ignoring exception in on_member_update
Traceback (most recent call last):
  File "/usr/local/lib/python3.12/site-packages/discord/client.py", line 465, in _run_event
    await coro(*args, **kwargs)
  File "/app/asu_discord/cogs/analytics.py", line 652, in on_member_update
    before_timeout = before.timed_out_until
                     ^^^^^^^^^^^^^^^^^^^^^^
AttributeError: 'Member' object has no attribute 'timed_out_until'
INFO:asu_discord.cogs.verification:Saved 5 roles to database for user iwahni (Discord ID: 1494182508596564139)
INFO:asu_discord.cogs.verification:Refreshed Salesforce roles for Discord user 1494182508596564139: -5/+5 roles, assigned=[Commited, Downtown Phoenix, Graduate Student, International Student, Thunderbird School of Global Management]
Ignoring exception in on_member_update
Traceback (most recent call last):
  File "/usr/local/lib/python3.12/site-packages/discord/client.py", line 465, in _run_event
    await coro(*args, **kwargs)
  File "/app/asu_discord/cogs/analytics.py", line 652, in on_member_update
    before_timeout = before.timed_out_until
                     ^^^^^^^^^^^^^^^^^^^^^^
AttributeError: 'Member' object has no attribute 'timed_out_until'
Ignoring exception in on_member_update
Traceback (most recent call last):
  File "/usr/local/lib/python3.12/site-packages/discord/client.py", line 465, in _run_event
    await coro(*args, **kwargs)
  File "/app/asu_discord/cogs/analytics.py", line 652, in on_member_update
    before_timeout = before.timed_out_until
                     ^^^^^^^^^^^^^^^^^^^^^^
AttributeError: 'Member' object has no attribute 'timed_out_until'
Ignoring exception in on_member_update
Traceback (most recent call last):
  File "/usr/local/lib/python3.12/site-packages/discord/client.py", line 465, in _run_event
    await coro(*args, **kwargs)
  File "/app/asu_discord/cogs/analytics.py", line 652, in on_member_update
    before_timeout = before.timed_out_until
                     ^^^^^^^^^^^^^^^^^^^^^^
AttributeError: 'Member' object has no attribute 'timed_out_until'
Ignoring exception in on_member_update
Traceback (most recent call last):
  File "/usr/local/lib/python3.12/site-packages/discord/client.py", line 465, in _run_event
    await coro(*args, **kwargs)
  File "/app/asu_discord/cogs/analytics.py", line 652, in on_member_update
    before_timeout = before.timed_out_until
                     ^^^^^^^^^^^^^^^^^^^^^^
AttributeError: 'Member' object has no attribute 'timed_out_until'
Ignoring exception in on_member_update
Traceback (most recent call last):
  File "/usr/local/lib/python3.12/site-packages/discord/client.py", line 465, in _run_event
    await coro(*args, **kwargs)
  File "/app/asu_discord/cogs/analytics.py", line 652, in on_member_update
    before_timeout = before.timed_out_until
                     ^^^^^^^^^^^^^^^^^^^^^^
AttributeError: 'Member' object has no attribute 'timed_out_until'
Ignoring exception in on_member_update
Traceback (most recent call last):
  File "/usr/local/lib/python3.12/site-packages/discord/client.py", line 465, in _run_event
    await coro(*args, **kwargs)
  File "/app/asu_discord/cogs/analytics.py", line 652, in on_member_update
    before_timeout = before.timed_out_until
                     ^^^^^^^^^^^^^^^^^^^^^^
AttributeError: 'Member' object has no attribute 'timed_out_until'
Ignoring exception in on_member_update
Traceback (most recent call last):
  File "/usr/local/lib/python3.12/site-packages/discord/client.py", line 465, in _run_event
    await coro(*args, **kwargs)
  File "/app/asu_discord/cogs/analytics.py", line 652, in on_member_update
    before_timeout = before.timed_out_until
                     ^^^^^^^^^^^^^^^^^^^^^^
AttributeError: 'Member' object has no attribute 'timed_out_until'
Ignoring exception in on_member_update
Traceback (most recent call last):
  File "/usr/local/lib/python3.12/site-packages/discord/client.py", line 465, in _run_event
    await coro(*args, **kwargs)
  File "/app/asu_discord/cogs/analytics.py", line 652, in on_member_update
    before_timeout = before.timed_out_until
                     ^^^^^^^^^^^^^^^^^^^^^^
AttributeError: 'Member' object has no attribute 'timed_out_until'
Ignoring exception in on_member_update
Traceback (most recent call last):
  File "/usr/local/lib/python3.12/site-packages/discord/client.py", line 465, in _run_event
    await coro(*args, **kwargs)
  File "/app/asu_discord/cogs/analytics.py", line 652, in on_member_update
    before_timeout = before.timed_out_until
                     ^^^^^^^^^^^^^^^^^^^^^^
AttributeError: 'Member' object has no attribute 'timed_out_until'
Ignoring exception in on_member_update
Traceback (most recent call last):
  File "/usr/local/lib/python3.12/site-packages/discord/client.py", line 465, in _run_event
    await coro(*args, **kwargs)
  File "/app/asu_discord/cogs/analytics.py", line 652, in on_member_update
    before_timeout = before.timed_out_until
                     ^^^^^^^^^^^^^^^^^^^^^^
AttributeError: 'Member' object has no attribute 'timed_out_until'
INFO:asu_discord.cogs.verification:Saved 5 roles to database for user ktagashi (Discord ID: 398641300343226368)
INFO:asu_discord.cogs.verification:Refreshed Salesforce roles for Discord user 398641300343226368: -5/+5 roles, assigned=[Arizona Resident, College of Liberal Arts and Sciences, First Generation Student, First Year, Tempe]
Ignoring exception in on_member_update
Traceback (most recent call last):
  File "/usr/local/lib/python3.12/site-packages/discord/client.py", line 465, in _run_event
    await coro(*args, **kwargs)
  File "/app/asu_discord/cogs/analytics.py", line 652, in on_member_update
    before_timeout = before.timed_out_until
                     ^^^^^^^^^^^^^^^^^^^^^^
AttributeError: 'Member' object has no attribute 'timed_out_until'
Ignoring exception in on_member_update
Traceback (most recent call last):
  File "/usr/local/lib/python3.12/site-packages/discord/client.py", line 465, in _run_event
    await coro(*args, **kwargs)
  File "/app/asu_discord/cogs/analytics.py", line 652, in on_member_update
    before_timeout = before.timed_out_until
                     ^^^^^^^^^^^^^^^^^^^^^^
AttributeError: 'Member' object has no attribute 'timed_out_until'
Ignoring exception in on_member_update
Traceback (most recent call last):
  File "/usr/local/lib/python3.12/site-packages/discord/client.py", line 465, in _run_event
    await coro(*args, **kwargs)
  File "/app/asu_discord/cogs/analytics.py", line 652, in on_member_update
    before_timeout = before.timed_out_until
                     ^^^^^^^^^^^^^^^^^^^^^^
AttributeError: 'Member' object has no attribute 'timed_out_until'
Ignoring exception in on_member_update
Traceback (most recent call last):
  File "/usr/local/lib/python3.12/site-packages/discord/client.py", line 465, in _run_event
    await coro(*args, **kwargs)
  File "/app/asu_discord/cogs/analytics.py", line 652, in on_member_update
    before_timeout = before.timed_out_until
                     ^^^^^^^^^^^^^^^^^^^^^^
AttributeError: 'Member' object has no attribute 'timed_out_until'
Ignoring exception in on_member_update
Traceback (most recent call last):
  File "/usr/local/lib/python3.12/site-packages/discord/client.py", line 465, in _run_event
    await coro(*args, **kwargs)
  File "/app/asu_discord/cogs/analytics.py", line 652, in on_member_update
    before_timeout = before.timed_out_until
                     ^^^^^^^^^^^^^^^^^^^^^^
AttributeError: 'Member' object has no attribute 'timed_out_until'
Ignoring exception in on_member_update
Traceback (most recent call last):
  File "/usr/local/lib/python3.12/site-packages/discord/client.py", line 465, in _run_event
    await coro(*args, **kwargs)
  File "/app/asu_discord/cogs/analytics.py", line 652, in on_member_update
    before_timeout = before.timed_out_until
                     ^^^^^^^^^^^^^^^^^^^^^^
AttributeError: 'Member' object has no attribute 'timed_out_until'
Ignoring exception in on_member_update
Traceback (most recent call last):
  File "/usr/local/lib/python3.12/site-packages/discord/client.py", line 465, in _run_event
    await coro(*args, **kwargs)
  File "/app/asu_discord/cogs/analytics.py", line 652, in on_member_update
    before_timeout = before.timed_out_until
                     ^^^^^^^^^^^^^^^^^^^^^^
AttributeError: 'Member' object has no attribute 'timed_out_until'
Ignoring exception in on_member_update
Traceback (most recent call last):
  File "/usr/local/lib/python3.12/site-packages/discord/client.py", line 465, in _run_event
    await coro(*args, **kwargs)
  File "/app/asu_discord/cogs/analytics.py", line 652, in on_member_update
    before_timeout = before.timed_out_until
                     ^^^^^^^^^^^^^^^^^^^^^^
AttributeError: 'Member' object has no attribute 'timed_out_until'
Ignoring exception in on_member_update
Traceback (most recent call last):
  File "/usr/local/lib/python3.12/site-packages/discord/client.py", line 465, in _run_event
    await coro(*args, **kwargs)
  File "/app/asu_discord/cogs/analytics.py", line 652, in on_member_update
    before_timeout = before.timed_out_until
                     ^^^^^^^^^^^^^^^^^^^^^^
AttributeError: 'Member' object has no attribute 'timed_out_until'
Ignoring exception in on_member_update
Traceback (most recent call last):
  File "/usr/local/lib/python3.12/site-packages/discord/client.py", line 465, in _run_event
    await coro(*args, **kwargs)
  File "/app/asu_discord/cogs/analytics.py", line 652, in on_member_update
    before_timeout = before.timed_out_until
                     ^^^^^^^^^^^^^^^^^^^^^^
AttributeError: 'Member' object has no attribute 'timed_out_until'
ERROR:cron.jobs:refresh_salesforce_roles: failed for gceliku (Discord ID 803763385992085554): Timed out refresh Salesforce-based roles
Ignoring exception in on_member_update
Traceback (most recent call last):
  File "/usr/local/lib/python3.12/site-packages/discord/client.py", line 465, in _run_event
    await coro(*args, **kwargs)
  File "/app/asu_discord/cogs/analytics.py", line 652, in on_member_update
    before_timeout = before.timed_out_until
                     ^^^^^^^^^^^^^^^^^^^^^^
AttributeError: 'Member' object has no attribute 'timed_out_until'
Ignoring exception in on_member_update
Traceback (most recent call last):
  File "/usr/local/lib/python3.12/site-packages/discord/client.py", line 465, in _run_event
    await coro(*args, **kwargs)
  File "/app/asu_discord/cogs/analytics.py", line 652, in on_member_update
    before_timeout = before.timed_out_until
                     ^^^^^^^^^^^^^^^^^^^^^^
AttributeError: 'Member' object has no attribute 'timed_out_until'
Ignoring exception in on_member_update
Traceback (most recent call last):
  File "/usr/local/lib/python3.12/site-packages/discord/client.py", line 465, in _run_event
    await coro(*args, **kwargs)
  File "/app/asu_discord/cogs/analytics.py", line 652, in on_member_update
    before_timeout = before.timed_out_until
                     ^^^^^^^^^^^^^^^^^^^^^^
AttributeError: 'Member' object has no attribute 'timed_out_until'
Ignoring exception in on_member_update
Traceback (most recent call last):
  File "/usr/local/lib/python3.12/site-packages/discord/client.py", line 465, in _run_event
    await coro(*args, **kwargs)
  File "/app/asu_discord/cogs/analytics.py", line 652, in on_member_update
    before_timeout = before.timed_out_until
                     ^^^^^^^^^^^^^^^^^^^^^^
AttributeError: 'Member' object has no attribute 'timed_out_until'
Ignoring exception in on_member_update
Traceback (most recent call last):
  File "/usr/local/lib/python3.12/site-packages/discord/client.py", line 465, in _run_event
    await coro(*args, **kwargs)
  File "/app/asu_discord/cogs/analytics.py", line 652, in on_member_update
    before_timeout = before.timed_out_until
                     ^^^^^^^^^^^^^^^^^^^^^^
AttributeError: 'Member' object has no attribute 'timed_out_until'
Ignoring exception in on_member_update
Traceback (most recent call last):
  File "/usr/local/lib/python3.12/site-packages/discord/client.py", line 465, in _run_event
    await coro(*args, **kwargs)
  File "/app/asu_discord/cogs/analytics.py", line 652, in on_member_update
    before_timeout = before.timed_out_until
                     ^^^^^^^^^^^^^^^^^^^^^^
AttributeError: 'Member' object has no attribute 'timed_out_until'
Ignoring exception in on_member_update
Traceback (most recent call last):
  File "/usr/local/lib/python3.12/site-packages/discord/client.py", line 465, in _run_event
    await coro(*args, **kwargs)
  File "/app/asu_discord/cogs/analytics.py", line 652, in on_member_update
    before_timeout = before.timed_out_until
                     ^^^^^^^^^^^^^^^^^^^^^^
AttributeError: 'Member' object has no attribute 'timed_out_until'
Ignoring exception in on_member_update
Traceback (most recent call last):
  File "/usr/local/lib/python3.12/site-packages/discord/client.py", line 465, in _run_event
    await coro(*args, **kwargs)
  File "/app/asu_discord/cogs/analytics.py", line 652, in on_member_update
    before_timeout = before.timed_out_until
                     ^^^^^^^^^^^^^^^^^^^^^^
AttributeError: 'Member' object has no attribute 'timed_out_until'
Ignoring exception in on_member_update
Traceback (most recent call last):
  File "/usr/local/lib/python3.12/site-packages/discord/client.py", line 465, in _run_event
    await coro(*args, **kwargs)
  File "/app/asu_discord/cogs/analytics.py", line 652, in on_member_update
    before_timeout = before.timed_out_until
                     ^^^^^^^^^^^^^^^^^^^^^^
AttributeError: 'Member' object has no attribute 'timed_out_until'
Ignoring exception in on_member_update
Traceback (most recent call last):
  File "/usr/local/lib/python3.12/site-packages/discord/client.py", line 465, in _run_event
    await coro(*args, **kwargs)
  File "/app/asu_discord/cogs/analytics.py", line 652, in on_member_update
    before_timeout = before.timed_out_until
                     ^^^^^^^^^^^^^^^^^^^^^^
AttributeError: 'Member' object has no attribute 'timed_out_until'
ERROR:cron.jobs:refresh_salesforce_roles: failed for kjcalla3 (Discord ID 1498791644898787432): Timed out refresh Salesforce-based roles
Ignoring exception in on_member_update
Traceback (most recent call last):
  File "/usr/local/lib/python3.12/site-packages/discord/client.py", line 465, in _run_event
    await coro(*args, **kwargs)
  File "/app/asu_discord/cogs/analytics.py", line 652, in on_member_update
    before_timeout = before.timed_out_until
                     ^^^^^^^^^^^^^^^^^^^^^^
AttributeError: 'Member' object has no attribute 'timed_out_until'
Ignoring exception in on_member_update
Traceback (most recent call last):
  File "/usr/local/lib/python3.12/site-packages/discord/client.py", line 465, in _run_event
    await coro(*args, **kwargs)
  File "/app/asu_discord/cogs/analytics.py", line 652, in on_member_update
    before_timeout = before.timed_out_until
                     ^^^^^^^^^^^^^^^^^^^^^^
AttributeError: 'Member' object has no attribute 'timed_out_until'
Ignoring exception in on_member_update
Traceback (most recent call last):
  File "/usr/local/lib/python3.12/site-packages/discord/client.py", line 465, in _run_event
    await coro(*args, **kwargs)
  File "/app/asu_discord/cogs/analytics.py", line 652, in on_member_update
    before_timeout = before.timed_out_until
                     ^^^^^^^^^^^^^^^^^^^^^^
AttributeError: 'Member' object has no attribute 'timed_out_until'
Ignoring exception in on_member_update
Traceback (most recent call last):
  File "/usr/local/lib/python3.12/site-packages/discord/client.py", line 465, in _run_event
    await coro(*args, **kwargs)
  File "/app/asu_discord/cogs/analytics.py", line 652, in on_member_update
    before_timeout = before.timed_out_until
                     ^^^^^^^^^^^^^^^^^^^^^^
AttributeError: 'Member' object has no attribute 'timed_out_until'
Ignoring exception in on_member_update
Traceback (most recent call last):
  File "/usr/local/lib/python3.12/site-packages/discord/client.py", line 465, in _run_event
    await coro(*args, **kwargs)
  File "/app/asu_discord/cogs/analytics.py", line 652, in on_member_update
    before_timeout = before.timed_out_until
                     ^^^^^^^^^^^^^^^^^^^^^^
AttributeError: 'Member' object has no attribute 'timed_out_until'
Ignoring exception in on_member_update
Traceback (most recent call last):
  File "/usr/local/lib/python3.12/site-packages/discord/client.py", line 465, in _run_event
    await coro(*args, **kwargs)
  File "/app/asu_discord/cogs/analytics.py", line 652, in on_member_update
    before_timeout = before.timed_out_until
                     ^^^^^^^^^^^^^^^^^^^^^^
AttributeError: 'Member' object has no attribute 'timed_out_until'
Ignoring exception in on_member_update
Traceback (most recent call last):
  File "/usr/local/lib/python3.12/site-packages/discord/client.py", line 465, in _run_event
    await coro(*args, **kwargs)
  File "/app/asu_discord/cogs/analytics.py", line 652, in on_member_update
    before_timeout = before.timed_out_until
                     ^^^^^^^^^^^^^^^^^^^^^^
AttributeError: 'Member' object has no attribute 'timed_out_until'
Ignoring exception in on_member_update
Traceback (most recent call last):
  File "/usr/local/lib/python3.12/site-packages/discord/client.py", line 465, in _run_event
    await coro(*args, **kwargs)
  File "/app/asu_discord/cogs/analytics.py", line 652, in on_member_update
    before_timeout = before.timed_out_until
                     ^^^^^^^^^^^^^^^^^^^^^^
AttributeError: 'Member' object has no attribute 'timed_out_until'
Ignoring exception in on_member_update
Traceback (most recent call last):
  File "/usr/local/lib/python3.12/site-packages/discord/client.py", line 465, in _run_event
    await coro(*args, **kwargs)
  File "/app/asu_discord/cogs/analytics.py", line 652, in on_member_update
    before_timeout = before.timed_out_until
                     ^^^^^^^^^^^^^^^^^^^^^^
AttributeError: 'Member' object has no attribute 'timed_out_until'
Ignoring exception in on_member_update
Traceback (most recent call last):
  File "/usr/local/lib/python3.12/site-packages/discord/client.py", line 465, in _run_event
    await coro(*args, **kwargs)
  File "/app/asu_discord/cogs/analytics.py", line 652, in on_member_update
    before_timeout = before.timed_out_until
                     ^^^^^^^^^^^^^^^^^^^^^^
AttributeError: 'Member' object has no attribute 'timed_out_until'
INFO:asu_discord.cogs.verification:Saved 5 roles to database for user eplagge (Discord ID: 929545133484032012)
INFO:asu_discord.cogs.verification:Refreshed Salesforce roles for Discord user 929545133484032012: -5/+5 roles, assigned=[Commited, First Year, Out of State, Tempe, W.P. Carey School of Business]
Ignoring exception in on_member_update
Traceback (most recent call last):
  File "/usr/local/lib/python3.12/site-packages/discord/client.py", line 465, in _run_event
    await coro(*args, **kwargs)
  File "/app/asu_discord/cogs/analytics.py", line 652, in on_member_update
    before_timeout = before.timed_out_until
                     ^^^^^^^^^^^^^^^^^^^^^^
AttributeError: 'Member' object has no attribute 'timed_out_until'
Ignoring exception in on_member_update
Traceback (most recent call last):
  File "/usr/local/lib/python3.12/site-packages/discord/client.py", line 465, in _run_event
    await coro(*args, **kwargs)
  File "/app/asu_discord/cogs/analytics.py", line 652, in on_member_update
    before_timeout = before.timed_out_until
                     ^^^^^^^^^^^^^^^^^^^^^^
AttributeError: 'Member' object has no attribute 'timed_out_until'
Ignoring exception in on_member_update
Traceback (most recent call last):
  File "/usr/local/lib/python3.12/site-packages/discord/client.py", line 465, in _run_event
    await coro(*args, **kwargs)
  File "/app/asu_discord/cogs/analytics.py", line 652, in on_member_update
    before_timeout = before.timed_out_until
                     ^^^^^^^^^^^^^^^^^^^^^^
AttributeError: 'Member' object has no attribute 'timed_out_until'
Ignoring exception in on_member_update
Traceback (most recent call last):
  File "/usr/local/lib/python3.12/site-packages/discord/client.py", line 465, in _run_event
    await coro(*args, **kwargs)
  File "/app/asu_discord/cogs/analytics.py", line 652, in on_member_update
    before_timeout = before.timed_out_until
                     ^^^^^^^^^^^^^^^^^^^^^^
AttributeError: 'Member' object has no attribute 'timed_out_until'
Ignoring exception in on_member_update
Traceback (most recent call last):
  File "/usr/local/lib/python3.12/site-packages/discord/client.py", line 465, in _run_event
    await coro(*args, **kwargs)
  File "/app/asu_discord/cogs/analytics.py", line 652, in on_member_update
    before_timeout = before.timed_out_until
                     ^^^^^^^^^^^^^^^^^^^^^^
AttributeError: 'Member' object has no attribute 'timed_out_until'
Ignoring exception in on_member_update
Traceback (most recent call last):
  File "/usr/local/lib/python3.12/site-packages/discord/client.py", line 465, in _run_event
    await coro(*args, **kwargs)
  File "/app/asu_discord/cogs/analytics.py", line 652, in on_member_update
    before_timeout = before.timed_out_until
                     ^^^^^^^^^^^^^^^^^^^^^^
AttributeError: 'Member' object has no attribute 'timed_out_until'
Ignoring exception in on_member_update
Traceback (most recent call last):
  File "/usr/local/lib/python3.12/site-packages/discord/client.py", line 465, in _run_event
    await coro(*args, **kwargs)
  File "/app/asu_discord/cogs/analytics.py", line 652, in on_member_update
    before_timeout = before.timed_out_until
                     ^^^^^^^^^^^^^^^^^^^^^^
AttributeError: 'Member' object has no attribute 'timed_out_until'
Ignoring exception in on_member_update
Traceback (most recent call last):
  File "/usr/local/lib/python3.12/site-packages/discord/client.py", line 465, in _run_event
    await coro(*args, **kwargs)
  File "/app/asu_discord/cogs/analytics.py", line 652, in on_member_update
    before_timeout = before.timed_out_until
                     ^^^^^^^^^^^^^^^^^^^^^^
AttributeError: 'Member' object has no attribute 'timed_out_until'
Ignoring exception in on_member_update
Traceback (most recent call last):
  File "/usr/local/lib/python3.12/site-packages/discord/client.py", line 465, in _run_event
    await coro(*args, **kwargs)
  File "/app/asu_discord/cogs/analytics.py", line 652, in on_member_update
    before_timeout = before.timed_out_until
                     ^^^^^^^^^^^^^^^^^^^^^^
AttributeError: 'Member' object has no attribute 'timed_out_until'
Ignoring exception in on_member_update
Traceback (most recent call last):
  File "/usr/local/lib/python3.12/site-packages/discord/client.py", line 465, in _run_event
    await coro(*args, **kwargs)
  File "/app/asu_discord/cogs/analytics.py", line 652, in on_member_update
    before_timeout = before.timed_out_until
                     ^^^^^^^^^^^^^^^^^^^^^^
AttributeError: 'Member' object has no attribute 'timed_out_until'
INFO:asu_discord.cogs.verification:Saved 6 roles to database for user fholmes3 (Discord ID: 1377086552639016970)
INFO:asu_discord.cogs.verification:Refreshed Salesforce roles for Discord user 1377086552639016970: -4/+6 roles, assigned=[Commited, First Generation Student, Herberger Institute for Design and the Arts, Out of State, Tempe, Transfer Student]
Ignoring exception in on_member_update
Traceback (most recent call last):
  File "/usr/local/lib/python3.12/site-packages/discord/client.py", line 465, in _run_event
    await coro(*args, **kwargs)
  File "/app/asu_discord/cogs/analytics.py", line 652, in on_member_update
    before_timeout = before.timed_out_until
                     ^^^^^^^^^^^^^^^^^^^^^^
AttributeError: 'Member' object has no attribute 'timed_out_until'
Ignoring exception in on_member_update
Traceback (most recent call last):
  File "/usr/local/lib/python3.12/site-packages/discord/client.py", line 465, in _run_event
    await coro(*args, **kwargs)
  File "/app/asu_discord/cogs/analytics.py", line 652, in on_member_update
    before_timeout = before.timed_out_until
                     ^^^^^^^^^^^^^^^^^^^^^^
AttributeError: 'Member' object has no attribute 'timed_out_until'
Ignoring exception in on_member_update
Traceback (most recent call last):
  File "/usr/local/lib/python3.12/site-packages/discord/client.py", line 465, in _run_event
    await coro(*args, **kwargs)
  File "/app/asu_discord/cogs/analytics.py", line 652, in on_member_update
    before_timeout = before.timed_out_until
                     ^^^^^^^^^^^^^^^^^^^^^^
AttributeError: 'Member' object has no attribute 'timed_out_until'
Ignoring exception in on_member_update
Traceback (most recent call last):
  File "/usr/local/lib/python3.12/site-packages/discord/client.py", line 465, in _run_event
    await coro(*args, **kwargs)
  File "/app/asu_discord/cogs/analytics.py", line 652, in on_member_update
    before_timeout = before.timed_out_until
                     ^^^^^^^^^^^^^^^^^^^^^^
AttributeError: 'Member' object has no attribute 'timed_out_until'
Ignoring exception in on_member_update
Traceback (most recent call last):
  File "/usr/local/lib/python3.12/site-packages/discord/client.py", line 465, in _run_event
    await coro(*args, **kwargs)
  File "/app/asu_discord/cogs/analytics.py", line 652, in on_member_update
    before_timeout = before.timed_out_until
                     ^^^^^^^^^^^^^^^^^^^^^^
AttributeError: 'Member' object has no attribute 'timed_out_until'
Ignoring exception in on_member_update
Traceback (most recent call last):
  File "/usr/local/lib/python3.12/site-packages/discord/client.py", line 465, in _run_event
    await coro(*args, **kwargs)
  File "/app/asu_discord/cogs/analytics.py", line 652, in on_member_update
    before_timeout = before.timed_out_until
                     ^^^^^^^^^^^^^^^^^^^^^^
AttributeError: 'Member' object has no attribute 'timed_out_until'
Ignoring exception in on_member_update
Traceback (most recent call last):
  File "/usr/local/lib/python3.12/site-packages/discord/client.py", line 465, in _run_event
    await coro(*args, **kwargs)
  File "/app/asu_discord/cogs/analytics.py", line 652, in on_member_update
    before_timeout = before.timed_out_until
                     ^^^^^^^^^^^^^^^^^^^^^^
AttributeError: 'Member' object has no attribute 'timed_out_until'
Ignoring exception in on_member_update
Traceback (most recent call last):
  File "/usr/local/lib/python3.12/site-packages/discord/client.py", line 465, in _run_event
    await coro(*args, **kwargs)
  File "/app/asu_discord/cogs/analytics.py", line 652, in on_member_update
    before_timeout = before.timed_out_until
                     ^^^^^^^^^^^^^^^^^^^^^^
AttributeError: 'Member' object has no attribute 'timed_out_until'
Ignoring exception in on_member_update
Traceback (most recent call last):
  File "/usr/local/lib/python3.12/site-packages/discord/client.py", line 465, in _run_event
    await coro(*args, **kwargs)
  File "/app/asu_discord/cogs/analytics.py", line 652, in on_member_update
    before_timeout = before.timed_out_until
                     ^^^^^^^^^^^^^^^^^^^^^^
AttributeError: 'Member' object has no attribute 'timed_out_until'
Ignoring exception in on_member_update
Traceback (most recent call last):
  File "/usr/local/lib/python3.12/site-packages/discord/client.py", line 465, in _run_event
    await coro(*args, **kwargs)
  File "/app/asu_discord/cogs/analytics.py", line 652, in on_member_update
    before_timeout = before.timed_out_until
                     ^^^^^^^^^^^^^^^^^^^^^^
AttributeError: 'Member' object has no attribute 'timed_out_until'
INFO:asu_discord.cogs.verification:Saved 5 roles to database for user bgupta27 (Discord ID: 1480507644040056845)
INFO:asu_discord.cogs.verification:Refreshed Salesforce roles for Discord user 1480507644040056845: -5/+5 roles, assigned=[Commited, First Year, International Student, Ira A. Fulton Schools of Engineering, Tempe]
Ignoring exception in on_member_update
Traceback (most recent call last):
  File "/usr/local/lib/python3.12/site-packages/discord/client.py", line 465, in _run_event
    await coro(*args, **kwargs)
  File "/app/asu_discord/cogs/analytics.py", line 652, in on_member_update
    before_timeout = before.timed_out_until
                     ^^^^^^^^^^^^^^^^^^^^^^
AttributeError: 'Member' object has no attribute 'timed_out_until'
Ignoring exception in on_member_update
Traceback (most recent call last):
  File "/usr/local/lib/python3.12/site-packages/discord/client.py", line 465, in _run_event
    await coro(*args, **kwargs)
  File "/app/asu_discord/cogs/analytics.py", line 652, in on_member_update
    before_timeout = before.timed_out_until
                     ^^^^^^^^^^^^^^^^^^^^^^
AttributeError: 'Member' object has no attribute 'timed_out_until'
Ignoring exception in on_member_update
Traceback (most recent call last):
  File "/usr/local/lib/python3.12/site-packages/discord/client.py", line 465, in _run_event
    await coro(*args, **kwargs)
  File "/app/asu_discord/cogs/analytics.py", line 652, in on_member_update
    before_timeout = before.timed_out_until
                     ^^^^^^^^^^^^^^^^^^^^^^
AttributeError: 'Member' object has no attribute 'timed_out_until'
Ignoring exception in on_member_update
Traceback (most recent call last):
  File "/usr/local/lib/python3.12/site-packages/discord/client.py", line 465, in _run_event
    await coro(*args, **kwargs)
  File "/app/asu_discord/cogs/analytics.py", line 652, in on_member_update
    before_timeout = before.timed_out_until
                     ^^^^^^^^^^^^^^^^^^^^^^
AttributeError: 'Member' object has no attribute 'timed_out_until'
Ignoring exception in on_member_update
Traceback (most recent call last):
  File "/usr/local/lib/python3.12/site-packages/discord/client.py", line 465, in _run_event
    await coro(*args, **kwargs)
  File "/app/asu_discord/cogs/analytics.py", line 652, in on_member_update
    before_timeout = before.timed_out_until
                     ^^^^^^^^^^^^^^^^^^^^^^
AttributeError: 'Member' object has no attribute 'timed_out_until'
Ignoring exception in on_member_update
Traceback (most recent call last):
  File "/usr/local/lib/python3.12/site-packages/discord/client.py", line 465, in _run_event
    await coro(*args, **kwargs)
  File "/app/asu_discord/cogs/analytics.py", line 652, in on_member_update
    before_timeout = before.timed_out_until
                     ^^^^^^^^^^^^^^^^^^^^^^
AttributeError: 'Member' object has no attribute 'timed_out_until'
Ignoring exception in on_member_update
Traceback (most recent call last):
  File "/usr/local/lib/python3.12/site-packages/discord/client.py", line 465, in _run_event
    await coro(*args, **kwargs)
  File "/app/asu_discord/cogs/analytics.py", line 652, in on_member_update
    before_timeout = before.timed_out_until
                     ^^^^^^^^^^^^^^^^^^^^^^
AttributeError: 'Member' object has no attribute 'timed_out_until'
Ignoring exception in on_member_update
Traceback (most recent call last):
  File "/usr/local/lib/python3.12/site-packages/discord/client.py", line 465, in _run_event
    await coro(*args, **kwargs)
  File "/app/asu_discord/cogs/analytics.py", line 652, in on_member_update
    before_timeout = before.timed_out_until
                     ^^^^^^^^^^^^^^^^^^^^^^
AttributeError: 'Member' object has no attribute 'timed_out_until'
Ignoring exception in on_member_update
Traceback (most recent call last):
  File "/usr/local/lib/python3.12/site-packages/discord/client.py", line 465, in _run_event
    await coro(*args, **kwargs)
  File "/app/asu_discord/cogs/analytics.py", line 652, in on_member_update
    before_timeout = before.timed_out_until
                     ^^^^^^^^^^^^^^^^^^^^^^
AttributeError: 'Member' object has no attribute 'timed_out_until'
Ignoring exception in on_member_update
Traceback (most recent call last):
  File "/usr/local/lib/python3.12/site-packages/discord/client.py", line 465, in _run_event
    await coro(*args, **kwargs)
  File "/app/asu_discord/cogs/analytics.py", line 652, in on_member_update
    before_timeout = before.timed_out_until
                     ^^^^^^^^^^^^^^^^^^^^^^
AttributeError: 'Member' object has no attribute 'timed_out_until'
INFO:asu_discord.cogs.verification:Saved 5 roles to database for user mltramm1 (Discord ID: 373966995936509974)
INFO:asu_discord.cogs.verification:Refreshed Salesforce roles for Discord user 373966995936509974: -5/+5 roles, assigned=[Arizona Resident, College of Liberal Arts and Sciences, Commited, First Year, Tempe]
ERROR:cron.jobs:refresh_salesforce_roles: failed for pmadan13 (Discord ID 967163042259419167): Failed to refresh Salesforce-based roles: Discord user 967163042259419167 is not a member of the guild
Ignoring exception in on_member_update
Traceback (most recent call last):
  File "/usr/local/lib/python3.12/site-packages/discord/client.py", line 465, in _run_event
    await coro(*args, **kwargs)
  File "/app/asu_discord/cogs/analytics.py", line 652, in on_member_update
    before_timeout = before.timed_out_until
                     ^^^^^^^^^^^^^^^^^^^^^^
AttributeError: 'Member' object has no attribute 'timed_out_until'
Ignoring exception in on_member_update
Traceback (most recent call last):
  File "/usr/local/lib/python3.12/site-packages/discord/client.py", line 465, in _run_event
    await coro(*args, **kwargs)
  File "/app/asu_discord/cogs/analytics.py", line 652, in on_member_update
    before_timeout = before.timed_out_until
                     ^^^^^^^^^^^^^^^^^^^^^^
AttributeError: 'Member' object has no attribute 'timed_out_until'
Ignoring exception in on_member_update
Traceback (most recent call last):
  File "/usr/local/lib/python3.12/site-packages/discord/client.py", line 465, in _run_event
    await coro(*args, **kwargs)
  File "/app/asu_discord/cogs/analytics.py", line 652, in on_member_update
    before_timeout = before.timed_out_until
                     ^^^^^^^^^^^^^^^^^^^^^^
AttributeError: 'Member' object has no attribute 'timed_out_until'
Ignoring exception in on_member_update
Traceback (most recent call last):
  File "/usr/local/lib/python3.12/site-packages/discord/client.py", line 465, in _run_event
    await coro(*args, **kwargs)
  File "/app/asu_discord/cogs/analytics.py", line 652, in on_member_update
    before_timeout = before.timed_out_until
                     ^^^^^^^^^^^^^^^^^^^^^^
AttributeError: 'Member' object has no attribute 'timed_out_until'
Ignoring exception in on_member_update
Traceback (most recent call last):
  File "/usr/local/lib/python3.12/site-packages/discord/client.py", line 465, in _run_event
    await coro(*args, **kwargs)
  File "/app/asu_discord/cogs/analytics.py", line 652, in on_member_update
    before_timeout = before.timed_out_until
                     ^^^^^^^^^^^^^^^^^^^^^^
AttributeError: 'Member' object has no attribute 'timed_out_until'
Ignoring exception in on_member_update
Traceback (most recent call last):
  File "/usr/local/lib/python3.12/site-packages/discord/client.py", line 465, in _run_event
    await coro(*args, **kwargs)
  File "/app/asu_discord/cogs/analytics.py", line 652, in on_member_update
    before_timeout = before.timed_out_until
                     ^^^^^^^^^^^^^^^^^^^^^^
AttributeError: 'Member' object has no attribute 'timed_out_until'
Ignoring exception in on_member_update
Traceback (most recent call last):
  File "/usr/local/lib/python3.12/site-packages/discord/client.py", line 465, in _run_event
    await coro(*args, **kwargs)
  File "/app/asu_discord/cogs/analytics.py", line 652, in on_member_update
    before_timeout = before.timed_out_until
                     ^^^^^^^^^^^^^^^^^^^^^^
AttributeError: 'Member' object has no attribute 'timed_out_until'
Ignoring exception in on_member_update
Traceback (most recent call last):
  File "/usr/local/lib/python3.12/site-packages/discord/client.py", line 465, in _run_event
    await coro(*args, **kwargs)
  File "/app/asu_discord/cogs/analytics.py", line 652, in on_member_update
    before_timeout = before.timed_out_until
                     ^^^^^^^^^^^^^^^^^^^^^^
AttributeError: 'Member' object has no attribute 'timed_out_until'
Ignoring exception in on_member_update
Traceback (most recent call last):
  File "/usr/local/lib/python3.12/site-packages/discord/client.py", line 465, in _run_event
    await coro(*args, **kwargs)
  File "/app/asu_discord/cogs/analytics.py", line 652, in on_member_update
    before_timeout = before.timed_out_until
                     ^^^^^^^^^^^^^^^^^^^^^^
AttributeError: 'Member' object has no attribute 'timed_out_until'
Ignoring exception in on_member_update
Traceback (most recent call last):
  File "/usr/local/lib/python3.12/site-packages/discord/client.py", line 465, in _run_event
    await coro(*args, **kwargs)
  File "/app/asu_discord/cogs/analytics.py", line 652, in on_member_update
    before_timeout = before.timed_out_until
                     ^^^^^^^^^^^^^^^^^^^^^^
AttributeError: 'Member' object has no attribute 'timed_out_until'
INFO:asu_discord.cogs.verification:Saved 6 roles to database for user nalkhas1 (Discord ID: 635922153220603940)
INFO:asu_discord.cogs.verification:Refreshed Salesforce roles for Discord user 635922153220603940: -4/+6 roles, assigned=[Commited, First Year, International Student, Ira A. Fulton Schools of Engineering, Tempe, Upperclassmen]
Ignoring exception in on_member_update
Traceback (most recent call last):
  File "/usr/local/lib/python3.12/site-packages/discord/client.py", line 465, in _run_event
    await coro(*args, **kwargs)
  File "/app/asu_discord/cogs/analytics.py", line 652, in on_member_update
    before_timeout = before.timed_out_until
                     ^^^^^^^^^^^^^^^^^^^^^^
AttributeError: 'Member' object has no attribute 'timed_out_until'
Ignoring exception in on_member_update
Traceback (most recent call last):
  File "/usr/local/lib/python3.12/site-packages/discord/client.py", line 465, in _run_event
    await coro(*args, **kwargs)
  File "/app/asu_discord/cogs/analytics.py", line 652, in on_member_update
    before_timeout = before.timed_out_until
                     ^^^^^^^^^^^^^^^^^^^^^^
AttributeError: 'Member' object has no attribute 'timed_out_until'
Ignoring exception in on_member_update
Traceback (most recent call last):
  File "/usr/local/lib/python3.12/site-packages/discord/client.py", line 465, in _run_event
    await coro(*args, **kwargs)
  File "/app/asu_discord/cogs/analytics.py", line 652, in on_member_update
    before_timeout = before.timed_out_until
                     ^^^^^^^^^^^^^^^^^^^^^^
AttributeError: 'Member' object has no attribute 'timed_out_until'
Ignoring exception in on_member_update
Traceback (most recent call last):
  File "/usr/local/lib/python3.12/site-packages/discord/client.py", line 465, in _run_event
    await coro(*args, **kwargs)
  File "/app/asu_discord/cogs/analytics.py", line 652, in on_member_update
    before_timeout = before.timed_out_until
                     ^^^^^^^^^^^^^^^^^^^^^^
AttributeError: 'Member' object has no attribute 'timed_out_until'
Ignoring exception in on_member_update
Traceback (most recent call last):
  File "/usr/local/lib/python3.12/site-packages/discord/client.py", line 465, in _run_event
    await coro(*args, **kwargs)
  File "/app/asu_discord/cogs/analytics.py", line 652, in on_member_update
    before_timeout = before.timed_out_until
                     ^^^^^^^^^^^^^^^^^^^^^^
AttributeError: 'Member' object has no attribute 'timed_out_until'
Ignoring exception in on_member_update
Traceback (most recent call last):
  File "/usr/local/lib/python3.12/site-packages/discord/client.py", line 465, in _run_event
    await coro(*args, **kwargs)
  File "/app/asu_discord/cogs/analytics.py", line 652, in on_member_update
    before_timeout = before.timed_out_until
                     ^^^^^^^^^^^^^^^^^^^^^^
AttributeError: 'Member' object has no attribute 'timed_out_until'
Ignoring exception in on_member_update
Traceback (most recent call last):
  File "/usr/local/lib/python3.12/site-packages/discord/client.py", line 465, in _run_event
    await coro(*args, **kwargs)
  File "/app/asu_discord/cogs/analytics.py", line 652, in on_member_update
    before_timeout = before.timed_out_until
                     ^^^^^^^^^^^^^^^^^^^^^^
AttributeError: 'Member' object has no attribute 'timed_out_until'
Ignoring exception in on_member_update
Traceback (most recent call last):
  File "/usr/local/lib/python3.12/site-packages/discord/client.py", line 465, in _run_event
    await coro(*args, **kwargs)
  File "/app/asu_discord/cogs/analytics.py", line 652, in on_member_update
    before_timeout = before.timed_out_until
                     ^^^^^^^^^^^^^^^^^^^^^^
AttributeError: 'Member' object has no attribute 'timed_out_until'
Ignoring exception in on_member_update
Traceback (most recent call last):
  File "/usr/local/lib/python3.12/site-packages/discord/client.py", line 465, in _run_event
    await coro(*args, **kwargs)
  File "/app/asu_discord/cogs/analytics.py", line 652, in on_member_update
    before_timeout = before.timed_out_until
                     ^^^^^^^^^^^^^^^^^^^^^^
AttributeError: 'Member' object has no attribute 'timed_out_until'
Ignoring exception in on_member_update
Traceback (most recent call last):
  File "/usr/local/lib/python3.12/site-packages/discord/client.py", line 465, in _run_event
    await coro(*args, **kwargs)
  File "/app/asu_discord/cogs/analytics.py", line 652, in on_member_update
    before_timeout = before.timed_out_until
                     ^^^^^^^^^^^^^^^^^^^^^^
AttributeError: 'Member' object has no attribute 'timed_out_until'
INFO:asu_discord.cogs.verification:Saved 5 roles to database for user dshah207 (Discord ID: 814152568552030208)
INFO:asu_discord.cogs.verification:Refreshed Salesforce roles for Discord user 814152568552030208: -5/+5 roles, assigned=[Commited, First Year, International Student, Ira A. Fulton Schools of Engineering, Tempe]
Ignoring exception in on_member_update
Traceback (most recent call last):
  File "/usr/local/lib/python3.12/site-packages/discord/client.py", line 465, in _run_event
    await coro(*args, **kwargs)
  File "/app/asu_discord/cogs/analytics.py", line 652, in on_member_update
    before_timeout = before.timed_out_until
                     ^^^^^^^^^^^^^^^^^^^^^^
AttributeError: 'Member' object has no attribute 'timed_out_until'
Ignoring exception in on_member_update
Traceback (most recent call last):
  File "/usr/local/lib/python3.12/site-packages/discord/client.py", line 465, in _run_event
    await coro(*args, **kwargs)
  File "/app/asu_discord/cogs/analytics.py", line 652, in on_member_update
    before_timeout = before.timed_out_until
                     ^^^^^^^^^^^^^^^^^^^^^^
AttributeError: 'Member' object has no attribute 'timed_out_until'
Ignoring exception in on_member_update
Traceback (most recent call last):
  File "/usr/local/lib/python3.12/site-packages/discord/client.py", line 465, in _run_event
    await coro(*args, **kwargs)
  File "/app/asu_discord/cogs/analytics.py", line 652, in on_member_update
    before_timeout = before.timed_out_until
                     ^^^^^^^^^^^^^^^^^^^^^^
AttributeError: 'Member' object has no attribute 'timed_out_until'
Ignoring exception in on_member_update
Traceback (most recent call last):
  File "/usr/local/lib/python3.12/site-packages/discord/client.py", line 465, in _run_event
    await coro(*args, **kwargs)
  File "/app/asu_discord/cogs/analytics.py", line 652, in on_member_update
    before_timeout = before.timed_out_until
                     ^^^^^^^^^^^^^^^^^^^^^^
AttributeError: 'Member' object has no attribute 'timed_out_until'
Ignoring exception in on_member_update
Traceback (most recent call last):
  File "/usr/local/lib/python3.12/site-packages/discord/client.py", line 465, in _run_event
    await coro(*args, **kwargs)
  File "/app/asu_discord/cogs/analytics.py", line 652, in on_member_update
    before_timeout = before.timed_out_until
                     ^^^^^^^^^^^^^^^^^^^^^^
AttributeError: 'Member' object has no attribute 'timed_out_until'
Ignoring exception in on_member_update
Traceback (most recent call last):
  File "/usr/local/lib/python3.12/site-packages/discord/client.py", line 465, in _run_event
    await coro(*args, **kwargs)
  File "/app/asu_discord/cogs/analytics.py", line 652, in on_member_update
    before_timeout = before.timed_out_until
                     ^^^^^^^^^^^^^^^^^^^^^^
AttributeError: 'Member' object has no attribute 'timed_out_until'
Ignoring exception in on_member_update
Traceback (most recent call last):
  File "/usr/local/lib/python3.12/site-packages/discord/client.py", line 465, in _run_event
    await coro(*args, **kwargs)
  File "/app/asu_discord/cogs/analytics.py", line 652, in on_member_update
    before_timeout = before.timed_out_until
                     ^^^^^^^^^^^^^^^^^^^^^^
AttributeError: 'Member' object has no attribute 'timed_out_until'
Ignoring exception in on_member_update
Traceback (most recent call last):
  File "/usr/local/lib/python3.12/site-packages/discord/client.py", line 465, in _run_event
    await coro(*args, **kwargs)
  File "/app/asu_discord/cogs/analytics.py", line 652, in on_member_update
    before_timeout = before.timed_out_until
                     ^^^^^^^^^^^^^^^^^^^^^^
AttributeError: 'Member' object has no attribute 'timed_out_until'
Ignoring exception in on_member_update
Traceback (most recent call last):
  File "/usr/local/lib/python3.12/site-packages/discord/client.py", line 465, in _run_event
    await coro(*args, **kwargs)
  File "/app/asu_discord/cogs/analytics.py", line 652, in on_member_update
    before_timeout = before.timed_out_until
                     ^^^^^^^^^^^^^^^^^^^^^^
AttributeError: 'Member' object has no attribute 'timed_out_until'
Ignoring exception in on_member_update
Traceback (most recent call last):
  File "/usr/local/lib/python3.12/site-packages/discord/client.py", line 465, in _run_event
    await coro(*args, **kwargs)
  File "/app/asu_discord/cogs/analytics.py", line 652, in on_member_update
    before_timeout = before.timed_out_until
                     ^^^^^^^^^^^^^^^^^^^^^^
AttributeError: 'Member' object has no attribute 'timed_out_until'
INFO:asu_discord.cogs.verification:Saved 6 roles to database for user mecorey1 (Discord ID: 859129792891584512)
INFO:asu_discord.cogs.verification:Refreshed Salesforce roles for Discord user 859129792891584512: -5/+5 roles, assigned=[Commited, First Generation Student, First Year, Ira A. Fulton Schools of Engineering, Out of State, Tempe]
ERROR:cron.jobs:refresh_salesforce_roles: failed for kzaveri3 (Discord ID 709662279028703353): Failed to refresh Salesforce-based roles: Discord user 709662279028703353 is not a member of the guild
Ignoring exception in on_member_update
Traceback (most recent call last):
  File "/usr/local/lib/python3.12/site-packages/discord/client.py", line 465, in _run_event
    await coro(*args, **kwargs)
  File "/app/asu_discord/cogs/analytics.py", line 652, in on_member_update
    before_timeout = before.timed_out_until
                     ^^^^^^^^^^^^^^^^^^^^^^
AttributeError: 'Member' object has no attribute 'timed_out_until'
Ignoring exception in on_member_update
Traceback (most recent call last):
  File "/usr/local/lib/python3.12/site-packages/discord/client.py", line 465, in _run_event
    await coro(*args, **kwargs)
  File "/app/asu_discord/cogs/analytics.py", line 652, in on_member_update
    before_timeout = before.timed_out_until
                     ^^^^^^^^^^^^^^^^^^^^^^
AttributeError: 'Member' object has no attribute 'timed_out_until'
Ignoring exception in on_member_update
Traceback (most recent call last):
  File "/usr/local/lib/python3.12/site-packages/discord/client.py", line 465, in _run_event
    await coro(*args, **kwargs)
  File "/app/asu_discord/cogs/analytics.py", line 652, in on_member_update
    before_timeout = before.timed_out_until
                     ^^^^^^^^^^^^^^^^^^^^^^
AttributeError: 'Member' object has no attribute 'timed_out_until'
Ignoring exception in on_member_update
Traceback (most recent call last):
  File "/usr/local/lib/python3.12/site-packages/discord/client.py", line 465, in _run_event
    await coro(*args, **kwargs)
  File "/app/asu_discord/cogs/analytics.py", line 652, in on_member_update
    before_timeout = before.timed_out_until
                     ^^^^^^^^^^^^^^^^^^^^^^
AttributeError: 'Member' object has no attribute 'timed_out_until'
Ignoring exception in on_member_update
Traceback (most recent call last):
  File "/usr/local/lib/python3.12/site-packages/discord/client.py", line 465, in _run_event
    await coro(*args, **kwargs)
  File "/app/asu_discord/cogs/analytics.py", line 652, in on_member_update
    before_timeout = before.timed_out_until
                     ^^^^^^^^^^^^^^^^^^^^^^
AttributeError: 'Member' object has no attribute 'timed_out_until'
Ignoring exception in on_member_update
Traceback (most recent call last):
  File "/usr/local/lib/python3.12/site-packages/discord/client.py", line 465, in _run_event
    await coro(*args, **kwargs)
  File "/app/asu_discord/cogs/analytics.py", line 652, in on_member_update
    before_timeout = before.timed_out_until
                     ^^^^^^^^^^^^^^^^^^^^^^
AttributeError: 'Member' object has no attribute 'timed_out_until'
Ignoring exception in on_member_update
Traceback (most recent call last):
  File "/usr/local/lib/python3.12/site-packages/discord/client.py", line 465, in _run_event
    await coro(*args, **kwargs)
  File "/app/asu_discord/cogs/analytics.py", line 652, in on_member_update
    before_timeout = before.timed_out_until
                     ^^^^^^^^^^^^^^^^^^^^^^
AttributeError: 'Member' object has no attribute 'timed_out_until'
Ignoring exception in on_member_update
Traceback (most recent call last):
  File "/usr/local/lib/python3.12/site-packages/discord/client.py", line 465, in _run_event
    await coro(*args, **kwargs)
  File "/app/asu_discord/cogs/analytics.py", line 652, in on_member_update
    before_timeout = before.timed_out_until
                     ^^^^^^^^^^^^^^^^^^^^^^
AttributeError: 'Member' object has no attribute 'timed_out_until'
Ignoring exception in on_member_update
Traceback (most recent call last):
  File "/usr/local/lib/python3.12/site-packages/discord/client.py", line 465, in _run_event
    await coro(*args, **kwargs)
  File "/app/asu_discord/cogs/analytics.py", line 652, in on_member_update
    before_timeout = before.timed_out_until
                     ^^^^^^^^^^^^^^^^^^^^^^
AttributeError: 'Member' object has no attribute 'timed_out_until'
Ignoring exception in on_member_update
Traceback (most recent call last):
  File "/usr/local/lib/python3.12/site-packages/discord/client.py", line 465, in _run_event
    await coro(*args, **kwargs)
  File "/app/asu_discord/cogs/analytics.py", line 652, in on_member_update
    before_timeout = before.timed_out_until
                     ^^^^^^^^^^^^^^^^^^^^^^
AttributeError: 'Member' object has no attribute 'timed_out_until'
INFO:asu_discord.cogs.verification:Saved 5 roles to database for user felixwu (Discord ID: 437120513521745931)
INFO:asu_discord.cogs.verification:Refreshed Salesforce roles for Discord user 437120513521745931: -5/+5 roles, assigned=[Arizona Resident, Commited, Graduate Student, Ira A. Fulton Schools of Engineering, Tempe]
Ignoring exception in on_member_update
Traceback (most recent call last):
  File "/usr/local/lib/python3.12/site-packages/discord/client.py", line 465, in _run_event
    await coro(*args, **kwargs)
  File "/app/asu_discord/cogs/analytics.py", line 652, in on_member_update
    before_timeout = before.timed_out_until
                     ^^^^^^^^^^^^^^^^^^^^^^
AttributeError: 'Member' object has no attribute 'timed_out_until'
Ignoring exception in on_member_update
Traceback (most recent call last):
  File "/usr/local/lib/python3.12/site-packages/discord/client.py", line 465, in _run_event
    await coro(*args, **kwargs)
  File "/app/asu_discord/cogs/analytics.py", line 652, in on_member_update
    before_timeout = before.timed_out_until
                     ^^^^^^^^^^^^^^^^^^^^^^
AttributeError: 'Member' object has no attribute 'timed_out_until'
Ignoring exception in on_member_update
Traceback (most recent call last):
  File "/usr/local/lib/python3.12/site-packages/discord/client.py", line 465, in _run_event
    await coro(*args, **kwargs)
  File "/app/asu_discord/cogs/analytics.py", line 652, in on_member_update
    before_timeout = before.timed_out_until
                     ^^^^^^^^^^^^^^^^^^^^^^
AttributeError: 'Member' object has no attribute 'timed_out_until'
Ignoring exception in on_member_update
Traceback (most recent call last):
  File "/usr/local/lib/python3.12/site-packages/discord/client.py", line 465, in _run_event
    await coro(*args, **kwargs)
  File "/app/asu_discord/cogs/analytics.py", line 652, in on_member_update
    before_timeout = before.timed_out_until
                     ^^^^^^^^^^^^^^^^^^^^^^
AttributeError: 'Member' object has no attribute 'timed_out_until'
Ignoring exception in on_member_update
Traceback (most recent call last):
  File "/usr/local/lib/python3.12/site-packages/discord/client.py", line 465, in _run_event
    await coro(*args, **kwargs)
  File "/app/asu_discord/cogs/analytics.py", line 652, in on_member_update
    before_timeout = before.timed_out_until
                     ^^^^^^^^^^^^^^^^^^^^^^
AttributeError: 'Member' object has no attribute 'timed_out_until'
Ignoring exception in on_member_update
Traceback (most recent call last):
  File "/usr/local/lib/python3.12/site-packages/discord/client.py", line 465, in _run_event
    await coro(*args, **kwargs)
  File "/app/asu_discord/cogs/analytics.py", line 652, in on_member_update
    before_timeout = before.timed_out_until
                     ^^^^^^^^^^^^^^^^^^^^^^
AttributeError: 'Member' object has no attribute 'timed_out_until'
Ignoring exception in on_member_update
Traceback (most recent call last):
  File "/usr/local/lib/python3.12/site-packages/discord/client.py", line 465, in _run_event
    await coro(*args, **kwargs)
  File "/app/asu_discord/cogs/analytics.py", line 652, in on_member_update
    before_timeout = before.timed_out_until
                     ^^^^^^^^^^^^^^^^^^^^^^
AttributeError: 'Member' object has no attribute 'timed_out_until'
Ignoring exception in on_member_update
Traceback (most recent call last):
  File "/usr/local/lib/python3.12/site-packages/discord/client.py", line 465, in _run_event
    await coro(*args, **kwargs)
  File "/app/asu_discord/cogs/analytics.py", line 652, in on_member_update
    before_timeout = before.timed_out_until
                     ^^^^^^^^^^^^^^^^^^^^^^
AttributeError: 'Member' object has no attribute 'timed_out_until'
Ignoring exception in on_member_update
Traceback (most recent call last):
  File "/usr/local/lib/python3.12/site-packages/discord/client.py", line 465, in _run_event
    await coro(*args, **kwargs)
  File "/app/asu_discord/cogs/analytics.py", line 652, in on_member_update
    before_timeout = before.timed_out_until
                     ^^^^^^^^^^^^^^^^^^^^^^
AttributeError: 'Member' object has no attribute 'timed_out_until'
Ignoring exception in on_member_update
Traceback (most recent call last):
  File "/usr/local/lib/python3.12/site-packages/discord/client.py", line 465, in _run_event
    await coro(*args, **kwargs)
  File "/app/asu_discord/cogs/analytics.py", line 652, in on_member_update
    before_timeout = before.timed_out_until
                     ^^^^^^^^^^^^^^^^^^^^^^
AttributeError: 'Member' object has no attribute 'timed_out_until'
INFO:asu_discord.cogs.verification:Saved 5 roles to database for user eaggarw2 (Discord ID: 1478234674978492497)
INFO:asu_discord.cogs.verification:Refreshed Salesforce roles for Discord user 1478234674978492497: -5/+5 roles, assigned=[Commited, First Year, Out of State, Tempe, W.P. Carey School of Business]
Ignoring exception in on_member_update
Traceback (most recent call last):
  File "/usr/local/lib/python3.12/site-packages/discord/client.py", line 465, in _run_event
    await coro(*args, **kwargs)
  File "/app/asu_discord/cogs/analytics.py", line 652, in on_member_update
    before_timeout = before.timed_out_until
                     ^^^^^^^^^^^^^^^^^^^^^^
AttributeError: 'Member' object has no attribute 'timed_out_until'
Ignoring exception in on_member_update
Traceback (most recent call last):
  File "/usr/local/lib/python3.12/site-packages/discord/client.py", line 465, in _run_event
    await coro(*args, **kwargs)
  File "/app/asu_discord/cogs/analytics.py", line 652, in on_member_update
    before_timeout = before.timed_out_until
                     ^^^^^^^^^^^^^^^^^^^^^^
AttributeError: 'Member' object has no attribute 'timed_out_until'
Ignoring exception in on_member_update
Traceback (most recent call last):
  File "/usr/local/lib/python3.12/site-packages/discord/client.py", line 465, in _run_event
    await coro(*args, **kwargs)
  File "/app/asu_discord/cogs/analytics.py", line 652, in on_member_update
    before_timeout = before.timed_out_until
                     ^^^^^^^^^^^^^^^^^^^^^^
AttributeError: 'Member' object has no attribute 'timed_out_until'
Ignoring exception in on_member_update
Traceback (most recent call last):
  File "/usr/local/lib/python3.12/site-packages/discord/client.py", line 465, in _run_event
    await coro(*args, **kwargs)
  File "/app/asu_discord/cogs/analytics.py", line 652, in on_member_update
    before_timeout = before.timed_out_until
                     ^^^^^^^^^^^^^^^^^^^^^^
AttributeError: 'Member' object has no attribute 'timed_out_until'
Ignoring exception in on_member_update
Traceback (most recent call last):
  File "/usr/local/lib/python3.12/site-packages/discord/client.py", line 465, in _run_event
    await coro(*args, **kwargs)
  File "/app/asu_discord/cogs/analytics.py", line 652, in on_member_update
    before_timeout = before.timed_out_until
                     ^^^^^^^^^^^^^^^^^^^^^^
AttributeError: 'Member' object has no attribute 'timed_out_until'
Ignoring exception in on_member_update
Traceback (most recent call last):
  File "/usr/local/lib/python3.12/site-packages/discord/client.py", line 465, in _run_event
    await coro(*args, **kwargs)
  File "/app/asu_discord/cogs/analytics.py", line 652, in on_member_update
    before_timeout = before.timed_out_until
                     ^^^^^^^^^^^^^^^^^^^^^^
AttributeError: 'Member' object has no attribute 'timed_out_until'
Ignoring exception in on_member_update
Traceback (most recent call last):
  File "/usr/local/lib/python3.12/site-packages/discord/client.py", line 465, in _run_event
    await coro(*args, **kwargs)
  File "/app/asu_discord/cogs/analytics.py", line 652, in on_member_update
    before_timeout = before.timed_out_until
                     ^^^^^^^^^^^^^^^^^^^^^^
AttributeError: 'Member' object has no attribute 'timed_out_until'
Ignoring exception in on_member_update
Traceback (most recent call last):
  File "/usr/local/lib/python3.12/site-packages/discord/client.py", line 465, in _run_event
    await coro(*args, **kwargs)
  File "/app/asu_discord/cogs/analytics.py", line 652, in on_member_update
    before_timeout = before.timed_out_until
                     ^^^^^^^^^^^^^^^^^^^^^^
AttributeError: 'Member' object has no attribute 'timed_out_until'
Ignoring exception in on_member_update
Traceback (most recent call last):
  File "/usr/local/lib/python3.12/site-packages/discord/client.py", line 465, in _run_event
    await coro(*args, **kwargs)
  File "/app/asu_discord/cogs/analytics.py", line 652, in on_member_update
    before_timeout = before.timed_out_until
                     ^^^^^^^^^^^^^^^^^^^^^^
AttributeError: 'Member' object has no attribute 'timed_out_until'
Ignoring exception in on_member_update
Traceback (most recent call last):
  File "/usr/local/lib/python3.12/site-packages/discord/client.py", line 465, in _run_event
    await coro(*args, **kwargs)
  File "/app/asu_discord/cogs/analytics.py", line 652, in on_member_update
    before_timeout = before.timed_out_until
                     ^^^^^^^^^^^^^^^^^^^^^^
AttributeError: 'Member' object has no attribute 'timed_out_until'
INFO:asu_discord.cogs.verification:Saved 5 roles to database for user freisalb (Discord ID: 719347153390141441)
INFO:asu_discord.cogs.verification:Refreshed Salesforce roles for Discord user 719347153390141441: -5/+5 roles, assigned=[Commited, First Year, International Student, Ira A. Fulton Schools of Engineering, Tempe]
Ignoring exception in on_member_update
Traceback (most recent call last):
  File "/usr/local/lib/python3.12/site-packages/discord/client.py", line 465, in _run_event
    await coro(*args, **kwargs)
  File "/app/asu_discord/cogs/analytics.py", line 652, in on_member_update
    before_timeout = before.timed_out_until
                     ^^^^^^^^^^^^^^^^^^^^^^
AttributeError: 'Member' object has no attribute 'timed_out_until'
Ignoring exception in on_member_update
Traceback (most recent call last):
  File "/usr/local/lib/python3.12/site-packages/discord/client.py", line 465, in _run_event
    await coro(*args, **kwargs)
  File "/app/asu_discord/cogs/analytics.py", line 652, in on_member_update
    before_timeout = before.timed_out_until
                     ^^^^^^^^^^^^^^^^^^^^^^
AttributeError: 'Member' object has no attribute 'timed_out_until'
Ignoring exception in on_member_update
Traceback (most recent call last):
  File "/usr/local/lib/python3.12/site-packages/discord/client.py", line 465, in _run_event
    await coro(*args, **kwargs)
  File "/app/asu_discord/cogs/analytics.py", line 652, in on_member_update
    before_timeout = before.timed_out_until
                     ^^^^^^^^^^^^^^^^^^^^^^
AttributeError: 'Member' object has no attribute 'timed_out_until'
Ignoring exception in on_member_update
Traceback (most recent call last):
  File "/usr/local/lib/python3.12/site-packages/discord/client.py", line 465, in _run_event
    await coro(*args, **kwargs)
  File "/app/asu_discord/cogs/analytics.py", line 652, in on_member_update
    before_timeout = before.timed_out_until
                     ^^^^^^^^^^^^^^^^^^^^^^
AttributeError: 'Member' object has no attribute 'timed_out_until'
Ignoring exception in on_member_update
Traceback (most recent call last):
  File "/usr/local/lib/python3.12/site-packages/discord/client.py", line 465, in _run_event
    await coro(*args, **kwargs)
  File "/app/asu_discord/cogs/analytics.py", line 652, in on_member_update
    before_timeout = before.timed_out_until
                     ^^^^^^^^^^^^^^^^^^^^^^
AttributeError: 'Member' object has no attribute 'timed_out_until'
Ignoring exception in on_member_update
Traceback (most recent call last):
  File "/usr/local/lib/python3.12/site-packages/discord/client.py", line 465, in _run_event
    await coro(*args, **kwargs)
  File "/app/asu_discord/cogs/analytics.py", line 652, in on_member_update
    before_timeout = before.timed_out_until
                     ^^^^^^^^^^^^^^^^^^^^^^
AttributeError: 'Member' object has no attribute 'timed_out_until'
Ignoring exception in on_member_update
Traceback (most recent call last):
  File "/usr/local/lib/python3.12/site-packages/discord/client.py", line 465, in _run_event
    await coro(*args, **kwargs)
  File "/app/asu_discord/cogs/analytics.py", line 652, in on_member_update
    before_timeout = before.timed_out_until
                     ^^^^^^^^^^^^^^^^^^^^^^
AttributeError: 'Member' object has no attribute 'timed_out_until'
Ignoring exception in on_member_update
Traceback (most recent call last):
  File "/usr/local/lib/python3.12/site-packages/discord/client.py", line 465, in _run_event
    await coro(*args, **kwargs)
  File "/app/asu_discord/cogs/analytics.py", line 652, in on_member_update
    before_timeout = before.timed_out_until
                     ^^^^^^^^^^^^^^^^^^^^^^
AttributeError: 'Member' object has no attribute 'timed_out_until'
Ignoring exception in on_member_update
Traceback (most recent call last):
  File "/usr/local/lib/python3.12/site-packages/discord/client.py", line 465, in _run_event
    await coro(*args, **kwargs)
  File "/app/asu_discord/cogs/analytics.py", line 652, in on_member_update
    before_timeout = before.timed_out_until
                     ^^^^^^^^^^^^^^^^^^^^^^
AttributeError: 'Member' object has no attribute 'timed_out_until'
Ignoring exception in on_member_update
Traceback (most recent call last):
  File "/usr/local/lib/python3.12/site-packages/discord/client.py", line 465, in _run_event
    await coro(*args, **kwargs)
  File "/app/asu_discord/cogs/analytics.py", line 652, in on_member_update
    before_timeout = before.timed_out_until
                     ^^^^^^^^^^^^^^^^^^^^^^
AttributeError: 'Member' object has no attribute 'timed_out_until'
INFO:asu_discord.cogs.verification:Saved 5 roles to database for user mnwoodwa (Discord ID: 997602818527600673)
INFO:asu_discord.cogs.verification:Refreshed Salesforce roles for Discord user 997602818527600673: -5/+5 roles, assigned=[Arizona Resident, Commited, Graduate Student, Ira A. Fulton Schools of Engineering, Polytechnic]
Ignoring exception in on_member_update
Traceback (most recent call last):
  File "/usr/local/lib/python3.12/site-packages/discord/client.py", line 465, in _run_event
    await coro(*args, **kwargs)
  File "/app/asu_discord/cogs/analytics.py", line 652, in on_member_update
    before_timeout = before.timed_out_until
                     ^^^^^^^^^^^^^^^^^^^^^^
AttributeError: 'Member' object has no attribute 'timed_out_until'
Ignoring exception in on_member_update
Traceback (most recent call last):
  File "/usr/local/lib/python3.12/site-packages/discord/client.py", line 465, in _run_event
    await coro(*args, **kwargs)
  File "/app/asu_discord/cogs/analytics.py", line 652, in on_member_update
    before_timeout = before.timed_out_until
                     ^^^^^^^^^^^^^^^^^^^^^^
AttributeError: 'Member' object has no attribute 'timed_out_until'
Ignoring exception in on_member_update
Traceback (most recent call last):
  File "/usr/local/lib/python3.12/site-packages/discord/client.py", line 465, in _run_event
    await coro(*args, **kwargs)
  File "/app/asu_discord/cogs/analytics.py", line 652, in on_member_update
    before_timeout = before.timed_out_until
                     ^^^^^^^^^^^^^^^^^^^^^^
AttributeError: 'Member' object has no attribute 'timed_out_until'
Ignoring exception in on_member_update
Traceback (most recent call last):
  File "/usr/local/lib/python3.12/site-packages/discord/client.py", line 465, in _run_event
    await coro(*args, **kwargs)
  File "/app/asu_discord/cogs/analytics.py", line 652, in on_member_update
    before_timeout = before.timed_out_until
                     ^^^^^^^^^^^^^^^^^^^^^^
AttributeError: 'Member' object has no attribute 'timed_out_until'
Ignoring exception in on_member_update
Traceback (most recent call last):
  File "/usr/local/lib/python3.12/site-packages/discord/client.py", line 465, in _run_event
    await coro(*args, **kwargs)
  File "/app/asu_discord/cogs/analytics.py", line 652, in on_member_update
    before_timeout = before.timed_out_until
                     ^^^^^^^^^^^^^^^^^^^^^^
AttributeError: 'Member' object has no attribute 'timed_out_until'
Ignoring exception in on_member_update
Traceback (most recent call last):
  File "/usr/local/lib/python3.12/site-packages/discord/client.py", line 465, in _run_event
    await coro(*args, **kwargs)
  File "/app/asu_discord/cogs/analytics.py", line 652, in on_member_update
    before_timeout = before.timed_out_until
                     ^^^^^^^^^^^^^^^^^^^^^^
AttributeError: 'Member' object has no attribute 'timed_out_until'
Ignoring exception in on_member_update
Traceback (most recent call last):
  File "/usr/local/lib/python3.12/site-packages/discord/client.py", line 465, in _run_event
    await coro(*args, **kwargs)
  File "/app/asu_discord/cogs/analytics.py", line 652, in on_member_update
    before_timeout = before.timed_out_until
                     ^^^^^^^^^^^^^^^^^^^^^^
AttributeError: 'Member' object has no attribute 'timed_out_until'
Ignoring exception in on_member_update
Traceback (most recent call last):
  File "/usr/local/lib/python3.12/site-packages/discord/client.py", line 465, in _run_event
    await coro(*args, **kwargs)
  File "/app/asu_discord/cogs/analytics.py", line 652, in on_member_update
    before_timeout = before.timed_out_until
                     ^^^^^^^^^^^^^^^^^^^^^^
AttributeError: 'Member' object has no attribute 'timed_out_until'
Ignoring exception in on_member_update
Traceback (most recent call last):
  File "/usr/local/lib/python3.12/site-packages/discord/client.py", line 465, in _run_event
    await coro(*args, **kwargs)
  File "/app/asu_discord/cogs/analytics.py", line 652, in on_member_update
    before_timeout = before.timed_out_until
                     ^^^^^^^^^^^^^^^^^^^^^^
AttributeError: 'Member' object has no attribute 'timed_out_until'
Ignoring exception in on_member_update
Traceback (most recent call last):
  File "/usr/local/lib/python3.12/site-packages/discord/client.py", line 465, in _run_event
    await coro(*args, **kwargs)
  File "/app/asu_discord/cogs/analytics.py", line 652, in on_member_update
    before_timeout = before.timed_out_until
                     ^^^^^^^^^^^^^^^^^^^^^^
AttributeError: 'Member' object has no attribute 'timed_out_until'
INFO:asu_discord.cogs.verification:Saved 5 roles to database for user cpete149 (Discord ID: 675495657963913254)
INFO:asu_discord.cogs.verification:Refreshed Salesforce roles for Discord user 675495657963913254: -5/+5 roles, assigned=[Commited, Downtown Phoenix, First Year, Out of State, Walter Cronkite School of Journalism and Mass Communication]
Ignoring exception in on_member_update
Traceback (most recent call last):
  File "/usr/local/lib/python3.12/site-packages/discord/client.py", line 465, in _run_event
    await coro(*args, **kwargs)
  File "/app/asu_discord/cogs/analytics.py", line 652, in on_member_update
    before_timeout = before.timed_out_until
                     ^^^^^^^^^^^^^^^^^^^^^^
AttributeError: 'Member' object has no attribute 'timed_out_until'
Ignoring exception in on_member_update
Traceback (most recent call last):
  File "/usr/local/lib/python3.12/site-packages/discord/client.py", line 465, in _run_event
    await coro(*args, **kwargs)
  File "/app/asu_discord/cogs/analytics.py", line 652, in on_member_update
    before_timeout = before.timed_out_until
                     ^^^^^^^^^^^^^^^^^^^^^^
AttributeError: 'Member' object has no attribute 'timed_out_until'
Ignoring exception in on_member_update
Traceback (most recent call last):
  File "/usr/local/lib/python3.12/site-packages/discord/client.py", line 465, in _run_event
    await coro(*args, **kwargs)
  File "/app/asu_discord/cogs/analytics.py", line 652, in on_member_update
    before_timeout = before.timed_out_until
                     ^^^^^^^^^^^^^^^^^^^^^^
AttributeError: 'Member' object has no attribute 'timed_out_until'
Ignoring exception in on_member_update
Traceback (most recent call last):
  File "/usr/local/lib/python3.12/site-packages/discord/client.py", line 465, in _run_event
    await coro(*args, **kwargs)
  File "/app/asu_discord/cogs/analytics.py", line 652, in on_member_update
    before_timeout = before.timed_out_until
                     ^^^^^^^^^^^^^^^^^^^^^^
AttributeError: 'Member' object has no attribute 'timed_out_until'
Ignoring exception in on_member_update
Traceback (most recent call last):
  File "/usr/local/lib/python3.12/site-packages/discord/client.py", line 465, in _run_event
    await coro(*args, **kwargs)
  File "/app/asu_discord/cogs/analytics.py", line 652, in on_member_update
    before_timeout = before.timed_out_until
                     ^^^^^^^^^^^^^^^^^^^^^^
AttributeError: 'Member' object has no attribute 'timed_out_until'
Ignoring exception in on_member_update
Traceback (most recent call last):
  File "/usr/local/lib/python3.12/site-packages/discord/client.py", line 465, in _run_event
    await coro(*args, **kwargs)
  File "/app/asu_discord/cogs/analytics.py", line 652, in on_member_update
    before_timeout = before.timed_out_until
                     ^^^^^^^^^^^^^^^^^^^^^^
AttributeError: 'Member' object has no attribute 'timed_out_until'
Ignoring exception in on_member_update
Traceback (most recent call last):
  File "/usr/local/lib/python3.12/site-packages/discord/client.py", line 465, in _run_event
    await coro(*args, **kwargs)
  File "/app/asu_discord/cogs/analytics.py", line 652, in on_member_update
    before_timeout = before.timed_out_until
                     ^^^^^^^^^^^^^^^^^^^^^^
AttributeError: 'Member' object has no attribute 'timed_out_until'
Ignoring exception in on_member_update
Traceback (most recent call last):
  File "/usr/local/lib/python3.12/site-packages/discord/client.py", line 465, in _run_event
    await coro(*args, **kwargs)
  File "/app/asu_discord/cogs/analytics.py", line 652, in on_member_update
    before_timeout = before.timed_out_until
                     ^^^^^^^^^^^^^^^^^^^^^^
AttributeError: 'Member' object has no attribute 'timed_out_until'
Ignoring exception in on_member_update
Traceback (most recent call last):
  File "/usr/local/lib/python3.12/site-packages/discord/client.py", line 465, in _run_event
    await coro(*args, **kwargs)
  File "/app/asu_discord/cogs/analytics.py", line 652, in on_member_update
    before_timeout = before.timed_out_until
                     ^^^^^^^^^^^^^^^^^^^^^^
AttributeError: 'Member' object has no attribute 'timed_out_until'
Ignoring exception in on_member_update
Traceback (most recent call last):
  File "/usr/local/lib/python3.12/site-packages/discord/client.py", line 465, in _run_event
    await coro(*args, **kwargs)
  File "/app/asu_discord/cogs/analytics.py", line 652, in on_member_update
    before_timeout = before.timed_out_until
                     ^^^^^^^^^^^^^^^^^^^^^^
AttributeError: 'Member' object has no attribute 'timed_out_until'
INFO:asu_discord.cogs.verification:Saved 5 roles to database for user bjsheri1 (Discord ID: 389520099268100096)
INFO:asu_discord.cogs.verification:Refreshed Salesforce roles for Discord user 389520099268100096: -5/+5 roles, assigned=[Arizona Resident, First Year, Herberger Institute for Design and the Arts, Tempe, Upperclassmen]
INFO:asu_discord.salesforce:No Salesforce opportunities found for ailuna2
INFO:cron.jobs:refresh_salesforce_roles: skipping ailuna2: no profile returned
Ignoring exception in on_member_update
Traceback (most recent call last):
  File "/usr/local/lib/python3.12/site-packages/discord/client.py", line 465, in _run_event
    await coro(*args, **kwargs)
  File "/app/asu_discord/cogs/analytics.py", line 652, in on_member_update
    before_timeout = before.timed_out_until
                     ^^^^^^^^^^^^^^^^^^^^^^
AttributeError: 'Member' object has no attribute 'timed_out_until'
INFO:asu_discord.cogs.verification:Saved 1 roles to database for user cdbaxte2 (Discord ID: 711372997440569365)
INFO:asu_discord.cogs.verification:Refreshed Salesforce roles for Discord user 711372997440569365: -1/+0 roles, assigned=[Out of State]
Ignoring exception in on_member_update
Traceback (most recent call last):
  File "/usr/local/lib/python3.12/site-packages/discord/client.py", line 465, in _run_event
    await coro(*args, **kwargs)
  File "/app/asu_discord/cogs/analytics.py", line 652, in on_member_update
    before_timeout = before.timed_out_until
                     ^^^^^^^^^^^^^^^^^^^^^^
AttributeError: 'Member' object has no attribute 'timed_out_until'
Ignoring exception in on_member_update
Traceback (most recent call last):
  File "/usr/local/lib/python3.12/site-packages/discord/client.py", line 465, in _run_event
    await coro(*args, **kwargs)
  File "/app/asu_discord/cogs/analytics.py", line 652, in on_member_update
    before_timeout = before.timed_out_until
                     ^^^^^^^^^^^^^^^^^^^^^^
AttributeError: 'Member' object has no attribute 'timed_out_until'
INFO:asu_discord.cogs.verification:Saved 1 roles to database for user jrlilly (Discord ID: 1051614454925774868)
INFO:asu_discord.cogs.verification:Refreshed Salesforce roles for Discord user 1051614454925774868: -1/+1 roles, assigned=[Out of State]
Ignoring exception in on_member_update
Traceback (most recent call last):
  File "/usr/local/lib/python3.12/site-packages/discord/client.py", line 465, in _run_event
    await coro(*args, **kwargs)
  File "/app/asu_discord/cogs/analytics.py", line 652, in on_member_update
    before_timeout = before.timed_out_until
                     ^^^^^^^^^^^^^^^^^^^^^^
AttributeError: 'Member' object has no attribute 'timed_out_until'
Ignoring exception in on_member_update
Traceback (most recent call last):
  File "/usr/local/lib/python3.12/site-packages/discord/client.py", line 465, in _run_event
    await coro(*args, **kwargs)
  File "/app/asu_discord/cogs/analytics.py", line 652, in on_member_update
    before_timeout = before.timed_out_until
                     ^^^^^^^^^^^^^^^^^^^^^^
AttributeError: 'Member' object has no attribute 'timed_out_until'
Ignoring exception in on_member_update
Traceback (most recent call last):
  File "/usr/local/lib/python3.12/site-packages/discord/client.py", line 465, in _run_event
    await coro(*args, **kwargs)
  File "/app/asu_discord/cogs/analytics.py", line 652, in on_member_update
    before_timeout = before.timed_out_until
                     ^^^^^^^^^^^^^^^^^^^^^^
AttributeError: 'Member' object has no attribute 'timed_out_until'
Ignoring exception in on_member_update
Traceback (most recent call last):
  File "/usr/local/lib/python3.12/site-packages/discord/client.py", line 465, in _run_event
    await coro(*args, **kwargs)
  File "/app/asu_discord/cogs/analytics.py", line 652, in on_member_update
    before_timeout = before.timed_out_until
                     ^^^^^^^^^^^^^^^^^^^^^^
AttributeError: 'Member' object has no attribute 'timed_out_until'
Ignoring exception in on_member_update
Traceback (most recent call last):
  File "/usr/local/lib/python3.12/site-packages/discord/client.py", line 465, in _run_event
    await coro(*args, **kwargs)
  File "/app/asu_discord/cogs/analytics.py", line 652, in on_member_update
    before_timeout = before.timed_out_until
                     ^^^^^^^^^^^^^^^^^^^^^^
AttributeError: 'Member' object has no attribute 'timed_out_until'
Ignoring exception in on_member_update
Traceback (most recent call last):
  File "/usr/local/lib/python3.12/site-packages/discord/client.py", line 465, in _run_event
    await coro(*args, **kwargs)
  File "/app/asu_discord/cogs/analytics.py", line 652, in on_member_update
    before_timeout = before.timed_out_until
                     ^^^^^^^^^^^^^^^^^^^^^^
AttributeError: 'Member' object has no attribute 'timed_out_until'
Ignoring exception in on_member_update
Traceback (most recent call last):
  File "/usr/local/lib/python3.12/site-packages/discord/client.py", line 465, in _run_event
    await coro(*args, **kwargs)
  File "/app/asu_discord/cogs/analytics.py", line 652, in on_member_update
    before_timeout = before.timed_out_until
                     ^^^^^^^^^^^^^^^^^^^^^^
AttributeError: 'Member' object has no attribute 'timed_out_until'
Ignoring exception in on_member_update
Traceback (most recent call last):
  File "/usr/local/lib/python3.12/site-packages/discord/client.py", line 465, in _run_event
    await coro(*args, **kwargs)
  File "/app/asu_discord/cogs/analytics.py", line 652, in on_member_update
    before_timeout = before.timed_out_until
                     ^^^^^^^^^^^^^^^^^^^^^^
AttributeError: 'Member' object has no attribute 'timed_out_until'
Ignoring exception in on_member_update
Traceback (most recent call last):
  File "/usr/local/lib/python3.12/site-packages/discord/client.py", line 465, in _run_event
    await coro(*args, **kwargs)
  File "/app/asu_discord/cogs/analytics.py", line 652, in on_member_update
    before_timeout = before.timed_out_until
                     ^^^^^^^^^^^^^^^^^^^^^^
AttributeError: 'Member' object has no attribute 'timed_out_until'
Ignoring exception in on_member_update
Traceback (most recent call last):
  File "/usr/local/lib/python3.12/site-packages/discord/client.py", line 465, in _run_event
    await coro(*args, **kwargs)
  File "/app/asu_discord/cogs/analytics.py", line 652, in on_member_update
    before_timeout = before.timed_out_until
                     ^^^^^^^^^^^^^^^^^^^^^^
AttributeError: 'Member' object has no attribute 'timed_out_until'
INFO:asu_discord.cogs.verification:Saved 5 roles to database for user ksartor2 (Discord ID: 691905918501257256)
INFO:asu_discord.cogs.verification:Refreshed Salesforce roles for Discord user 691905918501257256: -5/+5 roles, assigned=[Arizona Resident, Commited, First Year, Ira A. Fulton Schools of Engineering, Tempe]
Ignoring exception in on_member_update
Traceback (most recent call last):
  File "/usr/local/lib/python3.12/site-packages/discord/client.py", line 465, in _run_event
    await coro(*args, **kwargs)
  File "/app/asu_discord/cogs/analytics.py", line 652, in on_member_update
    before_timeout = before.timed_out_until
                     ^^^^^^^^^^^^^^^^^^^^^^
AttributeError: 'Member' object has no attribute 'timed_out_until'
Ignoring exception in on_member_update
Traceback (most recent call last):
  File "/usr/local/lib/python3.12/site-packages/discord/client.py", line 465, in _run_event
    await coro(*args, **kwargs)
  File "/app/asu_discord/cogs/analytics.py", line 652, in on_member_update
    before_timeout = before.timed_out_until
                     ^^^^^^^^^^^^^^^^^^^^^^
AttributeError: 'Member' object has no attribute 'timed_out_until'
Ignoring exception in on_member_update
Traceback (most recent call last):
  File "/usr/local/lib/python3.12/site-packages/discord/client.py", line 465, in _run_event
    await coro(*args, **kwargs)
  File "/app/asu_discord/cogs/analytics.py", line 652, in on_member_update
    before_timeout = before.timed_out_until
                     ^^^^^^^^^^^^^^^^^^^^^^
AttributeError: 'Member' object has no attribute 'timed_out_until'
Ignoring exception in on_member_update
Traceback (most recent call last):
  File "/usr/local/lib/python3.12/site-packages/discord/client.py", line 465, in _run_event
    await coro(*args, **kwargs)
  File "/app/asu_discord/cogs/analytics.py", line 652, in on_member_update
    before_timeout = before.timed_out_until
                     ^^^^^^^^^^^^^^^^^^^^^^
AttributeError: 'Member' object has no attribute 'timed_out_until'
Ignoring exception in on_member_update
Traceback (most recent call last):
  File "/usr/local/lib/python3.12/site-packages/discord/client.py", line 465, in _run_event
    await coro(*args, **kwargs)
  File "/app/asu_discord/cogs/analytics.py", line 652, in on_member_update
    before_timeout = before.timed_out_until
                     ^^^^^^^^^^^^^^^^^^^^^^
AttributeError: 'Member' object has no attribute 'timed_out_until'
Ignoring exception in on_member_update
Traceback (most recent call last):
  File "/usr/local/lib/python3.12/site-packages/discord/client.py", line 465, in _run_event
    await coro(*args, **kwargs)
  File "/app/asu_discord/cogs/analytics.py", line 652, in on_member_update
    before_timeout = before.timed_out_until
                     ^^^^^^^^^^^^^^^^^^^^^^
AttributeError: 'Member' object has no attribute 'timed_out_until'
Ignoring exception in on_member_update
Traceback (most recent call last):
  File "/usr/local/lib/python3.12/site-packages/discord/client.py", line 465, in _run_event
    await coro(*args, **kwargs)
  File "/app/asu_discord/cogs/analytics.py", line 652, in on_member_update
    before_timeout = before.timed_out_until
                     ^^^^^^^^^^^^^^^^^^^^^^
AttributeError: 'Member' object has no attribute 'timed_out_until'
Ignoring exception in on_member_update
Traceback (most recent call last):
  File "/usr/local/lib/python3.12/site-packages/discord/client.py", line 465, in _run_event
    await coro(*args, **kwargs)
  File "/app/asu_discord/cogs/analytics.py", line 652, in on_member_update
    before_timeout = before.timed_out_until
                     ^^^^^^^^^^^^^^^^^^^^^^
AttributeError: 'Member' object has no attribute 'timed_out_until'
Ignoring exception in on_member_update
Traceback (most recent call last):
  File "/usr/local/lib/python3.12/site-packages/discord/client.py", line 465, in _run_event
    await coro(*args, **kwargs)
  File "/app/asu_discord/cogs/analytics.py", line 652, in on_member_update
    before_timeout = before.timed_out_until
                     ^^^^^^^^^^^^^^^^^^^^^^
AttributeError: 'Member' object has no attribute 'timed_out_until'
Ignoring exception in on_member_update
Traceback (most recent call last):
  File "/usr/local/lib/python3.12/site-packages/discord/client.py", line 465, in _run_event
    await coro(*args, **kwargs)
  File "/app/asu_discord/cogs/analytics.py", line 652, in on_member_update
    before_timeout = before.timed_out_until
                     ^^^^^^^^^^^^^^^^^^^^^^
AttributeError: 'Member' object has no attribute 'timed_out_until'
INFO:asu_discord.cogs.verification:Saved 5 roles to database for user cmcole15 (Discord ID: 853421652558086164)
INFO:asu_discord.cogs.verification:Refreshed Salesforce roles for Discord user 853421652558086164: -5/+5 roles, assigned=[Commited, Downtown Phoenix, Out of State, Transfer Student, Walter Cronkite School of Journalism and Mass Communication]
Ignoring exception in on_member_update
Traceback (most recent call last):
  File "/usr/local/lib/python3.12/site-packages/discord/client.py", line 465, in _run_event
    await coro(*args, **kwargs)
  File "/app/asu_discord/cogs/analytics.py", line 652, in on_member_update
    before_timeout = before.timed_out_until
                     ^^^^^^^^^^^^^^^^^^^^^^
AttributeError: 'Member' object has no attribute 'timed_out_until'
Ignoring exception in on_member_update
Traceback (most recent call last):
  File "/usr/local/lib/python3.12/site-packages/discord/client.py", line 465, in _run_event
    await coro(*args, **kwargs)
  File "/app/asu_discord/cogs/analytics.py", line 652, in on_member_update
    before_timeout = before.timed_out_until
                     ^^^^^^^^^^^^^^^^^^^^^^
AttributeError: 'Member' object has no attribute 'timed_out_until'
Ignoring exception in on_member_update
Traceback (most recent call last):
  File "/usr/local/lib/python3.12/site-packages/discord/client.py", line 465, in _run_event
    await coro(*args, **kwargs)
  File "/app/asu_discord/cogs/analytics.py", line 652, in on_member_update
    before_timeout = before.timed_out_until
                     ^^^^^^^^^^^^^^^^^^^^^^
AttributeError: 'Member' object has no attribute 'timed_out_until'
Ignoring exception in on_member_update
Traceback (most recent call last):
  File "/usr/local/lib/python3.12/site-packages/discord/client.py", line 465, in _run_event
    await coro(*args, **kwargs)
  File "/app/asu_discord/cogs/analytics.py", line 652, in on_member_update
    before_timeout = before.timed_out_until
                     ^^^^^^^^^^^^^^^^^^^^^^
AttributeError: 'Member' object has no attribute 'timed_out_until'
Ignoring exception in on_member_update
Traceback (most recent call last):
  File "/usr/local/lib/python3.12/site-packages/discord/client.py", line 465, in _run_event
    await coro(*args, **kwargs)
  File "/app/asu_discord/cogs/analytics.py", line 652, in on_member_update
    before_timeout = before.timed_out_until
                     ^^^^^^^^^^^^^^^^^^^^^^
AttributeError: 'Member' object has no attribute 'timed_out_until'
Ignoring exception in on_member_update
Traceback (most recent call last):
  File "/usr/local/lib/python3.12/site-packages/discord/client.py", line 465, in _run_event
    await coro(*args, **kwargs)
  File "/app/asu_discord/cogs/analytics.py", line 652, in on_member_update
    before_timeout = before.timed_out_until
                     ^^^^^^^^^^^^^^^^^^^^^^
AttributeError: 'Member' object has no attribute 'timed_out_until'
Ignoring exception in on_member_update
Traceback (most recent call last):
  File "/usr/local/lib/python3.12/site-packages/discord/client.py", line 465, in _run_event
    await coro(*args, **kwargs)
  File "/app/asu_discord/cogs/analytics.py", line 652, in on_member_update
    before_timeout = before.timed_out_until
                     ^^^^^^^^^^^^^^^^^^^^^^
AttributeError: 'Member' object has no attribute 'timed_out_until'
Ignoring exception in on_member_update
Traceback (most recent call last):
  File "/usr/local/lib/python3.12/site-packages/discord/client.py", line 465, in _run_event
    await coro(*args, **kwargs)
  File "/app/asu_discord/cogs/analytics.py", line 652, in on_member_update
    before_timeout = before.timed_out_until
                     ^^^^^^^^^^^^^^^^^^^^^^
AttributeError: 'Member' object has no attribute 'timed_out_until'
Ignoring exception in on_member_update
Traceback (most recent call last):
  File "/usr/local/lib/python3.12/site-packages/discord/client.py", line 465, in _run_event
    await coro(*args, **kwargs)
  File "/app/asu_discord/cogs/analytics.py", line 652, in on_member_update
    before_timeout = before.timed_out_until
                     ^^^^^^^^^^^^^^^^^^^^^^
AttributeError: 'Member' object has no attribute 'timed_out_until'
Ignoring exception in on_member_update
Traceback (most recent call last):
  File "/usr/local/lib/python3.12/site-packages/discord/client.py", line 465, in _run_event
    await coro(*args, **kwargs)
  File "/app/asu_discord/cogs/analytics.py", line 652, in on_member_update
    before_timeout = before.timed_out_until
                     ^^^^^^^^^^^^^^^^^^^^^^
AttributeError: 'Member' object has no attribute 'timed_out_until'
Ignoring exception in on_member_update
Traceback (most recent call last):
  File "/usr/local/lib/python3.12/site-packages/discord/client.py", line 465, in _run_event
    await coro(*args, **kwargs)
  File "/app/asu_discord/cogs/analytics.py", line 652, in on_member_update
    before_timeout = before.timed_out_until
                     ^^^^^^^^^^^^^^^^^^^^^^
AttributeError: 'Member' object has no attribute 'timed_out_until'
Ignoring exception in on_member_update
Traceback (most recent call last):
  File "/usr/local/lib/python3.12/site-packages/discord/client.py", line 465, in _run_event
    await coro(*args, **kwargs)
  File "/app/asu_discord/cogs/analytics.py", line 652, in on_member_update
    before_timeout = before.timed_out_until
                     ^^^^^^^^^^^^^^^^^^^^^^
AttributeError: 'Member' object has no attribute 'timed_out_until'
INFO:asu_discord.cogs.verification:Saved 6 roles to database for user jlohani1 (Discord ID: 699376207040348311)
INFO:asu_discord.cogs.verification:Refreshed Salesforce roles for Discord user 699376207040348311: -6/+6 roles, assigned=[Arizona Resident, Commited, First Generation Student, First Year, Tempe, W.P. Carey School of Business]
ERROR:cron.jobs:refresh_salesforce_roles: failed for daibek (Discord ID 690540855341219870): Failed to refresh Salesforce-based roles: Discord user 690540855341219870 is not a member of the guild
Ignoring exception in on_member_update
Traceback (most recent call last):
  File "/usr/local/lib/python3.12/site-packages/discord/client.py", line 465, in _run_event
    await coro(*args, **kwargs)
  File "/app/asu_discord/cogs/analytics.py", line 652, in on_member_update
    before_timeout = before.timed_out_until
                     ^^^^^^^^^^^^^^^^^^^^^^
AttributeError: 'Member' object has no attribute 'timed_out_until'
Ignoring exception in on_member_update
Traceback (most recent call last):
  File "/usr/local/lib/python3.12/site-packages/discord/client.py", line 465, in _run_event
    await coro(*args, **kwargs)
  File "/app/asu_discord/cogs/analytics.py", line 652, in on_member_update
    before_timeout = before.timed_out_until
                     ^^^^^^^^^^^^^^^^^^^^^^
AttributeError: 'Member' object has no attribute 'timed_out_until'
Ignoring exception in on_member_update
Traceback (most recent call last):
  File "/usr/local/lib/python3.12/site-packages/discord/client.py", line 465, in _run_event
    await coro(*args, **kwargs)
  File "/app/asu_discord/cogs/analytics.py", line 652, in on_member_update
    before_timeout = before.timed_out_until
                     ^^^^^^^^^^^^^^^^^^^^^^
AttributeError: 'Member' object has no attribute 'timed_out_until'
Ignoring exception in on_member_update
Traceback (most recent call last):
  File "/usr/local/lib/python3.12/site-packages/discord/client.py", line 465, in _run_event
    await coro(*args, **kwargs)
  File "/app/asu_discord/cogs/analytics.py", line 652, in on_member_update
    before_timeout = before.timed_out_until
                     ^^^^^^^^^^^^^^^^^^^^^^
AttributeError: 'Member' object has no attribute 'timed_out_until'
Ignoring exception in on_member_update
Traceback (most recent call last):
  File "/usr/local/lib/python3.12/site-packages/discord/client.py", line 465, in _run_event
    await coro(*args, **kwargs)
  File "/app/asu_discord/cogs/analytics.py", line 652, in on_member_update
    before_timeout = before.timed_out_until
                     ^^^^^^^^^^^^^^^^^^^^^^
AttributeError: 'Member' object has no attribute 'timed_out_until'
Ignoring exception in on_member_update
Traceback (most recent call last):
  File "/usr/local/lib/python3.12/site-packages/discord/client.py", line 465, in _run_event
    await coro(*args, **kwargs)
  File "/app/asu_discord/cogs/analytics.py", line 652, in on_member_update
    before_timeout = before.timed_out_until
                     ^^^^^^^^^^^^^^^^^^^^^^
AttributeError: 'Member' object has no attribute 'timed_out_until'
Ignoring exception in on_member_update
Traceback (most recent call last):
  File "/usr/local/lib/python3.12/site-packages/discord/client.py", line 465, in _run_event
    await coro(*args, **kwargs)
  File "/app/asu_discord/cogs/analytics.py", line 652, in on_member_update
    before_timeout = before.timed_out_until
                     ^^^^^^^^^^^^^^^^^^^^^^
AttributeError: 'Member' object has no attribute 'timed_out_until'
Ignoring exception in on_member_update
Traceback (most recent call last):
  File "/usr/local/lib/python3.12/site-packages/discord/client.py", line 465, in _run_event
    await coro(*args, **kwargs)
  File "/app/asu_discord/cogs/analytics.py", line 652, in on_member_update
    before_timeout = before.timed_out_until
                     ^^^^^^^^^^^^^^^^^^^^^^
AttributeError: 'Member' object has no attribute 'timed_out_until'
Ignoring exception in on_member_update
Traceback (most recent call last):
  File "/usr/local/lib/python3.12/site-packages/discord/client.py", line 465, in _run_event
    await coro(*args, **kwargs)
  File "/app/asu_discord/cogs/analytics.py", line 652, in on_member_update
    before_timeout = before.timed_out_until
                     ^^^^^^^^^^^^^^^^^^^^^^
AttributeError: 'Member' object has no attribute 'timed_out_until'
Ignoring exception in on_member_update
Traceback (most recent call last):
  File "/usr/local/lib/python3.12/site-packages/discord/client.py", line 465, in _run_event
    await coro(*args, **kwargs)
  File "/app/asu_discord/cogs/analytics.py", line 652, in on_member_update
    before_timeout = before.timed_out_until
                     ^^^^^^^^^^^^^^^^^^^^^^
AttributeError: 'Member' object has no attribute 'timed_out_until'
INFO:asu_discord.cogs.verification:Saved 5 roles to database for user saechana (Discord ID: 691680238802960394)
INFO:asu_discord.cogs.verification:Refreshed Salesforce roles for Discord user 691680238802960394: -5/+5 roles, assigned=[Commited, Graduate Student, International Student, Ira A. Fulton Schools of Engineering, Tempe]
Ignoring exception in on_member_update
Traceback (most recent call last):
  File "/usr/local/lib/python3.12/site-packages/discord/client.py", line 465, in _run_event
    await coro(*args, **kwargs)
  File "/app/asu_discord/cogs/analytics.py", line 652, in on_member_update
    before_timeout = before.timed_out_until
                     ^^^^^^^^^^^^^^^^^^^^^^
AttributeError: 'Member' object has no attribute 'timed_out_until'
Ignoring exception in on_member_update
Traceback (most recent call last):
  File "/usr/local/lib/python3.12/site-packages/discord/client.py", line 465, in _run_event
    await coro(*args, **kwargs)
  File "/app/asu_discord/cogs/analytics.py", line 652, in on_member_update
    before_timeout = before.timed_out_until
                     ^^^^^^^^^^^^^^^^^^^^^^
AttributeError: 'Member' object has no attribute 'timed_out_until'
Ignoring exception in on_member_update
Traceback (most recent call last):
  File "/usr/local/lib/python3.12/site-packages/discord/client.py", line 465, in _run_event
    await coro(*args, **kwargs)
  File "/app/asu_discord/cogs/analytics.py", line 652, in on_member_update
    before_timeout = before.timed_out_until
                     ^^^^^^^^^^^^^^^^^^^^^^
AttributeError: 'Member' object has no attribute 'timed_out_until'
Ignoring exception in on_member_update
Traceback (most recent call last):
  File "/usr/local/lib/python3.12/site-packages/discord/client.py", line 465, in _run_event
    await coro(*args, **kwargs)
  File "/app/asu_discord/cogs/analytics.py", line 652, in on_member_update
    before_timeout = before.timed_out_until
                     ^^^^^^^^^^^^^^^^^^^^^^
AttributeError: 'Member' object has no attribute 'timed_out_until'
Ignoring exception in on_member_update
Traceback (most recent call last):
  File "/usr/local/lib/python3.12/site-packages/discord/client.py", line 465, in _run_event
    await coro(*args, **kwargs)
  File "/app/asu_discord/cogs/analytics.py", line 652, in on_member_update
    before_timeout = before.timed_out_until
                     ^^^^^^^^^^^^^^^^^^^^^^
AttributeError: 'Member' object has no attribute 'timed_out_until'
Ignoring exception in on_member_update
Traceback (most recent call last):
  File "/usr/local/lib/python3.12/site-packages/discord/client.py", line 465, in _run_event
    await coro(*args, **kwargs)
  File "/app/asu_discord/cogs/analytics.py", line 652, in on_member_update
    before_timeout = before.timed_out_until
                     ^^^^^^^^^^^^^^^^^^^^^^
AttributeError: 'Member' object has no attribute 'timed_out_until'
Ignoring exception in on_member_update
Traceback (most recent call last):
  File "/usr/local/lib/python3.12/site-packages/discord/client.py", line 465, in _run_event
    await coro(*args, **kwargs)
  File "/app/asu_discord/cogs/analytics.py", line 652, in on_member_update
    before_timeout = before.timed_out_until
                     ^^^^^^^^^^^^^^^^^^^^^^
AttributeError: 'Member' object has no attribute 'timed_out_until'
Ignoring exception in on_member_update
Traceback (most recent call last):
  File "/usr/local/lib/python3.12/site-packages/discord/client.py", line 465, in _run_event
    await coro(*args, **kwargs)
  File "/app/asu_discord/cogs/analytics.py", line 652, in on_member_update
    before_timeout = before.timed_out_until
                     ^^^^^^^^^^^^^^^^^^^^^^
AttributeError: 'Member' object has no attribute 'timed_out_until'
Ignoring exception in on_member_update
Traceback (most recent call last):
  File "/usr/local/lib/python3.12/site-packages/discord/client.py", line 465, in _run_event
    await coro(*args, **kwargs)
  File "/app/asu_discord/cogs/analytics.py", line 652, in on_member_update
    before_timeout = before.timed_out_until
                     ^^^^^^^^^^^^^^^^^^^^^^
AttributeError: 'Member' object has no attribute 'timed_out_until'
Ignoring exception in on_member_update
Traceback (most recent call last):
  File "/usr/local/lib/python3.12/site-packages/discord/client.py", line 465, in _run_event
    await coro(*args, **kwargs)
  File "/app/asu_discord/cogs/analytics.py", line 652, in on_member_update
    before_timeout = before.timed_out_until
                     ^^^^^^^^^^^^^^^^^^^^^^
AttributeError: 'Member' object has no attribute 'timed_out_until'
INFO:asu_discord.cogs.verification:Saved 5 roles to database for user jamend55 (Discord ID: 715285309235003456)
INFO:asu_discord.cogs.verification:Refreshed Salesforce roles for Discord user 715285309235003456: -5/+5 roles, assigned=[Commited, First Year, Ira A. Fulton Schools of Engineering, Out of State, Tempe]
Ignoring exception in on_member_update
Traceback (most recent call last):
  File "/usr/local/lib/python3.12/site-packages/discord/client.py", line 465, in _run_event
    await coro(*args, **kwargs)
  File "/app/asu_discord/cogs/analytics.py", line 652, in on_member_update
    before_timeout = before.timed_out_until
                     ^^^^^^^^^^^^^^^^^^^^^^
AttributeError: 'Member' object has no attribute 'timed_out_until'
Ignoring exception in on_member_update
Traceback (most recent call last):
  File "/usr/local/lib/python3.12/site-packages/discord/client.py", line 465, in _run_event
    await coro(*args, **kwargs)
  File "/app/asu_discord/cogs/analytics.py", line 652, in on_member_update
    before_timeout = before.timed_out_until
                     ^^^^^^^^^^^^^^^^^^^^^^
AttributeError: 'Member' object has no attribute 'timed_out_until'
Ignoring exception in on_member_update
Traceback (most recent call last):
  File "/usr/local/lib/python3.12/site-packages/discord/client.py", line 465, in _run_event
    await coro(*args, **kwargs)
  File "/app/asu_discord/cogs/analytics.py", line 652, in on_member_update
    before_timeout = before.timed_out_until
                     ^^^^^^^^^^^^^^^^^^^^^^
AttributeError: 'Member' object has no attribute 'timed_out_until'
Ignoring exception in on_member_update
Traceback (most recent call last):
  File "/usr/local/lib/python3.12/site-packages/discord/client.py", line 465, in _run_event
    await coro(*args, **kwargs)
  File "/app/asu_discord/cogs/analytics.py", line 652, in on_member_update
    before_timeout = before.timed_out_until
                     ^^^^^^^^^^^^^^^^^^^^^^
AttributeError: 'Member' object has no attribute 'timed_out_until'
Ignoring exception in on_member_update
Traceback (most recent call last):
  File "/usr/local/lib/python3.12/site-packages/discord/client.py", line 465, in _run_event
    await coro(*args, **kwargs)
  File "/app/asu_discord/cogs/analytics.py", line 652, in on_member_update
    before_timeout = before.timed_out_until
                     ^^^^^^^^^^^^^^^^^^^^^^
AttributeError: 'Member' object has no attribute 'timed_out_until'
Ignoring exception in on_member_update
Traceback (most recent call last):
  File "/usr/local/lib/python3.12/site-packages/discord/client.py", line 465, in _run_event
    await coro(*args, **kwargs)
  File "/app/asu_discord/cogs/analytics.py", line 652, in on_member_update
    before_timeout = before.timed_out_until
                     ^^^^^^^^^^^^^^^^^^^^^^
AttributeError: 'Member' object has no attribute 'timed_out_until'
Ignoring exception in on_member_update
Traceback (most recent call last):
  File "/usr/local/lib/python3.12/site-packages/discord/client.py", line 465, in _run_event
    await coro(*args, **kwargs)
  File "/app/asu_discord/cogs/analytics.py", line 652, in on_member_update
    before_timeout = before.timed_out_until
                     ^^^^^^^^^^^^^^^^^^^^^^
AttributeError: 'Member' object has no attribute 'timed_out_until'
Ignoring exception in on_member_update
Traceback (most recent call last):
  File "/usr/local/lib/python3.12/site-packages/discord/client.py", line 465, in _run_event
    await coro(*args, **kwargs)
  File "/app/asu_discord/cogs/analytics.py", line 652, in on_member_update
    before_timeout = before.timed_out_until
                     ^^^^^^^^^^^^^^^^^^^^^^
AttributeError: 'Member' object has no attribute 'timed_out_until'
Ignoring exception in on_member_update
Traceback (most recent call last):
  File "/usr/local/lib/python3.12/site-packages/discord/client.py", line 465, in _run_event
    await coro(*args, **kwargs)
  File "/app/asu_discord/cogs/analytics.py", line 652, in on_member_update
    before_timeout = before.timed_out_until
                     ^^^^^^^^^^^^^^^^^^^^^^
AttributeError: 'Member' object has no attribute 'timed_out_until'
INFO:asu_discord.cogs.verification:Saved 5 roles to database for user mnovell1 (Discord ID: 1136746666389668001)
INFO:asu_discord.cogs.verification:Refreshed Salesforce roles for Discord user 1136746666389668001: -5/+4 roles, assigned=[Commited, Downtown Phoenix, First Year, Herberger Institute for Design and the Arts, International Student]
Ignoring exception in on_member_update
Traceback (most recent call last):
  File "/usr/local/lib/python3.12/site-packages/discord/client.py", line 465, in _run_event
    await coro(*args, **kwargs)
  File "/app/asu_discord/cogs/analytics.py", line 652, in on_member_update
    before_timeout = before.timed_out_until
                     ^^^^^^^^^^^^^^^^^^^^^^
AttributeError: 'Member' object has no attribute 'timed_out_until'
Ignoring exception in on_member_update
Traceback (most recent call last):
  File "/usr/local/lib/python3.12/site-packages/discord/client.py", line 465, in _run_event
    await coro(*args, **kwargs)
  File "/app/asu_discord/cogs/analytics.py", line 652, in on_member_update
    before_timeout = before.timed_out_until
                     ^^^^^^^^^^^^^^^^^^^^^^
AttributeError: 'Member' object has no attribute 'timed_out_until'
Ignoring exception in on_member_update
Traceback (most recent call last):
  File "/usr/local/lib/python3.12/site-packages/discord/client.py", line 465, in _run_event
    await coro(*args, **kwargs)
  File "/app/asu_discord/cogs/analytics.py", line 652, in on_member_update
    before_timeout = before.timed_out_until
                     ^^^^^^^^^^^^^^^^^^^^^^
AttributeError: 'Member' object has no attribute 'timed_out_until'
Ignoring exception in on_member_update
Traceback (most recent call last):
  File "/usr/local/lib/python3.12/site-packages/discord/client.py", line 465, in _run_event
    await coro(*args, **kwargs)
  File "/app/asu_discord/cogs/analytics.py", line 652, in on_member_update
    before_timeout = before.timed_out_until
                     ^^^^^^^^^^^^^^^^^^^^^^
AttributeError: 'Member' object has no attribute 'timed_out_until'
Ignoring exception in on_member_update
Traceback (most recent call last):
  File "/usr/local/lib/python3.12/site-packages/discord/client.py", line 465, in _run_event
    await coro(*args, **kwargs)
  File "/app/asu_discord/cogs/analytics.py", line 652, in on_member_update
    before_timeout = before.timed_out_until
                     ^^^^^^^^^^^^^^^^^^^^^^
AttributeError: 'Member' object has no attribute 'timed_out_until'
Ignoring exception in on_member_update
Traceback (most recent call last):
  File "/usr/local/lib/python3.12/site-packages/discord/client.py", line 465, in _run_event
    await coro(*args, **kwargs)
  File "/app/asu_discord/cogs/analytics.py", line 652, in on_member_update
    before_timeout = before.timed_out_until
                     ^^^^^^^^^^^^^^^^^^^^^^
AttributeError: 'Member' object has no attribute 'timed_out_until'
Ignoring exception in on_member_update
Traceback (most recent call last):
  File "/usr/local/lib/python3.12/site-packages/discord/client.py", line 465, in _run_event
    await coro(*args, **kwargs)
  File "/app/asu_discord/cogs/analytics.py", line 652, in on_member_update
    before_timeout = before.timed_out_until
                     ^^^^^^^^^^^^^^^^^^^^^^
AttributeError: 'Member' object has no attribute 'timed_out_until'
INFO:asu_discord.cogs.verification:Saved 4 roles to database for user agoel112 (Discord ID: 1492144036084187157)
INFO:asu_discord.cogs.verification:Refreshed Salesforce roles for Discord user 1492144036084187157: -4/+4 roles, assigned=[Graduate Student, International Student, Tempe, W.P. Carey School of Business]
Ignoring exception in on_member_update
Traceback (most recent call last):
  File "/usr/local/lib/python3.12/site-packages/discord/client.py", line 465, in _run_event
    await coro(*args, **kwargs)
  File "/app/asu_discord/cogs/analytics.py", line 652, in on_member_update
    before_timeout = before.timed_out_until
                     ^^^^^^^^^^^^^^^^^^^^^^
AttributeError: 'Member' object has no attribute 'timed_out_until'
Ignoring exception in on_member_update
Traceback (most recent call last):
  File "/usr/local/lib/python3.12/site-packages/discord/client.py", line 465, in _run_event
    await coro(*args, **kwargs)
  File "/app/asu_discord/cogs/analytics.py", line 652, in on_member_update
    before_timeout = before.timed_out_until
                     ^^^^^^^^^^^^^^^^^^^^^^
AttributeError: 'Member' object has no attribute 'timed_out_until'
Ignoring exception in on_member_update
Traceback (most recent call last):
  File "/usr/local/lib/python3.12/site-packages/discord/client.py", line 465, in _run_event
    await coro(*args, **kwargs)
  File "/app/asu_discord/cogs/analytics.py", line 652, in on_member_update
    before_timeout = before.timed_out_until
                     ^^^^^^^^^^^^^^^^^^^^^^
AttributeError: 'Member' object has no attribute 'timed_out_until'
Ignoring exception in on_member_update
Traceback (most recent call last):
  File "/usr/local/lib/python3.12/site-packages/discord/client.py", line 465, in _run_event
    await coro(*args, **kwargs)
  File "/app/asu_discord/cogs/analytics.py", line 652, in on_member_update
    before_timeout = before.timed_out_until
                     ^^^^^^^^^^^^^^^^^^^^^^
AttributeError: 'Member' object has no attribute 'timed_out_until'
Ignoring exception in on_member_update
Traceback (most recent call last):
  File "/usr/local/lib/python3.12/site-packages/discord/client.py", line 465, in _run_event
    await coro(*args, **kwargs)
  File "/app/asu_discord/cogs/analytics.py", line 652, in on_member_update
    before_timeout = before.timed_out_until
                     ^^^^^^^^^^^^^^^^^^^^^^
AttributeError: 'Member' object has no attribute 'timed_out_until'
Ignoring exception in on_member_update
Traceback (most recent call last):
  File "/usr/local/lib/python3.12/site-packages/discord/client.py", line 465, in _run_event
    await coro(*args, **kwargs)
  File "/app/asu_discord/cogs/analytics.py", line 652, in on_member_update
    before_timeout = before.timed_out_until
                     ^^^^^^^^^^^^^^^^^^^^^^
AttributeError: 'Member' object has no attribute 'timed_out_until'
Ignoring exception in on_member_update
Traceback (most recent call last):
  File "/usr/local/lib/python3.12/site-packages/discord/client.py", line 465, in _run_event
    await coro(*args, **kwargs)
  File "/app/asu_discord/cogs/analytics.py", line 652, in on_member_update
    before_timeout = before.timed_out_until
                     ^^^^^^^^^^^^^^^^^^^^^^
AttributeError: 'Member' object has no attribute 'timed_out_until'
Ignoring exception in on_member_update
Traceback (most recent call last):
  File "/usr/local/lib/python3.12/site-packages/discord/client.py", line 465, in _run_event
    await coro(*args, **kwargs)
  File "/app/asu_discord/cogs/analytics.py", line 652, in on_member_update
    before_timeout = before.timed_out_until
                     ^^^^^^^^^^^^^^^^^^^^^^
AttributeError: 'Member' object has no attribute 'timed_out_until'
Ignoring exception in on_member_update
Traceback (most recent call last):
  File "/usr/local/lib/python3.12/site-packages/discord/client.py", line 465, in _run_event
    await coro(*args, **kwargs)
  File "/app/asu_discord/cogs/analytics.py", line 652, in on_member_update
    before_timeout = before.timed_out_until
                     ^^^^^^^^^^^^^^^^^^^^^^
AttributeError: 'Member' object has no attribute 'timed_out_until'
Ignoring exception in on_member_update
Traceback (most recent call last):
  File "/usr/local/lib/python3.12/site-packages/discord/client.py", line 465, in _run_event
    await coro(*args, **kwargs)
  File "/app/asu_discord/cogs/analytics.py", line 652, in on_member_update
    before_timeout = before.timed_out_until
                     ^^^^^^^^^^^^^^^^^^^^^^
AttributeError: 'Member' object has no attribute 'timed_out_until'
Ignoring exception in on_member_update
Traceback (most recent call last):
  File "/usr/local/lib/python3.12/site-packages/discord/client.py", line 465, in _run_event
    await coro(*args, **kwargs)
  File "/app/asu_discord/cogs/analytics.py", line 652, in on_member_update
    before_timeout = before.timed_out_until
                     ^^^^^^^^^^^^^^^^^^^^^^
AttributeError: 'Member' object has no attribute 'timed_out_until'
INFO:asu_discord.cogs.verification:Saved 5 roles to database for user baltinov (Discord ID: 457986533253709848)
INFO:asu_discord.cogs.verification:Refreshed Salesforce roles for Discord user 457986533253709848: -5/+5 roles, assigned=[Commited, First Year, International Student, Tempe, W.P. Carey School of Business]
Ignoring exception in on_member_update
Traceback (most recent call last):
  File "/usr/local/lib/python3.12/site-packages/discord/client.py", line 465, in _run_event
    await coro(*args, **kwargs)
  File "/app/asu_discord/cogs/analytics.py", line 652, in on_member_update
    before_timeout = before.timed_out_until
                     ^^^^^^^^^^^^^^^^^^^^^^
AttributeError: 'Member' object has no attribute 'timed_out_until'
Ignoring exception in on_member_update
Traceback (most recent call last):
  File "/usr/local/lib/python3.12/site-packages/discord/client.py", line 465, in _run_event
    await coro(*args, **kwargs)
  File "/app/asu_discord/cogs/analytics.py", line 652, in on_member_update
    before_timeout = before.timed_out_until
                     ^^^^^^^^^^^^^^^^^^^^^^
AttributeError: 'Member' object has no attribute 'timed_out_until'
Ignoring exception in on_member_update
Traceback (most recent call last):
  File "/usr/local/lib/python3.12/site-packages/discord/client.py", line 465, in _run_event
    await coro(*args, **kwargs)
  File "/app/asu_discord/cogs/analytics.py", line 652, in on_member_update
    before_timeout = before.timed_out_until
                     ^^^^^^^^^^^^^^^^^^^^^^
AttributeError: 'Member' object has no attribute 'timed_out_until'
Ignoring exception in on_member_update
Traceback (most recent call last):
  File "/usr/local/lib/python3.12/site-packages/discord/client.py", line 465, in _run_event
    await coro(*args, **kwargs)
  File "/app/asu_discord/cogs/analytics.py", line 652, in on_member_update
    before_timeout = before.timed_out_until
                     ^^^^^^^^^^^^^^^^^^^^^^
AttributeError: 'Member' object has no attribute 'timed_out_until'
Ignoring exception in on_member_update
Traceback (most recent call last):
  File "/usr/local/lib/python3.12/site-packages/discord/client.py", line 465, in _run_event
    await coro(*args, **kwargs)
  File "/app/asu_discord/cogs/analytics.py", line 652, in on_member_update
    before_timeout = before.timed_out_until
                     ^^^^^^^^^^^^^^^^^^^^^^
AttributeError: 'Member' object has no attribute 'timed_out_until'
Ignoring exception in on_member_update
Traceback (most recent call last):
  File "/usr/local/lib/python3.12/site-packages/discord/client.py", line 465, in _run_event
    await coro(*args, **kwargs)
  File "/app/asu_discord/cogs/analytics.py", line 652, in on_member_update
    before_timeout = before.timed_out_until
                     ^^^^^^^^^^^^^^^^^^^^^^
AttributeError: 'Member' object has no attribute 'timed_out_until'
Ignoring exception in on_member_update
Traceback (most recent call last):
  File "/usr/local/lib/python3.12/site-packages/discord/client.py", line 465, in _run_event
    await coro(*args, **kwargs)
  File "/app/asu_discord/cogs/analytics.py", line 652, in on_member_update
    before_timeout = before.timed_out_until
                     ^^^^^^^^^^^^^^^^^^^^^^
AttributeError: 'Member' object has no attribute 'timed_out_until'
Ignoring exception in on_member_update
Traceback (most recent call last):
  File "/usr/local/lib/python3.12/site-packages/discord/client.py", line 465, in _run_event
    await coro(*args, **kwargs)
  File "/app/asu_discord/cogs/analytics.py", line 652, in on_member_update
    before_timeout = before.timed_out_until
                     ^^^^^^^^^^^^^^^^^^^^^^
AttributeError: 'Member' object has no attribute 'timed_out_until'
INFO:asu_discord.cogs.verification:Saved 4 roles to database for user aalqade1 (Discord ID: 1280622151656804394)
INFO:asu_discord.cogs.verification:Refreshed Salesforce roles for Discord user 1280622151656804394: -4/+4 roles, assigned=[Arizona Resident, Edson College of Nursing and Health Innovation, First Year, Polytechnic]
Ignoring exception in on_member_update
Traceback (most recent call last):
  File "/usr/local/lib/python3.12/site-packages/discord/client.py", line 465, in _run_event
    await coro(*args, **kwargs)
  File "/app/asu_discord/cogs/analytics.py", line 652, in on_member_update
    before_timeout = before.timed_out_until
                     ^^^^^^^^^^^^^^^^^^^^^^
AttributeError: 'Member' object has no attribute 'timed_out_until'
Ignoring exception in on_member_update
Traceback (most recent call last):
  File "/usr/local/lib/python3.12/site-packages/discord/client.py", line 465, in _run_event
    await coro(*args, **kwargs)
  File "/app/asu_discord/cogs/analytics.py", line 652, in on_member_update
    before_timeout = before.timed_out_until
                     ^^^^^^^^^^^^^^^^^^^^^^
AttributeError: 'Member' object has no attribute 'timed_out_until'
Ignoring exception in on_member_update
Traceback (most recent call last):
  File "/usr/local/lib/python3.12/site-packages/discord/client.py", line 465, in _run_event
    await coro(*args, **kwargs)
  File "/app/asu_discord/cogs/analytics.py", line 652, in on_member_update
    before_timeout = before.timed_out_until
                     ^^^^^^^^^^^^^^^^^^^^^^
AttributeError: 'Member' object has no attribute 'timed_out_until'
Ignoring exception in on_member_update
Traceback (most recent call last):
  File "/usr/local/lib/python3.12/site-packages/discord/client.py", line 465, in _run_event
    await coro(*args, **kwargs)
  File "/app/asu_discord/cogs/analytics.py", line 652, in on_member_update
    before_timeout = before.timed_out_until
                     ^^^^^^^^^^^^^^^^^^^^^^
AttributeError: 'Member' object has no attribute 'timed_out_until'
Ignoring exception in on_member_update
Traceback (most recent call last):
  File "/usr/local/lib/python3.12/site-packages/discord/client.py", line 465, in _run_event
    await coro(*args, **kwargs)
  File "/app/asu_discord/cogs/analytics.py", line 652, in on_member_update
    before_timeout = before.timed_out_until
                     ^^^^^^^^^^^^^^^^^^^^^^
AttributeError: 'Member' object has no attribute 'timed_out_until'
Ignoring exception in on_member_update
Traceback (most recent call last):
  File "/usr/local/lib/python3.12/site-packages/discord/client.py", line 465, in _run_event
    await coro(*args, **kwargs)
  File "/app/asu_discord/cogs/analytics.py", line 652, in on_member_update
    before_timeout = before.timed_out_until
                     ^^^^^^^^^^^^^^^^^^^^^^
AttributeError: 'Member' object has no attribute 'timed_out_until'
Ignoring exception in on_member_update
Traceback (most recent call last):
  File "/usr/local/lib/python3.12/site-packages/discord/client.py", line 465, in _run_event
    await coro(*args, **kwargs)
  File "/app/asu_discord/cogs/analytics.py", line 652, in on_member_update
    before_timeout = before.timed_out_until
                     ^^^^^^^^^^^^^^^^^^^^^^
AttributeError: 'Member' object has no attribute 'timed_out_until'
Ignoring exception in on_member_update
Traceback (most recent call last):
  File "/usr/local/lib/python3.12/site-packages/discord/client.py", line 465, in _run_event
    await coro(*args, **kwargs)
  File "/app/asu_discord/cogs/analytics.py", line 652, in on_member_update
    before_timeout = before.timed_out_until
                     ^^^^^^^^^^^^^^^^^^^^^^
AttributeError: 'Member' object has no attribute 'timed_out_until'
Ignoring exception in on_member_update
Traceback (most recent call last):
  File "/usr/local/lib/python3.12/site-packages/discord/client.py", line 465, in _run_event
    await coro(*args, **kwargs)
  File "/app/asu_discord/cogs/analytics.py", line 652, in on_member_update
    before_timeout = before.timed_out_until
                     ^^^^^^^^^^^^^^^^^^^^^^
AttributeError: 'Member' object has no attribute 'timed_out_until'
Ignoring exception in on_member_update
Traceback (most recent call last):
  File "/usr/local/lib/python3.12/site-packages/discord/client.py", line 465, in _run_event
    await coro(*args, **kwargs)
  File "/app/asu_discord/cogs/analytics.py", line 652, in on_member_update
    before_timeout = before.timed_out_until
                     ^^^^^^^^^^^^^^^^^^^^^^
AttributeError: 'Member' object has no attribute 'timed_out_until'
Ignoring exception in on_member_update
Traceback (most recent call last):
  File "/usr/local/lib/python3.12/site-packages/discord/client.py", line 465, in _run_event
    await coro(*args, **kwargs)
  File "/app/asu_discord/cogs/analytics.py", line 652, in on_member_update
    before_timeout = before.timed_out_until
                     ^^^^^^^^^^^^^^^^^^^^^^
AttributeError: 'Member' object has no attribute 'timed_out_until'
INFO:asu_discord.cogs.verification:Saved 6 roles to database for user crwebb8 (Discord ID: 1328524008425132102)
INFO:asu_discord.cogs.verification:Refreshed Salesforce roles for Discord user 1328524008425132102: -5/+6 roles, assigned=[Arizona Resident, Commited, First Year, New College of Interdisciplinary Arts and Sciences, Upperclassmen, West Valley]
Ignoring exception in on_member_update
Traceback (most recent call last):
  File "/usr/local/lib/python3.12/site-packages/discord/client.py", line 465, in _run_event
    await coro(*args, **kwargs)
  File "/app/asu_discord/cogs/analytics.py", line 652, in on_member_update
    before_timeout = before.timed_out_until
                     ^^^^^^^^^^^^^^^^^^^^^^
AttributeError: 'Member' object has no attribute 'timed_out_until'
Ignoring exception in on_member_update
Traceback (most recent call last):
  File "/usr/local/lib/python3.12/site-packages/discord/client.py", line 465, in _run_event
    await coro(*args, **kwargs)
  File "/app/asu_discord/cogs/analytics.py", line 652, in on_member_update
    before_timeout = before.timed_out_until
                     ^^^^^^^^^^^^^^^^^^^^^^
AttributeError: 'Member' object has no attribute 'timed_out_until'
Ignoring exception in on_member_update
Traceback (most recent call last):
  File "/usr/local/lib/python3.12/site-packages/discord/client.py", line 465, in _run_event
    await coro(*args, **kwargs)
  File "/app/asu_discord/cogs/analytics.py", line 652, in on_member_update
    before_timeout = before.timed_out_until
                     ^^^^^^^^^^^^^^^^^^^^^^
AttributeError: 'Member' object has no attribute 'timed_out_until'
Ignoring exception in on_member_update
Traceback (most recent call last):
  File "/usr/local/lib/python3.12/site-packages/discord/client.py", line 465, in _run_event
    await coro(*args, **kwargs)
  File "/app/asu_discord/cogs/analytics.py", line 652, in on_member_update
    before_timeout = before.timed_out_until
                     ^^^^^^^^^^^^^^^^^^^^^^
AttributeError: 'Member' object has no attribute 'timed_out_until'
Ignoring exception in on_member_update
Traceback (most recent call last):
  File "/usr/local/lib/python3.12/site-packages/discord/client.py", line 465, in _run_event
    await coro(*args, **kwargs)
  File "/app/asu_discord/cogs/analytics.py", line 652, in on_member_update
    before_timeout = before.timed_out_until
                     ^^^^^^^^^^^^^^^^^^^^^^
AttributeError: 'Member' object has no attribute 'timed_out_until'
Ignoring exception in on_member_update
Traceback (most recent call last):
  File "/usr/local/lib/python3.12/site-packages/discord/client.py", line 465, in _run_event
    await coro(*args, **kwargs)
  File "/app/asu_discord/cogs/analytics.py", line 652, in on_member_update
    before_timeout = before.timed_out_until
                     ^^^^^^^^^^^^^^^^^^^^^^
AttributeError: 'Member' object has no attribute 'timed_out_until'
Ignoring exception in on_member_update
Traceback (most recent call last):
  File "/usr/local/lib/python3.12/site-packages/discord/client.py", line 465, in _run_event
    await coro(*args, **kwargs)
  File "/app/asu_discord/cogs/analytics.py", line 652, in on_member_update
    before_timeout = before.timed_out_until
                     ^^^^^^^^^^^^^^^^^^^^^^
AttributeError: 'Member' object has no attribute 'timed_out_until'
Ignoring exception in on_member_update
Traceback (most recent call last):
  File "/usr/local/lib/python3.12/site-packages/discord/client.py", line 465, in _run_event
    await coro(*args, **kwargs)
  File "/app/asu_discord/cogs/analytics.py", line 652, in on_member_update
    before_timeout = before.timed_out_until
                     ^^^^^^^^^^^^^^^^^^^^^^
AttributeError: 'Member' object has no attribute 'timed_out_until'
Ignoring exception in on_member_update
Traceback (most recent call last):
  File "/usr/local/lib/python3.12/site-packages/discord/client.py", line 465, in _run_event
    await coro(*args, **kwargs)
  File "/app/asu_discord/cogs/analytics.py", line 652, in on_member_update
    before_timeout = before.timed_out_until
                     ^^^^^^^^^^^^^^^^^^^^^^
AttributeError: 'Member' object has no attribute 'timed_out_until'
Ignoring exception in on_member_update
Traceback (most recent call last):
  File "/usr/local/lib/python3.12/site-packages/discord/client.py", line 465, in _run_event
    await coro(*args, **kwargs)
  File "/app/asu_discord/cogs/analytics.py", line 652, in on_member_update
    before_timeout = before.timed_out_until
                     ^^^^^^^^^^^^^^^^^^^^^^
AttributeError: 'Member' object has no attribute 'timed_out_until'
INFO:asu_discord.cogs.verification:Saved 5 roles to database for user aekim123 (Discord ID: 653446813109452802)
INFO:asu_discord.cogs.verification:Refreshed Salesforce roles for Discord user 653446813109452802: -5/+5 roles, assigned=[Arizona Resident, College of Liberal Arts and Sciences, Commited, First Year, Tempe]
Ignoring exception in on_member_update
Traceback (most recent call last):
  File "/usr/local/lib/python3.12/site-packages/discord/client.py", line 465, in _run_event
    await coro(*args, **kwargs)
  File "/app/asu_discord/cogs/analytics.py", line 652, in on_member_update
    before_timeout = before.timed_out_until
                     ^^^^^^^^^^^^^^^^^^^^^^
AttributeError: 'Member' object has no attribute 'timed_out_until'
Ignoring exception in on_member_update
Traceback (most recent call last):
  File "/usr/local/lib/python3.12/site-packages/discord/client.py", line 465, in _run_event
    await coro(*args, **kwargs)
  File "/app/asu_discord/cogs/analytics.py", line 652, in on_member_update
    before_timeout = before.timed_out_until
                     ^^^^^^^^^^^^^^^^^^^^^^
AttributeError: 'Member' object has no attribute 'timed_out_until'
Ignoring exception in on_member_update
Traceback (most recent call last):
  File "/usr/local/lib/python3.12/site-packages/discord/client.py", line 465, in _run_event
    await coro(*args, **kwargs)
  File "/app/asu_discord/cogs/analytics.py", line 652, in on_member_update
    before_timeout = before.timed_out_until
                     ^^^^^^^^^^^^^^^^^^^^^^
AttributeError: 'Member' object has no attribute 'timed_out_until'
Ignoring exception in on_member_update
Traceback (most recent call last):
  File "/usr/local/lib/python3.12/site-packages/discord/client.py", line 465, in _run_event
    await coro(*args, **kwargs)
  File "/app/asu_discord/cogs/analytics.py", line 652, in on_member_update
    before_timeout = before.timed_out_until
                     ^^^^^^^^^^^^^^^^^^^^^^
AttributeError: 'Member' object has no attribute 'timed_out_until'
Ignoring exception in on_member_update
Traceback (most recent call last):
  File "/usr/local/lib/python3.12/site-packages/discord/client.py", line 465, in _run_event
    await coro(*args, **kwargs)
  File "/app/asu_discord/cogs/analytics.py", line 652, in on_member_update
    before_timeout = before.timed_out_until
                     ^^^^^^^^^^^^^^^^^^^^^^
AttributeError: 'Member' object has no attribute 'timed_out_until'
Ignoring exception in on_member_update
Traceback (most recent call last):
  File "/usr/local/lib/python3.12/site-packages/discord/client.py", line 465, in _run_event
    await coro(*args, **kwargs)
  File "/app/asu_discord/cogs/analytics.py", line 652, in on_member_update
    before_timeout = before.timed_out_until
                     ^^^^^^^^^^^^^^^^^^^^^^
AttributeError: 'Member' object has no attribute 'timed_out_until'
Ignoring exception in on_member_update
Traceback (most recent call last):
  File "/usr/local/lib/python3.12/site-packages/discord/client.py", line 465, in _run_event
    await coro(*args, **kwargs)
  File "/app/asu_discord/cogs/analytics.py", line 652, in on_member_update
    before_timeout = before.timed_out_until
                     ^^^^^^^^^^^^^^^^^^^^^^
AttributeError: 'Member' object has no attribute 'timed_out_until'
Ignoring exception in on_member_update
Traceback (most recent call last):
  File "/usr/local/lib/python3.12/site-packages/discord/client.py", line 465, in _run_event
    await coro(*args, **kwargs)
  File "/app/asu_discord/cogs/analytics.py", line 652, in on_member_update
    before_timeout = before.timed_out_until
                     ^^^^^^^^^^^^^^^^^^^^^^
AttributeError: 'Member' object has no attribute 'timed_out_until'
Ignoring exception in on_member_update
Traceback (most recent call last):
  File "/usr/local/lib/python3.12/site-packages/discord/client.py", line 465, in _run_event
    await coro(*args, **kwargs)
  File "/app/asu_discord/cogs/analytics.py", line 652, in on_member_update
    before_timeout = before.timed_out_until
                     ^^^^^^^^^^^^^^^^^^^^^^
AttributeError: 'Member' object has no attribute 'timed_out_until'
Ignoring exception in on_member_update
Traceback (most recent call last):
  File "/usr/local/lib/python3.12/site-packages/discord/client.py", line 465, in _run_event
    await coro(*args, **kwargs)
  File "/app/asu_discord/cogs/analytics.py", line 652, in on_member_update
    before_timeout = before.timed_out_until
                     ^^^^^^^^^^^^^^^^^^^^^^
AttributeError: 'Member' object has no attribute 'timed_out_until'
INFO:asu_discord.cogs.verification:Saved 5 roles to database for user navalde8 (Discord ID: 498510334428971029)
INFO:asu_discord.cogs.verification:Refreshed Salesforce roles for Discord user 498510334428971029: -5/+5 roles, assigned=[Arizona Resident, College of Health Solutions, Downtown Phoenix, First Generation Student, First Year]
Ignoring exception in on_member_update
Traceback (most recent call last):
  File "/usr/local/lib/python3.12/site-packages/discord/client.py", line 465, in _run_event
    await coro(*args, **kwargs)
  File "/app/asu_discord/cogs/analytics.py", line 652, in on_member_update
    before_timeout = before.timed_out_until
                     ^^^^^^^^^^^^^^^^^^^^^^
AttributeError: 'Member' object has no attribute 'timed_out_until'
Ignoring exception in on_member_update
Traceback (most recent call last):
  File "/usr/local/lib/python3.12/site-packages/discord/client.py", line 465, in _run_event
    await coro(*args, **kwargs)
  File "/app/asu_discord/cogs/analytics.py", line 652, in on_member_update
    before_timeout = before.timed_out_until
                     ^^^^^^^^^^^^^^^^^^^^^^
AttributeError: 'Member' object has no attribute 'timed_out_until'
Ignoring exception in on_member_update
Traceback (most recent call last):
  File "/usr/local/lib/python3.12/site-packages/discord/client.py", line 465, in _run_event
    await coro(*args, **kwargs)
  File "/app/asu_discord/cogs/analytics.py", line 652, in on_member_update
    before_timeout = before.timed_out_until
                     ^^^^^^^^^^^^^^^^^^^^^^
AttributeError: 'Member' object has no attribute 'timed_out_until'
Ignoring exception in on_member_update
Traceback (most recent call last):
  File "/usr/local/lib/python3.12/site-packages/discord/client.py", line 465, in _run_event
    await coro(*args, **kwargs)
  File "/app/asu_discord/cogs/analytics.py", line 652, in on_member_update
    before_timeout = before.timed_out_until
                     ^^^^^^^^^^^^^^^^^^^^^^
AttributeError: 'Member' object has no attribute 'timed_out_until'
Ignoring exception in on_member_update
Traceback (most recent call last):
  File "/usr/local/lib/python3.12/site-packages/discord/client.py", line 465, in _run_event
    await coro(*args, **kwargs)
  File "/app/asu_discord/cogs/analytics.py", line 652, in on_member_update
    before_timeout = before.timed_out_until
                     ^^^^^^^^^^^^^^^^^^^^^^
AttributeError: 'Member' object has no attribute 'timed_out_until'
Ignoring exception in on_member_update
Traceback (most recent call last):
  File "/usr/local/lib/python3.12/site-packages/discord/client.py", line 465, in _run_event
    await coro(*args, **kwargs)
  File "/app/asu_discord/cogs/analytics.py", line 652, in on_member_update
    before_timeout = before.timed_out_until
                     ^^^^^^^^^^^^^^^^^^^^^^
AttributeError: 'Member' object has no attribute 'timed_out_until'
Ignoring exception in on_member_update
Traceback (most recent call last):
  File "/usr/local/lib/python3.12/site-packages/discord/client.py", line 465, in _run_event
    await coro(*args, **kwargs)
  File "/app/asu_discord/cogs/analytics.py", line 652, in on_member_update
    before_timeout = before.timed_out_until
                     ^^^^^^^^^^^^^^^^^^^^^^
AttributeError: 'Member' object has no attribute 'timed_out_until'
Ignoring exception in on_member_update
Traceback (most recent call last):
  File "/usr/local/lib/python3.12/site-packages/discord/client.py", line 465, in _run_event
    await coro(*args, **kwargs)
  File "/app/asu_discord/cogs/analytics.py", line 652, in on_member_update
    before_timeout = before.timed_out_until
                     ^^^^^^^^^^^^^^^^^^^^^^
AttributeError: 'Member' object has no attribute 'timed_out_until'
Ignoring exception in on_member_update
Traceback (most recent call last):
  File "/usr/local/lib/python3.12/site-packages/discord/client.py", line 465, in _run_event
    await coro(*args, **kwargs)
  File "/app/asu_discord/cogs/analytics.py", line 652, in on_member_update
    before_timeout = before.timed_out_until
                     ^^^^^^^^^^^^^^^^^^^^^^
AttributeError: 'Member' object has no attribute 'timed_out_until'
Ignoring exception in on_member_update
Traceback (most recent call last):
  File "/usr/local/lib/python3.12/site-packages/discord/client.py", line 465, in _run_event
    await coro(*args, **kwargs)
  File "/app/asu_discord/cogs/analytics.py", line 652, in on_member_update
    before_timeout = before.timed_out_until
                     ^^^^^^^^^^^^^^^^^^^^^^
AttributeError: 'Member' object has no attribute 'timed_out_until'
Ignoring exception in on_member_update
Traceback (most recent call last):
  File "/usr/local/lib/python3.12/site-packages/discord/client.py", line 465, in _run_event
    await coro(*args, **kwargs)
  File "/app/asu_discord/cogs/analytics.py", line 652, in on_member_update
    before_timeout = before.timed_out_until
                     ^^^^^^^^^^^^^^^^^^^^^^
AttributeError: 'Member' object has no attribute 'timed_out_until'
Ignoring exception in on_member_update
Traceback (most recent call last):
  File "/usr/local/lib/python3.12/site-packages/discord/client.py", line 465, in _run_event
    await coro(*args, **kwargs)
  File "/app/asu_discord/cogs/analytics.py", line 652, in on_member_update
    before_timeout = before.timed_out_until
                     ^^^^^^^^^^^^^^^^^^^^^^
AttributeError: 'Member' object has no attribute 'timed_out_until'
INFO:asu_discord.cogs.verification:Saved 6 roles to database for user aszare (Discord ID: 680731591395377202)
INFO:asu_discord.cogs.verification:Refreshed Salesforce roles for Discord user 680731591395377202: -6/+6 roles, assigned=[Commited, First Year, Herberger Institute for Design and the Arts, Out of State, Tempe, Upperclassmen]
Ignoring exception in on_member_update
Traceback (most recent call last):
  File "/usr/local/lib/python3.12/site-packages/discord/client.py", line 465, in _run_event
    await coro(*args, **kwargs)
  File "/app/asu_discord/cogs/analytics.py", line 652, in on_member_update
    before_timeout = before.timed_out_until
                     ^^^^^^^^^^^^^^^^^^^^^^
AttributeError: 'Member' object has no attribute 'timed_out_until'
Ignoring exception in on_member_update
Traceback (most recent call last):
  File "/usr/local/lib/python3.12/site-packages/discord/client.py", line 465, in _run_event
    await coro(*args, **kwargs)
  File "/app/asu_discord/cogs/analytics.py", line 652, in on_member_update
    before_timeout = before.timed_out_until
                     ^^^^^^^^^^^^^^^^^^^^^^
AttributeError: 'Member' object has no attribute 'timed_out_until'
Ignoring exception in on_member_update
Traceback (most recent call last):
  File "/usr/local/lib/python3.12/site-packages/discord/client.py", line 465, in _run_event
    await coro(*args, **kwargs)
  File "/app/asu_discord/cogs/analytics.py", line 652, in on_member_update
    before_timeout = before.timed_out_until
                     ^^^^^^^^^^^^^^^^^^^^^^
AttributeError: 'Member' object has no attribute 'timed_out_until'
Ignoring exception in on_member_update
Traceback (most recent call last):
  File "/usr/local/lib/python3.12/site-packages/discord/client.py", line 465, in _run_event
    await coro(*args, **kwargs)
  File "/app/asu_discord/cogs/analytics.py", line 652, in on_member_update
    before_timeout = before.timed_out_until
                     ^^^^^^^^^^^^^^^^^^^^^^
AttributeError: 'Member' object has no attribute 'timed_out_until'
Ignoring exception in on_member_update
Traceback (most recent call last):
  File "/usr/local/lib/python3.12/site-packages/discord/client.py", line 465, in _run_event
    await coro(*args, **kwargs)
  File "/app/asu_discord/cogs/analytics.py", line 652, in on_member_update
    before_timeout = before.timed_out_until
                     ^^^^^^^^^^^^^^^^^^^^^^
AttributeError: 'Member' object has no attribute 'timed_out_until'
Ignoring exception in on_member_update
Traceback (most recent call last):
  File "/usr/local/lib/python3.12/site-packages/discord/client.py", line 465, in _run_event
    await coro(*args, **kwargs)
  File "/app/asu_discord/cogs/analytics.py", line 652, in on_member_update
    before_timeout = before.timed_out_until
                     ^^^^^^^^^^^^^^^^^^^^^^
AttributeError: 'Member' object has no attribute 'timed_out_until'
Ignoring exception in on_member_update
Traceback (most recent call last):
  File "/usr/local/lib/python3.12/site-packages/discord/client.py", line 465, in _run_event
    await coro(*args, **kwargs)
  File "/app/asu_discord/cogs/analytics.py", line 652, in on_member_update
    before_timeout = before.timed_out_until
                     ^^^^^^^^^^^^^^^^^^^^^^
AttributeError: 'Member' object has no attribute 'timed_out_until'
Ignoring exception in on_member_update
Traceback (most recent call last):
  File "/usr/local/lib/python3.12/site-packages/discord/client.py", line 465, in _run_event
    await coro(*args, **kwargs)
  File "/app/asu_discord/cogs/analytics.py", line 652, in on_member_update
    before_timeout = before.timed_out_until
                     ^^^^^^^^^^^^^^^^^^^^^^
AttributeError: 'Member' object has no attribute 'timed_out_until'
Ignoring exception in on_member_update
Traceback (most recent call last):
  File "/usr/local/lib/python3.12/site-packages/discord/client.py", line 465, in _run_event
    await coro(*args, **kwargs)
  File "/app/asu_discord/cogs/analytics.py", line 652, in on_member_update
    before_timeout = before.timed_out_until
                     ^^^^^^^^^^^^^^^^^^^^^^
AttributeError: 'Member' object has no attribute 'timed_out_until'
INFO:asu_discord.cogs.verification:Saved 5 roles to database for user jvarg103 (Discord ID: 1015027333930946610)
INFO:asu_discord.cogs.verification:Refreshed Salesforce roles for Discord user 1015027333930946610: -5/+4 roles, assigned=[Arizona Resident, First Generation Student, Ira A. Fulton Schools of Engineering, Tempe, Transfer Student]
Ignoring exception in on_member_update
Traceback (most recent call last):
  File "/usr/local/lib/python3.12/site-packages/discord/client.py", line 465, in _run_event
    await coro(*args, **kwargs)
  File "/app/asu_discord/cogs/analytics.py", line 652, in on_member_update
    before_timeout = before.timed_out_until
                     ^^^^^^^^^^^^^^^^^^^^^^
AttributeError: 'Member' object has no attribute 'timed_out_until'
Ignoring exception in on_member_update
Traceback (most recent call last):
  File "/usr/local/lib/python3.12/site-packages/discord/client.py", line 465, in _run_event
    await coro(*args, **kwargs)
  File "/app/asu_discord/cogs/analytics.py", line 652, in on_member_update
    before_timeout = before.timed_out_until
                     ^^^^^^^^^^^^^^^^^^^^^^
AttributeError: 'Member' object has no attribute 'timed_out_until'
Ignoring exception in on_member_update
Traceback (most recent call last):
  File "/usr/local/lib/python3.12/site-packages/discord/client.py", line 465, in _run_event
    await coro(*args, **kwargs)
  File "/app/asu_discord/cogs/analytics.py", line 652, in on_member_update
    before_timeout = before.timed_out_until
                     ^^^^^^^^^^^^^^^^^^^^^^
AttributeError: 'Member' object has no attribute 'timed_out_until'
Ignoring exception in on_member_update
Traceback (most recent call last):
  File "/usr/local/lib/python3.12/site-packages/discord/client.py", line 465, in _run_event
    await coro(*args, **kwargs)
  File "/app/asu_discord/cogs/analytics.py", line 652, in on_member_update
    before_timeout = before.timed_out_until
                     ^^^^^^^^^^^^^^^^^^^^^^
AttributeError: 'Member' object has no attribute 'timed_out_until'
Ignoring exception in on_member_update
Traceback (most recent call last):
  File "/usr/local/lib/python3.12/site-packages/discord/client.py", line 465, in _run_event
    await coro(*args, **kwargs)
  File "/app/asu_discord/cogs/analytics.py", line 652, in on_member_update
    before_timeout = before.timed_out_until
                     ^^^^^^^^^^^^^^^^^^^^^^
AttributeError: 'Member' object has no attribute 'timed_out_until'
Ignoring exception in on_member_update
Traceback (most recent call last):
  File "/usr/local/lib/python3.12/site-packages/discord/client.py", line 465, in _run_event
    await coro(*args, **kwargs)
  File "/app/asu_discord/cogs/analytics.py", line 652, in on_member_update
    before_timeout = before.timed_out_until
                     ^^^^^^^^^^^^^^^^^^^^^^
AttributeError: 'Member' object has no attribute 'timed_out_until'
Ignoring exception in on_member_update
Traceback (most recent call last):
  File "/usr/local/lib/python3.12/site-packages/discord/client.py", line 465, in _run_event
    await coro(*args, **kwargs)
  File "/app/asu_discord/cogs/analytics.py", line 652, in on_member_update
    before_timeout = before.timed_out_until
                     ^^^^^^^^^^^^^^^^^^^^^^
AttributeError: 'Member' object has no attribute 'timed_out_until'
Ignoring exception in on_member_update
Traceback (most recent call last):
  File "/usr/local/lib/python3.12/site-packages/discord/client.py", line 465, in _run_event
    await coro(*args, **kwargs)
  File "/app/asu_discord/cogs/analytics.py", line 652, in on_member_update
    before_timeout = before.timed_out_until
                     ^^^^^^^^^^^^^^^^^^^^^^
AttributeError: 'Member' object has no attribute 'timed_out_until'
Ignoring exception in on_member_update
Traceback (most recent call last):
  File "/usr/local/lib/python3.12/site-packages/discord/client.py", line 465, in _run_event
    await coro(*args, **kwargs)
  File "/app/asu_discord/cogs/analytics.py", line 652, in on_member_update
    before_timeout = before.timed_out_until
                     ^^^^^^^^^^^^^^^^^^^^^^
AttributeError: 'Member' object has no attribute 'timed_out_until'
Ignoring exception in on_member_update
Traceback (most recent call last):
  File "/usr/local/lib/python3.12/site-packages/discord/client.py", line 465, in _run_event
    await coro(*args, **kwargs)
  File "/app/asu_discord/cogs/analytics.py", line 652, in on_member_update
    before_timeout = before.timed_out_until
                     ^^^^^^^^^^^^^^^^^^^^^^
AttributeError: 'Member' object has no attribute 'timed_out_until'
INFO:asu_discord.cogs.verification:Saved 5 roles to database for user ksmelnyk (Discord ID: 400776091905818634)
INFO:asu_discord.cogs.verification:Refreshed Salesforce roles for Discord user 400776091905818634: -5/+5 roles, assigned=[Arizona Resident, College of Liberal Arts and Sciences, Commited, First Year, Tempe]
Ignoring exception in on_member_update
Traceback (most recent call last):
  File "/usr/local/lib/python3.12/site-packages/discord/client.py", line 465, in _run_event
    await coro(*args, **kwargs)
  File "/app/asu_discord/cogs/analytics.py", line 652, in on_member_update
    before_timeout = before.timed_out_until
                     ^^^^^^^^^^^^^^^^^^^^^^
AttributeError: 'Member' object has no attribute 'timed_out_until'
Ignoring exception in on_member_update
Traceback (most recent call last):
  File "/usr/local/lib/python3.12/site-packages/discord/client.py", line 465, in _run_event
    await coro(*args, **kwargs)
  File "/app/asu_discord/cogs/analytics.py", line 652, in on_member_update
    before_timeout = before.timed_out_until
                     ^^^^^^^^^^^^^^^^^^^^^^
AttributeError: 'Member' object has no attribute 'timed_out_until'
Ignoring exception in on_member_update
Traceback (most recent call last):
  File "/usr/local/lib/python3.12/site-packages/discord/client.py", line 465, in _run_event
    await coro(*args, **kwargs)
  File "/app/asu_discord/cogs/analytics.py", line 652, in on_member_update
    before_timeout = before.timed_out_until
                     ^^^^^^^^^^^^^^^^^^^^^^
AttributeError: 'Member' object has no attribute 'timed_out_until'
Ignoring exception in on_member_update
Traceback (most recent call last):
  File "/usr/local/lib/python3.12/site-packages/discord/client.py", line 465, in _run_event
    await coro(*args, **kwargs)
  File "/app/asu_discord/cogs/analytics.py", line 652, in on_member_update
    before_timeout = before.timed_out_until
                     ^^^^^^^^^^^^^^^^^^^^^^
AttributeError: 'Member' object has no attribute 'timed_out_until'
Ignoring exception in on_member_update
Traceback (most recent call last):
  File "/usr/local/lib/python3.12/site-packages/discord/client.py", line 465, in _run_event
    await coro(*args, **kwargs)
  File "/app/asu_discord/cogs/analytics.py", line 652, in on_member_update
    before_timeout = before.timed_out_until
                     ^^^^^^^^^^^^^^^^^^^^^^
AttributeError: 'Member' object has no attribute 'timed_out_until'
Ignoring exception in on_member_update
Traceback (most recent call last):
  File "/usr/local/lib/python3.12/site-packages/discord/client.py", line 465, in _run_event
    await coro(*args, **kwargs)
  File "/app/asu_discord/cogs/analytics.py", line 652, in on_member_update
    before_timeout = before.timed_out_until
                     ^^^^^^^^^^^^^^^^^^^^^^
AttributeError: 'Member' object has no attribute 'timed_out_until'
Ignoring exception in on_member_update
Traceback (most recent call last):
  File "/usr/local/lib/python3.12/site-packages/discord/client.py", line 465, in _run_event
    await coro(*args, **kwargs)
  File "/app/asu_discord/cogs/analytics.py", line 652, in on_member_update
    before_timeout = before.timed_out_until
                     ^^^^^^^^^^^^^^^^^^^^^^
AttributeError: 'Member' object has no attribute 'timed_out_until'
Ignoring exception in on_member_update
Traceback (most recent call last):
  File "/usr/local/lib/python3.12/site-packages/discord/client.py", line 465, in _run_event
    await coro(*args, **kwargs)
  File "/app/asu_discord/cogs/analytics.py", line 652, in on_member_update
    before_timeout = before.timed_out_until
                     ^^^^^^^^^^^^^^^^^^^^^^
AttributeError: 'Member' object has no attribute 'timed_out_until'
Ignoring exception in on_member_update
Traceback (most recent call last):
  File "/usr/local/lib/python3.12/site-packages/discord/client.py", line 465, in _run_event
    await coro(*args, **kwargs)
  File "/app/asu_discord/cogs/analytics.py", line 652, in on_member_update
    before_timeout = before.timed_out_until
                     ^^^^^^^^^^^^^^^^^^^^^^
AttributeError: 'Member' object has no attribute 'timed_out_until'
Ignoring exception in on_member_update
Traceback (most recent call last):
  File "/usr/local/lib/python3.12/site-packages/discord/client.py", line 465, in _run_event
    await coro(*args, **kwargs)
  File "/app/asu_discord/cogs/analytics.py", line 652, in on_member_update
    before_timeout = before.timed_out_until
                     ^^^^^^^^^^^^^^^^^^^^^^
AttributeError: 'Member' object has no attribute 'timed_out_until'
INFO:asu_discord.cogs.verification:Saved 5 roles to database for user bsanch97 (Discord ID: 1499517303145107496)
INFO:asu_discord.cogs.verification:Refreshed Salesforce roles for Discord user 1499517303145107496: -5/+5 roles, assigned=[Commited, First Year, New College of Interdisciplinary Arts and Sciences, Out of State, Tempe]
Ignoring exception in on_member_update
Traceback (most recent call last):
  File "/usr/local/lib/python3.12/site-packages/discord/client.py", line 465, in _run_event
    await coro(*args, **kwargs)
  File "/app/asu_discord/cogs/analytics.py", line 652, in on_member_update
    before_timeout = before.timed_out_until
                     ^^^^^^^^^^^^^^^^^^^^^^
AttributeError: 'Member' object has no attribute 'timed_out_until'
Ignoring exception in on_member_update
Traceback (most recent call last):
  File "/usr/local/lib/python3.12/site-packages/discord/client.py", line 465, in _run_event
    await coro(*args, **kwargs)
  File "/app/asu_discord/cogs/analytics.py", line 652, in on_member_update
    before_timeout = before.timed_out_until
                     ^^^^^^^^^^^^^^^^^^^^^^
AttributeError: 'Member' object has no attribute 'timed_out_until'
Ignoring exception in on_member_update
Traceback (most recent call last):
  File "/usr/local/lib/python3.12/site-packages/discord/client.py", line 465, in _run_event
    await coro(*args, **kwargs)
  File "/app/asu_discord/cogs/analytics.py", line 652, in on_member_update
    before_timeout = before.timed_out_until
                     ^^^^^^^^^^^^^^^^^^^^^^
AttributeError: 'Member' object has no attribute 'timed_out_until'
Ignoring exception in on_member_update
Traceback (most recent call last):
  File "/usr/local/lib/python3.12/site-packages/discord/client.py", line 465, in _run_event
    await coro(*args, **kwargs)
  File "/app/asu_discord/cogs/analytics.py", line 652, in on_member_update
    before_timeout = before.timed_out_until
                     ^^^^^^^^^^^^^^^^^^^^^^
AttributeError: 'Member' object has no attribute 'timed_out_until'
Ignoring exception in on_member_update
Traceback (most recent call last):
  File "/usr/local/lib/python3.12/site-packages/discord/client.py", line 465, in _run_event
    await coro(*args, **kwargs)
  File "/app/asu_discord/cogs/analytics.py", line 652, in on_member_update
    before_timeout = before.timed_out_until
                     ^^^^^^^^^^^^^^^^^^^^^^
AttributeError: 'Member' object has no attribute 'timed_out_until'
Ignoring exception in on_member_update
Traceback (most recent call last):
  File "/usr/local/lib/python3.12/site-packages/discord/client.py", line 465, in _run_event
    await coro(*args, **kwargs)
  File "/app/asu_discord/cogs/analytics.py", line 652, in on_member_update
    before_timeout = before.timed_out_until
                     ^^^^^^^^^^^^^^^^^^^^^^
AttributeError: 'Member' object has no attribute 'timed_out_until'
Ignoring exception in on_member_update
Traceback (most recent call last):
  File "/usr/local/lib/python3.12/site-packages/discord/client.py", line 465, in _run_event
    await coro(*args, **kwargs)
  File "/app/asu_discord/cogs/analytics.py", line 652, in on_member_update
    before_timeout = before.timed_out_until
                     ^^^^^^^^^^^^^^^^^^^^^^
AttributeError: 'Member' object has no attribute 'timed_out_until'
Ignoring exception in on_member_update
Traceback (most recent call last):
  File "/usr/local/lib/python3.12/site-packages/discord/client.py", line 465, in _run_event
    await coro(*args, **kwargs)
  File "/app/asu_discord/cogs/analytics.py", line 652, in on_member_update
    before_timeout = before.timed_out_until
                     ^^^^^^^^^^^^^^^^^^^^^^
AttributeError: 'Member' object has no attribute 'timed_out_until'
Ignoring exception in on_member_update
Traceback (most recent call last):
  File "/usr/local/lib/python3.12/site-packages/discord/client.py", line 465, in _run_event
    await coro(*args, **kwargs)
  File "/app/asu_discord/cogs/analytics.py", line 652, in on_member_update
    before_timeout = before.timed_out_until
                     ^^^^^^^^^^^^^^^^^^^^^^
AttributeError: 'Member' object has no attribute 'timed_out_until'
Ignoring exception in on_member_update
Traceback (most recent call last):
  File "/usr/local/lib/python3.12/site-packages/discord/client.py", line 465, in _run_event
    await coro(*args, **kwargs)
  File "/app/asu_discord/cogs/analytics.py", line 652, in on_member_update
    before_timeout = before.timed_out_until
                     ^^^^^^^^^^^^^^^^^^^^^^
AttributeError: 'Member' object has no attribute 'timed_out_until'
INFO:asu_discord.cogs.verification:Saved 5 roles to database for user caryan13 (Discord ID: 1499488793198071973)
INFO:asu_discord.cogs.verification:Refreshed Salesforce roles for Discord user 1499488793198071973: -5/+5 roles, assigned=[Commited, First Year, Out of State, Tempe, W.P. Carey School of Business]
Ignoring exception in on_member_update
Traceback (most recent call last):
  File "/usr/local/lib/python3.12/site-packages/discord/client.py", line 465, in _run_event
    await coro(*args, **kwargs)
  File "/app/asu_discord/cogs/analytics.py", line 652, in on_member_update
    before_timeout = before.timed_out_until
                     ^^^^^^^^^^^^^^^^^^^^^^
AttributeError: 'Member' object has no attribute 'timed_out_until'
Ignoring exception in on_member_update
Traceback (most recent call last):
  File "/usr/local/lib/python3.12/site-packages/discord/client.py", line 465, in _run_event
    await coro(*args, **kwargs)
  File "/app/asu_discord/cogs/analytics.py", line 652, in on_member_update
    before_timeout = before.timed_out_until
                     ^^^^^^^^^^^^^^^^^^^^^^
AttributeError: 'Member' object has no attribute 'timed_out_until'
Ignoring exception in on_member_update
Traceback (most recent call last):
  File "/usr/local/lib/python3.12/site-packages/discord/client.py", line 465, in _run_event
    await coro(*args, **kwargs)
  File "/app/asu_discord/cogs/analytics.py", line 652, in on_member_update
    before_timeout = before.timed_out_until
                     ^^^^^^^^^^^^^^^^^^^^^^
AttributeError: 'Member' object has no attribute 'timed_out_until'
Ignoring exception in on_member_update
Traceback (most recent call last):
  File "/usr/local/lib/python3.12/site-packages/discord/client.py", line 465, in _run_event
    await coro(*args, **kwargs)
  File "/app/asu_discord/cogs/analytics.py", line 652, in on_member_update
    before_timeout = before.timed_out_until
                     ^^^^^^^^^^^^^^^^^^^^^^
AttributeError: 'Member' object has no attribute 'timed_out_until'
Ignoring exception in on_member_update
Traceback (most recent call last):
  File "/usr/local/lib/python3.12/site-packages/discord/client.py", line 465, in _run_event
    await coro(*args, **kwargs)
  File "/app/asu_discord/cogs/analytics.py", line 652, in on_member_update
    before_timeout = before.timed_out_until
                     ^^^^^^^^^^^^^^^^^^^^^^
AttributeError: 'Member' object has no attribute 'timed_out_until'
Ignoring exception in on_member_update
Traceback (most recent call last):
  File "/usr/local/lib/python3.12/site-packages/discord/client.py", line 465, in _run_event
    await coro(*args, **kwargs)
  File "/app/asu_discord/cogs/analytics.py", line 652, in on_member_update
    before_timeout = before.timed_out_until
                     ^^^^^^^^^^^^^^^^^^^^^^
AttributeError: 'Member' object has no attribute 'timed_out_until'
Ignoring exception in on_member_update
Traceback (most recent call last):
  File "/usr/local/lib/python3.12/site-packages/discord/client.py", line 465, in _run_event
    await coro(*args, **kwargs)
  File "/app/asu_discord/cogs/analytics.py", line 652, in on_member_update
    before_timeout = before.timed_out_until
                     ^^^^^^^^^^^^^^^^^^^^^^
AttributeError: 'Member' object has no attribute 'timed_out_until'
Ignoring exception in on_member_update
Traceback (most recent call last):
  File "/usr/local/lib/python3.12/site-packages/discord/client.py", line 465, in _run_event
    await coro(*args, **kwargs)
  File "/app/asu_discord/cogs/analytics.py", line 652, in on_member_update
    before_timeout = before.timed_out_until
                     ^^^^^^^^^^^^^^^^^^^^^^
AttributeError: 'Member' object has no attribute 'timed_out_until'
Ignoring exception in on_member_update
Traceback (most recent call last):
  File "/usr/local/lib/python3.12/site-packages/discord/client.py", line 465, in _run_event
    await coro(*args, **kwargs)
  File "/app/asu_discord/cogs/analytics.py", line 652, in on_member_update
    before_timeout = before.timed_out_until
                     ^^^^^^^^^^^^^^^^^^^^^^
AttributeError: 'Member' object has no attribute 'timed_out_until'
ERROR:cron.jobs:refresh_salesforce_roles: failed for rlcook12 (Discord ID 694395014117195796): Timed out refresh Salesforce-based roles
Ignoring exception in on_member_update
Traceback (most recent call last):
  File "/usr/local/lib/python3.12/site-packages/discord/client.py", line 465, in _run_event
    await coro(*args, **kwargs)
  File "/app/asu_discord/cogs/analytics.py", line 652, in on_member_update
    before_timeout = before.timed_out_until
                     ^^^^^^^^^^^^^^^^^^^^^^
AttributeError: 'Member' object has no attribute 'timed_out_until'
Ignoring exception in on_member_update
Traceback (most recent call last):
  File "/usr/local/lib/python3.12/site-packages/discord/client.py", line 465, in _run_event
    await coro(*args, **kwargs)
  File "/app/asu_discord/cogs/analytics.py", line 652, in on_member_update
    before_timeout = before.timed_out_until
                     ^^^^^^^^^^^^^^^^^^^^^^
AttributeError: 'Member' object has no attribute 'timed_out_until'
Ignoring exception in on_member_update
Traceback (most recent call last):
  File "/usr/local/lib/python3.12/site-packages/discord/client.py", line 465, in _run_event
    await coro(*args, **kwargs)
  File "/app/asu_discord/cogs/analytics.py", line 652, in on_member_update
    before_timeout = before.timed_out_until
                     ^^^^^^^^^^^^^^^^^^^^^^
AttributeError: 'Member' object has no attribute 'timed_out_until'
Ignoring exception in on_member_update
Traceback (most recent call last):
  File "/usr/local/lib/python3.12/site-packages/discord/client.py", line 465, in _run_event
    await coro(*args, **kwargs)
  File "/app/asu_discord/cogs/analytics.py", line 652, in on_member_update
    before_timeout = before.timed_out_until
                     ^^^^^^^^^^^^^^^^^^^^^^
AttributeError: 'Member' object has no attribute 'timed_out_until'
Ignoring exception in on_member_update
Traceback (most recent call last):
  File "/usr/local/lib/python3.12/site-packages/discord/client.py", line 465, in _run_event
    await coro(*args, **kwargs)
  File "/app/asu_discord/cogs/analytics.py", line 652, in on_member_update
    before_timeout = before.timed_out_until
                     ^^^^^^^^^^^^^^^^^^^^^^
AttributeError: 'Member' object has no attribute 'timed_out_until'
Ignoring exception in on_member_update
Traceback (most recent call last):
  File "/usr/local/lib/python3.12/site-packages/discord/client.py", line 465, in _run_event
    await coro(*args, **kwargs)
  File "/app/asu_discord/cogs/analytics.py", line 652, in on_member_update
    before_timeout = before.timed_out_until
                     ^^^^^^^^^^^^^^^^^^^^^^
AttributeError: 'Member' object has no attribute 'timed_out_until'
Ignoring exception in on_member_update
Traceback (most recent call last):
  File "/usr/local/lib/python3.12/site-packages/discord/client.py", line 465, in _run_event
    await coro(*args, **kwargs)
  File "/app/asu_discord/cogs/analytics.py", line 652, in on_member_update
    before_timeout = before.timed_out_until
                     ^^^^^^^^^^^^^^^^^^^^^^
AttributeError: 'Member' object has no attribute 'timed_out_until'
Ignoring exception in on_member_update
Traceback (most recent call last):
  File "/usr/local/lib/python3.12/site-packages/discord/client.py", line 465, in _run_event
    await coro(*args, **kwargs)
  File "/app/asu_discord/cogs/analytics.py", line 652, in on_member_update
    before_timeout = before.timed_out_until
                     ^^^^^^^^^^^^^^^^^^^^^^
AttributeError: 'Member' object has no attribute 'timed_out_until'
Ignoring exception in on_member_update
Traceback (most recent call last):
  File "/usr/local/lib/python3.12/site-packages/discord/client.py", line 465, in _run_event
    await coro(*args, **kwargs)
  File "/app/asu_discord/cogs/analytics.py", line 652, in on_member_update
    before_timeout = before.timed_out_until
                     ^^^^^^^^^^^^^^^^^^^^^^
AttributeError: 'Member' object has no attribute 'timed_out_until'
Ignoring exception in on_member_update
Traceback (most recent call last):
  File "/usr/local/lib/python3.12/site-packages/discord/client.py", line 465, in _run_event
    await coro(*args, **kwargs)
  File "/app/asu_discord/cogs/analytics.py", line 652, in on_member_update
    before_timeout = before.timed_out_until
                     ^^^^^^^^^^^^^^^^^^^^^^
AttributeError: 'Member' object has no attribute 'timed_out_until'
Ignoring exception in on_member_update
Traceback (most recent call last):
  File "/usr/local/lib/python3.12/site-packages/discord/client.py", line 465, in _run_event
    await coro(*args, **kwargs)
  File "/app/asu_discord/cogs/analytics.py", line 652, in on_member_update
    before_timeout = before.timed_out_until
                     ^^^^^^^^^^^^^^^^^^^^^^
AttributeError: 'Member' object has no attribute 'timed_out_until'
INFO:asu_discord.cogs.verification:Saved 5 roles to database for user aazarkhi (Discord ID: 747482268339011664)
INFO:asu_discord.cogs.verification:Refreshed Salesforce roles for Discord user 747482268339011664: -5/+5 roles, assigned=[Commited, First Year, Ira A. Fulton Schools of Engineering, Out of State, Polytechnic]
ERROR:cron.jobs:refresh_salesforce_roles: failed for npark17 (Discord ID 814272547997614120): Failed to refresh Salesforce-based roles: Discord user 814272547997614120 is not a member of the guild
Ignoring exception in on_member_update
Traceback (most recent call last):
  File "/usr/local/lib/python3.12/site-packages/discord/client.py", line 465, in _run_event
    await coro(*args, **kwargs)
  File "/app/asu_discord/cogs/analytics.py", line 652, in on_member_update
    before_timeout = before.timed_out_until
                     ^^^^^^^^^^^^^^^^^^^^^^
AttributeError: 'Member' object has no attribute 'timed_out_until'
Ignoring exception in on_member_update
Traceback (most recent call last):
  File "/usr/local/lib/python3.12/site-packages/discord/client.py", line 465, in _run_event
    await coro(*args, **kwargs)
  File "/app/asu_discord/cogs/analytics.py", line 652, in on_member_update
    before_timeout = before.timed_out_until
                     ^^^^^^^^^^^^^^^^^^^^^^
AttributeError: 'Member' object has no attribute 'timed_out_until'
Ignoring exception in on_member_update
Traceback (most recent call last):
  File "/usr/local/lib/python3.12/site-packages/discord/client.py", line 465, in _run_event
    await coro(*args, **kwargs)
  File "/app/asu_discord/cogs/analytics.py", line 652, in on_member_update
    before_timeout = before.timed_out_until
                     ^^^^^^^^^^^^^^^^^^^^^^
AttributeError: 'Member' object has no attribute 'timed_out_until'
Ignoring exception in on_member_update
Traceback (most recent call last):
  File "/usr/local/lib/python3.12/site-packages/discord/client.py", line 465, in _run_event
    await coro(*args, **kwargs)
  File "/app/asu_discord/cogs/analytics.py", line 652, in on_member_update
    before_timeout = before.timed_out_until
                     ^^^^^^^^^^^^^^^^^^^^^^
AttributeError: 'Member' object has no attribute 'timed_out_until'
Ignoring exception in on_member_update
Traceback (most recent call last):
  File "/usr/local/lib/python3.12/site-packages/discord/client.py", line 465, in _run_event
    await coro(*args, **kwargs)
  File "/app/asu_discord/cogs/analytics.py", line 652, in on_member_update
    before_timeout = before.timed_out_until
                     ^^^^^^^^^^^^^^^^^^^^^^
AttributeError: 'Member' object has no attribute 'timed_out_until'
Ignoring exception in on_member_update
Traceback (most recent call last):
  File "/usr/local/lib/python3.12/site-packages/discord/client.py", line 465, in _run_event
    await coro(*args, **kwargs)
  File "/app/asu_discord/cogs/analytics.py", line 652, in on_member_update
    before_timeout = before.timed_out_until
                     ^^^^^^^^^^^^^^^^^^^^^^
AttributeError: 'Member' object has no attribute 'timed_out_until'
Ignoring exception in on_member_update
Traceback (most recent call last):
  File "/usr/local/lib/python3.12/site-packages/discord/client.py", line 465, in _run_event
    await coro(*args, **kwargs)
  File "/app/asu_discord/cogs/analytics.py", line 652, in on_member_update
    before_timeout = before.timed_out_until
                     ^^^^^^^^^^^^^^^^^^^^^^
AttributeError: 'Member' object has no attribute 'timed_out_until'
Ignoring exception in on_member_update
Traceback (most recent call last):
  File "/usr/local/lib/python3.12/site-packages/discord/client.py", line 465, in _run_event
    await coro(*args, **kwargs)
  File "/app/asu_discord/cogs/analytics.py", line 652, in on_member_update
    before_timeout = before.timed_out_until
                     ^^^^^^^^^^^^^^^^^^^^^^
AttributeError: 'Member' object has no attribute 'timed_out_until'
Ignoring exception in on_member_update
Traceback (most recent call last):
  File "/usr/local/lib/python3.12/site-packages/discord/client.py", line 465, in _run_event
    await coro(*args, **kwargs)
  File "/app/asu_discord/cogs/analytics.py", line 652, in on_member_update
    before_timeout = before.timed_out_until
                     ^^^^^^^^^^^^^^^^^^^^^^
AttributeError: 'Member' object has no attribute 'timed_out_until'
Ignoring exception in on_member_update
Traceback (most recent call last):
  File "/usr/local/lib/python3.12/site-packages/discord/client.py", line 465, in _run_event
    await coro(*args, **kwargs)
  File "/app/asu_discord/cogs/analytics.py", line 652, in on_member_update
    before_timeout = before.timed_out_until
                     ^^^^^^^^^^^^^^^^^^^^^^
AttributeError: 'Member' object has no attribute 'timed_out_until'
INFO:asu_discord.cogs.verification:Saved 5 roles to database for user kballers (Discord ID: 193432312136859649)
INFO:asu_discord.cogs.verification:Refreshed Salesforce roles for Discord user 193432312136859649: -5/+5 roles, assigned=[Arizona Resident, Commited, Ira A. Fulton Schools of Engineering, Tempe, Transfer Student]
Ignoring exception in on_member_update
Traceback (most recent call last):
  File "/usr/local/lib/python3.12/site-packages/discord/client.py", line 465, in _run_event
    await coro(*args, **kwargs)
  File "/app/asu_discord/cogs/analytics.py", line 652, in on_member_update
    before_timeout = before.timed_out_until
                     ^^^^^^^^^^^^^^^^^^^^^^
AttributeError: 'Member' object has no attribute 'timed_out_until'
Ignoring exception in on_member_update
Traceback (most recent call last):
  File "/usr/local/lib/python3.12/site-packages/discord/client.py", line 465, in _run_event
    await coro(*args, **kwargs)
  File "/app/asu_discord/cogs/analytics.py", line 652, in on_member_update
    before_timeout = before.timed_out_until
                     ^^^^^^^^^^^^^^^^^^^^^^
AttributeError: 'Member' object has no attribute 'timed_out_until'
Ignoring exception in on_member_update
Traceback (most recent call last):
  File "/usr/local/lib/python3.12/site-packages/discord/client.py", line 465, in _run_event
    await coro(*args, **kwargs)
  File "/app/asu_discord/cogs/analytics.py", line 652, in on_member_update
    before_timeout = before.timed_out_until
                     ^^^^^^^^^^^^^^^^^^^^^^
AttributeError: 'Member' object has no attribute 'timed_out_until'
Ignoring exception in on_member_update
Traceback (most recent call last):
  File "/usr/local/lib/python3.12/site-packages/discord/client.py", line 465, in _run_event
    await coro(*args, **kwargs)
  File "/app/asu_discord/cogs/analytics.py", line 652, in on_member_update
    before_timeout = before.timed_out_until
                     ^^^^^^^^^^^^^^^^^^^^^^
AttributeError: 'Member' object has no attribute 'timed_out_until'
Ignoring exception in on_member_update
Traceback (most recent call last):
  File "/usr/local/lib/python3.12/site-packages/discord/client.py", line 465, in _run_event
    await coro(*args, **kwargs)
  File "/app/asu_discord/cogs/analytics.py", line 652, in on_member_update
    before_timeout = before.timed_out_until
                     ^^^^^^^^^^^^^^^^^^^^^^
AttributeError: 'Member' object has no attribute 'timed_out_until'
Ignoring exception in on_member_update
Traceback (most recent call last):
  File "/usr/local/lib/python3.12/site-packages/discord/client.py", line 465, in _run_event
    await coro(*args, **kwargs)
  File "/app/asu_discord/cogs/analytics.py", line 652, in on_member_update
    before_timeout = before.timed_out_until
                     ^^^^^^^^^^^^^^^^^^^^^^
AttributeError: 'Member' object has no attribute 'timed_out_until'
Ignoring exception in on_member_update
Traceback (most recent call last):
  File "/usr/local/lib/python3.12/site-packages/discord/client.py", line 465, in _run_event
    await coro(*args, **kwargs)
  File "/app/asu_discord/cogs/analytics.py", line 652, in on_member_update
    before_timeout = before.timed_out_until
                     ^^^^^^^^^^^^^^^^^^^^^^
AttributeError: 'Member' object has no attribute 'timed_out_until'
Ignoring exception in on_member_update
Traceback (most recent call last):
  File "/usr/local/lib/python3.12/site-packages/discord/client.py", line 465, in _run_event
    await coro(*args, **kwargs)
  File "/app/asu_discord/cogs/analytics.py", line 652, in on_member_update
    before_timeout = before.timed_out_until
                     ^^^^^^^^^^^^^^^^^^^^^^
AttributeError: 'Member' object has no attribute 'timed_out_until'
Ignoring exception in on_member_update
Traceback (most recent call last):
  File "/usr/local/lib/python3.12/site-packages/discord/client.py", line 465, in _run_event
    await coro(*args, **kwargs)
  File "/app/asu_discord/cogs/analytics.py", line 652, in on_member_update
    before_timeout = before.timed_out_until
                     ^^^^^^^^^^^^^^^^^^^^^^
AttributeError: 'Member' object has no attribute 'timed_out_until'
Ignoring exception in on_member_update
Traceback (most recent call last):
  File "/usr/local/lib/python3.12/site-packages/discord/client.py", line 465, in _run_event
    await coro(*args, **kwargs)
  File "/app/asu_discord/cogs/analytics.py", line 652, in on_member_update
    before_timeout = before.timed_out_until
                     ^^^^^^^^^^^^^^^^^^^^^^
AttributeError: 'Member' object has no attribute 'timed_out_until'
Ignoring exception in on_member_update
Traceback (most recent call last):
  File "/usr/local/lib/python3.12/site-packages/discord/client.py", line 465, in _run_event
    await coro(*args, **kwargs)
  File "/app/asu_discord/cogs/analytics.py", line 652, in on_member_update
    before_timeout = before.timed_out_until
                     ^^^^^^^^^^^^^^^^^^^^^^
AttributeError: 'Member' object has no attribute 'timed_out_until'
ERROR:cron.jobs:refresh_salesforce_roles: failed for auperez (Discord ID 619242958985756672): Timed out refresh Salesforce-based roles
Ignoring exception in on_member_update
Traceback (most recent call last):
  File "/usr/local/lib/python3.12/site-packages/discord/client.py", line 465, in _run_event
    await coro(*args, **kwargs)
  File "/app/asu_discord/cogs/analytics.py", line 652, in on_member_update
    before_timeout = before.timed_out_until
                     ^^^^^^^^^^^^^^^^^^^^^^
AttributeError: 'Member' object has no attribute 'timed_out_until'
Ignoring exception in on_member_update
Traceback (most recent call last):
  File "/usr/local/lib/python3.12/site-packages/discord/client.py", line 465, in _run_event
    await coro(*args, **kwargs)
  File "/app/asu_discord/cogs/analytics.py", line 652, in on_member_update
    before_timeout = before.timed_out_until
                     ^^^^^^^^^^^^^^^^^^^^^^
AttributeError: 'Member' object has no attribute 'timed_out_until'
Ignoring exception in on_member_update
Traceback (most recent call last):
  File "/usr/local/lib/python3.12/site-packages/discord/client.py", line 465, in _run_event
    await coro(*args, **kwargs)
  File "/app/asu_discord/cogs/analytics.py", line 652, in on_member_update
    before_timeout = before.timed_out_until
                     ^^^^^^^^^^^^^^^^^^^^^^
AttributeError: 'Member' object has no attribute 'timed_out_until'
Ignoring exception in on_member_update
Traceback (most recent call last):
  File "/usr/local/lib/python3.12/site-packages/discord/client.py", line 465, in _run_event
    await coro(*args, **kwargs)
  File "/app/asu_discord/cogs/analytics.py", line 652, in on_member_update
    before_timeout = before.timed_out_until
                     ^^^^^^^^^^^^^^^^^^^^^^
AttributeError: 'Member' object has no attribute 'timed_out_until'
Ignoring exception in on_member_update
Traceback (most recent call last):
  File "/usr/local/lib/python3.12/site-packages/discord/client.py", line 465, in _run_event
    await coro(*args, **kwargs)
  File "/app/asu_discord/cogs/analytics.py", line 652, in on_member_update
    before_timeout = before.timed_out_until
                     ^^^^^^^^^^^^^^^^^^^^^^
AttributeError: 'Member' object has no attribute 'timed_out_until'
Ignoring exception in on_member_update
Traceback (most recent call last):
  File "/usr/local/lib/python3.12/site-packages/discord/client.py", line 465, in _run_event
    await coro(*args, **kwargs)
  File "/app/asu_discord/cogs/analytics.py", line 652, in on_member_update
    before_timeout = before.timed_out_until
                     ^^^^^^^^^^^^^^^^^^^^^^
AttributeError: 'Member' object has no attribute 'timed_out_until'
Ignoring exception in on_member_update
Traceback (most recent call last):
  File "/usr/local/lib/python3.12/site-packages/discord/client.py", line 465, in _run_event
    await coro(*args, **kwargs)
  File "/app/asu_discord/cogs/analytics.py", line 652, in on_member_update
    before_timeout = before.timed_out_until
                     ^^^^^^^^^^^^^^^^^^^^^^
AttributeError: 'Member' object has no attribute 'timed_out_until'
Ignoring exception in on_member_update
Traceback (most recent call last):
  File "/usr/local/lib/python3.12/site-packages/discord/client.py", line 465, in _run_event
    await coro(*args, **kwargs)
  File "/app/asu_discord/cogs/analytics.py", line 652, in on_member_update
    before_timeout = before.timed_out_until
                     ^^^^^^^^^^^^^^^^^^^^^^
AttributeError: 'Member' object has no attribute 'timed_out_until'
Ignoring exception in on_member_update
Traceback (most recent call last):
  File "/usr/local/lib/python3.12/site-packages/discord/client.py", line 465, in _run_event
    await coro(*args, **kwargs)
  File "/app/asu_discord/cogs/analytics.py", line 652, in on_member_update
    before_timeout = before.timed_out_until
                     ^^^^^^^^^^^^^^^^^^^^^^
AttributeError: 'Member' object has no attribute 'timed_out_until'
INFO:asu_discord.cogs.verification:Saved 4 roles to database for user cvillar7 (Discord ID: 1448876240311422996)
INFO:asu_discord.cogs.verification:Refreshed Salesforce roles for Discord user 1448876240311422996: -4/+4 roles, assigned=[Arizona Resident, Downtown Phoenix, Edson College of Nursing and Health Innovation, First Year]
Ignoring exception in on_member_update
Traceback (most recent call last):
  File "/usr/local/lib/python3.12/site-packages/discord/client.py", line 465, in _run_event
    await coro(*args, **kwargs)
  File "/app/asu_discord/cogs/analytics.py", line 652, in on_member_update
    before_timeout = before.timed_out_until
                     ^^^^^^^^^^^^^^^^^^^^^^
AttributeError: 'Member' object has no attribute 'timed_out_until'
Ignoring exception in on_member_update
Traceback (most recent call last):
  File "/usr/local/lib/python3.12/site-packages/discord/client.py", line 465, in _run_event
    await coro(*args, **kwargs)
  File "/app/asu_discord/cogs/analytics.py", line 652, in on_member_update
    before_timeout = before.timed_out_until
                     ^^^^^^^^^^^^^^^^^^^^^^
AttributeError: 'Member' object has no attribute 'timed_out_until'
Ignoring exception in on_member_update
Traceback (most recent call last):
  File "/usr/local/lib/python3.12/site-packages/discord/client.py", line 465, in _run_event
    await coro(*args, **kwargs)
  File "/app/asu_discord/cogs/analytics.py", line 652, in on_member_update
    before_timeout = before.timed_out_until
                     ^^^^^^^^^^^^^^^^^^^^^^
AttributeError: 'Member' object has no attribute 'timed_out_until'
Ignoring exception in on_member_update
Traceback (most recent call last):
  File "/usr/local/lib/python3.12/site-packages/discord/client.py", line 465, in _run_event
    await coro(*args, **kwargs)
  File "/app/asu_discord/cogs/analytics.py", line 652, in on_member_update
    before_timeout = before.timed_out_until
                     ^^^^^^^^^^^^^^^^^^^^^^
AttributeError: 'Member' object has no attribute 'timed_out_until'
Ignoring exception in on_member_update
Traceback (most recent call last):
  File "/usr/local/lib/python3.12/site-packages/discord/client.py", line 465, in _run_event
    await coro(*args, **kwargs)
  File "/app/asu_discord/cogs/analytics.py", line 652, in on_member_update
    before_timeout = before.timed_out_until
                     ^^^^^^^^^^^^^^^^^^^^^^
AttributeError: 'Member' object has no attribute 'timed_out_until'
Ignoring exception in on_member_update
Traceback (most recent call last):
  File "/usr/local/lib/python3.12/site-packages/discord/client.py", line 465, in _run_event
    await coro(*args, **kwargs)
  File "/app/asu_discord/cogs/analytics.py", line 652, in on_member_update
    before_timeout = before.timed_out_until
                     ^^^^^^^^^^^^^^^^^^^^^^
AttributeError: 'Member' object has no attribute 'timed_out_until'
Ignoring exception in on_member_update
Traceback (most recent call last):
  File "/usr/local/lib/python3.12/site-packages/discord/client.py", line 465, in _run_event
    await coro(*args, **kwargs)
  File "/app/asu_discord/cogs/analytics.py", line 652, in on_member_update
    before_timeout = before.timed_out_until
                     ^^^^^^^^^^^^^^^^^^^^^^
AttributeError: 'Member' object has no attribute 'timed_out_until'
Ignoring exception in on_member_update
Traceback (most recent call last):
  File "/usr/local/lib/python3.12/site-packages/discord/client.py", line 465, in _run_event
    await coro(*args, **kwargs)
  File "/app/asu_discord/cogs/analytics.py", line 652, in on_member_update
    before_timeout = before.timed_out_until
                     ^^^^^^^^^^^^^^^^^^^^^^
AttributeError: 'Member' object has no attribute 'timed_out_until'
Ignoring exception in on_member_update
Traceback (most recent call last):
  File "/usr/local/lib/python3.12/site-packages/discord/client.py", line 465, in _run_event
    await coro(*args, **kwargs)
  File "/app/asu_discord/cogs/analytics.py", line 652, in on_member_update
    before_timeout = before.timed_out_until
                     ^^^^^^^^^^^^^^^^^^^^^^
AttributeError: 'Member' object has no attribute 'timed_out_until'
Ignoring exception in on_member_update
Traceback (most recent call last):
  File "/usr/local/lib/python3.12/site-packages/discord/client.py", line 465, in _run_event
    await coro(*args, **kwargs)
  File "/app/asu_discord/cogs/analytics.py", line 652, in on_member_update
    before_timeout = before.timed_out_until
                     ^^^^^^^^^^^^^^^^^^^^^^
AttributeError: 'Member' object has no attribute 'timed_out_until'
Ignoring exception in on_member_update
Traceback (most recent call last):
  File "/usr/local/lib/python3.12/site-packages/discord/client.py", line 465, in _run_event
    await coro(*args, **kwargs)
  File "/app/asu_discord/cogs/analytics.py", line 652, in on_member_update
    before_timeout = before.timed_out_until
                     ^^^^^^^^^^^^^^^^^^^^^^
AttributeError: 'Member' object has no attribute 'timed_out_until'
Ignoring exception in on_member_update
Traceback (most recent call last):
  File "/usr/local/lib/python3.12/site-packages/discord/client.py", line 465, in _run_event
    await coro(*args, **kwargs)
  File "/app/asu_discord/cogs/analytics.py", line 652, in on_member_update
    before_timeout = before.timed_out_until
                     ^^^^^^^^^^^^^^^^^^^^^^
AttributeError: 'Member' object has no attribute 'timed_out_until'
INFO:asu_discord.cogs.verification:Saved 6 roles to database for user rwfuerte (Discord ID: 302266618518437889)
INFO:asu_discord.cogs.verification:Refreshed Salesforce roles for Discord user 302266618518437889: -6/+6 roles, assigned=[Arizona Resident, Commited, First Generation Student, Ira A. Fulton Schools of Engineering, Tempe, Transfer Student]
Ignoring exception in on_member_update
Traceback (most recent call last):
  File "/usr/local/lib/python3.12/site-packages/discord/client.py", line 465, in _run_event
    await coro(*args, **kwargs)
  File "/app/asu_discord/cogs/analytics.py", line 652, in on_member_update
    before_timeout = before.timed_out_until
                     ^^^^^^^^^^^^^^^^^^^^^^
AttributeError: 'Member' object has no attribute 'timed_out_until'
Ignoring exception in on_member_update
Traceback (most recent call last):
  File "/usr/local/lib/python3.12/site-packages/discord/client.py", line 465, in _run_event
    await coro(*args, **kwargs)
  File "/app/asu_discord/cogs/analytics.py", line 652, in on_member_update
    before_timeout = before.timed_out_until
                     ^^^^^^^^^^^^^^^^^^^^^^
AttributeError: 'Member' object has no attribute 'timed_out_until'
Ignoring exception in on_member_update
Traceback (most recent call last):
  File "/usr/local/lib/python3.12/site-packages/discord/client.py", line 465, in _run_event
    await coro(*args, **kwargs)
  File "/app/asu_discord/cogs/analytics.py", line 652, in on_member_update
    before_timeout = before.timed_out_until
                     ^^^^^^^^^^^^^^^^^^^^^^
AttributeError: 'Member' object has no attribute 'timed_out_until'
Ignoring exception in on_member_update
Traceback (most recent call last):
  File "/usr/local/lib/python3.12/site-packages/discord/client.py", line 465, in _run_event
    await coro(*args, **kwargs)
  File "/app/asu_discord/cogs/analytics.py", line 652, in on_member_update
    before_timeout = before.timed_out_until
                     ^^^^^^^^^^^^^^^^^^^^^^
AttributeError: 'Member' object has no attribute 'timed_out_until'
Ignoring exception in on_member_update
Traceback (most recent call last):
  File "/usr/local/lib/python3.12/site-packages/discord/client.py", line 465, in _run_event
    await coro(*args, **kwargs)
  File "/app/asu_discord/cogs/analytics.py", line 652, in on_member_update
    before_timeout = before.timed_out_until
                     ^^^^^^^^^^^^^^^^^^^^^^
AttributeError: 'Member' object has no attribute 'timed_out_until'
Ignoring exception in on_member_update
Traceback (most recent call last):
  File "/usr/local/lib/python3.12/site-packages/discord/client.py", line 465, in _run_event
    await coro(*args, **kwargs)
  File "/app/asu_discord/cogs/analytics.py", line 652, in on_member_update
    before_timeout = before.timed_out_until
                     ^^^^^^^^^^^^^^^^^^^^^^
AttributeError: 'Member' object has no attribute 'timed_out_until'
Ignoring exception in on_member_update
Traceback (most recent call last):
  File "/usr/local/lib/python3.12/site-packages/discord/client.py", line 465, in _run_event
    await coro(*args, **kwargs)
  File "/app/asu_discord/cogs/analytics.py", line 652, in on_member_update
    before_timeout = before.timed_out_until
                     ^^^^^^^^^^^^^^^^^^^^^^
AttributeError: 'Member' object has no attribute 'timed_out_until'
Ignoring exception in on_member_update
Traceback (most recent call last):
  File "/usr/local/lib/python3.12/site-packages/discord/client.py", line 465, in _run_event
    await coro(*args, **kwargs)
  File "/app/asu_discord/cogs/analytics.py", line 652, in on_member_update
    before_timeout = before.timed_out_until
                     ^^^^^^^^^^^^^^^^^^^^^^
AttributeError: 'Member' object has no attribute 'timed_out_until'
INFO:asu_discord.cogs.verification:Saved 4 roles to database for user nkadi (Discord ID: 1296778679623352320)
INFO:asu_discord.cogs.verification:Refreshed Salesforce roles for Discord user 1296778679623352320: -4/+4 roles, assigned=[College of Integrative Sciences and Arts, First Year, International Student, Polytechnic]
Ignoring exception in on_member_update
Traceback (most recent call last):
  File "/usr/local/lib/python3.12/site-packages/discord/client.py", line 465, in _run_event
    await coro(*args, **kwargs)
  File "/app/asu_discord/cogs/analytics.py", line 652, in on_member_update
    before_timeout = before.timed_out_until
                     ^^^^^^^^^^^^^^^^^^^^^^
AttributeError: 'Member' object has no attribute 'timed_out_until'
Ignoring exception in on_member_update
Traceback (most recent call last):
  File "/usr/local/lib/python3.12/site-packages/discord/client.py", line 465, in _run_event
    await coro(*args, **kwargs)
  File "/app/asu_discord/cogs/analytics.py", line 652, in on_member_update
    before_timeout = before.timed_out_until
                     ^^^^^^^^^^^^^^^^^^^^^^
AttributeError: 'Member' object has no attribute 'timed_out_until'
Ignoring exception in on_member_update
Traceback (most recent call last):
  File "/usr/local/lib/python3.12/site-packages/discord/client.py", line 465, in _run_event
    await coro(*args, **kwargs)
  File "/app/asu_discord/cogs/analytics.py", line 652, in on_member_update
    before_timeout = before.timed_out_until
                     ^^^^^^^^^^^^^^^^^^^^^^
AttributeError: 'Member' object has no attribute 'timed_out_until'
Ignoring exception in on_member_update
Traceback (most recent call last):
  File "/usr/local/lib/python3.12/site-packages/discord/client.py", line 465, in _run_event
    await coro(*args, **kwargs)
  File "/app/asu_discord/cogs/analytics.py", line 652, in on_member_update
    before_timeout = before.timed_out_until
                     ^^^^^^^^^^^^^^^^^^^^^^
AttributeError: 'Member' object has no attribute 'timed_out_until'
Ignoring exception in on_member_update
Traceback (most recent call last):
  File "/usr/local/lib/python3.12/site-packages/discord/client.py", line 465, in _run_event
    await coro(*args, **kwargs)
  File "/app/asu_discord/cogs/analytics.py", line 652, in on_member_update
    before_timeout = before.timed_out_until
                     ^^^^^^^^^^^^^^^^^^^^^^
AttributeError: 'Member' object has no attribute 'timed_out_until'
INFO:discord.client:Got a request to RESUME the websocket.
INFO:discord.gateway:Shard ID None has sent the RESUME payload.
INFO:discord.gateway:Shard ID None has successfully RESUMED session 6e3407fd591f617e4a33b69139a85b12 under trace ["gateway-prd-arm-us-east1-d-8547",{"micros":655,"calls":["id_created",{"micros":0,"calls":[]},"session_lookup_time",{"micros":293,"calls":[]},"session_lookup_finished",{"micros":11,"calls":[]},"sessions-prd-gcp-us-east1-b-23",{"micros":44}]}].
Ignoring exception in on_member_update
Traceback (most recent call last):
  File "/usr/local/lib/python3.12/site-packages/discord/client.py", line 465, in _run_event
    await coro(*args, **kwargs)
  File "/app/asu_discord/cogs/analytics.py", line 652, in on_member_update
    before_timeout = before.timed_out_until
                     ^^^^^^^^^^^^^^^^^^^^^^
AttributeError: 'Member' object has no attribute 'timed_out_until'
Ignoring exception in on_member_update
Traceback (most recent call last):
  File "/usr/local/lib/python3.12/site-packages/discord/client.py", line 465, in _run_event
    await coro(*args, **kwargs)
  File "/app/asu_discord/cogs/analytics.py", line 652, in on_member_update
    before_timeout = before.timed_out_until
                     ^^^^^^^^^^^^^^^^^^^^^^
AttributeError: 'Member' object has no attribute 'timed_out_until'
Ignoring exception in on_member_update
Traceback (most recent call last):
  File "/usr/local/lib/python3.12/site-packages/discord/client.py", line 465, in _run_event
    await coro(*args, **kwargs)
  File "/app/asu_discord/cogs/analytics.py", line 652, in on_member_update
    before_timeout = before.timed_out_until
                     ^^^^^^^^^^^^^^^^^^^^^^
AttributeError: 'Member' object has no attribute 'timed_out_until'
Ignoring exception in on_member_update
Traceback (most recent call last):
  File "/usr/local/lib/python3.12/site-packages/discord/client.py", line 465, in _run_event
    await coro(*args, **kwargs)
  File "/app/asu_discord/cogs/analytics.py", line 652, in on_member_update
    before_timeout = before.timed_out_until
                     ^^^^^^^^^^^^^^^^^^^^^^
AttributeError: 'Member' object has no attribute 'timed_out_until'
Ignoring exception in on_member_update
Traceback (most recent call last):
  File "/usr/local/lib/python3.12/site-packages/discord/client.py", line 465, in _run_event
    await coro(*args, **kwargs)
  File "/app/asu_discord/cogs/analytics.py", line 652, in on_member_update
    before_timeout = before.timed_out_until
                     ^^^^^^^^^^^^^^^^^^^^^^
AttributeError: 'Member' object has no attribute 'timed_out_until'
INFO:asu_discord.cogs.verification:Saved 5 roles to database for user csoto128 (Discord ID: 743123078371868856)
INFO:asu_discord.cogs.verification:Refreshed Salesforce roles for Discord user 743123078371868856: -5/+5 roles, assigned=[Arizona Resident, First Generation Student, First Year, Ira A. Fulton Schools of Engineering, Tempe]
Ignoring exception in on_member_update
Traceback (most recent call last):
  File "/usr/local/lib/python3.12/site-packages/discord/client.py", line 465, in _run_event
    await coro(*args, **kwargs)
  File "/app/asu_discord/cogs/analytics.py", line 652, in on_member_update
    before_timeout = before.timed_out_until
                     ^^^^^^^^^^^^^^^^^^^^^^
AttributeError: 'Member' object has no attribute 'timed_out_until'
Ignoring exception in on_member_update
Traceback (most recent call last):
  File "/usr/local/lib/python3.12/site-packages/discord/client.py", line 465, in _run_event
    await coro(*args, **kwargs)
  File "/app/asu_discord/cogs/analytics.py", line 652, in on_member_update
    before_timeout = before.timed_out_until
                     ^^^^^^^^^^^^^^^^^^^^^^
AttributeError: 'Member' object has no attribute 'timed_out_until'
Ignoring exception in on_member_update
Traceback (most recent call last):
  File "/usr/local/lib/python3.12/site-packages/discord/client.py", line 465, in _run_event
    await coro(*args, **kwargs)
  File "/app/asu_discord/cogs/analytics.py", line 652, in on_member_update
    before_timeout = before.timed_out_until
                     ^^^^^^^^^^^^^^^^^^^^^^
AttributeError: 'Member' object has no attribute 'timed_out_until'
Ignoring exception in on_member_update
Traceback (most recent call last):
  File "/usr/local/lib/python3.12/site-packages/discord/client.py", line 465, in _run_event
    await coro(*args, **kwargs)
  File "/app/asu_discord/cogs/analytics.py", line 652, in on_member_update
    before_timeout = before.timed_out_until
                     ^^^^^^^^^^^^^^^^^^^^^^
AttributeError: 'Member' object has no attribute 'timed_out_until'
Ignoring exception in on_member_update
Traceback (most recent call last):
  File "/usr/local/lib/python3.12/site-packages/discord/client.py", line 465, in _run_event
    await coro(*args, **kwargs)
  File "/app/asu_discord/cogs/analytics.py", line 652, in on_member_update
    before_timeout = before.timed_out_until
                     ^^^^^^^^^^^^^^^^^^^^^^
AttributeError: 'Member' object has no attribute 'timed_out_until'
Ignoring exception in on_member_update
Traceback (most recent call last):
  File "/usr/local/lib/python3.12/site-packages/discord/client.py", line 465, in _run_event
    await coro(*args, **kwargs)
  File "/app/asu_discord/cogs/analytics.py", line 652, in on_member_update
    before_timeout = before.timed_out_until
                     ^^^^^^^^^^^^^^^^^^^^^^
AttributeError: 'Member' object has no attribute 'timed_out_until'
Ignoring exception in on_member_update
Traceback (most recent call last):
  File "/usr/local/lib/python3.12/site-packages/discord/client.py", line 465, in _run_event
    await coro(*args, **kwargs)
  File "/app/asu_discord/cogs/analytics.py", line 652, in on_member_update
    before_timeout = before.timed_out_until
                     ^^^^^^^^^^^^^^^^^^^^^^
AttributeError: 'Member' object has no attribute 'timed_out_until'
Ignoring exception in on_member_update
Traceback (most recent call last):
  File "/usr/local/lib/python3.12/site-packages/discord/client.py", line 465, in _run_event
    await coro(*args, **kwargs)
  File "/app/asu_discord/cogs/analytics.py", line 652, in on_member_update
    before_timeout = before.timed_out_until
                     ^^^^^^^^^^^^^^^^^^^^^^
AttributeError: 'Member' object has no attribute 'timed_out_until'
Ignoring exception in on_member_update
Traceback (most recent call last):
  File "/usr/local/lib/python3.12/site-packages/discord/client.py", line 465, in _run_event
    await coro(*args, **kwargs)
  File "/app/asu_discord/cogs/analytics.py", line 652, in on_member_update
    before_timeout = before.timed_out_until
                     ^^^^^^^^^^^^^^^^^^^^^^
AttributeError: 'Member' object has no attribute 'timed_out_until'
Ignoring exception in on_member_update
Traceback (most recent call last):
  File "/usr/local/lib/python3.12/site-packages/discord/client.py", line 465, in _run_event
    await coro(*args, **kwargs)
  File "/app/asu_discord/cogs/analytics.py", line 652, in on_member_update
    before_timeout = before.timed_out_until
                     ^^^^^^^^^^^^^^^^^^^^^^
AttributeError: 'Member' object has no attribute 'timed_out_until'
INFO:asu_discord.cogs.verification:Saved 5 roles to database for user apgarc24 (Discord ID: 597260997945851912)
INFO:asu_discord.cogs.verification:Refreshed Salesforce roles for Discord user 597260997945851912: -5/+5 roles, assigned=[Arizona Resident, First Generation Student, First Year, Ira A. Fulton Schools of Engineering, Tempe]
Ignoring exception in on_member_update
Traceback (most recent call last):
  File "/usr/local/lib/python3.12/site-packages/discord/client.py", line 465, in _run_event
    await coro(*args, **kwargs)
  File "/app/asu_discord/cogs/analytics.py", line 652, in on_member_update
    before_timeout = before.timed_out_until
                     ^^^^^^^^^^^^^^^^^^^^^^
AttributeError: 'Member' object has no attribute 'timed_out_until'
Ignoring exception in on_member_update
Traceback (most recent call last):
  File "/usr/local/lib/python3.12/site-packages/discord/client.py", line 465, in _run_event
    await coro(*args, **kwargs)
  File "/app/asu_discord/cogs/analytics.py", line 652, in on_member_update
    before_timeout = before.timed_out_until
                     ^^^^^^^^^^^^^^^^^^^^^^
AttributeError: 'Member' object has no attribute 'timed_out_until'
Ignoring exception in on_member_update
Traceback (most recent call last):
  File "/usr/local/lib/python3.12/site-packages/discord/client.py", line 465, in _run_event
    await coro(*args, **kwargs)
  File "/app/asu_discord/cogs/analytics.py", line 652, in on_member_update
    before_timeout = before.timed_out_until
                     ^^^^^^^^^^^^^^^^^^^^^^
AttributeError: 'Member' object has no attribute 'timed_out_until'
Ignoring exception in on_member_update
Traceback (most recent call last):
  File "/usr/local/lib/python3.12/site-packages/discord/client.py", line 465, in _run_event
    await coro(*args, **kwargs)
  File "/app/asu_discord/cogs/analytics.py", line 652, in on_member_update
    before_timeout = before.timed_out_until
                     ^^^^^^^^^^^^^^^^^^^^^^
AttributeError: 'Member' object has no attribute 'timed_out_until'
Ignoring exception in on_member_update
Traceback (most recent call last):
  File "/usr/local/lib/python3.12/site-packages/discord/client.py", line 465, in _run_event
    await coro(*args, **kwargs)
  File "/app/asu_discord/cogs/analytics.py", line 652, in on_member_update
    before_timeout = before.timed_out_until
                     ^^^^^^^^^^^^^^^^^^^^^^
AttributeError: 'Member' object has no attribute 'timed_out_until'
Ignoring exception in on_member_update
Traceback (most recent call last):
  File "/usr/local/lib/python3.12/site-packages/discord/client.py", line 465, in _run_event
    await coro(*args, **kwargs)
  File "/app/asu_discord/cogs/analytics.py", line 652, in on_member_update
    before_timeout = before.timed_out_until
                     ^^^^^^^^^^^^^^^^^^^^^^
AttributeError: 'Member' object has no attribute 'timed_out_until'
Ignoring exception in on_member_update
Traceback (most recent call last):
  File "/usr/local/lib/python3.12/site-packages/discord/client.py", line 465, in _run_event
    await coro(*args, **kwargs)
  File "/app/asu_discord/cogs/analytics.py", line 652, in on_member_update
    before_timeout = before.timed_out_until
                     ^^^^^^^^^^^^^^^^^^^^^^
AttributeError: 'Member' object has no attribute 'timed_out_until'
Ignoring exception in on_member_update
Traceback (most recent call last):
  File "/usr/local/lib/python3.12/site-packages/discord/client.py", line 465, in _run_event
    await coro(*args, **kwargs)
  File "/app/asu_discord/cogs/analytics.py", line 652, in on_member_update
    before_timeout = before.timed_out_until
                     ^^^^^^^^^^^^^^^^^^^^^^
AttributeError: 'Member' object has no attribute 'timed_out_until'
INFO:asu_discord.cogs.verification:Saved 4 roles to database for user lfissore (Discord ID: 706876277864529997)
INFO:asu_discord.cogs.verification:Refreshed Salesforce roles for Discord user 706876277864529997: -4/+4 roles, assigned=[Arizona Resident, First Year, Ira A. Fulton Schools of Engineering, Tempe]
ERROR:cron.jobs:refresh_salesforce_roles: failed for crhambur (Discord ID 610999576479924235): Failed to refresh Salesforce-based roles: Discord user 610999576479924235 is not a member of the guild
ERROR:cron.jobs:refresh_salesforce_roles: failed for fpmccrac (Discord ID 1122270093758447759): Failed to refresh Salesforce-based roles: Discord user 1122270093758447759 is not a member of the guild
Ignoring exception in on_member_update
Traceback (most recent call last):
  File "/usr/local/lib/python3.12/site-packages/discord/client.py", line 465, in _run_event
    await coro(*args, **kwargs)
  File "/app/asu_discord/cogs/analytics.py", line 652, in on_member_update
    before_timeout = before.timed_out_until
                     ^^^^^^^^^^^^^^^^^^^^^^
AttributeError: 'Member' object has no attribute 'timed_out_until'
Ignoring exception in on_member_update
Traceback (most recent call last):
  File "/usr/local/lib/python3.12/site-packages/discord/client.py", line 465, in _run_event
    await coro(*args, **kwargs)
  File "/app/asu_discord/cogs/analytics.py", line 652, in on_member_update
    before_timeout = before.timed_out_until
                     ^^^^^^^^^^^^^^^^^^^^^^
AttributeError: 'Member' object has no attribute 'timed_out_until'
Ignoring exception in on_member_update
Traceback (most recent call last):
  File "/usr/local/lib/python3.12/site-packages/discord/client.py", line 465, in _run_event
    await coro(*args, **kwargs)
  File "/app/asu_discord/cogs/analytics.py", line 652, in on_member_update
    before_timeout = before.timed_out_until
                     ^^^^^^^^^^^^^^^^^^^^^^
AttributeError: 'Member' object has no attribute 'timed_out_until'
Ignoring exception in on_member_update
Traceback (most recent call last):
  File "/usr/local/lib/python3.12/site-packages/discord/client.py", line 465, in _run_event
    await coro(*args, **kwargs)
  File "/app/asu_discord/cogs/analytics.py", line 652, in on_member_update
    before_timeout = before.timed_out_until
                     ^^^^^^^^^^^^^^^^^^^^^^
AttributeError: 'Member' object has no attribute 'timed_out_until'
Ignoring exception in on_member_update
Traceback (most recent call last):
  File "/usr/local/lib/python3.12/site-packages/discord/client.py", line 465, in _run_event
    await coro(*args, **kwargs)
  File "/app/asu_discord/cogs/analytics.py", line 652, in on_member_update
    before_timeout = before.timed_out_until
                     ^^^^^^^^^^^^^^^^^^^^^^
AttributeError: 'Member' object has no attribute 'timed_out_until'
Ignoring exception in on_member_update
Traceback (most recent call last):
  File "/usr/local/lib/python3.12/site-packages/discord/client.py", line 465, in _run_event
    await coro(*args, **kwargs)
  File "/app/asu_discord/cogs/analytics.py", line 652, in on_member_update
    before_timeout = before.timed_out_until
                     ^^^^^^^^^^^^^^^^^^^^^^
AttributeError: 'Member' object has no attribute 'timed_out_until'
Ignoring exception in on_member_update
Traceback (most recent call last):
  File "/usr/local/lib/python3.12/site-packages/discord/client.py", line 465, in _run_event
    await coro(*args, **kwargs)
  File "/app/asu_discord/cogs/analytics.py", line 652, in on_member_update
    before_timeout = before.timed_out_until
                     ^^^^^^^^^^^^^^^^^^^^^^
AttributeError: 'Member' object has no attribute 'timed_out_until'
Ignoring exception in on_member_update
Traceback (most recent call last):
  File "/usr/local/lib/python3.12/site-packages/discord/client.py", line 465, in _run_event
    await coro(*args, **kwargs)
  File "/app/asu_discord/cogs/analytics.py", line 652, in on_member_update
    before_timeout = before.timed_out_until
                     ^^^^^^^^^^^^^^^^^^^^^^
AttributeError: 'Member' object has no attribute 'timed_out_until'
Ignoring exception in on_member_update
Traceback (most recent call last):
  File "/usr/local/lib/python3.12/site-packages/discord/client.py", line 465, in _run_event
    await coro(*args, **kwargs)
  File "/app/asu_discord/cogs/analytics.py", line 652, in on_member_update
    before_timeout = before.timed_out_until
                     ^^^^^^^^^^^^^^^^^^^^^^
AttributeError: 'Member' object has no attribute 'timed_out_until'
Ignoring exception in on_member_update
Traceback (most recent call last):
  File "/usr/local/lib/python3.12/site-packages/discord/client.py", line 465, in _run_event
    await coro(*args, **kwargs)
  File "/app/asu_discord/cogs/analytics.py", line 652, in on_member_update
    before_timeout = before.timed_out_until
                     ^^^^^^^^^^^^^^^^^^^^^^
AttributeError: 'Member' object has no attribute 'timed_out_until'
INFO:asu_discord.cogs.verification:Saved 5 roles to database for user afwhitmo (Discord ID: 1499616264233025634)
INFO:asu_discord.cogs.verification:Refreshed Salesforce roles for Discord user 1499616264233025634: -5/+5 roles, assigned=[Commited, First Year, Ira A. Fulton Schools of Engineering, Out of State, Tempe]
Ignoring exception in on_member_update
Traceback (most recent call last):
  File "/usr/local/lib/python3.12/site-packages/discord/client.py", line 465, in _run_event
    await coro(*args, **kwargs)
  File "/app/asu_discord/cogs/analytics.py", line 652, in on_member_update
    before_timeout = before.timed_out_until
                     ^^^^^^^^^^^^^^^^^^^^^^
AttributeError: 'Member' object has no attribute 'timed_out_until'
Ignoring exception in on_member_update
Traceback (most recent call last):
  File "/usr/local/lib/python3.12/site-packages/discord/client.py", line 465, in _run_event
    await coro(*args, **kwargs)
  File "/app/asu_discord/cogs/analytics.py", line 652, in on_member_update
    before_timeout = before.timed_out_until
                     ^^^^^^^^^^^^^^^^^^^^^^
AttributeError: 'Member' object has no attribute 'timed_out_until'
Ignoring exception in on_member_update
Traceback (most recent call last):
  File "/usr/local/lib/python3.12/site-packages/discord/client.py", line 465, in _run_event
    await coro(*args, **kwargs)
  File "/app/asu_discord/cogs/analytics.py", line 652, in on_member_update
    before_timeout = before.timed_out_until
                     ^^^^^^^^^^^^^^^^^^^^^^
AttributeError: 'Member' object has no attribute 'timed_out_until'
Ignoring exception in on_member_update
Traceback (most recent call last):
  File "/usr/local/lib/python3.12/site-packages/discord/client.py", line 465, in _run_event
    await coro(*args, **kwargs)
  File "/app/asu_discord/cogs/analytics.py", line 652, in on_member_update
    before_timeout = before.timed_out_until
                     ^^^^^^^^^^^^^^^^^^^^^^
AttributeError: 'Member' object has no attribute 'timed_out_until'
Ignoring exception in on_member_update
Traceback (most recent call last):
  File "/usr/local/lib/python3.12/site-packages/discord/client.py", line 465, in _run_event
    await coro(*args, **kwargs)
  File "/app/asu_discord/cogs/analytics.py", line 652, in on_member_update
    before_timeout = before.timed_out_until
                     ^^^^^^^^^^^^^^^^^^^^^^
AttributeError: 'Member' object has no attribute 'timed_out_until'
Ignoring exception in on_member_update
Traceback (most recent call last):
  File "/usr/local/lib/python3.12/site-packages/discord/client.py", line 465, in _run_event
    await coro(*args, **kwargs)
  File "/app/asu_discord/cogs/analytics.py", line 652, in on_member_update
    before_timeout = before.timed_out_until
                     ^^^^^^^^^^^^^^^^^^^^^^
AttributeError: 'Member' object has no attribute 'timed_out_until'
Ignoring exception in on_member_update
Traceback (most recent call last):
  File "/usr/local/lib/python3.12/site-packages/discord/client.py", line 465, in _run_event
    await coro(*args, **kwargs)
  File "/app/asu_discord/cogs/analytics.py", line 652, in on_member_update
    before_timeout = before.timed_out_until
                     ^^^^^^^^^^^^^^^^^^^^^^
AttributeError: 'Member' object has no attribute 'timed_out_until'
Ignoring exception in on_member_update
Traceback (most recent call last):
  File "/usr/local/lib/python3.12/site-packages/discord/client.py", line 465, in _run_event
    await coro(*args, **kwargs)
  File "/app/asu_discord/cogs/analytics.py", line 652, in on_member_update
    before_timeout = before.timed_out_until
                     ^^^^^^^^^^^^^^^^^^^^^^
AttributeError: 'Member' object has no attribute 'timed_out_until'
Ignoring exception in on_member_update
Traceback (most recent call last):
  File "/usr/local/lib/python3.12/site-packages/discord/client.py", line 465, in _run_event
    await coro(*args, **kwargs)
  File "/app/asu_discord/cogs/analytics.py", line 652, in on_member_update
    before_timeout = before.timed_out_until
                     ^^^^^^^^^^^^^^^^^^^^^^
AttributeError: 'Member' object has no attribute 'timed_out_until'
Ignoring exception in on_member_update
Traceback (most recent call last):
  File "/usr/local/lib/python3.12/site-packages/discord/client.py", line 465, in _run_event
    await coro(*args, **kwargs)
  File "/app/asu_discord/cogs/analytics.py", line 652, in on_member_update
    before_timeout = before.timed_out_until
                     ^^^^^^^^^^^^^^^^^^^^^^
AttributeError: 'Member' object has no attribute 'timed_out_until'
ERROR:cron.jobs:refresh_salesforce_roles: failed for riramos2 (Discord ID 329464532743356437): Timed out refresh Salesforce-based roles
Ignoring exception in on_member_update
Traceback (most recent call last):
  File "/usr/local/lib/python3.12/site-packages/discord/client.py", line 465, in _run_event
    await coro(*args, **kwargs)
  File "/app/asu_discord/cogs/analytics.py", line 652, in on_member_update
    before_timeout = before.timed_out_until
                     ^^^^^^^^^^^^^^^^^^^^^^
AttributeError: 'Member' object has no attribute 'timed_out_until'
Ignoring exception in on_member_update
Traceback (most recent call last):
  File "/usr/local/lib/python3.12/site-packages/discord/client.py", line 465, in _run_event
    await coro(*args, **kwargs)
  File "/app/asu_discord/cogs/analytics.py", line 652, in on_member_update
    before_timeout = before.timed_out_until
                     ^^^^^^^^^^^^^^^^^^^^^^
AttributeError: 'Member' object has no attribute 'timed_out_until'
Ignoring exception in on_member_update
Traceback (most recent call last):
  File "/usr/local/lib/python3.12/site-packages/discord/client.py", line 465, in _run_event
    await coro(*args, **kwargs)
  File "/app/asu_discord/cogs/analytics.py", line 652, in on_member_update
    before_timeout = before.timed_out_until
                     ^^^^^^^^^^^^^^^^^^^^^^
AttributeError: 'Member' object has no attribute 'timed_out_until'
Ignoring exception in on_member_update
Traceback (most recent call last):
  File "/usr/local/lib/python3.12/site-packages/discord/client.py", line 465, in _run_event
    await coro(*args, **kwargs)
  File "/app/asu_discord/cogs/analytics.py", line 652, in on_member_update
    before_timeout = before.timed_out_until
                     ^^^^^^^^^^^^^^^^^^^^^^
AttributeError: 'Member' object has no attribute 'timed_out_until'
Ignoring exception in on_member_update
Traceback (most recent call last):
  File "/usr/local/lib/python3.12/site-packages/discord/client.py", line 465, in _run_event
    await coro(*args, **kwargs)
  File "/app/asu_discord/cogs/analytics.py", line 652, in on_member_update
    before_timeout = before.timed_out_until
                     ^^^^^^^^^^^^^^^^^^^^^^
AttributeError: 'Member' object has no attribute 'timed_out_until'
Ignoring exception in on_member_update
Traceback (most recent call last):
  File "/usr/local/lib/python3.12/site-packages/discord/client.py", line 465, in _run_event
    await coro(*args, **kwargs)
  File "/app/asu_discord/cogs/analytics.py", line 652, in on_member_update
    before_timeout = before.timed_out_until
                     ^^^^^^^^^^^^^^^^^^^^^^
AttributeError: 'Member' object has no attribute 'timed_out_until'
Ignoring exception in on_member_update
Traceback (most recent call last):
  File "/usr/local/lib/python3.12/site-packages/discord/client.py", line 465, in _run_event
    await coro(*args, **kwargs)
  File "/app/asu_discord/cogs/analytics.py", line 652, in on_member_update
    before_timeout = before.timed_out_until
                     ^^^^^^^^^^^^^^^^^^^^^^
AttributeError: 'Member' object has no attribute 'timed_out_until'
Ignoring exception in on_member_update
Traceback (most recent call last):
  File "/usr/local/lib/python3.12/site-packages/discord/client.py", line 465, in _run_event
    await coro(*args, **kwargs)
  File "/app/asu_discord/cogs/analytics.py", line 652, in on_member_update
    before_timeout = before.timed_out_until
                     ^^^^^^^^^^^^^^^^^^^^^^
AttributeError: 'Member' object has no attribute 'timed_out_until'
Ignoring exception in on_member_update
Traceback (most recent call last):
  File "/usr/local/lib/python3.12/site-packages/discord/client.py", line 465, in _run_event
    await coro(*args, **kwargs)
  File "/app/asu_discord/cogs/analytics.py", line 652, in on_member_update
    before_timeout = before.timed_out_until
                     ^^^^^^^^^^^^^^^^^^^^^^
AttributeError: 'Member' object has no attribute 'timed_out_until'
Ignoring exception in on_member_update
Traceback (most recent call last):
  File "/usr/local/lib/python3.12/site-packages/discord/client.py", line 465, in _run_event
    await coro(*args, **kwargs)
  File "/app/asu_discord/cogs/analytics.py", line 652, in on_member_update
    before_timeout = before.timed_out_until
                     ^^^^^^^^^^^^^^^^^^^^^^
AttributeError: 'Member' object has no attribute 'timed_out_until'
ERROR:cron.jobs:refresh_salesforce_roles: failed for njbruss (Discord ID 1499634681128292482): Timed out refresh Salesforce-based roles
Ignoring exception in on_member_update
Traceback (most recent call last):
  File "/usr/local/lib/python3.12/site-packages/discord/client.py", line 465, in _run_event
    await coro(*args, **kwargs)
  File "/app/asu_discord/cogs/analytics.py", line 652, in on_member_update
    before_timeout = before.timed_out_until
                     ^^^^^^^^^^^^^^^^^^^^^^
AttributeError: 'Member' object has no attribute 'timed_out_until'
Ignoring exception in on_member_update
Traceback (most recent call last):
  File "/usr/local/lib/python3.12/site-packages/discord/client.py", line 465, in _run_event
    await coro(*args, **kwargs)
  File "/app/asu_discord/cogs/analytics.py", line 652, in on_member_update
    before_timeout = before.timed_out_until
                     ^^^^^^^^^^^^^^^^^^^^^^
AttributeError: 'Member' object has no attribute 'timed_out_until'
Ignoring exception in on_member_update
Traceback (most recent call last):
  File "/usr/local/lib/python3.12/site-packages/discord/client.py", line 465, in _run_event
    await coro(*args, **kwargs)
  File "/app/asu_discord/cogs/analytics.py", line 652, in on_member_update
    before_timeout = before.timed_out_until
                     ^^^^^^^^^^^^^^^^^^^^^^
AttributeError: 'Member' object has no attribute 'timed_out_until'
Ignoring exception in on_member_update
Traceback (most recent call last):
  File "/usr/local/lib/python3.12/site-packages/discord/client.py", line 465, in _run_event
    await coro(*args, **kwargs)
  File "/app/asu_discord/cogs/analytics.py", line 652, in on_member_update
    before_timeout = before.timed_out_until
                     ^^^^^^^^^^^^^^^^^^^^^^
AttributeError: 'Member' object has no attribute 'timed_out_until'
Ignoring exception in on_member_update
Traceback (most recent call last):
  File "/usr/local/lib/python3.12/site-packages/discord/client.py", line 465, in _run_event
    await coro(*args, **kwargs)
  File "/app/asu_discord/cogs/analytics.py", line 652, in on_member_update
    before_timeout = before.timed_out_until
                     ^^^^^^^^^^^^^^^^^^^^^^
AttributeError: 'Member' object has no attribute 'timed_out_until'
Ignoring exception in on_member_update
Traceback (most recent call last):
  File "/usr/local/lib/python3.12/site-packages/discord/client.py", line 465, in _run_event
    await coro(*args, **kwargs)
  File "/app/asu_discord/cogs/analytics.py", line 652, in on_member_update
    before_timeout = before.timed_out_until
                     ^^^^^^^^^^^^^^^^^^^^^^
AttributeError: 'Member' object has no attribute 'timed_out_until'
Ignoring exception in on_member_update
Traceback (most recent call last):
  File "/usr/local/lib/python3.12/site-packages/discord/client.py", line 465, in _run_event
    await coro(*args, **kwargs)
  File "/app/asu_discord/cogs/analytics.py", line 652, in on_member_update
    before_timeout = before.timed_out_until
                     ^^^^^^^^^^^^^^^^^^^^^^
AttributeError: 'Member' object has no attribute 'timed_out_until'
Ignoring exception in on_member_update
Traceback (most recent call last):
  File "/usr/local/lib/python3.12/site-packages/discord/client.py", line 465, in _run_event
    await coro(*args, **kwargs)
  File "/app/asu_discord/cogs/analytics.py", line 652, in on_member_update
    before_timeout = before.timed_out_until
                     ^^^^^^^^^^^^^^^^^^^^^^
AttributeError: 'Member' object has no attribute 'timed_out_until'
Ignoring exception in on_member_update
Traceback (most recent call last):
  File "/usr/local/lib/python3.12/site-packages/discord/client.py", line 465, in _run_event
    await coro(*args, **kwargs)
  File "/app/asu_discord/cogs/analytics.py", line 652, in on_member_update
    before_timeout = before.timed_out_until
                     ^^^^^^^^^^^^^^^^^^^^^^
AttributeError: 'Member' object has no attribute 'timed_out_until'
Ignoring exception in on_member_update
Traceback (most recent call last):
  File "/usr/local/lib/python3.12/site-packages/discord/client.py", line 465, in _run_event
    await coro(*args, **kwargs)
  File "/app/asu_discord/cogs/analytics.py", line 652, in on_member_update
    before_timeout = before.timed_out_until
                     ^^^^^^^^^^^^^^^^^^^^^^
AttributeError: 'Member' object has no attribute 'timed_out_until'
INFO:asu_discord.cogs.verification:Saved 5 roles to database for user aespar27 (Discord ID: 1499638327328903175)
INFO:asu_discord.cogs.verification:Refreshed Salesforce roles for Discord user 1499638327328903175: -5/+5 roles, assigned=[Arizona Resident, First Generation Student, Graduate Student, Ira A. Fulton Schools of Engineering, Tempe]
Ignoring exception in on_member_update
Traceback (most recent call last):
  File "/usr/local/lib/python3.12/site-packages/discord/client.py", line 465, in _run_event
    await coro(*args, **kwargs)
  File "/app/asu_discord/cogs/analytics.py", line 652, in on_member_update
    before_timeout = before.timed_out_until
                     ^^^^^^^^^^^^^^^^^^^^^^
AttributeError: 'Member' object has no attribute 'timed_out_until'
Ignoring exception in on_member_update
Traceback (most recent call last):
  File "/usr/local/lib/python3.12/site-packages/discord/client.py", line 465, in _run_event
    await coro(*args, **kwargs)
  File "/app/asu_discord/cogs/analytics.py", line 652, in on_member_update
    before_timeout = before.timed_out_until
                     ^^^^^^^^^^^^^^^^^^^^^^
AttributeError: 'Member' object has no attribute 'timed_out_until'
Ignoring exception in on_member_update
Traceback (most recent call last):
  File "/usr/local/lib/python3.12/site-packages/discord/client.py", line 465, in _run_event
    await coro(*args, **kwargs)
  File "/app/asu_discord/cogs/analytics.py", line 652, in on_member_update
    before_timeout = before.timed_out_until
                     ^^^^^^^^^^^^^^^^^^^^^^
AttributeError: 'Member' object has no attribute 'timed_out_until'
Ignoring exception in on_member_update
Traceback (most recent call last):
  File "/usr/local/lib/python3.12/site-packages/discord/client.py", line 465, in _run_event
    await coro(*args, **kwargs)
  File "/app/asu_discord/cogs/analytics.py", line 652, in on_member_update
    before_timeout = before.timed_out_until
                     ^^^^^^^^^^^^^^^^^^^^^^
AttributeError: 'Member' object has no attribute 'timed_out_until'
Ignoring exception in on_member_update
Traceback (most recent call last):
  File "/usr/local/lib/python3.12/site-packages/discord/client.py", line 465, in _run_event
    await coro(*args, **kwargs)
  File "/app/asu_discord/cogs/analytics.py", line 652, in on_member_update
    before_timeout = before.timed_out_until
                     ^^^^^^^^^^^^^^^^^^^^^^
AttributeError: 'Member' object has no attribute 'timed_out_until'
Ignoring exception in on_member_update
Traceback (most recent call last):
  File "/usr/local/lib/python3.12/site-packages/discord/client.py", line 465, in _run_event
    await coro(*args, **kwargs)
  File "/app/asu_discord/cogs/analytics.py", line 652, in on_member_update
    before_timeout = before.timed_out_until
                     ^^^^^^^^^^^^^^^^^^^^^^
AttributeError: 'Member' object has no attribute 'timed_out_until'
Ignoring exception in on_member_update
Traceback (most recent call last):
  File "/usr/local/lib/python3.12/site-packages/discord/client.py", line 465, in _run_event
    await coro(*args, **kwargs)
  File "/app/asu_discord/cogs/analytics.py", line 652, in on_member_update
    before_timeout = before.timed_out_until
                     ^^^^^^^^^^^^^^^^^^^^^^
AttributeError: 'Member' object has no attribute 'timed_out_until'
Ignoring exception in on_member_update
Traceback (most recent call last):
  File "/usr/local/lib/python3.12/site-packages/discord/client.py", line 465, in _run_event
    await coro(*args, **kwargs)
  File "/app/asu_discord/cogs/analytics.py", line 652, in on_member_update
    before_timeout = before.timed_out_until
                     ^^^^^^^^^^^^^^^^^^^^^^
AttributeError: 'Member' object has no attribute 'timed_out_until'
INFO:asu_discord.cogs.verification:Saved 4 roles to database for user rralzahr (Discord ID: 1499665560739250258)
INFO:asu_discord.cogs.verification:Refreshed Salesforce roles for Discord user 1499665560739250258: -4/+4 roles, assigned=[First Year, International Student, Tempe, W.P. Carey School of Business]
Ignoring exception in on_member_update
Traceback (most recent call last):
  File "/usr/local/lib/python3.12/site-packages/discord/client.py", line 465, in _run_event
    await coro(*args, **kwargs)
  File "/app/asu_discord/cogs/analytics.py", line 652, in on_member_update
    before_timeout = before.timed_out_until
                     ^^^^^^^^^^^^^^^^^^^^^^
AttributeError: 'Member' object has no attribute 'timed_out_until'
Ignoring exception in on_member_update
Traceback (most recent call last):
  File "/usr/local/lib/python3.12/site-packages/discord/client.py", line 465, in _run_event
    await coro(*args, **kwargs)
  File "/app/asu_discord/cogs/analytics.py", line 652, in on_member_update
    before_timeout = before.timed_out_until
                     ^^^^^^^^^^^^^^^^^^^^^^
AttributeError: 'Member' object has no attribute 'timed_out_until'
Ignoring exception in on_member_update
Traceback (most recent call last):
  File "/usr/local/lib/python3.12/site-packages/discord/client.py", line 465, in _run_event
    await coro(*args, **kwargs)
  File "/app/asu_discord/cogs/analytics.py", line 652, in on_member_update
    before_timeout = before.timed_out_until
                     ^^^^^^^^^^^^^^^^^^^^^^
AttributeError: 'Member' object has no attribute 'timed_out_until'
Ignoring exception in on_member_update
Traceback (most recent call last):
  File "/usr/local/lib/python3.12/site-packages/discord/client.py", line 465, in _run_event
    await coro(*args, **kwargs)
  File "/app/asu_discord/cogs/analytics.py", line 652, in on_member_update
    before_timeout = before.timed_out_until
                     ^^^^^^^^^^^^^^^^^^^^^^
AttributeError: 'Member' object has no attribute 'timed_out_until'
Ignoring exception in on_member_update
Traceback (most recent call last):
  File "/usr/local/lib/python3.12/site-packages/discord/client.py", line 465, in _run_event
    await coro(*args, **kwargs)
  File "/app/asu_discord/cogs/analytics.py", line 652, in on_member_update
    before_timeout = before.timed_out_until
                     ^^^^^^^^^^^^^^^^^^^^^^
AttributeError: 'Member' object has no attribute 'timed_out_until'
Ignoring exception in on_member_update
Traceback (most recent call last):
  File "/usr/local/lib/python3.12/site-packages/discord/client.py", line 465, in _run_event
    await coro(*args, **kwargs)
  File "/app/asu_discord/cogs/analytics.py", line 652, in on_member_update
    before_timeout = before.timed_out_until
                     ^^^^^^^^^^^^^^^^^^^^^^
AttributeError: 'Member' object has no attribute 'timed_out_until'
Ignoring exception in on_member_update
Traceback (most recent call last):
  File "/usr/local/lib/python3.12/site-packages/discord/client.py", line 465, in _run_event
    await coro(*args, **kwargs)
  File "/app/asu_discord/cogs/analytics.py", line 652, in on_member_update
    before_timeout = before.timed_out_until
                     ^^^^^^^^^^^^^^^^^^^^^^
AttributeError: 'Member' object has no attribute 'timed_out_until'
Ignoring exception in on_member_update
Traceback (most recent call last):
  File "/usr/local/lib/python3.12/site-packages/discord/client.py", line 465, in _run_event
    await coro(*args, **kwargs)
  File "/app/asu_discord/cogs/analytics.py", line 652, in on_member_update
    before_timeout = before.timed_out_until
                     ^^^^^^^^^^^^^^^^^^^^^^
AttributeError: 'Member' object has no attribute 'timed_out_until'
Ignoring exception in on_member_update
Traceback (most recent call last):
  File "/usr/local/lib/python3.12/site-packages/discord/client.py", line 465, in _run_event
    await coro(*args, **kwargs)
  File "/app/asu_discord/cogs/analytics.py", line 652, in on_member_update
    before_timeout = before.timed_out_until
                     ^^^^^^^^^^^^^^^^^^^^^^
AttributeError: 'Member' object has no attribute 'timed_out_until'
INFO:asu_discord.cogs.verification:Saved 5 roles to database for user kltavare (Discord ID: 1240132849672388680)
INFO:asu_discord.cogs.verification:Refreshed Salesforce roles for Discord user 1240132849672388680: -4/+5 roles, assigned=[Arizona Resident, First Generation Student, First Year, Tempe, W.P. Carey School of Business]
Ignoring exception in on_member_update
Traceback (most recent call last):
  File "/usr/local/lib/python3.12/site-packages/discord/client.py", line 465, in _run_event
    await coro(*args, **kwargs)
  File "/app/asu_discord/cogs/analytics.py", line 652, in on_member_update
    before_timeout = before.timed_out_until
                     ^^^^^^^^^^^^^^^^^^^^^^
AttributeError: 'Member' object has no attribute 'timed_out_until'
Ignoring exception in on_member_update
Traceback (most recent call last):
  File "/usr/local/lib/python3.12/site-packages/discord/client.py", line 465, in _run_event
    await coro(*args, **kwargs)
  File "/app/asu_discord/cogs/analytics.py", line 652, in on_member_update
    before_timeout = before.timed_out_until
                     ^^^^^^^^^^^^^^^^^^^^^^
AttributeError: 'Member' object has no attribute 'timed_out_until'
Ignoring exception in on_member_update
Traceback (most recent call last):
  File "/usr/local/lib/python3.12/site-packages/discord/client.py", line 465, in _run_event
    await coro(*args, **kwargs)
  File "/app/asu_discord/cogs/analytics.py", line 652, in on_member_update
    before_timeout = before.timed_out_until
                     ^^^^^^^^^^^^^^^^^^^^^^
AttributeError: 'Member' object has no attribute 'timed_out_until'
Ignoring exception in on_member_update
Traceback (most recent call last):
  File "/usr/local/lib/python3.12/site-packages/discord/client.py", line 465, in _run_event
    await coro(*args, **kwargs)
  File "/app/asu_discord/cogs/analytics.py", line 652, in on_member_update
    before_timeout = before.timed_out_until
                     ^^^^^^^^^^^^^^^^^^^^^^
AttributeError: 'Member' object has no attribute 'timed_out_until'
Ignoring exception in on_member_update
Traceback (most recent call last):
  File "/usr/local/lib/python3.12/site-packages/discord/client.py", line 465, in _run_event
    await coro(*args, **kwargs)
  File "/app/asu_discord/cogs/analytics.py", line 652, in on_member_update
    before_timeout = before.timed_out_until
                     ^^^^^^^^^^^^^^^^^^^^^^
AttributeError: 'Member' object has no attribute 'timed_out_until'
Ignoring exception in on_member_update
Traceback (most recent call last):
  File "/usr/local/lib/python3.12/site-packages/discord/client.py", line 465, in _run_event
    await coro(*args, **kwargs)
  File "/app/asu_discord/cogs/analytics.py", line 652, in on_member_update
    before_timeout = before.timed_out_until
                     ^^^^^^^^^^^^^^^^^^^^^^
AttributeError: 'Member' object has no attribute 'timed_out_until'
Ignoring exception in on_member_update
Traceback (most recent call last):
  File "/usr/local/lib/python3.12/site-packages/discord/client.py", line 465, in _run_event
    await coro(*args, **kwargs)
  File "/app/asu_discord/cogs/analytics.py", line 652, in on_member_update
    before_timeout = before.timed_out_until
                     ^^^^^^^^^^^^^^^^^^^^^^
AttributeError: 'Member' object has no attribute 'timed_out_until'
Ignoring exception in on_member_update
Traceback (most recent call last):
  File "/usr/local/lib/python3.12/site-packages/discord/client.py", line 465, in _run_event
    await coro(*args, **kwargs)
  File "/app/asu_discord/cogs/analytics.py", line 652, in on_member_update
    before_timeout = before.timed_out_until
                     ^^^^^^^^^^^^^^^^^^^^^^
AttributeError: 'Member' object has no attribute 'timed_out_until'
INFO:asu_discord.cogs.verification:Saved 4 roles to database for user jorelph (Discord ID: 234698164454555652)
INFO:asu_discord.cogs.verification:Refreshed Salesforce roles for Discord user 234698164454555652: -4/+4 roles, assigned=[First Year, International Student, Tempe, W.P. Carey School of Business]
Ignoring exception in on_member_update
Traceback (most recent call last):
  File "/usr/local/lib/python3.12/site-packages/discord/client.py", line 465, in _run_event
    await coro(*args, **kwargs)
  File "/app/asu_discord/cogs/analytics.py", line 652, in on_member_update
    before_timeout = before.timed_out_until
                     ^^^^^^^^^^^^^^^^^^^^^^
AttributeError: 'Member' object has no attribute 'timed_out_until'
Ignoring exception in on_member_update
Traceback (most recent call last):
  File "/usr/local/lib/python3.12/site-packages/discord/client.py", line 465, in _run_event
    await coro(*args, **kwargs)
  File "/app/asu_discord/cogs/analytics.py", line 652, in on_member_update
    before_timeout = before.timed_out_until
                     ^^^^^^^^^^^^^^^^^^^^^^
AttributeError: 'Member' object has no attribute 'timed_out_until'
Ignoring exception in on_member_update
Traceback (most recent call last):
  File "/usr/local/lib/python3.12/site-packages/discord/client.py", line 465, in _run_event
    await coro(*args, **kwargs)
  File "/app/asu_discord/cogs/analytics.py", line 652, in on_member_update
    before_timeout = before.timed_out_until
                     ^^^^^^^^^^^^^^^^^^^^^^
AttributeError: 'Member' object has no attribute 'timed_out_until'
Ignoring exception in on_member_update
Traceback (most recent call last):
  File "/usr/local/lib/python3.12/site-packages/discord/client.py", line 465, in _run_event
    await coro(*args, **kwargs)
  File "/app/asu_discord/cogs/analytics.py", line 652, in on_member_update
    before_timeout = before.timed_out_until
                     ^^^^^^^^^^^^^^^^^^^^^^
AttributeError: 'Member' object has no attribute 'timed_out_until'
Ignoring exception in on_member_update
Traceback (most recent call last):
  File "/usr/local/lib/python3.12/site-packages/discord/client.py", line 465, in _run_event
    await coro(*args, **kwargs)
  File "/app/asu_discord/cogs/analytics.py", line 652, in on_member_update
    before_timeout = before.timed_out_until
                     ^^^^^^^^^^^^^^^^^^^^^^
AttributeError: 'Member' object has no attribute 'timed_out_until'
Ignoring exception in on_member_update
Traceback (most recent call last):
  File "/usr/local/lib/python3.12/site-packages/discord/client.py", line 465, in _run_event
    await coro(*args, **kwargs)
  File "/app/asu_discord/cogs/analytics.py", line 652, in on_member_update
    before_timeout = before.timed_out_until
                     ^^^^^^^^^^^^^^^^^^^^^^
AttributeError: 'Member' object has no attribute 'timed_out_until'
Ignoring exception in on_member_update
Traceback (most recent call last):
  File "/usr/local/lib/python3.12/site-packages/discord/client.py", line 465, in _run_event
    await coro(*args, **kwargs)
  File "/app/asu_discord/cogs/analytics.py", line 652, in on_member_update
    before_timeout = before.timed_out_until
                     ^^^^^^^^^^^^^^^^^^^^^^
AttributeError: 'Member' object has no attribute 'timed_out_until'
Ignoring exception in on_member_update
Traceback (most recent call last):
  File "/usr/local/lib/python3.12/site-packages/discord/client.py", line 465, in _run_event
    await coro(*args, **kwargs)
  File "/app/asu_discord/cogs/analytics.py", line 652, in on_member_update
    before_timeout = before.timed_out_until
                     ^^^^^^^^^^^^^^^^^^^^^^
AttributeError: 'Member' object has no attribute 'timed_out_until'
Ignoring exception in on_member_update
Traceback (most recent call last):
  File "/usr/local/lib/python3.12/site-packages/discord/client.py", line 465, in _run_event
    await coro(*args, **kwargs)
  File "/app/asu_discord/cogs/analytics.py", line 652, in on_member_update
    before_timeout = before.timed_out_until
                     ^^^^^^^^^^^^^^^^^^^^^^
AttributeError: 'Member' object has no attribute 'timed_out_until'
Ignoring exception in on_member_update
Traceback (most recent call last):
  File "/usr/local/lib/python3.12/site-packages/discord/client.py", line 465, in _run_event
    await coro(*args, **kwargs)
  File "/app/asu_discord/cogs/analytics.py", line 652, in on_member_update
    before_timeout = before.timed_out_until
                     ^^^^^^^^^^^^^^^^^^^^^^
AttributeError: 'Member' object has no attribute 'timed_out_until'
INFO:asu_discord.cogs.verification:Saved 5 roles to database for user humrao (Discord ID: 879406722723246120)
INFO:asu_discord.cogs.verification:Refreshed Salesforce roles for Discord user 879406722723246120: -5/+5 roles, assigned=[Commited, Graduate Student, International Student, Ira A. Fulton Schools of Engineering, Tempe]
Ignoring exception in on_member_update
Traceback (most recent call last):
  File "/usr/local/lib/python3.12/site-packages/discord/client.py", line 465, in _run_event
    await coro(*args, **kwargs)
  File "/app/asu_discord/cogs/analytics.py", line 652, in on_member_update
    before_timeout = before.timed_out_until
                     ^^^^^^^^^^^^^^^^^^^^^^
AttributeError: 'Member' object has no attribute 'timed_out_until'
Ignoring exception in on_member_update
Traceback (most recent call last):
  File "/usr/local/lib/python3.12/site-packages/discord/client.py", line 465, in _run_event
    await coro(*args, **kwargs)
  File "/app/asu_discord/cogs/analytics.py", line 652, in on_member_update
    before_timeout = before.timed_out_until
                     ^^^^^^^^^^^^^^^^^^^^^^
AttributeError: 'Member' object has no attribute 'timed_out_until'
Ignoring exception in on_member_update
Traceback (most recent call last):
  File "/usr/local/lib/python3.12/site-packages/discord/client.py", line 465, in _run_event
    await coro(*args, **kwargs)
  File "/app/asu_discord/cogs/analytics.py", line 652, in on_member_update
    before_timeout = before.timed_out_until
                     ^^^^^^^^^^^^^^^^^^^^^^
AttributeError: 'Member' object has no attribute 'timed_out_until'
Ignoring exception in on_member_update
Traceback (most recent call last):
  File "/usr/local/lib/python3.12/site-packages/discord/client.py", line 465, in _run_event
    await coro(*args, **kwargs)
  File "/app/asu_discord/cogs/analytics.py", line 652, in on_member_update
    before_timeout = before.timed_out_until
                     ^^^^^^^^^^^^^^^^^^^^^^
AttributeError: 'Member' object has no attribute 'timed_out_until'
Ignoring exception in on_member_update
Traceback (most recent call last):
  File "/usr/local/lib/python3.12/site-packages/discord/client.py", line 465, in _run_event
    await coro(*args, **kwargs)
  File "/app/asu_discord/cogs/analytics.py", line 652, in on_member_update
    before_timeout = before.timed_out_until
                     ^^^^^^^^^^^^^^^^^^^^^^
AttributeError: 'Member' object has no attribute 'timed_out_until'
Ignoring exception in on_member_update
Traceback (most recent call last):
  File "/usr/local/lib/python3.12/site-packages/discord/client.py", line 465, in _run_event
    await coro(*args, **kwargs)
  File "/app/asu_discord/cogs/analytics.py", line 652, in on_member_update
    before_timeout = before.timed_out_until
                     ^^^^^^^^^^^^^^^^^^^^^^
AttributeError: 'Member' object has no attribute 'timed_out_until'
Ignoring exception in on_member_update
Traceback (most recent call last):
  File "/usr/local/lib/python3.12/site-packages/discord/client.py", line 465, in _run_event
    await coro(*args, **kwargs)
  File "/app/asu_discord/cogs/analytics.py", line 652, in on_member_update
    before_timeout = before.timed_out_until
                     ^^^^^^^^^^^^^^^^^^^^^^
AttributeError: 'Member' object has no attribute 'timed_out_until'
Ignoring exception in on_member_update
Traceback (most recent call last):
  File "/usr/local/lib/python3.12/site-packages/discord/client.py", line 465, in _run_event
    await coro(*args, **kwargs)
  File "/app/asu_discord/cogs/analytics.py", line 652, in on_member_update
    before_timeout = before.timed_out_until
                     ^^^^^^^^^^^^^^^^^^^^^^
AttributeError: 'Member' object has no attribute 'timed_out_until'
INFO:asu_discord.cogs.verification:Saved 4 roles to database for user falsheh8 (Discord ID: 762334213252841535)
INFO:asu_discord.cogs.verification:Refreshed Salesforce roles for Discord user 762334213252841535: -4/+4 roles, assigned=[International Student, Tempe, Transfer Student, W.P. Carey School of Business]
Ignoring exception in on_member_update
Traceback (most recent call last):
  File "/usr/local/lib/python3.12/site-packages/discord/client.py", line 465, in _run_event
    await coro(*args, **kwargs)
  File "/app/asu_discord/cogs/analytics.py", line 652, in on_member_update
    before_timeout = before.timed_out_until
                     ^^^^^^^^^^^^^^^^^^^^^^
AttributeError: 'Member' object has no attribute 'timed_out_until'
Ignoring exception in on_member_update
Traceback (most recent call last):
  File "/usr/local/lib/python3.12/site-packages/discord/client.py", line 465, in _run_event
    await coro(*args, **kwargs)
  File "/app/asu_discord/cogs/analytics.py", line 652, in on_member_update
    before_timeout = before.timed_out_until
                     ^^^^^^^^^^^^^^^^^^^^^^
AttributeError: 'Member' object has no attribute 'timed_out_until'
INFO:asu_discord.cogs.verification:Saved 1 roles to database for user bkazanas (Discord ID: 1499828119081582684)
INFO:asu_discord.cogs.verification:Refreshed Salesforce roles for Discord user 1499828119081582684: -1/+1 roles, assigned=[Arizona Resident]
Ignoring exception in on_member_update
Traceback (most recent call last):
  File "/usr/local/lib/python3.12/site-packages/discord/client.py", line 465, in _run_event
    await coro(*args, **kwargs)
  File "/app/asu_discord/cogs/analytics.py", line 652, in on_member_update
    before_timeout = before.timed_out_until
                     ^^^^^^^^^^^^^^^^^^^^^^
AttributeError: 'Member' object has no attribute 'timed_out_until'
Ignoring exception in on_member_update
Traceback (most recent call last):
  File "/usr/local/lib/python3.12/site-packages/discord/client.py", line 465, in _run_event
    await coro(*args, **kwargs)
  File "/app/asu_discord/cogs/analytics.py", line 652, in on_member_update
    before_timeout = before.timed_out_until
                     ^^^^^^^^^^^^^^^^^^^^^^
AttributeError: 'Member' object has no attribute 'timed_out_until'
Ignoring exception in on_member_update
Traceback (most recent call last):
  File "/usr/local/lib/python3.12/site-packages/discord/client.py", line 465, in _run_event
    await coro(*args, **kwargs)
  File "/app/asu_discord/cogs/analytics.py", line 652, in on_member_update
    before_timeout = before.timed_out_until
                     ^^^^^^^^^^^^^^^^^^^^^^
AttributeError: 'Member' object has no attribute 'timed_out_until'
Ignoring exception in on_member_update
Traceback (most recent call last):
  File "/usr/local/lib/python3.12/site-packages/discord/client.py", line 465, in _run_event
    await coro(*args, **kwargs)
  File "/app/asu_discord/cogs/analytics.py", line 652, in on_member_update
    before_timeout = before.timed_out_until
                     ^^^^^^^^^^^^^^^^^^^^^^
AttributeError: 'Member' object has no attribute 'timed_out_until'
Ignoring exception in on_member_update
Traceback (most recent call last):
  File "/usr/local/lib/python3.12/site-packages/discord/client.py", line 465, in _run_event
    await coro(*args, **kwargs)
  File "/app/asu_discord/cogs/analytics.py", line 652, in on_member_update
    before_timeout = before.timed_out_until
                     ^^^^^^^^^^^^^^^^^^^^^^
AttributeError: 'Member' object has no attribute 'timed_out_until'
Ignoring exception in on_member_update
Traceback (most recent call last):
  File "/usr/local/lib/python3.12/site-packages/discord/client.py", line 465, in _run_event
    await coro(*args, **kwargs)
  File "/app/asu_discord/cogs/analytics.py", line 652, in on_member_update
    before_timeout = before.timed_out_until
                     ^^^^^^^^^^^^^^^^^^^^^^
AttributeError: 'Member' object has no attribute 'timed_out_until'
Ignoring exception in on_member_update
Traceback (most recent call last):
  File "/usr/local/lib/python3.12/site-packages/discord/client.py", line 465, in _run_event
    await coro(*args, **kwargs)
  File "/app/asu_discord/cogs/analytics.py", line 652, in on_member_update
    before_timeout = before.timed_out_until
                     ^^^^^^^^^^^^^^^^^^^^^^
AttributeError: 'Member' object has no attribute 'timed_out_until'
Ignoring exception in on_member_update
Traceback (most recent call last):
  File "/usr/local/lib/python3.12/site-packages/discord/client.py", line 465, in _run_event
    await coro(*args, **kwargs)
  File "/app/asu_discord/cogs/analytics.py", line 652, in on_member_update
    before_timeout = before.timed_out_until
                     ^^^^^^^^^^^^^^^^^^^^^^
AttributeError: 'Member' object has no attribute 'timed_out_until'
INFO:asu_discord.cogs.verification:Saved 4 roles to database for user kbiaz (Discord ID: 398438019876519938)
INFO:asu_discord.cogs.verification:Refreshed Salesforce roles for Discord user 398438019876519938: -4/+4 roles, assigned=[Commited, First Year, Ira A. Fulton Schools of Engineering, Tempe]
Ignoring exception in on_member_update
Traceback (most recent call last):
  File "/usr/local/lib/python3.12/site-packages/discord/client.py", line 465, in _run_event
    await coro(*args, **kwargs)
  File "/app/asu_discord/cogs/analytics.py", line 652, in on_member_update
    before_timeout = before.timed_out_until
                     ^^^^^^^^^^^^^^^^^^^^^^
AttributeError: 'Member' object has no attribute 'timed_out_until'
Ignoring exception in on_member_update
Traceback (most recent call last):
  File "/usr/local/lib/python3.12/site-packages/discord/client.py", line 465, in _run_event
    await coro(*args, **kwargs)
  File "/app/asu_discord/cogs/analytics.py", line 652, in on_member_update
    before_timeout = before.timed_out_until
                     ^^^^^^^^^^^^^^^^^^^^^^
AttributeError: 'Member' object has no attribute 'timed_out_until'
Ignoring exception in on_member_update
Traceback (most recent call last):
  File "/usr/local/lib/python3.12/site-packages/discord/client.py", line 465, in _run_event
    await coro(*args, **kwargs)
  File "/app/asu_discord/cogs/analytics.py", line 652, in on_member_update
    before_timeout = before.timed_out_until
                     ^^^^^^^^^^^^^^^^^^^^^^
AttributeError: 'Member' object has no attribute 'timed_out_until'
Ignoring exception in on_member_update
Traceback (most recent call last):
  File "/usr/local/lib/python3.12/site-packages/discord/client.py", line 465, in _run_event
    await coro(*args, **kwargs)
  File "/app/asu_discord/cogs/analytics.py", line 652, in on_member_update
    before_timeout = before.timed_out_until
                     ^^^^^^^^^^^^^^^^^^^^^^
AttributeError: 'Member' object has no attribute 'timed_out_until'
Ignoring exception in on_member_update
Traceback (most recent call last):
  File "/usr/local/lib/python3.12/site-packages/discord/client.py", line 465, in _run_event
    await coro(*args, **kwargs)
  File "/app/asu_discord/cogs/analytics.py", line 652, in on_member_update
    before_timeout = before.timed_out_until
                     ^^^^^^^^^^^^^^^^^^^^^^
AttributeError: 'Member' object has no attribute 'timed_out_until'
Ignoring exception in on_member_update
Traceback (most recent call last):
  File "/usr/local/lib/python3.12/site-packages/discord/client.py", line 465, in _run_event
    await coro(*args, **kwargs)
  File "/app/asu_discord/cogs/analytics.py", line 652, in on_member_update
    before_timeout = before.timed_out_until
                     ^^^^^^^^^^^^^^^^^^^^^^
AttributeError: 'Member' object has no attribute 'timed_out_until'
Ignoring exception in on_member_update
Traceback (most recent call last):
  File "/usr/local/lib/python3.12/site-packages/discord/client.py", line 465, in _run_event
    await coro(*args, **kwargs)
  File "/app/asu_discord/cogs/analytics.py", line 652, in on_member_update
    before_timeout = before.timed_out_until
                     ^^^^^^^^^^^^^^^^^^^^^^
AttributeError: 'Member' object has no attribute 'timed_out_until'
Ignoring exception in on_member_update
Traceback (most recent call last):
  File "/usr/local/lib/python3.12/site-packages/discord/client.py", line 465, in _run_event
    await coro(*args, **kwargs)
  File "/app/asu_discord/cogs/analytics.py", line 652, in on_member_update
    before_timeout = before.timed_out_until
                     ^^^^^^^^^^^^^^^^^^^^^^
AttributeError: 'Member' object has no attribute 'timed_out_until'
Ignoring exception in on_member_update
Traceback (most recent call last):
  File "/usr/local/lib/python3.12/site-packages/discord/client.py", line 465, in _run_event
    await coro(*args, **kwargs)
  File "/app/asu_discord/cogs/analytics.py", line 652, in on_member_update
    before_timeout = before.timed_out_until
                     ^^^^^^^^^^^^^^^^^^^^^^
AttributeError: 'Member' object has no attribute 'timed_out_until'
Ignoring exception in on_member_update
Traceback (most recent call last):
  File "/usr/local/lib/python3.12/site-packages/discord/client.py", line 465, in _run_event
    await coro(*args, **kwargs)
  File "/app/asu_discord/cogs/analytics.py", line 652, in on_member_update
    before_timeout = before.timed_out_until
                     ^^^^^^^^^^^^^^^^^^^^^^
AttributeError: 'Member' object has no attribute 'timed_out_until'
INFO:asu_discord.cogs.verification:Saved 5 roles to database for user ainjeti (Discord ID: 990974608318558271)
INFO:asu_discord.cogs.verification:Refreshed Salesforce roles for Discord user 990974608318558271: -5/+5 roles, assigned=[Commited, First Year, International Student, Ira A. Fulton Schools of Engineering, Tempe]
Ignoring exception in on_member_update
Traceback (most recent call last):
  File "/usr/local/lib/python3.12/site-packages/discord/client.py", line 465, in _run_event
    await coro(*args, **kwargs)
  File "/app/asu_discord/cogs/analytics.py", line 652, in on_member_update
    before_timeout = before.timed_out_until
                     ^^^^^^^^^^^^^^^^^^^^^^
AttributeError: 'Member' object has no attribute 'timed_out_until'
Ignoring exception in on_member_update
Traceback (most recent call last):
  File "/usr/local/lib/python3.12/site-packages/discord/client.py", line 465, in _run_event
    await coro(*args, **kwargs)
  File "/app/asu_discord/cogs/analytics.py", line 652, in on_member_update
    before_timeout = before.timed_out_until
                     ^^^^^^^^^^^^^^^^^^^^^^
AttributeError: 'Member' object has no attribute 'timed_out_until'
Ignoring exception in on_member_update
Traceback (most recent call last):
  File "/usr/local/lib/python3.12/site-packages/discord/client.py", line 465, in _run_event
    await coro(*args, **kwargs)
  File "/app/asu_discord/cogs/analytics.py", line 652, in on_member_update
    before_timeout = before.timed_out_until
                     ^^^^^^^^^^^^^^^^^^^^^^
AttributeError: 'Member' object has no attribute 'timed_out_until'
Ignoring exception in on_member_update
Traceback (most recent call last):
  File "/usr/local/lib/python3.12/site-packages/discord/client.py", line 465, in _run_event
    await coro(*args, **kwargs)
  File "/app/asu_discord/cogs/analytics.py", line 652, in on_member_update
    before_timeout = before.timed_out_until
                     ^^^^^^^^^^^^^^^^^^^^^^
AttributeError: 'Member' object has no attribute 'timed_out_until'
Ignoring exception in on_member_update
Traceback (most recent call last):
  File "/usr/local/lib/python3.12/site-packages/discord/client.py", line 465, in _run_event
    await coro(*args, **kwargs)
  File "/app/asu_discord/cogs/analytics.py", line 652, in on_member_update
    before_timeout = before.timed_out_until
                     ^^^^^^^^^^^^^^^^^^^^^^
AttributeError: 'Member' object has no attribute 'timed_out_until'
Ignoring exception in on_member_update
Traceback (most recent call last):
  File "/usr/local/lib/python3.12/site-packages/discord/client.py", line 465, in _run_event
    await coro(*args, **kwargs)
  File "/app/asu_discord/cogs/analytics.py", line 652, in on_member_update
    before_timeout = before.timed_out_until
                     ^^^^^^^^^^^^^^^^^^^^^^
AttributeError: 'Member' object has no attribute 'timed_out_until'
Ignoring exception in on_member_update
Traceback (most recent call last):
  File "/usr/local/lib/python3.12/site-packages/discord/client.py", line 465, in _run_event
    await coro(*args, **kwargs)
  File "/app/asu_discord/cogs/analytics.py", line 652, in on_member_update
    before_timeout = before.timed_out_until
                     ^^^^^^^^^^^^^^^^^^^^^^
AttributeError: 'Member' object has no attribute 'timed_out_until'
Ignoring exception in on_member_update
Traceback (most recent call last):
  File "/usr/local/lib/python3.12/site-packages/discord/client.py", line 465, in _run_event
    await coro(*args, **kwargs)
  File "/app/asu_discord/cogs/analytics.py", line 652, in on_member_update
    before_timeout = before.timed_out_until
                     ^^^^^^^^^^^^^^^^^^^^^^
AttributeError: 'Member' object has no attribute 'timed_out_until'
Ignoring exception in on_member_update
Traceback (most recent call last):
  File "/usr/local/lib/python3.12/site-packages/discord/client.py", line 465, in _run_event
    await coro(*args, **kwargs)
  File "/app/asu_discord/cogs/analytics.py", line 652, in on_member_update
    before_timeout = before.timed_out_until
                     ^^^^^^^^^^^^^^^^^^^^^^
AttributeError: 'Member' object has no attribute 'timed_out_until'
Ignoring exception in on_member_update
Traceback (most recent call last):
  File "/usr/local/lib/python3.12/site-packages/discord/client.py", line 465, in _run_event
    await coro(*args, **kwargs)
  File "/app/asu_discord/cogs/analytics.py", line 652, in on_member_update
    before_timeout = before.timed_out_until
                     ^^^^^^^^^^^^^^^^^^^^^^
AttributeError: 'Member' object has no attribute 'timed_out_until'
Ignoring exception in on_member_update
Traceback (most recent call last):
  File "/usr/local/lib/python3.12/site-packages/discord/client.py", line 465, in _run_event
    await coro(*args, **kwargs)
  File "/app/asu_discord/cogs/analytics.py", line 652, in on_member_update
    before_timeout = before.timed_out_until
                     ^^^^^^^^^^^^^^^^^^^^^^
AttributeError: 'Member' object has no attribute 'timed_out_until'
INFO:asu_discord.cogs.verification:Saved 6 roles to database for user jalfaro9 (Discord ID: 541772539651817484)
INFO:asu_discord.cogs.verification:Refreshed Salesforce roles for Discord user 541772539651817484: -5/+6 roles, assigned=[Arizona Resident, Commited, First Generation Student, First Year, Tempe, W.P. Carey School of Business]
Ignoring exception in on_member_update
Traceback (most recent call last):
  File "/usr/local/lib/python3.12/site-packages/discord/client.py", line 465, in _run_event
    await coro(*args, **kwargs)
  File "/app/asu_discord/cogs/analytics.py", line 652, in on_member_update
    before_timeout = before.timed_out_until
                     ^^^^^^^^^^^^^^^^^^^^^^
AttributeError: 'Member' object has no attribute 'timed_out_until'
Ignoring exception in on_member_update
Traceback (most recent call last):
  File "/usr/local/lib/python3.12/site-packages/discord/client.py", line 465, in _run_event
    await coro(*args, **kwargs)
  File "/app/asu_discord/cogs/analytics.py", line 652, in on_member_update
    before_timeout = before.timed_out_until
                     ^^^^^^^^^^^^^^^^^^^^^^
AttributeError: 'Member' object has no attribute 'timed_out_until'
Ignoring exception in on_member_update
Traceback (most recent call last):
  File "/usr/local/lib/python3.12/site-packages/discord/client.py", line 465, in _run_event
    await coro(*args, **kwargs)
  File "/app/asu_discord/cogs/analytics.py", line 652, in on_member_update
    before_timeout = before.timed_out_until
                     ^^^^^^^^^^^^^^^^^^^^^^
AttributeError: 'Member' object has no attribute 'timed_out_until'
Ignoring exception in on_member_update
Traceback (most recent call last):
  File "/usr/local/lib/python3.12/site-packages/discord/client.py", line 465, in _run_event
    await coro(*args, **kwargs)
  File "/app/asu_discord/cogs/analytics.py", line 652, in on_member_update
    before_timeout = before.timed_out_until
                     ^^^^^^^^^^^^^^^^^^^^^^
AttributeError: 'Member' object has no attribute 'timed_out_until'
Ignoring exception in on_member_update
Traceback (most recent call last):
  File "/usr/local/lib/python3.12/site-packages/discord/client.py", line 465, in _run_event
    await coro(*args, **kwargs)
  File "/app/asu_discord/cogs/analytics.py", line 652, in on_member_update
    before_timeout = before.timed_out_until
                     ^^^^^^^^^^^^^^^^^^^^^^
AttributeError: 'Member' object has no attribute 'timed_out_until'
Ignoring exception in on_member_update
Traceback (most recent call last):
  File "/usr/local/lib/python3.12/site-packages/discord/client.py", line 465, in _run_event
    await coro(*args, **kwargs)
  File "/app/asu_discord/cogs/analytics.py", line 652, in on_member_update
    before_timeout = before.timed_out_until
                     ^^^^^^^^^^^^^^^^^^^^^^
AttributeError: 'Member' object has no attribute 'timed_out_until'
Ignoring exception in on_member_update
Traceback (most recent call last):
  File "/usr/local/lib/python3.12/site-packages/discord/client.py", line 465, in _run_event
    await coro(*args, **kwargs)
  File "/app/asu_discord/cogs/analytics.py", line 652, in on_member_update
    before_timeout = before.timed_out_until
                     ^^^^^^^^^^^^^^^^^^^^^^
AttributeError: 'Member' object has no attribute 'timed_out_until'
Ignoring exception in on_member_update
Traceback (most recent call last):
  File "/usr/local/lib/python3.12/site-packages/discord/client.py", line 465, in _run_event
    await coro(*args, **kwargs)
  File "/app/asu_discord/cogs/analytics.py", line 652, in on_member_update
    before_timeout = before.timed_out_until
                     ^^^^^^^^^^^^^^^^^^^^^^
AttributeError: 'Member' object has no attribute 'timed_out_until'
Ignoring exception in on_member_update
Traceback (most recent call last):
  File "/usr/local/lib/python3.12/site-packages/discord/client.py", line 465, in _run_event
    await coro(*args, **kwargs)
  File "/app/asu_discord/cogs/analytics.py", line 652, in on_member_update
    before_timeout = before.timed_out_until
                     ^^^^^^^^^^^^^^^^^^^^^^
AttributeError: 'Member' object has no attribute 'timed_out_until'
Ignoring exception in on_member_update
Traceback (most recent call last):
  File "/usr/local/lib/python3.12/site-packages/discord/client.py", line 465, in _run_event
    await coro(*args, **kwargs)
  File "/app/asu_discord/cogs/analytics.py", line 652, in on_member_update
    before_timeout = before.timed_out_until
                     ^^^^^^^^^^^^^^^^^^^^^^
AttributeError: 'Member' object has no attribute 'timed_out_until'
INFO:asu_discord.cogs.verification:Saved 5 roles to database for user rjohn339 (Discord ID: 759289543790034964)
INFO:asu_discord.cogs.verification:Refreshed Salesforce roles for Discord user 759289543790034964: -5/+5 roles, assigned=[Arizona Resident, First Generation Student, First Year, Tempe, University College]
Ignoring exception in on_member_update
Traceback (most recent call last):
  File "/usr/local/lib/python3.12/site-packages/discord/client.py", line 465, in _run_event
    await coro(*args, **kwargs)
  File "/app/asu_discord/cogs/analytics.py", line 652, in on_member_update
    before_timeout = before.timed_out_until
                     ^^^^^^^^^^^^^^^^^^^^^^
AttributeError: 'Member' object has no attribute 'timed_out_until'
Ignoring exception in on_member_update
Traceback (most recent call last):
  File "/usr/local/lib/python3.12/site-packages/discord/client.py", line 465, in _run_event
    await coro(*args, **kwargs)
  File "/app/asu_discord/cogs/analytics.py", line 652, in on_member_update
    before_timeout = before.timed_out_until
                     ^^^^^^^^^^^^^^^^^^^^^^
AttributeError: 'Member' object has no attribute 'timed_out_until'
Ignoring exception in on_member_update
Traceback (most recent call last):
  File "/usr/local/lib/python3.12/site-packages/discord/client.py", line 465, in _run_event
    await coro(*args, **kwargs)
  File "/app/asu_discord/cogs/analytics.py", line 652, in on_member_update
    before_timeout = before.timed_out_until
                     ^^^^^^^^^^^^^^^^^^^^^^
AttributeError: 'Member' object has no attribute 'timed_out_until'
Ignoring exception in on_member_update
Traceback (most recent call last):
  File "/usr/local/lib/python3.12/site-packages/discord/client.py", line 465, in _run_event
    await coro(*args, **kwargs)
  File "/app/asu_discord/cogs/analytics.py", line 652, in on_member_update
    before_timeout = before.timed_out_until
                     ^^^^^^^^^^^^^^^^^^^^^^
AttributeError: 'Member' object has no attribute 'timed_out_until'
Ignoring exception in on_member_update
Traceback (most recent call last):
  File "/usr/local/lib/python3.12/site-packages/discord/client.py", line 465, in _run_event
    await coro(*args, **kwargs)
  File "/app/asu_discord/cogs/analytics.py", line 652, in on_member_update
    before_timeout = before.timed_out_until
                     ^^^^^^^^^^^^^^^^^^^^^^
AttributeError: 'Member' object has no attribute 'timed_out_until'
Ignoring exception in on_member_update
Traceback (most recent call last):
  File "/usr/local/lib/python3.12/site-packages/discord/client.py", line 465, in _run_event
    await coro(*args, **kwargs)
  File "/app/asu_discord/cogs/analytics.py", line 652, in on_member_update
    before_timeout = before.timed_out_until
                     ^^^^^^^^^^^^^^^^^^^^^^
AttributeError: 'Member' object has no attribute 'timed_out_until'
Ignoring exception in on_member_update
Traceback (most recent call last):
  File "/usr/local/lib/python3.12/site-packages/discord/client.py", line 465, in _run_event
    await coro(*args, **kwargs)
  File "/app/asu_discord/cogs/analytics.py", line 652, in on_member_update
    before_timeout = before.timed_out_until
                     ^^^^^^^^^^^^^^^^^^^^^^
AttributeError: 'Member' object has no attribute 'timed_out_until'
INFO:asu_discord.cogs.verification:Saved 4 roles to database for user imcghee (Discord ID: 1499933855841255604)
INFO:asu_discord.cogs.verification:Refreshed Salesforce roles for Discord user 1499933855841255604: -4/+3 roles, assigned=[Arizona Resident, College of Liberal Arts and Sciences, First Year, Tempe]
Ignoring exception in on_member_update
Traceback (most recent call last):
  File "/usr/local/lib/python3.12/site-packages/discord/client.py", line 465, in _run_event
    await coro(*args, **kwargs)
  File "/app/asu_discord/cogs/analytics.py", line 652, in on_member_update
    before_timeout = before.timed_out_until
                     ^^^^^^^^^^^^^^^^^^^^^^
AttributeError: 'Member' object has no attribute 'timed_out_until'
Ignoring exception in on_member_update
Traceback (most recent call last):
  File "/usr/local/lib/python3.12/site-packages/discord/client.py", line 465, in _run_event
    await coro(*args, **kwargs)
  File "/app/asu_discord/cogs/analytics.py", line 652, in on_member_update
    before_timeout = before.timed_out_until
                     ^^^^^^^^^^^^^^^^^^^^^^
AttributeError: 'Member' object has no attribute 'timed_out_until'
Ignoring exception in on_member_update
Traceback (most recent call last):
  File "/usr/local/lib/python3.12/site-packages/discord/client.py", line 465, in _run_event
    await coro(*args, **kwargs)
  File "/app/asu_discord/cogs/analytics.py", line 652, in on_member_update
    before_timeout = before.timed_out_until
                     ^^^^^^^^^^^^^^^^^^^^^^
AttributeError: 'Member' object has no attribute 'timed_out_until'
Ignoring exception in on_member_update
Traceback (most recent call last):
  File "/usr/local/lib/python3.12/site-packages/discord/client.py", line 465, in _run_event
    await coro(*args, **kwargs)
  File "/app/asu_discord/cogs/analytics.py", line 652, in on_member_update
    before_timeout = before.timed_out_until
                     ^^^^^^^^^^^^^^^^^^^^^^
AttributeError: 'Member' object has no attribute 'timed_out_until'
Ignoring exception in on_member_update
Traceback (most recent call last):
  File "/usr/local/lib/python3.12/site-packages/discord/client.py", line 465, in _run_event
    await coro(*args, **kwargs)
  File "/app/asu_discord/cogs/analytics.py", line 652, in on_member_update
    before_timeout = before.timed_out_until
                     ^^^^^^^^^^^^^^^^^^^^^^
AttributeError: 'Member' object has no attribute 'timed_out_until'
Ignoring exception in on_member_update
Traceback (most recent call last):
  File "/usr/local/lib/python3.12/site-packages/discord/client.py", line 465, in _run_event
    await coro(*args, **kwargs)
  File "/app/asu_discord/cogs/analytics.py", line 652, in on_member_update
    before_timeout = before.timed_out_until
                     ^^^^^^^^^^^^^^^^^^^^^^
AttributeError: 'Member' object has no attribute 'timed_out_until'
Ignoring exception in on_member_update
Traceback (most recent call last):
  File "/usr/local/lib/python3.12/site-packages/discord/client.py", line 465, in _run_event
    await coro(*args, **kwargs)
  File "/app/asu_discord/cogs/analytics.py", line 652, in on_member_update
    before_timeout = before.timed_out_until
                     ^^^^^^^^^^^^^^^^^^^^^^
AttributeError: 'Member' object has no attribute 'timed_out_until'
Ignoring exception in on_member_update
Traceback (most recent call last):
  File "/usr/local/lib/python3.12/site-packages/discord/client.py", line 465, in _run_event
    await coro(*args, **kwargs)
  File "/app/asu_discord/cogs/analytics.py", line 652, in on_member_update
    before_timeout = before.timed_out_until
                     ^^^^^^^^^^^^^^^^^^^^^^
AttributeError: 'Member' object has no attribute 'timed_out_until'
Ignoring exception in on_member_update
Traceback (most recent call last):
  File "/usr/local/lib/python3.12/site-packages/discord/client.py", line 465, in _run_event
    await coro(*args, **kwargs)
  File "/app/asu_discord/cogs/analytics.py", line 652, in on_member_update
    before_timeout = before.timed_out_until
                     ^^^^^^^^^^^^^^^^^^^^^^
AttributeError: 'Member' object has no attribute 'timed_out_until'
INFO:asu_discord.cogs.verification:Saved 5 roles to database for user gdvinson (Discord ID: 1465091722014101585)
INFO:asu_discord.cogs.verification:Refreshed Salesforce roles for Discord user 1465091722014101585: -5/+4 roles, assigned=[Commited, First Year, Herberger Institute for Design and the Arts, Out of State, Tempe]
Ignoring exception in on_member_update
Traceback (most recent call last):
  File "/usr/local/lib/python3.12/site-packages/discord/client.py", line 465, in _run_event
    await coro(*args, **kwargs)
  File "/app/asu_discord/cogs/analytics.py", line 652, in on_member_update
    before_timeout = before.timed_out_until
                     ^^^^^^^^^^^^^^^^^^^^^^
AttributeError: 'Member' object has no attribute 'timed_out_until'
Ignoring exception in on_member_update
Traceback (most recent call last):
  File "/usr/local/lib/python3.12/site-packages/discord/client.py", line 465, in _run_event
    await coro(*args, **kwargs)
  File "/app/asu_discord/cogs/analytics.py", line 652, in on_member_update
    before_timeout = before.timed_out_until
                     ^^^^^^^^^^^^^^^^^^^^^^
AttributeError: 'Member' object has no attribute 'timed_out_until'
Ignoring exception in on_member_update
Traceback (most recent call last):
  File "/usr/local/lib/python3.12/site-packages/discord/client.py", line 465, in _run_event
    await coro(*args, **kwargs)
  File "/app/asu_discord/cogs/analytics.py", line 652, in on_member_update
    before_timeout = before.timed_out_until
                     ^^^^^^^^^^^^^^^^^^^^^^
AttributeError: 'Member' object has no attribute 'timed_out_until'
Ignoring exception in on_member_update
Traceback (most recent call last):
  File "/usr/local/lib/python3.12/site-packages/discord/client.py", line 465, in _run_event
    await coro(*args, **kwargs)
  File "/app/asu_discord/cogs/analytics.py", line 652, in on_member_update
    before_timeout = before.timed_out_until
                     ^^^^^^^^^^^^^^^^^^^^^^
AttributeError: 'Member' object has no attribute 'timed_out_until'
Ignoring exception in on_member_update
Traceback (most recent call last):
  File "/usr/local/lib/python3.12/site-packages/discord/client.py", line 465, in _run_event
    await coro(*args, **kwargs)
  File "/app/asu_discord/cogs/analytics.py", line 652, in on_member_update
    before_timeout = before.timed_out_until
                     ^^^^^^^^^^^^^^^^^^^^^^
AttributeError: 'Member' object has no attribute 'timed_out_until'
Ignoring exception in on_member_update
Traceback (most recent call last):
  File "/usr/local/lib/python3.12/site-packages/discord/client.py", line 465, in _run_event
    await coro(*args, **kwargs)
  File "/app/asu_discord/cogs/analytics.py", line 652, in on_member_update
    before_timeout = before.timed_out_until
                     ^^^^^^^^^^^^^^^^^^^^^^
AttributeError: 'Member' object has no attribute 'timed_out_until'
Ignoring exception in on_member_update
Traceback (most recent call last):
  File "/usr/local/lib/python3.12/site-packages/discord/client.py", line 465, in _run_event
    await coro(*args, **kwargs)
  File "/app/asu_discord/cogs/analytics.py", line 652, in on_member_update
    before_timeout = before.timed_out_until
                     ^^^^^^^^^^^^^^^^^^^^^^
AttributeError: 'Member' object has no attribute 'timed_out_until'
Ignoring exception in on_member_update
Traceback (most recent call last):
  File "/usr/local/lib/python3.12/site-packages/discord/client.py", line 465, in _run_event
    await coro(*args, **kwargs)
  File "/app/asu_discord/cogs/analytics.py", line 652, in on_member_update
    before_timeout = before.timed_out_until
                     ^^^^^^^^^^^^^^^^^^^^^^
AttributeError: 'Member' object has no attribute 'timed_out_until'
INFO:asu_discord.cogs.verification:Saved 4 roles to database for user gdmcghee (Discord ID: 1499939170834059356)
INFO:asu_discord.cogs.verification:Refreshed Salesforce roles for Discord user 1499939170834059356: -4/+4 roles, assigned=[Arizona Resident, College of Liberal Arts and Sciences, First Year, Tempe]
Ignoring exception in on_member_update
Traceback (most recent call last):
  File "/usr/local/lib/python3.12/site-packages/discord/client.py", line 465, in _run_event
    await coro(*args, **kwargs)
  File "/app/asu_discord/cogs/analytics.py", line 652, in on_member_update
    before_timeout = before.timed_out_until
                     ^^^^^^^^^^^^^^^^^^^^^^
AttributeError: 'Member' object has no attribute 'timed_out_until'
Ignoring exception in on_member_update
Traceback (most recent call last):
  File "/usr/local/lib/python3.12/site-packages/discord/client.py", line 465, in _run_event
    await coro(*args, **kwargs)
  File "/app/asu_discord/cogs/analytics.py", line 652, in on_member_update
    before_timeout = before.timed_out_until
                     ^^^^^^^^^^^^^^^^^^^^^^
AttributeError: 'Member' object has no attribute 'timed_out_until'
Ignoring exception in on_member_update
Traceback (most recent call last):
  File "/usr/local/lib/python3.12/site-packages/discord/client.py", line 465, in _run_event
    await coro(*args, **kwargs)
  File "/app/asu_discord/cogs/analytics.py", line 652, in on_member_update
    before_timeout = before.timed_out_until
                     ^^^^^^^^^^^^^^^^^^^^^^
AttributeError: 'Member' object has no attribute 'timed_out_until'
INFO:discord.gateway:Websocket closed with 1006, attempting a reconnect.
INFO:discord.client:Got a request to RESUME the websocket.
INFO:discord.gateway:Shard ID None has sent the RESUME payload.
INFO:discord.gateway:Shard ID None has successfully RESUMED session 6e3407fd591f617e4a33b69139a85b12 under trace ["gateway-prd-arm-us-east1-d-5v6c",{"micros":1833,"calls":["id_created",{"micros":0,"calls":[]},"session_lookup_time",{"micros":259,"calls":[]},"session_lookup_finished",{"micros":11,"calls":[]},"sessions-prd-gcp-us-east1-b-23",{"micros":88}]}].
Ignoring exception in on_member_update
Traceback (most recent call last):
  File "/usr/local/lib/python3.12/site-packages/discord/client.py", line 465, in _run_event
    await coro(*args, **kwargs)
  File "/app/asu_discord/cogs/analytics.py", line 652, in on_member_update
    before_timeout = before.timed_out_until
                     ^^^^^^^^^^^^^^^^^^^^^^
AttributeError: 'Member' object has no attribute 'timed_out_until'
Ignoring exception in on_member_update
Traceback (most recent call last):
  File "/usr/local/lib/python3.12/site-packages/discord/client.py", line 465, in _run_event
    await coro(*args, **kwargs)
  File "/app/asu_discord/cogs/analytics.py", line 652, in on_member_update
    before_timeout = before.timed_out_until
                     ^^^^^^^^^^^^^^^^^^^^^^
AttributeError: 'Member' object has no attribute 'timed_out_until'
Ignoring exception in on_member_update
Traceback (most recent call last):
  File "/usr/local/lib/python3.12/site-packages/discord/client.py", line 465, in _run_event
    await coro(*args, **kwargs)
  File "/app/asu_discord/cogs/analytics.py", line 652, in on_member_update
    before_timeout = before.timed_out_until
                     ^^^^^^^^^^^^^^^^^^^^^^
AttributeError: 'Member' object has no attribute 'timed_out_until'
Ignoring exception in on_member_update
Traceback (most recent call last):
  File "/usr/local/lib/python3.12/site-packages/discord/client.py", line 465, in _run_event
    await coro(*args, **kwargs)
  File "/app/asu_discord/cogs/analytics.py", line 652, in on_member_update
    before_timeout = before.timed_out_until
                     ^^^^^^^^^^^^^^^^^^^^^^
AttributeError: 'Member' object has no attribute 'timed_out_until'
Ignoring exception in on_member_update
Traceback (most recent call last):
  File "/usr/local/lib/python3.12/site-packages/discord/client.py", line 465, in _run_event
    await coro(*args, **kwargs)
  File "/app/asu_discord/cogs/analytics.py", line 652, in on_member_update
    before_timeout = before.timed_out_until
                     ^^^^^^^^^^^^^^^^^^^^^^
AttributeError: 'Member' object has no attribute 'timed_out_until'
Ignoring exception in on_member_update
Traceback (most recent call last):
  File "/usr/local/lib/python3.12/site-packages/discord/client.py", line 465, in _run_event
    await coro(*args, **kwargs)
  File "/app/asu_discord/cogs/analytics.py", line 652, in on_member_update
    before_timeout = before.timed_out_until
                     ^^^^^^^^^^^^^^^^^^^^^^
AttributeError: 'Member' object has no attribute 'timed_out_until'
INFO:asu_discord.cogs.verification:Saved 6 roles to database for user rlpippen (Discord ID: 692979450286964839)
INFO:asu_discord.cogs.verification:Refreshed Salesforce roles for Discord user 692979450286964839: -6/+3 roles, assigned=[Arizona Resident, Commited, First Generation Student, First Year, Ira A. Fulton Schools of Engineering, Tempe]
Ignoring exception in on_member_update
Traceback (most recent call last):
  File "/usr/local/lib/python3.12/site-packages/discord/client.py", line 465, in _run_event
    await coro(*args, **kwargs)
  File "/app/asu_discord/cogs/analytics.py", line 652, in on_member_update
    before_timeout = before.timed_out_until
                     ^^^^^^^^^^^^^^^^^^^^^^
AttributeError: 'Member' object has no attribute 'timed_out_until'
Ignoring exception in on_member_update
Traceback (most recent call last):
  File "/usr/local/lib/python3.12/site-packages/discord/client.py", line 465, in _run_event
    await coro(*args, **kwargs)
  File "/app/asu_discord/cogs/analytics.py", line 652, in on_member_update
    before_timeout = before.timed_out_until
                     ^^^^^^^^^^^^^^^^^^^^^^
AttributeError: 'Member' object has no attribute 'timed_out_until'
Ignoring exception in on_member_update
Traceback (most recent call last):
  File "/usr/local/lib/python3.12/site-packages/discord/client.py", line 465, in _run_event
    await coro(*args, **kwargs)
  File "/app/asu_discord/cogs/analytics.py", line 652, in on_member_update
    before_timeout = before.timed_out_until
                     ^^^^^^^^^^^^^^^^^^^^^^
AttributeError: 'Member' object has no attribute 'timed_out_until'
Ignoring exception in on_member_update
Traceback (most recent call last):
  File "/usr/local/lib/python3.12/site-packages/discord/client.py", line 465, in _run_event
    await coro(*args, **kwargs)
  File "/app/asu_discord/cogs/analytics.py", line 652, in on_member_update
    before_timeout = before.timed_out_until
                     ^^^^^^^^^^^^^^^^^^^^^^
AttributeError: 'Member' object has no attribute 'timed_out_until'
Ignoring exception in on_member_update
Traceback (most recent call last):
  File "/usr/local/lib/python3.12/site-packages/discord/client.py", line 465, in _run_event
    await coro(*args, **kwargs)
  File "/app/asu_discord/cogs/analytics.py", line 652, in on_member_update
    before_timeout = before.timed_out_until
                     ^^^^^^^^^^^^^^^^^^^^^^
AttributeError: 'Member' object has no attribute 'timed_out_until'
Ignoring exception in on_member_update
Traceback (most recent call last):
  File "/usr/local/lib/python3.12/site-packages/discord/client.py", line 465, in _run_event
    await coro(*args, **kwargs)
  File "/app/asu_discord/cogs/analytics.py", line 652, in on_member_update
    before_timeout = before.timed_out_until
                     ^^^^^^^^^^^^^^^^^^^^^^
AttributeError: 'Member' object has no attribute 'timed_out_until'
Ignoring exception in on_member_update
Traceback (most recent call last):
  File "/usr/local/lib/python3.12/site-packages/discord/client.py", line 465, in _run_event
    await coro(*args, **kwargs)
  File "/app/asu_discord/cogs/analytics.py", line 652, in on_member_update
    before_timeout = before.timed_out_until
                     ^^^^^^^^^^^^^^^^^^^^^^
AttributeError: 'Member' object has no attribute 'timed_out_until'
Ignoring exception in on_member_update
Traceback (most recent call last):
  File "/usr/local/lib/python3.12/site-packages/discord/client.py", line 465, in _run_event
    await coro(*args, **kwargs)
  File "/app/asu_discord/cogs/analytics.py", line 652, in on_member_update
    before_timeout = before.timed_out_until
                     ^^^^^^^^^^^^^^^^^^^^^^
AttributeError: 'Member' object has no attribute 'timed_out_until'
Ignoring exception in on_member_update
Traceback (most recent call last):
  File "/usr/local/lib/python3.12/site-packages/discord/client.py", line 465, in _run_event
    await coro(*args, **kwargs)
  File "/app/asu_discord/cogs/analytics.py", line 652, in on_member_update
    before_timeout = before.timed_out_until
                     ^^^^^^^^^^^^^^^^^^^^^^
AttributeError: 'Member' object has no attribute 'timed_out_until'
Ignoring exception in on_member_update
Traceback (most recent call last):
  File "/usr/local/lib/python3.12/site-packages/discord/client.py", line 465, in _run_event
    await coro(*args, **kwargs)
  File "/app/asu_discord/cogs/analytics.py", line 652, in on_member_update
    before_timeout = before.timed_out_until
                     ^^^^^^^^^^^^^^^^^^^^^^
AttributeError: 'Member' object has no attribute 'timed_out_until'
INFO:asu_discord.cogs.verification:Saved 5 roles to database for user jhouser6 (Discord ID: 1499219651802955826)
INFO:asu_discord.cogs.verification:Refreshed Salesforce roles for Discord user 1499219651802955826: -5/+5 roles, assigned=[Arizona Resident, Commited, Graduate Student, Ira A. Fulton Schools of Engineering, Tempe]
Ignoring exception in on_member_update
Traceback (most recent call last):
  File "/usr/local/lib/python3.12/site-packages/discord/client.py", line 465, in _run_event
    await coro(*args, **kwargs)
  File "/app/asu_discord/cogs/analytics.py", line 652, in on_member_update
    before_timeout = before.timed_out_until
                     ^^^^^^^^^^^^^^^^^^^^^^
AttributeError: 'Member' object has no attribute 'timed_out_until'
Ignoring exception in on_member_update
Traceback (most recent call last):
  File "/usr/local/lib/python3.12/site-packages/discord/client.py", line 465, in _run_event
    await coro(*args, **kwargs)
  File "/app/asu_discord/cogs/analytics.py", line 652, in on_member_update
    before_timeout = before.timed_out_until
                     ^^^^^^^^^^^^^^^^^^^^^^
AttributeError: 'Member' object has no attribute 'timed_out_until'
Ignoring exception in on_member_update
Traceback (most recent call last):
  File "/usr/local/lib/python3.12/site-packages/discord/client.py", line 465, in _run_event
    await coro(*args, **kwargs)
  File "/app/asu_discord/cogs/analytics.py", line 652, in on_member_update
    before_timeout = before.timed_out_until
                     ^^^^^^^^^^^^^^^^^^^^^^
AttributeError: 'Member' object has no attribute 'timed_out_until'
Ignoring exception in on_member_update
Traceback (most recent call last):
  File "/usr/local/lib/python3.12/site-packages/discord/client.py", line 465, in _run_event
    await coro(*args, **kwargs)
  File "/app/asu_discord/cogs/analytics.py", line 652, in on_member_update
    before_timeout = before.timed_out_until
                     ^^^^^^^^^^^^^^^^^^^^^^
AttributeError: 'Member' object has no attribute 'timed_out_until'
Ignoring exception in on_member_update
Traceback (most recent call last):
  File "/usr/local/lib/python3.12/site-packages/discord/client.py", line 465, in _run_event
    await coro(*args, **kwargs)
  File "/app/asu_discord/cogs/analytics.py", line 652, in on_member_update
    before_timeout = before.timed_out_until
                     ^^^^^^^^^^^^^^^^^^^^^^
AttributeError: 'Member' object has no attribute 'timed_out_until'
Ignoring exception in on_member_update
Traceback (most recent call last):
  File "/usr/local/lib/python3.12/site-packages/discord/client.py", line 465, in _run_event
    await coro(*args, **kwargs)
  File "/app/asu_discord/cogs/analytics.py", line 652, in on_member_update
    before_timeout = before.timed_out_until
                     ^^^^^^^^^^^^^^^^^^^^^^
AttributeError: 'Member' object has no attribute 'timed_out_until'
Ignoring exception in on_member_update
Traceback (most recent call last):
  File "/usr/local/lib/python3.12/site-packages/discord/client.py", line 465, in _run_event
    await coro(*args, **kwargs)
  File "/app/asu_discord/cogs/analytics.py", line 652, in on_member_update
    before_timeout = before.timed_out_until
                     ^^^^^^^^^^^^^^^^^^^^^^
AttributeError: 'Member' object has no attribute 'timed_out_until'
Ignoring exception in on_member_update
Traceback (most recent call last):
  File "/usr/local/lib/python3.12/site-packages/discord/client.py", line 465, in _run_event
    await coro(*args, **kwargs)
  File "/app/asu_discord/cogs/analytics.py", line 652, in on_member_update
    before_timeout = before.timed_out_until
                     ^^^^^^^^^^^^^^^^^^^^^^
AttributeError: 'Member' object has no attribute 'timed_out_until'
Ignoring exception in on_member_update
Traceback (most recent call last):
  File "/usr/local/lib/python3.12/site-packages/discord/client.py", line 465, in _run_event
    await coro(*args, **kwargs)
  File "/app/asu_discord/cogs/analytics.py", line 652, in on_member_update
    before_timeout = before.timed_out_until
                     ^^^^^^^^^^^^^^^^^^^^^^
AttributeError: 'Member' object has no attribute 'timed_out_until'
Ignoring exception in on_member_update
Traceback (most recent call last):
  File "/usr/local/lib/python3.12/site-packages/discord/client.py", line 465, in _run_event
    await coro(*args, **kwargs)
  File "/app/asu_discord/cogs/analytics.py", line 652, in on_member_update
    before_timeout = before.timed_out_until
                     ^^^^^^^^^^^^^^^^^^^^^^
AttributeError: 'Member' object has no attribute 'timed_out_until'
Ignoring exception in on_member_update
Traceback (most recent call last):
  File "/usr/local/lib/python3.12/site-packages/discord/client.py", line 465, in _run_event
    await coro(*args, **kwargs)
  File "/app/asu_discord/cogs/analytics.py", line 652, in on_member_update
    before_timeout = before.timed_out_until
                     ^^^^^^^^^^^^^^^^^^^^^^
AttributeError: 'Member' object has no attribute 'timed_out_until'
Ignoring exception in on_member_update
Traceback (most recent call last):
  File "/usr/local/lib/python3.12/site-packages/discord/client.py", line 465, in _run_event
    await coro(*args, **kwargs)
  File "/app/asu_discord/cogs/analytics.py", line 652, in on_member_update
    before_timeout = before.timed_out_until
                     ^^^^^^^^^^^^^^^^^^^^^^
AttributeError: 'Member' object has no attribute 'timed_out_until'
INFO:asu_discord.cogs.verification:Saved 6 roles to database for user dsingh93 (Discord ID: 745347325609902122)
INFO:asu_discord.cogs.verification:Refreshed Salesforce roles for Discord user 745347325609902122: -6/+6 roles, assigned=[Commited, International Student, Tempe, Transfer Student, Upperclassmen, W.P. Carey School of Business]
Ignoring exception in on_member_update
Traceback (most recent call last):
  File "/usr/local/lib/python3.12/site-packages/discord/client.py", line 465, in _run_event
    await coro(*args, **kwargs)
  File "/app/asu_discord/cogs/analytics.py", line 652, in on_member_update
    before_timeout = before.timed_out_until
                     ^^^^^^^^^^^^^^^^^^^^^^
AttributeError: 'Member' object has no attribute 'timed_out_until'
Ignoring exception in on_member_update
Traceback (most recent call last):
  File "/usr/local/lib/python3.12/site-packages/discord/client.py", line 465, in _run_event
    await coro(*args, **kwargs)
  File "/app/asu_discord/cogs/analytics.py", line 652, in on_member_update
    before_timeout = before.timed_out_until
                     ^^^^^^^^^^^^^^^^^^^^^^
AttributeError: 'Member' object has no attribute 'timed_out_until'
Ignoring exception in on_member_update
Traceback (most recent call last):
  File "/usr/local/lib/python3.12/site-packages/discord/client.py", line 465, in _run_event
    await coro(*args, **kwargs)
  File "/app/asu_discord/cogs/analytics.py", line 652, in on_member_update
    before_timeout = before.timed_out_until
                     ^^^^^^^^^^^^^^^^^^^^^^
AttributeError: 'Member' object has no attribute 'timed_out_until'
Ignoring exception in on_member_update
Traceback (most recent call last):
  File "/usr/local/lib/python3.12/site-packages/discord/client.py", line 465, in _run_event
    await coro(*args, **kwargs)
  File "/app/asu_discord/cogs/analytics.py", line 652, in on_member_update
    before_timeout = before.timed_out_until
                     ^^^^^^^^^^^^^^^^^^^^^^
AttributeError: 'Member' object has no attribute 'timed_out_until'
Ignoring exception in on_member_update
Traceback (most recent call last):
  File "/usr/local/lib/python3.12/site-packages/discord/client.py", line 465, in _run_event
    await coro(*args, **kwargs)
  File "/app/asu_discord/cogs/analytics.py", line 652, in on_member_update
    before_timeout = before.timed_out_until
                     ^^^^^^^^^^^^^^^^^^^^^^
AttributeError: 'Member' object has no attribute 'timed_out_until'
Ignoring exception in on_member_update
Traceback (most recent call last):
  File "/usr/local/lib/python3.12/site-packages/discord/client.py", line 465, in _run_event
    await coro(*args, **kwargs)
  File "/app/asu_discord/cogs/analytics.py", line 652, in on_member_update
    before_timeout = before.timed_out_until
                     ^^^^^^^^^^^^^^^^^^^^^^
AttributeError: 'Member' object has no attribute 'timed_out_until'
Ignoring exception in on_member_update
Traceback (most recent call last):
  File "/usr/local/lib/python3.12/site-packages/discord/client.py", line 465, in _run_event
    await coro(*args, **kwargs)
  File "/app/asu_discord/cogs/analytics.py", line 652, in on_member_update
    before_timeout = before.timed_out_until
                     ^^^^^^^^^^^^^^^^^^^^^^
AttributeError: 'Member' object has no attribute 'timed_out_until'
Ignoring exception in on_member_update
Traceback (most recent call last):
  File "/usr/local/lib/python3.12/site-packages/discord/client.py", line 465, in _run_event
    await coro(*args, **kwargs)
  File "/app/asu_discord/cogs/analytics.py", line 652, in on_member_update
    before_timeout = before.timed_out_until
                     ^^^^^^^^^^^^^^^^^^^^^^
AttributeError: 'Member' object has no attribute 'timed_out_until'
INFO:asu_discord.cogs.verification:Saved 4 roles to database for user pvoore (Discord ID: 900492516841889802)
INFO:asu_discord.cogs.verification:Refreshed Salesforce roles for Discord user 900492516841889802: -4/+4 roles, assigned=[Commited, First Year, Tempe, W.P. Carey School of Business]
Ignoring exception in on_member_update
Traceback (most recent call last):
  File "/usr/local/lib/python3.12/site-packages/discord/client.py", line 465, in _run_event
    await coro(*args, **kwargs)
  File "/app/asu_discord/cogs/analytics.py", line 652, in on_member_update
    before_timeout = before.timed_out_until
                     ^^^^^^^^^^^^^^^^^^^^^^
AttributeError: 'Member' object has no attribute 'timed_out_until'
Ignoring exception in on_member_update
Traceback (most recent call last):
  File "/usr/local/lib/python3.12/site-packages/discord/client.py", line 465, in _run_event
    await coro(*args, **kwargs)
  File "/app/asu_discord/cogs/analytics.py", line 652, in on_member_update
    before_timeout = before.timed_out_until
                     ^^^^^^^^^^^^^^^^^^^^^^
AttributeError: 'Member' object has no attribute 'timed_out_until'
Ignoring exception in on_member_update
Traceback (most recent call last):
  File "/usr/local/lib/python3.12/site-packages/discord/client.py", line 465, in _run_event
    await coro(*args, **kwargs)
  File "/app/asu_discord/cogs/analytics.py", line 652, in on_member_update
    before_timeout = before.timed_out_until
                     ^^^^^^^^^^^^^^^^^^^^^^
AttributeError: 'Member' object has no attribute 'timed_out_until'
Ignoring exception in on_member_update
Traceback (most recent call last):
  File "/usr/local/lib/python3.12/site-packages/discord/client.py", line 465, in _run_event
    await coro(*args, **kwargs)
  File "/app/asu_discord/cogs/analytics.py", line 652, in on_member_update
    before_timeout = before.timed_out_until
                     ^^^^^^^^^^^^^^^^^^^^^^
AttributeError: 'Member' object has no attribute 'timed_out_until'
Ignoring exception in on_member_update
Traceback (most recent call last):
  File "/usr/local/lib/python3.12/site-packages/discord/client.py", line 465, in _run_event
    await coro(*args, **kwargs)
  File "/app/asu_discord/cogs/analytics.py", line 652, in on_member_update
    before_timeout = before.timed_out_until
                     ^^^^^^^^^^^^^^^^^^^^^^
AttributeError: 'Member' object has no attribute 'timed_out_until'
Ignoring exception in on_member_update
Traceback (most recent call last):
  File "/usr/local/lib/python3.12/site-packages/discord/client.py", line 465, in _run_event
    await coro(*args, **kwargs)
  File "/app/asu_discord/cogs/analytics.py", line 652, in on_member_update
    before_timeout = before.timed_out_until
                     ^^^^^^^^^^^^^^^^^^^^^^
AttributeError: 'Member' object has no attribute 'timed_out_until'
Ignoring exception in on_member_update
Traceback (most recent call last):
  File "/usr/local/lib/python3.12/site-packages/discord/client.py", line 465, in _run_event
    await coro(*args, **kwargs)
  File "/app/asu_discord/cogs/analytics.py", line 652, in on_member_update
    before_timeout = before.timed_out_until
                     ^^^^^^^^^^^^^^^^^^^^^^
AttributeError: 'Member' object has no attribute 'timed_out_until'
Ignoring exception in on_member_update
Traceback (most recent call last):
  File "/usr/local/lib/python3.12/site-packages/discord/client.py", line 465, in _run_event
    await coro(*args, **kwargs)
  File "/app/asu_discord/cogs/analytics.py", line 652, in on_member_update
    before_timeout = before.timed_out_until
                     ^^^^^^^^^^^^^^^^^^^^^^
AttributeError: 'Member' object has no attribute 'timed_out_until'
Ignoring exception in on_member_update
Traceback (most recent call last):
  File "/usr/local/lib/python3.12/site-packages/discord/client.py", line 465, in _run_event
    await coro(*args, **kwargs)
  File "/app/asu_discord/cogs/analytics.py", line 652, in on_member_update
    before_timeout = before.timed_out_until
                     ^^^^^^^^^^^^^^^^^^^^^^
AttributeError: 'Member' object has no attribute 'timed_out_until'
Ignoring exception in on_member_update
Traceback (most recent call last):
  File "/usr/local/lib/python3.12/site-packages/discord/client.py", line 465, in _run_event
    await coro(*args, **kwargs)
  File "/app/asu_discord/cogs/analytics.py", line 652, in on_member_update
    before_timeout = before.timed_out_until
                     ^^^^^^^^^^^^^^^^^^^^^^
AttributeError: 'Member' object has no attribute 'timed_out_until'
INFO:asu_discord.cogs.verification:Saved 5 roles to database for user cpitts12 (Discord ID: 622960384831389697)
INFO:asu_discord.cogs.verification:Refreshed Salesforce roles for Discord user 622960384831389697: -5/+5 roles, assigned=[Commited, Graduate Student, Herberger Institute for Design and the Arts, Out of State, Tempe]
Ignoring exception in on_member_update
Traceback (most recent call last):
  File "/usr/local/lib/python3.12/site-packages/discord/client.py", line 465, in _run_event
    await coro(*args, **kwargs)
  File "/app/asu_discord/cogs/analytics.py", line 652, in on_member_update
    before_timeout = before.timed_out_until
                     ^^^^^^^^^^^^^^^^^^^^^^
AttributeError: 'Member' object has no attribute 'timed_out_until'
Ignoring exception in on_member_update
Traceback (most recent call last):
  File "/usr/local/lib/python3.12/site-packages/discord/client.py", line 465, in _run_event
    await coro(*args, **kwargs)
  File "/app/asu_discord/cogs/analytics.py", line 652, in on_member_update
    before_timeout = before.timed_out_until
                     ^^^^^^^^^^^^^^^^^^^^^^
AttributeError: 'Member' object has no attribute 'timed_out_until'
Ignoring exception in on_member_update
Traceback (most recent call last):
  File "/usr/local/lib/python3.12/site-packages/discord/client.py", line 465, in _run_event
    await coro(*args, **kwargs)
  File "/app/asu_discord/cogs/analytics.py", line 652, in on_member_update
    before_timeout = before.timed_out_until
                     ^^^^^^^^^^^^^^^^^^^^^^
AttributeError: 'Member' object has no attribute 'timed_out_until'
Ignoring exception in on_member_update
Traceback (most recent call last):
  File "/usr/local/lib/python3.12/site-packages/discord/client.py", line 465, in _run_event
    await coro(*args, **kwargs)
  File "/app/asu_discord/cogs/analytics.py", line 652, in on_member_update
    before_timeout = before.timed_out_until
                     ^^^^^^^^^^^^^^^^^^^^^^
AttributeError: 'Member' object has no attribute 'timed_out_until'
Ignoring exception in on_member_update
Traceback (most recent call last):
  File "/usr/local/lib/python3.12/site-packages/discord/client.py", line 465, in _run_event
    await coro(*args, **kwargs)
  File "/app/asu_discord/cogs/analytics.py", line 652, in on_member_update
    before_timeout = before.timed_out_until
                     ^^^^^^^^^^^^^^^^^^^^^^
AttributeError: 'Member' object has no attribute 'timed_out_until'
Ignoring exception in on_member_update
Traceback (most recent call last):
  File "/usr/local/lib/python3.12/site-packages/discord/client.py", line 465, in _run_event
    await coro(*args, **kwargs)
  File "/app/asu_discord/cogs/analytics.py", line 652, in on_member_update
    before_timeout = before.timed_out_until
                     ^^^^^^^^^^^^^^^^^^^^^^
AttributeError: 'Member' object has no attribute 'timed_out_until'
Ignoring exception in on_member_update
Traceback (most recent call last):
  File "/usr/local/lib/python3.12/site-packages/discord/client.py", line 465, in _run_event
    await coro(*args, **kwargs)
  File "/app/asu_discord/cogs/analytics.py", line 652, in on_member_update
    before_timeout = before.timed_out_until
                     ^^^^^^^^^^^^^^^^^^^^^^
AttributeError: 'Member' object has no attribute 'timed_out_until'
Ignoring exception in on_member_update
Traceback (most recent call last):
  File "/usr/local/lib/python3.12/site-packages/discord/client.py", line 465, in _run_event
    await coro(*args, **kwargs)
  File "/app/asu_discord/cogs/analytics.py", line 652, in on_member_update
    before_timeout = before.timed_out_until
                     ^^^^^^^^^^^^^^^^^^^^^^
AttributeError: 'Member' object has no attribute 'timed_out_until'
Ignoring exception in on_member_update
Traceback (most recent call last):
  File "/usr/local/lib/python3.12/site-packages/discord/client.py", line 465, in _run_event
    await coro(*args, **kwargs)
  File "/app/asu_discord/cogs/analytics.py", line 652, in on_member_update
    before_timeout = before.timed_out_until
                     ^^^^^^^^^^^^^^^^^^^^^^
AttributeError: 'Member' object has no attribute 'timed_out_until'
Ignoring exception in on_member_update
Traceback (most recent call last):
  File "/usr/local/lib/python3.12/site-packages/discord/client.py", line 465, in _run_event
    await coro(*args, **kwargs)
  File "/app/asu_discord/cogs/analytics.py", line 652, in on_member_update
    before_timeout = before.timed_out_until
                     ^^^^^^^^^^^^^^^^^^^^^^
AttributeError: 'Member' object has no attribute 'timed_out_until'
Ignoring exception in on_member_update
Traceback (most recent call last):
  File "/usr/local/lib/python3.12/site-packages/discord/client.py", line 465, in _run_event
    await coro(*args, **kwargs)
  File "/app/asu_discord/cogs/analytics.py", line 652, in on_member_update
    before_timeout = before.timed_out_until
                     ^^^^^^^^^^^^^^^^^^^^^^
AttributeError: 'Member' object has no attribute 'timed_out_until'
Ignoring exception in on_member_update
Traceback (most recent call last):
  File "/usr/local/lib/python3.12/site-packages/discord/client.py", line 465, in _run_event
    await coro(*args, **kwargs)
  File "/app/asu_discord/cogs/analytics.py", line 652, in on_member_update
    before_timeout = before.timed_out_until
                     ^^^^^^^^^^^^^^^^^^^^^^
AttributeError: 'Member' object has no attribute 'timed_out_until'
INFO:asu_discord.cogs.verification:Saved 6 roles to database for user lsingh38 (Discord ID: 1490421161954115595)
INFO:asu_discord.cogs.verification:Refreshed Salesforce roles for Discord user 1490421161954115595: -6/+6 roles, assigned=[Commited, Graduate Student, International Student, Ira A. Fulton Schools of Engineering, Polytechnic, Tempe]
ERROR:cron.jobs:refresh_salesforce_roles: failed for caprest5 (Discord ID 1267618298443464807): Failed to refresh Salesforce-based roles: Discord user 1267618298443464807 is not a member of the guild
Ignoring exception in on_member_update
Traceback (most recent call last):
  File "/usr/local/lib/python3.12/site-packages/discord/client.py", line 465, in _run_event
    await coro(*args, **kwargs)
  File "/app/asu_discord/cogs/analytics.py", line 652, in on_member_update
    before_timeout = before.timed_out_until
                     ^^^^^^^^^^^^^^^^^^^^^^
AttributeError: 'Member' object has no attribute 'timed_out_until'
Ignoring exception in on_member_update
Traceback (most recent call last):
  File "/usr/local/lib/python3.12/site-packages/discord/client.py", line 465, in _run_event
    await coro(*args, **kwargs)
  File "/app/asu_discord/cogs/analytics.py", line 652, in on_member_update
    before_timeout = before.timed_out_until
                     ^^^^^^^^^^^^^^^^^^^^^^
AttributeError: 'Member' object has no attribute 'timed_out_until'
Ignoring exception in on_member_update
Traceback (most recent call last):
  File "/usr/local/lib/python3.12/site-packages/discord/client.py", line 465, in _run_event
    await coro(*args, **kwargs)
  File "/app/asu_discord/cogs/analytics.py", line 652, in on_member_update
    before_timeout = before.timed_out_until
                     ^^^^^^^^^^^^^^^^^^^^^^
AttributeError: 'Member' object has no attribute 'timed_out_until'
Ignoring exception in on_member_update
Traceback (most recent call last):
  File "/usr/local/lib/python3.12/site-packages/discord/client.py", line 465, in _run_event
    await coro(*args, **kwargs)
  File "/app/asu_discord/cogs/analytics.py", line 652, in on_member_update
    before_timeout = before.timed_out_until
                     ^^^^^^^^^^^^^^^^^^^^^^
AttributeError: 'Member' object has no attribute 'timed_out_until'
Ignoring exception in on_member_update
Traceback (most recent call last):
  File "/usr/local/lib/python3.12/site-packages/discord/client.py", line 465, in _run_event
    await coro(*args, **kwargs)
  File "/app/asu_discord/cogs/analytics.py", line 652, in on_member_update
    before_timeout = before.timed_out_until
                     ^^^^^^^^^^^^^^^^^^^^^^
AttributeError: 'Member' object has no attribute 'timed_out_until'
Ignoring exception in on_member_update
Traceback (most recent call last):
  File "/usr/local/lib/python3.12/site-packages/discord/client.py", line 465, in _run_event
    await coro(*args, **kwargs)
  File "/app/asu_discord/cogs/analytics.py", line 652, in on_member_update
    before_timeout = before.timed_out_until
                     ^^^^^^^^^^^^^^^^^^^^^^
AttributeError: 'Member' object has no attribute 'timed_out_until'
Ignoring exception in on_member_update
Traceback (most recent call last):
  File "/usr/local/lib/python3.12/site-packages/discord/client.py", line 465, in _run_event
    await coro(*args, **kwargs)
  File "/app/asu_discord/cogs/analytics.py", line 652, in on_member_update
    before_timeout = before.timed_out_until
                     ^^^^^^^^^^^^^^^^^^^^^^
AttributeError: 'Member' object has no attribute 'timed_out_until'
Ignoring exception in on_member_update
Traceback (most recent call last):
  File "/usr/local/lib/python3.12/site-packages/discord/client.py", line 465, in _run_event
    await coro(*args, **kwargs)
  File "/app/asu_discord/cogs/analytics.py", line 652, in on_member_update
    before_timeout = before.timed_out_until
                     ^^^^^^^^^^^^^^^^^^^^^^
AttributeError: 'Member' object has no attribute 'timed_out_until'
Ignoring exception in on_member_update
Traceback (most recent call last):
  File "/usr/local/lib/python3.12/site-packages/discord/client.py", line 465, in _run_event
    await coro(*args, **kwargs)
  File "/app/asu_discord/cogs/analytics.py", line 652, in on_member_update
    before_timeout = before.timed_out_until
                     ^^^^^^^^^^^^^^^^^^^^^^
AttributeError: 'Member' object has no attribute 'timed_out_until'
Ignoring exception in on_member_update
Traceback (most recent call last):
  File "/usr/local/lib/python3.12/site-packages/discord/client.py", line 465, in _run_event
    await coro(*args, **kwargs)
  File "/app/asu_discord/cogs/analytics.py", line 652, in on_member_update
    before_timeout = before.timed_out_until
                     ^^^^^^^^^^^^^^^^^^^^^^
AttributeError: 'Member' object has no attribute 'timed_out_until'
INFO:asu_discord.cogs.verification:Saved 5 roles to database for user nkhan113 (Discord ID: 1075239446976413767)
INFO:asu_discord.cogs.verification:Refreshed Salesforce roles for Discord user 1075239446976413767: -5/+5 roles, assigned=[College of Health Solutions, First Generation Student, Graduate Student, International Student, Tempe]
Ignoring exception in on_member_update
Traceback (most recent call last):
  File "/usr/local/lib/python3.12/site-packages/discord/client.py", line 465, in _run_event
    await coro(*args, **kwargs)
  File "/app/asu_discord/cogs/analytics.py", line 652, in on_member_update
    before_timeout = before.timed_out_until
                     ^^^^^^^^^^^^^^^^^^^^^^
AttributeError: 'Member' object has no attribute 'timed_out_until'
Ignoring exception in on_member_update
Traceback (most recent call last):
  File "/usr/local/lib/python3.12/site-packages/discord/client.py", line 465, in _run_event
    await coro(*args, **kwargs)
  File "/app/asu_discord/cogs/analytics.py", line 652, in on_member_update
    before_timeout = before.timed_out_until
                     ^^^^^^^^^^^^^^^^^^^^^^
AttributeError: 'Member' object has no attribute 'timed_out_until'
Ignoring exception in on_member_update
Traceback (most recent call last):
  File "/usr/local/lib/python3.12/site-packages/discord/client.py", line 465, in _run_event
    await coro(*args, **kwargs)
  File "/app/asu_discord/cogs/analytics.py", line 652, in on_member_update
    before_timeout = before.timed_out_until
                     ^^^^^^^^^^^^^^^^^^^^^^
AttributeError: 'Member' object has no attribute 'timed_out_until'
Ignoring exception in on_member_update
Traceback (most recent call last):
  File "/usr/local/lib/python3.12/site-packages/discord/client.py", line 465, in _run_event
    await coro(*args, **kwargs)
  File "/app/asu_discord/cogs/analytics.py", line 652, in on_member_update
    before_timeout = before.timed_out_until
                     ^^^^^^^^^^^^^^^^^^^^^^
AttributeError: 'Member' object has no attribute 'timed_out_until'
Ignoring exception in on_member_update
Traceback (most recent call last):
  File "/usr/local/lib/python3.12/site-packages/discord/client.py", line 465, in _run_event
    await coro(*args, **kwargs)
  File "/app/asu_discord/cogs/analytics.py", line 652, in on_member_update
    before_timeout = before.timed_out_until
                     ^^^^^^^^^^^^^^^^^^^^^^
AttributeError: 'Member' object has no attribute 'timed_out_until'
Ignoring exception in on_member_update
Traceback (most recent call last):
  File "/usr/local/lib/python3.12/site-packages/discord/client.py", line 465, in _run_event
    await coro(*args, **kwargs)
  File "/app/asu_discord/cogs/analytics.py", line 652, in on_member_update
    before_timeout = before.timed_out_until
                     ^^^^^^^^^^^^^^^^^^^^^^
AttributeError: 'Member' object has no attribute 'timed_out_until'
Ignoring exception in on_member_update
Traceback (most recent call last):
  File "/usr/local/lib/python3.12/site-packages/discord/client.py", line 465, in _run_event
    await coro(*args, **kwargs)
  File "/app/asu_discord/cogs/analytics.py", line 652, in on_member_update
    before_timeout = before.timed_out_until
                     ^^^^^^^^^^^^^^^^^^^^^^
AttributeError: 'Member' object has no attribute 'timed_out_until'
Ignoring exception in on_member_update
Traceback (most recent call last):
  File "/usr/local/lib/python3.12/site-packages/discord/client.py", line 465, in _run_event
    await coro(*args, **kwargs)
  File "/app/asu_discord/cogs/analytics.py", line 652, in on_member_update
    before_timeout = before.timed_out_until
                     ^^^^^^^^^^^^^^^^^^^^^^
AttributeError: 'Member' object has no attribute 'timed_out_until'
Ignoring exception in on_member_update
Traceback (most recent call last):
  File "/usr/local/lib/python3.12/site-packages/discord/client.py", line 465, in _run_event
    await coro(*args, **kwargs)
  File "/app/asu_discord/cogs/analytics.py", line 652, in on_member_update
    before_timeout = before.timed_out_until
                     ^^^^^^^^^^^^^^^^^^^^^^
AttributeError: 'Member' object has no attribute 'timed_out_until'
Ignoring exception in on_member_update
Traceback (most recent call last):
  File "/usr/local/lib/python3.12/site-packages/discord/client.py", line 465, in _run_event
    await coro(*args, **kwargs)
  File "/app/asu_discord/cogs/analytics.py", line 652, in on_member_update
    before_timeout = before.timed_out_until
                     ^^^^^^^^^^^^^^^^^^^^^^
AttributeError: 'Member' object has no attribute 'timed_out_until'
INFO:asu_discord.cogs.verification:Saved 5 roles to database for user malwakee (Discord ID: 553634911081201765)
INFO:asu_discord.cogs.verification:Refreshed Salesforce roles for Discord user 553634911081201765: -5/+5 roles, assigned=[Commited, First Year, Herberger Institute for Design and the Arts, International Student, Tempe]
Ignoring exception in on_member_update
Traceback (most recent call last):
  File "/usr/local/lib/python3.12/site-packages/discord/client.py", line 465, in _run_event
    await coro(*args, **kwargs)
  File "/app/asu_discord/cogs/analytics.py", line 652, in on_member_update
    before_timeout = before.timed_out_until
                     ^^^^^^^^^^^^^^^^^^^^^^
AttributeError: 'Member' object has no attribute 'timed_out_until'
Ignoring exception in on_member_update
Traceback (most recent call last):
  File "/usr/local/lib/python3.12/site-packages/discord/client.py", line 465, in _run_event
    await coro(*args, **kwargs)
  File "/app/asu_discord/cogs/analytics.py", line 652, in on_member_update
    before_timeout = before.timed_out_until
                     ^^^^^^^^^^^^^^^^^^^^^^
AttributeError: 'Member' object has no attribute 'timed_out_until'
Ignoring exception in on_member_update
Traceback (most recent call last):
  File "/usr/local/lib/python3.12/site-packages/discord/client.py", line 465, in _run_event
    await coro(*args, **kwargs)
  File "/app/asu_discord/cogs/analytics.py", line 652, in on_member_update
    before_timeout = before.timed_out_until
                     ^^^^^^^^^^^^^^^^^^^^^^
AttributeError: 'Member' object has no attribute 'timed_out_until'
Ignoring exception in on_member_update
Traceback (most recent call last):
  File "/usr/local/lib/python3.12/site-packages/discord/client.py", line 465, in _run_event
    await coro(*args, **kwargs)
  File "/app/asu_discord/cogs/analytics.py", line 652, in on_member_update
    before_timeout = before.timed_out_until
                     ^^^^^^^^^^^^^^^^^^^^^^
AttributeError: 'Member' object has no attribute 'timed_out_until'
Ignoring exception in on_member_update
Traceback (most recent call last):
  File "/usr/local/lib/python3.12/site-packages/discord/client.py", line 465, in _run_event
    await coro(*args, **kwargs)
  File "/app/asu_discord/cogs/analytics.py", line 652, in on_member_update
    before_timeout = before.timed_out_until
                     ^^^^^^^^^^^^^^^^^^^^^^
AttributeError: 'Member' object has no attribute 'timed_out_until'
Ignoring exception in on_member_update
Traceback (most recent call last):
  File "/usr/local/lib/python3.12/site-packages/discord/client.py", line 465, in _run_event
    await coro(*args, **kwargs)
  File "/app/asu_discord/cogs/analytics.py", line 652, in on_member_update
    before_timeout = before.timed_out_until
                     ^^^^^^^^^^^^^^^^^^^^^^
AttributeError: 'Member' object has no attribute 'timed_out_until'
Ignoring exception in on_member_update
Traceback (most recent call last):
  File "/usr/local/lib/python3.12/site-packages/discord/client.py", line 465, in _run_event
    await coro(*args, **kwargs)
  File "/app/asu_discord/cogs/analytics.py", line 652, in on_member_update
    before_timeout = before.timed_out_until
                     ^^^^^^^^^^^^^^^^^^^^^^
AttributeError: 'Member' object has no attribute 'timed_out_until'
Ignoring exception in on_member_update
Traceback (most recent call last):
  File "/usr/local/lib/python3.12/site-packages/discord/client.py", line 465, in _run_event
    await coro(*args, **kwargs)
  File "/app/asu_discord/cogs/analytics.py", line 652, in on_member_update
    before_timeout = before.timed_out_until
                     ^^^^^^^^^^^^^^^^^^^^^^
AttributeError: 'Member' object has no attribute 'timed_out_until'
Ignoring exception in on_member_update
Traceback (most recent call last):
  File "/usr/local/lib/python3.12/site-packages/discord/client.py", line 465, in _run_event
    await coro(*args, **kwargs)
  File "/app/asu_discord/cogs/analytics.py", line 652, in on_member_update
    before_timeout = before.timed_out_until
                     ^^^^^^^^^^^^^^^^^^^^^^
AttributeError: 'Member' object has no attribute 'timed_out_until'
Ignoring exception in on_member_update
Traceback (most recent call last):
  File "/usr/local/lib/python3.12/site-packages/discord/client.py", line 465, in _run_event
    await coro(*args, **kwargs)
  File "/app/asu_discord/cogs/analytics.py", line 652, in on_member_update
    before_timeout = before.timed_out_until
                     ^^^^^^^^^^^^^^^^^^^^^^
AttributeError: 'Member' object has no attribute 'timed_out_until'
INFO:asu_discord.cogs.verification:Saved 5 roles to database for user sshar496 (Discord ID: 749133033201991761)
INFO:asu_discord.cogs.verification:Refreshed Salesforce roles for Discord user 749133033201991761: -5/+5 roles, assigned=[Commited, First Year, International Student, Ira A. Fulton Schools of Engineering, Tempe]
Ignoring exception in on_member_update
Traceback (most recent call last):
  File "/usr/local/lib/python3.12/site-packages/discord/client.py", line 465, in _run_event
    await coro(*args, **kwargs)
  File "/app/asu_discord/cogs/analytics.py", line 652, in on_member_update
    before_timeout = before.timed_out_until
                     ^^^^^^^^^^^^^^^^^^^^^^
AttributeError: 'Member' object has no attribute 'timed_out_until'
Ignoring exception in on_member_update
Traceback (most recent call last):
  File "/usr/local/lib/python3.12/site-packages/discord/client.py", line 465, in _run_event
    await coro(*args, **kwargs)
  File "/app/asu_discord/cogs/analytics.py", line 652, in on_member_update
    before_timeout = before.timed_out_until
                     ^^^^^^^^^^^^^^^^^^^^^^
AttributeError: 'Member' object has no attribute 'timed_out_until'
Ignoring exception in on_member_update
Traceback (most recent call last):
  File "/usr/local/lib/python3.12/site-packages/discord/client.py", line 465, in _run_event
    await coro(*args, **kwargs)
  File "/app/asu_discord/cogs/analytics.py", line 652, in on_member_update
    before_timeout = before.timed_out_until
                     ^^^^^^^^^^^^^^^^^^^^^^
AttributeError: 'Member' object has no attribute 'timed_out_until'
Ignoring exception in on_member_update
Traceback (most recent call last):
  File "/usr/local/lib/python3.12/site-packages/discord/client.py", line 465, in _run_event
    await coro(*args, **kwargs)
  File "/app/asu_discord/cogs/analytics.py", line 652, in on_member_update
    before_timeout = before.timed_out_until
                     ^^^^^^^^^^^^^^^^^^^^^^
AttributeError: 'Member' object has no attribute 'timed_out_until'
Ignoring exception in on_member_update
Traceback (most recent call last):
  File "/usr/local/lib/python3.12/site-packages/discord/client.py", line 465, in _run_event
    await coro(*args, **kwargs)
  File "/app/asu_discord/cogs/analytics.py", line 652, in on_member_update
    before_timeout = before.timed_out_until
                     ^^^^^^^^^^^^^^^^^^^^^^
AttributeError: 'Member' object has no attribute 'timed_out_until'
Ignoring exception in on_member_update
Traceback (most recent call last):
  File "/usr/local/lib/python3.12/site-packages/discord/client.py", line 465, in _run_event
    await coro(*args, **kwargs)
  File "/app/asu_discord/cogs/analytics.py", line 652, in on_member_update
    before_timeout = before.timed_out_until
                     ^^^^^^^^^^^^^^^^^^^^^^
AttributeError: 'Member' object has no attribute 'timed_out_until'
Ignoring exception in on_member_update
Traceback (most recent call last):
  File "/usr/local/lib/python3.12/site-packages/discord/client.py", line 465, in _run_event
    await coro(*args, **kwargs)
  File "/app/asu_discord/cogs/analytics.py", line 652, in on_member_update
    before_timeout = before.timed_out_until
                     ^^^^^^^^^^^^^^^^^^^^^^
AttributeError: 'Member' object has no attribute 'timed_out_until'
Ignoring exception in on_member_update
Traceback (most recent call last):
  File "/usr/local/lib/python3.12/site-packages/discord/client.py", line 465, in _run_event
    await coro(*args, **kwargs)
  File "/app/asu_discord/cogs/analytics.py", line 652, in on_member_update
    before_timeout = before.timed_out_until
                     ^^^^^^^^^^^^^^^^^^^^^^
AttributeError: 'Member' object has no attribute 'timed_out_until'
Ignoring exception in on_member_update
Traceback (most recent call last):
  File "/usr/local/lib/python3.12/site-packages/discord/client.py", line 465, in _run_event
    await coro(*args, **kwargs)
  File "/app/asu_discord/cogs/analytics.py", line 652, in on_member_update
    before_timeout = before.timed_out_until
                     ^^^^^^^^^^^^^^^^^^^^^^
AttributeError: 'Member' object has no attribute 'timed_out_until'
Ignoring exception in on_member_update
Traceback (most recent call last):
  File "/usr/local/lib/python3.12/site-packages/discord/client.py", line 465, in _run_event
    await coro(*args, **kwargs)
  File "/app/asu_discord/cogs/analytics.py", line 652, in on_member_update
    before_timeout = before.timed_out_until
                     ^^^^^^^^^^^^^^^^^^^^^^
AttributeError: 'Member' object has no attribute 'timed_out_until'
INFO:asu_discord.cogs.verification:Saved 5 roles to database for user wzahradn (Discord ID: 1398114483796447326)
INFO:asu_discord.cogs.verification:Refreshed Salesforce roles for Discord user 1398114483796447326: -5/+5 roles, assigned=[Commited, First Year, Out of State, Tempe, W.P. Carey School of Business]
Ignoring exception in on_member_update
Traceback (most recent call last):
  File "/usr/local/lib/python3.12/site-packages/discord/client.py", line 465, in _run_event
    await coro(*args, **kwargs)
  File "/app/asu_discord/cogs/analytics.py", line 652, in on_member_update
    before_timeout = before.timed_out_until
                     ^^^^^^^^^^^^^^^^^^^^^^
AttributeError: 'Member' object has no attribute 'timed_out_until'
Ignoring exception in on_member_update
Traceback (most recent call last):
  File "/usr/local/lib/python3.12/site-packages/discord/client.py", line 465, in _run_event
    await coro(*args, **kwargs)
  File "/app/asu_discord/cogs/analytics.py", line 652, in on_member_update
    before_timeout = before.timed_out_until
                     ^^^^^^^^^^^^^^^^^^^^^^
AttributeError: 'Member' object has no attribute 'timed_out_until'
Ignoring exception in on_member_update
Traceback (most recent call last):
  File "/usr/local/lib/python3.12/site-packages/discord/client.py", line 465, in _run_event
    await coro(*args, **kwargs)
  File "/app/asu_discord/cogs/analytics.py", line 652, in on_member_update
    before_timeout = before.timed_out_until
                     ^^^^^^^^^^^^^^^^^^^^^^
AttributeError: 'Member' object has no attribute 'timed_out_until'
Ignoring exception in on_member_update
Traceback (most recent call last):
  File "/usr/local/lib/python3.12/site-packages/discord/client.py", line 465, in _run_event
    await coro(*args, **kwargs)
  File "/app/asu_discord/cogs/analytics.py", line 652, in on_member_update
    before_timeout = before.timed_out_until
                     ^^^^^^^^^^^^^^^^^^^^^^
AttributeError: 'Member' object has no attribute 'timed_out_until'
Ignoring exception in on_member_update
Traceback (most recent call last):
  File "/usr/local/lib/python3.12/site-packages/discord/client.py", line 465, in _run_event
    await coro(*args, **kwargs)
  File "/app/asu_discord/cogs/analytics.py", line 652, in on_member_update
    before_timeout = before.timed_out_until
                     ^^^^^^^^^^^^^^^^^^^^^^
AttributeError: 'Member' object has no attribute 'timed_out_until'
Ignoring exception in on_member_update
Traceback (most recent call last):
  File "/usr/local/lib/python3.12/site-packages/discord/client.py", line 465, in _run_event
    await coro(*args, **kwargs)
  File "/app/asu_discord/cogs/analytics.py", line 652, in on_member_update
    before_timeout = before.timed_out_until
                     ^^^^^^^^^^^^^^^^^^^^^^
AttributeError: 'Member' object has no attribute 'timed_out_until'
Ignoring exception in on_member_update
Traceback (most recent call last):
  File "/usr/local/lib/python3.12/site-packages/discord/client.py", line 465, in _run_event
    await coro(*args, **kwargs)
  File "/app/asu_discord/cogs/analytics.py", line 652, in on_member_update
    before_timeout = before.timed_out_until
                     ^^^^^^^^^^^^^^^^^^^^^^
AttributeError: 'Member' object has no attribute 'timed_out_until'
Ignoring exception in on_member_update
Traceback (most recent call last):
  File "/usr/local/lib/python3.12/site-packages/discord/client.py", line 465, in _run_event
    await coro(*args, **kwargs)
  File "/app/asu_discord/cogs/analytics.py", line 652, in on_member_update
    before_timeout = before.timed_out_until
                     ^^^^^^^^^^^^^^^^^^^^^^
AttributeError: 'Member' object has no attribute 'timed_out_until'
Ignoring exception in on_member_update
Traceback (most recent call last):
  File "/usr/local/lib/python3.12/site-packages/discord/client.py", line 465, in _run_event
    await coro(*args, **kwargs)
  File "/app/asu_discord/cogs/analytics.py", line 652, in on_member_update
    before_timeout = before.timed_out_until
                     ^^^^^^^^^^^^^^^^^^^^^^
AttributeError: 'Member' object has no attribute 'timed_out_until'
Ignoring exception in on_member_update
Traceback (most recent call last):
  File "/usr/local/lib/python3.12/site-packages/discord/client.py", line 465, in _run_event
    await coro(*args, **kwargs)
  File "/app/asu_discord/cogs/analytics.py", line 652, in on_member_update
    before_timeout = before.timed_out_until
                     ^^^^^^^^^^^^^^^^^^^^^^
AttributeError: 'Member' object has no attribute 'timed_out_until'
INFO:asu_discord.cogs.verification:Saved 5 roles to database for user pkembur1 (Discord ID: 785508740220715019)
INFO:asu_discord.cogs.verification:Refreshed Salesforce roles for Discord user 785508740220715019: -5/+5 roles, assigned=[Arizona Resident, Commited, First Year, Ira A. Fulton Schools of Engineering, Tempe]
Ignoring exception in on_member_update
Traceback (most recent call last):
  File "/usr/local/lib/python3.12/site-packages/discord/client.py", line 465, in _run_event
    await coro(*args, **kwargs)
  File "/app/asu_discord/cogs/analytics.py", line 652, in on_member_update
    before_timeout = before.timed_out_until
                     ^^^^^^^^^^^^^^^^^^^^^^
AttributeError: 'Member' object has no attribute 'timed_out_until'
Ignoring exception in on_member_update
Traceback (most recent call last):
  File "/usr/local/lib/python3.12/site-packages/discord/client.py", line 465, in _run_event
    await coro(*args, **kwargs)
  File "/app/asu_discord/cogs/analytics.py", line 652, in on_member_update
    before_timeout = before.timed_out_until
                     ^^^^^^^^^^^^^^^^^^^^^^
AttributeError: 'Member' object has no attribute 'timed_out_until'
Ignoring exception in on_member_update
Traceback (most recent call last):
  File "/usr/local/lib/python3.12/site-packages/discord/client.py", line 465, in _run_event
    await coro(*args, **kwargs)
  File "/app/asu_discord/cogs/analytics.py", line 652, in on_member_update
    before_timeout = before.timed_out_until
                     ^^^^^^^^^^^^^^^^^^^^^^
AttributeError: 'Member' object has no attribute 'timed_out_until'
Ignoring exception in on_member_update
Traceback (most recent call last):
  File "/usr/local/lib/python3.12/site-packages/discord/client.py", line 465, in _run_event
    await coro(*args, **kwargs)
  File "/app/asu_discord/cogs/analytics.py", line 652, in on_member_update
    before_timeout = before.timed_out_until
                     ^^^^^^^^^^^^^^^^^^^^^^
AttributeError: 'Member' object has no attribute 'timed_out_until'
Ignoring exception in on_member_update
Traceback (most recent call last):
  File "/usr/local/lib/python3.12/site-packages/discord/client.py", line 465, in _run_event
    await coro(*args, **kwargs)
  File "/app/asu_discord/cogs/analytics.py", line 652, in on_member_update
    before_timeout = before.timed_out_until
                     ^^^^^^^^^^^^^^^^^^^^^^
AttributeError: 'Member' object has no attribute 'timed_out_until'
Ignoring exception in on_member_update
Traceback (most recent call last):
  File "/usr/local/lib/python3.12/site-packages/discord/client.py", line 465, in _run_event
    await coro(*args, **kwargs)
  File "/app/asu_discord/cogs/analytics.py", line 652, in on_member_update
    before_timeout = before.timed_out_until
                     ^^^^^^^^^^^^^^^^^^^^^^
AttributeError: 'Member' object has no attribute 'timed_out_until'
Ignoring exception in on_member_update
Traceback (most recent call last):
  File "/usr/local/lib/python3.12/site-packages/discord/client.py", line 465, in _run_event
    await coro(*args, **kwargs)
  File "/app/asu_discord/cogs/analytics.py", line 652, in on_member_update
    before_timeout = before.timed_out_until
                     ^^^^^^^^^^^^^^^^^^^^^^
AttributeError: 'Member' object has no attribute 'timed_out_until'
Ignoring exception in on_member_update
Traceback (most recent call last):
  File "/usr/local/lib/python3.12/site-packages/discord/client.py", line 465, in _run_event
    await coro(*args, **kwargs)
  File "/app/asu_discord/cogs/analytics.py", line 652, in on_member_update
    before_timeout = before.timed_out_until
                     ^^^^^^^^^^^^^^^^^^^^^^
AttributeError: 'Member' object has no attribute 'timed_out_until'
Ignoring exception in on_member_update
Traceback (most recent call last):
  File "/usr/local/lib/python3.12/site-packages/discord/client.py", line 465, in _run_event
    await coro(*args, **kwargs)
  File "/app/asu_discord/cogs/analytics.py", line 652, in on_member_update
    before_timeout = before.timed_out_until
                     ^^^^^^^^^^^^^^^^^^^^^^
AttributeError: 'Member' object has no attribute 'timed_out_until'
Ignoring exception in on_member_update
Traceback (most recent call last):
  File "/usr/local/lib/python3.12/site-packages/discord/client.py", line 465, in _run_event
    await coro(*args, **kwargs)
  File "/app/asu_discord/cogs/analytics.py", line 652, in on_member_update
    before_timeout = before.timed_out_until
                     ^^^^^^^^^^^^^^^^^^^^^^
AttributeError: 'Member' object has no attribute 'timed_out_until'
INFO:asu_discord.cogs.verification:Saved 6 roles to database for user slambat (Discord ID: 1405773229406162944)
INFO:asu_discord.cogs.verification:Refreshed Salesforce roles for Discord user 1405773229406162944: -4/+6 roles, assigned=[College of Liberal Arts and Sciences, Commited, First Year, International Student, Tempe, Upperclassmen]
Ignoring exception in on_member_update
Traceback (most recent call last):
  File "/usr/local/lib/python3.12/site-packages/discord/client.py", line 465, in _run_event
    await coro(*args, **kwargs)
  File "/app/asu_discord/cogs/analytics.py", line 652, in on_member_update
    before_timeout = before.timed_out_until
                     ^^^^^^^^^^^^^^^^^^^^^^
AttributeError: 'Member' object has no attribute 'timed_out_until'
Ignoring exception in on_member_update
Traceback (most recent call last):
  File "/usr/local/lib/python3.12/site-packages/discord/client.py", line 465, in _run_event
    await coro(*args, **kwargs)
  File "/app/asu_discord/cogs/analytics.py", line 652, in on_member_update
    before_timeout = before.timed_out_until
                     ^^^^^^^^^^^^^^^^^^^^^^
AttributeError: 'Member' object has no attribute 'timed_out_until'
Ignoring exception in on_member_update
Traceback (most recent call last):
  File "/usr/local/lib/python3.12/site-packages/discord/client.py", line 465, in _run_event
    await coro(*args, **kwargs)
  File "/app/asu_discord/cogs/analytics.py", line 652, in on_member_update
    before_timeout = before.timed_out_until
                     ^^^^^^^^^^^^^^^^^^^^^^
AttributeError: 'Member' object has no attribute 'timed_out_until'
Ignoring exception in on_member_update
Traceback (most recent call last):
  File "/usr/local/lib/python3.12/site-packages/discord/client.py", line 465, in _run_event
    await coro(*args, **kwargs)
  File "/app/asu_discord/cogs/analytics.py", line 652, in on_member_update
    before_timeout = before.timed_out_until
                     ^^^^^^^^^^^^^^^^^^^^^^
AttributeError: 'Member' object has no attribute 'timed_out_until'
Ignoring exception in on_member_update
Traceback (most recent call last):
  File "/usr/local/lib/python3.12/site-packages/discord/client.py", line 465, in _run_event
    await coro(*args, **kwargs)
  File "/app/asu_discord/cogs/analytics.py", line 652, in on_member_update
    before_timeout = before.timed_out_until
                     ^^^^^^^^^^^^^^^^^^^^^^
AttributeError: 'Member' object has no attribute 'timed_out_until'
Ignoring exception in on_member_update
Traceback (most recent call last):
  File "/usr/local/lib/python3.12/site-packages/discord/client.py", line 465, in _run_event
    await coro(*args, **kwargs)
  File "/app/asu_discord/cogs/analytics.py", line 652, in on_member_update
    before_timeout = before.timed_out_until
                     ^^^^^^^^^^^^^^^^^^^^^^
AttributeError: 'Member' object has no attribute 'timed_out_until'
Ignoring exception in on_member_update
Traceback (most recent call last):
  File "/usr/local/lib/python3.12/site-packages/discord/client.py", line 465, in _run_event
    await coro(*args, **kwargs)
  File "/app/asu_discord/cogs/analytics.py", line 652, in on_member_update
    before_timeout = before.timed_out_until
                     ^^^^^^^^^^^^^^^^^^^^^^
AttributeError: 'Member' object has no attribute 'timed_out_until'
Ignoring exception in on_member_update
Traceback (most recent call last):
  File "/usr/local/lib/python3.12/site-packages/discord/client.py", line 465, in _run_event
    await coro(*args, **kwargs)
  File "/app/asu_discord/cogs/analytics.py", line 652, in on_member_update
    before_timeout = before.timed_out_until
                     ^^^^^^^^^^^^^^^^^^^^^^
AttributeError: 'Member' object has no attribute 'timed_out_until'
Ignoring exception in on_member_update
Traceback (most recent call last):
  File "/usr/local/lib/python3.12/site-packages/discord/client.py", line 465, in _run_event
    await coro(*args, **kwargs)
  File "/app/asu_discord/cogs/analytics.py", line 652, in on_member_update
    before_timeout = before.timed_out_until
                     ^^^^^^^^^^^^^^^^^^^^^^
AttributeError: 'Member' object has no attribute 'timed_out_until'
Ignoring exception in on_member_update
Traceback (most recent call last):
  File "/usr/local/lib/python3.12/site-packages/discord/client.py", line 465, in _run_event
    await coro(*args, **kwargs)
  File "/app/asu_discord/cogs/analytics.py", line 652, in on_member_update
    before_timeout = before.timed_out_until
                     ^^^^^^^^^^^^^^^^^^^^^^
AttributeError: 'Member' object has no attribute 'timed_out_until'
INFO:asu_discord.cogs.verification:Saved 5 roles to database for user bgodiwal (Discord ID: 1460374788324200645)
INFO:asu_discord.cogs.verification:Refreshed Salesforce roles for Discord user 1460374788324200645: -5/+5 roles, assigned=[First Generation Student, Graduate Student, International Student, Ira A. Fulton Schools of Engineering, Tempe]
Ignoring exception in on_member_update
Traceback (most recent call last):
  File "/usr/local/lib/python3.12/site-packages/discord/client.py", line 465, in _run_event
    await coro(*args, **kwargs)
  File "/app/asu_discord/cogs/analytics.py", line 652, in on_member_update
    before_timeout = before.timed_out_until
                     ^^^^^^^^^^^^^^^^^^^^^^
AttributeError: 'Member' object has no attribute 'timed_out_until'
Ignoring exception in on_member_update
Traceback (most recent call last):
  File "/usr/local/lib/python3.12/site-packages/discord/client.py", line 465, in _run_event
    await coro(*args, **kwargs)
  File "/app/asu_discord/cogs/analytics.py", line 652, in on_member_update
    before_timeout = before.timed_out_until
                     ^^^^^^^^^^^^^^^^^^^^^^
AttributeError: 'Member' object has no attribute 'timed_out_until'
Ignoring exception in on_member_update
Traceback (most recent call last):
  File "/usr/local/lib/python3.12/site-packages/discord/client.py", line 465, in _run_event
    await coro(*args, **kwargs)
  File "/app/asu_discord/cogs/analytics.py", line 652, in on_member_update
    before_timeout = before.timed_out_until
                     ^^^^^^^^^^^^^^^^^^^^^^
AttributeError: 'Member' object has no attribute 'timed_out_until'
Ignoring exception in on_member_update
Traceback (most recent call last):
  File "/usr/local/lib/python3.12/site-packages/discord/client.py", line 465, in _run_event
    await coro(*args, **kwargs)
  File "/app/asu_discord/cogs/analytics.py", line 652, in on_member_update
    before_timeout = before.timed_out_until
                     ^^^^^^^^^^^^^^^^^^^^^^
AttributeError: 'Member' object has no attribute 'timed_out_until'
Ignoring exception in on_member_update
Traceback (most recent call last):
  File "/usr/local/lib/python3.12/site-packages/discord/client.py", line 465, in _run_event
    await coro(*args, **kwargs)
  File "/app/asu_discord/cogs/analytics.py", line 652, in on_member_update
    before_timeout = before.timed_out_until
                     ^^^^^^^^^^^^^^^^^^^^^^
AttributeError: 'Member' object has no attribute 'timed_out_until'
Ignoring exception in on_member_update
Traceback (most recent call last):
  File "/usr/local/lib/python3.12/site-packages/discord/client.py", line 465, in _run_event
    await coro(*args, **kwargs)
  File "/app/asu_discord/cogs/analytics.py", line 652, in on_member_update
    before_timeout = before.timed_out_until
                     ^^^^^^^^^^^^^^^^^^^^^^
AttributeError: 'Member' object has no attribute 'timed_out_until'
Ignoring exception in on_member_update
Traceback (most recent call last):
  File "/usr/local/lib/python3.12/site-packages/discord/client.py", line 465, in _run_event
    await coro(*args, **kwargs)
  File "/app/asu_discord/cogs/analytics.py", line 652, in on_member_update
    before_timeout = before.timed_out_until
                     ^^^^^^^^^^^^^^^^^^^^^^
AttributeError: 'Member' object has no attribute 'timed_out_until'
Ignoring exception in on_member_update
Traceback (most recent call last):
  File "/usr/local/lib/python3.12/site-packages/discord/client.py", line 465, in _run_event
    await coro(*args, **kwargs)
  File "/app/asu_discord/cogs/analytics.py", line 652, in on_member_update
    before_timeout = before.timed_out_until
                     ^^^^^^^^^^^^^^^^^^^^^^
AttributeError: 'Member' object has no attribute 'timed_out_until'
INFO:asu_discord.cogs.verification:Saved 5 roles to database for user zbabapou (Discord ID: 701992599917166592)
INFO:asu_discord.cogs.verification:Refreshed Salesforce roles for Discord user 701992599917166592: -4/+4 roles, assigned=[Arizona Resident, First Generation Student, First Year, Tempe, W.P. Carey School of Business]
Ignoring exception in on_member_update
Traceback (most recent call last):
  File "/usr/local/lib/python3.12/site-packages/discord/client.py", line 465, in _run_event
    await coro(*args, **kwargs)
  File "/app/asu_discord/cogs/analytics.py", line 652, in on_member_update
    before_timeout = before.timed_out_until
                     ^^^^^^^^^^^^^^^^^^^^^^
AttributeError: 'Member' object has no attribute 'timed_out_until'
Ignoring exception in on_member_update
Traceback (most recent call last):
  File "/usr/local/lib/python3.12/site-packages/discord/client.py", line 465, in _run_event
    await coro(*args, **kwargs)
  File "/app/asu_discord/cogs/analytics.py", line 652, in on_member_update
    before_timeout = before.timed_out_until
                     ^^^^^^^^^^^^^^^^^^^^^^
AttributeError: 'Member' object has no attribute 'timed_out_until'
Ignoring exception in on_member_update
Traceback (most recent call last):
  File "/usr/local/lib/python3.12/site-packages/discord/client.py", line 465, in _run_event
    await coro(*args, **kwargs)
  File "/app/asu_discord/cogs/analytics.py", line 652, in on_member_update
    before_timeout = before.timed_out_until
                     ^^^^^^^^^^^^^^^^^^^^^^
AttributeError: 'Member' object has no attribute 'timed_out_until'
Ignoring exception in on_member_update
Traceback (most recent call last):
  File "/usr/local/lib/python3.12/site-packages/discord/client.py", line 465, in _run_event
    await coro(*args, **kwargs)
  File "/app/asu_discord/cogs/analytics.py", line 652, in on_member_update
    before_timeout = before.timed_out_until
                     ^^^^^^^^^^^^^^^^^^^^^^
AttributeError: 'Member' object has no attribute 'timed_out_until'
Ignoring exception in on_member_update
Traceback (most recent call last):
  File "/usr/local/lib/python3.12/site-packages/discord/client.py", line 465, in _run_event
    await coro(*args, **kwargs)
  File "/app/asu_discord/cogs/analytics.py", line 652, in on_member_update
    before_timeout = before.timed_out_until
                     ^^^^^^^^^^^^^^^^^^^^^^
AttributeError: 'Member' object has no attribute 'timed_out_until'
Ignoring exception in on_member_update
Traceback (most recent call last):
  File "/usr/local/lib/python3.12/site-packages/discord/client.py", line 465, in _run_event
    await coro(*args, **kwargs)
  File "/app/asu_discord/cogs/analytics.py", line 652, in on_member_update
    before_timeout = before.timed_out_until
                     ^^^^^^^^^^^^^^^^^^^^^^
AttributeError: 'Member' object has no attribute 'timed_out_until'
Ignoring exception in on_member_update
Traceback (most recent call last):
  File "/usr/local/lib/python3.12/site-packages/discord/client.py", line 465, in _run_event
    await coro(*args, **kwargs)
  File "/app/asu_discord/cogs/analytics.py", line 652, in on_member_update
    before_timeout = before.timed_out_until
                     ^^^^^^^^^^^^^^^^^^^^^^
AttributeError: 'Member' object has no attribute 'timed_out_until'
Ignoring exception in on_member_update
Traceback (most recent call last):
  File "/usr/local/lib/python3.12/site-packages/discord/client.py", line 465, in _run_event
    await coro(*args, **kwargs)
  File "/app/asu_discord/cogs/analytics.py", line 652, in on_member_update
    before_timeout = before.timed_out_until
                     ^^^^^^^^^^^^^^^^^^^^^^
AttributeError: 'Member' object has no attribute 'timed_out_until'
Ignoring exception in on_member_update
Traceback (most recent call last):
  File "/usr/local/lib/python3.12/site-packages/discord/client.py", line 465, in _run_event
    await coro(*args, **kwargs)
  File "/app/asu_discord/cogs/analytics.py", line 652, in on_member_update
    before_timeout = before.timed_out_until
                     ^^^^^^^^^^^^^^^^^^^^^^
AttributeError: 'Member' object has no attribute 'timed_out_until'
Ignoring exception in on_member_update
Traceback (most recent call last):
  File "/usr/local/lib/python3.12/site-packages/discord/client.py", line 465, in _run_event
    await coro(*args, **kwargs)
  File "/app/asu_discord/cogs/analytics.py", line 652, in on_member_update
    before_timeout = before.timed_out_until
                     ^^^^^^^^^^^^^^^^^^^^^^
AttributeError: 'Member' object has no attribute 'timed_out_until'
Ignoring exception in on_member_update
Traceback (most recent call last):
  File "/usr/local/lib/python3.12/site-packages/discord/client.py", line 465, in _run_event
    await coro(*args, **kwargs)
  File "/app/asu_discord/cogs/analytics.py", line 652, in on_member_update
    before_timeout = before.timed_out_until
                     ^^^^^^^^^^^^^^^^^^^^^^
AttributeError: 'Member' object has no attribute 'timed_out_until'
INFO:asu_discord.cogs.verification:Saved 5 roles to database for user lelayyan (Discord ID: 775722102350282792)
INFO:asu_discord.cogs.verification:Refreshed Salesforce roles for Discord user 775722102350282792: -5/+5 roles, assigned=[Commited, First Year, International Student, Ira A. Fulton Schools of Engineering, Tempe]
Ignoring exception in on_member_update
Traceback (most recent call last):
  File "/usr/local/lib/python3.12/site-packages/discord/client.py", line 465, in _run_event
    await coro(*args, **kwargs)
  File "/app/asu_discord/cogs/analytics.py", line 652, in on_member_update
    before_timeout = before.timed_out_until
                     ^^^^^^^^^^^^^^^^^^^^^^
AttributeError: 'Member' object has no attribute 'timed_out_until'
Ignoring exception in on_member_update
Traceback (most recent call last):
  File "/usr/local/lib/python3.12/site-packages/discord/client.py", line 465, in _run_event
    await coro(*args, **kwargs)
  File "/app/asu_discord/cogs/analytics.py", line 652, in on_member_update
    before_timeout = before.timed_out_until
                     ^^^^^^^^^^^^^^^^^^^^^^
AttributeError: 'Member' object has no attribute 'timed_out_until'
Ignoring exception in on_member_update
Traceback (most recent call last):
  File "/usr/local/lib/python3.12/site-packages/discord/client.py", line 465, in _run_event
    await coro(*args, **kwargs)
  File "/app/asu_discord/cogs/analytics.py", line 652, in on_member_update
    before_timeout = before.timed_out_until
                     ^^^^^^^^^^^^^^^^^^^^^^
AttributeError: 'Member' object has no attribute 'timed_out_until'
Ignoring exception in on_member_update
Traceback (most recent call last):
  File "/usr/local/lib/python3.12/site-packages/discord/client.py", line 465, in _run_event
    await coro(*args, **kwargs)
  File "/app/asu_discord/cogs/analytics.py", line 652, in on_member_update
    before_timeout = before.timed_out_until
                     ^^^^^^^^^^^^^^^^^^^^^^
AttributeError: 'Member' object has no attribute 'timed_out_until'
Ignoring exception in on_member_update
Traceback (most recent call last):
  File "/usr/local/lib/python3.12/site-packages/discord/client.py", line 465, in _run_event
    await coro(*args, **kwargs)
  File "/app/asu_discord/cogs/analytics.py", line 652, in on_member_update
    before_timeout = before.timed_out_until
                     ^^^^^^^^^^^^^^^^^^^^^^
AttributeError: 'Member' object has no attribute 'timed_out_until'
Ignoring exception in on_member_update
Traceback (most recent call last):
  File "/usr/local/lib/python3.12/site-packages/discord/client.py", line 465, in _run_event
    await coro(*args, **kwargs)
  File "/app/asu_discord/cogs/analytics.py", line 652, in on_member_update
    before_timeout = before.timed_out_until
                     ^^^^^^^^^^^^^^^^^^^^^^
AttributeError: 'Member' object has no attribute 'timed_out_until'
Ignoring exception in on_member_update
Traceback (most recent call last):
  File "/usr/local/lib/python3.12/site-packages/discord/client.py", line 465, in _run_event
    await coro(*args, **kwargs)
  File "/app/asu_discord/cogs/analytics.py", line 652, in on_member_update
    before_timeout = before.timed_out_until
                     ^^^^^^^^^^^^^^^^^^^^^^
AttributeError: 'Member' object has no attribute 'timed_out_until'
Ignoring exception in on_member_update
Traceback (most recent call last):
  File "/usr/local/lib/python3.12/site-packages/discord/client.py", line 465, in _run_event
    await coro(*args, **kwargs)
  File "/app/asu_discord/cogs/analytics.py", line 652, in on_member_update
    before_timeout = before.timed_out_until
                     ^^^^^^^^^^^^^^^^^^^^^^
AttributeError: 'Member' object has no attribute 'timed_out_until'
Ignoring exception in on_member_update
Traceback (most recent call last):
  File "/usr/local/lib/python3.12/site-packages/discord/client.py", line 465, in _run_event
    await coro(*args, **kwargs)
  File "/app/asu_discord/cogs/analytics.py", line 652, in on_member_update
    before_timeout = before.timed_out_until
                     ^^^^^^^^^^^^^^^^^^^^^^
AttributeError: 'Member' object has no attribute 'timed_out_until'
INFO:asu_discord.cogs.verification:Saved 5 roles to database for user yhabdura (Discord ID: 800083233869660220)
INFO:asu_discord.cogs.verification:Refreshed Salesforce roles for Discord user 800083233869660220: -5/+4 roles, assigned=[Arizona Resident, Commited, First Year, Ira A. Fulton Schools of Engineering, Tempe]
Ignoring exception in on_member_update
Traceback (most recent call last):
  File "/usr/local/lib/python3.12/site-packages/discord/client.py", line 465, in _run_event
    await coro(*args, **kwargs)
  File "/app/asu_discord/cogs/analytics.py", line 652, in on_member_update
    before_timeout = before.timed_out_until
                     ^^^^^^^^^^^^^^^^^^^^^^
AttributeError: 'Member' object has no attribute 'timed_out_until'
Ignoring exception in on_member_update
Traceback (most recent call last):
  File "/usr/local/lib/python3.12/site-packages/discord/client.py", line 465, in _run_event
    await coro(*args, **kwargs)
  File "/app/asu_discord/cogs/analytics.py", line 652, in on_member_update
    before_timeout = before.timed_out_until
                     ^^^^^^^^^^^^^^^^^^^^^^
AttributeError: 'Member' object has no attribute 'timed_out_until'
Ignoring exception in on_member_update
Traceback (most recent call last):
  File "/usr/local/lib/python3.12/site-packages/discord/client.py", line 465, in _run_event
    await coro(*args, **kwargs)
  File "/app/asu_discord/cogs/analytics.py", line 652, in on_member_update
    before_timeout = before.timed_out_until
                     ^^^^^^^^^^^^^^^^^^^^^^
AttributeError: 'Member' object has no attribute 'timed_out_until'
Ignoring exception in on_member_update
Traceback (most recent call last):
  File "/usr/local/lib/python3.12/site-packages/discord/client.py", line 465, in _run_event
    await coro(*args, **kwargs)
  File "/app/asu_discord/cogs/analytics.py", line 652, in on_member_update
    before_timeout = before.timed_out_until
                     ^^^^^^^^^^^^^^^^^^^^^^
AttributeError: 'Member' object has no attribute 'timed_out_until'
Ignoring exception in on_member_update
Traceback (most recent call last):
  File "/usr/local/lib/python3.12/site-packages/discord/client.py", line 465, in _run_event
    await coro(*args, **kwargs)
  File "/app/asu_discord/cogs/analytics.py", line 652, in on_member_update
    before_timeout = before.timed_out_until
                     ^^^^^^^^^^^^^^^^^^^^^^
AttributeError: 'Member' object has no attribute 'timed_out_until'
Ignoring exception in on_member_update
Traceback (most recent call last):
  File "/usr/local/lib/python3.12/site-packages/discord/client.py", line 465, in _run_event
    await coro(*args, **kwargs)
  File "/app/asu_discord/cogs/analytics.py", line 652, in on_member_update
    before_timeout = before.timed_out_until
                     ^^^^^^^^^^^^^^^^^^^^^^
AttributeError: 'Member' object has no attribute 'timed_out_until'
Ignoring exception in on_member_update
Traceback (most recent call last):
  File "/usr/local/lib/python3.12/site-packages/discord/client.py", line 465, in _run_event
    await coro(*args, **kwargs)
  File "/app/asu_discord/cogs/analytics.py", line 652, in on_member_update
    before_timeout = before.timed_out_until
                     ^^^^^^^^^^^^^^^^^^^^^^
AttributeError: 'Member' object has no attribute 'timed_out_until'
Ignoring exception in on_member_update
Traceback (most recent call last):
  File "/usr/local/lib/python3.12/site-packages/discord/client.py", line 465, in _run_event
    await coro(*args, **kwargs)
  File "/app/asu_discord/cogs/analytics.py", line 652, in on_member_update
    before_timeout = before.timed_out_until
                     ^^^^^^^^^^^^^^^^^^^^^^
AttributeError: 'Member' object has no attribute 'timed_out_until'
INFO:asu_discord.cogs.verification:Saved 5 roles to database for user ymmacha1 (Discord ID: 449609188612505601)
INFO:asu_discord.cogs.verification:Refreshed Salesforce roles for Discord user 449609188612505601: -4/+4 roles, assigned=[Arizona Resident, First Generation Student, First Year, Herberger Institute for Design and the Arts, Tempe]
Ignoring exception in on_member_update
Traceback (most recent call last):
  File "/usr/local/lib/python3.12/site-packages/discord/client.py", line 465, in _run_event
    await coro(*args, **kwargs)
  File "/app/asu_discord/cogs/analytics.py", line 652, in on_member_update
    before_timeout = before.timed_out_until
                     ^^^^^^^^^^^^^^^^^^^^^^
AttributeError: 'Member' object has no attribute 'timed_out_until'
Ignoring exception in on_member_update
Traceback (most recent call last):
  File "/usr/local/lib/python3.12/site-packages/discord/client.py", line 465, in _run_event
    await coro(*args, **kwargs)
  File "/app/asu_discord/cogs/analytics.py", line 652, in on_member_update
    before_timeout = before.timed_out_until
                     ^^^^^^^^^^^^^^^^^^^^^^
AttributeError: 'Member' object has no attribute 'timed_out_until'
Ignoring exception in on_member_update
Traceback (most recent call last):
  File "/usr/local/lib/python3.12/site-packages/discord/client.py", line 465, in _run_event
    await coro(*args, **kwargs)
  File "/app/asu_discord/cogs/analytics.py", line 652, in on_member_update
    before_timeout = before.timed_out_until
                     ^^^^^^^^^^^^^^^^^^^^^^
AttributeError: 'Member' object has no attribute 'timed_out_until'
Ignoring exception in on_member_update
Traceback (most recent call last):
  File "/usr/local/lib/python3.12/site-packages/discord/client.py", line 465, in _run_event
    await coro(*args, **kwargs)
  File "/app/asu_discord/cogs/analytics.py", line 652, in on_member_update
    before_timeout = before.timed_out_until
                     ^^^^^^^^^^^^^^^^^^^^^^
AttributeError: 'Member' object has no attribute 'timed_out_until'
Ignoring exception in on_member_update
Traceback (most recent call last):
  File "/usr/local/lib/python3.12/site-packages/discord/client.py", line 465, in _run_event
    await coro(*args, **kwargs)
  File "/app/asu_discord/cogs/analytics.py", line 652, in on_member_update
    before_timeout = before.timed_out_until
                     ^^^^^^^^^^^^^^^^^^^^^^
AttributeError: 'Member' object has no attribute 'timed_out_until'
Ignoring exception in on_member_update
Traceback (most recent call last):
  File "/usr/local/lib/python3.12/site-packages/discord/client.py", line 465, in _run_event
    await coro(*args, **kwargs)
  File "/app/asu_discord/cogs/analytics.py", line 652, in on_member_update
    before_timeout = before.timed_out_until
                     ^^^^^^^^^^^^^^^^^^^^^^
AttributeError: 'Member' object has no attribute 'timed_out_until'
Ignoring exception in on_member_update
Traceback (most recent call last):
  File "/usr/local/lib/python3.12/site-packages/discord/client.py", line 465, in _run_event
    await coro(*args, **kwargs)
  File "/app/asu_discord/cogs/analytics.py", line 652, in on_member_update
    before_timeout = before.timed_out_until
                     ^^^^^^^^^^^^^^^^^^^^^^
AttributeError: 'Member' object has no attribute 'timed_out_until'
Ignoring exception in on_member_update
Traceback (most recent call last):
  File "/usr/local/lib/python3.12/site-packages/discord/client.py", line 465, in _run_event
    await coro(*args, **kwargs)
  File "/app/asu_discord/cogs/analytics.py", line 652, in on_member_update
    before_timeout = before.timed_out_until
                     ^^^^^^^^^^^^^^^^^^^^^^
AttributeError: 'Member' object has no attribute 'timed_out_until'
INFO:asu_discord.cogs.verification:Saved 5 roles to database for user rporti10 (Discord ID: 1357827768473227424)
INFO:asu_discord.cogs.verification:Refreshed Salesforce roles for Discord user 1357827768473227424: -4/+4 roles, assigned=[Arizona Resident, First Generation Student, First Year, Herberger Institute for Design and the Arts, Tempe]
Ignoring exception in on_member_update
Traceback (most recent call last):
  File "/usr/local/lib/python3.12/site-packages/discord/client.py", line 465, in _run_event
    await coro(*args, **kwargs)
  File "/app/asu_discord/cogs/analytics.py", line 652, in on_member_update
    before_timeout = before.timed_out_until
                     ^^^^^^^^^^^^^^^^^^^^^^
AttributeError: 'Member' object has no attribute 'timed_out_until'
Ignoring exception in on_member_update
Traceback (most recent call last):
  File "/usr/local/lib/python3.12/site-packages/discord/client.py", line 465, in _run_event
    await coro(*args, **kwargs)
  File "/app/asu_discord/cogs/analytics.py", line 652, in on_member_update
    before_timeout = before.timed_out_until
                     ^^^^^^^^^^^^^^^^^^^^^^
AttributeError: 'Member' object has no attribute 'timed_out_until'
Ignoring exception in on_member_update
Traceback (most recent call last):
  File "/usr/local/lib/python3.12/site-packages/discord/client.py", line 465, in _run_event
    await coro(*args, **kwargs)
  File "/app/asu_discord/cogs/analytics.py", line 652, in on_member_update
    before_timeout = before.timed_out_until
                     ^^^^^^^^^^^^^^^^^^^^^^
AttributeError: 'Member' object has no attribute 'timed_out_until'
Ignoring exception in on_member_update
Traceback (most recent call last):
  File "/usr/local/lib/python3.12/site-packages/discord/client.py", line 465, in _run_event
    await coro(*args, **kwargs)
  File "/app/asu_discord/cogs/analytics.py", line 652, in on_member_update
    before_timeout = before.timed_out_until
                     ^^^^^^^^^^^^^^^^^^^^^^
AttributeError: 'Member' object has no attribute 'timed_out_until'
Ignoring exception in on_member_update
Traceback (most recent call last):
  File "/usr/local/lib/python3.12/site-packages/discord/client.py", line 465, in _run_event
    await coro(*args, **kwargs)
  File "/app/asu_discord/cogs/analytics.py", line 652, in on_member_update
    before_timeout = before.timed_out_until
                     ^^^^^^^^^^^^^^^^^^^^^^
AttributeError: 'Member' object has no attribute 'timed_out_until'
Ignoring exception in on_member_update
Traceback (most recent call last):
  File "/usr/local/lib/python3.12/site-packages/discord/client.py", line 465, in _run_event
    await coro(*args, **kwargs)
  File "/app/asu_discord/cogs/analytics.py", line 652, in on_member_update
    before_timeout = before.timed_out_until
                     ^^^^^^^^^^^^^^^^^^^^^^
AttributeError: 'Member' object has no attribute 'timed_out_until'
Ignoring exception in on_member_update
Traceback (most recent call last):
  File "/usr/local/lib/python3.12/site-packages/discord/client.py", line 465, in _run_event
    await coro(*args, **kwargs)
  File "/app/asu_discord/cogs/analytics.py", line 652, in on_member_update
    before_timeout = before.timed_out_until
                     ^^^^^^^^^^^^^^^^^^^^^^
AttributeError: 'Member' object has no attribute 'timed_out_until'
Ignoring exception in on_member_update
Traceback (most recent call last):
  File "/usr/local/lib/python3.12/site-packages/discord/client.py", line 465, in _run_event
    await coro(*args, **kwargs)
  File "/app/asu_discord/cogs/analytics.py", line 652, in on_member_update
    before_timeout = before.timed_out_until
                     ^^^^^^^^^^^^^^^^^^^^^^
AttributeError: 'Member' object has no attribute 'timed_out_until'
INFO:asu_discord.cogs.verification:Saved 4 roles to database for user zsantac1 (Discord ID: 1500351102166630430)
INFO:asu_discord.cogs.verification:Refreshed Salesforce roles for Discord user 1500351102166630430: -4/+4 roles, assigned=[Arizona Resident, College of Liberal Arts and Sciences, First Year, Tempe]
Ignoring exception in on_member_update
Traceback (most recent call last):
  File "/usr/local/lib/python3.12/site-packages/discord/client.py", line 465, in _run_event
    await coro(*args, **kwargs)
  File "/app/asu_discord/cogs/analytics.py", line 652, in on_member_update
    before_timeout = before.timed_out_until
                     ^^^^^^^^^^^^^^^^^^^^^^
AttributeError: 'Member' object has no attribute 'timed_out_until'
Ignoring exception in on_member_update
Traceback (most recent call last):
  File "/usr/local/lib/python3.12/site-packages/discord/client.py", line 465, in _run_event
    await coro(*args, **kwargs)
  File "/app/asu_discord/cogs/analytics.py", line 652, in on_member_update
    before_timeout = before.timed_out_until
                     ^^^^^^^^^^^^^^^^^^^^^^
AttributeError: 'Member' object has no attribute 'timed_out_until'
Ignoring exception in on_member_update
Traceback (most recent call last):
  File "/usr/local/lib/python3.12/site-packages/discord/client.py", line 465, in _run_event
    await coro(*args, **kwargs)
  File "/app/asu_discord/cogs/analytics.py", line 652, in on_member_update
    before_timeout = before.timed_out_until
                     ^^^^^^^^^^^^^^^^^^^^^^
AttributeError: 'Member' object has no attribute 'timed_out_until'
Ignoring exception in on_member_update
Traceback (most recent call last):
  File "/usr/local/lib/python3.12/site-packages/discord/client.py", line 465, in _run_event
    await coro(*args, **kwargs)
  File "/app/asu_discord/cogs/analytics.py", line 652, in on_member_update
    before_timeout = before.timed_out_until
                     ^^^^^^^^^^^^^^^^^^^^^^
AttributeError: 'Member' object has no attribute 'timed_out_until'
Ignoring exception in on_member_update
Traceback (most recent call last):
  File "/usr/local/lib/python3.12/site-packages/discord/client.py", line 465, in _run_event
    await coro(*args, **kwargs)
  File "/app/asu_discord/cogs/analytics.py", line 652, in on_member_update
    before_timeout = before.timed_out_until
                     ^^^^^^^^^^^^^^^^^^^^^^
AttributeError: 'Member' object has no attribute 'timed_out_until'
Ignoring exception in on_member_update
Traceback (most recent call last):
  File "/usr/local/lib/python3.12/site-packages/discord/client.py", line 465, in _run_event
    await coro(*args, **kwargs)
  File "/app/asu_discord/cogs/analytics.py", line 652, in on_member_update
    before_timeout = before.timed_out_until
                     ^^^^^^^^^^^^^^^^^^^^^^
AttributeError: 'Member' object has no attribute 'timed_out_until'
Ignoring exception in on_member_update
Traceback (most recent call last):
  File "/usr/local/lib/python3.12/site-packages/discord/client.py", line 465, in _run_event
    await coro(*args, **kwargs)
  File "/app/asu_discord/cogs/analytics.py", line 652, in on_member_update
    before_timeout = before.timed_out_until
                     ^^^^^^^^^^^^^^^^^^^^^^
AttributeError: 'Member' object has no attribute 'timed_out_until'
Ignoring exception in on_member_update
Traceback (most recent call last):
  File "/usr/local/lib/python3.12/site-packages/discord/client.py", line 465, in _run_event
    await coro(*args, **kwargs)
  File "/app/asu_discord/cogs/analytics.py", line 652, in on_member_update
    before_timeout = before.timed_out_until
                     ^^^^^^^^^^^^^^^^^^^^^^
AttributeError: 'Member' object has no attribute 'timed_out_until'
Ignoring exception in on_member_update
Traceback (most recent call last):
  File "/usr/local/lib/python3.12/site-packages/discord/client.py", line 465, in _run_event
    await coro(*args, **kwargs)
  File "/app/asu_discord/cogs/analytics.py", line 652, in on_member_update
    before_timeout = before.timed_out_until
                     ^^^^^^^^^^^^^^^^^^^^^^
AttributeError: 'Member' object has no attribute 'timed_out_until'
Ignoring exception in on_member_update
Traceback (most recent call last):
  File "/usr/local/lib/python3.12/site-packages/discord/client.py", line 465, in _run_event
    await coro(*args, **kwargs)
  File "/app/asu_discord/cogs/analytics.py", line 652, in on_member_update
    before_timeout = before.timed_out_until
                     ^^^^^^^^^^^^^^^^^^^^^^
AttributeError: 'Member' object has no attribute 'timed_out_until'
INFO:asu_discord.cogs.verification:Saved 5 roles to database for user ktyarks (Discord ID: 981015388521377852)
INFO:asu_discord.cogs.verification:Refreshed Salesforce roles for Discord user 981015388521377852: -5/+5 roles, assigned=[Arizona Resident, Commited, First Year, Tempe, W.P. Carey School of Business]
Ignoring exception in on_member_update
Traceback (most recent call last):
  File "/usr/local/lib/python3.12/site-packages/discord/client.py", line 465, in _run_event
    await coro(*args, **kwargs)
  File "/app/asu_discord/cogs/analytics.py", line 652, in on_member_update
    before_timeout = before.timed_out_until
                     ^^^^^^^^^^^^^^^^^^^^^^
AttributeError: 'Member' object has no attribute 'timed_out_until'
Ignoring exception in on_member_update
Traceback (most recent call last):
  File "/usr/local/lib/python3.12/site-packages/discord/client.py", line 465, in _run_event
    await coro(*args, **kwargs)
  File "/app/asu_discord/cogs/analytics.py", line 652, in on_member_update
    before_timeout = before.timed_out_until
                     ^^^^^^^^^^^^^^^^^^^^^^
AttributeError: 'Member' object has no attribute 'timed_out_until'
Ignoring exception in on_member_update
Traceback (most recent call last):
  File "/usr/local/lib/python3.12/site-packages/discord/client.py", line 465, in _run_event
    await coro(*args, **kwargs)
  File "/app/asu_discord/cogs/analytics.py", line 652, in on_member_update
    before_timeout = before.timed_out_until
                     ^^^^^^^^^^^^^^^^^^^^^^
AttributeError: 'Member' object has no attribute 'timed_out_until'
Ignoring exception in on_member_update
Traceback (most recent call last):
  File "/usr/local/lib/python3.12/site-packages/discord/client.py", line 465, in _run_event
    await coro(*args, **kwargs)
  File "/app/asu_discord/cogs/analytics.py", line 652, in on_member_update
    before_timeout = before.timed_out_until
                     ^^^^^^^^^^^^^^^^^^^^^^
AttributeError: 'Member' object has no attribute 'timed_out_until'
Ignoring exception in on_member_update
Traceback (most recent call last):
  File "/usr/local/lib/python3.12/site-packages/discord/client.py", line 465, in _run_event
    await coro(*args, **kwargs)
  File "/app/asu_discord/cogs/analytics.py", line 652, in on_member_update
    before_timeout = before.timed_out_until
                     ^^^^^^^^^^^^^^^^^^^^^^
AttributeError: 'Member' object has no attribute 'timed_out_until'
Ignoring exception in on_member_update
Traceback (most recent call last):
  File "/usr/local/lib/python3.12/site-packages/discord/client.py", line 465, in _run_event
    await coro(*args, **kwargs)
  File "/app/asu_discord/cogs/analytics.py", line 652, in on_member_update
    before_timeout = before.timed_out_until
                     ^^^^^^^^^^^^^^^^^^^^^^
AttributeError: 'Member' object has no attribute 'timed_out_until'
Ignoring exception in on_member_update
Traceback (most recent call last):
  File "/usr/local/lib/python3.12/site-packages/discord/client.py", line 465, in _run_event
    await coro(*args, **kwargs)
  File "/app/asu_discord/cogs/analytics.py", line 652, in on_member_update
    before_timeout = before.timed_out_until
                     ^^^^^^^^^^^^^^^^^^^^^^
AttributeError: 'Member' object has no attribute 'timed_out_until'
Ignoring exception in on_member_update
Traceback (most recent call last):
  File "/usr/local/lib/python3.12/site-packages/discord/client.py", line 465, in _run_event
    await coro(*args, **kwargs)
  File "/app/asu_discord/cogs/analytics.py", line 652, in on_member_update
    before_timeout = before.timed_out_until
                     ^^^^^^^^^^^^^^^^^^^^^^
AttributeError: 'Member' object has no attribute 'timed_out_until'
Ignoring exception in on_member_update
Traceback (most recent call last):
  File "/usr/local/lib/python3.12/site-packages/discord/client.py", line 465, in _run_event
    await coro(*args, **kwargs)
  File "/app/asu_discord/cogs/analytics.py", line 652, in on_member_update
    before_timeout = before.timed_out_until
                     ^^^^^^^^^^^^^^^^^^^^^^
AttributeError: 'Member' object has no attribute 'timed_out_until'
Ignoring exception in on_member_update
Traceback (most recent call last):
  File "/usr/local/lib/python3.12/site-packages/discord/client.py", line 465, in _run_event
    await coro(*args, **kwargs)
  File "/app/asu_discord/cogs/analytics.py", line 652, in on_member_update
    before_timeout = before.timed_out_until
                     ^^^^^^^^^^^^^^^^^^^^^^
AttributeError: 'Member' object has no attribute 'timed_out_until'
INFO:asu_discord.cogs.verification:Saved 5 roles to database for user ksaxena5 (Discord ID: 983299776881774612)
INFO:asu_discord.cogs.verification:Refreshed Salesforce roles for Discord user 983299776881774612: -5/+5 roles, assigned=[Commited, International Student, Ira A. Fulton Schools of Engineering, Tempe, Transfer Student]
Ignoring exception in on_member_update
Traceback (most recent call last):
  File "/usr/local/lib/python3.12/site-packages/discord/client.py", line 465, in _run_event
    await coro(*args, **kwargs)
  File "/app/asu_discord/cogs/analytics.py", line 652, in on_member_update
    before_timeout = before.timed_out_until
                     ^^^^^^^^^^^^^^^^^^^^^^
AttributeError: 'Member' object has no attribute 'timed_out_until'
Ignoring exception in on_member_update
Traceback (most recent call last):
  File "/usr/local/lib/python3.12/site-packages/discord/client.py", line 465, in _run_event
    await coro(*args, **kwargs)
  File "/app/asu_discord/cogs/analytics.py", line 652, in on_member_update
    before_timeout = before.timed_out_until
                     ^^^^^^^^^^^^^^^^^^^^^^
AttributeError: 'Member' object has no attribute 'timed_out_until'
Ignoring exception in on_member_update
Traceback (most recent call last):
  File "/usr/local/lib/python3.12/site-packages/discord/client.py", line 465, in _run_event
    await coro(*args, **kwargs)
  File "/app/asu_discord/cogs/analytics.py", line 652, in on_member_update
    before_timeout = before.timed_out_until
                     ^^^^^^^^^^^^^^^^^^^^^^
AttributeError: 'Member' object has no attribute 'timed_out_until'
Ignoring exception in on_member_update
Traceback (most recent call last):
  File "/usr/local/lib/python3.12/site-packages/discord/client.py", line 465, in _run_event
    await coro(*args, **kwargs)
  File "/app/asu_discord/cogs/analytics.py", line 652, in on_member_update
    before_timeout = before.timed_out_until
                     ^^^^^^^^^^^^^^^^^^^^^^
AttributeError: 'Member' object has no attribute 'timed_out_until'
Ignoring exception in on_member_update
Traceback (most recent call last):
  File "/usr/local/lib/python3.12/site-packages/discord/client.py", line 465, in _run_event
    await coro(*args, **kwargs)
  File "/app/asu_discord/cogs/analytics.py", line 652, in on_member_update
    before_timeout = before.timed_out_until
                     ^^^^^^^^^^^^^^^^^^^^^^
AttributeError: 'Member' object has no attribute 'timed_out_until'
Ignoring exception in on_member_update
Traceback (most recent call last):
  File "/usr/local/lib/python3.12/site-packages/discord/client.py", line 465, in _run_event
    await coro(*args, **kwargs)
  File "/app/asu_discord/cogs/analytics.py", line 652, in on_member_update
    before_timeout = before.timed_out_until
                     ^^^^^^^^^^^^^^^^^^^^^^
AttributeError: 'Member' object has no attribute 'timed_out_until'
Ignoring exception in on_member_update
Traceback (most recent call last):
  File "/usr/local/lib/python3.12/site-packages/discord/client.py", line 465, in _run_event
    await coro(*args, **kwargs)
  File "/app/asu_discord/cogs/analytics.py", line 652, in on_member_update
    before_timeout = before.timed_out_until
                     ^^^^^^^^^^^^^^^^^^^^^^
AttributeError: 'Member' object has no attribute 'timed_out_until'
Ignoring exception in on_member_update
Traceback (most recent call last):
  File "/usr/local/lib/python3.12/site-packages/discord/client.py", line 465, in _run_event
    await coro(*args, **kwargs)
  File "/app/asu_discord/cogs/analytics.py", line 652, in on_member_update
    before_timeout = before.timed_out_until
                     ^^^^^^^^^^^^^^^^^^^^^^
AttributeError: 'Member' object has no attribute 'timed_out_until'
Ignoring exception in on_member_update
Traceback (most recent call last):
  File "/usr/local/lib/python3.12/site-packages/discord/client.py", line 465, in _run_event
    await coro(*args, **kwargs)
  File "/app/asu_discord/cogs/analytics.py", line 652, in on_member_update
    before_timeout = before.timed_out_until
                     ^^^^^^^^^^^^^^^^^^^^^^
AttributeError: 'Member' object has no attribute 'timed_out_until'
Ignoring exception in on_member_update
Traceback (most recent call last):
  File "/usr/local/lib/python3.12/site-packages/discord/client.py", line 465, in _run_event
    await coro(*args, **kwargs)
  File "/app/asu_discord/cogs/analytics.py", line 652, in on_member_update
    before_timeout = before.timed_out_until
                     ^^^^^^^^^^^^^^^^^^^^^^
AttributeError: 'Member' object has no attribute 'timed_out_until'
INFO:asu_discord.cogs.verification:Saved 5 roles to database for user neildsa (Discord ID: 761907597737459742)
INFO:asu_discord.cogs.verification:Refreshed Salesforce roles for Discord user 761907597737459742: -5/+5 roles, assigned=[Commited, First Year, International Student, Ira A. Fulton Schools of Engineering, Tempe]
INFO:asu_discord.salesforce:No Salesforce contact found for falhar17
INFO:cron.jobs:refresh_salesforce_roles: skipping falhar17: no profile returned
Ignoring exception in on_member_update
Traceback (most recent call last):
  File "/usr/local/lib/python3.12/site-packages/discord/client.py", line 465, in _run_event
    await coro(*args, **kwargs)
  File "/app/asu_discord/cogs/analytics.py", line 652, in on_member_update
    before_timeout = before.timed_out_until
                     ^^^^^^^^^^^^^^^^^^^^^^
AttributeError: 'Member' object has no attribute 'timed_out_until'
Ignoring exception in on_member_update
Traceback (most recent call last):
  File "/usr/local/lib/python3.12/site-packages/discord/client.py", line 465, in _run_event
    await coro(*args, **kwargs)
  File "/app/asu_discord/cogs/analytics.py", line 652, in on_member_update
    before_timeout = before.timed_out_until
                     ^^^^^^^^^^^^^^^^^^^^^^
AttributeError: 'Member' object has no attribute 'timed_out_until'
Ignoring exception in on_member_update
Traceback (most recent call last):
  File "/usr/local/lib/python3.12/site-packages/discord/client.py", line 465, in _run_event
    await coro(*args, **kwargs)
  File "/app/asu_discord/cogs/analytics.py", line 652, in on_member_update
    before_timeout = before.timed_out_until
                     ^^^^^^^^^^^^^^^^^^^^^^
AttributeError: 'Member' object has no attribute 'timed_out_until'
Ignoring exception in on_member_update
Traceback (most recent call last):
  File "/usr/local/lib/python3.12/site-packages/discord/client.py", line 465, in _run_event
    await coro(*args, **kwargs)
  File "/app/asu_discord/cogs/analytics.py", line 652, in on_member_update
    before_timeout = before.timed_out_until
                     ^^^^^^^^^^^^^^^^^^^^^^
AttributeError: 'Member' object has no attribute 'timed_out_until'
Ignoring exception in on_member_update
Traceback (most recent call last):
  File "/usr/local/lib/python3.12/site-packages/discord/client.py", line 465, in _run_event
    await coro(*args, **kwargs)
  File "/app/asu_discord/cogs/analytics.py", line 652, in on_member_update
    before_timeout = before.timed_out_until
                     ^^^^^^^^^^^^^^^^^^^^^^
AttributeError: 'Member' object has no attribute 'timed_out_until'
Ignoring exception in on_member_update
Traceback (most recent call last):
  File "/usr/local/lib/python3.12/site-packages/discord/client.py", line 465, in _run_event
    await coro(*args, **kwargs)
  File "/app/asu_discord/cogs/analytics.py", line 652, in on_member_update
    before_timeout = before.timed_out_until
                     ^^^^^^^^^^^^^^^^^^^^^^
AttributeError: 'Member' object has no attribute 'timed_out_until'
Ignoring exception in on_member_update
Traceback (most recent call last):
  File "/usr/local/lib/python3.12/site-packages/discord/client.py", line 465, in _run_event
    await coro(*args, **kwargs)
  File "/app/asu_discord/cogs/analytics.py", line 652, in on_member_update
    before_timeout = before.timed_out_until
                     ^^^^^^^^^^^^^^^^^^^^^^
AttributeError: 'Member' object has no attribute 'timed_out_until'
Ignoring exception in on_member_update
Traceback (most recent call last):
  File "/usr/local/lib/python3.12/site-packages/discord/client.py", line 465, in _run_event
    await coro(*args, **kwargs)
  File "/app/asu_discord/cogs/analytics.py", line 652, in on_member_update
    before_timeout = before.timed_out_until
                     ^^^^^^^^^^^^^^^^^^^^^^
AttributeError: 'Member' object has no attribute 'timed_out_until'
Ignoring exception in on_member_update
Traceback (most recent call last):
  File "/usr/local/lib/python3.12/site-packages/discord/client.py", line 465, in _run_event
    await coro(*args, **kwargs)
  File "/app/asu_discord/cogs/analytics.py", line 652, in on_member_update
    before_timeout = before.timed_out_until
                     ^^^^^^^^^^^^^^^^^^^^^^
AttributeError: 'Member' object has no attribute 'timed_out_until'
Ignoring exception in on_member_update
Traceback (most recent call last):
  File "/usr/local/lib/python3.12/site-packages/discord/client.py", line 465, in _run_event
    await coro(*args, **kwargs)
  File "/app/asu_discord/cogs/analytics.py", line 652, in on_member_update
    before_timeout = before.timed_out_until
                     ^^^^^^^^^^^^^^^^^^^^^^
AttributeError: 'Member' object has no attribute 'timed_out_until'
INFO:asu_discord.cogs.verification:Saved 5 roles to database for user darobi19 (Discord ID: 775506410519527465)
INFO:asu_discord.cogs.verification:Refreshed Salesforce roles for Discord user 775506410519527465: -5/+5 roles, assigned=[Arizona Resident, Commited, First Year, Tempe, W.P. Carey School of Business]
Ignoring exception in on_member_update
Traceback (most recent call last):
  File "/usr/local/lib/python3.12/site-packages/discord/client.py", line 465, in _run_event
    await coro(*args, **kwargs)
  File "/app/asu_discord/cogs/analytics.py", line 652, in on_member_update
    before_timeout = before.timed_out_until
                     ^^^^^^^^^^^^^^^^^^^^^^
AttributeError: 'Member' object has no attribute 'timed_out_until'
Ignoring exception in on_member_update
Traceback (most recent call last):
  File "/usr/local/lib/python3.12/site-packages/discord/client.py", line 465, in _run_event
    await coro(*args, **kwargs)
  File "/app/asu_discord/cogs/analytics.py", line 652, in on_member_update
    before_timeout = before.timed_out_until
                     ^^^^^^^^^^^^^^^^^^^^^^
AttributeError: 'Member' object has no attribute 'timed_out_until'
Ignoring exception in on_member_update
Traceback (most recent call last):
  File "/usr/local/lib/python3.12/site-packages/discord/client.py", line 465, in _run_event
    await coro(*args, **kwargs)
  File "/app/asu_discord/cogs/analytics.py", line 652, in on_member_update
    before_timeout = before.timed_out_until
                     ^^^^^^^^^^^^^^^^^^^^^^
AttributeError: 'Member' object has no attribute 'timed_out_until'
Ignoring exception in on_member_update
Traceback (most recent call last):
  File "/usr/local/lib/python3.12/site-packages/discord/client.py", line 465, in _run_event
    await coro(*args, **kwargs)
  File "/app/asu_discord/cogs/analytics.py", line 652, in on_member_update
    before_timeout = before.timed_out_until
                     ^^^^^^^^^^^^^^^^^^^^^^
AttributeError: 'Member' object has no attribute 'timed_out_until'
Ignoring exception in on_member_update
Traceback (most recent call last):
  File "/usr/local/lib/python3.12/site-packages/discord/client.py", line 465, in _run_event
    await coro(*args, **kwargs)
  File "/app/asu_discord/cogs/analytics.py", line 652, in on_member_update
    before_timeout = before.timed_out_until
                     ^^^^^^^^^^^^^^^^^^^^^^
AttributeError: 'Member' object has no attribute 'timed_out_until'
Ignoring exception in on_member_update
Traceback (most recent call last):
  File "/usr/local/lib/python3.12/site-packages/discord/client.py", line 465, in _run_event
    await coro(*args, **kwargs)
  File "/app/asu_discord/cogs/analytics.py", line 652, in on_member_update
    before_timeout = before.timed_out_until
                     ^^^^^^^^^^^^^^^^^^^^^^
AttributeError: 'Member' object has no attribute 'timed_out_until'
Ignoring exception in on_member_update
Traceback (most recent call last):
  File "/usr/local/lib/python3.12/site-packages/discord/client.py", line 465, in _run_event
    await coro(*args, **kwargs)
  File "/app/asu_discord/cogs/analytics.py", line 652, in on_member_update
    before_timeout = before.timed_out_until
                     ^^^^^^^^^^^^^^^^^^^^^^
AttributeError: 'Member' object has no attribute 'timed_out_until'
Ignoring exception in on_member_update
Traceback (most recent call last):
  File "/usr/local/lib/python3.12/site-packages/discord/client.py", line 465, in _run_event
    await coro(*args, **kwargs)
  File "/app/asu_discord/cogs/analytics.py", line 652, in on_member_update
    before_timeout = before.timed_out_until
                     ^^^^^^^^^^^^^^^^^^^^^^
AttributeError: 'Member' object has no attribute 'timed_out_until'
Ignoring exception in on_member_update
Traceback (most recent call last):
  File "/usr/local/lib/python3.12/site-packages/discord/client.py", line 465, in _run_event
    await coro(*args, **kwargs)
  File "/app/asu_discord/cogs/analytics.py", line 652, in on_member_update
    before_timeout = before.timed_out_until
                     ^^^^^^^^^^^^^^^^^^^^^^
AttributeError: 'Member' object has no attribute 'timed_out_until'
Ignoring exception in on_member_update
Traceback (most recent call last):
  File "/usr/local/lib/python3.12/site-packages/discord/client.py", line 465, in _run_event
    await coro(*args, **kwargs)
  File "/app/asu_discord/cogs/analytics.py", line 652, in on_member_update
    before_timeout = before.timed_out_until
                     ^^^^^^^^^^^^^^^^^^^^^^
AttributeError: 'Member' object has no attribute 'timed_out_until'
Ignoring exception in on_member_update
Traceback (most recent call last):
  File "/usr/local/lib/python3.12/site-packages/discord/client.py", line 465, in _run_event
    await coro(*args, **kwargs)
  File "/app/asu_discord/cogs/analytics.py", line 652, in on_member_update
    before_timeout = before.timed_out_until
                     ^^^^^^^^^^^^^^^^^^^^^^
AttributeError: 'Member' object has no attribute 'timed_out_until'
Ignoring exception in on_member_update
Traceback (most recent call last):
  File "/usr/local/lib/python3.12/site-packages/discord/client.py", line 465, in _run_event
    await coro(*args, **kwargs)
  File "/app/asu_discord/cogs/analytics.py", line 652, in on_member_update
    before_timeout = before.timed_out_until
                     ^^^^^^^^^^^^^^^^^^^^^^
AttributeError: 'Member' object has no attribute 'timed_out_until'
INFO:asu_discord.cogs.verification:Saved 7 roles to database for user kdjohn30 (Discord ID: 105824813288800256)
INFO:asu_discord.cogs.verification:Refreshed Salesforce roles for Discord user 105824813288800256: -5/+7 roles, assigned=[Arizona Resident, Commited, First Generation Student, Graduate Student, Herberger Institute for Design and the Arts, Ira A. Fulton Schools of Engineering, Tempe]
Ignoring exception in on_member_update
Traceback (most recent call last):
  File "/usr/local/lib/python3.12/site-packages/discord/client.py", line 465, in _run_event
    await coro(*args, **kwargs)
  File "/app/asu_discord/cogs/analytics.py", line 652, in on_member_update
    before_timeout = before.timed_out_until
                     ^^^^^^^^^^^^^^^^^^^^^^
AttributeError: 'Member' object has no attribute 'timed_out_until'
Ignoring exception in on_member_update
Traceback (most recent call last):
  File "/usr/local/lib/python3.12/site-packages/discord/client.py", line 465, in _run_event
    await coro(*args, **kwargs)
  File "/app/asu_discord/cogs/analytics.py", line 652, in on_member_update
    before_timeout = before.timed_out_until
                     ^^^^^^^^^^^^^^^^^^^^^^
AttributeError: 'Member' object has no attribute 'timed_out_until'
Ignoring exception in on_member_update
Traceback (most recent call last):
  File "/usr/local/lib/python3.12/site-packages/discord/client.py", line 465, in _run_event
    await coro(*args, **kwargs)
  File "/app/asu_discord/cogs/analytics.py", line 652, in on_member_update
    before_timeout = before.timed_out_until
                     ^^^^^^^^^^^^^^^^^^^^^^
AttributeError: 'Member' object has no attribute 'timed_out_until'
Ignoring exception in on_member_update
Traceback (most recent call last):
  File "/usr/local/lib/python3.12/site-packages/discord/client.py", line 465, in _run_event
    await coro(*args, **kwargs)
  File "/app/asu_discord/cogs/analytics.py", line 652, in on_member_update
    before_timeout = before.timed_out_until
                     ^^^^^^^^^^^^^^^^^^^^^^
AttributeError: 'Member' object has no attribute 'timed_out_until'
Ignoring exception in on_member_update
Traceback (most recent call last):
  File "/usr/local/lib/python3.12/site-packages/discord/client.py", line 465, in _run_event
    await coro(*args, **kwargs)
  File "/app/asu_discord/cogs/analytics.py", line 652, in on_member_update
    before_timeout = before.timed_out_until
                     ^^^^^^^^^^^^^^^^^^^^^^
AttributeError: 'Member' object has no attribute 'timed_out_until'
Ignoring exception in on_member_update
Traceback (most recent call last):
  File "/usr/local/lib/python3.12/site-packages/discord/client.py", line 465, in _run_event
    await coro(*args, **kwargs)
  File "/app/asu_discord/cogs/analytics.py", line 652, in on_member_update
    before_timeout = before.timed_out_until
                     ^^^^^^^^^^^^^^^^^^^^^^
AttributeError: 'Member' object has no attribute 'timed_out_until'
Ignoring exception in on_member_update
Traceback (most recent call last):
  File "/usr/local/lib/python3.12/site-packages/discord/client.py", line 465, in _run_event
    await coro(*args, **kwargs)
  File "/app/asu_discord/cogs/analytics.py", line 652, in on_member_update
    before_timeout = before.timed_out_until
                     ^^^^^^^^^^^^^^^^^^^^^^
AttributeError: 'Member' object has no attribute 'timed_out_until'
Ignoring exception in on_member_update
Traceback (most recent call last):
  File "/usr/local/lib/python3.12/site-packages/discord/client.py", line 465, in _run_event
    await coro(*args, **kwargs)
  File "/app/asu_discord/cogs/analytics.py", line 652, in on_member_update
    before_timeout = before.timed_out_until
                     ^^^^^^^^^^^^^^^^^^^^^^
AttributeError: 'Member' object has no attribute 'timed_out_until'
Ignoring exception in on_member_update
Traceback (most recent call last):
  File "/usr/local/lib/python3.12/site-packages/discord/client.py", line 465, in _run_event
    await coro(*args, **kwargs)
  File "/app/asu_discord/cogs/analytics.py", line 652, in on_member_update
    before_timeout = before.timed_out_until
                     ^^^^^^^^^^^^^^^^^^^^^^
AttributeError: 'Member' object has no attribute 'timed_out_until'
Ignoring exception in on_member_update
Traceback (most recent call last):
  File "/usr/local/lib/python3.12/site-packages/discord/client.py", line 465, in _run_event
    await coro(*args, **kwargs)
  File "/app/asu_discord/cogs/analytics.py", line 652, in on_member_update
    before_timeout = before.timed_out_until
                     ^^^^^^^^^^^^^^^^^^^^^^
AttributeError: 'Member' object has no attribute 'timed_out_until'
INFO:asu_discord.cogs.verification:Saved 5 roles to database for user psheta12 (Discord ID: 444918462318510082)
INFO:asu_discord.cogs.verification:Refreshed Salesforce roles for Discord user 444918462318510082: -5/+5 roles, assigned=[Commited, Graduate Student, International Student, Ira A. Fulton Schools of Engineering, Tempe]
Ignoring exception in on_member_update
Traceback (most recent call last):
  File "/usr/local/lib/python3.12/site-packages/discord/client.py", line 465, in _run_event
    await coro(*args, **kwargs)
  File "/app/asu_discord/cogs/analytics.py", line 652, in on_member_update
    before_timeout = before.timed_out_until
                     ^^^^^^^^^^^^^^^^^^^^^^
AttributeError: 'Member' object has no attribute 'timed_out_until'
Ignoring exception in on_member_update
Traceback (most recent call last):
  File "/usr/local/lib/python3.12/site-packages/discord/client.py", line 465, in _run_event
    await coro(*args, **kwargs)
  File "/app/asu_discord/cogs/analytics.py", line 652, in on_member_update
    before_timeout = before.timed_out_until
                     ^^^^^^^^^^^^^^^^^^^^^^
AttributeError: 'Member' object has no attribute 'timed_out_until'
Ignoring exception in on_member_update
Traceback (most recent call last):
  File "/usr/local/lib/python3.12/site-packages/discord/client.py", line 465, in _run_event
    await coro(*args, **kwargs)
  File "/app/asu_discord/cogs/analytics.py", line 652, in on_member_update
    before_timeout = before.timed_out_until
                     ^^^^^^^^^^^^^^^^^^^^^^
AttributeError: 'Member' object has no attribute 'timed_out_until'
Ignoring exception in on_member_update
Traceback (most recent call last):
  File "/usr/local/lib/python3.12/site-packages/discord/client.py", line 465, in _run_event
    await coro(*args, **kwargs)
  File "/app/asu_discord/cogs/analytics.py", line 652, in on_member_update
    before_timeout = before.timed_out_until
                     ^^^^^^^^^^^^^^^^^^^^^^
AttributeError: 'Member' object has no attribute 'timed_out_until'
Ignoring exception in on_member_update
Traceback (most recent call last):
  File "/usr/local/lib/python3.12/site-packages/discord/client.py", line 465, in _run_event
    await coro(*args, **kwargs)
  File "/app/asu_discord/cogs/analytics.py", line 652, in on_member_update
    before_timeout = before.timed_out_until
                     ^^^^^^^^^^^^^^^^^^^^^^
AttributeError: 'Member' object has no attribute 'timed_out_until'
Ignoring exception in on_member_update
Traceback (most recent call last):
  File "/usr/local/lib/python3.12/site-packages/discord/client.py", line 465, in _run_event
    await coro(*args, **kwargs)
  File "/app/asu_discord/cogs/analytics.py", line 652, in on_member_update
    before_timeout = before.timed_out_until
                     ^^^^^^^^^^^^^^^^^^^^^^
AttributeError: 'Member' object has no attribute 'timed_out_until'
Ignoring exception in on_member_update
Traceback (most recent call last):
  File "/usr/local/lib/python3.12/site-packages/discord/client.py", line 465, in _run_event
    await coro(*args, **kwargs)
  File "/app/asu_discord/cogs/analytics.py", line 652, in on_member_update
    before_timeout = before.timed_out_until
                     ^^^^^^^^^^^^^^^^^^^^^^
AttributeError: 'Member' object has no attribute 'timed_out_until'
Ignoring exception in on_member_update
Traceback (most recent call last):
  File "/usr/local/lib/python3.12/site-packages/discord/client.py", line 465, in _run_event
    await coro(*args, **kwargs)
  File "/app/asu_discord/cogs/analytics.py", line 652, in on_member_update
    before_timeout = before.timed_out_until
                     ^^^^^^^^^^^^^^^^^^^^^^
AttributeError: 'Member' object has no attribute 'timed_out_until'
INFO:asu_discord.cogs.verification:Saved 4 roles to database for user ahaapala (Discord ID: 986124649136021564)
INFO:asu_discord.cogs.verification:Refreshed Salesforce roles for Discord user 986124649136021564: -4/+4 roles, assigned=[Arizona Resident, First Year, Herberger Institute for Design and the Arts, Tempe]
INFO:asu_discord.salesforce:No Salesforce opportunities found for lneypes
INFO:cron.jobs:refresh_salesforce_roles: skipping lneypes: no profile returned
Ignoring exception in on_member_update
Traceback (most recent call last):
  File "/usr/local/lib/python3.12/site-packages/discord/client.py", line 465, in _run_event
    await coro(*args, **kwargs)
  File "/app/asu_discord/cogs/analytics.py", line 652, in on_member_update
    before_timeout = before.timed_out_until
                     ^^^^^^^^^^^^^^^^^^^^^^
AttributeError: 'Member' object has no attribute 'timed_out_until'
Ignoring exception in on_member_update
Traceback (most recent call last):
  File "/usr/local/lib/python3.12/site-packages/discord/client.py", line 465, in _run_event
    await coro(*args, **kwargs)
  File "/app/asu_discord/cogs/analytics.py", line 652, in on_member_update
    before_timeout = before.timed_out_until
                     ^^^^^^^^^^^^^^^^^^^^^^
AttributeError: 'Member' object has no attribute 'timed_out_until'
Ignoring exception in on_member_update
Traceback (most recent call last):
  File "/usr/local/lib/python3.12/site-packages/discord/client.py", line 465, in _run_event
    await coro(*args, **kwargs)
  File "/app/asu_discord/cogs/analytics.py", line 652, in on_member_update
    before_timeout = before.timed_out_until
                     ^^^^^^^^^^^^^^^^^^^^^^
AttributeError: 'Member' object has no attribute 'timed_out_until'
Ignoring exception in on_member_update
Traceback (most recent call last):
  File "/usr/local/lib/python3.12/site-packages/discord/client.py", line 465, in _run_event
    await coro(*args, **kwargs)
  File "/app/asu_discord/cogs/analytics.py", line 652, in on_member_update
    before_timeout = before.timed_out_until
                     ^^^^^^^^^^^^^^^^^^^^^^
AttributeError: 'Member' object has no attribute 'timed_out_until'
Ignoring exception in on_member_update
Traceback (most recent call last):
  File "/usr/local/lib/python3.12/site-packages/discord/client.py", line 465, in _run_event
    await coro(*args, **kwargs)
  File "/app/asu_discord/cogs/analytics.py", line 652, in on_member_update
    before_timeout = before.timed_out_until
                     ^^^^^^^^^^^^^^^^^^^^^^
AttributeError: 'Member' object has no attribute 'timed_out_until'
Ignoring exception in on_member_update
Traceback (most recent call last):
  File "/usr/local/lib/python3.12/site-packages/discord/client.py", line 465, in _run_event
    await coro(*args, **kwargs)
  File "/app/asu_discord/cogs/analytics.py", line 652, in on_member_update
    before_timeout = before.timed_out_until
                     ^^^^^^^^^^^^^^^^^^^^^^
AttributeError: 'Member' object has no attribute 'timed_out_until'
Ignoring exception in on_member_update
Traceback (most recent call last):
  File "/usr/local/lib/python3.12/site-packages/discord/client.py", line 465, in _run_event
    await coro(*args, **kwargs)
  File "/app/asu_discord/cogs/analytics.py", line 652, in on_member_update
    before_timeout = before.timed_out_until
                     ^^^^^^^^^^^^^^^^^^^^^^
AttributeError: 'Member' object has no attribute 'timed_out_until'
Ignoring exception in on_member_update
Traceback (most recent call last):
  File "/usr/local/lib/python3.12/site-packages/discord/client.py", line 465, in _run_event
    await coro(*args, **kwargs)
  File "/app/asu_discord/cogs/analytics.py", line 652, in on_member_update
    before_timeout = before.timed_out_until
                     ^^^^^^^^^^^^^^^^^^^^^^
AttributeError: 'Member' object has no attribute 'timed_out_until'
Ignoring exception in on_member_update
Traceback (most recent call last):
  File "/usr/local/lib/python3.12/site-packages/discord/client.py", line 465, in _run_event
    await coro(*args, **kwargs)
  File "/app/asu_discord/cogs/analytics.py", line 652, in on_member_update
    before_timeout = before.timed_out_until
                     ^^^^^^^^^^^^^^^^^^^^^^
AttributeError: 'Member' object has no attribute 'timed_out_until'
INFO:asu_discord.cogs.verification:Saved 5 roles to database for user aabalsam (Discord ID: 771038429759799386)
INFO:asu_discord.cogs.verification:Refreshed Salesforce roles for Discord user 771038429759799386: -5/+4 roles, assigned=[Commited, First Year, Ira A. Fulton Schools of Engineering, Out of State, Tempe]
Ignoring exception in on_member_update
Traceback (most recent call last):
  File "/usr/local/lib/python3.12/site-packages/discord/client.py", line 465, in _run_event
    await coro(*args, **kwargs)
  File "/app/asu_discord/cogs/analytics.py", line 652, in on_member_update
    before_timeout = before.timed_out_until
                     ^^^^^^^^^^^^^^^^^^^^^^
AttributeError: 'Member' object has no attribute 'timed_out_until'
Ignoring exception in on_member_update
Traceback (most recent call last):
  File "/usr/local/lib/python3.12/site-packages/discord/client.py", line 465, in _run_event
    await coro(*args, **kwargs)
  File "/app/asu_discord/cogs/analytics.py", line 652, in on_member_update
    before_timeout = before.timed_out_until
                     ^^^^^^^^^^^^^^^^^^^^^^
AttributeError: 'Member' object has no attribute 'timed_out_until'
Ignoring exception in on_member_update
Traceback (most recent call last):
  File "/usr/local/lib/python3.12/site-packages/discord/client.py", line 465, in _run_event
    await coro(*args, **kwargs)
  File "/app/asu_discord/cogs/analytics.py", line 652, in on_member_update
    before_timeout = before.timed_out_until
                     ^^^^^^^^^^^^^^^^^^^^^^
AttributeError: 'Member' object has no attribute 'timed_out_until'
Ignoring exception in on_member_update
Traceback (most recent call last):
  File "/usr/local/lib/python3.12/site-packages/discord/client.py", line 465, in _run_event
    await coro(*args, **kwargs)
  File "/app/asu_discord/cogs/analytics.py", line 652, in on_member_update
    before_timeout = before.timed_out_until
                     ^^^^^^^^^^^^^^^^^^^^^^
AttributeError: 'Member' object has no attribute 'timed_out_until'
Ignoring exception in on_member_update
Traceback (most recent call last):
  File "/usr/local/lib/python3.12/site-packages/discord/client.py", line 465, in _run_event
    await coro(*args, **kwargs)
  File "/app/asu_discord/cogs/analytics.py", line 652, in on_member_update
    before_timeout = before.timed_out_until
                     ^^^^^^^^^^^^^^^^^^^^^^
AttributeError: 'Member' object has no attribute 'timed_out_until'
Ignoring exception in on_member_update
Traceback (most recent call last):
  File "/usr/local/lib/python3.12/site-packages/discord/client.py", line 465, in _run_event
    await coro(*args, **kwargs)
  File "/app/asu_discord/cogs/analytics.py", line 652, in on_member_update
    before_timeout = before.timed_out_until
                     ^^^^^^^^^^^^^^^^^^^^^^
AttributeError: 'Member' object has no attribute 'timed_out_until'
Ignoring exception in on_member_update
Traceback (most recent call last):
  File "/usr/local/lib/python3.12/site-packages/discord/client.py", line 465, in _run_event
    await coro(*args, **kwargs)
  File "/app/asu_discord/cogs/analytics.py", line 652, in on_member_update
    before_timeout = before.timed_out_until
                     ^^^^^^^^^^^^^^^^^^^^^^
AttributeError: 'Member' object has no attribute 'timed_out_until'
Ignoring exception in on_member_update
Traceback (most recent call last):
  File "/usr/local/lib/python3.12/site-packages/discord/client.py", line 465, in _run_event
    await coro(*args, **kwargs)
  File "/app/asu_discord/cogs/analytics.py", line 652, in on_member_update
    before_timeout = before.timed_out_until
                     ^^^^^^^^^^^^^^^^^^^^^^
AttributeError: 'Member' object has no attribute 'timed_out_until'
Ignoring exception in on_member_update
Traceback (most recent call last):
  File "/usr/local/lib/python3.12/site-packages/discord/client.py", line 465, in _run_event
    await coro(*args, **kwargs)
  File "/app/asu_discord/cogs/analytics.py", line 652, in on_member_update
    before_timeout = before.timed_out_until
                     ^^^^^^^^^^^^^^^^^^^^^^
AttributeError: 'Member' object has no attribute 'timed_out_until'
Ignoring exception in on_member_update
Traceback (most recent call last):
  File "/usr/local/lib/python3.12/site-packages/discord/client.py", line 465, in _run_event
    await coro(*args, **kwargs)
  File "/app/asu_discord/cogs/analytics.py", line 652, in on_member_update
    before_timeout = before.timed_out_until
                     ^^^^^^^^^^^^^^^^^^^^^^
AttributeError: 'Member' object has no attribute 'timed_out_until'
INFO:asu_discord.cogs.verification:Saved 5 roles to database for user crhimes (Discord ID: 1500852443515191328)
INFO:asu_discord.cogs.verification:Refreshed Salesforce roles for Discord user 1500852443515191328: -5/+5 roles, assigned=[College of Health Solutions, Commited, Downtown Phoenix, First Year, Out of State]
Ignoring exception in on_member_update
Traceback (most recent call last):
  File "/usr/local/lib/python3.12/site-packages/discord/client.py", line 465, in _run_event
    await coro(*args, **kwargs)
  File "/app/asu_discord/cogs/analytics.py", line 652, in on_member_update
    before_timeout = before.timed_out_until
                     ^^^^^^^^^^^^^^^^^^^^^^
AttributeError: 'Member' object has no attribute 'timed_out_until'
Ignoring exception in on_member_update
Traceback (most recent call last):
  File "/usr/local/lib/python3.12/site-packages/discord/client.py", line 465, in _run_event
    await coro(*args, **kwargs)
  File "/app/asu_discord/cogs/analytics.py", line 652, in on_member_update
    before_timeout = before.timed_out_until
                     ^^^^^^^^^^^^^^^^^^^^^^
AttributeError: 'Member' object has no attribute 'timed_out_until'
Ignoring exception in on_member_update
Traceback (most recent call last):
  File "/usr/local/lib/python3.12/site-packages/discord/client.py", line 465, in _run_event
    await coro(*args, **kwargs)
  File "/app/asu_discord/cogs/analytics.py", line 652, in on_member_update
    before_timeout = before.timed_out_until
                     ^^^^^^^^^^^^^^^^^^^^^^
AttributeError: 'Member' object has no attribute 'timed_out_until'
Ignoring exception in on_member_update
Traceback (most recent call last):
  File "/usr/local/lib/python3.12/site-packages/discord/client.py", line 465, in _run_event
    await coro(*args, **kwargs)
  File "/app/asu_discord/cogs/analytics.py", line 652, in on_member_update
    before_timeout = before.timed_out_until
                     ^^^^^^^^^^^^^^^^^^^^^^
AttributeError: 'Member' object has no attribute 'timed_out_until'
Ignoring exception in on_member_update
Traceback (most recent call last):
  File "/usr/local/lib/python3.12/site-packages/discord/client.py", line 465, in _run_event
    await coro(*args, **kwargs)
  File "/app/asu_discord/cogs/analytics.py", line 652, in on_member_update
    before_timeout = before.timed_out_until
                     ^^^^^^^^^^^^^^^^^^^^^^
AttributeError: 'Member' object has no attribute 'timed_out_until'
Ignoring exception in on_member_update
Traceback (most recent call last):
  File "/usr/local/lib/python3.12/site-packages/discord/client.py", line 465, in _run_event
    await coro(*args, **kwargs)
  File "/app/asu_discord/cogs/analytics.py", line 652, in on_member_update
    before_timeout = before.timed_out_until
                     ^^^^^^^^^^^^^^^^^^^^^^
AttributeError: 'Member' object has no attribute 'timed_out_until'
Ignoring exception in on_member_update
Traceback (most recent call last):
  File "/usr/local/lib/python3.12/site-packages/discord/client.py", line 465, in _run_event
    await coro(*args, **kwargs)
  File "/app/asu_discord/cogs/analytics.py", line 652, in on_member_update
    before_timeout = before.timed_out_until
                     ^^^^^^^^^^^^^^^^^^^^^^
AttributeError: 'Member' object has no attribute 'timed_out_until'
Ignoring exception in on_member_update
Traceback (most recent call last):
  File "/usr/local/lib/python3.12/site-packages/discord/client.py", line 465, in _run_event
    await coro(*args, **kwargs)
  File "/app/asu_discord/cogs/analytics.py", line 652, in on_member_update
    before_timeout = before.timed_out_until
                     ^^^^^^^^^^^^^^^^^^^^^^
AttributeError: 'Member' object has no attribute 'timed_out_until'
Ignoring exception in on_member_update
Traceback (most recent call last):
  File "/usr/local/lib/python3.12/site-packages/discord/client.py", line 465, in _run_event
    await coro(*args, **kwargs)
  File "/app/asu_discord/cogs/analytics.py", line 652, in on_member_update
    before_timeout = before.timed_out_until
                     ^^^^^^^^^^^^^^^^^^^^^^
AttributeError: 'Member' object has no attribute 'timed_out_until'
Ignoring exception in on_member_update
Traceback (most recent call last):
  File "/usr/local/lib/python3.12/site-packages/discord/client.py", line 465, in _run_event
    await coro(*args, **kwargs)
  File "/app/asu_discord/cogs/analytics.py", line 652, in on_member_update
    before_timeout = before.timed_out_until
                     ^^^^^^^^^^^^^^^^^^^^^^
AttributeError: 'Member' object has no attribute 'timed_out_until'
INFO:asu_discord.cogs.verification:Saved 5 roles to database for user jndunbar (Discord ID: 1499067634988224694)
INFO:asu_discord.cogs.verification:Refreshed Salesforce roles for Discord user 1499067634988224694: -5/+5 roles, assigned=[Commited, Downtown Phoenix, Graduate Student, Out of State, Walter Cronkite School of Journalism and Mass Communication]
Ignoring exception in on_member_update
Traceback (most recent call last):
  File "/usr/local/lib/python3.12/site-packages/discord/client.py", line 465, in _run_event
    await coro(*args, **kwargs)
  File "/app/asu_discord/cogs/analytics.py", line 652, in on_member_update
    before_timeout = before.timed_out_until
                     ^^^^^^^^^^^^^^^^^^^^^^
AttributeError: 'Member' object has no attribute 'timed_out_until'
Ignoring exception in on_member_update
Traceback (most recent call last):
  File "/usr/local/lib/python3.12/site-packages/discord/client.py", line 465, in _run_event
    await coro(*args, **kwargs)
  File "/app/asu_discord/cogs/analytics.py", line 652, in on_member_update
    before_timeout = before.timed_out_until
                     ^^^^^^^^^^^^^^^^^^^^^^
AttributeError: 'Member' object has no attribute 'timed_out_until'
Ignoring exception in on_member_update
Traceback (most recent call last):
  File "/usr/local/lib/python3.12/site-packages/discord/client.py", line 465, in _run_event
    await coro(*args, **kwargs)
  File "/app/asu_discord/cogs/analytics.py", line 652, in on_member_update
    before_timeout = before.timed_out_until
                     ^^^^^^^^^^^^^^^^^^^^^^
AttributeError: 'Member' object has no attribute 'timed_out_until'
Ignoring exception in on_member_update
Traceback (most recent call last):
  File "/usr/local/lib/python3.12/site-packages/discord/client.py", line 465, in _run_event
    await coro(*args, **kwargs)
  File "/app/asu_discord/cogs/analytics.py", line 652, in on_member_update
    before_timeout = before.timed_out_until
                     ^^^^^^^^^^^^^^^^^^^^^^
AttributeError: 'Member' object has no attribute 'timed_out_until'
Ignoring exception in on_member_update
Traceback (most recent call last):
  File "/usr/local/lib/python3.12/site-packages/discord/client.py", line 465, in _run_event
    await coro(*args, **kwargs)
  File "/app/asu_discord/cogs/analytics.py", line 652, in on_member_update
    before_timeout = before.timed_out_until
                     ^^^^^^^^^^^^^^^^^^^^^^
AttributeError: 'Member' object has no attribute 'timed_out_until'
Ignoring exception in on_member_update
Traceback (most recent call last):
  File "/usr/local/lib/python3.12/site-packages/discord/client.py", line 465, in _run_event
    await coro(*args, **kwargs)
  File "/app/asu_discord/cogs/analytics.py", line 652, in on_member_update
    before_timeout = before.timed_out_until
                     ^^^^^^^^^^^^^^^^^^^^^^
AttributeError: 'Member' object has no attribute 'timed_out_until'
Ignoring exception in on_member_update
Traceback (most recent call last):
  File "/usr/local/lib/python3.12/site-packages/discord/client.py", line 465, in _run_event
    await coro(*args, **kwargs)
  File "/app/asu_discord/cogs/analytics.py", line 652, in on_member_update
    before_timeout = before.timed_out_until
                     ^^^^^^^^^^^^^^^^^^^^^^
AttributeError: 'Member' object has no attribute 'timed_out_until'
Ignoring exception in on_member_update
Traceback (most recent call last):
  File "/usr/local/lib/python3.12/site-packages/discord/client.py", line 465, in _run_event
    await coro(*args, **kwargs)
  File "/app/asu_discord/cogs/analytics.py", line 652, in on_member_update
    before_timeout = before.timed_out_until
                     ^^^^^^^^^^^^^^^^^^^^^^
AttributeError: 'Member' object has no attribute 'timed_out_until'
Ignoring exception in on_member_update
Traceback (most recent call last):
  File "/usr/local/lib/python3.12/site-packages/discord/client.py", line 465, in _run_event
    await coro(*args, **kwargs)
  File "/app/asu_discord/cogs/analytics.py", line 652, in on_member_update
    before_timeout = before.timed_out_until
                     ^^^^^^^^^^^^^^^^^^^^^^
AttributeError: 'Member' object has no attribute 'timed_out_until'
Ignoring exception in on_member_update
Traceback (most recent call last):
  File "/usr/local/lib/python3.12/site-packages/discord/client.py", line 465, in _run_event
    await coro(*args, **kwargs)
  File "/app/asu_discord/cogs/analytics.py", line 652, in on_member_update
    before_timeout = before.timed_out_until
                     ^^^^^^^^^^^^^^^^^^^^^^
AttributeError: 'Member' object has no attribute 'timed_out_until'
Ignoring exception in on_member_update
Traceback (most recent call last):
  File "/usr/local/lib/python3.12/site-packages/discord/client.py", line 465, in _run_event
    await coro(*args, **kwargs)
  File "/app/asu_discord/cogs/analytics.py", line 652, in on_member_update
    before_timeout = before.timed_out_until
                     ^^^^^^^^^^^^^^^^^^^^^^
AttributeError: 'Member' object has no attribute 'timed_out_until'
ERROR:cron.jobs:refresh_salesforce_roles: failed for dbattish (Discord ID 778991190783164436): Timed out refresh Salesforce-based roles
Ignoring exception in on_member_update
Traceback (most recent call last):
  File "/usr/local/lib/python3.12/site-packages/discord/client.py", line 465, in _run_event
    await coro(*args, **kwargs)
  File "/app/asu_discord/cogs/analytics.py", line 652, in on_member_update
    before_timeout = before.timed_out_until
                     ^^^^^^^^^^^^^^^^^^^^^^
AttributeError: 'Member' object has no attribute 'timed_out_until'
Ignoring exception in on_member_update
Traceback (most recent call last):
  File "/usr/local/lib/python3.12/site-packages/discord/client.py", line 465, in _run_event
    await coro(*args, **kwargs)
  File "/app/asu_discord/cogs/analytics.py", line 652, in on_member_update
    before_timeout = before.timed_out_until
                     ^^^^^^^^^^^^^^^^^^^^^^
AttributeError: 'Member' object has no attribute 'timed_out_until'
Ignoring exception in on_member_update
Traceback (most recent call last):
  File "/usr/local/lib/python3.12/site-packages/discord/client.py", line 465, in _run_event
    await coro(*args, **kwargs)
  File "/app/asu_discord/cogs/analytics.py", line 652, in on_member_update
    before_timeout = before.timed_out_until
                     ^^^^^^^^^^^^^^^^^^^^^^
AttributeError: 'Member' object has no attribute 'timed_out_until'
Ignoring exception in on_member_update
Traceback (most recent call last):
  File "/usr/local/lib/python3.12/site-packages/discord/client.py", line 465, in _run_event
    await coro(*args, **kwargs)
  File "/app/asu_discord/cogs/analytics.py", line 652, in on_member_update
    before_timeout = before.timed_out_until
                     ^^^^^^^^^^^^^^^^^^^^^^
AttributeError: 'Member' object has no attribute 'timed_out_until'
Ignoring exception in on_member_update
Traceback (most recent call last):
  File "/usr/local/lib/python3.12/site-packages/discord/client.py", line 465, in _run_event
    await coro(*args, **kwargs)
  File "/app/asu_discord/cogs/analytics.py", line 652, in on_member_update
    before_timeout = before.timed_out_until
                     ^^^^^^^^^^^^^^^^^^^^^^
AttributeError: 'Member' object has no attribute 'timed_out_until'
Ignoring exception in on_member_update
Traceback (most recent call last):
  File "/usr/local/lib/python3.12/site-packages/discord/client.py", line 465, in _run_event
    await coro(*args, **kwargs)
  File "/app/asu_discord/cogs/analytics.py", line 652, in on_member_update
    before_timeout = before.timed_out_until
                     ^^^^^^^^^^^^^^^^^^^^^^
AttributeError: 'Member' object has no attribute 'timed_out_until'
Ignoring exception in on_member_update
Traceback (most recent call last):
  File "/usr/local/lib/python3.12/site-packages/discord/client.py", line 465, in _run_event
    await coro(*args, **kwargs)
  File "/app/asu_discord/cogs/analytics.py", line 652, in on_member_update
    before_timeout = before.timed_out_until
                     ^^^^^^^^^^^^^^^^^^^^^^
AttributeError: 'Member' object has no attribute 'timed_out_until'
Ignoring exception in on_member_update
Traceback (most recent call last):
  File "/usr/local/lib/python3.12/site-packages/discord/client.py", line 465, in _run_event
    await coro(*args, **kwargs)
  File "/app/asu_discord/cogs/analytics.py", line 652, in on_member_update
    before_timeout = before.timed_out_until
                     ^^^^^^^^^^^^^^^^^^^^^^
AttributeError: 'Member' object has no attribute 'timed_out_until'
Ignoring exception in on_member_update
Traceback (most recent call last):
  File "/usr/local/lib/python3.12/site-packages/discord/client.py", line 465, in _run_event
    await coro(*args, **kwargs)
  File "/app/asu_discord/cogs/analytics.py", line 652, in on_member_update
    before_timeout = before.timed_out_until
                     ^^^^^^^^^^^^^^^^^^^^^^
AttributeError: 'Member' object has no attribute 'timed_out_until'
Ignoring exception in on_member_update
Traceback (most recent call last):
  File "/usr/local/lib/python3.12/site-packages/discord/client.py", line 465, in _run_event
    await coro(*args, **kwargs)
  File "/app/asu_discord/cogs/analytics.py", line 652, in on_member_update
    before_timeout = before.timed_out_until
                     ^^^^^^^^^^^^^^^^^^^^^^
AttributeError: 'Member' object has no attribute 'timed_out_until'
INFO:asu_discord.cogs.verification:Saved 5 roles to database for user faboobuc (Discord ID: 754024642276229120)
INFO:asu_discord.cogs.verification:Refreshed Salesforce roles for Discord user 754024642276229120: -5/+5 roles, assigned=[Arizona Resident, College of Liberal Arts and Sciences, Commited, First Year, Tempe]
Ignoring exception in on_member_update
Traceback (most recent call last):
  File "/usr/local/lib/python3.12/site-packages/discord/client.py", line 465, in _run_event
    await coro(*args, **kwargs)
  File "/app/asu_discord/cogs/analytics.py", line 652, in on_member_update
    before_timeout = before.timed_out_until
                     ^^^^^^^^^^^^^^^^^^^^^^
AttributeError: 'Member' object has no attribute 'timed_out_until'
Ignoring exception in on_member_update
Traceback (most recent call last):
  File "/usr/local/lib/python3.12/site-packages/discord/client.py", line 465, in _run_event
    await coro(*args, **kwargs)
  File "/app/asu_discord/cogs/analytics.py", line 652, in on_member_update
    before_timeout = before.timed_out_until
                     ^^^^^^^^^^^^^^^^^^^^^^
AttributeError: 'Member' object has no attribute 'timed_out_until'
Ignoring exception in on_member_update
Traceback (most recent call last):
  File "/usr/local/lib/python3.12/site-packages/discord/client.py", line 465, in _run_event
    await coro(*args, **kwargs)
  File "/app/asu_discord/cogs/analytics.py", line 652, in on_member_update
    before_timeout = before.timed_out_until
                     ^^^^^^^^^^^^^^^^^^^^^^
AttributeError: 'Member' object has no attribute 'timed_out_until'
Ignoring exception in on_member_update
Traceback (most recent call last):
  File "/usr/local/lib/python3.12/site-packages/discord/client.py", line 465, in _run_event
    await coro(*args, **kwargs)
  File "/app/asu_discord/cogs/analytics.py", line 652, in on_member_update
    before_timeout = before.timed_out_until
                     ^^^^^^^^^^^^^^^^^^^^^^
AttributeError: 'Member' object has no attribute 'timed_out_until'
Ignoring exception in on_member_update
Traceback (most recent call last):
  File "/usr/local/lib/python3.12/site-packages/discord/client.py", line 465, in _run_event
    await coro(*args, **kwargs)
  File "/app/asu_discord/cogs/analytics.py", line 652, in on_member_update
    before_timeout = before.timed_out_until
                     ^^^^^^^^^^^^^^^^^^^^^^
AttributeError: 'Member' object has no attribute 'timed_out_until'
Ignoring exception in on_member_update
Traceback (most recent call last):
  File "/usr/local/lib/python3.12/site-packages/discord/client.py", line 465, in _run_event
    await coro(*args, **kwargs)
  File "/app/asu_discord/cogs/analytics.py", line 652, in on_member_update
    before_timeout = before.timed_out_until
                     ^^^^^^^^^^^^^^^^^^^^^^
AttributeError: 'Member' object has no attribute 'timed_out_until'
Ignoring exception in on_member_update
Traceback (most recent call last):
  File "/usr/local/lib/python3.12/site-packages/discord/client.py", line 465, in _run_event
    await coro(*args, **kwargs)
  File "/app/asu_discord/cogs/analytics.py", line 652, in on_member_update
    before_timeout = before.timed_out_until
                     ^^^^^^^^^^^^^^^^^^^^^^
AttributeError: 'Member' object has no attribute 'timed_out_until'
Ignoring exception in on_member_update
Traceback (most recent call last):
  File "/usr/local/lib/python3.12/site-packages/discord/client.py", line 465, in _run_event
    await coro(*args, **kwargs)
  File "/app/asu_discord/cogs/analytics.py", line 652, in on_member_update
    before_timeout = before.timed_out_until
                     ^^^^^^^^^^^^^^^^^^^^^^
AttributeError: 'Member' object has no attribute 'timed_out_until'
Ignoring exception in on_member_update
Traceback (most recent call last):
  File "/usr/local/lib/python3.12/site-packages/discord/client.py", line 465, in _run_event
    await coro(*args, **kwargs)
  File "/app/asu_discord/cogs/analytics.py", line 652, in on_member_update
    before_timeout = before.timed_out_until
                     ^^^^^^^^^^^^^^^^^^^^^^
AttributeError: 'Member' object has no attribute 'timed_out_until'
Ignoring exception in on_member_update
Traceback (most recent call last):
  File "/usr/local/lib/python3.12/site-packages/discord/client.py", line 465, in _run_event
    await coro(*args, **kwargs)
  File "/app/asu_discord/cogs/analytics.py", line 652, in on_member_update
    before_timeout = before.timed_out_until
                     ^^^^^^^^^^^^^^^^^^^^^^
AttributeError: 'Member' object has no attribute 'timed_out_until'
INFO:asu_discord.cogs.verification:Saved 5 roles to database for user ahern450 (Discord ID: 1071281430715449444)
INFO:asu_discord.cogs.verification:Refreshed Salesforce roles for Discord user 1071281430715449444: -5/+5 roles, assigned=[Arizona Resident, Commited, First Year, Tempe, W.P. Carey School of Business]
Ignoring exception in on_member_update
Traceback (most recent call last):
  File "/usr/local/lib/python3.12/site-packages/discord/client.py", line 465, in _run_event
    await coro(*args, **kwargs)
  File "/app/asu_discord/cogs/analytics.py", line 652, in on_member_update
    before_timeout = before.timed_out_until
                     ^^^^^^^^^^^^^^^^^^^^^^
AttributeError: 'Member' object has no attribute 'timed_out_until'
Ignoring exception in on_member_update
Traceback (most recent call last):
  File "/usr/local/lib/python3.12/site-packages/discord/client.py", line 465, in _run_event
    await coro(*args, **kwargs)
  File "/app/asu_discord/cogs/analytics.py", line 652, in on_member_update
    before_timeout = before.timed_out_until
                     ^^^^^^^^^^^^^^^^^^^^^^
AttributeError: 'Member' object has no attribute 'timed_out_until'
Ignoring exception in on_member_update
Traceback (most recent call last):
  File "/usr/local/lib/python3.12/site-packages/discord/client.py", line 465, in _run_event
    await coro(*args, **kwargs)
  File "/app/asu_discord/cogs/analytics.py", line 652, in on_member_update
    before_timeout = before.timed_out_until
                     ^^^^^^^^^^^^^^^^^^^^^^
AttributeError: 'Member' object has no attribute 'timed_out_until'
Ignoring exception in on_member_update
Traceback (most recent call last):
  File "/usr/local/lib/python3.12/site-packages/discord/client.py", line 465, in _run_event
    await coro(*args, **kwargs)
  File "/app/asu_discord/cogs/analytics.py", line 652, in on_member_update
    before_timeout = before.timed_out_until
                     ^^^^^^^^^^^^^^^^^^^^^^
AttributeError: 'Member' object has no attribute 'timed_out_until'
Ignoring exception in on_member_update
Traceback (most recent call last):
  File "/usr/local/lib/python3.12/site-packages/discord/client.py", line 465, in _run_event
    await coro(*args, **kwargs)
  File "/app/asu_discord/cogs/analytics.py", line 652, in on_member_update
    before_timeout = before.timed_out_until
                     ^^^^^^^^^^^^^^^^^^^^^^
AttributeError: 'Member' object has no attribute 'timed_out_until'
Ignoring exception in on_member_update
Traceback (most recent call last):
  File "/usr/local/lib/python3.12/site-packages/discord/client.py", line 465, in _run_event
    await coro(*args, **kwargs)
  File "/app/asu_discord/cogs/analytics.py", line 652, in on_member_update
    before_timeout = before.timed_out_until
                     ^^^^^^^^^^^^^^^^^^^^^^
AttributeError: 'Member' object has no attribute 'timed_out_until'
Ignoring exception in on_member_update
Traceback (most recent call last):
  File "/usr/local/lib/python3.12/site-packages/discord/client.py", line 465, in _run_event
    await coro(*args, **kwargs)
  File "/app/asu_discord/cogs/analytics.py", line 652, in on_member_update
    before_timeout = before.timed_out_until
                     ^^^^^^^^^^^^^^^^^^^^^^
AttributeError: 'Member' object has no attribute 'timed_out_until'
Ignoring exception in on_member_update
Traceback (most recent call last):
  File "/usr/local/lib/python3.12/site-packages/discord/client.py", line 465, in _run_event
    await coro(*args, **kwargs)
  File "/app/asu_discord/cogs/analytics.py", line 652, in on_member_update
    before_timeout = before.timed_out_until
                     ^^^^^^^^^^^^^^^^^^^^^^
AttributeError: 'Member' object has no attribute 'timed_out_until'
Ignoring exception in on_member_update
Traceback (most recent call last):
  File "/usr/local/lib/python3.12/site-packages/discord/client.py", line 465, in _run_event
    await coro(*args, **kwargs)
  File "/app/asu_discord/cogs/analytics.py", line 652, in on_member_update
    before_timeout = before.timed_out_until
                     ^^^^^^^^^^^^^^^^^^^^^^
AttributeError: 'Member' object has no attribute 'timed_out_until'
Ignoring exception in on_member_update
Traceback (most recent call last):
  File "/usr/local/lib/python3.12/site-packages/discord/client.py", line 465, in _run_event
    await coro(*args, **kwargs)
  File "/app/asu_discord/cogs/analytics.py", line 652, in on_member_update
    before_timeout = before.timed_out_until
                     ^^^^^^^^^^^^^^^^^^^^^^
AttributeError: 'Member' object has no attribute 'timed_out_until'
INFO:asu_discord.cogs.verification:Saved 5 roles to database for user vsardesh (Discord ID: 1198308156107931722)
INFO:asu_discord.cogs.verification:Refreshed Salesforce roles for Discord user 1198308156107931722: -5/+5 roles, assigned=[Commited, Graduate Student, International Student, Ira A. Fulton Schools of Engineering, Tempe]
Ignoring exception in on_member_update
Traceback (most recent call last):
  File "/usr/local/lib/python3.12/site-packages/discord/client.py", line 465, in _run_event
    await coro(*args, **kwargs)
  File "/app/asu_discord/cogs/analytics.py", line 652, in on_member_update
    before_timeout = before.timed_out_until
                     ^^^^^^^^^^^^^^^^^^^^^^
AttributeError: 'Member' object has no attribute 'timed_out_until'
Ignoring exception in on_member_update
Traceback (most recent call last):
  File "/usr/local/lib/python3.12/site-packages/discord/client.py", line 465, in _run_event
    await coro(*args, **kwargs)
  File "/app/asu_discord/cogs/analytics.py", line 652, in on_member_update
    before_timeout = before.timed_out_until
                     ^^^^^^^^^^^^^^^^^^^^^^
AttributeError: 'Member' object has no attribute 'timed_out_until'
Ignoring exception in on_member_update
Traceback (most recent call last):
  File "/usr/local/lib/python3.12/site-packages/discord/client.py", line 465, in _run_event
    await coro(*args, **kwargs)
  File "/app/asu_discord/cogs/analytics.py", line 652, in on_member_update
    before_timeout = before.timed_out_until
                     ^^^^^^^^^^^^^^^^^^^^^^
AttributeError: 'Member' object has no attribute 'timed_out_until'
Ignoring exception in on_member_update
Traceback (most recent call last):
  File "/usr/local/lib/python3.12/site-packages/discord/client.py", line 465, in _run_event
    await coro(*args, **kwargs)
  File "/app/asu_discord/cogs/analytics.py", line 652, in on_member_update
    before_timeout = before.timed_out_until
                     ^^^^^^^^^^^^^^^^^^^^^^
AttributeError: 'Member' object has no attribute 'timed_out_until'
Ignoring exception in on_member_update
Traceback (most recent call last):
  File "/usr/local/lib/python3.12/site-packages/discord/client.py", line 465, in _run_event
    await coro(*args, **kwargs)
  File "/app/asu_discord/cogs/analytics.py", line 652, in on_member_update
    before_timeout = before.timed_out_until
                     ^^^^^^^^^^^^^^^^^^^^^^
AttributeError: 'Member' object has no attribute 'timed_out_until'
Ignoring exception in on_member_update
Traceback (most recent call last):
  File "/usr/local/lib/python3.12/site-packages/discord/client.py", line 465, in _run_event
    await coro(*args, **kwargs)
  File "/app/asu_discord/cogs/analytics.py", line 652, in on_member_update
    before_timeout = before.timed_out_until
                     ^^^^^^^^^^^^^^^^^^^^^^
AttributeError: 'Member' object has no attribute 'timed_out_until'
Ignoring exception in on_member_update
Traceback (most recent call last):
  File "/usr/local/lib/python3.12/site-packages/discord/client.py", line 465, in _run_event
    await coro(*args, **kwargs)
  File "/app/asu_discord/cogs/analytics.py", line 652, in on_member_update
    before_timeout = before.timed_out_until
                     ^^^^^^^^^^^^^^^^^^^^^^
AttributeError: 'Member' object has no attribute 'timed_out_until'
Ignoring exception in on_member_update
Traceback (most recent call last):
  File "/usr/local/lib/python3.12/site-packages/discord/client.py", line 465, in _run_event
    await coro(*args, **kwargs)
  File "/app/asu_discord/cogs/analytics.py", line 652, in on_member_update
    before_timeout = before.timed_out_until
                     ^^^^^^^^^^^^^^^^^^^^^^
AttributeError: 'Member' object has no attribute 'timed_out_until'
INFO:asu_discord.cogs.verification:Saved 4 roles to database for user aharipr2 (Discord ID: 1500963500456017980)
INFO:asu_discord.cogs.verification:Refreshed Salesforce roles for Discord user 1500963500456017980: -4/+4 roles, assigned=[Graduate Student, International Student, Tempe, W.P. Carey School of Business]
Ignoring exception in on_member_update
Traceback (most recent call last):
  File "/usr/local/lib/python3.12/site-packages/discord/client.py", line 465, in _run_event
    await coro(*args, **kwargs)
  File "/app/asu_discord/cogs/analytics.py", line 652, in on_member_update
    before_timeout = before.timed_out_until
                     ^^^^^^^^^^^^^^^^^^^^^^
AttributeError: 'Member' object has no attribute 'timed_out_until'
Ignoring exception in on_member_update
Traceback (most recent call last):
  File "/usr/local/lib/python3.12/site-packages/discord/client.py", line 465, in _run_event
    await coro(*args, **kwargs)
  File "/app/asu_discord/cogs/analytics.py", line 652, in on_member_update
    before_timeout = before.timed_out_until
                     ^^^^^^^^^^^^^^^^^^^^^^
AttributeError: 'Member' object has no attribute 'timed_out_until'
Ignoring exception in on_member_update
Traceback (most recent call last):
  File "/usr/local/lib/python3.12/site-packages/discord/client.py", line 465, in _run_event
    await coro(*args, **kwargs)
  File "/app/asu_discord/cogs/analytics.py", line 652, in on_member_update
    before_timeout = before.timed_out_until
                     ^^^^^^^^^^^^^^^^^^^^^^
AttributeError: 'Member' object has no attribute 'timed_out_until'
Ignoring exception in on_member_update
Traceback (most recent call last):
  File "/usr/local/lib/python3.12/site-packages/discord/client.py", line 465, in _run_event
    await coro(*args, **kwargs)
  File "/app/asu_discord/cogs/analytics.py", line 652, in on_member_update
    before_timeout = before.timed_out_until
                     ^^^^^^^^^^^^^^^^^^^^^^
AttributeError: 'Member' object has no attribute 'timed_out_until'
Ignoring exception in on_member_update
Traceback (most recent call last):
  File "/usr/local/lib/python3.12/site-packages/discord/client.py", line 465, in _run_event
    await coro(*args, **kwargs)
  File "/app/asu_discord/cogs/analytics.py", line 652, in on_member_update
    before_timeout = before.timed_out_until
                     ^^^^^^^^^^^^^^^^^^^^^^
AttributeError: 'Member' object has no attribute 'timed_out_until'
Ignoring exception in on_member_update
Traceback (most recent call last):
  File "/usr/local/lib/python3.12/site-packages/discord/client.py", line 465, in _run_event
    await coro(*args, **kwargs)
  File "/app/asu_discord/cogs/analytics.py", line 652, in on_member_update
    before_timeout = before.timed_out_until
                     ^^^^^^^^^^^^^^^^^^^^^^
AttributeError: 'Member' object has no attribute 'timed_out_until'
Ignoring exception in on_member_update
Traceback (most recent call last):
  File "/usr/local/lib/python3.12/site-packages/discord/client.py", line 465, in _run_event
    await coro(*args, **kwargs)
  File "/app/asu_discord/cogs/analytics.py", line 652, in on_member_update
    before_timeout = before.timed_out_until
                     ^^^^^^^^^^^^^^^^^^^^^^
AttributeError: 'Member' object has no attribute 'timed_out_until'
Ignoring exception in on_member_update
Traceback (most recent call last):
  File "/usr/local/lib/python3.12/site-packages/discord/client.py", line 465, in _run_event
    await coro(*args, **kwargs)
  File "/app/asu_discord/cogs/analytics.py", line 652, in on_member_update
    before_timeout = before.timed_out_until
                     ^^^^^^^^^^^^^^^^^^^^^^
AttributeError: 'Member' object has no attribute 'timed_out_until'
Ignoring exception in on_member_update
Traceback (most recent call last):
  File "/usr/local/lib/python3.12/site-packages/discord/client.py", line 465, in _run_event
    await coro(*args, **kwargs)
  File "/app/asu_discord/cogs/analytics.py", line 652, in on_member_update
    before_timeout = before.timed_out_until
                     ^^^^^^^^^^^^^^^^^^^^^^
AttributeError: 'Member' object has no attribute 'timed_out_until'
Ignoring exception in on_member_update
Traceback (most recent call last):
  File "/usr/local/lib/python3.12/site-packages/discord/client.py", line 465, in _run_event
    await coro(*args, **kwargs)
  File "/app/asu_discord/cogs/analytics.py", line 652, in on_member_update
    before_timeout = before.timed_out_until
                     ^^^^^^^^^^^^^^^^^^^^^^
AttributeError: 'Member' object has no attribute 'timed_out_until'
Ignoring exception in on_member_update
Traceback (most recent call last):
  File "/usr/local/lib/python3.12/site-packages/discord/client.py", line 465, in _run_event
    await coro(*args, **kwargs)
  File "/app/asu_discord/cogs/analytics.py", line 652, in on_member_update
    before_timeout = before.timed_out_until
                     ^^^^^^^^^^^^^^^^^^^^^^
AttributeError: 'Member' object has no attribute 'timed_out_until'
Ignoring exception in on_member_update
Traceback (most recent call last):
  File "/usr/local/lib/python3.12/site-packages/discord/client.py", line 465, in _run_event
    await coro(*args, **kwargs)
  File "/app/asu_discord/cogs/analytics.py", line 652, in on_member_update
    before_timeout = before.timed_out_until
                     ^^^^^^^^^^^^^^^^^^^^^^
AttributeError: 'Member' object has no attribute 'timed_out_until'
INFO:asu_discord.cogs.verification:Saved 6 roles to database for user odmarti3 (Discord ID: 705716007880228987)
INFO:asu_discord.cogs.verification:Refreshed Salesforce roles for Discord user 705716007880228987: -6/+6 roles, assigned=[Commited, First Generation Student, First Year, Out of State, Tempe, W.P. Carey School of Business]
Ignoring exception in on_member_update
Traceback (most recent call last):
  File "/usr/local/lib/python3.12/site-packages/discord/client.py", line 465, in _run_event
    await coro(*args, **kwargs)
  File "/app/asu_discord/cogs/analytics.py", line 652, in on_member_update
    before_timeout = before.timed_out_until
                     ^^^^^^^^^^^^^^^^^^^^^^
AttributeError: 'Member' object has no attribute 'timed_out_until'
Ignoring exception in on_member_update
Traceback (most recent call last):
  File "/usr/local/lib/python3.12/site-packages/discord/client.py", line 465, in _run_event
    await coro(*args, **kwargs)
  File "/app/asu_discord/cogs/analytics.py", line 652, in on_member_update
    before_timeout = before.timed_out_until
                     ^^^^^^^^^^^^^^^^^^^^^^
AttributeError: 'Member' object has no attribute 'timed_out_until'
Ignoring exception in on_member_update
Traceback (most recent call last):
  File "/usr/local/lib/python3.12/site-packages/discord/client.py", line 465, in _run_event
    await coro(*args, **kwargs)
  File "/app/asu_discord/cogs/analytics.py", line 652, in on_member_update
    before_timeout = before.timed_out_until
                     ^^^^^^^^^^^^^^^^^^^^^^
AttributeError: 'Member' object has no attribute 'timed_out_until'
Ignoring exception in on_member_update
Traceback (most recent call last):
  File "/usr/local/lib/python3.12/site-packages/discord/client.py", line 465, in _run_event
    await coro(*args, **kwargs)
  File "/app/asu_discord/cogs/analytics.py", line 652, in on_member_update
    before_timeout = before.timed_out_until
                     ^^^^^^^^^^^^^^^^^^^^^^
AttributeError: 'Member' object has no attribute 'timed_out_until'
Ignoring exception in on_member_update
Traceback (most recent call last):
  File "/usr/local/lib/python3.12/site-packages/discord/client.py", line 465, in _run_event
    await coro(*args, **kwargs)
  File "/app/asu_discord/cogs/analytics.py", line 652, in on_member_update
    before_timeout = before.timed_out_until
                     ^^^^^^^^^^^^^^^^^^^^^^
AttributeError: 'Member' object has no attribute 'timed_out_until'
Ignoring exception in on_member_update
Traceback (most recent call last):
  File "/usr/local/lib/python3.12/site-packages/discord/client.py", line 465, in _run_event
    await coro(*args, **kwargs)
  File "/app/asu_discord/cogs/analytics.py", line 652, in on_member_update
    before_timeout = before.timed_out_until
                     ^^^^^^^^^^^^^^^^^^^^^^
AttributeError: 'Member' object has no attribute 'timed_out_until'
Ignoring exception in on_member_update
Traceback (most recent call last):
  File "/usr/local/lib/python3.12/site-packages/discord/client.py", line 465, in _run_event
    await coro(*args, **kwargs)
  File "/app/asu_discord/cogs/analytics.py", line 652, in on_member_update
    before_timeout = before.timed_out_until
                     ^^^^^^^^^^^^^^^^^^^^^^
AttributeError: 'Member' object has no attribute 'timed_out_until'
Ignoring exception in on_member_update
Traceback (most recent call last):
  File "/usr/local/lib/python3.12/site-packages/discord/client.py", line 465, in _run_event
    await coro(*args, **kwargs)
  File "/app/asu_discord/cogs/analytics.py", line 652, in on_member_update
    before_timeout = before.timed_out_until
                     ^^^^^^^^^^^^^^^^^^^^^^
AttributeError: 'Member' object has no attribute 'timed_out_until'
INFO:asu_discord.cogs.verification:Saved 4 roles to database for user tchodgdo (Discord ID: 458822008613109761)
INFO:asu_discord.cogs.verification:Refreshed Salesforce roles for Discord user 458822008613109761: -4/+4 roles, assigned=[Arizona Resident, Ira A. Fulton Schools of Engineering, Tempe, Transfer Student]
ERROR:cron.jobs:refresh_salesforce_roles: failed for flgibson (Discord ID 1501030060650528909): Failed to refresh Salesforce-based roles: Discord user 1501030060650528909 is not a member of the guild
Ignoring exception in on_member_update
Traceback (most recent call last):
  File "/usr/local/lib/python3.12/site-packages/discord/client.py", line 465, in _run_event
    await coro(*args, **kwargs)
  File "/app/asu_discord/cogs/analytics.py", line 652, in on_member_update
    before_timeout = before.timed_out_until
                     ^^^^^^^^^^^^^^^^^^^^^^
AttributeError: 'Member' object has no attribute 'timed_out_until'
Ignoring exception in on_member_update
Traceback (most recent call last):
  File "/usr/local/lib/python3.12/site-packages/discord/client.py", line 465, in _run_event
    await coro(*args, **kwargs)
  File "/app/asu_discord/cogs/analytics.py", line 652, in on_member_update
    before_timeout = before.timed_out_until
                     ^^^^^^^^^^^^^^^^^^^^^^
AttributeError: 'Member' object has no attribute 'timed_out_until'
Ignoring exception in on_member_update
Traceback (most recent call last):
  File "/usr/local/lib/python3.12/site-packages/discord/client.py", line 465, in _run_event
    await coro(*args, **kwargs)
  File "/app/asu_discord/cogs/analytics.py", line 652, in on_member_update
    before_timeout = before.timed_out_until
                     ^^^^^^^^^^^^^^^^^^^^^^
AttributeError: 'Member' object has no attribute 'timed_out_until'
Ignoring exception in on_member_update
Traceback (most recent call last):
  File "/usr/local/lib/python3.12/site-packages/discord/client.py", line 465, in _run_event
    await coro(*args, **kwargs)
  File "/app/asu_discord/cogs/analytics.py", line 652, in on_member_update
    before_timeout = before.timed_out_until
                     ^^^^^^^^^^^^^^^^^^^^^^
AttributeError: 'Member' object has no attribute 'timed_out_until'
Ignoring exception in on_member_update
Traceback (most recent call last):
  File "/usr/local/lib/python3.12/site-packages/discord/client.py", line 465, in _run_event
    await coro(*args, **kwargs)
  File "/app/asu_discord/cogs/analytics.py", line 652, in on_member_update
    before_timeout = before.timed_out_until
                     ^^^^^^^^^^^^^^^^^^^^^^
AttributeError: 'Member' object has no attribute 'timed_out_until'
Ignoring exception in on_member_update
Traceback (most recent call last):
  File "/usr/local/lib/python3.12/site-packages/discord/client.py", line 465, in _run_event
    await coro(*args, **kwargs)
  File "/app/asu_discord/cogs/analytics.py", line 652, in on_member_update
    before_timeout = before.timed_out_until
                     ^^^^^^^^^^^^^^^^^^^^^^
AttributeError: 'Member' object has no attribute 'timed_out_until'
Ignoring exception in on_member_update
Traceback (most recent call last):
  File "/usr/local/lib/python3.12/site-packages/discord/client.py", line 465, in _run_event
    await coro(*args, **kwargs)
  File "/app/asu_discord/cogs/analytics.py", line 652, in on_member_update
    before_timeout = before.timed_out_until
                     ^^^^^^^^^^^^^^^^^^^^^^
AttributeError: 'Member' object has no attribute 'timed_out_until'
Ignoring exception in on_member_update
Traceback (most recent call last):
  File "/usr/local/lib/python3.12/site-packages/discord/client.py", line 465, in _run_event
    await coro(*args, **kwargs)
  File "/app/asu_discord/cogs/analytics.py", line 652, in on_member_update
    before_timeout = before.timed_out_until
                     ^^^^^^^^^^^^^^^^^^^^^^
AttributeError: 'Member' object has no attribute 'timed_out_until'
Ignoring exception in on_member_update
Traceback (most recent call last):
  File "/usr/local/lib/python3.12/site-packages/discord/client.py", line 465, in _run_event
    await coro(*args, **kwargs)
  File "/app/asu_discord/cogs/analytics.py", line 652, in on_member_update
    before_timeout = before.timed_out_until
                     ^^^^^^^^^^^^^^^^^^^^^^
AttributeError: 'Member' object has no attribute 'timed_out_until'
Ignoring exception in on_member_update
Traceback (most recent call last):
  File "/usr/local/lib/python3.12/site-packages/discord/client.py", line 465, in _run_event
    await coro(*args, **kwargs)
  File "/app/asu_discord/cogs/analytics.py", line 652, in on_member_update
    before_timeout = before.timed_out_until
                     ^^^^^^^^^^^^^^^^^^^^^^
AttributeError: 'Member' object has no attribute 'timed_out_until'
INFO:asu_discord.cogs.verification:Saved 5 roles to database for user cdjoh101 (Discord ID: 795735951678504990)
INFO:asu_discord.cogs.verification:Refreshed Salesforce roles for Discord user 795735951678504990: -5/+5 roles, assigned=[Arizona Resident, First Generation Student, First Year, Ira A. Fulton Schools of Engineering, Tempe]
Ignoring exception in on_member_update
Traceback (most recent call last):
  File "/usr/local/lib/python3.12/site-packages/discord/client.py", line 465, in _run_event
    await coro(*args, **kwargs)
  File "/app/asu_discord/cogs/analytics.py", line 652, in on_member_update
    before_timeout = before.timed_out_until
                     ^^^^^^^^^^^^^^^^^^^^^^
AttributeError: 'Member' object has no attribute 'timed_out_until'
Ignoring exception in on_member_update
Traceback (most recent call last):
  File "/usr/local/lib/python3.12/site-packages/discord/client.py", line 465, in _run_event
    await coro(*args, **kwargs)
  File "/app/asu_discord/cogs/analytics.py", line 652, in on_member_update
    before_timeout = before.timed_out_until
                     ^^^^^^^^^^^^^^^^^^^^^^
AttributeError: 'Member' object has no attribute 'timed_out_until'
Ignoring exception in on_member_update
Traceback (most recent call last):
  File "/usr/local/lib/python3.12/site-packages/discord/client.py", line 465, in _run_event
    await coro(*args, **kwargs)
  File "/app/asu_discord/cogs/analytics.py", line 652, in on_member_update
    before_timeout = before.timed_out_until
                     ^^^^^^^^^^^^^^^^^^^^^^
AttributeError: 'Member' object has no attribute 'timed_out_until'
Ignoring exception in on_member_update
Traceback (most recent call last):
  File "/usr/local/lib/python3.12/site-packages/discord/client.py", line 465, in _run_event
    await coro(*args, **kwargs)
  File "/app/asu_discord/cogs/analytics.py", line 652, in on_member_update
    before_timeout = before.timed_out_until
                     ^^^^^^^^^^^^^^^^^^^^^^
AttributeError: 'Member' object has no attribute 'timed_out_until'
Ignoring exception in on_member_update
Traceback (most recent call last):
  File "/usr/local/lib/python3.12/site-packages/discord/client.py", line 465, in _run_event
    await coro(*args, **kwargs)
  File "/app/asu_discord/cogs/analytics.py", line 652, in on_member_update
    before_timeout = before.timed_out_until
                     ^^^^^^^^^^^^^^^^^^^^^^
AttributeError: 'Member' object has no attribute 'timed_out_until'
Ignoring exception in on_member_update
Traceback (most recent call last):
  File "/usr/local/lib/python3.12/site-packages/discord/client.py", line 465, in _run_event
    await coro(*args, **kwargs)
  File "/app/asu_discord/cogs/analytics.py", line 652, in on_member_update
    before_timeout = before.timed_out_until
                     ^^^^^^^^^^^^^^^^^^^^^^
AttributeError: 'Member' object has no attribute 'timed_out_until'
Ignoring exception in on_member_update
Traceback (most recent call last):
  File "/usr/local/lib/python3.12/site-packages/discord/client.py", line 465, in _run_event
    await coro(*args, **kwargs)
  File "/app/asu_discord/cogs/analytics.py", line 652, in on_member_update
    before_timeout = before.timed_out_until
                     ^^^^^^^^^^^^^^^^^^^^^^
AttributeError: 'Member' object has no attribute 'timed_out_until'
Ignoring exception in on_member_update
Traceback (most recent call last):
  File "/usr/local/lib/python3.12/site-packages/discord/client.py", line 465, in _run_event
    await coro(*args, **kwargs)
  File "/app/asu_discord/cogs/analytics.py", line 652, in on_member_update
    before_timeout = before.timed_out_until
                     ^^^^^^^^^^^^^^^^^^^^^^
AttributeError: 'Member' object has no attribute 'timed_out_until'
Ignoring exception in on_member_update
Traceback (most recent call last):
  File "/usr/local/lib/python3.12/site-packages/discord/client.py", line 465, in _run_event
    await coro(*args, **kwargs)
  File "/app/asu_discord/cogs/analytics.py", line 652, in on_member_update
    before_timeout = before.timed_out_until
                     ^^^^^^^^^^^^^^^^^^^^^^
AttributeError: 'Member' object has no attribute 'timed_out_until'
Ignoring exception in on_member_update
Traceback (most recent call last):
  File "/usr/local/lib/python3.12/site-packages/discord/client.py", line 465, in _run_event
    await coro(*args, **kwargs)
  File "/app/asu_discord/cogs/analytics.py", line 652, in on_member_update
    before_timeout = before.timed_out_until
                     ^^^^^^^^^^^^^^^^^^^^^^
AttributeError: 'Member' object has no attribute 'timed_out_until'
INFO:asu_discord.cogs.verification:Saved 5 roles to database for user abalak26 (Discord ID: 916708050843344938)
INFO:asu_discord.cogs.verification:Refreshed Salesforce roles for Discord user 916708050843344938: -5/+5 roles, assigned=[Commited, Graduate Student, International Student, Ira A. Fulton Schools of Engineering, Tempe]
Ignoring exception in on_member_update
Traceback (most recent call last):
  File "/usr/local/lib/python3.12/site-packages/discord/client.py", line 465, in _run_event
    await coro(*args, **kwargs)
  File "/app/asu_discord/cogs/analytics.py", line 652, in on_member_update
    before_timeout = before.timed_out_until
                     ^^^^^^^^^^^^^^^^^^^^^^
AttributeError: 'Member' object has no attribute 'timed_out_until'
Ignoring exception in on_member_update
Traceback (most recent call last):
  File "/usr/local/lib/python3.12/site-packages/discord/client.py", line 465, in _run_event
    await coro(*args, **kwargs)
  File "/app/asu_discord/cogs/analytics.py", line 652, in on_member_update
    before_timeout = before.timed_out_until
                     ^^^^^^^^^^^^^^^^^^^^^^
AttributeError: 'Member' object has no attribute 'timed_out_until'
Ignoring exception in on_member_update
Traceback (most recent call last):
  File "/usr/local/lib/python3.12/site-packages/discord/client.py", line 465, in _run_event
    await coro(*args, **kwargs)
  File "/app/asu_discord/cogs/analytics.py", line 652, in on_member_update
    before_timeout = before.timed_out_until
                     ^^^^^^^^^^^^^^^^^^^^^^
AttributeError: 'Member' object has no attribute 'timed_out_until'
Ignoring exception in on_member_update
Traceback (most recent call last):
  File "/usr/local/lib/python3.12/site-packages/discord/client.py", line 465, in _run_event
    await coro(*args, **kwargs)
  File "/app/asu_discord/cogs/analytics.py", line 652, in on_member_update
    before_timeout = before.timed_out_until
                     ^^^^^^^^^^^^^^^^^^^^^^
AttributeError: 'Member' object has no attribute 'timed_out_until'
Ignoring exception in on_member_update
Traceback (most recent call last):
  File "/usr/local/lib/python3.12/site-packages/discord/client.py", line 465, in _run_event
    await coro(*args, **kwargs)
  File "/app/asu_discord/cogs/analytics.py", line 652, in on_member_update
    before_timeout = before.timed_out_until
                     ^^^^^^^^^^^^^^^^^^^^^^
AttributeError: 'Member' object has no attribute 'timed_out_until'
Ignoring exception in on_member_update
Traceback (most recent call last):
  File "/usr/local/lib/python3.12/site-packages/discord/client.py", line 465, in _run_event
    await coro(*args, **kwargs)
  File "/app/asu_discord/cogs/analytics.py", line 652, in on_member_update
    before_timeout = before.timed_out_until
                     ^^^^^^^^^^^^^^^^^^^^^^
AttributeError: 'Member' object has no attribute 'timed_out_until'
Ignoring exception in on_member_update
Traceback (most recent call last):
  File "/usr/local/lib/python3.12/site-packages/discord/client.py", line 465, in _run_event
    await coro(*args, **kwargs)
  File "/app/asu_discord/cogs/analytics.py", line 652, in on_member_update
    before_timeout = before.timed_out_until
                     ^^^^^^^^^^^^^^^^^^^^^^
AttributeError: 'Member' object has no attribute 'timed_out_until'
Ignoring exception in on_member_update
Traceback (most recent call last):
  File "/usr/local/lib/python3.12/site-packages/discord/client.py", line 465, in _run_event
    await coro(*args, **kwargs)
  File "/app/asu_discord/cogs/analytics.py", line 652, in on_member_update
    before_timeout = before.timed_out_until
                     ^^^^^^^^^^^^^^^^^^^^^^
AttributeError: 'Member' object has no attribute 'timed_out_until'
Ignoring exception in on_member_update
Traceback (most recent call last):
  File "/usr/local/lib/python3.12/site-packages/discord/client.py", line 465, in _run_event
    await coro(*args, **kwargs)
  File "/app/asu_discord/cogs/analytics.py", line 652, in on_member_update
    before_timeout = before.timed_out_until
                     ^^^^^^^^^^^^^^^^^^^^^^
AttributeError: 'Member' object has no attribute 'timed_out_until'
INFO:asu_discord.cogs.verification:Saved 6 roles to database for user mshakee4 (Discord ID: 760906079172427826)
INFO:asu_discord.cogs.verification:Refreshed Salesforce roles for Discord user 760906079172427826: -3/+6 roles, assigned=[Commited, First Generation Student, Graduate Student, International Student, Ira A. Fulton Schools of Engineering, Polytechnic]
Ignoring exception in on_member_update
Traceback (most recent call last):
  File "/usr/local/lib/python3.12/site-packages/discord/client.py", line 465, in _run_event
    await coro(*args, **kwargs)
  File "/app/asu_discord/cogs/analytics.py", line 652, in on_member_update
    before_timeout = before.timed_out_until
                     ^^^^^^^^^^^^^^^^^^^^^^
AttributeError: 'Member' object has no attribute 'timed_out_until'
Ignoring exception in on_member_update
Traceback (most recent call last):
  File "/usr/local/lib/python3.12/site-packages/discord/client.py", line 465, in _run_event
    await coro(*args, **kwargs)
  File "/app/asu_discord/cogs/analytics.py", line 652, in on_member_update
    before_timeout = before.timed_out_until
                     ^^^^^^^^^^^^^^^^^^^^^^
AttributeError: 'Member' object has no attribute 'timed_out_until'
Ignoring exception in on_member_update
Traceback (most recent call last):
  File "/usr/local/lib/python3.12/site-packages/discord/client.py", line 465, in _run_event
    await coro(*args, **kwargs)
  File "/app/asu_discord/cogs/analytics.py", line 652, in on_member_update
    before_timeout = before.timed_out_until
                     ^^^^^^^^^^^^^^^^^^^^^^
AttributeError: 'Member' object has no attribute 'timed_out_until'
Ignoring exception in on_member_update
Traceback (most recent call last):
  File "/usr/local/lib/python3.12/site-packages/discord/client.py", line 465, in _run_event
    await coro(*args, **kwargs)
  File "/app/asu_discord/cogs/analytics.py", line 652, in on_member_update
    before_timeout = before.timed_out_until
                     ^^^^^^^^^^^^^^^^^^^^^^
AttributeError: 'Member' object has no attribute 'timed_out_until'
Ignoring exception in on_member_update
Traceback (most recent call last):
  File "/usr/local/lib/python3.12/site-packages/discord/client.py", line 465, in _run_event
    await coro(*args, **kwargs)
  File "/app/asu_discord/cogs/analytics.py", line 652, in on_member_update
    before_timeout = before.timed_out_until
                     ^^^^^^^^^^^^^^^^^^^^^^
AttributeError: 'Member' object has no attribute 'timed_out_until'
Ignoring exception in on_member_update
Traceback (most recent call last):
  File "/usr/local/lib/python3.12/site-packages/discord/client.py", line 465, in _run_event
    await coro(*args, **kwargs)
  File "/app/asu_discord/cogs/analytics.py", line 652, in on_member_update
    before_timeout = before.timed_out_until
                     ^^^^^^^^^^^^^^^^^^^^^^
AttributeError: 'Member' object has no attribute 'timed_out_until'
Ignoring exception in on_member_update
Traceback (most recent call last):
  File "/usr/local/lib/python3.12/site-packages/discord/client.py", line 465, in _run_event
    await coro(*args, **kwargs)
  File "/app/asu_discord/cogs/analytics.py", line 652, in on_member_update
    before_timeout = before.timed_out_until
                     ^^^^^^^^^^^^^^^^^^^^^^
AttributeError: 'Member' object has no attribute 'timed_out_until'
Ignoring exception in on_member_update
Traceback (most recent call last):
  File "/usr/local/lib/python3.12/site-packages/discord/client.py", line 465, in _run_event
    await coro(*args, **kwargs)
  File "/app/asu_discord/cogs/analytics.py", line 652, in on_member_update
    before_timeout = before.timed_out_until
                     ^^^^^^^^^^^^^^^^^^^^^^
AttributeError: 'Member' object has no attribute 'timed_out_until'
Ignoring exception in on_member_update
Traceback (most recent call last):
  File "/usr/local/lib/python3.12/site-packages/discord/client.py", line 465, in _run_event
    await coro(*args, **kwargs)
  File "/app/asu_discord/cogs/analytics.py", line 652, in on_member_update
    before_timeout = before.timed_out_until
                     ^^^^^^^^^^^^^^^^^^^^^^
AttributeError: 'Member' object has no attribute 'timed_out_until'
INFO:asu_discord.cogs.verification:Saved 5 roles to database for user asomwan2 (Discord ID: 499947357421568010)
INFO:asu_discord.cogs.verification:Refreshed Salesforce roles for Discord user 499947357421568010: -4/+5 roles, assigned=[Commited, Graduate Student, International Student, Ira A. Fulton Schools of Engineering, Polytechnic]
Ignoring exception in on_member_update
Traceback (most recent call last):
  File "/usr/local/lib/python3.12/site-packages/discord/client.py", line 465, in _run_event
    await coro(*args, **kwargs)
  File "/app/asu_discord/cogs/analytics.py", line 652, in on_member_update
    before_timeout = before.timed_out_until
                     ^^^^^^^^^^^^^^^^^^^^^^
AttributeError: 'Member' object has no attribute 'timed_out_until'
Ignoring exception in on_member_update
Traceback (most recent call last):
  File "/usr/local/lib/python3.12/site-packages/discord/client.py", line 465, in _run_event
    await coro(*args, **kwargs)
  File "/app/asu_discord/cogs/analytics.py", line 652, in on_member_update
    before_timeout = before.timed_out_until
                     ^^^^^^^^^^^^^^^^^^^^^^
AttributeError: 'Member' object has no attribute 'timed_out_until'
Ignoring exception in on_member_update
Traceback (most recent call last):
  File "/usr/local/lib/python3.12/site-packages/discord/client.py", line 465, in _run_event
    await coro(*args, **kwargs)
  File "/app/asu_discord/cogs/analytics.py", line 652, in on_member_update
    before_timeout = before.timed_out_until
                     ^^^^^^^^^^^^^^^^^^^^^^
AttributeError: 'Member' object has no attribute 'timed_out_until'
Ignoring exception in on_member_update
Traceback (most recent call last):
  File "/usr/local/lib/python3.12/site-packages/discord/client.py", line 465, in _run_event
    await coro(*args, **kwargs)
  File "/app/asu_discord/cogs/analytics.py", line 652, in on_member_update
    before_timeout = before.timed_out_until
                     ^^^^^^^^^^^^^^^^^^^^^^
AttributeError: 'Member' object has no attribute 'timed_out_until'
Ignoring exception in on_member_update
Traceback (most recent call last):
  File "/usr/local/lib/python3.12/site-packages/discord/client.py", line 465, in _run_event
    await coro(*args, **kwargs)
  File "/app/asu_discord/cogs/analytics.py", line 652, in on_member_update
    before_timeout = before.timed_out_until
                     ^^^^^^^^^^^^^^^^^^^^^^
AttributeError: 'Member' object has no attribute 'timed_out_until'
Ignoring exception in on_member_update
Traceback (most recent call last):
  File "/usr/local/lib/python3.12/site-packages/discord/client.py", line 465, in _run_event
    await coro(*args, **kwargs)
  File "/app/asu_discord/cogs/analytics.py", line 652, in on_member_update
    before_timeout = before.timed_out_until
                     ^^^^^^^^^^^^^^^^^^^^^^
AttributeError: 'Member' object has no attribute 'timed_out_until'
Ignoring exception in on_member_update
Traceback (most recent call last):
  File "/usr/local/lib/python3.12/site-packages/discord/client.py", line 465, in _run_event
    await coro(*args, **kwargs)
  File "/app/asu_discord/cogs/analytics.py", line 652, in on_member_update
    before_timeout = before.timed_out_until
                     ^^^^^^^^^^^^^^^^^^^^^^
AttributeError: 'Member' object has no attribute 'timed_out_until'
Ignoring exception in on_member_update
Traceback (most recent call last):
  File "/usr/local/lib/python3.12/site-packages/discord/client.py", line 465, in _run_event
    await coro(*args, **kwargs)
  File "/app/asu_discord/cogs/analytics.py", line 652, in on_member_update
    before_timeout = before.timed_out_until
                     ^^^^^^^^^^^^^^^^^^^^^^
AttributeError: 'Member' object has no attribute 'timed_out_until'
Ignoring exception in on_member_update
Traceback (most recent call last):
  File "/usr/local/lib/python3.12/site-packages/discord/client.py", line 465, in _run_event
    await coro(*args, **kwargs)
  File "/app/asu_discord/cogs/analytics.py", line 652, in on_member_update
    before_timeout = before.timed_out_until
                     ^^^^^^^^^^^^^^^^^^^^^^
AttributeError: 'Member' object has no attribute 'timed_out_until'
Ignoring exception in on_member_update
Traceback (most recent call last):
  File "/usr/local/lib/python3.12/site-packages/discord/client.py", line 465, in _run_event
    await coro(*args, **kwargs)
  File "/app/asu_discord/cogs/analytics.py", line 652, in on_member_update
    before_timeout = before.timed_out_until
                     ^^^^^^^^^^^^^^^^^^^^^^
AttributeError: 'Member' object has no attribute 'timed_out_until'
INFO:asu_discord.cogs.verification:Saved 5 roles to database for user prames23 (Discord ID: 657941982240309248)
INFO:asu_discord.cogs.verification:Refreshed Salesforce roles for Discord user 657941982240309248: -5/+5 roles, assigned=[Commited, Graduate Student, International Student, Ira A. Fulton Schools of Engineering, Tempe]
Ignoring exception in on_member_update
Traceback (most recent call last):
  File "/usr/local/lib/python3.12/site-packages/discord/client.py", line 465, in _run_event
    await coro(*args, **kwargs)
  File "/app/asu_discord/cogs/analytics.py", line 652, in on_member_update
    before_timeout = before.timed_out_until
                     ^^^^^^^^^^^^^^^^^^^^^^
AttributeError: 'Member' object has no attribute 'timed_out_until'
Ignoring exception in on_member_update
Traceback (most recent call last):
  File "/usr/local/lib/python3.12/site-packages/discord/client.py", line 465, in _run_event
    await coro(*args, **kwargs)
  File "/app/asu_discord/cogs/analytics.py", line 652, in on_member_update
    before_timeout = before.timed_out_until
                     ^^^^^^^^^^^^^^^^^^^^^^
AttributeError: 'Member' object has no attribute 'timed_out_until'
Ignoring exception in on_member_update
Traceback (most recent call last):
  File "/usr/local/lib/python3.12/site-packages/discord/client.py", line 465, in _run_event
    await coro(*args, **kwargs)
  File "/app/asu_discord/cogs/analytics.py", line 652, in on_member_update
    before_timeout = before.timed_out_until
                     ^^^^^^^^^^^^^^^^^^^^^^
AttributeError: 'Member' object has no attribute 'timed_out_until'
Ignoring exception in on_member_update
Traceback (most recent call last):
  File "/usr/local/lib/python3.12/site-packages/discord/client.py", line 465, in _run_event
    await coro(*args, **kwargs)
  File "/app/asu_discord/cogs/analytics.py", line 652, in on_member_update
    before_timeout = before.timed_out_until
                     ^^^^^^^^^^^^^^^^^^^^^^
AttributeError: 'Member' object has no attribute 'timed_out_until'
Ignoring exception in on_member_update
Traceback (most recent call last):
  File "/usr/local/lib/python3.12/site-packages/discord/client.py", line 465, in _run_event
    await coro(*args, **kwargs)
  File "/app/asu_discord/cogs/analytics.py", line 652, in on_member_update
    before_timeout = before.timed_out_until
                     ^^^^^^^^^^^^^^^^^^^^^^
AttributeError: 'Member' object has no attribute 'timed_out_until'
Ignoring exception in on_member_update
Traceback (most recent call last):
  File "/usr/local/lib/python3.12/site-packages/discord/client.py", line 465, in _run_event
    await coro(*args, **kwargs)
  File "/app/asu_discord/cogs/analytics.py", line 652, in on_member_update
    before_timeout = before.timed_out_until
                     ^^^^^^^^^^^^^^^^^^^^^^
AttributeError: 'Member' object has no attribute 'timed_out_until'
Ignoring exception in on_member_update
Traceback (most recent call last):
  File "/usr/local/lib/python3.12/site-packages/discord/client.py", line 465, in _run_event
    await coro(*args, **kwargs)
  File "/app/asu_discord/cogs/analytics.py", line 652, in on_member_update
    before_timeout = before.timed_out_until
                     ^^^^^^^^^^^^^^^^^^^^^^
AttributeError: 'Member' object has no attribute 'timed_out_until'
Ignoring exception in on_member_update
Traceback (most recent call last):
  File "/usr/local/lib/python3.12/site-packages/discord/client.py", line 465, in _run_event
    await coro(*args, **kwargs)
  File "/app/asu_discord/cogs/analytics.py", line 652, in on_member_update
    before_timeout = before.timed_out_until
                     ^^^^^^^^^^^^^^^^^^^^^^
AttributeError: 'Member' object has no attribute 'timed_out_until'
Ignoring exception in on_member_update
Traceback (most recent call last):
  File "/usr/local/lib/python3.12/site-packages/discord/client.py", line 465, in _run_event
    await coro(*args, **kwargs)
  File "/app/asu_discord/cogs/analytics.py", line 652, in on_member_update
    before_timeout = before.timed_out_until
                     ^^^^^^^^^^^^^^^^^^^^^^
AttributeError: 'Member' object has no attribute 'timed_out_until'
Ignoring exception in on_member_update
Traceback (most recent call last):
  File "/usr/local/lib/python3.12/site-packages/discord/client.py", line 465, in _run_event
    await coro(*args, **kwargs)
  File "/app/asu_discord/cogs/analytics.py", line 652, in on_member_update
    before_timeout = before.timed_out_until
                     ^^^^^^^^^^^^^^^^^^^^^^
AttributeError: 'Member' object has no attribute 'timed_out_until'
INFO:asu_discord.cogs.verification:Saved 5 roles to database for user tsadykov (Discord ID: 789553702742392882)
INFO:asu_discord.cogs.verification:Refreshed Salesforce roles for Discord user 789553702742392882: -5/+5 roles, assigned=[Commited, First Year, International Student, Ira A. Fulton Schools of Engineering, Tempe]
Ignoring exception in on_member_update
Traceback (most recent call last):
  File "/usr/local/lib/python3.12/site-packages/discord/client.py", line 465, in _run_event
    await coro(*args, **kwargs)
  File "/app/asu_discord/cogs/analytics.py", line 652, in on_member_update
    before_timeout = before.timed_out_until
                     ^^^^^^^^^^^^^^^^^^^^^^
AttributeError: 'Member' object has no attribute 'timed_out_until'
Ignoring exception in on_member_update
Traceback (most recent call last):
  File "/usr/local/lib/python3.12/site-packages/discord/client.py", line 465, in _run_event
    await coro(*args, **kwargs)
  File "/app/asu_discord/cogs/analytics.py", line 652, in on_member_update
    before_timeout = before.timed_out_until
                     ^^^^^^^^^^^^^^^^^^^^^^
AttributeError: 'Member' object has no attribute 'timed_out_until'
Ignoring exception in on_member_update
Traceback (most recent call last):
  File "/usr/local/lib/python3.12/site-packages/discord/client.py", line 465, in _run_event
    await coro(*args, **kwargs)
  File "/app/asu_discord/cogs/analytics.py", line 652, in on_member_update
    before_timeout = before.timed_out_until
                     ^^^^^^^^^^^^^^^^^^^^^^
AttributeError: 'Member' object has no attribute 'timed_out_until'
Ignoring exception in on_member_update
Traceback (most recent call last):
  File "/usr/local/lib/python3.12/site-packages/discord/client.py", line 465, in _run_event
    await coro(*args, **kwargs)
  File "/app/asu_discord/cogs/analytics.py", line 652, in on_member_update
    before_timeout = before.timed_out_until
                     ^^^^^^^^^^^^^^^^^^^^^^
AttributeError: 'Member' object has no attribute 'timed_out_until'
Ignoring exception in on_member_update
Traceback (most recent call last):
  File "/usr/local/lib/python3.12/site-packages/discord/client.py", line 465, in _run_event
    await coro(*args, **kwargs)
  File "/app/asu_discord/cogs/analytics.py", line 652, in on_member_update
    before_timeout = before.timed_out_until
                     ^^^^^^^^^^^^^^^^^^^^^^
AttributeError: 'Member' object has no attribute 'timed_out_until'
Ignoring exception in on_member_update
Traceback (most recent call last):
  File "/usr/local/lib/python3.12/site-packages/discord/client.py", line 465, in _run_event
    await coro(*args, **kwargs)
  File "/app/asu_discord/cogs/analytics.py", line 652, in on_member_update
    before_timeout = before.timed_out_until
                     ^^^^^^^^^^^^^^^^^^^^^^
AttributeError: 'Member' object has no attribute 'timed_out_until'
Ignoring exception in on_member_update
Traceback (most recent call last):
  File "/usr/local/lib/python3.12/site-packages/discord/client.py", line 465, in _run_event
    await coro(*args, **kwargs)
  File "/app/asu_discord/cogs/analytics.py", line 652, in on_member_update
    before_timeout = before.timed_out_until
                     ^^^^^^^^^^^^^^^^^^^^^^
AttributeError: 'Member' object has no attribute 'timed_out_until'
Ignoring exception in on_member_update
Traceback (most recent call last):
  File "/usr/local/lib/python3.12/site-packages/discord/client.py", line 465, in _run_event
    await coro(*args, **kwargs)
  File "/app/asu_discord/cogs/analytics.py", line 652, in on_member_update
    before_timeout = before.timed_out_until
                     ^^^^^^^^^^^^^^^^^^^^^^
AttributeError: 'Member' object has no attribute 'timed_out_until'
Ignoring exception in on_member_update
Traceback (most recent call last):
  File "/usr/local/lib/python3.12/site-packages/discord/client.py", line 465, in _run_event
    await coro(*args, **kwargs)
  File "/app/asu_discord/cogs/analytics.py", line 652, in on_member_update
    before_timeout = before.timed_out_until
                     ^^^^^^^^^^^^^^^^^^^^^^
AttributeError: 'Member' object has no attribute 'timed_out_until'
Ignoring exception in on_member_update
Traceback (most recent call last):
  File "/usr/local/lib/python3.12/site-packages/discord/client.py", line 465, in _run_event
    await coro(*args, **kwargs)
  File "/app/asu_discord/cogs/analytics.py", line 652, in on_member_update
    before_timeout = before.timed_out_until
                     ^^^^^^^^^^^^^^^^^^^^^^
AttributeError: 'Member' object has no attribute 'timed_out_until'
Ignoring exception in on_member_update
Traceback (most recent call last):
  File "/usr/local/lib/python3.12/site-packages/discord/client.py", line 465, in _run_event
    await coro(*args, **kwargs)
  File "/app/asu_discord/cogs/analytics.py", line 652, in on_member_update
    before_timeout = before.timed_out_until
                     ^^^^^^^^^^^^^^^^^^^^^^
AttributeError: 'Member' object has no attribute 'timed_out_until'
ERROR:cron.jobs:refresh_salesforce_roles: failed for ajmeffor (Discord ID 1450202980577050719): Timed out refresh Salesforce-based roles
Ignoring exception in on_member_update
Traceback (most recent call last):
  File "/usr/local/lib/python3.12/site-packages/discord/client.py", line 465, in _run_event
    await coro(*args, **kwargs)
  File "/app/asu_discord/cogs/analytics.py", line 652, in on_member_update
    before_timeout = before.timed_out_until
                     ^^^^^^^^^^^^^^^^^^^^^^
AttributeError: 'Member' object has no attribute 'timed_out_until'
Ignoring exception in on_member_update
Traceback (most recent call last):
  File "/usr/local/lib/python3.12/site-packages/discord/client.py", line 465, in _run_event
    await coro(*args, **kwargs)
  File "/app/asu_discord/cogs/analytics.py", line 652, in on_member_update
    before_timeout = before.timed_out_until
                     ^^^^^^^^^^^^^^^^^^^^^^
AttributeError: 'Member' object has no attribute 'timed_out_until'
Ignoring exception in on_member_update
Traceback (most recent call last):
  File "/usr/local/lib/python3.12/site-packages/discord/client.py", line 465, in _run_event
    await coro(*args, **kwargs)
  File "/app/asu_discord/cogs/analytics.py", line 652, in on_member_update
    before_timeout = before.timed_out_until
                     ^^^^^^^^^^^^^^^^^^^^^^
AttributeError: 'Member' object has no attribute 'timed_out_until'
Ignoring exception in on_member_update
Traceback (most recent call last):
  File "/usr/local/lib/python3.12/site-packages/discord/client.py", line 465, in _run_event
    await coro(*args, **kwargs)
  File "/app/asu_discord/cogs/analytics.py", line 652, in on_member_update
    before_timeout = before.timed_out_until
                     ^^^^^^^^^^^^^^^^^^^^^^
AttributeError: 'Member' object has no attribute 'timed_out_until'
Ignoring exception in on_member_update
Traceback (most recent call last):
  File "/usr/local/lib/python3.12/site-packages/discord/client.py", line 465, in _run_event
    await coro(*args, **kwargs)
  File "/app/asu_discord/cogs/analytics.py", line 652, in on_member_update
    before_timeout = before.timed_out_until
                     ^^^^^^^^^^^^^^^^^^^^^^
AttributeError: 'Member' object has no attribute 'timed_out_until'
Ignoring exception in on_member_update
Traceback (most recent call last):
  File "/usr/local/lib/python3.12/site-packages/discord/client.py", line 465, in _run_event
    await coro(*args, **kwargs)
  File "/app/asu_discord/cogs/analytics.py", line 652, in on_member_update
    before_timeout = before.timed_out_until
                     ^^^^^^^^^^^^^^^^^^^^^^
AttributeError: 'Member' object has no attribute 'timed_out_until'
Ignoring exception in on_member_update
Traceback (most recent call last):
  File "/usr/local/lib/python3.12/site-packages/discord/client.py", line 465, in _run_event
    await coro(*args, **kwargs)
  File "/app/asu_discord/cogs/analytics.py", line 652, in on_member_update
    before_timeout = before.timed_out_until
                     ^^^^^^^^^^^^^^^^^^^^^^
AttributeError: 'Member' object has no attribute 'timed_out_until'
Ignoring exception in on_member_update
Traceback (most recent call last):
  File "/usr/local/lib/python3.12/site-packages/discord/client.py", line 465, in _run_event
    await coro(*args, **kwargs)
  File "/app/asu_discord/cogs/analytics.py", line 652, in on_member_update
    before_timeout = before.timed_out_until
                     ^^^^^^^^^^^^^^^^^^^^^^
AttributeError: 'Member' object has no attribute 'timed_out_until'
Ignoring exception in on_member_update
Traceback (most recent call last):
  File "/usr/local/lib/python3.12/site-packages/discord/client.py", line 465, in _run_event
    await coro(*args, **kwargs)
  File "/app/asu_discord/cogs/analytics.py", line 652, in on_member_update
    before_timeout = before.timed_out_until
                     ^^^^^^^^^^^^^^^^^^^^^^
AttributeError: 'Member' object has no attribute 'timed_out_until'
Ignoring exception in on_member_update
Traceback (most recent call last):
  File "/usr/local/lib/python3.12/site-packages/discord/client.py", line 465, in _run_event
    await coro(*args, **kwargs)
  File "/app/asu_discord/cogs/analytics.py", line 652, in on_member_update
    before_timeout = before.timed_out_until
                     ^^^^^^^^^^^^^^^^^^^^^^
AttributeError: 'Member' object has no attribute 'timed_out_until'
INFO:asu_discord.cogs.verification:Saved 5 roles to database for user mtran130 (Discord ID: 813325312086900836)
INFO:asu_discord.cogs.verification:Refreshed Salesforce roles for Discord user 813325312086900836: -5/+5 roles, assigned=[College of Liberal Arts and Sciences, Commited, First Year, International Student, Tempe]
Ignoring exception in on_member_update
Traceback (most recent call last):
  File "/usr/local/lib/python3.12/site-packages/discord/client.py", line 465, in _run_event
    await coro(*args, **kwargs)
  File "/app/asu_discord/cogs/analytics.py", line 652, in on_member_update
    before_timeout = before.timed_out_until
                     ^^^^^^^^^^^^^^^^^^^^^^
AttributeError: 'Member' object has no attribute 'timed_out_until'
Ignoring exception in on_member_update
Traceback (most recent call last):
  File "/usr/local/lib/python3.12/site-packages/discord/client.py", line 465, in _run_event
    await coro(*args, **kwargs)
  File "/app/asu_discord/cogs/analytics.py", line 652, in on_member_update
    before_timeout = before.timed_out_until
                     ^^^^^^^^^^^^^^^^^^^^^^
AttributeError: 'Member' object has no attribute 'timed_out_until'
Ignoring exception in on_member_update
Traceback (most recent call last):
  File "/usr/local/lib/python3.12/site-packages/discord/client.py", line 465, in _run_event
    await coro(*args, **kwargs)
  File "/app/asu_discord/cogs/analytics.py", line 652, in on_member_update
    before_timeout = before.timed_out_until
                     ^^^^^^^^^^^^^^^^^^^^^^
AttributeError: 'Member' object has no attribute 'timed_out_until'
Ignoring exception in on_member_update
Traceback (most recent call last):
  File "/usr/local/lib/python3.12/site-packages/discord/client.py", line 465, in _run_event
    await coro(*args, **kwargs)
  File "/app/asu_discord/cogs/analytics.py", line 652, in on_member_update
    before_timeout = before.timed_out_until
                     ^^^^^^^^^^^^^^^^^^^^^^
AttributeError: 'Member' object has no attribute 'timed_out_until'
Ignoring exception in on_member_update
Traceback (most recent call last):
  File "/usr/local/lib/python3.12/site-packages/discord/client.py", line 465, in _run_event
    await coro(*args, **kwargs)
  File "/app/asu_discord/cogs/analytics.py", line 652, in on_member_update
    before_timeout = before.timed_out_until
                     ^^^^^^^^^^^^^^^^^^^^^^
AttributeError: 'Member' object has no attribute 'timed_out_until'
Ignoring exception in on_member_update
Traceback (most recent call last):
  File "/usr/local/lib/python3.12/site-packages/discord/client.py", line 465, in _run_event
    await coro(*args, **kwargs)
  File "/app/asu_discord/cogs/analytics.py", line 652, in on_member_update
    before_timeout = before.timed_out_until
                     ^^^^^^^^^^^^^^^^^^^^^^
AttributeError: 'Member' object has no attribute 'timed_out_until'
Ignoring exception in on_member_update
Traceback (most recent call last):
  File "/usr/local/lib/python3.12/site-packages/discord/client.py", line 465, in _run_event
    await coro(*args, **kwargs)
  File "/app/asu_discord/cogs/analytics.py", line 652, in on_member_update
    before_timeout = before.timed_out_until
                     ^^^^^^^^^^^^^^^^^^^^^^
AttributeError: 'Member' object has no attribute 'timed_out_until'
Ignoring exception in on_member_update
Traceback (most recent call last):
  File "/usr/local/lib/python3.12/site-packages/discord/client.py", line 465, in _run_event
    await coro(*args, **kwargs)
  File "/app/asu_discord/cogs/analytics.py", line 652, in on_member_update
    before_timeout = before.timed_out_until
                     ^^^^^^^^^^^^^^^^^^^^^^
AttributeError: 'Member' object has no attribute 'timed_out_until'
Ignoring exception in on_member_update
Traceback (most recent call last):
  File "/usr/local/lib/python3.12/site-packages/discord/client.py", line 465, in _run_event
    await coro(*args, **kwargs)
  File "/app/asu_discord/cogs/analytics.py", line 652, in on_member_update
    before_timeout = before.timed_out_until
                     ^^^^^^^^^^^^^^^^^^^^^^
AttributeError: 'Member' object has no attribute 'timed_out_until'
Ignoring exception in on_member_update
Traceback (most recent call last):
  File "/usr/local/lib/python3.12/site-packages/discord/client.py", line 465, in _run_event
    await coro(*args, **kwargs)
  File "/app/asu_discord/cogs/analytics.py", line 652, in on_member_update
    before_timeout = before.timed_out_until
                     ^^^^^^^^^^^^^^^^^^^^^^
AttributeError: 'Member' object has no attribute 'timed_out_until'
INFO:asu_discord.cogs.verification:Saved 5 roles to database for user mwpoehls (Discord ID: 1190750913464377465)
INFO:asu_discord.cogs.verification:Refreshed Salesforce roles for Discord user 1190750913464377465: -5/+5 roles, assigned=[Arizona Resident, Commited, Downtown Phoenix, Graduate Student, Walter Cronkite School of Journalism and Mass Communication]
Ignoring exception in on_member_update
Traceback (most recent call last):
  File "/usr/local/lib/python3.12/site-packages/discord/client.py", line 465, in _run_event
    await coro(*args, **kwargs)
  File "/app/asu_discord/cogs/analytics.py", line 652, in on_member_update
    before_timeout = before.timed_out_until
                     ^^^^^^^^^^^^^^^^^^^^^^
AttributeError: 'Member' object has no attribute 'timed_out_until'
Ignoring exception in on_member_update
Traceback (most recent call last):
  File "/usr/local/lib/python3.12/site-packages/discord/client.py", line 465, in _run_event
    await coro(*args, **kwargs)
  File "/app/asu_discord/cogs/analytics.py", line 652, in on_member_update
    before_timeout = before.timed_out_until
                     ^^^^^^^^^^^^^^^^^^^^^^
AttributeError: 'Member' object has no attribute 'timed_out_until'
Ignoring exception in on_member_update
Traceback (most recent call last):
  File "/usr/local/lib/python3.12/site-packages/discord/client.py", line 465, in _run_event
    await coro(*args, **kwargs)
  File "/app/asu_discord/cogs/analytics.py", line 652, in on_member_update
    before_timeout = before.timed_out_until
                     ^^^^^^^^^^^^^^^^^^^^^^
AttributeError: 'Member' object has no attribute 'timed_out_until'
Ignoring exception in on_member_update
Traceback (most recent call last):
  File "/usr/local/lib/python3.12/site-packages/discord/client.py", line 465, in _run_event
    await coro(*args, **kwargs)
  File "/app/asu_discord/cogs/analytics.py", line 652, in on_member_update
    before_timeout = before.timed_out_until
                     ^^^^^^^^^^^^^^^^^^^^^^
AttributeError: 'Member' object has no attribute 'timed_out_until'
Ignoring exception in on_member_update
Traceback (most recent call last):
  File "/usr/local/lib/python3.12/site-packages/discord/client.py", line 465, in _run_event
    await coro(*args, **kwargs)
  File "/app/asu_discord/cogs/analytics.py", line 652, in on_member_update
    before_timeout = before.timed_out_until
                     ^^^^^^^^^^^^^^^^^^^^^^
AttributeError: 'Member' object has no attribute 'timed_out_until'
Ignoring exception in on_member_update
Traceback (most recent call last):
  File "/usr/local/lib/python3.12/site-packages/discord/client.py", line 465, in _run_event
    await coro(*args, **kwargs)
  File "/app/asu_discord/cogs/analytics.py", line 652, in on_member_update
    before_timeout = before.timed_out_until
                     ^^^^^^^^^^^^^^^^^^^^^^
AttributeError: 'Member' object has no attribute 'timed_out_until'
Ignoring exception in on_member_update
Traceback (most recent call last):
  File "/usr/local/lib/python3.12/site-packages/discord/client.py", line 465, in _run_event
    await coro(*args, **kwargs)
  File "/app/asu_discord/cogs/analytics.py", line 652, in on_member_update
    before_timeout = before.timed_out_until
                     ^^^^^^^^^^^^^^^^^^^^^^
AttributeError: 'Member' object has no attribute 'timed_out_until'
Ignoring exception in on_member_update
Traceback (most recent call last):
  File "/usr/local/lib/python3.12/site-packages/discord/client.py", line 465, in _run_event
    await coro(*args, **kwargs)
  File "/app/asu_discord/cogs/analytics.py", line 652, in on_member_update
    before_timeout = before.timed_out_until
                     ^^^^^^^^^^^^^^^^^^^^^^
AttributeError: 'Member' object has no attribute 'timed_out_until'
Ignoring exception in on_member_update
Traceback (most recent call last):
  File "/usr/local/lib/python3.12/site-packages/discord/client.py", line 465, in _run_event
    await coro(*args, **kwargs)
  File "/app/asu_discord/cogs/analytics.py", line 652, in on_member_update
    before_timeout = before.timed_out_until
                     ^^^^^^^^^^^^^^^^^^^^^^
AttributeError: 'Member' object has no attribute 'timed_out_until'
Ignoring exception in on_member_update
Traceback (most recent call last):
  File "/usr/local/lib/python3.12/site-packages/discord/client.py", line 465, in _run_event
    await coro(*args, **kwargs)
  File "/app/asu_discord/cogs/analytics.py", line 652, in on_member_update
    before_timeout = before.timed_out_until
                     ^^^^^^^^^^^^^^^^^^^^^^
AttributeError: 'Member' object has no attribute 'timed_out_until'
INFO:asu_discord.cogs.verification:Saved 5 roles to database for user lderbyla (Discord ID: 536298319329361920)
INFO:asu_discord.cogs.verification:Refreshed Salesforce roles for Discord user 536298319329361920: -5/+5 roles, assigned=[Arizona Resident, Commited, Graduate Student, Tempe, W.P. Carey School of Business]
Ignoring exception in on_member_update
Traceback (most recent call last):
  File "/usr/local/lib/python3.12/site-packages/discord/client.py", line 465, in _run_event
    await coro(*args, **kwargs)
  File "/app/asu_discord/cogs/analytics.py", line 652, in on_member_update
    before_timeout = before.timed_out_until
                     ^^^^^^^^^^^^^^^^^^^^^^
AttributeError: 'Member' object has no attribute 'timed_out_until'
Ignoring exception in on_member_update
Traceback (most recent call last):
  File "/usr/local/lib/python3.12/site-packages/discord/client.py", line 465, in _run_event
    await coro(*args, **kwargs)
  File "/app/asu_discord/cogs/analytics.py", line 652, in on_member_update
    before_timeout = before.timed_out_until
                     ^^^^^^^^^^^^^^^^^^^^^^
AttributeError: 'Member' object has no attribute 'timed_out_until'
Ignoring exception in on_member_update
Traceback (most recent call last):
  File "/usr/local/lib/python3.12/site-packages/discord/client.py", line 465, in _run_event
    await coro(*args, **kwargs)
  File "/app/asu_discord/cogs/analytics.py", line 652, in on_member_update
    before_timeout = before.timed_out_until
                     ^^^^^^^^^^^^^^^^^^^^^^
AttributeError: 'Member' object has no attribute 'timed_out_until'
Ignoring exception in on_member_update
Traceback (most recent call last):
  File "/usr/local/lib/python3.12/site-packages/discord/client.py", line 465, in _run_event
    await coro(*args, **kwargs)
  File "/app/asu_discord/cogs/analytics.py", line 652, in on_member_update
    before_timeout = before.timed_out_until
                     ^^^^^^^^^^^^^^^^^^^^^^
AttributeError: 'Member' object has no attribute 'timed_out_until'
Ignoring exception in on_member_update
Traceback (most recent call last):
  File "/usr/local/lib/python3.12/site-packages/discord/client.py", line 465, in _run_event
    await coro(*args, **kwargs)
  File "/app/asu_discord/cogs/analytics.py", line 652, in on_member_update
    before_timeout = before.timed_out_until
                     ^^^^^^^^^^^^^^^^^^^^^^
AttributeError: 'Member' object has no attribute 'timed_out_until'
Ignoring exception in on_member_update
Traceback (most recent call last):
  File "/usr/local/lib/python3.12/site-packages/discord/client.py", line 465, in _run_event
    await coro(*args, **kwargs)
  File "/app/asu_discord/cogs/analytics.py", line 652, in on_member_update
    before_timeout = before.timed_out_until
                     ^^^^^^^^^^^^^^^^^^^^^^
AttributeError: 'Member' object has no attribute 'timed_out_until'
Ignoring exception in on_member_update
Traceback (most recent call last):
  File "/usr/local/lib/python3.12/site-packages/discord/client.py", line 465, in _run_event
    await coro(*args, **kwargs)
  File "/app/asu_discord/cogs/analytics.py", line 652, in on_member_update
    before_timeout = before.timed_out_until
                     ^^^^^^^^^^^^^^^^^^^^^^
AttributeError: 'Member' object has no attribute 'timed_out_until'
Ignoring exception in on_member_update
Traceback (most recent call last):
  File "/usr/local/lib/python3.12/site-packages/discord/client.py", line 465, in _run_event
    await coro(*args, **kwargs)
  File "/app/asu_discord/cogs/analytics.py", line 652, in on_member_update
    before_timeout = before.timed_out_until
                     ^^^^^^^^^^^^^^^^^^^^^^
AttributeError: 'Member' object has no attribute 'timed_out_until'
Ignoring exception in on_member_update
Traceback (most recent call last):
  File "/usr/local/lib/python3.12/site-packages/discord/client.py", line 465, in _run_event
    await coro(*args, **kwargs)
  File "/app/asu_discord/cogs/analytics.py", line 652, in on_member_update
    before_timeout = before.timed_out_until
                     ^^^^^^^^^^^^^^^^^^^^^^
AttributeError: 'Member' object has no attribute 'timed_out_until'
Ignoring exception in on_member_update
Traceback (most recent call last):
  File "/usr/local/lib/python3.12/site-packages/discord/client.py", line 465, in _run_event
    await coro(*args, **kwargs)
  File "/app/asu_discord/cogs/analytics.py", line 652, in on_member_update
    before_timeout = before.timed_out_until
                     ^^^^^^^^^^^^^^^^^^^^^^
AttributeError: 'Member' object has no attribute 'timed_out_until'
INFO:asu_discord.cogs.verification:Saved 5 roles to database for user piersond (Discord ID: 682322293665300516)
INFO:asu_discord.cogs.verification:Refreshed Salesforce roles for Discord user 682322293665300516: -5/+5 roles, assigned=[Commited, First Year, Ira A. Fulton Schools of Engineering, Out of State, West Valley]
Ignoring exception in on_member_update
Traceback (most recent call last):
  File "/usr/local/lib/python3.12/site-packages/discord/client.py", line 465, in _run_event
    await coro(*args, **kwargs)
  File "/app/asu_discord/cogs/analytics.py", line 652, in on_member_update
    before_timeout = before.timed_out_until
                     ^^^^^^^^^^^^^^^^^^^^^^
AttributeError: 'Member' object has no attribute 'timed_out_until'
Ignoring exception in on_member_update
Traceback (most recent call last):
  File "/usr/local/lib/python3.12/site-packages/discord/client.py", line 465, in _run_event
    await coro(*args, **kwargs)
  File "/app/asu_discord/cogs/analytics.py", line 652, in on_member_update
    before_timeout = before.timed_out_until
                     ^^^^^^^^^^^^^^^^^^^^^^
AttributeError: 'Member' object has no attribute 'timed_out_until'
Ignoring exception in on_member_update
Traceback (most recent call last):
  File "/usr/local/lib/python3.12/site-packages/discord/client.py", line 465, in _run_event
    await coro(*args, **kwargs)
  File "/app/asu_discord/cogs/analytics.py", line 652, in on_member_update
    before_timeout = before.timed_out_until
                     ^^^^^^^^^^^^^^^^^^^^^^
AttributeError: 'Member' object has no attribute 'timed_out_until'
Ignoring exception in on_member_update
Traceback (most recent call last):
  File "/usr/local/lib/python3.12/site-packages/discord/client.py", line 465, in _run_event
    await coro(*args, **kwargs)
  File "/app/asu_discord/cogs/analytics.py", line 652, in on_member_update
    before_timeout = before.timed_out_until
                     ^^^^^^^^^^^^^^^^^^^^^^
AttributeError: 'Member' object has no attribute 'timed_out_until'
Ignoring exception in on_member_update
Traceback (most recent call last):
  File "/usr/local/lib/python3.12/site-packages/discord/client.py", line 465, in _run_event
    await coro(*args, **kwargs)
  File "/app/asu_discord/cogs/analytics.py", line 652, in on_member_update
    before_timeout = before.timed_out_until
                     ^^^^^^^^^^^^^^^^^^^^^^
AttributeError: 'Member' object has no attribute 'timed_out_until'
Ignoring exception in on_member_update
Traceback (most recent call last):
  File "/usr/local/lib/python3.12/site-packages/discord/client.py", line 465, in _run_event
    await coro(*args, **kwargs)
  File "/app/asu_discord/cogs/analytics.py", line 652, in on_member_update
    before_timeout = before.timed_out_until
                     ^^^^^^^^^^^^^^^^^^^^^^
AttributeError: 'Member' object has no attribute 'timed_out_until'
Ignoring exception in on_member_update
Traceback (most recent call last):
  File "/usr/local/lib/python3.12/site-packages/discord/client.py", line 465, in _run_event
    await coro(*args, **kwargs)
  File "/app/asu_discord/cogs/analytics.py", line 652, in on_member_update
    before_timeout = before.timed_out_until
                     ^^^^^^^^^^^^^^^^^^^^^^
AttributeError: 'Member' object has no attribute 'timed_out_until'
Ignoring exception in on_member_update
Traceback (most recent call last):
  File "/usr/local/lib/python3.12/site-packages/discord/client.py", line 465, in _run_event
    await coro(*args, **kwargs)
  File "/app/asu_discord/cogs/analytics.py", line 652, in on_member_update
    before_timeout = before.timed_out_until
                     ^^^^^^^^^^^^^^^^^^^^^^
AttributeError: 'Member' object has no attribute 'timed_out_until'
Ignoring exception in on_member_update
Traceback (most recent call last):
  File "/usr/local/lib/python3.12/site-packages/discord/client.py", line 465, in _run_event
    await coro(*args, **kwargs)
  File "/app/asu_discord/cogs/analytics.py", line 652, in on_member_update
    before_timeout = before.timed_out_until
                     ^^^^^^^^^^^^^^^^^^^^^^
AttributeError: 'Member' object has no attribute 'timed_out_until'
Ignoring exception in on_member_update
Traceback (most recent call last):
  File "/usr/local/lib/python3.12/site-packages/discord/client.py", line 465, in _run_event
    await coro(*args, **kwargs)
  File "/app/asu_discord/cogs/analytics.py", line 652, in on_member_update
    before_timeout = before.timed_out_until
                     ^^^^^^^^^^^^^^^^^^^^^^
AttributeError: 'Member' object has no attribute 'timed_out_until'
ERROR:cron.jobs:refresh_salesforce_roles: failed for amjone72 (Discord ID 702684769821130874): Timed out refresh Salesforce-based roles
Ignoring exception in on_member_update
Traceback (most recent call last):
  File "/usr/local/lib/python3.12/site-packages/discord/client.py", line 465, in _run_event
    await coro(*args, **kwargs)
  File "/app/asu_discord/cogs/analytics.py", line 652, in on_member_update
    before_timeout = before.timed_out_until
                     ^^^^^^^^^^^^^^^^^^^^^^
AttributeError: 'Member' object has no attribute 'timed_out_until'
Ignoring exception in on_member_update
Traceback (most recent call last):
  File "/usr/local/lib/python3.12/site-packages/discord/client.py", line 465, in _run_event
    await coro(*args, **kwargs)
  File "/app/asu_discord/cogs/analytics.py", line 652, in on_member_update
    before_timeout = before.timed_out_until
                     ^^^^^^^^^^^^^^^^^^^^^^
AttributeError: 'Member' object has no attribute 'timed_out_until'
Ignoring exception in on_member_update
Traceback (most recent call last):
  File "/usr/local/lib/python3.12/site-packages/discord/client.py", line 465, in _run_event
    await coro(*args, **kwargs)
  File "/app/asu_discord/cogs/analytics.py", line 652, in on_member_update
    before_timeout = before.timed_out_until
                     ^^^^^^^^^^^^^^^^^^^^^^
AttributeError: 'Member' object has no attribute 'timed_out_until'
Ignoring exception in on_member_update
Traceback (most recent call last):
  File "/usr/local/lib/python3.12/site-packages/discord/client.py", line 465, in _run_event
    await coro(*args, **kwargs)
  File "/app/asu_discord/cogs/analytics.py", line 652, in on_member_update
    before_timeout = before.timed_out_until
                     ^^^^^^^^^^^^^^^^^^^^^^
AttributeError: 'Member' object has no attribute 'timed_out_until'
Ignoring exception in on_member_update
Traceback (most recent call last):
  File "/usr/local/lib/python3.12/site-packages/discord/client.py", line 465, in _run_event
    await coro(*args, **kwargs)
  File "/app/asu_discord/cogs/analytics.py", line 652, in on_member_update
    before_timeout = before.timed_out_until
                     ^^^^^^^^^^^^^^^^^^^^^^
AttributeError: 'Member' object has no attribute 'timed_out_until'
Ignoring exception in on_member_update
Traceback (most recent call last):
  File "/usr/local/lib/python3.12/site-packages/discord/client.py", line 465, in _run_event
    await coro(*args, **kwargs)
  File "/app/asu_discord/cogs/analytics.py", line 652, in on_member_update
    before_timeout = before.timed_out_until
                     ^^^^^^^^^^^^^^^^^^^^^^
AttributeError: 'Member' object has no attribute 'timed_out_until'
Ignoring exception in on_member_update
Traceback (most recent call last):
  File "/usr/local/lib/python3.12/site-packages/discord/client.py", line 465, in _run_event
    await coro(*args, **kwargs)
  File "/app/asu_discord/cogs/analytics.py", line 652, in on_member_update
    before_timeout = before.timed_out_until
                     ^^^^^^^^^^^^^^^^^^^^^^
AttributeError: 'Member' object has no attribute 'timed_out_until'
Ignoring exception in on_member_update
Traceback (most recent call last):
  File "/usr/local/lib/python3.12/site-packages/discord/client.py", line 465, in _run_event
    await coro(*args, **kwargs)
  File "/app/asu_discord/cogs/analytics.py", line 652, in on_member_update
    before_timeout = before.timed_out_until
                     ^^^^^^^^^^^^^^^^^^^^^^
AttributeError: 'Member' object has no attribute 'timed_out_until'
Ignoring exception in on_member_update
Traceback (most recent call last):
  File "/usr/local/lib/python3.12/site-packages/discord/client.py", line 465, in _run_event
    await coro(*args, **kwargs)
  File "/app/asu_discord/cogs/analytics.py", line 652, in on_member_update
    before_timeout = before.timed_out_until
                     ^^^^^^^^^^^^^^^^^^^^^^
AttributeError: 'Member' object has no attribute 'timed_out_until'
Ignoring exception in on_member_update
Traceback (most recent call last):
  File "/usr/local/lib/python3.12/site-packages/discord/client.py", line 465, in _run_event
    await coro(*args, **kwargs)
  File "/app/asu_discord/cogs/analytics.py", line 652, in on_member_update
    before_timeout = before.timed_out_until
                     ^^^^^^^^^^^^^^^^^^^^^^
AttributeError: 'Member' object has no attribute 'timed_out_until'
INFO:asu_discord.cogs.verification:Saved 5 roles to database for user rlandgre (Discord ID: 718941749631910018)
INFO:asu_discord.cogs.verification:Refreshed Salesforce roles for Discord user 718941749631910018: -5/+5 roles, assigned=[Arizona Resident, Commited, First Year, Herberger Institute for Design and the Arts, Tempe]
Ignoring exception in on_member_update
Traceback (most recent call last):
  File "/usr/local/lib/python3.12/site-packages/discord/client.py", line 465, in _run_event
    await coro(*args, **kwargs)
  File "/app/asu_discord/cogs/analytics.py", line 652, in on_member_update
    before_timeout = before.timed_out_until
                     ^^^^^^^^^^^^^^^^^^^^^^
AttributeError: 'Member' object has no attribute 'timed_out_until'
Ignoring exception in on_member_update
Traceback (most recent call last):
  File "/usr/local/lib/python3.12/site-packages/discord/client.py", line 465, in _run_event
    await coro(*args, **kwargs)
  File "/app/asu_discord/cogs/analytics.py", line 652, in on_member_update
    before_timeout = before.timed_out_until
                     ^^^^^^^^^^^^^^^^^^^^^^
AttributeError: 'Member' object has no attribute 'timed_out_until'
Ignoring exception in on_member_update
Traceback (most recent call last):
  File "/usr/local/lib/python3.12/site-packages/discord/client.py", line 465, in _run_event
    await coro(*args, **kwargs)
  File "/app/asu_discord/cogs/analytics.py", line 652, in on_member_update
    before_timeout = before.timed_out_until
                     ^^^^^^^^^^^^^^^^^^^^^^
AttributeError: 'Member' object has no attribute 'timed_out_until'
Ignoring exception in on_member_update
Traceback (most recent call last):
  File "/usr/local/lib/python3.12/site-packages/discord/client.py", line 465, in _run_event
    await coro(*args, **kwargs)
  File "/app/asu_discord/cogs/analytics.py", line 652, in on_member_update
    before_timeout = before.timed_out_until
                     ^^^^^^^^^^^^^^^^^^^^^^
AttributeError: 'Member' object has no attribute 'timed_out_until'
Ignoring exception in on_member_update
Traceback (most recent call last):
  File "/usr/local/lib/python3.12/site-packages/discord/client.py", line 465, in _run_event
    await coro(*args, **kwargs)
  File "/app/asu_discord/cogs/analytics.py", line 652, in on_member_update
    before_timeout = before.timed_out_until
                     ^^^^^^^^^^^^^^^^^^^^^^
AttributeError: 'Member' object has no attribute 'timed_out_until'
Ignoring exception in on_member_update
Traceback (most recent call last):
  File "/usr/local/lib/python3.12/site-packages/discord/client.py", line 465, in _run_event
    await coro(*args, **kwargs)
  File "/app/asu_discord/cogs/analytics.py", line 652, in on_member_update
    before_timeout = before.timed_out_until
                     ^^^^^^^^^^^^^^^^^^^^^^
AttributeError: 'Member' object has no attribute 'timed_out_until'
Ignoring exception in on_member_update
Traceback (most recent call last):
  File "/usr/local/lib/python3.12/site-packages/discord/client.py", line 465, in _run_event
    await coro(*args, **kwargs)
  File "/app/asu_discord/cogs/analytics.py", line 652, in on_member_update
    before_timeout = before.timed_out_until
                     ^^^^^^^^^^^^^^^^^^^^^^
AttributeError: 'Member' object has no attribute 'timed_out_until'
Ignoring exception in on_member_update
Traceback (most recent call last):
  File "/usr/local/lib/python3.12/site-packages/discord/client.py", line 465, in _run_event
    await coro(*args, **kwargs)
  File "/app/asu_discord/cogs/analytics.py", line 652, in on_member_update
    before_timeout = before.timed_out_until
                     ^^^^^^^^^^^^^^^^^^^^^^
AttributeError: 'Member' object has no attribute 'timed_out_until'
Ignoring exception in on_member_update
Traceback (most recent call last):
  File "/usr/local/lib/python3.12/site-packages/discord/client.py", line 465, in _run_event
    await coro(*args, **kwargs)
  File "/app/asu_discord/cogs/analytics.py", line 652, in on_member_update
    before_timeout = before.timed_out_until
                     ^^^^^^^^^^^^^^^^^^^^^^
AttributeError: 'Member' object has no attribute 'timed_out_until'
Ignoring exception in on_member_update
Traceback (most recent call last):
  File "/usr/local/lib/python3.12/site-packages/discord/client.py", line 465, in _run_event
    await coro(*args, **kwargs)
  File "/app/asu_discord/cogs/analytics.py", line 652, in on_member_update
    before_timeout = before.timed_out_until
                     ^^^^^^^^^^^^^^^^^^^^^^
AttributeError: 'Member' object has no attribute 'timed_out_until'
INFO:asu_discord.cogs.verification:Saved 5 roles to database for user bskolb (Discord ID: 775777833230401566)
INFO:asu_discord.cogs.verification:Refreshed Salesforce roles for Discord user 775777833230401566: -5/+5 roles, assigned=[Commited, First Year, Ira A. Fulton Schools of Engineering, Out of State, Polytechnic]
Ignoring exception in on_member_update
Traceback (most recent call last):
  File "/usr/local/lib/python3.12/site-packages/discord/client.py", line 465, in _run_event
    await coro(*args, **kwargs)
  File "/app/asu_discord/cogs/analytics.py", line 652, in on_member_update
    before_timeout = before.timed_out_until
                     ^^^^^^^^^^^^^^^^^^^^^^
AttributeError: 'Member' object has no attribute 'timed_out_until'
Ignoring exception in on_member_update
Traceback (most recent call last):
  File "/usr/local/lib/python3.12/site-packages/discord/client.py", line 465, in _run_event
    await coro(*args, **kwargs)
  File "/app/asu_discord/cogs/analytics.py", line 652, in on_member_update
    before_timeout = before.timed_out_until
                     ^^^^^^^^^^^^^^^^^^^^^^
AttributeError: 'Member' object has no attribute 'timed_out_until'
Ignoring exception in on_member_update
Traceback (most recent call last):
  File "/usr/local/lib/python3.12/site-packages/discord/client.py", line 465, in _run_event
    await coro(*args, **kwargs)
  File "/app/asu_discord/cogs/analytics.py", line 652, in on_member_update
    before_timeout = before.timed_out_until
                     ^^^^^^^^^^^^^^^^^^^^^^
AttributeError: 'Member' object has no attribute 'timed_out_until'
Ignoring exception in on_member_update
Traceback (most recent call last):
  File "/usr/local/lib/python3.12/site-packages/discord/client.py", line 465, in _run_event
    await coro(*args, **kwargs)
  File "/app/asu_discord/cogs/analytics.py", line 652, in on_member_update
    before_timeout = before.timed_out_until
                     ^^^^^^^^^^^^^^^^^^^^^^
AttributeError: 'Member' object has no attribute 'timed_out_until'
Ignoring exception in on_member_update
Traceback (most recent call last):
  File "/usr/local/lib/python3.12/site-packages/discord/client.py", line 465, in _run_event
    await coro(*args, **kwargs)
  File "/app/asu_discord/cogs/analytics.py", line 652, in on_member_update
    before_timeout = before.timed_out_until
                     ^^^^^^^^^^^^^^^^^^^^^^
AttributeError: 'Member' object has no attribute 'timed_out_until'
Ignoring exception in on_member_update
Traceback (most recent call last):
  File "/usr/local/lib/python3.12/site-packages/discord/client.py", line 465, in _run_event
    await coro(*args, **kwargs)
  File "/app/asu_discord/cogs/analytics.py", line 652, in on_member_update
    before_timeout = before.timed_out_until
                     ^^^^^^^^^^^^^^^^^^^^^^
AttributeError: 'Member' object has no attribute 'timed_out_until'
Ignoring exception in on_member_update
Traceback (most recent call last):
  File "/usr/local/lib/python3.12/site-packages/discord/client.py", line 465, in _run_event
    await coro(*args, **kwargs)
  File "/app/asu_discord/cogs/analytics.py", line 652, in on_member_update
    before_timeout = before.timed_out_until
                     ^^^^^^^^^^^^^^^^^^^^^^
AttributeError: 'Member' object has no attribute 'timed_out_until'
Ignoring exception in on_member_update
Traceback (most recent call last):
  File "/usr/local/lib/python3.12/site-packages/discord/client.py", line 465, in _run_event
    await coro(*args, **kwargs)
  File "/app/asu_discord/cogs/analytics.py", line 652, in on_member_update
    before_timeout = before.timed_out_until
                     ^^^^^^^^^^^^^^^^^^^^^^
AttributeError: 'Member' object has no attribute 'timed_out_until'
Ignoring exception in on_member_update
Traceback (most recent call last):
  File "/usr/local/lib/python3.12/site-packages/discord/client.py", line 465, in _run_event
    await coro(*args, **kwargs)
  File "/app/asu_discord/cogs/analytics.py", line 652, in on_member_update
    before_timeout = before.timed_out_until
                     ^^^^^^^^^^^^^^^^^^^^^^
AttributeError: 'Member' object has no attribute 'timed_out_until'
Ignoring exception in on_member_update
Traceback (most recent call last):
  File "/usr/local/lib/python3.12/site-packages/discord/client.py", line 465, in _run_event
    await coro(*args, **kwargs)
  File "/app/asu_discord/cogs/analytics.py", line 652, in on_member_update
    before_timeout = before.timed_out_until
                     ^^^^^^^^^^^^^^^^^^^^^^
AttributeError: 'Member' object has no attribute 'timed_out_until'
INFO:asu_discord.cogs.verification:Saved 5 roles to database for user yaalabb1 (Discord ID: 784572417859125268)
INFO:asu_discord.cogs.verification:Refreshed Salesforce roles for Discord user 784572417859125268: -5/+5 roles, assigned=[First Year, International Student, Tempe, Upperclassmen, W.P. Carey School of Business]
Ignoring exception in on_member_update
Traceback (most recent call last):
  File "/usr/local/lib/python3.12/site-packages/discord/client.py", line 465, in _run_event
    await coro(*args, **kwargs)
  File "/app/asu_discord/cogs/analytics.py", line 652, in on_member_update
    before_timeout = before.timed_out_until
                     ^^^^^^^^^^^^^^^^^^^^^^
AttributeError: 'Member' object has no attribute 'timed_out_until'
Ignoring exception in on_member_update
Traceback (most recent call last):
  File "/usr/local/lib/python3.12/site-packages/discord/client.py", line 465, in _run_event
    await coro(*args, **kwargs)
  File "/app/asu_discord/cogs/analytics.py", line 652, in on_member_update
    before_timeout = before.timed_out_until
                     ^^^^^^^^^^^^^^^^^^^^^^
AttributeError: 'Member' object has no attribute 'timed_out_until'
Ignoring exception in on_member_update
Traceback (most recent call last):
  File "/usr/local/lib/python3.12/site-packages/discord/client.py", line 465, in _run_event
    await coro(*args, **kwargs)
  File "/app/asu_discord/cogs/analytics.py", line 652, in on_member_update
    before_timeout = before.timed_out_until
                     ^^^^^^^^^^^^^^^^^^^^^^
AttributeError: 'Member' object has no attribute 'timed_out_until'
Ignoring exception in on_member_update
Traceback (most recent call last):
  File "/usr/local/lib/python3.12/site-packages/discord/client.py", line 465, in _run_event
    await coro(*args, **kwargs)
  File "/app/asu_discord/cogs/analytics.py", line 652, in on_member_update
    before_timeout = before.timed_out_until
                     ^^^^^^^^^^^^^^^^^^^^^^
AttributeError: 'Member' object has no attribute 'timed_out_until'
Ignoring exception in on_member_update
Traceback (most recent call last):
  File "/usr/local/lib/python3.12/site-packages/discord/client.py", line 465, in _run_event
    await coro(*args, **kwargs)
  File "/app/asu_discord/cogs/analytics.py", line 652, in on_member_update
    before_timeout = before.timed_out_until
                     ^^^^^^^^^^^^^^^^^^^^^^
AttributeError: 'Member' object has no attribute 'timed_out_until'
Ignoring exception in on_member_update
Traceback (most recent call last):
  File "/usr/local/lib/python3.12/site-packages/discord/client.py", line 465, in _run_event
    await coro(*args, **kwargs)
  File "/app/asu_discord/cogs/analytics.py", line 652, in on_member_update
    before_timeout = before.timed_out_until
                     ^^^^^^^^^^^^^^^^^^^^^^
AttributeError: 'Member' object has no attribute 'timed_out_until'
Ignoring exception in on_member_update
Traceback (most recent call last):
  File "/usr/local/lib/python3.12/site-packages/discord/client.py", line 465, in _run_event
    await coro(*args, **kwargs)
  File "/app/asu_discord/cogs/analytics.py", line 652, in on_member_update
    before_timeout = before.timed_out_until
                     ^^^^^^^^^^^^^^^^^^^^^^
AttributeError: 'Member' object has no attribute 'timed_out_until'
Ignoring exception in on_member_update
Traceback (most recent call last):
  File "/usr/local/lib/python3.12/site-packages/discord/client.py", line 465, in _run_event
    await coro(*args, **kwargs)
  File "/app/asu_discord/cogs/analytics.py", line 652, in on_member_update
    before_timeout = before.timed_out_until
                     ^^^^^^^^^^^^^^^^^^^^^^
AttributeError: 'Member' object has no attribute 'timed_out_until'
Ignoring exception in on_member_update
Traceback (most recent call last):
  File "/usr/local/lib/python3.12/site-packages/discord/client.py", line 465, in _run_event
    await coro(*args, **kwargs)
  File "/app/asu_discord/cogs/analytics.py", line 652, in on_member_update
    before_timeout = before.timed_out_until
                     ^^^^^^^^^^^^^^^^^^^^^^
AttributeError: 'Member' object has no attribute 'timed_out_until'
Ignoring exception in on_member_update
Traceback (most recent call last):
  File "/usr/local/lib/python3.12/site-packages/discord/client.py", line 465, in _run_event
    await coro(*args, **kwargs)
  File "/app/asu_discord/cogs/analytics.py", line 652, in on_member_update
    before_timeout = before.timed_out_until
                     ^^^^^^^^^^^^^^^^^^^^^^
AttributeError: 'Member' object has no attribute 'timed_out_until'
INFO:asu_discord.cogs.verification:Saved 5 roles to database for user isadaf (Discord ID: 1073280456990146591)
INFO:asu_discord.cogs.verification:Refreshed Salesforce roles for Discord user 1073280456990146591: -5/+5 roles, assigned=[Commited, First Year, International Student, Ira A. Fulton Schools of Engineering, Tempe]
Ignoring exception in on_member_update
Traceback (most recent call last):
  File "/usr/local/lib/python3.12/site-packages/discord/client.py", line 465, in _run_event
    await coro(*args, **kwargs)
  File "/app/asu_discord/cogs/analytics.py", line 652, in on_member_update
    before_timeout = before.timed_out_until
                     ^^^^^^^^^^^^^^^^^^^^^^
AttributeError: 'Member' object has no attribute 'timed_out_until'
Ignoring exception in on_member_update
Traceback (most recent call last):
  File "/usr/local/lib/python3.12/site-packages/discord/client.py", line 465, in _run_event
    await coro(*args, **kwargs)
  File "/app/asu_discord/cogs/analytics.py", line 652, in on_member_update
    before_timeout = before.timed_out_until
                     ^^^^^^^^^^^^^^^^^^^^^^
AttributeError: 'Member' object has no attribute 'timed_out_until'
Ignoring exception in on_member_update
Traceback (most recent call last):
  File "/usr/local/lib/python3.12/site-packages/discord/client.py", line 465, in _run_event
    await coro(*args, **kwargs)
  File "/app/asu_discord/cogs/analytics.py", line 652, in on_member_update
    before_timeout = before.timed_out_until
                     ^^^^^^^^^^^^^^^^^^^^^^
AttributeError: 'Member' object has no attribute 'timed_out_until'
Ignoring exception in on_member_update
Traceback (most recent call last):
  File "/usr/local/lib/python3.12/site-packages/discord/client.py", line 465, in _run_event
    await coro(*args, **kwargs)
  File "/app/asu_discord/cogs/analytics.py", line 652, in on_member_update
    before_timeout = before.timed_out_until
                     ^^^^^^^^^^^^^^^^^^^^^^
AttributeError: 'Member' object has no attribute 'timed_out_until'
Ignoring exception in on_member_update
Traceback (most recent call last):
  File "/usr/local/lib/python3.12/site-packages/discord/client.py", line 465, in _run_event
    await coro(*args, **kwargs)
  File "/app/asu_discord/cogs/analytics.py", line 652, in on_member_update
    before_timeout = before.timed_out_until
                     ^^^^^^^^^^^^^^^^^^^^^^
AttributeError: 'Member' object has no attribute 'timed_out_until'
Ignoring exception in on_member_update
Traceback (most recent call last):
  File "/usr/local/lib/python3.12/site-packages/discord/client.py", line 465, in _run_event
    await coro(*args, **kwargs)
  File "/app/asu_discord/cogs/analytics.py", line 652, in on_member_update
    before_timeout = before.timed_out_until
                     ^^^^^^^^^^^^^^^^^^^^^^
AttributeError: 'Member' object has no attribute 'timed_out_until'
Ignoring exception in on_member_update
Traceback (most recent call last):
  File "/usr/local/lib/python3.12/site-packages/discord/client.py", line 465, in _run_event
    await coro(*args, **kwargs)
  File "/app/asu_discord/cogs/analytics.py", line 652, in on_member_update
    before_timeout = before.timed_out_until
                     ^^^^^^^^^^^^^^^^^^^^^^
AttributeError: 'Member' object has no attribute 'timed_out_until'
Ignoring exception in on_member_update
Traceback (most recent call last):
  File "/usr/local/lib/python3.12/site-packages/discord/client.py", line 465, in _run_event
    await coro(*args, **kwargs)
  File "/app/asu_discord/cogs/analytics.py", line 652, in on_member_update
    before_timeout = before.timed_out_until
                     ^^^^^^^^^^^^^^^^^^^^^^
AttributeError: 'Member' object has no attribute 'timed_out_until'
Ignoring exception in on_member_update
Traceback (most recent call last):
  File "/usr/local/lib/python3.12/site-packages/discord/client.py", line 465, in _run_event
    await coro(*args, **kwargs)
  File "/app/asu_discord/cogs/analytics.py", line 652, in on_member_update
    before_timeout = before.timed_out_until
                     ^^^^^^^^^^^^^^^^^^^^^^
AttributeError: 'Member' object has no attribute 'timed_out_until'
Ignoring exception in on_member_update
Traceback (most recent call last):
  File "/usr/local/lib/python3.12/site-packages/discord/client.py", line 465, in _run_event
    await coro(*args, **kwargs)
  File "/app/asu_discord/cogs/analytics.py", line 652, in on_member_update
    before_timeout = before.timed_out_until
                     ^^^^^^^^^^^^^^^^^^^^^^
AttributeError: 'Member' object has no attribute 'timed_out_until'
INFO:asu_discord.cogs.verification:Saved 5 roles to database for user ntasnim6 (Discord ID: 1464252793056399483)
INFO:asu_discord.cogs.verification:Refreshed Salesforce roles for Discord user 1464252793056399483: -5/+5 roles, assigned=[Commited, First Year, International Student, Tempe, W.P. Carey School of Business]
Ignoring exception in on_member_update
Traceback (most recent call last):
  File "/usr/local/lib/python3.12/site-packages/discord/client.py", line 465, in _run_event
    await coro(*args, **kwargs)
  File "/app/asu_discord/cogs/analytics.py", line 652, in on_member_update
    before_timeout = before.timed_out_until
                     ^^^^^^^^^^^^^^^^^^^^^^
AttributeError: 'Member' object has no attribute 'timed_out_until'
Ignoring exception in on_member_update
Traceback (most recent call last):
  File "/usr/local/lib/python3.12/site-packages/discord/client.py", line 465, in _run_event
    await coro(*args, **kwargs)
  File "/app/asu_discord/cogs/analytics.py", line 652, in on_member_update
    before_timeout = before.timed_out_until
                     ^^^^^^^^^^^^^^^^^^^^^^
AttributeError: 'Member' object has no attribute 'timed_out_until'
Ignoring exception in on_member_update
Traceback (most recent call last):
  File "/usr/local/lib/python3.12/site-packages/discord/client.py", line 465, in _run_event
    await coro(*args, **kwargs)
  File "/app/asu_discord/cogs/analytics.py", line 652, in on_member_update
    before_timeout = before.timed_out_until
                     ^^^^^^^^^^^^^^^^^^^^^^
AttributeError: 'Member' object has no attribute 'timed_out_until'
Ignoring exception in on_member_update
Traceback (most recent call last):
  File "/usr/local/lib/python3.12/site-packages/discord/client.py", line 465, in _run_event
    await coro(*args, **kwargs)
  File "/app/asu_discord/cogs/analytics.py", line 652, in on_member_update
    before_timeout = before.timed_out_until
                     ^^^^^^^^^^^^^^^^^^^^^^
AttributeError: 'Member' object has no attribute 'timed_out_until'
Ignoring exception in on_member_update
Traceback (most recent call last):
  File "/usr/local/lib/python3.12/site-packages/discord/client.py", line 465, in _run_event
    await coro(*args, **kwargs)
  File "/app/asu_discord/cogs/analytics.py", line 652, in on_member_update
    before_timeout = before.timed_out_until
                     ^^^^^^^^^^^^^^^^^^^^^^
AttributeError: 'Member' object has no attribute 'timed_out_until'
Ignoring exception in on_member_update
Traceback (most recent call last):
  File "/usr/local/lib/python3.12/site-packages/discord/client.py", line 465, in _run_event
    await coro(*args, **kwargs)
  File "/app/asu_discord/cogs/analytics.py", line 652, in on_member_update
    before_timeout = before.timed_out_until
                     ^^^^^^^^^^^^^^^^^^^^^^
AttributeError: 'Member' object has no attribute 'timed_out_until'
Ignoring exception in on_member_update
Traceback (most recent call last):
  File "/usr/local/lib/python3.12/site-packages/discord/client.py", line 465, in _run_event
    await coro(*args, **kwargs)
  File "/app/asu_discord/cogs/analytics.py", line 652, in on_member_update
    before_timeout = before.timed_out_until
                     ^^^^^^^^^^^^^^^^^^^^^^
AttributeError: 'Member' object has no attribute 'timed_out_until'
Ignoring exception in on_member_update
Traceback (most recent call last):
  File "/usr/local/lib/python3.12/site-packages/discord/client.py", line 465, in _run_event
    await coro(*args, **kwargs)
  File "/app/asu_discord/cogs/analytics.py", line 652, in on_member_update
    before_timeout = before.timed_out_until
                     ^^^^^^^^^^^^^^^^^^^^^^
AttributeError: 'Member' object has no attribute 'timed_out_until'
Ignoring exception in on_member_update
Traceback (most recent call last):
  File "/usr/local/lib/python3.12/site-packages/discord/client.py", line 465, in _run_event
    await coro(*args, **kwargs)
  File "/app/asu_discord/cogs/analytics.py", line 652, in on_member_update
    before_timeout = before.timed_out_until
                     ^^^^^^^^^^^^^^^^^^^^^^
AttributeError: 'Member' object has no attribute 'timed_out_until'
Ignoring exception in on_member_update
Traceback (most recent call last):
  File "/usr/local/lib/python3.12/site-packages/discord/client.py", line 465, in _run_event
    await coro(*args, **kwargs)
  File "/app/asu_discord/cogs/analytics.py", line 652, in on_member_update
    before_timeout = before.timed_out_until
                     ^^^^^^^^^^^^^^^^^^^^^^
AttributeError: 'Member' object has no attribute 'timed_out_until'
INFO:asu_discord.cogs.verification:Saved 5 roles to database for user calonsoa (Discord ID: 1471557233555804243)
INFO:asu_discord.cogs.verification:Refreshed Salesforce roles for Discord user 1471557233555804243: -5/+5 roles, assigned=[Commited, Graduate Student, International Student, Ira A. Fulton Schools of Engineering, Tempe]
Ignoring exception in on_member_update
Traceback (most recent call last):
  File "/usr/local/lib/python3.12/site-packages/discord/client.py", line 465, in _run_event
    await coro(*args, **kwargs)
  File "/app/asu_discord/cogs/analytics.py", line 652, in on_member_update
    before_timeout = before.timed_out_until
                     ^^^^^^^^^^^^^^^^^^^^^^
AttributeError: 'Member' object has no attribute 'timed_out_until'
Ignoring exception in on_member_update
Traceback (most recent call last):
  File "/usr/local/lib/python3.12/site-packages/discord/client.py", line 465, in _run_event
    await coro(*args, **kwargs)
  File "/app/asu_discord/cogs/analytics.py", line 652, in on_member_update
    before_timeout = before.timed_out_until
                     ^^^^^^^^^^^^^^^^^^^^^^
AttributeError: 'Member' object has no attribute 'timed_out_until'
Ignoring exception in on_member_update
Traceback (most recent call last):
  File "/usr/local/lib/python3.12/site-packages/discord/client.py", line 465, in _run_event
    await coro(*args, **kwargs)
  File "/app/asu_discord/cogs/analytics.py", line 652, in on_member_update
    before_timeout = before.timed_out_until
                     ^^^^^^^^^^^^^^^^^^^^^^
AttributeError: 'Member' object has no attribute 'timed_out_until'
Ignoring exception in on_member_update
Traceback (most recent call last):
  File "/usr/local/lib/python3.12/site-packages/discord/client.py", line 465, in _run_event
    await coro(*args, **kwargs)
  File "/app/asu_discord/cogs/analytics.py", line 652, in on_member_update
    before_timeout = before.timed_out_until
                     ^^^^^^^^^^^^^^^^^^^^^^
AttributeError: 'Member' object has no attribute 'timed_out_until'
Ignoring exception in on_member_update
Traceback (most recent call last):
  File "/usr/local/lib/python3.12/site-packages/discord/client.py", line 465, in _run_event
    await coro(*args, **kwargs)
  File "/app/asu_discord/cogs/analytics.py", line 652, in on_member_update
    before_timeout = before.timed_out_until
                     ^^^^^^^^^^^^^^^^^^^^^^
AttributeError: 'Member' object has no attribute 'timed_out_until'
Ignoring exception in on_member_update
Traceback (most recent call last):
  File "/usr/local/lib/python3.12/site-packages/discord/client.py", line 465, in _run_event
    await coro(*args, **kwargs)
  File "/app/asu_discord/cogs/analytics.py", line 652, in on_member_update
    before_timeout = before.timed_out_until
                     ^^^^^^^^^^^^^^^^^^^^^^
AttributeError: 'Member' object has no attribute 'timed_out_until'
Ignoring exception in on_member_update
Traceback (most recent call last):
  File "/usr/local/lib/python3.12/site-packages/discord/client.py", line 465, in _run_event
    await coro(*args, **kwargs)
  File "/app/asu_discord/cogs/analytics.py", line 652, in on_member_update
    before_timeout = before.timed_out_until
                     ^^^^^^^^^^^^^^^^^^^^^^
AttributeError: 'Member' object has no attribute 'timed_out_until'
Ignoring exception in on_member_update
Traceback (most recent call last):
  File "/usr/local/lib/python3.12/site-packages/discord/client.py", line 465, in _run_event
    await coro(*args, **kwargs)
  File "/app/asu_discord/cogs/analytics.py", line 652, in on_member_update
    before_timeout = before.timed_out_until
                     ^^^^^^^^^^^^^^^^^^^^^^
AttributeError: 'Member' object has no attribute 'timed_out_until'
Ignoring exception in on_member_update
Traceback (most recent call last):
  File "/usr/local/lib/python3.12/site-packages/discord/client.py", line 465, in _run_event
    await coro(*args, **kwargs)
  File "/app/asu_discord/cogs/analytics.py", line 652, in on_member_update
    before_timeout = before.timed_out_until
                     ^^^^^^^^^^^^^^^^^^^^^^
AttributeError: 'Member' object has no attribute 'timed_out_until'
Ignoring exception in on_member_update
Traceback (most recent call last):
  File "/usr/local/lib/python3.12/site-packages/discord/client.py", line 465, in _run_event
    await coro(*args, **kwargs)
  File "/app/asu_discord/cogs/analytics.py", line 652, in on_member_update
    before_timeout = before.timed_out_until
                     ^^^^^^^^^^^^^^^^^^^^^^
AttributeError: 'Member' object has no attribute 'timed_out_until'
INFO:asu_discord.cogs.verification:Saved 5 roles to database for user smason38 (Discord ID: 886354906989080577)
INFO:asu_discord.cogs.verification:Refreshed Salesforce roles for Discord user 886354906989080577: -5/+5 roles, assigned=[Arizona Resident, Downtown Phoenix, First Generation Student, First Year, W.P. Carey School of Business]
Ignoring exception in on_member_update
Traceback (most recent call last):
  File "/usr/local/lib/python3.12/site-packages/discord/client.py", line 465, in _run_event
    await coro(*args, **kwargs)
  File "/app/asu_discord/cogs/analytics.py", line 652, in on_member_update
    before_timeout = before.timed_out_until
                     ^^^^^^^^^^^^^^^^^^^^^^
AttributeError: 'Member' object has no attribute 'timed_out_until'
Ignoring exception in on_member_update
Traceback (most recent call last):
  File "/usr/local/lib/python3.12/site-packages/discord/client.py", line 465, in _run_event
    await coro(*args, **kwargs)
  File "/app/asu_discord/cogs/analytics.py", line 652, in on_member_update
    before_timeout = before.timed_out_until
                     ^^^^^^^^^^^^^^^^^^^^^^
AttributeError: 'Member' object has no attribute 'timed_out_until'
Ignoring exception in on_member_update
Traceback (most recent call last):
  File "/usr/local/lib/python3.12/site-packages/discord/client.py", line 465, in _run_event
    await coro(*args, **kwargs)
  File "/app/asu_discord/cogs/analytics.py", line 652, in on_member_update
    before_timeout = before.timed_out_until
                     ^^^^^^^^^^^^^^^^^^^^^^
AttributeError: 'Member' object has no attribute 'timed_out_until'
Ignoring exception in on_member_update
Traceback (most recent call last):
  File "/usr/local/lib/python3.12/site-packages/discord/client.py", line 465, in _run_event
    await coro(*args, **kwargs)
  File "/app/asu_discord/cogs/analytics.py", line 652, in on_member_update
    before_timeout = before.timed_out_until
                     ^^^^^^^^^^^^^^^^^^^^^^
AttributeError: 'Member' object has no attribute 'timed_out_until'
Ignoring exception in on_member_update
Traceback (most recent call last):
  File "/usr/local/lib/python3.12/site-packages/discord/client.py", line 465, in _run_event
    await coro(*args, **kwargs)
  File "/app/asu_discord/cogs/analytics.py", line 652, in on_member_update
    before_timeout = before.timed_out_until
                     ^^^^^^^^^^^^^^^^^^^^^^
AttributeError: 'Member' object has no attribute 'timed_out_until'
Ignoring exception in on_member_update
Traceback (most recent call last):
  File "/usr/local/lib/python3.12/site-packages/discord/client.py", line 465, in _run_event
    await coro(*args, **kwargs)
  File "/app/asu_discord/cogs/analytics.py", line 652, in on_member_update
    before_timeout = before.timed_out_until
                     ^^^^^^^^^^^^^^^^^^^^^^
AttributeError: 'Member' object has no attribute 'timed_out_until'
Ignoring exception in on_member_update
Traceback (most recent call last):
  File "/usr/local/lib/python3.12/site-packages/discord/client.py", line 465, in _run_event
    await coro(*args, **kwargs)
  File "/app/asu_discord/cogs/analytics.py", line 652, in on_member_update
    before_timeout = before.timed_out_until
                     ^^^^^^^^^^^^^^^^^^^^^^
AttributeError: 'Member' object has no attribute 'timed_out_until'
Ignoring exception in on_member_update
Traceback (most recent call last):
  File "/usr/local/lib/python3.12/site-packages/discord/client.py", line 465, in _run_event
    await coro(*args, **kwargs)
  File "/app/asu_discord/cogs/analytics.py", line 652, in on_member_update
    before_timeout = before.timed_out_until
                     ^^^^^^^^^^^^^^^^^^^^^^
AttributeError: 'Member' object has no attribute 'timed_out_until'
INFO:asu_discord.cogs.verification:Saved 4 roles to database for user tzsilave (Discord ID: 694320507645984769)
INFO:asu_discord.cogs.verification:Refreshed Salesforce roles for Discord user 694320507645984769: -4/+4 roles, assigned=[Arizona Resident, First Year, Ira A. Fulton Schools of Engineering, Tempe]
ERROR:cron.jobs:refresh_salesforce_roles: failed for aoladira (Discord ID 1141407914775564288): Failed to refresh Salesforce-based roles: Discord user 1141407914775564288 is not a member of the guild
Ignoring exception in on_member_update
Traceback (most recent call last):
  File "/usr/local/lib/python3.12/site-packages/discord/client.py", line 465, in _run_event
    await coro(*args, **kwargs)
  File "/app/asu_discord/cogs/analytics.py", line 652, in on_member_update
    before_timeout = before.timed_out_until
                     ^^^^^^^^^^^^^^^^^^^^^^
AttributeError: 'Member' object has no attribute 'timed_out_until'
Ignoring exception in on_member_update
Traceback (most recent call last):
  File "/usr/local/lib/python3.12/site-packages/discord/client.py", line 465, in _run_event
    await coro(*args, **kwargs)
  File "/app/asu_discord/cogs/analytics.py", line 652, in on_member_update
    before_timeout = before.timed_out_until
                     ^^^^^^^^^^^^^^^^^^^^^^
AttributeError: 'Member' object has no attribute 'timed_out_until'
Ignoring exception in on_member_update
Traceback (most recent call last):
  File "/usr/local/lib/python3.12/site-packages/discord/client.py", line 465, in _run_event
    await coro(*args, **kwargs)
  File "/app/asu_discord/cogs/analytics.py", line 652, in on_member_update
    before_timeout = before.timed_out_until
                     ^^^^^^^^^^^^^^^^^^^^^^
AttributeError: 'Member' object has no attribute 'timed_out_until'
Ignoring exception in on_member_update
Traceback (most recent call last):
  File "/usr/local/lib/python3.12/site-packages/discord/client.py", line 465, in _run_event
    await coro(*args, **kwargs)
  File "/app/asu_discord/cogs/analytics.py", line 652, in on_member_update
    before_timeout = before.timed_out_until
                     ^^^^^^^^^^^^^^^^^^^^^^
AttributeError: 'Member' object has no attribute 'timed_out_until'
Ignoring exception in on_member_update
Traceback (most recent call last):
  File "/usr/local/lib/python3.12/site-packages/discord/client.py", line 465, in _run_event
    await coro(*args, **kwargs)
  File "/app/asu_discord/cogs/analytics.py", line 652, in on_member_update
    before_timeout = before.timed_out_until
                     ^^^^^^^^^^^^^^^^^^^^^^
AttributeError: 'Member' object has no attribute 'timed_out_until'
Ignoring exception in on_member_update
Traceback (most recent call last):
  File "/usr/local/lib/python3.12/site-packages/discord/client.py", line 465, in _run_event
    await coro(*args, **kwargs)
  File "/app/asu_discord/cogs/analytics.py", line 652, in on_member_update
    before_timeout = before.timed_out_until
                     ^^^^^^^^^^^^^^^^^^^^^^
AttributeError: 'Member' object has no attribute 'timed_out_until'
Ignoring exception in on_member_update
Traceback (most recent call last):
  File "/usr/local/lib/python3.12/site-packages/discord/client.py", line 465, in _run_event
    await coro(*args, **kwargs)
  File "/app/asu_discord/cogs/analytics.py", line 652, in on_member_update
    before_timeout = before.timed_out_until
                     ^^^^^^^^^^^^^^^^^^^^^^
AttributeError: 'Member' object has no attribute 'timed_out_until'
Ignoring exception in on_member_update
Traceback (most recent call last):
  File "/usr/local/lib/python3.12/site-packages/discord/client.py", line 465, in _run_event
    await coro(*args, **kwargs)
  File "/app/asu_discord/cogs/analytics.py", line 652, in on_member_update
    before_timeout = before.timed_out_until
                     ^^^^^^^^^^^^^^^^^^^^^^
AttributeError: 'Member' object has no attribute 'timed_out_until'
Ignoring exception in on_member_update
Traceback (most recent call last):
  File "/usr/local/lib/python3.12/site-packages/discord/client.py", line 465, in _run_event
    await coro(*args, **kwargs)
  File "/app/asu_discord/cogs/analytics.py", line 652, in on_member_update
    before_timeout = before.timed_out_until
                     ^^^^^^^^^^^^^^^^^^^^^^
AttributeError: 'Member' object has no attribute 'timed_out_until'
Ignoring exception in on_member_update
Traceback (most recent call last):
  File "/usr/local/lib/python3.12/site-packages/discord/client.py", line 465, in _run_event
    await coro(*args, **kwargs)
  File "/app/asu_discord/cogs/analytics.py", line 652, in on_member_update
    before_timeout = before.timed_out_until
                     ^^^^^^^^^^^^^^^^^^^^^^
AttributeError: 'Member' object has no attribute 'timed_out_until'
ERROR:cron.jobs:refresh_salesforce_roles: failed for vdelga14 (Discord ID 1501726054299992175): Timed out refresh Salesforce-based roles
Ignoring exception in on_member_update
Traceback (most recent call last):
  File "/usr/local/lib/python3.12/site-packages/discord/client.py", line 465, in _run_event
    await coro(*args, **kwargs)
  File "/app/asu_discord/cogs/analytics.py", line 652, in on_member_update
    before_timeout = before.timed_out_until
                     ^^^^^^^^^^^^^^^^^^^^^^
AttributeError: 'Member' object has no attribute 'timed_out_until'
Ignoring exception in on_member_update
Traceback (most recent call last):
  File "/usr/local/lib/python3.12/site-packages/discord/client.py", line 465, in _run_event
    await coro(*args, **kwargs)
  File "/app/asu_discord/cogs/analytics.py", line 652, in on_member_update
    before_timeout = before.timed_out_until
                     ^^^^^^^^^^^^^^^^^^^^^^
AttributeError: 'Member' object has no attribute 'timed_out_until'
Ignoring exception in on_member_update
Traceback (most recent call last):
  File "/usr/local/lib/python3.12/site-packages/discord/client.py", line 465, in _run_event
    await coro(*args, **kwargs)
  File "/app/asu_discord/cogs/analytics.py", line 652, in on_member_update
    before_timeout = before.timed_out_until
                     ^^^^^^^^^^^^^^^^^^^^^^
AttributeError: 'Member' object has no attribute 'timed_out_until'
Ignoring exception in on_member_update
Traceback (most recent call last):
  File "/usr/local/lib/python3.12/site-packages/discord/client.py", line 465, in _run_event
    await coro(*args, **kwargs)
  File "/app/asu_discord/cogs/analytics.py", line 652, in on_member_update
    before_timeout = before.timed_out_until
                     ^^^^^^^^^^^^^^^^^^^^^^
AttributeError: 'Member' object has no attribute 'timed_out_until'
Ignoring exception in on_member_update
Traceback (most recent call last):
  File "/usr/local/lib/python3.12/site-packages/discord/client.py", line 465, in _run_event
    await coro(*args, **kwargs)
  File "/app/asu_discord/cogs/analytics.py", line 652, in on_member_update
    before_timeout = before.timed_out_until
                     ^^^^^^^^^^^^^^^^^^^^^^
AttributeError: 'Member' object has no attribute 'timed_out_until'
Ignoring exception in on_member_update
Traceback (most recent call last):
  File "/usr/local/lib/python3.12/site-packages/discord/client.py", line 465, in _run_event
    await coro(*args, **kwargs)
  File "/app/asu_discord/cogs/analytics.py", line 652, in on_member_update
    before_timeout = before.timed_out_until
                     ^^^^^^^^^^^^^^^^^^^^^^
AttributeError: 'Member' object has no attribute 'timed_out_until'
Ignoring exception in on_member_update
Traceback (most recent call last):
  File "/usr/local/lib/python3.12/site-packages/discord/client.py", line 465, in _run_event
    await coro(*args, **kwargs)
  File "/app/asu_discord/cogs/analytics.py", line 652, in on_member_update
    before_timeout = before.timed_out_until
                     ^^^^^^^^^^^^^^^^^^^^^^
AttributeError: 'Member' object has no attribute 'timed_out_until'
Ignoring exception in on_member_update
Traceback (most recent call last):
  File "/usr/local/lib/python3.12/site-packages/discord/client.py", line 465, in _run_event
    await coro(*args, **kwargs)
  File "/app/asu_discord/cogs/analytics.py", line 652, in on_member_update
    before_timeout = before.timed_out_until
                     ^^^^^^^^^^^^^^^^^^^^^^
AttributeError: 'Member' object has no attribute 'timed_out_until'
Ignoring exception in on_member_update
Traceback (most recent call last):
  File "/usr/local/lib/python3.12/site-packages/discord/client.py", line 465, in _run_event
    await coro(*args, **kwargs)
  File "/app/asu_discord/cogs/analytics.py", line 652, in on_member_update
    before_timeout = before.timed_out_until
                     ^^^^^^^^^^^^^^^^^^^^^^
AttributeError: 'Member' object has no attribute 'timed_out_until'
Ignoring exception in on_member_update
Traceback (most recent call last):
  File "/usr/local/lib/python3.12/site-packages/discord/client.py", line 465, in _run_event
    await coro(*args, **kwargs)
  File "/app/asu_discord/cogs/analytics.py", line 652, in on_member_update
    before_timeout = before.timed_out_until
                     ^^^^^^^^^^^^^^^^^^^^^^
AttributeError: 'Member' object has no attribute 'timed_out_until'
INFO:asu_discord.cogs.verification:Saved 5 roles to database for user jsotelog (Discord ID: 762887888983556109)
INFO:asu_discord.cogs.verification:Refreshed Salesforce roles for Discord user 762887888983556109: -5/+5 roles, assigned=[Arizona Resident, Commited, Ira A. Fulton Schools of Engineering, Tempe, Transfer Student]
Ignoring exception in on_member_update
Traceback (most recent call last):
  File "/usr/local/lib/python3.12/site-packages/discord/client.py", line 465, in _run_event
    await coro(*args, **kwargs)
  File "/app/asu_discord/cogs/analytics.py", line 652, in on_member_update
    before_timeout = before.timed_out_until
                     ^^^^^^^^^^^^^^^^^^^^^^
AttributeError: 'Member' object has no attribute 'timed_out_until'
Ignoring exception in on_member_update
Traceback (most recent call last):
  File "/usr/local/lib/python3.12/site-packages/discord/client.py", line 465, in _run_event
    await coro(*args, **kwargs)
  File "/app/asu_discord/cogs/analytics.py", line 652, in on_member_update
    before_timeout = before.timed_out_until
                     ^^^^^^^^^^^^^^^^^^^^^^
AttributeError: 'Member' object has no attribute 'timed_out_until'
Ignoring exception in on_member_update
Traceback (most recent call last):
  File "/usr/local/lib/python3.12/site-packages/discord/client.py", line 465, in _run_event
    await coro(*args, **kwargs)
  File "/app/asu_discord/cogs/analytics.py", line 652, in on_member_update
    before_timeout = before.timed_out_until
                     ^^^^^^^^^^^^^^^^^^^^^^
AttributeError: 'Member' object has no attribute 'timed_out_until'
Ignoring exception in on_member_update
Traceback (most recent call last):
  File "/usr/local/lib/python3.12/site-packages/discord/client.py", line 465, in _run_event
    await coro(*args, **kwargs)
  File "/app/asu_discord/cogs/analytics.py", line 652, in on_member_update
    before_timeout = before.timed_out_until
                     ^^^^^^^^^^^^^^^^^^^^^^
AttributeError: 'Member' object has no attribute 'timed_out_until'
Ignoring exception in on_member_update
Traceback (most recent call last):
  File "/usr/local/lib/python3.12/site-packages/discord/client.py", line 465, in _run_event
    await coro(*args, **kwargs)
  File "/app/asu_discord/cogs/analytics.py", line 652, in on_member_update
    before_timeout = before.timed_out_until
                     ^^^^^^^^^^^^^^^^^^^^^^
AttributeError: 'Member' object has no attribute 'timed_out_until'
Ignoring exception in on_member_update
Traceback (most recent call last):
  File "/usr/local/lib/python3.12/site-packages/discord/client.py", line 465, in _run_event
    await coro(*args, **kwargs)
  File "/app/asu_discord/cogs/analytics.py", line 652, in on_member_update
    before_timeout = before.timed_out_until
                     ^^^^^^^^^^^^^^^^^^^^^^
AttributeError: 'Member' object has no attribute 'timed_out_until'
Ignoring exception in on_member_update
Traceback (most recent call last):
  File "/usr/local/lib/python3.12/site-packages/discord/client.py", line 465, in _run_event
    await coro(*args, **kwargs)
  File "/app/asu_discord/cogs/analytics.py", line 652, in on_member_update
    before_timeout = before.timed_out_until
                     ^^^^^^^^^^^^^^^^^^^^^^
AttributeError: 'Member' object has no attribute 'timed_out_until'
Ignoring exception in on_member_update
Traceback (most recent call last):
  File "/usr/local/lib/python3.12/site-packages/discord/client.py", line 465, in _run_event
    await coro(*args, **kwargs)
  File "/app/asu_discord/cogs/analytics.py", line 652, in on_member_update
    before_timeout = before.timed_out_until
                     ^^^^^^^^^^^^^^^^^^^^^^
AttributeError: 'Member' object has no attribute 'timed_out_until'
INFO:asu_discord.cogs.verification:Saved 4 roles to database for user acarri82 (Discord ID: 1012490852905537597)
INFO:asu_discord.cogs.verification:Refreshed Salesforce roles for Discord user 1012490852905537597: -4/+4 roles, assigned=[Arizona Resident, Tempe, Transfer Student, W.P. Carey School of Business]
Ignoring exception in on_member_update
Traceback (most recent call last):
  File "/usr/local/lib/python3.12/site-packages/discord/client.py", line 465, in _run_event
    await coro(*args, **kwargs)
  File "/app/asu_discord/cogs/analytics.py", line 652, in on_member_update
    before_timeout = before.timed_out_until
                     ^^^^^^^^^^^^^^^^^^^^^^
AttributeError: 'Member' object has no attribute 'timed_out_until'
Ignoring exception in on_member_update
Traceback (most recent call last):
  File "/usr/local/lib/python3.12/site-packages/discord/client.py", line 465, in _run_event
    await coro(*args, **kwargs)
  File "/app/asu_discord/cogs/analytics.py", line 652, in on_member_update
    before_timeout = before.timed_out_until
                     ^^^^^^^^^^^^^^^^^^^^^^
AttributeError: 'Member' object has no attribute 'timed_out_until'
Ignoring exception in on_member_update
Traceback (most recent call last):
  File "/usr/local/lib/python3.12/site-packages/discord/client.py", line 465, in _run_event
    await coro(*args, **kwargs)
  File "/app/asu_discord/cogs/analytics.py", line 652, in on_member_update
    before_timeout = before.timed_out_until
                     ^^^^^^^^^^^^^^^^^^^^^^
AttributeError: 'Member' object has no attribute 'timed_out_until'
Ignoring exception in on_member_update
Traceback (most recent call last):
  File "/usr/local/lib/python3.12/site-packages/discord/client.py", line 465, in _run_event
    await coro(*args, **kwargs)
  File "/app/asu_discord/cogs/analytics.py", line 652, in on_member_update
    before_timeout = before.timed_out_until
                     ^^^^^^^^^^^^^^^^^^^^^^
AttributeError: 'Member' object has no attribute 'timed_out_until'
Ignoring exception in on_member_update
Traceback (most recent call last):
  File "/usr/local/lib/python3.12/site-packages/discord/client.py", line 465, in _run_event
    await coro(*args, **kwargs)
  File "/app/asu_discord/cogs/analytics.py", line 652, in on_member_update
    before_timeout = before.timed_out_until
                     ^^^^^^^^^^^^^^^^^^^^^^
AttributeError: 'Member' object has no attribute 'timed_out_until'
Ignoring exception in on_member_update
Traceback (most recent call last):
  File "/usr/local/lib/python3.12/site-packages/discord/client.py", line 465, in _run_event
    await coro(*args, **kwargs)
  File "/app/asu_discord/cogs/analytics.py", line 652, in on_member_update
    before_timeout = before.timed_out_until
                     ^^^^^^^^^^^^^^^^^^^^^^
AttributeError: 'Member' object has no attribute 'timed_out_until'
Ignoring exception in on_member_update
Traceback (most recent call last):
  File "/usr/local/lib/python3.12/site-packages/discord/client.py", line 465, in _run_event
    await coro(*args, **kwargs)
  File "/app/asu_discord/cogs/analytics.py", line 652, in on_member_update
    before_timeout = before.timed_out_until
                     ^^^^^^^^^^^^^^^^^^^^^^
AttributeError: 'Member' object has no attribute 'timed_out_until'
INFO:asu_discord.cogs.verification:Saved 4 roles to database for user cwongwai (Discord ID: 707854007208640583)
INFO:asu_discord.cogs.verification:Refreshed Salesforce roles for Discord user 707854007208640583: -4/+3 roles, assigned=[Graduate Student, International Student, W.P. Carey School of Business, West Valley]
Ignoring exception in on_member_update
Traceback (most recent call last):
  File "/usr/local/lib/python3.12/site-packages/discord/client.py", line 465, in _run_event
    await coro(*args, **kwargs)
  File "/app/asu_discord/cogs/analytics.py", line 652, in on_member_update
    before_timeout = before.timed_out_until
                     ^^^^^^^^^^^^^^^^^^^^^^
AttributeError: 'Member' object has no attribute 'timed_out_until'
Ignoring exception in on_member_update
Traceback (most recent call last):
  File "/usr/local/lib/python3.12/site-packages/discord/client.py", line 465, in _run_event
    await coro(*args, **kwargs)
  File "/app/asu_discord/cogs/analytics.py", line 652, in on_member_update
    before_timeout = before.timed_out_until
                     ^^^^^^^^^^^^^^^^^^^^^^
AttributeError: 'Member' object has no attribute 'timed_out_until'
Ignoring exception in on_member_update
Traceback (most recent call last):
  File "/usr/local/lib/python3.12/site-packages/discord/client.py", line 465, in _run_event
    await coro(*args, **kwargs)
  File "/app/asu_discord/cogs/analytics.py", line 652, in on_member_update
    before_timeout = before.timed_out_until
                     ^^^^^^^^^^^^^^^^^^^^^^
AttributeError: 'Member' object has no attribute 'timed_out_until'
Ignoring exception in on_member_update
Traceback (most recent call last):
  File "/usr/local/lib/python3.12/site-packages/discord/client.py", line 465, in _run_event
    await coro(*args, **kwargs)
  File "/app/asu_discord/cogs/analytics.py", line 652, in on_member_update
    before_timeout = before.timed_out_until
                     ^^^^^^^^^^^^^^^^^^^^^^
AttributeError: 'Member' object has no attribute 'timed_out_until'
Ignoring exception in on_member_update
Traceback (most recent call last):
  File "/usr/local/lib/python3.12/site-packages/discord/client.py", line 465, in _run_event
    await coro(*args, **kwargs)
  File "/app/asu_discord/cogs/analytics.py", line 652, in on_member_update
    before_timeout = before.timed_out_until
                     ^^^^^^^^^^^^^^^^^^^^^^
AttributeError: 'Member' object has no attribute 'timed_out_until'
Ignoring exception in on_member_update
Traceback (most recent call last):
  File "/usr/local/lib/python3.12/site-packages/discord/client.py", line 465, in _run_event
    await coro(*args, **kwargs)
  File "/app/asu_discord/cogs/analytics.py", line 652, in on_member_update
    before_timeout = before.timed_out_until
                     ^^^^^^^^^^^^^^^^^^^^^^
AttributeError: 'Member' object has no attribute 'timed_out_until'
Ignoring exception in on_member_update
Traceback (most recent call last):
  File "/usr/local/lib/python3.12/site-packages/discord/client.py", line 465, in _run_event
    await coro(*args, **kwargs)
  File "/app/asu_discord/cogs/analytics.py", line 652, in on_member_update
    before_timeout = before.timed_out_until
                     ^^^^^^^^^^^^^^^^^^^^^^
AttributeError: 'Member' object has no attribute 'timed_out_until'
Ignoring exception in on_member_update
Traceback (most recent call last):
  File "/usr/local/lib/python3.12/site-packages/discord/client.py", line 465, in _run_event
    await coro(*args, **kwargs)
  File "/app/asu_discord/cogs/analytics.py", line 652, in on_member_update
    before_timeout = before.timed_out_until
                     ^^^^^^^^^^^^^^^^^^^^^^
AttributeError: 'Member' object has no attribute 'timed_out_until'
Ignoring exception in on_member_update
Traceback (most recent call last):
  File "/usr/local/lib/python3.12/site-packages/discord/client.py", line 465, in _run_event
    await coro(*args, **kwargs)
  File "/app/asu_discord/cogs/analytics.py", line 652, in on_member_update
    before_timeout = before.timed_out_until
                     ^^^^^^^^^^^^^^^^^^^^^^
AttributeError: 'Member' object has no attribute 'timed_out_until'
Ignoring exception in on_member_update
Traceback (most recent call last):
  File "/usr/local/lib/python3.12/site-packages/discord/client.py", line 465, in _run_event
    await coro(*args, **kwargs)
  File "/app/asu_discord/cogs/analytics.py", line 652, in on_member_update
    before_timeout = before.timed_out_until
                     ^^^^^^^^^^^^^^^^^^^^^^
AttributeError: 'Member' object has no attribute 'timed_out_until'
INFO:asu_discord.cogs.verification:Saved 5 roles to database for user sgambhi3 (Discord ID: 1464939355607929068)
INFO:asu_discord.cogs.verification:Refreshed Salesforce roles for Discord user 1464939355607929068: -5/+5 roles, assigned=[Commited, First Year, International Student, Ira A. Fulton Schools of Engineering, Tempe]
Ignoring exception in on_member_update
Traceback (most recent call last):
  File "/usr/local/lib/python3.12/site-packages/discord/client.py", line 465, in _run_event
    await coro(*args, **kwargs)
  File "/app/asu_discord/cogs/analytics.py", line 652, in on_member_update
    before_timeout = before.timed_out_until
                     ^^^^^^^^^^^^^^^^^^^^^^
AttributeError: 'Member' object has no attribute 'timed_out_until'
Ignoring exception in on_member_update
Traceback (most recent call last):
  File "/usr/local/lib/python3.12/site-packages/discord/client.py", line 465, in _run_event
    await coro(*args, **kwargs)
  File "/app/asu_discord/cogs/analytics.py", line 652, in on_member_update
    before_timeout = before.timed_out_until
                     ^^^^^^^^^^^^^^^^^^^^^^
AttributeError: 'Member' object has no attribute 'timed_out_until'
Ignoring exception in on_member_update
Traceback (most recent call last):
  File "/usr/local/lib/python3.12/site-packages/discord/client.py", line 465, in _run_event
    await coro(*args, **kwargs)
  File "/app/asu_discord/cogs/analytics.py", line 652, in on_member_update
    before_timeout = before.timed_out_until
                     ^^^^^^^^^^^^^^^^^^^^^^
AttributeError: 'Member' object has no attribute 'timed_out_until'
Ignoring exception in on_member_update
Traceback (most recent call last):
  File "/usr/local/lib/python3.12/site-packages/discord/client.py", line 465, in _run_event
    await coro(*args, **kwargs)
  File "/app/asu_discord/cogs/analytics.py", line 652, in on_member_update
    before_timeout = before.timed_out_until
                     ^^^^^^^^^^^^^^^^^^^^^^
AttributeError: 'Member' object has no attribute 'timed_out_until'
Ignoring exception in on_member_update
Traceback (most recent call last):
  File "/usr/local/lib/python3.12/site-packages/discord/client.py", line 465, in _run_event
    await coro(*args, **kwargs)
  File "/app/asu_discord/cogs/analytics.py", line 652, in on_member_update
    before_timeout = before.timed_out_until
                     ^^^^^^^^^^^^^^^^^^^^^^
AttributeError: 'Member' object has no attribute 'timed_out_until'
Ignoring exception in on_member_update
Traceback (most recent call last):
  File "/usr/local/lib/python3.12/site-packages/discord/client.py", line 465, in _run_event
    await coro(*args, **kwargs)
  File "/app/asu_discord/cogs/analytics.py", line 652, in on_member_update
    before_timeout = before.timed_out_until
                     ^^^^^^^^^^^^^^^^^^^^^^
AttributeError: 'Member' object has no attribute 'timed_out_until'
Ignoring exception in on_member_update
Traceback (most recent call last):
  File "/usr/local/lib/python3.12/site-packages/discord/client.py", line 465, in _run_event
    await coro(*args, **kwargs)
  File "/app/asu_discord/cogs/analytics.py", line 652, in on_member_update
    before_timeout = before.timed_out_until
                     ^^^^^^^^^^^^^^^^^^^^^^
AttributeError: 'Member' object has no attribute 'timed_out_until'
Ignoring exception in on_member_update
Traceback (most recent call last):
  File "/usr/local/lib/python3.12/site-packages/discord/client.py", line 465, in _run_event
    await coro(*args, **kwargs)
  File "/app/asu_discord/cogs/analytics.py", line 652, in on_member_update
    before_timeout = before.timed_out_until
                     ^^^^^^^^^^^^^^^^^^^^^^
AttributeError: 'Member' object has no attribute 'timed_out_until'
Ignoring exception in on_member_update
Traceback (most recent call last):
  File "/usr/local/lib/python3.12/site-packages/discord/client.py", line 465, in _run_event
    await coro(*args, **kwargs)
  File "/app/asu_discord/cogs/analytics.py", line 652, in on_member_update
    before_timeout = before.timed_out_until
                     ^^^^^^^^^^^^^^^^^^^^^^
AttributeError: 'Member' object has no attribute 'timed_out_until'
Ignoring exception in on_member_update
Traceback (most recent call last):
  File "/usr/local/lib/python3.12/site-packages/discord/client.py", line 465, in _run_event
    await coro(*args, **kwargs)
  File "/app/asu_discord/cogs/analytics.py", line 652, in on_member_update
    before_timeout = before.timed_out_until
                     ^^^^^^^^^^^^^^^^^^^^^^
AttributeError: 'Member' object has no attribute 'timed_out_until'
INFO:asu_discord.cogs.verification:Saved 5 roles to database for user ridiaz2 (Discord ID: 689305163822792708)
INFO:asu_discord.cogs.verification:Refreshed Salesforce roles for Discord user 689305163822792708: -5/+5 roles, assigned=[College of Liberal Arts and Sciences, Commited, Downtown Phoenix, Out of State, Transfer Student]
Ignoring exception in on_member_update
Traceback (most recent call last):
  File "/usr/local/lib/python3.12/site-packages/discord/client.py", line 465, in _run_event
    await coro(*args, **kwargs)
  File "/app/asu_discord/cogs/analytics.py", line 652, in on_member_update
    before_timeout = before.timed_out_until
                     ^^^^^^^^^^^^^^^^^^^^^^
AttributeError: 'Member' object has no attribute 'timed_out_until'
Ignoring exception in on_member_update
Traceback (most recent call last):
  File "/usr/local/lib/python3.12/site-packages/discord/client.py", line 465, in _run_event
    await coro(*args, **kwargs)
  File "/app/asu_discord/cogs/analytics.py", line 652, in on_member_update
    before_timeout = before.timed_out_until
                     ^^^^^^^^^^^^^^^^^^^^^^
AttributeError: 'Member' object has no attribute 'timed_out_until'
Ignoring exception in on_member_update
Traceback (most recent call last):
  File "/usr/local/lib/python3.12/site-packages/discord/client.py", line 465, in _run_event
    await coro(*args, **kwargs)
  File "/app/asu_discord/cogs/analytics.py", line 652, in on_member_update
    before_timeout = before.timed_out_until
                     ^^^^^^^^^^^^^^^^^^^^^^
AttributeError: 'Member' object has no attribute 'timed_out_until'
Ignoring exception in on_member_update
Traceback (most recent call last):
  File "/usr/local/lib/python3.12/site-packages/discord/client.py", line 465, in _run_event
    await coro(*args, **kwargs)
  File "/app/asu_discord/cogs/analytics.py", line 652, in on_member_update
    before_timeout = before.timed_out_until
                     ^^^^^^^^^^^^^^^^^^^^^^
AttributeError: 'Member' object has no attribute 'timed_out_until'
Ignoring exception in on_member_update
Traceback (most recent call last):
  File "/usr/local/lib/python3.12/site-packages/discord/client.py", line 465, in _run_event
    await coro(*args, **kwargs)
  File "/app/asu_discord/cogs/analytics.py", line 652, in on_member_update
    before_timeout = before.timed_out_until
                     ^^^^^^^^^^^^^^^^^^^^^^
AttributeError: 'Member' object has no attribute 'timed_out_until'
Ignoring exception in on_member_update
Traceback (most recent call last):
  File "/usr/local/lib/python3.12/site-packages/discord/client.py", line 465, in _run_event
    await coro(*args, **kwargs)
  File "/app/asu_discord/cogs/analytics.py", line 652, in on_member_update
    before_timeout = before.timed_out_until
                     ^^^^^^^^^^^^^^^^^^^^^^
AttributeError: 'Member' object has no attribute 'timed_out_until'
Ignoring exception in on_member_update
Traceback (most recent call last):
  File "/usr/local/lib/python3.12/site-packages/discord/client.py", line 465, in _run_event
    await coro(*args, **kwargs)
  File "/app/asu_discord/cogs/analytics.py", line 652, in on_member_update
    before_timeout = before.timed_out_until
                     ^^^^^^^^^^^^^^^^^^^^^^
AttributeError: 'Member' object has no attribute 'timed_out_until'
Ignoring exception in on_member_update
Traceback (most recent call last):
  File "/usr/local/lib/python3.12/site-packages/discord/client.py", line 465, in _run_event
    await coro(*args, **kwargs)
  File "/app/asu_discord/cogs/analytics.py", line 652, in on_member_update
    before_timeout = before.timed_out_until
                     ^^^^^^^^^^^^^^^^^^^^^^
AttributeError: 'Member' object has no attribute 'timed_out_until'
Ignoring exception in on_member_update
Traceback (most recent call last):
  File "/usr/local/lib/python3.12/site-packages/discord/client.py", line 465, in _run_event
    await coro(*args, **kwargs)
  File "/app/asu_discord/cogs/analytics.py", line 652, in on_member_update
    before_timeout = before.timed_out_until
                     ^^^^^^^^^^^^^^^^^^^^^^
AttributeError: 'Member' object has no attribute 'timed_out_until'
Ignoring exception in on_member_update
Traceback (most recent call last):
  File "/usr/local/lib/python3.12/site-packages/discord/client.py", line 465, in _run_event
    await coro(*args, **kwargs)
  File "/app/asu_discord/cogs/analytics.py", line 652, in on_member_update
    before_timeout = before.timed_out_until
                     ^^^^^^^^^^^^^^^^^^^^^^
AttributeError: 'Member' object has no attribute 'timed_out_until'
Ignoring exception in on_member_update
Traceback (most recent call last):
  File "/usr/local/lib/python3.12/site-packages/discord/client.py", line 465, in _run_event
    await coro(*args, **kwargs)
  File "/app/asu_discord/cogs/analytics.py", line 652, in on_member_update
    before_timeout = before.timed_out_until
                     ^^^^^^^^^^^^^^^^^^^^^^
AttributeError: 'Member' object has no attribute 'timed_out_until'
Ignoring exception in on_member_update
Traceback (most recent call last):
  File "/usr/local/lib/python3.12/site-packages/discord/client.py", line 465, in _run_event
    await coro(*args, **kwargs)
  File "/app/asu_discord/cogs/analytics.py", line 652, in on_member_update
    before_timeout = before.timed_out_until
                     ^^^^^^^^^^^^^^^^^^^^^^
AttributeError: 'Member' object has no attribute 'timed_out_until'
INFO:asu_discord.cogs.verification:Saved 6 roles to database for user lruiz110 (Discord ID: 1502026020709204001)
INFO:asu_discord.cogs.verification:Refreshed Salesforce roles for Discord user 1502026020709204001: -6/+6 roles, assigned=[Arizona Resident, Commited, First Generation Student, First Year, Ira A. Fulton Schools of Engineering, Tempe]
Ignoring exception in on_member_update
Traceback (most recent call last):
  File "/usr/local/lib/python3.12/site-packages/discord/client.py", line 465, in _run_event
    await coro(*args, **kwargs)
  File "/app/asu_discord/cogs/analytics.py", line 652, in on_member_update
    before_timeout = before.timed_out_until
                     ^^^^^^^^^^^^^^^^^^^^^^
AttributeError: 'Member' object has no attribute 'timed_out_until'
Ignoring exception in on_member_update
Traceback (most recent call last):
  File "/usr/local/lib/python3.12/site-packages/discord/client.py", line 465, in _run_event
    await coro(*args, **kwargs)
  File "/app/asu_discord/cogs/analytics.py", line 652, in on_member_update
    before_timeout = before.timed_out_until
                     ^^^^^^^^^^^^^^^^^^^^^^
AttributeError: 'Member' object has no attribute 'timed_out_until'
Ignoring exception in on_member_update
Traceback (most recent call last):
  File "/usr/local/lib/python3.12/site-packages/discord/client.py", line 465, in _run_event
    await coro(*args, **kwargs)
  File "/app/asu_discord/cogs/analytics.py", line 652, in on_member_update
    before_timeout = before.timed_out_until
                     ^^^^^^^^^^^^^^^^^^^^^^
AttributeError: 'Member' object has no attribute 'timed_out_until'
Ignoring exception in on_member_update
Traceback (most recent call last):
  File "/usr/local/lib/python3.12/site-packages/discord/client.py", line 465, in _run_event
    await coro(*args, **kwargs)
  File "/app/asu_discord/cogs/analytics.py", line 652, in on_member_update
    before_timeout = before.timed_out_until
                     ^^^^^^^^^^^^^^^^^^^^^^
AttributeError: 'Member' object has no attribute 'timed_out_until'
Ignoring exception in on_member_update
Traceback (most recent call last):
  File "/usr/local/lib/python3.12/site-packages/discord/client.py", line 465, in _run_event
    await coro(*args, **kwargs)
  File "/app/asu_discord/cogs/analytics.py", line 652, in on_member_update
    before_timeout = before.timed_out_until
                     ^^^^^^^^^^^^^^^^^^^^^^
AttributeError: 'Member' object has no attribute 'timed_out_until'
Ignoring exception in on_member_update
Traceback (most recent call last):
  File "/usr/local/lib/python3.12/site-packages/discord/client.py", line 465, in _run_event
    await coro(*args, **kwargs)
  File "/app/asu_discord/cogs/analytics.py", line 652, in on_member_update
    before_timeout = before.timed_out_until
                     ^^^^^^^^^^^^^^^^^^^^^^
AttributeError: 'Member' object has no attribute 'timed_out_until'
Ignoring exception in on_member_update
Traceback (most recent call last):
  File "/usr/local/lib/python3.12/site-packages/discord/client.py", line 465, in _run_event
    await coro(*args, **kwargs)
  File "/app/asu_discord/cogs/analytics.py", line 652, in on_member_update
    before_timeout = before.timed_out_until
                     ^^^^^^^^^^^^^^^^^^^^^^
AttributeError: 'Member' object has no attribute 'timed_out_until'
Ignoring exception in on_member_update
Traceback (most recent call last):
  File "/usr/local/lib/python3.12/site-packages/discord/client.py", line 465, in _run_event
    await coro(*args, **kwargs)
  File "/app/asu_discord/cogs/analytics.py", line 652, in on_member_update
    before_timeout = before.timed_out_until
                     ^^^^^^^^^^^^^^^^^^^^^^
AttributeError: 'Member' object has no attribute 'timed_out_until'
Ignoring exception in on_member_update
Traceback (most recent call last):
  File "/usr/local/lib/python3.12/site-packages/discord/client.py", line 465, in _run_event
    await coro(*args, **kwargs)
  File "/app/asu_discord/cogs/analytics.py", line 652, in on_member_update
    before_timeout = before.timed_out_until
                     ^^^^^^^^^^^^^^^^^^^^^^
AttributeError: 'Member' object has no attribute 'timed_out_until'
Ignoring exception in on_member_update
Traceback (most recent call last):
  File "/usr/local/lib/python3.12/site-packages/discord/client.py", line 465, in _run_event
    await coro(*args, **kwargs)
  File "/app/asu_discord/cogs/analytics.py", line 652, in on_member_update
    before_timeout = before.timed_out_until
                     ^^^^^^^^^^^^^^^^^^^^^^
AttributeError: 'Member' object has no attribute 'timed_out_until'
INFO:asu_discord.cogs.verification:Saved 5 roles to database for user mguana (Discord ID: 594975942867157013)
INFO:asu_discord.cogs.verification:Refreshed Salesforce roles for Discord user 594975942867157013: -5/+5 roles, assigned=[Arizona Resident, College of Liberal Arts and Sciences, Graduate Student, Herberger Institute for Design and the Arts, Tempe]
Ignoring exception in on_member_update
Traceback (most recent call last):
  File "/usr/local/lib/python3.12/site-packages/discord/client.py", line 465, in _run_event
    await coro(*args, **kwargs)
  File "/app/asu_discord/cogs/analytics.py", line 652, in on_member_update
    before_timeout = before.timed_out_until
                     ^^^^^^^^^^^^^^^^^^^^^^
AttributeError: 'Member' object has no attribute 'timed_out_until'
Ignoring exception in on_member_update
Traceback (most recent call last):
  File "/usr/local/lib/python3.12/site-packages/discord/client.py", line 465, in _run_event
    await coro(*args, **kwargs)
  File "/app/asu_discord/cogs/analytics.py", line 652, in on_member_update
    before_timeout = before.timed_out_until
                     ^^^^^^^^^^^^^^^^^^^^^^
AttributeError: 'Member' object has no attribute 'timed_out_until'
Ignoring exception in on_member_update
Traceback (most recent call last):
  File "/usr/local/lib/python3.12/site-packages/discord/client.py", line 465, in _run_event
    await coro(*args, **kwargs)
  File "/app/asu_discord/cogs/analytics.py", line 652, in on_member_update
    before_timeout = before.timed_out_until
                     ^^^^^^^^^^^^^^^^^^^^^^
AttributeError: 'Member' object has no attribute 'timed_out_until'
Ignoring exception in on_member_update
Traceback (most recent call last):
  File "/usr/local/lib/python3.12/site-packages/discord/client.py", line 465, in _run_event
    await coro(*args, **kwargs)
  File "/app/asu_discord/cogs/analytics.py", line 652, in on_member_update
    before_timeout = before.timed_out_until
                     ^^^^^^^^^^^^^^^^^^^^^^
AttributeError: 'Member' object has no attribute 'timed_out_until'
Ignoring exception in on_member_update
Traceback (most recent call last):
  File "/usr/local/lib/python3.12/site-packages/discord/client.py", line 465, in _run_event
    await coro(*args, **kwargs)
  File "/app/asu_discord/cogs/analytics.py", line 652, in on_member_update
    before_timeout = before.timed_out_until
                     ^^^^^^^^^^^^^^^^^^^^^^
AttributeError: 'Member' object has no attribute 'timed_out_until'
Ignoring exception in on_member_update
Traceback (most recent call last):
  File "/usr/local/lib/python3.12/site-packages/discord/client.py", line 465, in _run_event
    await coro(*args, **kwargs)
  File "/app/asu_discord/cogs/analytics.py", line 652, in on_member_update
    before_timeout = before.timed_out_until
                     ^^^^^^^^^^^^^^^^^^^^^^
AttributeError: 'Member' object has no attribute 'timed_out_until'
Ignoring exception in on_member_update
Traceback (most recent call last):
  File "/usr/local/lib/python3.12/site-packages/discord/client.py", line 465, in _run_event
    await coro(*args, **kwargs)
  File "/app/asu_discord/cogs/analytics.py", line 652, in on_member_update
    before_timeout = before.timed_out_until
                     ^^^^^^^^^^^^^^^^^^^^^^
AttributeError: 'Member' object has no attribute 'timed_out_until'
Ignoring exception in on_member_update
Traceback (most recent call last):
  File "/usr/local/lib/python3.12/site-packages/discord/client.py", line 465, in _run_event
    await coro(*args, **kwargs)
  File "/app/asu_discord/cogs/analytics.py", line 652, in on_member_update
    before_timeout = before.timed_out_until
                     ^^^^^^^^^^^^^^^^^^^^^^
AttributeError: 'Member' object has no attribute 'timed_out_until'
Ignoring exception in on_member_update
Traceback (most recent call last):
  File "/usr/local/lib/python3.12/site-packages/discord/client.py", line 465, in _run_event
    await coro(*args, **kwargs)
  File "/app/asu_discord/cogs/analytics.py", line 652, in on_member_update
    before_timeout = before.timed_out_until
                     ^^^^^^^^^^^^^^^^^^^^^^
AttributeError: 'Member' object has no attribute 'timed_out_until'
Ignoring exception in on_member_update
Traceback (most recent call last):
  File "/usr/local/lib/python3.12/site-packages/discord/client.py", line 465, in _run_event
    await coro(*args, **kwargs)
  File "/app/asu_discord/cogs/analytics.py", line 652, in on_member_update
    before_timeout = before.timed_out_until
                     ^^^^^^^^^^^^^^^^^^^^^^
AttributeError: 'Member' object has no attribute 'timed_out_until'
Ignoring exception in on_member_update
Traceback (most recent call last):
  File "/usr/local/lib/python3.12/site-packages/discord/client.py", line 465, in _run_event
    await coro(*args, **kwargs)
  File "/app/asu_discord/cogs/analytics.py", line 652, in on_member_update
    before_timeout = before.timed_out_until
                     ^^^^^^^^^^^^^^^^^^^^^^
AttributeError: 'Member' object has no attribute 'timed_out_until'
Ignoring exception in on_member_update
Traceback (most recent call last):
  File "/usr/local/lib/python3.12/site-packages/discord/client.py", line 465, in _run_event
    await coro(*args, **kwargs)
  File "/app/asu_discord/cogs/analytics.py", line 652, in on_member_update
    before_timeout = before.timed_out_until
                     ^^^^^^^^^^^^^^^^^^^^^^
AttributeError: 'Member' object has no attribute 'timed_out_until'
INFO:asu_discord.cogs.verification:Saved 6 roles to database for user emwangi5 (Discord ID: 1493293272825593948)
INFO:asu_discord.cogs.verification:Refreshed Salesforce roles for Discord user 1493293272825593948: -6/+6 roles, assigned=[College of Health Solutions, Commited, Downtown Phoenix, First Generation Student, Graduate Student, International Student]
ERROR:cron.jobs:refresh_salesforce_roles: failed for shperez3 (Discord ID 979307103892168755): Failed to refresh Salesforce-based roles: Discord user 979307103892168755 is not a member of the guild
Ignoring exception in on_member_update
Traceback (most recent call last):
  File "/usr/local/lib/python3.12/site-packages/discord/client.py", line 465, in _run_event
    await coro(*args, **kwargs)
  File "/app/asu_discord/cogs/analytics.py", line 652, in on_member_update
    before_timeout = before.timed_out_until
                     ^^^^^^^^^^^^^^^^^^^^^^
AttributeError: 'Member' object has no attribute 'timed_out_until'
Ignoring exception in on_member_update
Traceback (most recent call last):
  File "/usr/local/lib/python3.12/site-packages/discord/client.py", line 465, in _run_event
    await coro(*args, **kwargs)
  File "/app/asu_discord/cogs/analytics.py", line 652, in on_member_update
    before_timeout = before.timed_out_until
                     ^^^^^^^^^^^^^^^^^^^^^^
AttributeError: 'Member' object has no attribute 'timed_out_until'
INFO:asu_discord.cogs.verification:Saved 1 roles to database for user kboni (Discord ID: 1186814858700800010)
INFO:asu_discord.cogs.verification:Refreshed Salesforce roles for Discord user 1186814858700800010: -1/+1 roles, assigned=[Arizona Resident]
Ignoring exception in on_member_update
Traceback (most recent call last):
  File "/usr/local/lib/python3.12/site-packages/discord/client.py", line 465, in _run_event
    await coro(*args, **kwargs)
  File "/app/asu_discord/cogs/analytics.py", line 652, in on_member_update
    before_timeout = before.timed_out_until
                     ^^^^^^^^^^^^^^^^^^^^^^
AttributeError: 'Member' object has no attribute 'timed_out_until'
Ignoring exception in on_member_update
Traceback (most recent call last):
  File "/usr/local/lib/python3.12/site-packages/discord/client.py", line 465, in _run_event
    await coro(*args, **kwargs)
  File "/app/asu_discord/cogs/analytics.py", line 652, in on_member_update
    before_timeout = before.timed_out_until
                     ^^^^^^^^^^^^^^^^^^^^^^
AttributeError: 'Member' object has no attribute 'timed_out_until'
Ignoring exception in on_member_update
Traceback (most recent call last):
  File "/usr/local/lib/python3.12/site-packages/discord/client.py", line 465, in _run_event
    await coro(*args, **kwargs)
  File "/app/asu_discord/cogs/analytics.py", line 652, in on_member_update
    before_timeout = before.timed_out_until
                     ^^^^^^^^^^^^^^^^^^^^^^
AttributeError: 'Member' object has no attribute 'timed_out_until'
Ignoring exception in on_member_update
Traceback (most recent call last):
  File "/usr/local/lib/python3.12/site-packages/discord/client.py", line 465, in _run_event
    await coro(*args, **kwargs)
  File "/app/asu_discord/cogs/analytics.py", line 652, in on_member_update
    before_timeout = before.timed_out_until
                     ^^^^^^^^^^^^^^^^^^^^^^
AttributeError: 'Member' object has no attribute 'timed_out_until'
Ignoring exception in on_member_update
Traceback (most recent call last):
  File "/usr/local/lib/python3.12/site-packages/discord/client.py", line 465, in _run_event
    await coro(*args, **kwargs)
  File "/app/asu_discord/cogs/analytics.py", line 652, in on_member_update
    before_timeout = before.timed_out_until
                     ^^^^^^^^^^^^^^^^^^^^^^
AttributeError: 'Member' object has no attribute 'timed_out_until'
Ignoring exception in on_member_update
Traceback (most recent call last):
  File "/usr/local/lib/python3.12/site-packages/discord/client.py", line 465, in _run_event
    await coro(*args, **kwargs)
  File "/app/asu_discord/cogs/analytics.py", line 652, in on_member_update
    before_timeout = before.timed_out_until
                     ^^^^^^^^^^^^^^^^^^^^^^
AttributeError: 'Member' object has no attribute 'timed_out_until'
Ignoring exception in on_member_update
Traceback (most recent call last):
  File "/usr/local/lib/python3.12/site-packages/discord/client.py", line 465, in _run_event
    await coro(*args, **kwargs)
  File "/app/asu_discord/cogs/analytics.py", line 652, in on_member_update
    before_timeout = before.timed_out_until
                     ^^^^^^^^^^^^^^^^^^^^^^
AttributeError: 'Member' object has no attribute 'timed_out_until'
Ignoring exception in on_member_update
Traceback (most recent call last):
  File "/usr/local/lib/python3.12/site-packages/discord/client.py", line 465, in _run_event
    await coro(*args, **kwargs)
  File "/app/asu_discord/cogs/analytics.py", line 652, in on_member_update
    before_timeout = before.timed_out_until
                     ^^^^^^^^^^^^^^^^^^^^^^
AttributeError: 'Member' object has no attribute 'timed_out_until'
Ignoring exception in on_member_update
Traceback (most recent call last):
  File "/usr/local/lib/python3.12/site-packages/discord/client.py", line 465, in _run_event
    await coro(*args, **kwargs)
  File "/app/asu_discord/cogs/analytics.py", line 652, in on_member_update
    before_timeout = before.timed_out_until
                     ^^^^^^^^^^^^^^^^^^^^^^
AttributeError: 'Member' object has no attribute 'timed_out_until'
Ignoring exception in on_member_update
Traceback (most recent call last):
  File "/usr/local/lib/python3.12/site-packages/discord/client.py", line 465, in _run_event
    await coro(*args, **kwargs)
  File "/app/asu_discord/cogs/analytics.py", line 652, in on_member_update
    before_timeout = before.timed_out_until
                     ^^^^^^^^^^^^^^^^^^^^^^
AttributeError: 'Member' object has no attribute 'timed_out_until'
Ignoring exception in on_member_update
Traceback (most recent call last):
  File "/usr/local/lib/python3.12/site-packages/discord/client.py", line 465, in _run_event
    await coro(*args, **kwargs)
  File "/app/asu_discord/cogs/analytics.py", line 652, in on_member_update
    before_timeout = before.timed_out_until
                     ^^^^^^^^^^^^^^^^^^^^^^
AttributeError: 'Member' object has no attribute 'timed_out_until'
INFO:asu_discord.cogs.verification:Saved 6 roles to database for user eglopezc (Discord ID: 997267579531956374)
INFO:asu_discord.cogs.verification:Refreshed Salesforce roles for Discord user 997267579531956374: -6/+5 roles, assigned=[College of Liberal Arts and Sciences, Commited, First Generation Student, First Year, Out of State, Tempe]
ERROR:cron.jobs:refresh_salesforce_roles: failed for adelejia (Discord ID 702982882150580264): Failed to refresh Salesforce-based roles: Discord user 702982882150580264 is not a member of the guild
Ignoring exception in on_member_update
Traceback (most recent call last):
  File "/usr/local/lib/python3.12/site-packages/discord/client.py", line 465, in _run_event
    await coro(*args, **kwargs)
  File "/app/asu_discord/cogs/analytics.py", line 652, in on_member_update
    before_timeout = before.timed_out_until
                     ^^^^^^^^^^^^^^^^^^^^^^
AttributeError: 'Member' object has no attribute 'timed_out_until'
Ignoring exception in on_member_update
Traceback (most recent call last):
  File "/usr/local/lib/python3.12/site-packages/discord/client.py", line 465, in _run_event
    await coro(*args, **kwargs)
  File "/app/asu_discord/cogs/analytics.py", line 652, in on_member_update
    before_timeout = before.timed_out_until
                     ^^^^^^^^^^^^^^^^^^^^^^
AttributeError: 'Member' object has no attribute 'timed_out_until'
Ignoring exception in on_member_update
Traceback (most recent call last):
  File "/usr/local/lib/python3.12/site-packages/discord/client.py", line 465, in _run_event
    await coro(*args, **kwargs)
  File "/app/asu_discord/cogs/analytics.py", line 652, in on_member_update
    before_timeout = before.timed_out_until
                     ^^^^^^^^^^^^^^^^^^^^^^
AttributeError: 'Member' object has no attribute 'timed_out_until'
Ignoring exception in on_member_update
Traceback (most recent call last):
  File "/usr/local/lib/python3.12/site-packages/discord/client.py", line 465, in _run_event
    await coro(*args, **kwargs)
  File "/app/asu_discord/cogs/analytics.py", line 652, in on_member_update
    before_timeout = before.timed_out_until
                     ^^^^^^^^^^^^^^^^^^^^^^
AttributeError: 'Member' object has no attribute 'timed_out_until'
Ignoring exception in on_member_update
Traceback (most recent call last):
  File "/usr/local/lib/python3.12/site-packages/discord/client.py", line 465, in _run_event
    await coro(*args, **kwargs)
  File "/app/asu_discord/cogs/analytics.py", line 652, in on_member_update
    before_timeout = before.timed_out_until
                     ^^^^^^^^^^^^^^^^^^^^^^
AttributeError: 'Member' object has no attribute 'timed_out_until'
Ignoring exception in on_member_update
Traceback (most recent call last):
  File "/usr/local/lib/python3.12/site-packages/discord/client.py", line 465, in _run_event
    await coro(*args, **kwargs)
  File "/app/asu_discord/cogs/analytics.py", line 652, in on_member_update
    before_timeout = before.timed_out_until
                     ^^^^^^^^^^^^^^^^^^^^^^
AttributeError: 'Member' object has no attribute 'timed_out_until'
Ignoring exception in on_member_update
Traceback (most recent call last):
  File "/usr/local/lib/python3.12/site-packages/discord/client.py", line 465, in _run_event
    await coro(*args, **kwargs)
  File "/app/asu_discord/cogs/analytics.py", line 652, in on_member_update
    before_timeout = before.timed_out_until
                     ^^^^^^^^^^^^^^^^^^^^^^
AttributeError: 'Member' object has no attribute 'timed_out_until'
Ignoring exception in on_member_update
Traceback (most recent call last):
  File "/usr/local/lib/python3.12/site-packages/discord/client.py", line 465, in _run_event
    await coro(*args, **kwargs)
  File "/app/asu_discord/cogs/analytics.py", line 652, in on_member_update
    before_timeout = before.timed_out_until
                     ^^^^^^^^^^^^^^^^^^^^^^
AttributeError: 'Member' object has no attribute 'timed_out_until'
Ignoring exception in on_member_update
Traceback (most recent call last):
  File "/usr/local/lib/python3.12/site-packages/discord/client.py", line 465, in _run_event
    await coro(*args, **kwargs)
  File "/app/asu_discord/cogs/analytics.py", line 652, in on_member_update
    before_timeout = before.timed_out_until
                     ^^^^^^^^^^^^^^^^^^^^^^
AttributeError: 'Member' object has no attribute 'timed_out_until'
Ignoring exception in on_member_update
Traceback (most recent call last):
  File "/usr/local/lib/python3.12/site-packages/discord/client.py", line 465, in _run_event
    await coro(*args, **kwargs)
  File "/app/asu_discord/cogs/analytics.py", line 652, in on_member_update
    before_timeout = before.timed_out_until
                     ^^^^^^^^^^^^^^^^^^^^^^
AttributeError: 'Member' object has no attribute 'timed_out_until'
INFO:asu_discord.cogs.verification:Saved 5 roles to database for user phnguy19 (Discord ID: 692217669088182302)
INFO:asu_discord.cogs.verification:Refreshed Salesforce roles for Discord user 692217669088182302: -5/+5 roles, assigned=[Arizona Resident, Commited, First Year, Herberger Institute for Design and the Arts, Polytechnic]
Ignoring exception in on_member_update
Traceback (most recent call last):
  File "/usr/local/lib/python3.12/site-packages/discord/client.py", line 465, in _run_event
    await coro(*args, **kwargs)
  File "/app/asu_discord/cogs/analytics.py", line 652, in on_member_update
    before_timeout = before.timed_out_until
                     ^^^^^^^^^^^^^^^^^^^^^^
AttributeError: 'Member' object has no attribute 'timed_out_until'
Ignoring exception in on_member_update
Traceback (most recent call last):
  File "/usr/local/lib/python3.12/site-packages/discord/client.py", line 465, in _run_event
    await coro(*args, **kwargs)
  File "/app/asu_discord/cogs/analytics.py", line 652, in on_member_update
    before_timeout = before.timed_out_until
                     ^^^^^^^^^^^^^^^^^^^^^^
AttributeError: 'Member' object has no attribute 'timed_out_until'
Ignoring exception in on_member_update
Traceback (most recent call last):
  File "/usr/local/lib/python3.12/site-packages/discord/client.py", line 465, in _run_event
    await coro(*args, **kwargs)
  File "/app/asu_discord/cogs/analytics.py", line 652, in on_member_update
    before_timeout = before.timed_out_until
                     ^^^^^^^^^^^^^^^^^^^^^^
AttributeError: 'Member' object has no attribute 'timed_out_until'
Ignoring exception in on_member_update
Traceback (most recent call last):
  File "/usr/local/lib/python3.12/site-packages/discord/client.py", line 465, in _run_event
    await coro(*args, **kwargs)
  File "/app/asu_discord/cogs/analytics.py", line 652, in on_member_update
    before_timeout = before.timed_out_until
                     ^^^^^^^^^^^^^^^^^^^^^^
AttributeError: 'Member' object has no attribute 'timed_out_until'
Ignoring exception in on_member_update
Traceback (most recent call last):
  File "/usr/local/lib/python3.12/site-packages/discord/client.py", line 465, in _run_event
    await coro(*args, **kwargs)
  File "/app/asu_discord/cogs/analytics.py", line 652, in on_member_update
    before_timeout = before.timed_out_until
                     ^^^^^^^^^^^^^^^^^^^^^^
AttributeError: 'Member' object has no attribute 'timed_out_until'
Ignoring exception in on_member_update
Traceback (most recent call last):
  File "/usr/local/lib/python3.12/site-packages/discord/client.py", line 465, in _run_event
    await coro(*args, **kwargs)
  File "/app/asu_discord/cogs/analytics.py", line 652, in on_member_update
    before_timeout = before.timed_out_until
                     ^^^^^^^^^^^^^^^^^^^^^^
AttributeError: 'Member' object has no attribute 'timed_out_until'
Ignoring exception in on_member_update
Traceback (most recent call last):
  File "/usr/local/lib/python3.12/site-packages/discord/client.py", line 465, in _run_event
    await coro(*args, **kwargs)
  File "/app/asu_discord/cogs/analytics.py", line 652, in on_member_update
    before_timeout = before.timed_out_until
                     ^^^^^^^^^^^^^^^^^^^^^^
AttributeError: 'Member' object has no attribute 'timed_out_until'
Ignoring exception in on_member_update
Traceback (most recent call last):
  File "/usr/local/lib/python3.12/site-packages/discord/client.py", line 465, in _run_event
    await coro(*args, **kwargs)
  File "/app/asu_discord/cogs/analytics.py", line 652, in on_member_update
    before_timeout = before.timed_out_until
                     ^^^^^^^^^^^^^^^^^^^^^^
AttributeError: 'Member' object has no attribute 'timed_out_until'
INFO:asu_discord.cogs.verification:Saved 5 roles to database for user tnprocto (Discord ID: 1506459016438616075)
INFO:asu_discord.cogs.verification:Refreshed Salesforce roles for Discord user 1506459016438616075: -4/+4 roles, assigned=[Arizona Resident, College of Health Solutions, Commited, First Year, West Valley]
Ignoring exception in on_member_update
Traceback (most recent call last):
  File "/usr/local/lib/python3.12/site-packages/discord/client.py", line 465, in _run_event
    await coro(*args, **kwargs)
  File "/app/asu_discord/cogs/analytics.py", line 652, in on_member_update
    before_timeout = before.timed_out_until
                     ^^^^^^^^^^^^^^^^^^^^^^
AttributeError: 'Member' object has no attribute 'timed_out_until'
Ignoring exception in on_member_update
Traceback (most recent call last):
  File "/usr/local/lib/python3.12/site-packages/discord/client.py", line 465, in _run_event
    await coro(*args, **kwargs)
  File "/app/asu_discord/cogs/analytics.py", line 652, in on_member_update
    before_timeout = before.timed_out_until
                     ^^^^^^^^^^^^^^^^^^^^^^
AttributeError: 'Member' object has no attribute 'timed_out_until'
Ignoring exception in on_member_update
Traceback (most recent call last):
  File "/usr/local/lib/python3.12/site-packages/discord/client.py", line 465, in _run_event
    await coro(*args, **kwargs)
  File "/app/asu_discord/cogs/analytics.py", line 652, in on_member_update
    before_timeout = before.timed_out_until
                     ^^^^^^^^^^^^^^^^^^^^^^
AttributeError: 'Member' object has no attribute 'timed_out_until'
Ignoring exception in on_member_update
Traceback (most recent call last):
  File "/usr/local/lib/python3.12/site-packages/discord/client.py", line 465, in _run_event
    await coro(*args, **kwargs)
  File "/app/asu_discord/cogs/analytics.py", line 652, in on_member_update
    before_timeout = before.timed_out_until
                     ^^^^^^^^^^^^^^^^^^^^^^
AttributeError: 'Member' object has no attribute 'timed_out_until'
Ignoring exception in on_member_update
Traceback (most recent call last):
  File "/usr/local/lib/python3.12/site-packages/discord/client.py", line 465, in _run_event
    await coro(*args, **kwargs)
  File "/app/asu_discord/cogs/analytics.py", line 652, in on_member_update
    before_timeout = before.timed_out_until
                     ^^^^^^^^^^^^^^^^^^^^^^
AttributeError: 'Member' object has no attribute 'timed_out_until'
Ignoring exception in on_member_update
Traceback (most recent call last):
  File "/usr/local/lib/python3.12/site-packages/discord/client.py", line 465, in _run_event
    await coro(*args, **kwargs)
  File "/app/asu_discord/cogs/analytics.py", line 652, in on_member_update
    before_timeout = before.timed_out_until
                     ^^^^^^^^^^^^^^^^^^^^^^
AttributeError: 'Member' object has no attribute 'timed_out_until'
Ignoring exception in on_member_update
Traceback (most recent call last):
  File "/usr/local/lib/python3.12/site-packages/discord/client.py", line 465, in _run_event
    await coro(*args, **kwargs)
  File "/app/asu_discord/cogs/analytics.py", line 652, in on_member_update
    before_timeout = before.timed_out_until
                     ^^^^^^^^^^^^^^^^^^^^^^
AttributeError: 'Member' object has no attribute 'timed_out_until'
Ignoring exception in on_member_update
Traceback (most recent call last):
  File "/usr/local/lib/python3.12/site-packages/discord/client.py", line 465, in _run_event
    await coro(*args, **kwargs)
  File "/app/asu_discord/cogs/analytics.py", line 652, in on_member_update
    before_timeout = before.timed_out_until
                     ^^^^^^^^^^^^^^^^^^^^^^
AttributeError: 'Member' object has no attribute 'timed_out_until'
Ignoring exception in on_member_update
Traceback (most recent call last):
  File "/usr/local/lib/python3.12/site-packages/discord/client.py", line 465, in _run_event
    await coro(*args, **kwargs)
  File "/app/asu_discord/cogs/analytics.py", line 652, in on_member_update
    before_timeout = before.timed_out_until
                     ^^^^^^^^^^^^^^^^^^^^^^
AttributeError: 'Member' object has no attribute 'timed_out_until'
Ignoring exception in on_member_update
Traceback (most recent call last):
  File "/usr/local/lib/python3.12/site-packages/discord/client.py", line 465, in _run_event
    await coro(*args, **kwargs)
  File "/app/asu_discord/cogs/analytics.py", line 652, in on_member_update
    before_timeout = before.timed_out_until
                     ^^^^^^^^^^^^^^^^^^^^^^
AttributeError: 'Member' object has no attribute 'timed_out_until'
INFO:asu_discord.cogs.verification:Saved 5 roles to database for user ralhar12 (Discord ID: 927388655222403142)
INFO:asu_discord.cogs.verification:Refreshed Salesforce roles for Discord user 927388655222403142: -5/+5 roles, assigned=[Commited, First Year, International Student, Tempe, W.P. Carey School of Business]
Ignoring exception in on_member_update
Traceback (most recent call last):
  File "/usr/local/lib/python3.12/site-packages/discord/client.py", line 465, in _run_event
    await coro(*args, **kwargs)
  File "/app/asu_discord/cogs/analytics.py", line 652, in on_member_update
    before_timeout = before.timed_out_until
                     ^^^^^^^^^^^^^^^^^^^^^^
AttributeError: 'Member' object has no attribute 'timed_out_until'
Ignoring exception in on_member_update
Traceback (most recent call last):
  File "/usr/local/lib/python3.12/site-packages/discord/client.py", line 465, in _run_event
    await coro(*args, **kwargs)
  File "/app/asu_discord/cogs/analytics.py", line 652, in on_member_update
    before_timeout = before.timed_out_until
                     ^^^^^^^^^^^^^^^^^^^^^^
AttributeError: 'Member' object has no attribute 'timed_out_until'
Ignoring exception in on_member_update
Traceback (most recent call last):
  File "/usr/local/lib/python3.12/site-packages/discord/client.py", line 465, in _run_event
    await coro(*args, **kwargs)
  File "/app/asu_discord/cogs/analytics.py", line 652, in on_member_update
    before_timeout = before.timed_out_until
                     ^^^^^^^^^^^^^^^^^^^^^^
AttributeError: 'Member' object has no attribute 'timed_out_until'
Ignoring exception in on_member_update
Traceback (most recent call last):
  File "/usr/local/lib/python3.12/site-packages/discord/client.py", line 465, in _run_event
    await coro(*args, **kwargs)
  File "/app/asu_discord/cogs/analytics.py", line 652, in on_member_update
    before_timeout = before.timed_out_until
                     ^^^^^^^^^^^^^^^^^^^^^^
AttributeError: 'Member' object has no attribute 'timed_out_until'
Ignoring exception in on_member_update
Traceback (most recent call last):
  File "/usr/local/lib/python3.12/site-packages/discord/client.py", line 465, in _run_event
    await coro(*args, **kwargs)
  File "/app/asu_discord/cogs/analytics.py", line 652, in on_member_update
    before_timeout = before.timed_out_until
                     ^^^^^^^^^^^^^^^^^^^^^^
AttributeError: 'Member' object has no attribute 'timed_out_until'
Ignoring exception in on_member_update
Traceback (most recent call last):
  File "/usr/local/lib/python3.12/site-packages/discord/client.py", line 465, in _run_event
    await coro(*args, **kwargs)
  File "/app/asu_discord/cogs/analytics.py", line 652, in on_member_update
    before_timeout = before.timed_out_until
                     ^^^^^^^^^^^^^^^^^^^^^^
AttributeError: 'Member' object has no attribute 'timed_out_until'
Ignoring exception in on_member_update
Traceback (most recent call last):
  File "/usr/local/lib/python3.12/site-packages/discord/client.py", line 465, in _run_event
    await coro(*args, **kwargs)
  File "/app/asu_discord/cogs/analytics.py", line 652, in on_member_update
    before_timeout = before.timed_out_until
                     ^^^^^^^^^^^^^^^^^^^^^^
AttributeError: 'Member' object has no attribute 'timed_out_until'
Ignoring exception in on_member_update
Traceback (most recent call last):
  File "/usr/local/lib/python3.12/site-packages/discord/client.py", line 465, in _run_event
    await coro(*args, **kwargs)
  File "/app/asu_discord/cogs/analytics.py", line 652, in on_member_update
    before_timeout = before.timed_out_until
                     ^^^^^^^^^^^^^^^^^^^^^^
AttributeError: 'Member' object has no attribute 'timed_out_until'
Ignoring exception in on_member_update
Traceback (most recent call last):
  File "/usr/local/lib/python3.12/site-packages/discord/client.py", line 465, in _run_event
    await coro(*args, **kwargs)
  File "/app/asu_discord/cogs/analytics.py", line 652, in on_member_update
    before_timeout = before.timed_out_until
                     ^^^^^^^^^^^^^^^^^^^^^^
AttributeError: 'Member' object has no attribute 'timed_out_until'
Ignoring exception in on_member_update
Traceback (most recent call last):
  File "/usr/local/lib/python3.12/site-packages/discord/client.py", line 465, in _run_event
    await coro(*args, **kwargs)
  File "/app/asu_discord/cogs/analytics.py", line 652, in on_member_update
    before_timeout = before.timed_out_until
                     ^^^^^^^^^^^^^^^^^^^^^^
AttributeError: 'Member' object has no attribute 'timed_out_until'
ERROR:cron.jobs:refresh_salesforce_roles: failed for akalshab (Discord ID 734101341408067625): Timed out refresh Salesforce-based roles
Ignoring exception in on_member_update
Traceback (most recent call last):
  File "/usr/local/lib/python3.12/site-packages/discord/client.py", line 465, in _run_event
    await coro(*args, **kwargs)
  File "/app/asu_discord/cogs/analytics.py", line 652, in on_member_update
    before_timeout = before.timed_out_until
                     ^^^^^^^^^^^^^^^^^^^^^^
AttributeError: 'Member' object has no attribute 'timed_out_until'
Ignoring exception in on_member_update
Traceback (most recent call last):
  File "/usr/local/lib/python3.12/site-packages/discord/client.py", line 465, in _run_event
    await coro(*args, **kwargs)
  File "/app/asu_discord/cogs/analytics.py", line 652, in on_member_update
    before_timeout = before.timed_out_until
                     ^^^^^^^^^^^^^^^^^^^^^^
AttributeError: 'Member' object has no attribute 'timed_out_until'
Ignoring exception in on_member_update
Traceback (most recent call last):
  File "/usr/local/lib/python3.12/site-packages/discord/client.py", line 465, in _run_event
    await coro(*args, **kwargs)
  File "/app/asu_discord/cogs/analytics.py", line 652, in on_member_update
    before_timeout = before.timed_out_until
                     ^^^^^^^^^^^^^^^^^^^^^^
AttributeError: 'Member' object has no attribute 'timed_out_until'
Ignoring exception in on_member_update
Traceback (most recent call last):
  File "/usr/local/lib/python3.12/site-packages/discord/client.py", line 465, in _run_event
    await coro(*args, **kwargs)
  File "/app/asu_discord/cogs/analytics.py", line 652, in on_member_update
    before_timeout = before.timed_out_until
                     ^^^^^^^^^^^^^^^^^^^^^^
AttributeError: 'Member' object has no attribute 'timed_out_until'
Ignoring exception in on_member_update
Traceback (most recent call last):
  File "/usr/local/lib/python3.12/site-packages/discord/client.py", line 465, in _run_event
    await coro(*args, **kwargs)
  File "/app/asu_discord/cogs/analytics.py", line 652, in on_member_update
    before_timeout = before.timed_out_until
                     ^^^^^^^^^^^^^^^^^^^^^^
AttributeError: 'Member' object has no attribute 'timed_out_until'
Ignoring exception in on_member_update
Traceback (most recent call last):
  File "/usr/local/lib/python3.12/site-packages/discord/client.py", line 465, in _run_event
    await coro(*args, **kwargs)
  File "/app/asu_discord/cogs/analytics.py", line 652, in on_member_update
    before_timeout = before.timed_out_until
                     ^^^^^^^^^^^^^^^^^^^^^^
AttributeError: 'Member' object has no attribute 'timed_out_until'
Ignoring exception in on_member_update
Traceback (most recent call last):
  File "/usr/local/lib/python3.12/site-packages/discord/client.py", line 465, in _run_event
    await coro(*args, **kwargs)
  File "/app/asu_discord/cogs/analytics.py", line 652, in on_member_update
    before_timeout = before.timed_out_until
                     ^^^^^^^^^^^^^^^^^^^^^^
AttributeError: 'Member' object has no attribute 'timed_out_until'
Ignoring exception in on_member_update
Traceback (most recent call last):
  File "/usr/local/lib/python3.12/site-packages/discord/client.py", line 465, in _run_event
    await coro(*args, **kwargs)
  File "/app/asu_discord/cogs/analytics.py", line 652, in on_member_update
    before_timeout = before.timed_out_until
                     ^^^^^^^^^^^^^^^^^^^^^^
AttributeError: 'Member' object has no attribute 'timed_out_until'
Ignoring exception in on_member_update
Traceback (most recent call last):
  File "/usr/local/lib/python3.12/site-packages/discord/client.py", line 465, in _run_event
    await coro(*args, **kwargs)
  File "/app/asu_discord/cogs/analytics.py", line 652, in on_member_update
    before_timeout = before.timed_out_until
                     ^^^^^^^^^^^^^^^^^^^^^^
AttributeError: 'Member' object has no attribute 'timed_out_until'
Ignoring exception in on_member_update
Traceback (most recent call last):
  File "/usr/local/lib/python3.12/site-packages/discord/client.py", line 465, in _run_event
    await coro(*args, **kwargs)
  File "/app/asu_discord/cogs/analytics.py", line 652, in on_member_update
    before_timeout = before.timed_out_until
                     ^^^^^^^^^^^^^^^^^^^^^^
AttributeError: 'Member' object has no attribute 'timed_out_until'
INFO:asu_discord.cogs.verification:Saved 5 roles to database for user jsanc326 (Discord ID: 875809525616230430)
INFO:asu_discord.cogs.verification:Refreshed Salesforce roles for Discord user 875809525616230430: -5/+5 roles, assigned=[Arizona Resident, College of Integrative Sciences and Arts, Commited, First Year, Polytechnic]
Ignoring exception in on_member_update
Traceback (most recent call last):
  File "/usr/local/lib/python3.12/site-packages/discord/client.py", line 465, in _run_event
    await coro(*args, **kwargs)
  File "/app/asu_discord/cogs/analytics.py", line 652, in on_member_update
    before_timeout = before.timed_out_until
                     ^^^^^^^^^^^^^^^^^^^^^^
AttributeError: 'Member' object has no attribute 'timed_out_until'
Ignoring exception in on_member_update
Traceback (most recent call last):
  File "/usr/local/lib/python3.12/site-packages/discord/client.py", line 465, in _run_event
    await coro(*args, **kwargs)
  File "/app/asu_discord/cogs/analytics.py", line 652, in on_member_update
    before_timeout = before.timed_out_until
                     ^^^^^^^^^^^^^^^^^^^^^^
AttributeError: 'Member' object has no attribute 'timed_out_until'
Ignoring exception in on_member_update
Traceback (most recent call last):
  File "/usr/local/lib/python3.12/site-packages/discord/client.py", line 465, in _run_event
    await coro(*args, **kwargs)
  File "/app/asu_discord/cogs/analytics.py", line 652, in on_member_update
    before_timeout = before.timed_out_until
                     ^^^^^^^^^^^^^^^^^^^^^^
AttributeError: 'Member' object has no attribute 'timed_out_until'
Ignoring exception in on_member_update
Traceback (most recent call last):
  File "/usr/local/lib/python3.12/site-packages/discord/client.py", line 465, in _run_event
    await coro(*args, **kwargs)
  File "/app/asu_discord/cogs/analytics.py", line 652, in on_member_update
    before_timeout = before.timed_out_until
                     ^^^^^^^^^^^^^^^^^^^^^^
AttributeError: 'Member' object has no attribute 'timed_out_until'
Ignoring exception in on_member_update
Traceback (most recent call last):
  File "/usr/local/lib/python3.12/site-packages/discord/client.py", line 465, in _run_event
    await coro(*args, **kwargs)
  File "/app/asu_discord/cogs/analytics.py", line 652, in on_member_update
    before_timeout = before.timed_out_until
                     ^^^^^^^^^^^^^^^^^^^^^^
AttributeError: 'Member' object has no attribute 'timed_out_until'
Ignoring exception in on_member_update
Traceback (most recent call last):
  File "/usr/local/lib/python3.12/site-packages/discord/client.py", line 465, in _run_event
    await coro(*args, **kwargs)
  File "/app/asu_discord/cogs/analytics.py", line 652, in on_member_update
    before_timeout = before.timed_out_until
                     ^^^^^^^^^^^^^^^^^^^^^^
AttributeError: 'Member' object has no attribute 'timed_out_until'
Ignoring exception in on_member_update
Traceback (most recent call last):
  File "/usr/local/lib/python3.12/site-packages/discord/client.py", line 465, in _run_event
    await coro(*args, **kwargs)
  File "/app/asu_discord/cogs/analytics.py", line 652, in on_member_update
    before_timeout = before.timed_out_until
                     ^^^^^^^^^^^^^^^^^^^^^^
AttributeError: 'Member' object has no attribute 'timed_out_until'
Ignoring exception in on_member_update
Traceback (most recent call last):
  File "/usr/local/lib/python3.12/site-packages/discord/client.py", line 465, in _run_event
    await coro(*args, **kwargs)
  File "/app/asu_discord/cogs/analytics.py", line 652, in on_member_update
    before_timeout = before.timed_out_until
                     ^^^^^^^^^^^^^^^^^^^^^^
AttributeError: 'Member' object has no attribute 'timed_out_until'
Ignoring exception in on_member_update
Traceback (most recent call last):
  File "/usr/local/lib/python3.12/site-packages/discord/client.py", line 465, in _run_event
    await coro(*args, **kwargs)
  File "/app/asu_discord/cogs/analytics.py", line 652, in on_member_update
    before_timeout = before.timed_out_until
                     ^^^^^^^^^^^^^^^^^^^^^^
AttributeError: 'Member' object has no attribute 'timed_out_until'
Ignoring exception in on_member_update
Traceback (most recent call last):
  File "/usr/local/lib/python3.12/site-packages/discord/client.py", line 465, in _run_event
    await coro(*args, **kwargs)
  File "/app/asu_discord/cogs/analytics.py", line 652, in on_member_update
    before_timeout = before.timed_out_until
                     ^^^^^^^^^^^^^^^^^^^^^^
AttributeError: 'Member' object has no attribute 'timed_out_until'
INFO:asu_discord.cogs.verification:Saved 5 roles to database for user jaadrian (Discord ID: 725578445404504135)
INFO:asu_discord.cogs.verification:Refreshed Salesforce roles for Discord user 725578445404504135: -5/+5 roles, assigned=[Arizona Resident, Downtown Phoenix, Edson College of Nursing and Health Innovation, First Generation Student, First Year]
Ignoring exception in on_member_update
Traceback (most recent call last):
  File "/usr/local/lib/python3.12/site-packages/discord/client.py", line 465, in _run_event
    await coro(*args, **kwargs)
  File "/app/asu_discord/cogs/analytics.py", line 652, in on_member_update
    before_timeout = before.timed_out_until
                     ^^^^^^^^^^^^^^^^^^^^^^
AttributeError: 'Member' object has no attribute 'timed_out_until'
Ignoring exception in on_member_update
Traceback (most recent call last):
  File "/usr/local/lib/python3.12/site-packages/discord/client.py", line 465, in _run_event
    await coro(*args, **kwargs)
  File "/app/asu_discord/cogs/analytics.py", line 652, in on_member_update
    before_timeout = before.timed_out_until
                     ^^^^^^^^^^^^^^^^^^^^^^
AttributeError: 'Member' object has no attribute 'timed_out_until'
Ignoring exception in on_member_update
Traceback (most recent call last):
  File "/usr/local/lib/python3.12/site-packages/discord/client.py", line 465, in _run_event
    await coro(*args, **kwargs)
  File "/app/asu_discord/cogs/analytics.py", line 652, in on_member_update
    before_timeout = before.timed_out_until
                     ^^^^^^^^^^^^^^^^^^^^^^
AttributeError: 'Member' object has no attribute 'timed_out_until'
Ignoring exception in on_member_update
Traceback (most recent call last):
  File "/usr/local/lib/python3.12/site-packages/discord/client.py", line 465, in _run_event
    await coro(*args, **kwargs)
  File "/app/asu_discord/cogs/analytics.py", line 652, in on_member_update
    before_timeout = before.timed_out_until
                     ^^^^^^^^^^^^^^^^^^^^^^
AttributeError: 'Member' object has no attribute 'timed_out_until'
Ignoring exception in on_member_update
Traceback (most recent call last):
  File "/usr/local/lib/python3.12/site-packages/discord/client.py", line 465, in _run_event
    await coro(*args, **kwargs)
  File "/app/asu_discord/cogs/analytics.py", line 652, in on_member_update
    before_timeout = before.timed_out_until
                     ^^^^^^^^^^^^^^^^^^^^^^
AttributeError: 'Member' object has no attribute 'timed_out_until'
Ignoring exception in on_member_update
Traceback (most recent call last):
  File "/usr/local/lib/python3.12/site-packages/discord/client.py", line 465, in _run_event
    await coro(*args, **kwargs)
  File "/app/asu_discord/cogs/analytics.py", line 652, in on_member_update
    before_timeout = before.timed_out_until
                     ^^^^^^^^^^^^^^^^^^^^^^
AttributeError: 'Member' object has no attribute 'timed_out_until'
Ignoring exception in on_member_update
Traceback (most recent call last):
  File "/usr/local/lib/python3.12/site-packages/discord/client.py", line 465, in _run_event
    await coro(*args, **kwargs)
  File "/app/asu_discord/cogs/analytics.py", line 652, in on_member_update
    before_timeout = before.timed_out_until
                     ^^^^^^^^^^^^^^^^^^^^^^
AttributeError: 'Member' object has no attribute 'timed_out_until'
Ignoring exception in on_member_update
Traceback (most recent call last):
  File "/usr/local/lib/python3.12/site-packages/discord/client.py", line 465, in _run_event
    await coro(*args, **kwargs)
  File "/app/asu_discord/cogs/analytics.py", line 652, in on_member_update
    before_timeout = before.timed_out_until
                     ^^^^^^^^^^^^^^^^^^^^^^
AttributeError: 'Member' object has no attribute 'timed_out_until'
Ignoring exception in on_member_update
Traceback (most recent call last):
  File "/usr/local/lib/python3.12/site-packages/discord/client.py", line 465, in _run_event
    await coro(*args, **kwargs)
  File "/app/asu_discord/cogs/analytics.py", line 652, in on_member_update
    before_timeout = before.timed_out_until
                     ^^^^^^^^^^^^^^^^^^^^^^
AttributeError: 'Member' object has no attribute 'timed_out_until'
Ignoring exception in on_member_update
Traceback (most recent call last):
  File "/usr/local/lib/python3.12/site-packages/discord/client.py", line 465, in _run_event
    await coro(*args, **kwargs)
  File "/app/asu_discord/cogs/analytics.py", line 652, in on_member_update
    before_timeout = before.timed_out_until
                     ^^^^^^^^^^^^^^^^^^^^^^
AttributeError: 'Member' object has no attribute 'timed_out_until'
ERROR:cron.jobs:refresh_salesforce_roles: failed for cmfeldm4 (Discord ID 341389883530674179): Timed out refresh Salesforce-based roles
Ignoring exception in on_member_update
Traceback (most recent call last):
  File "/usr/local/lib/python3.12/site-packages/discord/client.py", line 465, in _run_event
    await coro(*args, **kwargs)
  File "/app/asu_discord/cogs/analytics.py", line 652, in on_member_update
    before_timeout = before.timed_out_until
                     ^^^^^^^^^^^^^^^^^^^^^^
AttributeError: 'Member' object has no attribute 'timed_out_until'
Ignoring exception in on_member_update
Traceback (most recent call last):
  File "/usr/local/lib/python3.12/site-packages/discord/client.py", line 465, in _run_event
    await coro(*args, **kwargs)
  File "/app/asu_discord/cogs/analytics.py", line 652, in on_member_update
    before_timeout = before.timed_out_until
                     ^^^^^^^^^^^^^^^^^^^^^^
AttributeError: 'Member' object has no attribute 'timed_out_until'
Ignoring exception in on_member_update
Traceback (most recent call last):
  File "/usr/local/lib/python3.12/site-packages/discord/client.py", line 465, in _run_event
    await coro(*args, **kwargs)
  File "/app/asu_discord/cogs/analytics.py", line 652, in on_member_update
    before_timeout = before.timed_out_until
                     ^^^^^^^^^^^^^^^^^^^^^^
AttributeError: 'Member' object has no attribute 'timed_out_until'
Ignoring exception in on_member_update
Traceback (most recent call last):
  File "/usr/local/lib/python3.12/site-packages/discord/client.py", line 465, in _run_event
    await coro(*args, **kwargs)
  File "/app/asu_discord/cogs/analytics.py", line 652, in on_member_update
    before_timeout = before.timed_out_until
                     ^^^^^^^^^^^^^^^^^^^^^^
AttributeError: 'Member' object has no attribute 'timed_out_until'
Ignoring exception in on_member_update
Traceback (most recent call last):
  File "/usr/local/lib/python3.12/site-packages/discord/client.py", line 465, in _run_event
    await coro(*args, **kwargs)
  File "/app/asu_discord/cogs/analytics.py", line 652, in on_member_update
    before_timeout = before.timed_out_until
                     ^^^^^^^^^^^^^^^^^^^^^^
AttributeError: 'Member' object has no attribute 'timed_out_until'
Ignoring exception in on_member_update
Traceback (most recent call last):
  File "/usr/local/lib/python3.12/site-packages/discord/client.py", line 465, in _run_event
    await coro(*args, **kwargs)
  File "/app/asu_discord/cogs/analytics.py", line 652, in on_member_update
    before_timeout = before.timed_out_until
                     ^^^^^^^^^^^^^^^^^^^^^^
AttributeError: 'Member' object has no attribute 'timed_out_until'
Ignoring exception in on_member_update
Traceback (most recent call last):
  File "/usr/local/lib/python3.12/site-packages/discord/client.py", line 465, in _run_event
    await coro(*args, **kwargs)
  File "/app/asu_discord/cogs/analytics.py", line 652, in on_member_update
    before_timeout = before.timed_out_until
                     ^^^^^^^^^^^^^^^^^^^^^^
AttributeError: 'Member' object has no attribute 'timed_out_until'
Ignoring exception in on_member_update
Traceback (most recent call last):
  File "/usr/local/lib/python3.12/site-packages/discord/client.py", line 465, in _run_event
    await coro(*args, **kwargs)
  File "/app/asu_discord/cogs/analytics.py", line 652, in on_member_update
    before_timeout = before.timed_out_until
                     ^^^^^^^^^^^^^^^^^^^^^^
AttributeError: 'Member' object has no attribute 'timed_out_until'
Ignoring exception in on_member_update
Traceback (most recent call last):
  File "/usr/local/lib/python3.12/site-packages/discord/client.py", line 465, in _run_event
    await coro(*args, **kwargs)
  File "/app/asu_discord/cogs/analytics.py", line 652, in on_member_update
    before_timeout = before.timed_out_until
                     ^^^^^^^^^^^^^^^^^^^^^^
AttributeError: 'Member' object has no attribute 'timed_out_until'
Ignoring exception in on_member_update
Traceback (most recent call last):
  File "/usr/local/lib/python3.12/site-packages/discord/client.py", line 465, in _run_event
    await coro(*args, **kwargs)
  File "/app/asu_discord/cogs/analytics.py", line 652, in on_member_update
    before_timeout = before.timed_out_until
                     ^^^^^^^^^^^^^^^^^^^^^^
AttributeError: 'Member' object has no attribute 'timed_out_until'
INFO:asu_discord.cogs.verification:Saved 5 roles to database for user ylinoue (Discord ID: 1488706164240941217)
INFO:asu_discord.cogs.verification:Refreshed Salesforce roles for Discord user 1488706164240941217: -5/+5 roles, assigned=[Arizona Resident, Commited, First Year, Ira A. Fulton Schools of Engineering, Tempe]
Ignoring exception in on_member_update
Traceback (most recent call last):
  File "/usr/local/lib/python3.12/site-packages/discord/client.py", line 465, in _run_event
    await coro(*args, **kwargs)
  File "/app/asu_discord/cogs/analytics.py", line 652, in on_member_update
    before_timeout = before.timed_out_until
                     ^^^^^^^^^^^^^^^^^^^^^^
AttributeError: 'Member' object has no attribute 'timed_out_until'
Ignoring exception in on_member_update
Traceback (most recent call last):
  File "/usr/local/lib/python3.12/site-packages/discord/client.py", line 465, in _run_event
    await coro(*args, **kwargs)
  File "/app/asu_discord/cogs/analytics.py", line 652, in on_member_update
    before_timeout = before.timed_out_until
                     ^^^^^^^^^^^^^^^^^^^^^^
AttributeError: 'Member' object has no attribute 'timed_out_until'
Ignoring exception in on_member_update
Traceback (most recent call last):
  File "/usr/local/lib/python3.12/site-packages/discord/client.py", line 465, in _run_event
    await coro(*args, **kwargs)
  File "/app/asu_discord/cogs/analytics.py", line 652, in on_member_update
    before_timeout = before.timed_out_until
                     ^^^^^^^^^^^^^^^^^^^^^^
AttributeError: 'Member' object has no attribute 'timed_out_until'
Ignoring exception in on_member_update
Traceback (most recent call last):
  File "/usr/local/lib/python3.12/site-packages/discord/client.py", line 465, in _run_event
    await coro(*args, **kwargs)
  File "/app/asu_discord/cogs/analytics.py", line 652, in on_member_update
    before_timeout = before.timed_out_until
                     ^^^^^^^^^^^^^^^^^^^^^^
AttributeError: 'Member' object has no attribute 'timed_out_until'
Ignoring exception in on_member_update
Traceback (most recent call last):
  File "/usr/local/lib/python3.12/site-packages/discord/client.py", line 465, in _run_event
    await coro(*args, **kwargs)
  File "/app/asu_discord/cogs/analytics.py", line 652, in on_member_update
    before_timeout = before.timed_out_until
                     ^^^^^^^^^^^^^^^^^^^^^^
AttributeError: 'Member' object has no attribute 'timed_out_until'
Ignoring exception in on_member_update
Traceback (most recent call last):
  File "/usr/local/lib/python3.12/site-packages/discord/client.py", line 465, in _run_event
    await coro(*args, **kwargs)
  File "/app/asu_discord/cogs/analytics.py", line 652, in on_member_update
    before_timeout = before.timed_out_until
                     ^^^^^^^^^^^^^^^^^^^^^^
AttributeError: 'Member' object has no attribute 'timed_out_until'
Ignoring exception in on_member_update
Traceback (most recent call last):
  File "/usr/local/lib/python3.12/site-packages/discord/client.py", line 465, in _run_event
    await coro(*args, **kwargs)
  File "/app/asu_discord/cogs/analytics.py", line 652, in on_member_update
    before_timeout = before.timed_out_until
                     ^^^^^^^^^^^^^^^^^^^^^^
AttributeError: 'Member' object has no attribute 'timed_out_until'
Ignoring exception in on_member_update
Traceback (most recent call last):
  File "/usr/local/lib/python3.12/site-packages/discord/client.py", line 465, in _run_event
    await coro(*args, **kwargs)
  File "/app/asu_discord/cogs/analytics.py", line 652, in on_member_update
    before_timeout = before.timed_out_until
                     ^^^^^^^^^^^^^^^^^^^^^^
AttributeError: 'Member' object has no attribute 'timed_out_until'
Ignoring exception in on_member_update
Traceback (most recent call last):
  File "/usr/local/lib/python3.12/site-packages/discord/client.py", line 465, in _run_event
    await coro(*args, **kwargs)
  File "/app/asu_discord/cogs/analytics.py", line 652, in on_member_update
    before_timeout = before.timed_out_until
                     ^^^^^^^^^^^^^^^^^^^^^^
AttributeError: 'Member' object has no attribute 'timed_out_until'
Ignoring exception in on_member_update
Traceback (most recent call last):
  File "/usr/local/lib/python3.12/site-packages/discord/client.py", line 465, in _run_event
    await coro(*args, **kwargs)
  File "/app/asu_discord/cogs/analytics.py", line 652, in on_member_update
    before_timeout = before.timed_out_until
                     ^^^^^^^^^^^^^^^^^^^^^^
AttributeError: 'Member' object has no attribute 'timed_out_until'
INFO:asu_discord.cogs.verification:Saved 5 roles to database for user kqian10 (Discord ID: 385182562621980673)
INFO:asu_discord.cogs.verification:Refreshed Salesforce roles for Discord user 385182562621980673: -5/+5 roles, assigned=[First Generation Student, Graduate Student, Mary Lou Fulton Teachers College, Online, Out of State]
Ignoring exception in on_member_update
Traceback (most recent call last):
  File "/usr/local/lib/python3.12/site-packages/discord/client.py", line 465, in _run_event
    await coro(*args, **kwargs)
  File "/app/asu_discord/cogs/analytics.py", line 652, in on_member_update
    before_timeout = before.timed_out_until
                     ^^^^^^^^^^^^^^^^^^^^^^
AttributeError: 'Member' object has no attribute 'timed_out_until'
Ignoring exception in on_member_update
Traceback (most recent call last):
  File "/usr/local/lib/python3.12/site-packages/discord/client.py", line 465, in _run_event
    await coro(*args, **kwargs)
  File "/app/asu_discord/cogs/analytics.py", line 652, in on_member_update
    before_timeout = before.timed_out_until
                     ^^^^^^^^^^^^^^^^^^^^^^
AttributeError: 'Member' object has no attribute 'timed_out_until'
Ignoring exception in on_member_update
Traceback (most recent call last):
  File "/usr/local/lib/python3.12/site-packages/discord/client.py", line 465, in _run_event
    await coro(*args, **kwargs)
  File "/app/asu_discord/cogs/analytics.py", line 652, in on_member_update
    before_timeout = before.timed_out_until
                     ^^^^^^^^^^^^^^^^^^^^^^
AttributeError: 'Member' object has no attribute 'timed_out_until'
Ignoring exception in on_member_update
Traceback (most recent call last):
  File "/usr/local/lib/python3.12/site-packages/discord/client.py", line 465, in _run_event
    await coro(*args, **kwargs)
  File "/app/asu_discord/cogs/analytics.py", line 652, in on_member_update
    before_timeout = before.timed_out_until
                     ^^^^^^^^^^^^^^^^^^^^^^
AttributeError: 'Member' object has no attribute 'timed_out_until'
Ignoring exception in on_member_update
Traceback (most recent call last):
  File "/usr/local/lib/python3.12/site-packages/discord/client.py", line 465, in _run_event
    await coro(*args, **kwargs)
  File "/app/asu_discord/cogs/analytics.py", line 652, in on_member_update
    before_timeout = before.timed_out_until
                     ^^^^^^^^^^^^^^^^^^^^^^
AttributeError: 'Member' object has no attribute 'timed_out_until'
Ignoring exception in on_member_update
Traceback (most recent call last):
  File "/usr/local/lib/python3.12/site-packages/discord/client.py", line 465, in _run_event
    await coro(*args, **kwargs)
  File "/app/asu_discord/cogs/analytics.py", line 652, in on_member_update
    before_timeout = before.timed_out_until
                     ^^^^^^^^^^^^^^^^^^^^^^
AttributeError: 'Member' object has no attribute 'timed_out_until'
Ignoring exception in on_member_update
Traceback (most recent call last):
  File "/usr/local/lib/python3.12/site-packages/discord/client.py", line 465, in _run_event
    await coro(*args, **kwargs)
  File "/app/asu_discord/cogs/analytics.py", line 652, in on_member_update
    before_timeout = before.timed_out_until
                     ^^^^^^^^^^^^^^^^^^^^^^
AttributeError: 'Member' object has no attribute 'timed_out_until'
Ignoring exception in on_member_update
Traceback (most recent call last):
  File "/usr/local/lib/python3.12/site-packages/discord/client.py", line 465, in _run_event
    await coro(*args, **kwargs)
  File "/app/asu_discord/cogs/analytics.py", line 652, in on_member_update
    before_timeout = before.timed_out_until
                     ^^^^^^^^^^^^^^^^^^^^^^
AttributeError: 'Member' object has no attribute 'timed_out_until'
Ignoring exception in on_member_update
Traceback (most recent call last):
  File "/usr/local/lib/python3.12/site-packages/discord/client.py", line 465, in _run_event
    await coro(*args, **kwargs)
  File "/app/asu_discord/cogs/analytics.py", line 652, in on_member_update
    before_timeout = before.timed_out_until
                     ^^^^^^^^^^^^^^^^^^^^^^
AttributeError: 'Member' object has no attribute 'timed_out_until'
Ignoring exception in on_member_update
Traceback (most recent call last):
  File "/usr/local/lib/python3.12/site-packages/discord/client.py", line 465, in _run_event
    await coro(*args, **kwargs)
  File "/app/asu_discord/cogs/analytics.py", line 652, in on_member_update
    before_timeout = before.timed_out_until
                     ^^^^^^^^^^^^^^^^^^^^^^
AttributeError: 'Member' object has no attribute 'timed_out_until'
INFO:asu_discord.cogs.verification:Saved 5 roles to database for user jfgonz12 (Discord ID: 655290983486980117)
INFO:asu_discord.cogs.verification:Refreshed Salesforce roles for Discord user 655290983486980117: -5/+5 roles, assigned=[Arizona Resident, Commited, Ira A. Fulton Schools of Engineering, Tempe, Transfer Student]
Ignoring exception in on_member_update
Traceback (most recent call last):
  File "/usr/local/lib/python3.12/site-packages/discord/client.py", line 465, in _run_event
    await coro(*args, **kwargs)
  File "/app/asu_discord/cogs/analytics.py", line 652, in on_member_update
    before_timeout = before.timed_out_until
                     ^^^^^^^^^^^^^^^^^^^^^^
AttributeError: 'Member' object has no attribute 'timed_out_until'
Ignoring exception in on_member_update
Traceback (most recent call last):
  File "/usr/local/lib/python3.12/site-packages/discord/client.py", line 465, in _run_event
    await coro(*args, **kwargs)
  File "/app/asu_discord/cogs/analytics.py", line 652, in on_member_update
    before_timeout = before.timed_out_until
                     ^^^^^^^^^^^^^^^^^^^^^^
AttributeError: 'Member' object has no attribute 'timed_out_until'
Ignoring exception in on_member_update
Traceback (most recent call last):
  File "/usr/local/lib/python3.12/site-packages/discord/client.py", line 465, in _run_event
    await coro(*args, **kwargs)
  File "/app/asu_discord/cogs/analytics.py", line 652, in on_member_update
    before_timeout = before.timed_out_until
                     ^^^^^^^^^^^^^^^^^^^^^^
AttributeError: 'Member' object has no attribute 'timed_out_until'
Ignoring exception in on_member_update
Traceback (most recent call last):
  File "/usr/local/lib/python3.12/site-packages/discord/client.py", line 465, in _run_event
    await coro(*args, **kwargs)
  File "/app/asu_discord/cogs/analytics.py", line 652, in on_member_update
    before_timeout = before.timed_out_until
                     ^^^^^^^^^^^^^^^^^^^^^^
AttributeError: 'Member' object has no attribute 'timed_out_until'
Ignoring exception in on_member_update
Traceback (most recent call last):
  File "/usr/local/lib/python3.12/site-packages/discord/client.py", line 465, in _run_event
    await coro(*args, **kwargs)
  File "/app/asu_discord/cogs/analytics.py", line 652, in on_member_update
    before_timeout = before.timed_out_until
                     ^^^^^^^^^^^^^^^^^^^^^^
AttributeError: 'Member' object has no attribute 'timed_out_until'
Ignoring exception in on_member_update
Traceback (most recent call last):
  File "/usr/local/lib/python3.12/site-packages/discord/client.py", line 465, in _run_event
    await coro(*args, **kwargs)
  File "/app/asu_discord/cogs/analytics.py", line 652, in on_member_update
    before_timeout = before.timed_out_until
                     ^^^^^^^^^^^^^^^^^^^^^^
AttributeError: 'Member' object has no attribute 'timed_out_until'
Ignoring exception in on_member_update
Traceback (most recent call last):
  File "/usr/local/lib/python3.12/site-packages/discord/client.py", line 465, in _run_event
    await coro(*args, **kwargs)
  File "/app/asu_discord/cogs/analytics.py", line 652, in on_member_update
    before_timeout = before.timed_out_until
                     ^^^^^^^^^^^^^^^^^^^^^^
AttributeError: 'Member' object has no attribute 'timed_out_until'
Ignoring exception in on_member_update
Traceback (most recent call last):
  File "/usr/local/lib/python3.12/site-packages/discord/client.py", line 465, in _run_event
    await coro(*args, **kwargs)
  File "/app/asu_discord/cogs/analytics.py", line 652, in on_member_update
    before_timeout = before.timed_out_until
                     ^^^^^^^^^^^^^^^^^^^^^^
AttributeError: 'Member' object has no attribute 'timed_out_until'
Ignoring exception in on_member_update
Traceback (most recent call last):
  File "/usr/local/lib/python3.12/site-packages/discord/client.py", line 465, in _run_event
    await coro(*args, **kwargs)
  File "/app/asu_discord/cogs/analytics.py", line 652, in on_member_update
    before_timeout = before.timed_out_until
                     ^^^^^^^^^^^^^^^^^^^^^^
AttributeError: 'Member' object has no attribute 'timed_out_until'
Ignoring exception in on_member_update
Traceback (most recent call last):
  File "/usr/local/lib/python3.12/site-packages/discord/client.py", line 465, in _run_event
    await coro(*args, **kwargs)
  File "/app/asu_discord/cogs/analytics.py", line 652, in on_member_update
    before_timeout = before.timed_out_until
                     ^^^^^^^^^^^^^^^^^^^^^^
AttributeError: 'Member' object has no attribute 'timed_out_until'
INFO:asu_discord.cogs.verification:Saved 5 roles to database for user jbayani (Discord ID: 745825412768071730)
INFO:asu_discord.cogs.verification:Refreshed Salesforce roles for Discord user 745825412768071730: -5/+5 roles, assigned=[Arizona Resident, Commited, Graduate Student, Ira A. Fulton Schools of Engineering, Tempe]
ERROR:cron.jobs:refresh_salesforce_roles: failed for andykim1 (Discord ID 466547434810638336): Failed to refresh Salesforce-based roles: Discord user 466547434810638336 is not a member of the guild
Ignoring exception in on_member_update
Traceback (most recent call last):
  File "/usr/local/lib/python3.12/site-packages/discord/client.py", line 465, in _run_event
    await coro(*args, **kwargs)
  File "/app/asu_discord/cogs/analytics.py", line 652, in on_member_update
    before_timeout = before.timed_out_until
                     ^^^^^^^^^^^^^^^^^^^^^^
AttributeError: 'Member' object has no attribute 'timed_out_until'
Ignoring exception in on_member_update
Traceback (most recent call last):
  File "/usr/local/lib/python3.12/site-packages/discord/client.py", line 465, in _run_event
    await coro(*args, **kwargs)
  File "/app/asu_discord/cogs/analytics.py", line 652, in on_member_update
    before_timeout = before.timed_out_until
                     ^^^^^^^^^^^^^^^^^^^^^^
AttributeError: 'Member' object has no attribute 'timed_out_until'
Ignoring exception in on_member_update
Traceback (most recent call last):
  File "/usr/local/lib/python3.12/site-packages/discord/client.py", line 465, in _run_event
    await coro(*args, **kwargs)
  File "/app/asu_discord/cogs/analytics.py", line 652, in on_member_update
    before_timeout = before.timed_out_until
                     ^^^^^^^^^^^^^^^^^^^^^^
AttributeError: 'Member' object has no attribute 'timed_out_until'
Ignoring exception in on_member_update
Traceback (most recent call last):
  File "/usr/local/lib/python3.12/site-packages/discord/client.py", line 465, in _run_event
    await coro(*args, **kwargs)
  File "/app/asu_discord/cogs/analytics.py", line 652, in on_member_update
    before_timeout = before.timed_out_until
                     ^^^^^^^^^^^^^^^^^^^^^^
AttributeError: 'Member' object has no attribute 'timed_out_until'
Ignoring exception in on_member_update
Traceback (most recent call last):
  File "/usr/local/lib/python3.12/site-packages/discord/client.py", line 465, in _run_event
    await coro(*args, **kwargs)
  File "/app/asu_discord/cogs/analytics.py", line 652, in on_member_update
    before_timeout = before.timed_out_until
                     ^^^^^^^^^^^^^^^^^^^^^^
AttributeError: 'Member' object has no attribute 'timed_out_until'
Ignoring exception in on_member_update
Traceback (most recent call last):
  File "/usr/local/lib/python3.12/site-packages/discord/client.py", line 465, in _run_event
    await coro(*args, **kwargs)
  File "/app/asu_discord/cogs/analytics.py", line 652, in on_member_update
    before_timeout = before.timed_out_until
                     ^^^^^^^^^^^^^^^^^^^^^^
AttributeError: 'Member' object has no attribute 'timed_out_until'
Ignoring exception in on_member_update
Traceback (most recent call last):
  File "/usr/local/lib/python3.12/site-packages/discord/client.py", line 465, in _run_event
    await coro(*args, **kwargs)
  File "/app/asu_discord/cogs/analytics.py", line 652, in on_member_update
    before_timeout = before.timed_out_until
                     ^^^^^^^^^^^^^^^^^^^^^^
AttributeError: 'Member' object has no attribute 'timed_out_until'
Ignoring exception in on_member_update
Traceback (most recent call last):
  File "/usr/local/lib/python3.12/site-packages/discord/client.py", line 465, in _run_event
    await coro(*args, **kwargs)
  File "/app/asu_discord/cogs/analytics.py", line 652, in on_member_update
    before_timeout = before.timed_out_until
                     ^^^^^^^^^^^^^^^^^^^^^^
AttributeError: 'Member' object has no attribute 'timed_out_until'
Ignoring exception in on_member_update
Traceback (most recent call last):
  File "/usr/local/lib/python3.12/site-packages/discord/client.py", line 465, in _run_event
    await coro(*args, **kwargs)
  File "/app/asu_discord/cogs/analytics.py", line 652, in on_member_update
    before_timeout = before.timed_out_until
                     ^^^^^^^^^^^^^^^^^^^^^^
AttributeError: 'Member' object has no attribute 'timed_out_until'
Ignoring exception in on_member_update
Traceback (most recent call last):
  File "/usr/local/lib/python3.12/site-packages/discord/client.py", line 465, in _run_event
    await coro(*args, **kwargs)
  File "/app/asu_discord/cogs/analytics.py", line 652, in on_member_update
    before_timeout = before.timed_out_until
                     ^^^^^^^^^^^^^^^^^^^^^^
AttributeError: 'Member' object has no attribute 'timed_out_until'
INFO:asu_discord.cogs.verification:Saved 5 roles to database for user ssdhill3 (Discord ID: 536783426360180758)
INFO:asu_discord.cogs.verification:Refreshed Salesforce roles for Discord user 536783426360180758: -5/+5 roles, assigned=[Commited, First Year, Ira A. Fulton Schools of Engineering, Out of State, Tempe]
Ignoring exception in on_member_update
Traceback (most recent call last):
  File "/usr/local/lib/python3.12/site-packages/discord/client.py", line 465, in _run_event
    await coro(*args, **kwargs)
  File "/app/asu_discord/cogs/analytics.py", line 652, in on_member_update
    before_timeout = before.timed_out_until
                     ^^^^^^^^^^^^^^^^^^^^^^
AttributeError: 'Member' object has no attribute 'timed_out_until'
Ignoring exception in on_member_update
Traceback (most recent call last):
  File "/usr/local/lib/python3.12/site-packages/discord/client.py", line 465, in _run_event
    await coro(*args, **kwargs)
  File "/app/asu_discord/cogs/analytics.py", line 652, in on_member_update
    before_timeout = before.timed_out_until
                     ^^^^^^^^^^^^^^^^^^^^^^
AttributeError: 'Member' object has no attribute 'timed_out_until'
Ignoring exception in on_member_update
Traceback (most recent call last):
  File "/usr/local/lib/python3.12/site-packages/discord/client.py", line 465, in _run_event
    await coro(*args, **kwargs)
  File "/app/asu_discord/cogs/analytics.py", line 652, in on_member_update
    before_timeout = before.timed_out_until
                     ^^^^^^^^^^^^^^^^^^^^^^
AttributeError: 'Member' object has no attribute 'timed_out_until'
Ignoring exception in on_member_update
Traceback (most recent call last):
  File "/usr/local/lib/python3.12/site-packages/discord/client.py", line 465, in _run_event
    await coro(*args, **kwargs)
  File "/app/asu_discord/cogs/analytics.py", line 652, in on_member_update
    before_timeout = before.timed_out_until
                     ^^^^^^^^^^^^^^^^^^^^^^
AttributeError: 'Member' object has no attribute 'timed_out_until'
Ignoring exception in on_member_update
Traceback (most recent call last):
  File "/usr/local/lib/python3.12/site-packages/discord/client.py", line 465, in _run_event
    await coro(*args, **kwargs)
  File "/app/asu_discord/cogs/analytics.py", line 652, in on_member_update
    before_timeout = before.timed_out_until
                     ^^^^^^^^^^^^^^^^^^^^^^
AttributeError: 'Member' object has no attribute 'timed_out_until'
Ignoring exception in on_member_update
Traceback (most recent call last):
  File "/usr/local/lib/python3.12/site-packages/discord/client.py", line 465, in _run_event
    await coro(*args, **kwargs)
  File "/app/asu_discord/cogs/analytics.py", line 652, in on_member_update
    before_timeout = before.timed_out_until
                     ^^^^^^^^^^^^^^^^^^^^^^
AttributeError: 'Member' object has no attribute 'timed_out_until'
Ignoring exception in on_member_update
Traceback (most recent call last):
  File "/usr/local/lib/python3.12/site-packages/discord/client.py", line 465, in _run_event
    await coro(*args, **kwargs)
  File "/app/asu_discord/cogs/analytics.py", line 652, in on_member_update
    before_timeout = before.timed_out_until
                     ^^^^^^^^^^^^^^^^^^^^^^
AttributeError: 'Member' object has no attribute 'timed_out_until'
Ignoring exception in on_member_update
Traceback (most recent call last):
  File "/usr/local/lib/python3.12/site-packages/discord/client.py", line 465, in _run_event
    await coro(*args, **kwargs)
  File "/app/asu_discord/cogs/analytics.py", line 652, in on_member_update
    before_timeout = before.timed_out_until
                     ^^^^^^^^^^^^^^^^^^^^^^
AttributeError: 'Member' object has no attribute 'timed_out_until'
INFO:asu_discord.cogs.verification:Saved 4 roles to database for user lnacu (Discord ID: 756519735465738341)
INFO:asu_discord.cogs.verification:Refreshed Salesforce roles for Discord user 756519735465738341: -4/+4 roles, assigned=[Arizona Resident, Downtown Phoenix, Edson College of Nursing and Health Innovation, Transfer Student]
ERROR:cron.jobs:refresh_salesforce_roles: failed for rnanda13 (Discord ID 687745883735195718): Failed to refresh Salesforce-based roles: Discord user 687745883735195718 is not a member of the guild
Ignoring exception in on_member_update
Traceback (most recent call last):
  File "/usr/local/lib/python3.12/site-packages/discord/client.py", line 465, in _run_event
    await coro(*args, **kwargs)
  File "/app/asu_discord/cogs/analytics.py", line 652, in on_member_update
    before_timeout = before.timed_out_until
                     ^^^^^^^^^^^^^^^^^^^^^^
AttributeError: 'Member' object has no attribute 'timed_out_until'
Ignoring exception in on_member_update
Traceback (most recent call last):
  File "/usr/local/lib/python3.12/site-packages/discord/client.py", line 465, in _run_event
    await coro(*args, **kwargs)
  File "/app/asu_discord/cogs/analytics.py", line 652, in on_member_update
    before_timeout = before.timed_out_until
                     ^^^^^^^^^^^^^^^^^^^^^^
AttributeError: 'Member' object has no attribute 'timed_out_until'
Ignoring exception in on_member_update
Traceback (most recent call last):
  File "/usr/local/lib/python3.12/site-packages/discord/client.py", line 465, in _run_event
    await coro(*args, **kwargs)
  File "/app/asu_discord/cogs/analytics.py", line 652, in on_member_update
    before_timeout = before.timed_out_until
                     ^^^^^^^^^^^^^^^^^^^^^^
AttributeError: 'Member' object has no attribute 'timed_out_until'
Ignoring exception in on_member_update
Traceback (most recent call last):
  File "/usr/local/lib/python3.12/site-packages/discord/client.py", line 465, in _run_event
    await coro(*args, **kwargs)
  File "/app/asu_discord/cogs/analytics.py", line 652, in on_member_update
    before_timeout = before.timed_out_until
                     ^^^^^^^^^^^^^^^^^^^^^^
AttributeError: 'Member' object has no attribute 'timed_out_until'
Ignoring exception in on_member_update
Traceback (most recent call last):
  File "/usr/local/lib/python3.12/site-packages/discord/client.py", line 465, in _run_event
    await coro(*args, **kwargs)
  File "/app/asu_discord/cogs/analytics.py", line 652, in on_member_update
    before_timeout = before.timed_out_until
                     ^^^^^^^^^^^^^^^^^^^^^^
AttributeError: 'Member' object has no attribute 'timed_out_until'
Ignoring exception in on_member_update
Traceback (most recent call last):
  File "/usr/local/lib/python3.12/site-packages/discord/client.py", line 465, in _run_event
    await coro(*args, **kwargs)
  File "/app/asu_discord/cogs/analytics.py", line 652, in on_member_update
    before_timeout = before.timed_out_until
                     ^^^^^^^^^^^^^^^^^^^^^^
AttributeError: 'Member' object has no attribute 'timed_out_until'
Ignoring exception in on_member_update
Traceback (most recent call last):
  File "/usr/local/lib/python3.12/site-packages/discord/client.py", line 465, in _run_event
    await coro(*args, **kwargs)
  File "/app/asu_discord/cogs/analytics.py", line 652, in on_member_update
    before_timeout = before.timed_out_until
                     ^^^^^^^^^^^^^^^^^^^^^^
AttributeError: 'Member' object has no attribute 'timed_out_until'
Ignoring exception in on_member_update
Traceback (most recent call last):
  File "/usr/local/lib/python3.12/site-packages/discord/client.py", line 465, in _run_event
    await coro(*args, **kwargs)
  File "/app/asu_discord/cogs/analytics.py", line 652, in on_member_update
    before_timeout = before.timed_out_until
                     ^^^^^^^^^^^^^^^^^^^^^^
AttributeError: 'Member' object has no attribute 'timed_out_until'
Ignoring exception in on_member_update
Traceback (most recent call last):
  File "/usr/local/lib/python3.12/site-packages/discord/client.py", line 465, in _run_event
    await coro(*args, **kwargs)
  File "/app/asu_discord/cogs/analytics.py", line 652, in on_member_update
    before_timeout = before.timed_out_until
                     ^^^^^^^^^^^^^^^^^^^^^^
AttributeError: 'Member' object has no attribute 'timed_out_until'
Ignoring exception in on_member_update
Traceback (most recent call last):
  File "/usr/local/lib/python3.12/site-packages/discord/client.py", line 465, in _run_event
    await coro(*args, **kwargs)
  File "/app/asu_discord/cogs/analytics.py", line 652, in on_member_update
    before_timeout = before.timed_out_until
                     ^^^^^^^^^^^^^^^^^^^^^^
AttributeError: 'Member' object has no attribute 'timed_out_until'
INFO:asu_discord.cogs.verification:Saved 6 roles to database for user mefrias1 (Discord ID: 1236178914603307020)
INFO:asu_discord.cogs.verification:Refreshed Salesforce roles for Discord user 1236178914603307020: -4/+6 roles, assigned=[Arizona Resident, Commited, First Generation Student, First Year, Ira A. Fulton Schools of Engineering, Polytechnic]
Ignoring exception in on_member_update
Traceback (most recent call last):
  File "/usr/local/lib/python3.12/site-packages/discord/client.py", line 465, in _run_event
    await coro(*args, **kwargs)
  File "/app/asu_discord/cogs/analytics.py", line 652, in on_member_update
    before_timeout = before.timed_out_until
                     ^^^^^^^^^^^^^^^^^^^^^^
AttributeError: 'Member' object has no attribute 'timed_out_until'
Ignoring exception in on_member_update
Traceback (most recent call last):
  File "/usr/local/lib/python3.12/site-packages/discord/client.py", line 465, in _run_event
    await coro(*args, **kwargs)
  File "/app/asu_discord/cogs/analytics.py", line 652, in on_member_update
    before_timeout = before.timed_out_until
                     ^^^^^^^^^^^^^^^^^^^^^^
AttributeError: 'Member' object has no attribute 'timed_out_until'
Ignoring exception in on_member_update
Traceback (most recent call last):
  File "/usr/local/lib/python3.12/site-packages/discord/client.py", line 465, in _run_event
    await coro(*args, **kwargs)
  File "/app/asu_discord/cogs/analytics.py", line 652, in on_member_update
    before_timeout = before.timed_out_until
                     ^^^^^^^^^^^^^^^^^^^^^^
AttributeError: 'Member' object has no attribute 'timed_out_until'
Ignoring exception in on_member_update
Traceback (most recent call last):
  File "/usr/local/lib/python3.12/site-packages/discord/client.py", line 465, in _run_event
    await coro(*args, **kwargs)
  File "/app/asu_discord/cogs/analytics.py", line 652, in on_member_update
    before_timeout = before.timed_out_until
                     ^^^^^^^^^^^^^^^^^^^^^^
AttributeError: 'Member' object has no attribute 'timed_out_until'
Ignoring exception in on_member_update
Traceback (most recent call last):
  File "/usr/local/lib/python3.12/site-packages/discord/client.py", line 465, in _run_event
    await coro(*args, **kwargs)
  File "/app/asu_discord/cogs/analytics.py", line 652, in on_member_update
    before_timeout = before.timed_out_until
                     ^^^^^^^^^^^^^^^^^^^^^^
AttributeError: 'Member' object has no attribute 'timed_out_until'
Ignoring exception in on_member_update
Traceback (most recent call last):
  File "/usr/local/lib/python3.12/site-packages/discord/client.py", line 465, in _run_event
    await coro(*args, **kwargs)
  File "/app/asu_discord/cogs/analytics.py", line 652, in on_member_update
    before_timeout = before.timed_out_until
                     ^^^^^^^^^^^^^^^^^^^^^^
AttributeError: 'Member' object has no attribute 'timed_out_until'
Ignoring exception in on_member_update
Traceback (most recent call last):
  File "/usr/local/lib/python3.12/site-packages/discord/client.py", line 465, in _run_event
    await coro(*args, **kwargs)
  File "/app/asu_discord/cogs/analytics.py", line 652, in on_member_update
    before_timeout = before.timed_out_until
                     ^^^^^^^^^^^^^^^^^^^^^^
AttributeError: 'Member' object has no attribute 'timed_out_until'
Ignoring exception in on_member_update
Traceback (most recent call last):
  File "/usr/local/lib/python3.12/site-packages/discord/client.py", line 465, in _run_event
    await coro(*args, **kwargs)
  File "/app/asu_discord/cogs/analytics.py", line 652, in on_member_update
    before_timeout = before.timed_out_until
                     ^^^^^^^^^^^^^^^^^^^^^^
AttributeError: 'Member' object has no attribute 'timed_out_until'
Ignoring exception in on_member_update
Traceback (most recent call last):
  File "/usr/local/lib/python3.12/site-packages/discord/client.py", line 465, in _run_event
    await coro(*args, **kwargs)
  File "/app/asu_discord/cogs/analytics.py", line 652, in on_member_update
    before_timeout = before.timed_out_until
                     ^^^^^^^^^^^^^^^^^^^^^^
AttributeError: 'Member' object has no attribute 'timed_out_until'
Ignoring exception in on_member_update
Traceback (most recent call last):
  File "/usr/local/lib/python3.12/site-packages/discord/client.py", line 465, in _run_event
    await coro(*args, **kwargs)
  File "/app/asu_discord/cogs/analytics.py", line 652, in on_member_update
    before_timeout = before.timed_out_until
                     ^^^^^^^^^^^^^^^^^^^^^^
AttributeError: 'Member' object has no attribute 'timed_out_until'
INFO:asu_discord.cogs.verification:Saved 5 roles to database for user hwakafuj (Discord ID: 730435447104340068)
INFO:asu_discord.cogs.verification:Refreshed Salesforce roles for Discord user 730435447104340068: -5/+5 roles, assigned=[Commited, First Year, Herberger Institute for Design and the Arts, Out of State, Tempe]
Ignoring exception in on_member_update
Traceback (most recent call last):
  File "/usr/local/lib/python3.12/site-packages/discord/client.py", line 465, in _run_event
    await coro(*args, **kwargs)
  File "/app/asu_discord/cogs/analytics.py", line 652, in on_member_update
    before_timeout = before.timed_out_until
                     ^^^^^^^^^^^^^^^^^^^^^^
AttributeError: 'Member' object has no attribute 'timed_out_until'
Ignoring exception in on_member_update
Traceback (most recent call last):
  File "/usr/local/lib/python3.12/site-packages/discord/client.py", line 465, in _run_event
    await coro(*args, **kwargs)
  File "/app/asu_discord/cogs/analytics.py", line 652, in on_member_update
    before_timeout = before.timed_out_until
                     ^^^^^^^^^^^^^^^^^^^^^^
AttributeError: 'Member' object has no attribute 'timed_out_until'
Ignoring exception in on_member_update
Traceback (most recent call last):
  File "/usr/local/lib/python3.12/site-packages/discord/client.py", line 465, in _run_event
    await coro(*args, **kwargs)
  File "/app/asu_discord/cogs/analytics.py", line 652, in on_member_update
    before_timeout = before.timed_out_until
                     ^^^^^^^^^^^^^^^^^^^^^^
AttributeError: 'Member' object has no attribute 'timed_out_until'
Ignoring exception in on_member_update
Traceback (most recent call last):
  File "/usr/local/lib/python3.12/site-packages/discord/client.py", line 465, in _run_event
    await coro(*args, **kwargs)
  File "/app/asu_discord/cogs/analytics.py", line 652, in on_member_update
    before_timeout = before.timed_out_until
                     ^^^^^^^^^^^^^^^^^^^^^^
AttributeError: 'Member' object has no attribute 'timed_out_until'
Ignoring exception in on_member_update
Traceback (most recent call last):
  File "/usr/local/lib/python3.12/site-packages/discord/client.py", line 465, in _run_event
    await coro(*args, **kwargs)
  File "/app/asu_discord/cogs/analytics.py", line 652, in on_member_update
    before_timeout = before.timed_out_until
                     ^^^^^^^^^^^^^^^^^^^^^^
AttributeError: 'Member' object has no attribute 'timed_out_until'
Ignoring exception in on_member_update
Traceback (most recent call last):
  File "/usr/local/lib/python3.12/site-packages/discord/client.py", line 465, in _run_event
    await coro(*args, **kwargs)
  File "/app/asu_discord/cogs/analytics.py", line 652, in on_member_update
    before_timeout = before.timed_out_until
                     ^^^^^^^^^^^^^^^^^^^^^^
AttributeError: 'Member' object has no attribute 'timed_out_until'
Ignoring exception in on_member_update
Traceback (most recent call last):
  File "/usr/local/lib/python3.12/site-packages/discord/client.py", line 465, in _run_event
    await coro(*args, **kwargs)
  File "/app/asu_discord/cogs/analytics.py", line 652, in on_member_update
    before_timeout = before.timed_out_until
                     ^^^^^^^^^^^^^^^^^^^^^^
AttributeError: 'Member' object has no attribute 'timed_out_until'
Ignoring exception in on_member_update
Traceback (most recent call last):
  File "/usr/local/lib/python3.12/site-packages/discord/client.py", line 465, in _run_event
    await coro(*args, **kwargs)
  File "/app/asu_discord/cogs/analytics.py", line 652, in on_member_update
    before_timeout = before.timed_out_until
                     ^^^^^^^^^^^^^^^^^^^^^^
AttributeError: 'Member' object has no attribute 'timed_out_until'
Ignoring exception in on_member_update
Traceback (most recent call last):
  File "/usr/local/lib/python3.12/site-packages/discord/client.py", line 465, in _run_event
    await coro(*args, **kwargs)
  File "/app/asu_discord/cogs/analytics.py", line 652, in on_member_update
    before_timeout = before.timed_out_until
                     ^^^^^^^^^^^^^^^^^^^^^^
AttributeError: 'Member' object has no attribute 'timed_out_until'
Ignoring exception in on_member_update
Traceback (most recent call last):
  File "/usr/local/lib/python3.12/site-packages/discord/client.py", line 465, in _run_event
    await coro(*args, **kwargs)
  File "/app/asu_discord/cogs/analytics.py", line 652, in on_member_update
    before_timeout = before.timed_out_until
                     ^^^^^^^^^^^^^^^^^^^^^^
AttributeError: 'Member' object has no attribute 'timed_out_until'
INFO:asu_discord.cogs.verification:Saved 5 roles to database for user esahlan (Discord ID: 747701045194522698)
INFO:asu_discord.cogs.verification:Refreshed Salesforce roles for Discord user 747701045194522698: -5/+5 roles, assigned=[Commited, First Year, International Student, Tempe, W.P. Carey School of Business]
Ignoring exception in on_member_update
Traceback (most recent call last):
  File "/usr/local/lib/python3.12/site-packages/discord/client.py", line 465, in _run_event
    await coro(*args, **kwargs)
  File "/app/asu_discord/cogs/analytics.py", line 652, in on_member_update
    before_timeout = before.timed_out_until
                     ^^^^^^^^^^^^^^^^^^^^^^
AttributeError: 'Member' object has no attribute 'timed_out_until'
Ignoring exception in on_member_update
Traceback (most recent call last):
  File "/usr/local/lib/python3.12/site-packages/discord/client.py", line 465, in _run_event
    await coro(*args, **kwargs)
  File "/app/asu_discord/cogs/analytics.py", line 652, in on_member_update
    before_timeout = before.timed_out_until
                     ^^^^^^^^^^^^^^^^^^^^^^
AttributeError: 'Member' object has no attribute 'timed_out_until'
Ignoring exception in on_member_update
Traceback (most recent call last):
  File "/usr/local/lib/python3.12/site-packages/discord/client.py", line 465, in _run_event
    await coro(*args, **kwargs)
  File "/app/asu_discord/cogs/analytics.py", line 652, in on_member_update
    before_timeout = before.timed_out_until
                     ^^^^^^^^^^^^^^^^^^^^^^
AttributeError: 'Member' object has no attribute 'timed_out_until'
Ignoring exception in on_member_update
Traceback (most recent call last):
  File "/usr/local/lib/python3.12/site-packages/discord/client.py", line 465, in _run_event
    await coro(*args, **kwargs)
  File "/app/asu_discord/cogs/analytics.py", line 652, in on_member_update
    before_timeout = before.timed_out_until
                     ^^^^^^^^^^^^^^^^^^^^^^
AttributeError: 'Member' object has no attribute 'timed_out_until'
Ignoring exception in on_member_update
Traceback (most recent call last):
  File "/usr/local/lib/python3.12/site-packages/discord/client.py", line 465, in _run_event
    await coro(*args, **kwargs)
  File "/app/asu_discord/cogs/analytics.py", line 652, in on_member_update
    before_timeout = before.timed_out_until
                     ^^^^^^^^^^^^^^^^^^^^^^
AttributeError: 'Member' object has no attribute 'timed_out_until'
Ignoring exception in on_member_update
Traceback (most recent call last):
  File "/usr/local/lib/python3.12/site-packages/discord/client.py", line 465, in _run_event
    await coro(*args, **kwargs)
  File "/app/asu_discord/cogs/analytics.py", line 652, in on_member_update
    before_timeout = before.timed_out_until
                     ^^^^^^^^^^^^^^^^^^^^^^
AttributeError: 'Member' object has no attribute 'timed_out_until'
Ignoring exception in on_member_update
Traceback (most recent call last):
  File "/usr/local/lib/python3.12/site-packages/discord/client.py", line 465, in _run_event
    await coro(*args, **kwargs)
  File "/app/asu_discord/cogs/analytics.py", line 652, in on_member_update
    before_timeout = before.timed_out_until
                     ^^^^^^^^^^^^^^^^^^^^^^
AttributeError: 'Member' object has no attribute 'timed_out_until'
Ignoring exception in on_member_update
Traceback (most recent call last):
  File "/usr/local/lib/python3.12/site-packages/discord/client.py", line 465, in _run_event
    await coro(*args, **kwargs)
  File "/app/asu_discord/cogs/analytics.py", line 652, in on_member_update
    before_timeout = before.timed_out_until
                     ^^^^^^^^^^^^^^^^^^^^^^
AttributeError: 'Member' object has no attribute 'timed_out_until'
Ignoring exception in on_member_update
Traceback (most recent call last):
  File "/usr/local/lib/python3.12/site-packages/discord/client.py", line 465, in _run_event
    await coro(*args, **kwargs)
  File "/app/asu_discord/cogs/analytics.py", line 652, in on_member_update
    before_timeout = before.timed_out_until
                     ^^^^^^^^^^^^^^^^^^^^^^
AttributeError: 'Member' object has no attribute 'timed_out_until'
Ignoring exception in on_member_update
Traceback (most recent call last):
  File "/usr/local/lib/python3.12/site-packages/discord/client.py", line 465, in _run_event
    await coro(*args, **kwargs)
  File "/app/asu_discord/cogs/analytics.py", line 652, in on_member_update
    before_timeout = before.timed_out_until
                     ^^^^^^^^^^^^^^^^^^^^^^
AttributeError: 'Member' object has no attribute 'timed_out_until'
INFO:asu_discord.cogs.verification:Saved 5 roles to database for user bnguy118 (Discord ID: 1454762478302138449)
INFO:asu_discord.cogs.verification:Refreshed Salesforce roles for Discord user 1454762478302138449: -5/+5 roles, assigned=[Commited, First Year, International Student, Ira A. Fulton Schools of Engineering, Tempe]
Ignoring exception in on_member_update
Traceback (most recent call last):
  File "/usr/local/lib/python3.12/site-packages/discord/client.py", line 465, in _run_event
    await coro(*args, **kwargs)
  File "/app/asu_discord/cogs/analytics.py", line 652, in on_member_update
    before_timeout = before.timed_out_until
                     ^^^^^^^^^^^^^^^^^^^^^^
AttributeError: 'Member' object has no attribute 'timed_out_until'
Ignoring exception in on_member_update
Traceback (most recent call last):
  File "/usr/local/lib/python3.12/site-packages/discord/client.py", line 465, in _run_event
    await coro(*args, **kwargs)
  File "/app/asu_discord/cogs/analytics.py", line 652, in on_member_update
    before_timeout = before.timed_out_until
                     ^^^^^^^^^^^^^^^^^^^^^^
AttributeError: 'Member' object has no attribute 'timed_out_until'
Ignoring exception in on_member_update
Traceback (most recent call last):
  File "/usr/local/lib/python3.12/site-packages/discord/client.py", line 465, in _run_event
    await coro(*args, **kwargs)
  File "/app/asu_discord/cogs/analytics.py", line 652, in on_member_update
    before_timeout = before.timed_out_until
                     ^^^^^^^^^^^^^^^^^^^^^^
AttributeError: 'Member' object has no attribute 'timed_out_until'
Ignoring exception in on_member_update
Traceback (most recent call last):
  File "/usr/local/lib/python3.12/site-packages/discord/client.py", line 465, in _run_event
    await coro(*args, **kwargs)
  File "/app/asu_discord/cogs/analytics.py", line 652, in on_member_update
    before_timeout = before.timed_out_until
                     ^^^^^^^^^^^^^^^^^^^^^^
AttributeError: 'Member' object has no attribute 'timed_out_until'
Ignoring exception in on_member_update
Traceback (most recent call last):
  File "/usr/local/lib/python3.12/site-packages/discord/client.py", line 465, in _run_event
    await coro(*args, **kwargs)
  File "/app/asu_discord/cogs/analytics.py", line 652, in on_member_update
    before_timeout = before.timed_out_until
                     ^^^^^^^^^^^^^^^^^^^^^^
AttributeError: 'Member' object has no attribute 'timed_out_until'
Ignoring exception in on_member_update
Traceback (most recent call last):
  File "/usr/local/lib/python3.12/site-packages/discord/client.py", line 465, in _run_event
    await coro(*args, **kwargs)
  File "/app/asu_discord/cogs/analytics.py", line 652, in on_member_update
    before_timeout = before.timed_out_until
                     ^^^^^^^^^^^^^^^^^^^^^^
AttributeError: 'Member' object has no attribute 'timed_out_until'
Ignoring exception in on_member_update
Traceback (most recent call last):
  File "/usr/local/lib/python3.12/site-packages/discord/client.py", line 465, in _run_event
    await coro(*args, **kwargs)
  File "/app/asu_discord/cogs/analytics.py", line 652, in on_member_update
    before_timeout = before.timed_out_until
                     ^^^^^^^^^^^^^^^^^^^^^^
AttributeError: 'Member' object has no attribute 'timed_out_until'
Ignoring exception in on_member_update
Traceback (most recent call last):
  File "/usr/local/lib/python3.12/site-packages/discord/client.py", line 465, in _run_event
    await coro(*args, **kwargs)
  File "/app/asu_discord/cogs/analytics.py", line 652, in on_member_update
    before_timeout = before.timed_out_until
                     ^^^^^^^^^^^^^^^^^^^^^^
AttributeError: 'Member' object has no attribute 'timed_out_until'
INFO:asu_discord.cogs.verification:Saved 4 roles to database for user zjian144 (Discord ID: 887376804426420344)
INFO:asu_discord.cogs.verification:Refreshed Salesforce roles for Discord user 887376804426420344: -4/+4 roles, assigned=[College of Liberal Arts and Sciences, Graduate Student, International Student, Tempe]
Ignoring exception in on_member_update
Traceback (most recent call last):
  File "/usr/local/lib/python3.12/site-packages/discord/client.py", line 465, in _run_event
    await coro(*args, **kwargs)
  File "/app/asu_discord/cogs/analytics.py", line 652, in on_member_update
    before_timeout = before.timed_out_until
                     ^^^^^^^^^^^^^^^^^^^^^^
AttributeError: 'Member' object has no attribute 'timed_out_until'
Ignoring exception in on_member_update
Traceback (most recent call last):
  File "/usr/local/lib/python3.12/site-packages/discord/client.py", line 465, in _run_event
    await coro(*args, **kwargs)
  File "/app/asu_discord/cogs/analytics.py", line 652, in on_member_update
    before_timeout = before.timed_out_until
                     ^^^^^^^^^^^^^^^^^^^^^^
AttributeError: 'Member' object has no attribute 'timed_out_until'
Ignoring exception in on_member_update
Traceback (most recent call last):
  File "/usr/local/lib/python3.12/site-packages/discord/client.py", line 465, in _run_event
    await coro(*args, **kwargs)
  File "/app/asu_discord/cogs/analytics.py", line 652, in on_member_update
    before_timeout = before.timed_out_until
                     ^^^^^^^^^^^^^^^^^^^^^^
AttributeError: 'Member' object has no attribute 'timed_out_until'
Ignoring exception in on_member_update
Traceback (most recent call last):
  File "/usr/local/lib/python3.12/site-packages/discord/client.py", line 465, in _run_event
    await coro(*args, **kwargs)
  File "/app/asu_discord/cogs/analytics.py", line 652, in on_member_update
    before_timeout = before.timed_out_until
                     ^^^^^^^^^^^^^^^^^^^^^^
AttributeError: 'Member' object has no attribute 'timed_out_until'
Ignoring exception in on_member_update
Traceback (most recent call last):
  File "/usr/local/lib/python3.12/site-packages/discord/client.py", line 465, in _run_event
    await coro(*args, **kwargs)
  File "/app/asu_discord/cogs/analytics.py", line 652, in on_member_update
    before_timeout = before.timed_out_until
                     ^^^^^^^^^^^^^^^^^^^^^^
AttributeError: 'Member' object has no attribute 'timed_out_until'
Ignoring exception in on_member_update
Traceback (most recent call last):
  File "/usr/local/lib/python3.12/site-packages/discord/client.py", line 465, in _run_event
    await coro(*args, **kwargs)
  File "/app/asu_discord/cogs/analytics.py", line 652, in on_member_update
    before_timeout = before.timed_out_until
                     ^^^^^^^^^^^^^^^^^^^^^^
AttributeError: 'Member' object has no attribute 'timed_out_until'
Ignoring exception in on_member_update
Traceback (most recent call last):
  File "/usr/local/lib/python3.12/site-packages/discord/client.py", line 465, in _run_event
    await coro(*args, **kwargs)
  File "/app/asu_discord/cogs/analytics.py", line 652, in on_member_update
    before_timeout = before.timed_out_until
                     ^^^^^^^^^^^^^^^^^^^^^^
AttributeError: 'Member' object has no attribute 'timed_out_until'
Ignoring exception in on_member_update
Traceback (most recent call last):
  File "/usr/local/lib/python3.12/site-packages/discord/client.py", line 465, in _run_event
    await coro(*args, **kwargs)
  File "/app/asu_discord/cogs/analytics.py", line 652, in on_member_update
    before_timeout = before.timed_out_until
                     ^^^^^^^^^^^^^^^^^^^^^^
AttributeError: 'Member' object has no attribute 'timed_out_until'
Ignoring exception in on_member_update
Traceback (most recent call last):
  File "/usr/local/lib/python3.12/site-packages/discord/client.py", line 465, in _run_event
    await coro(*args, **kwargs)
  File "/app/asu_discord/cogs/analytics.py", line 652, in on_member_update
    before_timeout = before.timed_out_until
                     ^^^^^^^^^^^^^^^^^^^^^^
AttributeError: 'Member' object has no attribute 'timed_out_until'
Ignoring exception in on_member_update
Traceback (most recent call last):
  File "/usr/local/lib/python3.12/site-packages/discord/client.py", line 465, in _run_event
    await coro(*args, **kwargs)
  File "/app/asu_discord/cogs/analytics.py", line 652, in on_member_update
    before_timeout = before.timed_out_until
                     ^^^^^^^^^^^^^^^^^^^^^^
AttributeError: 'Member' object has no attribute 'timed_out_until'
Ignoring exception in on_member_update
Traceback (most recent call last):
  File "/usr/local/lib/python3.12/site-packages/discord/client.py", line 465, in _run_event
    await coro(*args, **kwargs)
  File "/app/asu_discord/cogs/analytics.py", line 652, in on_member_update
    before_timeout = before.timed_out_until
                     ^^^^^^^^^^^^^^^^^^^^^^
AttributeError: 'Member' object has no attribute 'timed_out_until'
Ignoring exception in on_member_update
Traceback (most recent call last):
  File "/usr/local/lib/python3.12/site-packages/discord/client.py", line 465, in _run_event
    await coro(*args, **kwargs)
  File "/app/asu_discord/cogs/analytics.py", line 652, in on_member_update
    before_timeout = before.timed_out_until
                     ^^^^^^^^^^^^^^^^^^^^^^
AttributeError: 'Member' object has no attribute 'timed_out_until'
INFO:asu_discord.cogs.verification:Saved 5 roles to database for user mkhanchi (Discord ID: 719595541142437929)
INFO:asu_discord.cogs.verification:Refreshed Salesforce roles for Discord user 719595541142437929: -5/+5 roles, assigned=[Commited, First Year, Out of State, Tempe, W.P. Carey School of Business]
Ignoring exception in on_member_update
Traceback (most recent call last):
  File "/usr/local/lib/python3.12/site-packages/discord/client.py", line 465, in _run_event
    await coro(*args, **kwargs)
  File "/app/asu_discord/cogs/analytics.py", line 652, in on_member_update
    before_timeout = before.timed_out_until
                     ^^^^^^^^^^^^^^^^^^^^^^
AttributeError: 'Member' object has no attribute 'timed_out_until'
Ignoring exception in on_member_update
Traceback (most recent call last):
  File "/usr/local/lib/python3.12/site-packages/discord/client.py", line 465, in _run_event
    await coro(*args, **kwargs)
  File "/app/asu_discord/cogs/analytics.py", line 652, in on_member_update
    before_timeout = before.timed_out_until
                     ^^^^^^^^^^^^^^^^^^^^^^
AttributeError: 'Member' object has no attribute 'timed_out_until'
Ignoring exception in on_member_update
Traceback (most recent call last):
  File "/usr/local/lib/python3.12/site-packages/discord/client.py", line 465, in _run_event
    await coro(*args, **kwargs)
  File "/app/asu_discord/cogs/analytics.py", line 652, in on_member_update
    before_timeout = before.timed_out_until
                     ^^^^^^^^^^^^^^^^^^^^^^
AttributeError: 'Member' object has no attribute 'timed_out_until'
Ignoring exception in on_member_update
Traceback (most recent call last):
  File "/usr/local/lib/python3.12/site-packages/discord/client.py", line 465, in _run_event
    await coro(*args, **kwargs)
  File "/app/asu_discord/cogs/analytics.py", line 652, in on_member_update
    before_timeout = before.timed_out_until
                     ^^^^^^^^^^^^^^^^^^^^^^
AttributeError: 'Member' object has no attribute 'timed_out_until'
Ignoring exception in on_member_update
Traceback (most recent call last):
  File "/usr/local/lib/python3.12/site-packages/discord/client.py", line 465, in _run_event
    await coro(*args, **kwargs)
  File "/app/asu_discord/cogs/analytics.py", line 652, in on_member_update
    before_timeout = before.timed_out_until
                     ^^^^^^^^^^^^^^^^^^^^^^
AttributeError: 'Member' object has no attribute 'timed_out_until'
Ignoring exception in on_member_update
Traceback (most recent call last):
  File "/usr/local/lib/python3.12/site-packages/discord/client.py", line 465, in _run_event
    await coro(*args, **kwargs)
  File "/app/asu_discord/cogs/analytics.py", line 652, in on_member_update
    before_timeout = before.timed_out_until
                     ^^^^^^^^^^^^^^^^^^^^^^
AttributeError: 'Member' object has no attribute 'timed_out_until'
Ignoring exception in on_member_update
Traceback (most recent call last):
  File "/usr/local/lib/python3.12/site-packages/discord/client.py", line 465, in _run_event
    await coro(*args, **kwargs)
  File "/app/asu_discord/cogs/analytics.py", line 652, in on_member_update
    before_timeout = before.timed_out_until
                     ^^^^^^^^^^^^^^^^^^^^^^
AttributeError: 'Member' object has no attribute 'timed_out_until'
Ignoring exception in on_member_update
Traceback (most recent call last):
  File "/usr/local/lib/python3.12/site-packages/discord/client.py", line 465, in _run_event
    await coro(*args, **kwargs)
  File "/app/asu_discord/cogs/analytics.py", line 652, in on_member_update
    before_timeout = before.timed_out_until
                     ^^^^^^^^^^^^^^^^^^^^^^
AttributeError: 'Member' object has no attribute 'timed_out_until'
Ignoring exception in on_member_update
Traceback (most recent call last):
  File "/usr/local/lib/python3.12/site-packages/discord/client.py", line 465, in _run_event
    await coro(*args, **kwargs)
  File "/app/asu_discord/cogs/analytics.py", line 652, in on_member_update
    before_timeout = before.timed_out_until
                     ^^^^^^^^^^^^^^^^^^^^^^
AttributeError: 'Member' object has no attribute 'timed_out_until'
Ignoring exception in on_member_update
Traceback (most recent call last):
  File "/usr/local/lib/python3.12/site-packages/discord/client.py", line 465, in _run_event
    await coro(*args, **kwargs)
  File "/app/asu_discord/cogs/analytics.py", line 652, in on_member_update
    before_timeout = before.timed_out_until
                     ^^^^^^^^^^^^^^^^^^^^^^
AttributeError: 'Member' object has no attribute 'timed_out_until'
INFO:asu_discord.cogs.verification:Saved 5 roles to database for user rtony1 (Discord ID: 1495636624414085130)
INFO:asu_discord.cogs.verification:Refreshed Salesforce roles for Discord user 1495636624414085130: -5/+5 roles, assigned=[Arizona Resident, Commited, Graduate Student, Ira A. Fulton Schools of Engineering, Tempe]
Ignoring exception in on_member_update
Traceback (most recent call last):
  File "/usr/local/lib/python3.12/site-packages/discord/client.py", line 465, in _run_event
    await coro(*args, **kwargs)
  File "/app/asu_discord/cogs/analytics.py", line 652, in on_member_update
    before_timeout = before.timed_out_until
                     ^^^^^^^^^^^^^^^^^^^^^^
AttributeError: 'Member' object has no attribute 'timed_out_until'
Ignoring exception in on_member_update
Traceback (most recent call last):
  File "/usr/local/lib/python3.12/site-packages/discord/client.py", line 465, in _run_event
    await coro(*args, **kwargs)
  File "/app/asu_discord/cogs/analytics.py", line 652, in on_member_update
    before_timeout = before.timed_out_until
                     ^^^^^^^^^^^^^^^^^^^^^^
AttributeError: 'Member' object has no attribute 'timed_out_until'
Ignoring exception in on_member_update
Traceback (most recent call last):
  File "/usr/local/lib/python3.12/site-packages/discord/client.py", line 465, in _run_event
    await coro(*args, **kwargs)
  File "/app/asu_discord/cogs/analytics.py", line 652, in on_member_update
    before_timeout = before.timed_out_until
                     ^^^^^^^^^^^^^^^^^^^^^^
AttributeError: 'Member' object has no attribute 'timed_out_until'
Ignoring exception in on_member_update
Traceback (most recent call last):
  File "/usr/local/lib/python3.12/site-packages/discord/client.py", line 465, in _run_event
    await coro(*args, **kwargs)
  File "/app/asu_discord/cogs/analytics.py", line 652, in on_member_update
    before_timeout = before.timed_out_until
                     ^^^^^^^^^^^^^^^^^^^^^^
AttributeError: 'Member' object has no attribute 'timed_out_until'
Ignoring exception in on_member_update
Traceback (most recent call last):
  File "/usr/local/lib/python3.12/site-packages/discord/client.py", line 465, in _run_event
    await coro(*args, **kwargs)
  File "/app/asu_discord/cogs/analytics.py", line 652, in on_member_update
    before_timeout = before.timed_out_until
                     ^^^^^^^^^^^^^^^^^^^^^^
AttributeError: 'Member' object has no attribute 'timed_out_until'
Ignoring exception in on_member_update
Traceback (most recent call last):
  File "/usr/local/lib/python3.12/site-packages/discord/client.py", line 465, in _run_event
    await coro(*args, **kwargs)
  File "/app/asu_discord/cogs/analytics.py", line 652, in on_member_update
    before_timeout = before.timed_out_until
                     ^^^^^^^^^^^^^^^^^^^^^^
AttributeError: 'Member' object has no attribute 'timed_out_until'
Ignoring exception in on_member_update
Traceback (most recent call last):
  File "/usr/local/lib/python3.12/site-packages/discord/client.py", line 465, in _run_event
    await coro(*args, **kwargs)
  File "/app/asu_discord/cogs/analytics.py", line 652, in on_member_update
    before_timeout = before.timed_out_until
                     ^^^^^^^^^^^^^^^^^^^^^^
AttributeError: 'Member' object has no attribute 'timed_out_until'
Ignoring exception in on_member_update
Traceback (most recent call last):
  File "/usr/local/lib/python3.12/site-packages/discord/client.py", line 465, in _run_event
    await coro(*args, **kwargs)
  File "/app/asu_discord/cogs/analytics.py", line 652, in on_member_update
    before_timeout = before.timed_out_until
                     ^^^^^^^^^^^^^^^^^^^^^^
AttributeError: 'Member' object has no attribute 'timed_out_until'
INFO:asu_discord.cogs.verification:Saved 4 roles to database for user sherre45 (Discord ID: 754094370537472091)
INFO:asu_discord.cogs.verification:Refreshed Salesforce roles for Discord user 754094370537472091: -4/+4 roles, assigned=[College of Liberal Arts and Sciences, Commited, First Year, Tempe]
Ignoring exception in on_member_update
Traceback (most recent call last):
  File "/usr/local/lib/python3.12/site-packages/discord/client.py", line 465, in _run_event
    await coro(*args, **kwargs)
  File "/app/asu_discord/cogs/analytics.py", line 652, in on_member_update
    before_timeout = before.timed_out_until
                     ^^^^^^^^^^^^^^^^^^^^^^
AttributeError: 'Member' object has no attribute 'timed_out_until'
Ignoring exception in on_member_update
Traceback (most recent call last):
  File "/usr/local/lib/python3.12/site-packages/discord/client.py", line 465, in _run_event
    await coro(*args, **kwargs)
  File "/app/asu_discord/cogs/analytics.py", line 652, in on_member_update
    before_timeout = before.timed_out_until
                     ^^^^^^^^^^^^^^^^^^^^^^
AttributeError: 'Member' object has no attribute 'timed_out_until'
Ignoring exception in on_member_update
Traceback (most recent call last):
  File "/usr/local/lib/python3.12/site-packages/discord/client.py", line 465, in _run_event
    await coro(*args, **kwargs)
  File "/app/asu_discord/cogs/analytics.py", line 652, in on_member_update
    before_timeout = before.timed_out_until
                     ^^^^^^^^^^^^^^^^^^^^^^
AttributeError: 'Member' object has no attribute 'timed_out_until'
Ignoring exception in on_member_update
Traceback (most recent call last):
  File "/usr/local/lib/python3.12/site-packages/discord/client.py", line 465, in _run_event
    await coro(*args, **kwargs)
  File "/app/asu_discord/cogs/analytics.py", line 652, in on_member_update
    before_timeout = before.timed_out_until
                     ^^^^^^^^^^^^^^^^^^^^^^
AttributeError: 'Member' object has no attribute 'timed_out_until'
Ignoring exception in on_member_update
Traceback (most recent call last):
  File "/usr/local/lib/python3.12/site-packages/discord/client.py", line 465, in _run_event
    await coro(*args, **kwargs)
  File "/app/asu_discord/cogs/analytics.py", line 652, in on_member_update
    before_timeout = before.timed_out_until
                     ^^^^^^^^^^^^^^^^^^^^^^
AttributeError: 'Member' object has no attribute 'timed_out_until'
Ignoring exception in on_member_update
Traceback (most recent call last):
  File "/usr/local/lib/python3.12/site-packages/discord/client.py", line 465, in _run_event
    await coro(*args, **kwargs)
  File "/app/asu_discord/cogs/analytics.py", line 652, in on_member_update
    before_timeout = before.timed_out_until
                     ^^^^^^^^^^^^^^^^^^^^^^
AttributeError: 'Member' object has no attribute 'timed_out_until'
Ignoring exception in on_member_update
Traceback (most recent call last):
  File "/usr/local/lib/python3.12/site-packages/discord/client.py", line 465, in _run_event
    await coro(*args, **kwargs)
  File "/app/asu_discord/cogs/analytics.py", line 652, in on_member_update
    before_timeout = before.timed_out_until
                     ^^^^^^^^^^^^^^^^^^^^^^
AttributeError: 'Member' object has no attribute 'timed_out_until'
Ignoring exception in on_member_update
Traceback (most recent call last):
  File "/usr/local/lib/python3.12/site-packages/discord/client.py", line 465, in _run_event
    await coro(*args, **kwargs)
  File "/app/asu_discord/cogs/analytics.py", line 652, in on_member_update
    before_timeout = before.timed_out_until
                     ^^^^^^^^^^^^^^^^^^^^^^
AttributeError: 'Member' object has no attribute 'timed_out_until'
Ignoring exception in on_member_update
Traceback (most recent call last):
  File "/usr/local/lib/python3.12/site-packages/discord/client.py", line 465, in _run_event
    await coro(*args, **kwargs)
  File "/app/asu_discord/cogs/analytics.py", line 652, in on_member_update
    before_timeout = before.timed_out_until
                     ^^^^^^^^^^^^^^^^^^^^^^
AttributeError: 'Member' object has no attribute 'timed_out_until'
Ignoring exception in on_member_update
Traceback (most recent call last):
  File "/usr/local/lib/python3.12/site-packages/discord/client.py", line 465, in _run_event
    await coro(*args, **kwargs)
  File "/app/asu_discord/cogs/analytics.py", line 652, in on_member_update
    before_timeout = before.timed_out_until
                     ^^^^^^^^^^^^^^^^^^^^^^
AttributeError: 'Member' object has no attribute 'timed_out_until'
Ignoring exception in on_member_update
Traceback (most recent call last):
  File "/usr/local/lib/python3.12/site-packages/discord/client.py", line 465, in _run_event
    await coro(*args, **kwargs)
  File "/app/asu_discord/cogs/analytics.py", line 652, in on_member_update
    before_timeout = before.timed_out_until
                     ^^^^^^^^^^^^^^^^^^^^^^
AttributeError: 'Member' object has no attribute 'timed_out_until'
Ignoring exception in on_member_update
Traceback (most recent call last):
  File "/usr/local/lib/python3.12/site-packages/discord/client.py", line 465, in _run_event
    await coro(*args, **kwargs)
  File "/app/asu_discord/cogs/analytics.py", line 652, in on_member_update
    before_timeout = before.timed_out_until
                     ^^^^^^^^^^^^^^^^^^^^^^
AttributeError: 'Member' object has no attribute 'timed_out_until'
Ignoring exception in on_member_update
Traceback (most recent call last):
  File "/usr/local/lib/python3.12/site-packages/discord/client.py", line 465, in _run_event
    await coro(*args, **kwargs)
  File "/app/asu_discord/cogs/analytics.py", line 652, in on_member_update
    before_timeout = before.timed_out_until
                     ^^^^^^^^^^^^^^^^^^^^^^
AttributeError: 'Member' object has no attribute 'timed_out_until'
Ignoring exception in on_member_update
Traceback (most recent call last):
  File "/usr/local/lib/python3.12/site-packages/discord/client.py", line 465, in _run_event
    await coro(*args, **kwargs)
  File "/app/asu_discord/cogs/analytics.py", line 652, in on_member_update
    before_timeout = before.timed_out_until
                     ^^^^^^^^^^^^^^^^^^^^^^
AttributeError: 'Member' object has no attribute 'timed_out_until'
Ignoring exception in on_member_update
Traceback (most recent call last):
  File "/usr/local/lib/python3.12/site-packages/discord/client.py", line 465, in _run_event
    await coro(*args, **kwargs)
  File "/app/asu_discord/cogs/analytics.py", line 652, in on_member_update
    before_timeout = before.timed_out_until
                     ^^^^^^^^^^^^^^^^^^^^^^
AttributeError: 'Member' object has no attribute 'timed_out_until'
INFO:asu_discord.cogs.verification:Saved 6 roles to database for user kichappe (Discord ID: 1503106746288308446)
INFO:asu_discord.cogs.verification:Refreshed Salesforce roles for Discord user 1503106746288308446: -6/+6 roles, assigned=[Commited, First Generation Student, First Year, Out of State, W.P. Carey School of Business, West Valley]
Ignoring exception in on_member_update
Traceback (most recent call last):
  File "/usr/local/lib/python3.12/site-packages/discord/client.py", line 465, in _run_event
    await coro(*args, **kwargs)
  File "/app/asu_discord/cogs/analytics.py", line 652, in on_member_update
    before_timeout = before.timed_out_until
                     ^^^^^^^^^^^^^^^^^^^^^^
AttributeError: 'Member' object has no attribute 'timed_out_until'
Ignoring exception in on_member_update
Traceback (most recent call last):
  File "/usr/local/lib/python3.12/site-packages/discord/client.py", line 465, in _run_event
    await coro(*args, **kwargs)
  File "/app/asu_discord/cogs/analytics.py", line 652, in on_member_update
    before_timeout = before.timed_out_until
                     ^^^^^^^^^^^^^^^^^^^^^^
AttributeError: 'Member' object has no attribute 'timed_out_until'
Ignoring exception in on_member_update
Traceback (most recent call last):
  File "/usr/local/lib/python3.12/site-packages/discord/client.py", line 465, in _run_event
    await coro(*args, **kwargs)
  File "/app/asu_discord/cogs/analytics.py", line 652, in on_member_update
    before_timeout = before.timed_out_until
                     ^^^^^^^^^^^^^^^^^^^^^^
AttributeError: 'Member' object has no attribute 'timed_out_until'
Ignoring exception in on_member_update
Traceback (most recent call last):
  File "/usr/local/lib/python3.12/site-packages/discord/client.py", line 465, in _run_event
    await coro(*args, **kwargs)
  File "/app/asu_discord/cogs/analytics.py", line 652, in on_member_update
    before_timeout = before.timed_out_until
                     ^^^^^^^^^^^^^^^^^^^^^^
AttributeError: 'Member' object has no attribute 'timed_out_until'
Ignoring exception in on_member_update
Traceback (most recent call last):
  File "/usr/local/lib/python3.12/site-packages/discord/client.py", line 465, in _run_event
    await coro(*args, **kwargs)
  File "/app/asu_discord/cogs/analytics.py", line 652, in on_member_update
    before_timeout = before.timed_out_until
                     ^^^^^^^^^^^^^^^^^^^^^^
AttributeError: 'Member' object has no attribute 'timed_out_until'
Ignoring exception in on_member_update
Traceback (most recent call last):
  File "/usr/local/lib/python3.12/site-packages/discord/client.py", line 465, in _run_event
    await coro(*args, **kwargs)
  File "/app/asu_discord/cogs/analytics.py", line 652, in on_member_update
    before_timeout = before.timed_out_until
                     ^^^^^^^^^^^^^^^^^^^^^^
AttributeError: 'Member' object has no attribute 'timed_out_until'
Ignoring exception in on_member_update
Traceback (most recent call last):
  File "/usr/local/lib/python3.12/site-packages/discord/client.py", line 465, in _run_event
    await coro(*args, **kwargs)
  File "/app/asu_discord/cogs/analytics.py", line 652, in on_member_update
    before_timeout = before.timed_out_until
                     ^^^^^^^^^^^^^^^^^^^^^^
AttributeError: 'Member' object has no attribute 'timed_out_until'
Ignoring exception in on_member_update
Traceback (most recent call last):
  File "/usr/local/lib/python3.12/site-packages/discord/client.py", line 465, in _run_event
    await coro(*args, **kwargs)
  File "/app/asu_discord/cogs/analytics.py", line 652, in on_member_update
    before_timeout = before.timed_out_until
                     ^^^^^^^^^^^^^^^^^^^^^^
AttributeError: 'Member' object has no attribute 'timed_out_until'
Ignoring exception in on_member_update
Traceback (most recent call last):
  File "/usr/local/lib/python3.12/site-packages/discord/client.py", line 465, in _run_event
    await coro(*args, **kwargs)
  File "/app/asu_discord/cogs/analytics.py", line 652, in on_member_update
    before_timeout = before.timed_out_until
                     ^^^^^^^^^^^^^^^^^^^^^^
AttributeError: 'Member' object has no attribute 'timed_out_until'
Ignoring exception in on_member_update
Traceback (most recent call last):
  File "/usr/local/lib/python3.12/site-packages/discord/client.py", line 465, in _run_event
    await coro(*args, **kwargs)
  File "/app/asu_discord/cogs/analytics.py", line 652, in on_member_update
    before_timeout = before.timed_out_until
                     ^^^^^^^^^^^^^^^^^^^^^^
AttributeError: 'Member' object has no attribute 'timed_out_until'
INFO:asu_discord.cogs.verification:Saved 6 roles to database for user ztvinson (Discord ID: 862218787175268353)
INFO:asu_discord.cogs.verification:Refreshed Salesforce roles for Discord user 862218787175268353: -4/+6 roles, assigned=[Commited, First Generation Student, First Year, Ira A. Fulton Schools of Engineering, Out of State, Tempe]
Ignoring exception in on_member_update
Traceback (most recent call last):
  File "/usr/local/lib/python3.12/site-packages/discord/client.py", line 465, in _run_event
    await coro(*args, **kwargs)
  File "/app/asu_discord/cogs/analytics.py", line 652, in on_member_update
    before_timeout = before.timed_out_until
                     ^^^^^^^^^^^^^^^^^^^^^^
AttributeError: 'Member' object has no attribute 'timed_out_until'
Ignoring exception in on_member_update
Traceback (most recent call last):
  File "/usr/local/lib/python3.12/site-packages/discord/client.py", line 465, in _run_event
    await coro(*args, **kwargs)
  File "/app/asu_discord/cogs/analytics.py", line 652, in on_member_update
    before_timeout = before.timed_out_until
                     ^^^^^^^^^^^^^^^^^^^^^^
AttributeError: 'Member' object has no attribute 'timed_out_until'
Ignoring exception in on_member_update
Traceback (most recent call last):
  File "/usr/local/lib/python3.12/site-packages/discord/client.py", line 465, in _run_event
    await coro(*args, **kwargs)
  File "/app/asu_discord/cogs/analytics.py", line 652, in on_member_update
    before_timeout = before.timed_out_until
                     ^^^^^^^^^^^^^^^^^^^^^^
AttributeError: 'Member' object has no attribute 'timed_out_until'
Ignoring exception in on_member_update
Traceback (most recent call last):
  File "/usr/local/lib/python3.12/site-packages/discord/client.py", line 465, in _run_event
    await coro(*args, **kwargs)
  File "/app/asu_discord/cogs/analytics.py", line 652, in on_member_update
    before_timeout = before.timed_out_until
                     ^^^^^^^^^^^^^^^^^^^^^^
AttributeError: 'Member' object has no attribute 'timed_out_until'
Ignoring exception in on_member_update
Traceback (most recent call last):
  File "/usr/local/lib/python3.12/site-packages/discord/client.py", line 465, in _run_event
    await coro(*args, **kwargs)
  File "/app/asu_discord/cogs/analytics.py", line 652, in on_member_update
    before_timeout = before.timed_out_until
                     ^^^^^^^^^^^^^^^^^^^^^^
AttributeError: 'Member' object has no attribute 'timed_out_until'
Ignoring exception in on_member_update
Traceback (most recent call last):
  File "/usr/local/lib/python3.12/site-packages/discord/client.py", line 465, in _run_event
    await coro(*args, **kwargs)
  File "/app/asu_discord/cogs/analytics.py", line 652, in on_member_update
    before_timeout = before.timed_out_until
                     ^^^^^^^^^^^^^^^^^^^^^^
AttributeError: 'Member' object has no attribute 'timed_out_until'
Ignoring exception in on_member_update
Traceback (most recent call last):
  File "/usr/local/lib/python3.12/site-packages/discord/client.py", line 465, in _run_event
    await coro(*args, **kwargs)
  File "/app/asu_discord/cogs/analytics.py", line 652, in on_member_update
    before_timeout = before.timed_out_until
                     ^^^^^^^^^^^^^^^^^^^^^^
AttributeError: 'Member' object has no attribute 'timed_out_until'
Ignoring exception in on_member_update
Traceback (most recent call last):
  File "/usr/local/lib/python3.12/site-packages/discord/client.py", line 465, in _run_event
    await coro(*args, **kwargs)
  File "/app/asu_discord/cogs/analytics.py", line 652, in on_member_update
    before_timeout = before.timed_out_until
                     ^^^^^^^^^^^^^^^^^^^^^^
AttributeError: 'Member' object has no attribute 'timed_out_until'
Ignoring exception in on_member_update
Traceback (most recent call last):
  File "/usr/local/lib/python3.12/site-packages/discord/client.py", line 465, in _run_event
    await coro(*args, **kwargs)
  File "/app/asu_discord/cogs/analytics.py", line 652, in on_member_update
    before_timeout = before.timed_out_until
                     ^^^^^^^^^^^^^^^^^^^^^^
AttributeError: 'Member' object has no attribute 'timed_out_until'
Ignoring exception in on_member_update
Traceback (most recent call last):
  File "/usr/local/lib/python3.12/site-packages/discord/client.py", line 465, in _run_event
    await coro(*args, **kwargs)
  File "/app/asu_discord/cogs/analytics.py", line 652, in on_member_update
    before_timeout = before.timed_out_until
                     ^^^^^^^^^^^^^^^^^^^^^^
AttributeError: 'Member' object has no attribute 'timed_out_until'
INFO:asu_discord.cogs.verification:Saved 5 roles to database for user ashukl80 (Discord ID: 1034933342858121286)
INFO:asu_discord.cogs.verification:Refreshed Salesforce roles for Discord user 1034933342858121286: -5/+5 roles, assigned=[Commited, First Year, Ira A. Fulton Schools of Engineering, Out of State, Tempe]
Ignoring exception in on_member_update
Traceback (most recent call last):
  File "/usr/local/lib/python3.12/site-packages/discord/client.py", line 465, in _run_event
    await coro(*args, **kwargs)
  File "/app/asu_discord/cogs/analytics.py", line 652, in on_member_update
    before_timeout = before.timed_out_until
                     ^^^^^^^^^^^^^^^^^^^^^^
AttributeError: 'Member' object has no attribute 'timed_out_until'
Ignoring exception in on_member_update
Traceback (most recent call last):
  File "/usr/local/lib/python3.12/site-packages/discord/client.py", line 465, in _run_event
    await coro(*args, **kwargs)
  File "/app/asu_discord/cogs/analytics.py", line 652, in on_member_update
    before_timeout = before.timed_out_until
                     ^^^^^^^^^^^^^^^^^^^^^^
AttributeError: 'Member' object has no attribute 'timed_out_until'
Ignoring exception in on_member_update
Traceback (most recent call last):
  File "/usr/local/lib/python3.12/site-packages/discord/client.py", line 465, in _run_event
    await coro(*args, **kwargs)
  File "/app/asu_discord/cogs/analytics.py", line 652, in on_member_update
    before_timeout = before.timed_out_until
                     ^^^^^^^^^^^^^^^^^^^^^^
AttributeError: 'Member' object has no attribute 'timed_out_until'
Ignoring exception in on_member_update
Traceback (most recent call last):
  File "/usr/local/lib/python3.12/site-packages/discord/client.py", line 465, in _run_event
    await coro(*args, **kwargs)
  File "/app/asu_discord/cogs/analytics.py", line 652, in on_member_update
    before_timeout = before.timed_out_until
                     ^^^^^^^^^^^^^^^^^^^^^^
AttributeError: 'Member' object has no attribute 'timed_out_until'
Ignoring exception in on_member_update
Traceback (most recent call last):
  File "/usr/local/lib/python3.12/site-packages/discord/client.py", line 465, in _run_event
    await coro(*args, **kwargs)
  File "/app/asu_discord/cogs/analytics.py", line 652, in on_member_update
    before_timeout = before.timed_out_until
                     ^^^^^^^^^^^^^^^^^^^^^^
AttributeError: 'Member' object has no attribute 'timed_out_until'
Ignoring exception in on_member_update
Traceback (most recent call last):
  File "/usr/local/lib/python3.12/site-packages/discord/client.py", line 465, in _run_event
    await coro(*args, **kwargs)
  File "/app/asu_discord/cogs/analytics.py", line 652, in on_member_update
    before_timeout = before.timed_out_until
                     ^^^^^^^^^^^^^^^^^^^^^^
AttributeError: 'Member' object has no attribute 'timed_out_until'
Ignoring exception in on_member_update
Traceback (most recent call last):
  File "/usr/local/lib/python3.12/site-packages/discord/client.py", line 465, in _run_event
    await coro(*args, **kwargs)
  File "/app/asu_discord/cogs/analytics.py", line 652, in on_member_update
    before_timeout = before.timed_out_until
                     ^^^^^^^^^^^^^^^^^^^^^^
AttributeError: 'Member' object has no attribute 'timed_out_until'
Ignoring exception in on_member_update
Traceback (most recent call last):
  File "/usr/local/lib/python3.12/site-packages/discord/client.py", line 465, in _run_event
    await coro(*args, **kwargs)
  File "/app/asu_discord/cogs/analytics.py", line 652, in on_member_update
    before_timeout = before.timed_out_until
                     ^^^^^^^^^^^^^^^^^^^^^^
AttributeError: 'Member' object has no attribute 'timed_out_until'
Ignoring exception in on_member_update
Traceback (most recent call last):
  File "/usr/local/lib/python3.12/site-packages/discord/client.py", line 465, in _run_event
    await coro(*args, **kwargs)
  File "/app/asu_discord/cogs/analytics.py", line 652, in on_member_update
    before_timeout = before.timed_out_until
                     ^^^^^^^^^^^^^^^^^^^^^^
AttributeError: 'Member' object has no attribute 'timed_out_until'
Ignoring exception in on_member_update
Traceback (most recent call last):
  File "/usr/local/lib/python3.12/site-packages/discord/client.py", line 465, in _run_event
    await coro(*args, **kwargs)
  File "/app/asu_discord/cogs/analytics.py", line 652, in on_member_update
    before_timeout = before.timed_out_until
                     ^^^^^^^^^^^^^^^^^^^^^^
AttributeError: 'Member' object has no attribute 'timed_out_until'
INFO:asu_discord.cogs.verification:Saved 5 roles to database for user jmambler (Discord ID: 548741039557443587)
INFO:asu_discord.cogs.verification:Refreshed Salesforce roles for Discord user 548741039557443587: -5/+5 roles, assigned=[College of Liberal Arts and Sciences, Commited, Out of State, Tempe, Transfer Student]
Ignoring exception in on_member_update
Traceback (most recent call last):
  File "/usr/local/lib/python3.12/site-packages/discord/client.py", line 465, in _run_event
    await coro(*args, **kwargs)
  File "/app/asu_discord/cogs/analytics.py", line 652, in on_member_update
    before_timeout = before.timed_out_until
                     ^^^^^^^^^^^^^^^^^^^^^^
AttributeError: 'Member' object has no attribute 'timed_out_until'
Ignoring exception in on_member_update
Traceback (most recent call last):
  File "/usr/local/lib/python3.12/site-packages/discord/client.py", line 465, in _run_event
    await coro(*args, **kwargs)
  File "/app/asu_discord/cogs/analytics.py", line 652, in on_member_update
    before_timeout = before.timed_out_until
                     ^^^^^^^^^^^^^^^^^^^^^^
AttributeError: 'Member' object has no attribute 'timed_out_until'
Ignoring exception in on_member_update
Traceback (most recent call last):
  File "/usr/local/lib/python3.12/site-packages/discord/client.py", line 465, in _run_event
    await coro(*args, **kwargs)
  File "/app/asu_discord/cogs/analytics.py", line 652, in on_member_update
    before_timeout = before.timed_out_until
                     ^^^^^^^^^^^^^^^^^^^^^^
AttributeError: 'Member' object has no attribute 'timed_out_until'
Ignoring exception in on_member_update
Traceback (most recent call last):
  File "/usr/local/lib/python3.12/site-packages/discord/client.py", line 465, in _run_event
    await coro(*args, **kwargs)
  File "/app/asu_discord/cogs/analytics.py", line 652, in on_member_update
    before_timeout = before.timed_out_until
                     ^^^^^^^^^^^^^^^^^^^^^^
AttributeError: 'Member' object has no attribute 'timed_out_until'
Ignoring exception in on_member_update
Traceback (most recent call last):
  File "/usr/local/lib/python3.12/site-packages/discord/client.py", line 465, in _run_event
    await coro(*args, **kwargs)
  File "/app/asu_discord/cogs/analytics.py", line 652, in on_member_update
    before_timeout = before.timed_out_until
                     ^^^^^^^^^^^^^^^^^^^^^^
AttributeError: 'Member' object has no attribute 'timed_out_until'
Ignoring exception in on_member_update
Traceback (most recent call last):
  File "/usr/local/lib/python3.12/site-packages/discord/client.py", line 465, in _run_event
    await coro(*args, **kwargs)
  File "/app/asu_discord/cogs/analytics.py", line 652, in on_member_update
    before_timeout = before.timed_out_until
                     ^^^^^^^^^^^^^^^^^^^^^^
AttributeError: 'Member' object has no attribute 'timed_out_until'
Ignoring exception in on_member_update
Traceback (most recent call last):
  File "/usr/local/lib/python3.12/site-packages/discord/client.py", line 465, in _run_event
    await coro(*args, **kwargs)
  File "/app/asu_discord/cogs/analytics.py", line 652, in on_member_update
    before_timeout = before.timed_out_until
                     ^^^^^^^^^^^^^^^^^^^^^^
AttributeError: 'Member' object has no attribute 'timed_out_until'
INFO:asu_discord.cogs.verification:Saved 4 roles to database for user ksirrine (Discord ID: 440589326938669056)
INFO:asu_discord.cogs.verification:Refreshed Salesforce roles for Discord user 440589326938669056: -3/+4 roles, assigned=[Arizona Resident, College of Liberal Arts and Sciences, Tempe, Transfer Student]
Ignoring exception in on_member_update
Traceback (most recent call last):
  File "/usr/local/lib/python3.12/site-packages/discord/client.py", line 465, in _run_event
    await coro(*args, **kwargs)
  File "/app/asu_discord/cogs/analytics.py", line 652, in on_member_update
    before_timeout = before.timed_out_until
                     ^^^^^^^^^^^^^^^^^^^^^^
AttributeError: 'Member' object has no attribute 'timed_out_until'
Ignoring exception in on_member_update
Traceback (most recent call last):
  File "/usr/local/lib/python3.12/site-packages/discord/client.py", line 465, in _run_event
    await coro(*args, **kwargs)
  File "/app/asu_discord/cogs/analytics.py", line 652, in on_member_update
    before_timeout = before.timed_out_until
                     ^^^^^^^^^^^^^^^^^^^^^^
AttributeError: 'Member' object has no attribute 'timed_out_until'
Ignoring exception in on_member_update
Traceback (most recent call last):
  File "/usr/local/lib/python3.12/site-packages/discord/client.py", line 465, in _run_event
    await coro(*args, **kwargs)
  File "/app/asu_discord/cogs/analytics.py", line 652, in on_member_update
    before_timeout = before.timed_out_until
                     ^^^^^^^^^^^^^^^^^^^^^^
AttributeError: 'Member' object has no attribute 'timed_out_until'
Ignoring exception in on_member_update
Traceback (most recent call last):
  File "/usr/local/lib/python3.12/site-packages/discord/client.py", line 465, in _run_event
    await coro(*args, **kwargs)
  File "/app/asu_discord/cogs/analytics.py", line 652, in on_member_update
    before_timeout = before.timed_out_until
                     ^^^^^^^^^^^^^^^^^^^^^^
AttributeError: 'Member' object has no attribute 'timed_out_until'
Ignoring exception in on_member_update
Traceback (most recent call last):
  File "/usr/local/lib/python3.12/site-packages/discord/client.py", line 465, in _run_event
    await coro(*args, **kwargs)
  File "/app/asu_discord/cogs/analytics.py", line 652, in on_member_update
    before_timeout = before.timed_out_until
                     ^^^^^^^^^^^^^^^^^^^^^^
AttributeError: 'Member' object has no attribute 'timed_out_until'
Ignoring exception in on_member_update
Traceback (most recent call last):
  File "/usr/local/lib/python3.12/site-packages/discord/client.py", line 465, in _run_event
    await coro(*args, **kwargs)
  File "/app/asu_discord/cogs/analytics.py", line 652, in on_member_update
    before_timeout = before.timed_out_until
                     ^^^^^^^^^^^^^^^^^^^^^^
AttributeError: 'Member' object has no attribute 'timed_out_until'
Ignoring exception in on_member_update
Traceback (most recent call last):
  File "/usr/local/lib/python3.12/site-packages/discord/client.py", line 465, in _run_event
    await coro(*args, **kwargs)
  File "/app/asu_discord/cogs/analytics.py", line 652, in on_member_update
    before_timeout = before.timed_out_until
                     ^^^^^^^^^^^^^^^^^^^^^^
AttributeError: 'Member' object has no attribute 'timed_out_until'
Ignoring exception in on_member_update
Traceback (most recent call last):
  File "/usr/local/lib/python3.12/site-packages/discord/client.py", line 465, in _run_event
    await coro(*args, **kwargs)
  File "/app/asu_discord/cogs/analytics.py", line 652, in on_member_update
    before_timeout = before.timed_out_until
                     ^^^^^^^^^^^^^^^^^^^^^^
AttributeError: 'Member' object has no attribute 'timed_out_until'
Ignoring exception in on_member_update
Traceback (most recent call last):
  File "/usr/local/lib/python3.12/site-packages/discord/client.py", line 465, in _run_event
    await coro(*args, **kwargs)
  File "/app/asu_discord/cogs/analytics.py", line 652, in on_member_update
    before_timeout = before.timed_out_until
                     ^^^^^^^^^^^^^^^^^^^^^^
AttributeError: 'Member' object has no attribute 'timed_out_until'
Ignoring exception in on_member_update
Traceback (most recent call last):
  File "/usr/local/lib/python3.12/site-packages/discord/client.py", line 465, in _run_event
    await coro(*args, **kwargs)
  File "/app/asu_discord/cogs/analytics.py", line 652, in on_member_update
    before_timeout = before.timed_out_until
                     ^^^^^^^^^^^^^^^^^^^^^^
AttributeError: 'Member' object has no attribute 'timed_out_until'
Ignoring exception in on_member_update
Traceback (most recent call last):
  File "/usr/local/lib/python3.12/site-packages/discord/client.py", line 465, in _run_event
    await coro(*args, **kwargs)
  File "/app/asu_discord/cogs/analytics.py", line 652, in on_member_update
    before_timeout = before.timed_out_until
                     ^^^^^^^^^^^^^^^^^^^^^^
AttributeError: 'Member' object has no attribute 'timed_out_until'
Ignoring exception in on_member_update
Traceback (most recent call last):
  File "/usr/local/lib/python3.12/site-packages/discord/client.py", line 465, in _run_event
    await coro(*args, **kwargs)
  File "/app/asu_discord/cogs/analytics.py", line 652, in on_member_update
    before_timeout = before.timed_out_until
                     ^^^^^^^^^^^^^^^^^^^^^^
AttributeError: 'Member' object has no attribute 'timed_out_until'
Ignoring exception in on_member_update
Traceback (most recent call last):
  File "/usr/local/lib/python3.12/site-packages/discord/client.py", line 465, in _run_event
    await coro(*args, **kwargs)
  File "/app/asu_discord/cogs/analytics.py", line 652, in on_member_update
    before_timeout = before.timed_out_until
                     ^^^^^^^^^^^^^^^^^^^^^^
AttributeError: 'Member' object has no attribute 'timed_out_until'
Ignoring exception in on_member_update
Traceback (most recent call last):
  File "/usr/local/lib/python3.12/site-packages/discord/client.py", line 465, in _run_event
    await coro(*args, **kwargs)
  File "/app/asu_discord/cogs/analytics.py", line 652, in on_member_update
    before_timeout = before.timed_out_until
                     ^^^^^^^^^^^^^^^^^^^^^^
AttributeError: 'Member' object has no attribute 'timed_out_until'
INFO:asu_discord.cogs.verification:Saved 7 roles to database for user mmende57 (Discord ID: 746501247456116796)
INFO:asu_discord.cogs.verification:Refreshed Salesforce roles for Discord user 746501247456116796: -7/+7 roles, assigned=[Commited, First Generation Student, First Year, Ira A. Fulton Schools of Engineering, Out of State, Tempe, Upperclassmen]
Ignoring exception in on_member_update
Traceback (most recent call last):
  File "/usr/local/lib/python3.12/site-packages/discord/client.py", line 465, in _run_event
    await coro(*args, **kwargs)
  File "/app/asu_discord/cogs/analytics.py", line 652, in on_member_update
    before_timeout = before.timed_out_until
                     ^^^^^^^^^^^^^^^^^^^^^^
AttributeError: 'Member' object has no attribute 'timed_out_until'
Ignoring exception in on_member_update
Traceback (most recent call last):
  File "/usr/local/lib/python3.12/site-packages/discord/client.py", line 465, in _run_event
    await coro(*args, **kwargs)
  File "/app/asu_discord/cogs/analytics.py", line 652, in on_member_update
    before_timeout = before.timed_out_until
                     ^^^^^^^^^^^^^^^^^^^^^^
AttributeError: 'Member' object has no attribute 'timed_out_until'
Ignoring exception in on_member_update
Traceback (most recent call last):
  File "/usr/local/lib/python3.12/site-packages/discord/client.py", line 465, in _run_event
    await coro(*args, **kwargs)
  File "/app/asu_discord/cogs/analytics.py", line 652, in on_member_update
    before_timeout = before.timed_out_until
                     ^^^^^^^^^^^^^^^^^^^^^^
AttributeError: 'Member' object has no attribute 'timed_out_until'
Ignoring exception in on_member_update
Traceback (most recent call last):
  File "/usr/local/lib/python3.12/site-packages/discord/client.py", line 465, in _run_event
    await coro(*args, **kwargs)
  File "/app/asu_discord/cogs/analytics.py", line 652, in on_member_update
    before_timeout = before.timed_out_until
                     ^^^^^^^^^^^^^^^^^^^^^^
AttributeError: 'Member' object has no attribute 'timed_out_until'
Ignoring exception in on_member_update
Traceback (most recent call last):
  File "/usr/local/lib/python3.12/site-packages/discord/client.py", line 465, in _run_event
    await coro(*args, **kwargs)
  File "/app/asu_discord/cogs/analytics.py", line 652, in on_member_update
    before_timeout = before.timed_out_until
                     ^^^^^^^^^^^^^^^^^^^^^^
AttributeError: 'Member' object has no attribute 'timed_out_until'
Ignoring exception in on_member_update
Traceback (most recent call last):
  File "/usr/local/lib/python3.12/site-packages/discord/client.py", line 465, in _run_event
    await coro(*args, **kwargs)
  File "/app/asu_discord/cogs/analytics.py", line 652, in on_member_update
    before_timeout = before.timed_out_until
                     ^^^^^^^^^^^^^^^^^^^^^^
AttributeError: 'Member' object has no attribute 'timed_out_until'
Ignoring exception in on_member_update
Traceback (most recent call last):
  File "/usr/local/lib/python3.12/site-packages/discord/client.py", line 465, in _run_event
    await coro(*args, **kwargs)
  File "/app/asu_discord/cogs/analytics.py", line 652, in on_member_update
    before_timeout = before.timed_out_until
                     ^^^^^^^^^^^^^^^^^^^^^^
AttributeError: 'Member' object has no attribute 'timed_out_until'
Ignoring exception in on_member_update
Traceback (most recent call last):
  File "/usr/local/lib/python3.12/site-packages/discord/client.py", line 465, in _run_event
    await coro(*args, **kwargs)
  File "/app/asu_discord/cogs/analytics.py", line 652, in on_member_update
    before_timeout = before.timed_out_until
                     ^^^^^^^^^^^^^^^^^^^^^^
AttributeError: 'Member' object has no attribute 'timed_out_until'
INFO:asu_discord.cogs.verification:Saved 4 roles to database for user cgarzabl (Discord ID: 1188657559398264934)
INFO:asu_discord.cogs.verification:Refreshed Salesforce roles for Discord user 1188657559398264934: -4/+4 roles, assigned=[Arizona Resident, Ira A. Fulton Schools of Engineering, Tempe, Transfer Student]
ERROR:cron.jobs:refresh_salesforce_roles: failed for blkoehl1 (Discord ID 661868744787623936): Failed to refresh Salesforce-based roles: Discord user 661868744787623936 is not a member of the guild
Ignoring exception in on_member_update
Traceback (most recent call last):
  File "/usr/local/lib/python3.12/site-packages/discord/client.py", line 465, in _run_event
    await coro(*args, **kwargs)
  File "/app/asu_discord/cogs/analytics.py", line 652, in on_member_update
    before_timeout = before.timed_out_until
                     ^^^^^^^^^^^^^^^^^^^^^^
AttributeError: 'Member' object has no attribute 'timed_out_until'
Ignoring exception in on_member_update
Traceback (most recent call last):
  File "/usr/local/lib/python3.12/site-packages/discord/client.py", line 465, in _run_event
    await coro(*args, **kwargs)
  File "/app/asu_discord/cogs/analytics.py", line 652, in on_member_update
    before_timeout = before.timed_out_until
                     ^^^^^^^^^^^^^^^^^^^^^^
AttributeError: 'Member' object has no attribute 'timed_out_until'
Ignoring exception in on_member_update
Traceback (most recent call last):
  File "/usr/local/lib/python3.12/site-packages/discord/client.py", line 465, in _run_event
    await coro(*args, **kwargs)
  File "/app/asu_discord/cogs/analytics.py", line 652, in on_member_update
    before_timeout = before.timed_out_until
                     ^^^^^^^^^^^^^^^^^^^^^^
AttributeError: 'Member' object has no attribute 'timed_out_until'
Ignoring exception in on_member_update
Traceback (most recent call last):
  File "/usr/local/lib/python3.12/site-packages/discord/client.py", line 465, in _run_event
    await coro(*args, **kwargs)
  File "/app/asu_discord/cogs/analytics.py", line 652, in on_member_update
    before_timeout = before.timed_out_until
                     ^^^^^^^^^^^^^^^^^^^^^^
AttributeError: 'Member' object has no attribute 'timed_out_until'
Ignoring exception in on_member_update
Traceback (most recent call last):
  File "/usr/local/lib/python3.12/site-packages/discord/client.py", line 465, in _run_event
    await coro(*args, **kwargs)
  File "/app/asu_discord/cogs/analytics.py", line 652, in on_member_update
    before_timeout = before.timed_out_until
                     ^^^^^^^^^^^^^^^^^^^^^^
AttributeError: 'Member' object has no attribute 'timed_out_until'
Ignoring exception in on_member_update
Traceback (most recent call last):
  File "/usr/local/lib/python3.12/site-packages/discord/client.py", line 465, in _run_event
    await coro(*args, **kwargs)
  File "/app/asu_discord/cogs/analytics.py", line 652, in on_member_update
    before_timeout = before.timed_out_until
                     ^^^^^^^^^^^^^^^^^^^^^^
AttributeError: 'Member' object has no attribute 'timed_out_until'
Ignoring exception in on_member_update
Traceback (most recent call last):
  File "/usr/local/lib/python3.12/site-packages/discord/client.py", line 465, in _run_event
    await coro(*args, **kwargs)
  File "/app/asu_discord/cogs/analytics.py", line 652, in on_member_update
    before_timeout = before.timed_out_until
                     ^^^^^^^^^^^^^^^^^^^^^^
AttributeError: 'Member' object has no attribute 'timed_out_until'
Ignoring exception in on_member_update
Traceback (most recent call last):
  File "/usr/local/lib/python3.12/site-packages/discord/client.py", line 465, in _run_event
    await coro(*args, **kwargs)
  File "/app/asu_discord/cogs/analytics.py", line 652, in on_member_update
    before_timeout = before.timed_out_until
                     ^^^^^^^^^^^^^^^^^^^^^^
AttributeError: 'Member' object has no attribute 'timed_out_until'
INFO:asu_discord.cogs.verification:Saved 4 roles to database for user mgtallma (Discord ID: 1492529552700735679)
INFO:asu_discord.cogs.verification:Refreshed Salesforce roles for Discord user 1492529552700735679: -4/+4 roles, assigned=[Arizona Resident, Downtown Phoenix, Graduate Student, Ira A. Fulton Schools of Engineering]
ERROR:cron.jobs:refresh_salesforce_roles: failed for kgbenjam (Discord ID 1438671707069091904): Failed to refresh Salesforce-based roles: Discord user 1438671707069091904 is not a member of the guild
Ignoring exception in on_member_update
Traceback (most recent call last):
  File "/usr/local/lib/python3.12/site-packages/discord/client.py", line 465, in _run_event
    await coro(*args, **kwargs)
  File "/app/asu_discord/cogs/analytics.py", line 652, in on_member_update
    before_timeout = before.timed_out_until
                     ^^^^^^^^^^^^^^^^^^^^^^
AttributeError: 'Member' object has no attribute 'timed_out_until'
Ignoring exception in on_member_update
Traceback (most recent call last):
  File "/usr/local/lib/python3.12/site-packages/discord/client.py", line 465, in _run_event
    await coro(*args, **kwargs)
  File "/app/asu_discord/cogs/analytics.py", line 652, in on_member_update
    before_timeout = before.timed_out_until
                     ^^^^^^^^^^^^^^^^^^^^^^
AttributeError: 'Member' object has no attribute 'timed_out_until'
Ignoring exception in on_member_update
Traceback (most recent call last):
  File "/usr/local/lib/python3.12/site-packages/discord/client.py", line 465, in _run_event
    await coro(*args, **kwargs)
  File "/app/asu_discord/cogs/analytics.py", line 652, in on_member_update
    before_timeout = before.timed_out_until
                     ^^^^^^^^^^^^^^^^^^^^^^
AttributeError: 'Member' object has no attribute 'timed_out_until'
Ignoring exception in on_member_update
Traceback (most recent call last):
  File "/usr/local/lib/python3.12/site-packages/discord/client.py", line 465, in _run_event
    await coro(*args, **kwargs)
  File "/app/asu_discord/cogs/analytics.py", line 652, in on_member_update
    before_timeout = before.timed_out_until
                     ^^^^^^^^^^^^^^^^^^^^^^
AttributeError: 'Member' object has no attribute 'timed_out_until'
Ignoring exception in on_member_update
Traceback (most recent call last):
  File "/usr/local/lib/python3.12/site-packages/discord/client.py", line 465, in _run_event
    await coro(*args, **kwargs)
  File "/app/asu_discord/cogs/analytics.py", line 652, in on_member_update
    before_timeout = before.timed_out_until
                     ^^^^^^^^^^^^^^^^^^^^^^
AttributeError: 'Member' object has no attribute 'timed_out_until'
Ignoring exception in on_member_update
Traceback (most recent call last):
  File "/usr/local/lib/python3.12/site-packages/discord/client.py", line 465, in _run_event
    await coro(*args, **kwargs)
  File "/app/asu_discord/cogs/analytics.py", line 652, in on_member_update
    before_timeout = before.timed_out_until
                     ^^^^^^^^^^^^^^^^^^^^^^
AttributeError: 'Member' object has no attribute 'timed_out_until'
Ignoring exception in on_member_update
Traceback (most recent call last):
  File "/usr/local/lib/python3.12/site-packages/discord/client.py", line 465, in _run_event
    await coro(*args, **kwargs)
  File "/app/asu_discord/cogs/analytics.py", line 652, in on_member_update
    before_timeout = before.timed_out_until
                     ^^^^^^^^^^^^^^^^^^^^^^
AttributeError: 'Member' object has no attribute 'timed_out_until'
Ignoring exception in on_member_update
Traceback (most recent call last):
  File "/usr/local/lib/python3.12/site-packages/discord/client.py", line 465, in _run_event
    await coro(*args, **kwargs)
  File "/app/asu_discord/cogs/analytics.py", line 652, in on_member_update
    before_timeout = before.timed_out_until
                     ^^^^^^^^^^^^^^^^^^^^^^
AttributeError: 'Member' object has no attribute 'timed_out_until'
Ignoring exception in on_member_update
Traceback (most recent call last):
  File "/usr/local/lib/python3.12/site-packages/discord/client.py", line 465, in _run_event
    await coro(*args, **kwargs)
  File "/app/asu_discord/cogs/analytics.py", line 652, in on_member_update
    before_timeout = before.timed_out_until
                     ^^^^^^^^^^^^^^^^^^^^^^
AttributeError: 'Member' object has no attribute 'timed_out_until'
Ignoring exception in on_member_update
Traceback (most recent call last):
  File "/usr/local/lib/python3.12/site-packages/discord/client.py", line 465, in _run_event
    await coro(*args, **kwargs)
  File "/app/asu_discord/cogs/analytics.py", line 652, in on_member_update
    before_timeout = before.timed_out_until
                     ^^^^^^^^^^^^^^^^^^^^^^
AttributeError: 'Member' object has no attribute 'timed_out_until'
INFO:asu_discord.cogs.verification:Saved 5 roles to database for user okamilli (Discord ID: 805740115842301952)
INFO:asu_discord.cogs.verification:Refreshed Salesforce roles for Discord user 805740115842301952: -5/+5 roles, assigned=[Arizona Resident, Commited, First Year, Ira A. Fulton Schools of Engineering, Tempe]
Ignoring exception in on_member_update
Traceback (most recent call last):
  File "/usr/local/lib/python3.12/site-packages/discord/client.py", line 465, in _run_event
    await coro(*args, **kwargs)
  File "/app/asu_discord/cogs/analytics.py", line 652, in on_member_update
    before_timeout = before.timed_out_until
                     ^^^^^^^^^^^^^^^^^^^^^^
AttributeError: 'Member' object has no attribute 'timed_out_until'
Ignoring exception in on_member_update
Traceback (most recent call last):
  File "/usr/local/lib/python3.12/site-packages/discord/client.py", line 465, in _run_event
    await coro(*args, **kwargs)
  File "/app/asu_discord/cogs/analytics.py", line 652, in on_member_update
    before_timeout = before.timed_out_until
                     ^^^^^^^^^^^^^^^^^^^^^^
AttributeError: 'Member' object has no attribute 'timed_out_until'
Ignoring exception in on_member_update
Traceback (most recent call last):
  File "/usr/local/lib/python3.12/site-packages/discord/client.py", line 465, in _run_event
    await coro(*args, **kwargs)
  File "/app/asu_discord/cogs/analytics.py", line 652, in on_member_update
    before_timeout = before.timed_out_until
                     ^^^^^^^^^^^^^^^^^^^^^^
AttributeError: 'Member' object has no attribute 'timed_out_until'
Ignoring exception in on_member_update
Traceback (most recent call last):
  File "/usr/local/lib/python3.12/site-packages/discord/client.py", line 465, in _run_event
    await coro(*args, **kwargs)
  File "/app/asu_discord/cogs/analytics.py", line 652, in on_member_update
    before_timeout = before.timed_out_until
                     ^^^^^^^^^^^^^^^^^^^^^^
AttributeError: 'Member' object has no attribute 'timed_out_until'
Ignoring exception in on_member_update
Traceback (most recent call last):
  File "/usr/local/lib/python3.12/site-packages/discord/client.py", line 465, in _run_event
    await coro(*args, **kwargs)
  File "/app/asu_discord/cogs/analytics.py", line 652, in on_member_update
    before_timeout = before.timed_out_until
                     ^^^^^^^^^^^^^^^^^^^^^^
AttributeError: 'Member' object has no attribute 'timed_out_until'
Ignoring exception in on_member_update
Traceback (most recent call last):
  File "/usr/local/lib/python3.12/site-packages/discord/client.py", line 465, in _run_event
    await coro(*args, **kwargs)
  File "/app/asu_discord/cogs/analytics.py", line 652, in on_member_update
    before_timeout = before.timed_out_until
                     ^^^^^^^^^^^^^^^^^^^^^^
AttributeError: 'Member' object has no attribute 'timed_out_until'
Ignoring exception in on_member_update
Traceback (most recent call last):
  File "/usr/local/lib/python3.12/site-packages/discord/client.py", line 465, in _run_event
    await coro(*args, **kwargs)
  File "/app/asu_discord/cogs/analytics.py", line 652, in on_member_update
    before_timeout = before.timed_out_until
                     ^^^^^^^^^^^^^^^^^^^^^^
AttributeError: 'Member' object has no attribute 'timed_out_until'
Ignoring exception in on_member_update
Traceback (most recent call last):
  File "/usr/local/lib/python3.12/site-packages/discord/client.py", line 465, in _run_event
    await coro(*args, **kwargs)
  File "/app/asu_discord/cogs/analytics.py", line 652, in on_member_update
    before_timeout = before.timed_out_until
                     ^^^^^^^^^^^^^^^^^^^^^^
AttributeError: 'Member' object has no attribute 'timed_out_until'
Ignoring exception in on_member_update
Traceback (most recent call last):
  File "/usr/local/lib/python3.12/site-packages/discord/client.py", line 465, in _run_event
    await coro(*args, **kwargs)
  File "/app/asu_discord/cogs/analytics.py", line 652, in on_member_update
    before_timeout = before.timed_out_until
                     ^^^^^^^^^^^^^^^^^^^^^^
AttributeError: 'Member' object has no attribute 'timed_out_until'
Ignoring exception in on_member_update
Traceback (most recent call last):
  File "/usr/local/lib/python3.12/site-packages/discord/client.py", line 465, in _run_event
    await coro(*args, **kwargs)
  File "/app/asu_discord/cogs/analytics.py", line 652, in on_member_update
    before_timeout = before.timed_out_until
                     ^^^^^^^^^^^^^^^^^^^^^^
AttributeError: 'Member' object has no attribute 'timed_out_until'
Ignoring exception in on_member_update
Traceback (most recent call last):
  File "/usr/local/lib/python3.12/site-packages/discord/client.py", line 465, in _run_event
    await coro(*args, **kwargs)
  File "/app/asu_discord/cogs/analytics.py", line 652, in on_member_update
    before_timeout = before.timed_out_until
                     ^^^^^^^^^^^^^^^^^^^^^^
AttributeError: 'Member' object has no attribute 'timed_out_until'
Ignoring exception in on_member_update
Traceback (most recent call last):
  File "/usr/local/lib/python3.12/site-packages/discord/client.py", line 465, in _run_event
    await coro(*args, **kwargs)
  File "/app/asu_discord/cogs/analytics.py", line 652, in on_member_update
    before_timeout = before.timed_out_until
                     ^^^^^^^^^^^^^^^^^^^^^^
AttributeError: 'Member' object has no attribute 'timed_out_until'
INFO:asu_discord.cogs.verification:Saved 6 roles to database for user akhan313 (Discord ID: 1357767777322008896)
INFO:asu_discord.cogs.verification:Refreshed Salesforce roles for Discord user 1357767777322008896: -6/+6 roles, assigned=[Commited, First Generation Student, First Year, International Student, Ira A. Fulton Schools of Engineering, Tempe]
Ignoring exception in on_member_update
Traceback (most recent call last):
  File "/usr/local/lib/python3.12/site-packages/discord/client.py", line 465, in _run_event
    await coro(*args, **kwargs)
  File "/app/asu_discord/cogs/analytics.py", line 652, in on_member_update
    before_timeout = before.timed_out_until
                     ^^^^^^^^^^^^^^^^^^^^^^
AttributeError: 'Member' object has no attribute 'timed_out_until'
Ignoring exception in on_member_update
Traceback (most recent call last):
  File "/usr/local/lib/python3.12/site-packages/discord/client.py", line 465, in _run_event
    await coro(*args, **kwargs)
  File "/app/asu_discord/cogs/analytics.py", line 652, in on_member_update
    before_timeout = before.timed_out_until
                     ^^^^^^^^^^^^^^^^^^^^^^
AttributeError: 'Member' object has no attribute 'timed_out_until'
Ignoring exception in on_member_update
Traceback (most recent call last):
  File "/usr/local/lib/python3.12/site-packages/discord/client.py", line 465, in _run_event
    await coro(*args, **kwargs)
  File "/app/asu_discord/cogs/analytics.py", line 652, in on_member_update
    before_timeout = before.timed_out_until
                     ^^^^^^^^^^^^^^^^^^^^^^
AttributeError: 'Member' object has no attribute 'timed_out_until'
Ignoring exception in on_member_update
Traceback (most recent call last):
  File "/usr/local/lib/python3.12/site-packages/discord/client.py", line 465, in _run_event
    await coro(*args, **kwargs)
  File "/app/asu_discord/cogs/analytics.py", line 652, in on_member_update
    before_timeout = before.timed_out_until
                     ^^^^^^^^^^^^^^^^^^^^^^
AttributeError: 'Member' object has no attribute 'timed_out_until'
Ignoring exception in on_member_update
Traceback (most recent call last):
  File "/usr/local/lib/python3.12/site-packages/discord/client.py", line 465, in _run_event
    await coro(*args, **kwargs)
  File "/app/asu_discord/cogs/analytics.py", line 652, in on_member_update
    before_timeout = before.timed_out_until
                     ^^^^^^^^^^^^^^^^^^^^^^
AttributeError: 'Member' object has no attribute 'timed_out_until'
Ignoring exception in on_member_update
Traceback (most recent call last):
  File "/usr/local/lib/python3.12/site-packages/discord/client.py", line 465, in _run_event
    await coro(*args, **kwargs)
  File "/app/asu_discord/cogs/analytics.py", line 652, in on_member_update
    before_timeout = before.timed_out_until
                     ^^^^^^^^^^^^^^^^^^^^^^
AttributeError: 'Member' object has no attribute 'timed_out_until'
Ignoring exception in on_member_update
Traceback (most recent call last):
  File "/usr/local/lib/python3.12/site-packages/discord/client.py", line 465, in _run_event
    await coro(*args, **kwargs)
  File "/app/asu_discord/cogs/analytics.py", line 652, in on_member_update
    before_timeout = before.timed_out_until
                     ^^^^^^^^^^^^^^^^^^^^^^
AttributeError: 'Member' object has no attribute 'timed_out_until'
Ignoring exception in on_member_update
Traceback (most recent call last):
  File "/usr/local/lib/python3.12/site-packages/discord/client.py", line 465, in _run_event
    await coro(*args, **kwargs)
  File "/app/asu_discord/cogs/analytics.py", line 652, in on_member_update
    before_timeout = before.timed_out_until
                     ^^^^^^^^^^^^^^^^^^^^^^
AttributeError: 'Member' object has no attribute 'timed_out_until'
Ignoring exception in on_member_update
Traceback (most recent call last):
  File "/usr/local/lib/python3.12/site-packages/discord/client.py", line 465, in _run_event
    await coro(*args, **kwargs)
  File "/app/asu_discord/cogs/analytics.py", line 652, in on_member_update
    before_timeout = before.timed_out_until
                     ^^^^^^^^^^^^^^^^^^^^^^
AttributeError: 'Member' object has no attribute 'timed_out_until'
Ignoring exception in on_member_update
Traceback (most recent call last):
  File "/usr/local/lib/python3.12/site-packages/discord/client.py", line 465, in _run_event
    await coro(*args, **kwargs)
  File "/app/asu_discord/cogs/analytics.py", line 652, in on_member_update
    before_timeout = before.timed_out_until
                     ^^^^^^^^^^^^^^^^^^^^^^
AttributeError: 'Member' object has no attribute 'timed_out_until'
Ignoring exception in on_member_update
Traceback (most recent call last):
  File "/usr/local/lib/python3.12/site-packages/discord/client.py", line 465, in _run_event
    await coro(*args, **kwargs)
  File "/app/asu_discord/cogs/analytics.py", line 652, in on_member_update
    before_timeout = before.timed_out_until
                     ^^^^^^^^^^^^^^^^^^^^^^
AttributeError: 'Member' object has no attribute 'timed_out_until'
INFO:asu_discord.cogs.verification:Saved 6 roles to database for user kabeebe (Discord ID: 1468786170430361857)
INFO:asu_discord.cogs.verification:Refreshed Salesforce roles for Discord user 1468786170430361857: -5/+6 roles, assigned=[Arizona Resident, Commited, First Generation Student, First Year, Mary Lou Fulton Teachers College, Tempe]
ERROR:cron.jobs:refresh_salesforce_roles: failed for mflor226 (Discord ID 414920890804076547): Failed to refresh Salesforce-based roles: Discord user 414920890804076547 is not a member of the guild
Ignoring exception in on_member_update
Traceback (most recent call last):
  File "/usr/local/lib/python3.12/site-packages/discord/client.py", line 465, in _run_event
    await coro(*args, **kwargs)
  File "/app/asu_discord/cogs/analytics.py", line 652, in on_member_update
    before_timeout = before.timed_out_until
                     ^^^^^^^^^^^^^^^^^^^^^^
AttributeError: 'Member' object has no attribute 'timed_out_until'
Ignoring exception in on_member_update
Traceback (most recent call last):
  File "/usr/local/lib/python3.12/site-packages/discord/client.py", line 465, in _run_event
    await coro(*args, **kwargs)
  File "/app/asu_discord/cogs/analytics.py", line 652, in on_member_update
    before_timeout = before.timed_out_until
                     ^^^^^^^^^^^^^^^^^^^^^^
AttributeError: 'Member' object has no attribute 'timed_out_until'
Ignoring exception in on_member_update
Traceback (most recent call last):
  File "/usr/local/lib/python3.12/site-packages/discord/client.py", line 465, in _run_event
    await coro(*args, **kwargs)
  File "/app/asu_discord/cogs/analytics.py", line 652, in on_member_update
    before_timeout = before.timed_out_until
                     ^^^^^^^^^^^^^^^^^^^^^^
AttributeError: 'Member' object has no attribute 'timed_out_until'
Ignoring exception in on_member_update
Traceback (most recent call last):
  File "/usr/local/lib/python3.12/site-packages/discord/client.py", line 465, in _run_event
    await coro(*args, **kwargs)
  File "/app/asu_discord/cogs/analytics.py", line 652, in on_member_update
    before_timeout = before.timed_out_until
                     ^^^^^^^^^^^^^^^^^^^^^^
AttributeError: 'Member' object has no attribute 'timed_out_until'
Ignoring exception in on_member_update
Traceback (most recent call last):
  File "/usr/local/lib/python3.12/site-packages/discord/client.py", line 465, in _run_event
    await coro(*args, **kwargs)
  File "/app/asu_discord/cogs/analytics.py", line 652, in on_member_update
    before_timeout = before.timed_out_until
                     ^^^^^^^^^^^^^^^^^^^^^^
AttributeError: 'Member' object has no attribute 'timed_out_until'
Ignoring exception in on_member_update
Traceback (most recent call last):
  File "/usr/local/lib/python3.12/site-packages/discord/client.py", line 465, in _run_event
    await coro(*args, **kwargs)
  File "/app/asu_discord/cogs/analytics.py", line 652, in on_member_update
    before_timeout = before.timed_out_until
                     ^^^^^^^^^^^^^^^^^^^^^^
AttributeError: 'Member' object has no attribute 'timed_out_until'
Ignoring exception in on_member_update
Traceback (most recent call last):
  File "/usr/local/lib/python3.12/site-packages/discord/client.py", line 465, in _run_event
    await coro(*args, **kwargs)
  File "/app/asu_discord/cogs/analytics.py", line 652, in on_member_update
    before_timeout = before.timed_out_until
                     ^^^^^^^^^^^^^^^^^^^^^^
AttributeError: 'Member' object has no attribute 'timed_out_until'
Ignoring exception in on_member_update
Traceback (most recent call last):
  File "/usr/local/lib/python3.12/site-packages/discord/client.py", line 465, in _run_event
    await coro(*args, **kwargs)
  File "/app/asu_discord/cogs/analytics.py", line 652, in on_member_update
    before_timeout = before.timed_out_until
                     ^^^^^^^^^^^^^^^^^^^^^^
AttributeError: 'Member' object has no attribute 'timed_out_until'
INFO:asu_discord.cogs.verification:Saved 4 roles to database for user zalkazza (Discord ID: 726102079248007280)
INFO:asu_discord.cogs.verification:Refreshed Salesforce roles for Discord user 726102079248007280: -4/+4 roles, assigned=[Graduate Student, International Student, Ira A. Fulton Schools of Engineering, Polytechnic]
Ignoring exception in on_member_update
Traceback (most recent call last):
  File "/usr/local/lib/python3.12/site-packages/discord/client.py", line 465, in _run_event
    await coro(*args, **kwargs)
  File "/app/asu_discord/cogs/analytics.py", line 652, in on_member_update
    before_timeout = before.timed_out_until
                     ^^^^^^^^^^^^^^^^^^^^^^
AttributeError: 'Member' object has no attribute 'timed_out_until'
Ignoring exception in on_member_update
Traceback (most recent call last):
  File "/usr/local/lib/python3.12/site-packages/discord/client.py", line 465, in _run_event
    await coro(*args, **kwargs)
  File "/app/asu_discord/cogs/analytics.py", line 652, in on_member_update
    before_timeout = before.timed_out_until
                     ^^^^^^^^^^^^^^^^^^^^^^
AttributeError: 'Member' object has no attribute 'timed_out_until'
Ignoring exception in on_member_update
Traceback (most recent call last):
  File "/usr/local/lib/python3.12/site-packages/discord/client.py", line 465, in _run_event
    await coro(*args, **kwargs)
  File "/app/asu_discord/cogs/analytics.py", line 652, in on_member_update
    before_timeout = before.timed_out_until
                     ^^^^^^^^^^^^^^^^^^^^^^
AttributeError: 'Member' object has no attribute 'timed_out_until'
Ignoring exception in on_member_update
Traceback (most recent call last):
  File "/usr/local/lib/python3.12/site-packages/discord/client.py", line 465, in _run_event
    await coro(*args, **kwargs)
  File "/app/asu_discord/cogs/analytics.py", line 652, in on_member_update
    before_timeout = before.timed_out_until
                     ^^^^^^^^^^^^^^^^^^^^^^
AttributeError: 'Member' object has no attribute 'timed_out_until'
Ignoring exception in on_member_update
Traceback (most recent call last):
  File "/usr/local/lib/python3.12/site-packages/discord/client.py", line 465, in _run_event
    await coro(*args, **kwargs)
  File "/app/asu_discord/cogs/analytics.py", line 652, in on_member_update
    before_timeout = before.timed_out_until
                     ^^^^^^^^^^^^^^^^^^^^^^
AttributeError: 'Member' object has no attribute 'timed_out_until'
Ignoring exception in on_member_update
Traceback (most recent call last):
  File "/usr/local/lib/python3.12/site-packages/discord/client.py", line 465, in _run_event
    await coro(*args, **kwargs)
  File "/app/asu_discord/cogs/analytics.py", line 652, in on_member_update
    before_timeout = before.timed_out_until
                     ^^^^^^^^^^^^^^^^^^^^^^
AttributeError: 'Member' object has no attribute 'timed_out_until'
Ignoring exception in on_member_update
Traceback (most recent call last):
  File "/usr/local/lib/python3.12/site-packages/discord/client.py", line 465, in _run_event
    await coro(*args, **kwargs)
  File "/app/asu_discord/cogs/analytics.py", line 652, in on_member_update
    before_timeout = before.timed_out_until
                     ^^^^^^^^^^^^^^^^^^^^^^
AttributeError: 'Member' object has no attribute 'timed_out_until'
Ignoring exception in on_member_update
Traceback (most recent call last):
  File "/usr/local/lib/python3.12/site-packages/discord/client.py", line 465, in _run_event
    await coro(*args, **kwargs)
  File "/app/asu_discord/cogs/analytics.py", line 652, in on_member_update
    before_timeout = before.timed_out_until
                     ^^^^^^^^^^^^^^^^^^^^^^
AttributeError: 'Member' object has no attribute 'timed_out_until'
INFO:asu_discord.cogs.verification:Saved 4 roles to database for user aeason1 (Discord ID: 1503426561112670218)
INFO:asu_discord.cogs.verification:Refreshed Salesforce roles for Discord user 1503426561112670218: -4/+4 roles, assigned=[Arizona Resident, Graduate Student, Mary Lou Fulton Teachers College, Tempe]
Ignoring exception in on_member_update
Traceback (most recent call last):
  File "/usr/local/lib/python3.12/site-packages/discord/client.py", line 465, in _run_event
    await coro(*args, **kwargs)
  File "/app/asu_discord/cogs/analytics.py", line 652, in on_member_update
    before_timeout = before.timed_out_until
                     ^^^^^^^^^^^^^^^^^^^^^^
AttributeError: 'Member' object has no attribute 'timed_out_until'
Ignoring exception in on_member_update
Traceback (most recent call last):
  File "/usr/local/lib/python3.12/site-packages/discord/client.py", line 465, in _run_event
    await coro(*args, **kwargs)
  File "/app/asu_discord/cogs/analytics.py", line 652, in on_member_update
    before_timeout = before.timed_out_until
                     ^^^^^^^^^^^^^^^^^^^^^^
AttributeError: 'Member' object has no attribute 'timed_out_until'
Ignoring exception in on_member_update
Traceback (most recent call last):
  File "/usr/local/lib/python3.12/site-packages/discord/client.py", line 465, in _run_event
    await coro(*args, **kwargs)
  File "/app/asu_discord/cogs/analytics.py", line 652, in on_member_update
    before_timeout = before.timed_out_until
                     ^^^^^^^^^^^^^^^^^^^^^^
AttributeError: 'Member' object has no attribute 'timed_out_until'
Ignoring exception in on_member_update
Traceback (most recent call last):
  File "/usr/local/lib/python3.12/site-packages/discord/client.py", line 465, in _run_event
    await coro(*args, **kwargs)
  File "/app/asu_discord/cogs/analytics.py", line 652, in on_member_update
    before_timeout = before.timed_out_until
                     ^^^^^^^^^^^^^^^^^^^^^^
AttributeError: 'Member' object has no attribute 'timed_out_until'
Ignoring exception in on_member_update
Traceback (most recent call last):
  File "/usr/local/lib/python3.12/site-packages/discord/client.py", line 465, in _run_event
    await coro(*args, **kwargs)
  File "/app/asu_discord/cogs/analytics.py", line 652, in on_member_update
    before_timeout = before.timed_out_until
                     ^^^^^^^^^^^^^^^^^^^^^^
AttributeError: 'Member' object has no attribute 'timed_out_until'
Ignoring exception in on_member_update
Traceback (most recent call last):
  File "/usr/local/lib/python3.12/site-packages/discord/client.py", line 465, in _run_event
    await coro(*args, **kwargs)
  File "/app/asu_discord/cogs/analytics.py", line 652, in on_member_update
    before_timeout = before.timed_out_until
                     ^^^^^^^^^^^^^^^^^^^^^^
AttributeError: 'Member' object has no attribute 'timed_out_until'
Ignoring exception in on_member_update
Traceback (most recent call last):
  File "/usr/local/lib/python3.12/site-packages/discord/client.py", line 465, in _run_event
    await coro(*args, **kwargs)
  File "/app/asu_discord/cogs/analytics.py", line 652, in on_member_update
    before_timeout = before.timed_out_until
                     ^^^^^^^^^^^^^^^^^^^^^^
AttributeError: 'Member' object has no attribute 'timed_out_until'
Ignoring exception in on_member_update
Traceback (most recent call last):
  File "/usr/local/lib/python3.12/site-packages/discord/client.py", line 465, in _run_event
    await coro(*args, **kwargs)
  File "/app/asu_discord/cogs/analytics.py", line 652, in on_member_update
    before_timeout = before.timed_out_until
                     ^^^^^^^^^^^^^^^^^^^^^^
AttributeError: 'Member' object has no attribute 'timed_out_until'
INFO:asu_discord.cogs.verification:Saved 4 roles to database for user jschonta (Discord ID: 231951443765100545)
INFO:asu_discord.cogs.verification:Refreshed Salesforce roles for Discord user 231951443765100545: -4/+4 roles, assigned=[Arizona Resident, Ira A. Fulton Schools of Engineering, Transfer Student, West Valley]
Ignoring exception in on_member_update
Traceback (most recent call last):
  File "/usr/local/lib/python3.12/site-packages/discord/client.py", line 465, in _run_event
    await coro(*args, **kwargs)
  File "/app/asu_discord/cogs/analytics.py", line 652, in on_member_update
    before_timeout = before.timed_out_until
                     ^^^^^^^^^^^^^^^^^^^^^^
AttributeError: 'Member' object has no attribute 'timed_out_until'
Ignoring exception in on_member_update
Traceback (most recent call last):
  File "/usr/local/lib/python3.12/site-packages/discord/client.py", line 465, in _run_event
    await coro(*args, **kwargs)
  File "/app/asu_discord/cogs/analytics.py", line 652, in on_member_update
    before_timeout = before.timed_out_until
                     ^^^^^^^^^^^^^^^^^^^^^^
AttributeError: 'Member' object has no attribute 'timed_out_until'
Ignoring exception in on_member_update
Traceback (most recent call last):
  File "/usr/local/lib/python3.12/site-packages/discord/client.py", line 465, in _run_event
    await coro(*args, **kwargs)
  File "/app/asu_discord/cogs/analytics.py", line 652, in on_member_update
    before_timeout = before.timed_out_until
                     ^^^^^^^^^^^^^^^^^^^^^^
AttributeError: 'Member' object has no attribute 'timed_out_until'
Ignoring exception in on_member_update
Traceback (most recent call last):
  File "/usr/local/lib/python3.12/site-packages/discord/client.py", line 465, in _run_event
    await coro(*args, **kwargs)
  File "/app/asu_discord/cogs/analytics.py", line 652, in on_member_update
    before_timeout = before.timed_out_until
                     ^^^^^^^^^^^^^^^^^^^^^^
AttributeError: 'Member' object has no attribute 'timed_out_until'
Ignoring exception in on_member_update
Traceback (most recent call last):
  File "/usr/local/lib/python3.12/site-packages/discord/client.py", line 465, in _run_event
    await coro(*args, **kwargs)
  File "/app/asu_discord/cogs/analytics.py", line 652, in on_member_update
    before_timeout = before.timed_out_until
                     ^^^^^^^^^^^^^^^^^^^^^^
AttributeError: 'Member' object has no attribute 'timed_out_until'
Ignoring exception in on_member_update
Traceback (most recent call last):
  File "/usr/local/lib/python3.12/site-packages/discord/client.py", line 465, in _run_event
    await coro(*args, **kwargs)
  File "/app/asu_discord/cogs/analytics.py", line 652, in on_member_update
    before_timeout = before.timed_out_until
                     ^^^^^^^^^^^^^^^^^^^^^^
AttributeError: 'Member' object has no attribute 'timed_out_until'
INFO:asu_discord.cogs.verification:Saved 3 roles to database for user jameslu2 (Discord ID: 691109708836241508)
INFO:asu_discord.cogs.verification:Refreshed Salesforce roles for Discord user 691109708836241508: -3/+3 roles, assigned=[Graduate Student, Ira A. Fulton Schools of Engineering, Tempe]
INFO:asu_discord.salesforce:No Salesforce opportunities found for cdennin4
INFO:cron.jobs:refresh_salesforce_roles: skipping cdennin4: no profile returned
Ignoring exception in on_member_update
Traceback (most recent call last):
  File "/usr/local/lib/python3.12/site-packages/discord/client.py", line 465, in _run_event
    await coro(*args, **kwargs)
  File "/app/asu_discord/cogs/analytics.py", line 652, in on_member_update
    before_timeout = before.timed_out_until
                     ^^^^^^^^^^^^^^^^^^^^^^
AttributeError: 'Member' object has no attribute 'timed_out_until'
Ignoring exception in on_member_update
Traceback (most recent call last):
  File "/usr/local/lib/python3.12/site-packages/discord/client.py", line 465, in _run_event
    await coro(*args, **kwargs)
  File "/app/asu_discord/cogs/analytics.py", line 652, in on_member_update
    before_timeout = before.timed_out_until
                     ^^^^^^^^^^^^^^^^^^^^^^
AttributeError: 'Member' object has no attribute 'timed_out_until'
Ignoring exception in on_member_update
Traceback (most recent call last):
  File "/usr/local/lib/python3.12/site-packages/discord/client.py", line 465, in _run_event
    await coro(*args, **kwargs)
  File "/app/asu_discord/cogs/analytics.py", line 652, in on_member_update
    before_timeout = before.timed_out_until
                     ^^^^^^^^^^^^^^^^^^^^^^
AttributeError: 'Member' object has no attribute 'timed_out_until'
Ignoring exception in on_member_update
Traceback (most recent call last):
  File "/usr/local/lib/python3.12/site-packages/discord/client.py", line 465, in _run_event
    await coro(*args, **kwargs)
  File "/app/asu_discord/cogs/analytics.py", line 652, in on_member_update
    before_timeout = before.timed_out_until
                     ^^^^^^^^^^^^^^^^^^^^^^
AttributeError: 'Member' object has no attribute 'timed_out_until'
Ignoring exception in on_member_update
Traceback (most recent call last):
  File "/usr/local/lib/python3.12/site-packages/discord/client.py", line 465, in _run_event
    await coro(*args, **kwargs)
  File "/app/asu_discord/cogs/analytics.py", line 652, in on_member_update
    before_timeout = before.timed_out_until
                     ^^^^^^^^^^^^^^^^^^^^^^
AttributeError: 'Member' object has no attribute 'timed_out_until'
Ignoring exception in on_member_update
Traceback (most recent call last):
  File "/usr/local/lib/python3.12/site-packages/discord/client.py", line 465, in _run_event
    await coro(*args, **kwargs)
  File "/app/asu_discord/cogs/analytics.py", line 652, in on_member_update
    before_timeout = before.timed_out_until
                     ^^^^^^^^^^^^^^^^^^^^^^
AttributeError: 'Member' object has no attribute 'timed_out_until'
Ignoring exception in on_member_update
Traceback (most recent call last):
  File "/usr/local/lib/python3.12/site-packages/discord/client.py", line 465, in _run_event
    await coro(*args, **kwargs)
  File "/app/asu_discord/cogs/analytics.py", line 652, in on_member_update
    before_timeout = before.timed_out_until
                     ^^^^^^^^^^^^^^^^^^^^^^
AttributeError: 'Member' object has no attribute 'timed_out_until'
Ignoring exception in on_member_update
Traceback (most recent call last):
  File "/usr/local/lib/python3.12/site-packages/discord/client.py", line 465, in _run_event
    await coro(*args, **kwargs)
  File "/app/asu_discord/cogs/analytics.py", line 652, in on_member_update
    before_timeout = before.timed_out_until
                     ^^^^^^^^^^^^^^^^^^^^^^
AttributeError: 'Member' object has no attribute 'timed_out_until'
Ignoring exception in on_member_update
Traceback (most recent call last):
  File "/usr/local/lib/python3.12/site-packages/discord/client.py", line 465, in _run_event
    await coro(*args, **kwargs)
  File "/app/asu_discord/cogs/analytics.py", line 652, in on_member_update
    before_timeout = before.timed_out_until
                     ^^^^^^^^^^^^^^^^^^^^^^
AttributeError: 'Member' object has no attribute 'timed_out_until'
Ignoring exception in on_member_update
Traceback (most recent call last):
  File "/usr/local/lib/python3.12/site-packages/discord/client.py", line 465, in _run_event
    await coro(*args, **kwargs)
  File "/app/asu_discord/cogs/analytics.py", line 652, in on_member_update
    before_timeout = before.timed_out_until
                     ^^^^^^^^^^^^^^^^^^^^^^
AttributeError: 'Member' object has no attribute 'timed_out_until'
INFO:asu_discord.cogs.verification:Saved 5 roles to database for user kjfranc6 (Discord ID: 812819151424978954)
INFO:asu_discord.cogs.verification:Refreshed Salesforce roles for Discord user 812819151424978954: -5/+5 roles, assigned=[Arizona Resident, Commited, First Year, Tempe, W.P. Carey School of Business]
Ignoring exception in on_member_update
Traceback (most recent call last):
  File "/usr/local/lib/python3.12/site-packages/discord/client.py", line 465, in _run_event
    await coro(*args, **kwargs)
  File "/app/asu_discord/cogs/analytics.py", line 652, in on_member_update
    before_timeout = before.timed_out_until
                     ^^^^^^^^^^^^^^^^^^^^^^
AttributeError: 'Member' object has no attribute 'timed_out_until'
Ignoring exception in on_member_update
Traceback (most recent call last):
  File "/usr/local/lib/python3.12/site-packages/discord/client.py", line 465, in _run_event
    await coro(*args, **kwargs)
  File "/app/asu_discord/cogs/analytics.py", line 652, in on_member_update
    before_timeout = before.timed_out_until
                     ^^^^^^^^^^^^^^^^^^^^^^
AttributeError: 'Member' object has no attribute 'timed_out_until'
Ignoring exception in on_member_update
Traceback (most recent call last):
  File "/usr/local/lib/python3.12/site-packages/discord/client.py", line 465, in _run_event
    await coro(*args, **kwargs)
  File "/app/asu_discord/cogs/analytics.py", line 652, in on_member_update
    before_timeout = before.timed_out_until
                     ^^^^^^^^^^^^^^^^^^^^^^
AttributeError: 'Member' object has no attribute 'timed_out_until'
Ignoring exception in on_member_update
Traceback (most recent call last):
  File "/usr/local/lib/python3.12/site-packages/discord/client.py", line 465, in _run_event
    await coro(*args, **kwargs)
  File "/app/asu_discord/cogs/analytics.py", line 652, in on_member_update
    before_timeout = before.timed_out_until
                     ^^^^^^^^^^^^^^^^^^^^^^
AttributeError: 'Member' object has no attribute 'timed_out_until'
Ignoring exception in on_member_update
Traceback (most recent call last):
  File "/usr/local/lib/python3.12/site-packages/discord/client.py", line 465, in _run_event
    await coro(*args, **kwargs)
  File "/app/asu_discord/cogs/analytics.py", line 652, in on_member_update
    before_timeout = before.timed_out_until
                     ^^^^^^^^^^^^^^^^^^^^^^
AttributeError: 'Member' object has no attribute 'timed_out_until'
Ignoring exception in on_member_update
Traceback (most recent call last):
  File "/usr/local/lib/python3.12/site-packages/discord/client.py", line 465, in _run_event
    await coro(*args, **kwargs)
  File "/app/asu_discord/cogs/analytics.py", line 652, in on_member_update
    before_timeout = before.timed_out_until
                     ^^^^^^^^^^^^^^^^^^^^^^
AttributeError: 'Member' object has no attribute 'timed_out_until'
Ignoring exception in on_member_update
Traceback (most recent call last):
  File "/usr/local/lib/python3.12/site-packages/discord/client.py", line 465, in _run_event
    await coro(*args, **kwargs)
  File "/app/asu_discord/cogs/analytics.py", line 652, in on_member_update
    before_timeout = before.timed_out_until
                     ^^^^^^^^^^^^^^^^^^^^^^
AttributeError: 'Member' object has no attribute 'timed_out_until'
Ignoring exception in on_member_update
Traceback (most recent call last):
  File "/usr/local/lib/python3.12/site-packages/discord/client.py", line 465, in _run_event
    await coro(*args, **kwargs)
  File "/app/asu_discord/cogs/analytics.py", line 652, in on_member_update
    before_timeout = before.timed_out_until
                     ^^^^^^^^^^^^^^^^^^^^^^
AttributeError: 'Member' object has no attribute 'timed_out_until'
Ignoring exception in on_member_update
Traceback (most recent call last):
  File "/usr/local/lib/python3.12/site-packages/discord/client.py", line 465, in _run_event
    await coro(*args, **kwargs)
  File "/app/asu_discord/cogs/analytics.py", line 652, in on_member_update
    before_timeout = before.timed_out_until
                     ^^^^^^^^^^^^^^^^^^^^^^
AttributeError: 'Member' object has no attribute 'timed_out_until'
Ignoring exception in on_member_update
Traceback (most recent call last):
  File "/usr/local/lib/python3.12/site-packages/discord/client.py", line 465, in _run_event
    await coro(*args, **kwargs)
  File "/app/asu_discord/cogs/analytics.py", line 652, in on_member_update
    before_timeout = before.timed_out_until
                     ^^^^^^^^^^^^^^^^^^^^^^
AttributeError: 'Member' object has no attribute 'timed_out_until'
INFO:asu_discord.cogs.verification:Saved 5 roles to database for user eforsma1 (Discord ID: 1503545420037623858)
INFO:asu_discord.cogs.verification:Refreshed Salesforce roles for Discord user 1503545420037623858: -5/+5 roles, assigned=[Commited, First Year, Ira A. Fulton Schools of Engineering, Out of State, West Valley]
ERROR:cron.jobs:refresh_salesforce_roles: failed for gachapar (Discord ID 1503247028795478037): Failed to refresh Salesforce-based roles: Discord user 1503247028795478037 is not a member of the guild
Ignoring exception in on_member_update
Traceback (most recent call last):
  File "/usr/local/lib/python3.12/site-packages/discord/client.py", line 465, in _run_event
    await coro(*args, **kwargs)
  File "/app/asu_discord/cogs/analytics.py", line 652, in on_member_update
    before_timeout = before.timed_out_until
                     ^^^^^^^^^^^^^^^^^^^^^^
AttributeError: 'Member' object has no attribute 'timed_out_until'
Ignoring exception in on_member_update
Traceback (most recent call last):
  File "/usr/local/lib/python3.12/site-packages/discord/client.py", line 465, in _run_event
    await coro(*args, **kwargs)
  File "/app/asu_discord/cogs/analytics.py", line 652, in on_member_update
    before_timeout = before.timed_out_until
                     ^^^^^^^^^^^^^^^^^^^^^^
AttributeError: 'Member' object has no attribute 'timed_out_until'
Ignoring exception in on_member_update
Traceback (most recent call last):
  File "/usr/local/lib/python3.12/site-packages/discord/client.py", line 465, in _run_event
    await coro(*args, **kwargs)
  File "/app/asu_discord/cogs/analytics.py", line 652, in on_member_update
    before_timeout = before.timed_out_until
                     ^^^^^^^^^^^^^^^^^^^^^^
AttributeError: 'Member' object has no attribute 'timed_out_until'
Ignoring exception in on_member_update
Traceback (most recent call last):
  File "/usr/local/lib/python3.12/site-packages/discord/client.py", line 465, in _run_event
    await coro(*args, **kwargs)
  File "/app/asu_discord/cogs/analytics.py", line 652, in on_member_update
    before_timeout = before.timed_out_until
                     ^^^^^^^^^^^^^^^^^^^^^^
AttributeError: 'Member' object has no attribute 'timed_out_until'
Ignoring exception in on_member_update
Traceback (most recent call last):
  File "/usr/local/lib/python3.12/site-packages/discord/client.py", line 465, in _run_event
    await coro(*args, **kwargs)
  File "/app/asu_discord/cogs/analytics.py", line 652, in on_member_update
    before_timeout = before.timed_out_until
                     ^^^^^^^^^^^^^^^^^^^^^^
AttributeError: 'Member' object has no attribute 'timed_out_until'
Ignoring exception in on_member_update
Traceback (most recent call last):
  File "/usr/local/lib/python3.12/site-packages/discord/client.py", line 465, in _run_event
    await coro(*args, **kwargs)
  File "/app/asu_discord/cogs/analytics.py", line 652, in on_member_update
    before_timeout = before.timed_out_until
                     ^^^^^^^^^^^^^^^^^^^^^^
AttributeError: 'Member' object has no attribute 'timed_out_until'
Ignoring exception in on_member_update
Traceback (most recent call last):
  File "/usr/local/lib/python3.12/site-packages/discord/client.py", line 465, in _run_event
    await coro(*args, **kwargs)
  File "/app/asu_discord/cogs/analytics.py", line 652, in on_member_update
    before_timeout = before.timed_out_until
                     ^^^^^^^^^^^^^^^^^^^^^^
AttributeError: 'Member' object has no attribute 'timed_out_until'
Ignoring exception in on_member_update
Traceback (most recent call last):
  File "/usr/local/lib/python3.12/site-packages/discord/client.py", line 465, in _run_event
    await coro(*args, **kwargs)
  File "/app/asu_discord/cogs/analytics.py", line 652, in on_member_update
    before_timeout = before.timed_out_until
                     ^^^^^^^^^^^^^^^^^^^^^^
AttributeError: 'Member' object has no attribute 'timed_out_until'
Ignoring exception in on_member_update
Traceback (most recent call last):
  File "/usr/local/lib/python3.12/site-packages/discord/client.py", line 465, in _run_event
    await coro(*args, **kwargs)
  File "/app/asu_discord/cogs/analytics.py", line 652, in on_member_update
    before_timeout = before.timed_out_until
                     ^^^^^^^^^^^^^^^^^^^^^^
AttributeError: 'Member' object has no attribute 'timed_out_until'
Ignoring exception in on_member_update
Traceback (most recent call last):
  File "/usr/local/lib/python3.12/site-packages/discord/client.py", line 465, in _run_event
    await coro(*args, **kwargs)
  File "/app/asu_discord/cogs/analytics.py", line 652, in on_member_update
    before_timeout = before.timed_out_until
                     ^^^^^^^^^^^^^^^^^^^^^^
AttributeError: 'Member' object has no attribute 'timed_out_until'
INFO:asu_discord.cogs.verification:Saved 5 roles to database for user bmcipria (Discord ID: 1487503555438055537)
INFO:asu_discord.cogs.verification:Refreshed Salesforce roles for Discord user 1487503555438055537: -5/+5 roles, assigned=[Commited, Downtown Phoenix, First Year, Out of State, Walter Cronkite School of Journalism and Mass Communication]
Ignoring exception in on_member_update
Traceback (most recent call last):
  File "/usr/local/lib/python3.12/site-packages/discord/client.py", line 465, in _run_event
    await coro(*args, **kwargs)
  File "/app/asu_discord/cogs/analytics.py", line 652, in on_member_update
    before_timeout = before.timed_out_until
                     ^^^^^^^^^^^^^^^^^^^^^^
AttributeError: 'Member' object has no attribute 'timed_out_until'
Ignoring exception in on_member_update
Traceback (most recent call last):
  File "/usr/local/lib/python3.12/site-packages/discord/client.py", line 465, in _run_event
    await coro(*args, **kwargs)
  File "/app/asu_discord/cogs/analytics.py", line 652, in on_member_update
    before_timeout = before.timed_out_until
                     ^^^^^^^^^^^^^^^^^^^^^^
AttributeError: 'Member' object has no attribute 'timed_out_until'
Ignoring exception in on_member_update
Traceback (most recent call last):
  File "/usr/local/lib/python3.12/site-packages/discord/client.py", line 465, in _run_event
    await coro(*args, **kwargs)
  File "/app/asu_discord/cogs/analytics.py", line 652, in on_member_update
    before_timeout = before.timed_out_until
                     ^^^^^^^^^^^^^^^^^^^^^^
AttributeError: 'Member' object has no attribute 'timed_out_until'
Ignoring exception in on_member_update
Traceback (most recent call last):
  File "/usr/local/lib/python3.12/site-packages/discord/client.py", line 465, in _run_event
    await coro(*args, **kwargs)
  File "/app/asu_discord/cogs/analytics.py", line 652, in on_member_update
    before_timeout = before.timed_out_until
                     ^^^^^^^^^^^^^^^^^^^^^^
AttributeError: 'Member' object has no attribute 'timed_out_until'
Ignoring exception in on_member_update
Traceback (most recent call last):
  File "/usr/local/lib/python3.12/site-packages/discord/client.py", line 465, in _run_event
    await coro(*args, **kwargs)
  File "/app/asu_discord/cogs/analytics.py", line 652, in on_member_update
    before_timeout = before.timed_out_until
                     ^^^^^^^^^^^^^^^^^^^^^^
AttributeError: 'Member' object has no attribute 'timed_out_until'
Ignoring exception in on_member_update
Traceback (most recent call last):
  File "/usr/local/lib/python3.12/site-packages/discord/client.py", line 465, in _run_event
    await coro(*args, **kwargs)
  File "/app/asu_discord/cogs/analytics.py", line 652, in on_member_update
    before_timeout = before.timed_out_until
                     ^^^^^^^^^^^^^^^^^^^^^^
AttributeError: 'Member' object has no attribute 'timed_out_until'
Ignoring exception in on_member_update
Traceback (most recent call last):
  File "/usr/local/lib/python3.12/site-packages/discord/client.py", line 465, in _run_event
    await coro(*args, **kwargs)
  File "/app/asu_discord/cogs/analytics.py", line 652, in on_member_update
    before_timeout = before.timed_out_until
                     ^^^^^^^^^^^^^^^^^^^^^^
AttributeError: 'Member' object has no attribute 'timed_out_until'
Ignoring exception in on_member_update
Traceback (most recent call last):
  File "/usr/local/lib/python3.12/site-packages/discord/client.py", line 465, in _run_event
    await coro(*args, **kwargs)
  File "/app/asu_discord/cogs/analytics.py", line 652, in on_member_update
    before_timeout = before.timed_out_until
                     ^^^^^^^^^^^^^^^^^^^^^^
AttributeError: 'Member' object has no attribute 'timed_out_until'
INFO:asu_discord.cogs.verification:Saved 4 roles to database for user dnguy264 (Discord ID: 814661066612801536)
INFO:asu_discord.cogs.verification:Refreshed Salesforce roles for Discord user 814661066612801536: -4/+4 roles, assigned=[Arizona Resident, College of Liberal Arts and Sciences, Graduate Student, Tempe]
Ignoring exception in on_member_update
Traceback (most recent call last):
  File "/usr/local/lib/python3.12/site-packages/discord/client.py", line 465, in _run_event
    await coro(*args, **kwargs)
  File "/app/asu_discord/cogs/analytics.py", line 652, in on_member_update
    before_timeout = before.timed_out_until
                     ^^^^^^^^^^^^^^^^^^^^^^
AttributeError: 'Member' object has no attribute 'timed_out_until'
Ignoring exception in on_member_update
Traceback (most recent call last):
  File "/usr/local/lib/python3.12/site-packages/discord/client.py", line 465, in _run_event
    await coro(*args, **kwargs)
  File "/app/asu_discord/cogs/analytics.py", line 652, in on_member_update
    before_timeout = before.timed_out_until
                     ^^^^^^^^^^^^^^^^^^^^^^
AttributeError: 'Member' object has no attribute 'timed_out_until'
Ignoring exception in on_member_update
Traceback (most recent call last):
  File "/usr/local/lib/python3.12/site-packages/discord/client.py", line 465, in _run_event
    await coro(*args, **kwargs)
  File "/app/asu_discord/cogs/analytics.py", line 652, in on_member_update
    before_timeout = before.timed_out_until
                     ^^^^^^^^^^^^^^^^^^^^^^
AttributeError: 'Member' object has no attribute 'timed_out_until'
Ignoring exception in on_member_update
Traceback (most recent call last):
  File "/usr/local/lib/python3.12/site-packages/discord/client.py", line 465, in _run_event
    await coro(*args, **kwargs)
  File "/app/asu_discord/cogs/analytics.py", line 652, in on_member_update
    before_timeout = before.timed_out_until
                     ^^^^^^^^^^^^^^^^^^^^^^
AttributeError: 'Member' object has no attribute 'timed_out_until'
Ignoring exception in on_member_update
Traceback (most recent call last):
  File "/usr/local/lib/python3.12/site-packages/discord/client.py", line 465, in _run_event
    await coro(*args, **kwargs)
  File "/app/asu_discord/cogs/analytics.py", line 652, in on_member_update
    before_timeout = before.timed_out_until
                     ^^^^^^^^^^^^^^^^^^^^^^
AttributeError: 'Member' object has no attribute 'timed_out_until'
Ignoring exception in on_member_update
Traceback (most recent call last):
  File "/usr/local/lib/python3.12/site-packages/discord/client.py", line 465, in _run_event
    await coro(*args, **kwargs)
  File "/app/asu_discord/cogs/analytics.py", line 652, in on_member_update
    before_timeout = before.timed_out_until
                     ^^^^^^^^^^^^^^^^^^^^^^
AttributeError: 'Member' object has no attribute 'timed_out_until'
Ignoring exception in on_member_update
Traceback (most recent call last):
  File "/usr/local/lib/python3.12/site-packages/discord/client.py", line 465, in _run_event
    await coro(*args, **kwargs)
  File "/app/asu_discord/cogs/analytics.py", line 652, in on_member_update
    before_timeout = before.timed_out_until
                     ^^^^^^^^^^^^^^^^^^^^^^
AttributeError: 'Member' object has no attribute 'timed_out_until'
Ignoring exception in on_member_update
Traceback (most recent call last):
  File "/usr/local/lib/python3.12/site-packages/discord/client.py", line 465, in _run_event
    await coro(*args, **kwargs)
  File "/app/asu_discord/cogs/analytics.py", line 652, in on_member_update
    before_timeout = before.timed_out_until
                     ^^^^^^^^^^^^^^^^^^^^^^
AttributeError: 'Member' object has no attribute 'timed_out_until'
Ignoring exception in on_member_update
Traceback (most recent call last):
  File "/usr/local/lib/python3.12/site-packages/discord/client.py", line 465, in _run_event
    await coro(*args, **kwargs)
  File "/app/asu_discord/cogs/analytics.py", line 652, in on_member_update
    before_timeout = before.timed_out_until
                     ^^^^^^^^^^^^^^^^^^^^^^
AttributeError: 'Member' object has no attribute 'timed_out_until'
Ignoring exception in on_member_update
Traceback (most recent call last):
  File "/usr/local/lib/python3.12/site-packages/discord/client.py", line 465, in _run_event
    await coro(*args, **kwargs)
  File "/app/asu_discord/cogs/analytics.py", line 652, in on_member_update
    before_timeout = before.timed_out_until
                     ^^^^^^^^^^^^^^^^^^^^^^
AttributeError: 'Member' object has no attribute 'timed_out_until'
INFO:asu_discord.cogs.verification:Saved 5 roles to database for user lcasti47 (Discord ID: 701875414628565053)
INFO:asu_discord.cogs.verification:Refreshed Salesforce roles for Discord user 701875414628565053: -5/+5 roles, assigned=[Commited, First Year, Ira A. Fulton Schools of Engineering, Out of State, Polytechnic]
INFO:asu_discord.salesforce:No Salesforce opportunities found for efarnsw6
INFO:cron.jobs:refresh_salesforce_roles: skipping efarnsw6: no profile returned
Ignoring exception in on_member_update
Traceback (most recent call last):
  File "/usr/local/lib/python3.12/site-packages/discord/client.py", line 465, in _run_event
    await coro(*args, **kwargs)
  File "/app/asu_discord/cogs/analytics.py", line 652, in on_member_update
    before_timeout = before.timed_out_until
                     ^^^^^^^^^^^^^^^^^^^^^^
AttributeError: 'Member' object has no attribute 'timed_out_until'
Ignoring exception in on_member_update
Traceback (most recent call last):
  File "/usr/local/lib/python3.12/site-packages/discord/client.py", line 465, in _run_event
    await coro(*args, **kwargs)
  File "/app/asu_discord/cogs/analytics.py", line 652, in on_member_update
    before_timeout = before.timed_out_until
                     ^^^^^^^^^^^^^^^^^^^^^^
AttributeError: 'Member' object has no attribute 'timed_out_until'
Ignoring exception in on_member_update
Traceback (most recent call last):
  File "/usr/local/lib/python3.12/site-packages/discord/client.py", line 465, in _run_event
    await coro(*args, **kwargs)
  File "/app/asu_discord/cogs/analytics.py", line 652, in on_member_update
    before_timeout = before.timed_out_until
                     ^^^^^^^^^^^^^^^^^^^^^^
AttributeError: 'Member' object has no attribute 'timed_out_until'
Ignoring exception in on_member_update
Traceback (most recent call last):
  File "/usr/local/lib/python3.12/site-packages/discord/client.py", line 465, in _run_event
    await coro(*args, **kwargs)
  File "/app/asu_discord/cogs/analytics.py", line 652, in on_member_update
    before_timeout = before.timed_out_until
                     ^^^^^^^^^^^^^^^^^^^^^^
AttributeError: 'Member' object has no attribute 'timed_out_until'
Ignoring exception in on_member_update
Traceback (most recent call last):
  File "/usr/local/lib/python3.12/site-packages/discord/client.py", line 465, in _run_event
    await coro(*args, **kwargs)
  File "/app/asu_discord/cogs/analytics.py", line 652, in on_member_update
    before_timeout = before.timed_out_until
                     ^^^^^^^^^^^^^^^^^^^^^^
AttributeError: 'Member' object has no attribute 'timed_out_until'
Ignoring exception in on_member_update
Traceback (most recent call last):
  File "/usr/local/lib/python3.12/site-packages/discord/client.py", line 465, in _run_event
    await coro(*args, **kwargs)
  File "/app/asu_discord/cogs/analytics.py", line 652, in on_member_update
    before_timeout = before.timed_out_until
                     ^^^^^^^^^^^^^^^^^^^^^^
AttributeError: 'Member' object has no attribute 'timed_out_until'
Ignoring exception in on_member_update
Traceback (most recent call last):
  File "/usr/local/lib/python3.12/site-packages/discord/client.py", line 465, in _run_event
    await coro(*args, **kwargs)
  File "/app/asu_discord/cogs/analytics.py", line 652, in on_member_update
    before_timeout = before.timed_out_until
                     ^^^^^^^^^^^^^^^^^^^^^^
AttributeError: 'Member' object has no attribute 'timed_out_until'
Ignoring exception in on_member_update
Traceback (most recent call last):
  File "/usr/local/lib/python3.12/site-packages/discord/client.py", line 465, in _run_event
    await coro(*args, **kwargs)
  File "/app/asu_discord/cogs/analytics.py", line 652, in on_member_update
    before_timeout = before.timed_out_until
                     ^^^^^^^^^^^^^^^^^^^^^^
AttributeError: 'Member' object has no attribute 'timed_out_until'
INFO:asu_discord.cogs.verification:Saved 4 roles to database for user rtripat9 (Discord ID: 577527600273162260)
INFO:asu_discord.cogs.verification:Refreshed Salesforce roles for Discord user 577527600273162260: -4/+4 roles, assigned=[Commited, Graduate Student, Ira A. Fulton Schools of Engineering, Tempe]
Ignoring exception in on_member_update
Traceback (most recent call last):
  File "/usr/local/lib/python3.12/site-packages/discord/client.py", line 465, in _run_event
    await coro(*args, **kwargs)
  File "/app/asu_discord/cogs/analytics.py", line 652, in on_member_update
    before_timeout = before.timed_out_until
                     ^^^^^^^^^^^^^^^^^^^^^^
AttributeError: 'Member' object has no attribute 'timed_out_until'
Ignoring exception in on_member_update
Traceback (most recent call last):
  File "/usr/local/lib/python3.12/site-packages/discord/client.py", line 465, in _run_event
    await coro(*args, **kwargs)
  File "/app/asu_discord/cogs/analytics.py", line 652, in on_member_update
    before_timeout = before.timed_out_until
                     ^^^^^^^^^^^^^^^^^^^^^^
AttributeError: 'Member' object has no attribute 'timed_out_until'
Ignoring exception in on_member_update
Traceback (most recent call last):
  File "/usr/local/lib/python3.12/site-packages/discord/client.py", line 465, in _run_event
    await coro(*args, **kwargs)
  File "/app/asu_discord/cogs/analytics.py", line 652, in on_member_update
    before_timeout = before.timed_out_until
                     ^^^^^^^^^^^^^^^^^^^^^^
AttributeError: 'Member' object has no attribute 'timed_out_until'
Ignoring exception in on_member_update
Traceback (most recent call last):
  File "/usr/local/lib/python3.12/site-packages/discord/client.py", line 465, in _run_event
    await coro(*args, **kwargs)
  File "/app/asu_discord/cogs/analytics.py", line 652, in on_member_update
    before_timeout = before.timed_out_until
                     ^^^^^^^^^^^^^^^^^^^^^^
AttributeError: 'Member' object has no attribute 'timed_out_until'
Ignoring exception in on_member_update
Traceback (most recent call last):
  File "/usr/local/lib/python3.12/site-packages/discord/client.py", line 465, in _run_event
    await coro(*args, **kwargs)
  File "/app/asu_discord/cogs/analytics.py", line 652, in on_member_update
    before_timeout = before.timed_out_until
                     ^^^^^^^^^^^^^^^^^^^^^^
AttributeError: 'Member' object has no attribute 'timed_out_until'
Ignoring exception in on_member_update
Traceback (most recent call last):
  File "/usr/local/lib/python3.12/site-packages/discord/client.py", line 465, in _run_event
    await coro(*args, **kwargs)
  File "/app/asu_discord/cogs/analytics.py", line 652, in on_member_update
    before_timeout = before.timed_out_until
                     ^^^^^^^^^^^^^^^^^^^^^^
AttributeError: 'Member' object has no attribute 'timed_out_until'
Ignoring exception in on_member_update
Traceback (most recent call last):
  File "/usr/local/lib/python3.12/site-packages/discord/client.py", line 465, in _run_event
    await coro(*args, **kwargs)
  File "/app/asu_discord/cogs/analytics.py", line 652, in on_member_update
    before_timeout = before.timed_out_until
                     ^^^^^^^^^^^^^^^^^^^^^^
AttributeError: 'Member' object has no attribute 'timed_out_until'
Ignoring exception in on_member_update
Traceback (most recent call last):
  File "/usr/local/lib/python3.12/site-packages/discord/client.py", line 465, in _run_event
    await coro(*args, **kwargs)
  File "/app/asu_discord/cogs/analytics.py", line 652, in on_member_update
    before_timeout = before.timed_out_until
                     ^^^^^^^^^^^^^^^^^^^^^^
AttributeError: 'Member' object has no attribute 'timed_out_until'
INFO:asu_discord.cogs.verification:Saved 4 roles to database for user xiaoyu15 (Discord ID: 1414890561344639039)
INFO:asu_discord.cogs.verification:Refreshed Salesforce roles for Discord user 1414890561344639039: -4/+4 roles, assigned=[Graduate Student, International Student, Ira A. Fulton Schools of Engineering, Polytechnic]
Ignoring exception in on_member_update
Traceback (most recent call last):
  File "/usr/local/lib/python3.12/site-packages/discord/client.py", line 465, in _run_event
    await coro(*args, **kwargs)
  File "/app/asu_discord/cogs/analytics.py", line 652, in on_member_update
    before_timeout = before.timed_out_until
                     ^^^^^^^^^^^^^^^^^^^^^^
AttributeError: 'Member' object has no attribute 'timed_out_until'
Ignoring exception in on_member_update
Traceback (most recent call last):
  File "/usr/local/lib/python3.12/site-packages/discord/client.py", line 465, in _run_event
    await coro(*args, **kwargs)
  File "/app/asu_discord/cogs/analytics.py", line 652, in on_member_update
    before_timeout = before.timed_out_until
                     ^^^^^^^^^^^^^^^^^^^^^^
AttributeError: 'Member' object has no attribute 'timed_out_until'
Ignoring exception in on_member_update
Traceback (most recent call last):
  File "/usr/local/lib/python3.12/site-packages/discord/client.py", line 465, in _run_event
    await coro(*args, **kwargs)
  File "/app/asu_discord/cogs/analytics.py", line 652, in on_member_update
    before_timeout = before.timed_out_until
                     ^^^^^^^^^^^^^^^^^^^^^^
AttributeError: 'Member' object has no attribute 'timed_out_until'
Ignoring exception in on_member_update
Traceback (most recent call last):
  File "/usr/local/lib/python3.12/site-packages/discord/client.py", line 465, in _run_event
    await coro(*args, **kwargs)
  File "/app/asu_discord/cogs/analytics.py", line 652, in on_member_update
    before_timeout = before.timed_out_until
                     ^^^^^^^^^^^^^^^^^^^^^^
AttributeError: 'Member' object has no attribute 'timed_out_until'
Ignoring exception in on_member_update
Traceback (most recent call last):
  File "/usr/local/lib/python3.12/site-packages/discord/client.py", line 465, in _run_event
    await coro(*args, **kwargs)
  File "/app/asu_discord/cogs/analytics.py", line 652, in on_member_update
    before_timeout = before.timed_out_until
                     ^^^^^^^^^^^^^^^^^^^^^^
AttributeError: 'Member' object has no attribute 'timed_out_until'
Ignoring exception in on_member_update
Traceback (most recent call last):
  File "/usr/local/lib/python3.12/site-packages/discord/client.py", line 465, in _run_event
    await coro(*args, **kwargs)
  File "/app/asu_discord/cogs/analytics.py", line 652, in on_member_update
    before_timeout = before.timed_out_until
                     ^^^^^^^^^^^^^^^^^^^^^^
AttributeError: 'Member' object has no attribute 'timed_out_until'
Ignoring exception in on_member_update
Traceback (most recent call last):
  File "/usr/local/lib/python3.12/site-packages/discord/client.py", line 465, in _run_event
    await coro(*args, **kwargs)
  File "/app/asu_discord/cogs/analytics.py", line 652, in on_member_update
    before_timeout = before.timed_out_until
                     ^^^^^^^^^^^^^^^^^^^^^^
AttributeError: 'Member' object has no attribute 'timed_out_until'
Ignoring exception in on_member_update
Traceback (most recent call last):
  File "/usr/local/lib/python3.12/site-packages/discord/client.py", line 465, in _run_event
    await coro(*args, **kwargs)
  File "/app/asu_discord/cogs/analytics.py", line 652, in on_member_update
    before_timeout = before.timed_out_until
                     ^^^^^^^^^^^^^^^^^^^^^^
AttributeError: 'Member' object has no attribute 'timed_out_until'
Ignoring exception in on_member_update
Traceback (most recent call last):
  File "/usr/local/lib/python3.12/site-packages/discord/client.py", line 465, in _run_event
    await coro(*args, **kwargs)
  File "/app/asu_discord/cogs/analytics.py", line 652, in on_member_update
    before_timeout = before.timed_out_until
                     ^^^^^^^^^^^^^^^^^^^^^^
AttributeError: 'Member' object has no attribute 'timed_out_until'
Ignoring exception in on_member_update
Traceback (most recent call last):
  File "/usr/local/lib/python3.12/site-packages/discord/client.py", line 465, in _run_event
    await coro(*args, **kwargs)
  File "/app/asu_discord/cogs/analytics.py", line 652, in on_member_update
    before_timeout = before.timed_out_until
                     ^^^^^^^^^^^^^^^^^^^^^^
AttributeError: 'Member' object has no attribute 'timed_out_until'
INFO:asu_discord.cogs.verification:Saved 5 roles to database for user mparma19 (Discord ID: 1486930765425016982)
INFO:asu_discord.cogs.verification:Refreshed Salesforce roles for Discord user 1486930765425016982: -5/+5 roles, assigned=[Commited, Graduate Student, International Student, Ira A. Fulton Schools of Engineering, Tempe]
ERROR:cron.jobs:refresh_salesforce_roles: failed for jdinesh (Discord ID 494047025470373896): Failed to refresh Salesforce-based roles: Discord user 494047025470373896 is not a member of the guild
Ignoring exception in on_member_update
Traceback (most recent call last):
  File "/usr/local/lib/python3.12/site-packages/discord/client.py", line 465, in _run_event
    await coro(*args, **kwargs)
  File "/app/asu_discord/cogs/analytics.py", line 652, in on_member_update
    before_timeout = before.timed_out_until
                     ^^^^^^^^^^^^^^^^^^^^^^
AttributeError: 'Member' object has no attribute 'timed_out_until'
Ignoring exception in on_member_update
Traceback (most recent call last):
  File "/usr/local/lib/python3.12/site-packages/discord/client.py", line 465, in _run_event
    await coro(*args, **kwargs)
  File "/app/asu_discord/cogs/analytics.py", line 652, in on_member_update
    before_timeout = before.timed_out_until
                     ^^^^^^^^^^^^^^^^^^^^^^
AttributeError: 'Member' object has no attribute 'timed_out_until'
Ignoring exception in on_member_update
Traceback (most recent call last):
  File "/usr/local/lib/python3.12/site-packages/discord/client.py", line 465, in _run_event
    await coro(*args, **kwargs)
  File "/app/asu_discord/cogs/analytics.py", line 652, in on_member_update
    before_timeout = before.timed_out_until
                     ^^^^^^^^^^^^^^^^^^^^^^
AttributeError: 'Member' object has no attribute 'timed_out_until'
Ignoring exception in on_member_update
Traceback (most recent call last):
  File "/usr/local/lib/python3.12/site-packages/discord/client.py", line 465, in _run_event
    await coro(*args, **kwargs)
  File "/app/asu_discord/cogs/analytics.py", line 652, in on_member_update
    before_timeout = before.timed_out_until
                     ^^^^^^^^^^^^^^^^^^^^^^
AttributeError: 'Member' object has no attribute 'timed_out_until'
Ignoring exception in on_member_update
Traceback (most recent call last):
  File "/usr/local/lib/python3.12/site-packages/discord/client.py", line 465, in _run_event
    await coro(*args, **kwargs)
  File "/app/asu_discord/cogs/analytics.py", line 652, in on_member_update
    before_timeout = before.timed_out_until
                     ^^^^^^^^^^^^^^^^^^^^^^
AttributeError: 'Member' object has no attribute 'timed_out_until'
Ignoring exception in on_member_update
Traceback (most recent call last):
  File "/usr/local/lib/python3.12/site-packages/discord/client.py", line 465, in _run_event
    await coro(*args, **kwargs)
  File "/app/asu_discord/cogs/analytics.py", line 652, in on_member_update
    before_timeout = before.timed_out_until
                     ^^^^^^^^^^^^^^^^^^^^^^
AttributeError: 'Member' object has no attribute 'timed_out_until'
Ignoring exception in on_member_update
Traceback (most recent call last):
  File "/usr/local/lib/python3.12/site-packages/discord/client.py", line 465, in _run_event
    await coro(*args, **kwargs)
  File "/app/asu_discord/cogs/analytics.py", line 652, in on_member_update
    before_timeout = before.timed_out_until
                     ^^^^^^^^^^^^^^^^^^^^^^
AttributeError: 'Member' object has no attribute 'timed_out_until'
Ignoring exception in on_member_update
Traceback (most recent call last):
  File "/usr/local/lib/python3.12/site-packages/discord/client.py", line 465, in _run_event
    await coro(*args, **kwargs)
  File "/app/asu_discord/cogs/analytics.py", line 652, in on_member_update
    before_timeout = before.timed_out_until
                     ^^^^^^^^^^^^^^^^^^^^^^
AttributeError: 'Member' object has no attribute 'timed_out_until'
Ignoring exception in on_member_update
Traceback (most recent call last):
  File "/usr/local/lib/python3.12/site-packages/discord/client.py", line 465, in _run_event
    await coro(*args, **kwargs)
  File "/app/asu_discord/cogs/analytics.py", line 652, in on_member_update
    before_timeout = before.timed_out_until
                     ^^^^^^^^^^^^^^^^^^^^^^
AttributeError: 'Member' object has no attribute 'timed_out_until'
Ignoring exception in on_member_update
Traceback (most recent call last):
  File "/usr/local/lib/python3.12/site-packages/discord/client.py", line 465, in _run_event
    await coro(*args, **kwargs)
  File "/app/asu_discord/cogs/analytics.py", line 652, in on_member_update
    before_timeout = before.timed_out_until
                     ^^^^^^^^^^^^^^^^^^^^^^
AttributeError: 'Member' object has no attribute 'timed_out_until'
Ignoring exception in on_member_update
Traceback (most recent call last):
  File "/usr/local/lib/python3.12/site-packages/discord/client.py", line 465, in _run_event
    await coro(*args, **kwargs)
  File "/app/asu_discord/cogs/analytics.py", line 652, in on_member_update
    before_timeout = before.timed_out_until
                     ^^^^^^^^^^^^^^^^^^^^^^
AttributeError: 'Member' object has no attribute 'timed_out_until'
Ignoring exception in on_member_update
Traceback (most recent call last):
  File "/usr/local/lib/python3.12/site-packages/discord/client.py", line 465, in _run_event
    await coro(*args, **kwargs)
  File "/app/asu_discord/cogs/analytics.py", line 652, in on_member_update
    before_timeout = before.timed_out_until
                     ^^^^^^^^^^^^^^^^^^^^^^
AttributeError: 'Member' object has no attribute 'timed_out_until'
INFO:asu_discord.cogs.verification:Saved 6 roles to database for user avloren1 (Discord ID: 842968871392247829)
INFO:asu_discord.cogs.verification:Refreshed Salesforce roles for Discord user 842968871392247829: -6/+6 roles, assigned=[College of Liberal Arts and Sciences, Commited, First Generation Student, First Year, Out of State, Tempe]
Ignoring exception in on_member_update
Traceback (most recent call last):
  File "/usr/local/lib/python3.12/site-packages/discord/client.py", line 465, in _run_event
    await coro(*args, **kwargs)
  File "/app/asu_discord/cogs/analytics.py", line 652, in on_member_update
    before_timeout = before.timed_out_until
                     ^^^^^^^^^^^^^^^^^^^^^^
AttributeError: 'Member' object has no attribute 'timed_out_until'
Ignoring exception in on_member_update
Traceback (most recent call last):
  File "/usr/local/lib/python3.12/site-packages/discord/client.py", line 465, in _run_event
    await coro(*args, **kwargs)
  File "/app/asu_discord/cogs/analytics.py", line 652, in on_member_update
    before_timeout = before.timed_out_until
                     ^^^^^^^^^^^^^^^^^^^^^^
AttributeError: 'Member' object has no attribute 'timed_out_until'
Ignoring exception in on_member_update
Traceback (most recent call last):
  File "/usr/local/lib/python3.12/site-packages/discord/client.py", line 465, in _run_event
    await coro(*args, **kwargs)
  File "/app/asu_discord/cogs/analytics.py", line 652, in on_member_update
    before_timeout = before.timed_out_until
                     ^^^^^^^^^^^^^^^^^^^^^^
AttributeError: 'Member' object has no attribute 'timed_out_until'
Ignoring exception in on_member_update
Traceback (most recent call last):
  File "/usr/local/lib/python3.12/site-packages/discord/client.py", line 465, in _run_event
    await coro(*args, **kwargs)
  File "/app/asu_discord/cogs/analytics.py", line 652, in on_member_update
    before_timeout = before.timed_out_until
                     ^^^^^^^^^^^^^^^^^^^^^^
AttributeError: 'Member' object has no attribute 'timed_out_until'
Ignoring exception in on_member_update
Traceback (most recent call last):
  File "/usr/local/lib/python3.12/site-packages/discord/client.py", line 465, in _run_event
    await coro(*args, **kwargs)
  File "/app/asu_discord/cogs/analytics.py", line 652, in on_member_update
    before_timeout = before.timed_out_until
                     ^^^^^^^^^^^^^^^^^^^^^^
AttributeError: 'Member' object has no attribute 'timed_out_until'
Ignoring exception in on_member_update
Traceback (most recent call last):
  File "/usr/local/lib/python3.12/site-packages/discord/client.py", line 465, in _run_event
    await coro(*args, **kwargs)
  File "/app/asu_discord/cogs/analytics.py", line 652, in on_member_update
    before_timeout = before.timed_out_until
                     ^^^^^^^^^^^^^^^^^^^^^^
AttributeError: 'Member' object has no attribute 'timed_out_until'
Ignoring exception in on_member_update
Traceback (most recent call last):
  File "/usr/local/lib/python3.12/site-packages/discord/client.py", line 465, in _run_event
    await coro(*args, **kwargs)
  File "/app/asu_discord/cogs/analytics.py", line 652, in on_member_update
    before_timeout = before.timed_out_until
                     ^^^^^^^^^^^^^^^^^^^^^^
AttributeError: 'Member' object has no attribute 'timed_out_until'
Ignoring exception in on_member_update
Traceback (most recent call last):
  File "/usr/local/lib/python3.12/site-packages/discord/client.py", line 465, in _run_event
    await coro(*args, **kwargs)
  File "/app/asu_discord/cogs/analytics.py", line 652, in on_member_update
    before_timeout = before.timed_out_until
                     ^^^^^^^^^^^^^^^^^^^^^^
AttributeError: 'Member' object has no attribute 'timed_out_until'
Ignoring exception in on_member_update
Traceback (most recent call last):
  File "/usr/local/lib/python3.12/site-packages/discord/client.py", line 465, in _run_event
    await coro(*args, **kwargs)
  File "/app/asu_discord/cogs/analytics.py", line 652, in on_member_update
    before_timeout = before.timed_out_until
                     ^^^^^^^^^^^^^^^^^^^^^^
AttributeError: 'Member' object has no attribute 'timed_out_until'
Ignoring exception in on_member_update
Traceback (most recent call last):
  File "/usr/local/lib/python3.12/site-packages/discord/client.py", line 465, in _run_event
    await coro(*args, **kwargs)
  File "/app/asu_discord/cogs/analytics.py", line 652, in on_member_update
    before_timeout = before.timed_out_until
                     ^^^^^^^^^^^^^^^^^^^^^^
AttributeError: 'Member' object has no attribute 'timed_out_until'
INFO:asu_discord.cogs.verification:Saved 5 roles to database for user theyn1 (Discord ID: 1503511782839554218)
INFO:asu_discord.cogs.verification:Refreshed Salesforce roles for Discord user 1503511782839554218: -5/+5 roles, assigned=[Arizona Resident, Commited, Graduate Student, Ira A. Fulton Schools of Engineering, Tempe]
Ignoring exception in on_member_update
Traceback (most recent call last):
  File "/usr/local/lib/python3.12/site-packages/discord/client.py", line 465, in _run_event
    await coro(*args, **kwargs)
  File "/app/asu_discord/cogs/analytics.py", line 652, in on_member_update
    before_timeout = before.timed_out_until
                     ^^^^^^^^^^^^^^^^^^^^^^
AttributeError: 'Member' object has no attribute 'timed_out_until'
Ignoring exception in on_member_update
Traceback (most recent call last):
  File "/usr/local/lib/python3.12/site-packages/discord/client.py", line 465, in _run_event
    await coro(*args, **kwargs)
  File "/app/asu_discord/cogs/analytics.py", line 652, in on_member_update
    before_timeout = before.timed_out_until
                     ^^^^^^^^^^^^^^^^^^^^^^
AttributeError: 'Member' object has no attribute 'timed_out_until'
Ignoring exception in on_member_update
Traceback (most recent call last):
  File "/usr/local/lib/python3.12/site-packages/discord/client.py", line 465, in _run_event
    await coro(*args, **kwargs)
  File "/app/asu_discord/cogs/analytics.py", line 652, in on_member_update
    before_timeout = before.timed_out_until
                     ^^^^^^^^^^^^^^^^^^^^^^
AttributeError: 'Member' object has no attribute 'timed_out_until'
Ignoring exception in on_member_update
Traceback (most recent call last):
  File "/usr/local/lib/python3.12/site-packages/discord/client.py", line 465, in _run_event
    await coro(*args, **kwargs)
  File "/app/asu_discord/cogs/analytics.py", line 652, in on_member_update
    before_timeout = before.timed_out_until
                     ^^^^^^^^^^^^^^^^^^^^^^
AttributeError: 'Member' object has no attribute 'timed_out_until'
Ignoring exception in on_member_update
Traceback (most recent call last):
  File "/usr/local/lib/python3.12/site-packages/discord/client.py", line 465, in _run_event
    await coro(*args, **kwargs)
  File "/app/asu_discord/cogs/analytics.py", line 652, in on_member_update
    before_timeout = before.timed_out_until
                     ^^^^^^^^^^^^^^^^^^^^^^
AttributeError: 'Member' object has no attribute 'timed_out_until'
Ignoring exception in on_member_update
Traceback (most recent call last):
  File "/usr/local/lib/python3.12/site-packages/discord/client.py", line 465, in _run_event
    await coro(*args, **kwargs)
  File "/app/asu_discord/cogs/analytics.py", line 652, in on_member_update
    before_timeout = before.timed_out_until
                     ^^^^^^^^^^^^^^^^^^^^^^
AttributeError: 'Member' object has no attribute 'timed_out_until'
Ignoring exception in on_member_update
Traceback (most recent call last):
  File "/usr/local/lib/python3.12/site-packages/discord/client.py", line 465, in _run_event
    await coro(*args, **kwargs)
  File "/app/asu_discord/cogs/analytics.py", line 652, in on_member_update
    before_timeout = before.timed_out_until
                     ^^^^^^^^^^^^^^^^^^^^^^
AttributeError: 'Member' object has no attribute 'timed_out_until'
Ignoring exception in on_member_update
Traceback (most recent call last):
  File "/usr/local/lib/python3.12/site-packages/discord/client.py", line 465, in _run_event
    await coro(*args, **kwargs)
  File "/app/asu_discord/cogs/analytics.py", line 652, in on_member_update
    before_timeout = before.timed_out_until
                     ^^^^^^^^^^^^^^^^^^^^^^
AttributeError: 'Member' object has no attribute 'timed_out_until'
Ignoring exception in on_member_update
Traceback (most recent call last):
  File "/usr/local/lib/python3.12/site-packages/discord/client.py", line 465, in _run_event
    await coro(*args, **kwargs)
  File "/app/asu_discord/cogs/analytics.py", line 652, in on_member_update
    before_timeout = before.timed_out_until
                     ^^^^^^^^^^^^^^^^^^^^^^
AttributeError: 'Member' object has no attribute 'timed_out_until'
Ignoring exception in on_member_update
Traceback (most recent call last):
  File "/usr/local/lib/python3.12/site-packages/discord/client.py", line 465, in _run_event
    await coro(*args, **kwargs)
  File "/app/asu_discord/cogs/analytics.py", line 652, in on_member_update
    before_timeout = before.timed_out_until
                     ^^^^^^^^^^^^^^^^^^^^^^
AttributeError: 'Member' object has no attribute 'timed_out_until'
ERROR:cron.jobs:refresh_salesforce_roles: failed for lbridg14 (Discord ID 1519544138100641974): Timed out refresh Salesforce-based roles
Ignoring exception in on_member_update
Traceback (most recent call last):
  File "/usr/local/lib/python3.12/site-packages/discord/client.py", line 465, in _run_event
    await coro(*args, **kwargs)
  File "/app/asu_discord/cogs/analytics.py", line 652, in on_member_update
    before_timeout = before.timed_out_until
                     ^^^^^^^^^^^^^^^^^^^^^^
AttributeError: 'Member' object has no attribute 'timed_out_until'
Ignoring exception in on_member_update
Traceback (most recent call last):
  File "/usr/local/lib/python3.12/site-packages/discord/client.py", line 465, in _run_event
    await coro(*args, **kwargs)
  File "/app/asu_discord/cogs/analytics.py", line 652, in on_member_update
    before_timeout = before.timed_out_until
                     ^^^^^^^^^^^^^^^^^^^^^^
AttributeError: 'Member' object has no attribute 'timed_out_until'
Ignoring exception in on_member_update
Traceback (most recent call last):
  File "/usr/local/lib/python3.12/site-packages/discord/client.py", line 465, in _run_event
    await coro(*args, **kwargs)
  File "/app/asu_discord/cogs/analytics.py", line 652, in on_member_update
    before_timeout = before.timed_out_until
                     ^^^^^^^^^^^^^^^^^^^^^^
AttributeError: 'Member' object has no attribute 'timed_out_until'
Ignoring exception in on_member_update
Traceback (most recent call last):
  File "/usr/local/lib/python3.12/site-packages/discord/client.py", line 465, in _run_event
    await coro(*args, **kwargs)
  File "/app/asu_discord/cogs/analytics.py", line 652, in on_member_update
    before_timeout = before.timed_out_until
                     ^^^^^^^^^^^^^^^^^^^^^^
AttributeError: 'Member' object has no attribute 'timed_out_until'
Ignoring exception in on_member_update
Traceback (most recent call last):
  File "/usr/local/lib/python3.12/site-packages/discord/client.py", line 465, in _run_event
    await coro(*args, **kwargs)
  File "/app/asu_discord/cogs/analytics.py", line 652, in on_member_update
    before_timeout = before.timed_out_until
                     ^^^^^^^^^^^^^^^^^^^^^^
AttributeError: 'Member' object has no attribute 'timed_out_until'
Ignoring exception in on_member_update
Traceback (most recent call last):
  File "/usr/local/lib/python3.12/site-packages/discord/client.py", line 465, in _run_event
    await coro(*args, **kwargs)
  File "/app/asu_discord/cogs/analytics.py", line 652, in on_member_update
    before_timeout = before.timed_out_until
                     ^^^^^^^^^^^^^^^^^^^^^^
AttributeError: 'Member' object has no attribute 'timed_out_until'
Ignoring exception in on_member_update
Traceback (most recent call last):
  File "/usr/local/lib/python3.12/site-packages/discord/client.py", line 465, in _run_event
    await coro(*args, **kwargs)
  File "/app/asu_discord/cogs/analytics.py", line 652, in on_member_update
    before_timeout = before.timed_out_until
                     ^^^^^^^^^^^^^^^^^^^^^^
AttributeError: 'Member' object has no attribute 'timed_out_until'
Ignoring exception in on_member_update
Traceback (most recent call last):
  File "/usr/local/lib/python3.12/site-packages/discord/client.py", line 465, in _run_event
    await coro(*args, **kwargs)
  File "/app/asu_discord/cogs/analytics.py", line 652, in on_member_update
    before_timeout = before.timed_out_until
                     ^^^^^^^^^^^^^^^^^^^^^^
AttributeError: 'Member' object has no attribute 'timed_out_until'
Ignoring exception in on_member_update
Traceback (most recent call last):
  File "/usr/local/lib/python3.12/site-packages/discord/client.py", line 465, in _run_event
    await coro(*args, **kwargs)
  File "/app/asu_discord/cogs/analytics.py", line 652, in on_member_update
    before_timeout = before.timed_out_until
                     ^^^^^^^^^^^^^^^^^^^^^^
AttributeError: 'Member' object has no attribute 'timed_out_until'
Ignoring exception in on_member_update
Traceback (most recent call last):
  File "/usr/local/lib/python3.12/site-packages/discord/client.py", line 465, in _run_event
    await coro(*args, **kwargs)
  File "/app/asu_discord/cogs/analytics.py", line 652, in on_member_update
    before_timeout = before.timed_out_until
                     ^^^^^^^^^^^^^^^^^^^^^^
AttributeError: 'Member' object has no attribute 'timed_out_until'
INFO:asu_discord.cogs.verification:Saved 5 roles to database for user maalmah3 (Discord ID: 1252231235011346483)
INFO:asu_discord.cogs.verification:Refreshed Salesforce roles for Discord user 1252231235011346483: -5/+5 roles, assigned=[First Generation Student, First Year, International Student, Ira A. Fulton Schools of Engineering, Tempe]
ERROR:cron.jobs:refresh_salesforce_roles: failed for ajloftin (Discord ID 608109698998337542): Failed to refresh Salesforce-based roles: Discord user 608109698998337542 is not a member of the guild
Ignoring exception in on_member_update
Traceback (most recent call last):
  File "/usr/local/lib/python3.12/site-packages/discord/client.py", line 465, in _run_event
    await coro(*args, **kwargs)
  File "/app/asu_discord/cogs/analytics.py", line 652, in on_member_update
    before_timeout = before.timed_out_until
                     ^^^^^^^^^^^^^^^^^^^^^^
AttributeError: 'Member' object has no attribute 'timed_out_until'
Ignoring exception in on_member_update
Traceback (most recent call last):
  File "/usr/local/lib/python3.12/site-packages/discord/client.py", line 465, in _run_event
    await coro(*args, **kwargs)
  File "/app/asu_discord/cogs/analytics.py", line 652, in on_member_update
    before_timeout = before.timed_out_until
                     ^^^^^^^^^^^^^^^^^^^^^^
AttributeError: 'Member' object has no attribute 'timed_out_until'
Ignoring exception in on_member_update
Traceback (most recent call last):
  File "/usr/local/lib/python3.12/site-packages/discord/client.py", line 465, in _run_event
    await coro(*args, **kwargs)
  File "/app/asu_discord/cogs/analytics.py", line 652, in on_member_update
    before_timeout = before.timed_out_until
                     ^^^^^^^^^^^^^^^^^^^^^^
AttributeError: 'Member' object has no attribute 'timed_out_until'
Ignoring exception in on_member_update
Traceback (most recent call last):
  File "/usr/local/lib/python3.12/site-packages/discord/client.py", line 465, in _run_event
    await coro(*args, **kwargs)
  File "/app/asu_discord/cogs/analytics.py", line 652, in on_member_update
    before_timeout = before.timed_out_until
                     ^^^^^^^^^^^^^^^^^^^^^^
AttributeError: 'Member' object has no attribute 'timed_out_until'
Ignoring exception in on_member_update
Traceback (most recent call last):
  File "/usr/local/lib/python3.12/site-packages/discord/client.py", line 465, in _run_event
    await coro(*args, **kwargs)
  File "/app/asu_discord/cogs/analytics.py", line 652, in on_member_update
    before_timeout = before.timed_out_until
                     ^^^^^^^^^^^^^^^^^^^^^^
AttributeError: 'Member' object has no attribute 'timed_out_until'
Ignoring exception in on_member_update
Traceback (most recent call last):
  File "/usr/local/lib/python3.12/site-packages/discord/client.py", line 465, in _run_event
    await coro(*args, **kwargs)
  File "/app/asu_discord/cogs/analytics.py", line 652, in on_member_update
    before_timeout = before.timed_out_until
                     ^^^^^^^^^^^^^^^^^^^^^^
AttributeError: 'Member' object has no attribute 'timed_out_until'
Ignoring exception in on_member_update
Traceback (most recent call last):
  File "/usr/local/lib/python3.12/site-packages/discord/client.py", line 465, in _run_event
    await coro(*args, **kwargs)
  File "/app/asu_discord/cogs/analytics.py", line 652, in on_member_update
    before_timeout = before.timed_out_until
                     ^^^^^^^^^^^^^^^^^^^^^^
AttributeError: 'Member' object has no attribute 'timed_out_until'
Ignoring exception in on_member_update
Traceback (most recent call last):
  File "/usr/local/lib/python3.12/site-packages/discord/client.py", line 465, in _run_event
    await coro(*args, **kwargs)
  File "/app/asu_discord/cogs/analytics.py", line 652, in on_member_update
    before_timeout = before.timed_out_until
                     ^^^^^^^^^^^^^^^^^^^^^^
AttributeError: 'Member' object has no attribute 'timed_out_until'
Ignoring exception in on_member_update
Traceback (most recent call last):
  File "/usr/local/lib/python3.12/site-packages/discord/client.py", line 465, in _run_event
    await coro(*args, **kwargs)
  File "/app/asu_discord/cogs/analytics.py", line 652, in on_member_update
    before_timeout = before.timed_out_until
                     ^^^^^^^^^^^^^^^^^^^^^^
AttributeError: 'Member' object has no attribute 'timed_out_until'
Ignoring exception in on_member_update
Traceback (most recent call last):
  File "/usr/local/lib/python3.12/site-packages/discord/client.py", line 465, in _run_event
    await coro(*args, **kwargs)
  File "/app/asu_discord/cogs/analytics.py", line 652, in on_member_update
    before_timeout = before.timed_out_until
                     ^^^^^^^^^^^^^^^^^^^^^^
AttributeError: 'Member' object has no attribute 'timed_out_until'
INFO:asu_discord.cogs.verification:Saved 5 roles to database for user eescholl (Discord ID: 963199948952846346)
INFO:asu_discord.cogs.verification:Refreshed Salesforce roles for Discord user 963199948952846346: -5/+5 roles, assigned=[Arizona Resident, College of Liberal Arts and Sciences, Commited, Transfer Student, West Valley]
Ignoring exception in on_member_update
Traceback (most recent call last):
  File "/usr/local/lib/python3.12/site-packages/discord/client.py", line 465, in _run_event
    await coro(*args, **kwargs)
  File "/app/asu_discord/cogs/analytics.py", line 652, in on_member_update
    before_timeout = before.timed_out_until
                     ^^^^^^^^^^^^^^^^^^^^^^
AttributeError: 'Member' object has no attribute 'timed_out_until'
Ignoring exception in on_member_update
Traceback (most recent call last):
  File "/usr/local/lib/python3.12/site-packages/discord/client.py", line 465, in _run_event
    await coro(*args, **kwargs)
  File "/app/asu_discord/cogs/analytics.py", line 652, in on_member_update
    before_timeout = before.timed_out_until
                     ^^^^^^^^^^^^^^^^^^^^^^
AttributeError: 'Member' object has no attribute 'timed_out_until'
Ignoring exception in on_member_update
Traceback (most recent call last):
  File "/usr/local/lib/python3.12/site-packages/discord/client.py", line 465, in _run_event
    await coro(*args, **kwargs)
  File "/app/asu_discord/cogs/analytics.py", line 652, in on_member_update
    before_timeout = before.timed_out_until
                     ^^^^^^^^^^^^^^^^^^^^^^
AttributeError: 'Member' object has no attribute 'timed_out_until'
Ignoring exception in on_member_update
Traceback (most recent call last):
  File "/usr/local/lib/python3.12/site-packages/discord/client.py", line 465, in _run_event
    await coro(*args, **kwargs)
  File "/app/asu_discord/cogs/analytics.py", line 652, in on_member_update
    before_timeout = before.timed_out_until
                     ^^^^^^^^^^^^^^^^^^^^^^
AttributeError: 'Member' object has no attribute 'timed_out_until'
Ignoring exception in on_member_update
Traceback (most recent call last):
  File "/usr/local/lib/python3.12/site-packages/discord/client.py", line 465, in _run_event
    await coro(*args, **kwargs)
  File "/app/asu_discord/cogs/analytics.py", line 652, in on_member_update
    before_timeout = before.timed_out_until
                     ^^^^^^^^^^^^^^^^^^^^^^
AttributeError: 'Member' object has no attribute 'timed_out_until'
Ignoring exception in on_member_update
Traceback (most recent call last):
  File "/usr/local/lib/python3.12/site-packages/discord/client.py", line 465, in _run_event
    await coro(*args, **kwargs)
  File "/app/asu_discord/cogs/analytics.py", line 652, in on_member_update
    before_timeout = before.timed_out_until
                     ^^^^^^^^^^^^^^^^^^^^^^
AttributeError: 'Member' object has no attribute 'timed_out_until'
Ignoring exception in on_member_update
Traceback (most recent call last):
  File "/usr/local/lib/python3.12/site-packages/discord/client.py", line 465, in _run_event
    await coro(*args, **kwargs)
  File "/app/asu_discord/cogs/analytics.py", line 652, in on_member_update
    before_timeout = before.timed_out_until
                     ^^^^^^^^^^^^^^^^^^^^^^
AttributeError: 'Member' object has no attribute 'timed_out_until'
Ignoring exception in on_member_update
Traceback (most recent call last):
  File "/usr/local/lib/python3.12/site-packages/discord/client.py", line 465, in _run_event
    await coro(*args, **kwargs)
  File "/app/asu_discord/cogs/analytics.py", line 652, in on_member_update
    before_timeout = before.timed_out_until
                     ^^^^^^^^^^^^^^^^^^^^^^
AttributeError: 'Member' object has no attribute 'timed_out_until'
INFO:asu_discord.cogs.verification:Saved 4 roles to database for user fevangel (Discord ID: 453348290399043584)
INFO:asu_discord.cogs.verification:Refreshed Salesforce roles for Discord user 453348290399043584: -4/+4 roles, assigned=[Arizona Resident, College of Health Solutions, Downtown Phoenix, Transfer Student]
Ignoring exception in on_member_update
Traceback (most recent call last):
  File "/usr/local/lib/python3.12/site-packages/discord/client.py", line 465, in _run_event
    await coro(*args, **kwargs)
  File "/app/asu_discord/cogs/analytics.py", line 652, in on_member_update
    before_timeout = before.timed_out_until
                     ^^^^^^^^^^^^^^^^^^^^^^
AttributeError: 'Member' object has no attribute 'timed_out_until'
Ignoring exception in on_member_update
Traceback (most recent call last):
  File "/usr/local/lib/python3.12/site-packages/discord/client.py", line 465, in _run_event
    await coro(*args, **kwargs)
  File "/app/asu_discord/cogs/analytics.py", line 652, in on_member_update
    before_timeout = before.timed_out_until
                     ^^^^^^^^^^^^^^^^^^^^^^
AttributeError: 'Member' object has no attribute 'timed_out_until'
Ignoring exception in on_member_update
Traceback (most recent call last):
  File "/usr/local/lib/python3.12/site-packages/discord/client.py", line 465, in _run_event
    await coro(*args, **kwargs)
  File "/app/asu_discord/cogs/analytics.py", line 652, in on_member_update
    before_timeout = before.timed_out_until
                     ^^^^^^^^^^^^^^^^^^^^^^
AttributeError: 'Member' object has no attribute 'timed_out_until'
Ignoring exception in on_member_update
Traceback (most recent call last):
  File "/usr/local/lib/python3.12/site-packages/discord/client.py", line 465, in _run_event
    await coro(*args, **kwargs)
  File "/app/asu_discord/cogs/analytics.py", line 652, in on_member_update
    before_timeout = before.timed_out_until
                     ^^^^^^^^^^^^^^^^^^^^^^
AttributeError: 'Member' object has no attribute 'timed_out_until'
Ignoring exception in on_member_update
Traceback (most recent call last):
  File "/usr/local/lib/python3.12/site-packages/discord/client.py", line 465, in _run_event
    await coro(*args, **kwargs)
  File "/app/asu_discord/cogs/analytics.py", line 652, in on_member_update
    before_timeout = before.timed_out_until
                     ^^^^^^^^^^^^^^^^^^^^^^
AttributeError: 'Member' object has no attribute 'timed_out_until'
Ignoring exception in on_member_update
Traceback (most recent call last):
  File "/usr/local/lib/python3.12/site-packages/discord/client.py", line 465, in _run_event
    await coro(*args, **kwargs)
  File "/app/asu_discord/cogs/analytics.py", line 652, in on_member_update
    before_timeout = before.timed_out_until
                     ^^^^^^^^^^^^^^^^^^^^^^
AttributeError: 'Member' object has no attribute 'timed_out_until'
Ignoring exception in on_member_update
Traceback (most recent call last):
  File "/usr/local/lib/python3.12/site-packages/discord/client.py", line 465, in _run_event
    await coro(*args, **kwargs)
  File "/app/asu_discord/cogs/analytics.py", line 652, in on_member_update
    before_timeout = before.timed_out_until
                     ^^^^^^^^^^^^^^^^^^^^^^
AttributeError: 'Member' object has no attribute 'timed_out_until'
Ignoring exception in on_member_update
Traceback (most recent call last):
  File "/usr/local/lib/python3.12/site-packages/discord/client.py", line 465, in _run_event
    await coro(*args, **kwargs)
  File "/app/asu_discord/cogs/analytics.py", line 652, in on_member_update
    before_timeout = before.timed_out_until
                     ^^^^^^^^^^^^^^^^^^^^^^
AttributeError: 'Member' object has no attribute 'timed_out_until'
INFO:asu_discord.cogs.verification:Saved 4 roles to database for user dosman3 (Discord ID: 1355879500662968431)
INFO:asu_discord.cogs.verification:Refreshed Salesforce roles for Discord user 1355879500662968431: -4/+4 roles, assigned=[College of Liberal Arts and Sciences, Online, Transfer Student, Upperclassmen]
Ignoring exception in on_member_update
Traceback (most recent call last):
  File "/usr/local/lib/python3.12/site-packages/discord/client.py", line 465, in _run_event
    await coro(*args, **kwargs)
  File "/app/asu_discord/cogs/analytics.py", line 652, in on_member_update
    before_timeout = before.timed_out_until
                     ^^^^^^^^^^^^^^^^^^^^^^
AttributeError: 'Member' object has no attribute 'timed_out_until'
Ignoring exception in on_member_update
Traceback (most recent call last):
  File "/usr/local/lib/python3.12/site-packages/discord/client.py", line 465, in _run_event
    await coro(*args, **kwargs)
  File "/app/asu_discord/cogs/analytics.py", line 652, in on_member_update
    before_timeout = before.timed_out_until
                     ^^^^^^^^^^^^^^^^^^^^^^
AttributeError: 'Member' object has no attribute 'timed_out_until'
Ignoring exception in on_member_update
Traceback (most recent call last):
  File "/usr/local/lib/python3.12/site-packages/discord/client.py", line 465, in _run_event
    await coro(*args, **kwargs)
  File "/app/asu_discord/cogs/analytics.py", line 652, in on_member_update
    before_timeout = before.timed_out_until
                     ^^^^^^^^^^^^^^^^^^^^^^
AttributeError: 'Member' object has no attribute 'timed_out_until'
Ignoring exception in on_member_update
Traceback (most recent call last):
  File "/usr/local/lib/python3.12/site-packages/discord/client.py", line 465, in _run_event
    await coro(*args, **kwargs)
  File "/app/asu_discord/cogs/analytics.py", line 652, in on_member_update
    before_timeout = before.timed_out_until
                     ^^^^^^^^^^^^^^^^^^^^^^
AttributeError: 'Member' object has no attribute 'timed_out_until'
Ignoring exception in on_member_update
Traceback (most recent call last):
  File "/usr/local/lib/python3.12/site-packages/discord/client.py", line 465, in _run_event
    await coro(*args, **kwargs)
  File "/app/asu_discord/cogs/analytics.py", line 652, in on_member_update
    before_timeout = before.timed_out_until
                     ^^^^^^^^^^^^^^^^^^^^^^
AttributeError: 'Member' object has no attribute 'timed_out_until'
Ignoring exception in on_member_update
Traceback (most recent call last):
  File "/usr/local/lib/python3.12/site-packages/discord/client.py", line 465, in _run_event
    await coro(*args, **kwargs)
  File "/app/asu_discord/cogs/analytics.py", line 652, in on_member_update
    before_timeout = before.timed_out_until
                     ^^^^^^^^^^^^^^^^^^^^^^
AttributeError: 'Member' object has no attribute 'timed_out_until'
Ignoring exception in on_member_update
Traceback (most recent call last):
  File "/usr/local/lib/python3.12/site-packages/discord/client.py", line 465, in _run_event
    await coro(*args, **kwargs)
  File "/app/asu_discord/cogs/analytics.py", line 652, in on_member_update
    before_timeout = before.timed_out_until
                     ^^^^^^^^^^^^^^^^^^^^^^
AttributeError: 'Member' object has no attribute 'timed_out_until'
Ignoring exception in on_member_update
Traceback (most recent call last):
  File "/usr/local/lib/python3.12/site-packages/discord/client.py", line 465, in _run_event
    await coro(*args, **kwargs)
  File "/app/asu_discord/cogs/analytics.py", line 652, in on_member_update
    before_timeout = before.timed_out_until
                     ^^^^^^^^^^^^^^^^^^^^^^
AttributeError: 'Member' object has no attribute 'timed_out_until'
INFO:asu_discord.cogs.verification:Saved 4 roles to database for user ihawking (Discord ID: 1050655840924876830)
INFO:asu_discord.cogs.verification:Refreshed Salesforce roles for Discord user 1050655840924876830: -4/+4 roles, assigned=[Arizona Resident, First Year, Herberger Institute for Design and the Arts, Tempe]
Ignoring exception in on_member_update
Traceback (most recent call last):
  File "/usr/local/lib/python3.12/site-packages/discord/client.py", line 465, in _run_event
    await coro(*args, **kwargs)
  File "/app/asu_discord/cogs/analytics.py", line 652, in on_member_update
    before_timeout = before.timed_out_until
                     ^^^^^^^^^^^^^^^^^^^^^^
AttributeError: 'Member' object has no attribute 'timed_out_until'
Ignoring exception in on_member_update
Traceback (most recent call last):
  File "/usr/local/lib/python3.12/site-packages/discord/client.py", line 465, in _run_event
    await coro(*args, **kwargs)
  File "/app/asu_discord/cogs/analytics.py", line 652, in on_member_update
    before_timeout = before.timed_out_until
                     ^^^^^^^^^^^^^^^^^^^^^^
AttributeError: 'Member' object has no attribute 'timed_out_until'
Ignoring exception in on_member_update
Traceback (most recent call last):
  File "/usr/local/lib/python3.12/site-packages/discord/client.py", line 465, in _run_event
    await coro(*args, **kwargs)
  File "/app/asu_discord/cogs/analytics.py", line 652, in on_member_update
    before_timeout = before.timed_out_until
                     ^^^^^^^^^^^^^^^^^^^^^^
AttributeError: 'Member' object has no attribute 'timed_out_until'
Ignoring exception in on_member_update
Traceback (most recent call last):
  File "/usr/local/lib/python3.12/site-packages/discord/client.py", line 465, in _run_event
    await coro(*args, **kwargs)
  File "/app/asu_discord/cogs/analytics.py", line 652, in on_member_update
    before_timeout = before.timed_out_until
                     ^^^^^^^^^^^^^^^^^^^^^^
AttributeError: 'Member' object has no attribute 'timed_out_until'
Ignoring exception in on_member_update
Traceback (most recent call last):
  File "/usr/local/lib/python3.12/site-packages/discord/client.py", line 465, in _run_event
    await coro(*args, **kwargs)
  File "/app/asu_discord/cogs/analytics.py", line 652, in on_member_update
    before_timeout = before.timed_out_until
                     ^^^^^^^^^^^^^^^^^^^^^^
AttributeError: 'Member' object has no attribute 'timed_out_until'
Ignoring exception in on_member_update
Traceback (most recent call last):
  File "/usr/local/lib/python3.12/site-packages/discord/client.py", line 465, in _run_event
    await coro(*args, **kwargs)
  File "/app/asu_discord/cogs/analytics.py", line 652, in on_member_update
    before_timeout = before.timed_out_until
                     ^^^^^^^^^^^^^^^^^^^^^^
AttributeError: 'Member' object has no attribute 'timed_out_until'
Ignoring exception in on_member_update
Traceback (most recent call last):
  File "/usr/local/lib/python3.12/site-packages/discord/client.py", line 465, in _run_event
    await coro(*args, **kwargs)
  File "/app/asu_discord/cogs/analytics.py", line 652, in on_member_update
    before_timeout = before.timed_out_until
                     ^^^^^^^^^^^^^^^^^^^^^^
AttributeError: 'Member' object has no attribute 'timed_out_until'
Ignoring exception in on_member_update
Traceback (most recent call last):
  File "/usr/local/lib/python3.12/site-packages/discord/client.py", line 465, in _run_event
    await coro(*args, **kwargs)
  File "/app/asu_discord/cogs/analytics.py", line 652, in on_member_update
    before_timeout = before.timed_out_until
                     ^^^^^^^^^^^^^^^^^^^^^^
AttributeError: 'Member' object has no attribute 'timed_out_until'
Ignoring exception in on_member_update
Traceback (most recent call last):
  File "/usr/local/lib/python3.12/site-packages/discord/client.py", line 465, in _run_event
    await coro(*args, **kwargs)
  File "/app/asu_discord/cogs/analytics.py", line 652, in on_member_update
    before_timeout = before.timed_out_until
                     ^^^^^^^^^^^^^^^^^^^^^^
AttributeError: 'Member' object has no attribute 'timed_out_until'
Ignoring exception in on_member_update
Traceback (most recent call last):
  File "/usr/local/lib/python3.12/site-packages/discord/client.py", line 465, in _run_event
    await coro(*args, **kwargs)
  File "/app/asu_discord/cogs/analytics.py", line 652, in on_member_update
    before_timeout = before.timed_out_until
                     ^^^^^^^^^^^^^^^^^^^^^^
AttributeError: 'Member' object has no attribute 'timed_out_until'
INFO:asu_discord.cogs.verification:Saved 5 roles to database for user bbudha1 (Discord ID: 923909133722345494)
INFO:asu_discord.cogs.verification:Refreshed Salesforce roles for Discord user 923909133722345494: -5/+5 roles, assigned=[College of Liberal Arts and Sciences, First Generation Student, Graduate Student, International Student, Tempe]
Ignoring exception in on_member_update
Traceback (most recent call last):
  File "/usr/local/lib/python3.12/site-packages/discord/client.py", line 465, in _run_event
    await coro(*args, **kwargs)
  File "/app/asu_discord/cogs/analytics.py", line 652, in on_member_update
    before_timeout = before.timed_out_until
                     ^^^^^^^^^^^^^^^^^^^^^^
AttributeError: 'Member' object has no attribute 'timed_out_until'
Ignoring exception in on_member_update
Traceback (most recent call last):
  File "/usr/local/lib/python3.12/site-packages/discord/client.py", line 465, in _run_event
    await coro(*args, **kwargs)
  File "/app/asu_discord/cogs/analytics.py", line 652, in on_member_update
    before_timeout = before.timed_out_until
                     ^^^^^^^^^^^^^^^^^^^^^^
AttributeError: 'Member' object has no attribute 'timed_out_until'
Ignoring exception in on_member_update
Traceback (most recent call last):
  File "/usr/local/lib/python3.12/site-packages/discord/client.py", line 465, in _run_event
    await coro(*args, **kwargs)
  File "/app/asu_discord/cogs/analytics.py", line 652, in on_member_update
    before_timeout = before.timed_out_until
                     ^^^^^^^^^^^^^^^^^^^^^^
AttributeError: 'Member' object has no attribute 'timed_out_until'
Ignoring exception in on_member_update
Traceback (most recent call last):
  File "/usr/local/lib/python3.12/site-packages/discord/client.py", line 465, in _run_event
    await coro(*args, **kwargs)
  File "/app/asu_discord/cogs/analytics.py", line 652, in on_member_update
    before_timeout = before.timed_out_until
                     ^^^^^^^^^^^^^^^^^^^^^^
AttributeError: 'Member' object has no attribute 'timed_out_until'
Ignoring exception in on_member_update
Traceback (most recent call last):
  File "/usr/local/lib/python3.12/site-packages/discord/client.py", line 465, in _run_event
    await coro(*args, **kwargs)
  File "/app/asu_discord/cogs/analytics.py", line 652, in on_member_update
    before_timeout = before.timed_out_until
                     ^^^^^^^^^^^^^^^^^^^^^^
AttributeError: 'Member' object has no attribute 'timed_out_until'
Ignoring exception in on_member_update
Traceback (most recent call last):
  File "/usr/local/lib/python3.12/site-packages/discord/client.py", line 465, in _run_event
    await coro(*args, **kwargs)
  File "/app/asu_discord/cogs/analytics.py", line 652, in on_member_update
    before_timeout = before.timed_out_until
                     ^^^^^^^^^^^^^^^^^^^^^^
AttributeError: 'Member' object has no attribute 'timed_out_until'
Ignoring exception in on_member_update
Traceback (most recent call last):
  File "/usr/local/lib/python3.12/site-packages/discord/client.py", line 465, in _run_event
    await coro(*args, **kwargs)
  File "/app/asu_discord/cogs/analytics.py", line 652, in on_member_update
    before_timeout = before.timed_out_until
                     ^^^^^^^^^^^^^^^^^^^^^^
AttributeError: 'Member' object has no attribute 'timed_out_until'
Ignoring exception in on_member_update
Traceback (most recent call last):
  File "/usr/local/lib/python3.12/site-packages/discord/client.py", line 465, in _run_event
    await coro(*args, **kwargs)
  File "/app/asu_discord/cogs/analytics.py", line 652, in on_member_update
    before_timeout = before.timed_out_until
                     ^^^^^^^^^^^^^^^^^^^^^^
AttributeError: 'Member' object has no attribute 'timed_out_until'
Ignoring exception in on_member_update
Traceback (most recent call last):
  File "/usr/local/lib/python3.12/site-packages/discord/client.py", line 465, in _run_event
    await coro(*args, **kwargs)
  File "/app/asu_discord/cogs/analytics.py", line 652, in on_member_update
    before_timeout = before.timed_out_until
                     ^^^^^^^^^^^^^^^^^^^^^^
AttributeError: 'Member' object has no attribute 'timed_out_until'
Ignoring exception in on_member_update
Traceback (most recent call last):
  File "/usr/local/lib/python3.12/site-packages/discord/client.py", line 465, in _run_event
    await coro(*args, **kwargs)
  File "/app/asu_discord/cogs/analytics.py", line 652, in on_member_update
    before_timeout = before.timed_out_until
                     ^^^^^^^^^^^^^^^^^^^^^^
AttributeError: 'Member' object has no attribute 'timed_out_until'
INFO:asu_discord.cogs.verification:Saved 5 roles to database for user jorozcog (Discord ID: 928362594815864864)
INFO:asu_discord.cogs.verification:Refreshed Salesforce roles for Discord user 928362594815864864: -5/+5 roles, assigned=[Arizona Resident, Commited, First Year, Ira A. Fulton Schools of Engineering, Tempe]
ERROR:cron.jobs:refresh_salesforce_roles: failed for fprevey (Discord ID 295358893016743936): Failed to refresh Salesforce-based roles: Discord user 295358893016743936 is not a member of the guild
Ignoring exception in on_member_update
Traceback (most recent call last):
  File "/usr/local/lib/python3.12/site-packages/discord/client.py", line 465, in _run_event
    await coro(*args, **kwargs)
  File "/app/asu_discord/cogs/analytics.py", line 652, in on_member_update
    before_timeout = before.timed_out_until
                     ^^^^^^^^^^^^^^^^^^^^^^
AttributeError: 'Member' object has no attribute 'timed_out_until'
Ignoring exception in on_member_update
Traceback (most recent call last):
  File "/usr/local/lib/python3.12/site-packages/discord/client.py", line 465, in _run_event
    await coro(*args, **kwargs)
  File "/app/asu_discord/cogs/analytics.py", line 652, in on_member_update
    before_timeout = before.timed_out_until
                     ^^^^^^^^^^^^^^^^^^^^^^
AttributeError: 'Member' object has no attribute 'timed_out_until'
Ignoring exception in on_member_update
Traceback (most recent call last):
  File "/usr/local/lib/python3.12/site-packages/discord/client.py", line 465, in _run_event
    await coro(*args, **kwargs)
  File "/app/asu_discord/cogs/analytics.py", line 652, in on_member_update
    before_timeout = before.timed_out_until
                     ^^^^^^^^^^^^^^^^^^^^^^
AttributeError: 'Member' object has no attribute 'timed_out_until'
Ignoring exception in on_member_update
Traceback (most recent call last):
  File "/usr/local/lib/python3.12/site-packages/discord/client.py", line 465, in _run_event
    await coro(*args, **kwargs)
  File "/app/asu_discord/cogs/analytics.py", line 652, in on_member_update
    before_timeout = before.timed_out_until
                     ^^^^^^^^^^^^^^^^^^^^^^
AttributeError: 'Member' object has no attribute 'timed_out_until'
Ignoring exception in on_member_update
Traceback (most recent call last):
  File "/usr/local/lib/python3.12/site-packages/discord/client.py", line 465, in _run_event
    await coro(*args, **kwargs)
  File "/app/asu_discord/cogs/analytics.py", line 652, in on_member_update
    before_timeout = before.timed_out_until
                     ^^^^^^^^^^^^^^^^^^^^^^
AttributeError: 'Member' object has no attribute 'timed_out_until'
Ignoring exception in on_member_update
Traceback (most recent call last):
  File "/usr/local/lib/python3.12/site-packages/discord/client.py", line 465, in _run_event
    await coro(*args, **kwargs)
  File "/app/asu_discord/cogs/analytics.py", line 652, in on_member_update
    before_timeout = before.timed_out_until
                     ^^^^^^^^^^^^^^^^^^^^^^
AttributeError: 'Member' object has no attribute 'timed_out_until'
Ignoring exception in on_member_update
Traceback (most recent call last):
  File "/usr/local/lib/python3.12/site-packages/discord/client.py", line 465, in _run_event
    await coro(*args, **kwargs)
  File "/app/asu_discord/cogs/analytics.py", line 652, in on_member_update
    before_timeout = before.timed_out_until
                     ^^^^^^^^^^^^^^^^^^^^^^
AttributeError: 'Member' object has no attribute 'timed_out_until'
Ignoring exception in on_member_update
Traceback (most recent call last):
  File "/usr/local/lib/python3.12/site-packages/discord/client.py", line 465, in _run_event
    await coro(*args, **kwargs)
  File "/app/asu_discord/cogs/analytics.py", line 652, in on_member_update
    before_timeout = before.timed_out_until
                     ^^^^^^^^^^^^^^^^^^^^^^
AttributeError: 'Member' object has no attribute 'timed_out_until'
Ignoring exception in on_member_update
Traceback (most recent call last):
  File "/usr/local/lib/python3.12/site-packages/discord/client.py", line 465, in _run_event
    await coro(*args, **kwargs)
  File "/app/asu_discord/cogs/analytics.py", line 652, in on_member_update
    before_timeout = before.timed_out_until
                     ^^^^^^^^^^^^^^^^^^^^^^
AttributeError: 'Member' object has no attribute 'timed_out_until'
Ignoring exception in on_member_update
Traceback (most recent call last):
  File "/usr/local/lib/python3.12/site-packages/discord/client.py", line 465, in _run_event
    await coro(*args, **kwargs)
  File "/app/asu_discord/cogs/analytics.py", line 652, in on_member_update
    before_timeout = before.timed_out_until
                     ^^^^^^^^^^^^^^^^^^^^^^
AttributeError: 'Member' object has no attribute 'timed_out_until'
Ignoring exception in on_member_update
Traceback (most recent call last):
  File "/usr/local/lib/python3.12/site-packages/discord/client.py", line 465, in _run_event
    await coro(*args, **kwargs)
  File "/app/asu_discord/cogs/analytics.py", line 652, in on_member_update
    before_timeout = before.timed_out_until
                     ^^^^^^^^^^^^^^^^^^^^^^
AttributeError: 'Member' object has no attribute 'timed_out_until'
Ignoring exception in on_member_update
Traceback (most recent call last):
  File "/usr/local/lib/python3.12/site-packages/discord/client.py", line 465, in _run_event
    await coro(*args, **kwargs)
  File "/app/asu_discord/cogs/analytics.py", line 652, in on_member_update
    before_timeout = before.timed_out_until
                     ^^^^^^^^^^^^^^^^^^^^^^
AttributeError: 'Member' object has no attribute 'timed_out_until'
INFO:asu_discord.cogs.verification:Saved 6 roles to database for user zmukayev (Discord ID: 916032795753742406)
INFO:asu_discord.cogs.verification:Refreshed Salesforce roles for Discord user 916032795753742406: -6/+6 roles, assigned=[College of Liberal Arts and Sciences, Commited, International Student, Tempe, Transfer Student, Upperclassmen]
ERROR:cron.jobs:refresh_salesforce_roles: failed for msutant1 (Discord ID 300111589992955905): Failed to refresh Salesforce-based roles: Discord user 300111589992955905 is not a member of the guild
Ignoring exception in on_member_update
Traceback (most recent call last):
  File "/usr/local/lib/python3.12/site-packages/discord/client.py", line 465, in _run_event
    await coro(*args, **kwargs)
  File "/app/asu_discord/cogs/analytics.py", line 652, in on_member_update
    before_timeout = before.timed_out_until
                     ^^^^^^^^^^^^^^^^^^^^^^
AttributeError: 'Member' object has no attribute 'timed_out_until'
Ignoring exception in on_member_update
Traceback (most recent call last):
  File "/usr/local/lib/python3.12/site-packages/discord/client.py", line 465, in _run_event
    await coro(*args, **kwargs)
  File "/app/asu_discord/cogs/analytics.py", line 652, in on_member_update
    before_timeout = before.timed_out_until
                     ^^^^^^^^^^^^^^^^^^^^^^
AttributeError: 'Member' object has no attribute 'timed_out_until'
Ignoring exception in on_member_update
Traceback (most recent call last):
  File "/usr/local/lib/python3.12/site-packages/discord/client.py", line 465, in _run_event
    await coro(*args, **kwargs)
  File "/app/asu_discord/cogs/analytics.py", line 652, in on_member_update
    before_timeout = before.timed_out_until
                     ^^^^^^^^^^^^^^^^^^^^^^
AttributeError: 'Member' object has no attribute 'timed_out_until'
Ignoring exception in on_member_update
Traceback (most recent call last):
  File "/usr/local/lib/python3.12/site-packages/discord/client.py", line 465, in _run_event
    await coro(*args, **kwargs)
  File "/app/asu_discord/cogs/analytics.py", line 652, in on_member_update
    before_timeout = before.timed_out_until
                     ^^^^^^^^^^^^^^^^^^^^^^
AttributeError: 'Member' object has no attribute 'timed_out_until'
Ignoring exception in on_member_update
Traceback (most recent call last):
  File "/usr/local/lib/python3.12/site-packages/discord/client.py", line 465, in _run_event
    await coro(*args, **kwargs)
  File "/app/asu_discord/cogs/analytics.py", line 652, in on_member_update
    before_timeout = before.timed_out_until
                     ^^^^^^^^^^^^^^^^^^^^^^
AttributeError: 'Member' object has no attribute 'timed_out_until'
Ignoring exception in on_member_update
Traceback (most recent call last):
  File "/usr/local/lib/python3.12/site-packages/discord/client.py", line 465, in _run_event
    await coro(*args, **kwargs)
  File "/app/asu_discord/cogs/analytics.py", line 652, in on_member_update
    before_timeout = before.timed_out_until
                     ^^^^^^^^^^^^^^^^^^^^^^
AttributeError: 'Member' object has no attribute 'timed_out_until'
Ignoring exception in on_member_update
Traceback (most recent call last):
  File "/usr/local/lib/python3.12/site-packages/discord/client.py", line 465, in _run_event
    await coro(*args, **kwargs)
  File "/app/asu_discord/cogs/analytics.py", line 652, in on_member_update
    before_timeout = before.timed_out_until
                     ^^^^^^^^^^^^^^^^^^^^^^
AttributeError: 'Member' object has no attribute 'timed_out_until'
Ignoring exception in on_member_update
Traceback (most recent call last):
  File "/usr/local/lib/python3.12/site-packages/discord/client.py", line 465, in _run_event
    await coro(*args, **kwargs)
  File "/app/asu_discord/cogs/analytics.py", line 652, in on_member_update
    before_timeout = before.timed_out_until
                     ^^^^^^^^^^^^^^^^^^^^^^
AttributeError: 'Member' object has no attribute 'timed_out_until'
Ignoring exception in on_member_update
Traceback (most recent call last):
  File "/usr/local/lib/python3.12/site-packages/discord/client.py", line 465, in _run_event
    await coro(*args, **kwargs)
  File "/app/asu_discord/cogs/analytics.py", line 652, in on_member_update
    before_timeout = before.timed_out_until
                     ^^^^^^^^^^^^^^^^^^^^^^
AttributeError: 'Member' object has no attribute 'timed_out_until'
Ignoring exception in on_member_update
Traceback (most recent call last):
  File "/usr/local/lib/python3.12/site-packages/discord/client.py", line 465, in _run_event
    await coro(*args, **kwargs)
  File "/app/asu_discord/cogs/analytics.py", line 652, in on_member_update
    before_timeout = before.timed_out_until
                     ^^^^^^^^^^^^^^^^^^^^^^
AttributeError: 'Member' object has no attribute 'timed_out_until'
INFO:asu_discord.cogs.verification:Saved 5 roles to database for user dhuynh31 (Discord ID: 676900209527357443)
INFO:asu_discord.cogs.verification:Refreshed Salesforce roles for Discord user 676900209527357443: -5/+5 roles, assigned=[Commited, Graduate Student, International Student, Ira A. Fulton Schools of Engineering, Polytechnic]
ERROR:cron.jobs:refresh_salesforce_roles: failed for zcard (Discord ID 980392593437384724): Failed to refresh Salesforce-based roles: Discord user 980392593437384724 is not a member of the guild
Ignoring exception in on_member_update
Traceback (most recent call last):
  File "/usr/local/lib/python3.12/site-packages/discord/client.py", line 465, in _run_event
    await coro(*args, **kwargs)
  File "/app/asu_discord/cogs/analytics.py", line 652, in on_member_update
    before_timeout = before.timed_out_until
                     ^^^^^^^^^^^^^^^^^^^^^^
AttributeError: 'Member' object has no attribute 'timed_out_until'
Ignoring exception in on_member_update
Traceback (most recent call last):
  File "/usr/local/lib/python3.12/site-packages/discord/client.py", line 465, in _run_event
    await coro(*args, **kwargs)
  File "/app/asu_discord/cogs/analytics.py", line 652, in on_member_update
    before_timeout = before.timed_out_until
                     ^^^^^^^^^^^^^^^^^^^^^^
AttributeError: 'Member' object has no attribute 'timed_out_until'
Ignoring exception in on_member_update
Traceback (most recent call last):
  File "/usr/local/lib/python3.12/site-packages/discord/client.py", line 465, in _run_event
    await coro(*args, **kwargs)
  File "/app/asu_discord/cogs/analytics.py", line 652, in on_member_update
    before_timeout = before.timed_out_until
                     ^^^^^^^^^^^^^^^^^^^^^^
AttributeError: 'Member' object has no attribute 'timed_out_until'
Ignoring exception in on_member_update
Traceback (most recent call last):
  File "/usr/local/lib/python3.12/site-packages/discord/client.py", line 465, in _run_event
    await coro(*args, **kwargs)
  File "/app/asu_discord/cogs/analytics.py", line 652, in on_member_update
    before_timeout = before.timed_out_until
                     ^^^^^^^^^^^^^^^^^^^^^^
AttributeError: 'Member' object has no attribute 'timed_out_until'
Ignoring exception in on_member_update
Traceback (most recent call last):
  File "/usr/local/lib/python3.12/site-packages/discord/client.py", line 465, in _run_event
    await coro(*args, **kwargs)
  File "/app/asu_discord/cogs/analytics.py", line 652, in on_member_update
    before_timeout = before.timed_out_until
                     ^^^^^^^^^^^^^^^^^^^^^^
AttributeError: 'Member' object has no attribute 'timed_out_until'
Ignoring exception in on_member_update
Traceback (most recent call last):
  File "/usr/local/lib/python3.12/site-packages/discord/client.py", line 465, in _run_event
    await coro(*args, **kwargs)
  File "/app/asu_discord/cogs/analytics.py", line 652, in on_member_update
    before_timeout = before.timed_out_until
                     ^^^^^^^^^^^^^^^^^^^^^^
AttributeError: 'Member' object has no attribute 'timed_out_until'
Ignoring exception in on_member_update
Traceback (most recent call last):
  File "/usr/local/lib/python3.12/site-packages/discord/client.py", line 465, in _run_event
    await coro(*args, **kwargs)
  File "/app/asu_discord/cogs/analytics.py", line 652, in on_member_update
    before_timeout = before.timed_out_until
                     ^^^^^^^^^^^^^^^^^^^^^^
AttributeError: 'Member' object has no attribute 'timed_out_until'
Ignoring exception in on_member_update
Traceback (most recent call last):
  File "/usr/local/lib/python3.12/site-packages/discord/client.py", line 465, in _run_event
    await coro(*args, **kwargs)
  File "/app/asu_discord/cogs/analytics.py", line 652, in on_member_update
    before_timeout = before.timed_out_until
                     ^^^^^^^^^^^^^^^^^^^^^^
AttributeError: 'Member' object has no attribute 'timed_out_until'
Ignoring exception in on_member_update
Traceback (most recent call last):
  File "/usr/local/lib/python3.12/site-packages/discord/client.py", line 465, in _run_event
    await coro(*args, **kwargs)
  File "/app/asu_discord/cogs/analytics.py", line 652, in on_member_update
    before_timeout = before.timed_out_until
                     ^^^^^^^^^^^^^^^^^^^^^^
AttributeError: 'Member' object has no attribute 'timed_out_until'
Ignoring exception in on_member_update
Traceback (most recent call last):
  File "/usr/local/lib/python3.12/site-packages/discord/client.py", line 465, in _run_event
    await coro(*args, **kwargs)
  File "/app/asu_discord/cogs/analytics.py", line 652, in on_member_update
    before_timeout = before.timed_out_until
                     ^^^^^^^^^^^^^^^^^^^^^^
AttributeError: 'Member' object has no attribute 'timed_out_until'
INFO:asu_discord.cogs.verification:Saved 5 roles to database for user aaachar (Discord ID: 768153169971904583)
INFO:asu_discord.cogs.verification:Refreshed Salesforce roles for Discord user 768153169971904583: -5/+5 roles, assigned=[Arizona Resident, Commited, First Year, Ira A. Fulton Schools of Engineering, Tempe]
Ignoring exception in on_member_update
Traceback (most recent call last):
  File "/usr/local/lib/python3.12/site-packages/discord/client.py", line 465, in _run_event
    await coro(*args, **kwargs)
  File "/app/asu_discord/cogs/analytics.py", line 652, in on_member_update
    before_timeout = before.timed_out_until
                     ^^^^^^^^^^^^^^^^^^^^^^
AttributeError: 'Member' object has no attribute 'timed_out_until'
Ignoring exception in on_member_update
Traceback (most recent call last):
  File "/usr/local/lib/python3.12/site-packages/discord/client.py", line 465, in _run_event
    await coro(*args, **kwargs)
  File "/app/asu_discord/cogs/analytics.py", line 652, in on_member_update
    before_timeout = before.timed_out_until
                     ^^^^^^^^^^^^^^^^^^^^^^
AttributeError: 'Member' object has no attribute 'timed_out_until'
Ignoring exception in on_member_update
Traceback (most recent call last):
  File "/usr/local/lib/python3.12/site-packages/discord/client.py", line 465, in _run_event
    await coro(*args, **kwargs)
  File "/app/asu_discord/cogs/analytics.py", line 652, in on_member_update
    before_timeout = before.timed_out_until
                     ^^^^^^^^^^^^^^^^^^^^^^
AttributeError: 'Member' object has no attribute 'timed_out_until'
Ignoring exception in on_member_update
Traceback (most recent call last):
  File "/usr/local/lib/python3.12/site-packages/discord/client.py", line 465, in _run_event
    await coro(*args, **kwargs)
  File "/app/asu_discord/cogs/analytics.py", line 652, in on_member_update
    before_timeout = before.timed_out_until
                     ^^^^^^^^^^^^^^^^^^^^^^
AttributeError: 'Member' object has no attribute 'timed_out_until'
Ignoring exception in on_member_update
Traceback (most recent call last):
  File "/usr/local/lib/python3.12/site-packages/discord/client.py", line 465, in _run_event
    await coro(*args, **kwargs)
  File "/app/asu_discord/cogs/analytics.py", line 652, in on_member_update
    before_timeout = before.timed_out_until
                     ^^^^^^^^^^^^^^^^^^^^^^
AttributeError: 'Member' object has no attribute 'timed_out_until'
Ignoring exception in on_member_update
Traceback (most recent call last):
  File "/usr/local/lib/python3.12/site-packages/discord/client.py", line 465, in _run_event
    await coro(*args, **kwargs)
  File "/app/asu_discord/cogs/analytics.py", line 652, in on_member_update
    before_timeout = before.timed_out_until
                     ^^^^^^^^^^^^^^^^^^^^^^
AttributeError: 'Member' object has no attribute 'timed_out_until'
Ignoring exception in on_member_update
Traceback (most recent call last):
  File "/usr/local/lib/python3.12/site-packages/discord/client.py", line 465, in _run_event
    await coro(*args, **kwargs)
  File "/app/asu_discord/cogs/analytics.py", line 652, in on_member_update
    before_timeout = before.timed_out_until
                     ^^^^^^^^^^^^^^^^^^^^^^
AttributeError: 'Member' object has no attribute 'timed_out_until'
Ignoring exception in on_member_update
Traceback (most recent call last):
  File "/usr/local/lib/python3.12/site-packages/discord/client.py", line 465, in _run_event
    await coro(*args, **kwargs)
  File "/app/asu_discord/cogs/analytics.py", line 652, in on_member_update
    before_timeout = before.timed_out_until
                     ^^^^^^^^^^^^^^^^^^^^^^
AttributeError: 'Member' object has no attribute 'timed_out_until'
Ignoring exception in on_member_update
Traceback (most recent call last):
  File "/usr/local/lib/python3.12/site-packages/discord/client.py", line 465, in _run_event
    await coro(*args, **kwargs)
  File "/app/asu_discord/cogs/analytics.py", line 652, in on_member_update
    before_timeout = before.timed_out_until
                     ^^^^^^^^^^^^^^^^^^^^^^
AttributeError: 'Member' object has no attribute 'timed_out_until'
Ignoring exception in on_member_update
Traceback (most recent call last):
  File "/usr/local/lib/python3.12/site-packages/discord/client.py", line 465, in _run_event
    await coro(*args, **kwargs)
  File "/app/asu_discord/cogs/analytics.py", line 652, in on_member_update
    before_timeout = before.timed_out_until
                     ^^^^^^^^^^^^^^^^^^^^^^
AttributeError: 'Member' object has no attribute 'timed_out_until'
INFO:asu_discord.cogs.verification:Saved 5 roles to database for user ajdilla2 (Discord ID: 698356275129614399)
INFO:asu_discord.cogs.verification:Refreshed Salesforce roles for Discord user 698356275129614399: -5/+5 roles, assigned=[College of Liberal Arts and Sciences, First Generation Student, Out of State, Tempe, Transfer Student]
Ignoring exception in on_member_update
Traceback (most recent call last):
  File "/usr/local/lib/python3.12/site-packages/discord/client.py", line 465, in _run_event
    await coro(*args, **kwargs)
  File "/app/asu_discord/cogs/analytics.py", line 652, in on_member_update
    before_timeout = before.timed_out_until
                     ^^^^^^^^^^^^^^^^^^^^^^
AttributeError: 'Member' object has no attribute 'timed_out_until'
Ignoring exception in on_member_update
Traceback (most recent call last):
  File "/usr/local/lib/python3.12/site-packages/discord/client.py", line 465, in _run_event
    await coro(*args, **kwargs)
  File "/app/asu_discord/cogs/analytics.py", line 652, in on_member_update
    before_timeout = before.timed_out_until
                     ^^^^^^^^^^^^^^^^^^^^^^
AttributeError: 'Member' object has no attribute 'timed_out_until'
Ignoring exception in on_member_update
Traceback (most recent call last):
  File "/usr/local/lib/python3.12/site-packages/discord/client.py", line 465, in _run_event
    await coro(*args, **kwargs)
  File "/app/asu_discord/cogs/analytics.py", line 652, in on_member_update
    before_timeout = before.timed_out_until
                     ^^^^^^^^^^^^^^^^^^^^^^
AttributeError: 'Member' object has no attribute 'timed_out_until'
Ignoring exception in on_member_update
Traceback (most recent call last):
  File "/usr/local/lib/python3.12/site-packages/discord/client.py", line 465, in _run_event
    await coro(*args, **kwargs)
  File "/app/asu_discord/cogs/analytics.py", line 652, in on_member_update
    before_timeout = before.timed_out_until
                     ^^^^^^^^^^^^^^^^^^^^^^
AttributeError: 'Member' object has no attribute 'timed_out_until'
Ignoring exception in on_member_update
Traceback (most recent call last):
  File "/usr/local/lib/python3.12/site-packages/discord/client.py", line 465, in _run_event
    await coro(*args, **kwargs)
  File "/app/asu_discord/cogs/analytics.py", line 652, in on_member_update
    before_timeout = before.timed_out_until
                     ^^^^^^^^^^^^^^^^^^^^^^
AttributeError: 'Member' object has no attribute 'timed_out_until'
Ignoring exception in on_member_update
Traceback (most recent call last):
  File "/usr/local/lib/python3.12/site-packages/discord/client.py", line 465, in _run_event
    await coro(*args, **kwargs)
  File "/app/asu_discord/cogs/analytics.py", line 652, in on_member_update
    before_timeout = before.timed_out_until
                     ^^^^^^^^^^^^^^^^^^^^^^
AttributeError: 'Member' object has no attribute 'timed_out_until'
Ignoring exception in on_member_update
Traceback (most recent call last):
  File "/usr/local/lib/python3.12/site-packages/discord/client.py", line 465, in _run_event
    await coro(*args, **kwargs)
  File "/app/asu_discord/cogs/analytics.py", line 652, in on_member_update
    before_timeout = before.timed_out_until
                     ^^^^^^^^^^^^^^^^^^^^^^
AttributeError: 'Member' object has no attribute 'timed_out_until'
Ignoring exception in on_member_update
Traceback (most recent call last):
  File "/usr/local/lib/python3.12/site-packages/discord/client.py", line 465, in _run_event
    await coro(*args, **kwargs)
  File "/app/asu_discord/cogs/analytics.py", line 652, in on_member_update
    before_timeout = before.timed_out_until
                     ^^^^^^^^^^^^^^^^^^^^^^
AttributeError: 'Member' object has no attribute 'timed_out_until'
Ignoring exception in on_member_update
Traceback (most recent call last):
  File "/usr/local/lib/python3.12/site-packages/discord/client.py", line 465, in _run_event
    await coro(*args, **kwargs)
  File "/app/asu_discord/cogs/analytics.py", line 652, in on_member_update
    before_timeout = before.timed_out_until
                     ^^^^^^^^^^^^^^^^^^^^^^
AttributeError: 'Member' object has no attribute 'timed_out_until'
Ignoring exception in on_member_update
Traceback (most recent call last):
  File "/usr/local/lib/python3.12/site-packages/discord/client.py", line 465, in _run_event
    await coro(*args, **kwargs)
  File "/app/asu_discord/cogs/analytics.py", line 652, in on_member_update
    before_timeout = before.timed_out_until
                     ^^^^^^^^^^^^^^^^^^^^^^
AttributeError: 'Member' object has no attribute 'timed_out_until'
ERROR:cron.jobs:refresh_salesforce_roles: failed for jhglass (Discord ID 566629346270511104): Timed out refresh Salesforce-based roles
Ignoring exception in on_member_update
Traceback (most recent call last):
  File "/usr/local/lib/python3.12/site-packages/discord/client.py", line 465, in _run_event
    await coro(*args, **kwargs)
  File "/app/asu_discord/cogs/analytics.py", line 652, in on_member_update
    before_timeout = before.timed_out_until
                     ^^^^^^^^^^^^^^^^^^^^^^
AttributeError: 'Member' object has no attribute 'timed_out_until'
Ignoring exception in on_member_update
Traceback (most recent call last):
  File "/usr/local/lib/python3.12/site-packages/discord/client.py", line 465, in _run_event
    await coro(*args, **kwargs)
  File "/app/asu_discord/cogs/analytics.py", line 652, in on_member_update
    before_timeout = before.timed_out_until
                     ^^^^^^^^^^^^^^^^^^^^^^
AttributeError: 'Member' object has no attribute 'timed_out_until'
Ignoring exception in on_member_update
Traceback (most recent call last):
  File "/usr/local/lib/python3.12/site-packages/discord/client.py", line 465, in _run_event
    await coro(*args, **kwargs)
  File "/app/asu_discord/cogs/analytics.py", line 652, in on_member_update
    before_timeout = before.timed_out_until
                     ^^^^^^^^^^^^^^^^^^^^^^
AttributeError: 'Member' object has no attribute 'timed_out_until'
Ignoring exception in on_member_update
Traceback (most recent call last):
  File "/usr/local/lib/python3.12/site-packages/discord/client.py", line 465, in _run_event
    await coro(*args, **kwargs)
  File "/app/asu_discord/cogs/analytics.py", line 652, in on_member_update
    before_timeout = before.timed_out_until
                     ^^^^^^^^^^^^^^^^^^^^^^
AttributeError: 'Member' object has no attribute 'timed_out_until'
Ignoring exception in on_member_update
Traceback (most recent call last):
  File "/usr/local/lib/python3.12/site-packages/discord/client.py", line 465, in _run_event
    await coro(*args, **kwargs)
  File "/app/asu_discord/cogs/analytics.py", line 652, in on_member_update
    before_timeout = before.timed_out_until
                     ^^^^^^^^^^^^^^^^^^^^^^
AttributeError: 'Member' object has no attribute 'timed_out_until'
Ignoring exception in on_member_update
Traceback (most recent call last):
  File "/usr/local/lib/python3.12/site-packages/discord/client.py", line 465, in _run_event
    await coro(*args, **kwargs)
  File "/app/asu_discord/cogs/analytics.py", line 652, in on_member_update
    before_timeout = before.timed_out_until
                     ^^^^^^^^^^^^^^^^^^^^^^
AttributeError: 'Member' object has no attribute 'timed_out_until'
Ignoring exception in on_member_update
Traceback (most recent call last):
  File "/usr/local/lib/python3.12/site-packages/discord/client.py", line 465, in _run_event
    await coro(*args, **kwargs)
  File "/app/asu_discord/cogs/analytics.py", line 652, in on_member_update
    before_timeout = before.timed_out_until
                     ^^^^^^^^^^^^^^^^^^^^^^
AttributeError: 'Member' object has no attribute 'timed_out_until'
Ignoring exception in on_member_update
Traceback (most recent call last):
  File "/usr/local/lib/python3.12/site-packages/discord/client.py", line 465, in _run_event
    await coro(*args, **kwargs)
  File "/app/asu_discord/cogs/analytics.py", line 652, in on_member_update
    before_timeout = before.timed_out_until
                     ^^^^^^^^^^^^^^^^^^^^^^
AttributeError: 'Member' object has no attribute 'timed_out_until'
Ignoring exception in on_member_update
Traceback (most recent call last):
  File "/usr/local/lib/python3.12/site-packages/discord/client.py", line 465, in _run_event
    await coro(*args, **kwargs)
  File "/app/asu_discord/cogs/analytics.py", line 652, in on_member_update
    before_timeout = before.timed_out_until
                     ^^^^^^^^^^^^^^^^^^^^^^
AttributeError: 'Member' object has no attribute 'timed_out_until'
Ignoring exception in on_member_update
Traceback (most recent call last):
  File "/usr/local/lib/python3.12/site-packages/discord/client.py", line 465, in _run_event
    await coro(*args, **kwargs)
  File "/app/asu_discord/cogs/analytics.py", line 652, in on_member_update
    before_timeout = before.timed_out_until
                     ^^^^^^^^^^^^^^^^^^^^^^
AttributeError: 'Member' object has no attribute 'timed_out_until'
ERROR:cron.jobs:refresh_salesforce_roles: failed for wlafont (Discord ID 692118188762333304): Timed out refresh Salesforce-based roles
Ignoring exception in on_member_update
Traceback (most recent call last):
  File "/usr/local/lib/python3.12/site-packages/discord/client.py", line 465, in _run_event
    await coro(*args, **kwargs)
  File "/app/asu_discord/cogs/analytics.py", line 652, in on_member_update
    before_timeout = before.timed_out_until
                     ^^^^^^^^^^^^^^^^^^^^^^
AttributeError: 'Member' object has no attribute 'timed_out_until'
Ignoring exception in on_member_update
Traceback (most recent call last):
  File "/usr/local/lib/python3.12/site-packages/discord/client.py", line 465, in _run_event
    await coro(*args, **kwargs)
  File "/app/asu_discord/cogs/analytics.py", line 652, in on_member_update
    before_timeout = before.timed_out_until
                     ^^^^^^^^^^^^^^^^^^^^^^
AttributeError: 'Member' object has no attribute 'timed_out_until'
Ignoring exception in on_member_update
Traceback (most recent call last):
  File "/usr/local/lib/python3.12/site-packages/discord/client.py", line 465, in _run_event
    await coro(*args, **kwargs)
  File "/app/asu_discord/cogs/analytics.py", line 652, in on_member_update
    before_timeout = before.timed_out_until
                     ^^^^^^^^^^^^^^^^^^^^^^
AttributeError: 'Member' object has no attribute 'timed_out_until'
Ignoring exception in on_member_update
Traceback (most recent call last):
  File "/usr/local/lib/python3.12/site-packages/discord/client.py", line 465, in _run_event
    await coro(*args, **kwargs)
  File "/app/asu_discord/cogs/analytics.py", line 652, in on_member_update
    before_timeout = before.timed_out_until
                     ^^^^^^^^^^^^^^^^^^^^^^
AttributeError: 'Member' object has no attribute 'timed_out_until'
Ignoring exception in on_member_update
Traceback (most recent call last):
  File "/usr/local/lib/python3.12/site-packages/discord/client.py", line 465, in _run_event
    await coro(*args, **kwargs)
  File "/app/asu_discord/cogs/analytics.py", line 652, in on_member_update
    before_timeout = before.timed_out_until
                     ^^^^^^^^^^^^^^^^^^^^^^
AttributeError: 'Member' object has no attribute 'timed_out_until'
Ignoring exception in on_member_update
Traceback (most recent call last):
  File "/usr/local/lib/python3.12/site-packages/discord/client.py", line 465, in _run_event
    await coro(*args, **kwargs)
  File "/app/asu_discord/cogs/analytics.py", line 652, in on_member_update
    before_timeout = before.timed_out_until
                     ^^^^^^^^^^^^^^^^^^^^^^
AttributeError: 'Member' object has no attribute 'timed_out_until'
Ignoring exception in on_member_update
Traceback (most recent call last):
  File "/usr/local/lib/python3.12/site-packages/discord/client.py", line 465, in _run_event
    await coro(*args, **kwargs)
  File "/app/asu_discord/cogs/analytics.py", line 652, in on_member_update
    before_timeout = before.timed_out_until
                     ^^^^^^^^^^^^^^^^^^^^^^
AttributeError: 'Member' object has no attribute 'timed_out_until'
Ignoring exception in on_member_update
Traceback (most recent call last):
  File "/usr/local/lib/python3.12/site-packages/discord/client.py", line 465, in _run_event
    await coro(*args, **kwargs)
  File "/app/asu_discord/cogs/analytics.py", line 652, in on_member_update
    before_timeout = before.timed_out_until
                     ^^^^^^^^^^^^^^^^^^^^^^
AttributeError: 'Member' object has no attribute 'timed_out_until'
Ignoring exception in on_member_update
Traceback (most recent call last):
  File "/usr/local/lib/python3.12/site-packages/discord/client.py", line 465, in _run_event
    await coro(*args, **kwargs)
  File "/app/asu_discord/cogs/analytics.py", line 652, in on_member_update
    before_timeout = before.timed_out_until
                     ^^^^^^^^^^^^^^^^^^^^^^
AttributeError: 'Member' object has no attribute 'timed_out_until'
Ignoring exception in on_member_update
Traceback (most recent call last):
  File "/usr/local/lib/python3.12/site-packages/discord/client.py", line 465, in _run_event
    await coro(*args, **kwargs)
  File "/app/asu_discord/cogs/analytics.py", line 652, in on_member_update
    before_timeout = before.timed_out_until
                     ^^^^^^^^^^^^^^^^^^^^^^
AttributeError: 'Member' object has no attribute 'timed_out_until'
INFO:asu_discord.cogs.verification:Saved 5 roles to database for user ncramir6 (Discord ID: 620043574930571288)
INFO:asu_discord.cogs.verification:Refreshed Salesforce roles for Discord user 620043574930571288: -5/+5 roles, assigned=[Commited, Edson College of Nursing and Health Innovation, First Year, Out of State, West Valley]
Ignoring exception in on_member_update
Traceback (most recent call last):
  File "/usr/local/lib/python3.12/site-packages/discord/client.py", line 465, in _run_event
    await coro(*args, **kwargs)
  File "/app/asu_discord/cogs/analytics.py", line 652, in on_member_update
    before_timeout = before.timed_out_until
                     ^^^^^^^^^^^^^^^^^^^^^^
AttributeError: 'Member' object has no attribute 'timed_out_until'
Ignoring exception in on_member_update
Traceback (most recent call last):
  File "/usr/local/lib/python3.12/site-packages/discord/client.py", line 465, in _run_event
    await coro(*args, **kwargs)
  File "/app/asu_discord/cogs/analytics.py", line 652, in on_member_update
    before_timeout = before.timed_out_until
                     ^^^^^^^^^^^^^^^^^^^^^^
AttributeError: 'Member' object has no attribute 'timed_out_until'
Ignoring exception in on_member_update
Traceback (most recent call last):
  File "/usr/local/lib/python3.12/site-packages/discord/client.py", line 465, in _run_event
    await coro(*args, **kwargs)
  File "/app/asu_discord/cogs/analytics.py", line 652, in on_member_update
    before_timeout = before.timed_out_until
                     ^^^^^^^^^^^^^^^^^^^^^^
AttributeError: 'Member' object has no attribute 'timed_out_until'
Ignoring exception in on_member_update
Traceback (most recent call last):
  File "/usr/local/lib/python3.12/site-packages/discord/client.py", line 465, in _run_event
    await coro(*args, **kwargs)
  File "/app/asu_discord/cogs/analytics.py", line 652, in on_member_update
    before_timeout = before.timed_out_until
                     ^^^^^^^^^^^^^^^^^^^^^^
AttributeError: 'Member' object has no attribute 'timed_out_until'
Ignoring exception in on_member_update
Traceback (most recent call last):
  File "/usr/local/lib/python3.12/site-packages/discord/client.py", line 465, in _run_event
    await coro(*args, **kwargs)
  File "/app/asu_discord/cogs/analytics.py", line 652, in on_member_update
    before_timeout = before.timed_out_until
                     ^^^^^^^^^^^^^^^^^^^^^^
AttributeError: 'Member' object has no attribute 'timed_out_until'
Ignoring exception in on_member_update
Traceback (most recent call last):
  File "/usr/local/lib/python3.12/site-packages/discord/client.py", line 465, in _run_event
    await coro(*args, **kwargs)
  File "/app/asu_discord/cogs/analytics.py", line 652, in on_member_update
    before_timeout = before.timed_out_until
                     ^^^^^^^^^^^^^^^^^^^^^^
AttributeError: 'Member' object has no attribute 'timed_out_until'
Ignoring exception in on_member_update
Traceback (most recent call last):
  File "/usr/local/lib/python3.12/site-packages/discord/client.py", line 465, in _run_event
    await coro(*args, **kwargs)
  File "/app/asu_discord/cogs/analytics.py", line 652, in on_member_update
    before_timeout = before.timed_out_until
                     ^^^^^^^^^^^^^^^^^^^^^^
AttributeError: 'Member' object has no attribute 'timed_out_until'
Ignoring exception in on_member_update
Traceback (most recent call last):
  File "/usr/local/lib/python3.12/site-packages/discord/client.py", line 465, in _run_event
    await coro(*args, **kwargs)
  File "/app/asu_discord/cogs/analytics.py", line 652, in on_member_update
    before_timeout = before.timed_out_until
                     ^^^^^^^^^^^^^^^^^^^^^^
AttributeError: 'Member' object has no attribute 'timed_out_until'
INFO:asu_discord.cogs.verification:Saved 4 roles to database for user kalkaab5 (Discord ID: 676737045452029952)
INFO:asu_discord.cogs.verification:Refreshed Salesforce roles for Discord user 676737045452029952: -4/+4 roles, assigned=[First Year, International Student, Tempe, W.P. Carey School of Business]
Ignoring exception in on_member_update
Traceback (most recent call last):
  File "/usr/local/lib/python3.12/site-packages/discord/client.py", line 465, in _run_event
    await coro(*args, **kwargs)
  File "/app/asu_discord/cogs/analytics.py", line 652, in on_member_update
    before_timeout = before.timed_out_until
                     ^^^^^^^^^^^^^^^^^^^^^^
AttributeError: 'Member' object has no attribute 'timed_out_until'
Ignoring exception in on_member_update
Traceback (most recent call last):
  File "/usr/local/lib/python3.12/site-packages/discord/client.py", line 465, in _run_event
    await coro(*args, **kwargs)
  File "/app/asu_discord/cogs/analytics.py", line 652, in on_member_update
    before_timeout = before.timed_out_until
                     ^^^^^^^^^^^^^^^^^^^^^^
AttributeError: 'Member' object has no attribute 'timed_out_until'
Ignoring exception in on_member_update
Traceback (most recent call last):
  File "/usr/local/lib/python3.12/site-packages/discord/client.py", line 465, in _run_event
    await coro(*args, **kwargs)
  File "/app/asu_discord/cogs/analytics.py", line 652, in on_member_update
    before_timeout = before.timed_out_until
                     ^^^^^^^^^^^^^^^^^^^^^^
AttributeError: 'Member' object has no attribute 'timed_out_until'
Ignoring exception in on_member_update
Traceback (most recent call last):
  File "/usr/local/lib/python3.12/site-packages/discord/client.py", line 465, in _run_event
    await coro(*args, **kwargs)
  File "/app/asu_discord/cogs/analytics.py", line 652, in on_member_update
    before_timeout = before.timed_out_until
                     ^^^^^^^^^^^^^^^^^^^^^^
AttributeError: 'Member' object has no attribute 'timed_out_until'
Ignoring exception in on_member_update
Traceback (most recent call last):
  File "/usr/local/lib/python3.12/site-packages/discord/client.py", line 465, in _run_event
    await coro(*args, **kwargs)
  File "/app/asu_discord/cogs/analytics.py", line 652, in on_member_update
    before_timeout = before.timed_out_until
                     ^^^^^^^^^^^^^^^^^^^^^^
AttributeError: 'Member' object has no attribute 'timed_out_until'
Ignoring exception in on_member_update
Traceback (most recent call last):
  File "/usr/local/lib/python3.12/site-packages/discord/client.py", line 465, in _run_event
    await coro(*args, **kwargs)
  File "/app/asu_discord/cogs/analytics.py", line 652, in on_member_update
    before_timeout = before.timed_out_until
                     ^^^^^^^^^^^^^^^^^^^^^^
AttributeError: 'Member' object has no attribute 'timed_out_until'
Ignoring exception in on_member_update
Traceback (most recent call last):
  File "/usr/local/lib/python3.12/site-packages/discord/client.py", line 465, in _run_event
    await coro(*args, **kwargs)
  File "/app/asu_discord/cogs/analytics.py", line 652, in on_member_update
    before_timeout = before.timed_out_until
                     ^^^^^^^^^^^^^^^^^^^^^^
AttributeError: 'Member' object has no attribute 'timed_out_until'
Ignoring exception in on_member_update
Traceback (most recent call last):
  File "/usr/local/lib/python3.12/site-packages/discord/client.py", line 465, in _run_event
    await coro(*args, **kwargs)
  File "/app/asu_discord/cogs/analytics.py", line 652, in on_member_update
    before_timeout = before.timed_out_until
                     ^^^^^^^^^^^^^^^^^^^^^^
AttributeError: 'Member' object has no attribute 'timed_out_until'
Ignoring exception in on_member_update
Traceback (most recent call last):
  File "/usr/local/lib/python3.12/site-packages/discord/client.py", line 465, in _run_event
    await coro(*args, **kwargs)
  File "/app/asu_discord/cogs/analytics.py", line 652, in on_member_update
    before_timeout = before.timed_out_until
                     ^^^^^^^^^^^^^^^^^^^^^^
AttributeError: 'Member' object has no attribute 'timed_out_until'
Ignoring exception in on_member_update
Traceback (most recent call last):
  File "/usr/local/lib/python3.12/site-packages/discord/client.py", line 465, in _run_event
    await coro(*args, **kwargs)
  File "/app/asu_discord/cogs/analytics.py", line 652, in on_member_update
    before_timeout = before.timed_out_until
                     ^^^^^^^^^^^^^^^^^^^^^^
AttributeError: 'Member' object has no attribute 'timed_out_until'
INFO:asu_discord.cogs.verification:Saved 5 roles to database for user mfigue65 (Discord ID: 689557496540823764)
INFO:asu_discord.cogs.verification:Refreshed Salesforce roles for Discord user 689557496540823764: -5/+5 roles, assigned=[Commited, Graduate Student, International Student, Ira A. Fulton Schools of Engineering, Tempe]
Ignoring exception in on_member_update
Traceback (most recent call last):
  File "/usr/local/lib/python3.12/site-packages/discord/client.py", line 465, in _run_event
    await coro(*args, **kwargs)
  File "/app/asu_discord/cogs/analytics.py", line 652, in on_member_update
    before_timeout = before.timed_out_until
                     ^^^^^^^^^^^^^^^^^^^^^^
AttributeError: 'Member' object has no attribute 'timed_out_until'
Ignoring exception in on_member_update
Traceback (most recent call last):
  File "/usr/local/lib/python3.12/site-packages/discord/client.py", line 465, in _run_event
    await coro(*args, **kwargs)
  File "/app/asu_discord/cogs/analytics.py", line 652, in on_member_update
    before_timeout = before.timed_out_until
                     ^^^^^^^^^^^^^^^^^^^^^^
AttributeError: 'Member' object has no attribute 'timed_out_until'
Ignoring exception in on_member_update
Traceback (most recent call last):
  File "/usr/local/lib/python3.12/site-packages/discord/client.py", line 465, in _run_event
    await coro(*args, **kwargs)
  File "/app/asu_discord/cogs/analytics.py", line 652, in on_member_update
    before_timeout = before.timed_out_until
                     ^^^^^^^^^^^^^^^^^^^^^^
AttributeError: 'Member' object has no attribute 'timed_out_until'
Ignoring exception in on_member_update
Traceback (most recent call last):
  File "/usr/local/lib/python3.12/site-packages/discord/client.py", line 465, in _run_event
    await coro(*args, **kwargs)
  File "/app/asu_discord/cogs/analytics.py", line 652, in on_member_update
    before_timeout = before.timed_out_until
                     ^^^^^^^^^^^^^^^^^^^^^^
AttributeError: 'Member' object has no attribute 'timed_out_until'
Ignoring exception in on_member_update
Traceback (most recent call last):
  File "/usr/local/lib/python3.12/site-packages/discord/client.py", line 465, in _run_event
    await coro(*args, **kwargs)
  File "/app/asu_discord/cogs/analytics.py", line 652, in on_member_update
    before_timeout = before.timed_out_until
                     ^^^^^^^^^^^^^^^^^^^^^^
AttributeError: 'Member' object has no attribute 'timed_out_until'
Ignoring exception in on_member_update
Traceback (most recent call last):
  File "/usr/local/lib/python3.12/site-packages/discord/client.py", line 465, in _run_event
    await coro(*args, **kwargs)
  File "/app/asu_discord/cogs/analytics.py", line 652, in on_member_update
    before_timeout = before.timed_out_until
                     ^^^^^^^^^^^^^^^^^^^^^^
AttributeError: 'Member' object has no attribute 'timed_out_until'
Ignoring exception in on_member_update
Traceback (most recent call last):
  File "/usr/local/lib/python3.12/site-packages/discord/client.py", line 465, in _run_event
    await coro(*args, **kwargs)
  File "/app/asu_discord/cogs/analytics.py", line 652, in on_member_update
    before_timeout = before.timed_out_until
                     ^^^^^^^^^^^^^^^^^^^^^^
AttributeError: 'Member' object has no attribute 'timed_out_until'
Ignoring exception in on_member_update
Traceback (most recent call last):
  File "/usr/local/lib/python3.12/site-packages/discord/client.py", line 465, in _run_event
    await coro(*args, **kwargs)
  File "/app/asu_discord/cogs/analytics.py", line 652, in on_member_update
    before_timeout = before.timed_out_until
                     ^^^^^^^^^^^^^^^^^^^^^^
AttributeError: 'Member' object has no attribute 'timed_out_until'
Ignoring exception in on_member_update
Traceback (most recent call last):
  File "/usr/local/lib/python3.12/site-packages/discord/client.py", line 465, in _run_event
    await coro(*args, **kwargs)
  File "/app/asu_discord/cogs/analytics.py", line 652, in on_member_update
    before_timeout = before.timed_out_until
                     ^^^^^^^^^^^^^^^^^^^^^^
AttributeError: 'Member' object has no attribute 'timed_out_until'
Ignoring exception in on_member_update
Traceback (most recent call last):
  File "/usr/local/lib/python3.12/site-packages/discord/client.py", line 465, in _run_event
    await coro(*args, **kwargs)
  File "/app/asu_discord/cogs/analytics.py", line 652, in on_member_update
    before_timeout = before.timed_out_until
                     ^^^^^^^^^^^^^^^^^^^^^^
AttributeError: 'Member' object has no attribute 'timed_out_until'
INFO:asu_discord.cogs.verification:Saved 5 roles to database for user aelevin (Discord ID: 1503576605505880154)
INFO:asu_discord.cogs.verification:Refreshed Salesforce roles for Discord user 1503576605505880154: -5/+5 roles, assigned=[Commited, First Year, Out of State, Tempe, W.P. Carey School of Business]
Ignoring exception in on_member_update
Traceback (most recent call last):
  File "/usr/local/lib/python3.12/site-packages/discord/client.py", line 465, in _run_event
    await coro(*args, **kwargs)
  File "/app/asu_discord/cogs/analytics.py", line 652, in on_member_update
    before_timeout = before.timed_out_until
                     ^^^^^^^^^^^^^^^^^^^^^^
AttributeError: 'Member' object has no attribute 'timed_out_until'
Ignoring exception in on_member_update
Traceback (most recent call last):
  File "/usr/local/lib/python3.12/site-packages/discord/client.py", line 465, in _run_event
    await coro(*args, **kwargs)
  File "/app/asu_discord/cogs/analytics.py", line 652, in on_member_update
    before_timeout = before.timed_out_until
                     ^^^^^^^^^^^^^^^^^^^^^^
AttributeError: 'Member' object has no attribute 'timed_out_until'
Ignoring exception in on_member_update
Traceback (most recent call last):
  File "/usr/local/lib/python3.12/site-packages/discord/client.py", line 465, in _run_event
    await coro(*args, **kwargs)
  File "/app/asu_discord/cogs/analytics.py", line 652, in on_member_update
    before_timeout = before.timed_out_until
                     ^^^^^^^^^^^^^^^^^^^^^^
AttributeError: 'Member' object has no attribute 'timed_out_until'
Ignoring exception in on_member_update
Traceback (most recent call last):
  File "/usr/local/lib/python3.12/site-packages/discord/client.py", line 465, in _run_event
    await coro(*args, **kwargs)
  File "/app/asu_discord/cogs/analytics.py", line 652, in on_member_update
    before_timeout = before.timed_out_until
                     ^^^^^^^^^^^^^^^^^^^^^^
AttributeError: 'Member' object has no attribute 'timed_out_until'
Ignoring exception in on_member_update
Traceback (most recent call last):
  File "/usr/local/lib/python3.12/site-packages/discord/client.py", line 465, in _run_event
    await coro(*args, **kwargs)
  File "/app/asu_discord/cogs/analytics.py", line 652, in on_member_update
    before_timeout = before.timed_out_until
                     ^^^^^^^^^^^^^^^^^^^^^^
AttributeError: 'Member' object has no attribute 'timed_out_until'
Ignoring exception in on_member_update
Traceback (most recent call last):
  File "/usr/local/lib/python3.12/site-packages/discord/client.py", line 465, in _run_event
    await coro(*args, **kwargs)
  File "/app/asu_discord/cogs/analytics.py", line 652, in on_member_update
    before_timeout = before.timed_out_until
                     ^^^^^^^^^^^^^^^^^^^^^^
AttributeError: 'Member' object has no attribute 'timed_out_until'
Ignoring exception in on_member_update
Traceback (most recent call last):
  File "/usr/local/lib/python3.12/site-packages/discord/client.py", line 465, in _run_event
    await coro(*args, **kwargs)
  File "/app/asu_discord/cogs/analytics.py", line 652, in on_member_update
    before_timeout = before.timed_out_until
                     ^^^^^^^^^^^^^^^^^^^^^^
AttributeError: 'Member' object has no attribute 'timed_out_until'
INFO:asu_discord.cogs.verification:Saved 4 roles to database for user ghayes14 (Discord ID: 1246705487957856270)
INFO:asu_discord.cogs.verification:Refreshed Salesforce roles for Discord user 1246705487957856270: -3/+4 roles, assigned=[Arizona Resident, First Year, Tempe, W.P. Carey School of Business]
Ignoring exception in on_member_update
Traceback (most recent call last):
  File "/usr/local/lib/python3.12/site-packages/discord/client.py", line 465, in _run_event
    await coro(*args, **kwargs)
  File "/app/asu_discord/cogs/analytics.py", line 652, in on_member_update
    before_timeout = before.timed_out_until
                     ^^^^^^^^^^^^^^^^^^^^^^
AttributeError: 'Member' object has no attribute 'timed_out_until'
Ignoring exception in on_member_update
Traceback (most recent call last):
  File "/usr/local/lib/python3.12/site-packages/discord/client.py", line 465, in _run_event
    await coro(*args, **kwargs)
  File "/app/asu_discord/cogs/analytics.py", line 652, in on_member_update
    before_timeout = before.timed_out_until
                     ^^^^^^^^^^^^^^^^^^^^^^
AttributeError: 'Member' object has no attribute 'timed_out_until'
Ignoring exception in on_member_update
Traceback (most recent call last):
  File "/usr/local/lib/python3.12/site-packages/discord/client.py", line 465, in _run_event
    await coro(*args, **kwargs)
  File "/app/asu_discord/cogs/analytics.py", line 652, in on_member_update
    before_timeout = before.timed_out_until
                     ^^^^^^^^^^^^^^^^^^^^^^
AttributeError: 'Member' object has no attribute 'timed_out_until'
Ignoring exception in on_member_update
Traceback (most recent call last):
  File "/usr/local/lib/python3.12/site-packages/discord/client.py", line 465, in _run_event
    await coro(*args, **kwargs)
  File "/app/asu_discord/cogs/analytics.py", line 652, in on_member_update
    before_timeout = before.timed_out_until
                     ^^^^^^^^^^^^^^^^^^^^^^
AttributeError: 'Member' object has no attribute 'timed_out_until'
Ignoring exception in on_member_update
Traceback (most recent call last):
  File "/usr/local/lib/python3.12/site-packages/discord/client.py", line 465, in _run_event
    await coro(*args, **kwargs)
  File "/app/asu_discord/cogs/analytics.py", line 652, in on_member_update
    before_timeout = before.timed_out_until
                     ^^^^^^^^^^^^^^^^^^^^^^
AttributeError: 'Member' object has no attribute 'timed_out_until'
Ignoring exception in on_member_update
Traceback (most recent call last):
  File "/usr/local/lib/python3.12/site-packages/discord/client.py", line 465, in _run_event
    await coro(*args, **kwargs)
  File "/app/asu_discord/cogs/analytics.py", line 652, in on_member_update
    before_timeout = before.timed_out_until
                     ^^^^^^^^^^^^^^^^^^^^^^
AttributeError: 'Member' object has no attribute 'timed_out_until'
Ignoring exception in on_member_update
Traceback (most recent call last):
  File "/usr/local/lib/python3.12/site-packages/discord/client.py", line 465, in _run_event
    await coro(*args, **kwargs)
  File "/app/asu_discord/cogs/analytics.py", line 652, in on_member_update
    before_timeout = before.timed_out_until
                     ^^^^^^^^^^^^^^^^^^^^^^
AttributeError: 'Member' object has no attribute 'timed_out_until'
Ignoring exception in on_member_update
Traceback (most recent call last):
  File "/usr/local/lib/python3.12/site-packages/discord/client.py", line 465, in _run_event
    await coro(*args, **kwargs)
  File "/app/asu_discord/cogs/analytics.py", line 652, in on_member_update
    before_timeout = before.timed_out_until
                     ^^^^^^^^^^^^^^^^^^^^^^
AttributeError: 'Member' object has no attribute 'timed_out_until'
Ignoring exception in on_member_update
Traceback (most recent call last):
  File "/usr/local/lib/python3.12/site-packages/discord/client.py", line 465, in _run_event
    await coro(*args, **kwargs)
  File "/app/asu_discord/cogs/analytics.py", line 652, in on_member_update
    before_timeout = before.timed_out_until
                     ^^^^^^^^^^^^^^^^^^^^^^
AttributeError: 'Member' object has no attribute 'timed_out_until'
Ignoring exception in on_member_update
Traceback (most recent call last):
  File "/usr/local/lib/python3.12/site-packages/discord/client.py", line 465, in _run_event
    await coro(*args, **kwargs)
  File "/app/asu_discord/cogs/analytics.py", line 652, in on_member_update
    before_timeout = before.timed_out_until
                     ^^^^^^^^^^^^^^^^^^^^^^
AttributeError: 'Member' object has no attribute 'timed_out_until'
INFO:asu_discord.cogs.verification:Saved 5 roles to database for user cdmorley (Discord ID: 760162345590325298)
INFO:asu_discord.cogs.verification:Refreshed Salesforce roles for Discord user 760162345590325298: -5/+5 roles, assigned=[Arizona Resident, Commited, Ira A. Fulton Schools of Engineering, Tempe, Transfer Student]
ERROR:cron.jobs:refresh_salesforce_roles: failed for ksalzma1 (Discord ID 1504352460612046848): Failed to refresh Salesforce-based roles: Discord user 1504352460612046848 is not a member of the guild
Ignoring exception in on_member_update
Traceback (most recent call last):
  File "/usr/local/lib/python3.12/site-packages/discord/client.py", line 465, in _run_event
    await coro(*args, **kwargs)
  File "/app/asu_discord/cogs/analytics.py", line 652, in on_member_update
    before_timeout = before.timed_out_until
                     ^^^^^^^^^^^^^^^^^^^^^^
AttributeError: 'Member' object has no attribute 'timed_out_until'
Ignoring exception in on_member_update
Traceback (most recent call last):
  File "/usr/local/lib/python3.12/site-packages/discord/client.py", line 465, in _run_event
    await coro(*args, **kwargs)
  File "/app/asu_discord/cogs/analytics.py", line 652, in on_member_update
    before_timeout = before.timed_out_until
                     ^^^^^^^^^^^^^^^^^^^^^^
AttributeError: 'Member' object has no attribute 'timed_out_until'
INFO:asu_discord.cogs.verification:Saved 1 roles to database for user mrdebloi (Discord ID: 474014355130941460)
INFO:asu_discord.cogs.verification:Refreshed Salesforce roles for Discord user 474014355130941460: -1/+1 roles, assigned=[Arizona Resident]
Ignoring exception in on_member_update
Traceback (most recent call last):
  File "/usr/local/lib/python3.12/site-packages/discord/client.py", line 465, in _run_event
    await coro(*args, **kwargs)
  File "/app/asu_discord/cogs/analytics.py", line 652, in on_member_update
    before_timeout = before.timed_out_until
                     ^^^^^^^^^^^^^^^^^^^^^^
AttributeError: 'Member' object has no attribute 'timed_out_until'
Ignoring exception in on_member_update
Traceback (most recent call last):
  File "/usr/local/lib/python3.12/site-packages/discord/client.py", line 465, in _run_event
    await coro(*args, **kwargs)
  File "/app/asu_discord/cogs/analytics.py", line 652, in on_member_update
    before_timeout = before.timed_out_until
                     ^^^^^^^^^^^^^^^^^^^^^^
AttributeError: 'Member' object has no attribute 'timed_out_until'
Ignoring exception in on_member_update
Traceback (most recent call last):
  File "/usr/local/lib/python3.12/site-packages/discord/client.py", line 465, in _run_event
    await coro(*args, **kwargs)
  File "/app/asu_discord/cogs/analytics.py", line 652, in on_member_update
    before_timeout = before.timed_out_until
                     ^^^^^^^^^^^^^^^^^^^^^^
AttributeError: 'Member' object has no attribute 'timed_out_until'
Ignoring exception in on_member_update
Traceback (most recent call last):
  File "/usr/local/lib/python3.12/site-packages/discord/client.py", line 465, in _run_event
    await coro(*args, **kwargs)
  File "/app/asu_discord/cogs/analytics.py", line 652, in on_member_update
    before_timeout = before.timed_out_until
                     ^^^^^^^^^^^^^^^^^^^^^^
AttributeError: 'Member' object has no attribute 'timed_out_until'
Ignoring exception in on_member_update
Traceback (most recent call last):
  File "/usr/local/lib/python3.12/site-packages/discord/client.py", line 465, in _run_event
    await coro(*args, **kwargs)
  File "/app/asu_discord/cogs/analytics.py", line 652, in on_member_update
    before_timeout = before.timed_out_until
                     ^^^^^^^^^^^^^^^^^^^^^^
AttributeError: 'Member' object has no attribute 'timed_out_until'
Ignoring exception in on_member_update
Traceback (most recent call last):
  File "/usr/local/lib/python3.12/site-packages/discord/client.py", line 465, in _run_event
    await coro(*args, **kwargs)
  File "/app/asu_discord/cogs/analytics.py", line 652, in on_member_update
    before_timeout = before.timed_out_until
                     ^^^^^^^^^^^^^^^^^^^^^^
AttributeError: 'Member' object has no attribute 'timed_out_until'
Ignoring exception in on_member_update
Traceback (most recent call last):
  File "/usr/local/lib/python3.12/site-packages/discord/client.py", line 465, in _run_event
    await coro(*args, **kwargs)
  File "/app/asu_discord/cogs/analytics.py", line 652, in on_member_update
    before_timeout = before.timed_out_until
                     ^^^^^^^^^^^^^^^^^^^^^^
AttributeError: 'Member' object has no attribute 'timed_out_until'
Ignoring exception in on_member_update
Traceback (most recent call last):
  File "/usr/local/lib/python3.12/site-packages/discord/client.py", line 465, in _run_event
    await coro(*args, **kwargs)
  File "/app/asu_discord/cogs/analytics.py", line 652, in on_member_update
    before_timeout = before.timed_out_until
                     ^^^^^^^^^^^^^^^^^^^^^^
AttributeError: 'Member' object has no attribute 'timed_out_until'
Ignoring exception in on_member_update
Traceback (most recent call last):
  File "/usr/local/lib/python3.12/site-packages/discord/client.py", line 465, in _run_event
    await coro(*args, **kwargs)
  File "/app/asu_discord/cogs/analytics.py", line 652, in on_member_update
    before_timeout = before.timed_out_until
                     ^^^^^^^^^^^^^^^^^^^^^^
AttributeError: 'Member' object has no attribute 'timed_out_until'
Ignoring exception in on_member_update
Traceback (most recent call last):
  File "/usr/local/lib/python3.12/site-packages/discord/client.py", line 465, in _run_event
    await coro(*args, **kwargs)
  File "/app/asu_discord/cogs/analytics.py", line 652, in on_member_update
    before_timeout = before.timed_out_until
                     ^^^^^^^^^^^^^^^^^^^^^^
AttributeError: 'Member' object has no attribute 'timed_out_until'
INFO:asu_discord.cogs.verification:Saved 5 roles to database for user omarti58 (Discord ID: 526701544490663946)
INFO:asu_discord.cogs.verification:Refreshed Salesforce roles for Discord user 526701544490663946: -5/+5 roles, assigned=[Commited, Downtown Phoenix, First Year, International Student, Thunderbird School of Global Management]
Ignoring exception in on_member_update
Traceback (most recent call last):
  File "/usr/local/lib/python3.12/site-packages/discord/client.py", line 465, in _run_event
    await coro(*args, **kwargs)
  File "/app/asu_discord/cogs/analytics.py", line 652, in on_member_update
    before_timeout = before.timed_out_until
                     ^^^^^^^^^^^^^^^^^^^^^^
AttributeError: 'Member' object has no attribute 'timed_out_until'
Ignoring exception in on_member_update
Traceback (most recent call last):
  File "/usr/local/lib/python3.12/site-packages/discord/client.py", line 465, in _run_event
    await coro(*args, **kwargs)
  File "/app/asu_discord/cogs/analytics.py", line 652, in on_member_update
    before_timeout = before.timed_out_until
                     ^^^^^^^^^^^^^^^^^^^^^^
AttributeError: 'Member' object has no attribute 'timed_out_until'
Ignoring exception in on_member_update
Traceback (most recent call last):
  File "/usr/local/lib/python3.12/site-packages/discord/client.py", line 465, in _run_event
    await coro(*args, **kwargs)
  File "/app/asu_discord/cogs/analytics.py", line 652, in on_member_update
    before_timeout = before.timed_out_until
                     ^^^^^^^^^^^^^^^^^^^^^^
AttributeError: 'Member' object has no attribute 'timed_out_until'
Ignoring exception in on_member_update
Traceback (most recent call last):
  File "/usr/local/lib/python3.12/site-packages/discord/client.py", line 465, in _run_event
    await coro(*args, **kwargs)
  File "/app/asu_discord/cogs/analytics.py", line 652, in on_member_update
    before_timeout = before.timed_out_until
                     ^^^^^^^^^^^^^^^^^^^^^^
AttributeError: 'Member' object has no attribute 'timed_out_until'
Ignoring exception in on_member_update
Traceback (most recent call last):
  File "/usr/local/lib/python3.12/site-packages/discord/client.py", line 465, in _run_event
    await coro(*args, **kwargs)
  File "/app/asu_discord/cogs/analytics.py", line 652, in on_member_update
    before_timeout = before.timed_out_until
                     ^^^^^^^^^^^^^^^^^^^^^^
AttributeError: 'Member' object has no attribute 'timed_out_until'
Ignoring exception in on_member_update
Traceback (most recent call last):
  File "/usr/local/lib/python3.12/site-packages/discord/client.py", line 465, in _run_event
    await coro(*args, **kwargs)
  File "/app/asu_discord/cogs/analytics.py", line 652, in on_member_update
    before_timeout = before.timed_out_until
                     ^^^^^^^^^^^^^^^^^^^^^^
AttributeError: 'Member' object has no attribute 'timed_out_until'
Ignoring exception in on_member_update
Traceback (most recent call last):
  File "/usr/local/lib/python3.12/site-packages/discord/client.py", line 465, in _run_event
    await coro(*args, **kwargs)
  File "/app/asu_discord/cogs/analytics.py", line 652, in on_member_update
    before_timeout = before.timed_out_until
                     ^^^^^^^^^^^^^^^^^^^^^^
AttributeError: 'Member' object has no attribute 'timed_out_until'
Ignoring exception in on_member_update
Traceback (most recent call last):
  File "/usr/local/lib/python3.12/site-packages/discord/client.py", line 465, in _run_event
    await coro(*args, **kwargs)
  File "/app/asu_discord/cogs/analytics.py", line 652, in on_member_update
    before_timeout = before.timed_out_until
                     ^^^^^^^^^^^^^^^^^^^^^^
AttributeError: 'Member' object has no attribute 'timed_out_until'
Ignoring exception in on_member_update
Traceback (most recent call last):
  File "/usr/local/lib/python3.12/site-packages/discord/client.py", line 465, in _run_event
    await coro(*args, **kwargs)
  File "/app/asu_discord/cogs/analytics.py", line 652, in on_member_update
    before_timeout = before.timed_out_until
                     ^^^^^^^^^^^^^^^^^^^^^^
AttributeError: 'Member' object has no attribute 'timed_out_until'
Ignoring exception in on_member_update
Traceback (most recent call last):
  File "/usr/local/lib/python3.12/site-packages/discord/client.py", line 465, in _run_event
    await coro(*args, **kwargs)
  File "/app/asu_discord/cogs/analytics.py", line 652, in on_member_update
    before_timeout = before.timed_out_until
                     ^^^^^^^^^^^^^^^^^^^^^^
AttributeError: 'Member' object has no attribute 'timed_out_until'
INFO:asu_discord.cogs.verification:Saved 5 roles to database for user kabikar1 (Discord ID: 1038093977162887279)
INFO:asu_discord.cogs.verification:Refreshed Salesforce roles for Discord user 1038093977162887279: -5/+5 roles, assigned=[Arizona Resident, Commited, Graduate Student, Ira A. Fulton Schools of Engineering, Tempe]
Ignoring exception in on_member_update
Traceback (most recent call last):
  File "/usr/local/lib/python3.12/site-packages/discord/client.py", line 465, in _run_event
    await coro(*args, **kwargs)
  File "/app/asu_discord/cogs/analytics.py", line 652, in on_member_update
    before_timeout = before.timed_out_until
                     ^^^^^^^^^^^^^^^^^^^^^^
AttributeError: 'Member' object has no attribute 'timed_out_until'
Ignoring exception in on_member_update
Traceback (most recent call last):
  File "/usr/local/lib/python3.12/site-packages/discord/client.py", line 465, in _run_event
    await coro(*args, **kwargs)
  File "/app/asu_discord/cogs/analytics.py", line 652, in on_member_update
    before_timeout = before.timed_out_until
                     ^^^^^^^^^^^^^^^^^^^^^^
AttributeError: 'Member' object has no attribute 'timed_out_until'
Ignoring exception in on_member_update
Traceback (most recent call last):
  File "/usr/local/lib/python3.12/site-packages/discord/client.py", line 465, in _run_event
    await coro(*args, **kwargs)
  File "/app/asu_discord/cogs/analytics.py", line 652, in on_member_update
    before_timeout = before.timed_out_until
                     ^^^^^^^^^^^^^^^^^^^^^^
AttributeError: 'Member' object has no attribute 'timed_out_until'
Ignoring exception in on_member_update
Traceback (most recent call last):
  File "/usr/local/lib/python3.12/site-packages/discord/client.py", line 465, in _run_event
    await coro(*args, **kwargs)
  File "/app/asu_discord/cogs/analytics.py", line 652, in on_member_update
    before_timeout = before.timed_out_until
                     ^^^^^^^^^^^^^^^^^^^^^^
AttributeError: 'Member' object has no attribute 'timed_out_until'
Ignoring exception in on_member_update
Traceback (most recent call last):
  File "/usr/local/lib/python3.12/site-packages/discord/client.py", line 465, in _run_event
    await coro(*args, **kwargs)
  File "/app/asu_discord/cogs/analytics.py", line 652, in on_member_update
    before_timeout = before.timed_out_until
                     ^^^^^^^^^^^^^^^^^^^^^^
AttributeError: 'Member' object has no attribute 'timed_out_until'
Ignoring exception in on_member_update
Traceback (most recent call last):
  File "/usr/local/lib/python3.12/site-packages/discord/client.py", line 465, in _run_event
    await coro(*args, **kwargs)
  File "/app/asu_discord/cogs/analytics.py", line 652, in on_member_update
    before_timeout = before.timed_out_until
                     ^^^^^^^^^^^^^^^^^^^^^^
AttributeError: 'Member' object has no attribute 'timed_out_until'
Ignoring exception in on_member_update
Traceback (most recent call last):
  File "/usr/local/lib/python3.12/site-packages/discord/client.py", line 465, in _run_event
    await coro(*args, **kwargs)
  File "/app/asu_discord/cogs/analytics.py", line 652, in on_member_update
    before_timeout = before.timed_out_until
                     ^^^^^^^^^^^^^^^^^^^^^^
AttributeError: 'Member' object has no attribute 'timed_out_until'
Ignoring exception in on_member_update
Traceback (most recent call last):
  File "/usr/local/lib/python3.12/site-packages/discord/client.py", line 465, in _run_event
    await coro(*args, **kwargs)
  File "/app/asu_discord/cogs/analytics.py", line 652, in on_member_update
    before_timeout = before.timed_out_until
                     ^^^^^^^^^^^^^^^^^^^^^^
AttributeError: 'Member' object has no attribute 'timed_out_until'
Ignoring exception in on_member_update
Traceback (most recent call last):
  File "/usr/local/lib/python3.12/site-packages/discord/client.py", line 465, in _run_event
    await coro(*args, **kwargs)
  File "/app/asu_discord/cogs/analytics.py", line 652, in on_member_update
    before_timeout = before.timed_out_until
                     ^^^^^^^^^^^^^^^^^^^^^^
AttributeError: 'Member' object has no attribute 'timed_out_until'
Ignoring exception in on_member_update
Traceback (most recent call last):
  File "/usr/local/lib/python3.12/site-packages/discord/client.py", line 465, in _run_event
    await coro(*args, **kwargs)
  File "/app/asu_discord/cogs/analytics.py", line 652, in on_member_update
    before_timeout = before.timed_out_until
                     ^^^^^^^^^^^^^^^^^^^^^^
AttributeError: 'Member' object has no attribute 'timed_out_until'
INFO:asu_discord.cogs.verification:Saved 5 roles to database for user apere389 (Discord ID: 1101272228248694815)
INFO:asu_discord.cogs.verification:Refreshed Salesforce roles for Discord user 1101272228248694815: -5/+5 roles, assigned=[Commited, Out of State, Transfer Student, W.P. Carey School of Business, West Valley]
Ignoring exception in on_member_update
Traceback (most recent call last):
  File "/usr/local/lib/python3.12/site-packages/discord/client.py", line 465, in _run_event
    await coro(*args, **kwargs)
  File "/app/asu_discord/cogs/analytics.py", line 652, in on_member_update
    before_timeout = before.timed_out_until
                     ^^^^^^^^^^^^^^^^^^^^^^
AttributeError: 'Member' object has no attribute 'timed_out_until'
Ignoring exception in on_member_update
Traceback (most recent call last):
  File "/usr/local/lib/python3.12/site-packages/discord/client.py", line 465, in _run_event
    await coro(*args, **kwargs)
  File "/app/asu_discord/cogs/analytics.py", line 652, in on_member_update
    before_timeout = before.timed_out_until
                     ^^^^^^^^^^^^^^^^^^^^^^
AttributeError: 'Member' object has no attribute 'timed_out_until'
Ignoring exception in on_member_update
Traceback (most recent call last):
  File "/usr/local/lib/python3.12/site-packages/discord/client.py", line 465, in _run_event
    await coro(*args, **kwargs)
  File "/app/asu_discord/cogs/analytics.py", line 652, in on_member_update
    before_timeout = before.timed_out_until
                     ^^^^^^^^^^^^^^^^^^^^^^
AttributeError: 'Member' object has no attribute 'timed_out_until'
Ignoring exception in on_member_update
Traceback (most recent call last):
  File "/usr/local/lib/python3.12/site-packages/discord/client.py", line 465, in _run_event
    await coro(*args, **kwargs)
  File "/app/asu_discord/cogs/analytics.py", line 652, in on_member_update
    before_timeout = before.timed_out_until
                     ^^^^^^^^^^^^^^^^^^^^^^
AttributeError: 'Member' object has no attribute 'timed_out_until'
Ignoring exception in on_member_update
Traceback (most recent call last):
  File "/usr/local/lib/python3.12/site-packages/discord/client.py", line 465, in _run_event
    await coro(*args, **kwargs)
  File "/app/asu_discord/cogs/analytics.py", line 652, in on_member_update
    before_timeout = before.timed_out_until
                     ^^^^^^^^^^^^^^^^^^^^^^
AttributeError: 'Member' object has no attribute 'timed_out_until'
Ignoring exception in on_member_update
Traceback (most recent call last):
  File "/usr/local/lib/python3.12/site-packages/discord/client.py", line 465, in _run_event
    await coro(*args, **kwargs)
  File "/app/asu_discord/cogs/analytics.py", line 652, in on_member_update
    before_timeout = before.timed_out_until
                     ^^^^^^^^^^^^^^^^^^^^^^
AttributeError: 'Member' object has no attribute 'timed_out_until'
Ignoring exception in on_member_update
Traceback (most recent call last):
  File "/usr/local/lib/python3.12/site-packages/discord/client.py", line 465, in _run_event
    await coro(*args, **kwargs)
  File "/app/asu_discord/cogs/analytics.py", line 652, in on_member_update
    before_timeout = before.timed_out_until
                     ^^^^^^^^^^^^^^^^^^^^^^
AttributeError: 'Member' object has no attribute 'timed_out_until'
Ignoring exception in on_member_update
Traceback (most recent call last):
  File "/usr/local/lib/python3.12/site-packages/discord/client.py", line 465, in _run_event
    await coro(*args, **kwargs)
  File "/app/asu_discord/cogs/analytics.py", line 652, in on_member_update
    before_timeout = before.timed_out_until
                     ^^^^^^^^^^^^^^^^^^^^^^
AttributeError: 'Member' object has no attribute 'timed_out_until'
Ignoring exception in on_member_update
Traceback (most recent call last):
  File "/usr/local/lib/python3.12/site-packages/discord/client.py", line 465, in _run_event
    await coro(*args, **kwargs)
  File "/app/asu_discord/cogs/analytics.py", line 652, in on_member_update
    before_timeout = before.timed_out_until
                     ^^^^^^^^^^^^^^^^^^^^^^
AttributeError: 'Member' object has no attribute 'timed_out_until'
Ignoring exception in on_member_update
Traceback (most recent call last):
  File "/usr/local/lib/python3.12/site-packages/discord/client.py", line 465, in _run_event
    await coro(*args, **kwargs)
  File "/app/asu_discord/cogs/analytics.py", line 652, in on_member_update
    before_timeout = before.timed_out_until
                     ^^^^^^^^^^^^^^^^^^^^^^
AttributeError: 'Member' object has no attribute 'timed_out_until'
INFO:asu_discord.cogs.verification:Saved 5 roles to database for user awaghma8 (Discord ID: 423097872951541773)
INFO:asu_discord.cogs.verification:Refreshed Salesforce roles for Discord user 423097872951541773: -5/+5 roles, assigned=[Commited, Graduate Student, International Student, Ira A. Fulton Schools of Engineering, Tempe]
Ignoring exception in on_member_update
Traceback (most recent call last):
  File "/usr/local/lib/python3.12/site-packages/discord/client.py", line 465, in _run_event
    await coro(*args, **kwargs)
  File "/app/asu_discord/cogs/analytics.py", line 652, in on_member_update
    before_timeout = before.timed_out_until
                     ^^^^^^^^^^^^^^^^^^^^^^
AttributeError: 'Member' object has no attribute 'timed_out_until'
Ignoring exception in on_member_update
Traceback (most recent call last):
  File "/usr/local/lib/python3.12/site-packages/discord/client.py", line 465, in _run_event
    await coro(*args, **kwargs)
  File "/app/asu_discord/cogs/analytics.py", line 652, in on_member_update
    before_timeout = before.timed_out_until
                     ^^^^^^^^^^^^^^^^^^^^^^
AttributeError: 'Member' object has no attribute 'timed_out_until'
Ignoring exception in on_member_update
Traceback (most recent call last):
  File "/usr/local/lib/python3.12/site-packages/discord/client.py", line 465, in _run_event
    await coro(*args, **kwargs)
  File "/app/asu_discord/cogs/analytics.py", line 652, in on_member_update
    before_timeout = before.timed_out_until
                     ^^^^^^^^^^^^^^^^^^^^^^
AttributeError: 'Member' object has no attribute 'timed_out_until'
Ignoring exception in on_member_update
Traceback (most recent call last):
  File "/usr/local/lib/python3.12/site-packages/discord/client.py", line 465, in _run_event
    await coro(*args, **kwargs)
  File "/app/asu_discord/cogs/analytics.py", line 652, in on_member_update
    before_timeout = before.timed_out_until
                     ^^^^^^^^^^^^^^^^^^^^^^
AttributeError: 'Member' object has no attribute 'timed_out_until'
Ignoring exception in on_member_update
Traceback (most recent call last):
  File "/usr/local/lib/python3.12/site-packages/discord/client.py", line 465, in _run_event
    await coro(*args, **kwargs)
  File "/app/asu_discord/cogs/analytics.py", line 652, in on_member_update
    before_timeout = before.timed_out_until
                     ^^^^^^^^^^^^^^^^^^^^^^
AttributeError: 'Member' object has no attribute 'timed_out_until'
Ignoring exception in on_member_update
Traceback (most recent call last):
  File "/usr/local/lib/python3.12/site-packages/discord/client.py", line 465, in _run_event
    await coro(*args, **kwargs)
  File "/app/asu_discord/cogs/analytics.py", line 652, in on_member_update
    before_timeout = before.timed_out_until
                     ^^^^^^^^^^^^^^^^^^^^^^
AttributeError: 'Member' object has no attribute 'timed_out_until'
Ignoring exception in on_member_update
Traceback (most recent call last):
  File "/usr/local/lib/python3.12/site-packages/discord/client.py", line 465, in _run_event
    await coro(*args, **kwargs)
  File "/app/asu_discord/cogs/analytics.py", line 652, in on_member_update
    before_timeout = before.timed_out_until
                     ^^^^^^^^^^^^^^^^^^^^^^
AttributeError: 'Member' object has no attribute 'timed_out_until'
Ignoring exception in on_member_update
Traceback (most recent call last):
  File "/usr/local/lib/python3.12/site-packages/discord/client.py", line 465, in _run_event
    await coro(*args, **kwargs)
  File "/app/asu_discord/cogs/analytics.py", line 652, in on_member_update
    before_timeout = before.timed_out_until
                     ^^^^^^^^^^^^^^^^^^^^^^
AttributeError: 'Member' object has no attribute 'timed_out_until'
Ignoring exception in on_member_update
Traceback (most recent call last):
  File "/usr/local/lib/python3.12/site-packages/discord/client.py", line 465, in _run_event
    await coro(*args, **kwargs)
  File "/app/asu_discord/cogs/analytics.py", line 652, in on_member_update
    before_timeout = before.timed_out_until
                     ^^^^^^^^^^^^^^^^^^^^^^
AttributeError: 'Member' object has no attribute 'timed_out_until'
Ignoring exception in on_member_update
Traceback (most recent call last):
  File "/usr/local/lib/python3.12/site-packages/discord/client.py", line 465, in _run_event
    await coro(*args, **kwargs)
  File "/app/asu_discord/cogs/analytics.py", line 652, in on_member_update
    before_timeout = before.timed_out_until
                     ^^^^^^^^^^^^^^^^^^^^^^
AttributeError: 'Member' object has no attribute 'timed_out_until'
ERROR:cron.jobs:refresh_salesforce_roles: failed for czatarga (Discord ID 128387776683966464): Timed out refresh Salesforce-based roles
Ignoring exception in on_member_update
Traceback (most recent call last):
  File "/usr/local/lib/python3.12/site-packages/discord/client.py", line 465, in _run_event
    await coro(*args, **kwargs)
  File "/app/asu_discord/cogs/analytics.py", line 652, in on_member_update
    before_timeout = before.timed_out_until
                     ^^^^^^^^^^^^^^^^^^^^^^
AttributeError: 'Member' object has no attribute 'timed_out_until'
Ignoring exception in on_member_update
Traceback (most recent call last):
  File "/usr/local/lib/python3.12/site-packages/discord/client.py", line 465, in _run_event
    await coro(*args, **kwargs)
  File "/app/asu_discord/cogs/analytics.py", line 652, in on_member_update
    before_timeout = before.timed_out_until
                     ^^^^^^^^^^^^^^^^^^^^^^
AttributeError: 'Member' object has no attribute 'timed_out_until'
Ignoring exception in on_member_update
Traceback (most recent call last):
  File "/usr/local/lib/python3.12/site-packages/discord/client.py", line 465, in _run_event
    await coro(*args, **kwargs)
  File "/app/asu_discord/cogs/analytics.py", line 652, in on_member_update
    before_timeout = before.timed_out_until
                     ^^^^^^^^^^^^^^^^^^^^^^
AttributeError: 'Member' object has no attribute 'timed_out_until'
Ignoring exception in on_member_update
Traceback (most recent call last):
  File "/usr/local/lib/python3.12/site-packages/discord/client.py", line 465, in _run_event
    await coro(*args, **kwargs)
  File "/app/asu_discord/cogs/analytics.py", line 652, in on_member_update
    before_timeout = before.timed_out_until
                     ^^^^^^^^^^^^^^^^^^^^^^
AttributeError: 'Member' object has no attribute 'timed_out_until'
Ignoring exception in on_member_update
Traceback (most recent call last):
  File "/usr/local/lib/python3.12/site-packages/discord/client.py", line 465, in _run_event
    await coro(*args, **kwargs)
  File "/app/asu_discord/cogs/analytics.py", line 652, in on_member_update
    before_timeout = before.timed_out_until
                     ^^^^^^^^^^^^^^^^^^^^^^
AttributeError: 'Member' object has no attribute 'timed_out_until'
Ignoring exception in on_member_update
Traceback (most recent call last):
  File "/usr/local/lib/python3.12/site-packages/discord/client.py", line 465, in _run_event
    await coro(*args, **kwargs)
  File "/app/asu_discord/cogs/analytics.py", line 652, in on_member_update
    before_timeout = before.timed_out_until
                     ^^^^^^^^^^^^^^^^^^^^^^
AttributeError: 'Member' object has no attribute 'timed_out_until'
Ignoring exception in on_member_update
Traceback (most recent call last):
  File "/usr/local/lib/python3.12/site-packages/discord/client.py", line 465, in _run_event
    await coro(*args, **kwargs)
  File "/app/asu_discord/cogs/analytics.py", line 652, in on_member_update
    before_timeout = before.timed_out_until
                     ^^^^^^^^^^^^^^^^^^^^^^
AttributeError: 'Member' object has no attribute 'timed_out_until'
Ignoring exception in on_member_update
Traceback (most recent call last):
  File "/usr/local/lib/python3.12/site-packages/discord/client.py", line 465, in _run_event
    await coro(*args, **kwargs)
  File "/app/asu_discord/cogs/analytics.py", line 652, in on_member_update
    before_timeout = before.timed_out_until
                     ^^^^^^^^^^^^^^^^^^^^^^
AttributeError: 'Member' object has no attribute 'timed_out_until'
Ignoring exception in on_member_update
Traceback (most recent call last):
  File "/usr/local/lib/python3.12/site-packages/discord/client.py", line 465, in _run_event
    await coro(*args, **kwargs)
  File "/app/asu_discord/cogs/analytics.py", line 652, in on_member_update
    before_timeout = before.timed_out_until
                     ^^^^^^^^^^^^^^^^^^^^^^
AttributeError: 'Member' object has no attribute 'timed_out_until'
Ignoring exception in on_member_update
Traceback (most recent call last):
  File "/usr/local/lib/python3.12/site-packages/discord/client.py", line 465, in _run_event
    await coro(*args, **kwargs)
  File "/app/asu_discord/cogs/analytics.py", line 652, in on_member_update
    before_timeout = before.timed_out_until
                     ^^^^^^^^^^^^^^^^^^^^^^
AttributeError: 'Member' object has no attribute 'timed_out_until'
ERROR:cron.jobs:refresh_salesforce_roles: failed for kasneed1 (Discord ID 829762756822696036): Timed out refresh Salesforce-based roles
Ignoring exception in on_member_update
Traceback (most recent call last):
  File "/usr/local/lib/python3.12/site-packages/discord/client.py", line 465, in _run_event
    await coro(*args, **kwargs)
  File "/app/asu_discord/cogs/analytics.py", line 652, in on_member_update
    before_timeout = before.timed_out_until
                     ^^^^^^^^^^^^^^^^^^^^^^
AttributeError: 'Member' object has no attribute 'timed_out_until'
Ignoring exception in on_member_update
Traceback (most recent call last):
  File "/usr/local/lib/python3.12/site-packages/discord/client.py", line 465, in _run_event
    await coro(*args, **kwargs)
  File "/app/asu_discord/cogs/analytics.py", line 652, in on_member_update
    before_timeout = before.timed_out_until
                     ^^^^^^^^^^^^^^^^^^^^^^
AttributeError: 'Member' object has no attribute 'timed_out_until'
Ignoring exception in on_member_update
Traceback (most recent call last):
  File "/usr/local/lib/python3.12/site-packages/discord/client.py", line 465, in _run_event
    await coro(*args, **kwargs)
  File "/app/asu_discord/cogs/analytics.py", line 652, in on_member_update
    before_timeout = before.timed_out_until
                     ^^^^^^^^^^^^^^^^^^^^^^
AttributeError: 'Member' object has no attribute 'timed_out_until'
Ignoring exception in on_member_update
Traceback (most recent call last):
  File "/usr/local/lib/python3.12/site-packages/discord/client.py", line 465, in _run_event
    await coro(*args, **kwargs)
  File "/app/asu_discord/cogs/analytics.py", line 652, in on_member_update
    before_timeout = before.timed_out_until
                     ^^^^^^^^^^^^^^^^^^^^^^
AttributeError: 'Member' object has no attribute 'timed_out_until'
Ignoring exception in on_member_update
Traceback (most recent call last):
  File "/usr/local/lib/python3.12/site-packages/discord/client.py", line 465, in _run_event
    await coro(*args, **kwargs)
  File "/app/asu_discord/cogs/analytics.py", line 652, in on_member_update
    before_timeout = before.timed_out_until
                     ^^^^^^^^^^^^^^^^^^^^^^
AttributeError: 'Member' object has no attribute 'timed_out_until'
Ignoring exception in on_member_update
Traceback (most recent call last):
  File "/usr/local/lib/python3.12/site-packages/discord/client.py", line 465, in _run_event
    await coro(*args, **kwargs)
  File "/app/asu_discord/cogs/analytics.py", line 652, in on_member_update
    before_timeout = before.timed_out_until
                     ^^^^^^^^^^^^^^^^^^^^^^
AttributeError: 'Member' object has no attribute 'timed_out_until'
Ignoring exception in on_member_update
Traceback (most recent call last):
  File "/usr/local/lib/python3.12/site-packages/discord/client.py", line 465, in _run_event
    await coro(*args, **kwargs)
  File "/app/asu_discord/cogs/analytics.py", line 652, in on_member_update
    before_timeout = before.timed_out_until
                     ^^^^^^^^^^^^^^^^^^^^^^
AttributeError: 'Member' object has no attribute 'timed_out_until'
Ignoring exception in on_member_update
Traceback (most recent call last):
  File "/usr/local/lib/python3.12/site-packages/discord/client.py", line 465, in _run_event
    await coro(*args, **kwargs)
  File "/app/asu_discord/cogs/analytics.py", line 652, in on_member_update
    before_timeout = before.timed_out_until
                     ^^^^^^^^^^^^^^^^^^^^^^
AttributeError: 'Member' object has no attribute 'timed_out_until'
Ignoring exception in on_member_update
Traceback (most recent call last):
  File "/usr/local/lib/python3.12/site-packages/discord/client.py", line 465, in _run_event
    await coro(*args, **kwargs)
  File "/app/asu_discord/cogs/analytics.py", line 652, in on_member_update
    before_timeout = before.timed_out_until
                     ^^^^^^^^^^^^^^^^^^^^^^
AttributeError: 'Member' object has no attribute 'timed_out_until'
Ignoring exception in on_member_update
Traceback (most recent call last):
  File "/usr/local/lib/python3.12/site-packages/discord/client.py", line 465, in _run_event
    await coro(*args, **kwargs)
  File "/app/asu_discord/cogs/analytics.py", line 652, in on_member_update
    before_timeout = before.timed_out_until
                     ^^^^^^^^^^^^^^^^^^^^^^
AttributeError: 'Member' object has no attribute 'timed_out_until'
Ignoring exception in on_member_update
Traceback (most recent call last):
  File "/usr/local/lib/python3.12/site-packages/discord/client.py", line 465, in _run_event
    await coro(*args, **kwargs)
  File "/app/asu_discord/cogs/analytics.py", line 652, in on_member_update
    before_timeout = before.timed_out_until
                     ^^^^^^^^^^^^^^^^^^^^^^
AttributeError: 'Member' object has no attribute 'timed_out_until'
INFO:asu_discord.cogs.verification:Saved 5 roles to database for user rjsanch2 (Discord ID: 731369604080992308)
INFO:asu_discord.cogs.verification:Refreshed Salesforce roles for Discord user 731369604080992308: -5/+5 roles, assigned=[Arizona Resident, College of Integrative Sciences and Arts, First Generation Student, Tempe, Transfer Student]
Ignoring exception in on_member_update
Traceback (most recent call last):
  File "/usr/local/lib/python3.12/site-packages/discord/client.py", line 465, in _run_event
    await coro(*args, **kwargs)
  File "/app/asu_discord/cogs/analytics.py", line 652, in on_member_update
    before_timeout = before.timed_out_until
                     ^^^^^^^^^^^^^^^^^^^^^^
AttributeError: 'Member' object has no attribute 'timed_out_until'
Ignoring exception in on_member_update
Traceback (most recent call last):
  File "/usr/local/lib/python3.12/site-packages/discord/client.py", line 465, in _run_event
    await coro(*args, **kwargs)
  File "/app/asu_discord/cogs/analytics.py", line 652, in on_member_update
    before_timeout = before.timed_out_until
                     ^^^^^^^^^^^^^^^^^^^^^^
AttributeError: 'Member' object has no attribute 'timed_out_until'
Ignoring exception in on_member_update
Traceback (most recent call last):
  File "/usr/local/lib/python3.12/site-packages/discord/client.py", line 465, in _run_event
    await coro(*args, **kwargs)
  File "/app/asu_discord/cogs/analytics.py", line 652, in on_member_update
    before_timeout = before.timed_out_until
                     ^^^^^^^^^^^^^^^^^^^^^^
AttributeError: 'Member' object has no attribute 'timed_out_until'
Ignoring exception in on_member_update
Traceback (most recent call last):
  File "/usr/local/lib/python3.12/site-packages/discord/client.py", line 465, in _run_event
    await coro(*args, **kwargs)
  File "/app/asu_discord/cogs/analytics.py", line 652, in on_member_update
    before_timeout = before.timed_out_until
                     ^^^^^^^^^^^^^^^^^^^^^^
AttributeError: 'Member' object has no attribute 'timed_out_until'
Ignoring exception in on_member_update
Traceback (most recent call last):
  File "/usr/local/lib/python3.12/site-packages/discord/client.py", line 465, in _run_event
    await coro(*args, **kwargs)
  File "/app/asu_discord/cogs/analytics.py", line 652, in on_member_update
    before_timeout = before.timed_out_until
                     ^^^^^^^^^^^^^^^^^^^^^^
AttributeError: 'Member' object has no attribute 'timed_out_until'
Ignoring exception in on_member_update
Traceback (most recent call last):
  File "/usr/local/lib/python3.12/site-packages/discord/client.py", line 465, in _run_event
    await coro(*args, **kwargs)
  File "/app/asu_discord/cogs/analytics.py", line 652, in on_member_update
    before_timeout = before.timed_out_until
                     ^^^^^^^^^^^^^^^^^^^^^^
AttributeError: 'Member' object has no attribute 'timed_out_until'
Ignoring exception in on_member_update
Traceback (most recent call last):
  File "/usr/local/lib/python3.12/site-packages/discord/client.py", line 465, in _run_event
    await coro(*args, **kwargs)
  File "/app/asu_discord/cogs/analytics.py", line 652, in on_member_update
    before_timeout = before.timed_out_until
                     ^^^^^^^^^^^^^^^^^^^^^^
AttributeError: 'Member' object has no attribute 'timed_out_until'
Ignoring exception in on_member_update
Traceback (most recent call last):
  File "/usr/local/lib/python3.12/site-packages/discord/client.py", line 465, in _run_event
    await coro(*args, **kwargs)
  File "/app/asu_discord/cogs/analytics.py", line 652, in on_member_update
    before_timeout = before.timed_out_until
                     ^^^^^^^^^^^^^^^^^^^^^^
AttributeError: 'Member' object has no attribute 'timed_out_until'
Ignoring exception in on_member_update
Traceback (most recent call last):
  File "/usr/local/lib/python3.12/site-packages/discord/client.py", line 465, in _run_event
    await coro(*args, **kwargs)
  File "/app/asu_discord/cogs/analytics.py", line 652, in on_member_update
    before_timeout = before.timed_out_until
                     ^^^^^^^^^^^^^^^^^^^^^^
AttributeError: 'Member' object has no attribute 'timed_out_until'
Ignoring exception in on_member_update
Traceback (most recent call last):
  File "/usr/local/lib/python3.12/site-packages/discord/client.py", line 465, in _run_event
    await coro(*args, **kwargs)
  File "/app/asu_discord/cogs/analytics.py", line 652, in on_member_update
    before_timeout = before.timed_out_until
                     ^^^^^^^^^^^^^^^^^^^^^^
AttributeError: 'Member' object has no attribute 'timed_out_until'
ERROR:cron.jobs:refresh_salesforce_roles: failed for smanidee (Discord ID 1497588799473979432): Timed out refresh Salesforce-based roles
ERROR:cron.jobs:refresh_salesforce_roles: failed for jebales (Discord ID 1423142348753342568): Failed to refresh Salesforce-based roles: Discord user 1423142348753342568 is not a member of the guild
Ignoring exception in on_member_update
Traceback (most recent call last):
  File "/usr/local/lib/python3.12/site-packages/discord/client.py", line 465, in _run_event
    await coro(*args, **kwargs)
  File "/app/asu_discord/cogs/analytics.py", line 652, in on_member_update
    before_timeout = before.timed_out_until
                     ^^^^^^^^^^^^^^^^^^^^^^
AttributeError: 'Member' object has no attribute 'timed_out_until'
Ignoring exception in on_member_update
Traceback (most recent call last):
  File "/usr/local/lib/python3.12/site-packages/discord/client.py", line 465, in _run_event
    await coro(*args, **kwargs)
  File "/app/asu_discord/cogs/analytics.py", line 652, in on_member_update
    before_timeout = before.timed_out_until
                     ^^^^^^^^^^^^^^^^^^^^^^
AttributeError: 'Member' object has no attribute 'timed_out_until'
Ignoring exception in on_member_update
Traceback (most recent call last):
  File "/usr/local/lib/python3.12/site-packages/discord/client.py", line 465, in _run_event
    await coro(*args, **kwargs)
  File "/app/asu_discord/cogs/analytics.py", line 652, in on_member_update
    before_timeout = before.timed_out_until
                     ^^^^^^^^^^^^^^^^^^^^^^
AttributeError: 'Member' object has no attribute 'timed_out_until'
Ignoring exception in on_member_update
Traceback (most recent call last):
  File "/usr/local/lib/python3.12/site-packages/discord/client.py", line 465, in _run_event
    await coro(*args, **kwargs)
  File "/app/asu_discord/cogs/analytics.py", line 652, in on_member_update
    before_timeout = before.timed_out_until
                     ^^^^^^^^^^^^^^^^^^^^^^
AttributeError: 'Member' object has no attribute 'timed_out_until'
Ignoring exception in on_member_update
Traceback (most recent call last):
  File "/usr/local/lib/python3.12/site-packages/discord/client.py", line 465, in _run_event
    await coro(*args, **kwargs)
  File "/app/asu_discord/cogs/analytics.py", line 652, in on_member_update
    before_timeout = before.timed_out_until
                     ^^^^^^^^^^^^^^^^^^^^^^
AttributeError: 'Member' object has no attribute 'timed_out_until'
Ignoring exception in on_member_update
Traceback (most recent call last):
  File "/usr/local/lib/python3.12/site-packages/discord/client.py", line 465, in _run_event
    await coro(*args, **kwargs)
  File "/app/asu_discord/cogs/analytics.py", line 652, in on_member_update
    before_timeout = before.timed_out_until
                     ^^^^^^^^^^^^^^^^^^^^^^
AttributeError: 'Member' object has no attribute 'timed_out_until'
Ignoring exception in on_member_update
Traceback (most recent call last):
  File "/usr/local/lib/python3.12/site-packages/discord/client.py", line 465, in _run_event
    await coro(*args, **kwargs)
  File "/app/asu_discord/cogs/analytics.py", line 652, in on_member_update
    before_timeout = before.timed_out_until
                     ^^^^^^^^^^^^^^^^^^^^^^
AttributeError: 'Member' object has no attribute 'timed_out_until'
Ignoring exception in on_member_update
Traceback (most recent call last):
  File "/usr/local/lib/python3.12/site-packages/discord/client.py", line 465, in _run_event
    await coro(*args, **kwargs)
  File "/app/asu_discord/cogs/analytics.py", line 652, in on_member_update
    before_timeout = before.timed_out_until
                     ^^^^^^^^^^^^^^^^^^^^^^
AttributeError: 'Member' object has no attribute 'timed_out_until'
Ignoring exception in on_member_update
Traceback (most recent call last):
  File "/usr/local/lib/python3.12/site-packages/discord/client.py", line 465, in _run_event
    await coro(*args, **kwargs)
  File "/app/asu_discord/cogs/analytics.py", line 652, in on_member_update
    before_timeout = before.timed_out_until
                     ^^^^^^^^^^^^^^^^^^^^^^
AttributeError: 'Member' object has no attribute 'timed_out_until'
Ignoring exception in on_member_update
Traceback (most recent call last):
  File "/usr/local/lib/python3.12/site-packages/discord/client.py", line 465, in _run_event
    await coro(*args, **kwargs)
  File "/app/asu_discord/cogs/analytics.py", line 652, in on_member_update
    before_timeout = before.timed_out_until
                     ^^^^^^^^^^^^^^^^^^^^^^
AttributeError: 'Member' object has no attribute 'timed_out_until'
INFO:asu_discord.cogs.verification:Saved 5 roles to database for user jvoglian (Discord ID: 1239297610049912864)
INFO:asu_discord.cogs.verification:Refreshed Salesforce roles for Discord user 1239297610049912864: -5/+5 roles, assigned=[College of Liberal Arts and Sciences, Commited, First Year, Out of State, Tempe]
Ignoring exception in on_member_update
Traceback (most recent call last):
  File "/usr/local/lib/python3.12/site-packages/discord/client.py", line 465, in _run_event
    await coro(*args, **kwargs)
  File "/app/asu_discord/cogs/analytics.py", line 652, in on_member_update
    before_timeout = before.timed_out_until
                     ^^^^^^^^^^^^^^^^^^^^^^
AttributeError: 'Member' object has no attribute 'timed_out_until'
Ignoring exception in on_member_update
Traceback (most recent call last):
  File "/usr/local/lib/python3.12/site-packages/discord/client.py", line 465, in _run_event
    await coro(*args, **kwargs)
  File "/app/asu_discord/cogs/analytics.py", line 652, in on_member_update
    before_timeout = before.timed_out_until
                     ^^^^^^^^^^^^^^^^^^^^^^
AttributeError: 'Member' object has no attribute 'timed_out_until'
Ignoring exception in on_member_update
Traceback (most recent call last):
  File "/usr/local/lib/python3.12/site-packages/discord/client.py", line 465, in _run_event
    await coro(*args, **kwargs)
  File "/app/asu_discord/cogs/analytics.py", line 652, in on_member_update
    before_timeout = before.timed_out_until
                     ^^^^^^^^^^^^^^^^^^^^^^
AttributeError: 'Member' object has no attribute 'timed_out_until'
Ignoring exception in on_member_update
Traceback (most recent call last):
  File "/usr/local/lib/python3.12/site-packages/discord/client.py", line 465, in _run_event
    await coro(*args, **kwargs)
  File "/app/asu_discord/cogs/analytics.py", line 652, in on_member_update
    before_timeout = before.timed_out_until
                     ^^^^^^^^^^^^^^^^^^^^^^
AttributeError: 'Member' object has no attribute 'timed_out_until'
Ignoring exception in on_member_update
Traceback (most recent call last):
  File "/usr/local/lib/python3.12/site-packages/discord/client.py", line 465, in _run_event
    await coro(*args, **kwargs)
  File "/app/asu_discord/cogs/analytics.py", line 652, in on_member_update
    before_timeout = before.timed_out_until
                     ^^^^^^^^^^^^^^^^^^^^^^
AttributeError: 'Member' object has no attribute 'timed_out_until'
Ignoring exception in on_member_update
Traceback (most recent call last):
  File "/usr/local/lib/python3.12/site-packages/discord/client.py", line 465, in _run_event
    await coro(*args, **kwargs)
  File "/app/asu_discord/cogs/analytics.py", line 652, in on_member_update
    before_timeout = before.timed_out_until
                     ^^^^^^^^^^^^^^^^^^^^^^
AttributeError: 'Member' object has no attribute 'timed_out_until'
Ignoring exception in on_member_update
Traceback (most recent call last):
  File "/usr/local/lib/python3.12/site-packages/discord/client.py", line 465, in _run_event
    await coro(*args, **kwargs)
  File "/app/asu_discord/cogs/analytics.py", line 652, in on_member_update
    before_timeout = before.timed_out_until
                     ^^^^^^^^^^^^^^^^^^^^^^
AttributeError: 'Member' object has no attribute 'timed_out_until'
Ignoring exception in on_member_update
Traceback (most recent call last):
  File "/usr/local/lib/python3.12/site-packages/discord/client.py", line 465, in _run_event
    await coro(*args, **kwargs)
  File "/app/asu_discord/cogs/analytics.py", line 652, in on_member_update
    before_timeout = before.timed_out_until
                     ^^^^^^^^^^^^^^^^^^^^^^
AttributeError: 'Member' object has no attribute 'timed_out_until'
Ignoring exception in on_member_update
Traceback (most recent call last):
  File "/usr/local/lib/python3.12/site-packages/discord/client.py", line 465, in _run_event
    await coro(*args, **kwargs)
  File "/app/asu_discord/cogs/analytics.py", line 652, in on_member_update
    before_timeout = before.timed_out_until
                     ^^^^^^^^^^^^^^^^^^^^^^
AttributeError: 'Member' object has no attribute 'timed_out_until'
Ignoring exception in on_member_update
Traceback (most recent call last):
  File "/usr/local/lib/python3.12/site-packages/discord/client.py", line 465, in _run_event
    await coro(*args, **kwargs)
  File "/app/asu_discord/cogs/analytics.py", line 652, in on_member_update
    before_timeout = before.timed_out_until
                     ^^^^^^^^^^^^^^^^^^^^^^
AttributeError: 'Member' object has no attribute 'timed_out_until'
INFO:asu_discord.cogs.verification:Saved 5 roles to database for user ssriva94 (Discord ID: 461856962649522176)
INFO:asu_discord.cogs.verification:Refreshed Salesforce roles for Discord user 461856962649522176: -5/+5 roles, assigned=[Commited, Graduate Student, International Student, Ira A. Fulton Schools of Engineering, Tempe]
Ignoring exception in on_member_update
Traceback (most recent call last):
  File "/usr/local/lib/python3.12/site-packages/discord/client.py", line 465, in _run_event
    await coro(*args, **kwargs)
  File "/app/asu_discord/cogs/analytics.py", line 652, in on_member_update
    before_timeout = before.timed_out_until
                     ^^^^^^^^^^^^^^^^^^^^^^
AttributeError: 'Member' object has no attribute 'timed_out_until'
Ignoring exception in on_member_update
Traceback (most recent call last):
  File "/usr/local/lib/python3.12/site-packages/discord/client.py", line 465, in _run_event
    await coro(*args, **kwargs)
  File "/app/asu_discord/cogs/analytics.py", line 652, in on_member_update
    before_timeout = before.timed_out_until
                     ^^^^^^^^^^^^^^^^^^^^^^
AttributeError: 'Member' object has no attribute 'timed_out_until'
Ignoring exception in on_member_update
Traceback (most recent call last):
  File "/usr/local/lib/python3.12/site-packages/discord/client.py", line 465, in _run_event
    await coro(*args, **kwargs)
  File "/app/asu_discord/cogs/analytics.py", line 652, in on_member_update
    before_timeout = before.timed_out_until
                     ^^^^^^^^^^^^^^^^^^^^^^
AttributeError: 'Member' object has no attribute 'timed_out_until'
Ignoring exception in on_member_update
Traceback (most recent call last):
  File "/usr/local/lib/python3.12/site-packages/discord/client.py", line 465, in _run_event
    await coro(*args, **kwargs)
  File "/app/asu_discord/cogs/analytics.py", line 652, in on_member_update
    before_timeout = before.timed_out_until
                     ^^^^^^^^^^^^^^^^^^^^^^
AttributeError: 'Member' object has no attribute 'timed_out_until'
Ignoring exception in on_member_update
Traceback (most recent call last):
  File "/usr/local/lib/python3.12/site-packages/discord/client.py", line 465, in _run_event
    await coro(*args, **kwargs)
  File "/app/asu_discord/cogs/analytics.py", line 652, in on_member_update
    before_timeout = before.timed_out_until
                     ^^^^^^^^^^^^^^^^^^^^^^
AttributeError: 'Member' object has no attribute 'timed_out_until'
Ignoring exception in on_member_update
Traceback (most recent call last):
  File "/usr/local/lib/python3.12/site-packages/discord/client.py", line 465, in _run_event
    await coro(*args, **kwargs)
  File "/app/asu_discord/cogs/analytics.py", line 652, in on_member_update
    before_timeout = before.timed_out_until
                     ^^^^^^^^^^^^^^^^^^^^^^
AttributeError: 'Member' object has no attribute 'timed_out_until'
Ignoring exception in on_member_update
Traceback (most recent call last):
  File "/usr/local/lib/python3.12/site-packages/discord/client.py", line 465, in _run_event
    await coro(*args, **kwargs)
  File "/app/asu_discord/cogs/analytics.py", line 652, in on_member_update
    before_timeout = before.timed_out_until
                     ^^^^^^^^^^^^^^^^^^^^^^
AttributeError: 'Member' object has no attribute 'timed_out_until'
INFO:asu_discord.cogs.verification:Saved 4 roles to database for user balyami2 (Discord ID: 788404583403487263)
INFO:asu_discord.cogs.verification:Refreshed Salesforce roles for Discord user 788404583403487263: -3/+4 roles, assigned=[First Year, International Student, Tempe, W.P. Carey School of Business]
ERROR:cron.jobs:refresh_salesforce_roles: failed for dguerra8 (Discord ID 766510580093419520): Failed to refresh Salesforce-based roles: Discord user 766510580093419520 is not a member of the guild
Ignoring exception in on_member_update
Traceback (most recent call last):
  File "/usr/local/lib/python3.12/site-packages/discord/client.py", line 465, in _run_event
    await coro(*args, **kwargs)
  File "/app/asu_discord/cogs/analytics.py", line 652, in on_member_update
    before_timeout = before.timed_out_until
                     ^^^^^^^^^^^^^^^^^^^^^^
AttributeError: 'Member' object has no attribute 'timed_out_until'
Ignoring exception in on_member_update
Traceback (most recent call last):
  File "/usr/local/lib/python3.12/site-packages/discord/client.py", line 465, in _run_event
    await coro(*args, **kwargs)
  File "/app/asu_discord/cogs/analytics.py", line 652, in on_member_update
    before_timeout = before.timed_out_until
                     ^^^^^^^^^^^^^^^^^^^^^^
AttributeError: 'Member' object has no attribute 'timed_out_until'
Ignoring exception in on_member_update
Traceback (most recent call last):
  File "/usr/local/lib/python3.12/site-packages/discord/client.py", line 465, in _run_event
    await coro(*args, **kwargs)
  File "/app/asu_discord/cogs/analytics.py", line 652, in on_member_update
    before_timeout = before.timed_out_until
                     ^^^^^^^^^^^^^^^^^^^^^^
AttributeError: 'Member' object has no attribute 'timed_out_until'
Ignoring exception in on_member_update
Traceback (most recent call last):
  File "/usr/local/lib/python3.12/site-packages/discord/client.py", line 465, in _run_event
    await coro(*args, **kwargs)
  File "/app/asu_discord/cogs/analytics.py", line 652, in on_member_update
    before_timeout = before.timed_out_until
                     ^^^^^^^^^^^^^^^^^^^^^^
AttributeError: 'Member' object has no attribute 'timed_out_until'
Ignoring exception in on_member_update
Traceback (most recent call last):
  File "/usr/local/lib/python3.12/site-packages/discord/client.py", line 465, in _run_event
    await coro(*args, **kwargs)
  File "/app/asu_discord/cogs/analytics.py", line 652, in on_member_update
    before_timeout = before.timed_out_until
                     ^^^^^^^^^^^^^^^^^^^^^^
AttributeError: 'Member' object has no attribute 'timed_out_until'
Ignoring exception in on_member_update
Traceback (most recent call last):
  File "/usr/local/lib/python3.12/site-packages/discord/client.py", line 465, in _run_event
    await coro(*args, **kwargs)
  File "/app/asu_discord/cogs/analytics.py", line 652, in on_member_update
    before_timeout = before.timed_out_until
                     ^^^^^^^^^^^^^^^^^^^^^^
AttributeError: 'Member' object has no attribute 'timed_out_until'
Ignoring exception in on_member_update
Traceback (most recent call last):
  File "/usr/local/lib/python3.12/site-packages/discord/client.py", line 465, in _run_event
    await coro(*args, **kwargs)
  File "/app/asu_discord/cogs/analytics.py", line 652, in on_member_update
    before_timeout = before.timed_out_until
                     ^^^^^^^^^^^^^^^^^^^^^^
AttributeError: 'Member' object has no attribute 'timed_out_until'
Ignoring exception in on_member_update
Traceback (most recent call last):
  File "/usr/local/lib/python3.12/site-packages/discord/client.py", line 465, in _run_event
    await coro(*args, **kwargs)
  File "/app/asu_discord/cogs/analytics.py", line 652, in on_member_update
    before_timeout = before.timed_out_until
                     ^^^^^^^^^^^^^^^^^^^^^^
AttributeError: 'Member' object has no attribute 'timed_out_until'
Ignoring exception in on_member_update
Traceback (most recent call last):
  File "/usr/local/lib/python3.12/site-packages/discord/client.py", line 465, in _run_event
    await coro(*args, **kwargs)
  File "/app/asu_discord/cogs/analytics.py", line 652, in on_member_update
    before_timeout = before.timed_out_until
                     ^^^^^^^^^^^^^^^^^^^^^^
AttributeError: 'Member' object has no attribute 'timed_out_until'
INFO:asu_discord.cogs.verification:Saved 5 roles to database for user gecluff (Discord ID: 1505057829575196713)
INFO:asu_discord.cogs.verification:Refreshed Salesforce roles for Discord user 1505057829575196713: -5/+4 roles, assigned=[Arizona Resident, Commited, First Year, Herberger Institute for Design and the Arts, Tempe]
Ignoring exception in on_member_update
Traceback (most recent call last):
  File "/usr/local/lib/python3.12/site-packages/discord/client.py", line 465, in _run_event
    await coro(*args, **kwargs)
  File "/app/asu_discord/cogs/analytics.py", line 652, in on_member_update
    before_timeout = before.timed_out_until
                     ^^^^^^^^^^^^^^^^^^^^^^
AttributeError: 'Member' object has no attribute 'timed_out_until'
Ignoring exception in on_member_update
Traceback (most recent call last):
  File "/usr/local/lib/python3.12/site-packages/discord/client.py", line 465, in _run_event
    await coro(*args, **kwargs)
  File "/app/asu_discord/cogs/analytics.py", line 652, in on_member_update
    before_timeout = before.timed_out_until
                     ^^^^^^^^^^^^^^^^^^^^^^
AttributeError: 'Member' object has no attribute 'timed_out_until'
Ignoring exception in on_member_update
Traceback (most recent call last):
  File "/usr/local/lib/python3.12/site-packages/discord/client.py", line 465, in _run_event
    await coro(*args, **kwargs)
  File "/app/asu_discord/cogs/analytics.py", line 652, in on_member_update
    before_timeout = before.timed_out_until
                     ^^^^^^^^^^^^^^^^^^^^^^
AttributeError: 'Member' object has no attribute 'timed_out_until'
Ignoring exception in on_member_update
Traceback (most recent call last):
  File "/usr/local/lib/python3.12/site-packages/discord/client.py", line 465, in _run_event
    await coro(*args, **kwargs)
  File "/app/asu_discord/cogs/analytics.py", line 652, in on_member_update
    before_timeout = before.timed_out_until
                     ^^^^^^^^^^^^^^^^^^^^^^
AttributeError: 'Member' object has no attribute 'timed_out_until'
Ignoring exception in on_member_update
Traceback (most recent call last):
  File "/usr/local/lib/python3.12/site-packages/discord/client.py", line 465, in _run_event
    await coro(*args, **kwargs)
  File "/app/asu_discord/cogs/analytics.py", line 652, in on_member_update
    before_timeout = before.timed_out_until
                     ^^^^^^^^^^^^^^^^^^^^^^
AttributeError: 'Member' object has no attribute 'timed_out_until'
Ignoring exception in on_member_update
Traceback (most recent call last):
  File "/usr/local/lib/python3.12/site-packages/discord/client.py", line 465, in _run_event
    await coro(*args, **kwargs)
  File "/app/asu_discord/cogs/analytics.py", line 652, in on_member_update
    before_timeout = before.timed_out_until
                     ^^^^^^^^^^^^^^^^^^^^^^
AttributeError: 'Member' object has no attribute 'timed_out_until'
Ignoring exception in on_member_update
Traceback (most recent call last):
  File "/usr/local/lib/python3.12/site-packages/discord/client.py", line 465, in _run_event
    await coro(*args, **kwargs)
  File "/app/asu_discord/cogs/analytics.py", line 652, in on_member_update
    before_timeout = before.timed_out_until
                     ^^^^^^^^^^^^^^^^^^^^^^
AttributeError: 'Member' object has no attribute 'timed_out_until'
Ignoring exception in on_member_update
Traceback (most recent call last):
  File "/usr/local/lib/python3.12/site-packages/discord/client.py", line 465, in _run_event
    await coro(*args, **kwargs)
  File "/app/asu_discord/cogs/analytics.py", line 652, in on_member_update
    before_timeout = before.timed_out_until
                     ^^^^^^^^^^^^^^^^^^^^^^
AttributeError: 'Member' object has no attribute 'timed_out_until'
Ignoring exception in on_member_update
Traceback (most recent call last):
  File "/usr/local/lib/python3.12/site-packages/discord/client.py", line 465, in _run_event
    await coro(*args, **kwargs)
  File "/app/asu_discord/cogs/analytics.py", line 652, in on_member_update
    before_timeout = before.timed_out_until
                     ^^^^^^^^^^^^^^^^^^^^^^
AttributeError: 'Member' object has no attribute 'timed_out_until'
Ignoring exception in on_member_update
Traceback (most recent call last):
  File "/usr/local/lib/python3.12/site-packages/discord/client.py", line 465, in _run_event
    await coro(*args, **kwargs)
  File "/app/asu_discord/cogs/analytics.py", line 652, in on_member_update
    before_timeout = before.timed_out_until
                     ^^^^^^^^^^^^^^^^^^^^^^
AttributeError: 'Member' object has no attribute 'timed_out_until'
Ignoring exception in on_member_update
Traceback (most recent call last):
  File "/usr/local/lib/python3.12/site-packages/discord/client.py", line 465, in _run_event
    await coro(*args, **kwargs)
  File "/app/asu_discord/cogs/analytics.py", line 652, in on_member_update
    before_timeout = before.timed_out_until
                     ^^^^^^^^^^^^^^^^^^^^^^
AttributeError: 'Member' object has no attribute 'timed_out_until'
ERROR:cron.jobs:refresh_salesforce_roles: failed for asvilla5 (Discord ID 1505070813332897819): Timed out refresh Salesforce-based roles
Ignoring exception in on_member_update
Traceback (most recent call last):
  File "/usr/local/lib/python3.12/site-packages/discord/client.py", line 465, in _run_event
    await coro(*args, **kwargs)
  File "/app/asu_discord/cogs/analytics.py", line 652, in on_member_update
    before_timeout = before.timed_out_until
                     ^^^^^^^^^^^^^^^^^^^^^^
AttributeError: 'Member' object has no attribute 'timed_out_until'
Ignoring exception in on_member_update
Traceback (most recent call last):
  File "/usr/local/lib/python3.12/site-packages/discord/client.py", line 465, in _run_event
    await coro(*args, **kwargs)
  File "/app/asu_discord/cogs/analytics.py", line 652, in on_member_update
    before_timeout = before.timed_out_until
                     ^^^^^^^^^^^^^^^^^^^^^^
AttributeError: 'Member' object has no attribute 'timed_out_until'
Ignoring exception in on_member_update
Traceback (most recent call last):
  File "/usr/local/lib/python3.12/site-packages/discord/client.py", line 465, in _run_event
    await coro(*args, **kwargs)
  File "/app/asu_discord/cogs/analytics.py", line 652, in on_member_update
    before_timeout = before.timed_out_until
                     ^^^^^^^^^^^^^^^^^^^^^^
AttributeError: 'Member' object has no attribute 'timed_out_until'
Ignoring exception in on_member_update
Traceback (most recent call last):
  File "/usr/local/lib/python3.12/site-packages/discord/client.py", line 465, in _run_event
    await coro(*args, **kwargs)
  File "/app/asu_discord/cogs/analytics.py", line 652, in on_member_update
    before_timeout = before.timed_out_until
                     ^^^^^^^^^^^^^^^^^^^^^^
AttributeError: 'Member' object has no attribute 'timed_out_until'
Ignoring exception in on_member_update
Traceback (most recent call last):
  File "/usr/local/lib/python3.12/site-packages/discord/client.py", line 465, in _run_event
    await coro(*args, **kwargs)
  File "/app/asu_discord/cogs/analytics.py", line 652, in on_member_update
    before_timeout = before.timed_out_until
                     ^^^^^^^^^^^^^^^^^^^^^^
AttributeError: 'Member' object has no attribute 'timed_out_until'
Ignoring exception in on_member_update
Traceback (most recent call last):
  File "/usr/local/lib/python3.12/site-packages/discord/client.py", line 465, in _run_event
    await coro(*args, **kwargs)
  File "/app/asu_discord/cogs/analytics.py", line 652, in on_member_update
    before_timeout = before.timed_out_until
                     ^^^^^^^^^^^^^^^^^^^^^^
AttributeError: 'Member' object has no attribute 'timed_out_until'
Ignoring exception in on_member_update
Traceback (most recent call last):
  File "/usr/local/lib/python3.12/site-packages/discord/client.py", line 465, in _run_event
    await coro(*args, **kwargs)
  File "/app/asu_discord/cogs/analytics.py", line 652, in on_member_update
    before_timeout = before.timed_out_until
                     ^^^^^^^^^^^^^^^^^^^^^^
AttributeError: 'Member' object has no attribute 'timed_out_until'
Ignoring exception in on_member_update
Traceback (most recent call last):
  File "/usr/local/lib/python3.12/site-packages/discord/client.py", line 465, in _run_event
    await coro(*args, **kwargs)
  File "/app/asu_discord/cogs/analytics.py", line 652, in on_member_update
    before_timeout = before.timed_out_until
                     ^^^^^^^^^^^^^^^^^^^^^^
AttributeError: 'Member' object has no attribute 'timed_out_until'
INFO:asu_discord.cogs.verification:Saved 4 roles to database for user mkhan352 (Discord ID: 1501111608343007313)
INFO:asu_discord.cogs.verification:Refreshed Salesforce roles for Discord user 1501111608343007313: -4/+4 roles, assigned=[Graduate Student, International Student, Tempe, W.P. Carey School of Business]
Ignoring exception in on_member_update
Traceback (most recent call last):
  File "/usr/local/lib/python3.12/site-packages/discord/client.py", line 465, in _run_event
    await coro(*args, **kwargs)
  File "/app/asu_discord/cogs/analytics.py", line 652, in on_member_update
    before_timeout = before.timed_out_until
                     ^^^^^^^^^^^^^^^^^^^^^^
AttributeError: 'Member' object has no attribute 'timed_out_until'
Ignoring exception in on_member_update
Traceback (most recent call last):
  File "/usr/local/lib/python3.12/site-packages/discord/client.py", line 465, in _run_event
    await coro(*args, **kwargs)
  File "/app/asu_discord/cogs/analytics.py", line 652, in on_member_update
    before_timeout = before.timed_out_until
                     ^^^^^^^^^^^^^^^^^^^^^^
AttributeError: 'Member' object has no attribute 'timed_out_until'
Ignoring exception in on_member_update
Traceback (most recent call last):
  File "/usr/local/lib/python3.12/site-packages/discord/client.py", line 465, in _run_event
    await coro(*args, **kwargs)
  File "/app/asu_discord/cogs/analytics.py", line 652, in on_member_update
    before_timeout = before.timed_out_until
                     ^^^^^^^^^^^^^^^^^^^^^^
AttributeError: 'Member' object has no attribute 'timed_out_until'
Ignoring exception in on_member_update
Traceback (most recent call last):
  File "/usr/local/lib/python3.12/site-packages/discord/client.py", line 465, in _run_event
    await coro(*args, **kwargs)
  File "/app/asu_discord/cogs/analytics.py", line 652, in on_member_update
    before_timeout = before.timed_out_until
                     ^^^^^^^^^^^^^^^^^^^^^^
AttributeError: 'Member' object has no attribute 'timed_out_until'
Ignoring exception in on_member_update
Traceback (most recent call last):
  File "/usr/local/lib/python3.12/site-packages/discord/client.py", line 465, in _run_event
    await coro(*args, **kwargs)
  File "/app/asu_discord/cogs/analytics.py", line 652, in on_member_update
    before_timeout = before.timed_out_until
                     ^^^^^^^^^^^^^^^^^^^^^^
AttributeError: 'Member' object has no attribute 'timed_out_until'
Ignoring exception in on_member_update
Traceback (most recent call last):
  File "/usr/local/lib/python3.12/site-packages/discord/client.py", line 465, in _run_event
    await coro(*args, **kwargs)
  File "/app/asu_discord/cogs/analytics.py", line 652, in on_member_update
    before_timeout = before.timed_out_until
                     ^^^^^^^^^^^^^^^^^^^^^^
AttributeError: 'Member' object has no attribute 'timed_out_until'
Ignoring exception in on_member_update
Traceback (most recent call last):
  File "/usr/local/lib/python3.12/site-packages/discord/client.py", line 465, in _run_event
    await coro(*args, **kwargs)
  File "/app/asu_discord/cogs/analytics.py", line 652, in on_member_update
    before_timeout = before.timed_out_until
                     ^^^^^^^^^^^^^^^^^^^^^^
AttributeError: 'Member' object has no attribute 'timed_out_until'
Ignoring exception in on_member_update
Traceback (most recent call last):
  File "/usr/local/lib/python3.12/site-packages/discord/client.py", line 465, in _run_event
    await coro(*args, **kwargs)
  File "/app/asu_discord/cogs/analytics.py", line 652, in on_member_update
    before_timeout = before.timed_out_until
                     ^^^^^^^^^^^^^^^^^^^^^^
AttributeError: 'Member' object has no attribute 'timed_out_until'
Ignoring exception in on_member_update
Traceback (most recent call last):
  File "/usr/local/lib/python3.12/site-packages/discord/client.py", line 465, in _run_event
    await coro(*args, **kwargs)
  File "/app/asu_discord/cogs/analytics.py", line 652, in on_member_update
    before_timeout = before.timed_out_until
                     ^^^^^^^^^^^^^^^^^^^^^^
AttributeError: 'Member' object has no attribute 'timed_out_until'
INFO:asu_discord.cogs.verification:Saved 5 roles to database for user cwejim (Discord ID: 972536350643482695)
INFO:asu_discord.cogs.verification:Refreshed Salesforce roles for Discord user 972536350643482695: -4/+5 roles, assigned=[Arizona Resident, College of Integrative Sciences and Arts, Commited, First Year, Polytechnic]
Ignoring exception in on_member_update
Traceback (most recent call last):
  File "/usr/local/lib/python3.12/site-packages/discord/client.py", line 465, in _run_event
    await coro(*args, **kwargs)
  File "/app/asu_discord/cogs/analytics.py", line 652, in on_member_update
    before_timeout = before.timed_out_until
                     ^^^^^^^^^^^^^^^^^^^^^^
AttributeError: 'Member' object has no attribute 'timed_out_until'
Ignoring exception in on_member_update
Traceback (most recent call last):
  File "/usr/local/lib/python3.12/site-packages/discord/client.py", line 465, in _run_event
    await coro(*args, **kwargs)
  File "/app/asu_discord/cogs/analytics.py", line 652, in on_member_update
    before_timeout = before.timed_out_until
                     ^^^^^^^^^^^^^^^^^^^^^^
AttributeError: 'Member' object has no attribute 'timed_out_until'
Ignoring exception in on_member_update
Traceback (most recent call last):
  File "/usr/local/lib/python3.12/site-packages/discord/client.py", line 465, in _run_event
    await coro(*args, **kwargs)
  File "/app/asu_discord/cogs/analytics.py", line 652, in on_member_update
    before_timeout = before.timed_out_until
                     ^^^^^^^^^^^^^^^^^^^^^^
AttributeError: 'Member' object has no attribute 'timed_out_until'
Ignoring exception in on_member_update
Traceback (most recent call last):
  File "/usr/local/lib/python3.12/site-packages/discord/client.py", line 465, in _run_event
    await coro(*args, **kwargs)
  File "/app/asu_discord/cogs/analytics.py", line 652, in on_member_update
    before_timeout = before.timed_out_until
                     ^^^^^^^^^^^^^^^^^^^^^^
AttributeError: 'Member' object has no attribute 'timed_out_until'
Ignoring exception in on_member_update
Traceback (most recent call last):
  File "/usr/local/lib/python3.12/site-packages/discord/client.py", line 465, in _run_event
    await coro(*args, **kwargs)
  File "/app/asu_discord/cogs/analytics.py", line 652, in on_member_update
    before_timeout = before.timed_out_until
                     ^^^^^^^^^^^^^^^^^^^^^^
AttributeError: 'Member' object has no attribute 'timed_out_until'
Ignoring exception in on_member_update
Traceback (most recent call last):
  File "/usr/local/lib/python3.12/site-packages/discord/client.py", line 465, in _run_event
    await coro(*args, **kwargs)
  File "/app/asu_discord/cogs/analytics.py", line 652, in on_member_update
    before_timeout = before.timed_out_until
                     ^^^^^^^^^^^^^^^^^^^^^^
AttributeError: 'Member' object has no attribute 'timed_out_until'
Ignoring exception in on_member_update
Traceback (most recent call last):
  File "/usr/local/lib/python3.12/site-packages/discord/client.py", line 465, in _run_event
    await coro(*args, **kwargs)
  File "/app/asu_discord/cogs/analytics.py", line 652, in on_member_update
    before_timeout = before.timed_out_until
                     ^^^^^^^^^^^^^^^^^^^^^^
AttributeError: 'Member' object has no attribute 'timed_out_until'
Ignoring exception in on_member_update
Traceback (most recent call last):
  File "/usr/local/lib/python3.12/site-packages/discord/client.py", line 465, in _run_event
    await coro(*args, **kwargs)
  File "/app/asu_discord/cogs/analytics.py", line 652, in on_member_update
    before_timeout = before.timed_out_until
                     ^^^^^^^^^^^^^^^^^^^^^^
AttributeError: 'Member' object has no attribute 'timed_out_until'
Ignoring exception in on_member_update
Traceback (most recent call last):
  File "/usr/local/lib/python3.12/site-packages/discord/client.py", line 465, in _run_event
    await coro(*args, **kwargs)
  File "/app/asu_discord/cogs/analytics.py", line 652, in on_member_update
    before_timeout = before.timed_out_until
                     ^^^^^^^^^^^^^^^^^^^^^^
AttributeError: 'Member' object has no attribute 'timed_out_until'
Ignoring exception in on_member_update
Traceback (most recent call last):
  File "/usr/local/lib/python3.12/site-packages/discord/client.py", line 465, in _run_event
    await coro(*args, **kwargs)
  File "/app/asu_discord/cogs/analytics.py", line 652, in on_member_update
    before_timeout = before.timed_out_until
                     ^^^^^^^^^^^^^^^^^^^^^^
AttributeError: 'Member' object has no attribute 'timed_out_until'
INFO:asu_discord.cogs.verification:Saved 5 roles to database for user faltassa (Discord ID: 531914134837526548)
INFO:asu_discord.cogs.verification:Refreshed Salesforce roles for Discord user 531914134837526548: -5/+5 roles, assigned=[Commited, First Year, International Student, W.P. Carey School of Business, West Valley]
Ignoring exception in on_member_update
Traceback (most recent call last):
  File "/usr/local/lib/python3.12/site-packages/discord/client.py", line 465, in _run_event
    await coro(*args, **kwargs)
  File "/app/asu_discord/cogs/analytics.py", line 652, in on_member_update
    before_timeout = before.timed_out_until
                     ^^^^^^^^^^^^^^^^^^^^^^
AttributeError: 'Member' object has no attribute 'timed_out_until'
Ignoring exception in on_member_update
Traceback (most recent call last):
  File "/usr/local/lib/python3.12/site-packages/discord/client.py", line 465, in _run_event
    await coro(*args, **kwargs)
  File "/app/asu_discord/cogs/analytics.py", line 652, in on_member_update
    before_timeout = before.timed_out_until
                     ^^^^^^^^^^^^^^^^^^^^^^
AttributeError: 'Member' object has no attribute 'timed_out_until'
Ignoring exception in on_member_update
Traceback (most recent call last):
  File "/usr/local/lib/python3.12/site-packages/discord/client.py", line 465, in _run_event
    await coro(*args, **kwargs)
  File "/app/asu_discord/cogs/analytics.py", line 652, in on_member_update
    before_timeout = before.timed_out_until
                     ^^^^^^^^^^^^^^^^^^^^^^
AttributeError: 'Member' object has no attribute 'timed_out_until'
Ignoring exception in on_member_update
Traceback (most recent call last):
  File "/usr/local/lib/python3.12/site-packages/discord/client.py", line 465, in _run_event
    await coro(*args, **kwargs)
  File "/app/asu_discord/cogs/analytics.py", line 652, in on_member_update
    before_timeout = before.timed_out_until
                     ^^^^^^^^^^^^^^^^^^^^^^
AttributeError: 'Member' object has no attribute 'timed_out_until'
Ignoring exception in on_member_update
Traceback (most recent call last):
  File "/usr/local/lib/python3.12/site-packages/discord/client.py", line 465, in _run_event
    await coro(*args, **kwargs)
  File "/app/asu_discord/cogs/analytics.py", line 652, in on_member_update
    before_timeout = before.timed_out_until
                     ^^^^^^^^^^^^^^^^^^^^^^
AttributeError: 'Member' object has no attribute 'timed_out_until'
Ignoring exception in on_member_update
Traceback (most recent call last):
  File "/usr/local/lib/python3.12/site-packages/discord/client.py", line 465, in _run_event
    await coro(*args, **kwargs)
  File "/app/asu_discord/cogs/analytics.py", line 652, in on_member_update
    before_timeout = before.timed_out_until
                     ^^^^^^^^^^^^^^^^^^^^^^
AttributeError: 'Member' object has no attribute 'timed_out_until'
Ignoring exception in on_member_update
Traceback (most recent call last):
  File "/usr/local/lib/python3.12/site-packages/discord/client.py", line 465, in _run_event
    await coro(*args, **kwargs)
  File "/app/asu_discord/cogs/analytics.py", line 652, in on_member_update
    before_timeout = before.timed_out_until
                     ^^^^^^^^^^^^^^^^^^^^^^
AttributeError: 'Member' object has no attribute 'timed_out_until'
INFO:asu_discord.cogs.verification:Saved 4 roles to database for user adossan7 (Discord ID: 333310033800462337)
INFO:asu_discord.cogs.verification:Refreshed Salesforce roles for Discord user 333310033800462337: -4/+3 roles, assigned=[Graduate Student, Herberger Institute for Design and the Arts, International Student, Tempe]
Ignoring exception in on_member_update
Traceback (most recent call last):
  File "/usr/local/lib/python3.12/site-packages/discord/client.py", line 465, in _run_event
    await coro(*args, **kwargs)
  File "/app/asu_discord/cogs/analytics.py", line 652, in on_member_update
    before_timeout = before.timed_out_until
                     ^^^^^^^^^^^^^^^^^^^^^^
AttributeError: 'Member' object has no attribute 'timed_out_until'
Ignoring exception in on_member_update
Traceback (most recent call last):
  File "/usr/local/lib/python3.12/site-packages/discord/client.py", line 465, in _run_event
    await coro(*args, **kwargs)
  File "/app/asu_discord/cogs/analytics.py", line 652, in on_member_update
    before_timeout = before.timed_out_until
                     ^^^^^^^^^^^^^^^^^^^^^^
AttributeError: 'Member' object has no attribute 'timed_out_until'
Ignoring exception in on_member_update
Traceback (most recent call last):
  File "/usr/local/lib/python3.12/site-packages/discord/client.py", line 465, in _run_event
    await coro(*args, **kwargs)
  File "/app/asu_discord/cogs/analytics.py", line 652, in on_member_update
    before_timeout = before.timed_out_until
                     ^^^^^^^^^^^^^^^^^^^^^^
AttributeError: 'Member' object has no attribute 'timed_out_until'
Ignoring exception in on_member_update
Traceback (most recent call last):
  File "/usr/local/lib/python3.12/site-packages/discord/client.py", line 465, in _run_event
    await coro(*args, **kwargs)
  File "/app/asu_discord/cogs/analytics.py", line 652, in on_member_update
    before_timeout = before.timed_out_until
                     ^^^^^^^^^^^^^^^^^^^^^^
AttributeError: 'Member' object has no attribute 'timed_out_until'
Ignoring exception in on_member_update
Traceback (most recent call last):
  File "/usr/local/lib/python3.12/site-packages/discord/client.py", line 465, in _run_event
    await coro(*args, **kwargs)
  File "/app/asu_discord/cogs/analytics.py", line 652, in on_member_update
    before_timeout = before.timed_out_until
                     ^^^^^^^^^^^^^^^^^^^^^^
AttributeError: 'Member' object has no attribute 'timed_out_until'
Ignoring exception in on_member_update
Traceback (most recent call last):
  File "/usr/local/lib/python3.12/site-packages/discord/client.py", line 465, in _run_event
    await coro(*args, **kwargs)
  File "/app/asu_discord/cogs/analytics.py", line 652, in on_member_update
    before_timeout = before.timed_out_until
                     ^^^^^^^^^^^^^^^^^^^^^^
AttributeError: 'Member' object has no attribute 'timed_out_until'
Ignoring exception in on_member_update
Traceback (most recent call last):
  File "/usr/local/lib/python3.12/site-packages/discord/client.py", line 465, in _run_event
    await coro(*args, **kwargs)
  File "/app/asu_discord/cogs/analytics.py", line 652, in on_member_update
    before_timeout = before.timed_out_until
                     ^^^^^^^^^^^^^^^^^^^^^^
AttributeError: 'Member' object has no attribute 'timed_out_until'
Ignoring exception in on_member_update
Traceback (most recent call last):
  File "/usr/local/lib/python3.12/site-packages/discord/client.py", line 465, in _run_event
    await coro(*args, **kwargs)
  File "/app/asu_discord/cogs/analytics.py", line 652, in on_member_update
    before_timeout = before.timed_out_until
                     ^^^^^^^^^^^^^^^^^^^^^^
AttributeError: 'Member' object has no attribute 'timed_out_until'
Ignoring exception in on_member_update
Traceback (most recent call last):
  File "/usr/local/lib/python3.12/site-packages/discord/client.py", line 465, in _run_event
    await coro(*args, **kwargs)
  File "/app/asu_discord/cogs/analytics.py", line 652, in on_member_update
    before_timeout = before.timed_out_until
                     ^^^^^^^^^^^^^^^^^^^^^^
AttributeError: 'Member' object has no attribute 'timed_out_until'
Ignoring exception in on_member_update
Traceback (most recent call last):
  File "/usr/local/lib/python3.12/site-packages/discord/client.py", line 465, in _run_event
    await coro(*args, **kwargs)
  File "/app/asu_discord/cogs/analytics.py", line 652, in on_member_update
    before_timeout = before.timed_out_until
                     ^^^^^^^^^^^^^^^^^^^^^^
AttributeError: 'Member' object has no attribute 'timed_out_until'
INFO:asu_discord.cogs.verification:Saved 5 roles to database for user jrcook22 (Discord ID: 598283145657450497)
INFO:asu_discord.cogs.verification:Refreshed Salesforce roles for Discord user 598283145657450497: -5/+5 roles, assigned=[Arizona Resident, Commited, First Year, Ira A. Fulton Schools of Engineering, Tempe]
ERROR:cron.jobs:refresh_salesforce_roles: failed for lpuvvada (Discord ID 1209540691391414322): Failed to refresh Salesforce-based roles: Discord user 1209540691391414322 is not a member of the guild
Ignoring exception in on_member_update
Traceback (most recent call last):
  File "/usr/local/lib/python3.12/site-packages/discord/client.py", line 465, in _run_event
    await coro(*args, **kwargs)
  File "/app/asu_discord/cogs/analytics.py", line 652, in on_member_update
    before_timeout = before.timed_out_until
                     ^^^^^^^^^^^^^^^^^^^^^^
AttributeError: 'Member' object has no attribute 'timed_out_until'
Ignoring exception in on_member_update
Traceback (most recent call last):
  File "/usr/local/lib/python3.12/site-packages/discord/client.py", line 465, in _run_event
    await coro(*args, **kwargs)
  File "/app/asu_discord/cogs/analytics.py", line 652, in on_member_update
    before_timeout = before.timed_out_until
                     ^^^^^^^^^^^^^^^^^^^^^^
AttributeError: 'Member' object has no attribute 'timed_out_until'
Ignoring exception in on_member_update
Traceback (most recent call last):
  File "/usr/local/lib/python3.12/site-packages/discord/client.py", line 465, in _run_event
    await coro(*args, **kwargs)
  File "/app/asu_discord/cogs/analytics.py", line 652, in on_member_update
    before_timeout = before.timed_out_until
                     ^^^^^^^^^^^^^^^^^^^^^^
AttributeError: 'Member' object has no attribute 'timed_out_until'
Ignoring exception in on_member_update
Traceback (most recent call last):
  File "/usr/local/lib/python3.12/site-packages/discord/client.py", line 465, in _run_event
    await coro(*args, **kwargs)
  File "/app/asu_discord/cogs/analytics.py", line 652, in on_member_update
    before_timeout = before.timed_out_until
                     ^^^^^^^^^^^^^^^^^^^^^^
AttributeError: 'Member' object has no attribute 'timed_out_until'
Ignoring exception in on_member_update
Traceback (most recent call last):
  File "/usr/local/lib/python3.12/site-packages/discord/client.py", line 465, in _run_event
    await coro(*args, **kwargs)
  File "/app/asu_discord/cogs/analytics.py", line 652, in on_member_update
    before_timeout = before.timed_out_until
                     ^^^^^^^^^^^^^^^^^^^^^^
AttributeError: 'Member' object has no attribute 'timed_out_until'
Ignoring exception in on_member_update
Traceback (most recent call last):
  File "/usr/local/lib/python3.12/site-packages/discord/client.py", line 465, in _run_event
    await coro(*args, **kwargs)
  File "/app/asu_discord/cogs/analytics.py", line 652, in on_member_update
    before_timeout = before.timed_out_until
                     ^^^^^^^^^^^^^^^^^^^^^^
AttributeError: 'Member' object has no attribute 'timed_out_until'
Ignoring exception in on_member_update
Traceback (most recent call last):
  File "/usr/local/lib/python3.12/site-packages/discord/client.py", line 465, in _run_event
    await coro(*args, **kwargs)
  File "/app/asu_discord/cogs/analytics.py", line 652, in on_member_update
    before_timeout = before.timed_out_until
                     ^^^^^^^^^^^^^^^^^^^^^^
AttributeError: 'Member' object has no attribute 'timed_out_until'
Ignoring exception in on_member_update
Traceback (most recent call last):
  File "/usr/local/lib/python3.12/site-packages/discord/client.py", line 465, in _run_event
    await coro(*args, **kwargs)
  File "/app/asu_discord/cogs/analytics.py", line 652, in on_member_update
    before_timeout = before.timed_out_until
                     ^^^^^^^^^^^^^^^^^^^^^^
AttributeError: 'Member' object has no attribute 'timed_out_until'
Ignoring exception in on_member_update
Traceback (most recent call last):
  File "/usr/local/lib/python3.12/site-packages/discord/client.py", line 465, in _run_event
    await coro(*args, **kwargs)
  File "/app/asu_discord/cogs/analytics.py", line 652, in on_member_update
    before_timeout = before.timed_out_until
                     ^^^^^^^^^^^^^^^^^^^^^^
AttributeError: 'Member' object has no attribute 'timed_out_until'
INFO:asu_discord.cogs.verification:Saved 5 roles to database for user nkrishne (Discord ID: 343751602815107072)
INFO:asu_discord.cogs.verification:Refreshed Salesforce roles for Discord user 343751602815107072: -4/+5 roles, assigned=[Commited, International Student, Ira A. Fulton Schools of Engineering, Tempe, Transfer Student]
Ignoring exception in on_member_update
Traceback (most recent call last):
  File "/usr/local/lib/python3.12/site-packages/discord/client.py", line 465, in _run_event
    await coro(*args, **kwargs)
  File "/app/asu_discord/cogs/analytics.py", line 652, in on_member_update
    before_timeout = before.timed_out_until
                     ^^^^^^^^^^^^^^^^^^^^^^
AttributeError: 'Member' object has no attribute 'timed_out_until'
Ignoring exception in on_member_update
Traceback (most recent call last):
  File "/usr/local/lib/python3.12/site-packages/discord/client.py", line 465, in _run_event
    await coro(*args, **kwargs)
  File "/app/asu_discord/cogs/analytics.py", line 652, in on_member_update
    before_timeout = before.timed_out_until
                     ^^^^^^^^^^^^^^^^^^^^^^
AttributeError: 'Member' object has no attribute 'timed_out_until'
Ignoring exception in on_member_update
Traceback (most recent call last):
  File "/usr/local/lib/python3.12/site-packages/discord/client.py", line 465, in _run_event
    await coro(*args, **kwargs)
  File "/app/asu_discord/cogs/analytics.py", line 652, in on_member_update
    before_timeout = before.timed_out_until
                     ^^^^^^^^^^^^^^^^^^^^^^
AttributeError: 'Member' object has no attribute 'timed_out_until'
Ignoring exception in on_member_update
Traceback (most recent call last):
  File "/usr/local/lib/python3.12/site-packages/discord/client.py", line 465, in _run_event
    await coro(*args, **kwargs)
  File "/app/asu_discord/cogs/analytics.py", line 652, in on_member_update
    before_timeout = before.timed_out_until
                     ^^^^^^^^^^^^^^^^^^^^^^
AttributeError: 'Member' object has no attribute 'timed_out_until'
Ignoring exception in on_member_update
Traceback (most recent call last):
  File "/usr/local/lib/python3.12/site-packages/discord/client.py", line 465, in _run_event
    await coro(*args, **kwargs)
  File "/app/asu_discord/cogs/analytics.py", line 652, in on_member_update
    before_timeout = before.timed_out_until
                     ^^^^^^^^^^^^^^^^^^^^^^
AttributeError: 'Member' object has no attribute 'timed_out_until'
Ignoring exception in on_member_update
Traceback (most recent call last):
  File "/usr/local/lib/python3.12/site-packages/discord/client.py", line 465, in _run_event
    await coro(*args, **kwargs)
  File "/app/asu_discord/cogs/analytics.py", line 652, in on_member_update
    before_timeout = before.timed_out_until
                     ^^^^^^^^^^^^^^^^^^^^^^
AttributeError: 'Member' object has no attribute 'timed_out_until'
Ignoring exception in on_member_update
Traceback (most recent call last):
  File "/usr/local/lib/python3.12/site-packages/discord/client.py", line 465, in _run_event
    await coro(*args, **kwargs)
  File "/app/asu_discord/cogs/analytics.py", line 652, in on_member_update
    before_timeout = before.timed_out_until
                     ^^^^^^^^^^^^^^^^^^^^^^
AttributeError: 'Member' object has no attribute 'timed_out_until'
Ignoring exception in on_member_update
Traceback (most recent call last):
  File "/usr/local/lib/python3.12/site-packages/discord/client.py", line 465, in _run_event
    await coro(*args, **kwargs)
  File "/app/asu_discord/cogs/analytics.py", line 652, in on_member_update
    before_timeout = before.timed_out_until
                     ^^^^^^^^^^^^^^^^^^^^^^
AttributeError: 'Member' object has no attribute 'timed_out_until'
Ignoring exception in on_member_update
Traceback (most recent call last):
  File "/usr/local/lib/python3.12/site-packages/discord/client.py", line 465, in _run_event
    await coro(*args, **kwargs)
  File "/app/asu_discord/cogs/analytics.py", line 652, in on_member_update
    before_timeout = before.timed_out_until
                     ^^^^^^^^^^^^^^^^^^^^^^
AttributeError: 'Member' object has no attribute 'timed_out_until'
Ignoring exception in on_member_update
Traceback (most recent call last):
  File "/usr/local/lib/python3.12/site-packages/discord/client.py", line 465, in _run_event
    await coro(*args, **kwargs)
  File "/app/asu_discord/cogs/analytics.py", line 652, in on_member_update
    before_timeout = before.timed_out_until
                     ^^^^^^^^^^^^^^^^^^^^^^
AttributeError: 'Member' object has no attribute 'timed_out_until'
INFO:asu_discord.cogs.verification:Saved 5 roles to database for user retolley (Discord ID: 1505284063358091447)
INFO:asu_discord.cogs.verification:Refreshed Salesforce roles for Discord user 1505284063358091447: -5/+5 roles, assigned=[College of Liberal Arts and Sciences, Commited, Graduate Student, Out of State, Tempe]
Ignoring exception in on_member_update
Traceback (most recent call last):
  File "/usr/local/lib/python3.12/site-packages/discord/client.py", line 465, in _run_event
    await coro(*args, **kwargs)
  File "/app/asu_discord/cogs/analytics.py", line 652, in on_member_update
    before_timeout = before.timed_out_until
                     ^^^^^^^^^^^^^^^^^^^^^^
AttributeError: 'Member' object has no attribute 'timed_out_until'
Ignoring exception in on_member_update
Traceback (most recent call last):
  File "/usr/local/lib/python3.12/site-packages/discord/client.py", line 465, in _run_event
    await coro(*args, **kwargs)
  File "/app/asu_discord/cogs/analytics.py", line 652, in on_member_update
    before_timeout = before.timed_out_until
                     ^^^^^^^^^^^^^^^^^^^^^^
AttributeError: 'Member' object has no attribute 'timed_out_until'
Ignoring exception in on_member_update
Traceback (most recent call last):
  File "/usr/local/lib/python3.12/site-packages/discord/client.py", line 465, in _run_event
    await coro(*args, **kwargs)
  File "/app/asu_discord/cogs/analytics.py", line 652, in on_member_update
    before_timeout = before.timed_out_until
                     ^^^^^^^^^^^^^^^^^^^^^^
AttributeError: 'Member' object has no attribute 'timed_out_until'
Ignoring exception in on_member_update
Traceback (most recent call last):
  File "/usr/local/lib/python3.12/site-packages/discord/client.py", line 465, in _run_event
    await coro(*args, **kwargs)
  File "/app/asu_discord/cogs/analytics.py", line 652, in on_member_update
    before_timeout = before.timed_out_until
                     ^^^^^^^^^^^^^^^^^^^^^^
AttributeError: 'Member' object has no attribute 'timed_out_until'
Ignoring exception in on_member_update
Traceback (most recent call last):
  File "/usr/local/lib/python3.12/site-packages/discord/client.py", line 465, in _run_event
    await coro(*args, **kwargs)
  File "/app/asu_discord/cogs/analytics.py", line 652, in on_member_update
    before_timeout = before.timed_out_until
                     ^^^^^^^^^^^^^^^^^^^^^^
AttributeError: 'Member' object has no attribute 'timed_out_until'
Ignoring exception in on_member_update
Traceback (most recent call last):
  File "/usr/local/lib/python3.12/site-packages/discord/client.py", line 465, in _run_event
    await coro(*args, **kwargs)
  File "/app/asu_discord/cogs/analytics.py", line 652, in on_member_update
    before_timeout = before.timed_out_until
                     ^^^^^^^^^^^^^^^^^^^^^^
AttributeError: 'Member' object has no attribute 'timed_out_until'
Ignoring exception in on_member_update
Traceback (most recent call last):
  File "/usr/local/lib/python3.12/site-packages/discord/client.py", line 465, in _run_event
    await coro(*args, **kwargs)
  File "/app/asu_discord/cogs/analytics.py", line 652, in on_member_update
    before_timeout = before.timed_out_until
                     ^^^^^^^^^^^^^^^^^^^^^^
AttributeError: 'Member' object has no attribute 'timed_out_until'
Ignoring exception in on_member_update
Traceback (most recent call last):
  File "/usr/local/lib/python3.12/site-packages/discord/client.py", line 465, in _run_event
    await coro(*args, **kwargs)
  File "/app/asu_discord/cogs/analytics.py", line 652, in on_member_update
    before_timeout = before.timed_out_until
                     ^^^^^^^^^^^^^^^^^^^^^^
AttributeError: 'Member' object has no attribute 'timed_out_until'
Ignoring exception in on_member_update
Traceback (most recent call last):
  File "/usr/local/lib/python3.12/site-packages/discord/client.py", line 465, in _run_event
    await coro(*args, **kwargs)
  File "/app/asu_discord/cogs/analytics.py", line 652, in on_member_update
    before_timeout = before.timed_out_until
                     ^^^^^^^^^^^^^^^^^^^^^^
AttributeError: 'Member' object has no attribute 'timed_out_until'
Ignoring exception in on_member_update
Traceback (most recent call last):
  File "/usr/local/lib/python3.12/site-packages/discord/client.py", line 465, in _run_event
    await coro(*args, **kwargs)
  File "/app/asu_discord/cogs/analytics.py", line 652, in on_member_update
    before_timeout = before.timed_out_until
                     ^^^^^^^^^^^^^^^^^^^^^^
AttributeError: 'Member' object has no attribute 'timed_out_until'
Ignoring exception in on_member_update
Traceback (most recent call last):
  File "/usr/local/lib/python3.12/site-packages/discord/client.py", line 465, in _run_event
    await coro(*args, **kwargs)
  File "/app/asu_discord/cogs/analytics.py", line 652, in on_member_update
    before_timeout = before.timed_out_until
                     ^^^^^^^^^^^^^^^^^^^^^^
AttributeError: 'Member' object has no attribute 'timed_out_until'
INFO:asu_discord.cogs.verification:Saved 6 roles to database for user crjorge1 (Discord ID: 231597287263043595)
INFO:asu_discord.cogs.verification:Refreshed Salesforce roles for Discord user 231597287263043595: -5/+6 roles, assigned=[Arizona Resident, Commited, Herberger Institute for Design and the Arts, Online, Polytechnic, Transfer Student]
Ignoring exception in on_member_update
Traceback (most recent call last):
  File "/usr/local/lib/python3.12/site-packages/discord/client.py", line 465, in _run_event
    await coro(*args, **kwargs)
  File "/app/asu_discord/cogs/analytics.py", line 652, in on_member_update
    before_timeout = before.timed_out_until
                     ^^^^^^^^^^^^^^^^^^^^^^
AttributeError: 'Member' object has no attribute 'timed_out_until'
Ignoring exception in on_member_update
Traceback (most recent call last):
  File "/usr/local/lib/python3.12/site-packages/discord/client.py", line 465, in _run_event
    await coro(*args, **kwargs)
  File "/app/asu_discord/cogs/analytics.py", line 652, in on_member_update
    before_timeout = before.timed_out_until
                     ^^^^^^^^^^^^^^^^^^^^^^
AttributeError: 'Member' object has no attribute 'timed_out_until'
Ignoring exception in on_member_update
Traceback (most recent call last):
  File "/usr/local/lib/python3.12/site-packages/discord/client.py", line 465, in _run_event
    await coro(*args, **kwargs)
  File "/app/asu_discord/cogs/analytics.py", line 652, in on_member_update
    before_timeout = before.timed_out_until
                     ^^^^^^^^^^^^^^^^^^^^^^
AttributeError: 'Member' object has no attribute 'timed_out_until'
Ignoring exception in on_member_update
Traceback (most recent call last):
  File "/usr/local/lib/python3.12/site-packages/discord/client.py", line 465, in _run_event
    await coro(*args, **kwargs)
  File "/app/asu_discord/cogs/analytics.py", line 652, in on_member_update
    before_timeout = before.timed_out_until
                     ^^^^^^^^^^^^^^^^^^^^^^
AttributeError: 'Member' object has no attribute 'timed_out_until'
Ignoring exception in on_member_update
Traceback (most recent call last):
  File "/usr/local/lib/python3.12/site-packages/discord/client.py", line 465, in _run_event
    await coro(*args, **kwargs)
  File "/app/asu_discord/cogs/analytics.py", line 652, in on_member_update
    before_timeout = before.timed_out_until
                     ^^^^^^^^^^^^^^^^^^^^^^
AttributeError: 'Member' object has no attribute 'timed_out_until'
Ignoring exception in on_member_update
Traceback (most recent call last):
  File "/usr/local/lib/python3.12/site-packages/discord/client.py", line 465, in _run_event
    await coro(*args, **kwargs)
  File "/app/asu_discord/cogs/analytics.py", line 652, in on_member_update
    before_timeout = before.timed_out_until
                     ^^^^^^^^^^^^^^^^^^^^^^
AttributeError: 'Member' object has no attribute 'timed_out_until'
Ignoring exception in on_member_update
Traceback (most recent call last):
  File "/usr/local/lib/python3.12/site-packages/discord/client.py", line 465, in _run_event
    await coro(*args, **kwargs)
  File "/app/asu_discord/cogs/analytics.py", line 652, in on_member_update
    before_timeout = before.timed_out_until
                     ^^^^^^^^^^^^^^^^^^^^^^
AttributeError: 'Member' object has no attribute 'timed_out_until'
INFO:asu_discord.cogs.verification:Saved 4 roles to database for user elferna3 (Discord ID: 1502030923305193513)
INFO:asu_discord.cogs.verification:Refreshed Salesforce roles for Discord user 1502030923305193513: -4/+3 roles, assigned=[Arizona Resident, Polytechnic, Transfer Student, W.P. Carey School of Business]
Ignoring exception in on_member_update
Traceback (most recent call last):
  File "/usr/local/lib/python3.12/site-packages/discord/client.py", line 465, in _run_event
    await coro(*args, **kwargs)
  File "/app/asu_discord/cogs/analytics.py", line 652, in on_member_update
    before_timeout = before.timed_out_until
                     ^^^^^^^^^^^^^^^^^^^^^^
AttributeError: 'Member' object has no attribute 'timed_out_until'
Ignoring exception in on_member_update
Traceback (most recent call last):
  File "/usr/local/lib/python3.12/site-packages/discord/client.py", line 465, in _run_event
    await coro(*args, **kwargs)
  File "/app/asu_discord/cogs/analytics.py", line 652, in on_member_update
    before_timeout = before.timed_out_until
                     ^^^^^^^^^^^^^^^^^^^^^^
AttributeError: 'Member' object has no attribute 'timed_out_until'
Ignoring exception in on_member_update
Traceback (most recent call last):
  File "/usr/local/lib/python3.12/site-packages/discord/client.py", line 465, in _run_event
    await coro(*args, **kwargs)
  File "/app/asu_discord/cogs/analytics.py", line 652, in on_member_update
    before_timeout = before.timed_out_until
                     ^^^^^^^^^^^^^^^^^^^^^^
AttributeError: 'Member' object has no attribute 'timed_out_until'
Ignoring exception in on_member_update
Traceback (most recent call last):
  File "/usr/local/lib/python3.12/site-packages/discord/client.py", line 465, in _run_event
    await coro(*args, **kwargs)
  File "/app/asu_discord/cogs/analytics.py", line 652, in on_member_update
    before_timeout = before.timed_out_until
                     ^^^^^^^^^^^^^^^^^^^^^^
AttributeError: 'Member' object has no attribute 'timed_out_until'
Ignoring exception in on_member_update
Traceback (most recent call last):
  File "/usr/local/lib/python3.12/site-packages/discord/client.py", line 465, in _run_event
    await coro(*args, **kwargs)
  File "/app/asu_discord/cogs/analytics.py", line 652, in on_member_update
    before_timeout = before.timed_out_until
                     ^^^^^^^^^^^^^^^^^^^^^^
AttributeError: 'Member' object has no attribute 'timed_out_until'
Ignoring exception in on_member_update
Traceback (most recent call last):
  File "/usr/local/lib/python3.12/site-packages/discord/client.py", line 465, in _run_event
    await coro(*args, **kwargs)
  File "/app/asu_discord/cogs/analytics.py", line 652, in on_member_update
    before_timeout = before.timed_out_until
                     ^^^^^^^^^^^^^^^^^^^^^^
AttributeError: 'Member' object has no attribute 'timed_out_until'
Ignoring exception in on_member_update
Traceback (most recent call last):
  File "/usr/local/lib/python3.12/site-packages/discord/client.py", line 465, in _run_event
    await coro(*args, **kwargs)
  File "/app/asu_discord/cogs/analytics.py", line 652, in on_member_update
    before_timeout = before.timed_out_until
                     ^^^^^^^^^^^^^^^^^^^^^^
AttributeError: 'Member' object has no attribute 'timed_out_until'
Ignoring exception in on_member_update
Traceback (most recent call last):
  File "/usr/local/lib/python3.12/site-packages/discord/client.py", line 465, in _run_event
    await coro(*args, **kwargs)
  File "/app/asu_discord/cogs/analytics.py", line 652, in on_member_update
    before_timeout = before.timed_out_until
                     ^^^^^^^^^^^^^^^^^^^^^^
AttributeError: 'Member' object has no attribute 'timed_out_until'
Ignoring exception in on_member_update
Traceback (most recent call last):
  File "/usr/local/lib/python3.12/site-packages/discord/client.py", line 465, in _run_event
    await coro(*args, **kwargs)
  File "/app/asu_discord/cogs/analytics.py", line 652, in on_member_update
    before_timeout = before.timed_out_until
                     ^^^^^^^^^^^^^^^^^^^^^^
AttributeError: 'Member' object has no attribute 'timed_out_until'
Ignoring exception in on_member_update
Traceback (most recent call last):
  File "/usr/local/lib/python3.12/site-packages/discord/client.py", line 465, in _run_event
    await coro(*args, **kwargs)
  File "/app/asu_discord/cogs/analytics.py", line 652, in on_member_update
    before_timeout = before.timed_out_until
                     ^^^^^^^^^^^^^^^^^^^^^^
AttributeError: 'Member' object has no attribute 'timed_out_until'
INFO:asu_discord.cogs.verification:Saved 5 roles to database for user oakarim (Discord ID: 561695312855433226)
INFO:asu_discord.cogs.verification:Refreshed Salesforce roles for Discord user 561695312855433226: -5/+5 roles, assigned=[Arizona Resident, First Year, Ira A. Fulton Schools of Engineering, Polytechnic, Upperclassmen]
Ignoring exception in on_member_update
Traceback (most recent call last):
  File "/usr/local/lib/python3.12/site-packages/discord/client.py", line 465, in _run_event
    await coro(*args, **kwargs)
  File "/app/asu_discord/cogs/analytics.py", line 652, in on_member_update
    before_timeout = before.timed_out_until
                     ^^^^^^^^^^^^^^^^^^^^^^
AttributeError: 'Member' object has no attribute 'timed_out_until'
Ignoring exception in on_member_update
Traceback (most recent call last):
  File "/usr/local/lib/python3.12/site-packages/discord/client.py", line 465, in _run_event
    await coro(*args, **kwargs)
  File "/app/asu_discord/cogs/analytics.py", line 652, in on_member_update
    before_timeout = before.timed_out_until
                     ^^^^^^^^^^^^^^^^^^^^^^
AttributeError: 'Member' object has no attribute 'timed_out_until'
Ignoring exception in on_member_update
Traceback (most recent call last):
  File "/usr/local/lib/python3.12/site-packages/discord/client.py", line 465, in _run_event
    await coro(*args, **kwargs)
  File "/app/asu_discord/cogs/analytics.py", line 652, in on_member_update
    before_timeout = before.timed_out_until
                     ^^^^^^^^^^^^^^^^^^^^^^
AttributeError: 'Member' object has no attribute 'timed_out_until'
Ignoring exception in on_member_update
Traceback (most recent call last):
  File "/usr/local/lib/python3.12/site-packages/discord/client.py", line 465, in _run_event
    await coro(*args, **kwargs)
  File "/app/asu_discord/cogs/analytics.py", line 652, in on_member_update
    before_timeout = before.timed_out_until
                     ^^^^^^^^^^^^^^^^^^^^^^
AttributeError: 'Member' object has no attribute 'timed_out_until'
Ignoring exception in on_member_update
Traceback (most recent call last):
  File "/usr/local/lib/python3.12/site-packages/discord/client.py", line 465, in _run_event
    await coro(*args, **kwargs)
  File "/app/asu_discord/cogs/analytics.py", line 652, in on_member_update
    before_timeout = before.timed_out_until
                     ^^^^^^^^^^^^^^^^^^^^^^
AttributeError: 'Member' object has no attribute 'timed_out_until'
Ignoring exception in on_member_update
Traceback (most recent call last):
  File "/usr/local/lib/python3.12/site-packages/discord/client.py", line 465, in _run_event
    await coro(*args, **kwargs)
  File "/app/asu_discord/cogs/analytics.py", line 652, in on_member_update
    before_timeout = before.timed_out_until
                     ^^^^^^^^^^^^^^^^^^^^^^
AttributeError: 'Member' object has no attribute 'timed_out_until'
Ignoring exception in on_member_update
Traceback (most recent call last):
  File "/usr/local/lib/python3.12/site-packages/discord/client.py", line 465, in _run_event
    await coro(*args, **kwargs)
  File "/app/asu_discord/cogs/analytics.py", line 652, in on_member_update
    before_timeout = before.timed_out_until
                     ^^^^^^^^^^^^^^^^^^^^^^
AttributeError: 'Member' object has no attribute 'timed_out_until'
Ignoring exception in on_member_update
Traceback (most recent call last):
  File "/usr/local/lib/python3.12/site-packages/discord/client.py", line 465, in _run_event
    await coro(*args, **kwargs)
  File "/app/asu_discord/cogs/analytics.py", line 652, in on_member_update
    before_timeout = before.timed_out_until
                     ^^^^^^^^^^^^^^^^^^^^^^
AttributeError: 'Member' object has no attribute 'timed_out_until'
Ignoring exception in on_member_update
Traceback (most recent call last):
  File "/usr/local/lib/python3.12/site-packages/discord/client.py", line 465, in _run_event
    await coro(*args, **kwargs)
  File "/app/asu_discord/cogs/analytics.py", line 652, in on_member_update
    before_timeout = before.timed_out_until
                     ^^^^^^^^^^^^^^^^^^^^^^
AttributeError: 'Member' object has no attribute 'timed_out_until'
Ignoring exception in on_member_update
Traceback (most recent call last):
  File "/usr/local/lib/python3.12/site-packages/discord/client.py", line 465, in _run_event
    await coro(*args, **kwargs)
  File "/app/asu_discord/cogs/analytics.py", line 652, in on_member_update
    before_timeout = before.timed_out_until
                     ^^^^^^^^^^^^^^^^^^^^^^
AttributeError: 'Member' object has no attribute 'timed_out_until'
Ignoring exception in on_member_update
Traceback (most recent call last):
  File "/usr/local/lib/python3.12/site-packages/discord/client.py", line 465, in _run_event
    await coro(*args, **kwargs)
  File "/app/asu_discord/cogs/analytics.py", line 652, in on_member_update
    before_timeout = before.timed_out_until
                     ^^^^^^^^^^^^^^^^^^^^^^
AttributeError: 'Member' object has no attribute 'timed_out_until'
Ignoring exception in on_member_update
Traceback (most recent call last):
  File "/usr/local/lib/python3.12/site-packages/discord/client.py", line 465, in _run_event
    await coro(*args, **kwargs)
  File "/app/asu_discord/cogs/analytics.py", line 652, in on_member_update
    before_timeout = before.timed_out_until
                     ^^^^^^^^^^^^^^^^^^^^^^
AttributeError: 'Member' object has no attribute 'timed_out_until'
INFO:asu_discord.cogs.verification:Saved 6 roles to database for user jbalden2 (Discord ID: 737092766542200892)
INFO:asu_discord.cogs.verification:Refreshed Salesforce roles for Discord user 737092766542200892: -6/+6 roles, assigned=[Arizona Resident, Commited, First Generation Student, First Year, Ira A. Fulton Schools of Engineering, Tempe]
Ignoring exception in on_member_update
Traceback (most recent call last):
  File "/usr/local/lib/python3.12/site-packages/discord/client.py", line 465, in _run_event
    await coro(*args, **kwargs)
  File "/app/asu_discord/cogs/analytics.py", line 652, in on_member_update
    before_timeout = before.timed_out_until
                     ^^^^^^^^^^^^^^^^^^^^^^
AttributeError: 'Member' object has no attribute 'timed_out_until'
Ignoring exception in on_member_update
Traceback (most recent call last):
  File "/usr/local/lib/python3.12/site-packages/discord/client.py", line 465, in _run_event
    await coro(*args, **kwargs)
  File "/app/asu_discord/cogs/analytics.py", line 652, in on_member_update
    before_timeout = before.timed_out_until
                     ^^^^^^^^^^^^^^^^^^^^^^
AttributeError: 'Member' object has no attribute 'timed_out_until'
Ignoring exception in on_member_update
Traceback (most recent call last):
  File "/usr/local/lib/python3.12/site-packages/discord/client.py", line 465, in _run_event
    await coro(*args, **kwargs)
  File "/app/asu_discord/cogs/analytics.py", line 652, in on_member_update
    before_timeout = before.timed_out_until
                     ^^^^^^^^^^^^^^^^^^^^^^
AttributeError: 'Member' object has no attribute 'timed_out_until'
Ignoring exception in on_member_update
Traceback (most recent call last):
  File "/usr/local/lib/python3.12/site-packages/discord/client.py", line 465, in _run_event
    await coro(*args, **kwargs)
  File "/app/asu_discord/cogs/analytics.py", line 652, in on_member_update
    before_timeout = before.timed_out_until
                     ^^^^^^^^^^^^^^^^^^^^^^
AttributeError: 'Member' object has no attribute 'timed_out_until'
Ignoring exception in on_member_update
Traceback (most recent call last):
  File "/usr/local/lib/python3.12/site-packages/discord/client.py", line 465, in _run_event
    await coro(*args, **kwargs)
  File "/app/asu_discord/cogs/analytics.py", line 652, in on_member_update
    before_timeout = before.timed_out_until
                     ^^^^^^^^^^^^^^^^^^^^^^
AttributeError: 'Member' object has no attribute 'timed_out_until'
Ignoring exception in on_member_update
Traceback (most recent call last):
  File "/usr/local/lib/python3.12/site-packages/discord/client.py", line 465, in _run_event
    await coro(*args, **kwargs)
  File "/app/asu_discord/cogs/analytics.py", line 652, in on_member_update
    before_timeout = before.timed_out_until
                     ^^^^^^^^^^^^^^^^^^^^^^
AttributeError: 'Member' object has no attribute 'timed_out_until'
Ignoring exception in on_member_update
Traceback (most recent call last):
  File "/usr/local/lib/python3.12/site-packages/discord/client.py", line 465, in _run_event
    await coro(*args, **kwargs)
  File "/app/asu_discord/cogs/analytics.py", line 652, in on_member_update
    before_timeout = before.timed_out_until
                     ^^^^^^^^^^^^^^^^^^^^^^
AttributeError: 'Member' object has no attribute 'timed_out_until'
Ignoring exception in on_member_update
Traceback (most recent call last):
  File "/usr/local/lib/python3.12/site-packages/discord/client.py", line 465, in _run_event
    await coro(*args, **kwargs)
  File "/app/asu_discord/cogs/analytics.py", line 652, in on_member_update
    before_timeout = before.timed_out_until
                     ^^^^^^^^^^^^^^^^^^^^^^
AttributeError: 'Member' object has no attribute 'timed_out_until'
INFO:asu_discord.cogs.verification:Saved 4 roles to database for user dmanika1 (Discord ID: 1202780671442157619)
INFO:asu_discord.cogs.verification:Refreshed Salesforce roles for Discord user 1202780671442157619: -4/+4 roles, assigned=[Arizona Resident, First Year, Ira A. Fulton Schools of Engineering, Polytechnic]
Ignoring exception in on_member_update
Traceback (most recent call last):
  File "/usr/local/lib/python3.12/site-packages/discord/client.py", line 465, in _run_event
    await coro(*args, **kwargs)
  File "/app/asu_discord/cogs/analytics.py", line 652, in on_member_update
    before_timeout = before.timed_out_until
                     ^^^^^^^^^^^^^^^^^^^^^^
AttributeError: 'Member' object has no attribute 'timed_out_until'
Ignoring exception in on_member_update
Traceback (most recent call last):
  File "/usr/local/lib/python3.12/site-packages/discord/client.py", line 465, in _run_event
    await coro(*args, **kwargs)
  File "/app/asu_discord/cogs/analytics.py", line 652, in on_member_update
    before_timeout = before.timed_out_until
                     ^^^^^^^^^^^^^^^^^^^^^^
AttributeError: 'Member' object has no attribute 'timed_out_until'
Ignoring exception in on_member_update
Traceback (most recent call last):
  File "/usr/local/lib/python3.12/site-packages/discord/client.py", line 465, in _run_event
    await coro(*args, **kwargs)
  File "/app/asu_discord/cogs/analytics.py", line 652, in on_member_update
    before_timeout = before.timed_out_until
                     ^^^^^^^^^^^^^^^^^^^^^^
AttributeError: 'Member' object has no attribute 'timed_out_until'
Ignoring exception in on_member_update
Traceback (most recent call last):
  File "/usr/local/lib/python3.12/site-packages/discord/client.py", line 465, in _run_event
    await coro(*args, **kwargs)
  File "/app/asu_discord/cogs/analytics.py", line 652, in on_member_update
    before_timeout = before.timed_out_until
                     ^^^^^^^^^^^^^^^^^^^^^^
AttributeError: 'Member' object has no attribute 'timed_out_until'
Ignoring exception in on_member_update
Traceback (most recent call last):
  File "/usr/local/lib/python3.12/site-packages/discord/client.py", line 465, in _run_event
    await coro(*args, **kwargs)
  File "/app/asu_discord/cogs/analytics.py", line 652, in on_member_update
    before_timeout = before.timed_out_until
                     ^^^^^^^^^^^^^^^^^^^^^^
AttributeError: 'Member' object has no attribute 'timed_out_until'
Ignoring exception in on_member_update
Traceback (most recent call last):
  File "/usr/local/lib/python3.12/site-packages/discord/client.py", line 465, in _run_event
    await coro(*args, **kwargs)
  File "/app/asu_discord/cogs/analytics.py", line 652, in on_member_update
    before_timeout = before.timed_out_until
                     ^^^^^^^^^^^^^^^^^^^^^^
AttributeError: 'Member' object has no attribute 'timed_out_until'
Ignoring exception in on_member_update
Traceback (most recent call last):
  File "/usr/local/lib/python3.12/site-packages/discord/client.py", line 465, in _run_event
    await coro(*args, **kwargs)
  File "/app/asu_discord/cogs/analytics.py", line 652, in on_member_update
    before_timeout = before.timed_out_until
                     ^^^^^^^^^^^^^^^^^^^^^^
AttributeError: 'Member' object has no attribute 'timed_out_until'
Ignoring exception in on_member_update
Traceback (most recent call last):
  File "/usr/local/lib/python3.12/site-packages/discord/client.py", line 465, in _run_event
    await coro(*args, **kwargs)
  File "/app/asu_discord/cogs/analytics.py", line 652, in on_member_update
    before_timeout = before.timed_out_until
                     ^^^^^^^^^^^^^^^^^^^^^^
AttributeError: 'Member' object has no attribute 'timed_out_until'
Ignoring exception in on_member_update
Traceback (most recent call last):
  File "/usr/local/lib/python3.12/site-packages/discord/client.py", line 465, in _run_event
    await coro(*args, **kwargs)
  File "/app/asu_discord/cogs/analytics.py", line 652, in on_member_update
    before_timeout = before.timed_out_until
                     ^^^^^^^^^^^^^^^^^^^^^^
AttributeError: 'Member' object has no attribute 'timed_out_until'
Ignoring exception in on_member_update
Traceback (most recent call last):
  File "/usr/local/lib/python3.12/site-packages/discord/client.py", line 465, in _run_event
    await coro(*args, **kwargs)
  File "/app/asu_discord/cogs/analytics.py", line 652, in on_member_update
    before_timeout = before.timed_out_until
                     ^^^^^^^^^^^^^^^^^^^^^^
AttributeError: 'Member' object has no attribute 'timed_out_until'
Ignoring exception in on_member_update
Traceback (most recent call last):
  File "/usr/local/lib/python3.12/site-packages/discord/client.py", line 465, in _run_event
    await coro(*args, **kwargs)
  File "/app/asu_discord/cogs/analytics.py", line 652, in on_member_update
    before_timeout = before.timed_out_until
                     ^^^^^^^^^^^^^^^^^^^^^^
AttributeError: 'Member' object has no attribute 'timed_out_until'
Ignoring exception in on_member_update
Traceback (most recent call last):
  File "/usr/local/lib/python3.12/site-packages/discord/client.py", line 465, in _run_event
    await coro(*args, **kwargs)
  File "/app/asu_discord/cogs/analytics.py", line 652, in on_member_update
    before_timeout = before.timed_out_until
                     ^^^^^^^^^^^^^^^^^^^^^^
AttributeError: 'Member' object has no attribute 'timed_out_until'
INFO:asu_discord.cogs.verification:Saved 6 roles to database for user zvelchek (Discord ID: 1063317689415778405)
INFO:asu_discord.cogs.verification:Refreshed Salesforce roles for Discord user 1063317689415778405: -6/+6 roles, assigned=[Arizona Resident, College of Liberal Arts and Sciences, Commited, First Generation Student, Tempe, Transfer Student]
Ignoring exception in on_member_update
Traceback (most recent call last):
  File "/usr/local/lib/python3.12/site-packages/discord/client.py", line 465, in _run_event
    await coro(*args, **kwargs)
  File "/app/asu_discord/cogs/analytics.py", line 652, in on_member_update
    before_timeout = before.timed_out_until
                     ^^^^^^^^^^^^^^^^^^^^^^
AttributeError: 'Member' object has no attribute 'timed_out_until'
Ignoring exception in on_member_update
Traceback (most recent call last):
  File "/usr/local/lib/python3.12/site-packages/discord/client.py", line 465, in _run_event
    await coro(*args, **kwargs)
  File "/app/asu_discord/cogs/analytics.py", line 652, in on_member_update
    before_timeout = before.timed_out_until
                     ^^^^^^^^^^^^^^^^^^^^^^
AttributeError: 'Member' object has no attribute 'timed_out_until'
Ignoring exception in on_member_update
Traceback (most recent call last):
  File "/usr/local/lib/python3.12/site-packages/discord/client.py", line 465, in _run_event
    await coro(*args, **kwargs)
  File "/app/asu_discord/cogs/analytics.py", line 652, in on_member_update
    before_timeout = before.timed_out_until
                     ^^^^^^^^^^^^^^^^^^^^^^
AttributeError: 'Member' object has no attribute 'timed_out_until'
Ignoring exception in on_member_update
Traceback (most recent call last):
  File "/usr/local/lib/python3.12/site-packages/discord/client.py", line 465, in _run_event
    await coro(*args, **kwargs)
  File "/app/asu_discord/cogs/analytics.py", line 652, in on_member_update
    before_timeout = before.timed_out_until
                     ^^^^^^^^^^^^^^^^^^^^^^
AttributeError: 'Member' object has no attribute 'timed_out_until'
Ignoring exception in on_member_update
Traceback (most recent call last):
  File "/usr/local/lib/python3.12/site-packages/discord/client.py", line 465, in _run_event
    await coro(*args, **kwargs)
  File "/app/asu_discord/cogs/analytics.py", line 652, in on_member_update
    before_timeout = before.timed_out_until
                     ^^^^^^^^^^^^^^^^^^^^^^
AttributeError: 'Member' object has no attribute 'timed_out_until'
Ignoring exception in on_member_update
Traceback (most recent call last):
  File "/usr/local/lib/python3.12/site-packages/discord/client.py", line 465, in _run_event
    await coro(*args, **kwargs)
  File "/app/asu_discord/cogs/analytics.py", line 652, in on_member_update
    before_timeout = before.timed_out_until
                     ^^^^^^^^^^^^^^^^^^^^^^
AttributeError: 'Member' object has no attribute 'timed_out_until'
Ignoring exception in on_member_update
Traceback (most recent call last):
  File "/usr/local/lib/python3.12/site-packages/discord/client.py", line 465, in _run_event
    await coro(*args, **kwargs)
  File "/app/asu_discord/cogs/analytics.py", line 652, in on_member_update
    before_timeout = before.timed_out_until
                     ^^^^^^^^^^^^^^^^^^^^^^
AttributeError: 'Member' object has no attribute 'timed_out_until'
Ignoring exception in on_member_update
Traceback (most recent call last):
  File "/usr/local/lib/python3.12/site-packages/discord/client.py", line 465, in _run_event
    await coro(*args, **kwargs)
  File "/app/asu_discord/cogs/analytics.py", line 652, in on_member_update
    before_timeout = before.timed_out_until
                     ^^^^^^^^^^^^^^^^^^^^^^
AttributeError: 'Member' object has no attribute 'timed_out_until'
Ignoring exception in on_member_update
Traceback (most recent call last):
  File "/usr/local/lib/python3.12/site-packages/discord/client.py", line 465, in _run_event
    await coro(*args, **kwargs)
  File "/app/asu_discord/cogs/analytics.py", line 652, in on_member_update
    before_timeout = before.timed_out_until
                     ^^^^^^^^^^^^^^^^^^^^^^
AttributeError: 'Member' object has no attribute 'timed_out_until'
Ignoring exception in on_member_update
Traceback (most recent call last):
  File "/usr/local/lib/python3.12/site-packages/discord/client.py", line 465, in _run_event
    await coro(*args, **kwargs)
  File "/app/asu_discord/cogs/analytics.py", line 652, in on_member_update
    before_timeout = before.timed_out_until
                     ^^^^^^^^^^^^^^^^^^^^^^
AttributeError: 'Member' object has no attribute 'timed_out_until'
ERROR:cron.jobs:refresh_salesforce_roles: failed for vbhokare (Discord ID 991164532003188867): Timed out refresh Salesforce-based roles
Ignoring exception in on_member_update
Traceback (most recent call last):
  File "/usr/local/lib/python3.12/site-packages/discord/client.py", line 465, in _run_event
    await coro(*args, **kwargs)
  File "/app/asu_discord/cogs/analytics.py", line 652, in on_member_update
    before_timeout = before.timed_out_until
                     ^^^^^^^^^^^^^^^^^^^^^^
AttributeError: 'Member' object has no attribute 'timed_out_until'
Ignoring exception in on_member_update
Traceback (most recent call last):
  File "/usr/local/lib/python3.12/site-packages/discord/client.py", line 465, in _run_event
    await coro(*args, **kwargs)
  File "/app/asu_discord/cogs/analytics.py", line 652, in on_member_update
    before_timeout = before.timed_out_until
                     ^^^^^^^^^^^^^^^^^^^^^^
AttributeError: 'Member' object has no attribute 'timed_out_until'
Ignoring exception in on_member_update
Traceback (most recent call last):
  File "/usr/local/lib/python3.12/site-packages/discord/client.py", line 465, in _run_event
    await coro(*args, **kwargs)
  File "/app/asu_discord/cogs/analytics.py", line 652, in on_member_update
    before_timeout = before.timed_out_until
                     ^^^^^^^^^^^^^^^^^^^^^^
AttributeError: 'Member' object has no attribute 'timed_out_until'
Ignoring exception in on_member_update
Traceback (most recent call last):
  File "/usr/local/lib/python3.12/site-packages/discord/client.py", line 465, in _run_event
    await coro(*args, **kwargs)
  File "/app/asu_discord/cogs/analytics.py", line 652, in on_member_update
    before_timeout = before.timed_out_until
                     ^^^^^^^^^^^^^^^^^^^^^^
AttributeError: 'Member' object has no attribute 'timed_out_until'
Ignoring exception in on_member_update
Traceback (most recent call last):
  File "/usr/local/lib/python3.12/site-packages/discord/client.py", line 465, in _run_event
    await coro(*args, **kwargs)
  File "/app/asu_discord/cogs/analytics.py", line 652, in on_member_update
    before_timeout = before.timed_out_until
                     ^^^^^^^^^^^^^^^^^^^^^^
AttributeError: 'Member' object has no attribute 'timed_out_until'
Ignoring exception in on_member_update
Traceback (most recent call last):
  File "/usr/local/lib/python3.12/site-packages/discord/client.py", line 465, in _run_event
    await coro(*args, **kwargs)
  File "/app/asu_discord/cogs/analytics.py", line 652, in on_member_update
    before_timeout = before.timed_out_until
                     ^^^^^^^^^^^^^^^^^^^^^^
AttributeError: 'Member' object has no attribute 'timed_out_until'
Ignoring exception in on_member_update
Traceback (most recent call last):
  File "/usr/local/lib/python3.12/site-packages/discord/client.py", line 465, in _run_event
    await coro(*args, **kwargs)
  File "/app/asu_discord/cogs/analytics.py", line 652, in on_member_update
    before_timeout = before.timed_out_until
                     ^^^^^^^^^^^^^^^^^^^^^^
AttributeError: 'Member' object has no attribute 'timed_out_until'
Ignoring exception in on_member_update
Traceback (most recent call last):
  File "/usr/local/lib/python3.12/site-packages/discord/client.py", line 465, in _run_event
    await coro(*args, **kwargs)
  File "/app/asu_discord/cogs/analytics.py", line 652, in on_member_update
    before_timeout = before.timed_out_until
                     ^^^^^^^^^^^^^^^^^^^^^^
AttributeError: 'Member' object has no attribute 'timed_out_until'
Ignoring exception in on_member_update
Traceback (most recent call last):
  File "/usr/local/lib/python3.12/site-packages/discord/client.py", line 465, in _run_event
    await coro(*args, **kwargs)
  File "/app/asu_discord/cogs/analytics.py", line 652, in on_member_update
    before_timeout = before.timed_out_until
                     ^^^^^^^^^^^^^^^^^^^^^^
AttributeError: 'Member' object has no attribute 'timed_out_until'
Ignoring exception in on_member_update
Traceback (most recent call last):
  File "/usr/local/lib/python3.12/site-packages/discord/client.py", line 465, in _run_event
    await coro(*args, **kwargs)
  File "/app/asu_discord/cogs/analytics.py", line 652, in on_member_update
    before_timeout = before.timed_out_until
                     ^^^^^^^^^^^^^^^^^^^^^^
AttributeError: 'Member' object has no attribute 'timed_out_until'
Ignoring exception in on_member_update
Traceback (most recent call last):
  File "/usr/local/lib/python3.12/site-packages/discord/client.py", line 465, in _run_event
    await coro(*args, **kwargs)
  File "/app/asu_discord/cogs/analytics.py", line 652, in on_member_update
    before_timeout = before.timed_out_until
                     ^^^^^^^^^^^^^^^^^^^^^^
AttributeError: 'Member' object has no attribute 'timed_out_until'
INFO:asu_discord.cogs.verification:Saved 5 roles to database for user kmarkona (Discord ID: 934938833986912367)
INFO:asu_discord.cogs.verification:Refreshed Salesforce roles for Discord user 934938833986912367: -5/+5 roles, assigned=[Arizona Resident, Commited, First Year, Ira A. Fulton Schools of Engineering, Polytechnic]
Ignoring exception in on_member_update
Traceback (most recent call last):
  File "/usr/local/lib/python3.12/site-packages/discord/client.py", line 465, in _run_event
    await coro(*args, **kwargs)
  File "/app/asu_discord/cogs/analytics.py", line 652, in on_member_update
    before_timeout = before.timed_out_until
                     ^^^^^^^^^^^^^^^^^^^^^^
AttributeError: 'Member' object has no attribute 'timed_out_until'
Ignoring exception in on_member_update
Traceback (most recent call last):
  File "/usr/local/lib/python3.12/site-packages/discord/client.py", line 465, in _run_event
    await coro(*args, **kwargs)
  File "/app/asu_discord/cogs/analytics.py", line 652, in on_member_update
    before_timeout = before.timed_out_until
                     ^^^^^^^^^^^^^^^^^^^^^^
AttributeError: 'Member' object has no attribute 'timed_out_until'
Ignoring exception in on_member_update
Traceback (most recent call last):
  File "/usr/local/lib/python3.12/site-packages/discord/client.py", line 465, in _run_event
    await coro(*args, **kwargs)
  File "/app/asu_discord/cogs/analytics.py", line 652, in on_member_update
    before_timeout = before.timed_out_until
                     ^^^^^^^^^^^^^^^^^^^^^^
AttributeError: 'Member' object has no attribute 'timed_out_until'
Ignoring exception in on_member_update
Traceback (most recent call last):
  File "/usr/local/lib/python3.12/site-packages/discord/client.py", line 465, in _run_event
    await coro(*args, **kwargs)
  File "/app/asu_discord/cogs/analytics.py", line 652, in on_member_update
    before_timeout = before.timed_out_until
                     ^^^^^^^^^^^^^^^^^^^^^^
AttributeError: 'Member' object has no attribute 'timed_out_until'
Ignoring exception in on_member_update
Traceback (most recent call last):
  File "/usr/local/lib/python3.12/site-packages/discord/client.py", line 465, in _run_event
    await coro(*args, **kwargs)
  File "/app/asu_discord/cogs/analytics.py", line 652, in on_member_update
    before_timeout = before.timed_out_until
                     ^^^^^^^^^^^^^^^^^^^^^^
AttributeError: 'Member' object has no attribute 'timed_out_until'
Ignoring exception in on_member_update
Traceback (most recent call last):
  File "/usr/local/lib/python3.12/site-packages/discord/client.py", line 465, in _run_event
    await coro(*args, **kwargs)
  File "/app/asu_discord/cogs/analytics.py", line 652, in on_member_update
    before_timeout = before.timed_out_until
                     ^^^^^^^^^^^^^^^^^^^^^^
AttributeError: 'Member' object has no attribute 'timed_out_until'
Ignoring exception in on_member_update
Traceback (most recent call last):
  File "/usr/local/lib/python3.12/site-packages/discord/client.py", line 465, in _run_event
    await coro(*args, **kwargs)
  File "/app/asu_discord/cogs/analytics.py", line 652, in on_member_update
    before_timeout = before.timed_out_until
                     ^^^^^^^^^^^^^^^^^^^^^^
AttributeError: 'Member' object has no attribute 'timed_out_until'
Ignoring exception in on_member_update
Traceback (most recent call last):
  File "/usr/local/lib/python3.12/site-packages/discord/client.py", line 465, in _run_event
    await coro(*args, **kwargs)
  File "/app/asu_discord/cogs/analytics.py", line 652, in on_member_update
    before_timeout = before.timed_out_until
                     ^^^^^^^^^^^^^^^^^^^^^^
AttributeError: 'Member' object has no attribute 'timed_out_until'
Ignoring exception in on_member_update
Traceback (most recent call last):
  File "/usr/local/lib/python3.12/site-packages/discord/client.py", line 465, in _run_event
    await coro(*args, **kwargs)
  File "/app/asu_discord/cogs/analytics.py", line 652, in on_member_update
    before_timeout = before.timed_out_until
                     ^^^^^^^^^^^^^^^^^^^^^^
AttributeError: 'Member' object has no attribute 'timed_out_until'
Ignoring exception in on_member_update
Traceback (most recent call last):
  File "/usr/local/lib/python3.12/site-packages/discord/client.py", line 465, in _run_event
    await coro(*args, **kwargs)
  File "/app/asu_discord/cogs/analytics.py", line 652, in on_member_update
    before_timeout = before.timed_out_until
                     ^^^^^^^^^^^^^^^^^^^^^^
AttributeError: 'Member' object has no attribute 'timed_out_until'
Ignoring exception in on_member_update
Traceback (most recent call last):
  File "/usr/local/lib/python3.12/site-packages/discord/client.py", line 465, in _run_event
    await coro(*args, **kwargs)
  File "/app/asu_discord/cogs/analytics.py", line 652, in on_member_update
    before_timeout = before.timed_out_until
                     ^^^^^^^^^^^^^^^^^^^^^^
AttributeError: 'Member' object has no attribute 'timed_out_until'
Ignoring exception in on_member_update
Traceback (most recent call last):
  File "/usr/local/lib/python3.12/site-packages/discord/client.py", line 465, in _run_event
    await coro(*args, **kwargs)
  File "/app/asu_discord/cogs/analytics.py", line 652, in on_member_update
    before_timeout = before.timed_out_until
                     ^^^^^^^^^^^^^^^^^^^^^^
AttributeError: 'Member' object has no attribute 'timed_out_until'
INFO:asu_discord.cogs.verification:Saved 6 roles to database for user gsing136 (Discord ID: 584719881920839719)
INFO:asu_discord.cogs.verification:Refreshed Salesforce roles for Discord user 584719881920839719: -6/+6 roles, assigned=[Commited, First Year, International Student, Ira A. Fulton Schools of Engineering, Tempe, Upperclassmen]
Ignoring exception in on_member_update
Traceback (most recent call last):
  File "/usr/local/lib/python3.12/site-packages/discord/client.py", line 465, in _run_event
    await coro(*args, **kwargs)
  File "/app/asu_discord/cogs/analytics.py", line 652, in on_member_update
    before_timeout = before.timed_out_until
                     ^^^^^^^^^^^^^^^^^^^^^^
AttributeError: 'Member' object has no attribute 'timed_out_until'
Ignoring exception in on_member_update
Traceback (most recent call last):
  File "/usr/local/lib/python3.12/site-packages/discord/client.py", line 465, in _run_event
    await coro(*args, **kwargs)
  File "/app/asu_discord/cogs/analytics.py", line 652, in on_member_update
    before_timeout = before.timed_out_until
                     ^^^^^^^^^^^^^^^^^^^^^^
AttributeError: 'Member' object has no attribute 'timed_out_until'
Ignoring exception in on_member_update
Traceback (most recent call last):
  File "/usr/local/lib/python3.12/site-packages/discord/client.py", line 465, in _run_event
    await coro(*args, **kwargs)
  File "/app/asu_discord/cogs/analytics.py", line 652, in on_member_update
    before_timeout = before.timed_out_until
                     ^^^^^^^^^^^^^^^^^^^^^^
AttributeError: 'Member' object has no attribute 'timed_out_until'
Ignoring exception in on_member_update
Traceback (most recent call last):
  File "/usr/local/lib/python3.12/site-packages/discord/client.py", line 465, in _run_event
    await coro(*args, **kwargs)
  File "/app/asu_discord/cogs/analytics.py", line 652, in on_member_update
    before_timeout = before.timed_out_until
                     ^^^^^^^^^^^^^^^^^^^^^^
AttributeError: 'Member' object has no attribute 'timed_out_until'
Ignoring exception in on_member_update
Traceback (most recent call last):
  File "/usr/local/lib/python3.12/site-packages/discord/client.py", line 465, in _run_event
    await coro(*args, **kwargs)
  File "/app/asu_discord/cogs/analytics.py", line 652, in on_member_update
    before_timeout = before.timed_out_until
                     ^^^^^^^^^^^^^^^^^^^^^^
AttributeError: 'Member' object has no attribute 'timed_out_until'
Ignoring exception in on_member_update
Traceback (most recent call last):
  File "/usr/local/lib/python3.12/site-packages/discord/client.py", line 465, in _run_event
    await coro(*args, **kwargs)
  File "/app/asu_discord/cogs/analytics.py", line 652, in on_member_update
    before_timeout = before.timed_out_until
                     ^^^^^^^^^^^^^^^^^^^^^^
AttributeError: 'Member' object has no attribute 'timed_out_until'
Ignoring exception in on_member_update
Traceback (most recent call last):
  File "/usr/local/lib/python3.12/site-packages/discord/client.py", line 465, in _run_event
    await coro(*args, **kwargs)
  File "/app/asu_discord/cogs/analytics.py", line 652, in on_member_update
    before_timeout = before.timed_out_until
                     ^^^^^^^^^^^^^^^^^^^^^^
AttributeError: 'Member' object has no attribute 'timed_out_until'
INFO:asu_discord.cogs.verification:Saved 4 roles to database for user seunggim (Discord ID: 623784720026697729)
INFO:asu_discord.cogs.verification:Refreshed Salesforce roles for Discord user 623784720026697729: -4/+3 roles, assigned=[International Student, Ira A. Fulton Schools of Engineering, Tempe, Transfer Student]
Ignoring exception in on_member_update
Traceback (most recent call last):
  File "/usr/local/lib/python3.12/site-packages/discord/client.py", line 465, in _run_event
    await coro(*args, **kwargs)
  File "/app/asu_discord/cogs/analytics.py", line 652, in on_member_update
    before_timeout = before.timed_out_until
                     ^^^^^^^^^^^^^^^^^^^^^^
AttributeError: 'Member' object has no attribute 'timed_out_until'
Ignoring exception in on_member_update
Traceback (most recent call last):
  File "/usr/local/lib/python3.12/site-packages/discord/client.py", line 465, in _run_event
    await coro(*args, **kwargs)
  File "/app/asu_discord/cogs/analytics.py", line 652, in on_member_update
    before_timeout = before.timed_out_until
                     ^^^^^^^^^^^^^^^^^^^^^^
AttributeError: 'Member' object has no attribute 'timed_out_until'
Ignoring exception in on_member_update
Traceback (most recent call last):
  File "/usr/local/lib/python3.12/site-packages/discord/client.py", line 465, in _run_event
    await coro(*args, **kwargs)
  File "/app/asu_discord/cogs/analytics.py", line 652, in on_member_update
    before_timeout = before.timed_out_until
                     ^^^^^^^^^^^^^^^^^^^^^^
AttributeError: 'Member' object has no attribute 'timed_out_until'
Ignoring exception in on_member_update
Traceback (most recent call last):
  File "/usr/local/lib/python3.12/site-packages/discord/client.py", line 465, in _run_event
    await coro(*args, **kwargs)
  File "/app/asu_discord/cogs/analytics.py", line 652, in on_member_update
    before_timeout = before.timed_out_until
                     ^^^^^^^^^^^^^^^^^^^^^^
AttributeError: 'Member' object has no attribute 'timed_out_until'
Ignoring exception in on_member_update
Traceback (most recent call last):
  File "/usr/local/lib/python3.12/site-packages/discord/client.py", line 465, in _run_event
    await coro(*args, **kwargs)
  File "/app/asu_discord/cogs/analytics.py", line 652, in on_member_update
    before_timeout = before.timed_out_until
                     ^^^^^^^^^^^^^^^^^^^^^^
AttributeError: 'Member' object has no attribute 'timed_out_until'
Ignoring exception in on_member_update
Traceback (most recent call last):
  File "/usr/local/lib/python3.12/site-packages/discord/client.py", line 465, in _run_event
    await coro(*args, **kwargs)
  File "/app/asu_discord/cogs/analytics.py", line 652, in on_member_update
    before_timeout = before.timed_out_until
                     ^^^^^^^^^^^^^^^^^^^^^^
AttributeError: 'Member' object has no attribute 'timed_out_until'
Ignoring exception in on_member_update
Traceback (most recent call last):
  File "/usr/local/lib/python3.12/site-packages/discord/client.py", line 465, in _run_event
    await coro(*args, **kwargs)
  File "/app/asu_discord/cogs/analytics.py", line 652, in on_member_update
    before_timeout = before.timed_out_until
                     ^^^^^^^^^^^^^^^^^^^^^^
AttributeError: 'Member' object has no attribute 'timed_out_until'
Ignoring exception in on_member_update
Traceback (most recent call last):
  File "/usr/local/lib/python3.12/site-packages/discord/client.py", line 465, in _run_event
    await coro(*args, **kwargs)
  File "/app/asu_discord/cogs/analytics.py", line 652, in on_member_update
    before_timeout = before.timed_out_until
                     ^^^^^^^^^^^^^^^^^^^^^^
AttributeError: 'Member' object has no attribute 'timed_out_until'
Ignoring exception in on_member_update
Traceback (most recent call last):
  File "/usr/local/lib/python3.12/site-packages/discord/client.py", line 465, in _run_event
    await coro(*args, **kwargs)
  File "/app/asu_discord/cogs/analytics.py", line 652, in on_member_update
    before_timeout = before.timed_out_until
                     ^^^^^^^^^^^^^^^^^^^^^^
AttributeError: 'Member' object has no attribute 'timed_out_until'
Ignoring exception in on_member_update
Traceback (most recent call last):
  File "/usr/local/lib/python3.12/site-packages/discord/client.py", line 465, in _run_event
    await coro(*args, **kwargs)
  File "/app/asu_discord/cogs/analytics.py", line 652, in on_member_update
    before_timeout = before.timed_out_until
                     ^^^^^^^^^^^^^^^^^^^^^^
AttributeError: 'Member' object has no attribute 'timed_out_until'
INFO:asu_discord.cogs.verification:Saved 5 roles to database for user zhatziat (Discord ID: 799774639953412127)
INFO:asu_discord.cogs.verification:Refreshed Salesforce roles for Discord user 799774639953412127: -5/+5 roles, assigned=[Arizona Resident, Commited, First Year, Herberger Institute for Design and the Arts, Tempe]
Ignoring exception in on_member_update
Traceback (most recent call last):
  File "/usr/local/lib/python3.12/site-packages/discord/client.py", line 465, in _run_event
    await coro(*args, **kwargs)
  File "/app/asu_discord/cogs/analytics.py", line 652, in on_member_update
    before_timeout = before.timed_out_until
                     ^^^^^^^^^^^^^^^^^^^^^^
AttributeError: 'Member' object has no attribute 'timed_out_until'
Ignoring exception in on_member_update
Traceback (most recent call last):
  File "/usr/local/lib/python3.12/site-packages/discord/client.py", line 465, in _run_event
    await coro(*args, **kwargs)
  File "/app/asu_discord/cogs/analytics.py", line 652, in on_member_update
    before_timeout = before.timed_out_until
                     ^^^^^^^^^^^^^^^^^^^^^^
AttributeError: 'Member' object has no attribute 'timed_out_until'
Ignoring exception in on_member_update
Traceback (most recent call last):
  File "/usr/local/lib/python3.12/site-packages/discord/client.py", line 465, in _run_event
    await coro(*args, **kwargs)
  File "/app/asu_discord/cogs/analytics.py", line 652, in on_member_update
    before_timeout = before.timed_out_until
                     ^^^^^^^^^^^^^^^^^^^^^^
AttributeError: 'Member' object has no attribute 'timed_out_until'
Ignoring exception in on_member_update
Traceback (most recent call last):
  File "/usr/local/lib/python3.12/site-packages/discord/client.py", line 465, in _run_event
    await coro(*args, **kwargs)
  File "/app/asu_discord/cogs/analytics.py", line 652, in on_member_update
    before_timeout = before.timed_out_until
                     ^^^^^^^^^^^^^^^^^^^^^^
AttributeError: 'Member' object has no attribute 'timed_out_until'
Ignoring exception in on_member_update
Traceback (most recent call last):
  File "/usr/local/lib/python3.12/site-packages/discord/client.py", line 465, in _run_event
    await coro(*args, **kwargs)
  File "/app/asu_discord/cogs/analytics.py", line 652, in on_member_update
    before_timeout = before.timed_out_until
                     ^^^^^^^^^^^^^^^^^^^^^^
AttributeError: 'Member' object has no attribute 'timed_out_until'
Ignoring exception in on_member_update
Traceback (most recent call last):
  File "/usr/local/lib/python3.12/site-packages/discord/client.py", line 465, in _run_event
    await coro(*args, **kwargs)
  File "/app/asu_discord/cogs/analytics.py", line 652, in on_member_update
    before_timeout = before.timed_out_until
                     ^^^^^^^^^^^^^^^^^^^^^^
AttributeError: 'Member' object has no attribute 'timed_out_until'
Ignoring exception in on_member_update
Traceback (most recent call last):
  File "/usr/local/lib/python3.12/site-packages/discord/client.py", line 465, in _run_event
    await coro(*args, **kwargs)
  File "/app/asu_discord/cogs/analytics.py", line 652, in on_member_update
    before_timeout = before.timed_out_until
                     ^^^^^^^^^^^^^^^^^^^^^^
AttributeError: 'Member' object has no attribute 'timed_out_until'
Ignoring exception in on_member_update
Traceback (most recent call last):
  File "/usr/local/lib/python3.12/site-packages/discord/client.py", line 465, in _run_event
    await coro(*args, **kwargs)
  File "/app/asu_discord/cogs/analytics.py", line 652, in on_member_update
    before_timeout = before.timed_out_until
                     ^^^^^^^^^^^^^^^^^^^^^^
AttributeError: 'Member' object has no attribute 'timed_out_until'
Ignoring exception in on_member_update
Traceback (most recent call last):
  File "/usr/local/lib/python3.12/site-packages/discord/client.py", line 465, in _run_event
    await coro(*args, **kwargs)
  File "/app/asu_discord/cogs/analytics.py", line 652, in on_member_update
    before_timeout = before.timed_out_until
                     ^^^^^^^^^^^^^^^^^^^^^^
AttributeError: 'Member' object has no attribute 'timed_out_until'
Ignoring exception in on_member_update
Traceback (most recent call last):
  File "/usr/local/lib/python3.12/site-packages/discord/client.py", line 465, in _run_event
    await coro(*args, **kwargs)
  File "/app/asu_discord/cogs/analytics.py", line 652, in on_member_update
    before_timeout = before.timed_out_until
                     ^^^^^^^^^^^^^^^^^^^^^^
AttributeError: 'Member' object has no attribute 'timed_out_until'
INFO:asu_discord.cogs.verification:Saved 5 roles to database for user acoll150 (Discord ID: 819391459299557406)
INFO:asu_discord.cogs.verification:Refreshed Salesforce roles for Discord user 819391459299557406: -5/+5 roles, assigned=[Arizona Resident, College of Liberal Arts and Sciences, Commited, First Year, Tempe]
Ignoring exception in on_member_update
Traceback (most recent call last):
  File "/usr/local/lib/python3.12/site-packages/discord/client.py", line 465, in _run_event
    await coro(*args, **kwargs)
  File "/app/asu_discord/cogs/analytics.py", line 652, in on_member_update
    before_timeout = before.timed_out_until
                     ^^^^^^^^^^^^^^^^^^^^^^
AttributeError: 'Member' object has no attribute 'timed_out_until'
Ignoring exception in on_member_update
Traceback (most recent call last):
  File "/usr/local/lib/python3.12/site-packages/discord/client.py", line 465, in _run_event
    await coro(*args, **kwargs)
  File "/app/asu_discord/cogs/analytics.py", line 652, in on_member_update
    before_timeout = before.timed_out_until
                     ^^^^^^^^^^^^^^^^^^^^^^
AttributeError: 'Member' object has no attribute 'timed_out_until'
Ignoring exception in on_member_update
Traceback (most recent call last):
  File "/usr/local/lib/python3.12/site-packages/discord/client.py", line 465, in _run_event
    await coro(*args, **kwargs)
  File "/app/asu_discord/cogs/analytics.py", line 652, in on_member_update
    before_timeout = before.timed_out_until
                     ^^^^^^^^^^^^^^^^^^^^^^
AttributeError: 'Member' object has no attribute 'timed_out_until'
Ignoring exception in on_member_update
Traceback (most recent call last):
  File "/usr/local/lib/python3.12/site-packages/discord/client.py", line 465, in _run_event
    await coro(*args, **kwargs)
  File "/app/asu_discord/cogs/analytics.py", line 652, in on_member_update
    before_timeout = before.timed_out_until
                     ^^^^^^^^^^^^^^^^^^^^^^
AttributeError: 'Member' object has no attribute 'timed_out_until'
Ignoring exception in on_member_update
Traceback (most recent call last):
  File "/usr/local/lib/python3.12/site-packages/discord/client.py", line 465, in _run_event
    await coro(*args, **kwargs)
  File "/app/asu_discord/cogs/analytics.py", line 652, in on_member_update
    before_timeout = before.timed_out_until
                     ^^^^^^^^^^^^^^^^^^^^^^
AttributeError: 'Member' object has no attribute 'timed_out_until'
Ignoring exception in on_member_update
Traceback (most recent call last):
  File "/usr/local/lib/python3.12/site-packages/discord/client.py", line 465, in _run_event
    await coro(*args, **kwargs)
  File "/app/asu_discord/cogs/analytics.py", line 652, in on_member_update
    before_timeout = before.timed_out_until
                     ^^^^^^^^^^^^^^^^^^^^^^
AttributeError: 'Member' object has no attribute 'timed_out_until'
Ignoring exception in on_member_update
Traceback (most recent call last):
  File "/usr/local/lib/python3.12/site-packages/discord/client.py", line 465, in _run_event
    await coro(*args, **kwargs)
  File "/app/asu_discord/cogs/analytics.py", line 652, in on_member_update
    before_timeout = before.timed_out_until
                     ^^^^^^^^^^^^^^^^^^^^^^
AttributeError: 'Member' object has no attribute 'timed_out_until'
Ignoring exception in on_member_update
Traceback (most recent call last):
  File "/usr/local/lib/python3.12/site-packages/discord/client.py", line 465, in _run_event
    await coro(*args, **kwargs)
  File "/app/asu_discord/cogs/analytics.py", line 652, in on_member_update
    before_timeout = before.timed_out_until
                     ^^^^^^^^^^^^^^^^^^^^^^
AttributeError: 'Member' object has no attribute 'timed_out_until'
Ignoring exception in on_member_update
Traceback (most recent call last):
  File "/usr/local/lib/python3.12/site-packages/discord/client.py", line 465, in _run_event
    await coro(*args, **kwargs)
  File "/app/asu_discord/cogs/analytics.py", line 652, in on_member_update
    before_timeout = before.timed_out_until
                     ^^^^^^^^^^^^^^^^^^^^^^
AttributeError: 'Member' object has no attribute 'timed_out_until'
Ignoring exception in on_member_update
Traceback (most recent call last):
  File "/usr/local/lib/python3.12/site-packages/discord/client.py", line 465, in _run_event
    await coro(*args, **kwargs)
  File "/app/asu_discord/cogs/analytics.py", line 652, in on_member_update
    before_timeout = before.timed_out_until
                     ^^^^^^^^^^^^^^^^^^^^^^
AttributeError: 'Member' object has no attribute 'timed_out_until'
INFO:asu_discord.cogs.verification:Saved 5 roles to database for user amkortse (Discord ID: 1505628286515150889)
INFO:asu_discord.cogs.verification:Refreshed Salesforce roles for Discord user 1505628286515150889: -5/+5 roles, assigned=[Arizona Resident, College of Liberal Arts and Sciences, Commited, Tempe, Transfer Student]
Ignoring exception in on_member_update
Traceback (most recent call last):
  File "/usr/local/lib/python3.12/site-packages/discord/client.py", line 465, in _run_event
    await coro(*args, **kwargs)
  File "/app/asu_discord/cogs/analytics.py", line 652, in on_member_update
    before_timeout = before.timed_out_until
                     ^^^^^^^^^^^^^^^^^^^^^^
AttributeError: 'Member' object has no attribute 'timed_out_until'
Ignoring exception in on_member_update
Traceback (most recent call last):
  File "/usr/local/lib/python3.12/site-packages/discord/client.py", line 465, in _run_event
    await coro(*args, **kwargs)
  File "/app/asu_discord/cogs/analytics.py", line 652, in on_member_update
    before_timeout = before.timed_out_until
                     ^^^^^^^^^^^^^^^^^^^^^^
AttributeError: 'Member' object has no attribute 'timed_out_until'
Ignoring exception in on_member_update
Traceback (most recent call last):
  File "/usr/local/lib/python3.12/site-packages/discord/client.py", line 465, in _run_event
    await coro(*args, **kwargs)
  File "/app/asu_discord/cogs/analytics.py", line 652, in on_member_update
    before_timeout = before.timed_out_until
                     ^^^^^^^^^^^^^^^^^^^^^^
AttributeError: 'Member' object has no attribute 'timed_out_until'
Ignoring exception in on_member_update
Traceback (most recent call last):
  File "/usr/local/lib/python3.12/site-packages/discord/client.py", line 465, in _run_event
    await coro(*args, **kwargs)
  File "/app/asu_discord/cogs/analytics.py", line 652, in on_member_update
    before_timeout = before.timed_out_until
                     ^^^^^^^^^^^^^^^^^^^^^^
AttributeError: 'Member' object has no attribute 'timed_out_until'
Ignoring exception in on_member_update
Traceback (most recent call last):
  File "/usr/local/lib/python3.12/site-packages/discord/client.py", line 465, in _run_event
    await coro(*args, **kwargs)
  File "/app/asu_discord/cogs/analytics.py", line 652, in on_member_update
    before_timeout = before.timed_out_until
                     ^^^^^^^^^^^^^^^^^^^^^^
AttributeError: 'Member' object has no attribute 'timed_out_until'
Ignoring exception in on_member_update
Traceback (most recent call last):
  File "/usr/local/lib/python3.12/site-packages/discord/client.py", line 465, in _run_event
    await coro(*args, **kwargs)
  File "/app/asu_discord/cogs/analytics.py", line 652, in on_member_update
    before_timeout = before.timed_out_until
                     ^^^^^^^^^^^^^^^^^^^^^^
AttributeError: 'Member' object has no attribute 'timed_out_until'
Ignoring exception in on_member_update
Traceback (most recent call last):
  File "/usr/local/lib/python3.12/site-packages/discord/client.py", line 465, in _run_event
    await coro(*args, **kwargs)
  File "/app/asu_discord/cogs/analytics.py", line 652, in on_member_update
    before_timeout = before.timed_out_until
                     ^^^^^^^^^^^^^^^^^^^^^^
AttributeError: 'Member' object has no attribute 'timed_out_until'
Ignoring exception in on_member_update
Traceback (most recent call last):
  File "/usr/local/lib/python3.12/site-packages/discord/client.py", line 465, in _run_event
    await coro(*args, **kwargs)
  File "/app/asu_discord/cogs/analytics.py", line 652, in on_member_update
    before_timeout = before.timed_out_until
                     ^^^^^^^^^^^^^^^^^^^^^^
AttributeError: 'Member' object has no attribute 'timed_out_until'
INFO:asu_discord.cogs.verification:Saved 4 roles to database for user jdmarin3 (Discord ID: 298577028033282048)
INFO:asu_discord.cogs.verification:Refreshed Salesforce roles for Discord user 298577028033282048: -4/+4 roles, assigned=[Arizona Resident, College of Global Futures, First Year, Tempe]
Ignoring exception in on_member_update
Traceback (most recent call last):
  File "/usr/local/lib/python3.12/site-packages/discord/client.py", line 465, in _run_event
    await coro(*args, **kwargs)
  File "/app/asu_discord/cogs/analytics.py", line 652, in on_member_update
    before_timeout = before.timed_out_until
                     ^^^^^^^^^^^^^^^^^^^^^^
AttributeError: 'Member' object has no attribute 'timed_out_until'
Ignoring exception in on_member_update
Traceback (most recent call last):
  File "/usr/local/lib/python3.12/site-packages/discord/client.py", line 465, in _run_event
    await coro(*args, **kwargs)
  File "/app/asu_discord/cogs/analytics.py", line 652, in on_member_update
    before_timeout = before.timed_out_until
                     ^^^^^^^^^^^^^^^^^^^^^^
AttributeError: 'Member' object has no attribute 'timed_out_until'
Ignoring exception in on_member_update
Traceback (most recent call last):
  File "/usr/local/lib/python3.12/site-packages/discord/client.py", line 465, in _run_event
    await coro(*args, **kwargs)
  File "/app/asu_discord/cogs/analytics.py", line 652, in on_member_update
    before_timeout = before.timed_out_until
                     ^^^^^^^^^^^^^^^^^^^^^^
AttributeError: 'Member' object has no attribute 'timed_out_until'
Ignoring exception in on_member_update
Traceback (most recent call last):
  File "/usr/local/lib/python3.12/site-packages/discord/client.py", line 465, in _run_event
    await coro(*args, **kwargs)
  File "/app/asu_discord/cogs/analytics.py", line 652, in on_member_update
    before_timeout = before.timed_out_until
                     ^^^^^^^^^^^^^^^^^^^^^^
AttributeError: 'Member' object has no attribute 'timed_out_until'
Ignoring exception in on_member_update
Traceback (most recent call last):
  File "/usr/local/lib/python3.12/site-packages/discord/client.py", line 465, in _run_event
    await coro(*args, **kwargs)
  File "/app/asu_discord/cogs/analytics.py", line 652, in on_member_update
    before_timeout = before.timed_out_until
                     ^^^^^^^^^^^^^^^^^^^^^^
AttributeError: 'Member' object has no attribute 'timed_out_until'
Ignoring exception in on_member_update
Traceback (most recent call last):
  File "/usr/local/lib/python3.12/site-packages/discord/client.py", line 465, in _run_event
    await coro(*args, **kwargs)
  File "/app/asu_discord/cogs/analytics.py", line 652, in on_member_update
    before_timeout = before.timed_out_until
                     ^^^^^^^^^^^^^^^^^^^^^^
AttributeError: 'Member' object has no attribute 'timed_out_until'
Ignoring exception in on_member_update
Traceback (most recent call last):
  File "/usr/local/lib/python3.12/site-packages/discord/client.py", line 465, in _run_event
    await coro(*args, **kwargs)
  File "/app/asu_discord/cogs/analytics.py", line 652, in on_member_update
    before_timeout = before.timed_out_until
                     ^^^^^^^^^^^^^^^^^^^^^^
AttributeError: 'Member' object has no attribute 'timed_out_until'
Ignoring exception in on_member_update
Traceback (most recent call last):
  File "/usr/local/lib/python3.12/site-packages/discord/client.py", line 465, in _run_event
    await coro(*args, **kwargs)
  File "/app/asu_discord/cogs/analytics.py", line 652, in on_member_update
    before_timeout = before.timed_out_until
                     ^^^^^^^^^^^^^^^^^^^^^^
AttributeError: 'Member' object has no attribute 'timed_out_until'
Ignoring exception in on_member_update
Traceback (most recent call last):
  File "/usr/local/lib/python3.12/site-packages/discord/client.py", line 465, in _run_event
    await coro(*args, **kwargs)
  File "/app/asu_discord/cogs/analytics.py", line 652, in on_member_update
    before_timeout = before.timed_out_until
                     ^^^^^^^^^^^^^^^^^^^^^^
AttributeError: 'Member' object has no attribute 'timed_out_until'
Ignoring exception in on_member_update
Traceback (most recent call last):
  File "/usr/local/lib/python3.12/site-packages/discord/client.py", line 465, in _run_event
    await coro(*args, **kwargs)
  File "/app/asu_discord/cogs/analytics.py", line 652, in on_member_update
    before_timeout = before.timed_out_until
                     ^^^^^^^^^^^^^^^^^^^^^^
AttributeError: 'Member' object has no attribute 'timed_out_until'
INFO:asu_discord.cogs.verification:Saved 6 roles to database for user jbtanabe (Discord ID: 501078761693904902)
INFO:asu_discord.cogs.verification:Refreshed Salesforce roles for Discord user 501078761693904902: -4/+6 roles, assigned=[College of Liberal Arts and Sciences, Commited, First Generation Student, First Year, Out of State, Tempe]
Ignoring exception in on_member_update
Traceback (most recent call last):
  File "/usr/local/lib/python3.12/site-packages/discord/client.py", line 465, in _run_event
    await coro(*args, **kwargs)
  File "/app/asu_discord/cogs/analytics.py", line 652, in on_member_update
    before_timeout = before.timed_out_until
                     ^^^^^^^^^^^^^^^^^^^^^^
AttributeError: 'Member' object has no attribute 'timed_out_until'
Ignoring exception in on_member_update
Traceback (most recent call last):
  File "/usr/local/lib/python3.12/site-packages/discord/client.py", line 465, in _run_event
    await coro(*args, **kwargs)
  File "/app/asu_discord/cogs/analytics.py", line 652, in on_member_update
    before_timeout = before.timed_out_until
                     ^^^^^^^^^^^^^^^^^^^^^^
AttributeError: 'Member' object has no attribute 'timed_out_until'
Ignoring exception in on_member_update
Traceback (most recent call last):
  File "/usr/local/lib/python3.12/site-packages/discord/client.py", line 465, in _run_event
    await coro(*args, **kwargs)
  File "/app/asu_discord/cogs/analytics.py", line 652, in on_member_update
    before_timeout = before.timed_out_until
                     ^^^^^^^^^^^^^^^^^^^^^^
AttributeError: 'Member' object has no attribute 'timed_out_until'
Ignoring exception in on_member_update
Traceback (most recent call last):
  File "/usr/local/lib/python3.12/site-packages/discord/client.py", line 465, in _run_event
    await coro(*args, **kwargs)
  File "/app/asu_discord/cogs/analytics.py", line 652, in on_member_update
    before_timeout = before.timed_out_until
                     ^^^^^^^^^^^^^^^^^^^^^^
AttributeError: 'Member' object has no attribute 'timed_out_until'
Ignoring exception in on_member_update
Traceback (most recent call last):
  File "/usr/local/lib/python3.12/site-packages/discord/client.py", line 465, in _run_event
    await coro(*args, **kwargs)
  File "/app/asu_discord/cogs/analytics.py", line 652, in on_member_update
    before_timeout = before.timed_out_until
                     ^^^^^^^^^^^^^^^^^^^^^^
AttributeError: 'Member' object has no attribute 'timed_out_until'
Ignoring exception in on_member_update
Traceback (most recent call last):
  File "/usr/local/lib/python3.12/site-packages/discord/client.py", line 465, in _run_event
    await coro(*args, **kwargs)
  File "/app/asu_discord/cogs/analytics.py", line 652, in on_member_update
    before_timeout = before.timed_out_until
                     ^^^^^^^^^^^^^^^^^^^^^^
AttributeError: 'Member' object has no attribute 'timed_out_until'
Ignoring exception in on_member_update
Traceback (most recent call last):
  File "/usr/local/lib/python3.12/site-packages/discord/client.py", line 465, in _run_event
    await coro(*args, **kwargs)
  File "/app/asu_discord/cogs/analytics.py", line 652, in on_member_update
    before_timeout = before.timed_out_until
                     ^^^^^^^^^^^^^^^^^^^^^^
AttributeError: 'Member' object has no attribute 'timed_out_until'
Ignoring exception in on_member_update
Traceback (most recent call last):
  File "/usr/local/lib/python3.12/site-packages/discord/client.py", line 465, in _run_event
    await coro(*args, **kwargs)
  File "/app/asu_discord/cogs/analytics.py", line 652, in on_member_update
    before_timeout = before.timed_out_until
                     ^^^^^^^^^^^^^^^^^^^^^^
AttributeError: 'Member' object has no attribute 'timed_out_until'
Ignoring exception in on_member_update
Traceback (most recent call last):
  File "/usr/local/lib/python3.12/site-packages/discord/client.py", line 465, in _run_event
    await coro(*args, **kwargs)
  File "/app/asu_discord/cogs/analytics.py", line 652, in on_member_update
    before_timeout = before.timed_out_until
                     ^^^^^^^^^^^^^^^^^^^^^^
AttributeError: 'Member' object has no attribute 'timed_out_until'
Ignoring exception in on_member_update
Traceback (most recent call last):
  File "/usr/local/lib/python3.12/site-packages/discord/client.py", line 465, in _run_event
    await coro(*args, **kwargs)
  File "/app/asu_discord/cogs/analytics.py", line 652, in on_member_update
    before_timeout = before.timed_out_until
                     ^^^^^^^^^^^^^^^^^^^^^^
AttributeError: 'Member' object has no attribute 'timed_out_until'
INFO:asu_discord.cogs.verification:Saved 5 roles to database for user gachutha (Discord ID: 754380702597906433)
INFO:asu_discord.cogs.verification:Refreshed Salesforce roles for Discord user 754380702597906433: -5/+5 roles, assigned=[Commited, Graduate Student, International Student, Ira A. Fulton Schools of Engineering, Tempe]
Ignoring exception in on_member_update
Traceback (most recent call last):
  File "/usr/local/lib/python3.12/site-packages/discord/client.py", line 465, in _run_event
    await coro(*args, **kwargs)
  File "/app/asu_discord/cogs/analytics.py", line 652, in on_member_update
    before_timeout = before.timed_out_until
                     ^^^^^^^^^^^^^^^^^^^^^^
AttributeError: 'Member' object has no attribute 'timed_out_until'
Ignoring exception in on_member_update
Traceback (most recent call last):
  File "/usr/local/lib/python3.12/site-packages/discord/client.py", line 465, in _run_event
    await coro(*args, **kwargs)
  File "/app/asu_discord/cogs/analytics.py", line 652, in on_member_update
    before_timeout = before.timed_out_until
                     ^^^^^^^^^^^^^^^^^^^^^^
AttributeError: 'Member' object has no attribute 'timed_out_until'
Ignoring exception in on_member_update
Traceback (most recent call last):
  File "/usr/local/lib/python3.12/site-packages/discord/client.py", line 465, in _run_event
    await coro(*args, **kwargs)
  File "/app/asu_discord/cogs/analytics.py", line 652, in on_member_update
    before_timeout = before.timed_out_until
                     ^^^^^^^^^^^^^^^^^^^^^^
AttributeError: 'Member' object has no attribute 'timed_out_until'
Ignoring exception in on_member_update
Traceback (most recent call last):
  File "/usr/local/lib/python3.12/site-packages/discord/client.py", line 465, in _run_event
    await coro(*args, **kwargs)
  File "/app/asu_discord/cogs/analytics.py", line 652, in on_member_update
    before_timeout = before.timed_out_until
                     ^^^^^^^^^^^^^^^^^^^^^^
AttributeError: 'Member' object has no attribute 'timed_out_until'
Ignoring exception in on_member_update
Traceback (most recent call last):
  File "/usr/local/lib/python3.12/site-packages/discord/client.py", line 465, in _run_event
    await coro(*args, **kwargs)
  File "/app/asu_discord/cogs/analytics.py", line 652, in on_member_update
    before_timeout = before.timed_out_until
                     ^^^^^^^^^^^^^^^^^^^^^^
AttributeError: 'Member' object has no attribute 'timed_out_until'
Ignoring exception in on_member_update
Traceback (most recent call last):
  File "/usr/local/lib/python3.12/site-packages/discord/client.py", line 465, in _run_event
    await coro(*args, **kwargs)
  File "/app/asu_discord/cogs/analytics.py", line 652, in on_member_update
    before_timeout = before.timed_out_until
                     ^^^^^^^^^^^^^^^^^^^^^^
AttributeError: 'Member' object has no attribute 'timed_out_until'
Ignoring exception in on_member_update
Traceback (most recent call last):
  File "/usr/local/lib/python3.12/site-packages/discord/client.py", line 465, in _run_event
    await coro(*args, **kwargs)
  File "/app/asu_discord/cogs/analytics.py", line 652, in on_member_update
    before_timeout = before.timed_out_until
                     ^^^^^^^^^^^^^^^^^^^^^^
AttributeError: 'Member' object has no attribute 'timed_out_until'
Ignoring exception in on_member_update
Traceback (most recent call last):
  File "/usr/local/lib/python3.12/site-packages/discord/client.py", line 465, in _run_event
    await coro(*args, **kwargs)
  File "/app/asu_discord/cogs/analytics.py", line 652, in on_member_update
    before_timeout = before.timed_out_until
                     ^^^^^^^^^^^^^^^^^^^^^^
AttributeError: 'Member' object has no attribute 'timed_out_until'
Ignoring exception in on_member_update
Traceback (most recent call last):
  File "/usr/local/lib/python3.12/site-packages/discord/client.py", line 465, in _run_event
    await coro(*args, **kwargs)
  File "/app/asu_discord/cogs/analytics.py", line 652, in on_member_update
    before_timeout = before.timed_out_until
                     ^^^^^^^^^^^^^^^^^^^^^^
AttributeError: 'Member' object has no attribute 'timed_out_until'
Ignoring exception in on_member_update
Traceback (most recent call last):
  File "/usr/local/lib/python3.12/site-packages/discord/client.py", line 465, in _run_event
    await coro(*args, **kwargs)
  File "/app/asu_discord/cogs/analytics.py", line 652, in on_member_update
    before_timeout = before.timed_out_until
                     ^^^^^^^^^^^^^^^^^^^^^^
AttributeError: 'Member' object has no attribute 'timed_out_until'
INFO:asu_discord.cogs.verification:Saved 6 roles to database for user tlath (Discord ID: 1505799985969758300)
INFO:asu_discord.cogs.verification:Refreshed Salesforce roles for Discord user 1505799985969758300: -4/+6 roles, assigned=[Commited, First Year, International Student, Ira A. Fulton Schools of Engineering, Tempe, Upperclassmen]
Ignoring exception in on_member_update
Traceback (most recent call last):
  File "/usr/local/lib/python3.12/site-packages/discord/client.py", line 465, in _run_event
    await coro(*args, **kwargs)
  File "/app/asu_discord/cogs/analytics.py", line 652, in on_member_update
    before_timeout = before.timed_out_until
                     ^^^^^^^^^^^^^^^^^^^^^^
AttributeError: 'Member' object has no attribute 'timed_out_until'
Ignoring exception in on_member_update
Traceback (most recent call last):
  File "/usr/local/lib/python3.12/site-packages/discord/client.py", line 465, in _run_event
    await coro(*args, **kwargs)
  File "/app/asu_discord/cogs/analytics.py", line 652, in on_member_update
    before_timeout = before.timed_out_until
                     ^^^^^^^^^^^^^^^^^^^^^^
AttributeError: 'Member' object has no attribute 'timed_out_until'
Ignoring exception in on_member_update
Traceback (most recent call last):
  File "/usr/local/lib/python3.12/site-packages/discord/client.py", line 465, in _run_event
    await coro(*args, **kwargs)
  File "/app/asu_discord/cogs/analytics.py", line 652, in on_member_update
    before_timeout = before.timed_out_until
                     ^^^^^^^^^^^^^^^^^^^^^^
AttributeError: 'Member' object has no attribute 'timed_out_until'
Ignoring exception in on_member_update
Traceback (most recent call last):
  File "/usr/local/lib/python3.12/site-packages/discord/client.py", line 465, in _run_event
    await coro(*args, **kwargs)
  File "/app/asu_discord/cogs/analytics.py", line 652, in on_member_update
    before_timeout = before.timed_out_until
                     ^^^^^^^^^^^^^^^^^^^^^^
AttributeError: 'Member' object has no attribute 'timed_out_until'
Ignoring exception in on_member_update
Traceback (most recent call last):
  File "/usr/local/lib/python3.12/site-packages/discord/client.py", line 465, in _run_event
    await coro(*args, **kwargs)
  File "/app/asu_discord/cogs/analytics.py", line 652, in on_member_update
    before_timeout = before.timed_out_until
                     ^^^^^^^^^^^^^^^^^^^^^^
AttributeError: 'Member' object has no attribute 'timed_out_until'
Ignoring exception in on_member_update
Traceback (most recent call last):
  File "/usr/local/lib/python3.12/site-packages/discord/client.py", line 465, in _run_event
    await coro(*args, **kwargs)
  File "/app/asu_discord/cogs/analytics.py", line 652, in on_member_update
    before_timeout = before.timed_out_until
                     ^^^^^^^^^^^^^^^^^^^^^^
AttributeError: 'Member' object has no attribute 'timed_out_until'
Ignoring exception in on_member_update
Traceback (most recent call last):
  File "/usr/local/lib/python3.12/site-packages/discord/client.py", line 465, in _run_event
    await coro(*args, **kwargs)
  File "/app/asu_discord/cogs/analytics.py", line 652, in on_member_update
    before_timeout = before.timed_out_until
                     ^^^^^^^^^^^^^^^^^^^^^^
AttributeError: 'Member' object has no attribute 'timed_out_until'
Ignoring exception in on_member_update
Traceback (most recent call last):
  File "/usr/local/lib/python3.12/site-packages/discord/client.py", line 465, in _run_event
    await coro(*args, **kwargs)
  File "/app/asu_discord/cogs/analytics.py", line 652, in on_member_update
    before_timeout = before.timed_out_until
                     ^^^^^^^^^^^^^^^^^^^^^^
AttributeError: 'Member' object has no attribute 'timed_out_until'
Ignoring exception in on_member_update
Traceback (most recent call last):
  File "/usr/local/lib/python3.12/site-packages/discord/client.py", line 465, in _run_event
    await coro(*args, **kwargs)
  File "/app/asu_discord/cogs/analytics.py", line 652, in on_member_update
    before_timeout = before.timed_out_until
                     ^^^^^^^^^^^^^^^^^^^^^^
AttributeError: 'Member' object has no attribute 'timed_out_until'
Ignoring exception in on_member_update
Traceback (most recent call last):
  File "/usr/local/lib/python3.12/site-packages/discord/client.py", line 465, in _run_event
    await coro(*args, **kwargs)
  File "/app/asu_discord/cogs/analytics.py", line 652, in on_member_update
    before_timeout = before.timed_out_until
                     ^^^^^^^^^^^^^^^^^^^^^^
AttributeError: 'Member' object has no attribute 'timed_out_until'
INFO:asu_discord.cogs.verification:Saved 5 roles to database for user kpate437 (Discord ID: 547618514437931045)
INFO:asu_discord.cogs.verification:Refreshed Salesforce roles for Discord user 547618514437931045: -5/+5 roles, assigned=[Commited, Graduate Student, International Student, Ira A. Fulton Schools of Engineering, Tempe]
Ignoring exception in on_member_update
Traceback (most recent call last):
  File "/usr/local/lib/python3.12/site-packages/discord/client.py", line 465, in _run_event
    await coro(*args, **kwargs)
  File "/app/asu_discord/cogs/analytics.py", line 652, in on_member_update
    before_timeout = before.timed_out_until
                     ^^^^^^^^^^^^^^^^^^^^^^
AttributeError: 'Member' object has no attribute 'timed_out_until'
Ignoring exception in on_member_update
Traceback (most recent call last):
  File "/usr/local/lib/python3.12/site-packages/discord/client.py", line 465, in _run_event
    await coro(*args, **kwargs)
  File "/app/asu_discord/cogs/analytics.py", line 652, in on_member_update
    before_timeout = before.timed_out_until
                     ^^^^^^^^^^^^^^^^^^^^^^
AttributeError: 'Member' object has no attribute 'timed_out_until'
Ignoring exception in on_member_update
Traceback (most recent call last):
  File "/usr/local/lib/python3.12/site-packages/discord/client.py", line 465, in _run_event
    await coro(*args, **kwargs)
  File "/app/asu_discord/cogs/analytics.py", line 652, in on_member_update
    before_timeout = before.timed_out_until
                     ^^^^^^^^^^^^^^^^^^^^^^
AttributeError: 'Member' object has no attribute 'timed_out_until'
Ignoring exception in on_member_update
Traceback (most recent call last):
  File "/usr/local/lib/python3.12/site-packages/discord/client.py", line 465, in _run_event
    await coro(*args, **kwargs)
  File "/app/asu_discord/cogs/analytics.py", line 652, in on_member_update
    before_timeout = before.timed_out_until
                     ^^^^^^^^^^^^^^^^^^^^^^
AttributeError: 'Member' object has no attribute 'timed_out_until'
Ignoring exception in on_member_update
Traceback (most recent call last):
  File "/usr/local/lib/python3.12/site-packages/discord/client.py", line 465, in _run_event
    await coro(*args, **kwargs)
  File "/app/asu_discord/cogs/analytics.py", line 652, in on_member_update
    before_timeout = before.timed_out_until
                     ^^^^^^^^^^^^^^^^^^^^^^
AttributeError: 'Member' object has no attribute 'timed_out_until'
Ignoring exception in on_member_update
Traceback (most recent call last):
  File "/usr/local/lib/python3.12/site-packages/discord/client.py", line 465, in _run_event
    await coro(*args, **kwargs)
  File "/app/asu_discord/cogs/analytics.py", line 652, in on_member_update
    before_timeout = before.timed_out_until
                     ^^^^^^^^^^^^^^^^^^^^^^
AttributeError: 'Member' object has no attribute 'timed_out_until'
Ignoring exception in on_member_update
Traceback (most recent call last):
  File "/usr/local/lib/python3.12/site-packages/discord/client.py", line 465, in _run_event
    await coro(*args, **kwargs)
  File "/app/asu_discord/cogs/analytics.py", line 652, in on_member_update
    before_timeout = before.timed_out_until
                     ^^^^^^^^^^^^^^^^^^^^^^
AttributeError: 'Member' object has no attribute 'timed_out_until'
Ignoring exception in on_member_update
Traceback (most recent call last):
  File "/usr/local/lib/python3.12/site-packages/discord/client.py", line 465, in _run_event
    await coro(*args, **kwargs)
  File "/app/asu_discord/cogs/analytics.py", line 652, in on_member_update
    before_timeout = before.timed_out_until
                     ^^^^^^^^^^^^^^^^^^^^^^
AttributeError: 'Member' object has no attribute 'timed_out_until'
Ignoring exception in on_member_update
Traceback (most recent call last):
  File "/usr/local/lib/python3.12/site-packages/discord/client.py", line 465, in _run_event
    await coro(*args, **kwargs)
  File "/app/asu_discord/cogs/analytics.py", line 652, in on_member_update
    before_timeout = before.timed_out_until
                     ^^^^^^^^^^^^^^^^^^^^^^
AttributeError: 'Member' object has no attribute 'timed_out_until'
Ignoring exception in on_member_update
Traceback (most recent call last):
  File "/usr/local/lib/python3.12/site-packages/discord/client.py", line 465, in _run_event
    await coro(*args, **kwargs)
  File "/app/asu_discord/cogs/analytics.py", line 652, in on_member_update
    before_timeout = before.timed_out_until
                     ^^^^^^^^^^^^^^^^^^^^^^
AttributeError: 'Member' object has no attribute 'timed_out_until'
INFO:asu_discord.cogs.verification:Saved 6 roles to database for user lemadse1 (Discord ID: 696475321515507772)
INFO:asu_discord.cogs.verification:Refreshed Salesforce roles for Discord user 696475321515507772: -4/+6 roles, assigned=[Commited, First Generation Student, First Year, International Student, Tempe, W.P. Carey School of Business]
Ignoring exception in on_member_update
Traceback (most recent call last):
  File "/usr/local/lib/python3.12/site-packages/discord/client.py", line 465, in _run_event
    await coro(*args, **kwargs)
  File "/app/asu_discord/cogs/analytics.py", line 652, in on_member_update
    before_timeout = before.timed_out_until
                     ^^^^^^^^^^^^^^^^^^^^^^
AttributeError: 'Member' object has no attribute 'timed_out_until'
Ignoring exception in on_member_update
Traceback (most recent call last):
  File "/usr/local/lib/python3.12/site-packages/discord/client.py", line 465, in _run_event
    await coro(*args, **kwargs)
  File "/app/asu_discord/cogs/analytics.py", line 652, in on_member_update
    before_timeout = before.timed_out_until
                     ^^^^^^^^^^^^^^^^^^^^^^
AttributeError: 'Member' object has no attribute 'timed_out_until'
Ignoring exception in on_member_update
Traceback (most recent call last):
  File "/usr/local/lib/python3.12/site-packages/discord/client.py", line 465, in _run_event
    await coro(*args, **kwargs)
  File "/app/asu_discord/cogs/analytics.py", line 652, in on_member_update
    before_timeout = before.timed_out_until
                     ^^^^^^^^^^^^^^^^^^^^^^
AttributeError: 'Member' object has no attribute 'timed_out_until'
Ignoring exception in on_member_update
Traceback (most recent call last):
  File "/usr/local/lib/python3.12/site-packages/discord/client.py", line 465, in _run_event
    await coro(*args, **kwargs)
  File "/app/asu_discord/cogs/analytics.py", line 652, in on_member_update
    before_timeout = before.timed_out_until
                     ^^^^^^^^^^^^^^^^^^^^^^
AttributeError: 'Member' object has no attribute 'timed_out_until'
Ignoring exception in on_member_update
Traceback (most recent call last):
  File "/usr/local/lib/python3.12/site-packages/discord/client.py", line 465, in _run_event
    await coro(*args, **kwargs)
  File "/app/asu_discord/cogs/analytics.py", line 652, in on_member_update
    before_timeout = before.timed_out_until
                     ^^^^^^^^^^^^^^^^^^^^^^
AttributeError: 'Member' object has no attribute 'timed_out_until'
Ignoring exception in on_member_update
Traceback (most recent call last):
  File "/usr/local/lib/python3.12/site-packages/discord/client.py", line 465, in _run_event
    await coro(*args, **kwargs)
  File "/app/asu_discord/cogs/analytics.py", line 652, in on_member_update
    before_timeout = before.timed_out_until
                     ^^^^^^^^^^^^^^^^^^^^^^
AttributeError: 'Member' object has no attribute 'timed_out_until'
Ignoring exception in on_member_update
Traceback (most recent call last):
  File "/usr/local/lib/python3.12/site-packages/discord/client.py", line 465, in _run_event
    await coro(*args, **kwargs)
  File "/app/asu_discord/cogs/analytics.py", line 652, in on_member_update
    before_timeout = before.timed_out_until
                     ^^^^^^^^^^^^^^^^^^^^^^
AttributeError: 'Member' object has no attribute 'timed_out_until'
Ignoring exception in on_member_update
Traceback (most recent call last):
  File "/usr/local/lib/python3.12/site-packages/discord/client.py", line 465, in _run_event
    await coro(*args, **kwargs)
  File "/app/asu_discord/cogs/analytics.py", line 652, in on_member_update
    before_timeout = before.timed_out_until
                     ^^^^^^^^^^^^^^^^^^^^^^
AttributeError: 'Member' object has no attribute 'timed_out_until'
Ignoring exception in on_member_update
Traceback (most recent call last):
  File "/usr/local/lib/python3.12/site-packages/discord/client.py", line 465, in _run_event
    await coro(*args, **kwargs)
  File "/app/asu_discord/cogs/analytics.py", line 652, in on_member_update
    before_timeout = before.timed_out_until
                     ^^^^^^^^^^^^^^^^^^^^^^
AttributeError: 'Member' object has no attribute 'timed_out_until'
INFO:asu_discord.cogs.verification:Saved 5 roles to database for user alanabak (Discord ID: 1281279018225635393)
INFO:asu_discord.cogs.verification:Refreshed Salesforce roles for Discord user 1281279018225635393: -5/+4 roles, assigned=[Commited, First Year, Out of State, Polytechnic, W.P. Carey School of Business]
Ignoring exception in on_member_update
Traceback (most recent call last):
  File "/usr/local/lib/python3.12/site-packages/discord/client.py", line 465, in _run_event
    await coro(*args, **kwargs)
  File "/app/asu_discord/cogs/analytics.py", line 652, in on_member_update
    before_timeout = before.timed_out_until
                     ^^^^^^^^^^^^^^^^^^^^^^
AttributeError: 'Member' object has no attribute 'timed_out_until'
Ignoring exception in on_member_update
Traceback (most recent call last):
  File "/usr/local/lib/python3.12/site-packages/discord/client.py", line 465, in _run_event
    await coro(*args, **kwargs)
  File "/app/asu_discord/cogs/analytics.py", line 652, in on_member_update
    before_timeout = before.timed_out_until
                     ^^^^^^^^^^^^^^^^^^^^^^
AttributeError: 'Member' object has no attribute 'timed_out_until'
Ignoring exception in on_member_update
Traceback (most recent call last):
  File "/usr/local/lib/python3.12/site-packages/discord/client.py", line 465, in _run_event
    await coro(*args, **kwargs)
  File "/app/asu_discord/cogs/analytics.py", line 652, in on_member_update
    before_timeout = before.timed_out_until
                     ^^^^^^^^^^^^^^^^^^^^^^
AttributeError: 'Member' object has no attribute 'timed_out_until'
Ignoring exception in on_member_update
Traceback (most recent call last):
  File "/usr/local/lib/python3.12/site-packages/discord/client.py", line 465, in _run_event
    await coro(*args, **kwargs)
  File "/app/asu_discord/cogs/analytics.py", line 652, in on_member_update
    before_timeout = before.timed_out_until
                     ^^^^^^^^^^^^^^^^^^^^^^
AttributeError: 'Member' object has no attribute 'timed_out_until'
Ignoring exception in on_member_update
Traceback (most recent call last):
  File "/usr/local/lib/python3.12/site-packages/discord/client.py", line 465, in _run_event
    await coro(*args, **kwargs)
  File "/app/asu_discord/cogs/analytics.py", line 652, in on_member_update
    before_timeout = before.timed_out_until
                     ^^^^^^^^^^^^^^^^^^^^^^
AttributeError: 'Member' object has no attribute 'timed_out_until'
Ignoring exception in on_member_update
Traceback (most recent call last):
  File "/usr/local/lib/python3.12/site-packages/discord/client.py", line 465, in _run_event
    await coro(*args, **kwargs)
  File "/app/asu_discord/cogs/analytics.py", line 652, in on_member_update
    before_timeout = before.timed_out_until
                     ^^^^^^^^^^^^^^^^^^^^^^
AttributeError: 'Member' object has no attribute 'timed_out_until'
Ignoring exception in on_member_update
Traceback (most recent call last):
  File "/usr/local/lib/python3.12/site-packages/discord/client.py", line 465, in _run_event
    await coro(*args, **kwargs)
  File "/app/asu_discord/cogs/analytics.py", line 652, in on_member_update
    before_timeout = before.timed_out_until
                     ^^^^^^^^^^^^^^^^^^^^^^
AttributeError: 'Member' object has no attribute 'timed_out_until'
Ignoring exception in on_member_update
Traceback (most recent call last):
  File "/usr/local/lib/python3.12/site-packages/discord/client.py", line 465, in _run_event
    await coro(*args, **kwargs)
  File "/app/asu_discord/cogs/analytics.py", line 652, in on_member_update
    before_timeout = before.timed_out_until
                     ^^^^^^^^^^^^^^^^^^^^^^
AttributeError: 'Member' object has no attribute 'timed_out_until'
Ignoring exception in on_member_update
Traceback (most recent call last):
  File "/usr/local/lib/python3.12/site-packages/discord/client.py", line 465, in _run_event
    await coro(*args, **kwargs)
  File "/app/asu_discord/cogs/analytics.py", line 652, in on_member_update
    before_timeout = before.timed_out_until
                     ^^^^^^^^^^^^^^^^^^^^^^
AttributeError: 'Member' object has no attribute 'timed_out_until'
Ignoring exception in on_member_update
Traceback (most recent call last):
  File "/usr/local/lib/python3.12/site-packages/discord/client.py", line 465, in _run_event
    await coro(*args, **kwargs)
  File "/app/asu_discord/cogs/analytics.py", line 652, in on_member_update
    before_timeout = before.timed_out_until
                     ^^^^^^^^^^^^^^^^^^^^^^
AttributeError: 'Member' object has no attribute 'timed_out_until'
ERROR:cron.jobs:refresh_salesforce_roles: failed for bjclar14 (Discord ID 740351647951224893): Timed out refresh Salesforce-based roles
INFO:asu_discord.salesforce:No Salesforce opportunities found for ndiaz38
INFO:cron.jobs:refresh_salesforce_roles: skipping ndiaz38: no profile returned
Ignoring exception in on_member_update
Traceback (most recent call last):
  File "/usr/local/lib/python3.12/site-packages/discord/client.py", line 465, in _run_event
    await coro(*args, **kwargs)
  File "/app/asu_discord/cogs/analytics.py", line 652, in on_member_update
    before_timeout = before.timed_out_until
                     ^^^^^^^^^^^^^^^^^^^^^^
AttributeError: 'Member' object has no attribute 'timed_out_until'
Ignoring exception in on_member_update
Traceback (most recent call last):
  File "/usr/local/lib/python3.12/site-packages/discord/client.py", line 465, in _run_event
    await coro(*args, **kwargs)
  File "/app/asu_discord/cogs/analytics.py", line 652, in on_member_update
    before_timeout = before.timed_out_until
                     ^^^^^^^^^^^^^^^^^^^^^^
AttributeError: 'Member' object has no attribute 'timed_out_until'
Ignoring exception in on_member_update
Traceback (most recent call last):
  File "/usr/local/lib/python3.12/site-packages/discord/client.py", line 465, in _run_event
    await coro(*args, **kwargs)
  File "/app/asu_discord/cogs/analytics.py", line 652, in on_member_update
    before_timeout = before.timed_out_until
                     ^^^^^^^^^^^^^^^^^^^^^^
AttributeError: 'Member' object has no attribute 'timed_out_until'
Ignoring exception in on_member_update
Traceback (most recent call last):
  File "/usr/local/lib/python3.12/site-packages/discord/client.py", line 465, in _run_event
    await coro(*args, **kwargs)
  File "/app/asu_discord/cogs/analytics.py", line 652, in on_member_update
    before_timeout = before.timed_out_until
                     ^^^^^^^^^^^^^^^^^^^^^^
AttributeError: 'Member' object has no attribute 'timed_out_until'
Ignoring exception in on_member_update
Traceback (most recent call last):
  File "/usr/local/lib/python3.12/site-packages/discord/client.py", line 465, in _run_event
    await coro(*args, **kwargs)
  File "/app/asu_discord/cogs/analytics.py", line 652, in on_member_update
    before_timeout = before.timed_out_until
                     ^^^^^^^^^^^^^^^^^^^^^^
AttributeError: 'Member' object has no attribute 'timed_out_until'
Ignoring exception in on_member_update
Traceback (most recent call last):
  File "/usr/local/lib/python3.12/site-packages/discord/client.py", line 465, in _run_event
    await coro(*args, **kwargs)
  File "/app/asu_discord/cogs/analytics.py", line 652, in on_member_update
    before_timeout = before.timed_out_until
                     ^^^^^^^^^^^^^^^^^^^^^^
AttributeError: 'Member' object has no attribute 'timed_out_until'
Ignoring exception in on_member_update
Traceback (most recent call last):
  File "/usr/local/lib/python3.12/site-packages/discord/client.py", line 465, in _run_event
    await coro(*args, **kwargs)
  File "/app/asu_discord/cogs/analytics.py", line 652, in on_member_update
    before_timeout = before.timed_out_until
                     ^^^^^^^^^^^^^^^^^^^^^^
AttributeError: 'Member' object has no attribute 'timed_out_until'
Ignoring exception in on_member_update
Traceback (most recent call last):
  File "/usr/local/lib/python3.12/site-packages/discord/client.py", line 465, in _run_event
    await coro(*args, **kwargs)
  File "/app/asu_discord/cogs/analytics.py", line 652, in on_member_update
    before_timeout = before.timed_out_until
                     ^^^^^^^^^^^^^^^^^^^^^^
AttributeError: 'Member' object has no attribute 'timed_out_until'
Ignoring exception in on_member_update
Traceback (most recent call last):
  File "/usr/local/lib/python3.12/site-packages/discord/client.py", line 465, in _run_event
    await coro(*args, **kwargs)
  File "/app/asu_discord/cogs/analytics.py", line 652, in on_member_update
    before_timeout = before.timed_out_until
                     ^^^^^^^^^^^^^^^^^^^^^^
AttributeError: 'Member' object has no attribute 'timed_out_until'
Ignoring exception in on_member_update
Traceback (most recent call last):
  File "/usr/local/lib/python3.12/site-packages/discord/client.py", line 465, in _run_event
    await coro(*args, **kwargs)
  File "/app/asu_discord/cogs/analytics.py", line 652, in on_member_update
    before_timeout = before.timed_out_until
                     ^^^^^^^^^^^^^^^^^^^^^^
AttributeError: 'Member' object has no attribute 'timed_out_until'
ERROR:cron.jobs:refresh_salesforce_roles: failed for nornstei (Discord ID 1279472467236229209): Timed out refresh Salesforce-based roles
Ignoring exception in on_member_update
Traceback (most recent call last):
  File "/usr/local/lib/python3.12/site-packages/discord/client.py", line 465, in _run_event
    await coro(*args, **kwargs)
  File "/app/asu_discord/cogs/analytics.py", line 652, in on_member_update
    before_timeout = before.timed_out_until
                     ^^^^^^^^^^^^^^^^^^^^^^
AttributeError: 'Member' object has no attribute 'timed_out_until'
Ignoring exception in on_member_update
Traceback (most recent call last):
  File "/usr/local/lib/python3.12/site-packages/discord/client.py", line 465, in _run_event
    await coro(*args, **kwargs)
  File "/app/asu_discord/cogs/analytics.py", line 652, in on_member_update
    before_timeout = before.timed_out_until
                     ^^^^^^^^^^^^^^^^^^^^^^
AttributeError: 'Member' object has no attribute 'timed_out_until'
Ignoring exception in on_member_update
Traceback (most recent call last):
  File "/usr/local/lib/python3.12/site-packages/discord/client.py", line 465, in _run_event
    await coro(*args, **kwargs)
  File "/app/asu_discord/cogs/analytics.py", line 652, in on_member_update
    before_timeout = before.timed_out_until
                     ^^^^^^^^^^^^^^^^^^^^^^
AttributeError: 'Member' object has no attribute 'timed_out_until'
Ignoring exception in on_member_update
Traceback (most recent call last):
  File "/usr/local/lib/python3.12/site-packages/discord/client.py", line 465, in _run_event
    await coro(*args, **kwargs)
  File "/app/asu_discord/cogs/analytics.py", line 652, in on_member_update
    before_timeout = before.timed_out_until
                     ^^^^^^^^^^^^^^^^^^^^^^
AttributeError: 'Member' object has no attribute 'timed_out_until'
Ignoring exception in on_member_update
Traceback (most recent call last):
  File "/usr/local/lib/python3.12/site-packages/discord/client.py", line 465, in _run_event
    await coro(*args, **kwargs)
  File "/app/asu_discord/cogs/analytics.py", line 652, in on_member_update
    before_timeout = before.timed_out_until
                     ^^^^^^^^^^^^^^^^^^^^^^
AttributeError: 'Member' object has no attribute 'timed_out_until'
Ignoring exception in on_member_update
Traceback (most recent call last):
  File "/usr/local/lib/python3.12/site-packages/discord/client.py", line 465, in _run_event
    await coro(*args, **kwargs)
  File "/app/asu_discord/cogs/analytics.py", line 652, in on_member_update
    before_timeout = before.timed_out_until
                     ^^^^^^^^^^^^^^^^^^^^^^
AttributeError: 'Member' object has no attribute 'timed_out_until'
Ignoring exception in on_member_update
Traceback (most recent call last):
  File "/usr/local/lib/python3.12/site-packages/discord/client.py", line 465, in _run_event
    await coro(*args, **kwargs)
  File "/app/asu_discord/cogs/analytics.py", line 652, in on_member_update
    before_timeout = before.timed_out_until
                     ^^^^^^^^^^^^^^^^^^^^^^
AttributeError: 'Member' object has no attribute 'timed_out_until'
Ignoring exception in on_member_update
Traceback (most recent call last):
  File "/usr/local/lib/python3.12/site-packages/discord/client.py", line 465, in _run_event
    await coro(*args, **kwargs)
  File "/app/asu_discord/cogs/analytics.py", line 652, in on_member_update
    before_timeout = before.timed_out_until
                     ^^^^^^^^^^^^^^^^^^^^^^
AttributeError: 'Member' object has no attribute 'timed_out_until'
Ignoring exception in on_member_update
Traceback (most recent call last):
  File "/usr/local/lib/python3.12/site-packages/discord/client.py", line 465, in _run_event
    await coro(*args, **kwargs)
  File "/app/asu_discord/cogs/analytics.py", line 652, in on_member_update
    before_timeout = before.timed_out_until
                     ^^^^^^^^^^^^^^^^^^^^^^
AttributeError: 'Member' object has no attribute 'timed_out_until'
INFO:asu_discord.cogs.verification:Saved 5 roles to database for user gbourree (Discord ID: 254823960989007873)
INFO:asu_discord.cogs.verification:Refreshed Salesforce roles for Discord user 254823960989007873: -5/+5 roles, assigned=[Arizona Resident, Commited, Tempe, Transfer Student, W.P. Carey School of Business]
Ignoring exception in on_member_update
Traceback (most recent call last):
  File "/usr/local/lib/python3.12/site-packages/discord/client.py", line 465, in _run_event
    await coro(*args, **kwargs)
  File "/app/asu_discord/cogs/analytics.py", line 652, in on_member_update
    before_timeout = before.timed_out_until
                     ^^^^^^^^^^^^^^^^^^^^^^
AttributeError: 'Member' object has no attribute 'timed_out_until'
Ignoring exception in on_member_update
Traceback (most recent call last):
  File "/usr/local/lib/python3.12/site-packages/discord/client.py", line 465, in _run_event
    await coro(*args, **kwargs)
  File "/app/asu_discord/cogs/analytics.py", line 652, in on_member_update
    before_timeout = before.timed_out_until
                     ^^^^^^^^^^^^^^^^^^^^^^
AttributeError: 'Member' object has no attribute 'timed_out_until'
Ignoring exception in on_member_update
Traceback (most recent call last):
  File "/usr/local/lib/python3.12/site-packages/discord/client.py", line 465, in _run_event
    await coro(*args, **kwargs)
  File "/app/asu_discord/cogs/analytics.py", line 652, in on_member_update
    before_timeout = before.timed_out_until
                     ^^^^^^^^^^^^^^^^^^^^^^
AttributeError: 'Member' object has no attribute 'timed_out_until'
Ignoring exception in on_member_update
Traceback (most recent call last):
  File "/usr/local/lib/python3.12/site-packages/discord/client.py", line 465, in _run_event
    await coro(*args, **kwargs)
  File "/app/asu_discord/cogs/analytics.py", line 652, in on_member_update
    before_timeout = before.timed_out_until
                     ^^^^^^^^^^^^^^^^^^^^^^
AttributeError: 'Member' object has no attribute 'timed_out_until'
Ignoring exception in on_member_update
Traceback (most recent call last):
  File "/usr/local/lib/python3.12/site-packages/discord/client.py", line 465, in _run_event
    await coro(*args, **kwargs)
  File "/app/asu_discord/cogs/analytics.py", line 652, in on_member_update
    before_timeout = before.timed_out_until
                     ^^^^^^^^^^^^^^^^^^^^^^
AttributeError: 'Member' object has no attribute 'timed_out_until'
Ignoring exception in on_member_update
Traceback (most recent call last):
  File "/usr/local/lib/python3.12/site-packages/discord/client.py", line 465, in _run_event
    await coro(*args, **kwargs)
  File "/app/asu_discord/cogs/analytics.py", line 652, in on_member_update
    before_timeout = before.timed_out_until
                     ^^^^^^^^^^^^^^^^^^^^^^
AttributeError: 'Member' object has no attribute 'timed_out_until'
Ignoring exception in on_member_update
Traceback (most recent call last):
  File "/usr/local/lib/python3.12/site-packages/discord/client.py", line 465, in _run_event
    await coro(*args, **kwargs)
  File "/app/asu_discord/cogs/analytics.py", line 652, in on_member_update
    before_timeout = before.timed_out_until
                     ^^^^^^^^^^^^^^^^^^^^^^
AttributeError: 'Member' object has no attribute 'timed_out_until'
Ignoring exception in on_member_update
Traceback (most recent call last):
  File "/usr/local/lib/python3.12/site-packages/discord/client.py", line 465, in _run_event
    await coro(*args, **kwargs)
  File "/app/asu_discord/cogs/analytics.py", line 652, in on_member_update
    before_timeout = before.timed_out_until
                     ^^^^^^^^^^^^^^^^^^^^^^
AttributeError: 'Member' object has no attribute 'timed_out_until'
Ignoring exception in on_member_update
Traceback (most recent call last):
  File "/usr/local/lib/python3.12/site-packages/discord/client.py", line 465, in _run_event
    await coro(*args, **kwargs)
  File "/app/asu_discord/cogs/analytics.py", line 652, in on_member_update
    before_timeout = before.timed_out_until
                     ^^^^^^^^^^^^^^^^^^^^^^
AttributeError: 'Member' object has no attribute 'timed_out_until'
Ignoring exception in on_member_update
Traceback (most recent call last):
  File "/usr/local/lib/python3.12/site-packages/discord/client.py", line 465, in _run_event
    await coro(*args, **kwargs)
  File "/app/asu_discord/cogs/analytics.py", line 652, in on_member_update
    before_timeout = before.timed_out_until
                     ^^^^^^^^^^^^^^^^^^^^^^
AttributeError: 'Member' object has no attribute 'timed_out_until'
Ignoring exception in on_member_update
Traceback (most recent call last):
  File "/usr/local/lib/python3.12/site-packages/discord/client.py", line 465, in _run_event
    await coro(*args, **kwargs)
  File "/app/asu_discord/cogs/analytics.py", line 652, in on_member_update
    before_timeout = before.timed_out_until
                     ^^^^^^^^^^^^^^^^^^^^^^
AttributeError: 'Member' object has no attribute 'timed_out_until'
ERROR:cron.jobs:refresh_salesforce_roles: failed for oujaffer (Discord ID 626266919523188767): Timed out refresh Salesforce-based roles
Ignoring exception in on_member_update
Traceback (most recent call last):
  File "/usr/local/lib/python3.12/site-packages/discord/client.py", line 465, in _run_event
    await coro(*args, **kwargs)
  File "/app/asu_discord/cogs/analytics.py", line 652, in on_member_update
    before_timeout = before.timed_out_until
                     ^^^^^^^^^^^^^^^^^^^^^^
AttributeError: 'Member' object has no attribute 'timed_out_until'
Ignoring exception in on_member_update
Traceback (most recent call last):
  File "/usr/local/lib/python3.12/site-packages/discord/client.py", line 465, in _run_event
    await coro(*args, **kwargs)
  File "/app/asu_discord/cogs/analytics.py", line 652, in on_member_update
    before_timeout = before.timed_out_until
                     ^^^^^^^^^^^^^^^^^^^^^^
AttributeError: 'Member' object has no attribute 'timed_out_until'
Ignoring exception in on_member_update
Traceback (most recent call last):
  File "/usr/local/lib/python3.12/site-packages/discord/client.py", line 465, in _run_event
    await coro(*args, **kwargs)
  File "/app/asu_discord/cogs/analytics.py", line 652, in on_member_update
    before_timeout = before.timed_out_until
                     ^^^^^^^^^^^^^^^^^^^^^^
AttributeError: 'Member' object has no attribute 'timed_out_until'
Ignoring exception in on_member_update
Traceback (most recent call last):
  File "/usr/local/lib/python3.12/site-packages/discord/client.py", line 465, in _run_event
    await coro(*args, **kwargs)
  File "/app/asu_discord/cogs/analytics.py", line 652, in on_member_update
    before_timeout = before.timed_out_until
                     ^^^^^^^^^^^^^^^^^^^^^^
AttributeError: 'Member' object has no attribute 'timed_out_until'
Ignoring exception in on_member_update
Traceback (most recent call last):
  File "/usr/local/lib/python3.12/site-packages/discord/client.py", line 465, in _run_event
    await coro(*args, **kwargs)
  File "/app/asu_discord/cogs/analytics.py", line 652, in on_member_update
    before_timeout = before.timed_out_until
                     ^^^^^^^^^^^^^^^^^^^^^^
AttributeError: 'Member' object has no attribute 'timed_out_until'
Ignoring exception in on_member_update
Traceback (most recent call last):
  File "/usr/local/lib/python3.12/site-packages/discord/client.py", line 465, in _run_event
    await coro(*args, **kwargs)
  File "/app/asu_discord/cogs/analytics.py", line 652, in on_member_update
    before_timeout = before.timed_out_until
                     ^^^^^^^^^^^^^^^^^^^^^^
AttributeError: 'Member' object has no attribute 'timed_out_until'
Ignoring exception in on_member_update
Traceback (most recent call last):
  File "/usr/local/lib/python3.12/site-packages/discord/client.py", line 465, in _run_event
    await coro(*args, **kwargs)
  File "/app/asu_discord/cogs/analytics.py", line 652, in on_member_update
    before_timeout = before.timed_out_until
                     ^^^^^^^^^^^^^^^^^^^^^^
AttributeError: 'Member' object has no attribute 'timed_out_until'
Ignoring exception in on_member_update
Traceback (most recent call last):
  File "/usr/local/lib/python3.12/site-packages/discord/client.py", line 465, in _run_event
    await coro(*args, **kwargs)
  File "/app/asu_discord/cogs/analytics.py", line 652, in on_member_update
    before_timeout = before.timed_out_until
                     ^^^^^^^^^^^^^^^^^^^^^^
AttributeError: 'Member' object has no attribute 'timed_out_until'
Ignoring exception in on_member_update
Traceback (most recent call last):
  File "/usr/local/lib/python3.12/site-packages/discord/client.py", line 465, in _run_event
    await coro(*args, **kwargs)
  File "/app/asu_discord/cogs/analytics.py", line 652, in on_member_update
    before_timeout = before.timed_out_until
                     ^^^^^^^^^^^^^^^^^^^^^^
AttributeError: 'Member' object has no attribute 'timed_out_until'
INFO:asu_discord.cogs.verification:Saved 5 roles to database for user sscatli (Discord ID: 1399405841853190306)
INFO:asu_discord.cogs.verification:Refreshed Salesforce roles for Discord user 1399405841853190306: -5/+4 roles, assigned=[Commited, Graduate Student, International Student, Ira A. Fulton Schools of Engineering, Tempe]
ERROR:cron.jobs:refresh_salesforce_roles: failed for jmidas (Discord ID 1475356504604540939): Failed to refresh Salesforce-based roles: Discord user 1475356504604540939 is not a member of the guild
Ignoring exception in on_member_update
Traceback (most recent call last):
  File "/usr/local/lib/python3.12/site-packages/discord/client.py", line 465, in _run_event
    await coro(*args, **kwargs)
  File "/app/asu_discord/cogs/analytics.py", line 652, in on_member_update
    before_timeout = before.timed_out_until
                     ^^^^^^^^^^^^^^^^^^^^^^
AttributeError: 'Member' object has no attribute 'timed_out_until'
Ignoring exception in on_member_update
Traceback (most recent call last):
  File "/usr/local/lib/python3.12/site-packages/discord/client.py", line 465, in _run_event
    await coro(*args, **kwargs)
  File "/app/asu_discord/cogs/analytics.py", line 652, in on_member_update
    before_timeout = before.timed_out_until
                     ^^^^^^^^^^^^^^^^^^^^^^
AttributeError: 'Member' object has no attribute 'timed_out_until'
Ignoring exception in on_member_update
Traceback (most recent call last):
  File "/usr/local/lib/python3.12/site-packages/discord/client.py", line 465, in _run_event
    await coro(*args, **kwargs)
  File "/app/asu_discord/cogs/analytics.py", line 652, in on_member_update
    before_timeout = before.timed_out_until
                     ^^^^^^^^^^^^^^^^^^^^^^
AttributeError: 'Member' object has no attribute 'timed_out_until'
Ignoring exception in on_member_update
Traceback (most recent call last):
  File "/usr/local/lib/python3.12/site-packages/discord/client.py", line 465, in _run_event
    await coro(*args, **kwargs)
  File "/app/asu_discord/cogs/analytics.py", line 652, in on_member_update
    before_timeout = before.timed_out_until
                     ^^^^^^^^^^^^^^^^^^^^^^
AttributeError: 'Member' object has no attribute 'timed_out_until'
Ignoring exception in on_member_update
Traceback (most recent call last):
  File "/usr/local/lib/python3.12/site-packages/discord/client.py", line 465, in _run_event
    await coro(*args, **kwargs)
  File "/app/asu_discord/cogs/analytics.py", line 652, in on_member_update
    before_timeout = before.timed_out_until
                     ^^^^^^^^^^^^^^^^^^^^^^
AttributeError: 'Member' object has no attribute 'timed_out_until'
Ignoring exception in on_member_update
Traceback (most recent call last):
  File "/usr/local/lib/python3.12/site-packages/discord/client.py", line 465, in _run_event
    await coro(*args, **kwargs)
  File "/app/asu_discord/cogs/analytics.py", line 652, in on_member_update
    before_timeout = before.timed_out_until
                     ^^^^^^^^^^^^^^^^^^^^^^
AttributeError: 'Member' object has no attribute 'timed_out_until'
Ignoring exception in on_member_update
Traceback (most recent call last):
  File "/usr/local/lib/python3.12/site-packages/discord/client.py", line 465, in _run_event
    await coro(*args, **kwargs)
  File "/app/asu_discord/cogs/analytics.py", line 652, in on_member_update
    before_timeout = before.timed_out_until
                     ^^^^^^^^^^^^^^^^^^^^^^
AttributeError: 'Member' object has no attribute 'timed_out_until'
Ignoring exception in on_member_update
Traceback (most recent call last):
  File "/usr/local/lib/python3.12/site-packages/discord/client.py", line 465, in _run_event
    await coro(*args, **kwargs)
  File "/app/asu_discord/cogs/analytics.py", line 652, in on_member_update
    before_timeout = before.timed_out_until
                     ^^^^^^^^^^^^^^^^^^^^^^
AttributeError: 'Member' object has no attribute 'timed_out_until'
Ignoring exception in on_member_update
Traceback (most recent call last):
  File "/usr/local/lib/python3.12/site-packages/discord/client.py", line 465, in _run_event
    await coro(*args, **kwargs)
  File "/app/asu_discord/cogs/analytics.py", line 652, in on_member_update
    before_timeout = before.timed_out_until
                     ^^^^^^^^^^^^^^^^^^^^^^
AttributeError: 'Member' object has no attribute 'timed_out_until'
Ignoring exception in on_member_update
Traceback (most recent call last):
  File "/usr/local/lib/python3.12/site-packages/discord/client.py", line 465, in _run_event
    await coro(*args, **kwargs)
  File "/app/asu_discord/cogs/analytics.py", line 652, in on_member_update
    before_timeout = before.timed_out_until
                     ^^^^^^^^^^^^^^^^^^^^^^
AttributeError: 'Member' object has no attribute 'timed_out_until'
INFO:asu_discord.cogs.verification:Saved 5 roles to database for user ktiwari7 (Discord ID: 636260247572316256)
INFO:asu_discord.cogs.verification:Refreshed Salesforce roles for Discord user 636260247572316256: -5/+5 roles, assigned=[Arizona Resident, College of Liberal Arts and Sciences, Commited, First Year, Tempe]
Ignoring exception in on_member_update
Traceback (most recent call last):
  File "/usr/local/lib/python3.12/site-packages/discord/client.py", line 465, in _run_event
    await coro(*args, **kwargs)
  File "/app/asu_discord/cogs/analytics.py", line 652, in on_member_update
    before_timeout = before.timed_out_until
                     ^^^^^^^^^^^^^^^^^^^^^^
AttributeError: 'Member' object has no attribute 'timed_out_until'
Ignoring exception in on_member_update
Traceback (most recent call last):
  File "/usr/local/lib/python3.12/site-packages/discord/client.py", line 465, in _run_event
    await coro(*args, **kwargs)
  File "/app/asu_discord/cogs/analytics.py", line 652, in on_member_update
    before_timeout = before.timed_out_until
                     ^^^^^^^^^^^^^^^^^^^^^^
AttributeError: 'Member' object has no attribute 'timed_out_until'
Ignoring exception in on_member_update
Traceback (most recent call last):
  File "/usr/local/lib/python3.12/site-packages/discord/client.py", line 465, in _run_event
    await coro(*args, **kwargs)
  File "/app/asu_discord/cogs/analytics.py", line 652, in on_member_update
    before_timeout = before.timed_out_until
                     ^^^^^^^^^^^^^^^^^^^^^^
AttributeError: 'Member' object has no attribute 'timed_out_until'
Ignoring exception in on_member_update
Traceback (most recent call last):
  File "/usr/local/lib/python3.12/site-packages/discord/client.py", line 465, in _run_event
    await coro(*args, **kwargs)
  File "/app/asu_discord/cogs/analytics.py", line 652, in on_member_update
    before_timeout = before.timed_out_until
                     ^^^^^^^^^^^^^^^^^^^^^^
AttributeError: 'Member' object has no attribute 'timed_out_until'
Ignoring exception in on_member_update
Traceback (most recent call last):
  File "/usr/local/lib/python3.12/site-packages/discord/client.py", line 465, in _run_event
    await coro(*args, **kwargs)
  File "/app/asu_discord/cogs/analytics.py", line 652, in on_member_update
    before_timeout = before.timed_out_until
                     ^^^^^^^^^^^^^^^^^^^^^^
AttributeError: 'Member' object has no attribute 'timed_out_until'
Ignoring exception in on_member_update
Traceback (most recent call last):
  File "/usr/local/lib/python3.12/site-packages/discord/client.py", line 465, in _run_event
    await coro(*args, **kwargs)
  File "/app/asu_discord/cogs/analytics.py", line 652, in on_member_update
    before_timeout = before.timed_out_until
                     ^^^^^^^^^^^^^^^^^^^^^^
AttributeError: 'Member' object has no attribute 'timed_out_until'
Ignoring exception in on_member_update
Traceback (most recent call last):
  File "/usr/local/lib/python3.12/site-packages/discord/client.py", line 465, in _run_event
    await coro(*args, **kwargs)
  File "/app/asu_discord/cogs/analytics.py", line 652, in on_member_update
    before_timeout = before.timed_out_until
                     ^^^^^^^^^^^^^^^^^^^^^^
AttributeError: 'Member' object has no attribute 'timed_out_until'
Ignoring exception in on_member_update
Traceback (most recent call last):
  File "/usr/local/lib/python3.12/site-packages/discord/client.py", line 465, in _run_event
    await coro(*args, **kwargs)
  File "/app/asu_discord/cogs/analytics.py", line 652, in on_member_update
    before_timeout = before.timed_out_until
                     ^^^^^^^^^^^^^^^^^^^^^^
AttributeError: 'Member' object has no attribute 'timed_out_until'
Ignoring exception in on_member_update
Traceback (most recent call last):
  File "/usr/local/lib/python3.12/site-packages/discord/client.py", line 465, in _run_event
    await coro(*args, **kwargs)
  File "/app/asu_discord/cogs/analytics.py", line 652, in on_member_update
    before_timeout = before.timed_out_until
                     ^^^^^^^^^^^^^^^^^^^^^^
AttributeError: 'Member' object has no attribute 'timed_out_until'
INFO:asu_discord.cogs.verification:Saved 5 roles to database for user loalgham (Discord ID: 891307700372271125)
INFO:asu_discord.cogs.verification:Refreshed Salesforce roles for Discord user 891307700372271125: -5/+4 roles, assigned=[Commited, First Year, International Student, Tempe, Watts College of Public Service and Community Solutions]
Ignoring exception in on_member_update
Traceback (most recent call last):
  File "/usr/local/lib/python3.12/site-packages/discord/client.py", line 465, in _run_event
    await coro(*args, **kwargs)
  File "/app/asu_discord/cogs/analytics.py", line 652, in on_member_update
    before_timeout = before.timed_out_until
                     ^^^^^^^^^^^^^^^^^^^^^^
AttributeError: 'Member' object has no attribute 'timed_out_until'
Ignoring exception in on_member_update
Traceback (most recent call last):
  File "/usr/local/lib/python3.12/site-packages/discord/client.py", line 465, in _run_event
    await coro(*args, **kwargs)
  File "/app/asu_discord/cogs/analytics.py", line 652, in on_member_update
    before_timeout = before.timed_out_until
                     ^^^^^^^^^^^^^^^^^^^^^^
AttributeError: 'Member' object has no attribute 'timed_out_until'
Ignoring exception in on_member_update
Traceback (most recent call last):
  File "/usr/local/lib/python3.12/site-packages/discord/client.py", line 465, in _run_event
    await coro(*args, **kwargs)
  File "/app/asu_discord/cogs/analytics.py", line 652, in on_member_update
    before_timeout = before.timed_out_until
                     ^^^^^^^^^^^^^^^^^^^^^^
AttributeError: 'Member' object has no attribute 'timed_out_until'
Ignoring exception in on_member_update
Traceback (most recent call last):
  File "/usr/local/lib/python3.12/site-packages/discord/client.py", line 465, in _run_event
    await coro(*args, **kwargs)
  File "/app/asu_discord/cogs/analytics.py", line 652, in on_member_update
    before_timeout = before.timed_out_until
                     ^^^^^^^^^^^^^^^^^^^^^^
AttributeError: 'Member' object has no attribute 'timed_out_until'
Ignoring exception in on_member_update
Traceback (most recent call last):
  File "/usr/local/lib/python3.12/site-packages/discord/client.py", line 465, in _run_event
    await coro(*args, **kwargs)
  File "/app/asu_discord/cogs/analytics.py", line 652, in on_member_update
    before_timeout = before.timed_out_until
                     ^^^^^^^^^^^^^^^^^^^^^^
AttributeError: 'Member' object has no attribute 'timed_out_until'
Ignoring exception in on_member_update
Traceback (most recent call last):
  File "/usr/local/lib/python3.12/site-packages/discord/client.py", line 465, in _run_event
    await coro(*args, **kwargs)
  File "/app/asu_discord/cogs/analytics.py", line 652, in on_member_update
    before_timeout = before.timed_out_until
                     ^^^^^^^^^^^^^^^^^^^^^^
AttributeError: 'Member' object has no attribute 'timed_out_until'
Ignoring exception in on_member_update
Traceback (most recent call last):
  File "/usr/local/lib/python3.12/site-packages/discord/client.py", line 465, in _run_event
    await coro(*args, **kwargs)
  File "/app/asu_discord/cogs/analytics.py", line 652, in on_member_update
    before_timeout = before.timed_out_until
                     ^^^^^^^^^^^^^^^^^^^^^^
AttributeError: 'Member' object has no attribute 'timed_out_until'
Ignoring exception in on_member_update
Traceback (most recent call last):
  File "/usr/local/lib/python3.12/site-packages/discord/client.py", line 465, in _run_event
    await coro(*args, **kwargs)
  File "/app/asu_discord/cogs/analytics.py", line 652, in on_member_update
    before_timeout = before.timed_out_until
                     ^^^^^^^^^^^^^^^^^^^^^^
AttributeError: 'Member' object has no attribute 'timed_out_until'
INFO:asu_discord.cogs.verification:Saved 5 roles to database for user dzcamara (Discord ID: 728764239208120320)
INFO:asu_discord.cogs.verification:Refreshed Salesforce roles for Discord user 728764239208120320: -3/+5 roles, assigned=[Arizona Resident, First Generation Student, First Year, New College of Interdisciplinary Arts and Sciences, West Valley]
Ignoring exception in on_member_update
Traceback (most recent call last):
  File "/usr/local/lib/python3.12/site-packages/discord/client.py", line 465, in _run_event
    await coro(*args, **kwargs)
  File "/app/asu_discord/cogs/analytics.py", line 652, in on_member_update
    before_timeout = before.timed_out_until
                     ^^^^^^^^^^^^^^^^^^^^^^
AttributeError: 'Member' object has no attribute 'timed_out_until'
Ignoring exception in on_member_update
Traceback (most recent call last):
  File "/usr/local/lib/python3.12/site-packages/discord/client.py", line 465, in _run_event
    await coro(*args, **kwargs)
  File "/app/asu_discord/cogs/analytics.py", line 652, in on_member_update
    before_timeout = before.timed_out_until
                     ^^^^^^^^^^^^^^^^^^^^^^
AttributeError: 'Member' object has no attribute 'timed_out_until'
Ignoring exception in on_member_update
Traceback (most recent call last):
  File "/usr/local/lib/python3.12/site-packages/discord/client.py", line 465, in _run_event
    await coro(*args, **kwargs)
  File "/app/asu_discord/cogs/analytics.py", line 652, in on_member_update
    before_timeout = before.timed_out_until
                     ^^^^^^^^^^^^^^^^^^^^^^
AttributeError: 'Member' object has no attribute 'timed_out_until'
Ignoring exception in on_member_update
Traceback (most recent call last):
  File "/usr/local/lib/python3.12/site-packages/discord/client.py", line 465, in _run_event
    await coro(*args, **kwargs)
  File "/app/asu_discord/cogs/analytics.py", line 652, in on_member_update
    before_timeout = before.timed_out_until
                     ^^^^^^^^^^^^^^^^^^^^^^
AttributeError: 'Member' object has no attribute 'timed_out_until'
Ignoring exception in on_member_update
Traceback (most recent call last):
  File "/usr/local/lib/python3.12/site-packages/discord/client.py", line 465, in _run_event
    await coro(*args, **kwargs)
  File "/app/asu_discord/cogs/analytics.py", line 652, in on_member_update
    before_timeout = before.timed_out_until
                     ^^^^^^^^^^^^^^^^^^^^^^
AttributeError: 'Member' object has no attribute 'timed_out_until'
Ignoring exception in on_member_update
Traceback (most recent call last):
  File "/usr/local/lib/python3.12/site-packages/discord/client.py", line 465, in _run_event
    await coro(*args, **kwargs)
  File "/app/asu_discord/cogs/analytics.py", line 652, in on_member_update
    before_timeout = before.timed_out_until
                     ^^^^^^^^^^^^^^^^^^^^^^
AttributeError: 'Member' object has no attribute 'timed_out_until'
Ignoring exception in on_member_update
Traceback (most recent call last):
  File "/usr/local/lib/python3.12/site-packages/discord/client.py", line 465, in _run_event
    await coro(*args, **kwargs)
  File "/app/asu_discord/cogs/analytics.py", line 652, in on_member_update
    before_timeout = before.timed_out_until
                     ^^^^^^^^^^^^^^^^^^^^^^
AttributeError: 'Member' object has no attribute 'timed_out_until'
Ignoring exception in on_member_update
Traceback (most recent call last):
  File "/usr/local/lib/python3.12/site-packages/discord/client.py", line 465, in _run_event
    await coro(*args, **kwargs)
  File "/app/asu_discord/cogs/analytics.py", line 652, in on_member_update
    before_timeout = before.timed_out_until
                     ^^^^^^^^^^^^^^^^^^^^^^
AttributeError: 'Member' object has no attribute 'timed_out_until'
Ignoring exception in on_member_update
Traceback (most recent call last):
  File "/usr/local/lib/python3.12/site-packages/discord/client.py", line 465, in _run_event
    await coro(*args, **kwargs)
  File "/app/asu_discord/cogs/analytics.py", line 652, in on_member_update
    before_timeout = before.timed_out_until
                     ^^^^^^^^^^^^^^^^^^^^^^
AttributeError: 'Member' object has no attribute 'timed_out_until'
Ignoring exception in on_member_update
Traceback (most recent call last):
  File "/usr/local/lib/python3.12/site-packages/discord/client.py", line 465, in _run_event
    await coro(*args, **kwargs)
  File "/app/asu_discord/cogs/analytics.py", line 652, in on_member_update
    before_timeout = before.timed_out_until
                     ^^^^^^^^^^^^^^^^^^^^^^
AttributeError: 'Member' object has no attribute 'timed_out_until'
INFO:asu_discord.cogs.verification:Saved 5 roles to database for user yyong12 (Discord ID: 815209011665436712)
INFO:asu_discord.cogs.verification:Refreshed Salesforce roles for Discord user 815209011665436712: -5/+5 roles, assigned=[Arizona Resident, Commited, First Year, Ira A. Fulton Schools of Engineering, Polytechnic]
Ignoring exception in on_member_update
Traceback (most recent call last):
  File "/usr/local/lib/python3.12/site-packages/discord/client.py", line 465, in _run_event
    await coro(*args, **kwargs)
  File "/app/asu_discord/cogs/analytics.py", line 652, in on_member_update
    before_timeout = before.timed_out_until
                     ^^^^^^^^^^^^^^^^^^^^^^
AttributeError: 'Member' object has no attribute 'timed_out_until'
Ignoring exception in on_member_update
Traceback (most recent call last):
  File "/usr/local/lib/python3.12/site-packages/discord/client.py", line 465, in _run_event
    await coro(*args, **kwargs)
  File "/app/asu_discord/cogs/analytics.py", line 652, in on_member_update
    before_timeout = before.timed_out_until
                     ^^^^^^^^^^^^^^^^^^^^^^
AttributeError: 'Member' object has no attribute 'timed_out_until'
Ignoring exception in on_member_update
Traceback (most recent call last):
  File "/usr/local/lib/python3.12/site-packages/discord/client.py", line 465, in _run_event
    await coro(*args, **kwargs)
  File "/app/asu_discord/cogs/analytics.py", line 652, in on_member_update
    before_timeout = before.timed_out_until
                     ^^^^^^^^^^^^^^^^^^^^^^
AttributeError: 'Member' object has no attribute 'timed_out_until'
Ignoring exception in on_member_update
Traceback (most recent call last):
  File "/usr/local/lib/python3.12/site-packages/discord/client.py", line 465, in _run_event
    await coro(*args, **kwargs)
  File "/app/asu_discord/cogs/analytics.py", line 652, in on_member_update
    before_timeout = before.timed_out_until
                     ^^^^^^^^^^^^^^^^^^^^^^
AttributeError: 'Member' object has no attribute 'timed_out_until'
Ignoring exception in on_member_update
Traceback (most recent call last):
  File "/usr/local/lib/python3.12/site-packages/discord/client.py", line 465, in _run_event
    await coro(*args, **kwargs)
  File "/app/asu_discord/cogs/analytics.py", line 652, in on_member_update
    before_timeout = before.timed_out_until
                     ^^^^^^^^^^^^^^^^^^^^^^
AttributeError: 'Member' object has no attribute 'timed_out_until'
Ignoring exception in on_member_update
Traceback (most recent call last):
  File "/usr/local/lib/python3.12/site-packages/discord/client.py", line 465, in _run_event
    await coro(*args, **kwargs)
  File "/app/asu_discord/cogs/analytics.py", line 652, in on_member_update
    before_timeout = before.timed_out_until
                     ^^^^^^^^^^^^^^^^^^^^^^
AttributeError: 'Member' object has no attribute 'timed_out_until'
Ignoring exception in on_member_update
Traceback (most recent call last):
  File "/usr/local/lib/python3.12/site-packages/discord/client.py", line 465, in _run_event
    await coro(*args, **kwargs)
  File "/app/asu_discord/cogs/analytics.py", line 652, in on_member_update
    before_timeout = before.timed_out_until
                     ^^^^^^^^^^^^^^^^^^^^^^
AttributeError: 'Member' object has no attribute 'timed_out_until'
Ignoring exception in on_member_update
Traceback (most recent call last):
  File "/usr/local/lib/python3.12/site-packages/discord/client.py", line 465, in _run_event
    await coro(*args, **kwargs)
  File "/app/asu_discord/cogs/analytics.py", line 652, in on_member_update
    before_timeout = before.timed_out_until
                     ^^^^^^^^^^^^^^^^^^^^^^
AttributeError: 'Member' object has no attribute 'timed_out_until'
Ignoring exception in on_member_update
Traceback (most recent call last):
  File "/usr/local/lib/python3.12/site-packages/discord/client.py", line 465, in _run_event
    await coro(*args, **kwargs)
  File "/app/asu_discord/cogs/analytics.py", line 652, in on_member_update
    before_timeout = before.timed_out_until
                     ^^^^^^^^^^^^^^^^^^^^^^
AttributeError: 'Member' object has no attribute 'timed_out_until'
Ignoring exception in on_member_update
Traceback (most recent call last):
  File "/usr/local/lib/python3.12/site-packages/discord/client.py", line 465, in _run_event
    await coro(*args, **kwargs)
  File "/app/asu_discord/cogs/analytics.py", line 652, in on_member_update
    before_timeout = before.timed_out_until
                     ^^^^^^^^^^^^^^^^^^^^^^
AttributeError: 'Member' object has no attribute 'timed_out_until'
Ignoring exception in on_member_update
Traceback (most recent call last):
  File "/usr/local/lib/python3.12/site-packages/discord/client.py", line 465, in _run_event
    await coro(*args, **kwargs)
  File "/app/asu_discord/cogs/analytics.py", line 652, in on_member_update
    before_timeout = before.timed_out_until
                     ^^^^^^^^^^^^^^^^^^^^^^
AttributeError: 'Member' object has no attribute 'timed_out_until'
INFO:asu_discord.cogs.verification:Saved 6 roles to database for user sbhatn21 (Discord ID: 674793945276088332)
INFO:asu_discord.cogs.verification:Refreshed Salesforce roles for Discord user 674793945276088332: -5/+6 roles, assigned=[College of Liberal Arts and Sciences, Commited, Graduate Student, International Student, Ira A. Fulton Schools of Engineering, Tempe]
Ignoring exception in on_member_update
Traceback (most recent call last):
  File "/usr/local/lib/python3.12/site-packages/discord/client.py", line 465, in _run_event
    await coro(*args, **kwargs)
  File "/app/asu_discord/cogs/analytics.py", line 652, in on_member_update
    before_timeout = before.timed_out_until
                     ^^^^^^^^^^^^^^^^^^^^^^
AttributeError: 'Member' object has no attribute 'timed_out_until'
Ignoring exception in on_member_update
Traceback (most recent call last):
  File "/usr/local/lib/python3.12/site-packages/discord/client.py", line 465, in _run_event
    await coro(*args, **kwargs)
  File "/app/asu_discord/cogs/analytics.py", line 652, in on_member_update
    before_timeout = before.timed_out_until
                     ^^^^^^^^^^^^^^^^^^^^^^
AttributeError: 'Member' object has no attribute 'timed_out_until'
Ignoring exception in on_member_update
Traceback (most recent call last):
  File "/usr/local/lib/python3.12/site-packages/discord/client.py", line 465, in _run_event
    await coro(*args, **kwargs)
  File "/app/asu_discord/cogs/analytics.py", line 652, in on_member_update
    before_timeout = before.timed_out_until
                     ^^^^^^^^^^^^^^^^^^^^^^
AttributeError: 'Member' object has no attribute 'timed_out_until'
Ignoring exception in on_member_update
Traceback (most recent call last):
  File "/usr/local/lib/python3.12/site-packages/discord/client.py", line 465, in _run_event
    await coro(*args, **kwargs)
  File "/app/asu_discord/cogs/analytics.py", line 652, in on_member_update
    before_timeout = before.timed_out_until
                     ^^^^^^^^^^^^^^^^^^^^^^
AttributeError: 'Member' object has no attribute 'timed_out_until'
Ignoring exception in on_member_update
Traceback (most recent call last):
  File "/usr/local/lib/python3.12/site-packages/discord/client.py", line 465, in _run_event
    await coro(*args, **kwargs)
  File "/app/asu_discord/cogs/analytics.py", line 652, in on_member_update
    before_timeout = before.timed_out_until
                     ^^^^^^^^^^^^^^^^^^^^^^
AttributeError: 'Member' object has no attribute 'timed_out_until'
Ignoring exception in on_member_update
Traceback (most recent call last):
  File "/usr/local/lib/python3.12/site-packages/discord/client.py", line 465, in _run_event
    await coro(*args, **kwargs)
  File "/app/asu_discord/cogs/analytics.py", line 652, in on_member_update
    before_timeout = before.timed_out_until
                     ^^^^^^^^^^^^^^^^^^^^^^
AttributeError: 'Member' object has no attribute 'timed_out_until'
Ignoring exception in on_member_update
Traceback (most recent call last):
  File "/usr/local/lib/python3.12/site-packages/discord/client.py", line 465, in _run_event
    await coro(*args, **kwargs)
  File "/app/asu_discord/cogs/analytics.py", line 652, in on_member_update
    before_timeout = before.timed_out_until
                     ^^^^^^^^^^^^^^^^^^^^^^
AttributeError: 'Member' object has no attribute 'timed_out_until'
Ignoring exception in on_member_update
Traceback (most recent call last):
  File "/usr/local/lib/python3.12/site-packages/discord/client.py", line 465, in _run_event
    await coro(*args, **kwargs)
  File "/app/asu_discord/cogs/analytics.py", line 652, in on_member_update
    before_timeout = before.timed_out_until
                     ^^^^^^^^^^^^^^^^^^^^^^
AttributeError: 'Member' object has no attribute 'timed_out_until'
Ignoring exception in on_member_update
Traceback (most recent call last):
  File "/usr/local/lib/python3.12/site-packages/discord/client.py", line 465, in _run_event
    await coro(*args, **kwargs)
  File "/app/asu_discord/cogs/analytics.py", line 652, in on_member_update
    before_timeout = before.timed_out_until
                     ^^^^^^^^^^^^^^^^^^^^^^
AttributeError: 'Member' object has no attribute 'timed_out_until'
Ignoring exception in on_member_update
Traceback (most recent call last):
  File "/usr/local/lib/python3.12/site-packages/discord/client.py", line 465, in _run_event
    await coro(*args, **kwargs)
  File "/app/asu_discord/cogs/analytics.py", line 652, in on_member_update
    before_timeout = before.timed_out_until
                     ^^^^^^^^^^^^^^^^^^^^^^
AttributeError: 'Member' object has no attribute 'timed_out_until'
INFO:asu_discord.cogs.verification:Saved 5 roles to database for user pvaralak (Discord ID: 1506212189386571887)
INFO:asu_discord.cogs.verification:Refreshed Salesforce roles for Discord user 1506212189386571887: -5/+5 roles, assigned=[Commited, Graduate Student, International Student, Ira A. Fulton Schools of Engineering, Tempe]
Ignoring exception in on_member_update
Traceback (most recent call last):
  File "/usr/local/lib/python3.12/site-packages/discord/client.py", line 465, in _run_event
    await coro(*args, **kwargs)
  File "/app/asu_discord/cogs/analytics.py", line 652, in on_member_update
    before_timeout = before.timed_out_until
                     ^^^^^^^^^^^^^^^^^^^^^^
AttributeError: 'Member' object has no attribute 'timed_out_until'
Ignoring exception in on_member_update
Traceback (most recent call last):
  File "/usr/local/lib/python3.12/site-packages/discord/client.py", line 465, in _run_event
    await coro(*args, **kwargs)
  File "/app/asu_discord/cogs/analytics.py", line 652, in on_member_update
    before_timeout = before.timed_out_until
                     ^^^^^^^^^^^^^^^^^^^^^^
AttributeError: 'Member' object has no attribute 'timed_out_until'
Ignoring exception in on_member_update
Traceback (most recent call last):
  File "/usr/local/lib/python3.12/site-packages/discord/client.py", line 465, in _run_event
    await coro(*args, **kwargs)
  File "/app/asu_discord/cogs/analytics.py", line 652, in on_member_update
    before_timeout = before.timed_out_until
                     ^^^^^^^^^^^^^^^^^^^^^^
AttributeError: 'Member' object has no attribute 'timed_out_until'
Ignoring exception in on_member_update
Traceback (most recent call last):
  File "/usr/local/lib/python3.12/site-packages/discord/client.py", line 465, in _run_event
    await coro(*args, **kwargs)
  File "/app/asu_discord/cogs/analytics.py", line 652, in on_member_update
    before_timeout = before.timed_out_until
                     ^^^^^^^^^^^^^^^^^^^^^^
AttributeError: 'Member' object has no attribute 'timed_out_until'
Ignoring exception in on_member_update
Traceback (most recent call last):
  File "/usr/local/lib/python3.12/site-packages/discord/client.py", line 465, in _run_event
    await coro(*args, **kwargs)
  File "/app/asu_discord/cogs/analytics.py", line 652, in on_member_update
    before_timeout = before.timed_out_until
                     ^^^^^^^^^^^^^^^^^^^^^^
AttributeError: 'Member' object has no attribute 'timed_out_until'
Ignoring exception in on_member_update
Traceback (most recent call last):
  File "/usr/local/lib/python3.12/site-packages/discord/client.py", line 465, in _run_event
    await coro(*args, **kwargs)
  File "/app/asu_discord/cogs/analytics.py", line 652, in on_member_update
    before_timeout = before.timed_out_until
                     ^^^^^^^^^^^^^^^^^^^^^^
AttributeError: 'Member' object has no attribute 'timed_out_until'
Ignoring exception in on_member_update
Traceback (most recent call last):
  File "/usr/local/lib/python3.12/site-packages/discord/client.py", line 465, in _run_event
    await coro(*args, **kwargs)
  File "/app/asu_discord/cogs/analytics.py", line 652, in on_member_update
    before_timeout = before.timed_out_until
                     ^^^^^^^^^^^^^^^^^^^^^^
AttributeError: 'Member' object has no attribute 'timed_out_until'
Ignoring exception in on_member_update
Traceback (most recent call last):
  File "/usr/local/lib/python3.12/site-packages/discord/client.py", line 465, in _run_event
    await coro(*args, **kwargs)
  File "/app/asu_discord/cogs/analytics.py", line 652, in on_member_update
    before_timeout = before.timed_out_until
                     ^^^^^^^^^^^^^^^^^^^^^^
AttributeError: 'Member' object has no attribute 'timed_out_until'
Ignoring exception in on_member_update
Traceback (most recent call last):
  File "/usr/local/lib/python3.12/site-packages/discord/client.py", line 465, in _run_event
    await coro(*args, **kwargs)
  File "/app/asu_discord/cogs/analytics.py", line 652, in on_member_update
    before_timeout = before.timed_out_until
                     ^^^^^^^^^^^^^^^^^^^^^^
AttributeError: 'Member' object has no attribute 'timed_out_until'
Ignoring exception in on_member_update
Traceback (most recent call last):
  File "/usr/local/lib/python3.12/site-packages/discord/client.py", line 465, in _run_event
    await coro(*args, **kwargs)
  File "/app/asu_discord/cogs/analytics.py", line 652, in on_member_update
    before_timeout = before.timed_out_until
                     ^^^^^^^^^^^^^^^^^^^^^^
AttributeError: 'Member' object has no attribute 'timed_out_until'
INFO:asu_discord.cogs.verification:Saved 5 roles to database for user mcanic (Discord ID: 664095394719989781)
INFO:asu_discord.cogs.verification:Refreshed Salesforce roles for Discord user 664095394719989781: -5/+5 roles, assigned=[Commited, First Generation Student, First Year, Ira A. Fulton Schools of Engineering, Tempe]
Ignoring exception in on_member_update
Traceback (most recent call last):
  File "/usr/local/lib/python3.12/site-packages/discord/client.py", line 465, in _run_event
    await coro(*args, **kwargs)
  File "/app/asu_discord/cogs/analytics.py", line 652, in on_member_update
    before_timeout = before.timed_out_until
                     ^^^^^^^^^^^^^^^^^^^^^^
AttributeError: 'Member' object has no attribute 'timed_out_until'
Ignoring exception in on_member_update
Traceback (most recent call last):
  File "/usr/local/lib/python3.12/site-packages/discord/client.py", line 465, in _run_event
    await coro(*args, **kwargs)
  File "/app/asu_discord/cogs/analytics.py", line 652, in on_member_update
    before_timeout = before.timed_out_until
                     ^^^^^^^^^^^^^^^^^^^^^^
AttributeError: 'Member' object has no attribute 'timed_out_until'
Ignoring exception in on_member_update
Traceback (most recent call last):
  File "/usr/local/lib/python3.12/site-packages/discord/client.py", line 465, in _run_event
    await coro(*args, **kwargs)
  File "/app/asu_discord/cogs/analytics.py", line 652, in on_member_update
    before_timeout = before.timed_out_until
                     ^^^^^^^^^^^^^^^^^^^^^^
AttributeError: 'Member' object has no attribute 'timed_out_until'
Ignoring exception in on_member_update
Traceback (most recent call last):
  File "/usr/local/lib/python3.12/site-packages/discord/client.py", line 465, in _run_event
    await coro(*args, **kwargs)
  File "/app/asu_discord/cogs/analytics.py", line 652, in on_member_update
    before_timeout = before.timed_out_until
                     ^^^^^^^^^^^^^^^^^^^^^^
AttributeError: 'Member' object has no attribute 'timed_out_until'
Ignoring exception in on_member_update
Traceback (most recent call last):
  File "/usr/local/lib/python3.12/site-packages/discord/client.py", line 465, in _run_event
    await coro(*args, **kwargs)
  File "/app/asu_discord/cogs/analytics.py", line 652, in on_member_update
    before_timeout = before.timed_out_until
                     ^^^^^^^^^^^^^^^^^^^^^^
AttributeError: 'Member' object has no attribute 'timed_out_until'
Ignoring exception in on_member_update
Traceback (most recent call last):
  File "/usr/local/lib/python3.12/site-packages/discord/client.py", line 465, in _run_event
    await coro(*args, **kwargs)
  File "/app/asu_discord/cogs/analytics.py", line 652, in on_member_update
    before_timeout = before.timed_out_until
                     ^^^^^^^^^^^^^^^^^^^^^^
AttributeError: 'Member' object has no attribute 'timed_out_until'
Ignoring exception in on_member_update
Traceback (most recent call last):
  File "/usr/local/lib/python3.12/site-packages/discord/client.py", line 465, in _run_event
    await coro(*args, **kwargs)
  File "/app/asu_discord/cogs/analytics.py", line 652, in on_member_update
    before_timeout = before.timed_out_until
                     ^^^^^^^^^^^^^^^^^^^^^^
AttributeError: 'Member' object has no attribute 'timed_out_until'
Ignoring exception in on_member_update
Traceback (most recent call last):
  File "/usr/local/lib/python3.12/site-packages/discord/client.py", line 465, in _run_event
    await coro(*args, **kwargs)
  File "/app/asu_discord/cogs/analytics.py", line 652, in on_member_update
    before_timeout = before.timed_out_until
                     ^^^^^^^^^^^^^^^^^^^^^^
AttributeError: 'Member' object has no attribute 'timed_out_until'
Ignoring exception in on_member_update
Traceback (most recent call last):
  File "/usr/local/lib/python3.12/site-packages/discord/client.py", line 465, in _run_event
    await coro(*args, **kwargs)
  File "/app/asu_discord/cogs/analytics.py", line 652, in on_member_update
    before_timeout = before.timed_out_until
                     ^^^^^^^^^^^^^^^^^^^^^^
AttributeError: 'Member' object has no attribute 'timed_out_until'
Ignoring exception in on_member_update
Traceback (most recent call last):
  File "/usr/local/lib/python3.12/site-packages/discord/client.py", line 465, in _run_event
    await coro(*args, **kwargs)
  File "/app/asu_discord/cogs/analytics.py", line 652, in on_member_update
    before_timeout = before.timed_out_until
                     ^^^^^^^^^^^^^^^^^^^^^^
AttributeError: 'Member' object has no attribute 'timed_out_until'
INFO:asu_discord.cogs.verification:Saved 5 roles to database for user rraza (Discord ID: 1397396727354359890)
INFO:asu_discord.cogs.verification:Refreshed Salesforce roles for Discord user 1397396727354359890: -5/+5 roles, assigned=[Arizona Resident, Edson College of Nursing and Health Innovation, Online, Transfer Student, Upperclassmen]
Ignoring exception in on_member_update
Traceback (most recent call last):
  File "/usr/local/lib/python3.12/site-packages/discord/client.py", line 465, in _run_event
    await coro(*args, **kwargs)
  File "/app/asu_discord/cogs/analytics.py", line 652, in on_member_update
    before_timeout = before.timed_out_until
                     ^^^^^^^^^^^^^^^^^^^^^^
AttributeError: 'Member' object has no attribute 'timed_out_until'
Ignoring exception in on_member_update
Traceback (most recent call last):
  File "/usr/local/lib/python3.12/site-packages/discord/client.py", line 465, in _run_event
    await coro(*args, **kwargs)
  File "/app/asu_discord/cogs/analytics.py", line 652, in on_member_update
    before_timeout = before.timed_out_until
                     ^^^^^^^^^^^^^^^^^^^^^^
AttributeError: 'Member' object has no attribute 'timed_out_until'
Ignoring exception in on_member_update
Traceback (most recent call last):
  File "/usr/local/lib/python3.12/site-packages/discord/client.py", line 465, in _run_event
    await coro(*args, **kwargs)
  File "/app/asu_discord/cogs/analytics.py", line 652, in on_member_update
    before_timeout = before.timed_out_until
                     ^^^^^^^^^^^^^^^^^^^^^^
AttributeError: 'Member' object has no attribute 'timed_out_until'
Ignoring exception in on_member_update
Traceback (most recent call last):
  File "/usr/local/lib/python3.12/site-packages/discord/client.py", line 465, in _run_event
    await coro(*args, **kwargs)
  File "/app/asu_discord/cogs/analytics.py", line 652, in on_member_update
    before_timeout = before.timed_out_until
                     ^^^^^^^^^^^^^^^^^^^^^^
AttributeError: 'Member' object has no attribute 'timed_out_until'
Ignoring exception in on_member_update
Traceback (most recent call last):
  File "/usr/local/lib/python3.12/site-packages/discord/client.py", line 465, in _run_event
    await coro(*args, **kwargs)
  File "/app/asu_discord/cogs/analytics.py", line 652, in on_member_update
    before_timeout = before.timed_out_until
                     ^^^^^^^^^^^^^^^^^^^^^^
AttributeError: 'Member' object has no attribute 'timed_out_until'
Ignoring exception in on_member_update
Traceback (most recent call last):
  File "/usr/local/lib/python3.12/site-packages/discord/client.py", line 465, in _run_event
    await coro(*args, **kwargs)
  File "/app/asu_discord/cogs/analytics.py", line 652, in on_member_update
    before_timeout = before.timed_out_until
                     ^^^^^^^^^^^^^^^^^^^^^^
AttributeError: 'Member' object has no attribute 'timed_out_until'
Ignoring exception in on_member_update
Traceback (most recent call last):
  File "/usr/local/lib/python3.12/site-packages/discord/client.py", line 465, in _run_event
    await coro(*args, **kwargs)
  File "/app/asu_discord/cogs/analytics.py", line 652, in on_member_update
    before_timeout = before.timed_out_until
                     ^^^^^^^^^^^^^^^^^^^^^^
AttributeError: 'Member' object has no attribute 'timed_out_until'
Ignoring exception in on_member_update
Traceback (most recent call last):
  File "/usr/local/lib/python3.12/site-packages/discord/client.py", line 465, in _run_event
    await coro(*args, **kwargs)
  File "/app/asu_discord/cogs/analytics.py", line 652, in on_member_update
    before_timeout = before.timed_out_until
                     ^^^^^^^^^^^^^^^^^^^^^^
AttributeError: 'Member' object has no attribute 'timed_out_until'
Ignoring exception in on_member_update
Traceback (most recent call last):
  File "/usr/local/lib/python3.12/site-packages/discord/client.py", line 465, in _run_event
    await coro(*args, **kwargs)
  File "/app/asu_discord/cogs/analytics.py", line 652, in on_member_update
    before_timeout = before.timed_out_until
                     ^^^^^^^^^^^^^^^^^^^^^^
AttributeError: 'Member' object has no attribute 'timed_out_until'
Ignoring exception in on_member_update
Traceback (most recent call last):
  File "/usr/local/lib/python3.12/site-packages/discord/client.py", line 465, in _run_event
    await coro(*args, **kwargs)
  File "/app/asu_discord/cogs/analytics.py", line 652, in on_member_update
    before_timeout = before.timed_out_until
                     ^^^^^^^^^^^^^^^^^^^^^^
AttributeError: 'Member' object has no attribute 'timed_out_until'
INFO:asu_discord.cogs.verification:Saved 5 roles to database for user tmorta (Discord ID: 822257314467545088)
INFO:asu_discord.cogs.verification:Refreshed Salesforce roles for Discord user 822257314467545088: -5/+5 roles, assigned=[Arizona Resident, First Generation Student, First Year, Ira A. Fulton Schools of Engineering, Tempe]
Ignoring exception in on_member_update
Traceback (most recent call last):
  File "/usr/local/lib/python3.12/site-packages/discord/client.py", line 465, in _run_event
    await coro(*args, **kwargs)
  File "/app/asu_discord/cogs/analytics.py", line 652, in on_member_update
    before_timeout = before.timed_out_until
                     ^^^^^^^^^^^^^^^^^^^^^^
AttributeError: 'Member' object has no attribute 'timed_out_until'
Ignoring exception in on_member_update
Traceback (most recent call last):
  File "/usr/local/lib/python3.12/site-packages/discord/client.py", line 465, in _run_event
    await coro(*args, **kwargs)
  File "/app/asu_discord/cogs/analytics.py", line 652, in on_member_update
    before_timeout = before.timed_out_until
                     ^^^^^^^^^^^^^^^^^^^^^^
AttributeError: 'Member' object has no attribute 'timed_out_until'
Ignoring exception in on_member_update
Traceback (most recent call last):
  File "/usr/local/lib/python3.12/site-packages/discord/client.py", line 465, in _run_event
    await coro(*args, **kwargs)
  File "/app/asu_discord/cogs/analytics.py", line 652, in on_member_update
    before_timeout = before.timed_out_until
                     ^^^^^^^^^^^^^^^^^^^^^^
AttributeError: 'Member' object has no attribute 'timed_out_until'
Ignoring exception in on_member_update
Traceback (most recent call last):
  File "/usr/local/lib/python3.12/site-packages/discord/client.py", line 465, in _run_event
    await coro(*args, **kwargs)
  File "/app/asu_discord/cogs/analytics.py", line 652, in on_member_update
    before_timeout = before.timed_out_until
                     ^^^^^^^^^^^^^^^^^^^^^^
AttributeError: 'Member' object has no attribute 'timed_out_until'
Ignoring exception in on_member_update
Traceback (most recent call last):
  File "/usr/local/lib/python3.12/site-packages/discord/client.py", line 465, in _run_event
    await coro(*args, **kwargs)
  File "/app/asu_discord/cogs/analytics.py", line 652, in on_member_update
    before_timeout = before.timed_out_until
                     ^^^^^^^^^^^^^^^^^^^^^^
AttributeError: 'Member' object has no attribute 'timed_out_until'
Ignoring exception in on_member_update
Traceback (most recent call last):
  File "/usr/local/lib/python3.12/site-packages/discord/client.py", line 465, in _run_event
    await coro(*args, **kwargs)
  File "/app/asu_discord/cogs/analytics.py", line 652, in on_member_update
    before_timeout = before.timed_out_until
                     ^^^^^^^^^^^^^^^^^^^^^^
AttributeError: 'Member' object has no attribute 'timed_out_until'
Ignoring exception in on_member_update
Traceback (most recent call last):
  File "/usr/local/lib/python3.12/site-packages/discord/client.py", line 465, in _run_event
    await coro(*args, **kwargs)
  File "/app/asu_discord/cogs/analytics.py", line 652, in on_member_update
    before_timeout = before.timed_out_until
                     ^^^^^^^^^^^^^^^^^^^^^^
AttributeError: 'Member' object has no attribute 'timed_out_until'
Ignoring exception in on_member_update
Traceback (most recent call last):
  File "/usr/local/lib/python3.12/site-packages/discord/client.py", line 465, in _run_event
    await coro(*args, **kwargs)
  File "/app/asu_discord/cogs/analytics.py", line 652, in on_member_update
    before_timeout = before.timed_out_until
                     ^^^^^^^^^^^^^^^^^^^^^^
AttributeError: 'Member' object has no attribute 'timed_out_until'
Ignoring exception in on_member_update
Traceback (most recent call last):
  File "/usr/local/lib/python3.12/site-packages/discord/client.py", line 465, in _run_event
    await coro(*args, **kwargs)
  File "/app/asu_discord/cogs/analytics.py", line 652, in on_member_update
    before_timeout = before.timed_out_until
                     ^^^^^^^^^^^^^^^^^^^^^^
AttributeError: 'Member' object has no attribute 'timed_out_until'
Ignoring exception in on_member_update
Traceback (most recent call last):
  File "/usr/local/lib/python3.12/site-packages/discord/client.py", line 465, in _run_event
    await coro(*args, **kwargs)
  File "/app/asu_discord/cogs/analytics.py", line 652, in on_member_update
    before_timeout = before.timed_out_until
                     ^^^^^^^^^^^^^^^^^^^^^^
AttributeError: 'Member' object has no attribute 'timed_out_until'
Ignoring exception in on_member_update
Traceback (most recent call last):
  File "/usr/local/lib/python3.12/site-packages/discord/client.py", line 465, in _run_event
    await coro(*args, **kwargs)
  File "/app/asu_discord/cogs/analytics.py", line 652, in on_member_update
    before_timeout = before.timed_out_until
                     ^^^^^^^^^^^^^^^^^^^^^^
AttributeError: 'Member' object has no attribute 'timed_out_until'
Ignoring exception in on_member_update
Traceback (most recent call last):
  File "/usr/local/lib/python3.12/site-packages/discord/client.py", line 465, in _run_event
    await coro(*args, **kwargs)
  File "/app/asu_discord/cogs/analytics.py", line 652, in on_member_update
    before_timeout = before.timed_out_until
                     ^^^^^^^^^^^^^^^^^^^^^^
AttributeError: 'Member' object has no attribute 'timed_out_until'
INFO:asu_discord.cogs.verification:Saved 6 roles to database for user aguzmanb (Discord ID: 1519021813986754581)
INFO:asu_discord.cogs.verification:Refreshed Salesforce roles for Discord user 1519021813986754581: -6/+6 roles, assigned=[Arizona Resident, Commited, First Year, Mary Lou Fulton Teachers College, Tempe, Upperclassmen]
ERROR:cron.jobs:refresh_salesforce_roles: failed for rlkirsch (Discord ID 520305044864761906): Failed to refresh Salesforce-based roles: Discord user 520305044864761906 is not a member of the guild
Ignoring exception in on_member_update
Traceback (most recent call last):
  File "/usr/local/lib/python3.12/site-packages/discord/client.py", line 465, in _run_event
    await coro(*args, **kwargs)
  File "/app/asu_discord/cogs/analytics.py", line 652, in on_member_update
    before_timeout = before.timed_out_until
                     ^^^^^^^^^^^^^^^^^^^^^^
AttributeError: 'Member' object has no attribute 'timed_out_until'
Ignoring exception in on_member_update
Traceback (most recent call last):
  File "/usr/local/lib/python3.12/site-packages/discord/client.py", line 465, in _run_event
    await coro(*args, **kwargs)
  File "/app/asu_discord/cogs/analytics.py", line 652, in on_member_update
    before_timeout = before.timed_out_until
                     ^^^^^^^^^^^^^^^^^^^^^^
AttributeError: 'Member' object has no attribute 'timed_out_until'
Ignoring exception in on_member_update
Traceback (most recent call last):
  File "/usr/local/lib/python3.12/site-packages/discord/client.py", line 465, in _run_event
    await coro(*args, **kwargs)
  File "/app/asu_discord/cogs/analytics.py", line 652, in on_member_update
    before_timeout = before.timed_out_until
                     ^^^^^^^^^^^^^^^^^^^^^^
AttributeError: 'Member' object has no attribute 'timed_out_until'
Ignoring exception in on_member_update
Traceback (most recent call last):
  File "/usr/local/lib/python3.12/site-packages/discord/client.py", line 465, in _run_event
    await coro(*args, **kwargs)
  File "/app/asu_discord/cogs/analytics.py", line 652, in on_member_update
    before_timeout = before.timed_out_until
                     ^^^^^^^^^^^^^^^^^^^^^^
AttributeError: 'Member' object has no attribute 'timed_out_until'
Ignoring exception in on_member_update
Traceback (most recent call last):
  File "/usr/local/lib/python3.12/site-packages/discord/client.py", line 465, in _run_event
    await coro(*args, **kwargs)
  File "/app/asu_discord/cogs/analytics.py", line 652, in on_member_update
    before_timeout = before.timed_out_until
                     ^^^^^^^^^^^^^^^^^^^^^^
AttributeError: 'Member' object has no attribute 'timed_out_until'
Ignoring exception in on_member_update
Traceback (most recent call last):
  File "/usr/local/lib/python3.12/site-packages/discord/client.py", line 465, in _run_event
    await coro(*args, **kwargs)
  File "/app/asu_discord/cogs/analytics.py", line 652, in on_member_update
    before_timeout = before.timed_out_until
                     ^^^^^^^^^^^^^^^^^^^^^^
AttributeError: 'Member' object has no attribute 'timed_out_until'
Ignoring exception in on_member_update
Traceback (most recent call last):
  File "/usr/local/lib/python3.12/site-packages/discord/client.py", line 465, in _run_event
    await coro(*args, **kwargs)
  File "/app/asu_discord/cogs/analytics.py", line 652, in on_member_update
    before_timeout = before.timed_out_until
                     ^^^^^^^^^^^^^^^^^^^^^^
AttributeError: 'Member' object has no attribute 'timed_out_until'
Ignoring exception in on_member_update
Traceback (most recent call last):
  File "/usr/local/lib/python3.12/site-packages/discord/client.py", line 465, in _run_event
    await coro(*args, **kwargs)
  File "/app/asu_discord/cogs/analytics.py", line 652, in on_member_update
    before_timeout = before.timed_out_until
                     ^^^^^^^^^^^^^^^^^^^^^^
AttributeError: 'Member' object has no attribute 'timed_out_until'
Ignoring exception in on_member_update
Traceback (most recent call last):
  File "/usr/local/lib/python3.12/site-packages/discord/client.py", line 465, in _run_event
    await coro(*args, **kwargs)
  File "/app/asu_discord/cogs/analytics.py", line 652, in on_member_update
    before_timeout = before.timed_out_until
                     ^^^^^^^^^^^^^^^^^^^^^^
AttributeError: 'Member' object has no attribute 'timed_out_until'
INFO:asu_discord.cogs.verification:Saved 5 roles to database for user jlanguel (Discord ID: 1506403872560644097)
INFO:asu_discord.cogs.verification:Refreshed Salesforce roles for Discord user 1506403872560644097: -5/+4 roles, assigned=[College of Liberal Arts and Sciences, Commited, First Year, Out of State, Tempe]
Ignoring exception in on_member_update
Traceback (most recent call last):
  File "/usr/local/lib/python3.12/site-packages/discord/client.py", line 465, in _run_event
    await coro(*args, **kwargs)
  File "/app/asu_discord/cogs/analytics.py", line 652, in on_member_update
    before_timeout = before.timed_out_until
                     ^^^^^^^^^^^^^^^^^^^^^^
AttributeError: 'Member' object has no attribute 'timed_out_until'
Ignoring exception in on_member_update
Traceback (most recent call last):
  File "/usr/local/lib/python3.12/site-packages/discord/client.py", line 465, in _run_event
    await coro(*args, **kwargs)
  File "/app/asu_discord/cogs/analytics.py", line 652, in on_member_update
    before_timeout = before.timed_out_until
                     ^^^^^^^^^^^^^^^^^^^^^^
AttributeError: 'Member' object has no attribute 'timed_out_until'
Ignoring exception in on_member_update
Traceback (most recent call last):
  File "/usr/local/lib/python3.12/site-packages/discord/client.py", line 465, in _run_event
    await coro(*args, **kwargs)
  File "/app/asu_discord/cogs/analytics.py", line 652, in on_member_update
    before_timeout = before.timed_out_until
                     ^^^^^^^^^^^^^^^^^^^^^^
AttributeError: 'Member' object has no attribute 'timed_out_until'
Ignoring exception in on_member_update
Traceback (most recent call last):
  File "/usr/local/lib/python3.12/site-packages/discord/client.py", line 465, in _run_event
    await coro(*args, **kwargs)
  File "/app/asu_discord/cogs/analytics.py", line 652, in on_member_update
    before_timeout = before.timed_out_until
                     ^^^^^^^^^^^^^^^^^^^^^^
AttributeError: 'Member' object has no attribute 'timed_out_until'
Ignoring exception in on_member_update
Traceback (most recent call last):
  File "/usr/local/lib/python3.12/site-packages/discord/client.py", line 465, in _run_event
    await coro(*args, **kwargs)
  File "/app/asu_discord/cogs/analytics.py", line 652, in on_member_update
    before_timeout = before.timed_out_until
                     ^^^^^^^^^^^^^^^^^^^^^^
AttributeError: 'Member' object has no attribute 'timed_out_until'
Ignoring exception in on_member_update
Traceback (most recent call last):
  File "/usr/local/lib/python3.12/site-packages/discord/client.py", line 465, in _run_event
    await coro(*args, **kwargs)
  File "/app/asu_discord/cogs/analytics.py", line 652, in on_member_update
    before_timeout = before.timed_out_until
                     ^^^^^^^^^^^^^^^^^^^^^^
AttributeError: 'Member' object has no attribute 'timed_out_until'
Ignoring exception in on_member_update
Traceback (most recent call last):
  File "/usr/local/lib/python3.12/site-packages/discord/client.py", line 465, in _run_event
    await coro(*args, **kwargs)
  File "/app/asu_discord/cogs/analytics.py", line 652, in on_member_update
    before_timeout = before.timed_out_until
                     ^^^^^^^^^^^^^^^^^^^^^^
AttributeError: 'Member' object has no attribute 'timed_out_until'
Ignoring exception in on_member_update
Traceback (most recent call last):
  File "/usr/local/lib/python3.12/site-packages/discord/client.py", line 465, in _run_event
    await coro(*args, **kwargs)
  File "/app/asu_discord/cogs/analytics.py", line 652, in on_member_update
    before_timeout = before.timed_out_until
                     ^^^^^^^^^^^^^^^^^^^^^^
AttributeError: 'Member' object has no attribute 'timed_out_until'
Ignoring exception in on_member_update
Traceback (most recent call last):
  File "/usr/local/lib/python3.12/site-packages/discord/client.py", line 465, in _run_event
    await coro(*args, **kwargs)
  File "/app/asu_discord/cogs/analytics.py", line 652, in on_member_update
    before_timeout = before.timed_out_until
                     ^^^^^^^^^^^^^^^^^^^^^^
AttributeError: 'Member' object has no attribute 'timed_out_until'
Ignoring exception in on_member_update
Traceback (most recent call last):
  File "/usr/local/lib/python3.12/site-packages/discord/client.py", line 465, in _run_event
    await coro(*args, **kwargs)
  File "/app/asu_discord/cogs/analytics.py", line 652, in on_member_update
    before_timeout = before.timed_out_until
                     ^^^^^^^^^^^^^^^^^^^^^^
AttributeError: 'Member' object has no attribute 'timed_out_until'
INFO:asu_discord.cogs.verification:Saved 5 roles to database for user odeleono (Discord ID: 777964073428975617)
INFO:asu_discord.cogs.verification:Refreshed Salesforce roles for Discord user 777964073428975617: -5/+5 roles, assigned=[Commited, First Year, Ira A. Fulton Schools of Engineering, Out of State, Polytechnic]
Ignoring exception in on_member_update
Traceback (most recent call last):
  File "/usr/local/lib/python3.12/site-packages/discord/client.py", line 465, in _run_event
    await coro(*args, **kwargs)
  File "/app/asu_discord/cogs/analytics.py", line 652, in on_member_update
    before_timeout = before.timed_out_until
                     ^^^^^^^^^^^^^^^^^^^^^^
AttributeError: 'Member' object has no attribute 'timed_out_until'
Ignoring exception in on_member_update
Traceback (most recent call last):
  File "/usr/local/lib/python3.12/site-packages/discord/client.py", line 465, in _run_event
    await coro(*args, **kwargs)
  File "/app/asu_discord/cogs/analytics.py", line 652, in on_member_update
    before_timeout = before.timed_out_until
                     ^^^^^^^^^^^^^^^^^^^^^^
AttributeError: 'Member' object has no attribute 'timed_out_until'
Ignoring exception in on_member_update
Traceback (most recent call last):
  File "/usr/local/lib/python3.12/site-packages/discord/client.py", line 465, in _run_event
    await coro(*args, **kwargs)
  File "/app/asu_discord/cogs/analytics.py", line 652, in on_member_update
    before_timeout = before.timed_out_until
                     ^^^^^^^^^^^^^^^^^^^^^^
AttributeError: 'Member' object has no attribute 'timed_out_until'
Ignoring exception in on_member_update
Traceback (most recent call last):
  File "/usr/local/lib/python3.12/site-packages/discord/client.py", line 465, in _run_event
    await coro(*args, **kwargs)
  File "/app/asu_discord/cogs/analytics.py", line 652, in on_member_update
    before_timeout = before.timed_out_until
                     ^^^^^^^^^^^^^^^^^^^^^^
AttributeError: 'Member' object has no attribute 'timed_out_until'
Ignoring exception in on_member_update
Traceback (most recent call last):
  File "/usr/local/lib/python3.12/site-packages/discord/client.py", line 465, in _run_event
    await coro(*args, **kwargs)
  File "/app/asu_discord/cogs/analytics.py", line 652, in on_member_update
    before_timeout = before.timed_out_until
                     ^^^^^^^^^^^^^^^^^^^^^^
AttributeError: 'Member' object has no attribute 'timed_out_until'
Ignoring exception in on_member_update
Traceback (most recent call last):
  File "/usr/local/lib/python3.12/site-packages/discord/client.py", line 465, in _run_event
    await coro(*args, **kwargs)
  File "/app/asu_discord/cogs/analytics.py", line 652, in on_member_update
    before_timeout = before.timed_out_until
                     ^^^^^^^^^^^^^^^^^^^^^^
AttributeError: 'Member' object has no attribute 'timed_out_until'
Ignoring exception in on_member_update
Traceback (most recent call last):
  File "/usr/local/lib/python3.12/site-packages/discord/client.py", line 465, in _run_event
    await coro(*args, **kwargs)
  File "/app/asu_discord/cogs/analytics.py", line 652, in on_member_update
    before_timeout = before.timed_out_until
                     ^^^^^^^^^^^^^^^^^^^^^^
AttributeError: 'Member' object has no attribute 'timed_out_until'
Ignoring exception in on_member_update
Traceback (most recent call last):
  File "/usr/local/lib/python3.12/site-packages/discord/client.py", line 465, in _run_event
    await coro(*args, **kwargs)
  File "/app/asu_discord/cogs/analytics.py", line 652, in on_member_update
    before_timeout = before.timed_out_until
                     ^^^^^^^^^^^^^^^^^^^^^^
AttributeError: 'Member' object has no attribute 'timed_out_until'
Ignoring exception in on_member_update
Traceback (most recent call last):
  File "/usr/local/lib/python3.12/site-packages/discord/client.py", line 465, in _run_event
    await coro(*args, **kwargs)
  File "/app/asu_discord/cogs/analytics.py", line 652, in on_member_update
    before_timeout = before.timed_out_until
                     ^^^^^^^^^^^^^^^^^^^^^^
AttributeError: 'Member' object has no attribute 'timed_out_until'
Ignoring exception in on_member_update
Traceback (most recent call last):
  File "/usr/local/lib/python3.12/site-packages/discord/client.py", line 465, in _run_event
    await coro(*args, **kwargs)
  File "/app/asu_discord/cogs/analytics.py", line 652, in on_member_update
    before_timeout = before.timed_out_until
                     ^^^^^^^^^^^^^^^^^^^^^^
AttributeError: 'Member' object has no attribute 'timed_out_until'
INFO:asu_discord.cogs.verification:Saved 5 roles to database for user cgiannoc (Discord ID: 1042285602093137991)
INFO:asu_discord.cogs.verification:Refreshed Salesforce roles for Discord user 1042285602093137991: -5/+5 roles, assigned=[Arizona Resident, Commited, First Year, Herberger Institute for Design and the Arts, Tempe]
Ignoring exception in on_member_update
Traceback (most recent call last):
  File "/usr/local/lib/python3.12/site-packages/discord/client.py", line 465, in _run_event
    await coro(*args, **kwargs)
  File "/app/asu_discord/cogs/analytics.py", line 652, in on_member_update
    before_timeout = before.timed_out_until
                     ^^^^^^^^^^^^^^^^^^^^^^
AttributeError: 'Member' object has no attribute 'timed_out_until'
Ignoring exception in on_member_update
Traceback (most recent call last):
  File "/usr/local/lib/python3.12/site-packages/discord/client.py", line 465, in _run_event
    await coro(*args, **kwargs)
  File "/app/asu_discord/cogs/analytics.py", line 652, in on_member_update
    before_timeout = before.timed_out_until
                     ^^^^^^^^^^^^^^^^^^^^^^
AttributeError: 'Member' object has no attribute 'timed_out_until'
INFO:asu_discord.cogs.verification:Saved 1 roles to database for user amart910 (Discord ID: 852797599878217749)
INFO:asu_discord.cogs.verification:Refreshed Salesforce roles for Discord user 852797599878217749: -1/+1 roles, assigned=[Arizona Resident]
Ignoring exception in on_member_update
Traceback (most recent call last):
  File "/usr/local/lib/python3.12/site-packages/discord/client.py", line 465, in _run_event
    await coro(*args, **kwargs)
  File "/app/asu_discord/cogs/analytics.py", line 652, in on_member_update
    before_timeout = before.timed_out_until
                     ^^^^^^^^^^^^^^^^^^^^^^
AttributeError: 'Member' object has no attribute 'timed_out_until'
Ignoring exception in on_member_update
Traceback (most recent call last):
  File "/usr/local/lib/python3.12/site-packages/discord/client.py", line 465, in _run_event
    await coro(*args, **kwargs)
  File "/app/asu_discord/cogs/analytics.py", line 652, in on_member_update
    before_timeout = before.timed_out_until
                     ^^^^^^^^^^^^^^^^^^^^^^
AttributeError: 'Member' object has no attribute 'timed_out_until'
Ignoring exception in on_member_update
Traceback (most recent call last):
  File "/usr/local/lib/python3.12/site-packages/discord/client.py", line 465, in _run_event
    await coro(*args, **kwargs)
  File "/app/asu_discord/cogs/analytics.py", line 652, in on_member_update
    before_timeout = before.timed_out_until
                     ^^^^^^^^^^^^^^^^^^^^^^
AttributeError: 'Member' object has no attribute 'timed_out_until'
Ignoring exception in on_member_update
Traceback (most recent call last):
  File "/usr/local/lib/python3.12/site-packages/discord/client.py", line 465, in _run_event
    await coro(*args, **kwargs)
  File "/app/asu_discord/cogs/analytics.py", line 652, in on_member_update
    before_timeout = before.timed_out_until
                     ^^^^^^^^^^^^^^^^^^^^^^
AttributeError: 'Member' object has no attribute 'timed_out_until'
Ignoring exception in on_member_update
Traceback (most recent call last):
  File "/usr/local/lib/python3.12/site-packages/discord/client.py", line 465, in _run_event
    await coro(*args, **kwargs)
  File "/app/asu_discord/cogs/analytics.py", line 652, in on_member_update
    before_timeout = before.timed_out_until
                     ^^^^^^^^^^^^^^^^^^^^^^
AttributeError: 'Member' object has no attribute 'timed_out_until'
Ignoring exception in on_member_update
Traceback (most recent call last):
  File "/usr/local/lib/python3.12/site-packages/discord/client.py", line 465, in _run_event
    await coro(*args, **kwargs)
  File "/app/asu_discord/cogs/analytics.py", line 652, in on_member_update
    before_timeout = before.timed_out_until
                     ^^^^^^^^^^^^^^^^^^^^^^
AttributeError: 'Member' object has no attribute 'timed_out_until'
Ignoring exception in on_member_update
Traceback (most recent call last):
  File "/usr/local/lib/python3.12/site-packages/discord/client.py", line 465, in _run_event
    await coro(*args, **kwargs)
  File "/app/asu_discord/cogs/analytics.py", line 652, in on_member_update
    before_timeout = before.timed_out_until
                     ^^^^^^^^^^^^^^^^^^^^^^
AttributeError: 'Member' object has no attribute 'timed_out_until'
Ignoring exception in on_member_update
Traceback (most recent call last):
  File "/usr/local/lib/python3.12/site-packages/discord/client.py", line 465, in _run_event
    await coro(*args, **kwargs)
  File "/app/asu_discord/cogs/analytics.py", line 652, in on_member_update
    before_timeout = before.timed_out_until
                     ^^^^^^^^^^^^^^^^^^^^^^
AttributeError: 'Member' object has no attribute 'timed_out_until'
Ignoring exception in on_member_update
Traceback (most recent call last):
  File "/usr/local/lib/python3.12/site-packages/discord/client.py", line 465, in _run_event
    await coro(*args, **kwargs)
  File "/app/asu_discord/cogs/analytics.py", line 652, in on_member_update
    before_timeout = before.timed_out_until
                     ^^^^^^^^^^^^^^^^^^^^^^
AttributeError: 'Member' object has no attribute 'timed_out_until'
Ignoring exception in on_member_update
Traceback (most recent call last):
  File "/usr/local/lib/python3.12/site-packages/discord/client.py", line 465, in _run_event
    await coro(*args, **kwargs)
  File "/app/asu_discord/cogs/analytics.py", line 652, in on_member_update
    before_timeout = before.timed_out_until
                     ^^^^^^^^^^^^^^^^^^^^^^
AttributeError: 'Member' object has no attribute 'timed_out_until'
INFO:asu_discord.cogs.verification:Saved 5 roles to database for user adilore3 (Discord ID: 745333313773895810)
INFO:asu_discord.cogs.verification:Refreshed Salesforce roles for Discord user 745333313773895810: -5/+5 roles, assigned=[Arizona Resident, Commited, First Year, Watts College of Public Service and Community Solutions, West Valley]
Ignoring exception in on_member_update
Traceback (most recent call last):
  File "/usr/local/lib/python3.12/site-packages/discord/client.py", line 465, in _run_event
    await coro(*args, **kwargs)
  File "/app/asu_discord/cogs/analytics.py", line 652, in on_member_update
    before_timeout = before.timed_out_until
                     ^^^^^^^^^^^^^^^^^^^^^^
AttributeError: 'Member' object has no attribute 'timed_out_until'
Ignoring exception in on_member_update
Traceback (most recent call last):
  File "/usr/local/lib/python3.12/site-packages/discord/client.py", line 465, in _run_event
    await coro(*args, **kwargs)
  File "/app/asu_discord/cogs/analytics.py", line 652, in on_member_update
    before_timeout = before.timed_out_until
                     ^^^^^^^^^^^^^^^^^^^^^^
AttributeError: 'Member' object has no attribute 'timed_out_until'
Ignoring exception in on_member_update
Traceback (most recent call last):
  File "/usr/local/lib/python3.12/site-packages/discord/client.py", line 465, in _run_event
    await coro(*args, **kwargs)
  File "/app/asu_discord/cogs/analytics.py", line 652, in on_member_update
    before_timeout = before.timed_out_until
                     ^^^^^^^^^^^^^^^^^^^^^^
AttributeError: 'Member' object has no attribute 'timed_out_until'
Ignoring exception in on_member_update
Traceback (most recent call last):
  File "/usr/local/lib/python3.12/site-packages/discord/client.py", line 465, in _run_event
    await coro(*args, **kwargs)
  File "/app/asu_discord/cogs/analytics.py", line 652, in on_member_update
    before_timeout = before.timed_out_until
                     ^^^^^^^^^^^^^^^^^^^^^^
AttributeError: 'Member' object has no attribute 'timed_out_until'
Ignoring exception in on_member_update
Traceback (most recent call last):
  File "/usr/local/lib/python3.12/site-packages/discord/client.py", line 465, in _run_event
    await coro(*args, **kwargs)
  File "/app/asu_discord/cogs/analytics.py", line 652, in on_member_update
    before_timeout = before.timed_out_until
                     ^^^^^^^^^^^^^^^^^^^^^^
AttributeError: 'Member' object has no attribute 'timed_out_until'
Ignoring exception in on_member_update
Traceback (most recent call last):
  File "/usr/local/lib/python3.12/site-packages/discord/client.py", line 465, in _run_event
    await coro(*args, **kwargs)
  File "/app/asu_discord/cogs/analytics.py", line 652, in on_member_update
    before_timeout = before.timed_out_until
                     ^^^^^^^^^^^^^^^^^^^^^^
AttributeError: 'Member' object has no attribute 'timed_out_until'
Ignoring exception in on_member_update
Traceback (most recent call last):
  File "/usr/local/lib/python3.12/site-packages/discord/client.py", line 465, in _run_event
    await coro(*args, **kwargs)
  File "/app/asu_discord/cogs/analytics.py", line 652, in on_member_update
    before_timeout = before.timed_out_until
                     ^^^^^^^^^^^^^^^^^^^^^^
AttributeError: 'Member' object has no attribute 'timed_out_until'
Ignoring exception in on_member_update
Traceback (most recent call last):
  File "/usr/local/lib/python3.12/site-packages/discord/client.py", line 465, in _run_event
    await coro(*args, **kwargs)
  File "/app/asu_discord/cogs/analytics.py", line 652, in on_member_update
    before_timeout = before.timed_out_until
                     ^^^^^^^^^^^^^^^^^^^^^^
AttributeError: 'Member' object has no attribute 'timed_out_until'
Ignoring exception in on_member_update
Traceback (most recent call last):
  File "/usr/local/lib/python3.12/site-packages/discord/client.py", line 465, in _run_event
    await coro(*args, **kwargs)
  File "/app/asu_discord/cogs/analytics.py", line 652, in on_member_update
    before_timeout = before.timed_out_until
                     ^^^^^^^^^^^^^^^^^^^^^^
AttributeError: 'Member' object has no attribute 'timed_out_until'
Ignoring exception in on_member_update
Traceback (most recent call last):
  File "/usr/local/lib/python3.12/site-packages/discord/client.py", line 465, in _run_event
    await coro(*args, **kwargs)
  File "/app/asu_discord/cogs/analytics.py", line 652, in on_member_update
    before_timeout = before.timed_out_until
                     ^^^^^^^^^^^^^^^^^^^^^^
AttributeError: 'Member' object has no attribute 'timed_out_until'
ERROR:cron.jobs:refresh_salesforce_roles: failed for jmjime32 (Discord ID 912032087480078436): Timed out refresh Salesforce-based roles
Ignoring exception in on_member_update
Traceback (most recent call last):
  File "/usr/local/lib/python3.12/site-packages/discord/client.py", line 465, in _run_event
    await coro(*args, **kwargs)
  File "/app/asu_discord/cogs/analytics.py", line 652, in on_member_update
    before_timeout = before.timed_out_until
                     ^^^^^^^^^^^^^^^^^^^^^^
AttributeError: 'Member' object has no attribute 'timed_out_until'
Ignoring exception in on_member_update
Traceback (most recent call last):
  File "/usr/local/lib/python3.12/site-packages/discord/client.py", line 465, in _run_event
    await coro(*args, **kwargs)
  File "/app/asu_discord/cogs/analytics.py", line 652, in on_member_update
    before_timeout = before.timed_out_until
                     ^^^^^^^^^^^^^^^^^^^^^^
AttributeError: 'Member' object has no attribute 'timed_out_until'
Ignoring exception in on_member_update
Traceback (most recent call last):
  File "/usr/local/lib/python3.12/site-packages/discord/client.py", line 465, in _run_event
    await coro(*args, **kwargs)
  File "/app/asu_discord/cogs/analytics.py", line 652, in on_member_update
    before_timeout = before.timed_out_until
                     ^^^^^^^^^^^^^^^^^^^^^^
AttributeError: 'Member' object has no attribute 'timed_out_until'
Ignoring exception in on_member_update
Traceback (most recent call last):
  File "/usr/local/lib/python3.12/site-packages/discord/client.py", line 465, in _run_event
    await coro(*args, **kwargs)
  File "/app/asu_discord/cogs/analytics.py", line 652, in on_member_update
    before_timeout = before.timed_out_until
                     ^^^^^^^^^^^^^^^^^^^^^^
AttributeError: 'Member' object has no attribute 'timed_out_until'
Ignoring exception in on_member_update
Traceback (most recent call last):
  File "/usr/local/lib/python3.12/site-packages/discord/client.py", line 465, in _run_event
    await coro(*args, **kwargs)
  File "/app/asu_discord/cogs/analytics.py", line 652, in on_member_update
    before_timeout = before.timed_out_until
                     ^^^^^^^^^^^^^^^^^^^^^^
AttributeError: 'Member' object has no attribute 'timed_out_until'
Ignoring exception in on_member_update
Traceback (most recent call last):
  File "/usr/local/lib/python3.12/site-packages/discord/client.py", line 465, in _run_event
    await coro(*args, **kwargs)
  File "/app/asu_discord/cogs/analytics.py", line 652, in on_member_update
    before_timeout = before.timed_out_until
                     ^^^^^^^^^^^^^^^^^^^^^^
AttributeError: 'Member' object has no attribute 'timed_out_until'
Ignoring exception in on_member_update
Traceback (most recent call last):
  File "/usr/local/lib/python3.12/site-packages/discord/client.py", line 465, in _run_event
    await coro(*args, **kwargs)
  File "/app/asu_discord/cogs/analytics.py", line 652, in on_member_update
    before_timeout = before.timed_out_until
                     ^^^^^^^^^^^^^^^^^^^^^^
AttributeError: 'Member' object has no attribute 'timed_out_until'
Ignoring exception in on_member_update
Traceback (most recent call last):
  File "/usr/local/lib/python3.12/site-packages/discord/client.py", line 465, in _run_event
    await coro(*args, **kwargs)
  File "/app/asu_discord/cogs/analytics.py", line 652, in on_member_update
    before_timeout = before.timed_out_until
                     ^^^^^^^^^^^^^^^^^^^^^^
AttributeError: 'Member' object has no attribute 'timed_out_until'
Ignoring exception in on_member_update
Traceback (most recent call last):
  File "/usr/local/lib/python3.12/site-packages/discord/client.py", line 465, in _run_event
    await coro(*args, **kwargs)
  File "/app/asu_discord/cogs/analytics.py", line 652, in on_member_update
    before_timeout = before.timed_out_until
                     ^^^^^^^^^^^^^^^^^^^^^^
AttributeError: 'Member' object has no attribute 'timed_out_until'
Ignoring exception in on_member_update
Traceback (most recent call last):
  File "/usr/local/lib/python3.12/site-packages/discord/client.py", line 465, in _run_event
    await coro(*args, **kwargs)
  File "/app/asu_discord/cogs/analytics.py", line 652, in on_member_update
    before_timeout = before.timed_out_until
                     ^^^^^^^^^^^^^^^^^^^^^^
AttributeError: 'Member' object has no attribute 'timed_out_until'
INFO:asu_discord.cogs.verification:Saved 5 roles to database for user srizwi (Discord ID: 876714493969825792)
INFO:asu_discord.cogs.verification:Refreshed Salesforce roles for Discord user 876714493969825792: -5/+5 roles, assigned=[Arizona Resident, College of Liberal Arts and Sciences, Commited, Downtown Phoenix, First Year]
Ignoring exception in on_member_update
Traceback (most recent call last):
  File "/usr/local/lib/python3.12/site-packages/discord/client.py", line 465, in _run_event
    await coro(*args, **kwargs)
  File "/app/asu_discord/cogs/analytics.py", line 652, in on_member_update
    before_timeout = before.timed_out_until
                     ^^^^^^^^^^^^^^^^^^^^^^
AttributeError: 'Member' object has no attribute 'timed_out_until'
Ignoring exception in on_member_update
Traceback (most recent call last):
  File "/usr/local/lib/python3.12/site-packages/discord/client.py", line 465, in _run_event
    await coro(*args, **kwargs)
  File "/app/asu_discord/cogs/analytics.py", line 652, in on_member_update
    before_timeout = before.timed_out_until
                     ^^^^^^^^^^^^^^^^^^^^^^
AttributeError: 'Member' object has no attribute 'timed_out_until'
Ignoring exception in on_member_update
Traceback (most recent call last):
  File "/usr/local/lib/python3.12/site-packages/discord/client.py", line 465, in _run_event
    await coro(*args, **kwargs)
  File "/app/asu_discord/cogs/analytics.py", line 652, in on_member_update
    before_timeout = before.timed_out_until
                     ^^^^^^^^^^^^^^^^^^^^^^
AttributeError: 'Member' object has no attribute 'timed_out_until'
Ignoring exception in on_member_update
Traceback (most recent call last):
  File "/usr/local/lib/python3.12/site-packages/discord/client.py", line 465, in _run_event
    await coro(*args, **kwargs)
  File "/app/asu_discord/cogs/analytics.py", line 652, in on_member_update
    before_timeout = before.timed_out_until
                     ^^^^^^^^^^^^^^^^^^^^^^
AttributeError: 'Member' object has no attribute 'timed_out_until'
Ignoring exception in on_member_update
Traceback (most recent call last):
  File "/usr/local/lib/python3.12/site-packages/discord/client.py", line 465, in _run_event
    await coro(*args, **kwargs)
  File "/app/asu_discord/cogs/analytics.py", line 652, in on_member_update
    before_timeout = before.timed_out_until
                     ^^^^^^^^^^^^^^^^^^^^^^
AttributeError: 'Member' object has no attribute 'timed_out_until'
Ignoring exception in on_member_update
Traceback (most recent call last):
  File "/usr/local/lib/python3.12/site-packages/discord/client.py", line 465, in _run_event
    await coro(*args, **kwargs)
  File "/app/asu_discord/cogs/analytics.py", line 652, in on_member_update
    before_timeout = before.timed_out_until
                     ^^^^^^^^^^^^^^^^^^^^^^
AttributeError: 'Member' object has no attribute 'timed_out_until'
Ignoring exception in on_member_update
Traceback (most recent call last):
  File "/usr/local/lib/python3.12/site-packages/discord/client.py", line 465, in _run_event
    await coro(*args, **kwargs)
  File "/app/asu_discord/cogs/analytics.py", line 652, in on_member_update
    before_timeout = before.timed_out_until
                     ^^^^^^^^^^^^^^^^^^^^^^
AttributeError: 'Member' object has no attribute 'timed_out_until'
Ignoring exception in on_member_update
Traceback (most recent call last):
  File "/usr/local/lib/python3.12/site-packages/discord/client.py", line 465, in _run_event
    await coro(*args, **kwargs)
  File "/app/asu_discord/cogs/analytics.py", line 652, in on_member_update
    before_timeout = before.timed_out_until
                     ^^^^^^^^^^^^^^^^^^^^^^
AttributeError: 'Member' object has no attribute 'timed_out_until'
Ignoring exception in on_member_update
Traceback (most recent call last):
  File "/usr/local/lib/python3.12/site-packages/discord/client.py", line 465, in _run_event
    await coro(*args, **kwargs)
  File "/app/asu_discord/cogs/analytics.py", line 652, in on_member_update
    before_timeout = before.timed_out_until
                     ^^^^^^^^^^^^^^^^^^^^^^
AttributeError: 'Member' object has no attribute 'timed_out_until'
INFO:asu_discord.cogs.verification:Saved 5 roles to database for user khasan15 (Discord ID: 1506581565906354338)
INFO:asu_discord.cogs.verification:Refreshed Salesforce roles for Discord user 1506581565906354338: -4/+5 roles, assigned=[Commited, International Student, Ira A. Fulton Schools of Engineering, Tempe, Transfer Student]
Ignoring exception in on_member_update
Traceback (most recent call last):
  File "/usr/local/lib/python3.12/site-packages/discord/client.py", line 465, in _run_event
    await coro(*args, **kwargs)
  File "/app/asu_discord/cogs/analytics.py", line 652, in on_member_update
    before_timeout = before.timed_out_until
                     ^^^^^^^^^^^^^^^^^^^^^^
AttributeError: 'Member' object has no attribute 'timed_out_until'
Ignoring exception in on_member_update
Traceback (most recent call last):
  File "/usr/local/lib/python3.12/site-packages/discord/client.py", line 465, in _run_event
    await coro(*args, **kwargs)
  File "/app/asu_discord/cogs/analytics.py", line 652, in on_member_update
    before_timeout = before.timed_out_until
                     ^^^^^^^^^^^^^^^^^^^^^^
AttributeError: 'Member' object has no attribute 'timed_out_until'
Ignoring exception in on_member_update
Traceback (most recent call last):
  File "/usr/local/lib/python3.12/site-packages/discord/client.py", line 465, in _run_event
    await coro(*args, **kwargs)
  File "/app/asu_discord/cogs/analytics.py", line 652, in on_member_update
    before_timeout = before.timed_out_until
                     ^^^^^^^^^^^^^^^^^^^^^^
AttributeError: 'Member' object has no attribute 'timed_out_until'
Ignoring exception in on_member_update
Traceback (most recent call last):
  File "/usr/local/lib/python3.12/site-packages/discord/client.py", line 465, in _run_event
    await coro(*args, **kwargs)
  File "/app/asu_discord/cogs/analytics.py", line 652, in on_member_update
    before_timeout = before.timed_out_until
                     ^^^^^^^^^^^^^^^^^^^^^^
AttributeError: 'Member' object has no attribute 'timed_out_until'
Ignoring exception in on_member_update
Traceback (most recent call last):
  File "/usr/local/lib/python3.12/site-packages/discord/client.py", line 465, in _run_event
    await coro(*args, **kwargs)
  File "/app/asu_discord/cogs/analytics.py", line 652, in on_member_update
    before_timeout = before.timed_out_until
                     ^^^^^^^^^^^^^^^^^^^^^^
AttributeError: 'Member' object has no attribute 'timed_out_until'
Ignoring exception in on_member_update
Traceback (most recent call last):
  File "/usr/local/lib/python3.12/site-packages/discord/client.py", line 465, in _run_event
    await coro(*args, **kwargs)
  File "/app/asu_discord/cogs/analytics.py", line 652, in on_member_update
    before_timeout = before.timed_out_until
                     ^^^^^^^^^^^^^^^^^^^^^^
AttributeError: 'Member' object has no attribute 'timed_out_until'
Ignoring exception in on_member_update
Traceback (most recent call last):
  File "/usr/local/lib/python3.12/site-packages/discord/client.py", line 465, in _run_event
    await coro(*args, **kwargs)
  File "/app/asu_discord/cogs/analytics.py", line 652, in on_member_update
    before_timeout = before.timed_out_until
                     ^^^^^^^^^^^^^^^^^^^^^^
AttributeError: 'Member' object has no attribute 'timed_out_until'
Ignoring exception in on_member_update
Traceback (most recent call last):
  File "/usr/local/lib/python3.12/site-packages/discord/client.py", line 465, in _run_event
    await coro(*args, **kwargs)
  File "/app/asu_discord/cogs/analytics.py", line 652, in on_member_update
    before_timeout = before.timed_out_until
                     ^^^^^^^^^^^^^^^^^^^^^^
AttributeError: 'Member' object has no attribute 'timed_out_until'
Ignoring exception in on_member_update
Traceback (most recent call last):
  File "/usr/local/lib/python3.12/site-packages/discord/client.py", line 465, in _run_event
    await coro(*args, **kwargs)
  File "/app/asu_discord/cogs/analytics.py", line 652, in on_member_update
    before_timeout = before.timed_out_until
                     ^^^^^^^^^^^^^^^^^^^^^^
AttributeError: 'Member' object has no attribute 'timed_out_until'
Ignoring exception in on_member_update
Traceback (most recent call last):
  File "/usr/local/lib/python3.12/site-packages/discord/client.py", line 465, in _run_event
    await coro(*args, **kwargs)
  File "/app/asu_discord/cogs/analytics.py", line 652, in on_member_update
    before_timeout = before.timed_out_until
                     ^^^^^^^^^^^^^^^^^^^^^^
AttributeError: 'Member' object has no attribute 'timed_out_until'
INFO:asu_discord.cogs.verification:Saved 5 roles to database for user ihench (Discord ID: 1506337064122056920)
INFO:asu_discord.cogs.verification:Refreshed Salesforce roles for Discord user 1506337064122056920: -5/+5 roles, assigned=[College of Liberal Arts and Sciences, Commited, First Year, Out of State, Tempe]
Ignoring exception in on_member_update
Traceback (most recent call last):
  File "/usr/local/lib/python3.12/site-packages/discord/client.py", line 465, in _run_event
    await coro(*args, **kwargs)
  File "/app/asu_discord/cogs/analytics.py", line 652, in on_member_update
    before_timeout = before.timed_out_until
                     ^^^^^^^^^^^^^^^^^^^^^^
AttributeError: 'Member' object has no attribute 'timed_out_until'
Ignoring exception in on_member_update
Traceback (most recent call last):
  File "/usr/local/lib/python3.12/site-packages/discord/client.py", line 465, in _run_event
    await coro(*args, **kwargs)
  File "/app/asu_discord/cogs/analytics.py", line 652, in on_member_update
    before_timeout = before.timed_out_until
                     ^^^^^^^^^^^^^^^^^^^^^^
AttributeError: 'Member' object has no attribute 'timed_out_until'
Ignoring exception in on_member_update
Traceback (most recent call last):
  File "/usr/local/lib/python3.12/site-packages/discord/client.py", line 465, in _run_event
    await coro(*args, **kwargs)
  File "/app/asu_discord/cogs/analytics.py", line 652, in on_member_update
    before_timeout = before.timed_out_until
                     ^^^^^^^^^^^^^^^^^^^^^^
AttributeError: 'Member' object has no attribute 'timed_out_until'
Ignoring exception in on_member_update
Traceback (most recent call last):
  File "/usr/local/lib/python3.12/site-packages/discord/client.py", line 465, in _run_event
    await coro(*args, **kwargs)
  File "/app/asu_discord/cogs/analytics.py", line 652, in on_member_update
    before_timeout = before.timed_out_until
                     ^^^^^^^^^^^^^^^^^^^^^^
AttributeError: 'Member' object has no attribute 'timed_out_until'
Ignoring exception in on_member_update
Traceback (most recent call last):
  File "/usr/local/lib/python3.12/site-packages/discord/client.py", line 465, in _run_event
    await coro(*args, **kwargs)
  File "/app/asu_discord/cogs/analytics.py", line 652, in on_member_update
    before_timeout = before.timed_out_until
                     ^^^^^^^^^^^^^^^^^^^^^^
AttributeError: 'Member' object has no attribute 'timed_out_until'
Ignoring exception in on_member_update
Traceback (most recent call last):
  File "/usr/local/lib/python3.12/site-packages/discord/client.py", line 465, in _run_event
    await coro(*args, **kwargs)
  File "/app/asu_discord/cogs/analytics.py", line 652, in on_member_update
    before_timeout = before.timed_out_until
                     ^^^^^^^^^^^^^^^^^^^^^^
AttributeError: 'Member' object has no attribute 'timed_out_until'
Ignoring exception in on_member_update
Traceback (most recent call last):
  File "/usr/local/lib/python3.12/site-packages/discord/client.py", line 465, in _run_event
    await coro(*args, **kwargs)
  File "/app/asu_discord/cogs/analytics.py", line 652, in on_member_update
    before_timeout = before.timed_out_until
                     ^^^^^^^^^^^^^^^^^^^^^^
AttributeError: 'Member' object has no attribute 'timed_out_until'
Ignoring exception in on_member_update
Traceback (most recent call last):
  File "/usr/local/lib/python3.12/site-packages/discord/client.py", line 465, in _run_event
    await coro(*args, **kwargs)
  File "/app/asu_discord/cogs/analytics.py", line 652, in on_member_update
    before_timeout = before.timed_out_until
                     ^^^^^^^^^^^^^^^^^^^^^^
AttributeError: 'Member' object has no attribute 'timed_out_until'
Ignoring exception in on_member_update
Traceback (most recent call last):
  File "/usr/local/lib/python3.12/site-packages/discord/client.py", line 465, in _run_event
    await coro(*args, **kwargs)
  File "/app/asu_discord/cogs/analytics.py", line 652, in on_member_update
    before_timeout = before.timed_out_until
                     ^^^^^^^^^^^^^^^^^^^^^^
AttributeError: 'Member' object has no attribute 'timed_out_until'
Ignoring exception in on_member_update
Traceback (most recent call last):
  File "/usr/local/lib/python3.12/site-packages/discord/client.py", line 465, in _run_event
    await coro(*args, **kwargs)
  File "/app/asu_discord/cogs/analytics.py", line 652, in on_member_update
    before_timeout = before.timed_out_until
                     ^^^^^^^^^^^^^^^^^^^^^^
AttributeError: 'Member' object has no attribute 'timed_out_until'
Ignoring exception in on_member_update
Traceback (most recent call last):
  File "/usr/local/lib/python3.12/site-packages/discord/client.py", line 465, in _run_event
    await coro(*args, **kwargs)
  File "/app/asu_discord/cogs/analytics.py", line 652, in on_member_update
    before_timeout = before.timed_out_until
                     ^^^^^^^^^^^^^^^^^^^^^^
AttributeError: 'Member' object has no attribute 'timed_out_until'
ERROR:cron.jobs:refresh_salesforce_roles: failed for rduarte8 (Discord ID 709859065664241776): Timed out refresh Salesforce-based roles
Ignoring exception in on_member_update
Traceback (most recent call last):
  File "/usr/local/lib/python3.12/site-packages/discord/client.py", line 465, in _run_event
    await coro(*args, **kwargs)
  File "/app/asu_discord/cogs/analytics.py", line 652, in on_member_update
    before_timeout = before.timed_out_until
                     ^^^^^^^^^^^^^^^^^^^^^^
AttributeError: 'Member' object has no attribute 'timed_out_until'
Ignoring exception in on_member_update
Traceback (most recent call last):
  File "/usr/local/lib/python3.12/site-packages/discord/client.py", line 465, in _run_event
    await coro(*args, **kwargs)
  File "/app/asu_discord/cogs/analytics.py", line 652, in on_member_update
    before_timeout = before.timed_out_until
                     ^^^^^^^^^^^^^^^^^^^^^^
AttributeError: 'Member' object has no attribute 'timed_out_until'
Ignoring exception in on_member_update
Traceback (most recent call last):
  File "/usr/local/lib/python3.12/site-packages/discord/client.py", line 465, in _run_event
    await coro(*args, **kwargs)
  File "/app/asu_discord/cogs/analytics.py", line 652, in on_member_update
    before_timeout = before.timed_out_until
                     ^^^^^^^^^^^^^^^^^^^^^^
AttributeError: 'Member' object has no attribute 'timed_out_until'
Ignoring exception in on_member_update
Traceback (most recent call last):
  File "/usr/local/lib/python3.12/site-packages/discord/client.py", line 465, in _run_event
    await coro(*args, **kwargs)
  File "/app/asu_discord/cogs/analytics.py", line 652, in on_member_update
    before_timeout = before.timed_out_until
                     ^^^^^^^^^^^^^^^^^^^^^^
AttributeError: 'Member' object has no attribute 'timed_out_until'
Ignoring exception in on_member_update
Traceback (most recent call last):
  File "/usr/local/lib/python3.12/site-packages/discord/client.py", line 465, in _run_event
    await coro(*args, **kwargs)
  File "/app/asu_discord/cogs/analytics.py", line 652, in on_member_update
    before_timeout = before.timed_out_until
                     ^^^^^^^^^^^^^^^^^^^^^^
AttributeError: 'Member' object has no attribute 'timed_out_until'
Ignoring exception in on_member_update
Traceback (most recent call last):
  File "/usr/local/lib/python3.12/site-packages/discord/client.py", line 465, in _run_event
    await coro(*args, **kwargs)
  File "/app/asu_discord/cogs/analytics.py", line 652, in on_member_update
    before_timeout = before.timed_out_until
                     ^^^^^^^^^^^^^^^^^^^^^^
AttributeError: 'Member' object has no attribute 'timed_out_until'
Ignoring exception in on_member_update
Traceback (most recent call last):
  File "/usr/local/lib/python3.12/site-packages/discord/client.py", line 465, in _run_event
    await coro(*args, **kwargs)
  File "/app/asu_discord/cogs/analytics.py", line 652, in on_member_update
    before_timeout = before.timed_out_until
                     ^^^^^^^^^^^^^^^^^^^^^^
AttributeError: 'Member' object has no attribute 'timed_out_until'
Ignoring exception in on_member_update
Traceback (most recent call last):
  File "/usr/local/lib/python3.12/site-packages/discord/client.py", line 465, in _run_event
    await coro(*args, **kwargs)
  File "/app/asu_discord/cogs/analytics.py", line 652, in on_member_update
    before_timeout = before.timed_out_until
                     ^^^^^^^^^^^^^^^^^^^^^^
AttributeError: 'Member' object has no attribute 'timed_out_until'
Ignoring exception in on_member_update
Traceback (most recent call last):
  File "/usr/local/lib/python3.12/site-packages/discord/client.py", line 465, in _run_event
    await coro(*args, **kwargs)
  File "/app/asu_discord/cogs/analytics.py", line 652, in on_member_update
    before_timeout = before.timed_out_until
                     ^^^^^^^^^^^^^^^^^^^^^^
AttributeError: 'Member' object has no attribute 'timed_out_until'
Ignoring exception in on_member_update
Traceback (most recent call last):
  File "/usr/local/lib/python3.12/site-packages/discord/client.py", line 465, in _run_event
    await coro(*args, **kwargs)
  File "/app/asu_discord/cogs/analytics.py", line 652, in on_member_update
    before_timeout = before.timed_out_until
                     ^^^^^^^^^^^^^^^^^^^^^^
AttributeError: 'Member' object has no attribute 'timed_out_until'
INFO:asu_discord.cogs.verification:Saved 5 roles to database for user mlfine1 (Discord ID: 1506745923596714044)
INFO:asu_discord.cogs.verification:Refreshed Salesforce roles for Discord user 1506745923596714044: -5/+5 roles, assigned=[Commited, Downtown Phoenix, Edson College of Nursing and Health Innovation, Out of State, Transfer Student]
Ignoring exception in on_member_update
Traceback (most recent call last):
  File "/usr/local/lib/python3.12/site-packages/discord/client.py", line 465, in _run_event
    await coro(*args, **kwargs)
  File "/app/asu_discord/cogs/analytics.py", line 652, in on_member_update
    before_timeout = before.timed_out_until
                     ^^^^^^^^^^^^^^^^^^^^^^
AttributeError: 'Member' object has no attribute 'timed_out_until'
Ignoring exception in on_member_update
Traceback (most recent call last):
  File "/usr/local/lib/python3.12/site-packages/discord/client.py", line 465, in _run_event
    await coro(*args, **kwargs)
  File "/app/asu_discord/cogs/analytics.py", line 652, in on_member_update
    before_timeout = before.timed_out_until
                     ^^^^^^^^^^^^^^^^^^^^^^
AttributeError: 'Member' object has no attribute 'timed_out_until'
Ignoring exception in on_member_update
Traceback (most recent call last):
  File "/usr/local/lib/python3.12/site-packages/discord/client.py", line 465, in _run_event
    await coro(*args, **kwargs)
  File "/app/asu_discord/cogs/analytics.py", line 652, in on_member_update
    before_timeout = before.timed_out_until
                     ^^^^^^^^^^^^^^^^^^^^^^
AttributeError: 'Member' object has no attribute 'timed_out_until'
Ignoring exception in on_member_update
Traceback (most recent call last):
  File "/usr/local/lib/python3.12/site-packages/discord/client.py", line 465, in _run_event
    await coro(*args, **kwargs)
  File "/app/asu_discord/cogs/analytics.py", line 652, in on_member_update
    before_timeout = before.timed_out_until
                     ^^^^^^^^^^^^^^^^^^^^^^
AttributeError: 'Member' object has no attribute 'timed_out_until'
Ignoring exception in on_member_update
Traceback (most recent call last):
  File "/usr/local/lib/python3.12/site-packages/discord/client.py", line 465, in _run_event
    await coro(*args, **kwargs)
  File "/app/asu_discord/cogs/analytics.py", line 652, in on_member_update
    before_timeout = before.timed_out_until
                     ^^^^^^^^^^^^^^^^^^^^^^
AttributeError: 'Member' object has no attribute 'timed_out_until'
Ignoring exception in on_member_update
Traceback (most recent call last):
  File "/usr/local/lib/python3.12/site-packages/discord/client.py", line 465, in _run_event
    await coro(*args, **kwargs)
  File "/app/asu_discord/cogs/analytics.py", line 652, in on_member_update
    before_timeout = before.timed_out_until
                     ^^^^^^^^^^^^^^^^^^^^^^
AttributeError: 'Member' object has no attribute 'timed_out_until'
Ignoring exception in on_member_update
Traceback (most recent call last):
  File "/usr/local/lib/python3.12/site-packages/discord/client.py", line 465, in _run_event
    await coro(*args, **kwargs)
  File "/app/asu_discord/cogs/analytics.py", line 652, in on_member_update
    before_timeout = before.timed_out_until
                     ^^^^^^^^^^^^^^^^^^^^^^
AttributeError: 'Member' object has no attribute 'timed_out_until'
Ignoring exception in on_member_update
Traceback (most recent call last):
  File "/usr/local/lib/python3.12/site-packages/discord/client.py", line 465, in _run_event
    await coro(*args, **kwargs)
  File "/app/asu_discord/cogs/analytics.py", line 652, in on_member_update
    before_timeout = before.timed_out_until
                     ^^^^^^^^^^^^^^^^^^^^^^
AttributeError: 'Member' object has no attribute 'timed_out_until'
Ignoring exception in on_member_update
Traceback (most recent call last):
  File "/usr/local/lib/python3.12/site-packages/discord/client.py", line 465, in _run_event
    await coro(*args, **kwargs)
  File "/app/asu_discord/cogs/analytics.py", line 652, in on_member_update
    before_timeout = before.timed_out_until
                     ^^^^^^^^^^^^^^^^^^^^^^
AttributeError: 'Member' object has no attribute 'timed_out_until'
Ignoring exception in on_member_update
Traceback (most recent call last):
  File "/usr/local/lib/python3.12/site-packages/discord/client.py", line 465, in _run_event
    await coro(*args, **kwargs)
  File "/app/asu_discord/cogs/analytics.py", line 652, in on_member_update
    before_timeout = before.timed_out_until
                     ^^^^^^^^^^^^^^^^^^^^^^
AttributeError: 'Member' object has no attribute 'timed_out_until'
INFO:asu_discord.cogs.verification:Saved 5 roles to database for user benolan2 (Discord ID: 724075376879468637)
INFO:asu_discord.cogs.verification:Refreshed Salesforce roles for Discord user 724075376879468637: -5/+5 roles, assigned=[Commited, First Year, Ira A. Fulton Schools of Engineering, Out of State, Polytechnic]
Ignoring exception in on_member_update
Traceback (most recent call last):
  File "/usr/local/lib/python3.12/site-packages/discord/client.py", line 465, in _run_event
    await coro(*args, **kwargs)
  File "/app/asu_discord/cogs/analytics.py", line 652, in on_member_update
    before_timeout = before.timed_out_until
                     ^^^^^^^^^^^^^^^^^^^^^^
AttributeError: 'Member' object has no attribute 'timed_out_until'
Ignoring exception in on_member_update
Traceback (most recent call last):
  File "/usr/local/lib/python3.12/site-packages/discord/client.py", line 465, in _run_event
    await coro(*args, **kwargs)
  File "/app/asu_discord/cogs/analytics.py", line 652, in on_member_update
    before_timeout = before.timed_out_until
                     ^^^^^^^^^^^^^^^^^^^^^^
AttributeError: 'Member' object has no attribute 'timed_out_until'
Ignoring exception in on_member_update
Traceback (most recent call last):
  File "/usr/local/lib/python3.12/site-packages/discord/client.py", line 465, in _run_event
    await coro(*args, **kwargs)
  File "/app/asu_discord/cogs/analytics.py", line 652, in on_member_update
    before_timeout = before.timed_out_until
                     ^^^^^^^^^^^^^^^^^^^^^^
AttributeError: 'Member' object has no attribute 'timed_out_until'
Ignoring exception in on_member_update
Traceback (most recent call last):
  File "/usr/local/lib/python3.12/site-packages/discord/client.py", line 465, in _run_event
    await coro(*args, **kwargs)
  File "/app/asu_discord/cogs/analytics.py", line 652, in on_member_update
    before_timeout = before.timed_out_until
                     ^^^^^^^^^^^^^^^^^^^^^^
AttributeError: 'Member' object has no attribute 'timed_out_until'
Ignoring exception in on_member_update
Traceback (most recent call last):
  File "/usr/local/lib/python3.12/site-packages/discord/client.py", line 465, in _run_event
    await coro(*args, **kwargs)
  File "/app/asu_discord/cogs/analytics.py", line 652, in on_member_update
    before_timeout = before.timed_out_until
                     ^^^^^^^^^^^^^^^^^^^^^^
AttributeError: 'Member' object has no attribute 'timed_out_until'
Ignoring exception in on_member_update
Traceback (most recent call last):
  File "/usr/local/lib/python3.12/site-packages/discord/client.py", line 465, in _run_event
    await coro(*args, **kwargs)
  File "/app/asu_discord/cogs/analytics.py", line 652, in on_member_update
    before_timeout = before.timed_out_until
                     ^^^^^^^^^^^^^^^^^^^^^^
AttributeError: 'Member' object has no attribute 'timed_out_until'
Ignoring exception in on_member_update
Traceback (most recent call last):
  File "/usr/local/lib/python3.12/site-packages/discord/client.py", line 465, in _run_event
    await coro(*args, **kwargs)
  File "/app/asu_discord/cogs/analytics.py", line 652, in on_member_update
    before_timeout = before.timed_out_until
                     ^^^^^^^^^^^^^^^^^^^^^^
AttributeError: 'Member' object has no attribute 'timed_out_until'
Ignoring exception in on_member_update
Traceback (most recent call last):
  File "/usr/local/lib/python3.12/site-packages/discord/client.py", line 465, in _run_event
    await coro(*args, **kwargs)
  File "/app/asu_discord/cogs/analytics.py", line 652, in on_member_update
    before_timeout = before.timed_out_until
                     ^^^^^^^^^^^^^^^^^^^^^^
AttributeError: 'Member' object has no attribute 'timed_out_until'
INFO:asu_discord.cogs.verification:Saved 4 roles to database for user dlee209 (Discord ID: 550581027060318241)
INFO:asu_discord.cogs.verification:Refreshed Salesforce roles for Discord user 550581027060318241: -4/+4 roles, assigned=[Graduate Student, Ira A. Fulton Schools of Engineering, Out of State, Tempe]
Ignoring exception in on_member_update
Traceback (most recent call last):
  File "/usr/local/lib/python3.12/site-packages/discord/client.py", line 465, in _run_event
    await coro(*args, **kwargs)
  File "/app/asu_discord/cogs/analytics.py", line 652, in on_member_update
    before_timeout = before.timed_out_until
                     ^^^^^^^^^^^^^^^^^^^^^^
AttributeError: 'Member' object has no attribute 'timed_out_until'
Ignoring exception in on_member_update
Traceback (most recent call last):
  File "/usr/local/lib/python3.12/site-packages/discord/client.py", line 465, in _run_event
    await coro(*args, **kwargs)
  File "/app/asu_discord/cogs/analytics.py", line 652, in on_member_update
    before_timeout = before.timed_out_until
                     ^^^^^^^^^^^^^^^^^^^^^^
AttributeError: 'Member' object has no attribute 'timed_out_until'
Ignoring exception in on_member_update
Traceback (most recent call last):
  File "/usr/local/lib/python3.12/site-packages/discord/client.py", line 465, in _run_event
    await coro(*args, **kwargs)
  File "/app/asu_discord/cogs/analytics.py", line 652, in on_member_update
    before_timeout = before.timed_out_until
                     ^^^^^^^^^^^^^^^^^^^^^^
AttributeError: 'Member' object has no attribute 'timed_out_until'
Ignoring exception in on_member_update
Traceback (most recent call last):
  File "/usr/local/lib/python3.12/site-packages/discord/client.py", line 465, in _run_event
    await coro(*args, **kwargs)
  File "/app/asu_discord/cogs/analytics.py", line 652, in on_member_update
    before_timeout = before.timed_out_until
                     ^^^^^^^^^^^^^^^^^^^^^^
AttributeError: 'Member' object has no attribute 'timed_out_until'
Ignoring exception in on_member_update
Traceback (most recent call last):
  File "/usr/local/lib/python3.12/site-packages/discord/client.py", line 465, in _run_event
    await coro(*args, **kwargs)
  File "/app/asu_discord/cogs/analytics.py", line 652, in on_member_update
    before_timeout = before.timed_out_until
                     ^^^^^^^^^^^^^^^^^^^^^^
AttributeError: 'Member' object has no attribute 'timed_out_until'
Ignoring exception in on_member_update
Traceback (most recent call last):
  File "/usr/local/lib/python3.12/site-packages/discord/client.py", line 465, in _run_event
    await coro(*args, **kwargs)
  File "/app/asu_discord/cogs/analytics.py", line 652, in on_member_update
    before_timeout = before.timed_out_until
                     ^^^^^^^^^^^^^^^^^^^^^^
AttributeError: 'Member' object has no attribute 'timed_out_until'
Ignoring exception in on_member_update
Traceback (most recent call last):
  File "/usr/local/lib/python3.12/site-packages/discord/client.py", line 465, in _run_event
    await coro(*args, **kwargs)
  File "/app/asu_discord/cogs/analytics.py", line 652, in on_member_update
    before_timeout = before.timed_out_until
                     ^^^^^^^^^^^^^^^^^^^^^^
AttributeError: 'Member' object has no attribute 'timed_out_until'
Ignoring exception in on_member_update
Traceback (most recent call last):
  File "/usr/local/lib/python3.12/site-packages/discord/client.py", line 465, in _run_event
    await coro(*args, **kwargs)
  File "/app/asu_discord/cogs/analytics.py", line 652, in on_member_update
    before_timeout = before.timed_out_until
                     ^^^^^^^^^^^^^^^^^^^^^^
AttributeError: 'Member' object has no attribute 'timed_out_until'
Ignoring exception in on_member_update
Traceback (most recent call last):
  File "/usr/local/lib/python3.12/site-packages/discord/client.py", line 465, in _run_event
    await coro(*args, **kwargs)
  File "/app/asu_discord/cogs/analytics.py", line 652, in on_member_update
    before_timeout = before.timed_out_until
                     ^^^^^^^^^^^^^^^^^^^^^^
AttributeError: 'Member' object has no attribute 'timed_out_until'
Ignoring exception in on_member_update
Traceback (most recent call last):
  File "/usr/local/lib/python3.12/site-packages/discord/client.py", line 465, in _run_event
    await coro(*args, **kwargs)
  File "/app/asu_discord/cogs/analytics.py", line 652, in on_member_update
    before_timeout = before.timed_out_until
                     ^^^^^^^^^^^^^^^^^^^^^^
AttributeError: 'Member' object has no attribute 'timed_out_until'
INFO:asu_discord.cogs.verification:Saved 5 roles to database for user dpena12 (Discord ID: 695359153153114144)
INFO:asu_discord.cogs.verification:Refreshed Salesforce roles for Discord user 695359153153114144: -5/+5 roles, assigned=[College of Liberal Arts and Sciences, First Generation Student, Graduate Student, Online, Out of State]
ERROR:cron.jobs:refresh_salesforce_roles: failed for jfoste78 (Discord ID 367426660187897876): Failed to refresh Salesforce-based roles: Discord user 367426660187897876 is not a member of the guild
Ignoring exception in on_member_update
Traceback (most recent call last):
  File "/usr/local/lib/python3.12/site-packages/discord/client.py", line 465, in _run_event
    await coro(*args, **kwargs)
  File "/app/asu_discord/cogs/analytics.py", line 652, in on_member_update
    before_timeout = before.timed_out_until
                     ^^^^^^^^^^^^^^^^^^^^^^
AttributeError: 'Member' object has no attribute 'timed_out_until'
Ignoring exception in on_member_update
Traceback (most recent call last):
  File "/usr/local/lib/python3.12/site-packages/discord/client.py", line 465, in _run_event
    await coro(*args, **kwargs)
  File "/app/asu_discord/cogs/analytics.py", line 652, in on_member_update
    before_timeout = before.timed_out_until
                     ^^^^^^^^^^^^^^^^^^^^^^
AttributeError: 'Member' object has no attribute 'timed_out_until'
Ignoring exception in on_member_update
Traceback (most recent call last):
  File "/usr/local/lib/python3.12/site-packages/discord/client.py", line 465, in _run_event
    await coro(*args, **kwargs)
  File "/app/asu_discord/cogs/analytics.py", line 652, in on_member_update
    before_timeout = before.timed_out_until
                     ^^^^^^^^^^^^^^^^^^^^^^
AttributeError: 'Member' object has no attribute 'timed_out_until'
Ignoring exception in on_member_update
Traceback (most recent call last):
  File "/usr/local/lib/python3.12/site-packages/discord/client.py", line 465, in _run_event
    await coro(*args, **kwargs)
  File "/app/asu_discord/cogs/analytics.py", line 652, in on_member_update
    before_timeout = before.timed_out_until
                     ^^^^^^^^^^^^^^^^^^^^^^
AttributeError: 'Member' object has no attribute 'timed_out_until'
Ignoring exception in on_member_update
Traceback (most recent call last):
  File "/usr/local/lib/python3.12/site-packages/discord/client.py", line 465, in _run_event
    await coro(*args, **kwargs)
  File "/app/asu_discord/cogs/analytics.py", line 652, in on_member_update
    before_timeout = before.timed_out_until
                     ^^^^^^^^^^^^^^^^^^^^^^
AttributeError: 'Member' object has no attribute 'timed_out_until'
Ignoring exception in on_member_update
Traceback (most recent call last):
  File "/usr/local/lib/python3.12/site-packages/discord/client.py", line 465, in _run_event
    await coro(*args, **kwargs)
  File "/app/asu_discord/cogs/analytics.py", line 652, in on_member_update
    before_timeout = before.timed_out_until
                     ^^^^^^^^^^^^^^^^^^^^^^
AttributeError: 'Member' object has no attribute 'timed_out_until'
Ignoring exception in on_member_update
Traceback (most recent call last):
  File "/usr/local/lib/python3.12/site-packages/discord/client.py", line 465, in _run_event
    await coro(*args, **kwargs)
  File "/app/asu_discord/cogs/analytics.py", line 652, in on_member_update
    before_timeout = before.timed_out_until
                     ^^^^^^^^^^^^^^^^^^^^^^
AttributeError: 'Member' object has no attribute 'timed_out_until'
Ignoring exception in on_member_update
Traceback (most recent call last):
  File "/usr/local/lib/python3.12/site-packages/discord/client.py", line 465, in _run_event
    await coro(*args, **kwargs)
  File "/app/asu_discord/cogs/analytics.py", line 652, in on_member_update
    before_timeout = before.timed_out_until
                     ^^^^^^^^^^^^^^^^^^^^^^
AttributeError: 'Member' object has no attribute 'timed_out_until'
Ignoring exception in on_member_update
Traceback (most recent call last):
  File "/usr/local/lib/python3.12/site-packages/discord/client.py", line 465, in _run_event
    await coro(*args, **kwargs)
  File "/app/asu_discord/cogs/analytics.py", line 652, in on_member_update
    before_timeout = before.timed_out_until
                     ^^^^^^^^^^^^^^^^^^^^^^
AttributeError: 'Member' object has no attribute 'timed_out_until'
Ignoring exception in on_member_update
Traceback (most recent call last):
  File "/usr/local/lib/python3.12/site-packages/discord/client.py", line 465, in _run_event
    await coro(*args, **kwargs)
  File "/app/asu_discord/cogs/analytics.py", line 652, in on_member_update
    before_timeout = before.timed_out_until
                     ^^^^^^^^^^^^^^^^^^^^^^
AttributeError: 'Member' object has no attribute 'timed_out_until'
INFO:asu_discord.cogs.verification:Saved 5 roles to database for user rbanks19 (Discord ID: 1005856251042877564)
INFO:asu_discord.cogs.verification:Refreshed Salesforce roles for Discord user 1005856251042877564: -5/+5 roles, assigned=[Commited, Graduate Student, Ira A. Fulton Schools of Engineering, Out of State, Tempe]
Ignoring exception in on_member_update
Traceback (most recent call last):
  File "/usr/local/lib/python3.12/site-packages/discord/client.py", line 465, in _run_event
    await coro(*args, **kwargs)
  File "/app/asu_discord/cogs/analytics.py", line 652, in on_member_update
    before_timeout = before.timed_out_until
                     ^^^^^^^^^^^^^^^^^^^^^^
AttributeError: 'Member' object has no attribute 'timed_out_until'
Ignoring exception in on_member_update
Traceback (most recent call last):
  File "/usr/local/lib/python3.12/site-packages/discord/client.py", line 465, in _run_event
    await coro(*args, **kwargs)
  File "/app/asu_discord/cogs/analytics.py", line 652, in on_member_update
    before_timeout = before.timed_out_until
                     ^^^^^^^^^^^^^^^^^^^^^^
AttributeError: 'Member' object has no attribute 'timed_out_until'
Ignoring exception in on_member_update
Traceback (most recent call last):
  File "/usr/local/lib/python3.12/site-packages/discord/client.py", line 465, in _run_event
    await coro(*args, **kwargs)
  File "/app/asu_discord/cogs/analytics.py", line 652, in on_member_update
    before_timeout = before.timed_out_until
                     ^^^^^^^^^^^^^^^^^^^^^^
AttributeError: 'Member' object has no attribute 'timed_out_until'
Ignoring exception in on_member_update
Traceback (most recent call last):
  File "/usr/local/lib/python3.12/site-packages/discord/client.py", line 465, in _run_event
    await coro(*args, **kwargs)
  File "/app/asu_discord/cogs/analytics.py", line 652, in on_member_update
    before_timeout = before.timed_out_until
                     ^^^^^^^^^^^^^^^^^^^^^^
AttributeError: 'Member' object has no attribute 'timed_out_until'
Ignoring exception in on_member_update
Traceback (most recent call last):
  File "/usr/local/lib/python3.12/site-packages/discord/client.py", line 465, in _run_event
    await coro(*args, **kwargs)
  File "/app/asu_discord/cogs/analytics.py", line 652, in on_member_update
    before_timeout = before.timed_out_until
                     ^^^^^^^^^^^^^^^^^^^^^^
AttributeError: 'Member' object has no attribute 'timed_out_until'
Ignoring exception in on_member_update
Traceback (most recent call last):
  File "/usr/local/lib/python3.12/site-packages/discord/client.py", line 465, in _run_event
    await coro(*args, **kwargs)
  File "/app/asu_discord/cogs/analytics.py", line 652, in on_member_update
    before_timeout = before.timed_out_until
                     ^^^^^^^^^^^^^^^^^^^^^^
AttributeError: 'Member' object has no attribute 'timed_out_until'
INFO:asu_discord.cogs.verification:Saved 3 roles to database for user cwrawls (Discord ID: 648696982805938187)
INFO:asu_discord.cogs.verification:Refreshed Salesforce roles for Discord user 648696982805938187: -3/+3 roles, assigned=[Arizona Resident, Graduate Student, Online]
Ignoring exception in on_member_update
Traceback (most recent call last):
  File "/usr/local/lib/python3.12/site-packages/discord/client.py", line 465, in _run_event
    await coro(*args, **kwargs)
  File "/app/asu_discord/cogs/analytics.py", line 652, in on_member_update
    before_timeout = before.timed_out_until
                     ^^^^^^^^^^^^^^^^^^^^^^
AttributeError: 'Member' object has no attribute 'timed_out_until'
Ignoring exception in on_member_update
Traceback (most recent call last):
  File "/usr/local/lib/python3.12/site-packages/discord/client.py", line 465, in _run_event
    await coro(*args, **kwargs)
  File "/app/asu_discord/cogs/analytics.py", line 652, in on_member_update
    before_timeout = before.timed_out_until
                     ^^^^^^^^^^^^^^^^^^^^^^
AttributeError: 'Member' object has no attribute 'timed_out_until'
Ignoring exception in on_member_update
Traceback (most recent call last):
  File "/usr/local/lib/python3.12/site-packages/discord/client.py", line 465, in _run_event
    await coro(*args, **kwargs)
  File "/app/asu_discord/cogs/analytics.py", line 652, in on_member_update
    before_timeout = before.timed_out_until
                     ^^^^^^^^^^^^^^^^^^^^^^
AttributeError: 'Member' object has no attribute 'timed_out_until'
Ignoring exception in on_member_update
Traceback (most recent call last):
  File "/usr/local/lib/python3.12/site-packages/discord/client.py", line 465, in _run_event
    await coro(*args, **kwargs)
  File "/app/asu_discord/cogs/analytics.py", line 652, in on_member_update
    before_timeout = before.timed_out_until
                     ^^^^^^^^^^^^^^^^^^^^^^
AttributeError: 'Member' object has no attribute 'timed_out_until'
Ignoring exception in on_member_update
Traceback (most recent call last):
  File "/usr/local/lib/python3.12/site-packages/discord/client.py", line 465, in _run_event
    await coro(*args, **kwargs)
  File "/app/asu_discord/cogs/analytics.py", line 652, in on_member_update
    before_timeout = before.timed_out_until
                     ^^^^^^^^^^^^^^^^^^^^^^
AttributeError: 'Member' object has no attribute 'timed_out_until'
Ignoring exception in on_member_update
Traceback (most recent call last):
  File "/usr/local/lib/python3.12/site-packages/discord/client.py", line 465, in _run_event
    await coro(*args, **kwargs)
  File "/app/asu_discord/cogs/analytics.py", line 652, in on_member_update
    before_timeout = before.timed_out_until
                     ^^^^^^^^^^^^^^^^^^^^^^
AttributeError: 'Member' object has no attribute 'timed_out_until'
Ignoring exception in on_member_update
Traceback (most recent call last):
  File "/usr/local/lib/python3.12/site-packages/discord/client.py", line 465, in _run_event
    await coro(*args, **kwargs)
  File "/app/asu_discord/cogs/analytics.py", line 652, in on_member_update
    before_timeout = before.timed_out_until
                     ^^^^^^^^^^^^^^^^^^^^^^
AttributeError: 'Member' object has no attribute 'timed_out_until'
Ignoring exception in on_member_update
Traceback (most recent call last):
  File "/usr/local/lib/python3.12/site-packages/discord/client.py", line 465, in _run_event
    await coro(*args, **kwargs)
  File "/app/asu_discord/cogs/analytics.py", line 652, in on_member_update
    before_timeout = before.timed_out_until
                     ^^^^^^^^^^^^^^^^^^^^^^
AttributeError: 'Member' object has no attribute 'timed_out_until'
INFO:asu_discord.cogs.verification:Saved 4 roles to database for user wwitmer (Discord ID: 130153105638686720)
INFO:asu_discord.cogs.verification:Refreshed Salesforce roles for Discord user 130153105638686720: -4/+4 roles, assigned=[Arizona Resident, Graduate Student, Tempe, W.P. Carey School of Business]
Ignoring exception in on_member_update
Traceback (most recent call last):
  File "/usr/local/lib/python3.12/site-packages/discord/client.py", line 465, in _run_event
    await coro(*args, **kwargs)
  File "/app/asu_discord/cogs/analytics.py", line 652, in on_member_update
    before_timeout = before.timed_out_until
                     ^^^^^^^^^^^^^^^^^^^^^^
AttributeError: 'Member' object has no attribute 'timed_out_until'
Ignoring exception in on_member_update
Traceback (most recent call last):
  File "/usr/local/lib/python3.12/site-packages/discord/client.py", line 465, in _run_event
    await coro(*args, **kwargs)
  File "/app/asu_discord/cogs/analytics.py", line 652, in on_member_update
    before_timeout = before.timed_out_until
                     ^^^^^^^^^^^^^^^^^^^^^^
AttributeError: 'Member' object has no attribute 'timed_out_until'
Ignoring exception in on_member_update
Traceback (most recent call last):
  File "/usr/local/lib/python3.12/site-packages/discord/client.py", line 465, in _run_event
    await coro(*args, **kwargs)
  File "/app/asu_discord/cogs/analytics.py", line 652, in on_member_update
    before_timeout = before.timed_out_until
                     ^^^^^^^^^^^^^^^^^^^^^^
AttributeError: 'Member' object has no attribute 'timed_out_until'
Ignoring exception in on_member_update
Traceback (most recent call last):
  File "/usr/local/lib/python3.12/site-packages/discord/client.py", line 465, in _run_event
    await coro(*args, **kwargs)
  File "/app/asu_discord/cogs/analytics.py", line 652, in on_member_update
    before_timeout = before.timed_out_until
                     ^^^^^^^^^^^^^^^^^^^^^^
AttributeError: 'Member' object has no attribute 'timed_out_until'
Ignoring exception in on_member_update
Traceback (most recent call last):
  File "/usr/local/lib/python3.12/site-packages/discord/client.py", line 465, in _run_event
    await coro(*args, **kwargs)
  File "/app/asu_discord/cogs/analytics.py", line 652, in on_member_update
    before_timeout = before.timed_out_until
                     ^^^^^^^^^^^^^^^^^^^^^^
AttributeError: 'Member' object has no attribute 'timed_out_until'
Ignoring exception in on_member_update
Traceback (most recent call last):
  File "/usr/local/lib/python3.12/site-packages/discord/client.py", line 465, in _run_event
    await coro(*args, **kwargs)
  File "/app/asu_discord/cogs/analytics.py", line 652, in on_member_update
    before_timeout = before.timed_out_until
                     ^^^^^^^^^^^^^^^^^^^^^^
AttributeError: 'Member' object has no attribute 'timed_out_until'
Ignoring exception in on_member_update
Traceback (most recent call last):
  File "/usr/local/lib/python3.12/site-packages/discord/client.py", line 465, in _run_event
    await coro(*args, **kwargs)
  File "/app/asu_discord/cogs/analytics.py", line 652, in on_member_update
    before_timeout = before.timed_out_until
                     ^^^^^^^^^^^^^^^^^^^^^^
AttributeError: 'Member' object has no attribute 'timed_out_until'
Ignoring exception in on_member_update
Traceback (most recent call last):
  File "/usr/local/lib/python3.12/site-packages/discord/client.py", line 465, in _run_event
    await coro(*args, **kwargs)
  File "/app/asu_discord/cogs/analytics.py", line 652, in on_member_update
    before_timeout = before.timed_out_until
                     ^^^^^^^^^^^^^^^^^^^^^^
AttributeError: 'Member' object has no attribute 'timed_out_until'
Ignoring exception in on_member_update
Traceback (most recent call last):
  File "/usr/local/lib/python3.12/site-packages/discord/client.py", line 465, in _run_event
    await coro(*args, **kwargs)
  File "/app/asu_discord/cogs/analytics.py", line 652, in on_member_update
    before_timeout = before.timed_out_until
                     ^^^^^^^^^^^^^^^^^^^^^^
AttributeError: 'Member' object has no attribute 'timed_out_until'
Ignoring exception in on_member_update
Traceback (most recent call last):
  File "/usr/local/lib/python3.12/site-packages/discord/client.py", line 465, in _run_event
    await coro(*args, **kwargs)
  File "/app/asu_discord/cogs/analytics.py", line 652, in on_member_update
    before_timeout = before.timed_out_until
                     ^^^^^^^^^^^^^^^^^^^^^^
AttributeError: 'Member' object has no attribute 'timed_out_until'
INFO:asu_discord.cogs.verification:Saved 5 roles to database for user egbrock2 (Discord ID: 395720928123944962)
INFO:asu_discord.cogs.verification:Refreshed Salesforce roles for Discord user 395720928123944962: -5/+5 roles, assigned=[Arizona Resident, College of Liberal Arts and Sciences, Commited, Online, Transfer Student]
ERROR:cron.jobs:refresh_salesforce_roles: failed for apaulec (Discord ID 762137151893667861): Failed to refresh Salesforce-based roles: Discord user 762137151893667861 is not a member of the guild
Ignoring exception in on_member_update
Traceback (most recent call last):
  File "/usr/local/lib/python3.12/site-packages/discord/client.py", line 465, in _run_event
    await coro(*args, **kwargs)
  File "/app/asu_discord/cogs/analytics.py", line 652, in on_member_update
    before_timeout = before.timed_out_until
                     ^^^^^^^^^^^^^^^^^^^^^^
AttributeError: 'Member' object has no attribute 'timed_out_until'
Ignoring exception in on_member_update
Traceback (most recent call last):
  File "/usr/local/lib/python3.12/site-packages/discord/client.py", line 465, in _run_event
    await coro(*args, **kwargs)
  File "/app/asu_discord/cogs/analytics.py", line 652, in on_member_update
    before_timeout = before.timed_out_until
                     ^^^^^^^^^^^^^^^^^^^^^^
AttributeError: 'Member' object has no attribute 'timed_out_until'
Ignoring exception in on_member_update
Traceback (most recent call last):
  File "/usr/local/lib/python3.12/site-packages/discord/client.py", line 465, in _run_event
    await coro(*args, **kwargs)
  File "/app/asu_discord/cogs/analytics.py", line 652, in on_member_update
    before_timeout = before.timed_out_until
                     ^^^^^^^^^^^^^^^^^^^^^^
AttributeError: 'Member' object has no attribute 'timed_out_until'
Ignoring exception in on_member_update
Traceback (most recent call last):
  File "/usr/local/lib/python3.12/site-packages/discord/client.py", line 465, in _run_event
    await coro(*args, **kwargs)
  File "/app/asu_discord/cogs/analytics.py", line 652, in on_member_update
    before_timeout = before.timed_out_until
                     ^^^^^^^^^^^^^^^^^^^^^^
AttributeError: 'Member' object has no attribute 'timed_out_until'
Ignoring exception in on_member_update
Traceback (most recent call last):
  File "/usr/local/lib/python3.12/site-packages/discord/client.py", line 465, in _run_event
    await coro(*args, **kwargs)
  File "/app/asu_discord/cogs/analytics.py", line 652, in on_member_update
    before_timeout = before.timed_out_until
                     ^^^^^^^^^^^^^^^^^^^^^^
AttributeError: 'Member' object has no attribute 'timed_out_until'
Ignoring exception in on_member_update
Traceback (most recent call last):
  File "/usr/local/lib/python3.12/site-packages/discord/client.py", line 465, in _run_event
    await coro(*args, **kwargs)
  File "/app/asu_discord/cogs/analytics.py", line 652, in on_member_update
    before_timeout = before.timed_out_until
                     ^^^^^^^^^^^^^^^^^^^^^^
AttributeError: 'Member' object has no attribute 'timed_out_until'
Ignoring exception in on_member_update
Traceback (most recent call last):
  File "/usr/local/lib/python3.12/site-packages/discord/client.py", line 465, in _run_event
    await coro(*args, **kwargs)
  File "/app/asu_discord/cogs/analytics.py", line 652, in on_member_update
    before_timeout = before.timed_out_until
                     ^^^^^^^^^^^^^^^^^^^^^^
AttributeError: 'Member' object has no attribute 'timed_out_until'
Ignoring exception in on_member_update
Traceback (most recent call last):
  File "/usr/local/lib/python3.12/site-packages/discord/client.py", line 465, in _run_event
    await coro(*args, **kwargs)
  File "/app/asu_discord/cogs/analytics.py", line 652, in on_member_update
    before_timeout = before.timed_out_until
                     ^^^^^^^^^^^^^^^^^^^^^^
AttributeError: 'Member' object has no attribute 'timed_out_until'
Ignoring exception in on_member_update
Traceback (most recent call last):
  File "/usr/local/lib/python3.12/site-packages/discord/client.py", line 465, in _run_event
    await coro(*args, **kwargs)
  File "/app/asu_discord/cogs/analytics.py", line 652, in on_member_update
    before_timeout = before.timed_out_until
                     ^^^^^^^^^^^^^^^^^^^^^^
AttributeError: 'Member' object has no attribute 'timed_out_until'
Ignoring exception in on_member_update
Traceback (most recent call last):
  File "/usr/local/lib/python3.12/site-packages/discord/client.py", line 465, in _run_event
    await coro(*args, **kwargs)
  File "/app/asu_discord/cogs/analytics.py", line 652, in on_member_update
    before_timeout = before.timed_out_until
                     ^^^^^^^^^^^^^^^^^^^^^^
AttributeError: 'Member' object has no attribute 'timed_out_until'
INFO:asu_discord.cogs.verification:Saved 5 roles to database for user vmalavia (Discord ID: 840251354064879647)
INFO:asu_discord.cogs.verification:Refreshed Salesforce roles for Discord user 840251354064879647: -5/+5 roles, assigned=[Commited, First Generation Student, Ira A. Fulton Schools of Engineering, Tempe, Transfer Student]
Ignoring exception in on_member_update
Traceback (most recent call last):
  File "/usr/local/lib/python3.12/site-packages/discord/client.py", line 465, in _run_event
    await coro(*args, **kwargs)
  File "/app/asu_discord/cogs/analytics.py", line 652, in on_member_update
    before_timeout = before.timed_out_until
                     ^^^^^^^^^^^^^^^^^^^^^^
AttributeError: 'Member' object has no attribute 'timed_out_until'
Ignoring exception in on_member_update
Traceback (most recent call last):
  File "/usr/local/lib/python3.12/site-packages/discord/client.py", line 465, in _run_event
    await coro(*args, **kwargs)
  File "/app/asu_discord/cogs/analytics.py", line 652, in on_member_update
    before_timeout = before.timed_out_until
                     ^^^^^^^^^^^^^^^^^^^^^^
AttributeError: 'Member' object has no attribute 'timed_out_until'
Ignoring exception in on_member_update
Traceback (most recent call last):
  File "/usr/local/lib/python3.12/site-packages/discord/client.py", line 465, in _run_event
    await coro(*args, **kwargs)
  File "/app/asu_discord/cogs/analytics.py", line 652, in on_member_update
    before_timeout = before.timed_out_until
                     ^^^^^^^^^^^^^^^^^^^^^^
AttributeError: 'Member' object has no attribute 'timed_out_until'
Ignoring exception in on_member_update
Traceback (most recent call last):
  File "/usr/local/lib/python3.12/site-packages/discord/client.py", line 465, in _run_event
    await coro(*args, **kwargs)
  File "/app/asu_discord/cogs/analytics.py", line 652, in on_member_update
    before_timeout = before.timed_out_until
                     ^^^^^^^^^^^^^^^^^^^^^^
AttributeError: 'Member' object has no attribute 'timed_out_until'
Ignoring exception in on_member_update
Traceback (most recent call last):
  File "/usr/local/lib/python3.12/site-packages/discord/client.py", line 465, in _run_event
    await coro(*args, **kwargs)
  File "/app/asu_discord/cogs/analytics.py", line 652, in on_member_update
    before_timeout = before.timed_out_until
                     ^^^^^^^^^^^^^^^^^^^^^^
AttributeError: 'Member' object has no attribute 'timed_out_until'
Ignoring exception in on_member_update
Traceback (most recent call last):
  File "/usr/local/lib/python3.12/site-packages/discord/client.py", line 465, in _run_event
    await coro(*args, **kwargs)
  File "/app/asu_discord/cogs/analytics.py", line 652, in on_member_update
    before_timeout = before.timed_out_until
                     ^^^^^^^^^^^^^^^^^^^^^^
AttributeError: 'Member' object has no attribute 'timed_out_until'
Ignoring exception in on_member_update
Traceback (most recent call last):
  File "/usr/local/lib/python3.12/site-packages/discord/client.py", line 465, in _run_event
    await coro(*args, **kwargs)
  File "/app/asu_discord/cogs/analytics.py", line 652, in on_member_update
    before_timeout = before.timed_out_until
                     ^^^^^^^^^^^^^^^^^^^^^^
AttributeError: 'Member' object has no attribute 'timed_out_until'
Ignoring exception in on_member_update
Traceback (most recent call last):
  File "/usr/local/lib/python3.12/site-packages/discord/client.py", line 465, in _run_event
    await coro(*args, **kwargs)
  File "/app/asu_discord/cogs/analytics.py", line 652, in on_member_update
    before_timeout = before.timed_out_until
                     ^^^^^^^^^^^^^^^^^^^^^^
AttributeError: 'Member' object has no attribute 'timed_out_until'
Ignoring exception in on_member_update
Traceback (most recent call last):
  File "/usr/local/lib/python3.12/site-packages/discord/client.py", line 465, in _run_event
    await coro(*args, **kwargs)
  File "/app/asu_discord/cogs/analytics.py", line 652, in on_member_update
    before_timeout = before.timed_out_until
                     ^^^^^^^^^^^^^^^^^^^^^^
AttributeError: 'Member' object has no attribute 'timed_out_until'
Ignoring exception in on_member_update
Traceback (most recent call last):
  File "/usr/local/lib/python3.12/site-packages/discord/client.py", line 465, in _run_event
    await coro(*args, **kwargs)
  File "/app/asu_discord/cogs/analytics.py", line 652, in on_member_update
    before_timeout = before.timed_out_until
                     ^^^^^^^^^^^^^^^^^^^^^^
AttributeError: 'Member' object has no attribute 'timed_out_until'
INFO:asu_discord.cogs.verification:Saved 5 roles to database for user aiamadi (Discord ID: 855578795129962496)
INFO:asu_discord.cogs.verification:Refreshed Salesforce roles for Discord user 855578795129962496: -5/+5 roles, assigned=[Commited, First Year, Ira A. Fulton Schools of Engineering, Out of State, Tempe]
ERROR:cron.jobs:refresh_salesforce_roles: failed for szhonis1 (Discord ID 395589830005882880): Failed to refresh Salesforce-based roles: Discord user 395589830005882880 is not a member of the guild
Ignoring exception in on_member_update
Traceback (most recent call last):
  File "/usr/local/lib/python3.12/site-packages/discord/client.py", line 465, in _run_event
    await coro(*args, **kwargs)
  File "/app/asu_discord/cogs/analytics.py", line 652, in on_member_update
    before_timeout = before.timed_out_until
                     ^^^^^^^^^^^^^^^^^^^^^^
AttributeError: 'Member' object has no attribute 'timed_out_until'
INFO:asu_discord.cogs.verification:Saved 1 roles to database for user wyrdone (Discord ID: 1507155447675748553)
INFO:asu_discord.cogs.verification:Refreshed Salesforce roles for Discord user 1507155447675748553: -1/+0 roles, assigned=[Arizona Resident]
Ignoring exception in on_member_update
Traceback (most recent call last):
  File "/usr/local/lib/python3.12/site-packages/discord/client.py", line 465, in _run_event
    await coro(*args, **kwargs)
  File "/app/asu_discord/cogs/analytics.py", line 652, in on_member_update
    before_timeout = before.timed_out_until
                     ^^^^^^^^^^^^^^^^^^^^^^
AttributeError: 'Member' object has no attribute 'timed_out_until'
Ignoring exception in on_member_update
Traceback (most recent call last):
  File "/usr/local/lib/python3.12/site-packages/discord/client.py", line 465, in _run_event
    await coro(*args, **kwargs)
  File "/app/asu_discord/cogs/analytics.py", line 652, in on_member_update
    before_timeout = before.timed_out_until
                     ^^^^^^^^^^^^^^^^^^^^^^
AttributeError: 'Member' object has no attribute 'timed_out_until'
Ignoring exception in on_member_update
Traceback (most recent call last):
  File "/usr/local/lib/python3.12/site-packages/discord/client.py", line 465, in _run_event
    await coro(*args, **kwargs)
  File "/app/asu_discord/cogs/analytics.py", line 652, in on_member_update
    before_timeout = before.timed_out_until
                     ^^^^^^^^^^^^^^^^^^^^^^
AttributeError: 'Member' object has no attribute 'timed_out_until'
Ignoring exception in on_member_update
Traceback (most recent call last):
  File "/usr/local/lib/python3.12/site-packages/discord/client.py", line 465, in _run_event
    await coro(*args, **kwargs)
  File "/app/asu_discord/cogs/analytics.py", line 652, in on_member_update
    before_timeout = before.timed_out_until
                     ^^^^^^^^^^^^^^^^^^^^^^
AttributeError: 'Member' object has no attribute 'timed_out_until'
Ignoring exception in on_member_update
Traceback (most recent call last):
  File "/usr/local/lib/python3.12/site-packages/discord/client.py", line 465, in _run_event
    await coro(*args, **kwargs)
  File "/app/asu_discord/cogs/analytics.py", line 652, in on_member_update
    before_timeout = before.timed_out_until
                     ^^^^^^^^^^^^^^^^^^^^^^
AttributeError: 'Member' object has no attribute 'timed_out_until'
Ignoring exception in on_member_update
Traceback (most recent call last):
  File "/usr/local/lib/python3.12/site-packages/discord/client.py", line 465, in _run_event
    await coro(*args, **kwargs)
  File "/app/asu_discord/cogs/analytics.py", line 652, in on_member_update
    before_timeout = before.timed_out_until
                     ^^^^^^^^^^^^^^^^^^^^^^
AttributeError: 'Member' object has no attribute 'timed_out_until'
Ignoring exception in on_member_update
Traceback (most recent call last):
  File "/usr/local/lib/python3.12/site-packages/discord/client.py", line 465, in _run_event
    await coro(*args, **kwargs)
  File "/app/asu_discord/cogs/analytics.py", line 652, in on_member_update
    before_timeout = before.timed_out_until
                     ^^^^^^^^^^^^^^^^^^^^^^
AttributeError: 'Member' object has no attribute 'timed_out_until'
Ignoring exception in on_member_update
Traceback (most recent call last):
  File "/usr/local/lib/python3.12/site-packages/discord/client.py", line 465, in _run_event
    await coro(*args, **kwargs)
  File "/app/asu_discord/cogs/analytics.py", line 652, in on_member_update
    before_timeout = before.timed_out_until
                     ^^^^^^^^^^^^^^^^^^^^^^
AttributeError: 'Member' object has no attribute 'timed_out_until'
INFO:asu_discord.cogs.verification:Saved 4 roles to database for user zoey6 (Discord ID: 1265358006686580868)
INFO:asu_discord.cogs.verification:Refreshed Salesforce roles for Discord user 1265358006686580868: -4/+4 roles, assigned=[Arizona Resident, Graduate Student, Ira A. Fulton Schools of Engineering, Polytechnic]
Ignoring exception in on_member_update
Traceback (most recent call last):
  File "/usr/local/lib/python3.12/site-packages/discord/client.py", line 465, in _run_event
    await coro(*args, **kwargs)
  File "/app/asu_discord/cogs/analytics.py", line 652, in on_member_update
    before_timeout = before.timed_out_until
                     ^^^^^^^^^^^^^^^^^^^^^^
AttributeError: 'Member' object has no attribute 'timed_out_until'
Ignoring exception in on_member_update
Traceback (most recent call last):
  File "/usr/local/lib/python3.12/site-packages/discord/client.py", line 465, in _run_event
    await coro(*args, **kwargs)
  File "/app/asu_discord/cogs/analytics.py", line 652, in on_member_update
    before_timeout = before.timed_out_until
                     ^^^^^^^^^^^^^^^^^^^^^^
AttributeError: 'Member' object has no attribute 'timed_out_until'
Ignoring exception in on_member_update
Traceback (most recent call last):
  File "/usr/local/lib/python3.12/site-packages/discord/client.py", line 465, in _run_event
    await coro(*args, **kwargs)
  File "/app/asu_discord/cogs/analytics.py", line 652, in on_member_update
    before_timeout = before.timed_out_until
                     ^^^^^^^^^^^^^^^^^^^^^^
AttributeError: 'Member' object has no attribute 'timed_out_until'
Ignoring exception in on_member_update
Traceback (most recent call last):
  File "/usr/local/lib/python3.12/site-packages/discord/client.py", line 465, in _run_event
    await coro(*args, **kwargs)
  File "/app/asu_discord/cogs/analytics.py", line 652, in on_member_update
    before_timeout = before.timed_out_until
                     ^^^^^^^^^^^^^^^^^^^^^^
AttributeError: 'Member' object has no attribute 'timed_out_until'
Ignoring exception in on_member_update
Traceback (most recent call last):
  File "/usr/local/lib/python3.12/site-packages/discord/client.py", line 465, in _run_event
    await coro(*args, **kwargs)
  File "/app/asu_discord/cogs/analytics.py", line 652, in on_member_update
    before_timeout = before.timed_out_until
                     ^^^^^^^^^^^^^^^^^^^^^^
AttributeError: 'Member' object has no attribute 'timed_out_until'
Ignoring exception in on_member_update
Traceback (most recent call last):
  File "/usr/local/lib/python3.12/site-packages/discord/client.py", line 465, in _run_event
    await coro(*args, **kwargs)
  File "/app/asu_discord/cogs/analytics.py", line 652, in on_member_update
    before_timeout = before.timed_out_until
                     ^^^^^^^^^^^^^^^^^^^^^^
AttributeError: 'Member' object has no attribute 'timed_out_until'
Ignoring exception in on_member_update
Traceback (most recent call last):
  File "/usr/local/lib/python3.12/site-packages/discord/client.py", line 465, in _run_event
    await coro(*args, **kwargs)
  File "/app/asu_discord/cogs/analytics.py", line 652, in on_member_update
    before_timeout = before.timed_out_until
                     ^^^^^^^^^^^^^^^^^^^^^^
AttributeError: 'Member' object has no attribute 'timed_out_until'
Ignoring exception in on_member_update
Traceback (most recent call last):
  File "/usr/local/lib/python3.12/site-packages/discord/client.py", line 465, in _run_event
    await coro(*args, **kwargs)
  File "/app/asu_discord/cogs/analytics.py", line 652, in on_member_update
    before_timeout = before.timed_out_until
                     ^^^^^^^^^^^^^^^^^^^^^^
AttributeError: 'Member' object has no attribute 'timed_out_until'
Ignoring exception in on_member_update
Traceback (most recent call last):
  File "/usr/local/lib/python3.12/site-packages/discord/client.py", line 465, in _run_event
    await coro(*args, **kwargs)
  File "/app/asu_discord/cogs/analytics.py", line 652, in on_member_update
    before_timeout = before.timed_out_until
                     ^^^^^^^^^^^^^^^^^^^^^^
AttributeError: 'Member' object has no attribute 'timed_out_until'
Ignoring exception in on_member_update
Traceback (most recent call last):
  File "/usr/local/lib/python3.12/site-packages/discord/client.py", line 465, in _run_event
    await coro(*args, **kwargs)
  File "/app/asu_discord/cogs/analytics.py", line 652, in on_member_update
    before_timeout = before.timed_out_until
                     ^^^^^^^^^^^^^^^^^^^^^^
AttributeError: 'Member' object has no attribute 'timed_out_until'
INFO:asu_discord.cogs.verification:Saved 5 roles to database for user kodwomoh (Discord ID: 1076903926760222782)
INFO:asu_discord.cogs.verification:Refreshed Salesforce roles for Discord user 1076903926760222782: -5/+5 roles, assigned=[Arizona Resident, College of Liberal Arts and Sciences, Commited, First Year, Tempe]
Ignoring exception in on_member_update
Traceback (most recent call last):
  File "/usr/local/lib/python3.12/site-packages/discord/client.py", line 465, in _run_event
    await coro(*args, **kwargs)
  File "/app/asu_discord/cogs/analytics.py", line 652, in on_member_update
    before_timeout = before.timed_out_until
                     ^^^^^^^^^^^^^^^^^^^^^^
AttributeError: 'Member' object has no attribute 'timed_out_until'
Ignoring exception in on_member_update
Traceback (most recent call last):
  File "/usr/local/lib/python3.12/site-packages/discord/client.py", line 465, in _run_event
    await coro(*args, **kwargs)
  File "/app/asu_discord/cogs/analytics.py", line 652, in on_member_update
    before_timeout = before.timed_out_until
                     ^^^^^^^^^^^^^^^^^^^^^^
AttributeError: 'Member' object has no attribute 'timed_out_until'
Ignoring exception in on_member_update
Traceback (most recent call last):
  File "/usr/local/lib/python3.12/site-packages/discord/client.py", line 465, in _run_event
    await coro(*args, **kwargs)
  File "/app/asu_discord/cogs/analytics.py", line 652, in on_member_update
    before_timeout = before.timed_out_until
                     ^^^^^^^^^^^^^^^^^^^^^^
AttributeError: 'Member' object has no attribute 'timed_out_until'
Ignoring exception in on_member_update
Traceback (most recent call last):
  File "/usr/local/lib/python3.12/site-packages/discord/client.py", line 465, in _run_event
    await coro(*args, **kwargs)
  File "/app/asu_discord/cogs/analytics.py", line 652, in on_member_update
    before_timeout = before.timed_out_until
                     ^^^^^^^^^^^^^^^^^^^^^^
AttributeError: 'Member' object has no attribute 'timed_out_until'
Ignoring exception in on_member_update
Traceback (most recent call last):
  File "/usr/local/lib/python3.12/site-packages/discord/client.py", line 465, in _run_event
    await coro(*args, **kwargs)
  File "/app/asu_discord/cogs/analytics.py", line 652, in on_member_update
    before_timeout = before.timed_out_until
                     ^^^^^^^^^^^^^^^^^^^^^^
AttributeError: 'Member' object has no attribute 'timed_out_until'
Ignoring exception in on_member_update
Traceback (most recent call last):
  File "/usr/local/lib/python3.12/site-packages/discord/client.py", line 465, in _run_event
    await coro(*args, **kwargs)
  File "/app/asu_discord/cogs/analytics.py", line 652, in on_member_update
    before_timeout = before.timed_out_until
                     ^^^^^^^^^^^^^^^^^^^^^^
AttributeError: 'Member' object has no attribute 'timed_out_until'
Ignoring exception in on_member_update
Traceback (most recent call last):
  File "/usr/local/lib/python3.12/site-packages/discord/client.py", line 465, in _run_event
    await coro(*args, **kwargs)
  File "/app/asu_discord/cogs/analytics.py", line 652, in on_member_update
    before_timeout = before.timed_out_until
                     ^^^^^^^^^^^^^^^^^^^^^^
AttributeError: 'Member' object has no attribute 'timed_out_until'
INFO:asu_discord.cogs.verification:Saved 4 roles to database for user sbonkur (Discord ID: 1371668333694419058)
INFO:asu_discord.cogs.verification:Refreshed Salesforce roles for Discord user 1371668333694419058: -3/+4 roles, assigned=[Downtown Phoenix, Graduate Student, Ira A. Fulton Schools of Engineering, Out of State]
Ignoring exception in on_member_update
Traceback (most recent call last):
  File "/usr/local/lib/python3.12/site-packages/discord/client.py", line 465, in _run_event
    await coro(*args, **kwargs)
  File "/app/asu_discord/cogs/analytics.py", line 652, in on_member_update
    before_timeout = before.timed_out_until
                     ^^^^^^^^^^^^^^^^^^^^^^
AttributeError: 'Member' object has no attribute 'timed_out_until'
Ignoring exception in on_member_update
Traceback (most recent call last):
  File "/usr/local/lib/python3.12/site-packages/discord/client.py", line 465, in _run_event
    await coro(*args, **kwargs)
  File "/app/asu_discord/cogs/analytics.py", line 652, in on_member_update
    before_timeout = before.timed_out_until
                     ^^^^^^^^^^^^^^^^^^^^^^
AttributeError: 'Member' object has no attribute 'timed_out_until'
Ignoring exception in on_member_update
Traceback (most recent call last):
  File "/usr/local/lib/python3.12/site-packages/discord/client.py", line 465, in _run_event
    await coro(*args, **kwargs)
  File "/app/asu_discord/cogs/analytics.py", line 652, in on_member_update
    before_timeout = before.timed_out_until
                     ^^^^^^^^^^^^^^^^^^^^^^
AttributeError: 'Member' object has no attribute 'timed_out_until'
Ignoring exception in on_member_update
Traceback (most recent call last):
  File "/usr/local/lib/python3.12/site-packages/discord/client.py", line 465, in _run_event
    await coro(*args, **kwargs)
  File "/app/asu_discord/cogs/analytics.py", line 652, in on_member_update
    before_timeout = before.timed_out_until
                     ^^^^^^^^^^^^^^^^^^^^^^
AttributeError: 'Member' object has no attribute 'timed_out_until'
Ignoring exception in on_member_update
Traceback (most recent call last):
  File "/usr/local/lib/python3.12/site-packages/discord/client.py", line 465, in _run_event
    await coro(*args, **kwargs)
  File "/app/asu_discord/cogs/analytics.py", line 652, in on_member_update
    before_timeout = before.timed_out_until
                     ^^^^^^^^^^^^^^^^^^^^^^
AttributeError: 'Member' object has no attribute 'timed_out_until'
Ignoring exception in on_member_update
Traceback (most recent call last):
  File "/usr/local/lib/python3.12/site-packages/discord/client.py", line 465, in _run_event
    await coro(*args, **kwargs)
  File "/app/asu_discord/cogs/analytics.py", line 652, in on_member_update
    before_timeout = before.timed_out_until
                     ^^^^^^^^^^^^^^^^^^^^^^
AttributeError: 'Member' object has no attribute 'timed_out_until'
Ignoring exception in on_member_update
Traceback (most recent call last):
  File "/usr/local/lib/python3.12/site-packages/discord/client.py", line 465, in _run_event
    await coro(*args, **kwargs)
  File "/app/asu_discord/cogs/analytics.py", line 652, in on_member_update
    before_timeout = before.timed_out_until
                     ^^^^^^^^^^^^^^^^^^^^^^
AttributeError: 'Member' object has no attribute 'timed_out_until'
Ignoring exception in on_member_update
Traceback (most recent call last):
  File "/usr/local/lib/python3.12/site-packages/discord/client.py", line 465, in _run_event
    await coro(*args, **kwargs)
  File "/app/asu_discord/cogs/analytics.py", line 652, in on_member_update
    before_timeout = before.timed_out_until
                     ^^^^^^^^^^^^^^^^^^^^^^
AttributeError: 'Member' object has no attribute 'timed_out_until'
Ignoring exception in on_member_update
Traceback (most recent call last):
  File "/usr/local/lib/python3.12/site-packages/discord/client.py", line 465, in _run_event
    await coro(*args, **kwargs)
  File "/app/asu_discord/cogs/analytics.py", line 652, in on_member_update
    before_timeout = before.timed_out_until
                     ^^^^^^^^^^^^^^^^^^^^^^
AttributeError: 'Member' object has no attribute 'timed_out_until'
Ignoring exception in on_member_update
Traceback (most recent call last):
  File "/usr/local/lib/python3.12/site-packages/discord/client.py", line 465, in _run_event
    await coro(*args, **kwargs)
  File "/app/asu_discord/cogs/analytics.py", line 652, in on_member_update
    before_timeout = before.timed_out_until
                     ^^^^^^^^^^^^^^^^^^^^^^
AttributeError: 'Member' object has no attribute 'timed_out_until'
INFO:asu_discord.cogs.verification:Saved 5 roles to database for user tpeeraia (Discord ID: 1367837444489220098)
INFO:asu_discord.cogs.verification:Refreshed Salesforce roles for Discord user 1367837444489220098: -5/+5 roles, assigned=[Commited, Graduate Student, International Student, Ira A. Fulton Schools of Engineering, Tempe]
Ignoring exception in on_member_update
Traceback (most recent call last):
  File "/usr/local/lib/python3.12/site-packages/discord/client.py", line 465, in _run_event
    await coro(*args, **kwargs)
  File "/app/asu_discord/cogs/analytics.py", line 652, in on_member_update
    before_timeout = before.timed_out_until
                     ^^^^^^^^^^^^^^^^^^^^^^
AttributeError: 'Member' object has no attribute 'timed_out_until'
Ignoring exception in on_member_update
Traceback (most recent call last):
  File "/usr/local/lib/python3.12/site-packages/discord/client.py", line 465, in _run_event
    await coro(*args, **kwargs)
  File "/app/asu_discord/cogs/analytics.py", line 652, in on_member_update
    before_timeout = before.timed_out_until
                     ^^^^^^^^^^^^^^^^^^^^^^
AttributeError: 'Member' object has no attribute 'timed_out_until'
Ignoring exception in on_member_update
Traceback (most recent call last):
  File "/usr/local/lib/python3.12/site-packages/discord/client.py", line 465, in _run_event
    await coro(*args, **kwargs)
  File "/app/asu_discord/cogs/analytics.py", line 652, in on_member_update
    before_timeout = before.timed_out_until
                     ^^^^^^^^^^^^^^^^^^^^^^
AttributeError: 'Member' object has no attribute 'timed_out_until'
Ignoring exception in on_member_update
Traceback (most recent call last):
  File "/usr/local/lib/python3.12/site-packages/discord/client.py", line 465, in _run_event
    await coro(*args, **kwargs)
  File "/app/asu_discord/cogs/analytics.py", line 652, in on_member_update
    before_timeout = before.timed_out_until
                     ^^^^^^^^^^^^^^^^^^^^^^
AttributeError: 'Member' object has no attribute 'timed_out_until'
Ignoring exception in on_member_update
Traceback (most recent call last):
  File "/usr/local/lib/python3.12/site-packages/discord/client.py", line 465, in _run_event
    await coro(*args, **kwargs)
  File "/app/asu_discord/cogs/analytics.py", line 652, in on_member_update
    before_timeout = before.timed_out_until
                     ^^^^^^^^^^^^^^^^^^^^^^
AttributeError: 'Member' object has no attribute 'timed_out_until'
Ignoring exception in on_member_update
Traceback (most recent call last):
  File "/usr/local/lib/python3.12/site-packages/discord/client.py", line 465, in _run_event
    await coro(*args, **kwargs)
  File "/app/asu_discord/cogs/analytics.py", line 652, in on_member_update
    before_timeout = before.timed_out_until
                     ^^^^^^^^^^^^^^^^^^^^^^
AttributeError: 'Member' object has no attribute 'timed_out_until'
Ignoring exception in on_member_update
Traceback (most recent call last):
  File "/usr/local/lib/python3.12/site-packages/discord/client.py", line 465, in _run_event
    await coro(*args, **kwargs)
  File "/app/asu_discord/cogs/analytics.py", line 652, in on_member_update
    before_timeout = before.timed_out_until
                     ^^^^^^^^^^^^^^^^^^^^^^
AttributeError: 'Member' object has no attribute 'timed_out_until'
Ignoring exception in on_member_update
Traceback (most recent call last):
  File "/usr/local/lib/python3.12/site-packages/discord/client.py", line 465, in _run_event
    await coro(*args, **kwargs)
  File "/app/asu_discord/cogs/analytics.py", line 652, in on_member_update
    before_timeout = before.timed_out_until
                     ^^^^^^^^^^^^^^^^^^^^^^
AttributeError: 'Member' object has no attribute 'timed_out_until'
INFO:asu_discord.cogs.verification:Saved 4 roles to database for user coburu (Discord ID: 1491497099198599248)
INFO:asu_discord.cogs.verification:Refreshed Salesforce roles for Discord user 1491497099198599248: -4/+4 roles, assigned=[Downtown Phoenix, Graduate Student, International Student, Thunderbird School of Global Management]
Ignoring exception in on_member_update
Traceback (most recent call last):
  File "/usr/local/lib/python3.12/site-packages/discord/client.py", line 465, in _run_event
    await coro(*args, **kwargs)
  File "/app/asu_discord/cogs/analytics.py", line 652, in on_member_update
    before_timeout = before.timed_out_until
                     ^^^^^^^^^^^^^^^^^^^^^^
AttributeError: 'Member' object has no attribute 'timed_out_until'
Ignoring exception in on_member_update
Traceback (most recent call last):
  File "/usr/local/lib/python3.12/site-packages/discord/client.py", line 465, in _run_event
    await coro(*args, **kwargs)
  File "/app/asu_discord/cogs/analytics.py", line 652, in on_member_update
    before_timeout = before.timed_out_until
                     ^^^^^^^^^^^^^^^^^^^^^^
AttributeError: 'Member' object has no attribute 'timed_out_until'
Ignoring exception in on_member_update
Traceback (most recent call last):
  File "/usr/local/lib/python3.12/site-packages/discord/client.py", line 465, in _run_event
    await coro(*args, **kwargs)
  File "/app/asu_discord/cogs/analytics.py", line 652, in on_member_update
    before_timeout = before.timed_out_until
                     ^^^^^^^^^^^^^^^^^^^^^^
AttributeError: 'Member' object has no attribute 'timed_out_until'
Ignoring exception in on_member_update
Traceback (most recent call last):
  File "/usr/local/lib/python3.12/site-packages/discord/client.py", line 465, in _run_event
    await coro(*args, **kwargs)
  File "/app/asu_discord/cogs/analytics.py", line 652, in on_member_update
    before_timeout = before.timed_out_until
                     ^^^^^^^^^^^^^^^^^^^^^^
AttributeError: 'Member' object has no attribute 'timed_out_until'
Ignoring exception in on_member_update
Traceback (most recent call last):
  File "/usr/local/lib/python3.12/site-packages/discord/client.py", line 465, in _run_event
    await coro(*args, **kwargs)
  File "/app/asu_discord/cogs/analytics.py", line 652, in on_member_update
    before_timeout = before.timed_out_until
                     ^^^^^^^^^^^^^^^^^^^^^^
AttributeError: 'Member' object has no attribute 'timed_out_until'
Ignoring exception in on_member_update
Traceback (most recent call last):
  File "/usr/local/lib/python3.12/site-packages/discord/client.py", line 465, in _run_event
    await coro(*args, **kwargs)
  File "/app/asu_discord/cogs/analytics.py", line 652, in on_member_update
    before_timeout = before.timed_out_until
                     ^^^^^^^^^^^^^^^^^^^^^^
AttributeError: 'Member' object has no attribute 'timed_out_until'
Ignoring exception in on_member_update
Traceback (most recent call last):
  File "/usr/local/lib/python3.12/site-packages/discord/client.py", line 465, in _run_event
    await coro(*args, **kwargs)
  File "/app/asu_discord/cogs/analytics.py", line 652, in on_member_update
    before_timeout = before.timed_out_until
                     ^^^^^^^^^^^^^^^^^^^^^^
AttributeError: 'Member' object has no attribute 'timed_out_until'
Ignoring exception in on_member_update
Traceback (most recent call last):
  File "/usr/local/lib/python3.12/site-packages/discord/client.py", line 465, in _run_event
    await coro(*args, **kwargs)
  File "/app/asu_discord/cogs/analytics.py", line 652, in on_member_update
    before_timeout = before.timed_out_until
                     ^^^^^^^^^^^^^^^^^^^^^^
AttributeError: 'Member' object has no attribute 'timed_out_until'
Ignoring exception in on_member_update
Traceback (most recent call last):
  File "/usr/local/lib/python3.12/site-packages/discord/client.py", line 465, in _run_event
    await coro(*args, **kwargs)
  File "/app/asu_discord/cogs/analytics.py", line 652, in on_member_update
    before_timeout = before.timed_out_until
                     ^^^^^^^^^^^^^^^^^^^^^^
AttributeError: 'Member' object has no attribute 'timed_out_until'
Ignoring exception in on_member_update
Traceback (most recent call last):
  File "/usr/local/lib/python3.12/site-packages/discord/client.py", line 465, in _run_event
    await coro(*args, **kwargs)
  File "/app/asu_discord/cogs/analytics.py", line 652, in on_member_update
    before_timeout = before.timed_out_until
                     ^^^^^^^^^^^^^^^^^^^^^^
AttributeError: 'Member' object has no attribute 'timed_out_until'
INFO:asu_discord.cogs.verification:Saved 5 roles to database for user adamanik (Discord ID: 422328755197837333)
INFO:asu_discord.cogs.verification:Refreshed Salesforce roles for Discord user 422328755197837333: -5/+5 roles, assigned=[Commited, International Student, Polytechnic, Transfer Student, W.P. Carey School of Business]
Ignoring exception in on_member_update
Traceback (most recent call last):
  File "/usr/local/lib/python3.12/site-packages/discord/client.py", line 465, in _run_event
    await coro(*args, **kwargs)
  File "/app/asu_discord/cogs/analytics.py", line 652, in on_member_update
    before_timeout = before.timed_out_until
                     ^^^^^^^^^^^^^^^^^^^^^^
AttributeError: 'Member' object has no attribute 'timed_out_until'
Ignoring exception in on_member_update
Traceback (most recent call last):
  File "/usr/local/lib/python3.12/site-packages/discord/client.py", line 465, in _run_event
    await coro(*args, **kwargs)
  File "/app/asu_discord/cogs/analytics.py", line 652, in on_member_update
    before_timeout = before.timed_out_until
                     ^^^^^^^^^^^^^^^^^^^^^^
AttributeError: 'Member' object has no attribute 'timed_out_until'
Ignoring exception in on_member_update
Traceback (most recent call last):
  File "/usr/local/lib/python3.12/site-packages/discord/client.py", line 465, in _run_event
    await coro(*args, **kwargs)
  File "/app/asu_discord/cogs/analytics.py", line 652, in on_member_update
    before_timeout = before.timed_out_until
                     ^^^^^^^^^^^^^^^^^^^^^^
AttributeError: 'Member' object has no attribute 'timed_out_until'
Ignoring exception in on_member_update
Traceback (most recent call last):
  File "/usr/local/lib/python3.12/site-packages/discord/client.py", line 465, in _run_event
    await coro(*args, **kwargs)
  File "/app/asu_discord/cogs/analytics.py", line 652, in on_member_update
    before_timeout = before.timed_out_until
                     ^^^^^^^^^^^^^^^^^^^^^^
AttributeError: 'Member' object has no attribute 'timed_out_until'
Ignoring exception in on_member_update
Traceback (most recent call last):
  File "/usr/local/lib/python3.12/site-packages/discord/client.py", line 465, in _run_event
    await coro(*args, **kwargs)
  File "/app/asu_discord/cogs/analytics.py", line 652, in on_member_update
    before_timeout = before.timed_out_until
                     ^^^^^^^^^^^^^^^^^^^^^^
AttributeError: 'Member' object has no attribute 'timed_out_until'
Ignoring exception in on_member_update
Traceback (most recent call last):
  File "/usr/local/lib/python3.12/site-packages/discord/client.py", line 465, in _run_event
    await coro(*args, **kwargs)
  File "/app/asu_discord/cogs/analytics.py", line 652, in on_member_update
    before_timeout = before.timed_out_until
                     ^^^^^^^^^^^^^^^^^^^^^^
AttributeError: 'Member' object has no attribute 'timed_out_until'
Ignoring exception in on_member_update
Traceback (most recent call last):
  File "/usr/local/lib/python3.12/site-packages/discord/client.py", line 465, in _run_event
    await coro(*args, **kwargs)
  File "/app/asu_discord/cogs/analytics.py", line 652, in on_member_update
    before_timeout = before.timed_out_until
                     ^^^^^^^^^^^^^^^^^^^^^^
AttributeError: 'Member' object has no attribute 'timed_out_until'
Ignoring exception in on_member_update
Traceback (most recent call last):
  File "/usr/local/lib/python3.12/site-packages/discord/client.py", line 465, in _run_event
    await coro(*args, **kwargs)
  File "/app/asu_discord/cogs/analytics.py", line 652, in on_member_update
    before_timeout = before.timed_out_until
                     ^^^^^^^^^^^^^^^^^^^^^^
AttributeError: 'Member' object has no attribute 'timed_out_until'
INFO:asu_discord.cogs.verification:Saved 4 roles to database for user aaraut (Discord ID: 1507368603261993040)
INFO:asu_discord.cogs.verification:Refreshed Salesforce roles for Discord user 1507368603261993040: -4/+4 roles, assigned=[Commited, Graduate Student, Ira A. Fulton Schools of Engineering, Tempe]
Ignoring exception in on_member_update
Traceback (most recent call last):
  File "/usr/local/lib/python3.12/site-packages/discord/client.py", line 465, in _run_event
    await coro(*args, **kwargs)
  File "/app/asu_discord/cogs/analytics.py", line 652, in on_member_update
    before_timeout = before.timed_out_until
                     ^^^^^^^^^^^^^^^^^^^^^^
AttributeError: 'Member' object has no attribute 'timed_out_until'
Ignoring exception in on_member_update
Traceback (most recent call last):
  File "/usr/local/lib/python3.12/site-packages/discord/client.py", line 465, in _run_event
    await coro(*args, **kwargs)
  File "/app/asu_discord/cogs/analytics.py", line 652, in on_member_update
    before_timeout = before.timed_out_until
                     ^^^^^^^^^^^^^^^^^^^^^^
AttributeError: 'Member' object has no attribute 'timed_out_until'
Ignoring exception in on_member_update
Traceback (most recent call last):
  File "/usr/local/lib/python3.12/site-packages/discord/client.py", line 465, in _run_event
    await coro(*args, **kwargs)
  File "/app/asu_discord/cogs/analytics.py", line 652, in on_member_update
    before_timeout = before.timed_out_until
                     ^^^^^^^^^^^^^^^^^^^^^^
AttributeError: 'Member' object has no attribute 'timed_out_until'
Ignoring exception in on_member_update
Traceback (most recent call last):
  File "/usr/local/lib/python3.12/site-packages/discord/client.py", line 465, in _run_event
    await coro(*args, **kwargs)
  File "/app/asu_discord/cogs/analytics.py", line 652, in on_member_update
    before_timeout = before.timed_out_until
                     ^^^^^^^^^^^^^^^^^^^^^^
AttributeError: 'Member' object has no attribute 'timed_out_until'
Ignoring exception in on_member_update
Traceback (most recent call last):
  File "/usr/local/lib/python3.12/site-packages/discord/client.py", line 465, in _run_event
    await coro(*args, **kwargs)
  File "/app/asu_discord/cogs/analytics.py", line 652, in on_member_update
    before_timeout = before.timed_out_until
                     ^^^^^^^^^^^^^^^^^^^^^^
AttributeError: 'Member' object has no attribute 'timed_out_until'
Ignoring exception in on_member_update
Traceback (most recent call last):
  File "/usr/local/lib/python3.12/site-packages/discord/client.py", line 465, in _run_event
    await coro(*args, **kwargs)
  File "/app/asu_discord/cogs/analytics.py", line 652, in on_member_update
    before_timeout = before.timed_out_until
                     ^^^^^^^^^^^^^^^^^^^^^^
AttributeError: 'Member' object has no attribute 'timed_out_until'
Ignoring exception in on_member_update
Traceback (most recent call last):
  File "/usr/local/lib/python3.12/site-packages/discord/client.py", line 465, in _run_event
    await coro(*args, **kwargs)
  File "/app/asu_discord/cogs/analytics.py", line 652, in on_member_update
    before_timeout = before.timed_out_until
                     ^^^^^^^^^^^^^^^^^^^^^^
AttributeError: 'Member' object has no attribute 'timed_out_until'
Ignoring exception in on_member_update
Traceback (most recent call last):
  File "/usr/local/lib/python3.12/site-packages/discord/client.py", line 465, in _run_event
    await coro(*args, **kwargs)
  File "/app/asu_discord/cogs/analytics.py", line 652, in on_member_update
    before_timeout = before.timed_out_until
                     ^^^^^^^^^^^^^^^^^^^^^^
AttributeError: 'Member' object has no attribute 'timed_out_until'
Ignoring exception in on_member_update
Traceback (most recent call last):
  File "/usr/local/lib/python3.12/site-packages/discord/client.py", line 465, in _run_event
    await coro(*args, **kwargs)
  File "/app/asu_discord/cogs/analytics.py", line 652, in on_member_update
    before_timeout = before.timed_out_until
                     ^^^^^^^^^^^^^^^^^^^^^^
AttributeError: 'Member' object has no attribute 'timed_out_until'
Ignoring exception in on_member_update
Traceback (most recent call last):
  File "/usr/local/lib/python3.12/site-packages/discord/client.py", line 465, in _run_event
    await coro(*args, **kwargs)
  File "/app/asu_discord/cogs/analytics.py", line 652, in on_member_update
    before_timeout = before.timed_out_until
                     ^^^^^^^^^^^^^^^^^^^^^^
AttributeError: 'Member' object has no attribute 'timed_out_until'
Ignoring exception in on_member_update
Traceback (most recent call last):
  File "/usr/local/lib/python3.12/site-packages/discord/client.py", line 465, in _run_event
    await coro(*args, **kwargs)
  File "/app/asu_discord/cogs/analytics.py", line 652, in on_member_update
    before_timeout = before.timed_out_until
                     ^^^^^^^^^^^^^^^^^^^^^^
AttributeError: 'Member' object has no attribute 'timed_out_until'
INFO:asu_discord.cogs.verification:Saved 6 roles to database for user ptseng15 (Discord ID: 579134243603742730)
INFO:asu_discord.cogs.verification:Refreshed Salesforce roles for Discord user 579134243603742730: -5/+6 roles, assigned=[Commited, First Generation Student, International Student, Ira A. Fulton Schools of Engineering, Transfer Student, West Valley]
Ignoring exception in on_member_update
Traceback (most recent call last):
  File "/usr/local/lib/python3.12/site-packages/discord/client.py", line 465, in _run_event
    await coro(*args, **kwargs)
  File "/app/asu_discord/cogs/analytics.py", line 652, in on_member_update
    before_timeout = before.timed_out_until
                     ^^^^^^^^^^^^^^^^^^^^^^
AttributeError: 'Member' object has no attribute 'timed_out_until'
Ignoring exception in on_member_update
Traceback (most recent call last):
  File "/usr/local/lib/python3.12/site-packages/discord/client.py", line 465, in _run_event
    await coro(*args, **kwargs)
  File "/app/asu_discord/cogs/analytics.py", line 652, in on_member_update
    before_timeout = before.timed_out_until
                     ^^^^^^^^^^^^^^^^^^^^^^
AttributeError: 'Member' object has no attribute 'timed_out_until'
Ignoring exception in on_member_update
Traceback (most recent call last):
  File "/usr/local/lib/python3.12/site-packages/discord/client.py", line 465, in _run_event
    await coro(*args, **kwargs)
  File "/app/asu_discord/cogs/analytics.py", line 652, in on_member_update
    before_timeout = before.timed_out_until
                     ^^^^^^^^^^^^^^^^^^^^^^
AttributeError: 'Member' object has no attribute 'timed_out_until'
Ignoring exception in on_member_update
Traceback (most recent call last):
  File "/usr/local/lib/python3.12/site-packages/discord/client.py", line 465, in _run_event
    await coro(*args, **kwargs)
  File "/app/asu_discord/cogs/analytics.py", line 652, in on_member_update
    before_timeout = before.timed_out_until
                     ^^^^^^^^^^^^^^^^^^^^^^
AttributeError: 'Member' object has no attribute 'timed_out_until'
Ignoring exception in on_member_update
Traceback (most recent call last):
  File "/usr/local/lib/python3.12/site-packages/discord/client.py", line 465, in _run_event
    await coro(*args, **kwargs)
  File "/app/asu_discord/cogs/analytics.py", line 652, in on_member_update
    before_timeout = before.timed_out_until
                     ^^^^^^^^^^^^^^^^^^^^^^
AttributeError: 'Member' object has no attribute 'timed_out_until'
Ignoring exception in on_member_update
Traceback (most recent call last):
  File "/usr/local/lib/python3.12/site-packages/discord/client.py", line 465, in _run_event
    await coro(*args, **kwargs)
  File "/app/asu_discord/cogs/analytics.py", line 652, in on_member_update
    before_timeout = before.timed_out_until
                     ^^^^^^^^^^^^^^^^^^^^^^
AttributeError: 'Member' object has no attribute 'timed_out_until'
Ignoring exception in on_member_update
Traceback (most recent call last):
  File "/usr/local/lib/python3.12/site-packages/discord/client.py", line 465, in _run_event
    await coro(*args, **kwargs)
  File "/app/asu_discord/cogs/analytics.py", line 652, in on_member_update
    before_timeout = before.timed_out_until
                     ^^^^^^^^^^^^^^^^^^^^^^
AttributeError: 'Member' object has no attribute 'timed_out_until'
Ignoring exception in on_member_update
Traceback (most recent call last):
  File "/usr/local/lib/python3.12/site-packages/discord/client.py", line 465, in _run_event
    await coro(*args, **kwargs)
  File "/app/asu_discord/cogs/analytics.py", line 652, in on_member_update
    before_timeout = before.timed_out_until
                     ^^^^^^^^^^^^^^^^^^^^^^
AttributeError: 'Member' object has no attribute 'timed_out_until'
Ignoring exception in on_member_update
Traceback (most recent call last):
  File "/usr/local/lib/python3.12/site-packages/discord/client.py", line 465, in _run_event
    await coro(*args, **kwargs)
  File "/app/asu_discord/cogs/analytics.py", line 652, in on_member_update
    before_timeout = before.timed_out_until
                     ^^^^^^^^^^^^^^^^^^^^^^
AttributeError: 'Member' object has no attribute 'timed_out_until'
Ignoring exception in on_member_update
Traceback (most recent call last):
  File "/usr/local/lib/python3.12/site-packages/discord/client.py", line 465, in _run_event
    await coro(*args, **kwargs)
  File "/app/asu_discord/cogs/analytics.py", line 652, in on_member_update
    before_timeout = before.timed_out_until
                     ^^^^^^^^^^^^^^^^^^^^^^
AttributeError: 'Member' object has no attribute 'timed_out_until'
INFO:asu_discord.cogs.verification:Saved 5 roles to database for user abthapa (Discord ID: 1496464220408123445)
INFO:asu_discord.cogs.verification:Refreshed Salesforce roles for Discord user 1496464220408123445: -5/+5 roles, assigned=[College of Global Futures, First Generation Student, Graduate Student, International Student, Tempe]
Ignoring exception in on_member_update
Traceback (most recent call last):
  File "/usr/local/lib/python3.12/site-packages/discord/client.py", line 465, in _run_event
    await coro(*args, **kwargs)
  File "/app/asu_discord/cogs/analytics.py", line 652, in on_member_update
    before_timeout = before.timed_out_until
                     ^^^^^^^^^^^^^^^^^^^^^^
AttributeError: 'Member' object has no attribute 'timed_out_until'
Ignoring exception in on_member_update
Traceback (most recent call last):
  File "/usr/local/lib/python3.12/site-packages/discord/client.py", line 465, in _run_event
    await coro(*args, **kwargs)
  File "/app/asu_discord/cogs/analytics.py", line 652, in on_member_update
    before_timeout = before.timed_out_until
                     ^^^^^^^^^^^^^^^^^^^^^^
AttributeError: 'Member' object has no attribute 'timed_out_until'
Ignoring exception in on_member_update
Traceback (most recent call last):
  File "/usr/local/lib/python3.12/site-packages/discord/client.py", line 465, in _run_event
    await coro(*args, **kwargs)
  File "/app/asu_discord/cogs/analytics.py", line 652, in on_member_update
    before_timeout = before.timed_out_until
                     ^^^^^^^^^^^^^^^^^^^^^^
AttributeError: 'Member' object has no attribute 'timed_out_until'
Ignoring exception in on_member_update
Traceback (most recent call last):
  File "/usr/local/lib/python3.12/site-packages/discord/client.py", line 465, in _run_event
    await coro(*args, **kwargs)
  File "/app/asu_discord/cogs/analytics.py", line 652, in on_member_update
    before_timeout = before.timed_out_until
                     ^^^^^^^^^^^^^^^^^^^^^^
AttributeError: 'Member' object has no attribute 'timed_out_until'
Ignoring exception in on_member_update
Traceback (most recent call last):
  File "/usr/local/lib/python3.12/site-packages/discord/client.py", line 465, in _run_event
    await coro(*args, **kwargs)
  File "/app/asu_discord/cogs/analytics.py", line 652, in on_member_update
    before_timeout = before.timed_out_until
                     ^^^^^^^^^^^^^^^^^^^^^^
AttributeError: 'Member' object has no attribute 'timed_out_until'
Ignoring exception in on_member_update
Traceback (most recent call last):
  File "/usr/local/lib/python3.12/site-packages/discord/client.py", line 465, in _run_event
    await coro(*args, **kwargs)
  File "/app/asu_discord/cogs/analytics.py", line 652, in on_member_update
    before_timeout = before.timed_out_until
                     ^^^^^^^^^^^^^^^^^^^^^^
AttributeError: 'Member' object has no attribute 'timed_out_until'
Ignoring exception in on_member_update
Traceback (most recent call last):
  File "/usr/local/lib/python3.12/site-packages/discord/client.py", line 465, in _run_event
    await coro(*args, **kwargs)
  File "/app/asu_discord/cogs/analytics.py", line 652, in on_member_update
    before_timeout = before.timed_out_until
                     ^^^^^^^^^^^^^^^^^^^^^^
AttributeError: 'Member' object has no attribute 'timed_out_until'
Ignoring exception in on_member_update
Traceback (most recent call last):
  File "/usr/local/lib/python3.12/site-packages/discord/client.py", line 465, in _run_event
    await coro(*args, **kwargs)
  File "/app/asu_discord/cogs/analytics.py", line 652, in on_member_update
    before_timeout = before.timed_out_until
                     ^^^^^^^^^^^^^^^^^^^^^^
AttributeError: 'Member' object has no attribute 'timed_out_until'
Ignoring exception in on_member_update
Traceback (most recent call last):
  File "/usr/local/lib/python3.12/site-packages/discord/client.py", line 465, in _run_event
    await coro(*args, **kwargs)
  File "/app/asu_discord/cogs/analytics.py", line 652, in on_member_update
    before_timeout = before.timed_out_until
                     ^^^^^^^^^^^^^^^^^^^^^^
AttributeError: 'Member' object has no attribute 'timed_out_until'
Ignoring exception in on_member_update
Traceback (most recent call last):
  File "/usr/local/lib/python3.12/site-packages/discord/client.py", line 465, in _run_event
    await coro(*args, **kwargs)
  File "/app/asu_discord/cogs/analytics.py", line 652, in on_member_update
    before_timeout = before.timed_out_until
                     ^^^^^^^^^^^^^^^^^^^^^^
AttributeError: 'Member' object has no attribute 'timed_out_until'
INFO:asu_discord.cogs.verification:Saved 5 roles to database for user temery12 (Discord ID: 427044562914115586)
INFO:asu_discord.cogs.verification:Refreshed Salesforce roles for Discord user 427044562914115586: -5/+5 roles, assigned=[Arizona Resident, First Year, Tempe, Upperclassmen, W.P. Carey School of Business]
Ignoring exception in on_member_update
Traceback (most recent call last):
  File "/usr/local/lib/python3.12/site-packages/discord/client.py", line 465, in _run_event
    await coro(*args, **kwargs)
  File "/app/asu_discord/cogs/analytics.py", line 652, in on_member_update
    before_timeout = before.timed_out_until
                     ^^^^^^^^^^^^^^^^^^^^^^
AttributeError: 'Member' object has no attribute 'timed_out_until'
Ignoring exception in on_member_update
Traceback (most recent call last):
  File "/usr/local/lib/python3.12/site-packages/discord/client.py", line 465, in _run_event
    await coro(*args, **kwargs)
  File "/app/asu_discord/cogs/analytics.py", line 652, in on_member_update
    before_timeout = before.timed_out_until
                     ^^^^^^^^^^^^^^^^^^^^^^
AttributeError: 'Member' object has no attribute 'timed_out_until'
Ignoring exception in on_member_update
Traceback (most recent call last):
  File "/usr/local/lib/python3.12/site-packages/discord/client.py", line 465, in _run_event
    await coro(*args, **kwargs)
  File "/app/asu_discord/cogs/analytics.py", line 652, in on_member_update
    before_timeout = before.timed_out_until
                     ^^^^^^^^^^^^^^^^^^^^^^
AttributeError: 'Member' object has no attribute 'timed_out_until'
Ignoring exception in on_member_update
Traceback (most recent call last):
  File "/usr/local/lib/python3.12/site-packages/discord/client.py", line 465, in _run_event
    await coro(*args, **kwargs)
  File "/app/asu_discord/cogs/analytics.py", line 652, in on_member_update
    before_timeout = before.timed_out_until
                     ^^^^^^^^^^^^^^^^^^^^^^
AttributeError: 'Member' object has no attribute 'timed_out_until'
Ignoring exception in on_member_update
Traceback (most recent call last):
  File "/usr/local/lib/python3.12/site-packages/discord/client.py", line 465, in _run_event
    await coro(*args, **kwargs)
  File "/app/asu_discord/cogs/analytics.py", line 652, in on_member_update
    before_timeout = before.timed_out_until
                     ^^^^^^^^^^^^^^^^^^^^^^
AttributeError: 'Member' object has no attribute 'timed_out_until'
Ignoring exception in on_member_update
Traceback (most recent call last):
  File "/usr/local/lib/python3.12/site-packages/discord/client.py", line 465, in _run_event
    await coro(*args, **kwargs)
  File "/app/asu_discord/cogs/analytics.py", line 652, in on_member_update
    before_timeout = before.timed_out_until
                     ^^^^^^^^^^^^^^^^^^^^^^
AttributeError: 'Member' object has no attribute 'timed_out_until'
Ignoring exception in on_member_update
Traceback (most recent call last):
  File "/usr/local/lib/python3.12/site-packages/discord/client.py", line 465, in _run_event
    await coro(*args, **kwargs)
  File "/app/asu_discord/cogs/analytics.py", line 652, in on_member_update
    before_timeout = before.timed_out_until
                     ^^^^^^^^^^^^^^^^^^^^^^
AttributeError: 'Member' object has no attribute 'timed_out_until'
INFO:asu_discord.cogs.verification:Saved 4 roles to database for user jalamri1 (Discord ID: 1507423620572647424)
INFO:asu_discord.cogs.verification:Refreshed Salesforce roles for Discord user 1507423620572647424: -3/+4 roles, assigned=[First Year, International Student, Tempe, W.P. Carey School of Business]
Ignoring exception in on_member_update
Traceback (most recent call last):
  File "/usr/local/lib/python3.12/site-packages/discord/client.py", line 465, in _run_event
    await coro(*args, **kwargs)
  File "/app/asu_discord/cogs/analytics.py", line 652, in on_member_update
    before_timeout = before.timed_out_until
                     ^^^^^^^^^^^^^^^^^^^^^^
AttributeError: 'Member' object has no attribute 'timed_out_until'
Ignoring exception in on_member_update
Traceback (most recent call last):
  File "/usr/local/lib/python3.12/site-packages/discord/client.py", line 465, in _run_event
    await coro(*args, **kwargs)
  File "/app/asu_discord/cogs/analytics.py", line 652, in on_member_update
    before_timeout = before.timed_out_until
                     ^^^^^^^^^^^^^^^^^^^^^^
AttributeError: 'Member' object has no attribute 'timed_out_until'
Ignoring exception in on_member_update
Traceback (most recent call last):
  File "/usr/local/lib/python3.12/site-packages/discord/client.py", line 465, in _run_event
    await coro(*args, **kwargs)
  File "/app/asu_discord/cogs/analytics.py", line 652, in on_member_update
    before_timeout = before.timed_out_until
                     ^^^^^^^^^^^^^^^^^^^^^^
AttributeError: 'Member' object has no attribute 'timed_out_until'
Ignoring exception in on_member_update
Traceback (most recent call last):
  File "/usr/local/lib/python3.12/site-packages/discord/client.py", line 465, in _run_event
    await coro(*args, **kwargs)
  File "/app/asu_discord/cogs/analytics.py", line 652, in on_member_update
    before_timeout = before.timed_out_until
                     ^^^^^^^^^^^^^^^^^^^^^^
AttributeError: 'Member' object has no attribute 'timed_out_until'
Ignoring exception in on_member_update
Traceback (most recent call last):
  File "/usr/local/lib/python3.12/site-packages/discord/client.py", line 465, in _run_event
    await coro(*args, **kwargs)
  File "/app/asu_discord/cogs/analytics.py", line 652, in on_member_update
    before_timeout = before.timed_out_until
                     ^^^^^^^^^^^^^^^^^^^^^^
AttributeError: 'Member' object has no attribute 'timed_out_until'
Ignoring exception in on_member_update
Traceback (most recent call last):
  File "/usr/local/lib/python3.12/site-packages/discord/client.py", line 465, in _run_event
    await coro(*args, **kwargs)
  File "/app/asu_discord/cogs/analytics.py", line 652, in on_member_update
    before_timeout = before.timed_out_until
                     ^^^^^^^^^^^^^^^^^^^^^^
AttributeError: 'Member' object has no attribute 'timed_out_until'
Ignoring exception in on_member_update
Traceback (most recent call last):
  File "/usr/local/lib/python3.12/site-packages/discord/client.py", line 465, in _run_event
    await coro(*args, **kwargs)
  File "/app/asu_discord/cogs/analytics.py", line 652, in on_member_update
    before_timeout = before.timed_out_until
                     ^^^^^^^^^^^^^^^^^^^^^^
AttributeError: 'Member' object has no attribute 'timed_out_until'
INFO:asu_discord.cogs.verification:Saved 4 roles to database for user akhairo (Discord ID: 585416065606221825)
INFO:asu_discord.cogs.verification:Refreshed Salesforce roles for Discord user 585416065606221825: -3/+4 roles, assigned=[First Year, International Student, Tempe, W.P. Carey School of Business]
Ignoring exception in on_member_update
Traceback (most recent call last):
  File "/usr/local/lib/python3.12/site-packages/discord/client.py", line 465, in _run_event
    await coro(*args, **kwargs)
  File "/app/asu_discord/cogs/analytics.py", line 652, in on_member_update
    before_timeout = before.timed_out_until
                     ^^^^^^^^^^^^^^^^^^^^^^
AttributeError: 'Member' object has no attribute 'timed_out_until'
Ignoring exception in on_member_update
Traceback (most recent call last):
  File "/usr/local/lib/python3.12/site-packages/discord/client.py", line 465, in _run_event
    await coro(*args, **kwargs)
  File "/app/asu_discord/cogs/analytics.py", line 652, in on_member_update
    before_timeout = before.timed_out_until
                     ^^^^^^^^^^^^^^^^^^^^^^
AttributeError: 'Member' object has no attribute 'timed_out_until'
Ignoring exception in on_member_update
Traceback (most recent call last):
  File "/usr/local/lib/python3.12/site-packages/discord/client.py", line 465, in _run_event
    await coro(*args, **kwargs)
  File "/app/asu_discord/cogs/analytics.py", line 652, in on_member_update
    before_timeout = before.timed_out_until
                     ^^^^^^^^^^^^^^^^^^^^^^
AttributeError: 'Member' object has no attribute 'timed_out_until'
Ignoring exception in on_member_update
Traceback (most recent call last):
  File "/usr/local/lib/python3.12/site-packages/discord/client.py", line 465, in _run_event
    await coro(*args, **kwargs)
  File "/app/asu_discord/cogs/analytics.py", line 652, in on_member_update
    before_timeout = before.timed_out_until
                     ^^^^^^^^^^^^^^^^^^^^^^
AttributeError: 'Member' object has no attribute 'timed_out_until'
Ignoring exception in on_member_update
Traceback (most recent call last):
  File "/usr/local/lib/python3.12/site-packages/discord/client.py", line 465, in _run_event
    await coro(*args, **kwargs)
  File "/app/asu_discord/cogs/analytics.py", line 652, in on_member_update
    before_timeout = before.timed_out_until
                     ^^^^^^^^^^^^^^^^^^^^^^
AttributeError: 'Member' object has no attribute 'timed_out_until'
Ignoring exception in on_member_update
Traceback (most recent call last):
  File "/usr/local/lib/python3.12/site-packages/discord/client.py", line 465, in _run_event
    await coro(*args, **kwargs)
  File "/app/asu_discord/cogs/analytics.py", line 652, in on_member_update
    before_timeout = before.timed_out_until
                     ^^^^^^^^^^^^^^^^^^^^^^
AttributeError: 'Member' object has no attribute 'timed_out_until'
Ignoring exception in on_member_update
Traceback (most recent call last):
  File "/usr/local/lib/python3.12/site-packages/discord/client.py", line 465, in _run_event
    await coro(*args, **kwargs)
  File "/app/asu_discord/cogs/analytics.py", line 652, in on_member_update
    before_timeout = before.timed_out_until
                     ^^^^^^^^^^^^^^^^^^^^^^
AttributeError: 'Member' object has no attribute 'timed_out_until'
Ignoring exception in on_member_update
Traceback (most recent call last):
  File "/usr/local/lib/python3.12/site-packages/discord/client.py", line 465, in _run_event
    await coro(*args, **kwargs)
  File "/app/asu_discord/cogs/analytics.py", line 652, in on_member_update
    before_timeout = before.timed_out_until
                     ^^^^^^^^^^^^^^^^^^^^^^
AttributeError: 'Member' object has no attribute 'timed_out_until'
Ignoring exception in on_member_update
Traceback (most recent call last):
  File "/usr/local/lib/python3.12/site-packages/discord/client.py", line 465, in _run_event
    await coro(*args, **kwargs)
  File "/app/asu_discord/cogs/analytics.py", line 652, in on_member_update
    before_timeout = before.timed_out_until
                     ^^^^^^^^^^^^^^^^^^^^^^
AttributeError: 'Member' object has no attribute 'timed_out_until'
Ignoring exception in on_member_update
Traceback (most recent call last):
  File "/usr/local/lib/python3.12/site-packages/discord/client.py", line 465, in _run_event
    await coro(*args, **kwargs)
  File "/app/asu_discord/cogs/analytics.py", line 652, in on_member_update
    before_timeout = before.timed_out_until
                     ^^^^^^^^^^^^^^^^^^^^^^
AttributeError: 'Member' object has no attribute 'timed_out_until'
INFO:asu_discord.cogs.verification:Saved 5 roles to database for user yuhengl5 (Discord ID: 592635427479879731)
INFO:asu_discord.cogs.verification:Refreshed Salesforce roles for Discord user 592635427479879731: -5/+5 roles, assigned=[Commited, Graduate Student, International Student, Ira A. Fulton Schools of Engineering, Tempe]
ERROR:cron.jobs:refresh_salesforce_roles: failed for jssandh6 (Discord ID 1483821498497237134): Failed to refresh Salesforce-based roles: Discord user 1483821498497237134 is not a member of the guild
Ignoring exception in on_member_update
Traceback (most recent call last):
  File "/usr/local/lib/python3.12/site-packages/discord/client.py", line 465, in _run_event
    await coro(*args, **kwargs)
  File "/app/asu_discord/cogs/analytics.py", line 652, in on_member_update
    before_timeout = before.timed_out_until
                     ^^^^^^^^^^^^^^^^^^^^^^
AttributeError: 'Member' object has no attribute 'timed_out_until'
Ignoring exception in on_member_update
Traceback (most recent call last):
  File "/usr/local/lib/python3.12/site-packages/discord/client.py", line 465, in _run_event
    await coro(*args, **kwargs)
  File "/app/asu_discord/cogs/analytics.py", line 652, in on_member_update
    before_timeout = before.timed_out_until
                     ^^^^^^^^^^^^^^^^^^^^^^
AttributeError: 'Member' object has no attribute 'timed_out_until'
Ignoring exception in on_member_update
Traceback (most recent call last):
  File "/usr/local/lib/python3.12/site-packages/discord/client.py", line 465, in _run_event
    await coro(*args, **kwargs)
  File "/app/asu_discord/cogs/analytics.py", line 652, in on_member_update
    before_timeout = before.timed_out_until
                     ^^^^^^^^^^^^^^^^^^^^^^
AttributeError: 'Member' object has no attribute 'timed_out_until'
Ignoring exception in on_member_update
Traceback (most recent call last):
  File "/usr/local/lib/python3.12/site-packages/discord/client.py", line 465, in _run_event
    await coro(*args, **kwargs)
  File "/app/asu_discord/cogs/analytics.py", line 652, in on_member_update
    before_timeout = before.timed_out_until
                     ^^^^^^^^^^^^^^^^^^^^^^
AttributeError: 'Member' object has no attribute 'timed_out_until'
Ignoring exception in on_member_update
Traceback (most recent call last):
  File "/usr/local/lib/python3.12/site-packages/discord/client.py", line 465, in _run_event
    await coro(*args, **kwargs)
  File "/app/asu_discord/cogs/analytics.py", line 652, in on_member_update
    before_timeout = before.timed_out_until
                     ^^^^^^^^^^^^^^^^^^^^^^
AttributeError: 'Member' object has no attribute 'timed_out_until'
Ignoring exception in on_member_update
Traceback (most recent call last):
  File "/usr/local/lib/python3.12/site-packages/discord/client.py", line 465, in _run_event
    await coro(*args, **kwargs)
  File "/app/asu_discord/cogs/analytics.py", line 652, in on_member_update
    before_timeout = before.timed_out_until
                     ^^^^^^^^^^^^^^^^^^^^^^
AttributeError: 'Member' object has no attribute 'timed_out_until'
Ignoring exception in on_member_update
Traceback (most recent call last):
  File "/usr/local/lib/python3.12/site-packages/discord/client.py", line 465, in _run_event
    await coro(*args, **kwargs)
  File "/app/asu_discord/cogs/analytics.py", line 652, in on_member_update
    before_timeout = before.timed_out_until
                     ^^^^^^^^^^^^^^^^^^^^^^
AttributeError: 'Member' object has no attribute 'timed_out_until'
Ignoring exception in on_member_update
Traceback (most recent call last):
  File "/usr/local/lib/python3.12/site-packages/discord/client.py", line 465, in _run_event
    await coro(*args, **kwargs)
  File "/app/asu_discord/cogs/analytics.py", line 652, in on_member_update
    before_timeout = before.timed_out_until
                     ^^^^^^^^^^^^^^^^^^^^^^
AttributeError: 'Member' object has no attribute 'timed_out_until'
Ignoring exception in on_member_update
Traceback (most recent call last):
  File "/usr/local/lib/python3.12/site-packages/discord/client.py", line 465, in _run_event
    await coro(*args, **kwargs)
  File "/app/asu_discord/cogs/analytics.py", line 652, in on_member_update
    before_timeout = before.timed_out_until
                     ^^^^^^^^^^^^^^^^^^^^^^
AttributeError: 'Member' object has no attribute 'timed_out_until'
Ignoring exception in on_member_update
Traceback (most recent call last):
  File "/usr/local/lib/python3.12/site-packages/discord/client.py", line 465, in _run_event
    await coro(*args, **kwargs)
  File "/app/asu_discord/cogs/analytics.py", line 652, in on_member_update
    before_timeout = before.timed_out_until
                     ^^^^^^^^^^^^^^^^^^^^^^
AttributeError: 'Member' object has no attribute 'timed_out_until'
INFO:asu_discord.cogs.verification:Saved 5 roles to database for user ttran184 (Discord ID: 955702801047101490)
INFO:asu_discord.cogs.verification:Refreshed Salesforce roles for Discord user 955702801047101490: -5/+5 roles, assigned=[Commited, First Year, International Student, Tempe, W.P. Carey School of Business]
Ignoring exception in on_member_update
Traceback (most recent call last):
  File "/usr/local/lib/python3.12/site-packages/discord/client.py", line 465, in _run_event
    await coro(*args, **kwargs)
  File "/app/asu_discord/cogs/analytics.py", line 652, in on_member_update
    before_timeout = before.timed_out_until
                     ^^^^^^^^^^^^^^^^^^^^^^
AttributeError: 'Member' object has no attribute 'timed_out_until'
Ignoring exception in on_member_update
Traceback (most recent call last):
  File "/usr/local/lib/python3.12/site-packages/discord/client.py", line 465, in _run_event
    await coro(*args, **kwargs)
  File "/app/asu_discord/cogs/analytics.py", line 652, in on_member_update
    before_timeout = before.timed_out_until
                     ^^^^^^^^^^^^^^^^^^^^^^
AttributeError: 'Member' object has no attribute 'timed_out_until'
Ignoring exception in on_member_update
Traceback (most recent call last):
  File "/usr/local/lib/python3.12/site-packages/discord/client.py", line 465, in _run_event
    await coro(*args, **kwargs)
  File "/app/asu_discord/cogs/analytics.py", line 652, in on_member_update
    before_timeout = before.timed_out_until
                     ^^^^^^^^^^^^^^^^^^^^^^
AttributeError: 'Member' object has no attribute 'timed_out_until'
Ignoring exception in on_member_update
Traceback (most recent call last):
  File "/usr/local/lib/python3.12/site-packages/discord/client.py", line 465, in _run_event
    await coro(*args, **kwargs)
  File "/app/asu_discord/cogs/analytics.py", line 652, in on_member_update
    before_timeout = before.timed_out_until
                     ^^^^^^^^^^^^^^^^^^^^^^
AttributeError: 'Member' object has no attribute 'timed_out_until'
Ignoring exception in on_member_update
Traceback (most recent call last):
  File "/usr/local/lib/python3.12/site-packages/discord/client.py", line 465, in _run_event
    await coro(*args, **kwargs)
  File "/app/asu_discord/cogs/analytics.py", line 652, in on_member_update
    before_timeout = before.timed_out_until
                     ^^^^^^^^^^^^^^^^^^^^^^
AttributeError: 'Member' object has no attribute 'timed_out_until'
Ignoring exception in on_member_update
Traceback (most recent call last):
  File "/usr/local/lib/python3.12/site-packages/discord/client.py", line 465, in _run_event
    await coro(*args, **kwargs)
  File "/app/asu_discord/cogs/analytics.py", line 652, in on_member_update
    before_timeout = before.timed_out_until
                     ^^^^^^^^^^^^^^^^^^^^^^
AttributeError: 'Member' object has no attribute 'timed_out_until'
Ignoring exception in on_member_update
Traceback (most recent call last):
  File "/usr/local/lib/python3.12/site-packages/discord/client.py", line 465, in _run_event
    await coro(*args, **kwargs)
  File "/app/asu_discord/cogs/analytics.py", line 652, in on_member_update
    before_timeout = before.timed_out_until
                     ^^^^^^^^^^^^^^^^^^^^^^
AttributeError: 'Member' object has no attribute 'timed_out_until'
Ignoring exception in on_member_update
Traceback (most recent call last):
  File "/usr/local/lib/python3.12/site-packages/discord/client.py", line 465, in _run_event
    await coro(*args, **kwargs)
  File "/app/asu_discord/cogs/analytics.py", line 652, in on_member_update
    before_timeout = before.timed_out_until
                     ^^^^^^^^^^^^^^^^^^^^^^
AttributeError: 'Member' object has no attribute 'timed_out_until'
Ignoring exception in on_member_update
Traceback (most recent call last):
  File "/usr/local/lib/python3.12/site-packages/discord/client.py", line 465, in _run_event
    await coro(*args, **kwargs)
  File "/app/asu_discord/cogs/analytics.py", line 652, in on_member_update
    before_timeout = before.timed_out_until
                     ^^^^^^^^^^^^^^^^^^^^^^
AttributeError: 'Member' object has no attribute 'timed_out_until'
Ignoring exception in on_member_update
Traceback (most recent call last):
  File "/usr/local/lib/python3.12/site-packages/discord/client.py", line 465, in _run_event
    await coro(*args, **kwargs)
  File "/app/asu_discord/cogs/analytics.py", line 652, in on_member_update
    before_timeout = before.timed_out_until
                     ^^^^^^^^^^^^^^^^^^^^^^
AttributeError: 'Member' object has no attribute 'timed_out_until'
Ignoring exception in on_member_update
Traceback (most recent call last):
  File "/usr/local/lib/python3.12/site-packages/discord/client.py", line 465, in _run_event
    await coro(*args, **kwargs)
  File "/app/asu_discord/cogs/analytics.py", line 652, in on_member_update
    before_timeout = before.timed_out_until
                     ^^^^^^^^^^^^^^^^^^^^^^
AttributeError: 'Member' object has no attribute 'timed_out_until'
Ignoring exception in on_member_update
Traceback (most recent call last):
  File "/usr/local/lib/python3.12/site-packages/discord/client.py", line 465, in _run_event
    await coro(*args, **kwargs)
  File "/app/asu_discord/cogs/analytics.py", line 652, in on_member_update
    before_timeout = before.timed_out_until
                     ^^^^^^^^^^^^^^^^^^^^^^
AttributeError: 'Member' object has no attribute 'timed_out_until'
INFO:asu_discord.cogs.verification:Saved 6 roles to database for user yhong123 (Discord ID: 1395406991782056149)
INFO:asu_discord.cogs.verification:Refreshed Salesforce roles for Discord user 1395406991782056149: -6/+6 roles, assigned=[College of Liberal Arts and Sciences, Commited, International Student, Tempe, Transfer Student, Upperclassmen]
Ignoring exception in on_member_update
Traceback (most recent call last):
  File "/usr/local/lib/python3.12/site-packages/discord/client.py", line 465, in _run_event
    await coro(*args, **kwargs)
  File "/app/asu_discord/cogs/analytics.py", line 652, in on_member_update
    before_timeout = before.timed_out_until
                     ^^^^^^^^^^^^^^^^^^^^^^
AttributeError: 'Member' object has no attribute 'timed_out_until'
Ignoring exception in on_member_update
Traceback (most recent call last):
  File "/usr/local/lib/python3.12/site-packages/discord/client.py", line 465, in _run_event
    await coro(*args, **kwargs)
  File "/app/asu_discord/cogs/analytics.py", line 652, in on_member_update
    before_timeout = before.timed_out_until
                     ^^^^^^^^^^^^^^^^^^^^^^
AttributeError: 'Member' object has no attribute 'timed_out_until'
Ignoring exception in on_member_update
Traceback (most recent call last):
  File "/usr/local/lib/python3.12/site-packages/discord/client.py", line 465, in _run_event
    await coro(*args, **kwargs)
  File "/app/asu_discord/cogs/analytics.py", line 652, in on_member_update
    before_timeout = before.timed_out_until
                     ^^^^^^^^^^^^^^^^^^^^^^
AttributeError: 'Member' object has no attribute 'timed_out_until'
Ignoring exception in on_member_update
Traceback (most recent call last):
  File "/usr/local/lib/python3.12/site-packages/discord/client.py", line 465, in _run_event
    await coro(*args, **kwargs)
  File "/app/asu_discord/cogs/analytics.py", line 652, in on_member_update
    before_timeout = before.timed_out_until
                     ^^^^^^^^^^^^^^^^^^^^^^
AttributeError: 'Member' object has no attribute 'timed_out_until'
Ignoring exception in on_member_update
Traceback (most recent call last):
  File "/usr/local/lib/python3.12/site-packages/discord/client.py", line 465, in _run_event
    await coro(*args, **kwargs)
  File "/app/asu_discord/cogs/analytics.py", line 652, in on_member_update
    before_timeout = before.timed_out_until
                     ^^^^^^^^^^^^^^^^^^^^^^
AttributeError: 'Member' object has no attribute 'timed_out_until'
Ignoring exception in on_member_update
Traceback (most recent call last):
  File "/usr/local/lib/python3.12/site-packages/discord/client.py", line 465, in _run_event
    await coro(*args, **kwargs)
  File "/app/asu_discord/cogs/analytics.py", line 652, in on_member_update
    before_timeout = before.timed_out_until
                     ^^^^^^^^^^^^^^^^^^^^^^
AttributeError: 'Member' object has no attribute 'timed_out_until'
Ignoring exception in on_member_update
Traceback (most recent call last):
  File "/usr/local/lib/python3.12/site-packages/discord/client.py", line 465, in _run_event
    await coro(*args, **kwargs)
  File "/app/asu_discord/cogs/analytics.py", line 652, in on_member_update
    before_timeout = before.timed_out_until
                     ^^^^^^^^^^^^^^^^^^^^^^
AttributeError: 'Member' object has no attribute 'timed_out_until'
Ignoring exception in on_member_update
Traceback (most recent call last):
  File "/usr/local/lib/python3.12/site-packages/discord/client.py", line 465, in _run_event
    await coro(*args, **kwargs)
  File "/app/asu_discord/cogs/analytics.py", line 652, in on_member_update
    before_timeout = before.timed_out_until
                     ^^^^^^^^^^^^^^^^^^^^^^
AttributeError: 'Member' object has no attribute 'timed_out_until'
INFO:asu_discord.cogs.verification:Saved 4 roles to database for user sjoti1 (Discord ID: 1507415144282460343)
INFO:asu_discord.cogs.verification:Refreshed Salesforce roles for Discord user 1507415144282460343: -4/+4 roles, assigned=[Graduate Student, International Student, Ira A. Fulton Schools of Engineering, Polytechnic]
Ignoring exception in on_member_update
Traceback (most recent call last):
  File "/usr/local/lib/python3.12/site-packages/discord/client.py", line 465, in _run_event
    await coro(*args, **kwargs)
  File "/app/asu_discord/cogs/analytics.py", line 652, in on_member_update
    before_timeout = before.timed_out_until
                     ^^^^^^^^^^^^^^^^^^^^^^
AttributeError: 'Member' object has no attribute 'timed_out_until'
Ignoring exception in on_member_update
Traceback (most recent call last):
  File "/usr/local/lib/python3.12/site-packages/discord/client.py", line 465, in _run_event
    await coro(*args, **kwargs)
  File "/app/asu_discord/cogs/analytics.py", line 652, in on_member_update
    before_timeout = before.timed_out_until
                     ^^^^^^^^^^^^^^^^^^^^^^
AttributeError: 'Member' object has no attribute 'timed_out_until'
Ignoring exception in on_member_update
Traceback (most recent call last):
  File "/usr/local/lib/python3.12/site-packages/discord/client.py", line 465, in _run_event
    await coro(*args, **kwargs)
  File "/app/asu_discord/cogs/analytics.py", line 652, in on_member_update
    before_timeout = before.timed_out_until
                     ^^^^^^^^^^^^^^^^^^^^^^
AttributeError: 'Member' object has no attribute 'timed_out_until'
Ignoring exception in on_member_update
Traceback (most recent call last):
  File "/usr/local/lib/python3.12/site-packages/discord/client.py", line 465, in _run_event
    await coro(*args, **kwargs)
  File "/app/asu_discord/cogs/analytics.py", line 652, in on_member_update
    before_timeout = before.timed_out_until
                     ^^^^^^^^^^^^^^^^^^^^^^
AttributeError: 'Member' object has no attribute 'timed_out_until'
Ignoring exception in on_member_update
Traceback (most recent call last):
  File "/usr/local/lib/python3.12/site-packages/discord/client.py", line 465, in _run_event
    await coro(*args, **kwargs)
  File "/app/asu_discord/cogs/analytics.py", line 652, in on_member_update
    before_timeout = before.timed_out_until
                     ^^^^^^^^^^^^^^^^^^^^^^
AttributeError: 'Member' object has no attribute 'timed_out_until'
Ignoring exception in on_member_update
Traceback (most recent call last):
  File "/usr/local/lib/python3.12/site-packages/discord/client.py", line 465, in _run_event
    await coro(*args, **kwargs)
  File "/app/asu_discord/cogs/analytics.py", line 652, in on_member_update
    before_timeout = before.timed_out_until
                     ^^^^^^^^^^^^^^^^^^^^^^
AttributeError: 'Member' object has no attribute 'timed_out_until'
Ignoring exception in on_member_update
Traceback (most recent call last):
  File "/usr/local/lib/python3.12/site-packages/discord/client.py", line 465, in _run_event
    await coro(*args, **kwargs)
  File "/app/asu_discord/cogs/analytics.py", line 652, in on_member_update
    before_timeout = before.timed_out_until
                     ^^^^^^^^^^^^^^^^^^^^^^
AttributeError: 'Member' object has no attribute 'timed_out_until'
Ignoring exception in on_member_update
Traceback (most recent call last):
  File "/usr/local/lib/python3.12/site-packages/discord/client.py", line 465, in _run_event
    await coro(*args, **kwargs)
  File "/app/asu_discord/cogs/analytics.py", line 652, in on_member_update
    before_timeout = before.timed_out_until
                     ^^^^^^^^^^^^^^^^^^^^^^
AttributeError: 'Member' object has no attribute 'timed_out_until'
Ignoring exception in on_member_update
Traceback (most recent call last):
  File "/usr/local/lib/python3.12/site-packages/discord/client.py", line 465, in _run_event
    await coro(*args, **kwargs)
  File "/app/asu_discord/cogs/analytics.py", line 652, in on_member_update
    before_timeout = before.timed_out_until
                     ^^^^^^^^^^^^^^^^^^^^^^
AttributeError: 'Member' object has no attribute 'timed_out_until'
Ignoring exception in on_member_update
Traceback (most recent call last):
  File "/usr/local/lib/python3.12/site-packages/discord/client.py", line 465, in _run_event
    await coro(*args, **kwargs)
  File "/app/asu_discord/cogs/analytics.py", line 652, in on_member_update
    before_timeout = before.timed_out_until
                     ^^^^^^^^^^^^^^^^^^^^^^
AttributeError: 'Member' object has no attribute 'timed_out_until'
Ignoring exception in on_member_update
Traceback (most recent call last):
  File "/usr/local/lib/python3.12/site-packages/discord/client.py", line 465, in _run_event
    await coro(*args, **kwargs)
  File "/app/asu_discord/cogs/analytics.py", line 652, in on_member_update
    before_timeout = before.timed_out_until
                     ^^^^^^^^^^^^^^^^^^^^^^
AttributeError: 'Member' object has no attribute 'timed_out_until'
INFO:asu_discord.cogs.verification:Saved 6 roles to database for user kpande29 (Discord ID: 1447772483439562914)
INFO:asu_discord.cogs.verification:Refreshed Salesforce roles for Discord user 1447772483439562914: -5/+6 roles, assigned=[Commited, First Generation Student, Graduate Student, International Student, Ira A. Fulton Schools of Engineering, Tempe]
Ignoring exception in on_member_update
Traceback (most recent call last):
  File "/usr/local/lib/python3.12/site-packages/discord/client.py", line 465, in _run_event
    await coro(*args, **kwargs)
  File "/app/asu_discord/cogs/analytics.py", line 652, in on_member_update
    before_timeout = before.timed_out_until
                     ^^^^^^^^^^^^^^^^^^^^^^
AttributeError: 'Member' object has no attribute 'timed_out_until'
Ignoring exception in on_member_update
Traceback (most recent call last):
  File "/usr/local/lib/python3.12/site-packages/discord/client.py", line 465, in _run_event
    await coro(*args, **kwargs)
  File "/app/asu_discord/cogs/analytics.py", line 652, in on_member_update
    before_timeout = before.timed_out_until
                     ^^^^^^^^^^^^^^^^^^^^^^
AttributeError: 'Member' object has no attribute 'timed_out_until'
Ignoring exception in on_member_update
Traceback (most recent call last):
  File "/usr/local/lib/python3.12/site-packages/discord/client.py", line 465, in _run_event
    await coro(*args, **kwargs)
  File "/app/asu_discord/cogs/analytics.py", line 652, in on_member_update
    before_timeout = before.timed_out_until
                     ^^^^^^^^^^^^^^^^^^^^^^
AttributeError: 'Member' object has no attribute 'timed_out_until'
Ignoring exception in on_member_update
Traceback (most recent call last):
  File "/usr/local/lib/python3.12/site-packages/discord/client.py", line 465, in _run_event
    await coro(*args, **kwargs)
  File "/app/asu_discord/cogs/analytics.py", line 652, in on_member_update
    before_timeout = before.timed_out_until
                     ^^^^^^^^^^^^^^^^^^^^^^
AttributeError: 'Member' object has no attribute 'timed_out_until'
Ignoring exception in on_member_update
Traceback (most recent call last):
  File "/usr/local/lib/python3.12/site-packages/discord/client.py", line 465, in _run_event
    await coro(*args, **kwargs)
  File "/app/asu_discord/cogs/analytics.py", line 652, in on_member_update
    before_timeout = before.timed_out_until
                     ^^^^^^^^^^^^^^^^^^^^^^
AttributeError: 'Member' object has no attribute 'timed_out_until'
Ignoring exception in on_member_update
Traceback (most recent call last):
  File "/usr/local/lib/python3.12/site-packages/discord/client.py", line 465, in _run_event
    await coro(*args, **kwargs)
  File "/app/asu_discord/cogs/analytics.py", line 652, in on_member_update
    before_timeout = before.timed_out_until
                     ^^^^^^^^^^^^^^^^^^^^^^
AttributeError: 'Member' object has no attribute 'timed_out_until'
Ignoring exception in on_member_update
Traceback (most recent call last):
  File "/usr/local/lib/python3.12/site-packages/discord/client.py", line 465, in _run_event
    await coro(*args, **kwargs)
  File "/app/asu_discord/cogs/analytics.py", line 652, in on_member_update
    before_timeout = before.timed_out_until
                     ^^^^^^^^^^^^^^^^^^^^^^
AttributeError: 'Member' object has no attribute 'timed_out_until'
Ignoring exception in on_member_update
Traceback (most recent call last):
  File "/usr/local/lib/python3.12/site-packages/discord/client.py", line 465, in _run_event
    await coro(*args, **kwargs)
  File "/app/asu_discord/cogs/analytics.py", line 652, in on_member_update
    before_timeout = before.timed_out_until
                     ^^^^^^^^^^^^^^^^^^^^^^
AttributeError: 'Member' object has no attribute 'timed_out_until'
INFO:asu_discord.cogs.verification:Saved 4 roles to database for user zbyas (Discord ID: 1461523790524715213)
INFO:asu_discord.cogs.verification:Refreshed Salesforce roles for Discord user 1461523790524715213: -4/+4 roles, assigned=[Arizona Resident, First Year, Herberger Institute for Design and the Arts, Tempe]
Ignoring exception in on_member_update
Traceback (most recent call last):
  File "/usr/local/lib/python3.12/site-packages/discord/client.py", line 465, in _run_event
    await coro(*args, **kwargs)
  File "/app/asu_discord/cogs/analytics.py", line 652, in on_member_update
    before_timeout = before.timed_out_until
                     ^^^^^^^^^^^^^^^^^^^^^^
AttributeError: 'Member' object has no attribute 'timed_out_until'
Ignoring exception in on_member_update
Traceback (most recent call last):
  File "/usr/local/lib/python3.12/site-packages/discord/client.py", line 465, in _run_event
    await coro(*args, **kwargs)
  File "/app/asu_discord/cogs/analytics.py", line 652, in on_member_update
    before_timeout = before.timed_out_until
                     ^^^^^^^^^^^^^^^^^^^^^^
AttributeError: 'Member' object has no attribute 'timed_out_until'
Ignoring exception in on_member_update
Traceback (most recent call last):
  File "/usr/local/lib/python3.12/site-packages/discord/client.py", line 465, in _run_event
    await coro(*args, **kwargs)
  File "/app/asu_discord/cogs/analytics.py", line 652, in on_member_update
    before_timeout = before.timed_out_until
                     ^^^^^^^^^^^^^^^^^^^^^^
AttributeError: 'Member' object has no attribute 'timed_out_until'
Ignoring exception in on_member_update
Traceback (most recent call last):
  File "/usr/local/lib/python3.12/site-packages/discord/client.py", line 465, in _run_event
    await coro(*args, **kwargs)
  File "/app/asu_discord/cogs/analytics.py", line 652, in on_member_update
    before_timeout = before.timed_out_until
                     ^^^^^^^^^^^^^^^^^^^^^^
AttributeError: 'Member' object has no attribute 'timed_out_until'
Ignoring exception in on_member_update
Traceback (most recent call last):
  File "/usr/local/lib/python3.12/site-packages/discord/client.py", line 465, in _run_event
    await coro(*args, **kwargs)
  File "/app/asu_discord/cogs/analytics.py", line 652, in on_member_update
    before_timeout = before.timed_out_until
                     ^^^^^^^^^^^^^^^^^^^^^^
AttributeError: 'Member' object has no attribute 'timed_out_until'
Ignoring exception in on_member_update
Traceback (most recent call last):
  File "/usr/local/lib/python3.12/site-packages/discord/client.py", line 465, in _run_event
    await coro(*args, **kwargs)
  File "/app/asu_discord/cogs/analytics.py", line 652, in on_member_update
    before_timeout = before.timed_out_until
                     ^^^^^^^^^^^^^^^^^^^^^^
AttributeError: 'Member' object has no attribute 'timed_out_until'
Ignoring exception in on_member_update
Traceback (most recent call last):
  File "/usr/local/lib/python3.12/site-packages/discord/client.py", line 465, in _run_event
    await coro(*args, **kwargs)
  File "/app/asu_discord/cogs/analytics.py", line 652, in on_member_update
    before_timeout = before.timed_out_until
                     ^^^^^^^^^^^^^^^^^^^^^^
AttributeError: 'Member' object has no attribute 'timed_out_until'
Ignoring exception in on_member_update
Traceback (most recent call last):
  File "/usr/local/lib/python3.12/site-packages/discord/client.py", line 465, in _run_event
    await coro(*args, **kwargs)
  File "/app/asu_discord/cogs/analytics.py", line 652, in on_member_update
    before_timeout = before.timed_out_until
                     ^^^^^^^^^^^^^^^^^^^^^^
AttributeError: 'Member' object has no attribute 'timed_out_until'
Ignoring exception in on_member_update
Traceback (most recent call last):
  File "/usr/local/lib/python3.12/site-packages/discord/client.py", line 465, in _run_event
    await coro(*args, **kwargs)
  File "/app/asu_discord/cogs/analytics.py", line 652, in on_member_update
    before_timeout = before.timed_out_until
                     ^^^^^^^^^^^^^^^^^^^^^^
AttributeError: 'Member' object has no attribute 'timed_out_until'
Ignoring exception in on_member_update
Traceback (most recent call last):
  File "/usr/local/lib/python3.12/site-packages/discord/client.py", line 465, in _run_event
    await coro(*args, **kwargs)
  File "/app/asu_discord/cogs/analytics.py", line 652, in on_member_update
    before_timeout = before.timed_out_until
                     ^^^^^^^^^^^^^^^^^^^^^^
AttributeError: 'Member' object has no attribute 'timed_out_until'
INFO:asu_discord.cogs.verification:Saved 5 roles to database for user lksanch4 (Discord ID: 1497822548899922032)
INFO:asu_discord.cogs.verification:Refreshed Salesforce roles for Discord user 1497822548899922032: -5/+5 roles, assigned=[Arizona Resident, First Generation Student, Graduate Student, Ira A. Fulton Schools of Engineering, Online]
Ignoring exception in on_member_update
Traceback (most recent call last):
  File "/usr/local/lib/python3.12/site-packages/discord/client.py", line 465, in _run_event
    await coro(*args, **kwargs)
  File "/app/asu_discord/cogs/analytics.py", line 652, in on_member_update
    before_timeout = before.timed_out_until
                     ^^^^^^^^^^^^^^^^^^^^^^
AttributeError: 'Member' object has no attribute 'timed_out_until'
Ignoring exception in on_member_update
Traceback (most recent call last):
  File "/usr/local/lib/python3.12/site-packages/discord/client.py", line 465, in _run_event
    await coro(*args, **kwargs)
  File "/app/asu_discord/cogs/analytics.py", line 652, in on_member_update
    before_timeout = before.timed_out_until
                     ^^^^^^^^^^^^^^^^^^^^^^
AttributeError: 'Member' object has no attribute 'timed_out_until'
Ignoring exception in on_member_update
Traceback (most recent call last):
  File "/usr/local/lib/python3.12/site-packages/discord/client.py", line 465, in _run_event
    await coro(*args, **kwargs)
  File "/app/asu_discord/cogs/analytics.py", line 652, in on_member_update
    before_timeout = before.timed_out_until
                     ^^^^^^^^^^^^^^^^^^^^^^
AttributeError: 'Member' object has no attribute 'timed_out_until'
Ignoring exception in on_member_update
Traceback (most recent call last):
  File "/usr/local/lib/python3.12/site-packages/discord/client.py", line 465, in _run_event
    await coro(*args, **kwargs)
  File "/app/asu_discord/cogs/analytics.py", line 652, in on_member_update
    before_timeout = before.timed_out_until
                     ^^^^^^^^^^^^^^^^^^^^^^
AttributeError: 'Member' object has no attribute 'timed_out_until'
Ignoring exception in on_member_update
Traceback (most recent call last):
  File "/usr/local/lib/python3.12/site-packages/discord/client.py", line 465, in _run_event
    await coro(*args, **kwargs)
  File "/app/asu_discord/cogs/analytics.py", line 652, in on_member_update
    before_timeout = before.timed_out_until
                     ^^^^^^^^^^^^^^^^^^^^^^
AttributeError: 'Member' object has no attribute 'timed_out_until'
Ignoring exception in on_member_update
Traceback (most recent call last):
  File "/usr/local/lib/python3.12/site-packages/discord/client.py", line 465, in _run_event
    await coro(*args, **kwargs)
  File "/app/asu_discord/cogs/analytics.py", line 652, in on_member_update
    before_timeout = before.timed_out_until
                     ^^^^^^^^^^^^^^^^^^^^^^
AttributeError: 'Member' object has no attribute 'timed_out_until'
Ignoring exception in on_member_update
Traceback (most recent call last):
  File "/usr/local/lib/python3.12/site-packages/discord/client.py", line 465, in _run_event
    await coro(*args, **kwargs)
  File "/app/asu_discord/cogs/analytics.py", line 652, in on_member_update
    before_timeout = before.timed_out_until
                     ^^^^^^^^^^^^^^^^^^^^^^
AttributeError: 'Member' object has no attribute 'timed_out_until'
Ignoring exception in on_member_update
Traceback (most recent call last):
  File "/usr/local/lib/python3.12/site-packages/discord/client.py", line 465, in _run_event
    await coro(*args, **kwargs)
  File "/app/asu_discord/cogs/analytics.py", line 652, in on_member_update
    before_timeout = before.timed_out_until
                     ^^^^^^^^^^^^^^^^^^^^^^
AttributeError: 'Member' object has no attribute 'timed_out_until'
Ignoring exception in on_member_update
Traceback (most recent call last):
  File "/usr/local/lib/python3.12/site-packages/discord/client.py", line 465, in _run_event
    await coro(*args, **kwargs)
  File "/app/asu_discord/cogs/analytics.py", line 652, in on_member_update
    before_timeout = before.timed_out_until
                     ^^^^^^^^^^^^^^^^^^^^^^
AttributeError: 'Member' object has no attribute 'timed_out_until'
INFO:asu_discord.cogs.verification:Saved 5 roles to database for user dtbutter (Discord ID: 613594142018371635)
INFO:asu_discord.cogs.verification:Refreshed Salesforce roles for Discord user 613594142018371635: -4/+5 roles, assigned=[Arizona Resident, Commited, Ira A. Fulton Schools of Engineering, Tempe, Transfer Student]
Ignoring exception in on_member_update
Traceback (most recent call last):
  File "/usr/local/lib/python3.12/site-packages/discord/client.py", line 465, in _run_event
    await coro(*args, **kwargs)
  File "/app/asu_discord/cogs/analytics.py", line 652, in on_member_update
    before_timeout = before.timed_out_until
                     ^^^^^^^^^^^^^^^^^^^^^^
AttributeError: 'Member' object has no attribute 'timed_out_until'
Ignoring exception in on_member_update
Traceback (most recent call last):
  File "/usr/local/lib/python3.12/site-packages/discord/client.py", line 465, in _run_event
    await coro(*args, **kwargs)
  File "/app/asu_discord/cogs/analytics.py", line 652, in on_member_update
    before_timeout = before.timed_out_until
                     ^^^^^^^^^^^^^^^^^^^^^^
AttributeError: 'Member' object has no attribute 'timed_out_until'
Ignoring exception in on_member_update
Traceback (most recent call last):
  File "/usr/local/lib/python3.12/site-packages/discord/client.py", line 465, in _run_event
    await coro(*args, **kwargs)
  File "/app/asu_discord/cogs/analytics.py", line 652, in on_member_update
    before_timeout = before.timed_out_until
                     ^^^^^^^^^^^^^^^^^^^^^^
AttributeError: 'Member' object has no attribute 'timed_out_until'
Ignoring exception in on_member_update
Traceback (most recent call last):
  File "/usr/local/lib/python3.12/site-packages/discord/client.py", line 465, in _run_event
    await coro(*args, **kwargs)
  File "/app/asu_discord/cogs/analytics.py", line 652, in on_member_update
    before_timeout = before.timed_out_until
                     ^^^^^^^^^^^^^^^^^^^^^^
AttributeError: 'Member' object has no attribute 'timed_out_until'
Ignoring exception in on_member_update
Traceback (most recent call last):
  File "/usr/local/lib/python3.12/site-packages/discord/client.py", line 465, in _run_event
    await coro(*args, **kwargs)
  File "/app/asu_discord/cogs/analytics.py", line 652, in on_member_update
    before_timeout = before.timed_out_until
                     ^^^^^^^^^^^^^^^^^^^^^^
AttributeError: 'Member' object has no attribute 'timed_out_until'
Ignoring exception in on_member_update
Traceback (most recent call last):
  File "/usr/local/lib/python3.12/site-packages/discord/client.py", line 465, in _run_event
    await coro(*args, **kwargs)
  File "/app/asu_discord/cogs/analytics.py", line 652, in on_member_update
    before_timeout = before.timed_out_until
                     ^^^^^^^^^^^^^^^^^^^^^^
AttributeError: 'Member' object has no attribute 'timed_out_until'
Ignoring exception in on_member_update
Traceback (most recent call last):
  File "/usr/local/lib/python3.12/site-packages/discord/client.py", line 465, in _run_event
    await coro(*args, **kwargs)
  File "/app/asu_discord/cogs/analytics.py", line 652, in on_member_update
    before_timeout = before.timed_out_until
                     ^^^^^^^^^^^^^^^^^^^^^^
AttributeError: 'Member' object has no attribute 'timed_out_until'
Ignoring exception in on_member_update
Traceback (most recent call last):
  File "/usr/local/lib/python3.12/site-packages/discord/client.py", line 465, in _run_event
    await coro(*args, **kwargs)
  File "/app/asu_discord/cogs/analytics.py", line 652, in on_member_update
    before_timeout = before.timed_out_until
                     ^^^^^^^^^^^^^^^^^^^^^^
AttributeError: 'Member' object has no attribute 'timed_out_until'
INFO:asu_discord.cogs.verification:Saved 4 roles to database for user zlbaldwi (Discord ID: 177480088755896321)
INFO:asu_discord.cogs.verification:Refreshed Salesforce roles for Discord user 177480088755896321: -4/+4 roles, assigned=[Arizona Resident, Graduate Student, Ira A. Fulton Schools of Engineering, Tempe]
ERROR:cron.jobs:refresh_salesforce_roles: failed for sbnapier (Discord ID 1086063842586533949): Failed to refresh Salesforce-based roles: Discord user 1086063842586533949 is not a member of the guild
Ignoring exception in on_member_update
Traceback (most recent call last):
  File "/usr/local/lib/python3.12/site-packages/discord/client.py", line 465, in _run_event
    await coro(*args, **kwargs)
  File "/app/asu_discord/cogs/analytics.py", line 652, in on_member_update
    before_timeout = before.timed_out_until
                     ^^^^^^^^^^^^^^^^^^^^^^
AttributeError: 'Member' object has no attribute 'timed_out_until'
Ignoring exception in on_member_update
Traceback (most recent call last):
  File "/usr/local/lib/python3.12/site-packages/discord/client.py", line 465, in _run_event
    await coro(*args, **kwargs)
  File "/app/asu_discord/cogs/analytics.py", line 652, in on_member_update
    before_timeout = before.timed_out_until
                     ^^^^^^^^^^^^^^^^^^^^^^
AttributeError: 'Member' object has no attribute 'timed_out_until'
Ignoring exception in on_member_update
Traceback (most recent call last):
  File "/usr/local/lib/python3.12/site-packages/discord/client.py", line 465, in _run_event
    await coro(*args, **kwargs)
  File "/app/asu_discord/cogs/analytics.py", line 652, in on_member_update
    before_timeout = before.timed_out_until
                     ^^^^^^^^^^^^^^^^^^^^^^
AttributeError: 'Member' object has no attribute 'timed_out_until'
Ignoring exception in on_member_update
Traceback (most recent call last):
  File "/usr/local/lib/python3.12/site-packages/discord/client.py", line 465, in _run_event
    await coro(*args, **kwargs)
  File "/app/asu_discord/cogs/analytics.py", line 652, in on_member_update
    before_timeout = before.timed_out_until
                     ^^^^^^^^^^^^^^^^^^^^^^
AttributeError: 'Member' object has no attribute 'timed_out_until'
Ignoring exception in on_member_update
Traceback (most recent call last):
  File "/usr/local/lib/python3.12/site-packages/discord/client.py", line 465, in _run_event
    await coro(*args, **kwargs)
  File "/app/asu_discord/cogs/analytics.py", line 652, in on_member_update
    before_timeout = before.timed_out_until
                     ^^^^^^^^^^^^^^^^^^^^^^
AttributeError: 'Member' object has no attribute 'timed_out_until'
Ignoring exception in on_member_update
Traceback (most recent call last):
  File "/usr/local/lib/python3.12/site-packages/discord/client.py", line 465, in _run_event
    await coro(*args, **kwargs)
  File "/app/asu_discord/cogs/analytics.py", line 652, in on_member_update
    before_timeout = before.timed_out_until
                     ^^^^^^^^^^^^^^^^^^^^^^
AttributeError: 'Member' object has no attribute 'timed_out_until'
Ignoring exception in on_member_update
Traceback (most recent call last):
  File "/usr/local/lib/python3.12/site-packages/discord/client.py", line 465, in _run_event
    await coro(*args, **kwargs)
  File "/app/asu_discord/cogs/analytics.py", line 652, in on_member_update
    before_timeout = before.timed_out_until
                     ^^^^^^^^^^^^^^^^^^^^^^
AttributeError: 'Member' object has no attribute 'timed_out_until'
Ignoring exception in on_member_update
Traceback (most recent call last):
  File "/usr/local/lib/python3.12/site-packages/discord/client.py", line 465, in _run_event
    await coro(*args, **kwargs)
  File "/app/asu_discord/cogs/analytics.py", line 652, in on_member_update
    before_timeout = before.timed_out_until
                     ^^^^^^^^^^^^^^^^^^^^^^
AttributeError: 'Member' object has no attribute 'timed_out_until'
Ignoring exception in on_member_update
Traceback (most recent call last):
  File "/usr/local/lib/python3.12/site-packages/discord/client.py", line 465, in _run_event
    await coro(*args, **kwargs)
  File "/app/asu_discord/cogs/analytics.py", line 652, in on_member_update
    before_timeout = before.timed_out_until
                     ^^^^^^^^^^^^^^^^^^^^^^
AttributeError: 'Member' object has no attribute 'timed_out_until'
Ignoring exception in on_member_update
Traceback (most recent call last):
  File "/usr/local/lib/python3.12/site-packages/discord/client.py", line 465, in _run_event
    await coro(*args, **kwargs)
  File "/app/asu_discord/cogs/analytics.py", line 652, in on_member_update
    before_timeout = before.timed_out_until
                     ^^^^^^^^^^^^^^^^^^^^^^
AttributeError: 'Member' object has no attribute 'timed_out_until'
INFO:asu_discord.cogs.verification:Saved 5 roles to database for user rsiraudi (Discord ID: 1241186970248679484)
INFO:asu_discord.cogs.verification:Refreshed Salesforce roles for Discord user 1241186970248679484: -5/+5 roles, assigned=[Commited, First Year, Out of State, Tempe, W.P. Carey School of Business]
Ignoring exception in on_member_update
Traceback (most recent call last):
  File "/usr/local/lib/python3.12/site-packages/discord/client.py", line 465, in _run_event
    await coro(*args, **kwargs)
  File "/app/asu_discord/cogs/analytics.py", line 652, in on_member_update
    before_timeout = before.timed_out_until
                     ^^^^^^^^^^^^^^^^^^^^^^
AttributeError: 'Member' object has no attribute 'timed_out_until'
Ignoring exception in on_member_update
Traceback (most recent call last):
  File "/usr/local/lib/python3.12/site-packages/discord/client.py", line 465, in _run_event
    await coro(*args, **kwargs)
  File "/app/asu_discord/cogs/analytics.py", line 652, in on_member_update
    before_timeout = before.timed_out_until
                     ^^^^^^^^^^^^^^^^^^^^^^
AttributeError: 'Member' object has no attribute 'timed_out_until'
Ignoring exception in on_member_update
Traceback (most recent call last):
  File "/usr/local/lib/python3.12/site-packages/discord/client.py", line 465, in _run_event
    await coro(*args, **kwargs)
  File "/app/asu_discord/cogs/analytics.py", line 652, in on_member_update
    before_timeout = before.timed_out_until
                     ^^^^^^^^^^^^^^^^^^^^^^
AttributeError: 'Member' object has no attribute 'timed_out_until'
Ignoring exception in on_member_update
Traceback (most recent call last):
  File "/usr/local/lib/python3.12/site-packages/discord/client.py", line 465, in _run_event
    await coro(*args, **kwargs)
  File "/app/asu_discord/cogs/analytics.py", line 652, in on_member_update
    before_timeout = before.timed_out_until
                     ^^^^^^^^^^^^^^^^^^^^^^
AttributeError: 'Member' object has no attribute 'timed_out_until'
Ignoring exception in on_member_update
Traceback (most recent call last):
  File "/usr/local/lib/python3.12/site-packages/discord/client.py", line 465, in _run_event
    await coro(*args, **kwargs)
  File "/app/asu_discord/cogs/analytics.py", line 652, in on_member_update
    before_timeout = before.timed_out_until
                     ^^^^^^^^^^^^^^^^^^^^^^
AttributeError: 'Member' object has no attribute 'timed_out_until'
Ignoring exception in on_member_update
Traceback (most recent call last):
  File "/usr/local/lib/python3.12/site-packages/discord/client.py", line 465, in _run_event
    await coro(*args, **kwargs)
  File "/app/asu_discord/cogs/analytics.py", line 652, in on_member_update
    before_timeout = before.timed_out_until
                     ^^^^^^^^^^^^^^^^^^^^^^
AttributeError: 'Member' object has no attribute 'timed_out_until'
Ignoring exception in on_member_update
Traceback (most recent call last):
  File "/usr/local/lib/python3.12/site-packages/discord/client.py", line 465, in _run_event
    await coro(*args, **kwargs)
  File "/app/asu_discord/cogs/analytics.py", line 652, in on_member_update
    before_timeout = before.timed_out_until
                     ^^^^^^^^^^^^^^^^^^^^^^
AttributeError: 'Member' object has no attribute 'timed_out_until'
Ignoring exception in on_member_update
Traceback (most recent call last):
  File "/usr/local/lib/python3.12/site-packages/discord/client.py", line 465, in _run_event
    await coro(*args, **kwargs)
  File "/app/asu_discord/cogs/analytics.py", line 652, in on_member_update
    before_timeout = before.timed_out_until
                     ^^^^^^^^^^^^^^^^^^^^^^
AttributeError: 'Member' object has no attribute 'timed_out_until'
Ignoring exception in on_member_update
Traceback (most recent call last):
  File "/usr/local/lib/python3.12/site-packages/discord/client.py", line 465, in _run_event
    await coro(*args, **kwargs)
  File "/app/asu_discord/cogs/analytics.py", line 652, in on_member_update
    before_timeout = before.timed_out_until
                     ^^^^^^^^^^^^^^^^^^^^^^
AttributeError: 'Member' object has no attribute 'timed_out_until'
Ignoring exception in on_member_update
Traceback (most recent call last):
  File "/usr/local/lib/python3.12/site-packages/discord/client.py", line 465, in _run_event
    await coro(*args, **kwargs)
  File "/app/asu_discord/cogs/analytics.py", line 652, in on_member_update
    before_timeout = before.timed_out_until
                     ^^^^^^^^^^^^^^^^^^^^^^
AttributeError: 'Member' object has no attribute 'timed_out_until'
INFO:asu_discord.cogs.verification:Saved 5 roles to database for user abmoor17 (Discord ID: 1447734884876554271)
INFO:asu_discord.cogs.verification:Refreshed Salesforce roles for Discord user 1447734884876554271: -5/+5 roles, assigned=[Commited, First Year, Ira A. Fulton Schools of Engineering, Out of State, Polytechnic]
Ignoring exception in on_member_update
Traceback (most recent call last):
  File "/usr/local/lib/python3.12/site-packages/discord/client.py", line 465, in _run_event
    await coro(*args, **kwargs)
  File "/app/asu_discord/cogs/analytics.py", line 652, in on_member_update
    before_timeout = before.timed_out_until
                     ^^^^^^^^^^^^^^^^^^^^^^
AttributeError: 'Member' object has no attribute 'timed_out_until'
Ignoring exception in on_member_update
Traceback (most recent call last):
  File "/usr/local/lib/python3.12/site-packages/discord/client.py", line 465, in _run_event
    await coro(*args, **kwargs)
  File "/app/asu_discord/cogs/analytics.py", line 652, in on_member_update
    before_timeout = before.timed_out_until
                     ^^^^^^^^^^^^^^^^^^^^^^
AttributeError: 'Member' object has no attribute 'timed_out_until'
Ignoring exception in on_member_update
Traceback (most recent call last):
  File "/usr/local/lib/python3.12/site-packages/discord/client.py", line 465, in _run_event
    await coro(*args, **kwargs)
  File "/app/asu_discord/cogs/analytics.py", line 652, in on_member_update
    before_timeout = before.timed_out_until
                     ^^^^^^^^^^^^^^^^^^^^^^
AttributeError: 'Member' object has no attribute 'timed_out_until'
Ignoring exception in on_member_update
Traceback (most recent call last):
  File "/usr/local/lib/python3.12/site-packages/discord/client.py", line 465, in _run_event
    await coro(*args, **kwargs)
  File "/app/asu_discord/cogs/analytics.py", line 652, in on_member_update
    before_timeout = before.timed_out_until
                     ^^^^^^^^^^^^^^^^^^^^^^
AttributeError: 'Member' object has no attribute 'timed_out_until'
Ignoring exception in on_member_update
Traceback (most recent call last):
  File "/usr/local/lib/python3.12/site-packages/discord/client.py", line 465, in _run_event
    await coro(*args, **kwargs)
  File "/app/asu_discord/cogs/analytics.py", line 652, in on_member_update
    before_timeout = before.timed_out_until
                     ^^^^^^^^^^^^^^^^^^^^^^
AttributeError: 'Member' object has no attribute 'timed_out_until'
Ignoring exception in on_member_update
Traceback (most recent call last):
  File "/usr/local/lib/python3.12/site-packages/discord/client.py", line 465, in _run_event
    await coro(*args, **kwargs)
  File "/app/asu_discord/cogs/analytics.py", line 652, in on_member_update
    before_timeout = before.timed_out_until
                     ^^^^^^^^^^^^^^^^^^^^^^
AttributeError: 'Member' object has no attribute 'timed_out_until'
Ignoring exception in on_member_update
Traceback (most recent call last):
  File "/usr/local/lib/python3.12/site-packages/discord/client.py", line 465, in _run_event
    await coro(*args, **kwargs)
  File "/app/asu_discord/cogs/analytics.py", line 652, in on_member_update
    before_timeout = before.timed_out_until
                     ^^^^^^^^^^^^^^^^^^^^^^
AttributeError: 'Member' object has no attribute 'timed_out_until'
Ignoring exception in on_member_update
Traceback (most recent call last):
  File "/usr/local/lib/python3.12/site-packages/discord/client.py", line 465, in _run_event
    await coro(*args, **kwargs)
  File "/app/asu_discord/cogs/analytics.py", line 652, in on_member_update
    before_timeout = before.timed_out_until
                     ^^^^^^^^^^^^^^^^^^^^^^
AttributeError: 'Member' object has no attribute 'timed_out_until'
Ignoring exception in on_member_update
Traceback (most recent call last):
  File "/usr/local/lib/python3.12/site-packages/discord/client.py", line 465, in _run_event
    await coro(*args, **kwargs)
  File "/app/asu_discord/cogs/analytics.py", line 652, in on_member_update
    before_timeout = before.timed_out_until
                     ^^^^^^^^^^^^^^^^^^^^^^
AttributeError: 'Member' object has no attribute 'timed_out_until'
Ignoring exception in on_member_update
Traceback (most recent call last):
  File "/usr/local/lib/python3.12/site-packages/discord/client.py", line 465, in _run_event
    await coro(*args, **kwargs)
  File "/app/asu_discord/cogs/analytics.py", line 652, in on_member_update
    before_timeout = before.timed_out_until
                     ^^^^^^^^^^^^^^^^^^^^^^
AttributeError: 'Member' object has no attribute 'timed_out_until'
INFO:asu_discord.cogs.verification:Saved 5 roles to database for user solalek1 (Discord ID: 614879394728509514)
INFO:asu_discord.cogs.verification:Refreshed Salesforce roles for Discord user 614879394728509514: -5/+5 roles, assigned=[Arizona Resident, Commited, First Year, Herberger Institute for Design and the Arts, Tempe]
Ignoring exception in on_member_update
Traceback (most recent call last):
  File "/usr/local/lib/python3.12/site-packages/discord/client.py", line 465, in _run_event
    await coro(*args, **kwargs)
  File "/app/asu_discord/cogs/analytics.py", line 652, in on_member_update
    before_timeout = before.timed_out_until
                     ^^^^^^^^^^^^^^^^^^^^^^
AttributeError: 'Member' object has no attribute 'timed_out_until'
Ignoring exception in on_member_update
Traceback (most recent call last):
  File "/usr/local/lib/python3.12/site-packages/discord/client.py", line 465, in _run_event
    await coro(*args, **kwargs)
  File "/app/asu_discord/cogs/analytics.py", line 652, in on_member_update
    before_timeout = before.timed_out_until
                     ^^^^^^^^^^^^^^^^^^^^^^
AttributeError: 'Member' object has no attribute 'timed_out_until'
Ignoring exception in on_member_update
Traceback (most recent call last):
  File "/usr/local/lib/python3.12/site-packages/discord/client.py", line 465, in _run_event
    await coro(*args, **kwargs)
  File "/app/asu_discord/cogs/analytics.py", line 652, in on_member_update
    before_timeout = before.timed_out_until
                     ^^^^^^^^^^^^^^^^^^^^^^
AttributeError: 'Member' object has no attribute 'timed_out_until'
Ignoring exception in on_member_update
Traceback (most recent call last):
  File "/usr/local/lib/python3.12/site-packages/discord/client.py", line 465, in _run_event
    await coro(*args, **kwargs)
  File "/app/asu_discord/cogs/analytics.py", line 652, in on_member_update
    before_timeout = before.timed_out_until
                     ^^^^^^^^^^^^^^^^^^^^^^
AttributeError: 'Member' object has no attribute 'timed_out_until'
Ignoring exception in on_member_update
Traceback (most recent call last):
  File "/usr/local/lib/python3.12/site-packages/discord/client.py", line 465, in _run_event
    await coro(*args, **kwargs)
  File "/app/asu_discord/cogs/analytics.py", line 652, in on_member_update
    before_timeout = before.timed_out_until
                     ^^^^^^^^^^^^^^^^^^^^^^
AttributeError: 'Member' object has no attribute 'timed_out_until'
Ignoring exception in on_member_update
Traceback (most recent call last):
  File "/usr/local/lib/python3.12/site-packages/discord/client.py", line 465, in _run_event
    await coro(*args, **kwargs)
  File "/app/asu_discord/cogs/analytics.py", line 652, in on_member_update
    before_timeout = before.timed_out_until
                     ^^^^^^^^^^^^^^^^^^^^^^
AttributeError: 'Member' object has no attribute 'timed_out_until'
Ignoring exception in on_member_update
Traceback (most recent call last):
  File "/usr/local/lib/python3.12/site-packages/discord/client.py", line 465, in _run_event
    await coro(*args, **kwargs)
  File "/app/asu_discord/cogs/analytics.py", line 652, in on_member_update
    before_timeout = before.timed_out_until
                     ^^^^^^^^^^^^^^^^^^^^^^
AttributeError: 'Member' object has no attribute 'timed_out_until'
Ignoring exception in on_member_update
Traceback (most recent call last):
  File "/usr/local/lib/python3.12/site-packages/discord/client.py", line 465, in _run_event
    await coro(*args, **kwargs)
  File "/app/asu_discord/cogs/analytics.py", line 652, in on_member_update
    before_timeout = before.timed_out_until
                     ^^^^^^^^^^^^^^^^^^^^^^
AttributeError: 'Member' object has no attribute 'timed_out_until'
Ignoring exception in on_member_update
Traceback (most recent call last):
  File "/usr/local/lib/python3.12/site-packages/discord/client.py", line 465, in _run_event
    await coro(*args, **kwargs)
  File "/app/asu_discord/cogs/analytics.py", line 652, in on_member_update
    before_timeout = before.timed_out_until
                     ^^^^^^^^^^^^^^^^^^^^^^
AttributeError: 'Member' object has no attribute 'timed_out_until'
Ignoring exception in on_member_update
Traceback (most recent call last):
  File "/usr/local/lib/python3.12/site-packages/discord/client.py", line 465, in _run_event
    await coro(*args, **kwargs)
  File "/app/asu_discord/cogs/analytics.py", line 652, in on_member_update
    before_timeout = before.timed_out_until
                     ^^^^^^^^^^^^^^^^^^^^^^
AttributeError: 'Member' object has no attribute 'timed_out_until'
INFO:asu_discord.cogs.verification:Saved 5 roles to database for user mkhan329 (Discord ID: 1031577567095955527)
INFO:asu_discord.cogs.verification:Refreshed Salesforce roles for Discord user 1031577567095955527: -5/+5 roles, assigned=[Commited, Graduate Student, International Student, Ira A. Fulton Schools of Engineering, Tempe]
Ignoring exception in on_member_update
Traceback (most recent call last):
  File "/usr/local/lib/python3.12/site-packages/discord/client.py", line 465, in _run_event
    await coro(*args, **kwargs)
  File "/app/asu_discord/cogs/analytics.py", line 652, in on_member_update
    before_timeout = before.timed_out_until
                     ^^^^^^^^^^^^^^^^^^^^^^
AttributeError: 'Member' object has no attribute 'timed_out_until'
Ignoring exception in on_member_update
Traceback (most recent call last):
  File "/usr/local/lib/python3.12/site-packages/discord/client.py", line 465, in _run_event
    await coro(*args, **kwargs)
  File "/app/asu_discord/cogs/analytics.py", line 652, in on_member_update
    before_timeout = before.timed_out_until
                     ^^^^^^^^^^^^^^^^^^^^^^
AttributeError: 'Member' object has no attribute 'timed_out_until'
Ignoring exception in on_member_update
Traceback (most recent call last):
  File "/usr/local/lib/python3.12/site-packages/discord/client.py", line 465, in _run_event
    await coro(*args, **kwargs)
  File "/app/asu_discord/cogs/analytics.py", line 652, in on_member_update
    before_timeout = before.timed_out_until
                     ^^^^^^^^^^^^^^^^^^^^^^
AttributeError: 'Member' object has no attribute 'timed_out_until'
Ignoring exception in on_member_update
Traceback (most recent call last):
  File "/usr/local/lib/python3.12/site-packages/discord/client.py", line 465, in _run_event
    await coro(*args, **kwargs)
  File "/app/asu_discord/cogs/analytics.py", line 652, in on_member_update
    before_timeout = before.timed_out_until
                     ^^^^^^^^^^^^^^^^^^^^^^
AttributeError: 'Member' object has no attribute 'timed_out_until'
Ignoring exception in on_member_update
Traceback (most recent call last):
  File "/usr/local/lib/python3.12/site-packages/discord/client.py", line 465, in _run_event
    await coro(*args, **kwargs)
  File "/app/asu_discord/cogs/analytics.py", line 652, in on_member_update
    before_timeout = before.timed_out_until
                     ^^^^^^^^^^^^^^^^^^^^^^
AttributeError: 'Member' object has no attribute 'timed_out_until'
Ignoring exception in on_member_update
Traceback (most recent call last):
  File "/usr/local/lib/python3.12/site-packages/discord/client.py", line 465, in _run_event
    await coro(*args, **kwargs)
  File "/app/asu_discord/cogs/analytics.py", line 652, in on_member_update
    before_timeout = before.timed_out_until
                     ^^^^^^^^^^^^^^^^^^^^^^
AttributeError: 'Member' object has no attribute 'timed_out_until'
Ignoring exception in on_member_update
Traceback (most recent call last):
  File "/usr/local/lib/python3.12/site-packages/discord/client.py", line 465, in _run_event
    await coro(*args, **kwargs)
  File "/app/asu_discord/cogs/analytics.py", line 652, in on_member_update
    before_timeout = before.timed_out_until
                     ^^^^^^^^^^^^^^^^^^^^^^
AttributeError: 'Member' object has no attribute 'timed_out_until'
Ignoring exception in on_member_update
Traceback (most recent call last):
  File "/usr/local/lib/python3.12/site-packages/discord/client.py", line 465, in _run_event
    await coro(*args, **kwargs)
  File "/app/asu_discord/cogs/analytics.py", line 652, in on_member_update
    before_timeout = before.timed_out_until
                     ^^^^^^^^^^^^^^^^^^^^^^
AttributeError: 'Member' object has no attribute 'timed_out_until'
Ignoring exception in on_member_update
Traceback (most recent call last):
  File "/usr/local/lib/python3.12/site-packages/discord/client.py", line 465, in _run_event
    await coro(*args, **kwargs)
  File "/app/asu_discord/cogs/analytics.py", line 652, in on_member_update
    before_timeout = before.timed_out_until
                     ^^^^^^^^^^^^^^^^^^^^^^
AttributeError: 'Member' object has no attribute 'timed_out_until'
Ignoring exception in on_member_update
Traceback (most recent call last):
  File "/usr/local/lib/python3.12/site-packages/discord/client.py", line 465, in _run_event
    await coro(*args, **kwargs)
  File "/app/asu_discord/cogs/analytics.py", line 652, in on_member_update
    before_timeout = before.timed_out_until
                     ^^^^^^^^^^^^^^^^^^^^^^
AttributeError: 'Member' object has no attribute 'timed_out_until'
INFO:asu_discord.cogs.verification:Saved 5 roles to database for user zhienyu (Discord ID: 1159893747895652432)
INFO:asu_discord.cogs.verification:Refreshed Salesforce roles for Discord user 1159893747895652432: -5/+5 roles, assigned=[Commited, Downtown Phoenix, First Year, International Student, Thunderbird School of Global Management]
Ignoring exception in on_member_update
Traceback (most recent call last):
  File "/usr/local/lib/python3.12/site-packages/discord/client.py", line 465, in _run_event
    await coro(*args, **kwargs)
  File "/app/asu_discord/cogs/analytics.py", line 652, in on_member_update
    before_timeout = before.timed_out_until
                     ^^^^^^^^^^^^^^^^^^^^^^
AttributeError: 'Member' object has no attribute 'timed_out_until'
Ignoring exception in on_member_update
Traceback (most recent call last):
  File "/usr/local/lib/python3.12/site-packages/discord/client.py", line 465, in _run_event
    await coro(*args, **kwargs)
  File "/app/asu_discord/cogs/analytics.py", line 652, in on_member_update
    before_timeout = before.timed_out_until
                     ^^^^^^^^^^^^^^^^^^^^^^
AttributeError: 'Member' object has no attribute 'timed_out_until'
Ignoring exception in on_member_update
Traceback (most recent call last):
  File "/usr/local/lib/python3.12/site-packages/discord/client.py", line 465, in _run_event
    await coro(*args, **kwargs)
  File "/app/asu_discord/cogs/analytics.py", line 652, in on_member_update
    before_timeout = before.timed_out_until
                     ^^^^^^^^^^^^^^^^^^^^^^
AttributeError: 'Member' object has no attribute 'timed_out_until'
Ignoring exception in on_member_update
Traceback (most recent call last):
  File "/usr/local/lib/python3.12/site-packages/discord/client.py", line 465, in _run_event
    await coro(*args, **kwargs)
  File "/app/asu_discord/cogs/analytics.py", line 652, in on_member_update
    before_timeout = before.timed_out_until
                     ^^^^^^^^^^^^^^^^^^^^^^
AttributeError: 'Member' object has no attribute 'timed_out_until'
Ignoring exception in on_member_update
Traceback (most recent call last):
  File "/usr/local/lib/python3.12/site-packages/discord/client.py", line 465, in _run_event
    await coro(*args, **kwargs)
  File "/app/asu_discord/cogs/analytics.py", line 652, in on_member_update
    before_timeout = before.timed_out_until
                     ^^^^^^^^^^^^^^^^^^^^^^
AttributeError: 'Member' object has no attribute 'timed_out_until'
Ignoring exception in on_member_update
Traceback (most recent call last):
  File "/usr/local/lib/python3.12/site-packages/discord/client.py", line 465, in _run_event
    await coro(*args, **kwargs)
  File "/app/asu_discord/cogs/analytics.py", line 652, in on_member_update
    before_timeout = before.timed_out_until
                     ^^^^^^^^^^^^^^^^^^^^^^
AttributeError: 'Member' object has no attribute 'timed_out_until'
Ignoring exception in on_member_update
Traceback (most recent call last):
  File "/usr/local/lib/python3.12/site-packages/discord/client.py", line 465, in _run_event
    await coro(*args, **kwargs)
  File "/app/asu_discord/cogs/analytics.py", line 652, in on_member_update
    before_timeout = before.timed_out_until
                     ^^^^^^^^^^^^^^^^^^^^^^
AttributeError: 'Member' object has no attribute 'timed_out_until'
Ignoring exception in on_member_update
Traceback (most recent call last):
  File "/usr/local/lib/python3.12/site-packages/discord/client.py", line 465, in _run_event
    await coro(*args, **kwargs)
  File "/app/asu_discord/cogs/analytics.py", line 652, in on_member_update
    before_timeout = before.timed_out_until
                     ^^^^^^^^^^^^^^^^^^^^^^
AttributeError: 'Member' object has no attribute 'timed_out_until'
Ignoring exception in on_member_update
Traceback (most recent call last):
  File "/usr/local/lib/python3.12/site-packages/discord/client.py", line 465, in _run_event
    await coro(*args, **kwargs)
  File "/app/asu_discord/cogs/analytics.py", line 652, in on_member_update
    before_timeout = before.timed_out_until
                     ^^^^^^^^^^^^^^^^^^^^^^
AttributeError: 'Member' object has no attribute 'timed_out_until'
Ignoring exception in on_member_update
Traceback (most recent call last):
  File "/usr/local/lib/python3.12/site-packages/discord/client.py", line 465, in _run_event
    await coro(*args, **kwargs)
  File "/app/asu_discord/cogs/analytics.py", line 652, in on_member_update
    before_timeout = before.timed_out_until
                     ^^^^^^^^^^^^^^^^^^^^^^
AttributeError: 'Member' object has no attribute 'timed_out_until'
INFO:asu_discord.cogs.verification:Saved 5 roles to database for user zmfuller (Discord ID: 1252425002876141629)
INFO:asu_discord.cogs.verification:Refreshed Salesforce roles for Discord user 1252425002876141629: -5/+5 roles, assigned=[Arizona Resident, Commited, First Year, Ira A. Fulton Schools of Engineering, Tempe]
Ignoring exception in on_member_update
Traceback (most recent call last):
  File "/usr/local/lib/python3.12/site-packages/discord/client.py", line 465, in _run_event
    await coro(*args, **kwargs)
  File "/app/asu_discord/cogs/analytics.py", line 652, in on_member_update
    before_timeout = before.timed_out_until
                     ^^^^^^^^^^^^^^^^^^^^^^
AttributeError: 'Member' object has no attribute 'timed_out_until'
Ignoring exception in on_member_update
Traceback (most recent call last):
  File "/usr/local/lib/python3.12/site-packages/discord/client.py", line 465, in _run_event
    await coro(*args, **kwargs)
  File "/app/asu_discord/cogs/analytics.py", line 652, in on_member_update
    before_timeout = before.timed_out_until
                     ^^^^^^^^^^^^^^^^^^^^^^
AttributeError: 'Member' object has no attribute 'timed_out_until'
Ignoring exception in on_member_update
Traceback (most recent call last):
  File "/usr/local/lib/python3.12/site-packages/discord/client.py", line 465, in _run_event
    await coro(*args, **kwargs)
  File "/app/asu_discord/cogs/analytics.py", line 652, in on_member_update
    before_timeout = before.timed_out_until
                     ^^^^^^^^^^^^^^^^^^^^^^
AttributeError: 'Member' object has no attribute 'timed_out_until'
Ignoring exception in on_member_update
Traceback (most recent call last):
  File "/usr/local/lib/python3.12/site-packages/discord/client.py", line 465, in _run_event
    await coro(*args, **kwargs)
  File "/app/asu_discord/cogs/analytics.py", line 652, in on_member_update
    before_timeout = before.timed_out_until
                     ^^^^^^^^^^^^^^^^^^^^^^
AttributeError: 'Member' object has no attribute 'timed_out_until'
Ignoring exception in on_member_update
Traceback (most recent call last):
  File "/usr/local/lib/python3.12/site-packages/discord/client.py", line 465, in _run_event
    await coro(*args, **kwargs)
  File "/app/asu_discord/cogs/analytics.py", line 652, in on_member_update
    before_timeout = before.timed_out_until
                     ^^^^^^^^^^^^^^^^^^^^^^
AttributeError: 'Member' object has no attribute 'timed_out_until'
Ignoring exception in on_member_update
Traceback (most recent call last):
  File "/usr/local/lib/python3.12/site-packages/discord/client.py", line 465, in _run_event
    await coro(*args, **kwargs)
  File "/app/asu_discord/cogs/analytics.py", line 652, in on_member_update
    before_timeout = before.timed_out_until
                     ^^^^^^^^^^^^^^^^^^^^^^
AttributeError: 'Member' object has no attribute 'timed_out_until'
Ignoring exception in on_member_update
Traceback (most recent call last):
  File "/usr/local/lib/python3.12/site-packages/discord/client.py", line 465, in _run_event
    await coro(*args, **kwargs)
  File "/app/asu_discord/cogs/analytics.py", line 652, in on_member_update
    before_timeout = before.timed_out_until
                     ^^^^^^^^^^^^^^^^^^^^^^
AttributeError: 'Member' object has no attribute 'timed_out_until'
Ignoring exception in on_member_update
Traceback (most recent call last):
  File "/usr/local/lib/python3.12/site-packages/discord/client.py", line 465, in _run_event
    await coro(*args, **kwargs)
  File "/app/asu_discord/cogs/analytics.py", line 652, in on_member_update
    before_timeout = before.timed_out_until
                     ^^^^^^^^^^^^^^^^^^^^^^
AttributeError: 'Member' object has no attribute 'timed_out_until'
Ignoring exception in on_member_update
Traceback (most recent call last):
  File "/usr/local/lib/python3.12/site-packages/discord/client.py", line 465, in _run_event
    await coro(*args, **kwargs)
  File "/app/asu_discord/cogs/analytics.py", line 652, in on_member_update
    before_timeout = before.timed_out_until
                     ^^^^^^^^^^^^^^^^^^^^^^
AttributeError: 'Member' object has no attribute 'timed_out_until'
Ignoring exception in on_member_update
Traceback (most recent call last):
  File "/usr/local/lib/python3.12/site-packages/discord/client.py", line 465, in _run_event
    await coro(*args, **kwargs)
  File "/app/asu_discord/cogs/analytics.py", line 652, in on_member_update
    before_timeout = before.timed_out_until
                     ^^^^^^^^^^^^^^^^^^^^^^
AttributeError: 'Member' object has no attribute 'timed_out_until'
INFO:asu_discord.cogs.verification:Saved 5 roles to database for user lpgallar (Discord ID: 1507458248217985046)
INFO:asu_discord.cogs.verification:Refreshed Salesforce roles for Discord user 1507458248217985046: -5/+5 roles, assigned=[Commited, Graduate Student, International Student, Ira A. Fulton Schools of Engineering, Polytechnic]
Ignoring exception in on_member_update
Traceback (most recent call last):
  File "/usr/local/lib/python3.12/site-packages/discord/client.py", line 465, in _run_event
    await coro(*args, **kwargs)
  File "/app/asu_discord/cogs/analytics.py", line 652, in on_member_update
    before_timeout = before.timed_out_until
                     ^^^^^^^^^^^^^^^^^^^^^^
AttributeError: 'Member' object has no attribute 'timed_out_until'
Ignoring exception in on_member_update
Traceback (most recent call last):
  File "/usr/local/lib/python3.12/site-packages/discord/client.py", line 465, in _run_event
    await coro(*args, **kwargs)
  File "/app/asu_discord/cogs/analytics.py", line 652, in on_member_update
    before_timeout = before.timed_out_until
                     ^^^^^^^^^^^^^^^^^^^^^^
AttributeError: 'Member' object has no attribute 'timed_out_until'
Ignoring exception in on_member_update
Traceback (most recent call last):
  File "/usr/local/lib/python3.12/site-packages/discord/client.py", line 465, in _run_event
    await coro(*args, **kwargs)
  File "/app/asu_discord/cogs/analytics.py", line 652, in on_member_update
    before_timeout = before.timed_out_until
                     ^^^^^^^^^^^^^^^^^^^^^^
AttributeError: 'Member' object has no attribute 'timed_out_until'
Ignoring exception in on_member_update
Traceback (most recent call last):
  File "/usr/local/lib/python3.12/site-packages/discord/client.py", line 465, in _run_event
    await coro(*args, **kwargs)
  File "/app/asu_discord/cogs/analytics.py", line 652, in on_member_update
    before_timeout = before.timed_out_until
                     ^^^^^^^^^^^^^^^^^^^^^^
AttributeError: 'Member' object has no attribute 'timed_out_until'
Ignoring exception in on_member_update
Traceback (most recent call last):
  File "/usr/local/lib/python3.12/site-packages/discord/client.py", line 465, in _run_event
    await coro(*args, **kwargs)
  File "/app/asu_discord/cogs/analytics.py", line 652, in on_member_update
    before_timeout = before.timed_out_until
                     ^^^^^^^^^^^^^^^^^^^^^^
AttributeError: 'Member' object has no attribute 'timed_out_until'
Ignoring exception in on_member_update
Traceback (most recent call last):
  File "/usr/local/lib/python3.12/site-packages/discord/client.py", line 465, in _run_event
    await coro(*args, **kwargs)
  File "/app/asu_discord/cogs/analytics.py", line 652, in on_member_update
    before_timeout = before.timed_out_until
                     ^^^^^^^^^^^^^^^^^^^^^^
AttributeError: 'Member' object has no attribute 'timed_out_until'
Ignoring exception in on_member_update
Traceback (most recent call last):
  File "/usr/local/lib/python3.12/site-packages/discord/client.py", line 465, in _run_event
    await coro(*args, **kwargs)
  File "/app/asu_discord/cogs/analytics.py", line 652, in on_member_update
    before_timeout = before.timed_out_until
                     ^^^^^^^^^^^^^^^^^^^^^^
AttributeError: 'Member' object has no attribute 'timed_out_until'
Ignoring exception in on_member_update
Traceback (most recent call last):
  File "/usr/local/lib/python3.12/site-packages/discord/client.py", line 465, in _run_event
    await coro(*args, **kwargs)
  File "/app/asu_discord/cogs/analytics.py", line 652, in on_member_update
    before_timeout = before.timed_out_until
                     ^^^^^^^^^^^^^^^^^^^^^^
AttributeError: 'Member' object has no attribute 'timed_out_until'
Ignoring exception in on_member_update
Traceback (most recent call last):
  File "/usr/local/lib/python3.12/site-packages/discord/client.py", line 465, in _run_event
    await coro(*args, **kwargs)
  File "/app/asu_discord/cogs/analytics.py", line 652, in on_member_update
    before_timeout = before.timed_out_until
                     ^^^^^^^^^^^^^^^^^^^^^^
AttributeError: 'Member' object has no attribute 'timed_out_until'
Ignoring exception in on_member_update
Traceback (most recent call last):
  File "/usr/local/lib/python3.12/site-packages/discord/client.py", line 465, in _run_event
    await coro(*args, **kwargs)
  File "/app/asu_discord/cogs/analytics.py", line 652, in on_member_update
    before_timeout = before.timed_out_until
                     ^^^^^^^^^^^^^^^^^^^^^^
AttributeError: 'Member' object has no attribute 'timed_out_until'
INFO:asu_discord.cogs.verification:Saved 5 roles to database for user tnguy263 (Discord ID: 1406026076458717284)
INFO:asu_discord.cogs.verification:Refreshed Salesforce roles for Discord user 1406026076458717284: -5/+5 roles, assigned=[Commited, Graduate Student, International Student, Ira A. Fulton Schools of Engineering, Tempe]
Ignoring exception in on_member_update
Traceback (most recent call last):
  File "/usr/local/lib/python3.12/site-packages/discord/client.py", line 465, in _run_event
    await coro(*args, **kwargs)
  File "/app/asu_discord/cogs/analytics.py", line 652, in on_member_update
    before_timeout = before.timed_out_until
                     ^^^^^^^^^^^^^^^^^^^^^^
AttributeError: 'Member' object has no attribute 'timed_out_until'
Ignoring exception in on_member_update
Traceback (most recent call last):
  File "/usr/local/lib/python3.12/site-packages/discord/client.py", line 465, in _run_event
    await coro(*args, **kwargs)
  File "/app/asu_discord/cogs/analytics.py", line 652, in on_member_update
    before_timeout = before.timed_out_until
                     ^^^^^^^^^^^^^^^^^^^^^^
AttributeError: 'Member' object has no attribute 'timed_out_until'
Ignoring exception in on_member_update
Traceback (most recent call last):
  File "/usr/local/lib/python3.12/site-packages/discord/client.py", line 465, in _run_event
    await coro(*args, **kwargs)
  File "/app/asu_discord/cogs/analytics.py", line 652, in on_member_update
    before_timeout = before.timed_out_until
                     ^^^^^^^^^^^^^^^^^^^^^^
AttributeError: 'Member' object has no attribute 'timed_out_until'
Ignoring exception in on_member_update
Traceback (most recent call last):
  File "/usr/local/lib/python3.12/site-packages/discord/client.py", line 465, in _run_event
    await coro(*args, **kwargs)
  File "/app/asu_discord/cogs/analytics.py", line 652, in on_member_update
    before_timeout = before.timed_out_until
                     ^^^^^^^^^^^^^^^^^^^^^^
AttributeError: 'Member' object has no attribute 'timed_out_until'
Ignoring exception in on_member_update
Traceback (most recent call last):
  File "/usr/local/lib/python3.12/site-packages/discord/client.py", line 465, in _run_event
    await coro(*args, **kwargs)
  File "/app/asu_discord/cogs/analytics.py", line 652, in on_member_update
    before_timeout = before.timed_out_until
                     ^^^^^^^^^^^^^^^^^^^^^^
AttributeError: 'Member' object has no attribute 'timed_out_until'
Ignoring exception in on_member_update
Traceback (most recent call last):
  File "/usr/local/lib/python3.12/site-packages/discord/client.py", line 465, in _run_event
    await coro(*args, **kwargs)
  File "/app/asu_discord/cogs/analytics.py", line 652, in on_member_update
    before_timeout = before.timed_out_until
                     ^^^^^^^^^^^^^^^^^^^^^^
AttributeError: 'Member' object has no attribute 'timed_out_until'
Ignoring exception in on_member_update
Traceback (most recent call last):
  File "/usr/local/lib/python3.12/site-packages/discord/client.py", line 465, in _run_event
    await coro(*args, **kwargs)
  File "/app/asu_discord/cogs/analytics.py", line 652, in on_member_update
    before_timeout = before.timed_out_until
                     ^^^^^^^^^^^^^^^^^^^^^^
AttributeError: 'Member' object has no attribute 'timed_out_until'
Ignoring exception in on_member_update
Traceback (most recent call last):
  File "/usr/local/lib/python3.12/site-packages/discord/client.py", line 465, in _run_event
    await coro(*args, **kwargs)
  File "/app/asu_discord/cogs/analytics.py", line 652, in on_member_update
    before_timeout = before.timed_out_until
                     ^^^^^^^^^^^^^^^^^^^^^^
AttributeError: 'Member' object has no attribute 'timed_out_until'
Ignoring exception in on_member_update
Traceback (most recent call last):
  File "/usr/local/lib/python3.12/site-packages/discord/client.py", line 465, in _run_event
    await coro(*args, **kwargs)
  File "/app/asu_discord/cogs/analytics.py", line 652, in on_member_update
    before_timeout = before.timed_out_until
                     ^^^^^^^^^^^^^^^^^^^^^^
AttributeError: 'Member' object has no attribute 'timed_out_until'
Ignoring exception in on_member_update
Traceback (most recent call last):
  File "/usr/local/lib/python3.12/site-packages/discord/client.py", line 465, in _run_event
    await coro(*args, **kwargs)
  File "/app/asu_discord/cogs/analytics.py", line 652, in on_member_update
    before_timeout = before.timed_out_until
                     ^^^^^^^^^^^^^^^^^^^^^^
AttributeError: 'Member' object has no attribute 'timed_out_until'
Ignoring exception in on_member_update
Traceback (most recent call last):
  File "/usr/local/lib/python3.12/site-packages/discord/client.py", line 465, in _run_event
    await coro(*args, **kwargs)
  File "/app/asu_discord/cogs/analytics.py", line 652, in on_member_update
    before_timeout = before.timed_out_until
                     ^^^^^^^^^^^^^^^^^^^^^^
AttributeError: 'Member' object has no attribute 'timed_out_until'
Ignoring exception in on_member_update
Traceback (most recent call last):
  File "/usr/local/lib/python3.12/site-packages/discord/client.py", line 465, in _run_event
    await coro(*args, **kwargs)
  File "/app/asu_discord/cogs/analytics.py", line 652, in on_member_update
    before_timeout = before.timed_out_until
                     ^^^^^^^^^^^^^^^^^^^^^^
AttributeError: 'Member' object has no attribute 'timed_out_until'
Ignoring exception in on_member_update
Traceback (most recent call last):
  File "/usr/local/lib/python3.12/site-packages/discord/client.py", line 465, in _run_event
    await coro(*args, **kwargs)
  File "/app/asu_discord/cogs/analytics.py", line 652, in on_member_update
    before_timeout = before.timed_out_until
                     ^^^^^^^^^^^^^^^^^^^^^^
AttributeError: 'Member' object has no attribute 'timed_out_until'
ERROR:cron.jobs:refresh_salesforce_roles: failed for tkrings (Discord ID 448883476826030101): Timed out refresh Salesforce-based roles
Ignoring exception in on_member_update
Traceback (most recent call last):
  File "/usr/local/lib/python3.12/site-packages/discord/client.py", line 465, in _run_event
    await coro(*args, **kwargs)
  File "/app/asu_discord/cogs/analytics.py", line 652, in on_member_update
    before_timeout = before.timed_out_until
                     ^^^^^^^^^^^^^^^^^^^^^^
AttributeError: 'Member' object has no attribute 'timed_out_until'
Ignoring exception in on_member_update
Traceback (most recent call last):
  File "/usr/local/lib/python3.12/site-packages/discord/client.py", line 465, in _run_event
    await coro(*args, **kwargs)
  File "/app/asu_discord/cogs/analytics.py", line 652, in on_member_update
    before_timeout = before.timed_out_until
                     ^^^^^^^^^^^^^^^^^^^^^^
AttributeError: 'Member' object has no attribute 'timed_out_until'
Ignoring exception in on_member_update
Traceback (most recent call last):
  File "/usr/local/lib/python3.12/site-packages/discord/client.py", line 465, in _run_event
    await coro(*args, **kwargs)
  File "/app/asu_discord/cogs/analytics.py", line 652, in on_member_update
    before_timeout = before.timed_out_until
                     ^^^^^^^^^^^^^^^^^^^^^^
AttributeError: 'Member' object has no attribute 'timed_out_until'
Ignoring exception in on_member_update
Traceback (most recent call last):
  File "/usr/local/lib/python3.12/site-packages/discord/client.py", line 465, in _run_event
    await coro(*args, **kwargs)
  File "/app/asu_discord/cogs/analytics.py", line 652, in on_member_update
    before_timeout = before.timed_out_until
                     ^^^^^^^^^^^^^^^^^^^^^^
AttributeError: 'Member' object has no attribute 'timed_out_until'
Ignoring exception in on_member_update
Traceback (most recent call last):
  File "/usr/local/lib/python3.12/site-packages/discord/client.py", line 465, in _run_event
    await coro(*args, **kwargs)
  File "/app/asu_discord/cogs/analytics.py", line 652, in on_member_update
    before_timeout = before.timed_out_until
                     ^^^^^^^^^^^^^^^^^^^^^^
AttributeError: 'Member' object has no attribute 'timed_out_until'
Ignoring exception in on_member_update
Traceback (most recent call last):
  File "/usr/local/lib/python3.12/site-packages/discord/client.py", line 465, in _run_event
    await coro(*args, **kwargs)
  File "/app/asu_discord/cogs/analytics.py", line 652, in on_member_update
    before_timeout = before.timed_out_until
                     ^^^^^^^^^^^^^^^^^^^^^^
AttributeError: 'Member' object has no attribute 'timed_out_until'
Ignoring exception in on_member_update
Traceback (most recent call last):
  File "/usr/local/lib/python3.12/site-packages/discord/client.py", line 465, in _run_event
    await coro(*args, **kwargs)
  File "/app/asu_discord/cogs/analytics.py", line 652, in on_member_update
    before_timeout = before.timed_out_until
                     ^^^^^^^^^^^^^^^^^^^^^^
AttributeError: 'Member' object has no attribute 'timed_out_until'
Ignoring exception in on_member_update
Traceback (most recent call last):
  File "/usr/local/lib/python3.12/site-packages/discord/client.py", line 465, in _run_event
    await coro(*args, **kwargs)
  File "/app/asu_discord/cogs/analytics.py", line 652, in on_member_update
    before_timeout = before.timed_out_until
                     ^^^^^^^^^^^^^^^^^^^^^^
AttributeError: 'Member' object has no attribute 'timed_out_until'
Ignoring exception in on_member_update
Traceback (most recent call last):
  File "/usr/local/lib/python3.12/site-packages/discord/client.py", line 465, in _run_event
    await coro(*args, **kwargs)
  File "/app/asu_discord/cogs/analytics.py", line 652, in on_member_update
    before_timeout = before.timed_out_until
                     ^^^^^^^^^^^^^^^^^^^^^^
AttributeError: 'Member' object has no attribute 'timed_out_until'
Ignoring exception in on_member_update
Traceback (most recent call last):
  File "/usr/local/lib/python3.12/site-packages/discord/client.py", line 465, in _run_event
    await coro(*args, **kwargs)
  File "/app/asu_discord/cogs/analytics.py", line 652, in on_member_update
    before_timeout = before.timed_out_until
                     ^^^^^^^^^^^^^^^^^^^^^^
AttributeError: 'Member' object has no attribute 'timed_out_until'
INFO:asu_discord.cogs.verification:Saved 5 roles to database for user laengelm (Discord ID: 1507503998691967076)
INFO:asu_discord.cogs.verification:Refreshed Salesforce roles for Discord user 1507503998691967076: -5/+5 roles, assigned=[Commited, Graduate Student, Ira A. Fulton Schools of Engineering, Out of State, Tempe]
Ignoring exception in on_member_update
Traceback (most recent call last):
  File "/usr/local/lib/python3.12/site-packages/discord/client.py", line 465, in _run_event
    await coro(*args, **kwargs)
  File "/app/asu_discord/cogs/analytics.py", line 652, in on_member_update
    before_timeout = before.timed_out_until
                     ^^^^^^^^^^^^^^^^^^^^^^
AttributeError: 'Member' object has no attribute 'timed_out_until'
Ignoring exception in on_member_update
Traceback (most recent call last):
  File "/usr/local/lib/python3.12/site-packages/discord/client.py", line 465, in _run_event
    await coro(*args, **kwargs)
  File "/app/asu_discord/cogs/analytics.py", line 652, in on_member_update
    before_timeout = before.timed_out_until
                     ^^^^^^^^^^^^^^^^^^^^^^
AttributeError: 'Member' object has no attribute 'timed_out_until'
Ignoring exception in on_member_update
Traceback (most recent call last):
  File "/usr/local/lib/python3.12/site-packages/discord/client.py", line 465, in _run_event
    await coro(*args, **kwargs)
  File "/app/asu_discord/cogs/analytics.py", line 652, in on_member_update
    before_timeout = before.timed_out_until
                     ^^^^^^^^^^^^^^^^^^^^^^
AttributeError: 'Member' object has no attribute 'timed_out_until'
Ignoring exception in on_member_update
Traceback (most recent call last):
  File "/usr/local/lib/python3.12/site-packages/discord/client.py", line 465, in _run_event
    await coro(*args, **kwargs)
  File "/app/asu_discord/cogs/analytics.py", line 652, in on_member_update
    before_timeout = before.timed_out_until
                     ^^^^^^^^^^^^^^^^^^^^^^
AttributeError: 'Member' object has no attribute 'timed_out_until'
Ignoring exception in on_member_update
Traceback (most recent call last):
  File "/usr/local/lib/python3.12/site-packages/discord/client.py", line 465, in _run_event
    await coro(*args, **kwargs)
  File "/app/asu_discord/cogs/analytics.py", line 652, in on_member_update
    before_timeout = before.timed_out_until
                     ^^^^^^^^^^^^^^^^^^^^^^
AttributeError: 'Member' object has no attribute 'timed_out_until'
Ignoring exception in on_member_update
Traceback (most recent call last):
  File "/usr/local/lib/python3.12/site-packages/discord/client.py", line 465, in _run_event
    await coro(*args, **kwargs)
  File "/app/asu_discord/cogs/analytics.py", line 652, in on_member_update
    before_timeout = before.timed_out_until
                     ^^^^^^^^^^^^^^^^^^^^^^
AttributeError: 'Member' object has no attribute 'timed_out_until'
Ignoring exception in on_member_update
Traceback (most recent call last):
  File "/usr/local/lib/python3.12/site-packages/discord/client.py", line 465, in _run_event
    await coro(*args, **kwargs)
  File "/app/asu_discord/cogs/analytics.py", line 652, in on_member_update
    before_timeout = before.timed_out_until
                     ^^^^^^^^^^^^^^^^^^^^^^
AttributeError: 'Member' object has no attribute 'timed_out_until'
Ignoring exception in on_member_update
Traceback (most recent call last):
  File "/usr/local/lib/python3.12/site-packages/discord/client.py", line 465, in _run_event
    await coro(*args, **kwargs)
  File "/app/asu_discord/cogs/analytics.py", line 652, in on_member_update
    before_timeout = before.timed_out_until
                     ^^^^^^^^^^^^^^^^^^^^^^
AttributeError: 'Member' object has no attribute 'timed_out_until'
Ignoring exception in on_member_update
Traceback (most recent call last):
  File "/usr/local/lib/python3.12/site-packages/discord/client.py", line 465, in _run_event
    await coro(*args, **kwargs)
  File "/app/asu_discord/cogs/analytics.py", line 652, in on_member_update
    before_timeout = before.timed_out_until
                     ^^^^^^^^^^^^^^^^^^^^^^
AttributeError: 'Member' object has no attribute 'timed_out_until'
Ignoring exception in on_member_update
Traceback (most recent call last):
  File "/usr/local/lib/python3.12/site-packages/discord/client.py", line 465, in _run_event
    await coro(*args, **kwargs)
  File "/app/asu_discord/cogs/analytics.py", line 652, in on_member_update
    before_timeout = before.timed_out_until
                     ^^^^^^^^^^^^^^^^^^^^^^
AttributeError: 'Member' object has no attribute 'timed_out_until'
ERROR:cron.jobs:refresh_salesforce_roles: failed for ncabrer9 (Discord ID 473365012195311616): Timed out refresh Salesforce-based roles
Ignoring exception in on_member_update
Traceback (most recent call last):
  File "/usr/local/lib/python3.12/site-packages/discord/client.py", line 465, in _run_event
    await coro(*args, **kwargs)
  File "/app/asu_discord/cogs/analytics.py", line 652, in on_member_update
    before_timeout = before.timed_out_until
                     ^^^^^^^^^^^^^^^^^^^^^^
AttributeError: 'Member' object has no attribute 'timed_out_until'
Ignoring exception in on_member_update
Traceback (most recent call last):
  File "/usr/local/lib/python3.12/site-packages/discord/client.py", line 465, in _run_event
    await coro(*args, **kwargs)
  File "/app/asu_discord/cogs/analytics.py", line 652, in on_member_update
    before_timeout = before.timed_out_until
                     ^^^^^^^^^^^^^^^^^^^^^^
AttributeError: 'Member' object has no attribute 'timed_out_until'
Ignoring exception in on_member_update
Traceback (most recent call last):
  File "/usr/local/lib/python3.12/site-packages/discord/client.py", line 465, in _run_event
    await coro(*args, **kwargs)
  File "/app/asu_discord/cogs/analytics.py", line 652, in on_member_update
    before_timeout = before.timed_out_until
                     ^^^^^^^^^^^^^^^^^^^^^^
AttributeError: 'Member' object has no attribute 'timed_out_until'
Ignoring exception in on_member_update
Traceback (most recent call last):
  File "/usr/local/lib/python3.12/site-packages/discord/client.py", line 465, in _run_event
    await coro(*args, **kwargs)
  File "/app/asu_discord/cogs/analytics.py", line 652, in on_member_update
    before_timeout = before.timed_out_until
                     ^^^^^^^^^^^^^^^^^^^^^^
AttributeError: 'Member' object has no attribute 'timed_out_until'
Ignoring exception in on_member_update
Traceback (most recent call last):
  File "/usr/local/lib/python3.12/site-packages/discord/client.py", line 465, in _run_event
    await coro(*args, **kwargs)
  File "/app/asu_discord/cogs/analytics.py", line 652, in on_member_update
    before_timeout = before.timed_out_until
                     ^^^^^^^^^^^^^^^^^^^^^^
AttributeError: 'Member' object has no attribute 'timed_out_until'
Ignoring exception in on_member_update
Traceback (most recent call last):
  File "/usr/local/lib/python3.12/site-packages/discord/client.py", line 465, in _run_event
    await coro(*args, **kwargs)
  File "/app/asu_discord/cogs/analytics.py", line 652, in on_member_update
    before_timeout = before.timed_out_until
                     ^^^^^^^^^^^^^^^^^^^^^^
AttributeError: 'Member' object has no attribute 'timed_out_until'
Ignoring exception in on_member_update
Traceback (most recent call last):
  File "/usr/local/lib/python3.12/site-packages/discord/client.py", line 465, in _run_event
    await coro(*args, **kwargs)
  File "/app/asu_discord/cogs/analytics.py", line 652, in on_member_update
    before_timeout = before.timed_out_until
                     ^^^^^^^^^^^^^^^^^^^^^^
AttributeError: 'Member' object has no attribute 'timed_out_until'
INFO:asu_discord.cogs.verification:Saved 4 roles to database for user aalghery (Discord ID: 697463626918789160)
INFO:asu_discord.cogs.verification:Refreshed Salesforce roles for Discord user 697463626918789160: -4/+3 roles, assigned=[First Year, International Student, Tempe, W.P. Carey School of Business]
Ignoring exception in on_member_update
Traceback (most recent call last):
  File "/usr/local/lib/python3.12/site-packages/discord/client.py", line 465, in _run_event
    await coro(*args, **kwargs)
  File "/app/asu_discord/cogs/analytics.py", line 652, in on_member_update
    before_timeout = before.timed_out_until
                     ^^^^^^^^^^^^^^^^^^^^^^
AttributeError: 'Member' object has no attribute 'timed_out_until'
Ignoring exception in on_member_update
Traceback (most recent call last):
  File "/usr/local/lib/python3.12/site-packages/discord/client.py", line 465, in _run_event
    await coro(*args, **kwargs)
  File "/app/asu_discord/cogs/analytics.py", line 652, in on_member_update
    before_timeout = before.timed_out_until
                     ^^^^^^^^^^^^^^^^^^^^^^
AttributeError: 'Member' object has no attribute 'timed_out_until'
Ignoring exception in on_member_update
Traceback (most recent call last):
  File "/usr/local/lib/python3.12/site-packages/discord/client.py", line 465, in _run_event
    await coro(*args, **kwargs)
  File "/app/asu_discord/cogs/analytics.py", line 652, in on_member_update
    before_timeout = before.timed_out_until
                     ^^^^^^^^^^^^^^^^^^^^^^
AttributeError: 'Member' object has no attribute 'timed_out_until'
Ignoring exception in on_member_update
Traceback (most recent call last):
  File "/usr/local/lib/python3.12/site-packages/discord/client.py", line 465, in _run_event
    await coro(*args, **kwargs)
  File "/app/asu_discord/cogs/analytics.py", line 652, in on_member_update
    before_timeout = before.timed_out_until
                     ^^^^^^^^^^^^^^^^^^^^^^
AttributeError: 'Member' object has no attribute 'timed_out_until'
Ignoring exception in on_member_update
Traceback (most recent call last):
  File "/usr/local/lib/python3.12/site-packages/discord/client.py", line 465, in _run_event
    await coro(*args, **kwargs)
  File "/app/asu_discord/cogs/analytics.py", line 652, in on_member_update
    before_timeout = before.timed_out_until
                     ^^^^^^^^^^^^^^^^^^^^^^
AttributeError: 'Member' object has no attribute 'timed_out_until'
Ignoring exception in on_member_update
Traceback (most recent call last):
  File "/usr/local/lib/python3.12/site-packages/discord/client.py", line 465, in _run_event
    await coro(*args, **kwargs)
  File "/app/asu_discord/cogs/analytics.py", line 652, in on_member_update
    before_timeout = before.timed_out_until
                     ^^^^^^^^^^^^^^^^^^^^^^
AttributeError: 'Member' object has no attribute 'timed_out_until'
Ignoring exception in on_member_update
Traceback (most recent call last):
  File "/usr/local/lib/python3.12/site-packages/discord/client.py", line 465, in _run_event
    await coro(*args, **kwargs)
  File "/app/asu_discord/cogs/analytics.py", line 652, in on_member_update
    before_timeout = before.timed_out_until
                     ^^^^^^^^^^^^^^^^^^^^^^
AttributeError: 'Member' object has no attribute 'timed_out_until'
Ignoring exception in on_member_update
Traceback (most recent call last):
  File "/usr/local/lib/python3.12/site-packages/discord/client.py", line 465, in _run_event
    await coro(*args, **kwargs)
  File "/app/asu_discord/cogs/analytics.py", line 652, in on_member_update
    before_timeout = before.timed_out_until
                     ^^^^^^^^^^^^^^^^^^^^^^
AttributeError: 'Member' object has no attribute 'timed_out_until'
INFO:asu_discord.cogs.verification:Saved 4 roles to database for user tlarkin7 (Discord ID: 1180598322445172888)
INFO:asu_discord.cogs.verification:Refreshed Salesforce roles for Discord user 1180598322445172888: -4/+4 roles, assigned=[Arizona Resident, College of Liberal Arts and Sciences, First Year, Tempe]
Ignoring exception in on_member_update
Traceback (most recent call last):
  File "/usr/local/lib/python3.12/site-packages/discord/client.py", line 465, in _run_event
    await coro(*args, **kwargs)
  File "/app/asu_discord/cogs/analytics.py", line 652, in on_member_update
    before_timeout = before.timed_out_until
                     ^^^^^^^^^^^^^^^^^^^^^^
AttributeError: 'Member' object has no attribute 'timed_out_until'
Ignoring exception in on_member_update
Traceback (most recent call last):
  File "/usr/local/lib/python3.12/site-packages/discord/client.py", line 465, in _run_event
    await coro(*args, **kwargs)
  File "/app/asu_discord/cogs/analytics.py", line 652, in on_member_update
    before_timeout = before.timed_out_until
                     ^^^^^^^^^^^^^^^^^^^^^^
AttributeError: 'Member' object has no attribute 'timed_out_until'
Ignoring exception in on_member_update
Traceback (most recent call last):
  File "/usr/local/lib/python3.12/site-packages/discord/client.py", line 465, in _run_event
    await coro(*args, **kwargs)
  File "/app/asu_discord/cogs/analytics.py", line 652, in on_member_update
    before_timeout = before.timed_out_until
                     ^^^^^^^^^^^^^^^^^^^^^^
AttributeError: 'Member' object has no attribute 'timed_out_until'
Ignoring exception in on_member_update
Traceback (most recent call last):
  File "/usr/local/lib/python3.12/site-packages/discord/client.py", line 465, in _run_event
    await coro(*args, **kwargs)
  File "/app/asu_discord/cogs/analytics.py", line 652, in on_member_update
    before_timeout = before.timed_out_until
                     ^^^^^^^^^^^^^^^^^^^^^^
AttributeError: 'Member' object has no attribute 'timed_out_until'
Ignoring exception in on_member_update
Traceback (most recent call last):
  File "/usr/local/lib/python3.12/site-packages/discord/client.py", line 465, in _run_event
    await coro(*args, **kwargs)
  File "/app/asu_discord/cogs/analytics.py", line 652, in on_member_update
    before_timeout = before.timed_out_until
                     ^^^^^^^^^^^^^^^^^^^^^^
AttributeError: 'Member' object has no attribute 'timed_out_until'
Ignoring exception in on_member_update
Traceback (most recent call last):
  File "/usr/local/lib/python3.12/site-packages/discord/client.py", line 465, in _run_event
    await coro(*args, **kwargs)
  File "/app/asu_discord/cogs/analytics.py", line 652, in on_member_update
    before_timeout = before.timed_out_until
                     ^^^^^^^^^^^^^^^^^^^^^^
AttributeError: 'Member' object has no attribute 'timed_out_until'
Ignoring exception in on_member_update
Traceback (most recent call last):
  File "/usr/local/lib/python3.12/site-packages/discord/client.py", line 465, in _run_event
    await coro(*args, **kwargs)
  File "/app/asu_discord/cogs/analytics.py", line 652, in on_member_update
    before_timeout = before.timed_out_until
                     ^^^^^^^^^^^^^^^^^^^^^^
AttributeError: 'Member' object has no attribute 'timed_out_until'
Ignoring exception in on_member_update
Traceback (most recent call last):
  File "/usr/local/lib/python3.12/site-packages/discord/client.py", line 465, in _run_event
    await coro(*args, **kwargs)
  File "/app/asu_discord/cogs/analytics.py", line 652, in on_member_update
    before_timeout = before.timed_out_until
                     ^^^^^^^^^^^^^^^^^^^^^^
AttributeError: 'Member' object has no attribute 'timed_out_until'
Ignoring exception in on_member_update
Traceback (most recent call last):
  File "/usr/local/lib/python3.12/site-packages/discord/client.py", line 465, in _run_event
    await coro(*args, **kwargs)
  File "/app/asu_discord/cogs/analytics.py", line 652, in on_member_update
    before_timeout = before.timed_out_until
                     ^^^^^^^^^^^^^^^^^^^^^^
AttributeError: 'Member' object has no attribute 'timed_out_until'
Ignoring exception in on_member_update
Traceback (most recent call last):
  File "/usr/local/lib/python3.12/site-packages/discord/client.py", line 465, in _run_event
    await coro(*args, **kwargs)
  File "/app/asu_discord/cogs/analytics.py", line 652, in on_member_update
    before_timeout = before.timed_out_until
                     ^^^^^^^^^^^^^^^^^^^^^^
AttributeError: 'Member' object has no attribute 'timed_out_until'
INFO:asu_discord.cogs.verification:Saved 5 roles to database for user tmalota4 (Discord ID: 607680026036666399)
INFO:asu_discord.cogs.verification:Refreshed Salesforce roles for Discord user 607680026036666399: -5/+5 roles, assigned=[Downtown Phoenix, First Generation Student, First Year, International Student, Watts College of Public Service and Community Solutions]
Ignoring exception in on_member_update
Traceback (most recent call last):
  File "/usr/local/lib/python3.12/site-packages/discord/client.py", line 465, in _run_event
    await coro(*args, **kwargs)
  File "/app/asu_discord/cogs/analytics.py", line 652, in on_member_update
    before_timeout = before.timed_out_until
                     ^^^^^^^^^^^^^^^^^^^^^^
AttributeError: 'Member' object has no attribute 'timed_out_until'
Ignoring exception in on_member_update
Traceback (most recent call last):
  File "/usr/local/lib/python3.12/site-packages/discord/client.py", line 465, in _run_event
    await coro(*args, **kwargs)
  File "/app/asu_discord/cogs/analytics.py", line 652, in on_member_update
    before_timeout = before.timed_out_until
                     ^^^^^^^^^^^^^^^^^^^^^^
AttributeError: 'Member' object has no attribute 'timed_out_until'
Ignoring exception in on_member_update
Traceback (most recent call last):
  File "/usr/local/lib/python3.12/site-packages/discord/client.py", line 465, in _run_event
    await coro(*args, **kwargs)
  File "/app/asu_discord/cogs/analytics.py", line 652, in on_member_update
    before_timeout = before.timed_out_until
                     ^^^^^^^^^^^^^^^^^^^^^^
AttributeError: 'Member' object has no attribute 'timed_out_until'
Ignoring exception in on_member_update
Traceback (most recent call last):
  File "/usr/local/lib/python3.12/site-packages/discord/client.py", line 465, in _run_event
    await coro(*args, **kwargs)
  File "/app/asu_discord/cogs/analytics.py", line 652, in on_member_update
    before_timeout = before.timed_out_until
                     ^^^^^^^^^^^^^^^^^^^^^^
AttributeError: 'Member' object has no attribute 'timed_out_until'
Ignoring exception in on_member_update
Traceback (most recent call last):
  File "/usr/local/lib/python3.12/site-packages/discord/client.py", line 465, in _run_event
    await coro(*args, **kwargs)
  File "/app/asu_discord/cogs/analytics.py", line 652, in on_member_update
    before_timeout = before.timed_out_until
                     ^^^^^^^^^^^^^^^^^^^^^^
AttributeError: 'Member' object has no attribute 'timed_out_until'
Ignoring exception in on_member_update
Traceback (most recent call last):
  File "/usr/local/lib/python3.12/site-packages/discord/client.py", line 465, in _run_event
    await coro(*args, **kwargs)
  File "/app/asu_discord/cogs/analytics.py", line 652, in on_member_update
    before_timeout = before.timed_out_until
                     ^^^^^^^^^^^^^^^^^^^^^^
AttributeError: 'Member' object has no attribute 'timed_out_until'
Ignoring exception in on_member_update
Traceback (most recent call last):
  File "/usr/local/lib/python3.12/site-packages/discord/client.py", line 465, in _run_event
    await coro(*args, **kwargs)
  File "/app/asu_discord/cogs/analytics.py", line 652, in on_member_update
    before_timeout = before.timed_out_until
                     ^^^^^^^^^^^^^^^^^^^^^^
AttributeError: 'Member' object has no attribute 'timed_out_until'
Ignoring exception in on_member_update
Traceback (most recent call last):
  File "/usr/local/lib/python3.12/site-packages/discord/client.py", line 465, in _run_event
    await coro(*args, **kwargs)
  File "/app/asu_discord/cogs/analytics.py", line 652, in on_member_update
    before_timeout = before.timed_out_until
                     ^^^^^^^^^^^^^^^^^^^^^^
AttributeError: 'Member' object has no attribute 'timed_out_until'
Ignoring exception in on_member_update
Traceback (most recent call last):
  File "/usr/local/lib/python3.12/site-packages/discord/client.py", line 465, in _run_event
    await coro(*args, **kwargs)
  File "/app/asu_discord/cogs/analytics.py", line 652, in on_member_update
    before_timeout = before.timed_out_until
                     ^^^^^^^^^^^^^^^^^^^^^^
AttributeError: 'Member' object has no attribute 'timed_out_until'
Ignoring exception in on_member_update
Traceback (most recent call last):
  File "/usr/local/lib/python3.12/site-packages/discord/client.py", line 465, in _run_event
    await coro(*args, **kwargs)
  File "/app/asu_discord/cogs/analytics.py", line 652, in on_member_update
    before_timeout = before.timed_out_until
                     ^^^^^^^^^^^^^^^^^^^^^^
AttributeError: 'Member' object has no attribute 'timed_out_until'
INFO:asu_discord.cogs.verification:Saved 5 roles to database for user thichauk (Discord ID: 1507648027446476885)
INFO:asu_discord.cogs.verification:Refreshed Salesforce roles for Discord user 1507648027446476885: -5/+5 roles, assigned=[Commited, First Year, International Student, Ira A. Fulton Schools of Engineering, Tempe]
Ignoring exception in on_member_update
Traceback (most recent call last):
  File "/usr/local/lib/python3.12/site-packages/discord/client.py", line 465, in _run_event
    await coro(*args, **kwargs)
  File "/app/asu_discord/cogs/analytics.py", line 652, in on_member_update
    before_timeout = before.timed_out_until
                     ^^^^^^^^^^^^^^^^^^^^^^
AttributeError: 'Member' object has no attribute 'timed_out_until'
Ignoring exception in on_member_update
Traceback (most recent call last):
  File "/usr/local/lib/python3.12/site-packages/discord/client.py", line 465, in _run_event
    await coro(*args, **kwargs)
  File "/app/asu_discord/cogs/analytics.py", line 652, in on_member_update
    before_timeout = before.timed_out_until
                     ^^^^^^^^^^^^^^^^^^^^^^
AttributeError: 'Member' object has no attribute 'timed_out_until'
Ignoring exception in on_member_update
Traceback (most recent call last):
  File "/usr/local/lib/python3.12/site-packages/discord/client.py", line 465, in _run_event
    await coro(*args, **kwargs)
  File "/app/asu_discord/cogs/analytics.py", line 652, in on_member_update
    before_timeout = before.timed_out_until
                     ^^^^^^^^^^^^^^^^^^^^^^
AttributeError: 'Member' object has no attribute 'timed_out_until'
Ignoring exception in on_member_update
Traceback (most recent call last):
  File "/usr/local/lib/python3.12/site-packages/discord/client.py", line 465, in _run_event
    await coro(*args, **kwargs)
  File "/app/asu_discord/cogs/analytics.py", line 652, in on_member_update
    before_timeout = before.timed_out_until
                     ^^^^^^^^^^^^^^^^^^^^^^
AttributeError: 'Member' object has no attribute 'timed_out_until'
Ignoring exception in on_member_update
Traceback (most recent call last):
  File "/usr/local/lib/python3.12/site-packages/discord/client.py", line 465, in _run_event
    await coro(*args, **kwargs)
  File "/app/asu_discord/cogs/analytics.py", line 652, in on_member_update
    before_timeout = before.timed_out_until
                     ^^^^^^^^^^^^^^^^^^^^^^
AttributeError: 'Member' object has no attribute 'timed_out_until'
Ignoring exception in on_member_update
Traceback (most recent call last):
  File "/usr/local/lib/python3.12/site-packages/discord/client.py", line 465, in _run_event
    await coro(*args, **kwargs)
  File "/app/asu_discord/cogs/analytics.py", line 652, in on_member_update
    before_timeout = before.timed_out_until
                     ^^^^^^^^^^^^^^^^^^^^^^
AttributeError: 'Member' object has no attribute 'timed_out_until'
Ignoring exception in on_member_update
Traceback (most recent call last):
  File "/usr/local/lib/python3.12/site-packages/discord/client.py", line 465, in _run_event
    await coro(*args, **kwargs)
  File "/app/asu_discord/cogs/analytics.py", line 652, in on_member_update
    before_timeout = before.timed_out_until
                     ^^^^^^^^^^^^^^^^^^^^^^
AttributeError: 'Member' object has no attribute 'timed_out_until'
Ignoring exception in on_member_update
Traceback (most recent call last):
  File "/usr/local/lib/python3.12/site-packages/discord/client.py", line 465, in _run_event
    await coro(*args, **kwargs)
  File "/app/asu_discord/cogs/analytics.py", line 652, in on_member_update
    before_timeout = before.timed_out_until
                     ^^^^^^^^^^^^^^^^^^^^^^
AttributeError: 'Member' object has no attribute 'timed_out_until'
Ignoring exception in on_member_update
Traceback (most recent call last):
  File "/usr/local/lib/python3.12/site-packages/discord/client.py", line 465, in _run_event
    await coro(*args, **kwargs)
  File "/app/asu_discord/cogs/analytics.py", line 652, in on_member_update
    before_timeout = before.timed_out_until
                     ^^^^^^^^^^^^^^^^^^^^^^
AttributeError: 'Member' object has no attribute 'timed_out_until'
Ignoring exception in on_member_update
Traceback (most recent call last):
  File "/usr/local/lib/python3.12/site-packages/discord/client.py", line 465, in _run_event
    await coro(*args, **kwargs)
  File "/app/asu_discord/cogs/analytics.py", line 652, in on_member_update
    before_timeout = before.timed_out_until
                     ^^^^^^^^^^^^^^^^^^^^^^
AttributeError: 'Member' object has no attribute 'timed_out_until'
INFO:asu_discord.cogs.verification:Saved 5 roles to database for user falota23 (Discord ID: 442515037534552084)
INFO:asu_discord.cogs.verification:Refreshed Salesforce roles for Discord user 442515037534552084: -5/+5 roles, assigned=[College of Liberal Arts and Sciences, Commited, First Year, International Student, Tempe]
Ignoring exception in on_member_update
Traceback (most recent call last):
  File "/usr/local/lib/python3.12/site-packages/discord/client.py", line 465, in _run_event
    await coro(*args, **kwargs)
  File "/app/asu_discord/cogs/analytics.py", line 652, in on_member_update
    before_timeout = before.timed_out_until
                     ^^^^^^^^^^^^^^^^^^^^^^
AttributeError: 'Member' object has no attribute 'timed_out_until'
Ignoring exception in on_member_update
Traceback (most recent call last):
  File "/usr/local/lib/python3.12/site-packages/discord/client.py", line 465, in _run_event
    await coro(*args, **kwargs)
  File "/app/asu_discord/cogs/analytics.py", line 652, in on_member_update
    before_timeout = before.timed_out_until
                     ^^^^^^^^^^^^^^^^^^^^^^
AttributeError: 'Member' object has no attribute 'timed_out_until'
Ignoring exception in on_member_update
Traceback (most recent call last):
  File "/usr/local/lib/python3.12/site-packages/discord/client.py", line 465, in _run_event
    await coro(*args, **kwargs)
  File "/app/asu_discord/cogs/analytics.py", line 652, in on_member_update
    before_timeout = before.timed_out_until
                     ^^^^^^^^^^^^^^^^^^^^^^
AttributeError: 'Member' object has no attribute 'timed_out_until'
Ignoring exception in on_member_update
Traceback (most recent call last):
  File "/usr/local/lib/python3.12/site-packages/discord/client.py", line 465, in _run_event
    await coro(*args, **kwargs)
  File "/app/asu_discord/cogs/analytics.py", line 652, in on_member_update
    before_timeout = before.timed_out_until
                     ^^^^^^^^^^^^^^^^^^^^^^
AttributeError: 'Member' object has no attribute 'timed_out_until'
Ignoring exception in on_member_update
Traceback (most recent call last):
  File "/usr/local/lib/python3.12/site-packages/discord/client.py", line 465, in _run_event
    await coro(*args, **kwargs)
  File "/app/asu_discord/cogs/analytics.py", line 652, in on_member_update
    before_timeout = before.timed_out_until
                     ^^^^^^^^^^^^^^^^^^^^^^
AttributeError: 'Member' object has no attribute 'timed_out_until'
Ignoring exception in on_member_update
Traceback (most recent call last):
  File "/usr/local/lib/python3.12/site-packages/discord/client.py", line 465, in _run_event
    await coro(*args, **kwargs)
  File "/app/asu_discord/cogs/analytics.py", line 652, in on_member_update
    before_timeout = before.timed_out_until
                     ^^^^^^^^^^^^^^^^^^^^^^
AttributeError: 'Member' object has no attribute 'timed_out_until'
Ignoring exception in on_member_update
Traceback (most recent call last):
  File "/usr/local/lib/python3.12/site-packages/discord/client.py", line 465, in _run_event
    await coro(*args, **kwargs)
  File "/app/asu_discord/cogs/analytics.py", line 652, in on_member_update
    before_timeout = before.timed_out_until
                     ^^^^^^^^^^^^^^^^^^^^^^
AttributeError: 'Member' object has no attribute 'timed_out_until'
Ignoring exception in on_member_update
Traceback (most recent call last):
  File "/usr/local/lib/python3.12/site-packages/discord/client.py", line 465, in _run_event
    await coro(*args, **kwargs)
  File "/app/asu_discord/cogs/analytics.py", line 652, in on_member_update
    before_timeout = before.timed_out_until
                     ^^^^^^^^^^^^^^^^^^^^^^
AttributeError: 'Member' object has no attribute 'timed_out_until'
INFO:asu_discord.cogs.verification:Saved 4 roles to database for user pmbaile3 (Discord ID: 391998237118169099)
INFO:asu_discord.cogs.verification:Refreshed Salesforce roles for Discord user 391998237118169099: -4/+4 roles, assigned=[Arizona Resident, Graduate Student, New College of Interdisciplinary Arts and Sciences, Online]
Ignoring exception in on_member_update
Traceback (most recent call last):
  File "/usr/local/lib/python3.12/site-packages/discord/client.py", line 465, in _run_event
    await coro(*args, **kwargs)
  File "/app/asu_discord/cogs/analytics.py", line 652, in on_member_update
    before_timeout = before.timed_out_until
                     ^^^^^^^^^^^^^^^^^^^^^^
AttributeError: 'Member' object has no attribute 'timed_out_until'
Ignoring exception in on_member_update
Traceback (most recent call last):
  File "/usr/local/lib/python3.12/site-packages/discord/client.py", line 465, in _run_event
    await coro(*args, **kwargs)
  File "/app/asu_discord/cogs/analytics.py", line 652, in on_member_update
    before_timeout = before.timed_out_until
                     ^^^^^^^^^^^^^^^^^^^^^^
AttributeError: 'Member' object has no attribute 'timed_out_until'
Ignoring exception in on_member_update
Traceback (most recent call last):
  File "/usr/local/lib/python3.12/site-packages/discord/client.py", line 465, in _run_event
    await coro(*args, **kwargs)
  File "/app/asu_discord/cogs/analytics.py", line 652, in on_member_update
    before_timeout = before.timed_out_until
                     ^^^^^^^^^^^^^^^^^^^^^^
AttributeError: 'Member' object has no attribute 'timed_out_until'
Ignoring exception in on_member_update
Traceback (most recent call last):
  File "/usr/local/lib/python3.12/site-packages/discord/client.py", line 465, in _run_event
    await coro(*args, **kwargs)
  File "/app/asu_discord/cogs/analytics.py", line 652, in on_member_update
    before_timeout = before.timed_out_until
                     ^^^^^^^^^^^^^^^^^^^^^^
AttributeError: 'Member' object has no attribute 'timed_out_until'
Ignoring exception in on_member_update
Traceback (most recent call last):
  File "/usr/local/lib/python3.12/site-packages/discord/client.py", line 465, in _run_event
    await coro(*args, **kwargs)
  File "/app/asu_discord/cogs/analytics.py", line 652, in on_member_update
    before_timeout = before.timed_out_until
                     ^^^^^^^^^^^^^^^^^^^^^^
AttributeError: 'Member' object has no attribute 'timed_out_until'
Ignoring exception in on_member_update
Traceback (most recent call last):
  File "/usr/local/lib/python3.12/site-packages/discord/client.py", line 465, in _run_event
    await coro(*args, **kwargs)
  File "/app/asu_discord/cogs/analytics.py", line 652, in on_member_update
    before_timeout = before.timed_out_until
                     ^^^^^^^^^^^^^^^^^^^^^^
AttributeError: 'Member' object has no attribute 'timed_out_until'
Ignoring exception in on_member_update
Traceback (most recent call last):
  File "/usr/local/lib/python3.12/site-packages/discord/client.py", line 465, in _run_event
    await coro(*args, **kwargs)
  File "/app/asu_discord/cogs/analytics.py", line 652, in on_member_update
    before_timeout = before.timed_out_until
                     ^^^^^^^^^^^^^^^^^^^^^^
AttributeError: 'Member' object has no attribute 'timed_out_until'
Ignoring exception in on_member_update
Traceback (most recent call last):
  File "/usr/local/lib/python3.12/site-packages/discord/client.py", line 465, in _run_event
    await coro(*args, **kwargs)
  File "/app/asu_discord/cogs/analytics.py", line 652, in on_member_update
    before_timeout = before.timed_out_until
                     ^^^^^^^^^^^^^^^^^^^^^^
AttributeError: 'Member' object has no attribute 'timed_out_until'
Ignoring exception in on_member_update
Traceback (most recent call last):
  File "/usr/local/lib/python3.12/site-packages/discord/client.py", line 465, in _run_event
    await coro(*args, **kwargs)
  File "/app/asu_discord/cogs/analytics.py", line 652, in on_member_update
    before_timeout = before.timed_out_until
                     ^^^^^^^^^^^^^^^^^^^^^^
AttributeError: 'Member' object has no attribute 'timed_out_until'
Ignoring exception in on_member_update
Traceback (most recent call last):
  File "/usr/local/lib/python3.12/site-packages/discord/client.py", line 465, in _run_event
    await coro(*args, **kwargs)
  File "/app/asu_discord/cogs/analytics.py", line 652, in on_member_update
    before_timeout = before.timed_out_until
                     ^^^^^^^^^^^^^^^^^^^^^^
AttributeError: 'Member' object has no attribute 'timed_out_until'
INFO:asu_discord.cogs.verification:Saved 5 roles to database for user mrwamatw (Discord ID: 1467064903419559986)
INFO:asu_discord.cogs.verification:Refreshed Salesforce roles for Discord user 1467064903419559986: -5/+5 roles, assigned=[College of Liberal Arts and Sciences, Commited, First Year, International Student, Tempe]
Ignoring exception in on_member_update
Traceback (most recent call last):
  File "/usr/local/lib/python3.12/site-packages/discord/client.py", line 465, in _run_event
    await coro(*args, **kwargs)
  File "/app/asu_discord/cogs/analytics.py", line 652, in on_member_update
    before_timeout = before.timed_out_until
                     ^^^^^^^^^^^^^^^^^^^^^^
AttributeError: 'Member' object has no attribute 'timed_out_until'
Ignoring exception in on_member_update
Traceback (most recent call last):
  File "/usr/local/lib/python3.12/site-packages/discord/client.py", line 465, in _run_event
    await coro(*args, **kwargs)
  File "/app/asu_discord/cogs/analytics.py", line 652, in on_member_update
    before_timeout = before.timed_out_until
                     ^^^^^^^^^^^^^^^^^^^^^^
AttributeError: 'Member' object has no attribute 'timed_out_until'
Ignoring exception in on_member_update
Traceback (most recent call last):
  File "/usr/local/lib/python3.12/site-packages/discord/client.py", line 465, in _run_event
    await coro(*args, **kwargs)
  File "/app/asu_discord/cogs/analytics.py", line 652, in on_member_update
    before_timeout = before.timed_out_until
                     ^^^^^^^^^^^^^^^^^^^^^^
AttributeError: 'Member' object has no attribute 'timed_out_until'
Ignoring exception in on_member_update
Traceback (most recent call last):
  File "/usr/local/lib/python3.12/site-packages/discord/client.py", line 465, in _run_event
    await coro(*args, **kwargs)
  File "/app/asu_discord/cogs/analytics.py", line 652, in on_member_update
    before_timeout = before.timed_out_until
                     ^^^^^^^^^^^^^^^^^^^^^^
AttributeError: 'Member' object has no attribute 'timed_out_until'
Ignoring exception in on_member_update
Traceback (most recent call last):
  File "/usr/local/lib/python3.12/site-packages/discord/client.py", line 465, in _run_event
    await coro(*args, **kwargs)
  File "/app/asu_discord/cogs/analytics.py", line 652, in on_member_update
    before_timeout = before.timed_out_until
                     ^^^^^^^^^^^^^^^^^^^^^^
AttributeError: 'Member' object has no attribute 'timed_out_until'
Ignoring exception in on_member_update
Traceback (most recent call last):
  File "/usr/local/lib/python3.12/site-packages/discord/client.py", line 465, in _run_event
    await coro(*args, **kwargs)
  File "/app/asu_discord/cogs/analytics.py", line 652, in on_member_update
    before_timeout = before.timed_out_until
                     ^^^^^^^^^^^^^^^^^^^^^^
AttributeError: 'Member' object has no attribute 'timed_out_until'
Ignoring exception in on_member_update
Traceback (most recent call last):
  File "/usr/local/lib/python3.12/site-packages/discord/client.py", line 465, in _run_event
    await coro(*args, **kwargs)
  File "/app/asu_discord/cogs/analytics.py", line 652, in on_member_update
    before_timeout = before.timed_out_until
                     ^^^^^^^^^^^^^^^^^^^^^^
AttributeError: 'Member' object has no attribute 'timed_out_until'
INFO:asu_discord.cogs.verification:Saved 4 roles to database for user dnhaguil (Discord ID: 1499628315965653054)
INFO:asu_discord.cogs.verification:Refreshed Salesforce roles for Discord user 1499628315965653054: -4/+3 roles, assigned=[Graduate Student, International Student, Ira A. Fulton Schools of Engineering, Tempe]
Ignoring exception in on_member_update
Traceback (most recent call last):
  File "/usr/local/lib/python3.12/site-packages/discord/client.py", line 465, in _run_event
    await coro(*args, **kwargs)
  File "/app/asu_discord/cogs/analytics.py", line 652, in on_member_update
    before_timeout = before.timed_out_until
                     ^^^^^^^^^^^^^^^^^^^^^^
AttributeError: 'Member' object has no attribute 'timed_out_until'
Ignoring exception in on_member_update
Traceback (most recent call last):
  File "/usr/local/lib/python3.12/site-packages/discord/client.py", line 465, in _run_event
    await coro(*args, **kwargs)
  File "/app/asu_discord/cogs/analytics.py", line 652, in on_member_update
    before_timeout = before.timed_out_until
                     ^^^^^^^^^^^^^^^^^^^^^^
AttributeError: 'Member' object has no attribute 'timed_out_until'
Ignoring exception in on_member_update
Traceback (most recent call last):
  File "/usr/local/lib/python3.12/site-packages/discord/client.py", line 465, in _run_event
    await coro(*args, **kwargs)
  File "/app/asu_discord/cogs/analytics.py", line 652, in on_member_update
    before_timeout = before.timed_out_until
                     ^^^^^^^^^^^^^^^^^^^^^^
AttributeError: 'Member' object has no attribute 'timed_out_until'
Ignoring exception in on_member_update
Traceback (most recent call last):
  File "/usr/local/lib/python3.12/site-packages/discord/client.py", line 465, in _run_event
    await coro(*args, **kwargs)
  File "/app/asu_discord/cogs/analytics.py", line 652, in on_member_update
    before_timeout = before.timed_out_until
                     ^^^^^^^^^^^^^^^^^^^^^^
AttributeError: 'Member' object has no attribute 'timed_out_until'
Ignoring exception in on_member_update
Traceback (most recent call last):
  File "/usr/local/lib/python3.12/site-packages/discord/client.py", line 465, in _run_event
    await coro(*args, **kwargs)
  File "/app/asu_discord/cogs/analytics.py", line 652, in on_member_update
    before_timeout = before.timed_out_until
                     ^^^^^^^^^^^^^^^^^^^^^^
AttributeError: 'Member' object has no attribute 'timed_out_until'
Ignoring exception in on_member_update
Traceback (most recent call last):
  File "/usr/local/lib/python3.12/site-packages/discord/client.py", line 465, in _run_event
    await coro(*args, **kwargs)
  File "/app/asu_discord/cogs/analytics.py", line 652, in on_member_update
    before_timeout = before.timed_out_until
                     ^^^^^^^^^^^^^^^^^^^^^^
AttributeError: 'Member' object has no attribute 'timed_out_until'
Ignoring exception in on_member_update
Traceback (most recent call last):
  File "/usr/local/lib/python3.12/site-packages/discord/client.py", line 465, in _run_event
    await coro(*args, **kwargs)
  File "/app/asu_discord/cogs/analytics.py", line 652, in on_member_update
    before_timeout = before.timed_out_until
                     ^^^^^^^^^^^^^^^^^^^^^^
AttributeError: 'Member' object has no attribute 'timed_out_until'
Ignoring exception in on_member_update
Traceback (most recent call last):
  File "/usr/local/lib/python3.12/site-packages/discord/client.py", line 465, in _run_event
    await coro(*args, **kwargs)
  File "/app/asu_discord/cogs/analytics.py", line 652, in on_member_update
    before_timeout = before.timed_out_until
                     ^^^^^^^^^^^^^^^^^^^^^^
AttributeError: 'Member' object has no attribute 'timed_out_until'
Ignoring exception in on_member_update
Traceback (most recent call last):
  File "/usr/local/lib/python3.12/site-packages/discord/client.py", line 465, in _run_event
    await coro(*args, **kwargs)
  File "/app/asu_discord/cogs/analytics.py", line 652, in on_member_update
    before_timeout = before.timed_out_until
                     ^^^^^^^^^^^^^^^^^^^^^^
AttributeError: 'Member' object has no attribute 'timed_out_until'
Ignoring exception in on_member_update
Traceback (most recent call last):
  File "/usr/local/lib/python3.12/site-packages/discord/client.py", line 465, in _run_event
    await coro(*args, **kwargs)
  File "/app/asu_discord/cogs/analytics.py", line 652, in on_member_update
    before_timeout = before.timed_out_until
                     ^^^^^^^^^^^^^^^^^^^^^^
AttributeError: 'Member' object has no attribute 'timed_out_until'
INFO:asu_discord.cogs.verification:Saved 5 roles to database for user jwyang (Discord ID: 744876703452758057)
INFO:asu_discord.cogs.verification:Refreshed Salesforce roles for Discord user 744876703452758057: -5/+5 roles, assigned=[Commited, First Year, Ira A. Fulton Schools of Engineering, Out of State, Tempe]
Ignoring exception in on_member_update
Traceback (most recent call last):
  File "/usr/local/lib/python3.12/site-packages/discord/client.py", line 465, in _run_event
    await coro(*args, **kwargs)
  File "/app/asu_discord/cogs/analytics.py", line 652, in on_member_update
    before_timeout = before.timed_out_until
                     ^^^^^^^^^^^^^^^^^^^^^^
AttributeError: 'Member' object has no attribute 'timed_out_until'
Ignoring exception in on_member_update
Traceback (most recent call last):
  File "/usr/local/lib/python3.12/site-packages/discord/client.py", line 465, in _run_event
    await coro(*args, **kwargs)
  File "/app/asu_discord/cogs/analytics.py", line 652, in on_member_update
    before_timeout = before.timed_out_until
                     ^^^^^^^^^^^^^^^^^^^^^^
AttributeError: 'Member' object has no attribute 'timed_out_until'
Ignoring exception in on_member_update
Traceback (most recent call last):
  File "/usr/local/lib/python3.12/site-packages/discord/client.py", line 465, in _run_event
    await coro(*args, **kwargs)
  File "/app/asu_discord/cogs/analytics.py", line 652, in on_member_update
    before_timeout = before.timed_out_until
                     ^^^^^^^^^^^^^^^^^^^^^^
AttributeError: 'Member' object has no attribute 'timed_out_until'
Ignoring exception in on_member_update
Traceback (most recent call last):
  File "/usr/local/lib/python3.12/site-packages/discord/client.py", line 465, in _run_event
    await coro(*args, **kwargs)
  File "/app/asu_discord/cogs/analytics.py", line 652, in on_member_update
    before_timeout = before.timed_out_until
                     ^^^^^^^^^^^^^^^^^^^^^^
AttributeError: 'Member' object has no attribute 'timed_out_until'
Ignoring exception in on_member_update
Traceback (most recent call last):
  File "/usr/local/lib/python3.12/site-packages/discord/client.py", line 465, in _run_event
    await coro(*args, **kwargs)
  File "/app/asu_discord/cogs/analytics.py", line 652, in on_member_update
    before_timeout = before.timed_out_until
                     ^^^^^^^^^^^^^^^^^^^^^^
AttributeError: 'Member' object has no attribute 'timed_out_until'
Ignoring exception in on_member_update
Traceback (most recent call last):
  File "/usr/local/lib/python3.12/site-packages/discord/client.py", line 465, in _run_event
    await coro(*args, **kwargs)
  File "/app/asu_discord/cogs/analytics.py", line 652, in on_member_update
    before_timeout = before.timed_out_until
                     ^^^^^^^^^^^^^^^^^^^^^^
AttributeError: 'Member' object has no attribute 'timed_out_until'
Ignoring exception in on_member_update
Traceback (most recent call last):
  File "/usr/local/lib/python3.12/site-packages/discord/client.py", line 465, in _run_event
    await coro(*args, **kwargs)
  File "/app/asu_discord/cogs/analytics.py", line 652, in on_member_update
    before_timeout = before.timed_out_until
                     ^^^^^^^^^^^^^^^^^^^^^^
AttributeError: 'Member' object has no attribute 'timed_out_until'
Ignoring exception in on_member_update
Traceback (most recent call last):
  File "/usr/local/lib/python3.12/site-packages/discord/client.py", line 465, in _run_event
    await coro(*args, **kwargs)
  File "/app/asu_discord/cogs/analytics.py", line 652, in on_member_update
    before_timeout = before.timed_out_until
                     ^^^^^^^^^^^^^^^^^^^^^^
AttributeError: 'Member' object has no attribute 'timed_out_until'
Ignoring exception in on_member_update
Traceback (most recent call last):
  File "/usr/local/lib/python3.12/site-packages/discord/client.py", line 465, in _run_event
    await coro(*args, **kwargs)
  File "/app/asu_discord/cogs/analytics.py", line 652, in on_member_update
    before_timeout = before.timed_out_until
                     ^^^^^^^^^^^^^^^^^^^^^^
AttributeError: 'Member' object has no attribute 'timed_out_until'
INFO:asu_discord.cogs.verification:Saved 5 roles to database for user adubey59 (Discord ID: 1507373001862152298)
INFO:asu_discord.cogs.verification:Refreshed Salesforce roles for Discord user 1507373001862152298: -5/+4 roles, assigned=[Commited, Graduate Student, International Student, Ira A. Fulton Schools of Engineering, Tempe]
Ignoring exception in on_member_update
Traceback (most recent call last):
  File "/usr/local/lib/python3.12/site-packages/discord/client.py", line 465, in _run_event
    await coro(*args, **kwargs)
  File "/app/asu_discord/cogs/analytics.py", line 652, in on_member_update
    before_timeout = before.timed_out_until
                     ^^^^^^^^^^^^^^^^^^^^^^
AttributeError: 'Member' object has no attribute 'timed_out_until'
Ignoring exception in on_member_update
Traceback (most recent call last):
  File "/usr/local/lib/python3.12/site-packages/discord/client.py", line 465, in _run_event
    await coro(*args, **kwargs)
  File "/app/asu_discord/cogs/analytics.py", line 652, in on_member_update
    before_timeout = before.timed_out_until
                     ^^^^^^^^^^^^^^^^^^^^^^
AttributeError: 'Member' object has no attribute 'timed_out_until'
Ignoring exception in on_member_update
Traceback (most recent call last):
  File "/usr/local/lib/python3.12/site-packages/discord/client.py", line 465, in _run_event
    await coro(*args, **kwargs)
  File "/app/asu_discord/cogs/analytics.py", line 652, in on_member_update
    before_timeout = before.timed_out_until
                     ^^^^^^^^^^^^^^^^^^^^^^
AttributeError: 'Member' object has no attribute 'timed_out_until'
Ignoring exception in on_member_update
Traceback (most recent call last):
  File "/usr/local/lib/python3.12/site-packages/discord/client.py", line 465, in _run_event
    await coro(*args, **kwargs)
  File "/app/asu_discord/cogs/analytics.py", line 652, in on_member_update
    before_timeout = before.timed_out_until
                     ^^^^^^^^^^^^^^^^^^^^^^
AttributeError: 'Member' object has no attribute 'timed_out_until'
Ignoring exception in on_member_update
Traceback (most recent call last):
  File "/usr/local/lib/python3.12/site-packages/discord/client.py", line 465, in _run_event
    await coro(*args, **kwargs)
  File "/app/asu_discord/cogs/analytics.py", line 652, in on_member_update
    before_timeout = before.timed_out_until
                     ^^^^^^^^^^^^^^^^^^^^^^
AttributeError: 'Member' object has no attribute 'timed_out_until'
Ignoring exception in on_member_update
Traceback (most recent call last):
  File "/usr/local/lib/python3.12/site-packages/discord/client.py", line 465, in _run_event
    await coro(*args, **kwargs)
  File "/app/asu_discord/cogs/analytics.py", line 652, in on_member_update
    before_timeout = before.timed_out_until
                     ^^^^^^^^^^^^^^^^^^^^^^
AttributeError: 'Member' object has no attribute 'timed_out_until'
Ignoring exception in on_member_update
Traceback (most recent call last):
  File "/usr/local/lib/python3.12/site-packages/discord/client.py", line 465, in _run_event
    await coro(*args, **kwargs)
  File "/app/asu_discord/cogs/analytics.py", line 652, in on_member_update
    before_timeout = before.timed_out_until
                     ^^^^^^^^^^^^^^^^^^^^^^
AttributeError: 'Member' object has no attribute 'timed_out_until'
Ignoring exception in on_member_update
Traceback (most recent call last):
  File "/usr/local/lib/python3.12/site-packages/discord/client.py", line 465, in _run_event
    await coro(*args, **kwargs)
  File "/app/asu_discord/cogs/analytics.py", line 652, in on_member_update
    before_timeout = before.timed_out_until
                     ^^^^^^^^^^^^^^^^^^^^^^
AttributeError: 'Member' object has no attribute 'timed_out_until'
Ignoring exception in on_member_update
Traceback (most recent call last):
  File "/usr/local/lib/python3.12/site-packages/discord/client.py", line 465, in _run_event
    await coro(*args, **kwargs)
  File "/app/asu_discord/cogs/analytics.py", line 652, in on_member_update
    before_timeout = before.timed_out_until
                     ^^^^^^^^^^^^^^^^^^^^^^
AttributeError: 'Member' object has no attribute 'timed_out_until'
Ignoring exception in on_member_update
Traceback (most recent call last):
  File "/usr/local/lib/python3.12/site-packages/discord/client.py", line 465, in _run_event
    await coro(*args, **kwargs)
  File "/app/asu_discord/cogs/analytics.py", line 652, in on_member_update
    before_timeout = before.timed_out_until
                     ^^^^^^^^^^^^^^^^^^^^^^
AttributeError: 'Member' object has no attribute 'timed_out_until'
INFO:asu_discord.cogs.verification:Saved 5 roles to database for user asand142 (Discord ID: 552479064732991488)
INFO:asu_discord.cogs.verification:Refreshed Salesforce roles for Discord user 552479064732991488: -5/+5 roles, assigned=[College of Liberal Arts and Sciences, Commited, First Year, Out of State, Tempe]
Ignoring exception in on_member_update
Traceback (most recent call last):
  File "/usr/local/lib/python3.12/site-packages/discord/client.py", line 465, in _run_event
    await coro(*args, **kwargs)
  File "/app/asu_discord/cogs/analytics.py", line 652, in on_member_update
    before_timeout = before.timed_out_until
                     ^^^^^^^^^^^^^^^^^^^^^^
AttributeError: 'Member' object has no attribute 'timed_out_until'
Ignoring exception in on_member_update
Traceback (most recent call last):
  File "/usr/local/lib/python3.12/site-packages/discord/client.py", line 465, in _run_event
    await coro(*args, **kwargs)
  File "/app/asu_discord/cogs/analytics.py", line 652, in on_member_update
    before_timeout = before.timed_out_until
                     ^^^^^^^^^^^^^^^^^^^^^^
AttributeError: 'Member' object has no attribute 'timed_out_until'
Ignoring exception in on_member_update
Traceback (most recent call last):
  File "/usr/local/lib/python3.12/site-packages/discord/client.py", line 465, in _run_event
    await coro(*args, **kwargs)
  File "/app/asu_discord/cogs/analytics.py", line 652, in on_member_update
    before_timeout = before.timed_out_until
                     ^^^^^^^^^^^^^^^^^^^^^^
AttributeError: 'Member' object has no attribute 'timed_out_until'
Ignoring exception in on_member_update
Traceback (most recent call last):
  File "/usr/local/lib/python3.12/site-packages/discord/client.py", line 465, in _run_event
    await coro(*args, **kwargs)
  File "/app/asu_discord/cogs/analytics.py", line 652, in on_member_update
    before_timeout = before.timed_out_until
                     ^^^^^^^^^^^^^^^^^^^^^^
AttributeError: 'Member' object has no attribute 'timed_out_until'
Ignoring exception in on_member_update
Traceback (most recent call last):
  File "/usr/local/lib/python3.12/site-packages/discord/client.py", line 465, in _run_event
    await coro(*args, **kwargs)
  File "/app/asu_discord/cogs/analytics.py", line 652, in on_member_update
    before_timeout = before.timed_out_until
                     ^^^^^^^^^^^^^^^^^^^^^^
AttributeError: 'Member' object has no attribute 'timed_out_until'
Ignoring exception in on_member_update
Traceback (most recent call last):
  File "/usr/local/lib/python3.12/site-packages/discord/client.py", line 465, in _run_event
    await coro(*args, **kwargs)
  File "/app/asu_discord/cogs/analytics.py", line 652, in on_member_update
    before_timeout = before.timed_out_until
                     ^^^^^^^^^^^^^^^^^^^^^^
AttributeError: 'Member' object has no attribute 'timed_out_until'
Ignoring exception in on_member_update
Traceback (most recent call last):
  File "/usr/local/lib/python3.12/site-packages/discord/client.py", line 465, in _run_event
    await coro(*args, **kwargs)
  File "/app/asu_discord/cogs/analytics.py", line 652, in on_member_update
    before_timeout = before.timed_out_until
                     ^^^^^^^^^^^^^^^^^^^^^^
AttributeError: 'Member' object has no attribute 'timed_out_until'
Ignoring exception in on_member_update
Traceback (most recent call last):
  File "/usr/local/lib/python3.12/site-packages/discord/client.py", line 465, in _run_event
    await coro(*args, **kwargs)
  File "/app/asu_discord/cogs/analytics.py", line 652, in on_member_update
    before_timeout = before.timed_out_until
                     ^^^^^^^^^^^^^^^^^^^^^^
AttributeError: 'Member' object has no attribute 'timed_out_until'
Ignoring exception in on_member_update
Traceback (most recent call last):
  File "/usr/local/lib/python3.12/site-packages/discord/client.py", line 465, in _run_event
    await coro(*args, **kwargs)
  File "/app/asu_discord/cogs/analytics.py", line 652, in on_member_update
    before_timeout = before.timed_out_until
                     ^^^^^^^^^^^^^^^^^^^^^^
AttributeError: 'Member' object has no attribute 'timed_out_until'
Ignoring exception in on_member_update
Traceback (most recent call last):
  File "/usr/local/lib/python3.12/site-packages/discord/client.py", line 465, in _run_event
    await coro(*args, **kwargs)
  File "/app/asu_discord/cogs/analytics.py", line 652, in on_member_update
    before_timeout = before.timed_out_until
                     ^^^^^^^^^^^^^^^^^^^^^^
AttributeError: 'Member' object has no attribute 'timed_out_until'
INFO:asu_discord.cogs.verification:Saved 5 roles to database for user zamiles (Discord ID: 1125237109305913365)
INFO:asu_discord.cogs.verification:Refreshed Salesforce roles for Discord user 1125237109305913365: -5/+5 roles, assigned=[Arizona Resident, Commited, First Year, Tempe, W.P. Carey School of Business]
Ignoring exception in on_member_update
Traceback (most recent call last):
  File "/usr/local/lib/python3.12/site-packages/discord/client.py", line 465, in _run_event
    await coro(*args, **kwargs)
  File "/app/asu_discord/cogs/analytics.py", line 652, in on_member_update
    before_timeout = before.timed_out_until
                     ^^^^^^^^^^^^^^^^^^^^^^
AttributeError: 'Member' object has no attribute 'timed_out_until'
Ignoring exception in on_member_update
Traceback (most recent call last):
  File "/usr/local/lib/python3.12/site-packages/discord/client.py", line 465, in _run_event
    await coro(*args, **kwargs)
  File "/app/asu_discord/cogs/analytics.py", line 652, in on_member_update
    before_timeout = before.timed_out_until
                     ^^^^^^^^^^^^^^^^^^^^^^
AttributeError: 'Member' object has no attribute 'timed_out_until'
Ignoring exception in on_member_update
Traceback (most recent call last):
  File "/usr/local/lib/python3.12/site-packages/discord/client.py", line 465, in _run_event
    await coro(*args, **kwargs)
  File "/app/asu_discord/cogs/analytics.py", line 652, in on_member_update
    before_timeout = before.timed_out_until
                     ^^^^^^^^^^^^^^^^^^^^^^
AttributeError: 'Member' object has no attribute 'timed_out_until'
Ignoring exception in on_member_update
Traceback (most recent call last):
  File "/usr/local/lib/python3.12/site-packages/discord/client.py", line 465, in _run_event
    await coro(*args, **kwargs)
  File "/app/asu_discord/cogs/analytics.py", line 652, in on_member_update
    before_timeout = before.timed_out_until
                     ^^^^^^^^^^^^^^^^^^^^^^
AttributeError: 'Member' object has no attribute 'timed_out_until'
Ignoring exception in on_member_update
Traceback (most recent call last):
  File "/usr/local/lib/python3.12/site-packages/discord/client.py", line 465, in _run_event
    await coro(*args, **kwargs)
  File "/app/asu_discord/cogs/analytics.py", line 652, in on_member_update
    before_timeout = before.timed_out_until
                     ^^^^^^^^^^^^^^^^^^^^^^
AttributeError: 'Member' object has no attribute 'timed_out_until'
Ignoring exception in on_member_update
Traceback (most recent call last):
  File "/usr/local/lib/python3.12/site-packages/discord/client.py", line 465, in _run_event
    await coro(*args, **kwargs)
  File "/app/asu_discord/cogs/analytics.py", line 652, in on_member_update
    before_timeout = before.timed_out_until
                     ^^^^^^^^^^^^^^^^^^^^^^
AttributeError: 'Member' object has no attribute 'timed_out_until'
Ignoring exception in on_member_update
Traceback (most recent call last):
  File "/usr/local/lib/python3.12/site-packages/discord/client.py", line 465, in _run_event
    await coro(*args, **kwargs)
  File "/app/asu_discord/cogs/analytics.py", line 652, in on_member_update
    before_timeout = before.timed_out_until
                     ^^^^^^^^^^^^^^^^^^^^^^
AttributeError: 'Member' object has no attribute 'timed_out_until'
INFO:asu_discord.cogs.verification:Saved 4 roles to database for user hkhojaev (Discord ID: 1366001163660693504)
INFO:asu_discord.cogs.verification:Refreshed Salesforce roles for Discord user 1366001163660693504: -3/+4 roles, assigned=[First Year, International Student, Ira A. Fulton Schools of Engineering, Tempe]
Ignoring exception in on_member_update
Traceback (most recent call last):
  File "/usr/local/lib/python3.12/site-packages/discord/client.py", line 465, in _run_event
    await coro(*args, **kwargs)
  File "/app/asu_discord/cogs/analytics.py", line 652, in on_member_update
    before_timeout = before.timed_out_until
                     ^^^^^^^^^^^^^^^^^^^^^^
AttributeError: 'Member' object has no attribute 'timed_out_until'
Ignoring exception in on_member_update
Traceback (most recent call last):
  File "/usr/local/lib/python3.12/site-packages/discord/client.py", line 465, in _run_event
    await coro(*args, **kwargs)
  File "/app/asu_discord/cogs/analytics.py", line 652, in on_member_update
    before_timeout = before.timed_out_until
                     ^^^^^^^^^^^^^^^^^^^^^^
AttributeError: 'Member' object has no attribute 'timed_out_until'
Ignoring exception in on_member_update
Traceback (most recent call last):
  File "/usr/local/lib/python3.12/site-packages/discord/client.py", line 465, in _run_event
    await coro(*args, **kwargs)
  File "/app/asu_discord/cogs/analytics.py", line 652, in on_member_update
    before_timeout = before.timed_out_until
                     ^^^^^^^^^^^^^^^^^^^^^^
AttributeError: 'Member' object has no attribute 'timed_out_until'
Ignoring exception in on_member_update
Traceback (most recent call last):
  File "/usr/local/lib/python3.12/site-packages/discord/client.py", line 465, in _run_event
    await coro(*args, **kwargs)
  File "/app/asu_discord/cogs/analytics.py", line 652, in on_member_update
    before_timeout = before.timed_out_until
                     ^^^^^^^^^^^^^^^^^^^^^^
AttributeError: 'Member' object has no attribute 'timed_out_until'
Ignoring exception in on_member_update
Traceback (most recent call last):
  File "/usr/local/lib/python3.12/site-packages/discord/client.py", line 465, in _run_event
    await coro(*args, **kwargs)
  File "/app/asu_discord/cogs/analytics.py", line 652, in on_member_update
    before_timeout = before.timed_out_until
                     ^^^^^^^^^^^^^^^^^^^^^^
AttributeError: 'Member' object has no attribute 'timed_out_until'
Ignoring exception in on_member_update
Traceback (most recent call last):
  File "/usr/local/lib/python3.12/site-packages/discord/client.py", line 465, in _run_event
    await coro(*args, **kwargs)
  File "/app/asu_discord/cogs/analytics.py", line 652, in on_member_update
    before_timeout = before.timed_out_until
                     ^^^^^^^^^^^^^^^^^^^^^^
AttributeError: 'Member' object has no attribute 'timed_out_until'
Ignoring exception in on_member_update
Traceback (most recent call last):
  File "/usr/local/lib/python3.12/site-packages/discord/client.py", line 465, in _run_event
    await coro(*args, **kwargs)
  File "/app/asu_discord/cogs/analytics.py", line 652, in on_member_update
    before_timeout = before.timed_out_until
                     ^^^^^^^^^^^^^^^^^^^^^^
AttributeError: 'Member' object has no attribute 'timed_out_until'
Ignoring exception in on_member_update
Traceback (most recent call last):
  File "/usr/local/lib/python3.12/site-packages/discord/client.py", line 465, in _run_event
    await coro(*args, **kwargs)
  File "/app/asu_discord/cogs/analytics.py", line 652, in on_member_update
    before_timeout = before.timed_out_until
                     ^^^^^^^^^^^^^^^^^^^^^^
AttributeError: 'Member' object has no attribute 'timed_out_until'
Ignoring exception in on_member_update
Traceback (most recent call last):
  File "/usr/local/lib/python3.12/site-packages/discord/client.py", line 465, in _run_event
    await coro(*args, **kwargs)
  File "/app/asu_discord/cogs/analytics.py", line 652, in on_member_update
    before_timeout = before.timed_out_until
                     ^^^^^^^^^^^^^^^^^^^^^^
AttributeError: 'Member' object has no attribute 'timed_out_until'
INFO:asu_discord.cogs.verification:Saved 5 roles to database for user sspujeri (Discord ID: 1508032047615311932)
INFO:asu_discord.cogs.verification:Refreshed Salesforce roles for Discord user 1508032047615311932: -5/+4 roles, assigned=[First Generation Student, Graduate Student, International Student, Ira A. Fulton Schools of Engineering, Tempe]
Ignoring exception in on_member_update
Traceback (most recent call last):
  File "/usr/local/lib/python3.12/site-packages/discord/client.py", line 465, in _run_event
    await coro(*args, **kwargs)
  File "/app/asu_discord/cogs/analytics.py", line 652, in on_member_update
    before_timeout = before.timed_out_until
                     ^^^^^^^^^^^^^^^^^^^^^^
AttributeError: 'Member' object has no attribute 'timed_out_until'
Ignoring exception in on_member_update
Traceback (most recent call last):
  File "/usr/local/lib/python3.12/site-packages/discord/client.py", line 465, in _run_event
    await coro(*args, **kwargs)
  File "/app/asu_discord/cogs/analytics.py", line 652, in on_member_update
    before_timeout = before.timed_out_until
                     ^^^^^^^^^^^^^^^^^^^^^^
AttributeError: 'Member' object has no attribute 'timed_out_until'
Ignoring exception in on_member_update
Traceback (most recent call last):
  File "/usr/local/lib/python3.12/site-packages/discord/client.py", line 465, in _run_event
    await coro(*args, **kwargs)
  File "/app/asu_discord/cogs/analytics.py", line 652, in on_member_update
    before_timeout = before.timed_out_until
                     ^^^^^^^^^^^^^^^^^^^^^^
AttributeError: 'Member' object has no attribute 'timed_out_until'
Ignoring exception in on_member_update
Traceback (most recent call last):
  File "/usr/local/lib/python3.12/site-packages/discord/client.py", line 465, in _run_event
    await coro(*args, **kwargs)
  File "/app/asu_discord/cogs/analytics.py", line 652, in on_member_update
    before_timeout = before.timed_out_until
                     ^^^^^^^^^^^^^^^^^^^^^^
AttributeError: 'Member' object has no attribute 'timed_out_until'
Ignoring exception in on_member_update
Traceback (most recent call last):
  File "/usr/local/lib/python3.12/site-packages/discord/client.py", line 465, in _run_event
    await coro(*args, **kwargs)
  File "/app/asu_discord/cogs/analytics.py", line 652, in on_member_update
    before_timeout = before.timed_out_until
                     ^^^^^^^^^^^^^^^^^^^^^^
AttributeError: 'Member' object has no attribute 'timed_out_until'
Ignoring exception in on_member_update
Traceback (most recent call last):
  File "/usr/local/lib/python3.12/site-packages/discord/client.py", line 465, in _run_event
    await coro(*args, **kwargs)
  File "/app/asu_discord/cogs/analytics.py", line 652, in on_member_update
    before_timeout = before.timed_out_until
                     ^^^^^^^^^^^^^^^^^^^^^^
AttributeError: 'Member' object has no attribute 'timed_out_until'
Ignoring exception in on_member_update
Traceback (most recent call last):
  File "/usr/local/lib/python3.12/site-packages/discord/client.py", line 465, in _run_event
    await coro(*args, **kwargs)
  File "/app/asu_discord/cogs/analytics.py", line 652, in on_member_update
    before_timeout = before.timed_out_until
                     ^^^^^^^^^^^^^^^^^^^^^^
AttributeError: 'Member' object has no attribute 'timed_out_until'
Ignoring exception in on_member_update
Traceback (most recent call last):
  File "/usr/local/lib/python3.12/site-packages/discord/client.py", line 465, in _run_event
    await coro(*args, **kwargs)
  File "/app/asu_discord/cogs/analytics.py", line 652, in on_member_update
    before_timeout = before.timed_out_until
                     ^^^^^^^^^^^^^^^^^^^^^^
AttributeError: 'Member' object has no attribute 'timed_out_until'
Ignoring exception in on_member_update
Traceback (most recent call last):
  File "/usr/local/lib/python3.12/site-packages/discord/client.py", line 465, in _run_event
    await coro(*args, **kwargs)
  File "/app/asu_discord/cogs/analytics.py", line 652, in on_member_update
    before_timeout = before.timed_out_until
                     ^^^^^^^^^^^^^^^^^^^^^^
AttributeError: 'Member' object has no attribute 'timed_out_until'
Ignoring exception in on_member_update
Traceback (most recent call last):
  File "/usr/local/lib/python3.12/site-packages/discord/client.py", line 465, in _run_event
    await coro(*args, **kwargs)
  File "/app/asu_discord/cogs/analytics.py", line 652, in on_member_update
    before_timeout = before.timed_out_until
                     ^^^^^^^^^^^^^^^^^^^^^^
AttributeError: 'Member' object has no attribute 'timed_out_until'
INFO:asu_discord.cogs.verification:Saved 5 roles to database for user nkunduru (Discord ID: 1508119773618376955)
INFO:asu_discord.cogs.verification:Refreshed Salesforce roles for Discord user 1508119773618376955: -5/+5 roles, assigned=[Commited, First Year, International Student, Ira A. Fulton Schools of Engineering, Tempe]
Ignoring exception in on_member_update
Traceback (most recent call last):
  File "/usr/local/lib/python3.12/site-packages/discord/client.py", line 465, in _run_event
    await coro(*args, **kwargs)
  File "/app/asu_discord/cogs/analytics.py", line 652, in on_member_update
    before_timeout = before.timed_out_until
                     ^^^^^^^^^^^^^^^^^^^^^^
AttributeError: 'Member' object has no attribute 'timed_out_until'
Ignoring exception in on_member_update
Traceback (most recent call last):
  File "/usr/local/lib/python3.12/site-packages/discord/client.py", line 465, in _run_event
    await coro(*args, **kwargs)
  File "/app/asu_discord/cogs/analytics.py", line 652, in on_member_update
    before_timeout = before.timed_out_until
                     ^^^^^^^^^^^^^^^^^^^^^^
AttributeError: 'Member' object has no attribute 'timed_out_until'
Ignoring exception in on_member_update
Traceback (most recent call last):
  File "/usr/local/lib/python3.12/site-packages/discord/client.py", line 465, in _run_event
    await coro(*args, **kwargs)
  File "/app/asu_discord/cogs/analytics.py", line 652, in on_member_update
    before_timeout = before.timed_out_until
                     ^^^^^^^^^^^^^^^^^^^^^^
AttributeError: 'Member' object has no attribute 'timed_out_until'
Ignoring exception in on_member_update
Traceback (most recent call last):
  File "/usr/local/lib/python3.12/site-packages/discord/client.py", line 465, in _run_event
    await coro(*args, **kwargs)
  File "/app/asu_discord/cogs/analytics.py", line 652, in on_member_update
    before_timeout = before.timed_out_until
                     ^^^^^^^^^^^^^^^^^^^^^^
AttributeError: 'Member' object has no attribute 'timed_out_until'
Ignoring exception in on_member_update
Traceback (most recent call last):
  File "/usr/local/lib/python3.12/site-packages/discord/client.py", line 465, in _run_event
    await coro(*args, **kwargs)
  File "/app/asu_discord/cogs/analytics.py", line 652, in on_member_update
    before_timeout = before.timed_out_until
                     ^^^^^^^^^^^^^^^^^^^^^^
AttributeError: 'Member' object has no attribute 'timed_out_until'
Ignoring exception in on_member_update
Traceback (most recent call last):
  File "/usr/local/lib/python3.12/site-packages/discord/client.py", line 465, in _run_event
    await coro(*args, **kwargs)
  File "/app/asu_discord/cogs/analytics.py", line 652, in on_member_update
    before_timeout = before.timed_out_until
                     ^^^^^^^^^^^^^^^^^^^^^^
AttributeError: 'Member' object has no attribute 'timed_out_until'
Ignoring exception in on_member_update
Traceback (most recent call last):
  File "/usr/local/lib/python3.12/site-packages/discord/client.py", line 465, in _run_event
    await coro(*args, **kwargs)
  File "/app/asu_discord/cogs/analytics.py", line 652, in on_member_update
    before_timeout = before.timed_out_until
                     ^^^^^^^^^^^^^^^^^^^^^^
AttributeError: 'Member' object has no attribute 'timed_out_until'
Ignoring exception in on_member_update
Traceback (most recent call last):
  File "/usr/local/lib/python3.12/site-packages/discord/client.py", line 465, in _run_event
    await coro(*args, **kwargs)
  File "/app/asu_discord/cogs/analytics.py", line 652, in on_member_update
    before_timeout = before.timed_out_until
                     ^^^^^^^^^^^^^^^^^^^^^^
AttributeError: 'Member' object has no attribute 'timed_out_until'
Ignoring exception in on_member_update
Traceback (most recent call last):
  File "/usr/local/lib/python3.12/site-packages/discord/client.py", line 465, in _run_event
    await coro(*args, **kwargs)
  File "/app/asu_discord/cogs/analytics.py", line 652, in on_member_update
    before_timeout = before.timed_out_until
                     ^^^^^^^^^^^^^^^^^^^^^^
AttributeError: 'Member' object has no attribute 'timed_out_until'
Ignoring exception in on_member_update
Traceback (most recent call last):
  File "/usr/local/lib/python3.12/site-packages/discord/client.py", line 465, in _run_event
    await coro(*args, **kwargs)
  File "/app/asu_discord/cogs/analytics.py", line 652, in on_member_update
    before_timeout = before.timed_out_until
                     ^^^^^^^^^^^^^^^^^^^^^^
AttributeError: 'Member' object has no attribute 'timed_out_until'
INFO:asu_discord.cogs.verification:Saved 5 roles to database for user dbridg16 (Discord ID: 1508137588144476401)
INFO:asu_discord.cogs.verification:Refreshed Salesforce roles for Discord user 1508137588144476401: -5/+5 roles, assigned=[Arizona Resident, Commited, First Year, New College of Interdisciplinary Arts and Sciences, West Valley]
Ignoring exception in on_member_update
Traceback (most recent call last):
  File "/usr/local/lib/python3.12/site-packages/discord/client.py", line 465, in _run_event
    await coro(*args, **kwargs)
  File "/app/asu_discord/cogs/analytics.py", line 652, in on_member_update
    before_timeout = before.timed_out_until
                     ^^^^^^^^^^^^^^^^^^^^^^
AttributeError: 'Member' object has no attribute 'timed_out_until'
Ignoring exception in on_member_update
Traceback (most recent call last):
  File "/usr/local/lib/python3.12/site-packages/discord/client.py", line 465, in _run_event
    await coro(*args, **kwargs)
  File "/app/asu_discord/cogs/analytics.py", line 652, in on_member_update
    before_timeout = before.timed_out_until
                     ^^^^^^^^^^^^^^^^^^^^^^
AttributeError: 'Member' object has no attribute 'timed_out_until'
Ignoring exception in on_member_update
Traceback (most recent call last):
  File "/usr/local/lib/python3.12/site-packages/discord/client.py", line 465, in _run_event
    await coro(*args, **kwargs)
  File "/app/asu_discord/cogs/analytics.py", line 652, in on_member_update
    before_timeout = before.timed_out_until
                     ^^^^^^^^^^^^^^^^^^^^^^
AttributeError: 'Member' object has no attribute 'timed_out_until'
Ignoring exception in on_member_update
Traceback (most recent call last):
  File "/usr/local/lib/python3.12/site-packages/discord/client.py", line 465, in _run_event
    await coro(*args, **kwargs)
  File "/app/asu_discord/cogs/analytics.py", line 652, in on_member_update
    before_timeout = before.timed_out_until
                     ^^^^^^^^^^^^^^^^^^^^^^
AttributeError: 'Member' object has no attribute 'timed_out_until'
Ignoring exception in on_member_update
Traceback (most recent call last):
  File "/usr/local/lib/python3.12/site-packages/discord/client.py", line 465, in _run_event
    await coro(*args, **kwargs)
  File "/app/asu_discord/cogs/analytics.py", line 652, in on_member_update
    before_timeout = before.timed_out_until
                     ^^^^^^^^^^^^^^^^^^^^^^
AttributeError: 'Member' object has no attribute 'timed_out_until'
Ignoring exception in on_member_update
Traceback (most recent call last):
  File "/usr/local/lib/python3.12/site-packages/discord/client.py", line 465, in _run_event
    await coro(*args, **kwargs)
  File "/app/asu_discord/cogs/analytics.py", line 652, in on_member_update
    before_timeout = before.timed_out_until
                     ^^^^^^^^^^^^^^^^^^^^^^
AttributeError: 'Member' object has no attribute 'timed_out_until'
Ignoring exception in on_member_update
Traceback (most recent call last):
  File "/usr/local/lib/python3.12/site-packages/discord/client.py", line 465, in _run_event
    await coro(*args, **kwargs)
  File "/app/asu_discord/cogs/analytics.py", line 652, in on_member_update
    before_timeout = before.timed_out_until
                     ^^^^^^^^^^^^^^^^^^^^^^
AttributeError: 'Member' object has no attribute 'timed_out_until'
INFO:asu_discord.cogs.verification:Saved 4 roles to database for user hvrana1 (Discord ID: 1120623808613720114)
INFO:asu_discord.cogs.verification:Refreshed Salesforce roles for Discord user 1120623808613720114: -3/+4 roles, assigned=[International Student, Ira A. Fulton Schools of Engineering, Tempe, Transfer Student]
Ignoring exception in on_member_update
Traceback (most recent call last):
  File "/usr/local/lib/python3.12/site-packages/discord/client.py", line 465, in _run_event
    await coro(*args, **kwargs)
  File "/app/asu_discord/cogs/analytics.py", line 652, in on_member_update
    before_timeout = before.timed_out_until
                     ^^^^^^^^^^^^^^^^^^^^^^
AttributeError: 'Member' object has no attribute 'timed_out_until'
Ignoring exception in on_member_update
Traceback (most recent call last):
  File "/usr/local/lib/python3.12/site-packages/discord/client.py", line 465, in _run_event
    await coro(*args, **kwargs)
  File "/app/asu_discord/cogs/analytics.py", line 652, in on_member_update
    before_timeout = before.timed_out_until
                     ^^^^^^^^^^^^^^^^^^^^^^
AttributeError: 'Member' object has no attribute 'timed_out_until'
Ignoring exception in on_member_update
Traceback (most recent call last):
  File "/usr/local/lib/python3.12/site-packages/discord/client.py", line 465, in _run_event
    await coro(*args, **kwargs)
  File "/app/asu_discord/cogs/analytics.py", line 652, in on_member_update
    before_timeout = before.timed_out_until
                     ^^^^^^^^^^^^^^^^^^^^^^
AttributeError: 'Member' object has no attribute 'timed_out_until'
Ignoring exception in on_member_update
Traceback (most recent call last):
  File "/usr/local/lib/python3.12/site-packages/discord/client.py", line 465, in _run_event
    await coro(*args, **kwargs)
  File "/app/asu_discord/cogs/analytics.py", line 652, in on_member_update
    before_timeout = before.timed_out_until
                     ^^^^^^^^^^^^^^^^^^^^^^
AttributeError: 'Member' object has no attribute 'timed_out_until'
Ignoring exception in on_member_update
Traceback (most recent call last):
  File "/usr/local/lib/python3.12/site-packages/discord/client.py", line 465, in _run_event
    await coro(*args, **kwargs)
  File "/app/asu_discord/cogs/analytics.py", line 652, in on_member_update
    before_timeout = before.timed_out_until
                     ^^^^^^^^^^^^^^^^^^^^^^
AttributeError: 'Member' object has no attribute 'timed_out_until'
Ignoring exception in on_member_update
Traceback (most recent call last):
  File "/usr/local/lib/python3.12/site-packages/discord/client.py", line 465, in _run_event
    await coro(*args, **kwargs)
  File "/app/asu_discord/cogs/analytics.py", line 652, in on_member_update
    before_timeout = before.timed_out_until
                     ^^^^^^^^^^^^^^^^^^^^^^
AttributeError: 'Member' object has no attribute 'timed_out_until'
Ignoring exception in on_member_update
Traceback (most recent call last):
  File "/usr/local/lib/python3.12/site-packages/discord/client.py", line 465, in _run_event
    await coro(*args, **kwargs)
  File "/app/asu_discord/cogs/analytics.py", line 652, in on_member_update
    before_timeout = before.timed_out_until
                     ^^^^^^^^^^^^^^^^^^^^^^
AttributeError: 'Member' object has no attribute 'timed_out_until'
Ignoring exception in on_member_update
Traceback (most recent call last):
  File "/usr/local/lib/python3.12/site-packages/discord/client.py", line 465, in _run_event
    await coro(*args, **kwargs)
  File "/app/asu_discord/cogs/analytics.py", line 652, in on_member_update
    before_timeout = before.timed_out_until
                     ^^^^^^^^^^^^^^^^^^^^^^
AttributeError: 'Member' object has no attribute 'timed_out_until'
Ignoring exception in on_member_update
Traceback (most recent call last):
  File "/usr/local/lib/python3.12/site-packages/discord/client.py", line 465, in _run_event
    await coro(*args, **kwargs)
  File "/app/asu_discord/cogs/analytics.py", line 652, in on_member_update
    before_timeout = before.timed_out_until
                     ^^^^^^^^^^^^^^^^^^^^^^
AttributeError: 'Member' object has no attribute 'timed_out_until'
Ignoring exception in on_member_update
Traceback (most recent call last):
  File "/usr/local/lib/python3.12/site-packages/discord/client.py", line 465, in _run_event
    await coro(*args, **kwargs)
  File "/app/asu_discord/cogs/analytics.py", line 652, in on_member_update
    before_timeout = before.timed_out_until
                     ^^^^^^^^^^^^^^^^^^^^^^
AttributeError: 'Member' object has no attribute 'timed_out_until'
Ignoring exception in on_member_update
Traceback (most recent call last):
  File "/usr/local/lib/python3.12/site-packages/discord/client.py", line 465, in _run_event
    await coro(*args, **kwargs)
  File "/app/asu_discord/cogs/analytics.py", line 652, in on_member_update
    before_timeout = before.timed_out_until
                     ^^^^^^^^^^^^^^^^^^^^^^
AttributeError: 'Member' object has no attribute 'timed_out_until'
Ignoring exception in on_member_update
Traceback (most recent call last):
  File "/usr/local/lib/python3.12/site-packages/discord/client.py", line 465, in _run_event
    await coro(*args, **kwargs)
  File "/app/asu_discord/cogs/analytics.py", line 652, in on_member_update
    before_timeout = before.timed_out_until
                     ^^^^^^^^^^^^^^^^^^^^^^
AttributeError: 'Member' object has no attribute 'timed_out_until'
INFO:asu_discord.cogs.verification:Saved 6 roles to database for user pstock1 (Discord ID: 1252140387158462544)
INFO:asu_discord.cogs.verification:Refreshed Salesforce roles for Discord user 1252140387158462544: -6/+6 roles, assigned=[Commited, Herberger Institute for Design and the Arts, LA Center, Out of State, Tempe, Transfer Student]
Ignoring exception in on_member_update
Traceback (most recent call last):
  File "/usr/local/lib/python3.12/site-packages/discord/client.py", line 465, in _run_event
    await coro(*args, **kwargs)
  File "/app/asu_discord/cogs/analytics.py", line 652, in on_member_update
    before_timeout = before.timed_out_until
                     ^^^^^^^^^^^^^^^^^^^^^^
AttributeError: 'Member' object has no attribute 'timed_out_until'
Ignoring exception in on_member_update
Traceback (most recent call last):
  File "/usr/local/lib/python3.12/site-packages/discord/client.py", line 465, in _run_event
    await coro(*args, **kwargs)
  File "/app/asu_discord/cogs/analytics.py", line 652, in on_member_update
    before_timeout = before.timed_out_until
                     ^^^^^^^^^^^^^^^^^^^^^^
AttributeError: 'Member' object has no attribute 'timed_out_until'
Ignoring exception in on_member_update
Traceback (most recent call last):
  File "/usr/local/lib/python3.12/site-packages/discord/client.py", line 465, in _run_event
    await coro(*args, **kwargs)
  File "/app/asu_discord/cogs/analytics.py", line 652, in on_member_update
    before_timeout = before.timed_out_until
                     ^^^^^^^^^^^^^^^^^^^^^^
AttributeError: 'Member' object has no attribute 'timed_out_until'
Ignoring exception in on_member_update
Traceback (most recent call last):
  File "/usr/local/lib/python3.12/site-packages/discord/client.py", line 465, in _run_event
    await coro(*args, **kwargs)
  File "/app/asu_discord/cogs/analytics.py", line 652, in on_member_update
    before_timeout = before.timed_out_until
                     ^^^^^^^^^^^^^^^^^^^^^^
AttributeError: 'Member' object has no attribute 'timed_out_until'
Ignoring exception in on_member_update
Traceback (most recent call last):
  File "/usr/local/lib/python3.12/site-packages/discord/client.py", line 465, in _run_event
    await coro(*args, **kwargs)
  File "/app/asu_discord/cogs/analytics.py", line 652, in on_member_update
    before_timeout = before.timed_out_until
                     ^^^^^^^^^^^^^^^^^^^^^^
AttributeError: 'Member' object has no attribute 'timed_out_until'
Ignoring exception in on_member_update
Traceback (most recent call last):
  File "/usr/local/lib/python3.12/site-packages/discord/client.py", line 465, in _run_event
    await coro(*args, **kwargs)
  File "/app/asu_discord/cogs/analytics.py", line 652, in on_member_update
    before_timeout = before.timed_out_until
                     ^^^^^^^^^^^^^^^^^^^^^^
AttributeError: 'Member' object has no attribute 'timed_out_until'
Ignoring exception in on_member_update
Traceback (most recent call last):
  File "/usr/local/lib/python3.12/site-packages/discord/client.py", line 465, in _run_event
    await coro(*args, **kwargs)
  File "/app/asu_discord/cogs/analytics.py", line 652, in on_member_update
    before_timeout = before.timed_out_until
                     ^^^^^^^^^^^^^^^^^^^^^^
AttributeError: 'Member' object has no attribute 'timed_out_until'
Ignoring exception in on_member_update
Traceback (most recent call last):
  File "/usr/local/lib/python3.12/site-packages/discord/client.py", line 465, in _run_event
    await coro(*args, **kwargs)
  File "/app/asu_discord/cogs/analytics.py", line 652, in on_member_update
    before_timeout = before.timed_out_until
                     ^^^^^^^^^^^^^^^^^^^^^^
AttributeError: 'Member' object has no attribute 'timed_out_until'
Ignoring exception in on_member_update
Traceback (most recent call last):
  File "/usr/local/lib/python3.12/site-packages/discord/client.py", line 465, in _run_event
    await coro(*args, **kwargs)
  File "/app/asu_discord/cogs/analytics.py", line 652, in on_member_update
    before_timeout = before.timed_out_until
                     ^^^^^^^^^^^^^^^^^^^^^^
AttributeError: 'Member' object has no attribute 'timed_out_until'
Ignoring exception in on_member_update
Traceback (most recent call last):
  File "/usr/local/lib/python3.12/site-packages/discord/client.py", line 465, in _run_event
    await coro(*args, **kwargs)
  File "/app/asu_discord/cogs/analytics.py", line 652, in on_member_update
    before_timeout = before.timed_out_until
                     ^^^^^^^^^^^^^^^^^^^^^^
AttributeError: 'Member' object has no attribute 'timed_out_until'
INFO:asu_discord.cogs.verification:Saved 5 roles to database for user jpiasent (Discord ID: 1021235564629987369)
INFO:asu_discord.cogs.verification:Refreshed Salesforce roles for Discord user 1021235564629987369: -5/+5 roles, assigned=[Commited, Graduate Student, New College of Interdisciplinary Arts and Sciences, Out of State, West Valley]
Ignoring exception in on_member_update
Traceback (most recent call last):
  File "/usr/local/lib/python3.12/site-packages/discord/client.py", line 465, in _run_event
    await coro(*args, **kwargs)
  File "/app/asu_discord/cogs/analytics.py", line 652, in on_member_update
    before_timeout = before.timed_out_until
                     ^^^^^^^^^^^^^^^^^^^^^^
AttributeError: 'Member' object has no attribute 'timed_out_until'
Ignoring exception in on_member_update
Traceback (most recent call last):
  File "/usr/local/lib/python3.12/site-packages/discord/client.py", line 465, in _run_event
    await coro(*args, **kwargs)
  File "/app/asu_discord/cogs/analytics.py", line 652, in on_member_update
    before_timeout = before.timed_out_until
                     ^^^^^^^^^^^^^^^^^^^^^^
AttributeError: 'Member' object has no attribute 'timed_out_until'
Ignoring exception in on_member_update
Traceback (most recent call last):
  File "/usr/local/lib/python3.12/site-packages/discord/client.py", line 465, in _run_event
    await coro(*args, **kwargs)
  File "/app/asu_discord/cogs/analytics.py", line 652, in on_member_update
    before_timeout = before.timed_out_until
                     ^^^^^^^^^^^^^^^^^^^^^^
AttributeError: 'Member' object has no attribute 'timed_out_until'
Ignoring exception in on_member_update
Traceback (most recent call last):
  File "/usr/local/lib/python3.12/site-packages/discord/client.py", line 465, in _run_event
    await coro(*args, **kwargs)
  File "/app/asu_discord/cogs/analytics.py", line 652, in on_member_update
    before_timeout = before.timed_out_until
                     ^^^^^^^^^^^^^^^^^^^^^^
AttributeError: 'Member' object has no attribute 'timed_out_until'
Ignoring exception in on_member_update
Traceback (most recent call last):
  File "/usr/local/lib/python3.12/site-packages/discord/client.py", line 465, in _run_event
    await coro(*args, **kwargs)
  File "/app/asu_discord/cogs/analytics.py", line 652, in on_member_update
    before_timeout = before.timed_out_until
                     ^^^^^^^^^^^^^^^^^^^^^^
AttributeError: 'Member' object has no attribute 'timed_out_until'
Ignoring exception in on_member_update
Traceback (most recent call last):
  File "/usr/local/lib/python3.12/site-packages/discord/client.py", line 465, in _run_event
    await coro(*args, **kwargs)
  File "/app/asu_discord/cogs/analytics.py", line 652, in on_member_update
    before_timeout = before.timed_out_until
                     ^^^^^^^^^^^^^^^^^^^^^^
AttributeError: 'Member' object has no attribute 'timed_out_until'
Ignoring exception in on_member_update
Traceback (most recent call last):
  File "/usr/local/lib/python3.12/site-packages/discord/client.py", line 465, in _run_event
    await coro(*args, **kwargs)
  File "/app/asu_discord/cogs/analytics.py", line 652, in on_member_update
    before_timeout = before.timed_out_until
                     ^^^^^^^^^^^^^^^^^^^^^^
AttributeError: 'Member' object has no attribute 'timed_out_until'
Ignoring exception in on_member_update
Traceback (most recent call last):
  File "/usr/local/lib/python3.12/site-packages/discord/client.py", line 465, in _run_event
    await coro(*args, **kwargs)
  File "/app/asu_discord/cogs/analytics.py", line 652, in on_member_update
    before_timeout = before.timed_out_until
                     ^^^^^^^^^^^^^^^^^^^^^^
AttributeError: 'Member' object has no attribute 'timed_out_until'
Ignoring exception in on_member_update
Traceback (most recent call last):
  File "/usr/local/lib/python3.12/site-packages/discord/client.py", line 465, in _run_event
    await coro(*args, **kwargs)
  File "/app/asu_discord/cogs/analytics.py", line 652, in on_member_update
    before_timeout = before.timed_out_until
                     ^^^^^^^^^^^^^^^^^^^^^^
AttributeError: 'Member' object has no attribute 'timed_out_until'
INFO:asu_discord.cogs.verification:Saved 5 roles to database for user vgiridha (Discord ID: 791618573456900116)
INFO:asu_discord.cogs.verification:Refreshed Salesforce roles for Discord user 791618573456900116: -5/+4 roles, assigned=[Commited, Graduate Student, International Student, Ira A. Fulton Schools of Engineering, Tempe]
Ignoring exception in on_member_update
Traceback (most recent call last):
  File "/usr/local/lib/python3.12/site-packages/discord/client.py", line 465, in _run_event
    await coro(*args, **kwargs)
  File "/app/asu_discord/cogs/analytics.py", line 652, in on_member_update
    before_timeout = before.timed_out_until
                     ^^^^^^^^^^^^^^^^^^^^^^
AttributeError: 'Member' object has no attribute 'timed_out_until'
Ignoring exception in on_member_update
Traceback (most recent call last):
  File "/usr/local/lib/python3.12/site-packages/discord/client.py", line 465, in _run_event
    await coro(*args, **kwargs)
  File "/app/asu_discord/cogs/analytics.py", line 652, in on_member_update
    before_timeout = before.timed_out_until
                     ^^^^^^^^^^^^^^^^^^^^^^
AttributeError: 'Member' object has no attribute 'timed_out_until'
Ignoring exception in on_member_update
Traceback (most recent call last):
  File "/usr/local/lib/python3.12/site-packages/discord/client.py", line 465, in _run_event
    await coro(*args, **kwargs)
  File "/app/asu_discord/cogs/analytics.py", line 652, in on_member_update
    before_timeout = before.timed_out_until
                     ^^^^^^^^^^^^^^^^^^^^^^
AttributeError: 'Member' object has no attribute 'timed_out_until'
Ignoring exception in on_member_update
Traceback (most recent call last):
  File "/usr/local/lib/python3.12/site-packages/discord/client.py", line 465, in _run_event
    await coro(*args, **kwargs)
  File "/app/asu_discord/cogs/analytics.py", line 652, in on_member_update
    before_timeout = before.timed_out_until
                     ^^^^^^^^^^^^^^^^^^^^^^
AttributeError: 'Member' object has no attribute 'timed_out_until'
Ignoring exception in on_member_update
Traceback (most recent call last):
  File "/usr/local/lib/python3.12/site-packages/discord/client.py", line 465, in _run_event
    await coro(*args, **kwargs)
  File "/app/asu_discord/cogs/analytics.py", line 652, in on_member_update
    before_timeout = before.timed_out_until
                     ^^^^^^^^^^^^^^^^^^^^^^
AttributeError: 'Member' object has no attribute 'timed_out_until'
Ignoring exception in on_member_update
Traceback (most recent call last):
  File "/usr/local/lib/python3.12/site-packages/discord/client.py", line 465, in _run_event
    await coro(*args, **kwargs)
  File "/app/asu_discord/cogs/analytics.py", line 652, in on_member_update
    before_timeout = before.timed_out_until
                     ^^^^^^^^^^^^^^^^^^^^^^
AttributeError: 'Member' object has no attribute 'timed_out_until'
Ignoring exception in on_member_update
Traceback (most recent call last):
  File "/usr/local/lib/python3.12/site-packages/discord/client.py", line 465, in _run_event
    await coro(*args, **kwargs)
  File "/app/asu_discord/cogs/analytics.py", line 652, in on_member_update
    before_timeout = before.timed_out_until
                     ^^^^^^^^^^^^^^^^^^^^^^
AttributeError: 'Member' object has no attribute 'timed_out_until'
Ignoring exception in on_member_update
Traceback (most recent call last):
  File "/usr/local/lib/python3.12/site-packages/discord/client.py", line 465, in _run_event
    await coro(*args, **kwargs)
  File "/app/asu_discord/cogs/analytics.py", line 652, in on_member_update
    before_timeout = before.timed_out_until
                     ^^^^^^^^^^^^^^^^^^^^^^
AttributeError: 'Member' object has no attribute 'timed_out_until'
INFO:asu_discord.cogs.verification:Saved 4 roles to database for user rrdelga2 (Discord ID: 761420265510666240)
INFO:asu_discord.cogs.verification:Refreshed Salesforce roles for Discord user 761420265510666240: -4/+4 roles, assigned=[Arizona Resident, First Year, Ira A. Fulton Schools of Engineering, Tempe]
Ignoring exception in on_member_update
Traceback (most recent call last):
  File "/usr/local/lib/python3.12/site-packages/discord/client.py", line 465, in _run_event
    await coro(*args, **kwargs)
  File "/app/asu_discord/cogs/analytics.py", line 652, in on_member_update
    before_timeout = before.timed_out_until
                     ^^^^^^^^^^^^^^^^^^^^^^
AttributeError: 'Member' object has no attribute 'timed_out_until'
Ignoring exception in on_member_update
Traceback (most recent call last):
  File "/usr/local/lib/python3.12/site-packages/discord/client.py", line 465, in _run_event
    await coro(*args, **kwargs)
  File "/app/asu_discord/cogs/analytics.py", line 652, in on_member_update
    before_timeout = before.timed_out_until
                     ^^^^^^^^^^^^^^^^^^^^^^
AttributeError: 'Member' object has no attribute 'timed_out_until'
Ignoring exception in on_member_update
Traceback (most recent call last):
  File "/usr/local/lib/python3.12/site-packages/discord/client.py", line 465, in _run_event
    await coro(*args, **kwargs)
  File "/app/asu_discord/cogs/analytics.py", line 652, in on_member_update
    before_timeout = before.timed_out_until
                     ^^^^^^^^^^^^^^^^^^^^^^
AttributeError: 'Member' object has no attribute 'timed_out_until'
Ignoring exception in on_member_update
Traceback (most recent call last):
  File "/usr/local/lib/python3.12/site-packages/discord/client.py", line 465, in _run_event
    await coro(*args, **kwargs)
  File "/app/asu_discord/cogs/analytics.py", line 652, in on_member_update
    before_timeout = before.timed_out_until
                     ^^^^^^^^^^^^^^^^^^^^^^
AttributeError: 'Member' object has no attribute 'timed_out_until'
Ignoring exception in on_member_update
Traceback (most recent call last):
  File "/usr/local/lib/python3.12/site-packages/discord/client.py", line 465, in _run_event
    await coro(*args, **kwargs)
  File "/app/asu_discord/cogs/analytics.py", line 652, in on_member_update
    before_timeout = before.timed_out_until
                     ^^^^^^^^^^^^^^^^^^^^^^
AttributeError: 'Member' object has no attribute 'timed_out_until'
Ignoring exception in on_member_update
Traceback (most recent call last):
  File "/usr/local/lib/python3.12/site-packages/discord/client.py", line 465, in _run_event
    await coro(*args, **kwargs)
  File "/app/asu_discord/cogs/analytics.py", line 652, in on_member_update
    before_timeout = before.timed_out_until
                     ^^^^^^^^^^^^^^^^^^^^^^
AttributeError: 'Member' object has no attribute 'timed_out_until'
Ignoring exception in on_member_update
Traceback (most recent call last):
  File "/usr/local/lib/python3.12/site-packages/discord/client.py", line 465, in _run_event
    await coro(*args, **kwargs)
  File "/app/asu_discord/cogs/analytics.py", line 652, in on_member_update
    before_timeout = before.timed_out_until
                     ^^^^^^^^^^^^^^^^^^^^^^
AttributeError: 'Member' object has no attribute 'timed_out_until'
Ignoring exception in on_member_update
Traceback (most recent call last):
  File "/usr/local/lib/python3.12/site-packages/discord/client.py", line 465, in _run_event
    await coro(*args, **kwargs)
  File "/app/asu_discord/cogs/analytics.py", line 652, in on_member_update
    before_timeout = before.timed_out_until
                     ^^^^^^^^^^^^^^^^^^^^^^
AttributeError: 'Member' object has no attribute 'timed_out_until'
Ignoring exception in on_member_update
Traceback (most recent call last):
  File "/usr/local/lib/python3.12/site-packages/discord/client.py", line 465, in _run_event
    await coro(*args, **kwargs)
  File "/app/asu_discord/cogs/analytics.py", line 652, in on_member_update
    before_timeout = before.timed_out_until
                     ^^^^^^^^^^^^^^^^^^^^^^
AttributeError: 'Member' object has no attribute 'timed_out_until'
Ignoring exception in on_member_update
Traceback (most recent call last):
  File "/usr/local/lib/python3.12/site-packages/discord/client.py", line 465, in _run_event
    await coro(*args, **kwargs)
  File "/app/asu_discord/cogs/analytics.py", line 652, in on_member_update
    before_timeout = before.timed_out_until
                     ^^^^^^^^^^^^^^^^^^^^^^
AttributeError: 'Member' object has no attribute 'timed_out_until'
INFO:asu_discord.cogs.verification:Saved 5 roles to database for user jrheber2 (Discord ID: 699260022009495562)
INFO:asu_discord.cogs.verification:Refreshed Salesforce roles for Discord user 699260022009495562: -5/+5 roles, assigned=[Commited, First Year, Out of State, Tempe, W.P. Carey School of Business]
Ignoring exception in on_member_update
Traceback (most recent call last):
  File "/usr/local/lib/python3.12/site-packages/discord/client.py", line 465, in _run_event
    await coro(*args, **kwargs)
  File "/app/asu_discord/cogs/analytics.py", line 652, in on_member_update
    before_timeout = before.timed_out_until
                     ^^^^^^^^^^^^^^^^^^^^^^
AttributeError: 'Member' object has no attribute 'timed_out_until'
Ignoring exception in on_member_update
Traceback (most recent call last):
  File "/usr/local/lib/python3.12/site-packages/discord/client.py", line 465, in _run_event
    await coro(*args, **kwargs)
  File "/app/asu_discord/cogs/analytics.py", line 652, in on_member_update
    before_timeout = before.timed_out_until
                     ^^^^^^^^^^^^^^^^^^^^^^
AttributeError: 'Member' object has no attribute 'timed_out_until'
Ignoring exception in on_member_update
Traceback (most recent call last):
  File "/usr/local/lib/python3.12/site-packages/discord/client.py", line 465, in _run_event
    await coro(*args, **kwargs)
  File "/app/asu_discord/cogs/analytics.py", line 652, in on_member_update
    before_timeout = before.timed_out_until
                     ^^^^^^^^^^^^^^^^^^^^^^
AttributeError: 'Member' object has no attribute 'timed_out_until'
Ignoring exception in on_member_update
Traceback (most recent call last):
  File "/usr/local/lib/python3.12/site-packages/discord/client.py", line 465, in _run_event
    await coro(*args, **kwargs)
  File "/app/asu_discord/cogs/analytics.py", line 652, in on_member_update
    before_timeout = before.timed_out_until
                     ^^^^^^^^^^^^^^^^^^^^^^
AttributeError: 'Member' object has no attribute 'timed_out_until'
Ignoring exception in on_member_update
Traceback (most recent call last):
  File "/usr/local/lib/python3.12/site-packages/discord/client.py", line 465, in _run_event
    await coro(*args, **kwargs)
  File "/app/asu_discord/cogs/analytics.py", line 652, in on_member_update
    before_timeout = before.timed_out_until
                     ^^^^^^^^^^^^^^^^^^^^^^
AttributeError: 'Member' object has no attribute 'timed_out_until'
Ignoring exception in on_member_update
Traceback (most recent call last):
  File "/usr/local/lib/python3.12/site-packages/discord/client.py", line 465, in _run_event
    await coro(*args, **kwargs)
  File "/app/asu_discord/cogs/analytics.py", line 652, in on_member_update
    before_timeout = before.timed_out_until
                     ^^^^^^^^^^^^^^^^^^^^^^
AttributeError: 'Member' object has no attribute 'timed_out_until'
Ignoring exception in on_member_update
Traceback (most recent call last):
  File "/usr/local/lib/python3.12/site-packages/discord/client.py", line 465, in _run_event
    await coro(*args, **kwargs)
  File "/app/asu_discord/cogs/analytics.py", line 652, in on_member_update
    before_timeout = before.timed_out_until
                     ^^^^^^^^^^^^^^^^^^^^^^
AttributeError: 'Member' object has no attribute 'timed_out_until'
Ignoring exception in on_member_update
Traceback (most recent call last):
  File "/usr/local/lib/python3.12/site-packages/discord/client.py", line 465, in _run_event
    await coro(*args, **kwargs)
  File "/app/asu_discord/cogs/analytics.py", line 652, in on_member_update
    before_timeout = before.timed_out_until
                     ^^^^^^^^^^^^^^^^^^^^^^
AttributeError: 'Member' object has no attribute 'timed_out_until'
Ignoring exception in on_member_update
Traceback (most recent call last):
  File "/usr/local/lib/python3.12/site-packages/discord/client.py", line 465, in _run_event
    await coro(*args, **kwargs)
  File "/app/asu_discord/cogs/analytics.py", line 652, in on_member_update
    before_timeout = before.timed_out_until
                     ^^^^^^^^^^^^^^^^^^^^^^
AttributeError: 'Member' object has no attribute 'timed_out_until'
INFO:asu_discord.cogs.verification:Saved 5 roles to database for user ssstack (Discord ID: 559181635900145695)
INFO:asu_discord.cogs.verification:Refreshed Salesforce roles for Discord user 559181635900145695: -4/+5 roles, assigned=[Commited, First Year, Ira A. Fulton Schools of Engineering, Out of State, Tempe]
Ignoring exception in on_member_update
Traceback (most recent call last):
  File "/usr/local/lib/python3.12/site-packages/discord/client.py", line 465, in _run_event
    await coro(*args, **kwargs)
  File "/app/asu_discord/cogs/analytics.py", line 652, in on_member_update
    before_timeout = before.timed_out_until
                     ^^^^^^^^^^^^^^^^^^^^^^
AttributeError: 'Member' object has no attribute 'timed_out_until'
Ignoring exception in on_member_update
Traceback (most recent call last):
  File "/usr/local/lib/python3.12/site-packages/discord/client.py", line 465, in _run_event
    await coro(*args, **kwargs)
  File "/app/asu_discord/cogs/analytics.py", line 652, in on_member_update
    before_timeout = before.timed_out_until
                     ^^^^^^^^^^^^^^^^^^^^^^
AttributeError: 'Member' object has no attribute 'timed_out_until'
Ignoring exception in on_member_update
Traceback (most recent call last):
  File "/usr/local/lib/python3.12/site-packages/discord/client.py", line 465, in _run_event
    await coro(*args, **kwargs)
  File "/app/asu_discord/cogs/analytics.py", line 652, in on_member_update
    before_timeout = before.timed_out_until
                     ^^^^^^^^^^^^^^^^^^^^^^
AttributeError: 'Member' object has no attribute 'timed_out_until'
Ignoring exception in on_member_update
Traceback (most recent call last):
  File "/usr/local/lib/python3.12/site-packages/discord/client.py", line 465, in _run_event
    await coro(*args, **kwargs)
  File "/app/asu_discord/cogs/analytics.py", line 652, in on_member_update
    before_timeout = before.timed_out_until
                     ^^^^^^^^^^^^^^^^^^^^^^
AttributeError: 'Member' object has no attribute 'timed_out_until'
Ignoring exception in on_member_update
Traceback (most recent call last):
  File "/usr/local/lib/python3.12/site-packages/discord/client.py", line 465, in _run_event
    await coro(*args, **kwargs)
  File "/app/asu_discord/cogs/analytics.py", line 652, in on_member_update
    before_timeout = before.timed_out_until
                     ^^^^^^^^^^^^^^^^^^^^^^
AttributeError: 'Member' object has no attribute 'timed_out_until'
Ignoring exception in on_member_update
Traceback (most recent call last):
  File "/usr/local/lib/python3.12/site-packages/discord/client.py", line 465, in _run_event
    await coro(*args, **kwargs)
  File "/app/asu_discord/cogs/analytics.py", line 652, in on_member_update
    before_timeout = before.timed_out_until
                     ^^^^^^^^^^^^^^^^^^^^^^
AttributeError: 'Member' object has no attribute 'timed_out_until'
Ignoring exception in on_member_update
Traceback (most recent call last):
  File "/usr/local/lib/python3.12/site-packages/discord/client.py", line 465, in _run_event
    await coro(*args, **kwargs)
  File "/app/asu_discord/cogs/analytics.py", line 652, in on_member_update
    before_timeout = before.timed_out_until
                     ^^^^^^^^^^^^^^^^^^^^^^
AttributeError: 'Member' object has no attribute 'timed_out_until'
Ignoring exception in on_member_update
Traceback (most recent call last):
  File "/usr/local/lib/python3.12/site-packages/discord/client.py", line 465, in _run_event
    await coro(*args, **kwargs)
  File "/app/asu_discord/cogs/analytics.py", line 652, in on_member_update
    before_timeout = before.timed_out_until
                     ^^^^^^^^^^^^^^^^^^^^^^
AttributeError: 'Member' object has no attribute 'timed_out_until'
Ignoring exception in on_member_update
Traceback (most recent call last):
  File "/usr/local/lib/python3.12/site-packages/discord/client.py", line 465, in _run_event
    await coro(*args, **kwargs)
  File "/app/asu_discord/cogs/analytics.py", line 652, in on_member_update
    before_timeout = before.timed_out_until
                     ^^^^^^^^^^^^^^^^^^^^^^
AttributeError: 'Member' object has no attribute 'timed_out_until'
Ignoring exception in on_member_update
Traceback (most recent call last):
  File "/usr/local/lib/python3.12/site-packages/discord/client.py", line 465, in _run_event
    await coro(*args, **kwargs)
  File "/app/asu_discord/cogs/analytics.py", line 652, in on_member_update
    before_timeout = before.timed_out_until
                     ^^^^^^^^^^^^^^^^^^^^^^
AttributeError: 'Member' object has no attribute 'timed_out_until'
ERROR:cron.jobs:refresh_salesforce_roles: failed for donghwik (Discord ID 1508431302272225413): Timed out refresh Salesforce-based roles
Ignoring exception in on_member_update
Traceback (most recent call last):
  File "/usr/local/lib/python3.12/site-packages/discord/client.py", line 465, in _run_event
    await coro(*args, **kwargs)
  File "/app/asu_discord/cogs/analytics.py", line 652, in on_member_update
    before_timeout = before.timed_out_until
                     ^^^^^^^^^^^^^^^^^^^^^^
AttributeError: 'Member' object has no attribute 'timed_out_until'
Ignoring exception in on_member_update
Traceback (most recent call last):
  File "/usr/local/lib/python3.12/site-packages/discord/client.py", line 465, in _run_event
    await coro(*args, **kwargs)
  File "/app/asu_discord/cogs/analytics.py", line 652, in on_member_update
    before_timeout = before.timed_out_until
                     ^^^^^^^^^^^^^^^^^^^^^^
AttributeError: 'Member' object has no attribute 'timed_out_until'
Ignoring exception in on_member_update
Traceback (most recent call last):
  File "/usr/local/lib/python3.12/site-packages/discord/client.py", line 465, in _run_event
    await coro(*args, **kwargs)
  File "/app/asu_discord/cogs/analytics.py", line 652, in on_member_update
    before_timeout = before.timed_out_until
                     ^^^^^^^^^^^^^^^^^^^^^^
AttributeError: 'Member' object has no attribute 'timed_out_until'
Ignoring exception in on_member_update
Traceback (most recent call last):
  File "/usr/local/lib/python3.12/site-packages/discord/client.py", line 465, in _run_event
    await coro(*args, **kwargs)
  File "/app/asu_discord/cogs/analytics.py", line 652, in on_member_update
    before_timeout = before.timed_out_until
                     ^^^^^^^^^^^^^^^^^^^^^^
AttributeError: 'Member' object has no attribute 'timed_out_until'
Ignoring exception in on_member_update
Traceback (most recent call last):
  File "/usr/local/lib/python3.12/site-packages/discord/client.py", line 465, in _run_event
    await coro(*args, **kwargs)
  File "/app/asu_discord/cogs/analytics.py", line 652, in on_member_update
    before_timeout = before.timed_out_until
                     ^^^^^^^^^^^^^^^^^^^^^^
AttributeError: 'Member' object has no attribute 'timed_out_until'
Ignoring exception in on_member_update
Traceback (most recent call last):
  File "/usr/local/lib/python3.12/site-packages/discord/client.py", line 465, in _run_event
    await coro(*args, **kwargs)
  File "/app/asu_discord/cogs/analytics.py", line 652, in on_member_update
    before_timeout = before.timed_out_until
                     ^^^^^^^^^^^^^^^^^^^^^^
AttributeError: 'Member' object has no attribute 'timed_out_until'
Ignoring exception in on_member_update
Traceback (most recent call last):
  File "/usr/local/lib/python3.12/site-packages/discord/client.py", line 465, in _run_event
    await coro(*args, **kwargs)
  File "/app/asu_discord/cogs/analytics.py", line 652, in on_member_update
    before_timeout = before.timed_out_until
                     ^^^^^^^^^^^^^^^^^^^^^^
AttributeError: 'Member' object has no attribute 'timed_out_until'
Ignoring exception in on_member_update
Traceback (most recent call last):
  File "/usr/local/lib/python3.12/site-packages/discord/client.py", line 465, in _run_event
    await coro(*args, **kwargs)
  File "/app/asu_discord/cogs/analytics.py", line 652, in on_member_update
    before_timeout = before.timed_out_until
                     ^^^^^^^^^^^^^^^^^^^^^^
AttributeError: 'Member' object has no attribute 'timed_out_until'
Ignoring exception in on_member_update
Traceback (most recent call last):
  File "/usr/local/lib/python3.12/site-packages/discord/client.py", line 465, in _run_event
    await coro(*args, **kwargs)
  File "/app/asu_discord/cogs/analytics.py", line 652, in on_member_update
    before_timeout = before.timed_out_until
                     ^^^^^^^^^^^^^^^^^^^^^^
AttributeError: 'Member' object has no attribute 'timed_out_until'
INFO:asu_discord.cogs.verification:Saved 4 roles to database for user mwanjira (Discord ID: 1222103569042374667)
INFO:asu_discord.cogs.verification:Refreshed Salesforce roles for Discord user 1222103569042374667: -4/+4 roles, assigned=[Commited, First Year, Herberger Institute for Design and the Arts, Tempe]
Ignoring exception in on_member_update
Traceback (most recent call last):
  File "/usr/local/lib/python3.12/site-packages/discord/client.py", line 465, in _run_event
    await coro(*args, **kwargs)
  File "/app/asu_discord/cogs/analytics.py", line 652, in on_member_update
    before_timeout = before.timed_out_until
                     ^^^^^^^^^^^^^^^^^^^^^^
AttributeError: 'Member' object has no attribute 'timed_out_until'
Ignoring exception in on_member_update
Traceback (most recent call last):
  File "/usr/local/lib/python3.12/site-packages/discord/client.py", line 465, in _run_event
    await coro(*args, **kwargs)
  File "/app/asu_discord/cogs/analytics.py", line 652, in on_member_update
    before_timeout = before.timed_out_until
                     ^^^^^^^^^^^^^^^^^^^^^^
AttributeError: 'Member' object has no attribute 'timed_out_until'
Ignoring exception in on_member_update
Traceback (most recent call last):
  File "/usr/local/lib/python3.12/site-packages/discord/client.py", line 465, in _run_event
    await coro(*args, **kwargs)
  File "/app/asu_discord/cogs/analytics.py", line 652, in on_member_update
    before_timeout = before.timed_out_until
                     ^^^^^^^^^^^^^^^^^^^^^^
AttributeError: 'Member' object has no attribute 'timed_out_until'
Ignoring exception in on_member_update
Traceback (most recent call last):
  File "/usr/local/lib/python3.12/site-packages/discord/client.py", line 465, in _run_event
    await coro(*args, **kwargs)
  File "/app/asu_discord/cogs/analytics.py", line 652, in on_member_update
    before_timeout = before.timed_out_until
                     ^^^^^^^^^^^^^^^^^^^^^^
AttributeError: 'Member' object has no attribute 'timed_out_until'
Ignoring exception in on_member_update
Traceback (most recent call last):
  File "/usr/local/lib/python3.12/site-packages/discord/client.py", line 465, in _run_event
    await coro(*args, **kwargs)
  File "/app/asu_discord/cogs/analytics.py", line 652, in on_member_update
    before_timeout = before.timed_out_until
                     ^^^^^^^^^^^^^^^^^^^^^^
AttributeError: 'Member' object has no attribute 'timed_out_until'
Ignoring exception in on_member_update
Traceback (most recent call last):
  File "/usr/local/lib/python3.12/site-packages/discord/client.py", line 465, in _run_event
    await coro(*args, **kwargs)
  File "/app/asu_discord/cogs/analytics.py", line 652, in on_member_update
    before_timeout = before.timed_out_until
                     ^^^^^^^^^^^^^^^^^^^^^^
AttributeError: 'Member' object has no attribute 'timed_out_until'
Ignoring exception in on_member_update
Traceback (most recent call last):
  File "/usr/local/lib/python3.12/site-packages/discord/client.py", line 465, in _run_event
    await coro(*args, **kwargs)
  File "/app/asu_discord/cogs/analytics.py", line 652, in on_member_update
    before_timeout = before.timed_out_until
                     ^^^^^^^^^^^^^^^^^^^^^^
AttributeError: 'Member' object has no attribute 'timed_out_until'
Ignoring exception in on_member_update
Traceback (most recent call last):
  File "/usr/local/lib/python3.12/site-packages/discord/client.py", line 465, in _run_event
    await coro(*args, **kwargs)
  File "/app/asu_discord/cogs/analytics.py", line 652, in on_member_update
    before_timeout = before.timed_out_until
                     ^^^^^^^^^^^^^^^^^^^^^^
AttributeError: 'Member' object has no attribute 'timed_out_until'
INFO:asu_discord.cogs.verification:Saved 4 roles to database for user mqpham (Discord ID: 660473268020445257)
INFO:asu_discord.cogs.verification:Refreshed Salesforce roles for Discord user 660473268020445257: -4/+4 roles, assigned=[First Year, International Student, Ira A. Fulton Schools of Engineering, Tempe]
Ignoring exception in on_member_update
Traceback (most recent call last):
  File "/usr/local/lib/python3.12/site-packages/discord/client.py", line 465, in _run_event
    await coro(*args, **kwargs)
  File "/app/asu_discord/cogs/analytics.py", line 652, in on_member_update
    before_timeout = before.timed_out_until
                     ^^^^^^^^^^^^^^^^^^^^^^
AttributeError: 'Member' object has no attribute 'timed_out_until'
Ignoring exception in on_member_update
Traceback (most recent call last):
  File "/usr/local/lib/python3.12/site-packages/discord/client.py", line 465, in _run_event
    await coro(*args, **kwargs)
  File "/app/asu_discord/cogs/analytics.py", line 652, in on_member_update
    before_timeout = before.timed_out_until
                     ^^^^^^^^^^^^^^^^^^^^^^
AttributeError: 'Member' object has no attribute 'timed_out_until'
Ignoring exception in on_member_update
Traceback (most recent call last):
  File "/usr/local/lib/python3.12/site-packages/discord/client.py", line 465, in _run_event
    await coro(*args, **kwargs)
  File "/app/asu_discord/cogs/analytics.py", line 652, in on_member_update
    before_timeout = before.timed_out_until
                     ^^^^^^^^^^^^^^^^^^^^^^
AttributeError: 'Member' object has no attribute 'timed_out_until'
Ignoring exception in on_member_update
Traceback (most recent call last):
  File "/usr/local/lib/python3.12/site-packages/discord/client.py", line 465, in _run_event
    await coro(*args, **kwargs)
  File "/app/asu_discord/cogs/analytics.py", line 652, in on_member_update
    before_timeout = before.timed_out_until
                     ^^^^^^^^^^^^^^^^^^^^^^
AttributeError: 'Member' object has no attribute 'timed_out_until'
Ignoring exception in on_member_update
Traceback (most recent call last):
  File "/usr/local/lib/python3.12/site-packages/discord/client.py", line 465, in _run_event
    await coro(*args, **kwargs)
  File "/app/asu_discord/cogs/analytics.py", line 652, in on_member_update
    before_timeout = before.timed_out_until
                     ^^^^^^^^^^^^^^^^^^^^^^
AttributeError: 'Member' object has no attribute 'timed_out_until'
Ignoring exception in on_member_update
Traceback (most recent call last):
  File "/usr/local/lib/python3.12/site-packages/discord/client.py", line 465, in _run_event
    await coro(*args, **kwargs)
  File "/app/asu_discord/cogs/analytics.py", line 652, in on_member_update
    before_timeout = before.timed_out_until
                     ^^^^^^^^^^^^^^^^^^^^^^
AttributeError: 'Member' object has no attribute 'timed_out_until'
Ignoring exception in on_member_update
Traceback (most recent call last):
  File "/usr/local/lib/python3.12/site-packages/discord/client.py", line 465, in _run_event
    await coro(*args, **kwargs)
  File "/app/asu_discord/cogs/analytics.py", line 652, in on_member_update
    before_timeout = before.timed_out_until
                     ^^^^^^^^^^^^^^^^^^^^^^
AttributeError: 'Member' object has no attribute 'timed_out_until'
Ignoring exception in on_member_update
Traceback (most recent call last):
  File "/usr/local/lib/python3.12/site-packages/discord/client.py", line 465, in _run_event
    await coro(*args, **kwargs)
  File "/app/asu_discord/cogs/analytics.py", line 652, in on_member_update
    before_timeout = before.timed_out_until
                     ^^^^^^^^^^^^^^^^^^^^^^
AttributeError: 'Member' object has no attribute 'timed_out_until'
Ignoring exception in on_member_update
Traceback (most recent call last):
  File "/usr/local/lib/python3.12/site-packages/discord/client.py", line 465, in _run_event
    await coro(*args, **kwargs)
  File "/app/asu_discord/cogs/analytics.py", line 652, in on_member_update
    before_timeout = before.timed_out_until
                     ^^^^^^^^^^^^^^^^^^^^^^
AttributeError: 'Member' object has no attribute 'timed_out_until'
Ignoring exception in on_member_update
Traceback (most recent call last):
  File "/usr/local/lib/python3.12/site-packages/discord/client.py", line 465, in _run_event
    await coro(*args, **kwargs)
  File "/app/asu_discord/cogs/analytics.py", line 652, in on_member_update
    before_timeout = before.timed_out_until
                     ^^^^^^^^^^^^^^^^^^^^^^
AttributeError: 'Member' object has no attribute 'timed_out_until'
INFO:asu_discord.cogs.verification:Saved 5 roles to database for user ssawan31 (Discord ID: 1036066291867467808)
INFO:asu_discord.cogs.verification:Refreshed Salesforce roles for Discord user 1036066291867467808: -5/+5 roles, assigned=[Commited, Graduate Student, International Student, Ira A. Fulton Schools of Engineering, Tempe]
Ignoring exception in on_member_update
Traceback (most recent call last):
  File "/usr/local/lib/python3.12/site-packages/discord/client.py", line 465, in _run_event
    await coro(*args, **kwargs)
  File "/app/asu_discord/cogs/analytics.py", line 652, in on_member_update
    before_timeout = before.timed_out_until
                     ^^^^^^^^^^^^^^^^^^^^^^
AttributeError: 'Member' object has no attribute 'timed_out_until'
Ignoring exception in on_member_update
Traceback (most recent call last):
  File "/usr/local/lib/python3.12/site-packages/discord/client.py", line 465, in _run_event
    await coro(*args, **kwargs)
  File "/app/asu_discord/cogs/analytics.py", line 652, in on_member_update
    before_timeout = before.timed_out_until
                     ^^^^^^^^^^^^^^^^^^^^^^
AttributeError: 'Member' object has no attribute 'timed_out_until'
Ignoring exception in on_member_update
Traceback (most recent call last):
  File "/usr/local/lib/python3.12/site-packages/discord/client.py", line 465, in _run_event
    await coro(*args, **kwargs)
  File "/app/asu_discord/cogs/analytics.py", line 652, in on_member_update
    before_timeout = before.timed_out_until
                     ^^^^^^^^^^^^^^^^^^^^^^
AttributeError: 'Member' object has no attribute 'timed_out_until'
Ignoring exception in on_member_update
Traceback (most recent call last):
  File "/usr/local/lib/python3.12/site-packages/discord/client.py", line 465, in _run_event
    await coro(*args, **kwargs)
  File "/app/asu_discord/cogs/analytics.py", line 652, in on_member_update
    before_timeout = before.timed_out_until
                     ^^^^^^^^^^^^^^^^^^^^^^
AttributeError: 'Member' object has no attribute 'timed_out_until'
Ignoring exception in on_member_update
Traceback (most recent call last):
  File "/usr/local/lib/python3.12/site-packages/discord/client.py", line 465, in _run_event
    await coro(*args, **kwargs)
  File "/app/asu_discord/cogs/analytics.py", line 652, in on_member_update
    before_timeout = before.timed_out_until
                     ^^^^^^^^^^^^^^^^^^^^^^
AttributeError: 'Member' object has no attribute 'timed_out_until'
Ignoring exception in on_member_update
Traceback (most recent call last):
  File "/usr/local/lib/python3.12/site-packages/discord/client.py", line 465, in _run_event
    await coro(*args, **kwargs)
  File "/app/asu_discord/cogs/analytics.py", line 652, in on_member_update
    before_timeout = before.timed_out_until
                     ^^^^^^^^^^^^^^^^^^^^^^
AttributeError: 'Member' object has no attribute 'timed_out_until'
Ignoring exception in on_member_update
Traceback (most recent call last):
  File "/usr/local/lib/python3.12/site-packages/discord/client.py", line 465, in _run_event
    await coro(*args, **kwargs)
  File "/app/asu_discord/cogs/analytics.py", line 652, in on_member_update
    before_timeout = before.timed_out_until
                     ^^^^^^^^^^^^^^^^^^^^^^
AttributeError: 'Member' object has no attribute 'timed_out_until'
Ignoring exception in on_member_update
Traceback (most recent call last):
  File "/usr/local/lib/python3.12/site-packages/discord/client.py", line 465, in _run_event
    await coro(*args, **kwargs)
  File "/app/asu_discord/cogs/analytics.py", line 652, in on_member_update
    before_timeout = before.timed_out_until
                     ^^^^^^^^^^^^^^^^^^^^^^
AttributeError: 'Member' object has no attribute 'timed_out_until'
Ignoring exception in on_member_update
Traceback (most recent call last):
  File "/usr/local/lib/python3.12/site-packages/discord/client.py", line 465, in _run_event
    await coro(*args, **kwargs)
  File "/app/asu_discord/cogs/analytics.py", line 652, in on_member_update
    before_timeout = before.timed_out_until
                     ^^^^^^^^^^^^^^^^^^^^^^
AttributeError: 'Member' object has no attribute 'timed_out_until'
INFO:asu_discord.cogs.verification:Saved 5 roles to database for user xiangy27 (Discord ID: 1201963013670703115)
INFO:asu_discord.cogs.verification:Refreshed Salesforce roles for Discord user 1201963013670703115: -4/+5 roles, assigned=[Arizona Resident, Commited, Ira A. Fulton Schools of Engineering, Tempe, Transfer Student]
Ignoring exception in on_member_update
Traceback (most recent call last):
  File "/usr/local/lib/python3.12/site-packages/discord/client.py", line 465, in _run_event
    await coro(*args, **kwargs)
  File "/app/asu_discord/cogs/analytics.py", line 652, in on_member_update
    before_timeout = before.timed_out_until
                     ^^^^^^^^^^^^^^^^^^^^^^
AttributeError: 'Member' object has no attribute 'timed_out_until'
Ignoring exception in on_member_update
Traceback (most recent call last):
  File "/usr/local/lib/python3.12/site-packages/discord/client.py", line 465, in _run_event
    await coro(*args, **kwargs)
  File "/app/asu_discord/cogs/analytics.py", line 652, in on_member_update
    before_timeout = before.timed_out_until
                     ^^^^^^^^^^^^^^^^^^^^^^
AttributeError: 'Member' object has no attribute 'timed_out_until'
Ignoring exception in on_member_update
Traceback (most recent call last):
  File "/usr/local/lib/python3.12/site-packages/discord/client.py", line 465, in _run_event
    await coro(*args, **kwargs)
  File "/app/asu_discord/cogs/analytics.py", line 652, in on_member_update
    before_timeout = before.timed_out_until
                     ^^^^^^^^^^^^^^^^^^^^^^
AttributeError: 'Member' object has no attribute 'timed_out_until'
Ignoring exception in on_member_update
Traceback (most recent call last):
  File "/usr/local/lib/python3.12/site-packages/discord/client.py", line 465, in _run_event
    await coro(*args, **kwargs)
  File "/app/asu_discord/cogs/analytics.py", line 652, in on_member_update
    before_timeout = before.timed_out_until
                     ^^^^^^^^^^^^^^^^^^^^^^
AttributeError: 'Member' object has no attribute 'timed_out_until'
Ignoring exception in on_member_update
Traceback (most recent call last):
  File "/usr/local/lib/python3.12/site-packages/discord/client.py", line 465, in _run_event
    await coro(*args, **kwargs)
  File "/app/asu_discord/cogs/analytics.py", line 652, in on_member_update
    before_timeout = before.timed_out_until
                     ^^^^^^^^^^^^^^^^^^^^^^
AttributeError: 'Member' object has no attribute 'timed_out_until'
Ignoring exception in on_member_update
Traceback (most recent call last):
  File "/usr/local/lib/python3.12/site-packages/discord/client.py", line 465, in _run_event
    await coro(*args, **kwargs)
  File "/app/asu_discord/cogs/analytics.py", line 652, in on_member_update
    before_timeout = before.timed_out_until
                     ^^^^^^^^^^^^^^^^^^^^^^
AttributeError: 'Member' object has no attribute 'timed_out_until'
Ignoring exception in on_member_update
Traceback (most recent call last):
  File "/usr/local/lib/python3.12/site-packages/discord/client.py", line 465, in _run_event
    await coro(*args, **kwargs)
  File "/app/asu_discord/cogs/analytics.py", line 652, in on_member_update
    before_timeout = before.timed_out_until
                     ^^^^^^^^^^^^^^^^^^^^^^
AttributeError: 'Member' object has no attribute 'timed_out_until'
Ignoring exception in on_member_update
Traceback (most recent call last):
  File "/usr/local/lib/python3.12/site-packages/discord/client.py", line 465, in _run_event
    await coro(*args, **kwargs)
  File "/app/asu_discord/cogs/analytics.py", line 652, in on_member_update
    before_timeout = before.timed_out_until
                     ^^^^^^^^^^^^^^^^^^^^^^
AttributeError: 'Member' object has no attribute 'timed_out_until'
INFO:asu_discord.cogs.verification:Saved 4 roles to database for user rattar1 (Discord ID: 1503353523520274544)
INFO:asu_discord.cogs.verification:Refreshed Salesforce roles for Discord user 1503353523520274544: -4/+4 roles, assigned=[Downtown Phoenix, First Year, International Student, Watts College of Public Service and Community Solutions]
Ignoring exception in on_member_update
Traceback (most recent call last):
  File "/usr/local/lib/python3.12/site-packages/discord/client.py", line 465, in _run_event
    await coro(*args, **kwargs)
  File "/app/asu_discord/cogs/analytics.py", line 652, in on_member_update
    before_timeout = before.timed_out_until
                     ^^^^^^^^^^^^^^^^^^^^^^
AttributeError: 'Member' object has no attribute 'timed_out_until'
Ignoring exception in on_member_update
Traceback (most recent call last):
  File "/usr/local/lib/python3.12/site-packages/discord/client.py", line 465, in _run_event
    await coro(*args, **kwargs)
  File "/app/asu_discord/cogs/analytics.py", line 652, in on_member_update
    before_timeout = before.timed_out_until
                     ^^^^^^^^^^^^^^^^^^^^^^
AttributeError: 'Member' object has no attribute 'timed_out_until'
Ignoring exception in on_member_update
Traceback (most recent call last):
  File "/usr/local/lib/python3.12/site-packages/discord/client.py", line 465, in _run_event
    await coro(*args, **kwargs)
  File "/app/asu_discord/cogs/analytics.py", line 652, in on_member_update
    before_timeout = before.timed_out_until
                     ^^^^^^^^^^^^^^^^^^^^^^
AttributeError: 'Member' object has no attribute 'timed_out_until'
Ignoring exception in on_member_update
Traceback (most recent call last):
  File "/usr/local/lib/python3.12/site-packages/discord/client.py", line 465, in _run_event
    await coro(*args, **kwargs)
  File "/app/asu_discord/cogs/analytics.py", line 652, in on_member_update
    before_timeout = before.timed_out_until
                     ^^^^^^^^^^^^^^^^^^^^^^
AttributeError: 'Member' object has no attribute 'timed_out_until'
Ignoring exception in on_member_update
Traceback (most recent call last):
  File "/usr/local/lib/python3.12/site-packages/discord/client.py", line 465, in _run_event
    await coro(*args, **kwargs)
  File "/app/asu_discord/cogs/analytics.py", line 652, in on_member_update
    before_timeout = before.timed_out_until
                     ^^^^^^^^^^^^^^^^^^^^^^
AttributeError: 'Member' object has no attribute 'timed_out_until'
Ignoring exception in on_member_update
Traceback (most recent call last):
  File "/usr/local/lib/python3.12/site-packages/discord/client.py", line 465, in _run_event
    await coro(*args, **kwargs)
  File "/app/asu_discord/cogs/analytics.py", line 652, in on_member_update
    before_timeout = before.timed_out_until
                     ^^^^^^^^^^^^^^^^^^^^^^
AttributeError: 'Member' object has no attribute 'timed_out_until'
Ignoring exception in on_member_update
Traceback (most recent call last):
  File "/usr/local/lib/python3.12/site-packages/discord/client.py", line 465, in _run_event
    await coro(*args, **kwargs)
  File "/app/asu_discord/cogs/analytics.py", line 652, in on_member_update
    before_timeout = before.timed_out_until
                     ^^^^^^^^^^^^^^^^^^^^^^
AttributeError: 'Member' object has no attribute 'timed_out_until'
Ignoring exception in on_member_update
Traceback (most recent call last):
  File "/usr/local/lib/python3.12/site-packages/discord/client.py", line 465, in _run_event
    await coro(*args, **kwargs)
  File "/app/asu_discord/cogs/analytics.py", line 652, in on_member_update
    before_timeout = before.timed_out_until
                     ^^^^^^^^^^^^^^^^^^^^^^
AttributeError: 'Member' object has no attribute 'timed_out_until'
Ignoring exception in on_member_update
Traceback (most recent call last):
  File "/usr/local/lib/python3.12/site-packages/discord/client.py", line 465, in _run_event
    await coro(*args, **kwargs)
  File "/app/asu_discord/cogs/analytics.py", line 652, in on_member_update
    before_timeout = before.timed_out_until
                     ^^^^^^^^^^^^^^^^^^^^^^
AttributeError: 'Member' object has no attribute 'timed_out_until'
Ignoring exception in on_member_update
Traceback (most recent call last):
  File "/usr/local/lib/python3.12/site-packages/discord/client.py", line 465, in _run_event
    await coro(*args, **kwargs)
  File "/app/asu_discord/cogs/analytics.py", line 652, in on_member_update
    before_timeout = before.timed_out_until
                     ^^^^^^^^^^^^^^^^^^^^^^
AttributeError: 'Member' object has no attribute 'timed_out_until'
INFO:asu_discord.cogs.verification:Saved 5 roles to database for user lnhazen (Discord ID: 827985391831351338)
INFO:asu_discord.cogs.verification:Refreshed Salesforce roles for Discord user 827985391831351338: -5/+5 roles, assigned=[Arizona Resident, Commited, First Year, New College of Interdisciplinary Arts and Sciences, West Valley]
Ignoring exception in on_member_update
Traceback (most recent call last):
  File "/usr/local/lib/python3.12/site-packages/discord/client.py", line 465, in _run_event
    await coro(*args, **kwargs)
  File "/app/asu_discord/cogs/analytics.py", line 652, in on_member_update
    before_timeout = before.timed_out_until
                     ^^^^^^^^^^^^^^^^^^^^^^
AttributeError: 'Member' object has no attribute 'timed_out_until'
Ignoring exception in on_member_update
Traceback (most recent call last):
  File "/usr/local/lib/python3.12/site-packages/discord/client.py", line 465, in _run_event
    await coro(*args, **kwargs)
  File "/app/asu_discord/cogs/analytics.py", line 652, in on_member_update
    before_timeout = before.timed_out_until
                     ^^^^^^^^^^^^^^^^^^^^^^
AttributeError: 'Member' object has no attribute 'timed_out_until'
Ignoring exception in on_member_update
Traceback (most recent call last):
  File "/usr/local/lib/python3.12/site-packages/discord/client.py", line 465, in _run_event
    await coro(*args, **kwargs)
  File "/app/asu_discord/cogs/analytics.py", line 652, in on_member_update
    before_timeout = before.timed_out_until
                     ^^^^^^^^^^^^^^^^^^^^^^
AttributeError: 'Member' object has no attribute 'timed_out_until'
Ignoring exception in on_member_update
Traceback (most recent call last):
  File "/usr/local/lib/python3.12/site-packages/discord/client.py", line 465, in _run_event
    await coro(*args, **kwargs)
  File "/app/asu_discord/cogs/analytics.py", line 652, in on_member_update
    before_timeout = before.timed_out_until
                     ^^^^^^^^^^^^^^^^^^^^^^
AttributeError: 'Member' object has no attribute 'timed_out_until'
Ignoring exception in on_member_update
Traceback (most recent call last):
  File "/usr/local/lib/python3.12/site-packages/discord/client.py", line 465, in _run_event
    await coro(*args, **kwargs)
  File "/app/asu_discord/cogs/analytics.py", line 652, in on_member_update
    before_timeout = before.timed_out_until
                     ^^^^^^^^^^^^^^^^^^^^^^
AttributeError: 'Member' object has no attribute 'timed_out_until'
Ignoring exception in on_member_update
Traceback (most recent call last):
  File "/usr/local/lib/python3.12/site-packages/discord/client.py", line 465, in _run_event
    await coro(*args, **kwargs)
  File "/app/asu_discord/cogs/analytics.py", line 652, in on_member_update
    before_timeout = before.timed_out_until
                     ^^^^^^^^^^^^^^^^^^^^^^
AttributeError: 'Member' object has no attribute 'timed_out_until'
Ignoring exception in on_member_update
Traceback (most recent call last):
  File "/usr/local/lib/python3.12/site-packages/discord/client.py", line 465, in _run_event
    await coro(*args, **kwargs)
  File "/app/asu_discord/cogs/analytics.py", line 652, in on_member_update
    before_timeout = before.timed_out_until
                     ^^^^^^^^^^^^^^^^^^^^^^
AttributeError: 'Member' object has no attribute 'timed_out_until'
INFO:asu_discord.cogs.verification:Saved 4 roles to database for user asing935 (Discord ID: 823774006737371206)
INFO:asu_discord.cogs.verification:Refreshed Salesforce roles for Discord user 823774006737371206: -4/+4 roles, assigned=[Graduate Student, International Student, Tempe, W.P. Carey School of Business]
Ignoring exception in on_member_update
Traceback (most recent call last):
  File "/usr/local/lib/python3.12/site-packages/discord/client.py", line 465, in _run_event
    await coro(*args, **kwargs)
  File "/app/asu_discord/cogs/analytics.py", line 652, in on_member_update
    before_timeout = before.timed_out_until
                     ^^^^^^^^^^^^^^^^^^^^^^
AttributeError: 'Member' object has no attribute 'timed_out_until'
Ignoring exception in on_member_update
Traceback (most recent call last):
  File "/usr/local/lib/python3.12/site-packages/discord/client.py", line 465, in _run_event
    await coro(*args, **kwargs)
  File "/app/asu_discord/cogs/analytics.py", line 652, in on_member_update
    before_timeout = before.timed_out_until
                     ^^^^^^^^^^^^^^^^^^^^^^
AttributeError: 'Member' object has no attribute 'timed_out_until'
Ignoring exception in on_member_update
Traceback (most recent call last):
  File "/usr/local/lib/python3.12/site-packages/discord/client.py", line 465, in _run_event
    await coro(*args, **kwargs)
  File "/app/asu_discord/cogs/analytics.py", line 652, in on_member_update
    before_timeout = before.timed_out_until
                     ^^^^^^^^^^^^^^^^^^^^^^
AttributeError: 'Member' object has no attribute 'timed_out_until'
Ignoring exception in on_member_update
Traceback (most recent call last):
  File "/usr/local/lib/python3.12/site-packages/discord/client.py", line 465, in _run_event
    await coro(*args, **kwargs)
  File "/app/asu_discord/cogs/analytics.py", line 652, in on_member_update
    before_timeout = before.timed_out_until
                     ^^^^^^^^^^^^^^^^^^^^^^
AttributeError: 'Member' object has no attribute 'timed_out_until'
Ignoring exception in on_member_update
Traceback (most recent call last):
  File "/usr/local/lib/python3.12/site-packages/discord/client.py", line 465, in _run_event
    await coro(*args, **kwargs)
  File "/app/asu_discord/cogs/analytics.py", line 652, in on_member_update
    before_timeout = before.timed_out_until
                     ^^^^^^^^^^^^^^^^^^^^^^
AttributeError: 'Member' object has no attribute 'timed_out_until'
Ignoring exception in on_member_update
Traceback (most recent call last):
  File "/usr/local/lib/python3.12/site-packages/discord/client.py", line 465, in _run_event
    await coro(*args, **kwargs)
  File "/app/asu_discord/cogs/analytics.py", line 652, in on_member_update
    before_timeout = before.timed_out_until
                     ^^^^^^^^^^^^^^^^^^^^^^
AttributeError: 'Member' object has no attribute 'timed_out_until'
Ignoring exception in on_member_update
Traceback (most recent call last):
  File "/usr/local/lib/python3.12/site-packages/discord/client.py", line 465, in _run_event
    await coro(*args, **kwargs)
  File "/app/asu_discord/cogs/analytics.py", line 652, in on_member_update
    before_timeout = before.timed_out_until
                     ^^^^^^^^^^^^^^^^^^^^^^
AttributeError: 'Member' object has no attribute 'timed_out_until'
Ignoring exception in on_member_update
Traceback (most recent call last):
  File "/usr/local/lib/python3.12/site-packages/discord/client.py", line 465, in _run_event
    await coro(*args, **kwargs)
  File "/app/asu_discord/cogs/analytics.py", line 652, in on_member_update
    before_timeout = before.timed_out_until
                     ^^^^^^^^^^^^^^^^^^^^^^
AttributeError: 'Member' object has no attribute 'timed_out_until'
Ignoring exception in on_member_update
Traceback (most recent call last):
  File "/usr/local/lib/python3.12/site-packages/discord/client.py", line 465, in _run_event
    await coro(*args, **kwargs)
  File "/app/asu_discord/cogs/analytics.py", line 652, in on_member_update
    before_timeout = before.timed_out_until
                     ^^^^^^^^^^^^^^^^^^^^^^
AttributeError: 'Member' object has no attribute 'timed_out_until'
Ignoring exception in on_member_update
Traceback (most recent call last):
  File "/usr/local/lib/python3.12/site-packages/discord/client.py", line 465, in _run_event
    await coro(*args, **kwargs)
  File "/app/asu_discord/cogs/analytics.py", line 652, in on_member_update
    before_timeout = before.timed_out_until
                     ^^^^^^^^^^^^^^^^^^^^^^
AttributeError: 'Member' object has no attribute 'timed_out_until'
INFO:asu_discord.cogs.verification:Saved 5 roles to database for user hwang706 (Discord ID: 1492082826080948306)
INFO:asu_discord.cogs.verification:Refreshed Salesforce roles for Discord user 1492082826080948306: -4/+5 roles, assigned=[College of Liberal Arts and Sciences, Commited, Downtown Phoenix, International Student, Transfer Student]
Ignoring exception in on_member_update
Traceback (most recent call last):
  File "/usr/local/lib/python3.12/site-packages/discord/client.py", line 465, in _run_event
    await coro(*args, **kwargs)
  File "/app/asu_discord/cogs/analytics.py", line 652, in on_member_update
    before_timeout = before.timed_out_until
                     ^^^^^^^^^^^^^^^^^^^^^^
AttributeError: 'Member' object has no attribute 'timed_out_until'
Ignoring exception in on_member_update
Traceback (most recent call last):
  File "/usr/local/lib/python3.12/site-packages/discord/client.py", line 465, in _run_event
    await coro(*args, **kwargs)
  File "/app/asu_discord/cogs/analytics.py", line 652, in on_member_update
    before_timeout = before.timed_out_until
                     ^^^^^^^^^^^^^^^^^^^^^^
AttributeError: 'Member' object has no attribute 'timed_out_until'
Ignoring exception in on_member_update
Traceback (most recent call last):
  File "/usr/local/lib/python3.12/site-packages/discord/client.py", line 465, in _run_event
    await coro(*args, **kwargs)
  File "/app/asu_discord/cogs/analytics.py", line 652, in on_member_update
    before_timeout = before.timed_out_until
                     ^^^^^^^^^^^^^^^^^^^^^^
AttributeError: 'Member' object has no attribute 'timed_out_until'
Ignoring exception in on_member_update
Traceback (most recent call last):
  File "/usr/local/lib/python3.12/site-packages/discord/client.py", line 465, in _run_event
    await coro(*args, **kwargs)
  File "/app/asu_discord/cogs/analytics.py", line 652, in on_member_update
    before_timeout = before.timed_out_until
                     ^^^^^^^^^^^^^^^^^^^^^^
AttributeError: 'Member' object has no attribute 'timed_out_until'
Ignoring exception in on_member_update
Traceback (most recent call last):
  File "/usr/local/lib/python3.12/site-packages/discord/client.py", line 465, in _run_event
    await coro(*args, **kwargs)
  File "/app/asu_discord/cogs/analytics.py", line 652, in on_member_update
    before_timeout = before.timed_out_until
                     ^^^^^^^^^^^^^^^^^^^^^^
AttributeError: 'Member' object has no attribute 'timed_out_until'
Ignoring exception in on_member_update
Traceback (most recent call last):
  File "/usr/local/lib/python3.12/site-packages/discord/client.py", line 465, in _run_event
    await coro(*args, **kwargs)
  File "/app/asu_discord/cogs/analytics.py", line 652, in on_member_update
    before_timeout = before.timed_out_until
                     ^^^^^^^^^^^^^^^^^^^^^^
AttributeError: 'Member' object has no attribute 'timed_out_until'
Ignoring exception in on_member_update
Traceback (most recent call last):
  File "/usr/local/lib/python3.12/site-packages/discord/client.py", line 465, in _run_event
    await coro(*args, **kwargs)
  File "/app/asu_discord/cogs/analytics.py", line 652, in on_member_update
    before_timeout = before.timed_out_until
                     ^^^^^^^^^^^^^^^^^^^^^^
AttributeError: 'Member' object has no attribute 'timed_out_until'
Ignoring exception in on_member_update
Traceback (most recent call last):
  File "/usr/local/lib/python3.12/site-packages/discord/client.py", line 465, in _run_event
    await coro(*args, **kwargs)
  File "/app/asu_discord/cogs/analytics.py", line 652, in on_member_update
    before_timeout = before.timed_out_until
                     ^^^^^^^^^^^^^^^^^^^^^^
AttributeError: 'Member' object has no attribute 'timed_out_until'
Ignoring exception in on_member_update
Traceback (most recent call last):
  File "/usr/local/lib/python3.12/site-packages/discord/client.py", line 465, in _run_event
    await coro(*args, **kwargs)
  File "/app/asu_discord/cogs/analytics.py", line 652, in on_member_update
    before_timeout = before.timed_out_until
                     ^^^^^^^^^^^^^^^^^^^^^^
AttributeError: 'Member' object has no attribute 'timed_out_until'
INFO:asu_discord.cogs.verification:Saved 5 roles to database for user rgibbs13 (Discord ID: 742473622140223599)
INFO:asu_discord.cogs.verification:Refreshed Salesforce roles for Discord user 742473622140223599: -5/+4 roles, assigned=[Arizona Resident, Commited, First Year, Ira A. Fulton Schools of Engineering, Tempe]
Ignoring exception in on_member_update
Traceback (most recent call last):
  File "/usr/local/lib/python3.12/site-packages/discord/client.py", line 465, in _run_event
    await coro(*args, **kwargs)
  File "/app/asu_discord/cogs/analytics.py", line 652, in on_member_update
    before_timeout = before.timed_out_until
                     ^^^^^^^^^^^^^^^^^^^^^^
AttributeError: 'Member' object has no attribute 'timed_out_until'
Ignoring exception in on_member_update
Traceback (most recent call last):
  File "/usr/local/lib/python3.12/site-packages/discord/client.py", line 465, in _run_event
    await coro(*args, **kwargs)
  File "/app/asu_discord/cogs/analytics.py", line 652, in on_member_update
    before_timeout = before.timed_out_until
                     ^^^^^^^^^^^^^^^^^^^^^^
AttributeError: 'Member' object has no attribute 'timed_out_until'
Ignoring exception in on_member_update
Traceback (most recent call last):
  File "/usr/local/lib/python3.12/site-packages/discord/client.py", line 465, in _run_event
    await coro(*args, **kwargs)
  File "/app/asu_discord/cogs/analytics.py", line 652, in on_member_update
    before_timeout = before.timed_out_until
                     ^^^^^^^^^^^^^^^^^^^^^^
AttributeError: 'Member' object has no attribute 'timed_out_until'
Ignoring exception in on_member_update
Traceback (most recent call last):
  File "/usr/local/lib/python3.12/site-packages/discord/client.py", line 465, in _run_event
    await coro(*args, **kwargs)
  File "/app/asu_discord/cogs/analytics.py", line 652, in on_member_update
    before_timeout = before.timed_out_until
                     ^^^^^^^^^^^^^^^^^^^^^^
AttributeError: 'Member' object has no attribute 'timed_out_until'
Ignoring exception in on_member_update
Traceback (most recent call last):
  File "/usr/local/lib/python3.12/site-packages/discord/client.py", line 465, in _run_event
    await coro(*args, **kwargs)
  File "/app/asu_discord/cogs/analytics.py", line 652, in on_member_update
    before_timeout = before.timed_out_until
                     ^^^^^^^^^^^^^^^^^^^^^^
AttributeError: 'Member' object has no attribute 'timed_out_until'
Ignoring exception in on_member_update
Traceback (most recent call last):
  File "/usr/local/lib/python3.12/site-packages/discord/client.py", line 465, in _run_event
    await coro(*args, **kwargs)
  File "/app/asu_discord/cogs/analytics.py", line 652, in on_member_update
    before_timeout = before.timed_out_until
                     ^^^^^^^^^^^^^^^^^^^^^^
AttributeError: 'Member' object has no attribute 'timed_out_until'
Ignoring exception in on_member_update
Traceback (most recent call last):
  File "/usr/local/lib/python3.12/site-packages/discord/client.py", line 465, in _run_event
    await coro(*args, **kwargs)
  File "/app/asu_discord/cogs/analytics.py", line 652, in on_member_update
    before_timeout = before.timed_out_until
                     ^^^^^^^^^^^^^^^^^^^^^^
AttributeError: 'Member' object has no attribute 'timed_out_until'
Ignoring exception in on_member_update
Traceback (most recent call last):
  File "/usr/local/lib/python3.12/site-packages/discord/client.py", line 465, in _run_event
    await coro(*args, **kwargs)
  File "/app/asu_discord/cogs/analytics.py", line 652, in on_member_update
    before_timeout = before.timed_out_until
                     ^^^^^^^^^^^^^^^^^^^^^^
AttributeError: 'Member' object has no attribute 'timed_out_until'
Ignoring exception in on_member_update
Traceback (most recent call last):
  File "/usr/local/lib/python3.12/site-packages/discord/client.py", line 465, in _run_event
    await coro(*args, **kwargs)
  File "/app/asu_discord/cogs/analytics.py", line 652, in on_member_update
    before_timeout = before.timed_out_until
                     ^^^^^^^^^^^^^^^^^^^^^^
AttributeError: 'Member' object has no attribute 'timed_out_until'
Ignoring exception in on_member_update
Traceback (most recent call last):
  File "/usr/local/lib/python3.12/site-packages/discord/client.py", line 465, in _run_event
    await coro(*args, **kwargs)
  File "/app/asu_discord/cogs/analytics.py", line 652, in on_member_update
    before_timeout = before.timed_out_until
                     ^^^^^^^^^^^^^^^^^^^^^^
AttributeError: 'Member' object has no attribute 'timed_out_until'
INFO:asu_discord.cogs.verification:Saved 5 roles to database for user ntran49 (Discord ID: 585418791895302145)
INFO:asu_discord.cogs.verification:Refreshed Salesforce roles for Discord user 585418791895302145: -5/+5 roles, assigned=[College of Liberal Arts and Sciences, Commited, Graduate Student, International Student, Tempe]
Ignoring exception in on_member_update
Traceback (most recent call last):
  File "/usr/local/lib/python3.12/site-packages/discord/client.py", line 465, in _run_event
    await coro(*args, **kwargs)
  File "/app/asu_discord/cogs/analytics.py", line 652, in on_member_update
    before_timeout = before.timed_out_until
                     ^^^^^^^^^^^^^^^^^^^^^^
AttributeError: 'Member' object has no attribute 'timed_out_until'
Ignoring exception in on_member_update
Traceback (most recent call last):
  File "/usr/local/lib/python3.12/site-packages/discord/client.py", line 465, in _run_event
    await coro(*args, **kwargs)
  File "/app/asu_discord/cogs/analytics.py", line 652, in on_member_update
    before_timeout = before.timed_out_until
                     ^^^^^^^^^^^^^^^^^^^^^^
AttributeError: 'Member' object has no attribute 'timed_out_until'
Ignoring exception in on_member_update
Traceback (most recent call last):
  File "/usr/local/lib/python3.12/site-packages/discord/client.py", line 465, in _run_event
    await coro(*args, **kwargs)
  File "/app/asu_discord/cogs/analytics.py", line 652, in on_member_update
    before_timeout = before.timed_out_until
                     ^^^^^^^^^^^^^^^^^^^^^^
AttributeError: 'Member' object has no attribute 'timed_out_until'
Ignoring exception in on_member_update
Traceback (most recent call last):
  File "/usr/local/lib/python3.12/site-packages/discord/client.py", line 465, in _run_event
    await coro(*args, **kwargs)
  File "/app/asu_discord/cogs/analytics.py", line 652, in on_member_update
    before_timeout = before.timed_out_until
                     ^^^^^^^^^^^^^^^^^^^^^^
AttributeError: 'Member' object has no attribute 'timed_out_until'
Ignoring exception in on_member_update
Traceback (most recent call last):
  File "/usr/local/lib/python3.12/site-packages/discord/client.py", line 465, in _run_event
    await coro(*args, **kwargs)
  File "/app/asu_discord/cogs/analytics.py", line 652, in on_member_update
    before_timeout = before.timed_out_until
                     ^^^^^^^^^^^^^^^^^^^^^^
AttributeError: 'Member' object has no attribute 'timed_out_until'
Ignoring exception in on_member_update
Traceback (most recent call last):
  File "/usr/local/lib/python3.12/site-packages/discord/client.py", line 465, in _run_event
    await coro(*args, **kwargs)
  File "/app/asu_discord/cogs/analytics.py", line 652, in on_member_update
    before_timeout = before.timed_out_until
                     ^^^^^^^^^^^^^^^^^^^^^^
AttributeError: 'Member' object has no attribute 'timed_out_until'
Ignoring exception in on_member_update
Traceback (most recent call last):
  File "/usr/local/lib/python3.12/site-packages/discord/client.py", line 465, in _run_event
    await coro(*args, **kwargs)
  File "/app/asu_discord/cogs/analytics.py", line 652, in on_member_update
    before_timeout = before.timed_out_until
                     ^^^^^^^^^^^^^^^^^^^^^^
AttributeError: 'Member' object has no attribute 'timed_out_until'
Ignoring exception in on_member_update
Traceback (most recent call last):
  File "/usr/local/lib/python3.12/site-packages/discord/client.py", line 465, in _run_event
    await coro(*args, **kwargs)
  File "/app/asu_discord/cogs/analytics.py", line 652, in on_member_update
    before_timeout = before.timed_out_until
                     ^^^^^^^^^^^^^^^^^^^^^^
AttributeError: 'Member' object has no attribute 'timed_out_until'
Ignoring exception in on_member_update
Traceback (most recent call last):
  File "/usr/local/lib/python3.12/site-packages/discord/client.py", line 465, in _run_event
    await coro(*args, **kwargs)
  File "/app/asu_discord/cogs/analytics.py", line 652, in on_member_update
    before_timeout = before.timed_out_until
                     ^^^^^^^^^^^^^^^^^^^^^^
AttributeError: 'Member' object has no attribute 'timed_out_until'
Ignoring exception in on_member_update
Traceback (most recent call last):
  File "/usr/local/lib/python3.12/site-packages/discord/client.py", line 465, in _run_event
    await coro(*args, **kwargs)
  File "/app/asu_discord/cogs/analytics.py", line 652, in on_member_update
    before_timeout = before.timed_out_until
                     ^^^^^^^^^^^^^^^^^^^^^^
AttributeError: 'Member' object has no attribute 'timed_out_until'
INFO:asu_discord.cogs.verification:Saved 5 roles to database for user jmwell16 (Discord ID: 1508731107976413298)
INFO:asu_discord.cogs.verification:Refreshed Salesforce roles for Discord user 1508731107976413298: -5/+5 roles, assigned=[Commited, Downtown Phoenix, Graduate Student, Out of State, Watts College of Public Service and Community Solutions]
ERROR:cron.jobs:refresh_salesforce_roles: failed for sghaug (Discord ID 1173162630572150786): Failed to refresh Salesforce-based roles: Discord user 1173162630572150786 is not a member of the guild
Ignoring exception in on_member_update
Traceback (most recent call last):
  File "/usr/local/lib/python3.12/site-packages/discord/client.py", line 465, in _run_event
    await coro(*args, **kwargs)
  File "/app/asu_discord/cogs/analytics.py", line 652, in on_member_update
    before_timeout = before.timed_out_until
                     ^^^^^^^^^^^^^^^^^^^^^^
AttributeError: 'Member' object has no attribute 'timed_out_until'
Ignoring exception in on_member_update
Traceback (most recent call last):
  File "/usr/local/lib/python3.12/site-packages/discord/client.py", line 465, in _run_event
    await coro(*args, **kwargs)
  File "/app/asu_discord/cogs/analytics.py", line 652, in on_member_update
    before_timeout = before.timed_out_until
                     ^^^^^^^^^^^^^^^^^^^^^^
AttributeError: 'Member' object has no attribute 'timed_out_until'
Ignoring exception in on_member_update
Traceback (most recent call last):
  File "/usr/local/lib/python3.12/site-packages/discord/client.py", line 465, in _run_event
    await coro(*args, **kwargs)
  File "/app/asu_discord/cogs/analytics.py", line 652, in on_member_update
    before_timeout = before.timed_out_until
                     ^^^^^^^^^^^^^^^^^^^^^^
AttributeError: 'Member' object has no attribute 'timed_out_until'
Ignoring exception in on_member_update
Traceback (most recent call last):
  File "/usr/local/lib/python3.12/site-packages/discord/client.py", line 465, in _run_event
    await coro(*args, **kwargs)
  File "/app/asu_discord/cogs/analytics.py", line 652, in on_member_update
    before_timeout = before.timed_out_until
                     ^^^^^^^^^^^^^^^^^^^^^^
AttributeError: 'Member' object has no attribute 'timed_out_until'
Ignoring exception in on_member_update
Traceback (most recent call last):
  File "/usr/local/lib/python3.12/site-packages/discord/client.py", line 465, in _run_event
    await coro(*args, **kwargs)
  File "/app/asu_discord/cogs/analytics.py", line 652, in on_member_update
    before_timeout = before.timed_out_until
                     ^^^^^^^^^^^^^^^^^^^^^^
AttributeError: 'Member' object has no attribute 'timed_out_until'
Ignoring exception in on_member_update
Traceback (most recent call last):
  File "/usr/local/lib/python3.12/site-packages/discord/client.py", line 465, in _run_event
    await coro(*args, **kwargs)
  File "/app/asu_discord/cogs/analytics.py", line 652, in on_member_update
    before_timeout = before.timed_out_until
                     ^^^^^^^^^^^^^^^^^^^^^^
AttributeError: 'Member' object has no attribute 'timed_out_until'
Ignoring exception in on_member_update
Traceback (most recent call last):
  File "/usr/local/lib/python3.12/site-packages/discord/client.py", line 465, in _run_event
    await coro(*args, **kwargs)
  File "/app/asu_discord/cogs/analytics.py", line 652, in on_member_update
    before_timeout = before.timed_out_until
                     ^^^^^^^^^^^^^^^^^^^^^^
AttributeError: 'Member' object has no attribute 'timed_out_until'
Ignoring exception in on_member_update
Traceback (most recent call last):
  File "/usr/local/lib/python3.12/site-packages/discord/client.py", line 465, in _run_event
    await coro(*args, **kwargs)
  File "/app/asu_discord/cogs/analytics.py", line 652, in on_member_update
    before_timeout = before.timed_out_until
                     ^^^^^^^^^^^^^^^^^^^^^^
AttributeError: 'Member' object has no attribute 'timed_out_until'
Ignoring exception in on_member_update
Traceback (most recent call last):
  File "/usr/local/lib/python3.12/site-packages/discord/client.py", line 465, in _run_event
    await coro(*args, **kwargs)
  File "/app/asu_discord/cogs/analytics.py", line 652, in on_member_update
    before_timeout = before.timed_out_until
                     ^^^^^^^^^^^^^^^^^^^^^^
AttributeError: 'Member' object has no attribute 'timed_out_until'
Ignoring exception in on_member_update
Traceback (most recent call last):
  File "/usr/local/lib/python3.12/site-packages/discord/client.py", line 465, in _run_event
    await coro(*args, **kwargs)
  File "/app/asu_discord/cogs/analytics.py", line 652, in on_member_update
    before_timeout = before.timed_out_until
                     ^^^^^^^^^^^^^^^^^^^^^^
AttributeError: 'Member' object has no attribute 'timed_out_until'
Ignoring exception in on_member_update
Traceback (most recent call last):
  File "/usr/local/lib/python3.12/site-packages/discord/client.py", line 465, in _run_event
    await coro(*args, **kwargs)
  File "/app/asu_discord/cogs/analytics.py", line 652, in on_member_update
    before_timeout = before.timed_out_until
                     ^^^^^^^^^^^^^^^^^^^^^^
AttributeError: 'Member' object has no attribute 'timed_out_until'
ERROR:cron.jobs:refresh_salesforce_roles: failed for niokada (Discord ID 597003126033088513): Timed out refresh Salesforce-based roles
ERROR:cron.jobs:refresh_salesforce_roles: failed for azelik (Discord ID 525728982797254666): Failed to refresh Salesforce-based roles: Discord user 525728982797254666 is not a member of the guild
Ignoring exception in on_member_update
Traceback (most recent call last):
  File "/usr/local/lib/python3.12/site-packages/discord/client.py", line 465, in _run_event
    await coro(*args, **kwargs)
  File "/app/asu_discord/cogs/analytics.py", line 652, in on_member_update
    before_timeout = before.timed_out_until
                     ^^^^^^^^^^^^^^^^^^^^^^
AttributeError: 'Member' object has no attribute 'timed_out_until'
Ignoring exception in on_member_update
Traceback (most recent call last):
  File "/usr/local/lib/python3.12/site-packages/discord/client.py", line 465, in _run_event
    await coro(*args, **kwargs)
  File "/app/asu_discord/cogs/analytics.py", line 652, in on_member_update
    before_timeout = before.timed_out_until
                     ^^^^^^^^^^^^^^^^^^^^^^
AttributeError: 'Member' object has no attribute 'timed_out_until'
Ignoring exception in on_member_update
Traceback (most recent call last):
  File "/usr/local/lib/python3.12/site-packages/discord/client.py", line 465, in _run_event
    await coro(*args, **kwargs)
  File "/app/asu_discord/cogs/analytics.py", line 652, in on_member_update
    before_timeout = before.timed_out_until
                     ^^^^^^^^^^^^^^^^^^^^^^
AttributeError: 'Member' object has no attribute 'timed_out_until'
Ignoring exception in on_member_update
Traceback (most recent call last):
  File "/usr/local/lib/python3.12/site-packages/discord/client.py", line 465, in _run_event
    await coro(*args, **kwargs)
  File "/app/asu_discord/cogs/analytics.py", line 652, in on_member_update
    before_timeout = before.timed_out_until
                     ^^^^^^^^^^^^^^^^^^^^^^
AttributeError: 'Member' object has no attribute 'timed_out_until'
Ignoring exception in on_member_update
Traceback (most recent call last):
  File "/usr/local/lib/python3.12/site-packages/discord/client.py", line 465, in _run_event
    await coro(*args, **kwargs)
  File "/app/asu_discord/cogs/analytics.py", line 652, in on_member_update
    before_timeout = before.timed_out_until
                     ^^^^^^^^^^^^^^^^^^^^^^
AttributeError: 'Member' object has no attribute 'timed_out_until'
Ignoring exception in on_member_update
Traceback (most recent call last):
  File "/usr/local/lib/python3.12/site-packages/discord/client.py", line 465, in _run_event
    await coro(*args, **kwargs)
  File "/app/asu_discord/cogs/analytics.py", line 652, in on_member_update
    before_timeout = before.timed_out_until
                     ^^^^^^^^^^^^^^^^^^^^^^
AttributeError: 'Member' object has no attribute 'timed_out_until'
Ignoring exception in on_member_update
Traceback (most recent call last):
  File "/usr/local/lib/python3.12/site-packages/discord/client.py", line 465, in _run_event
    await coro(*args, **kwargs)
  File "/app/asu_discord/cogs/analytics.py", line 652, in on_member_update
    before_timeout = before.timed_out_until
                     ^^^^^^^^^^^^^^^^^^^^^^
AttributeError: 'Member' object has no attribute 'timed_out_until'
Ignoring exception in on_member_update
Traceback (most recent call last):
  File "/usr/local/lib/python3.12/site-packages/discord/client.py", line 465, in _run_event
    await coro(*args, **kwargs)
  File "/app/asu_discord/cogs/analytics.py", line 652, in on_member_update
    before_timeout = before.timed_out_until
                     ^^^^^^^^^^^^^^^^^^^^^^
AttributeError: 'Member' object has no attribute 'timed_out_until'
Ignoring exception in on_member_update
Traceback (most recent call last):
  File "/usr/local/lib/python3.12/site-packages/discord/client.py", line 465, in _run_event
    await coro(*args, **kwargs)
  File "/app/asu_discord/cogs/analytics.py", line 652, in on_member_update
    before_timeout = before.timed_out_until
                     ^^^^^^^^^^^^^^^^^^^^^^
AttributeError: 'Member' object has no attribute 'timed_out_until'
Ignoring exception in on_member_update
Traceback (most recent call last):
  File "/usr/local/lib/python3.12/site-packages/discord/client.py", line 465, in _run_event
    await coro(*args, **kwargs)
  File "/app/asu_discord/cogs/analytics.py", line 652, in on_member_update
    before_timeout = before.timed_out_until
                     ^^^^^^^^^^^^^^^^^^^^^^
AttributeError: 'Member' object has no attribute 'timed_out_until'
INFO:asu_discord.cogs.verification:Saved 5 roles to database for user hsingka1 (Discord ID: 668809491461963806)
INFO:asu_discord.cogs.verification:Refreshed Salesforce roles for Discord user 668809491461963806: -5/+5 roles, assigned=[Commited, Graduate Student, International Student, Ira A. Fulton Schools of Engineering, Tempe]
Ignoring exception in on_member_update
Traceback (most recent call last):
  File "/usr/local/lib/python3.12/site-packages/discord/client.py", line 465, in _run_event
    await coro(*args, **kwargs)
  File "/app/asu_discord/cogs/analytics.py", line 652, in on_member_update
    before_timeout = before.timed_out_until
                     ^^^^^^^^^^^^^^^^^^^^^^
AttributeError: 'Member' object has no attribute 'timed_out_until'
Ignoring exception in on_member_update
Traceback (most recent call last):
  File "/usr/local/lib/python3.12/site-packages/discord/client.py", line 465, in _run_event
    await coro(*args, **kwargs)
  File "/app/asu_discord/cogs/analytics.py", line 652, in on_member_update
    before_timeout = before.timed_out_until
                     ^^^^^^^^^^^^^^^^^^^^^^
AttributeError: 'Member' object has no attribute 'timed_out_until'
Ignoring exception in on_member_update
Traceback (most recent call last):
  File "/usr/local/lib/python3.12/site-packages/discord/client.py", line 465, in _run_event
    await coro(*args, **kwargs)
  File "/app/asu_discord/cogs/analytics.py", line 652, in on_member_update
    before_timeout = before.timed_out_until
                     ^^^^^^^^^^^^^^^^^^^^^^
AttributeError: 'Member' object has no attribute 'timed_out_until'
Ignoring exception in on_member_update
Traceback (most recent call last):
  File "/usr/local/lib/python3.12/site-packages/discord/client.py", line 465, in _run_event
    await coro(*args, **kwargs)
  File "/app/asu_discord/cogs/analytics.py", line 652, in on_member_update
    before_timeout = before.timed_out_until
                     ^^^^^^^^^^^^^^^^^^^^^^
AttributeError: 'Member' object has no attribute 'timed_out_until'
Ignoring exception in on_member_update
Traceback (most recent call last):
  File "/usr/local/lib/python3.12/site-packages/discord/client.py", line 465, in _run_event
    await coro(*args, **kwargs)
  File "/app/asu_discord/cogs/analytics.py", line 652, in on_member_update
    before_timeout = before.timed_out_until
                     ^^^^^^^^^^^^^^^^^^^^^^
AttributeError: 'Member' object has no attribute 'timed_out_until'
Ignoring exception in on_member_update
Traceback (most recent call last):
  File "/usr/local/lib/python3.12/site-packages/discord/client.py", line 465, in _run_event
    await coro(*args, **kwargs)
  File "/app/asu_discord/cogs/analytics.py", line 652, in on_member_update
    before_timeout = before.timed_out_until
                     ^^^^^^^^^^^^^^^^^^^^^^
AttributeError: 'Member' object has no attribute 'timed_out_until'
Ignoring exception in on_member_update
Traceback (most recent call last):
  File "/usr/local/lib/python3.12/site-packages/discord/client.py", line 465, in _run_event
    await coro(*args, **kwargs)
  File "/app/asu_discord/cogs/analytics.py", line 652, in on_member_update
    before_timeout = before.timed_out_until
                     ^^^^^^^^^^^^^^^^^^^^^^
AttributeError: 'Member' object has no attribute 'timed_out_until'
Ignoring exception in on_member_update
Traceback (most recent call last):
  File "/usr/local/lib/python3.12/site-packages/discord/client.py", line 465, in _run_event
    await coro(*args, **kwargs)
  File "/app/asu_discord/cogs/analytics.py", line 652, in on_member_update
    before_timeout = before.timed_out_until
                     ^^^^^^^^^^^^^^^^^^^^^^
AttributeError: 'Member' object has no attribute 'timed_out_until'
Ignoring exception in on_member_update
Traceback (most recent call last):
  File "/usr/local/lib/python3.12/site-packages/discord/client.py", line 465, in _run_event
    await coro(*args, **kwargs)
  File "/app/asu_discord/cogs/analytics.py", line 652, in on_member_update
    before_timeout = before.timed_out_until
                     ^^^^^^^^^^^^^^^^^^^^^^
AttributeError: 'Member' object has no attribute 'timed_out_until'
Ignoring exception in on_member_update
Traceback (most recent call last):
  File "/usr/local/lib/python3.12/site-packages/discord/client.py", line 465, in _run_event
    await coro(*args, **kwargs)
  File "/app/asu_discord/cogs/analytics.py", line 652, in on_member_update
    before_timeout = before.timed_out_until
                     ^^^^^^^^^^^^^^^^^^^^^^
AttributeError: 'Member' object has no attribute 'timed_out_until'
INFO:asu_discord.cogs.verification:Saved 5 roles to database for user szhao141 (Discord ID: 1071509892772413471)
INFO:asu_discord.cogs.verification:Refreshed Salesforce roles for Discord user 1071509892772413471: -5/+5 roles, assigned=[College of Liberal Arts and Sciences, First Generation Student, Graduate Student, International Student, Tempe]
Ignoring exception in on_member_update
Traceback (most recent call last):
  File "/usr/local/lib/python3.12/site-packages/discord/client.py", line 465, in _run_event
    await coro(*args, **kwargs)
  File "/app/asu_discord/cogs/analytics.py", line 652, in on_member_update
    before_timeout = before.timed_out_until
                     ^^^^^^^^^^^^^^^^^^^^^^
AttributeError: 'Member' object has no attribute 'timed_out_until'
Ignoring exception in on_member_update
Traceback (most recent call last):
  File "/usr/local/lib/python3.12/site-packages/discord/client.py", line 465, in _run_event
    await coro(*args, **kwargs)
  File "/app/asu_discord/cogs/analytics.py", line 652, in on_member_update
    before_timeout = before.timed_out_until
                     ^^^^^^^^^^^^^^^^^^^^^^
AttributeError: 'Member' object has no attribute 'timed_out_until'
Ignoring exception in on_member_update
Traceback (most recent call last):
  File "/usr/local/lib/python3.12/site-packages/discord/client.py", line 465, in _run_event
    await coro(*args, **kwargs)
  File "/app/asu_discord/cogs/analytics.py", line 652, in on_member_update
    before_timeout = before.timed_out_until
                     ^^^^^^^^^^^^^^^^^^^^^^
AttributeError: 'Member' object has no attribute 'timed_out_until'
Ignoring exception in on_member_update
Traceback (most recent call last):
  File "/usr/local/lib/python3.12/site-packages/discord/client.py", line 465, in _run_event
    await coro(*args, **kwargs)
  File "/app/asu_discord/cogs/analytics.py", line 652, in on_member_update
    before_timeout = before.timed_out_until
                     ^^^^^^^^^^^^^^^^^^^^^^
AttributeError: 'Member' object has no attribute 'timed_out_until'
Ignoring exception in on_member_update
Traceback (most recent call last):
  File "/usr/local/lib/python3.12/site-packages/discord/client.py", line 465, in _run_event
    await coro(*args, **kwargs)
  File "/app/asu_discord/cogs/analytics.py", line 652, in on_member_update
    before_timeout = before.timed_out_until
                     ^^^^^^^^^^^^^^^^^^^^^^
AttributeError: 'Member' object has no attribute 'timed_out_until'
Ignoring exception in on_member_update
Traceback (most recent call last):
  File "/usr/local/lib/python3.12/site-packages/discord/client.py", line 465, in _run_event
    await coro(*args, **kwargs)
  File "/app/asu_discord/cogs/analytics.py", line 652, in on_member_update
    before_timeout = before.timed_out_until
                     ^^^^^^^^^^^^^^^^^^^^^^
AttributeError: 'Member' object has no attribute 'timed_out_until'
Ignoring exception in on_member_update
Traceback (most recent call last):
  File "/usr/local/lib/python3.12/site-packages/discord/client.py", line 465, in _run_event
    await coro(*args, **kwargs)
  File "/app/asu_discord/cogs/analytics.py", line 652, in on_member_update
    before_timeout = before.timed_out_until
                     ^^^^^^^^^^^^^^^^^^^^^^
AttributeError: 'Member' object has no attribute 'timed_out_until'
Ignoring exception in on_member_update
Traceback (most recent call last):
  File "/usr/local/lib/python3.12/site-packages/discord/client.py", line 465, in _run_event
    await coro(*args, **kwargs)
  File "/app/asu_discord/cogs/analytics.py", line 652, in on_member_update
    before_timeout = before.timed_out_until
                     ^^^^^^^^^^^^^^^^^^^^^^
AttributeError: 'Member' object has no attribute 'timed_out_until'
Ignoring exception in on_member_update
Traceback (most recent call last):
  File "/usr/local/lib/python3.12/site-packages/discord/client.py", line 465, in _run_event
    await coro(*args, **kwargs)
  File "/app/asu_discord/cogs/analytics.py", line 652, in on_member_update
    before_timeout = before.timed_out_until
                     ^^^^^^^^^^^^^^^^^^^^^^
AttributeError: 'Member' object has no attribute 'timed_out_until'
Ignoring exception in on_member_update
Traceback (most recent call last):
  File "/usr/local/lib/python3.12/site-packages/discord/client.py", line 465, in _run_event
    await coro(*args, **kwargs)
  File "/app/asu_discord/cogs/analytics.py", line 652, in on_member_update
    before_timeout = before.timed_out_until
                     ^^^^^^^^^^^^^^^^^^^^^^
AttributeError: 'Member' object has no attribute 'timed_out_until'
INFO:asu_discord.cogs.verification:Saved 5 roles to database for user jawyant1 (Discord ID: 923750648380526632)
INFO:asu_discord.cogs.verification:Refreshed Salesforce roles for Discord user 923750648380526632: -5/+5 roles, assigned=[Arizona Resident, Commited, First Year, New College of Interdisciplinary Arts and Sciences, West Valley]
Ignoring exception in on_member_update
Traceback (most recent call last):
  File "/usr/local/lib/python3.12/site-packages/discord/client.py", line 465, in _run_event
    await coro(*args, **kwargs)
  File "/app/asu_discord/cogs/analytics.py", line 652, in on_member_update
    before_timeout = before.timed_out_until
                     ^^^^^^^^^^^^^^^^^^^^^^
AttributeError: 'Member' object has no attribute 'timed_out_until'
Ignoring exception in on_member_update
Traceback (most recent call last):
  File "/usr/local/lib/python3.12/site-packages/discord/client.py", line 465, in _run_event
    await coro(*args, **kwargs)
  File "/app/asu_discord/cogs/analytics.py", line 652, in on_member_update
    before_timeout = before.timed_out_until
                     ^^^^^^^^^^^^^^^^^^^^^^
AttributeError: 'Member' object has no attribute 'timed_out_until'
Ignoring exception in on_member_update
Traceback (most recent call last):
  File "/usr/local/lib/python3.12/site-packages/discord/client.py", line 465, in _run_event
    await coro(*args, **kwargs)
  File "/app/asu_discord/cogs/analytics.py", line 652, in on_member_update
    before_timeout = before.timed_out_until
                     ^^^^^^^^^^^^^^^^^^^^^^
AttributeError: 'Member' object has no attribute 'timed_out_until'
Ignoring exception in on_member_update
Traceback (most recent call last):
  File "/usr/local/lib/python3.12/site-packages/discord/client.py", line 465, in _run_event
    await coro(*args, **kwargs)
  File "/app/asu_discord/cogs/analytics.py", line 652, in on_member_update
    before_timeout = before.timed_out_until
                     ^^^^^^^^^^^^^^^^^^^^^^
AttributeError: 'Member' object has no attribute 'timed_out_until'
Ignoring exception in on_member_update
Traceback (most recent call last):
  File "/usr/local/lib/python3.12/site-packages/discord/client.py", line 465, in _run_event
    await coro(*args, **kwargs)
  File "/app/asu_discord/cogs/analytics.py", line 652, in on_member_update
    before_timeout = before.timed_out_until
                     ^^^^^^^^^^^^^^^^^^^^^^
AttributeError: 'Member' object has no attribute 'timed_out_until'
Ignoring exception in on_member_update
Traceback (most recent call last):
  File "/usr/local/lib/python3.12/site-packages/discord/client.py", line 465, in _run_event
    await coro(*args, **kwargs)
  File "/app/asu_discord/cogs/analytics.py", line 652, in on_member_update
    before_timeout = before.timed_out_until
                     ^^^^^^^^^^^^^^^^^^^^^^
AttributeError: 'Member' object has no attribute 'timed_out_until'
Ignoring exception in on_member_update
Traceback (most recent call last):
  File "/usr/local/lib/python3.12/site-packages/discord/client.py", line 465, in _run_event
    await coro(*args, **kwargs)
  File "/app/asu_discord/cogs/analytics.py", line 652, in on_member_update
    before_timeout = before.timed_out_until
                     ^^^^^^^^^^^^^^^^^^^^^^
AttributeError: 'Member' object has no attribute 'timed_out_until'
Ignoring exception in on_member_update
Traceback (most recent call last):
  File "/usr/local/lib/python3.12/site-packages/discord/client.py", line 465, in _run_event
    await coro(*args, **kwargs)
  File "/app/asu_discord/cogs/analytics.py", line 652, in on_member_update
    before_timeout = before.timed_out_until
                     ^^^^^^^^^^^^^^^^^^^^^^
AttributeError: 'Member' object has no attribute 'timed_out_until'
Ignoring exception in on_member_update
Traceback (most recent call last):
  File "/usr/local/lib/python3.12/site-packages/discord/client.py", line 465, in _run_event
    await coro(*args, **kwargs)
  File "/app/asu_discord/cogs/analytics.py", line 652, in on_member_update
    before_timeout = before.timed_out_until
                     ^^^^^^^^^^^^^^^^^^^^^^
AttributeError: 'Member' object has no attribute 'timed_out_until'
Ignoring exception in on_member_update
Traceback (most recent call last):
  File "/usr/local/lib/python3.12/site-packages/discord/client.py", line 465, in _run_event
    await coro(*args, **kwargs)
  File "/app/asu_discord/cogs/analytics.py", line 652, in on_member_update
    before_timeout = before.timed_out_until
                     ^^^^^^^^^^^^^^^^^^^^^^
AttributeError: 'Member' object has no attribute 'timed_out_until'
INFO:asu_discord.cogs.verification:Saved 5 roles to database for user jprodr24 (Discord ID: 1508946360714399917)
INFO:asu_discord.cogs.verification:Refreshed Salesforce roles for Discord user 1508946360714399917: -5/+5 roles, assigned=[Arizona Resident, Commited, First Year, New College of Interdisciplinary Arts and Sciences, West Valley]
Ignoring exception in on_member_update
Traceback (most recent call last):
  File "/usr/local/lib/python3.12/site-packages/discord/client.py", line 465, in _run_event
    await coro(*args, **kwargs)
  File "/app/asu_discord/cogs/analytics.py", line 652, in on_member_update
    before_timeout = before.timed_out_until
                     ^^^^^^^^^^^^^^^^^^^^^^
AttributeError: 'Member' object has no attribute 'timed_out_until'
Ignoring exception in on_member_update
Traceback (most recent call last):
  File "/usr/local/lib/python3.12/site-packages/discord/client.py", line 465, in _run_event
    await coro(*args, **kwargs)
  File "/app/asu_discord/cogs/analytics.py", line 652, in on_member_update
    before_timeout = before.timed_out_until
                     ^^^^^^^^^^^^^^^^^^^^^^
AttributeError: 'Member' object has no attribute 'timed_out_until'
Ignoring exception in on_member_update
Traceback (most recent call last):
  File "/usr/local/lib/python3.12/site-packages/discord/client.py", line 465, in _run_event
    await coro(*args, **kwargs)
  File "/app/asu_discord/cogs/analytics.py", line 652, in on_member_update
    before_timeout = before.timed_out_until
                     ^^^^^^^^^^^^^^^^^^^^^^
AttributeError: 'Member' object has no attribute 'timed_out_until'
Ignoring exception in on_member_update
Traceback (most recent call last):
  File "/usr/local/lib/python3.12/site-packages/discord/client.py", line 465, in _run_event
    await coro(*args, **kwargs)
  File "/app/asu_discord/cogs/analytics.py", line 652, in on_member_update
    before_timeout = before.timed_out_until
                     ^^^^^^^^^^^^^^^^^^^^^^
AttributeError: 'Member' object has no attribute 'timed_out_until'
Ignoring exception in on_member_update
Traceback (most recent call last):
  File "/usr/local/lib/python3.12/site-packages/discord/client.py", line 465, in _run_event
    await coro(*args, **kwargs)
  File "/app/asu_discord/cogs/analytics.py", line 652, in on_member_update
    before_timeout = before.timed_out_until
                     ^^^^^^^^^^^^^^^^^^^^^^
AttributeError: 'Member' object has no attribute 'timed_out_until'
Ignoring exception in on_member_update
Traceback (most recent call last):
  File "/usr/local/lib/python3.12/site-packages/discord/client.py", line 465, in _run_event
    await coro(*args, **kwargs)
  File "/app/asu_discord/cogs/analytics.py", line 652, in on_member_update
    before_timeout = before.timed_out_until
                     ^^^^^^^^^^^^^^^^^^^^^^
AttributeError: 'Member' object has no attribute 'timed_out_until'
Ignoring exception in on_member_update
Traceback (most recent call last):
  File "/usr/local/lib/python3.12/site-packages/discord/client.py", line 465, in _run_event
    await coro(*args, **kwargs)
  File "/app/asu_discord/cogs/analytics.py", line 652, in on_member_update
    before_timeout = before.timed_out_until
                     ^^^^^^^^^^^^^^^^^^^^^^
AttributeError: 'Member' object has no attribute 'timed_out_until'
Ignoring exception in on_member_update
Traceback (most recent call last):
  File "/usr/local/lib/python3.12/site-packages/discord/client.py", line 465, in _run_event
    await coro(*args, **kwargs)
  File "/app/asu_discord/cogs/analytics.py", line 652, in on_member_update
    before_timeout = before.timed_out_until
                     ^^^^^^^^^^^^^^^^^^^^^^
AttributeError: 'Member' object has no attribute 'timed_out_until'
Ignoring exception in on_member_update
Traceback (most recent call last):
  File "/usr/local/lib/python3.12/site-packages/discord/client.py", line 465, in _run_event
    await coro(*args, **kwargs)
  File "/app/asu_discord/cogs/analytics.py", line 652, in on_member_update
    before_timeout = before.timed_out_until
                     ^^^^^^^^^^^^^^^^^^^^^^
AttributeError: 'Member' object has no attribute 'timed_out_until'
Ignoring exception in on_member_update
Traceback (most recent call last):
  File "/usr/local/lib/python3.12/site-packages/discord/client.py", line 465, in _run_event
    await coro(*args, **kwargs)
  File "/app/asu_discord/cogs/analytics.py", line 652, in on_member_update
    before_timeout = before.timed_out_until
                     ^^^^^^^^^^^^^^^^^^^^^^
AttributeError: 'Member' object has no attribute 'timed_out_until'
INFO:asu_discord.cogs.verification:Saved 5 roles to database for user enelvis (Discord ID: 793381804526403603)
INFO:asu_discord.cogs.verification:Refreshed Salesforce roles for Discord user 793381804526403603: -5/+5 roles, assigned=[Arizona Resident, Commited, Tempe, Transfer Student, W.P. Carey School of Business]
Ignoring exception in on_member_update
Traceback (most recent call last):
  File "/usr/local/lib/python3.12/site-packages/discord/client.py", line 465, in _run_event
    await coro(*args, **kwargs)
  File "/app/asu_discord/cogs/analytics.py", line 652, in on_member_update
    before_timeout = before.timed_out_until
                     ^^^^^^^^^^^^^^^^^^^^^^
AttributeError: 'Member' object has no attribute 'timed_out_until'
Ignoring exception in on_member_update
Traceback (most recent call last):
  File "/usr/local/lib/python3.12/site-packages/discord/client.py", line 465, in _run_event
    await coro(*args, **kwargs)
  File "/app/asu_discord/cogs/analytics.py", line 652, in on_member_update
    before_timeout = before.timed_out_until
                     ^^^^^^^^^^^^^^^^^^^^^^
AttributeError: 'Member' object has no attribute 'timed_out_until'
Ignoring exception in on_member_update
Traceback (most recent call last):
  File "/usr/local/lib/python3.12/site-packages/discord/client.py", line 465, in _run_event
    await coro(*args, **kwargs)
  File "/app/asu_discord/cogs/analytics.py", line 652, in on_member_update
    before_timeout = before.timed_out_until
                     ^^^^^^^^^^^^^^^^^^^^^^
AttributeError: 'Member' object has no attribute 'timed_out_until'
Ignoring exception in on_member_update
Traceback (most recent call last):
  File "/usr/local/lib/python3.12/site-packages/discord/client.py", line 465, in _run_event
    await coro(*args, **kwargs)
  File "/app/asu_discord/cogs/analytics.py", line 652, in on_member_update
    before_timeout = before.timed_out_until
                     ^^^^^^^^^^^^^^^^^^^^^^
AttributeError: 'Member' object has no attribute 'timed_out_until'
Ignoring exception in on_member_update
Traceback (most recent call last):
  File "/usr/local/lib/python3.12/site-packages/discord/client.py", line 465, in _run_event
    await coro(*args, **kwargs)
  File "/app/asu_discord/cogs/analytics.py", line 652, in on_member_update
    before_timeout = before.timed_out_until
                     ^^^^^^^^^^^^^^^^^^^^^^
AttributeError: 'Member' object has no attribute 'timed_out_until'
Ignoring exception in on_member_update
Traceback (most recent call last):
  File "/usr/local/lib/python3.12/site-packages/discord/client.py", line 465, in _run_event
    await coro(*args, **kwargs)
  File "/app/asu_discord/cogs/analytics.py", line 652, in on_member_update
    before_timeout = before.timed_out_until
                     ^^^^^^^^^^^^^^^^^^^^^^
AttributeError: 'Member' object has no attribute 'timed_out_until'
Ignoring exception in on_member_update
Traceback (most recent call last):
  File "/usr/local/lib/python3.12/site-packages/discord/client.py", line 465, in _run_event
    await coro(*args, **kwargs)
  File "/app/asu_discord/cogs/analytics.py", line 652, in on_member_update
    before_timeout = before.timed_out_until
                     ^^^^^^^^^^^^^^^^^^^^^^
AttributeError: 'Member' object has no attribute 'timed_out_until'
INFO:asu_discord.cogs.verification:Saved 4 roles to database for user somnangr (Discord ID: 376179512079024141)
INFO:asu_discord.cogs.verification:Refreshed Salesforce roles for Discord user 376179512079024141: -3/+4 roles, assigned=[Ira A. Fulton Schools of Engineering, Online, Out of State, Transfer Student]
Ignoring exception in on_member_update
Traceback (most recent call last):
  File "/usr/local/lib/python3.12/site-packages/discord/client.py", line 465, in _run_event
    await coro(*args, **kwargs)
  File "/app/asu_discord/cogs/analytics.py", line 652, in on_member_update
    before_timeout = before.timed_out_until
                     ^^^^^^^^^^^^^^^^^^^^^^
AttributeError: 'Member' object has no attribute 'timed_out_until'
Ignoring exception in on_member_update
Traceback (most recent call last):
  File "/usr/local/lib/python3.12/site-packages/discord/client.py", line 465, in _run_event
    await coro(*args, **kwargs)
  File "/app/asu_discord/cogs/analytics.py", line 652, in on_member_update
    before_timeout = before.timed_out_until
                     ^^^^^^^^^^^^^^^^^^^^^^
AttributeError: 'Member' object has no attribute 'timed_out_until'
Ignoring exception in on_member_update
Traceback (most recent call last):
  File "/usr/local/lib/python3.12/site-packages/discord/client.py", line 465, in _run_event
    await coro(*args, **kwargs)
  File "/app/asu_discord/cogs/analytics.py", line 652, in on_member_update
    before_timeout = before.timed_out_until
                     ^^^^^^^^^^^^^^^^^^^^^^
AttributeError: 'Member' object has no attribute 'timed_out_until'
Ignoring exception in on_member_update
Traceback (most recent call last):
  File "/usr/local/lib/python3.12/site-packages/discord/client.py", line 465, in _run_event
    await coro(*args, **kwargs)
  File "/app/asu_discord/cogs/analytics.py", line 652, in on_member_update
    before_timeout = before.timed_out_until
                     ^^^^^^^^^^^^^^^^^^^^^^
AttributeError: 'Member' object has no attribute 'timed_out_until'
Ignoring exception in on_member_update
Traceback (most recent call last):
  File "/usr/local/lib/python3.12/site-packages/discord/client.py", line 465, in _run_event
    await coro(*args, **kwargs)
  File "/app/asu_discord/cogs/analytics.py", line 652, in on_member_update
    before_timeout = before.timed_out_until
                     ^^^^^^^^^^^^^^^^^^^^^^
AttributeError: 'Member' object has no attribute 'timed_out_until'
Ignoring exception in on_member_update
Traceback (most recent call last):
  File "/usr/local/lib/python3.12/site-packages/discord/client.py", line 465, in _run_event
    await coro(*args, **kwargs)
  File "/app/asu_discord/cogs/analytics.py", line 652, in on_member_update
    before_timeout = before.timed_out_until
                     ^^^^^^^^^^^^^^^^^^^^^^
AttributeError: 'Member' object has no attribute 'timed_out_until'
Ignoring exception in on_member_update
Traceback (most recent call last):
  File "/usr/local/lib/python3.12/site-packages/discord/client.py", line 465, in _run_event
    await coro(*args, **kwargs)
  File "/app/asu_discord/cogs/analytics.py", line 652, in on_member_update
    before_timeout = before.timed_out_until
                     ^^^^^^^^^^^^^^^^^^^^^^
AttributeError: 'Member' object has no attribute 'timed_out_until'
Ignoring exception in on_member_update
Traceback (most recent call last):
  File "/usr/local/lib/python3.12/site-packages/discord/client.py", line 465, in _run_event
    await coro(*args, **kwargs)
  File "/app/asu_discord/cogs/analytics.py", line 652, in on_member_update
    before_timeout = before.timed_out_until
                     ^^^^^^^^^^^^^^^^^^^^^^
AttributeError: 'Member' object has no attribute 'timed_out_until'
Ignoring exception in on_member_update
Traceback (most recent call last):
  File "/usr/local/lib/python3.12/site-packages/discord/client.py", line 465, in _run_event
    await coro(*args, **kwargs)
  File "/app/asu_discord/cogs/analytics.py", line 652, in on_member_update
    before_timeout = before.timed_out_until
                     ^^^^^^^^^^^^^^^^^^^^^^
AttributeError: 'Member' object has no attribute 'timed_out_until'
Ignoring exception in on_member_update
Traceback (most recent call last):
  File "/usr/local/lib/python3.12/site-packages/discord/client.py", line 465, in _run_event
    await coro(*args, **kwargs)
  File "/app/asu_discord/cogs/analytics.py", line 652, in on_member_update
    before_timeout = before.timed_out_until
                     ^^^^^^^^^^^^^^^^^^^^^^
AttributeError: 'Member' object has no attribute 'timed_out_until'
INFO:asu_discord.cogs.verification:Saved 5 roles to database for user eatapia1 (Discord ID: 1351292143876178012)
INFO:asu_discord.cogs.verification:Refreshed Salesforce roles for Discord user 1351292143876178012: -5/+5 roles, assigned=[Arizona Resident, First Generation Student, First Year, Herberger Institute for Design and the Arts, Tempe]
Ignoring exception in on_member_update
Traceback (most recent call last):
  File "/usr/local/lib/python3.12/site-packages/discord/client.py", line 465, in _run_event
    await coro(*args, **kwargs)
  File "/app/asu_discord/cogs/analytics.py", line 652, in on_member_update
    before_timeout = before.timed_out_until
                     ^^^^^^^^^^^^^^^^^^^^^^
AttributeError: 'Member' object has no attribute 'timed_out_until'
Ignoring exception in on_member_update
Traceback (most recent call last):
  File "/usr/local/lib/python3.12/site-packages/discord/client.py", line 465, in _run_event
    await coro(*args, **kwargs)
  File "/app/asu_discord/cogs/analytics.py", line 652, in on_member_update
    before_timeout = before.timed_out_until
                     ^^^^^^^^^^^^^^^^^^^^^^
AttributeError: 'Member' object has no attribute 'timed_out_until'
Ignoring exception in on_member_update
Traceback (most recent call last):
  File "/usr/local/lib/python3.12/site-packages/discord/client.py", line 465, in _run_event
    await coro(*args, **kwargs)
  File "/app/asu_discord/cogs/analytics.py", line 652, in on_member_update
    before_timeout = before.timed_out_until
                     ^^^^^^^^^^^^^^^^^^^^^^
AttributeError: 'Member' object has no attribute 'timed_out_until'
Ignoring exception in on_member_update
Traceback (most recent call last):
  File "/usr/local/lib/python3.12/site-packages/discord/client.py", line 465, in _run_event
    await coro(*args, **kwargs)
  File "/app/asu_discord/cogs/analytics.py", line 652, in on_member_update
    before_timeout = before.timed_out_until
                     ^^^^^^^^^^^^^^^^^^^^^^
AttributeError: 'Member' object has no attribute 'timed_out_until'
Ignoring exception in on_member_update
Traceback (most recent call last):
  File "/usr/local/lib/python3.12/site-packages/discord/client.py", line 465, in _run_event
    await coro(*args, **kwargs)
  File "/app/asu_discord/cogs/analytics.py", line 652, in on_member_update
    before_timeout = before.timed_out_until
                     ^^^^^^^^^^^^^^^^^^^^^^
AttributeError: 'Member' object has no attribute 'timed_out_until'
Ignoring exception in on_member_update
Traceback (most recent call last):
  File "/usr/local/lib/python3.12/site-packages/discord/client.py", line 465, in _run_event
    await coro(*args, **kwargs)
  File "/app/asu_discord/cogs/analytics.py", line 652, in on_member_update
    before_timeout = before.timed_out_until
                     ^^^^^^^^^^^^^^^^^^^^^^
AttributeError: 'Member' object has no attribute 'timed_out_until'
Ignoring exception in on_member_update
Traceback (most recent call last):
  File "/usr/local/lib/python3.12/site-packages/discord/client.py", line 465, in _run_event
    await coro(*args, **kwargs)
  File "/app/asu_discord/cogs/analytics.py", line 652, in on_member_update
    before_timeout = before.timed_out_until
                     ^^^^^^^^^^^^^^^^^^^^^^
AttributeError: 'Member' object has no attribute 'timed_out_until'
INFO:asu_discord.cogs.verification:Saved 4 roles to database for user nkulka29 (Discord ID: 621344335291482159)
INFO:asu_discord.cogs.verification:Refreshed Salesforce roles for Discord user 621344335291482159: -3/+4 roles, assigned=[Graduate Student, International Student, Ira A. Fulton Schools of Engineering, Tempe]
Ignoring exception in on_member_update
Traceback (most recent call last):
  File "/usr/local/lib/python3.12/site-packages/discord/client.py", line 465, in _run_event
    await coro(*args, **kwargs)
  File "/app/asu_discord/cogs/analytics.py", line 652, in on_member_update
    before_timeout = before.timed_out_until
                     ^^^^^^^^^^^^^^^^^^^^^^
AttributeError: 'Member' object has no attribute 'timed_out_until'
Ignoring exception in on_member_update
Traceback (most recent call last):
  File "/usr/local/lib/python3.12/site-packages/discord/client.py", line 465, in _run_event
    await coro(*args, **kwargs)
  File "/app/asu_discord/cogs/analytics.py", line 652, in on_member_update
    before_timeout = before.timed_out_until
                     ^^^^^^^^^^^^^^^^^^^^^^
AttributeError: 'Member' object has no attribute 'timed_out_until'
Ignoring exception in on_member_update
Traceback (most recent call last):
  File "/usr/local/lib/python3.12/site-packages/discord/client.py", line 465, in _run_event
    await coro(*args, **kwargs)
  File "/app/asu_discord/cogs/analytics.py", line 652, in on_member_update
    before_timeout = before.timed_out_until
                     ^^^^^^^^^^^^^^^^^^^^^^
AttributeError: 'Member' object has no attribute 'timed_out_until'
Ignoring exception in on_member_update
Traceback (most recent call last):
  File "/usr/local/lib/python3.12/site-packages/discord/client.py", line 465, in _run_event
    await coro(*args, **kwargs)
  File "/app/asu_discord/cogs/analytics.py", line 652, in on_member_update
    before_timeout = before.timed_out_until
                     ^^^^^^^^^^^^^^^^^^^^^^
AttributeError: 'Member' object has no attribute 'timed_out_until'
Ignoring exception in on_member_update
Traceback (most recent call last):
  File "/usr/local/lib/python3.12/site-packages/discord/client.py", line 465, in _run_event
    await coro(*args, **kwargs)
  File "/app/asu_discord/cogs/analytics.py", line 652, in on_member_update
    before_timeout = before.timed_out_until
                     ^^^^^^^^^^^^^^^^^^^^^^
AttributeError: 'Member' object has no attribute 'timed_out_until'
Ignoring exception in on_member_update
Traceback (most recent call last):
  File "/usr/local/lib/python3.12/site-packages/discord/client.py", line 465, in _run_event
    await coro(*args, **kwargs)
  File "/app/asu_discord/cogs/analytics.py", line 652, in on_member_update
    before_timeout = before.timed_out_until
                     ^^^^^^^^^^^^^^^^^^^^^^
AttributeError: 'Member' object has no attribute 'timed_out_until'
Ignoring exception in on_member_update
Traceback (most recent call last):
  File "/usr/local/lib/python3.12/site-packages/discord/client.py", line 465, in _run_event
    await coro(*args, **kwargs)
  File "/app/asu_discord/cogs/analytics.py", line 652, in on_member_update
    before_timeout = before.timed_out_until
                     ^^^^^^^^^^^^^^^^^^^^^^
AttributeError: 'Member' object has no attribute 'timed_out_until'
Ignoring exception in on_member_update
Traceback (most recent call last):
  File "/usr/local/lib/python3.12/site-packages/discord/client.py", line 465, in _run_event
    await coro(*args, **kwargs)
  File "/app/asu_discord/cogs/analytics.py", line 652, in on_member_update
    before_timeout = before.timed_out_until
                     ^^^^^^^^^^^^^^^^^^^^^^
AttributeError: 'Member' object has no attribute 'timed_out_until'
Ignoring exception in on_member_update
Traceback (most recent call last):
  File "/usr/local/lib/python3.12/site-packages/discord/client.py", line 465, in _run_event
    await coro(*args, **kwargs)
  File "/app/asu_discord/cogs/analytics.py", line 652, in on_member_update
    before_timeout = before.timed_out_until
                     ^^^^^^^^^^^^^^^^^^^^^^
AttributeError: 'Member' object has no attribute 'timed_out_until'
Ignoring exception in on_member_update
Traceback (most recent call last):
  File "/usr/local/lib/python3.12/site-packages/discord/client.py", line 465, in _run_event
    await coro(*args, **kwargs)
  File "/app/asu_discord/cogs/analytics.py", line 652, in on_member_update
    before_timeout = before.timed_out_until
                     ^^^^^^^^^^^^^^^^^^^^^^
AttributeError: 'Member' object has no attribute 'timed_out_until'
INFO:asu_discord.cogs.verification:Saved 5 roles to database for user fwang148 (Discord ID: 1509091866371424317)
INFO:asu_discord.cogs.verification:Refreshed Salesforce roles for Discord user 1509091866371424317: -5/+5 roles, assigned=[Commited, First Year, International Student, Ira A. Fulton Schools of Engineering, Tempe]
Ignoring exception in on_member_update
Traceback (most recent call last):
  File "/usr/local/lib/python3.12/site-packages/discord/client.py", line 465, in _run_event
    await coro(*args, **kwargs)
  File "/app/asu_discord/cogs/analytics.py", line 652, in on_member_update
    before_timeout = before.timed_out_until
                     ^^^^^^^^^^^^^^^^^^^^^^
AttributeError: 'Member' object has no attribute 'timed_out_until'
Ignoring exception in on_member_update
Traceback (most recent call last):
  File "/usr/local/lib/python3.12/site-packages/discord/client.py", line 465, in _run_event
    await coro(*args, **kwargs)
  File "/app/asu_discord/cogs/analytics.py", line 652, in on_member_update
    before_timeout = before.timed_out_until
                     ^^^^^^^^^^^^^^^^^^^^^^
AttributeError: 'Member' object has no attribute 'timed_out_until'
Ignoring exception in on_member_update
Traceback (most recent call last):
  File "/usr/local/lib/python3.12/site-packages/discord/client.py", line 465, in _run_event
    await coro(*args, **kwargs)
  File "/app/asu_discord/cogs/analytics.py", line 652, in on_member_update
    before_timeout = before.timed_out_until
                     ^^^^^^^^^^^^^^^^^^^^^^
AttributeError: 'Member' object has no attribute 'timed_out_until'
Ignoring exception in on_member_update
Traceback (most recent call last):
  File "/usr/local/lib/python3.12/site-packages/discord/client.py", line 465, in _run_event
    await coro(*args, **kwargs)
  File "/app/asu_discord/cogs/analytics.py", line 652, in on_member_update
    before_timeout = before.timed_out_until
                     ^^^^^^^^^^^^^^^^^^^^^^
AttributeError: 'Member' object has no attribute 'timed_out_until'
Ignoring exception in on_member_update
Traceback (most recent call last):
  File "/usr/local/lib/python3.12/site-packages/discord/client.py", line 465, in _run_event
    await coro(*args, **kwargs)
  File "/app/asu_discord/cogs/analytics.py", line 652, in on_member_update
    before_timeout = before.timed_out_until
                     ^^^^^^^^^^^^^^^^^^^^^^
AttributeError: 'Member' object has no attribute 'timed_out_until'
Ignoring exception in on_member_update
Traceback (most recent call last):
  File "/usr/local/lib/python3.12/site-packages/discord/client.py", line 465, in _run_event
    await coro(*args, **kwargs)
  File "/app/asu_discord/cogs/analytics.py", line 652, in on_member_update
    before_timeout = before.timed_out_until
                     ^^^^^^^^^^^^^^^^^^^^^^
AttributeError: 'Member' object has no attribute 'timed_out_until'
Ignoring exception in on_member_update
Traceback (most recent call last):
  File "/usr/local/lib/python3.12/site-packages/discord/client.py", line 465, in _run_event
    await coro(*args, **kwargs)
  File "/app/asu_discord/cogs/analytics.py", line 652, in on_member_update
    before_timeout = before.timed_out_until
                     ^^^^^^^^^^^^^^^^^^^^^^
AttributeError: 'Member' object has no attribute 'timed_out_until'
Ignoring exception in on_member_update
Traceback (most recent call last):
  File "/usr/local/lib/python3.12/site-packages/discord/client.py", line 465, in _run_event
    await coro(*args, **kwargs)
  File "/app/asu_discord/cogs/analytics.py", line 652, in on_member_update
    before_timeout = before.timed_out_until
                     ^^^^^^^^^^^^^^^^^^^^^^
AttributeError: 'Member' object has no attribute 'timed_out_until'
INFO:asu_discord.cogs.verification:Saved 4 roles to database for user ztashnim (Discord ID: 704600825191727194)
INFO:asu_discord.cogs.verification:Refreshed Salesforce roles for Discord user 704600825191727194: -4/+4 roles, assigned=[Downtown Phoenix, Graduate Student, Ira A. Fulton Schools of Engineering, Out of State]
Ignoring exception in on_member_update
Traceback (most recent call last):
  File "/usr/local/lib/python3.12/site-packages/discord/client.py", line 465, in _run_event
    await coro(*args, **kwargs)
  File "/app/asu_discord/cogs/analytics.py", line 652, in on_member_update
    before_timeout = before.timed_out_until
                     ^^^^^^^^^^^^^^^^^^^^^^
AttributeError: 'Member' object has no attribute 'timed_out_until'
Ignoring exception in on_member_update
Traceback (most recent call last):
  File "/usr/local/lib/python3.12/site-packages/discord/client.py", line 465, in _run_event
    await coro(*args, **kwargs)
  File "/app/asu_discord/cogs/analytics.py", line 652, in on_member_update
    before_timeout = before.timed_out_until
                     ^^^^^^^^^^^^^^^^^^^^^^
AttributeError: 'Member' object has no attribute 'timed_out_until'
Ignoring exception in on_member_update
Traceback (most recent call last):
  File "/usr/local/lib/python3.12/site-packages/discord/client.py", line 465, in _run_event
    await coro(*args, **kwargs)
  File "/app/asu_discord/cogs/analytics.py", line 652, in on_member_update
    before_timeout = before.timed_out_until
                     ^^^^^^^^^^^^^^^^^^^^^^
AttributeError: 'Member' object has no attribute 'timed_out_until'
Ignoring exception in on_member_update
Traceback (most recent call last):
  File "/usr/local/lib/python3.12/site-packages/discord/client.py", line 465, in _run_event
    await coro(*args, **kwargs)
  File "/app/asu_discord/cogs/analytics.py", line 652, in on_member_update
    before_timeout = before.timed_out_until
                     ^^^^^^^^^^^^^^^^^^^^^^
AttributeError: 'Member' object has no attribute 'timed_out_until'
Ignoring exception in on_member_update
Traceback (most recent call last):
  File "/usr/local/lib/python3.12/site-packages/discord/client.py", line 465, in _run_event
    await coro(*args, **kwargs)
  File "/app/asu_discord/cogs/analytics.py", line 652, in on_member_update
    before_timeout = before.timed_out_until
                     ^^^^^^^^^^^^^^^^^^^^^^
AttributeError: 'Member' object has no attribute 'timed_out_until'
Ignoring exception in on_member_update
Traceback (most recent call last):
  File "/usr/local/lib/python3.12/site-packages/discord/client.py", line 465, in _run_event
    await coro(*args, **kwargs)
  File "/app/asu_discord/cogs/analytics.py", line 652, in on_member_update
    before_timeout = before.timed_out_until
                     ^^^^^^^^^^^^^^^^^^^^^^
AttributeError: 'Member' object has no attribute 'timed_out_until'
Ignoring exception in on_member_update
Traceback (most recent call last):
  File "/usr/local/lib/python3.12/site-packages/discord/client.py", line 465, in _run_event
    await coro(*args, **kwargs)
  File "/app/asu_discord/cogs/analytics.py", line 652, in on_member_update
    before_timeout = before.timed_out_until
                     ^^^^^^^^^^^^^^^^^^^^^^
AttributeError: 'Member' object has no attribute 'timed_out_until'
Ignoring exception in on_member_update
Traceback (most recent call last):
  File "/usr/local/lib/python3.12/site-packages/discord/client.py", line 465, in _run_event
    await coro(*args, **kwargs)
  File "/app/asu_discord/cogs/analytics.py", line 652, in on_member_update
    before_timeout = before.timed_out_until
                     ^^^^^^^^^^^^^^^^^^^^^^
AttributeError: 'Member' object has no attribute 'timed_out_until'
Ignoring exception in on_member_update
Traceback (most recent call last):
  File "/usr/local/lib/python3.12/site-packages/discord/client.py", line 465, in _run_event
    await coro(*args, **kwargs)
  File "/app/asu_discord/cogs/analytics.py", line 652, in on_member_update
    before_timeout = before.timed_out_until
                     ^^^^^^^^^^^^^^^^^^^^^^
AttributeError: 'Member' object has no attribute 'timed_out_until'
Ignoring exception in on_member_update
Traceback (most recent call last):
  File "/usr/local/lib/python3.12/site-packages/discord/client.py", line 465, in _run_event
    await coro(*args, **kwargs)
  File "/app/asu_discord/cogs/analytics.py", line 652, in on_member_update
    before_timeout = before.timed_out_until
                     ^^^^^^^^^^^^^^^^^^^^^^
AttributeError: 'Member' object has no attribute 'timed_out_until'
INFO:asu_discord.cogs.verification:Saved 5 roles to database for user jstluce (Discord ID: 913797193557762098)
INFO:asu_discord.cogs.verification:Refreshed Salesforce roles for Discord user 913797193557762098: -5/+5 roles, assigned=[Commited, First Year, Ira A. Fulton Schools of Engineering, Out of State, Tempe]
Ignoring exception in on_member_update
Traceback (most recent call last):
  File "/usr/local/lib/python3.12/site-packages/discord/client.py", line 465, in _run_event
    await coro(*args, **kwargs)
  File "/app/asu_discord/cogs/analytics.py", line 652, in on_member_update
    before_timeout = before.timed_out_until
                     ^^^^^^^^^^^^^^^^^^^^^^
AttributeError: 'Member' object has no attribute 'timed_out_until'
Ignoring exception in on_member_update
Traceback (most recent call last):
  File "/usr/local/lib/python3.12/site-packages/discord/client.py", line 465, in _run_event
    await coro(*args, **kwargs)
  File "/app/asu_discord/cogs/analytics.py", line 652, in on_member_update
    before_timeout = before.timed_out_until
                     ^^^^^^^^^^^^^^^^^^^^^^
AttributeError: 'Member' object has no attribute 'timed_out_until'
Ignoring exception in on_member_update
Traceback (most recent call last):
  File "/usr/local/lib/python3.12/site-packages/discord/client.py", line 465, in _run_event
    await coro(*args, **kwargs)
  File "/app/asu_discord/cogs/analytics.py", line 652, in on_member_update
    before_timeout = before.timed_out_until
                     ^^^^^^^^^^^^^^^^^^^^^^
AttributeError: 'Member' object has no attribute 'timed_out_until'
Ignoring exception in on_member_update
Traceback (most recent call last):
  File "/usr/local/lib/python3.12/site-packages/discord/client.py", line 465, in _run_event
    await coro(*args, **kwargs)
  File "/app/asu_discord/cogs/analytics.py", line 652, in on_member_update
    before_timeout = before.timed_out_until
                     ^^^^^^^^^^^^^^^^^^^^^^
AttributeError: 'Member' object has no attribute 'timed_out_until'
Ignoring exception in on_member_update
Traceback (most recent call last):
  File "/usr/local/lib/python3.12/site-packages/discord/client.py", line 465, in _run_event
    await coro(*args, **kwargs)
  File "/app/asu_discord/cogs/analytics.py", line 652, in on_member_update
    before_timeout = before.timed_out_until
                     ^^^^^^^^^^^^^^^^^^^^^^
AttributeError: 'Member' object has no attribute 'timed_out_until'
Ignoring exception in on_member_update
Traceback (most recent call last):
  File "/usr/local/lib/python3.12/site-packages/discord/client.py", line 465, in _run_event
    await coro(*args, **kwargs)
  File "/app/asu_discord/cogs/analytics.py", line 652, in on_member_update
    before_timeout = before.timed_out_until
                     ^^^^^^^^^^^^^^^^^^^^^^
AttributeError: 'Member' object has no attribute 'timed_out_until'
Ignoring exception in on_member_update
Traceback (most recent call last):
  File "/usr/local/lib/python3.12/site-packages/discord/client.py", line 465, in _run_event
    await coro(*args, **kwargs)
  File "/app/asu_discord/cogs/analytics.py", line 652, in on_member_update
    before_timeout = before.timed_out_until
                     ^^^^^^^^^^^^^^^^^^^^^^
AttributeError: 'Member' object has no attribute 'timed_out_until'
Ignoring exception in on_member_update
Traceback (most recent call last):
  File "/usr/local/lib/python3.12/site-packages/discord/client.py", line 465, in _run_event
    await coro(*args, **kwargs)
  File "/app/asu_discord/cogs/analytics.py", line 652, in on_member_update
    before_timeout = before.timed_out_until
                     ^^^^^^^^^^^^^^^^^^^^^^
AttributeError: 'Member' object has no attribute 'timed_out_until'
Ignoring exception in on_member_update
Traceback (most recent call last):
  File "/usr/local/lib/python3.12/site-packages/discord/client.py", line 465, in _run_event
    await coro(*args, **kwargs)
  File "/app/asu_discord/cogs/analytics.py", line 652, in on_member_update
    before_timeout = before.timed_out_until
                     ^^^^^^^^^^^^^^^^^^^^^^
AttributeError: 'Member' object has no attribute 'timed_out_until'
Ignoring exception in on_member_update
Traceback (most recent call last):
  File "/usr/local/lib/python3.12/site-packages/discord/client.py", line 465, in _run_event
    await coro(*args, **kwargs)
  File "/app/asu_discord/cogs/analytics.py", line 652, in on_member_update
    before_timeout = before.timed_out_until
                     ^^^^^^^^^^^^^^^^^^^^^^
AttributeError: 'Member' object has no attribute 'timed_out_until'
INFO:asu_discord.cogs.verification:Saved 5 roles to database for user tdvogele (Discord ID: 1009208900408578089)
INFO:asu_discord.cogs.verification:Refreshed Salesforce roles for Discord user 1009208900408578089: -5/+5 roles, assigned=[Commited, Graduate Student, Ira A. Fulton Schools of Engineering, Out of State, Tempe]
Ignoring exception in on_member_update
Traceback (most recent call last):
  File "/usr/local/lib/python3.12/site-packages/discord/client.py", line 465, in _run_event
    await coro(*args, **kwargs)
  File "/app/asu_discord/cogs/analytics.py", line 652, in on_member_update
    before_timeout = before.timed_out_until
                     ^^^^^^^^^^^^^^^^^^^^^^
AttributeError: 'Member' object has no attribute 'timed_out_until'
Ignoring exception in on_member_update
Traceback (most recent call last):
  File "/usr/local/lib/python3.12/site-packages/discord/client.py", line 465, in _run_event
    await coro(*args, **kwargs)
  File "/app/asu_discord/cogs/analytics.py", line 652, in on_member_update
    before_timeout = before.timed_out_until
                     ^^^^^^^^^^^^^^^^^^^^^^
AttributeError: 'Member' object has no attribute 'timed_out_until'
Ignoring exception in on_member_update
Traceback (most recent call last):
  File "/usr/local/lib/python3.12/site-packages/discord/client.py", line 465, in _run_event
    await coro(*args, **kwargs)
  File "/app/asu_discord/cogs/analytics.py", line 652, in on_member_update
    before_timeout = before.timed_out_until
                     ^^^^^^^^^^^^^^^^^^^^^^
AttributeError: 'Member' object has no attribute 'timed_out_until'
Ignoring exception in on_member_update
Traceback (most recent call last):
  File "/usr/local/lib/python3.12/site-packages/discord/client.py", line 465, in _run_event
    await coro(*args, **kwargs)
  File "/app/asu_discord/cogs/analytics.py", line 652, in on_member_update
    before_timeout = before.timed_out_until
                     ^^^^^^^^^^^^^^^^^^^^^^
AttributeError: 'Member' object has no attribute 'timed_out_until'
Ignoring exception in on_member_update
Traceback (most recent call last):
  File "/usr/local/lib/python3.12/site-packages/discord/client.py", line 465, in _run_event
    await coro(*args, **kwargs)
  File "/app/asu_discord/cogs/analytics.py", line 652, in on_member_update
    before_timeout = before.timed_out_until
                     ^^^^^^^^^^^^^^^^^^^^^^
AttributeError: 'Member' object has no attribute 'timed_out_until'
Ignoring exception in on_member_update
Traceback (most recent call last):
  File "/usr/local/lib/python3.12/site-packages/discord/client.py", line 465, in _run_event
    await coro(*args, **kwargs)
  File "/app/asu_discord/cogs/analytics.py", line 652, in on_member_update
    before_timeout = before.timed_out_until
                     ^^^^^^^^^^^^^^^^^^^^^^
AttributeError: 'Member' object has no attribute 'timed_out_until'
Ignoring exception in on_member_update
Traceback (most recent call last):
  File "/usr/local/lib/python3.12/site-packages/discord/client.py", line 465, in _run_event
    await coro(*args, **kwargs)
  File "/app/asu_discord/cogs/analytics.py", line 652, in on_member_update
    before_timeout = before.timed_out_until
                     ^^^^^^^^^^^^^^^^^^^^^^
AttributeError: 'Member' object has no attribute 'timed_out_until'
Ignoring exception in on_member_update
Traceback (most recent call last):
  File "/usr/local/lib/python3.12/site-packages/discord/client.py", line 465, in _run_event
    await coro(*args, **kwargs)
  File "/app/asu_discord/cogs/analytics.py", line 652, in on_member_update
    before_timeout = before.timed_out_until
                     ^^^^^^^^^^^^^^^^^^^^^^
AttributeError: 'Member' object has no attribute 'timed_out_until'
Ignoring exception in on_member_update
Traceback (most recent call last):
  File "/usr/local/lib/python3.12/site-packages/discord/client.py", line 465, in _run_event
    await coro(*args, **kwargs)
  File "/app/asu_discord/cogs/analytics.py", line 652, in on_member_update
    before_timeout = before.timed_out_until
                     ^^^^^^^^^^^^^^^^^^^^^^
AttributeError: 'Member' object has no attribute 'timed_out_until'
Ignoring exception in on_member_update
Traceback (most recent call last):
  File "/usr/local/lib/python3.12/site-packages/discord/client.py", line 465, in _run_event
    await coro(*args, **kwargs)
  File "/app/asu_discord/cogs/analytics.py", line 652, in on_member_update
    before_timeout = before.timed_out_until
                     ^^^^^^^^^^^^^^^^^^^^^^
AttributeError: 'Member' object has no attribute 'timed_out_until'
INFO:asu_discord.cogs.verification:Saved 5 roles to database for user ivcordov (Discord ID: 692226170120568873)
INFO:asu_discord.cogs.verification:Refreshed Salesforce roles for Discord user 692226170120568873: -5/+5 roles, assigned=[Arizona Resident, Downtown Phoenix, Edson College of Nursing and Health Innovation, First Generation Student, First Year]
Ignoring exception in on_member_update
Traceback (most recent call last):
  File "/usr/local/lib/python3.12/site-packages/discord/client.py", line 465, in _run_event
    await coro(*args, **kwargs)
  File "/app/asu_discord/cogs/analytics.py", line 652, in on_member_update
    before_timeout = before.timed_out_until
                     ^^^^^^^^^^^^^^^^^^^^^^
AttributeError: 'Member' object has no attribute 'timed_out_until'
Ignoring exception in on_member_update
Traceback (most recent call last):
  File "/usr/local/lib/python3.12/site-packages/discord/client.py", line 465, in _run_event
    await coro(*args, **kwargs)
  File "/app/asu_discord/cogs/analytics.py", line 652, in on_member_update
    before_timeout = before.timed_out_until
                     ^^^^^^^^^^^^^^^^^^^^^^
AttributeError: 'Member' object has no attribute 'timed_out_until'
Ignoring exception in on_member_update
Traceback (most recent call last):
  File "/usr/local/lib/python3.12/site-packages/discord/client.py", line 465, in _run_event
    await coro(*args, **kwargs)
  File "/app/asu_discord/cogs/analytics.py", line 652, in on_member_update
    before_timeout = before.timed_out_until
                     ^^^^^^^^^^^^^^^^^^^^^^
AttributeError: 'Member' object has no attribute 'timed_out_until'
Ignoring exception in on_member_update
Traceback (most recent call last):
  File "/usr/local/lib/python3.12/site-packages/discord/client.py", line 465, in _run_event
    await coro(*args, **kwargs)
  File "/app/asu_discord/cogs/analytics.py", line 652, in on_member_update
    before_timeout = before.timed_out_until
                     ^^^^^^^^^^^^^^^^^^^^^^
AttributeError: 'Member' object has no attribute 'timed_out_until'
Ignoring exception in on_member_update
Traceback (most recent call last):
  File "/usr/local/lib/python3.12/site-packages/discord/client.py", line 465, in _run_event
    await coro(*args, **kwargs)
  File "/app/asu_discord/cogs/analytics.py", line 652, in on_member_update
    before_timeout = before.timed_out_until
                     ^^^^^^^^^^^^^^^^^^^^^^
AttributeError: 'Member' object has no attribute 'timed_out_until'
Ignoring exception in on_member_update
Traceback (most recent call last):
  File "/usr/local/lib/python3.12/site-packages/discord/client.py", line 465, in _run_event
    await coro(*args, **kwargs)
  File "/app/asu_discord/cogs/analytics.py", line 652, in on_member_update
    before_timeout = before.timed_out_until
                     ^^^^^^^^^^^^^^^^^^^^^^
AttributeError: 'Member' object has no attribute 'timed_out_until'
Ignoring exception in on_member_update
Traceback (most recent call last):
  File "/usr/local/lib/python3.12/site-packages/discord/client.py", line 465, in _run_event
    await coro(*args, **kwargs)
  File "/app/asu_discord/cogs/analytics.py", line 652, in on_member_update
    before_timeout = before.timed_out_until
                     ^^^^^^^^^^^^^^^^^^^^^^
AttributeError: 'Member' object has no attribute 'timed_out_until'
Ignoring exception in on_member_update
Traceback (most recent call last):
  File "/usr/local/lib/python3.12/site-packages/discord/client.py", line 465, in _run_event
    await coro(*args, **kwargs)
  File "/app/asu_discord/cogs/analytics.py", line 652, in on_member_update
    before_timeout = before.timed_out_until
                     ^^^^^^^^^^^^^^^^^^^^^^
AttributeError: 'Member' object has no attribute 'timed_out_until'
INFO:asu_discord.cogs.verification:Saved 4 roles to database for user achung21 (Discord ID: 1507642703561625600)
INFO:asu_discord.cogs.verification:Refreshed Salesforce roles for Discord user 1507642703561625600: -4/+4 roles, assigned=[Commited, Downtown Phoenix, First Year, Walter Cronkite School of Journalism and Mass Communication]
Ignoring exception in on_member_update
Traceback (most recent call last):
  File "/usr/local/lib/python3.12/site-packages/discord/client.py", line 465, in _run_event
    await coro(*args, **kwargs)
  File "/app/asu_discord/cogs/analytics.py", line 652, in on_member_update
    before_timeout = before.timed_out_until
                     ^^^^^^^^^^^^^^^^^^^^^^
AttributeError: 'Member' object has no attribute 'timed_out_until'
Ignoring exception in on_member_update
Traceback (most recent call last):
  File "/usr/local/lib/python3.12/site-packages/discord/client.py", line 465, in _run_event
    await coro(*args, **kwargs)
  File "/app/asu_discord/cogs/analytics.py", line 652, in on_member_update
    before_timeout = before.timed_out_until
                     ^^^^^^^^^^^^^^^^^^^^^^
AttributeError: 'Member' object has no attribute 'timed_out_until'
Ignoring exception in on_member_update
Traceback (most recent call last):
  File "/usr/local/lib/python3.12/site-packages/discord/client.py", line 465, in _run_event
    await coro(*args, **kwargs)
  File "/app/asu_discord/cogs/analytics.py", line 652, in on_member_update
    before_timeout = before.timed_out_until
                     ^^^^^^^^^^^^^^^^^^^^^^
AttributeError: 'Member' object has no attribute 'timed_out_until'
Ignoring exception in on_member_update
Traceback (most recent call last):
  File "/usr/local/lib/python3.12/site-packages/discord/client.py", line 465, in _run_event
    await coro(*args, **kwargs)
  File "/app/asu_discord/cogs/analytics.py", line 652, in on_member_update
    before_timeout = before.timed_out_until
                     ^^^^^^^^^^^^^^^^^^^^^^
AttributeError: 'Member' object has no attribute 'timed_out_until'
Ignoring exception in on_member_update
Traceback (most recent call last):
  File "/usr/local/lib/python3.12/site-packages/discord/client.py", line 465, in _run_event
    await coro(*args, **kwargs)
  File "/app/asu_discord/cogs/analytics.py", line 652, in on_member_update
    before_timeout = before.timed_out_until
                     ^^^^^^^^^^^^^^^^^^^^^^
AttributeError: 'Member' object has no attribute 'timed_out_until'
Ignoring exception in on_member_update
Traceback (most recent call last):
  File "/usr/local/lib/python3.12/site-packages/discord/client.py", line 465, in _run_event
    await coro(*args, **kwargs)
  File "/app/asu_discord/cogs/analytics.py", line 652, in on_member_update
    before_timeout = before.timed_out_until
                     ^^^^^^^^^^^^^^^^^^^^^^
AttributeError: 'Member' object has no attribute 'timed_out_until'
Ignoring exception in on_member_update
Traceback (most recent call last):
  File "/usr/local/lib/python3.12/site-packages/discord/client.py", line 465, in _run_event
    await coro(*args, **kwargs)
  File "/app/asu_discord/cogs/analytics.py", line 652, in on_member_update
    before_timeout = before.timed_out_until
                     ^^^^^^^^^^^^^^^^^^^^^^
AttributeError: 'Member' object has no attribute 'timed_out_until'
Ignoring exception in on_member_update
Traceback (most recent call last):
  File "/usr/local/lib/python3.12/site-packages/discord/client.py", line 465, in _run_event
    await coro(*args, **kwargs)
  File "/app/asu_discord/cogs/analytics.py", line 652, in on_member_update
    before_timeout = before.timed_out_until
                     ^^^^^^^^^^^^^^^^^^^^^^
AttributeError: 'Member' object has no attribute 'timed_out_until'
Ignoring exception in on_member_update
Traceback (most recent call last):
  File "/usr/local/lib/python3.12/site-packages/discord/client.py", line 465, in _run_event
    await coro(*args, **kwargs)
  File "/app/asu_discord/cogs/analytics.py", line 652, in on_member_update
    before_timeout = before.timed_out_until
                     ^^^^^^^^^^^^^^^^^^^^^^
AttributeError: 'Member' object has no attribute 'timed_out_until'
Ignoring exception in on_member_update
Traceback (most recent call last):
  File "/usr/local/lib/python3.12/site-packages/discord/client.py", line 465, in _run_event
    await coro(*args, **kwargs)
  File "/app/asu_discord/cogs/analytics.py", line 652, in on_member_update
    before_timeout = before.timed_out_until
                     ^^^^^^^^^^^^^^^^^^^^^^
AttributeError: 'Member' object has no attribute 'timed_out_until'
INFO:asu_discord.cogs.verification:Saved 5 roles to database for user gwolfsch (Discord ID: 835658996433551391)
INFO:asu_discord.cogs.verification:Refreshed Salesforce roles for Discord user 835658996433551391: -5/+5 roles, assigned=[Arizona Resident, Commited, Downtown Phoenix, Graduate Student, Walter Cronkite School of Journalism and Mass Communication]
Ignoring exception in on_member_update
Traceback (most recent call last):
  File "/usr/local/lib/python3.12/site-packages/discord/client.py", line 465, in _run_event
    await coro(*args, **kwargs)
  File "/app/asu_discord/cogs/analytics.py", line 652, in on_member_update
    before_timeout = before.timed_out_until
                     ^^^^^^^^^^^^^^^^^^^^^^
AttributeError: 'Member' object has no attribute 'timed_out_until'
Ignoring exception in on_member_update
Traceback (most recent call last):
  File "/usr/local/lib/python3.12/site-packages/discord/client.py", line 465, in _run_event
    await coro(*args, **kwargs)
  File "/app/asu_discord/cogs/analytics.py", line 652, in on_member_update
    before_timeout = before.timed_out_until
                     ^^^^^^^^^^^^^^^^^^^^^^
AttributeError: 'Member' object has no attribute 'timed_out_until'
Ignoring exception in on_member_update
Traceback (most recent call last):
  File "/usr/local/lib/python3.12/site-packages/discord/client.py", line 465, in _run_event
    await coro(*args, **kwargs)
  File "/app/asu_discord/cogs/analytics.py", line 652, in on_member_update
    before_timeout = before.timed_out_until
                     ^^^^^^^^^^^^^^^^^^^^^^
AttributeError: 'Member' object has no attribute 'timed_out_until'
Ignoring exception in on_member_update
Traceback (most recent call last):
  File "/usr/local/lib/python3.12/site-packages/discord/client.py", line 465, in _run_event
    await coro(*args, **kwargs)
  File "/app/asu_discord/cogs/analytics.py", line 652, in on_member_update
    before_timeout = before.timed_out_until
                     ^^^^^^^^^^^^^^^^^^^^^^
AttributeError: 'Member' object has no attribute 'timed_out_until'
Ignoring exception in on_member_update
Traceback (most recent call last):
  File "/usr/local/lib/python3.12/site-packages/discord/client.py", line 465, in _run_event
    await coro(*args, **kwargs)
  File "/app/asu_discord/cogs/analytics.py", line 652, in on_member_update
    before_timeout = before.timed_out_until
                     ^^^^^^^^^^^^^^^^^^^^^^
AttributeError: 'Member' object has no attribute 'timed_out_until'
Ignoring exception in on_member_update
Traceback (most recent call last):
  File "/usr/local/lib/python3.12/site-packages/discord/client.py", line 465, in _run_event
    await coro(*args, **kwargs)
  File "/app/asu_discord/cogs/analytics.py", line 652, in on_member_update
    before_timeout = before.timed_out_until
                     ^^^^^^^^^^^^^^^^^^^^^^
AttributeError: 'Member' object has no attribute 'timed_out_until'
Ignoring exception in on_member_update
Traceback (most recent call last):
  File "/usr/local/lib/python3.12/site-packages/discord/client.py", line 465, in _run_event
    await coro(*args, **kwargs)
  File "/app/asu_discord/cogs/analytics.py", line 652, in on_member_update
    before_timeout = before.timed_out_until
                     ^^^^^^^^^^^^^^^^^^^^^^
AttributeError: 'Member' object has no attribute 'timed_out_until'
Ignoring exception in on_member_update
Traceback (most recent call last):
  File "/usr/local/lib/python3.12/site-packages/discord/client.py", line 465, in _run_event
    await coro(*args, **kwargs)
  File "/app/asu_discord/cogs/analytics.py", line 652, in on_member_update
    before_timeout = before.timed_out_until
                     ^^^^^^^^^^^^^^^^^^^^^^
AttributeError: 'Member' object has no attribute 'timed_out_until'
Ignoring exception in on_member_update
Traceback (most recent call last):
  File "/usr/local/lib/python3.12/site-packages/discord/client.py", line 465, in _run_event
    await coro(*args, **kwargs)
  File "/app/asu_discord/cogs/analytics.py", line 652, in on_member_update
    before_timeout = before.timed_out_until
                     ^^^^^^^^^^^^^^^^^^^^^^
AttributeError: 'Member' object has no attribute 'timed_out_until'
Ignoring exception in on_member_update
Traceback (most recent call last):
  File "/usr/local/lib/python3.12/site-packages/discord/client.py", line 465, in _run_event
    await coro(*args, **kwargs)
  File "/app/asu_discord/cogs/analytics.py", line 652, in on_member_update
    before_timeout = before.timed_out_until
                     ^^^^^^^^^^^^^^^^^^^^^^
AttributeError: 'Member' object has no attribute 'timed_out_until'
INFO:asu_discord.cogs.verification:Saved 5 roles to database for user joshuas2 (Discord ID: 694331863119954022)
INFO:asu_discord.cogs.verification:Refreshed Salesforce roles for Discord user 694331863119954022: -5/+5 roles, assigned=[Arizona Resident, Commited, First Year, Ira A. Fulton Schools of Engineering, Tempe]
Ignoring exception in on_member_update
Traceback (most recent call last):
  File "/usr/local/lib/python3.12/site-packages/discord/client.py", line 465, in _run_event
    await coro(*args, **kwargs)
  File "/app/asu_discord/cogs/analytics.py", line 652, in on_member_update
    before_timeout = before.timed_out_until
                     ^^^^^^^^^^^^^^^^^^^^^^
AttributeError: 'Member' object has no attribute 'timed_out_until'
Ignoring exception in on_member_update
Traceback (most recent call last):
  File "/usr/local/lib/python3.12/site-packages/discord/client.py", line 465, in _run_event
    await coro(*args, **kwargs)
  File "/app/asu_discord/cogs/analytics.py", line 652, in on_member_update
    before_timeout = before.timed_out_until
                     ^^^^^^^^^^^^^^^^^^^^^^
AttributeError: 'Member' object has no attribute 'timed_out_until'
Ignoring exception in on_member_update
Traceback (most recent call last):
  File "/usr/local/lib/python3.12/site-packages/discord/client.py", line 465, in _run_event
    await coro(*args, **kwargs)
  File "/app/asu_discord/cogs/analytics.py", line 652, in on_member_update
    before_timeout = before.timed_out_until
                     ^^^^^^^^^^^^^^^^^^^^^^
AttributeError: 'Member' object has no attribute 'timed_out_until'
Ignoring exception in on_member_update
Traceback (most recent call last):
  File "/usr/local/lib/python3.12/site-packages/discord/client.py", line 465, in _run_event
    await coro(*args, **kwargs)
  File "/app/asu_discord/cogs/analytics.py", line 652, in on_member_update
    before_timeout = before.timed_out_until
                     ^^^^^^^^^^^^^^^^^^^^^^
AttributeError: 'Member' object has no attribute 'timed_out_until'
Ignoring exception in on_member_update
Traceback (most recent call last):
  File "/usr/local/lib/python3.12/site-packages/discord/client.py", line 465, in _run_event
    await coro(*args, **kwargs)
  File "/app/asu_discord/cogs/analytics.py", line 652, in on_member_update
    before_timeout = before.timed_out_until
                     ^^^^^^^^^^^^^^^^^^^^^^
AttributeError: 'Member' object has no attribute 'timed_out_until'
Ignoring exception in on_member_update
Traceback (most recent call last):
  File "/usr/local/lib/python3.12/site-packages/discord/client.py", line 465, in _run_event
    await coro(*args, **kwargs)
  File "/app/asu_discord/cogs/analytics.py", line 652, in on_member_update
    before_timeout = before.timed_out_until
                     ^^^^^^^^^^^^^^^^^^^^^^
AttributeError: 'Member' object has no attribute 'timed_out_until'
Ignoring exception in on_member_update
Traceback (most recent call last):
  File "/usr/local/lib/python3.12/site-packages/discord/client.py", line 465, in _run_event
    await coro(*args, **kwargs)
  File "/app/asu_discord/cogs/analytics.py", line 652, in on_member_update
    before_timeout = before.timed_out_until
                     ^^^^^^^^^^^^^^^^^^^^^^
AttributeError: 'Member' object has no attribute 'timed_out_until'
Ignoring exception in on_member_update
Traceback (most recent call last):
  File "/usr/local/lib/python3.12/site-packages/discord/client.py", line 465, in _run_event
    await coro(*args, **kwargs)
  File "/app/asu_discord/cogs/analytics.py", line 652, in on_member_update
    before_timeout = before.timed_out_until
                     ^^^^^^^^^^^^^^^^^^^^^^
AttributeError: 'Member' object has no attribute 'timed_out_until'
Ignoring exception in on_member_update
Traceback (most recent call last):
  File "/usr/local/lib/python3.12/site-packages/discord/client.py", line 465, in _run_event
    await coro(*args, **kwargs)
  File "/app/asu_discord/cogs/analytics.py", line 652, in on_member_update
    before_timeout = before.timed_out_until
                     ^^^^^^^^^^^^^^^^^^^^^^
AttributeError: 'Member' object has no attribute 'timed_out_until'
Ignoring exception in on_member_update
Traceback (most recent call last):
  File "/usr/local/lib/python3.12/site-packages/discord/client.py", line 465, in _run_event
    await coro(*args, **kwargs)
  File "/app/asu_discord/cogs/analytics.py", line 652, in on_member_update
    before_timeout = before.timed_out_until
                     ^^^^^^^^^^^^^^^^^^^^^^
AttributeError: 'Member' object has no attribute 'timed_out_until'
INFO:asu_discord.cogs.verification:Saved 5 roles to database for user jrevere3 (Discord ID: 830137396754251867)
INFO:asu_discord.cogs.verification:Refreshed Salesforce roles for Discord user 830137396754251867: -5/+5 roles, assigned=[Commited, First Year, Herberger Institute for Design and the Arts, Out of State, Tempe]
Ignoring exception in on_member_update
Traceback (most recent call last):
  File "/usr/local/lib/python3.12/site-packages/discord/client.py", line 465, in _run_event
    await coro(*args, **kwargs)
  File "/app/asu_discord/cogs/analytics.py", line 652, in on_member_update
    before_timeout = before.timed_out_until
                     ^^^^^^^^^^^^^^^^^^^^^^
AttributeError: 'Member' object has no attribute 'timed_out_until'
Ignoring exception in on_member_update
Traceback (most recent call last):
  File "/usr/local/lib/python3.12/site-packages/discord/client.py", line 465, in _run_event
    await coro(*args, **kwargs)
  File "/app/asu_discord/cogs/analytics.py", line 652, in on_member_update
    before_timeout = before.timed_out_until
                     ^^^^^^^^^^^^^^^^^^^^^^
AttributeError: 'Member' object has no attribute 'timed_out_until'
Ignoring exception in on_member_update
Traceback (most recent call last):
  File "/usr/local/lib/python3.12/site-packages/discord/client.py", line 465, in _run_event
    await coro(*args, **kwargs)
  File "/app/asu_discord/cogs/analytics.py", line 652, in on_member_update
    before_timeout = before.timed_out_until
                     ^^^^^^^^^^^^^^^^^^^^^^
AttributeError: 'Member' object has no attribute 'timed_out_until'
Ignoring exception in on_member_update
Traceback (most recent call last):
  File "/usr/local/lib/python3.12/site-packages/discord/client.py", line 465, in _run_event
    await coro(*args, **kwargs)
  File "/app/asu_discord/cogs/analytics.py", line 652, in on_member_update
    before_timeout = before.timed_out_until
                     ^^^^^^^^^^^^^^^^^^^^^^
AttributeError: 'Member' object has no attribute 'timed_out_until'
Ignoring exception in on_member_update
Traceback (most recent call last):
  File "/usr/local/lib/python3.12/site-packages/discord/client.py", line 465, in _run_event
    await coro(*args, **kwargs)
  File "/app/asu_discord/cogs/analytics.py", line 652, in on_member_update
    before_timeout = before.timed_out_until
                     ^^^^^^^^^^^^^^^^^^^^^^
AttributeError: 'Member' object has no attribute 'timed_out_until'
Ignoring exception in on_member_update
Traceback (most recent call last):
  File "/usr/local/lib/python3.12/site-packages/discord/client.py", line 465, in _run_event
    await coro(*args, **kwargs)
  File "/app/asu_discord/cogs/analytics.py", line 652, in on_member_update
    before_timeout = before.timed_out_until
                     ^^^^^^^^^^^^^^^^^^^^^^
AttributeError: 'Member' object has no attribute 'timed_out_until'
Ignoring exception in on_member_update
Traceback (most recent call last):
  File "/usr/local/lib/python3.12/site-packages/discord/client.py", line 465, in _run_event
    await coro(*args, **kwargs)
  File "/app/asu_discord/cogs/analytics.py", line 652, in on_member_update
    before_timeout = before.timed_out_until
                     ^^^^^^^^^^^^^^^^^^^^^^
AttributeError: 'Member' object has no attribute 'timed_out_until'
Ignoring exception in on_member_update
Traceback (most recent call last):
  File "/usr/local/lib/python3.12/site-packages/discord/client.py", line 465, in _run_event
    await coro(*args, **kwargs)
  File "/app/asu_discord/cogs/analytics.py", line 652, in on_member_update
    before_timeout = before.timed_out_until
                     ^^^^^^^^^^^^^^^^^^^^^^
AttributeError: 'Member' object has no attribute 'timed_out_until'
INFO:asu_discord.cogs.verification:Saved 4 roles to database for user wrukon (Discord ID: 1380404881302749298)
INFO:asu_discord.cogs.verification:Refreshed Salesforce roles for Discord user 1380404881302749298: -4/+4 roles, assigned=[College of Liberal Arts and Sciences, First Year, Online, Out of State]
Ignoring exception in on_member_update
Traceback (most recent call last):
  File "/usr/local/lib/python3.12/site-packages/discord/client.py", line 465, in _run_event
    await coro(*args, **kwargs)
  File "/app/asu_discord/cogs/analytics.py", line 652, in on_member_update
    before_timeout = before.timed_out_until
                     ^^^^^^^^^^^^^^^^^^^^^^
AttributeError: 'Member' object has no attribute 'timed_out_until'
Ignoring exception in on_member_update
Traceback (most recent call last):
  File "/usr/local/lib/python3.12/site-packages/discord/client.py", line 465, in _run_event
    await coro(*args, **kwargs)
  File "/app/asu_discord/cogs/analytics.py", line 652, in on_member_update
    before_timeout = before.timed_out_until
                     ^^^^^^^^^^^^^^^^^^^^^^
AttributeError: 'Member' object has no attribute 'timed_out_until'
Ignoring exception in on_member_update
Traceback (most recent call last):
  File "/usr/local/lib/python3.12/site-packages/discord/client.py", line 465, in _run_event
    await coro(*args, **kwargs)
  File "/app/asu_discord/cogs/analytics.py", line 652, in on_member_update
    before_timeout = before.timed_out_until
                     ^^^^^^^^^^^^^^^^^^^^^^
AttributeError: 'Member' object has no attribute 'timed_out_until'
Ignoring exception in on_member_update
Traceback (most recent call last):
  File "/usr/local/lib/python3.12/site-packages/discord/client.py", line 465, in _run_event
    await coro(*args, **kwargs)
  File "/app/asu_discord/cogs/analytics.py", line 652, in on_member_update
    before_timeout = before.timed_out_until
                     ^^^^^^^^^^^^^^^^^^^^^^
AttributeError: 'Member' object has no attribute 'timed_out_until'
Ignoring exception in on_member_update
Traceback (most recent call last):
  File "/usr/local/lib/python3.12/site-packages/discord/client.py", line 465, in _run_event
    await coro(*args, **kwargs)
  File "/app/asu_discord/cogs/analytics.py", line 652, in on_member_update
    before_timeout = before.timed_out_until
                     ^^^^^^^^^^^^^^^^^^^^^^
AttributeError: 'Member' object has no attribute 'timed_out_until'
Ignoring exception in on_member_update
Traceback (most recent call last):
  File "/usr/local/lib/python3.12/site-packages/discord/client.py", line 465, in _run_event
    await coro(*args, **kwargs)
  File "/app/asu_discord/cogs/analytics.py", line 652, in on_member_update
    before_timeout = before.timed_out_until
                     ^^^^^^^^^^^^^^^^^^^^^^
AttributeError: 'Member' object has no attribute 'timed_out_until'
Ignoring exception in on_member_update
Traceback (most recent call last):
  File "/usr/local/lib/python3.12/site-packages/discord/client.py", line 465, in _run_event
    await coro(*args, **kwargs)
  File "/app/asu_discord/cogs/analytics.py", line 652, in on_member_update
    before_timeout = before.timed_out_until
                     ^^^^^^^^^^^^^^^^^^^^^^
AttributeError: 'Member' object has no attribute 'timed_out_until'
Ignoring exception in on_member_update
Traceback (most recent call last):
  File "/usr/local/lib/python3.12/site-packages/discord/client.py", line 465, in _run_event
    await coro(*args, **kwargs)
  File "/app/asu_discord/cogs/analytics.py", line 652, in on_member_update
    before_timeout = before.timed_out_until
                     ^^^^^^^^^^^^^^^^^^^^^^
AttributeError: 'Member' object has no attribute 'timed_out_until'
INFO:asu_discord.cogs.verification:Saved 4 roles to database for user gfurr (Discord ID: 327914657664729111)
INFO:asu_discord.cogs.verification:Refreshed Salesforce roles for Discord user 327914657664729111: -4/+4 roles, assigned=[Arizona Resident, First Year, Ira A. Fulton Schools of Engineering, Tempe]
Ignoring exception in on_member_update
Traceback (most recent call last):
  File "/usr/local/lib/python3.12/site-packages/discord/client.py", line 465, in _run_event
    await coro(*args, **kwargs)
  File "/app/asu_discord/cogs/analytics.py", line 652, in on_member_update
    before_timeout = before.timed_out_until
                     ^^^^^^^^^^^^^^^^^^^^^^
AttributeError: 'Member' object has no attribute 'timed_out_until'
Ignoring exception in on_member_update
Traceback (most recent call last):
  File "/usr/local/lib/python3.12/site-packages/discord/client.py", line 465, in _run_event
    await coro(*args, **kwargs)
  File "/app/asu_discord/cogs/analytics.py", line 652, in on_member_update
    before_timeout = before.timed_out_until
                     ^^^^^^^^^^^^^^^^^^^^^^
AttributeError: 'Member' object has no attribute 'timed_out_until'
Ignoring exception in on_member_update
Traceback (most recent call last):
  File "/usr/local/lib/python3.12/site-packages/discord/client.py", line 465, in _run_event
    await coro(*args, **kwargs)
  File "/app/asu_discord/cogs/analytics.py", line 652, in on_member_update
    before_timeout = before.timed_out_until
                     ^^^^^^^^^^^^^^^^^^^^^^
AttributeError: 'Member' object has no attribute 'timed_out_until'
Ignoring exception in on_member_update
Traceback (most recent call last):
  File "/usr/local/lib/python3.12/site-packages/discord/client.py", line 465, in _run_event
    await coro(*args, **kwargs)
  File "/app/asu_discord/cogs/analytics.py", line 652, in on_member_update
    before_timeout = before.timed_out_until
                     ^^^^^^^^^^^^^^^^^^^^^^
AttributeError: 'Member' object has no attribute 'timed_out_until'
Ignoring exception in on_member_update
Traceback (most recent call last):
  File "/usr/local/lib/python3.12/site-packages/discord/client.py", line 465, in _run_event
    await coro(*args, **kwargs)
  File "/app/asu_discord/cogs/analytics.py", line 652, in on_member_update
    before_timeout = before.timed_out_until
                     ^^^^^^^^^^^^^^^^^^^^^^
AttributeError: 'Member' object has no attribute 'timed_out_until'
Ignoring exception in on_member_update
Traceback (most recent call last):
  File "/usr/local/lib/python3.12/site-packages/discord/client.py", line 465, in _run_event
    await coro(*args, **kwargs)
  File "/app/asu_discord/cogs/analytics.py", line 652, in on_member_update
    before_timeout = before.timed_out_until
                     ^^^^^^^^^^^^^^^^^^^^^^
AttributeError: 'Member' object has no attribute 'timed_out_until'
Ignoring exception in on_member_update
Traceback (most recent call last):
  File "/usr/local/lib/python3.12/site-packages/discord/client.py", line 465, in _run_event
    await coro(*args, **kwargs)
  File "/app/asu_discord/cogs/analytics.py", line 652, in on_member_update
    before_timeout = before.timed_out_until
                     ^^^^^^^^^^^^^^^^^^^^^^
AttributeError: 'Member' object has no attribute 'timed_out_until'
Ignoring exception in on_member_update
Traceback (most recent call last):
  File "/usr/local/lib/python3.12/site-packages/discord/client.py", line 465, in _run_event
    await coro(*args, **kwargs)
  File "/app/asu_discord/cogs/analytics.py", line 652, in on_member_update
    before_timeout = before.timed_out_until
                     ^^^^^^^^^^^^^^^^^^^^^^
AttributeError: 'Member' object has no attribute 'timed_out_until'
Ignoring exception in on_member_update
Traceback (most recent call last):
  File "/usr/local/lib/python3.12/site-packages/discord/client.py", line 465, in _run_event
    await coro(*args, **kwargs)
  File "/app/asu_discord/cogs/analytics.py", line 652, in on_member_update
    before_timeout = before.timed_out_until
                     ^^^^^^^^^^^^^^^^^^^^^^
AttributeError: 'Member' object has no attribute 'timed_out_until'
Ignoring exception in on_member_update
Traceback (most recent call last):
  File "/usr/local/lib/python3.12/site-packages/discord/client.py", line 465, in _run_event
    await coro(*args, **kwargs)
  File "/app/asu_discord/cogs/analytics.py", line 652, in on_member_update
    before_timeout = before.timed_out_until
                     ^^^^^^^^^^^^^^^^^^^^^^
AttributeError: 'Member' object has no attribute 'timed_out_until'
INFO:asu_discord.cogs.verification:Saved 5 roles to database for user skhali17 (Discord ID: 1213919240441299077)
INFO:asu_discord.cogs.verification:Refreshed Salesforce roles for Discord user 1213919240441299077: -5/+5 roles, assigned=[Arizona Resident, First Generation Student, First Year, Ira A. Fulton Schools of Engineering, Tempe]
Ignoring exception in on_member_update
Traceback (most recent call last):
  File "/usr/local/lib/python3.12/site-packages/discord/client.py", line 465, in _run_event
    await coro(*args, **kwargs)
  File "/app/asu_discord/cogs/analytics.py", line 652, in on_member_update
    before_timeout = before.timed_out_until
                     ^^^^^^^^^^^^^^^^^^^^^^
AttributeError: 'Member' object has no attribute 'timed_out_until'
Ignoring exception in on_member_update
Traceback (most recent call last):
  File "/usr/local/lib/python3.12/site-packages/discord/client.py", line 465, in _run_event
    await coro(*args, **kwargs)
  File "/app/asu_discord/cogs/analytics.py", line 652, in on_member_update
    before_timeout = before.timed_out_until
                     ^^^^^^^^^^^^^^^^^^^^^^
AttributeError: 'Member' object has no attribute 'timed_out_until'
Ignoring exception in on_member_update
Traceback (most recent call last):
  File "/usr/local/lib/python3.12/site-packages/discord/client.py", line 465, in _run_event
    await coro(*args, **kwargs)
  File "/app/asu_discord/cogs/analytics.py", line 652, in on_member_update
    before_timeout = before.timed_out_until
                     ^^^^^^^^^^^^^^^^^^^^^^
AttributeError: 'Member' object has no attribute 'timed_out_until'
Ignoring exception in on_member_update
Traceback (most recent call last):
  File "/usr/local/lib/python3.12/site-packages/discord/client.py", line 465, in _run_event
    await coro(*args, **kwargs)
  File "/app/asu_discord/cogs/analytics.py", line 652, in on_member_update
    before_timeout = before.timed_out_until
                     ^^^^^^^^^^^^^^^^^^^^^^
AttributeError: 'Member' object has no attribute 'timed_out_until'
Ignoring exception in on_member_update
Traceback (most recent call last):
  File "/usr/local/lib/python3.12/site-packages/discord/client.py", line 465, in _run_event
    await coro(*args, **kwargs)
  File "/app/asu_discord/cogs/analytics.py", line 652, in on_member_update
    before_timeout = before.timed_out_until
                     ^^^^^^^^^^^^^^^^^^^^^^
AttributeError: 'Member' object has no attribute 'timed_out_until'
Ignoring exception in on_member_update
Traceback (most recent call last):
  File "/usr/local/lib/python3.12/site-packages/discord/client.py", line 465, in _run_event
    await coro(*args, **kwargs)
  File "/app/asu_discord/cogs/analytics.py", line 652, in on_member_update
    before_timeout = before.timed_out_until
                     ^^^^^^^^^^^^^^^^^^^^^^
AttributeError: 'Member' object has no attribute 'timed_out_until'
Ignoring exception in on_member_update
Traceback (most recent call last):
  File "/usr/local/lib/python3.12/site-packages/discord/client.py", line 465, in _run_event
    await coro(*args, **kwargs)
  File "/app/asu_discord/cogs/analytics.py", line 652, in on_member_update
    before_timeout = before.timed_out_until
                     ^^^^^^^^^^^^^^^^^^^^^^
AttributeError: 'Member' object has no attribute 'timed_out_until'
Ignoring exception in on_member_update
Traceback (most recent call last):
  File "/usr/local/lib/python3.12/site-packages/discord/client.py", line 465, in _run_event
    await coro(*args, **kwargs)
  File "/app/asu_discord/cogs/analytics.py", line 652, in on_member_update
    before_timeout = before.timed_out_until
                     ^^^^^^^^^^^^^^^^^^^^^^
AttributeError: 'Member' object has no attribute 'timed_out_until'
INFO:asu_discord.cogs.verification:Saved 4 roles to database for user mmruiz13 (Discord ID: 1053538480082391090)
INFO:asu_discord.cogs.verification:Refreshed Salesforce roles for Discord user 1053538480082391090: -4/+4 roles, assigned=[Arizona Resident, College of Liberal Arts and Sciences, First Year, Tempe]
Ignoring exception in on_member_update
Traceback (most recent call last):
  File "/usr/local/lib/python3.12/site-packages/discord/client.py", line 465, in _run_event
    await coro(*args, **kwargs)
  File "/app/asu_discord/cogs/analytics.py", line 652, in on_member_update
    before_timeout = before.timed_out_until
                     ^^^^^^^^^^^^^^^^^^^^^^
AttributeError: 'Member' object has no attribute 'timed_out_until'
Ignoring exception in on_member_update
Traceback (most recent call last):
  File "/usr/local/lib/python3.12/site-packages/discord/client.py", line 465, in _run_event
    await coro(*args, **kwargs)
  File "/app/asu_discord/cogs/analytics.py", line 652, in on_member_update
    before_timeout = before.timed_out_until
                     ^^^^^^^^^^^^^^^^^^^^^^
AttributeError: 'Member' object has no attribute 'timed_out_until'
Ignoring exception in on_member_update
Traceback (most recent call last):
  File "/usr/local/lib/python3.12/site-packages/discord/client.py", line 465, in _run_event
    await coro(*args, **kwargs)
  File "/app/asu_discord/cogs/analytics.py", line 652, in on_member_update
    before_timeout = before.timed_out_until
                     ^^^^^^^^^^^^^^^^^^^^^^
AttributeError: 'Member' object has no attribute 'timed_out_until'
Ignoring exception in on_member_update
Traceback (most recent call last):
  File "/usr/local/lib/python3.12/site-packages/discord/client.py", line 465, in _run_event
    await coro(*args, **kwargs)
  File "/app/asu_discord/cogs/analytics.py", line 652, in on_member_update
    before_timeout = before.timed_out_until
                     ^^^^^^^^^^^^^^^^^^^^^^
AttributeError: 'Member' object has no attribute 'timed_out_until'
Ignoring exception in on_member_update
Traceback (most recent call last):
  File "/usr/local/lib/python3.12/site-packages/discord/client.py", line 465, in _run_event
    await coro(*args, **kwargs)
  File "/app/asu_discord/cogs/analytics.py", line 652, in on_member_update
    before_timeout = before.timed_out_until
                     ^^^^^^^^^^^^^^^^^^^^^^
AttributeError: 'Member' object has no attribute 'timed_out_until'
Ignoring exception in on_member_update
Traceback (most recent call last):
  File "/usr/local/lib/python3.12/site-packages/discord/client.py", line 465, in _run_event
    await coro(*args, **kwargs)
  File "/app/asu_discord/cogs/analytics.py", line 652, in on_member_update
    before_timeout = before.timed_out_until
                     ^^^^^^^^^^^^^^^^^^^^^^
AttributeError: 'Member' object has no attribute 'timed_out_until'
Ignoring exception in on_member_update
Traceback (most recent call last):
  File "/usr/local/lib/python3.12/site-packages/discord/client.py", line 465, in _run_event
    await coro(*args, **kwargs)
  File "/app/asu_discord/cogs/analytics.py", line 652, in on_member_update
    before_timeout = before.timed_out_until
                     ^^^^^^^^^^^^^^^^^^^^^^
AttributeError: 'Member' object has no attribute 'timed_out_until'
Ignoring exception in on_member_update
Traceback (most recent call last):
  File "/usr/local/lib/python3.12/site-packages/discord/client.py", line 465, in _run_event
    await coro(*args, **kwargs)
  File "/app/asu_discord/cogs/analytics.py", line 652, in on_member_update
    before_timeout = before.timed_out_until
                     ^^^^^^^^^^^^^^^^^^^^^^
AttributeError: 'Member' object has no attribute 'timed_out_until'
Ignoring exception in on_member_update
Traceback (most recent call last):
  File "/usr/local/lib/python3.12/site-packages/discord/client.py", line 465, in _run_event
    await coro(*args, **kwargs)
  File "/app/asu_discord/cogs/analytics.py", line 652, in on_member_update
    before_timeout = before.timed_out_until
                     ^^^^^^^^^^^^^^^^^^^^^^
AttributeError: 'Member' object has no attribute 'timed_out_until'
Ignoring exception in on_member_update
Traceback (most recent call last):
  File "/usr/local/lib/python3.12/site-packages/discord/client.py", line 465, in _run_event
    await coro(*args, **kwargs)
  File "/app/asu_discord/cogs/analytics.py", line 652, in on_member_update
    before_timeout = before.timed_out_until
                     ^^^^^^^^^^^^^^^^^^^^^^
AttributeError: 'Member' object has no attribute 'timed_out_until'
INFO:asu_discord.cogs.verification:Saved 6 roles to database for user amgaste1 (Discord ID: 1123838218027151461)
INFO:asu_discord.cogs.verification:Refreshed Salesforce roles for Discord user 1123838218027151461: -4/+6 roles, assigned=[Arizona Resident, College of Liberal Arts and Sciences, Commited, First Generation Student, First Year, Tempe]
Ignoring exception in on_member_update
Traceback (most recent call last):
  File "/usr/local/lib/python3.12/site-packages/discord/client.py", line 465, in _run_event
    await coro(*args, **kwargs)
  File "/app/asu_discord/cogs/analytics.py", line 652, in on_member_update
    before_timeout = before.timed_out_until
                     ^^^^^^^^^^^^^^^^^^^^^^
AttributeError: 'Member' object has no attribute 'timed_out_until'
Ignoring exception in on_member_update
Traceback (most recent call last):
  File "/usr/local/lib/python3.12/site-packages/discord/client.py", line 465, in _run_event
    await coro(*args, **kwargs)
  File "/app/asu_discord/cogs/analytics.py", line 652, in on_member_update
    before_timeout = before.timed_out_until
                     ^^^^^^^^^^^^^^^^^^^^^^
AttributeError: 'Member' object has no attribute 'timed_out_until'
Ignoring exception in on_member_update
Traceback (most recent call last):
  File "/usr/local/lib/python3.12/site-packages/discord/client.py", line 465, in _run_event
    await coro(*args, **kwargs)
  File "/app/asu_discord/cogs/analytics.py", line 652, in on_member_update
    before_timeout = before.timed_out_until
                     ^^^^^^^^^^^^^^^^^^^^^^
AttributeError: 'Member' object has no attribute 'timed_out_until'
Ignoring exception in on_member_update
Traceback (most recent call last):
  File "/usr/local/lib/python3.12/site-packages/discord/client.py", line 465, in _run_event
    await coro(*args, **kwargs)
  File "/app/asu_discord/cogs/analytics.py", line 652, in on_member_update
    before_timeout = before.timed_out_until
                     ^^^^^^^^^^^^^^^^^^^^^^
AttributeError: 'Member' object has no attribute 'timed_out_until'
Ignoring exception in on_member_update
Traceback (most recent call last):
  File "/usr/local/lib/python3.12/site-packages/discord/client.py", line 465, in _run_event
    await coro(*args, **kwargs)
  File "/app/asu_discord/cogs/analytics.py", line 652, in on_member_update
    before_timeout = before.timed_out_until
                     ^^^^^^^^^^^^^^^^^^^^^^
AttributeError: 'Member' object has no attribute 'timed_out_until'
Ignoring exception in on_member_update
Traceback (most recent call last):
  File "/usr/local/lib/python3.12/site-packages/discord/client.py", line 465, in _run_event
    await coro(*args, **kwargs)
  File "/app/asu_discord/cogs/analytics.py", line 652, in on_member_update
    before_timeout = before.timed_out_until
                     ^^^^^^^^^^^^^^^^^^^^^^
AttributeError: 'Member' object has no attribute 'timed_out_until'
Ignoring exception in on_member_update
Traceback (most recent call last):
  File "/usr/local/lib/python3.12/site-packages/discord/client.py", line 465, in _run_event
    await coro(*args, **kwargs)
  File "/app/asu_discord/cogs/analytics.py", line 652, in on_member_update
    before_timeout = before.timed_out_until
                     ^^^^^^^^^^^^^^^^^^^^^^
AttributeError: 'Member' object has no attribute 'timed_out_until'
Ignoring exception in on_member_update
Traceback (most recent call last):
  File "/usr/local/lib/python3.12/site-packages/discord/client.py", line 465, in _run_event
    await coro(*args, **kwargs)
  File "/app/asu_discord/cogs/analytics.py", line 652, in on_member_update
    before_timeout = before.timed_out_until
                     ^^^^^^^^^^^^^^^^^^^^^^
AttributeError: 'Member' object has no attribute 'timed_out_until'
Ignoring exception in on_member_update
Traceback (most recent call last):
  File "/usr/local/lib/python3.12/site-packages/discord/client.py", line 465, in _run_event
    await coro(*args, **kwargs)
  File "/app/asu_discord/cogs/analytics.py", line 652, in on_member_update
    before_timeout = before.timed_out_until
                     ^^^^^^^^^^^^^^^^^^^^^^
AttributeError: 'Member' object has no attribute 'timed_out_until'
Ignoring exception in on_member_update
Traceback (most recent call last):
  File "/usr/local/lib/python3.12/site-packages/discord/client.py", line 465, in _run_event
    await coro(*args, **kwargs)
  File "/app/asu_discord/cogs/analytics.py", line 652, in on_member_update
    before_timeout = before.timed_out_until
                     ^^^^^^^^^^^^^^^^^^^^^^
AttributeError: 'Member' object has no attribute 'timed_out_until'
Ignoring exception in on_member_update
Traceback (most recent call last):
  File "/usr/local/lib/python3.12/site-packages/discord/client.py", line 465, in _run_event
    await coro(*args, **kwargs)
  File "/app/asu_discord/cogs/analytics.py", line 652, in on_member_update
    before_timeout = before.timed_out_until
                     ^^^^^^^^^^^^^^^^^^^^^^
AttributeError: 'Member' object has no attribute 'timed_out_until'
INFO:asu_discord.cogs.verification:Saved 6 roles to database for user foseguer (Discord ID: 654831073074741259)
INFO:asu_discord.cogs.verification:Refreshed Salesforce roles for Discord user 654831073074741259: -5/+6 roles, assigned=[Arizona Resident, Commited, First Generation Student, First Year, New College of Interdisciplinary Arts and Sciences, West Valley]
Ignoring exception in on_member_update
Traceback (most recent call last):
  File "/usr/local/lib/python3.12/site-packages/discord/client.py", line 465, in _run_event
    await coro(*args, **kwargs)
  File "/app/asu_discord/cogs/analytics.py", line 652, in on_member_update
    before_timeout = before.timed_out_until
                     ^^^^^^^^^^^^^^^^^^^^^^
AttributeError: 'Member' object has no attribute 'timed_out_until'
Ignoring exception in on_member_update
Traceback (most recent call last):
  File "/usr/local/lib/python3.12/site-packages/discord/client.py", line 465, in _run_event
    await coro(*args, **kwargs)
  File "/app/asu_discord/cogs/analytics.py", line 652, in on_member_update
    before_timeout = before.timed_out_until
                     ^^^^^^^^^^^^^^^^^^^^^^
AttributeError: 'Member' object has no attribute 'timed_out_until'
Ignoring exception in on_member_update
Traceback (most recent call last):
  File "/usr/local/lib/python3.12/site-packages/discord/client.py", line 465, in _run_event
    await coro(*args, **kwargs)
  File "/app/asu_discord/cogs/analytics.py", line 652, in on_member_update
    before_timeout = before.timed_out_until
                     ^^^^^^^^^^^^^^^^^^^^^^
AttributeError: 'Member' object has no attribute 'timed_out_until'
Ignoring exception in on_member_update
Traceback (most recent call last):
  File "/usr/local/lib/python3.12/site-packages/discord/client.py", line 465, in _run_event
    await coro(*args, **kwargs)
  File "/app/asu_discord/cogs/analytics.py", line 652, in on_member_update
    before_timeout = before.timed_out_until
                     ^^^^^^^^^^^^^^^^^^^^^^
AttributeError: 'Member' object has no attribute 'timed_out_until'
Ignoring exception in on_member_update
Traceback (most recent call last):
  File "/usr/local/lib/python3.12/site-packages/discord/client.py", line 465, in _run_event
    await coro(*args, **kwargs)
  File "/app/asu_discord/cogs/analytics.py", line 652, in on_member_update
    before_timeout = before.timed_out_until
                     ^^^^^^^^^^^^^^^^^^^^^^
AttributeError: 'Member' object has no attribute 'timed_out_until'
Ignoring exception in on_member_update
Traceback (most recent call last):
  File "/usr/local/lib/python3.12/site-packages/discord/client.py", line 465, in _run_event
    await coro(*args, **kwargs)
  File "/app/asu_discord/cogs/analytics.py", line 652, in on_member_update
    before_timeout = before.timed_out_until
                     ^^^^^^^^^^^^^^^^^^^^^^
AttributeError: 'Member' object has no attribute 'timed_out_until'
Ignoring exception in on_member_update
Traceback (most recent call last):
  File "/usr/local/lib/python3.12/site-packages/discord/client.py", line 465, in _run_event
    await coro(*args, **kwargs)
  File "/app/asu_discord/cogs/analytics.py", line 652, in on_member_update
    before_timeout = before.timed_out_until
                     ^^^^^^^^^^^^^^^^^^^^^^
AttributeError: 'Member' object has no attribute 'timed_out_until'
Ignoring exception in on_member_update
Traceback (most recent call last):
  File "/usr/local/lib/python3.12/site-packages/discord/client.py", line 465, in _run_event
    await coro(*args, **kwargs)
  File "/app/asu_discord/cogs/analytics.py", line 652, in on_member_update
    before_timeout = before.timed_out_until
                     ^^^^^^^^^^^^^^^^^^^^^^
AttributeError: 'Member' object has no attribute 'timed_out_until'
Ignoring exception in on_member_update
Traceback (most recent call last):
  File "/usr/local/lib/python3.12/site-packages/discord/client.py", line 465, in _run_event
    await coro(*args, **kwargs)
  File "/app/asu_discord/cogs/analytics.py", line 652, in on_member_update
    before_timeout = before.timed_out_until
                     ^^^^^^^^^^^^^^^^^^^^^^
AttributeError: 'Member' object has no attribute 'timed_out_until'
Ignoring exception in on_member_update
Traceback (most recent call last):
  File "/usr/local/lib/python3.12/site-packages/discord/client.py", line 465, in _run_event
    await coro(*args, **kwargs)
  File "/app/asu_discord/cogs/analytics.py", line 652, in on_member_update
    before_timeout = before.timed_out_until
                     ^^^^^^^^^^^^^^^^^^^^^^
AttributeError: 'Member' object has no attribute 'timed_out_until'
INFO:asu_discord.cogs.verification:Saved 5 roles to database for user ncjohn19 (Discord ID: 1509394271919145091)
INFO:asu_discord.cogs.verification:Refreshed Salesforce roles for Discord user 1509394271919145091: -5/+5 roles, assigned=[Arizona Resident, Commited, First Year, New College of Interdisciplinary Arts and Sciences, West Valley]
Ignoring exception in on_member_update
Traceback (most recent call last):
  File "/usr/local/lib/python3.12/site-packages/discord/client.py", line 465, in _run_event
    await coro(*args, **kwargs)
  File "/app/asu_discord/cogs/analytics.py", line 652, in on_member_update
    before_timeout = before.timed_out_until
                     ^^^^^^^^^^^^^^^^^^^^^^
AttributeError: 'Member' object has no attribute 'timed_out_until'
Ignoring exception in on_member_update
Traceback (most recent call last):
  File "/usr/local/lib/python3.12/site-packages/discord/client.py", line 465, in _run_event
    await coro(*args, **kwargs)
  File "/app/asu_discord/cogs/analytics.py", line 652, in on_member_update
    before_timeout = before.timed_out_until
                     ^^^^^^^^^^^^^^^^^^^^^^
AttributeError: 'Member' object has no attribute 'timed_out_until'
Ignoring exception in on_member_update
Traceback (most recent call last):
  File "/usr/local/lib/python3.12/site-packages/discord/client.py", line 465, in _run_event
    await coro(*args, **kwargs)
  File "/app/asu_discord/cogs/analytics.py", line 652, in on_member_update
    before_timeout = before.timed_out_until
                     ^^^^^^^^^^^^^^^^^^^^^^
AttributeError: 'Member' object has no attribute 'timed_out_until'
Ignoring exception in on_member_update
Traceback (most recent call last):
  File "/usr/local/lib/python3.12/site-packages/discord/client.py", line 465, in _run_event
    await coro(*args, **kwargs)
  File "/app/asu_discord/cogs/analytics.py", line 652, in on_member_update
    before_timeout = before.timed_out_until
                     ^^^^^^^^^^^^^^^^^^^^^^
AttributeError: 'Member' object has no attribute 'timed_out_until'
Ignoring exception in on_member_update
Traceback (most recent call last):
  File "/usr/local/lib/python3.12/site-packages/discord/client.py", line 465, in _run_event
    await coro(*args, **kwargs)
  File "/app/asu_discord/cogs/analytics.py", line 652, in on_member_update
    before_timeout = before.timed_out_until
                     ^^^^^^^^^^^^^^^^^^^^^^
AttributeError: 'Member' object has no attribute 'timed_out_until'
Ignoring exception in on_member_update
Traceback (most recent call last):
  File "/usr/local/lib/python3.12/site-packages/discord/client.py", line 465, in _run_event
    await coro(*args, **kwargs)
  File "/app/asu_discord/cogs/analytics.py", line 652, in on_member_update
    before_timeout = before.timed_out_until
                     ^^^^^^^^^^^^^^^^^^^^^^
AttributeError: 'Member' object has no attribute 'timed_out_until'
Ignoring exception in on_member_update
Traceback (most recent call last):
  File "/usr/local/lib/python3.12/site-packages/discord/client.py", line 465, in _run_event
    await coro(*args, **kwargs)
  File "/app/asu_discord/cogs/analytics.py", line 652, in on_member_update
    before_timeout = before.timed_out_until
                     ^^^^^^^^^^^^^^^^^^^^^^
AttributeError: 'Member' object has no attribute 'timed_out_until'
Ignoring exception in on_member_update
Traceback (most recent call last):
  File "/usr/local/lib/python3.12/site-packages/discord/client.py", line 465, in _run_event
    await coro(*args, **kwargs)
  File "/app/asu_discord/cogs/analytics.py", line 652, in on_member_update
    before_timeout = before.timed_out_until
                     ^^^^^^^^^^^^^^^^^^^^^^
AttributeError: 'Member' object has no attribute 'timed_out_until'
Ignoring exception in on_member_update
Traceback (most recent call last):
  File "/usr/local/lib/python3.12/site-packages/discord/client.py", line 465, in _run_event
    await coro(*args, **kwargs)
  File "/app/asu_discord/cogs/analytics.py", line 652, in on_member_update
    before_timeout = before.timed_out_until
                     ^^^^^^^^^^^^^^^^^^^^^^
AttributeError: 'Member' object has no attribute 'timed_out_until'
Ignoring exception in on_member_update
Traceback (most recent call last):
  File "/usr/local/lib/python3.12/site-packages/discord/client.py", line 465, in _run_event
    await coro(*args, **kwargs)
  File "/app/asu_discord/cogs/analytics.py", line 652, in on_member_update
    before_timeout = before.timed_out_until
                     ^^^^^^^^^^^^^^^^^^^^^^
AttributeError: 'Member' object has no attribute 'timed_out_until'
INFO:asu_discord.cogs.verification:Saved 5 roles to database for user wjwade (Discord ID: 943762138864947220)
INFO:asu_discord.cogs.verification:Refreshed Salesforce roles for Discord user 943762138864947220: -5/+5 roles, assigned=[College of Liberal Arts and Sciences, Commited, First Year, Out of State, Tempe]
Ignoring exception in on_member_update
Traceback (most recent call last):
  File "/usr/local/lib/python3.12/site-packages/discord/client.py", line 465, in _run_event
    await coro(*args, **kwargs)
  File "/app/asu_discord/cogs/analytics.py", line 652, in on_member_update
    before_timeout = before.timed_out_until
                     ^^^^^^^^^^^^^^^^^^^^^^
AttributeError: 'Member' object has no attribute 'timed_out_until'
Ignoring exception in on_member_update
Traceback (most recent call last):
  File "/usr/local/lib/python3.12/site-packages/discord/client.py", line 465, in _run_event
    await coro(*args, **kwargs)
  File "/app/asu_discord/cogs/analytics.py", line 652, in on_member_update
    before_timeout = before.timed_out_until
                     ^^^^^^^^^^^^^^^^^^^^^^
AttributeError: 'Member' object has no attribute 'timed_out_until'
Ignoring exception in on_member_update
Traceback (most recent call last):
  File "/usr/local/lib/python3.12/site-packages/discord/client.py", line 465, in _run_event
    await coro(*args, **kwargs)
  File "/app/asu_discord/cogs/analytics.py", line 652, in on_member_update
    before_timeout = before.timed_out_until
                     ^^^^^^^^^^^^^^^^^^^^^^
AttributeError: 'Member' object has no attribute 'timed_out_until'
Ignoring exception in on_member_update
Traceback (most recent call last):
  File "/usr/local/lib/python3.12/site-packages/discord/client.py", line 465, in _run_event
    await coro(*args, **kwargs)
  File "/app/asu_discord/cogs/analytics.py", line 652, in on_member_update
    before_timeout = before.timed_out_until
                     ^^^^^^^^^^^^^^^^^^^^^^
AttributeError: 'Member' object has no attribute 'timed_out_until'
Ignoring exception in on_member_update
Traceback (most recent call last):
  File "/usr/local/lib/python3.12/site-packages/discord/client.py", line 465, in _run_event
    await coro(*args, **kwargs)
  File "/app/asu_discord/cogs/analytics.py", line 652, in on_member_update
    before_timeout = before.timed_out_until
                     ^^^^^^^^^^^^^^^^^^^^^^
AttributeError: 'Member' object has no attribute 'timed_out_until'
Ignoring exception in on_member_update
Traceback (most recent call last):
  File "/usr/local/lib/python3.12/site-packages/discord/client.py", line 465, in _run_event
    await coro(*args, **kwargs)
  File "/app/asu_discord/cogs/analytics.py", line 652, in on_member_update
    before_timeout = before.timed_out_until
                     ^^^^^^^^^^^^^^^^^^^^^^
AttributeError: 'Member' object has no attribute 'timed_out_until'
Ignoring exception in on_member_update
Traceback (most recent call last):
  File "/usr/local/lib/python3.12/site-packages/discord/client.py", line 465, in _run_event
    await coro(*args, **kwargs)
  File "/app/asu_discord/cogs/analytics.py", line 652, in on_member_update
    before_timeout = before.timed_out_until
                     ^^^^^^^^^^^^^^^^^^^^^^
AttributeError: 'Member' object has no attribute 'timed_out_until'
Ignoring exception in on_member_update
Traceback (most recent call last):
  File "/usr/local/lib/python3.12/site-packages/discord/client.py", line 465, in _run_event
    await coro(*args, **kwargs)
  File "/app/asu_discord/cogs/analytics.py", line 652, in on_member_update
    before_timeout = before.timed_out_until
                     ^^^^^^^^^^^^^^^^^^^^^^
AttributeError: 'Member' object has no attribute 'timed_out_until'
Ignoring exception in on_member_update
Traceback (most recent call last):
  File "/usr/local/lib/python3.12/site-packages/discord/client.py", line 465, in _run_event
    await coro(*args, **kwargs)
  File "/app/asu_discord/cogs/analytics.py", line 652, in on_member_update
    before_timeout = before.timed_out_until
                     ^^^^^^^^^^^^^^^^^^^^^^
AttributeError: 'Member' object has no attribute 'timed_out_until'
Ignoring exception in on_member_update
Traceback (most recent call last):
  File "/usr/local/lib/python3.12/site-packages/discord/client.py", line 465, in _run_event
    await coro(*args, **kwargs)
  File "/app/asu_discord/cogs/analytics.py", line 652, in on_member_update
    before_timeout = before.timed_out_until
                     ^^^^^^^^^^^^^^^^^^^^^^
AttributeError: 'Member' object has no attribute 'timed_out_until'
Ignoring exception in on_member_update
Traceback (most recent call last):
  File "/usr/local/lib/python3.12/site-packages/discord/client.py", line 465, in _run_event
    await coro(*args, **kwargs)
  File "/app/asu_discord/cogs/analytics.py", line 652, in on_member_update
    before_timeout = before.timed_out_until
                     ^^^^^^^^^^^^^^^^^^^^^^
AttributeError: 'Member' object has no attribute 'timed_out_until'
Ignoring exception in on_member_update
Traceback (most recent call last):
  File "/usr/local/lib/python3.12/site-packages/discord/client.py", line 465, in _run_event
    await coro(*args, **kwargs)
  File "/app/asu_discord/cogs/analytics.py", line 652, in on_member_update
    before_timeout = before.timed_out_until
                     ^^^^^^^^^^^^^^^^^^^^^^
AttributeError: 'Member' object has no attribute 'timed_out_until'
Ignoring exception in on_member_update
Traceback (most recent call last):
  File "/usr/local/lib/python3.12/site-packages/discord/client.py", line 465, in _run_event
    await coro(*args, **kwargs)
  File "/app/asu_discord/cogs/analytics.py", line 652, in on_member_update
    before_timeout = before.timed_out_until
                     ^^^^^^^^^^^^^^^^^^^^^^
AttributeError: 'Member' object has no attribute 'timed_out_until'
Ignoring exception in on_member_update
Traceback (most recent call last):
  File "/usr/local/lib/python3.12/site-packages/discord/client.py", line 465, in _run_event
    await coro(*args, **kwargs)
  File "/app/asu_discord/cogs/analytics.py", line 652, in on_member_update
    before_timeout = before.timed_out_until
                     ^^^^^^^^^^^^^^^^^^^^^^
AttributeError: 'Member' object has no attribute 'timed_out_until'
INFO:asu_discord.cogs.verification:Saved 7 roles to database for user ajmclau2 (Discord ID: 571494297195642881)
INFO:asu_discord.cogs.verification:Refreshed Salesforce roles for Discord user 571494297195642881: -7/+7 roles, assigned=[Arizona Resident, College of Liberal Arts and Sciences, Commited, First Generation Student, Herberger Institute for Design and the Arts, Tempe, Transfer Student]
Ignoring exception in on_member_update
Traceback (most recent call last):
  File "/usr/local/lib/python3.12/site-packages/discord/client.py", line 465, in _run_event
    await coro(*args, **kwargs)
  File "/app/asu_discord/cogs/analytics.py", line 652, in on_member_update
    before_timeout = before.timed_out_until
                     ^^^^^^^^^^^^^^^^^^^^^^
AttributeError: 'Member' object has no attribute 'timed_out_until'
Ignoring exception in on_member_update
Traceback (most recent call last):
  File "/usr/local/lib/python3.12/site-packages/discord/client.py", line 465, in _run_event
    await coro(*args, **kwargs)
  File "/app/asu_discord/cogs/analytics.py", line 652, in on_member_update
    before_timeout = before.timed_out_until
                     ^^^^^^^^^^^^^^^^^^^^^^
AttributeError: 'Member' object has no attribute 'timed_out_until'
Ignoring exception in on_member_update
Traceback (most recent call last):
  File "/usr/local/lib/python3.12/site-packages/discord/client.py", line 465, in _run_event
    await coro(*args, **kwargs)
  File "/app/asu_discord/cogs/analytics.py", line 652, in on_member_update
    before_timeout = before.timed_out_until
                     ^^^^^^^^^^^^^^^^^^^^^^
AttributeError: 'Member' object has no attribute 'timed_out_until'
Ignoring exception in on_member_update
Traceback (most recent call last):
  File "/usr/local/lib/python3.12/site-packages/discord/client.py", line 465, in _run_event
    await coro(*args, **kwargs)
  File "/app/asu_discord/cogs/analytics.py", line 652, in on_member_update
    before_timeout = before.timed_out_until
                     ^^^^^^^^^^^^^^^^^^^^^^
AttributeError: 'Member' object has no attribute 'timed_out_until'
Ignoring exception in on_member_update
Traceback (most recent call last):
  File "/usr/local/lib/python3.12/site-packages/discord/client.py", line 465, in _run_event
    await coro(*args, **kwargs)
  File "/app/asu_discord/cogs/analytics.py", line 652, in on_member_update
    before_timeout = before.timed_out_until
                     ^^^^^^^^^^^^^^^^^^^^^^
AttributeError: 'Member' object has no attribute 'timed_out_until'
Ignoring exception in on_member_update
Traceback (most recent call last):
  File "/usr/local/lib/python3.12/site-packages/discord/client.py", line 465, in _run_event
    await coro(*args, **kwargs)
  File "/app/asu_discord/cogs/analytics.py", line 652, in on_member_update
    before_timeout = before.timed_out_until
                     ^^^^^^^^^^^^^^^^^^^^^^
AttributeError: 'Member' object has no attribute 'timed_out_until'
Ignoring exception in on_member_update
Traceback (most recent call last):
  File "/usr/local/lib/python3.12/site-packages/discord/client.py", line 465, in _run_event
    await coro(*args, **kwargs)
  File "/app/asu_discord/cogs/analytics.py", line 652, in on_member_update
    before_timeout = before.timed_out_until
                     ^^^^^^^^^^^^^^^^^^^^^^
AttributeError: 'Member' object has no attribute 'timed_out_until'
Ignoring exception in on_member_update
Traceback (most recent call last):
  File "/usr/local/lib/python3.12/site-packages/discord/client.py", line 465, in _run_event
    await coro(*args, **kwargs)
  File "/app/asu_discord/cogs/analytics.py", line 652, in on_member_update
    before_timeout = before.timed_out_until
                     ^^^^^^^^^^^^^^^^^^^^^^
AttributeError: 'Member' object has no attribute 'timed_out_until'
Ignoring exception in on_member_update
Traceback (most recent call last):
  File "/usr/local/lib/python3.12/site-packages/discord/client.py", line 465, in _run_event
    await coro(*args, **kwargs)
  File "/app/asu_discord/cogs/analytics.py", line 652, in on_member_update
    before_timeout = before.timed_out_until
                     ^^^^^^^^^^^^^^^^^^^^^^
AttributeError: 'Member' object has no attribute 'timed_out_until'
Ignoring exception in on_member_update
Traceback (most recent call last):
  File "/usr/local/lib/python3.12/site-packages/discord/client.py", line 465, in _run_event
    await coro(*args, **kwargs)
  File "/app/asu_discord/cogs/analytics.py", line 652, in on_member_update
    before_timeout = before.timed_out_until
                     ^^^^^^^^^^^^^^^^^^^^^^
AttributeError: 'Member' object has no attribute 'timed_out_until'
Ignoring exception in on_member_update
Traceback (most recent call last):
  File "/usr/local/lib/python3.12/site-packages/discord/client.py", line 465, in _run_event
    await coro(*args, **kwargs)
  File "/app/asu_discord/cogs/analytics.py", line 652, in on_member_update
    before_timeout = before.timed_out_until
                     ^^^^^^^^^^^^^^^^^^^^^^
AttributeError: 'Member' object has no attribute 'timed_out_until'
ERROR:cron.jobs:refresh_salesforce_roles: failed for cabernet (Discord ID 614360982617063424): Timed out refresh Salesforce-based roles
Ignoring exception in on_member_update
Traceback (most recent call last):
  File "/usr/local/lib/python3.12/site-packages/discord/client.py", line 465, in _run_event
    await coro(*args, **kwargs)
  File "/app/asu_discord/cogs/analytics.py", line 652, in on_member_update
    before_timeout = before.timed_out_until
                     ^^^^^^^^^^^^^^^^^^^^^^
AttributeError: 'Member' object has no attribute 'timed_out_until'
Ignoring exception in on_member_update
Traceback (most recent call last):
  File "/usr/local/lib/python3.12/site-packages/discord/client.py", line 465, in _run_event
    await coro(*args, **kwargs)
  File "/app/asu_discord/cogs/analytics.py", line 652, in on_member_update
    before_timeout = before.timed_out_until
                     ^^^^^^^^^^^^^^^^^^^^^^
AttributeError: 'Member' object has no attribute 'timed_out_until'
Ignoring exception in on_member_update
Traceback (most recent call last):
  File "/usr/local/lib/python3.12/site-packages/discord/client.py", line 465, in _run_event
    await coro(*args, **kwargs)
  File "/app/asu_discord/cogs/analytics.py", line 652, in on_member_update
    before_timeout = before.timed_out_until
                     ^^^^^^^^^^^^^^^^^^^^^^
AttributeError: 'Member' object has no attribute 'timed_out_until'
Ignoring exception in on_member_update
Traceback (most recent call last):
  File "/usr/local/lib/python3.12/site-packages/discord/client.py", line 465, in _run_event
    await coro(*args, **kwargs)
  File "/app/asu_discord/cogs/analytics.py", line 652, in on_member_update
    before_timeout = before.timed_out_until
                     ^^^^^^^^^^^^^^^^^^^^^^
AttributeError: 'Member' object has no attribute 'timed_out_until'
Ignoring exception in on_member_update
Traceback (most recent call last):
  File "/usr/local/lib/python3.12/site-packages/discord/client.py", line 465, in _run_event
    await coro(*args, **kwargs)
  File "/app/asu_discord/cogs/analytics.py", line 652, in on_member_update
    before_timeout = before.timed_out_until
                     ^^^^^^^^^^^^^^^^^^^^^^
AttributeError: 'Member' object has no attribute 'timed_out_until'
Ignoring exception in on_member_update
Traceback (most recent call last):
  File "/usr/local/lib/python3.12/site-packages/discord/client.py", line 465, in _run_event
    await coro(*args, **kwargs)
  File "/app/asu_discord/cogs/analytics.py", line 652, in on_member_update
    before_timeout = before.timed_out_until
                     ^^^^^^^^^^^^^^^^^^^^^^
AttributeError: 'Member' object has no attribute 'timed_out_until'
Ignoring exception in on_member_update
Traceback (most recent call last):
  File "/usr/local/lib/python3.12/site-packages/discord/client.py", line 465, in _run_event
    await coro(*args, **kwargs)
  File "/app/asu_discord/cogs/analytics.py", line 652, in on_member_update
    before_timeout = before.timed_out_until
                     ^^^^^^^^^^^^^^^^^^^^^^
AttributeError: 'Member' object has no attribute 'timed_out_until'
Ignoring exception in on_member_update
Traceback (most recent call last):
  File "/usr/local/lib/python3.12/site-packages/discord/client.py", line 465, in _run_event
    await coro(*args, **kwargs)
  File "/app/asu_discord/cogs/analytics.py", line 652, in on_member_update
    before_timeout = before.timed_out_until
                     ^^^^^^^^^^^^^^^^^^^^^^
AttributeError: 'Member' object has no attribute 'timed_out_until'
Ignoring exception in on_member_update
Traceback (most recent call last):
  File "/usr/local/lib/python3.12/site-packages/discord/client.py", line 465, in _run_event
    await coro(*args, **kwargs)
  File "/app/asu_discord/cogs/analytics.py", line 652, in on_member_update
    before_timeout = before.timed_out_until
                     ^^^^^^^^^^^^^^^^^^^^^^
AttributeError: 'Member' object has no attribute 'timed_out_until'
Ignoring exception in on_member_update
Traceback (most recent call last):
  File "/usr/local/lib/python3.12/site-packages/discord/client.py", line 465, in _run_event
    await coro(*args, **kwargs)
  File "/app/asu_discord/cogs/analytics.py", line 652, in on_member_update
    before_timeout = before.timed_out_until
                     ^^^^^^^^^^^^^^^^^^^^^^
AttributeError: 'Member' object has no attribute 'timed_out_until'
INFO:asu_discord.cogs.verification:Saved 5 roles to database for user lwildy (Discord ID: 591098485684830208)
INFO:asu_discord.cogs.verification:Refreshed Salesforce roles for Discord user 591098485684830208: -5/+5 roles, assigned=[Arizona Resident, College of Liberal Arts and Sciences, Commited, First Year, Tempe]
Ignoring exception in on_member_update
Traceback (most recent call last):
  File "/usr/local/lib/python3.12/site-packages/discord/client.py", line 465, in _run_event
    await coro(*args, **kwargs)
  File "/app/asu_discord/cogs/analytics.py", line 652, in on_member_update
    before_timeout = before.timed_out_until
                     ^^^^^^^^^^^^^^^^^^^^^^
AttributeError: 'Member' object has no attribute 'timed_out_until'
Ignoring exception in on_member_update
Traceback (most recent call last):
  File "/usr/local/lib/python3.12/site-packages/discord/client.py", line 465, in _run_event
    await coro(*args, **kwargs)
  File "/app/asu_discord/cogs/analytics.py", line 652, in on_member_update
    before_timeout = before.timed_out_until
                     ^^^^^^^^^^^^^^^^^^^^^^
AttributeError: 'Member' object has no attribute 'timed_out_until'
Ignoring exception in on_member_update
Traceback (most recent call last):
  File "/usr/local/lib/python3.12/site-packages/discord/client.py", line 465, in _run_event
    await coro(*args, **kwargs)
  File "/app/asu_discord/cogs/analytics.py", line 652, in on_member_update
    before_timeout = before.timed_out_until
                     ^^^^^^^^^^^^^^^^^^^^^^
AttributeError: 'Member' object has no attribute 'timed_out_until'
Ignoring exception in on_member_update
Traceback (most recent call last):
  File "/usr/local/lib/python3.12/site-packages/discord/client.py", line 465, in _run_event
    await coro(*args, **kwargs)
  File "/app/asu_discord/cogs/analytics.py", line 652, in on_member_update
    before_timeout = before.timed_out_until
                     ^^^^^^^^^^^^^^^^^^^^^^
AttributeError: 'Member' object has no attribute 'timed_out_until'
Ignoring exception in on_member_update
Traceback (most recent call last):
  File "/usr/local/lib/python3.12/site-packages/discord/client.py", line 465, in _run_event
    await coro(*args, **kwargs)
  File "/app/asu_discord/cogs/analytics.py", line 652, in on_member_update
    before_timeout = before.timed_out_until
                     ^^^^^^^^^^^^^^^^^^^^^^
AttributeError: 'Member' object has no attribute 'timed_out_until'
Ignoring exception in on_member_update
Traceback (most recent call last):
  File "/usr/local/lib/python3.12/site-packages/discord/client.py", line 465, in _run_event
    await coro(*args, **kwargs)
  File "/app/asu_discord/cogs/analytics.py", line 652, in on_member_update
    before_timeout = before.timed_out_until
                     ^^^^^^^^^^^^^^^^^^^^^^
AttributeError: 'Member' object has no attribute 'timed_out_until'
Ignoring exception in on_member_update
Traceback (most recent call last):
  File "/usr/local/lib/python3.12/site-packages/discord/client.py", line 465, in _run_event
    await coro(*args, **kwargs)
  File "/app/asu_discord/cogs/analytics.py", line 652, in on_member_update
    before_timeout = before.timed_out_until
                     ^^^^^^^^^^^^^^^^^^^^^^
AttributeError: 'Member' object has no attribute 'timed_out_until'
Ignoring exception in on_member_update
Traceback (most recent call last):
  File "/usr/local/lib/python3.12/site-packages/discord/client.py", line 465, in _run_event
    await coro(*args, **kwargs)
  File "/app/asu_discord/cogs/analytics.py", line 652, in on_member_update
    before_timeout = before.timed_out_until
                     ^^^^^^^^^^^^^^^^^^^^^^
AttributeError: 'Member' object has no attribute 'timed_out_until'
Ignoring exception in on_member_update
Traceback (most recent call last):
  File "/usr/local/lib/python3.12/site-packages/discord/client.py", line 465, in _run_event
    await coro(*args, **kwargs)
  File "/app/asu_discord/cogs/analytics.py", line 652, in on_member_update
    before_timeout = before.timed_out_until
                     ^^^^^^^^^^^^^^^^^^^^^^
AttributeError: 'Member' object has no attribute 'timed_out_until'
Ignoring exception in on_member_update
Traceback (most recent call last):
  File "/usr/local/lib/python3.12/site-packages/discord/client.py", line 465, in _run_event
    await coro(*args, **kwargs)
  File "/app/asu_discord/cogs/analytics.py", line 652, in on_member_update
    before_timeout = before.timed_out_until
                     ^^^^^^^^^^^^^^^^^^^^^^
AttributeError: 'Member' object has no attribute 'timed_out_until'
ERROR:cron.jobs:refresh_salesforce_roles: failed for madisonh (Discord ID 1492396143592869958): Timed out refresh Salesforce-based roles
Ignoring exception in on_member_update
Traceback (most recent call last):
  File "/usr/local/lib/python3.12/site-packages/discord/client.py", line 465, in _run_event
    await coro(*args, **kwargs)
  File "/app/asu_discord/cogs/analytics.py", line 652, in on_member_update
    before_timeout = before.timed_out_until
                     ^^^^^^^^^^^^^^^^^^^^^^
AttributeError: 'Member' object has no attribute 'timed_out_until'
Ignoring exception in on_member_update
Traceback (most recent call last):
  File "/usr/local/lib/python3.12/site-packages/discord/client.py", line 465, in _run_event
    await coro(*args, **kwargs)
  File "/app/asu_discord/cogs/analytics.py", line 652, in on_member_update
    before_timeout = before.timed_out_until
                     ^^^^^^^^^^^^^^^^^^^^^^
AttributeError: 'Member' object has no attribute 'timed_out_until'
Ignoring exception in on_member_update
Traceback (most recent call last):
  File "/usr/local/lib/python3.12/site-packages/discord/client.py", line 465, in _run_event
    await coro(*args, **kwargs)
  File "/app/asu_discord/cogs/analytics.py", line 652, in on_member_update
    before_timeout = before.timed_out_until
                     ^^^^^^^^^^^^^^^^^^^^^^
AttributeError: 'Member' object has no attribute 'timed_out_until'
Ignoring exception in on_member_update
Traceback (most recent call last):
  File "/usr/local/lib/python3.12/site-packages/discord/client.py", line 465, in _run_event
    await coro(*args, **kwargs)
  File "/app/asu_discord/cogs/analytics.py", line 652, in on_member_update
    before_timeout = before.timed_out_until
                     ^^^^^^^^^^^^^^^^^^^^^^
AttributeError: 'Member' object has no attribute 'timed_out_until'
Ignoring exception in on_member_update
Traceback (most recent call last):
  File "/usr/local/lib/python3.12/site-packages/discord/client.py", line 465, in _run_event
    await coro(*args, **kwargs)
  File "/app/asu_discord/cogs/analytics.py", line 652, in on_member_update
    before_timeout = before.timed_out_until
                     ^^^^^^^^^^^^^^^^^^^^^^
AttributeError: 'Member' object has no attribute 'timed_out_until'
Ignoring exception in on_member_update
Traceback (most recent call last):
  File "/usr/local/lib/python3.12/site-packages/discord/client.py", line 465, in _run_event
    await coro(*args, **kwargs)
  File "/app/asu_discord/cogs/analytics.py", line 652, in on_member_update
    before_timeout = before.timed_out_until
                     ^^^^^^^^^^^^^^^^^^^^^^
AttributeError: 'Member' object has no attribute 'timed_out_until'
Ignoring exception in on_member_update
Traceback (most recent call last):
  File "/usr/local/lib/python3.12/site-packages/discord/client.py", line 465, in _run_event
    await coro(*args, **kwargs)
  File "/app/asu_discord/cogs/analytics.py", line 652, in on_member_update
    before_timeout = before.timed_out_until
                     ^^^^^^^^^^^^^^^^^^^^^^
AttributeError: 'Member' object has no attribute 'timed_out_until'
Ignoring exception in on_member_update
Traceback (most recent call last):
  File "/usr/local/lib/python3.12/site-packages/discord/client.py", line 465, in _run_event
    await coro(*args, **kwargs)
  File "/app/asu_discord/cogs/analytics.py", line 652, in on_member_update
    before_timeout = before.timed_out_until
                     ^^^^^^^^^^^^^^^^^^^^^^
AttributeError: 'Member' object has no attribute 'timed_out_until'
Ignoring exception in on_member_update
Traceback (most recent call last):
  File "/usr/local/lib/python3.12/site-packages/discord/client.py", line 465, in _run_event
    await coro(*args, **kwargs)
  File "/app/asu_discord/cogs/analytics.py", line 652, in on_member_update
    before_timeout = before.timed_out_until
                     ^^^^^^^^^^^^^^^^^^^^^^
AttributeError: 'Member' object has no attribute 'timed_out_until'
Ignoring exception in on_member_update
Traceback (most recent call last):
  File "/usr/local/lib/python3.12/site-packages/discord/client.py", line 465, in _run_event
    await coro(*args, **kwargs)
  File "/app/asu_discord/cogs/analytics.py", line 652, in on_member_update
    before_timeout = before.timed_out_until
                     ^^^^^^^^^^^^^^^^^^^^^^
AttributeError: 'Member' object has no attribute 'timed_out_until'
ERROR:cron.jobs:refresh_salesforce_roles: failed for vswei (Discord ID 381295989715238912): Timed out refresh Salesforce-based roles
Ignoring exception in on_member_update
Traceback (most recent call last):
  File "/usr/local/lib/python3.12/site-packages/discord/client.py", line 465, in _run_event
    await coro(*args, **kwargs)
  File "/app/asu_discord/cogs/analytics.py", line 652, in on_member_update
    before_timeout = before.timed_out_until
                     ^^^^^^^^^^^^^^^^^^^^^^
AttributeError: 'Member' object has no attribute 'timed_out_until'
Ignoring exception in on_member_update
Traceback (most recent call last):
  File "/usr/local/lib/python3.12/site-packages/discord/client.py", line 465, in _run_event
    await coro(*args, **kwargs)
  File "/app/asu_discord/cogs/analytics.py", line 652, in on_member_update
    before_timeout = before.timed_out_until
                     ^^^^^^^^^^^^^^^^^^^^^^
AttributeError: 'Member' object has no attribute 'timed_out_until'
Ignoring exception in on_member_update
Traceback (most recent call last):
  File "/usr/local/lib/python3.12/site-packages/discord/client.py", line 465, in _run_event
    await coro(*args, **kwargs)
  File "/app/asu_discord/cogs/analytics.py", line 652, in on_member_update
    before_timeout = before.timed_out_until
                     ^^^^^^^^^^^^^^^^^^^^^^
AttributeError: 'Member' object has no attribute 'timed_out_until'
Ignoring exception in on_member_update
Traceback (most recent call last):
  File "/usr/local/lib/python3.12/site-packages/discord/client.py", line 465, in _run_event
    await coro(*args, **kwargs)
  File "/app/asu_discord/cogs/analytics.py", line 652, in on_member_update
    before_timeout = before.timed_out_until
                     ^^^^^^^^^^^^^^^^^^^^^^
AttributeError: 'Member' object has no attribute 'timed_out_until'
Ignoring exception in on_member_update
Traceback (most recent call last):
  File "/usr/local/lib/python3.12/site-packages/discord/client.py", line 465, in _run_event
    await coro(*args, **kwargs)
  File "/app/asu_discord/cogs/analytics.py", line 652, in on_member_update
    before_timeout = before.timed_out_until
                     ^^^^^^^^^^^^^^^^^^^^^^
AttributeError: 'Member' object has no attribute 'timed_out_until'
Ignoring exception in on_member_update
Traceback (most recent call last):
  File "/usr/local/lib/python3.12/site-packages/discord/client.py", line 465, in _run_event
    await coro(*args, **kwargs)
  File "/app/asu_discord/cogs/analytics.py", line 652, in on_member_update
    before_timeout = before.timed_out_until
                     ^^^^^^^^^^^^^^^^^^^^^^
AttributeError: 'Member' object has no attribute 'timed_out_until'
Ignoring exception in on_member_update
Traceback (most recent call last):
  File "/usr/local/lib/python3.12/site-packages/discord/client.py", line 465, in _run_event
    await coro(*args, **kwargs)
  File "/app/asu_discord/cogs/analytics.py", line 652, in on_member_update
    before_timeout = before.timed_out_until
                     ^^^^^^^^^^^^^^^^^^^^^^
AttributeError: 'Member' object has no attribute 'timed_out_until'
Ignoring exception in on_member_update
Traceback (most recent call last):
  File "/usr/local/lib/python3.12/site-packages/discord/client.py", line 465, in _run_event
    await coro(*args, **kwargs)
  File "/app/asu_discord/cogs/analytics.py", line 652, in on_member_update
    before_timeout = before.timed_out_until
                     ^^^^^^^^^^^^^^^^^^^^^^
AttributeError: 'Member' object has no attribute 'timed_out_until'
Ignoring exception in on_member_update
Traceback (most recent call last):
  File "/usr/local/lib/python3.12/site-packages/discord/client.py", line 465, in _run_event
    await coro(*args, **kwargs)
  File "/app/asu_discord/cogs/analytics.py", line 652, in on_member_update
    before_timeout = before.timed_out_until
                     ^^^^^^^^^^^^^^^^^^^^^^
AttributeError: 'Member' object has no attribute 'timed_out_until'
Ignoring exception in on_member_update
Traceback (most recent call last):
  File "/usr/local/lib/python3.12/site-packages/discord/client.py", line 465, in _run_event
    await coro(*args, **kwargs)
  File "/app/asu_discord/cogs/analytics.py", line 652, in on_member_update
    before_timeout = before.timed_out_until
                     ^^^^^^^^^^^^^^^^^^^^^^
AttributeError: 'Member' object has no attribute 'timed_out_until'
INFO:asu_discord.cogs.verification:Saved 5 roles to database for user thingocq (Discord ID: 680409953453998163)
INFO:asu_discord.cogs.verification:Refreshed Salesforce roles for Discord user 680409953453998163: -5/+5 roles, assigned=[Commited, Graduate Student, International Student, Ira A. Fulton Schools of Engineering, Tempe]
Ignoring exception in on_member_update
Traceback (most recent call last):
  File "/usr/local/lib/python3.12/site-packages/discord/client.py", line 465, in _run_event
    await coro(*args, **kwargs)
  File "/app/asu_discord/cogs/analytics.py", line 652, in on_member_update
    before_timeout = before.timed_out_until
                     ^^^^^^^^^^^^^^^^^^^^^^
AttributeError: 'Member' object has no attribute 'timed_out_until'
Ignoring exception in on_member_update
Traceback (most recent call last):
  File "/usr/local/lib/python3.12/site-packages/discord/client.py", line 465, in _run_event
    await coro(*args, **kwargs)
  File "/app/asu_discord/cogs/analytics.py", line 652, in on_member_update
    before_timeout = before.timed_out_until
                     ^^^^^^^^^^^^^^^^^^^^^^
AttributeError: 'Member' object has no attribute 'timed_out_until'
Ignoring exception in on_member_update
Traceback (most recent call last):
  File "/usr/local/lib/python3.12/site-packages/discord/client.py", line 465, in _run_event
    await coro(*args, **kwargs)
  File "/app/asu_discord/cogs/analytics.py", line 652, in on_member_update
    before_timeout = before.timed_out_until
                     ^^^^^^^^^^^^^^^^^^^^^^
AttributeError: 'Member' object has no attribute 'timed_out_until'
Ignoring exception in on_member_update
Traceback (most recent call last):
  File "/usr/local/lib/python3.12/site-packages/discord/client.py", line 465, in _run_event
    await coro(*args, **kwargs)
  File "/app/asu_discord/cogs/analytics.py", line 652, in on_member_update
    before_timeout = before.timed_out_until
                     ^^^^^^^^^^^^^^^^^^^^^^
AttributeError: 'Member' object has no attribute 'timed_out_until'
Ignoring exception in on_member_update
Traceback (most recent call last):
  File "/usr/local/lib/python3.12/site-packages/discord/client.py", line 465, in _run_event
    await coro(*args, **kwargs)
  File "/app/asu_discord/cogs/analytics.py", line 652, in on_member_update
    before_timeout = before.timed_out_until
                     ^^^^^^^^^^^^^^^^^^^^^^
AttributeError: 'Member' object has no attribute 'timed_out_until'
Ignoring exception in on_member_update
Traceback (most recent call last):
  File "/usr/local/lib/python3.12/site-packages/discord/client.py", line 465, in _run_event
    await coro(*args, **kwargs)
  File "/app/asu_discord/cogs/analytics.py", line 652, in on_member_update
    before_timeout = before.timed_out_until
                     ^^^^^^^^^^^^^^^^^^^^^^
AttributeError: 'Member' object has no attribute 'timed_out_until'
Ignoring exception in on_member_update
Traceback (most recent call last):
  File "/usr/local/lib/python3.12/site-packages/discord/client.py", line 465, in _run_event
    await coro(*args, **kwargs)
  File "/app/asu_discord/cogs/analytics.py", line 652, in on_member_update
    before_timeout = before.timed_out_until
                     ^^^^^^^^^^^^^^^^^^^^^^
AttributeError: 'Member' object has no attribute 'timed_out_until'
Ignoring exception in on_member_update
Traceback (most recent call last):
  File "/usr/local/lib/python3.12/site-packages/discord/client.py", line 465, in _run_event
    await coro(*args, **kwargs)
  File "/app/asu_discord/cogs/analytics.py", line 652, in on_member_update
    before_timeout = before.timed_out_until
                     ^^^^^^^^^^^^^^^^^^^^^^
AttributeError: 'Member' object has no attribute 'timed_out_until'
INFO:asu_discord.cogs.verification:Saved 4 roles to database for user gachilon (Discord ID: 799397211372257280)
INFO:asu_discord.cogs.verification:Refreshed Salesforce roles for Discord user 799397211372257280: -4/+4 roles, assigned=[Graduate Student, International Student, Ira A. Fulton Schools of Engineering, Polytechnic]
Ignoring exception in on_member_update
Traceback (most recent call last):
  File "/usr/local/lib/python3.12/site-packages/discord/client.py", line 465, in _run_event
    await coro(*args, **kwargs)
  File "/app/asu_discord/cogs/analytics.py", line 652, in on_member_update
    before_timeout = before.timed_out_until
                     ^^^^^^^^^^^^^^^^^^^^^^
AttributeError: 'Member' object has no attribute 'timed_out_until'
Ignoring exception in on_member_update
Traceback (most recent call last):
  File "/usr/local/lib/python3.12/site-packages/discord/client.py", line 465, in _run_event
    await coro(*args, **kwargs)
  File "/app/asu_discord/cogs/analytics.py", line 652, in on_member_update
    before_timeout = before.timed_out_until
                     ^^^^^^^^^^^^^^^^^^^^^^
AttributeError: 'Member' object has no attribute 'timed_out_until'
Ignoring exception in on_member_update
Traceback (most recent call last):
  File "/usr/local/lib/python3.12/site-packages/discord/client.py", line 465, in _run_event
    await coro(*args, **kwargs)
  File "/app/asu_discord/cogs/analytics.py", line 652, in on_member_update
    before_timeout = before.timed_out_until
                     ^^^^^^^^^^^^^^^^^^^^^^
AttributeError: 'Member' object has no attribute 'timed_out_until'
Ignoring exception in on_member_update
Traceback (most recent call last):
  File "/usr/local/lib/python3.12/site-packages/discord/client.py", line 465, in _run_event
    await coro(*args, **kwargs)
  File "/app/asu_discord/cogs/analytics.py", line 652, in on_member_update
    before_timeout = before.timed_out_until
                     ^^^^^^^^^^^^^^^^^^^^^^
AttributeError: 'Member' object has no attribute 'timed_out_until'
Ignoring exception in on_member_update
Traceback (most recent call last):
  File "/usr/local/lib/python3.12/site-packages/discord/client.py", line 465, in _run_event
    await coro(*args, **kwargs)
  File "/app/asu_discord/cogs/analytics.py", line 652, in on_member_update
    before_timeout = before.timed_out_until
                     ^^^^^^^^^^^^^^^^^^^^^^
AttributeError: 'Member' object has no attribute 'timed_out_until'
Ignoring exception in on_member_update
Traceback (most recent call last):
  File "/usr/local/lib/python3.12/site-packages/discord/client.py", line 465, in _run_event
    await coro(*args, **kwargs)
  File "/app/asu_discord/cogs/analytics.py", line 652, in on_member_update
    before_timeout = before.timed_out_until
                     ^^^^^^^^^^^^^^^^^^^^^^
AttributeError: 'Member' object has no attribute 'timed_out_until'
Ignoring exception in on_member_update
Traceback (most recent call last):
  File "/usr/local/lib/python3.12/site-packages/discord/client.py", line 465, in _run_event
    await coro(*args, **kwargs)
  File "/app/asu_discord/cogs/analytics.py", line 652, in on_member_update
    before_timeout = before.timed_out_until
                     ^^^^^^^^^^^^^^^^^^^^^^
AttributeError: 'Member' object has no attribute 'timed_out_until'
Ignoring exception in on_member_update
Traceback (most recent call last):
  File "/usr/local/lib/python3.12/site-packages/discord/client.py", line 465, in _run_event
    await coro(*args, **kwargs)
  File "/app/asu_discord/cogs/analytics.py", line 652, in on_member_update
    before_timeout = before.timed_out_until
                     ^^^^^^^^^^^^^^^^^^^^^^
AttributeError: 'Member' object has no attribute 'timed_out_until'
INFO:asu_discord.cogs.verification:Saved 4 roles to database for user dromer64 (Discord ID: 1509615014993199137)
INFO:asu_discord.cogs.verification:Refreshed Salesforce roles for Discord user 1509615014993199137: -4/+4 roles, assigned=[Arizona Resident, Downtown Phoenix, Edson College of Nursing and Health Innovation, First Year]
Ignoring exception in on_member_update
Traceback (most recent call last):
  File "/usr/local/lib/python3.12/site-packages/discord/client.py", line 465, in _run_event
    await coro(*args, **kwargs)
  File "/app/asu_discord/cogs/analytics.py", line 652, in on_member_update
    before_timeout = before.timed_out_until
                     ^^^^^^^^^^^^^^^^^^^^^^
AttributeError: 'Member' object has no attribute 'timed_out_until'
Ignoring exception in on_member_update
Traceback (most recent call last):
  File "/usr/local/lib/python3.12/site-packages/discord/client.py", line 465, in _run_event
    await coro(*args, **kwargs)
  File "/app/asu_discord/cogs/analytics.py", line 652, in on_member_update
    before_timeout = before.timed_out_until
                     ^^^^^^^^^^^^^^^^^^^^^^
AttributeError: 'Member' object has no attribute 'timed_out_until'
Ignoring exception in on_member_update
Traceback (most recent call last):
  File "/usr/local/lib/python3.12/site-packages/discord/client.py", line 465, in _run_event
    await coro(*args, **kwargs)
  File "/app/asu_discord/cogs/analytics.py", line 652, in on_member_update
    before_timeout = before.timed_out_until
                     ^^^^^^^^^^^^^^^^^^^^^^
AttributeError: 'Member' object has no attribute 'timed_out_until'
Ignoring exception in on_member_update
Traceback (most recent call last):
  File "/usr/local/lib/python3.12/site-packages/discord/client.py", line 465, in _run_event
    await coro(*args, **kwargs)
  File "/app/asu_discord/cogs/analytics.py", line 652, in on_member_update
    before_timeout = before.timed_out_until
                     ^^^^^^^^^^^^^^^^^^^^^^
AttributeError: 'Member' object has no attribute 'timed_out_until'
Ignoring exception in on_member_update
Traceback (most recent call last):
  File "/usr/local/lib/python3.12/site-packages/discord/client.py", line 465, in _run_event
    await coro(*args, **kwargs)
  File "/app/asu_discord/cogs/analytics.py", line 652, in on_member_update
    before_timeout = before.timed_out_until
                     ^^^^^^^^^^^^^^^^^^^^^^
AttributeError: 'Member' object has no attribute 'timed_out_until'
Ignoring exception in on_member_update
Traceback (most recent call last):
  File "/usr/local/lib/python3.12/site-packages/discord/client.py", line 465, in _run_event
    await coro(*args, **kwargs)
  File "/app/asu_discord/cogs/analytics.py", line 652, in on_member_update
    before_timeout = before.timed_out_until
                     ^^^^^^^^^^^^^^^^^^^^^^
AttributeError: 'Member' object has no attribute 'timed_out_until'
Ignoring exception in on_member_update
Traceback (most recent call last):
  File "/usr/local/lib/python3.12/site-packages/discord/client.py", line 465, in _run_event
    await coro(*args, **kwargs)
  File "/app/asu_discord/cogs/analytics.py", line 652, in on_member_update
    before_timeout = before.timed_out_until
                     ^^^^^^^^^^^^^^^^^^^^^^
AttributeError: 'Member' object has no attribute 'timed_out_until'
Ignoring exception in on_member_update
Traceback (most recent call last):
  File "/usr/local/lib/python3.12/site-packages/discord/client.py", line 465, in _run_event
    await coro(*args, **kwargs)
  File "/app/asu_discord/cogs/analytics.py", line 652, in on_member_update
    before_timeout = before.timed_out_until
                     ^^^^^^^^^^^^^^^^^^^^^^
AttributeError: 'Member' object has no attribute 'timed_out_until'
Ignoring exception in on_member_update
Traceback (most recent call last):
  File "/usr/local/lib/python3.12/site-packages/discord/client.py", line 465, in _run_event
    await coro(*args, **kwargs)
  File "/app/asu_discord/cogs/analytics.py", line 652, in on_member_update
    before_timeout = before.timed_out_until
                     ^^^^^^^^^^^^^^^^^^^^^^
AttributeError: 'Member' object has no attribute 'timed_out_until'
Ignoring exception in on_member_update
Traceback (most recent call last):
  File "/usr/local/lib/python3.12/site-packages/discord/client.py", line 465, in _run_event
    await coro(*args, **kwargs)
  File "/app/asu_discord/cogs/analytics.py", line 652, in on_member_update
    before_timeout = before.timed_out_until
                     ^^^^^^^^^^^^^^^^^^^^^^
AttributeError: 'Member' object has no attribute 'timed_out_until'
Ignoring exception in on_member_update
Traceback (most recent call last):
  File "/usr/local/lib/python3.12/site-packages/discord/client.py", line 465, in _run_event
    await coro(*args, **kwargs)
  File "/app/asu_discord/cogs/analytics.py", line 652, in on_member_update
    before_timeout = before.timed_out_until
                     ^^^^^^^^^^^^^^^^^^^^^^
AttributeError: 'Member' object has no attribute 'timed_out_until'
Ignoring exception in on_member_update
Traceback (most recent call last):
  File "/usr/local/lib/python3.12/site-packages/discord/client.py", line 465, in _run_event
    await coro(*args, **kwargs)
  File "/app/asu_discord/cogs/analytics.py", line 652, in on_member_update
    before_timeout = before.timed_out_until
                     ^^^^^^^^^^^^^^^^^^^^^^
AttributeError: 'Member' object has no attribute 'timed_out_until'
INFO:asu_discord.cogs.verification:Saved 6 roles to database for user acast165 (Discord ID: 683092050622939164)
INFO:asu_discord.cogs.verification:Refreshed Salesforce roles for Discord user 683092050622939164: -6/+6 roles, assigned=[Arizona Resident, College of Liberal Arts and Sciences, Commited, First Generation Student, First Year, Tempe]
Ignoring exception in on_member_update
Traceback (most recent call last):
  File "/usr/local/lib/python3.12/site-packages/discord/client.py", line 465, in _run_event
    await coro(*args, **kwargs)
  File "/app/asu_discord/cogs/analytics.py", line 652, in on_member_update
    before_timeout = before.timed_out_until
                     ^^^^^^^^^^^^^^^^^^^^^^
AttributeError: 'Member' object has no attribute 'timed_out_until'
Ignoring exception in on_member_update
Traceback (most recent call last):
  File "/usr/local/lib/python3.12/site-packages/discord/client.py", line 465, in _run_event
    await coro(*args, **kwargs)
  File "/app/asu_discord/cogs/analytics.py", line 652, in on_member_update
    before_timeout = before.timed_out_until
                     ^^^^^^^^^^^^^^^^^^^^^^
AttributeError: 'Member' object has no attribute 'timed_out_until'
Ignoring exception in on_member_update
Traceback (most recent call last):
  File "/usr/local/lib/python3.12/site-packages/discord/client.py", line 465, in _run_event
    await coro(*args, **kwargs)
  File "/app/asu_discord/cogs/analytics.py", line 652, in on_member_update
    before_timeout = before.timed_out_until
                     ^^^^^^^^^^^^^^^^^^^^^^
AttributeError: 'Member' object has no attribute 'timed_out_until'
Ignoring exception in on_member_update
Traceback (most recent call last):
  File "/usr/local/lib/python3.12/site-packages/discord/client.py", line 465, in _run_event
    await coro(*args, **kwargs)
  File "/app/asu_discord/cogs/analytics.py", line 652, in on_member_update
    before_timeout = before.timed_out_until
                     ^^^^^^^^^^^^^^^^^^^^^^
AttributeError: 'Member' object has no attribute 'timed_out_until'
Ignoring exception in on_member_update
Traceback (most recent call last):
  File "/usr/local/lib/python3.12/site-packages/discord/client.py", line 465, in _run_event
    await coro(*args, **kwargs)
  File "/app/asu_discord/cogs/analytics.py", line 652, in on_member_update
    before_timeout = before.timed_out_until
                     ^^^^^^^^^^^^^^^^^^^^^^
AttributeError: 'Member' object has no attribute 'timed_out_until'
Ignoring exception in on_member_update
Traceback (most recent call last):
  File "/usr/local/lib/python3.12/site-packages/discord/client.py", line 465, in _run_event
    await coro(*args, **kwargs)
  File "/app/asu_discord/cogs/analytics.py", line 652, in on_member_update
    before_timeout = before.timed_out_until
                     ^^^^^^^^^^^^^^^^^^^^^^
AttributeError: 'Member' object has no attribute 'timed_out_until'
Ignoring exception in on_member_update
Traceback (most recent call last):
  File "/usr/local/lib/python3.12/site-packages/discord/client.py", line 465, in _run_event
    await coro(*args, **kwargs)
  File "/app/asu_discord/cogs/analytics.py", line 652, in on_member_update
    before_timeout = before.timed_out_until
                     ^^^^^^^^^^^^^^^^^^^^^^
AttributeError: 'Member' object has no attribute 'timed_out_until'
Ignoring exception in on_member_update
Traceback (most recent call last):
  File "/usr/local/lib/python3.12/site-packages/discord/client.py", line 465, in _run_event
    await coro(*args, **kwargs)
  File "/app/asu_discord/cogs/analytics.py", line 652, in on_member_update
    before_timeout = before.timed_out_until
                     ^^^^^^^^^^^^^^^^^^^^^^
AttributeError: 'Member' object has no attribute 'timed_out_until'
Ignoring exception in on_member_update
Traceback (most recent call last):
  File "/usr/local/lib/python3.12/site-packages/discord/client.py", line 465, in _run_event
    await coro(*args, **kwargs)
  File "/app/asu_discord/cogs/analytics.py", line 652, in on_member_update
    before_timeout = before.timed_out_until
                     ^^^^^^^^^^^^^^^^^^^^^^
AttributeError: 'Member' object has no attribute 'timed_out_until'
Ignoring exception in on_member_update
Traceback (most recent call last):
  File "/usr/local/lib/python3.12/site-packages/discord/client.py", line 465, in _run_event
    await coro(*args, **kwargs)
  File "/app/asu_discord/cogs/analytics.py", line 652, in on_member_update
    before_timeout = before.timed_out_until
                     ^^^^^^^^^^^^^^^^^^^^^^
AttributeError: 'Member' object has no attribute 'timed_out_until'
Ignoring exception in on_member_update
Traceback (most recent call last):
  File "/usr/local/lib/python3.12/site-packages/discord/client.py", line 465, in _run_event
    await coro(*args, **kwargs)
  File "/app/asu_discord/cogs/analytics.py", line 652, in on_member_update
    before_timeout = before.timed_out_until
                     ^^^^^^^^^^^^^^^^^^^^^^
AttributeError: 'Member' object has no attribute 'timed_out_until'
Ignoring exception in on_member_update
Traceback (most recent call last):
  File "/usr/local/lib/python3.12/site-packages/discord/client.py", line 465, in _run_event
    await coro(*args, **kwargs)
  File "/app/asu_discord/cogs/analytics.py", line 652, in on_member_update
    before_timeout = before.timed_out_until
                     ^^^^^^^^^^^^^^^^^^^^^^
AttributeError: 'Member' object has no attribute 'timed_out_until'
INFO:asu_discord.cogs.verification:Saved 6 roles to database for user aatate1 (Discord ID: 949412903839207455)
INFO:asu_discord.cogs.verification:Refreshed Salesforce roles for Discord user 949412903839207455: -6/+6 roles, assigned=[Arizona Resident, Commited, First Year, Ira A. Fulton Schools of Engineering, Tempe, Upperclassmen]
ERROR:cron.jobs:refresh_salesforce_roles: failed for zasplin (Discord ID 838603175702429707): Failed to refresh Salesforce-based roles: Discord user 838603175702429707 is not a member of the guild
Ignoring exception in on_member_update
Traceback (most recent call last):
  File "/usr/local/lib/python3.12/site-packages/discord/client.py", line 465, in _run_event
    await coro(*args, **kwargs)
  File "/app/asu_discord/cogs/analytics.py", line 652, in on_member_update
    before_timeout = before.timed_out_until
                     ^^^^^^^^^^^^^^^^^^^^^^
AttributeError: 'Member' object has no attribute 'timed_out_until'
Ignoring exception in on_member_update
Traceback (most recent call last):
  File "/usr/local/lib/python3.12/site-packages/discord/client.py", line 465, in _run_event
    await coro(*args, **kwargs)
  File "/app/asu_discord/cogs/analytics.py", line 652, in on_member_update
    before_timeout = before.timed_out_until
                     ^^^^^^^^^^^^^^^^^^^^^^
AttributeError: 'Member' object has no attribute 'timed_out_until'
Ignoring exception in on_member_update
Traceback (most recent call last):
  File "/usr/local/lib/python3.12/site-packages/discord/client.py", line 465, in _run_event
    await coro(*args, **kwargs)
  File "/app/asu_discord/cogs/analytics.py", line 652, in on_member_update
    before_timeout = before.timed_out_until
                     ^^^^^^^^^^^^^^^^^^^^^^
AttributeError: 'Member' object has no attribute 'timed_out_until'
Ignoring exception in on_member_update
Traceback (most recent call last):
  File "/usr/local/lib/python3.12/site-packages/discord/client.py", line 465, in _run_event
    await coro(*args, **kwargs)
  File "/app/asu_discord/cogs/analytics.py", line 652, in on_member_update
    before_timeout = before.timed_out_until
                     ^^^^^^^^^^^^^^^^^^^^^^
AttributeError: 'Member' object has no attribute 'timed_out_until'
Ignoring exception in on_member_update
Traceback (most recent call last):
  File "/usr/local/lib/python3.12/site-packages/discord/client.py", line 465, in _run_event
    await coro(*args, **kwargs)
  File "/app/asu_discord/cogs/analytics.py", line 652, in on_member_update
    before_timeout = before.timed_out_until
                     ^^^^^^^^^^^^^^^^^^^^^^
AttributeError: 'Member' object has no attribute 'timed_out_until'
Ignoring exception in on_member_update
Traceback (most recent call last):
  File "/usr/local/lib/python3.12/site-packages/discord/client.py", line 465, in _run_event
    await coro(*args, **kwargs)
  File "/app/asu_discord/cogs/analytics.py", line 652, in on_member_update
    before_timeout = before.timed_out_until
                     ^^^^^^^^^^^^^^^^^^^^^^
AttributeError: 'Member' object has no attribute 'timed_out_until'
Ignoring exception in on_member_update
Traceback (most recent call last):
  File "/usr/local/lib/python3.12/site-packages/discord/client.py", line 465, in _run_event
    await coro(*args, **kwargs)
  File "/app/asu_discord/cogs/analytics.py", line 652, in on_member_update
    before_timeout = before.timed_out_until
                     ^^^^^^^^^^^^^^^^^^^^^^
AttributeError: 'Member' object has no attribute 'timed_out_until'
Ignoring exception in on_member_update
Traceback (most recent call last):
  File "/usr/local/lib/python3.12/site-packages/discord/client.py", line 465, in _run_event
    await coro(*args, **kwargs)
  File "/app/asu_discord/cogs/analytics.py", line 652, in on_member_update
    before_timeout = before.timed_out_until
                     ^^^^^^^^^^^^^^^^^^^^^^
AttributeError: 'Member' object has no attribute 'timed_out_until'
Ignoring exception in on_member_update
Traceback (most recent call last):
  File "/usr/local/lib/python3.12/site-packages/discord/client.py", line 465, in _run_event
    await coro(*args, **kwargs)
  File "/app/asu_discord/cogs/analytics.py", line 652, in on_member_update
    before_timeout = before.timed_out_until
                     ^^^^^^^^^^^^^^^^^^^^^^
AttributeError: 'Member' object has no attribute 'timed_out_until'
Ignoring exception in on_member_update
Traceback (most recent call last):
  File "/usr/local/lib/python3.12/site-packages/discord/client.py", line 465, in _run_event
    await coro(*args, **kwargs)
  File "/app/asu_discord/cogs/analytics.py", line 652, in on_member_update
    before_timeout = before.timed_out_until
                     ^^^^^^^^^^^^^^^^^^^^^^
AttributeError: 'Member' object has no attribute 'timed_out_until'
INFO:asu_discord.cogs.verification:Saved 6 roles to database for user mhern492 (Discord ID: 1477848565182107799)
INFO:asu_discord.cogs.verification:Refreshed Salesforce roles for Discord user 1477848565182107799: -4/+6 roles, assigned=[Arizona Resident, Commited, Downtown Phoenix, Edson College of Nursing and Health Innovation, First Generation Student, First Year]
ERROR:cron.jobs:refresh_salesforce_roles: failed for lesafran (Discord ID 708470096477028424): Failed to refresh Salesforce-based roles: Discord user 708470096477028424 is not a member of the guild
Ignoring exception in on_member_update
Traceback (most recent call last):
  File "/usr/local/lib/python3.12/site-packages/discord/client.py", line 465, in _run_event
    await coro(*args, **kwargs)
  File "/app/asu_discord/cogs/analytics.py", line 652, in on_member_update
    before_timeout = before.timed_out_until
                     ^^^^^^^^^^^^^^^^^^^^^^
AttributeError: 'Member' object has no attribute 'timed_out_until'
Ignoring exception in on_member_update
Traceback (most recent call last):
  File "/usr/local/lib/python3.12/site-packages/discord/client.py", line 465, in _run_event
    await coro(*args, **kwargs)
  File "/app/asu_discord/cogs/analytics.py", line 652, in on_member_update
    before_timeout = before.timed_out_until
                     ^^^^^^^^^^^^^^^^^^^^^^
AttributeError: 'Member' object has no attribute 'timed_out_until'
Ignoring exception in on_member_update
Traceback (most recent call last):
  File "/usr/local/lib/python3.12/site-packages/discord/client.py", line 465, in _run_event
    await coro(*args, **kwargs)
  File "/app/asu_discord/cogs/analytics.py", line 652, in on_member_update
    before_timeout = before.timed_out_until
                     ^^^^^^^^^^^^^^^^^^^^^^
AttributeError: 'Member' object has no attribute 'timed_out_until'
Ignoring exception in on_member_update
Traceback (most recent call last):
  File "/usr/local/lib/python3.12/site-packages/discord/client.py", line 465, in _run_event
    await coro(*args, **kwargs)
  File "/app/asu_discord/cogs/analytics.py", line 652, in on_member_update
    before_timeout = before.timed_out_until
                     ^^^^^^^^^^^^^^^^^^^^^^
AttributeError: 'Member' object has no attribute 'timed_out_until'
Ignoring exception in on_member_update
Traceback (most recent call last):
  File "/usr/local/lib/python3.12/site-packages/discord/client.py", line 465, in _run_event
    await coro(*args, **kwargs)
  File "/app/asu_discord/cogs/analytics.py", line 652, in on_member_update
    before_timeout = before.timed_out_until
                     ^^^^^^^^^^^^^^^^^^^^^^
AttributeError: 'Member' object has no attribute 'timed_out_until'
Ignoring exception in on_member_update
Traceback (most recent call last):
  File "/usr/local/lib/python3.12/site-packages/discord/client.py", line 465, in _run_event
    await coro(*args, **kwargs)
  File "/app/asu_discord/cogs/analytics.py", line 652, in on_member_update
    before_timeout = before.timed_out_until
                     ^^^^^^^^^^^^^^^^^^^^^^
AttributeError: 'Member' object has no attribute 'timed_out_until'
Ignoring exception in on_member_update
Traceback (most recent call last):
  File "/usr/local/lib/python3.12/site-packages/discord/client.py", line 465, in _run_event
    await coro(*args, **kwargs)
  File "/app/asu_discord/cogs/analytics.py", line 652, in on_member_update
    before_timeout = before.timed_out_until
                     ^^^^^^^^^^^^^^^^^^^^^^
AttributeError: 'Member' object has no attribute 'timed_out_until'
Ignoring exception in on_member_update
Traceback (most recent call last):
  File "/usr/local/lib/python3.12/site-packages/discord/client.py", line 465, in _run_event
    await coro(*args, **kwargs)
  File "/app/asu_discord/cogs/analytics.py", line 652, in on_member_update
    before_timeout = before.timed_out_until
                     ^^^^^^^^^^^^^^^^^^^^^^
AttributeError: 'Member' object has no attribute 'timed_out_until'
Ignoring exception in on_member_update
Traceback (most recent call last):
  File "/usr/local/lib/python3.12/site-packages/discord/client.py", line 465, in _run_event
    await coro(*args, **kwargs)
  File "/app/asu_discord/cogs/analytics.py", line 652, in on_member_update
    before_timeout = before.timed_out_until
                     ^^^^^^^^^^^^^^^^^^^^^^
AttributeError: 'Member' object has no attribute 'timed_out_until'
Ignoring exception in on_member_update
Traceback (most recent call last):
  File "/usr/local/lib/python3.12/site-packages/discord/client.py", line 465, in _run_event
    await coro(*args, **kwargs)
  File "/app/asu_discord/cogs/analytics.py", line 652, in on_member_update
    before_timeout = before.timed_out_until
                     ^^^^^^^^^^^^^^^^^^^^^^
AttributeError: 'Member' object has no attribute 'timed_out_until'
INFO:asu_discord.cogs.verification:Saved 5 roles to database for user awilber5 (Discord ID: 509187293618372618)
INFO:asu_discord.cogs.verification:Refreshed Salesforce roles for Discord user 509187293618372618: -5/+5 roles, assigned=[Arizona Resident, First Generation Student, First Year, Herberger Institute for Design and the Arts, Tempe]
Ignoring exception in on_member_update
Traceback (most recent call last):
  File "/usr/local/lib/python3.12/site-packages/discord/client.py", line 465, in _run_event
    await coro(*args, **kwargs)
  File "/app/asu_discord/cogs/analytics.py", line 652, in on_member_update
    before_timeout = before.timed_out_until
                     ^^^^^^^^^^^^^^^^^^^^^^
AttributeError: 'Member' object has no attribute 'timed_out_until'
Ignoring exception in on_member_update
Traceback (most recent call last):
  File "/usr/local/lib/python3.12/site-packages/discord/client.py", line 465, in _run_event
    await coro(*args, **kwargs)
  File "/app/asu_discord/cogs/analytics.py", line 652, in on_member_update
    before_timeout = before.timed_out_until
                     ^^^^^^^^^^^^^^^^^^^^^^
AttributeError: 'Member' object has no attribute 'timed_out_until'
Ignoring exception in on_member_update
Traceback (most recent call last):
  File "/usr/local/lib/python3.12/site-packages/discord/client.py", line 465, in _run_event
    await coro(*args, **kwargs)
  File "/app/asu_discord/cogs/analytics.py", line 652, in on_member_update
    before_timeout = before.timed_out_until
                     ^^^^^^^^^^^^^^^^^^^^^^
AttributeError: 'Member' object has no attribute 'timed_out_until'
Ignoring exception in on_member_update
Traceback (most recent call last):
  File "/usr/local/lib/python3.12/site-packages/discord/client.py", line 465, in _run_event
    await coro(*args, **kwargs)
  File "/app/asu_discord/cogs/analytics.py", line 652, in on_member_update
    before_timeout = before.timed_out_until
                     ^^^^^^^^^^^^^^^^^^^^^^
AttributeError: 'Member' object has no attribute 'timed_out_until'
Ignoring exception in on_member_update
Traceback (most recent call last):
  File "/usr/local/lib/python3.12/site-packages/discord/client.py", line 465, in _run_event
    await coro(*args, **kwargs)
  File "/app/asu_discord/cogs/analytics.py", line 652, in on_member_update
    before_timeout = before.timed_out_until
                     ^^^^^^^^^^^^^^^^^^^^^^
AttributeError: 'Member' object has no attribute 'timed_out_until'
Ignoring exception in on_member_update
Traceback (most recent call last):
  File "/usr/local/lib/python3.12/site-packages/discord/client.py", line 465, in _run_event
    await coro(*args, **kwargs)
  File "/app/asu_discord/cogs/analytics.py", line 652, in on_member_update
    before_timeout = before.timed_out_until
                     ^^^^^^^^^^^^^^^^^^^^^^
AttributeError: 'Member' object has no attribute 'timed_out_until'
Ignoring exception in on_member_update
Traceback (most recent call last):
  File "/usr/local/lib/python3.12/site-packages/discord/client.py", line 465, in _run_event
    await coro(*args, **kwargs)
  File "/app/asu_discord/cogs/analytics.py", line 652, in on_member_update
    before_timeout = before.timed_out_until
                     ^^^^^^^^^^^^^^^^^^^^^^
AttributeError: 'Member' object has no attribute 'timed_out_until'
Ignoring exception in on_member_update
Traceback (most recent call last):
  File "/usr/local/lib/python3.12/site-packages/discord/client.py", line 465, in _run_event
    await coro(*args, **kwargs)
  File "/app/asu_discord/cogs/analytics.py", line 652, in on_member_update
    before_timeout = before.timed_out_until
                     ^^^^^^^^^^^^^^^^^^^^^^
AttributeError: 'Member' object has no attribute 'timed_out_until'
Ignoring exception in on_member_update
Traceback (most recent call last):
  File "/usr/local/lib/python3.12/site-packages/discord/client.py", line 465, in _run_event
    await coro(*args, **kwargs)
  File "/app/asu_discord/cogs/analytics.py", line 652, in on_member_update
    before_timeout = before.timed_out_until
                     ^^^^^^^^^^^^^^^^^^^^^^
AttributeError: 'Member' object has no attribute 'timed_out_until'
Ignoring exception in on_member_update
Traceback (most recent call last):
  File "/usr/local/lib/python3.12/site-packages/discord/client.py", line 465, in _run_event
    await coro(*args, **kwargs)
  File "/app/asu_discord/cogs/analytics.py", line 652, in on_member_update
    before_timeout = before.timed_out_until
                     ^^^^^^^^^^^^^^^^^^^^^^
AttributeError: 'Member' object has no attribute 'timed_out_until'
INFO:asu_discord.cogs.verification:Saved 5 roles to database for user chiahsi3 (Discord ID: 887887765390372924)
INFO:asu_discord.cogs.verification:Refreshed Salesforce roles for Discord user 887887765390372924: -5/+5 roles, assigned=[Commited, Graduate Student, International Student, Ira A. Fulton Schools of Engineering, Polytechnic]
Ignoring exception in on_member_update
Traceback (most recent call last):
  File "/usr/local/lib/python3.12/site-packages/discord/client.py", line 465, in _run_event
    await coro(*args, **kwargs)
  File "/app/asu_discord/cogs/analytics.py", line 652, in on_member_update
    before_timeout = before.timed_out_until
                     ^^^^^^^^^^^^^^^^^^^^^^
AttributeError: 'Member' object has no attribute 'timed_out_until'
Ignoring exception in on_member_update
Traceback (most recent call last):
  File "/usr/local/lib/python3.12/site-packages/discord/client.py", line 465, in _run_event
    await coro(*args, **kwargs)
  File "/app/asu_discord/cogs/analytics.py", line 652, in on_member_update
    before_timeout = before.timed_out_until
                     ^^^^^^^^^^^^^^^^^^^^^^
AttributeError: 'Member' object has no attribute 'timed_out_until'
Ignoring exception in on_member_update
Traceback (most recent call last):
  File "/usr/local/lib/python3.12/site-packages/discord/client.py", line 465, in _run_event
    await coro(*args, **kwargs)
  File "/app/asu_discord/cogs/analytics.py", line 652, in on_member_update
    before_timeout = before.timed_out_until
                     ^^^^^^^^^^^^^^^^^^^^^^
AttributeError: 'Member' object has no attribute 'timed_out_until'
Ignoring exception in on_member_update
Traceback (most recent call last):
  File "/usr/local/lib/python3.12/site-packages/discord/client.py", line 465, in _run_event
    await coro(*args, **kwargs)
  File "/app/asu_discord/cogs/analytics.py", line 652, in on_member_update
    before_timeout = before.timed_out_until
                     ^^^^^^^^^^^^^^^^^^^^^^
AttributeError: 'Member' object has no attribute 'timed_out_until'
Ignoring exception in on_member_update
Traceback (most recent call last):
  File "/usr/local/lib/python3.12/site-packages/discord/client.py", line 465, in _run_event
    await coro(*args, **kwargs)
  File "/app/asu_discord/cogs/analytics.py", line 652, in on_member_update
    before_timeout = before.timed_out_until
                     ^^^^^^^^^^^^^^^^^^^^^^
AttributeError: 'Member' object has no attribute 'timed_out_until'
Ignoring exception in on_member_update
Traceback (most recent call last):
  File "/usr/local/lib/python3.12/site-packages/discord/client.py", line 465, in _run_event
    await coro(*args, **kwargs)
  File "/app/asu_discord/cogs/analytics.py", line 652, in on_member_update
    before_timeout = before.timed_out_until
                     ^^^^^^^^^^^^^^^^^^^^^^
AttributeError: 'Member' object has no attribute 'timed_out_until'
Ignoring exception in on_member_update
Traceback (most recent call last):
  File "/usr/local/lib/python3.12/site-packages/discord/client.py", line 465, in _run_event
    await coro(*args, **kwargs)
  File "/app/asu_discord/cogs/analytics.py", line 652, in on_member_update
    before_timeout = before.timed_out_until
                     ^^^^^^^^^^^^^^^^^^^^^^
AttributeError: 'Member' object has no attribute 'timed_out_until'
Ignoring exception in on_member_update
Traceback (most recent call last):
  File "/usr/local/lib/python3.12/site-packages/discord/client.py", line 465, in _run_event
    await coro(*args, **kwargs)
  File "/app/asu_discord/cogs/analytics.py", line 652, in on_member_update
    before_timeout = before.timed_out_until
                     ^^^^^^^^^^^^^^^^^^^^^^
AttributeError: 'Member' object has no attribute 'timed_out_until'
Ignoring exception in on_member_update
Traceback (most recent call last):
  File "/usr/local/lib/python3.12/site-packages/discord/client.py", line 465, in _run_event
    await coro(*args, **kwargs)
  File "/app/asu_discord/cogs/analytics.py", line 652, in on_member_update
    before_timeout = before.timed_out_until
                     ^^^^^^^^^^^^^^^^^^^^^^
AttributeError: 'Member' object has no attribute 'timed_out_until'
Ignoring exception in on_member_update
Traceback (most recent call last):
  File "/usr/local/lib/python3.12/site-packages/discord/client.py", line 465, in _run_event
    await coro(*args, **kwargs)
  File "/app/asu_discord/cogs/analytics.py", line 652, in on_member_update
    before_timeout = before.timed_out_until
                     ^^^^^^^^^^^^^^^^^^^^^^
AttributeError: 'Member' object has no attribute 'timed_out_until'
INFO:asu_discord.cogs.verification:Saved 5 roles to database for user mzahid12 (Discord ID: 857322627877568522)
INFO:asu_discord.cogs.verification:Refreshed Salesforce roles for Discord user 857322627877568522: -5/+5 roles, assigned=[First Generation Student, Graduate Student, International Student, Ira A. Fulton Schools of Engineering, Tempe]
Ignoring exception in on_member_update
Traceback (most recent call last):
  File "/usr/local/lib/python3.12/site-packages/discord/client.py", line 465, in _run_event
    await coro(*args, **kwargs)
  File "/app/asu_discord/cogs/analytics.py", line 652, in on_member_update
    before_timeout = before.timed_out_until
                     ^^^^^^^^^^^^^^^^^^^^^^
AttributeError: 'Member' object has no attribute 'timed_out_until'
Ignoring exception in on_member_update
Traceback (most recent call last):
  File "/usr/local/lib/python3.12/site-packages/discord/client.py", line 465, in _run_event
    await coro(*args, **kwargs)
  File "/app/asu_discord/cogs/analytics.py", line 652, in on_member_update
    before_timeout = before.timed_out_until
                     ^^^^^^^^^^^^^^^^^^^^^^
AttributeError: 'Member' object has no attribute 'timed_out_until'
Ignoring exception in on_member_update
Traceback (most recent call last):
  File "/usr/local/lib/python3.12/site-packages/discord/client.py", line 465, in _run_event
    await coro(*args, **kwargs)
  File "/app/asu_discord/cogs/analytics.py", line 652, in on_member_update
    before_timeout = before.timed_out_until
                     ^^^^^^^^^^^^^^^^^^^^^^
AttributeError: 'Member' object has no attribute 'timed_out_until'
Ignoring exception in on_member_update
Traceback (most recent call last):
  File "/usr/local/lib/python3.12/site-packages/discord/client.py", line 465, in _run_event
    await coro(*args, **kwargs)
  File "/app/asu_discord/cogs/analytics.py", line 652, in on_member_update
    before_timeout = before.timed_out_until
                     ^^^^^^^^^^^^^^^^^^^^^^
AttributeError: 'Member' object has no attribute 'timed_out_until'
Ignoring exception in on_member_update
Traceback (most recent call last):
  File "/usr/local/lib/python3.12/site-packages/discord/client.py", line 465, in _run_event
    await coro(*args, **kwargs)
  File "/app/asu_discord/cogs/analytics.py", line 652, in on_member_update
    before_timeout = before.timed_out_until
                     ^^^^^^^^^^^^^^^^^^^^^^
AttributeError: 'Member' object has no attribute 'timed_out_until'
Ignoring exception in on_member_update
Traceback (most recent call last):
  File "/usr/local/lib/python3.12/site-packages/discord/client.py", line 465, in _run_event
    await coro(*args, **kwargs)
  File "/app/asu_discord/cogs/analytics.py", line 652, in on_member_update
    before_timeout = before.timed_out_until
                     ^^^^^^^^^^^^^^^^^^^^^^
AttributeError: 'Member' object has no attribute 'timed_out_until'
Ignoring exception in on_member_update
Traceback (most recent call last):
  File "/usr/local/lib/python3.12/site-packages/discord/client.py", line 465, in _run_event
    await coro(*args, **kwargs)
  File "/app/asu_discord/cogs/analytics.py", line 652, in on_member_update
    before_timeout = before.timed_out_until
                     ^^^^^^^^^^^^^^^^^^^^^^
AttributeError: 'Member' object has no attribute 'timed_out_until'
Ignoring exception in on_member_update
Traceback (most recent call last):
  File "/usr/local/lib/python3.12/site-packages/discord/client.py", line 465, in _run_event
    await coro(*args, **kwargs)
  File "/app/asu_discord/cogs/analytics.py", line 652, in on_member_update
    before_timeout = before.timed_out_until
                     ^^^^^^^^^^^^^^^^^^^^^^
AttributeError: 'Member' object has no attribute 'timed_out_until'
Ignoring exception in on_member_update
Traceback (most recent call last):
  File "/usr/local/lib/python3.12/site-packages/discord/client.py", line 465, in _run_event
    await coro(*args, **kwargs)
  File "/app/asu_discord/cogs/analytics.py", line 652, in on_member_update
    before_timeout = before.timed_out_until
                     ^^^^^^^^^^^^^^^^^^^^^^
AttributeError: 'Member' object has no attribute 'timed_out_until'
Ignoring exception in on_member_update
Traceback (most recent call last):
  File "/usr/local/lib/python3.12/site-packages/discord/client.py", line 465, in _run_event
    await coro(*args, **kwargs)
  File "/app/asu_discord/cogs/analytics.py", line 652, in on_member_update
    before_timeout = before.timed_out_until
                     ^^^^^^^^^^^^^^^^^^^^^^
AttributeError: 'Member' object has no attribute 'timed_out_until'
INFO:asu_discord.cogs.verification:Saved 5 roles to database for user knola155 (Discord ID: 777858438617104404)
INFO:asu_discord.cogs.verification:Refreshed Salesforce roles for Discord user 777858438617104404: -5/+5 roles, assigned=[Commited, Graduate Student, International Student, Ira A. Fulton Schools of Engineering, Tempe]
Ignoring exception in on_member_update
Traceback (most recent call last):
  File "/usr/local/lib/python3.12/site-packages/discord/client.py", line 465, in _run_event
    await coro(*args, **kwargs)
  File "/app/asu_discord/cogs/analytics.py", line 652, in on_member_update
    before_timeout = before.timed_out_until
                     ^^^^^^^^^^^^^^^^^^^^^^
AttributeError: 'Member' object has no attribute 'timed_out_until'
Ignoring exception in on_member_update
Traceback (most recent call last):
  File "/usr/local/lib/python3.12/site-packages/discord/client.py", line 465, in _run_event
    await coro(*args, **kwargs)
  File "/app/asu_discord/cogs/analytics.py", line 652, in on_member_update
    before_timeout = before.timed_out_until
                     ^^^^^^^^^^^^^^^^^^^^^^
AttributeError: 'Member' object has no attribute 'timed_out_until'
Ignoring exception in on_member_update
Traceback (most recent call last):
  File "/usr/local/lib/python3.12/site-packages/discord/client.py", line 465, in _run_event
    await coro(*args, **kwargs)
  File "/app/asu_discord/cogs/analytics.py", line 652, in on_member_update
    before_timeout = before.timed_out_until
                     ^^^^^^^^^^^^^^^^^^^^^^
AttributeError: 'Member' object has no attribute 'timed_out_until'
Ignoring exception in on_member_update
Traceback (most recent call last):
  File "/usr/local/lib/python3.12/site-packages/discord/client.py", line 465, in _run_event
    await coro(*args, **kwargs)
  File "/app/asu_discord/cogs/analytics.py", line 652, in on_member_update
    before_timeout = before.timed_out_until
                     ^^^^^^^^^^^^^^^^^^^^^^
AttributeError: 'Member' object has no attribute 'timed_out_until'
Ignoring exception in on_member_update
Traceback (most recent call last):
  File "/usr/local/lib/python3.12/site-packages/discord/client.py", line 465, in _run_event
    await coro(*args, **kwargs)
  File "/app/asu_discord/cogs/analytics.py", line 652, in on_member_update
    before_timeout = before.timed_out_until
                     ^^^^^^^^^^^^^^^^^^^^^^
AttributeError: 'Member' object has no attribute 'timed_out_until'
Ignoring exception in on_member_update
Traceback (most recent call last):
  File "/usr/local/lib/python3.12/site-packages/discord/client.py", line 465, in _run_event
    await coro(*args, **kwargs)
  File "/app/asu_discord/cogs/analytics.py", line 652, in on_member_update
    before_timeout = before.timed_out_until
                     ^^^^^^^^^^^^^^^^^^^^^^
AttributeError: 'Member' object has no attribute 'timed_out_until'
Ignoring exception in on_member_update
Traceback (most recent call last):
  File "/usr/local/lib/python3.12/site-packages/discord/client.py", line 465, in _run_event
    await coro(*args, **kwargs)
  File "/app/asu_discord/cogs/analytics.py", line 652, in on_member_update
    before_timeout = before.timed_out_until
                     ^^^^^^^^^^^^^^^^^^^^^^
AttributeError: 'Member' object has no attribute 'timed_out_until'
Ignoring exception in on_member_update
Traceback (most recent call last):
  File "/usr/local/lib/python3.12/site-packages/discord/client.py", line 465, in _run_event
    await coro(*args, **kwargs)
  File "/app/asu_discord/cogs/analytics.py", line 652, in on_member_update
    before_timeout = before.timed_out_until
                     ^^^^^^^^^^^^^^^^^^^^^^
AttributeError: 'Member' object has no attribute 'timed_out_until'
INFO:asu_discord.cogs.verification:Saved 4 roles to database for user jpila (Discord ID: 290504946191695884)
INFO:asu_discord.cogs.verification:Refreshed Salesforce roles for Discord user 290504946191695884: -4/+4 roles, assigned=[Arizona Resident, First Year, Ira A. Fulton Schools of Engineering, Tempe]
Ignoring exception in on_member_update
Traceback (most recent call last):
  File "/usr/local/lib/python3.12/site-packages/discord/client.py", line 465, in _run_event
    await coro(*args, **kwargs)
  File "/app/asu_discord/cogs/analytics.py", line 652, in on_member_update
    before_timeout = before.timed_out_until
                     ^^^^^^^^^^^^^^^^^^^^^^
AttributeError: 'Member' object has no attribute 'timed_out_until'
Ignoring exception in on_member_update
Traceback (most recent call last):
  File "/usr/local/lib/python3.12/site-packages/discord/client.py", line 465, in _run_event
    await coro(*args, **kwargs)
  File "/app/asu_discord/cogs/analytics.py", line 652, in on_member_update
    before_timeout = before.timed_out_until
                     ^^^^^^^^^^^^^^^^^^^^^^
AttributeError: 'Member' object has no attribute 'timed_out_until'
Ignoring exception in on_member_update
Traceback (most recent call last):
  File "/usr/local/lib/python3.12/site-packages/discord/client.py", line 465, in _run_event
    await coro(*args, **kwargs)
  File "/app/asu_discord/cogs/analytics.py", line 652, in on_member_update
    before_timeout = before.timed_out_until
                     ^^^^^^^^^^^^^^^^^^^^^^
AttributeError: 'Member' object has no attribute 'timed_out_until'
Ignoring exception in on_member_update
Traceback (most recent call last):
  File "/usr/local/lib/python3.12/site-packages/discord/client.py", line 465, in _run_event
    await coro(*args, **kwargs)
  File "/app/asu_discord/cogs/analytics.py", line 652, in on_member_update
    before_timeout = before.timed_out_until
                     ^^^^^^^^^^^^^^^^^^^^^^
AttributeError: 'Member' object has no attribute 'timed_out_until'
Ignoring exception in on_member_update
Traceback (most recent call last):
  File "/usr/local/lib/python3.12/site-packages/discord/client.py", line 465, in _run_event
    await coro(*args, **kwargs)
  File "/app/asu_discord/cogs/analytics.py", line 652, in on_member_update
    before_timeout = before.timed_out_until
                     ^^^^^^^^^^^^^^^^^^^^^^
AttributeError: 'Member' object has no attribute 'timed_out_until'
Ignoring exception in on_member_update
Traceback (most recent call last):
  File "/usr/local/lib/python3.12/site-packages/discord/client.py", line 465, in _run_event
    await coro(*args, **kwargs)
  File "/app/asu_discord/cogs/analytics.py", line 652, in on_member_update
    before_timeout = before.timed_out_until
                     ^^^^^^^^^^^^^^^^^^^^^^
AttributeError: 'Member' object has no attribute 'timed_out_until'
Ignoring exception in on_member_update
Traceback (most recent call last):
  File "/usr/local/lib/python3.12/site-packages/discord/client.py", line 465, in _run_event
    await coro(*args, **kwargs)
  File "/app/asu_discord/cogs/analytics.py", line 652, in on_member_update
    before_timeout = before.timed_out_until
                     ^^^^^^^^^^^^^^^^^^^^^^
AttributeError: 'Member' object has no attribute 'timed_out_until'
Ignoring exception in on_member_update
Traceback (most recent call last):
  File "/usr/local/lib/python3.12/site-packages/discord/client.py", line 465, in _run_event
    await coro(*args, **kwargs)
  File "/app/asu_discord/cogs/analytics.py", line 652, in on_member_update
    before_timeout = before.timed_out_until
                     ^^^^^^^^^^^^^^^^^^^^^^
AttributeError: 'Member' object has no attribute 'timed_out_until'
Ignoring exception in on_member_update
Traceback (most recent call last):
  File "/usr/local/lib/python3.12/site-packages/discord/client.py", line 465, in _run_event
    await coro(*args, **kwargs)
  File "/app/asu_discord/cogs/analytics.py", line 652, in on_member_update
    before_timeout = before.timed_out_until
                     ^^^^^^^^^^^^^^^^^^^^^^
AttributeError: 'Member' object has no attribute 'timed_out_until'
Ignoring exception in on_member_update
Traceback (most recent call last):
  File "/usr/local/lib/python3.12/site-packages/discord/client.py", line 465, in _run_event
    await coro(*args, **kwargs)
  File "/app/asu_discord/cogs/analytics.py", line 652, in on_member_update
    before_timeout = before.timed_out_until
                     ^^^^^^^^^^^^^^^^^^^^^^
AttributeError: 'Member' object has no attribute 'timed_out_until'
Ignoring exception in on_member_update
Traceback (most recent call last):
  File "/usr/local/lib/python3.12/site-packages/discord/client.py", line 465, in _run_event
    await coro(*args, **kwargs)
  File "/app/asu_discord/cogs/analytics.py", line 652, in on_member_update
    before_timeout = before.timed_out_until
                     ^^^^^^^^^^^^^^^^^^^^^^
AttributeError: 'Member' object has no attribute 'timed_out_until'
Ignoring exception in on_member_update
Traceback (most recent call last):
  File "/usr/local/lib/python3.12/site-packages/discord/client.py", line 465, in _run_event
    await coro(*args, **kwargs)
  File "/app/asu_discord/cogs/analytics.py", line 652, in on_member_update
    before_timeout = before.timed_out_until
                     ^^^^^^^^^^^^^^^^^^^^^^
AttributeError: 'Member' object has no attribute 'timed_out_until'
INFO:asu_discord.cogs.verification:Saved 6 roles to database for user szheng72 (Discord ID: 439540833956397068)
INFO:asu_discord.cogs.verification:Refreshed Salesforce roles for Discord user 439540833956397068: -6/+6 roles, assigned=[Arizona Resident, Commited, First Generation Student, First Year, Tempe, W.P. Carey School of Business]
Ignoring exception in on_member_update
Traceback (most recent call last):
  File "/usr/local/lib/python3.12/site-packages/discord/client.py", line 465, in _run_event
    await coro(*args, **kwargs)
  File "/app/asu_discord/cogs/analytics.py", line 652, in on_member_update
    before_timeout = before.timed_out_until
                     ^^^^^^^^^^^^^^^^^^^^^^
AttributeError: 'Member' object has no attribute 'timed_out_until'
Ignoring exception in on_member_update
Traceback (most recent call last):
  File "/usr/local/lib/python3.12/site-packages/discord/client.py", line 465, in _run_event
    await coro(*args, **kwargs)
  File "/app/asu_discord/cogs/analytics.py", line 652, in on_member_update
    before_timeout = before.timed_out_until
                     ^^^^^^^^^^^^^^^^^^^^^^
AttributeError: 'Member' object has no attribute 'timed_out_until'
Ignoring exception in on_member_update
Traceback (most recent call last):
  File "/usr/local/lib/python3.12/site-packages/discord/client.py", line 465, in _run_event
    await coro(*args, **kwargs)
  File "/app/asu_discord/cogs/analytics.py", line 652, in on_member_update
    before_timeout = before.timed_out_until
                     ^^^^^^^^^^^^^^^^^^^^^^
AttributeError: 'Member' object has no attribute 'timed_out_until'
Ignoring exception in on_member_update
Traceback (most recent call last):
  File "/usr/local/lib/python3.12/site-packages/discord/client.py", line 465, in _run_event
    await coro(*args, **kwargs)
  File "/app/asu_discord/cogs/analytics.py", line 652, in on_member_update
    before_timeout = before.timed_out_until
                     ^^^^^^^^^^^^^^^^^^^^^^
AttributeError: 'Member' object has no attribute 'timed_out_until'
Ignoring exception in on_member_update
Traceback (most recent call last):
  File "/usr/local/lib/python3.12/site-packages/discord/client.py", line 465, in _run_event
    await coro(*args, **kwargs)
  File "/app/asu_discord/cogs/analytics.py", line 652, in on_member_update
    before_timeout = before.timed_out_until
                     ^^^^^^^^^^^^^^^^^^^^^^
AttributeError: 'Member' object has no attribute 'timed_out_until'
Ignoring exception in on_member_update
Traceback (most recent call last):
  File "/usr/local/lib/python3.12/site-packages/discord/client.py", line 465, in _run_event
    await coro(*args, **kwargs)
  File "/app/asu_discord/cogs/analytics.py", line 652, in on_member_update
    before_timeout = before.timed_out_until
                     ^^^^^^^^^^^^^^^^^^^^^^
AttributeError: 'Member' object has no attribute 'timed_out_until'
Ignoring exception in on_member_update
Traceback (most recent call last):
  File "/usr/local/lib/python3.12/site-packages/discord/client.py", line 465, in _run_event
    await coro(*args, **kwargs)
  File "/app/asu_discord/cogs/analytics.py", line 652, in on_member_update
    before_timeout = before.timed_out_until
                     ^^^^^^^^^^^^^^^^^^^^^^
AttributeError: 'Member' object has no attribute 'timed_out_until'
Ignoring exception in on_member_update
Traceback (most recent call last):
  File "/usr/local/lib/python3.12/site-packages/discord/client.py", line 465, in _run_event
    await coro(*args, **kwargs)
  File "/app/asu_discord/cogs/analytics.py", line 652, in on_member_update
    before_timeout = before.timed_out_until
                     ^^^^^^^^^^^^^^^^^^^^^^
AttributeError: 'Member' object has no attribute 'timed_out_until'
Ignoring exception in on_member_update
Traceback (most recent call last):
  File "/usr/local/lib/python3.12/site-packages/discord/client.py", line 465, in _run_event
    await coro(*args, **kwargs)
  File "/app/asu_discord/cogs/analytics.py", line 652, in on_member_update
    before_timeout = before.timed_out_until
                     ^^^^^^^^^^^^^^^^^^^^^^
AttributeError: 'Member' object has no attribute 'timed_out_until'
Ignoring exception in on_member_update
Traceback (most recent call last):
  File "/usr/local/lib/python3.12/site-packages/discord/client.py", line 465, in _run_event
    await coro(*args, **kwargs)
  File "/app/asu_discord/cogs/analytics.py", line 652, in on_member_update
    before_timeout = before.timed_out_until
                     ^^^^^^^^^^^^^^^^^^^^^^
AttributeError: 'Member' object has no attribute 'timed_out_until'
INFO:asu_discord.cogs.verification:Saved 5 roles to database for user mmkuns (Discord ID: 1462321520687841424)
INFO:asu_discord.cogs.verification:Refreshed Salesforce roles for Discord user 1462321520687841424: -5/+5 roles, assigned=[Arizona Resident, College of Liberal Arts and Sciences, Commited, First Year, Tempe]
ERROR:cron.jobs:refresh_salesforce_roles: failed for dbolla1 (Discord ID 798059966233313292): Failed to refresh Salesforce-based roles: Discord user 798059966233313292 is not a member of the guild
Ignoring exception in on_member_update
Traceback (most recent call last):
  File "/usr/local/lib/python3.12/site-packages/discord/client.py", line 465, in _run_event
    await coro(*args, **kwargs)
  File "/app/asu_discord/cogs/analytics.py", line 652, in on_member_update
    before_timeout = before.timed_out_until
                     ^^^^^^^^^^^^^^^^^^^^^^
AttributeError: 'Member' object has no attribute 'timed_out_until'
Ignoring exception in on_member_update
Traceback (most recent call last):
  File "/usr/local/lib/python3.12/site-packages/discord/client.py", line 465, in _run_event
    await coro(*args, **kwargs)
  File "/app/asu_discord/cogs/analytics.py", line 652, in on_member_update
    before_timeout = before.timed_out_until
                     ^^^^^^^^^^^^^^^^^^^^^^
AttributeError: 'Member' object has no attribute 'timed_out_until'
Ignoring exception in on_member_update
Traceback (most recent call last):
  File "/usr/local/lib/python3.12/site-packages/discord/client.py", line 465, in _run_event
    await coro(*args, **kwargs)
  File "/app/asu_discord/cogs/analytics.py", line 652, in on_member_update
    before_timeout = before.timed_out_until
                     ^^^^^^^^^^^^^^^^^^^^^^
AttributeError: 'Member' object has no attribute 'timed_out_until'
Ignoring exception in on_member_update
Traceback (most recent call last):
  File "/usr/local/lib/python3.12/site-packages/discord/client.py", line 465, in _run_event
    await coro(*args, **kwargs)
  File "/app/asu_discord/cogs/analytics.py", line 652, in on_member_update
    before_timeout = before.timed_out_until
                     ^^^^^^^^^^^^^^^^^^^^^^
AttributeError: 'Member' object has no attribute 'timed_out_until'
Ignoring exception in on_member_update
Traceback (most recent call last):
  File "/usr/local/lib/python3.12/site-packages/discord/client.py", line 465, in _run_event
    await coro(*args, **kwargs)
  File "/app/asu_discord/cogs/analytics.py", line 652, in on_member_update
    before_timeout = before.timed_out_until
                     ^^^^^^^^^^^^^^^^^^^^^^
AttributeError: 'Member' object has no attribute 'timed_out_until'
Ignoring exception in on_member_update
Traceback (most recent call last):
  File "/usr/local/lib/python3.12/site-packages/discord/client.py", line 465, in _run_event
    await coro(*args, **kwargs)
  File "/app/asu_discord/cogs/analytics.py", line 652, in on_member_update
    before_timeout = before.timed_out_until
                     ^^^^^^^^^^^^^^^^^^^^^^
AttributeError: 'Member' object has no attribute 'timed_out_until'
Ignoring exception in on_member_update
Traceback (most recent call last):
  File "/usr/local/lib/python3.12/site-packages/discord/client.py", line 465, in _run_event
    await coro(*args, **kwargs)
  File "/app/asu_discord/cogs/analytics.py", line 652, in on_member_update
    before_timeout = before.timed_out_until
                     ^^^^^^^^^^^^^^^^^^^^^^
AttributeError: 'Member' object has no attribute 'timed_out_until'
Ignoring exception in on_member_update
Traceback (most recent call last):
  File "/usr/local/lib/python3.12/site-packages/discord/client.py", line 465, in _run_event
    await coro(*args, **kwargs)
  File "/app/asu_discord/cogs/analytics.py", line 652, in on_member_update
    before_timeout = before.timed_out_until
                     ^^^^^^^^^^^^^^^^^^^^^^
AttributeError: 'Member' object has no attribute 'timed_out_until'
Ignoring exception in on_member_update
Traceback (most recent call last):
  File "/usr/local/lib/python3.12/site-packages/discord/client.py", line 465, in _run_event
    await coro(*args, **kwargs)
  File "/app/asu_discord/cogs/analytics.py", line 652, in on_member_update
    before_timeout = before.timed_out_until
                     ^^^^^^^^^^^^^^^^^^^^^^
AttributeError: 'Member' object has no attribute 'timed_out_until'
Ignoring exception in on_member_update
Traceback (most recent call last):
  File "/usr/local/lib/python3.12/site-packages/discord/client.py", line 465, in _run_event
    await coro(*args, **kwargs)
  File "/app/asu_discord/cogs/analytics.py", line 652, in on_member_update
    before_timeout = before.timed_out_until
                     ^^^^^^^^^^^^^^^^^^^^^^
AttributeError: 'Member' object has no attribute 'timed_out_until'
ERROR:cron.jobs:refresh_salesforce_roles: failed for ephilpo2 (Discord ID 1215305882792104047): Timed out refresh Salesforce-based roles
Ignoring exception in on_member_update
Traceback (most recent call last):
  File "/usr/local/lib/python3.12/site-packages/discord/client.py", line 465, in _run_event
    await coro(*args, **kwargs)
  File "/app/asu_discord/cogs/analytics.py", line 652, in on_member_update
    before_timeout = before.timed_out_until
                     ^^^^^^^^^^^^^^^^^^^^^^
AttributeError: 'Member' object has no attribute 'timed_out_until'
Ignoring exception in on_member_update
Traceback (most recent call last):
  File "/usr/local/lib/python3.12/site-packages/discord/client.py", line 465, in _run_event
    await coro(*args, **kwargs)
  File "/app/asu_discord/cogs/analytics.py", line 652, in on_member_update
    before_timeout = before.timed_out_until
                     ^^^^^^^^^^^^^^^^^^^^^^
AttributeError: 'Member' object has no attribute 'timed_out_until'
Ignoring exception in on_member_update
Traceback (most recent call last):
  File "/usr/local/lib/python3.12/site-packages/discord/client.py", line 465, in _run_event
    await coro(*args, **kwargs)
  File "/app/asu_discord/cogs/analytics.py", line 652, in on_member_update
    before_timeout = before.timed_out_until
                     ^^^^^^^^^^^^^^^^^^^^^^
AttributeError: 'Member' object has no attribute 'timed_out_until'
Ignoring exception in on_member_update
Traceback (most recent call last):
  File "/usr/local/lib/python3.12/site-packages/discord/client.py", line 465, in _run_event
    await coro(*args, **kwargs)
  File "/app/asu_discord/cogs/analytics.py", line 652, in on_member_update
    before_timeout = before.timed_out_until
                     ^^^^^^^^^^^^^^^^^^^^^^
AttributeError: 'Member' object has no attribute 'timed_out_until'
Ignoring exception in on_member_update
Traceback (most recent call last):
  File "/usr/local/lib/python3.12/site-packages/discord/client.py", line 465, in _run_event
    await coro(*args, **kwargs)
  File "/app/asu_discord/cogs/analytics.py", line 652, in on_member_update
    before_timeout = before.timed_out_until
                     ^^^^^^^^^^^^^^^^^^^^^^
AttributeError: 'Member' object has no attribute 'timed_out_until'
Ignoring exception in on_member_update
Traceback (most recent call last):
  File "/usr/local/lib/python3.12/site-packages/discord/client.py", line 465, in _run_event
    await coro(*args, **kwargs)
  File "/app/asu_discord/cogs/analytics.py", line 652, in on_member_update
    before_timeout = before.timed_out_until
                     ^^^^^^^^^^^^^^^^^^^^^^
AttributeError: 'Member' object has no attribute 'timed_out_until'
Ignoring exception in on_member_update
Traceback (most recent call last):
  File "/usr/local/lib/python3.12/site-packages/discord/client.py", line 465, in _run_event
    await coro(*args, **kwargs)
  File "/app/asu_discord/cogs/analytics.py", line 652, in on_member_update
    before_timeout = before.timed_out_until
                     ^^^^^^^^^^^^^^^^^^^^^^
AttributeError: 'Member' object has no attribute 'timed_out_until'
Ignoring exception in on_member_update
Traceback (most recent call last):
  File "/usr/local/lib/python3.12/site-packages/discord/client.py", line 465, in _run_event
    await coro(*args, **kwargs)
  File "/app/asu_discord/cogs/analytics.py", line 652, in on_member_update
    before_timeout = before.timed_out_until
                     ^^^^^^^^^^^^^^^^^^^^^^
AttributeError: 'Member' object has no attribute 'timed_out_until'
Ignoring exception in on_member_update
Traceback (most recent call last):
  File "/usr/local/lib/python3.12/site-packages/discord/client.py", line 465, in _run_event
    await coro(*args, **kwargs)
  File "/app/asu_discord/cogs/analytics.py", line 652, in on_member_update
    before_timeout = before.timed_out_until
                     ^^^^^^^^^^^^^^^^^^^^^^
AttributeError: 'Member' object has no attribute 'timed_out_until'
INFO:asu_discord.cogs.verification:Saved 5 roles to database for user desmit55 (Discord ID: 1488539943679557805)
INFO:asu_discord.cogs.verification:Refreshed Salesforce roles for Discord user 1488539943679557805: -4/+5 roles, assigned=[Arizona Resident, College of Liberal Arts and Sciences, Commited, First Year, Tempe]
Ignoring exception in on_member_update
Traceback (most recent call last):
  File "/usr/local/lib/python3.12/site-packages/discord/client.py", line 465, in _run_event
    await coro(*args, **kwargs)
  File "/app/asu_discord/cogs/analytics.py", line 652, in on_member_update
    before_timeout = before.timed_out_until
                     ^^^^^^^^^^^^^^^^^^^^^^
AttributeError: 'Member' object has no attribute 'timed_out_until'
Ignoring exception in on_member_update
Traceback (most recent call last):
  File "/usr/local/lib/python3.12/site-packages/discord/client.py", line 465, in _run_event
    await coro(*args, **kwargs)
  File "/app/asu_discord/cogs/analytics.py", line 652, in on_member_update
    before_timeout = before.timed_out_until
                     ^^^^^^^^^^^^^^^^^^^^^^
AttributeError: 'Member' object has no attribute 'timed_out_until'
Ignoring exception in on_member_update
Traceback (most recent call last):
  File "/usr/local/lib/python3.12/site-packages/discord/client.py", line 465, in _run_event
    await coro(*args, **kwargs)
  File "/app/asu_discord/cogs/analytics.py", line 652, in on_member_update
    before_timeout = before.timed_out_until
                     ^^^^^^^^^^^^^^^^^^^^^^
AttributeError: 'Member' object has no attribute 'timed_out_until'
Ignoring exception in on_member_update
Traceback (most recent call last):
  File "/usr/local/lib/python3.12/site-packages/discord/client.py", line 465, in _run_event
    await coro(*args, **kwargs)
  File "/app/asu_discord/cogs/analytics.py", line 652, in on_member_update
    before_timeout = before.timed_out_until
                     ^^^^^^^^^^^^^^^^^^^^^^
AttributeError: 'Member' object has no attribute 'timed_out_until'
Ignoring exception in on_member_update
Traceback (most recent call last):
  File "/usr/local/lib/python3.12/site-packages/discord/client.py", line 465, in _run_event
    await coro(*args, **kwargs)
  File "/app/asu_discord/cogs/analytics.py", line 652, in on_member_update
    before_timeout = before.timed_out_until
                     ^^^^^^^^^^^^^^^^^^^^^^
AttributeError: 'Member' object has no attribute 'timed_out_until'
Ignoring exception in on_member_update
Traceback (most recent call last):
  File "/usr/local/lib/python3.12/site-packages/discord/client.py", line 465, in _run_event
    await coro(*args, **kwargs)
  File "/app/asu_discord/cogs/analytics.py", line 652, in on_member_update
    before_timeout = before.timed_out_until
                     ^^^^^^^^^^^^^^^^^^^^^^
AttributeError: 'Member' object has no attribute 'timed_out_until'
Ignoring exception in on_member_update
Traceback (most recent call last):
  File "/usr/local/lib/python3.12/site-packages/discord/client.py", line 465, in _run_event
    await coro(*args, **kwargs)
  File "/app/asu_discord/cogs/analytics.py", line 652, in on_member_update
    before_timeout = before.timed_out_until
                     ^^^^^^^^^^^^^^^^^^^^^^
AttributeError: 'Member' object has no attribute 'timed_out_until'
Ignoring exception in on_member_update
Traceback (most recent call last):
  File "/usr/local/lib/python3.12/site-packages/discord/client.py", line 465, in _run_event
    await coro(*args, **kwargs)
  File "/app/asu_discord/cogs/analytics.py", line 652, in on_member_update
    before_timeout = before.timed_out_until
                     ^^^^^^^^^^^^^^^^^^^^^^
AttributeError: 'Member' object has no attribute 'timed_out_until'
Ignoring exception in on_member_update
Traceback (most recent call last):
  File "/usr/local/lib/python3.12/site-packages/discord/client.py", line 465, in _run_event
    await coro(*args, **kwargs)
  File "/app/asu_discord/cogs/analytics.py", line 652, in on_member_update
    before_timeout = before.timed_out_until
                     ^^^^^^^^^^^^^^^^^^^^^^
AttributeError: 'Member' object has no attribute 'timed_out_until'
Ignoring exception in on_member_update
Traceback (most recent call last):
  File "/usr/local/lib/python3.12/site-packages/discord/client.py", line 465, in _run_event
    await coro(*args, **kwargs)
  File "/app/asu_discord/cogs/analytics.py", line 652, in on_member_update
    before_timeout = before.timed_out_until
                     ^^^^^^^^^^^^^^^^^^^^^^
AttributeError: 'Member' object has no attribute 'timed_out_until'
INFO:asu_discord.cogs.verification:Saved 5 roles to database for user bdacost2 (Discord ID: 1011818313132814427)
INFO:asu_discord.cogs.verification:Refreshed Salesforce roles for Discord user 1011818313132814427: -5/+5 roles, assigned=[Commited, Graduate Student, Ira A. Fulton Schools of Engineering, Out of State, Polytechnic]
Ignoring exception in on_member_update
Traceback (most recent call last):
  File "/usr/local/lib/python3.12/site-packages/discord/client.py", line 465, in _run_event
    await coro(*args, **kwargs)
  File "/app/asu_discord/cogs/analytics.py", line 652, in on_member_update
    before_timeout = before.timed_out_until
                     ^^^^^^^^^^^^^^^^^^^^^^
AttributeError: 'Member' object has no attribute 'timed_out_until'
Ignoring exception in on_member_update
Traceback (most recent call last):
  File "/usr/local/lib/python3.12/site-packages/discord/client.py", line 465, in _run_event
    await coro(*args, **kwargs)
  File "/app/asu_discord/cogs/analytics.py", line 652, in on_member_update
    before_timeout = before.timed_out_until
                     ^^^^^^^^^^^^^^^^^^^^^^
AttributeError: 'Member' object has no attribute 'timed_out_until'
Ignoring exception in on_member_update
Traceback (most recent call last):
  File "/usr/local/lib/python3.12/site-packages/discord/client.py", line 465, in _run_event
    await coro(*args, **kwargs)
  File "/app/asu_discord/cogs/analytics.py", line 652, in on_member_update
    before_timeout = before.timed_out_until
                     ^^^^^^^^^^^^^^^^^^^^^^
AttributeError: 'Member' object has no attribute 'timed_out_until'
Ignoring exception in on_member_update
Traceback (most recent call last):
  File "/usr/local/lib/python3.12/site-packages/discord/client.py", line 465, in _run_event
    await coro(*args, **kwargs)
  File "/app/asu_discord/cogs/analytics.py", line 652, in on_member_update
    before_timeout = before.timed_out_until
                     ^^^^^^^^^^^^^^^^^^^^^^
AttributeError: 'Member' object has no attribute 'timed_out_until'
Ignoring exception in on_member_update
Traceback (most recent call last):
  File "/usr/local/lib/python3.12/site-packages/discord/client.py", line 465, in _run_event
    await coro(*args, **kwargs)
  File "/app/asu_discord/cogs/analytics.py", line 652, in on_member_update
    before_timeout = before.timed_out_until
                     ^^^^^^^^^^^^^^^^^^^^^^
AttributeError: 'Member' object has no attribute 'timed_out_until'
Ignoring exception in on_member_update
Traceback (most recent call last):
  File "/usr/local/lib/python3.12/site-packages/discord/client.py", line 465, in _run_event
    await coro(*args, **kwargs)
  File "/app/asu_discord/cogs/analytics.py", line 652, in on_member_update
    before_timeout = before.timed_out_until
                     ^^^^^^^^^^^^^^^^^^^^^^
AttributeError: 'Member' object has no attribute 'timed_out_until'
Ignoring exception in on_member_update
Traceback (most recent call last):
  File "/usr/local/lib/python3.12/site-packages/discord/client.py", line 465, in _run_event
    await coro(*args, **kwargs)
  File "/app/asu_discord/cogs/analytics.py", line 652, in on_member_update
    before_timeout = before.timed_out_until
                     ^^^^^^^^^^^^^^^^^^^^^^
AttributeError: 'Member' object has no attribute 'timed_out_until'
Ignoring exception in on_member_update
Traceback (most recent call last):
  File "/usr/local/lib/python3.12/site-packages/discord/client.py", line 465, in _run_event
    await coro(*args, **kwargs)
  File "/app/asu_discord/cogs/analytics.py", line 652, in on_member_update
    before_timeout = before.timed_out_until
                     ^^^^^^^^^^^^^^^^^^^^^^
AttributeError: 'Member' object has no attribute 'timed_out_until'
Ignoring exception in on_member_update
Traceback (most recent call last):
  File "/usr/local/lib/python3.12/site-packages/discord/client.py", line 465, in _run_event
    await coro(*args, **kwargs)
  File "/app/asu_discord/cogs/analytics.py", line 652, in on_member_update
    before_timeout = before.timed_out_until
                     ^^^^^^^^^^^^^^^^^^^^^^
AttributeError: 'Member' object has no attribute 'timed_out_until'
Ignoring exception in on_member_update
Traceback (most recent call last):
  File "/usr/local/lib/python3.12/site-packages/discord/client.py", line 465, in _run_event
    await coro(*args, **kwargs)
  File "/app/asu_discord/cogs/analytics.py", line 652, in on_member_update
    before_timeout = before.timed_out_until
                     ^^^^^^^^^^^^^^^^^^^^^^
AttributeError: 'Member' object has no attribute 'timed_out_until'
INFO:asu_discord.cogs.verification:Saved 5 roles to database for user gkollur1 (Discord ID: 930327236488351804)
INFO:asu_discord.cogs.verification:Refreshed Salesforce roles for Discord user 930327236488351804: -5/+5 roles, assigned=[Commited, Graduate Student, International Student, Ira A. Fulton Schools of Engineering, Tempe]
Ignoring exception in on_member_update
Traceback (most recent call last):
  File "/usr/local/lib/python3.12/site-packages/discord/client.py", line 465, in _run_event
    await coro(*args, **kwargs)
  File "/app/asu_discord/cogs/analytics.py", line 652, in on_member_update
    before_timeout = before.timed_out_until
                     ^^^^^^^^^^^^^^^^^^^^^^
AttributeError: 'Member' object has no attribute 'timed_out_until'
Ignoring exception in on_member_update
Traceback (most recent call last):
  File "/usr/local/lib/python3.12/site-packages/discord/client.py", line 465, in _run_event
    await coro(*args, **kwargs)
  File "/app/asu_discord/cogs/analytics.py", line 652, in on_member_update
    before_timeout = before.timed_out_until
                     ^^^^^^^^^^^^^^^^^^^^^^
AttributeError: 'Member' object has no attribute 'timed_out_until'
Ignoring exception in on_member_update
Traceback (most recent call last):
  File "/usr/local/lib/python3.12/site-packages/discord/client.py", line 465, in _run_event
    await coro(*args, **kwargs)
  File "/app/asu_discord/cogs/analytics.py", line 652, in on_member_update
    before_timeout = before.timed_out_until
                     ^^^^^^^^^^^^^^^^^^^^^^
AttributeError: 'Member' object has no attribute 'timed_out_until'
Ignoring exception in on_member_update
Traceback (most recent call last):
  File "/usr/local/lib/python3.12/site-packages/discord/client.py", line 465, in _run_event
    await coro(*args, **kwargs)
  File "/app/asu_discord/cogs/analytics.py", line 652, in on_member_update
    before_timeout = before.timed_out_until
                     ^^^^^^^^^^^^^^^^^^^^^^
AttributeError: 'Member' object has no attribute 'timed_out_until'
Ignoring exception in on_member_update
Traceback (most recent call last):
  File "/usr/local/lib/python3.12/site-packages/discord/client.py", line 465, in _run_event
    await coro(*args, **kwargs)
  File "/app/asu_discord/cogs/analytics.py", line 652, in on_member_update
    before_timeout = before.timed_out_until
                     ^^^^^^^^^^^^^^^^^^^^^^
AttributeError: 'Member' object has no attribute 'timed_out_until'
Ignoring exception in on_member_update
Traceback (most recent call last):
  File "/usr/local/lib/python3.12/site-packages/discord/client.py", line 465, in _run_event
    await coro(*args, **kwargs)
  File "/app/asu_discord/cogs/analytics.py", line 652, in on_member_update
    before_timeout = before.timed_out_until
                     ^^^^^^^^^^^^^^^^^^^^^^
AttributeError: 'Member' object has no attribute 'timed_out_until'
Ignoring exception in on_member_update
Traceback (most recent call last):
  File "/usr/local/lib/python3.12/site-packages/discord/client.py", line 465, in _run_event
    await coro(*args, **kwargs)
  File "/app/asu_discord/cogs/analytics.py", line 652, in on_member_update
    before_timeout = before.timed_out_until
                     ^^^^^^^^^^^^^^^^^^^^^^
AttributeError: 'Member' object has no attribute 'timed_out_until'
Ignoring exception in on_member_update
Traceback (most recent call last):
  File "/usr/local/lib/python3.12/site-packages/discord/client.py", line 465, in _run_event
    await coro(*args, **kwargs)
  File "/app/asu_discord/cogs/analytics.py", line 652, in on_member_update
    before_timeout = before.timed_out_until
                     ^^^^^^^^^^^^^^^^^^^^^^
AttributeError: 'Member' object has no attribute 'timed_out_until'
Ignoring exception in on_member_update
Traceback (most recent call last):
  File "/usr/local/lib/python3.12/site-packages/discord/client.py", line 465, in _run_event
    await coro(*args, **kwargs)
  File "/app/asu_discord/cogs/analytics.py", line 652, in on_member_update
    before_timeout = before.timed_out_until
                     ^^^^^^^^^^^^^^^^^^^^^^
AttributeError: 'Member' object has no attribute 'timed_out_until'
Ignoring exception in on_member_update
Traceback (most recent call last):
  File "/usr/local/lib/python3.12/site-packages/discord/client.py", line 465, in _run_event
    await coro(*args, **kwargs)
  File "/app/asu_discord/cogs/analytics.py", line 652, in on_member_update
    before_timeout = before.timed_out_until
                     ^^^^^^^^^^^^^^^^^^^^^^
AttributeError: 'Member' object has no attribute 'timed_out_until'
INFO:asu_discord.cogs.verification:Saved 5 roles to database for user sombitro (Discord ID: 1226793872395468832)
INFO:asu_discord.cogs.verification:Refreshed Salesforce roles for Discord user 1226793872395468832: -5/+5 roles, assigned=[Commited, Graduate Student, International Student, Ira A. Fulton Schools of Engineering, Tempe]
Ignoring exception in on_member_update
Traceback (most recent call last):
  File "/usr/local/lib/python3.12/site-packages/discord/client.py", line 465, in _run_event
    await coro(*args, **kwargs)
  File "/app/asu_discord/cogs/analytics.py", line 652, in on_member_update
    before_timeout = before.timed_out_until
                     ^^^^^^^^^^^^^^^^^^^^^^
AttributeError: 'Member' object has no attribute 'timed_out_until'
Ignoring exception in on_member_update
Traceback (most recent call last):
  File "/usr/local/lib/python3.12/site-packages/discord/client.py", line 465, in _run_event
    await coro(*args, **kwargs)
  File "/app/asu_discord/cogs/analytics.py", line 652, in on_member_update
    before_timeout = before.timed_out_until
                     ^^^^^^^^^^^^^^^^^^^^^^
AttributeError: 'Member' object has no attribute 'timed_out_until'
Ignoring exception in on_member_update
Traceback (most recent call last):
  File "/usr/local/lib/python3.12/site-packages/discord/client.py", line 465, in _run_event
    await coro(*args, **kwargs)
  File "/app/asu_discord/cogs/analytics.py", line 652, in on_member_update
    before_timeout = before.timed_out_until
                     ^^^^^^^^^^^^^^^^^^^^^^
AttributeError: 'Member' object has no attribute 'timed_out_until'
Ignoring exception in on_member_update
Traceback (most recent call last):
  File "/usr/local/lib/python3.12/site-packages/discord/client.py", line 465, in _run_event
    await coro(*args, **kwargs)
  File "/app/asu_discord/cogs/analytics.py", line 652, in on_member_update
    before_timeout = before.timed_out_until
                     ^^^^^^^^^^^^^^^^^^^^^^
AttributeError: 'Member' object has no attribute 'timed_out_until'
Ignoring exception in on_member_update
Traceback (most recent call last):
  File "/usr/local/lib/python3.12/site-packages/discord/client.py", line 465, in _run_event
    await coro(*args, **kwargs)
  File "/app/asu_discord/cogs/analytics.py", line 652, in on_member_update
    before_timeout = before.timed_out_until
                     ^^^^^^^^^^^^^^^^^^^^^^
AttributeError: 'Member' object has no attribute 'timed_out_until'
Ignoring exception in on_member_update
Traceback (most recent call last):
  File "/usr/local/lib/python3.12/site-packages/discord/client.py", line 465, in _run_event
    await coro(*args, **kwargs)
  File "/app/asu_discord/cogs/analytics.py", line 652, in on_member_update
    before_timeout = before.timed_out_until
                     ^^^^^^^^^^^^^^^^^^^^^^
AttributeError: 'Member' object has no attribute 'timed_out_until'
Ignoring exception in on_member_update
Traceback (most recent call last):
  File "/usr/local/lib/python3.12/site-packages/discord/client.py", line 465, in _run_event
    await coro(*args, **kwargs)
  File "/app/asu_discord/cogs/analytics.py", line 652, in on_member_update
    before_timeout = before.timed_out_until
                     ^^^^^^^^^^^^^^^^^^^^^^
AttributeError: 'Member' object has no attribute 'timed_out_until'
Ignoring exception in on_member_update
Traceback (most recent call last):
  File "/usr/local/lib/python3.12/site-packages/discord/client.py", line 465, in _run_event
    await coro(*args, **kwargs)
  File "/app/asu_discord/cogs/analytics.py", line 652, in on_member_update
    before_timeout = before.timed_out_until
                     ^^^^^^^^^^^^^^^^^^^^^^
AttributeError: 'Member' object has no attribute 'timed_out_until'
Ignoring exception in on_member_update
Traceback (most recent call last):
  File "/usr/local/lib/python3.12/site-packages/discord/client.py", line 465, in _run_event
    await coro(*args, **kwargs)
  File "/app/asu_discord/cogs/analytics.py", line 652, in on_member_update
    before_timeout = before.timed_out_until
                     ^^^^^^^^^^^^^^^^^^^^^^
AttributeError: 'Member' object has no attribute 'timed_out_until'
INFO:asu_discord.cogs.verification:Saved 6 roles to database for user ntakyi (Discord ID: 1491573060321673247)
INFO:asu_discord.cogs.verification:Refreshed Salesforce roles for Discord user 1491573060321673247: -3/+6 roles, assigned=[Commited, First Generation Student, First Year, International Student, Ira A. Fulton Schools of Engineering, Polytechnic]
Ignoring exception in on_member_update
Traceback (most recent call last):
  File "/usr/local/lib/python3.12/site-packages/discord/client.py", line 465, in _run_event
    await coro(*args, **kwargs)
  File "/app/asu_discord/cogs/analytics.py", line 652, in on_member_update
    before_timeout = before.timed_out_until
                     ^^^^^^^^^^^^^^^^^^^^^^
AttributeError: 'Member' object has no attribute 'timed_out_until'
Ignoring exception in on_member_update
Traceback (most recent call last):
  File "/usr/local/lib/python3.12/site-packages/discord/client.py", line 465, in _run_event
    await coro(*args, **kwargs)
  File "/app/asu_discord/cogs/analytics.py", line 652, in on_member_update
    before_timeout = before.timed_out_until
                     ^^^^^^^^^^^^^^^^^^^^^^
AttributeError: 'Member' object has no attribute 'timed_out_until'
Ignoring exception in on_member_update
Traceback (most recent call last):
  File "/usr/local/lib/python3.12/site-packages/discord/client.py", line 465, in _run_event
    await coro(*args, **kwargs)
  File "/app/asu_discord/cogs/analytics.py", line 652, in on_member_update
    before_timeout = before.timed_out_until
                     ^^^^^^^^^^^^^^^^^^^^^^
AttributeError: 'Member' object has no attribute 'timed_out_until'
Ignoring exception in on_member_update
Traceback (most recent call last):
  File "/usr/local/lib/python3.12/site-packages/discord/client.py", line 465, in _run_event
    await coro(*args, **kwargs)
  File "/app/asu_discord/cogs/analytics.py", line 652, in on_member_update
    before_timeout = before.timed_out_until
                     ^^^^^^^^^^^^^^^^^^^^^^
AttributeError: 'Member' object has no attribute 'timed_out_until'
Ignoring exception in on_member_update
Traceback (most recent call last):
  File "/usr/local/lib/python3.12/site-packages/discord/client.py", line 465, in _run_event
    await coro(*args, **kwargs)
  File "/app/asu_discord/cogs/analytics.py", line 652, in on_member_update
    before_timeout = before.timed_out_until
                     ^^^^^^^^^^^^^^^^^^^^^^
AttributeError: 'Member' object has no attribute 'timed_out_until'
Ignoring exception in on_member_update
Traceback (most recent call last):
  File "/usr/local/lib/python3.12/site-packages/discord/client.py", line 465, in _run_event
    await coro(*args, **kwargs)
  File "/app/asu_discord/cogs/analytics.py", line 652, in on_member_update
    before_timeout = before.timed_out_until
                     ^^^^^^^^^^^^^^^^^^^^^^
AttributeError: 'Member' object has no attribute 'timed_out_until'
Ignoring exception in on_member_update
Traceback (most recent call last):
  File "/usr/local/lib/python3.12/site-packages/discord/client.py", line 465, in _run_event
    await coro(*args, **kwargs)
  File "/app/asu_discord/cogs/analytics.py", line 652, in on_member_update
    before_timeout = before.timed_out_until
                     ^^^^^^^^^^^^^^^^^^^^^^
AttributeError: 'Member' object has no attribute 'timed_out_until'
Ignoring exception in on_member_update
Traceback (most recent call last):
  File "/usr/local/lib/python3.12/site-packages/discord/client.py", line 465, in _run_event
    await coro(*args, **kwargs)
  File "/app/asu_discord/cogs/analytics.py", line 652, in on_member_update
    before_timeout = before.timed_out_until
                     ^^^^^^^^^^^^^^^^^^^^^^
AttributeError: 'Member' object has no attribute 'timed_out_until'
ERROR:cron.jobs:refresh_salesforce_roles: failed for nreeb (Discord ID 1488020892897509528): Timed out refresh Salesforce-based roles
Ignoring exception in on_member_update
Traceback (most recent call last):
  File "/usr/local/lib/python3.12/site-packages/discord/client.py", line 465, in _run_event
    await coro(*args, **kwargs)
  File "/app/asu_discord/cogs/analytics.py", line 652, in on_member_update
    before_timeout = before.timed_out_until
                     ^^^^^^^^^^^^^^^^^^^^^^
AttributeError: 'Member' object has no attribute 'timed_out_until'
Ignoring exception in on_member_update
Traceback (most recent call last):
  File "/usr/local/lib/python3.12/site-packages/discord/client.py", line 465, in _run_event
    await coro(*args, **kwargs)
  File "/app/asu_discord/cogs/analytics.py", line 652, in on_member_update
    before_timeout = before.timed_out_until
                     ^^^^^^^^^^^^^^^^^^^^^^
AttributeError: 'Member' object has no attribute 'timed_out_until'
Ignoring exception in on_member_update
Traceback (most recent call last):
  File "/usr/local/lib/python3.12/site-packages/discord/client.py", line 465, in _run_event
    await coro(*args, **kwargs)
  File "/app/asu_discord/cogs/analytics.py", line 652, in on_member_update
    before_timeout = before.timed_out_until
                     ^^^^^^^^^^^^^^^^^^^^^^
AttributeError: 'Member' object has no attribute 'timed_out_until'
Ignoring exception in on_member_update
Traceback (most recent call last):
  File "/usr/local/lib/python3.12/site-packages/discord/client.py", line 465, in _run_event
    await coro(*args, **kwargs)
  File "/app/asu_discord/cogs/analytics.py", line 652, in on_member_update
    before_timeout = before.timed_out_until
                     ^^^^^^^^^^^^^^^^^^^^^^
AttributeError: 'Member' object has no attribute 'timed_out_until'
Ignoring exception in on_member_update
Traceback (most recent call last):
  File "/usr/local/lib/python3.12/site-packages/discord/client.py", line 465, in _run_event
    await coro(*args, **kwargs)
  File "/app/asu_discord/cogs/analytics.py", line 652, in on_member_update
    before_timeout = before.timed_out_until
                     ^^^^^^^^^^^^^^^^^^^^^^
AttributeError: 'Member' object has no attribute 'timed_out_until'
Ignoring exception in on_member_update
Traceback (most recent call last):
  File "/usr/local/lib/python3.12/site-packages/discord/client.py", line 465, in _run_event
    await coro(*args, **kwargs)
  File "/app/asu_discord/cogs/analytics.py", line 652, in on_member_update
    before_timeout = before.timed_out_until
                     ^^^^^^^^^^^^^^^^^^^^^^
AttributeError: 'Member' object has no attribute 'timed_out_until'
Ignoring exception in on_member_update
Traceback (most recent call last):
  File "/usr/local/lib/python3.12/site-packages/discord/client.py", line 465, in _run_event
    await coro(*args, **kwargs)
  File "/app/asu_discord/cogs/analytics.py", line 652, in on_member_update
    before_timeout = before.timed_out_until
                     ^^^^^^^^^^^^^^^^^^^^^^
AttributeError: 'Member' object has no attribute 'timed_out_until'
Ignoring exception in on_member_update
Traceback (most recent call last):
  File "/usr/local/lib/python3.12/site-packages/discord/client.py", line 465, in _run_event
    await coro(*args, **kwargs)
  File "/app/asu_discord/cogs/analytics.py", line 652, in on_member_update
    before_timeout = before.timed_out_until
                     ^^^^^^^^^^^^^^^^^^^^^^
AttributeError: 'Member' object has no attribute 'timed_out_until'
Ignoring exception in on_member_update
Traceback (most recent call last):
  File "/usr/local/lib/python3.12/site-packages/discord/client.py", line 465, in _run_event
    await coro(*args, **kwargs)
  File "/app/asu_discord/cogs/analytics.py", line 652, in on_member_update
    before_timeout = before.timed_out_until
                     ^^^^^^^^^^^^^^^^^^^^^^
AttributeError: 'Member' object has no attribute 'timed_out_until'
Ignoring exception in on_member_update
Traceback (most recent call last):
  File "/usr/local/lib/python3.12/site-packages/discord/client.py", line 465, in _run_event
    await coro(*args, **kwargs)
  File "/app/asu_discord/cogs/analytics.py", line 652, in on_member_update
    before_timeout = before.timed_out_until
                     ^^^^^^^^^^^^^^^^^^^^^^
AttributeError: 'Member' object has no attribute 'timed_out_until'
Ignoring exception in on_member_update
Traceback (most recent call last):
  File "/usr/local/lib/python3.12/site-packages/discord/client.py", line 465, in _run_event
    await coro(*args, **kwargs)
  File "/app/asu_discord/cogs/analytics.py", line 652, in on_member_update
    before_timeout = before.timed_out_until
                     ^^^^^^^^^^^^^^^^^^^^^^
AttributeError: 'Member' object has no attribute 'timed_out_until'
INFO:asu_discord.cogs.verification:Saved 5 roles to database for user ruihant1 (Discord ID: 1501005822753505330)
INFO:asu_discord.cogs.verification:Refreshed Salesforce roles for Discord user 1501005822753505330: -5/+5 roles, assigned=[First Generation Student, Graduate Student, International Student, Ira A. Fulton Schools of Engineering, Tempe]
Ignoring exception in on_member_update
Traceback (most recent call last):
  File "/usr/local/lib/python3.12/site-packages/discord/client.py", line 465, in _run_event
    await coro(*args, **kwargs)
  File "/app/asu_discord/cogs/analytics.py", line 652, in on_member_update
    before_timeout = before.timed_out_until
                     ^^^^^^^^^^^^^^^^^^^^^^
AttributeError: 'Member' object has no attribute 'timed_out_until'
Ignoring exception in on_member_update
Traceback (most recent call last):
  File "/usr/local/lib/python3.12/site-packages/discord/client.py", line 465, in _run_event
    await coro(*args, **kwargs)
  File "/app/asu_discord/cogs/analytics.py", line 652, in on_member_update
    before_timeout = before.timed_out_until
                     ^^^^^^^^^^^^^^^^^^^^^^
AttributeError: 'Member' object has no attribute 'timed_out_until'
Ignoring exception in on_member_update
Traceback (most recent call last):
  File "/usr/local/lib/python3.12/site-packages/discord/client.py", line 465, in _run_event
    await coro(*args, **kwargs)
  File "/app/asu_discord/cogs/analytics.py", line 652, in on_member_update
    before_timeout = before.timed_out_until
                     ^^^^^^^^^^^^^^^^^^^^^^
AttributeError: 'Member' object has no attribute 'timed_out_until'
Ignoring exception in on_member_update
Traceback (most recent call last):
  File "/usr/local/lib/python3.12/site-packages/discord/client.py", line 465, in _run_event
    await coro(*args, **kwargs)
  File "/app/asu_discord/cogs/analytics.py", line 652, in on_member_update
    before_timeout = before.timed_out_until
                     ^^^^^^^^^^^^^^^^^^^^^^
AttributeError: 'Member' object has no attribute 'timed_out_until'
Ignoring exception in on_member_update
Traceback (most recent call last):
  File "/usr/local/lib/python3.12/site-packages/discord/client.py", line 465, in _run_event
    await coro(*args, **kwargs)
  File "/app/asu_discord/cogs/analytics.py", line 652, in on_member_update
    before_timeout = before.timed_out_until
                     ^^^^^^^^^^^^^^^^^^^^^^
AttributeError: 'Member' object has no attribute 'timed_out_until'
Ignoring exception in on_member_update
Traceback (most recent call last):
  File "/usr/local/lib/python3.12/site-packages/discord/client.py", line 465, in _run_event
    await coro(*args, **kwargs)
  File "/app/asu_discord/cogs/analytics.py", line 652, in on_member_update
    before_timeout = before.timed_out_until
                     ^^^^^^^^^^^^^^^^^^^^^^
AttributeError: 'Member' object has no attribute 'timed_out_until'
Ignoring exception in on_member_update
Traceback (most recent call last):
  File "/usr/local/lib/python3.12/site-packages/discord/client.py", line 465, in _run_event
    await coro(*args, **kwargs)
  File "/app/asu_discord/cogs/analytics.py", line 652, in on_member_update
    before_timeout = before.timed_out_until
                     ^^^^^^^^^^^^^^^^^^^^^^
AttributeError: 'Member' object has no attribute 'timed_out_until'
Ignoring exception in on_member_update
Traceback (most recent call last):
  File "/usr/local/lib/python3.12/site-packages/discord/client.py", line 465, in _run_event
    await coro(*args, **kwargs)
  File "/app/asu_discord/cogs/analytics.py", line 652, in on_member_update
    before_timeout = before.timed_out_until
                     ^^^^^^^^^^^^^^^^^^^^^^
AttributeError: 'Member' object has no attribute 'timed_out_until'
Ignoring exception in on_member_update
Traceback (most recent call last):
  File "/usr/local/lib/python3.12/site-packages/discord/client.py", line 465, in _run_event
    await coro(*args, **kwargs)
  File "/app/asu_discord/cogs/analytics.py", line 652, in on_member_update
    before_timeout = before.timed_out_until
                     ^^^^^^^^^^^^^^^^^^^^^^
AttributeError: 'Member' object has no attribute 'timed_out_until'
Ignoring exception in on_member_update
Traceback (most recent call last):
  File "/usr/local/lib/python3.12/site-packages/discord/client.py", line 465, in _run_event
    await coro(*args, **kwargs)
  File "/app/asu_discord/cogs/analytics.py", line 652, in on_member_update
    before_timeout = before.timed_out_until
                     ^^^^^^^^^^^^^^^^^^^^^^
AttributeError: 'Member' object has no attribute 'timed_out_until'
INFO:asu_discord.cogs.verification:Saved 5 roles to database for user hltran12 (Discord ID: 1126367552562532512)
INFO:asu_discord.cogs.verification:Refreshed Salesforce roles for Discord user 1126367552562532512: -5/+5 roles, assigned=[Arizona Resident, Commited, First Year, Tempe, W.P. Carey School of Business]
Ignoring exception in on_member_update
Traceback (most recent call last):
  File "/usr/local/lib/python3.12/site-packages/discord/client.py", line 465, in _run_event
    await coro(*args, **kwargs)
  File "/app/asu_discord/cogs/analytics.py", line 652, in on_member_update
    before_timeout = before.timed_out_until
                     ^^^^^^^^^^^^^^^^^^^^^^
AttributeError: 'Member' object has no attribute 'timed_out_until'
Ignoring exception in on_member_update
Traceback (most recent call last):
  File "/usr/local/lib/python3.12/site-packages/discord/client.py", line 465, in _run_event
    await coro(*args, **kwargs)
  File "/app/asu_discord/cogs/analytics.py", line 652, in on_member_update
    before_timeout = before.timed_out_until
                     ^^^^^^^^^^^^^^^^^^^^^^
AttributeError: 'Member' object has no attribute 'timed_out_until'
Ignoring exception in on_member_update
Traceback (most recent call last):
  File "/usr/local/lib/python3.12/site-packages/discord/client.py", line 465, in _run_event
    await coro(*args, **kwargs)
  File "/app/asu_discord/cogs/analytics.py", line 652, in on_member_update
    before_timeout = before.timed_out_until
                     ^^^^^^^^^^^^^^^^^^^^^^
AttributeError: 'Member' object has no attribute 'timed_out_until'
Ignoring exception in on_member_update
Traceback (most recent call last):
  File "/usr/local/lib/python3.12/site-packages/discord/client.py", line 465, in _run_event
    await coro(*args, **kwargs)
  File "/app/asu_discord/cogs/analytics.py", line 652, in on_member_update
    before_timeout = before.timed_out_until
                     ^^^^^^^^^^^^^^^^^^^^^^
AttributeError: 'Member' object has no attribute 'timed_out_until'
Ignoring exception in on_member_update
Traceback (most recent call last):
  File "/usr/local/lib/python3.12/site-packages/discord/client.py", line 465, in _run_event
    await coro(*args, **kwargs)
  File "/app/asu_discord/cogs/analytics.py", line 652, in on_member_update
    before_timeout = before.timed_out_until
                     ^^^^^^^^^^^^^^^^^^^^^^
AttributeError: 'Member' object has no attribute 'timed_out_until'
Ignoring exception in on_member_update
Traceback (most recent call last):
  File "/usr/local/lib/python3.12/site-packages/discord/client.py", line 465, in _run_event
    await coro(*args, **kwargs)
  File "/app/asu_discord/cogs/analytics.py", line 652, in on_member_update
    before_timeout = before.timed_out_until
                     ^^^^^^^^^^^^^^^^^^^^^^
AttributeError: 'Member' object has no attribute 'timed_out_until'
Ignoring exception in on_member_update
Traceback (most recent call last):
  File "/usr/local/lib/python3.12/site-packages/discord/client.py", line 465, in _run_event
    await coro(*args, **kwargs)
  File "/app/asu_discord/cogs/analytics.py", line 652, in on_member_update
    before_timeout = before.timed_out_until
                     ^^^^^^^^^^^^^^^^^^^^^^
AttributeError: 'Member' object has no attribute 'timed_out_until'
Ignoring exception in on_member_update
Traceback (most recent call last):
  File "/usr/local/lib/python3.12/site-packages/discord/client.py", line 465, in _run_event
    await coro(*args, **kwargs)
  File "/app/asu_discord/cogs/analytics.py", line 652, in on_member_update
    before_timeout = before.timed_out_until
                     ^^^^^^^^^^^^^^^^^^^^^^
AttributeError: 'Member' object has no attribute 'timed_out_until'
Ignoring exception in on_member_update
Traceback (most recent call last):
  File "/usr/local/lib/python3.12/site-packages/discord/client.py", line 465, in _run_event
    await coro(*args, **kwargs)
  File "/app/asu_discord/cogs/analytics.py", line 652, in on_member_update
    before_timeout = before.timed_out_until
                     ^^^^^^^^^^^^^^^^^^^^^^
AttributeError: 'Member' object has no attribute 'timed_out_until'
Ignoring exception in on_member_update
Traceback (most recent call last):
  File "/usr/local/lib/python3.12/site-packages/discord/client.py", line 465, in _run_event
    await coro(*args, **kwargs)
  File "/app/asu_discord/cogs/analytics.py", line 652, in on_member_update
    before_timeout = before.timed_out_until
                     ^^^^^^^^^^^^^^^^^^^^^^
AttributeError: 'Member' object has no attribute 'timed_out_until'
INFO:asu_discord.cogs.verification:Saved 5 roles to database for user hengweik (Discord ID: 619879833140461582)
INFO:asu_discord.cogs.verification:Refreshed Salesforce roles for Discord user 619879833140461582: -5/+5 roles, assigned=[Commited, Graduate Student, International Student, Ira A. Fulton Schools of Engineering, Tempe]
Ignoring exception in on_member_update
Traceback (most recent call last):
  File "/usr/local/lib/python3.12/site-packages/discord/client.py", line 465, in _run_event
    await coro(*args, **kwargs)
  File "/app/asu_discord/cogs/analytics.py", line 652, in on_member_update
    before_timeout = before.timed_out_until
                     ^^^^^^^^^^^^^^^^^^^^^^
AttributeError: 'Member' object has no attribute 'timed_out_until'
Ignoring exception in on_member_update
Traceback (most recent call last):
  File "/usr/local/lib/python3.12/site-packages/discord/client.py", line 465, in _run_event
    await coro(*args, **kwargs)
  File "/app/asu_discord/cogs/analytics.py", line 652, in on_member_update
    before_timeout = before.timed_out_until
                     ^^^^^^^^^^^^^^^^^^^^^^
AttributeError: 'Member' object has no attribute 'timed_out_until'
Ignoring exception in on_member_update
Traceback (most recent call last):
  File "/usr/local/lib/python3.12/site-packages/discord/client.py", line 465, in _run_event
    await coro(*args, **kwargs)
  File "/app/asu_discord/cogs/analytics.py", line 652, in on_member_update
    before_timeout = before.timed_out_until
                     ^^^^^^^^^^^^^^^^^^^^^^
AttributeError: 'Member' object has no attribute 'timed_out_until'
Ignoring exception in on_member_update
Traceback (most recent call last):
  File "/usr/local/lib/python3.12/site-packages/discord/client.py", line 465, in _run_event
    await coro(*args, **kwargs)
  File "/app/asu_discord/cogs/analytics.py", line 652, in on_member_update
    before_timeout = before.timed_out_until
                     ^^^^^^^^^^^^^^^^^^^^^^
AttributeError: 'Member' object has no attribute 'timed_out_until'
Ignoring exception in on_member_update
Traceback (most recent call last):
  File "/usr/local/lib/python3.12/site-packages/discord/client.py", line 465, in _run_event
    await coro(*args, **kwargs)
  File "/app/asu_discord/cogs/analytics.py", line 652, in on_member_update
    before_timeout = before.timed_out_until
                     ^^^^^^^^^^^^^^^^^^^^^^
AttributeError: 'Member' object has no attribute 'timed_out_until'
Ignoring exception in on_member_update
Traceback (most recent call last):
  File "/usr/local/lib/python3.12/site-packages/discord/client.py", line 465, in _run_event
    await coro(*args, **kwargs)
  File "/app/asu_discord/cogs/analytics.py", line 652, in on_member_update
    before_timeout = before.timed_out_until
                     ^^^^^^^^^^^^^^^^^^^^^^
AttributeError: 'Member' object has no attribute 'timed_out_until'
Ignoring exception in on_member_update
Traceback (most recent call last):
  File "/usr/local/lib/python3.12/site-packages/discord/client.py", line 465, in _run_event
    await coro(*args, **kwargs)
  File "/app/asu_discord/cogs/analytics.py", line 652, in on_member_update
    before_timeout = before.timed_out_until
                     ^^^^^^^^^^^^^^^^^^^^^^
AttributeError: 'Member' object has no attribute 'timed_out_until'
Ignoring exception in on_member_update
Traceback (most recent call last):
  File "/usr/local/lib/python3.12/site-packages/discord/client.py", line 465, in _run_event
    await coro(*args, **kwargs)
  File "/app/asu_discord/cogs/analytics.py", line 652, in on_member_update
    before_timeout = before.timed_out_until
                     ^^^^^^^^^^^^^^^^^^^^^^
AttributeError: 'Member' object has no attribute 'timed_out_until'
Ignoring exception in on_member_update
Traceback (most recent call last):
  File "/usr/local/lib/python3.12/site-packages/discord/client.py", line 465, in _run_event
    await coro(*args, **kwargs)
  File "/app/asu_discord/cogs/analytics.py", line 652, in on_member_update
    before_timeout = before.timed_out_until
                     ^^^^^^^^^^^^^^^^^^^^^^
AttributeError: 'Member' object has no attribute 'timed_out_until'
Ignoring exception in on_member_update
Traceback (most recent call last):
  File "/usr/local/lib/python3.12/site-packages/discord/client.py", line 465, in _run_event
    await coro(*args, **kwargs)
  File "/app/asu_discord/cogs/analytics.py", line 652, in on_member_update
    before_timeout = before.timed_out_until
                     ^^^^^^^^^^^^^^^^^^^^^^
AttributeError: 'Member' object has no attribute 'timed_out_until'
INFO:asu_discord.cogs.verification:Saved 5 roles to database for user yemoral3 (Discord ID: 463550770558533644)
INFO:asu_discord.cogs.verification:Refreshed Salesforce roles for Discord user 463550770558533644: -5/+5 roles, assigned=[College of Global Futures, First Year, Online, Out of State, Upperclassmen]
Ignoring exception in on_member_update
Traceback (most recent call last):
  File "/usr/local/lib/python3.12/site-packages/discord/client.py", line 465, in _run_event
    await coro(*args, **kwargs)
  File "/app/asu_discord/cogs/analytics.py", line 652, in on_member_update
    before_timeout = before.timed_out_until
                     ^^^^^^^^^^^^^^^^^^^^^^
AttributeError: 'Member' object has no attribute 'timed_out_until'
Ignoring exception in on_member_update
Traceback (most recent call last):
  File "/usr/local/lib/python3.12/site-packages/discord/client.py", line 465, in _run_event
    await coro(*args, **kwargs)
  File "/app/asu_discord/cogs/analytics.py", line 652, in on_member_update
    before_timeout = before.timed_out_until
                     ^^^^^^^^^^^^^^^^^^^^^^
AttributeError: 'Member' object has no attribute 'timed_out_until'
Ignoring exception in on_member_update
Traceback (most recent call last):
  File "/usr/local/lib/python3.12/site-packages/discord/client.py", line 465, in _run_event
    await coro(*args, **kwargs)
  File "/app/asu_discord/cogs/analytics.py", line 652, in on_member_update
    before_timeout = before.timed_out_until
                     ^^^^^^^^^^^^^^^^^^^^^^
AttributeError: 'Member' object has no attribute 'timed_out_until'
Ignoring exception in on_member_update
Traceback (most recent call last):
  File "/usr/local/lib/python3.12/site-packages/discord/client.py", line 465, in _run_event
    await coro(*args, **kwargs)
  File "/app/asu_discord/cogs/analytics.py", line 652, in on_member_update
    before_timeout = before.timed_out_until
                     ^^^^^^^^^^^^^^^^^^^^^^
AttributeError: 'Member' object has no attribute 'timed_out_until'
Ignoring exception in on_member_update
Traceback (most recent call last):
  File "/usr/local/lib/python3.12/site-packages/discord/client.py", line 465, in _run_event
    await coro(*args, **kwargs)
  File "/app/asu_discord/cogs/analytics.py", line 652, in on_member_update
    before_timeout = before.timed_out_until
                     ^^^^^^^^^^^^^^^^^^^^^^
AttributeError: 'Member' object has no attribute 'timed_out_until'
Ignoring exception in on_member_update
Traceback (most recent call last):
  File "/usr/local/lib/python3.12/site-packages/discord/client.py", line 465, in _run_event
    await coro(*args, **kwargs)
  File "/app/asu_discord/cogs/analytics.py", line 652, in on_member_update
    before_timeout = before.timed_out_until
                     ^^^^^^^^^^^^^^^^^^^^^^
AttributeError: 'Member' object has no attribute 'timed_out_until'
Ignoring exception in on_member_update
Traceback (most recent call last):
  File "/usr/local/lib/python3.12/site-packages/discord/client.py", line 465, in _run_event
    await coro(*args, **kwargs)
  File "/app/asu_discord/cogs/analytics.py", line 652, in on_member_update
    before_timeout = before.timed_out_until
                     ^^^^^^^^^^^^^^^^^^^^^^
AttributeError: 'Member' object has no attribute 'timed_out_until'
Ignoring exception in on_member_update
Traceback (most recent call last):
  File "/usr/local/lib/python3.12/site-packages/discord/client.py", line 465, in _run_event
    await coro(*args, **kwargs)
  File "/app/asu_discord/cogs/analytics.py", line 652, in on_member_update
    before_timeout = before.timed_out_until
                     ^^^^^^^^^^^^^^^^^^^^^^
AttributeError: 'Member' object has no attribute 'timed_out_until'
Ignoring exception in on_member_update
Traceback (most recent call last):
  File "/usr/local/lib/python3.12/site-packages/discord/client.py", line 465, in _run_event
    await coro(*args, **kwargs)
  File "/app/asu_discord/cogs/analytics.py", line 652, in on_member_update
    before_timeout = before.timed_out_until
                     ^^^^^^^^^^^^^^^^^^^^^^
AttributeError: 'Member' object has no attribute 'timed_out_until'
Ignoring exception in on_member_update
Traceback (most recent call last):
  File "/usr/local/lib/python3.12/site-packages/discord/client.py", line 465, in _run_event
    await coro(*args, **kwargs)
  File "/app/asu_discord/cogs/analytics.py", line 652, in on_member_update
    before_timeout = before.timed_out_until
                     ^^^^^^^^^^^^^^^^^^^^^^
AttributeError: 'Member' object has no attribute 'timed_out_until'
INFO:asu_discord.cogs.verification:Saved 5 roles to database for user dkang114 (Discord ID: 877003290641039362)
INFO:asu_discord.cogs.verification:Refreshed Salesforce roles for Discord user 877003290641039362: -5/+5 roles, assigned=[Commited, Graduate Student, International Student, Ira A. Fulton Schools of Engineering, Polytechnic]
Ignoring exception in on_member_update
Traceback (most recent call last):
  File "/usr/local/lib/python3.12/site-packages/discord/client.py", line 465, in _run_event
    await coro(*args, **kwargs)
  File "/app/asu_discord/cogs/analytics.py", line 652, in on_member_update
    before_timeout = before.timed_out_until
                     ^^^^^^^^^^^^^^^^^^^^^^
AttributeError: 'Member' object has no attribute 'timed_out_until'
Ignoring exception in on_member_update
Traceback (most recent call last):
  File "/usr/local/lib/python3.12/site-packages/discord/client.py", line 465, in _run_event
    await coro(*args, **kwargs)
  File "/app/asu_discord/cogs/analytics.py", line 652, in on_member_update
    before_timeout = before.timed_out_until
                     ^^^^^^^^^^^^^^^^^^^^^^
AttributeError: 'Member' object has no attribute 'timed_out_until'
Ignoring exception in on_member_update
Traceback (most recent call last):
  File "/usr/local/lib/python3.12/site-packages/discord/client.py", line 465, in _run_event
    await coro(*args, **kwargs)
  File "/app/asu_discord/cogs/analytics.py", line 652, in on_member_update
    before_timeout = before.timed_out_until
                     ^^^^^^^^^^^^^^^^^^^^^^
AttributeError: 'Member' object has no attribute 'timed_out_until'
Ignoring exception in on_member_update
Traceback (most recent call last):
  File "/usr/local/lib/python3.12/site-packages/discord/client.py", line 465, in _run_event
    await coro(*args, **kwargs)
  File "/app/asu_discord/cogs/analytics.py", line 652, in on_member_update
    before_timeout = before.timed_out_until
                     ^^^^^^^^^^^^^^^^^^^^^^
AttributeError: 'Member' object has no attribute 'timed_out_until'
Ignoring exception in on_member_update
Traceback (most recent call last):
  File "/usr/local/lib/python3.12/site-packages/discord/client.py", line 465, in _run_event
    await coro(*args, **kwargs)
  File "/app/asu_discord/cogs/analytics.py", line 652, in on_member_update
    before_timeout = before.timed_out_until
                     ^^^^^^^^^^^^^^^^^^^^^^
AttributeError: 'Member' object has no attribute 'timed_out_until'
Ignoring exception in on_member_update
Traceback (most recent call last):
  File "/usr/local/lib/python3.12/site-packages/discord/client.py", line 465, in _run_event
    await coro(*args, **kwargs)
  File "/app/asu_discord/cogs/analytics.py", line 652, in on_member_update
    before_timeout = before.timed_out_until
                     ^^^^^^^^^^^^^^^^^^^^^^
AttributeError: 'Member' object has no attribute 'timed_out_until'
Ignoring exception in on_member_update
Traceback (most recent call last):
  File "/usr/local/lib/python3.12/site-packages/discord/client.py", line 465, in _run_event
    await coro(*args, **kwargs)
  File "/app/asu_discord/cogs/analytics.py", line 652, in on_member_update
    before_timeout = before.timed_out_until
                     ^^^^^^^^^^^^^^^^^^^^^^
AttributeError: 'Member' object has no attribute 'timed_out_until'
Ignoring exception in on_member_update
Traceback (most recent call last):
  File "/usr/local/lib/python3.12/site-packages/discord/client.py", line 465, in _run_event
    await coro(*args, **kwargs)
  File "/app/asu_discord/cogs/analytics.py", line 652, in on_member_update
    before_timeout = before.timed_out_until
                     ^^^^^^^^^^^^^^^^^^^^^^
AttributeError: 'Member' object has no attribute 'timed_out_until'
INFO:asu_discord.cogs.verification:Saved 4 roles to database for user ehschali (Discord ID: 1330622682194251884)
INFO:asu_discord.cogs.verification:Refreshed Salesforce roles for Discord user 1330622682194251884: -4/+4 roles, assigned=[Arizona Resident, Herberger Institute for Design and the Arts, Tempe, Transfer Student]
Ignoring exception in on_member_update
Traceback (most recent call last):
  File "/usr/local/lib/python3.12/site-packages/discord/client.py", line 465, in _run_event
    await coro(*args, **kwargs)
  File "/app/asu_discord/cogs/analytics.py", line 652, in on_member_update
    before_timeout = before.timed_out_until
                     ^^^^^^^^^^^^^^^^^^^^^^
AttributeError: 'Member' object has no attribute 'timed_out_until'
Ignoring exception in on_member_update
Traceback (most recent call last):
  File "/usr/local/lib/python3.12/site-packages/discord/client.py", line 465, in _run_event
    await coro(*args, **kwargs)
  File "/app/asu_discord/cogs/analytics.py", line 652, in on_member_update
    before_timeout = before.timed_out_until
                     ^^^^^^^^^^^^^^^^^^^^^^
AttributeError: 'Member' object has no attribute 'timed_out_until'
Ignoring exception in on_member_update
Traceback (most recent call last):
  File "/usr/local/lib/python3.12/site-packages/discord/client.py", line 465, in _run_event
    await coro(*args, **kwargs)
  File "/app/asu_discord/cogs/analytics.py", line 652, in on_member_update
    before_timeout = before.timed_out_until
                     ^^^^^^^^^^^^^^^^^^^^^^
AttributeError: 'Member' object has no attribute 'timed_out_until'
Ignoring exception in on_member_update
Traceback (most recent call last):
  File "/usr/local/lib/python3.12/site-packages/discord/client.py", line 465, in _run_event
    await coro(*args, **kwargs)
  File "/app/asu_discord/cogs/analytics.py", line 652, in on_member_update
    before_timeout = before.timed_out_until
                     ^^^^^^^^^^^^^^^^^^^^^^
AttributeError: 'Member' object has no attribute 'timed_out_until'
Ignoring exception in on_member_update
Traceback (most recent call last):
  File "/usr/local/lib/python3.12/site-packages/discord/client.py", line 465, in _run_event
    await coro(*args, **kwargs)
  File "/app/asu_discord/cogs/analytics.py", line 652, in on_member_update
    before_timeout = before.timed_out_until
                     ^^^^^^^^^^^^^^^^^^^^^^
AttributeError: 'Member' object has no attribute 'timed_out_until'
Ignoring exception in on_member_update
Traceback (most recent call last):
  File "/usr/local/lib/python3.12/site-packages/discord/client.py", line 465, in _run_event
    await coro(*args, **kwargs)
  File "/app/asu_discord/cogs/analytics.py", line 652, in on_member_update
    before_timeout = before.timed_out_until
                     ^^^^^^^^^^^^^^^^^^^^^^
AttributeError: 'Member' object has no attribute 'timed_out_until'
Ignoring exception in on_member_update
Traceback (most recent call last):
  File "/usr/local/lib/python3.12/site-packages/discord/client.py", line 465, in _run_event
    await coro(*args, **kwargs)
  File "/app/asu_discord/cogs/analytics.py", line 652, in on_member_update
    before_timeout = before.timed_out_until
                     ^^^^^^^^^^^^^^^^^^^^^^
AttributeError: 'Member' object has no attribute 'timed_out_until'
Ignoring exception in on_member_update
Traceback (most recent call last):
  File "/usr/local/lib/python3.12/site-packages/discord/client.py", line 465, in _run_event
    await coro(*args, **kwargs)
  File "/app/asu_discord/cogs/analytics.py", line 652, in on_member_update
    before_timeout = before.timed_out_until
                     ^^^^^^^^^^^^^^^^^^^^^^
AttributeError: 'Member' object has no attribute 'timed_out_until'
Ignoring exception in on_member_update
Traceback (most recent call last):
  File "/usr/local/lib/python3.12/site-packages/discord/client.py", line 465, in _run_event
    await coro(*args, **kwargs)
  File "/app/asu_discord/cogs/analytics.py", line 652, in on_member_update
    before_timeout = before.timed_out_until
                     ^^^^^^^^^^^^^^^^^^^^^^
AttributeError: 'Member' object has no attribute 'timed_out_until'
Ignoring exception in on_member_update
Traceback (most recent call last):
  File "/usr/local/lib/python3.12/site-packages/discord/client.py", line 465, in _run_event
    await coro(*args, **kwargs)
  File "/app/asu_discord/cogs/analytics.py", line 652, in on_member_update
    before_timeout = before.timed_out_until
                     ^^^^^^^^^^^^^^^^^^^^^^
AttributeError: 'Member' object has no attribute 'timed_out_until'
INFO:asu_discord.cogs.verification:Saved 5 roles to database for user tmlandr1 (Discord ID: 752275685640241323)
INFO:asu_discord.cogs.verification:Refreshed Salesforce roles for Discord user 752275685640241323: -5/+5 roles, assigned=[Arizona Resident, College of Liberal Arts and Sciences, Commited, First Year, Tempe]
Ignoring exception in on_member_update
Traceback (most recent call last):
  File "/usr/local/lib/python3.12/site-packages/discord/client.py", line 465, in _run_event
    await coro(*args, **kwargs)
  File "/app/asu_discord/cogs/analytics.py", line 652, in on_member_update
    before_timeout = before.timed_out_until
                     ^^^^^^^^^^^^^^^^^^^^^^
AttributeError: 'Member' object has no attribute 'timed_out_until'
Ignoring exception in on_member_update
Traceback (most recent call last):
  File "/usr/local/lib/python3.12/site-packages/discord/client.py", line 465, in _run_event
    await coro(*args, **kwargs)
  File "/app/asu_discord/cogs/analytics.py", line 652, in on_member_update
    before_timeout = before.timed_out_until
                     ^^^^^^^^^^^^^^^^^^^^^^
AttributeError: 'Member' object has no attribute 'timed_out_until'
Ignoring exception in on_member_update
Traceback (most recent call last):
  File "/usr/local/lib/python3.12/site-packages/discord/client.py", line 465, in _run_event
    await coro(*args, **kwargs)
  File "/app/asu_discord/cogs/analytics.py", line 652, in on_member_update
    before_timeout = before.timed_out_until
                     ^^^^^^^^^^^^^^^^^^^^^^
AttributeError: 'Member' object has no attribute 'timed_out_until'
Ignoring exception in on_member_update
Traceback (most recent call last):
  File "/usr/local/lib/python3.12/site-packages/discord/client.py", line 465, in _run_event
    await coro(*args, **kwargs)
  File "/app/asu_discord/cogs/analytics.py", line 652, in on_member_update
    before_timeout = before.timed_out_until
                     ^^^^^^^^^^^^^^^^^^^^^^
AttributeError: 'Member' object has no attribute 'timed_out_until'
Ignoring exception in on_member_update
Traceback (most recent call last):
  File "/usr/local/lib/python3.12/site-packages/discord/client.py", line 465, in _run_event
    await coro(*args, **kwargs)
  File "/app/asu_discord/cogs/analytics.py", line 652, in on_member_update
    before_timeout = before.timed_out_until
                     ^^^^^^^^^^^^^^^^^^^^^^
AttributeError: 'Member' object has no attribute 'timed_out_until'
Ignoring exception in on_member_update
Traceback (most recent call last):
  File "/usr/local/lib/python3.12/site-packages/discord/client.py", line 465, in _run_event
    await coro(*args, **kwargs)
  File "/app/asu_discord/cogs/analytics.py", line 652, in on_member_update
    before_timeout = before.timed_out_until
                     ^^^^^^^^^^^^^^^^^^^^^^
AttributeError: 'Member' object has no attribute 'timed_out_until'
Ignoring exception in on_member_update
Traceback (most recent call last):
  File "/usr/local/lib/python3.12/site-packages/discord/client.py", line 465, in _run_event
    await coro(*args, **kwargs)
  File "/app/asu_discord/cogs/analytics.py", line 652, in on_member_update
    before_timeout = before.timed_out_until
                     ^^^^^^^^^^^^^^^^^^^^^^
AttributeError: 'Member' object has no attribute 'timed_out_until'
Ignoring exception in on_member_update
Traceback (most recent call last):
  File "/usr/local/lib/python3.12/site-packages/discord/client.py", line 465, in _run_event
    await coro(*args, **kwargs)
  File "/app/asu_discord/cogs/analytics.py", line 652, in on_member_update
    before_timeout = before.timed_out_until
                     ^^^^^^^^^^^^^^^^^^^^^^
AttributeError: 'Member' object has no attribute 'timed_out_until'
Ignoring exception in on_member_update
Traceback (most recent call last):
  File "/usr/local/lib/python3.12/site-packages/discord/client.py", line 465, in _run_event
    await coro(*args, **kwargs)
  File "/app/asu_discord/cogs/analytics.py", line 652, in on_member_update
    before_timeout = before.timed_out_until
                     ^^^^^^^^^^^^^^^^^^^^^^
AttributeError: 'Member' object has no attribute 'timed_out_until'
Ignoring exception in on_member_update
Traceback (most recent call last):
  File "/usr/local/lib/python3.12/site-packages/discord/client.py", line 465, in _run_event
    await coro(*args, **kwargs)
  File "/app/asu_discord/cogs/analytics.py", line 652, in on_member_update
    before_timeout = before.timed_out_until
                     ^^^^^^^^^^^^^^^^^^^^^^
AttributeError: 'Member' object has no attribute 'timed_out_until'
INFO:asu_discord.cogs.verification:Saved 5 roles to database for user avperez5 (Discord ID: 1507522334775574529)
INFO:asu_discord.cogs.verification:Refreshed Salesforce roles for Discord user 1507522334775574529: -5/+5 roles, assigned=[Arizona Resident, Commited, First Year, Ira A. Fulton Schools of Engineering, Tempe]
Ignoring exception in on_member_update
Traceback (most recent call last):
  File "/usr/local/lib/python3.12/site-packages/discord/client.py", line 465, in _run_event
    await coro(*args, **kwargs)
  File "/app/asu_discord/cogs/analytics.py", line 652, in on_member_update
    before_timeout = before.timed_out_until
                     ^^^^^^^^^^^^^^^^^^^^^^
AttributeError: 'Member' object has no attribute 'timed_out_until'
Ignoring exception in on_member_update
Traceback (most recent call last):
  File "/usr/local/lib/python3.12/site-packages/discord/client.py", line 465, in _run_event
    await coro(*args, **kwargs)
  File "/app/asu_discord/cogs/analytics.py", line 652, in on_member_update
    before_timeout = before.timed_out_until
                     ^^^^^^^^^^^^^^^^^^^^^^
AttributeError: 'Member' object has no attribute 'timed_out_until'
Ignoring exception in on_member_update
Traceback (most recent call last):
  File "/usr/local/lib/python3.12/site-packages/discord/client.py", line 465, in _run_event
    await coro(*args, **kwargs)
  File "/app/asu_discord/cogs/analytics.py", line 652, in on_member_update
    before_timeout = before.timed_out_until
                     ^^^^^^^^^^^^^^^^^^^^^^
AttributeError: 'Member' object has no attribute 'timed_out_until'
Ignoring exception in on_member_update
Traceback (most recent call last):
  File "/usr/local/lib/python3.12/site-packages/discord/client.py", line 465, in _run_event
    await coro(*args, **kwargs)
  File "/app/asu_discord/cogs/analytics.py", line 652, in on_member_update
    before_timeout = before.timed_out_until
                     ^^^^^^^^^^^^^^^^^^^^^^
AttributeError: 'Member' object has no attribute 'timed_out_until'
Ignoring exception in on_member_update
Traceback (most recent call last):
  File "/usr/local/lib/python3.12/site-packages/discord/client.py", line 465, in _run_event
    await coro(*args, **kwargs)
  File "/app/asu_discord/cogs/analytics.py", line 652, in on_member_update
    before_timeout = before.timed_out_until
                     ^^^^^^^^^^^^^^^^^^^^^^
AttributeError: 'Member' object has no attribute 'timed_out_until'
Ignoring exception in on_member_update
Traceback (most recent call last):
  File "/usr/local/lib/python3.12/site-packages/discord/client.py", line 465, in _run_event
    await coro(*args, **kwargs)
  File "/app/asu_discord/cogs/analytics.py", line 652, in on_member_update
    before_timeout = before.timed_out_until
                     ^^^^^^^^^^^^^^^^^^^^^^
AttributeError: 'Member' object has no attribute 'timed_out_until'
Ignoring exception in on_member_update
Traceback (most recent call last):
  File "/usr/local/lib/python3.12/site-packages/discord/client.py", line 465, in _run_event
    await coro(*args, **kwargs)
  File "/app/asu_discord/cogs/analytics.py", line 652, in on_member_update
    before_timeout = before.timed_out_until
                     ^^^^^^^^^^^^^^^^^^^^^^
AttributeError: 'Member' object has no attribute 'timed_out_until'
Ignoring exception in on_member_update
Traceback (most recent call last):
  File "/usr/local/lib/python3.12/site-packages/discord/client.py", line 465, in _run_event
    await coro(*args, **kwargs)
  File "/app/asu_discord/cogs/analytics.py", line 652, in on_member_update
    before_timeout = before.timed_out_until
                     ^^^^^^^^^^^^^^^^^^^^^^
AttributeError: 'Member' object has no attribute 'timed_out_until'
Ignoring exception in on_member_update
Traceback (most recent call last):
  File "/usr/local/lib/python3.12/site-packages/discord/client.py", line 465, in _run_event
    await coro(*args, **kwargs)
  File "/app/asu_discord/cogs/analytics.py", line 652, in on_member_update
    before_timeout = before.timed_out_until
                     ^^^^^^^^^^^^^^^^^^^^^^
AttributeError: 'Member' object has no attribute 'timed_out_until'
Ignoring exception in on_member_update
Traceback (most recent call last):
  File "/usr/local/lib/python3.12/site-packages/discord/client.py", line 465, in _run_event
    await coro(*args, **kwargs)
  File "/app/asu_discord/cogs/analytics.py", line 652, in on_member_update
    before_timeout = before.timed_out_until
                     ^^^^^^^^^^^^^^^^^^^^^^
AttributeError: 'Member' object has no attribute 'timed_out_until'
Ignoring exception in on_member_update
Traceback (most recent call last):
  File "/usr/local/lib/python3.12/site-packages/discord/client.py", line 465, in _run_event
    await coro(*args, **kwargs)
  File "/app/asu_discord/cogs/analytics.py", line 652, in on_member_update
    before_timeout = before.timed_out_until
                     ^^^^^^^^^^^^^^^^^^^^^^
AttributeError: 'Member' object has no attribute 'timed_out_until'
Ignoring exception in on_member_update
Traceback (most recent call last):
  File "/usr/local/lib/python3.12/site-packages/discord/client.py", line 465, in _run_event
    await coro(*args, **kwargs)
  File "/app/asu_discord/cogs/analytics.py", line 652, in on_member_update
    before_timeout = before.timed_out_until
                     ^^^^^^^^^^^^^^^^^^^^^^
AttributeError: 'Member' object has no attribute 'timed_out_until'
INFO:asu_discord.cogs.verification:Saved 6 roles to database for user adinh125 (Discord ID: 424326233761906698)
INFO:asu_discord.cogs.verification:Refreshed Salesforce roles for Discord user 424326233761906698: -6/+6 roles, assigned=[Arizona Resident, Commited, First Generation Student, First Year, Ira A. Fulton Schools of Engineering, Tempe]
Ignoring exception in on_member_update
Traceback (most recent call last):
  File "/usr/local/lib/python3.12/site-packages/discord/client.py", line 465, in _run_event
    await coro(*args, **kwargs)
  File "/app/asu_discord/cogs/analytics.py", line 652, in on_member_update
    before_timeout = before.timed_out_until
                     ^^^^^^^^^^^^^^^^^^^^^^
AttributeError: 'Member' object has no attribute 'timed_out_until'
Ignoring exception in on_member_update
Traceback (most recent call last):
  File "/usr/local/lib/python3.12/site-packages/discord/client.py", line 465, in _run_event
    await coro(*args, **kwargs)
  File "/app/asu_discord/cogs/analytics.py", line 652, in on_member_update
    before_timeout = before.timed_out_until
                     ^^^^^^^^^^^^^^^^^^^^^^
AttributeError: 'Member' object has no attribute 'timed_out_until'
Ignoring exception in on_member_update
Traceback (most recent call last):
  File "/usr/local/lib/python3.12/site-packages/discord/client.py", line 465, in _run_event
    await coro(*args, **kwargs)
  File "/app/asu_discord/cogs/analytics.py", line 652, in on_member_update
    before_timeout = before.timed_out_until
                     ^^^^^^^^^^^^^^^^^^^^^^
AttributeError: 'Member' object has no attribute 'timed_out_until'
Ignoring exception in on_member_update
Traceback (most recent call last):
  File "/usr/local/lib/python3.12/site-packages/discord/client.py", line 465, in _run_event
    await coro(*args, **kwargs)
  File "/app/asu_discord/cogs/analytics.py", line 652, in on_member_update
    before_timeout = before.timed_out_until
                     ^^^^^^^^^^^^^^^^^^^^^^
AttributeError: 'Member' object has no attribute 'timed_out_until'
Ignoring exception in on_member_update
Traceback (most recent call last):
  File "/usr/local/lib/python3.12/site-packages/discord/client.py", line 465, in _run_event
    await coro(*args, **kwargs)
  File "/app/asu_discord/cogs/analytics.py", line 652, in on_member_update
    before_timeout = before.timed_out_until
                     ^^^^^^^^^^^^^^^^^^^^^^
AttributeError: 'Member' object has no attribute 'timed_out_until'
Ignoring exception in on_member_update
Traceback (most recent call last):
  File "/usr/local/lib/python3.12/site-packages/discord/client.py", line 465, in _run_event
    await coro(*args, **kwargs)
  File "/app/asu_discord/cogs/analytics.py", line 652, in on_member_update
    before_timeout = before.timed_out_until
                     ^^^^^^^^^^^^^^^^^^^^^^
AttributeError: 'Member' object has no attribute 'timed_out_until'
Ignoring exception in on_member_update
Traceback (most recent call last):
  File "/usr/local/lib/python3.12/site-packages/discord/client.py", line 465, in _run_event
    await coro(*args, **kwargs)
  File "/app/asu_discord/cogs/analytics.py", line 652, in on_member_update
    before_timeout = before.timed_out_until
                     ^^^^^^^^^^^^^^^^^^^^^^
AttributeError: 'Member' object has no attribute 'timed_out_until'
Ignoring exception in on_member_update
Traceback (most recent call last):
  File "/usr/local/lib/python3.12/site-packages/discord/client.py", line 465, in _run_event
    await coro(*args, **kwargs)
  File "/app/asu_discord/cogs/analytics.py", line 652, in on_member_update
    before_timeout = before.timed_out_until
                     ^^^^^^^^^^^^^^^^^^^^^^
AttributeError: 'Member' object has no attribute 'timed_out_until'
Ignoring exception in on_member_update
Traceback (most recent call last):
  File "/usr/local/lib/python3.12/site-packages/discord/client.py", line 465, in _run_event
    await coro(*args, **kwargs)
  File "/app/asu_discord/cogs/analytics.py", line 652, in on_member_update
    before_timeout = before.timed_out_until
                     ^^^^^^^^^^^^^^^^^^^^^^
AttributeError: 'Member' object has no attribute 'timed_out_until'
Ignoring exception in on_member_update
Traceback (most recent call last):
  File "/usr/local/lib/python3.12/site-packages/discord/client.py", line 465, in _run_event
    await coro(*args, **kwargs)
  File "/app/asu_discord/cogs/analytics.py", line 652, in on_member_update
    before_timeout = before.timed_out_until
                     ^^^^^^^^^^^^^^^^^^^^^^
AttributeError: 'Member' object has no attribute 'timed_out_until'
INFO:asu_discord.cogs.verification:Saved 5 roles to database for user ksalahu1 (Discord ID: 455823257048842250)
INFO:asu_discord.cogs.verification:Refreshed Salesforce roles for Discord user 455823257048842250: -5/+5 roles, assigned=[Arizona Resident, College of Liberal Arts and Sciences, Commited, First Year, Tempe]
Ignoring exception in on_member_update
Traceback (most recent call last):
  File "/usr/local/lib/python3.12/site-packages/discord/client.py", line 465, in _run_event
    await coro(*args, **kwargs)
  File "/app/asu_discord/cogs/analytics.py", line 652, in on_member_update
    before_timeout = before.timed_out_until
                     ^^^^^^^^^^^^^^^^^^^^^^
AttributeError: 'Member' object has no attribute 'timed_out_until'
Ignoring exception in on_member_update
Traceback (most recent call last):
  File "/usr/local/lib/python3.12/site-packages/discord/client.py", line 465, in _run_event
    await coro(*args, **kwargs)
  File "/app/asu_discord/cogs/analytics.py", line 652, in on_member_update
    before_timeout = before.timed_out_until
                     ^^^^^^^^^^^^^^^^^^^^^^
AttributeError: 'Member' object has no attribute 'timed_out_until'
Ignoring exception in on_member_update
Traceback (most recent call last):
  File "/usr/local/lib/python3.12/site-packages/discord/client.py", line 465, in _run_event
    await coro(*args, **kwargs)
  File "/app/asu_discord/cogs/analytics.py", line 652, in on_member_update
    before_timeout = before.timed_out_until
                     ^^^^^^^^^^^^^^^^^^^^^^
AttributeError: 'Member' object has no attribute 'timed_out_until'
Ignoring exception in on_member_update
Traceback (most recent call last):
  File "/usr/local/lib/python3.12/site-packages/discord/client.py", line 465, in _run_event
    await coro(*args, **kwargs)
  File "/app/asu_discord/cogs/analytics.py", line 652, in on_member_update
    before_timeout = before.timed_out_until
                     ^^^^^^^^^^^^^^^^^^^^^^
AttributeError: 'Member' object has no attribute 'timed_out_until'
Ignoring exception in on_member_update
Traceback (most recent call last):
  File "/usr/local/lib/python3.12/site-packages/discord/client.py", line 465, in _run_event
    await coro(*args, **kwargs)
  File "/app/asu_discord/cogs/analytics.py", line 652, in on_member_update
    before_timeout = before.timed_out_until
                     ^^^^^^^^^^^^^^^^^^^^^^
AttributeError: 'Member' object has no attribute 'timed_out_until'
Ignoring exception in on_member_update
Traceback (most recent call last):
  File "/usr/local/lib/python3.12/site-packages/discord/client.py", line 465, in _run_event
    await coro(*args, **kwargs)
  File "/app/asu_discord/cogs/analytics.py", line 652, in on_member_update
    before_timeout = before.timed_out_until
                     ^^^^^^^^^^^^^^^^^^^^^^
AttributeError: 'Member' object has no attribute 'timed_out_until'
Ignoring exception in on_member_update
Traceback (most recent call last):
  File "/usr/local/lib/python3.12/site-packages/discord/client.py", line 465, in _run_event
    await coro(*args, **kwargs)
  File "/app/asu_discord/cogs/analytics.py", line 652, in on_member_update
    before_timeout = before.timed_out_until
                     ^^^^^^^^^^^^^^^^^^^^^^
AttributeError: 'Member' object has no attribute 'timed_out_until'
Ignoring exception in on_member_update
Traceback (most recent call last):
  File "/usr/local/lib/python3.12/site-packages/discord/client.py", line 465, in _run_event
    await coro(*args, **kwargs)
  File "/app/asu_discord/cogs/analytics.py", line 652, in on_member_update
    before_timeout = before.timed_out_until
                     ^^^^^^^^^^^^^^^^^^^^^^
AttributeError: 'Member' object has no attribute 'timed_out_until'
Ignoring exception in on_member_update
Traceback (most recent call last):
  File "/usr/local/lib/python3.12/site-packages/discord/client.py", line 465, in _run_event
    await coro(*args, **kwargs)
  File "/app/asu_discord/cogs/analytics.py", line 652, in on_member_update
    before_timeout = before.timed_out_until
                     ^^^^^^^^^^^^^^^^^^^^^^
AttributeError: 'Member' object has no attribute 'timed_out_until'
Ignoring exception in on_member_update
Traceback (most recent call last):
  File "/usr/local/lib/python3.12/site-packages/discord/client.py", line 465, in _run_event
    await coro(*args, **kwargs)
  File "/app/asu_discord/cogs/analytics.py", line 652, in on_member_update
    before_timeout = before.timed_out_until
                     ^^^^^^^^^^^^^^^^^^^^^^
AttributeError: 'Member' object has no attribute 'timed_out_until'
INFO:asu_discord.cogs.verification:Saved 5 roles to database for user ejfahey (Discord ID: 592919620273307648)
INFO:asu_discord.cogs.verification:Refreshed Salesforce roles for Discord user 592919620273307648: -5/+5 roles, assigned=[Commited, Graduate Student, New College of Interdisciplinary Arts and Sciences, Out of State, West Valley]
Ignoring exception in on_member_update
Traceback (most recent call last):
  File "/usr/local/lib/python3.12/site-packages/discord/client.py", line 465, in _run_event
    await coro(*args, **kwargs)
  File "/app/asu_discord/cogs/analytics.py", line 652, in on_member_update
    before_timeout = before.timed_out_until
                     ^^^^^^^^^^^^^^^^^^^^^^
AttributeError: 'Member' object has no attribute 'timed_out_until'
Ignoring exception in on_member_update
Traceback (most recent call last):
  File "/usr/local/lib/python3.12/site-packages/discord/client.py", line 465, in _run_event
    await coro(*args, **kwargs)
  File "/app/asu_discord/cogs/analytics.py", line 652, in on_member_update
    before_timeout = before.timed_out_until
                     ^^^^^^^^^^^^^^^^^^^^^^
AttributeError: 'Member' object has no attribute 'timed_out_until'
Ignoring exception in on_member_update
Traceback (most recent call last):
  File "/usr/local/lib/python3.12/site-packages/discord/client.py", line 465, in _run_event
    await coro(*args, **kwargs)
  File "/app/asu_discord/cogs/analytics.py", line 652, in on_member_update
    before_timeout = before.timed_out_until
                     ^^^^^^^^^^^^^^^^^^^^^^
AttributeError: 'Member' object has no attribute 'timed_out_until'
Ignoring exception in on_member_update
Traceback (most recent call last):
  File "/usr/local/lib/python3.12/site-packages/discord/client.py", line 465, in _run_event
    await coro(*args, **kwargs)
  File "/app/asu_discord/cogs/analytics.py", line 652, in on_member_update
    before_timeout = before.timed_out_until
                     ^^^^^^^^^^^^^^^^^^^^^^
AttributeError: 'Member' object has no attribute 'timed_out_until'
Ignoring exception in on_member_update
Traceback (most recent call last):
  File "/usr/local/lib/python3.12/site-packages/discord/client.py", line 465, in _run_event
    await coro(*args, **kwargs)
  File "/app/asu_discord/cogs/analytics.py", line 652, in on_member_update
    before_timeout = before.timed_out_until
                     ^^^^^^^^^^^^^^^^^^^^^^
AttributeError: 'Member' object has no attribute 'timed_out_until'
Ignoring exception in on_member_update
Traceback (most recent call last):
  File "/usr/local/lib/python3.12/site-packages/discord/client.py", line 465, in _run_event
    await coro(*args, **kwargs)
  File "/app/asu_discord/cogs/analytics.py", line 652, in on_member_update
    before_timeout = before.timed_out_until
                     ^^^^^^^^^^^^^^^^^^^^^^
AttributeError: 'Member' object has no attribute 'timed_out_until'
Ignoring exception in on_member_update
Traceback (most recent call last):
  File "/usr/local/lib/python3.12/site-packages/discord/client.py", line 465, in _run_event
    await coro(*args, **kwargs)
  File "/app/asu_discord/cogs/analytics.py", line 652, in on_member_update
    before_timeout = before.timed_out_until
                     ^^^^^^^^^^^^^^^^^^^^^^
AttributeError: 'Member' object has no attribute 'timed_out_until'
Ignoring exception in on_member_update
Traceback (most recent call last):
  File "/usr/local/lib/python3.12/site-packages/discord/client.py", line 465, in _run_event
    await coro(*args, **kwargs)
  File "/app/asu_discord/cogs/analytics.py", line 652, in on_member_update
    before_timeout = before.timed_out_until
                     ^^^^^^^^^^^^^^^^^^^^^^
AttributeError: 'Member' object has no attribute 'timed_out_until'
Ignoring exception in on_member_update
Traceback (most recent call last):
  File "/usr/local/lib/python3.12/site-packages/discord/client.py", line 465, in _run_event
    await coro(*args, **kwargs)
  File "/app/asu_discord/cogs/analytics.py", line 652, in on_member_update
    before_timeout = before.timed_out_until
                     ^^^^^^^^^^^^^^^^^^^^^^
AttributeError: 'Member' object has no attribute 'timed_out_until'
Ignoring exception in on_member_update
Traceback (most recent call last):
  File "/usr/local/lib/python3.12/site-packages/discord/client.py", line 465, in _run_event
    await coro(*args, **kwargs)
  File "/app/asu_discord/cogs/analytics.py", line 652, in on_member_update
    before_timeout = before.timed_out_until
                     ^^^^^^^^^^^^^^^^^^^^^^
AttributeError: 'Member' object has no attribute 'timed_out_until'
INFO:asu_discord.cogs.verification:Saved 5 roles to database for user jkakuma1 (Discord ID: 1269608457137295451)
INFO:asu_discord.cogs.verification:Refreshed Salesforce roles for Discord user 1269608457137295451: -5/+5 roles, assigned=[Commited, First Year, International Student, Ira A. Fulton Schools of Engineering, Tempe]
Ignoring exception in on_member_update
Traceback (most recent call last):
  File "/usr/local/lib/python3.12/site-packages/discord/client.py", line 465, in _run_event
    await coro(*args, **kwargs)
  File "/app/asu_discord/cogs/analytics.py", line 652, in on_member_update
    before_timeout = before.timed_out_until
                     ^^^^^^^^^^^^^^^^^^^^^^
AttributeError: 'Member' object has no attribute 'timed_out_until'
Ignoring exception in on_member_update
Traceback (most recent call last):
  File "/usr/local/lib/python3.12/site-packages/discord/client.py", line 465, in _run_event
    await coro(*args, **kwargs)
  File "/app/asu_discord/cogs/analytics.py", line 652, in on_member_update
    before_timeout = before.timed_out_until
                     ^^^^^^^^^^^^^^^^^^^^^^
AttributeError: 'Member' object has no attribute 'timed_out_until'
Ignoring exception in on_member_update
Traceback (most recent call last):
  File "/usr/local/lib/python3.12/site-packages/discord/client.py", line 465, in _run_event
    await coro(*args, **kwargs)
  File "/app/asu_discord/cogs/analytics.py", line 652, in on_member_update
    before_timeout = before.timed_out_until
                     ^^^^^^^^^^^^^^^^^^^^^^
AttributeError: 'Member' object has no attribute 'timed_out_until'
Ignoring exception in on_member_update
Traceback (most recent call last):
  File "/usr/local/lib/python3.12/site-packages/discord/client.py", line 465, in _run_event
    await coro(*args, **kwargs)
  File "/app/asu_discord/cogs/analytics.py", line 652, in on_member_update
    before_timeout = before.timed_out_until
                     ^^^^^^^^^^^^^^^^^^^^^^
AttributeError: 'Member' object has no attribute 'timed_out_until'
Ignoring exception in on_member_update
Traceback (most recent call last):
  File "/usr/local/lib/python3.12/site-packages/discord/client.py", line 465, in _run_event
    await coro(*args, **kwargs)
  File "/app/asu_discord/cogs/analytics.py", line 652, in on_member_update
    before_timeout = before.timed_out_until
                     ^^^^^^^^^^^^^^^^^^^^^^
AttributeError: 'Member' object has no attribute 'timed_out_until'
Ignoring exception in on_member_update
Traceback (most recent call last):
  File "/usr/local/lib/python3.12/site-packages/discord/client.py", line 465, in _run_event
    await coro(*args, **kwargs)
  File "/app/asu_discord/cogs/analytics.py", line 652, in on_member_update
    before_timeout = before.timed_out_until
                     ^^^^^^^^^^^^^^^^^^^^^^
AttributeError: 'Member' object has no attribute 'timed_out_until'
Ignoring exception in on_member_update
Traceback (most recent call last):
  File "/usr/local/lib/python3.12/site-packages/discord/client.py", line 465, in _run_event
    await coro(*args, **kwargs)
  File "/app/asu_discord/cogs/analytics.py", line 652, in on_member_update
    before_timeout = before.timed_out_until
                     ^^^^^^^^^^^^^^^^^^^^^^
AttributeError: 'Member' object has no attribute 'timed_out_until'
Ignoring exception in on_member_update
Traceback (most recent call last):
  File "/usr/local/lib/python3.12/site-packages/discord/client.py", line 465, in _run_event
    await coro(*args, **kwargs)
  File "/app/asu_discord/cogs/analytics.py", line 652, in on_member_update
    before_timeout = before.timed_out_until
                     ^^^^^^^^^^^^^^^^^^^^^^
AttributeError: 'Member' object has no attribute 'timed_out_until'
Ignoring exception in on_member_update
Traceback (most recent call last):
  File "/usr/local/lib/python3.12/site-packages/discord/client.py", line 465, in _run_event
    await coro(*args, **kwargs)
  File "/app/asu_discord/cogs/analytics.py", line 652, in on_member_update
    before_timeout = before.timed_out_until
                     ^^^^^^^^^^^^^^^^^^^^^^
AttributeError: 'Member' object has no attribute 'timed_out_until'
INFO:asu_discord.cogs.verification:Saved 5 roles to database for user rdavi156 (Discord ID: 1509036007738048632)
INFO:asu_discord.cogs.verification:Refreshed Salesforce roles for Discord user 1509036007738048632: -4/+5 roles, assigned=[Commited, First Year, Out of State, Tempe, W.P. Carey School of Business]
Ignoring exception in on_member_update
Traceback (most recent call last):
  File "/usr/local/lib/python3.12/site-packages/discord/client.py", line 465, in _run_event
    await coro(*args, **kwargs)
  File "/app/asu_discord/cogs/analytics.py", line 652, in on_member_update
    before_timeout = before.timed_out_until
                     ^^^^^^^^^^^^^^^^^^^^^^
AttributeError: 'Member' object has no attribute 'timed_out_until'
Ignoring exception in on_member_update
Traceback (most recent call last):
  File "/usr/local/lib/python3.12/site-packages/discord/client.py", line 465, in _run_event
    await coro(*args, **kwargs)
  File "/app/asu_discord/cogs/analytics.py", line 652, in on_member_update
    before_timeout = before.timed_out_until
                     ^^^^^^^^^^^^^^^^^^^^^^
AttributeError: 'Member' object has no attribute 'timed_out_until'
Ignoring exception in on_member_update
Traceback (most recent call last):
  File "/usr/local/lib/python3.12/site-packages/discord/client.py", line 465, in _run_event
    await coro(*args, **kwargs)
  File "/app/asu_discord/cogs/analytics.py", line 652, in on_member_update
    before_timeout = before.timed_out_until
                     ^^^^^^^^^^^^^^^^^^^^^^
AttributeError: 'Member' object has no attribute 'timed_out_until'
Ignoring exception in on_member_update
Traceback (most recent call last):
  File "/usr/local/lib/python3.12/site-packages/discord/client.py", line 465, in _run_event
    await coro(*args, **kwargs)
  File "/app/asu_discord/cogs/analytics.py", line 652, in on_member_update
    before_timeout = before.timed_out_until
                     ^^^^^^^^^^^^^^^^^^^^^^
AttributeError: 'Member' object has no attribute 'timed_out_until'
Ignoring exception in on_member_update
Traceback (most recent call last):
  File "/usr/local/lib/python3.12/site-packages/discord/client.py", line 465, in _run_event
    await coro(*args, **kwargs)
  File "/app/asu_discord/cogs/analytics.py", line 652, in on_member_update
    before_timeout = before.timed_out_until
                     ^^^^^^^^^^^^^^^^^^^^^^
AttributeError: 'Member' object has no attribute 'timed_out_until'
Ignoring exception in on_member_update
Traceback (most recent call last):
  File "/usr/local/lib/python3.12/site-packages/discord/client.py", line 465, in _run_event
    await coro(*args, **kwargs)
  File "/app/asu_discord/cogs/analytics.py", line 652, in on_member_update
    before_timeout = before.timed_out_until
                     ^^^^^^^^^^^^^^^^^^^^^^
AttributeError: 'Member' object has no attribute 'timed_out_until'
Ignoring exception in on_member_update
Traceback (most recent call last):
  File "/usr/local/lib/python3.12/site-packages/discord/client.py", line 465, in _run_event
    await coro(*args, **kwargs)
  File "/app/asu_discord/cogs/analytics.py", line 652, in on_member_update
    before_timeout = before.timed_out_until
                     ^^^^^^^^^^^^^^^^^^^^^^
AttributeError: 'Member' object has no attribute 'timed_out_until'
Ignoring exception in on_member_update
Traceback (most recent call last):
  File "/usr/local/lib/python3.12/site-packages/discord/client.py", line 465, in _run_event
    await coro(*args, **kwargs)
  File "/app/asu_discord/cogs/analytics.py", line 652, in on_member_update
    before_timeout = before.timed_out_until
                     ^^^^^^^^^^^^^^^^^^^^^^
AttributeError: 'Member' object has no attribute 'timed_out_until'
Ignoring exception in on_member_update
Traceback (most recent call last):
  File "/usr/local/lib/python3.12/site-packages/discord/client.py", line 465, in _run_event
    await coro(*args, **kwargs)
  File "/app/asu_discord/cogs/analytics.py", line 652, in on_member_update
    before_timeout = before.timed_out_until
                     ^^^^^^^^^^^^^^^^^^^^^^
AttributeError: 'Member' object has no attribute 'timed_out_until'
Ignoring exception in on_member_update
Traceback (most recent call last):
  File "/usr/local/lib/python3.12/site-packages/discord/client.py", line 465, in _run_event
    await coro(*args, **kwargs)
  File "/app/asu_discord/cogs/analytics.py", line 652, in on_member_update
    before_timeout = before.timed_out_until
                     ^^^^^^^^^^^^^^^^^^^^^^
AttributeError: 'Member' object has no attribute 'timed_out_until'
Ignoring exception in on_member_update
Traceback (most recent call last):
  File "/usr/local/lib/python3.12/site-packages/discord/client.py", line 465, in _run_event
    await coro(*args, **kwargs)
  File "/app/asu_discord/cogs/analytics.py", line 652, in on_member_update
    before_timeout = before.timed_out_until
                     ^^^^^^^^^^^^^^^^^^^^^^
AttributeError: 'Member' object has no attribute 'timed_out_until'
Ignoring exception in on_member_update
Traceback (most recent call last):
  File "/usr/local/lib/python3.12/site-packages/discord/client.py", line 465, in _run_event
    await coro(*args, **kwargs)
  File "/app/asu_discord/cogs/analytics.py", line 652, in on_member_update
    before_timeout = before.timed_out_until
                     ^^^^^^^^^^^^^^^^^^^^^^
AttributeError: 'Member' object has no attribute 'timed_out_until'
INFO:asu_discord.cogs.verification:Saved 6 roles to database for user evelez7 (Discord ID: 746058799340716077)
INFO:asu_discord.cogs.verification:Refreshed Salesforce roles for Discord user 746058799340716077: -6/+6 roles, assigned=[Arizona Resident, College of Health Solutions, Downtown Phoenix, Graduate Student, Ira A. Fulton Schools of Engineering, Tempe]
Ignoring exception in on_member_update
Traceback (most recent call last):
  File "/usr/local/lib/python3.12/site-packages/discord/client.py", line 465, in _run_event
    await coro(*args, **kwargs)
  File "/app/asu_discord/cogs/analytics.py", line 652, in on_member_update
    before_timeout = before.timed_out_until
                     ^^^^^^^^^^^^^^^^^^^^^^
AttributeError: 'Member' object has no attribute 'timed_out_until'
Ignoring exception in on_member_update
Traceback (most recent call last):
  File "/usr/local/lib/python3.12/site-packages/discord/client.py", line 465, in _run_event
    await coro(*args, **kwargs)
  File "/app/asu_discord/cogs/analytics.py", line 652, in on_member_update
    before_timeout = before.timed_out_until
                     ^^^^^^^^^^^^^^^^^^^^^^
AttributeError: 'Member' object has no attribute 'timed_out_until'
Ignoring exception in on_member_update
Traceback (most recent call last):
  File "/usr/local/lib/python3.12/site-packages/discord/client.py", line 465, in _run_event
    await coro(*args, **kwargs)
  File "/app/asu_discord/cogs/analytics.py", line 652, in on_member_update
    before_timeout = before.timed_out_until
                     ^^^^^^^^^^^^^^^^^^^^^^
AttributeError: 'Member' object has no attribute 'timed_out_until'
Ignoring exception in on_member_update
Traceback (most recent call last):
  File "/usr/local/lib/python3.12/site-packages/discord/client.py", line 465, in _run_event
    await coro(*args, **kwargs)
  File "/app/asu_discord/cogs/analytics.py", line 652, in on_member_update
    before_timeout = before.timed_out_until
                     ^^^^^^^^^^^^^^^^^^^^^^
AttributeError: 'Member' object has no attribute 'timed_out_until'
Ignoring exception in on_member_update
Traceback (most recent call last):
  File "/usr/local/lib/python3.12/site-packages/discord/client.py", line 465, in _run_event
    await coro(*args, **kwargs)
  File "/app/asu_discord/cogs/analytics.py", line 652, in on_member_update
    before_timeout = before.timed_out_until
                     ^^^^^^^^^^^^^^^^^^^^^^
AttributeError: 'Member' object has no attribute 'timed_out_until'
Ignoring exception in on_member_update
Traceback (most recent call last):
  File "/usr/local/lib/python3.12/site-packages/discord/client.py", line 465, in _run_event
    await coro(*args, **kwargs)
  File "/app/asu_discord/cogs/analytics.py", line 652, in on_member_update
    before_timeout = before.timed_out_until
                     ^^^^^^^^^^^^^^^^^^^^^^
AttributeError: 'Member' object has no attribute 'timed_out_until'
Ignoring exception in on_member_update
Traceback (most recent call last):
  File "/usr/local/lib/python3.12/site-packages/discord/client.py", line 465, in _run_event
    await coro(*args, **kwargs)
  File "/app/asu_discord/cogs/analytics.py", line 652, in on_member_update
    before_timeout = before.timed_out_until
                     ^^^^^^^^^^^^^^^^^^^^^^
AttributeError: 'Member' object has no attribute 'timed_out_until'
Ignoring exception in on_member_update
Traceback (most recent call last):
  File "/usr/local/lib/python3.12/site-packages/discord/client.py", line 465, in _run_event
    await coro(*args, **kwargs)
  File "/app/asu_discord/cogs/analytics.py", line 652, in on_member_update
    before_timeout = before.timed_out_until
                     ^^^^^^^^^^^^^^^^^^^^^^
AttributeError: 'Member' object has no attribute 'timed_out_until'
INFO:asu_discord.cogs.verification:Saved 4 roles to database for user uakbarli (Discord ID: 1514443582235218161)
INFO:asu_discord.cogs.verification:Refreshed Salesforce roles for Discord user 1514443582235218161: -4/+4 roles, assigned=[First Year, Herberger Institute for Design and the Arts, International Student, LA Center]
Ignoring exception in on_member_update
Traceback (most recent call last):
  File "/usr/local/lib/python3.12/site-packages/discord/client.py", line 465, in _run_event
    await coro(*args, **kwargs)
  File "/app/asu_discord/cogs/analytics.py", line 652, in on_member_update
    before_timeout = before.timed_out_until
                     ^^^^^^^^^^^^^^^^^^^^^^
AttributeError: 'Member' object has no attribute 'timed_out_until'
Ignoring exception in on_member_update
Traceback (most recent call last):
  File "/usr/local/lib/python3.12/site-packages/discord/client.py", line 465, in _run_event
    await coro(*args, **kwargs)
  File "/app/asu_discord/cogs/analytics.py", line 652, in on_member_update
    before_timeout = before.timed_out_until
                     ^^^^^^^^^^^^^^^^^^^^^^
AttributeError: 'Member' object has no attribute 'timed_out_until'
Ignoring exception in on_member_update
Traceback (most recent call last):
  File "/usr/local/lib/python3.12/site-packages/discord/client.py", line 465, in _run_event
    await coro(*args, **kwargs)
  File "/app/asu_discord/cogs/analytics.py", line 652, in on_member_update
    before_timeout = before.timed_out_until
                     ^^^^^^^^^^^^^^^^^^^^^^
AttributeError: 'Member' object has no attribute 'timed_out_until'
Ignoring exception in on_member_update
Traceback (most recent call last):
  File "/usr/local/lib/python3.12/site-packages/discord/client.py", line 465, in _run_event
    await coro(*args, **kwargs)
  File "/app/asu_discord/cogs/analytics.py", line 652, in on_member_update
    before_timeout = before.timed_out_until
                     ^^^^^^^^^^^^^^^^^^^^^^
AttributeError: 'Member' object has no attribute 'timed_out_until'
Ignoring exception in on_member_update
Traceback (most recent call last):
  File "/usr/local/lib/python3.12/site-packages/discord/client.py", line 465, in _run_event
    await coro(*args, **kwargs)
  File "/app/asu_discord/cogs/analytics.py", line 652, in on_member_update
    before_timeout = before.timed_out_until
                     ^^^^^^^^^^^^^^^^^^^^^^
AttributeError: 'Member' object has no attribute 'timed_out_until'
Ignoring exception in on_member_update
Traceback (most recent call last):
  File "/usr/local/lib/python3.12/site-packages/discord/client.py", line 465, in _run_event
    await coro(*args, **kwargs)
  File "/app/asu_discord/cogs/analytics.py", line 652, in on_member_update
    before_timeout = before.timed_out_until
                     ^^^^^^^^^^^^^^^^^^^^^^
AttributeError: 'Member' object has no attribute 'timed_out_until'
Ignoring exception in on_member_update
Traceback (most recent call last):
  File "/usr/local/lib/python3.12/site-packages/discord/client.py", line 465, in _run_event
    await coro(*args, **kwargs)
  File "/app/asu_discord/cogs/analytics.py", line 652, in on_member_update
    before_timeout = before.timed_out_until
                     ^^^^^^^^^^^^^^^^^^^^^^
AttributeError: 'Member' object has no attribute 'timed_out_until'
Ignoring exception in on_member_update
Traceback (most recent call last):
  File "/usr/local/lib/python3.12/site-packages/discord/client.py", line 465, in _run_event
    await coro(*args, **kwargs)
  File "/app/asu_discord/cogs/analytics.py", line 652, in on_member_update
    before_timeout = before.timed_out_until
                     ^^^^^^^^^^^^^^^^^^^^^^
AttributeError: 'Member' object has no attribute 'timed_out_until'
Ignoring exception in on_member_update
Traceback (most recent call last):
  File "/usr/local/lib/python3.12/site-packages/discord/client.py", line 465, in _run_event
    await coro(*args, **kwargs)
  File "/app/asu_discord/cogs/analytics.py", line 652, in on_member_update
    before_timeout = before.timed_out_until
                     ^^^^^^^^^^^^^^^^^^^^^^
AttributeError: 'Member' object has no attribute 'timed_out_until'
Ignoring exception in on_member_update
Traceback (most recent call last):
  File "/usr/local/lib/python3.12/site-packages/discord/client.py", line 465, in _run_event
    await coro(*args, **kwargs)
  File "/app/asu_discord/cogs/analytics.py", line 652, in on_member_update
    before_timeout = before.timed_out_until
                     ^^^^^^^^^^^^^^^^^^^^^^
AttributeError: 'Member' object has no attribute 'timed_out_until'
INFO:asu_discord.cogs.verification:Saved 5 roles to database for user rdonapat (Discord ID: 693635417211142196)
INFO:asu_discord.cogs.verification:Refreshed Salesforce roles for Discord user 693635417211142196: -5/+5 roles, assigned=[Commited, Graduate Student, International Student, Ira A. Fulton Schools of Engineering, Polytechnic]
Ignoring exception in on_member_update
Traceback (most recent call last):
  File "/usr/local/lib/python3.12/site-packages/discord/client.py", line 465, in _run_event
    await coro(*args, **kwargs)
  File "/app/asu_discord/cogs/analytics.py", line 652, in on_member_update
    before_timeout = before.timed_out_until
                     ^^^^^^^^^^^^^^^^^^^^^^
AttributeError: 'Member' object has no attribute 'timed_out_until'
Ignoring exception in on_member_update
Traceback (most recent call last):
  File "/usr/local/lib/python3.12/site-packages/discord/client.py", line 465, in _run_event
    await coro(*args, **kwargs)
  File "/app/asu_discord/cogs/analytics.py", line 652, in on_member_update
    before_timeout = before.timed_out_until
                     ^^^^^^^^^^^^^^^^^^^^^^
AttributeError: 'Member' object has no attribute 'timed_out_until'
Ignoring exception in on_member_update
Traceback (most recent call last):
  File "/usr/local/lib/python3.12/site-packages/discord/client.py", line 465, in _run_event
    await coro(*args, **kwargs)
  File "/app/asu_discord/cogs/analytics.py", line 652, in on_member_update
    before_timeout = before.timed_out_until
                     ^^^^^^^^^^^^^^^^^^^^^^
AttributeError: 'Member' object has no attribute 'timed_out_until'
Ignoring exception in on_member_update
Traceback (most recent call last):
  File "/usr/local/lib/python3.12/site-packages/discord/client.py", line 465, in _run_event
    await coro(*args, **kwargs)
  File "/app/asu_discord/cogs/analytics.py", line 652, in on_member_update
    before_timeout = before.timed_out_until
                     ^^^^^^^^^^^^^^^^^^^^^^
AttributeError: 'Member' object has no attribute 'timed_out_until'
Ignoring exception in on_member_update
Traceback (most recent call last):
  File "/usr/local/lib/python3.12/site-packages/discord/client.py", line 465, in _run_event
    await coro(*args, **kwargs)
  File "/app/asu_discord/cogs/analytics.py", line 652, in on_member_update
    before_timeout = before.timed_out_until
                     ^^^^^^^^^^^^^^^^^^^^^^
AttributeError: 'Member' object has no attribute 'timed_out_until'
Ignoring exception in on_member_update
Traceback (most recent call last):
  File "/usr/local/lib/python3.12/site-packages/discord/client.py", line 465, in _run_event
    await coro(*args, **kwargs)
  File "/app/asu_discord/cogs/analytics.py", line 652, in on_member_update
    before_timeout = before.timed_out_until
                     ^^^^^^^^^^^^^^^^^^^^^^
AttributeError: 'Member' object has no attribute 'timed_out_until'
Ignoring exception in on_member_update
Traceback (most recent call last):
  File "/usr/local/lib/python3.12/site-packages/discord/client.py", line 465, in _run_event
    await coro(*args, **kwargs)
  File "/app/asu_discord/cogs/analytics.py", line 652, in on_member_update
    before_timeout = before.timed_out_until
                     ^^^^^^^^^^^^^^^^^^^^^^
AttributeError: 'Member' object has no attribute 'timed_out_until'
Ignoring exception in on_member_update
Traceback (most recent call last):
  File "/usr/local/lib/python3.12/site-packages/discord/client.py", line 465, in _run_event
    await coro(*args, **kwargs)
  File "/app/asu_discord/cogs/analytics.py", line 652, in on_member_update
    before_timeout = before.timed_out_until
                     ^^^^^^^^^^^^^^^^^^^^^^
AttributeError: 'Member' object has no attribute 'timed_out_until'
INFO:asu_discord.cogs.verification:Saved 4 roles to database for user sislam76 (Discord ID: 505060491207639060)
INFO:asu_discord.cogs.verification:Refreshed Salesforce roles for Discord user 505060491207639060: -4/+4 roles, assigned=[Graduate Student, International Student, Ira A. Fulton Schools of Engineering, Tempe]
Ignoring exception in on_member_update
Traceback (most recent call last):
  File "/usr/local/lib/python3.12/site-packages/discord/client.py", line 465, in _run_event
    await coro(*args, **kwargs)
  File "/app/asu_discord/cogs/analytics.py", line 652, in on_member_update
    before_timeout = before.timed_out_until
                     ^^^^^^^^^^^^^^^^^^^^^^
AttributeError: 'Member' object has no attribute 'timed_out_until'
Ignoring exception in on_member_update
Traceback (most recent call last):
  File "/usr/local/lib/python3.12/site-packages/discord/client.py", line 465, in _run_event
    await coro(*args, **kwargs)
  File "/app/asu_discord/cogs/analytics.py", line 652, in on_member_update
    before_timeout = before.timed_out_until
                     ^^^^^^^^^^^^^^^^^^^^^^
AttributeError: 'Member' object has no attribute 'timed_out_until'
Ignoring exception in on_member_update
Traceback (most recent call last):
  File "/usr/local/lib/python3.12/site-packages/discord/client.py", line 465, in _run_event
    await coro(*args, **kwargs)
  File "/app/asu_discord/cogs/analytics.py", line 652, in on_member_update
    before_timeout = before.timed_out_until
                     ^^^^^^^^^^^^^^^^^^^^^^
AttributeError: 'Member' object has no attribute 'timed_out_until'
Ignoring exception in on_member_update
Traceback (most recent call last):
  File "/usr/local/lib/python3.12/site-packages/discord/client.py", line 465, in _run_event
    await coro(*args, **kwargs)
  File "/app/asu_discord/cogs/analytics.py", line 652, in on_member_update
    before_timeout = before.timed_out_until
                     ^^^^^^^^^^^^^^^^^^^^^^
AttributeError: 'Member' object has no attribute 'timed_out_until'
Ignoring exception in on_member_update
Traceback (most recent call last):
  File "/usr/local/lib/python3.12/site-packages/discord/client.py", line 465, in _run_event
    await coro(*args, **kwargs)
  File "/app/asu_discord/cogs/analytics.py", line 652, in on_member_update
    before_timeout = before.timed_out_until
                     ^^^^^^^^^^^^^^^^^^^^^^
AttributeError: 'Member' object has no attribute 'timed_out_until'
Ignoring exception in on_member_update
Traceback (most recent call last):
  File "/usr/local/lib/python3.12/site-packages/discord/client.py", line 465, in _run_event
    await coro(*args, **kwargs)
  File "/app/asu_discord/cogs/analytics.py", line 652, in on_member_update
    before_timeout = before.timed_out_until
                     ^^^^^^^^^^^^^^^^^^^^^^
AttributeError: 'Member' object has no attribute 'timed_out_until'
Ignoring exception in on_member_update
Traceback (most recent call last):
  File "/usr/local/lib/python3.12/site-packages/discord/client.py", line 465, in _run_event
    await coro(*args, **kwargs)
  File "/app/asu_discord/cogs/analytics.py", line 652, in on_member_update
    before_timeout = before.timed_out_until
                     ^^^^^^^^^^^^^^^^^^^^^^
AttributeError: 'Member' object has no attribute 'timed_out_until'
Ignoring exception in on_member_update
Traceback (most recent call last):
  File "/usr/local/lib/python3.12/site-packages/discord/client.py", line 465, in _run_event
    await coro(*args, **kwargs)
  File "/app/asu_discord/cogs/analytics.py", line 652, in on_member_update
    before_timeout = before.timed_out_until
                     ^^^^^^^^^^^^^^^^^^^^^^
AttributeError: 'Member' object has no attribute 'timed_out_until'
Ignoring exception in on_member_update
Traceback (most recent call last):
  File "/usr/local/lib/python3.12/site-packages/discord/client.py", line 465, in _run_event
    await coro(*args, **kwargs)
  File "/app/asu_discord/cogs/analytics.py", line 652, in on_member_update
    before_timeout = before.timed_out_until
                     ^^^^^^^^^^^^^^^^^^^^^^
AttributeError: 'Member' object has no attribute 'timed_out_until'
Ignoring exception in on_member_update
Traceback (most recent call last):
  File "/usr/local/lib/python3.12/site-packages/discord/client.py", line 465, in _run_event
    await coro(*args, **kwargs)
  File "/app/asu_discord/cogs/analytics.py", line 652, in on_member_update
    before_timeout = before.timed_out_until
                     ^^^^^^^^^^^^^^^^^^^^^^
AttributeError: 'Member' object has no attribute 'timed_out_until'
INFO:asu_discord.cogs.verification:Saved 5 roles to database for user gmoral68 (Discord ID: 1012218102408286360)
INFO:asu_discord.cogs.verification:Refreshed Salesforce roles for Discord user 1012218102408286360: -5/+5 roles, assigned=[Arizona Resident, First Generation Student, First Year, Ira A. Fulton Schools of Engineering, Tempe]
Ignoring exception in on_member_update
Traceback (most recent call last):
  File "/usr/local/lib/python3.12/site-packages/discord/client.py", line 465, in _run_event
    await coro(*args, **kwargs)
  File "/app/asu_discord/cogs/analytics.py", line 652, in on_member_update
    before_timeout = before.timed_out_until
                     ^^^^^^^^^^^^^^^^^^^^^^
AttributeError: 'Member' object has no attribute 'timed_out_until'
Ignoring exception in on_member_update
Traceback (most recent call last):
  File "/usr/local/lib/python3.12/site-packages/discord/client.py", line 465, in _run_event
    await coro(*args, **kwargs)
  File "/app/asu_discord/cogs/analytics.py", line 652, in on_member_update
    before_timeout = before.timed_out_until
                     ^^^^^^^^^^^^^^^^^^^^^^
AttributeError: 'Member' object has no attribute 'timed_out_until'
Ignoring exception in on_member_update
Traceback (most recent call last):
  File "/usr/local/lib/python3.12/site-packages/discord/client.py", line 465, in _run_event
    await coro(*args, **kwargs)
  File "/app/asu_discord/cogs/analytics.py", line 652, in on_member_update
    before_timeout = before.timed_out_until
                     ^^^^^^^^^^^^^^^^^^^^^^
AttributeError: 'Member' object has no attribute 'timed_out_until'
Ignoring exception in on_member_update
Traceback (most recent call last):
  File "/usr/local/lib/python3.12/site-packages/discord/client.py", line 465, in _run_event
    await coro(*args, **kwargs)
  File "/app/asu_discord/cogs/analytics.py", line 652, in on_member_update
    before_timeout = before.timed_out_until
                     ^^^^^^^^^^^^^^^^^^^^^^
AttributeError: 'Member' object has no attribute 'timed_out_until'
Ignoring exception in on_member_update
Traceback (most recent call last):
  File "/usr/local/lib/python3.12/site-packages/discord/client.py", line 465, in _run_event
    await coro(*args, **kwargs)
  File "/app/asu_discord/cogs/analytics.py", line 652, in on_member_update
    before_timeout = before.timed_out_until
                     ^^^^^^^^^^^^^^^^^^^^^^
AttributeError: 'Member' object has no attribute 'timed_out_until'
Ignoring exception in on_member_update
Traceback (most recent call last):
  File "/usr/local/lib/python3.12/site-packages/discord/client.py", line 465, in _run_event
    await coro(*args, **kwargs)
  File "/app/asu_discord/cogs/analytics.py", line 652, in on_member_update
    before_timeout = before.timed_out_until
                     ^^^^^^^^^^^^^^^^^^^^^^
AttributeError: 'Member' object has no attribute 'timed_out_until'
Ignoring exception in on_member_update
Traceback (most recent call last):
  File "/usr/local/lib/python3.12/site-packages/discord/client.py", line 465, in _run_event
    await coro(*args, **kwargs)
  File "/app/asu_discord/cogs/analytics.py", line 652, in on_member_update
    before_timeout = before.timed_out_until
                     ^^^^^^^^^^^^^^^^^^^^^^
AttributeError: 'Member' object has no attribute 'timed_out_until'
Ignoring exception in on_member_update
Traceback (most recent call last):
  File "/usr/local/lib/python3.12/site-packages/discord/client.py", line 465, in _run_event
    await coro(*args, **kwargs)
  File "/app/asu_discord/cogs/analytics.py", line 652, in on_member_update
    before_timeout = before.timed_out_until
                     ^^^^^^^^^^^^^^^^^^^^^^
AttributeError: 'Member' object has no attribute 'timed_out_until'
Ignoring exception in on_member_update
Traceback (most recent call last):
  File "/usr/local/lib/python3.12/site-packages/discord/client.py", line 465, in _run_event
    await coro(*args, **kwargs)
  File "/app/asu_discord/cogs/analytics.py", line 652, in on_member_update
    before_timeout = before.timed_out_until
                     ^^^^^^^^^^^^^^^^^^^^^^
AttributeError: 'Member' object has no attribute 'timed_out_until'
Ignoring exception in on_member_update
Traceback (most recent call last):
  File "/usr/local/lib/python3.12/site-packages/discord/client.py", line 465, in _run_event
    await coro(*args, **kwargs)
  File "/app/asu_discord/cogs/analytics.py", line 652, in on_member_update
    before_timeout = before.timed_out_until
                     ^^^^^^^^^^^^^^^^^^^^^^
AttributeError: 'Member' object has no attribute 'timed_out_until'
Ignoring exception in on_member_update
Traceback (most recent call last):
  File "/usr/local/lib/python3.12/site-packages/discord/client.py", line 465, in _run_event
    await coro(*args, **kwargs)
  File "/app/asu_discord/cogs/analytics.py", line 652, in on_member_update
    before_timeout = before.timed_out_until
                     ^^^^^^^^^^^^^^^^^^^^^^
AttributeError: 'Member' object has no attribute 'timed_out_until'
Ignoring exception in on_member_update
Traceback (most recent call last):
  File "/usr/local/lib/python3.12/site-packages/discord/client.py", line 465, in _run_event
    await coro(*args, **kwargs)
  File "/app/asu_discord/cogs/analytics.py", line 652, in on_member_update
    before_timeout = before.timed_out_until
                     ^^^^^^^^^^^^^^^^^^^^^^
AttributeError: 'Member' object has no attribute 'timed_out_until'
ERROR:cron.jobs:refresh_salesforce_roles: failed for richave5 (Discord ID 786781464515313705): Timed out refresh Salesforce-based roles
Ignoring exception in on_member_update
Traceback (most recent call last):
  File "/usr/local/lib/python3.12/site-packages/discord/client.py", line 465, in _run_event
    await coro(*args, **kwargs)
  File "/app/asu_discord/cogs/analytics.py", line 652, in on_member_update
    before_timeout = before.timed_out_until
                     ^^^^^^^^^^^^^^^^^^^^^^
AttributeError: 'Member' object has no attribute 'timed_out_until'
Ignoring exception in on_member_update
Traceback (most recent call last):
  File "/usr/local/lib/python3.12/site-packages/discord/client.py", line 465, in _run_event
    await coro(*args, **kwargs)
  File "/app/asu_discord/cogs/analytics.py", line 652, in on_member_update
    before_timeout = before.timed_out_until
                     ^^^^^^^^^^^^^^^^^^^^^^
AttributeError: 'Member' object has no attribute 'timed_out_until'
Ignoring exception in on_member_update
Traceback (most recent call last):
  File "/usr/local/lib/python3.12/site-packages/discord/client.py", line 465, in _run_event
    await coro(*args, **kwargs)
  File "/app/asu_discord/cogs/analytics.py", line 652, in on_member_update
    before_timeout = before.timed_out_until
                     ^^^^^^^^^^^^^^^^^^^^^^
AttributeError: 'Member' object has no attribute 'timed_out_until'
Ignoring exception in on_member_update
Traceback (most recent call last):
  File "/usr/local/lib/python3.12/site-packages/discord/client.py", line 465, in _run_event
    await coro(*args, **kwargs)
  File "/app/asu_discord/cogs/analytics.py", line 652, in on_member_update
    before_timeout = before.timed_out_until
                     ^^^^^^^^^^^^^^^^^^^^^^
AttributeError: 'Member' object has no attribute 'timed_out_until'
Ignoring exception in on_member_update
Traceback (most recent call last):
  File "/usr/local/lib/python3.12/site-packages/discord/client.py", line 465, in _run_event
    await coro(*args, **kwargs)
  File "/app/asu_discord/cogs/analytics.py", line 652, in on_member_update
    before_timeout = before.timed_out_until
                     ^^^^^^^^^^^^^^^^^^^^^^
AttributeError: 'Member' object has no attribute 'timed_out_until'
Ignoring exception in on_member_update
Traceback (most recent call last):
  File "/usr/local/lib/python3.12/site-packages/discord/client.py", line 465, in _run_event
    await coro(*args, **kwargs)
  File "/app/asu_discord/cogs/analytics.py", line 652, in on_member_update
    before_timeout = before.timed_out_until
                     ^^^^^^^^^^^^^^^^^^^^^^
AttributeError: 'Member' object has no attribute 'timed_out_until'
Ignoring exception in on_member_update
Traceback (most recent call last):
  File "/usr/local/lib/python3.12/site-packages/discord/client.py", line 465, in _run_event
    await coro(*args, **kwargs)
  File "/app/asu_discord/cogs/analytics.py", line 652, in on_member_update
    before_timeout = before.timed_out_until
                     ^^^^^^^^^^^^^^^^^^^^^^
AttributeError: 'Member' object has no attribute 'timed_out_until'
Ignoring exception in on_member_update
Traceback (most recent call last):
  File "/usr/local/lib/python3.12/site-packages/discord/client.py", line 465, in _run_event
    await coro(*args, **kwargs)
  File "/app/asu_discord/cogs/analytics.py", line 652, in on_member_update
    before_timeout = before.timed_out_until
                     ^^^^^^^^^^^^^^^^^^^^^^
AttributeError: 'Member' object has no attribute 'timed_out_until'
Ignoring exception in on_member_update
Traceback (most recent call last):
  File "/usr/local/lib/python3.12/site-packages/discord/client.py", line 465, in _run_event
    await coro(*args, **kwargs)
  File "/app/asu_discord/cogs/analytics.py", line 652, in on_member_update
    before_timeout = before.timed_out_until
                     ^^^^^^^^^^^^^^^^^^^^^^
AttributeError: 'Member' object has no attribute 'timed_out_until'
Ignoring exception in on_member_update
Traceback (most recent call last):
  File "/usr/local/lib/python3.12/site-packages/discord/client.py", line 465, in _run_event
    await coro(*args, **kwargs)
  File "/app/asu_discord/cogs/analytics.py", line 652, in on_member_update
    before_timeout = before.timed_out_until
                     ^^^^^^^^^^^^^^^^^^^^^^
AttributeError: 'Member' object has no attribute 'timed_out_until'
INFO:asu_discord.cogs.verification:Saved 5 roles to database for user smekal15 (Discord ID: 870663697918459976)
INFO:asu_discord.cogs.verification:Refreshed Salesforce roles for Discord user 870663697918459976: -5/+5 roles, assigned=[Commited, Graduate Student, International Student, Ira A. Fulton Schools of Engineering, Polytechnic]
Ignoring exception in on_member_update
Traceback (most recent call last):
  File "/usr/local/lib/python3.12/site-packages/discord/client.py", line 465, in _run_event
    await coro(*args, **kwargs)
  File "/app/asu_discord/cogs/analytics.py", line 652, in on_member_update
    before_timeout = before.timed_out_until
                     ^^^^^^^^^^^^^^^^^^^^^^
AttributeError: 'Member' object has no attribute 'timed_out_until'
Ignoring exception in on_member_update
Traceback (most recent call last):
  File "/usr/local/lib/python3.12/site-packages/discord/client.py", line 465, in _run_event
    await coro(*args, **kwargs)
  File "/app/asu_discord/cogs/analytics.py", line 652, in on_member_update
    before_timeout = before.timed_out_until
                     ^^^^^^^^^^^^^^^^^^^^^^
AttributeError: 'Member' object has no attribute 'timed_out_until'
Ignoring exception in on_member_update
Traceback (most recent call last):
  File "/usr/local/lib/python3.12/site-packages/discord/client.py", line 465, in _run_event
    await coro(*args, **kwargs)
  File "/app/asu_discord/cogs/analytics.py", line 652, in on_member_update
    before_timeout = before.timed_out_until
                     ^^^^^^^^^^^^^^^^^^^^^^
AttributeError: 'Member' object has no attribute 'timed_out_until'
Ignoring exception in on_member_update
Traceback (most recent call last):
  File "/usr/local/lib/python3.12/site-packages/discord/client.py", line 465, in _run_event
    await coro(*args, **kwargs)
  File "/app/asu_discord/cogs/analytics.py", line 652, in on_member_update
    before_timeout = before.timed_out_until
                     ^^^^^^^^^^^^^^^^^^^^^^
AttributeError: 'Member' object has no attribute 'timed_out_until'
Ignoring exception in on_member_update
Traceback (most recent call last):
  File "/usr/local/lib/python3.12/site-packages/discord/client.py", line 465, in _run_event
    await coro(*args, **kwargs)
  File "/app/asu_discord/cogs/analytics.py", line 652, in on_member_update
    before_timeout = before.timed_out_until
                     ^^^^^^^^^^^^^^^^^^^^^^
AttributeError: 'Member' object has no attribute 'timed_out_until'
Ignoring exception in on_member_update
Traceback (most recent call last):
  File "/usr/local/lib/python3.12/site-packages/discord/client.py", line 465, in _run_event
    await coro(*args, **kwargs)
  File "/app/asu_discord/cogs/analytics.py", line 652, in on_member_update
    before_timeout = before.timed_out_until
                     ^^^^^^^^^^^^^^^^^^^^^^
AttributeError: 'Member' object has no attribute 'timed_out_until'
Ignoring exception in on_member_update
Traceback (most recent call last):
  File "/usr/local/lib/python3.12/site-packages/discord/client.py", line 465, in _run_event
    await coro(*args, **kwargs)
  File "/app/asu_discord/cogs/analytics.py", line 652, in on_member_update
    before_timeout = before.timed_out_until
                     ^^^^^^^^^^^^^^^^^^^^^^
AttributeError: 'Member' object has no attribute 'timed_out_until'
Ignoring exception in on_member_update
Traceback (most recent call last):
  File "/usr/local/lib/python3.12/site-packages/discord/client.py", line 465, in _run_event
    await coro(*args, **kwargs)
  File "/app/asu_discord/cogs/analytics.py", line 652, in on_member_update
    before_timeout = before.timed_out_until
                     ^^^^^^^^^^^^^^^^^^^^^^
AttributeError: 'Member' object has no attribute 'timed_out_until'
Ignoring exception in on_member_update
Traceback (most recent call last):
  File "/usr/local/lib/python3.12/site-packages/discord/client.py", line 465, in _run_event
    await coro(*args, **kwargs)
  File "/app/asu_discord/cogs/analytics.py", line 652, in on_member_update
    before_timeout = before.timed_out_until
                     ^^^^^^^^^^^^^^^^^^^^^^
AttributeError: 'Member' object has no attribute 'timed_out_until'
Ignoring exception in on_member_update
Traceback (most recent call last):
  File "/usr/local/lib/python3.12/site-packages/discord/client.py", line 465, in _run_event
    await coro(*args, **kwargs)
  File "/app/asu_discord/cogs/analytics.py", line 652, in on_member_update
    before_timeout = before.timed_out_until
                     ^^^^^^^^^^^^^^^^^^^^^^
AttributeError: 'Member' object has no attribute 'timed_out_until'
INFO:asu_discord.cogs.verification:Saved 5 roles to database for user bpolengh (Discord ID: 1510333093364502589)
INFO:asu_discord.cogs.verification:Refreshed Salesforce roles for Discord user 1510333093364502589: -5/+5 roles, assigned=[College of Liberal Arts and Sciences, Commited, First Year, International Student, Tempe]
Ignoring exception in on_member_update
Traceback (most recent call last):
  File "/usr/local/lib/python3.12/site-packages/discord/client.py", line 465, in _run_event
    await coro(*args, **kwargs)
  File "/app/asu_discord/cogs/analytics.py", line 652, in on_member_update
    before_timeout = before.timed_out_until
                     ^^^^^^^^^^^^^^^^^^^^^^
AttributeError: 'Member' object has no attribute 'timed_out_until'
Ignoring exception in on_member_update
Traceback (most recent call last):
  File "/usr/local/lib/python3.12/site-packages/discord/client.py", line 465, in _run_event
    await coro(*args, **kwargs)
  File "/app/asu_discord/cogs/analytics.py", line 652, in on_member_update
    before_timeout = before.timed_out_until
                     ^^^^^^^^^^^^^^^^^^^^^^
AttributeError: 'Member' object has no attribute 'timed_out_until'
Ignoring exception in on_member_update
Traceback (most recent call last):
  File "/usr/local/lib/python3.12/site-packages/discord/client.py", line 465, in _run_event
    await coro(*args, **kwargs)
  File "/app/asu_discord/cogs/analytics.py", line 652, in on_member_update
    before_timeout = before.timed_out_until
                     ^^^^^^^^^^^^^^^^^^^^^^
AttributeError: 'Member' object has no attribute 'timed_out_until'
Ignoring exception in on_member_update
Traceback (most recent call last):
  File "/usr/local/lib/python3.12/site-packages/discord/client.py", line 465, in _run_event
    await coro(*args, **kwargs)
  File "/app/asu_discord/cogs/analytics.py", line 652, in on_member_update
    before_timeout = before.timed_out_until
                     ^^^^^^^^^^^^^^^^^^^^^^
AttributeError: 'Member' object has no attribute 'timed_out_until'
Ignoring exception in on_member_update
Traceback (most recent call last):
  File "/usr/local/lib/python3.12/site-packages/discord/client.py", line 465, in _run_event
    await coro(*args, **kwargs)
  File "/app/asu_discord/cogs/analytics.py", line 652, in on_member_update
    before_timeout = before.timed_out_until
                     ^^^^^^^^^^^^^^^^^^^^^^
AttributeError: 'Member' object has no attribute 'timed_out_until'
Ignoring exception in on_member_update
Traceback (most recent call last):
  File "/usr/local/lib/python3.12/site-packages/discord/client.py", line 465, in _run_event
    await coro(*args, **kwargs)
  File "/app/asu_discord/cogs/analytics.py", line 652, in on_member_update
    before_timeout = before.timed_out_until
                     ^^^^^^^^^^^^^^^^^^^^^^
AttributeError: 'Member' object has no attribute 'timed_out_until'
Ignoring exception in on_member_update
Traceback (most recent call last):
  File "/usr/local/lib/python3.12/site-packages/discord/client.py", line 465, in _run_event
    await coro(*args, **kwargs)
  File "/app/asu_discord/cogs/analytics.py", line 652, in on_member_update
    before_timeout = before.timed_out_until
                     ^^^^^^^^^^^^^^^^^^^^^^
AttributeError: 'Member' object has no attribute 'timed_out_until'
Ignoring exception in on_member_update
Traceback (most recent call last):
  File "/usr/local/lib/python3.12/site-packages/discord/client.py", line 465, in _run_event
    await coro(*args, **kwargs)
  File "/app/asu_discord/cogs/analytics.py", line 652, in on_member_update
    before_timeout = before.timed_out_until
                     ^^^^^^^^^^^^^^^^^^^^^^
AttributeError: 'Member' object has no attribute 'timed_out_until'
INFO:asu_discord.cogs.verification:Saved 4 roles to database for user mdmarsh9 (Discord ID: 768156448701415505)
INFO:asu_discord.cogs.verification:Refreshed Salesforce roles for Discord user 768156448701415505: -4/+4 roles, assigned=[Arizona Resident, First Year, Ira A. Fulton Schools of Engineering, Tempe]
Ignoring exception in on_member_update
Traceback (most recent call last):
  File "/usr/local/lib/python3.12/site-packages/discord/client.py", line 465, in _run_event
    await coro(*args, **kwargs)
  File "/app/asu_discord/cogs/analytics.py", line 652, in on_member_update
    before_timeout = before.timed_out_until
                     ^^^^^^^^^^^^^^^^^^^^^^
AttributeError: 'Member' object has no attribute 'timed_out_until'
Ignoring exception in on_member_update
Traceback (most recent call last):
  File "/usr/local/lib/python3.12/site-packages/discord/client.py", line 465, in _run_event
    await coro(*args, **kwargs)
  File "/app/asu_discord/cogs/analytics.py", line 652, in on_member_update
    before_timeout = before.timed_out_until
                     ^^^^^^^^^^^^^^^^^^^^^^
AttributeError: 'Member' object has no attribute 'timed_out_until'
Ignoring exception in on_member_update
Traceback (most recent call last):
  File "/usr/local/lib/python3.12/site-packages/discord/client.py", line 465, in _run_event
    await coro(*args, **kwargs)
  File "/app/asu_discord/cogs/analytics.py", line 652, in on_member_update
    before_timeout = before.timed_out_until
                     ^^^^^^^^^^^^^^^^^^^^^^
AttributeError: 'Member' object has no attribute 'timed_out_until'
Ignoring exception in on_member_update
Traceback (most recent call last):
  File "/usr/local/lib/python3.12/site-packages/discord/client.py", line 465, in _run_event
    await coro(*args, **kwargs)
  File "/app/asu_discord/cogs/analytics.py", line 652, in on_member_update
    before_timeout = before.timed_out_until
                     ^^^^^^^^^^^^^^^^^^^^^^
AttributeError: 'Member' object has no attribute 'timed_out_until'
Ignoring exception in on_member_update
Traceback (most recent call last):
  File "/usr/local/lib/python3.12/site-packages/discord/client.py", line 465, in _run_event
    await coro(*args, **kwargs)
  File "/app/asu_discord/cogs/analytics.py", line 652, in on_member_update
    before_timeout = before.timed_out_until
                     ^^^^^^^^^^^^^^^^^^^^^^
AttributeError: 'Member' object has no attribute 'timed_out_until'
Ignoring exception in on_member_update
Traceback (most recent call last):
  File "/usr/local/lib/python3.12/site-packages/discord/client.py", line 465, in _run_event
    await coro(*args, **kwargs)
  File "/app/asu_discord/cogs/analytics.py", line 652, in on_member_update
    before_timeout = before.timed_out_until
                     ^^^^^^^^^^^^^^^^^^^^^^
AttributeError: 'Member' object has no attribute 'timed_out_until'
Ignoring exception in on_member_update
Traceback (most recent call last):
  File "/usr/local/lib/python3.12/site-packages/discord/client.py", line 465, in _run_event
    await coro(*args, **kwargs)
  File "/app/asu_discord/cogs/analytics.py", line 652, in on_member_update
    before_timeout = before.timed_out_until
                     ^^^^^^^^^^^^^^^^^^^^^^
AttributeError: 'Member' object has no attribute 'timed_out_until'
Ignoring exception in on_member_update
Traceback (most recent call last):
  File "/usr/local/lib/python3.12/site-packages/discord/client.py", line 465, in _run_event
    await coro(*args, **kwargs)
  File "/app/asu_discord/cogs/analytics.py", line 652, in on_member_update
    before_timeout = before.timed_out_until
                     ^^^^^^^^^^^^^^^^^^^^^^
AttributeError: 'Member' object has no attribute 'timed_out_until'
Ignoring exception in on_member_update
Traceback (most recent call last):
  File "/usr/local/lib/python3.12/site-packages/discord/client.py", line 465, in _run_event
    await coro(*args, **kwargs)
  File "/app/asu_discord/cogs/analytics.py", line 652, in on_member_update
    before_timeout = before.timed_out_until
                     ^^^^^^^^^^^^^^^^^^^^^^
AttributeError: 'Member' object has no attribute 'timed_out_until'
Ignoring exception in on_member_update
Traceback (most recent call last):
  File "/usr/local/lib/python3.12/site-packages/discord/client.py", line 465, in _run_event
    await coro(*args, **kwargs)
  File "/app/asu_discord/cogs/analytics.py", line 652, in on_member_update
    before_timeout = before.timed_out_until
                     ^^^^^^^^^^^^^^^^^^^^^^
AttributeError: 'Member' object has no attribute 'timed_out_until'
INFO:asu_discord.cogs.verification:Saved 5 roles to database for user daljaral (Discord ID: 609429485208469530)
INFO:asu_discord.cogs.verification:Refreshed Salesforce roles for Discord user 609429485208469530: -5/+5 roles, assigned=[Commited, First Year, International Student, Tempe, W.P. Carey School of Business]
Ignoring exception in on_member_update
Traceback (most recent call last):
  File "/usr/local/lib/python3.12/site-packages/discord/client.py", line 465, in _run_event
    await coro(*args, **kwargs)
  File "/app/asu_discord/cogs/analytics.py", line 652, in on_member_update
    before_timeout = before.timed_out_until
                     ^^^^^^^^^^^^^^^^^^^^^^
AttributeError: 'Member' object has no attribute 'timed_out_until'
Ignoring exception in on_member_update
Traceback (most recent call last):
  File "/usr/local/lib/python3.12/site-packages/discord/client.py", line 465, in _run_event
    await coro(*args, **kwargs)
  File "/app/asu_discord/cogs/analytics.py", line 652, in on_member_update
    before_timeout = before.timed_out_until
                     ^^^^^^^^^^^^^^^^^^^^^^
AttributeError: 'Member' object has no attribute 'timed_out_until'
Ignoring exception in on_member_update
Traceback (most recent call last):
  File "/usr/local/lib/python3.12/site-packages/discord/client.py", line 465, in _run_event
    await coro(*args, **kwargs)
  File "/app/asu_discord/cogs/analytics.py", line 652, in on_member_update
    before_timeout = before.timed_out_until
                     ^^^^^^^^^^^^^^^^^^^^^^
AttributeError: 'Member' object has no attribute 'timed_out_until'
Ignoring exception in on_member_update
Traceback (most recent call last):
  File "/usr/local/lib/python3.12/site-packages/discord/client.py", line 465, in _run_event
    await coro(*args, **kwargs)
  File "/app/asu_discord/cogs/analytics.py", line 652, in on_member_update
    before_timeout = before.timed_out_until
                     ^^^^^^^^^^^^^^^^^^^^^^
AttributeError: 'Member' object has no attribute 'timed_out_until'
Ignoring exception in on_member_update
Traceback (most recent call last):
  File "/usr/local/lib/python3.12/site-packages/discord/client.py", line 465, in _run_event
    await coro(*args, **kwargs)
  File "/app/asu_discord/cogs/analytics.py", line 652, in on_member_update
    before_timeout = before.timed_out_until
                     ^^^^^^^^^^^^^^^^^^^^^^
AttributeError: 'Member' object has no attribute 'timed_out_until'
Ignoring exception in on_member_update
Traceback (most recent call last):
  File "/usr/local/lib/python3.12/site-packages/discord/client.py", line 465, in _run_event
    await coro(*args, **kwargs)
  File "/app/asu_discord/cogs/analytics.py", line 652, in on_member_update
    before_timeout = before.timed_out_until
                     ^^^^^^^^^^^^^^^^^^^^^^
AttributeError: 'Member' object has no attribute 'timed_out_until'
Ignoring exception in on_member_update
Traceback (most recent call last):
  File "/usr/local/lib/python3.12/site-packages/discord/client.py", line 465, in _run_event
    await coro(*args, **kwargs)
  File "/app/asu_discord/cogs/analytics.py", line 652, in on_member_update
    before_timeout = before.timed_out_until
                     ^^^^^^^^^^^^^^^^^^^^^^
AttributeError: 'Member' object has no attribute 'timed_out_until'
Ignoring exception in on_member_update
Traceback (most recent call last):
  File "/usr/local/lib/python3.12/site-packages/discord/client.py", line 465, in _run_event
    await coro(*args, **kwargs)
  File "/app/asu_discord/cogs/analytics.py", line 652, in on_member_update
    before_timeout = before.timed_out_until
                     ^^^^^^^^^^^^^^^^^^^^^^
AttributeError: 'Member' object has no attribute 'timed_out_until'
Ignoring exception in on_member_update
Traceback (most recent call last):
  File "/usr/local/lib/python3.12/site-packages/discord/client.py", line 465, in _run_event
    await coro(*args, **kwargs)
  File "/app/asu_discord/cogs/analytics.py", line 652, in on_member_update
    before_timeout = before.timed_out_until
                     ^^^^^^^^^^^^^^^^^^^^^^
AttributeError: 'Member' object has no attribute 'timed_out_until'
Ignoring exception in on_member_update
Traceback (most recent call last):
  File "/usr/local/lib/python3.12/site-packages/discord/client.py", line 465, in _run_event
    await coro(*args, **kwargs)
  File "/app/asu_discord/cogs/analytics.py", line 652, in on_member_update
    before_timeout = before.timed_out_until
                     ^^^^^^^^^^^^^^^^^^^^^^
AttributeError: 'Member' object has no attribute 'timed_out_until'
Ignoring exception in on_member_update
Traceback (most recent call last):
  File "/usr/local/lib/python3.12/site-packages/discord/client.py", line 465, in _run_event
    await coro(*args, **kwargs)
  File "/app/asu_discord/cogs/analytics.py", line 652, in on_member_update
    before_timeout = before.timed_out_until
                     ^^^^^^^^^^^^^^^^^^^^^^
AttributeError: 'Member' object has no attribute 'timed_out_until'
INFO:asu_discord.cogs.verification:Saved 5 roles to database for user cohepbur (Discord ID: 1500931060698185920)
INFO:asu_discord.cogs.verification:Refreshed Salesforce roles for Discord user 1500931060698185920: -5/+5 roles, assigned=[Arizona Resident, College of Liberal Arts and Sciences, Commited, Tempe, Transfer Student]
Ignoring exception in on_member_update
Traceback (most recent call last):
  File "/usr/local/lib/python3.12/site-packages/discord/client.py", line 465, in _run_event
    await coro(*args, **kwargs)
  File "/app/asu_discord/cogs/analytics.py", line 652, in on_member_update
    before_timeout = before.timed_out_until
                     ^^^^^^^^^^^^^^^^^^^^^^
AttributeError: 'Member' object has no attribute 'timed_out_until'
Ignoring exception in on_member_update
Traceback (most recent call last):
  File "/usr/local/lib/python3.12/site-packages/discord/client.py", line 465, in _run_event
    await coro(*args, **kwargs)
  File "/app/asu_discord/cogs/analytics.py", line 652, in on_member_update
    before_timeout = before.timed_out_until
                     ^^^^^^^^^^^^^^^^^^^^^^
AttributeError: 'Member' object has no attribute 'timed_out_until'
Ignoring exception in on_member_update
Traceback (most recent call last):
  File "/usr/local/lib/python3.12/site-packages/discord/client.py", line 465, in _run_event
    await coro(*args, **kwargs)
  File "/app/asu_discord/cogs/analytics.py", line 652, in on_member_update
    before_timeout = before.timed_out_until
                     ^^^^^^^^^^^^^^^^^^^^^^
AttributeError: 'Member' object has no attribute 'timed_out_until'
Ignoring exception in on_member_update
Traceback (most recent call last):
  File "/usr/local/lib/python3.12/site-packages/discord/client.py", line 465, in _run_event
    await coro(*args, **kwargs)
  File "/app/asu_discord/cogs/analytics.py", line 652, in on_member_update
    before_timeout = before.timed_out_until
                     ^^^^^^^^^^^^^^^^^^^^^^
AttributeError: 'Member' object has no attribute 'timed_out_until'
Ignoring exception in on_member_update
Traceback (most recent call last):
  File "/usr/local/lib/python3.12/site-packages/discord/client.py", line 465, in _run_event
    await coro(*args, **kwargs)
  File "/app/asu_discord/cogs/analytics.py", line 652, in on_member_update
    before_timeout = before.timed_out_until
                     ^^^^^^^^^^^^^^^^^^^^^^
AttributeError: 'Member' object has no attribute 'timed_out_until'
Ignoring exception in on_member_update
Traceback (most recent call last):
  File "/usr/local/lib/python3.12/site-packages/discord/client.py", line 465, in _run_event
    await coro(*args, **kwargs)
  File "/app/asu_discord/cogs/analytics.py", line 652, in on_member_update
    before_timeout = before.timed_out_until
                     ^^^^^^^^^^^^^^^^^^^^^^
AttributeError: 'Member' object has no attribute 'timed_out_until'
Ignoring exception in on_member_update
Traceback (most recent call last):
  File "/usr/local/lib/python3.12/site-packages/discord/client.py", line 465, in _run_event
    await coro(*args, **kwargs)
  File "/app/asu_discord/cogs/analytics.py", line 652, in on_member_update
    before_timeout = before.timed_out_until
                     ^^^^^^^^^^^^^^^^^^^^^^
AttributeError: 'Member' object has no attribute 'timed_out_until'
Ignoring exception in on_member_update
Traceback (most recent call last):
  File "/usr/local/lib/python3.12/site-packages/discord/client.py", line 465, in _run_event
    await coro(*args, **kwargs)
  File "/app/asu_discord/cogs/analytics.py", line 652, in on_member_update
    before_timeout = before.timed_out_until
                     ^^^^^^^^^^^^^^^^^^^^^^
AttributeError: 'Member' object has no attribute 'timed_out_until'
Ignoring exception in on_member_update
Traceback (most recent call last):
  File "/usr/local/lib/python3.12/site-packages/discord/client.py", line 465, in _run_event
    await coro(*args, **kwargs)
  File "/app/asu_discord/cogs/analytics.py", line 652, in on_member_update
    before_timeout = before.timed_out_until
                     ^^^^^^^^^^^^^^^^^^^^^^
AttributeError: 'Member' object has no attribute 'timed_out_until'
Ignoring exception in on_member_update
Traceback (most recent call last):
  File "/usr/local/lib/python3.12/site-packages/discord/client.py", line 465, in _run_event
    await coro(*args, **kwargs)
  File "/app/asu_discord/cogs/analytics.py", line 652, in on_member_update
    before_timeout = before.timed_out_until
                     ^^^^^^^^^^^^^^^^^^^^^^
AttributeError: 'Member' object has no attribute 'timed_out_until'
INFO:asu_discord.cogs.verification:Saved 5 roles to database for user drvaugh2 (Discord ID: 614601808274522112)
INFO:asu_discord.cogs.verification:Refreshed Salesforce roles for Discord user 614601808274522112: -5/+5 roles, assigned=[Arizona Resident, Commited, Ira A. Fulton Schools of Engineering, Tempe, Transfer Student]
Ignoring exception in on_member_update
Traceback (most recent call last):
  File "/usr/local/lib/python3.12/site-packages/discord/client.py", line 465, in _run_event
    await coro(*args, **kwargs)
  File "/app/asu_discord/cogs/analytics.py", line 652, in on_member_update
    before_timeout = before.timed_out_until
                     ^^^^^^^^^^^^^^^^^^^^^^
AttributeError: 'Member' object has no attribute 'timed_out_until'
Ignoring exception in on_member_update
Traceback (most recent call last):
  File "/usr/local/lib/python3.12/site-packages/discord/client.py", line 465, in _run_event
    await coro(*args, **kwargs)
  File "/app/asu_discord/cogs/analytics.py", line 652, in on_member_update
    before_timeout = before.timed_out_until
                     ^^^^^^^^^^^^^^^^^^^^^^
AttributeError: 'Member' object has no attribute 'timed_out_until'
Ignoring exception in on_member_update
Traceback (most recent call last):
  File "/usr/local/lib/python3.12/site-packages/discord/client.py", line 465, in _run_event
    await coro(*args, **kwargs)
  File "/app/asu_discord/cogs/analytics.py", line 652, in on_member_update
    before_timeout = before.timed_out_until
                     ^^^^^^^^^^^^^^^^^^^^^^
AttributeError: 'Member' object has no attribute 'timed_out_until'
Ignoring exception in on_member_update
Traceback (most recent call last):
  File "/usr/local/lib/python3.12/site-packages/discord/client.py", line 465, in _run_event
    await coro(*args, **kwargs)
  File "/app/asu_discord/cogs/analytics.py", line 652, in on_member_update
    before_timeout = before.timed_out_until
                     ^^^^^^^^^^^^^^^^^^^^^^
AttributeError: 'Member' object has no attribute 'timed_out_until'
Ignoring exception in on_member_update
Traceback (most recent call last):
  File "/usr/local/lib/python3.12/site-packages/discord/client.py", line 465, in _run_event
    await coro(*args, **kwargs)
  File "/app/asu_discord/cogs/analytics.py", line 652, in on_member_update
    before_timeout = before.timed_out_until
                     ^^^^^^^^^^^^^^^^^^^^^^
AttributeError: 'Member' object has no attribute 'timed_out_until'
Ignoring exception in on_member_update
Traceback (most recent call last):
  File "/usr/local/lib/python3.12/site-packages/discord/client.py", line 465, in _run_event
    await coro(*args, **kwargs)
  File "/app/asu_discord/cogs/analytics.py", line 652, in on_member_update
    before_timeout = before.timed_out_until
                     ^^^^^^^^^^^^^^^^^^^^^^
AttributeError: 'Member' object has no attribute 'timed_out_until'
Ignoring exception in on_member_update
Traceback (most recent call last):
  File "/usr/local/lib/python3.12/site-packages/discord/client.py", line 465, in _run_event
    await coro(*args, **kwargs)
  File "/app/asu_discord/cogs/analytics.py", line 652, in on_member_update
    before_timeout = before.timed_out_until
                     ^^^^^^^^^^^^^^^^^^^^^^
AttributeError: 'Member' object has no attribute 'timed_out_until'
Ignoring exception in on_member_update
Traceback (most recent call last):
  File "/usr/local/lib/python3.12/site-packages/discord/client.py", line 465, in _run_event
    await coro(*args, **kwargs)
  File "/app/asu_discord/cogs/analytics.py", line 652, in on_member_update
    before_timeout = before.timed_out_until
                     ^^^^^^^^^^^^^^^^^^^^^^
AttributeError: 'Member' object has no attribute 'timed_out_until'
INFO:asu_discord.cogs.verification:Saved 4 roles to database for user zsagaya (Discord ID: 823502759445659688)
INFO:asu_discord.cogs.verification:Refreshed Salesforce roles for Discord user 823502759445659688: -4/+4 roles, assigned=[Arizona Resident, First Year, Ira A. Fulton Schools of Engineering, Polytechnic]
Ignoring exception in on_member_update
Traceback (most recent call last):
  File "/usr/local/lib/python3.12/site-packages/discord/client.py", line 465, in _run_event
    await coro(*args, **kwargs)
  File "/app/asu_discord/cogs/analytics.py", line 652, in on_member_update
    before_timeout = before.timed_out_until
                     ^^^^^^^^^^^^^^^^^^^^^^
AttributeError: 'Member' object has no attribute 'timed_out_until'
Ignoring exception in on_member_update
Traceback (most recent call last):
  File "/usr/local/lib/python3.12/site-packages/discord/client.py", line 465, in _run_event
    await coro(*args, **kwargs)
  File "/app/asu_discord/cogs/analytics.py", line 652, in on_member_update
    before_timeout = before.timed_out_until
                     ^^^^^^^^^^^^^^^^^^^^^^
AttributeError: 'Member' object has no attribute 'timed_out_until'
Ignoring exception in on_member_update
Traceback (most recent call last):
  File "/usr/local/lib/python3.12/site-packages/discord/client.py", line 465, in _run_event
    await coro(*args, **kwargs)
  File "/app/asu_discord/cogs/analytics.py", line 652, in on_member_update
    before_timeout = before.timed_out_until
                     ^^^^^^^^^^^^^^^^^^^^^^
AttributeError: 'Member' object has no attribute 'timed_out_until'
Ignoring exception in on_member_update
Traceback (most recent call last):
  File "/usr/local/lib/python3.12/site-packages/discord/client.py", line 465, in _run_event
    await coro(*args, **kwargs)
  File "/app/asu_discord/cogs/analytics.py", line 652, in on_member_update
    before_timeout = before.timed_out_until
                     ^^^^^^^^^^^^^^^^^^^^^^
AttributeError: 'Member' object has no attribute 'timed_out_until'
Ignoring exception in on_member_update
Traceback (most recent call last):
  File "/usr/local/lib/python3.12/site-packages/discord/client.py", line 465, in _run_event
    await coro(*args, **kwargs)
  File "/app/asu_discord/cogs/analytics.py", line 652, in on_member_update
    before_timeout = before.timed_out_until
                     ^^^^^^^^^^^^^^^^^^^^^^
AttributeError: 'Member' object has no attribute 'timed_out_until'
Ignoring exception in on_member_update
Traceback (most recent call last):
  File "/usr/local/lib/python3.12/site-packages/discord/client.py", line 465, in _run_event
    await coro(*args, **kwargs)
  File "/app/asu_discord/cogs/analytics.py", line 652, in on_member_update
    before_timeout = before.timed_out_until
                     ^^^^^^^^^^^^^^^^^^^^^^
AttributeError: 'Member' object has no attribute 'timed_out_until'
Ignoring exception in on_member_update
Traceback (most recent call last):
  File "/usr/local/lib/python3.12/site-packages/discord/client.py", line 465, in _run_event
    await coro(*args, **kwargs)
  File "/app/asu_discord/cogs/analytics.py", line 652, in on_member_update
    before_timeout = before.timed_out_until
                     ^^^^^^^^^^^^^^^^^^^^^^
AttributeError: 'Member' object has no attribute 'timed_out_until'
Ignoring exception in on_member_update
Traceback (most recent call last):
  File "/usr/local/lib/python3.12/site-packages/discord/client.py", line 465, in _run_event
    await coro(*args, **kwargs)
  File "/app/asu_discord/cogs/analytics.py", line 652, in on_member_update
    before_timeout = before.timed_out_until
                     ^^^^^^^^^^^^^^^^^^^^^^
AttributeError: 'Member' object has no attribute 'timed_out_until'
INFO:asu_discord.cogs.verification:Saved 4 roles to database for user lspychal (Discord ID: 925216683109543997)
INFO:asu_discord.cogs.verification:Refreshed Salesforce roles for Discord user 925216683109543997: -4/+4 roles, assigned=[Arizona Resident, First Year, Herberger Institute for Design and the Arts, Polytechnic]
Ignoring exception in on_member_update
Traceback (most recent call last):
  File "/usr/local/lib/python3.12/site-packages/discord/client.py", line 465, in _run_event
    await coro(*args, **kwargs)
  File "/app/asu_discord/cogs/analytics.py", line 652, in on_member_update
    before_timeout = before.timed_out_until
                     ^^^^^^^^^^^^^^^^^^^^^^
AttributeError: 'Member' object has no attribute 'timed_out_until'
Ignoring exception in on_member_update
Traceback (most recent call last):
  File "/usr/local/lib/python3.12/site-packages/discord/client.py", line 465, in _run_event
    await coro(*args, **kwargs)
  File "/app/asu_discord/cogs/analytics.py", line 652, in on_member_update
    before_timeout = before.timed_out_until
                     ^^^^^^^^^^^^^^^^^^^^^^
AttributeError: 'Member' object has no attribute 'timed_out_until'
Ignoring exception in on_member_update
Traceback (most recent call last):
  File "/usr/local/lib/python3.12/site-packages/discord/client.py", line 465, in _run_event
    await coro(*args, **kwargs)
  File "/app/asu_discord/cogs/analytics.py", line 652, in on_member_update
    before_timeout = before.timed_out_until
                     ^^^^^^^^^^^^^^^^^^^^^^
AttributeError: 'Member' object has no attribute 'timed_out_until'
Ignoring exception in on_member_update
Traceback (most recent call last):
  File "/usr/local/lib/python3.12/site-packages/discord/client.py", line 465, in _run_event
    await coro(*args, **kwargs)
  File "/app/asu_discord/cogs/analytics.py", line 652, in on_member_update
    before_timeout = before.timed_out_until
                     ^^^^^^^^^^^^^^^^^^^^^^
AttributeError: 'Member' object has no attribute 'timed_out_until'
Ignoring exception in on_member_update
Traceback (most recent call last):
  File "/usr/local/lib/python3.12/site-packages/discord/client.py", line 465, in _run_event
    await coro(*args, **kwargs)
  File "/app/asu_discord/cogs/analytics.py", line 652, in on_member_update
    before_timeout = before.timed_out_until
                     ^^^^^^^^^^^^^^^^^^^^^^
AttributeError: 'Member' object has no attribute 'timed_out_until'
Ignoring exception in on_member_update
Traceback (most recent call last):
  File "/usr/local/lib/python3.12/site-packages/discord/client.py", line 465, in _run_event
    await coro(*args, **kwargs)
  File "/app/asu_discord/cogs/analytics.py", line 652, in on_member_update
    before_timeout = before.timed_out_until
                     ^^^^^^^^^^^^^^^^^^^^^^
AttributeError: 'Member' object has no attribute 'timed_out_until'
Ignoring exception in on_member_update
Traceback (most recent call last):
  File "/usr/local/lib/python3.12/site-packages/discord/client.py", line 465, in _run_event
    await coro(*args, **kwargs)
  File "/app/asu_discord/cogs/analytics.py", line 652, in on_member_update
    before_timeout = before.timed_out_until
                     ^^^^^^^^^^^^^^^^^^^^^^
AttributeError: 'Member' object has no attribute 'timed_out_until'
Ignoring exception in on_member_update
Traceback (most recent call last):
  File "/usr/local/lib/python3.12/site-packages/discord/client.py", line 465, in _run_event
    await coro(*args, **kwargs)
  File "/app/asu_discord/cogs/analytics.py", line 652, in on_member_update
    before_timeout = before.timed_out_until
                     ^^^^^^^^^^^^^^^^^^^^^^
AttributeError: 'Member' object has no attribute 'timed_out_until'
Ignoring exception in on_member_update
Traceback (most recent call last):
  File "/usr/local/lib/python3.12/site-packages/discord/client.py", line 465, in _run_event
    await coro(*args, **kwargs)
  File "/app/asu_discord/cogs/analytics.py", line 652, in on_member_update
    before_timeout = before.timed_out_until
                     ^^^^^^^^^^^^^^^^^^^^^^
AttributeError: 'Member' object has no attribute 'timed_out_until'
Ignoring exception in on_member_update
Traceback (most recent call last):
  File "/usr/local/lib/python3.12/site-packages/discord/client.py", line 465, in _run_event
    await coro(*args, **kwargs)
  File "/app/asu_discord/cogs/analytics.py", line 652, in on_member_update
    before_timeout = before.timed_out_until
                     ^^^^^^^^^^^^^^^^^^^^^^
AttributeError: 'Member' object has no attribute 'timed_out_until'
INFO:asu_discord.cogs.verification:Saved 5 roles to database for user masarafa (Discord ID: 878942415464054815)
INFO:asu_discord.cogs.verification:Refreshed Salesforce roles for Discord user 878942415464054815: -5/+5 roles, assigned=[Commited, Graduate Student, International Student, Ira A. Fulton Schools of Engineering, Tempe]
Ignoring exception in on_member_update
Traceback (most recent call last):
  File "/usr/local/lib/python3.12/site-packages/discord/client.py", line 465, in _run_event
    await coro(*args, **kwargs)
  File "/app/asu_discord/cogs/analytics.py", line 652, in on_member_update
    before_timeout = before.timed_out_until
                     ^^^^^^^^^^^^^^^^^^^^^^
AttributeError: 'Member' object has no attribute 'timed_out_until'
Ignoring exception in on_member_update
Traceback (most recent call last):
  File "/usr/local/lib/python3.12/site-packages/discord/client.py", line 465, in _run_event
    await coro(*args, **kwargs)
  File "/app/asu_discord/cogs/analytics.py", line 652, in on_member_update
    before_timeout = before.timed_out_until
                     ^^^^^^^^^^^^^^^^^^^^^^
AttributeError: 'Member' object has no attribute 'timed_out_until'
Ignoring exception in on_member_update
Traceback (most recent call last):
  File "/usr/local/lib/python3.12/site-packages/discord/client.py", line 465, in _run_event
    await coro(*args, **kwargs)
  File "/app/asu_discord/cogs/analytics.py", line 652, in on_member_update
    before_timeout = before.timed_out_until
                     ^^^^^^^^^^^^^^^^^^^^^^
AttributeError: 'Member' object has no attribute 'timed_out_until'
Ignoring exception in on_member_update
Traceback (most recent call last):
  File "/usr/local/lib/python3.12/site-packages/discord/client.py", line 465, in _run_event
    await coro(*args, **kwargs)
  File "/app/asu_discord/cogs/analytics.py", line 652, in on_member_update
    before_timeout = before.timed_out_until
                     ^^^^^^^^^^^^^^^^^^^^^^
AttributeError: 'Member' object has no attribute 'timed_out_until'
Ignoring exception in on_member_update
Traceback (most recent call last):
  File "/usr/local/lib/python3.12/site-packages/discord/client.py", line 465, in _run_event
    await coro(*args, **kwargs)
  File "/app/asu_discord/cogs/analytics.py", line 652, in on_member_update
    before_timeout = before.timed_out_until
                     ^^^^^^^^^^^^^^^^^^^^^^
AttributeError: 'Member' object has no attribute 'timed_out_until'
Ignoring exception in on_member_update
Traceback (most recent call last):
  File "/usr/local/lib/python3.12/site-packages/discord/client.py", line 465, in _run_event
    await coro(*args, **kwargs)
  File "/app/asu_discord/cogs/analytics.py", line 652, in on_member_update
    before_timeout = before.timed_out_until
                     ^^^^^^^^^^^^^^^^^^^^^^
AttributeError: 'Member' object has no attribute 'timed_out_until'
Ignoring exception in on_member_update
Traceback (most recent call last):
  File "/usr/local/lib/python3.12/site-packages/discord/client.py", line 465, in _run_event
    await coro(*args, **kwargs)
  File "/app/asu_discord/cogs/analytics.py", line 652, in on_member_update
    before_timeout = before.timed_out_until
                     ^^^^^^^^^^^^^^^^^^^^^^
AttributeError: 'Member' object has no attribute 'timed_out_until'
Ignoring exception in on_member_update
Traceback (most recent call last):
  File "/usr/local/lib/python3.12/site-packages/discord/client.py", line 465, in _run_event
    await coro(*args, **kwargs)
  File "/app/asu_discord/cogs/analytics.py", line 652, in on_member_update
    before_timeout = before.timed_out_until
                     ^^^^^^^^^^^^^^^^^^^^^^
AttributeError: 'Member' object has no attribute 'timed_out_until'
Ignoring exception in on_member_update
Traceback (most recent call last):
  File "/usr/local/lib/python3.12/site-packages/discord/client.py", line 465, in _run_event
    await coro(*args, **kwargs)
  File "/app/asu_discord/cogs/analytics.py", line 652, in on_member_update
    before_timeout = before.timed_out_until
                     ^^^^^^^^^^^^^^^^^^^^^^
AttributeError: 'Member' object has no attribute 'timed_out_until'
Ignoring exception in on_member_update
Traceback (most recent call last):
  File "/usr/local/lib/python3.12/site-packages/discord/client.py", line 465, in _run_event
    await coro(*args, **kwargs)
  File "/app/asu_discord/cogs/analytics.py", line 652, in on_member_update
    before_timeout = before.timed_out_until
                     ^^^^^^^^^^^^^^^^^^^^^^
AttributeError: 'Member' object has no attribute 'timed_out_until'
INFO:asu_discord.cogs.verification:Saved 5 roles to database for user jhharvey (Discord ID: 1395166155185979412)
INFO:asu_discord.cogs.verification:Refreshed Salesforce roles for Discord user 1395166155185979412: -5/+5 roles, assigned=[Commited, First Year, Out of State, Tempe, W.P. Carey School of Business]
Ignoring exception in on_member_update
Traceback (most recent call last):
  File "/usr/local/lib/python3.12/site-packages/discord/client.py", line 465, in _run_event
    await coro(*args, **kwargs)
  File "/app/asu_discord/cogs/analytics.py", line 652, in on_member_update
    before_timeout = before.timed_out_until
                     ^^^^^^^^^^^^^^^^^^^^^^
AttributeError: 'Member' object has no attribute 'timed_out_until'
Ignoring exception in on_member_update
Traceback (most recent call last):
  File "/usr/local/lib/python3.12/site-packages/discord/client.py", line 465, in _run_event
    await coro(*args, **kwargs)
  File "/app/asu_discord/cogs/analytics.py", line 652, in on_member_update
    before_timeout = before.timed_out_until
                     ^^^^^^^^^^^^^^^^^^^^^^
AttributeError: 'Member' object has no attribute 'timed_out_until'
Ignoring exception in on_member_update
Traceback (most recent call last):
  File "/usr/local/lib/python3.12/site-packages/discord/client.py", line 465, in _run_event
    await coro(*args, **kwargs)
  File "/app/asu_discord/cogs/analytics.py", line 652, in on_member_update
    before_timeout = before.timed_out_until
                     ^^^^^^^^^^^^^^^^^^^^^^
AttributeError: 'Member' object has no attribute 'timed_out_until'
Ignoring exception in on_member_update
Traceback (most recent call last):
  File "/usr/local/lib/python3.12/site-packages/discord/client.py", line 465, in _run_event
    await coro(*args, **kwargs)
  File "/app/asu_discord/cogs/analytics.py", line 652, in on_member_update
    before_timeout = before.timed_out_until
                     ^^^^^^^^^^^^^^^^^^^^^^
AttributeError: 'Member' object has no attribute 'timed_out_until'
Ignoring exception in on_member_update
Traceback (most recent call last):
  File "/usr/local/lib/python3.12/site-packages/discord/client.py", line 465, in _run_event
    await coro(*args, **kwargs)
  File "/app/asu_discord/cogs/analytics.py", line 652, in on_member_update
    before_timeout = before.timed_out_until
                     ^^^^^^^^^^^^^^^^^^^^^^
AttributeError: 'Member' object has no attribute 'timed_out_until'
Ignoring exception in on_member_update
Traceback (most recent call last):
  File "/usr/local/lib/python3.12/site-packages/discord/client.py", line 465, in _run_event
    await coro(*args, **kwargs)
  File "/app/asu_discord/cogs/analytics.py", line 652, in on_member_update
    before_timeout = before.timed_out_until
                     ^^^^^^^^^^^^^^^^^^^^^^
AttributeError: 'Member' object has no attribute 'timed_out_until'
Ignoring exception in on_member_update
Traceback (most recent call last):
  File "/usr/local/lib/python3.12/site-packages/discord/client.py", line 465, in _run_event
    await coro(*args, **kwargs)
  File "/app/asu_discord/cogs/analytics.py", line 652, in on_member_update
    before_timeout = before.timed_out_until
                     ^^^^^^^^^^^^^^^^^^^^^^
AttributeError: 'Member' object has no attribute 'timed_out_until'
Ignoring exception in on_member_update
Traceback (most recent call last):
  File "/usr/local/lib/python3.12/site-packages/discord/client.py", line 465, in _run_event
    await coro(*args, **kwargs)
  File "/app/asu_discord/cogs/analytics.py", line 652, in on_member_update
    before_timeout = before.timed_out_until
                     ^^^^^^^^^^^^^^^^^^^^^^
AttributeError: 'Member' object has no attribute 'timed_out_until'
Ignoring exception in on_member_update
Traceback (most recent call last):
  File "/usr/local/lib/python3.12/site-packages/discord/client.py", line 465, in _run_event
    await coro(*args, **kwargs)
  File "/app/asu_discord/cogs/analytics.py", line 652, in on_member_update
    before_timeout = before.timed_out_until
                     ^^^^^^^^^^^^^^^^^^^^^^
AttributeError: 'Member' object has no attribute 'timed_out_until'
Ignoring exception in on_member_update
Traceback (most recent call last):
  File "/usr/local/lib/python3.12/site-packages/discord/client.py", line 465, in _run_event
    await coro(*args, **kwargs)
  File "/app/asu_discord/cogs/analytics.py", line 652, in on_member_update
    before_timeout = before.timed_out_until
                     ^^^^^^^^^^^^^^^^^^^^^^
AttributeError: 'Member' object has no attribute 'timed_out_until'
INFO:asu_discord.cogs.verification:Saved 5 roles to database for user rramamo4 (Discord ID: 945492233963061296)
INFO:asu_discord.cogs.verification:Refreshed Salesforce roles for Discord user 945492233963061296: -5/+5 roles, assigned=[Commited, First Year, Ira A. Fulton Schools of Engineering, Out of State, Tempe]
Ignoring exception in on_member_update
Traceback (most recent call last):
  File "/usr/local/lib/python3.12/site-packages/discord/client.py", line 465, in _run_event
    await coro(*args, **kwargs)
  File "/app/asu_discord/cogs/analytics.py", line 652, in on_member_update
    before_timeout = before.timed_out_until
                     ^^^^^^^^^^^^^^^^^^^^^^
AttributeError: 'Member' object has no attribute 'timed_out_until'
Ignoring exception in on_member_update
Traceback (most recent call last):
  File "/usr/local/lib/python3.12/site-packages/discord/client.py", line 465, in _run_event
    await coro(*args, **kwargs)
  File "/app/asu_discord/cogs/analytics.py", line 652, in on_member_update
    before_timeout = before.timed_out_until
                     ^^^^^^^^^^^^^^^^^^^^^^
AttributeError: 'Member' object has no attribute 'timed_out_until'
Ignoring exception in on_member_update
Traceback (most recent call last):
  File "/usr/local/lib/python3.12/site-packages/discord/client.py", line 465, in _run_event
    await coro(*args, **kwargs)
  File "/app/asu_discord/cogs/analytics.py", line 652, in on_member_update
    before_timeout = before.timed_out_until
                     ^^^^^^^^^^^^^^^^^^^^^^
AttributeError: 'Member' object has no attribute 'timed_out_until'
Ignoring exception in on_member_update
Traceback (most recent call last):
  File "/usr/local/lib/python3.12/site-packages/discord/client.py", line 465, in _run_event
    await coro(*args, **kwargs)
  File "/app/asu_discord/cogs/analytics.py", line 652, in on_member_update
    before_timeout = before.timed_out_until
                     ^^^^^^^^^^^^^^^^^^^^^^
AttributeError: 'Member' object has no attribute 'timed_out_until'
Ignoring exception in on_member_update
Traceback (most recent call last):
  File "/usr/local/lib/python3.12/site-packages/discord/client.py", line 465, in _run_event
    await coro(*args, **kwargs)
  File "/app/asu_discord/cogs/analytics.py", line 652, in on_member_update
    before_timeout = before.timed_out_until
                     ^^^^^^^^^^^^^^^^^^^^^^
AttributeError: 'Member' object has no attribute 'timed_out_until'
Ignoring exception in on_member_update
Traceback (most recent call last):
  File "/usr/local/lib/python3.12/site-packages/discord/client.py", line 465, in _run_event
    await coro(*args, **kwargs)
  File "/app/asu_discord/cogs/analytics.py", line 652, in on_member_update
    before_timeout = before.timed_out_until
                     ^^^^^^^^^^^^^^^^^^^^^^
AttributeError: 'Member' object has no attribute 'timed_out_until'
Ignoring exception in on_member_update
Traceback (most recent call last):
  File "/usr/local/lib/python3.12/site-packages/discord/client.py", line 465, in _run_event
    await coro(*args, **kwargs)
  File "/app/asu_discord/cogs/analytics.py", line 652, in on_member_update
    before_timeout = before.timed_out_until
                     ^^^^^^^^^^^^^^^^^^^^^^
AttributeError: 'Member' object has no attribute 'timed_out_until'
Ignoring exception in on_member_update
Traceback (most recent call last):
  File "/usr/local/lib/python3.12/site-packages/discord/client.py", line 465, in _run_event
    await coro(*args, **kwargs)
  File "/app/asu_discord/cogs/analytics.py", line 652, in on_member_update
    before_timeout = before.timed_out_until
                     ^^^^^^^^^^^^^^^^^^^^^^
AttributeError: 'Member' object has no attribute 'timed_out_until'
Ignoring exception in on_member_update
Traceback (most recent call last):
  File "/usr/local/lib/python3.12/site-packages/discord/client.py", line 465, in _run_event
    await coro(*args, **kwargs)
  File "/app/asu_discord/cogs/analytics.py", line 652, in on_member_update
    before_timeout = before.timed_out_until
                     ^^^^^^^^^^^^^^^^^^^^^^
AttributeError: 'Member' object has no attribute 'timed_out_until'
Ignoring exception in on_member_update
Traceback (most recent call last):
  File "/usr/local/lib/python3.12/site-packages/discord/client.py", line 465, in _run_event
    await coro(*args, **kwargs)
  File "/app/asu_discord/cogs/analytics.py", line 652, in on_member_update
    before_timeout = before.timed_out_until
                     ^^^^^^^^^^^^^^^^^^^^^^
AttributeError: 'Member' object has no attribute 'timed_out_until'
INFO:asu_discord.cogs.verification:Saved 5 roles to database for user massanov (Discord ID: 1510742193579757724)
INFO:asu_discord.cogs.verification:Refreshed Salesforce roles for Discord user 1510742193579757724: -5/+5 roles, assigned=[Commited, Graduate Student, International Student, Ira A. Fulton Schools of Engineering, Tempe]
ERROR:cron.jobs:refresh_salesforce_roles: failed for aidenivy (Discord ID 467012918701981707): Failed to refresh Salesforce-based roles: Discord user 467012918701981707 is not a member of the guild
ERROR:cron.jobs:refresh_salesforce_roles: failed for imolinam (Discord ID 1362598300569833502): Failed to refresh Salesforce-based roles: Discord user 1362598300569833502 is not a member of the guild
Ignoring exception in on_member_update
Traceback (most recent call last):
  File "/usr/local/lib/python3.12/site-packages/discord/client.py", line 465, in _run_event
    await coro(*args, **kwargs)
  File "/app/asu_discord/cogs/analytics.py", line 652, in on_member_update
    before_timeout = before.timed_out_until
                     ^^^^^^^^^^^^^^^^^^^^^^
AttributeError: 'Member' object has no attribute 'timed_out_until'
Ignoring exception in on_member_update
Traceback (most recent call last):
  File "/usr/local/lib/python3.12/site-packages/discord/client.py", line 465, in _run_event
    await coro(*args, **kwargs)
  File "/app/asu_discord/cogs/analytics.py", line 652, in on_member_update
    before_timeout = before.timed_out_until
                     ^^^^^^^^^^^^^^^^^^^^^^
AttributeError: 'Member' object has no attribute 'timed_out_until'
Ignoring exception in on_member_update
Traceback (most recent call last):
  File "/usr/local/lib/python3.12/site-packages/discord/client.py", line 465, in _run_event
    await coro(*args, **kwargs)
  File "/app/asu_discord/cogs/analytics.py", line 652, in on_member_update
    before_timeout = before.timed_out_until
                     ^^^^^^^^^^^^^^^^^^^^^^
AttributeError: 'Member' object has no attribute 'timed_out_until'
Ignoring exception in on_member_update
Traceback (most recent call last):
  File "/usr/local/lib/python3.12/site-packages/discord/client.py", line 465, in _run_event
    await coro(*args, **kwargs)
  File "/app/asu_discord/cogs/analytics.py", line 652, in on_member_update
    before_timeout = before.timed_out_until
                     ^^^^^^^^^^^^^^^^^^^^^^
AttributeError: 'Member' object has no attribute 'timed_out_until'
Ignoring exception in on_member_update
Traceback (most recent call last):
  File "/usr/local/lib/python3.12/site-packages/discord/client.py", line 465, in _run_event
    await coro(*args, **kwargs)
  File "/app/asu_discord/cogs/analytics.py", line 652, in on_member_update
    before_timeout = before.timed_out_until
                     ^^^^^^^^^^^^^^^^^^^^^^
AttributeError: 'Member' object has no attribute 'timed_out_until'
Ignoring exception in on_member_update
Traceback (most recent call last):
  File "/usr/local/lib/python3.12/site-packages/discord/client.py", line 465, in _run_event
    await coro(*args, **kwargs)
  File "/app/asu_discord/cogs/analytics.py", line 652, in on_member_update
    before_timeout = before.timed_out_until
                     ^^^^^^^^^^^^^^^^^^^^^^
AttributeError: 'Member' object has no attribute 'timed_out_until'
Ignoring exception in on_member_update
Traceback (most recent call last):
  File "/usr/local/lib/python3.12/site-packages/discord/client.py", line 465, in _run_event
    await coro(*args, **kwargs)
  File "/app/asu_discord/cogs/analytics.py", line 652, in on_member_update
    before_timeout = before.timed_out_until
                     ^^^^^^^^^^^^^^^^^^^^^^
AttributeError: 'Member' object has no attribute 'timed_out_until'
Ignoring exception in on_member_update
Traceback (most recent call last):
  File "/usr/local/lib/python3.12/site-packages/discord/client.py", line 465, in _run_event
    await coro(*args, **kwargs)
  File "/app/asu_discord/cogs/analytics.py", line 652, in on_member_update
    before_timeout = before.timed_out_until
                     ^^^^^^^^^^^^^^^^^^^^^^
AttributeError: 'Member' object has no attribute 'timed_out_until'
Ignoring exception in on_member_update
Traceback (most recent call last):
  File "/usr/local/lib/python3.12/site-packages/discord/client.py", line 465, in _run_event
    await coro(*args, **kwargs)
  File "/app/asu_discord/cogs/analytics.py", line 652, in on_member_update
    before_timeout = before.timed_out_until
                     ^^^^^^^^^^^^^^^^^^^^^^
AttributeError: 'Member' object has no attribute 'timed_out_until'
Ignoring exception in on_member_update
Traceback (most recent call last):
  File "/usr/local/lib/python3.12/site-packages/discord/client.py", line 465, in _run_event
    await coro(*args, **kwargs)
  File "/app/asu_discord/cogs/analytics.py", line 652, in on_member_update
    before_timeout = before.timed_out_until
                     ^^^^^^^^^^^^^^^^^^^^^^
AttributeError: 'Member' object has no attribute 'timed_out_until'
INFO:asu_discord.cogs.verification:Saved 5 roles to database for user agovin23 (Discord ID: 954791877444509796)
INFO:asu_discord.cogs.verification:Refreshed Salesforce roles for Discord user 954791877444509796: -5/+5 roles, assigned=[College of Liberal Arts and Sciences, Commited, First Year, Out of State, Polytechnic]
Ignoring exception in on_member_update
Traceback (most recent call last):
  File "/usr/local/lib/python3.12/site-packages/discord/client.py", line 465, in _run_event
    await coro(*args, **kwargs)
  File "/app/asu_discord/cogs/analytics.py", line 652, in on_member_update
    before_timeout = before.timed_out_until
                     ^^^^^^^^^^^^^^^^^^^^^^
AttributeError: 'Member' object has no attribute 'timed_out_until'
Ignoring exception in on_member_update
Traceback (most recent call last):
  File "/usr/local/lib/python3.12/site-packages/discord/client.py", line 465, in _run_event
    await coro(*args, **kwargs)
  File "/app/asu_discord/cogs/analytics.py", line 652, in on_member_update
    before_timeout = before.timed_out_until
                     ^^^^^^^^^^^^^^^^^^^^^^
AttributeError: 'Member' object has no attribute 'timed_out_until'
Ignoring exception in on_member_update
Traceback (most recent call last):
  File "/usr/local/lib/python3.12/site-packages/discord/client.py", line 465, in _run_event
    await coro(*args, **kwargs)
  File "/app/asu_discord/cogs/analytics.py", line 652, in on_member_update
    before_timeout = before.timed_out_until
                     ^^^^^^^^^^^^^^^^^^^^^^
AttributeError: 'Member' object has no attribute 'timed_out_until'
Ignoring exception in on_member_update
Traceback (most recent call last):
  File "/usr/local/lib/python3.12/site-packages/discord/client.py", line 465, in _run_event
    await coro(*args, **kwargs)
  File "/app/asu_discord/cogs/analytics.py", line 652, in on_member_update
    before_timeout = before.timed_out_until
                     ^^^^^^^^^^^^^^^^^^^^^^
AttributeError: 'Member' object has no attribute 'timed_out_until'
Ignoring exception in on_member_update
Traceback (most recent call last):
  File "/usr/local/lib/python3.12/site-packages/discord/client.py", line 465, in _run_event
    await coro(*args, **kwargs)
  File "/app/asu_discord/cogs/analytics.py", line 652, in on_member_update
    before_timeout = before.timed_out_until
                     ^^^^^^^^^^^^^^^^^^^^^^
AttributeError: 'Member' object has no attribute 'timed_out_until'
Ignoring exception in on_member_update
Traceback (most recent call last):
  File "/usr/local/lib/python3.12/site-packages/discord/client.py", line 465, in _run_event
    await coro(*args, **kwargs)
  File "/app/asu_discord/cogs/analytics.py", line 652, in on_member_update
    before_timeout = before.timed_out_until
                     ^^^^^^^^^^^^^^^^^^^^^^
AttributeError: 'Member' object has no attribute 'timed_out_until'
Ignoring exception in on_member_update
Traceback (most recent call last):
  File "/usr/local/lib/python3.12/site-packages/discord/client.py", line 465, in _run_event
    await coro(*args, **kwargs)
  File "/app/asu_discord/cogs/analytics.py", line 652, in on_member_update
    before_timeout = before.timed_out_until
                     ^^^^^^^^^^^^^^^^^^^^^^
AttributeError: 'Member' object has no attribute 'timed_out_until'
Ignoring exception in on_member_update
Traceback (most recent call last):
  File "/usr/local/lib/python3.12/site-packages/discord/client.py", line 465, in _run_event
    await coro(*args, **kwargs)
  File "/app/asu_discord/cogs/analytics.py", line 652, in on_member_update
    before_timeout = before.timed_out_until
                     ^^^^^^^^^^^^^^^^^^^^^^
AttributeError: 'Member' object has no attribute 'timed_out_until'
Ignoring exception in on_member_update
Traceback (most recent call last):
  File "/usr/local/lib/python3.12/site-packages/discord/client.py", line 465, in _run_event
    await coro(*args, **kwargs)
  File "/app/asu_discord/cogs/analytics.py", line 652, in on_member_update
    before_timeout = before.timed_out_until
                     ^^^^^^^^^^^^^^^^^^^^^^
AttributeError: 'Member' object has no attribute 'timed_out_until'
Ignoring exception in on_member_update
Traceback (most recent call last):
  File "/usr/local/lib/python3.12/site-packages/discord/client.py", line 465, in _run_event
    await coro(*args, **kwargs)
  File "/app/asu_discord/cogs/analytics.py", line 652, in on_member_update
    before_timeout = before.timed_out_until
                     ^^^^^^^^^^^^^^^^^^^^^^
AttributeError: 'Member' object has no attribute 'timed_out_until'
INFO:asu_discord.cogs.verification:Saved 5 roles to database for user mzheng42 (Discord ID: 1501745662147166280)
INFO:asu_discord.cogs.verification:Refreshed Salesforce roles for Discord user 1501745662147166280: -5/+5 roles, assigned=[Commited, Downtown Phoenix, First Year, International Student, Watts College of Public Service and Community Solutions]
Ignoring exception in on_member_update
Traceback (most recent call last):
  File "/usr/local/lib/python3.12/site-packages/discord/client.py", line 465, in _run_event
    await coro(*args, **kwargs)
  File "/app/asu_discord/cogs/analytics.py", line 652, in on_member_update
    before_timeout = before.timed_out_until
                     ^^^^^^^^^^^^^^^^^^^^^^
AttributeError: 'Member' object has no attribute 'timed_out_until'
Ignoring exception in on_member_update
Traceback (most recent call last):
  File "/usr/local/lib/python3.12/site-packages/discord/client.py", line 465, in _run_event
    await coro(*args, **kwargs)
  File "/app/asu_discord/cogs/analytics.py", line 652, in on_member_update
    before_timeout = before.timed_out_until
                     ^^^^^^^^^^^^^^^^^^^^^^
AttributeError: 'Member' object has no attribute 'timed_out_until'
Ignoring exception in on_member_update
Traceback (most recent call last):
  File "/usr/local/lib/python3.12/site-packages/discord/client.py", line 465, in _run_event
    await coro(*args, **kwargs)
  File "/app/asu_discord/cogs/analytics.py", line 652, in on_member_update
    before_timeout = before.timed_out_until
                     ^^^^^^^^^^^^^^^^^^^^^^
AttributeError: 'Member' object has no attribute 'timed_out_until'
Ignoring exception in on_member_update
Traceback (most recent call last):
  File "/usr/local/lib/python3.12/site-packages/discord/client.py", line 465, in _run_event
    await coro(*args, **kwargs)
  File "/app/asu_discord/cogs/analytics.py", line 652, in on_member_update
    before_timeout = before.timed_out_until
                     ^^^^^^^^^^^^^^^^^^^^^^
AttributeError: 'Member' object has no attribute 'timed_out_until'
Ignoring exception in on_member_update
Traceback (most recent call last):
  File "/usr/local/lib/python3.12/site-packages/discord/client.py", line 465, in _run_event
    await coro(*args, **kwargs)
  File "/app/asu_discord/cogs/analytics.py", line 652, in on_member_update
    before_timeout = before.timed_out_until
                     ^^^^^^^^^^^^^^^^^^^^^^
AttributeError: 'Member' object has no attribute 'timed_out_until'
Ignoring exception in on_member_update
Traceback (most recent call last):
  File "/usr/local/lib/python3.12/site-packages/discord/client.py", line 465, in _run_event
    await coro(*args, **kwargs)
  File "/app/asu_discord/cogs/analytics.py", line 652, in on_member_update
    before_timeout = before.timed_out_until
                     ^^^^^^^^^^^^^^^^^^^^^^
AttributeError: 'Member' object has no attribute 'timed_out_until'
Ignoring exception in on_member_update
Traceback (most recent call last):
  File "/usr/local/lib/python3.12/site-packages/discord/client.py", line 465, in _run_event
    await coro(*args, **kwargs)
  File "/app/asu_discord/cogs/analytics.py", line 652, in on_member_update
    before_timeout = before.timed_out_until
                     ^^^^^^^^^^^^^^^^^^^^^^
AttributeError: 'Member' object has no attribute 'timed_out_until'
Ignoring exception in on_member_update
Traceback (most recent call last):
  File "/usr/local/lib/python3.12/site-packages/discord/client.py", line 465, in _run_event
    await coro(*args, **kwargs)
  File "/app/asu_discord/cogs/analytics.py", line 652, in on_member_update
    before_timeout = before.timed_out_until
                     ^^^^^^^^^^^^^^^^^^^^^^
AttributeError: 'Member' object has no attribute 'timed_out_until'
Ignoring exception in on_member_update
Traceback (most recent call last):
  File "/usr/local/lib/python3.12/site-packages/discord/client.py", line 465, in _run_event
    await coro(*args, **kwargs)
  File "/app/asu_discord/cogs/analytics.py", line 652, in on_member_update
    before_timeout = before.timed_out_until
                     ^^^^^^^^^^^^^^^^^^^^^^
AttributeError: 'Member' object has no attribute 'timed_out_until'
Ignoring exception in on_member_update
Traceback (most recent call last):
  File "/usr/local/lib/python3.12/site-packages/discord/client.py", line 465, in _run_event
    await coro(*args, **kwargs)
  File "/app/asu_discord/cogs/analytics.py", line 652, in on_member_update
    before_timeout = before.timed_out_until
                     ^^^^^^^^^^^^^^^^^^^^^^
AttributeError: 'Member' object has no attribute 'timed_out_until'
INFO:asu_discord.cogs.verification:Saved 5 roles to database for user dtcallah (Discord ID: 710948022623928340)
INFO:asu_discord.cogs.verification:Refreshed Salesforce roles for Discord user 710948022623928340: -5/+5 roles, assigned=[Commited, First Year, International Student, Tempe, W.P. Carey School of Business]
Ignoring exception in on_member_update
Traceback (most recent call last):
  File "/usr/local/lib/python3.12/site-packages/discord/client.py", line 465, in _run_event
    await coro(*args, **kwargs)
  File "/app/asu_discord/cogs/analytics.py", line 652, in on_member_update
    before_timeout = before.timed_out_until
                     ^^^^^^^^^^^^^^^^^^^^^^
AttributeError: 'Member' object has no attribute 'timed_out_until'
Ignoring exception in on_member_update
Traceback (most recent call last):
  File "/usr/local/lib/python3.12/site-packages/discord/client.py", line 465, in _run_event
    await coro(*args, **kwargs)
  File "/app/asu_discord/cogs/analytics.py", line 652, in on_member_update
    before_timeout = before.timed_out_until
                     ^^^^^^^^^^^^^^^^^^^^^^
AttributeError: 'Member' object has no attribute 'timed_out_until'
Ignoring exception in on_member_update
Traceback (most recent call last):
  File "/usr/local/lib/python3.12/site-packages/discord/client.py", line 465, in _run_event
    await coro(*args, **kwargs)
  File "/app/asu_discord/cogs/analytics.py", line 652, in on_member_update
    before_timeout = before.timed_out_until
                     ^^^^^^^^^^^^^^^^^^^^^^
AttributeError: 'Member' object has no attribute 'timed_out_until'
Ignoring exception in on_member_update
Traceback (most recent call last):
  File "/usr/local/lib/python3.12/site-packages/discord/client.py", line 465, in _run_event
    await coro(*args, **kwargs)
  File "/app/asu_discord/cogs/analytics.py", line 652, in on_member_update
    before_timeout = before.timed_out_until
                     ^^^^^^^^^^^^^^^^^^^^^^
AttributeError: 'Member' object has no attribute 'timed_out_until'
Ignoring exception in on_member_update
Traceback (most recent call last):
  File "/usr/local/lib/python3.12/site-packages/discord/client.py", line 465, in _run_event
    await coro(*args, **kwargs)
  File "/app/asu_discord/cogs/analytics.py", line 652, in on_member_update
    before_timeout = before.timed_out_until
                     ^^^^^^^^^^^^^^^^^^^^^^
AttributeError: 'Member' object has no attribute 'timed_out_until'
Ignoring exception in on_member_update
Traceback (most recent call last):
  File "/usr/local/lib/python3.12/site-packages/discord/client.py", line 465, in _run_event
    await coro(*args, **kwargs)
  File "/app/asu_discord/cogs/analytics.py", line 652, in on_member_update
    before_timeout = before.timed_out_until
                     ^^^^^^^^^^^^^^^^^^^^^^
AttributeError: 'Member' object has no attribute 'timed_out_until'
Ignoring exception in on_member_update
Traceback (most recent call last):
  File "/usr/local/lib/python3.12/site-packages/discord/client.py", line 465, in _run_event
    await coro(*args, **kwargs)
  File "/app/asu_discord/cogs/analytics.py", line 652, in on_member_update
    before_timeout = before.timed_out_until
                     ^^^^^^^^^^^^^^^^^^^^^^
AttributeError: 'Member' object has no attribute 'timed_out_until'
Ignoring exception in on_member_update
Traceback (most recent call last):
  File "/usr/local/lib/python3.12/site-packages/discord/client.py", line 465, in _run_event
    await coro(*args, **kwargs)
  File "/app/asu_discord/cogs/analytics.py", line 652, in on_member_update
    before_timeout = before.timed_out_until
                     ^^^^^^^^^^^^^^^^^^^^^^
AttributeError: 'Member' object has no attribute 'timed_out_until'
Ignoring exception in on_member_update
Traceback (most recent call last):
  File "/usr/local/lib/python3.12/site-packages/discord/client.py", line 465, in _run_event
    await coro(*args, **kwargs)
  File "/app/asu_discord/cogs/analytics.py", line 652, in on_member_update
    before_timeout = before.timed_out_until
                     ^^^^^^^^^^^^^^^^^^^^^^
AttributeError: 'Member' object has no attribute 'timed_out_until'
Ignoring exception in on_member_update
Traceback (most recent call last):
  File "/usr/local/lib/python3.12/site-packages/discord/client.py", line 465, in _run_event
    await coro(*args, **kwargs)
  File "/app/asu_discord/cogs/analytics.py", line 652, in on_member_update
    before_timeout = before.timed_out_until
                     ^^^^^^^^^^^^^^^^^^^^^^
AttributeError: 'Member' object has no attribute 'timed_out_until'
INFO:asu_discord.cogs.verification:Saved 5 roles to database for user hallred2 (Discord ID: 1364053563059470397)
INFO:asu_discord.cogs.verification:Refreshed Salesforce roles for Discord user 1364053563059470397: -5/+5 roles, assigned=[Arizona Resident, College of Global Futures, First Generation Student, First Year, Tempe]
Ignoring exception in on_member_update
Traceback (most recent call last):
  File "/usr/local/lib/python3.12/site-packages/discord/client.py", line 465, in _run_event
    await coro(*args, **kwargs)
  File "/app/asu_discord/cogs/analytics.py", line 652, in on_member_update
    before_timeout = before.timed_out_until
                     ^^^^^^^^^^^^^^^^^^^^^^
AttributeError: 'Member' object has no attribute 'timed_out_until'
Ignoring exception in on_member_update
Traceback (most recent call last):
  File "/usr/local/lib/python3.12/site-packages/discord/client.py", line 465, in _run_event
    await coro(*args, **kwargs)
  File "/app/asu_discord/cogs/analytics.py", line 652, in on_member_update
    before_timeout = before.timed_out_until
                     ^^^^^^^^^^^^^^^^^^^^^^
AttributeError: 'Member' object has no attribute 'timed_out_until'
Ignoring exception in on_member_update
Traceback (most recent call last):
  File "/usr/local/lib/python3.12/site-packages/discord/client.py", line 465, in _run_event
    await coro(*args, **kwargs)
  File "/app/asu_discord/cogs/analytics.py", line 652, in on_member_update
    before_timeout = before.timed_out_until
                     ^^^^^^^^^^^^^^^^^^^^^^
AttributeError: 'Member' object has no attribute 'timed_out_until'
Ignoring exception in on_member_update
Traceback (most recent call last):
  File "/usr/local/lib/python3.12/site-packages/discord/client.py", line 465, in _run_event
    await coro(*args, **kwargs)
  File "/app/asu_discord/cogs/analytics.py", line 652, in on_member_update
    before_timeout = before.timed_out_until
                     ^^^^^^^^^^^^^^^^^^^^^^
AttributeError: 'Member' object has no attribute 'timed_out_until'
Ignoring exception in on_member_update
Traceback (most recent call last):
  File "/usr/local/lib/python3.12/site-packages/discord/client.py", line 465, in _run_event
    await coro(*args, **kwargs)
  File "/app/asu_discord/cogs/analytics.py", line 652, in on_member_update
    before_timeout = before.timed_out_until
                     ^^^^^^^^^^^^^^^^^^^^^^
AttributeError: 'Member' object has no attribute 'timed_out_until'
Ignoring exception in on_member_update
Traceback (most recent call last):
  File "/usr/local/lib/python3.12/site-packages/discord/client.py", line 465, in _run_event
    await coro(*args, **kwargs)
  File "/app/asu_discord/cogs/analytics.py", line 652, in on_member_update
    before_timeout = before.timed_out_until
                     ^^^^^^^^^^^^^^^^^^^^^^
AttributeError: 'Member' object has no attribute 'timed_out_until'
Ignoring exception in on_member_update
Traceback (most recent call last):
  File "/usr/local/lib/python3.12/site-packages/discord/client.py", line 465, in _run_event
    await coro(*args, **kwargs)
  File "/app/asu_discord/cogs/analytics.py", line 652, in on_member_update
    before_timeout = before.timed_out_until
                     ^^^^^^^^^^^^^^^^^^^^^^
AttributeError: 'Member' object has no attribute 'timed_out_until'
Ignoring exception in on_member_update
Traceback (most recent call last):
  File "/usr/local/lib/python3.12/site-packages/discord/client.py", line 465, in _run_event
    await coro(*args, **kwargs)
  File "/app/asu_discord/cogs/analytics.py", line 652, in on_member_update
    before_timeout = before.timed_out_until
                     ^^^^^^^^^^^^^^^^^^^^^^
AttributeError: 'Member' object has no attribute 'timed_out_until'
Ignoring exception in on_member_update
Traceback (most recent call last):
  File "/usr/local/lib/python3.12/site-packages/discord/client.py", line 465, in _run_event
    await coro(*args, **kwargs)
  File "/app/asu_discord/cogs/analytics.py", line 652, in on_member_update
    before_timeout = before.timed_out_until
                     ^^^^^^^^^^^^^^^^^^^^^^
AttributeError: 'Member' object has no attribute 'timed_out_until'
Ignoring exception in on_member_update
Traceback (most recent call last):
  File "/usr/local/lib/python3.12/site-packages/discord/client.py", line 465, in _run_event
    await coro(*args, **kwargs)
  File "/app/asu_discord/cogs/analytics.py", line 652, in on_member_update
    before_timeout = before.timed_out_until
                     ^^^^^^^^^^^^^^^^^^^^^^
AttributeError: 'Member' object has no attribute 'timed_out_until'
INFO:asu_discord.cogs.verification:Saved 5 roles to database for user cwang538 (Discord ID: 1510918038533177345)
INFO:asu_discord.cogs.verification:Refreshed Salesforce roles for Discord user 1510918038533177345: -5/+5 roles, assigned=[College of Integrative Sciences and Arts, Commited, International Student, Polytechnic, Transfer Student]
Ignoring exception in on_member_update
Traceback (most recent call last):
  File "/usr/local/lib/python3.12/site-packages/discord/client.py", line 465, in _run_event
    await coro(*args, **kwargs)
  File "/app/asu_discord/cogs/analytics.py", line 652, in on_member_update
    before_timeout = before.timed_out_until
                     ^^^^^^^^^^^^^^^^^^^^^^
AttributeError: 'Member' object has no attribute 'timed_out_until'
Ignoring exception in on_member_update
Traceback (most recent call last):
  File "/usr/local/lib/python3.12/site-packages/discord/client.py", line 465, in _run_event
    await coro(*args, **kwargs)
  File "/app/asu_discord/cogs/analytics.py", line 652, in on_member_update
    before_timeout = before.timed_out_until
                     ^^^^^^^^^^^^^^^^^^^^^^
AttributeError: 'Member' object has no attribute 'timed_out_until'
Ignoring exception in on_member_update
Traceback (most recent call last):
  File "/usr/local/lib/python3.12/site-packages/discord/client.py", line 465, in _run_event
    await coro(*args, **kwargs)
  File "/app/asu_discord/cogs/analytics.py", line 652, in on_member_update
    before_timeout = before.timed_out_until
                     ^^^^^^^^^^^^^^^^^^^^^^
AttributeError: 'Member' object has no attribute 'timed_out_until'
Ignoring exception in on_member_update
Traceback (most recent call last):
  File "/usr/local/lib/python3.12/site-packages/discord/client.py", line 465, in _run_event
    await coro(*args, **kwargs)
  File "/app/asu_discord/cogs/analytics.py", line 652, in on_member_update
    before_timeout = before.timed_out_until
                     ^^^^^^^^^^^^^^^^^^^^^^
AttributeError: 'Member' object has no attribute 'timed_out_until'
Ignoring exception in on_member_update
Traceback (most recent call last):
  File "/usr/local/lib/python3.12/site-packages/discord/client.py", line 465, in _run_event
    await coro(*args, **kwargs)
  File "/app/asu_discord/cogs/analytics.py", line 652, in on_member_update
    before_timeout = before.timed_out_until
                     ^^^^^^^^^^^^^^^^^^^^^^
AttributeError: 'Member' object has no attribute 'timed_out_until'
Ignoring exception in on_member_update
Traceback (most recent call last):
  File "/usr/local/lib/python3.12/site-packages/discord/client.py", line 465, in _run_event
    await coro(*args, **kwargs)
  File "/app/asu_discord/cogs/analytics.py", line 652, in on_member_update
    before_timeout = before.timed_out_until
                     ^^^^^^^^^^^^^^^^^^^^^^
AttributeError: 'Member' object has no attribute 'timed_out_until'
Ignoring exception in on_member_update
Traceback (most recent call last):
  File "/usr/local/lib/python3.12/site-packages/discord/client.py", line 465, in _run_event
    await coro(*args, **kwargs)
  File "/app/asu_discord/cogs/analytics.py", line 652, in on_member_update
    before_timeout = before.timed_out_until
                     ^^^^^^^^^^^^^^^^^^^^^^
AttributeError: 'Member' object has no attribute 'timed_out_until'
Ignoring exception in on_member_update
Traceback (most recent call last):
  File "/usr/local/lib/python3.12/site-packages/discord/client.py", line 465, in _run_event
    await coro(*args, **kwargs)
  File "/app/asu_discord/cogs/analytics.py", line 652, in on_member_update
    before_timeout = before.timed_out_until
                     ^^^^^^^^^^^^^^^^^^^^^^
AttributeError: 'Member' object has no attribute 'timed_out_until'
Ignoring exception in on_member_update
Traceback (most recent call last):
  File "/usr/local/lib/python3.12/site-packages/discord/client.py", line 465, in _run_event
    await coro(*args, **kwargs)
  File "/app/asu_discord/cogs/analytics.py", line 652, in on_member_update
    before_timeout = before.timed_out_until
                     ^^^^^^^^^^^^^^^^^^^^^^
AttributeError: 'Member' object has no attribute 'timed_out_until'
Ignoring exception in on_member_update
Traceback (most recent call last):
  File "/usr/local/lib/python3.12/site-packages/discord/client.py", line 465, in _run_event
    await coro(*args, **kwargs)
  File "/app/asu_discord/cogs/analytics.py", line 652, in on_member_update
    before_timeout = before.timed_out_until
                     ^^^^^^^^^^^^^^^^^^^^^^
AttributeError: 'Member' object has no attribute 'timed_out_until'
ERROR:cron.jobs:refresh_salesforce_roles: failed for ssheph11 (Discord ID 610634169558761474): Timed out refresh Salesforce-based roles
Ignoring exception in on_member_update
Traceback (most recent call last):
  File "/usr/local/lib/python3.12/site-packages/discord/client.py", line 465, in _run_event
    await coro(*args, **kwargs)
  File "/app/asu_discord/cogs/analytics.py", line 652, in on_member_update
    before_timeout = before.timed_out_until
                     ^^^^^^^^^^^^^^^^^^^^^^
AttributeError: 'Member' object has no attribute 'timed_out_until'
Ignoring exception in on_member_update
Traceback (most recent call last):
  File "/usr/local/lib/python3.12/site-packages/discord/client.py", line 465, in _run_event
    await coro(*args, **kwargs)
  File "/app/asu_discord/cogs/analytics.py", line 652, in on_member_update
    before_timeout = before.timed_out_until
                     ^^^^^^^^^^^^^^^^^^^^^^
AttributeError: 'Member' object has no attribute 'timed_out_until'
Ignoring exception in on_member_update
Traceback (most recent call last):
  File "/usr/local/lib/python3.12/site-packages/discord/client.py", line 465, in _run_event
    await coro(*args, **kwargs)
  File "/app/asu_discord/cogs/analytics.py", line 652, in on_member_update
    before_timeout = before.timed_out_until
                     ^^^^^^^^^^^^^^^^^^^^^^
AttributeError: 'Member' object has no attribute 'timed_out_until'
Ignoring exception in on_member_update
Traceback (most recent call last):
  File "/usr/local/lib/python3.12/site-packages/discord/client.py", line 465, in _run_event
    await coro(*args, **kwargs)
  File "/app/asu_discord/cogs/analytics.py", line 652, in on_member_update
    before_timeout = before.timed_out_until
                     ^^^^^^^^^^^^^^^^^^^^^^
AttributeError: 'Member' object has no attribute 'timed_out_until'
Ignoring exception in on_member_update
Traceback (most recent call last):
  File "/usr/local/lib/python3.12/site-packages/discord/client.py", line 465, in _run_event
    await coro(*args, **kwargs)
  File "/app/asu_discord/cogs/analytics.py", line 652, in on_member_update
    before_timeout = before.timed_out_until
                     ^^^^^^^^^^^^^^^^^^^^^^
AttributeError: 'Member' object has no attribute 'timed_out_until'
Ignoring exception in on_member_update
Traceback (most recent call last):
  File "/usr/local/lib/python3.12/site-packages/discord/client.py", line 465, in _run_event
    await coro(*args, **kwargs)
  File "/app/asu_discord/cogs/analytics.py", line 652, in on_member_update
    before_timeout = before.timed_out_until
                     ^^^^^^^^^^^^^^^^^^^^^^
AttributeError: 'Member' object has no attribute 'timed_out_until'
Ignoring exception in on_member_update
Traceback (most recent call last):
  File "/usr/local/lib/python3.12/site-packages/discord/client.py", line 465, in _run_event
    await coro(*args, **kwargs)
  File "/app/asu_discord/cogs/analytics.py", line 652, in on_member_update
    before_timeout = before.timed_out_until
                     ^^^^^^^^^^^^^^^^^^^^^^
AttributeError: 'Member' object has no attribute 'timed_out_until'
Ignoring exception in on_member_update
Traceback (most recent call last):
  File "/usr/local/lib/python3.12/site-packages/discord/client.py", line 465, in _run_event
    await coro(*args, **kwargs)
  File "/app/asu_discord/cogs/analytics.py", line 652, in on_member_update
    before_timeout = before.timed_out_until
                     ^^^^^^^^^^^^^^^^^^^^^^
AttributeError: 'Member' object has no attribute 'timed_out_until'
Ignoring exception in on_member_update
Traceback (most recent call last):
  File "/usr/local/lib/python3.12/site-packages/discord/client.py", line 465, in _run_event
    await coro(*args, **kwargs)
  File "/app/asu_discord/cogs/analytics.py", line 652, in on_member_update
    before_timeout = before.timed_out_until
                     ^^^^^^^^^^^^^^^^^^^^^^
AttributeError: 'Member' object has no attribute 'timed_out_until'
Ignoring exception in on_member_update
Traceback (most recent call last):
  File "/usr/local/lib/python3.12/site-packages/discord/client.py", line 465, in _run_event
    await coro(*args, **kwargs)
  File "/app/asu_discord/cogs/analytics.py", line 652, in on_member_update
    before_timeout = before.timed_out_until
                     ^^^^^^^^^^^^^^^^^^^^^^
AttributeError: 'Member' object has no attribute 'timed_out_until'
INFO:asu_discord.cogs.verification:Saved 5 roles to database for user iarodr12 (Discord ID: 1152116933513199657)
INFO:asu_discord.cogs.verification:Refreshed Salesforce roles for Discord user 1152116933513199657: -5/+5 roles, assigned=[Arizona Resident, First Year, Tempe, Upperclassmen, Watts College of Public Service and Community Solutions]
Ignoring exception in on_member_update
Traceback (most recent call last):
  File "/usr/local/lib/python3.12/site-packages/discord/client.py", line 465, in _run_event
    await coro(*args, **kwargs)
  File "/app/asu_discord/cogs/analytics.py", line 652, in on_member_update
    before_timeout = before.timed_out_until
                     ^^^^^^^^^^^^^^^^^^^^^^
AttributeError: 'Member' object has no attribute 'timed_out_until'
Ignoring exception in on_member_update
Traceback (most recent call last):
  File "/usr/local/lib/python3.12/site-packages/discord/client.py", line 465, in _run_event
    await coro(*args, **kwargs)
  File "/app/asu_discord/cogs/analytics.py", line 652, in on_member_update
    before_timeout = before.timed_out_until
                     ^^^^^^^^^^^^^^^^^^^^^^
AttributeError: 'Member' object has no attribute 'timed_out_until'
Ignoring exception in on_member_update
Traceback (most recent call last):
  File "/usr/local/lib/python3.12/site-packages/discord/client.py", line 465, in _run_event
    await coro(*args, **kwargs)
  File "/app/asu_discord/cogs/analytics.py", line 652, in on_member_update
    before_timeout = before.timed_out_until
                     ^^^^^^^^^^^^^^^^^^^^^^
AttributeError: 'Member' object has no attribute 'timed_out_until'
Ignoring exception in on_member_update
Traceback (most recent call last):
  File "/usr/local/lib/python3.12/site-packages/discord/client.py", line 465, in _run_event
    await coro(*args, **kwargs)
  File "/app/asu_discord/cogs/analytics.py", line 652, in on_member_update
    before_timeout = before.timed_out_until
                     ^^^^^^^^^^^^^^^^^^^^^^
AttributeError: 'Member' object has no attribute 'timed_out_until'
Ignoring exception in on_member_update
Traceback (most recent call last):
  File "/usr/local/lib/python3.12/site-packages/discord/client.py", line 465, in _run_event
    await coro(*args, **kwargs)
  File "/app/asu_discord/cogs/analytics.py", line 652, in on_member_update
    before_timeout = before.timed_out_until
                     ^^^^^^^^^^^^^^^^^^^^^^
AttributeError: 'Member' object has no attribute 'timed_out_until'
Ignoring exception in on_member_update
Traceback (most recent call last):
  File "/usr/local/lib/python3.12/site-packages/discord/client.py", line 465, in _run_event
    await coro(*args, **kwargs)
  File "/app/asu_discord/cogs/analytics.py", line 652, in on_member_update
    before_timeout = before.timed_out_until
                     ^^^^^^^^^^^^^^^^^^^^^^
AttributeError: 'Member' object has no attribute 'timed_out_until'
Ignoring exception in on_member_update
Traceback (most recent call last):
  File "/usr/local/lib/python3.12/site-packages/discord/client.py", line 465, in _run_event
    await coro(*args, **kwargs)
  File "/app/asu_discord/cogs/analytics.py", line 652, in on_member_update
    before_timeout = before.timed_out_until
                     ^^^^^^^^^^^^^^^^^^^^^^
AttributeError: 'Member' object has no attribute 'timed_out_until'
Ignoring exception in on_member_update
Traceback (most recent call last):
  File "/usr/local/lib/python3.12/site-packages/discord/client.py", line 465, in _run_event
    await coro(*args, **kwargs)
  File "/app/asu_discord/cogs/analytics.py", line 652, in on_member_update
    before_timeout = before.timed_out_until
                     ^^^^^^^^^^^^^^^^^^^^^^
AttributeError: 'Member' object has no attribute 'timed_out_until'
Ignoring exception in on_member_update
Traceback (most recent call last):
  File "/usr/local/lib/python3.12/site-packages/discord/client.py", line 465, in _run_event
    await coro(*args, **kwargs)
  File "/app/asu_discord/cogs/analytics.py", line 652, in on_member_update
    before_timeout = before.timed_out_until
                     ^^^^^^^^^^^^^^^^^^^^^^
AttributeError: 'Member' object has no attribute 'timed_out_until'
Ignoring exception in on_member_update
Traceback (most recent call last):
  File "/usr/local/lib/python3.12/site-packages/discord/client.py", line 465, in _run_event
    await coro(*args, **kwargs)
  File "/app/asu_discord/cogs/analytics.py", line 652, in on_member_update
    before_timeout = before.timed_out_until
                     ^^^^^^^^^^^^^^^^^^^^^^
AttributeError: 'Member' object has no attribute 'timed_out_until'
INFO:asu_discord.cogs.verification:Saved 5 roles to database for user jygonza4 (Discord ID: 662130977451016199)
INFO:asu_discord.cogs.verification:Refreshed Salesforce roles for Discord user 662130977451016199: -5/+5 roles, assigned=[Arizona Resident, Commited, First Year, Ira A. Fulton Schools of Engineering, Tempe]
Ignoring exception in on_member_update
Traceback (most recent call last):
  File "/usr/local/lib/python3.12/site-packages/discord/client.py", line 465, in _run_event
    await coro(*args, **kwargs)
  File "/app/asu_discord/cogs/analytics.py", line 652, in on_member_update
    before_timeout = before.timed_out_until
                     ^^^^^^^^^^^^^^^^^^^^^^
AttributeError: 'Member' object has no attribute 'timed_out_until'
Ignoring exception in on_member_update
Traceback (most recent call last):
  File "/usr/local/lib/python3.12/site-packages/discord/client.py", line 465, in _run_event
    await coro(*args, **kwargs)
  File "/app/asu_discord/cogs/analytics.py", line 652, in on_member_update
    before_timeout = before.timed_out_until
                     ^^^^^^^^^^^^^^^^^^^^^^
AttributeError: 'Member' object has no attribute 'timed_out_until'
Ignoring exception in on_member_update
Traceback (most recent call last):
  File "/usr/local/lib/python3.12/site-packages/discord/client.py", line 465, in _run_event
    await coro(*args, **kwargs)
  File "/app/asu_discord/cogs/analytics.py", line 652, in on_member_update
    before_timeout = before.timed_out_until
                     ^^^^^^^^^^^^^^^^^^^^^^
AttributeError: 'Member' object has no attribute 'timed_out_until'
Ignoring exception in on_member_update
Traceback (most recent call last):
  File "/usr/local/lib/python3.12/site-packages/discord/client.py", line 465, in _run_event
    await coro(*args, **kwargs)
  File "/app/asu_discord/cogs/analytics.py", line 652, in on_member_update
    before_timeout = before.timed_out_until
                     ^^^^^^^^^^^^^^^^^^^^^^
AttributeError: 'Member' object has no attribute 'timed_out_until'
Ignoring exception in on_member_update
Traceback (most recent call last):
  File "/usr/local/lib/python3.12/site-packages/discord/client.py", line 465, in _run_event
    await coro(*args, **kwargs)
  File "/app/asu_discord/cogs/analytics.py", line 652, in on_member_update
    before_timeout = before.timed_out_until
                     ^^^^^^^^^^^^^^^^^^^^^^
AttributeError: 'Member' object has no attribute 'timed_out_until'
Ignoring exception in on_member_update
Traceback (most recent call last):
  File "/usr/local/lib/python3.12/site-packages/discord/client.py", line 465, in _run_event
    await coro(*args, **kwargs)
  File "/app/asu_discord/cogs/analytics.py", line 652, in on_member_update
    before_timeout = before.timed_out_until
                     ^^^^^^^^^^^^^^^^^^^^^^
AttributeError: 'Member' object has no attribute 'timed_out_until'
ERROR:cron.jobs:refresh_salesforce_roles: failed for hgong125 (Discord ID 654811622371622955): Timed out refresh Salesforce-based roles
Ignoring exception in on_member_update
Traceback (most recent call last):
  File "/usr/local/lib/python3.12/site-packages/discord/client.py", line 465, in _run_event
    await coro(*args, **kwargs)
  File "/app/asu_discord/cogs/analytics.py", line 652, in on_member_update
    before_timeout = before.timed_out_until
                     ^^^^^^^^^^^^^^^^^^^^^^
AttributeError: 'Member' object has no attribute 'timed_out_until'
Ignoring exception in on_member_update
Traceback (most recent call last):
  File "/usr/local/lib/python3.12/site-packages/discord/client.py", line 465, in _run_event
    await coro(*args, **kwargs)
  File "/app/asu_discord/cogs/analytics.py", line 652, in on_member_update
    before_timeout = before.timed_out_until
                     ^^^^^^^^^^^^^^^^^^^^^^
AttributeError: 'Member' object has no attribute 'timed_out_until'
Ignoring exception in on_member_update
Traceback (most recent call last):
  File "/usr/local/lib/python3.12/site-packages/discord/client.py", line 465, in _run_event
    await coro(*args, **kwargs)
  File "/app/asu_discord/cogs/analytics.py", line 652, in on_member_update
    before_timeout = before.timed_out_until
                     ^^^^^^^^^^^^^^^^^^^^^^
AttributeError: 'Member' object has no attribute 'timed_out_until'
Ignoring exception in on_member_update
Traceback (most recent call last):
  File "/usr/local/lib/python3.12/site-packages/discord/client.py", line 465, in _run_event
    await coro(*args, **kwargs)
  File "/app/asu_discord/cogs/analytics.py", line 652, in on_member_update
    before_timeout = before.timed_out_until
                     ^^^^^^^^^^^^^^^^^^^^^^
AttributeError: 'Member' object has no attribute 'timed_out_until'
Ignoring exception in on_member_update
Traceback (most recent call last):
  File "/usr/local/lib/python3.12/site-packages/discord/client.py", line 465, in _run_event
    await coro(*args, **kwargs)
  File "/app/asu_discord/cogs/analytics.py", line 652, in on_member_update
    before_timeout = before.timed_out_until
                     ^^^^^^^^^^^^^^^^^^^^^^
AttributeError: 'Member' object has no attribute 'timed_out_until'
Ignoring exception in on_member_update
Traceback (most recent call last):
  File "/usr/local/lib/python3.12/site-packages/discord/client.py", line 465, in _run_event
    await coro(*args, **kwargs)
  File "/app/asu_discord/cogs/analytics.py", line 652, in on_member_update
    before_timeout = before.timed_out_until
                     ^^^^^^^^^^^^^^^^^^^^^^
AttributeError: 'Member' object has no attribute 'timed_out_until'
Ignoring exception in on_member_update
Traceback (most recent call last):
  File "/usr/local/lib/python3.12/site-packages/discord/client.py", line 465, in _run_event
    await coro(*args, **kwargs)
  File "/app/asu_discord/cogs/analytics.py", line 652, in on_member_update
    before_timeout = before.timed_out_until
                     ^^^^^^^^^^^^^^^^^^^^^^
AttributeError: 'Member' object has no attribute 'timed_out_until'
Ignoring exception in on_member_update
Traceback (most recent call last):
  File "/usr/local/lib/python3.12/site-packages/discord/client.py", line 465, in _run_event
    await coro(*args, **kwargs)
  File "/app/asu_discord/cogs/analytics.py", line 652, in on_member_update
    before_timeout = before.timed_out_until
                     ^^^^^^^^^^^^^^^^^^^^^^
AttributeError: 'Member' object has no attribute 'timed_out_until'
Ignoring exception in on_member_update
Traceback (most recent call last):
  File "/usr/local/lib/python3.12/site-packages/discord/client.py", line 465, in _run_event
    await coro(*args, **kwargs)
  File "/app/asu_discord/cogs/analytics.py", line 652, in on_member_update
    before_timeout = before.timed_out_until
                     ^^^^^^^^^^^^^^^^^^^^^^
AttributeError: 'Member' object has no attribute 'timed_out_until'
Ignoring exception in on_member_update
Traceback (most recent call last):
  File "/usr/local/lib/python3.12/site-packages/discord/client.py", line 465, in _run_event
    await coro(*args, **kwargs)
  File "/app/asu_discord/cogs/analytics.py", line 652, in on_member_update
    before_timeout = before.timed_out_until
                     ^^^^^^^^^^^^^^^^^^^^^^
AttributeError: 'Member' object has no attribute 'timed_out_until'
Ignoring exception in on_member_update
Traceback (most recent call last):
  File "/usr/local/lib/python3.12/site-packages/discord/client.py", line 465, in _run_event
    await coro(*args, **kwargs)
  File "/app/asu_discord/cogs/analytics.py", line 652, in on_member_update
    before_timeout = before.timed_out_until
                     ^^^^^^^^^^^^^^^^^^^^^^
AttributeError: 'Member' object has no attribute 'timed_out_until'
INFO:asu_discord.cogs.verification:Saved 5 roles to database for user clworle1 (Discord ID: 801145725085679657)
INFO:asu_discord.cogs.verification:Refreshed Salesforce roles for Discord user 801145725085679657: -5/+5 roles, assigned=[Arizona Resident, Commited, First Year, New College of Interdisciplinary Arts and Sciences, West Valley]
Ignoring exception in on_member_update
Traceback (most recent call last):
  File "/usr/local/lib/python3.12/site-packages/discord/client.py", line 465, in _run_event
    await coro(*args, **kwargs)
  File "/app/asu_discord/cogs/analytics.py", line 652, in on_member_update
    before_timeout = before.timed_out_until
                     ^^^^^^^^^^^^^^^^^^^^^^
AttributeError: 'Member' object has no attribute 'timed_out_until'
Ignoring exception in on_member_update
Traceback (most recent call last):
  File "/usr/local/lib/python3.12/site-packages/discord/client.py", line 465, in _run_event
    await coro(*args, **kwargs)
  File "/app/asu_discord/cogs/analytics.py", line 652, in on_member_update
    before_timeout = before.timed_out_until
                     ^^^^^^^^^^^^^^^^^^^^^^
AttributeError: 'Member' object has no attribute 'timed_out_until'
Ignoring exception in on_member_update
Traceback (most recent call last):
  File "/usr/local/lib/python3.12/site-packages/discord/client.py", line 465, in _run_event
    await coro(*args, **kwargs)
  File "/app/asu_discord/cogs/analytics.py", line 652, in on_member_update
    before_timeout = before.timed_out_until
                     ^^^^^^^^^^^^^^^^^^^^^^
AttributeError: 'Member' object has no attribute 'timed_out_until'
Ignoring exception in on_member_update
Traceback (most recent call last):
  File "/usr/local/lib/python3.12/site-packages/discord/client.py", line 465, in _run_event
    await coro(*args, **kwargs)
  File "/app/asu_discord/cogs/analytics.py", line 652, in on_member_update
    before_timeout = before.timed_out_until
                     ^^^^^^^^^^^^^^^^^^^^^^
AttributeError: 'Member' object has no attribute 'timed_out_until'
Ignoring exception in on_member_update
Traceback (most recent call last):
  File "/usr/local/lib/python3.12/site-packages/discord/client.py", line 465, in _run_event
    await coro(*args, **kwargs)
  File "/app/asu_discord/cogs/analytics.py", line 652, in on_member_update
    before_timeout = before.timed_out_until
                     ^^^^^^^^^^^^^^^^^^^^^^
AttributeError: 'Member' object has no attribute 'timed_out_until'
Ignoring exception in on_member_update
Traceback (most recent call last):
  File "/usr/local/lib/python3.12/site-packages/discord/client.py", line 465, in _run_event
    await coro(*args, **kwargs)
  File "/app/asu_discord/cogs/analytics.py", line 652, in on_member_update
    before_timeout = before.timed_out_until
                     ^^^^^^^^^^^^^^^^^^^^^^
AttributeError: 'Member' object has no attribute 'timed_out_until'
Ignoring exception in on_member_update
Traceback (most recent call last):
  File "/usr/local/lib/python3.12/site-packages/discord/client.py", line 465, in _run_event
    await coro(*args, **kwargs)
  File "/app/asu_discord/cogs/analytics.py", line 652, in on_member_update
    before_timeout = before.timed_out_until
                     ^^^^^^^^^^^^^^^^^^^^^^
AttributeError: 'Member' object has no attribute 'timed_out_until'
Ignoring exception in on_member_update
Traceback (most recent call last):
  File "/usr/local/lib/python3.12/site-packages/discord/client.py", line 465, in _run_event
    await coro(*args, **kwargs)
  File "/app/asu_discord/cogs/analytics.py", line 652, in on_member_update
    before_timeout = before.timed_out_until
                     ^^^^^^^^^^^^^^^^^^^^^^
AttributeError: 'Member' object has no attribute 'timed_out_until'
Ignoring exception in on_member_update
Traceback (most recent call last):
  File "/usr/local/lib/python3.12/site-packages/discord/client.py", line 465, in _run_event
    await coro(*args, **kwargs)
  File "/app/asu_discord/cogs/analytics.py", line 652, in on_member_update
    before_timeout = before.timed_out_until
                     ^^^^^^^^^^^^^^^^^^^^^^
AttributeError: 'Member' object has no attribute 'timed_out_until'
INFO:asu_discord.cogs.verification:Saved 5 roles to database for user knallagu (Discord ID: 760337881604161647)
INFO:asu_discord.cogs.verification:Refreshed Salesforce roles for Discord user 760337881604161647: -4/+5 roles, assigned=[First Generation Student, Graduate Student, International Student, Ira A. Fulton Schools of Engineering, Tempe]
Ignoring exception in on_member_update
Traceback (most recent call last):
  File "/usr/local/lib/python3.12/site-packages/discord/client.py", line 465, in _run_event
    await coro(*args, **kwargs)
  File "/app/asu_discord/cogs/analytics.py", line 652, in on_member_update
    before_timeout = before.timed_out_until
                     ^^^^^^^^^^^^^^^^^^^^^^
AttributeError: 'Member' object has no attribute 'timed_out_until'
Ignoring exception in on_member_update
Traceback (most recent call last):
  File "/usr/local/lib/python3.12/site-packages/discord/client.py", line 465, in _run_event
    await coro(*args, **kwargs)
  File "/app/asu_discord/cogs/analytics.py", line 652, in on_member_update
    before_timeout = before.timed_out_until
                     ^^^^^^^^^^^^^^^^^^^^^^
AttributeError: 'Member' object has no attribute 'timed_out_until'
Ignoring exception in on_member_update
Traceback (most recent call last):
  File "/usr/local/lib/python3.12/site-packages/discord/client.py", line 465, in _run_event
    await coro(*args, **kwargs)
  File "/app/asu_discord/cogs/analytics.py", line 652, in on_member_update
    before_timeout = before.timed_out_until
                     ^^^^^^^^^^^^^^^^^^^^^^
AttributeError: 'Member' object has no attribute 'timed_out_until'
Ignoring exception in on_member_update
Traceback (most recent call last):
  File "/usr/local/lib/python3.12/site-packages/discord/client.py", line 465, in _run_event
    await coro(*args, **kwargs)
  File "/app/asu_discord/cogs/analytics.py", line 652, in on_member_update
    before_timeout = before.timed_out_until
                     ^^^^^^^^^^^^^^^^^^^^^^
AttributeError: 'Member' object has no attribute 'timed_out_until'
Ignoring exception in on_member_update
Traceback (most recent call last):
  File "/usr/local/lib/python3.12/site-packages/discord/client.py", line 465, in _run_event
    await coro(*args, **kwargs)
  File "/app/asu_discord/cogs/analytics.py", line 652, in on_member_update
    before_timeout = before.timed_out_until
                     ^^^^^^^^^^^^^^^^^^^^^^
AttributeError: 'Member' object has no attribute 'timed_out_until'
Ignoring exception in on_member_update
Traceback (most recent call last):
  File "/usr/local/lib/python3.12/site-packages/discord/client.py", line 465, in _run_event
    await coro(*args, **kwargs)
  File "/app/asu_discord/cogs/analytics.py", line 652, in on_member_update
    before_timeout = before.timed_out_until
                     ^^^^^^^^^^^^^^^^^^^^^^
AttributeError: 'Member' object has no attribute 'timed_out_until'
Ignoring exception in on_member_update
Traceback (most recent call last):
  File "/usr/local/lib/python3.12/site-packages/discord/client.py", line 465, in _run_event
    await coro(*args, **kwargs)
  File "/app/asu_discord/cogs/analytics.py", line 652, in on_member_update
    before_timeout = before.timed_out_until
                     ^^^^^^^^^^^^^^^^^^^^^^
AttributeError: 'Member' object has no attribute 'timed_out_until'
Ignoring exception in on_member_update
Traceback (most recent call last):
  File "/usr/local/lib/python3.12/site-packages/discord/client.py", line 465, in _run_event
    await coro(*args, **kwargs)
  File "/app/asu_discord/cogs/analytics.py", line 652, in on_member_update
    before_timeout = before.timed_out_until
                     ^^^^^^^^^^^^^^^^^^^^^^
AttributeError: 'Member' object has no attribute 'timed_out_until'
Ignoring exception in on_member_update
Traceback (most recent call last):
  File "/usr/local/lib/python3.12/site-packages/discord/client.py", line 465, in _run_event
    await coro(*args, **kwargs)
  File "/app/asu_discord/cogs/analytics.py", line 652, in on_member_update
    before_timeout = before.timed_out_until
                     ^^^^^^^^^^^^^^^^^^^^^^
AttributeError: 'Member' object has no attribute 'timed_out_until'
INFO:asu_discord.cogs.verification:Saved 5 roles to database for user hamahmo1 (Discord ID: 1429302047664115762)
INFO:asu_discord.cogs.verification:Refreshed Salesforce roles for Discord user 1429302047664115762: -4/+5 roles, assigned=[Arizona Resident, Commited, Herberger Institute for Design and the Arts, Tempe, Transfer Student]
ERROR:cron.jobs:refresh_salesforce_roles: failed for ddiaz122 (Discord ID 1213907572474650650): Failed to refresh Salesforce-based roles: Discord user 1213907572474650650 is not a member of the guild
Ignoring exception in on_member_update
Traceback (most recent call last):
  File "/usr/local/lib/python3.12/site-packages/discord/client.py", line 465, in _run_event
    await coro(*args, **kwargs)
  File "/app/asu_discord/cogs/analytics.py", line 652, in on_member_update
    before_timeout = before.timed_out_until
                     ^^^^^^^^^^^^^^^^^^^^^^
AttributeError: 'Member' object has no attribute 'timed_out_until'
Ignoring exception in on_member_update
Traceback (most recent call last):
  File "/usr/local/lib/python3.12/site-packages/discord/client.py", line 465, in _run_event
    await coro(*args, **kwargs)
  File "/app/asu_discord/cogs/analytics.py", line 652, in on_member_update
    before_timeout = before.timed_out_until
                     ^^^^^^^^^^^^^^^^^^^^^^
AttributeError: 'Member' object has no attribute 'timed_out_until'
Ignoring exception in on_member_update
Traceback (most recent call last):
  File "/usr/local/lib/python3.12/site-packages/discord/client.py", line 465, in _run_event
    await coro(*args, **kwargs)
  File "/app/asu_discord/cogs/analytics.py", line 652, in on_member_update
    before_timeout = before.timed_out_until
                     ^^^^^^^^^^^^^^^^^^^^^^
AttributeError: 'Member' object has no attribute 'timed_out_until'
Ignoring exception in on_member_update
Traceback (most recent call last):
  File "/usr/local/lib/python3.12/site-packages/discord/client.py", line 465, in _run_event
    await coro(*args, **kwargs)
  File "/app/asu_discord/cogs/analytics.py", line 652, in on_member_update
    before_timeout = before.timed_out_until
                     ^^^^^^^^^^^^^^^^^^^^^^
AttributeError: 'Member' object has no attribute 'timed_out_until'
Ignoring exception in on_member_update
Traceback (most recent call last):
  File "/usr/local/lib/python3.12/site-packages/discord/client.py", line 465, in _run_event
    await coro(*args, **kwargs)
  File "/app/asu_discord/cogs/analytics.py", line 652, in on_member_update
    before_timeout = before.timed_out_until
                     ^^^^^^^^^^^^^^^^^^^^^^
AttributeError: 'Member' object has no attribute 'timed_out_until'
Ignoring exception in on_member_update
Traceback (most recent call last):
  File "/usr/local/lib/python3.12/site-packages/discord/client.py", line 465, in _run_event
    await coro(*args, **kwargs)
  File "/app/asu_discord/cogs/analytics.py", line 652, in on_member_update
    before_timeout = before.timed_out_until
                     ^^^^^^^^^^^^^^^^^^^^^^
AttributeError: 'Member' object has no attribute 'timed_out_until'
Ignoring exception in on_member_update
Traceback (most recent call last):
  File "/usr/local/lib/python3.12/site-packages/discord/client.py", line 465, in _run_event
    await coro(*args, **kwargs)
  File "/app/asu_discord/cogs/analytics.py", line 652, in on_member_update
    before_timeout = before.timed_out_until
                     ^^^^^^^^^^^^^^^^^^^^^^
AttributeError: 'Member' object has no attribute 'timed_out_until'
Ignoring exception in on_member_update
Traceback (most recent call last):
  File "/usr/local/lib/python3.12/site-packages/discord/client.py", line 465, in _run_event
    await coro(*args, **kwargs)
  File "/app/asu_discord/cogs/analytics.py", line 652, in on_member_update
    before_timeout = before.timed_out_until
                     ^^^^^^^^^^^^^^^^^^^^^^
AttributeError: 'Member' object has no attribute 'timed_out_until'
INFO:asu_discord.cogs.verification:Saved 4 roles to database for user backerm5 (Discord ID: 1511233913471631546)
INFO:asu_discord.cogs.verification:Refreshed Salesforce roles for Discord user 1511233913471631546: -4/+4 roles, assigned=[Graduate Student, Out of State, Tempe, W.P. Carey School of Business]
Ignoring exception in on_member_update
Traceback (most recent call last):
  File "/usr/local/lib/python3.12/site-packages/discord/client.py", line 465, in _run_event
    await coro(*args, **kwargs)
  File "/app/asu_discord/cogs/analytics.py", line 652, in on_member_update
    before_timeout = before.timed_out_until
                     ^^^^^^^^^^^^^^^^^^^^^^
AttributeError: 'Member' object has no attribute 'timed_out_until'
Ignoring exception in on_member_update
Traceback (most recent call last):
  File "/usr/local/lib/python3.12/site-packages/discord/client.py", line 465, in _run_event
    await coro(*args, **kwargs)
  File "/app/asu_discord/cogs/analytics.py", line 652, in on_member_update
    before_timeout = before.timed_out_until
                     ^^^^^^^^^^^^^^^^^^^^^^
AttributeError: 'Member' object has no attribute 'timed_out_until'
Ignoring exception in on_member_update
Traceback (most recent call last):
  File "/usr/local/lib/python3.12/site-packages/discord/client.py", line 465, in _run_event
    await coro(*args, **kwargs)
  File "/app/asu_discord/cogs/analytics.py", line 652, in on_member_update
    before_timeout = before.timed_out_until
                     ^^^^^^^^^^^^^^^^^^^^^^
AttributeError: 'Member' object has no attribute 'timed_out_until'
Ignoring exception in on_member_update
Traceback (most recent call last):
  File "/usr/local/lib/python3.12/site-packages/discord/client.py", line 465, in _run_event
    await coro(*args, **kwargs)
  File "/app/asu_discord/cogs/analytics.py", line 652, in on_member_update
    before_timeout = before.timed_out_until
                     ^^^^^^^^^^^^^^^^^^^^^^
AttributeError: 'Member' object has no attribute 'timed_out_until'
Ignoring exception in on_member_update
Traceback (most recent call last):
  File "/usr/local/lib/python3.12/site-packages/discord/client.py", line 465, in _run_event
    await coro(*args, **kwargs)
  File "/app/asu_discord/cogs/analytics.py", line 652, in on_member_update
    before_timeout = before.timed_out_until
                     ^^^^^^^^^^^^^^^^^^^^^^
AttributeError: 'Member' object has no attribute 'timed_out_until'
Ignoring exception in on_member_update
Traceback (most recent call last):
  File "/usr/local/lib/python3.12/site-packages/discord/client.py", line 465, in _run_event
    await coro(*args, **kwargs)
  File "/app/asu_discord/cogs/analytics.py", line 652, in on_member_update
    before_timeout = before.timed_out_until
                     ^^^^^^^^^^^^^^^^^^^^^^
AttributeError: 'Member' object has no attribute 'timed_out_until'
Ignoring exception in on_member_update
Traceback (most recent call last):
  File "/usr/local/lib/python3.12/site-packages/discord/client.py", line 465, in _run_event
    await coro(*args, **kwargs)
  File "/app/asu_discord/cogs/analytics.py", line 652, in on_member_update
    before_timeout = before.timed_out_until
                     ^^^^^^^^^^^^^^^^^^^^^^
AttributeError: 'Member' object has no attribute 'timed_out_until'
Ignoring exception in on_member_update
Traceback (most recent call last):
  File "/usr/local/lib/python3.12/site-packages/discord/client.py", line 465, in _run_event
    await coro(*args, **kwargs)
  File "/app/asu_discord/cogs/analytics.py", line 652, in on_member_update
    before_timeout = before.timed_out_until
                     ^^^^^^^^^^^^^^^^^^^^^^
AttributeError: 'Member' object has no attribute 'timed_out_until'
Ignoring exception in on_member_update
Traceback (most recent call last):
  File "/usr/local/lib/python3.12/site-packages/discord/client.py", line 465, in _run_event
    await coro(*args, **kwargs)
  File "/app/asu_discord/cogs/analytics.py", line 652, in on_member_update
    before_timeout = before.timed_out_until
                     ^^^^^^^^^^^^^^^^^^^^^^
AttributeError: 'Member' object has no attribute 'timed_out_until'
Ignoring exception in on_member_update
Traceback (most recent call last):
  File "/usr/local/lib/python3.12/site-packages/discord/client.py", line 465, in _run_event
    await coro(*args, **kwargs)
  File "/app/asu_discord/cogs/analytics.py", line 652, in on_member_update
    before_timeout = before.timed_out_until
                     ^^^^^^^^^^^^^^^^^^^^^^
AttributeError: 'Member' object has no attribute 'timed_out_until'
INFO:asu_discord.cogs.verification:Saved 5 roles to database for user caworle1 (Discord ID: 677405574589317120)
INFO:asu_discord.cogs.verification:Refreshed Salesforce roles for Discord user 677405574589317120: -5/+5 roles, assigned=[Arizona Resident, Commited, First Year, Herberger Institute for Design and the Arts, Tempe]
Ignoring exception in on_member_update
Traceback (most recent call last):
  File "/usr/local/lib/python3.12/site-packages/discord/client.py", line 465, in _run_event
    await coro(*args, **kwargs)
  File "/app/asu_discord/cogs/analytics.py", line 652, in on_member_update
    before_timeout = before.timed_out_until
                     ^^^^^^^^^^^^^^^^^^^^^^
AttributeError: 'Member' object has no attribute 'timed_out_until'
Ignoring exception in on_member_update
Traceback (most recent call last):
  File "/usr/local/lib/python3.12/site-packages/discord/client.py", line 465, in _run_event
    await coro(*args, **kwargs)
  File "/app/asu_discord/cogs/analytics.py", line 652, in on_member_update
    before_timeout = before.timed_out_until
                     ^^^^^^^^^^^^^^^^^^^^^^
AttributeError: 'Member' object has no attribute 'timed_out_until'
Ignoring exception in on_member_update
Traceback (most recent call last):
  File "/usr/local/lib/python3.12/site-packages/discord/client.py", line 465, in _run_event
    await coro(*args, **kwargs)
  File "/app/asu_discord/cogs/analytics.py", line 652, in on_member_update
    before_timeout = before.timed_out_until
                     ^^^^^^^^^^^^^^^^^^^^^^
AttributeError: 'Member' object has no attribute 'timed_out_until'
Ignoring exception in on_member_update
Traceback (most recent call last):
  File "/usr/local/lib/python3.12/site-packages/discord/client.py", line 465, in _run_event
    await coro(*args, **kwargs)
  File "/app/asu_discord/cogs/analytics.py", line 652, in on_member_update
    before_timeout = before.timed_out_until
                     ^^^^^^^^^^^^^^^^^^^^^^
AttributeError: 'Member' object has no attribute 'timed_out_until'
Ignoring exception in on_member_update
Traceback (most recent call last):
  File "/usr/local/lib/python3.12/site-packages/discord/client.py", line 465, in _run_event
    await coro(*args, **kwargs)
  File "/app/asu_discord/cogs/analytics.py", line 652, in on_member_update
    before_timeout = before.timed_out_until
                     ^^^^^^^^^^^^^^^^^^^^^^
AttributeError: 'Member' object has no attribute 'timed_out_until'
Ignoring exception in on_member_update
Traceback (most recent call last):
  File "/usr/local/lib/python3.12/site-packages/discord/client.py", line 465, in _run_event
    await coro(*args, **kwargs)
  File "/app/asu_discord/cogs/analytics.py", line 652, in on_member_update
    before_timeout = before.timed_out_until
                     ^^^^^^^^^^^^^^^^^^^^^^
AttributeError: 'Member' object has no attribute 'timed_out_until'
Ignoring exception in on_member_update
Traceback (most recent call last):
  File "/usr/local/lib/python3.12/site-packages/discord/client.py", line 465, in _run_event
    await coro(*args, **kwargs)
  File "/app/asu_discord/cogs/analytics.py", line 652, in on_member_update
    before_timeout = before.timed_out_until
                     ^^^^^^^^^^^^^^^^^^^^^^
AttributeError: 'Member' object has no attribute 'timed_out_until'
Ignoring exception in on_member_update
Traceback (most recent call last):
  File "/usr/local/lib/python3.12/site-packages/discord/client.py", line 465, in _run_event
    await coro(*args, **kwargs)
  File "/app/asu_discord/cogs/analytics.py", line 652, in on_member_update
    before_timeout = before.timed_out_until
                     ^^^^^^^^^^^^^^^^^^^^^^
AttributeError: 'Member' object has no attribute 'timed_out_until'
Ignoring exception in on_member_update
Traceback (most recent call last):
  File "/usr/local/lib/python3.12/site-packages/discord/client.py", line 465, in _run_event
    await coro(*args, **kwargs)
  File "/app/asu_discord/cogs/analytics.py", line 652, in on_member_update
    before_timeout = before.timed_out_until
                     ^^^^^^^^^^^^^^^^^^^^^^
AttributeError: 'Member' object has no attribute 'timed_out_until'
Ignoring exception in on_member_update
Traceback (most recent call last):
  File "/usr/local/lib/python3.12/site-packages/discord/client.py", line 465, in _run_event
    await coro(*args, **kwargs)
  File "/app/asu_discord/cogs/analytics.py", line 652, in on_member_update
    before_timeout = before.timed_out_until
                     ^^^^^^^^^^^^^^^^^^^^^^
AttributeError: 'Member' object has no attribute 'timed_out_until'
INFO:asu_discord.cogs.verification:Saved 5 roles to database for user mradwan1 (Discord ID: 1505789747522703471)
INFO:asu_discord.cogs.verification:Refreshed Salesforce roles for Discord user 1505789747522703471: -5/+5 roles, assigned=[Arizona Resident, First Generation Student, First Year, Ira A. Fulton Schools of Engineering, Tempe]
Ignoring exception in on_member_update
Traceback (most recent call last):
  File "/usr/local/lib/python3.12/site-packages/discord/client.py", line 465, in _run_event
    await coro(*args, **kwargs)
  File "/app/asu_discord/cogs/analytics.py", line 652, in on_member_update
    before_timeout = before.timed_out_until
                     ^^^^^^^^^^^^^^^^^^^^^^
AttributeError: 'Member' object has no attribute 'timed_out_until'
Ignoring exception in on_member_update
Traceback (most recent call last):
  File "/usr/local/lib/python3.12/site-packages/discord/client.py", line 465, in _run_event
    await coro(*args, **kwargs)
  File "/app/asu_discord/cogs/analytics.py", line 652, in on_member_update
    before_timeout = before.timed_out_until
                     ^^^^^^^^^^^^^^^^^^^^^^
AttributeError: 'Member' object has no attribute 'timed_out_until'
Ignoring exception in on_member_update
Traceback (most recent call last):
  File "/usr/local/lib/python3.12/site-packages/discord/client.py", line 465, in _run_event
    await coro(*args, **kwargs)
  File "/app/asu_discord/cogs/analytics.py", line 652, in on_member_update
    before_timeout = before.timed_out_until
                     ^^^^^^^^^^^^^^^^^^^^^^
AttributeError: 'Member' object has no attribute 'timed_out_until'
Ignoring exception in on_member_update
Traceback (most recent call last):
  File "/usr/local/lib/python3.12/site-packages/discord/client.py", line 465, in _run_event
    await coro(*args, **kwargs)
  File "/app/asu_discord/cogs/analytics.py", line 652, in on_member_update
    before_timeout = before.timed_out_until
                     ^^^^^^^^^^^^^^^^^^^^^^
AttributeError: 'Member' object has no attribute 'timed_out_until'
Ignoring exception in on_member_update
Traceback (most recent call last):
  File "/usr/local/lib/python3.12/site-packages/discord/client.py", line 465, in _run_event
    await coro(*args, **kwargs)
  File "/app/asu_discord/cogs/analytics.py", line 652, in on_member_update
    before_timeout = before.timed_out_until
                     ^^^^^^^^^^^^^^^^^^^^^^
AttributeError: 'Member' object has no attribute 'timed_out_until'
Ignoring exception in on_member_update
Traceback (most recent call last):
  File "/usr/local/lib/python3.12/site-packages/discord/client.py", line 465, in _run_event
    await coro(*args, **kwargs)
  File "/app/asu_discord/cogs/analytics.py", line 652, in on_member_update
    before_timeout = before.timed_out_until
                     ^^^^^^^^^^^^^^^^^^^^^^
AttributeError: 'Member' object has no attribute 'timed_out_until'
Ignoring exception in on_member_update
Traceback (most recent call last):
  File "/usr/local/lib/python3.12/site-packages/discord/client.py", line 465, in _run_event
    await coro(*args, **kwargs)
  File "/app/asu_discord/cogs/analytics.py", line 652, in on_member_update
    before_timeout = before.timed_out_until
                     ^^^^^^^^^^^^^^^^^^^^^^
AttributeError: 'Member' object has no attribute 'timed_out_until'
Ignoring exception in on_member_update
Traceback (most recent call last):
  File "/usr/local/lib/python3.12/site-packages/discord/client.py", line 465, in _run_event
    await coro(*args, **kwargs)
  File "/app/asu_discord/cogs/analytics.py", line 652, in on_member_update
    before_timeout = before.timed_out_until
                     ^^^^^^^^^^^^^^^^^^^^^^
AttributeError: 'Member' object has no attribute 'timed_out_until'
Ignoring exception in on_member_update
Traceback (most recent call last):
  File "/usr/local/lib/python3.12/site-packages/discord/client.py", line 465, in _run_event
    await coro(*args, **kwargs)
  File "/app/asu_discord/cogs/analytics.py", line 652, in on_member_update
    before_timeout = before.timed_out_until
                     ^^^^^^^^^^^^^^^^^^^^^^
AttributeError: 'Member' object has no attribute 'timed_out_until'
Ignoring exception in on_member_update
Traceback (most recent call last):
  File "/usr/local/lib/python3.12/site-packages/discord/client.py", line 465, in _run_event
    await coro(*args, **kwargs)
  File "/app/asu_discord/cogs/analytics.py", line 652, in on_member_update
    before_timeout = before.timed_out_until
                     ^^^^^^^^^^^^^^^^^^^^^^
AttributeError: 'Member' object has no attribute 'timed_out_until'
INFO:asu_discord.cogs.verification:Saved 5 roles to database for user jjczarni (Discord ID: 618662094488731660)
INFO:asu_discord.cogs.verification:Refreshed Salesforce roles for Discord user 618662094488731660: -5/+5 roles, assigned=[Arizona Resident, Commited, New College of Interdisciplinary Arts and Sciences, Transfer Student, West Valley]
Ignoring exception in on_member_update
Traceback (most recent call last):
  File "/usr/local/lib/python3.12/site-packages/discord/client.py", line 465, in _run_event
    await coro(*args, **kwargs)
  File "/app/asu_discord/cogs/analytics.py", line 652, in on_member_update
    before_timeout = before.timed_out_until
                     ^^^^^^^^^^^^^^^^^^^^^^
AttributeError: 'Member' object has no attribute 'timed_out_until'
Ignoring exception in on_member_update
Traceback (most recent call last):
  File "/usr/local/lib/python3.12/site-packages/discord/client.py", line 465, in _run_event
    await coro(*args, **kwargs)
  File "/app/asu_discord/cogs/analytics.py", line 652, in on_member_update
    before_timeout = before.timed_out_until
                     ^^^^^^^^^^^^^^^^^^^^^^
AttributeError: 'Member' object has no attribute 'timed_out_until'
Ignoring exception in on_member_update
Traceback (most recent call last):
  File "/usr/local/lib/python3.12/site-packages/discord/client.py", line 465, in _run_event
    await coro(*args, **kwargs)
  File "/app/asu_discord/cogs/analytics.py", line 652, in on_member_update
    before_timeout = before.timed_out_until
                     ^^^^^^^^^^^^^^^^^^^^^^
AttributeError: 'Member' object has no attribute 'timed_out_until'
Ignoring exception in on_member_update
Traceback (most recent call last):
  File "/usr/local/lib/python3.12/site-packages/discord/client.py", line 465, in _run_event
    await coro(*args, **kwargs)
  File "/app/asu_discord/cogs/analytics.py", line 652, in on_member_update
    before_timeout = before.timed_out_until
                     ^^^^^^^^^^^^^^^^^^^^^^
AttributeError: 'Member' object has no attribute 'timed_out_until'
Ignoring exception in on_member_update
Traceback (most recent call last):
  File "/usr/local/lib/python3.12/site-packages/discord/client.py", line 465, in _run_event
    await coro(*args, **kwargs)
  File "/app/asu_discord/cogs/analytics.py", line 652, in on_member_update
    before_timeout = before.timed_out_until
                     ^^^^^^^^^^^^^^^^^^^^^^
AttributeError: 'Member' object has no attribute 'timed_out_until'
Ignoring exception in on_member_update
Traceback (most recent call last):
  File "/usr/local/lib/python3.12/site-packages/discord/client.py", line 465, in _run_event
    await coro(*args, **kwargs)
  File "/app/asu_discord/cogs/analytics.py", line 652, in on_member_update
    before_timeout = before.timed_out_until
                     ^^^^^^^^^^^^^^^^^^^^^^
AttributeError: 'Member' object has no attribute 'timed_out_until'
Ignoring exception in on_member_update
Traceback (most recent call last):
  File "/usr/local/lib/python3.12/site-packages/discord/client.py", line 465, in _run_event
    await coro(*args, **kwargs)
  File "/app/asu_discord/cogs/analytics.py", line 652, in on_member_update
    before_timeout = before.timed_out_until
                     ^^^^^^^^^^^^^^^^^^^^^^
AttributeError: 'Member' object has no attribute 'timed_out_until'
Ignoring exception in on_member_update
Traceback (most recent call last):
  File "/usr/local/lib/python3.12/site-packages/discord/client.py", line 465, in _run_event
    await coro(*args, **kwargs)
  File "/app/asu_discord/cogs/analytics.py", line 652, in on_member_update
    before_timeout = before.timed_out_until
                     ^^^^^^^^^^^^^^^^^^^^^^
AttributeError: 'Member' object has no attribute 'timed_out_until'
Ignoring exception in on_member_update
Traceback (most recent call last):
  File "/usr/local/lib/python3.12/site-packages/discord/client.py", line 465, in _run_event
    await coro(*args, **kwargs)
  File "/app/asu_discord/cogs/analytics.py", line 652, in on_member_update
    before_timeout = before.timed_out_until
                     ^^^^^^^^^^^^^^^^^^^^^^
AttributeError: 'Member' object has no attribute 'timed_out_until'
Ignoring exception in on_member_update
Traceback (most recent call last):
  File "/usr/local/lib/python3.12/site-packages/discord/client.py", line 465, in _run_event
    await coro(*args, **kwargs)
  File "/app/asu_discord/cogs/analytics.py", line 652, in on_member_update
    before_timeout = before.timed_out_until
                     ^^^^^^^^^^^^^^^^^^^^^^
AttributeError: 'Member' object has no attribute 'timed_out_until'
INFO:asu_discord.cogs.verification:Saved 5 roles to database for user jchen823 (Discord ID: 524589694680301568)
INFO:asu_discord.cogs.verification:Refreshed Salesforce roles for Discord user 524589694680301568: -5/+5 roles, assigned=[Commited, Graduate Student, International Student, Ira A. Fulton Schools of Engineering, Polytechnic]
ERROR:cron.jobs:refresh_salesforce_roles: failed for daviddxu (Discord ID 851318362734723074): Failed to refresh Salesforce-based roles: Discord user 851318362734723074 is not a member of the guild
Ignoring exception in on_member_update
Traceback (most recent call last):
  File "/usr/local/lib/python3.12/site-packages/discord/client.py", line 465, in _run_event
    await coro(*args, **kwargs)
  File "/app/asu_discord/cogs/analytics.py", line 652, in on_member_update
    before_timeout = before.timed_out_until
                     ^^^^^^^^^^^^^^^^^^^^^^
AttributeError: 'Member' object has no attribute 'timed_out_until'
Ignoring exception in on_member_update
Traceback (most recent call last):
  File "/usr/local/lib/python3.12/site-packages/discord/client.py", line 465, in _run_event
    await coro(*args, **kwargs)
  File "/app/asu_discord/cogs/analytics.py", line 652, in on_member_update
    before_timeout = before.timed_out_until
                     ^^^^^^^^^^^^^^^^^^^^^^
AttributeError: 'Member' object has no attribute 'timed_out_until'
Ignoring exception in on_member_update
Traceback (most recent call last):
  File "/usr/local/lib/python3.12/site-packages/discord/client.py", line 465, in _run_event
    await coro(*args, **kwargs)
  File "/app/asu_discord/cogs/analytics.py", line 652, in on_member_update
    before_timeout = before.timed_out_until
                     ^^^^^^^^^^^^^^^^^^^^^^
AttributeError: 'Member' object has no attribute 'timed_out_until'
Ignoring exception in on_member_update
Traceback (most recent call last):
  File "/usr/local/lib/python3.12/site-packages/discord/client.py", line 465, in _run_event
    await coro(*args, **kwargs)
  File "/app/asu_discord/cogs/analytics.py", line 652, in on_member_update
    before_timeout = before.timed_out_until
                     ^^^^^^^^^^^^^^^^^^^^^^
AttributeError: 'Member' object has no attribute 'timed_out_until'
Ignoring exception in on_member_update
Traceback (most recent call last):
  File "/usr/local/lib/python3.12/site-packages/discord/client.py", line 465, in _run_event
    await coro(*args, **kwargs)
  File "/app/asu_discord/cogs/analytics.py", line 652, in on_member_update
    before_timeout = before.timed_out_until
                     ^^^^^^^^^^^^^^^^^^^^^^
AttributeError: 'Member' object has no attribute 'timed_out_until'
Ignoring exception in on_member_update
Traceback (most recent call last):
  File "/usr/local/lib/python3.12/site-packages/discord/client.py", line 465, in _run_event
    await coro(*args, **kwargs)
  File "/app/asu_discord/cogs/analytics.py", line 652, in on_member_update
    before_timeout = before.timed_out_until
                     ^^^^^^^^^^^^^^^^^^^^^^
AttributeError: 'Member' object has no attribute 'timed_out_until'
Ignoring exception in on_member_update
Traceback (most recent call last):
  File "/usr/local/lib/python3.12/site-packages/discord/client.py", line 465, in _run_event
    await coro(*args, **kwargs)
  File "/app/asu_discord/cogs/analytics.py", line 652, in on_member_update
    before_timeout = before.timed_out_until
                     ^^^^^^^^^^^^^^^^^^^^^^
AttributeError: 'Member' object has no attribute 'timed_out_until'
Ignoring exception in on_member_update
Traceback (most recent call last):
  File "/usr/local/lib/python3.12/site-packages/discord/client.py", line 465, in _run_event
    await coro(*args, **kwargs)
  File "/app/asu_discord/cogs/analytics.py", line 652, in on_member_update
    before_timeout = before.timed_out_until
                     ^^^^^^^^^^^^^^^^^^^^^^
AttributeError: 'Member' object has no attribute 'timed_out_until'
Ignoring exception in on_member_update
Traceback (most recent call last):
  File "/usr/local/lib/python3.12/site-packages/discord/client.py", line 465, in _run_event
    await coro(*args, **kwargs)
  File "/app/asu_discord/cogs/analytics.py", line 652, in on_member_update
    before_timeout = before.timed_out_until
                     ^^^^^^^^^^^^^^^^^^^^^^
AttributeError: 'Member' object has no attribute 'timed_out_until'
Ignoring exception in on_member_update
Traceback (most recent call last):
  File "/usr/local/lib/python3.12/site-packages/discord/client.py", line 465, in _run_event
    await coro(*args, **kwargs)
  File "/app/asu_discord/cogs/analytics.py", line 652, in on_member_update
    before_timeout = before.timed_out_until
                     ^^^^^^^^^^^^^^^^^^^^^^
AttributeError: 'Member' object has no attribute 'timed_out_until'
INFO:asu_discord.cogs.verification:Saved 5 roles to database for user gmdeherr (Discord ID: 698229831695073301)
INFO:asu_discord.cogs.verification:Refreshed Salesforce roles for Discord user 698229831695073301: -5/+5 roles, assigned=[Arizona Resident, College of Liberal Arts and Sciences, Commited, First Year, Tempe]
Ignoring exception in on_member_update
Traceback (most recent call last):
  File "/usr/local/lib/python3.12/site-packages/discord/client.py", line 465, in _run_event
    await coro(*args, **kwargs)
  File "/app/asu_discord/cogs/analytics.py", line 652, in on_member_update
    before_timeout = before.timed_out_until
                     ^^^^^^^^^^^^^^^^^^^^^^
AttributeError: 'Member' object has no attribute 'timed_out_until'
Ignoring exception in on_member_update
Traceback (most recent call last):
  File "/usr/local/lib/python3.12/site-packages/discord/client.py", line 465, in _run_event
    await coro(*args, **kwargs)
  File "/app/asu_discord/cogs/analytics.py", line 652, in on_member_update
    before_timeout = before.timed_out_until
                     ^^^^^^^^^^^^^^^^^^^^^^
AttributeError: 'Member' object has no attribute 'timed_out_until'
Ignoring exception in on_member_update
Traceback (most recent call last):
  File "/usr/local/lib/python3.12/site-packages/discord/client.py", line 465, in _run_event
    await coro(*args, **kwargs)
  File "/app/asu_discord/cogs/analytics.py", line 652, in on_member_update
    before_timeout = before.timed_out_until
                     ^^^^^^^^^^^^^^^^^^^^^^
AttributeError: 'Member' object has no attribute 'timed_out_until'
Ignoring exception in on_member_update
Traceback (most recent call last):
  File "/usr/local/lib/python3.12/site-packages/discord/client.py", line 465, in _run_event
    await coro(*args, **kwargs)
  File "/app/asu_discord/cogs/analytics.py", line 652, in on_member_update
    before_timeout = before.timed_out_until
                     ^^^^^^^^^^^^^^^^^^^^^^
AttributeError: 'Member' object has no attribute 'timed_out_until'
Ignoring exception in on_member_update
Traceback (most recent call last):
  File "/usr/local/lib/python3.12/site-packages/discord/client.py", line 465, in _run_event
    await coro(*args, **kwargs)
  File "/app/asu_discord/cogs/analytics.py", line 652, in on_member_update
    before_timeout = before.timed_out_until
                     ^^^^^^^^^^^^^^^^^^^^^^
AttributeError: 'Member' object has no attribute 'timed_out_until'
Ignoring exception in on_member_update
Traceback (most recent call last):
  File "/usr/local/lib/python3.12/site-packages/discord/client.py", line 465, in _run_event
    await coro(*args, **kwargs)
  File "/app/asu_discord/cogs/analytics.py", line 652, in on_member_update
    before_timeout = before.timed_out_until
                     ^^^^^^^^^^^^^^^^^^^^^^
AttributeError: 'Member' object has no attribute 'timed_out_until'
Ignoring exception in on_member_update
Traceback (most recent call last):
  File "/usr/local/lib/python3.12/site-packages/discord/client.py", line 465, in _run_event
    await coro(*args, **kwargs)
  File "/app/asu_discord/cogs/analytics.py", line 652, in on_member_update
    before_timeout = before.timed_out_until
                     ^^^^^^^^^^^^^^^^^^^^^^
AttributeError: 'Member' object has no attribute 'timed_out_until'
Ignoring exception in on_member_update
Traceback (most recent call last):
  File "/usr/local/lib/python3.12/site-packages/discord/client.py", line 465, in _run_event
    await coro(*args, **kwargs)
  File "/app/asu_discord/cogs/analytics.py", line 652, in on_member_update
    before_timeout = before.timed_out_until
                     ^^^^^^^^^^^^^^^^^^^^^^
AttributeError: 'Member' object has no attribute 'timed_out_until'
INFO:asu_discord.cogs.verification:Saved 4 roles to database for user wshaik12 (Discord ID: 1490631469251559444)
INFO:asu_discord.cogs.verification:Refreshed Salesforce roles for Discord user 1490631469251559444: -4/+4 roles, assigned=[Graduate Student, International Student, Ira A. Fulton Schools of Engineering, Tempe]
ERROR:cron.jobs:refresh_salesforce_roles: failed for aescude3 (Discord ID 1330641008496476212): Failed to refresh Salesforce-based roles: Discord user 1330641008496476212 is not a member of the guild
Ignoring exception in on_member_update
Traceback (most recent call last):
  File "/usr/local/lib/python3.12/site-packages/discord/client.py", line 465, in _run_event
    await coro(*args, **kwargs)
  File "/app/asu_discord/cogs/analytics.py", line 652, in on_member_update
    before_timeout = before.timed_out_until
                     ^^^^^^^^^^^^^^^^^^^^^^
AttributeError: 'Member' object has no attribute 'timed_out_until'
Ignoring exception in on_member_update
Traceback (most recent call last):
  File "/usr/local/lib/python3.12/site-packages/discord/client.py", line 465, in _run_event
    await coro(*args, **kwargs)
  File "/app/asu_discord/cogs/analytics.py", line 652, in on_member_update
    before_timeout = before.timed_out_until
                     ^^^^^^^^^^^^^^^^^^^^^^
AttributeError: 'Member' object has no attribute 'timed_out_until'
Ignoring exception in on_member_update
Traceback (most recent call last):
  File "/usr/local/lib/python3.12/site-packages/discord/client.py", line 465, in _run_event
    await coro(*args, **kwargs)
  File "/app/asu_discord/cogs/analytics.py", line 652, in on_member_update
    before_timeout = before.timed_out_until
                     ^^^^^^^^^^^^^^^^^^^^^^
AttributeError: 'Member' object has no attribute 'timed_out_until'
Ignoring exception in on_member_update
Traceback (most recent call last):
  File "/usr/local/lib/python3.12/site-packages/discord/client.py", line 465, in _run_event
    await coro(*args, **kwargs)
  File "/app/asu_discord/cogs/analytics.py", line 652, in on_member_update
    before_timeout = before.timed_out_until
                     ^^^^^^^^^^^^^^^^^^^^^^
AttributeError: 'Member' object has no attribute 'timed_out_until'
Ignoring exception in on_member_update
Traceback (most recent call last):
  File "/usr/local/lib/python3.12/site-packages/discord/client.py", line 465, in _run_event
    await coro(*args, **kwargs)
  File "/app/asu_discord/cogs/analytics.py", line 652, in on_member_update
    before_timeout = before.timed_out_until
                     ^^^^^^^^^^^^^^^^^^^^^^
AttributeError: 'Member' object has no attribute 'timed_out_until'
Ignoring exception in on_member_update
Traceback (most recent call last):
  File "/usr/local/lib/python3.12/site-packages/discord/client.py", line 465, in _run_event
    await coro(*args, **kwargs)
  File "/app/asu_discord/cogs/analytics.py", line 652, in on_member_update
    before_timeout = before.timed_out_until
                     ^^^^^^^^^^^^^^^^^^^^^^
AttributeError: 'Member' object has no attribute 'timed_out_until'
Ignoring exception in on_member_update
Traceback (most recent call last):
  File "/usr/local/lib/python3.12/site-packages/discord/client.py", line 465, in _run_event
    await coro(*args, **kwargs)
  File "/app/asu_discord/cogs/analytics.py", line 652, in on_member_update
    before_timeout = before.timed_out_until
                     ^^^^^^^^^^^^^^^^^^^^^^
AttributeError: 'Member' object has no attribute 'timed_out_until'
Ignoring exception in on_member_update
Traceback (most recent call last):
  File "/usr/local/lib/python3.12/site-packages/discord/client.py", line 465, in _run_event
    await coro(*args, **kwargs)
  File "/app/asu_discord/cogs/analytics.py", line 652, in on_member_update
    before_timeout = before.timed_out_until
                     ^^^^^^^^^^^^^^^^^^^^^^
AttributeError: 'Member' object has no attribute 'timed_out_until'
INFO:asu_discord.cogs.verification:Saved 4 roles to database for user mshiraj (Discord ID: 1325358857144500229)
INFO:asu_discord.cogs.verification:Refreshed Salesforce roles for Discord user 1325358857144500229: -4/+4 roles, assigned=[Graduate Student, International Student, Tempe, W.P. Carey School of Business]
Ignoring exception in on_member_update
Traceback (most recent call last):
  File "/usr/local/lib/python3.12/site-packages/discord/client.py", line 465, in _run_event
    await coro(*args, **kwargs)
  File "/app/asu_discord/cogs/analytics.py", line 652, in on_member_update
    before_timeout = before.timed_out_until
                     ^^^^^^^^^^^^^^^^^^^^^^
AttributeError: 'Member' object has no attribute 'timed_out_until'
Ignoring exception in on_member_update
Traceback (most recent call last):
  File "/usr/local/lib/python3.12/site-packages/discord/client.py", line 465, in _run_event
    await coro(*args, **kwargs)
  File "/app/asu_discord/cogs/analytics.py", line 652, in on_member_update
    before_timeout = before.timed_out_until
                     ^^^^^^^^^^^^^^^^^^^^^^
AttributeError: 'Member' object has no attribute 'timed_out_until'
Ignoring exception in on_member_update
Traceback (most recent call last):
  File "/usr/local/lib/python3.12/site-packages/discord/client.py", line 465, in _run_event
    await coro(*args, **kwargs)
  File "/app/asu_discord/cogs/analytics.py", line 652, in on_member_update
    before_timeout = before.timed_out_until
                     ^^^^^^^^^^^^^^^^^^^^^^
AttributeError: 'Member' object has no attribute 'timed_out_until'
Ignoring exception in on_member_update
Traceback (most recent call last):
  File "/usr/local/lib/python3.12/site-packages/discord/client.py", line 465, in _run_event
    await coro(*args, **kwargs)
  File "/app/asu_discord/cogs/analytics.py", line 652, in on_member_update
    before_timeout = before.timed_out_until
                     ^^^^^^^^^^^^^^^^^^^^^^
AttributeError: 'Member' object has no attribute 'timed_out_until'
Ignoring exception in on_member_update
Traceback (most recent call last):
  File "/usr/local/lib/python3.12/site-packages/discord/client.py", line 465, in _run_event
    await coro(*args, **kwargs)
  File "/app/asu_discord/cogs/analytics.py", line 652, in on_member_update
    before_timeout = before.timed_out_until
                     ^^^^^^^^^^^^^^^^^^^^^^
AttributeError: 'Member' object has no attribute 'timed_out_until'
Ignoring exception in on_member_update
Traceback (most recent call last):
  File "/usr/local/lib/python3.12/site-packages/discord/client.py", line 465, in _run_event
    await coro(*args, **kwargs)
  File "/app/asu_discord/cogs/analytics.py", line 652, in on_member_update
    before_timeout = before.timed_out_until
                     ^^^^^^^^^^^^^^^^^^^^^^
AttributeError: 'Member' object has no attribute 'timed_out_until'
Ignoring exception in on_member_update
Traceback (most recent call last):
  File "/usr/local/lib/python3.12/site-packages/discord/client.py", line 465, in _run_event
    await coro(*args, **kwargs)
  File "/app/asu_discord/cogs/analytics.py", line 652, in on_member_update
    before_timeout = before.timed_out_until
                     ^^^^^^^^^^^^^^^^^^^^^^
AttributeError: 'Member' object has no attribute 'timed_out_until'
Ignoring exception in on_member_update
Traceback (most recent call last):
  File "/usr/local/lib/python3.12/site-packages/discord/client.py", line 465, in _run_event
    await coro(*args, **kwargs)
  File "/app/asu_discord/cogs/analytics.py", line 652, in on_member_update
    before_timeout = before.timed_out_until
                     ^^^^^^^^^^^^^^^^^^^^^^
AttributeError: 'Member' object has no attribute 'timed_out_until'
Ignoring exception in on_member_update
Traceback (most recent call last):
  File "/usr/local/lib/python3.12/site-packages/discord/client.py", line 465, in _run_event
    await coro(*args, **kwargs)
  File "/app/asu_discord/cogs/analytics.py", line 652, in on_member_update
    before_timeout = before.timed_out_until
                     ^^^^^^^^^^^^^^^^^^^^^^
AttributeError: 'Member' object has no attribute 'timed_out_until'
Ignoring exception in on_member_update
Traceback (most recent call last):
  File "/usr/local/lib/python3.12/site-packages/discord/client.py", line 465, in _run_event
    await coro(*args, **kwargs)
  File "/app/asu_discord/cogs/analytics.py", line 652, in on_member_update
    before_timeout = before.timed_out_until
                     ^^^^^^^^^^^^^^^^^^^^^^
AttributeError: 'Member' object has no attribute 'timed_out_until'
INFO:asu_discord.cogs.verification:Saved 5 roles to database for user ijcota12 (Discord ID: 341708831237210113)
INFO:asu_discord.cogs.verification:Refreshed Salesforce roles for Discord user 341708831237210113: -5/+5 roles, assigned=[Arizona Resident, First Generation Student, First Year, Tempe, W.P. Carey School of Business]
Ignoring exception in on_member_update
Traceback (most recent call last):
  File "/usr/local/lib/python3.12/site-packages/discord/client.py", line 465, in _run_event
    await coro(*args, **kwargs)
  File "/app/asu_discord/cogs/analytics.py", line 652, in on_member_update
    before_timeout = before.timed_out_until
                     ^^^^^^^^^^^^^^^^^^^^^^
AttributeError: 'Member' object has no attribute 'timed_out_until'
Ignoring exception in on_member_update
Traceback (most recent call last):
  File "/usr/local/lib/python3.12/site-packages/discord/client.py", line 465, in _run_event
    await coro(*args, **kwargs)
  File "/app/asu_discord/cogs/analytics.py", line 652, in on_member_update
    before_timeout = before.timed_out_until
                     ^^^^^^^^^^^^^^^^^^^^^^
AttributeError: 'Member' object has no attribute 'timed_out_until'
Ignoring exception in on_member_update
Traceback (most recent call last):
  File "/usr/local/lib/python3.12/site-packages/discord/client.py", line 465, in _run_event
    await coro(*args, **kwargs)
  File "/app/asu_discord/cogs/analytics.py", line 652, in on_member_update
    before_timeout = before.timed_out_until
                     ^^^^^^^^^^^^^^^^^^^^^^
AttributeError: 'Member' object has no attribute 'timed_out_until'
Ignoring exception in on_member_update
Traceback (most recent call last):
  File "/usr/local/lib/python3.12/site-packages/discord/client.py", line 465, in _run_event
    await coro(*args, **kwargs)
  File "/app/asu_discord/cogs/analytics.py", line 652, in on_member_update
    before_timeout = before.timed_out_until
                     ^^^^^^^^^^^^^^^^^^^^^^
AttributeError: 'Member' object has no attribute 'timed_out_until'
Ignoring exception in on_member_update
Traceback (most recent call last):
  File "/usr/local/lib/python3.12/site-packages/discord/client.py", line 465, in _run_event
    await coro(*args, **kwargs)
  File "/app/asu_discord/cogs/analytics.py", line 652, in on_member_update
    before_timeout = before.timed_out_until
                     ^^^^^^^^^^^^^^^^^^^^^^
AttributeError: 'Member' object has no attribute 'timed_out_until'
Ignoring exception in on_member_update
Traceback (most recent call last):
  File "/usr/local/lib/python3.12/site-packages/discord/client.py", line 465, in _run_event
    await coro(*args, **kwargs)
  File "/app/asu_discord/cogs/analytics.py", line 652, in on_member_update
    before_timeout = before.timed_out_until
                     ^^^^^^^^^^^^^^^^^^^^^^
AttributeError: 'Member' object has no attribute 'timed_out_until'
Ignoring exception in on_member_update
Traceback (most recent call last):
  File "/usr/local/lib/python3.12/site-packages/discord/client.py", line 465, in _run_event
    await coro(*args, **kwargs)
  File "/app/asu_discord/cogs/analytics.py", line 652, in on_member_update
    before_timeout = before.timed_out_until
                     ^^^^^^^^^^^^^^^^^^^^^^
AttributeError: 'Member' object has no attribute 'timed_out_until'
Ignoring exception in on_member_update
Traceback (most recent call last):
  File "/usr/local/lib/python3.12/site-packages/discord/client.py", line 465, in _run_event
    await coro(*args, **kwargs)
  File "/app/asu_discord/cogs/analytics.py", line 652, in on_member_update
    before_timeout = before.timed_out_until
                     ^^^^^^^^^^^^^^^^^^^^^^
AttributeError: 'Member' object has no attribute 'timed_out_until'
Ignoring exception in on_member_update
Traceback (most recent call last):
  File "/usr/local/lib/python3.12/site-packages/discord/client.py", line 465, in _run_event
    await coro(*args, **kwargs)
  File "/app/asu_discord/cogs/analytics.py", line 652, in on_member_update
    before_timeout = before.timed_out_until
                     ^^^^^^^^^^^^^^^^^^^^^^
AttributeError: 'Member' object has no attribute 'timed_out_until'
Ignoring exception in on_member_update
Traceback (most recent call last):
  File "/usr/local/lib/python3.12/site-packages/discord/client.py", line 465, in _run_event
    await coro(*args, **kwargs)
  File "/app/asu_discord/cogs/analytics.py", line 652, in on_member_update
    before_timeout = before.timed_out_until
                     ^^^^^^^^^^^^^^^^^^^^^^
AttributeError: 'Member' object has no attribute 'timed_out_until'
INFO:asu_discord.cogs.verification:Saved 5 roles to database for user ujain127 (Discord ID: 655474144900677654)
INFO:asu_discord.cogs.verification:Refreshed Salesforce roles for Discord user 655474144900677654: -5/+5 roles, assigned=[Commited, Graduate Student, International Student, Ira A. Fulton Schools of Engineering, Polytechnic]
Ignoring exception in on_member_update
Traceback (most recent call last):
  File "/usr/local/lib/python3.12/site-packages/discord/client.py", line 465, in _run_event
    await coro(*args, **kwargs)
  File "/app/asu_discord/cogs/analytics.py", line 652, in on_member_update
    before_timeout = before.timed_out_until
                     ^^^^^^^^^^^^^^^^^^^^^^
AttributeError: 'Member' object has no attribute 'timed_out_until'
Ignoring exception in on_member_update
Traceback (most recent call last):
  File "/usr/local/lib/python3.12/site-packages/discord/client.py", line 465, in _run_event
    await coro(*args, **kwargs)
  File "/app/asu_discord/cogs/analytics.py", line 652, in on_member_update
    before_timeout = before.timed_out_until
                     ^^^^^^^^^^^^^^^^^^^^^^
AttributeError: 'Member' object has no attribute 'timed_out_until'
Ignoring exception in on_member_update
Traceback (most recent call last):
  File "/usr/local/lib/python3.12/site-packages/discord/client.py", line 465, in _run_event
    await coro(*args, **kwargs)
  File "/app/asu_discord/cogs/analytics.py", line 652, in on_member_update
    before_timeout = before.timed_out_until
                     ^^^^^^^^^^^^^^^^^^^^^^
AttributeError: 'Member' object has no attribute 'timed_out_until'
Ignoring exception in on_member_update
Traceback (most recent call last):
  File "/usr/local/lib/python3.12/site-packages/discord/client.py", line 465, in _run_event
    await coro(*args, **kwargs)
  File "/app/asu_discord/cogs/analytics.py", line 652, in on_member_update
    before_timeout = before.timed_out_until
                     ^^^^^^^^^^^^^^^^^^^^^^
AttributeError: 'Member' object has no attribute 'timed_out_until'
Ignoring exception in on_member_update
Traceback (most recent call last):
  File "/usr/local/lib/python3.12/site-packages/discord/client.py", line 465, in _run_event
    await coro(*args, **kwargs)
  File "/app/asu_discord/cogs/analytics.py", line 652, in on_member_update
    before_timeout = before.timed_out_until
                     ^^^^^^^^^^^^^^^^^^^^^^
AttributeError: 'Member' object has no attribute 'timed_out_until'
Ignoring exception in on_member_update
Traceback (most recent call last):
  File "/usr/local/lib/python3.12/site-packages/discord/client.py", line 465, in _run_event
    await coro(*args, **kwargs)
  File "/app/asu_discord/cogs/analytics.py", line 652, in on_member_update
    before_timeout = before.timed_out_until
                     ^^^^^^^^^^^^^^^^^^^^^^
AttributeError: 'Member' object has no attribute 'timed_out_until'
Ignoring exception in on_member_update
Traceback (most recent call last):
  File "/usr/local/lib/python3.12/site-packages/discord/client.py", line 465, in _run_event
    await coro(*args, **kwargs)
  File "/app/asu_discord/cogs/analytics.py", line 652, in on_member_update
    before_timeout = before.timed_out_until
                     ^^^^^^^^^^^^^^^^^^^^^^
AttributeError: 'Member' object has no attribute 'timed_out_until'
INFO:asu_discord.cogs.verification:Saved 4 roles to database for user lmallu12 (Discord ID: 1511624341190869022)
INFO:asu_discord.cogs.verification:Refreshed Salesforce roles for Discord user 1511624341190869022: -4/+3 roles, assigned=[Graduate Student, International Student, Tempe, W.P. Carey School of Business]
Ignoring exception in on_member_update
Traceback (most recent call last):
  File "/usr/local/lib/python3.12/site-packages/discord/client.py", line 465, in _run_event
    await coro(*args, **kwargs)
  File "/app/asu_discord/cogs/analytics.py", line 652, in on_member_update
    before_timeout = before.timed_out_until
                     ^^^^^^^^^^^^^^^^^^^^^^
AttributeError: 'Member' object has no attribute 'timed_out_until'
Ignoring exception in on_member_update
Traceback (most recent call last):
  File "/usr/local/lib/python3.12/site-packages/discord/client.py", line 465, in _run_event
    await coro(*args, **kwargs)
  File "/app/asu_discord/cogs/analytics.py", line 652, in on_member_update
    before_timeout = before.timed_out_until
                     ^^^^^^^^^^^^^^^^^^^^^^
AttributeError: 'Member' object has no attribute 'timed_out_until'
Ignoring exception in on_member_update
Traceback (most recent call last):
  File "/usr/local/lib/python3.12/site-packages/discord/client.py", line 465, in _run_event
    await coro(*args, **kwargs)
  File "/app/asu_discord/cogs/analytics.py", line 652, in on_member_update
    before_timeout = before.timed_out_until
                     ^^^^^^^^^^^^^^^^^^^^^^
AttributeError: 'Member' object has no attribute 'timed_out_until'
Ignoring exception in on_member_update
Traceback (most recent call last):
  File "/usr/local/lib/python3.12/site-packages/discord/client.py", line 465, in _run_event
    await coro(*args, **kwargs)
  File "/app/asu_discord/cogs/analytics.py", line 652, in on_member_update
    before_timeout = before.timed_out_until
                     ^^^^^^^^^^^^^^^^^^^^^^
AttributeError: 'Member' object has no attribute 'timed_out_until'
Ignoring exception in on_member_update
Traceback (most recent call last):
  File "/usr/local/lib/python3.12/site-packages/discord/client.py", line 465, in _run_event
    await coro(*args, **kwargs)
  File "/app/asu_discord/cogs/analytics.py", line 652, in on_member_update
    before_timeout = before.timed_out_until
                     ^^^^^^^^^^^^^^^^^^^^^^
AttributeError: 'Member' object has no attribute 'timed_out_until'
Ignoring exception in on_member_update
Traceback (most recent call last):
  File "/usr/local/lib/python3.12/site-packages/discord/client.py", line 465, in _run_event
    await coro(*args, **kwargs)
  File "/app/asu_discord/cogs/analytics.py", line 652, in on_member_update
    before_timeout = before.timed_out_until
                     ^^^^^^^^^^^^^^^^^^^^^^
AttributeError: 'Member' object has no attribute 'timed_out_until'
Ignoring exception in on_member_update
Traceback (most recent call last):
  File "/usr/local/lib/python3.12/site-packages/discord/client.py", line 465, in _run_event
    await coro(*args, **kwargs)
  File "/app/asu_discord/cogs/analytics.py", line 652, in on_member_update
    before_timeout = before.timed_out_until
                     ^^^^^^^^^^^^^^^^^^^^^^
AttributeError: 'Member' object has no attribute 'timed_out_until'
Ignoring exception in on_member_update
Traceback (most recent call last):
  File "/usr/local/lib/python3.12/site-packages/discord/client.py", line 465, in _run_event
    await coro(*args, **kwargs)
  File "/app/asu_discord/cogs/analytics.py", line 652, in on_member_update
    before_timeout = before.timed_out_until
                     ^^^^^^^^^^^^^^^^^^^^^^
AttributeError: 'Member' object has no attribute 'timed_out_until'
Ignoring exception in on_member_update
Traceback (most recent call last):
  File "/usr/local/lib/python3.12/site-packages/discord/client.py", line 465, in _run_event
    await coro(*args, **kwargs)
  File "/app/asu_discord/cogs/analytics.py", line 652, in on_member_update
    before_timeout = before.timed_out_until
                     ^^^^^^^^^^^^^^^^^^^^^^
AttributeError: 'Member' object has no attribute 'timed_out_until'
Ignoring exception in on_member_update
Traceback (most recent call last):
  File "/usr/local/lib/python3.12/site-packages/discord/client.py", line 465, in _run_event
    await coro(*args, **kwargs)
  File "/app/asu_discord/cogs/analytics.py", line 652, in on_member_update
    before_timeout = before.timed_out_until
                     ^^^^^^^^^^^^^^^^^^^^^^
AttributeError: 'Member' object has no attribute 'timed_out_until'
Ignoring exception in on_member_update
Traceback (most recent call last):
  File "/usr/local/lib/python3.12/site-packages/discord/client.py", line 465, in _run_event
    await coro(*args, **kwargs)
  File "/app/asu_discord/cogs/analytics.py", line 652, in on_member_update
    before_timeout = before.timed_out_until
                     ^^^^^^^^^^^^^^^^^^^^^^
AttributeError: 'Member' object has no attribute 'timed_out_until'
Ignoring exception in on_member_update
Traceback (most recent call last):
  File "/usr/local/lib/python3.12/site-packages/discord/client.py", line 465, in _run_event
    await coro(*args, **kwargs)
  File "/app/asu_discord/cogs/analytics.py", line 652, in on_member_update
    before_timeout = before.timed_out_until
                     ^^^^^^^^^^^^^^^^^^^^^^
AttributeError: 'Member' object has no attribute 'timed_out_until'
INFO:asu_discord.cogs.verification:Saved 6 roles to database for user amcclel8 (Discord ID: 673209015018192915)
INFO:asu_discord.cogs.verification:Refreshed Salesforce roles for Discord user 673209015018192915: -6/+6 roles, assigned=[Arizona Resident, Commited, First Generation Student, First Year, Herberger Institute for Design and the Arts, Tempe]
Ignoring exception in on_member_update
Traceback (most recent call last):
  File "/usr/local/lib/python3.12/site-packages/discord/client.py", line 465, in _run_event
    await coro(*args, **kwargs)
  File "/app/asu_discord/cogs/analytics.py", line 652, in on_member_update
    before_timeout = before.timed_out_until
                     ^^^^^^^^^^^^^^^^^^^^^^
AttributeError: 'Member' object has no attribute 'timed_out_until'
Ignoring exception in on_member_update
Traceback (most recent call last):
  File "/usr/local/lib/python3.12/site-packages/discord/client.py", line 465, in _run_event
    await coro(*args, **kwargs)
  File "/app/asu_discord/cogs/analytics.py", line 652, in on_member_update
    before_timeout = before.timed_out_until
                     ^^^^^^^^^^^^^^^^^^^^^^
AttributeError: 'Member' object has no attribute 'timed_out_until'
Ignoring exception in on_member_update
Traceback (most recent call last):
  File "/usr/local/lib/python3.12/site-packages/discord/client.py", line 465, in _run_event
    await coro(*args, **kwargs)
  File "/app/asu_discord/cogs/analytics.py", line 652, in on_member_update
    before_timeout = before.timed_out_until
                     ^^^^^^^^^^^^^^^^^^^^^^
AttributeError: 'Member' object has no attribute 'timed_out_until'
Ignoring exception in on_member_update
Traceback (most recent call last):
  File "/usr/local/lib/python3.12/site-packages/discord/client.py", line 465, in _run_event
    await coro(*args, **kwargs)
  File "/app/asu_discord/cogs/analytics.py", line 652, in on_member_update
    before_timeout = before.timed_out_until
                     ^^^^^^^^^^^^^^^^^^^^^^
AttributeError: 'Member' object has no attribute 'timed_out_until'
Ignoring exception in on_member_update
Traceback (most recent call last):
  File "/usr/local/lib/python3.12/site-packages/discord/client.py", line 465, in _run_event
    await coro(*args, **kwargs)
  File "/app/asu_discord/cogs/analytics.py", line 652, in on_member_update
    before_timeout = before.timed_out_until
                     ^^^^^^^^^^^^^^^^^^^^^^
AttributeError: 'Member' object has no attribute 'timed_out_until'
Ignoring exception in on_member_update
Traceback (most recent call last):
  File "/usr/local/lib/python3.12/site-packages/discord/client.py", line 465, in _run_event
    await coro(*args, **kwargs)
  File "/app/asu_discord/cogs/analytics.py", line 652, in on_member_update
    before_timeout = before.timed_out_until
                     ^^^^^^^^^^^^^^^^^^^^^^
AttributeError: 'Member' object has no attribute 'timed_out_until'
Ignoring exception in on_member_update
Traceback (most recent call last):
  File "/usr/local/lib/python3.12/site-packages/discord/client.py", line 465, in _run_event
    await coro(*args, **kwargs)
  File "/app/asu_discord/cogs/analytics.py", line 652, in on_member_update
    before_timeout = before.timed_out_until
                     ^^^^^^^^^^^^^^^^^^^^^^
AttributeError: 'Member' object has no attribute 'timed_out_until'
Ignoring exception in on_member_update
Traceback (most recent call last):
  File "/usr/local/lib/python3.12/site-packages/discord/client.py", line 465, in _run_event
    await coro(*args, **kwargs)
  File "/app/asu_discord/cogs/analytics.py", line 652, in on_member_update
    before_timeout = before.timed_out_until
                     ^^^^^^^^^^^^^^^^^^^^^^
AttributeError: 'Member' object has no attribute 'timed_out_until'
INFO:asu_discord.cogs.verification:Saved 4 roles to database for user shieunki (Discord ID: 1498985418299805757)
INFO:asu_discord.cogs.verification:Refreshed Salesforce roles for Discord user 1498985418299805757: -4/+4 roles, assigned=[Graduate Student, International Student, Tempe, W.P. Carey School of Business]
Ignoring exception in on_member_update
Traceback (most recent call last):
  File "/usr/local/lib/python3.12/site-packages/discord/client.py", line 465, in _run_event
    await coro(*args, **kwargs)
  File "/app/asu_discord/cogs/analytics.py", line 652, in on_member_update
    before_timeout = before.timed_out_until
                     ^^^^^^^^^^^^^^^^^^^^^^
AttributeError: 'Member' object has no attribute 'timed_out_until'
Ignoring exception in on_member_update
Traceback (most recent call last):
  File "/usr/local/lib/python3.12/site-packages/discord/client.py", line 465, in _run_event
    await coro(*args, **kwargs)
  File "/app/asu_discord/cogs/analytics.py", line 652, in on_member_update
    before_timeout = before.timed_out_until
                     ^^^^^^^^^^^^^^^^^^^^^^
AttributeError: 'Member' object has no attribute 'timed_out_until'
Ignoring exception in on_member_update
Traceback (most recent call last):
  File "/usr/local/lib/python3.12/site-packages/discord/client.py", line 465, in _run_event
    await coro(*args, **kwargs)
  File "/app/asu_discord/cogs/analytics.py", line 652, in on_member_update
    before_timeout = before.timed_out_until
                     ^^^^^^^^^^^^^^^^^^^^^^
AttributeError: 'Member' object has no attribute 'timed_out_until'
Ignoring exception in on_member_update
Traceback (most recent call last):
  File "/usr/local/lib/python3.12/site-packages/discord/client.py", line 465, in _run_event
    await coro(*args, **kwargs)
  File "/app/asu_discord/cogs/analytics.py", line 652, in on_member_update
    before_timeout = before.timed_out_until
                     ^^^^^^^^^^^^^^^^^^^^^^
AttributeError: 'Member' object has no attribute 'timed_out_until'
Ignoring exception in on_member_update
Traceback (most recent call last):
  File "/usr/local/lib/python3.12/site-packages/discord/client.py", line 465, in _run_event
    await coro(*args, **kwargs)
  File "/app/asu_discord/cogs/analytics.py", line 652, in on_member_update
    before_timeout = before.timed_out_until
                     ^^^^^^^^^^^^^^^^^^^^^^
AttributeError: 'Member' object has no attribute 'timed_out_until'
Ignoring exception in on_member_update
Traceback (most recent call last):
  File "/usr/local/lib/python3.12/site-packages/discord/client.py", line 465, in _run_event
    await coro(*args, **kwargs)
  File "/app/asu_discord/cogs/analytics.py", line 652, in on_member_update
    before_timeout = before.timed_out_until
                     ^^^^^^^^^^^^^^^^^^^^^^
AttributeError: 'Member' object has no attribute 'timed_out_until'
Ignoring exception in on_member_update
Traceback (most recent call last):
  File "/usr/local/lib/python3.12/site-packages/discord/client.py", line 465, in _run_event
    await coro(*args, **kwargs)
  File "/app/asu_discord/cogs/analytics.py", line 652, in on_member_update
    before_timeout = before.timed_out_until
                     ^^^^^^^^^^^^^^^^^^^^^^
AttributeError: 'Member' object has no attribute 'timed_out_until'
Ignoring exception in on_member_update
Traceback (most recent call last):
  File "/usr/local/lib/python3.12/site-packages/discord/client.py", line 465, in _run_event
    await coro(*args, **kwargs)
  File "/app/asu_discord/cogs/analytics.py", line 652, in on_member_update
    before_timeout = before.timed_out_until
                     ^^^^^^^^^^^^^^^^^^^^^^
AttributeError: 'Member' object has no attribute 'timed_out_until'
Ignoring exception in on_member_update
Traceback (most recent call last):
  File "/usr/local/lib/python3.12/site-packages/discord/client.py", line 465, in _run_event
    await coro(*args, **kwargs)
  File "/app/asu_discord/cogs/analytics.py", line 652, in on_member_update
    before_timeout = before.timed_out_until
                     ^^^^^^^^^^^^^^^^^^^^^^
AttributeError: 'Member' object has no attribute 'timed_out_until'
Ignoring exception in on_member_update
Traceback (most recent call last):
  File "/usr/local/lib/python3.12/site-packages/discord/client.py", line 465, in _run_event
    await coro(*args, **kwargs)
  File "/app/asu_discord/cogs/analytics.py", line 652, in on_member_update
    before_timeout = before.timed_out_until
                     ^^^^^^^^^^^^^^^^^^^^^^
AttributeError: 'Member' object has no attribute 'timed_out_until'
Ignoring exception in on_member_update
Traceback (most recent call last):
  File "/usr/local/lib/python3.12/site-packages/discord/client.py", line 465, in _run_event
    await coro(*args, **kwargs)
  File "/app/asu_discord/cogs/analytics.py", line 652, in on_member_update
    before_timeout = before.timed_out_until
                     ^^^^^^^^^^^^^^^^^^^^^^
AttributeError: 'Member' object has no attribute 'timed_out_until'
Ignoring exception in on_member_update
Traceback (most recent call last):
  File "/usr/local/lib/python3.12/site-packages/discord/client.py", line 465, in _run_event
    await coro(*args, **kwargs)
  File "/app/asu_discord/cogs/analytics.py", line 652, in on_member_update
    before_timeout = before.timed_out_until
                     ^^^^^^^^^^^^^^^^^^^^^^
AttributeError: 'Member' object has no attribute 'timed_out_until'
INFO:asu_discord.cogs.verification:Saved 6 roles to database for user ntagliaf (Discord ID: 623981711511781386)
INFO:asu_discord.cogs.verification:Refreshed Salesforce roles for Discord user 623981711511781386: -6/+6 roles, assigned=[Arizona Resident, Commited, First Year, Ira A. Fulton Schools of Engineering, Tempe, Upperclassmen]
Ignoring exception in on_member_update
Traceback (most recent call last):
  File "/usr/local/lib/python3.12/site-packages/discord/client.py", line 465, in _run_event
    await coro(*args, **kwargs)
  File "/app/asu_discord/cogs/analytics.py", line 652, in on_member_update
    before_timeout = before.timed_out_until
                     ^^^^^^^^^^^^^^^^^^^^^^
AttributeError: 'Member' object has no attribute 'timed_out_until'
Ignoring exception in on_member_update
Traceback (most recent call last):
  File "/usr/local/lib/python3.12/site-packages/discord/client.py", line 465, in _run_event
    await coro(*args, **kwargs)
  File "/app/asu_discord/cogs/analytics.py", line 652, in on_member_update
    before_timeout = before.timed_out_until
                     ^^^^^^^^^^^^^^^^^^^^^^
AttributeError: 'Member' object has no attribute 'timed_out_until'
Ignoring exception in on_member_update
Traceback (most recent call last):
  File "/usr/local/lib/python3.12/site-packages/discord/client.py", line 465, in _run_event
    await coro(*args, **kwargs)
  File "/app/asu_discord/cogs/analytics.py", line 652, in on_member_update
    before_timeout = before.timed_out_until
                     ^^^^^^^^^^^^^^^^^^^^^^
AttributeError: 'Member' object has no attribute 'timed_out_until'
Ignoring exception in on_member_update
Traceback (most recent call last):
  File "/usr/local/lib/python3.12/site-packages/discord/client.py", line 465, in _run_event
    await coro(*args, **kwargs)
  File "/app/asu_discord/cogs/analytics.py", line 652, in on_member_update
    before_timeout = before.timed_out_until
                     ^^^^^^^^^^^^^^^^^^^^^^
AttributeError: 'Member' object has no attribute 'timed_out_until'
Ignoring exception in on_member_update
Traceback (most recent call last):
  File "/usr/local/lib/python3.12/site-packages/discord/client.py", line 465, in _run_event
    await coro(*args, **kwargs)
  File "/app/asu_discord/cogs/analytics.py", line 652, in on_member_update
    before_timeout = before.timed_out_until
                     ^^^^^^^^^^^^^^^^^^^^^^
AttributeError: 'Member' object has no attribute 'timed_out_until'
Ignoring exception in on_member_update
Traceback (most recent call last):
  File "/usr/local/lib/python3.12/site-packages/discord/client.py", line 465, in _run_event
    await coro(*args, **kwargs)
  File "/app/asu_discord/cogs/analytics.py", line 652, in on_member_update
    before_timeout = before.timed_out_until
                     ^^^^^^^^^^^^^^^^^^^^^^
AttributeError: 'Member' object has no attribute 'timed_out_until'
Ignoring exception in on_member_update
Traceback (most recent call last):
  File "/usr/local/lib/python3.12/site-packages/discord/client.py", line 465, in _run_event
    await coro(*args, **kwargs)
  File "/app/asu_discord/cogs/analytics.py", line 652, in on_member_update
    before_timeout = before.timed_out_until
                     ^^^^^^^^^^^^^^^^^^^^^^
AttributeError: 'Member' object has no attribute 'timed_out_until'
Ignoring exception in on_member_update
Traceback (most recent call last):
  File "/usr/local/lib/python3.12/site-packages/discord/client.py", line 465, in _run_event
    await coro(*args, **kwargs)
  File "/app/asu_discord/cogs/analytics.py", line 652, in on_member_update
    before_timeout = before.timed_out_until
                     ^^^^^^^^^^^^^^^^^^^^^^
AttributeError: 'Member' object has no attribute 'timed_out_until'
Ignoring exception in on_member_update
Traceback (most recent call last):
  File "/usr/local/lib/python3.12/site-packages/discord/client.py", line 465, in _run_event
    await coro(*args, **kwargs)
  File "/app/asu_discord/cogs/analytics.py", line 652, in on_member_update
    before_timeout = before.timed_out_until
                     ^^^^^^^^^^^^^^^^^^^^^^
AttributeError: 'Member' object has no attribute 'timed_out_until'
Ignoring exception in on_member_update
Traceback (most recent call last):
  File "/usr/local/lib/python3.12/site-packages/discord/client.py", line 465, in _run_event
    await coro(*args, **kwargs)
  File "/app/asu_discord/cogs/analytics.py", line 652, in on_member_update
    before_timeout = before.timed_out_until
                     ^^^^^^^^^^^^^^^^^^^^^^
AttributeError: 'Member' object has no attribute 'timed_out_until'
INFO:asu_discord.cogs.verification:Saved 5 roles to database for user anola528 (Discord ID: 1511718012494020849)
INFO:asu_discord.cogs.verification:Refreshed Salesforce roles for Discord user 1511718012494020849: -5/+5 roles, assigned=[Commited, Graduate Student, International Student, Ira A. Fulton Schools of Engineering, Polytechnic]
Ignoring exception in on_member_update
Traceback (most recent call last):
  File "/usr/local/lib/python3.12/site-packages/discord/client.py", line 465, in _run_event
    await coro(*args, **kwargs)
  File "/app/asu_discord/cogs/analytics.py", line 652, in on_member_update
    before_timeout = before.timed_out_until
                     ^^^^^^^^^^^^^^^^^^^^^^
AttributeError: 'Member' object has no attribute 'timed_out_until'
Ignoring exception in on_member_update
Traceback (most recent call last):
  File "/usr/local/lib/python3.12/site-packages/discord/client.py", line 465, in _run_event
    await coro(*args, **kwargs)
  File "/app/asu_discord/cogs/analytics.py", line 652, in on_member_update
    before_timeout = before.timed_out_until
                     ^^^^^^^^^^^^^^^^^^^^^^
AttributeError: 'Member' object has no attribute 'timed_out_until'
Ignoring exception in on_member_update
Traceback (most recent call last):
  File "/usr/local/lib/python3.12/site-packages/discord/client.py", line 465, in _run_event
    await coro(*args, **kwargs)
  File "/app/asu_discord/cogs/analytics.py", line 652, in on_member_update
    before_timeout = before.timed_out_until
                     ^^^^^^^^^^^^^^^^^^^^^^
AttributeError: 'Member' object has no attribute 'timed_out_until'
Ignoring exception in on_member_update
Traceback (most recent call last):
  File "/usr/local/lib/python3.12/site-packages/discord/client.py", line 465, in _run_event
    await coro(*args, **kwargs)
  File "/app/asu_discord/cogs/analytics.py", line 652, in on_member_update
    before_timeout = before.timed_out_until
                     ^^^^^^^^^^^^^^^^^^^^^^
AttributeError: 'Member' object has no attribute 'timed_out_until'
Ignoring exception in on_member_update
Traceback (most recent call last):
  File "/usr/local/lib/python3.12/site-packages/discord/client.py", line 465, in _run_event
    await coro(*args, **kwargs)
  File "/app/asu_discord/cogs/analytics.py", line 652, in on_member_update
    before_timeout = before.timed_out_until
                     ^^^^^^^^^^^^^^^^^^^^^^
AttributeError: 'Member' object has no attribute 'timed_out_until'
Ignoring exception in on_member_update
Traceback (most recent call last):
  File "/usr/local/lib/python3.12/site-packages/discord/client.py", line 465, in _run_event
    await coro(*args, **kwargs)
  File "/app/asu_discord/cogs/analytics.py", line 652, in on_member_update
    before_timeout = before.timed_out_until
                     ^^^^^^^^^^^^^^^^^^^^^^
AttributeError: 'Member' object has no attribute 'timed_out_until'
Ignoring exception in on_member_update
Traceback (most recent call last):
  File "/usr/local/lib/python3.12/site-packages/discord/client.py", line 465, in _run_event
    await coro(*args, **kwargs)
  File "/app/asu_discord/cogs/analytics.py", line 652, in on_member_update
    before_timeout = before.timed_out_until
                     ^^^^^^^^^^^^^^^^^^^^^^
AttributeError: 'Member' object has no attribute 'timed_out_until'
Ignoring exception in on_member_update
Traceback (most recent call last):
  File "/usr/local/lib/python3.12/site-packages/discord/client.py", line 465, in _run_event
    await coro(*args, **kwargs)
  File "/app/asu_discord/cogs/analytics.py", line 652, in on_member_update
    before_timeout = before.timed_out_until
                     ^^^^^^^^^^^^^^^^^^^^^^
AttributeError: 'Member' object has no attribute 'timed_out_until'
INFO:asu_discord.cogs.verification:Saved 4 roles to database for user mdmcfar5 (Discord ID: 1102377393680814131)
INFO:asu_discord.cogs.verification:Refreshed Salesforce roles for Discord user 1102377393680814131: -4/+4 roles, assigned=[First Year, Mary Lou Fulton Teachers College, Out of State, Tempe]
Ignoring exception in on_member_update
Traceback (most recent call last):
  File "/usr/local/lib/python3.12/site-packages/discord/client.py", line 465, in _run_event
    await coro(*args, **kwargs)
  File "/app/asu_discord/cogs/analytics.py", line 652, in on_member_update
    before_timeout = before.timed_out_until
                     ^^^^^^^^^^^^^^^^^^^^^^
AttributeError: 'Member' object has no attribute 'timed_out_until'
Ignoring exception in on_member_update
Traceback (most recent call last):
  File "/usr/local/lib/python3.12/site-packages/discord/client.py", line 465, in _run_event
    await coro(*args, **kwargs)
  File "/app/asu_discord/cogs/analytics.py", line 652, in on_member_update
    before_timeout = before.timed_out_until
                     ^^^^^^^^^^^^^^^^^^^^^^
AttributeError: 'Member' object has no attribute 'timed_out_until'
INFO:asu_discord.cogs.verification:Saved 1 roles to database for user nstierwa (Discord ID: 1441886939316748329)
INFO:asu_discord.cogs.verification:Refreshed Salesforce roles for Discord user 1441886939316748329: -1/+1 roles, assigned=[Arizona Resident]
Ignoring exception in on_member_update
Traceback (most recent call last):
  File "/usr/local/lib/python3.12/site-packages/discord/client.py", line 465, in _run_event
    await coro(*args, **kwargs)
  File "/app/asu_discord/cogs/analytics.py", line 652, in on_member_update
    before_timeout = before.timed_out_until
                     ^^^^^^^^^^^^^^^^^^^^^^
AttributeError: 'Member' object has no attribute 'timed_out_until'
Ignoring exception in on_member_update
Traceback (most recent call last):
  File "/usr/local/lib/python3.12/site-packages/discord/client.py", line 465, in _run_event
    await coro(*args, **kwargs)
  File "/app/asu_discord/cogs/analytics.py", line 652, in on_member_update
    before_timeout = before.timed_out_until
                     ^^^^^^^^^^^^^^^^^^^^^^
AttributeError: 'Member' object has no attribute 'timed_out_until'
Ignoring exception in on_member_update
Traceback (most recent call last):
  File "/usr/local/lib/python3.12/site-packages/discord/client.py", line 465, in _run_event
    await coro(*args, **kwargs)
  File "/app/asu_discord/cogs/analytics.py", line 652, in on_member_update
    before_timeout = before.timed_out_until
                     ^^^^^^^^^^^^^^^^^^^^^^
AttributeError: 'Member' object has no attribute 'timed_out_until'
Ignoring exception in on_member_update
Traceback (most recent call last):
  File "/usr/local/lib/python3.12/site-packages/discord/client.py", line 465, in _run_event
    await coro(*args, **kwargs)
  File "/app/asu_discord/cogs/analytics.py", line 652, in on_member_update
    before_timeout = before.timed_out_until
                     ^^^^^^^^^^^^^^^^^^^^^^
AttributeError: 'Member' object has no attribute 'timed_out_until'
Ignoring exception in on_member_update
Traceback (most recent call last):
  File "/usr/local/lib/python3.12/site-packages/discord/client.py", line 465, in _run_event
    await coro(*args, **kwargs)
  File "/app/asu_discord/cogs/analytics.py", line 652, in on_member_update
    before_timeout = before.timed_out_until
                     ^^^^^^^^^^^^^^^^^^^^^^
AttributeError: 'Member' object has no attribute 'timed_out_until'
Ignoring exception in on_member_update
Traceback (most recent call last):
  File "/usr/local/lib/python3.12/site-packages/discord/client.py", line 465, in _run_event
    await coro(*args, **kwargs)
  File "/app/asu_discord/cogs/analytics.py", line 652, in on_member_update
    before_timeout = before.timed_out_until
                     ^^^^^^^^^^^^^^^^^^^^^^
AttributeError: 'Member' object has no attribute 'timed_out_until'
Ignoring exception in on_member_update
Traceback (most recent call last):
  File "/usr/local/lib/python3.12/site-packages/discord/client.py", line 465, in _run_event
    await coro(*args, **kwargs)
  File "/app/asu_discord/cogs/analytics.py", line 652, in on_member_update
    before_timeout = before.timed_out_until
                     ^^^^^^^^^^^^^^^^^^^^^^
AttributeError: 'Member' object has no attribute 'timed_out_until'
Ignoring exception in on_member_update
Traceback (most recent call last):
  File "/usr/local/lib/python3.12/site-packages/discord/client.py", line 465, in _run_event
    await coro(*args, **kwargs)
  File "/app/asu_discord/cogs/analytics.py", line 652, in on_member_update
    before_timeout = before.timed_out_until
                     ^^^^^^^^^^^^^^^^^^^^^^
AttributeError: 'Member' object has no attribute 'timed_out_until'
INFO:asu_discord.cogs.verification:Saved 4 roles to database for user sreddy65 (Discord ID: 707822758708379709)
INFO:asu_discord.cogs.verification:Refreshed Salesforce roles for Discord user 707822758708379709: -4/+4 roles, assigned=[College of Liberal Arts and Sciences, Graduate Student, International Student, Tempe]
Ignoring exception in on_member_update
Traceback (most recent call last):
  File "/usr/local/lib/python3.12/site-packages/discord/client.py", line 465, in _run_event
    await coro(*args, **kwargs)
  File "/app/asu_discord/cogs/analytics.py", line 652, in on_member_update
    before_timeout = before.timed_out_until
                     ^^^^^^^^^^^^^^^^^^^^^^
AttributeError: 'Member' object has no attribute 'timed_out_until'
Ignoring exception in on_member_update
Traceback (most recent call last):
  File "/usr/local/lib/python3.12/site-packages/discord/client.py", line 465, in _run_event
    await coro(*args, **kwargs)
  File "/app/asu_discord/cogs/analytics.py", line 652, in on_member_update
    before_timeout = before.timed_out_until
                     ^^^^^^^^^^^^^^^^^^^^^^
AttributeError: 'Member' object has no attribute 'timed_out_until'
Ignoring exception in on_member_update
Traceback (most recent call last):
  File "/usr/local/lib/python3.12/site-packages/discord/client.py", line 465, in _run_event
    await coro(*args, **kwargs)
  File "/app/asu_discord/cogs/analytics.py", line 652, in on_member_update
    before_timeout = before.timed_out_until
                     ^^^^^^^^^^^^^^^^^^^^^^
AttributeError: 'Member' object has no attribute 'timed_out_until'
Ignoring exception in on_member_update
Traceback (most recent call last):
  File "/usr/local/lib/python3.12/site-packages/discord/client.py", line 465, in _run_event
    await coro(*args, **kwargs)
  File "/app/asu_discord/cogs/analytics.py", line 652, in on_member_update
    before_timeout = before.timed_out_until
                     ^^^^^^^^^^^^^^^^^^^^^^
AttributeError: 'Member' object has no attribute 'timed_out_until'
Ignoring exception in on_member_update
Traceback (most recent call last):
  File "/usr/local/lib/python3.12/site-packages/discord/client.py", line 465, in _run_event
    await coro(*args, **kwargs)
  File "/app/asu_discord/cogs/analytics.py", line 652, in on_member_update
    before_timeout = before.timed_out_until
                     ^^^^^^^^^^^^^^^^^^^^^^
AttributeError: 'Member' object has no attribute 'timed_out_until'
Ignoring exception in on_member_update
Traceback (most recent call last):
  File "/usr/local/lib/python3.12/site-packages/discord/client.py", line 465, in _run_event
    await coro(*args, **kwargs)
  File "/app/asu_discord/cogs/analytics.py", line 652, in on_member_update
    before_timeout = before.timed_out_until
                     ^^^^^^^^^^^^^^^^^^^^^^
AttributeError: 'Member' object has no attribute 'timed_out_until'
Ignoring exception in on_member_update
Traceback (most recent call last):
  File "/usr/local/lib/python3.12/site-packages/discord/client.py", line 465, in _run_event
    await coro(*args, **kwargs)
  File "/app/asu_discord/cogs/analytics.py", line 652, in on_member_update
    before_timeout = before.timed_out_until
                     ^^^^^^^^^^^^^^^^^^^^^^
AttributeError: 'Member' object has no attribute 'timed_out_until'
Ignoring exception in on_member_update
Traceback (most recent call last):
  File "/usr/local/lib/python3.12/site-packages/discord/client.py", line 465, in _run_event
    await coro(*args, **kwargs)
  File "/app/asu_discord/cogs/analytics.py", line 652, in on_member_update
    before_timeout = before.timed_out_until
                     ^^^^^^^^^^^^^^^^^^^^^^
AttributeError: 'Member' object has no attribute 'timed_out_until'
Ignoring exception in on_member_update
Traceback (most recent call last):
  File "/usr/local/lib/python3.12/site-packages/discord/client.py", line 465, in _run_event
    await coro(*args, **kwargs)
  File "/app/asu_discord/cogs/analytics.py", line 652, in on_member_update
    before_timeout = before.timed_out_until
                     ^^^^^^^^^^^^^^^^^^^^^^
AttributeError: 'Member' object has no attribute 'timed_out_until'
Ignoring exception in on_member_update
Traceback (most recent call last):
  File "/usr/local/lib/python3.12/site-packages/discord/client.py", line 465, in _run_event
    await coro(*args, **kwargs)
  File "/app/asu_discord/cogs/analytics.py", line 652, in on_member_update
    before_timeout = before.timed_out_until
                     ^^^^^^^^^^^^^^^^^^^^^^
AttributeError: 'Member' object has no attribute 'timed_out_until'
INFO:asu_discord.cogs.verification:Saved 5 roles to database for user acgalve1 (Discord ID: 714287265639170099)
INFO:asu_discord.cogs.verification:Refreshed Salesforce roles for Discord user 714287265639170099: -5/+5 roles, assigned=[Arizona Resident, College of Health Solutions, Commited, Downtown Phoenix, First Year]
Ignoring exception in on_member_update
Traceback (most recent call last):
  File "/usr/local/lib/python3.12/site-packages/discord/client.py", line 465, in _run_event
    await coro(*args, **kwargs)
  File "/app/asu_discord/cogs/analytics.py", line 652, in on_member_update
    before_timeout = before.timed_out_until
                     ^^^^^^^^^^^^^^^^^^^^^^
AttributeError: 'Member' object has no attribute 'timed_out_until'
Ignoring exception in on_member_update
Traceback (most recent call last):
  File "/usr/local/lib/python3.12/site-packages/discord/client.py", line 465, in _run_event
    await coro(*args, **kwargs)
  File "/app/asu_discord/cogs/analytics.py", line 652, in on_member_update
    before_timeout = before.timed_out_until
                     ^^^^^^^^^^^^^^^^^^^^^^
AttributeError: 'Member' object has no attribute 'timed_out_until'
Ignoring exception in on_member_update
Traceback (most recent call last):
  File "/usr/local/lib/python3.12/site-packages/discord/client.py", line 465, in _run_event
    await coro(*args, **kwargs)
  File "/app/asu_discord/cogs/analytics.py", line 652, in on_member_update
    before_timeout = before.timed_out_until
                     ^^^^^^^^^^^^^^^^^^^^^^
AttributeError: 'Member' object has no attribute 'timed_out_until'
Ignoring exception in on_member_update
Traceback (most recent call last):
  File "/usr/local/lib/python3.12/site-packages/discord/client.py", line 465, in _run_event
    await coro(*args, **kwargs)
  File "/app/asu_discord/cogs/analytics.py", line 652, in on_member_update
    before_timeout = before.timed_out_until
                     ^^^^^^^^^^^^^^^^^^^^^^
AttributeError: 'Member' object has no attribute 'timed_out_until'
Ignoring exception in on_member_update
Traceback (most recent call last):
  File "/usr/local/lib/python3.12/site-packages/discord/client.py", line 465, in _run_event
    await coro(*args, **kwargs)
  File "/app/asu_discord/cogs/analytics.py", line 652, in on_member_update
    before_timeout = before.timed_out_until
                     ^^^^^^^^^^^^^^^^^^^^^^
AttributeError: 'Member' object has no attribute 'timed_out_until'
Ignoring exception in on_member_update
Traceback (most recent call last):
  File "/usr/local/lib/python3.12/site-packages/discord/client.py", line 465, in _run_event
    await coro(*args, **kwargs)
  File "/app/asu_discord/cogs/analytics.py", line 652, in on_member_update
    before_timeout = before.timed_out_until
                     ^^^^^^^^^^^^^^^^^^^^^^
AttributeError: 'Member' object has no attribute 'timed_out_until'
Ignoring exception in on_member_update
Traceback (most recent call last):
  File "/usr/local/lib/python3.12/site-packages/discord/client.py", line 465, in _run_event
    await coro(*args, **kwargs)
  File "/app/asu_discord/cogs/analytics.py", line 652, in on_member_update
    before_timeout = before.timed_out_until
                     ^^^^^^^^^^^^^^^^^^^^^^
AttributeError: 'Member' object has no attribute 'timed_out_until'
Ignoring exception in on_member_update
Traceback (most recent call last):
  File "/usr/local/lib/python3.12/site-packages/discord/client.py", line 465, in _run_event
    await coro(*args, **kwargs)
  File "/app/asu_discord/cogs/analytics.py", line 652, in on_member_update
    before_timeout = before.timed_out_until
                     ^^^^^^^^^^^^^^^^^^^^^^
AttributeError: 'Member' object has no attribute 'timed_out_until'
Ignoring exception in on_member_update
Traceback (most recent call last):
  File "/usr/local/lib/python3.12/site-packages/discord/client.py", line 465, in _run_event
    await coro(*args, **kwargs)
  File "/app/asu_discord/cogs/analytics.py", line 652, in on_member_update
    before_timeout = before.timed_out_until
                     ^^^^^^^^^^^^^^^^^^^^^^
AttributeError: 'Member' object has no attribute 'timed_out_until'
Ignoring exception in on_member_update
Traceback (most recent call last):
  File "/usr/local/lib/python3.12/site-packages/discord/client.py", line 465, in _run_event
    await coro(*args, **kwargs)
  File "/app/asu_discord/cogs/analytics.py", line 652, in on_member_update
    before_timeout = before.timed_out_until
                     ^^^^^^^^^^^^^^^^^^^^^^
AttributeError: 'Member' object has no attribute 'timed_out_until'
INFO:asu_discord.cogs.verification:Saved 5 roles to database for user sesteige (Discord ID: 694251738781450341)
INFO:asu_discord.cogs.verification:Refreshed Salesforce roles for Discord user 694251738781450341: -5/+5 roles, assigned=[College of Health Solutions, Commited, Downtown Phoenix, First Year, Out of State]
Ignoring exception in on_member_update
Traceback (most recent call last):
  File "/usr/local/lib/python3.12/site-packages/discord/client.py", line 465, in _run_event
    await coro(*args, **kwargs)
  File "/app/asu_discord/cogs/analytics.py", line 652, in on_member_update
    before_timeout = before.timed_out_until
                     ^^^^^^^^^^^^^^^^^^^^^^
AttributeError: 'Member' object has no attribute 'timed_out_until'
Ignoring exception in on_member_update
Traceback (most recent call last):
  File "/usr/local/lib/python3.12/site-packages/discord/client.py", line 465, in _run_event
    await coro(*args, **kwargs)
  File "/app/asu_discord/cogs/analytics.py", line 652, in on_member_update
    before_timeout = before.timed_out_until
                     ^^^^^^^^^^^^^^^^^^^^^^
AttributeError: 'Member' object has no attribute 'timed_out_until'
Ignoring exception in on_member_update
Traceback (most recent call last):
  File "/usr/local/lib/python3.12/site-packages/discord/client.py", line 465, in _run_event
    await coro(*args, **kwargs)
  File "/app/asu_discord/cogs/analytics.py", line 652, in on_member_update
    before_timeout = before.timed_out_until
                     ^^^^^^^^^^^^^^^^^^^^^^
AttributeError: 'Member' object has no attribute 'timed_out_until'
Ignoring exception in on_member_update
Traceback (most recent call last):
  File "/usr/local/lib/python3.12/site-packages/discord/client.py", line 465, in _run_event
    await coro(*args, **kwargs)
  File "/app/asu_discord/cogs/analytics.py", line 652, in on_member_update
    before_timeout = before.timed_out_until
                     ^^^^^^^^^^^^^^^^^^^^^^
AttributeError: 'Member' object has no attribute 'timed_out_until'
Ignoring exception in on_member_update
Traceback (most recent call last):
  File "/usr/local/lib/python3.12/site-packages/discord/client.py", line 465, in _run_event
    await coro(*args, **kwargs)
  File "/app/asu_discord/cogs/analytics.py", line 652, in on_member_update
    before_timeout = before.timed_out_until
                     ^^^^^^^^^^^^^^^^^^^^^^
AttributeError: 'Member' object has no attribute 'timed_out_until'
Ignoring exception in on_member_update
Traceback (most recent call last):
  File "/usr/local/lib/python3.12/site-packages/discord/client.py", line 465, in _run_event
    await coro(*args, **kwargs)
  File "/app/asu_discord/cogs/analytics.py", line 652, in on_member_update
    before_timeout = before.timed_out_until
                     ^^^^^^^^^^^^^^^^^^^^^^
AttributeError: 'Member' object has no attribute 'timed_out_until'
Ignoring exception in on_member_update
Traceback (most recent call last):
  File "/usr/local/lib/python3.12/site-packages/discord/client.py", line 465, in _run_event
    await coro(*args, **kwargs)
  File "/app/asu_discord/cogs/analytics.py", line 652, in on_member_update
    before_timeout = before.timed_out_until
                     ^^^^^^^^^^^^^^^^^^^^^^
AttributeError: 'Member' object has no attribute 'timed_out_until'
Ignoring exception in on_member_update
Traceback (most recent call last):
  File "/usr/local/lib/python3.12/site-packages/discord/client.py", line 465, in _run_event
    await coro(*args, **kwargs)
  File "/app/asu_discord/cogs/analytics.py", line 652, in on_member_update
    before_timeout = before.timed_out_until
                     ^^^^^^^^^^^^^^^^^^^^^^
AttributeError: 'Member' object has no attribute 'timed_out_until'
INFO:asu_discord.cogs.verification:Saved 4 roles to database for user qagustin (Discord ID: 1438561449118011516)
INFO:asu_discord.cogs.verification:Refreshed Salesforce roles for Discord user 1438561449118011516: -4/+4 roles, assigned=[Arizona Resident, Herberger Institute for Design and the Arts, Online, Transfer Student]
Ignoring exception in on_member_update
Traceback (most recent call last):
  File "/usr/local/lib/python3.12/site-packages/discord/client.py", line 465, in _run_event
    await coro(*args, **kwargs)
  File "/app/asu_discord/cogs/analytics.py", line 652, in on_member_update
    before_timeout = before.timed_out_until
                     ^^^^^^^^^^^^^^^^^^^^^^
AttributeError: 'Member' object has no attribute 'timed_out_until'
Ignoring exception in on_member_update
Traceback (most recent call last):
  File "/usr/local/lib/python3.12/site-packages/discord/client.py", line 465, in _run_event
    await coro(*args, **kwargs)
  File "/app/asu_discord/cogs/analytics.py", line 652, in on_member_update
    before_timeout = before.timed_out_until
                     ^^^^^^^^^^^^^^^^^^^^^^
AttributeError: 'Member' object has no attribute 'timed_out_until'
Ignoring exception in on_member_update
Traceback (most recent call last):
  File "/usr/local/lib/python3.12/site-packages/discord/client.py", line 465, in _run_event
    await coro(*args, **kwargs)
  File "/app/asu_discord/cogs/analytics.py", line 652, in on_member_update
    before_timeout = before.timed_out_until
                     ^^^^^^^^^^^^^^^^^^^^^^
AttributeError: 'Member' object has no attribute 'timed_out_until'
Ignoring exception in on_member_update
Traceback (most recent call last):
  File "/usr/local/lib/python3.12/site-packages/discord/client.py", line 465, in _run_event
    await coro(*args, **kwargs)
  File "/app/asu_discord/cogs/analytics.py", line 652, in on_member_update
    before_timeout = before.timed_out_until
                     ^^^^^^^^^^^^^^^^^^^^^^
AttributeError: 'Member' object has no attribute 'timed_out_until'
Ignoring exception in on_member_update
Traceback (most recent call last):
  File "/usr/local/lib/python3.12/site-packages/discord/client.py", line 465, in _run_event
    await coro(*args, **kwargs)
  File "/app/asu_discord/cogs/analytics.py", line 652, in on_member_update
    before_timeout = before.timed_out_until
                     ^^^^^^^^^^^^^^^^^^^^^^
AttributeError: 'Member' object has no attribute 'timed_out_until'
Ignoring exception in on_member_update
Traceback (most recent call last):
  File "/usr/local/lib/python3.12/site-packages/discord/client.py", line 465, in _run_event
    await coro(*args, **kwargs)
  File "/app/asu_discord/cogs/analytics.py", line 652, in on_member_update
    before_timeout = before.timed_out_until
                     ^^^^^^^^^^^^^^^^^^^^^^
AttributeError: 'Member' object has no attribute 'timed_out_until'
Ignoring exception in on_member_update
Traceback (most recent call last):
  File "/usr/local/lib/python3.12/site-packages/discord/client.py", line 465, in _run_event
    await coro(*args, **kwargs)
  File "/app/asu_discord/cogs/analytics.py", line 652, in on_member_update
    before_timeout = before.timed_out_until
                     ^^^^^^^^^^^^^^^^^^^^^^
AttributeError: 'Member' object has no attribute 'timed_out_until'
Ignoring exception in on_member_update
Traceback (most recent call last):
  File "/usr/local/lib/python3.12/site-packages/discord/client.py", line 465, in _run_event
    await coro(*args, **kwargs)
  File "/app/asu_discord/cogs/analytics.py", line 652, in on_member_update
    before_timeout = before.timed_out_until
                     ^^^^^^^^^^^^^^^^^^^^^^
AttributeError: 'Member' object has no attribute 'timed_out_until'
Ignoring exception in on_member_update
Traceback (most recent call last):
  File "/usr/local/lib/python3.12/site-packages/discord/client.py", line 465, in _run_event
    await coro(*args, **kwargs)
  File "/app/asu_discord/cogs/analytics.py", line 652, in on_member_update
    before_timeout = before.timed_out_until
                     ^^^^^^^^^^^^^^^^^^^^^^
AttributeError: 'Member' object has no attribute 'timed_out_until'
Ignoring exception in on_member_update
Traceback (most recent call last):
  File "/usr/local/lib/python3.12/site-packages/discord/client.py", line 465, in _run_event
    await coro(*args, **kwargs)
  File "/app/asu_discord/cogs/analytics.py", line 652, in on_member_update
    before_timeout = before.timed_out_until
                     ^^^^^^^^^^^^^^^^^^^^^^
AttributeError: 'Member' object has no attribute 'timed_out_until'
INFO:asu_discord.cogs.verification:Saved 5 roles to database for user jcwhit35 (Discord ID: 527613636705910794)
INFO:asu_discord.cogs.verification:Refreshed Salesforce roles for Discord user 527613636705910794: -5/+5 roles, assigned=[Arizona Resident, Commited, First Year, Ira A. Fulton Schools of Engineering, Tempe]
Ignoring exception in on_member_update
Traceback (most recent call last):
  File "/usr/local/lib/python3.12/site-packages/discord/client.py", line 465, in _run_event
    await coro(*args, **kwargs)
  File "/app/asu_discord/cogs/analytics.py", line 652, in on_member_update
    before_timeout = before.timed_out_until
                     ^^^^^^^^^^^^^^^^^^^^^^
AttributeError: 'Member' object has no attribute 'timed_out_until'
Ignoring exception in on_member_update
Traceback (most recent call last):
  File "/usr/local/lib/python3.12/site-packages/discord/client.py", line 465, in _run_event
    await coro(*args, **kwargs)
  File "/app/asu_discord/cogs/analytics.py", line 652, in on_member_update
    before_timeout = before.timed_out_until
                     ^^^^^^^^^^^^^^^^^^^^^^
AttributeError: 'Member' object has no attribute 'timed_out_until'
Ignoring exception in on_member_update
Traceback (most recent call last):
  File "/usr/local/lib/python3.12/site-packages/discord/client.py", line 465, in _run_event
    await coro(*args, **kwargs)
  File "/app/asu_discord/cogs/analytics.py", line 652, in on_member_update
    before_timeout = before.timed_out_until
                     ^^^^^^^^^^^^^^^^^^^^^^
AttributeError: 'Member' object has no attribute 'timed_out_until'
Ignoring exception in on_member_update
Traceback (most recent call last):
  File "/usr/local/lib/python3.12/site-packages/discord/client.py", line 465, in _run_event
    await coro(*args, **kwargs)
  File "/app/asu_discord/cogs/analytics.py", line 652, in on_member_update
    before_timeout = before.timed_out_until
                     ^^^^^^^^^^^^^^^^^^^^^^
AttributeError: 'Member' object has no attribute 'timed_out_until'
Ignoring exception in on_member_update
Traceback (most recent call last):
  File "/usr/local/lib/python3.12/site-packages/discord/client.py", line 465, in _run_event
    await coro(*args, **kwargs)
  File "/app/asu_discord/cogs/analytics.py", line 652, in on_member_update
    before_timeout = before.timed_out_until
                     ^^^^^^^^^^^^^^^^^^^^^^
AttributeError: 'Member' object has no attribute 'timed_out_until'
Ignoring exception in on_member_update
Traceback (most recent call last):
  File "/usr/local/lib/python3.12/site-packages/discord/client.py", line 465, in _run_event
    await coro(*args, **kwargs)
  File "/app/asu_discord/cogs/analytics.py", line 652, in on_member_update
    before_timeout = before.timed_out_until
                     ^^^^^^^^^^^^^^^^^^^^^^
AttributeError: 'Member' object has no attribute 'timed_out_until'
Ignoring exception in on_member_update
Traceback (most recent call last):
  File "/usr/local/lib/python3.12/site-packages/discord/client.py", line 465, in _run_event
    await coro(*args, **kwargs)
  File "/app/asu_discord/cogs/analytics.py", line 652, in on_member_update
    before_timeout = before.timed_out_until
                     ^^^^^^^^^^^^^^^^^^^^^^
AttributeError: 'Member' object has no attribute 'timed_out_until'
Ignoring exception in on_member_update
Traceback (most recent call last):
  File "/usr/local/lib/python3.12/site-packages/discord/client.py", line 465, in _run_event
    await coro(*args, **kwargs)
  File "/app/asu_discord/cogs/analytics.py", line 652, in on_member_update
    before_timeout = before.timed_out_until
                     ^^^^^^^^^^^^^^^^^^^^^^
AttributeError: 'Member' object has no attribute 'timed_out_until'
Ignoring exception in on_member_update
Traceback (most recent call last):
  File "/usr/local/lib/python3.12/site-packages/discord/client.py", line 465, in _run_event
    await coro(*args, **kwargs)
  File "/app/asu_discord/cogs/analytics.py", line 652, in on_member_update
    before_timeout = before.timed_out_until
                     ^^^^^^^^^^^^^^^^^^^^^^
AttributeError: 'Member' object has no attribute 'timed_out_until'
INFO:asu_discord.cogs.verification:Saved 5 roles to database for user btdenney (Discord ID: 1388572666176213152)
INFO:asu_discord.cogs.verification:Refreshed Salesforce roles for Discord user 1388572666176213152: -4/+5 roles, assigned=[Commited, Herberger Institute for Design and the Arts, LA Center, Out of State, Transfer Student]
Ignoring exception in on_member_update
Traceback (most recent call last):
  File "/usr/local/lib/python3.12/site-packages/discord/client.py", line 465, in _run_event
    await coro(*args, **kwargs)
  File "/app/asu_discord/cogs/analytics.py", line 652, in on_member_update
    before_timeout = before.timed_out_until
                     ^^^^^^^^^^^^^^^^^^^^^^
AttributeError: 'Member' object has no attribute 'timed_out_until'
Ignoring exception in on_member_update
Traceback (most recent call last):
  File "/usr/local/lib/python3.12/site-packages/discord/client.py", line 465, in _run_event
    await coro(*args, **kwargs)
  File "/app/asu_discord/cogs/analytics.py", line 652, in on_member_update
    before_timeout = before.timed_out_until
                     ^^^^^^^^^^^^^^^^^^^^^^
AttributeError: 'Member' object has no attribute 'timed_out_until'
Ignoring exception in on_member_update
Traceback (most recent call last):
  File "/usr/local/lib/python3.12/site-packages/discord/client.py", line 465, in _run_event
    await coro(*args, **kwargs)
  File "/app/asu_discord/cogs/analytics.py", line 652, in on_member_update
    before_timeout = before.timed_out_until
                     ^^^^^^^^^^^^^^^^^^^^^^
AttributeError: 'Member' object has no attribute 'timed_out_until'
Ignoring exception in on_member_update
Traceback (most recent call last):
  File "/usr/local/lib/python3.12/site-packages/discord/client.py", line 465, in _run_event
    await coro(*args, **kwargs)
  File "/app/asu_discord/cogs/analytics.py", line 652, in on_member_update
    before_timeout = before.timed_out_until
                     ^^^^^^^^^^^^^^^^^^^^^^
AttributeError: 'Member' object has no attribute 'timed_out_until'
Ignoring exception in on_member_update
Traceback (most recent call last):
  File "/usr/local/lib/python3.12/site-packages/discord/client.py", line 465, in _run_event
    await coro(*args, **kwargs)
  File "/app/asu_discord/cogs/analytics.py", line 652, in on_member_update
    before_timeout = before.timed_out_until
                     ^^^^^^^^^^^^^^^^^^^^^^
AttributeError: 'Member' object has no attribute 'timed_out_until'
Ignoring exception in on_member_update
Traceback (most recent call last):
  File "/usr/local/lib/python3.12/site-packages/discord/client.py", line 465, in _run_event
    await coro(*args, **kwargs)
  File "/app/asu_discord/cogs/analytics.py", line 652, in on_member_update
    before_timeout = before.timed_out_until
                     ^^^^^^^^^^^^^^^^^^^^^^
AttributeError: 'Member' object has no attribute 'timed_out_until'
Ignoring exception in on_member_update
Traceback (most recent call last):
  File "/usr/local/lib/python3.12/site-packages/discord/client.py", line 465, in _run_event
    await coro(*args, **kwargs)
  File "/app/asu_discord/cogs/analytics.py", line 652, in on_member_update
    before_timeout = before.timed_out_until
                     ^^^^^^^^^^^^^^^^^^^^^^
AttributeError: 'Member' object has no attribute 'timed_out_until'
Ignoring exception in on_member_update
Traceback (most recent call last):
  File "/usr/local/lib/python3.12/site-packages/discord/client.py", line 465, in _run_event
    await coro(*args, **kwargs)
  File "/app/asu_discord/cogs/analytics.py", line 652, in on_member_update
    before_timeout = before.timed_out_until
                     ^^^^^^^^^^^^^^^^^^^^^^
AttributeError: 'Member' object has no attribute 'timed_out_until'
Ignoring exception in on_member_update
Traceback (most recent call last):
  File "/usr/local/lib/python3.12/site-packages/discord/client.py", line 465, in _run_event
    await coro(*args, **kwargs)
  File "/app/asu_discord/cogs/analytics.py", line 652, in on_member_update
    before_timeout = before.timed_out_until
                     ^^^^^^^^^^^^^^^^^^^^^^
AttributeError: 'Member' object has no attribute 'timed_out_until'
Ignoring exception in on_member_update
Traceback (most recent call last):
  File "/usr/local/lib/python3.12/site-packages/discord/client.py", line 465, in _run_event
    await coro(*args, **kwargs)
  File "/app/asu_discord/cogs/analytics.py", line 652, in on_member_update
    before_timeout = before.timed_out_until
                     ^^^^^^^^^^^^^^^^^^^^^^
AttributeError: 'Member' object has no attribute 'timed_out_until'
INFO:asu_discord.cogs.verification:Saved 5 roles to database for user dreudy (Discord ID: 623967126620733469)
INFO:asu_discord.cogs.verification:Refreshed Salesforce roles for Discord user 623967126620733469: -5/+5 roles, assigned=[Arizona Resident, College of Integrative Sciences and Arts, Commited, Downtown Phoenix, First Year]
Ignoring exception in on_member_update
Traceback (most recent call last):
  File "/usr/local/lib/python3.12/site-packages/discord/client.py", line 465, in _run_event
    await coro(*args, **kwargs)
  File "/app/asu_discord/cogs/analytics.py", line 652, in on_member_update
    before_timeout = before.timed_out_until
                     ^^^^^^^^^^^^^^^^^^^^^^
AttributeError: 'Member' object has no attribute 'timed_out_until'
Ignoring exception in on_member_update
Traceback (most recent call last):
  File "/usr/local/lib/python3.12/site-packages/discord/client.py", line 465, in _run_event
    await coro(*args, **kwargs)
  File "/app/asu_discord/cogs/analytics.py", line 652, in on_member_update
    before_timeout = before.timed_out_until
                     ^^^^^^^^^^^^^^^^^^^^^^
AttributeError: 'Member' object has no attribute 'timed_out_until'
Ignoring exception in on_member_update
Traceback (most recent call last):
  File "/usr/local/lib/python3.12/site-packages/discord/client.py", line 465, in _run_event
    await coro(*args, **kwargs)
  File "/app/asu_discord/cogs/analytics.py", line 652, in on_member_update
    before_timeout = before.timed_out_until
                     ^^^^^^^^^^^^^^^^^^^^^^
AttributeError: 'Member' object has no attribute 'timed_out_until'
Ignoring exception in on_member_update
Traceback (most recent call last):
  File "/usr/local/lib/python3.12/site-packages/discord/client.py", line 465, in _run_event
    await coro(*args, **kwargs)
  File "/app/asu_discord/cogs/analytics.py", line 652, in on_member_update
    before_timeout = before.timed_out_until
                     ^^^^^^^^^^^^^^^^^^^^^^
AttributeError: 'Member' object has no attribute 'timed_out_until'
Ignoring exception in on_member_update
Traceback (most recent call last):
  File "/usr/local/lib/python3.12/site-packages/discord/client.py", line 465, in _run_event
    await coro(*args, **kwargs)
  File "/app/asu_discord/cogs/analytics.py", line 652, in on_member_update
    before_timeout = before.timed_out_until
                     ^^^^^^^^^^^^^^^^^^^^^^
AttributeError: 'Member' object has no attribute 'timed_out_until'
Ignoring exception in on_member_update
Traceback (most recent call last):
  File "/usr/local/lib/python3.12/site-packages/discord/client.py", line 465, in _run_event
    await coro(*args, **kwargs)
  File "/app/asu_discord/cogs/analytics.py", line 652, in on_member_update
    before_timeout = before.timed_out_until
                     ^^^^^^^^^^^^^^^^^^^^^^
AttributeError: 'Member' object has no attribute 'timed_out_until'
Ignoring exception in on_member_update
Traceback (most recent call last):
  File "/usr/local/lib/python3.12/site-packages/discord/client.py", line 465, in _run_event
    await coro(*args, **kwargs)
  File "/app/asu_discord/cogs/analytics.py", line 652, in on_member_update
    before_timeout = before.timed_out_until
                     ^^^^^^^^^^^^^^^^^^^^^^
AttributeError: 'Member' object has no attribute 'timed_out_until'
Ignoring exception in on_member_update
Traceback (most recent call last):
  File "/usr/local/lib/python3.12/site-packages/discord/client.py", line 465, in _run_event
    await coro(*args, **kwargs)
  File "/app/asu_discord/cogs/analytics.py", line 652, in on_member_update
    before_timeout = before.timed_out_until
                     ^^^^^^^^^^^^^^^^^^^^^^
AttributeError: 'Member' object has no attribute 'timed_out_until'
Ignoring exception in on_member_update
Traceback (most recent call last):
  File "/usr/local/lib/python3.12/site-packages/discord/client.py", line 465, in _run_event
    await coro(*args, **kwargs)
  File "/app/asu_discord/cogs/analytics.py", line 652, in on_member_update
    before_timeout = before.timed_out_until
                     ^^^^^^^^^^^^^^^^^^^^^^
AttributeError: 'Member' object has no attribute 'timed_out_until'
Ignoring exception in on_member_update
Traceback (most recent call last):
  File "/usr/local/lib/python3.12/site-packages/discord/client.py", line 465, in _run_event
    await coro(*args, **kwargs)
  File "/app/asu_discord/cogs/analytics.py", line 652, in on_member_update
    before_timeout = before.timed_out_until
                     ^^^^^^^^^^^^^^^^^^^^^^
AttributeError: 'Member' object has no attribute 'timed_out_until'
INFO:asu_discord.cogs.verification:Saved 5 roles to database for user dmmorr15 (Discord ID: 759141232613261402)
INFO:asu_discord.cogs.verification:Refreshed Salesforce roles for Discord user 759141232613261402: -5/+5 roles, assigned=[Arizona Resident, First Generation Student, First Year, Tempe, W.P. Carey School of Business]
Ignoring exception in on_member_update
Traceback (most recent call last):
  File "/usr/local/lib/python3.12/site-packages/discord/client.py", line 465, in _run_event
    await coro(*args, **kwargs)
  File "/app/asu_discord/cogs/analytics.py", line 652, in on_member_update
    before_timeout = before.timed_out_until
                     ^^^^^^^^^^^^^^^^^^^^^^
AttributeError: 'Member' object has no attribute 'timed_out_until'
Ignoring exception in on_member_update
Traceback (most recent call last):
  File "/usr/local/lib/python3.12/site-packages/discord/client.py", line 465, in _run_event
    await coro(*args, **kwargs)
  File "/app/asu_discord/cogs/analytics.py", line 652, in on_member_update
    before_timeout = before.timed_out_until
                     ^^^^^^^^^^^^^^^^^^^^^^
AttributeError: 'Member' object has no attribute 'timed_out_until'
Ignoring exception in on_member_update
Traceback (most recent call last):
  File "/usr/local/lib/python3.12/site-packages/discord/client.py", line 465, in _run_event
    await coro(*args, **kwargs)
  File "/app/asu_discord/cogs/analytics.py", line 652, in on_member_update
    before_timeout = before.timed_out_until
                     ^^^^^^^^^^^^^^^^^^^^^^
AttributeError: 'Member' object has no attribute 'timed_out_until'
Ignoring exception in on_member_update
Traceback (most recent call last):
  File "/usr/local/lib/python3.12/site-packages/discord/client.py", line 465, in _run_event
    await coro(*args, **kwargs)
  File "/app/asu_discord/cogs/analytics.py", line 652, in on_member_update
    before_timeout = before.timed_out_until
                     ^^^^^^^^^^^^^^^^^^^^^^
AttributeError: 'Member' object has no attribute 'timed_out_until'
Ignoring exception in on_member_update
Traceback (most recent call last):
  File "/usr/local/lib/python3.12/site-packages/discord/client.py", line 465, in _run_event
    await coro(*args, **kwargs)
  File "/app/asu_discord/cogs/analytics.py", line 652, in on_member_update
    before_timeout = before.timed_out_until
                     ^^^^^^^^^^^^^^^^^^^^^^
AttributeError: 'Member' object has no attribute 'timed_out_until'
Ignoring exception in on_member_update
Traceback (most recent call last):
  File "/usr/local/lib/python3.12/site-packages/discord/client.py", line 465, in _run_event
    await coro(*args, **kwargs)
  File "/app/asu_discord/cogs/analytics.py", line 652, in on_member_update
    before_timeout = before.timed_out_until
                     ^^^^^^^^^^^^^^^^^^^^^^
AttributeError: 'Member' object has no attribute 'timed_out_until'
Ignoring exception in on_member_update
Traceback (most recent call last):
  File "/usr/local/lib/python3.12/site-packages/discord/client.py", line 465, in _run_event
    await coro(*args, **kwargs)
  File "/app/asu_discord/cogs/analytics.py", line 652, in on_member_update
    before_timeout = before.timed_out_until
                     ^^^^^^^^^^^^^^^^^^^^^^
AttributeError: 'Member' object has no attribute 'timed_out_until'
Ignoring exception in on_member_update
Traceback (most recent call last):
  File "/usr/local/lib/python3.12/site-packages/discord/client.py", line 465, in _run_event
    await coro(*args, **kwargs)
  File "/app/asu_discord/cogs/analytics.py", line 652, in on_member_update
    before_timeout = before.timed_out_until
                     ^^^^^^^^^^^^^^^^^^^^^^
AttributeError: 'Member' object has no attribute 'timed_out_until'
Ignoring exception in on_member_update
Traceback (most recent call last):
  File "/usr/local/lib/python3.12/site-packages/discord/client.py", line 465, in _run_event
    await coro(*args, **kwargs)
  File "/app/asu_discord/cogs/analytics.py", line 652, in on_member_update
    before_timeout = before.timed_out_until
                     ^^^^^^^^^^^^^^^^^^^^^^
AttributeError: 'Member' object has no attribute 'timed_out_until'
Ignoring exception in on_member_update
Traceback (most recent call last):
  File "/usr/local/lib/python3.12/site-packages/discord/client.py", line 465, in _run_event
    await coro(*args, **kwargs)
  File "/app/asu_discord/cogs/analytics.py", line 652, in on_member_update
    before_timeout = before.timed_out_until
                     ^^^^^^^^^^^^^^^^^^^^^^
AttributeError: 'Member' object has no attribute 'timed_out_until'
INFO:asu_discord.cogs.verification:Saved 5 roles to database for user honeill2 (Discord ID: 918561311636455534)
INFO:asu_discord.cogs.verification:Refreshed Salesforce roles for Discord user 918561311636455534: -5/+5 roles, assigned=[Arizona Resident, College of Liberal Arts and Sciences, First Generation Student, First Year, Tempe]
Ignoring exception in on_member_update
Traceback (most recent call last):
  File "/usr/local/lib/python3.12/site-packages/discord/client.py", line 465, in _run_event
    await coro(*args, **kwargs)
  File "/app/asu_discord/cogs/analytics.py", line 652, in on_member_update
    before_timeout = before.timed_out_until
                     ^^^^^^^^^^^^^^^^^^^^^^
AttributeError: 'Member' object has no attribute 'timed_out_until'
Ignoring exception in on_member_update
Traceback (most recent call last):
  File "/usr/local/lib/python3.12/site-packages/discord/client.py", line 465, in _run_event
    await coro(*args, **kwargs)
  File "/app/asu_discord/cogs/analytics.py", line 652, in on_member_update
    before_timeout = before.timed_out_until
                     ^^^^^^^^^^^^^^^^^^^^^^
AttributeError: 'Member' object has no attribute 'timed_out_until'
Ignoring exception in on_member_update
Traceback (most recent call last):
  File "/usr/local/lib/python3.12/site-packages/discord/client.py", line 465, in _run_event
    await coro(*args, **kwargs)
  File "/app/asu_discord/cogs/analytics.py", line 652, in on_member_update
    before_timeout = before.timed_out_until
                     ^^^^^^^^^^^^^^^^^^^^^^
AttributeError: 'Member' object has no attribute 'timed_out_until'
Ignoring exception in on_member_update
Traceback (most recent call last):
  File "/usr/local/lib/python3.12/site-packages/discord/client.py", line 465, in _run_event
    await coro(*args, **kwargs)
  File "/app/asu_discord/cogs/analytics.py", line 652, in on_member_update
    before_timeout = before.timed_out_until
                     ^^^^^^^^^^^^^^^^^^^^^^
AttributeError: 'Member' object has no attribute 'timed_out_until'
Ignoring exception in on_member_update
Traceback (most recent call last):
  File "/usr/local/lib/python3.12/site-packages/discord/client.py", line 465, in _run_event
    await coro(*args, **kwargs)
  File "/app/asu_discord/cogs/analytics.py", line 652, in on_member_update
    before_timeout = before.timed_out_until
                     ^^^^^^^^^^^^^^^^^^^^^^
AttributeError: 'Member' object has no attribute 'timed_out_until'
Ignoring exception in on_member_update
Traceback (most recent call last):
  File "/usr/local/lib/python3.12/site-packages/discord/client.py", line 465, in _run_event
    await coro(*args, **kwargs)
  File "/app/asu_discord/cogs/analytics.py", line 652, in on_member_update
    before_timeout = before.timed_out_until
                     ^^^^^^^^^^^^^^^^^^^^^^
AttributeError: 'Member' object has no attribute 'timed_out_until'
Ignoring exception in on_member_update
Traceback (most recent call last):
  File "/usr/local/lib/python3.12/site-packages/discord/client.py", line 465, in _run_event
    await coro(*args, **kwargs)
  File "/app/asu_discord/cogs/analytics.py", line 652, in on_member_update
    before_timeout = before.timed_out_until
                     ^^^^^^^^^^^^^^^^^^^^^^
AttributeError: 'Member' object has no attribute 'timed_out_until'
Ignoring exception in on_member_update
Traceback (most recent call last):
  File "/usr/local/lib/python3.12/site-packages/discord/client.py", line 465, in _run_event
    await coro(*args, **kwargs)
  File "/app/asu_discord/cogs/analytics.py", line 652, in on_member_update
    before_timeout = before.timed_out_until
                     ^^^^^^^^^^^^^^^^^^^^^^
AttributeError: 'Member' object has no attribute 'timed_out_until'
ERROR:cron.jobs:refresh_salesforce_roles: failed for emhintz (Discord ID 833360129100742706): Timed out refresh Salesforce-based roles
Ignoring exception in on_member_update
Traceback (most recent call last):
  File "/usr/local/lib/python3.12/site-packages/discord/client.py", line 465, in _run_event
    await coro(*args, **kwargs)
  File "/app/asu_discord/cogs/analytics.py", line 652, in on_member_update
    before_timeout = before.timed_out_until
                     ^^^^^^^^^^^^^^^^^^^^^^
AttributeError: 'Member' object has no attribute 'timed_out_until'
Ignoring exception in on_member_update
Traceback (most recent call last):
  File "/usr/local/lib/python3.12/site-packages/discord/client.py", line 465, in _run_event
    await coro(*args, **kwargs)
  File "/app/asu_discord/cogs/analytics.py", line 652, in on_member_update
    before_timeout = before.timed_out_until
                     ^^^^^^^^^^^^^^^^^^^^^^
AttributeError: 'Member' object has no attribute 'timed_out_until'
Ignoring exception in on_member_update
Traceback (most recent call last):
  File "/usr/local/lib/python3.12/site-packages/discord/client.py", line 465, in _run_event
    await coro(*args, **kwargs)
  File "/app/asu_discord/cogs/analytics.py", line 652, in on_member_update
    before_timeout = before.timed_out_until
                     ^^^^^^^^^^^^^^^^^^^^^^
AttributeError: 'Member' object has no attribute 'timed_out_until'
Ignoring exception in on_member_update
Traceback (most recent call last):
  File "/usr/local/lib/python3.12/site-packages/discord/client.py", line 465, in _run_event
    await coro(*args, **kwargs)
  File "/app/asu_discord/cogs/analytics.py", line 652, in on_member_update
    before_timeout = before.timed_out_until
                     ^^^^^^^^^^^^^^^^^^^^^^
AttributeError: 'Member' object has no attribute 'timed_out_until'
Ignoring exception in on_member_update
Traceback (most recent call last):
  File "/usr/local/lib/python3.12/site-packages/discord/client.py", line 465, in _run_event
    await coro(*args, **kwargs)
  File "/app/asu_discord/cogs/analytics.py", line 652, in on_member_update
    before_timeout = before.timed_out_until
                     ^^^^^^^^^^^^^^^^^^^^^^
AttributeError: 'Member' object has no attribute 'timed_out_until'
Ignoring exception in on_member_update
Traceback (most recent call last):
  File "/usr/local/lib/python3.12/site-packages/discord/client.py", line 465, in _run_event
    await coro(*args, **kwargs)
  File "/app/asu_discord/cogs/analytics.py", line 652, in on_member_update
    before_timeout = before.timed_out_until
                     ^^^^^^^^^^^^^^^^^^^^^^
AttributeError: 'Member' object has no attribute 'timed_out_until'
Ignoring exception in on_member_update
Traceback (most recent call last):
  File "/usr/local/lib/python3.12/site-packages/discord/client.py", line 465, in _run_event
    await coro(*args, **kwargs)
  File "/app/asu_discord/cogs/analytics.py", line 652, in on_member_update
    before_timeout = before.timed_out_until
                     ^^^^^^^^^^^^^^^^^^^^^^
AttributeError: 'Member' object has no attribute 'timed_out_until'
Ignoring exception in on_member_update
Traceback (most recent call last):
  File "/usr/local/lib/python3.12/site-packages/discord/client.py", line 465, in _run_event
    await coro(*args, **kwargs)
  File "/app/asu_discord/cogs/analytics.py", line 652, in on_member_update
    before_timeout = before.timed_out_until
                     ^^^^^^^^^^^^^^^^^^^^^^
AttributeError: 'Member' object has no attribute 'timed_out_until'
Ignoring exception in on_member_update
Traceback (most recent call last):
  File "/usr/local/lib/python3.12/site-packages/discord/client.py", line 465, in _run_event
    await coro(*args, **kwargs)
  File "/app/asu_discord/cogs/analytics.py", line 652, in on_member_update
    before_timeout = before.timed_out_until
                     ^^^^^^^^^^^^^^^^^^^^^^
AttributeError: 'Member' object has no attribute 'timed_out_until'
Ignoring exception in on_member_update
Traceback (most recent call last):
  File "/usr/local/lib/python3.12/site-packages/discord/client.py", line 465, in _run_event
    await coro(*args, **kwargs)
  File "/app/asu_discord/cogs/analytics.py", line 652, in on_member_update
    before_timeout = before.timed_out_until
                     ^^^^^^^^^^^^^^^^^^^^^^
AttributeError: 'Member' object has no attribute 'timed_out_until'
Ignoring exception in on_member_update
Traceback (most recent call last):
  File "/usr/local/lib/python3.12/site-packages/discord/client.py", line 465, in _run_event
    await coro(*args, **kwargs)
  File "/app/asu_discord/cogs/analytics.py", line 652, in on_member_update
    before_timeout = before.timed_out_until
                     ^^^^^^^^^^^^^^^^^^^^^^
AttributeError: 'Member' object has no attribute 'timed_out_until'
INFO:asu_discord.cogs.verification:Saved 5 roles to database for user sokoth1 (Discord ID: 1499640558111424524)
INFO:asu_discord.cogs.verification:Refreshed Salesforce roles for Discord user 1499640558111424524: -5/+5 roles, assigned=[Commited, First Year, International Student, Ira A. Fulton Schools of Engineering, Tempe]
Ignoring exception in on_member_update
Traceback (most recent call last):
  File "/usr/local/lib/python3.12/site-packages/discord/client.py", line 465, in _run_event
    await coro(*args, **kwargs)
  File "/app/asu_discord/cogs/analytics.py", line 652, in on_member_update
    before_timeout = before.timed_out_until
                     ^^^^^^^^^^^^^^^^^^^^^^
AttributeError: 'Member' object has no attribute 'timed_out_until'
Ignoring exception in on_member_update
Traceback (most recent call last):
  File "/usr/local/lib/python3.12/site-packages/discord/client.py", line 465, in _run_event
    await coro(*args, **kwargs)
  File "/app/asu_discord/cogs/analytics.py", line 652, in on_member_update
    before_timeout = before.timed_out_until
                     ^^^^^^^^^^^^^^^^^^^^^^
AttributeError: 'Member' object has no attribute 'timed_out_until'
Ignoring exception in on_member_update
Traceback (most recent call last):
  File "/usr/local/lib/python3.12/site-packages/discord/client.py", line 465, in _run_event
    await coro(*args, **kwargs)
  File "/app/asu_discord/cogs/analytics.py", line 652, in on_member_update
    before_timeout = before.timed_out_until
                     ^^^^^^^^^^^^^^^^^^^^^^
AttributeError: 'Member' object has no attribute 'timed_out_until'
Ignoring exception in on_member_update
Traceback (most recent call last):
  File "/usr/local/lib/python3.12/site-packages/discord/client.py", line 465, in _run_event
    await coro(*args, **kwargs)
  File "/app/asu_discord/cogs/analytics.py", line 652, in on_member_update
    before_timeout = before.timed_out_until
                     ^^^^^^^^^^^^^^^^^^^^^^
AttributeError: 'Member' object has no attribute 'timed_out_until'
Ignoring exception in on_member_update
Traceback (most recent call last):
  File "/usr/local/lib/python3.12/site-packages/discord/client.py", line 465, in _run_event
    await coro(*args, **kwargs)
  File "/app/asu_discord/cogs/analytics.py", line 652, in on_member_update
    before_timeout = before.timed_out_until
                     ^^^^^^^^^^^^^^^^^^^^^^
AttributeError: 'Member' object has no attribute 'timed_out_until'
Ignoring exception in on_member_update
Traceback (most recent call last):
  File "/usr/local/lib/python3.12/site-packages/discord/client.py", line 465, in _run_event
    await coro(*args, **kwargs)
  File "/app/asu_discord/cogs/analytics.py", line 652, in on_member_update
    before_timeout = before.timed_out_until
                     ^^^^^^^^^^^^^^^^^^^^^^
AttributeError: 'Member' object has no attribute 'timed_out_until'
Ignoring exception in on_member_update
Traceback (most recent call last):
  File "/usr/local/lib/python3.12/site-packages/discord/client.py", line 465, in _run_event
    await coro(*args, **kwargs)
  File "/app/asu_discord/cogs/analytics.py", line 652, in on_member_update
    before_timeout = before.timed_out_until
                     ^^^^^^^^^^^^^^^^^^^^^^
AttributeError: 'Member' object has no attribute 'timed_out_until'
Ignoring exception in on_member_update
Traceback (most recent call last):
  File "/usr/local/lib/python3.12/site-packages/discord/client.py", line 465, in _run_event
    await coro(*args, **kwargs)
  File "/app/asu_discord/cogs/analytics.py", line 652, in on_member_update
    before_timeout = before.timed_out_until
                     ^^^^^^^^^^^^^^^^^^^^^^
AttributeError: 'Member' object has no attribute 'timed_out_until'
Ignoring exception in on_member_update
Traceback (most recent call last):
  File "/usr/local/lib/python3.12/site-packages/discord/client.py", line 465, in _run_event
    await coro(*args, **kwargs)
  File "/app/asu_discord/cogs/analytics.py", line 652, in on_member_update
    before_timeout = before.timed_out_until
                     ^^^^^^^^^^^^^^^^^^^^^^
AttributeError: 'Member' object has no attribute 'timed_out_until'
Ignoring exception in on_member_update
Traceback (most recent call last):
  File "/usr/local/lib/python3.12/site-packages/discord/client.py", line 465, in _run_event
    await coro(*args, **kwargs)
  File "/app/asu_discord/cogs/analytics.py", line 652, in on_member_update
    before_timeout = before.timed_out_until
                     ^^^^^^^^^^^^^^^^^^^^^^
AttributeError: 'Member' object has no attribute 'timed_out_until'
INFO:asu_discord.cogs.verification:Saved 6 roles to database for user aimende3 (Discord ID: 1511967856747745294)
INFO:asu_discord.cogs.verification:Refreshed Salesforce roles for Discord user 1511967856747745294: -4/+6 roles, assigned=[Arizona Resident, Commited, First Generation Student, First Year, Tempe, W.P. Carey School of Business]
Ignoring exception in on_member_update
Traceback (most recent call last):
  File "/usr/local/lib/python3.12/site-packages/discord/client.py", line 465, in _run_event
    await coro(*args, **kwargs)
  File "/app/asu_discord/cogs/analytics.py", line 652, in on_member_update
    before_timeout = before.timed_out_until
                     ^^^^^^^^^^^^^^^^^^^^^^
AttributeError: 'Member' object has no attribute 'timed_out_until'
Ignoring exception in on_member_update
Traceback (most recent call last):
  File "/usr/local/lib/python3.12/site-packages/discord/client.py", line 465, in _run_event
    await coro(*args, **kwargs)
  File "/app/asu_discord/cogs/analytics.py", line 652, in on_member_update
    before_timeout = before.timed_out_until
                     ^^^^^^^^^^^^^^^^^^^^^^
AttributeError: 'Member' object has no attribute 'timed_out_until'
Ignoring exception in on_member_update
Traceback (most recent call last):
  File "/usr/local/lib/python3.12/site-packages/discord/client.py", line 465, in _run_event
    await coro(*args, **kwargs)
  File "/app/asu_discord/cogs/analytics.py", line 652, in on_member_update
    before_timeout = before.timed_out_until
                     ^^^^^^^^^^^^^^^^^^^^^^
AttributeError: 'Member' object has no attribute 'timed_out_until'
Ignoring exception in on_member_update
Traceback (most recent call last):
  File "/usr/local/lib/python3.12/site-packages/discord/client.py", line 465, in _run_event
    await coro(*args, **kwargs)
  File "/app/asu_discord/cogs/analytics.py", line 652, in on_member_update
    before_timeout = before.timed_out_until
                     ^^^^^^^^^^^^^^^^^^^^^^
AttributeError: 'Member' object has no attribute 'timed_out_until'
Ignoring exception in on_member_update
Traceback (most recent call last):
  File "/usr/local/lib/python3.12/site-packages/discord/client.py", line 465, in _run_event
    await coro(*args, **kwargs)
  File "/app/asu_discord/cogs/analytics.py", line 652, in on_member_update
    before_timeout = before.timed_out_until
                     ^^^^^^^^^^^^^^^^^^^^^^
AttributeError: 'Member' object has no attribute 'timed_out_until'
Ignoring exception in on_member_update
Traceback (most recent call last):
  File "/usr/local/lib/python3.12/site-packages/discord/client.py", line 465, in _run_event
    await coro(*args, **kwargs)
  File "/app/asu_discord/cogs/analytics.py", line 652, in on_member_update
    before_timeout = before.timed_out_until
                     ^^^^^^^^^^^^^^^^^^^^^^
AttributeError: 'Member' object has no attribute 'timed_out_until'
Ignoring exception in on_member_update
Traceback (most recent call last):
  File "/usr/local/lib/python3.12/site-packages/discord/client.py", line 465, in _run_event
    await coro(*args, **kwargs)
  File "/app/asu_discord/cogs/analytics.py", line 652, in on_member_update
    before_timeout = before.timed_out_until
                     ^^^^^^^^^^^^^^^^^^^^^^
AttributeError: 'Member' object has no attribute 'timed_out_until'
Ignoring exception in on_member_update
Traceback (most recent call last):
  File "/usr/local/lib/python3.12/site-packages/discord/client.py", line 465, in _run_event
    await coro(*args, **kwargs)
  File "/app/asu_discord/cogs/analytics.py", line 652, in on_member_update
    before_timeout = before.timed_out_until
                     ^^^^^^^^^^^^^^^^^^^^^^
AttributeError: 'Member' object has no attribute 'timed_out_until'
Ignoring exception in on_member_update
Traceback (most recent call last):
  File "/usr/local/lib/python3.12/site-packages/discord/client.py", line 465, in _run_event
    await coro(*args, **kwargs)
  File "/app/asu_discord/cogs/analytics.py", line 652, in on_member_update
    before_timeout = before.timed_out_until
                     ^^^^^^^^^^^^^^^^^^^^^^
AttributeError: 'Member' object has no attribute 'timed_out_until'
INFO:asu_discord.cogs.verification:Saved 5 roles to database for user enander8 (Discord ID: 470242029125894145)
INFO:asu_discord.cogs.verification:Refreshed Salesforce roles for Discord user 470242029125894145: -5/+4 roles, assigned=[Arizona Resident, First Generation Student, First Year, Herberger Institute for Design and the Arts, Tempe]
Ignoring exception in on_member_update
Traceback (most recent call last):
  File "/usr/local/lib/python3.12/site-packages/discord/client.py", line 465, in _run_event
    await coro(*args, **kwargs)
  File "/app/asu_discord/cogs/analytics.py", line 652, in on_member_update
    before_timeout = before.timed_out_until
                     ^^^^^^^^^^^^^^^^^^^^^^
AttributeError: 'Member' object has no attribute 'timed_out_until'
Ignoring exception in on_member_update
Traceback (most recent call last):
  File "/usr/local/lib/python3.12/site-packages/discord/client.py", line 465, in _run_event
    await coro(*args, **kwargs)
  File "/app/asu_discord/cogs/analytics.py", line 652, in on_member_update
    before_timeout = before.timed_out_until
                     ^^^^^^^^^^^^^^^^^^^^^^
AttributeError: 'Member' object has no attribute 'timed_out_until'
Ignoring exception in on_member_update
Traceback (most recent call last):
  File "/usr/local/lib/python3.12/site-packages/discord/client.py", line 465, in _run_event
    await coro(*args, **kwargs)
  File "/app/asu_discord/cogs/analytics.py", line 652, in on_member_update
    before_timeout = before.timed_out_until
                     ^^^^^^^^^^^^^^^^^^^^^^
AttributeError: 'Member' object has no attribute 'timed_out_until'
Ignoring exception in on_member_update
Traceback (most recent call last):
  File "/usr/local/lib/python3.12/site-packages/discord/client.py", line 465, in _run_event
    await coro(*args, **kwargs)
  File "/app/asu_discord/cogs/analytics.py", line 652, in on_member_update
    before_timeout = before.timed_out_until
                     ^^^^^^^^^^^^^^^^^^^^^^
AttributeError: 'Member' object has no attribute 'timed_out_until'
Ignoring exception in on_member_update
Traceback (most recent call last):
  File "/usr/local/lib/python3.12/site-packages/discord/client.py", line 465, in _run_event
    await coro(*args, **kwargs)
  File "/app/asu_discord/cogs/analytics.py", line 652, in on_member_update
    before_timeout = before.timed_out_until
                     ^^^^^^^^^^^^^^^^^^^^^^
AttributeError: 'Member' object has no attribute 'timed_out_until'
Ignoring exception in on_member_update
Traceback (most recent call last):
  File "/usr/local/lib/python3.12/site-packages/discord/client.py", line 465, in _run_event
    await coro(*args, **kwargs)
  File "/app/asu_discord/cogs/analytics.py", line 652, in on_member_update
    before_timeout = before.timed_out_until
                     ^^^^^^^^^^^^^^^^^^^^^^
AttributeError: 'Member' object has no attribute 'timed_out_until'
Ignoring exception in on_member_update
Traceback (most recent call last):
  File "/usr/local/lib/python3.12/site-packages/discord/client.py", line 465, in _run_event
    await coro(*args, **kwargs)
  File "/app/asu_discord/cogs/analytics.py", line 652, in on_member_update
    before_timeout = before.timed_out_until
                     ^^^^^^^^^^^^^^^^^^^^^^
AttributeError: 'Member' object has no attribute 'timed_out_until'
Ignoring exception in on_member_update
Traceback (most recent call last):
  File "/usr/local/lib/python3.12/site-packages/discord/client.py", line 465, in _run_event
    await coro(*args, **kwargs)
  File "/app/asu_discord/cogs/analytics.py", line 652, in on_member_update
    before_timeout = before.timed_out_until
                     ^^^^^^^^^^^^^^^^^^^^^^
AttributeError: 'Member' object has no attribute 'timed_out_until'
INFO:asu_discord.cogs.verification:Saved 4 roles to database for user cabogan (Discord ID: 1489067008019661041)
INFO:asu_discord.cogs.verification:Refreshed Salesforce roles for Discord user 1489067008019661041: -4/+4 roles, assigned=[Arizona Resident, Graduate Student, New College of Interdisciplinary Arts and Sciences, West Valley]
Ignoring exception in on_member_update
Traceback (most recent call last):
  File "/usr/local/lib/python3.12/site-packages/discord/client.py", line 465, in _run_event
    await coro(*args, **kwargs)
  File "/app/asu_discord/cogs/analytics.py", line 652, in on_member_update
    before_timeout = before.timed_out_until
                     ^^^^^^^^^^^^^^^^^^^^^^
AttributeError: 'Member' object has no attribute 'timed_out_until'
Ignoring exception in on_member_update
Traceback (most recent call last):
  File "/usr/local/lib/python3.12/site-packages/discord/client.py", line 465, in _run_event
    await coro(*args, **kwargs)
  File "/app/asu_discord/cogs/analytics.py", line 652, in on_member_update
    before_timeout = before.timed_out_until
                     ^^^^^^^^^^^^^^^^^^^^^^
AttributeError: 'Member' object has no attribute 'timed_out_until'
Ignoring exception in on_member_update
Traceback (most recent call last):
  File "/usr/local/lib/python3.12/site-packages/discord/client.py", line 465, in _run_event
    await coro(*args, **kwargs)
  File "/app/asu_discord/cogs/analytics.py", line 652, in on_member_update
    before_timeout = before.timed_out_until
                     ^^^^^^^^^^^^^^^^^^^^^^
AttributeError: 'Member' object has no attribute 'timed_out_until'
Ignoring exception in on_member_update
Traceback (most recent call last):
  File "/usr/local/lib/python3.12/site-packages/discord/client.py", line 465, in _run_event
    await coro(*args, **kwargs)
  File "/app/asu_discord/cogs/analytics.py", line 652, in on_member_update
    before_timeout = before.timed_out_until
                     ^^^^^^^^^^^^^^^^^^^^^^
AttributeError: 'Member' object has no attribute 'timed_out_until'
Ignoring exception in on_member_update
Traceback (most recent call last):
  File "/usr/local/lib/python3.12/site-packages/discord/client.py", line 465, in _run_event
    await coro(*args, **kwargs)
  File "/app/asu_discord/cogs/analytics.py", line 652, in on_member_update
    before_timeout = before.timed_out_until
                     ^^^^^^^^^^^^^^^^^^^^^^
AttributeError: 'Member' object has no attribute 'timed_out_until'
Ignoring exception in on_member_update
Traceback (most recent call last):
  File "/usr/local/lib/python3.12/site-packages/discord/client.py", line 465, in _run_event
    await coro(*args, **kwargs)
  File "/app/asu_discord/cogs/analytics.py", line 652, in on_member_update
    before_timeout = before.timed_out_until
                     ^^^^^^^^^^^^^^^^^^^^^^
AttributeError: 'Member' object has no attribute 'timed_out_until'
Ignoring exception in on_member_update
Traceback (most recent call last):
  File "/usr/local/lib/python3.12/site-packages/discord/client.py", line 465, in _run_event
    await coro(*args, **kwargs)
  File "/app/asu_discord/cogs/analytics.py", line 652, in on_member_update
    before_timeout = before.timed_out_until
                     ^^^^^^^^^^^^^^^^^^^^^^
AttributeError: 'Member' object has no attribute 'timed_out_until'
Ignoring exception in on_member_update
Traceback (most recent call last):
  File "/usr/local/lib/python3.12/site-packages/discord/client.py", line 465, in _run_event
    await coro(*args, **kwargs)
  File "/app/asu_discord/cogs/analytics.py", line 652, in on_member_update
    before_timeout = before.timed_out_until
                     ^^^^^^^^^^^^^^^^^^^^^^
AttributeError: 'Member' object has no attribute 'timed_out_until'
INFO:asu_discord.cogs.verification:Saved 4 roles to database for user gpirz (Discord ID: 1512123019454320657)
INFO:asu_discord.cogs.verification:Refreshed Salesforce roles for Discord user 1512123019454320657: -4/+4 roles, assigned=[Graduate Student, International Student, Tempe, W.P. Carey School of Business]
Ignoring exception in on_member_update
Traceback (most recent call last):
  File "/usr/local/lib/python3.12/site-packages/discord/client.py", line 465, in _run_event
    await coro(*args, **kwargs)
  File "/app/asu_discord/cogs/analytics.py", line 652, in on_member_update
    before_timeout = before.timed_out_until
                     ^^^^^^^^^^^^^^^^^^^^^^
AttributeError: 'Member' object has no attribute 'timed_out_until'
Ignoring exception in on_member_update
Traceback (most recent call last):
  File "/usr/local/lib/python3.12/site-packages/discord/client.py", line 465, in _run_event
    await coro(*args, **kwargs)
  File "/app/asu_discord/cogs/analytics.py", line 652, in on_member_update
    before_timeout = before.timed_out_until
                     ^^^^^^^^^^^^^^^^^^^^^^
AttributeError: 'Member' object has no attribute 'timed_out_until'
Ignoring exception in on_member_update
Traceback (most recent call last):
  File "/usr/local/lib/python3.12/site-packages/discord/client.py", line 465, in _run_event
    await coro(*args, **kwargs)
  File "/app/asu_discord/cogs/analytics.py", line 652, in on_member_update
    before_timeout = before.timed_out_until
                     ^^^^^^^^^^^^^^^^^^^^^^
AttributeError: 'Member' object has no attribute 'timed_out_until'
Ignoring exception in on_member_update
Traceback (most recent call last):
  File "/usr/local/lib/python3.12/site-packages/discord/client.py", line 465, in _run_event
    await coro(*args, **kwargs)
  File "/app/asu_discord/cogs/analytics.py", line 652, in on_member_update
    before_timeout = before.timed_out_until
                     ^^^^^^^^^^^^^^^^^^^^^^
AttributeError: 'Member' object has no attribute 'timed_out_until'
Ignoring exception in on_member_update
Traceback (most recent call last):
  File "/usr/local/lib/python3.12/site-packages/discord/client.py", line 465, in _run_event
    await coro(*args, **kwargs)
  File "/app/asu_discord/cogs/analytics.py", line 652, in on_member_update
    before_timeout = before.timed_out_until
                     ^^^^^^^^^^^^^^^^^^^^^^
AttributeError: 'Member' object has no attribute 'timed_out_until'
Ignoring exception in on_member_update
Traceback (most recent call last):
  File "/usr/local/lib/python3.12/site-packages/discord/client.py", line 465, in _run_event
    await coro(*args, **kwargs)
  File "/app/asu_discord/cogs/analytics.py", line 652, in on_member_update
    before_timeout = before.timed_out_until
                     ^^^^^^^^^^^^^^^^^^^^^^
AttributeError: 'Member' object has no attribute 'timed_out_until'
Ignoring exception in on_member_update
Traceback (most recent call last):
  File "/usr/local/lib/python3.12/site-packages/discord/client.py", line 465, in _run_event
    await coro(*args, **kwargs)
  File "/app/asu_discord/cogs/analytics.py", line 652, in on_member_update
    before_timeout = before.timed_out_until
                     ^^^^^^^^^^^^^^^^^^^^^^
AttributeError: 'Member' object has no attribute 'timed_out_until'
Ignoring exception in on_member_update
Traceback (most recent call last):
  File "/usr/local/lib/python3.12/site-packages/discord/client.py", line 465, in _run_event
    await coro(*args, **kwargs)
  File "/app/asu_discord/cogs/analytics.py", line 652, in on_member_update
    before_timeout = before.timed_out_until
                     ^^^^^^^^^^^^^^^^^^^^^^
AttributeError: 'Member' object has no attribute 'timed_out_until'
Ignoring exception in on_member_update
Traceback (most recent call last):
  File "/usr/local/lib/python3.12/site-packages/discord/client.py", line 465, in _run_event
    await coro(*args, **kwargs)
  File "/app/asu_discord/cogs/analytics.py", line 652, in on_member_update
    before_timeout = before.timed_out_until
                     ^^^^^^^^^^^^^^^^^^^^^^
AttributeError: 'Member' object has no attribute 'timed_out_until'
Ignoring exception in on_member_update
Traceback (most recent call last):
  File "/usr/local/lib/python3.12/site-packages/discord/client.py", line 465, in _run_event
    await coro(*args, **kwargs)
  File "/app/asu_discord/cogs/analytics.py", line 652, in on_member_update
    before_timeout = before.timed_out_until
                     ^^^^^^^^^^^^^^^^^^^^^^
AttributeError: 'Member' object has no attribute 'timed_out_until'
INFO:asu_discord.cogs.verification:Saved 5 roles to database for user gryates1 (Discord ID: 1512128500247691264)
INFO:asu_discord.cogs.verification:Refreshed Salesforce roles for Discord user 1512128500247691264: -5/+5 roles, assigned=[Commited, Downtown Phoenix, Graduate Student, Out of State, Walter Cronkite School of Journalism and Mass Communication]
Ignoring exception in on_member_update
Traceback (most recent call last):
  File "/usr/local/lib/python3.12/site-packages/discord/client.py", line 465, in _run_event
    await coro(*args, **kwargs)
  File "/app/asu_discord/cogs/analytics.py", line 652, in on_member_update
    before_timeout = before.timed_out_until
                     ^^^^^^^^^^^^^^^^^^^^^^
AttributeError: 'Member' object has no attribute 'timed_out_until'
Ignoring exception in on_member_update
Traceback (most recent call last):
  File "/usr/local/lib/python3.12/site-packages/discord/client.py", line 465, in _run_event
    await coro(*args, **kwargs)
  File "/app/asu_discord/cogs/analytics.py", line 652, in on_member_update
    before_timeout = before.timed_out_until
                     ^^^^^^^^^^^^^^^^^^^^^^
AttributeError: 'Member' object has no attribute 'timed_out_until'
Ignoring exception in on_member_update
Traceback (most recent call last):
  File "/usr/local/lib/python3.12/site-packages/discord/client.py", line 465, in _run_event
    await coro(*args, **kwargs)
  File "/app/asu_discord/cogs/analytics.py", line 652, in on_member_update
    before_timeout = before.timed_out_until
                     ^^^^^^^^^^^^^^^^^^^^^^
AttributeError: 'Member' object has no attribute 'timed_out_until'
Ignoring exception in on_member_update
Traceback (most recent call last):
  File "/usr/local/lib/python3.12/site-packages/discord/client.py", line 465, in _run_event
    await coro(*args, **kwargs)
  File "/app/asu_discord/cogs/analytics.py", line 652, in on_member_update
    before_timeout = before.timed_out_until
                     ^^^^^^^^^^^^^^^^^^^^^^
AttributeError: 'Member' object has no attribute 'timed_out_until'
Ignoring exception in on_member_update
Traceback (most recent call last):
  File "/usr/local/lib/python3.12/site-packages/discord/client.py", line 465, in _run_event
    await coro(*args, **kwargs)
  File "/app/asu_discord/cogs/analytics.py", line 652, in on_member_update
    before_timeout = before.timed_out_until
                     ^^^^^^^^^^^^^^^^^^^^^^
AttributeError: 'Member' object has no attribute 'timed_out_until'
Ignoring exception in on_member_update
Traceback (most recent call last):
  File "/usr/local/lib/python3.12/site-packages/discord/client.py", line 465, in _run_event
    await coro(*args, **kwargs)
  File "/app/asu_discord/cogs/analytics.py", line 652, in on_member_update
    before_timeout = before.timed_out_until
                     ^^^^^^^^^^^^^^^^^^^^^^
AttributeError: 'Member' object has no attribute 'timed_out_until'
Ignoring exception in on_member_update
Traceback (most recent call last):
  File "/usr/local/lib/python3.12/site-packages/discord/client.py", line 465, in _run_event
    await coro(*args, **kwargs)
  File "/app/asu_discord/cogs/analytics.py", line 652, in on_member_update
    before_timeout = before.timed_out_until
                     ^^^^^^^^^^^^^^^^^^^^^^
AttributeError: 'Member' object has no attribute 'timed_out_until'
Ignoring exception in on_member_update
Traceback (most recent call last):
  File "/usr/local/lib/python3.12/site-packages/discord/client.py", line 465, in _run_event
    await coro(*args, **kwargs)
  File "/app/asu_discord/cogs/analytics.py", line 652, in on_member_update
    before_timeout = before.timed_out_until
                     ^^^^^^^^^^^^^^^^^^^^^^
AttributeError: 'Member' object has no attribute 'timed_out_until'
Ignoring exception in on_member_update
Traceback (most recent call last):
  File "/usr/local/lib/python3.12/site-packages/discord/client.py", line 465, in _run_event
    await coro(*args, **kwargs)
  File "/app/asu_discord/cogs/analytics.py", line 652, in on_member_update
    before_timeout = before.timed_out_until
                     ^^^^^^^^^^^^^^^^^^^^^^
AttributeError: 'Member' object has no attribute 'timed_out_until'
Ignoring exception in on_member_update
Traceback (most recent call last):
  File "/usr/local/lib/python3.12/site-packages/discord/client.py", line 465, in _run_event
    await coro(*args, **kwargs)
  File "/app/asu_discord/cogs/analytics.py", line 652, in on_member_update
    before_timeout = before.timed_out_until
                     ^^^^^^^^^^^^^^^^^^^^^^
AttributeError: 'Member' object has no attribute 'timed_out_until'
Ignoring exception in on_member_update
Traceback (most recent call last):
  File "/usr/local/lib/python3.12/site-packages/discord/client.py", line 465, in _run_event
    await coro(*args, **kwargs)
  File "/app/asu_discord/cogs/analytics.py", line 652, in on_member_update
    before_timeout = before.timed_out_until
                     ^^^^^^^^^^^^^^^^^^^^^^
AttributeError: 'Member' object has no attribute 'timed_out_until'
Ignoring exception in on_member_update
Traceback (most recent call last):
  File "/usr/local/lib/python3.12/site-packages/discord/client.py", line 465, in _run_event
    await coro(*args, **kwargs)
  File "/app/asu_discord/cogs/analytics.py", line 652, in on_member_update
    before_timeout = before.timed_out_until
                     ^^^^^^^^^^^^^^^^^^^^^^
AttributeError: 'Member' object has no attribute 'timed_out_until'
Ignoring exception in on_member_update
Traceback (most recent call last):
  File "/usr/local/lib/python3.12/site-packages/discord/client.py", line 465, in _run_event
    await coro(*args, **kwargs)
  File "/app/asu_discord/cogs/analytics.py", line 652, in on_member_update
    before_timeout = before.timed_out_until
                     ^^^^^^^^^^^^^^^^^^^^^^
AttributeError: 'Member' object has no attribute 'timed_out_until'
Ignoring exception in on_member_update
Traceback (most recent call last):
  File "/usr/local/lib/python3.12/site-packages/discord/client.py", line 465, in _run_event
    await coro(*args, **kwargs)
  File "/app/asu_discord/cogs/analytics.py", line 652, in on_member_update
    before_timeout = before.timed_out_until
                     ^^^^^^^^^^^^^^^^^^^^^^
AttributeError: 'Member' object has no attribute 'timed_out_until'
INFO:asu_discord.cogs.verification:Saved 7 roles to database for user dmjarret (Discord ID: 547504560458170380)
INFO:asu_discord.cogs.verification:Refreshed Salesforce roles for Discord user 547504560458170380: -7/+7 roles, assigned=[Arizona Resident, First Generation Student, Graduate Student, Ira A. Fulton Schools of Engineering, Online, Tempe, W.P. Carey School of Business]
Ignoring exception in on_member_update
Traceback (most recent call last):
  File "/usr/local/lib/python3.12/site-packages/discord/client.py", line 465, in _run_event
    await coro(*args, **kwargs)
  File "/app/asu_discord/cogs/analytics.py", line 652, in on_member_update
    before_timeout = before.timed_out_until
                     ^^^^^^^^^^^^^^^^^^^^^^
AttributeError: 'Member' object has no attribute 'timed_out_until'
Ignoring exception in on_member_update
Traceback (most recent call last):
  File "/usr/local/lib/python3.12/site-packages/discord/client.py", line 465, in _run_event
    await coro(*args, **kwargs)
  File "/app/asu_discord/cogs/analytics.py", line 652, in on_member_update
    before_timeout = before.timed_out_until
                     ^^^^^^^^^^^^^^^^^^^^^^
AttributeError: 'Member' object has no attribute 'timed_out_until'
Ignoring exception in on_member_update
Traceback (most recent call last):
  File "/usr/local/lib/python3.12/site-packages/discord/client.py", line 465, in _run_event
    await coro(*args, **kwargs)
  File "/app/asu_discord/cogs/analytics.py", line 652, in on_member_update
    before_timeout = before.timed_out_until
                     ^^^^^^^^^^^^^^^^^^^^^^
AttributeError: 'Member' object has no attribute 'timed_out_until'
Ignoring exception in on_member_update
Traceback (most recent call last):
  File "/usr/local/lib/python3.12/site-packages/discord/client.py", line 465, in _run_event
    await coro(*args, **kwargs)
  File "/app/asu_discord/cogs/analytics.py", line 652, in on_member_update
    before_timeout = before.timed_out_until
                     ^^^^^^^^^^^^^^^^^^^^^^
AttributeError: 'Member' object has no attribute 'timed_out_until'
Ignoring exception in on_member_update
Traceback (most recent call last):
  File "/usr/local/lib/python3.12/site-packages/discord/client.py", line 465, in _run_event
    await coro(*args, **kwargs)
  File "/app/asu_discord/cogs/analytics.py", line 652, in on_member_update
    before_timeout = before.timed_out_until
                     ^^^^^^^^^^^^^^^^^^^^^^
AttributeError: 'Member' object has no attribute 'timed_out_until'
Ignoring exception in on_member_update
Traceback (most recent call last):
  File "/usr/local/lib/python3.12/site-packages/discord/client.py", line 465, in _run_event
    await coro(*args, **kwargs)
  File "/app/asu_discord/cogs/analytics.py", line 652, in on_member_update
    before_timeout = before.timed_out_until
                     ^^^^^^^^^^^^^^^^^^^^^^
AttributeError: 'Member' object has no attribute 'timed_out_until'
Ignoring exception in on_member_update
Traceback (most recent call last):
  File "/usr/local/lib/python3.12/site-packages/discord/client.py", line 465, in _run_event
    await coro(*args, **kwargs)
  File "/app/asu_discord/cogs/analytics.py", line 652, in on_member_update
    before_timeout = before.timed_out_until
                     ^^^^^^^^^^^^^^^^^^^^^^
AttributeError: 'Member' object has no attribute 'timed_out_until'
Ignoring exception in on_member_update
Traceback (most recent call last):
  File "/usr/local/lib/python3.12/site-packages/discord/client.py", line 465, in _run_event
    await coro(*args, **kwargs)
  File "/app/asu_discord/cogs/analytics.py", line 652, in on_member_update
    before_timeout = before.timed_out_until
                     ^^^^^^^^^^^^^^^^^^^^^^
AttributeError: 'Member' object has no attribute 'timed_out_until'
INFO:asu_discord.cogs.verification:Saved 4 roles to database for user haalzah5 (Discord ID: 894677580328894544)
INFO:asu_discord.cogs.verification:Refreshed Salesforce roles for Discord user 894677580328894544: -4/+4 roles, assigned=[First Year, International Student, Ira A. Fulton Schools of Engineering, Tempe]
Ignoring exception in on_member_update
Traceback (most recent call last):
  File "/usr/local/lib/python3.12/site-packages/discord/client.py", line 465, in _run_event
    await coro(*args, **kwargs)
  File "/app/asu_discord/cogs/analytics.py", line 652, in on_member_update
    before_timeout = before.timed_out_until
                     ^^^^^^^^^^^^^^^^^^^^^^
AttributeError: 'Member' object has no attribute 'timed_out_until'
Ignoring exception in on_member_update
Traceback (most recent call last):
  File "/usr/local/lib/python3.12/site-packages/discord/client.py", line 465, in _run_event
    await coro(*args, **kwargs)
  File "/app/asu_discord/cogs/analytics.py", line 652, in on_member_update
    before_timeout = before.timed_out_until
                     ^^^^^^^^^^^^^^^^^^^^^^
AttributeError: 'Member' object has no attribute 'timed_out_until'
Ignoring exception in on_member_update
Traceback (most recent call last):
  File "/usr/local/lib/python3.12/site-packages/discord/client.py", line 465, in _run_event
    await coro(*args, **kwargs)
  File "/app/asu_discord/cogs/analytics.py", line 652, in on_member_update
    before_timeout = before.timed_out_until
                     ^^^^^^^^^^^^^^^^^^^^^^
AttributeError: 'Member' object has no attribute 'timed_out_until'
Ignoring exception in on_member_update
Traceback (most recent call last):
  File "/usr/local/lib/python3.12/site-packages/discord/client.py", line 465, in _run_event
    await coro(*args, **kwargs)
  File "/app/asu_discord/cogs/analytics.py", line 652, in on_member_update
    before_timeout = before.timed_out_until
                     ^^^^^^^^^^^^^^^^^^^^^^
AttributeError: 'Member' object has no attribute 'timed_out_until'
Ignoring exception in on_member_update
Traceback (most recent call last):
  File "/usr/local/lib/python3.12/site-packages/discord/client.py", line 465, in _run_event
    await coro(*args, **kwargs)
  File "/app/asu_discord/cogs/analytics.py", line 652, in on_member_update
    before_timeout = before.timed_out_until
                     ^^^^^^^^^^^^^^^^^^^^^^
AttributeError: 'Member' object has no attribute 'timed_out_until'
Ignoring exception in on_member_update
Traceback (most recent call last):
  File "/usr/local/lib/python3.12/site-packages/discord/client.py", line 465, in _run_event
    await coro(*args, **kwargs)
  File "/app/asu_discord/cogs/analytics.py", line 652, in on_member_update
    before_timeout = before.timed_out_until
                     ^^^^^^^^^^^^^^^^^^^^^^
AttributeError: 'Member' object has no attribute 'timed_out_until'
Ignoring exception in on_member_update
Traceback (most recent call last):
  File "/usr/local/lib/python3.12/site-packages/discord/client.py", line 465, in _run_event
    await coro(*args, **kwargs)
  File "/app/asu_discord/cogs/analytics.py", line 652, in on_member_update
    before_timeout = before.timed_out_until
                     ^^^^^^^^^^^^^^^^^^^^^^
AttributeError: 'Member' object has no attribute 'timed_out_until'
Ignoring exception in on_member_update
Traceback (most recent call last):
  File "/usr/local/lib/python3.12/site-packages/discord/client.py", line 465, in _run_event
    await coro(*args, **kwargs)
  File "/app/asu_discord/cogs/analytics.py", line 652, in on_member_update
    before_timeout = before.timed_out_until
                     ^^^^^^^^^^^^^^^^^^^^^^
AttributeError: 'Member' object has no attribute 'timed_out_until'
INFO:asu_discord.cogs.verification:Saved 4 roles to database for user omauk (Discord ID: 1357482350144913651)
INFO:asu_discord.cogs.verification:Refreshed Salesforce roles for Discord user 1357482350144913651: -4/+4 roles, assigned=[Arizona Resident, Graduate Student, Online, Walter Cronkite School of Journalism and Mass Communication]
Ignoring exception in on_member_update
Traceback (most recent call last):
  File "/usr/local/lib/python3.12/site-packages/discord/client.py", line 465, in _run_event
    await coro(*args, **kwargs)
  File "/app/asu_discord/cogs/analytics.py", line 652, in on_member_update
    before_timeout = before.timed_out_until
                     ^^^^^^^^^^^^^^^^^^^^^^
AttributeError: 'Member' object has no attribute 'timed_out_until'
Ignoring exception in on_member_update
Traceback (most recent call last):
  File "/usr/local/lib/python3.12/site-packages/discord/client.py", line 465, in _run_event
    await coro(*args, **kwargs)
  File "/app/asu_discord/cogs/analytics.py", line 652, in on_member_update
    before_timeout = before.timed_out_until
                     ^^^^^^^^^^^^^^^^^^^^^^
AttributeError: 'Member' object has no attribute 'timed_out_until'
Ignoring exception in on_member_update
Traceback (most recent call last):
  File "/usr/local/lib/python3.12/site-packages/discord/client.py", line 465, in _run_event
    await coro(*args, **kwargs)
  File "/app/asu_discord/cogs/analytics.py", line 652, in on_member_update
    before_timeout = before.timed_out_until
                     ^^^^^^^^^^^^^^^^^^^^^^
AttributeError: 'Member' object has no attribute 'timed_out_until'
Ignoring exception in on_member_update
Traceback (most recent call last):
  File "/usr/local/lib/python3.12/site-packages/discord/client.py", line 465, in _run_event
    await coro(*args, **kwargs)
  File "/app/asu_discord/cogs/analytics.py", line 652, in on_member_update
    before_timeout = before.timed_out_until
                     ^^^^^^^^^^^^^^^^^^^^^^
AttributeError: 'Member' object has no attribute 'timed_out_until'
Ignoring exception in on_member_update
Traceback (most recent call last):
  File "/usr/local/lib/python3.12/site-packages/discord/client.py", line 465, in _run_event
    await coro(*args, **kwargs)
  File "/app/asu_discord/cogs/analytics.py", line 652, in on_member_update
    before_timeout = before.timed_out_until
                     ^^^^^^^^^^^^^^^^^^^^^^
AttributeError: 'Member' object has no attribute 'timed_out_until'
Ignoring exception in on_member_update
Traceback (most recent call last):
  File "/usr/local/lib/python3.12/site-packages/discord/client.py", line 465, in _run_event
    await coro(*args, **kwargs)
  File "/app/asu_discord/cogs/analytics.py", line 652, in on_member_update
    before_timeout = before.timed_out_until
                     ^^^^^^^^^^^^^^^^^^^^^^
AttributeError: 'Member' object has no attribute 'timed_out_until'
Ignoring exception in on_member_update
Traceback (most recent call last):
  File "/usr/local/lib/python3.12/site-packages/discord/client.py", line 465, in _run_event
    await coro(*args, **kwargs)
  File "/app/asu_discord/cogs/analytics.py", line 652, in on_member_update
    before_timeout = before.timed_out_until
                     ^^^^^^^^^^^^^^^^^^^^^^
AttributeError: 'Member' object has no attribute 'timed_out_until'
Ignoring exception in on_member_update
Traceback (most recent call last):
  File "/usr/local/lib/python3.12/site-packages/discord/client.py", line 465, in _run_event
    await coro(*args, **kwargs)
  File "/app/asu_discord/cogs/analytics.py", line 652, in on_member_update
    before_timeout = before.timed_out_until
                     ^^^^^^^^^^^^^^^^^^^^^^
AttributeError: 'Member' object has no attribute 'timed_out_until'
Ignoring exception in on_member_update
Traceback (most recent call last):
  File "/usr/local/lib/python3.12/site-packages/discord/client.py", line 465, in _run_event
    await coro(*args, **kwargs)
  File "/app/asu_discord/cogs/analytics.py", line 652, in on_member_update
    before_timeout = before.timed_out_until
                     ^^^^^^^^^^^^^^^^^^^^^^
AttributeError: 'Member' object has no attribute 'timed_out_until'
Ignoring exception in on_member_update
Traceback (most recent call last):
  File "/usr/local/lib/python3.12/site-packages/discord/client.py", line 465, in _run_event
    await coro(*args, **kwargs)
  File "/app/asu_discord/cogs/analytics.py", line 652, in on_member_update
    before_timeout = before.timed_out_until
                     ^^^^^^^^^^^^^^^^^^^^^^
AttributeError: 'Member' object has no attribute 'timed_out_until'
INFO:asu_discord.cogs.verification:Saved 6 roles to database for user scaldeir (Discord ID: 1286416178532712503)
INFO:asu_discord.cogs.verification:Refreshed Salesforce roles for Discord user 1286416178532712503: -5/+5 roles, assigned=[Commited, Herberger Institute for Design and the Arts, Out of State, Tempe, Transfer Student, Upperclassmen]
Ignoring exception in on_member_update
Traceback (most recent call last):
  File "/usr/local/lib/python3.12/site-packages/discord/client.py", line 465, in _run_event
    await coro(*args, **kwargs)
  File "/app/asu_discord/cogs/analytics.py", line 652, in on_member_update
    before_timeout = before.timed_out_until
                     ^^^^^^^^^^^^^^^^^^^^^^
AttributeError: 'Member' object has no attribute 'timed_out_until'
Ignoring exception in on_member_update
Traceback (most recent call last):
  File "/usr/local/lib/python3.12/site-packages/discord/client.py", line 465, in _run_event
    await coro(*args, **kwargs)
  File "/app/asu_discord/cogs/analytics.py", line 652, in on_member_update
    before_timeout = before.timed_out_until
                     ^^^^^^^^^^^^^^^^^^^^^^
AttributeError: 'Member' object has no attribute 'timed_out_until'
Ignoring exception in on_member_update
Traceback (most recent call last):
  File "/usr/local/lib/python3.12/site-packages/discord/client.py", line 465, in _run_event
    await coro(*args, **kwargs)
  File "/app/asu_discord/cogs/analytics.py", line 652, in on_member_update
    before_timeout = before.timed_out_until
                     ^^^^^^^^^^^^^^^^^^^^^^
AttributeError: 'Member' object has no attribute 'timed_out_until'
Ignoring exception in on_member_update
Traceback (most recent call last):
  File "/usr/local/lib/python3.12/site-packages/discord/client.py", line 465, in _run_event
    await coro(*args, **kwargs)
  File "/app/asu_discord/cogs/analytics.py", line 652, in on_member_update
    before_timeout = before.timed_out_until
                     ^^^^^^^^^^^^^^^^^^^^^^
AttributeError: 'Member' object has no attribute 'timed_out_until'
Ignoring exception in on_member_update
Traceback (most recent call last):
  File "/usr/local/lib/python3.12/site-packages/discord/client.py", line 465, in _run_event
    await coro(*args, **kwargs)
  File "/app/asu_discord/cogs/analytics.py", line 652, in on_member_update
    before_timeout = before.timed_out_until
                     ^^^^^^^^^^^^^^^^^^^^^^
AttributeError: 'Member' object has no attribute 'timed_out_until'
Ignoring exception in on_member_update
Traceback (most recent call last):
  File "/usr/local/lib/python3.12/site-packages/discord/client.py", line 465, in _run_event
    await coro(*args, **kwargs)
  File "/app/asu_discord/cogs/analytics.py", line 652, in on_member_update
    before_timeout = before.timed_out_until
                     ^^^^^^^^^^^^^^^^^^^^^^
AttributeError: 'Member' object has no attribute 'timed_out_until'
Ignoring exception in on_member_update
Traceback (most recent call last):
  File "/usr/local/lib/python3.12/site-packages/discord/client.py", line 465, in _run_event
    await coro(*args, **kwargs)
  File "/app/asu_discord/cogs/analytics.py", line 652, in on_member_update
    before_timeout = before.timed_out_until
                     ^^^^^^^^^^^^^^^^^^^^^^
AttributeError: 'Member' object has no attribute 'timed_out_until'
Ignoring exception in on_member_update
Traceback (most recent call last):
  File "/usr/local/lib/python3.12/site-packages/discord/client.py", line 465, in _run_event
    await coro(*args, **kwargs)
  File "/app/asu_discord/cogs/analytics.py", line 652, in on_member_update
    before_timeout = before.timed_out_until
                     ^^^^^^^^^^^^^^^^^^^^^^
AttributeError: 'Member' object has no attribute 'timed_out_until'
Ignoring exception in on_member_update
Traceback (most recent call last):
  File "/usr/local/lib/python3.12/site-packages/discord/client.py", line 465, in _run_event
    await coro(*args, **kwargs)
  File "/app/asu_discord/cogs/analytics.py", line 652, in on_member_update
    before_timeout = before.timed_out_until
                     ^^^^^^^^^^^^^^^^^^^^^^
AttributeError: 'Member' object has no attribute 'timed_out_until'
Ignoring exception in on_member_update
Traceback (most recent call last):
  File "/usr/local/lib/python3.12/site-packages/discord/client.py", line 465, in _run_event
    await coro(*args, **kwargs)
  File "/app/asu_discord/cogs/analytics.py", line 652, in on_member_update
    before_timeout = before.timed_out_until
                     ^^^^^^^^^^^^^^^^^^^^^^
AttributeError: 'Member' object has no attribute 'timed_out_until'
INFO:asu_discord.cogs.verification:Saved 5 roles to database for user dbuttafu (Discord ID: 1360841681439690875)
INFO:asu_discord.cogs.verification:Refreshed Salesforce roles for Discord user 1360841681439690875: -5/+5 roles, assigned=[Arizona Resident, College of Liberal Arts and Sciences, First Generation Student, First Year, Tempe]
ERROR:cron.jobs:refresh_salesforce_roles: failed for egreyeye (Discord ID 788502430911299584): Failed to refresh Salesforce-based roles: Discord user 788502430911299584 is not a member of the guild
Ignoring exception in on_member_update
Traceback (most recent call last):
  File "/usr/local/lib/python3.12/site-packages/discord/client.py", line 465, in _run_event
    await coro(*args, **kwargs)
  File "/app/asu_discord/cogs/analytics.py", line 652, in on_member_update
    before_timeout = before.timed_out_until
                     ^^^^^^^^^^^^^^^^^^^^^^
AttributeError: 'Member' object has no attribute 'timed_out_until'
Ignoring exception in on_member_update
Traceback (most recent call last):
  File "/usr/local/lib/python3.12/site-packages/discord/client.py", line 465, in _run_event
    await coro(*args, **kwargs)
  File "/app/asu_discord/cogs/analytics.py", line 652, in on_member_update
    before_timeout = before.timed_out_until
                     ^^^^^^^^^^^^^^^^^^^^^^
AttributeError: 'Member' object has no attribute 'timed_out_until'
Ignoring exception in on_member_update
Traceback (most recent call last):
  File "/usr/local/lib/python3.12/site-packages/discord/client.py", line 465, in _run_event
    await coro(*args, **kwargs)
  File "/app/asu_discord/cogs/analytics.py", line 652, in on_member_update
    before_timeout = before.timed_out_until
                     ^^^^^^^^^^^^^^^^^^^^^^
AttributeError: 'Member' object has no attribute 'timed_out_until'
Ignoring exception in on_member_update
Traceback (most recent call last):
  File "/usr/local/lib/python3.12/site-packages/discord/client.py", line 465, in _run_event
    await coro(*args, **kwargs)
  File "/app/asu_discord/cogs/analytics.py", line 652, in on_member_update
    before_timeout = before.timed_out_until
                     ^^^^^^^^^^^^^^^^^^^^^^
AttributeError: 'Member' object has no attribute 'timed_out_until'
Ignoring exception in on_member_update
Traceback (most recent call last):
  File "/usr/local/lib/python3.12/site-packages/discord/client.py", line 465, in _run_event
    await coro(*args, **kwargs)
  File "/app/asu_discord/cogs/analytics.py", line 652, in on_member_update
    before_timeout = before.timed_out_until
                     ^^^^^^^^^^^^^^^^^^^^^^
AttributeError: 'Member' object has no attribute 'timed_out_until'
Ignoring exception in on_member_update
Traceback (most recent call last):
  File "/usr/local/lib/python3.12/site-packages/discord/client.py", line 465, in _run_event
    await coro(*args, **kwargs)
  File "/app/asu_discord/cogs/analytics.py", line 652, in on_member_update
    before_timeout = before.timed_out_until
                     ^^^^^^^^^^^^^^^^^^^^^^
AttributeError: 'Member' object has no attribute 'timed_out_until'
Ignoring exception in on_member_update
Traceback (most recent call last):
  File "/usr/local/lib/python3.12/site-packages/discord/client.py", line 465, in _run_event
    await coro(*args, **kwargs)
  File "/app/asu_discord/cogs/analytics.py", line 652, in on_member_update
    before_timeout = before.timed_out_until
                     ^^^^^^^^^^^^^^^^^^^^^^
AttributeError: 'Member' object has no attribute 'timed_out_until'
Ignoring exception in on_member_update
Traceback (most recent call last):
  File "/usr/local/lib/python3.12/site-packages/discord/client.py", line 465, in _run_event
    await coro(*args, **kwargs)
  File "/app/asu_discord/cogs/analytics.py", line 652, in on_member_update
    before_timeout = before.timed_out_until
                     ^^^^^^^^^^^^^^^^^^^^^^
AttributeError: 'Member' object has no attribute 'timed_out_until'
Ignoring exception in on_member_update
Traceback (most recent call last):
  File "/usr/local/lib/python3.12/site-packages/discord/client.py", line 465, in _run_event
    await coro(*args, **kwargs)
  File "/app/asu_discord/cogs/analytics.py", line 652, in on_member_update
    before_timeout = before.timed_out_until
                     ^^^^^^^^^^^^^^^^^^^^^^
AttributeError: 'Member' object has no attribute 'timed_out_until'
Ignoring exception in on_member_update
Traceback (most recent call last):
  File "/usr/local/lib/python3.12/site-packages/discord/client.py", line 465, in _run_event
    await coro(*args, **kwargs)
  File "/app/asu_discord/cogs/analytics.py", line 652, in on_member_update
    before_timeout = before.timed_out_until
                     ^^^^^^^^^^^^^^^^^^^^^^
AttributeError: 'Member' object has no attribute 'timed_out_until'
Ignoring exception in on_member_update
Traceback (most recent call last):
  File "/usr/local/lib/python3.12/site-packages/discord/client.py", line 465, in _run_event
    await coro(*args, **kwargs)
  File "/app/asu_discord/cogs/analytics.py", line 652, in on_member_update
    before_timeout = before.timed_out_until
                     ^^^^^^^^^^^^^^^^^^^^^^
AttributeError: 'Member' object has no attribute 'timed_out_until'
INFO:asu_discord.cogs.verification:Saved 7 roles to database for user brbohonk (Discord ID: 694387852301172807)
INFO:asu_discord.cogs.verification:Refreshed Salesforce roles for Discord user 694387852301172807: -4/+7 roles, assigned=[Arizona Resident, Commited, First Generation Student, Tempe, Transfer Student, Upperclassmen, W.P. Carey School of Business]
Ignoring exception in on_member_update
Traceback (most recent call last):
  File "/usr/local/lib/python3.12/site-packages/discord/client.py", line 465, in _run_event
    await coro(*args, **kwargs)
  File "/app/asu_discord/cogs/analytics.py", line 652, in on_member_update
    before_timeout = before.timed_out_until
                     ^^^^^^^^^^^^^^^^^^^^^^
AttributeError: 'Member' object has no attribute 'timed_out_until'
Ignoring exception in on_member_update
Traceback (most recent call last):
  File "/usr/local/lib/python3.12/site-packages/discord/client.py", line 465, in _run_event
    await coro(*args, **kwargs)
  File "/app/asu_discord/cogs/analytics.py", line 652, in on_member_update
    before_timeout = before.timed_out_until
                     ^^^^^^^^^^^^^^^^^^^^^^
AttributeError: 'Member' object has no attribute 'timed_out_until'
Ignoring exception in on_member_update
Traceback (most recent call last):
  File "/usr/local/lib/python3.12/site-packages/discord/client.py", line 465, in _run_event
    await coro(*args, **kwargs)
  File "/app/asu_discord/cogs/analytics.py", line 652, in on_member_update
    before_timeout = before.timed_out_until
                     ^^^^^^^^^^^^^^^^^^^^^^
AttributeError: 'Member' object has no attribute 'timed_out_until'
Ignoring exception in on_member_update
Traceback (most recent call last):
  File "/usr/local/lib/python3.12/site-packages/discord/client.py", line 465, in _run_event
    await coro(*args, **kwargs)
  File "/app/asu_discord/cogs/analytics.py", line 652, in on_member_update
    before_timeout = before.timed_out_until
                     ^^^^^^^^^^^^^^^^^^^^^^
AttributeError: 'Member' object has no attribute 'timed_out_until'
Ignoring exception in on_member_update
Traceback (most recent call last):
  File "/usr/local/lib/python3.12/site-packages/discord/client.py", line 465, in _run_event
    await coro(*args, **kwargs)
  File "/app/asu_discord/cogs/analytics.py", line 652, in on_member_update
    before_timeout = before.timed_out_until
                     ^^^^^^^^^^^^^^^^^^^^^^
AttributeError: 'Member' object has no attribute 'timed_out_until'
Ignoring exception in on_member_update
Traceback (most recent call last):
  File "/usr/local/lib/python3.12/site-packages/discord/client.py", line 465, in _run_event
    await coro(*args, **kwargs)
  File "/app/asu_discord/cogs/analytics.py", line 652, in on_member_update
    before_timeout = before.timed_out_until
                     ^^^^^^^^^^^^^^^^^^^^^^
AttributeError: 'Member' object has no attribute 'timed_out_until'
Ignoring exception in on_member_update
Traceback (most recent call last):
  File "/usr/local/lib/python3.12/site-packages/discord/client.py", line 465, in _run_event
    await coro(*args, **kwargs)
  File "/app/asu_discord/cogs/analytics.py", line 652, in on_member_update
    before_timeout = before.timed_out_until
                     ^^^^^^^^^^^^^^^^^^^^^^
AttributeError: 'Member' object has no attribute 'timed_out_until'
INFO:asu_discord.cogs.verification:Saved 4 roles to database for user dmarinov (Discord ID: 364394299212955649)
INFO:asu_discord.cogs.verification:Refreshed Salesforce roles for Discord user 364394299212955649: -3/+4 roles, assigned=[First Year, International Student, Tempe, W.P. Carey School of Business]
Ignoring exception in on_member_update
Traceback (most recent call last):
  File "/usr/local/lib/python3.12/site-packages/discord/client.py", line 465, in _run_event
    await coro(*args, **kwargs)
  File "/app/asu_discord/cogs/analytics.py", line 652, in on_member_update
    before_timeout = before.timed_out_until
                     ^^^^^^^^^^^^^^^^^^^^^^
AttributeError: 'Member' object has no attribute 'timed_out_until'
Ignoring exception in on_member_update
Traceback (most recent call last):
  File "/usr/local/lib/python3.12/site-packages/discord/client.py", line 465, in _run_event
    await coro(*args, **kwargs)
  File "/app/asu_discord/cogs/analytics.py", line 652, in on_member_update
    before_timeout = before.timed_out_until
                     ^^^^^^^^^^^^^^^^^^^^^^
AttributeError: 'Member' object has no attribute 'timed_out_until'
Ignoring exception in on_member_update
Traceback (most recent call last):
  File "/usr/local/lib/python3.12/site-packages/discord/client.py", line 465, in _run_event
    await coro(*args, **kwargs)
  File "/app/asu_discord/cogs/analytics.py", line 652, in on_member_update
    before_timeout = before.timed_out_until
                     ^^^^^^^^^^^^^^^^^^^^^^
AttributeError: 'Member' object has no attribute 'timed_out_until'
Ignoring exception in on_member_update
Traceback (most recent call last):
  File "/usr/local/lib/python3.12/site-packages/discord/client.py", line 465, in _run_event
    await coro(*args, **kwargs)
  File "/app/asu_discord/cogs/analytics.py", line 652, in on_member_update
    before_timeout = before.timed_out_until
                     ^^^^^^^^^^^^^^^^^^^^^^
AttributeError: 'Member' object has no attribute 'timed_out_until'
Ignoring exception in on_member_update
Traceback (most recent call last):
  File "/usr/local/lib/python3.12/site-packages/discord/client.py", line 465, in _run_event
    await coro(*args, **kwargs)
  File "/app/asu_discord/cogs/analytics.py", line 652, in on_member_update
    before_timeout = before.timed_out_until
                     ^^^^^^^^^^^^^^^^^^^^^^
AttributeError: 'Member' object has no attribute 'timed_out_until'
Ignoring exception in on_member_update
Traceback (most recent call last):
  File "/usr/local/lib/python3.12/site-packages/discord/client.py", line 465, in _run_event
    await coro(*args, **kwargs)
  File "/app/asu_discord/cogs/analytics.py", line 652, in on_member_update
    before_timeout = before.timed_out_until
                     ^^^^^^^^^^^^^^^^^^^^^^
AttributeError: 'Member' object has no attribute 'timed_out_until'
Ignoring exception in on_member_update
Traceback (most recent call last):
  File "/usr/local/lib/python3.12/site-packages/discord/client.py", line 465, in _run_event
    await coro(*args, **kwargs)
  File "/app/asu_discord/cogs/analytics.py", line 652, in on_member_update
    before_timeout = before.timed_out_until
                     ^^^^^^^^^^^^^^^^^^^^^^
AttributeError: 'Member' object has no attribute 'timed_out_until'
Ignoring exception in on_member_update
Traceback (most recent call last):
  File "/usr/local/lib/python3.12/site-packages/discord/client.py", line 465, in _run_event
    await coro(*args, **kwargs)
  File "/app/asu_discord/cogs/analytics.py", line 652, in on_member_update
    before_timeout = before.timed_out_until
                     ^^^^^^^^^^^^^^^^^^^^^^
AttributeError: 'Member' object has no attribute 'timed_out_until'
Ignoring exception in on_member_update
Traceback (most recent call last):
  File "/usr/local/lib/python3.12/site-packages/discord/client.py", line 465, in _run_event
    await coro(*args, **kwargs)
  File "/app/asu_discord/cogs/analytics.py", line 652, in on_member_update
    before_timeout = before.timed_out_until
                     ^^^^^^^^^^^^^^^^^^^^^^
AttributeError: 'Member' object has no attribute 'timed_out_until'
INFO:asu_discord.cogs.verification:Saved 5 roles to database for user dbolson (Discord ID: 331565137305665547)
INFO:asu_discord.cogs.verification:Refreshed Salesforce roles for Discord user 331565137305665547: -4/+5 roles, assigned=[Arizona Resident, Commited, First Year, Herberger Institute for Design and the Arts, Tempe]
Ignoring exception in on_member_update
Traceback (most recent call last):
  File "/usr/local/lib/python3.12/site-packages/discord/client.py", line 465, in _run_event
    await coro(*args, **kwargs)
  File "/app/asu_discord/cogs/analytics.py", line 652, in on_member_update
    before_timeout = before.timed_out_until
                     ^^^^^^^^^^^^^^^^^^^^^^
AttributeError: 'Member' object has no attribute 'timed_out_until'
Ignoring exception in on_member_update
Traceback (most recent call last):
  File "/usr/local/lib/python3.12/site-packages/discord/client.py", line 465, in _run_event
    await coro(*args, **kwargs)
  File "/app/asu_discord/cogs/analytics.py", line 652, in on_member_update
    before_timeout = before.timed_out_until
                     ^^^^^^^^^^^^^^^^^^^^^^
AttributeError: 'Member' object has no attribute 'timed_out_until'
Ignoring exception in on_member_update
Traceback (most recent call last):
  File "/usr/local/lib/python3.12/site-packages/discord/client.py", line 465, in _run_event
    await coro(*args, **kwargs)
  File "/app/asu_discord/cogs/analytics.py", line 652, in on_member_update
    before_timeout = before.timed_out_until
                     ^^^^^^^^^^^^^^^^^^^^^^
AttributeError: 'Member' object has no attribute 'timed_out_until'
Ignoring exception in on_member_update
Traceback (most recent call last):
  File "/usr/local/lib/python3.12/site-packages/discord/client.py", line 465, in _run_event
    await coro(*args, **kwargs)
  File "/app/asu_discord/cogs/analytics.py", line 652, in on_member_update
    before_timeout = before.timed_out_until
                     ^^^^^^^^^^^^^^^^^^^^^^
AttributeError: 'Member' object has no attribute 'timed_out_until'
Ignoring exception in on_member_update
Traceback (most recent call last):
  File "/usr/local/lib/python3.12/site-packages/discord/client.py", line 465, in _run_event
    await coro(*args, **kwargs)
  File "/app/asu_discord/cogs/analytics.py", line 652, in on_member_update
    before_timeout = before.timed_out_until
                     ^^^^^^^^^^^^^^^^^^^^^^
AttributeError: 'Member' object has no attribute 'timed_out_until'
Ignoring exception in on_member_update
Traceback (most recent call last):
  File "/usr/local/lib/python3.12/site-packages/discord/client.py", line 465, in _run_event
    await coro(*args, **kwargs)
  File "/app/asu_discord/cogs/analytics.py", line 652, in on_member_update
    before_timeout = before.timed_out_until
                     ^^^^^^^^^^^^^^^^^^^^^^
AttributeError: 'Member' object has no attribute 'timed_out_until'
Ignoring exception in on_member_update
Traceback (most recent call last):
  File "/usr/local/lib/python3.12/site-packages/discord/client.py", line 465, in _run_event
    await coro(*args, **kwargs)
  File "/app/asu_discord/cogs/analytics.py", line 652, in on_member_update
    before_timeout = before.timed_out_until
                     ^^^^^^^^^^^^^^^^^^^^^^
AttributeError: 'Member' object has no attribute 'timed_out_until'
Ignoring exception in on_member_update
Traceback (most recent call last):
  File "/usr/local/lib/python3.12/site-packages/discord/client.py", line 465, in _run_event
    await coro(*args, **kwargs)
  File "/app/asu_discord/cogs/analytics.py", line 652, in on_member_update
    before_timeout = before.timed_out_until
                     ^^^^^^^^^^^^^^^^^^^^^^
AttributeError: 'Member' object has no attribute 'timed_out_until'
Ignoring exception in on_member_update
Traceback (most recent call last):
  File "/usr/local/lib/python3.12/site-packages/discord/client.py", line 465, in _run_event
    await coro(*args, **kwargs)
  File "/app/asu_discord/cogs/analytics.py", line 652, in on_member_update
    before_timeout = before.timed_out_until
                     ^^^^^^^^^^^^^^^^^^^^^^
AttributeError: 'Member' object has no attribute 'timed_out_until'
Ignoring exception in on_member_update
Traceback (most recent call last):
  File "/usr/local/lib/python3.12/site-packages/discord/client.py", line 465, in _run_event
    await coro(*args, **kwargs)
  File "/app/asu_discord/cogs/analytics.py", line 652, in on_member_update
    before_timeout = before.timed_out_until
                     ^^^^^^^^^^^^^^^^^^^^^^
AttributeError: 'Member' object has no attribute 'timed_out_until'
INFO:asu_discord.cogs.verification:Saved 5 roles to database for user rsmit302 (Discord ID: 767226560247234590)
INFO:asu_discord.cogs.verification:Refreshed Salesforce roles for Discord user 767226560247234590: -5/+5 roles, assigned=[Arizona Resident, Commited, First Year, Tempe, W.P. Carey School of Business]
Ignoring exception in on_member_update
Traceback (most recent call last):
  File "/usr/local/lib/python3.12/site-packages/discord/client.py", line 465, in _run_event
    await coro(*args, **kwargs)
  File "/app/asu_discord/cogs/analytics.py", line 652, in on_member_update
    before_timeout = before.timed_out_until
                     ^^^^^^^^^^^^^^^^^^^^^^
AttributeError: 'Member' object has no attribute 'timed_out_until'
Ignoring exception in on_member_update
Traceback (most recent call last):
  File "/usr/local/lib/python3.12/site-packages/discord/client.py", line 465, in _run_event
    await coro(*args, **kwargs)
  File "/app/asu_discord/cogs/analytics.py", line 652, in on_member_update
    before_timeout = before.timed_out_until
                     ^^^^^^^^^^^^^^^^^^^^^^
AttributeError: 'Member' object has no attribute 'timed_out_until'
Ignoring exception in on_member_update
Traceback (most recent call last):
  File "/usr/local/lib/python3.12/site-packages/discord/client.py", line 465, in _run_event
    await coro(*args, **kwargs)
  File "/app/asu_discord/cogs/analytics.py", line 652, in on_member_update
    before_timeout = before.timed_out_until
                     ^^^^^^^^^^^^^^^^^^^^^^
AttributeError: 'Member' object has no attribute 'timed_out_until'
Ignoring exception in on_member_update
Traceback (most recent call last):
  File "/usr/local/lib/python3.12/site-packages/discord/client.py", line 465, in _run_event
    await coro(*args, **kwargs)
  File "/app/asu_discord/cogs/analytics.py", line 652, in on_member_update
    before_timeout = before.timed_out_until
                     ^^^^^^^^^^^^^^^^^^^^^^
AttributeError: 'Member' object has no attribute 'timed_out_until'
Ignoring exception in on_member_update
Traceback (most recent call last):
  File "/usr/local/lib/python3.12/site-packages/discord/client.py", line 465, in _run_event
    await coro(*args, **kwargs)
  File "/app/asu_discord/cogs/analytics.py", line 652, in on_member_update
    before_timeout = before.timed_out_until
                     ^^^^^^^^^^^^^^^^^^^^^^
AttributeError: 'Member' object has no attribute 'timed_out_until'
Ignoring exception in on_member_update
Traceback (most recent call last):
  File "/usr/local/lib/python3.12/site-packages/discord/client.py", line 465, in _run_event
    await coro(*args, **kwargs)
  File "/app/asu_discord/cogs/analytics.py", line 652, in on_member_update
    before_timeout = before.timed_out_until
                     ^^^^^^^^^^^^^^^^^^^^^^
AttributeError: 'Member' object has no attribute 'timed_out_until'
Ignoring exception in on_member_update
Traceback (most recent call last):
  File "/usr/local/lib/python3.12/site-packages/discord/client.py", line 465, in _run_event
    await coro(*args, **kwargs)
  File "/app/asu_discord/cogs/analytics.py", line 652, in on_member_update
    before_timeout = before.timed_out_until
                     ^^^^^^^^^^^^^^^^^^^^^^
AttributeError: 'Member' object has no attribute 'timed_out_until'
Ignoring exception in on_member_update
Traceback (most recent call last):
  File "/usr/local/lib/python3.12/site-packages/discord/client.py", line 465, in _run_event
    await coro(*args, **kwargs)
  File "/app/asu_discord/cogs/analytics.py", line 652, in on_member_update
    before_timeout = before.timed_out_until
                     ^^^^^^^^^^^^^^^^^^^^^^
AttributeError: 'Member' object has no attribute 'timed_out_until'
Ignoring exception in on_member_update
Traceback (most recent call last):
  File "/usr/local/lib/python3.12/site-packages/discord/client.py", line 465, in _run_event
    await coro(*args, **kwargs)
  File "/app/asu_discord/cogs/analytics.py", line 652, in on_member_update
    before_timeout = before.timed_out_until
                     ^^^^^^^^^^^^^^^^^^^^^^
AttributeError: 'Member' object has no attribute 'timed_out_until'
Ignoring exception in on_member_update
Traceback (most recent call last):
  File "/usr/local/lib/python3.12/site-packages/discord/client.py", line 465, in _run_event
    await coro(*args, **kwargs)
  File "/app/asu_discord/cogs/analytics.py", line 652, in on_member_update
    before_timeout = before.timed_out_until
                     ^^^^^^^^^^^^^^^^^^^^^^
AttributeError: 'Member' object has no attribute 'timed_out_until'
INFO:asu_discord.cogs.verification:Saved 5 roles to database for user mhunteri (Discord ID: 1127126751441596466)
INFO:asu_discord.cogs.verification:Refreshed Salesforce roles for Discord user 1127126751441596466: -5/+5 roles, assigned=[Commited, Downtown Phoenix, First Year, Herberger Institute for Design and the Arts, Out of State]
Ignoring exception in on_member_update
Traceback (most recent call last):
  File "/usr/local/lib/python3.12/site-packages/discord/client.py", line 465, in _run_event
    await coro(*args, **kwargs)
  File "/app/asu_discord/cogs/analytics.py", line 652, in on_member_update
    before_timeout = before.timed_out_until
                     ^^^^^^^^^^^^^^^^^^^^^^
AttributeError: 'Member' object has no attribute 'timed_out_until'
Ignoring exception in on_member_update
Traceback (most recent call last):
  File "/usr/local/lib/python3.12/site-packages/discord/client.py", line 465, in _run_event
    await coro(*args, **kwargs)
  File "/app/asu_discord/cogs/analytics.py", line 652, in on_member_update
    before_timeout = before.timed_out_until
                     ^^^^^^^^^^^^^^^^^^^^^^
AttributeError: 'Member' object has no attribute 'timed_out_until'
Ignoring exception in on_member_update
Traceback (most recent call last):
  File "/usr/local/lib/python3.12/site-packages/discord/client.py", line 465, in _run_event
    await coro(*args, **kwargs)
  File "/app/asu_discord/cogs/analytics.py", line 652, in on_member_update
    before_timeout = before.timed_out_until
                     ^^^^^^^^^^^^^^^^^^^^^^
AttributeError: 'Member' object has no attribute 'timed_out_until'
Ignoring exception in on_member_update
Traceback (most recent call last):
  File "/usr/local/lib/python3.12/site-packages/discord/client.py", line 465, in _run_event
    await coro(*args, **kwargs)
  File "/app/asu_discord/cogs/analytics.py", line 652, in on_member_update
    before_timeout = before.timed_out_until
                     ^^^^^^^^^^^^^^^^^^^^^^
AttributeError: 'Member' object has no attribute 'timed_out_until'
Ignoring exception in on_member_update
Traceback (most recent call last):
  File "/usr/local/lib/python3.12/site-packages/discord/client.py", line 465, in _run_event
    await coro(*args, **kwargs)
  File "/app/asu_discord/cogs/analytics.py", line 652, in on_member_update
    before_timeout = before.timed_out_until
                     ^^^^^^^^^^^^^^^^^^^^^^
AttributeError: 'Member' object has no attribute 'timed_out_until'
Ignoring exception in on_member_update
Traceback (most recent call last):
  File "/usr/local/lib/python3.12/site-packages/discord/client.py", line 465, in _run_event
    await coro(*args, **kwargs)
  File "/app/asu_discord/cogs/analytics.py", line 652, in on_member_update
    before_timeout = before.timed_out_until
                     ^^^^^^^^^^^^^^^^^^^^^^
AttributeError: 'Member' object has no attribute 'timed_out_until'
Ignoring exception in on_member_update
Traceback (most recent call last):
  File "/usr/local/lib/python3.12/site-packages/discord/client.py", line 465, in _run_event
    await coro(*args, **kwargs)
  File "/app/asu_discord/cogs/analytics.py", line 652, in on_member_update
    before_timeout = before.timed_out_until
                     ^^^^^^^^^^^^^^^^^^^^^^
AttributeError: 'Member' object has no attribute 'timed_out_until'
Ignoring exception in on_member_update
Traceback (most recent call last):
  File "/usr/local/lib/python3.12/site-packages/discord/client.py", line 465, in _run_event
    await coro(*args, **kwargs)
  File "/app/asu_discord/cogs/analytics.py", line 652, in on_member_update
    before_timeout = before.timed_out_until
                     ^^^^^^^^^^^^^^^^^^^^^^
AttributeError: 'Member' object has no attribute 'timed_out_until'
INFO:asu_discord.cogs.verification:Saved 4 roles to database for user szlungye (Discord ID: 943359520397217874)
INFO:asu_discord.cogs.verification:Refreshed Salesforce roles for Discord user 943359520397217874: -4/+4 roles, assigned=[Graduate Student, International Student, W.P. Carey School of Business, West Valley]
Ignoring exception in on_member_update
Traceback (most recent call last):
  File "/usr/local/lib/python3.12/site-packages/discord/client.py", line 465, in _run_event
    await coro(*args, **kwargs)
  File "/app/asu_discord/cogs/analytics.py", line 652, in on_member_update
    before_timeout = before.timed_out_until
                     ^^^^^^^^^^^^^^^^^^^^^^
AttributeError: 'Member' object has no attribute 'timed_out_until'
Ignoring exception in on_member_update
Traceback (most recent call last):
  File "/usr/local/lib/python3.12/site-packages/discord/client.py", line 465, in _run_event
    await coro(*args, **kwargs)
  File "/app/asu_discord/cogs/analytics.py", line 652, in on_member_update
    before_timeout = before.timed_out_until
                     ^^^^^^^^^^^^^^^^^^^^^^
AttributeError: 'Member' object has no attribute 'timed_out_until'
Ignoring exception in on_member_update
Traceback (most recent call last):
  File "/usr/local/lib/python3.12/site-packages/discord/client.py", line 465, in _run_event
    await coro(*args, **kwargs)
  File "/app/asu_discord/cogs/analytics.py", line 652, in on_member_update
    before_timeout = before.timed_out_until
                     ^^^^^^^^^^^^^^^^^^^^^^
AttributeError: 'Member' object has no attribute 'timed_out_until'
Ignoring exception in on_member_update
Traceback (most recent call last):
  File "/usr/local/lib/python3.12/site-packages/discord/client.py", line 465, in _run_event
    await coro(*args, **kwargs)
  File "/app/asu_discord/cogs/analytics.py", line 652, in on_member_update
    before_timeout = before.timed_out_until
                     ^^^^^^^^^^^^^^^^^^^^^^
AttributeError: 'Member' object has no attribute 'timed_out_until'
Ignoring exception in on_member_update
Traceback (most recent call last):
  File "/usr/local/lib/python3.12/site-packages/discord/client.py", line 465, in _run_event
    await coro(*args, **kwargs)
  File "/app/asu_discord/cogs/analytics.py", line 652, in on_member_update
    before_timeout = before.timed_out_until
                     ^^^^^^^^^^^^^^^^^^^^^^
AttributeError: 'Member' object has no attribute 'timed_out_until'
Ignoring exception in on_member_update
Traceback (most recent call last):
  File "/usr/local/lib/python3.12/site-packages/discord/client.py", line 465, in _run_event
    await coro(*args, **kwargs)
  File "/app/asu_discord/cogs/analytics.py", line 652, in on_member_update
    before_timeout = before.timed_out_until
                     ^^^^^^^^^^^^^^^^^^^^^^
AttributeError: 'Member' object has no attribute 'timed_out_until'
Ignoring exception in on_member_update
Traceback (most recent call last):
  File "/usr/local/lib/python3.12/site-packages/discord/client.py", line 465, in _run_event
    await coro(*args, **kwargs)
  File "/app/asu_discord/cogs/analytics.py", line 652, in on_member_update
    before_timeout = before.timed_out_until
                     ^^^^^^^^^^^^^^^^^^^^^^
AttributeError: 'Member' object has no attribute 'timed_out_until'
Ignoring exception in on_member_update
Traceback (most recent call last):
  File "/usr/local/lib/python3.12/site-packages/discord/client.py", line 465, in _run_event
    await coro(*args, **kwargs)
  File "/app/asu_discord/cogs/analytics.py", line 652, in on_member_update
    before_timeout = before.timed_out_until
                     ^^^^^^^^^^^^^^^^^^^^^^
AttributeError: 'Member' object has no attribute 'timed_out_until'
Ignoring exception in on_member_update
Traceback (most recent call last):
  File "/usr/local/lib/python3.12/site-packages/discord/client.py", line 465, in _run_event
    await coro(*args, **kwargs)
  File "/app/asu_discord/cogs/analytics.py", line 652, in on_member_update
    before_timeout = before.timed_out_until
                     ^^^^^^^^^^^^^^^^^^^^^^
AttributeError: 'Member' object has no attribute 'timed_out_until'
INFO:asu_discord.cogs.verification:Saved 5 roles to database for user ychiao (Discord ID: 1287616286993682455)
INFO:asu_discord.cogs.verification:Refreshed Salesforce roles for Discord user 1287616286993682455: -4/+5 roles, assigned=[College of Liberal Arts and Sciences, Commited, International Student, Tempe, Transfer Student]
ERROR:cron.jobs:refresh_salesforce_roles: failed for dmayaka (Discord ID 816272846044790794): Failed to refresh Salesforce-based roles: Discord user 816272846044790794 is not a member of the guild
Ignoring exception in on_member_update
Traceback (most recent call last):
  File "/usr/local/lib/python3.12/site-packages/discord/client.py", line 465, in _run_event
    await coro(*args, **kwargs)
  File "/app/asu_discord/cogs/analytics.py", line 652, in on_member_update
    before_timeout = before.timed_out_until
                     ^^^^^^^^^^^^^^^^^^^^^^
AttributeError: 'Member' object has no attribute 'timed_out_until'
Ignoring exception in on_member_update
Traceback (most recent call last):
  File "/usr/local/lib/python3.12/site-packages/discord/client.py", line 465, in _run_event
    await coro(*args, **kwargs)
  File "/app/asu_discord/cogs/analytics.py", line 652, in on_member_update
    before_timeout = before.timed_out_until
                     ^^^^^^^^^^^^^^^^^^^^^^
AttributeError: 'Member' object has no attribute 'timed_out_until'
Ignoring exception in on_member_update
Traceback (most recent call last):
  File "/usr/local/lib/python3.12/site-packages/discord/client.py", line 465, in _run_event
    await coro(*args, **kwargs)
  File "/app/asu_discord/cogs/analytics.py", line 652, in on_member_update
    before_timeout = before.timed_out_until
                     ^^^^^^^^^^^^^^^^^^^^^^
AttributeError: 'Member' object has no attribute 'timed_out_until'
Ignoring exception in on_member_update
Traceback (most recent call last):
  File "/usr/local/lib/python3.12/site-packages/discord/client.py", line 465, in _run_event
    await coro(*args, **kwargs)
  File "/app/asu_discord/cogs/analytics.py", line 652, in on_member_update
    before_timeout = before.timed_out_until
                     ^^^^^^^^^^^^^^^^^^^^^^
AttributeError: 'Member' object has no attribute 'timed_out_until'
Ignoring exception in on_member_update
Traceback (most recent call last):
  File "/usr/local/lib/python3.12/site-packages/discord/client.py", line 465, in _run_event
    await coro(*args, **kwargs)
  File "/app/asu_discord/cogs/analytics.py", line 652, in on_member_update
    before_timeout = before.timed_out_until
                     ^^^^^^^^^^^^^^^^^^^^^^
AttributeError: 'Member' object has no attribute 'timed_out_until'
Ignoring exception in on_member_update
Traceback (most recent call last):
  File "/usr/local/lib/python3.12/site-packages/discord/client.py", line 465, in _run_event
    await coro(*args, **kwargs)
  File "/app/asu_discord/cogs/analytics.py", line 652, in on_member_update
    before_timeout = before.timed_out_until
                     ^^^^^^^^^^^^^^^^^^^^^^
AttributeError: 'Member' object has no attribute 'timed_out_until'
Ignoring exception in on_member_update
Traceback (most recent call last):
  File "/usr/local/lib/python3.12/site-packages/discord/client.py", line 465, in _run_event
    await coro(*args, **kwargs)
  File "/app/asu_discord/cogs/analytics.py", line 652, in on_member_update
    before_timeout = before.timed_out_until
                     ^^^^^^^^^^^^^^^^^^^^^^
AttributeError: 'Member' object has no attribute 'timed_out_until'
Ignoring exception in on_member_update
Traceback (most recent call last):
  File "/usr/local/lib/python3.12/site-packages/discord/client.py", line 465, in _run_event
    await coro(*args, **kwargs)
  File "/app/asu_discord/cogs/analytics.py", line 652, in on_member_update
    before_timeout = before.timed_out_until
                     ^^^^^^^^^^^^^^^^^^^^^^
AttributeError: 'Member' object has no attribute 'timed_out_until'
INFO:asu_discord.cogs.verification:Saved 4 roles to database for user imolinac (Discord ID: 605261411370795008)
INFO:asu_discord.cogs.verification:Refreshed Salesforce roles for Discord user 605261411370795008: -4/+4 roles, assigned=[Arizona Resident, First Year, Herberger Institute for Design and the Arts, Tempe]
Ignoring exception in on_member_update
Traceback (most recent call last):
  File "/usr/local/lib/python3.12/site-packages/discord/client.py", line 465, in _run_event
    await coro(*args, **kwargs)
  File "/app/asu_discord/cogs/analytics.py", line 652, in on_member_update
    before_timeout = before.timed_out_until
                     ^^^^^^^^^^^^^^^^^^^^^^
AttributeError: 'Member' object has no attribute 'timed_out_until'
INFO:asu_discord.cogs.verification:Saved 1 roles to database for user jarive59 (Discord ID: 629158632629731340)
INFO:asu_discord.cogs.verification:Refreshed Salesforce roles for Discord user 629158632629731340: -0/+1 roles, assigned=[Out of State]
Ignoring exception in on_member_update
Traceback (most recent call last):
  File "/usr/local/lib/python3.12/site-packages/discord/client.py", line 465, in _run_event
    await coro(*args, **kwargs)
  File "/app/asu_discord/cogs/analytics.py", line 652, in on_member_update
    before_timeout = before.timed_out_until
                     ^^^^^^^^^^^^^^^^^^^^^^
AttributeError: 'Member' object has no attribute 'timed_out_until'
Ignoring exception in on_member_update
Traceback (most recent call last):
  File "/usr/local/lib/python3.12/site-packages/discord/client.py", line 465, in _run_event
    await coro(*args, **kwargs)
  File "/app/asu_discord/cogs/analytics.py", line 652, in on_member_update
    before_timeout = before.timed_out_until
                     ^^^^^^^^^^^^^^^^^^^^^^
AttributeError: 'Member' object has no attribute 'timed_out_until'
Ignoring exception in on_member_update
Traceback (most recent call last):
  File "/usr/local/lib/python3.12/site-packages/discord/client.py", line 465, in _run_event
    await coro(*args, **kwargs)
  File "/app/asu_discord/cogs/analytics.py", line 652, in on_member_update
    before_timeout = before.timed_out_until
                     ^^^^^^^^^^^^^^^^^^^^^^
AttributeError: 'Member' object has no attribute 'timed_out_until'
Ignoring exception in on_member_update
Traceback (most recent call last):
  File "/usr/local/lib/python3.12/site-packages/discord/client.py", line 465, in _run_event
    await coro(*args, **kwargs)
  File "/app/asu_discord/cogs/analytics.py", line 652, in on_member_update
    before_timeout = before.timed_out_until
                     ^^^^^^^^^^^^^^^^^^^^^^
AttributeError: 'Member' object has no attribute 'timed_out_until'
Ignoring exception in on_member_update
Traceback (most recent call last):
  File "/usr/local/lib/python3.12/site-packages/discord/client.py", line 465, in _run_event
    await coro(*args, **kwargs)
  File "/app/asu_discord/cogs/analytics.py", line 652, in on_member_update
    before_timeout = before.timed_out_until
                     ^^^^^^^^^^^^^^^^^^^^^^
AttributeError: 'Member' object has no attribute 'timed_out_until'
Ignoring exception in on_member_update
Traceback (most recent call last):
  File "/usr/local/lib/python3.12/site-packages/discord/client.py", line 465, in _run_event
    await coro(*args, **kwargs)
  File "/app/asu_discord/cogs/analytics.py", line 652, in on_member_update
    before_timeout = before.timed_out_until
                     ^^^^^^^^^^^^^^^^^^^^^^
AttributeError: 'Member' object has no attribute 'timed_out_until'
Ignoring exception in on_member_update
Traceback (most recent call last):
  File "/usr/local/lib/python3.12/site-packages/discord/client.py", line 465, in _run_event
    await coro(*args, **kwargs)
  File "/app/asu_discord/cogs/analytics.py", line 652, in on_member_update
    before_timeout = before.timed_out_until
                     ^^^^^^^^^^^^^^^^^^^^^^
AttributeError: 'Member' object has no attribute 'timed_out_until'
Ignoring exception in on_member_update
Traceback (most recent call last):
  File "/usr/local/lib/python3.12/site-packages/discord/client.py", line 465, in _run_event
    await coro(*args, **kwargs)
  File "/app/asu_discord/cogs/analytics.py", line 652, in on_member_update
    before_timeout = before.timed_out_until
                     ^^^^^^^^^^^^^^^^^^^^^^
AttributeError: 'Member' object has no attribute 'timed_out_until'
Ignoring exception in on_member_update
Traceback (most recent call last):
  File "/usr/local/lib/python3.12/site-packages/discord/client.py", line 465, in _run_event
    await coro(*args, **kwargs)
  File "/app/asu_discord/cogs/analytics.py", line 652, in on_member_update
    before_timeout = before.timed_out_until
                     ^^^^^^^^^^^^^^^^^^^^^^
AttributeError: 'Member' object has no attribute 'timed_out_until'
Ignoring exception in on_member_update
Traceback (most recent call last):
  File "/usr/local/lib/python3.12/site-packages/discord/client.py", line 465, in _run_event
    await coro(*args, **kwargs)
  File "/app/asu_discord/cogs/analytics.py", line 652, in on_member_update
    before_timeout = before.timed_out_until
                     ^^^^^^^^^^^^^^^^^^^^^^
AttributeError: 'Member' object has no attribute 'timed_out_until'
INFO:asu_discord.cogs.verification:Saved 5 roles to database for user vsocolic (Discord ID: 967155734850699324)
INFO:asu_discord.cogs.verification:Refreshed Salesforce roles for Discord user 967155734850699324: -5/+5 roles, assigned=[College of Liberal Arts and Sciences, Commited, First Year, International Student, Tempe]
Ignoring exception in on_member_update
Traceback (most recent call last):
  File "/usr/local/lib/python3.12/site-packages/discord/client.py", line 465, in _run_event
    await coro(*args, **kwargs)
  File "/app/asu_discord/cogs/analytics.py", line 652, in on_member_update
    before_timeout = before.timed_out_until
                     ^^^^^^^^^^^^^^^^^^^^^^
AttributeError: 'Member' object has no attribute 'timed_out_until'
Ignoring exception in on_member_update
Traceback (most recent call last):
  File "/usr/local/lib/python3.12/site-packages/discord/client.py", line 465, in _run_event
    await coro(*args, **kwargs)
  File "/app/asu_discord/cogs/analytics.py", line 652, in on_member_update
    before_timeout = before.timed_out_until
                     ^^^^^^^^^^^^^^^^^^^^^^
AttributeError: 'Member' object has no attribute 'timed_out_until'
Ignoring exception in on_member_update
Traceback (most recent call last):
  File "/usr/local/lib/python3.12/site-packages/discord/client.py", line 465, in _run_event
    await coro(*args, **kwargs)
  File "/app/asu_discord/cogs/analytics.py", line 652, in on_member_update
    before_timeout = before.timed_out_until
                     ^^^^^^^^^^^^^^^^^^^^^^
AttributeError: 'Member' object has no attribute 'timed_out_until'
Ignoring exception in on_member_update
Traceback (most recent call last):
  File "/usr/local/lib/python3.12/site-packages/discord/client.py", line 465, in _run_event
    await coro(*args, **kwargs)
  File "/app/asu_discord/cogs/analytics.py", line 652, in on_member_update
    before_timeout = before.timed_out_until
                     ^^^^^^^^^^^^^^^^^^^^^^
AttributeError: 'Member' object has no attribute 'timed_out_until'
Ignoring exception in on_member_update
Traceback (most recent call last):
  File "/usr/local/lib/python3.12/site-packages/discord/client.py", line 465, in _run_event
    await coro(*args, **kwargs)
  File "/app/asu_discord/cogs/analytics.py", line 652, in on_member_update
    before_timeout = before.timed_out_until
                     ^^^^^^^^^^^^^^^^^^^^^^
AttributeError: 'Member' object has no attribute 'timed_out_until'
Ignoring exception in on_member_update
Traceback (most recent call last):
  File "/usr/local/lib/python3.12/site-packages/discord/client.py", line 465, in _run_event
    await coro(*args, **kwargs)
  File "/app/asu_discord/cogs/analytics.py", line 652, in on_member_update
    before_timeout = before.timed_out_until
                     ^^^^^^^^^^^^^^^^^^^^^^
AttributeError: 'Member' object has no attribute 'timed_out_until'
Ignoring exception in on_member_update
Traceback (most recent call last):
  File "/usr/local/lib/python3.12/site-packages/discord/client.py", line 465, in _run_event
    await coro(*args, **kwargs)
  File "/app/asu_discord/cogs/analytics.py", line 652, in on_member_update
    before_timeout = before.timed_out_until
                     ^^^^^^^^^^^^^^^^^^^^^^
AttributeError: 'Member' object has no attribute 'timed_out_until'
Ignoring exception in on_member_update
Traceback (most recent call last):
  File "/usr/local/lib/python3.12/site-packages/discord/client.py", line 465, in _run_event
    await coro(*args, **kwargs)
  File "/app/asu_discord/cogs/analytics.py", line 652, in on_member_update
    before_timeout = before.timed_out_until
                     ^^^^^^^^^^^^^^^^^^^^^^
AttributeError: 'Member' object has no attribute 'timed_out_until'
Ignoring exception in on_member_update
Traceback (most recent call last):
  File "/usr/local/lib/python3.12/site-packages/discord/client.py", line 465, in _run_event
    await coro(*args, **kwargs)
  File "/app/asu_discord/cogs/analytics.py", line 652, in on_member_update
    before_timeout = before.timed_out_until
                     ^^^^^^^^^^^^^^^^^^^^^^
AttributeError: 'Member' object has no attribute 'timed_out_until'
Ignoring exception in on_member_update
Traceback (most recent call last):
  File "/usr/local/lib/python3.12/site-packages/discord/client.py", line 465, in _run_event
    await coro(*args, **kwargs)
  File "/app/asu_discord/cogs/analytics.py", line 652, in on_member_update
    before_timeout = before.timed_out_until
                     ^^^^^^^^^^^^^^^^^^^^^^
AttributeError: 'Member' object has no attribute 'timed_out_until'
INFO:asu_discord.cogs.verification:Saved 5 roles to database for user gbrigno1 (Discord ID: 881292284723879936)
INFO:asu_discord.cogs.verification:Refreshed Salesforce roles for Discord user 881292284723879936: -5/+5 roles, assigned=[Arizona Resident, Commited, First Year, Ira A. Fulton Schools of Engineering, Tempe]
Ignoring exception in on_member_update
Traceback (most recent call last):
  File "/usr/local/lib/python3.12/site-packages/discord/client.py", line 465, in _run_event
    await coro(*args, **kwargs)
  File "/app/asu_discord/cogs/analytics.py", line 652, in on_member_update
    before_timeout = before.timed_out_until
                     ^^^^^^^^^^^^^^^^^^^^^^
AttributeError: 'Member' object has no attribute 'timed_out_until'
Ignoring exception in on_member_update
Traceback (most recent call last):
  File "/usr/local/lib/python3.12/site-packages/discord/client.py", line 465, in _run_event
    await coro(*args, **kwargs)
  File "/app/asu_discord/cogs/analytics.py", line 652, in on_member_update
    before_timeout = before.timed_out_until
                     ^^^^^^^^^^^^^^^^^^^^^^
AttributeError: 'Member' object has no attribute 'timed_out_until'
Ignoring exception in on_member_update
Traceback (most recent call last):
  File "/usr/local/lib/python3.12/site-packages/discord/client.py", line 465, in _run_event
    await coro(*args, **kwargs)
  File "/app/asu_discord/cogs/analytics.py", line 652, in on_member_update
    before_timeout = before.timed_out_until
                     ^^^^^^^^^^^^^^^^^^^^^^
AttributeError: 'Member' object has no attribute 'timed_out_until'
Ignoring exception in on_member_update
Traceback (most recent call last):
  File "/usr/local/lib/python3.12/site-packages/discord/client.py", line 465, in _run_event
    await coro(*args, **kwargs)
  File "/app/asu_discord/cogs/analytics.py", line 652, in on_member_update
    before_timeout = before.timed_out_until
                     ^^^^^^^^^^^^^^^^^^^^^^
AttributeError: 'Member' object has no attribute 'timed_out_until'
Ignoring exception in on_member_update
Traceback (most recent call last):
  File "/usr/local/lib/python3.12/site-packages/discord/client.py", line 465, in _run_event
    await coro(*args, **kwargs)
  File "/app/asu_discord/cogs/analytics.py", line 652, in on_member_update
    before_timeout = before.timed_out_until
                     ^^^^^^^^^^^^^^^^^^^^^^
AttributeError: 'Member' object has no attribute 'timed_out_until'
Ignoring exception in on_member_update
Traceback (most recent call last):
  File "/usr/local/lib/python3.12/site-packages/discord/client.py", line 465, in _run_event
    await coro(*args, **kwargs)
  File "/app/asu_discord/cogs/analytics.py", line 652, in on_member_update
    before_timeout = before.timed_out_until
                     ^^^^^^^^^^^^^^^^^^^^^^
AttributeError: 'Member' object has no attribute 'timed_out_until'
Ignoring exception in on_member_update
Traceback (most recent call last):
  File "/usr/local/lib/python3.12/site-packages/discord/client.py", line 465, in _run_event
    await coro(*args, **kwargs)
  File "/app/asu_discord/cogs/analytics.py", line 652, in on_member_update
    before_timeout = before.timed_out_until
                     ^^^^^^^^^^^^^^^^^^^^^^
AttributeError: 'Member' object has no attribute 'timed_out_until'
Ignoring exception in on_member_update
Traceback (most recent call last):
  File "/usr/local/lib/python3.12/site-packages/discord/client.py", line 465, in _run_event
    await coro(*args, **kwargs)
  File "/app/asu_discord/cogs/analytics.py", line 652, in on_member_update
    before_timeout = before.timed_out_until
                     ^^^^^^^^^^^^^^^^^^^^^^
AttributeError: 'Member' object has no attribute 'timed_out_until'
Ignoring exception in on_member_update
Traceback (most recent call last):
  File "/usr/local/lib/python3.12/site-packages/discord/client.py", line 465, in _run_event
    await coro(*args, **kwargs)
  File "/app/asu_discord/cogs/analytics.py", line 652, in on_member_update
    before_timeout = before.timed_out_until
                     ^^^^^^^^^^^^^^^^^^^^^^
AttributeError: 'Member' object has no attribute 'timed_out_until'
Ignoring exception in on_member_update
Traceback (most recent call last):
  File "/usr/local/lib/python3.12/site-packages/discord/client.py", line 465, in _run_event
    await coro(*args, **kwargs)
  File "/app/asu_discord/cogs/analytics.py", line 652, in on_member_update
    before_timeout = before.timed_out_until
                     ^^^^^^^^^^^^^^^^^^^^^^
AttributeError: 'Member' object has no attribute 'timed_out_until'
INFO:asu_discord.cogs.verification:Saved 5 roles to database for user emcentee (Discord ID: 841462684250669107)
INFO:asu_discord.cogs.verification:Refreshed Salesforce roles for Discord user 841462684250669107: -5/+5 roles, assigned=[Commited, Graduate Student, Herberger Institute for Design and the Arts, Out of State, Tempe]
Ignoring exception in on_member_update
Traceback (most recent call last):
  File "/usr/local/lib/python3.12/site-packages/discord/client.py", line 465, in _run_event
    await coro(*args, **kwargs)
  File "/app/asu_discord/cogs/analytics.py", line 652, in on_member_update
    before_timeout = before.timed_out_until
                     ^^^^^^^^^^^^^^^^^^^^^^
AttributeError: 'Member' object has no attribute 'timed_out_until'
Ignoring exception in on_member_update
Traceback (most recent call last):
  File "/usr/local/lib/python3.12/site-packages/discord/client.py", line 465, in _run_event
    await coro(*args, **kwargs)
  File "/app/asu_discord/cogs/analytics.py", line 652, in on_member_update
    before_timeout = before.timed_out_until
                     ^^^^^^^^^^^^^^^^^^^^^^
AttributeError: 'Member' object has no attribute 'timed_out_until'
Ignoring exception in on_member_update
Traceback (most recent call last):
  File "/usr/local/lib/python3.12/site-packages/discord/client.py", line 465, in _run_event
    await coro(*args, **kwargs)
  File "/app/asu_discord/cogs/analytics.py", line 652, in on_member_update
    before_timeout = before.timed_out_until
                     ^^^^^^^^^^^^^^^^^^^^^^
AttributeError: 'Member' object has no attribute 'timed_out_until'
Ignoring exception in on_member_update
Traceback (most recent call last):
  File "/usr/local/lib/python3.12/site-packages/discord/client.py", line 465, in _run_event
    await coro(*args, **kwargs)
  File "/app/asu_discord/cogs/analytics.py", line 652, in on_member_update
    before_timeout = before.timed_out_until
                     ^^^^^^^^^^^^^^^^^^^^^^
AttributeError: 'Member' object has no attribute 'timed_out_until'
Ignoring exception in on_member_update
Traceback (most recent call last):
  File "/usr/local/lib/python3.12/site-packages/discord/client.py", line 465, in _run_event
    await coro(*args, **kwargs)
  File "/app/asu_discord/cogs/analytics.py", line 652, in on_member_update
    before_timeout = before.timed_out_until
                     ^^^^^^^^^^^^^^^^^^^^^^
AttributeError: 'Member' object has no attribute 'timed_out_until'
Ignoring exception in on_member_update
Traceback (most recent call last):
  File "/usr/local/lib/python3.12/site-packages/discord/client.py", line 465, in _run_event
    await coro(*args, **kwargs)
  File "/app/asu_discord/cogs/analytics.py", line 652, in on_member_update
    before_timeout = before.timed_out_until
                     ^^^^^^^^^^^^^^^^^^^^^^
AttributeError: 'Member' object has no attribute 'timed_out_until'
Ignoring exception in on_member_update
Traceback (most recent call last):
  File "/usr/local/lib/python3.12/site-packages/discord/client.py", line 465, in _run_event
    await coro(*args, **kwargs)
  File "/app/asu_discord/cogs/analytics.py", line 652, in on_member_update
    before_timeout = before.timed_out_until
                     ^^^^^^^^^^^^^^^^^^^^^^
AttributeError: 'Member' object has no attribute 'timed_out_until'
Ignoring exception in on_member_update
Traceback (most recent call last):
  File "/usr/local/lib/python3.12/site-packages/discord/client.py", line 465, in _run_event
    await coro(*args, **kwargs)
  File "/app/asu_discord/cogs/analytics.py", line 652, in on_member_update
    before_timeout = before.timed_out_until
                     ^^^^^^^^^^^^^^^^^^^^^^
AttributeError: 'Member' object has no attribute 'timed_out_until'
Ignoring exception in on_member_update
Traceback (most recent call last):
  File "/usr/local/lib/python3.12/site-packages/discord/client.py", line 465, in _run_event
    await coro(*args, **kwargs)
  File "/app/asu_discord/cogs/analytics.py", line 652, in on_member_update
    before_timeout = before.timed_out_until
                     ^^^^^^^^^^^^^^^^^^^^^^
AttributeError: 'Member' object has no attribute 'timed_out_until'
Ignoring exception in on_member_update
Traceback (most recent call last):
  File "/usr/local/lib/python3.12/site-packages/discord/client.py", line 465, in _run_event
    await coro(*args, **kwargs)
  File "/app/asu_discord/cogs/analytics.py", line 652, in on_member_update
    before_timeout = before.timed_out_until
                     ^^^^^^^^^^^^^^^^^^^^^^
AttributeError: 'Member' object has no attribute 'timed_out_until'
INFO:asu_discord.cogs.verification:Saved 5 roles to database for user pbotwe (Discord ID: 1507145850529382561)
INFO:asu_discord.cogs.verification:Refreshed Salesforce roles for Discord user 1507145850529382561: -5/+5 roles, assigned=[Commited, Graduate Student, International Student, Ira A. Fulton Schools of Engineering, Polytechnic]
Ignoring exception in on_member_update
Traceback (most recent call last):
  File "/usr/local/lib/python3.12/site-packages/discord/client.py", line 465, in _run_event
    await coro(*args, **kwargs)
  File "/app/asu_discord/cogs/analytics.py", line 652, in on_member_update
    before_timeout = before.timed_out_until
                     ^^^^^^^^^^^^^^^^^^^^^^
AttributeError: 'Member' object has no attribute 'timed_out_until'
Ignoring exception in on_member_update
Traceback (most recent call last):
  File "/usr/local/lib/python3.12/site-packages/discord/client.py", line 465, in _run_event
    await coro(*args, **kwargs)
  File "/app/asu_discord/cogs/analytics.py", line 652, in on_member_update
    before_timeout = before.timed_out_until
                     ^^^^^^^^^^^^^^^^^^^^^^
AttributeError: 'Member' object has no attribute 'timed_out_until'
Ignoring exception in on_member_update
Traceback (most recent call last):
  File "/usr/local/lib/python3.12/site-packages/discord/client.py", line 465, in _run_event
    await coro(*args, **kwargs)
  File "/app/asu_discord/cogs/analytics.py", line 652, in on_member_update
    before_timeout = before.timed_out_until
                     ^^^^^^^^^^^^^^^^^^^^^^
AttributeError: 'Member' object has no attribute 'timed_out_until'
Ignoring exception in on_member_update
Traceback (most recent call last):
  File "/usr/local/lib/python3.12/site-packages/discord/client.py", line 465, in _run_event
    await coro(*args, **kwargs)
  File "/app/asu_discord/cogs/analytics.py", line 652, in on_member_update
    before_timeout = before.timed_out_until
                     ^^^^^^^^^^^^^^^^^^^^^^
AttributeError: 'Member' object has no attribute 'timed_out_until'
Ignoring exception in on_member_update
Traceback (most recent call last):
  File "/usr/local/lib/python3.12/site-packages/discord/client.py", line 465, in _run_event
    await coro(*args, **kwargs)
  File "/app/asu_discord/cogs/analytics.py", line 652, in on_member_update
    before_timeout = before.timed_out_until
                     ^^^^^^^^^^^^^^^^^^^^^^
AttributeError: 'Member' object has no attribute 'timed_out_until'
Ignoring exception in on_member_update
Traceback (most recent call last):
  File "/usr/local/lib/python3.12/site-packages/discord/client.py", line 465, in _run_event
    await coro(*args, **kwargs)
  File "/app/asu_discord/cogs/analytics.py", line 652, in on_member_update
    before_timeout = before.timed_out_until
                     ^^^^^^^^^^^^^^^^^^^^^^
AttributeError: 'Member' object has no attribute 'timed_out_until'
Ignoring exception in on_member_update
Traceback (most recent call last):
  File "/usr/local/lib/python3.12/site-packages/discord/client.py", line 465, in _run_event
    await coro(*args, **kwargs)
  File "/app/asu_discord/cogs/analytics.py", line 652, in on_member_update
    before_timeout = before.timed_out_until
                     ^^^^^^^^^^^^^^^^^^^^^^
AttributeError: 'Member' object has no attribute 'timed_out_until'
Ignoring exception in on_member_update
Traceback (most recent call last):
  File "/usr/local/lib/python3.12/site-packages/discord/client.py", line 465, in _run_event
    await coro(*args, **kwargs)
  File "/app/asu_discord/cogs/analytics.py", line 652, in on_member_update
    before_timeout = before.timed_out_until
                     ^^^^^^^^^^^^^^^^^^^^^^
AttributeError: 'Member' object has no attribute 'timed_out_until'
Ignoring exception in on_member_update
Traceback (most recent call last):
  File "/usr/local/lib/python3.12/site-packages/discord/client.py", line 465, in _run_event
    await coro(*args, **kwargs)
  File "/app/asu_discord/cogs/analytics.py", line 652, in on_member_update
    before_timeout = before.timed_out_until
                     ^^^^^^^^^^^^^^^^^^^^^^
AttributeError: 'Member' object has no attribute 'timed_out_until'
Ignoring exception in on_member_update
Traceback (most recent call last):
  File "/usr/local/lib/python3.12/site-packages/discord/client.py", line 465, in _run_event
    await coro(*args, **kwargs)
  File "/app/asu_discord/cogs/analytics.py", line 652, in on_member_update
    before_timeout = before.timed_out_until
                     ^^^^^^^^^^^^^^^^^^^^^^
AttributeError: 'Member' object has no attribute 'timed_out_until'
INFO:asu_discord.cogs.verification:Saved 5 roles to database for user tjlangfo (Discord ID: 514623530890166274)
INFO:asu_discord.cogs.verification:Refreshed Salesforce roles for Discord user 514623530890166274: -5/+5 roles, assigned=[Online, Out of State, Transfer Student, Upperclassmen, W.P. Carey School of Business]
Ignoring exception in on_member_update
Traceback (most recent call last):
  File "/usr/local/lib/python3.12/site-packages/discord/client.py", line 465, in _run_event
    await coro(*args, **kwargs)
  File "/app/asu_discord/cogs/analytics.py", line 652, in on_member_update
    before_timeout = before.timed_out_until
                     ^^^^^^^^^^^^^^^^^^^^^^
AttributeError: 'Member' object has no attribute 'timed_out_until'
Ignoring exception in on_member_update
Traceback (most recent call last):
  File "/usr/local/lib/python3.12/site-packages/discord/client.py", line 465, in _run_event
    await coro(*args, **kwargs)
  File "/app/asu_discord/cogs/analytics.py", line 652, in on_member_update
    before_timeout = before.timed_out_until
                     ^^^^^^^^^^^^^^^^^^^^^^
AttributeError: 'Member' object has no attribute 'timed_out_until'
Ignoring exception in on_member_update
Traceback (most recent call last):
  File "/usr/local/lib/python3.12/site-packages/discord/client.py", line 465, in _run_event
    await coro(*args, **kwargs)
  File "/app/asu_discord/cogs/analytics.py", line 652, in on_member_update
    before_timeout = before.timed_out_until
                     ^^^^^^^^^^^^^^^^^^^^^^
AttributeError: 'Member' object has no attribute 'timed_out_until'
Ignoring exception in on_member_update
Traceback (most recent call last):
  File "/usr/local/lib/python3.12/site-packages/discord/client.py", line 465, in _run_event
    await coro(*args, **kwargs)
  File "/app/asu_discord/cogs/analytics.py", line 652, in on_member_update
    before_timeout = before.timed_out_until
                     ^^^^^^^^^^^^^^^^^^^^^^
AttributeError: 'Member' object has no attribute 'timed_out_until'
Ignoring exception in on_member_update
Traceback (most recent call last):
  File "/usr/local/lib/python3.12/site-packages/discord/client.py", line 465, in _run_event
    await coro(*args, **kwargs)
  File "/app/asu_discord/cogs/analytics.py", line 652, in on_member_update
    before_timeout = before.timed_out_until
                     ^^^^^^^^^^^^^^^^^^^^^^
AttributeError: 'Member' object has no attribute 'timed_out_until'
Ignoring exception in on_member_update
Traceback (most recent call last):
  File "/usr/local/lib/python3.12/site-packages/discord/client.py", line 465, in _run_event
    await coro(*args, **kwargs)
  File "/app/asu_discord/cogs/analytics.py", line 652, in on_member_update
    before_timeout = before.timed_out_until
                     ^^^^^^^^^^^^^^^^^^^^^^
AttributeError: 'Member' object has no attribute 'timed_out_until'
Ignoring exception in on_member_update
Traceback (most recent call last):
  File "/usr/local/lib/python3.12/site-packages/discord/client.py", line 465, in _run_event
    await coro(*args, **kwargs)
  File "/app/asu_discord/cogs/analytics.py", line 652, in on_member_update
    before_timeout = before.timed_out_until
                     ^^^^^^^^^^^^^^^^^^^^^^
AttributeError: 'Member' object has no attribute 'timed_out_until'
Ignoring exception in on_member_update
Traceback (most recent call last):
  File "/usr/local/lib/python3.12/site-packages/discord/client.py", line 465, in _run_event
    await coro(*args, **kwargs)
  File "/app/asu_discord/cogs/analytics.py", line 652, in on_member_update
    before_timeout = before.timed_out_until
                     ^^^^^^^^^^^^^^^^^^^^^^
AttributeError: 'Member' object has no attribute 'timed_out_until'
Ignoring exception in on_member_update
Traceback (most recent call last):
  File "/usr/local/lib/python3.12/site-packages/discord/client.py", line 465, in _run_event
    await coro(*args, **kwargs)
  File "/app/asu_discord/cogs/analytics.py", line 652, in on_member_update
    before_timeout = before.timed_out_until
                     ^^^^^^^^^^^^^^^^^^^^^^
AttributeError: 'Member' object has no attribute 'timed_out_until'
Ignoring exception in on_member_update
Traceback (most recent call last):
  File "/usr/local/lib/python3.12/site-packages/discord/client.py", line 465, in _run_event
    await coro(*args, **kwargs)
  File "/app/asu_discord/cogs/analytics.py", line 652, in on_member_update
    before_timeout = before.timed_out_until
                     ^^^^^^^^^^^^^^^^^^^^^^
AttributeError: 'Member' object has no attribute 'timed_out_until'
Ignoring exception in on_member_update
Traceback (most recent call last):
  File "/usr/local/lib/python3.12/site-packages/discord/client.py", line 465, in _run_event
    await coro(*args, **kwargs)
  File "/app/asu_discord/cogs/analytics.py", line 652, in on_member_update
    before_timeout = before.timed_out_until
                     ^^^^^^^^^^^^^^^^^^^^^^
AttributeError: 'Member' object has no attribute 'timed_out_until'
Ignoring exception in on_member_update
Traceback (most recent call last):
  File "/usr/local/lib/python3.12/site-packages/discord/client.py", line 465, in _run_event
    await coro(*args, **kwargs)
  File "/app/asu_discord/cogs/analytics.py", line 652, in on_member_update
    before_timeout = before.timed_out_until
                     ^^^^^^^^^^^^^^^^^^^^^^
AttributeError: 'Member' object has no attribute 'timed_out_until'
INFO:asu_discord.cogs.verification:Saved 6 roles to database for user ywan1815 (Discord ID: 1399334539746082818)
INFO:asu_discord.cogs.verification:Refreshed Salesforce roles for Discord user 1399334539746082818: -6/+6 roles, assigned=[Commited, First Generation Student, International Student, Ira A. Fulton Schools of Engineering, Tempe, Transfer Student]
Ignoring exception in on_member_update
Traceback (most recent call last):
  File "/usr/local/lib/python3.12/site-packages/discord/client.py", line 465, in _run_event
    await coro(*args, **kwargs)
  File "/app/asu_discord/cogs/analytics.py", line 652, in on_member_update
    before_timeout = before.timed_out_until
                     ^^^^^^^^^^^^^^^^^^^^^^
AttributeError: 'Member' object has no attribute 'timed_out_until'
Ignoring exception in on_member_update
Traceback (most recent call last):
  File "/usr/local/lib/python3.12/site-packages/discord/client.py", line 465, in _run_event
    await coro(*args, **kwargs)
  File "/app/asu_discord/cogs/analytics.py", line 652, in on_member_update
    before_timeout = before.timed_out_until
                     ^^^^^^^^^^^^^^^^^^^^^^
AttributeError: 'Member' object has no attribute 'timed_out_until'
Ignoring exception in on_member_update
Traceback (most recent call last):
  File "/usr/local/lib/python3.12/site-packages/discord/client.py", line 465, in _run_event
    await coro(*args, **kwargs)
  File "/app/asu_discord/cogs/analytics.py", line 652, in on_member_update
    before_timeout = before.timed_out_until
                     ^^^^^^^^^^^^^^^^^^^^^^
AttributeError: 'Member' object has no attribute 'timed_out_until'
Ignoring exception in on_member_update
Traceback (most recent call last):
  File "/usr/local/lib/python3.12/site-packages/discord/client.py", line 465, in _run_event
    await coro(*args, **kwargs)
  File "/app/asu_discord/cogs/analytics.py", line 652, in on_member_update
    before_timeout = before.timed_out_until
                     ^^^^^^^^^^^^^^^^^^^^^^
AttributeError: 'Member' object has no attribute 'timed_out_until'
Ignoring exception in on_member_update
Traceback (most recent call last):
  File "/usr/local/lib/python3.12/site-packages/discord/client.py", line 465, in _run_event
    await coro(*args, **kwargs)
  File "/app/asu_discord/cogs/analytics.py", line 652, in on_member_update
    before_timeout = before.timed_out_until
                     ^^^^^^^^^^^^^^^^^^^^^^
AttributeError: 'Member' object has no attribute 'timed_out_until'
Ignoring exception in on_member_update
Traceback (most recent call last):
  File "/usr/local/lib/python3.12/site-packages/discord/client.py", line 465, in _run_event
    await coro(*args, **kwargs)
  File "/app/asu_discord/cogs/analytics.py", line 652, in on_member_update
    before_timeout = before.timed_out_until
                     ^^^^^^^^^^^^^^^^^^^^^^
AttributeError: 'Member' object has no attribute 'timed_out_until'
Ignoring exception in on_member_update
Traceback (most recent call last):
  File "/usr/local/lib/python3.12/site-packages/discord/client.py", line 465, in _run_event
    await coro(*args, **kwargs)
  File "/app/asu_discord/cogs/analytics.py", line 652, in on_member_update
    before_timeout = before.timed_out_until
                     ^^^^^^^^^^^^^^^^^^^^^^
AttributeError: 'Member' object has no attribute 'timed_out_until'
Ignoring exception in on_member_update
Traceback (most recent call last):
  File "/usr/local/lib/python3.12/site-packages/discord/client.py", line 465, in _run_event
    await coro(*args, **kwargs)
  File "/app/asu_discord/cogs/analytics.py", line 652, in on_member_update
    before_timeout = before.timed_out_until
                     ^^^^^^^^^^^^^^^^^^^^^^
AttributeError: 'Member' object has no attribute 'timed_out_until'
Ignoring exception in on_member_update
Traceback (most recent call last):
  File "/usr/local/lib/python3.12/site-packages/discord/client.py", line 465, in _run_event
    await coro(*args, **kwargs)
  File "/app/asu_discord/cogs/analytics.py", line 652, in on_member_update
    before_timeout = before.timed_out_until
                     ^^^^^^^^^^^^^^^^^^^^^^
AttributeError: 'Member' object has no attribute 'timed_out_until'
Ignoring exception in on_member_update
Traceback (most recent call last):
  File "/usr/local/lib/python3.12/site-packages/discord/client.py", line 465, in _run_event
    await coro(*args, **kwargs)
  File "/app/asu_discord/cogs/analytics.py", line 652, in on_member_update
    before_timeout = before.timed_out_until
                     ^^^^^^^^^^^^^^^^^^^^^^
AttributeError: 'Member' object has no attribute 'timed_out_until'
INFO:asu_discord.cogs.verification:Saved 6 roles to database for user aefoxwor (Discord ID: 1230375566591529041)
INFO:asu_discord.cogs.verification:Refreshed Salesforce roles for Discord user 1230375566591529041: -4/+6 roles, assigned=[Arizona Resident, Commited, First Generation Student, First Year, Tempe, W.P. Carey School of Business]
Ignoring exception in on_member_update
Traceback (most recent call last):
  File "/usr/local/lib/python3.12/site-packages/discord/client.py", line 465, in _run_event
    await coro(*args, **kwargs)
  File "/app/asu_discord/cogs/analytics.py", line 652, in on_member_update
    before_timeout = before.timed_out_until
                     ^^^^^^^^^^^^^^^^^^^^^^
AttributeError: 'Member' object has no attribute 'timed_out_until'
Ignoring exception in on_member_update
Traceback (most recent call last):
  File "/usr/local/lib/python3.12/site-packages/discord/client.py", line 465, in _run_event
    await coro(*args, **kwargs)
  File "/app/asu_discord/cogs/analytics.py", line 652, in on_member_update
    before_timeout = before.timed_out_until
                     ^^^^^^^^^^^^^^^^^^^^^^
AttributeError: 'Member' object has no attribute 'timed_out_until'
Ignoring exception in on_member_update
Traceback (most recent call last):
  File "/usr/local/lib/python3.12/site-packages/discord/client.py", line 465, in _run_event
    await coro(*args, **kwargs)
  File "/app/asu_discord/cogs/analytics.py", line 652, in on_member_update
    before_timeout = before.timed_out_until
                     ^^^^^^^^^^^^^^^^^^^^^^
AttributeError: 'Member' object has no attribute 'timed_out_until'
Ignoring exception in on_member_update
Traceback (most recent call last):
  File "/usr/local/lib/python3.12/site-packages/discord/client.py", line 465, in _run_event
    await coro(*args, **kwargs)
  File "/app/asu_discord/cogs/analytics.py", line 652, in on_member_update
    before_timeout = before.timed_out_until
                     ^^^^^^^^^^^^^^^^^^^^^^
AttributeError: 'Member' object has no attribute 'timed_out_until'
Ignoring exception in on_member_update
Traceback (most recent call last):
  File "/usr/local/lib/python3.12/site-packages/discord/client.py", line 465, in _run_event
    await coro(*args, **kwargs)
  File "/app/asu_discord/cogs/analytics.py", line 652, in on_member_update
    before_timeout = before.timed_out_until
                     ^^^^^^^^^^^^^^^^^^^^^^
AttributeError: 'Member' object has no attribute 'timed_out_until'
Ignoring exception in on_member_update
Traceback (most recent call last):
  File "/usr/local/lib/python3.12/site-packages/discord/client.py", line 465, in _run_event
    await coro(*args, **kwargs)
  File "/app/asu_discord/cogs/analytics.py", line 652, in on_member_update
    before_timeout = before.timed_out_until
                     ^^^^^^^^^^^^^^^^^^^^^^
AttributeError: 'Member' object has no attribute 'timed_out_until'
Ignoring exception in on_member_update
Traceback (most recent call last):
  File "/usr/local/lib/python3.12/site-packages/discord/client.py", line 465, in _run_event
    await coro(*args, **kwargs)
  File "/app/asu_discord/cogs/analytics.py", line 652, in on_member_update
    before_timeout = before.timed_out_until
                     ^^^^^^^^^^^^^^^^^^^^^^
AttributeError: 'Member' object has no attribute 'timed_out_until'
Ignoring exception in on_member_update
Traceback (most recent call last):
  File "/usr/local/lib/python3.12/site-packages/discord/client.py", line 465, in _run_event
    await coro(*args, **kwargs)
  File "/app/asu_discord/cogs/analytics.py", line 652, in on_member_update
    before_timeout = before.timed_out_until
                     ^^^^^^^^^^^^^^^^^^^^^^
AttributeError: 'Member' object has no attribute 'timed_out_until'
INFO:asu_discord.cogs.verification:Saved 4 roles to database for user mjohn299 (Discord ID: 1002737526471135293)
INFO:asu_discord.cogs.verification:Refreshed Salesforce roles for Discord user 1002737526471135293: -4/+4 roles, assigned=[Arizona Resident, First Year, Herberger Institute for Design and the Arts, Tempe]
Ignoring exception in on_member_update
Traceback (most recent call last):
  File "/usr/local/lib/python3.12/site-packages/discord/client.py", line 465, in _run_event
    await coro(*args, **kwargs)
  File "/app/asu_discord/cogs/analytics.py", line 652, in on_member_update
    before_timeout = before.timed_out_until
                     ^^^^^^^^^^^^^^^^^^^^^^
AttributeError: 'Member' object has no attribute 'timed_out_until'
Ignoring exception in on_member_update
Traceback (most recent call last):
  File "/usr/local/lib/python3.12/site-packages/discord/client.py", line 465, in _run_event
    await coro(*args, **kwargs)
  File "/app/asu_discord/cogs/analytics.py", line 652, in on_member_update
    before_timeout = before.timed_out_until
                     ^^^^^^^^^^^^^^^^^^^^^^
AttributeError: 'Member' object has no attribute 'timed_out_until'
Ignoring exception in on_member_update
Traceback (most recent call last):
  File "/usr/local/lib/python3.12/site-packages/discord/client.py", line 465, in _run_event
    await coro(*args, **kwargs)
  File "/app/asu_discord/cogs/analytics.py", line 652, in on_member_update
    before_timeout = before.timed_out_until
                     ^^^^^^^^^^^^^^^^^^^^^^
AttributeError: 'Member' object has no attribute 'timed_out_until'
Ignoring exception in on_member_update
Traceback (most recent call last):
  File "/usr/local/lib/python3.12/site-packages/discord/client.py", line 465, in _run_event
    await coro(*args, **kwargs)
  File "/app/asu_discord/cogs/analytics.py", line 652, in on_member_update
    before_timeout = before.timed_out_until
                     ^^^^^^^^^^^^^^^^^^^^^^
AttributeError: 'Member' object has no attribute 'timed_out_until'
Ignoring exception in on_member_update
Traceback (most recent call last):
  File "/usr/local/lib/python3.12/site-packages/discord/client.py", line 465, in _run_event
    await coro(*args, **kwargs)
  File "/app/asu_discord/cogs/analytics.py", line 652, in on_member_update
    before_timeout = before.timed_out_until
                     ^^^^^^^^^^^^^^^^^^^^^^
AttributeError: 'Member' object has no attribute 'timed_out_until'
Ignoring exception in on_member_update
Traceback (most recent call last):
  File "/usr/local/lib/python3.12/site-packages/discord/client.py", line 465, in _run_event
    await coro(*args, **kwargs)
  File "/app/asu_discord/cogs/analytics.py", line 652, in on_member_update
    before_timeout = before.timed_out_until
                     ^^^^^^^^^^^^^^^^^^^^^^
AttributeError: 'Member' object has no attribute 'timed_out_until'
Ignoring exception in on_member_update
Traceback (most recent call last):
  File "/usr/local/lib/python3.12/site-packages/discord/client.py", line 465, in _run_event
    await coro(*args, **kwargs)
  File "/app/asu_discord/cogs/analytics.py", line 652, in on_member_update
    before_timeout = before.timed_out_until
                     ^^^^^^^^^^^^^^^^^^^^^^
AttributeError: 'Member' object has no attribute 'timed_out_until'
Ignoring exception in on_member_update
Traceback (most recent call last):
  File "/usr/local/lib/python3.12/site-packages/discord/client.py", line 465, in _run_event
    await coro(*args, **kwargs)
  File "/app/asu_discord/cogs/analytics.py", line 652, in on_member_update
    before_timeout = before.timed_out_until
                     ^^^^^^^^^^^^^^^^^^^^^^
AttributeError: 'Member' object has no attribute 'timed_out_until'
Ignoring exception in on_member_update
Traceback (most recent call last):
  File "/usr/local/lib/python3.12/site-packages/discord/client.py", line 465, in _run_event
    await coro(*args, **kwargs)
  File "/app/asu_discord/cogs/analytics.py", line 652, in on_member_update
    before_timeout = before.timed_out_until
                     ^^^^^^^^^^^^^^^^^^^^^^
AttributeError: 'Member' object has no attribute 'timed_out_until'
INFO:asu_discord.cogs.verification:Saved 5 roles to database for user pcheseto (Discord ID: 1477944698852081734)
INFO:asu_discord.cogs.verification:Refreshed Salesforce roles for Discord user 1477944698852081734: -4/+5 roles, assigned=[Downtown Phoenix, First Generation Student, Graduate Student, International Student, Watts College of Public Service and Community Solutions]
Ignoring exception in on_member_update
Traceback (most recent call last):
  File "/usr/local/lib/python3.12/site-packages/discord/client.py", line 465, in _run_event
    await coro(*args, **kwargs)
  File "/app/asu_discord/cogs/analytics.py", line 652, in on_member_update
    before_timeout = before.timed_out_until
                     ^^^^^^^^^^^^^^^^^^^^^^
AttributeError: 'Member' object has no attribute 'timed_out_until'
Ignoring exception in on_member_update
Traceback (most recent call last):
  File "/usr/local/lib/python3.12/site-packages/discord/client.py", line 465, in _run_event
    await coro(*args, **kwargs)
  File "/app/asu_discord/cogs/analytics.py", line 652, in on_member_update
    before_timeout = before.timed_out_until
                     ^^^^^^^^^^^^^^^^^^^^^^
AttributeError: 'Member' object has no attribute 'timed_out_until'
Ignoring exception in on_member_update
Traceback (most recent call last):
  File "/usr/local/lib/python3.12/site-packages/discord/client.py", line 465, in _run_event
    await coro(*args, **kwargs)
  File "/app/asu_discord/cogs/analytics.py", line 652, in on_member_update
    before_timeout = before.timed_out_until
                     ^^^^^^^^^^^^^^^^^^^^^^
AttributeError: 'Member' object has no attribute 'timed_out_until'
Ignoring exception in on_member_update
Traceback (most recent call last):
  File "/usr/local/lib/python3.12/site-packages/discord/client.py", line 465, in _run_event
    await coro(*args, **kwargs)
  File "/app/asu_discord/cogs/analytics.py", line 652, in on_member_update
    before_timeout = before.timed_out_until
                     ^^^^^^^^^^^^^^^^^^^^^^
AttributeError: 'Member' object has no attribute 'timed_out_until'
Ignoring exception in on_member_update
Traceback (most recent call last):
  File "/usr/local/lib/python3.12/site-packages/discord/client.py", line 465, in _run_event
    await coro(*args, **kwargs)
  File "/app/asu_discord/cogs/analytics.py", line 652, in on_member_update
    before_timeout = before.timed_out_until
                     ^^^^^^^^^^^^^^^^^^^^^^
AttributeError: 'Member' object has no attribute 'timed_out_until'
Ignoring exception in on_member_update
Traceback (most recent call last):
  File "/usr/local/lib/python3.12/site-packages/discord/client.py", line 465, in _run_event
    await coro(*args, **kwargs)
  File "/app/asu_discord/cogs/analytics.py", line 652, in on_member_update
    before_timeout = before.timed_out_until
                     ^^^^^^^^^^^^^^^^^^^^^^
AttributeError: 'Member' object has no attribute 'timed_out_until'
Ignoring exception in on_member_update
Traceback (most recent call last):
  File "/usr/local/lib/python3.12/site-packages/discord/client.py", line 465, in _run_event
    await coro(*args, **kwargs)
  File "/app/asu_discord/cogs/analytics.py", line 652, in on_member_update
    before_timeout = before.timed_out_until
                     ^^^^^^^^^^^^^^^^^^^^^^
AttributeError: 'Member' object has no attribute 'timed_out_until'
Ignoring exception in on_member_update
Traceback (most recent call last):
  File "/usr/local/lib/python3.12/site-packages/discord/client.py", line 465, in _run_event
    await coro(*args, **kwargs)
  File "/app/asu_discord/cogs/analytics.py", line 652, in on_member_update
    before_timeout = before.timed_out_until
                     ^^^^^^^^^^^^^^^^^^^^^^
AttributeError: 'Member' object has no attribute 'timed_out_until'
Ignoring exception in on_member_update
Traceback (most recent call last):
  File "/usr/local/lib/python3.12/site-packages/discord/client.py", line 465, in _run_event
    await coro(*args, **kwargs)
  File "/app/asu_discord/cogs/analytics.py", line 652, in on_member_update
    before_timeout = before.timed_out_until
                     ^^^^^^^^^^^^^^^^^^^^^^
AttributeError: 'Member' object has no attribute 'timed_out_until'
Ignoring exception in on_member_update
Traceback (most recent call last):
  File "/usr/local/lib/python3.12/site-packages/discord/client.py", line 465, in _run_event
    await coro(*args, **kwargs)
  File "/app/asu_discord/cogs/analytics.py", line 652, in on_member_update
    before_timeout = before.timed_out_until
                     ^^^^^^^^^^^^^^^^^^^^^^
AttributeError: 'Member' object has no attribute 'timed_out_until'
Ignoring exception in on_member_update
Traceback (most recent call last):
  File "/usr/local/lib/python3.12/site-packages/discord/client.py", line 465, in _run_event
    await coro(*args, **kwargs)
  File "/app/asu_discord/cogs/analytics.py", line 652, in on_member_update
    before_timeout = before.timed_out_until
                     ^^^^^^^^^^^^^^^^^^^^^^
AttributeError: 'Member' object has no attribute 'timed_out_until'
Ignoring exception in on_member_update
Traceback (most recent call last):
  File "/usr/local/lib/python3.12/site-packages/discord/client.py", line 465, in _run_event
    await coro(*args, **kwargs)
  File "/app/asu_discord/cogs/analytics.py", line 652, in on_member_update
    before_timeout = before.timed_out_until
                     ^^^^^^^^^^^^^^^^^^^^^^
AttributeError: 'Member' object has no attribute 'timed_out_until'
INFO:asu_discord.cogs.verification:Saved 6 roles to database for user bcalvar2 (Discord ID: 1258625946383155222)
INFO:asu_discord.cogs.verification:Refreshed Salesforce roles for Discord user 1258625946383155222: -6/+6 roles, assigned=[Arizona Resident, College of Liberal Arts and Sciences, Commited, First Generation Student, First Year, Tempe]
Ignoring exception in on_member_update
Traceback (most recent call last):
  File "/usr/local/lib/python3.12/site-packages/discord/client.py", line 465, in _run_event
    await coro(*args, **kwargs)
  File "/app/asu_discord/cogs/analytics.py", line 652, in on_member_update
    before_timeout = before.timed_out_until
                     ^^^^^^^^^^^^^^^^^^^^^^
AttributeError: 'Member' object has no attribute 'timed_out_until'
Ignoring exception in on_member_update
Traceback (most recent call last):
  File "/usr/local/lib/python3.12/site-packages/discord/client.py", line 465, in _run_event
    await coro(*args, **kwargs)
  File "/app/asu_discord/cogs/analytics.py", line 652, in on_member_update
    before_timeout = before.timed_out_until
                     ^^^^^^^^^^^^^^^^^^^^^^
AttributeError: 'Member' object has no attribute 'timed_out_until'
Ignoring exception in on_member_update
Traceback (most recent call last):
  File "/usr/local/lib/python3.12/site-packages/discord/client.py", line 465, in _run_event
    await coro(*args, **kwargs)
  File "/app/asu_discord/cogs/analytics.py", line 652, in on_member_update
    before_timeout = before.timed_out_until
                     ^^^^^^^^^^^^^^^^^^^^^^
AttributeError: 'Member' object has no attribute 'timed_out_until'
Ignoring exception in on_member_update
Traceback (most recent call last):
  File "/usr/local/lib/python3.12/site-packages/discord/client.py", line 465, in _run_event
    await coro(*args, **kwargs)
  File "/app/asu_discord/cogs/analytics.py", line 652, in on_member_update
    before_timeout = before.timed_out_until
                     ^^^^^^^^^^^^^^^^^^^^^^
AttributeError: 'Member' object has no attribute 'timed_out_until'
Ignoring exception in on_member_update
Traceback (most recent call last):
  File "/usr/local/lib/python3.12/site-packages/discord/client.py", line 465, in _run_event
    await coro(*args, **kwargs)
  File "/app/asu_discord/cogs/analytics.py", line 652, in on_member_update
    before_timeout = before.timed_out_until
                     ^^^^^^^^^^^^^^^^^^^^^^
AttributeError: 'Member' object has no attribute 'timed_out_until'
Ignoring exception in on_member_update
Traceback (most recent call last):
  File "/usr/local/lib/python3.12/site-packages/discord/client.py", line 465, in _run_event
    await coro(*args, **kwargs)
  File "/app/asu_discord/cogs/analytics.py", line 652, in on_member_update
    before_timeout = before.timed_out_until
                     ^^^^^^^^^^^^^^^^^^^^^^
AttributeError: 'Member' object has no attribute 'timed_out_until'
Ignoring exception in on_member_update
Traceback (most recent call last):
  File "/usr/local/lib/python3.12/site-packages/discord/client.py", line 465, in _run_event
    await coro(*args, **kwargs)
  File "/app/asu_discord/cogs/analytics.py", line 652, in on_member_update
    before_timeout = before.timed_out_until
                     ^^^^^^^^^^^^^^^^^^^^^^
AttributeError: 'Member' object has no attribute 'timed_out_until'
Ignoring exception in on_member_update
Traceback (most recent call last):
  File "/usr/local/lib/python3.12/site-packages/discord/client.py", line 465, in _run_event
    await coro(*args, **kwargs)
  File "/app/asu_discord/cogs/analytics.py", line 652, in on_member_update
    before_timeout = before.timed_out_until
                     ^^^^^^^^^^^^^^^^^^^^^^
AttributeError: 'Member' object has no attribute 'timed_out_until'
INFO:asu_discord.cogs.verification:Saved 4 roles to database for user jacost54 (Discord ID: 288165543498743809)
INFO:asu_discord.cogs.verification:Refreshed Salesforce roles for Discord user 288165543498743809: -4/+4 roles, assigned=[Arizona Resident, College of Liberal Arts and Sciences, Tempe, Transfer Student]
Ignoring exception in on_member_update
Traceback (most recent call last):
  File "/usr/local/lib/python3.12/site-packages/discord/client.py", line 465, in _run_event
    await coro(*args, **kwargs)
  File "/app/asu_discord/cogs/analytics.py", line 652, in on_member_update
    before_timeout = before.timed_out_until
                     ^^^^^^^^^^^^^^^^^^^^^^
AttributeError: 'Member' object has no attribute 'timed_out_until'
Ignoring exception in on_member_update
Traceback (most recent call last):
  File "/usr/local/lib/python3.12/site-packages/discord/client.py", line 465, in _run_event
    await coro(*args, **kwargs)
  File "/app/asu_discord/cogs/analytics.py", line 652, in on_member_update
    before_timeout = before.timed_out_until
                     ^^^^^^^^^^^^^^^^^^^^^^
AttributeError: 'Member' object has no attribute 'timed_out_until'
Ignoring exception in on_member_update
Traceback (most recent call last):
  File "/usr/local/lib/python3.12/site-packages/discord/client.py", line 465, in _run_event
    await coro(*args, **kwargs)
  File "/app/asu_discord/cogs/analytics.py", line 652, in on_member_update
    before_timeout = before.timed_out_until
                     ^^^^^^^^^^^^^^^^^^^^^^
AttributeError: 'Member' object has no attribute 'timed_out_until'
Ignoring exception in on_member_update
Traceback (most recent call last):
  File "/usr/local/lib/python3.12/site-packages/discord/client.py", line 465, in _run_event
    await coro(*args, **kwargs)
  File "/app/asu_discord/cogs/analytics.py", line 652, in on_member_update
    before_timeout = before.timed_out_until
                     ^^^^^^^^^^^^^^^^^^^^^^
AttributeError: 'Member' object has no attribute 'timed_out_until'
Ignoring exception in on_member_update
Traceback (most recent call last):
  File "/usr/local/lib/python3.12/site-packages/discord/client.py", line 465, in _run_event
    await coro(*args, **kwargs)
  File "/app/asu_discord/cogs/analytics.py", line 652, in on_member_update
    before_timeout = before.timed_out_until
                     ^^^^^^^^^^^^^^^^^^^^^^
AttributeError: 'Member' object has no attribute 'timed_out_until'
Ignoring exception in on_member_update
Traceback (most recent call last):
  File "/usr/local/lib/python3.12/site-packages/discord/client.py", line 465, in _run_event
    await coro(*args, **kwargs)
  File "/app/asu_discord/cogs/analytics.py", line 652, in on_member_update
    before_timeout = before.timed_out_until
                     ^^^^^^^^^^^^^^^^^^^^^^
AttributeError: 'Member' object has no attribute 'timed_out_until'
Ignoring exception in on_member_update
Traceback (most recent call last):
  File "/usr/local/lib/python3.12/site-packages/discord/client.py", line 465, in _run_event
    await coro(*args, **kwargs)
  File "/app/asu_discord/cogs/analytics.py", line 652, in on_member_update
    before_timeout = before.timed_out_until
                     ^^^^^^^^^^^^^^^^^^^^^^
AttributeError: 'Member' object has no attribute 'timed_out_until'
Ignoring exception in on_member_update
Traceback (most recent call last):
  File "/usr/local/lib/python3.12/site-packages/discord/client.py", line 465, in _run_event
    await coro(*args, **kwargs)
  File "/app/asu_discord/cogs/analytics.py", line 652, in on_member_update
    before_timeout = before.timed_out_until
                     ^^^^^^^^^^^^^^^^^^^^^^
AttributeError: 'Member' object has no attribute 'timed_out_until'
Ignoring exception in on_member_update
Traceback (most recent call last):
  File "/usr/local/lib/python3.12/site-packages/discord/client.py", line 465, in _run_event
    await coro(*args, **kwargs)
  File "/app/asu_discord/cogs/analytics.py", line 652, in on_member_update
    before_timeout = before.timed_out_until
                     ^^^^^^^^^^^^^^^^^^^^^^
AttributeError: 'Member' object has no attribute 'timed_out_until'
Ignoring exception in on_member_update
Traceback (most recent call last):
  File "/usr/local/lib/python3.12/site-packages/discord/client.py", line 465, in _run_event
    await coro(*args, **kwargs)
  File "/app/asu_discord/cogs/analytics.py", line 652, in on_member_update
    before_timeout = before.timed_out_until
                     ^^^^^^^^^^^^^^^^^^^^^^
AttributeError: 'Member' object has no attribute 'timed_out_until'
Ignoring exception in on_member_update
Traceback (most recent call last):
  File "/usr/local/lib/python3.12/site-packages/discord/client.py", line 465, in _run_event
    await coro(*args, **kwargs)
  File "/app/asu_discord/cogs/analytics.py", line 652, in on_member_update
    before_timeout = before.timed_out_until
                     ^^^^^^^^^^^^^^^^^^^^^^
AttributeError: 'Member' object has no attribute 'timed_out_until'
Ignoring exception in on_member_update
Traceback (most recent call last):
  File "/usr/local/lib/python3.12/site-packages/discord/client.py", line 465, in _run_event
    await coro(*args, **kwargs)
  File "/app/asu_discord/cogs/analytics.py", line 652, in on_member_update
    before_timeout = before.timed_out_until
                     ^^^^^^^^^^^^^^^^^^^^^^
AttributeError: 'Member' object has no attribute 'timed_out_until'
INFO:asu_discord.cogs.verification:Saved 6 roles to database for user vsgarza (Discord ID: 1511607863959752776)
INFO:asu_discord.cogs.verification:Refreshed Salesforce roles for Discord user 1511607863959752776: -6/+6 roles, assigned=[Commited, Downtown Phoenix, First Generation Student, Graduate Student, Out of State, Walter Cronkite School of Journalism and Mass Communication]
Ignoring exception in on_member_update
Traceback (most recent call last):
  File "/usr/local/lib/python3.12/site-packages/discord/client.py", line 465, in _run_event
    await coro(*args, **kwargs)
  File "/app/asu_discord/cogs/analytics.py", line 652, in on_member_update
    before_timeout = before.timed_out_until
                     ^^^^^^^^^^^^^^^^^^^^^^
AttributeError: 'Member' object has no attribute 'timed_out_until'
Ignoring exception in on_member_update
Traceback (most recent call last):
  File "/usr/local/lib/python3.12/site-packages/discord/client.py", line 465, in _run_event
    await coro(*args, **kwargs)
  File "/app/asu_discord/cogs/analytics.py", line 652, in on_member_update
    before_timeout = before.timed_out_until
                     ^^^^^^^^^^^^^^^^^^^^^^
AttributeError: 'Member' object has no attribute 'timed_out_until'
Ignoring exception in on_member_update
Traceback (most recent call last):
  File "/usr/local/lib/python3.12/site-packages/discord/client.py", line 465, in _run_event
    await coro(*args, **kwargs)
  File "/app/asu_discord/cogs/analytics.py", line 652, in on_member_update
    before_timeout = before.timed_out_until
                     ^^^^^^^^^^^^^^^^^^^^^^
AttributeError: 'Member' object has no attribute 'timed_out_until'
Ignoring exception in on_member_update
Traceback (most recent call last):
  File "/usr/local/lib/python3.12/site-packages/discord/client.py", line 465, in _run_event
    await coro(*args, **kwargs)
  File "/app/asu_discord/cogs/analytics.py", line 652, in on_member_update
    before_timeout = before.timed_out_until
                     ^^^^^^^^^^^^^^^^^^^^^^
AttributeError: 'Member' object has no attribute 'timed_out_until'
Ignoring exception in on_member_update
Traceback (most recent call last):
  File "/usr/local/lib/python3.12/site-packages/discord/client.py", line 465, in _run_event
    await coro(*args, **kwargs)
  File "/app/asu_discord/cogs/analytics.py", line 652, in on_member_update
    before_timeout = before.timed_out_until
                     ^^^^^^^^^^^^^^^^^^^^^^
AttributeError: 'Member' object has no attribute 'timed_out_until'
Ignoring exception in on_member_update
Traceback (most recent call last):
  File "/usr/local/lib/python3.12/site-packages/discord/client.py", line 465, in _run_event
    await coro(*args, **kwargs)
  File "/app/asu_discord/cogs/analytics.py", line 652, in on_member_update
    before_timeout = before.timed_out_until
                     ^^^^^^^^^^^^^^^^^^^^^^
AttributeError: 'Member' object has no attribute 'timed_out_until'
Ignoring exception in on_member_update
Traceback (most recent call last):
  File "/usr/local/lib/python3.12/site-packages/discord/client.py", line 465, in _run_event
    await coro(*args, **kwargs)
  File "/app/asu_discord/cogs/analytics.py", line 652, in on_member_update
    before_timeout = before.timed_out_until
                     ^^^^^^^^^^^^^^^^^^^^^^
AttributeError: 'Member' object has no attribute 'timed_out_until'
Ignoring exception in on_member_update
Traceback (most recent call last):
  File "/usr/local/lib/python3.12/site-packages/discord/client.py", line 465, in _run_event
    await coro(*args, **kwargs)
  File "/app/asu_discord/cogs/analytics.py", line 652, in on_member_update
    before_timeout = before.timed_out_until
                     ^^^^^^^^^^^^^^^^^^^^^^
AttributeError: 'Member' object has no attribute 'timed_out_until'
Ignoring exception in on_member_update
Traceback (most recent call last):
  File "/usr/local/lib/python3.12/site-packages/discord/client.py", line 465, in _run_event
    await coro(*args, **kwargs)
  File "/app/asu_discord/cogs/analytics.py", line 652, in on_member_update
    before_timeout = before.timed_out_until
                     ^^^^^^^^^^^^^^^^^^^^^^
AttributeError: 'Member' object has no attribute 'timed_out_until'
Ignoring exception in on_member_update
Traceback (most recent call last):
  File "/usr/local/lib/python3.12/site-packages/discord/client.py", line 465, in _run_event
    await coro(*args, **kwargs)
  File "/app/asu_discord/cogs/analytics.py", line 652, in on_member_update
    before_timeout = before.timed_out_until
                     ^^^^^^^^^^^^^^^^^^^^^^
AttributeError: 'Member' object has no attribute 'timed_out_until'
Ignoring exception in on_member_update
Traceback (most recent call last):
  File "/usr/local/lib/python3.12/site-packages/discord/client.py", line 465, in _run_event
    await coro(*args, **kwargs)
  File "/app/asu_discord/cogs/analytics.py", line 652, in on_member_update
    before_timeout = before.timed_out_until
                     ^^^^^^^^^^^^^^^^^^^^^^
AttributeError: 'Member' object has no attribute 'timed_out_until'
INFO:asu_discord.cogs.verification:Saved 5 roles to database for user szmoore (Discord ID: 1505040803356086372)
INFO:asu_discord.cogs.verification:Refreshed Salesforce roles for Discord user 1505040803356086372: -5/+5 roles, assigned=[Arizona Resident, Commited, New College of Interdisciplinary Arts and Sciences, Tempe, Transfer Student]
Ignoring exception in on_member_update
Traceback (most recent call last):
  File "/usr/local/lib/python3.12/site-packages/discord/client.py", line 465, in _run_event
    await coro(*args, **kwargs)
  File "/app/asu_discord/cogs/analytics.py", line 652, in on_member_update
    before_timeout = before.timed_out_until
                     ^^^^^^^^^^^^^^^^^^^^^^
AttributeError: 'Member' object has no attribute 'timed_out_until'
Ignoring exception in on_member_update
Traceback (most recent call last):
  File "/usr/local/lib/python3.12/site-packages/discord/client.py", line 465, in _run_event
    await coro(*args, **kwargs)
  File "/app/asu_discord/cogs/analytics.py", line 652, in on_member_update
    before_timeout = before.timed_out_until
                     ^^^^^^^^^^^^^^^^^^^^^^
AttributeError: 'Member' object has no attribute 'timed_out_until'
Ignoring exception in on_member_update
Traceback (most recent call last):
  File "/usr/local/lib/python3.12/site-packages/discord/client.py", line 465, in _run_event
    await coro(*args, **kwargs)
  File "/app/asu_discord/cogs/analytics.py", line 652, in on_member_update
    before_timeout = before.timed_out_until
                     ^^^^^^^^^^^^^^^^^^^^^^
AttributeError: 'Member' object has no attribute 'timed_out_until'
Ignoring exception in on_member_update
Traceback (most recent call last):
  File "/usr/local/lib/python3.12/site-packages/discord/client.py", line 465, in _run_event
    await coro(*args, **kwargs)
  File "/app/asu_discord/cogs/analytics.py", line 652, in on_member_update
    before_timeout = before.timed_out_until
                     ^^^^^^^^^^^^^^^^^^^^^^
AttributeError: 'Member' object has no attribute 'timed_out_until'
Ignoring exception in on_member_update
Traceback (most recent call last):
  File "/usr/local/lib/python3.12/site-packages/discord/client.py", line 465, in _run_event
    await coro(*args, **kwargs)
  File "/app/asu_discord/cogs/analytics.py", line 652, in on_member_update
    before_timeout = before.timed_out_until
                     ^^^^^^^^^^^^^^^^^^^^^^
AttributeError: 'Member' object has no attribute 'timed_out_until'
Ignoring exception in on_member_update
Traceback (most recent call last):
  File "/usr/local/lib/python3.12/site-packages/discord/client.py", line 465, in _run_event
    await coro(*args, **kwargs)
  File "/app/asu_discord/cogs/analytics.py", line 652, in on_member_update
    before_timeout = before.timed_out_until
                     ^^^^^^^^^^^^^^^^^^^^^^
AttributeError: 'Member' object has no attribute 'timed_out_until'
Ignoring exception in on_member_update
Traceback (most recent call last):
  File "/usr/local/lib/python3.12/site-packages/discord/client.py", line 465, in _run_event
    await coro(*args, **kwargs)
  File "/app/asu_discord/cogs/analytics.py", line 652, in on_member_update
    before_timeout = before.timed_out_until
                     ^^^^^^^^^^^^^^^^^^^^^^
AttributeError: 'Member' object has no attribute 'timed_out_until'
Ignoring exception in on_member_update
Traceback (most recent call last):
  File "/usr/local/lib/python3.12/site-packages/discord/client.py", line 465, in _run_event
    await coro(*args, **kwargs)
  File "/app/asu_discord/cogs/analytics.py", line 652, in on_member_update
    before_timeout = before.timed_out_until
                     ^^^^^^^^^^^^^^^^^^^^^^
AttributeError: 'Member' object has no attribute 'timed_out_until'
Ignoring exception in on_member_update
Traceback (most recent call last):
  File "/usr/local/lib/python3.12/site-packages/discord/client.py", line 465, in _run_event
    await coro(*args, **kwargs)
  File "/app/asu_discord/cogs/analytics.py", line 652, in on_member_update
    before_timeout = before.timed_out_until
                     ^^^^^^^^^^^^^^^^^^^^^^
AttributeError: 'Member' object has no attribute 'timed_out_until'
Ignoring exception in on_member_update
Traceback (most recent call last):
  File "/usr/local/lib/python3.12/site-packages/discord/client.py", line 465, in _run_event
    await coro(*args, **kwargs)
  File "/app/asu_discord/cogs/analytics.py", line 652, in on_member_update
    before_timeout = before.timed_out_until
                     ^^^^^^^^^^^^^^^^^^^^^^
AttributeError: 'Member' object has no attribute 'timed_out_until'
INFO:asu_discord.cogs.verification:Saved 5 roles to database for user memarq14 (Discord ID: 1488715778953056378)
INFO:asu_discord.cogs.verification:Refreshed Salesforce roles for Discord user 1488715778953056378: -5/+5 roles, assigned=[Arizona Resident, Downtown Phoenix, First Generation Student, First Year, Watts College of Public Service and Community Solutions]
Ignoring exception in on_member_update
Traceback (most recent call last):
  File "/usr/local/lib/python3.12/site-packages/discord/client.py", line 465, in _run_event
    await coro(*args, **kwargs)
  File "/app/asu_discord/cogs/analytics.py", line 652, in on_member_update
    before_timeout = before.timed_out_until
                     ^^^^^^^^^^^^^^^^^^^^^^
AttributeError: 'Member' object has no attribute 'timed_out_until'
Ignoring exception in on_member_update
Traceback (most recent call last):
  File "/usr/local/lib/python3.12/site-packages/discord/client.py", line 465, in _run_event
    await coro(*args, **kwargs)
  File "/app/asu_discord/cogs/analytics.py", line 652, in on_member_update
    before_timeout = before.timed_out_until
                     ^^^^^^^^^^^^^^^^^^^^^^
AttributeError: 'Member' object has no attribute 'timed_out_until'
Ignoring exception in on_member_update
Traceback (most recent call last):
  File "/usr/local/lib/python3.12/site-packages/discord/client.py", line 465, in _run_event
    await coro(*args, **kwargs)
  File "/app/asu_discord/cogs/analytics.py", line 652, in on_member_update
    before_timeout = before.timed_out_until
                     ^^^^^^^^^^^^^^^^^^^^^^
AttributeError: 'Member' object has no attribute 'timed_out_until'
Ignoring exception in on_member_update
Traceback (most recent call last):
  File "/usr/local/lib/python3.12/site-packages/discord/client.py", line 465, in _run_event
    await coro(*args, **kwargs)
  File "/app/asu_discord/cogs/analytics.py", line 652, in on_member_update
    before_timeout = before.timed_out_until
                     ^^^^^^^^^^^^^^^^^^^^^^
AttributeError: 'Member' object has no attribute 'timed_out_until'
Ignoring exception in on_member_update
Traceback (most recent call last):
  File "/usr/local/lib/python3.12/site-packages/discord/client.py", line 465, in _run_event
    await coro(*args, **kwargs)
  File "/app/asu_discord/cogs/analytics.py", line 652, in on_member_update
    before_timeout = before.timed_out_until
                     ^^^^^^^^^^^^^^^^^^^^^^
AttributeError: 'Member' object has no attribute 'timed_out_until'
Ignoring exception in on_member_update
Traceback (most recent call last):
  File "/usr/local/lib/python3.12/site-packages/discord/client.py", line 465, in _run_event
    await coro(*args, **kwargs)
  File "/app/asu_discord/cogs/analytics.py", line 652, in on_member_update
    before_timeout = before.timed_out_until
                     ^^^^^^^^^^^^^^^^^^^^^^
AttributeError: 'Member' object has no attribute 'timed_out_until'
Ignoring exception in on_member_update
Traceback (most recent call last):
  File "/usr/local/lib/python3.12/site-packages/discord/client.py", line 465, in _run_event
    await coro(*args, **kwargs)
  File "/app/asu_discord/cogs/analytics.py", line 652, in on_member_update
    before_timeout = before.timed_out_until
                     ^^^^^^^^^^^^^^^^^^^^^^
AttributeError: 'Member' object has no attribute 'timed_out_until'
Ignoring exception in on_member_update
Traceback (most recent call last):
  File "/usr/local/lib/python3.12/site-packages/discord/client.py", line 465, in _run_event
    await coro(*args, **kwargs)
  File "/app/asu_discord/cogs/analytics.py", line 652, in on_member_update
    before_timeout = before.timed_out_until
                     ^^^^^^^^^^^^^^^^^^^^^^
AttributeError: 'Member' object has no attribute 'timed_out_until'
Ignoring exception in on_member_update
Traceback (most recent call last):
  File "/usr/local/lib/python3.12/site-packages/discord/client.py", line 465, in _run_event
    await coro(*args, **kwargs)
  File "/app/asu_discord/cogs/analytics.py", line 652, in on_member_update
    before_timeout = before.timed_out_until
                     ^^^^^^^^^^^^^^^^^^^^^^
AttributeError: 'Member' object has no attribute 'timed_out_until'
Ignoring exception in on_member_update
Traceback (most recent call last):
  File "/usr/local/lib/python3.12/site-packages/discord/client.py", line 465, in _run_event
    await coro(*args, **kwargs)
  File "/app/asu_discord/cogs/analytics.py", line 652, in on_member_update
    before_timeout = before.timed_out_until
                     ^^^^^^^^^^^^^^^^^^^^^^
AttributeError: 'Member' object has no attribute 'timed_out_until'
Ignoring exception in on_member_update
Traceback (most recent call last):
  File "/usr/local/lib/python3.12/site-packages/discord/client.py", line 465, in _run_event
    await coro(*args, **kwargs)
  File "/app/asu_discord/cogs/analytics.py", line 652, in on_member_update
    before_timeout = before.timed_out_until
                     ^^^^^^^^^^^^^^^^^^^^^^
AttributeError: 'Member' object has no attribute 'timed_out_until'
INFO:asu_discord.cogs.verification:Saved 6 roles to database for user jbcohen6 (Discord ID: 1226690591560175627)
INFO:asu_discord.cogs.verification:Refreshed Salesforce roles for Discord user 1226690591560175627: -5/+6 roles, assigned=[Commited, First Year, Ira A. Fulton Schools of Engineering, Out of State, Tempe, Upperclassmen]
Ignoring exception in on_member_update
Traceback (most recent call last):
  File "/usr/local/lib/python3.12/site-packages/discord/client.py", line 465, in _run_event
    await coro(*args, **kwargs)
  File "/app/asu_discord/cogs/analytics.py", line 652, in on_member_update
    before_timeout = before.timed_out_until
                     ^^^^^^^^^^^^^^^^^^^^^^
AttributeError: 'Member' object has no attribute 'timed_out_until'
Ignoring exception in on_member_update
Traceback (most recent call last):
  File "/usr/local/lib/python3.12/site-packages/discord/client.py", line 465, in _run_event
    await coro(*args, **kwargs)
  File "/app/asu_discord/cogs/analytics.py", line 652, in on_member_update
    before_timeout = before.timed_out_until
                     ^^^^^^^^^^^^^^^^^^^^^^
AttributeError: 'Member' object has no attribute 'timed_out_until'
Ignoring exception in on_member_update
Traceback (most recent call last):
  File "/usr/local/lib/python3.12/site-packages/discord/client.py", line 465, in _run_event
    await coro(*args, **kwargs)
  File "/app/asu_discord/cogs/analytics.py", line 652, in on_member_update
    before_timeout = before.timed_out_until
                     ^^^^^^^^^^^^^^^^^^^^^^
AttributeError: 'Member' object has no attribute 'timed_out_until'
Ignoring exception in on_member_update
Traceback (most recent call last):
  File "/usr/local/lib/python3.12/site-packages/discord/client.py", line 465, in _run_event
    await coro(*args, **kwargs)
  File "/app/asu_discord/cogs/analytics.py", line 652, in on_member_update
    before_timeout = before.timed_out_until
                     ^^^^^^^^^^^^^^^^^^^^^^
AttributeError: 'Member' object has no attribute 'timed_out_until'
Ignoring exception in on_member_update
Traceback (most recent call last):
  File "/usr/local/lib/python3.12/site-packages/discord/client.py", line 465, in _run_event
    await coro(*args, **kwargs)
  File "/app/asu_discord/cogs/analytics.py", line 652, in on_member_update
    before_timeout = before.timed_out_until
                     ^^^^^^^^^^^^^^^^^^^^^^
AttributeError: 'Member' object has no attribute 'timed_out_until'
Ignoring exception in on_member_update
Traceback (most recent call last):
  File "/usr/local/lib/python3.12/site-packages/discord/client.py", line 465, in _run_event
    await coro(*args, **kwargs)
  File "/app/asu_discord/cogs/analytics.py", line 652, in on_member_update
    before_timeout = before.timed_out_until
                     ^^^^^^^^^^^^^^^^^^^^^^
AttributeError: 'Member' object has no attribute 'timed_out_until'
Ignoring exception in on_member_update
Traceback (most recent call last):
  File "/usr/local/lib/python3.12/site-packages/discord/client.py", line 465, in _run_event
    await coro(*args, **kwargs)
  File "/app/asu_discord/cogs/analytics.py", line 652, in on_member_update
    before_timeout = before.timed_out_until
                     ^^^^^^^^^^^^^^^^^^^^^^
AttributeError: 'Member' object has no attribute 'timed_out_until'
Ignoring exception in on_member_update
Traceback (most recent call last):
  File "/usr/local/lib/python3.12/site-packages/discord/client.py", line 465, in _run_event
    await coro(*args, **kwargs)
  File "/app/asu_discord/cogs/analytics.py", line 652, in on_member_update
    before_timeout = before.timed_out_until
                     ^^^^^^^^^^^^^^^^^^^^^^
AttributeError: 'Member' object has no attribute 'timed_out_until'
Ignoring exception in on_member_update
Traceback (most recent call last):
  File "/usr/local/lib/python3.12/site-packages/discord/client.py", line 465, in _run_event
    await coro(*args, **kwargs)
  File "/app/asu_discord/cogs/analytics.py", line 652, in on_member_update
    before_timeout = before.timed_out_until
                     ^^^^^^^^^^^^^^^^^^^^^^
AttributeError: 'Member' object has no attribute 'timed_out_until'
Ignoring exception in on_member_update
Traceback (most recent call last):
  File "/usr/local/lib/python3.12/site-packages/discord/client.py", line 465, in _run_event
    await coro(*args, **kwargs)
  File "/app/asu_discord/cogs/analytics.py", line 652, in on_member_update
    before_timeout = before.timed_out_until
                     ^^^^^^^^^^^^^^^^^^^^^^
AttributeError: 'Member' object has no attribute 'timed_out_until'
INFO:asu_discord.cogs.verification:Saved 5 roles to database for user lmarinoe (Discord ID: 1448836083939807295)
INFO:asu_discord.cogs.verification:Refreshed Salesforce roles for Discord user 1448836083939807295: -5/+5 roles, assigned=[Arizona Resident, College of Health Solutions, Downtown Phoenix, First Generation Student, First Year]
Ignoring exception in on_member_update
Traceback (most recent call last):
  File "/usr/local/lib/python3.12/site-packages/discord/client.py", line 465, in _run_event
    await coro(*args, **kwargs)
  File "/app/asu_discord/cogs/analytics.py", line 652, in on_member_update
    before_timeout = before.timed_out_until
                     ^^^^^^^^^^^^^^^^^^^^^^
AttributeError: 'Member' object has no attribute 'timed_out_until'
Ignoring exception in on_member_update
Traceback (most recent call last):
  File "/usr/local/lib/python3.12/site-packages/discord/client.py", line 465, in _run_event
    await coro(*args, **kwargs)
  File "/app/asu_discord/cogs/analytics.py", line 652, in on_member_update
    before_timeout = before.timed_out_until
                     ^^^^^^^^^^^^^^^^^^^^^^
AttributeError: 'Member' object has no attribute 'timed_out_until'
Ignoring exception in on_member_update
Traceback (most recent call last):
  File "/usr/local/lib/python3.12/site-packages/discord/client.py", line 465, in _run_event
    await coro(*args, **kwargs)
  File "/app/asu_discord/cogs/analytics.py", line 652, in on_member_update
    before_timeout = before.timed_out_until
                     ^^^^^^^^^^^^^^^^^^^^^^
AttributeError: 'Member' object has no attribute 'timed_out_until'
Ignoring exception in on_member_update
Traceback (most recent call last):
  File "/usr/local/lib/python3.12/site-packages/discord/client.py", line 465, in _run_event
    await coro(*args, **kwargs)
  File "/app/asu_discord/cogs/analytics.py", line 652, in on_member_update
    before_timeout = before.timed_out_until
                     ^^^^^^^^^^^^^^^^^^^^^^
AttributeError: 'Member' object has no attribute 'timed_out_until'
Ignoring exception in on_member_update
Traceback (most recent call last):
  File "/usr/local/lib/python3.12/site-packages/discord/client.py", line 465, in _run_event
    await coro(*args, **kwargs)
  File "/app/asu_discord/cogs/analytics.py", line 652, in on_member_update
    before_timeout = before.timed_out_until
                     ^^^^^^^^^^^^^^^^^^^^^^
AttributeError: 'Member' object has no attribute 'timed_out_until'
Ignoring exception in on_member_update
Traceback (most recent call last):
  File "/usr/local/lib/python3.12/site-packages/discord/client.py", line 465, in _run_event
    await coro(*args, **kwargs)
  File "/app/asu_discord/cogs/analytics.py", line 652, in on_member_update
    before_timeout = before.timed_out_until
                     ^^^^^^^^^^^^^^^^^^^^^^
AttributeError: 'Member' object has no attribute 'timed_out_until'
Ignoring exception in on_member_update
Traceback (most recent call last):
  File "/usr/local/lib/python3.12/site-packages/discord/client.py", line 465, in _run_event
    await coro(*args, **kwargs)
  File "/app/asu_discord/cogs/analytics.py", line 652, in on_member_update
    before_timeout = before.timed_out_until
                     ^^^^^^^^^^^^^^^^^^^^^^
AttributeError: 'Member' object has no attribute 'timed_out_until'
Ignoring exception in on_member_update
Traceback (most recent call last):
  File "/usr/local/lib/python3.12/site-packages/discord/client.py", line 465, in _run_event
    await coro(*args, **kwargs)
  File "/app/asu_discord/cogs/analytics.py", line 652, in on_member_update
    before_timeout = before.timed_out_until
                     ^^^^^^^^^^^^^^^^^^^^^^
AttributeError: 'Member' object has no attribute 'timed_out_until'
Ignoring exception in on_member_update
Traceback (most recent call last):
  File "/usr/local/lib/python3.12/site-packages/discord/client.py", line 465, in _run_event
    await coro(*args, **kwargs)
  File "/app/asu_discord/cogs/analytics.py", line 652, in on_member_update
    before_timeout = before.timed_out_until
                     ^^^^^^^^^^^^^^^^^^^^^^
AttributeError: 'Member' object has no attribute 'timed_out_until'
INFO:asu_discord.cogs.verification:Saved 5 roles to database for user emart315 (Discord ID: 613858173408903196)
INFO:asu_discord.cogs.verification:Refreshed Salesforce roles for Discord user 613858173408903196: -5/+5 roles, assigned=[Arizona Resident, Commited, Herberger Institute for Design and the Arts, Tempe, Transfer Student]
Ignoring exception in on_member_update
Traceback (most recent call last):
  File "/usr/local/lib/python3.12/site-packages/discord/client.py", line 465, in _run_event
    await coro(*args, **kwargs)
  File "/app/asu_discord/cogs/analytics.py", line 652, in on_member_update
    before_timeout = before.timed_out_until
                     ^^^^^^^^^^^^^^^^^^^^^^
AttributeError: 'Member' object has no attribute 'timed_out_until'
Ignoring exception in on_member_update
Traceback (most recent call last):
  File "/usr/local/lib/python3.12/site-packages/discord/client.py", line 465, in _run_event
    await coro(*args, **kwargs)
  File "/app/asu_discord/cogs/analytics.py", line 652, in on_member_update
    before_timeout = before.timed_out_until
                     ^^^^^^^^^^^^^^^^^^^^^^
AttributeError: 'Member' object has no attribute 'timed_out_until'
Ignoring exception in on_member_update
Traceback (most recent call last):
  File "/usr/local/lib/python3.12/site-packages/discord/client.py", line 465, in _run_event
    await coro(*args, **kwargs)
  File "/app/asu_discord/cogs/analytics.py", line 652, in on_member_update
    before_timeout = before.timed_out_until
                     ^^^^^^^^^^^^^^^^^^^^^^
AttributeError: 'Member' object has no attribute 'timed_out_until'
Ignoring exception in on_member_update
Traceback (most recent call last):
  File "/usr/local/lib/python3.12/site-packages/discord/client.py", line 465, in _run_event
    await coro(*args, **kwargs)
  File "/app/asu_discord/cogs/analytics.py", line 652, in on_member_update
    before_timeout = before.timed_out_until
                     ^^^^^^^^^^^^^^^^^^^^^^
AttributeError: 'Member' object has no attribute 'timed_out_until'
Ignoring exception in on_member_update
Traceback (most recent call last):
  File "/usr/local/lib/python3.12/site-packages/discord/client.py", line 465, in _run_event
    await coro(*args, **kwargs)
  File "/app/asu_discord/cogs/analytics.py", line 652, in on_member_update
    before_timeout = before.timed_out_until
                     ^^^^^^^^^^^^^^^^^^^^^^
AttributeError: 'Member' object has no attribute 'timed_out_until'
Ignoring exception in on_member_update
Traceback (most recent call last):
  File "/usr/local/lib/python3.12/site-packages/discord/client.py", line 465, in _run_event
    await coro(*args, **kwargs)
  File "/app/asu_discord/cogs/analytics.py", line 652, in on_member_update
    before_timeout = before.timed_out_until
                     ^^^^^^^^^^^^^^^^^^^^^^
AttributeError: 'Member' object has no attribute 'timed_out_until'
Ignoring exception in on_member_update
Traceback (most recent call last):
  File "/usr/local/lib/python3.12/site-packages/discord/client.py", line 465, in _run_event
    await coro(*args, **kwargs)
  File "/app/asu_discord/cogs/analytics.py", line 652, in on_member_update
    before_timeout = before.timed_out_until
                     ^^^^^^^^^^^^^^^^^^^^^^
AttributeError: 'Member' object has no attribute 'timed_out_until'
Ignoring exception in on_member_update
Traceback (most recent call last):
  File "/usr/local/lib/python3.12/site-packages/discord/client.py", line 465, in _run_event
    await coro(*args, **kwargs)
  File "/app/asu_discord/cogs/analytics.py", line 652, in on_member_update
    before_timeout = before.timed_out_until
                     ^^^^^^^^^^^^^^^^^^^^^^
AttributeError: 'Member' object has no attribute 'timed_out_until'
Ignoring exception in on_member_update
Traceback (most recent call last):
  File "/usr/local/lib/python3.12/site-packages/discord/client.py", line 465, in _run_event
    await coro(*args, **kwargs)
  File "/app/asu_discord/cogs/analytics.py", line 652, in on_member_update
    before_timeout = before.timed_out_until
                     ^^^^^^^^^^^^^^^^^^^^^^
AttributeError: 'Member' object has no attribute 'timed_out_until'
Ignoring exception in on_member_update
Traceback (most recent call last):
  File "/usr/local/lib/python3.12/site-packages/discord/client.py", line 465, in _run_event
    await coro(*args, **kwargs)
  File "/app/asu_discord/cogs/analytics.py", line 652, in on_member_update
    before_timeout = before.timed_out_until
                     ^^^^^^^^^^^^^^^^^^^^^^
AttributeError: 'Member' object has no attribute 'timed_out_until'
Ignoring exception in on_member_update
Traceback (most recent call last):
  File "/usr/local/lib/python3.12/site-packages/discord/client.py", line 465, in _run_event
    await coro(*args, **kwargs)
  File "/app/asu_discord/cogs/analytics.py", line 652, in on_member_update
    before_timeout = before.timed_out_until
                     ^^^^^^^^^^^^^^^^^^^^^^
AttributeError: 'Member' object has no attribute 'timed_out_until'
INFO:asu_discord.cogs.verification:Saved 5 roles to database for user amena126 (Discord ID: 993282342275776562)
INFO:asu_discord.cogs.verification:Refreshed Salesforce roles for Discord user 993282342275776562: -5/+5 roles, assigned=[Arizona Resident, College of Integrative Sciences and Arts, First Generation Student, First Year, Tempe]
Ignoring exception in on_member_update
Traceback (most recent call last):
  File "/usr/local/lib/python3.12/site-packages/discord/client.py", line 465, in _run_event
    await coro(*args, **kwargs)
  File "/app/asu_discord/cogs/analytics.py", line 652, in on_member_update
    before_timeout = before.timed_out_until
                     ^^^^^^^^^^^^^^^^^^^^^^
AttributeError: 'Member' object has no attribute 'timed_out_until'
Ignoring exception in on_member_update
Traceback (most recent call last):
  File "/usr/local/lib/python3.12/site-packages/discord/client.py", line 465, in _run_event
    await coro(*args, **kwargs)
  File "/app/asu_discord/cogs/analytics.py", line 652, in on_member_update
    before_timeout = before.timed_out_until
                     ^^^^^^^^^^^^^^^^^^^^^^
AttributeError: 'Member' object has no attribute 'timed_out_until'
Ignoring exception in on_member_update
Traceback (most recent call last):
  File "/usr/local/lib/python3.12/site-packages/discord/client.py", line 465, in _run_event
    await coro(*args, **kwargs)
  File "/app/asu_discord/cogs/analytics.py", line 652, in on_member_update
    before_timeout = before.timed_out_until
                     ^^^^^^^^^^^^^^^^^^^^^^
AttributeError: 'Member' object has no attribute 'timed_out_until'
Ignoring exception in on_member_update
Traceback (most recent call last):
  File "/usr/local/lib/python3.12/site-packages/discord/client.py", line 465, in _run_event
    await coro(*args, **kwargs)
  File "/app/asu_discord/cogs/analytics.py", line 652, in on_member_update
    before_timeout = before.timed_out_until
                     ^^^^^^^^^^^^^^^^^^^^^^
AttributeError: 'Member' object has no attribute 'timed_out_until'
Ignoring exception in on_member_update
Traceback (most recent call last):
  File "/usr/local/lib/python3.12/site-packages/discord/client.py", line 465, in _run_event
    await coro(*args, **kwargs)
  File "/app/asu_discord/cogs/analytics.py", line 652, in on_member_update
    before_timeout = before.timed_out_until
                     ^^^^^^^^^^^^^^^^^^^^^^
AttributeError: 'Member' object has no attribute 'timed_out_until'
Ignoring exception in on_member_update
Traceback (most recent call last):
  File "/usr/local/lib/python3.12/site-packages/discord/client.py", line 465, in _run_event
    await coro(*args, **kwargs)
  File "/app/asu_discord/cogs/analytics.py", line 652, in on_member_update
    before_timeout = before.timed_out_until
                     ^^^^^^^^^^^^^^^^^^^^^^
AttributeError: 'Member' object has no attribute 'timed_out_until'
Ignoring exception in on_member_update
Traceback (most recent call last):
  File "/usr/local/lib/python3.12/site-packages/discord/client.py", line 465, in _run_event
    await coro(*args, **kwargs)
  File "/app/asu_discord/cogs/analytics.py", line 652, in on_member_update
    before_timeout = before.timed_out_until
                     ^^^^^^^^^^^^^^^^^^^^^^
AttributeError: 'Member' object has no attribute 'timed_out_until'
ERROR:cron.jobs:refresh_salesforce_roles: failed for mluong12 (Discord ID 692193437323100251): Timed out refresh Salesforce-based roles
Ignoring exception in on_member_update
Traceback (most recent call last):
  File "/usr/local/lib/python3.12/site-packages/discord/client.py", line 465, in _run_event
    await coro(*args, **kwargs)
  File "/app/asu_discord/cogs/analytics.py", line 652, in on_member_update
    before_timeout = before.timed_out_until
                     ^^^^^^^^^^^^^^^^^^^^^^
AttributeError: 'Member' object has no attribute 'timed_out_until'
ERROR:cron.jobs:refresh_salesforce_roles: failed for acangmah (Discord ID 1512727643504771073): Failed to refresh Salesforce-based roles: Discord user 1512727643504771073 is not a member of the guild
Ignoring exception in on_member_update
Traceback (most recent call last):
  File "/usr/local/lib/python3.12/site-packages/discord/client.py", line 465, in _run_event
    await coro(*args, **kwargs)
  File "/app/asu_discord/cogs/analytics.py", line 652, in on_member_update
    before_timeout = before.timed_out_until
                     ^^^^^^^^^^^^^^^^^^^^^^
AttributeError: 'Member' object has no attribute 'timed_out_until'
Ignoring exception in on_member_update
Traceback (most recent call last):
  File "/usr/local/lib/python3.12/site-packages/discord/client.py", line 465, in _run_event
    await coro(*args, **kwargs)
  File "/app/asu_discord/cogs/analytics.py", line 652, in on_member_update
    before_timeout = before.timed_out_until
                     ^^^^^^^^^^^^^^^^^^^^^^
AttributeError: 'Member' object has no attribute 'timed_out_until'
Ignoring exception in on_member_update
Traceback (most recent call last):
  File "/usr/local/lib/python3.12/site-packages/discord/client.py", line 465, in _run_event
    await coro(*args, **kwargs)
  File "/app/asu_discord/cogs/analytics.py", line 652, in on_member_update
    before_timeout = before.timed_out_until
                     ^^^^^^^^^^^^^^^^^^^^^^
AttributeError: 'Member' object has no attribute 'timed_out_until'
Ignoring exception in on_member_update
Traceback (most recent call last):
  File "/usr/local/lib/python3.12/site-packages/discord/client.py", line 465, in _run_event
    await coro(*args, **kwargs)
  File "/app/asu_discord/cogs/analytics.py", line 652, in on_member_update
    before_timeout = before.timed_out_until
                     ^^^^^^^^^^^^^^^^^^^^^^
AttributeError: 'Member' object has no attribute 'timed_out_until'
Ignoring exception in on_member_update
Traceback (most recent call last):
  File "/usr/local/lib/python3.12/site-packages/discord/client.py", line 465, in _run_event
    await coro(*args, **kwargs)
  File "/app/asu_discord/cogs/analytics.py", line 652, in on_member_update
    before_timeout = before.timed_out_until
                     ^^^^^^^^^^^^^^^^^^^^^^
AttributeError: 'Member' object has no attribute 'timed_out_until'
Ignoring exception in on_member_update
Traceback (most recent call last):
  File "/usr/local/lib/python3.12/site-packages/discord/client.py", line 465, in _run_event
    await coro(*args, **kwargs)
  File "/app/asu_discord/cogs/analytics.py", line 652, in on_member_update
    before_timeout = before.timed_out_until
                     ^^^^^^^^^^^^^^^^^^^^^^
AttributeError: 'Member' object has no attribute 'timed_out_until'
Ignoring exception in on_member_update
Traceback (most recent call last):
  File "/usr/local/lib/python3.12/site-packages/discord/client.py", line 465, in _run_event
    await coro(*args, **kwargs)
  File "/app/asu_discord/cogs/analytics.py", line 652, in on_member_update
    before_timeout = before.timed_out_until
                     ^^^^^^^^^^^^^^^^^^^^^^
AttributeError: 'Member' object has no attribute 'timed_out_until'
Ignoring exception in on_member_update
Traceback (most recent call last):
  File "/usr/local/lib/python3.12/site-packages/discord/client.py", line 465, in _run_event
    await coro(*args, **kwargs)
  File "/app/asu_discord/cogs/analytics.py", line 652, in on_member_update
    before_timeout = before.timed_out_until
                     ^^^^^^^^^^^^^^^^^^^^^^
AttributeError: 'Member' object has no attribute 'timed_out_until'
Ignoring exception in on_member_update
Traceback (most recent call last):
  File "/usr/local/lib/python3.12/site-packages/discord/client.py", line 465, in _run_event
    await coro(*args, **kwargs)
  File "/app/asu_discord/cogs/analytics.py", line 652, in on_member_update
    before_timeout = before.timed_out_until
                     ^^^^^^^^^^^^^^^^^^^^^^
AttributeError: 'Member' object has no attribute 'timed_out_until'
Ignoring exception in on_member_update
Traceback (most recent call last):
  File "/usr/local/lib/python3.12/site-packages/discord/client.py", line 465, in _run_event
    await coro(*args, **kwargs)
  File "/app/asu_discord/cogs/analytics.py", line 652, in on_member_update
    before_timeout = before.timed_out_until
                     ^^^^^^^^^^^^^^^^^^^^^^
AttributeError: 'Member' object has no attribute 'timed_out_until'
Ignoring exception in on_member_update
Traceback (most recent call last):
  File "/usr/local/lib/python3.12/site-packages/discord/client.py", line 465, in _run_event
    await coro(*args, **kwargs)
  File "/app/asu_discord/cogs/analytics.py", line 652, in on_member_update
    before_timeout = before.timed_out_until
                     ^^^^^^^^^^^^^^^^^^^^^^
AttributeError: 'Member' object has no attribute 'timed_out_until'
Ignoring exception in on_member_update
Traceback (most recent call last):
  File "/usr/local/lib/python3.12/site-packages/discord/client.py", line 465, in _run_event
    await coro(*args, **kwargs)
  File "/app/asu_discord/cogs/analytics.py", line 652, in on_member_update
    before_timeout = before.timed_out_until
                     ^^^^^^^^^^^^^^^^^^^^^^
AttributeError: 'Member' object has no attribute 'timed_out_until'
INFO:asu_discord.cogs.verification:Saved 6 roles to database for user ayanaway (Discord ID: 749677028747509900)
INFO:asu_discord.cogs.verification:Refreshed Salesforce roles for Discord user 749677028747509900: -6/+6 roles, assigned=[Arizona Resident, College of Liberal Arts and Sciences, Commited, First Generation Student, First Year, Tempe]
Ignoring exception in on_member_update
Traceback (most recent call last):
  File "/usr/local/lib/python3.12/site-packages/discord/client.py", line 465, in _run_event
    await coro(*args, **kwargs)
  File "/app/asu_discord/cogs/analytics.py", line 652, in on_member_update
    before_timeout = before.timed_out_until
                     ^^^^^^^^^^^^^^^^^^^^^^
AttributeError: 'Member' object has no attribute 'timed_out_until'
Ignoring exception in on_member_update
Traceback (most recent call last):
  File "/usr/local/lib/python3.12/site-packages/discord/client.py", line 465, in _run_event
    await coro(*args, **kwargs)
  File "/app/asu_discord/cogs/analytics.py", line 652, in on_member_update
    before_timeout = before.timed_out_until
                     ^^^^^^^^^^^^^^^^^^^^^^
AttributeError: 'Member' object has no attribute 'timed_out_until'
Ignoring exception in on_member_update
Traceback (most recent call last):
  File "/usr/local/lib/python3.12/site-packages/discord/client.py", line 465, in _run_event
    await coro(*args, **kwargs)
  File "/app/asu_discord/cogs/analytics.py", line 652, in on_member_update
    before_timeout = before.timed_out_until
                     ^^^^^^^^^^^^^^^^^^^^^^
AttributeError: 'Member' object has no attribute 'timed_out_until'
Ignoring exception in on_member_update
Traceback (most recent call last):
  File "/usr/local/lib/python3.12/site-packages/discord/client.py", line 465, in _run_event
    await coro(*args, **kwargs)
  File "/app/asu_discord/cogs/analytics.py", line 652, in on_member_update
    before_timeout = before.timed_out_until
                     ^^^^^^^^^^^^^^^^^^^^^^
AttributeError: 'Member' object has no attribute 'timed_out_until'
Ignoring exception in on_member_update
Traceback (most recent call last):
  File "/usr/local/lib/python3.12/site-packages/discord/client.py", line 465, in _run_event
    await coro(*args, **kwargs)
  File "/app/asu_discord/cogs/analytics.py", line 652, in on_member_update
    before_timeout = before.timed_out_until
                     ^^^^^^^^^^^^^^^^^^^^^^
AttributeError: 'Member' object has no attribute 'timed_out_until'
Ignoring exception in on_member_update
Traceback (most recent call last):
  File "/usr/local/lib/python3.12/site-packages/discord/client.py", line 465, in _run_event
    await coro(*args, **kwargs)
  File "/app/asu_discord/cogs/analytics.py", line 652, in on_member_update
    before_timeout = before.timed_out_until
                     ^^^^^^^^^^^^^^^^^^^^^^
AttributeError: 'Member' object has no attribute 'timed_out_until'
Ignoring exception in on_member_update
Traceback (most recent call last):
  File "/usr/local/lib/python3.12/site-packages/discord/client.py", line 465, in _run_event
    await coro(*args, **kwargs)
  File "/app/asu_discord/cogs/analytics.py", line 652, in on_member_update
    before_timeout = before.timed_out_until
                     ^^^^^^^^^^^^^^^^^^^^^^
AttributeError: 'Member' object has no attribute 'timed_out_until'
Ignoring exception in on_member_update
Traceback (most recent call last):
  File "/usr/local/lib/python3.12/site-packages/discord/client.py", line 465, in _run_event
    await coro(*args, **kwargs)
  File "/app/asu_discord/cogs/analytics.py", line 652, in on_member_update
    before_timeout = before.timed_out_until
                     ^^^^^^^^^^^^^^^^^^^^^^
AttributeError: 'Member' object has no attribute 'timed_out_until'
Ignoring exception in on_member_update
Traceback (most recent call last):
  File "/usr/local/lib/python3.12/site-packages/discord/client.py", line 465, in _run_event
    await coro(*args, **kwargs)
  File "/app/asu_discord/cogs/analytics.py", line 652, in on_member_update
    before_timeout = before.timed_out_until
                     ^^^^^^^^^^^^^^^^^^^^^^
AttributeError: 'Member' object has no attribute 'timed_out_until'
Ignoring exception in on_member_update
Traceback (most recent call last):
  File "/usr/local/lib/python3.12/site-packages/discord/client.py", line 465, in _run_event
    await coro(*args, **kwargs)
  File "/app/asu_discord/cogs/analytics.py", line 652, in on_member_update
    before_timeout = before.timed_out_until
                     ^^^^^^^^^^^^^^^^^^^^^^
AttributeError: 'Member' object has no attribute 'timed_out_until'
Ignoring exception in on_member_update
Traceback (most recent call last):
  File "/usr/local/lib/python3.12/site-packages/discord/client.py", line 465, in _run_event
    await coro(*args, **kwargs)
  File "/app/asu_discord/cogs/analytics.py", line 652, in on_member_update
    before_timeout = before.timed_out_until
                     ^^^^^^^^^^^^^^^^^^^^^^
AttributeError: 'Member' object has no attribute 'timed_out_until'
ERROR:cron.jobs:refresh_salesforce_roles: failed for nzhang82 (Discord ID 1488452561634853036): Timed out refresh Salesforce-based roles
Ignoring exception in on_member_update
Traceback (most recent call last):
  File "/usr/local/lib/python3.12/site-packages/discord/client.py", line 465, in _run_event
    await coro(*args, **kwargs)
  File "/app/asu_discord/cogs/analytics.py", line 652, in on_member_update
    before_timeout = before.timed_out_until
                     ^^^^^^^^^^^^^^^^^^^^^^
AttributeError: 'Member' object has no attribute 'timed_out_until'
Ignoring exception in on_member_update
Traceback (most recent call last):
  File "/usr/local/lib/python3.12/site-packages/discord/client.py", line 465, in _run_event
    await coro(*args, **kwargs)
  File "/app/asu_discord/cogs/analytics.py", line 652, in on_member_update
    before_timeout = before.timed_out_until
                     ^^^^^^^^^^^^^^^^^^^^^^
AttributeError: 'Member' object has no attribute 'timed_out_until'
Ignoring exception in on_member_update
Traceback (most recent call last):
  File "/usr/local/lib/python3.12/site-packages/discord/client.py", line 465, in _run_event
    await coro(*args, **kwargs)
  File "/app/asu_discord/cogs/analytics.py", line 652, in on_member_update
    before_timeout = before.timed_out_until
                     ^^^^^^^^^^^^^^^^^^^^^^
AttributeError: 'Member' object has no attribute 'timed_out_until'
Ignoring exception in on_member_update
Traceback (most recent call last):
  File "/usr/local/lib/python3.12/site-packages/discord/client.py", line 465, in _run_event
    await coro(*args, **kwargs)
  File "/app/asu_discord/cogs/analytics.py", line 652, in on_member_update
    before_timeout = before.timed_out_until
                     ^^^^^^^^^^^^^^^^^^^^^^
AttributeError: 'Member' object has no attribute 'timed_out_until'
Ignoring exception in on_member_update
Traceback (most recent call last):
  File "/usr/local/lib/python3.12/site-packages/discord/client.py", line 465, in _run_event
    await coro(*args, **kwargs)
  File "/app/asu_discord/cogs/analytics.py", line 652, in on_member_update
    before_timeout = before.timed_out_until
                     ^^^^^^^^^^^^^^^^^^^^^^
AttributeError: 'Member' object has no attribute 'timed_out_until'
Ignoring exception in on_member_update
Traceback (most recent call last):
  File "/usr/local/lib/python3.12/site-packages/discord/client.py", line 465, in _run_event
    await coro(*args, **kwargs)
  File "/app/asu_discord/cogs/analytics.py", line 652, in on_member_update
    before_timeout = before.timed_out_until
                     ^^^^^^^^^^^^^^^^^^^^^^
AttributeError: 'Member' object has no attribute 'timed_out_until'
Ignoring exception in on_member_update
Traceback (most recent call last):
  File "/usr/local/lib/python3.12/site-packages/discord/client.py", line 465, in _run_event
    await coro(*args, **kwargs)
  File "/app/asu_discord/cogs/analytics.py", line 652, in on_member_update
    before_timeout = before.timed_out_until
                     ^^^^^^^^^^^^^^^^^^^^^^
AttributeError: 'Member' object has no attribute 'timed_out_until'
Ignoring exception in on_member_update
Traceback (most recent call last):
  File "/usr/local/lib/python3.12/site-packages/discord/client.py", line 465, in _run_event
    await coro(*args, **kwargs)
  File "/app/asu_discord/cogs/analytics.py", line 652, in on_member_update
    before_timeout = before.timed_out_until
                     ^^^^^^^^^^^^^^^^^^^^^^
AttributeError: 'Member' object has no attribute 'timed_out_until'
Ignoring exception in on_member_update
Traceback (most recent call last):
  File "/usr/local/lib/python3.12/site-packages/discord/client.py", line 465, in _run_event
    await coro(*args, **kwargs)
  File "/app/asu_discord/cogs/analytics.py", line 652, in on_member_update
    before_timeout = before.timed_out_until
                     ^^^^^^^^^^^^^^^^^^^^^^
AttributeError: 'Member' object has no attribute 'timed_out_until'
Ignoring exception in on_member_update
Traceback (most recent call last):
  File "/usr/local/lib/python3.12/site-packages/discord/client.py", line 465, in _run_event
    await coro(*args, **kwargs)
  File "/app/asu_discord/cogs/analytics.py", line 652, in on_member_update
    before_timeout = before.timed_out_until
                     ^^^^^^^^^^^^^^^^^^^^^^
AttributeError: 'Member' object has no attribute 'timed_out_until'
INFO:asu_discord.cogs.verification:Saved 5 roles to database for user yuting14 (Discord ID: 980623761395044382)
INFO:asu_discord.cogs.verification:Refreshed Salesforce roles for Discord user 980623761395044382: -5/+5 roles, assigned=[Commited, First Year, International Student, Ira A. Fulton Schools of Engineering, Tempe]
Ignoring exception in on_member_update
Traceback (most recent call last):
  File "/usr/local/lib/python3.12/site-packages/discord/client.py", line 465, in _run_event
    await coro(*args, **kwargs)
  File "/app/asu_discord/cogs/analytics.py", line 652, in on_member_update
    before_timeout = before.timed_out_until
                     ^^^^^^^^^^^^^^^^^^^^^^
AttributeError: 'Member' object has no attribute 'timed_out_until'
Ignoring exception in on_member_update
Traceback (most recent call last):
  File "/usr/local/lib/python3.12/site-packages/discord/client.py", line 465, in _run_event
    await coro(*args, **kwargs)
  File "/app/asu_discord/cogs/analytics.py", line 652, in on_member_update
    before_timeout = before.timed_out_until
                     ^^^^^^^^^^^^^^^^^^^^^^
AttributeError: 'Member' object has no attribute 'timed_out_until'
Ignoring exception in on_member_update
Traceback (most recent call last):
  File "/usr/local/lib/python3.12/site-packages/discord/client.py", line 465, in _run_event
    await coro(*args, **kwargs)
  File "/app/asu_discord/cogs/analytics.py", line 652, in on_member_update
    before_timeout = before.timed_out_until
                     ^^^^^^^^^^^^^^^^^^^^^^
AttributeError: 'Member' object has no attribute 'timed_out_until'
Ignoring exception in on_member_update
Traceback (most recent call last):
  File "/usr/local/lib/python3.12/site-packages/discord/client.py", line 465, in _run_event
    await coro(*args, **kwargs)
  File "/app/asu_discord/cogs/analytics.py", line 652, in on_member_update
    before_timeout = before.timed_out_until
                     ^^^^^^^^^^^^^^^^^^^^^^
AttributeError: 'Member' object has no attribute 'timed_out_until'
Ignoring exception in on_member_update
Traceback (most recent call last):
  File "/usr/local/lib/python3.12/site-packages/discord/client.py", line 465, in _run_event
    await coro(*args, **kwargs)
  File "/app/asu_discord/cogs/analytics.py", line 652, in on_member_update
    before_timeout = before.timed_out_until
                     ^^^^^^^^^^^^^^^^^^^^^^
AttributeError: 'Member' object has no attribute 'timed_out_until'
Ignoring exception in on_member_update
Traceback (most recent call last):
  File "/usr/local/lib/python3.12/site-packages/discord/client.py", line 465, in _run_event
    await coro(*args, **kwargs)
  File "/app/asu_discord/cogs/analytics.py", line 652, in on_member_update
    before_timeout = before.timed_out_until
                     ^^^^^^^^^^^^^^^^^^^^^^
AttributeError: 'Member' object has no attribute 'timed_out_until'
Ignoring exception in on_member_update
Traceback (most recent call last):
  File "/usr/local/lib/python3.12/site-packages/discord/client.py", line 465, in _run_event
    await coro(*args, **kwargs)
  File "/app/asu_discord/cogs/analytics.py", line 652, in on_member_update
    before_timeout = before.timed_out_until
                     ^^^^^^^^^^^^^^^^^^^^^^
AttributeError: 'Member' object has no attribute 'timed_out_until'
Ignoring exception in on_member_update
Traceback (most recent call last):
  File "/usr/local/lib/python3.12/site-packages/discord/client.py", line 465, in _run_event
    await coro(*args, **kwargs)
  File "/app/asu_discord/cogs/analytics.py", line 652, in on_member_update
    before_timeout = before.timed_out_until
                     ^^^^^^^^^^^^^^^^^^^^^^
AttributeError: 'Member' object has no attribute 'timed_out_until'
Ignoring exception in on_member_update
Traceback (most recent call last):
  File "/usr/local/lib/python3.12/site-packages/discord/client.py", line 465, in _run_event
    await coro(*args, **kwargs)
  File "/app/asu_discord/cogs/analytics.py", line 652, in on_member_update
    before_timeout = before.timed_out_until
                     ^^^^^^^^^^^^^^^^^^^^^^
AttributeError: 'Member' object has no attribute 'timed_out_until'
Ignoring exception in on_member_update
Traceback (most recent call last):
  File "/usr/local/lib/python3.12/site-packages/discord/client.py", line 465, in _run_event
    await coro(*args, **kwargs)
  File "/app/asu_discord/cogs/analytics.py", line 652, in on_member_update
    before_timeout = before.timed_out_until
                     ^^^^^^^^^^^^^^^^^^^^^^
AttributeError: 'Member' object has no attribute 'timed_out_until'
INFO:asu_discord.cogs.verification:Saved 5 roles to database for user smchandl (Discord ID: 724727632108716122)
INFO:asu_discord.cogs.verification:Refreshed Salesforce roles for Discord user 724727632108716122: -5/+5 roles, assigned=[College of Liberal Arts and Sciences, Commited, First Year, Out of State, Tempe]
Ignoring exception in on_member_update
Traceback (most recent call last):
  File "/usr/local/lib/python3.12/site-packages/discord/client.py", line 465, in _run_event
    await coro(*args, **kwargs)
  File "/app/asu_discord/cogs/analytics.py", line 652, in on_member_update
    before_timeout = before.timed_out_until
                     ^^^^^^^^^^^^^^^^^^^^^^
AttributeError: 'Member' object has no attribute 'timed_out_until'
Ignoring exception in on_member_update
Traceback (most recent call last):
  File "/usr/local/lib/python3.12/site-packages/discord/client.py", line 465, in _run_event
    await coro(*args, **kwargs)
  File "/app/asu_discord/cogs/analytics.py", line 652, in on_member_update
    before_timeout = before.timed_out_until
                     ^^^^^^^^^^^^^^^^^^^^^^
AttributeError: 'Member' object has no attribute 'timed_out_until'
Ignoring exception in on_member_update
Traceback (most recent call last):
  File "/usr/local/lib/python3.12/site-packages/discord/client.py", line 465, in _run_event
    await coro(*args, **kwargs)
  File "/app/asu_discord/cogs/analytics.py", line 652, in on_member_update
    before_timeout = before.timed_out_until
                     ^^^^^^^^^^^^^^^^^^^^^^
AttributeError: 'Member' object has no attribute 'timed_out_until'
Ignoring exception in on_member_update
Traceback (most recent call last):
  File "/usr/local/lib/python3.12/site-packages/discord/client.py", line 465, in _run_event
    await coro(*args, **kwargs)
  File "/app/asu_discord/cogs/analytics.py", line 652, in on_member_update
    before_timeout = before.timed_out_until
                     ^^^^^^^^^^^^^^^^^^^^^^
AttributeError: 'Member' object has no attribute 'timed_out_until'
Ignoring exception in on_member_update
Traceback (most recent call last):
  File "/usr/local/lib/python3.12/site-packages/discord/client.py", line 465, in _run_event
    await coro(*args, **kwargs)
  File "/app/asu_discord/cogs/analytics.py", line 652, in on_member_update
    before_timeout = before.timed_out_until
                     ^^^^^^^^^^^^^^^^^^^^^^
AttributeError: 'Member' object has no attribute 'timed_out_until'
Ignoring exception in on_member_update
Traceback (most recent call last):
  File "/usr/local/lib/python3.12/site-packages/discord/client.py", line 465, in _run_event
    await coro(*args, **kwargs)
  File "/app/asu_discord/cogs/analytics.py", line 652, in on_member_update
    before_timeout = before.timed_out_until
                     ^^^^^^^^^^^^^^^^^^^^^^
AttributeError: 'Member' object has no attribute 'timed_out_until'
Ignoring exception in on_member_update
Traceback (most recent call last):
  File "/usr/local/lib/python3.12/site-packages/discord/client.py", line 465, in _run_event
    await coro(*args, **kwargs)
  File "/app/asu_discord/cogs/analytics.py", line 652, in on_member_update
    before_timeout = before.timed_out_until
                     ^^^^^^^^^^^^^^^^^^^^^^
AttributeError: 'Member' object has no attribute 'timed_out_until'
Ignoring exception in on_member_update
Traceback (most recent call last):
  File "/usr/local/lib/python3.12/site-packages/discord/client.py", line 465, in _run_event
    await coro(*args, **kwargs)
  File "/app/asu_discord/cogs/analytics.py", line 652, in on_member_update
    before_timeout = before.timed_out_until
                     ^^^^^^^^^^^^^^^^^^^^^^
AttributeError: 'Member' object has no attribute 'timed_out_until'
Ignoring exception in on_member_update
Traceback (most recent call last):
  File "/usr/local/lib/python3.12/site-packages/discord/client.py", line 465, in _run_event
    await coro(*args, **kwargs)
  File "/app/asu_discord/cogs/analytics.py", line 652, in on_member_update
    before_timeout = before.timed_out_until
                     ^^^^^^^^^^^^^^^^^^^^^^
AttributeError: 'Member' object has no attribute 'timed_out_until'
Ignoring exception in on_member_update
Traceback (most recent call last):
  File "/usr/local/lib/python3.12/site-packages/discord/client.py", line 465, in _run_event
    await coro(*args, **kwargs)
  File "/app/asu_discord/cogs/analytics.py", line 652, in on_member_update
    before_timeout = before.timed_out_until
                     ^^^^^^^^^^^^^^^^^^^^^^
AttributeError: 'Member' object has no attribute 'timed_out_until'
INFO:asu_discord.cogs.verification:Saved 5 roles to database for user wcheng39 (Discord ID: 358428167112753152)
INFO:asu_discord.cogs.verification:Refreshed Salesforce roles for Discord user 358428167112753152: -5/+5 roles, assigned=[Commited, Graduate Student, Ira A. Fulton Schools of Engineering, Out of State, Tempe]
Ignoring exception in on_member_update
Traceback (most recent call last):
  File "/usr/local/lib/python3.12/site-packages/discord/client.py", line 465, in _run_event
    await coro(*args, **kwargs)
  File "/app/asu_discord/cogs/analytics.py", line 652, in on_member_update
    before_timeout = before.timed_out_until
                     ^^^^^^^^^^^^^^^^^^^^^^
AttributeError: 'Member' object has no attribute 'timed_out_until'
Ignoring exception in on_member_update
Traceback (most recent call last):
  File "/usr/local/lib/python3.12/site-packages/discord/client.py", line 465, in _run_event
    await coro(*args, **kwargs)
  File "/app/asu_discord/cogs/analytics.py", line 652, in on_member_update
    before_timeout = before.timed_out_until
                     ^^^^^^^^^^^^^^^^^^^^^^
AttributeError: 'Member' object has no attribute 'timed_out_until'
Ignoring exception in on_member_update
Traceback (most recent call last):
  File "/usr/local/lib/python3.12/site-packages/discord/client.py", line 465, in _run_event
    await coro(*args, **kwargs)
  File "/app/asu_discord/cogs/analytics.py", line 652, in on_member_update
    before_timeout = before.timed_out_until
                     ^^^^^^^^^^^^^^^^^^^^^^
AttributeError: 'Member' object has no attribute 'timed_out_until'
Ignoring exception in on_member_update
Traceback (most recent call last):
  File "/usr/local/lib/python3.12/site-packages/discord/client.py", line 465, in _run_event
    await coro(*args, **kwargs)
  File "/app/asu_discord/cogs/analytics.py", line 652, in on_member_update
    before_timeout = before.timed_out_until
                     ^^^^^^^^^^^^^^^^^^^^^^
AttributeError: 'Member' object has no attribute 'timed_out_until'
Ignoring exception in on_member_update
Traceback (most recent call last):
  File "/usr/local/lib/python3.12/site-packages/discord/client.py", line 465, in _run_event
    await coro(*args, **kwargs)
  File "/app/asu_discord/cogs/analytics.py", line 652, in on_member_update
    before_timeout = before.timed_out_until
                     ^^^^^^^^^^^^^^^^^^^^^^
AttributeError: 'Member' object has no attribute 'timed_out_until'
Ignoring exception in on_member_update
Traceback (most recent call last):
  File "/usr/local/lib/python3.12/site-packages/discord/client.py", line 465, in _run_event
    await coro(*args, **kwargs)
  File "/app/asu_discord/cogs/analytics.py", line 652, in on_member_update
    before_timeout = before.timed_out_until
                     ^^^^^^^^^^^^^^^^^^^^^^
AttributeError: 'Member' object has no attribute 'timed_out_until'
Ignoring exception in on_member_update
Traceback (most recent call last):
  File "/usr/local/lib/python3.12/site-packages/discord/client.py", line 465, in _run_event
    await coro(*args, **kwargs)
  File "/app/asu_discord/cogs/analytics.py", line 652, in on_member_update
    before_timeout = before.timed_out_until
                     ^^^^^^^^^^^^^^^^^^^^^^
AttributeError: 'Member' object has no attribute 'timed_out_until'
Ignoring exception in on_member_update
Traceback (most recent call last):
  File "/usr/local/lib/python3.12/site-packages/discord/client.py", line 465, in _run_event
    await coro(*args, **kwargs)
  File "/app/asu_discord/cogs/analytics.py", line 652, in on_member_update
    before_timeout = before.timed_out_until
                     ^^^^^^^^^^^^^^^^^^^^^^
AttributeError: 'Member' object has no attribute 'timed_out_until'
Ignoring exception in on_member_update
Traceback (most recent call last):
  File "/usr/local/lib/python3.12/site-packages/discord/client.py", line 465, in _run_event
    await coro(*args, **kwargs)
  File "/app/asu_discord/cogs/analytics.py", line 652, in on_member_update
    before_timeout = before.timed_out_until
                     ^^^^^^^^^^^^^^^^^^^^^^
AttributeError: 'Member' object has no attribute 'timed_out_until'
Ignoring exception in on_member_update
Traceback (most recent call last):
  File "/usr/local/lib/python3.12/site-packages/discord/client.py", line 465, in _run_event
    await coro(*args, **kwargs)
  File "/app/asu_discord/cogs/analytics.py", line 652, in on_member_update
    before_timeout = before.timed_out_until
                     ^^^^^^^^^^^^^^^^^^^^^^
AttributeError: 'Member' object has no attribute 'timed_out_until'
INFO:asu_discord.cogs.verification:Saved 5 roles to database for user csboutel (Discord ID: 1508537346293891285)
INFO:asu_discord.cogs.verification:Refreshed Salesforce roles for Discord user 1508537346293891285: -5/+5 roles, assigned=[Arizona Resident, Commited, First Year, Herberger Institute for Design and the Arts, Tempe]
Ignoring exception in on_member_update
Traceback (most recent call last):
  File "/usr/local/lib/python3.12/site-packages/discord/client.py", line 465, in _run_event
    await coro(*args, **kwargs)
  File "/app/asu_discord/cogs/analytics.py", line 652, in on_member_update
    before_timeout = before.timed_out_until
                     ^^^^^^^^^^^^^^^^^^^^^^
AttributeError: 'Member' object has no attribute 'timed_out_until'
Ignoring exception in on_member_update
Traceback (most recent call last):
  File "/usr/local/lib/python3.12/site-packages/discord/client.py", line 465, in _run_event
    await coro(*args, **kwargs)
  File "/app/asu_discord/cogs/analytics.py", line 652, in on_member_update
    before_timeout = before.timed_out_until
                     ^^^^^^^^^^^^^^^^^^^^^^
AttributeError: 'Member' object has no attribute 'timed_out_until'
Ignoring exception in on_member_update
Traceback (most recent call last):
  File "/usr/local/lib/python3.12/site-packages/discord/client.py", line 465, in _run_event
    await coro(*args, **kwargs)
  File "/app/asu_discord/cogs/analytics.py", line 652, in on_member_update
    before_timeout = before.timed_out_until
                     ^^^^^^^^^^^^^^^^^^^^^^
AttributeError: 'Member' object has no attribute 'timed_out_until'
Ignoring exception in on_member_update
Traceback (most recent call last):
  File "/usr/local/lib/python3.12/site-packages/discord/client.py", line 465, in _run_event
    await coro(*args, **kwargs)
  File "/app/asu_discord/cogs/analytics.py", line 652, in on_member_update
    before_timeout = before.timed_out_until
                     ^^^^^^^^^^^^^^^^^^^^^^
AttributeError: 'Member' object has no attribute 'timed_out_until'
Ignoring exception in on_member_update
Traceback (most recent call last):
  File "/usr/local/lib/python3.12/site-packages/discord/client.py", line 465, in _run_event
    await coro(*args, **kwargs)
  File "/app/asu_discord/cogs/analytics.py", line 652, in on_member_update
    before_timeout = before.timed_out_until
                     ^^^^^^^^^^^^^^^^^^^^^^
AttributeError: 'Member' object has no attribute 'timed_out_until'
Ignoring exception in on_member_update
Traceback (most recent call last):
  File "/usr/local/lib/python3.12/site-packages/discord/client.py", line 465, in _run_event
    await coro(*args, **kwargs)
  File "/app/asu_discord/cogs/analytics.py", line 652, in on_member_update
    before_timeout = before.timed_out_until
                     ^^^^^^^^^^^^^^^^^^^^^^
AttributeError: 'Member' object has no attribute 'timed_out_until'
Ignoring exception in on_member_update
Traceback (most recent call last):
  File "/usr/local/lib/python3.12/site-packages/discord/client.py", line 465, in _run_event
    await coro(*args, **kwargs)
  File "/app/asu_discord/cogs/analytics.py", line 652, in on_member_update
    before_timeout = before.timed_out_until
                     ^^^^^^^^^^^^^^^^^^^^^^
AttributeError: 'Member' object has no attribute 'timed_out_until'
Ignoring exception in on_member_update
Traceback (most recent call last):
  File "/usr/local/lib/python3.12/site-packages/discord/client.py", line 465, in _run_event
    await coro(*args, **kwargs)
  File "/app/asu_discord/cogs/analytics.py", line 652, in on_member_update
    before_timeout = before.timed_out_until
                     ^^^^^^^^^^^^^^^^^^^^^^
AttributeError: 'Member' object has no attribute 'timed_out_until'
INFO:asu_discord.cogs.verification:Saved 4 roles to database for user ralolaya (Discord ID: 837790987543248968)
INFO:asu_discord.cogs.verification:Refreshed Salesforce roles for Discord user 837790987543248968: -4/+4 roles, assigned=[Herberger Institute for Design and the Arts, International Student, Tempe, Transfer Student]
Ignoring exception in on_member_update
Traceback (most recent call last):
  File "/usr/local/lib/python3.12/site-packages/discord/client.py", line 465, in _run_event
    await coro(*args, **kwargs)
  File "/app/asu_discord/cogs/analytics.py", line 652, in on_member_update
    before_timeout = before.timed_out_until
                     ^^^^^^^^^^^^^^^^^^^^^^
AttributeError: 'Member' object has no attribute 'timed_out_until'
Ignoring exception in on_member_update
Traceback (most recent call last):
  File "/usr/local/lib/python3.12/site-packages/discord/client.py", line 465, in _run_event
    await coro(*args, **kwargs)
  File "/app/asu_discord/cogs/analytics.py", line 652, in on_member_update
    before_timeout = before.timed_out_until
                     ^^^^^^^^^^^^^^^^^^^^^^
AttributeError: 'Member' object has no attribute 'timed_out_until'
Ignoring exception in on_member_update
Traceback (most recent call last):
  File "/usr/local/lib/python3.12/site-packages/discord/client.py", line 465, in _run_event
    await coro(*args, **kwargs)
  File "/app/asu_discord/cogs/analytics.py", line 652, in on_member_update
    before_timeout = before.timed_out_until
                     ^^^^^^^^^^^^^^^^^^^^^^
AttributeError: 'Member' object has no attribute 'timed_out_until'
Ignoring exception in on_member_update
Traceback (most recent call last):
  File "/usr/local/lib/python3.12/site-packages/discord/client.py", line 465, in _run_event
    await coro(*args, **kwargs)
  File "/app/asu_discord/cogs/analytics.py", line 652, in on_member_update
    before_timeout = before.timed_out_until
                     ^^^^^^^^^^^^^^^^^^^^^^
AttributeError: 'Member' object has no attribute 'timed_out_until'
Ignoring exception in on_member_update
Traceback (most recent call last):
  File "/usr/local/lib/python3.12/site-packages/discord/client.py", line 465, in _run_event
    await coro(*args, **kwargs)
  File "/app/asu_discord/cogs/analytics.py", line 652, in on_member_update
    before_timeout = before.timed_out_until
                     ^^^^^^^^^^^^^^^^^^^^^^
AttributeError: 'Member' object has no attribute 'timed_out_until'
Ignoring exception in on_member_update
Traceback (most recent call last):
  File "/usr/local/lib/python3.12/site-packages/discord/client.py", line 465, in _run_event
    await coro(*args, **kwargs)
  File "/app/asu_discord/cogs/analytics.py", line 652, in on_member_update
    before_timeout = before.timed_out_until
                     ^^^^^^^^^^^^^^^^^^^^^^
AttributeError: 'Member' object has no attribute 'timed_out_until'
Ignoring exception in on_member_update
Traceback (most recent call last):
  File "/usr/local/lib/python3.12/site-packages/discord/client.py", line 465, in _run_event
    await coro(*args, **kwargs)
  File "/app/asu_discord/cogs/analytics.py", line 652, in on_member_update
    before_timeout = before.timed_out_until
                     ^^^^^^^^^^^^^^^^^^^^^^
AttributeError: 'Member' object has no attribute 'timed_out_until'
Ignoring exception in on_member_update
Traceback (most recent call last):
  File "/usr/local/lib/python3.12/site-packages/discord/client.py", line 465, in _run_event
    await coro(*args, **kwargs)
  File "/app/asu_discord/cogs/analytics.py", line 652, in on_member_update
    before_timeout = before.timed_out_until
                     ^^^^^^^^^^^^^^^^^^^^^^
AttributeError: 'Member' object has no attribute 'timed_out_until'
Ignoring exception in on_member_update
Traceback (most recent call last):
  File "/usr/local/lib/python3.12/site-packages/discord/client.py", line 465, in _run_event
    await coro(*args, **kwargs)
  File "/app/asu_discord/cogs/analytics.py", line 652, in on_member_update
    before_timeout = before.timed_out_until
                     ^^^^^^^^^^^^^^^^^^^^^^
AttributeError: 'Member' object has no attribute 'timed_out_until'
INFO:asu_discord.cogs.verification:Saved 5 roles to database for user srrocha2 (Discord ID: 1513335978993909802)
INFO:asu_discord.cogs.verification:Refreshed Salesforce roles for Discord user 1513335978993909802: -5/+4 roles, assigned=[Arizona Resident, Downtown Phoenix, Edson College of Nursing and Health Innovation, First Generation Student, First Year]
Ignoring exception in on_member_update
Traceback (most recent call last):
  File "/usr/local/lib/python3.12/site-packages/discord/client.py", line 465, in _run_event
    await coro(*args, **kwargs)
  File "/app/asu_discord/cogs/analytics.py", line 652, in on_member_update
    before_timeout = before.timed_out_until
                     ^^^^^^^^^^^^^^^^^^^^^^
AttributeError: 'Member' object has no attribute 'timed_out_until'
Ignoring exception in on_member_update
Traceback (most recent call last):
  File "/usr/local/lib/python3.12/site-packages/discord/client.py", line 465, in _run_event
    await coro(*args, **kwargs)
  File "/app/asu_discord/cogs/analytics.py", line 652, in on_member_update
    before_timeout = before.timed_out_until
                     ^^^^^^^^^^^^^^^^^^^^^^
AttributeError: 'Member' object has no attribute 'timed_out_until'
Ignoring exception in on_member_update
Traceback (most recent call last):
  File "/usr/local/lib/python3.12/site-packages/discord/client.py", line 465, in _run_event
    await coro(*args, **kwargs)
  File "/app/asu_discord/cogs/analytics.py", line 652, in on_member_update
    before_timeout = before.timed_out_until
                     ^^^^^^^^^^^^^^^^^^^^^^
AttributeError: 'Member' object has no attribute 'timed_out_until'
Ignoring exception in on_member_update
Traceback (most recent call last):
  File "/usr/local/lib/python3.12/site-packages/discord/client.py", line 465, in _run_event
    await coro(*args, **kwargs)
  File "/app/asu_discord/cogs/analytics.py", line 652, in on_member_update
    before_timeout = before.timed_out_until
                     ^^^^^^^^^^^^^^^^^^^^^^
AttributeError: 'Member' object has no attribute 'timed_out_until'
Ignoring exception in on_member_update
Traceback (most recent call last):
  File "/usr/local/lib/python3.12/site-packages/discord/client.py", line 465, in _run_event
    await coro(*args, **kwargs)
  File "/app/asu_discord/cogs/analytics.py", line 652, in on_member_update
    before_timeout = before.timed_out_until
                     ^^^^^^^^^^^^^^^^^^^^^^
AttributeError: 'Member' object has no attribute 'timed_out_until'
Ignoring exception in on_member_update
Traceback (most recent call last):
  File "/usr/local/lib/python3.12/site-packages/discord/client.py", line 465, in _run_event
    await coro(*args, **kwargs)
  File "/app/asu_discord/cogs/analytics.py", line 652, in on_member_update
    before_timeout = before.timed_out_until
                     ^^^^^^^^^^^^^^^^^^^^^^
AttributeError: 'Member' object has no attribute 'timed_out_until'
Ignoring exception in on_member_update
Traceback (most recent call last):
  File "/usr/local/lib/python3.12/site-packages/discord/client.py", line 465, in _run_event
    await coro(*args, **kwargs)
  File "/app/asu_discord/cogs/analytics.py", line 652, in on_member_update
    before_timeout = before.timed_out_until
                     ^^^^^^^^^^^^^^^^^^^^^^
AttributeError: 'Member' object has no attribute 'timed_out_until'
Ignoring exception in on_member_update
Traceback (most recent call last):
  File "/usr/local/lib/python3.12/site-packages/discord/client.py", line 465, in _run_event
    await coro(*args, **kwargs)
  File "/app/asu_discord/cogs/analytics.py", line 652, in on_member_update
    before_timeout = before.timed_out_until
                     ^^^^^^^^^^^^^^^^^^^^^^
AttributeError: 'Member' object has no attribute 'timed_out_until'
Ignoring exception in on_member_update
Traceback (most recent call last):
  File "/usr/local/lib/python3.12/site-packages/discord/client.py", line 465, in _run_event
    await coro(*args, **kwargs)
  File "/app/asu_discord/cogs/analytics.py", line 652, in on_member_update
    before_timeout = before.timed_out_until
                     ^^^^^^^^^^^^^^^^^^^^^^
AttributeError: 'Member' object has no attribute 'timed_out_until'
Ignoring exception in on_member_update
Traceback (most recent call last):
  File "/usr/local/lib/python3.12/site-packages/discord/client.py", line 465, in _run_event
    await coro(*args, **kwargs)
  File "/app/asu_discord/cogs/analytics.py", line 652, in on_member_update
    before_timeout = before.timed_out_until
                     ^^^^^^^^^^^^^^^^^^^^^^
AttributeError: 'Member' object has no attribute 'timed_out_until'
INFO:asu_discord.cogs.verification:Saved 5 roles to database for user dleimani (Discord ID: 771519247381692456)
INFO:asu_discord.cogs.verification:Refreshed Salesforce roles for Discord user 771519247381692456: -5/+5 roles, assigned=[Commited, First Year, Ira A. Fulton Schools of Engineering, Out of State, Tempe]
Ignoring exception in on_member_update
Traceback (most recent call last):
  File "/usr/local/lib/python3.12/site-packages/discord/client.py", line 465, in _run_event
    await coro(*args, **kwargs)
  File "/app/asu_discord/cogs/analytics.py", line 652, in on_member_update
    before_timeout = before.timed_out_until
                     ^^^^^^^^^^^^^^^^^^^^^^
AttributeError: 'Member' object has no attribute 'timed_out_until'
Ignoring exception in on_member_update
Traceback (most recent call last):
  File "/usr/local/lib/python3.12/site-packages/discord/client.py", line 465, in _run_event
    await coro(*args, **kwargs)
  File "/app/asu_discord/cogs/analytics.py", line 652, in on_member_update
    before_timeout = before.timed_out_until
                     ^^^^^^^^^^^^^^^^^^^^^^
AttributeError: 'Member' object has no attribute 'timed_out_until'
Ignoring exception in on_member_update
Traceback (most recent call last):
  File "/usr/local/lib/python3.12/site-packages/discord/client.py", line 465, in _run_event
    await coro(*args, **kwargs)
  File "/app/asu_discord/cogs/analytics.py", line 652, in on_member_update
    before_timeout = before.timed_out_until
                     ^^^^^^^^^^^^^^^^^^^^^^
AttributeError: 'Member' object has no attribute 'timed_out_until'
Ignoring exception in on_member_update
Traceback (most recent call last):
  File "/usr/local/lib/python3.12/site-packages/discord/client.py", line 465, in _run_event
    await coro(*args, **kwargs)
  File "/app/asu_discord/cogs/analytics.py", line 652, in on_member_update
    before_timeout = before.timed_out_until
                     ^^^^^^^^^^^^^^^^^^^^^^
AttributeError: 'Member' object has no attribute 'timed_out_until'
Ignoring exception in on_member_update
Traceback (most recent call last):
  File "/usr/local/lib/python3.12/site-packages/discord/client.py", line 465, in _run_event
    await coro(*args, **kwargs)
  File "/app/asu_discord/cogs/analytics.py", line 652, in on_member_update
    before_timeout = before.timed_out_until
                     ^^^^^^^^^^^^^^^^^^^^^^
AttributeError: 'Member' object has no attribute 'timed_out_until'
Ignoring exception in on_member_update
Traceback (most recent call last):
  File "/usr/local/lib/python3.12/site-packages/discord/client.py", line 465, in _run_event
    await coro(*args, **kwargs)
  File "/app/asu_discord/cogs/analytics.py", line 652, in on_member_update
    before_timeout = before.timed_out_until
                     ^^^^^^^^^^^^^^^^^^^^^^
AttributeError: 'Member' object has no attribute 'timed_out_until'
Ignoring exception in on_member_update
Traceback (most recent call last):
  File "/usr/local/lib/python3.12/site-packages/discord/client.py", line 465, in _run_event
    await coro(*args, **kwargs)
  File "/app/asu_discord/cogs/analytics.py", line 652, in on_member_update
    before_timeout = before.timed_out_until
                     ^^^^^^^^^^^^^^^^^^^^^^
AttributeError: 'Member' object has no attribute 'timed_out_until'
Ignoring exception in on_member_update
Traceback (most recent call last):
  File "/usr/local/lib/python3.12/site-packages/discord/client.py", line 465, in _run_event
    await coro(*args, **kwargs)
  File "/app/asu_discord/cogs/analytics.py", line 652, in on_member_update
    before_timeout = before.timed_out_until
                     ^^^^^^^^^^^^^^^^^^^^^^
AttributeError: 'Member' object has no attribute 'timed_out_until'
INFO:asu_discord.cogs.verification:Saved 4 roles to database for user pinlee (Discord ID: 342654458012106754)
INFO:asu_discord.cogs.verification:Refreshed Salesforce roles for Discord user 342654458012106754: -4/+4 roles, assigned=[Graduate Student, International Student, W.P. Carey School of Business, West Valley]
Ignoring exception in on_member_update
Traceback (most recent call last):
  File "/usr/local/lib/python3.12/site-packages/discord/client.py", line 465, in _run_event
    await coro(*args, **kwargs)
  File "/app/asu_discord/cogs/analytics.py", line 652, in on_member_update
    before_timeout = before.timed_out_until
                     ^^^^^^^^^^^^^^^^^^^^^^
AttributeError: 'Member' object has no attribute 'timed_out_until'
Ignoring exception in on_member_update
Traceback (most recent call last):
  File "/usr/local/lib/python3.12/site-packages/discord/client.py", line 465, in _run_event
    await coro(*args, **kwargs)
  File "/app/asu_discord/cogs/analytics.py", line 652, in on_member_update
    before_timeout = before.timed_out_until
                     ^^^^^^^^^^^^^^^^^^^^^^
AttributeError: 'Member' object has no attribute 'timed_out_until'
Ignoring exception in on_member_update
Traceback (most recent call last):
  File "/usr/local/lib/python3.12/site-packages/discord/client.py", line 465, in _run_event
    await coro(*args, **kwargs)
  File "/app/asu_discord/cogs/analytics.py", line 652, in on_member_update
    before_timeout = before.timed_out_until
                     ^^^^^^^^^^^^^^^^^^^^^^
AttributeError: 'Member' object has no attribute 'timed_out_until'
Ignoring exception in on_member_update
Traceback (most recent call last):
  File "/usr/local/lib/python3.12/site-packages/discord/client.py", line 465, in _run_event
    await coro(*args, **kwargs)
  File "/app/asu_discord/cogs/analytics.py", line 652, in on_member_update
    before_timeout = before.timed_out_until
                     ^^^^^^^^^^^^^^^^^^^^^^
AttributeError: 'Member' object has no attribute 'timed_out_until'
Ignoring exception in on_member_update
Traceback (most recent call last):
  File "/usr/local/lib/python3.12/site-packages/discord/client.py", line 465, in _run_event
    await coro(*args, **kwargs)
  File "/app/asu_discord/cogs/analytics.py", line 652, in on_member_update
    before_timeout = before.timed_out_until
                     ^^^^^^^^^^^^^^^^^^^^^^
AttributeError: 'Member' object has no attribute 'timed_out_until'
Ignoring exception in on_member_update
Traceback (most recent call last):
  File "/usr/local/lib/python3.12/site-packages/discord/client.py", line 465, in _run_event
    await coro(*args, **kwargs)
  File "/app/asu_discord/cogs/analytics.py", line 652, in on_member_update
    before_timeout = before.timed_out_until
                     ^^^^^^^^^^^^^^^^^^^^^^
AttributeError: 'Member' object has no attribute 'timed_out_until'
Ignoring exception in on_member_update
Traceback (most recent call last):
  File "/usr/local/lib/python3.12/site-packages/discord/client.py", line 465, in _run_event
    await coro(*args, **kwargs)
  File "/app/asu_discord/cogs/analytics.py", line 652, in on_member_update
    before_timeout = before.timed_out_until
                     ^^^^^^^^^^^^^^^^^^^^^^
AttributeError: 'Member' object has no attribute 'timed_out_until'
Ignoring exception in on_member_update
Traceback (most recent call last):
  File "/usr/local/lib/python3.12/site-packages/discord/client.py", line 465, in _run_event
    await coro(*args, **kwargs)
  File "/app/asu_discord/cogs/analytics.py", line 652, in on_member_update
    before_timeout = before.timed_out_until
                     ^^^^^^^^^^^^^^^^^^^^^^
AttributeError: 'Member' object has no attribute 'timed_out_until'
Ignoring exception in on_member_update
Traceback (most recent call last):
  File "/usr/local/lib/python3.12/site-packages/discord/client.py", line 465, in _run_event
    await coro(*args, **kwargs)
  File "/app/asu_discord/cogs/analytics.py", line 652, in on_member_update
    before_timeout = before.timed_out_until
                     ^^^^^^^^^^^^^^^^^^^^^^
AttributeError: 'Member' object has no attribute 'timed_out_until'
Ignoring exception in on_member_update
Traceback (most recent call last):
  File "/usr/local/lib/python3.12/site-packages/discord/client.py", line 465, in _run_event
    await coro(*args, **kwargs)
  File "/app/asu_discord/cogs/analytics.py", line 652, in on_member_update
    before_timeout = before.timed_out_until
                     ^^^^^^^^^^^^^^^^^^^^^^
AttributeError: 'Member' object has no attribute 'timed_out_until'
Ignoring exception in on_member_update
Traceback (most recent call last):
  File "/usr/local/lib/python3.12/site-packages/discord/client.py", line 465, in _run_event
    await coro(*args, **kwargs)
  File "/app/asu_discord/cogs/analytics.py", line 652, in on_member_update
    before_timeout = before.timed_out_until
                     ^^^^^^^^^^^^^^^^^^^^^^
AttributeError: 'Member' object has no attribute 'timed_out_until'
Ignoring exception in on_member_update
Traceback (most recent call last):
  File "/usr/local/lib/python3.12/site-packages/discord/client.py", line 465, in _run_event
    await coro(*args, **kwargs)
  File "/app/asu_discord/cogs/analytics.py", line 652, in on_member_update
    before_timeout = before.timed_out_until
                     ^^^^^^^^^^^^^^^^^^^^^^
AttributeError: 'Member' object has no attribute 'timed_out_until'
INFO:asu_discord.cogs.verification:Saved 6 roles to database for user eleber1 (Discord ID: 658675247347793969)
INFO:asu_discord.cogs.verification:Refreshed Salesforce roles for Discord user 658675247347793969: -6/+6 roles, assigned=[Arizona Resident, Commited, First Generation Student, First Year, New College of Interdisciplinary Arts and Sciences, West Valley]
Ignoring exception in on_member_update
Traceback (most recent call last):
  File "/usr/local/lib/python3.12/site-packages/discord/client.py", line 465, in _run_event
    await coro(*args, **kwargs)
  File "/app/asu_discord/cogs/analytics.py", line 652, in on_member_update
    before_timeout = before.timed_out_until
                     ^^^^^^^^^^^^^^^^^^^^^^
AttributeError: 'Member' object has no attribute 'timed_out_until'
Ignoring exception in on_member_update
Traceback (most recent call last):
  File "/usr/local/lib/python3.12/site-packages/discord/client.py", line 465, in _run_event
    await coro(*args, **kwargs)
  File "/app/asu_discord/cogs/analytics.py", line 652, in on_member_update
    before_timeout = before.timed_out_until
                     ^^^^^^^^^^^^^^^^^^^^^^
AttributeError: 'Member' object has no attribute 'timed_out_until'
Ignoring exception in on_member_update
Traceback (most recent call last):
  File "/usr/local/lib/python3.12/site-packages/discord/client.py", line 465, in _run_event
    await coro(*args, **kwargs)
  File "/app/asu_discord/cogs/analytics.py", line 652, in on_member_update
    before_timeout = before.timed_out_until
                     ^^^^^^^^^^^^^^^^^^^^^^
AttributeError: 'Member' object has no attribute 'timed_out_until'
Ignoring exception in on_member_update
Traceback (most recent call last):
  File "/usr/local/lib/python3.12/site-packages/discord/client.py", line 465, in _run_event
    await coro(*args, **kwargs)
  File "/app/asu_discord/cogs/analytics.py", line 652, in on_member_update
    before_timeout = before.timed_out_until
                     ^^^^^^^^^^^^^^^^^^^^^^
AttributeError: 'Member' object has no attribute 'timed_out_until'
Ignoring exception in on_member_update
Traceback (most recent call last):
  File "/usr/local/lib/python3.12/site-packages/discord/client.py", line 465, in _run_event
    await coro(*args, **kwargs)
  File "/app/asu_discord/cogs/analytics.py", line 652, in on_member_update
    before_timeout = before.timed_out_until
                     ^^^^^^^^^^^^^^^^^^^^^^
AttributeError: 'Member' object has no attribute 'timed_out_until'
Ignoring exception in on_member_update
Traceback (most recent call last):
  File "/usr/local/lib/python3.12/site-packages/discord/client.py", line 465, in _run_event
    await coro(*args, **kwargs)
  File "/app/asu_discord/cogs/analytics.py", line 652, in on_member_update
    before_timeout = before.timed_out_until
                     ^^^^^^^^^^^^^^^^^^^^^^
AttributeError: 'Member' object has no attribute 'timed_out_until'
Ignoring exception in on_member_update
Traceback (most recent call last):
  File "/usr/local/lib/python3.12/site-packages/discord/client.py", line 465, in _run_event
    await coro(*args, **kwargs)
  File "/app/asu_discord/cogs/analytics.py", line 652, in on_member_update
    before_timeout = before.timed_out_until
                     ^^^^^^^^^^^^^^^^^^^^^^
AttributeError: 'Member' object has no attribute 'timed_out_until'
Ignoring exception in on_member_update
Traceback (most recent call last):
  File "/usr/local/lib/python3.12/site-packages/discord/client.py", line 465, in _run_event
    await coro(*args, **kwargs)
  File "/app/asu_discord/cogs/analytics.py", line 652, in on_member_update
    before_timeout = before.timed_out_until
                     ^^^^^^^^^^^^^^^^^^^^^^
AttributeError: 'Member' object has no attribute 'timed_out_until'
Ignoring exception in on_member_update
Traceback (most recent call last):
  File "/usr/local/lib/python3.12/site-packages/discord/client.py", line 465, in _run_event
    await coro(*args, **kwargs)
  File "/app/asu_discord/cogs/analytics.py", line 652, in on_member_update
    before_timeout = before.timed_out_until
                     ^^^^^^^^^^^^^^^^^^^^^^
AttributeError: 'Member' object has no attribute 'timed_out_until'
Ignoring exception in on_member_update
Traceback (most recent call last):
  File "/usr/local/lib/python3.12/site-packages/discord/client.py", line 465, in _run_event
    await coro(*args, **kwargs)
  File "/app/asu_discord/cogs/analytics.py", line 652, in on_member_update
    before_timeout = before.timed_out_until
                     ^^^^^^^^^^^^^^^^^^^^^^
AttributeError: 'Member' object has no attribute 'timed_out_until'
ERROR:cron.jobs:refresh_salesforce_roles: failed for vjmclean (Discord ID 584540062721507379): Timed out refresh Salesforce-based roles
Ignoring exception in on_member_update
Traceback (most recent call last):
  File "/usr/local/lib/python3.12/site-packages/discord/client.py", line 465, in _run_event
    await coro(*args, **kwargs)
  File "/app/asu_discord/cogs/analytics.py", line 652, in on_member_update
    before_timeout = before.timed_out_until
                     ^^^^^^^^^^^^^^^^^^^^^^
AttributeError: 'Member' object has no attribute 'timed_out_until'
Ignoring exception in on_member_update
Traceback (most recent call last):
  File "/usr/local/lib/python3.12/site-packages/discord/client.py", line 465, in _run_event
    await coro(*args, **kwargs)
  File "/app/asu_discord/cogs/analytics.py", line 652, in on_member_update
    before_timeout = before.timed_out_until
                     ^^^^^^^^^^^^^^^^^^^^^^
AttributeError: 'Member' object has no attribute 'timed_out_until'
Ignoring exception in on_member_update
Traceback (most recent call last):
  File "/usr/local/lib/python3.12/site-packages/discord/client.py", line 465, in _run_event
    await coro(*args, **kwargs)
  File "/app/asu_discord/cogs/analytics.py", line 652, in on_member_update
    before_timeout = before.timed_out_until
                     ^^^^^^^^^^^^^^^^^^^^^^
AttributeError: 'Member' object has no attribute 'timed_out_until'
Ignoring exception in on_member_update
Traceback (most recent call last):
  File "/usr/local/lib/python3.12/site-packages/discord/client.py", line 465, in _run_event
    await coro(*args, **kwargs)
  File "/app/asu_discord/cogs/analytics.py", line 652, in on_member_update
    before_timeout = before.timed_out_until
                     ^^^^^^^^^^^^^^^^^^^^^^
AttributeError: 'Member' object has no attribute 'timed_out_until'
Ignoring exception in on_member_update
Traceback (most recent call last):
  File "/usr/local/lib/python3.12/site-packages/discord/client.py", line 465, in _run_event
    await coro(*args, **kwargs)
  File "/app/asu_discord/cogs/analytics.py", line 652, in on_member_update
    before_timeout = before.timed_out_until
                     ^^^^^^^^^^^^^^^^^^^^^^
AttributeError: 'Member' object has no attribute 'timed_out_until'
Ignoring exception in on_member_update
Traceback (most recent call last):
  File "/usr/local/lib/python3.12/site-packages/discord/client.py", line 465, in _run_event
    await coro(*args, **kwargs)
  File "/app/asu_discord/cogs/analytics.py", line 652, in on_member_update
    before_timeout = before.timed_out_until
                     ^^^^^^^^^^^^^^^^^^^^^^
AttributeError: 'Member' object has no attribute 'timed_out_until'
Ignoring exception in on_member_update
Traceback (most recent call last):
  File "/usr/local/lib/python3.12/site-packages/discord/client.py", line 465, in _run_event
    await coro(*args, **kwargs)
  File "/app/asu_discord/cogs/analytics.py", line 652, in on_member_update
    before_timeout = before.timed_out_until
                     ^^^^^^^^^^^^^^^^^^^^^^
AttributeError: 'Member' object has no attribute 'timed_out_until'
Ignoring exception in on_member_update
Traceback (most recent call last):
  File "/usr/local/lib/python3.12/site-packages/discord/client.py", line 465, in _run_event
    await coro(*args, **kwargs)
  File "/app/asu_discord/cogs/analytics.py", line 652, in on_member_update
    before_timeout = before.timed_out_until
                     ^^^^^^^^^^^^^^^^^^^^^^
AttributeError: 'Member' object has no attribute 'timed_out_until'
Ignoring exception in on_member_update
Traceback (most recent call last):
  File "/usr/local/lib/python3.12/site-packages/discord/client.py", line 465, in _run_event
    await coro(*args, **kwargs)
  File "/app/asu_discord/cogs/analytics.py", line 652, in on_member_update
    before_timeout = before.timed_out_until
                     ^^^^^^^^^^^^^^^^^^^^^^
AttributeError: 'Member' object has no attribute 'timed_out_until'
Ignoring exception in on_member_update
Traceback (most recent call last):
  File "/usr/local/lib/python3.12/site-packages/discord/client.py", line 465, in _run_event
    await coro(*args, **kwargs)
  File "/app/asu_discord/cogs/analytics.py", line 652, in on_member_update
    before_timeout = before.timed_out_until
                     ^^^^^^^^^^^^^^^^^^^^^^
AttributeError: 'Member' object has no attribute 'timed_out_until'
INFO:asu_discord.cogs.verification:Saved 5 roles to database for user vnguy154 (Discord ID: 882993239957831801)
INFO:asu_discord.cogs.verification:Refreshed Salesforce roles for Discord user 882993239957831801: -5/+5 roles, assigned=[Commited, First Year, Herberger Institute for Design and the Arts, International Student, Tempe]
Ignoring exception in on_member_update
Traceback (most recent call last):
  File "/usr/local/lib/python3.12/site-packages/discord/client.py", line 465, in _run_event
    await coro(*args, **kwargs)
  File "/app/asu_discord/cogs/analytics.py", line 652, in on_member_update
    before_timeout = before.timed_out_until
                     ^^^^^^^^^^^^^^^^^^^^^^
AttributeError: 'Member' object has no attribute 'timed_out_until'
Ignoring exception in on_member_update
Traceback (most recent call last):
  File "/usr/local/lib/python3.12/site-packages/discord/client.py", line 465, in _run_event
    await coro(*args, **kwargs)
  File "/app/asu_discord/cogs/analytics.py", line 652, in on_member_update
    before_timeout = before.timed_out_until
                     ^^^^^^^^^^^^^^^^^^^^^^
AttributeError: 'Member' object has no attribute 'timed_out_until'
Ignoring exception in on_member_update
Traceback (most recent call last):
  File "/usr/local/lib/python3.12/site-packages/discord/client.py", line 465, in _run_event
    await coro(*args, **kwargs)
  File "/app/asu_discord/cogs/analytics.py", line 652, in on_member_update
    before_timeout = before.timed_out_until
                     ^^^^^^^^^^^^^^^^^^^^^^
AttributeError: 'Member' object has no attribute 'timed_out_until'
Ignoring exception in on_member_update
Traceback (most recent call last):
  File "/usr/local/lib/python3.12/site-packages/discord/client.py", line 465, in _run_event
    await coro(*args, **kwargs)
  File "/app/asu_discord/cogs/analytics.py", line 652, in on_member_update
    before_timeout = before.timed_out_until
                     ^^^^^^^^^^^^^^^^^^^^^^
AttributeError: 'Member' object has no attribute 'timed_out_until'
Ignoring exception in on_member_update
Traceback (most recent call last):
  File "/usr/local/lib/python3.12/site-packages/discord/client.py", line 465, in _run_event
    await coro(*args, **kwargs)
  File "/app/asu_discord/cogs/analytics.py", line 652, in on_member_update
    before_timeout = before.timed_out_until
                     ^^^^^^^^^^^^^^^^^^^^^^
AttributeError: 'Member' object has no attribute 'timed_out_until'
Ignoring exception in on_member_update
Traceback (most recent call last):
  File "/usr/local/lib/python3.12/site-packages/discord/client.py", line 465, in _run_event
    await coro(*args, **kwargs)
  File "/app/asu_discord/cogs/analytics.py", line 652, in on_member_update
    before_timeout = before.timed_out_until
                     ^^^^^^^^^^^^^^^^^^^^^^
AttributeError: 'Member' object has no attribute 'timed_out_until'
Ignoring exception in on_member_update
Traceback (most recent call last):
  File "/usr/local/lib/python3.12/site-packages/discord/client.py", line 465, in _run_event
    await coro(*args, **kwargs)
  File "/app/asu_discord/cogs/analytics.py", line 652, in on_member_update
    before_timeout = before.timed_out_until
                     ^^^^^^^^^^^^^^^^^^^^^^
AttributeError: 'Member' object has no attribute 'timed_out_until'
Ignoring exception in on_member_update
Traceback (most recent call last):
  File "/usr/local/lib/python3.12/site-packages/discord/client.py", line 465, in _run_event
    await coro(*args, **kwargs)
  File "/app/asu_discord/cogs/analytics.py", line 652, in on_member_update
    before_timeout = before.timed_out_until
                     ^^^^^^^^^^^^^^^^^^^^^^
AttributeError: 'Member' object has no attribute 'timed_out_until'
Ignoring exception in on_member_update
Traceback (most recent call last):
  File "/usr/local/lib/python3.12/site-packages/discord/client.py", line 465, in _run_event
    await coro(*args, **kwargs)
  File "/app/asu_discord/cogs/analytics.py", line 652, in on_member_update
    before_timeout = before.timed_out_until
                     ^^^^^^^^^^^^^^^^^^^^^^
AttributeError: 'Member' object has no attribute 'timed_out_until'
Ignoring exception in on_member_update
Traceback (most recent call last):
  File "/usr/local/lib/python3.12/site-packages/discord/client.py", line 465, in _run_event
    await coro(*args, **kwargs)
  File "/app/asu_discord/cogs/analytics.py", line 652, in on_member_update
    before_timeout = before.timed_out_until
                     ^^^^^^^^^^^^^^^^^^^^^^
AttributeError: 'Member' object has no attribute 'timed_out_until'
INFO:asu_discord.cogs.verification:Saved 5 roles to database for user kschoi1 (Discord ID: 713872150045655160)
INFO:asu_discord.cogs.verification:Refreshed Salesforce roles for Discord user 713872150045655160: -5/+5 roles, assigned=[Arizona Resident, Commited, First Year, Tempe, W.P. Carey School of Business]
Ignoring exception in on_member_update
Traceback (most recent call last):
  File "/usr/local/lib/python3.12/site-packages/discord/client.py", line 465, in _run_event
    await coro(*args, **kwargs)
  File "/app/asu_discord/cogs/analytics.py", line 652, in on_member_update
    before_timeout = before.timed_out_until
                     ^^^^^^^^^^^^^^^^^^^^^^
AttributeError: 'Member' object has no attribute 'timed_out_until'
Ignoring exception in on_member_update
Traceback (most recent call last):
  File "/usr/local/lib/python3.12/site-packages/discord/client.py", line 465, in _run_event
    await coro(*args, **kwargs)
  File "/app/asu_discord/cogs/analytics.py", line 652, in on_member_update
    before_timeout = before.timed_out_until
                     ^^^^^^^^^^^^^^^^^^^^^^
AttributeError: 'Member' object has no attribute 'timed_out_until'
Ignoring exception in on_member_update
Traceback (most recent call last):
  File "/usr/local/lib/python3.12/site-packages/discord/client.py", line 465, in _run_event
    await coro(*args, **kwargs)
  File "/app/asu_discord/cogs/analytics.py", line 652, in on_member_update
    before_timeout = before.timed_out_until
                     ^^^^^^^^^^^^^^^^^^^^^^
AttributeError: 'Member' object has no attribute 'timed_out_until'
Ignoring exception in on_member_update
Traceback (most recent call last):
  File "/usr/local/lib/python3.12/site-packages/discord/client.py", line 465, in _run_event
    await coro(*args, **kwargs)
  File "/app/asu_discord/cogs/analytics.py", line 652, in on_member_update
    before_timeout = before.timed_out_until
                     ^^^^^^^^^^^^^^^^^^^^^^
AttributeError: 'Member' object has no attribute 'timed_out_until'
Ignoring exception in on_member_update
Traceback (most recent call last):
  File "/usr/local/lib/python3.12/site-packages/discord/client.py", line 465, in _run_event
    await coro(*args, **kwargs)
  File "/app/asu_discord/cogs/analytics.py", line 652, in on_member_update
    before_timeout = before.timed_out_until
                     ^^^^^^^^^^^^^^^^^^^^^^
AttributeError: 'Member' object has no attribute 'timed_out_until'
Ignoring exception in on_member_update
Traceback (most recent call last):
  File "/usr/local/lib/python3.12/site-packages/discord/client.py", line 465, in _run_event
    await coro(*args, **kwargs)
  File "/app/asu_discord/cogs/analytics.py", line 652, in on_member_update
    before_timeout = before.timed_out_until
                     ^^^^^^^^^^^^^^^^^^^^^^
AttributeError: 'Member' object has no attribute 'timed_out_until'
Ignoring exception in on_member_update
Traceback (most recent call last):
  File "/usr/local/lib/python3.12/site-packages/discord/client.py", line 465, in _run_event
    await coro(*args, **kwargs)
  File "/app/asu_discord/cogs/analytics.py", line 652, in on_member_update
    before_timeout = before.timed_out_until
                     ^^^^^^^^^^^^^^^^^^^^^^
AttributeError: 'Member' object has no attribute 'timed_out_until'
Ignoring exception in on_member_update
Traceback (most recent call last):
  File "/usr/local/lib/python3.12/site-packages/discord/client.py", line 465, in _run_event
    await coro(*args, **kwargs)
  File "/app/asu_discord/cogs/analytics.py", line 652, in on_member_update
    before_timeout = before.timed_out_until
                     ^^^^^^^^^^^^^^^^^^^^^^
AttributeError: 'Member' object has no attribute 'timed_out_until'
Ignoring exception in on_member_update
Traceback (most recent call last):
  File "/usr/local/lib/python3.12/site-packages/discord/client.py", line 465, in _run_event
    await coro(*args, **kwargs)
  File "/app/asu_discord/cogs/analytics.py", line 652, in on_member_update
    before_timeout = before.timed_out_until
                     ^^^^^^^^^^^^^^^^^^^^^^
AttributeError: 'Member' object has no attribute 'timed_out_until'
INFO:asu_discord.cogs.verification:Saved 5 roles to database for user nabdul11 (Discord ID: 342734736860381187)
INFO:asu_discord.cogs.verification:Refreshed Salesforce roles for Discord user 342734736860381187: -5/+4 roles, assigned=[Commited, Graduate Student, International Student, Ira A. Fulton Schools of Engineering, Tempe]
Ignoring exception in on_member_update
Traceback (most recent call last):
  File "/usr/local/lib/python3.12/site-packages/discord/client.py", line 465, in _run_event
    await coro(*args, **kwargs)
  File "/app/asu_discord/cogs/analytics.py", line 652, in on_member_update
    before_timeout = before.timed_out_until
                     ^^^^^^^^^^^^^^^^^^^^^^
AttributeError: 'Member' object has no attribute 'timed_out_until'
Ignoring exception in on_member_update
Traceback (most recent call last):
  File "/usr/local/lib/python3.12/site-packages/discord/client.py", line 465, in _run_event
    await coro(*args, **kwargs)
  File "/app/asu_discord/cogs/analytics.py", line 652, in on_member_update
    before_timeout = before.timed_out_until
                     ^^^^^^^^^^^^^^^^^^^^^^
AttributeError: 'Member' object has no attribute 'timed_out_until'
Ignoring exception in on_member_update
Traceback (most recent call last):
  File "/usr/local/lib/python3.12/site-packages/discord/client.py", line 465, in _run_event
    await coro(*args, **kwargs)
  File "/app/asu_discord/cogs/analytics.py", line 652, in on_member_update
    before_timeout = before.timed_out_until
                     ^^^^^^^^^^^^^^^^^^^^^^
AttributeError: 'Member' object has no attribute 'timed_out_until'
Ignoring exception in on_member_update
Traceback (most recent call last):
  File "/usr/local/lib/python3.12/site-packages/discord/client.py", line 465, in _run_event
    await coro(*args, **kwargs)
  File "/app/asu_discord/cogs/analytics.py", line 652, in on_member_update
    before_timeout = before.timed_out_until
                     ^^^^^^^^^^^^^^^^^^^^^^
AttributeError: 'Member' object has no attribute 'timed_out_until'
Ignoring exception in on_member_update
Traceback (most recent call last):
  File "/usr/local/lib/python3.12/site-packages/discord/client.py", line 465, in _run_event
    await coro(*args, **kwargs)
  File "/app/asu_discord/cogs/analytics.py", line 652, in on_member_update
    before_timeout = before.timed_out_until
                     ^^^^^^^^^^^^^^^^^^^^^^
AttributeError: 'Member' object has no attribute 'timed_out_until'
Ignoring exception in on_member_update
Traceback (most recent call last):
  File "/usr/local/lib/python3.12/site-packages/discord/client.py", line 465, in _run_event
    await coro(*args, **kwargs)
  File "/app/asu_discord/cogs/analytics.py", line 652, in on_member_update
    before_timeout = before.timed_out_until
                     ^^^^^^^^^^^^^^^^^^^^^^
AttributeError: 'Member' object has no attribute 'timed_out_until'
Ignoring exception in on_member_update
Traceback (most recent call last):
  File "/usr/local/lib/python3.12/site-packages/discord/client.py", line 465, in _run_event
    await coro(*args, **kwargs)
  File "/app/asu_discord/cogs/analytics.py", line 652, in on_member_update
    before_timeout = before.timed_out_until
                     ^^^^^^^^^^^^^^^^^^^^^^
AttributeError: 'Member' object has no attribute 'timed_out_until'
Ignoring exception in on_member_update
Traceback (most recent call last):
  File "/usr/local/lib/python3.12/site-packages/discord/client.py", line 465, in _run_event
    await coro(*args, **kwargs)
  File "/app/asu_discord/cogs/analytics.py", line 652, in on_member_update
    before_timeout = before.timed_out_until
                     ^^^^^^^^^^^^^^^^^^^^^^
AttributeError: 'Member' object has no attribute 'timed_out_until'
Ignoring exception in on_member_update
Traceback (most recent call last):
  File "/usr/local/lib/python3.12/site-packages/discord/client.py", line 465, in _run_event
    await coro(*args, **kwargs)
  File "/app/asu_discord/cogs/analytics.py", line 652, in on_member_update
    before_timeout = before.timed_out_until
                     ^^^^^^^^^^^^^^^^^^^^^^
AttributeError: 'Member' object has no attribute 'timed_out_until'
Ignoring exception in on_member_update
Traceback (most recent call last):
  File "/usr/local/lib/python3.12/site-packages/discord/client.py", line 465, in _run_event
    await coro(*args, **kwargs)
  File "/app/asu_discord/cogs/analytics.py", line 652, in on_member_update
    before_timeout = before.timed_out_until
                     ^^^^^^^^^^^^^^^^^^^^^^
AttributeError: 'Member' object has no attribute 'timed_out_until'
INFO:asu_discord.cogs.verification:Saved 5 roles to database for user sutschig (Discord ID: 806940185589055489)
INFO:asu_discord.cogs.verification:Refreshed Salesforce roles for Discord user 806940185589055489: -5/+5 roles, assigned=[Commited, First Year, Ira A. Fulton Schools of Engineering, Out of State, Tempe]
Ignoring exception in on_member_update
Traceback (most recent call last):
  File "/usr/local/lib/python3.12/site-packages/discord/client.py", line 465, in _run_event
    await coro(*args, **kwargs)
  File "/app/asu_discord/cogs/analytics.py", line 652, in on_member_update
    before_timeout = before.timed_out_until
                     ^^^^^^^^^^^^^^^^^^^^^^
AttributeError: 'Member' object has no attribute 'timed_out_until'
Ignoring exception in on_member_update
Traceback (most recent call last):
  File "/usr/local/lib/python3.12/site-packages/discord/client.py", line 465, in _run_event
    await coro(*args, **kwargs)
  File "/app/asu_discord/cogs/analytics.py", line 652, in on_member_update
    before_timeout = before.timed_out_until
                     ^^^^^^^^^^^^^^^^^^^^^^
AttributeError: 'Member' object has no attribute 'timed_out_until'
Ignoring exception in on_member_update
Traceback (most recent call last):
  File "/usr/local/lib/python3.12/site-packages/discord/client.py", line 465, in _run_event
    await coro(*args, **kwargs)
  File "/app/asu_discord/cogs/analytics.py", line 652, in on_member_update
    before_timeout = before.timed_out_until
                     ^^^^^^^^^^^^^^^^^^^^^^
AttributeError: 'Member' object has no attribute 'timed_out_until'
Ignoring exception in on_member_update
Traceback (most recent call last):
  File "/usr/local/lib/python3.12/site-packages/discord/client.py", line 465, in _run_event
    await coro(*args, **kwargs)
  File "/app/asu_discord/cogs/analytics.py", line 652, in on_member_update
    before_timeout = before.timed_out_until
                     ^^^^^^^^^^^^^^^^^^^^^^
AttributeError: 'Member' object has no attribute 'timed_out_until'
Ignoring exception in on_member_update
Traceback (most recent call last):
  File "/usr/local/lib/python3.12/site-packages/discord/client.py", line 465, in _run_event
    await coro(*args, **kwargs)
  File "/app/asu_discord/cogs/analytics.py", line 652, in on_member_update
    before_timeout = before.timed_out_until
                     ^^^^^^^^^^^^^^^^^^^^^^
AttributeError: 'Member' object has no attribute 'timed_out_until'
Ignoring exception in on_member_update
Traceback (most recent call last):
  File "/usr/local/lib/python3.12/site-packages/discord/client.py", line 465, in _run_event
    await coro(*args, **kwargs)
  File "/app/asu_discord/cogs/analytics.py", line 652, in on_member_update
    before_timeout = before.timed_out_until
                     ^^^^^^^^^^^^^^^^^^^^^^
AttributeError: 'Member' object has no attribute 'timed_out_until'
Ignoring exception in on_member_update
Traceback (most recent call last):
  File "/usr/local/lib/python3.12/site-packages/discord/client.py", line 465, in _run_event
    await coro(*args, **kwargs)
  File "/app/asu_discord/cogs/analytics.py", line 652, in on_member_update
    before_timeout = before.timed_out_until
                     ^^^^^^^^^^^^^^^^^^^^^^
AttributeError: 'Member' object has no attribute 'timed_out_until'
Ignoring exception in on_member_update
Traceback (most recent call last):
  File "/usr/local/lib/python3.12/site-packages/discord/client.py", line 465, in _run_event
    await coro(*args, **kwargs)
  File "/app/asu_discord/cogs/analytics.py", line 652, in on_member_update
    before_timeout = before.timed_out_until
                     ^^^^^^^^^^^^^^^^^^^^^^
AttributeError: 'Member' object has no attribute 'timed_out_until'
Ignoring exception in on_member_update
Traceback (most recent call last):
  File "/usr/local/lib/python3.12/site-packages/discord/client.py", line 465, in _run_event
    await coro(*args, **kwargs)
  File "/app/asu_discord/cogs/analytics.py", line 652, in on_member_update
    before_timeout = before.timed_out_until
                     ^^^^^^^^^^^^^^^^^^^^^^
AttributeError: 'Member' object has no attribute 'timed_out_until'
Ignoring exception in on_member_update
Traceback (most recent call last):
  File "/usr/local/lib/python3.12/site-packages/discord/client.py", line 465, in _run_event
    await coro(*args, **kwargs)
  File "/app/asu_discord/cogs/analytics.py", line 652, in on_member_update
    before_timeout = before.timed_out_until
                     ^^^^^^^^^^^^^^^^^^^^^^
AttributeError: 'Member' object has no attribute 'timed_out_until'
Ignoring exception in on_member_update
Traceback (most recent call last):
  File "/usr/local/lib/python3.12/site-packages/discord/client.py", line 465, in _run_event
    await coro(*args, **kwargs)
  File "/app/asu_discord/cogs/analytics.py", line 652, in on_member_update
    before_timeout = before.timed_out_until
                     ^^^^^^^^^^^^^^^^^^^^^^
AttributeError: 'Member' object has no attribute 'timed_out_until'
ERROR:cron.jobs:refresh_salesforce_roles: failed for tmthom25 (Discord ID 1512584143454867517): Timed out refresh Salesforce-based roles
Ignoring exception in on_member_update
Traceback (most recent call last):
  File "/usr/local/lib/python3.12/site-packages/discord/client.py", line 465, in _run_event
    await coro(*args, **kwargs)
  File "/app/asu_discord/cogs/analytics.py", line 652, in on_member_update
    before_timeout = before.timed_out_until
                     ^^^^^^^^^^^^^^^^^^^^^^
AttributeError: 'Member' object has no attribute 'timed_out_until'
Ignoring exception in on_member_update
Traceback (most recent call last):
  File "/usr/local/lib/python3.12/site-packages/discord/client.py", line 465, in _run_event
    await coro(*args, **kwargs)
  File "/app/asu_discord/cogs/analytics.py", line 652, in on_member_update
    before_timeout = before.timed_out_until
                     ^^^^^^^^^^^^^^^^^^^^^^
AttributeError: 'Member' object has no attribute 'timed_out_until'
Ignoring exception in on_member_update
Traceback (most recent call last):
  File "/usr/local/lib/python3.12/site-packages/discord/client.py", line 465, in _run_event
    await coro(*args, **kwargs)
  File "/app/asu_discord/cogs/analytics.py", line 652, in on_member_update
    before_timeout = before.timed_out_until
                     ^^^^^^^^^^^^^^^^^^^^^^
AttributeError: 'Member' object has no attribute 'timed_out_until'
Ignoring exception in on_member_update
Traceback (most recent call last):
  File "/usr/local/lib/python3.12/site-packages/discord/client.py", line 465, in _run_event
    await coro(*args, **kwargs)
  File "/app/asu_discord/cogs/analytics.py", line 652, in on_member_update
    before_timeout = before.timed_out_until
                     ^^^^^^^^^^^^^^^^^^^^^^
AttributeError: 'Member' object has no attribute 'timed_out_until'
Ignoring exception in on_member_update
Traceback (most recent call last):
  File "/usr/local/lib/python3.12/site-packages/discord/client.py", line 465, in _run_event
    await coro(*args, **kwargs)
  File "/app/asu_discord/cogs/analytics.py", line 652, in on_member_update
    before_timeout = before.timed_out_until
                     ^^^^^^^^^^^^^^^^^^^^^^
AttributeError: 'Member' object has no attribute 'timed_out_until'
Ignoring exception in on_member_update
Traceback (most recent call last):
  File "/usr/local/lib/python3.12/site-packages/discord/client.py", line 465, in _run_event
    await coro(*args, **kwargs)
  File "/app/asu_discord/cogs/analytics.py", line 652, in on_member_update
    before_timeout = before.timed_out_until
                     ^^^^^^^^^^^^^^^^^^^^^^
AttributeError: 'Member' object has no attribute 'timed_out_until'
Ignoring exception in on_member_update
Traceback (most recent call last):
  File "/usr/local/lib/python3.12/site-packages/discord/client.py", line 465, in _run_event
    await coro(*args, **kwargs)
  File "/app/asu_discord/cogs/analytics.py", line 652, in on_member_update
    before_timeout = before.timed_out_until
                     ^^^^^^^^^^^^^^^^^^^^^^
AttributeError: 'Member' object has no attribute 'timed_out_until'
Ignoring exception in on_member_update
Traceback (most recent call last):
  File "/usr/local/lib/python3.12/site-packages/discord/client.py", line 465, in _run_event
    await coro(*args, **kwargs)
  File "/app/asu_discord/cogs/analytics.py", line 652, in on_member_update
    before_timeout = before.timed_out_until
                     ^^^^^^^^^^^^^^^^^^^^^^
AttributeError: 'Member' object has no attribute 'timed_out_until'
Ignoring exception in on_member_update
Traceback (most recent call last):
  File "/usr/local/lib/python3.12/site-packages/discord/client.py", line 465, in _run_event
    await coro(*args, **kwargs)
  File "/app/asu_discord/cogs/analytics.py", line 652, in on_member_update
    before_timeout = before.timed_out_until
                     ^^^^^^^^^^^^^^^^^^^^^^
AttributeError: 'Member' object has no attribute 'timed_out_until'
Ignoring exception in on_member_update
Traceback (most recent call last):
  File "/usr/local/lib/python3.12/site-packages/discord/client.py", line 465, in _run_event
    await coro(*args, **kwargs)
  File "/app/asu_discord/cogs/analytics.py", line 652, in on_member_update
    before_timeout = before.timed_out_until
                     ^^^^^^^^^^^^^^^^^^^^^^
AttributeError: 'Member' object has no attribute 'timed_out_until'
INFO:asu_discord.cogs.verification:Saved 5 roles to database for user bherbein (Discord ID: 844074485019443201)
INFO:asu_discord.cogs.verification:Refreshed Salesforce roles for Discord user 844074485019443201: -5/+5 roles, assigned=[Arizona Resident, Commited, First Year, Ira A. Fulton Schools of Engineering, Tempe]
Ignoring exception in on_member_update
Traceback (most recent call last):
  File "/usr/local/lib/python3.12/site-packages/discord/client.py", line 465, in _run_event
    await coro(*args, **kwargs)
  File "/app/asu_discord/cogs/analytics.py", line 652, in on_member_update
    before_timeout = before.timed_out_until
                     ^^^^^^^^^^^^^^^^^^^^^^
AttributeError: 'Member' object has no attribute 'timed_out_until'
Ignoring exception in on_member_update
Traceback (most recent call last):
  File "/usr/local/lib/python3.12/site-packages/discord/client.py", line 465, in _run_event
    await coro(*args, **kwargs)
  File "/app/asu_discord/cogs/analytics.py", line 652, in on_member_update
    before_timeout = before.timed_out_until
                     ^^^^^^^^^^^^^^^^^^^^^^
AttributeError: 'Member' object has no attribute 'timed_out_until'
Ignoring exception in on_member_update
Traceback (most recent call last):
  File "/usr/local/lib/python3.12/site-packages/discord/client.py", line 465, in _run_event
    await coro(*args, **kwargs)
  File "/app/asu_discord/cogs/analytics.py", line 652, in on_member_update
    before_timeout = before.timed_out_until
                     ^^^^^^^^^^^^^^^^^^^^^^
AttributeError: 'Member' object has no attribute 'timed_out_until'
Ignoring exception in on_member_update
Traceback (most recent call last):
  File "/usr/local/lib/python3.12/site-packages/discord/client.py", line 465, in _run_event
    await coro(*args, **kwargs)
  File "/app/asu_discord/cogs/analytics.py", line 652, in on_member_update
    before_timeout = before.timed_out_until
                     ^^^^^^^^^^^^^^^^^^^^^^
AttributeError: 'Member' object has no attribute 'timed_out_until'
Ignoring exception in on_member_update
Traceback (most recent call last):
  File "/usr/local/lib/python3.12/site-packages/discord/client.py", line 465, in _run_event
    await coro(*args, **kwargs)
  File "/app/asu_discord/cogs/analytics.py", line 652, in on_member_update
    before_timeout = before.timed_out_until
                     ^^^^^^^^^^^^^^^^^^^^^^
AttributeError: 'Member' object has no attribute 'timed_out_until'
Ignoring exception in on_member_update
Traceback (most recent call last):
  File "/usr/local/lib/python3.12/site-packages/discord/client.py", line 465, in _run_event
    await coro(*args, **kwargs)
  File "/app/asu_discord/cogs/analytics.py", line 652, in on_member_update
    before_timeout = before.timed_out_until
                     ^^^^^^^^^^^^^^^^^^^^^^
AttributeError: 'Member' object has no attribute 'timed_out_until'
Ignoring exception in on_member_update
Traceback (most recent call last):
  File "/usr/local/lib/python3.12/site-packages/discord/client.py", line 465, in _run_event
    await coro(*args, **kwargs)
  File "/app/asu_discord/cogs/analytics.py", line 652, in on_member_update
    before_timeout = before.timed_out_until
                     ^^^^^^^^^^^^^^^^^^^^^^
AttributeError: 'Member' object has no attribute 'timed_out_until'
Ignoring exception in on_member_update
Traceback (most recent call last):
  File "/usr/local/lib/python3.12/site-packages/discord/client.py", line 465, in _run_event
    await coro(*args, **kwargs)
  File "/app/asu_discord/cogs/analytics.py", line 652, in on_member_update
    before_timeout = before.timed_out_until
                     ^^^^^^^^^^^^^^^^^^^^^^
AttributeError: 'Member' object has no attribute 'timed_out_until'
Ignoring exception in on_member_update
Traceback (most recent call last):
  File "/usr/local/lib/python3.12/site-packages/discord/client.py", line 465, in _run_event
    await coro(*args, **kwargs)
  File "/app/asu_discord/cogs/analytics.py", line 652, in on_member_update
    before_timeout = before.timed_out_until
                     ^^^^^^^^^^^^^^^^^^^^^^
AttributeError: 'Member' object has no attribute 'timed_out_until'
Ignoring exception in on_member_update
Traceback (most recent call last):
  File "/usr/local/lib/python3.12/site-packages/discord/client.py", line 465, in _run_event
    await coro(*args, **kwargs)
  File "/app/asu_discord/cogs/analytics.py", line 652, in on_member_update
    before_timeout = before.timed_out_until
                     ^^^^^^^^^^^^^^^^^^^^^^
AttributeError: 'Member' object has no attribute 'timed_out_until'
ERROR:cron.jobs:refresh_salesforce_roles: failed for gnewsum (Discord ID 1420910601315553291): Timed out refresh Salesforce-based roles
Ignoring exception in on_member_update
Traceback (most recent call last):
  File "/usr/local/lib/python3.12/site-packages/discord/client.py", line 465, in _run_event
    await coro(*args, **kwargs)
  File "/app/asu_discord/cogs/analytics.py", line 652, in on_member_update
    before_timeout = before.timed_out_until
                     ^^^^^^^^^^^^^^^^^^^^^^
AttributeError: 'Member' object has no attribute 'timed_out_until'
Ignoring exception in on_member_update
Traceback (most recent call last):
  File "/usr/local/lib/python3.12/site-packages/discord/client.py", line 465, in _run_event
    await coro(*args, **kwargs)
  File "/app/asu_discord/cogs/analytics.py", line 652, in on_member_update
    before_timeout = before.timed_out_until
                     ^^^^^^^^^^^^^^^^^^^^^^
AttributeError: 'Member' object has no attribute 'timed_out_until'
Ignoring exception in on_member_update
Traceback (most recent call last):
  File "/usr/local/lib/python3.12/site-packages/discord/client.py", line 465, in _run_event
    await coro(*args, **kwargs)
  File "/app/asu_discord/cogs/analytics.py", line 652, in on_member_update
    before_timeout = before.timed_out_until
                     ^^^^^^^^^^^^^^^^^^^^^^
AttributeError: 'Member' object has no attribute 'timed_out_until'
Ignoring exception in on_member_update
Traceback (most recent call last):
  File "/usr/local/lib/python3.12/site-packages/discord/client.py", line 465, in _run_event
    await coro(*args, **kwargs)
  File "/app/asu_discord/cogs/analytics.py", line 652, in on_member_update
    before_timeout = before.timed_out_until
                     ^^^^^^^^^^^^^^^^^^^^^^
AttributeError: 'Member' object has no attribute 'timed_out_until'
Ignoring exception in on_member_update
Traceback (most recent call last):
  File "/usr/local/lib/python3.12/site-packages/discord/client.py", line 465, in _run_event
    await coro(*args, **kwargs)
  File "/app/asu_discord/cogs/analytics.py", line 652, in on_member_update
    before_timeout = before.timed_out_until
                     ^^^^^^^^^^^^^^^^^^^^^^
AttributeError: 'Member' object has no attribute 'timed_out_until'
Ignoring exception in on_member_update
Traceback (most recent call last):
  File "/usr/local/lib/python3.12/site-packages/discord/client.py", line 465, in _run_event
    await coro(*args, **kwargs)
  File "/app/asu_discord/cogs/analytics.py", line 652, in on_member_update
    before_timeout = before.timed_out_until
                     ^^^^^^^^^^^^^^^^^^^^^^
AttributeError: 'Member' object has no attribute 'timed_out_until'
Ignoring exception in on_member_update
Traceback (most recent call last):
  File "/usr/local/lib/python3.12/site-packages/discord/client.py", line 465, in _run_event
    await coro(*args, **kwargs)
  File "/app/asu_discord/cogs/analytics.py", line 652, in on_member_update
    before_timeout = before.timed_out_until
                     ^^^^^^^^^^^^^^^^^^^^^^
AttributeError: 'Member' object has no attribute 'timed_out_until'
Ignoring exception in on_member_update
Traceback (most recent call last):
  File "/usr/local/lib/python3.12/site-packages/discord/client.py", line 465, in _run_event
    await coro(*args, **kwargs)
  File "/app/asu_discord/cogs/analytics.py", line 652, in on_member_update
    before_timeout = before.timed_out_until
                     ^^^^^^^^^^^^^^^^^^^^^^
AttributeError: 'Member' object has no attribute 'timed_out_until'
Ignoring exception in on_member_update
Traceback (most recent call last):
  File "/usr/local/lib/python3.12/site-packages/discord/client.py", line 465, in _run_event
    await coro(*args, **kwargs)
  File "/app/asu_discord/cogs/analytics.py", line 652, in on_member_update
    before_timeout = before.timed_out_until
                     ^^^^^^^^^^^^^^^^^^^^^^
AttributeError: 'Member' object has no attribute 'timed_out_until'
Ignoring exception in on_member_update
Traceback (most recent call last):
  File "/usr/local/lib/python3.12/site-packages/discord/client.py", line 465, in _run_event
    await coro(*args, **kwargs)
  File "/app/asu_discord/cogs/analytics.py", line 652, in on_member_update
    before_timeout = before.timed_out_until
                     ^^^^^^^^^^^^^^^^^^^^^^
AttributeError: 'Member' object has no attribute 'timed_out_until'
INFO:asu_discord.cogs.verification:Saved 5 roles to database for user apmillsa (Discord ID: 1513658373843976396)
INFO:asu_discord.cogs.verification:Refreshed Salesforce roles for Discord user 1513658373843976396: -5/+5 roles, assigned=[Arizona Resident, First Year, Herberger Institute for Design and the Arts, Tempe, Upperclassmen]
Ignoring exception in on_member_update
Traceback (most recent call last):
  File "/usr/local/lib/python3.12/site-packages/discord/client.py", line 465, in _run_event
    await coro(*args, **kwargs)
  File "/app/asu_discord/cogs/analytics.py", line 652, in on_member_update
    before_timeout = before.timed_out_until
                     ^^^^^^^^^^^^^^^^^^^^^^
AttributeError: 'Member' object has no attribute 'timed_out_until'
Ignoring exception in on_member_update
Traceback (most recent call last):
  File "/usr/local/lib/python3.12/site-packages/discord/client.py", line 465, in _run_event
    await coro(*args, **kwargs)
  File "/app/asu_discord/cogs/analytics.py", line 652, in on_member_update
    before_timeout = before.timed_out_until
                     ^^^^^^^^^^^^^^^^^^^^^^
AttributeError: 'Member' object has no attribute 'timed_out_until'
Ignoring exception in on_member_update
Traceback (most recent call last):
  File "/usr/local/lib/python3.12/site-packages/discord/client.py", line 465, in _run_event
    await coro(*args, **kwargs)
  File "/app/asu_discord/cogs/analytics.py", line 652, in on_member_update
    before_timeout = before.timed_out_until
                     ^^^^^^^^^^^^^^^^^^^^^^
AttributeError: 'Member' object has no attribute 'timed_out_until'
Ignoring exception in on_member_update
Traceback (most recent call last):
  File "/usr/local/lib/python3.12/site-packages/discord/client.py", line 465, in _run_event
    await coro(*args, **kwargs)
  File "/app/asu_discord/cogs/analytics.py", line 652, in on_member_update
    before_timeout = before.timed_out_until
                     ^^^^^^^^^^^^^^^^^^^^^^
AttributeError: 'Member' object has no attribute 'timed_out_until'
Ignoring exception in on_member_update
Traceback (most recent call last):
  File "/usr/local/lib/python3.12/site-packages/discord/client.py", line 465, in _run_event
    await coro(*args, **kwargs)
  File "/app/asu_discord/cogs/analytics.py", line 652, in on_member_update
    before_timeout = before.timed_out_until
                     ^^^^^^^^^^^^^^^^^^^^^^
AttributeError: 'Member' object has no attribute 'timed_out_until'
Ignoring exception in on_member_update
Traceback (most recent call last):
  File "/usr/local/lib/python3.12/site-packages/discord/client.py", line 465, in _run_event
    await coro(*args, **kwargs)
  File "/app/asu_discord/cogs/analytics.py", line 652, in on_member_update
    before_timeout = before.timed_out_until
                     ^^^^^^^^^^^^^^^^^^^^^^
AttributeError: 'Member' object has no attribute 'timed_out_until'
Ignoring exception in on_member_update
Traceback (most recent call last):
  File "/usr/local/lib/python3.12/site-packages/discord/client.py", line 465, in _run_event
    await coro(*args, **kwargs)
  File "/app/asu_discord/cogs/analytics.py", line 652, in on_member_update
    before_timeout = before.timed_out_until
                     ^^^^^^^^^^^^^^^^^^^^^^
AttributeError: 'Member' object has no attribute 'timed_out_until'
Ignoring exception in on_member_update
Traceback (most recent call last):
  File "/usr/local/lib/python3.12/site-packages/discord/client.py", line 465, in _run_event
    await coro(*args, **kwargs)
  File "/app/asu_discord/cogs/analytics.py", line 652, in on_member_update
    before_timeout = before.timed_out_until
                     ^^^^^^^^^^^^^^^^^^^^^^
AttributeError: 'Member' object has no attribute 'timed_out_until'
Ignoring exception in on_member_update
Traceback (most recent call last):
  File "/usr/local/lib/python3.12/site-packages/discord/client.py", line 465, in _run_event
    await coro(*args, **kwargs)
  File "/app/asu_discord/cogs/analytics.py", line 652, in on_member_update
    before_timeout = before.timed_out_until
                     ^^^^^^^^^^^^^^^^^^^^^^
AttributeError: 'Member' object has no attribute 'timed_out_until'
Ignoring exception in on_member_update
Traceback (most recent call last):
  File "/usr/local/lib/python3.12/site-packages/discord/client.py", line 465, in _run_event
    await coro(*args, **kwargs)
  File "/app/asu_discord/cogs/analytics.py", line 652, in on_member_update
    before_timeout = before.timed_out_until
                     ^^^^^^^^^^^^^^^^^^^^^^
AttributeError: 'Member' object has no attribute 'timed_out_until'
ERROR:cron.jobs:refresh_salesforce_roles: failed for kbueno2 (Discord ID 1262641499661795409): Timed out refresh Salesforce-based roles
Ignoring exception in on_member_update
Traceback (most recent call last):
  File "/usr/local/lib/python3.12/site-packages/discord/client.py", line 465, in _run_event
    await coro(*args, **kwargs)
  File "/app/asu_discord/cogs/analytics.py", line 652, in on_member_update
    before_timeout = before.timed_out_until
                     ^^^^^^^^^^^^^^^^^^^^^^
AttributeError: 'Member' object has no attribute 'timed_out_until'
Ignoring exception in on_member_update
Traceback (most recent call last):
  File "/usr/local/lib/python3.12/site-packages/discord/client.py", line 465, in _run_event
    await coro(*args, **kwargs)
  File "/app/asu_discord/cogs/analytics.py", line 652, in on_member_update
    before_timeout = before.timed_out_until
                     ^^^^^^^^^^^^^^^^^^^^^^
AttributeError: 'Member' object has no attribute 'timed_out_until'
Ignoring exception in on_member_update
Traceback (most recent call last):
  File "/usr/local/lib/python3.12/site-packages/discord/client.py", line 465, in _run_event
    await coro(*args, **kwargs)
  File "/app/asu_discord/cogs/analytics.py", line 652, in on_member_update
    before_timeout = before.timed_out_until
                     ^^^^^^^^^^^^^^^^^^^^^^
AttributeError: 'Member' object has no attribute 'timed_out_until'
Ignoring exception in on_member_update
Traceback (most recent call last):
  File "/usr/local/lib/python3.12/site-packages/discord/client.py", line 465, in _run_event
    await coro(*args, **kwargs)
  File "/app/asu_discord/cogs/analytics.py", line 652, in on_member_update
    before_timeout = before.timed_out_until
                     ^^^^^^^^^^^^^^^^^^^^^^
AttributeError: 'Member' object has no attribute 'timed_out_until'
Ignoring exception in on_member_update
Traceback (most recent call last):
  File "/usr/local/lib/python3.12/site-packages/discord/client.py", line 465, in _run_event
    await coro(*args, **kwargs)
  File "/app/asu_discord/cogs/analytics.py", line 652, in on_member_update
    before_timeout = before.timed_out_until
                     ^^^^^^^^^^^^^^^^^^^^^^
AttributeError: 'Member' object has no attribute 'timed_out_until'
Ignoring exception in on_member_update
Traceback (most recent call last):
  File "/usr/local/lib/python3.12/site-packages/discord/client.py", line 465, in _run_event
    await coro(*args, **kwargs)
  File "/app/asu_discord/cogs/analytics.py", line 652, in on_member_update
    before_timeout = before.timed_out_until
                     ^^^^^^^^^^^^^^^^^^^^^^
AttributeError: 'Member' object has no attribute 'timed_out_until'
Ignoring exception in on_member_update
Traceback (most recent call last):
  File "/usr/local/lib/python3.12/site-packages/discord/client.py", line 465, in _run_event
    await coro(*args, **kwargs)
  File "/app/asu_discord/cogs/analytics.py", line 652, in on_member_update
    before_timeout = before.timed_out_until
                     ^^^^^^^^^^^^^^^^^^^^^^
AttributeError: 'Member' object has no attribute 'timed_out_until'
Ignoring exception in on_member_update
Traceback (most recent call last):
  File "/usr/local/lib/python3.12/site-packages/discord/client.py", line 465, in _run_event
    await coro(*args, **kwargs)
  File "/app/asu_discord/cogs/analytics.py", line 652, in on_member_update
    before_timeout = before.timed_out_until
                     ^^^^^^^^^^^^^^^^^^^^^^
AttributeError: 'Member' object has no attribute 'timed_out_until'
INFO:asu_discord.cogs.verification:Saved 4 roles to database for user emfalcon (Discord ID: 627336987086553089)
INFO:asu_discord.cogs.verification:Refreshed Salesforce roles for Discord user 627336987086553089: -4/+4 roles, assigned=[Arizona Resident, First Year, Tempe, W.P. Carey School of Business]
Ignoring exception in on_member_update
Traceback (most recent call last):
  File "/usr/local/lib/python3.12/site-packages/discord/client.py", line 465, in _run_event
    await coro(*args, **kwargs)
  File "/app/asu_discord/cogs/analytics.py", line 652, in on_member_update
    before_timeout = before.timed_out_until
                     ^^^^^^^^^^^^^^^^^^^^^^
AttributeError: 'Member' object has no attribute 'timed_out_until'
Ignoring exception in on_member_update
Traceback (most recent call last):
  File "/usr/local/lib/python3.12/site-packages/discord/client.py", line 465, in _run_event
    await coro(*args, **kwargs)
  File "/app/asu_discord/cogs/analytics.py", line 652, in on_member_update
    before_timeout = before.timed_out_until
                     ^^^^^^^^^^^^^^^^^^^^^^
AttributeError: 'Member' object has no attribute 'timed_out_until'
Ignoring exception in on_member_update
Traceback (most recent call last):
  File "/usr/local/lib/python3.12/site-packages/discord/client.py", line 465, in _run_event
    await coro(*args, **kwargs)
  File "/app/asu_discord/cogs/analytics.py", line 652, in on_member_update
    before_timeout = before.timed_out_until
                     ^^^^^^^^^^^^^^^^^^^^^^
AttributeError: 'Member' object has no attribute 'timed_out_until'
Ignoring exception in on_member_update
Traceback (most recent call last):
  File "/usr/local/lib/python3.12/site-packages/discord/client.py", line 465, in _run_event
    await coro(*args, **kwargs)
  File "/app/asu_discord/cogs/analytics.py", line 652, in on_member_update
    before_timeout = before.timed_out_until
                     ^^^^^^^^^^^^^^^^^^^^^^
AttributeError: 'Member' object has no attribute 'timed_out_until'
Ignoring exception in on_member_update
Traceback (most recent call last):
  File "/usr/local/lib/python3.12/site-packages/discord/client.py", line 465, in _run_event
    await coro(*args, **kwargs)
  File "/app/asu_discord/cogs/analytics.py", line 652, in on_member_update
    before_timeout = before.timed_out_until
                     ^^^^^^^^^^^^^^^^^^^^^^
AttributeError: 'Member' object has no attribute 'timed_out_until'
Ignoring exception in on_member_update
Traceback (most recent call last):
  File "/usr/local/lib/python3.12/site-packages/discord/client.py", line 465, in _run_event
    await coro(*args, **kwargs)
  File "/app/asu_discord/cogs/analytics.py", line 652, in on_member_update
    before_timeout = before.timed_out_until
                     ^^^^^^^^^^^^^^^^^^^^^^
AttributeError: 'Member' object has no attribute 'timed_out_until'
Ignoring exception in on_member_update
Traceback (most recent call last):
  File "/usr/local/lib/python3.12/site-packages/discord/client.py", line 465, in _run_event
    await coro(*args, **kwargs)
  File "/app/asu_discord/cogs/analytics.py", line 652, in on_member_update
    before_timeout = before.timed_out_until
                     ^^^^^^^^^^^^^^^^^^^^^^
AttributeError: 'Member' object has no attribute 'timed_out_until'
Ignoring exception in on_member_update
Traceback (most recent call last):
  File "/usr/local/lib/python3.12/site-packages/discord/client.py", line 465, in _run_event
    await coro(*args, **kwargs)
  File "/app/asu_discord/cogs/analytics.py", line 652, in on_member_update
    before_timeout = before.timed_out_until
                     ^^^^^^^^^^^^^^^^^^^^^^
AttributeError: 'Member' object has no attribute 'timed_out_until'
Ignoring exception in on_member_update
Traceback (most recent call last):
  File "/usr/local/lib/python3.12/site-packages/discord/client.py", line 465, in _run_event
    await coro(*args, **kwargs)
  File "/app/asu_discord/cogs/analytics.py", line 652, in on_member_update
    before_timeout = before.timed_out_until
                     ^^^^^^^^^^^^^^^^^^^^^^
AttributeError: 'Member' object has no attribute 'timed_out_until'
Ignoring exception in on_member_update
Traceback (most recent call last):
  File "/usr/local/lib/python3.12/site-packages/discord/client.py", line 465, in _run_event
    await coro(*args, **kwargs)
  File "/app/asu_discord/cogs/analytics.py", line 652, in on_member_update
    before_timeout = before.timed_out_until
                     ^^^^^^^^^^^^^^^^^^^^^^
AttributeError: 'Member' object has no attribute 'timed_out_until'
INFO:asu_discord.cogs.verification:Saved 5 roles to database for user cchri104 (Discord ID: 730569470967283733)
INFO:asu_discord.cogs.verification:Refreshed Salesforce roles for Discord user 730569470967283733: -5/+5 roles, assigned=[Arizona Resident, Commited, First Year, Ira A. Fulton Schools of Engineering, Tempe]
Ignoring exception in on_member_update
Traceback (most recent call last):
  File "/usr/local/lib/python3.12/site-packages/discord/client.py", line 465, in _run_event
    await coro(*args, **kwargs)
  File "/app/asu_discord/cogs/analytics.py", line 652, in on_member_update
    before_timeout = before.timed_out_until
                     ^^^^^^^^^^^^^^^^^^^^^^
AttributeError: 'Member' object has no attribute 'timed_out_until'
Ignoring exception in on_member_update
Traceback (most recent call last):
  File "/usr/local/lib/python3.12/site-packages/discord/client.py", line 465, in _run_event
    await coro(*args, **kwargs)
  File "/app/asu_discord/cogs/analytics.py", line 652, in on_member_update
    before_timeout = before.timed_out_until
                     ^^^^^^^^^^^^^^^^^^^^^^
AttributeError: 'Member' object has no attribute 'timed_out_until'
Ignoring exception in on_member_update
Traceback (most recent call last):
  File "/usr/local/lib/python3.12/site-packages/discord/client.py", line 465, in _run_event
    await coro(*args, **kwargs)
  File "/app/asu_discord/cogs/analytics.py", line 652, in on_member_update
    before_timeout = before.timed_out_until
                     ^^^^^^^^^^^^^^^^^^^^^^
AttributeError: 'Member' object has no attribute 'timed_out_until'
Ignoring exception in on_member_update
Traceback (most recent call last):
  File "/usr/local/lib/python3.12/site-packages/discord/client.py", line 465, in _run_event
    await coro(*args, **kwargs)
  File "/app/asu_discord/cogs/analytics.py", line 652, in on_member_update
    before_timeout = before.timed_out_until
                     ^^^^^^^^^^^^^^^^^^^^^^
AttributeError: 'Member' object has no attribute 'timed_out_until'
Ignoring exception in on_member_update
Traceback (most recent call last):
  File "/usr/local/lib/python3.12/site-packages/discord/client.py", line 465, in _run_event
    await coro(*args, **kwargs)
  File "/app/asu_discord/cogs/analytics.py", line 652, in on_member_update
    before_timeout = before.timed_out_until
                     ^^^^^^^^^^^^^^^^^^^^^^
AttributeError: 'Member' object has no attribute 'timed_out_until'
Ignoring exception in on_member_update
Traceback (most recent call last):
  File "/usr/local/lib/python3.12/site-packages/discord/client.py", line 465, in _run_event
    await coro(*args, **kwargs)
  File "/app/asu_discord/cogs/analytics.py", line 652, in on_member_update
    before_timeout = before.timed_out_until
                     ^^^^^^^^^^^^^^^^^^^^^^
AttributeError: 'Member' object has no attribute 'timed_out_until'
Ignoring exception in on_member_update
Traceback (most recent call last):
  File "/usr/local/lib/python3.12/site-packages/discord/client.py", line 465, in _run_event
    await coro(*args, **kwargs)
  File "/app/asu_discord/cogs/analytics.py", line 652, in on_member_update
    before_timeout = before.timed_out_until
                     ^^^^^^^^^^^^^^^^^^^^^^
AttributeError: 'Member' object has no attribute 'timed_out_until'
Ignoring exception in on_member_update
Traceback (most recent call last):
  File "/usr/local/lib/python3.12/site-packages/discord/client.py", line 465, in _run_event
    await coro(*args, **kwargs)
  File "/app/asu_discord/cogs/analytics.py", line 652, in on_member_update
    before_timeout = before.timed_out_until
                     ^^^^^^^^^^^^^^^^^^^^^^
AttributeError: 'Member' object has no attribute 'timed_out_until'
Ignoring exception in on_member_update
Traceback (most recent call last):
  File "/usr/local/lib/python3.12/site-packages/discord/client.py", line 465, in _run_event
    await coro(*args, **kwargs)
  File "/app/asu_discord/cogs/analytics.py", line 652, in on_member_update
    before_timeout = before.timed_out_until
                     ^^^^^^^^^^^^^^^^^^^^^^
AttributeError: 'Member' object has no attribute 'timed_out_until'
Ignoring exception in on_member_update
Traceback (most recent call last):
  File "/usr/local/lib/python3.12/site-packages/discord/client.py", line 465, in _run_event
    await coro(*args, **kwargs)
  File "/app/asu_discord/cogs/analytics.py", line 652, in on_member_update
    before_timeout = before.timed_out_until
                     ^^^^^^^^^^^^^^^^^^^^^^
AttributeError: 'Member' object has no attribute 'timed_out_until'
Ignoring exception in on_member_update
Traceback (most recent call last):
  File "/usr/local/lib/python3.12/site-packages/discord/client.py", line 465, in _run_event
    await coro(*args, **kwargs)
  File "/app/asu_discord/cogs/analytics.py", line 652, in on_member_update
    before_timeout = before.timed_out_until
                     ^^^^^^^^^^^^^^^^^^^^^^
AttributeError: 'Member' object has no attribute 'timed_out_until'
INFO:asu_discord.cogs.verification:Saved 6 roles to database for user rmission (Discord ID: 652343501308297216)
INFO:asu_discord.cogs.verification:Refreshed Salesforce roles for Discord user 652343501308297216: -5/+6 roles, assigned=[Arizona Resident, College of Liberal Arts and Sciences, Commited, First Generation Student, First Year, Tempe]
Ignoring exception in on_member_update
Traceback (most recent call last):
  File "/usr/local/lib/python3.12/site-packages/discord/client.py", line 465, in _run_event
    await coro(*args, **kwargs)
  File "/app/asu_discord/cogs/analytics.py", line 652, in on_member_update
    before_timeout = before.timed_out_until
                     ^^^^^^^^^^^^^^^^^^^^^^
AttributeError: 'Member' object has no attribute 'timed_out_until'
Ignoring exception in on_member_update
Traceback (most recent call last):
  File "/usr/local/lib/python3.12/site-packages/discord/client.py", line 465, in _run_event
    await coro(*args, **kwargs)
  File "/app/asu_discord/cogs/analytics.py", line 652, in on_member_update
    before_timeout = before.timed_out_until
                     ^^^^^^^^^^^^^^^^^^^^^^
AttributeError: 'Member' object has no attribute 'timed_out_until'
Ignoring exception in on_member_update
Traceback (most recent call last):
  File "/usr/local/lib/python3.12/site-packages/discord/client.py", line 465, in _run_event
    await coro(*args, **kwargs)
  File "/app/asu_discord/cogs/analytics.py", line 652, in on_member_update
    before_timeout = before.timed_out_until
                     ^^^^^^^^^^^^^^^^^^^^^^
AttributeError: 'Member' object has no attribute 'timed_out_until'
Ignoring exception in on_member_update
Traceback (most recent call last):
  File "/usr/local/lib/python3.12/site-packages/discord/client.py", line 465, in _run_event
    await coro(*args, **kwargs)
  File "/app/asu_discord/cogs/analytics.py", line 652, in on_member_update
    before_timeout = before.timed_out_until
                     ^^^^^^^^^^^^^^^^^^^^^^
AttributeError: 'Member' object has no attribute 'timed_out_until'
Ignoring exception in on_member_update
Traceback (most recent call last):
  File "/usr/local/lib/python3.12/site-packages/discord/client.py", line 465, in _run_event
    await coro(*args, **kwargs)
  File "/app/asu_discord/cogs/analytics.py", line 652, in on_member_update
    before_timeout = before.timed_out_until
                     ^^^^^^^^^^^^^^^^^^^^^^
AttributeError: 'Member' object has no attribute 'timed_out_until'
Ignoring exception in on_member_update
Traceback (most recent call last):
  File "/usr/local/lib/python3.12/site-packages/discord/client.py", line 465, in _run_event
    await coro(*args, **kwargs)
  File "/app/asu_discord/cogs/analytics.py", line 652, in on_member_update
    before_timeout = before.timed_out_until
                     ^^^^^^^^^^^^^^^^^^^^^^
AttributeError: 'Member' object has no attribute 'timed_out_until'
Ignoring exception in on_member_update
Traceback (most recent call last):
  File "/usr/local/lib/python3.12/site-packages/discord/client.py", line 465, in _run_event
    await coro(*args, **kwargs)
  File "/app/asu_discord/cogs/analytics.py", line 652, in on_member_update
    before_timeout = before.timed_out_until
                     ^^^^^^^^^^^^^^^^^^^^^^
AttributeError: 'Member' object has no attribute 'timed_out_until'
Ignoring exception in on_member_update
Traceback (most recent call last):
  File "/usr/local/lib/python3.12/site-packages/discord/client.py", line 465, in _run_event
    await coro(*args, **kwargs)
  File "/app/asu_discord/cogs/analytics.py", line 652, in on_member_update
    before_timeout = before.timed_out_until
                     ^^^^^^^^^^^^^^^^^^^^^^
AttributeError: 'Member' object has no attribute 'timed_out_until'
Ignoring exception in on_member_update
Traceback (most recent call last):
  File "/usr/local/lib/python3.12/site-packages/discord/client.py", line 465, in _run_event
    await coro(*args, **kwargs)
  File "/app/asu_discord/cogs/analytics.py", line 652, in on_member_update
    before_timeout = before.timed_out_until
                     ^^^^^^^^^^^^^^^^^^^^^^
AttributeError: 'Member' object has no attribute 'timed_out_until'
Ignoring exception in on_member_update
Traceback (most recent call last):
  File "/usr/local/lib/python3.12/site-packages/discord/client.py", line 465, in _run_event
    await coro(*args, **kwargs)
  File "/app/asu_discord/cogs/analytics.py", line 652, in on_member_update
    before_timeout = before.timed_out_until
                     ^^^^^^^^^^^^^^^^^^^^^^
AttributeError: 'Member' object has no attribute 'timed_out_until'
Ignoring exception in on_member_update
Traceback (most recent call last):
  File "/usr/local/lib/python3.12/site-packages/discord/client.py", line 465, in _run_event
    await coro(*args, **kwargs)
  File "/app/asu_discord/cogs/analytics.py", line 652, in on_member_update
    before_timeout = before.timed_out_until
                     ^^^^^^^^^^^^^^^^^^^^^^
AttributeError: 'Member' object has no attribute 'timed_out_until'
ERROR:cron.jobs:refresh_salesforce_roles: failed for ajuvera1 (Discord ID 1327908681681080394): Timed out refresh Salesforce-based roles
Ignoring exception in on_member_update
Traceback (most recent call last):
  File "/usr/local/lib/python3.12/site-packages/discord/client.py", line 465, in _run_event
    await coro(*args, **kwargs)
  File "/app/asu_discord/cogs/analytics.py", line 652, in on_member_update
    before_timeout = before.timed_out_until
                     ^^^^^^^^^^^^^^^^^^^^^^
AttributeError: 'Member' object has no attribute 'timed_out_until'
Ignoring exception in on_member_update
Traceback (most recent call last):
  File "/usr/local/lib/python3.12/site-packages/discord/client.py", line 465, in _run_event
    await coro(*args, **kwargs)
  File "/app/asu_discord/cogs/analytics.py", line 652, in on_member_update
    before_timeout = before.timed_out_until
                     ^^^^^^^^^^^^^^^^^^^^^^
AttributeError: 'Member' object has no attribute 'timed_out_until'
Ignoring exception in on_member_update
Traceback (most recent call last):
  File "/usr/local/lib/python3.12/site-packages/discord/client.py", line 465, in _run_event
    await coro(*args, **kwargs)
  File "/app/asu_discord/cogs/analytics.py", line 652, in on_member_update
    before_timeout = before.timed_out_until
                     ^^^^^^^^^^^^^^^^^^^^^^
AttributeError: 'Member' object has no attribute 'timed_out_until'
Ignoring exception in on_member_update
Traceback (most recent call last):
  File "/usr/local/lib/python3.12/site-packages/discord/client.py", line 465, in _run_event
    await coro(*args, **kwargs)
  File "/app/asu_discord/cogs/analytics.py", line 652, in on_member_update
    before_timeout = before.timed_out_until
                     ^^^^^^^^^^^^^^^^^^^^^^
AttributeError: 'Member' object has no attribute 'timed_out_until'
Ignoring exception in on_member_update
Traceback (most recent call last):
  File "/usr/local/lib/python3.12/site-packages/discord/client.py", line 465, in _run_event
    await coro(*args, **kwargs)
  File "/app/asu_discord/cogs/analytics.py", line 652, in on_member_update
    before_timeout = before.timed_out_until
                     ^^^^^^^^^^^^^^^^^^^^^^
AttributeError: 'Member' object has no attribute 'timed_out_until'
Ignoring exception in on_member_update
Traceback (most recent call last):
  File "/usr/local/lib/python3.12/site-packages/discord/client.py", line 465, in _run_event
    await coro(*args, **kwargs)
  File "/app/asu_discord/cogs/analytics.py", line 652, in on_member_update
    before_timeout = before.timed_out_until
                     ^^^^^^^^^^^^^^^^^^^^^^
AttributeError: 'Member' object has no attribute 'timed_out_until'
Ignoring exception in on_member_update
Traceback (most recent call last):
  File "/usr/local/lib/python3.12/site-packages/discord/client.py", line 465, in _run_event
    await coro(*args, **kwargs)
  File "/app/asu_discord/cogs/analytics.py", line 652, in on_member_update
    before_timeout = before.timed_out_until
                     ^^^^^^^^^^^^^^^^^^^^^^
AttributeError: 'Member' object has no attribute 'timed_out_until'
Ignoring exception in on_member_update
Traceback (most recent call last):
  File "/usr/local/lib/python3.12/site-packages/discord/client.py", line 465, in _run_event
    await coro(*args, **kwargs)
  File "/app/asu_discord/cogs/analytics.py", line 652, in on_member_update
    before_timeout = before.timed_out_until
                     ^^^^^^^^^^^^^^^^^^^^^^
AttributeError: 'Member' object has no attribute 'timed_out_until'
Ignoring exception in on_member_update
Traceback (most recent call last):
  File "/usr/local/lib/python3.12/site-packages/discord/client.py", line 465, in _run_event
    await coro(*args, **kwargs)
  File "/app/asu_discord/cogs/analytics.py", line 652, in on_member_update
    before_timeout = before.timed_out_until
                     ^^^^^^^^^^^^^^^^^^^^^^
AttributeError: 'Member' object has no attribute 'timed_out_until'
Ignoring exception in on_member_update
Traceback (most recent call last):
  File "/usr/local/lib/python3.12/site-packages/discord/client.py", line 465, in _run_event
    await coro(*args, **kwargs)
  File "/app/asu_discord/cogs/analytics.py", line 652, in on_member_update
    before_timeout = before.timed_out_until
                     ^^^^^^^^^^^^^^^^^^^^^^
AttributeError: 'Member' object has no attribute 'timed_out_until'
INFO:asu_discord.cogs.verification:Saved 6 roles to database for user tdrake15 (Discord ID: 975158916537258025)
INFO:asu_discord.cogs.verification:Refreshed Salesforce roles for Discord user 975158916537258025: -4/+6 roles, assigned=[Arizona Resident, Commited, First Generation Student, First Year, Ira A. Fulton Schools of Engineering, Polytechnic]
Ignoring exception in on_member_update
Traceback (most recent call last):
  File "/usr/local/lib/python3.12/site-packages/discord/client.py", line 465, in _run_event
    await coro(*args, **kwargs)
  File "/app/asu_discord/cogs/analytics.py", line 652, in on_member_update
    before_timeout = before.timed_out_until
                     ^^^^^^^^^^^^^^^^^^^^^^
AttributeError: 'Member' object has no attribute 'timed_out_until'
Ignoring exception in on_member_update
Traceback (most recent call last):
  File "/usr/local/lib/python3.12/site-packages/discord/client.py", line 465, in _run_event
    await coro(*args, **kwargs)
  File "/app/asu_discord/cogs/analytics.py", line 652, in on_member_update
    before_timeout = before.timed_out_until
                     ^^^^^^^^^^^^^^^^^^^^^^
AttributeError: 'Member' object has no attribute 'timed_out_until'
Ignoring exception in on_member_update
Traceback (most recent call last):
  File "/usr/local/lib/python3.12/site-packages/discord/client.py", line 465, in _run_event
    await coro(*args, **kwargs)
  File "/app/asu_discord/cogs/analytics.py", line 652, in on_member_update
    before_timeout = before.timed_out_until
                     ^^^^^^^^^^^^^^^^^^^^^^
AttributeError: 'Member' object has no attribute 'timed_out_until'
Ignoring exception in on_member_update
Traceback (most recent call last):
  File "/usr/local/lib/python3.12/site-packages/discord/client.py", line 465, in _run_event
    await coro(*args, **kwargs)
  File "/app/asu_discord/cogs/analytics.py", line 652, in on_member_update
    before_timeout = before.timed_out_until
                     ^^^^^^^^^^^^^^^^^^^^^^
AttributeError: 'Member' object has no attribute 'timed_out_until'
Ignoring exception in on_member_update
Traceback (most recent call last):
  File "/usr/local/lib/python3.12/site-packages/discord/client.py", line 465, in _run_event
    await coro(*args, **kwargs)
  File "/app/asu_discord/cogs/analytics.py", line 652, in on_member_update
    before_timeout = before.timed_out_until
                     ^^^^^^^^^^^^^^^^^^^^^^
AttributeError: 'Member' object has no attribute 'timed_out_until'
Ignoring exception in on_member_update
Traceback (most recent call last):
  File "/usr/local/lib/python3.12/site-packages/discord/client.py", line 465, in _run_event
    await coro(*args, **kwargs)
  File "/app/asu_discord/cogs/analytics.py", line 652, in on_member_update
    before_timeout = before.timed_out_until
                     ^^^^^^^^^^^^^^^^^^^^^^
AttributeError: 'Member' object has no attribute 'timed_out_until'
Ignoring exception in on_member_update
Traceback (most recent call last):
  File "/usr/local/lib/python3.12/site-packages/discord/client.py", line 465, in _run_event
    await coro(*args, **kwargs)
  File "/app/asu_discord/cogs/analytics.py", line 652, in on_member_update
    before_timeout = before.timed_out_until
                     ^^^^^^^^^^^^^^^^^^^^^^
AttributeError: 'Member' object has no attribute 'timed_out_until'
Ignoring exception in on_member_update
Traceback (most recent call last):
  File "/usr/local/lib/python3.12/site-packages/discord/client.py", line 465, in _run_event
    await coro(*args, **kwargs)
  File "/app/asu_discord/cogs/analytics.py", line 652, in on_member_update
    before_timeout = before.timed_out_until
                     ^^^^^^^^^^^^^^^^^^^^^^
AttributeError: 'Member' object has no attribute 'timed_out_until'
Ignoring exception in on_member_update
Traceback (most recent call last):
  File "/usr/local/lib/python3.12/site-packages/discord/client.py", line 465, in _run_event
    await coro(*args, **kwargs)
  File "/app/asu_discord/cogs/analytics.py", line 652, in on_member_update
    before_timeout = before.timed_out_until
                     ^^^^^^^^^^^^^^^^^^^^^^
AttributeError: 'Member' object has no attribute 'timed_out_until'
Ignoring exception in on_member_update
Traceback (most recent call last):
  File "/usr/local/lib/python3.12/site-packages/discord/client.py", line 465, in _run_event
    await coro(*args, **kwargs)
  File "/app/asu_discord/cogs/analytics.py", line 652, in on_member_update
    before_timeout = before.timed_out_until
                     ^^^^^^^^^^^^^^^^^^^^^^
AttributeError: 'Member' object has no attribute 'timed_out_until'
INFO:asu_discord.cogs.verification:Saved 5 roles to database for user jlsavag4 (Discord ID: 755210609250926623)
INFO:asu_discord.cogs.verification:Refreshed Salesforce roles for Discord user 755210609250926623: -5/+5 roles, assigned=[Commited, First Year, Out of State, Tempe, University College]
Ignoring exception in on_member_update
Traceback (most recent call last):
  File "/usr/local/lib/python3.12/site-packages/discord/client.py", line 465, in _run_event
    await coro(*args, **kwargs)
  File "/app/asu_discord/cogs/analytics.py", line 652, in on_member_update
    before_timeout = before.timed_out_until
                     ^^^^^^^^^^^^^^^^^^^^^^
AttributeError: 'Member' object has no attribute 'timed_out_until'
Ignoring exception in on_member_update
Traceback (most recent call last):
  File "/usr/local/lib/python3.12/site-packages/discord/client.py", line 465, in _run_event
    await coro(*args, **kwargs)
  File "/app/asu_discord/cogs/analytics.py", line 652, in on_member_update
    before_timeout = before.timed_out_until
                     ^^^^^^^^^^^^^^^^^^^^^^
AttributeError: 'Member' object has no attribute 'timed_out_until'
Ignoring exception in on_member_update
Traceback (most recent call last):
  File "/usr/local/lib/python3.12/site-packages/discord/client.py", line 465, in _run_event
    await coro(*args, **kwargs)
  File "/app/asu_discord/cogs/analytics.py", line 652, in on_member_update
    before_timeout = before.timed_out_until
                     ^^^^^^^^^^^^^^^^^^^^^^
AttributeError: 'Member' object has no attribute 'timed_out_until'
Ignoring exception in on_member_update
Traceback (most recent call last):
  File "/usr/local/lib/python3.12/site-packages/discord/client.py", line 465, in _run_event
    await coro(*args, **kwargs)
  File "/app/asu_discord/cogs/analytics.py", line 652, in on_member_update
    before_timeout = before.timed_out_until
                     ^^^^^^^^^^^^^^^^^^^^^^
AttributeError: 'Member' object has no attribute 'timed_out_until'
Ignoring exception in on_member_update
Traceback (most recent call last):
  File "/usr/local/lib/python3.12/site-packages/discord/client.py", line 465, in _run_event
    await coro(*args, **kwargs)
  File "/app/asu_discord/cogs/analytics.py", line 652, in on_member_update
    before_timeout = before.timed_out_until
                     ^^^^^^^^^^^^^^^^^^^^^^
AttributeError: 'Member' object has no attribute 'timed_out_until'
Ignoring exception in on_member_update
Traceback (most recent call last):
  File "/usr/local/lib/python3.12/site-packages/discord/client.py", line 465, in _run_event
    await coro(*args, **kwargs)
  File "/app/asu_discord/cogs/analytics.py", line 652, in on_member_update
    before_timeout = before.timed_out_until
                     ^^^^^^^^^^^^^^^^^^^^^^
AttributeError: 'Member' object has no attribute 'timed_out_until'
Ignoring exception in on_member_update
Traceback (most recent call last):
  File "/usr/local/lib/python3.12/site-packages/discord/client.py", line 465, in _run_event
    await coro(*args, **kwargs)
  File "/app/asu_discord/cogs/analytics.py", line 652, in on_member_update
    before_timeout = before.timed_out_until
                     ^^^^^^^^^^^^^^^^^^^^^^
AttributeError: 'Member' object has no attribute 'timed_out_until'
Ignoring exception in on_member_update
Traceback (most recent call last):
  File "/usr/local/lib/python3.12/site-packages/discord/client.py", line 465, in _run_event
    await coro(*args, **kwargs)
  File "/app/asu_discord/cogs/analytics.py", line 652, in on_member_update
    before_timeout = before.timed_out_until
                     ^^^^^^^^^^^^^^^^^^^^^^
AttributeError: 'Member' object has no attribute 'timed_out_until'
Ignoring exception in on_member_update
Traceback (most recent call last):
  File "/usr/local/lib/python3.12/site-packages/discord/client.py", line 465, in _run_event
    await coro(*args, **kwargs)
  File "/app/asu_discord/cogs/analytics.py", line 652, in on_member_update
    before_timeout = before.timed_out_until
                     ^^^^^^^^^^^^^^^^^^^^^^
AttributeError: 'Member' object has no attribute 'timed_out_until'
Ignoring exception in on_member_update
Traceback (most recent call last):
  File "/usr/local/lib/python3.12/site-packages/discord/client.py", line 465, in _run_event
    await coro(*args, **kwargs)
  File "/app/asu_discord/cogs/analytics.py", line 652, in on_member_update
    before_timeout = before.timed_out_until
                     ^^^^^^^^^^^^^^^^^^^^^^
AttributeError: 'Member' object has no attribute 'timed_out_until'
INFO:asu_discord.cogs.verification:Saved 5 roles to database for user ejmorga7 (Discord ID: 746517884964175932)
INFO:asu_discord.cogs.verification:Refreshed Salesforce roles for Discord user 746517884964175932: -5/+5 roles, assigned=[Arizona Resident, Commited, Graduate Student, New College of Interdisciplinary Arts and Sciences, West Valley]
Ignoring exception in on_member_update
Traceback (most recent call last):
  File "/usr/local/lib/python3.12/site-packages/discord/client.py", line 465, in _run_event
    await coro(*args, **kwargs)
  File "/app/asu_discord/cogs/analytics.py", line 652, in on_member_update
    before_timeout = before.timed_out_until
                     ^^^^^^^^^^^^^^^^^^^^^^
AttributeError: 'Member' object has no attribute 'timed_out_until'
Ignoring exception in on_member_update
Traceback (most recent call last):
  File "/usr/local/lib/python3.12/site-packages/discord/client.py", line 465, in _run_event
    await coro(*args, **kwargs)
  File "/app/asu_discord/cogs/analytics.py", line 652, in on_member_update
    before_timeout = before.timed_out_until
                     ^^^^^^^^^^^^^^^^^^^^^^
AttributeError: 'Member' object has no attribute 'timed_out_until'
Ignoring exception in on_member_update
Traceback (most recent call last):
  File "/usr/local/lib/python3.12/site-packages/discord/client.py", line 465, in _run_event
    await coro(*args, **kwargs)
  File "/app/asu_discord/cogs/analytics.py", line 652, in on_member_update
    before_timeout = before.timed_out_until
                     ^^^^^^^^^^^^^^^^^^^^^^
AttributeError: 'Member' object has no attribute 'timed_out_until'
Ignoring exception in on_member_update
Traceback (most recent call last):
  File "/usr/local/lib/python3.12/site-packages/discord/client.py", line 465, in _run_event
    await coro(*args, **kwargs)
  File "/app/asu_discord/cogs/analytics.py", line 652, in on_member_update
    before_timeout = before.timed_out_until
                     ^^^^^^^^^^^^^^^^^^^^^^
AttributeError: 'Member' object has no attribute 'timed_out_until'
Ignoring exception in on_member_update
Traceback (most recent call last):
  File "/usr/local/lib/python3.12/site-packages/discord/client.py", line 465, in _run_event
    await coro(*args, **kwargs)
  File "/app/asu_discord/cogs/analytics.py", line 652, in on_member_update
    before_timeout = before.timed_out_until
                     ^^^^^^^^^^^^^^^^^^^^^^
AttributeError: 'Member' object has no attribute 'timed_out_until'
Ignoring exception in on_member_update
Traceback (most recent call last):
  File "/usr/local/lib/python3.12/site-packages/discord/client.py", line 465, in _run_event
    await coro(*args, **kwargs)
  File "/app/asu_discord/cogs/analytics.py", line 652, in on_member_update
    before_timeout = before.timed_out_until
                     ^^^^^^^^^^^^^^^^^^^^^^
AttributeError: 'Member' object has no attribute 'timed_out_until'
Ignoring exception in on_member_update
Traceback (most recent call last):
  File "/usr/local/lib/python3.12/site-packages/discord/client.py", line 465, in _run_event
    await coro(*args, **kwargs)
  File "/app/asu_discord/cogs/analytics.py", line 652, in on_member_update
    before_timeout = before.timed_out_until
                     ^^^^^^^^^^^^^^^^^^^^^^
AttributeError: 'Member' object has no attribute 'timed_out_until'
Ignoring exception in on_member_update
Traceback (most recent call last):
  File "/usr/local/lib/python3.12/site-packages/discord/client.py", line 465, in _run_event
    await coro(*args, **kwargs)
  File "/app/asu_discord/cogs/analytics.py", line 652, in on_member_update
    before_timeout = before.timed_out_until
                     ^^^^^^^^^^^^^^^^^^^^^^
AttributeError: 'Member' object has no attribute 'timed_out_until'
Ignoring exception in on_member_update
Traceback (most recent call last):
  File "/usr/local/lib/python3.12/site-packages/discord/client.py", line 465, in _run_event
    await coro(*args, **kwargs)
  File "/app/asu_discord/cogs/analytics.py", line 652, in on_member_update
    before_timeout = before.timed_out_until
                     ^^^^^^^^^^^^^^^^^^^^^^
AttributeError: 'Member' object has no attribute 'timed_out_until'
Ignoring exception in on_member_update
Traceback (most recent call last):
  File "/usr/local/lib/python3.12/site-packages/discord/client.py", line 465, in _run_event
    await coro(*args, **kwargs)
  File "/app/asu_discord/cogs/analytics.py", line 652, in on_member_update
    before_timeout = before.timed_out_until
                     ^^^^^^^^^^^^^^^^^^^^^^
AttributeError: 'Member' object has no attribute 'timed_out_until'
INFO:asu_discord.cogs.verification:Saved 5 roles to database for user tanthinh (Discord ID: 598111797207105537)
INFO:asu_discord.cogs.verification:Refreshed Salesforce roles for Discord user 598111797207105537: -5/+5 roles, assigned=[Commited, International Student, Ira A. Fulton Schools of Engineering, Tempe, Transfer Student]
Ignoring exception in on_member_update
Traceback (most recent call last):
  File "/usr/local/lib/python3.12/site-packages/discord/client.py", line 465, in _run_event
    await coro(*args, **kwargs)
  File "/app/asu_discord/cogs/analytics.py", line 652, in on_member_update
    before_timeout = before.timed_out_until
                     ^^^^^^^^^^^^^^^^^^^^^^
AttributeError: 'Member' object has no attribute 'timed_out_until'
Ignoring exception in on_member_update
Traceback (most recent call last):
  File "/usr/local/lib/python3.12/site-packages/discord/client.py", line 465, in _run_event
    await coro(*args, **kwargs)
  File "/app/asu_discord/cogs/analytics.py", line 652, in on_member_update
    before_timeout = before.timed_out_until
                     ^^^^^^^^^^^^^^^^^^^^^^
AttributeError: 'Member' object has no attribute 'timed_out_until'
Ignoring exception in on_member_update
Traceback (most recent call last):
  File "/usr/local/lib/python3.12/site-packages/discord/client.py", line 465, in _run_event
    await coro(*args, **kwargs)
  File "/app/asu_discord/cogs/analytics.py", line 652, in on_member_update
    before_timeout = before.timed_out_until
                     ^^^^^^^^^^^^^^^^^^^^^^
AttributeError: 'Member' object has no attribute 'timed_out_until'
Ignoring exception in on_member_update
Traceback (most recent call last):
  File "/usr/local/lib/python3.12/site-packages/discord/client.py", line 465, in _run_event
    await coro(*args, **kwargs)
  File "/app/asu_discord/cogs/analytics.py", line 652, in on_member_update
    before_timeout = before.timed_out_until
                     ^^^^^^^^^^^^^^^^^^^^^^
AttributeError: 'Member' object has no attribute 'timed_out_until'
Ignoring exception in on_member_update
Traceback (most recent call last):
  File "/usr/local/lib/python3.12/site-packages/discord/client.py", line 465, in _run_event
    await coro(*args, **kwargs)
  File "/app/asu_discord/cogs/analytics.py", line 652, in on_member_update
    before_timeout = before.timed_out_until
                     ^^^^^^^^^^^^^^^^^^^^^^
AttributeError: 'Member' object has no attribute 'timed_out_until'
Ignoring exception in on_member_update
Traceback (most recent call last):
  File "/usr/local/lib/python3.12/site-packages/discord/client.py", line 465, in _run_event
    await coro(*args, **kwargs)
  File "/app/asu_discord/cogs/analytics.py", line 652, in on_member_update
    before_timeout = before.timed_out_until
                     ^^^^^^^^^^^^^^^^^^^^^^
AttributeError: 'Member' object has no attribute 'timed_out_until'
Ignoring exception in on_member_update
Traceback (most recent call last):
  File "/usr/local/lib/python3.12/site-packages/discord/client.py", line 465, in _run_event
    await coro(*args, **kwargs)
  File "/app/asu_discord/cogs/analytics.py", line 652, in on_member_update
    before_timeout = before.timed_out_until
                     ^^^^^^^^^^^^^^^^^^^^^^
AttributeError: 'Member' object has no attribute 'timed_out_until'
Ignoring exception in on_member_update
Traceback (most recent call last):
  File "/usr/local/lib/python3.12/site-packages/discord/client.py", line 465, in _run_event
    await coro(*args, **kwargs)
  File "/app/asu_discord/cogs/analytics.py", line 652, in on_member_update
    before_timeout = before.timed_out_until
                     ^^^^^^^^^^^^^^^^^^^^^^
AttributeError: 'Member' object has no attribute 'timed_out_until'
Ignoring exception in on_member_update
Traceback (most recent call last):
  File "/usr/local/lib/python3.12/site-packages/discord/client.py", line 465, in _run_event
    await coro(*args, **kwargs)
  File "/app/asu_discord/cogs/analytics.py", line 652, in on_member_update
    before_timeout = before.timed_out_until
                     ^^^^^^^^^^^^^^^^^^^^^^
AttributeError: 'Member' object has no attribute 'timed_out_until'
Ignoring exception in on_member_update
Traceback (most recent call last):
  File "/usr/local/lib/python3.12/site-packages/discord/client.py", line 465, in _run_event
    await coro(*args, **kwargs)
  File "/app/asu_discord/cogs/analytics.py", line 652, in on_member_update
    before_timeout = before.timed_out_until
                     ^^^^^^^^^^^^^^^^^^^^^^
AttributeError: 'Member' object has no attribute 'timed_out_until'
INFO:asu_discord.cogs.verification:Saved 5 roles to database for user agaravit (Discord ID: 581591477700788245)
INFO:asu_discord.cogs.verification:Refreshed Salesforce roles for Discord user 581591477700788245: -5/+5 roles, assigned=[Commited, Ira A. Fulton Schools of Engineering, Online, Out of State, Transfer Student]
Ignoring exception in on_member_update
Traceback (most recent call last):
  File "/usr/local/lib/python3.12/site-packages/discord/client.py", line 465, in _run_event
    await coro(*args, **kwargs)
  File "/app/asu_discord/cogs/analytics.py", line 652, in on_member_update
    before_timeout = before.timed_out_until
                     ^^^^^^^^^^^^^^^^^^^^^^
AttributeError: 'Member' object has no attribute 'timed_out_until'
Ignoring exception in on_member_update
Traceback (most recent call last):
  File "/usr/local/lib/python3.12/site-packages/discord/client.py", line 465, in _run_event
    await coro(*args, **kwargs)
  File "/app/asu_discord/cogs/analytics.py", line 652, in on_member_update
    before_timeout = before.timed_out_until
                     ^^^^^^^^^^^^^^^^^^^^^^
AttributeError: 'Member' object has no attribute 'timed_out_until'
Ignoring exception in on_member_update
Traceback (most recent call last):
  File "/usr/local/lib/python3.12/site-packages/discord/client.py", line 465, in _run_event
    await coro(*args, **kwargs)
  File "/app/asu_discord/cogs/analytics.py", line 652, in on_member_update
    before_timeout = before.timed_out_until
                     ^^^^^^^^^^^^^^^^^^^^^^
AttributeError: 'Member' object has no attribute 'timed_out_until'
Ignoring exception in on_member_update
Traceback (most recent call last):
  File "/usr/local/lib/python3.12/site-packages/discord/client.py", line 465, in _run_event
    await coro(*args, **kwargs)
  File "/app/asu_discord/cogs/analytics.py", line 652, in on_member_update
    before_timeout = before.timed_out_until
                     ^^^^^^^^^^^^^^^^^^^^^^
AttributeError: 'Member' object has no attribute 'timed_out_until'
Ignoring exception in on_member_update
Traceback (most recent call last):
  File "/usr/local/lib/python3.12/site-packages/discord/client.py", line 465, in _run_event
    await coro(*args, **kwargs)
  File "/app/asu_discord/cogs/analytics.py", line 652, in on_member_update
    before_timeout = before.timed_out_until
                     ^^^^^^^^^^^^^^^^^^^^^^
AttributeError: 'Member' object has no attribute 'timed_out_until'
Ignoring exception in on_member_update
Traceback (most recent call last):
  File "/usr/local/lib/python3.12/site-packages/discord/client.py", line 465, in _run_event
    await coro(*args, **kwargs)
  File "/app/asu_discord/cogs/analytics.py", line 652, in on_member_update
    before_timeout = before.timed_out_until
                     ^^^^^^^^^^^^^^^^^^^^^^
AttributeError: 'Member' object has no attribute 'timed_out_until'
Ignoring exception in on_member_update
Traceback (most recent call last):
  File "/usr/local/lib/python3.12/site-packages/discord/client.py", line 465, in _run_event
    await coro(*args, **kwargs)
  File "/app/asu_discord/cogs/analytics.py", line 652, in on_member_update
    before_timeout = before.timed_out_until
                     ^^^^^^^^^^^^^^^^^^^^^^
AttributeError: 'Member' object has no attribute 'timed_out_until'
Ignoring exception in on_member_update
Traceback (most recent call last):
  File "/usr/local/lib/python3.12/site-packages/discord/client.py", line 465, in _run_event
    await coro(*args, **kwargs)
  File "/app/asu_discord/cogs/analytics.py", line 652, in on_member_update
    before_timeout = before.timed_out_until
                     ^^^^^^^^^^^^^^^^^^^^^^
AttributeError: 'Member' object has no attribute 'timed_out_until'
Ignoring exception in on_member_update
Traceback (most recent call last):
  File "/usr/local/lib/python3.12/site-packages/discord/client.py", line 465, in _run_event
    await coro(*args, **kwargs)
  File "/app/asu_discord/cogs/analytics.py", line 652, in on_member_update
    before_timeout = before.timed_out_until
                     ^^^^^^^^^^^^^^^^^^^^^^
AttributeError: 'Member' object has no attribute 'timed_out_until'
Ignoring exception in on_member_update
Traceback (most recent call last):
  File "/usr/local/lib/python3.12/site-packages/discord/client.py", line 465, in _run_event
    await coro(*args, **kwargs)
  File "/app/asu_discord/cogs/analytics.py", line 652, in on_member_update
    before_timeout = before.timed_out_until
                     ^^^^^^^^^^^^^^^^^^^^^^
AttributeError: 'Member' object has no attribute 'timed_out_until'
ERROR:cron.jobs:refresh_salesforce_roles: failed for egomez98 (Discord ID 806621722856914984): Timed out refresh Salesforce-based roles
Ignoring exception in on_member_update
Traceback (most recent call last):
  File "/usr/local/lib/python3.12/site-packages/discord/client.py", line 465, in _run_event
    await coro(*args, **kwargs)
  File "/app/asu_discord/cogs/analytics.py", line 652, in on_member_update
    before_timeout = before.timed_out_until
                     ^^^^^^^^^^^^^^^^^^^^^^
AttributeError: 'Member' object has no attribute 'timed_out_until'
Ignoring exception in on_member_update
Traceback (most recent call last):
  File "/usr/local/lib/python3.12/site-packages/discord/client.py", line 465, in _run_event
    await coro(*args, **kwargs)
  File "/app/asu_discord/cogs/analytics.py", line 652, in on_member_update
    before_timeout = before.timed_out_until
                     ^^^^^^^^^^^^^^^^^^^^^^
AttributeError: 'Member' object has no attribute 'timed_out_until'
Ignoring exception in on_member_update
Traceback (most recent call last):
  File "/usr/local/lib/python3.12/site-packages/discord/client.py", line 465, in _run_event
    await coro(*args, **kwargs)
  File "/app/asu_discord/cogs/analytics.py", line 652, in on_member_update
    before_timeout = before.timed_out_until
                     ^^^^^^^^^^^^^^^^^^^^^^
AttributeError: 'Member' object has no attribute 'timed_out_until'
Ignoring exception in on_member_update
Traceback (most recent call last):
  File "/usr/local/lib/python3.12/site-packages/discord/client.py", line 465, in _run_event
    await coro(*args, **kwargs)
  File "/app/asu_discord/cogs/analytics.py", line 652, in on_member_update
    before_timeout = before.timed_out_until
                     ^^^^^^^^^^^^^^^^^^^^^^
AttributeError: 'Member' object has no attribute 'timed_out_until'
Ignoring exception in on_member_update
Traceback (most recent call last):
  File "/usr/local/lib/python3.12/site-packages/discord/client.py", line 465, in _run_event
    await coro(*args, **kwargs)
  File "/app/asu_discord/cogs/analytics.py", line 652, in on_member_update
    before_timeout = before.timed_out_until
                     ^^^^^^^^^^^^^^^^^^^^^^
AttributeError: 'Member' object has no attribute 'timed_out_until'
Ignoring exception in on_member_update
Traceback (most recent call last):
  File "/usr/local/lib/python3.12/site-packages/discord/client.py", line 465, in _run_event
    await coro(*args, **kwargs)
  File "/app/asu_discord/cogs/analytics.py", line 652, in on_member_update
    before_timeout = before.timed_out_until
                     ^^^^^^^^^^^^^^^^^^^^^^
AttributeError: 'Member' object has no attribute 'timed_out_until'
Ignoring exception in on_member_update
Traceback (most recent call last):
  File "/usr/local/lib/python3.12/site-packages/discord/client.py", line 465, in _run_event
    await coro(*args, **kwargs)
  File "/app/asu_discord/cogs/analytics.py", line 652, in on_member_update
    before_timeout = before.timed_out_until
                     ^^^^^^^^^^^^^^^^^^^^^^
AttributeError: 'Member' object has no attribute 'timed_out_until'
Ignoring exception in on_member_update
Traceback (most recent call last):
  File "/usr/local/lib/python3.12/site-packages/discord/client.py", line 465, in _run_event
    await coro(*args, **kwargs)
  File "/app/asu_discord/cogs/analytics.py", line 652, in on_member_update
    before_timeout = before.timed_out_until
                     ^^^^^^^^^^^^^^^^^^^^^^
AttributeError: 'Member' object has no attribute 'timed_out_until'
INFO:asu_discord.cogs.verification:Saved 4 roles to database for user dkarthi8 (Discord ID: 1432330298724450417)
INFO:asu_discord.cogs.verification:Refreshed Salesforce roles for Discord user 1432330298724450417: -4/+4 roles, assigned=[First Year, International Student, Ira A. Fulton Schools of Engineering, Tempe]
Ignoring exception in on_member_update
Traceback (most recent call last):
  File "/usr/local/lib/python3.12/site-packages/discord/client.py", line 465, in _run_event
    await coro(*args, **kwargs)
  File "/app/asu_discord/cogs/analytics.py", line 652, in on_member_update
    before_timeout = before.timed_out_until
                     ^^^^^^^^^^^^^^^^^^^^^^
AttributeError: 'Member' object has no attribute 'timed_out_until'
Ignoring exception in on_member_update
Traceback (most recent call last):
  File "/usr/local/lib/python3.12/site-packages/discord/client.py", line 465, in _run_event
    await coro(*args, **kwargs)
  File "/app/asu_discord/cogs/analytics.py", line 652, in on_member_update
    before_timeout = before.timed_out_until
                     ^^^^^^^^^^^^^^^^^^^^^^
AttributeError: 'Member' object has no attribute 'timed_out_until'
Ignoring exception in on_member_update
Traceback (most recent call last):
  File "/usr/local/lib/python3.12/site-packages/discord/client.py", line 465, in _run_event
    await coro(*args, **kwargs)
  File "/app/asu_discord/cogs/analytics.py", line 652, in on_member_update
    before_timeout = before.timed_out_until
                     ^^^^^^^^^^^^^^^^^^^^^^
AttributeError: 'Member' object has no attribute 'timed_out_until'
Ignoring exception in on_member_update
Traceback (most recent call last):
  File "/usr/local/lib/python3.12/site-packages/discord/client.py", line 465, in _run_event
    await coro(*args, **kwargs)
  File "/app/asu_discord/cogs/analytics.py", line 652, in on_member_update
    before_timeout = before.timed_out_until
                     ^^^^^^^^^^^^^^^^^^^^^^
AttributeError: 'Member' object has no attribute 'timed_out_until'
Ignoring exception in on_member_update
Traceback (most recent call last):
  File "/usr/local/lib/python3.12/site-packages/discord/client.py", line 465, in _run_event
    await coro(*args, **kwargs)
  File "/app/asu_discord/cogs/analytics.py", line 652, in on_member_update
    before_timeout = before.timed_out_until
                     ^^^^^^^^^^^^^^^^^^^^^^
AttributeError: 'Member' object has no attribute 'timed_out_until'
Ignoring exception in on_member_update
Traceback (most recent call last):
  File "/usr/local/lib/python3.12/site-packages/discord/client.py", line 465, in _run_event
    await coro(*args, **kwargs)
  File "/app/asu_discord/cogs/analytics.py", line 652, in on_member_update
    before_timeout = before.timed_out_until
                     ^^^^^^^^^^^^^^^^^^^^^^
AttributeError: 'Member' object has no attribute 'timed_out_until'
Ignoring exception in on_member_update
Traceback (most recent call last):
  File "/usr/local/lib/python3.12/site-packages/discord/client.py", line 465, in _run_event
    await coro(*args, **kwargs)
  File "/app/asu_discord/cogs/analytics.py", line 652, in on_member_update
    before_timeout = before.timed_out_until
                     ^^^^^^^^^^^^^^^^^^^^^^
AttributeError: 'Member' object has no attribute 'timed_out_until'
Ignoring exception in on_member_update
Traceback (most recent call last):
  File "/usr/local/lib/python3.12/site-packages/discord/client.py", line 465, in _run_event
    await coro(*args, **kwargs)
  File "/app/asu_discord/cogs/analytics.py", line 652, in on_member_update
    before_timeout = before.timed_out_until
                     ^^^^^^^^^^^^^^^^^^^^^^
AttributeError: 'Member' object has no attribute 'timed_out_until'
Ignoring exception in on_member_update
Traceback (most recent call last):
  File "/usr/local/lib/python3.12/site-packages/discord/client.py", line 465, in _run_event
    await coro(*args, **kwargs)
  File "/app/asu_discord/cogs/analytics.py", line 652, in on_member_update
    before_timeout = before.timed_out_until
                     ^^^^^^^^^^^^^^^^^^^^^^
AttributeError: 'Member' object has no attribute 'timed_out_until'
Ignoring exception in on_member_update
Traceback (most recent call last):
  File "/usr/local/lib/python3.12/site-packages/discord/client.py", line 465, in _run_event
    await coro(*args, **kwargs)
  File "/app/asu_discord/cogs/analytics.py", line 652, in on_member_update
    before_timeout = before.timed_out_until
                     ^^^^^^^^^^^^^^^^^^^^^^
AttributeError: 'Member' object has no attribute 'timed_out_until'
INFO:asu_discord.cogs.verification:Saved 5 roles to database for user daguil44 (Discord ID: 1512211166867230740)
INFO:asu_discord.cogs.verification:Refreshed Salesforce roles for Discord user 1512211166867230740: -5/+5 roles, assigned=[Arizona Resident, College of Liberal Arts and Sciences, First Generation Student, First Year, Tempe]
Ignoring exception in on_member_update
Traceback (most recent call last):
  File "/usr/local/lib/python3.12/site-packages/discord/client.py", line 465, in _run_event
    await coro(*args, **kwargs)
  File "/app/asu_discord/cogs/analytics.py", line 652, in on_member_update
    before_timeout = before.timed_out_until
                     ^^^^^^^^^^^^^^^^^^^^^^
AttributeError: 'Member' object has no attribute 'timed_out_until'
Ignoring exception in on_member_update
Traceback (most recent call last):
  File "/usr/local/lib/python3.12/site-packages/discord/client.py", line 465, in _run_event
    await coro(*args, **kwargs)
  File "/app/asu_discord/cogs/analytics.py", line 652, in on_member_update
    before_timeout = before.timed_out_until
                     ^^^^^^^^^^^^^^^^^^^^^^
AttributeError: 'Member' object has no attribute 'timed_out_until'
Ignoring exception in on_member_update
Traceback (most recent call last):
  File "/usr/local/lib/python3.12/site-packages/discord/client.py", line 465, in _run_event
    await coro(*args, **kwargs)
  File "/app/asu_discord/cogs/analytics.py", line 652, in on_member_update
    before_timeout = before.timed_out_until
                     ^^^^^^^^^^^^^^^^^^^^^^
AttributeError: 'Member' object has no attribute 'timed_out_until'
Ignoring exception in on_member_update
Traceback (most recent call last):
  File "/usr/local/lib/python3.12/site-packages/discord/client.py", line 465, in _run_event
    await coro(*args, **kwargs)
  File "/app/asu_discord/cogs/analytics.py", line 652, in on_member_update
    before_timeout = before.timed_out_until
                     ^^^^^^^^^^^^^^^^^^^^^^
AttributeError: 'Member' object has no attribute 'timed_out_until'
Ignoring exception in on_member_update
Traceback (most recent call last):
  File "/usr/local/lib/python3.12/site-packages/discord/client.py", line 465, in _run_event
    await coro(*args, **kwargs)
  File "/app/asu_discord/cogs/analytics.py", line 652, in on_member_update
    before_timeout = before.timed_out_until
                     ^^^^^^^^^^^^^^^^^^^^^^
AttributeError: 'Member' object has no attribute 'timed_out_until'
Ignoring exception in on_member_update
Traceback (most recent call last):
  File "/usr/local/lib/python3.12/site-packages/discord/client.py", line 465, in _run_event
    await coro(*args, **kwargs)
  File "/app/asu_discord/cogs/analytics.py", line 652, in on_member_update
    before_timeout = before.timed_out_until
                     ^^^^^^^^^^^^^^^^^^^^^^
AttributeError: 'Member' object has no attribute 'timed_out_until'
Ignoring exception in on_member_update
Traceback (most recent call last):
  File "/usr/local/lib/python3.12/site-packages/discord/client.py", line 465, in _run_event
    await coro(*args, **kwargs)
  File "/app/asu_discord/cogs/analytics.py", line 652, in on_member_update
    before_timeout = before.timed_out_until
                     ^^^^^^^^^^^^^^^^^^^^^^
AttributeError: 'Member' object has no attribute 'timed_out_until'
Ignoring exception in on_member_update
Traceback (most recent call last):
  File "/usr/local/lib/python3.12/site-packages/discord/client.py", line 465, in _run_event
    await coro(*args, **kwargs)
  File "/app/asu_discord/cogs/analytics.py", line 652, in on_member_update
    before_timeout = before.timed_out_until
                     ^^^^^^^^^^^^^^^^^^^^^^
AttributeError: 'Member' object has no attribute 'timed_out_until'
Ignoring exception in on_member_update
Traceback (most recent call last):
  File "/usr/local/lib/python3.12/site-packages/discord/client.py", line 465, in _run_event
    await coro(*args, **kwargs)
  File "/app/asu_discord/cogs/analytics.py", line 652, in on_member_update
    before_timeout = before.timed_out_until
                     ^^^^^^^^^^^^^^^^^^^^^^
AttributeError: 'Member' object has no attribute 'timed_out_until'
Ignoring exception in on_member_update
Traceback (most recent call last):
  File "/usr/local/lib/python3.12/site-packages/discord/client.py", line 465, in _run_event
    await coro(*args, **kwargs)
  File "/app/asu_discord/cogs/analytics.py", line 652, in on_member_update
    before_timeout = before.timed_out_until
                     ^^^^^^^^^^^^^^^^^^^^^^
AttributeError: 'Member' object has no attribute 'timed_out_until'
INFO:asu_discord.cogs.verification:Saved 5 roles to database for user ahazime1 (Discord ID: 781919706684325909)
INFO:asu_discord.cogs.verification:Refreshed Salesforce roles for Discord user 781919706684325909: -5/+5 roles, assigned=[Commited, First Year, International Student, Ira A. Fulton Schools of Engineering, Tempe]
Ignoring exception in on_member_update
Traceback (most recent call last):
  File "/usr/local/lib/python3.12/site-packages/discord/client.py", line 465, in _run_event
    await coro(*args, **kwargs)
  File "/app/asu_discord/cogs/analytics.py", line 652, in on_member_update
    before_timeout = before.timed_out_until
                     ^^^^^^^^^^^^^^^^^^^^^^
AttributeError: 'Member' object has no attribute 'timed_out_until'
Ignoring exception in on_member_update
Traceback (most recent call last):
  File "/usr/local/lib/python3.12/site-packages/discord/client.py", line 465, in _run_event
    await coro(*args, **kwargs)
  File "/app/asu_discord/cogs/analytics.py", line 652, in on_member_update
    before_timeout = before.timed_out_until
                     ^^^^^^^^^^^^^^^^^^^^^^
AttributeError: 'Member' object has no attribute 'timed_out_until'
Ignoring exception in on_member_update
Traceback (most recent call last):
  File "/usr/local/lib/python3.12/site-packages/discord/client.py", line 465, in _run_event
    await coro(*args, **kwargs)
  File "/app/asu_discord/cogs/analytics.py", line 652, in on_member_update
    before_timeout = before.timed_out_until
                     ^^^^^^^^^^^^^^^^^^^^^^
AttributeError: 'Member' object has no attribute 'timed_out_until'
Ignoring exception in on_member_update
Traceback (most recent call last):
  File "/usr/local/lib/python3.12/site-packages/discord/client.py", line 465, in _run_event
    await coro(*args, **kwargs)
  File "/app/asu_discord/cogs/analytics.py", line 652, in on_member_update
    before_timeout = before.timed_out_until
                     ^^^^^^^^^^^^^^^^^^^^^^
AttributeError: 'Member' object has no attribute 'timed_out_until'
Ignoring exception in on_member_update
Traceback (most recent call last):
  File "/usr/local/lib/python3.12/site-packages/discord/client.py", line 465, in _run_event
    await coro(*args, **kwargs)
  File "/app/asu_discord/cogs/analytics.py", line 652, in on_member_update
    before_timeout = before.timed_out_until
                     ^^^^^^^^^^^^^^^^^^^^^^
AttributeError: 'Member' object has no attribute 'timed_out_until'
Ignoring exception in on_member_update
Traceback (most recent call last):
  File "/usr/local/lib/python3.12/site-packages/discord/client.py", line 465, in _run_event
    await coro(*args, **kwargs)
  File "/app/asu_discord/cogs/analytics.py", line 652, in on_member_update
    before_timeout = before.timed_out_until
                     ^^^^^^^^^^^^^^^^^^^^^^
AttributeError: 'Member' object has no attribute 'timed_out_until'
Ignoring exception in on_member_update
Traceback (most recent call last):
  File "/usr/local/lib/python3.12/site-packages/discord/client.py", line 465, in _run_event
    await coro(*args, **kwargs)
  File "/app/asu_discord/cogs/analytics.py", line 652, in on_member_update
    before_timeout = before.timed_out_until
                     ^^^^^^^^^^^^^^^^^^^^^^
AttributeError: 'Member' object has no attribute 'timed_out_until'
Ignoring exception in on_member_update
Traceback (most recent call last):
  File "/usr/local/lib/python3.12/site-packages/discord/client.py", line 465, in _run_event
    await coro(*args, **kwargs)
  File "/app/asu_discord/cogs/analytics.py", line 652, in on_member_update
    before_timeout = before.timed_out_until
                     ^^^^^^^^^^^^^^^^^^^^^^
AttributeError: 'Member' object has no attribute 'timed_out_until'
Ignoring exception in on_member_update
Traceback (most recent call last):
  File "/usr/local/lib/python3.12/site-packages/discord/client.py", line 465, in _run_event
    await coro(*args, **kwargs)
  File "/app/asu_discord/cogs/analytics.py", line 652, in on_member_update
    before_timeout = before.timed_out_until
                     ^^^^^^^^^^^^^^^^^^^^^^
AttributeError: 'Member' object has no attribute 'timed_out_until'
Ignoring exception in on_member_update
Traceback (most recent call last):
  File "/usr/local/lib/python3.12/site-packages/discord/client.py", line 465, in _run_event
    await coro(*args, **kwargs)
  File "/app/asu_discord/cogs/analytics.py", line 652, in on_member_update
    before_timeout = before.timed_out_until
                     ^^^^^^^^^^^^^^^^^^^^^^
AttributeError: 'Member' object has no attribute 'timed_out_until'
INFO:asu_discord.cogs.verification:Saved 5 roles to database for user nkouassi (Discord ID: 1425678436118040618)
INFO:asu_discord.cogs.verification:Refreshed Salesforce roles for Discord user 1425678436118040618: -5/+5 roles, assigned=[Commited, Graduate Student, International Student, Ira A. Fulton Schools of Engineering, Tempe]
Ignoring exception in on_member_update
Traceback (most recent call last):
  File "/usr/local/lib/python3.12/site-packages/discord/client.py", line 465, in _run_event
    await coro(*args, **kwargs)
  File "/app/asu_discord/cogs/analytics.py", line 652, in on_member_update
    before_timeout = before.timed_out_until
                     ^^^^^^^^^^^^^^^^^^^^^^
AttributeError: 'Member' object has no attribute 'timed_out_until'
Ignoring exception in on_member_update
Traceback (most recent call last):
  File "/usr/local/lib/python3.12/site-packages/discord/client.py", line 465, in _run_event
    await coro(*args, **kwargs)
  File "/app/asu_discord/cogs/analytics.py", line 652, in on_member_update
    before_timeout = before.timed_out_until
                     ^^^^^^^^^^^^^^^^^^^^^^
AttributeError: 'Member' object has no attribute 'timed_out_until'
Ignoring exception in on_member_update
Traceback (most recent call last):
  File "/usr/local/lib/python3.12/site-packages/discord/client.py", line 465, in _run_event
    await coro(*args, **kwargs)
  File "/app/asu_discord/cogs/analytics.py", line 652, in on_member_update
    before_timeout = before.timed_out_until
                     ^^^^^^^^^^^^^^^^^^^^^^
AttributeError: 'Member' object has no attribute 'timed_out_until'
Ignoring exception in on_member_update
Traceback (most recent call last):
  File "/usr/local/lib/python3.12/site-packages/discord/client.py", line 465, in _run_event
    await coro(*args, **kwargs)
  File "/app/asu_discord/cogs/analytics.py", line 652, in on_member_update
    before_timeout = before.timed_out_until
                     ^^^^^^^^^^^^^^^^^^^^^^
AttributeError: 'Member' object has no attribute 'timed_out_until'
Ignoring exception in on_member_update
Traceback (most recent call last):
  File "/usr/local/lib/python3.12/site-packages/discord/client.py", line 465, in _run_event
    await coro(*args, **kwargs)
  File "/app/asu_discord/cogs/analytics.py", line 652, in on_member_update
    before_timeout = before.timed_out_until
                     ^^^^^^^^^^^^^^^^^^^^^^
AttributeError: 'Member' object has no attribute 'timed_out_until'
Ignoring exception in on_member_update
Traceback (most recent call last):
  File "/usr/local/lib/python3.12/site-packages/discord/client.py", line 465, in _run_event
    await coro(*args, **kwargs)
  File "/app/asu_discord/cogs/analytics.py", line 652, in on_member_update
    before_timeout = before.timed_out_until
                     ^^^^^^^^^^^^^^^^^^^^^^
AttributeError: 'Member' object has no attribute 'timed_out_until'
Ignoring exception in on_member_update
Traceback (most recent call last):
  File "/usr/local/lib/python3.12/site-packages/discord/client.py", line 465, in _run_event
    await coro(*args, **kwargs)
  File "/app/asu_discord/cogs/analytics.py", line 652, in on_member_update
    before_timeout = before.timed_out_until
                     ^^^^^^^^^^^^^^^^^^^^^^
AttributeError: 'Member' object has no attribute 'timed_out_until'
Ignoring exception in on_member_update
Traceback (most recent call last):
  File "/usr/local/lib/python3.12/site-packages/discord/client.py", line 465, in _run_event
    await coro(*args, **kwargs)
  File "/app/asu_discord/cogs/analytics.py", line 652, in on_member_update
    before_timeout = before.timed_out_until
                     ^^^^^^^^^^^^^^^^^^^^^^
AttributeError: 'Member' object has no attribute 'timed_out_until'
Ignoring exception in on_member_update
Traceback (most recent call last):
  File "/usr/local/lib/python3.12/site-packages/discord/client.py", line 465, in _run_event
    await coro(*args, **kwargs)
  File "/app/asu_discord/cogs/analytics.py", line 652, in on_member_update
    before_timeout = before.timed_out_until
                     ^^^^^^^^^^^^^^^^^^^^^^
AttributeError: 'Member' object has no attribute 'timed_out_until'
INFO:asu_discord.cogs.verification:Saved 5 roles to database for user aamarin3 (Discord ID: 1087643866573852692)
INFO:asu_discord.cogs.verification:Refreshed Salesforce roles for Discord user 1087643866573852692: -4/+5 roles, assigned=[Arizona Resident, First Generation Student, First Year, Ira A. Fulton Schools of Engineering, Polytechnic]
Ignoring exception in on_member_update
Traceback (most recent call last):
  File "/usr/local/lib/python3.12/site-packages/discord/client.py", line 465, in _run_event
    await coro(*args, **kwargs)
  File "/app/asu_discord/cogs/analytics.py", line 652, in on_member_update
    before_timeout = before.timed_out_until
                     ^^^^^^^^^^^^^^^^^^^^^^
AttributeError: 'Member' object has no attribute 'timed_out_until'
Ignoring exception in on_member_update
Traceback (most recent call last):
  File "/usr/local/lib/python3.12/site-packages/discord/client.py", line 465, in _run_event
    await coro(*args, **kwargs)
  File "/app/asu_discord/cogs/analytics.py", line 652, in on_member_update
    before_timeout = before.timed_out_until
                     ^^^^^^^^^^^^^^^^^^^^^^
AttributeError: 'Member' object has no attribute 'timed_out_until'
Ignoring exception in on_member_update
Traceback (most recent call last):
  File "/usr/local/lib/python3.12/site-packages/discord/client.py", line 465, in _run_event
    await coro(*args, **kwargs)
  File "/app/asu_discord/cogs/analytics.py", line 652, in on_member_update
    before_timeout = before.timed_out_until
                     ^^^^^^^^^^^^^^^^^^^^^^
AttributeError: 'Member' object has no attribute 'timed_out_until'
Ignoring exception in on_member_update
Traceback (most recent call last):
  File "/usr/local/lib/python3.12/site-packages/discord/client.py", line 465, in _run_event
    await coro(*args, **kwargs)
  File "/app/asu_discord/cogs/analytics.py", line 652, in on_member_update
    before_timeout = before.timed_out_until
                     ^^^^^^^^^^^^^^^^^^^^^^
AttributeError: 'Member' object has no attribute 'timed_out_until'
Ignoring exception in on_member_update
Traceback (most recent call last):
  File "/usr/local/lib/python3.12/site-packages/discord/client.py", line 465, in _run_event
    await coro(*args, **kwargs)
  File "/app/asu_discord/cogs/analytics.py", line 652, in on_member_update
    before_timeout = before.timed_out_until
                     ^^^^^^^^^^^^^^^^^^^^^^
AttributeError: 'Member' object has no attribute 'timed_out_until'
Ignoring exception in on_member_update
Traceback (most recent call last):
  File "/usr/local/lib/python3.12/site-packages/discord/client.py", line 465, in _run_event
    await coro(*args, **kwargs)
  File "/app/asu_discord/cogs/analytics.py", line 652, in on_member_update
    before_timeout = before.timed_out_until
                     ^^^^^^^^^^^^^^^^^^^^^^
AttributeError: 'Member' object has no attribute 'timed_out_until'
Ignoring exception in on_member_update
Traceback (most recent call last):
  File "/usr/local/lib/python3.12/site-packages/discord/client.py", line 465, in _run_event
    await coro(*args, **kwargs)
  File "/app/asu_discord/cogs/analytics.py", line 652, in on_member_update
    before_timeout = before.timed_out_until
                     ^^^^^^^^^^^^^^^^^^^^^^
AttributeError: 'Member' object has no attribute 'timed_out_until'
Ignoring exception in on_member_update
Traceback (most recent call last):
  File "/usr/local/lib/python3.12/site-packages/discord/client.py", line 465, in _run_event
    await coro(*args, **kwargs)
  File "/app/asu_discord/cogs/analytics.py", line 652, in on_member_update
    before_timeout = before.timed_out_until
                     ^^^^^^^^^^^^^^^^^^^^^^
AttributeError: 'Member' object has no attribute 'timed_out_until'
Ignoring exception in on_member_update
Traceback (most recent call last):
  File "/usr/local/lib/python3.12/site-packages/discord/client.py", line 465, in _run_event
    await coro(*args, **kwargs)
  File "/app/asu_discord/cogs/analytics.py", line 652, in on_member_update
    before_timeout = before.timed_out_until
                     ^^^^^^^^^^^^^^^^^^^^^^
AttributeError: 'Member' object has no attribute 'timed_out_until'
INFO:asu_discord.cogs.verification:Saved 5 roles to database for user kzickhea (Discord ID: 1514315104634540213)
INFO:asu_discord.cogs.verification:Refreshed Salesforce roles for Discord user 1514315104634540213: -4/+5 roles, assigned=[Arizona Resident, Commited, Graduate Student, New College of Interdisciplinary Arts and Sciences, West Valley]
Ignoring exception in on_member_update
Traceback (most recent call last):
  File "/usr/local/lib/python3.12/site-packages/discord/client.py", line 465, in _run_event
    await coro(*args, **kwargs)
  File "/app/asu_discord/cogs/analytics.py", line 652, in on_member_update
    before_timeout = before.timed_out_until
                     ^^^^^^^^^^^^^^^^^^^^^^
AttributeError: 'Member' object has no attribute 'timed_out_until'
Ignoring exception in on_member_update
Traceback (most recent call last):
  File "/usr/local/lib/python3.12/site-packages/discord/client.py", line 465, in _run_event
    await coro(*args, **kwargs)
  File "/app/asu_discord/cogs/analytics.py", line 652, in on_member_update
    before_timeout = before.timed_out_until
                     ^^^^^^^^^^^^^^^^^^^^^^
AttributeError: 'Member' object has no attribute 'timed_out_until'
Ignoring exception in on_member_update
Traceback (most recent call last):
  File "/usr/local/lib/python3.12/site-packages/discord/client.py", line 465, in _run_event
    await coro(*args, **kwargs)
  File "/app/asu_discord/cogs/analytics.py", line 652, in on_member_update
    before_timeout = before.timed_out_until
                     ^^^^^^^^^^^^^^^^^^^^^^
AttributeError: 'Member' object has no attribute 'timed_out_until'
Ignoring exception in on_member_update
Traceback (most recent call last):
  File "/usr/local/lib/python3.12/site-packages/discord/client.py", line 465, in _run_event
    await coro(*args, **kwargs)
  File "/app/asu_discord/cogs/analytics.py", line 652, in on_member_update
    before_timeout = before.timed_out_until
                     ^^^^^^^^^^^^^^^^^^^^^^
AttributeError: 'Member' object has no attribute 'timed_out_until'
Ignoring exception in on_member_update
Traceback (most recent call last):
  File "/usr/local/lib/python3.12/site-packages/discord/client.py", line 465, in _run_event
    await coro(*args, **kwargs)
  File "/app/asu_discord/cogs/analytics.py", line 652, in on_member_update
    before_timeout = before.timed_out_until
                     ^^^^^^^^^^^^^^^^^^^^^^
AttributeError: 'Member' object has no attribute 'timed_out_until'
Ignoring exception in on_member_update
Traceback (most recent call last):
  File "/usr/local/lib/python3.12/site-packages/discord/client.py", line 465, in _run_event
    await coro(*args, **kwargs)
  File "/app/asu_discord/cogs/analytics.py", line 652, in on_member_update
    before_timeout = before.timed_out_until
                     ^^^^^^^^^^^^^^^^^^^^^^
AttributeError: 'Member' object has no attribute 'timed_out_until'
Ignoring exception in on_member_update
Traceback (most recent call last):
  File "/usr/local/lib/python3.12/site-packages/discord/client.py", line 465, in _run_event
    await coro(*args, **kwargs)
  File "/app/asu_discord/cogs/analytics.py", line 652, in on_member_update
    before_timeout = before.timed_out_until
                     ^^^^^^^^^^^^^^^^^^^^^^
AttributeError: 'Member' object has no attribute 'timed_out_until'
Ignoring exception in on_member_update
Traceback (most recent call last):
  File "/usr/local/lib/python3.12/site-packages/discord/client.py", line 465, in _run_event
    await coro(*args, **kwargs)
  File "/app/asu_discord/cogs/analytics.py", line 652, in on_member_update
    before_timeout = before.timed_out_until
                     ^^^^^^^^^^^^^^^^^^^^^^
AttributeError: 'Member' object has no attribute 'timed_out_until'
Ignoring exception in on_member_update
Traceback (most recent call last):
  File "/usr/local/lib/python3.12/site-packages/discord/client.py", line 465, in _run_event
    await coro(*args, **kwargs)
  File "/app/asu_discord/cogs/analytics.py", line 652, in on_member_update
    before_timeout = before.timed_out_until
                     ^^^^^^^^^^^^^^^^^^^^^^
AttributeError: 'Member' object has no attribute 'timed_out_until'
Ignoring exception in on_member_update
Traceback (most recent call last):
  File "/usr/local/lib/python3.12/site-packages/discord/client.py", line 465, in _run_event
    await coro(*args, **kwargs)
  File "/app/asu_discord/cogs/analytics.py", line 652, in on_member_update
    before_timeout = before.timed_out_until
                     ^^^^^^^^^^^^^^^^^^^^^^
AttributeError: 'Member' object has no attribute 'timed_out_until'
INFO:asu_discord.cogs.verification:Saved 5 roles to database for user aapoda18 (Discord ID: 594177210202587162)
INFO:asu_discord.cogs.verification:Refreshed Salesforce roles for Discord user 594177210202587162: -5/+5 roles, assigned=[Arizona Resident, Commited, First Year, Ira A. Fulton Schools of Engineering, Tempe]
Ignoring exception in on_member_update
Traceback (most recent call last):
  File "/usr/local/lib/python3.12/site-packages/discord/client.py", line 465, in _run_event
    await coro(*args, **kwargs)
  File "/app/asu_discord/cogs/analytics.py", line 652, in on_member_update
    before_timeout = before.timed_out_until
                     ^^^^^^^^^^^^^^^^^^^^^^
AttributeError: 'Member' object has no attribute 'timed_out_until'
Ignoring exception in on_member_update
Traceback (most recent call last):
  File "/usr/local/lib/python3.12/site-packages/discord/client.py", line 465, in _run_event
    await coro(*args, **kwargs)
  File "/app/asu_discord/cogs/analytics.py", line 652, in on_member_update
    before_timeout = before.timed_out_until
                     ^^^^^^^^^^^^^^^^^^^^^^
AttributeError: 'Member' object has no attribute 'timed_out_until'
Ignoring exception in on_member_update
Traceback (most recent call last):
  File "/usr/local/lib/python3.12/site-packages/discord/client.py", line 465, in _run_event
    await coro(*args, **kwargs)
  File "/app/asu_discord/cogs/analytics.py", line 652, in on_member_update
    before_timeout = before.timed_out_until
                     ^^^^^^^^^^^^^^^^^^^^^^
AttributeError: 'Member' object has no attribute 'timed_out_until'
Ignoring exception in on_member_update
Traceback (most recent call last):
  File "/usr/local/lib/python3.12/site-packages/discord/client.py", line 465, in _run_event
    await coro(*args, **kwargs)
  File "/app/asu_discord/cogs/analytics.py", line 652, in on_member_update
    before_timeout = before.timed_out_until
                     ^^^^^^^^^^^^^^^^^^^^^^
AttributeError: 'Member' object has no attribute 'timed_out_until'
Ignoring exception in on_member_update
Traceback (most recent call last):
  File "/usr/local/lib/python3.12/site-packages/discord/client.py", line 465, in _run_event
    await coro(*args, **kwargs)
  File "/app/asu_discord/cogs/analytics.py", line 652, in on_member_update
    before_timeout = before.timed_out_until
                     ^^^^^^^^^^^^^^^^^^^^^^
AttributeError: 'Member' object has no attribute 'timed_out_until'
Ignoring exception in on_member_update
Traceback (most recent call last):
  File "/usr/local/lib/python3.12/site-packages/discord/client.py", line 465, in _run_event
    await coro(*args, **kwargs)
  File "/app/asu_discord/cogs/analytics.py", line 652, in on_member_update
    before_timeout = before.timed_out_until
                     ^^^^^^^^^^^^^^^^^^^^^^
AttributeError: 'Member' object has no attribute 'timed_out_until'
Ignoring exception in on_member_update
Traceback (most recent call last):
  File "/usr/local/lib/python3.12/site-packages/discord/client.py", line 465, in _run_event
    await coro(*args, **kwargs)
  File "/app/asu_discord/cogs/analytics.py", line 652, in on_member_update
    before_timeout = before.timed_out_until
                     ^^^^^^^^^^^^^^^^^^^^^^
AttributeError: 'Member' object has no attribute 'timed_out_until'
Ignoring exception in on_member_update
Traceback (most recent call last):
  File "/usr/local/lib/python3.12/site-packages/discord/client.py", line 465, in _run_event
    await coro(*args, **kwargs)
  File "/app/asu_discord/cogs/analytics.py", line 652, in on_member_update
    before_timeout = before.timed_out_until
                     ^^^^^^^^^^^^^^^^^^^^^^
AttributeError: 'Member' object has no attribute 'timed_out_until'
Ignoring exception in on_member_update
Traceback (most recent call last):
  File "/usr/local/lib/python3.12/site-packages/discord/client.py", line 465, in _run_event
    await coro(*args, **kwargs)
  File "/app/asu_discord/cogs/analytics.py", line 652, in on_member_update
    before_timeout = before.timed_out_until
                     ^^^^^^^^^^^^^^^^^^^^^^
AttributeError: 'Member' object has no attribute 'timed_out_until'
Ignoring exception in on_member_update
Traceback (most recent call last):
  File "/usr/local/lib/python3.12/site-packages/discord/client.py", line 465, in _run_event
    await coro(*args, **kwargs)
  File "/app/asu_discord/cogs/analytics.py", line 652, in on_member_update
    before_timeout = before.timed_out_until
                     ^^^^^^^^^^^^^^^^^^^^^^
AttributeError: 'Member' object has no attribute 'timed_out_until'
INFO:asu_discord.cogs.verification:Saved 5 roles to database for user cjdupre (Discord ID: 432620411402977282)
INFO:asu_discord.cogs.verification:Refreshed Salesforce roles for Discord user 432620411402977282: -5/+5 roles, assigned=[College of Liberal Arts and Sciences, Commited, First Year, Online, Out of State]
Ignoring exception in on_member_update
Traceback (most recent call last):
  File "/usr/local/lib/python3.12/site-packages/discord/client.py", line 465, in _run_event
    await coro(*args, **kwargs)
  File "/app/asu_discord/cogs/analytics.py", line 652, in on_member_update
    before_timeout = before.timed_out_until
                     ^^^^^^^^^^^^^^^^^^^^^^
AttributeError: 'Member' object has no attribute 'timed_out_until'
Ignoring exception in on_member_update
Traceback (most recent call last):
  File "/usr/local/lib/python3.12/site-packages/discord/client.py", line 465, in _run_event
    await coro(*args, **kwargs)
  File "/app/asu_discord/cogs/analytics.py", line 652, in on_member_update
    before_timeout = before.timed_out_until
                     ^^^^^^^^^^^^^^^^^^^^^^
AttributeError: 'Member' object has no attribute 'timed_out_until'
Ignoring exception in on_member_update
Traceback (most recent call last):
  File "/usr/local/lib/python3.12/site-packages/discord/client.py", line 465, in _run_event
    await coro(*args, **kwargs)
  File "/app/asu_discord/cogs/analytics.py", line 652, in on_member_update
    before_timeout = before.timed_out_until
                     ^^^^^^^^^^^^^^^^^^^^^^
AttributeError: 'Member' object has no attribute 'timed_out_until'
Ignoring exception in on_member_update
Traceback (most recent call last):
  File "/usr/local/lib/python3.12/site-packages/discord/client.py", line 465, in _run_event
    await coro(*args, **kwargs)
  File "/app/asu_discord/cogs/analytics.py", line 652, in on_member_update
    before_timeout = before.timed_out_until
                     ^^^^^^^^^^^^^^^^^^^^^^
AttributeError: 'Member' object has no attribute 'timed_out_until'
Ignoring exception in on_member_update
Traceback (most recent call last):
  File "/usr/local/lib/python3.12/site-packages/discord/client.py", line 465, in _run_event
    await coro(*args, **kwargs)
  File "/app/asu_discord/cogs/analytics.py", line 652, in on_member_update
    before_timeout = before.timed_out_until
                     ^^^^^^^^^^^^^^^^^^^^^^
AttributeError: 'Member' object has no attribute 'timed_out_until'
Ignoring exception in on_member_update
Traceback (most recent call last):
  File "/usr/local/lib/python3.12/site-packages/discord/client.py", line 465, in _run_event
    await coro(*args, **kwargs)
  File "/app/asu_discord/cogs/analytics.py", line 652, in on_member_update
    before_timeout = before.timed_out_until
                     ^^^^^^^^^^^^^^^^^^^^^^
AttributeError: 'Member' object has no attribute 'timed_out_until'
Ignoring exception in on_member_update
Traceback (most recent call last):
  File "/usr/local/lib/python3.12/site-packages/discord/client.py", line 465, in _run_event
    await coro(*args, **kwargs)
  File "/app/asu_discord/cogs/analytics.py", line 652, in on_member_update
    before_timeout = before.timed_out_until
                     ^^^^^^^^^^^^^^^^^^^^^^
AttributeError: 'Member' object has no attribute 'timed_out_until'
Ignoring exception in on_member_update
Traceback (most recent call last):
  File "/usr/local/lib/python3.12/site-packages/discord/client.py", line 465, in _run_event
    await coro(*args, **kwargs)
  File "/app/asu_discord/cogs/analytics.py", line 652, in on_member_update
    before_timeout = before.timed_out_until
                     ^^^^^^^^^^^^^^^^^^^^^^
AttributeError: 'Member' object has no attribute 'timed_out_until'
Ignoring exception in on_member_update
Traceback (most recent call last):
  File "/usr/local/lib/python3.12/site-packages/discord/client.py", line 465, in _run_event
    await coro(*args, **kwargs)
  File "/app/asu_discord/cogs/analytics.py", line 652, in on_member_update
    before_timeout = before.timed_out_until
                     ^^^^^^^^^^^^^^^^^^^^^^
AttributeError: 'Member' object has no attribute 'timed_out_until'
Ignoring exception in on_member_update
Traceback (most recent call last):
  File "/usr/local/lib/python3.12/site-packages/discord/client.py", line 465, in _run_event
    await coro(*args, **kwargs)
  File "/app/asu_discord/cogs/analytics.py", line 652, in on_member_update
    before_timeout = before.timed_out_until
                     ^^^^^^^^^^^^^^^^^^^^^^
AttributeError: 'Member' object has no attribute 'timed_out_until'
INFO:asu_discord.cogs.verification:Saved 5 roles to database for user gjescob1 (Discord ID: 1514337125892493453)
INFO:asu_discord.cogs.verification:Refreshed Salesforce roles for Discord user 1514337125892493453: -5/+5 roles, assigned=[Arizona Resident, Commited, New College of Interdisciplinary Arts and Sciences, Transfer Student, West Valley]
Ignoring exception in on_member_update
Traceback (most recent call last):
  File "/usr/local/lib/python3.12/site-packages/discord/client.py", line 465, in _run_event
    await coro(*args, **kwargs)
  File "/app/asu_discord/cogs/analytics.py", line 652, in on_member_update
    before_timeout = before.timed_out_until
                     ^^^^^^^^^^^^^^^^^^^^^^
AttributeError: 'Member' object has no attribute 'timed_out_until'
Ignoring exception in on_member_update
Traceback (most recent call last):
  File "/usr/local/lib/python3.12/site-packages/discord/client.py", line 465, in _run_event
    await coro(*args, **kwargs)
  File "/app/asu_discord/cogs/analytics.py", line 652, in on_member_update
    before_timeout = before.timed_out_until
                     ^^^^^^^^^^^^^^^^^^^^^^
AttributeError: 'Member' object has no attribute 'timed_out_until'
Ignoring exception in on_member_update
Traceback (most recent call last):
  File "/usr/local/lib/python3.12/site-packages/discord/client.py", line 465, in _run_event
    await coro(*args, **kwargs)
  File "/app/asu_discord/cogs/analytics.py", line 652, in on_member_update
    before_timeout = before.timed_out_until
                     ^^^^^^^^^^^^^^^^^^^^^^
AttributeError: 'Member' object has no attribute 'timed_out_until'
Ignoring exception in on_member_update
Traceback (most recent call last):
  File "/usr/local/lib/python3.12/site-packages/discord/client.py", line 465, in _run_event
    await coro(*args, **kwargs)
  File "/app/asu_discord/cogs/analytics.py", line 652, in on_member_update
    before_timeout = before.timed_out_until
                     ^^^^^^^^^^^^^^^^^^^^^^
AttributeError: 'Member' object has no attribute 'timed_out_until'
Ignoring exception in on_member_update
Traceback (most recent call last):
  File "/usr/local/lib/python3.12/site-packages/discord/client.py", line 465, in _run_event
    await coro(*args, **kwargs)
  File "/app/asu_discord/cogs/analytics.py", line 652, in on_member_update
    before_timeout = before.timed_out_until
                     ^^^^^^^^^^^^^^^^^^^^^^
AttributeError: 'Member' object has no attribute 'timed_out_until'
Ignoring exception in on_member_update
Traceback (most recent call last):
  File "/usr/local/lib/python3.12/site-packages/discord/client.py", line 465, in _run_event
    await coro(*args, **kwargs)
  File "/app/asu_discord/cogs/analytics.py", line 652, in on_member_update
    before_timeout = before.timed_out_until
                     ^^^^^^^^^^^^^^^^^^^^^^
AttributeError: 'Member' object has no attribute 'timed_out_until'
Ignoring exception in on_member_update
Traceback (most recent call last):
  File "/usr/local/lib/python3.12/site-packages/discord/client.py", line 465, in _run_event
    await coro(*args, **kwargs)
  File "/app/asu_discord/cogs/analytics.py", line 652, in on_member_update
    before_timeout = before.timed_out_until
                     ^^^^^^^^^^^^^^^^^^^^^^
AttributeError: 'Member' object has no attribute 'timed_out_until'
Ignoring exception in on_member_update
Traceback (most recent call last):
  File "/usr/local/lib/python3.12/site-packages/discord/client.py", line 465, in _run_event
    await coro(*args, **kwargs)
  File "/app/asu_discord/cogs/analytics.py", line 652, in on_member_update
    before_timeout = before.timed_out_until
                     ^^^^^^^^^^^^^^^^^^^^^^
AttributeError: 'Member' object has no attribute 'timed_out_until'
INFO:asu_discord.cogs.verification:Saved 4 roles to database for user tmsherri (Discord ID: 588957019130560512)
INFO:asu_discord.cogs.verification:Refreshed Salesforce roles for Discord user 588957019130560512: -4/+4 roles, assigned=[Ira A. Fulton Schools of Engineering, Online, Out of State, Transfer Student]
Ignoring exception in on_member_update
Traceback (most recent call last):
  File "/usr/local/lib/python3.12/site-packages/discord/client.py", line 465, in _run_event
    await coro(*args, **kwargs)
  File "/app/asu_discord/cogs/analytics.py", line 652, in on_member_update
    before_timeout = before.timed_out_until
                     ^^^^^^^^^^^^^^^^^^^^^^
AttributeError: 'Member' object has no attribute 'timed_out_until'
Ignoring exception in on_member_update
Traceback (most recent call last):
  File "/usr/local/lib/python3.12/site-packages/discord/client.py", line 465, in _run_event
    await coro(*args, **kwargs)
  File "/app/asu_discord/cogs/analytics.py", line 652, in on_member_update
    before_timeout = before.timed_out_until
                     ^^^^^^^^^^^^^^^^^^^^^^
AttributeError: 'Member' object has no attribute 'timed_out_until'
Ignoring exception in on_member_update
Traceback (most recent call last):
  File "/usr/local/lib/python3.12/site-packages/discord/client.py", line 465, in _run_event
    await coro(*args, **kwargs)
  File "/app/asu_discord/cogs/analytics.py", line 652, in on_member_update
    before_timeout = before.timed_out_until
                     ^^^^^^^^^^^^^^^^^^^^^^
AttributeError: 'Member' object has no attribute 'timed_out_until'
Ignoring exception in on_member_update
Traceback (most recent call last):
  File "/usr/local/lib/python3.12/site-packages/discord/client.py", line 465, in _run_event
    await coro(*args, **kwargs)
  File "/app/asu_discord/cogs/analytics.py", line 652, in on_member_update
    before_timeout = before.timed_out_until
                     ^^^^^^^^^^^^^^^^^^^^^^
AttributeError: 'Member' object has no attribute 'timed_out_until'
Ignoring exception in on_member_update
Traceback (most recent call last):
  File "/usr/local/lib/python3.12/site-packages/discord/client.py", line 465, in _run_event
    await coro(*args, **kwargs)
  File "/app/asu_discord/cogs/analytics.py", line 652, in on_member_update
    before_timeout = before.timed_out_until
                     ^^^^^^^^^^^^^^^^^^^^^^
AttributeError: 'Member' object has no attribute 'timed_out_until'
Ignoring exception in on_member_update
Traceback (most recent call last):
  File "/usr/local/lib/python3.12/site-packages/discord/client.py", line 465, in _run_event
    await coro(*args, **kwargs)
  File "/app/asu_discord/cogs/analytics.py", line 652, in on_member_update
    before_timeout = before.timed_out_until
                     ^^^^^^^^^^^^^^^^^^^^^^
AttributeError: 'Member' object has no attribute 'timed_out_until'
Ignoring exception in on_member_update
Traceback (most recent call last):
  File "/usr/local/lib/python3.12/site-packages/discord/client.py", line 465, in _run_event
    await coro(*args, **kwargs)
  File "/app/asu_discord/cogs/analytics.py", line 652, in on_member_update
    before_timeout = before.timed_out_until
                     ^^^^^^^^^^^^^^^^^^^^^^
AttributeError: 'Member' object has no attribute 'timed_out_until'
INFO:asu_discord.cogs.verification:Saved 1 roles to database for user ajdelao1 (Discord ID: 670798690465611858)
INFO:asu_discord.cogs.verification:Refreshed Salesforce roles for Discord user 670798690465611858: -6/+1 roles, assigned=[Arizona Resident]
Ignoring exception in on_member_update
Traceback (most recent call last):
  File "/usr/local/lib/python3.12/site-packages/discord/client.py", line 465, in _run_event
    await coro(*args, **kwargs)
  File "/app/asu_discord/cogs/analytics.py", line 652, in on_member_update
    before_timeout = before.timed_out_until
                     ^^^^^^^^^^^^^^^^^^^^^^
AttributeError: 'Member' object has no attribute 'timed_out_until'
Ignoring exception in on_member_update
Traceback (most recent call last):
  File "/usr/local/lib/python3.12/site-packages/discord/client.py", line 465, in _run_event
    await coro(*args, **kwargs)
  File "/app/asu_discord/cogs/analytics.py", line 652, in on_member_update
    before_timeout = before.timed_out_until
                     ^^^^^^^^^^^^^^^^^^^^^^
AttributeError: 'Member' object has no attribute 'timed_out_until'
Ignoring exception in on_member_update
Traceback (most recent call last):
  File "/usr/local/lib/python3.12/site-packages/discord/client.py", line 465, in _run_event
    await coro(*args, **kwargs)
  File "/app/asu_discord/cogs/analytics.py", line 652, in on_member_update
    before_timeout = before.timed_out_until
                     ^^^^^^^^^^^^^^^^^^^^^^
AttributeError: 'Member' object has no attribute 'timed_out_until'
Ignoring exception in on_member_update
Traceback (most recent call last):
  File "/usr/local/lib/python3.12/site-packages/discord/client.py", line 465, in _run_event
    await coro(*args, **kwargs)
  File "/app/asu_discord/cogs/analytics.py", line 652, in on_member_update
    before_timeout = before.timed_out_until
                     ^^^^^^^^^^^^^^^^^^^^^^
AttributeError: 'Member' object has no attribute 'timed_out_until'
Ignoring exception in on_member_update
Traceback (most recent call last):
  File "/usr/local/lib/python3.12/site-packages/discord/client.py", line 465, in _run_event
    await coro(*args, **kwargs)
  File "/app/asu_discord/cogs/analytics.py", line 652, in on_member_update
    before_timeout = before.timed_out_until
                     ^^^^^^^^^^^^^^^^^^^^^^
AttributeError: 'Member' object has no attribute 'timed_out_until'
Ignoring exception in on_member_update
Traceback (most recent call last):
  File "/usr/local/lib/python3.12/site-packages/discord/client.py", line 465, in _run_event
    await coro(*args, **kwargs)
  File "/app/asu_discord/cogs/analytics.py", line 652, in on_member_update
    before_timeout = before.timed_out_until
                     ^^^^^^^^^^^^^^^^^^^^^^
AttributeError: 'Member' object has no attribute 'timed_out_until'
Ignoring exception in on_member_update
Traceback (most recent call last):
  File "/usr/local/lib/python3.12/site-packages/discord/client.py", line 465, in _run_event
    await coro(*args, **kwargs)
  File "/app/asu_discord/cogs/analytics.py", line 652, in on_member_update
    before_timeout = before.timed_out_until
                     ^^^^^^^^^^^^^^^^^^^^^^
AttributeError: 'Member' object has no attribute 'timed_out_until'
Ignoring exception in on_member_update
Traceback (most recent call last):
  File "/usr/local/lib/python3.12/site-packages/discord/client.py", line 465, in _run_event
    await coro(*args, **kwargs)
  File "/app/asu_discord/cogs/analytics.py", line 652, in on_member_update
    before_timeout = before.timed_out_until
                     ^^^^^^^^^^^^^^^^^^^^^^
AttributeError: 'Member' object has no attribute 'timed_out_until'
Ignoring exception in on_member_update
Traceback (most recent call last):
  File "/usr/local/lib/python3.12/site-packages/discord/client.py", line 465, in _run_event
    await coro(*args, **kwargs)
  File "/app/asu_discord/cogs/analytics.py", line 652, in on_member_update
    before_timeout = before.timed_out_until
                     ^^^^^^^^^^^^^^^^^^^^^^
AttributeError: 'Member' object has no attribute 'timed_out_until'
Ignoring exception in on_member_update
Traceback (most recent call last):
  File "/usr/local/lib/python3.12/site-packages/discord/client.py", line 465, in _run_event
    await coro(*args, **kwargs)
  File "/app/asu_discord/cogs/analytics.py", line 652, in on_member_update
    before_timeout = before.timed_out_until
                     ^^^^^^^^^^^^^^^^^^^^^^
AttributeError: 'Member' object has no attribute 'timed_out_until'
INFO:asu_discord.cogs.verification:Saved 5 roles to database for user dsheinr1 (Discord ID: 733954225737957377)
INFO:asu_discord.cogs.verification:Refreshed Salesforce roles for Discord user 733954225737957377: -5/+5 roles, assigned=[Arizona Resident, First Generation Student, First Year, Herberger Institute for Design and the Arts, Tempe]
Ignoring exception in on_member_update
Traceback (most recent call last):
  File "/usr/local/lib/python3.12/site-packages/discord/client.py", line 465, in _run_event
    await coro(*args, **kwargs)
  File "/app/asu_discord/cogs/analytics.py", line 652, in on_member_update
    before_timeout = before.timed_out_until
                     ^^^^^^^^^^^^^^^^^^^^^^
AttributeError: 'Member' object has no attribute 'timed_out_until'
Ignoring exception in on_member_update
Traceback (most recent call last):
  File "/usr/local/lib/python3.12/site-packages/discord/client.py", line 465, in _run_event
    await coro(*args, **kwargs)
  File "/app/asu_discord/cogs/analytics.py", line 652, in on_member_update
    before_timeout = before.timed_out_until
                     ^^^^^^^^^^^^^^^^^^^^^^
AttributeError: 'Member' object has no attribute 'timed_out_until'
Ignoring exception in on_member_update
Traceback (most recent call last):
  File "/usr/local/lib/python3.12/site-packages/discord/client.py", line 465, in _run_event
    await coro(*args, **kwargs)
  File "/app/asu_discord/cogs/analytics.py", line 652, in on_member_update
    before_timeout = before.timed_out_until
                     ^^^^^^^^^^^^^^^^^^^^^^
AttributeError: 'Member' object has no attribute 'timed_out_until'
Ignoring exception in on_member_update
Traceback (most recent call last):
  File "/usr/local/lib/python3.12/site-packages/discord/client.py", line 465, in _run_event
    await coro(*args, **kwargs)
  File "/app/asu_discord/cogs/analytics.py", line 652, in on_member_update
    before_timeout = before.timed_out_until
                     ^^^^^^^^^^^^^^^^^^^^^^
AttributeError: 'Member' object has no attribute 'timed_out_until'
Ignoring exception in on_member_update
Traceback (most recent call last):
  File "/usr/local/lib/python3.12/site-packages/discord/client.py", line 465, in _run_event
    await coro(*args, **kwargs)
  File "/app/asu_discord/cogs/analytics.py", line 652, in on_member_update
    before_timeout = before.timed_out_until
                     ^^^^^^^^^^^^^^^^^^^^^^
AttributeError: 'Member' object has no attribute 'timed_out_until'
Ignoring exception in on_member_update
Traceback (most recent call last):
  File "/usr/local/lib/python3.12/site-packages/discord/client.py", line 465, in _run_event
    await coro(*args, **kwargs)
  File "/app/asu_discord/cogs/analytics.py", line 652, in on_member_update
    before_timeout = before.timed_out_until
                     ^^^^^^^^^^^^^^^^^^^^^^
AttributeError: 'Member' object has no attribute 'timed_out_until'
Ignoring exception in on_member_update
Traceback (most recent call last):
  File "/usr/local/lib/python3.12/site-packages/discord/client.py", line 465, in _run_event
    await coro(*args, **kwargs)
  File "/app/asu_discord/cogs/analytics.py", line 652, in on_member_update
    before_timeout = before.timed_out_until
                     ^^^^^^^^^^^^^^^^^^^^^^
AttributeError: 'Member' object has no attribute 'timed_out_until'
Ignoring exception in on_member_update
Traceback (most recent call last):
  File "/usr/local/lib/python3.12/site-packages/discord/client.py", line 465, in _run_event
    await coro(*args, **kwargs)
  File "/app/asu_discord/cogs/analytics.py", line 652, in on_member_update
    before_timeout = before.timed_out_until
                     ^^^^^^^^^^^^^^^^^^^^^^
AttributeError: 'Member' object has no attribute 'timed_out_until'
Ignoring exception in on_member_update
Traceback (most recent call last):
  File "/usr/local/lib/python3.12/site-packages/discord/client.py", line 465, in _run_event
    await coro(*args, **kwargs)
  File "/app/asu_discord/cogs/analytics.py", line 652, in on_member_update
    before_timeout = before.timed_out_until
                     ^^^^^^^^^^^^^^^^^^^^^^
AttributeError: 'Member' object has no attribute 'timed_out_until'
Ignoring exception in on_member_update
Traceback (most recent call last):
  File "/usr/local/lib/python3.12/site-packages/discord/client.py", line 465, in _run_event
    await coro(*args, **kwargs)
  File "/app/asu_discord/cogs/analytics.py", line 652, in on_member_update
    before_timeout = before.timed_out_until
                     ^^^^^^^^^^^^^^^^^^^^^^
AttributeError: 'Member' object has no attribute 'timed_out_until'
INFO:asu_discord.cogs.verification:Saved 5 roles to database for user qmoring (Discord ID: 596993735170981900)
INFO:asu_discord.cogs.verification:Refreshed Salesforce roles for Discord user 596993735170981900: -5/+5 roles, assigned=[Arizona Resident, Commited, First Year, Tempe, W.P. Carey School of Business]
Ignoring exception in on_member_update
Traceback (most recent call last):
  File "/usr/local/lib/python3.12/site-packages/discord/client.py", line 465, in _run_event
    await coro(*args, **kwargs)
  File "/app/asu_discord/cogs/analytics.py", line 652, in on_member_update
    before_timeout = before.timed_out_until
                     ^^^^^^^^^^^^^^^^^^^^^^
AttributeError: 'Member' object has no attribute 'timed_out_until'
Ignoring exception in on_member_update
Traceback (most recent call last):
  File "/usr/local/lib/python3.12/site-packages/discord/client.py", line 465, in _run_event
    await coro(*args, **kwargs)
  File "/app/asu_discord/cogs/analytics.py", line 652, in on_member_update
    before_timeout = before.timed_out_until
                     ^^^^^^^^^^^^^^^^^^^^^^
AttributeError: 'Member' object has no attribute 'timed_out_until'
Ignoring exception in on_member_update
Traceback (most recent call last):
  File "/usr/local/lib/python3.12/site-packages/discord/client.py", line 465, in _run_event
    await coro(*args, **kwargs)
  File "/app/asu_discord/cogs/analytics.py", line 652, in on_member_update
    before_timeout = before.timed_out_until
                     ^^^^^^^^^^^^^^^^^^^^^^
AttributeError: 'Member' object has no attribute 'timed_out_until'
Ignoring exception in on_member_update
Traceback (most recent call last):
  File "/usr/local/lib/python3.12/site-packages/discord/client.py", line 465, in _run_event
    await coro(*args, **kwargs)
  File "/app/asu_discord/cogs/analytics.py", line 652, in on_member_update
    before_timeout = before.timed_out_until
                     ^^^^^^^^^^^^^^^^^^^^^^
AttributeError: 'Member' object has no attribute 'timed_out_until'
Ignoring exception in on_member_update
Traceback (most recent call last):
  File "/usr/local/lib/python3.12/site-packages/discord/client.py", line 465, in _run_event
    await coro(*args, **kwargs)
  File "/app/asu_discord/cogs/analytics.py", line 652, in on_member_update
    before_timeout = before.timed_out_until
                     ^^^^^^^^^^^^^^^^^^^^^^
AttributeError: 'Member' object has no attribute 'timed_out_until'
Ignoring exception in on_member_update
Traceback (most recent call last):
  File "/usr/local/lib/python3.12/site-packages/discord/client.py", line 465, in _run_event
    await coro(*args, **kwargs)
  File "/app/asu_discord/cogs/analytics.py", line 652, in on_member_update
    before_timeout = before.timed_out_until
                     ^^^^^^^^^^^^^^^^^^^^^^
AttributeError: 'Member' object has no attribute 'timed_out_until'
Ignoring exception in on_member_update
Traceback (most recent call last):
  File "/usr/local/lib/python3.12/site-packages/discord/client.py", line 465, in _run_event
    await coro(*args, **kwargs)
  File "/app/asu_discord/cogs/analytics.py", line 652, in on_member_update
    before_timeout = before.timed_out_until
                     ^^^^^^^^^^^^^^^^^^^^^^
AttributeError: 'Member' object has no attribute 'timed_out_until'
Ignoring exception in on_member_update
Traceback (most recent call last):
  File "/usr/local/lib/python3.12/site-packages/discord/client.py", line 465, in _run_event
    await coro(*args, **kwargs)
  File "/app/asu_discord/cogs/analytics.py", line 652, in on_member_update
    before_timeout = before.timed_out_until
                     ^^^^^^^^^^^^^^^^^^^^^^
AttributeError: 'Member' object has no attribute 'timed_out_until'
Ignoring exception in on_member_update
Traceback (most recent call last):
  File "/usr/local/lib/python3.12/site-packages/discord/client.py", line 465, in _run_event
    await coro(*args, **kwargs)
  File "/app/asu_discord/cogs/analytics.py", line 652, in on_member_update
    before_timeout = before.timed_out_until
                     ^^^^^^^^^^^^^^^^^^^^^^
AttributeError: 'Member' object has no attribute 'timed_out_until'
INFO:asu_discord.cogs.verification:Saved 5 roles to database for user skhetan5 (Discord ID: 623735600133963796)
INFO:asu_discord.cogs.verification:Refreshed Salesforce roles for Discord user 623735600133963796: -5/+4 roles, assigned=[Arizona Resident, Commited, First Year, Ira A. Fulton Schools of Engineering, Tempe]
Ignoring exception in on_member_update
Traceback (most recent call last):
  File "/usr/local/lib/python3.12/site-packages/discord/client.py", line 465, in _run_event
    await coro(*args, **kwargs)
  File "/app/asu_discord/cogs/analytics.py", line 652, in on_member_update
    before_timeout = before.timed_out_until
                     ^^^^^^^^^^^^^^^^^^^^^^
AttributeError: 'Member' object has no attribute 'timed_out_until'
Ignoring exception in on_member_update
Traceback (most recent call last):
  File "/usr/local/lib/python3.12/site-packages/discord/client.py", line 465, in _run_event
    await coro(*args, **kwargs)
  File "/app/asu_discord/cogs/analytics.py", line 652, in on_member_update
    before_timeout = before.timed_out_until
                     ^^^^^^^^^^^^^^^^^^^^^^
AttributeError: 'Member' object has no attribute 'timed_out_until'
Ignoring exception in on_member_update
Traceback (most recent call last):
  File "/usr/local/lib/python3.12/site-packages/discord/client.py", line 465, in _run_event
    await coro(*args, **kwargs)
  File "/app/asu_discord/cogs/analytics.py", line 652, in on_member_update
    before_timeout = before.timed_out_until
                     ^^^^^^^^^^^^^^^^^^^^^^
AttributeError: 'Member' object has no attribute 'timed_out_until'
Ignoring exception in on_member_update
Traceback (most recent call last):
  File "/usr/local/lib/python3.12/site-packages/discord/client.py", line 465, in _run_event
    await coro(*args, **kwargs)
  File "/app/asu_discord/cogs/analytics.py", line 652, in on_member_update
    before_timeout = before.timed_out_until
                     ^^^^^^^^^^^^^^^^^^^^^^
AttributeError: 'Member' object has no attribute 'timed_out_until'
Ignoring exception in on_member_update
Traceback (most recent call last):
  File "/usr/local/lib/python3.12/site-packages/discord/client.py", line 465, in _run_event
    await coro(*args, **kwargs)
  File "/app/asu_discord/cogs/analytics.py", line 652, in on_member_update
    before_timeout = before.timed_out_until
                     ^^^^^^^^^^^^^^^^^^^^^^
AttributeError: 'Member' object has no attribute 'timed_out_until'
Ignoring exception in on_member_update
Traceback (most recent call last):
  File "/usr/local/lib/python3.12/site-packages/discord/client.py", line 465, in _run_event
    await coro(*args, **kwargs)
  File "/app/asu_discord/cogs/analytics.py", line 652, in on_member_update
    before_timeout = before.timed_out_until
                     ^^^^^^^^^^^^^^^^^^^^^^
AttributeError: 'Member' object has no attribute 'timed_out_until'
Ignoring exception in on_member_update
Traceback (most recent call last):
  File "/usr/local/lib/python3.12/site-packages/discord/client.py", line 465, in _run_event
    await coro(*args, **kwargs)
  File "/app/asu_discord/cogs/analytics.py", line 652, in on_member_update
    before_timeout = before.timed_out_until
                     ^^^^^^^^^^^^^^^^^^^^^^
AttributeError: 'Member' object has no attribute 'timed_out_until'
Ignoring exception in on_member_update
Traceback (most recent call last):
  File "/usr/local/lib/python3.12/site-packages/discord/client.py", line 465, in _run_event
    await coro(*args, **kwargs)
  File "/app/asu_discord/cogs/analytics.py", line 652, in on_member_update
    before_timeout = before.timed_out_until
                     ^^^^^^^^^^^^^^^^^^^^^^
AttributeError: 'Member' object has no attribute 'timed_out_until'
Ignoring exception in on_member_update
Traceback (most recent call last):
  File "/usr/local/lib/python3.12/site-packages/discord/client.py", line 465, in _run_event
    await coro(*args, **kwargs)
  File "/app/asu_discord/cogs/analytics.py", line 652, in on_member_update
    before_timeout = before.timed_out_until
                     ^^^^^^^^^^^^^^^^^^^^^^
AttributeError: 'Member' object has no attribute 'timed_out_until'
Ignoring exception in on_member_update
Traceback (most recent call last):
  File "/usr/local/lib/python3.12/site-packages/discord/client.py", line 465, in _run_event
    await coro(*args, **kwargs)
  File "/app/asu_discord/cogs/analytics.py", line 652, in on_member_update
    before_timeout = before.timed_out_until
                     ^^^^^^^^^^^^^^^^^^^^^^
AttributeError: 'Member' object has no attribute 'timed_out_until'
INFO:asu_discord.cogs.verification:Saved 5 roles to database for user ationgco (Discord ID: 964004813824196648)
INFO:asu_discord.cogs.verification:Refreshed Salesforce roles for Discord user 964004813824196648: -5/+5 roles, assigned=[College of Liberal Arts and Sciences, Commited, First Year, Out of State, Tempe]
Ignoring exception in on_member_update
Traceback (most recent call last):
  File "/usr/local/lib/python3.12/site-packages/discord/client.py", line 465, in _run_event
    await coro(*args, **kwargs)
  File "/app/asu_discord/cogs/analytics.py", line 652, in on_member_update
    before_timeout = before.timed_out_until
                     ^^^^^^^^^^^^^^^^^^^^^^
AttributeError: 'Member' object has no attribute 'timed_out_until'
Ignoring exception in on_member_update
Traceback (most recent call last):
  File "/usr/local/lib/python3.12/site-packages/discord/client.py", line 465, in _run_event
    await coro(*args, **kwargs)
  File "/app/asu_discord/cogs/analytics.py", line 652, in on_member_update
    before_timeout = before.timed_out_until
                     ^^^^^^^^^^^^^^^^^^^^^^
AttributeError: 'Member' object has no attribute 'timed_out_until'
Ignoring exception in on_member_update
Traceback (most recent call last):
  File "/usr/local/lib/python3.12/site-packages/discord/client.py", line 465, in _run_event
    await coro(*args, **kwargs)
  File "/app/asu_discord/cogs/analytics.py", line 652, in on_member_update
    before_timeout = before.timed_out_until
                     ^^^^^^^^^^^^^^^^^^^^^^
AttributeError: 'Member' object has no attribute 'timed_out_until'
Ignoring exception in on_member_update
Traceback (most recent call last):
  File "/usr/local/lib/python3.12/site-packages/discord/client.py", line 465, in _run_event
    await coro(*args, **kwargs)
  File "/app/asu_discord/cogs/analytics.py", line 652, in on_member_update
    before_timeout = before.timed_out_until
                     ^^^^^^^^^^^^^^^^^^^^^^
AttributeError: 'Member' object has no attribute 'timed_out_until'
Ignoring exception in on_member_update
Traceback (most recent call last):
  File "/usr/local/lib/python3.12/site-packages/discord/client.py", line 465, in _run_event
    await coro(*args, **kwargs)
  File "/app/asu_discord/cogs/analytics.py", line 652, in on_member_update
    before_timeout = before.timed_out_until
                     ^^^^^^^^^^^^^^^^^^^^^^
AttributeError: 'Member' object has no attribute 'timed_out_until'
Ignoring exception in on_member_update
Traceback (most recent call last):
  File "/usr/local/lib/python3.12/site-packages/discord/client.py", line 465, in _run_event
    await coro(*args, **kwargs)
  File "/app/asu_discord/cogs/analytics.py", line 652, in on_member_update
    before_timeout = before.timed_out_until
                     ^^^^^^^^^^^^^^^^^^^^^^
AttributeError: 'Member' object has no attribute 'timed_out_until'
Ignoring exception in on_member_update
Traceback (most recent call last):
  File "/usr/local/lib/python3.12/site-packages/discord/client.py", line 465, in _run_event
    await coro(*args, **kwargs)
  File "/app/asu_discord/cogs/analytics.py", line 652, in on_member_update
    before_timeout = before.timed_out_until
                     ^^^^^^^^^^^^^^^^^^^^^^
AttributeError: 'Member' object has no attribute 'timed_out_until'
Ignoring exception in on_member_update
Traceback (most recent call last):
  File "/usr/local/lib/python3.12/site-packages/discord/client.py", line 465, in _run_event
    await coro(*args, **kwargs)
  File "/app/asu_discord/cogs/analytics.py", line 652, in on_member_update
    before_timeout = before.timed_out_until
                     ^^^^^^^^^^^^^^^^^^^^^^
AttributeError: 'Member' object has no attribute 'timed_out_until'
Ignoring exception in on_member_update
Traceback (most recent call last):
  File "/usr/local/lib/python3.12/site-packages/discord/client.py", line 465, in _run_event
    await coro(*args, **kwargs)
  File "/app/asu_discord/cogs/analytics.py", line 652, in on_member_update
    before_timeout = before.timed_out_until
                     ^^^^^^^^^^^^^^^^^^^^^^
AttributeError: 'Member' object has no attribute 'timed_out_until'
Ignoring exception in on_member_update
Traceback (most recent call last):
  File "/usr/local/lib/python3.12/site-packages/discord/client.py", line 465, in _run_event
    await coro(*args, **kwargs)
  File "/app/asu_discord/cogs/analytics.py", line 652, in on_member_update
    before_timeout = before.timed_out_until
                     ^^^^^^^^^^^^^^^^^^^^^^
AttributeError: 'Member' object has no attribute 'timed_out_until'
INFO:asu_discord.cogs.verification:Saved 5 roles to database for user zmadriag (Discord ID: 939525965921542204)
INFO:asu_discord.cogs.verification:Refreshed Salesforce roles for Discord user 939525965921542204: -5/+5 roles, assigned=[Arizona Resident, Commited, Ira A. Fulton Schools of Engineering, Tempe, Transfer Student]
Ignoring exception in on_member_update
Traceback (most recent call last):
  File "/usr/local/lib/python3.12/site-packages/discord/client.py", line 465, in _run_event
    await coro(*args, **kwargs)
  File "/app/asu_discord/cogs/analytics.py", line 652, in on_member_update
    before_timeout = before.timed_out_until
                     ^^^^^^^^^^^^^^^^^^^^^^
AttributeError: 'Member' object has no attribute 'timed_out_until'
Ignoring exception in on_member_update
Traceback (most recent call last):
  File "/usr/local/lib/python3.12/site-packages/discord/client.py", line 465, in _run_event
    await coro(*args, **kwargs)
  File "/app/asu_discord/cogs/analytics.py", line 652, in on_member_update
    before_timeout = before.timed_out_until
                     ^^^^^^^^^^^^^^^^^^^^^^
AttributeError: 'Member' object has no attribute 'timed_out_until'
Ignoring exception in on_member_update
Traceback (most recent call last):
  File "/usr/local/lib/python3.12/site-packages/discord/client.py", line 465, in _run_event
    await coro(*args, **kwargs)
  File "/app/asu_discord/cogs/analytics.py", line 652, in on_member_update
    before_timeout = before.timed_out_until
                     ^^^^^^^^^^^^^^^^^^^^^^
AttributeError: 'Member' object has no attribute 'timed_out_until'
Ignoring exception in on_member_update
Traceback (most recent call last):
  File "/usr/local/lib/python3.12/site-packages/discord/client.py", line 465, in _run_event
    await coro(*args, **kwargs)
  File "/app/asu_discord/cogs/analytics.py", line 652, in on_member_update
    before_timeout = before.timed_out_until
                     ^^^^^^^^^^^^^^^^^^^^^^
AttributeError: 'Member' object has no attribute 'timed_out_until'
Ignoring exception in on_member_update
Traceback (most recent call last):
  File "/usr/local/lib/python3.12/site-packages/discord/client.py", line 465, in _run_event
    await coro(*args, **kwargs)
  File "/app/asu_discord/cogs/analytics.py", line 652, in on_member_update
    before_timeout = before.timed_out_until
                     ^^^^^^^^^^^^^^^^^^^^^^
AttributeError: 'Member' object has no attribute 'timed_out_until'
Ignoring exception in on_member_update
Traceback (most recent call last):
  File "/usr/local/lib/python3.12/site-packages/discord/client.py", line 465, in _run_event
    await coro(*args, **kwargs)
  File "/app/asu_discord/cogs/analytics.py", line 652, in on_member_update
    before_timeout = before.timed_out_until
                     ^^^^^^^^^^^^^^^^^^^^^^
AttributeError: 'Member' object has no attribute 'timed_out_until'
Ignoring exception in on_member_update
Traceback (most recent call last):
  File "/usr/local/lib/python3.12/site-packages/discord/client.py", line 465, in _run_event
    await coro(*args, **kwargs)
  File "/app/asu_discord/cogs/analytics.py", line 652, in on_member_update
    before_timeout = before.timed_out_until
                     ^^^^^^^^^^^^^^^^^^^^^^
AttributeError: 'Member' object has no attribute 'timed_out_until'
Ignoring exception in on_member_update
Traceback (most recent call last):
  File "/usr/local/lib/python3.12/site-packages/discord/client.py", line 465, in _run_event
    await coro(*args, **kwargs)
  File "/app/asu_discord/cogs/analytics.py", line 652, in on_member_update
    before_timeout = before.timed_out_until
                     ^^^^^^^^^^^^^^^^^^^^^^
AttributeError: 'Member' object has no attribute 'timed_out_until'
INFO:asu_discord.cogs.verification:Saved 4 roles to database for user cbowes13 (Discord ID: 1508290037903655002)
INFO:asu_discord.cogs.verification:Refreshed Salesforce roles for Discord user 1508290037903655002: -4/+4 roles, assigned=[Graduate Student, International Student, Tempe, W.P. Carey School of Business]
Ignoring exception in on_member_update
Traceback (most recent call last):
  File "/usr/local/lib/python3.12/site-packages/discord/client.py", line 465, in _run_event
    await coro(*args, **kwargs)
  File "/app/asu_discord/cogs/analytics.py", line 652, in on_member_update
    before_timeout = before.timed_out_until
                     ^^^^^^^^^^^^^^^^^^^^^^
AttributeError: 'Member' object has no attribute 'timed_out_until'
Ignoring exception in on_member_update
Traceback (most recent call last):
  File "/usr/local/lib/python3.12/site-packages/discord/client.py", line 465, in _run_event
    await coro(*args, **kwargs)
  File "/app/asu_discord/cogs/analytics.py", line 652, in on_member_update
    before_timeout = before.timed_out_until
                     ^^^^^^^^^^^^^^^^^^^^^^
AttributeError: 'Member' object has no attribute 'timed_out_until'
Ignoring exception in on_member_update
Traceback (most recent call last):
  File "/usr/local/lib/python3.12/site-packages/discord/client.py", line 465, in _run_event
    await coro(*args, **kwargs)
  File "/app/asu_discord/cogs/analytics.py", line 652, in on_member_update
    before_timeout = before.timed_out_until
                     ^^^^^^^^^^^^^^^^^^^^^^
AttributeError: 'Member' object has no attribute 'timed_out_until'
Ignoring exception in on_member_update
Traceback (most recent call last):
  File "/usr/local/lib/python3.12/site-packages/discord/client.py", line 465, in _run_event
    await coro(*args, **kwargs)
  File "/app/asu_discord/cogs/analytics.py", line 652, in on_member_update
    before_timeout = before.timed_out_until
                     ^^^^^^^^^^^^^^^^^^^^^^
AttributeError: 'Member' object has no attribute 'timed_out_until'
Ignoring exception in on_member_update
Traceback (most recent call last):
  File "/usr/local/lib/python3.12/site-packages/discord/client.py", line 465, in _run_event
    await coro(*args, **kwargs)
  File "/app/asu_discord/cogs/analytics.py", line 652, in on_member_update
    before_timeout = before.timed_out_until
                     ^^^^^^^^^^^^^^^^^^^^^^
AttributeError: 'Member' object has no attribute 'timed_out_until'
Ignoring exception in on_member_update
Traceback (most recent call last):
  File "/usr/local/lib/python3.12/site-packages/discord/client.py", line 465, in _run_event
    await coro(*args, **kwargs)
  File "/app/asu_discord/cogs/analytics.py", line 652, in on_member_update
    before_timeout = before.timed_out_until
                     ^^^^^^^^^^^^^^^^^^^^^^
AttributeError: 'Member' object has no attribute 'timed_out_until'
Ignoring exception in on_member_update
Traceback (most recent call last):
  File "/usr/local/lib/python3.12/site-packages/discord/client.py", line 465, in _run_event
    await coro(*args, **kwargs)
  File "/app/asu_discord/cogs/analytics.py", line 652, in on_member_update
    before_timeout = before.timed_out_until
                     ^^^^^^^^^^^^^^^^^^^^^^
AttributeError: 'Member' object has no attribute 'timed_out_until'
Ignoring exception in on_member_update
Traceback (most recent call last):
  File "/usr/local/lib/python3.12/site-packages/discord/client.py", line 465, in _run_event
    await coro(*args, **kwargs)
  File "/app/asu_discord/cogs/analytics.py", line 652, in on_member_update
    before_timeout = before.timed_out_until
                     ^^^^^^^^^^^^^^^^^^^^^^
AttributeError: 'Member' object has no attribute 'timed_out_until'
Ignoring exception in on_member_update
Traceback (most recent call last):
  File "/usr/local/lib/python3.12/site-packages/discord/client.py", line 465, in _run_event
    await coro(*args, **kwargs)
  File "/app/asu_discord/cogs/analytics.py", line 652, in on_member_update
    before_timeout = before.timed_out_until
                     ^^^^^^^^^^^^^^^^^^^^^^
AttributeError: 'Member' object has no attribute 'timed_out_until'
Ignoring exception in on_member_update
Traceback (most recent call last):
  File "/usr/local/lib/python3.12/site-packages/discord/client.py", line 465, in _run_event
    await coro(*args, **kwargs)
  File "/app/asu_discord/cogs/analytics.py", line 652, in on_member_update
    before_timeout = before.timed_out_until
                     ^^^^^^^^^^^^^^^^^^^^^^
AttributeError: 'Member' object has no attribute 'timed_out_until'
INFO:asu_discord.cogs.verification:Saved 5 roles to database for user clgambin (Discord ID: 707389465001459722)
INFO:asu_discord.cogs.verification:Refreshed Salesforce roles for Discord user 707389465001459722: -5/+5 roles, assigned=[College of Liberal Arts and Sciences, Commited, Out of State, Tempe, Transfer Student]
Ignoring exception in on_member_update
Traceback (most recent call last):
  File "/usr/local/lib/python3.12/site-packages/discord/client.py", line 465, in _run_event
    await coro(*args, **kwargs)
  File "/app/asu_discord/cogs/analytics.py", line 652, in on_member_update
    before_timeout = before.timed_out_until
                     ^^^^^^^^^^^^^^^^^^^^^^
AttributeError: 'Member' object has no attribute 'timed_out_until'
Ignoring exception in on_member_update
Traceback (most recent call last):
  File "/usr/local/lib/python3.12/site-packages/discord/client.py", line 465, in _run_event
    await coro(*args, **kwargs)
  File "/app/asu_discord/cogs/analytics.py", line 652, in on_member_update
    before_timeout = before.timed_out_until
                     ^^^^^^^^^^^^^^^^^^^^^^
AttributeError: 'Member' object has no attribute 'timed_out_until'
Ignoring exception in on_member_update
Traceback (most recent call last):
  File "/usr/local/lib/python3.12/site-packages/discord/client.py", line 465, in _run_event
    await coro(*args, **kwargs)
  File "/app/asu_discord/cogs/analytics.py", line 652, in on_member_update
    before_timeout = before.timed_out_until
                     ^^^^^^^^^^^^^^^^^^^^^^
AttributeError: 'Member' object has no attribute 'timed_out_until'
Ignoring exception in on_member_update
Traceback (most recent call last):
  File "/usr/local/lib/python3.12/site-packages/discord/client.py", line 465, in _run_event
    await coro(*args, **kwargs)
  File "/app/asu_discord/cogs/analytics.py", line 652, in on_member_update
    before_timeout = before.timed_out_until
                     ^^^^^^^^^^^^^^^^^^^^^^
AttributeError: 'Member' object has no attribute 'timed_out_until'
Ignoring exception in on_member_update
Traceback (most recent call last):
  File "/usr/local/lib/python3.12/site-packages/discord/client.py", line 465, in _run_event
    await coro(*args, **kwargs)
  File "/app/asu_discord/cogs/analytics.py", line 652, in on_member_update
    before_timeout = before.timed_out_until
                     ^^^^^^^^^^^^^^^^^^^^^^
AttributeError: 'Member' object has no attribute 'timed_out_until'
Ignoring exception in on_member_update
Traceback (most recent call last):
  File "/usr/local/lib/python3.12/site-packages/discord/client.py", line 465, in _run_event
    await coro(*args, **kwargs)
  File "/app/asu_discord/cogs/analytics.py", line 652, in on_member_update
    before_timeout = before.timed_out_until
                     ^^^^^^^^^^^^^^^^^^^^^^
AttributeError: 'Member' object has no attribute 'timed_out_until'
Ignoring exception in on_member_update
Traceback (most recent call last):
  File "/usr/local/lib/python3.12/site-packages/discord/client.py", line 465, in _run_event
    await coro(*args, **kwargs)
  File "/app/asu_discord/cogs/analytics.py", line 652, in on_member_update
    before_timeout = before.timed_out_until
                     ^^^^^^^^^^^^^^^^^^^^^^
AttributeError: 'Member' object has no attribute 'timed_out_until'
Ignoring exception in on_member_update
Traceback (most recent call last):
  File "/usr/local/lib/python3.12/site-packages/discord/client.py", line 465, in _run_event
    await coro(*args, **kwargs)
  File "/app/asu_discord/cogs/analytics.py", line 652, in on_member_update
    before_timeout = before.timed_out_until
                     ^^^^^^^^^^^^^^^^^^^^^^
AttributeError: 'Member' object has no attribute 'timed_out_until'
Ignoring exception in on_member_update
Traceback (most recent call last):
  File "/usr/local/lib/python3.12/site-packages/discord/client.py", line 465, in _run_event
    await coro(*args, **kwargs)
  File "/app/asu_discord/cogs/analytics.py", line 652, in on_member_update
    before_timeout = before.timed_out_until
                     ^^^^^^^^^^^^^^^^^^^^^^
AttributeError: 'Member' object has no attribute 'timed_out_until'
INFO:asu_discord.cogs.verification:Saved 5 roles to database for user jmchri32 (Discord ID: 1493549440487788706)
INFO:asu_discord.cogs.verification:Refreshed Salesforce roles for Discord user 1493549440487788706: -4/+5 roles, assigned=[Commited, Downtown Phoenix, Graduate Student, International Student, Thunderbird School of Global Management]
Ignoring exception in on_member_update
Traceback (most recent call last):
  File "/usr/local/lib/python3.12/site-packages/discord/client.py", line 465, in _run_event
    await coro(*args, **kwargs)
  File "/app/asu_discord/cogs/analytics.py", line 652, in on_member_update
    before_timeout = before.timed_out_until
                     ^^^^^^^^^^^^^^^^^^^^^^
AttributeError: 'Member' object has no attribute 'timed_out_until'
Ignoring exception in on_member_update
Traceback (most recent call last):
  File "/usr/local/lib/python3.12/site-packages/discord/client.py", line 465, in _run_event
    await coro(*args, **kwargs)
  File "/app/asu_discord/cogs/analytics.py", line 652, in on_member_update
    before_timeout = before.timed_out_until
                     ^^^^^^^^^^^^^^^^^^^^^^
AttributeError: 'Member' object has no attribute 'timed_out_until'
Ignoring exception in on_member_update
Traceback (most recent call last):
  File "/usr/local/lib/python3.12/site-packages/discord/client.py", line 465, in _run_event
    await coro(*args, **kwargs)
  File "/app/asu_discord/cogs/analytics.py", line 652, in on_member_update
    before_timeout = before.timed_out_until
                     ^^^^^^^^^^^^^^^^^^^^^^
AttributeError: 'Member' object has no attribute 'timed_out_until'
Ignoring exception in on_member_update
Traceback (most recent call last):
  File "/usr/local/lib/python3.12/site-packages/discord/client.py", line 465, in _run_event
    await coro(*args, **kwargs)
  File "/app/asu_discord/cogs/analytics.py", line 652, in on_member_update
    before_timeout = before.timed_out_until
                     ^^^^^^^^^^^^^^^^^^^^^^
AttributeError: 'Member' object has no attribute 'timed_out_until'
Ignoring exception in on_member_update
Traceback (most recent call last):
  File "/usr/local/lib/python3.12/site-packages/discord/client.py", line 465, in _run_event
    await coro(*args, **kwargs)
  File "/app/asu_discord/cogs/analytics.py", line 652, in on_member_update
    before_timeout = before.timed_out_until
                     ^^^^^^^^^^^^^^^^^^^^^^
AttributeError: 'Member' object has no attribute 'timed_out_until'
Ignoring exception in on_member_update
Traceback (most recent call last):
  File "/usr/local/lib/python3.12/site-packages/discord/client.py", line 465, in _run_event
    await coro(*args, **kwargs)
  File "/app/asu_discord/cogs/analytics.py", line 652, in on_member_update
    before_timeout = before.timed_out_until
                     ^^^^^^^^^^^^^^^^^^^^^^
AttributeError: 'Member' object has no attribute 'timed_out_until'
Ignoring exception in on_member_update
Traceback (most recent call last):
  File "/usr/local/lib/python3.12/site-packages/discord/client.py", line 465, in _run_event
    await coro(*args, **kwargs)
  File "/app/asu_discord/cogs/analytics.py", line 652, in on_member_update
    before_timeout = before.timed_out_until
                     ^^^^^^^^^^^^^^^^^^^^^^
AttributeError: 'Member' object has no attribute 'timed_out_until'
Ignoring exception in on_member_update
Traceback (most recent call last):
  File "/usr/local/lib/python3.12/site-packages/discord/client.py", line 465, in _run_event
    await coro(*args, **kwargs)
  File "/app/asu_discord/cogs/analytics.py", line 652, in on_member_update
    before_timeout = before.timed_out_until
                     ^^^^^^^^^^^^^^^^^^^^^^
AttributeError: 'Member' object has no attribute 'timed_out_until'
Ignoring exception in on_member_update
Traceback (most recent call last):
  File "/usr/local/lib/python3.12/site-packages/discord/client.py", line 465, in _run_event
    await coro(*args, **kwargs)
  File "/app/asu_discord/cogs/analytics.py", line 652, in on_member_update
    before_timeout = before.timed_out_until
                     ^^^^^^^^^^^^^^^^^^^^^^
AttributeError: 'Member' object has no attribute 'timed_out_until'
Ignoring exception in on_member_update
Traceback (most recent call last):
  File "/usr/local/lib/python3.12/site-packages/discord/client.py", line 465, in _run_event
    await coro(*args, **kwargs)
  File "/app/asu_discord/cogs/analytics.py", line 652, in on_member_update
    before_timeout = before.timed_out_until
                     ^^^^^^^^^^^^^^^^^^^^^^
AttributeError: 'Member' object has no attribute 'timed_out_until'
Ignoring exception in on_member_update
Traceback (most recent call last):
  File "/usr/local/lib/python3.12/site-packages/discord/client.py", line 465, in _run_event
    await coro(*args, **kwargs)
  File "/app/asu_discord/cogs/analytics.py", line 652, in on_member_update
    before_timeout = before.timed_out_until
                     ^^^^^^^^^^^^^^^^^^^^^^
AttributeError: 'Member' object has no attribute 'timed_out_until'
Ignoring exception in on_member_update
Traceback (most recent call last):
  File "/usr/local/lib/python3.12/site-packages/discord/client.py", line 465, in _run_event
    await coro(*args, **kwargs)
  File "/app/asu_discord/cogs/analytics.py", line 652, in on_member_update
    before_timeout = before.timed_out_until
                     ^^^^^^^^^^^^^^^^^^^^^^
AttributeError: 'Member' object has no attribute 'timed_out_until'
INFO:asu_discord.cogs.verification:Saved 6 roles to database for user jgwong12 (Discord ID: 406594034811797514)
INFO:asu_discord.cogs.verification:Refreshed Salesforce roles for Discord user 406594034811797514: -6/+6 roles, assigned=[Arizona Resident, Commited, First Generation Student, Graduate Student, Ira A. Fulton Schools of Engineering, Tempe]
Ignoring exception in on_member_update
Traceback (most recent call last):
  File "/usr/local/lib/python3.12/site-packages/discord/client.py", line 465, in _run_event
    await coro(*args, **kwargs)
  File "/app/asu_discord/cogs/analytics.py", line 652, in on_member_update
    before_timeout = before.timed_out_until
                     ^^^^^^^^^^^^^^^^^^^^^^
AttributeError: 'Member' object has no attribute 'timed_out_until'
Ignoring exception in on_member_update
Traceback (most recent call last):
  File "/usr/local/lib/python3.12/site-packages/discord/client.py", line 465, in _run_event
    await coro(*args, **kwargs)
  File "/app/asu_discord/cogs/analytics.py", line 652, in on_member_update
    before_timeout = before.timed_out_until
                     ^^^^^^^^^^^^^^^^^^^^^^
AttributeError: 'Member' object has no attribute 'timed_out_until'
Ignoring exception in on_member_update
Traceback (most recent call last):
  File "/usr/local/lib/python3.12/site-packages/discord/client.py", line 465, in _run_event
    await coro(*args, **kwargs)
  File "/app/asu_discord/cogs/analytics.py", line 652, in on_member_update
    before_timeout = before.timed_out_until
                     ^^^^^^^^^^^^^^^^^^^^^^
AttributeError: 'Member' object has no attribute 'timed_out_until'
Ignoring exception in on_member_update
Traceback (most recent call last):
  File "/usr/local/lib/python3.12/site-packages/discord/client.py", line 465, in _run_event
    await coro(*args, **kwargs)
  File "/app/asu_discord/cogs/analytics.py", line 652, in on_member_update
    before_timeout = before.timed_out_until
                     ^^^^^^^^^^^^^^^^^^^^^^
AttributeError: 'Member' object has no attribute 'timed_out_until'
Ignoring exception in on_member_update
Traceback (most recent call last):
  File "/usr/local/lib/python3.12/site-packages/discord/client.py", line 465, in _run_event
    await coro(*args, **kwargs)
  File "/app/asu_discord/cogs/analytics.py", line 652, in on_member_update
    before_timeout = before.timed_out_until
                     ^^^^^^^^^^^^^^^^^^^^^^
AttributeError: 'Member' object has no attribute 'timed_out_until'
Ignoring exception in on_member_update
Traceback (most recent call last):
  File "/usr/local/lib/python3.12/site-packages/discord/client.py", line 465, in _run_event
    await coro(*args, **kwargs)
  File "/app/asu_discord/cogs/analytics.py", line 652, in on_member_update
    before_timeout = before.timed_out_until
                     ^^^^^^^^^^^^^^^^^^^^^^
AttributeError: 'Member' object has no attribute 'timed_out_until'
Ignoring exception in on_member_update
Traceback (most recent call last):
  File "/usr/local/lib/python3.12/site-packages/discord/client.py", line 465, in _run_event
    await coro(*args, **kwargs)
  File "/app/asu_discord/cogs/analytics.py", line 652, in on_member_update
    before_timeout = before.timed_out_until
                     ^^^^^^^^^^^^^^^^^^^^^^
AttributeError: 'Member' object has no attribute 'timed_out_until'
Ignoring exception in on_member_update
Traceback (most recent call last):
  File "/usr/local/lib/python3.12/site-packages/discord/client.py", line 465, in _run_event
    await coro(*args, **kwargs)
  File "/app/asu_discord/cogs/analytics.py", line 652, in on_member_update
    before_timeout = before.timed_out_until
                     ^^^^^^^^^^^^^^^^^^^^^^
AttributeError: 'Member' object has no attribute 'timed_out_until'
Ignoring exception in on_member_update
Traceback (most recent call last):
  File "/usr/local/lib/python3.12/site-packages/discord/client.py", line 465, in _run_event
    await coro(*args, **kwargs)
  File "/app/asu_discord/cogs/analytics.py", line 652, in on_member_update
    before_timeout = before.timed_out_until
                     ^^^^^^^^^^^^^^^^^^^^^^
AttributeError: 'Member' object has no attribute 'timed_out_until'
Ignoring exception in on_member_update
Traceback (most recent call last):
  File "/usr/local/lib/python3.12/site-packages/discord/client.py", line 465, in _run_event
    await coro(*args, **kwargs)
  File "/app/asu_discord/cogs/analytics.py", line 652, in on_member_update
    before_timeout = before.timed_out_until
                     ^^^^^^^^^^^^^^^^^^^^^^
AttributeError: 'Member' object has no attribute 'timed_out_until'
Ignoring exception in on_member_update
Traceback (most recent call last):
  File "/usr/local/lib/python3.12/site-packages/discord/client.py", line 465, in _run_event
    await coro(*args, **kwargs)
  File "/app/asu_discord/cogs/analytics.py", line 652, in on_member_update
    before_timeout = before.timed_out_until
                     ^^^^^^^^^^^^^^^^^^^^^^
AttributeError: 'Member' object has no attribute 'timed_out_until'
INFO:asu_discord.cogs.verification:Saved 6 roles to database for user bsibiski (Discord ID: 792159543651205151)
INFO:asu_discord.cogs.verification:Refreshed Salesforce roles for Discord user 792159543651205151: -5/+6 roles, assigned=[Arizona Resident, Commited, First Generation Student, First Year, New College of Interdisciplinary Arts and Sciences, Polytechnic]
Ignoring exception in on_member_update
Traceback (most recent call last):
  File "/usr/local/lib/python3.12/site-packages/discord/client.py", line 465, in _run_event
    await coro(*args, **kwargs)
  File "/app/asu_discord/cogs/analytics.py", line 652, in on_member_update
    before_timeout = before.timed_out_until
                     ^^^^^^^^^^^^^^^^^^^^^^
AttributeError: 'Member' object has no attribute 'timed_out_until'
Ignoring exception in on_member_update
Traceback (most recent call last):
  File "/usr/local/lib/python3.12/site-packages/discord/client.py", line 465, in _run_event
    await coro(*args, **kwargs)
  File "/app/asu_discord/cogs/analytics.py", line 652, in on_member_update
    before_timeout = before.timed_out_until
                     ^^^^^^^^^^^^^^^^^^^^^^
AttributeError: 'Member' object has no attribute 'timed_out_until'
Ignoring exception in on_member_update
Traceback (most recent call last):
  File "/usr/local/lib/python3.12/site-packages/discord/client.py", line 465, in _run_event
    await coro(*args, **kwargs)
  File "/app/asu_discord/cogs/analytics.py", line 652, in on_member_update
    before_timeout = before.timed_out_until
                     ^^^^^^^^^^^^^^^^^^^^^^
AttributeError: 'Member' object has no attribute 'timed_out_until'
Ignoring exception in on_member_update
Traceback (most recent call last):
  File "/usr/local/lib/python3.12/site-packages/discord/client.py", line 465, in _run_event
    await coro(*args, **kwargs)
  File "/app/asu_discord/cogs/analytics.py", line 652, in on_member_update
    before_timeout = before.timed_out_until
                     ^^^^^^^^^^^^^^^^^^^^^^
AttributeError: 'Member' object has no attribute 'timed_out_until'
Ignoring exception in on_member_update
Traceback (most recent call last):
  File "/usr/local/lib/python3.12/site-packages/discord/client.py", line 465, in _run_event
    await coro(*args, **kwargs)
  File "/app/asu_discord/cogs/analytics.py", line 652, in on_member_update
    before_timeout = before.timed_out_until
                     ^^^^^^^^^^^^^^^^^^^^^^
AttributeError: 'Member' object has no attribute 'timed_out_until'
Ignoring exception in on_member_update
Traceback (most recent call last):
  File "/usr/local/lib/python3.12/site-packages/discord/client.py", line 465, in _run_event
    await coro(*args, **kwargs)
  File "/app/asu_discord/cogs/analytics.py", line 652, in on_member_update
    before_timeout = before.timed_out_until
                     ^^^^^^^^^^^^^^^^^^^^^^
AttributeError: 'Member' object has no attribute 'timed_out_until'
Ignoring exception in on_member_update
Traceback (most recent call last):
  File "/usr/local/lib/python3.12/site-packages/discord/client.py", line 465, in _run_event
    await coro(*args, **kwargs)
  File "/app/asu_discord/cogs/analytics.py", line 652, in on_member_update
    before_timeout = before.timed_out_until
                     ^^^^^^^^^^^^^^^^^^^^^^
AttributeError: 'Member' object has no attribute 'timed_out_until'
INFO:asu_discord.cogs.verification:Saved 4 roles to database for user malhar45 (Discord ID: 1511411994102726757)
INFO:asu_discord.cogs.verification:Refreshed Salesforce roles for Discord user 1511411994102726757: -4/+3 roles, assigned=[First Year, International Student, Tempe, W.P. Carey School of Business]
Ignoring exception in on_member_update
Traceback (most recent call last):
  File "/usr/local/lib/python3.12/site-packages/discord/client.py", line 465, in _run_event
    await coro(*args, **kwargs)
  File "/app/asu_discord/cogs/analytics.py", line 652, in on_member_update
    before_timeout = before.timed_out_until
                     ^^^^^^^^^^^^^^^^^^^^^^
AttributeError: 'Member' object has no attribute 'timed_out_until'
Ignoring exception in on_member_update
Traceback (most recent call last):
  File "/usr/local/lib/python3.12/site-packages/discord/client.py", line 465, in _run_event
    await coro(*args, **kwargs)
  File "/app/asu_discord/cogs/analytics.py", line 652, in on_member_update
    before_timeout = before.timed_out_until
                     ^^^^^^^^^^^^^^^^^^^^^^
AttributeError: 'Member' object has no attribute 'timed_out_until'
Ignoring exception in on_member_update
Traceback (most recent call last):
  File "/usr/local/lib/python3.12/site-packages/discord/client.py", line 465, in _run_event
    await coro(*args, **kwargs)
  File "/app/asu_discord/cogs/analytics.py", line 652, in on_member_update
    before_timeout = before.timed_out_until
                     ^^^^^^^^^^^^^^^^^^^^^^
AttributeError: 'Member' object has no attribute 'timed_out_until'
Ignoring exception in on_member_update
Traceback (most recent call last):
  File "/usr/local/lib/python3.12/site-packages/discord/client.py", line 465, in _run_event
    await coro(*args, **kwargs)
  File "/app/asu_discord/cogs/analytics.py", line 652, in on_member_update
    before_timeout = before.timed_out_until
                     ^^^^^^^^^^^^^^^^^^^^^^
AttributeError: 'Member' object has no attribute 'timed_out_until'
Ignoring exception in on_member_update
Traceback (most recent call last):
  File "/usr/local/lib/python3.12/site-packages/discord/client.py", line 465, in _run_event
    await coro(*args, **kwargs)
  File "/app/asu_discord/cogs/analytics.py", line 652, in on_member_update
    before_timeout = before.timed_out_until
                     ^^^^^^^^^^^^^^^^^^^^^^
AttributeError: 'Member' object has no attribute 'timed_out_until'
Ignoring exception in on_member_update
Traceback (most recent call last):
  File "/usr/local/lib/python3.12/site-packages/discord/client.py", line 465, in _run_event
    await coro(*args, **kwargs)
  File "/app/asu_discord/cogs/analytics.py", line 652, in on_member_update
    before_timeout = before.timed_out_until
                     ^^^^^^^^^^^^^^^^^^^^^^
AttributeError: 'Member' object has no attribute 'timed_out_until'
Ignoring exception in on_member_update
Traceback (most recent call last):
  File "/usr/local/lib/python3.12/site-packages/discord/client.py", line 465, in _run_event
    await coro(*args, **kwargs)
  File "/app/asu_discord/cogs/analytics.py", line 652, in on_member_update
    before_timeout = before.timed_out_until
                     ^^^^^^^^^^^^^^^^^^^^^^
AttributeError: 'Member' object has no attribute 'timed_out_until'
Ignoring exception in on_member_update
Traceback (most recent call last):
  File "/usr/local/lib/python3.12/site-packages/discord/client.py", line 465, in _run_event
    await coro(*args, **kwargs)
  File "/app/asu_discord/cogs/analytics.py", line 652, in on_member_update
    before_timeout = before.timed_out_until
                     ^^^^^^^^^^^^^^^^^^^^^^
AttributeError: 'Member' object has no attribute 'timed_out_until'
INFO:asu_discord.cogs.verification:Saved 4 roles to database for user kdbates2 (Discord ID: 1511940096264372338)
INFO:asu_discord.cogs.verification:Refreshed Salesforce roles for Discord user 1511940096264372338: -4/+4 roles, assigned=[Arizona Resident, First Year, Tempe, Walter Cronkite School of Journalism and Mass Communication]
Ignoring exception in on_member_update
Traceback (most recent call last):
  File "/usr/local/lib/python3.12/site-packages/discord/client.py", line 465, in _run_event
    await coro(*args, **kwargs)
  File "/app/asu_discord/cogs/analytics.py", line 652, in on_member_update
    before_timeout = before.timed_out_until
                     ^^^^^^^^^^^^^^^^^^^^^^
AttributeError: 'Member' object has no attribute 'timed_out_until'
Ignoring exception in on_member_update
Traceback (most recent call last):
  File "/usr/local/lib/python3.12/site-packages/discord/client.py", line 465, in _run_event
    await coro(*args, **kwargs)
  File "/app/asu_discord/cogs/analytics.py", line 652, in on_member_update
    before_timeout = before.timed_out_until
                     ^^^^^^^^^^^^^^^^^^^^^^
AttributeError: 'Member' object has no attribute 'timed_out_until'
Ignoring exception in on_member_update
Traceback (most recent call last):
  File "/usr/local/lib/python3.12/site-packages/discord/client.py", line 465, in _run_event
    await coro(*args, **kwargs)
  File "/app/asu_discord/cogs/analytics.py", line 652, in on_member_update
    before_timeout = before.timed_out_until
                     ^^^^^^^^^^^^^^^^^^^^^^
AttributeError: 'Member' object has no attribute 'timed_out_until'
Ignoring exception in on_member_update
Traceback (most recent call last):
  File "/usr/local/lib/python3.12/site-packages/discord/client.py", line 465, in _run_event
    await coro(*args, **kwargs)
  File "/app/asu_discord/cogs/analytics.py", line 652, in on_member_update
    before_timeout = before.timed_out_until
                     ^^^^^^^^^^^^^^^^^^^^^^
AttributeError: 'Member' object has no attribute 'timed_out_until'
Ignoring exception in on_member_update
Traceback (most recent call last):
  File "/usr/local/lib/python3.12/site-packages/discord/client.py", line 465, in _run_event
    await coro(*args, **kwargs)
  File "/app/asu_discord/cogs/analytics.py", line 652, in on_member_update
    before_timeout = before.timed_out_until
                     ^^^^^^^^^^^^^^^^^^^^^^
AttributeError: 'Member' object has no attribute 'timed_out_until'
Ignoring exception in on_member_update
Traceback (most recent call last):
  File "/usr/local/lib/python3.12/site-packages/discord/client.py", line 465, in _run_event
    await coro(*args, **kwargs)
  File "/app/asu_discord/cogs/analytics.py", line 652, in on_member_update
    before_timeout = before.timed_out_until
                     ^^^^^^^^^^^^^^^^^^^^^^
AttributeError: 'Member' object has no attribute 'timed_out_until'
Ignoring exception in on_member_update
Traceback (most recent call last):
  File "/usr/local/lib/python3.12/site-packages/discord/client.py", line 465, in _run_event
    await coro(*args, **kwargs)
  File "/app/asu_discord/cogs/analytics.py", line 652, in on_member_update
    before_timeout = before.timed_out_until
                     ^^^^^^^^^^^^^^^^^^^^^^
AttributeError: 'Member' object has no attribute 'timed_out_until'
Ignoring exception in on_member_update
Traceback (most recent call last):
  File "/usr/local/lib/python3.12/site-packages/discord/client.py", line 465, in _run_event
    await coro(*args, **kwargs)
  File "/app/asu_discord/cogs/analytics.py", line 652, in on_member_update
    before_timeout = before.timed_out_until
                     ^^^^^^^^^^^^^^^^^^^^^^
AttributeError: 'Member' object has no attribute 'timed_out_until'
Ignoring exception in on_member_update
Traceback (most recent call last):
  File "/usr/local/lib/python3.12/site-packages/discord/client.py", line 465, in _run_event
    await coro(*args, **kwargs)
  File "/app/asu_discord/cogs/analytics.py", line 652, in on_member_update
    before_timeout = before.timed_out_until
                     ^^^^^^^^^^^^^^^^^^^^^^
AttributeError: 'Member' object has no attribute 'timed_out_until'
Ignoring exception in on_member_update
Traceback (most recent call last):
  File "/usr/local/lib/python3.12/site-packages/discord/client.py", line 465, in _run_event
    await coro(*args, **kwargs)
  File "/app/asu_discord/cogs/analytics.py", line 652, in on_member_update
    before_timeout = before.timed_out_until
                     ^^^^^^^^^^^^^^^^^^^^^^
AttributeError: 'Member' object has no attribute 'timed_out_until'
INFO:asu_discord.cogs.verification:Saved 5 roles to database for user ktibbs1 (Discord ID: 1363594213769613507)
INFO:asu_discord.cogs.verification:Refreshed Salesforce roles for Discord user 1363594213769613507: -5/+5 roles, assigned=[Arizona Resident, College of Liberal Arts and Sciences, First Generation Student, First Year, Tempe]
Ignoring exception in on_member_update
Traceback (most recent call last):
  File "/usr/local/lib/python3.12/site-packages/discord/client.py", line 465, in _run_event
    await coro(*args, **kwargs)
  File "/app/asu_discord/cogs/analytics.py", line 652, in on_member_update
    before_timeout = before.timed_out_until
                     ^^^^^^^^^^^^^^^^^^^^^^
AttributeError: 'Member' object has no attribute 'timed_out_until'
Ignoring exception in on_member_update
Traceback (most recent call last):
  File "/usr/local/lib/python3.12/site-packages/discord/client.py", line 465, in _run_event
    await coro(*args, **kwargs)
  File "/app/asu_discord/cogs/analytics.py", line 652, in on_member_update
    before_timeout = before.timed_out_until
                     ^^^^^^^^^^^^^^^^^^^^^^
AttributeError: 'Member' object has no attribute 'timed_out_until'
Ignoring exception in on_member_update
Traceback (most recent call last):
  File "/usr/local/lib/python3.12/site-packages/discord/client.py", line 465, in _run_event
    await coro(*args, **kwargs)
  File "/app/asu_discord/cogs/analytics.py", line 652, in on_member_update
    before_timeout = before.timed_out_until
                     ^^^^^^^^^^^^^^^^^^^^^^
AttributeError: 'Member' object has no attribute 'timed_out_until'
Ignoring exception in on_member_update
Traceback (most recent call last):
  File "/usr/local/lib/python3.12/site-packages/discord/client.py", line 465, in _run_event
    await coro(*args, **kwargs)
  File "/app/asu_discord/cogs/analytics.py", line 652, in on_member_update
    before_timeout = before.timed_out_until
                     ^^^^^^^^^^^^^^^^^^^^^^
AttributeError: 'Member' object has no attribute 'timed_out_until'
Ignoring exception in on_member_update
Traceback (most recent call last):
  File "/usr/local/lib/python3.12/site-packages/discord/client.py", line 465, in _run_event
    await coro(*args, **kwargs)
  File "/app/asu_discord/cogs/analytics.py", line 652, in on_member_update
    before_timeout = before.timed_out_until
                     ^^^^^^^^^^^^^^^^^^^^^^
AttributeError: 'Member' object has no attribute 'timed_out_until'
Ignoring exception in on_member_update
Traceback (most recent call last):
  File "/usr/local/lib/python3.12/site-packages/discord/client.py", line 465, in _run_event
    await coro(*args, **kwargs)
  File "/app/asu_discord/cogs/analytics.py", line 652, in on_member_update
    before_timeout = before.timed_out_until
                     ^^^^^^^^^^^^^^^^^^^^^^
AttributeError: 'Member' object has no attribute 'timed_out_until'
Ignoring exception in on_member_update
Traceback (most recent call last):
  File "/usr/local/lib/python3.12/site-packages/discord/client.py", line 465, in _run_event
    await coro(*args, **kwargs)
  File "/app/asu_discord/cogs/analytics.py", line 652, in on_member_update
    before_timeout = before.timed_out_until
                     ^^^^^^^^^^^^^^^^^^^^^^
AttributeError: 'Member' object has no attribute 'timed_out_until'
Ignoring exception in on_member_update
Traceback (most recent call last):
  File "/usr/local/lib/python3.12/site-packages/discord/client.py", line 465, in _run_event
    await coro(*args, **kwargs)
  File "/app/asu_discord/cogs/analytics.py", line 652, in on_member_update
    before_timeout = before.timed_out_until
                     ^^^^^^^^^^^^^^^^^^^^^^
AttributeError: 'Member' object has no attribute 'timed_out_until'
Ignoring exception in on_member_update
Traceback (most recent call last):
  File "/usr/local/lib/python3.12/site-packages/discord/client.py", line 465, in _run_event
    await coro(*args, **kwargs)
  File "/app/asu_discord/cogs/analytics.py", line 652, in on_member_update
    before_timeout = before.timed_out_until
                     ^^^^^^^^^^^^^^^^^^^^^^
AttributeError: 'Member' object has no attribute 'timed_out_until'
Ignoring exception in on_member_update
Traceback (most recent call last):
  File "/usr/local/lib/python3.12/site-packages/discord/client.py", line 465, in _run_event
    await coro(*args, **kwargs)
  File "/app/asu_discord/cogs/analytics.py", line 652, in on_member_update
    before_timeout = before.timed_out_until
                     ^^^^^^^^^^^^^^^^^^^^^^
AttributeError: 'Member' object has no attribute 'timed_out_until'
INFO:asu_discord.cogs.verification:Saved 5 roles to database for user rthayer2 (Discord ID: 437140535652909058)
INFO:asu_discord.cogs.verification:Refreshed Salesforce roles for Discord user 437140535652909058: -5/+5 roles, assigned=[Commited, New College of Interdisciplinary Arts and Sciences, Out of State, Transfer Student, West Valley]
Ignoring exception in on_member_update
Traceback (most recent call last):
  File "/usr/local/lib/python3.12/site-packages/discord/client.py", line 465, in _run_event
    await coro(*args, **kwargs)
  File "/app/asu_discord/cogs/analytics.py", line 652, in on_member_update
    before_timeout = before.timed_out_until
                     ^^^^^^^^^^^^^^^^^^^^^^
AttributeError: 'Member' object has no attribute 'timed_out_until'
Ignoring exception in on_member_update
Traceback (most recent call last):
  File "/usr/local/lib/python3.12/site-packages/discord/client.py", line 465, in _run_event
    await coro(*args, **kwargs)
  File "/app/asu_discord/cogs/analytics.py", line 652, in on_member_update
    before_timeout = before.timed_out_until
                     ^^^^^^^^^^^^^^^^^^^^^^
AttributeError: 'Member' object has no attribute 'timed_out_until'
Ignoring exception in on_member_update
Traceback (most recent call last):
  File "/usr/local/lib/python3.12/site-packages/discord/client.py", line 465, in _run_event
    await coro(*args, **kwargs)
  File "/app/asu_discord/cogs/analytics.py", line 652, in on_member_update
    before_timeout = before.timed_out_until
                     ^^^^^^^^^^^^^^^^^^^^^^
AttributeError: 'Member' object has no attribute 'timed_out_until'
Ignoring exception in on_member_update
Traceback (most recent call last):
  File "/usr/local/lib/python3.12/site-packages/discord/client.py", line 465, in _run_event
    await coro(*args, **kwargs)
  File "/app/asu_discord/cogs/analytics.py", line 652, in on_member_update
    before_timeout = before.timed_out_until
                     ^^^^^^^^^^^^^^^^^^^^^^
AttributeError: 'Member' object has no attribute 'timed_out_until'
Ignoring exception in on_member_update
Traceback (most recent call last):
  File "/usr/local/lib/python3.12/site-packages/discord/client.py", line 465, in _run_event
    await coro(*args, **kwargs)
  File "/app/asu_discord/cogs/analytics.py", line 652, in on_member_update
    before_timeout = before.timed_out_until
                     ^^^^^^^^^^^^^^^^^^^^^^
AttributeError: 'Member' object has no attribute 'timed_out_until'
Ignoring exception in on_member_update
Traceback (most recent call last):
  File "/usr/local/lib/python3.12/site-packages/discord/client.py", line 465, in _run_event
    await coro(*args, **kwargs)
  File "/app/asu_discord/cogs/analytics.py", line 652, in on_member_update
    before_timeout = before.timed_out_until
                     ^^^^^^^^^^^^^^^^^^^^^^
AttributeError: 'Member' object has no attribute 'timed_out_until'
Ignoring exception in on_member_update
Traceback (most recent call last):
  File "/usr/local/lib/python3.12/site-packages/discord/client.py", line 465, in _run_event
    await coro(*args, **kwargs)
  File "/app/asu_discord/cogs/analytics.py", line 652, in on_member_update
    before_timeout = before.timed_out_until
                     ^^^^^^^^^^^^^^^^^^^^^^
AttributeError: 'Member' object has no attribute 'timed_out_until'
Ignoring exception in on_member_update
Traceback (most recent call last):
  File "/usr/local/lib/python3.12/site-packages/discord/client.py", line 465, in _run_event
    await coro(*args, **kwargs)
  File "/app/asu_discord/cogs/analytics.py", line 652, in on_member_update
    before_timeout = before.timed_out_until
                     ^^^^^^^^^^^^^^^^^^^^^^
AttributeError: 'Member' object has no attribute 'timed_out_until'
Ignoring exception in on_member_update
Traceback (most recent call last):
  File "/usr/local/lib/python3.12/site-packages/discord/client.py", line 465, in _run_event
    await coro(*args, **kwargs)
  File "/app/asu_discord/cogs/analytics.py", line 652, in on_member_update
    before_timeout = before.timed_out_until
                     ^^^^^^^^^^^^^^^^^^^^^^
AttributeError: 'Member' object has no attribute 'timed_out_until'
Ignoring exception in on_member_update
Traceback (most recent call last):
  File "/usr/local/lib/python3.12/site-packages/discord/client.py", line 465, in _run_event
    await coro(*args, **kwargs)
  File "/app/asu_discord/cogs/analytics.py", line 652, in on_member_update
    before_timeout = before.timed_out_until
                     ^^^^^^^^^^^^^^^^^^^^^^
AttributeError: 'Member' object has no attribute 'timed_out_until'
Ignoring exception in on_member_update
Traceback (most recent call last):
  File "/usr/local/lib/python3.12/site-packages/discord/client.py", line 465, in _run_event
    await coro(*args, **kwargs)
  File "/app/asu_discord/cogs/analytics.py", line 652, in on_member_update
    before_timeout = before.timed_out_until
                     ^^^^^^^^^^^^^^^^^^^^^^
AttributeError: 'Member' object has no attribute 'timed_out_until'
INFO:asu_discord.cogs.verification:Saved 6 roles to database for user dylanguy (Discord ID: 1316260503076474900)
INFO:asu_discord.cogs.verification:Refreshed Salesforce roles for Discord user 1316260503076474900: -5/+6 roles, assigned=[Commited, First Generation Student, First Year, Ira A. Fulton Schools of Engineering, Out of State, Polytechnic]
Ignoring exception in on_member_update
Traceback (most recent call last):
  File "/usr/local/lib/python3.12/site-packages/discord/client.py", line 465, in _run_event
    await coro(*args, **kwargs)
  File "/app/asu_discord/cogs/analytics.py", line 652, in on_member_update
    before_timeout = before.timed_out_until
                     ^^^^^^^^^^^^^^^^^^^^^^
AttributeError: 'Member' object has no attribute 'timed_out_until'
Ignoring exception in on_member_update
Traceback (most recent call last):
  File "/usr/local/lib/python3.12/site-packages/discord/client.py", line 465, in _run_event
    await coro(*args, **kwargs)
  File "/app/asu_discord/cogs/analytics.py", line 652, in on_member_update
    before_timeout = before.timed_out_until
                     ^^^^^^^^^^^^^^^^^^^^^^
AttributeError: 'Member' object has no attribute 'timed_out_until'
Ignoring exception in on_member_update
Traceback (most recent call last):
  File "/usr/local/lib/python3.12/site-packages/discord/client.py", line 465, in _run_event
    await coro(*args, **kwargs)
  File "/app/asu_discord/cogs/analytics.py", line 652, in on_member_update
    before_timeout = before.timed_out_until
                     ^^^^^^^^^^^^^^^^^^^^^^
AttributeError: 'Member' object has no attribute 'timed_out_until'
Ignoring exception in on_member_update
Traceback (most recent call last):
  File "/usr/local/lib/python3.12/site-packages/discord/client.py", line 465, in _run_event
    await coro(*args, **kwargs)
  File "/app/asu_discord/cogs/analytics.py", line 652, in on_member_update
    before_timeout = before.timed_out_until
                     ^^^^^^^^^^^^^^^^^^^^^^
AttributeError: 'Member' object has no attribute 'timed_out_until'
Ignoring exception in on_member_update
Traceback (most recent call last):
  File "/usr/local/lib/python3.12/site-packages/discord/client.py", line 465, in _run_event
    await coro(*args, **kwargs)
  File "/app/asu_discord/cogs/analytics.py", line 652, in on_member_update
    before_timeout = before.timed_out_until
                     ^^^^^^^^^^^^^^^^^^^^^^
AttributeError: 'Member' object has no attribute 'timed_out_until'
Ignoring exception in on_member_update
Traceback (most recent call last):
  File "/usr/local/lib/python3.12/site-packages/discord/client.py", line 465, in _run_event
    await coro(*args, **kwargs)
  File "/app/asu_discord/cogs/analytics.py", line 652, in on_member_update
    before_timeout = before.timed_out_until
                     ^^^^^^^^^^^^^^^^^^^^^^
AttributeError: 'Member' object has no attribute 'timed_out_until'
Ignoring exception in on_member_update
Traceback (most recent call last):
  File "/usr/local/lib/python3.12/site-packages/discord/client.py", line 465, in _run_event
    await coro(*args, **kwargs)
  File "/app/asu_discord/cogs/analytics.py", line 652, in on_member_update
    before_timeout = before.timed_out_until
                     ^^^^^^^^^^^^^^^^^^^^^^
AttributeError: 'Member' object has no attribute 'timed_out_until'
Ignoring exception in on_member_update
Traceback (most recent call last):
  File "/usr/local/lib/python3.12/site-packages/discord/client.py", line 465, in _run_event
    await coro(*args, **kwargs)
  File "/app/asu_discord/cogs/analytics.py", line 652, in on_member_update
    before_timeout = before.timed_out_until
                     ^^^^^^^^^^^^^^^^^^^^^^
AttributeError: 'Member' object has no attribute 'timed_out_until'
Ignoring exception in on_member_update
Traceback (most recent call last):
  File "/usr/local/lib/python3.12/site-packages/discord/client.py", line 465, in _run_event
    await coro(*args, **kwargs)
  File "/app/asu_discord/cogs/analytics.py", line 652, in on_member_update
    before_timeout = before.timed_out_until
                     ^^^^^^^^^^^^^^^^^^^^^^
AttributeError: 'Member' object has no attribute 'timed_out_until'
Ignoring exception in on_member_update
Traceback (most recent call last):
  File "/usr/local/lib/python3.12/site-packages/discord/client.py", line 465, in _run_event
    await coro(*args, **kwargs)
  File "/app/asu_discord/cogs/analytics.py", line 652, in on_member_update
    before_timeout = before.timed_out_until
                     ^^^^^^^^^^^^^^^^^^^^^^
AttributeError: 'Member' object has no attribute 'timed_out_until'
INFO:asu_discord.cogs.verification:Saved 5 roles to database for user jadame13 (Discord ID: 648711761968496671)
INFO:asu_discord.cogs.verification:Refreshed Salesforce roles for Discord user 648711761968496671: -5/+5 roles, assigned=[Arizona Resident, Edson College of Nursing and Health Innovation, First Generation Student, First Year, Tempe]
ERROR:cron.jobs:refresh_salesforce_roles: failed for ssaxton2 (Discord ID 1502105814716911616): Failed to refresh Salesforce-based roles: Discord user 1502105814716911616 is not a member of the guild
Ignoring exception in on_member_update
Traceback (most recent call last):
  File "/usr/local/lib/python3.12/site-packages/discord/client.py", line 465, in _run_event
    await coro(*args, **kwargs)
  File "/app/asu_discord/cogs/analytics.py", line 652, in on_member_update
    before_timeout = before.timed_out_until
                     ^^^^^^^^^^^^^^^^^^^^^^
AttributeError: 'Member' object has no attribute 'timed_out_until'
Ignoring exception in on_member_update
Traceback (most recent call last):
  File "/usr/local/lib/python3.12/site-packages/discord/client.py", line 465, in _run_event
    await coro(*args, **kwargs)
  File "/app/asu_discord/cogs/analytics.py", line 652, in on_member_update
    before_timeout = before.timed_out_until
                     ^^^^^^^^^^^^^^^^^^^^^^
AttributeError: 'Member' object has no attribute 'timed_out_until'
Ignoring exception in on_member_update
Traceback (most recent call last):
  File "/usr/local/lib/python3.12/site-packages/discord/client.py", line 465, in _run_event
    await coro(*args, **kwargs)
  File "/app/asu_discord/cogs/analytics.py", line 652, in on_member_update
    before_timeout = before.timed_out_until
                     ^^^^^^^^^^^^^^^^^^^^^^
AttributeError: 'Member' object has no attribute 'timed_out_until'
Ignoring exception in on_member_update
Traceback (most recent call last):
  File "/usr/local/lib/python3.12/site-packages/discord/client.py", line 465, in _run_event
    await coro(*args, **kwargs)
  File "/app/asu_discord/cogs/analytics.py", line 652, in on_member_update
    before_timeout = before.timed_out_until
                     ^^^^^^^^^^^^^^^^^^^^^^
AttributeError: 'Member' object has no attribute 'timed_out_until'
Ignoring exception in on_member_update
Traceback (most recent call last):
  File "/usr/local/lib/python3.12/site-packages/discord/client.py", line 465, in _run_event
    await coro(*args, **kwargs)
  File "/app/asu_discord/cogs/analytics.py", line 652, in on_member_update
    before_timeout = before.timed_out_until
                     ^^^^^^^^^^^^^^^^^^^^^^
AttributeError: 'Member' object has no attribute 'timed_out_until'
Ignoring exception in on_member_update
Traceback (most recent call last):
  File "/usr/local/lib/python3.12/site-packages/discord/client.py", line 465, in _run_event
    await coro(*args, **kwargs)
  File "/app/asu_discord/cogs/analytics.py", line 652, in on_member_update
    before_timeout = before.timed_out_until
                     ^^^^^^^^^^^^^^^^^^^^^^
AttributeError: 'Member' object has no attribute 'timed_out_until'
Ignoring exception in on_member_update
Traceback (most recent call last):
  File "/usr/local/lib/python3.12/site-packages/discord/client.py", line 465, in _run_event
    await coro(*args, **kwargs)
  File "/app/asu_discord/cogs/analytics.py", line 652, in on_member_update
    before_timeout = before.timed_out_until
                     ^^^^^^^^^^^^^^^^^^^^^^
AttributeError: 'Member' object has no attribute 'timed_out_until'
Ignoring exception in on_member_update
Traceback (most recent call last):
  File "/usr/local/lib/python3.12/site-packages/discord/client.py", line 465, in _run_event
    await coro(*args, **kwargs)
  File "/app/asu_discord/cogs/analytics.py", line 652, in on_member_update
    before_timeout = before.timed_out_until
                     ^^^^^^^^^^^^^^^^^^^^^^
AttributeError: 'Member' object has no attribute 'timed_out_until'
INFO:asu_discord.cogs.verification:Saved 4 roles to database for user ksbrow31 (Discord ID: 1514973567165665313)
INFO:asu_discord.cogs.verification:Refreshed Salesforce roles for Discord user 1514973567165665313: -4/+4 roles, assigned=[Arizona Resident, College of Liberal Arts and Sciences, First Year, Tempe]
Ignoring exception in on_member_update
Traceback (most recent call last):
  File "/usr/local/lib/python3.12/site-packages/discord/client.py", line 465, in _run_event
    await coro(*args, **kwargs)
  File "/app/asu_discord/cogs/analytics.py", line 652, in on_member_update
    before_timeout = before.timed_out_until
                     ^^^^^^^^^^^^^^^^^^^^^^
AttributeError: 'Member' object has no attribute 'timed_out_until'
Ignoring exception in on_member_update
Traceback (most recent call last):
  File "/usr/local/lib/python3.12/site-packages/discord/client.py", line 465, in _run_event
    await coro(*args, **kwargs)
  File "/app/asu_discord/cogs/analytics.py", line 652, in on_member_update
    before_timeout = before.timed_out_until
                     ^^^^^^^^^^^^^^^^^^^^^^
AttributeError: 'Member' object has no attribute 'timed_out_until'
Ignoring exception in on_member_update
Traceback (most recent call last):
  File "/usr/local/lib/python3.12/site-packages/discord/client.py", line 465, in _run_event
    await coro(*args, **kwargs)
  File "/app/asu_discord/cogs/analytics.py", line 652, in on_member_update
    before_timeout = before.timed_out_until
                     ^^^^^^^^^^^^^^^^^^^^^^
AttributeError: 'Member' object has no attribute 'timed_out_until'
Ignoring exception in on_member_update
Traceback (most recent call last):
  File "/usr/local/lib/python3.12/site-packages/discord/client.py", line 465, in _run_event
    await coro(*args, **kwargs)
  File "/app/asu_discord/cogs/analytics.py", line 652, in on_member_update
    before_timeout = before.timed_out_until
                     ^^^^^^^^^^^^^^^^^^^^^^
AttributeError: 'Member' object has no attribute 'timed_out_until'
Ignoring exception in on_member_update
Traceback (most recent call last):
  File "/usr/local/lib/python3.12/site-packages/discord/client.py", line 465, in _run_event
    await coro(*args, **kwargs)
  File "/app/asu_discord/cogs/analytics.py", line 652, in on_member_update
    before_timeout = before.timed_out_until
                     ^^^^^^^^^^^^^^^^^^^^^^
AttributeError: 'Member' object has no attribute 'timed_out_until'
Ignoring exception in on_member_update
Traceback (most recent call last):
  File "/usr/local/lib/python3.12/site-packages/discord/client.py", line 465, in _run_event
    await coro(*args, **kwargs)
  File "/app/asu_discord/cogs/analytics.py", line 652, in on_member_update
    before_timeout = before.timed_out_until
                     ^^^^^^^^^^^^^^^^^^^^^^
AttributeError: 'Member' object has no attribute 'timed_out_until'
Ignoring exception in on_member_update
Traceback (most recent call last):
  File "/usr/local/lib/python3.12/site-packages/discord/client.py", line 465, in _run_event
    await coro(*args, **kwargs)
  File "/app/asu_discord/cogs/analytics.py", line 652, in on_member_update
    before_timeout = before.timed_out_until
                     ^^^^^^^^^^^^^^^^^^^^^^
AttributeError: 'Member' object has no attribute 'timed_out_until'
Ignoring exception in on_member_update
Traceback (most recent call last):
  File "/usr/local/lib/python3.12/site-packages/discord/client.py", line 465, in _run_event
    await coro(*args, **kwargs)
  File "/app/asu_discord/cogs/analytics.py", line 652, in on_member_update
    before_timeout = before.timed_out_until
                     ^^^^^^^^^^^^^^^^^^^^^^
AttributeError: 'Member' object has no attribute 'timed_out_until'
Ignoring exception in on_member_update
Traceback (most recent call last):
  File "/usr/local/lib/python3.12/site-packages/discord/client.py", line 465, in _run_event
    await coro(*args, **kwargs)
  File "/app/asu_discord/cogs/analytics.py", line 652, in on_member_update
    before_timeout = before.timed_out_until
                     ^^^^^^^^^^^^^^^^^^^^^^
AttributeError: 'Member' object has no attribute 'timed_out_until'
Ignoring exception in on_member_update
Traceback (most recent call last):
  File "/usr/local/lib/python3.12/site-packages/discord/client.py", line 465, in _run_event
    await coro(*args, **kwargs)
  File "/app/asu_discord/cogs/analytics.py", line 652, in on_member_update
    before_timeout = before.timed_out_until
                     ^^^^^^^^^^^^^^^^^^^^^^
AttributeError: 'Member' object has no attribute 'timed_out_until'
Ignoring exception in on_member_update
Traceback (most recent call last):
  File "/usr/local/lib/python3.12/site-packages/discord/client.py", line 465, in _run_event
    await coro(*args, **kwargs)
  File "/app/asu_discord/cogs/analytics.py", line 652, in on_member_update
    before_timeout = before.timed_out_until
                     ^^^^^^^^^^^^^^^^^^^^^^
AttributeError: 'Member' object has no attribute 'timed_out_until'
INFO:asu_discord.cogs.verification:Saved 5 roles to database for user ncruz128 (Discord ID: 762544337120395264)
INFO:asu_discord.cogs.verification:Refreshed Salesforce roles for Discord user 762544337120395264: -5/+5 roles, assigned=[Arizona Resident, College of Liberal Arts and Sciences, Commited, Downtown Phoenix, First Year]
Ignoring exception in on_member_update
Traceback (most recent call last):
  File "/usr/local/lib/python3.12/site-packages/discord/client.py", line 465, in _run_event
    await coro(*args, **kwargs)
  File "/app/asu_discord/cogs/analytics.py", line 652, in on_member_update
    before_timeout = before.timed_out_until
                     ^^^^^^^^^^^^^^^^^^^^^^
AttributeError: 'Member' object has no attribute 'timed_out_until'
Ignoring exception in on_member_update
Traceback (most recent call last):
  File "/usr/local/lib/python3.12/site-packages/discord/client.py", line 465, in _run_event
    await coro(*args, **kwargs)
  File "/app/asu_discord/cogs/analytics.py", line 652, in on_member_update
    before_timeout = before.timed_out_until
                     ^^^^^^^^^^^^^^^^^^^^^^
AttributeError: 'Member' object has no attribute 'timed_out_until'
INFO:asu_discord.cogs.verification:Saved 1 roles to database for user lmclar20 (Discord ID: 1483306548976549942)
INFO:asu_discord.cogs.verification:Refreshed Salesforce roles for Discord user 1483306548976549942: -1/+1 roles, assigned=[Arizona Resident]
Ignoring exception in on_member_update
Traceback (most recent call last):
  File "/usr/local/lib/python3.12/site-packages/discord/client.py", line 465, in _run_event
    await coro(*args, **kwargs)
  File "/app/asu_discord/cogs/analytics.py", line 652, in on_member_update
    before_timeout = before.timed_out_until
                     ^^^^^^^^^^^^^^^^^^^^^^
AttributeError: 'Member' object has no attribute 'timed_out_until'
Ignoring exception in on_member_update
Traceback (most recent call last):
  File "/usr/local/lib/python3.12/site-packages/discord/client.py", line 465, in _run_event
    await coro(*args, **kwargs)
  File "/app/asu_discord/cogs/analytics.py", line 652, in on_member_update
    before_timeout = before.timed_out_until
                     ^^^^^^^^^^^^^^^^^^^^^^
AttributeError: 'Member' object has no attribute 'timed_out_until'
Ignoring exception in on_member_update
Traceback (most recent call last):
  File "/usr/local/lib/python3.12/site-packages/discord/client.py", line 465, in _run_event
    await coro(*args, **kwargs)
  File "/app/asu_discord/cogs/analytics.py", line 652, in on_member_update
    before_timeout = before.timed_out_until
                     ^^^^^^^^^^^^^^^^^^^^^^
AttributeError: 'Member' object has no attribute 'timed_out_until'
Ignoring exception in on_member_update
Traceback (most recent call last):
  File "/usr/local/lib/python3.12/site-packages/discord/client.py", line 465, in _run_event
    await coro(*args, **kwargs)
  File "/app/asu_discord/cogs/analytics.py", line 652, in on_member_update
    before_timeout = before.timed_out_until
                     ^^^^^^^^^^^^^^^^^^^^^^
AttributeError: 'Member' object has no attribute 'timed_out_until'
Ignoring exception in on_member_update
Traceback (most recent call last):
  File "/usr/local/lib/python3.12/site-packages/discord/client.py", line 465, in _run_event
    await coro(*args, **kwargs)
  File "/app/asu_discord/cogs/analytics.py", line 652, in on_member_update
    before_timeout = before.timed_out_until
                     ^^^^^^^^^^^^^^^^^^^^^^
AttributeError: 'Member' object has no attribute 'timed_out_until'
Ignoring exception in on_member_update
Traceback (most recent call last):
  File "/usr/local/lib/python3.12/site-packages/discord/client.py", line 465, in _run_event
    await coro(*args, **kwargs)
  File "/app/asu_discord/cogs/analytics.py", line 652, in on_member_update
    before_timeout = before.timed_out_until
                     ^^^^^^^^^^^^^^^^^^^^^^
AttributeError: 'Member' object has no attribute 'timed_out_until'
Ignoring exception in on_member_update
Traceback (most recent call last):
  File "/usr/local/lib/python3.12/site-packages/discord/client.py", line 465, in _run_event
    await coro(*args, **kwargs)
  File "/app/asu_discord/cogs/analytics.py", line 652, in on_member_update
    before_timeout = before.timed_out_until
                     ^^^^^^^^^^^^^^^^^^^^^^
AttributeError: 'Member' object has no attribute 'timed_out_until'
Ignoring exception in on_member_update
Traceback (most recent call last):
  File "/usr/local/lib/python3.12/site-packages/discord/client.py", line 465, in _run_event
    await coro(*args, **kwargs)
  File "/app/asu_discord/cogs/analytics.py", line 652, in on_member_update
    before_timeout = before.timed_out_until
                     ^^^^^^^^^^^^^^^^^^^^^^
AttributeError: 'Member' object has no attribute 'timed_out_until'
INFO:asu_discord.cogs.verification:Saved 4 roles to database for user malhadiy (Discord ID: 853693987218128946)
INFO:asu_discord.cogs.verification:Refreshed Salesforce roles for Discord user 853693987218128946: -4/+4 roles, assigned=[First Year, International Student, Tempe, W.P. Carey School of Business]
Ignoring exception in on_member_update
Traceback (most recent call last):
  File "/usr/local/lib/python3.12/site-packages/discord/client.py", line 465, in _run_event
    await coro(*args, **kwargs)
  File "/app/asu_discord/cogs/analytics.py", line 652, in on_member_update
    before_timeout = before.timed_out_until
                     ^^^^^^^^^^^^^^^^^^^^^^
AttributeError: 'Member' object has no attribute 'timed_out_until'
Ignoring exception in on_member_update
Traceback (most recent call last):
  File "/usr/local/lib/python3.12/site-packages/discord/client.py", line 465, in _run_event
    await coro(*args, **kwargs)
  File "/app/asu_discord/cogs/analytics.py", line 652, in on_member_update
    before_timeout = before.timed_out_until
                     ^^^^^^^^^^^^^^^^^^^^^^
AttributeError: 'Member' object has no attribute 'timed_out_until'
Ignoring exception in on_member_update
Traceback (most recent call last):
  File "/usr/local/lib/python3.12/site-packages/discord/client.py", line 465, in _run_event
    await coro(*args, **kwargs)
  File "/app/asu_discord/cogs/analytics.py", line 652, in on_member_update
    before_timeout = before.timed_out_until
                     ^^^^^^^^^^^^^^^^^^^^^^
AttributeError: 'Member' object has no attribute 'timed_out_until'
Ignoring exception in on_member_update
Traceback (most recent call last):
  File "/usr/local/lib/python3.12/site-packages/discord/client.py", line 465, in _run_event
    await coro(*args, **kwargs)
  File "/app/asu_discord/cogs/analytics.py", line 652, in on_member_update
    before_timeout = before.timed_out_until
                     ^^^^^^^^^^^^^^^^^^^^^^
AttributeError: 'Member' object has no attribute 'timed_out_until'
Ignoring exception in on_member_update
Traceback (most recent call last):
  File "/usr/local/lib/python3.12/site-packages/discord/client.py", line 465, in _run_event
    await coro(*args, **kwargs)
  File "/app/asu_discord/cogs/analytics.py", line 652, in on_member_update
    before_timeout = before.timed_out_until
                     ^^^^^^^^^^^^^^^^^^^^^^
AttributeError: 'Member' object has no attribute 'timed_out_until'
Ignoring exception in on_member_update
Traceback (most recent call last):
  File "/usr/local/lib/python3.12/site-packages/discord/client.py", line 465, in _run_event
    await coro(*args, **kwargs)
  File "/app/asu_discord/cogs/analytics.py", line 652, in on_member_update
    before_timeout = before.timed_out_until
                     ^^^^^^^^^^^^^^^^^^^^^^
AttributeError: 'Member' object has no attribute 'timed_out_until'
Ignoring exception in on_member_update
Traceback (most recent call last):
  File "/usr/local/lib/python3.12/site-packages/discord/client.py", line 465, in _run_event
    await coro(*args, **kwargs)
  File "/app/asu_discord/cogs/analytics.py", line 652, in on_member_update
    before_timeout = before.timed_out_until
                     ^^^^^^^^^^^^^^^^^^^^^^
AttributeError: 'Member' object has no attribute 'timed_out_until'
INFO:asu_discord.cogs.verification:Saved 4 roles to database for user sbangany (Discord ID: 990057418081861683)
INFO:asu_discord.cogs.verification:Refreshed Salesforce roles for Discord user 990057418081861683: -3/+4 roles, assigned=[Arizona Resident, First Year, Herberger Institute for Design and the Arts, Tempe]
Ignoring exception in on_member_update
Traceback (most recent call last):
  File "/usr/local/lib/python3.12/site-packages/discord/client.py", line 465, in _run_event
    await coro(*args, **kwargs)
  File "/app/asu_discord/cogs/analytics.py", line 652, in on_member_update
    before_timeout = before.timed_out_until
                     ^^^^^^^^^^^^^^^^^^^^^^
AttributeError: 'Member' object has no attribute 'timed_out_until'
Ignoring exception in on_member_update
Traceback (most recent call last):
  File "/usr/local/lib/python3.12/site-packages/discord/client.py", line 465, in _run_event
    await coro(*args, **kwargs)
  File "/app/asu_discord/cogs/analytics.py", line 652, in on_member_update
    before_timeout = before.timed_out_until
                     ^^^^^^^^^^^^^^^^^^^^^^
AttributeError: 'Member' object has no attribute 'timed_out_until'
Ignoring exception in on_member_update
Traceback (most recent call last):
  File "/usr/local/lib/python3.12/site-packages/discord/client.py", line 465, in _run_event
    await coro(*args, **kwargs)
  File "/app/asu_discord/cogs/analytics.py", line 652, in on_member_update
    before_timeout = before.timed_out_until
                     ^^^^^^^^^^^^^^^^^^^^^^
AttributeError: 'Member' object has no attribute 'timed_out_until'
Ignoring exception in on_member_update
Traceback (most recent call last):
  File "/usr/local/lib/python3.12/site-packages/discord/client.py", line 465, in _run_event
    await coro(*args, **kwargs)
  File "/app/asu_discord/cogs/analytics.py", line 652, in on_member_update
    before_timeout = before.timed_out_until
                     ^^^^^^^^^^^^^^^^^^^^^^
AttributeError: 'Member' object has no attribute 'timed_out_until'
Ignoring exception in on_member_update
Traceback (most recent call last):
  File "/usr/local/lib/python3.12/site-packages/discord/client.py", line 465, in _run_event
    await coro(*args, **kwargs)
  File "/app/asu_discord/cogs/analytics.py", line 652, in on_member_update
    before_timeout = before.timed_out_until
                     ^^^^^^^^^^^^^^^^^^^^^^
AttributeError: 'Member' object has no attribute 'timed_out_until'
Ignoring exception in on_member_update
Traceback (most recent call last):
  File "/usr/local/lib/python3.12/site-packages/discord/client.py", line 465, in _run_event
    await coro(*args, **kwargs)
  File "/app/asu_discord/cogs/analytics.py", line 652, in on_member_update
    before_timeout = before.timed_out_until
                     ^^^^^^^^^^^^^^^^^^^^^^
AttributeError: 'Member' object has no attribute 'timed_out_until'
Ignoring exception in on_member_update
Traceback (most recent call last):
  File "/usr/local/lib/python3.12/site-packages/discord/client.py", line 465, in _run_event
    await coro(*args, **kwargs)
  File "/app/asu_discord/cogs/analytics.py", line 652, in on_member_update
    before_timeout = before.timed_out_until
                     ^^^^^^^^^^^^^^^^^^^^^^
AttributeError: 'Member' object has no attribute 'timed_out_until'
Ignoring exception in on_member_update
Traceback (most recent call last):
  File "/usr/local/lib/python3.12/site-packages/discord/client.py", line 465, in _run_event
    await coro(*args, **kwargs)
  File "/app/asu_discord/cogs/analytics.py", line 652, in on_member_update
    before_timeout = before.timed_out_until
                     ^^^^^^^^^^^^^^^^^^^^^^
AttributeError: 'Member' object has no attribute 'timed_out_until'
INFO:asu_discord.cogs.verification:Saved 4 roles to database for user oishola1 (Discord ID: 467167364530569239)
INFO:asu_discord.cogs.verification:Refreshed Salesforce roles for Discord user 467167364530569239: -4/+4 roles, assigned=[Graduate Student, International Student, Ira A. Fulton Schools of Engineering, Tempe]
Ignoring exception in on_member_update
Traceback (most recent call last):
  File "/usr/local/lib/python3.12/site-packages/discord/client.py", line 465, in _run_event
    await coro(*args, **kwargs)
  File "/app/asu_discord/cogs/analytics.py", line 652, in on_member_update
    before_timeout = before.timed_out_until
                     ^^^^^^^^^^^^^^^^^^^^^^
AttributeError: 'Member' object has no attribute 'timed_out_until'
Ignoring exception in on_member_update
Traceback (most recent call last):
  File "/usr/local/lib/python3.12/site-packages/discord/client.py", line 465, in _run_event
    await coro(*args, **kwargs)
  File "/app/asu_discord/cogs/analytics.py", line 652, in on_member_update
    before_timeout = before.timed_out_until
                     ^^^^^^^^^^^^^^^^^^^^^^
AttributeError: 'Member' object has no attribute 'timed_out_until'
Ignoring exception in on_member_update
Traceback (most recent call last):
  File "/usr/local/lib/python3.12/site-packages/discord/client.py", line 465, in _run_event
    await coro(*args, **kwargs)
  File "/app/asu_discord/cogs/analytics.py", line 652, in on_member_update
    before_timeout = before.timed_out_until
                     ^^^^^^^^^^^^^^^^^^^^^^
AttributeError: 'Member' object has no attribute 'timed_out_until'
Ignoring exception in on_member_update
Traceback (most recent call last):
  File "/usr/local/lib/python3.12/site-packages/discord/client.py", line 465, in _run_event
    await coro(*args, **kwargs)
  File "/app/asu_discord/cogs/analytics.py", line 652, in on_member_update
    before_timeout = before.timed_out_until
                     ^^^^^^^^^^^^^^^^^^^^^^
AttributeError: 'Member' object has no attribute 'timed_out_until'
Ignoring exception in on_member_update
Traceback (most recent call last):
  File "/usr/local/lib/python3.12/site-packages/discord/client.py", line 465, in _run_event
    await coro(*args, **kwargs)
  File "/app/asu_discord/cogs/analytics.py", line 652, in on_member_update
    before_timeout = before.timed_out_until
                     ^^^^^^^^^^^^^^^^^^^^^^
AttributeError: 'Member' object has no attribute 'timed_out_until'
Ignoring exception in on_member_update
Traceback (most recent call last):
  File "/usr/local/lib/python3.12/site-packages/discord/client.py", line 465, in _run_event
    await coro(*args, **kwargs)
  File "/app/asu_discord/cogs/analytics.py", line 652, in on_member_update
    before_timeout = before.timed_out_until
                     ^^^^^^^^^^^^^^^^^^^^^^
AttributeError: 'Member' object has no attribute 'timed_out_until'
Ignoring exception in on_member_update
Traceback (most recent call last):
  File "/usr/local/lib/python3.12/site-packages/discord/client.py", line 465, in _run_event
    await coro(*args, **kwargs)
  File "/app/asu_discord/cogs/analytics.py", line 652, in on_member_update
    before_timeout = before.timed_out_until
                     ^^^^^^^^^^^^^^^^^^^^^^
AttributeError: 'Member' object has no attribute 'timed_out_until'
Ignoring exception in on_member_update
Traceback (most recent call last):
  File "/usr/local/lib/python3.12/site-packages/discord/client.py", line 465, in _run_event
    await coro(*args, **kwargs)
  File "/app/asu_discord/cogs/analytics.py", line 652, in on_member_update
    before_timeout = before.timed_out_until
                     ^^^^^^^^^^^^^^^^^^^^^^
AttributeError: 'Member' object has no attribute 'timed_out_until'
Ignoring exception in on_member_update
Traceback (most recent call last):
  File "/usr/local/lib/python3.12/site-packages/discord/client.py", line 465, in _run_event
    await coro(*args, **kwargs)
  File "/app/asu_discord/cogs/analytics.py", line 652, in on_member_update
    before_timeout = before.timed_out_until
                     ^^^^^^^^^^^^^^^^^^^^^^
AttributeError: 'Member' object has no attribute 'timed_out_until'
INFO:asu_discord.cogs.verification:Saved 5 roles to database for user snamasi2 (Discord ID: 511714957109231636)
INFO:asu_discord.cogs.verification:Refreshed Salesforce roles for Discord user 511714957109231636: -4/+5 roles, assigned=[Commited, Graduate Student, International Student, Ira A. Fulton Schools of Engineering, Tempe]
Ignoring exception in on_member_update
Traceback (most recent call last):
  File "/usr/local/lib/python3.12/site-packages/discord/client.py", line 465, in _run_event
    await coro(*args, **kwargs)
  File "/app/asu_discord/cogs/analytics.py", line 652, in on_member_update
    before_timeout = before.timed_out_until
                     ^^^^^^^^^^^^^^^^^^^^^^
AttributeError: 'Member' object has no attribute 'timed_out_until'
Ignoring exception in on_member_update
Traceback (most recent call last):
  File "/usr/local/lib/python3.12/site-packages/discord/client.py", line 465, in _run_event
    await coro(*args, **kwargs)
  File "/app/asu_discord/cogs/analytics.py", line 652, in on_member_update
    before_timeout = before.timed_out_until
                     ^^^^^^^^^^^^^^^^^^^^^^
AttributeError: 'Member' object has no attribute 'timed_out_until'
Ignoring exception in on_member_update
Traceback (most recent call last):
  File "/usr/local/lib/python3.12/site-packages/discord/client.py", line 465, in _run_event
    await coro(*args, **kwargs)
  File "/app/asu_discord/cogs/analytics.py", line 652, in on_member_update
    before_timeout = before.timed_out_until
                     ^^^^^^^^^^^^^^^^^^^^^^
AttributeError: 'Member' object has no attribute 'timed_out_until'
Ignoring exception in on_member_update
Traceback (most recent call last):
  File "/usr/local/lib/python3.12/site-packages/discord/client.py", line 465, in _run_event
    await coro(*args, **kwargs)
  File "/app/asu_discord/cogs/analytics.py", line 652, in on_member_update
    before_timeout = before.timed_out_until
                     ^^^^^^^^^^^^^^^^^^^^^^
AttributeError: 'Member' object has no attribute 'timed_out_until'
Ignoring exception in on_member_update
Traceback (most recent call last):
  File "/usr/local/lib/python3.12/site-packages/discord/client.py", line 465, in _run_event
    await coro(*args, **kwargs)
  File "/app/asu_discord/cogs/analytics.py", line 652, in on_member_update
    before_timeout = before.timed_out_until
                     ^^^^^^^^^^^^^^^^^^^^^^
AttributeError: 'Member' object has no attribute 'timed_out_until'
Ignoring exception in on_member_update
Traceback (most recent call last):
  File "/usr/local/lib/python3.12/site-packages/discord/client.py", line 465, in _run_event
    await coro(*args, **kwargs)
  File "/app/asu_discord/cogs/analytics.py", line 652, in on_member_update
    before_timeout = before.timed_out_until
                     ^^^^^^^^^^^^^^^^^^^^^^
AttributeError: 'Member' object has no attribute 'timed_out_until'
Ignoring exception in on_member_update
Traceback (most recent call last):
  File "/usr/local/lib/python3.12/site-packages/discord/client.py", line 465, in _run_event
    await coro(*args, **kwargs)
  File "/app/asu_discord/cogs/analytics.py", line 652, in on_member_update
    before_timeout = before.timed_out_until
                     ^^^^^^^^^^^^^^^^^^^^^^
AttributeError: 'Member' object has no attribute 'timed_out_until'
Ignoring exception in on_member_update
Traceback (most recent call last):
  File "/usr/local/lib/python3.12/site-packages/discord/client.py", line 465, in _run_event
    await coro(*args, **kwargs)
  File "/app/asu_discord/cogs/analytics.py", line 652, in on_member_update
    before_timeout = before.timed_out_until
                     ^^^^^^^^^^^^^^^^^^^^^^
AttributeError: 'Member' object has no attribute 'timed_out_until'
Ignoring exception in on_member_update
Traceback (most recent call last):
  File "/usr/local/lib/python3.12/site-packages/discord/client.py", line 465, in _run_event
    await coro(*args, **kwargs)
  File "/app/asu_discord/cogs/analytics.py", line 652, in on_member_update
    before_timeout = before.timed_out_until
                     ^^^^^^^^^^^^^^^^^^^^^^
AttributeError: 'Member' object has no attribute 'timed_out_until'
INFO:asu_discord.cogs.verification:Saved 5 roles to database for user aseetha6 (Discord ID: 724280282416676916)
INFO:asu_discord.cogs.verification:Refreshed Salesforce roles for Discord user 724280282416676916: -4/+5 roles, assigned=[Commited, Graduate Student, International Student, Ira A. Fulton Schools of Engineering, Tempe]
Ignoring exception in on_member_update
Traceback (most recent call last):
  File "/usr/local/lib/python3.12/site-packages/discord/client.py", line 465, in _run_event
    await coro(*args, **kwargs)
  File "/app/asu_discord/cogs/analytics.py", line 652, in on_member_update
    before_timeout = before.timed_out_until
                     ^^^^^^^^^^^^^^^^^^^^^^
AttributeError: 'Member' object has no attribute 'timed_out_until'
Ignoring exception in on_member_update
Traceback (most recent call last):
  File "/usr/local/lib/python3.12/site-packages/discord/client.py", line 465, in _run_event
    await coro(*args, **kwargs)
  File "/app/asu_discord/cogs/analytics.py", line 652, in on_member_update
    before_timeout = before.timed_out_until
                     ^^^^^^^^^^^^^^^^^^^^^^
AttributeError: 'Member' object has no attribute 'timed_out_until'
Ignoring exception in on_member_update
Traceback (most recent call last):
  File "/usr/local/lib/python3.12/site-packages/discord/client.py", line 465, in _run_event
    await coro(*args, **kwargs)
  File "/app/asu_discord/cogs/analytics.py", line 652, in on_member_update
    before_timeout = before.timed_out_until
                     ^^^^^^^^^^^^^^^^^^^^^^
AttributeError: 'Member' object has no attribute 'timed_out_until'
Ignoring exception in on_member_update
Traceback (most recent call last):
  File "/usr/local/lib/python3.12/site-packages/discord/client.py", line 465, in _run_event
    await coro(*args, **kwargs)
  File "/app/asu_discord/cogs/analytics.py", line 652, in on_member_update
    before_timeout = before.timed_out_until
                     ^^^^^^^^^^^^^^^^^^^^^^
AttributeError: 'Member' object has no attribute 'timed_out_until'
Ignoring exception in on_member_update
Traceback (most recent call last):
  File "/usr/local/lib/python3.12/site-packages/discord/client.py", line 465, in _run_event
    await coro(*args, **kwargs)
  File "/app/asu_discord/cogs/analytics.py", line 652, in on_member_update
    before_timeout = before.timed_out_until
                     ^^^^^^^^^^^^^^^^^^^^^^
AttributeError: 'Member' object has no attribute 'timed_out_until'
Ignoring exception in on_member_update
Traceback (most recent call last):
  File "/usr/local/lib/python3.12/site-packages/discord/client.py", line 465, in _run_event
    await coro(*args, **kwargs)
  File "/app/asu_discord/cogs/analytics.py", line 652, in on_member_update
    before_timeout = before.timed_out_until
                     ^^^^^^^^^^^^^^^^^^^^^^
AttributeError: 'Member' object has no attribute 'timed_out_until'
Ignoring exception in on_member_update
Traceback (most recent call last):
  File "/usr/local/lib/python3.12/site-packages/discord/client.py", line 465, in _run_event
    await coro(*args, **kwargs)
  File "/app/asu_discord/cogs/analytics.py", line 652, in on_member_update
    before_timeout = before.timed_out_until
                     ^^^^^^^^^^^^^^^^^^^^^^
AttributeError: 'Member' object has no attribute 'timed_out_until'
Ignoring exception in on_member_update
Traceback (most recent call last):
  File "/usr/local/lib/python3.12/site-packages/discord/client.py", line 465, in _run_event
    await coro(*args, **kwargs)
  File "/app/asu_discord/cogs/analytics.py", line 652, in on_member_update
    before_timeout = before.timed_out_until
                     ^^^^^^^^^^^^^^^^^^^^^^
AttributeError: 'Member' object has no attribute 'timed_out_until'
Ignoring exception in on_member_update
Traceback (most recent call last):
  File "/usr/local/lib/python3.12/site-packages/discord/client.py", line 465, in _run_event
    await coro(*args, **kwargs)
  File "/app/asu_discord/cogs/analytics.py", line 652, in on_member_update
    before_timeout = before.timed_out_until
                     ^^^^^^^^^^^^^^^^^^^^^^
AttributeError: 'Member' object has no attribute 'timed_out_until'
Ignoring exception in on_member_update
Traceback (most recent call last):
  File "/usr/local/lib/python3.12/site-packages/discord/client.py", line 465, in _run_event
    await coro(*args, **kwargs)
  File "/app/asu_discord/cogs/analytics.py", line 652, in on_member_update
    before_timeout = before.timed_out_until
                     ^^^^^^^^^^^^^^^^^^^^^^
AttributeError: 'Member' object has no attribute 'timed_out_until'
Ignoring exception in on_member_update
Traceback (most recent call last):
  File "/usr/local/lib/python3.12/site-packages/discord/client.py", line 465, in _run_event
    await coro(*args, **kwargs)
  File "/app/asu_discord/cogs/analytics.py", line 652, in on_member_update
    before_timeout = before.timed_out_until
                     ^^^^^^^^^^^^^^^^^^^^^^
AttributeError: 'Member' object has no attribute 'timed_out_until'
Ignoring exception in on_member_update
Traceback (most recent call last):
  File "/usr/local/lib/python3.12/site-packages/discord/client.py", line 465, in _run_event
    await coro(*args, **kwargs)
  File "/app/asu_discord/cogs/analytics.py", line 652, in on_member_update
    before_timeout = before.timed_out_until
                     ^^^^^^^^^^^^^^^^^^^^^^
AttributeError: 'Member' object has no attribute 'timed_out_until'
INFO:asu_discord.cogs.verification:Saved 6 roles to database for user sakhand1 (Discord ID: 439112322536177685)
INFO:asu_discord.cogs.verification:Refreshed Salesforce roles for Discord user 439112322536177685: -6/+6 roles, assigned=[Commited, First Generation Student, Graduate Student, International Student, Ira A. Fulton Schools of Engineering, Tempe]
Ignoring exception in on_member_update
Traceback (most recent call last):
  File "/usr/local/lib/python3.12/site-packages/discord/client.py", line 465, in _run_event
    await coro(*args, **kwargs)
  File "/app/asu_discord/cogs/analytics.py", line 652, in on_member_update
    before_timeout = before.timed_out_until
                     ^^^^^^^^^^^^^^^^^^^^^^
AttributeError: 'Member' object has no attribute 'timed_out_until'
Ignoring exception in on_member_update
Traceback (most recent call last):
  File "/usr/local/lib/python3.12/site-packages/discord/client.py", line 465, in _run_event
    await coro(*args, **kwargs)
  File "/app/asu_discord/cogs/analytics.py", line 652, in on_member_update
    before_timeout = before.timed_out_until
                     ^^^^^^^^^^^^^^^^^^^^^^
AttributeError: 'Member' object has no attribute 'timed_out_until'
Ignoring exception in on_member_update
Traceback (most recent call last):
  File "/usr/local/lib/python3.12/site-packages/discord/client.py", line 465, in _run_event
    await coro(*args, **kwargs)
  File "/app/asu_discord/cogs/analytics.py", line 652, in on_member_update
    before_timeout = before.timed_out_until
                     ^^^^^^^^^^^^^^^^^^^^^^
AttributeError: 'Member' object has no attribute 'timed_out_until'
Ignoring exception in on_member_update
Traceback (most recent call last):
  File "/usr/local/lib/python3.12/site-packages/discord/client.py", line 465, in _run_event
    await coro(*args, **kwargs)
  File "/app/asu_discord/cogs/analytics.py", line 652, in on_member_update
    before_timeout = before.timed_out_until
                     ^^^^^^^^^^^^^^^^^^^^^^
AttributeError: 'Member' object has no attribute 'timed_out_until'
Ignoring exception in on_member_update
Traceback (most recent call last):
  File "/usr/local/lib/python3.12/site-packages/discord/client.py", line 465, in _run_event
    await coro(*args, **kwargs)
  File "/app/asu_discord/cogs/analytics.py", line 652, in on_member_update
    before_timeout = before.timed_out_until
                     ^^^^^^^^^^^^^^^^^^^^^^
AttributeError: 'Member' object has no attribute 'timed_out_until'
Ignoring exception in on_member_update
Traceback (most recent call last):
  File "/usr/local/lib/python3.12/site-packages/discord/client.py", line 465, in _run_event
    await coro(*args, **kwargs)
  File "/app/asu_discord/cogs/analytics.py", line 652, in on_member_update
    before_timeout = before.timed_out_until
                     ^^^^^^^^^^^^^^^^^^^^^^
AttributeError: 'Member' object has no attribute 'timed_out_until'
Ignoring exception in on_member_update
Traceback (most recent call last):
  File "/usr/local/lib/python3.12/site-packages/discord/client.py", line 465, in _run_event
    await coro(*args, **kwargs)
  File "/app/asu_discord/cogs/analytics.py", line 652, in on_member_update
    before_timeout = before.timed_out_until
                     ^^^^^^^^^^^^^^^^^^^^^^
AttributeError: 'Member' object has no attribute 'timed_out_until'
Ignoring exception in on_member_update
Traceback (most recent call last):
  File "/usr/local/lib/python3.12/site-packages/discord/client.py", line 465, in _run_event
    await coro(*args, **kwargs)
  File "/app/asu_discord/cogs/analytics.py", line 652, in on_member_update
    before_timeout = before.timed_out_until
                     ^^^^^^^^^^^^^^^^^^^^^^
AttributeError: 'Member' object has no attribute 'timed_out_until'
Ignoring exception in on_member_update
Traceback (most recent call last):
  File "/usr/local/lib/python3.12/site-packages/discord/client.py", line 465, in _run_event
    await coro(*args, **kwargs)
  File "/app/asu_discord/cogs/analytics.py", line 652, in on_member_update
    before_timeout = before.timed_out_until
                     ^^^^^^^^^^^^^^^^^^^^^^
AttributeError: 'Member' object has no attribute 'timed_out_until'
Ignoring exception in on_member_update
Traceback (most recent call last):
  File "/usr/local/lib/python3.12/site-packages/discord/client.py", line 465, in _run_event
    await coro(*args, **kwargs)
  File "/app/asu_discord/cogs/analytics.py", line 652, in on_member_update
    before_timeout = before.timed_out_until
                     ^^^^^^^^^^^^^^^^^^^^^^
AttributeError: 'Member' object has no attribute 'timed_out_until'
INFO:asu_discord.cogs.verification:Saved 5 roles to database for user jvaldi11 (Discord ID: 633658882111176720)
INFO:asu_discord.cogs.verification:Refreshed Salesforce roles for Discord user 633658882111176720: -5/+5 roles, assigned=[Arizona Resident, College of Health Solutions, Downtown Phoenix, First Generation Student, First Year]
Ignoring exception in on_member_update
Traceback (most recent call last):
  File "/usr/local/lib/python3.12/site-packages/discord/client.py", line 465, in _run_event
    await coro(*args, **kwargs)
  File "/app/asu_discord/cogs/analytics.py", line 652, in on_member_update
    before_timeout = before.timed_out_until
                     ^^^^^^^^^^^^^^^^^^^^^^
AttributeError: 'Member' object has no attribute 'timed_out_until'
Ignoring exception in on_member_update
Traceback (most recent call last):
  File "/usr/local/lib/python3.12/site-packages/discord/client.py", line 465, in _run_event
    await coro(*args, **kwargs)
  File "/app/asu_discord/cogs/analytics.py", line 652, in on_member_update
    before_timeout = before.timed_out_until
                     ^^^^^^^^^^^^^^^^^^^^^^
AttributeError: 'Member' object has no attribute 'timed_out_until'
INFO:asu_discord.cogs.verification:Saved 1 roles to database for user ddnguy25 (Discord ID: 1513280743441432666)
INFO:asu_discord.cogs.verification:Refreshed Salesforce roles for Discord user 1513280743441432666: -1/+1 roles, assigned=[Out of State]
Ignoring exception in on_member_update
Traceback (most recent call last):
  File "/usr/local/lib/python3.12/site-packages/discord/client.py", line 465, in _run_event
    await coro(*args, **kwargs)
  File "/app/asu_discord/cogs/analytics.py", line 652, in on_member_update
    before_timeout = before.timed_out_until
                     ^^^^^^^^^^^^^^^^^^^^^^
AttributeError: 'Member' object has no attribute 'timed_out_until'
Ignoring exception in on_member_update
Traceback (most recent call last):
  File "/usr/local/lib/python3.12/site-packages/discord/client.py", line 465, in _run_event
    await coro(*args, **kwargs)
  File "/app/asu_discord/cogs/analytics.py", line 652, in on_member_update
    before_timeout = before.timed_out_until
                     ^^^^^^^^^^^^^^^^^^^^^^
AttributeError: 'Member' object has no attribute 'timed_out_until'
Ignoring exception in on_member_update
Traceback (most recent call last):
  File "/usr/local/lib/python3.12/site-packages/discord/client.py", line 465, in _run_event
    await coro(*args, **kwargs)
  File "/app/asu_discord/cogs/analytics.py", line 652, in on_member_update
    before_timeout = before.timed_out_until
                     ^^^^^^^^^^^^^^^^^^^^^^
AttributeError: 'Member' object has no attribute 'timed_out_until'
Ignoring exception in on_member_update
Traceback (most recent call last):
  File "/usr/local/lib/python3.12/site-packages/discord/client.py", line 465, in _run_event
    await coro(*args, **kwargs)
  File "/app/asu_discord/cogs/analytics.py", line 652, in on_member_update
    before_timeout = before.timed_out_until
                     ^^^^^^^^^^^^^^^^^^^^^^
AttributeError: 'Member' object has no attribute 'timed_out_until'
Ignoring exception in on_member_update
Traceback (most recent call last):
  File "/usr/local/lib/python3.12/site-packages/discord/client.py", line 465, in _run_event
    await coro(*args, **kwargs)
  File "/app/asu_discord/cogs/analytics.py", line 652, in on_member_update
    before_timeout = before.timed_out_until
                     ^^^^^^^^^^^^^^^^^^^^^^
AttributeError: 'Member' object has no attribute 'timed_out_until'
Ignoring exception in on_member_update
Traceback (most recent call last):
  File "/usr/local/lib/python3.12/site-packages/discord/client.py", line 465, in _run_event
    await coro(*args, **kwargs)
  File "/app/asu_discord/cogs/analytics.py", line 652, in on_member_update
    before_timeout = before.timed_out_until
                     ^^^^^^^^^^^^^^^^^^^^^^
AttributeError: 'Member' object has no attribute 'timed_out_until'
Ignoring exception in on_member_update
Traceback (most recent call last):
  File "/usr/local/lib/python3.12/site-packages/discord/client.py", line 465, in _run_event
    await coro(*args, **kwargs)
  File "/app/asu_discord/cogs/analytics.py", line 652, in on_member_update
    before_timeout = before.timed_out_until
                     ^^^^^^^^^^^^^^^^^^^^^^
AttributeError: 'Member' object has no attribute 'timed_out_until'
Ignoring exception in on_member_update
Traceback (most recent call last):
  File "/usr/local/lib/python3.12/site-packages/discord/client.py", line 465, in _run_event
    await coro(*args, **kwargs)
  File "/app/asu_discord/cogs/analytics.py", line 652, in on_member_update
    before_timeout = before.timed_out_until
                     ^^^^^^^^^^^^^^^^^^^^^^
AttributeError: 'Member' object has no attribute 'timed_out_until'
Ignoring exception in on_member_update
Traceback (most recent call last):
  File "/usr/local/lib/python3.12/site-packages/discord/client.py", line 465, in _run_event
    await coro(*args, **kwargs)
  File "/app/asu_discord/cogs/analytics.py", line 652, in on_member_update
    before_timeout = before.timed_out_until
                     ^^^^^^^^^^^^^^^^^^^^^^
AttributeError: 'Member' object has no attribute 'timed_out_until'
Ignoring exception in on_member_update
Traceback (most recent call last):
  File "/usr/local/lib/python3.12/site-packages/discord/client.py", line 465, in _run_event
    await coro(*args, **kwargs)
  File "/app/asu_discord/cogs/analytics.py", line 652, in on_member_update
    before_timeout = before.timed_out_until
                     ^^^^^^^^^^^^^^^^^^^^^^
AttributeError: 'Member' object has no attribute 'timed_out_until'
INFO:asu_discord.cogs.verification:Saved 6 roles to database for user salghan7 (Discord ID: 415975081693544448)
INFO:asu_discord.cogs.verification:Refreshed Salesforce roles for Discord user 415975081693544448: -4/+6 roles, assigned=[Commited, First Generation Student, First Year, International Student, Ira A. Fulton Schools of Engineering, Tempe]
ERROR:cron.jobs:refresh_salesforce_roles: failed for prajesh8 (Discord ID 864546170654818325): Failed to refresh Salesforce-based roles: Discord user 864546170654818325 is not a member of the guild
Ignoring exception in on_member_update
Traceback (most recent call last):
  File "/usr/local/lib/python3.12/site-packages/discord/client.py", line 465, in _run_event
    await coro(*args, **kwargs)
  File "/app/asu_discord/cogs/analytics.py", line 652, in on_member_update
    before_timeout = before.timed_out_until
                     ^^^^^^^^^^^^^^^^^^^^^^
AttributeError: 'Member' object has no attribute 'timed_out_until'
Ignoring exception in on_member_update
Traceback (most recent call last):
  File "/usr/local/lib/python3.12/site-packages/discord/client.py", line 465, in _run_event
    await coro(*args, **kwargs)
  File "/app/asu_discord/cogs/analytics.py", line 652, in on_member_update
    before_timeout = before.timed_out_until
                     ^^^^^^^^^^^^^^^^^^^^^^
AttributeError: 'Member' object has no attribute 'timed_out_until'
Ignoring exception in on_member_update
Traceback (most recent call last):
  File "/usr/local/lib/python3.12/site-packages/discord/client.py", line 465, in _run_event
    await coro(*args, **kwargs)
  File "/app/asu_discord/cogs/analytics.py", line 652, in on_member_update
    before_timeout = before.timed_out_until
                     ^^^^^^^^^^^^^^^^^^^^^^
AttributeError: 'Member' object has no attribute 'timed_out_until'
Ignoring exception in on_member_update
Traceback (most recent call last):
  File "/usr/local/lib/python3.12/site-packages/discord/client.py", line 465, in _run_event
    await coro(*args, **kwargs)
  File "/app/asu_discord/cogs/analytics.py", line 652, in on_member_update
    before_timeout = before.timed_out_until
                     ^^^^^^^^^^^^^^^^^^^^^^
AttributeError: 'Member' object has no attribute 'timed_out_until'
Ignoring exception in on_member_update
Traceback (most recent call last):
  File "/usr/local/lib/python3.12/site-packages/discord/client.py", line 465, in _run_event
    await coro(*args, **kwargs)
  File "/app/asu_discord/cogs/analytics.py", line 652, in on_member_update
    before_timeout = before.timed_out_until
                     ^^^^^^^^^^^^^^^^^^^^^^
AttributeError: 'Member' object has no attribute 'timed_out_until'
Ignoring exception in on_member_update
Traceback (most recent call last):
  File "/usr/local/lib/python3.12/site-packages/discord/client.py", line 465, in _run_event
    await coro(*args, **kwargs)
  File "/app/asu_discord/cogs/analytics.py", line 652, in on_member_update
    before_timeout = before.timed_out_until
                     ^^^^^^^^^^^^^^^^^^^^^^
AttributeError: 'Member' object has no attribute 'timed_out_until'
Ignoring exception in on_member_update
Traceback (most recent call last):
  File "/usr/local/lib/python3.12/site-packages/discord/client.py", line 465, in _run_event
    await coro(*args, **kwargs)
  File "/app/asu_discord/cogs/analytics.py", line 652, in on_member_update
    before_timeout = before.timed_out_until
                     ^^^^^^^^^^^^^^^^^^^^^^
AttributeError: 'Member' object has no attribute 'timed_out_until'
Ignoring exception in on_member_update
Traceback (most recent call last):
  File "/usr/local/lib/python3.12/site-packages/discord/client.py", line 465, in _run_event
    await coro(*args, **kwargs)
  File "/app/asu_discord/cogs/analytics.py", line 652, in on_member_update
    before_timeout = before.timed_out_until
                     ^^^^^^^^^^^^^^^^^^^^^^
AttributeError: 'Member' object has no attribute 'timed_out_until'
Ignoring exception in on_member_update
Traceback (most recent call last):
  File "/usr/local/lib/python3.12/site-packages/discord/client.py", line 465, in _run_event
    await coro(*args, **kwargs)
  File "/app/asu_discord/cogs/analytics.py", line 652, in on_member_update
    before_timeout = before.timed_out_until
                     ^^^^^^^^^^^^^^^^^^^^^^
AttributeError: 'Member' object has no attribute 'timed_out_until'
Ignoring exception in on_member_update
Traceback (most recent call last):
  File "/usr/local/lib/python3.12/site-packages/discord/client.py", line 465, in _run_event
    await coro(*args, **kwargs)
  File "/app/asu_discord/cogs/analytics.py", line 652, in on_member_update
    before_timeout = before.timed_out_until
                     ^^^^^^^^^^^^^^^^^^^^^^
AttributeError: 'Member' object has no attribute 'timed_out_until'
INFO:asu_discord.cogs.verification:Saved 6 roles to database for user cbennefi (Discord ID: 688187634664734826)
INFO:asu_discord.cogs.verification:Refreshed Salesforce roles for Discord user 688187634664734826: -4/+6 roles, assigned=[Arizona Resident, Commited, First Year, Ira A. Fulton Schools of Engineering, Tempe, Upperclassmen]
Ignoring exception in on_member_update
Traceback (most recent call last):
  File "/usr/local/lib/python3.12/site-packages/discord/client.py", line 465, in _run_event
    await coro(*args, **kwargs)
  File "/app/asu_discord/cogs/analytics.py", line 652, in on_member_update
    before_timeout = before.timed_out_until
                     ^^^^^^^^^^^^^^^^^^^^^^
AttributeError: 'Member' object has no attribute 'timed_out_until'
Ignoring exception in on_member_update
Traceback (most recent call last):
  File "/usr/local/lib/python3.12/site-packages/discord/client.py", line 465, in _run_event
    await coro(*args, **kwargs)
  File "/app/asu_discord/cogs/analytics.py", line 652, in on_member_update
    before_timeout = before.timed_out_until
                     ^^^^^^^^^^^^^^^^^^^^^^
AttributeError: 'Member' object has no attribute 'timed_out_until'
Ignoring exception in on_member_update
Traceback (most recent call last):
  File "/usr/local/lib/python3.12/site-packages/discord/client.py", line 465, in _run_event
    await coro(*args, **kwargs)
  File "/app/asu_discord/cogs/analytics.py", line 652, in on_member_update
    before_timeout = before.timed_out_until
                     ^^^^^^^^^^^^^^^^^^^^^^
AttributeError: 'Member' object has no attribute 'timed_out_until'
Ignoring exception in on_member_update
Traceback (most recent call last):
  File "/usr/local/lib/python3.12/site-packages/discord/client.py", line 465, in _run_event
    await coro(*args, **kwargs)
  File "/app/asu_discord/cogs/analytics.py", line 652, in on_member_update
    before_timeout = before.timed_out_until
                     ^^^^^^^^^^^^^^^^^^^^^^
AttributeError: 'Member' object has no attribute 'timed_out_until'
Ignoring exception in on_member_update
Traceback (most recent call last):
  File "/usr/local/lib/python3.12/site-packages/discord/client.py", line 465, in _run_event
    await coro(*args, **kwargs)
  File "/app/asu_discord/cogs/analytics.py", line 652, in on_member_update
    before_timeout = before.timed_out_until
                     ^^^^^^^^^^^^^^^^^^^^^^
AttributeError: 'Member' object has no attribute 'timed_out_until'
Ignoring exception in on_member_update
Traceback (most recent call last):
  File "/usr/local/lib/python3.12/site-packages/discord/client.py", line 465, in _run_event
    await coro(*args, **kwargs)
  File "/app/asu_discord/cogs/analytics.py", line 652, in on_member_update
    before_timeout = before.timed_out_until
                     ^^^^^^^^^^^^^^^^^^^^^^
AttributeError: 'Member' object has no attribute 'timed_out_until'
Ignoring exception in on_member_update
Traceback (most recent call last):
  File "/usr/local/lib/python3.12/site-packages/discord/client.py", line 465, in _run_event
    await coro(*args, **kwargs)
  File "/app/asu_discord/cogs/analytics.py", line 652, in on_member_update
    before_timeout = before.timed_out_until
                     ^^^^^^^^^^^^^^^^^^^^^^
AttributeError: 'Member' object has no attribute 'timed_out_until'
Ignoring exception in on_member_update
Traceback (most recent call last):
  File "/usr/local/lib/python3.12/site-packages/discord/client.py", line 465, in _run_event
    await coro(*args, **kwargs)
  File "/app/asu_discord/cogs/analytics.py", line 652, in on_member_update
    before_timeout = before.timed_out_until
                     ^^^^^^^^^^^^^^^^^^^^^^
AttributeError: 'Member' object has no attribute 'timed_out_until'
Ignoring exception in on_member_update
Traceback (most recent call last):
  File "/usr/local/lib/python3.12/site-packages/discord/client.py", line 465, in _run_event
    await coro(*args, **kwargs)
  File "/app/asu_discord/cogs/analytics.py", line 652, in on_member_update
    before_timeout = before.timed_out_until
                     ^^^^^^^^^^^^^^^^^^^^^^
AttributeError: 'Member' object has no attribute 'timed_out_until'
Ignoring exception in on_member_update
Traceback (most recent call last):
  File "/usr/local/lib/python3.12/site-packages/discord/client.py", line 465, in _run_event
    await coro(*args, **kwargs)
  File "/app/asu_discord/cogs/analytics.py", line 652, in on_member_update
    before_timeout = before.timed_out_until
                     ^^^^^^^^^^^^^^^^^^^^^^
AttributeError: 'Member' object has no attribute 'timed_out_until'
INFO:asu_discord.cogs.verification:Saved 5 roles to database for user swhammes (Discord ID: 317865152198475789)
INFO:asu_discord.cogs.verification:Refreshed Salesforce roles for Discord user 317865152198475789: -5/+5 roles, assigned=[New College of Interdisciplinary Arts and Sciences, Online, Out of State, Transfer Student, Upperclassmen]
Ignoring exception in on_member_update
Traceback (most recent call last):
  File "/usr/local/lib/python3.12/site-packages/discord/client.py", line 465, in _run_event
    await coro(*args, **kwargs)
  File "/app/asu_discord/cogs/analytics.py", line 652, in on_member_update
    before_timeout = before.timed_out_until
                     ^^^^^^^^^^^^^^^^^^^^^^
AttributeError: 'Member' object has no attribute 'timed_out_until'
Ignoring exception in on_member_update
Traceback (most recent call last):
  File "/usr/local/lib/python3.12/site-packages/discord/client.py", line 465, in _run_event
    await coro(*args, **kwargs)
  File "/app/asu_discord/cogs/analytics.py", line 652, in on_member_update
    before_timeout = before.timed_out_until
                     ^^^^^^^^^^^^^^^^^^^^^^
AttributeError: 'Member' object has no attribute 'timed_out_until'
Ignoring exception in on_member_update
Traceback (most recent call last):
  File "/usr/local/lib/python3.12/site-packages/discord/client.py", line 465, in _run_event
    await coro(*args, **kwargs)
  File "/app/asu_discord/cogs/analytics.py", line 652, in on_member_update
    before_timeout = before.timed_out_until
                     ^^^^^^^^^^^^^^^^^^^^^^
AttributeError: 'Member' object has no attribute 'timed_out_until'
Ignoring exception in on_member_update
Traceback (most recent call last):
  File "/usr/local/lib/python3.12/site-packages/discord/client.py", line 465, in _run_event
    await coro(*args, **kwargs)
  File "/app/asu_discord/cogs/analytics.py", line 652, in on_member_update
    before_timeout = before.timed_out_until
                     ^^^^^^^^^^^^^^^^^^^^^^
AttributeError: 'Member' object has no attribute 'timed_out_until'
Ignoring exception in on_member_update
Traceback (most recent call last):
  File "/usr/local/lib/python3.12/site-packages/discord/client.py", line 465, in _run_event
    await coro(*args, **kwargs)
  File "/app/asu_discord/cogs/analytics.py", line 652, in on_member_update
    before_timeout = before.timed_out_until
                     ^^^^^^^^^^^^^^^^^^^^^^
AttributeError: 'Member' object has no attribute 'timed_out_until'
Ignoring exception in on_member_update
Traceback (most recent call last):
  File "/usr/local/lib/python3.12/site-packages/discord/client.py", line 465, in _run_event
    await coro(*args, **kwargs)
  File "/app/asu_discord/cogs/analytics.py", line 652, in on_member_update
    before_timeout = before.timed_out_until
                     ^^^^^^^^^^^^^^^^^^^^^^
AttributeError: 'Member' object has no attribute 'timed_out_until'
Ignoring exception in on_member_update
Traceback (most recent call last):
  File "/usr/local/lib/python3.12/site-packages/discord/client.py", line 465, in _run_event
    await coro(*args, **kwargs)
  File "/app/asu_discord/cogs/analytics.py", line 652, in on_member_update
    before_timeout = before.timed_out_until
                     ^^^^^^^^^^^^^^^^^^^^^^
AttributeError: 'Member' object has no attribute 'timed_out_until'
Ignoring exception in on_member_update
Traceback (most recent call last):
  File "/usr/local/lib/python3.12/site-packages/discord/client.py", line 465, in _run_event
    await coro(*args, **kwargs)
  File "/app/asu_discord/cogs/analytics.py", line 652, in on_member_update
    before_timeout = before.timed_out_until
                     ^^^^^^^^^^^^^^^^^^^^^^
AttributeError: 'Member' object has no attribute 'timed_out_until'
INFO:asu_discord.cogs.verification:Saved 4 roles to database for user imahbub1 (Discord ID: 552155185611276289)
INFO:asu_discord.cogs.verification:Refreshed Salesforce roles for Discord user 552155185611276289: -4/+4 roles, assigned=[Graduate Student, International Student, Ira A. Fulton Schools of Engineering, Tempe]
Ignoring exception in on_member_update
Traceback (most recent call last):
  File "/usr/local/lib/python3.12/site-packages/discord/client.py", line 465, in _run_event
    await coro(*args, **kwargs)
  File "/app/asu_discord/cogs/analytics.py", line 652, in on_member_update
    before_timeout = before.timed_out_until
                     ^^^^^^^^^^^^^^^^^^^^^^
AttributeError: 'Member' object has no attribute 'timed_out_until'
Ignoring exception in on_member_update
Traceback (most recent call last):
  File "/usr/local/lib/python3.12/site-packages/discord/client.py", line 465, in _run_event
    await coro(*args, **kwargs)
  File "/app/asu_discord/cogs/analytics.py", line 652, in on_member_update
    before_timeout = before.timed_out_until
                     ^^^^^^^^^^^^^^^^^^^^^^
AttributeError: 'Member' object has no attribute 'timed_out_until'
Ignoring exception in on_member_update
Traceback (most recent call last):
  File "/usr/local/lib/python3.12/site-packages/discord/client.py", line 465, in _run_event
    await coro(*args, **kwargs)
  File "/app/asu_discord/cogs/analytics.py", line 652, in on_member_update
    before_timeout = before.timed_out_until
                     ^^^^^^^^^^^^^^^^^^^^^^
AttributeError: 'Member' object has no attribute 'timed_out_until'
Ignoring exception in on_member_update
Traceback (most recent call last):
  File "/usr/local/lib/python3.12/site-packages/discord/client.py", line 465, in _run_event
    await coro(*args, **kwargs)
  File "/app/asu_discord/cogs/analytics.py", line 652, in on_member_update
    before_timeout = before.timed_out_until
                     ^^^^^^^^^^^^^^^^^^^^^^
AttributeError: 'Member' object has no attribute 'timed_out_until'
Ignoring exception in on_member_update
Traceback (most recent call last):
  File "/usr/local/lib/python3.12/site-packages/discord/client.py", line 465, in _run_event
    await coro(*args, **kwargs)
  File "/app/asu_discord/cogs/analytics.py", line 652, in on_member_update
    before_timeout = before.timed_out_until
                     ^^^^^^^^^^^^^^^^^^^^^^
AttributeError: 'Member' object has no attribute 'timed_out_until'
Ignoring exception in on_member_update
Traceback (most recent call last):
  File "/usr/local/lib/python3.12/site-packages/discord/client.py", line 465, in _run_event
    await coro(*args, **kwargs)
  File "/app/asu_discord/cogs/analytics.py", line 652, in on_member_update
    before_timeout = before.timed_out_until
                     ^^^^^^^^^^^^^^^^^^^^^^
AttributeError: 'Member' object has no attribute 'timed_out_until'
Ignoring exception in on_member_update
Traceback (most recent call last):
  File "/usr/local/lib/python3.12/site-packages/discord/client.py", line 465, in _run_event
    await coro(*args, **kwargs)
  File "/app/asu_discord/cogs/analytics.py", line 652, in on_member_update
    before_timeout = before.timed_out_until
                     ^^^^^^^^^^^^^^^^^^^^^^
AttributeError: 'Member' object has no attribute 'timed_out_until'
Ignoring exception in on_member_update
Traceback (most recent call last):
  File "/usr/local/lib/python3.12/site-packages/discord/client.py", line 465, in _run_event
    await coro(*args, **kwargs)
  File "/app/asu_discord/cogs/analytics.py", line 652, in on_member_update
    before_timeout = before.timed_out_until
                     ^^^^^^^^^^^^^^^^^^^^^^
AttributeError: 'Member' object has no attribute 'timed_out_until'
Ignoring exception in on_member_update
Traceback (most recent call last):
  File "/usr/local/lib/python3.12/site-packages/discord/client.py", line 465, in _run_event
    await coro(*args, **kwargs)
  File "/app/asu_discord/cogs/analytics.py", line 652, in on_member_update
    before_timeout = before.timed_out_until
                     ^^^^^^^^^^^^^^^^^^^^^^
AttributeError: 'Member' object has no attribute 'timed_out_until'
Ignoring exception in on_member_update
Traceback (most recent call last):
  File "/usr/local/lib/python3.12/site-packages/discord/client.py", line 465, in _run_event
    await coro(*args, **kwargs)
  File "/app/asu_discord/cogs/analytics.py", line 652, in on_member_update
    before_timeout = before.timed_out_until
                     ^^^^^^^^^^^^^^^^^^^^^^
AttributeError: 'Member' object has no attribute 'timed_out_until'
INFO:asu_discord.cogs.verification:Saved 5 roles to database for user cenunn (Discord ID: 1168670068536787034)
INFO:asu_discord.cogs.verification:Refreshed Salesforce roles for Discord user 1168670068536787034: -5/+5 roles, assigned=[Arizona Resident, Commited, First Year, Ira A. Fulton Schools of Engineering, Tempe]
Ignoring exception in on_member_update
Traceback (most recent call last):
  File "/usr/local/lib/python3.12/site-packages/discord/client.py", line 465, in _run_event
    await coro(*args, **kwargs)
  File "/app/asu_discord/cogs/analytics.py", line 652, in on_member_update
    before_timeout = before.timed_out_until
                     ^^^^^^^^^^^^^^^^^^^^^^
AttributeError: 'Member' object has no attribute 'timed_out_until'
Ignoring exception in on_member_update
Traceback (most recent call last):
  File "/usr/local/lib/python3.12/site-packages/discord/client.py", line 465, in _run_event
    await coro(*args, **kwargs)
  File "/app/asu_discord/cogs/analytics.py", line 652, in on_member_update
    before_timeout = before.timed_out_until
                     ^^^^^^^^^^^^^^^^^^^^^^
AttributeError: 'Member' object has no attribute 'timed_out_until'
Ignoring exception in on_member_update
Traceback (most recent call last):
  File "/usr/local/lib/python3.12/site-packages/discord/client.py", line 465, in _run_event
    await coro(*args, **kwargs)
  File "/app/asu_discord/cogs/analytics.py", line 652, in on_member_update
    before_timeout = before.timed_out_until
                     ^^^^^^^^^^^^^^^^^^^^^^
AttributeError: 'Member' object has no attribute 'timed_out_until'
Ignoring exception in on_member_update
Traceback (most recent call last):
  File "/usr/local/lib/python3.12/site-packages/discord/client.py", line 465, in _run_event
    await coro(*args, **kwargs)
  File "/app/asu_discord/cogs/analytics.py", line 652, in on_member_update
    before_timeout = before.timed_out_until
                     ^^^^^^^^^^^^^^^^^^^^^^
AttributeError: 'Member' object has no attribute 'timed_out_until'
Ignoring exception in on_member_update
Traceback (most recent call last):
  File "/usr/local/lib/python3.12/site-packages/discord/client.py", line 465, in _run_event
    await coro(*args, **kwargs)
  File "/app/asu_discord/cogs/analytics.py", line 652, in on_member_update
    before_timeout = before.timed_out_until
                     ^^^^^^^^^^^^^^^^^^^^^^
AttributeError: 'Member' object has no attribute 'timed_out_until'
Ignoring exception in on_member_update
Traceback (most recent call last):
  File "/usr/local/lib/python3.12/site-packages/discord/client.py", line 465, in _run_event
    await coro(*args, **kwargs)
  File "/app/asu_discord/cogs/analytics.py", line 652, in on_member_update
    before_timeout = before.timed_out_until
                     ^^^^^^^^^^^^^^^^^^^^^^
AttributeError: 'Member' object has no attribute 'timed_out_until'
Ignoring exception in on_member_update
Traceback (most recent call last):
  File "/usr/local/lib/python3.12/site-packages/discord/client.py", line 465, in _run_event
    await coro(*args, **kwargs)
  File "/app/asu_discord/cogs/analytics.py", line 652, in on_member_update
    before_timeout = before.timed_out_until
                     ^^^^^^^^^^^^^^^^^^^^^^
AttributeError: 'Member' object has no attribute 'timed_out_until'
Ignoring exception in on_member_update
Traceback (most recent call last):
  File "/usr/local/lib/python3.12/site-packages/discord/client.py", line 465, in _run_event
    await coro(*args, **kwargs)
  File "/app/asu_discord/cogs/analytics.py", line 652, in on_member_update
    before_timeout = before.timed_out_until
                     ^^^^^^^^^^^^^^^^^^^^^^
AttributeError: 'Member' object has no attribute 'timed_out_until'
Ignoring exception in on_member_update
Traceback (most recent call last):
  File "/usr/local/lib/python3.12/site-packages/discord/client.py", line 465, in _run_event
    await coro(*args, **kwargs)
  File "/app/asu_discord/cogs/analytics.py", line 652, in on_member_update
    before_timeout = before.timed_out_until
                     ^^^^^^^^^^^^^^^^^^^^^^
AttributeError: 'Member' object has no attribute 'timed_out_until'
Ignoring exception in on_member_update
Traceback (most recent call last):
  File "/usr/local/lib/python3.12/site-packages/discord/client.py", line 465, in _run_event
    await coro(*args, **kwargs)
  File "/app/asu_discord/cogs/analytics.py", line 652, in on_member_update
    before_timeout = before.timed_out_until
                     ^^^^^^^^^^^^^^^^^^^^^^
AttributeError: 'Member' object has no attribute 'timed_out_until'
INFO:asu_discord.cogs.verification:Saved 5 roles to database for user jmtabasa (Discord ID: 730660008865431602)
INFO:asu_discord.cogs.verification:Refreshed Salesforce roles for Discord user 730660008865431602: -5/+5 roles, assigned=[Arizona Resident, Commited, Edson College of Nursing and Health Innovation, Transfer Student, West Valley]
Ignoring exception in on_member_update
Traceback (most recent call last):
  File "/usr/local/lib/python3.12/site-packages/discord/client.py", line 465, in _run_event
    await coro(*args, **kwargs)
  File "/app/asu_discord/cogs/analytics.py", line 652, in on_member_update
    before_timeout = before.timed_out_until
                     ^^^^^^^^^^^^^^^^^^^^^^
AttributeError: 'Member' object has no attribute 'timed_out_until'
Ignoring exception in on_member_update
Traceback (most recent call last):
  File "/usr/local/lib/python3.12/site-packages/discord/client.py", line 465, in _run_event
    await coro(*args, **kwargs)
  File "/app/asu_discord/cogs/analytics.py", line 652, in on_member_update
    before_timeout = before.timed_out_until
                     ^^^^^^^^^^^^^^^^^^^^^^
AttributeError: 'Member' object has no attribute 'timed_out_until'
Ignoring exception in on_member_update
Traceback (most recent call last):
  File "/usr/local/lib/python3.12/site-packages/discord/client.py", line 465, in _run_event
    await coro(*args, **kwargs)
  File "/app/asu_discord/cogs/analytics.py", line 652, in on_member_update
    before_timeout = before.timed_out_until
                     ^^^^^^^^^^^^^^^^^^^^^^
AttributeError: 'Member' object has no attribute 'timed_out_until'
Ignoring exception in on_member_update
Traceback (most recent call last):
  File "/usr/local/lib/python3.12/site-packages/discord/client.py", line 465, in _run_event
    await coro(*args, **kwargs)
  File "/app/asu_discord/cogs/analytics.py", line 652, in on_member_update
    before_timeout = before.timed_out_until
                     ^^^^^^^^^^^^^^^^^^^^^^
AttributeError: 'Member' object has no attribute 'timed_out_until'
Ignoring exception in on_member_update
Traceback (most recent call last):
  File "/usr/local/lib/python3.12/site-packages/discord/client.py", line 465, in _run_event
    await coro(*args, **kwargs)
  File "/app/asu_discord/cogs/analytics.py", line 652, in on_member_update
    before_timeout = before.timed_out_until
                     ^^^^^^^^^^^^^^^^^^^^^^
AttributeError: 'Member' object has no attribute 'timed_out_until'
Ignoring exception in on_member_update
Traceback (most recent call last):
  File "/usr/local/lib/python3.12/site-packages/discord/client.py", line 465, in _run_event
    await coro(*args, **kwargs)
  File "/app/asu_discord/cogs/analytics.py", line 652, in on_member_update
    before_timeout = before.timed_out_until
                     ^^^^^^^^^^^^^^^^^^^^^^
AttributeError: 'Member' object has no attribute 'timed_out_until'
Ignoring exception in on_member_update
Traceback (most recent call last):
  File "/usr/local/lib/python3.12/site-packages/discord/client.py", line 465, in _run_event
    await coro(*args, **kwargs)
  File "/app/asu_discord/cogs/analytics.py", line 652, in on_member_update
    before_timeout = before.timed_out_until
                     ^^^^^^^^^^^^^^^^^^^^^^
AttributeError: 'Member' object has no attribute 'timed_out_until'
Ignoring exception in on_member_update
Traceback (most recent call last):
  File "/usr/local/lib/python3.12/site-packages/discord/client.py", line 465, in _run_event
    await coro(*args, **kwargs)
  File "/app/asu_discord/cogs/analytics.py", line 652, in on_member_update
    before_timeout = before.timed_out_until
                     ^^^^^^^^^^^^^^^^^^^^^^
AttributeError: 'Member' object has no attribute 'timed_out_until'
Ignoring exception in on_member_update
Traceback (most recent call last):
  File "/usr/local/lib/python3.12/site-packages/discord/client.py", line 465, in _run_event
    await coro(*args, **kwargs)
  File "/app/asu_discord/cogs/analytics.py", line 652, in on_member_update
    before_timeout = before.timed_out_until
                     ^^^^^^^^^^^^^^^^^^^^^^
AttributeError: 'Member' object has no attribute 'timed_out_until'
Ignoring exception in on_member_update
Traceback (most recent call last):
  File "/usr/local/lib/python3.12/site-packages/discord/client.py", line 465, in _run_event
    await coro(*args, **kwargs)
  File "/app/asu_discord/cogs/analytics.py", line 652, in on_member_update
    before_timeout = before.timed_out_until
                     ^^^^^^^^^^^^^^^^^^^^^^
AttributeError: 'Member' object has no attribute 'timed_out_until'
Ignoring exception in on_member_update
Traceback (most recent call last):
  File "/usr/local/lib/python3.12/site-packages/discord/client.py", line 465, in _run_event
    await coro(*args, **kwargs)
  File "/app/asu_discord/cogs/analytics.py", line 652, in on_member_update
    before_timeout = before.timed_out_until
                     ^^^^^^^^^^^^^^^^^^^^^^
AttributeError: 'Member' object has no attribute 'timed_out_until'
Ignoring exception in on_member_update
Traceback (most recent call last):
  File "/usr/local/lib/python3.12/site-packages/discord/client.py", line 465, in _run_event
    await coro(*args, **kwargs)
  File "/app/asu_discord/cogs/analytics.py", line 652, in on_member_update
    before_timeout = before.timed_out_until
                     ^^^^^^^^^^^^^^^^^^^^^^
AttributeError: 'Member' object has no attribute 'timed_out_until'
INFO:asu_discord.cogs.verification:Saved 6 roles to database for user btbrewin (Discord ID: 198994443725045761)
INFO:asu_discord.cogs.verification:Refreshed Salesforce roles for Discord user 198994443725045761: -6/+6 roles, assigned=[College of Liberal Arts and Sciences, Commited, First Generation Student, Out of State, Tempe, Transfer Student]
Ignoring exception in on_member_update
Traceback (most recent call last):
  File "/usr/local/lib/python3.12/site-packages/discord/client.py", line 465, in _run_event
    await coro(*args, **kwargs)
  File "/app/asu_discord/cogs/analytics.py", line 652, in on_member_update
    before_timeout = before.timed_out_until
                     ^^^^^^^^^^^^^^^^^^^^^^
AttributeError: 'Member' object has no attribute 'timed_out_until'
Ignoring exception in on_member_update
Traceback (most recent call last):
  File "/usr/local/lib/python3.12/site-packages/discord/client.py", line 465, in _run_event
    await coro(*args, **kwargs)
  File "/app/asu_discord/cogs/analytics.py", line 652, in on_member_update
    before_timeout = before.timed_out_until
                     ^^^^^^^^^^^^^^^^^^^^^^
AttributeError: 'Member' object has no attribute 'timed_out_until'
Ignoring exception in on_member_update
Traceback (most recent call last):
  File "/usr/local/lib/python3.12/site-packages/discord/client.py", line 465, in _run_event
    await coro(*args, **kwargs)
  File "/app/asu_discord/cogs/analytics.py", line 652, in on_member_update
    before_timeout = before.timed_out_until
                     ^^^^^^^^^^^^^^^^^^^^^^
AttributeError: 'Member' object has no attribute 'timed_out_until'
Ignoring exception in on_member_update
Traceback (most recent call last):
  File "/usr/local/lib/python3.12/site-packages/discord/client.py", line 465, in _run_event
    await coro(*args, **kwargs)
  File "/app/asu_discord/cogs/analytics.py", line 652, in on_member_update
    before_timeout = before.timed_out_until
                     ^^^^^^^^^^^^^^^^^^^^^^
AttributeError: 'Member' object has no attribute 'timed_out_until'
Ignoring exception in on_member_update
Traceback (most recent call last):
  File "/usr/local/lib/python3.12/site-packages/discord/client.py", line 465, in _run_event
    await coro(*args, **kwargs)
  File "/app/asu_discord/cogs/analytics.py", line 652, in on_member_update
    before_timeout = before.timed_out_until
                     ^^^^^^^^^^^^^^^^^^^^^^
AttributeError: 'Member' object has no attribute 'timed_out_until'
Ignoring exception in on_member_update
Traceback (most recent call last):
  File "/usr/local/lib/python3.12/site-packages/discord/client.py", line 465, in _run_event
    await coro(*args, **kwargs)
  File "/app/asu_discord/cogs/analytics.py", line 652, in on_member_update
    before_timeout = before.timed_out_until
                     ^^^^^^^^^^^^^^^^^^^^^^
AttributeError: 'Member' object has no attribute 'timed_out_until'
Ignoring exception in on_member_update
Traceback (most recent call last):
  File "/usr/local/lib/python3.12/site-packages/discord/client.py", line 465, in _run_event
    await coro(*args, **kwargs)
  File "/app/asu_discord/cogs/analytics.py", line 652, in on_member_update
    before_timeout = before.timed_out_until
                     ^^^^^^^^^^^^^^^^^^^^^^
AttributeError: 'Member' object has no attribute 'timed_out_until'
Ignoring exception in on_member_update
Traceback (most recent call last):
  File "/usr/local/lib/python3.12/site-packages/discord/client.py", line 465, in _run_event
    await coro(*args, **kwargs)
  File "/app/asu_discord/cogs/analytics.py", line 652, in on_member_update
    before_timeout = before.timed_out_until
                     ^^^^^^^^^^^^^^^^^^^^^^
AttributeError: 'Member' object has no attribute 'timed_out_until'
Ignoring exception in on_member_update
Traceback (most recent call last):
  File "/usr/local/lib/python3.12/site-packages/discord/client.py", line 465, in _run_event
    await coro(*args, **kwargs)
  File "/app/asu_discord/cogs/analytics.py", line 652, in on_member_update
    before_timeout = before.timed_out_until
                     ^^^^^^^^^^^^^^^^^^^^^^
AttributeError: 'Member' object has no attribute 'timed_out_until'
Ignoring exception in on_member_update
Traceback (most recent call last):
  File "/usr/local/lib/python3.12/site-packages/discord/client.py", line 465, in _run_event
    await coro(*args, **kwargs)
  File "/app/asu_discord/cogs/analytics.py", line 652, in on_member_update
    before_timeout = before.timed_out_until
                     ^^^^^^^^^^^^^^^^^^^^^^
AttributeError: 'Member' object has no attribute 'timed_out_until'
INFO:asu_discord.cogs.verification:Saved 6 roles to database for user dmdaley1 (Discord ID: 759558951112409161)
INFO:asu_discord.cogs.verification:Refreshed Salesforce roles for Discord user 759558951112409161: -4/+6 roles, assigned=[Commited, First Generation Student, First Year, Ira A. Fulton Schools of Engineering, Out of State, Polytechnic]
Ignoring exception in on_member_update
Traceback (most recent call last):
  File "/usr/local/lib/python3.12/site-packages/discord/client.py", line 465, in _run_event
    await coro(*args, **kwargs)
  File "/app/asu_discord/cogs/analytics.py", line 652, in on_member_update
    before_timeout = before.timed_out_until
                     ^^^^^^^^^^^^^^^^^^^^^^
AttributeError: 'Member' object has no attribute 'timed_out_until'
Ignoring exception in on_member_update
Traceback (most recent call last):
  File "/usr/local/lib/python3.12/site-packages/discord/client.py", line 465, in _run_event
    await coro(*args, **kwargs)
  File "/app/asu_discord/cogs/analytics.py", line 652, in on_member_update
    before_timeout = before.timed_out_until
                     ^^^^^^^^^^^^^^^^^^^^^^
AttributeError: 'Member' object has no attribute 'timed_out_until'
Ignoring exception in on_member_update
Traceback (most recent call last):
  File "/usr/local/lib/python3.12/site-packages/discord/client.py", line 465, in _run_event
    await coro(*args, **kwargs)
  File "/app/asu_discord/cogs/analytics.py", line 652, in on_member_update
    before_timeout = before.timed_out_until
                     ^^^^^^^^^^^^^^^^^^^^^^
AttributeError: 'Member' object has no attribute 'timed_out_until'
Ignoring exception in on_member_update
Traceback (most recent call last):
  File "/usr/local/lib/python3.12/site-packages/discord/client.py", line 465, in _run_event
    await coro(*args, **kwargs)
  File "/app/asu_discord/cogs/analytics.py", line 652, in on_member_update
    before_timeout = before.timed_out_until
                     ^^^^^^^^^^^^^^^^^^^^^^
AttributeError: 'Member' object has no attribute 'timed_out_until'
Ignoring exception in on_member_update
Traceback (most recent call last):
  File "/usr/local/lib/python3.12/site-packages/discord/client.py", line 465, in _run_event
    await coro(*args, **kwargs)
  File "/app/asu_discord/cogs/analytics.py", line 652, in on_member_update
    before_timeout = before.timed_out_until
                     ^^^^^^^^^^^^^^^^^^^^^^
AttributeError: 'Member' object has no attribute 'timed_out_until'
Ignoring exception in on_member_update
Traceback (most recent call last):
  File "/usr/local/lib/python3.12/site-packages/discord/client.py", line 465, in _run_event
    await coro(*args, **kwargs)
  File "/app/asu_discord/cogs/analytics.py", line 652, in on_member_update
    before_timeout = before.timed_out_until
                     ^^^^^^^^^^^^^^^^^^^^^^
AttributeError: 'Member' object has no attribute 'timed_out_until'
Ignoring exception in on_member_update
Traceback (most recent call last):
  File "/usr/local/lib/python3.12/site-packages/discord/client.py", line 465, in _run_event
    await coro(*args, **kwargs)
  File "/app/asu_discord/cogs/analytics.py", line 652, in on_member_update
    before_timeout = before.timed_out_until
                     ^^^^^^^^^^^^^^^^^^^^^^
AttributeError: 'Member' object has no attribute 'timed_out_until'
Ignoring exception in on_member_update
Traceback (most recent call last):
  File "/usr/local/lib/python3.12/site-packages/discord/client.py", line 465, in _run_event
    await coro(*args, **kwargs)
  File "/app/asu_discord/cogs/analytics.py", line 652, in on_member_update
    before_timeout = before.timed_out_until
                     ^^^^^^^^^^^^^^^^^^^^^^
AttributeError: 'Member' object has no attribute 'timed_out_until'
Ignoring exception in on_member_update
Traceback (most recent call last):
  File "/usr/local/lib/python3.12/site-packages/discord/client.py", line 465, in _run_event
    await coro(*args, **kwargs)
  File "/app/asu_discord/cogs/analytics.py", line 652, in on_member_update
    before_timeout = before.timed_out_until
                     ^^^^^^^^^^^^^^^^^^^^^^
AttributeError: 'Member' object has no attribute 'timed_out_until'
Ignoring exception in on_member_update
Traceback (most recent call last):
  File "/usr/local/lib/python3.12/site-packages/discord/client.py", line 465, in _run_event
    await coro(*args, **kwargs)
  File "/app/asu_discord/cogs/analytics.py", line 652, in on_member_update
    before_timeout = before.timed_out_until
                     ^^^^^^^^^^^^^^^^^^^^^^
AttributeError: 'Member' object has no attribute 'timed_out_until'
INFO:asu_discord.cogs.verification:Saved 5 roles to database for user atnels14 (Discord ID: 1516146659644412106)
INFO:asu_discord.cogs.verification:Refreshed Salesforce roles for Discord user 1516146659644412106: -5/+5 roles, assigned=[Arizona Resident, Commited, First Year, Ira A. Fulton Schools of Engineering, Tempe]
ERROR:cron.jobs:refresh_salesforce_roles: failed for ammoor57 (Discord ID 1359021756916174968): Failed to refresh Salesforce-based roles: Discord user 1359021756916174968 is not a member of the guild
Ignoring exception in on_member_update
Traceback (most recent call last):
  File "/usr/local/lib/python3.12/site-packages/discord/client.py", line 465, in _run_event
    await coro(*args, **kwargs)
  File "/app/asu_discord/cogs/analytics.py", line 652, in on_member_update
    before_timeout = before.timed_out_until
                     ^^^^^^^^^^^^^^^^^^^^^^
AttributeError: 'Member' object has no attribute 'timed_out_until'
Ignoring exception in on_member_update
Traceback (most recent call last):
  File "/usr/local/lib/python3.12/site-packages/discord/client.py", line 465, in _run_event
    await coro(*args, **kwargs)
  File "/app/asu_discord/cogs/analytics.py", line 652, in on_member_update
    before_timeout = before.timed_out_until
                     ^^^^^^^^^^^^^^^^^^^^^^
AttributeError: 'Member' object has no attribute 'timed_out_until'
Ignoring exception in on_member_update
Traceback (most recent call last):
  File "/usr/local/lib/python3.12/site-packages/discord/client.py", line 465, in _run_event
    await coro(*args, **kwargs)
  File "/app/asu_discord/cogs/analytics.py", line 652, in on_member_update
    before_timeout = before.timed_out_until
                     ^^^^^^^^^^^^^^^^^^^^^^
AttributeError: 'Member' object has no attribute 'timed_out_until'
Ignoring exception in on_member_update
Traceback (most recent call last):
  File "/usr/local/lib/python3.12/site-packages/discord/client.py", line 465, in _run_event
    await coro(*args, **kwargs)
  File "/app/asu_discord/cogs/analytics.py", line 652, in on_member_update
    before_timeout = before.timed_out_until
                     ^^^^^^^^^^^^^^^^^^^^^^
AttributeError: 'Member' object has no attribute 'timed_out_until'
Ignoring exception in on_member_update
Traceback (most recent call last):
  File "/usr/local/lib/python3.12/site-packages/discord/client.py", line 465, in _run_event
    await coro(*args, **kwargs)
  File "/app/asu_discord/cogs/analytics.py", line 652, in on_member_update
    before_timeout = before.timed_out_until
                     ^^^^^^^^^^^^^^^^^^^^^^
AttributeError: 'Member' object has no attribute 'timed_out_until'
Ignoring exception in on_member_update
Traceback (most recent call last):
  File "/usr/local/lib/python3.12/site-packages/discord/client.py", line 465, in _run_event
    await coro(*args, **kwargs)
  File "/app/asu_discord/cogs/analytics.py", line 652, in on_member_update
    before_timeout = before.timed_out_until
                     ^^^^^^^^^^^^^^^^^^^^^^
AttributeError: 'Member' object has no attribute 'timed_out_until'
Ignoring exception in on_member_update
Traceback (most recent call last):
  File "/usr/local/lib/python3.12/site-packages/discord/client.py", line 465, in _run_event
    await coro(*args, **kwargs)
  File "/app/asu_discord/cogs/analytics.py", line 652, in on_member_update
    before_timeout = before.timed_out_until
                     ^^^^^^^^^^^^^^^^^^^^^^
AttributeError: 'Member' object has no attribute 'timed_out_until'
INFO:asu_discord.cogs.verification:Saved 4 roles to database for user jahassle (Discord ID: 430874354784665620)
INFO:asu_discord.cogs.verification:Refreshed Salesforce roles for Discord user 430874354784665620: -4/+3 roles, assigned=[Arizona Resident, Ira A. Fulton Schools of Engineering, Online, Transfer Student]
Ignoring exception in on_member_update
Traceback (most recent call last):
  File "/usr/local/lib/python3.12/site-packages/discord/client.py", line 465, in _run_event
    await coro(*args, **kwargs)
  File "/app/asu_discord/cogs/analytics.py", line 652, in on_member_update
    before_timeout = before.timed_out_until
                     ^^^^^^^^^^^^^^^^^^^^^^
AttributeError: 'Member' object has no attribute 'timed_out_until'
Ignoring exception in on_member_update
Traceback (most recent call last):
  File "/usr/local/lib/python3.12/site-packages/discord/client.py", line 465, in _run_event
    await coro(*args, **kwargs)
  File "/app/asu_discord/cogs/analytics.py", line 652, in on_member_update
    before_timeout = before.timed_out_until
                     ^^^^^^^^^^^^^^^^^^^^^^
AttributeError: 'Member' object has no attribute 'timed_out_until'
Ignoring exception in on_member_update
Traceback (most recent call last):
  File "/usr/local/lib/python3.12/site-packages/discord/client.py", line 465, in _run_event
    await coro(*args, **kwargs)
  File "/app/asu_discord/cogs/analytics.py", line 652, in on_member_update
    before_timeout = before.timed_out_until
                     ^^^^^^^^^^^^^^^^^^^^^^
AttributeError: 'Member' object has no attribute 'timed_out_until'
Ignoring exception in on_member_update
Traceback (most recent call last):
  File "/usr/local/lib/python3.12/site-packages/discord/client.py", line 465, in _run_event
    await coro(*args, **kwargs)
  File "/app/asu_discord/cogs/analytics.py", line 652, in on_member_update
    before_timeout = before.timed_out_until
                     ^^^^^^^^^^^^^^^^^^^^^^
AttributeError: 'Member' object has no attribute 'timed_out_until'
Ignoring exception in on_member_update
Traceback (most recent call last):
  File "/usr/local/lib/python3.12/site-packages/discord/client.py", line 465, in _run_event
    await coro(*args, **kwargs)
  File "/app/asu_discord/cogs/analytics.py", line 652, in on_member_update
    before_timeout = before.timed_out_until
                     ^^^^^^^^^^^^^^^^^^^^^^
AttributeError: 'Member' object has no attribute 'timed_out_until'
Ignoring exception in on_member_update
Traceback (most recent call last):
  File "/usr/local/lib/python3.12/site-packages/discord/client.py", line 465, in _run_event
    await coro(*args, **kwargs)
  File "/app/asu_discord/cogs/analytics.py", line 652, in on_member_update
    before_timeout = before.timed_out_until
                     ^^^^^^^^^^^^^^^^^^^^^^
AttributeError: 'Member' object has no attribute 'timed_out_until'
Ignoring exception in on_member_update
Traceback (most recent call last):
  File "/usr/local/lib/python3.12/site-packages/discord/client.py", line 465, in _run_event
    await coro(*args, **kwargs)
  File "/app/asu_discord/cogs/analytics.py", line 652, in on_member_update
    before_timeout = before.timed_out_until
                     ^^^^^^^^^^^^^^^^^^^^^^
AttributeError: 'Member' object has no attribute 'timed_out_until'
Ignoring exception in on_member_update
Traceback (most recent call last):
  File "/usr/local/lib/python3.12/site-packages/discord/client.py", line 465, in _run_event
    await coro(*args, **kwargs)
  File "/app/asu_discord/cogs/analytics.py", line 652, in on_member_update
    before_timeout = before.timed_out_until
                     ^^^^^^^^^^^^^^^^^^^^^^
AttributeError: 'Member' object has no attribute 'timed_out_until'
Ignoring exception in on_member_update
Traceback (most recent call last):
  File "/usr/local/lib/python3.12/site-packages/discord/client.py", line 465, in _run_event
    await coro(*args, **kwargs)
  File "/app/asu_discord/cogs/analytics.py", line 652, in on_member_update
    before_timeout = before.timed_out_until
                     ^^^^^^^^^^^^^^^^^^^^^^
AttributeError: 'Member' object has no attribute 'timed_out_until'
Ignoring exception in on_member_update
Traceback (most recent call last):
  File "/usr/local/lib/python3.12/site-packages/discord/client.py", line 465, in _run_event
    await coro(*args, **kwargs)
  File "/app/asu_discord/cogs/analytics.py", line 652, in on_member_update
    before_timeout = before.timed_out_until
                     ^^^^^^^^^^^^^^^^^^^^^^
AttributeError: 'Member' object has no attribute 'timed_out_until'
INFO:asu_discord.cogs.verification:Saved 5 roles to database for user kbryan56 (Discord ID: 872648318096904242)
INFO:asu_discord.cogs.verification:Refreshed Salesforce roles for Discord user 872648318096904242: -5/+5 roles, assigned=[Arizona Resident, College of Liberal Arts and Sciences, Commited, Tempe, Transfer Student]
Ignoring exception in on_member_update
Traceback (most recent call last):
  File "/usr/local/lib/python3.12/site-packages/discord/client.py", line 465, in _run_event
    await coro(*args, **kwargs)
  File "/app/asu_discord/cogs/analytics.py", line 652, in on_member_update
    before_timeout = before.timed_out_until
                     ^^^^^^^^^^^^^^^^^^^^^^
AttributeError: 'Member' object has no attribute 'timed_out_until'
Ignoring exception in on_member_update
Traceback (most recent call last):
  File "/usr/local/lib/python3.12/site-packages/discord/client.py", line 465, in _run_event
    await coro(*args, **kwargs)
  File "/app/asu_discord/cogs/analytics.py", line 652, in on_member_update
    before_timeout = before.timed_out_until
                     ^^^^^^^^^^^^^^^^^^^^^^
AttributeError: 'Member' object has no attribute 'timed_out_until'
Ignoring exception in on_member_update
Traceback (most recent call last):
  File "/usr/local/lib/python3.12/site-packages/discord/client.py", line 465, in _run_event
    await coro(*args, **kwargs)
  File "/app/asu_discord/cogs/analytics.py", line 652, in on_member_update
    before_timeout = before.timed_out_until
                     ^^^^^^^^^^^^^^^^^^^^^^
AttributeError: 'Member' object has no attribute 'timed_out_until'
Ignoring exception in on_member_update
Traceback (most recent call last):
  File "/usr/local/lib/python3.12/site-packages/discord/client.py", line 465, in _run_event
    await coro(*args, **kwargs)
  File "/app/asu_discord/cogs/analytics.py", line 652, in on_member_update
    before_timeout = before.timed_out_until
                     ^^^^^^^^^^^^^^^^^^^^^^
AttributeError: 'Member' object has no attribute 'timed_out_until'
Ignoring exception in on_member_update
Traceback (most recent call last):
  File "/usr/local/lib/python3.12/site-packages/discord/client.py", line 465, in _run_event
    await coro(*args, **kwargs)
  File "/app/asu_discord/cogs/analytics.py", line 652, in on_member_update
    before_timeout = before.timed_out_until
                     ^^^^^^^^^^^^^^^^^^^^^^
AttributeError: 'Member' object has no attribute 'timed_out_until'
Ignoring exception in on_member_update
Traceback (most recent call last):
  File "/usr/local/lib/python3.12/site-packages/discord/client.py", line 465, in _run_event
    await coro(*args, **kwargs)
  File "/app/asu_discord/cogs/analytics.py", line 652, in on_member_update
    before_timeout = before.timed_out_until
                     ^^^^^^^^^^^^^^^^^^^^^^
AttributeError: 'Member' object has no attribute 'timed_out_until'
Ignoring exception in on_member_update
Traceback (most recent call last):
  File "/usr/local/lib/python3.12/site-packages/discord/client.py", line 465, in _run_event
    await coro(*args, **kwargs)
  File "/app/asu_discord/cogs/analytics.py", line 652, in on_member_update
    before_timeout = before.timed_out_until
                     ^^^^^^^^^^^^^^^^^^^^^^
AttributeError: 'Member' object has no attribute 'timed_out_until'
Ignoring exception in on_member_update
Traceback (most recent call last):
  File "/usr/local/lib/python3.12/site-packages/discord/client.py", line 465, in _run_event
    await coro(*args, **kwargs)
  File "/app/asu_discord/cogs/analytics.py", line 652, in on_member_update
    before_timeout = before.timed_out_until
                     ^^^^^^^^^^^^^^^^^^^^^^
AttributeError: 'Member' object has no attribute 'timed_out_until'
INFO:asu_discord.cogs.verification:Saved 4 roles to database for user yarongl1 (Discord ID: 1516193226888052766)
INFO:asu_discord.cogs.verification:Refreshed Salesforce roles for Discord user 1516193226888052766: -4/+4 roles, assigned=[Graduate Student, International Student, W.P. Carey School of Business, West Valley]
Ignoring exception in on_member_update
Traceback (most recent call last):
  File "/usr/local/lib/python3.12/site-packages/discord/client.py", line 465, in _run_event
    await coro(*args, **kwargs)
  File "/app/asu_discord/cogs/analytics.py", line 652, in on_member_update
    before_timeout = before.timed_out_until
                     ^^^^^^^^^^^^^^^^^^^^^^
AttributeError: 'Member' object has no attribute 'timed_out_until'
Ignoring exception in on_member_update
Traceback (most recent call last):
  File "/usr/local/lib/python3.12/site-packages/discord/client.py", line 465, in _run_event
    await coro(*args, **kwargs)
  File "/app/asu_discord/cogs/analytics.py", line 652, in on_member_update
    before_timeout = before.timed_out_until
                     ^^^^^^^^^^^^^^^^^^^^^^
AttributeError: 'Member' object has no attribute 'timed_out_until'
Ignoring exception in on_member_update
Traceback (most recent call last):
  File "/usr/local/lib/python3.12/site-packages/discord/client.py", line 465, in _run_event
    await coro(*args, **kwargs)
  File "/app/asu_discord/cogs/analytics.py", line 652, in on_member_update
    before_timeout = before.timed_out_until
                     ^^^^^^^^^^^^^^^^^^^^^^
AttributeError: 'Member' object has no attribute 'timed_out_until'
Ignoring exception in on_member_update
Traceback (most recent call last):
  File "/usr/local/lib/python3.12/site-packages/discord/client.py", line 465, in _run_event
    await coro(*args, **kwargs)
  File "/app/asu_discord/cogs/analytics.py", line 652, in on_member_update
    before_timeout = before.timed_out_until
                     ^^^^^^^^^^^^^^^^^^^^^^
AttributeError: 'Member' object has no attribute 'timed_out_until'
Ignoring exception in on_member_update
Traceback (most recent call last):
  File "/usr/local/lib/python3.12/site-packages/discord/client.py", line 465, in _run_event
    await coro(*args, **kwargs)
  File "/app/asu_discord/cogs/analytics.py", line 652, in on_member_update
    before_timeout = before.timed_out_until
                     ^^^^^^^^^^^^^^^^^^^^^^
AttributeError: 'Member' object has no attribute 'timed_out_until'
Ignoring exception in on_member_update
Traceback (most recent call last):
  File "/usr/local/lib/python3.12/site-packages/discord/client.py", line 465, in _run_event
    await coro(*args, **kwargs)
  File "/app/asu_discord/cogs/analytics.py", line 652, in on_member_update
    before_timeout = before.timed_out_until
                     ^^^^^^^^^^^^^^^^^^^^^^
AttributeError: 'Member' object has no attribute 'timed_out_until'
Ignoring exception in on_member_update
Traceback (most recent call last):
  File "/usr/local/lib/python3.12/site-packages/discord/client.py", line 465, in _run_event
    await coro(*args, **kwargs)
  File "/app/asu_discord/cogs/analytics.py", line 652, in on_member_update
    before_timeout = before.timed_out_until
                     ^^^^^^^^^^^^^^^^^^^^^^
AttributeError: 'Member' object has no attribute 'timed_out_until'
INFO:asu_discord.cogs.verification:Saved 4 roles to database for user aspenc60 (Discord ID: 1516214659131117735)
INFO:asu_discord.cogs.verification:Refreshed Salesforce roles for Discord user 1516214659131117735: -4/+3 roles, assigned=[Arizona Resident, First Year, Mary Lou Fulton Teachers College, Tempe]
Ignoring exception in on_member_update
Traceback (most recent call last):
  File "/usr/local/lib/python3.12/site-packages/discord/client.py", line 465, in _run_event
    await coro(*args, **kwargs)
  File "/app/asu_discord/cogs/analytics.py", line 652, in on_member_update
    before_timeout = before.timed_out_until
                     ^^^^^^^^^^^^^^^^^^^^^^
AttributeError: 'Member' object has no attribute 'timed_out_until'
Ignoring exception in on_member_update
Traceback (most recent call last):
  File "/usr/local/lib/python3.12/site-packages/discord/client.py", line 465, in _run_event
    await coro(*args, **kwargs)
  File "/app/asu_discord/cogs/analytics.py", line 652, in on_member_update
    before_timeout = before.timed_out_until
                     ^^^^^^^^^^^^^^^^^^^^^^
AttributeError: 'Member' object has no attribute 'timed_out_until'
Ignoring exception in on_member_update
Traceback (most recent call last):
  File "/usr/local/lib/python3.12/site-packages/discord/client.py", line 465, in _run_event
    await coro(*args, **kwargs)
  File "/app/asu_discord/cogs/analytics.py", line 652, in on_member_update
    before_timeout = before.timed_out_until
                     ^^^^^^^^^^^^^^^^^^^^^^
AttributeError: 'Member' object has no attribute 'timed_out_until'
Ignoring exception in on_member_update
Traceback (most recent call last):
  File "/usr/local/lib/python3.12/site-packages/discord/client.py", line 465, in _run_event
    await coro(*args, **kwargs)
  File "/app/asu_discord/cogs/analytics.py", line 652, in on_member_update
    before_timeout = before.timed_out_until
                     ^^^^^^^^^^^^^^^^^^^^^^
AttributeError: 'Member' object has no attribute 'timed_out_until'
Ignoring exception in on_member_update
Traceback (most recent call last):
  File "/usr/local/lib/python3.12/site-packages/discord/client.py", line 465, in _run_event
    await coro(*args, **kwargs)
  File "/app/asu_discord/cogs/analytics.py", line 652, in on_member_update
    before_timeout = before.timed_out_until
                     ^^^^^^^^^^^^^^^^^^^^^^
AttributeError: 'Member' object has no attribute 'timed_out_until'
Ignoring exception in on_member_update
Traceback (most recent call last):
  File "/usr/local/lib/python3.12/site-packages/discord/client.py", line 465, in _run_event
    await coro(*args, **kwargs)
  File "/app/asu_discord/cogs/analytics.py", line 652, in on_member_update
    before_timeout = before.timed_out_until
                     ^^^^^^^^^^^^^^^^^^^^^^
AttributeError: 'Member' object has no attribute 'timed_out_until'
Ignoring exception in on_member_update
Traceback (most recent call last):
  File "/usr/local/lib/python3.12/site-packages/discord/client.py", line 465, in _run_event
    await coro(*args, **kwargs)
  File "/app/asu_discord/cogs/analytics.py", line 652, in on_member_update
    before_timeout = before.timed_out_until
                     ^^^^^^^^^^^^^^^^^^^^^^
AttributeError: 'Member' object has no attribute 'timed_out_until'
Ignoring exception in on_member_update
Traceback (most recent call last):
  File "/usr/local/lib/python3.12/site-packages/discord/client.py", line 465, in _run_event
    await coro(*args, **kwargs)
  File "/app/asu_discord/cogs/analytics.py", line 652, in on_member_update
    before_timeout = before.timed_out_until
                     ^^^^^^^^^^^^^^^^^^^^^^
AttributeError: 'Member' object has no attribute 'timed_out_until'
Ignoring exception in on_member_update
Traceback (most recent call last):
  File "/usr/local/lib/python3.12/site-packages/discord/client.py", line 465, in _run_event
    await coro(*args, **kwargs)
  File "/app/asu_discord/cogs/analytics.py", line 652, in on_member_update
    before_timeout = before.timed_out_until
                     ^^^^^^^^^^^^^^^^^^^^^^
AttributeError: 'Member' object has no attribute 'timed_out_until'
INFO:asu_discord.cogs.verification:Saved 5 roles to database for user jfuro (Discord ID: 1202103175822446642)
INFO:asu_discord.cogs.verification:Refreshed Salesforce roles for Discord user 1202103175822446642: -5/+5 roles, assigned=[Commited, Downtown Phoenix, First Year, Out of State, Walter Cronkite School of Journalism and Mass Communication]
Ignoring exception in on_member_update
Traceback (most recent call last):
  File "/usr/local/lib/python3.12/site-packages/discord/client.py", line 465, in _run_event
    await coro(*args, **kwargs)
  File "/app/asu_discord/cogs/analytics.py", line 652, in on_member_update
    before_timeout = before.timed_out_until
                     ^^^^^^^^^^^^^^^^^^^^^^
AttributeError: 'Member' object has no attribute 'timed_out_until'
Ignoring exception in on_member_update
Traceback (most recent call last):
  File "/usr/local/lib/python3.12/site-packages/discord/client.py", line 465, in _run_event
    await coro(*args, **kwargs)
  File "/app/asu_discord/cogs/analytics.py", line 652, in on_member_update
    before_timeout = before.timed_out_until
                     ^^^^^^^^^^^^^^^^^^^^^^
AttributeError: 'Member' object has no attribute 'timed_out_until'
Ignoring exception in on_member_update
Traceback (most recent call last):
  File "/usr/local/lib/python3.12/site-packages/discord/client.py", line 465, in _run_event
    await coro(*args, **kwargs)
  File "/app/asu_discord/cogs/analytics.py", line 652, in on_member_update
    before_timeout = before.timed_out_until
                     ^^^^^^^^^^^^^^^^^^^^^^
AttributeError: 'Member' object has no attribute 'timed_out_until'
Ignoring exception in on_member_update
Traceback (most recent call last):
  File "/usr/local/lib/python3.12/site-packages/discord/client.py", line 465, in _run_event
    await coro(*args, **kwargs)
  File "/app/asu_discord/cogs/analytics.py", line 652, in on_member_update
    before_timeout = before.timed_out_until
                     ^^^^^^^^^^^^^^^^^^^^^^
AttributeError: 'Member' object has no attribute 'timed_out_until'
Ignoring exception in on_member_update
Traceback (most recent call last):
  File "/usr/local/lib/python3.12/site-packages/discord/client.py", line 465, in _run_event
    await coro(*args, **kwargs)
  File "/app/asu_discord/cogs/analytics.py", line 652, in on_member_update
    before_timeout = before.timed_out_until
                     ^^^^^^^^^^^^^^^^^^^^^^
AttributeError: 'Member' object has no attribute 'timed_out_until'
Ignoring exception in on_member_update
Traceback (most recent call last):
  File "/usr/local/lib/python3.12/site-packages/discord/client.py", line 465, in _run_event
    await coro(*args, **kwargs)
  File "/app/asu_discord/cogs/analytics.py", line 652, in on_member_update
    before_timeout = before.timed_out_until
                     ^^^^^^^^^^^^^^^^^^^^^^
AttributeError: 'Member' object has no attribute 'timed_out_until'
Ignoring exception in on_member_update
Traceback (most recent call last):
  File "/usr/local/lib/python3.12/site-packages/discord/client.py", line 465, in _run_event
    await coro(*args, **kwargs)
  File "/app/asu_discord/cogs/analytics.py", line 652, in on_member_update
    before_timeout = before.timed_out_until
                     ^^^^^^^^^^^^^^^^^^^^^^
AttributeError: 'Member' object has no attribute 'timed_out_until'
Ignoring exception in on_member_update
Traceback (most recent call last):
  File "/usr/local/lib/python3.12/site-packages/discord/client.py", line 465, in _run_event
    await coro(*args, **kwargs)
  File "/app/asu_discord/cogs/analytics.py", line 652, in on_member_update
    before_timeout = before.timed_out_until
                     ^^^^^^^^^^^^^^^^^^^^^^
AttributeError: 'Member' object has no attribute 'timed_out_until'
Ignoring exception in on_member_update
Traceback (most recent call last):
  File "/usr/local/lib/python3.12/site-packages/discord/client.py", line 465, in _run_event
    await coro(*args, **kwargs)
  File "/app/asu_discord/cogs/analytics.py", line 652, in on_member_update
    before_timeout = before.timed_out_until
                     ^^^^^^^^^^^^^^^^^^^^^^
AttributeError: 'Member' object has no attribute 'timed_out_until'
INFO:asu_discord.cogs.verification:Saved 4 roles to database for user asande98 (Discord ID: 1467026473427931197)
INFO:asu_discord.cogs.verification:Refreshed Salesforce roles for Discord user 1467026473427931197: -4/+4 roles, assigned=[Arizona Resident, College of Liberal Arts and Sciences, Downtown Phoenix, First Year]
Ignoring exception in on_member_update
Traceback (most recent call last):
  File "/usr/local/lib/python3.12/site-packages/discord/client.py", line 465, in _run_event
    await coro(*args, **kwargs)
  File "/app/asu_discord/cogs/analytics.py", line 652, in on_member_update
    before_timeout = before.timed_out_until
                     ^^^^^^^^^^^^^^^^^^^^^^
AttributeError: 'Member' object has no attribute 'timed_out_until'
Ignoring exception in on_member_update
Traceback (most recent call last):
  File "/usr/local/lib/python3.12/site-packages/discord/client.py", line 465, in _run_event
    await coro(*args, **kwargs)
  File "/app/asu_discord/cogs/analytics.py", line 652, in on_member_update
    before_timeout = before.timed_out_until
                     ^^^^^^^^^^^^^^^^^^^^^^
AttributeError: 'Member' object has no attribute 'timed_out_until'
Ignoring exception in on_member_update
Traceback (most recent call last):
  File "/usr/local/lib/python3.12/site-packages/discord/client.py", line 465, in _run_event
    await coro(*args, **kwargs)
  File "/app/asu_discord/cogs/analytics.py", line 652, in on_member_update
    before_timeout = before.timed_out_until
                     ^^^^^^^^^^^^^^^^^^^^^^
AttributeError: 'Member' object has no attribute 'timed_out_until'
Ignoring exception in on_member_update
Traceback (most recent call last):
  File "/usr/local/lib/python3.12/site-packages/discord/client.py", line 465, in _run_event
    await coro(*args, **kwargs)
  File "/app/asu_discord/cogs/analytics.py", line 652, in on_member_update
    before_timeout = before.timed_out_until
                     ^^^^^^^^^^^^^^^^^^^^^^
AttributeError: 'Member' object has no attribute 'timed_out_until'
Ignoring exception in on_member_update
Traceback (most recent call last):
  File "/usr/local/lib/python3.12/site-packages/discord/client.py", line 465, in _run_event
    await coro(*args, **kwargs)
  File "/app/asu_discord/cogs/analytics.py", line 652, in on_member_update
    before_timeout = before.timed_out_until
                     ^^^^^^^^^^^^^^^^^^^^^^
AttributeError: 'Member' object has no attribute 'timed_out_until'
Ignoring exception in on_member_update
Traceback (most recent call last):
  File "/usr/local/lib/python3.12/site-packages/discord/client.py", line 465, in _run_event
    await coro(*args, **kwargs)
  File "/app/asu_discord/cogs/analytics.py", line 652, in on_member_update
    before_timeout = before.timed_out_until
                     ^^^^^^^^^^^^^^^^^^^^^^
AttributeError: 'Member' object has no attribute 'timed_out_until'
Ignoring exception in on_member_update
Traceback (most recent call last):
  File "/usr/local/lib/python3.12/site-packages/discord/client.py", line 465, in _run_event
    await coro(*args, **kwargs)
  File "/app/asu_discord/cogs/analytics.py", line 652, in on_member_update
    before_timeout = before.timed_out_until
                     ^^^^^^^^^^^^^^^^^^^^^^
AttributeError: 'Member' object has no attribute 'timed_out_until'
Ignoring exception in on_member_update
Traceback (most recent call last):
  File "/usr/local/lib/python3.12/site-packages/discord/client.py", line 465, in _run_event
    await coro(*args, **kwargs)
  File "/app/asu_discord/cogs/analytics.py", line 652, in on_member_update
    before_timeout = before.timed_out_until
                     ^^^^^^^^^^^^^^^^^^^^^^
AttributeError: 'Member' object has no attribute 'timed_out_until'
Ignoring exception in on_member_update
Traceback (most recent call last):
  File "/usr/local/lib/python3.12/site-packages/discord/client.py", line 465, in _run_event
    await coro(*args, **kwargs)
  File "/app/asu_discord/cogs/analytics.py", line 652, in on_member_update
    before_timeout = before.timed_out_until
                     ^^^^^^^^^^^^^^^^^^^^^^
AttributeError: 'Member' object has no attribute 'timed_out_until'
Ignoring exception in on_member_update
Traceback (most recent call last):
  File "/usr/local/lib/python3.12/site-packages/discord/client.py", line 465, in _run_event
    await coro(*args, **kwargs)
  File "/app/asu_discord/cogs/analytics.py", line 652, in on_member_update
    before_timeout = before.timed_out_until
                     ^^^^^^^^^^^^^^^^^^^^^^
AttributeError: 'Member' object has no attribute 'timed_out_until'
INFO:asu_discord.cogs.verification:Saved 5 roles to database for user mdomin82 (Discord ID: 1516250900568473641)
INFO:asu_discord.cogs.verification:Refreshed Salesforce roles for Discord user 1516250900568473641: -5/+5 roles, assigned=[Arizona Resident, Downtown Phoenix, Edson College of Nursing and Health Innovation, First Generation Student, First Year]
Ignoring exception in on_member_update
Traceback (most recent call last):
  File "/usr/local/lib/python3.12/site-packages/discord/client.py", line 465, in _run_event
    await coro(*args, **kwargs)
  File "/app/asu_discord/cogs/analytics.py", line 652, in on_member_update
    before_timeout = before.timed_out_until
                     ^^^^^^^^^^^^^^^^^^^^^^
AttributeError: 'Member' object has no attribute 'timed_out_until'
Ignoring exception in on_member_update
Traceback (most recent call last):
  File "/usr/local/lib/python3.12/site-packages/discord/client.py", line 465, in _run_event
    await coro(*args, **kwargs)
  File "/app/asu_discord/cogs/analytics.py", line 652, in on_member_update
    before_timeout = before.timed_out_until
                     ^^^^^^^^^^^^^^^^^^^^^^
AttributeError: 'Member' object has no attribute 'timed_out_until'
Ignoring exception in on_member_update
Traceback (most recent call last):
  File "/usr/local/lib/python3.12/site-packages/discord/client.py", line 465, in _run_event
    await coro(*args, **kwargs)
  File "/app/asu_discord/cogs/analytics.py", line 652, in on_member_update
    before_timeout = before.timed_out_until
                     ^^^^^^^^^^^^^^^^^^^^^^
AttributeError: 'Member' object has no attribute 'timed_out_until'
Ignoring exception in on_member_update
Traceback (most recent call last):
  File "/usr/local/lib/python3.12/site-packages/discord/client.py", line 465, in _run_event
    await coro(*args, **kwargs)
  File "/app/asu_discord/cogs/analytics.py", line 652, in on_member_update
    before_timeout = before.timed_out_until
                     ^^^^^^^^^^^^^^^^^^^^^^
AttributeError: 'Member' object has no attribute 'timed_out_until'
Ignoring exception in on_member_update
Traceback (most recent call last):
  File "/usr/local/lib/python3.12/site-packages/discord/client.py", line 465, in _run_event
    await coro(*args, **kwargs)
  File "/app/asu_discord/cogs/analytics.py", line 652, in on_member_update
    before_timeout = before.timed_out_until
                     ^^^^^^^^^^^^^^^^^^^^^^
AttributeError: 'Member' object has no attribute 'timed_out_until'
Ignoring exception in on_member_update
Traceback (most recent call last):
  File "/usr/local/lib/python3.12/site-packages/discord/client.py", line 465, in _run_event
    await coro(*args, **kwargs)
  File "/app/asu_discord/cogs/analytics.py", line 652, in on_member_update
    before_timeout = before.timed_out_until
                     ^^^^^^^^^^^^^^^^^^^^^^
AttributeError: 'Member' object has no attribute 'timed_out_until'
Ignoring exception in on_member_update
Traceback (most recent call last):
  File "/usr/local/lib/python3.12/site-packages/discord/client.py", line 465, in _run_event
    await coro(*args, **kwargs)
  File "/app/asu_discord/cogs/analytics.py", line 652, in on_member_update
    before_timeout = before.timed_out_until
                     ^^^^^^^^^^^^^^^^^^^^^^
AttributeError: 'Member' object has no attribute 'timed_out_until'
Ignoring exception in on_member_update
Traceback (most recent call last):
  File "/usr/local/lib/python3.12/site-packages/discord/client.py", line 465, in _run_event
    await coro(*args, **kwargs)
  File "/app/asu_discord/cogs/analytics.py", line 652, in on_member_update
    before_timeout = before.timed_out_until
                     ^^^^^^^^^^^^^^^^^^^^^^
AttributeError: 'Member' object has no attribute 'timed_out_until'
Ignoring exception in on_member_update
Traceback (most recent call last):
  File "/usr/local/lib/python3.12/site-packages/discord/client.py", line 465, in _run_event
    await coro(*args, **kwargs)
  File "/app/asu_discord/cogs/analytics.py", line 652, in on_member_update
    before_timeout = before.timed_out_until
                     ^^^^^^^^^^^^^^^^^^^^^^
AttributeError: 'Member' object has no attribute 'timed_out_until'
Ignoring exception in on_member_update
Traceback (most recent call last):
  File "/usr/local/lib/python3.12/site-packages/discord/client.py", line 465, in _run_event
    await coro(*args, **kwargs)
  File "/app/asu_discord/cogs/analytics.py", line 652, in on_member_update
    before_timeout = before.timed_out_until
                     ^^^^^^^^^^^^^^^^^^^^^^
AttributeError: 'Member' object has no attribute 'timed_out_until'
INFO:asu_discord.cogs.verification:Saved 5 roles to database for user jnajer12 (Discord ID: 1387197295912685669)
INFO:asu_discord.cogs.verification:Refreshed Salesforce roles for Discord user 1387197295912685669: -5/+5 roles, assigned=[Arizona Resident, Downtown Phoenix, Edson College of Nursing and Health Innovation, First Generation Student, First Year]
Ignoring exception in on_member_update
Traceback (most recent call last):
  File "/usr/local/lib/python3.12/site-packages/discord/client.py", line 465, in _run_event
    await coro(*args, **kwargs)
  File "/app/asu_discord/cogs/analytics.py", line 652, in on_member_update
    before_timeout = before.timed_out_until
                     ^^^^^^^^^^^^^^^^^^^^^^
AttributeError: 'Member' object has no attribute 'timed_out_until'
Ignoring exception in on_member_update
Traceback (most recent call last):
  File "/usr/local/lib/python3.12/site-packages/discord/client.py", line 465, in _run_event
    await coro(*args, **kwargs)
  File "/app/asu_discord/cogs/analytics.py", line 652, in on_member_update
    before_timeout = before.timed_out_until
                     ^^^^^^^^^^^^^^^^^^^^^^
AttributeError: 'Member' object has no attribute 'timed_out_until'
Ignoring exception in on_member_update
Traceback (most recent call last):
  File "/usr/local/lib/python3.12/site-packages/discord/client.py", line 465, in _run_event
    await coro(*args, **kwargs)
  File "/app/asu_discord/cogs/analytics.py", line 652, in on_member_update
    before_timeout = before.timed_out_until
                     ^^^^^^^^^^^^^^^^^^^^^^
AttributeError: 'Member' object has no attribute 'timed_out_until'
Ignoring exception in on_member_update
Traceback (most recent call last):
  File "/usr/local/lib/python3.12/site-packages/discord/client.py", line 465, in _run_event
    await coro(*args, **kwargs)
  File "/app/asu_discord/cogs/analytics.py", line 652, in on_member_update
    before_timeout = before.timed_out_until
                     ^^^^^^^^^^^^^^^^^^^^^^
AttributeError: 'Member' object has no attribute 'timed_out_until'
Ignoring exception in on_member_update
Traceback (most recent call last):
  File "/usr/local/lib/python3.12/site-packages/discord/client.py", line 465, in _run_event
    await coro(*args, **kwargs)
  File "/app/asu_discord/cogs/analytics.py", line 652, in on_member_update
    before_timeout = before.timed_out_until
                     ^^^^^^^^^^^^^^^^^^^^^^
AttributeError: 'Member' object has no attribute 'timed_out_until'
Ignoring exception in on_member_update
Traceback (most recent call last):
  File "/usr/local/lib/python3.12/site-packages/discord/client.py", line 465, in _run_event
    await coro(*args, **kwargs)
  File "/app/asu_discord/cogs/analytics.py", line 652, in on_member_update
    before_timeout = before.timed_out_until
                     ^^^^^^^^^^^^^^^^^^^^^^
AttributeError: 'Member' object has no attribute 'timed_out_until'
Ignoring exception in on_member_update
Traceback (most recent call last):
  File "/usr/local/lib/python3.12/site-packages/discord/client.py", line 465, in _run_event
    await coro(*args, **kwargs)
  File "/app/asu_discord/cogs/analytics.py", line 652, in on_member_update
    before_timeout = before.timed_out_until
                     ^^^^^^^^^^^^^^^^^^^^^^
AttributeError: 'Member' object has no attribute 'timed_out_until'
Ignoring exception in on_member_update
Traceback (most recent call last):
  File "/usr/local/lib/python3.12/site-packages/discord/client.py", line 465, in _run_event
    await coro(*args, **kwargs)
  File "/app/asu_discord/cogs/analytics.py", line 652, in on_member_update
    before_timeout = before.timed_out_until
                     ^^^^^^^^^^^^^^^^^^^^^^
AttributeError: 'Member' object has no attribute 'timed_out_until'
Ignoring exception in on_member_update
Traceback (most recent call last):
  File "/usr/local/lib/python3.12/site-packages/discord/client.py", line 465, in _run_event
    await coro(*args, **kwargs)
  File "/app/asu_discord/cogs/analytics.py", line 652, in on_member_update
    before_timeout = before.timed_out_until
                     ^^^^^^^^^^^^^^^^^^^^^^
AttributeError: 'Member' object has no attribute 'timed_out_until'
Ignoring exception in on_member_update
Traceback (most recent call last):
  File "/usr/local/lib/python3.12/site-packages/discord/client.py", line 465, in _run_event
    await coro(*args, **kwargs)
  File "/app/asu_discord/cogs/analytics.py", line 652, in on_member_update
    before_timeout = before.timed_out_until
                     ^^^^^^^^^^^^^^^^^^^^^^
AttributeError: 'Member' object has no attribute 'timed_out_until'
ERROR:cron.jobs:refresh_salesforce_roles: failed for mawil111 (Discord ID 1025666849700073533): Timed out refresh Salesforce-based roles
Ignoring exception in on_member_update
Traceback (most recent call last):
  File "/usr/local/lib/python3.12/site-packages/discord/client.py", line 465, in _run_event
    await coro(*args, **kwargs)
  File "/app/asu_discord/cogs/analytics.py", line 652, in on_member_update
    before_timeout = before.timed_out_until
                     ^^^^^^^^^^^^^^^^^^^^^^
AttributeError: 'Member' object has no attribute 'timed_out_until'
Ignoring exception in on_member_update
Traceback (most recent call last):
  File "/usr/local/lib/python3.12/site-packages/discord/client.py", line 465, in _run_event
    await coro(*args, **kwargs)
  File "/app/asu_discord/cogs/analytics.py", line 652, in on_member_update
    before_timeout = before.timed_out_until
                     ^^^^^^^^^^^^^^^^^^^^^^
AttributeError: 'Member' object has no attribute 'timed_out_until'
Ignoring exception in on_member_update
Traceback (most recent call last):
  File "/usr/local/lib/python3.12/site-packages/discord/client.py", line 465, in _run_event
    await coro(*args, **kwargs)
  File "/app/asu_discord/cogs/analytics.py", line 652, in on_member_update
    before_timeout = before.timed_out_until
                     ^^^^^^^^^^^^^^^^^^^^^^
AttributeError: 'Member' object has no attribute 'timed_out_until'
Ignoring exception in on_member_update
Traceback (most recent call last):
  File "/usr/local/lib/python3.12/site-packages/discord/client.py", line 465, in _run_event
    await coro(*args, **kwargs)
  File "/app/asu_discord/cogs/analytics.py", line 652, in on_member_update
    before_timeout = before.timed_out_until
                     ^^^^^^^^^^^^^^^^^^^^^^
AttributeError: 'Member' object has no attribute 'timed_out_until'
Ignoring exception in on_member_update
Traceback (most recent call last):
  File "/usr/local/lib/python3.12/site-packages/discord/client.py", line 465, in _run_event
    await coro(*args, **kwargs)
  File "/app/asu_discord/cogs/analytics.py", line 652, in on_member_update
    before_timeout = before.timed_out_until
                     ^^^^^^^^^^^^^^^^^^^^^^
AttributeError: 'Member' object has no attribute 'timed_out_until'
Ignoring exception in on_member_update
Traceback (most recent call last):
  File "/usr/local/lib/python3.12/site-packages/discord/client.py", line 465, in _run_event
    await coro(*args, **kwargs)
  File "/app/asu_discord/cogs/analytics.py", line 652, in on_member_update
    before_timeout = before.timed_out_until
                     ^^^^^^^^^^^^^^^^^^^^^^
AttributeError: 'Member' object has no attribute 'timed_out_until'
Ignoring exception in on_member_update
Traceback (most recent call last):
  File "/usr/local/lib/python3.12/site-packages/discord/client.py", line 465, in _run_event
    await coro(*args, **kwargs)
  File "/app/asu_discord/cogs/analytics.py", line 652, in on_member_update
    before_timeout = before.timed_out_until
                     ^^^^^^^^^^^^^^^^^^^^^^
AttributeError: 'Member' object has no attribute 'timed_out_until'
Ignoring exception in on_member_update
Traceback (most recent call last):
  File "/usr/local/lib/python3.12/site-packages/discord/client.py", line 465, in _run_event
    await coro(*args, **kwargs)
  File "/app/asu_discord/cogs/analytics.py", line 652, in on_member_update
    before_timeout = before.timed_out_until
                     ^^^^^^^^^^^^^^^^^^^^^^
AttributeError: 'Member' object has no attribute 'timed_out_until'
Ignoring exception in on_member_update
Traceback (most recent call last):
  File "/usr/local/lib/python3.12/site-packages/discord/client.py", line 465, in _run_event
    await coro(*args, **kwargs)
  File "/app/asu_discord/cogs/analytics.py", line 652, in on_member_update
    before_timeout = before.timed_out_until
                     ^^^^^^^^^^^^^^^^^^^^^^
AttributeError: 'Member' object has no attribute 'timed_out_until'
Ignoring exception in on_member_update
Traceback (most recent call last):
  File "/usr/local/lib/python3.12/site-packages/discord/client.py", line 465, in _run_event
    await coro(*args, **kwargs)
  File "/app/asu_discord/cogs/analytics.py", line 652, in on_member_update
    before_timeout = before.timed_out_until
                     ^^^^^^^^^^^^^^^^^^^^^^
AttributeError: 'Member' object has no attribute 'timed_out_until'
INFO:asu_discord.cogs.verification:Saved 5 roles to database for user msobo (Discord ID: 768500566010888223)
INFO:asu_discord.cogs.verification:Refreshed Salesforce roles for Discord user 768500566010888223: -5/+5 roles, assigned=[Commited, International Student, New College of Interdisciplinary Arts and Sciences, Tempe, Transfer Student]
Ignoring exception in on_member_update
Traceback (most recent call last):
  File "/usr/local/lib/python3.12/site-packages/discord/client.py", line 465, in _run_event
    await coro(*args, **kwargs)
  File "/app/asu_discord/cogs/analytics.py", line 652, in on_member_update
    before_timeout = before.timed_out_until
                     ^^^^^^^^^^^^^^^^^^^^^^
AttributeError: 'Member' object has no attribute 'timed_out_until'
Ignoring exception in on_member_update
Traceback (most recent call last):
  File "/usr/local/lib/python3.12/site-packages/discord/client.py", line 465, in _run_event
    await coro(*args, **kwargs)
  File "/app/asu_discord/cogs/analytics.py", line 652, in on_member_update
    before_timeout = before.timed_out_until
                     ^^^^^^^^^^^^^^^^^^^^^^
AttributeError: 'Member' object has no attribute 'timed_out_until'
Ignoring exception in on_member_update
Traceback (most recent call last):
  File "/usr/local/lib/python3.12/site-packages/discord/client.py", line 465, in _run_event
    await coro(*args, **kwargs)
  File "/app/asu_discord/cogs/analytics.py", line 652, in on_member_update
    before_timeout = before.timed_out_until
                     ^^^^^^^^^^^^^^^^^^^^^^
AttributeError: 'Member' object has no attribute 'timed_out_until'
Ignoring exception in on_member_update
Traceback (most recent call last):
  File "/usr/local/lib/python3.12/site-packages/discord/client.py", line 465, in _run_event
    await coro(*args, **kwargs)
  File "/app/asu_discord/cogs/analytics.py", line 652, in on_member_update
    before_timeout = before.timed_out_until
                     ^^^^^^^^^^^^^^^^^^^^^^
AttributeError: 'Member' object has no attribute 'timed_out_until'
Ignoring exception in on_member_update
Traceback (most recent call last):
  File "/usr/local/lib/python3.12/site-packages/discord/client.py", line 465, in _run_event
    await coro(*args, **kwargs)
  File "/app/asu_discord/cogs/analytics.py", line 652, in on_member_update
    before_timeout = before.timed_out_until
                     ^^^^^^^^^^^^^^^^^^^^^^
AttributeError: 'Member' object has no attribute 'timed_out_until'
Ignoring exception in on_member_update
Traceback (most recent call last):
  File "/usr/local/lib/python3.12/site-packages/discord/client.py", line 465, in _run_event
    await coro(*args, **kwargs)
  File "/app/asu_discord/cogs/analytics.py", line 652, in on_member_update
    before_timeout = before.timed_out_until
                     ^^^^^^^^^^^^^^^^^^^^^^
AttributeError: 'Member' object has no attribute 'timed_out_until'
Ignoring exception in on_member_update
Traceback (most recent call last):
  File "/usr/local/lib/python3.12/site-packages/discord/client.py", line 465, in _run_event
    await coro(*args, **kwargs)
  File "/app/asu_discord/cogs/analytics.py", line 652, in on_member_update
    before_timeout = before.timed_out_until
                     ^^^^^^^^^^^^^^^^^^^^^^
AttributeError: 'Member' object has no attribute 'timed_out_until'
Ignoring exception in on_member_update
Traceback (most recent call last):
  File "/usr/local/lib/python3.12/site-packages/discord/client.py", line 465, in _run_event
    await coro(*args, **kwargs)
  File "/app/asu_discord/cogs/analytics.py", line 652, in on_member_update
    before_timeout = before.timed_out_until
                     ^^^^^^^^^^^^^^^^^^^^^^
AttributeError: 'Member' object has no attribute 'timed_out_until'
Ignoring exception in on_member_update
Traceback (most recent call last):
  File "/usr/local/lib/python3.12/site-packages/discord/client.py", line 465, in _run_event
    await coro(*args, **kwargs)
  File "/app/asu_discord/cogs/analytics.py", line 652, in on_member_update
    before_timeout = before.timed_out_until
                     ^^^^^^^^^^^^^^^^^^^^^^
AttributeError: 'Member' object has no attribute 'timed_out_until'
Ignoring exception in on_member_update
Traceback (most recent call last):
  File "/usr/local/lib/python3.12/site-packages/discord/client.py", line 465, in _run_event
    await coro(*args, **kwargs)
  File "/app/asu_discord/cogs/analytics.py", line 652, in on_member_update
    before_timeout = before.timed_out_until
                     ^^^^^^^^^^^^^^^^^^^^^^
AttributeError: 'Member' object has no attribute 'timed_out_until'
INFO:asu_discord.cogs.verification:Saved 5 roles to database for user kamack4 (Discord ID: 1516468569188077790)
INFO:asu_discord.cogs.verification:Refreshed Salesforce roles for Discord user 1516468569188077790: -5/+5 roles, assigned=[Commited, Graduate Student, Herberger Institute for Design and the Arts, Out of State, Tempe]
Ignoring exception in on_member_update
Traceback (most recent call last):
  File "/usr/local/lib/python3.12/site-packages/discord/client.py", line 465, in _run_event
    await coro(*args, **kwargs)
  File "/app/asu_discord/cogs/analytics.py", line 652, in on_member_update
    before_timeout = before.timed_out_until
                     ^^^^^^^^^^^^^^^^^^^^^^
AttributeError: 'Member' object has no attribute 'timed_out_until'
Ignoring exception in on_member_update
Traceback (most recent call last):
  File "/usr/local/lib/python3.12/site-packages/discord/client.py", line 465, in _run_event
    await coro(*args, **kwargs)
  File "/app/asu_discord/cogs/analytics.py", line 652, in on_member_update
    before_timeout = before.timed_out_until
                     ^^^^^^^^^^^^^^^^^^^^^^
AttributeError: 'Member' object has no attribute 'timed_out_until'
Ignoring exception in on_member_update
Traceback (most recent call last):
  File "/usr/local/lib/python3.12/site-packages/discord/client.py", line 465, in _run_event
    await coro(*args, **kwargs)
  File "/app/asu_discord/cogs/analytics.py", line 652, in on_member_update
    before_timeout = before.timed_out_until
                     ^^^^^^^^^^^^^^^^^^^^^^
AttributeError: 'Member' object has no attribute 'timed_out_until'
Ignoring exception in on_member_update
Traceback (most recent call last):
  File "/usr/local/lib/python3.12/site-packages/discord/client.py", line 465, in _run_event
    await coro(*args, **kwargs)
  File "/app/asu_discord/cogs/analytics.py", line 652, in on_member_update
    before_timeout = before.timed_out_until
                     ^^^^^^^^^^^^^^^^^^^^^^
AttributeError: 'Member' object has no attribute 'timed_out_until'
Ignoring exception in on_member_update
Traceback (most recent call last):
  File "/usr/local/lib/python3.12/site-packages/discord/client.py", line 465, in _run_event
    await coro(*args, **kwargs)
  File "/app/asu_discord/cogs/analytics.py", line 652, in on_member_update
    before_timeout = before.timed_out_until
                     ^^^^^^^^^^^^^^^^^^^^^^
AttributeError: 'Member' object has no attribute 'timed_out_until'
Ignoring exception in on_member_update
Traceback (most recent call last):
  File "/usr/local/lib/python3.12/site-packages/discord/client.py", line 465, in _run_event
    await coro(*args, **kwargs)
  File "/app/asu_discord/cogs/analytics.py", line 652, in on_member_update
    before_timeout = before.timed_out_until
                     ^^^^^^^^^^^^^^^^^^^^^^
AttributeError: 'Member' object has no attribute 'timed_out_until'
Ignoring exception in on_member_update
Traceback (most recent call last):
  File "/usr/local/lib/python3.12/site-packages/discord/client.py", line 465, in _run_event
    await coro(*args, **kwargs)
  File "/app/asu_discord/cogs/analytics.py", line 652, in on_member_update
    before_timeout = before.timed_out_until
                     ^^^^^^^^^^^^^^^^^^^^^^
AttributeError: 'Member' object has no attribute 'timed_out_until'
Ignoring exception in on_member_update
Traceback (most recent call last):
  File "/usr/local/lib/python3.12/site-packages/discord/client.py", line 465, in _run_event
    await coro(*args, **kwargs)
  File "/app/asu_discord/cogs/analytics.py", line 652, in on_member_update
    before_timeout = before.timed_out_until
                     ^^^^^^^^^^^^^^^^^^^^^^
AttributeError: 'Member' object has no attribute 'timed_out_until'
Ignoring exception in on_member_update
Traceback (most recent call last):
  File "/usr/local/lib/python3.12/site-packages/discord/client.py", line 465, in _run_event
    await coro(*args, **kwargs)
  File "/app/asu_discord/cogs/analytics.py", line 652, in on_member_update
    before_timeout = before.timed_out_until
                     ^^^^^^^^^^^^^^^^^^^^^^
AttributeError: 'Member' object has no attribute 'timed_out_until'
Ignoring exception in on_member_update
Traceback (most recent call last):
  File "/usr/local/lib/python3.12/site-packages/discord/client.py", line 465, in _run_event
    await coro(*args, **kwargs)
  File "/app/asu_discord/cogs/analytics.py", line 652, in on_member_update
    before_timeout = before.timed_out_until
                     ^^^^^^^^^^^^^^^^^^^^^^
AttributeError: 'Member' object has no attribute 'timed_out_until'
ERROR:cron.jobs:refresh_salesforce_roles: failed for jpervez (Discord ID 1487554557650276513): Timed out refresh Salesforce-based roles
Ignoring exception in on_member_update
Traceback (most recent call last):
  File "/usr/local/lib/python3.12/site-packages/discord/client.py", line 465, in _run_event
    await coro(*args, **kwargs)
  File "/app/asu_discord/cogs/analytics.py", line 652, in on_member_update
    before_timeout = before.timed_out_until
                     ^^^^^^^^^^^^^^^^^^^^^^
AttributeError: 'Member' object has no attribute 'timed_out_until'
Ignoring exception in on_member_update
Traceback (most recent call last):
  File "/usr/local/lib/python3.12/site-packages/discord/client.py", line 465, in _run_event
    await coro(*args, **kwargs)
  File "/app/asu_discord/cogs/analytics.py", line 652, in on_member_update
    before_timeout = before.timed_out_until
                     ^^^^^^^^^^^^^^^^^^^^^^
AttributeError: 'Member' object has no attribute 'timed_out_until'
Ignoring exception in on_member_update
Traceback (most recent call last):
  File "/usr/local/lib/python3.12/site-packages/discord/client.py", line 465, in _run_event
    await coro(*args, **kwargs)
  File "/app/asu_discord/cogs/analytics.py", line 652, in on_member_update
    before_timeout = before.timed_out_until
                     ^^^^^^^^^^^^^^^^^^^^^^
AttributeError: 'Member' object has no attribute 'timed_out_until'
Ignoring exception in on_member_update
Traceback (most recent call last):
  File "/usr/local/lib/python3.12/site-packages/discord/client.py", line 465, in _run_event
    await coro(*args, **kwargs)
  File "/app/asu_discord/cogs/analytics.py", line 652, in on_member_update
    before_timeout = before.timed_out_until
                     ^^^^^^^^^^^^^^^^^^^^^^
AttributeError: 'Member' object has no attribute 'timed_out_until'
Ignoring exception in on_member_update
Traceback (most recent call last):
  File "/usr/local/lib/python3.12/site-packages/discord/client.py", line 465, in _run_event
    await coro(*args, **kwargs)
  File "/app/asu_discord/cogs/analytics.py", line 652, in on_member_update
    before_timeout = before.timed_out_until
                     ^^^^^^^^^^^^^^^^^^^^^^
AttributeError: 'Member' object has no attribute 'timed_out_until'
Ignoring exception in on_member_update
Traceback (most recent call last):
  File "/usr/local/lib/python3.12/site-packages/discord/client.py", line 465, in _run_event
    await coro(*args, **kwargs)
  File "/app/asu_discord/cogs/analytics.py", line 652, in on_member_update
    before_timeout = before.timed_out_until
                     ^^^^^^^^^^^^^^^^^^^^^^
AttributeError: 'Member' object has no attribute 'timed_out_until'
Ignoring exception in on_member_update
Traceback (most recent call last):
  File "/usr/local/lib/python3.12/site-packages/discord/client.py", line 465, in _run_event
    await coro(*args, **kwargs)
  File "/app/asu_discord/cogs/analytics.py", line 652, in on_member_update
    before_timeout = before.timed_out_until
                     ^^^^^^^^^^^^^^^^^^^^^^
AttributeError: 'Member' object has no attribute 'timed_out_until'
Ignoring exception in on_member_update
Traceback (most recent call last):
  File "/usr/local/lib/python3.12/site-packages/discord/client.py", line 465, in _run_event
    await coro(*args, **kwargs)
  File "/app/asu_discord/cogs/analytics.py", line 652, in on_member_update
    before_timeout = before.timed_out_until
                     ^^^^^^^^^^^^^^^^^^^^^^
AttributeError: 'Member' object has no attribute 'timed_out_until'
Ignoring exception in on_member_update
Traceback (most recent call last):
  File "/usr/local/lib/python3.12/site-packages/discord/client.py", line 465, in _run_event
    await coro(*args, **kwargs)
  File "/app/asu_discord/cogs/analytics.py", line 652, in on_member_update
    before_timeout = before.timed_out_until
                     ^^^^^^^^^^^^^^^^^^^^^^
AttributeError: 'Member' object has no attribute 'timed_out_until'
Ignoring exception in on_member_update
Traceback (most recent call last):
  File "/usr/local/lib/python3.12/site-packages/discord/client.py", line 465, in _run_event
    await coro(*args, **kwargs)
  File "/app/asu_discord/cogs/analytics.py", line 652, in on_member_update
    before_timeout = before.timed_out_until
                     ^^^^^^^^^^^^^^^^^^^^^^
AttributeError: 'Member' object has no attribute 'timed_out_until'
ERROR:cron.jobs:refresh_salesforce_roles: failed for apariha6 (Discord ID 1115976651663220766): Timed out refresh Salesforce-based roles
Ignoring exception in on_member_update
Traceback (most recent call last):
  File "/usr/local/lib/python3.12/site-packages/discord/client.py", line 465, in _run_event
    await coro(*args, **kwargs)
  File "/app/asu_discord/cogs/analytics.py", line 652, in on_member_update
    before_timeout = before.timed_out_until
                     ^^^^^^^^^^^^^^^^^^^^^^
AttributeError: 'Member' object has no attribute 'timed_out_until'
Ignoring exception in on_member_update
Traceback (most recent call last):
  File "/usr/local/lib/python3.12/site-packages/discord/client.py", line 465, in _run_event
    await coro(*args, **kwargs)
  File "/app/asu_discord/cogs/analytics.py", line 652, in on_member_update
    before_timeout = before.timed_out_until
                     ^^^^^^^^^^^^^^^^^^^^^^
AttributeError: 'Member' object has no attribute 'timed_out_until'
Ignoring exception in on_member_update
Traceback (most recent call last):
  File "/usr/local/lib/python3.12/site-packages/discord/client.py", line 465, in _run_event
    await coro(*args, **kwargs)
  File "/app/asu_discord/cogs/analytics.py", line 652, in on_member_update
    before_timeout = before.timed_out_until
                     ^^^^^^^^^^^^^^^^^^^^^^
AttributeError: 'Member' object has no attribute 'timed_out_until'
Ignoring exception in on_member_update
Traceback (most recent call last):
  File "/usr/local/lib/python3.12/site-packages/discord/client.py", line 465, in _run_event
    await coro(*args, **kwargs)
  File "/app/asu_discord/cogs/analytics.py", line 652, in on_member_update
    before_timeout = before.timed_out_until
                     ^^^^^^^^^^^^^^^^^^^^^^
AttributeError: 'Member' object has no attribute 'timed_out_until'
Ignoring exception in on_member_update
Traceback (most recent call last):
  File "/usr/local/lib/python3.12/site-packages/discord/client.py", line 465, in _run_event
    await coro(*args, **kwargs)
  File "/app/asu_discord/cogs/analytics.py", line 652, in on_member_update
    before_timeout = before.timed_out_until
                     ^^^^^^^^^^^^^^^^^^^^^^
AttributeError: 'Member' object has no attribute 'timed_out_until'
Ignoring exception in on_member_update
Traceback (most recent call last):
  File "/usr/local/lib/python3.12/site-packages/discord/client.py", line 465, in _run_event
    await coro(*args, **kwargs)
  File "/app/asu_discord/cogs/analytics.py", line 652, in on_member_update
    before_timeout = before.timed_out_until
                     ^^^^^^^^^^^^^^^^^^^^^^
AttributeError: 'Member' object has no attribute 'timed_out_until'
Ignoring exception in on_member_update
Traceback (most recent call last):
  File "/usr/local/lib/python3.12/site-packages/discord/client.py", line 465, in _run_event
    await coro(*args, **kwargs)
  File "/app/asu_discord/cogs/analytics.py", line 652, in on_member_update
    before_timeout = before.timed_out_until
                     ^^^^^^^^^^^^^^^^^^^^^^
AttributeError: 'Member' object has no attribute 'timed_out_until'
Ignoring exception in on_member_update
Traceback (most recent call last):
  File "/usr/local/lib/python3.12/site-packages/discord/client.py", line 465, in _run_event
    await coro(*args, **kwargs)
  File "/app/asu_discord/cogs/analytics.py", line 652, in on_member_update
    before_timeout = before.timed_out_until
                     ^^^^^^^^^^^^^^^^^^^^^^
AttributeError: 'Member' object has no attribute 'timed_out_until'
INFO:asu_discord.cogs.verification:Saved 4 roles to database for user mmajaliw (Discord ID: 877042796576538674)
INFO:asu_discord.cogs.verification:Refreshed Salesforce roles for Discord user 877042796576538674: -4/+4 roles, assigned=[Arizona Resident, First Year, Ira A. Fulton Schools of Engineering, Tempe]
Ignoring exception in on_member_update
Traceback (most recent call last):
  File "/usr/local/lib/python3.12/site-packages/discord/client.py", line 465, in _run_event
    await coro(*args, **kwargs)
  File "/app/asu_discord/cogs/analytics.py", line 652, in on_member_update
    before_timeout = before.timed_out_until
                     ^^^^^^^^^^^^^^^^^^^^^^
AttributeError: 'Member' object has no attribute 'timed_out_until'
Ignoring exception in on_member_update
Traceback (most recent call last):
  File "/usr/local/lib/python3.12/site-packages/discord/client.py", line 465, in _run_event
    await coro(*args, **kwargs)
  File "/app/asu_discord/cogs/analytics.py", line 652, in on_member_update
    before_timeout = before.timed_out_until
                     ^^^^^^^^^^^^^^^^^^^^^^
AttributeError: 'Member' object has no attribute 'timed_out_until'
Ignoring exception in on_member_update
Traceback (most recent call last):
  File "/usr/local/lib/python3.12/site-packages/discord/client.py", line 465, in _run_event
    await coro(*args, **kwargs)
  File "/app/asu_discord/cogs/analytics.py", line 652, in on_member_update
    before_timeout = before.timed_out_until
                     ^^^^^^^^^^^^^^^^^^^^^^
AttributeError: 'Member' object has no attribute 'timed_out_until'
Ignoring exception in on_member_update
Traceback (most recent call last):
  File "/usr/local/lib/python3.12/site-packages/discord/client.py", line 465, in _run_event
    await coro(*args, **kwargs)
  File "/app/asu_discord/cogs/analytics.py", line 652, in on_member_update
    before_timeout = before.timed_out_until
                     ^^^^^^^^^^^^^^^^^^^^^^
AttributeError: 'Member' object has no attribute 'timed_out_until'
Ignoring exception in on_member_update
Traceback (most recent call last):
  File "/usr/local/lib/python3.12/site-packages/discord/client.py", line 465, in _run_event
    await coro(*args, **kwargs)
  File "/app/asu_discord/cogs/analytics.py", line 652, in on_member_update
    before_timeout = before.timed_out_until
                     ^^^^^^^^^^^^^^^^^^^^^^
AttributeError: 'Member' object has no attribute 'timed_out_until'
Ignoring exception in on_member_update
Traceback (most recent call last):
  File "/usr/local/lib/python3.12/site-packages/discord/client.py", line 465, in _run_event
    await coro(*args, **kwargs)
  File "/app/asu_discord/cogs/analytics.py", line 652, in on_member_update
    before_timeout = before.timed_out_until
                     ^^^^^^^^^^^^^^^^^^^^^^
AttributeError: 'Member' object has no attribute 'timed_out_until'
Ignoring exception in on_member_update
Traceback (most recent call last):
  File "/usr/local/lib/python3.12/site-packages/discord/client.py", line 465, in _run_event
    await coro(*args, **kwargs)
  File "/app/asu_discord/cogs/analytics.py", line 652, in on_member_update
    before_timeout = before.timed_out_until
                     ^^^^^^^^^^^^^^^^^^^^^^
AttributeError: 'Member' object has no attribute 'timed_out_until'
Ignoring exception in on_member_update
Traceback (most recent call last):
  File "/usr/local/lib/python3.12/site-packages/discord/client.py", line 465, in _run_event
    await coro(*args, **kwargs)
  File "/app/asu_discord/cogs/analytics.py", line 652, in on_member_update
    before_timeout = before.timed_out_until
                     ^^^^^^^^^^^^^^^^^^^^^^
AttributeError: 'Member' object has no attribute 'timed_out_until'
INFO:asu_discord.cogs.verification:Saved 4 roles to database for user dville22 (Discord ID: 890789792168685588)
INFO:asu_discord.cogs.verification:Refreshed Salesforce roles for Discord user 890789792168685588: -4/+4 roles, assigned=[Graduate Student, Herberger Institute for Design and the Arts, Out of State, Tempe]
Ignoring exception in on_member_update
Traceback (most recent call last):
  File "/usr/local/lib/python3.12/site-packages/discord/client.py", line 465, in _run_event
    await coro(*args, **kwargs)
  File "/app/asu_discord/cogs/analytics.py", line 652, in on_member_update
    before_timeout = before.timed_out_until
                     ^^^^^^^^^^^^^^^^^^^^^^
AttributeError: 'Member' object has no attribute 'timed_out_until'
Ignoring exception in on_member_update
Traceback (most recent call last):
  File "/usr/local/lib/python3.12/site-packages/discord/client.py", line 465, in _run_event
    await coro(*args, **kwargs)
  File "/app/asu_discord/cogs/analytics.py", line 652, in on_member_update
    before_timeout = before.timed_out_until
                     ^^^^^^^^^^^^^^^^^^^^^^
AttributeError: 'Member' object has no attribute 'timed_out_until'
Ignoring exception in on_member_update
Traceback (most recent call last):
  File "/usr/local/lib/python3.12/site-packages/discord/client.py", line 465, in _run_event
    await coro(*args, **kwargs)
  File "/app/asu_discord/cogs/analytics.py", line 652, in on_member_update
    before_timeout = before.timed_out_until
                     ^^^^^^^^^^^^^^^^^^^^^^
AttributeError: 'Member' object has no attribute 'timed_out_until'
Ignoring exception in on_member_update
Traceback (most recent call last):
  File "/usr/local/lib/python3.12/site-packages/discord/client.py", line 465, in _run_event
    await coro(*args, **kwargs)
  File "/app/asu_discord/cogs/analytics.py", line 652, in on_member_update
    before_timeout = before.timed_out_until
                     ^^^^^^^^^^^^^^^^^^^^^^
AttributeError: 'Member' object has no attribute 'timed_out_until'
Ignoring exception in on_member_update
Traceback (most recent call last):
  File "/usr/local/lib/python3.12/site-packages/discord/client.py", line 465, in _run_event
    await coro(*args, **kwargs)
  File "/app/asu_discord/cogs/analytics.py", line 652, in on_member_update
    before_timeout = before.timed_out_until
                     ^^^^^^^^^^^^^^^^^^^^^^
AttributeError: 'Member' object has no attribute 'timed_out_until'
Ignoring exception in on_member_update
Traceback (most recent call last):
  File "/usr/local/lib/python3.12/site-packages/discord/client.py", line 465, in _run_event
    await coro(*args, **kwargs)
  File "/app/asu_discord/cogs/analytics.py", line 652, in on_member_update
    before_timeout = before.timed_out_until
                     ^^^^^^^^^^^^^^^^^^^^^^
AttributeError: 'Member' object has no attribute 'timed_out_until'
Ignoring exception in on_member_update
Traceback (most recent call last):
  File "/usr/local/lib/python3.12/site-packages/discord/client.py", line 465, in _run_event
    await coro(*args, **kwargs)
  File "/app/asu_discord/cogs/analytics.py", line 652, in on_member_update
    before_timeout = before.timed_out_until
                     ^^^^^^^^^^^^^^^^^^^^^^
AttributeError: 'Member' object has no attribute 'timed_out_until'
Ignoring exception in on_member_update
Traceback (most recent call last):
  File "/usr/local/lib/python3.12/site-packages/discord/client.py", line 465, in _run_event
    await coro(*args, **kwargs)
  File "/app/asu_discord/cogs/analytics.py", line 652, in on_member_update
    before_timeout = before.timed_out_until
                     ^^^^^^^^^^^^^^^^^^^^^^
AttributeError: 'Member' object has no attribute 'timed_out_until'
Ignoring exception in on_member_update
Traceback (most recent call last):
  File "/usr/local/lib/python3.12/site-packages/discord/client.py", line 465, in _run_event
    await coro(*args, **kwargs)
  File "/app/asu_discord/cogs/analytics.py", line 652, in on_member_update
    before_timeout = before.timed_out_until
                     ^^^^^^^^^^^^^^^^^^^^^^
AttributeError: 'Member' object has no attribute 'timed_out_until'
Ignoring exception in on_member_update
Traceback (most recent call last):
  File "/usr/local/lib/python3.12/site-packages/discord/client.py", line 465, in _run_event
    await coro(*args, **kwargs)
  File "/app/asu_discord/cogs/analytics.py", line 652, in on_member_update
    before_timeout = before.timed_out_until
                     ^^^^^^^^^^^^^^^^^^^^^^
AttributeError: 'Member' object has no attribute 'timed_out_until'
INFO:asu_discord.cogs.verification:Saved 5 roles to database for user mande1 (Discord ID: 952558496572907530)
INFO:asu_discord.cogs.verification:Refreshed Salesforce roles for Discord user 952558496572907530: -5/+5 roles, assigned=[Commited, Graduate Student, International Student, Ira A. Fulton Schools of Engineering, Polytechnic]
Ignoring exception in on_member_update
Traceback (most recent call last):
  File "/usr/local/lib/python3.12/site-packages/discord/client.py", line 465, in _run_event
    await coro(*args, **kwargs)
  File "/app/asu_discord/cogs/analytics.py", line 652, in on_member_update
    before_timeout = before.timed_out_until
                     ^^^^^^^^^^^^^^^^^^^^^^
AttributeError: 'Member' object has no attribute 'timed_out_until'
Ignoring exception in on_member_update
Traceback (most recent call last):
  File "/usr/local/lib/python3.12/site-packages/discord/client.py", line 465, in _run_event
    await coro(*args, **kwargs)
  File "/app/asu_discord/cogs/analytics.py", line 652, in on_member_update
    before_timeout = before.timed_out_until
                     ^^^^^^^^^^^^^^^^^^^^^^
AttributeError: 'Member' object has no attribute 'timed_out_until'
Ignoring exception in on_member_update
Traceback (most recent call last):
  File "/usr/local/lib/python3.12/site-packages/discord/client.py", line 465, in _run_event
    await coro(*args, **kwargs)
  File "/app/asu_discord/cogs/analytics.py", line 652, in on_member_update
    before_timeout = before.timed_out_until
                     ^^^^^^^^^^^^^^^^^^^^^^
AttributeError: 'Member' object has no attribute 'timed_out_until'
Ignoring exception in on_member_update
Traceback (most recent call last):
  File "/usr/local/lib/python3.12/site-packages/discord/client.py", line 465, in _run_event
    await coro(*args, **kwargs)
  File "/app/asu_discord/cogs/analytics.py", line 652, in on_member_update
    before_timeout = before.timed_out_until
                     ^^^^^^^^^^^^^^^^^^^^^^
AttributeError: 'Member' object has no attribute 'timed_out_until'
Ignoring exception in on_member_update
Traceback (most recent call last):
  File "/usr/local/lib/python3.12/site-packages/discord/client.py", line 465, in _run_event
    await coro(*args, **kwargs)
  File "/app/asu_discord/cogs/analytics.py", line 652, in on_member_update
    before_timeout = before.timed_out_until
                     ^^^^^^^^^^^^^^^^^^^^^^
AttributeError: 'Member' object has no attribute 'timed_out_until'
Ignoring exception in on_member_update
Traceback (most recent call last):
  File "/usr/local/lib/python3.12/site-packages/discord/client.py", line 465, in _run_event
    await coro(*args, **kwargs)
  File "/app/asu_discord/cogs/analytics.py", line 652, in on_member_update
    before_timeout = before.timed_out_until
                     ^^^^^^^^^^^^^^^^^^^^^^
AttributeError: 'Member' object has no attribute 'timed_out_until'
Ignoring exception in on_member_update
Traceback (most recent call last):
  File "/usr/local/lib/python3.12/site-packages/discord/client.py", line 465, in _run_event
    await coro(*args, **kwargs)
  File "/app/asu_discord/cogs/analytics.py", line 652, in on_member_update
    before_timeout = before.timed_out_until
                     ^^^^^^^^^^^^^^^^^^^^^^
AttributeError: 'Member' object has no attribute 'timed_out_until'
Ignoring exception in on_member_update
Traceback (most recent call last):
  File "/usr/local/lib/python3.12/site-packages/discord/client.py", line 465, in _run_event
    await coro(*args, **kwargs)
  File "/app/asu_discord/cogs/analytics.py", line 652, in on_member_update
    before_timeout = before.timed_out_until
                     ^^^^^^^^^^^^^^^^^^^^^^
AttributeError: 'Member' object has no attribute 'timed_out_until'
Ignoring exception in on_member_update
Traceback (most recent call last):
  File "/usr/local/lib/python3.12/site-packages/discord/client.py", line 465, in _run_event
    await coro(*args, **kwargs)
  File "/app/asu_discord/cogs/analytics.py", line 652, in on_member_update
    before_timeout = before.timed_out_until
                     ^^^^^^^^^^^^^^^^^^^^^^
AttributeError: 'Member' object has no attribute 'timed_out_until'
Ignoring exception in on_member_update
Traceback (most recent call last):
  File "/usr/local/lib/python3.12/site-packages/discord/client.py", line 465, in _run_event
    await coro(*args, **kwargs)
  File "/app/asu_discord/cogs/analytics.py", line 652, in on_member_update
    before_timeout = before.timed_out_until
                     ^^^^^^^^^^^^^^^^^^^^^^
AttributeError: 'Member' object has no attribute 'timed_out_until'
Ignoring exception in on_member_update
Traceback (most recent call last):
  File "/usr/local/lib/python3.12/site-packages/discord/client.py", line 465, in _run_event
    await coro(*args, **kwargs)
  File "/app/asu_discord/cogs/analytics.py", line 652, in on_member_update
    before_timeout = before.timed_out_until
                     ^^^^^^^^^^^^^^^^^^^^^^
AttributeError: 'Member' object has no attribute 'timed_out_until'
ERROR:cron.jobs:refresh_salesforce_roles: failed for tboneal (Discord ID 525704172931252235): Timed out refresh Salesforce-based roles
Ignoring exception in on_member_update
Traceback (most recent call last):
  File "/usr/local/lib/python3.12/site-packages/discord/client.py", line 465, in _run_event
    await coro(*args, **kwargs)
  File "/app/asu_discord/cogs/analytics.py", line 652, in on_member_update
    before_timeout = before.timed_out_until
                     ^^^^^^^^^^^^^^^^^^^^^^
AttributeError: 'Member' object has no attribute 'timed_out_until'
Ignoring exception in on_member_update
Traceback (most recent call last):
  File "/usr/local/lib/python3.12/site-packages/discord/client.py", line 465, in _run_event
    await coro(*args, **kwargs)
  File "/app/asu_discord/cogs/analytics.py", line 652, in on_member_update
    before_timeout = before.timed_out_until
                     ^^^^^^^^^^^^^^^^^^^^^^
AttributeError: 'Member' object has no attribute 'timed_out_until'
Ignoring exception in on_member_update
Traceback (most recent call last):
  File "/usr/local/lib/python3.12/site-packages/discord/client.py", line 465, in _run_event
    await coro(*args, **kwargs)
  File "/app/asu_discord/cogs/analytics.py", line 652, in on_member_update
    before_timeout = before.timed_out_until
                     ^^^^^^^^^^^^^^^^^^^^^^
AttributeError: 'Member' object has no attribute 'timed_out_until'
Ignoring exception in on_member_update
Traceback (most recent call last):
  File "/usr/local/lib/python3.12/site-packages/discord/client.py", line 465, in _run_event
    await coro(*args, **kwargs)
  File "/app/asu_discord/cogs/analytics.py", line 652, in on_member_update
    before_timeout = before.timed_out_until
                     ^^^^^^^^^^^^^^^^^^^^^^
AttributeError: 'Member' object has no attribute 'timed_out_until'
Ignoring exception in on_member_update
Traceback (most recent call last):
  File "/usr/local/lib/python3.12/site-packages/discord/client.py", line 465, in _run_event
    await coro(*args, **kwargs)
  File "/app/asu_discord/cogs/analytics.py", line 652, in on_member_update
    before_timeout = before.timed_out_until
                     ^^^^^^^^^^^^^^^^^^^^^^
AttributeError: 'Member' object has no attribute 'timed_out_until'
Ignoring exception in on_member_update
Traceback (most recent call last):
  File "/usr/local/lib/python3.12/site-packages/discord/client.py", line 465, in _run_event
    await coro(*args, **kwargs)
  File "/app/asu_discord/cogs/analytics.py", line 652, in on_member_update
    before_timeout = before.timed_out_until
                     ^^^^^^^^^^^^^^^^^^^^^^
AttributeError: 'Member' object has no attribute 'timed_out_until'
INFO:asu_discord.cogs.verification:Saved 3 roles to database for user eludwig3 (Discord ID: 1488312427031560243)
INFO:asu_discord.cogs.verification:Refreshed Salesforce roles for Discord user 1488312427031560243: -3/+3 roles, assigned=[Arizona Resident, Graduate Student, Tempe]
Ignoring exception in on_member_update
Traceback (most recent call last):
  File "/usr/local/lib/python3.12/site-packages/discord/client.py", line 465, in _run_event
    await coro(*args, **kwargs)
  File "/app/asu_discord/cogs/analytics.py", line 652, in on_member_update
    before_timeout = before.timed_out_until
                     ^^^^^^^^^^^^^^^^^^^^^^
AttributeError: 'Member' object has no attribute 'timed_out_until'
Ignoring exception in on_member_update
Traceback (most recent call last):
  File "/usr/local/lib/python3.12/site-packages/discord/client.py", line 465, in _run_event
    await coro(*args, **kwargs)
  File "/app/asu_discord/cogs/analytics.py", line 652, in on_member_update
    before_timeout = before.timed_out_until
                     ^^^^^^^^^^^^^^^^^^^^^^
AttributeError: 'Member' object has no attribute 'timed_out_until'
Ignoring exception in on_member_update
Traceback (most recent call last):
  File "/usr/local/lib/python3.12/site-packages/discord/client.py", line 465, in _run_event
    await coro(*args, **kwargs)
  File "/app/asu_discord/cogs/analytics.py", line 652, in on_member_update
    before_timeout = before.timed_out_until
                     ^^^^^^^^^^^^^^^^^^^^^^
AttributeError: 'Member' object has no attribute 'timed_out_until'
Ignoring exception in on_member_update
Traceback (most recent call last):
  File "/usr/local/lib/python3.12/site-packages/discord/client.py", line 465, in _run_event
    await coro(*args, **kwargs)
  File "/app/asu_discord/cogs/analytics.py", line 652, in on_member_update
    before_timeout = before.timed_out_until
                     ^^^^^^^^^^^^^^^^^^^^^^
AttributeError: 'Member' object has no attribute 'timed_out_until'
Ignoring exception in on_member_update
Traceback (most recent call last):
  File "/usr/local/lib/python3.12/site-packages/discord/client.py", line 465, in _run_event
    await coro(*args, **kwargs)
  File "/app/asu_discord/cogs/analytics.py", line 652, in on_member_update
    before_timeout = before.timed_out_until
                     ^^^^^^^^^^^^^^^^^^^^^^
AttributeError: 'Member' object has no attribute 'timed_out_until'
Ignoring exception in on_member_update
Traceback (most recent call last):
  File "/usr/local/lib/python3.12/site-packages/discord/client.py", line 465, in _run_event
    await coro(*args, **kwargs)
  File "/app/asu_discord/cogs/analytics.py", line 652, in on_member_update
    before_timeout = before.timed_out_until
                     ^^^^^^^^^^^^^^^^^^^^^^
AttributeError: 'Member' object has no attribute 'timed_out_until'
Ignoring exception in on_member_update
Traceback (most recent call last):
  File "/usr/local/lib/python3.12/site-packages/discord/client.py", line 465, in _run_event
    await coro(*args, **kwargs)
  File "/app/asu_discord/cogs/analytics.py", line 652, in on_member_update
    before_timeout = before.timed_out_until
                     ^^^^^^^^^^^^^^^^^^^^^^
AttributeError: 'Member' object has no attribute 'timed_out_until'
Ignoring exception in on_member_update
Traceback (most recent call last):
  File "/usr/local/lib/python3.12/site-packages/discord/client.py", line 465, in _run_event
    await coro(*args, **kwargs)
  File "/app/asu_discord/cogs/analytics.py", line 652, in on_member_update
    before_timeout = before.timed_out_until
                     ^^^^^^^^^^^^^^^^^^^^^^
AttributeError: 'Member' object has no attribute 'timed_out_until'
Ignoring exception in on_member_update
Traceback (most recent call last):
  File "/usr/local/lib/python3.12/site-packages/discord/client.py", line 465, in _run_event
    await coro(*args, **kwargs)
  File "/app/asu_discord/cogs/analytics.py", line 652, in on_member_update
    before_timeout = before.timed_out_until
                     ^^^^^^^^^^^^^^^^^^^^^^
AttributeError: 'Member' object has no attribute 'timed_out_until'
Ignoring exception in on_member_update
Traceback (most recent call last):
  File "/usr/local/lib/python3.12/site-packages/discord/client.py", line 465, in _run_event
    await coro(*args, **kwargs)
  File "/app/asu_discord/cogs/analytics.py", line 652, in on_member_update
    before_timeout = before.timed_out_until
                     ^^^^^^^^^^^^^^^^^^^^^^
AttributeError: 'Member' object has no attribute 'timed_out_until'
INFO:asu_discord.cogs.verification:Saved 5 roles to database for user jkjakel (Discord ID: 1386393838632964248)
INFO:asu_discord.cogs.verification:Refreshed Salesforce roles for Discord user 1386393838632964248: -5/+5 roles, assigned=[Commited, First Year, Herberger Institute for Design and the Arts, Out of State, Tempe]
Ignoring exception in on_member_update
Traceback (most recent call last):
  File "/usr/local/lib/python3.12/site-packages/discord/client.py", line 465, in _run_event
    await coro(*args, **kwargs)
  File "/app/asu_discord/cogs/analytics.py", line 652, in on_member_update
    before_timeout = before.timed_out_until
                     ^^^^^^^^^^^^^^^^^^^^^^
AttributeError: 'Member' object has no attribute 'timed_out_until'
Ignoring exception in on_member_update
Traceback (most recent call last):
  File "/usr/local/lib/python3.12/site-packages/discord/client.py", line 465, in _run_event
    await coro(*args, **kwargs)
  File "/app/asu_discord/cogs/analytics.py", line 652, in on_member_update
    before_timeout = before.timed_out_until
                     ^^^^^^^^^^^^^^^^^^^^^^
AttributeError: 'Member' object has no attribute 'timed_out_until'
Ignoring exception in on_member_update
Traceback (most recent call last):
  File "/usr/local/lib/python3.12/site-packages/discord/client.py", line 465, in _run_event
    await coro(*args, **kwargs)
  File "/app/asu_discord/cogs/analytics.py", line 652, in on_member_update
    before_timeout = before.timed_out_until
                     ^^^^^^^^^^^^^^^^^^^^^^
AttributeError: 'Member' object has no attribute 'timed_out_until'
Ignoring exception in on_member_update
Traceback (most recent call last):
  File "/usr/local/lib/python3.12/site-packages/discord/client.py", line 465, in _run_event
    await coro(*args, **kwargs)
  File "/app/asu_discord/cogs/analytics.py", line 652, in on_member_update
    before_timeout = before.timed_out_until
                     ^^^^^^^^^^^^^^^^^^^^^^
AttributeError: 'Member' object has no attribute 'timed_out_until'
Ignoring exception in on_member_update
Traceback (most recent call last):
  File "/usr/local/lib/python3.12/site-packages/discord/client.py", line 465, in _run_event
    await coro(*args, **kwargs)
  File "/app/asu_discord/cogs/analytics.py", line 652, in on_member_update
    before_timeout = before.timed_out_until
                     ^^^^^^^^^^^^^^^^^^^^^^
AttributeError: 'Member' object has no attribute 'timed_out_until'
Ignoring exception in on_member_update
Traceback (most recent call last):
  File "/usr/local/lib/python3.12/site-packages/discord/client.py", line 465, in _run_event
    await coro(*args, **kwargs)
  File "/app/asu_discord/cogs/analytics.py", line 652, in on_member_update
    before_timeout = before.timed_out_until
                     ^^^^^^^^^^^^^^^^^^^^^^
AttributeError: 'Member' object has no attribute 'timed_out_until'
Ignoring exception in on_member_update
Traceback (most recent call last):
  File "/usr/local/lib/python3.12/site-packages/discord/client.py", line 465, in _run_event
    await coro(*args, **kwargs)
  File "/app/asu_discord/cogs/analytics.py", line 652, in on_member_update
    before_timeout = before.timed_out_until
                     ^^^^^^^^^^^^^^^^^^^^^^
AttributeError: 'Member' object has no attribute 'timed_out_until'
Ignoring exception in on_member_update
Traceback (most recent call last):
  File "/usr/local/lib/python3.12/site-packages/discord/client.py", line 465, in _run_event
    await coro(*args, **kwargs)
  File "/app/asu_discord/cogs/analytics.py", line 652, in on_member_update
    before_timeout = before.timed_out_until
                     ^^^^^^^^^^^^^^^^^^^^^^
AttributeError: 'Member' object has no attribute 'timed_out_until'
INFO:asu_discord.cogs.verification:Saved 4 roles to database for user ppham127 (Discord ID: 479118490771521538)
INFO:asu_discord.cogs.verification:Refreshed Salesforce roles for Discord user 479118490771521538: -4/+4 roles, assigned=[Arizona Resident, Downtown Phoenix, Edson College of Nursing and Health Innovation, First Year]
Ignoring exception in on_member_update
Traceback (most recent call last):
  File "/usr/local/lib/python3.12/site-packages/discord/client.py", line 465, in _run_event
    await coro(*args, **kwargs)
  File "/app/asu_discord/cogs/analytics.py", line 652, in on_member_update
    before_timeout = before.timed_out_until
                     ^^^^^^^^^^^^^^^^^^^^^^
AttributeError: 'Member' object has no attribute 'timed_out_until'
Ignoring exception in on_member_update
Traceback (most recent call last):
  File "/usr/local/lib/python3.12/site-packages/discord/client.py", line 465, in _run_event
    await coro(*args, **kwargs)
  File "/app/asu_discord/cogs/analytics.py", line 652, in on_member_update
    before_timeout = before.timed_out_until
                     ^^^^^^^^^^^^^^^^^^^^^^
AttributeError: 'Member' object has no attribute 'timed_out_until'
Ignoring exception in on_member_update
Traceback (most recent call last):
  File "/usr/local/lib/python3.12/site-packages/discord/client.py", line 465, in _run_event
    await coro(*args, **kwargs)
  File "/app/asu_discord/cogs/analytics.py", line 652, in on_member_update
    before_timeout = before.timed_out_until
                     ^^^^^^^^^^^^^^^^^^^^^^
AttributeError: 'Member' object has no attribute 'timed_out_until'
Ignoring exception in on_member_update
Traceback (most recent call last):
  File "/usr/local/lib/python3.12/site-packages/discord/client.py", line 465, in _run_event
    await coro(*args, **kwargs)
  File "/app/asu_discord/cogs/analytics.py", line 652, in on_member_update
    before_timeout = before.timed_out_until
                     ^^^^^^^^^^^^^^^^^^^^^^
AttributeError: 'Member' object has no attribute 'timed_out_until'
Ignoring exception in on_member_update
Traceback (most recent call last):
  File "/usr/local/lib/python3.12/site-packages/discord/client.py", line 465, in _run_event
    await coro(*args, **kwargs)
  File "/app/asu_discord/cogs/analytics.py", line 652, in on_member_update
    before_timeout = before.timed_out_until
                     ^^^^^^^^^^^^^^^^^^^^^^
AttributeError: 'Member' object has no attribute 'timed_out_until'
Ignoring exception in on_member_update
Traceback (most recent call last):
  File "/usr/local/lib/python3.12/site-packages/discord/client.py", line 465, in _run_event
    await coro(*args, **kwargs)
  File "/app/asu_discord/cogs/analytics.py", line 652, in on_member_update
    before_timeout = before.timed_out_until
                     ^^^^^^^^^^^^^^^^^^^^^^
AttributeError: 'Member' object has no attribute 'timed_out_until'
Ignoring exception in on_member_update
Traceback (most recent call last):
  File "/usr/local/lib/python3.12/site-packages/discord/client.py", line 465, in _run_event
    await coro(*args, **kwargs)
  File "/app/asu_discord/cogs/analytics.py", line 652, in on_member_update
    before_timeout = before.timed_out_until
                     ^^^^^^^^^^^^^^^^^^^^^^
AttributeError: 'Member' object has no attribute 'timed_out_until'
Ignoring exception in on_member_update
Traceback (most recent call last):
  File "/usr/local/lib/python3.12/site-packages/discord/client.py", line 465, in _run_event
    await coro(*args, **kwargs)
  File "/app/asu_discord/cogs/analytics.py", line 652, in on_member_update
    before_timeout = before.timed_out_until
                     ^^^^^^^^^^^^^^^^^^^^^^
AttributeError: 'Member' object has no attribute 'timed_out_until'
INFO:asu_discord.cogs.verification:Saved 4 roles to database for user iwadams (Discord ID: 547612408227692585)
INFO:asu_discord.cogs.verification:Refreshed Salesforce roles for Discord user 547612408227692585: -4/+4 roles, assigned=[Arizona Resident, College of Integrative Sciences and Arts, Tempe, Transfer Student]
Ignoring exception in on_member_update
Traceback (most recent call last):
  File "/usr/local/lib/python3.12/site-packages/discord/client.py", line 465, in _run_event
    await coro(*args, **kwargs)
  File "/app/asu_discord/cogs/analytics.py", line 652, in on_member_update
    before_timeout = before.timed_out_until
                     ^^^^^^^^^^^^^^^^^^^^^^
AttributeError: 'Member' object has no attribute 'timed_out_until'
Ignoring exception in on_member_update
Traceback (most recent call last):
  File "/usr/local/lib/python3.12/site-packages/discord/client.py", line 465, in _run_event
    await coro(*args, **kwargs)
  File "/app/asu_discord/cogs/analytics.py", line 652, in on_member_update
    before_timeout = before.timed_out_until
                     ^^^^^^^^^^^^^^^^^^^^^^
AttributeError: 'Member' object has no attribute 'timed_out_until'
Ignoring exception in on_member_update
Traceback (most recent call last):
  File "/usr/local/lib/python3.12/site-packages/discord/client.py", line 465, in _run_event
    await coro(*args, **kwargs)
  File "/app/asu_discord/cogs/analytics.py", line 652, in on_member_update
    before_timeout = before.timed_out_until
                     ^^^^^^^^^^^^^^^^^^^^^^
AttributeError: 'Member' object has no attribute 'timed_out_until'
Ignoring exception in on_member_update
Traceback (most recent call last):
  File "/usr/local/lib/python3.12/site-packages/discord/client.py", line 465, in _run_event
    await coro(*args, **kwargs)
  File "/app/asu_discord/cogs/analytics.py", line 652, in on_member_update
    before_timeout = before.timed_out_until
                     ^^^^^^^^^^^^^^^^^^^^^^
AttributeError: 'Member' object has no attribute 'timed_out_until'
Ignoring exception in on_member_update
Traceback (most recent call last):
  File "/usr/local/lib/python3.12/site-packages/discord/client.py", line 465, in _run_event
    await coro(*args, **kwargs)
  File "/app/asu_discord/cogs/analytics.py", line 652, in on_member_update
    before_timeout = before.timed_out_until
                     ^^^^^^^^^^^^^^^^^^^^^^
AttributeError: 'Member' object has no attribute 'timed_out_until'
Ignoring exception in on_member_update
Traceback (most recent call last):
  File "/usr/local/lib/python3.12/site-packages/discord/client.py", line 465, in _run_event
    await coro(*args, **kwargs)
  File "/app/asu_discord/cogs/analytics.py", line 652, in on_member_update
    before_timeout = before.timed_out_until
                     ^^^^^^^^^^^^^^^^^^^^^^
AttributeError: 'Member' object has no attribute 'timed_out_until'
Ignoring exception in on_member_update
Traceback (most recent call last):
  File "/usr/local/lib/python3.12/site-packages/discord/client.py", line 465, in _run_event
    await coro(*args, **kwargs)
  File "/app/asu_discord/cogs/analytics.py", line 652, in on_member_update
    before_timeout = before.timed_out_until
                     ^^^^^^^^^^^^^^^^^^^^^^
AttributeError: 'Member' object has no attribute 'timed_out_until'
Ignoring exception in on_member_update
Traceback (most recent call last):
  File "/usr/local/lib/python3.12/site-packages/discord/client.py", line 465, in _run_event
    await coro(*args, **kwargs)
  File "/app/asu_discord/cogs/analytics.py", line 652, in on_member_update
    before_timeout = before.timed_out_until
                     ^^^^^^^^^^^^^^^^^^^^^^
AttributeError: 'Member' object has no attribute 'timed_out_until'
Ignoring exception in on_member_update
Traceback (most recent call last):
  File "/usr/local/lib/python3.12/site-packages/discord/client.py", line 465, in _run_event
    await coro(*args, **kwargs)
  File "/app/asu_discord/cogs/analytics.py", line 652, in on_member_update
    before_timeout = before.timed_out_until
                     ^^^^^^^^^^^^^^^^^^^^^^
AttributeError: 'Member' object has no attribute 'timed_out_until'
Ignoring exception in on_member_update
Traceback (most recent call last):
  File "/usr/local/lib/python3.12/site-packages/discord/client.py", line 465, in _run_event
    await coro(*args, **kwargs)
  File "/app/asu_discord/cogs/analytics.py", line 652, in on_member_update
    before_timeout = before.timed_out_until
                     ^^^^^^^^^^^^^^^^^^^^^^
AttributeError: 'Member' object has no attribute 'timed_out_until'
INFO:asu_discord.cogs.verification:Saved 5 roles to database for user tnelso93 (Discord ID: 1048010749068451950)
INFO:asu_discord.cogs.verification:Refreshed Salesforce roles for Discord user 1048010749068451950: -5/+5 roles, assigned=[Commited, Downtown Phoenix, First Year, Out of State, Thunderbird School of Global Management]
Ignoring exception in on_member_update
Traceback (most recent call last):
  File "/usr/local/lib/python3.12/site-packages/discord/client.py", line 465, in _run_event
    await coro(*args, **kwargs)
  File "/app/asu_discord/cogs/analytics.py", line 652, in on_member_update
    before_timeout = before.timed_out_until
                     ^^^^^^^^^^^^^^^^^^^^^^
AttributeError: 'Member' object has no attribute 'timed_out_until'
Ignoring exception in on_member_update
Traceback (most recent call last):
  File "/usr/local/lib/python3.12/site-packages/discord/client.py", line 465, in _run_event
    await coro(*args, **kwargs)
  File "/app/asu_discord/cogs/analytics.py", line 652, in on_member_update
    before_timeout = before.timed_out_until
                     ^^^^^^^^^^^^^^^^^^^^^^
AttributeError: 'Member' object has no attribute 'timed_out_until'
Ignoring exception in on_member_update
Traceback (most recent call last):
  File "/usr/local/lib/python3.12/site-packages/discord/client.py", line 465, in _run_event
    await coro(*args, **kwargs)
  File "/app/asu_discord/cogs/analytics.py", line 652, in on_member_update
    before_timeout = before.timed_out_until
                     ^^^^^^^^^^^^^^^^^^^^^^
AttributeError: 'Member' object has no attribute 'timed_out_until'
Ignoring exception in on_member_update
Traceback (most recent call last):
  File "/usr/local/lib/python3.12/site-packages/discord/client.py", line 465, in _run_event
    await coro(*args, **kwargs)
  File "/app/asu_discord/cogs/analytics.py", line 652, in on_member_update
    before_timeout = before.timed_out_until
                     ^^^^^^^^^^^^^^^^^^^^^^
AttributeError: 'Member' object has no attribute 'timed_out_until'
Ignoring exception in on_member_update
Traceback (most recent call last):
  File "/usr/local/lib/python3.12/site-packages/discord/client.py", line 465, in _run_event
    await coro(*args, **kwargs)
  File "/app/asu_discord/cogs/analytics.py", line 652, in on_member_update
    before_timeout = before.timed_out_until
                     ^^^^^^^^^^^^^^^^^^^^^^
AttributeError: 'Member' object has no attribute 'timed_out_until'
Ignoring exception in on_member_update
Traceback (most recent call last):
  File "/usr/local/lib/python3.12/site-packages/discord/client.py", line 465, in _run_event
    await coro(*args, **kwargs)
  File "/app/asu_discord/cogs/analytics.py", line 652, in on_member_update
    before_timeout = before.timed_out_until
                     ^^^^^^^^^^^^^^^^^^^^^^
AttributeError: 'Member' object has no attribute 'timed_out_until'
Ignoring exception in on_member_update
Traceback (most recent call last):
  File "/usr/local/lib/python3.12/site-packages/discord/client.py", line 465, in _run_event
    await coro(*args, **kwargs)
  File "/app/asu_discord/cogs/analytics.py", line 652, in on_member_update
    before_timeout = before.timed_out_until
                     ^^^^^^^^^^^^^^^^^^^^^^
AttributeError: 'Member' object has no attribute 'timed_out_until'
Ignoring exception in on_member_update
Traceback (most recent call last):
  File "/usr/local/lib/python3.12/site-packages/discord/client.py", line 465, in _run_event
    await coro(*args, **kwargs)
  File "/app/asu_discord/cogs/analytics.py", line 652, in on_member_update
    before_timeout = before.timed_out_until
                     ^^^^^^^^^^^^^^^^^^^^^^
AttributeError: 'Member' object has no attribute 'timed_out_until'
Ignoring exception in on_member_update
Traceback (most recent call last):
  File "/usr/local/lib/python3.12/site-packages/discord/client.py", line 465, in _run_event
    await coro(*args, **kwargs)
  File "/app/asu_discord/cogs/analytics.py", line 652, in on_member_update
    before_timeout = before.timed_out_until
                     ^^^^^^^^^^^^^^^^^^^^^^
AttributeError: 'Member' object has no attribute 'timed_out_until'
Ignoring exception in on_member_update
Traceback (most recent call last):
  File "/usr/local/lib/python3.12/site-packages/discord/client.py", line 465, in _run_event
    await coro(*args, **kwargs)
  File "/app/asu_discord/cogs/analytics.py", line 652, in on_member_update
    before_timeout = before.timed_out_until
                     ^^^^^^^^^^^^^^^^^^^^^^
AttributeError: 'Member' object has no attribute 'timed_out_until'
INFO:asu_discord.cogs.verification:Saved 5 roles to database for user knorth13 (Discord ID: 1509380550371315806)
INFO:asu_discord.cogs.verification:Refreshed Salesforce roles for Discord user 1509380550371315806: -5/+5 roles, assigned=[Commited, First Year, Out of State, Tempe, University College]
Ignoring exception in on_member_update
Traceback (most recent call last):
  File "/usr/local/lib/python3.12/site-packages/discord/client.py", line 465, in _run_event
    await coro(*args, **kwargs)
  File "/app/asu_discord/cogs/analytics.py", line 652, in on_member_update
    before_timeout = before.timed_out_until
                     ^^^^^^^^^^^^^^^^^^^^^^
AttributeError: 'Member' object has no attribute 'timed_out_until'
Ignoring exception in on_member_update
Traceback (most recent call last):
  File "/usr/local/lib/python3.12/site-packages/discord/client.py", line 465, in _run_event
    await coro(*args, **kwargs)
  File "/app/asu_discord/cogs/analytics.py", line 652, in on_member_update
    before_timeout = before.timed_out_until
                     ^^^^^^^^^^^^^^^^^^^^^^
AttributeError: 'Member' object has no attribute 'timed_out_until'
Ignoring exception in on_member_update
Traceback (most recent call last):
  File "/usr/local/lib/python3.12/site-packages/discord/client.py", line 465, in _run_event
    await coro(*args, **kwargs)
  File "/app/asu_discord/cogs/analytics.py", line 652, in on_member_update
    before_timeout = before.timed_out_until
                     ^^^^^^^^^^^^^^^^^^^^^^
AttributeError: 'Member' object has no attribute 'timed_out_until'
Ignoring exception in on_member_update
Traceback (most recent call last):
  File "/usr/local/lib/python3.12/site-packages/discord/client.py", line 465, in _run_event
    await coro(*args, **kwargs)
  File "/app/asu_discord/cogs/analytics.py", line 652, in on_member_update
    before_timeout = before.timed_out_until
                     ^^^^^^^^^^^^^^^^^^^^^^
AttributeError: 'Member' object has no attribute 'timed_out_until'
Ignoring exception in on_member_update
Traceback (most recent call last):
  File "/usr/local/lib/python3.12/site-packages/discord/client.py", line 465, in _run_event
    await coro(*args, **kwargs)
  File "/app/asu_discord/cogs/analytics.py", line 652, in on_member_update
    before_timeout = before.timed_out_until
                     ^^^^^^^^^^^^^^^^^^^^^^
AttributeError: 'Member' object has no attribute 'timed_out_until'
Ignoring exception in on_member_update
Traceback (most recent call last):
  File "/usr/local/lib/python3.12/site-packages/discord/client.py", line 465, in _run_event
    await coro(*args, **kwargs)
  File "/app/asu_discord/cogs/analytics.py", line 652, in on_member_update
    before_timeout = before.timed_out_until
                     ^^^^^^^^^^^^^^^^^^^^^^
AttributeError: 'Member' object has no attribute 'timed_out_until'
Ignoring exception in on_member_update
Traceback (most recent call last):
  File "/usr/local/lib/python3.12/site-packages/discord/client.py", line 465, in _run_event
    await coro(*args, **kwargs)
  File "/app/asu_discord/cogs/analytics.py", line 652, in on_member_update
    before_timeout = before.timed_out_until
                     ^^^^^^^^^^^^^^^^^^^^^^
AttributeError: 'Member' object has no attribute 'timed_out_until'
Ignoring exception in on_member_update
Traceback (most recent call last):
  File "/usr/local/lib/python3.12/site-packages/discord/client.py", line 465, in _run_event
    await coro(*args, **kwargs)
  File "/app/asu_discord/cogs/analytics.py", line 652, in on_member_update
    before_timeout = before.timed_out_until
                     ^^^^^^^^^^^^^^^^^^^^^^
AttributeError: 'Member' object has no attribute 'timed_out_until'
INFO:asu_discord.cogs.verification:Saved 4 roles to database for user anovelo (Discord ID: 534583230490345485)
INFO:asu_discord.cogs.verification:Refreshed Salesforce roles for Discord user 534583230490345485: -4/+4 roles, assigned=[Arizona Resident, Graduate Student, Tempe, W.P. Carey School of Business]
Ignoring exception in on_member_update
Traceback (most recent call last):
  File "/usr/local/lib/python3.12/site-packages/discord/client.py", line 465, in _run_event
    await coro(*args, **kwargs)
  File "/app/asu_discord/cogs/analytics.py", line 652, in on_member_update
    before_timeout = before.timed_out_until
                     ^^^^^^^^^^^^^^^^^^^^^^
AttributeError: 'Member' object has no attribute 'timed_out_until'
Ignoring exception in on_member_update
Traceback (most recent call last):
  File "/usr/local/lib/python3.12/site-packages/discord/client.py", line 465, in _run_event
    await coro(*args, **kwargs)
  File "/app/asu_discord/cogs/analytics.py", line 652, in on_member_update
    before_timeout = before.timed_out_until
                     ^^^^^^^^^^^^^^^^^^^^^^
AttributeError: 'Member' object has no attribute 'timed_out_until'
Ignoring exception in on_member_update
Traceback (most recent call last):
  File "/usr/local/lib/python3.12/site-packages/discord/client.py", line 465, in _run_event
    await coro(*args, **kwargs)
  File "/app/asu_discord/cogs/analytics.py", line 652, in on_member_update
    before_timeout = before.timed_out_until
                     ^^^^^^^^^^^^^^^^^^^^^^
AttributeError: 'Member' object has no attribute 'timed_out_until'
Ignoring exception in on_member_update
Traceback (most recent call last):
  File "/usr/local/lib/python3.12/site-packages/discord/client.py", line 465, in _run_event
    await coro(*args, **kwargs)
  File "/app/asu_discord/cogs/analytics.py", line 652, in on_member_update
    before_timeout = before.timed_out_until
                     ^^^^^^^^^^^^^^^^^^^^^^
AttributeError: 'Member' object has no attribute 'timed_out_until'
Ignoring exception in on_member_update
Traceback (most recent call last):
  File "/usr/local/lib/python3.12/site-packages/discord/client.py", line 465, in _run_event
    await coro(*args, **kwargs)
  File "/app/asu_discord/cogs/analytics.py", line 652, in on_member_update
    before_timeout = before.timed_out_until
                     ^^^^^^^^^^^^^^^^^^^^^^
AttributeError: 'Member' object has no attribute 'timed_out_until'
Ignoring exception in on_member_update
Traceback (most recent call last):
  File "/usr/local/lib/python3.12/site-packages/discord/client.py", line 465, in _run_event
    await coro(*args, **kwargs)
  File "/app/asu_discord/cogs/analytics.py", line 652, in on_member_update
    before_timeout = before.timed_out_until
                     ^^^^^^^^^^^^^^^^^^^^^^
AttributeError: 'Member' object has no attribute 'timed_out_until'
Ignoring exception in on_member_update
Traceback (most recent call last):
  File "/usr/local/lib/python3.12/site-packages/discord/client.py", line 465, in _run_event
    await coro(*args, **kwargs)
  File "/app/asu_discord/cogs/analytics.py", line 652, in on_member_update
    before_timeout = before.timed_out_until
                     ^^^^^^^^^^^^^^^^^^^^^^
AttributeError: 'Member' object has no attribute 'timed_out_until'
Ignoring exception in on_member_update
Traceback (most recent call last):
  File "/usr/local/lib/python3.12/site-packages/discord/client.py", line 465, in _run_event
    await coro(*args, **kwargs)
  File "/app/asu_discord/cogs/analytics.py", line 652, in on_member_update
    before_timeout = before.timed_out_until
                     ^^^^^^^^^^^^^^^^^^^^^^
AttributeError: 'Member' object has no attribute 'timed_out_until'
Ignoring exception in on_member_update
Traceback (most recent call last):
  File "/usr/local/lib/python3.12/site-packages/discord/client.py", line 465, in _run_event
    await coro(*args, **kwargs)
  File "/app/asu_discord/cogs/analytics.py", line 652, in on_member_update
    before_timeout = before.timed_out_until
                     ^^^^^^^^^^^^^^^^^^^^^^
AttributeError: 'Member' object has no attribute 'timed_out_until'
Ignoring exception in on_member_update
Traceback (most recent call last):
  File "/usr/local/lib/python3.12/site-packages/discord/client.py", line 465, in _run_event
    await coro(*args, **kwargs)
  File "/app/asu_discord/cogs/analytics.py", line 652, in on_member_update
    before_timeout = before.timed_out_until
                     ^^^^^^^^^^^^^^^^^^^^^^
AttributeError: 'Member' object has no attribute 'timed_out_until'
INFO:asu_discord.cogs.verification:Saved 5 roles to database for user skuma444 (Discord ID: 1511976422615552078)
INFO:asu_discord.cogs.verification:Refreshed Salesforce roles for Discord user 1511976422615552078: -5/+5 roles, assigned=[Commited, First Year, International Student, Ira A. Fulton Schools of Engineering, Tempe]
Ignoring exception in on_member_update
Traceback (most recent call last):
  File "/usr/local/lib/python3.12/site-packages/discord/client.py", line 465, in _run_event
    await coro(*args, **kwargs)
  File "/app/asu_discord/cogs/analytics.py", line 652, in on_member_update
    before_timeout = before.timed_out_until
                     ^^^^^^^^^^^^^^^^^^^^^^
AttributeError: 'Member' object has no attribute 'timed_out_until'
Ignoring exception in on_member_update
Traceback (most recent call last):
  File "/usr/local/lib/python3.12/site-packages/discord/client.py", line 465, in _run_event
    await coro(*args, **kwargs)
  File "/app/asu_discord/cogs/analytics.py", line 652, in on_member_update
    before_timeout = before.timed_out_until
                     ^^^^^^^^^^^^^^^^^^^^^^
AttributeError: 'Member' object has no attribute 'timed_out_until'
Ignoring exception in on_member_update
Traceback (most recent call last):
  File "/usr/local/lib/python3.12/site-packages/discord/client.py", line 465, in _run_event
    await coro(*args, **kwargs)
  File "/app/asu_discord/cogs/analytics.py", line 652, in on_member_update
    before_timeout = before.timed_out_until
                     ^^^^^^^^^^^^^^^^^^^^^^
AttributeError: 'Member' object has no attribute 'timed_out_until'
Ignoring exception in on_member_update
Traceback (most recent call last):
  File "/usr/local/lib/python3.12/site-packages/discord/client.py", line 465, in _run_event
    await coro(*args, **kwargs)
  File "/app/asu_discord/cogs/analytics.py", line 652, in on_member_update
    before_timeout = before.timed_out_until
                     ^^^^^^^^^^^^^^^^^^^^^^
AttributeError: 'Member' object has no attribute 'timed_out_until'
Ignoring exception in on_member_update
Traceback (most recent call last):
  File "/usr/local/lib/python3.12/site-packages/discord/client.py", line 465, in _run_event
    await coro(*args, **kwargs)
  File "/app/asu_discord/cogs/analytics.py", line 652, in on_member_update
    before_timeout = before.timed_out_until
                     ^^^^^^^^^^^^^^^^^^^^^^
AttributeError: 'Member' object has no attribute 'timed_out_until'
Ignoring exception in on_member_update
Traceback (most recent call last):
  File "/usr/local/lib/python3.12/site-packages/discord/client.py", line 465, in _run_event
    await coro(*args, **kwargs)
  File "/app/asu_discord/cogs/analytics.py", line 652, in on_member_update
    before_timeout = before.timed_out_until
                     ^^^^^^^^^^^^^^^^^^^^^^
AttributeError: 'Member' object has no attribute 'timed_out_until'
Ignoring exception in on_member_update
Traceback (most recent call last):
  File "/usr/local/lib/python3.12/site-packages/discord/client.py", line 465, in _run_event
    await coro(*args, **kwargs)
  File "/app/asu_discord/cogs/analytics.py", line 652, in on_member_update
    before_timeout = before.timed_out_until
                     ^^^^^^^^^^^^^^^^^^^^^^
AttributeError: 'Member' object has no attribute 'timed_out_until'
Ignoring exception in on_member_update
Traceback (most recent call last):
  File "/usr/local/lib/python3.12/site-packages/discord/client.py", line 465, in _run_event
    await coro(*args, **kwargs)
  File "/app/asu_discord/cogs/analytics.py", line 652, in on_member_update
    before_timeout = before.timed_out_until
                     ^^^^^^^^^^^^^^^^^^^^^^
AttributeError: 'Member' object has no attribute 'timed_out_until'
INFO:asu_discord.cogs.verification:Saved 4 roles to database for user memicozz (Discord ID: 1517183288769511504)
INFO:asu_discord.cogs.verification:Refreshed Salesforce roles for Discord user 1517183288769511504: -4/+4 roles, assigned=[Graduate Student, Online, Out of State, Watts College of Public Service and Community Solutions]
Ignoring exception in on_member_update
Traceback (most recent call last):
  File "/usr/local/lib/python3.12/site-packages/discord/client.py", line 465, in _run_event
    await coro(*args, **kwargs)
  File "/app/asu_discord/cogs/analytics.py", line 652, in on_member_update
    before_timeout = before.timed_out_until
                     ^^^^^^^^^^^^^^^^^^^^^^
AttributeError: 'Member' object has no attribute 'timed_out_until'
Ignoring exception in on_member_update
Traceback (most recent call last):
  File "/usr/local/lib/python3.12/site-packages/discord/client.py", line 465, in _run_event
    await coro(*args, **kwargs)
  File "/app/asu_discord/cogs/analytics.py", line 652, in on_member_update
    before_timeout = before.timed_out_until
                     ^^^^^^^^^^^^^^^^^^^^^^
AttributeError: 'Member' object has no attribute 'timed_out_until'
INFO:asu_discord.cogs.verification:Saved 1 roles to database for user njyazzi2 (Discord ID: 1517203637380579350)
INFO:asu_discord.cogs.verification:Refreshed Salesforce roles for Discord user 1517203637380579350: -1/+1 roles, assigned=[Arizona Resident]
Ignoring exception in on_member_update
Traceback (most recent call last):
  File "/usr/local/lib/python3.12/site-packages/discord/client.py", line 465, in _run_event
    await coro(*args, **kwargs)
  File "/app/asu_discord/cogs/analytics.py", line 652, in on_member_update
    before_timeout = before.timed_out_until
                     ^^^^^^^^^^^^^^^^^^^^^^
AttributeError: 'Member' object has no attribute 'timed_out_until'
Ignoring exception in on_member_update
Traceback (most recent call last):
  File "/usr/local/lib/python3.12/site-packages/discord/client.py", line 465, in _run_event
    await coro(*args, **kwargs)
  File "/app/asu_discord/cogs/analytics.py", line 652, in on_member_update
    before_timeout = before.timed_out_until
                     ^^^^^^^^^^^^^^^^^^^^^^
AttributeError: 'Member' object has no attribute 'timed_out_until'
Ignoring exception in on_member_update
Traceback (most recent call last):
  File "/usr/local/lib/python3.12/site-packages/discord/client.py", line 465, in _run_event
    await coro(*args, **kwargs)
  File "/app/asu_discord/cogs/analytics.py", line 652, in on_member_update
    before_timeout = before.timed_out_until
                     ^^^^^^^^^^^^^^^^^^^^^^
AttributeError: 'Member' object has no attribute 'timed_out_until'
Ignoring exception in on_member_update
Traceback (most recent call last):
  File "/usr/local/lib/python3.12/site-packages/discord/client.py", line 465, in _run_event
    await coro(*args, **kwargs)
  File "/app/asu_discord/cogs/analytics.py", line 652, in on_member_update
    before_timeout = before.timed_out_until
                     ^^^^^^^^^^^^^^^^^^^^^^
AttributeError: 'Member' object has no attribute 'timed_out_until'
Ignoring exception in on_member_update
Traceback (most recent call last):
  File "/usr/local/lib/python3.12/site-packages/discord/client.py", line 465, in _run_event
    await coro(*args, **kwargs)
  File "/app/asu_discord/cogs/analytics.py", line 652, in on_member_update
    before_timeout = before.timed_out_until
                     ^^^^^^^^^^^^^^^^^^^^^^
AttributeError: 'Member' object has no attribute 'timed_out_until'
Ignoring exception in on_member_update
Traceback (most recent call last):
  File "/usr/local/lib/python3.12/site-packages/discord/client.py", line 465, in _run_event
    await coro(*args, **kwargs)
  File "/app/asu_discord/cogs/analytics.py", line 652, in on_member_update
    before_timeout = before.timed_out_until
                     ^^^^^^^^^^^^^^^^^^^^^^
AttributeError: 'Member' object has no attribute 'timed_out_until'
Ignoring exception in on_member_update
Traceback (most recent call last):
  File "/usr/local/lib/python3.12/site-packages/discord/client.py", line 465, in _run_event
    await coro(*args, **kwargs)
  File "/app/asu_discord/cogs/analytics.py", line 652, in on_member_update
    before_timeout = before.timed_out_until
                     ^^^^^^^^^^^^^^^^^^^^^^
AttributeError: 'Member' object has no attribute 'timed_out_until'
Ignoring exception in on_member_update
Traceback (most recent call last):
  File "/usr/local/lib/python3.12/site-packages/discord/client.py", line 465, in _run_event
    await coro(*args, **kwargs)
  File "/app/asu_discord/cogs/analytics.py", line 652, in on_member_update
    before_timeout = before.timed_out_until
                     ^^^^^^^^^^^^^^^^^^^^^^
AttributeError: 'Member' object has no attribute 'timed_out_until'
INFO:asu_discord.cogs.verification:Saved 4 roles to database for user abgomez6 (Discord ID: 1452530601126133810)
INFO:asu_discord.cogs.verification:Refreshed Salesforce roles for Discord user 1452530601126133810: -4/+4 roles, assigned=[Downtown Phoenix, First Year, Out of State, Watts College of Public Service and Community Solutions]
Ignoring exception in on_member_update
Traceback (most recent call last):
  File "/usr/local/lib/python3.12/site-packages/discord/client.py", line 465, in _run_event
    await coro(*args, **kwargs)
  File "/app/asu_discord/cogs/analytics.py", line 652, in on_member_update
    before_timeout = before.timed_out_until
                     ^^^^^^^^^^^^^^^^^^^^^^
AttributeError: 'Member' object has no attribute 'timed_out_until'
Ignoring exception in on_member_update
Traceback (most recent call last):
  File "/usr/local/lib/python3.12/site-packages/discord/client.py", line 465, in _run_event
    await coro(*args, **kwargs)
  File "/app/asu_discord/cogs/analytics.py", line 652, in on_member_update
    before_timeout = before.timed_out_until
                     ^^^^^^^^^^^^^^^^^^^^^^
AttributeError: 'Member' object has no attribute 'timed_out_until'
Ignoring exception in on_member_update
Traceback (most recent call last):
  File "/usr/local/lib/python3.12/site-packages/discord/client.py", line 465, in _run_event
    await coro(*args, **kwargs)
  File "/app/asu_discord/cogs/analytics.py", line 652, in on_member_update
    before_timeout = before.timed_out_until
                     ^^^^^^^^^^^^^^^^^^^^^^
AttributeError: 'Member' object has no attribute 'timed_out_until'
Ignoring exception in on_member_update
Traceback (most recent call last):
  File "/usr/local/lib/python3.12/site-packages/discord/client.py", line 465, in _run_event
    await coro(*args, **kwargs)
  File "/app/asu_discord/cogs/analytics.py", line 652, in on_member_update
    before_timeout = before.timed_out_until
                     ^^^^^^^^^^^^^^^^^^^^^^
AttributeError: 'Member' object has no attribute 'timed_out_until'
Ignoring exception in on_member_update
Traceback (most recent call last):
  File "/usr/local/lib/python3.12/site-packages/discord/client.py", line 465, in _run_event
    await coro(*args, **kwargs)
  File "/app/asu_discord/cogs/analytics.py", line 652, in on_member_update
    before_timeout = before.timed_out_until
                     ^^^^^^^^^^^^^^^^^^^^^^
AttributeError: 'Member' object has no attribute 'timed_out_until'
Ignoring exception in on_member_update
Traceback (most recent call last):
  File "/usr/local/lib/python3.12/site-packages/discord/client.py", line 465, in _run_event
    await coro(*args, **kwargs)
  File "/app/asu_discord/cogs/analytics.py", line 652, in on_member_update
    before_timeout = before.timed_out_until
                     ^^^^^^^^^^^^^^^^^^^^^^
AttributeError: 'Member' object has no attribute 'timed_out_until'
Ignoring exception in on_member_update
Traceback (most recent call last):
  File "/usr/local/lib/python3.12/site-packages/discord/client.py", line 465, in _run_event
    await coro(*args, **kwargs)
  File "/app/asu_discord/cogs/analytics.py", line 652, in on_member_update
    before_timeout = before.timed_out_until
                     ^^^^^^^^^^^^^^^^^^^^^^
AttributeError: 'Member' object has no attribute 'timed_out_until'
Ignoring exception in on_member_update
Traceback (most recent call last):
  File "/usr/local/lib/python3.12/site-packages/discord/client.py", line 465, in _run_event
    await coro(*args, **kwargs)
  File "/app/asu_discord/cogs/analytics.py", line 652, in on_member_update
    before_timeout = before.timed_out_until
                     ^^^^^^^^^^^^^^^^^^^^^^
AttributeError: 'Member' object has no attribute 'timed_out_until'
Ignoring exception in on_member_update
Traceback (most recent call last):
  File "/usr/local/lib/python3.12/site-packages/discord/client.py", line 465, in _run_event
    await coro(*args, **kwargs)
  File "/app/asu_discord/cogs/analytics.py", line 652, in on_member_update
    before_timeout = before.timed_out_until
                     ^^^^^^^^^^^^^^^^^^^^^^
AttributeError: 'Member' object has no attribute 'timed_out_until'
Ignoring exception in on_member_update
Traceback (most recent call last):
  File "/usr/local/lib/python3.12/site-packages/discord/client.py", line 465, in _run_event
    await coro(*args, **kwargs)
  File "/app/asu_discord/cogs/analytics.py", line 652, in on_member_update
    before_timeout = before.timed_out_until
                     ^^^^^^^^^^^^^^^^^^^^^^
AttributeError: 'Member' object has no attribute 'timed_out_until'
INFO:asu_discord.cogs.verification:Saved 5 roles to database for user keponce1 (Discord ID: 870210886286061578)
INFO:asu_discord.cogs.verification:Refreshed Salesforce roles for Discord user 870210886286061578: -5/+5 roles, assigned=[Commited, First Year, International Student, Ira A. Fulton Schools of Engineering, Tempe]
Ignoring exception in on_member_update
Traceback (most recent call last):
  File "/usr/local/lib/python3.12/site-packages/discord/client.py", line 465, in _run_event
    await coro(*args, **kwargs)
  File "/app/asu_discord/cogs/analytics.py", line 652, in on_member_update
    before_timeout = before.timed_out_until
                     ^^^^^^^^^^^^^^^^^^^^^^
AttributeError: 'Member' object has no attribute 'timed_out_until'
Ignoring exception in on_member_update
Traceback (most recent call last):
  File "/usr/local/lib/python3.12/site-packages/discord/client.py", line 465, in _run_event
    await coro(*args, **kwargs)
  File "/app/asu_discord/cogs/analytics.py", line 652, in on_member_update
    before_timeout = before.timed_out_until
                     ^^^^^^^^^^^^^^^^^^^^^^
AttributeError: 'Member' object has no attribute 'timed_out_until'
Ignoring exception in on_member_update
Traceback (most recent call last):
  File "/usr/local/lib/python3.12/site-packages/discord/client.py", line 465, in _run_event
    await coro(*args, **kwargs)
  File "/app/asu_discord/cogs/analytics.py", line 652, in on_member_update
    before_timeout = before.timed_out_until
                     ^^^^^^^^^^^^^^^^^^^^^^
AttributeError: 'Member' object has no attribute 'timed_out_until'
Ignoring exception in on_member_update
Traceback (most recent call last):
  File "/usr/local/lib/python3.12/site-packages/discord/client.py", line 465, in _run_event
    await coro(*args, **kwargs)
  File "/app/asu_discord/cogs/analytics.py", line 652, in on_member_update
    before_timeout = before.timed_out_until
                     ^^^^^^^^^^^^^^^^^^^^^^
AttributeError: 'Member' object has no attribute 'timed_out_until'
Ignoring exception in on_member_update
Traceback (most recent call last):
  File "/usr/local/lib/python3.12/site-packages/discord/client.py", line 465, in _run_event
    await coro(*args, **kwargs)
  File "/app/asu_discord/cogs/analytics.py", line 652, in on_member_update
    before_timeout = before.timed_out_until
                     ^^^^^^^^^^^^^^^^^^^^^^
AttributeError: 'Member' object has no attribute 'timed_out_until'
Ignoring exception in on_member_update
Traceback (most recent call last):
  File "/usr/local/lib/python3.12/site-packages/discord/client.py", line 465, in _run_event
    await coro(*args, **kwargs)
  File "/app/asu_discord/cogs/analytics.py", line 652, in on_member_update
    before_timeout = before.timed_out_until
                     ^^^^^^^^^^^^^^^^^^^^^^
AttributeError: 'Member' object has no attribute 'timed_out_until'
Ignoring exception in on_member_update
Traceback (most recent call last):
  File "/usr/local/lib/python3.12/site-packages/discord/client.py", line 465, in _run_event
    await coro(*args, **kwargs)
  File "/app/asu_discord/cogs/analytics.py", line 652, in on_member_update
    before_timeout = before.timed_out_until
                     ^^^^^^^^^^^^^^^^^^^^^^
AttributeError: 'Member' object has no attribute 'timed_out_until'
Ignoring exception in on_member_update
Traceback (most recent call last):
  File "/usr/local/lib/python3.12/site-packages/discord/client.py", line 465, in _run_event
    await coro(*args, **kwargs)
  File "/app/asu_discord/cogs/analytics.py", line 652, in on_member_update
    before_timeout = before.timed_out_until
                     ^^^^^^^^^^^^^^^^^^^^^^
AttributeError: 'Member' object has no attribute 'timed_out_until'
Ignoring exception in on_member_update
Traceback (most recent call last):
  File "/usr/local/lib/python3.12/site-packages/discord/client.py", line 465, in _run_event
    await coro(*args, **kwargs)
  File "/app/asu_discord/cogs/analytics.py", line 652, in on_member_update
    before_timeout = before.timed_out_until
                     ^^^^^^^^^^^^^^^^^^^^^^
AttributeError: 'Member' object has no attribute 'timed_out_until'
Ignoring exception in on_member_update
Traceback (most recent call last):
  File "/usr/local/lib/python3.12/site-packages/discord/client.py", line 465, in _run_event
    await coro(*args, **kwargs)
  File "/app/asu_discord/cogs/analytics.py", line 652, in on_member_update
    before_timeout = before.timed_out_until
                     ^^^^^^^^^^^^^^^^^^^^^^
AttributeError: 'Member' object has no attribute 'timed_out_until'
INFO:asu_discord.cogs.verification:Saved 5 roles to database for user vjtrotta (Discord ID: 1517244398054801418)
INFO:asu_discord.cogs.verification:Refreshed Salesforce roles for Discord user 1517244398054801418: -5/+5 roles, assigned=[Arizona Resident, Commited, First Year, Tempe, W.P. Carey School of Business]
Ignoring exception in on_member_update
Traceback (most recent call last):
  File "/usr/local/lib/python3.12/site-packages/discord/client.py", line 465, in _run_event
    await coro(*args, **kwargs)
  File "/app/asu_discord/cogs/analytics.py", line 652, in on_member_update
    before_timeout = before.timed_out_until
                     ^^^^^^^^^^^^^^^^^^^^^^
AttributeError: 'Member' object has no attribute 'timed_out_until'
Ignoring exception in on_member_update
Traceback (most recent call last):
  File "/usr/local/lib/python3.12/site-packages/discord/client.py", line 465, in _run_event
    await coro(*args, **kwargs)
  File "/app/asu_discord/cogs/analytics.py", line 652, in on_member_update
    before_timeout = before.timed_out_until
                     ^^^^^^^^^^^^^^^^^^^^^^
AttributeError: 'Member' object has no attribute 'timed_out_until'
Ignoring exception in on_member_update
Traceback (most recent call last):
  File "/usr/local/lib/python3.12/site-packages/discord/client.py", line 465, in _run_event
    await coro(*args, **kwargs)
  File "/app/asu_discord/cogs/analytics.py", line 652, in on_member_update
    before_timeout = before.timed_out_until
                     ^^^^^^^^^^^^^^^^^^^^^^
AttributeError: 'Member' object has no attribute 'timed_out_until'
Ignoring exception in on_member_update
Traceback (most recent call last):
  File "/usr/local/lib/python3.12/site-packages/discord/client.py", line 465, in _run_event
    await coro(*args, **kwargs)
  File "/app/asu_discord/cogs/analytics.py", line 652, in on_member_update
    before_timeout = before.timed_out_until
                     ^^^^^^^^^^^^^^^^^^^^^^
AttributeError: 'Member' object has no attribute 'timed_out_until'
Ignoring exception in on_member_update
Traceback (most recent call last):
  File "/usr/local/lib/python3.12/site-packages/discord/client.py", line 465, in _run_event
    await coro(*args, **kwargs)
  File "/app/asu_discord/cogs/analytics.py", line 652, in on_member_update
    before_timeout = before.timed_out_until
                     ^^^^^^^^^^^^^^^^^^^^^^
AttributeError: 'Member' object has no attribute 'timed_out_until'
Ignoring exception in on_member_update
Traceback (most recent call last):
  File "/usr/local/lib/python3.12/site-packages/discord/client.py", line 465, in _run_event
    await coro(*args, **kwargs)
  File "/app/asu_discord/cogs/analytics.py", line 652, in on_member_update
    before_timeout = before.timed_out_until
                     ^^^^^^^^^^^^^^^^^^^^^^
AttributeError: 'Member' object has no attribute 'timed_out_until'
Ignoring exception in on_member_update
Traceback (most recent call last):
  File "/usr/local/lib/python3.12/site-packages/discord/client.py", line 465, in _run_event
    await coro(*args, **kwargs)
  File "/app/asu_discord/cogs/analytics.py", line 652, in on_member_update
    before_timeout = before.timed_out_until
                     ^^^^^^^^^^^^^^^^^^^^^^
AttributeError: 'Member' object has no attribute 'timed_out_until'
Ignoring exception in on_member_update
Traceback (most recent call last):
  File "/usr/local/lib/python3.12/site-packages/discord/client.py", line 465, in _run_event
    await coro(*args, **kwargs)
  File "/app/asu_discord/cogs/analytics.py", line 652, in on_member_update
    before_timeout = before.timed_out_until
                     ^^^^^^^^^^^^^^^^^^^^^^
AttributeError: 'Member' object has no attribute 'timed_out_until'
INFO:asu_discord.cogs.verification:Saved 4 roles to database for user pperam1 (Discord ID: 1517287459166097549)
INFO:asu_discord.cogs.verification:Refreshed Salesforce roles for Discord user 1517287459166097549: -4/+4 roles, assigned=[College of Liberal Arts and Sciences, Commited, First Year, Tempe]
Ignoring exception in on_member_update
Traceback (most recent call last):
  File "/usr/local/lib/python3.12/site-packages/discord/client.py", line 465, in _run_event
    await coro(*args, **kwargs)
  File "/app/asu_discord/cogs/analytics.py", line 652, in on_member_update
    before_timeout = before.timed_out_until
                     ^^^^^^^^^^^^^^^^^^^^^^
AttributeError: 'Member' object has no attribute 'timed_out_until'
Ignoring exception in on_member_update
Traceback (most recent call last):
  File "/usr/local/lib/python3.12/site-packages/discord/client.py", line 465, in _run_event
    await coro(*args, **kwargs)
  File "/app/asu_discord/cogs/analytics.py", line 652, in on_member_update
    before_timeout = before.timed_out_until
                     ^^^^^^^^^^^^^^^^^^^^^^
AttributeError: 'Member' object has no attribute 'timed_out_until'
Ignoring exception in on_member_update
Traceback (most recent call last):
  File "/usr/local/lib/python3.12/site-packages/discord/client.py", line 465, in _run_event
    await coro(*args, **kwargs)
  File "/app/asu_discord/cogs/analytics.py", line 652, in on_member_update
    before_timeout = before.timed_out_until
                     ^^^^^^^^^^^^^^^^^^^^^^
AttributeError: 'Member' object has no attribute 'timed_out_until'
Ignoring exception in on_member_update
Traceback (most recent call last):
  File "/usr/local/lib/python3.12/site-packages/discord/client.py", line 465, in _run_event
    await coro(*args, **kwargs)
  File "/app/asu_discord/cogs/analytics.py", line 652, in on_member_update
    before_timeout = before.timed_out_until
                     ^^^^^^^^^^^^^^^^^^^^^^
AttributeError: 'Member' object has no attribute 'timed_out_until'
Ignoring exception in on_member_update
Traceback (most recent call last):
  File "/usr/local/lib/python3.12/site-packages/discord/client.py", line 465, in _run_event
    await coro(*args, **kwargs)
  File "/app/asu_discord/cogs/analytics.py", line 652, in on_member_update
    before_timeout = before.timed_out_until
                     ^^^^^^^^^^^^^^^^^^^^^^
AttributeError: 'Member' object has no attribute 'timed_out_until'
Ignoring exception in on_member_update
Traceback (most recent call last):
  File "/usr/local/lib/python3.12/site-packages/discord/client.py", line 465, in _run_event
    await coro(*args, **kwargs)
  File "/app/asu_discord/cogs/analytics.py", line 652, in on_member_update
    before_timeout = before.timed_out_until
                     ^^^^^^^^^^^^^^^^^^^^^^
AttributeError: 'Member' object has no attribute 'timed_out_until'
Ignoring exception in on_member_update
Traceback (most recent call last):
  File "/usr/local/lib/python3.12/site-packages/discord/client.py", line 465, in _run_event
    await coro(*args, **kwargs)
  File "/app/asu_discord/cogs/analytics.py", line 652, in on_member_update
    before_timeout = before.timed_out_until
                     ^^^^^^^^^^^^^^^^^^^^^^
AttributeError: 'Member' object has no attribute 'timed_out_until'
Ignoring exception in on_member_update
Traceback (most recent call last):
  File "/usr/local/lib/python3.12/site-packages/discord/client.py", line 465, in _run_event
    await coro(*args, **kwargs)
  File "/app/asu_discord/cogs/analytics.py", line 652, in on_member_update
    before_timeout = before.timed_out_until
                     ^^^^^^^^^^^^^^^^^^^^^^
AttributeError: 'Member' object has no attribute 'timed_out_until'
Ignoring exception in on_member_update
Traceback (most recent call last):
  File "/usr/local/lib/python3.12/site-packages/discord/client.py", line 465, in _run_event
    await coro(*args, **kwargs)
  File "/app/asu_discord/cogs/analytics.py", line 652, in on_member_update
    before_timeout = before.timed_out_until
                     ^^^^^^^^^^^^^^^^^^^^^^
AttributeError: 'Member' object has no attribute 'timed_out_until'
Ignoring exception in on_member_update
Traceback (most recent call last):
  File "/usr/local/lib/python3.12/site-packages/discord/client.py", line 465, in _run_event
    await coro(*args, **kwargs)
  File "/app/asu_discord/cogs/analytics.py", line 652, in on_member_update
    before_timeout = before.timed_out_until
                     ^^^^^^^^^^^^^^^^^^^^^^
AttributeError: 'Member' object has no attribute 'timed_out_until'
Ignoring exception in on_member_update
Traceback (most recent call last):
  File "/usr/local/lib/python3.12/site-packages/discord/client.py", line 465, in _run_event
    await coro(*args, **kwargs)
  File "/app/asu_discord/cogs/analytics.py", line 652, in on_member_update
    before_timeout = before.timed_out_until
                     ^^^^^^^^^^^^^^^^^^^^^^
AttributeError: 'Member' object has no attribute 'timed_out_until'
Ignoring exception in on_member_update
Traceback (most recent call last):
  File "/usr/local/lib/python3.12/site-packages/discord/client.py", line 465, in _run_event
    await coro(*args, **kwargs)
  File "/app/asu_discord/cogs/analytics.py", line 652, in on_member_update
    before_timeout = before.timed_out_until
                     ^^^^^^^^^^^^^^^^^^^^^^
AttributeError: 'Member' object has no attribute 'timed_out_until'
INFO:asu_discord.cogs.verification:Saved 6 roles to database for user tmhollyw (Discord ID: 1517294635649597533)
INFO:asu_discord.cogs.verification:Refreshed Salesforce roles for Discord user 1517294635649597533: -6/+6 roles, assigned=[Commited, First Generation Student, Out of State, Tempe, Transfer Student, University College]
Ignoring exception in on_member_update
Traceback (most recent call last):
  File "/usr/local/lib/python3.12/site-packages/discord/client.py", line 465, in _run_event
    await coro(*args, **kwargs)
  File "/app/asu_discord/cogs/analytics.py", line 652, in on_member_update
    before_timeout = before.timed_out_until
                     ^^^^^^^^^^^^^^^^^^^^^^
AttributeError: 'Member' object has no attribute 'timed_out_until'
Ignoring exception in on_member_update
Traceback (most recent call last):
  File "/usr/local/lib/python3.12/site-packages/discord/client.py", line 465, in _run_event
    await coro(*args, **kwargs)
  File "/app/asu_discord/cogs/analytics.py", line 652, in on_member_update
    before_timeout = before.timed_out_until
                     ^^^^^^^^^^^^^^^^^^^^^^
AttributeError: 'Member' object has no attribute 'timed_out_until'
Ignoring exception in on_member_update
Traceback (most recent call last):
  File "/usr/local/lib/python3.12/site-packages/discord/client.py", line 465, in _run_event
    await coro(*args, **kwargs)
  File "/app/asu_discord/cogs/analytics.py", line 652, in on_member_update
    before_timeout = before.timed_out_until
                     ^^^^^^^^^^^^^^^^^^^^^^
AttributeError: 'Member' object has no attribute 'timed_out_until'
Ignoring exception in on_member_update
Traceback (most recent call last):
  File "/usr/local/lib/python3.12/site-packages/discord/client.py", line 465, in _run_event
    await coro(*args, **kwargs)
  File "/app/asu_discord/cogs/analytics.py", line 652, in on_member_update
    before_timeout = before.timed_out_until
                     ^^^^^^^^^^^^^^^^^^^^^^
AttributeError: 'Member' object has no attribute 'timed_out_until'
Ignoring exception in on_member_update
Traceback (most recent call last):
  File "/usr/local/lib/python3.12/site-packages/discord/client.py", line 465, in _run_event
    await coro(*args, **kwargs)
  File "/app/asu_discord/cogs/analytics.py", line 652, in on_member_update
    before_timeout = before.timed_out_until
                     ^^^^^^^^^^^^^^^^^^^^^^
AttributeError: 'Member' object has no attribute 'timed_out_until'
Ignoring exception in on_member_update
Traceback (most recent call last):
  File "/usr/local/lib/python3.12/site-packages/discord/client.py", line 465, in _run_event
    await coro(*args, **kwargs)
  File "/app/asu_discord/cogs/analytics.py", line 652, in on_member_update
    before_timeout = before.timed_out_until
                     ^^^^^^^^^^^^^^^^^^^^^^
AttributeError: 'Member' object has no attribute 'timed_out_until'
Ignoring exception in on_member_update
Traceback (most recent call last):
  File "/usr/local/lib/python3.12/site-packages/discord/client.py", line 465, in _run_event
    await coro(*args, **kwargs)
  File "/app/asu_discord/cogs/analytics.py", line 652, in on_member_update
    before_timeout = before.timed_out_until
                     ^^^^^^^^^^^^^^^^^^^^^^
AttributeError: 'Member' object has no attribute 'timed_out_until'
Ignoring exception in on_member_update
Traceback (most recent call last):
  File "/usr/local/lib/python3.12/site-packages/discord/client.py", line 465, in _run_event
    await coro(*args, **kwargs)
  File "/app/asu_discord/cogs/analytics.py", line 652, in on_member_update
    before_timeout = before.timed_out_until
                     ^^^^^^^^^^^^^^^^^^^^^^
AttributeError: 'Member' object has no attribute 'timed_out_until'
Ignoring exception in on_member_update
Traceback (most recent call last):
  File "/usr/local/lib/python3.12/site-packages/discord/client.py", line 465, in _run_event
    await coro(*args, **kwargs)
  File "/app/asu_discord/cogs/analytics.py", line 652, in on_member_update
    before_timeout = before.timed_out_until
                     ^^^^^^^^^^^^^^^^^^^^^^
AttributeError: 'Member' object has no attribute 'timed_out_until'
Ignoring exception in on_member_update
Traceback (most recent call last):
  File "/usr/local/lib/python3.12/site-packages/discord/client.py", line 465, in _run_event
    await coro(*args, **kwargs)
  File "/app/asu_discord/cogs/analytics.py", line 652, in on_member_update
    before_timeout = before.timed_out_until
                     ^^^^^^^^^^^^^^^^^^^^^^
AttributeError: 'Member' object has no attribute 'timed_out_until'
Ignoring exception in on_member_update
Traceback (most recent call last):
  File "/usr/local/lib/python3.12/site-packages/discord/client.py", line 465, in _run_event
    await coro(*args, **kwargs)
  File "/app/asu_discord/cogs/analytics.py", line 652, in on_member_update
    before_timeout = before.timed_out_until
                     ^^^^^^^^^^^^^^^^^^^^^^
AttributeError: 'Member' object has no attribute 'timed_out_until'
Ignoring exception in on_member_update
Traceback (most recent call last):
  File "/usr/local/lib/python3.12/site-packages/discord/client.py", line 465, in _run_event
    await coro(*args, **kwargs)
  File "/app/asu_discord/cogs/analytics.py", line 652, in on_member_update
    before_timeout = before.timed_out_until
                     ^^^^^^^^^^^^^^^^^^^^^^
AttributeError: 'Member' object has no attribute 'timed_out_until'
INFO:asu_discord.cogs.verification:Saved 6 roles to database for user lbrandse (Discord ID: 885030797172703282)
INFO:asu_discord.cogs.verification:Refreshed Salesforce roles for Discord user 885030797172703282: -6/+6 roles, assigned=[Arizona Resident, Commited, First Generation Student, First Year, New College of Interdisciplinary Arts and Sciences, Online]
Ignoring exception in on_member_update
Traceback (most recent call last):
  File "/usr/local/lib/python3.12/site-packages/discord/client.py", line 465, in _run_event
    await coro(*args, **kwargs)
  File "/app/asu_discord/cogs/analytics.py", line 652, in on_member_update
    before_timeout = before.timed_out_until
                     ^^^^^^^^^^^^^^^^^^^^^^
AttributeError: 'Member' object has no attribute 'timed_out_until'
Ignoring exception in on_member_update
Traceback (most recent call last):
  File "/usr/local/lib/python3.12/site-packages/discord/client.py", line 465, in _run_event
    await coro(*args, **kwargs)
  File "/app/asu_discord/cogs/analytics.py", line 652, in on_member_update
    before_timeout = before.timed_out_until
                     ^^^^^^^^^^^^^^^^^^^^^^
AttributeError: 'Member' object has no attribute 'timed_out_until'
Ignoring exception in on_member_update
Traceback (most recent call last):
  File "/usr/local/lib/python3.12/site-packages/discord/client.py", line 465, in _run_event
    await coro(*args, **kwargs)
  File "/app/asu_discord/cogs/analytics.py", line 652, in on_member_update
    before_timeout = before.timed_out_until
                     ^^^^^^^^^^^^^^^^^^^^^^
AttributeError: 'Member' object has no attribute 'timed_out_until'
Ignoring exception in on_member_update
Traceback (most recent call last):
  File "/usr/local/lib/python3.12/site-packages/discord/client.py", line 465, in _run_event
    await coro(*args, **kwargs)
  File "/app/asu_discord/cogs/analytics.py", line 652, in on_member_update
    before_timeout = before.timed_out_until
                     ^^^^^^^^^^^^^^^^^^^^^^
AttributeError: 'Member' object has no attribute 'timed_out_until'
Ignoring exception in on_member_update
Traceback (most recent call last):
  File "/usr/local/lib/python3.12/site-packages/discord/client.py", line 465, in _run_event
    await coro(*args, **kwargs)
  File "/app/asu_discord/cogs/analytics.py", line 652, in on_member_update
    before_timeout = before.timed_out_until
                     ^^^^^^^^^^^^^^^^^^^^^^
AttributeError: 'Member' object has no attribute 'timed_out_until'
Ignoring exception in on_member_update
Traceback (most recent call last):
  File "/usr/local/lib/python3.12/site-packages/discord/client.py", line 465, in _run_event
    await coro(*args, **kwargs)
  File "/app/asu_discord/cogs/analytics.py", line 652, in on_member_update
    before_timeout = before.timed_out_until
                     ^^^^^^^^^^^^^^^^^^^^^^
AttributeError: 'Member' object has no attribute 'timed_out_until'
Ignoring exception in on_member_update
Traceback (most recent call last):
  File "/usr/local/lib/python3.12/site-packages/discord/client.py", line 465, in _run_event
    await coro(*args, **kwargs)
  File "/app/asu_discord/cogs/analytics.py", line 652, in on_member_update
    before_timeout = before.timed_out_until
                     ^^^^^^^^^^^^^^^^^^^^^^
AttributeError: 'Member' object has no attribute 'timed_out_until'
Ignoring exception in on_member_update
Traceback (most recent call last):
  File "/usr/local/lib/python3.12/site-packages/discord/client.py", line 465, in _run_event
    await coro(*args, **kwargs)
  File "/app/asu_discord/cogs/analytics.py", line 652, in on_member_update
    before_timeout = before.timed_out_until
                     ^^^^^^^^^^^^^^^^^^^^^^
AttributeError: 'Member' object has no attribute 'timed_out_until'
Ignoring exception in on_member_update
Traceback (most recent call last):
  File "/usr/local/lib/python3.12/site-packages/discord/client.py", line 465, in _run_event
    await coro(*args, **kwargs)
  File "/app/asu_discord/cogs/analytics.py", line 652, in on_member_update
    before_timeout = before.timed_out_until
                     ^^^^^^^^^^^^^^^^^^^^^^
AttributeError: 'Member' object has no attribute 'timed_out_until'
Ignoring exception in on_member_update
Traceback (most recent call last):
  File "/usr/local/lib/python3.12/site-packages/discord/client.py", line 465, in _run_event
    await coro(*args, **kwargs)
  File "/app/asu_discord/cogs/analytics.py", line 652, in on_member_update
    before_timeout = before.timed_out_until
                     ^^^^^^^^^^^^^^^^^^^^^^
AttributeError: 'Member' object has no attribute 'timed_out_until'
INFO:asu_discord.cogs.verification:Saved 5 roles to database for user eramoses (Discord ID: 1517308707598241965)
INFO:asu_discord.cogs.verification:Refreshed Salesforce roles for Discord user 1517308707598241965: -5/+5 roles, assigned=[Arizona Resident, First Generation Student, First Year, New College of Interdisciplinary Arts and Sciences, West Valley]
Ignoring exception in on_member_update
Traceback (most recent call last):
  File "/usr/local/lib/python3.12/site-packages/discord/client.py", line 465, in _run_event
    await coro(*args, **kwargs)
  File "/app/asu_discord/cogs/analytics.py", line 652, in on_member_update
    before_timeout = before.timed_out_until
                     ^^^^^^^^^^^^^^^^^^^^^^
AttributeError: 'Member' object has no attribute 'timed_out_until'
Ignoring exception in on_member_update
Traceback (most recent call last):
  File "/usr/local/lib/python3.12/site-packages/discord/client.py", line 465, in _run_event
    await coro(*args, **kwargs)
  File "/app/asu_discord/cogs/analytics.py", line 652, in on_member_update
    before_timeout = before.timed_out_until
                     ^^^^^^^^^^^^^^^^^^^^^^
AttributeError: 'Member' object has no attribute 'timed_out_until'
Ignoring exception in on_member_update
Traceback (most recent call last):
  File "/usr/local/lib/python3.12/site-packages/discord/client.py", line 465, in _run_event
    await coro(*args, **kwargs)
  File "/app/asu_discord/cogs/analytics.py", line 652, in on_member_update
    before_timeout = before.timed_out_until
                     ^^^^^^^^^^^^^^^^^^^^^^
AttributeError: 'Member' object has no attribute 'timed_out_until'
Ignoring exception in on_member_update
Traceback (most recent call last):
  File "/usr/local/lib/python3.12/site-packages/discord/client.py", line 465, in _run_event
    await coro(*args, **kwargs)
  File "/app/asu_discord/cogs/analytics.py", line 652, in on_member_update
    before_timeout = before.timed_out_until
                     ^^^^^^^^^^^^^^^^^^^^^^
AttributeError: 'Member' object has no attribute 'timed_out_until'
Ignoring exception in on_member_update
Traceback (most recent call last):
  File "/usr/local/lib/python3.12/site-packages/discord/client.py", line 465, in _run_event
    await coro(*args, **kwargs)
  File "/app/asu_discord/cogs/analytics.py", line 652, in on_member_update
    before_timeout = before.timed_out_until
                     ^^^^^^^^^^^^^^^^^^^^^^
AttributeError: 'Member' object has no attribute 'timed_out_until'
Ignoring exception in on_member_update
Traceback (most recent call last):
  File "/usr/local/lib/python3.12/site-packages/discord/client.py", line 465, in _run_event
    await coro(*args, **kwargs)
  File "/app/asu_discord/cogs/analytics.py", line 652, in on_member_update
    before_timeout = before.timed_out_until
                     ^^^^^^^^^^^^^^^^^^^^^^
AttributeError: 'Member' object has no attribute 'timed_out_until'
Ignoring exception in on_member_update
Traceback (most recent call last):
  File "/usr/local/lib/python3.12/site-packages/discord/client.py", line 465, in _run_event
    await coro(*args, **kwargs)
  File "/app/asu_discord/cogs/analytics.py", line 652, in on_member_update
    before_timeout = before.timed_out_until
                     ^^^^^^^^^^^^^^^^^^^^^^
AttributeError: 'Member' object has no attribute 'timed_out_until'
Ignoring exception in on_member_update
Traceback (most recent call last):
  File "/usr/local/lib/python3.12/site-packages/discord/client.py", line 465, in _run_event
    await coro(*args, **kwargs)
  File "/app/asu_discord/cogs/analytics.py", line 652, in on_member_update
    before_timeout = before.timed_out_until
                     ^^^^^^^^^^^^^^^^^^^^^^
AttributeError: 'Member' object has no attribute 'timed_out_until'
Ignoring exception in on_member_update
Traceback (most recent call last):
  File "/usr/local/lib/python3.12/site-packages/discord/client.py", line 465, in _run_event
    await coro(*args, **kwargs)
  File "/app/asu_discord/cogs/analytics.py", line 652, in on_member_update
    before_timeout = before.timed_out_until
                     ^^^^^^^^^^^^^^^^^^^^^^
AttributeError: 'Member' object has no attribute 'timed_out_until'
Ignoring exception in on_member_update
Traceback (most recent call last):
  File "/usr/local/lib/python3.12/site-packages/discord/client.py", line 465, in _run_event
    await coro(*args, **kwargs)
  File "/app/asu_discord/cogs/analytics.py", line 652, in on_member_update
    before_timeout = before.timed_out_until
                     ^^^^^^^^^^^^^^^^^^^^^^
AttributeError: 'Member' object has no attribute 'timed_out_until'
INFO:asu_discord.cogs.verification:Saved 5 roles to database for user yjeon126 (Discord ID: 880281254879187046)
INFO:asu_discord.cogs.verification:Refreshed Salesforce roles for Discord user 880281254879187046: -5/+5 roles, assigned=[College of Liberal Arts and Sciences, Commited, First Year, International Student, Tempe]
Ignoring exception in on_member_update
Traceback (most recent call last):
  File "/usr/local/lib/python3.12/site-packages/discord/client.py", line 465, in _run_event
    await coro(*args, **kwargs)
  File "/app/asu_discord/cogs/analytics.py", line 652, in on_member_update
    before_timeout = before.timed_out_until
                     ^^^^^^^^^^^^^^^^^^^^^^
AttributeError: 'Member' object has no attribute 'timed_out_until'
Ignoring exception in on_member_update
Traceback (most recent call last):
  File "/usr/local/lib/python3.12/site-packages/discord/client.py", line 465, in _run_event
    await coro(*args, **kwargs)
  File "/app/asu_discord/cogs/analytics.py", line 652, in on_member_update
    before_timeout = before.timed_out_until
                     ^^^^^^^^^^^^^^^^^^^^^^
AttributeError: 'Member' object has no attribute 'timed_out_until'
Ignoring exception in on_member_update
Traceback (most recent call last):
  File "/usr/local/lib/python3.12/site-packages/discord/client.py", line 465, in _run_event
    await coro(*args, **kwargs)
  File "/app/asu_discord/cogs/analytics.py", line 652, in on_member_update
    before_timeout = before.timed_out_until
                     ^^^^^^^^^^^^^^^^^^^^^^
AttributeError: 'Member' object has no attribute 'timed_out_until'
Ignoring exception in on_member_update
Traceback (most recent call last):
  File "/usr/local/lib/python3.12/site-packages/discord/client.py", line 465, in _run_event
    await coro(*args, **kwargs)
  File "/app/asu_discord/cogs/analytics.py", line 652, in on_member_update
    before_timeout = before.timed_out_until
                     ^^^^^^^^^^^^^^^^^^^^^^
AttributeError: 'Member' object has no attribute 'timed_out_until'
Ignoring exception in on_member_update
Traceback (most recent call last):
  File "/usr/local/lib/python3.12/site-packages/discord/client.py", line 465, in _run_event
    await coro(*args, **kwargs)
  File "/app/asu_discord/cogs/analytics.py", line 652, in on_member_update
    before_timeout = before.timed_out_until
                     ^^^^^^^^^^^^^^^^^^^^^^
AttributeError: 'Member' object has no attribute 'timed_out_until'
Ignoring exception in on_member_update
Traceback (most recent call last):
  File "/usr/local/lib/python3.12/site-packages/discord/client.py", line 465, in _run_event
    await coro(*args, **kwargs)
  File "/app/asu_discord/cogs/analytics.py", line 652, in on_member_update
    before_timeout = before.timed_out_until
                     ^^^^^^^^^^^^^^^^^^^^^^
AttributeError: 'Member' object has no attribute 'timed_out_until'
Ignoring exception in on_member_update
Traceback (most recent call last):
  File "/usr/local/lib/python3.12/site-packages/discord/client.py", line 465, in _run_event
    await coro(*args, **kwargs)
  File "/app/asu_discord/cogs/analytics.py", line 652, in on_member_update
    before_timeout = before.timed_out_until
                     ^^^^^^^^^^^^^^^^^^^^^^
AttributeError: 'Member' object has no attribute 'timed_out_until'
Ignoring exception in on_member_update
Traceback (most recent call last):
  File "/usr/local/lib/python3.12/site-packages/discord/client.py", line 465, in _run_event
    await coro(*args, **kwargs)
  File "/app/asu_discord/cogs/analytics.py", line 652, in on_member_update
    before_timeout = before.timed_out_until
                     ^^^^^^^^^^^^^^^^^^^^^^
AttributeError: 'Member' object has no attribute 'timed_out_until'
Ignoring exception in on_member_update
Traceback (most recent call last):
  File "/usr/local/lib/python3.12/site-packages/discord/client.py", line 465, in _run_event
    await coro(*args, **kwargs)
  File "/app/asu_discord/cogs/analytics.py", line 652, in on_member_update
    before_timeout = before.timed_out_until
                     ^^^^^^^^^^^^^^^^^^^^^^
AttributeError: 'Member' object has no attribute 'timed_out_until'
Ignoring exception in on_member_update
Traceback (most recent call last):
  File "/usr/local/lib/python3.12/site-packages/discord/client.py", line 465, in _run_event
    await coro(*args, **kwargs)
  File "/app/asu_discord/cogs/analytics.py", line 652, in on_member_update
    before_timeout = before.timed_out_until
                     ^^^^^^^^^^^^^^^^^^^^^^
AttributeError: 'Member' object has no attribute 'timed_out_until'
INFO:asu_discord.cogs.verification:Saved 5 roles to database for user dosiecki (Discord ID: 568874625992359947)
INFO:asu_discord.cogs.verification:Refreshed Salesforce roles for Discord user 568874625992359947: -5/+5 roles, assigned=[Arizona Resident, Commited, First Year, Herberger Institute for Design and the Arts, Tempe]
Ignoring exception in on_member_update
Traceback (most recent call last):
  File "/usr/local/lib/python3.12/site-packages/discord/client.py", line 465, in _run_event
    await coro(*args, **kwargs)
  File "/app/asu_discord/cogs/analytics.py", line 652, in on_member_update
    before_timeout = before.timed_out_until
                     ^^^^^^^^^^^^^^^^^^^^^^
AttributeError: 'Member' object has no attribute 'timed_out_until'
Ignoring exception in on_member_update
Traceback (most recent call last):
  File "/usr/local/lib/python3.12/site-packages/discord/client.py", line 465, in _run_event
    await coro(*args, **kwargs)
  File "/app/asu_discord/cogs/analytics.py", line 652, in on_member_update
    before_timeout = before.timed_out_until
                     ^^^^^^^^^^^^^^^^^^^^^^
AttributeError: 'Member' object has no attribute 'timed_out_until'
Ignoring exception in on_member_update
Traceback (most recent call last):
  File "/usr/local/lib/python3.12/site-packages/discord/client.py", line 465, in _run_event
    await coro(*args, **kwargs)
  File "/app/asu_discord/cogs/analytics.py", line 652, in on_member_update
    before_timeout = before.timed_out_until
                     ^^^^^^^^^^^^^^^^^^^^^^
AttributeError: 'Member' object has no attribute 'timed_out_until'
Ignoring exception in on_member_update
Traceback (most recent call last):
  File "/usr/local/lib/python3.12/site-packages/discord/client.py", line 465, in _run_event
    await coro(*args, **kwargs)
  File "/app/asu_discord/cogs/analytics.py", line 652, in on_member_update
    before_timeout = before.timed_out_until
                     ^^^^^^^^^^^^^^^^^^^^^^
AttributeError: 'Member' object has no attribute 'timed_out_until'
Ignoring exception in on_member_update
Traceback (most recent call last):
  File "/usr/local/lib/python3.12/site-packages/discord/client.py", line 465, in _run_event
    await coro(*args, **kwargs)
  File "/app/asu_discord/cogs/analytics.py", line 652, in on_member_update
    before_timeout = before.timed_out_until
                     ^^^^^^^^^^^^^^^^^^^^^^
AttributeError: 'Member' object has no attribute 'timed_out_until'
Ignoring exception in on_member_update
Traceback (most recent call last):
  File "/usr/local/lib/python3.12/site-packages/discord/client.py", line 465, in _run_event
    await coro(*args, **kwargs)
  File "/app/asu_discord/cogs/analytics.py", line 652, in on_member_update
    before_timeout = before.timed_out_until
                     ^^^^^^^^^^^^^^^^^^^^^^
AttributeError: 'Member' object has no attribute 'timed_out_until'
Ignoring exception in on_member_update
Traceback (most recent call last):
  File "/usr/local/lib/python3.12/site-packages/discord/client.py", line 465, in _run_event
    await coro(*args, **kwargs)
  File "/app/asu_discord/cogs/analytics.py", line 652, in on_member_update
    before_timeout = before.timed_out_until
                     ^^^^^^^^^^^^^^^^^^^^^^
AttributeError: 'Member' object has no attribute 'timed_out_until'
Ignoring exception in on_member_update
Traceback (most recent call last):
  File "/usr/local/lib/python3.12/site-packages/discord/client.py", line 465, in _run_event
    await coro(*args, **kwargs)
  File "/app/asu_discord/cogs/analytics.py", line 652, in on_member_update
    before_timeout = before.timed_out_until
                     ^^^^^^^^^^^^^^^^^^^^^^
AttributeError: 'Member' object has no attribute 'timed_out_until'
Ignoring exception in on_member_update
Traceback (most recent call last):
  File "/usr/local/lib/python3.12/site-packages/discord/client.py", line 465, in _run_event
    await coro(*args, **kwargs)
  File "/app/asu_discord/cogs/analytics.py", line 652, in on_member_update
    before_timeout = before.timed_out_until
                     ^^^^^^^^^^^^^^^^^^^^^^
AttributeError: 'Member' object has no attribute 'timed_out_until'
Ignoring exception in on_member_update
Traceback (most recent call last):
  File "/usr/local/lib/python3.12/site-packages/discord/client.py", line 465, in _run_event
    await coro(*args, **kwargs)
  File "/app/asu_discord/cogs/analytics.py", line 652, in on_member_update
    before_timeout = before.timed_out_until
                     ^^^^^^^^^^^^^^^^^^^^^^
AttributeError: 'Member' object has no attribute 'timed_out_until'
INFO:asu_discord.cogs.verification:Saved 5 roles to database for user djthom31 (Discord ID: 557770151408173117)
INFO:asu_discord.cogs.verification:Refreshed Salesforce roles for Discord user 557770151408173117: -5/+5 roles, assigned=[Commited, First Year, Ira A. Fulton Schools of Engineering, Out of State, Polytechnic]
Ignoring exception in on_member_update
Traceback (most recent call last):
  File "/usr/local/lib/python3.12/site-packages/discord/client.py", line 465, in _run_event
    await coro(*args, **kwargs)
  File "/app/asu_discord/cogs/analytics.py", line 652, in on_member_update
    before_timeout = before.timed_out_until
                     ^^^^^^^^^^^^^^^^^^^^^^
AttributeError: 'Member' object has no attribute 'timed_out_until'
Ignoring exception in on_member_update
Traceback (most recent call last):
  File "/usr/local/lib/python3.12/site-packages/discord/client.py", line 465, in _run_event
    await coro(*args, **kwargs)
  File "/app/asu_discord/cogs/analytics.py", line 652, in on_member_update
    before_timeout = before.timed_out_until
                     ^^^^^^^^^^^^^^^^^^^^^^
AttributeError: 'Member' object has no attribute 'timed_out_until'
Ignoring exception in on_member_update
Traceback (most recent call last):
  File "/usr/local/lib/python3.12/site-packages/discord/client.py", line 465, in _run_event
    await coro(*args, **kwargs)
  File "/app/asu_discord/cogs/analytics.py", line 652, in on_member_update
    before_timeout = before.timed_out_until
                     ^^^^^^^^^^^^^^^^^^^^^^
AttributeError: 'Member' object has no attribute 'timed_out_until'
Ignoring exception in on_member_update
Traceback (most recent call last):
  File "/usr/local/lib/python3.12/site-packages/discord/client.py", line 465, in _run_event
    await coro(*args, **kwargs)
  File "/app/asu_discord/cogs/analytics.py", line 652, in on_member_update
    before_timeout = before.timed_out_until
                     ^^^^^^^^^^^^^^^^^^^^^^
AttributeError: 'Member' object has no attribute 'timed_out_until'
Ignoring exception in on_member_update
Traceback (most recent call last):
  File "/usr/local/lib/python3.12/site-packages/discord/client.py", line 465, in _run_event
    await coro(*args, **kwargs)
  File "/app/asu_discord/cogs/analytics.py", line 652, in on_member_update
    before_timeout = before.timed_out_until
                     ^^^^^^^^^^^^^^^^^^^^^^
AttributeError: 'Member' object has no attribute 'timed_out_until'
Ignoring exception in on_member_update
Traceback (most recent call last):
  File "/usr/local/lib/python3.12/site-packages/discord/client.py", line 465, in _run_event
    await coro(*args, **kwargs)
  File "/app/asu_discord/cogs/analytics.py", line 652, in on_member_update
    before_timeout = before.timed_out_until
                     ^^^^^^^^^^^^^^^^^^^^^^
AttributeError: 'Member' object has no attribute 'timed_out_until'
Ignoring exception in on_member_update
Traceback (most recent call last):
  File "/usr/local/lib/python3.12/site-packages/discord/client.py", line 465, in _run_event
    await coro(*args, **kwargs)
  File "/app/asu_discord/cogs/analytics.py", line 652, in on_member_update
    before_timeout = before.timed_out_until
                     ^^^^^^^^^^^^^^^^^^^^^^
AttributeError: 'Member' object has no attribute 'timed_out_until'
Ignoring exception in on_member_update
Traceback (most recent call last):
  File "/usr/local/lib/python3.12/site-packages/discord/client.py", line 465, in _run_event
    await coro(*args, **kwargs)
  File "/app/asu_discord/cogs/analytics.py", line 652, in on_member_update
    before_timeout = before.timed_out_until
                     ^^^^^^^^^^^^^^^^^^^^^^
AttributeError: 'Member' object has no attribute 'timed_out_until'
INFO:asu_discord.cogs.verification:Saved 4 roles to database for user jnicho88 (Discord ID: 1517336612453744731)
INFO:asu_discord.cogs.verification:Refreshed Salesforce roles for Discord user 1517336612453744731: -4/+4 roles, assigned=[Arizona Resident, First Year, Ira A. Fulton Schools of Engineering, Tempe]
Ignoring exception in on_member_update
Traceback (most recent call last):
  File "/usr/local/lib/python3.12/site-packages/discord/client.py", line 465, in _run_event
    await coro(*args, **kwargs)
  File "/app/asu_discord/cogs/analytics.py", line 652, in on_member_update
    before_timeout = before.timed_out_until
                     ^^^^^^^^^^^^^^^^^^^^^^
AttributeError: 'Member' object has no attribute 'timed_out_until'
Ignoring exception in on_member_update
Traceback (most recent call last):
  File "/usr/local/lib/python3.12/site-packages/discord/client.py", line 465, in _run_event
    await coro(*args, **kwargs)
  File "/app/asu_discord/cogs/analytics.py", line 652, in on_member_update
    before_timeout = before.timed_out_until
                     ^^^^^^^^^^^^^^^^^^^^^^
AttributeError: 'Member' object has no attribute 'timed_out_until'
Ignoring exception in on_member_update
Traceback (most recent call last):
  File "/usr/local/lib/python3.12/site-packages/discord/client.py", line 465, in _run_event
    await coro(*args, **kwargs)
  File "/app/asu_discord/cogs/analytics.py", line 652, in on_member_update
    before_timeout = before.timed_out_until
                     ^^^^^^^^^^^^^^^^^^^^^^
AttributeError: 'Member' object has no attribute 'timed_out_until'
Ignoring exception in on_member_update
Traceback (most recent call last):
  File "/usr/local/lib/python3.12/site-packages/discord/client.py", line 465, in _run_event
    await coro(*args, **kwargs)
  File "/app/asu_discord/cogs/analytics.py", line 652, in on_member_update
    before_timeout = before.timed_out_until
                     ^^^^^^^^^^^^^^^^^^^^^^
AttributeError: 'Member' object has no attribute 'timed_out_until'
Ignoring exception in on_member_update
Traceback (most recent call last):
  File "/usr/local/lib/python3.12/site-packages/discord/client.py", line 465, in _run_event
    await coro(*args, **kwargs)
  File "/app/asu_discord/cogs/analytics.py", line 652, in on_member_update
    before_timeout = before.timed_out_until
                     ^^^^^^^^^^^^^^^^^^^^^^
AttributeError: 'Member' object has no attribute 'timed_out_until'
Ignoring exception in on_member_update
Traceback (most recent call last):
  File "/usr/local/lib/python3.12/site-packages/discord/client.py", line 465, in _run_event
    await coro(*args, **kwargs)
  File "/app/asu_discord/cogs/analytics.py", line 652, in on_member_update
    before_timeout = before.timed_out_until
                     ^^^^^^^^^^^^^^^^^^^^^^
AttributeError: 'Member' object has no attribute 'timed_out_until'
Ignoring exception in on_member_update
Traceback (most recent call last):
  File "/usr/local/lib/python3.12/site-packages/discord/client.py", line 465, in _run_event
    await coro(*args, **kwargs)
  File "/app/asu_discord/cogs/analytics.py", line 652, in on_member_update
    before_timeout = before.timed_out_until
                     ^^^^^^^^^^^^^^^^^^^^^^
AttributeError: 'Member' object has no attribute 'timed_out_until'
Ignoring exception in on_member_update
Traceback (most recent call last):
  File "/usr/local/lib/python3.12/site-packages/discord/client.py", line 465, in _run_event
    await coro(*args, **kwargs)
  File "/app/asu_discord/cogs/analytics.py", line 652, in on_member_update
    before_timeout = before.timed_out_until
                     ^^^^^^^^^^^^^^^^^^^^^^
AttributeError: 'Member' object has no attribute 'timed_out_until'
Ignoring exception in on_member_update
Traceback (most recent call last):
  File "/usr/local/lib/python3.12/site-packages/discord/client.py", line 465, in _run_event
    await coro(*args, **kwargs)
  File "/app/asu_discord/cogs/analytics.py", line 652, in on_member_update
    before_timeout = before.timed_out_until
                     ^^^^^^^^^^^^^^^^^^^^^^
AttributeError: 'Member' object has no attribute 'timed_out_until'
Ignoring exception in on_member_update
Traceback (most recent call last):
  File "/usr/local/lib/python3.12/site-packages/discord/client.py", line 465, in _run_event
    await coro(*args, **kwargs)
  File "/app/asu_discord/cogs/analytics.py", line 652, in on_member_update
    before_timeout = before.timed_out_until
                     ^^^^^^^^^^^^^^^^^^^^^^
AttributeError: 'Member' object has no attribute 'timed_out_until'
INFO:asu_discord.cogs.verification:Saved 5 roles to database for user gjacob29 (Discord ID: 1452014677273088066)
INFO:asu_discord.cogs.verification:Refreshed Salesforce roles for Discord user 1452014677273088066: -5/+5 roles, assigned=[Arizona Resident, Commited, Downtown Phoenix, Edson College of Nursing and Health Innovation, First Year]
Ignoring exception in on_member_update
Traceback (most recent call last):
  File "/usr/local/lib/python3.12/site-packages/discord/client.py", line 465, in _run_event
    await coro(*args, **kwargs)
  File "/app/asu_discord/cogs/analytics.py", line 652, in on_member_update
    before_timeout = before.timed_out_until
                     ^^^^^^^^^^^^^^^^^^^^^^
AttributeError: 'Member' object has no attribute 'timed_out_until'
Ignoring exception in on_member_update
Traceback (most recent call last):
  File "/usr/local/lib/python3.12/site-packages/discord/client.py", line 465, in _run_event
    await coro(*args, **kwargs)
  File "/app/asu_discord/cogs/analytics.py", line 652, in on_member_update
    before_timeout = before.timed_out_until
                     ^^^^^^^^^^^^^^^^^^^^^^
AttributeError: 'Member' object has no attribute 'timed_out_until'
Ignoring exception in on_member_update
Traceback (most recent call last):
  File "/usr/local/lib/python3.12/site-packages/discord/client.py", line 465, in _run_event
    await coro(*args, **kwargs)
  File "/app/asu_discord/cogs/analytics.py", line 652, in on_member_update
    before_timeout = before.timed_out_until
                     ^^^^^^^^^^^^^^^^^^^^^^
AttributeError: 'Member' object has no attribute 'timed_out_until'
Ignoring exception in on_member_update
Traceback (most recent call last):
  File "/usr/local/lib/python3.12/site-packages/discord/client.py", line 465, in _run_event
    await coro(*args, **kwargs)
  File "/app/asu_discord/cogs/analytics.py", line 652, in on_member_update
    before_timeout = before.timed_out_until
                     ^^^^^^^^^^^^^^^^^^^^^^
AttributeError: 'Member' object has no attribute 'timed_out_until'
Ignoring exception in on_member_update
Traceback (most recent call last):
  File "/usr/local/lib/python3.12/site-packages/discord/client.py", line 465, in _run_event
    await coro(*args, **kwargs)
  File "/app/asu_discord/cogs/analytics.py", line 652, in on_member_update
    before_timeout = before.timed_out_until
                     ^^^^^^^^^^^^^^^^^^^^^^
AttributeError: 'Member' object has no attribute 'timed_out_until'
Ignoring exception in on_member_update
Traceback (most recent call last):
  File "/usr/local/lib/python3.12/site-packages/discord/client.py", line 465, in _run_event
    await coro(*args, **kwargs)
  File "/app/asu_discord/cogs/analytics.py", line 652, in on_member_update
    before_timeout = before.timed_out_until
                     ^^^^^^^^^^^^^^^^^^^^^^
AttributeError: 'Member' object has no attribute 'timed_out_until'
Ignoring exception in on_member_update
Traceback (most recent call last):
  File "/usr/local/lib/python3.12/site-packages/discord/client.py", line 465, in _run_event
    await coro(*args, **kwargs)
  File "/app/asu_discord/cogs/analytics.py", line 652, in on_member_update
    before_timeout = before.timed_out_until
                     ^^^^^^^^^^^^^^^^^^^^^^
AttributeError: 'Member' object has no attribute 'timed_out_until'
Ignoring exception in on_member_update
Traceback (most recent call last):
  File "/usr/local/lib/python3.12/site-packages/discord/client.py", line 465, in _run_event
    await coro(*args, **kwargs)
  File "/app/asu_discord/cogs/analytics.py", line 652, in on_member_update
    before_timeout = before.timed_out_until
                     ^^^^^^^^^^^^^^^^^^^^^^
AttributeError: 'Member' object has no attribute 'timed_out_until'
Ignoring exception in on_member_update
Traceback (most recent call last):
  File "/usr/local/lib/python3.12/site-packages/discord/client.py", line 465, in _run_event
    await coro(*args, **kwargs)
  File "/app/asu_discord/cogs/analytics.py", line 652, in on_member_update
    before_timeout = before.timed_out_until
                     ^^^^^^^^^^^^^^^^^^^^^^
AttributeError: 'Member' object has no attribute 'timed_out_until'
Ignoring exception in on_member_update
Traceback (most recent call last):
  File "/usr/local/lib/python3.12/site-packages/discord/client.py", line 465, in _run_event
    await coro(*args, **kwargs)
  File "/app/asu_discord/cogs/analytics.py", line 652, in on_member_update
    before_timeout = before.timed_out_until
                     ^^^^^^^^^^^^^^^^^^^^^^
AttributeError: 'Member' object has no attribute 'timed_out_until'
INFO:asu_discord.cogs.verification:Saved 5 roles to database for user kgwester (Discord ID: 1160709121205600346)
INFO:asu_discord.cogs.verification:Refreshed Salesforce roles for Discord user 1160709121205600346: -5/+5 roles, assigned=[Arizona Resident, Commited, First Year, Ira A. Fulton Schools of Engineering, Tempe]
Ignoring exception in on_member_update
Traceback (most recent call last):
  File "/usr/local/lib/python3.12/site-packages/discord/client.py", line 465, in _run_event
    await coro(*args, **kwargs)
  File "/app/asu_discord/cogs/analytics.py", line 652, in on_member_update
    before_timeout = before.timed_out_until
                     ^^^^^^^^^^^^^^^^^^^^^^
AttributeError: 'Member' object has no attribute 'timed_out_until'
Ignoring exception in on_member_update
Traceback (most recent call last):
  File "/usr/local/lib/python3.12/site-packages/discord/client.py", line 465, in _run_event
    await coro(*args, **kwargs)
  File "/app/asu_discord/cogs/analytics.py", line 652, in on_member_update
    before_timeout = before.timed_out_until
                     ^^^^^^^^^^^^^^^^^^^^^^
AttributeError: 'Member' object has no attribute 'timed_out_until'
Ignoring exception in on_member_update
Traceback (most recent call last):
  File "/usr/local/lib/python3.12/site-packages/discord/client.py", line 465, in _run_event
    await coro(*args, **kwargs)
  File "/app/asu_discord/cogs/analytics.py", line 652, in on_member_update
    before_timeout = before.timed_out_until
                     ^^^^^^^^^^^^^^^^^^^^^^
AttributeError: 'Member' object has no attribute 'timed_out_until'
Ignoring exception in on_member_update
Traceback (most recent call last):
  File "/usr/local/lib/python3.12/site-packages/discord/client.py", line 465, in _run_event
    await coro(*args, **kwargs)
  File "/app/asu_discord/cogs/analytics.py", line 652, in on_member_update
    before_timeout = before.timed_out_until
                     ^^^^^^^^^^^^^^^^^^^^^^
AttributeError: 'Member' object has no attribute 'timed_out_until'
Ignoring exception in on_member_update
Traceback (most recent call last):
  File "/usr/local/lib/python3.12/site-packages/discord/client.py", line 465, in _run_event
    await coro(*args, **kwargs)
  File "/app/asu_discord/cogs/analytics.py", line 652, in on_member_update
    before_timeout = before.timed_out_until
                     ^^^^^^^^^^^^^^^^^^^^^^
AttributeError: 'Member' object has no attribute 'timed_out_until'
Ignoring exception in on_member_update
Traceback (most recent call last):
  File "/usr/local/lib/python3.12/site-packages/discord/client.py", line 465, in _run_event
    await coro(*args, **kwargs)
  File "/app/asu_discord/cogs/analytics.py", line 652, in on_member_update
    before_timeout = before.timed_out_until
                     ^^^^^^^^^^^^^^^^^^^^^^
AttributeError: 'Member' object has no attribute 'timed_out_until'
Ignoring exception in on_member_update
Traceback (most recent call last):
  File "/usr/local/lib/python3.12/site-packages/discord/client.py", line 465, in _run_event
    await coro(*args, **kwargs)
  File "/app/asu_discord/cogs/analytics.py", line 652, in on_member_update
    before_timeout = before.timed_out_until
                     ^^^^^^^^^^^^^^^^^^^^^^
AttributeError: 'Member' object has no attribute 'timed_out_until'
Ignoring exception in on_member_update
Traceback (most recent call last):
  File "/usr/local/lib/python3.12/site-packages/discord/client.py", line 465, in _run_event
    await coro(*args, **kwargs)
  File "/app/asu_discord/cogs/analytics.py", line 652, in on_member_update
    before_timeout = before.timed_out_until
                     ^^^^^^^^^^^^^^^^^^^^^^
AttributeError: 'Member' object has no attribute 'timed_out_until'
INFO:asu_discord.cogs.verification:Saved 4 roles to database for user aradam23 (Discord ID: 663282795791122442)
INFO:asu_discord.cogs.verification:Refreshed Salesforce roles for Discord user 663282795791122442: -4/+4 roles, assigned=[Arizona Resident, First Year, New College of Interdisciplinary Arts and Sciences, Tempe]
Ignoring exception in on_member_update
Traceback (most recent call last):
  File "/usr/local/lib/python3.12/site-packages/discord/client.py", line 465, in _run_event
    await coro(*args, **kwargs)
  File "/app/asu_discord/cogs/analytics.py", line 652, in on_member_update
    before_timeout = before.timed_out_until
                     ^^^^^^^^^^^^^^^^^^^^^^
AttributeError: 'Member' object has no attribute 'timed_out_until'
Ignoring exception in on_member_update
Traceback (most recent call last):
  File "/usr/local/lib/python3.12/site-packages/discord/client.py", line 465, in _run_event
    await coro(*args, **kwargs)
  File "/app/asu_discord/cogs/analytics.py", line 652, in on_member_update
    before_timeout = before.timed_out_until
                     ^^^^^^^^^^^^^^^^^^^^^^
AttributeError: 'Member' object has no attribute 'timed_out_until'
Ignoring exception in on_member_update
Traceback (most recent call last):
  File "/usr/local/lib/python3.12/site-packages/discord/client.py", line 465, in _run_event
    await coro(*args, **kwargs)
  File "/app/asu_discord/cogs/analytics.py", line 652, in on_member_update
    before_timeout = before.timed_out_until
                     ^^^^^^^^^^^^^^^^^^^^^^
AttributeError: 'Member' object has no attribute 'timed_out_until'
Ignoring exception in on_member_update
Traceback (most recent call last):
  File "/usr/local/lib/python3.12/site-packages/discord/client.py", line 465, in _run_event
    await coro(*args, **kwargs)
  File "/app/asu_discord/cogs/analytics.py", line 652, in on_member_update
    before_timeout = before.timed_out_until
                     ^^^^^^^^^^^^^^^^^^^^^^
AttributeError: 'Member' object has no attribute 'timed_out_until'
Ignoring exception in on_member_update
Traceback (most recent call last):
  File "/usr/local/lib/python3.12/site-packages/discord/client.py", line 465, in _run_event
    await coro(*args, **kwargs)
  File "/app/asu_discord/cogs/analytics.py", line 652, in on_member_update
    before_timeout = before.timed_out_until
                     ^^^^^^^^^^^^^^^^^^^^^^
AttributeError: 'Member' object has no attribute 'timed_out_until'
Ignoring exception in on_member_update
Traceback (most recent call last):
  File "/usr/local/lib/python3.12/site-packages/discord/client.py", line 465, in _run_event
    await coro(*args, **kwargs)
  File "/app/asu_discord/cogs/analytics.py", line 652, in on_member_update
    before_timeout = before.timed_out_until
                     ^^^^^^^^^^^^^^^^^^^^^^
AttributeError: 'Member' object has no attribute 'timed_out_until'
Ignoring exception in on_member_update
Traceback (most recent call last):
  File "/usr/local/lib/python3.12/site-packages/discord/client.py", line 465, in _run_event
    await coro(*args, **kwargs)
  File "/app/asu_discord/cogs/analytics.py", line 652, in on_member_update
    before_timeout = before.timed_out_until
                     ^^^^^^^^^^^^^^^^^^^^^^
AttributeError: 'Member' object has no attribute 'timed_out_until'
Ignoring exception in on_member_update
Traceback (most recent call last):
  File "/usr/local/lib/python3.12/site-packages/discord/client.py", line 465, in _run_event
    await coro(*args, **kwargs)
  File "/app/asu_discord/cogs/analytics.py", line 652, in on_member_update
    before_timeout = before.timed_out_until
                     ^^^^^^^^^^^^^^^^^^^^^^
AttributeError: 'Member' object has no attribute 'timed_out_until'
Ignoring exception in on_member_update
Traceback (most recent call last):
  File "/usr/local/lib/python3.12/site-packages/discord/client.py", line 465, in _run_event
    await coro(*args, **kwargs)
  File "/app/asu_discord/cogs/analytics.py", line 652, in on_member_update
    before_timeout = before.timed_out_until
                     ^^^^^^^^^^^^^^^^^^^^^^
AttributeError: 'Member' object has no attribute 'timed_out_until'
Ignoring exception in on_member_update
Traceback (most recent call last):
  File "/usr/local/lib/python3.12/site-packages/discord/client.py", line 465, in _run_event
    await coro(*args, **kwargs)
  File "/app/asu_discord/cogs/analytics.py", line 652, in on_member_update
    before_timeout = before.timed_out_until
                     ^^^^^^^^^^^^^^^^^^^^^^
AttributeError: 'Member' object has no attribute 'timed_out_until'
Ignoring exception in on_member_update
Traceback (most recent call last):
  File "/usr/local/lib/python3.12/site-packages/discord/client.py", line 465, in _run_event
    await coro(*args, **kwargs)
  File "/app/asu_discord/cogs/analytics.py", line 652, in on_member_update
    before_timeout = before.timed_out_until
                     ^^^^^^^^^^^^^^^^^^^^^^
AttributeError: 'Member' object has no attribute 'timed_out_until'
Ignoring exception in on_member_update
Traceback (most recent call last):
  File "/usr/local/lib/python3.12/site-packages/discord/client.py", line 465, in _run_event
    await coro(*args, **kwargs)
  File "/app/asu_discord/cogs/analytics.py", line 652, in on_member_update
    before_timeout = before.timed_out_until
                     ^^^^^^^^^^^^^^^^^^^^^^
AttributeError: 'Member' object has no attribute 'timed_out_until'
INFO:asu_discord.cogs.verification:Saved 6 roles to database for user lrherre4 (Discord ID: 723586097132863528)
INFO:asu_discord.cogs.verification:Refreshed Salesforce roles for Discord user 723586097132863528: -6/+6 roles, assigned=[Arizona Resident, Commited, First Generation Student, First Year, Herberger Institute for Design and the Arts, Tempe]
Ignoring exception in on_member_update
Traceback (most recent call last):
  File "/usr/local/lib/python3.12/site-packages/discord/client.py", line 465, in _run_event
    await coro(*args, **kwargs)
  File "/app/asu_discord/cogs/analytics.py", line 652, in on_member_update
    before_timeout = before.timed_out_until
                     ^^^^^^^^^^^^^^^^^^^^^^
AttributeError: 'Member' object has no attribute 'timed_out_until'
Ignoring exception in on_member_update
Traceback (most recent call last):
  File "/usr/local/lib/python3.12/site-packages/discord/client.py", line 465, in _run_event
    await coro(*args, **kwargs)
  File "/app/asu_discord/cogs/analytics.py", line 652, in on_member_update
    before_timeout = before.timed_out_until
                     ^^^^^^^^^^^^^^^^^^^^^^
AttributeError: 'Member' object has no attribute 'timed_out_until'
Ignoring exception in on_member_update
Traceback (most recent call last):
  File "/usr/local/lib/python3.12/site-packages/discord/client.py", line 465, in _run_event
    await coro(*args, **kwargs)
  File "/app/asu_discord/cogs/analytics.py", line 652, in on_member_update
    before_timeout = before.timed_out_until
                     ^^^^^^^^^^^^^^^^^^^^^^
AttributeError: 'Member' object has no attribute 'timed_out_until'
Ignoring exception in on_member_update
Traceback (most recent call last):
  File "/usr/local/lib/python3.12/site-packages/discord/client.py", line 465, in _run_event
    await coro(*args, **kwargs)
  File "/app/asu_discord/cogs/analytics.py", line 652, in on_member_update
    before_timeout = before.timed_out_until
                     ^^^^^^^^^^^^^^^^^^^^^^
AttributeError: 'Member' object has no attribute 'timed_out_until'
Ignoring exception in on_member_update
Traceback (most recent call last):
  File "/usr/local/lib/python3.12/site-packages/discord/client.py", line 465, in _run_event
    await coro(*args, **kwargs)
  File "/app/asu_discord/cogs/analytics.py", line 652, in on_member_update
    before_timeout = before.timed_out_until
                     ^^^^^^^^^^^^^^^^^^^^^^
AttributeError: 'Member' object has no attribute 'timed_out_until'
Ignoring exception in on_member_update
Traceback (most recent call last):
  File "/usr/local/lib/python3.12/site-packages/discord/client.py", line 465, in _run_event
    await coro(*args, **kwargs)
  File "/app/asu_discord/cogs/analytics.py", line 652, in on_member_update
    before_timeout = before.timed_out_until
                     ^^^^^^^^^^^^^^^^^^^^^^
AttributeError: 'Member' object has no attribute 'timed_out_until'
Ignoring exception in on_member_update
Traceback (most recent call last):
  File "/usr/local/lib/python3.12/site-packages/discord/client.py", line 465, in _run_event
    await coro(*args, **kwargs)
  File "/app/asu_discord/cogs/analytics.py", line 652, in on_member_update
    before_timeout = before.timed_out_until
                     ^^^^^^^^^^^^^^^^^^^^^^
AttributeError: 'Member' object has no attribute 'timed_out_until'
Ignoring exception in on_member_update
Traceback (most recent call last):
  File "/usr/local/lib/python3.12/site-packages/discord/client.py", line 465, in _run_event
    await coro(*args, **kwargs)
  File "/app/asu_discord/cogs/analytics.py", line 652, in on_member_update
    before_timeout = before.timed_out_until
                     ^^^^^^^^^^^^^^^^^^^^^^
AttributeError: 'Member' object has no attribute 'timed_out_until'
Ignoring exception in on_member_update
Traceback (most recent call last):
  File "/usr/local/lib/python3.12/site-packages/discord/client.py", line 465, in _run_event
    await coro(*args, **kwargs)
  File "/app/asu_discord/cogs/analytics.py", line 652, in on_member_update
    before_timeout = before.timed_out_until
                     ^^^^^^^^^^^^^^^^^^^^^^
AttributeError: 'Member' object has no attribute 'timed_out_until'
Ignoring exception in on_member_update
Traceback (most recent call last):
  File "/usr/local/lib/python3.12/site-packages/discord/client.py", line 465, in _run_event
    await coro(*args, **kwargs)
  File "/app/asu_discord/cogs/analytics.py", line 652, in on_member_update
    before_timeout = before.timed_out_until
                     ^^^^^^^^^^^^^^^^^^^^^^
AttributeError: 'Member' object has no attribute 'timed_out_until'
INFO:asu_discord.cogs.verification:Saved 5 roles to database for user jtmonta1 (Discord ID: 549386290618040370)
INFO:asu_discord.cogs.verification:Refreshed Salesforce roles for Discord user 549386290618040370: -5/+5 roles, assigned=[Arizona Resident, Commited, Downtown Phoenix, First Year, Herberger Institute for Design and the Arts]
Ignoring exception in on_member_update
Traceback (most recent call last):
  File "/usr/local/lib/python3.12/site-packages/discord/client.py", line 465, in _run_event
    await coro(*args, **kwargs)
  File "/app/asu_discord/cogs/analytics.py", line 652, in on_member_update
    before_timeout = before.timed_out_until
                     ^^^^^^^^^^^^^^^^^^^^^^
AttributeError: 'Member' object has no attribute 'timed_out_until'
Ignoring exception in on_member_update
Traceback (most recent call last):
  File "/usr/local/lib/python3.12/site-packages/discord/client.py", line 465, in _run_event
    await coro(*args, **kwargs)
  File "/app/asu_discord/cogs/analytics.py", line 652, in on_member_update
    before_timeout = before.timed_out_until
                     ^^^^^^^^^^^^^^^^^^^^^^
AttributeError: 'Member' object has no attribute 'timed_out_until'
Ignoring exception in on_member_update
Traceback (most recent call last):
  File "/usr/local/lib/python3.12/site-packages/discord/client.py", line 465, in _run_event
    await coro(*args, **kwargs)
  File "/app/asu_discord/cogs/analytics.py", line 652, in on_member_update
    before_timeout = before.timed_out_until
                     ^^^^^^^^^^^^^^^^^^^^^^
AttributeError: 'Member' object has no attribute 'timed_out_until'
Ignoring exception in on_member_update
Traceback (most recent call last):
  File "/usr/local/lib/python3.12/site-packages/discord/client.py", line 465, in _run_event
    await coro(*args, **kwargs)
  File "/app/asu_discord/cogs/analytics.py", line 652, in on_member_update
    before_timeout = before.timed_out_until
                     ^^^^^^^^^^^^^^^^^^^^^^
AttributeError: 'Member' object has no attribute 'timed_out_until'
Ignoring exception in on_member_update
Traceback (most recent call last):
  File "/usr/local/lib/python3.12/site-packages/discord/client.py", line 465, in _run_event
    await coro(*args, **kwargs)
  File "/app/asu_discord/cogs/analytics.py", line 652, in on_member_update
    before_timeout = before.timed_out_until
                     ^^^^^^^^^^^^^^^^^^^^^^
AttributeError: 'Member' object has no attribute 'timed_out_until'
Ignoring exception in on_member_update
Traceback (most recent call last):
  File "/usr/local/lib/python3.12/site-packages/discord/client.py", line 465, in _run_event
    await coro(*args, **kwargs)
  File "/app/asu_discord/cogs/analytics.py", line 652, in on_member_update
    before_timeout = before.timed_out_until
                     ^^^^^^^^^^^^^^^^^^^^^^
AttributeError: 'Member' object has no attribute 'timed_out_until'
Ignoring exception in on_member_update
Traceback (most recent call last):
  File "/usr/local/lib/python3.12/site-packages/discord/client.py", line 465, in _run_event
    await coro(*args, **kwargs)
  File "/app/asu_discord/cogs/analytics.py", line 652, in on_member_update
    before_timeout = before.timed_out_until
                     ^^^^^^^^^^^^^^^^^^^^^^
AttributeError: 'Member' object has no attribute 'timed_out_until'
Ignoring exception in on_member_update
Traceback (most recent call last):
  File "/usr/local/lib/python3.12/site-packages/discord/client.py", line 465, in _run_event
    await coro(*args, **kwargs)
  File "/app/asu_discord/cogs/analytics.py", line 652, in on_member_update
    before_timeout = before.timed_out_until
                     ^^^^^^^^^^^^^^^^^^^^^^
AttributeError: 'Member' object has no attribute 'timed_out_until'
INFO:asu_discord.cogs.verification:Saved 4 roles to database for user nmunni (Discord ID: 1042672959598374922)
INFO:asu_discord.cogs.verification:Refreshed Salesforce roles for Discord user 1042672959598374922: -4/+4 roles, assigned=[Graduate Student, Herberger Institute for Design and the Arts, International Student, Tempe]
Ignoring exception in on_member_update
Traceback (most recent call last):
  File "/usr/local/lib/python3.12/site-packages/discord/client.py", line 465, in _run_event
    await coro(*args, **kwargs)
  File "/app/asu_discord/cogs/analytics.py", line 652, in on_member_update
    before_timeout = before.timed_out_until
                     ^^^^^^^^^^^^^^^^^^^^^^
AttributeError: 'Member' object has no attribute 'timed_out_until'
Ignoring exception in on_member_update
Traceback (most recent call last):
  File "/usr/local/lib/python3.12/site-packages/discord/client.py", line 465, in _run_event
    await coro(*args, **kwargs)
  File "/app/asu_discord/cogs/analytics.py", line 652, in on_member_update
    before_timeout = before.timed_out_until
                     ^^^^^^^^^^^^^^^^^^^^^^
AttributeError: 'Member' object has no attribute 'timed_out_until'
Ignoring exception in on_member_update
Traceback (most recent call last):
  File "/usr/local/lib/python3.12/site-packages/discord/client.py", line 465, in _run_event
    await coro(*args, **kwargs)
  File "/app/asu_discord/cogs/analytics.py", line 652, in on_member_update
    before_timeout = before.timed_out_until
                     ^^^^^^^^^^^^^^^^^^^^^^
AttributeError: 'Member' object has no attribute 'timed_out_until'
Ignoring exception in on_member_update
Traceback (most recent call last):
  File "/usr/local/lib/python3.12/site-packages/discord/client.py", line 465, in _run_event
    await coro(*args, **kwargs)
  File "/app/asu_discord/cogs/analytics.py", line 652, in on_member_update
    before_timeout = before.timed_out_until
                     ^^^^^^^^^^^^^^^^^^^^^^
AttributeError: 'Member' object has no attribute 'timed_out_until'
Ignoring exception in on_member_update
Traceback (most recent call last):
  File "/usr/local/lib/python3.12/site-packages/discord/client.py", line 465, in _run_event
    await coro(*args, **kwargs)
  File "/app/asu_discord/cogs/analytics.py", line 652, in on_member_update
    before_timeout = before.timed_out_until
                     ^^^^^^^^^^^^^^^^^^^^^^
AttributeError: 'Member' object has no attribute 'timed_out_until'
Ignoring exception in on_member_update
Traceback (most recent call last):
  File "/usr/local/lib/python3.12/site-packages/discord/client.py", line 465, in _run_event
    await coro(*args, **kwargs)
  File "/app/asu_discord/cogs/analytics.py", line 652, in on_member_update
    before_timeout = before.timed_out_until
                     ^^^^^^^^^^^^^^^^^^^^^^
AttributeError: 'Member' object has no attribute 'timed_out_until'
Ignoring exception in on_member_update
Traceback (most recent call last):
  File "/usr/local/lib/python3.12/site-packages/discord/client.py", line 465, in _run_event
    await coro(*args, **kwargs)
  File "/app/asu_discord/cogs/analytics.py", line 652, in on_member_update
    before_timeout = before.timed_out_until
                     ^^^^^^^^^^^^^^^^^^^^^^
AttributeError: 'Member' object has no attribute 'timed_out_until'
Ignoring exception in on_member_update
Traceback (most recent call last):
  File "/usr/local/lib/python3.12/site-packages/discord/client.py", line 465, in _run_event
    await coro(*args, **kwargs)
  File "/app/asu_discord/cogs/analytics.py", line 652, in on_member_update
    before_timeout = before.timed_out_until
                     ^^^^^^^^^^^^^^^^^^^^^^
AttributeError: 'Member' object has no attribute 'timed_out_until'
Ignoring exception in on_member_update
Traceback (most recent call last):
  File "/usr/local/lib/python3.12/site-packages/discord/client.py", line 465, in _run_event
    await coro(*args, **kwargs)
  File "/app/asu_discord/cogs/analytics.py", line 652, in on_member_update
    before_timeout = before.timed_out_until
                     ^^^^^^^^^^^^^^^^^^^^^^
AttributeError: 'Member' object has no attribute 'timed_out_until'
Ignoring exception in on_member_update
Traceback (most recent call last):
  File "/usr/local/lib/python3.12/site-packages/discord/client.py", line 465, in _run_event
    await coro(*args, **kwargs)
  File "/app/asu_discord/cogs/analytics.py", line 652, in on_member_update
    before_timeout = before.timed_out_until
                     ^^^^^^^^^^^^^^^^^^^^^^
AttributeError: 'Member' object has no attribute 'timed_out_until'
INFO:asu_discord.cogs.verification:Saved 5 roles to database for user sdehaven (Discord ID: 1388508108321591397)
INFO:asu_discord.cogs.verification:Refreshed Salesforce roles for Discord user 1388508108321591397: -5/+5 roles, assigned=[Arizona Resident, College of Liberal Arts and Sciences, First Generation Student, Graduate Student, Online]
Ignoring exception in on_member_update
Traceback (most recent call last):
  File "/usr/local/lib/python3.12/site-packages/discord/client.py", line 465, in _run_event
    await coro(*args, **kwargs)
  File "/app/asu_discord/cogs/analytics.py", line 652, in on_member_update
    before_timeout = before.timed_out_until
                     ^^^^^^^^^^^^^^^^^^^^^^
AttributeError: 'Member' object has no attribute 'timed_out_until'
Ignoring exception in on_member_update
Traceback (most recent call last):
  File "/usr/local/lib/python3.12/site-packages/discord/client.py", line 465, in _run_event
    await coro(*args, **kwargs)
  File "/app/asu_discord/cogs/analytics.py", line 652, in on_member_update
    before_timeout = before.timed_out_until
                     ^^^^^^^^^^^^^^^^^^^^^^
AttributeError: 'Member' object has no attribute 'timed_out_until'
Ignoring exception in on_member_update
Traceback (most recent call last):
  File "/usr/local/lib/python3.12/site-packages/discord/client.py", line 465, in _run_event
    await coro(*args, **kwargs)
  File "/app/asu_discord/cogs/analytics.py", line 652, in on_member_update
    before_timeout = before.timed_out_until
                     ^^^^^^^^^^^^^^^^^^^^^^
AttributeError: 'Member' object has no attribute 'timed_out_until'
Ignoring exception in on_member_update
Traceback (most recent call last):
  File "/usr/local/lib/python3.12/site-packages/discord/client.py", line 465, in _run_event
    await coro(*args, **kwargs)
  File "/app/asu_discord/cogs/analytics.py", line 652, in on_member_update
    before_timeout = before.timed_out_until
                     ^^^^^^^^^^^^^^^^^^^^^^
AttributeError: 'Member' object has no attribute 'timed_out_until'
Ignoring exception in on_member_update
Traceback (most recent call last):
  File "/usr/local/lib/python3.12/site-packages/discord/client.py", line 465, in _run_event
    await coro(*args, **kwargs)
  File "/app/asu_discord/cogs/analytics.py", line 652, in on_member_update
    before_timeout = before.timed_out_until
                     ^^^^^^^^^^^^^^^^^^^^^^
AttributeError: 'Member' object has no attribute 'timed_out_until'
Ignoring exception in on_member_update
Traceback (most recent call last):
  File "/usr/local/lib/python3.12/site-packages/discord/client.py", line 465, in _run_event
    await coro(*args, **kwargs)
  File "/app/asu_discord/cogs/analytics.py", line 652, in on_member_update
    before_timeout = before.timed_out_until
                     ^^^^^^^^^^^^^^^^^^^^^^
AttributeError: 'Member' object has no attribute 'timed_out_until'
Ignoring exception in on_member_update
Traceback (most recent call last):
  File "/usr/local/lib/python3.12/site-packages/discord/client.py", line 465, in _run_event
    await coro(*args, **kwargs)
  File "/app/asu_discord/cogs/analytics.py", line 652, in on_member_update
    before_timeout = before.timed_out_until
                     ^^^^^^^^^^^^^^^^^^^^^^
AttributeError: 'Member' object has no attribute 'timed_out_until'
Ignoring exception in on_member_update
Traceback (most recent call last):
  File "/usr/local/lib/python3.12/site-packages/discord/client.py", line 465, in _run_event
    await coro(*args, **kwargs)
  File "/app/asu_discord/cogs/analytics.py", line 652, in on_member_update
    before_timeout = before.timed_out_until
                     ^^^^^^^^^^^^^^^^^^^^^^
AttributeError: 'Member' object has no attribute 'timed_out_until'
Ignoring exception in on_member_update
Traceback (most recent call last):
  File "/usr/local/lib/python3.12/site-packages/discord/client.py", line 465, in _run_event
    await coro(*args, **kwargs)
  File "/app/asu_discord/cogs/analytics.py", line 652, in on_member_update
    before_timeout = before.timed_out_until
                     ^^^^^^^^^^^^^^^^^^^^^^
AttributeError: 'Member' object has no attribute 'timed_out_until'
Ignoring exception in on_member_update
Traceback (most recent call last):
  File "/usr/local/lib/python3.12/site-packages/discord/client.py", line 465, in _run_event
    await coro(*args, **kwargs)
  File "/app/asu_discord/cogs/analytics.py", line 652, in on_member_update
    before_timeout = before.timed_out_until
                     ^^^^^^^^^^^^^^^^^^^^^^
AttributeError: 'Member' object has no attribute 'timed_out_until'
INFO:asu_discord.cogs.verification:Saved 5 roles to database for user wkwebste (Discord ID: 775185453632454706)
INFO:asu_discord.cogs.verification:Refreshed Salesforce roles for Discord user 775185453632454706: -5/+5 roles, assigned=[Arizona Resident, College of Liberal Arts and Sciences, Commited, First Year, Tempe]
Ignoring exception in on_member_update
Traceback (most recent call last):
  File "/usr/local/lib/python3.12/site-packages/discord/client.py", line 465, in _run_event
    await coro(*args, **kwargs)
  File "/app/asu_discord/cogs/analytics.py", line 652, in on_member_update
    before_timeout = before.timed_out_until
                     ^^^^^^^^^^^^^^^^^^^^^^
AttributeError: 'Member' object has no attribute 'timed_out_until'
Ignoring exception in on_member_update
Traceback (most recent call last):
  File "/usr/local/lib/python3.12/site-packages/discord/client.py", line 465, in _run_event
    await coro(*args, **kwargs)
  File "/app/asu_discord/cogs/analytics.py", line 652, in on_member_update
    before_timeout = before.timed_out_until
                     ^^^^^^^^^^^^^^^^^^^^^^
AttributeError: 'Member' object has no attribute 'timed_out_until'
Ignoring exception in on_member_update
Traceback (most recent call last):
  File "/usr/local/lib/python3.12/site-packages/discord/client.py", line 465, in _run_event
    await coro(*args, **kwargs)
  File "/app/asu_discord/cogs/analytics.py", line 652, in on_member_update
    before_timeout = before.timed_out_until
                     ^^^^^^^^^^^^^^^^^^^^^^
AttributeError: 'Member' object has no attribute 'timed_out_until'
Ignoring exception in on_member_update
Traceback (most recent call last):
  File "/usr/local/lib/python3.12/site-packages/discord/client.py", line 465, in _run_event
    await coro(*args, **kwargs)
  File "/app/asu_discord/cogs/analytics.py", line 652, in on_member_update
    before_timeout = before.timed_out_until
                     ^^^^^^^^^^^^^^^^^^^^^^
AttributeError: 'Member' object has no attribute 'timed_out_until'
Ignoring exception in on_member_update
Traceback (most recent call last):
  File "/usr/local/lib/python3.12/site-packages/discord/client.py", line 465, in _run_event
    await coro(*args, **kwargs)
  File "/app/asu_discord/cogs/analytics.py", line 652, in on_member_update
    before_timeout = before.timed_out_until
                     ^^^^^^^^^^^^^^^^^^^^^^
AttributeError: 'Member' object has no attribute 'timed_out_until'
Ignoring exception in on_member_update
Traceback (most recent call last):
  File "/usr/local/lib/python3.12/site-packages/discord/client.py", line 465, in _run_event
    await coro(*args, **kwargs)
  File "/app/asu_discord/cogs/analytics.py", line 652, in on_member_update
    before_timeout = before.timed_out_until
                     ^^^^^^^^^^^^^^^^^^^^^^
AttributeError: 'Member' object has no attribute 'timed_out_until'
Ignoring exception in on_member_update
Traceback (most recent call last):
  File "/usr/local/lib/python3.12/site-packages/discord/client.py", line 465, in _run_event
    await coro(*args, **kwargs)
  File "/app/asu_discord/cogs/analytics.py", line 652, in on_member_update
    before_timeout = before.timed_out_until
                     ^^^^^^^^^^^^^^^^^^^^^^
AttributeError: 'Member' object has no attribute 'timed_out_until'
Ignoring exception in on_member_update
Traceback (most recent call last):
  File "/usr/local/lib/python3.12/site-packages/discord/client.py", line 465, in _run_event
    await coro(*args, **kwargs)
  File "/app/asu_discord/cogs/analytics.py", line 652, in on_member_update
    before_timeout = before.timed_out_until
                     ^^^^^^^^^^^^^^^^^^^^^^
AttributeError: 'Member' object has no attribute 'timed_out_until'
Ignoring exception in on_member_update
Traceback (most recent call last):
  File "/usr/local/lib/python3.12/site-packages/discord/client.py", line 465, in _run_event
    await coro(*args, **kwargs)
  File "/app/asu_discord/cogs/analytics.py", line 652, in on_member_update
    before_timeout = before.timed_out_until
                     ^^^^^^^^^^^^^^^^^^^^^^
AttributeError: 'Member' object has no attribute 'timed_out_until'
Ignoring exception in on_member_update
Traceback (most recent call last):
  File "/usr/local/lib/python3.12/site-packages/discord/client.py", line 465, in _run_event
    await coro(*args, **kwargs)
  File "/app/asu_discord/cogs/analytics.py", line 652, in on_member_update
    before_timeout = before.timed_out_until
                     ^^^^^^^^^^^^^^^^^^^^^^
AttributeError: 'Member' object has no attribute 'timed_out_until'
INFO:asu_discord.cogs.verification:Saved 5 roles to database for user cmcconag (Discord ID: 788905562313326638)
INFO:asu_discord.cogs.verification:Refreshed Salesforce roles for Discord user 788905562313326638: -5/+5 roles, assigned=[Arizona Resident, Commited, First Year, Ira A. Fulton Schools of Engineering, Tempe]
Ignoring exception in on_member_update
Traceback (most recent call last):
  File "/usr/local/lib/python3.12/site-packages/discord/client.py", line 465, in _run_event
    await coro(*args, **kwargs)
  File "/app/asu_discord/cogs/analytics.py", line 652, in on_member_update
    before_timeout = before.timed_out_until
                     ^^^^^^^^^^^^^^^^^^^^^^
AttributeError: 'Member' object has no attribute 'timed_out_until'
Ignoring exception in on_member_update
Traceback (most recent call last):
  File "/usr/local/lib/python3.12/site-packages/discord/client.py", line 465, in _run_event
    await coro(*args, **kwargs)
  File "/app/asu_discord/cogs/analytics.py", line 652, in on_member_update
    before_timeout = before.timed_out_until
                     ^^^^^^^^^^^^^^^^^^^^^^
AttributeError: 'Member' object has no attribute 'timed_out_until'
Ignoring exception in on_member_update
Traceback (most recent call last):
  File "/usr/local/lib/python3.12/site-packages/discord/client.py", line 465, in _run_event
    await coro(*args, **kwargs)
  File "/app/asu_discord/cogs/analytics.py", line 652, in on_member_update
    before_timeout = before.timed_out_until
                     ^^^^^^^^^^^^^^^^^^^^^^
AttributeError: 'Member' object has no attribute 'timed_out_until'
Ignoring exception in on_member_update
Traceback (most recent call last):
  File "/usr/local/lib/python3.12/site-packages/discord/client.py", line 465, in _run_event
    await coro(*args, **kwargs)
  File "/app/asu_discord/cogs/analytics.py", line 652, in on_member_update
    before_timeout = before.timed_out_until
                     ^^^^^^^^^^^^^^^^^^^^^^
AttributeError: 'Member' object has no attribute 'timed_out_until'
Ignoring exception in on_member_update
Traceback (most recent call last):
  File "/usr/local/lib/python3.12/site-packages/discord/client.py", line 465, in _run_event
    await coro(*args, **kwargs)
  File "/app/asu_discord/cogs/analytics.py", line 652, in on_member_update
    before_timeout = before.timed_out_until
                     ^^^^^^^^^^^^^^^^^^^^^^
AttributeError: 'Member' object has no attribute 'timed_out_until'
Ignoring exception in on_member_update
Traceback (most recent call last):
  File "/usr/local/lib/python3.12/site-packages/discord/client.py", line 465, in _run_event
    await coro(*args, **kwargs)
  File "/app/asu_discord/cogs/analytics.py", line 652, in on_member_update
    before_timeout = before.timed_out_until
                     ^^^^^^^^^^^^^^^^^^^^^^
AttributeError: 'Member' object has no attribute 'timed_out_until'
Ignoring exception in on_member_update
Traceback (most recent call last):
  File "/usr/local/lib/python3.12/site-packages/discord/client.py", line 465, in _run_event
    await coro(*args, **kwargs)
  File "/app/asu_discord/cogs/analytics.py", line 652, in on_member_update
    before_timeout = before.timed_out_until
                     ^^^^^^^^^^^^^^^^^^^^^^
AttributeError: 'Member' object has no attribute 'timed_out_until'
Ignoring exception in on_member_update
Traceback (most recent call last):
  File "/usr/local/lib/python3.12/site-packages/discord/client.py", line 465, in _run_event
    await coro(*args, **kwargs)
  File "/app/asu_discord/cogs/analytics.py", line 652, in on_member_update
    before_timeout = before.timed_out_until
                     ^^^^^^^^^^^^^^^^^^^^^^
AttributeError: 'Member' object has no attribute 'timed_out_until'
Ignoring exception in on_member_update
Traceback (most recent call last):
  File "/usr/local/lib/python3.12/site-packages/discord/client.py", line 465, in _run_event
    await coro(*args, **kwargs)
  File "/app/asu_discord/cogs/analytics.py", line 652, in on_member_update
    before_timeout = before.timed_out_until
                     ^^^^^^^^^^^^^^^^^^^^^^
AttributeError: 'Member' object has no attribute 'timed_out_until'
Ignoring exception in on_member_update
Traceback (most recent call last):
  File "/usr/local/lib/python3.12/site-packages/discord/client.py", line 465, in _run_event
    await coro(*args, **kwargs)
  File "/app/asu_discord/cogs/analytics.py", line 652, in on_member_update
    before_timeout = before.timed_out_until
                     ^^^^^^^^^^^^^^^^^^^^^^
AttributeError: 'Member' object has no attribute 'timed_out_until'
INFO:asu_discord.cogs.verification:Saved 5 roles to database for user tzma1 (Discord ID: 226780878758477826)
INFO:asu_discord.cogs.verification:Refreshed Salesforce roles for Discord user 226780878758477826: -5/+5 roles, assigned=[Arizona Resident, Commited, Graduate Student, Ira A. Fulton Schools of Engineering, Tempe]
Ignoring exception in on_member_update
Traceback (most recent call last):
  File "/usr/local/lib/python3.12/site-packages/discord/client.py", line 465, in _run_event
    await coro(*args, **kwargs)
  File "/app/asu_discord/cogs/analytics.py", line 652, in on_member_update
    before_timeout = before.timed_out_until
                     ^^^^^^^^^^^^^^^^^^^^^^
AttributeError: 'Member' object has no attribute 'timed_out_until'
Ignoring exception in on_member_update
Traceback (most recent call last):
  File "/usr/local/lib/python3.12/site-packages/discord/client.py", line 465, in _run_event
    await coro(*args, **kwargs)
  File "/app/asu_discord/cogs/analytics.py", line 652, in on_member_update
    before_timeout = before.timed_out_until
                     ^^^^^^^^^^^^^^^^^^^^^^
AttributeError: 'Member' object has no attribute 'timed_out_until'
Ignoring exception in on_member_update
Traceback (most recent call last):
  File "/usr/local/lib/python3.12/site-packages/discord/client.py", line 465, in _run_event
    await coro(*args, **kwargs)
  File "/app/asu_discord/cogs/analytics.py", line 652, in on_member_update
    before_timeout = before.timed_out_until
                     ^^^^^^^^^^^^^^^^^^^^^^
AttributeError: 'Member' object has no attribute 'timed_out_until'
Ignoring exception in on_member_update
Traceback (most recent call last):
  File "/usr/local/lib/python3.12/site-packages/discord/client.py", line 465, in _run_event
    await coro(*args, **kwargs)
  File "/app/asu_discord/cogs/analytics.py", line 652, in on_member_update
    before_timeout = before.timed_out_until
                     ^^^^^^^^^^^^^^^^^^^^^^
AttributeError: 'Member' object has no attribute 'timed_out_until'
Ignoring exception in on_member_update
Traceback (most recent call last):
  File "/usr/local/lib/python3.12/site-packages/discord/client.py", line 465, in _run_event
    await coro(*args, **kwargs)
  File "/app/asu_discord/cogs/analytics.py", line 652, in on_member_update
    before_timeout = before.timed_out_until
                     ^^^^^^^^^^^^^^^^^^^^^^
AttributeError: 'Member' object has no attribute 'timed_out_until'
Ignoring exception in on_member_update
Traceback (most recent call last):
  File "/usr/local/lib/python3.12/site-packages/discord/client.py", line 465, in _run_event
    await coro(*args, **kwargs)
  File "/app/asu_discord/cogs/analytics.py", line 652, in on_member_update
    before_timeout = before.timed_out_until
                     ^^^^^^^^^^^^^^^^^^^^^^
AttributeError: 'Member' object has no attribute 'timed_out_until'
Ignoring exception in on_member_update
Traceback (most recent call last):
  File "/usr/local/lib/python3.12/site-packages/discord/client.py", line 465, in _run_event
    await coro(*args, **kwargs)
  File "/app/asu_discord/cogs/analytics.py", line 652, in on_member_update
    before_timeout = before.timed_out_until
                     ^^^^^^^^^^^^^^^^^^^^^^
AttributeError: 'Member' object has no attribute 'timed_out_until'
Ignoring exception in on_member_update
Traceback (most recent call last):
  File "/usr/local/lib/python3.12/site-packages/discord/client.py", line 465, in _run_event
    await coro(*args, **kwargs)
  File "/app/asu_discord/cogs/analytics.py", line 652, in on_member_update
    before_timeout = before.timed_out_until
                     ^^^^^^^^^^^^^^^^^^^^^^
AttributeError: 'Member' object has no attribute 'timed_out_until'
Ignoring exception in on_member_update
Traceback (most recent call last):
  File "/usr/local/lib/python3.12/site-packages/discord/client.py", line 465, in _run_event
    await coro(*args, **kwargs)
  File "/app/asu_discord/cogs/analytics.py", line 652, in on_member_update
    before_timeout = before.timed_out_until
                     ^^^^^^^^^^^^^^^^^^^^^^
AttributeError: 'Member' object has no attribute 'timed_out_until'
Ignoring exception in on_member_update
Traceback (most recent call last):
  File "/usr/local/lib/python3.12/site-packages/discord/client.py", line 465, in _run_event
    await coro(*args, **kwargs)
  File "/app/asu_discord/cogs/analytics.py", line 652, in on_member_update
    before_timeout = before.timed_out_until
                     ^^^^^^^^^^^^^^^^^^^^^^
AttributeError: 'Member' object has no attribute 'timed_out_until'
INFO:asu_discord.cogs.verification:Saved 5 roles to database for user apaspuel (Discord ID: 1517636424344666136)
INFO:asu_discord.cogs.verification:Refreshed Salesforce roles for Discord user 1517636424344666136: -5/+5 roles, assigned=[Arizona Resident, Commited, First Year, Ira A. Fulton Schools of Engineering, Polytechnic]
Ignoring exception in on_member_update
Traceback (most recent call last):
  File "/usr/local/lib/python3.12/site-packages/discord/client.py", line 465, in _run_event
    await coro(*args, **kwargs)
  File "/app/asu_discord/cogs/analytics.py", line 652, in on_member_update
    before_timeout = before.timed_out_until
                     ^^^^^^^^^^^^^^^^^^^^^^
AttributeError: 'Member' object has no attribute 'timed_out_until'
Ignoring exception in on_member_update
Traceback (most recent call last):
  File "/usr/local/lib/python3.12/site-packages/discord/client.py", line 465, in _run_event
    await coro(*args, **kwargs)
  File "/app/asu_discord/cogs/analytics.py", line 652, in on_member_update
    before_timeout = before.timed_out_until
                     ^^^^^^^^^^^^^^^^^^^^^^
AttributeError: 'Member' object has no attribute 'timed_out_until'
Ignoring exception in on_member_update
Traceback (most recent call last):
  File "/usr/local/lib/python3.12/site-packages/discord/client.py", line 465, in _run_event
    await coro(*args, **kwargs)
  File "/app/asu_discord/cogs/analytics.py", line 652, in on_member_update
    before_timeout = before.timed_out_until
                     ^^^^^^^^^^^^^^^^^^^^^^
AttributeError: 'Member' object has no attribute 'timed_out_until'
Ignoring exception in on_member_update
Traceback (most recent call last):
  File "/usr/local/lib/python3.12/site-packages/discord/client.py", line 465, in _run_event
    await coro(*args, **kwargs)
  File "/app/asu_discord/cogs/analytics.py", line 652, in on_member_update
    before_timeout = before.timed_out_until
                     ^^^^^^^^^^^^^^^^^^^^^^
AttributeError: 'Member' object has no attribute 'timed_out_until'
Ignoring exception in on_member_update
Traceback (most recent call last):
  File "/usr/local/lib/python3.12/site-packages/discord/client.py", line 465, in _run_event
    await coro(*args, **kwargs)
  File "/app/asu_discord/cogs/analytics.py", line 652, in on_member_update
    before_timeout = before.timed_out_until
                     ^^^^^^^^^^^^^^^^^^^^^^
AttributeError: 'Member' object has no attribute 'timed_out_until'
Ignoring exception in on_member_update
Traceback (most recent call last):
  File "/usr/local/lib/python3.12/site-packages/discord/client.py", line 465, in _run_event
    await coro(*args, **kwargs)
  File "/app/asu_discord/cogs/analytics.py", line 652, in on_member_update
    before_timeout = before.timed_out_until
                     ^^^^^^^^^^^^^^^^^^^^^^
AttributeError: 'Member' object has no attribute 'timed_out_until'
Ignoring exception in on_member_update
Traceback (most recent call last):
  File "/usr/local/lib/python3.12/site-packages/discord/client.py", line 465, in _run_event
    await coro(*args, **kwargs)
  File "/app/asu_discord/cogs/analytics.py", line 652, in on_member_update
    before_timeout = before.timed_out_until
                     ^^^^^^^^^^^^^^^^^^^^^^
AttributeError: 'Member' object has no attribute 'timed_out_until'
Ignoring exception in on_member_update
Traceback (most recent call last):
  File "/usr/local/lib/python3.12/site-packages/discord/client.py", line 465, in _run_event
    await coro(*args, **kwargs)
  File "/app/asu_discord/cogs/analytics.py", line 652, in on_member_update
    before_timeout = before.timed_out_until
                     ^^^^^^^^^^^^^^^^^^^^^^
AttributeError: 'Member' object has no attribute 'timed_out_until'
Ignoring exception in on_member_update
Traceback (most recent call last):
  File "/usr/local/lib/python3.12/site-packages/discord/client.py", line 465, in _run_event
    await coro(*args, **kwargs)
  File "/app/asu_discord/cogs/analytics.py", line 652, in on_member_update
    before_timeout = before.timed_out_until
                     ^^^^^^^^^^^^^^^^^^^^^^
AttributeError: 'Member' object has no attribute 'timed_out_until'
Ignoring exception in on_member_update
Traceback (most recent call last):
  File "/usr/local/lib/python3.12/site-packages/discord/client.py", line 465, in _run_event
    await coro(*args, **kwargs)
  File "/app/asu_discord/cogs/analytics.py", line 652, in on_member_update
    before_timeout = before.timed_out_until
                     ^^^^^^^^^^^^^^^^^^^^^^
AttributeError: 'Member' object has no attribute 'timed_out_until'
INFO:asu_discord.cogs.verification:Saved 5 roles to database for user dallman1 (Discord ID: 634182801431724052)
INFO:asu_discord.cogs.verification:Refreshed Salesforce roles for Discord user 634182801431724052: -5/+5 roles, assigned=[Arizona Resident, Commited, First Year, Ira A. Fulton Schools of Engineering, Tempe]
Ignoring exception in on_member_update
Traceback (most recent call last):
  File "/usr/local/lib/python3.12/site-packages/discord/client.py", line 465, in _run_event
    await coro(*args, **kwargs)
  File "/app/asu_discord/cogs/analytics.py", line 652, in on_member_update
    before_timeout = before.timed_out_until
                     ^^^^^^^^^^^^^^^^^^^^^^
AttributeError: 'Member' object has no attribute 'timed_out_until'
Ignoring exception in on_member_update
Traceback (most recent call last):
  File "/usr/local/lib/python3.12/site-packages/discord/client.py", line 465, in _run_event
    await coro(*args, **kwargs)
  File "/app/asu_discord/cogs/analytics.py", line 652, in on_member_update
    before_timeout = before.timed_out_until
                     ^^^^^^^^^^^^^^^^^^^^^^
AttributeError: 'Member' object has no attribute 'timed_out_until'
Ignoring exception in on_member_update
Traceback (most recent call last):
  File "/usr/local/lib/python3.12/site-packages/discord/client.py", line 465, in _run_event
    await coro(*args, **kwargs)
  File "/app/asu_discord/cogs/analytics.py", line 652, in on_member_update
    before_timeout = before.timed_out_until
                     ^^^^^^^^^^^^^^^^^^^^^^
AttributeError: 'Member' object has no attribute 'timed_out_until'
Ignoring exception in on_member_update
Traceback (most recent call last):
  File "/usr/local/lib/python3.12/site-packages/discord/client.py", line 465, in _run_event
    await coro(*args, **kwargs)
  File "/app/asu_discord/cogs/analytics.py", line 652, in on_member_update
    before_timeout = before.timed_out_until
                     ^^^^^^^^^^^^^^^^^^^^^^
AttributeError: 'Member' object has no attribute 'timed_out_until'
Ignoring exception in on_member_update
Traceback (most recent call last):
  File "/usr/local/lib/python3.12/site-packages/discord/client.py", line 465, in _run_event
    await coro(*args, **kwargs)
  File "/app/asu_discord/cogs/analytics.py", line 652, in on_member_update
    before_timeout = before.timed_out_until
                     ^^^^^^^^^^^^^^^^^^^^^^
AttributeError: 'Member' object has no attribute 'timed_out_until'
Ignoring exception in on_member_update
Traceback (most recent call last):
  File "/usr/local/lib/python3.12/site-packages/discord/client.py", line 465, in _run_event
    await coro(*args, **kwargs)
  File "/app/asu_discord/cogs/analytics.py", line 652, in on_member_update
    before_timeout = before.timed_out_until
                     ^^^^^^^^^^^^^^^^^^^^^^
AttributeError: 'Member' object has no attribute 'timed_out_until'
Ignoring exception in on_member_update
Traceback (most recent call last):
  File "/usr/local/lib/python3.12/site-packages/discord/client.py", line 465, in _run_event
    await coro(*args, **kwargs)
  File "/app/asu_discord/cogs/analytics.py", line 652, in on_member_update
    before_timeout = before.timed_out_until
                     ^^^^^^^^^^^^^^^^^^^^^^
AttributeError: 'Member' object has no attribute 'timed_out_until'
Ignoring exception in on_member_update
Traceback (most recent call last):
  File "/usr/local/lib/python3.12/site-packages/discord/client.py", line 465, in _run_event
    await coro(*args, **kwargs)
  File "/app/asu_discord/cogs/analytics.py", line 652, in on_member_update
    before_timeout = before.timed_out_until
                     ^^^^^^^^^^^^^^^^^^^^^^
AttributeError: 'Member' object has no attribute 'timed_out_until'
Ignoring exception in on_member_update
Traceback (most recent call last):
  File "/usr/local/lib/python3.12/site-packages/discord/client.py", line 465, in _run_event
    await coro(*args, **kwargs)
  File "/app/asu_discord/cogs/analytics.py", line 652, in on_member_update
    before_timeout = before.timed_out_until
                     ^^^^^^^^^^^^^^^^^^^^^^
AttributeError: 'Member' object has no attribute 'timed_out_until'
Ignoring exception in on_member_update
Traceback (most recent call last):
  File "/usr/local/lib/python3.12/site-packages/discord/client.py", line 465, in _run_event
    await coro(*args, **kwargs)
  File "/app/asu_discord/cogs/analytics.py", line 652, in on_member_update
    before_timeout = before.timed_out_until
                     ^^^^^^^^^^^^^^^^^^^^^^
AttributeError: 'Member' object has no attribute 'timed_out_until'
Ignoring exception in on_member_update
Traceback (most recent call last):
  File "/usr/local/lib/python3.12/site-packages/discord/client.py", line 465, in _run_event
    await coro(*args, **kwargs)
  File "/app/asu_discord/cogs/analytics.py", line 652, in on_member_update
    before_timeout = before.timed_out_until
                     ^^^^^^^^^^^^^^^^^^^^^^
AttributeError: 'Member' object has no attribute 'timed_out_until'
Ignoring exception in on_member_update
Traceback (most recent call last):
  File "/usr/local/lib/python3.12/site-packages/discord/client.py", line 465, in _run_event
    await coro(*args, **kwargs)
  File "/app/asu_discord/cogs/analytics.py", line 652, in on_member_update
    before_timeout = before.timed_out_until
                     ^^^^^^^^^^^^^^^^^^^^^^
AttributeError: 'Member' object has no attribute 'timed_out_until'
INFO:asu_discord.cogs.verification:Saved 6 roles to database for user spojman (Discord ID: 655482663473250314)
INFO:asu_discord.cogs.verification:Refreshed Salesforce roles for Discord user 655482663473250314: -6/+6 roles, assigned=[Arizona Resident, Commited, First Generation Student, Graduate Student, Ira A. Fulton Schools of Engineering, Tempe]
Ignoring exception in on_member_update
Traceback (most recent call last):
  File "/usr/local/lib/python3.12/site-packages/discord/client.py", line 465, in _run_event
    await coro(*args, **kwargs)
  File "/app/asu_discord/cogs/analytics.py", line 652, in on_member_update
    before_timeout = before.timed_out_until
                     ^^^^^^^^^^^^^^^^^^^^^^
AttributeError: 'Member' object has no attribute 'timed_out_until'
Ignoring exception in on_member_update
Traceback (most recent call last):
  File "/usr/local/lib/python3.12/site-packages/discord/client.py", line 465, in _run_event
    await coro(*args, **kwargs)
  File "/app/asu_discord/cogs/analytics.py", line 652, in on_member_update
    before_timeout = before.timed_out_until
                     ^^^^^^^^^^^^^^^^^^^^^^
AttributeError: 'Member' object has no attribute 'timed_out_until'
Ignoring exception in on_member_update
Traceback (most recent call last):
  File "/usr/local/lib/python3.12/site-packages/discord/client.py", line 465, in _run_event
    await coro(*args, **kwargs)
  File "/app/asu_discord/cogs/analytics.py", line 652, in on_member_update
    before_timeout = before.timed_out_until
                     ^^^^^^^^^^^^^^^^^^^^^^
AttributeError: 'Member' object has no attribute 'timed_out_until'
Ignoring exception in on_member_update
Traceback (most recent call last):
  File "/usr/local/lib/python3.12/site-packages/discord/client.py", line 465, in _run_event
    await coro(*args, **kwargs)
  File "/app/asu_discord/cogs/analytics.py", line 652, in on_member_update
    before_timeout = before.timed_out_until
                     ^^^^^^^^^^^^^^^^^^^^^^
AttributeError: 'Member' object has no attribute 'timed_out_until'
Ignoring exception in on_member_update
Traceback (most recent call last):
  File "/usr/local/lib/python3.12/site-packages/discord/client.py", line 465, in _run_event
    await coro(*args, **kwargs)
  File "/app/asu_discord/cogs/analytics.py", line 652, in on_member_update
    before_timeout = before.timed_out_until
                     ^^^^^^^^^^^^^^^^^^^^^^
AttributeError: 'Member' object has no attribute 'timed_out_until'
Ignoring exception in on_member_update
Traceback (most recent call last):
  File "/usr/local/lib/python3.12/site-packages/discord/client.py", line 465, in _run_event
    await coro(*args, **kwargs)
  File "/app/asu_discord/cogs/analytics.py", line 652, in on_member_update
    before_timeout = before.timed_out_until
                     ^^^^^^^^^^^^^^^^^^^^^^
AttributeError: 'Member' object has no attribute 'timed_out_until'
Ignoring exception in on_member_update
Traceback (most recent call last):
  File "/usr/local/lib/python3.12/site-packages/discord/client.py", line 465, in _run_event
    await coro(*args, **kwargs)
  File "/app/asu_discord/cogs/analytics.py", line 652, in on_member_update
    before_timeout = before.timed_out_until
                     ^^^^^^^^^^^^^^^^^^^^^^
AttributeError: 'Member' object has no attribute 'timed_out_until'
Ignoring exception in on_member_update
Traceback (most recent call last):
  File "/usr/local/lib/python3.12/site-packages/discord/client.py", line 465, in _run_event
    await coro(*args, **kwargs)
  File "/app/asu_discord/cogs/analytics.py", line 652, in on_member_update
    before_timeout = before.timed_out_until
                     ^^^^^^^^^^^^^^^^^^^^^^
AttributeError: 'Member' object has no attribute 'timed_out_until'
INFO:asu_discord.cogs.verification:Saved 4 roles to database for user ralolay3 (Discord ID: 773892780426657794)
INFO:asu_discord.cogs.verification:Refreshed Salesforce roles for Discord user 773892780426657794: -4/+4 roles, assigned=[Commited, First Year, Ira A. Fulton Schools of Engineering, Tempe]
Ignoring exception in on_member_update
Traceback (most recent call last):
  File "/usr/local/lib/python3.12/site-packages/discord/client.py", line 465, in _run_event
    await coro(*args, **kwargs)
  File "/app/asu_discord/cogs/analytics.py", line 652, in on_member_update
    before_timeout = before.timed_out_until
                     ^^^^^^^^^^^^^^^^^^^^^^
AttributeError: 'Member' object has no attribute 'timed_out_until'
Ignoring exception in on_member_update
Traceback (most recent call last):
  File "/usr/local/lib/python3.12/site-packages/discord/client.py", line 465, in _run_event
    await coro(*args, **kwargs)
  File "/app/asu_discord/cogs/analytics.py", line 652, in on_member_update
    before_timeout = before.timed_out_until
                     ^^^^^^^^^^^^^^^^^^^^^^
AttributeError: 'Member' object has no attribute 'timed_out_until'
Ignoring exception in on_member_update
Traceback (most recent call last):
  File "/usr/local/lib/python3.12/site-packages/discord/client.py", line 465, in _run_event
    await coro(*args, **kwargs)
  File "/app/asu_discord/cogs/analytics.py", line 652, in on_member_update
    before_timeout = before.timed_out_until
                     ^^^^^^^^^^^^^^^^^^^^^^
AttributeError: 'Member' object has no attribute 'timed_out_until'
Ignoring exception in on_member_update
Traceback (most recent call last):
  File "/usr/local/lib/python3.12/site-packages/discord/client.py", line 465, in _run_event
    await coro(*args, **kwargs)
  File "/app/asu_discord/cogs/analytics.py", line 652, in on_member_update
    before_timeout = before.timed_out_until
                     ^^^^^^^^^^^^^^^^^^^^^^
AttributeError: 'Member' object has no attribute 'timed_out_until'
Ignoring exception in on_member_update
Traceback (most recent call last):
  File "/usr/local/lib/python3.12/site-packages/discord/client.py", line 465, in _run_event
    await coro(*args, **kwargs)
  File "/app/asu_discord/cogs/analytics.py", line 652, in on_member_update
    before_timeout = before.timed_out_until
                     ^^^^^^^^^^^^^^^^^^^^^^
AttributeError: 'Member' object has no attribute 'timed_out_until'
Ignoring exception in on_member_update
Traceback (most recent call last):
  File "/usr/local/lib/python3.12/site-packages/discord/client.py", line 465, in _run_event
    await coro(*args, **kwargs)
  File "/app/asu_discord/cogs/analytics.py", line 652, in on_member_update
    before_timeout = before.timed_out_until
                     ^^^^^^^^^^^^^^^^^^^^^^
AttributeError: 'Member' object has no attribute 'timed_out_until'
Ignoring exception in on_member_update
Traceback (most recent call last):
  File "/usr/local/lib/python3.12/site-packages/discord/client.py", line 465, in _run_event
    await coro(*args, **kwargs)
  File "/app/asu_discord/cogs/analytics.py", line 652, in on_member_update
    before_timeout = before.timed_out_until
                     ^^^^^^^^^^^^^^^^^^^^^^
AttributeError: 'Member' object has no attribute 'timed_out_until'
Ignoring exception in on_member_update
Traceback (most recent call last):
  File "/usr/local/lib/python3.12/site-packages/discord/client.py", line 465, in _run_event
    await coro(*args, **kwargs)
  File "/app/asu_discord/cogs/analytics.py", line 652, in on_member_update
    before_timeout = before.timed_out_until
                     ^^^^^^^^^^^^^^^^^^^^^^
AttributeError: 'Member' object has no attribute 'timed_out_until'
Ignoring exception in on_member_update
Traceback (most recent call last):
  File "/usr/local/lib/python3.12/site-packages/discord/client.py", line 465, in _run_event
    await coro(*args, **kwargs)
  File "/app/asu_discord/cogs/analytics.py", line 652, in on_member_update
    before_timeout = before.timed_out_until
                     ^^^^^^^^^^^^^^^^^^^^^^
AttributeError: 'Member' object has no attribute 'timed_out_until'
Ignoring exception in on_member_update
Traceback (most recent call last):
  File "/usr/local/lib/python3.12/site-packages/discord/client.py", line 465, in _run_event
    await coro(*args, **kwargs)
  File "/app/asu_discord/cogs/analytics.py", line 652, in on_member_update
    before_timeout = before.timed_out_until
                     ^^^^^^^^^^^^^^^^^^^^^^
AttributeError: 'Member' object has no attribute 'timed_out_until'
INFO:asu_discord.cogs.verification:Saved 5 roles to database for user jeehanki (Discord ID: 1517449666306899978)
INFO:asu_discord.cogs.verification:Refreshed Salesforce roles for Discord user 1517449666306899978: -5/+5 roles, assigned=[Commited, First Year, International Student, Ira A. Fulton Schools of Engineering, Tempe]
Ignoring exception in on_member_update
Traceback (most recent call last):
  File "/usr/local/lib/python3.12/site-packages/discord/client.py", line 465, in _run_event
    await coro(*args, **kwargs)
  File "/app/asu_discord/cogs/analytics.py", line 652, in on_member_update
    before_timeout = before.timed_out_until
                     ^^^^^^^^^^^^^^^^^^^^^^
AttributeError: 'Member' object has no attribute 'timed_out_until'
Ignoring exception in on_member_update
Traceback (most recent call last):
  File "/usr/local/lib/python3.12/site-packages/discord/client.py", line 465, in _run_event
    await coro(*args, **kwargs)
  File "/app/asu_discord/cogs/analytics.py", line 652, in on_member_update
    before_timeout = before.timed_out_until
                     ^^^^^^^^^^^^^^^^^^^^^^
AttributeError: 'Member' object has no attribute 'timed_out_until'
Ignoring exception in on_member_update
Traceback (most recent call last):
  File "/usr/local/lib/python3.12/site-packages/discord/client.py", line 465, in _run_event
    await coro(*args, **kwargs)
  File "/app/asu_discord/cogs/analytics.py", line 652, in on_member_update
    before_timeout = before.timed_out_until
                     ^^^^^^^^^^^^^^^^^^^^^^
AttributeError: 'Member' object has no attribute 'timed_out_until'
Ignoring exception in on_member_update
Traceback (most recent call last):
  File "/usr/local/lib/python3.12/site-packages/discord/client.py", line 465, in _run_event
    await coro(*args, **kwargs)
  File "/app/asu_discord/cogs/analytics.py", line 652, in on_member_update
    before_timeout = before.timed_out_until
                     ^^^^^^^^^^^^^^^^^^^^^^
AttributeError: 'Member' object has no attribute 'timed_out_until'
Ignoring exception in on_member_update
Traceback (most recent call last):
  File "/usr/local/lib/python3.12/site-packages/discord/client.py", line 465, in _run_event
    await coro(*args, **kwargs)
  File "/app/asu_discord/cogs/analytics.py", line 652, in on_member_update
    before_timeout = before.timed_out_until
                     ^^^^^^^^^^^^^^^^^^^^^^
AttributeError: 'Member' object has no attribute 'timed_out_until'
Ignoring exception in on_member_update
Traceback (most recent call last):
  File "/usr/local/lib/python3.12/site-packages/discord/client.py", line 465, in _run_event
    await coro(*args, **kwargs)
  File "/app/asu_discord/cogs/analytics.py", line 652, in on_member_update
    before_timeout = before.timed_out_until
                     ^^^^^^^^^^^^^^^^^^^^^^
AttributeError: 'Member' object has no attribute 'timed_out_until'
Ignoring exception in on_member_update
Traceback (most recent call last):
  File "/usr/local/lib/python3.12/site-packages/discord/client.py", line 465, in _run_event
    await coro(*args, **kwargs)
  File "/app/asu_discord/cogs/analytics.py", line 652, in on_member_update
    before_timeout = before.timed_out_until
                     ^^^^^^^^^^^^^^^^^^^^^^
AttributeError: 'Member' object has no attribute 'timed_out_until'
Ignoring exception in on_member_update
Traceback (most recent call last):
  File "/usr/local/lib/python3.12/site-packages/discord/client.py", line 465, in _run_event
    await coro(*args, **kwargs)
  File "/app/asu_discord/cogs/analytics.py", line 652, in on_member_update
    before_timeout = before.timed_out_until
                     ^^^^^^^^^^^^^^^^^^^^^^
AttributeError: 'Member' object has no attribute 'timed_out_until'
Ignoring exception in on_member_update
Traceback (most recent call last):
  File "/usr/local/lib/python3.12/site-packages/discord/client.py", line 465, in _run_event
    await coro(*args, **kwargs)
  File "/app/asu_discord/cogs/analytics.py", line 652, in on_member_update
    before_timeout = before.timed_out_until
                     ^^^^^^^^^^^^^^^^^^^^^^
AttributeError: 'Member' object has no attribute 'timed_out_until'
Ignoring exception in on_member_update
Traceback (most recent call last):
  File "/usr/local/lib/python3.12/site-packages/discord/client.py", line 465, in _run_event
    await coro(*args, **kwargs)
  File "/app/asu_discord/cogs/analytics.py", line 652, in on_member_update
    before_timeout = before.timed_out_until
                     ^^^^^^^^^^^^^^^^^^^^^^
AttributeError: 'Member' object has no attribute 'timed_out_until'
Ignoring exception in on_member_update
Traceback (most recent call last):
  File "/usr/local/lib/python3.12/site-packages/discord/client.py", line 465, in _run_event
    await coro(*args, **kwargs)
  File "/app/asu_discord/cogs/analytics.py", line 652, in on_member_update
    before_timeout = before.timed_out_until
                     ^^^^^^^^^^^^^^^^^^^^^^
AttributeError: 'Member' object has no attribute 'timed_out_until'
Ignoring exception in on_member_update
Traceback (most recent call last):
  File "/usr/local/lib/python3.12/site-packages/discord/client.py", line 465, in _run_event
    await coro(*args, **kwargs)
  File "/app/asu_discord/cogs/analytics.py", line 652, in on_member_update
    before_timeout = before.timed_out_until
                     ^^^^^^^^^^^^^^^^^^^^^^
AttributeError: 'Member' object has no attribute 'timed_out_until'
INFO:asu_discord.cogs.verification:Saved 6 roles to database for user kdjames6 (Discord ID: 786478698734813205)
INFO:asu_discord.cogs.verification:Refreshed Salesforce roles for Discord user 786478698734813205: -6/+6 roles, assigned=[College of Integrative Sciences and Arts, Commited, First Generation Student, First Year, Out of State, Polytechnic]
Ignoring exception in on_member_update
Traceback (most recent call last):
  File "/usr/local/lib/python3.12/site-packages/discord/client.py", line 465, in _run_event
    await coro(*args, **kwargs)
  File "/app/asu_discord/cogs/analytics.py", line 652, in on_member_update
    before_timeout = before.timed_out_until
                     ^^^^^^^^^^^^^^^^^^^^^^
AttributeError: 'Member' object has no attribute 'timed_out_until'
Ignoring exception in on_member_update
Traceback (most recent call last):
  File "/usr/local/lib/python3.12/site-packages/discord/client.py", line 465, in _run_event
    await coro(*args, **kwargs)
  File "/app/asu_discord/cogs/analytics.py", line 652, in on_member_update
    before_timeout = before.timed_out_until
                     ^^^^^^^^^^^^^^^^^^^^^^
AttributeError: 'Member' object has no attribute 'timed_out_until'
Ignoring exception in on_member_update
Traceback (most recent call last):
  File "/usr/local/lib/python3.12/site-packages/discord/client.py", line 465, in _run_event
    await coro(*args, **kwargs)
  File "/app/asu_discord/cogs/analytics.py", line 652, in on_member_update
    before_timeout = before.timed_out_until
                     ^^^^^^^^^^^^^^^^^^^^^^
AttributeError: 'Member' object has no attribute 'timed_out_until'
Ignoring exception in on_member_update
Traceback (most recent call last):
  File "/usr/local/lib/python3.12/site-packages/discord/client.py", line 465, in _run_event
    await coro(*args, **kwargs)
  File "/app/asu_discord/cogs/analytics.py", line 652, in on_member_update
    before_timeout = before.timed_out_until
                     ^^^^^^^^^^^^^^^^^^^^^^
AttributeError: 'Member' object has no attribute 'timed_out_until'
Ignoring exception in on_member_update
Traceback (most recent call last):
  File "/usr/local/lib/python3.12/site-packages/discord/client.py", line 465, in _run_event
    await coro(*args, **kwargs)
  File "/app/asu_discord/cogs/analytics.py", line 652, in on_member_update
    before_timeout = before.timed_out_until
                     ^^^^^^^^^^^^^^^^^^^^^^
AttributeError: 'Member' object has no attribute 'timed_out_until'
Ignoring exception in on_member_update
Traceback (most recent call last):
  File "/usr/local/lib/python3.12/site-packages/discord/client.py", line 465, in _run_event
    await coro(*args, **kwargs)
  File "/app/asu_discord/cogs/analytics.py", line 652, in on_member_update
    before_timeout = before.timed_out_until
                     ^^^^^^^^^^^^^^^^^^^^^^
AttributeError: 'Member' object has no attribute 'timed_out_until'
Ignoring exception in on_member_update
Traceback (most recent call last):
  File "/usr/local/lib/python3.12/site-packages/discord/client.py", line 465, in _run_event
    await coro(*args, **kwargs)
  File "/app/asu_discord/cogs/analytics.py", line 652, in on_member_update
    before_timeout = before.timed_out_until
                     ^^^^^^^^^^^^^^^^^^^^^^
AttributeError: 'Member' object has no attribute 'timed_out_until'
Ignoring exception in on_member_update
Traceback (most recent call last):
  File "/usr/local/lib/python3.12/site-packages/discord/client.py", line 465, in _run_event
    await coro(*args, **kwargs)
  File "/app/asu_discord/cogs/analytics.py", line 652, in on_member_update
    before_timeout = before.timed_out_until
                     ^^^^^^^^^^^^^^^^^^^^^^
AttributeError: 'Member' object has no attribute 'timed_out_until'
Ignoring exception in on_member_update
Traceback (most recent call last):
  File "/usr/local/lib/python3.12/site-packages/discord/client.py", line 465, in _run_event
    await coro(*args, **kwargs)
  File "/app/asu_discord/cogs/analytics.py", line 652, in on_member_update
    before_timeout = before.timed_out_until
                     ^^^^^^^^^^^^^^^^^^^^^^
AttributeError: 'Member' object has no attribute 'timed_out_until'
Ignoring exception in on_member_update
Traceback (most recent call last):
  File "/usr/local/lib/python3.12/site-packages/discord/client.py", line 465, in _run_event
    await coro(*args, **kwargs)
  File "/app/asu_discord/cogs/analytics.py", line 652, in on_member_update
    before_timeout = before.timed_out_until
                     ^^^^^^^^^^^^^^^^^^^^^^
AttributeError: 'Member' object has no attribute 'timed_out_until'
INFO:asu_discord.cogs.verification:Saved 5 roles to database for user akapoo63 (Discord ID: 975626136186929163)
INFO:asu_discord.cogs.verification:Refreshed Salesforce roles for Discord user 975626136186929163: -5/+5 roles, assigned=[Commited, Graduate Student, International Student, Ira A. Fulton Schools of Engineering, Polytechnic]
Ignoring exception in on_member_update
Traceback (most recent call last):
  File "/usr/local/lib/python3.12/site-packages/discord/client.py", line 465, in _run_event
    await coro(*args, **kwargs)
  File "/app/asu_discord/cogs/analytics.py", line 652, in on_member_update
    before_timeout = before.timed_out_until
                     ^^^^^^^^^^^^^^^^^^^^^^
AttributeError: 'Member' object has no attribute 'timed_out_until'
Ignoring exception in on_member_update
Traceback (most recent call last):
  File "/usr/local/lib/python3.12/site-packages/discord/client.py", line 465, in _run_event
    await coro(*args, **kwargs)
  File "/app/asu_discord/cogs/analytics.py", line 652, in on_member_update
    before_timeout = before.timed_out_until
                     ^^^^^^^^^^^^^^^^^^^^^^
AttributeError: 'Member' object has no attribute 'timed_out_until'
Ignoring exception in on_member_update
Traceback (most recent call last):
  File "/usr/local/lib/python3.12/site-packages/discord/client.py", line 465, in _run_event
    await coro(*args, **kwargs)
  File "/app/asu_discord/cogs/analytics.py", line 652, in on_member_update
    before_timeout = before.timed_out_until
                     ^^^^^^^^^^^^^^^^^^^^^^
AttributeError: 'Member' object has no attribute 'timed_out_until'
Ignoring exception in on_member_update
Traceback (most recent call last):
  File "/usr/local/lib/python3.12/site-packages/discord/client.py", line 465, in _run_event
    await coro(*args, **kwargs)
  File "/app/asu_discord/cogs/analytics.py", line 652, in on_member_update
    before_timeout = before.timed_out_until
                     ^^^^^^^^^^^^^^^^^^^^^^
AttributeError: 'Member' object has no attribute 'timed_out_until'
Ignoring exception in on_member_update
Traceback (most recent call last):
  File "/usr/local/lib/python3.12/site-packages/discord/client.py", line 465, in _run_event
    await coro(*args, **kwargs)
  File "/app/asu_discord/cogs/analytics.py", line 652, in on_member_update
    before_timeout = before.timed_out_until
                     ^^^^^^^^^^^^^^^^^^^^^^
AttributeError: 'Member' object has no attribute 'timed_out_until'
Ignoring exception in on_member_update
Traceback (most recent call last):
  File "/usr/local/lib/python3.12/site-packages/discord/client.py", line 465, in _run_event
    await coro(*args, **kwargs)
  File "/app/asu_discord/cogs/analytics.py", line 652, in on_member_update
    before_timeout = before.timed_out_until
                     ^^^^^^^^^^^^^^^^^^^^^^
AttributeError: 'Member' object has no attribute 'timed_out_until'
Ignoring exception in on_member_update
Traceback (most recent call last):
  File "/usr/local/lib/python3.12/site-packages/discord/client.py", line 465, in _run_event
    await coro(*args, **kwargs)
  File "/app/asu_discord/cogs/analytics.py", line 652, in on_member_update
    before_timeout = before.timed_out_until
                     ^^^^^^^^^^^^^^^^^^^^^^
AttributeError: 'Member' object has no attribute 'timed_out_until'
Ignoring exception in on_member_update
Traceback (most recent call last):
  File "/usr/local/lib/python3.12/site-packages/discord/client.py", line 465, in _run_event
    await coro(*args, **kwargs)
  File "/app/asu_discord/cogs/analytics.py", line 652, in on_member_update
    before_timeout = before.timed_out_until
                     ^^^^^^^^^^^^^^^^^^^^^^
AttributeError: 'Member' object has no attribute 'timed_out_until'
INFO:asu_discord.cogs.verification:Saved 4 roles to database for user sscarte8 (Discord ID: 518171907078619168)
INFO:asu_discord.cogs.verification:Refreshed Salesforce roles for Discord user 518171907078619168: -4/+4 roles, assigned=[Arizona Resident, Downtown Phoenix, First Year, Ira A. Fulton Schools of Engineering]
Ignoring exception in on_member_update
Traceback (most recent call last):
  File "/usr/local/lib/python3.12/site-packages/discord/client.py", line 465, in _run_event
    await coro(*args, **kwargs)
  File "/app/asu_discord/cogs/analytics.py", line 652, in on_member_update
    before_timeout = before.timed_out_until
                     ^^^^^^^^^^^^^^^^^^^^^^
AttributeError: 'Member' object has no attribute 'timed_out_until'
Ignoring exception in on_member_update
Traceback (most recent call last):
  File "/usr/local/lib/python3.12/site-packages/discord/client.py", line 465, in _run_event
    await coro(*args, **kwargs)
  File "/app/asu_discord/cogs/analytics.py", line 652, in on_member_update
    before_timeout = before.timed_out_until
                     ^^^^^^^^^^^^^^^^^^^^^^
AttributeError: 'Member' object has no attribute 'timed_out_until'
Ignoring exception in on_member_update
Traceback (most recent call last):
  File "/usr/local/lib/python3.12/site-packages/discord/client.py", line 465, in _run_event
    await coro(*args, **kwargs)
  File "/app/asu_discord/cogs/analytics.py", line 652, in on_member_update
    before_timeout = before.timed_out_until
                     ^^^^^^^^^^^^^^^^^^^^^^
AttributeError: 'Member' object has no attribute 'timed_out_until'
Ignoring exception in on_member_update
Traceback (most recent call last):
  File "/usr/local/lib/python3.12/site-packages/discord/client.py", line 465, in _run_event
    await coro(*args, **kwargs)
  File "/app/asu_discord/cogs/analytics.py", line 652, in on_member_update
    before_timeout = before.timed_out_until
                     ^^^^^^^^^^^^^^^^^^^^^^
AttributeError: 'Member' object has no attribute 'timed_out_until'
Ignoring exception in on_member_update
Traceback (most recent call last):
  File "/usr/local/lib/python3.12/site-packages/discord/client.py", line 465, in _run_event
    await coro(*args, **kwargs)
  File "/app/asu_discord/cogs/analytics.py", line 652, in on_member_update
    before_timeout = before.timed_out_until
                     ^^^^^^^^^^^^^^^^^^^^^^
AttributeError: 'Member' object has no attribute 'timed_out_until'
Ignoring exception in on_member_update
Traceback (most recent call last):
  File "/usr/local/lib/python3.12/site-packages/discord/client.py", line 465, in _run_event
    await coro(*args, **kwargs)
  File "/app/asu_discord/cogs/analytics.py", line 652, in on_member_update
    before_timeout = before.timed_out_until
                     ^^^^^^^^^^^^^^^^^^^^^^
AttributeError: 'Member' object has no attribute 'timed_out_until'
Ignoring exception in on_member_update
Traceback (most recent call last):
  File "/usr/local/lib/python3.12/site-packages/discord/client.py", line 465, in _run_event
    await coro(*args, **kwargs)
  File "/app/asu_discord/cogs/analytics.py", line 652, in on_member_update
    before_timeout = before.timed_out_until
                     ^^^^^^^^^^^^^^^^^^^^^^
AttributeError: 'Member' object has no attribute 'timed_out_until'
Ignoring exception in on_member_update
Traceback (most recent call last):
  File "/usr/local/lib/python3.12/site-packages/discord/client.py", line 465, in _run_event
    await coro(*args, **kwargs)
  File "/app/asu_discord/cogs/analytics.py", line 652, in on_member_update
    before_timeout = before.timed_out_until
                     ^^^^^^^^^^^^^^^^^^^^^^
AttributeError: 'Member' object has no attribute 'timed_out_until'
INFO:asu_discord.cogs.verification:Saved 4 roles to database for user kdama (Discord ID: 351840648917417987)
INFO:asu_discord.cogs.verification:Refreshed Salesforce roles for Discord user 351840648917417987: -4/+4 roles, assigned=[Arizona Resident, College of Liberal Arts and Sciences, Graduate Student, Tempe]
Ignoring exception in on_member_update
Traceback (most recent call last):
  File "/usr/local/lib/python3.12/site-packages/discord/client.py", line 465, in _run_event
    await coro(*args, **kwargs)
  File "/app/asu_discord/cogs/analytics.py", line 652, in on_member_update
    before_timeout = before.timed_out_until
                     ^^^^^^^^^^^^^^^^^^^^^^
AttributeError: 'Member' object has no attribute 'timed_out_until'
Ignoring exception in on_member_update
Traceback (most recent call last):
  File "/usr/local/lib/python3.12/site-packages/discord/client.py", line 465, in _run_event
    await coro(*args, **kwargs)
  File "/app/asu_discord/cogs/analytics.py", line 652, in on_member_update
    before_timeout = before.timed_out_until
                     ^^^^^^^^^^^^^^^^^^^^^^
AttributeError: 'Member' object has no attribute 'timed_out_until'
Ignoring exception in on_member_update
Traceback (most recent call last):
  File "/usr/local/lib/python3.12/site-packages/discord/client.py", line 465, in _run_event
    await coro(*args, **kwargs)
  File "/app/asu_discord/cogs/analytics.py", line 652, in on_member_update
    before_timeout = before.timed_out_until
                     ^^^^^^^^^^^^^^^^^^^^^^
AttributeError: 'Member' object has no attribute 'timed_out_until'
Ignoring exception in on_member_update
Traceback (most recent call last):
  File "/usr/local/lib/python3.12/site-packages/discord/client.py", line 465, in _run_event
    await coro(*args, **kwargs)
  File "/app/asu_discord/cogs/analytics.py", line 652, in on_member_update
    before_timeout = before.timed_out_until
                     ^^^^^^^^^^^^^^^^^^^^^^
AttributeError: 'Member' object has no attribute 'timed_out_until'
Ignoring exception in on_member_update
Traceback (most recent call last):
  File "/usr/local/lib/python3.12/site-packages/discord/client.py", line 465, in _run_event
    await coro(*args, **kwargs)
  File "/app/asu_discord/cogs/analytics.py", line 652, in on_member_update
    before_timeout = before.timed_out_until
                     ^^^^^^^^^^^^^^^^^^^^^^
AttributeError: 'Member' object has no attribute 'timed_out_until'
Ignoring exception in on_member_update
Traceback (most recent call last):
  File "/usr/local/lib/python3.12/site-packages/discord/client.py", line 465, in _run_event
    await coro(*args, **kwargs)
  File "/app/asu_discord/cogs/analytics.py", line 652, in on_member_update
    before_timeout = before.timed_out_until
                     ^^^^^^^^^^^^^^^^^^^^^^
AttributeError: 'Member' object has no attribute 'timed_out_until'
Ignoring exception in on_member_update
Traceback (most recent call last):
  File "/usr/local/lib/python3.12/site-packages/discord/client.py", line 465, in _run_event
    await coro(*args, **kwargs)
  File "/app/asu_discord/cogs/analytics.py", line 652, in on_member_update
    before_timeout = before.timed_out_until
                     ^^^^^^^^^^^^^^^^^^^^^^
AttributeError: 'Member' object has no attribute 'timed_out_until'
Ignoring exception in on_member_update
Traceback (most recent call last):
  File "/usr/local/lib/python3.12/site-packages/discord/client.py", line 465, in _run_event
    await coro(*args, **kwargs)
  File "/app/asu_discord/cogs/analytics.py", line 652, in on_member_update
    before_timeout = before.timed_out_until
                     ^^^^^^^^^^^^^^^^^^^^^^
AttributeError: 'Member' object has no attribute 'timed_out_until'
Ignoring exception in on_member_update
Traceback (most recent call last):
  File "/usr/local/lib/python3.12/site-packages/discord/client.py", line 465, in _run_event
    await coro(*args, **kwargs)
  File "/app/asu_discord/cogs/analytics.py", line 652, in on_member_update
    before_timeout = before.timed_out_until
                     ^^^^^^^^^^^^^^^^^^^^^^
AttributeError: 'Member' object has no attribute 'timed_out_until'
Ignoring exception in on_member_update
Traceback (most recent call last):
  File "/usr/local/lib/python3.12/site-packages/discord/client.py", line 465, in _run_event
    await coro(*args, **kwargs)
  File "/app/asu_discord/cogs/analytics.py", line 652, in on_member_update
    before_timeout = before.timed_out_until
                     ^^^^^^^^^^^^^^^^^^^^^^
AttributeError: 'Member' object has no attribute 'timed_out_until'
INFO:asu_discord.cogs.verification:Saved 5 roles to database for user jvasqu72 (Discord ID: 1257532307401609320)
INFO:asu_discord.cogs.verification:Refreshed Salesforce roles for Discord user 1257532307401609320: -5/+5 roles, assigned=[Arizona Resident, First Generation Student, First Year, Tempe, W.P. Carey School of Business]
Ignoring exception in on_member_update
Traceback (most recent call last):
  File "/usr/local/lib/python3.12/site-packages/discord/client.py", line 465, in _run_event
    await coro(*args, **kwargs)
  File "/app/asu_discord/cogs/analytics.py", line 652, in on_member_update
    before_timeout = before.timed_out_until
                     ^^^^^^^^^^^^^^^^^^^^^^
AttributeError: 'Member' object has no attribute 'timed_out_until'
Ignoring exception in on_member_update
Traceback (most recent call last):
  File "/usr/local/lib/python3.12/site-packages/discord/client.py", line 465, in _run_event
    await coro(*args, **kwargs)
  File "/app/asu_discord/cogs/analytics.py", line 652, in on_member_update
    before_timeout = before.timed_out_until
                     ^^^^^^^^^^^^^^^^^^^^^^
AttributeError: 'Member' object has no attribute 'timed_out_until'
Ignoring exception in on_member_update
Traceback (most recent call last):
  File "/usr/local/lib/python3.12/site-packages/discord/client.py", line 465, in _run_event
    await coro(*args, **kwargs)
  File "/app/asu_discord/cogs/analytics.py", line 652, in on_member_update
    before_timeout = before.timed_out_until
                     ^^^^^^^^^^^^^^^^^^^^^^
AttributeError: 'Member' object has no attribute 'timed_out_until'
Ignoring exception in on_member_update
Traceback (most recent call last):
  File "/usr/local/lib/python3.12/site-packages/discord/client.py", line 465, in _run_event
    await coro(*args, **kwargs)
  File "/app/asu_discord/cogs/analytics.py", line 652, in on_member_update
    before_timeout = before.timed_out_until
                     ^^^^^^^^^^^^^^^^^^^^^^
AttributeError: 'Member' object has no attribute 'timed_out_until'
Ignoring exception in on_member_update
Traceback (most recent call last):
  File "/usr/local/lib/python3.12/site-packages/discord/client.py", line 465, in _run_event
    await coro(*args, **kwargs)
  File "/app/asu_discord/cogs/analytics.py", line 652, in on_member_update
    before_timeout = before.timed_out_until
                     ^^^^^^^^^^^^^^^^^^^^^^
AttributeError: 'Member' object has no attribute 'timed_out_until'
Ignoring exception in on_member_update
Traceback (most recent call last):
  File "/usr/local/lib/python3.12/site-packages/discord/client.py", line 465, in _run_event
    await coro(*args, **kwargs)
  File "/app/asu_discord/cogs/analytics.py", line 652, in on_member_update
    before_timeout = before.timed_out_until
                     ^^^^^^^^^^^^^^^^^^^^^^
AttributeError: 'Member' object has no attribute 'timed_out_until'
Ignoring exception in on_member_update
Traceback (most recent call last):
  File "/usr/local/lib/python3.12/site-packages/discord/client.py", line 465, in _run_event
    await coro(*args, **kwargs)
  File "/app/asu_discord/cogs/analytics.py", line 652, in on_member_update
    before_timeout = before.timed_out_until
                     ^^^^^^^^^^^^^^^^^^^^^^
AttributeError: 'Member' object has no attribute 'timed_out_until'
Ignoring exception in on_member_update
Traceback (most recent call last):
  File "/usr/local/lib/python3.12/site-packages/discord/client.py", line 465, in _run_event
    await coro(*args, **kwargs)
  File "/app/asu_discord/cogs/analytics.py", line 652, in on_member_update
    before_timeout = before.timed_out_until
                     ^^^^^^^^^^^^^^^^^^^^^^
AttributeError: 'Member' object has no attribute 'timed_out_until'
Ignoring exception in on_member_update
Traceback (most recent call last):
  File "/usr/local/lib/python3.12/site-packages/discord/client.py", line 465, in _run_event
    await coro(*args, **kwargs)
  File "/app/asu_discord/cogs/analytics.py", line 652, in on_member_update
    before_timeout = before.timed_out_until
                     ^^^^^^^^^^^^^^^^^^^^^^
AttributeError: 'Member' object has no attribute 'timed_out_until'
Ignoring exception in on_member_update
Traceback (most recent call last):
  File "/usr/local/lib/python3.12/site-packages/discord/client.py", line 465, in _run_event
    await coro(*args, **kwargs)
  File "/app/asu_discord/cogs/analytics.py", line 652, in on_member_update
    before_timeout = before.timed_out_until
                     ^^^^^^^^^^^^^^^^^^^^^^
AttributeError: 'Member' object has no attribute 'timed_out_until'
INFO:asu_discord.cogs.verification:Saved 6 roles to database for user mchenna3 (Discord ID: 1518173556821983332)
INFO:asu_discord.cogs.verification:Refreshed Salesforce roles for Discord user 1518173556821983332: -4/+6 roles, assigned=[Commited, First Generation Student, First Year, International Student, Ira A. Fulton Schools of Engineering, West Valley]
Ignoring exception in on_member_update
Traceback (most recent call last):
  File "/usr/local/lib/python3.12/site-packages/discord/client.py", line 465, in _run_event
    await coro(*args, **kwargs)
  File "/app/asu_discord/cogs/analytics.py", line 652, in on_member_update
    before_timeout = before.timed_out_until
                     ^^^^^^^^^^^^^^^^^^^^^^
AttributeError: 'Member' object has no attribute 'timed_out_until'
Ignoring exception in on_member_update
Traceback (most recent call last):
  File "/usr/local/lib/python3.12/site-packages/discord/client.py", line 465, in _run_event
    await coro(*args, **kwargs)
  File "/app/asu_discord/cogs/analytics.py", line 652, in on_member_update
    before_timeout = before.timed_out_until
                     ^^^^^^^^^^^^^^^^^^^^^^
AttributeError: 'Member' object has no attribute 'timed_out_until'
Ignoring exception in on_member_update
Traceback (most recent call last):
  File "/usr/local/lib/python3.12/site-packages/discord/client.py", line 465, in _run_event
    await coro(*args, **kwargs)
  File "/app/asu_discord/cogs/analytics.py", line 652, in on_member_update
    before_timeout = before.timed_out_until
                     ^^^^^^^^^^^^^^^^^^^^^^
AttributeError: 'Member' object has no attribute 'timed_out_until'
Ignoring exception in on_member_update
Traceback (most recent call last):
  File "/usr/local/lib/python3.12/site-packages/discord/client.py", line 465, in _run_event
    await coro(*args, **kwargs)
  File "/app/asu_discord/cogs/analytics.py", line 652, in on_member_update
    before_timeout = before.timed_out_until
                     ^^^^^^^^^^^^^^^^^^^^^^
AttributeError: 'Member' object has no attribute 'timed_out_until'
Ignoring exception in on_member_update
Traceback (most recent call last):
  File "/usr/local/lib/python3.12/site-packages/discord/client.py", line 465, in _run_event
    await coro(*args, **kwargs)
  File "/app/asu_discord/cogs/analytics.py", line 652, in on_member_update
    before_timeout = before.timed_out_until
                     ^^^^^^^^^^^^^^^^^^^^^^
AttributeError: 'Member' object has no attribute 'timed_out_until'
Ignoring exception in on_member_update
Traceback (most recent call last):
  File "/usr/local/lib/python3.12/site-packages/discord/client.py", line 465, in _run_event
    await coro(*args, **kwargs)
  File "/app/asu_discord/cogs/analytics.py", line 652, in on_member_update
    before_timeout = before.timed_out_until
                     ^^^^^^^^^^^^^^^^^^^^^^
AttributeError: 'Member' object has no attribute 'timed_out_until'
Ignoring exception in on_member_update
Traceback (most recent call last):
  File "/usr/local/lib/python3.12/site-packages/discord/client.py", line 465, in _run_event
    await coro(*args, **kwargs)
  File "/app/asu_discord/cogs/analytics.py", line 652, in on_member_update
    before_timeout = before.timed_out_until
                     ^^^^^^^^^^^^^^^^^^^^^^
AttributeError: 'Member' object has no attribute 'timed_out_until'
INFO:asu_discord.cogs.verification:Saved 4 roles to database for user tmjack32 (Discord ID: 470051811177398292)
INFO:asu_discord.cogs.verification:Refreshed Salesforce roles for Discord user 470051811177398292: -3/+4 roles, assigned=[Arizona Resident, Ira A. Fulton Schools of Engineering, Tempe, Transfer Student]
Ignoring exception in on_member_update
Traceback (most recent call last):
  File "/usr/local/lib/python3.12/site-packages/discord/client.py", line 465, in _run_event
    await coro(*args, **kwargs)
  File "/app/asu_discord/cogs/analytics.py", line 652, in on_member_update
    before_timeout = before.timed_out_until
                     ^^^^^^^^^^^^^^^^^^^^^^
AttributeError: 'Member' object has no attribute 'timed_out_until'
Ignoring exception in on_member_update
Traceback (most recent call last):
  File "/usr/local/lib/python3.12/site-packages/discord/client.py", line 465, in _run_event
    await coro(*args, **kwargs)
  File "/app/asu_discord/cogs/analytics.py", line 652, in on_member_update
    before_timeout = before.timed_out_until
                     ^^^^^^^^^^^^^^^^^^^^^^
AttributeError: 'Member' object has no attribute 'timed_out_until'
Ignoring exception in on_member_update
Traceback (most recent call last):
  File "/usr/local/lib/python3.12/site-packages/discord/client.py", line 465, in _run_event
    await coro(*args, **kwargs)
  File "/app/asu_discord/cogs/analytics.py", line 652, in on_member_update
    before_timeout = before.timed_out_until
                     ^^^^^^^^^^^^^^^^^^^^^^
AttributeError: 'Member' object has no attribute 'timed_out_until'
Ignoring exception in on_member_update
Traceback (most recent call last):
  File "/usr/local/lib/python3.12/site-packages/discord/client.py", line 465, in _run_event
    await coro(*args, **kwargs)
  File "/app/asu_discord/cogs/analytics.py", line 652, in on_member_update
    before_timeout = before.timed_out_until
                     ^^^^^^^^^^^^^^^^^^^^^^
AttributeError: 'Member' object has no attribute 'timed_out_until'
Ignoring exception in on_member_update
Traceback (most recent call last):
  File "/usr/local/lib/python3.12/site-packages/discord/client.py", line 465, in _run_event
    await coro(*args, **kwargs)
  File "/app/asu_discord/cogs/analytics.py", line 652, in on_member_update
    before_timeout = before.timed_out_until
                     ^^^^^^^^^^^^^^^^^^^^^^
AttributeError: 'Member' object has no attribute 'timed_out_until'
Ignoring exception in on_member_update
Traceback (most recent call last):
  File "/usr/local/lib/python3.12/site-packages/discord/client.py", line 465, in _run_event
    await coro(*args, **kwargs)
  File "/app/asu_discord/cogs/analytics.py", line 652, in on_member_update
    before_timeout = before.timed_out_until
                     ^^^^^^^^^^^^^^^^^^^^^^
AttributeError: 'Member' object has no attribute 'timed_out_until'
Ignoring exception in on_member_update
Traceback (most recent call last):
  File "/usr/local/lib/python3.12/site-packages/discord/client.py", line 465, in _run_event
    await coro(*args, **kwargs)
  File "/app/asu_discord/cogs/analytics.py", line 652, in on_member_update
    before_timeout = before.timed_out_until
                     ^^^^^^^^^^^^^^^^^^^^^^
AttributeError: 'Member' object has no attribute 'timed_out_until'
Ignoring exception in on_member_update
Traceback (most recent call last):
  File "/usr/local/lib/python3.12/site-packages/discord/client.py", line 465, in _run_event
    await coro(*args, **kwargs)
  File "/app/asu_discord/cogs/analytics.py", line 652, in on_member_update
    before_timeout = before.timed_out_until
                     ^^^^^^^^^^^^^^^^^^^^^^
AttributeError: 'Member' object has no attribute 'timed_out_until'
Ignoring exception in on_member_update
Traceback (most recent call last):
  File "/usr/local/lib/python3.12/site-packages/discord/client.py", line 465, in _run_event
    await coro(*args, **kwargs)
  File "/app/asu_discord/cogs/analytics.py", line 652, in on_member_update
    before_timeout = before.timed_out_until
                     ^^^^^^^^^^^^^^^^^^^^^^
AttributeError: 'Member' object has no attribute 'timed_out_until'
Ignoring exception in on_member_update
Traceback (most recent call last):
  File "/usr/local/lib/python3.12/site-packages/discord/client.py", line 465, in _run_event
    await coro(*args, **kwargs)
  File "/app/asu_discord/cogs/analytics.py", line 652, in on_member_update
    before_timeout = before.timed_out_until
                     ^^^^^^^^^^^^^^^^^^^^^^
AttributeError: 'Member' object has no attribute 'timed_out_until'
Ignoring exception in on_member_update
Traceback (most recent call last):
  File "/usr/local/lib/python3.12/site-packages/discord/client.py", line 465, in _run_event
    await coro(*args, **kwargs)
  File "/app/asu_discord/cogs/analytics.py", line 652, in on_member_update
    before_timeout = before.timed_out_until
                     ^^^^^^^^^^^^^^^^^^^^^^
AttributeError: 'Member' object has no attribute 'timed_out_until'
Ignoring exception in on_member_update
Traceback (most recent call last):
  File "/usr/local/lib/python3.12/site-packages/discord/client.py", line 465, in _run_event
    await coro(*args, **kwargs)
  File "/app/asu_discord/cogs/analytics.py", line 652, in on_member_update
    before_timeout = before.timed_out_until
                     ^^^^^^^^^^^^^^^^^^^^^^
AttributeError: 'Member' object has no attribute 'timed_out_until'
INFO:asu_discord.cogs.verification:Saved 6 roles to database for user ndavis51 (Discord ID: 543933749474099200)
INFO:asu_discord.cogs.verification:Refreshed Salesforce roles for Discord user 543933749474099200: -6/+6 roles, assigned=[Arizona Resident, College of Liberal Arts and Sciences, Commited, First Year, Tempe, Upperclassmen]
Ignoring exception in on_member_update
Traceback (most recent call last):
  File "/usr/local/lib/python3.12/site-packages/discord/client.py", line 465, in _run_event
    await coro(*args, **kwargs)
  File "/app/asu_discord/cogs/analytics.py", line 652, in on_member_update
    before_timeout = before.timed_out_until
                     ^^^^^^^^^^^^^^^^^^^^^^
AttributeError: 'Member' object has no attribute 'timed_out_until'
Ignoring exception in on_member_update
Traceback (most recent call last):
  File "/usr/local/lib/python3.12/site-packages/discord/client.py", line 465, in _run_event
    await coro(*args, **kwargs)
  File "/app/asu_discord/cogs/analytics.py", line 652, in on_member_update
    before_timeout = before.timed_out_until
                     ^^^^^^^^^^^^^^^^^^^^^^
AttributeError: 'Member' object has no attribute 'timed_out_until'
Ignoring exception in on_member_update
Traceback (most recent call last):
  File "/usr/local/lib/python3.12/site-packages/discord/client.py", line 465, in _run_event
    await coro(*args, **kwargs)
  File "/app/asu_discord/cogs/analytics.py", line 652, in on_member_update
    before_timeout = before.timed_out_until
                     ^^^^^^^^^^^^^^^^^^^^^^
AttributeError: 'Member' object has no attribute 'timed_out_until'
Ignoring exception in on_member_update
Traceback (most recent call last):
  File "/usr/local/lib/python3.12/site-packages/discord/client.py", line 465, in _run_event
    await coro(*args, **kwargs)
  File "/app/asu_discord/cogs/analytics.py", line 652, in on_member_update
    before_timeout = before.timed_out_until
                     ^^^^^^^^^^^^^^^^^^^^^^
AttributeError: 'Member' object has no attribute 'timed_out_until'
Ignoring exception in on_member_update
Traceback (most recent call last):
  File "/usr/local/lib/python3.12/site-packages/discord/client.py", line 465, in _run_event
    await coro(*args, **kwargs)
  File "/app/asu_discord/cogs/analytics.py", line 652, in on_member_update
    before_timeout = before.timed_out_until
                     ^^^^^^^^^^^^^^^^^^^^^^
AttributeError: 'Member' object has no attribute 'timed_out_until'
Ignoring exception in on_member_update
Traceback (most recent call last):
  File "/usr/local/lib/python3.12/site-packages/discord/client.py", line 465, in _run_event
    await coro(*args, **kwargs)
  File "/app/asu_discord/cogs/analytics.py", line 652, in on_member_update
    before_timeout = before.timed_out_until
                     ^^^^^^^^^^^^^^^^^^^^^^
AttributeError: 'Member' object has no attribute 'timed_out_until'
Ignoring exception in on_member_update
Traceback (most recent call last):
  File "/usr/local/lib/python3.12/site-packages/discord/client.py", line 465, in _run_event
    await coro(*args, **kwargs)
  File "/app/asu_discord/cogs/analytics.py", line 652, in on_member_update
    before_timeout = before.timed_out_until
                     ^^^^^^^^^^^^^^^^^^^^^^
AttributeError: 'Member' object has no attribute 'timed_out_until'
Ignoring exception in on_member_update
Traceback (most recent call last):
  File "/usr/local/lib/python3.12/site-packages/discord/client.py", line 465, in _run_event
    await coro(*args, **kwargs)
  File "/app/asu_discord/cogs/analytics.py", line 652, in on_member_update
    before_timeout = before.timed_out_until
                     ^^^^^^^^^^^^^^^^^^^^^^
AttributeError: 'Member' object has no attribute 'timed_out_until'
Ignoring exception in on_member_update
Traceback (most recent call last):
  File "/usr/local/lib/python3.12/site-packages/discord/client.py", line 465, in _run_event
    await coro(*args, **kwargs)
  File "/app/asu_discord/cogs/analytics.py", line 652, in on_member_update
    before_timeout = before.timed_out_until
                     ^^^^^^^^^^^^^^^^^^^^^^
AttributeError: 'Member' object has no attribute 'timed_out_until'
Ignoring exception in on_member_update
Traceback (most recent call last):
  File "/usr/local/lib/python3.12/site-packages/discord/client.py", line 465, in _run_event
    await coro(*args, **kwargs)
  File "/app/asu_discord/cogs/analytics.py", line 652, in on_member_update
    before_timeout = before.timed_out_until
                     ^^^^^^^^^^^^^^^^^^^^^^
AttributeError: 'Member' object has no attribute 'timed_out_until'
ERROR:cron.jobs:refresh_salesforce_roles: failed for shberhan (Discord ID 453445145011027969): Timed out refresh Salesforce-based roles
Ignoring exception in on_member_update
Traceback (most recent call last):
  File "/usr/local/lib/python3.12/site-packages/discord/client.py", line 465, in _run_event
    await coro(*args, **kwargs)
  File "/app/asu_discord/cogs/analytics.py", line 652, in on_member_update
    before_timeout = before.timed_out_until
                     ^^^^^^^^^^^^^^^^^^^^^^
AttributeError: 'Member' object has no attribute 'timed_out_until'
Ignoring exception in on_member_update
Traceback (most recent call last):
  File "/usr/local/lib/python3.12/site-packages/discord/client.py", line 465, in _run_event
    await coro(*args, **kwargs)
  File "/app/asu_discord/cogs/analytics.py", line 652, in on_member_update
    before_timeout = before.timed_out_until
                     ^^^^^^^^^^^^^^^^^^^^^^
AttributeError: 'Member' object has no attribute 'timed_out_until'
Ignoring exception in on_member_update
Traceback (most recent call last):
  File "/usr/local/lib/python3.12/site-packages/discord/client.py", line 465, in _run_event
    await coro(*args, **kwargs)
  File "/app/asu_discord/cogs/analytics.py", line 652, in on_member_update
    before_timeout = before.timed_out_until
                     ^^^^^^^^^^^^^^^^^^^^^^
AttributeError: 'Member' object has no attribute 'timed_out_until'
Ignoring exception in on_member_update
Traceback (most recent call last):
  File "/usr/local/lib/python3.12/site-packages/discord/client.py", line 465, in _run_event
    await coro(*args, **kwargs)
  File "/app/asu_discord/cogs/analytics.py", line 652, in on_member_update
    before_timeout = before.timed_out_until
                     ^^^^^^^^^^^^^^^^^^^^^^
AttributeError: 'Member' object has no attribute 'timed_out_until'
Ignoring exception in on_member_update
Traceback (most recent call last):
  File "/usr/local/lib/python3.12/site-packages/discord/client.py", line 465, in _run_event
    await coro(*args, **kwargs)
  File "/app/asu_discord/cogs/analytics.py", line 652, in on_member_update
    before_timeout = before.timed_out_until
                     ^^^^^^^^^^^^^^^^^^^^^^
AttributeError: 'Member' object has no attribute 'timed_out_until'
Ignoring exception in on_member_update
Traceback (most recent call last):
  File "/usr/local/lib/python3.12/site-packages/discord/client.py", line 465, in _run_event
    await coro(*args, **kwargs)
  File "/app/asu_discord/cogs/analytics.py", line 652, in on_member_update
    before_timeout = before.timed_out_until
                     ^^^^^^^^^^^^^^^^^^^^^^
AttributeError: 'Member' object has no attribute 'timed_out_until'
Ignoring exception in on_member_update
Traceback (most recent call last):
  File "/usr/local/lib/python3.12/site-packages/discord/client.py", line 465, in _run_event
    await coro(*args, **kwargs)
  File "/app/asu_discord/cogs/analytics.py", line 652, in on_member_update
    before_timeout = before.timed_out_until
                     ^^^^^^^^^^^^^^^^^^^^^^
AttributeError: 'Member' object has no attribute 'timed_out_until'
Ignoring exception in on_member_update
Traceback (most recent call last):
  File "/usr/local/lib/python3.12/site-packages/discord/client.py", line 465, in _run_event
    await coro(*args, **kwargs)
  File "/app/asu_discord/cogs/analytics.py", line 652, in on_member_update
    before_timeout = before.timed_out_until
                     ^^^^^^^^^^^^^^^^^^^^^^
AttributeError: 'Member' object has no attribute 'timed_out_until'
Ignoring exception in on_member_update
Traceback (most recent call last):
  File "/usr/local/lib/python3.12/site-packages/discord/client.py", line 465, in _run_event
    await coro(*args, **kwargs)
  File "/app/asu_discord/cogs/analytics.py", line 652, in on_member_update
    before_timeout = before.timed_out_until
                     ^^^^^^^^^^^^^^^^^^^^^^
AttributeError: 'Member' object has no attribute 'timed_out_until'
Ignoring exception in on_member_update
Traceback (most recent call last):
  File "/usr/local/lib/python3.12/site-packages/discord/client.py", line 465, in _run_event
    await coro(*args, **kwargs)
  File "/app/asu_discord/cogs/analytics.py", line 652, in on_member_update
    before_timeout = before.timed_out_until
                     ^^^^^^^^^^^^^^^^^^^^^^
AttributeError: 'Member' object has no attribute 'timed_out_until'
INFO:asu_discord.cogs.verification:Saved 5 roles to database for user dchatt13 (Discord ID: 610818027885428736)
INFO:asu_discord.cogs.verification:Refreshed Salesforce roles for Discord user 610818027885428736: -4/+5 roles, assigned=[Commited, Graduate Student, International Student, Ira A. Fulton Schools of Engineering, Tempe]
Ignoring exception in on_member_update
Traceback (most recent call last):
  File "/usr/local/lib/python3.12/site-packages/discord/client.py", line 465, in _run_event
    await coro(*args, **kwargs)
  File "/app/asu_discord/cogs/analytics.py", line 652, in on_member_update
    before_timeout = before.timed_out_until
                     ^^^^^^^^^^^^^^^^^^^^^^
AttributeError: 'Member' object has no attribute 'timed_out_until'
Ignoring exception in on_member_update
Traceback (most recent call last):
  File "/usr/local/lib/python3.12/site-packages/discord/client.py", line 465, in _run_event
    await coro(*args, **kwargs)
  File "/app/asu_discord/cogs/analytics.py", line 652, in on_member_update
    before_timeout = before.timed_out_until
                     ^^^^^^^^^^^^^^^^^^^^^^
AttributeError: 'Member' object has no attribute 'timed_out_until'
Ignoring exception in on_member_update
Traceback (most recent call last):
  File "/usr/local/lib/python3.12/site-packages/discord/client.py", line 465, in _run_event
    await coro(*args, **kwargs)
  File "/app/asu_discord/cogs/analytics.py", line 652, in on_member_update
    before_timeout = before.timed_out_until
                     ^^^^^^^^^^^^^^^^^^^^^^
AttributeError: 'Member' object has no attribute 'timed_out_until'
Ignoring exception in on_member_update
Traceback (most recent call last):
  File "/usr/local/lib/python3.12/site-packages/discord/client.py", line 465, in _run_event
    await coro(*args, **kwargs)
  File "/app/asu_discord/cogs/analytics.py", line 652, in on_member_update
    before_timeout = before.timed_out_until
                     ^^^^^^^^^^^^^^^^^^^^^^
AttributeError: 'Member' object has no attribute 'timed_out_until'
Ignoring exception in on_member_update
Traceback (most recent call last):
  File "/usr/local/lib/python3.12/site-packages/discord/client.py", line 465, in _run_event
    await coro(*args, **kwargs)
  File "/app/asu_discord/cogs/analytics.py", line 652, in on_member_update
    before_timeout = before.timed_out_until
                     ^^^^^^^^^^^^^^^^^^^^^^
AttributeError: 'Member' object has no attribute 'timed_out_until'
Ignoring exception in on_member_update
Traceback (most recent call last):
  File "/usr/local/lib/python3.12/site-packages/discord/client.py", line 465, in _run_event
    await coro(*args, **kwargs)
  File "/app/asu_discord/cogs/analytics.py", line 652, in on_member_update
    before_timeout = before.timed_out_until
                     ^^^^^^^^^^^^^^^^^^^^^^
AttributeError: 'Member' object has no attribute 'timed_out_until'
Ignoring exception in on_member_update
Traceback (most recent call last):
  File "/usr/local/lib/python3.12/site-packages/discord/client.py", line 465, in _run_event
    await coro(*args, **kwargs)
  File "/app/asu_discord/cogs/analytics.py", line 652, in on_member_update
    before_timeout = before.timed_out_until
                     ^^^^^^^^^^^^^^^^^^^^^^
AttributeError: 'Member' object has no attribute 'timed_out_until'
Ignoring exception in on_member_update
Traceback (most recent call last):
  File "/usr/local/lib/python3.12/site-packages/discord/client.py", line 465, in _run_event
    await coro(*args, **kwargs)
  File "/app/asu_discord/cogs/analytics.py", line 652, in on_member_update
    before_timeout = before.timed_out_until
                     ^^^^^^^^^^^^^^^^^^^^^^
AttributeError: 'Member' object has no attribute 'timed_out_until'
Ignoring exception in on_member_update
Traceback (most recent call last):
  File "/usr/local/lib/python3.12/site-packages/discord/client.py", line 465, in _run_event
    await coro(*args, **kwargs)
  File "/app/asu_discord/cogs/analytics.py", line 652, in on_member_update
    before_timeout = before.timed_out_until
                     ^^^^^^^^^^^^^^^^^^^^^^
AttributeError: 'Member' object has no attribute 'timed_out_until'
Ignoring exception in on_member_update
Traceback (most recent call last):
  File "/usr/local/lib/python3.12/site-packages/discord/client.py", line 465, in _run_event
    await coro(*args, **kwargs)
  File "/app/asu_discord/cogs/analytics.py", line 652, in on_member_update
    before_timeout = before.timed_out_until
                     ^^^^^^^^^^^^^^^^^^^^^^
AttributeError: 'Member' object has no attribute 'timed_out_until'
Ignoring exception in on_member_update
Traceback (most recent call last):
  File "/usr/local/lib/python3.12/site-packages/discord/client.py", line 465, in _run_event
    await coro(*args, **kwargs)
  File "/app/asu_discord/cogs/analytics.py", line 652, in on_member_update
    before_timeout = before.timed_out_until
                     ^^^^^^^^^^^^^^^^^^^^^^
AttributeError: 'Member' object has no attribute 'timed_out_until'
INFO:asu_discord.cogs.verification:Saved 7 roles to database for user anpalme5 (Discord ID: 764683559604060251)
INFO:asu_discord.cogs.verification:Refreshed Salesforce roles for Discord user 764683559604060251: -4/+7 roles, assigned=[Arizona Resident, Commited, First Generation Student, First Year, Tempe, Upperclassmen, W.P. Carey School of Business]
INFO:asu_discord.cogs.verification:Refreshed Salesforce roles for Discord user 1090514107330998303: -0/+0 roles, assigned=[none]
Ignoring exception in on_member_update
Traceback (most recent call last):
  File "/usr/local/lib/python3.12/site-packages/discord/client.py", line 465, in _run_event
    await coro(*args, **kwargs)
  File "/app/asu_discord/cogs/analytics.py", line 652, in on_member_update
    before_timeout = before.timed_out_until
                     ^^^^^^^^^^^^^^^^^^^^^^
AttributeError: 'Member' object has no attribute 'timed_out_until'
Ignoring exception in on_member_update
Traceback (most recent call last):
  File "/usr/local/lib/python3.12/site-packages/discord/client.py", line 465, in _run_event
    await coro(*args, **kwargs)
  File "/app/asu_discord/cogs/analytics.py", line 652, in on_member_update
    before_timeout = before.timed_out_until
                     ^^^^^^^^^^^^^^^^^^^^^^
AttributeError: 'Member' object has no attribute 'timed_out_until'
Ignoring exception in on_member_update
Traceback (most recent call last):
  File "/usr/local/lib/python3.12/site-packages/discord/client.py", line 465, in _run_event
    await coro(*args, **kwargs)
  File "/app/asu_discord/cogs/analytics.py", line 652, in on_member_update
    before_timeout = before.timed_out_until
                     ^^^^^^^^^^^^^^^^^^^^^^
AttributeError: 'Member' object has no attribute 'timed_out_until'
Ignoring exception in on_member_update
Traceback (most recent call last):
  File "/usr/local/lib/python3.12/site-packages/discord/client.py", line 465, in _run_event
    await coro(*args, **kwargs)
  File "/app/asu_discord/cogs/analytics.py", line 652, in on_member_update
    before_timeout = before.timed_out_until
                     ^^^^^^^^^^^^^^^^^^^^^^
AttributeError: 'Member' object has no attribute 'timed_out_until'
Ignoring exception in on_member_update
Traceback (most recent call last):
  File "/usr/local/lib/python3.12/site-packages/discord/client.py", line 465, in _run_event
    await coro(*args, **kwargs)
  File "/app/asu_discord/cogs/analytics.py", line 652, in on_member_update
    before_timeout = before.timed_out_until
                     ^^^^^^^^^^^^^^^^^^^^^^
AttributeError: 'Member' object has no attribute 'timed_out_until'
Ignoring exception in on_member_update
Traceback (most recent call last):
  File "/usr/local/lib/python3.12/site-packages/discord/client.py", line 465, in _run_event
    await coro(*args, **kwargs)
  File "/app/asu_discord/cogs/analytics.py", line 652, in on_member_update
    before_timeout = before.timed_out_until
                     ^^^^^^^^^^^^^^^^^^^^^^
AttributeError: 'Member' object has no attribute 'timed_out_until'
Ignoring exception in on_member_update
Traceback (most recent call last):
  File "/usr/local/lib/python3.12/site-packages/discord/client.py", line 465, in _run_event
    await coro(*args, **kwargs)
  File "/app/asu_discord/cogs/analytics.py", line 652, in on_member_update
    before_timeout = before.timed_out_until
                     ^^^^^^^^^^^^^^^^^^^^^^
AttributeError: 'Member' object has no attribute 'timed_out_until'
Ignoring exception in on_member_update
Traceback (most recent call last):
  File "/usr/local/lib/python3.12/site-packages/discord/client.py", line 465, in _run_event
    await coro(*args, **kwargs)
  File "/app/asu_discord/cogs/analytics.py", line 652, in on_member_update
    before_timeout = before.timed_out_until
                     ^^^^^^^^^^^^^^^^^^^^^^
AttributeError: 'Member' object has no attribute 'timed_out_until'
INFO:asu_discord.cogs.verification:Saved 4 roles to database for user pranavsh (Discord ID: 1483842990798540870)
INFO:asu_discord.cogs.verification:Refreshed Salesforce roles for Discord user 1483842990798540870: -4/+4 roles, assigned=[First Year, International Student, Ira A. Fulton Schools of Engineering, Tempe]
Ignoring exception in on_member_update
Traceback (most recent call last):
  File "/usr/local/lib/python3.12/site-packages/discord/client.py", line 465, in _run_event
    await coro(*args, **kwargs)
  File "/app/asu_discord/cogs/analytics.py", line 652, in on_member_update
    before_timeout = before.timed_out_until
                     ^^^^^^^^^^^^^^^^^^^^^^
AttributeError: 'Member' object has no attribute 'timed_out_until'
Ignoring exception in on_member_update
Traceback (most recent call last):
  File "/usr/local/lib/python3.12/site-packages/discord/client.py", line 465, in _run_event
    await coro(*args, **kwargs)
  File "/app/asu_discord/cogs/analytics.py", line 652, in on_member_update
    before_timeout = before.timed_out_until
                     ^^^^^^^^^^^^^^^^^^^^^^
AttributeError: 'Member' object has no attribute 'timed_out_until'
Ignoring exception in on_member_update
Traceback (most recent call last):
  File "/usr/local/lib/python3.12/site-packages/discord/client.py", line 465, in _run_event
    await coro(*args, **kwargs)
  File "/app/asu_discord/cogs/analytics.py", line 652, in on_member_update
    before_timeout = before.timed_out_until
                     ^^^^^^^^^^^^^^^^^^^^^^
AttributeError: 'Member' object has no attribute 'timed_out_until'
Ignoring exception in on_member_update
Traceback (most recent call last):
  File "/usr/local/lib/python3.12/site-packages/discord/client.py", line 465, in _run_event
    await coro(*args, **kwargs)
  File "/app/asu_discord/cogs/analytics.py", line 652, in on_member_update
    before_timeout = before.timed_out_until
                     ^^^^^^^^^^^^^^^^^^^^^^
AttributeError: 'Member' object has no attribute 'timed_out_until'
Ignoring exception in on_member_update
Traceback (most recent call last):
  File "/usr/local/lib/python3.12/site-packages/discord/client.py", line 465, in _run_event
    await coro(*args, **kwargs)
  File "/app/asu_discord/cogs/analytics.py", line 652, in on_member_update
    before_timeout = before.timed_out_until
                     ^^^^^^^^^^^^^^^^^^^^^^
AttributeError: 'Member' object has no attribute 'timed_out_until'
Ignoring exception in on_member_update
Traceback (most recent call last):
  File "/usr/local/lib/python3.12/site-packages/discord/client.py", line 465, in _run_event
    await coro(*args, **kwargs)
  File "/app/asu_discord/cogs/analytics.py", line 652, in on_member_update
    before_timeout = before.timed_out_until
                     ^^^^^^^^^^^^^^^^^^^^^^
AttributeError: 'Member' object has no attribute 'timed_out_until'
Ignoring exception in on_member_update
Traceback (most recent call last):
  File "/usr/local/lib/python3.12/site-packages/discord/client.py", line 465, in _run_event
    await coro(*args, **kwargs)
  File "/app/asu_discord/cogs/analytics.py", line 652, in on_member_update
    before_timeout = before.timed_out_until
                     ^^^^^^^^^^^^^^^^^^^^^^
AttributeError: 'Member' object has no attribute 'timed_out_until'
Ignoring exception in on_member_update
Traceback (most recent call last):
  File "/usr/local/lib/python3.12/site-packages/discord/client.py", line 465, in _run_event
    await coro(*args, **kwargs)
  File "/app/asu_discord/cogs/analytics.py", line 652, in on_member_update
    before_timeout = before.timed_out_until
                     ^^^^^^^^^^^^^^^^^^^^^^
AttributeError: 'Member' object has no attribute 'timed_out_until'
Ignoring exception in on_member_update
Traceback (most recent call last):
  File "/usr/local/lib/python3.12/site-packages/discord/client.py", line 465, in _run_event
    await coro(*args, **kwargs)
  File "/app/asu_discord/cogs/analytics.py", line 652, in on_member_update
    before_timeout = before.timed_out_until
                     ^^^^^^^^^^^^^^^^^^^^^^
AttributeError: 'Member' object has no attribute 'timed_out_until'
Ignoring exception in on_member_update
Traceback (most recent call last):
  File "/usr/local/lib/python3.12/site-packages/discord/client.py", line 465, in _run_event
    await coro(*args, **kwargs)
  File "/app/asu_discord/cogs/analytics.py", line 652, in on_member_update
    before_timeout = before.timed_out_until
                     ^^^^^^^^^^^^^^^^^^^^^^
AttributeError: 'Member' object has no attribute 'timed_out_until'
Ignoring exception in on_member_update
Traceback (most recent call last):
  File "/usr/local/lib/python3.12/site-packages/discord/client.py", line 465, in _run_event
    await coro(*args, **kwargs)
  File "/app/asu_discord/cogs/analytics.py", line 652, in on_member_update
    before_timeout = before.timed_out_until
                     ^^^^^^^^^^^^^^^^^^^^^^
AttributeError: 'Member' object has no attribute 'timed_out_until'
INFO:asu_discord.cogs.verification:Saved 6 roles to database for user amedaale (Discord ID: 738975399572144128)
INFO:asu_discord.cogs.verification:Refreshed Salesforce roles for Discord user 738975399572144128: -5/+6 roles, assigned=[Arizona Resident, Commited, First Generation Student, Graduate Student, Herberger Institute for Design and the Arts, Tempe]
Ignoring exception in on_member_update
Traceback (most recent call last):
  File "/usr/local/lib/python3.12/site-packages/discord/client.py", line 465, in _run_event
    await coro(*args, **kwargs)
  File "/app/asu_discord/cogs/analytics.py", line 652, in on_member_update
    before_timeout = before.timed_out_until
                     ^^^^^^^^^^^^^^^^^^^^^^
AttributeError: 'Member' object has no attribute 'timed_out_until'
Ignoring exception in on_member_update
Traceback (most recent call last):
  File "/usr/local/lib/python3.12/site-packages/discord/client.py", line 465, in _run_event
    await coro(*args, **kwargs)
  File "/app/asu_discord/cogs/analytics.py", line 652, in on_member_update
    before_timeout = before.timed_out_until
                     ^^^^^^^^^^^^^^^^^^^^^^
AttributeError: 'Member' object has no attribute 'timed_out_until'
Ignoring exception in on_member_update
Traceback (most recent call last):
  File "/usr/local/lib/python3.12/site-packages/discord/client.py", line 465, in _run_event
    await coro(*args, **kwargs)
  File "/app/asu_discord/cogs/analytics.py", line 652, in on_member_update
    before_timeout = before.timed_out_until
                     ^^^^^^^^^^^^^^^^^^^^^^
AttributeError: 'Member' object has no attribute 'timed_out_until'
Ignoring exception in on_member_update
Traceback (most recent call last):
  File "/usr/local/lib/python3.12/site-packages/discord/client.py", line 465, in _run_event
    await coro(*args, **kwargs)
  File "/app/asu_discord/cogs/analytics.py", line 652, in on_member_update
    before_timeout = before.timed_out_until
                     ^^^^^^^^^^^^^^^^^^^^^^
AttributeError: 'Member' object has no attribute 'timed_out_until'
Ignoring exception in on_member_update
Traceback (most recent call last):
  File "/usr/local/lib/python3.12/site-packages/discord/client.py", line 465, in _run_event
    await coro(*args, **kwargs)
  File "/app/asu_discord/cogs/analytics.py", line 652, in on_member_update
    before_timeout = before.timed_out_until
                     ^^^^^^^^^^^^^^^^^^^^^^
AttributeError: 'Member' object has no attribute 'timed_out_until'
Ignoring exception in on_member_update
Traceback (most recent call last):
  File "/usr/local/lib/python3.12/site-packages/discord/client.py", line 465, in _run_event
    await coro(*args, **kwargs)
  File "/app/asu_discord/cogs/analytics.py", line 652, in on_member_update
    before_timeout = before.timed_out_until
                     ^^^^^^^^^^^^^^^^^^^^^^
AttributeError: 'Member' object has no attribute 'timed_out_until'
Ignoring exception in on_member_update
Traceback (most recent call last):
  File "/usr/local/lib/python3.12/site-packages/discord/client.py", line 465, in _run_event
    await coro(*args, **kwargs)
  File "/app/asu_discord/cogs/analytics.py", line 652, in on_member_update
    before_timeout = before.timed_out_until
                     ^^^^^^^^^^^^^^^^^^^^^^
AttributeError: 'Member' object has no attribute 'timed_out_until'
Ignoring exception in on_member_update
Traceback (most recent call last):
  File "/usr/local/lib/python3.12/site-packages/discord/client.py", line 465, in _run_event
    await coro(*args, **kwargs)
  File "/app/asu_discord/cogs/analytics.py", line 652, in on_member_update
    before_timeout = before.timed_out_until
                     ^^^^^^^^^^^^^^^^^^^^^^
AttributeError: 'Member' object has no attribute 'timed_out_until'
Ignoring exception in on_member_update
Traceback (most recent call last):
  File "/usr/local/lib/python3.12/site-packages/discord/client.py", line 465, in _run_event
    await coro(*args, **kwargs)
  File "/app/asu_discord/cogs/analytics.py", line 652, in on_member_update
    before_timeout = before.timed_out_until
                     ^^^^^^^^^^^^^^^^^^^^^^
AttributeError: 'Member' object has no attribute 'timed_out_until'
INFO:asu_discord.cogs.verification:Saved 5 roles to database for user vtadikon (Discord ID: 979082593230290944)
INFO:asu_discord.cogs.verification:Refreshed Salesforce roles for Discord user 979082593230290944: -4/+5 roles, assigned=[Arizona Resident, College of Liberal Arts and Sciences, Tempe, Transfer Student, Upperclassmen]
Ignoring exception in on_member_update
Traceback (most recent call last):
  File "/usr/local/lib/python3.12/site-packages/discord/client.py", line 465, in _run_event
    await coro(*args, **kwargs)
  File "/app/asu_discord/cogs/analytics.py", line 652, in on_member_update
    before_timeout = before.timed_out_until
                     ^^^^^^^^^^^^^^^^^^^^^^
AttributeError: 'Member' object has no attribute 'timed_out_until'
Ignoring exception in on_member_update
Traceback (most recent call last):
  File "/usr/local/lib/python3.12/site-packages/discord/client.py", line 465, in _run_event
    await coro(*args, **kwargs)
  File "/app/asu_discord/cogs/analytics.py", line 652, in on_member_update
    before_timeout = before.timed_out_until
                     ^^^^^^^^^^^^^^^^^^^^^^
AttributeError: 'Member' object has no attribute 'timed_out_until'
Ignoring exception in on_member_update
Traceback (most recent call last):
  File "/usr/local/lib/python3.12/site-packages/discord/client.py", line 465, in _run_event
    await coro(*args, **kwargs)
  File "/app/asu_discord/cogs/analytics.py", line 652, in on_member_update
    before_timeout = before.timed_out_until
                     ^^^^^^^^^^^^^^^^^^^^^^
AttributeError: 'Member' object has no attribute 'timed_out_until'
Ignoring exception in on_member_update
Traceback (most recent call last):
  File "/usr/local/lib/python3.12/site-packages/discord/client.py", line 465, in _run_event
    await coro(*args, **kwargs)
  File "/app/asu_discord/cogs/analytics.py", line 652, in on_member_update
    before_timeout = before.timed_out_until
                     ^^^^^^^^^^^^^^^^^^^^^^
AttributeError: 'Member' object has no attribute 'timed_out_until'
Ignoring exception in on_member_update
Traceback (most recent call last):
  File "/usr/local/lib/python3.12/site-packages/discord/client.py", line 465, in _run_event
    await coro(*args, **kwargs)
  File "/app/asu_discord/cogs/analytics.py", line 652, in on_member_update
    before_timeout = before.timed_out_until
                     ^^^^^^^^^^^^^^^^^^^^^^
AttributeError: 'Member' object has no attribute 'timed_out_until'
Ignoring exception in on_member_update
Traceback (most recent call last):
  File "/usr/local/lib/python3.12/site-packages/discord/client.py", line 465, in _run_event
    await coro(*args, **kwargs)
  File "/app/asu_discord/cogs/analytics.py", line 652, in on_member_update
    before_timeout = before.timed_out_until
                     ^^^^^^^^^^^^^^^^^^^^^^
AttributeError: 'Member' object has no attribute 'timed_out_until'
Ignoring exception in on_member_update
Traceback (most recent call last):
  File "/usr/local/lib/python3.12/site-packages/discord/client.py", line 465, in _run_event
    await coro(*args, **kwargs)
  File "/app/asu_discord/cogs/analytics.py", line 652, in on_member_update
    before_timeout = before.timed_out_until
                     ^^^^^^^^^^^^^^^^^^^^^^
AttributeError: 'Member' object has no attribute 'timed_out_until'
INFO:asu_discord.cogs.verification:Saved 4 roles to database for user armar125 (Discord ID: 974721923483312189)
INFO:asu_discord.cogs.verification:Refreshed Salesforce roles for Discord user 974721923483312189: -3/+4 roles, assigned=[Arizona Resident, College of Liberal Arts and Sciences, First Year, Tempe]
Ignoring exception in on_member_update
Traceback (most recent call last):
  File "/usr/local/lib/python3.12/site-packages/discord/client.py", line 465, in _run_event
    await coro(*args, **kwargs)
  File "/app/asu_discord/cogs/analytics.py", line 652, in on_member_update
    before_timeout = before.timed_out_until
                     ^^^^^^^^^^^^^^^^^^^^^^
AttributeError: 'Member' object has no attribute 'timed_out_until'
Ignoring exception in on_member_update
Traceback (most recent call last):
  File "/usr/local/lib/python3.12/site-packages/discord/client.py", line 465, in _run_event
    await coro(*args, **kwargs)
  File "/app/asu_discord/cogs/analytics.py", line 652, in on_member_update
    before_timeout = before.timed_out_until
                     ^^^^^^^^^^^^^^^^^^^^^^
AttributeError: 'Member' object has no attribute 'timed_out_until'
Ignoring exception in on_member_update
Traceback (most recent call last):
  File "/usr/local/lib/python3.12/site-packages/discord/client.py", line 465, in _run_event
    await coro(*args, **kwargs)
  File "/app/asu_discord/cogs/analytics.py", line 652, in on_member_update
    before_timeout = before.timed_out_until
                     ^^^^^^^^^^^^^^^^^^^^^^
AttributeError: 'Member' object has no attribute 'timed_out_until'
Ignoring exception in on_member_update
Traceback (most recent call last):
  File "/usr/local/lib/python3.12/site-packages/discord/client.py", line 465, in _run_event
    await coro(*args, **kwargs)
  File "/app/asu_discord/cogs/analytics.py", line 652, in on_member_update
    before_timeout = before.timed_out_until
                     ^^^^^^^^^^^^^^^^^^^^^^
AttributeError: 'Member' object has no attribute 'timed_out_until'
Ignoring exception in on_member_update
Traceback (most recent call last):
  File "/usr/local/lib/python3.12/site-packages/discord/client.py", line 465, in _run_event
    await coro(*args, **kwargs)
  File "/app/asu_discord/cogs/analytics.py", line 652, in on_member_update
    before_timeout = before.timed_out_until
                     ^^^^^^^^^^^^^^^^^^^^^^
AttributeError: 'Member' object has no attribute 'timed_out_until'
Ignoring exception in on_member_update
Traceback (most recent call last):
  File "/usr/local/lib/python3.12/site-packages/discord/client.py", line 465, in _run_event
    await coro(*args, **kwargs)
  File "/app/asu_discord/cogs/analytics.py", line 652, in on_member_update
    before_timeout = before.timed_out_until
                     ^^^^^^^^^^^^^^^^^^^^^^
AttributeError: 'Member' object has no attribute 'timed_out_until'
Ignoring exception in on_member_update
Traceback (most recent call last):
  File "/usr/local/lib/python3.12/site-packages/discord/client.py", line 465, in _run_event
    await coro(*args, **kwargs)
  File "/app/asu_discord/cogs/analytics.py", line 652, in on_member_update
    before_timeout = before.timed_out_until
                     ^^^^^^^^^^^^^^^^^^^^^^
AttributeError: 'Member' object has no attribute 'timed_out_until'
Ignoring exception in on_member_update
Traceback (most recent call last):
  File "/usr/local/lib/python3.12/site-packages/discord/client.py", line 465, in _run_event
    await coro(*args, **kwargs)
  File "/app/asu_discord/cogs/analytics.py", line 652, in on_member_update
    before_timeout = before.timed_out_until
                     ^^^^^^^^^^^^^^^^^^^^^^
AttributeError: 'Member' object has no attribute 'timed_out_until'
Ignoring exception in on_member_update
Traceback (most recent call last):
  File "/usr/local/lib/python3.12/site-packages/discord/client.py", line 465, in _run_event
    await coro(*args, **kwargs)
  File "/app/asu_discord/cogs/analytics.py", line 652, in on_member_update
    before_timeout = before.timed_out_until
                     ^^^^^^^^^^^^^^^^^^^^^^
AttributeError: 'Member' object has no attribute 'timed_out_until'
Ignoring exception in on_member_update
Traceback (most recent call last):
  File "/usr/local/lib/python3.12/site-packages/discord/client.py", line 465, in _run_event
    await coro(*args, **kwargs)
  File "/app/asu_discord/cogs/analytics.py", line 652, in on_member_update
    before_timeout = before.timed_out_until
                     ^^^^^^^^^^^^^^^^^^^^^^
AttributeError: 'Member' object has no attribute 'timed_out_until'
INFO:asu_discord.cogs.verification:Saved 5 roles to database for user bdwinte1 (Discord ID: 772215898987560971)
INFO:asu_discord.cogs.verification:Refreshed Salesforce roles for Discord user 772215898987560971: -5/+5 roles, assigned=[Arizona Resident, Commited, Graduate Student, New College of Interdisciplinary Arts and Sciences, West Valley]
Ignoring exception in on_member_update
Traceback (most recent call last):
  File "/usr/local/lib/python3.12/site-packages/discord/client.py", line 465, in _run_event
    await coro(*args, **kwargs)
  File "/app/asu_discord/cogs/analytics.py", line 652, in on_member_update
    before_timeout = before.timed_out_until
                     ^^^^^^^^^^^^^^^^^^^^^^
AttributeError: 'Member' object has no attribute 'timed_out_until'
Ignoring exception in on_member_update
Traceback (most recent call last):
  File "/usr/local/lib/python3.12/site-packages/discord/client.py", line 465, in _run_event
    await coro(*args, **kwargs)
  File "/app/asu_discord/cogs/analytics.py", line 652, in on_member_update
    before_timeout = before.timed_out_until
                     ^^^^^^^^^^^^^^^^^^^^^^
AttributeError: 'Member' object has no attribute 'timed_out_until'
Ignoring exception in on_member_update
Traceback (most recent call last):
  File "/usr/local/lib/python3.12/site-packages/discord/client.py", line 465, in _run_event
    await coro(*args, **kwargs)
  File "/app/asu_discord/cogs/analytics.py", line 652, in on_member_update
    before_timeout = before.timed_out_until
                     ^^^^^^^^^^^^^^^^^^^^^^
AttributeError: 'Member' object has no attribute 'timed_out_until'
Ignoring exception in on_member_update
Traceback (most recent call last):
  File "/usr/local/lib/python3.12/site-packages/discord/client.py", line 465, in _run_event
    await coro(*args, **kwargs)
  File "/app/asu_discord/cogs/analytics.py", line 652, in on_member_update
    before_timeout = before.timed_out_until
                     ^^^^^^^^^^^^^^^^^^^^^^
AttributeError: 'Member' object has no attribute 'timed_out_until'
Ignoring exception in on_member_update
Traceback (most recent call last):
  File "/usr/local/lib/python3.12/site-packages/discord/client.py", line 465, in _run_event
    await coro(*args, **kwargs)
  File "/app/asu_discord/cogs/analytics.py", line 652, in on_member_update
    before_timeout = before.timed_out_until
                     ^^^^^^^^^^^^^^^^^^^^^^
AttributeError: 'Member' object has no attribute 'timed_out_until'
Ignoring exception in on_member_update
Traceback (most recent call last):
  File "/usr/local/lib/python3.12/site-packages/discord/client.py", line 465, in _run_event
    await coro(*args, **kwargs)
  File "/app/asu_discord/cogs/analytics.py", line 652, in on_member_update
    before_timeout = before.timed_out_until
                     ^^^^^^^^^^^^^^^^^^^^^^
AttributeError: 'Member' object has no attribute 'timed_out_until'
Ignoring exception in on_member_update
Traceback (most recent call last):
  File "/usr/local/lib/python3.12/site-packages/discord/client.py", line 465, in _run_event
    await coro(*args, **kwargs)
  File "/app/asu_discord/cogs/analytics.py", line 652, in on_member_update
    before_timeout = before.timed_out_until
                     ^^^^^^^^^^^^^^^^^^^^^^
AttributeError: 'Member' object has no attribute 'timed_out_until'
Ignoring exception in on_member_update
Traceback (most recent call last):
  File "/usr/local/lib/python3.12/site-packages/discord/client.py", line 465, in _run_event
    await coro(*args, **kwargs)
  File "/app/asu_discord/cogs/analytics.py", line 652, in on_member_update
    before_timeout = before.timed_out_until
                     ^^^^^^^^^^^^^^^^^^^^^^
AttributeError: 'Member' object has no attribute 'timed_out_until'
INFO:asu_discord.cogs.verification:Saved 4 roles to database for user erradke (Discord ID: 942160830047326268)
INFO:asu_discord.cogs.verification:Refreshed Salesforce roles for Discord user 942160830047326268: -4/+4 roles, assigned=[Arizona Resident, First Year, Ira A. Fulton Schools of Engineering, Tempe]
Ignoring exception in on_member_update
Traceback (most recent call last):
  File "/usr/local/lib/python3.12/site-packages/discord/client.py", line 465, in _run_event
    await coro(*args, **kwargs)
  File "/app/asu_discord/cogs/analytics.py", line 652, in on_member_update
    before_timeout = before.timed_out_until
                     ^^^^^^^^^^^^^^^^^^^^^^
AttributeError: 'Member' object has no attribute 'timed_out_until'
Ignoring exception in on_member_update
Traceback (most recent call last):
  File "/usr/local/lib/python3.12/site-packages/discord/client.py", line 465, in _run_event
    await coro(*args, **kwargs)
  File "/app/asu_discord/cogs/analytics.py", line 652, in on_member_update
    before_timeout = before.timed_out_until
                     ^^^^^^^^^^^^^^^^^^^^^^
AttributeError: 'Member' object has no attribute 'timed_out_until'
Ignoring exception in on_member_update
Traceback (most recent call last):
  File "/usr/local/lib/python3.12/site-packages/discord/client.py", line 465, in _run_event
    await coro(*args, **kwargs)
  File "/app/asu_discord/cogs/analytics.py", line 652, in on_member_update
    before_timeout = before.timed_out_until
                     ^^^^^^^^^^^^^^^^^^^^^^
AttributeError: 'Member' object has no attribute 'timed_out_until'
Ignoring exception in on_member_update
Traceback (most recent call last):
  File "/usr/local/lib/python3.12/site-packages/discord/client.py", line 465, in _run_event
    await coro(*args, **kwargs)
  File "/app/asu_discord/cogs/analytics.py", line 652, in on_member_update
    before_timeout = before.timed_out_until
                     ^^^^^^^^^^^^^^^^^^^^^^
AttributeError: 'Member' object has no attribute 'timed_out_until'
Ignoring exception in on_member_update
Traceback (most recent call last):
  File "/usr/local/lib/python3.12/site-packages/discord/client.py", line 465, in _run_event
    await coro(*args, **kwargs)
  File "/app/asu_discord/cogs/analytics.py", line 652, in on_member_update
    before_timeout = before.timed_out_until
                     ^^^^^^^^^^^^^^^^^^^^^^
AttributeError: 'Member' object has no attribute 'timed_out_until'
Ignoring exception in on_member_update
Traceback (most recent call last):
  File "/usr/local/lib/python3.12/site-packages/discord/client.py", line 465, in _run_event
    await coro(*args, **kwargs)
  File "/app/asu_discord/cogs/analytics.py", line 652, in on_member_update
    before_timeout = before.timed_out_until
                     ^^^^^^^^^^^^^^^^^^^^^^
AttributeError: 'Member' object has no attribute 'timed_out_until'
Ignoring exception in on_member_update
Traceback (most recent call last):
  File "/usr/local/lib/python3.12/site-packages/discord/client.py", line 465, in _run_event
    await coro(*args, **kwargs)
  File "/app/asu_discord/cogs/analytics.py", line 652, in on_member_update
    before_timeout = before.timed_out_until
                     ^^^^^^^^^^^^^^^^^^^^^^
AttributeError: 'Member' object has no attribute 'timed_out_until'
Ignoring exception in on_member_update
Traceback (most recent call last):
  File "/usr/local/lib/python3.12/site-packages/discord/client.py", line 465, in _run_event
    await coro(*args, **kwargs)
  File "/app/asu_discord/cogs/analytics.py", line 652, in on_member_update
    before_timeout = before.timed_out_until
                     ^^^^^^^^^^^^^^^^^^^^^^
AttributeError: 'Member' object has no attribute 'timed_out_until'
Ignoring exception in on_member_update
Traceback (most recent call last):
  File "/usr/local/lib/python3.12/site-packages/discord/client.py", line 465, in _run_event
    await coro(*args, **kwargs)
  File "/app/asu_discord/cogs/analytics.py", line 652, in on_member_update
    before_timeout = before.timed_out_until
                     ^^^^^^^^^^^^^^^^^^^^^^
AttributeError: 'Member' object has no attribute 'timed_out_until'
Ignoring exception in on_member_update
Traceback (most recent call last):
  File "/usr/local/lib/python3.12/site-packages/discord/client.py", line 465, in _run_event
    await coro(*args, **kwargs)
  File "/app/asu_discord/cogs/analytics.py", line 652, in on_member_update
    before_timeout = before.timed_out_until
                     ^^^^^^^^^^^^^^^^^^^^^^
AttributeError: 'Member' object has no attribute 'timed_out_until'
Ignoring exception in on_member_update
Traceback (most recent call last):
  File "/usr/local/lib/python3.12/site-packages/discord/client.py", line 465, in _run_event
    await coro(*args, **kwargs)
  File "/app/asu_discord/cogs/analytics.py", line 652, in on_member_update
    before_timeout = before.timed_out_until
                     ^^^^^^^^^^^^^^^^^^^^^^
AttributeError: 'Member' object has no attribute 'timed_out_until'
INFO:asu_discord.cogs.verification:Saved 6 roles to database for user srames91 (Discord ID: 1281198885305323543)
INFO:asu_discord.cogs.verification:Refreshed Salesforce roles for Discord user 1281198885305323543: -5/+6 roles, assigned=[College of Liberal Arts and Sciences, Commited, First Generation Student, First Year, International Student, Tempe]
Ignoring exception in on_member_update
Traceback (most recent call last):
  File "/usr/local/lib/python3.12/site-packages/discord/client.py", line 465, in _run_event
    await coro(*args, **kwargs)
  File "/app/asu_discord/cogs/analytics.py", line 652, in on_member_update
    before_timeout = before.timed_out_until
                     ^^^^^^^^^^^^^^^^^^^^^^
AttributeError: 'Member' object has no attribute 'timed_out_until'
Ignoring exception in on_member_update
Traceback (most recent call last):
  File "/usr/local/lib/python3.12/site-packages/discord/client.py", line 465, in _run_event
    await coro(*args, **kwargs)
  File "/app/asu_discord/cogs/analytics.py", line 652, in on_member_update
    before_timeout = before.timed_out_until
                     ^^^^^^^^^^^^^^^^^^^^^^
AttributeError: 'Member' object has no attribute 'timed_out_until'
Ignoring exception in on_member_update
Traceback (most recent call last):
  File "/usr/local/lib/python3.12/site-packages/discord/client.py", line 465, in _run_event
    await coro(*args, **kwargs)
  File "/app/asu_discord/cogs/analytics.py", line 652, in on_member_update
    before_timeout = before.timed_out_until
                     ^^^^^^^^^^^^^^^^^^^^^^
AttributeError: 'Member' object has no attribute 'timed_out_until'
Ignoring exception in on_member_update
Traceback (most recent call last):
  File "/usr/local/lib/python3.12/site-packages/discord/client.py", line 465, in _run_event
    await coro(*args, **kwargs)
  File "/app/asu_discord/cogs/analytics.py", line 652, in on_member_update
    before_timeout = before.timed_out_until
                     ^^^^^^^^^^^^^^^^^^^^^^
AttributeError: 'Member' object has no attribute 'timed_out_until'
Ignoring exception in on_member_update
Traceback (most recent call last):
  File "/usr/local/lib/python3.12/site-packages/discord/client.py", line 465, in _run_event
    await coro(*args, **kwargs)
  File "/app/asu_discord/cogs/analytics.py", line 652, in on_member_update
    before_timeout = before.timed_out_until
                     ^^^^^^^^^^^^^^^^^^^^^^
AttributeError: 'Member' object has no attribute 'timed_out_until'
Ignoring exception in on_member_update
Traceback (most recent call last):
  File "/usr/local/lib/python3.12/site-packages/discord/client.py", line 465, in _run_event
    await coro(*args, **kwargs)
  File "/app/asu_discord/cogs/analytics.py", line 652, in on_member_update
    before_timeout = before.timed_out_until
                     ^^^^^^^^^^^^^^^^^^^^^^
AttributeError: 'Member' object has no attribute 'timed_out_until'
Ignoring exception in on_member_update
Traceback (most recent call last):
  File "/usr/local/lib/python3.12/site-packages/discord/client.py", line 465, in _run_event
    await coro(*args, **kwargs)
  File "/app/asu_discord/cogs/analytics.py", line 652, in on_member_update
    before_timeout = before.timed_out_until
                     ^^^^^^^^^^^^^^^^^^^^^^
AttributeError: 'Member' object has no attribute 'timed_out_until'
INFO:asu_discord.cogs.verification:Saved 4 roles to database for user amdupon1 (Discord ID: 1519108966611816458)
INFO:asu_discord.cogs.verification:Refreshed Salesforce roles for Discord user 1519108966611816458: -3/+4 roles, assigned=[Graduate Student, Out of State, Tempe, W.P. Carey School of Business]
Ignoring exception in on_member_update
Traceback (most recent call last):
  File "/usr/local/lib/python3.12/site-packages/discord/client.py", line 465, in _run_event
    await coro(*args, **kwargs)
  File "/app/asu_discord/cogs/analytics.py", line 652, in on_member_update
    before_timeout = before.timed_out_until
                     ^^^^^^^^^^^^^^^^^^^^^^
AttributeError: 'Member' object has no attribute 'timed_out_until'
Ignoring exception in on_member_update
Traceback (most recent call last):
  File "/usr/local/lib/python3.12/site-packages/discord/client.py", line 465, in _run_event
    await coro(*args, **kwargs)
  File "/app/asu_discord/cogs/analytics.py", line 652, in on_member_update
    before_timeout = before.timed_out_until
                     ^^^^^^^^^^^^^^^^^^^^^^
AttributeError: 'Member' object has no attribute 'timed_out_until'
Ignoring exception in on_member_update
Traceback (most recent call last):
  File "/usr/local/lib/python3.12/site-packages/discord/client.py", line 465, in _run_event
    await coro(*args, **kwargs)
  File "/app/asu_discord/cogs/analytics.py", line 652, in on_member_update
    before_timeout = before.timed_out_until
                     ^^^^^^^^^^^^^^^^^^^^^^
AttributeError: 'Member' object has no attribute 'timed_out_until'
Ignoring exception in on_member_update
Traceback (most recent call last):
  File "/usr/local/lib/python3.12/site-packages/discord/client.py", line 465, in _run_event
    await coro(*args, **kwargs)
  File "/app/asu_discord/cogs/analytics.py", line 652, in on_member_update
    before_timeout = before.timed_out_until
                     ^^^^^^^^^^^^^^^^^^^^^^
AttributeError: 'Member' object has no attribute 'timed_out_until'
Ignoring exception in on_member_update
Traceback (most recent call last):
  File "/usr/local/lib/python3.12/site-packages/discord/client.py", line 465, in _run_event
    await coro(*args, **kwargs)
  File "/app/asu_discord/cogs/analytics.py", line 652, in on_member_update
    before_timeout = before.timed_out_until
                     ^^^^^^^^^^^^^^^^^^^^^^
AttributeError: 'Member' object has no attribute 'timed_out_until'
Ignoring exception in on_member_update
Traceback (most recent call last):
  File "/usr/local/lib/python3.12/site-packages/discord/client.py", line 465, in _run_event
    await coro(*args, **kwargs)
  File "/app/asu_discord/cogs/analytics.py", line 652, in on_member_update
    before_timeout = before.timed_out_until
                     ^^^^^^^^^^^^^^^^^^^^^^
AttributeError: 'Member' object has no attribute 'timed_out_until'
Ignoring exception in on_member_update
Traceback (most recent call last):
  File "/usr/local/lib/python3.12/site-packages/discord/client.py", line 465, in _run_event
    await coro(*args, **kwargs)
  File "/app/asu_discord/cogs/analytics.py", line 652, in on_member_update
    before_timeout = before.timed_out_until
                     ^^^^^^^^^^^^^^^^^^^^^^
AttributeError: 'Member' object has no attribute 'timed_out_until'
Ignoring exception in on_member_update
Traceback (most recent call last):
  File "/usr/local/lib/python3.12/site-packages/discord/client.py", line 465, in _run_event
    await coro(*args, **kwargs)
  File "/app/asu_discord/cogs/analytics.py", line 652, in on_member_update
    before_timeout = before.timed_out_until
                     ^^^^^^^^^^^^^^^^^^^^^^
AttributeError: 'Member' object has no attribute 'timed_out_until'
Ignoring exception in on_member_update
Traceback (most recent call last):
  File "/usr/local/lib/python3.12/site-packages/discord/client.py", line 465, in _run_event
    await coro(*args, **kwargs)
  File "/app/asu_discord/cogs/analytics.py", line 652, in on_member_update
    before_timeout = before.timed_out_until
                     ^^^^^^^^^^^^^^^^^^^^^^
AttributeError: 'Member' object has no attribute 'timed_out_until'
Ignoring exception in on_member_update
Traceback (most recent call last):
  File "/usr/local/lib/python3.12/site-packages/discord/client.py", line 465, in _run_event
    await coro(*args, **kwargs)
  File "/app/asu_discord/cogs/analytics.py", line 652, in on_member_update
    before_timeout = before.timed_out_until
                     ^^^^^^^^^^^^^^^^^^^^^^
AttributeError: 'Member' object has no attribute 'timed_out_until'
INFO:asu_discord.cogs.verification:Saved 5 roles to database for user nsurine1 (Discord ID: 907616074487463977)
INFO:asu_discord.cogs.verification:Refreshed Salesforce roles for Discord user 907616074487463977: -5/+5 roles, assigned=[Commited, Graduate Student, International Student, Ira A. Fulton Schools of Engineering, Tempe]
Ignoring exception in on_member_update
Traceback (most recent call last):
  File "/usr/local/lib/python3.12/site-packages/discord/client.py", line 465, in _run_event
    await coro(*args, **kwargs)
  File "/app/asu_discord/cogs/analytics.py", line 652, in on_member_update
    before_timeout = before.timed_out_until
                     ^^^^^^^^^^^^^^^^^^^^^^
AttributeError: 'Member' object has no attribute 'timed_out_until'
Ignoring exception in on_member_update
Traceback (most recent call last):
  File "/usr/local/lib/python3.12/site-packages/discord/client.py", line 465, in _run_event
    await coro(*args, **kwargs)
  File "/app/asu_discord/cogs/analytics.py", line 652, in on_member_update
    before_timeout = before.timed_out_until
                     ^^^^^^^^^^^^^^^^^^^^^^
AttributeError: 'Member' object has no attribute 'timed_out_until'
Ignoring exception in on_member_update
Traceback (most recent call last):
  File "/usr/local/lib/python3.12/site-packages/discord/client.py", line 465, in _run_event
    await coro(*args, **kwargs)
  File "/app/asu_discord/cogs/analytics.py", line 652, in on_member_update
    before_timeout = before.timed_out_until
                     ^^^^^^^^^^^^^^^^^^^^^^
AttributeError: 'Member' object has no attribute 'timed_out_until'
Ignoring exception in on_member_update
Traceback (most recent call last):
  File "/usr/local/lib/python3.12/site-packages/discord/client.py", line 465, in _run_event
    await coro(*args, **kwargs)
  File "/app/asu_discord/cogs/analytics.py", line 652, in on_member_update
    before_timeout = before.timed_out_until
                     ^^^^^^^^^^^^^^^^^^^^^^
AttributeError: 'Member' object has no attribute 'timed_out_until'
Ignoring exception in on_member_update
Traceback (most recent call last):
  File "/usr/local/lib/python3.12/site-packages/discord/client.py", line 465, in _run_event
    await coro(*args, **kwargs)
  File "/app/asu_discord/cogs/analytics.py", line 652, in on_member_update
    before_timeout = before.timed_out_until
                     ^^^^^^^^^^^^^^^^^^^^^^
AttributeError: 'Member' object has no attribute 'timed_out_until'
Ignoring exception in on_member_update
Traceback (most recent call last):
  File "/usr/local/lib/python3.12/site-packages/discord/client.py", line 465, in _run_event
    await coro(*args, **kwargs)
  File "/app/asu_discord/cogs/analytics.py", line 652, in on_member_update
    before_timeout = before.timed_out_until
                     ^^^^^^^^^^^^^^^^^^^^^^
AttributeError: 'Member' object has no attribute 'timed_out_until'
Ignoring exception in on_member_update
Traceback (most recent call last):
  File "/usr/local/lib/python3.12/site-packages/discord/client.py", line 465, in _run_event
    await coro(*args, **kwargs)
  File "/app/asu_discord/cogs/analytics.py", line 652, in on_member_update
    before_timeout = before.timed_out_until
                     ^^^^^^^^^^^^^^^^^^^^^^
AttributeError: 'Member' object has no attribute 'timed_out_until'
Ignoring exception in on_member_update
Traceback (most recent call last):
  File "/usr/local/lib/python3.12/site-packages/discord/client.py", line 465, in _run_event
    await coro(*args, **kwargs)
  File "/app/asu_discord/cogs/analytics.py", line 652, in on_member_update
    before_timeout = before.timed_out_until
                     ^^^^^^^^^^^^^^^^^^^^^^
AttributeError: 'Member' object has no attribute 'timed_out_until'
Ignoring exception in on_member_update
Traceback (most recent call last):
  File "/usr/local/lib/python3.12/site-packages/discord/client.py", line 465, in _run_event
    await coro(*args, **kwargs)
  File "/app/asu_discord/cogs/analytics.py", line 652, in on_member_update
    before_timeout = before.timed_out_until
                     ^^^^^^^^^^^^^^^^^^^^^^
AttributeError: 'Member' object has no attribute 'timed_out_until'
Ignoring exception in on_member_update
Traceback (most recent call last):
  File "/usr/local/lib/python3.12/site-packages/discord/client.py", line 465, in _run_event
    await coro(*args, **kwargs)
  File "/app/asu_discord/cogs/analytics.py", line 652, in on_member_update
    before_timeout = before.timed_out_until
                     ^^^^^^^^^^^^^^^^^^^^^^
AttributeError: 'Member' object has no attribute 'timed_out_until'
INFO:asu_discord.cogs.verification:Saved 5 roles to database for user pmunoz14 (Discord ID: 742793289903767554)
INFO:asu_discord.cogs.verification:Refreshed Salesforce roles for Discord user 742793289903767554: -5/+5 roles, assigned=[Arizona Resident, College of Liberal Arts and Sciences, Commited, First Year, Tempe]
Ignoring exception in on_member_update
Traceback (most recent call last):
  File "/usr/local/lib/python3.12/site-packages/discord/client.py", line 465, in _run_event
    await coro(*args, **kwargs)
  File "/app/asu_discord/cogs/analytics.py", line 652, in on_member_update
    before_timeout = before.timed_out_until
                     ^^^^^^^^^^^^^^^^^^^^^^
AttributeError: 'Member' object has no attribute 'timed_out_until'
Ignoring exception in on_member_update
Traceback (most recent call last):
  File "/usr/local/lib/python3.12/site-packages/discord/client.py", line 465, in _run_event
    await coro(*args, **kwargs)
  File "/app/asu_discord/cogs/analytics.py", line 652, in on_member_update
    before_timeout = before.timed_out_until
                     ^^^^^^^^^^^^^^^^^^^^^^
AttributeError: 'Member' object has no attribute 'timed_out_until'
Ignoring exception in on_member_update
Traceback (most recent call last):
  File "/usr/local/lib/python3.12/site-packages/discord/client.py", line 465, in _run_event
    await coro(*args, **kwargs)
  File "/app/asu_discord/cogs/analytics.py", line 652, in on_member_update
    before_timeout = before.timed_out_until
                     ^^^^^^^^^^^^^^^^^^^^^^
AttributeError: 'Member' object has no attribute 'timed_out_until'
Ignoring exception in on_member_update
Traceback (most recent call last):
  File "/usr/local/lib/python3.12/site-packages/discord/client.py", line 465, in _run_event
    await coro(*args, **kwargs)
  File "/app/asu_discord/cogs/analytics.py", line 652, in on_member_update
    before_timeout = before.timed_out_until
                     ^^^^^^^^^^^^^^^^^^^^^^
AttributeError: 'Member' object has no attribute 'timed_out_until'
Ignoring exception in on_member_update
Traceback (most recent call last):
  File "/usr/local/lib/python3.12/site-packages/discord/client.py", line 465, in _run_event
    await coro(*args, **kwargs)
  File "/app/asu_discord/cogs/analytics.py", line 652, in on_member_update
    before_timeout = before.timed_out_until
                     ^^^^^^^^^^^^^^^^^^^^^^
AttributeError: 'Member' object has no attribute 'timed_out_until'
Ignoring exception in on_member_update
Traceback (most recent call last):
  File "/usr/local/lib/python3.12/site-packages/discord/client.py", line 465, in _run_event
    await coro(*args, **kwargs)
  File "/app/asu_discord/cogs/analytics.py", line 652, in on_member_update
    before_timeout = before.timed_out_until
                     ^^^^^^^^^^^^^^^^^^^^^^
AttributeError: 'Member' object has no attribute 'timed_out_until'
Ignoring exception in on_member_update
Traceback (most recent call last):
  File "/usr/local/lib/python3.12/site-packages/discord/client.py", line 465, in _run_event
    await coro(*args, **kwargs)
  File "/app/asu_discord/cogs/analytics.py", line 652, in on_member_update
    before_timeout = before.timed_out_until
                     ^^^^^^^^^^^^^^^^^^^^^^
AttributeError: 'Member' object has no attribute 'timed_out_until'
Ignoring exception in on_member_update
Traceback (most recent call last):
  File "/usr/local/lib/python3.12/site-packages/discord/client.py", line 465, in _run_event
    await coro(*args, **kwargs)
  File "/app/asu_discord/cogs/analytics.py", line 652, in on_member_update
    before_timeout = before.timed_out_until
                     ^^^^^^^^^^^^^^^^^^^^^^
AttributeError: 'Member' object has no attribute 'timed_out_until'
INFO:asu_discord.cogs.verification:Saved 4 roles to database for user cchen559 (Discord ID: 1519255971229208611)
INFO:asu_discord.cogs.verification:Refreshed Salesforce roles for Discord user 1519255971229208611: -4/+4 roles, assigned=[Graduate Student, Herberger Institute for Design and the Arts, International Student, Tempe]
Ignoring exception in on_member_update
Traceback (most recent call last):
  File "/usr/local/lib/python3.12/site-packages/discord/client.py", line 465, in _run_event
    await coro(*args, **kwargs)
  File "/app/asu_discord/cogs/analytics.py", line 652, in on_member_update
    before_timeout = before.timed_out_until
                     ^^^^^^^^^^^^^^^^^^^^^^
AttributeError: 'Member' object has no attribute 'timed_out_until'
Ignoring exception in on_member_update
Traceback (most recent call last):
  File "/usr/local/lib/python3.12/site-packages/discord/client.py", line 465, in _run_event
    await coro(*args, **kwargs)
  File "/app/asu_discord/cogs/analytics.py", line 652, in on_member_update
    before_timeout = before.timed_out_until
                     ^^^^^^^^^^^^^^^^^^^^^^
AttributeError: 'Member' object has no attribute 'timed_out_until'
Ignoring exception in on_member_update
Traceback (most recent call last):
  File "/usr/local/lib/python3.12/site-packages/discord/client.py", line 465, in _run_event
    await coro(*args, **kwargs)
  File "/app/asu_discord/cogs/analytics.py", line 652, in on_member_update
    before_timeout = before.timed_out_until
                     ^^^^^^^^^^^^^^^^^^^^^^
AttributeError: 'Member' object has no attribute 'timed_out_until'
Ignoring exception in on_member_update
Traceback (most recent call last):
  File "/usr/local/lib/python3.12/site-packages/discord/client.py", line 465, in _run_event
    await coro(*args, **kwargs)
  File "/app/asu_discord/cogs/analytics.py", line 652, in on_member_update
    before_timeout = before.timed_out_until
                     ^^^^^^^^^^^^^^^^^^^^^^
AttributeError: 'Member' object has no attribute 'timed_out_until'
Ignoring exception in on_member_update
Traceback (most recent call last):
  File "/usr/local/lib/python3.12/site-packages/discord/client.py", line 465, in _run_event
    await coro(*args, **kwargs)
  File "/app/asu_discord/cogs/analytics.py", line 652, in on_member_update
    before_timeout = before.timed_out_until
                     ^^^^^^^^^^^^^^^^^^^^^^
AttributeError: 'Member' object has no attribute 'timed_out_until'
Ignoring exception in on_member_update
Traceback (most recent call last):
  File "/usr/local/lib/python3.12/site-packages/discord/client.py", line 465, in _run_event
    await coro(*args, **kwargs)
  File "/app/asu_discord/cogs/analytics.py", line 652, in on_member_update
    before_timeout = before.timed_out_until
                     ^^^^^^^^^^^^^^^^^^^^^^
AttributeError: 'Member' object has no attribute 'timed_out_until'
Ignoring exception in on_member_update
Traceback (most recent call last):
  File "/usr/local/lib/python3.12/site-packages/discord/client.py", line 465, in _run_event
    await coro(*args, **kwargs)
  File "/app/asu_discord/cogs/analytics.py", line 652, in on_member_update
    before_timeout = before.timed_out_until
                     ^^^^^^^^^^^^^^^^^^^^^^
AttributeError: 'Member' object has no attribute 'timed_out_until'
Ignoring exception in on_member_update
Traceback (most recent call last):
  File "/usr/local/lib/python3.12/site-packages/discord/client.py", line 465, in _run_event
    await coro(*args, **kwargs)
  File "/app/asu_discord/cogs/analytics.py", line 652, in on_member_update
    before_timeout = before.timed_out_until
                     ^^^^^^^^^^^^^^^^^^^^^^
AttributeError: 'Member' object has no attribute 'timed_out_until'
Ignoring exception in on_member_update
Traceback (most recent call last):
  File "/usr/local/lib/python3.12/site-packages/discord/client.py", line 465, in _run_event
    await coro(*args, **kwargs)
  File "/app/asu_discord/cogs/analytics.py", line 652, in on_member_update
    before_timeout = before.timed_out_until
                     ^^^^^^^^^^^^^^^^^^^^^^
AttributeError: 'Member' object has no attribute 'timed_out_until'
Ignoring exception in on_member_update
Traceback (most recent call last):
  File "/usr/local/lib/python3.12/site-packages/discord/client.py", line 465, in _run_event
    await coro(*args, **kwargs)
  File "/app/asu_discord/cogs/analytics.py", line 652, in on_member_update
    before_timeout = before.timed_out_until
                     ^^^^^^^^^^^^^^^^^^^^^^
AttributeError: 'Member' object has no attribute 'timed_out_until'
INFO:asu_discord.cogs.verification:Saved 5 roles to database for user smenkuda (Discord ID: 1021083252951359639)
INFO:asu_discord.cogs.verification:Refreshed Salesforce roles for Discord user 1021083252951359639: -5/+5 roles, assigned=[Commited, First Year, International Student, Ira A. Fulton Schools of Engineering, Tempe]
Ignoring exception in on_member_update
Traceback (most recent call last):
  File "/usr/local/lib/python3.12/site-packages/discord/client.py", line 465, in _run_event
    await coro(*args, **kwargs)
  File "/app/asu_discord/cogs/analytics.py", line 652, in on_member_update
    before_timeout = before.timed_out_until
                     ^^^^^^^^^^^^^^^^^^^^^^
AttributeError: 'Member' object has no attribute 'timed_out_until'
Ignoring exception in on_member_update
Traceback (most recent call last):
  File "/usr/local/lib/python3.12/site-packages/discord/client.py", line 465, in _run_event
    await coro(*args, **kwargs)
  File "/app/asu_discord/cogs/analytics.py", line 652, in on_member_update
    before_timeout = before.timed_out_until
                     ^^^^^^^^^^^^^^^^^^^^^^
AttributeError: 'Member' object has no attribute 'timed_out_until'
Ignoring exception in on_member_update
Traceback (most recent call last):
  File "/usr/local/lib/python3.12/site-packages/discord/client.py", line 465, in _run_event
    await coro(*args, **kwargs)
  File "/app/asu_discord/cogs/analytics.py", line 652, in on_member_update
    before_timeout = before.timed_out_until
                     ^^^^^^^^^^^^^^^^^^^^^^
AttributeError: 'Member' object has no attribute 'timed_out_until'
Ignoring exception in on_member_update
Traceback (most recent call last):
  File "/usr/local/lib/python3.12/site-packages/discord/client.py", line 465, in _run_event
    await coro(*args, **kwargs)
  File "/app/asu_discord/cogs/analytics.py", line 652, in on_member_update
    before_timeout = before.timed_out_until
                     ^^^^^^^^^^^^^^^^^^^^^^
AttributeError: 'Member' object has no attribute 'timed_out_until'
Ignoring exception in on_member_update
Traceback (most recent call last):
  File "/usr/local/lib/python3.12/site-packages/discord/client.py", line 465, in _run_event
    await coro(*args, **kwargs)
  File "/app/asu_discord/cogs/analytics.py", line 652, in on_member_update
    before_timeout = before.timed_out_until
                     ^^^^^^^^^^^^^^^^^^^^^^
AttributeError: 'Member' object has no attribute 'timed_out_until'
Ignoring exception in on_member_update
Traceback (most recent call last):
  File "/usr/local/lib/python3.12/site-packages/discord/client.py", line 465, in _run_event
    await coro(*args, **kwargs)
  File "/app/asu_discord/cogs/analytics.py", line 652, in on_member_update
    before_timeout = before.timed_out_until
                     ^^^^^^^^^^^^^^^^^^^^^^
AttributeError: 'Member' object has no attribute 'timed_out_until'
Ignoring exception in on_member_update
Traceback (most recent call last):
  File "/usr/local/lib/python3.12/site-packages/discord/client.py", line 465, in _run_event
    await coro(*args, **kwargs)
  File "/app/asu_discord/cogs/analytics.py", line 652, in on_member_update
    before_timeout = before.timed_out_until
                     ^^^^^^^^^^^^^^^^^^^^^^
AttributeError: 'Member' object has no attribute 'timed_out_until'
Ignoring exception in on_member_update
Traceback (most recent call last):
  File "/usr/local/lib/python3.12/site-packages/discord/client.py", line 465, in _run_event
    await coro(*args, **kwargs)
  File "/app/asu_discord/cogs/analytics.py", line 652, in on_member_update
    before_timeout = before.timed_out_until
                     ^^^^^^^^^^^^^^^^^^^^^^
AttributeError: 'Member' object has no attribute 'timed_out_until'
INFO:asu_discord.cogs.verification:Saved 4 roles to database for user fechesi (Discord ID: 801241768804220928)
INFO:asu_discord.cogs.verification:Refreshed Salesforce roles for Discord user 801241768804220928: -4/+4 roles, assigned=[Graduate Student, International Student, Ira A. Fulton Schools of Engineering, Tempe]
Ignoring exception in on_member_update
Traceback (most recent call last):
  File "/usr/local/lib/python3.12/site-packages/discord/client.py", line 465, in _run_event
    await coro(*args, **kwargs)
  File "/app/asu_discord/cogs/analytics.py", line 652, in on_member_update
    before_timeout = before.timed_out_until
                     ^^^^^^^^^^^^^^^^^^^^^^
AttributeError: 'Member' object has no attribute 'timed_out_until'
Ignoring exception in on_member_update
Traceback (most recent call last):
  File "/usr/local/lib/python3.12/site-packages/discord/client.py", line 465, in _run_event
    await coro(*args, **kwargs)
  File "/app/asu_discord/cogs/analytics.py", line 652, in on_member_update
    before_timeout = before.timed_out_until
                     ^^^^^^^^^^^^^^^^^^^^^^
AttributeError: 'Member' object has no attribute 'timed_out_until'
Ignoring exception in on_member_update
Traceback (most recent call last):
  File "/usr/local/lib/python3.12/site-packages/discord/client.py", line 465, in _run_event
    await coro(*args, **kwargs)
  File "/app/asu_discord/cogs/analytics.py", line 652, in on_member_update
    before_timeout = before.timed_out_until
                     ^^^^^^^^^^^^^^^^^^^^^^
AttributeError: 'Member' object has no attribute 'timed_out_until'
Ignoring exception in on_member_update
Traceback (most recent call last):
  File "/usr/local/lib/python3.12/site-packages/discord/client.py", line 465, in _run_event
    await coro(*args, **kwargs)
  File "/app/asu_discord/cogs/analytics.py", line 652, in on_member_update
    before_timeout = before.timed_out_until
                     ^^^^^^^^^^^^^^^^^^^^^^
AttributeError: 'Member' object has no attribute 'timed_out_until'
Ignoring exception in on_member_update
Traceback (most recent call last):
  File "/usr/local/lib/python3.12/site-packages/discord/client.py", line 465, in _run_event
    await coro(*args, **kwargs)
  File "/app/asu_discord/cogs/analytics.py", line 652, in on_member_update
    before_timeout = before.timed_out_until
                     ^^^^^^^^^^^^^^^^^^^^^^
AttributeError: 'Member' object has no attribute 'timed_out_until'
Ignoring exception in on_member_update
Traceback (most recent call last):
  File "/usr/local/lib/python3.12/site-packages/discord/client.py", line 465, in _run_event
    await coro(*args, **kwargs)
  File "/app/asu_discord/cogs/analytics.py", line 652, in on_member_update
    before_timeout = before.timed_out_until
                     ^^^^^^^^^^^^^^^^^^^^^^
AttributeError: 'Member' object has no attribute 'timed_out_until'
Ignoring exception in on_member_update
Traceback (most recent call last):
  File "/usr/local/lib/python3.12/site-packages/discord/client.py", line 465, in _run_event
    await coro(*args, **kwargs)
  File "/app/asu_discord/cogs/analytics.py", line 652, in on_member_update
    before_timeout = before.timed_out_until
                     ^^^^^^^^^^^^^^^^^^^^^^
AttributeError: 'Member' object has no attribute 'timed_out_until'
Ignoring exception in on_member_update
Traceback (most recent call last):
  File "/usr/local/lib/python3.12/site-packages/discord/client.py", line 465, in _run_event
    await coro(*args, **kwargs)
  File "/app/asu_discord/cogs/analytics.py", line 652, in on_member_update
    before_timeout = before.timed_out_until
                     ^^^^^^^^^^^^^^^^^^^^^^
AttributeError: 'Member' object has no attribute 'timed_out_until'
Ignoring exception in on_member_update
Traceback (most recent call last):
  File "/usr/local/lib/python3.12/site-packages/discord/client.py", line 465, in _run_event
    await coro(*args, **kwargs)
  File "/app/asu_discord/cogs/analytics.py", line 652, in on_member_update
    before_timeout = before.timed_out_until
                     ^^^^^^^^^^^^^^^^^^^^^^
AttributeError: 'Member' object has no attribute 'timed_out_until'
Ignoring exception in on_member_update
Traceback (most recent call last):
  File "/usr/local/lib/python3.12/site-packages/discord/client.py", line 465, in _run_event
    await coro(*args, **kwargs)
  File "/app/asu_discord/cogs/analytics.py", line 652, in on_member_update
    before_timeout = before.timed_out_until
                     ^^^^^^^^^^^^^^^^^^^^^^
AttributeError: 'Member' object has no attribute 'timed_out_until'
Ignoring exception in on_member_update
Traceback (most recent call last):
  File "/usr/local/lib/python3.12/site-packages/discord/client.py", line 465, in _run_event
    await coro(*args, **kwargs)
  File "/app/asu_discord/cogs/analytics.py", line 652, in on_member_update
    before_timeout = before.timed_out_until
                     ^^^^^^^^^^^^^^^^^^^^^^
AttributeError: 'Member' object has no attribute 'timed_out_until'
INFO:asu_discord.cogs.verification:Saved 5 roles to database for user mnguy211 (Discord ID: 909375361891061772)
INFO:asu_discord.cogs.verification:Refreshed Salesforce roles for Discord user 909375361891061772: -5/+5 roles, assigned=[Commited, First Year, Herberger Institute for Design and the Arts, International Student, Tempe]
Ignoring exception in on_member_update
Traceback (most recent call last):
  File "/usr/local/lib/python3.12/site-packages/discord/client.py", line 465, in _run_event
    await coro(*args, **kwargs)
  File "/app/asu_discord/cogs/analytics.py", line 652, in on_member_update
    before_timeout = before.timed_out_until
                     ^^^^^^^^^^^^^^^^^^^^^^
AttributeError: 'Member' object has no attribute 'timed_out_until'
Ignoring exception in on_member_update
Traceback (most recent call last):
  File "/usr/local/lib/python3.12/site-packages/discord/client.py", line 465, in _run_event
    await coro(*args, **kwargs)
  File "/app/asu_discord/cogs/analytics.py", line 652, in on_member_update
    before_timeout = before.timed_out_until
                     ^^^^^^^^^^^^^^^^^^^^^^
AttributeError: 'Member' object has no attribute 'timed_out_until'
Ignoring exception in on_member_update
Traceback (most recent call last):
  File "/usr/local/lib/python3.12/site-packages/discord/client.py", line 465, in _run_event
    await coro(*args, **kwargs)
  File "/app/asu_discord/cogs/analytics.py", line 652, in on_member_update
    before_timeout = before.timed_out_until
                     ^^^^^^^^^^^^^^^^^^^^^^
AttributeError: 'Member' object has no attribute 'timed_out_until'
Ignoring exception in on_member_update
Traceback (most recent call last):
  File "/usr/local/lib/python3.12/site-packages/discord/client.py", line 465, in _run_event
    await coro(*args, **kwargs)
  File "/app/asu_discord/cogs/analytics.py", line 652, in on_member_update
    before_timeout = before.timed_out_until
                     ^^^^^^^^^^^^^^^^^^^^^^
AttributeError: 'Member' object has no attribute 'timed_out_until'
Ignoring exception in on_member_update
Traceback (most recent call last):
  File "/usr/local/lib/python3.12/site-packages/discord/client.py", line 465, in _run_event
    await coro(*args, **kwargs)
  File "/app/asu_discord/cogs/analytics.py", line 652, in on_member_update
    before_timeout = before.timed_out_until
                     ^^^^^^^^^^^^^^^^^^^^^^
AttributeError: 'Member' object has no attribute 'timed_out_until'
Ignoring exception in on_member_update
Traceback (most recent call last):
  File "/usr/local/lib/python3.12/site-packages/discord/client.py", line 465, in _run_event
    await coro(*args, **kwargs)
  File "/app/asu_discord/cogs/analytics.py", line 652, in on_member_update
    before_timeout = before.timed_out_until
                     ^^^^^^^^^^^^^^^^^^^^^^
AttributeError: 'Member' object has no attribute 'timed_out_until'
Ignoring exception in on_member_update
Traceback (most recent call last):
  File "/usr/local/lib/python3.12/site-packages/discord/client.py", line 465, in _run_event
    await coro(*args, **kwargs)
  File "/app/asu_discord/cogs/analytics.py", line 652, in on_member_update
    before_timeout = before.timed_out_until
                     ^^^^^^^^^^^^^^^^^^^^^^
AttributeError: 'Member' object has no attribute 'timed_out_until'
Ignoring exception in on_member_update
Traceback (most recent call last):
  File "/usr/local/lib/python3.12/site-packages/discord/client.py", line 465, in _run_event
    await coro(*args, **kwargs)
  File "/app/asu_discord/cogs/analytics.py", line 652, in on_member_update
    before_timeout = before.timed_out_until
                     ^^^^^^^^^^^^^^^^^^^^^^
AttributeError: 'Member' object has no attribute 'timed_out_until'
Ignoring exception in on_member_update
Traceback (most recent call last):
  File "/usr/local/lib/python3.12/site-packages/discord/client.py", line 465, in _run_event
    await coro(*args, **kwargs)
  File "/app/asu_discord/cogs/analytics.py", line 652, in on_member_update
    before_timeout = before.timed_out_until
                     ^^^^^^^^^^^^^^^^^^^^^^
AttributeError: 'Member' object has no attribute 'timed_out_until'
Ignoring exception in on_member_update
Traceback (most recent call last):
  File "/usr/local/lib/python3.12/site-packages/discord/client.py", line 465, in _run_event
    await coro(*args, **kwargs)
  File "/app/asu_discord/cogs/analytics.py", line 652, in on_member_update
    before_timeout = before.timed_out_until
                     ^^^^^^^^^^^^^^^^^^^^^^
AttributeError: 'Member' object has no attribute 'timed_out_until'
INFO:asu_discord.cogs.verification:Saved 5 roles to database for user lalzated (Discord ID: 1258251833114234941)
INFO:asu_discord.cogs.verification:Refreshed Salesforce roles for Discord user 1258251833114234941: -5/+5 roles, assigned=[Arizona Resident, College of Liberal Arts and Sciences, Commited, Tempe, Transfer Student]
Ignoring exception in on_member_update
Traceback (most recent call last):
  File "/usr/local/lib/python3.12/site-packages/discord/client.py", line 465, in _run_event
    await coro(*args, **kwargs)
  File "/app/asu_discord/cogs/analytics.py", line 652, in on_member_update
    before_timeout = before.timed_out_until
                     ^^^^^^^^^^^^^^^^^^^^^^
AttributeError: 'Member' object has no attribute 'timed_out_until'
Ignoring exception in on_member_update
Traceback (most recent call last):
  File "/usr/local/lib/python3.12/site-packages/discord/client.py", line 465, in _run_event
    await coro(*args, **kwargs)
  File "/app/asu_discord/cogs/analytics.py", line 652, in on_member_update
    before_timeout = before.timed_out_until
                     ^^^^^^^^^^^^^^^^^^^^^^
AttributeError: 'Member' object has no attribute 'timed_out_until'
Ignoring exception in on_member_update
Traceback (most recent call last):
  File "/usr/local/lib/python3.12/site-packages/discord/client.py", line 465, in _run_event
    await coro(*args, **kwargs)
  File "/app/asu_discord/cogs/analytics.py", line 652, in on_member_update
    before_timeout = before.timed_out_until
                     ^^^^^^^^^^^^^^^^^^^^^^
AttributeError: 'Member' object has no attribute 'timed_out_until'
Ignoring exception in on_member_update
Traceback (most recent call last):
  File "/usr/local/lib/python3.12/site-packages/discord/client.py", line 465, in _run_event
    await coro(*args, **kwargs)
  File "/app/asu_discord/cogs/analytics.py", line 652, in on_member_update
    before_timeout = before.timed_out_until
                     ^^^^^^^^^^^^^^^^^^^^^^
AttributeError: 'Member' object has no attribute 'timed_out_until'
Ignoring exception in on_member_update
Traceback (most recent call last):
  File "/usr/local/lib/python3.12/site-packages/discord/client.py", line 465, in _run_event
    await coro(*args, **kwargs)
  File "/app/asu_discord/cogs/analytics.py", line 652, in on_member_update
    before_timeout = before.timed_out_until
                     ^^^^^^^^^^^^^^^^^^^^^^
AttributeError: 'Member' object has no attribute 'timed_out_until'
Ignoring exception in on_member_update
Traceback (most recent call last):
  File "/usr/local/lib/python3.12/site-packages/discord/client.py", line 465, in _run_event
    await coro(*args, **kwargs)
  File "/app/asu_discord/cogs/analytics.py", line 652, in on_member_update
    before_timeout = before.timed_out_until
                     ^^^^^^^^^^^^^^^^^^^^^^
AttributeError: 'Member' object has no attribute 'timed_out_until'
Ignoring exception in on_member_update
Traceback (most recent call last):
  File "/usr/local/lib/python3.12/site-packages/discord/client.py", line 465, in _run_event
    await coro(*args, **kwargs)
  File "/app/asu_discord/cogs/analytics.py", line 652, in on_member_update
    before_timeout = before.timed_out_until
                     ^^^^^^^^^^^^^^^^^^^^^^
AttributeError: 'Member' object has no attribute 'timed_out_until'
Ignoring exception in on_member_update
Traceback (most recent call last):
  File "/usr/local/lib/python3.12/site-packages/discord/client.py", line 465, in _run_event
    await coro(*args, **kwargs)
  File "/app/asu_discord/cogs/analytics.py", line 652, in on_member_update
    before_timeout = before.timed_out_until
                     ^^^^^^^^^^^^^^^^^^^^^^
AttributeError: 'Member' object has no attribute 'timed_out_until'
Ignoring exception in on_member_update
Traceback (most recent call last):
  File "/usr/local/lib/python3.12/site-packages/discord/client.py", line 465, in _run_event
    await coro(*args, **kwargs)
  File "/app/asu_discord/cogs/analytics.py", line 652, in on_member_update
    before_timeout = before.timed_out_until
                     ^^^^^^^^^^^^^^^^^^^^^^
AttributeError: 'Member' object has no attribute 'timed_out_until'
Ignoring exception in on_member_update
Traceback (most recent call last):
  File "/usr/local/lib/python3.12/site-packages/discord/client.py", line 465, in _run_event
    await coro(*args, **kwargs)
  File "/app/asu_discord/cogs/analytics.py", line 652, in on_member_update
    before_timeout = before.timed_out_until
                     ^^^^^^^^^^^^^^^^^^^^^^
AttributeError: 'Member' object has no attribute 'timed_out_until'
INFO:asu_discord.cogs.verification:Saved 5 roles to database for user tasando3 (Discord ID: 849517513032335380)
INFO:asu_discord.cogs.verification:Refreshed Salesforce roles for Discord user 849517513032335380: -5/+5 roles, assigned=[Arizona Resident, First Generation Student, First Year, Tempe, W.P. Carey School of Business]
Ignoring exception in on_member_update
Traceback (most recent call last):
  File "/usr/local/lib/python3.12/site-packages/discord/client.py", line 465, in _run_event
    await coro(*args, **kwargs)
  File "/app/asu_discord/cogs/analytics.py", line 652, in on_member_update
    before_timeout = before.timed_out_until
                     ^^^^^^^^^^^^^^^^^^^^^^
AttributeError: 'Member' object has no attribute 'timed_out_until'
Ignoring exception in on_member_update
Traceback (most recent call last):
  File "/usr/local/lib/python3.12/site-packages/discord/client.py", line 465, in _run_event
    await coro(*args, **kwargs)
  File "/app/asu_discord/cogs/analytics.py", line 652, in on_member_update
    before_timeout = before.timed_out_until
                     ^^^^^^^^^^^^^^^^^^^^^^
AttributeError: 'Member' object has no attribute 'timed_out_until'
Ignoring exception in on_member_update
Traceback (most recent call last):
  File "/usr/local/lib/python3.12/site-packages/discord/client.py", line 465, in _run_event
    await coro(*args, **kwargs)
  File "/app/asu_discord/cogs/analytics.py", line 652, in on_member_update
    before_timeout = before.timed_out_until
                     ^^^^^^^^^^^^^^^^^^^^^^
AttributeError: 'Member' object has no attribute 'timed_out_until'
Ignoring exception in on_member_update
Traceback (most recent call last):
  File "/usr/local/lib/python3.12/site-packages/discord/client.py", line 465, in _run_event
    await coro(*args, **kwargs)
  File "/app/asu_discord/cogs/analytics.py", line 652, in on_member_update
    before_timeout = before.timed_out_until
                     ^^^^^^^^^^^^^^^^^^^^^^
AttributeError: 'Member' object has no attribute 'timed_out_until'
Ignoring exception in on_member_update
Traceback (most recent call last):
  File "/usr/local/lib/python3.12/site-packages/discord/client.py", line 465, in _run_event
    await coro(*args, **kwargs)
  File "/app/asu_discord/cogs/analytics.py", line 652, in on_member_update
    before_timeout = before.timed_out_until
                     ^^^^^^^^^^^^^^^^^^^^^^
AttributeError: 'Member' object has no attribute 'timed_out_until'
Ignoring exception in on_member_update
Traceback (most recent call last):
  File "/usr/local/lib/python3.12/site-packages/discord/client.py", line 465, in _run_event
    await coro(*args, **kwargs)
  File "/app/asu_discord/cogs/analytics.py", line 652, in on_member_update
    before_timeout = before.timed_out_until
                     ^^^^^^^^^^^^^^^^^^^^^^
AttributeError: 'Member' object has no attribute 'timed_out_until'
Ignoring exception in on_member_update
Traceback (most recent call last):
  File "/usr/local/lib/python3.12/site-packages/discord/client.py", line 465, in _run_event
    await coro(*args, **kwargs)
  File "/app/asu_discord/cogs/analytics.py", line 652, in on_member_update
    before_timeout = before.timed_out_until
                     ^^^^^^^^^^^^^^^^^^^^^^
AttributeError: 'Member' object has no attribute 'timed_out_until'
Ignoring exception in on_member_update
Traceback (most recent call last):
  File "/usr/local/lib/python3.12/site-packages/discord/client.py", line 465, in _run_event
    await coro(*args, **kwargs)
  File "/app/asu_discord/cogs/analytics.py", line 652, in on_member_update
    before_timeout = before.timed_out_until
                     ^^^^^^^^^^^^^^^^^^^^^^
AttributeError: 'Member' object has no attribute 'timed_out_until'
Ignoring exception in on_member_update
Traceback (most recent call last):
  File "/usr/local/lib/python3.12/site-packages/discord/client.py", line 465, in _run_event
    await coro(*args, **kwargs)
  File "/app/asu_discord/cogs/analytics.py", line 652, in on_member_update
    before_timeout = before.timed_out_until
                     ^^^^^^^^^^^^^^^^^^^^^^
AttributeError: 'Member' object has no attribute 'timed_out_until'
Ignoring exception in on_member_update
Traceback (most recent call last):
  File "/usr/local/lib/python3.12/site-packages/discord/client.py", line 465, in _run_event
    await coro(*args, **kwargs)
  File "/app/asu_discord/cogs/analytics.py", line 652, in on_member_update
    before_timeout = before.timed_out_until
                     ^^^^^^^^^^^^^^^^^^^^^^
AttributeError: 'Member' object has no attribute 'timed_out_until'
INFO:asu_discord.cogs.verification:Saved 5 roles to database for user asing986 (Discord ID: 999657073287639040)
INFO:asu_discord.cogs.verification:Refreshed Salesforce roles for Discord user 999657073287639040: -5/+5 roles, assigned=[Commited, First Year, International Student, Ira A. Fulton Schools of Engineering, Tempe]
Ignoring exception in on_member_update
Traceback (most recent call last):
  File "/usr/local/lib/python3.12/site-packages/discord/client.py", line 465, in _run_event
    await coro(*args, **kwargs)
  File "/app/asu_discord/cogs/analytics.py", line 652, in on_member_update
    before_timeout = before.timed_out_until
                     ^^^^^^^^^^^^^^^^^^^^^^
AttributeError: 'Member' object has no attribute 'timed_out_until'
Ignoring exception in on_member_update
Traceback (most recent call last):
  File "/usr/local/lib/python3.12/site-packages/discord/client.py", line 465, in _run_event
    await coro(*args, **kwargs)
  File "/app/asu_discord/cogs/analytics.py", line 652, in on_member_update
    before_timeout = before.timed_out_until
                     ^^^^^^^^^^^^^^^^^^^^^^
AttributeError: 'Member' object has no attribute 'timed_out_until'
Ignoring exception in on_member_update
Traceback (most recent call last):
  File "/usr/local/lib/python3.12/site-packages/discord/client.py", line 465, in _run_event
    await coro(*args, **kwargs)
  File "/app/asu_discord/cogs/analytics.py", line 652, in on_member_update
    before_timeout = before.timed_out_until
                     ^^^^^^^^^^^^^^^^^^^^^^
AttributeError: 'Member' object has no attribute 'timed_out_until'
Ignoring exception in on_member_update
Traceback (most recent call last):
  File "/usr/local/lib/python3.12/site-packages/discord/client.py", line 465, in _run_event
    await coro(*args, **kwargs)
  File "/app/asu_discord/cogs/analytics.py", line 652, in on_member_update
    before_timeout = before.timed_out_until
                     ^^^^^^^^^^^^^^^^^^^^^^
AttributeError: 'Member' object has no attribute 'timed_out_until'
Ignoring exception in on_member_update
Traceback (most recent call last):
  File "/usr/local/lib/python3.12/site-packages/discord/client.py", line 465, in _run_event
    await coro(*args, **kwargs)
  File "/app/asu_discord/cogs/analytics.py", line 652, in on_member_update
    before_timeout = before.timed_out_until
                     ^^^^^^^^^^^^^^^^^^^^^^
AttributeError: 'Member' object has no attribute 'timed_out_until'
Ignoring exception in on_member_update
Traceback (most recent call last):
  File "/usr/local/lib/python3.12/site-packages/discord/client.py", line 465, in _run_event
    await coro(*args, **kwargs)
  File "/app/asu_discord/cogs/analytics.py", line 652, in on_member_update
    before_timeout = before.timed_out_until
                     ^^^^^^^^^^^^^^^^^^^^^^
AttributeError: 'Member' object has no attribute 'timed_out_until'
Ignoring exception in on_member_update
Traceback (most recent call last):
  File "/usr/local/lib/python3.12/site-packages/discord/client.py", line 465, in _run_event
    await coro(*args, **kwargs)
  File "/app/asu_discord/cogs/analytics.py", line 652, in on_member_update
    before_timeout = before.timed_out_until
                     ^^^^^^^^^^^^^^^^^^^^^^
AttributeError: 'Member' object has no attribute 'timed_out_until'
Ignoring exception in on_member_update
Traceback (most recent call last):
  File "/usr/local/lib/python3.12/site-packages/discord/client.py", line 465, in _run_event
    await coro(*args, **kwargs)
  File "/app/asu_discord/cogs/analytics.py", line 652, in on_member_update
    before_timeout = before.timed_out_until
                     ^^^^^^^^^^^^^^^^^^^^^^
AttributeError: 'Member' object has no attribute 'timed_out_until'
Ignoring exception in on_member_update
Traceback (most recent call last):
  File "/usr/local/lib/python3.12/site-packages/discord/client.py", line 465, in _run_event
    await coro(*args, **kwargs)
  File "/app/asu_discord/cogs/analytics.py", line 652, in on_member_update
    before_timeout = before.timed_out_until
                     ^^^^^^^^^^^^^^^^^^^^^^
AttributeError: 'Member' object has no attribute 'timed_out_until'
Ignoring exception in on_member_update
Traceback (most recent call last):
  File "/usr/local/lib/python3.12/site-packages/discord/client.py", line 465, in _run_event
    await coro(*args, **kwargs)
  File "/app/asu_discord/cogs/analytics.py", line 652, in on_member_update
    before_timeout = before.timed_out_until
                     ^^^^^^^^^^^^^^^^^^^^^^
AttributeError: 'Member' object has no attribute 'timed_out_until'
Ignoring exception in on_member_update
Traceback (most recent call last):
  File "/usr/local/lib/python3.12/site-packages/discord/client.py", line 465, in _run_event
    await coro(*args, **kwargs)
  File "/app/asu_discord/cogs/analytics.py", line 652, in on_member_update
    before_timeout = before.timed_out_until
                     ^^^^^^^^^^^^^^^^^^^^^^
AttributeError: 'Member' object has no attribute 'timed_out_until'
Ignoring exception in on_member_update
Traceback (most recent call last):
  File "/usr/local/lib/python3.12/site-packages/discord/client.py", line 465, in _run_event
    await coro(*args, **kwargs)
  File "/app/asu_discord/cogs/analytics.py", line 652, in on_member_update
    before_timeout = before.timed_out_until
                     ^^^^^^^^^^^^^^^^^^^^^^
AttributeError: 'Member' object has no attribute 'timed_out_until'
INFO:asu_discord.cogs.verification:Saved 6 roles to database for user nadelat2 (Discord ID: 1012520315382923284)
INFO:asu_discord.cogs.verification:Refreshed Salesforce roles for Discord user 1012520315382923284: -6/+6 roles, assigned=[Arizona Resident, Commited, Downtown Phoenix, Graduate Student, Tempe, W.P. Carey School of Business]
Ignoring exception in on_member_update
Traceback (most recent call last):
  File "/usr/local/lib/python3.12/site-packages/discord/client.py", line 465, in _run_event
    await coro(*args, **kwargs)
  File "/app/asu_discord/cogs/analytics.py", line 652, in on_member_update
    before_timeout = before.timed_out_until
                     ^^^^^^^^^^^^^^^^^^^^^^
AttributeError: 'Member' object has no attribute 'timed_out_until'
Ignoring exception in on_member_update
Traceback (most recent call last):
  File "/usr/local/lib/python3.12/site-packages/discord/client.py", line 465, in _run_event
    await coro(*args, **kwargs)
  File "/app/asu_discord/cogs/analytics.py", line 652, in on_member_update
    before_timeout = before.timed_out_until
                     ^^^^^^^^^^^^^^^^^^^^^^
AttributeError: 'Member' object has no attribute 'timed_out_until'
Ignoring exception in on_member_update
Traceback (most recent call last):
  File "/usr/local/lib/python3.12/site-packages/discord/client.py", line 465, in _run_event
    await coro(*args, **kwargs)
  File "/app/asu_discord/cogs/analytics.py", line 652, in on_member_update
    before_timeout = before.timed_out_until
                     ^^^^^^^^^^^^^^^^^^^^^^
AttributeError: 'Member' object has no attribute 'timed_out_until'
Ignoring exception in on_member_update
Traceback (most recent call last):
  File "/usr/local/lib/python3.12/site-packages/discord/client.py", line 465, in _run_event
    await coro(*args, **kwargs)
  File "/app/asu_discord/cogs/analytics.py", line 652, in on_member_update
    before_timeout = before.timed_out_until
                     ^^^^^^^^^^^^^^^^^^^^^^
AttributeError: 'Member' object has no attribute 'timed_out_until'
Ignoring exception in on_member_update
Traceback (most recent call last):
  File "/usr/local/lib/python3.12/site-packages/discord/client.py", line 465, in _run_event
    await coro(*args, **kwargs)
  File "/app/asu_discord/cogs/analytics.py", line 652, in on_member_update
    before_timeout = before.timed_out_until
                     ^^^^^^^^^^^^^^^^^^^^^^
AttributeError: 'Member' object has no attribute 'timed_out_until'
Ignoring exception in on_member_update
Traceback (most recent call last):
  File "/usr/local/lib/python3.12/site-packages/discord/client.py", line 465, in _run_event
    await coro(*args, **kwargs)
  File "/app/asu_discord/cogs/analytics.py", line 652, in on_member_update
    before_timeout = before.timed_out_until
                     ^^^^^^^^^^^^^^^^^^^^^^
AttributeError: 'Member' object has no attribute 'timed_out_until'
Ignoring exception in on_member_update
Traceback (most recent call last):
  File "/usr/local/lib/python3.12/site-packages/discord/client.py", line 465, in _run_event
    await coro(*args, **kwargs)
  File "/app/asu_discord/cogs/analytics.py", line 652, in on_member_update
    before_timeout = before.timed_out_until
                     ^^^^^^^^^^^^^^^^^^^^^^
AttributeError: 'Member' object has no attribute 'timed_out_until'
Ignoring exception in on_member_update
Traceback (most recent call last):
  File "/usr/local/lib/python3.12/site-packages/discord/client.py", line 465, in _run_event
    await coro(*args, **kwargs)
  File "/app/asu_discord/cogs/analytics.py", line 652, in on_member_update
    before_timeout = before.timed_out_until
                     ^^^^^^^^^^^^^^^^^^^^^^
AttributeError: 'Member' object has no attribute 'timed_out_until'
Ignoring exception in on_member_update
Traceback (most recent call last):
  File "/usr/local/lib/python3.12/site-packages/discord/client.py", line 465, in _run_event
    await coro(*args, **kwargs)
  File "/app/asu_discord/cogs/analytics.py", line 652, in on_member_update
    before_timeout = before.timed_out_until
                     ^^^^^^^^^^^^^^^^^^^^^^
AttributeError: 'Member' object has no attribute 'timed_out_until'
Ignoring exception in on_member_update
Traceback (most recent call last):
  File "/usr/local/lib/python3.12/site-packages/discord/client.py", line 465, in _run_event
    await coro(*args, **kwargs)
  File "/app/asu_discord/cogs/analytics.py", line 652, in on_member_update
    before_timeout = before.timed_out_until
                     ^^^^^^^^^^^^^^^^^^^^^^
AttributeError: 'Member' object has no attribute 'timed_out_until'
INFO:asu_discord.cogs.verification:Saved 5 roles to database for user sverdu11 (Discord ID: 828518369228881920)
INFO:asu_discord.cogs.verification:Refreshed Salesforce roles for Discord user 828518369228881920: -5/+5 roles, assigned=[Arizona Resident, First Generation Student, First Year, Ira A. Fulton Schools of Engineering, Tempe]
Ignoring exception in on_member_update
Traceback (most recent call last):
  File "/usr/local/lib/python3.12/site-packages/discord/client.py", line 465, in _run_event
    await coro(*args, **kwargs)
  File "/app/asu_discord/cogs/analytics.py", line 652, in on_member_update
    before_timeout = before.timed_out_until
                     ^^^^^^^^^^^^^^^^^^^^^^
AttributeError: 'Member' object has no attribute 'timed_out_until'
Ignoring exception in on_member_update
Traceback (most recent call last):
  File "/usr/local/lib/python3.12/site-packages/discord/client.py", line 465, in _run_event
    await coro(*args, **kwargs)
  File "/app/asu_discord/cogs/analytics.py", line 652, in on_member_update
    before_timeout = before.timed_out_until
                     ^^^^^^^^^^^^^^^^^^^^^^
AttributeError: 'Member' object has no attribute 'timed_out_until'
Ignoring exception in on_member_update
Traceback (most recent call last):
  File "/usr/local/lib/python3.12/site-packages/discord/client.py", line 465, in _run_event
    await coro(*args, **kwargs)
  File "/app/asu_discord/cogs/analytics.py", line 652, in on_member_update
    before_timeout = before.timed_out_until
                     ^^^^^^^^^^^^^^^^^^^^^^
AttributeError: 'Member' object has no attribute 'timed_out_until'
Ignoring exception in on_member_update
Traceback (most recent call last):
  File "/usr/local/lib/python3.12/site-packages/discord/client.py", line 465, in _run_event
    await coro(*args, **kwargs)
  File "/app/asu_discord/cogs/analytics.py", line 652, in on_member_update
    before_timeout = before.timed_out_until
                     ^^^^^^^^^^^^^^^^^^^^^^
AttributeError: 'Member' object has no attribute 'timed_out_until'
Ignoring exception in on_member_update
Traceback (most recent call last):
  File "/usr/local/lib/python3.12/site-packages/discord/client.py", line 465, in _run_event
    await coro(*args, **kwargs)
  File "/app/asu_discord/cogs/analytics.py", line 652, in on_member_update
    before_timeout = before.timed_out_until
                     ^^^^^^^^^^^^^^^^^^^^^^
AttributeError: 'Member' object has no attribute 'timed_out_until'
Ignoring exception in on_member_update
Traceback (most recent call last):
  File "/usr/local/lib/python3.12/site-packages/discord/client.py", line 465, in _run_event
    await coro(*args, **kwargs)
  File "/app/asu_discord/cogs/analytics.py", line 652, in on_member_update
    before_timeout = before.timed_out_until
                     ^^^^^^^^^^^^^^^^^^^^^^
AttributeError: 'Member' object has no attribute 'timed_out_until'
Ignoring exception in on_member_update
Traceback (most recent call last):
  File "/usr/local/lib/python3.12/site-packages/discord/client.py", line 465, in _run_event
    await coro(*args, **kwargs)
  File "/app/asu_discord/cogs/analytics.py", line 652, in on_member_update
    before_timeout = before.timed_out_until
                     ^^^^^^^^^^^^^^^^^^^^^^
AttributeError: 'Member' object has no attribute 'timed_out_until'
Ignoring exception in on_member_update
Traceback (most recent call last):
  File "/usr/local/lib/python3.12/site-packages/discord/client.py", line 465, in _run_event
    await coro(*args, **kwargs)
  File "/app/asu_discord/cogs/analytics.py", line 652, in on_member_update
    before_timeout = before.timed_out_until
                     ^^^^^^^^^^^^^^^^^^^^^^
AttributeError: 'Member' object has no attribute 'timed_out_until'
Ignoring exception in on_member_update
Traceback (most recent call last):
  File "/usr/local/lib/python3.12/site-packages/discord/client.py", line 465, in _run_event
    await coro(*args, **kwargs)
  File "/app/asu_discord/cogs/analytics.py", line 652, in on_member_update
    before_timeout = before.timed_out_until
                     ^^^^^^^^^^^^^^^^^^^^^^
AttributeError: 'Member' object has no attribute 'timed_out_until'
INFO:asu_discord.cogs.verification:Saved 5 roles to database for user cmruss11 (Discord ID: 905612840587645028)
INFO:asu_discord.cogs.verification:Refreshed Salesforce roles for Discord user 905612840587645028: -4/+5 roles, assigned=[Commited, First Year, Ira A. Fulton Schools of Engineering, Out of State, Tempe]
Ignoring exception in on_member_update
Traceback (most recent call last):
  File "/usr/local/lib/python3.12/site-packages/discord/client.py", line 465, in _run_event
    await coro(*args, **kwargs)
  File "/app/asu_discord/cogs/analytics.py", line 652, in on_member_update
    before_timeout = before.timed_out_until
                     ^^^^^^^^^^^^^^^^^^^^^^
AttributeError: 'Member' object has no attribute 'timed_out_until'
Ignoring exception in on_member_update
Traceback (most recent call last):
  File "/usr/local/lib/python3.12/site-packages/discord/client.py", line 465, in _run_event
    await coro(*args, **kwargs)
  File "/app/asu_discord/cogs/analytics.py", line 652, in on_member_update
    before_timeout = before.timed_out_until
                     ^^^^^^^^^^^^^^^^^^^^^^
AttributeError: 'Member' object has no attribute 'timed_out_until'
Ignoring exception in on_member_update
Traceback (most recent call last):
  File "/usr/local/lib/python3.12/site-packages/discord/client.py", line 465, in _run_event
    await coro(*args, **kwargs)
  File "/app/asu_discord/cogs/analytics.py", line 652, in on_member_update
    before_timeout = before.timed_out_until
                     ^^^^^^^^^^^^^^^^^^^^^^
AttributeError: 'Member' object has no attribute 'timed_out_until'
Ignoring exception in on_member_update
Traceback (most recent call last):
  File "/usr/local/lib/python3.12/site-packages/discord/client.py", line 465, in _run_event
    await coro(*args, **kwargs)
  File "/app/asu_discord/cogs/analytics.py", line 652, in on_member_update
    before_timeout = before.timed_out_until
                     ^^^^^^^^^^^^^^^^^^^^^^
AttributeError: 'Member' object has no attribute 'timed_out_until'
Ignoring exception in on_member_update
Traceback (most recent call last):
  File "/usr/local/lib/python3.12/site-packages/discord/client.py", line 465, in _run_event
    await coro(*args, **kwargs)
  File "/app/asu_discord/cogs/analytics.py", line 652, in on_member_update
    before_timeout = before.timed_out_until
                     ^^^^^^^^^^^^^^^^^^^^^^
AttributeError: 'Member' object has no attribute 'timed_out_until'
Ignoring exception in on_member_update
Traceback (most recent call last):
  File "/usr/local/lib/python3.12/site-packages/discord/client.py", line 465, in _run_event
    await coro(*args, **kwargs)
  File "/app/asu_discord/cogs/analytics.py", line 652, in on_member_update
    before_timeout = before.timed_out_until
                     ^^^^^^^^^^^^^^^^^^^^^^
AttributeError: 'Member' object has no attribute 'timed_out_until'
Ignoring exception in on_member_update
Traceback (most recent call last):
  File "/usr/local/lib/python3.12/site-packages/discord/client.py", line 465, in _run_event
    await coro(*args, **kwargs)
  File "/app/asu_discord/cogs/analytics.py", line 652, in on_member_update
    before_timeout = before.timed_out_until
                     ^^^^^^^^^^^^^^^^^^^^^^
AttributeError: 'Member' object has no attribute 'timed_out_until'
Ignoring exception in on_member_update
Traceback (most recent call last):
  File "/usr/local/lib/python3.12/site-packages/discord/client.py", line 465, in _run_event
    await coro(*args, **kwargs)
  File "/app/asu_discord/cogs/analytics.py", line 652, in on_member_update
    before_timeout = before.timed_out_until
                     ^^^^^^^^^^^^^^^^^^^^^^
AttributeError: 'Member' object has no attribute 'timed_out_until'
Ignoring exception in on_member_update
Traceback (most recent call last):
  File "/usr/local/lib/python3.12/site-packages/discord/client.py", line 465, in _run_event
    await coro(*args, **kwargs)
  File "/app/asu_discord/cogs/analytics.py", line 652, in on_member_update
    before_timeout = before.timed_out_until
                     ^^^^^^^^^^^^^^^^^^^^^^
AttributeError: 'Member' object has no attribute 'timed_out_until'
Ignoring exception in on_member_update
Traceback (most recent call last):
  File "/usr/local/lib/python3.12/site-packages/discord/client.py", line 465, in _run_event
    await coro(*args, **kwargs)
  File "/app/asu_discord/cogs/analytics.py", line 652, in on_member_update
    before_timeout = before.timed_out_until
                     ^^^^^^^^^^^^^^^^^^^^^^
AttributeError: 'Member' object has no attribute 'timed_out_until'
Ignoring exception in on_member_update
Traceback (most recent call last):
  File "/usr/local/lib/python3.12/site-packages/discord/client.py", line 465, in _run_event
    await coro(*args, **kwargs)
  File "/app/asu_discord/cogs/analytics.py", line 652, in on_member_update
    before_timeout = before.timed_out_until
                     ^^^^^^^^^^^^^^^^^^^^^^
AttributeError: 'Member' object has no attribute 'timed_out_until'
Ignoring exception in on_member_update
Traceback (most recent call last):
  File "/usr/local/lib/python3.12/site-packages/discord/client.py", line 465, in _run_event
    await coro(*args, **kwargs)
  File "/app/asu_discord/cogs/analytics.py", line 652, in on_member_update
    before_timeout = before.timed_out_until
                     ^^^^^^^^^^^^^^^^^^^^^^
AttributeError: 'Member' object has no attribute 'timed_out_until'
INFO:asu_discord.cogs.verification:Saved 6 roles to database for user ramart68 (Discord ID: 686631240551497768)
INFO:asu_discord.cogs.verification:Refreshed Salesforce roles for Discord user 686631240551497768: -6/+6 roles, assigned=[College of Health Solutions, Commited, First Generation Student, First Year, Out of State, Polytechnic]
Ignoring exception in on_member_update
Traceback (most recent call last):
  File "/usr/local/lib/python3.12/site-packages/discord/client.py", line 465, in _run_event
    await coro(*args, **kwargs)
  File "/app/asu_discord/cogs/analytics.py", line 652, in on_member_update
    before_timeout = before.timed_out_until
                     ^^^^^^^^^^^^^^^^^^^^^^
AttributeError: 'Member' object has no attribute 'timed_out_until'
Ignoring exception in on_member_update
Traceback (most recent call last):
  File "/usr/local/lib/python3.12/site-packages/discord/client.py", line 465, in _run_event
    await coro(*args, **kwargs)
  File "/app/asu_discord/cogs/analytics.py", line 652, in on_member_update
    before_timeout = before.timed_out_until
                     ^^^^^^^^^^^^^^^^^^^^^^
AttributeError: 'Member' object has no attribute 'timed_out_until'
Ignoring exception in on_member_update
Traceback (most recent call last):
  File "/usr/local/lib/python3.12/site-packages/discord/client.py", line 465, in _run_event
    await coro(*args, **kwargs)
  File "/app/asu_discord/cogs/analytics.py", line 652, in on_member_update
    before_timeout = before.timed_out_until
                     ^^^^^^^^^^^^^^^^^^^^^^
AttributeError: 'Member' object has no attribute 'timed_out_until'
Ignoring exception in on_member_update
Traceback (most recent call last):
  File "/usr/local/lib/python3.12/site-packages/discord/client.py", line 465, in _run_event
    await coro(*args, **kwargs)
  File "/app/asu_discord/cogs/analytics.py", line 652, in on_member_update
    before_timeout = before.timed_out_until
                     ^^^^^^^^^^^^^^^^^^^^^^
AttributeError: 'Member' object has no attribute 'timed_out_until'
Ignoring exception in on_member_update
Traceback (most recent call last):
  File "/usr/local/lib/python3.12/site-packages/discord/client.py", line 465, in _run_event
    await coro(*args, **kwargs)
  File "/app/asu_discord/cogs/analytics.py", line 652, in on_member_update
    before_timeout = before.timed_out_until
                     ^^^^^^^^^^^^^^^^^^^^^^
AttributeError: 'Member' object has no attribute 'timed_out_until'
Ignoring exception in on_member_update
Traceback (most recent call last):
  File "/usr/local/lib/python3.12/site-packages/discord/client.py", line 465, in _run_event
    await coro(*args, **kwargs)
  File "/app/asu_discord/cogs/analytics.py", line 652, in on_member_update
    before_timeout = before.timed_out_until
                     ^^^^^^^^^^^^^^^^^^^^^^
AttributeError: 'Member' object has no attribute 'timed_out_until'
Ignoring exception in on_member_update
Traceback (most recent call last):
  File "/usr/local/lib/python3.12/site-packages/discord/client.py", line 465, in _run_event
    await coro(*args, **kwargs)
  File "/app/asu_discord/cogs/analytics.py", line 652, in on_member_update
    before_timeout = before.timed_out_until
                     ^^^^^^^^^^^^^^^^^^^^^^
AttributeError: 'Member' object has no attribute 'timed_out_until'
Ignoring exception in on_member_update
Traceback (most recent call last):
  File "/usr/local/lib/python3.12/site-packages/discord/client.py", line 465, in _run_event
    await coro(*args, **kwargs)
  File "/app/asu_discord/cogs/analytics.py", line 652, in on_member_update
    before_timeout = before.timed_out_until
                     ^^^^^^^^^^^^^^^^^^^^^^
AttributeError: 'Member' object has no attribute 'timed_out_until'
INFO:asu_discord.cogs.verification:Saved 4 roles to database for user yubon (Discord ID: 476925990396887041)
INFO:asu_discord.cogs.verification:Refreshed Salesforce roles for Discord user 476925990396887041: -4/+4 roles, assigned=[Arizona Resident, College of Liberal Arts and Sciences, First Year, West Valley]
Ignoring exception in on_member_update
Traceback (most recent call last):
  File "/usr/local/lib/python3.12/site-packages/discord/client.py", line 465, in _run_event
    await coro(*args, **kwargs)
  File "/app/asu_discord/cogs/analytics.py", line 652, in on_member_update
    before_timeout = before.timed_out_until
                     ^^^^^^^^^^^^^^^^^^^^^^
AttributeError: 'Member' object has no attribute 'timed_out_until'
Ignoring exception in on_member_update
Traceback (most recent call last):
  File "/usr/local/lib/python3.12/site-packages/discord/client.py", line 465, in _run_event
    await coro(*args, **kwargs)
  File "/app/asu_discord/cogs/analytics.py", line 652, in on_member_update
    before_timeout = before.timed_out_until
                     ^^^^^^^^^^^^^^^^^^^^^^
AttributeError: 'Member' object has no attribute 'timed_out_until'
Ignoring exception in on_member_update
Traceback (most recent call last):
  File "/usr/local/lib/python3.12/site-packages/discord/client.py", line 465, in _run_event
    await coro(*args, **kwargs)
  File "/app/asu_discord/cogs/analytics.py", line 652, in on_member_update
    before_timeout = before.timed_out_until
                     ^^^^^^^^^^^^^^^^^^^^^^
AttributeError: 'Member' object has no attribute 'timed_out_until'
Ignoring exception in on_member_update
Traceback (most recent call last):
  File "/usr/local/lib/python3.12/site-packages/discord/client.py", line 465, in _run_event
    await coro(*args, **kwargs)
  File "/app/asu_discord/cogs/analytics.py", line 652, in on_member_update
    before_timeout = before.timed_out_until
                     ^^^^^^^^^^^^^^^^^^^^^^
AttributeError: 'Member' object has no attribute 'timed_out_until'
Ignoring exception in on_member_update
Traceback (most recent call last):
  File "/usr/local/lib/python3.12/site-packages/discord/client.py", line 465, in _run_event
    await coro(*args, **kwargs)
  File "/app/asu_discord/cogs/analytics.py", line 652, in on_member_update
    before_timeout = before.timed_out_until
                     ^^^^^^^^^^^^^^^^^^^^^^
AttributeError: 'Member' object has no attribute 'timed_out_until'
Ignoring exception in on_member_update
Traceback (most recent call last):
  File "/usr/local/lib/python3.12/site-packages/discord/client.py", line 465, in _run_event
    await coro(*args, **kwargs)
  File "/app/asu_discord/cogs/analytics.py", line 652, in on_member_update
    before_timeout = before.timed_out_until
                     ^^^^^^^^^^^^^^^^^^^^^^
AttributeError: 'Member' object has no attribute 'timed_out_until'
Ignoring exception in on_member_update
Traceback (most recent call last):
  File "/usr/local/lib/python3.12/site-packages/discord/client.py", line 465, in _run_event
    await coro(*args, **kwargs)
  File "/app/asu_discord/cogs/analytics.py", line 652, in on_member_update
    before_timeout = before.timed_out_until
                     ^^^^^^^^^^^^^^^^^^^^^^
AttributeError: 'Member' object has no attribute 'timed_out_until'
Ignoring exception in on_member_update
Traceback (most recent call last):
  File "/usr/local/lib/python3.12/site-packages/discord/client.py", line 465, in _run_event
    await coro(*args, **kwargs)
  File "/app/asu_discord/cogs/analytics.py", line 652, in on_member_update
    before_timeout = before.timed_out_until
                     ^^^^^^^^^^^^^^^^^^^^^^
AttributeError: 'Member' object has no attribute 'timed_out_until'
Ignoring exception in on_member_update
Traceback (most recent call last):
  File "/usr/local/lib/python3.12/site-packages/discord/client.py", line 465, in _run_event
    await coro(*args, **kwargs)
  File "/app/asu_discord/cogs/analytics.py", line 652, in on_member_update
    before_timeout = before.timed_out_until
                     ^^^^^^^^^^^^^^^^^^^^^^
AttributeError: 'Member' object has no attribute 'timed_out_until'
Ignoring exception in on_member_update
Traceback (most recent call last):
  File "/usr/local/lib/python3.12/site-packages/discord/client.py", line 465, in _run_event
    await coro(*args, **kwargs)
  File "/app/asu_discord/cogs/analytics.py", line 652, in on_member_update
    before_timeout = before.timed_out_until
                     ^^^^^^^^^^^^^^^^^^^^^^
AttributeError: 'Member' object has no attribute 'timed_out_until'
Ignoring exception in on_member_update
Traceback (most recent call last):
  File "/usr/local/lib/python3.12/site-packages/discord/client.py", line 465, in _run_event
    await coro(*args, **kwargs)
  File "/app/asu_discord/cogs/analytics.py", line 652, in on_member_update
    before_timeout = before.timed_out_until
                     ^^^^^^^^^^^^^^^^^^^^^^
AttributeError: 'Member' object has no attribute 'timed_out_until'
Ignoring exception in on_member_update
Traceback (most recent call last):
  File "/usr/local/lib/python3.12/site-packages/discord/client.py", line 465, in _run_event
    await coro(*args, **kwargs)
  File "/app/asu_discord/cogs/analytics.py", line 652, in on_member_update
    before_timeout = before.timed_out_until
                     ^^^^^^^^^^^^^^^^^^^^^^
AttributeError: 'Member' object has no attribute 'timed_out_until'
INFO:asu_discord.cogs.verification:Saved 6 roles to database for user pmarkgr1 (Discord ID: 1042249581506854933)
INFO:asu_discord.cogs.verification:Refreshed Salesforce roles for Discord user 1042249581506854933: -6/+6 roles, assigned=[Commited, First Generation Student, First Year, Out of State, Tempe, W.P. Carey School of Business]
ERROR:cron.jobs:refresh_salesforce_roles: failed for jalenako (Discord ID 691033049164546129): Failed to refresh Salesforce-based roles: Discord user 691033049164546129 is not a member of the guild
ERROR:cron.jobs:refresh_salesforce_roles: failed for orand (Discord ID 1483246662213173298): Failed to refresh Salesforce-based roles: Discord user 1483246662213173298 is not a member of the guild
Ignoring exception in on_member_update
Traceback (most recent call last):
  File "/usr/local/lib/python3.12/site-packages/discord/client.py", line 465, in _run_event
    await coro(*args, **kwargs)
  File "/app/asu_discord/cogs/analytics.py", line 652, in on_member_update
    before_timeout = before.timed_out_until
                     ^^^^^^^^^^^^^^^^^^^^^^
AttributeError: 'Member' object has no attribute 'timed_out_until'
Ignoring exception in on_member_update
Traceback (most recent call last):
  File "/usr/local/lib/python3.12/site-packages/discord/client.py", line 465, in _run_event
    await coro(*args, **kwargs)
  File "/app/asu_discord/cogs/analytics.py", line 652, in on_member_update
    before_timeout = before.timed_out_until
                     ^^^^^^^^^^^^^^^^^^^^^^
AttributeError: 'Member' object has no attribute 'timed_out_until'
Ignoring exception in on_member_update
Traceback (most recent call last):
  File "/usr/local/lib/python3.12/site-packages/discord/client.py", line 465, in _run_event
    await coro(*args, **kwargs)
  File "/app/asu_discord/cogs/analytics.py", line 652, in on_member_update
    before_timeout = before.timed_out_until
                     ^^^^^^^^^^^^^^^^^^^^^^
AttributeError: 'Member' object has no attribute 'timed_out_until'
Ignoring exception in on_member_update
Traceback (most recent call last):
  File "/usr/local/lib/python3.12/site-packages/discord/client.py", line 465, in _run_event
    await coro(*args, **kwargs)
  File "/app/asu_discord/cogs/analytics.py", line 652, in on_member_update
    before_timeout = before.timed_out_until
                     ^^^^^^^^^^^^^^^^^^^^^^
AttributeError: 'Member' object has no attribute 'timed_out_until'
Ignoring exception in on_member_update
Traceback (most recent call last):
  File "/usr/local/lib/python3.12/site-packages/discord/client.py", line 465, in _run_event
    await coro(*args, **kwargs)
  File "/app/asu_discord/cogs/analytics.py", line 652, in on_member_update
    before_timeout = before.timed_out_until
                     ^^^^^^^^^^^^^^^^^^^^^^
AttributeError: 'Member' object has no attribute 'timed_out_until'
Ignoring exception in on_member_update
Traceback (most recent call last):
  File "/usr/local/lib/python3.12/site-packages/discord/client.py", line 465, in _run_event
    await coro(*args, **kwargs)
  File "/app/asu_discord/cogs/analytics.py", line 652, in on_member_update
    before_timeout = before.timed_out_until
                     ^^^^^^^^^^^^^^^^^^^^^^
AttributeError: 'Member' object has no attribute 'timed_out_until'
Ignoring exception in on_member_update
Traceback (most recent call last):
  File "/usr/local/lib/python3.12/site-packages/discord/client.py", line 465, in _run_event
    await coro(*args, **kwargs)
  File "/app/asu_discord/cogs/analytics.py", line 652, in on_member_update
    before_timeout = before.timed_out_until
                     ^^^^^^^^^^^^^^^^^^^^^^
AttributeError: 'Member' object has no attribute 'timed_out_until'
Ignoring exception in on_member_update
Traceback (most recent call last):
  File "/usr/local/lib/python3.12/site-packages/discord/client.py", line 465, in _run_event
    await coro(*args, **kwargs)
  File "/app/asu_discord/cogs/analytics.py", line 652, in on_member_update
    before_timeout = before.timed_out_until
                     ^^^^^^^^^^^^^^^^^^^^^^
AttributeError: 'Member' object has no attribute 'timed_out_until'
Ignoring exception in on_member_update
Traceback (most recent call last):
  File "/usr/local/lib/python3.12/site-packages/discord/client.py", line 465, in _run_event
    await coro(*args, **kwargs)
  File "/app/asu_discord/cogs/analytics.py", line 652, in on_member_update
    before_timeout = before.timed_out_until
                     ^^^^^^^^^^^^^^^^^^^^^^
AttributeError: 'Member' object has no attribute 'timed_out_until'
Ignoring exception in on_member_update
Traceback (most recent call last):
  File "/usr/local/lib/python3.12/site-packages/discord/client.py", line 465, in _run_event
    await coro(*args, **kwargs)
  File "/app/asu_discord/cogs/analytics.py", line 652, in on_member_update
    before_timeout = before.timed_out_until
                     ^^^^^^^^^^^^^^^^^^^^^^
AttributeError: 'Member' object has no attribute 'timed_out_until'
INFO:asu_discord.cogs.verification:Saved 5 roles to database for user jennavo (Discord ID: 902054376598802432)
INFO:asu_discord.cogs.verification:Refreshed Salesforce roles for Discord user 902054376598802432: -5/+5 roles, assigned=[Arizona Resident, College of Liberal Arts and Sciences, First Generation Student, First Year, West Valley]
ERROR:cron.jobs:refresh_salesforce_roles: failed for gstilino (Discord ID 765675769232883763): Failed to refresh Salesforce-based roles: Discord user 765675769232883763 is not a member of the guild
ERROR:cron.jobs:refresh_salesforce_roles: failed for mcrisnai (Discord ID 909284936660439041): Failed to refresh Salesforce-based roles: Discord user 909284936660439041 is not a member of the guild
Ignoring exception in on_member_update
Traceback (most recent call last):
  File "/usr/local/lib/python3.12/site-packages/discord/client.py", line 465, in _run_event
    await coro(*args, **kwargs)
  File "/app/asu_discord/cogs/analytics.py", line 652, in on_member_update
    before_timeout = before.timed_out_until
                     ^^^^^^^^^^^^^^^^^^^^^^
AttributeError: 'Member' object has no attribute 'timed_out_until'
Ignoring exception in on_member_update
Traceback (most recent call last):
  File "/usr/local/lib/python3.12/site-packages/discord/client.py", line 465, in _run_event
    await coro(*args, **kwargs)
  File "/app/asu_discord/cogs/analytics.py", line 652, in on_member_update
    before_timeout = before.timed_out_until
                     ^^^^^^^^^^^^^^^^^^^^^^
AttributeError: 'Member' object has no attribute 'timed_out_until'
Ignoring exception in on_member_update
Traceback (most recent call last):
  File "/usr/local/lib/python3.12/site-packages/discord/client.py", line 465, in _run_event
    await coro(*args, **kwargs)
  File "/app/asu_discord/cogs/analytics.py", line 652, in on_member_update
    before_timeout = before.timed_out_until
                     ^^^^^^^^^^^^^^^^^^^^^^
AttributeError: 'Member' object has no attribute 'timed_out_until'
Ignoring exception in on_member_update
Traceback (most recent call last):
  File "/usr/local/lib/python3.12/site-packages/discord/client.py", line 465, in _run_event
    await coro(*args, **kwargs)
  File "/app/asu_discord/cogs/analytics.py", line 652, in on_member_update
    before_timeout = before.timed_out_until
                     ^^^^^^^^^^^^^^^^^^^^^^
AttributeError: 'Member' object has no attribute 'timed_out_until'
Ignoring exception in on_member_update
Traceback (most recent call last):
  File "/usr/local/lib/python3.12/site-packages/discord/client.py", line 465, in _run_event
    await coro(*args, **kwargs)
  File "/app/asu_discord/cogs/analytics.py", line 652, in on_member_update
    before_timeout = before.timed_out_until
                     ^^^^^^^^^^^^^^^^^^^^^^
AttributeError: 'Member' object has no attribute 'timed_out_until'
Ignoring exception in on_member_update
Traceback (most recent call last):
  File "/usr/local/lib/python3.12/site-packages/discord/client.py", line 465, in _run_event
    await coro(*args, **kwargs)
  File "/app/asu_discord/cogs/analytics.py", line 652, in on_member_update
    before_timeout = before.timed_out_until
                     ^^^^^^^^^^^^^^^^^^^^^^
AttributeError: 'Member' object has no attribute 'timed_out_until'
Ignoring exception in on_member_update
Traceback (most recent call last):
  File "/usr/local/lib/python3.12/site-packages/discord/client.py", line 465, in _run_event
    await coro(*args, **kwargs)
  File "/app/asu_discord/cogs/analytics.py", line 652, in on_member_update
    before_timeout = before.timed_out_until
                     ^^^^^^^^^^^^^^^^^^^^^^
AttributeError: 'Member' object has no attribute 'timed_out_until'
Ignoring exception in on_member_update
Traceback (most recent call last):
  File "/usr/local/lib/python3.12/site-packages/discord/client.py", line 465, in _run_event
    await coro(*args, **kwargs)
  File "/app/asu_discord/cogs/analytics.py", line 652, in on_member_update
    before_timeout = before.timed_out_until
                     ^^^^^^^^^^^^^^^^^^^^^^
AttributeError: 'Member' object has no attribute 'timed_out_until'
Ignoring exception in on_member_update
Traceback (most recent call last):
  File "/usr/local/lib/python3.12/site-packages/discord/client.py", line 465, in _run_event
    await coro(*args, **kwargs)
  File "/app/asu_discord/cogs/analytics.py", line 652, in on_member_update
    before_timeout = before.timed_out_until
                     ^^^^^^^^^^^^^^^^^^^^^^
AttributeError: 'Member' object has no attribute 'timed_out_until'
Ignoring exception in on_member_update
Traceback (most recent call last):
  File "/usr/local/lib/python3.12/site-packages/discord/client.py", line 465, in _run_event
    await coro(*args, **kwargs)
  File "/app/asu_discord/cogs/analytics.py", line 652, in on_member_update
    before_timeout = before.timed_out_until
                     ^^^^^^^^^^^^^^^^^^^^^^
AttributeError: 'Member' object has no attribute 'timed_out_until'
INFO:asu_discord.cogs.verification:Saved 5 roles to database for user rmaxfong (Discord ID: 635547489730166784)
INFO:asu_discord.cogs.verification:Refreshed Salesforce roles for Discord user 635547489730166784: -5/+5 roles, assigned=[Arizona Resident, Commited, First Year, Ira A. Fulton Schools of Engineering, Tempe]
ERROR:cron.jobs:refresh_salesforce_roles: failed for emandre4 (Discord ID 1437581569438122006): Failed to refresh Salesforce-based roles: Discord user 1437581569438122006 is not a member of the guild
Ignoring exception in on_member_update
Traceback (most recent call last):
  File "/usr/local/lib/python3.12/site-packages/discord/client.py", line 465, in _run_event
    await coro(*args, **kwargs)
  File "/app/asu_discord/cogs/analytics.py", line 652, in on_member_update
    before_timeout = before.timed_out_until
                     ^^^^^^^^^^^^^^^^^^^^^^
AttributeError: 'Member' object has no attribute 'timed_out_until'
Ignoring exception in on_member_update
Traceback (most recent call last):
  File "/usr/local/lib/python3.12/site-packages/discord/client.py", line 465, in _run_event
    await coro(*args, **kwargs)
  File "/app/asu_discord/cogs/analytics.py", line 652, in on_member_update
    before_timeout = before.timed_out_until
                     ^^^^^^^^^^^^^^^^^^^^^^
AttributeError: 'Member' object has no attribute 'timed_out_until'
Ignoring exception in on_member_update
Traceback (most recent call last):
  File "/usr/local/lib/python3.12/site-packages/discord/client.py", line 465, in _run_event
    await coro(*args, **kwargs)
  File "/app/asu_discord/cogs/analytics.py", line 652, in on_member_update
    before_timeout = before.timed_out_until
                     ^^^^^^^^^^^^^^^^^^^^^^
AttributeError: 'Member' object has no attribute 'timed_out_until'
Ignoring exception in on_member_update
Traceback (most recent call last):
  File "/usr/local/lib/python3.12/site-packages/discord/client.py", line 465, in _run_event
    await coro(*args, **kwargs)
  File "/app/asu_discord/cogs/analytics.py", line 652, in on_member_update
    before_timeout = before.timed_out_until
                     ^^^^^^^^^^^^^^^^^^^^^^
AttributeError: 'Member' object has no attribute 'timed_out_until'
Ignoring exception in on_member_update
Traceback (most recent call last):
  File "/usr/local/lib/python3.12/site-packages/discord/client.py", line 465, in _run_event
    await coro(*args, **kwargs)
  File "/app/asu_discord/cogs/analytics.py", line 652, in on_member_update
    before_timeout = before.timed_out_until
                     ^^^^^^^^^^^^^^^^^^^^^^
AttributeError: 'Member' object has no attribute 'timed_out_until'
Ignoring exception in on_member_update
Traceback (most recent call last):
  File "/usr/local/lib/python3.12/site-packages/discord/client.py", line 465, in _run_event
    await coro(*args, **kwargs)
  File "/app/asu_discord/cogs/analytics.py", line 652, in on_member_update
    before_timeout = before.timed_out_until
                     ^^^^^^^^^^^^^^^^^^^^^^
AttributeError: 'Member' object has no attribute 'timed_out_until'
Ignoring exception in on_member_update
Traceback (most recent call last):
  File "/usr/local/lib/python3.12/site-packages/discord/client.py", line 465, in _run_event
    await coro(*args, **kwargs)
  File "/app/asu_discord/cogs/analytics.py", line 652, in on_member_update
    before_timeout = before.timed_out_until
                     ^^^^^^^^^^^^^^^^^^^^^^
AttributeError: 'Member' object has no attribute 'timed_out_until'
Ignoring exception in on_member_update
Traceback (most recent call last):
  File "/usr/local/lib/python3.12/site-packages/discord/client.py", line 465, in _run_event
    await coro(*args, **kwargs)
  File "/app/asu_discord/cogs/analytics.py", line 652, in on_member_update
    before_timeout = before.timed_out_until
                     ^^^^^^^^^^^^^^^^^^^^^^
AttributeError: 'Member' object has no attribute 'timed_out_until'
Ignoring exception in on_member_update
Traceback (most recent call last):
  File "/usr/local/lib/python3.12/site-packages/discord/client.py", line 465, in _run_event
    await coro(*args, **kwargs)
  File "/app/asu_discord/cogs/analytics.py", line 652, in on_member_update
    before_timeout = before.timed_out_until
                     ^^^^^^^^^^^^^^^^^^^^^^
AttributeError: 'Member' object has no attribute 'timed_out_until'
Ignoring exception in on_member_update
Traceback (most recent call last):
  File "/usr/local/lib/python3.12/site-packages/discord/client.py", line 465, in _run_event
    await coro(*args, **kwargs)
  File "/app/asu_discord/cogs/analytics.py", line 652, in on_member_update
    before_timeout = before.timed_out_until
                     ^^^^^^^^^^^^^^^^^^^^^^
AttributeError: 'Member' object has no attribute 'timed_out_until'
INFO:asu_discord.cogs.verification:Saved 5 roles to database for user xcarvaja (Discord ID: 485518615630839833)
INFO:asu_discord.cogs.verification:Refreshed Salesforce roles for Discord user 485518615630839833: -5/+5 roles, assigned=[Commited, Herberger Institute for Design and the Arts, Out of State, Tempe, Transfer Student]
Ignoring exception in on_member_update
Traceback (most recent call last):
  File "/usr/local/lib/python3.12/site-packages/discord/client.py", line 465, in _run_event
    await coro(*args, **kwargs)
  File "/app/asu_discord/cogs/analytics.py", line 652, in on_member_update
    before_timeout = before.timed_out_until
                     ^^^^^^^^^^^^^^^^^^^^^^
AttributeError: 'Member' object has no attribute 'timed_out_until'
Ignoring exception in on_member_update
Traceback (most recent call last):
  File "/usr/local/lib/python3.12/site-packages/discord/client.py", line 465, in _run_event
    await coro(*args, **kwargs)
  File "/app/asu_discord/cogs/analytics.py", line 652, in on_member_update
    before_timeout = before.timed_out_until
                     ^^^^^^^^^^^^^^^^^^^^^^
AttributeError: 'Member' object has no attribute 'timed_out_until'
Ignoring exception in on_member_update
Traceback (most recent call last):
  File "/usr/local/lib/python3.12/site-packages/discord/client.py", line 465, in _run_event
    await coro(*args, **kwargs)
  File "/app/asu_discord/cogs/analytics.py", line 652, in on_member_update
    before_timeout = before.timed_out_until
                     ^^^^^^^^^^^^^^^^^^^^^^
AttributeError: 'Member' object has no attribute 'timed_out_until'
Ignoring exception in on_member_update
Traceback (most recent call last):
  File "/usr/local/lib/python3.12/site-packages/discord/client.py", line 465, in _run_event
    await coro(*args, **kwargs)
  File "/app/asu_discord/cogs/analytics.py", line 652, in on_member_update
    before_timeout = before.timed_out_until
                     ^^^^^^^^^^^^^^^^^^^^^^
AttributeError: 'Member' object has no attribute 'timed_out_until'
Ignoring exception in on_member_update
Traceback (most recent call last):
  File "/usr/local/lib/python3.12/site-packages/discord/client.py", line 465, in _run_event
    await coro(*args, **kwargs)
  File "/app/asu_discord/cogs/analytics.py", line 652, in on_member_update
    before_timeout = before.timed_out_until
                     ^^^^^^^^^^^^^^^^^^^^^^
AttributeError: 'Member' object has no attribute 'timed_out_until'
Ignoring exception in on_member_update
Traceback (most recent call last):
  File "/usr/local/lib/python3.12/site-packages/discord/client.py", line 465, in _run_event
    await coro(*args, **kwargs)
  File "/app/asu_discord/cogs/analytics.py", line 652, in on_member_update
    before_timeout = before.timed_out_until
                     ^^^^^^^^^^^^^^^^^^^^^^
AttributeError: 'Member' object has no attribute 'timed_out_until'
Ignoring exception in on_member_update
Traceback (most recent call last):
  File "/usr/local/lib/python3.12/site-packages/discord/client.py", line 465, in _run_event
    await coro(*args, **kwargs)
  File "/app/asu_discord/cogs/analytics.py", line 652, in on_member_update
    before_timeout = before.timed_out_until
                     ^^^^^^^^^^^^^^^^^^^^^^
AttributeError: 'Member' object has no attribute 'timed_out_until'
Ignoring exception in on_member_update
Traceback (most recent call last):
  File "/usr/local/lib/python3.12/site-packages/discord/client.py", line 465, in _run_event
    await coro(*args, **kwargs)
  File "/app/asu_discord/cogs/analytics.py", line 652, in on_member_update
    before_timeout = before.timed_out_until
                     ^^^^^^^^^^^^^^^^^^^^^^
AttributeError: 'Member' object has no attribute 'timed_out_until'
Ignoring exception in on_member_update
Traceback (most recent call last):
  File "/usr/local/lib/python3.12/site-packages/discord/client.py", line 465, in _run_event
    await coro(*args, **kwargs)
  File "/app/asu_discord/cogs/analytics.py", line 652, in on_member_update
    before_timeout = before.timed_out_until
                     ^^^^^^^^^^^^^^^^^^^^^^
AttributeError: 'Member' object has no attribute 'timed_out_until'
Ignoring exception in on_member_update
Traceback (most recent call last):
  File "/usr/local/lib/python3.12/site-packages/discord/client.py", line 465, in _run_event
    await coro(*args, **kwargs)
  File "/app/asu_discord/cogs/analytics.py", line 652, in on_member_update
    before_timeout = before.timed_out_until
                     ^^^^^^^^^^^^^^^^^^^^^^
AttributeError: 'Member' object has no attribute 'timed_out_until'
INFO:asu_discord.cogs.verification:Saved 5 roles to database for user krrodr23 (Discord ID: 750609695651135559)
INFO:asu_discord.cogs.verification:Refreshed Salesforce roles for Discord user 750609695651135559: -5/+5 roles, assigned=[College of Integrative Sciences and Arts, Commited, Out of State, Polytechnic, Transfer Student]
Ignoring exception in on_member_update
Traceback (most recent call last):
  File "/usr/local/lib/python3.12/site-packages/discord/client.py", line 465, in _run_event
    await coro(*args, **kwargs)
  File "/app/asu_discord/cogs/analytics.py", line 652, in on_member_update
    before_timeout = before.timed_out_until
                     ^^^^^^^^^^^^^^^^^^^^^^
AttributeError: 'Member' object has no attribute 'timed_out_until'
Ignoring exception in on_member_update
Traceback (most recent call last):
  File "/usr/local/lib/python3.12/site-packages/discord/client.py", line 465, in _run_event
    await coro(*args, **kwargs)
  File "/app/asu_discord/cogs/analytics.py", line 652, in on_member_update
    before_timeout = before.timed_out_until
                     ^^^^^^^^^^^^^^^^^^^^^^
AttributeError: 'Member' object has no attribute 'timed_out_until'
Ignoring exception in on_member_update
Traceback (most recent call last):
  File "/usr/local/lib/python3.12/site-packages/discord/client.py", line 465, in _run_event
    await coro(*args, **kwargs)
  File "/app/asu_discord/cogs/analytics.py", line 652, in on_member_update
    before_timeout = before.timed_out_until
                     ^^^^^^^^^^^^^^^^^^^^^^
AttributeError: 'Member' object has no attribute 'timed_out_until'
Ignoring exception in on_member_update
Traceback (most recent call last):
  File "/usr/local/lib/python3.12/site-packages/discord/client.py", line 465, in _run_event
    await coro(*args, **kwargs)
  File "/app/asu_discord/cogs/analytics.py", line 652, in on_member_update
    before_timeout = before.timed_out_until
                     ^^^^^^^^^^^^^^^^^^^^^^
AttributeError: 'Member' object has no attribute 'timed_out_until'
Ignoring exception in on_member_update
Traceback (most recent call last):
  File "/usr/local/lib/python3.12/site-packages/discord/client.py", line 465, in _run_event
    await coro(*args, **kwargs)
  File "/app/asu_discord/cogs/analytics.py", line 652, in on_member_update
    before_timeout = before.timed_out_until
                     ^^^^^^^^^^^^^^^^^^^^^^
AttributeError: 'Member' object has no attribute 'timed_out_until'
Ignoring exception in on_member_update
Traceback (most recent call last):
  File "/usr/local/lib/python3.12/site-packages/discord/client.py", line 465, in _run_event
    await coro(*args, **kwargs)
  File "/app/asu_discord/cogs/analytics.py", line 652, in on_member_update
    before_timeout = before.timed_out_until
                     ^^^^^^^^^^^^^^^^^^^^^^
AttributeError: 'Member' object has no attribute 'timed_out_until'
Ignoring exception in on_member_update
Traceback (most recent call last):
  File "/usr/local/lib/python3.12/site-packages/discord/client.py", line 465, in _run_event
    await coro(*args, **kwargs)
  File "/app/asu_discord/cogs/analytics.py", line 652, in on_member_update
    before_timeout = before.timed_out_until
                     ^^^^^^^^^^^^^^^^^^^^^^
AttributeError: 'Member' object has no attribute 'timed_out_until'
Ignoring exception in on_member_update
Traceback (most recent call last):
  File "/usr/local/lib/python3.12/site-packages/discord/client.py", line 465, in _run_event
    await coro(*args, **kwargs)
  File "/app/asu_discord/cogs/analytics.py", line 652, in on_member_update
    before_timeout = before.timed_out_until
                     ^^^^^^^^^^^^^^^^^^^^^^
AttributeError: 'Member' object has no attribute 'timed_out_until'
Ignoring exception in on_member_update
Traceback (most recent call last):
  File "/usr/local/lib/python3.12/site-packages/discord/client.py", line 465, in _run_event
    await coro(*args, **kwargs)
  File "/app/asu_discord/cogs/analytics.py", line 652, in on_member_update
    before_timeout = before.timed_out_until
                     ^^^^^^^^^^^^^^^^^^^^^^
AttributeError: 'Member' object has no attribute 'timed_out_until'
Ignoring exception in on_member_update
Traceback (most recent call last):
  File "/usr/local/lib/python3.12/site-packages/discord/client.py", line 465, in _run_event
    await coro(*args, **kwargs)
  File "/app/asu_discord/cogs/analytics.py", line 652, in on_member_update
    before_timeout = before.timed_out_until
                     ^^^^^^^^^^^^^^^^^^^^^^
AttributeError: 'Member' object has no attribute 'timed_out_until'
INFO:asu_discord.cogs.verification:Saved 5 roles to database for user asirohi4 (Discord ID: 1519671676239872191)
INFO:asu_discord.cogs.verification:Refreshed Salesforce roles for Discord user 1519671676239872191: -5/+5 roles, assigned=[Commited, First Year, International Student, Ira A. Fulton Schools of Engineering, Tempe]
Ignoring exception in on_member_update
Traceback (most recent call last):
  File "/usr/local/lib/python3.12/site-packages/discord/client.py", line 465, in _run_event
    await coro(*args, **kwargs)
  File "/app/asu_discord/cogs/analytics.py", line 652, in on_member_update
    before_timeout = before.timed_out_until
                     ^^^^^^^^^^^^^^^^^^^^^^
AttributeError: 'Member' object has no attribute 'timed_out_until'
Ignoring exception in on_member_update
Traceback (most recent call last):
  File "/usr/local/lib/python3.12/site-packages/discord/client.py", line 465, in _run_event
    await coro(*args, **kwargs)
  File "/app/asu_discord/cogs/analytics.py", line 652, in on_member_update
    before_timeout = before.timed_out_until
                     ^^^^^^^^^^^^^^^^^^^^^^
AttributeError: 'Member' object has no attribute 'timed_out_until'
Ignoring exception in on_member_update
Traceback (most recent call last):
  File "/usr/local/lib/python3.12/site-packages/discord/client.py", line 465, in _run_event
    await coro(*args, **kwargs)
  File "/app/asu_discord/cogs/analytics.py", line 652, in on_member_update
    before_timeout = before.timed_out_until
                     ^^^^^^^^^^^^^^^^^^^^^^
AttributeError: 'Member' object has no attribute 'timed_out_until'
Ignoring exception in on_member_update
Traceback (most recent call last):
  File "/usr/local/lib/python3.12/site-packages/discord/client.py", line 465, in _run_event
    await coro(*args, **kwargs)
  File "/app/asu_discord/cogs/analytics.py", line 652, in on_member_update
    before_timeout = before.timed_out_until
                     ^^^^^^^^^^^^^^^^^^^^^^
AttributeError: 'Member' object has no attribute 'timed_out_until'
Ignoring exception in on_member_update
Traceback (most recent call last):
  File "/usr/local/lib/python3.12/site-packages/discord/client.py", line 465, in _run_event
    await coro(*args, **kwargs)
  File "/app/asu_discord/cogs/analytics.py", line 652, in on_member_update
    before_timeout = before.timed_out_until
                     ^^^^^^^^^^^^^^^^^^^^^^
AttributeError: 'Member' object has no attribute 'timed_out_until'
Ignoring exception in on_member_update
Traceback (most recent call last):
  File "/usr/local/lib/python3.12/site-packages/discord/client.py", line 465, in _run_event
    await coro(*args, **kwargs)
  File "/app/asu_discord/cogs/analytics.py", line 652, in on_member_update
    before_timeout = before.timed_out_until
                     ^^^^^^^^^^^^^^^^^^^^^^
AttributeError: 'Member' object has no attribute 'timed_out_until'
Ignoring exception in on_member_update
Traceback (most recent call last):
  File "/usr/local/lib/python3.12/site-packages/discord/client.py", line 465, in _run_event
    await coro(*args, **kwargs)
  File "/app/asu_discord/cogs/analytics.py", line 652, in on_member_update
    before_timeout = before.timed_out_until
                     ^^^^^^^^^^^^^^^^^^^^^^
AttributeError: 'Member' object has no attribute 'timed_out_until'
Ignoring exception in on_member_update
Traceback (most recent call last):
  File "/usr/local/lib/python3.12/site-packages/discord/client.py", line 465, in _run_event
    await coro(*args, **kwargs)
  File "/app/asu_discord/cogs/analytics.py", line 652, in on_member_update
    before_timeout = before.timed_out_until
                     ^^^^^^^^^^^^^^^^^^^^^^
AttributeError: 'Member' object has no attribute 'timed_out_until'
INFO:asu_discord.cogs.verification:Saved 4 roles to database for user jthom305 (Discord ID: 1502885651711000599)
INFO:asu_discord.cogs.verification:Refreshed Salesforce roles for Discord user 1502885651711000599: -4/+4 roles, assigned=[First Year, New College of Interdisciplinary Arts and Sciences, Out of State, West Valley]
Ignoring exception in on_member_update
Traceback (most recent call last):
  File "/usr/local/lib/python3.12/site-packages/discord/client.py", line 465, in _run_event
    await coro(*args, **kwargs)
  File "/app/asu_discord/cogs/analytics.py", line 652, in on_member_update
    before_timeout = before.timed_out_until
                     ^^^^^^^^^^^^^^^^^^^^^^
AttributeError: 'Member' object has no attribute 'timed_out_until'
Ignoring exception in on_member_update
Traceback (most recent call last):
  File "/usr/local/lib/python3.12/site-packages/discord/client.py", line 465, in _run_event
    await coro(*args, **kwargs)
  File "/app/asu_discord/cogs/analytics.py", line 652, in on_member_update
    before_timeout = before.timed_out_until
                     ^^^^^^^^^^^^^^^^^^^^^^
AttributeError: 'Member' object has no attribute 'timed_out_until'
Ignoring exception in on_member_update
Traceback (most recent call last):
  File "/usr/local/lib/python3.12/site-packages/discord/client.py", line 465, in _run_event
    await coro(*args, **kwargs)
  File "/app/asu_discord/cogs/analytics.py", line 652, in on_member_update
    before_timeout = before.timed_out_until
                     ^^^^^^^^^^^^^^^^^^^^^^
AttributeError: 'Member' object has no attribute 'timed_out_until'
Ignoring exception in on_member_update
Traceback (most recent call last):
  File "/usr/local/lib/python3.12/site-packages/discord/client.py", line 465, in _run_event
    await coro(*args, **kwargs)
  File "/app/asu_discord/cogs/analytics.py", line 652, in on_member_update
    before_timeout = before.timed_out_until
                     ^^^^^^^^^^^^^^^^^^^^^^
AttributeError: 'Member' object has no attribute 'timed_out_until'
Ignoring exception in on_member_update
Traceback (most recent call last):
  File "/usr/local/lib/python3.12/site-packages/discord/client.py", line 465, in _run_event
    await coro(*args, **kwargs)
  File "/app/asu_discord/cogs/analytics.py", line 652, in on_member_update
    before_timeout = before.timed_out_until
                     ^^^^^^^^^^^^^^^^^^^^^^
AttributeError: 'Member' object has no attribute 'timed_out_until'
Ignoring exception in on_member_update
Traceback (most recent call last):
  File "/usr/local/lib/python3.12/site-packages/discord/client.py", line 465, in _run_event
    await coro(*args, **kwargs)
  File "/app/asu_discord/cogs/analytics.py", line 652, in on_member_update
    before_timeout = before.timed_out_until
                     ^^^^^^^^^^^^^^^^^^^^^^
AttributeError: 'Member' object has no attribute 'timed_out_until'
Ignoring exception in on_member_update
Traceback (most recent call last):
  File "/usr/local/lib/python3.12/site-packages/discord/client.py", line 465, in _run_event
    await coro(*args, **kwargs)
  File "/app/asu_discord/cogs/analytics.py", line 652, in on_member_update
    before_timeout = before.timed_out_until
                     ^^^^^^^^^^^^^^^^^^^^^^
AttributeError: 'Member' object has no attribute 'timed_out_until'
Ignoring exception in on_member_update
Traceback (most recent call last):
  File "/usr/local/lib/python3.12/site-packages/discord/client.py", line 465, in _run_event
    await coro(*args, **kwargs)
  File "/app/asu_discord/cogs/analytics.py", line 652, in on_member_update
    before_timeout = before.timed_out_until
                     ^^^^^^^^^^^^^^^^^^^^^^
AttributeError: 'Member' object has no attribute 'timed_out_until'
Ignoring exception in on_member_update
Traceback (most recent call last):
  File "/usr/local/lib/python3.12/site-packages/discord/client.py", line 465, in _run_event
    await coro(*args, **kwargs)
  File "/app/asu_discord/cogs/analytics.py", line 652, in on_member_update
    before_timeout = before.timed_out_until
                     ^^^^^^^^^^^^^^^^^^^^^^
AttributeError: 'Member' object has no attribute 'timed_out_until'
Ignoring exception in on_member_update
Traceback (most recent call last):
  File "/usr/local/lib/python3.12/site-packages/discord/client.py", line 465, in _run_event
    await coro(*args, **kwargs)
  File "/app/asu_discord/cogs/analytics.py", line 652, in on_member_update
    before_timeout = before.timed_out_until
                     ^^^^^^^^^^^^^^^^^^^^^^
AttributeError: 'Member' object has no attribute 'timed_out_until'
INFO:asu_discord.cogs.verification:Saved 5 roles to database for user slakkund (Discord ID: 955773582590509058)
INFO:asu_discord.cogs.verification:Refreshed Salesforce roles for Discord user 955773582590509058: -5/+5 roles, assigned=[Commited, Graduate Student, International Student, Ira A. Fulton Schools of Engineering, Polytechnic]
Ignoring exception in on_member_update
Traceback (most recent call last):
  File "/usr/local/lib/python3.12/site-packages/discord/client.py", line 465, in _run_event
    await coro(*args, **kwargs)
  File "/app/asu_discord/cogs/analytics.py", line 652, in on_member_update
    before_timeout = before.timed_out_until
                     ^^^^^^^^^^^^^^^^^^^^^^
AttributeError: 'Member' object has no attribute 'timed_out_until'
Ignoring exception in on_member_update
Traceback (most recent call last):
  File "/usr/local/lib/python3.12/site-packages/discord/client.py", line 465, in _run_event
    await coro(*args, **kwargs)
  File "/app/asu_discord/cogs/analytics.py", line 652, in on_member_update
    before_timeout = before.timed_out_until
                     ^^^^^^^^^^^^^^^^^^^^^^
AttributeError: 'Member' object has no attribute 'timed_out_until'
Ignoring exception in on_member_update
Traceback (most recent call last):
  File "/usr/local/lib/python3.12/site-packages/discord/client.py", line 465, in _run_event
    await coro(*args, **kwargs)
  File "/app/asu_discord/cogs/analytics.py", line 652, in on_member_update
    before_timeout = before.timed_out_until
                     ^^^^^^^^^^^^^^^^^^^^^^
AttributeError: 'Member' object has no attribute 'timed_out_until'
Ignoring exception in on_member_update
Traceback (most recent call last):
  File "/usr/local/lib/python3.12/site-packages/discord/client.py", line 465, in _run_event
    await coro(*args, **kwargs)
  File "/app/asu_discord/cogs/analytics.py", line 652, in on_member_update
    before_timeout = before.timed_out_until
                     ^^^^^^^^^^^^^^^^^^^^^^
AttributeError: 'Member' object has no attribute 'timed_out_until'
Ignoring exception in on_member_update
Traceback (most recent call last):
  File "/usr/local/lib/python3.12/site-packages/discord/client.py", line 465, in _run_event
    await coro(*args, **kwargs)
  File "/app/asu_discord/cogs/analytics.py", line 652, in on_member_update
    before_timeout = before.timed_out_until
                     ^^^^^^^^^^^^^^^^^^^^^^
AttributeError: 'Member' object has no attribute 'timed_out_until'
Ignoring exception in on_member_update
Traceback (most recent call last):
  File "/usr/local/lib/python3.12/site-packages/discord/client.py", line 465, in _run_event
    await coro(*args, **kwargs)
  File "/app/asu_discord/cogs/analytics.py", line 652, in on_member_update
    before_timeout = before.timed_out_until
                     ^^^^^^^^^^^^^^^^^^^^^^
AttributeError: 'Member' object has no attribute 'timed_out_until'
Ignoring exception in on_member_update
Traceback (most recent call last):
  File "/usr/local/lib/python3.12/site-packages/discord/client.py", line 465, in _run_event
    await coro(*args, **kwargs)
  File "/app/asu_discord/cogs/analytics.py", line 652, in on_member_update
    before_timeout = before.timed_out_until
                     ^^^^^^^^^^^^^^^^^^^^^^
AttributeError: 'Member' object has no attribute 'timed_out_until'
Ignoring exception in on_member_update
Traceback (most recent call last):
  File "/usr/local/lib/python3.12/site-packages/discord/client.py", line 465, in _run_event
    await coro(*args, **kwargs)
  File "/app/asu_discord/cogs/analytics.py", line 652, in on_member_update
    before_timeout = before.timed_out_until
                     ^^^^^^^^^^^^^^^^^^^^^^
AttributeError: 'Member' object has no attribute 'timed_out_until'
Ignoring exception in on_member_update
Traceback (most recent call last):
  File "/usr/local/lib/python3.12/site-packages/discord/client.py", line 465, in _run_event
    await coro(*args, **kwargs)
  File "/app/asu_discord/cogs/analytics.py", line 652, in on_member_update
    before_timeout = before.timed_out_until
                     ^^^^^^^^^^^^^^^^^^^^^^
AttributeError: 'Member' object has no attribute 'timed_out_until'
Ignoring exception in on_member_update
Traceback (most recent call last):
  File "/usr/local/lib/python3.12/site-packages/discord/client.py", line 465, in _run_event
    await coro(*args, **kwargs)
  File "/app/asu_discord/cogs/analytics.py", line 652, in on_member_update
    before_timeout = before.timed_out_until
                     ^^^^^^^^^^^^^^^^^^^^^^
AttributeError: 'Member' object has no attribute 'timed_out_until'
Ignoring exception in on_member_update
Traceback (most recent call last):
  File "/usr/local/lib/python3.12/site-packages/discord/client.py", line 465, in _run_event
    await coro(*args, **kwargs)
  File "/app/asu_discord/cogs/analytics.py", line 652, in on_member_update
    before_timeout = before.timed_out_until
                     ^^^^^^^^^^^^^^^^^^^^^^
AttributeError: 'Member' object has no attribute 'timed_out_until'
INFO:asu_discord.cogs.verification:Saved 6 roles to database for user afaria13 (Discord ID: 419161886504910848)
INFO:asu_discord.cogs.verification:Refreshed Salesforce roles for Discord user 419161886504910848: -5/+6 roles, assigned=[Arizona Resident, Commited, First Generation Student, First Year, Ira A. Fulton Schools of Engineering, Tempe]
Ignoring exception in on_member_update
Traceback (most recent call last):
  File "/usr/local/lib/python3.12/site-packages/discord/client.py", line 465, in _run_event
    await coro(*args, **kwargs)
  File "/app/asu_discord/cogs/analytics.py", line 652, in on_member_update
    before_timeout = before.timed_out_until
                     ^^^^^^^^^^^^^^^^^^^^^^
AttributeError: 'Member' object has no attribute 'timed_out_until'
Ignoring exception in on_member_update
Traceback (most recent call last):
  File "/usr/local/lib/python3.12/site-packages/discord/client.py", line 465, in _run_event
    await coro(*args, **kwargs)
  File "/app/asu_discord/cogs/analytics.py", line 652, in on_member_update
    before_timeout = before.timed_out_until
                     ^^^^^^^^^^^^^^^^^^^^^^
AttributeError: 'Member' object has no attribute 'timed_out_until'
Ignoring exception in on_member_update
Traceback (most recent call last):
  File "/usr/local/lib/python3.12/site-packages/discord/client.py", line 465, in _run_event
    await coro(*args, **kwargs)
  File "/app/asu_discord/cogs/analytics.py", line 652, in on_member_update
    before_timeout = before.timed_out_until
                     ^^^^^^^^^^^^^^^^^^^^^^
AttributeError: 'Member' object has no attribute 'timed_out_until'
Ignoring exception in on_member_update
Traceback (most recent call last):
  File "/usr/local/lib/python3.12/site-packages/discord/client.py", line 465, in _run_event
    await coro(*args, **kwargs)
  File "/app/asu_discord/cogs/analytics.py", line 652, in on_member_update
    before_timeout = before.timed_out_until
                     ^^^^^^^^^^^^^^^^^^^^^^
AttributeError: 'Member' object has no attribute 'timed_out_until'
Ignoring exception in on_member_update
Traceback (most recent call last):
  File "/usr/local/lib/python3.12/site-packages/discord/client.py", line 465, in _run_event
    await coro(*args, **kwargs)
  File "/app/asu_discord/cogs/analytics.py", line 652, in on_member_update
    before_timeout = before.timed_out_until
                     ^^^^^^^^^^^^^^^^^^^^^^
AttributeError: 'Member' object has no attribute 'timed_out_until'
Ignoring exception in on_member_update
Traceback (most recent call last):
  File "/usr/local/lib/python3.12/site-packages/discord/client.py", line 465, in _run_event
    await coro(*args, **kwargs)
  File "/app/asu_discord/cogs/analytics.py", line 652, in on_member_update
    before_timeout = before.timed_out_until
                     ^^^^^^^^^^^^^^^^^^^^^^
AttributeError: 'Member' object has no attribute 'timed_out_until'
Ignoring exception in on_member_update
Traceback (most recent call last):
  File "/usr/local/lib/python3.12/site-packages/discord/client.py", line 465, in _run_event
    await coro(*args, **kwargs)
  File "/app/asu_discord/cogs/analytics.py", line 652, in on_member_update
    before_timeout = before.timed_out_until
                     ^^^^^^^^^^^^^^^^^^^^^^
AttributeError: 'Member' object has no attribute 'timed_out_until'
Ignoring exception in on_member_update
Traceback (most recent call last):
  File "/usr/local/lib/python3.12/site-packages/discord/client.py", line 465, in _run_event
    await coro(*args, **kwargs)
  File "/app/asu_discord/cogs/analytics.py", line 652, in on_member_update
    before_timeout = before.timed_out_until
                     ^^^^^^^^^^^^^^^^^^^^^^
AttributeError: 'Member' object has no attribute 'timed_out_until'
Ignoring exception in on_member_update
Traceback (most recent call last):
  File "/usr/local/lib/python3.12/site-packages/discord/client.py", line 465, in _run_event
    await coro(*args, **kwargs)
  File "/app/asu_discord/cogs/analytics.py", line 652, in on_member_update
    before_timeout = before.timed_out_until
                     ^^^^^^^^^^^^^^^^^^^^^^
AttributeError: 'Member' object has no attribute 'timed_out_until'
Ignoring exception in on_member_update
Traceback (most recent call last):
  File "/usr/local/lib/python3.12/site-packages/discord/client.py", line 465, in _run_event
    await coro(*args, **kwargs)
  File "/app/asu_discord/cogs/analytics.py", line 652, in on_member_update
    before_timeout = before.timed_out_until
                     ^^^^^^^^^^^^^^^^^^^^^^
AttributeError: 'Member' object has no attribute 'timed_out_until'
INFO:asu_discord.cogs.verification:Saved 6 roles to database for user sknguye5 (Discord ID: 620816942336573451)
INFO:asu_discord.cogs.verification:Refreshed Salesforce roles for Discord user 620816942336573451: -4/+6 roles, assigned=[Arizona Resident, Commited, First Generation Student, First Year, Ira A. Fulton Schools of Engineering, Tempe]
Ignoring exception in on_member_update
Traceback (most recent call last):
  File "/usr/local/lib/python3.12/site-packages/discord/client.py", line 465, in _run_event
    await coro(*args, **kwargs)
  File "/app/asu_discord/cogs/analytics.py", line 652, in on_member_update
    before_timeout = before.timed_out_until
                     ^^^^^^^^^^^^^^^^^^^^^^
AttributeError: 'Member' object has no attribute 'timed_out_until'
Ignoring exception in on_member_update
Traceback (most recent call last):
  File "/usr/local/lib/python3.12/site-packages/discord/client.py", line 465, in _run_event
    await coro(*args, **kwargs)
  File "/app/asu_discord/cogs/analytics.py", line 652, in on_member_update
    before_timeout = before.timed_out_until
                     ^^^^^^^^^^^^^^^^^^^^^^
AttributeError: 'Member' object has no attribute 'timed_out_until'
Ignoring exception in on_member_update
Traceback (most recent call last):
  File "/usr/local/lib/python3.12/site-packages/discord/client.py", line 465, in _run_event
    await coro(*args, **kwargs)
  File "/app/asu_discord/cogs/analytics.py", line 652, in on_member_update
    before_timeout = before.timed_out_until
                     ^^^^^^^^^^^^^^^^^^^^^^
AttributeError: 'Member' object has no attribute 'timed_out_until'
Ignoring exception in on_member_update
Traceback (most recent call last):
  File "/usr/local/lib/python3.12/site-packages/discord/client.py", line 465, in _run_event
    await coro(*args, **kwargs)
  File "/app/asu_discord/cogs/analytics.py", line 652, in on_member_update
    before_timeout = before.timed_out_until
                     ^^^^^^^^^^^^^^^^^^^^^^
AttributeError: 'Member' object has no attribute 'timed_out_until'
Ignoring exception in on_member_update
Traceback (most recent call last):
  File "/usr/local/lib/python3.12/site-packages/discord/client.py", line 465, in _run_event
    await coro(*args, **kwargs)
  File "/app/asu_discord/cogs/analytics.py", line 652, in on_member_update
    before_timeout = before.timed_out_until
                     ^^^^^^^^^^^^^^^^^^^^^^
AttributeError: 'Member' object has no attribute 'timed_out_until'
Ignoring exception in on_member_update
Traceback (most recent call last):
  File "/usr/local/lib/python3.12/site-packages/discord/client.py", line 465, in _run_event
    await coro(*args, **kwargs)
  File "/app/asu_discord/cogs/analytics.py", line 652, in on_member_update
    before_timeout = before.timed_out_until
                     ^^^^^^^^^^^^^^^^^^^^^^
AttributeError: 'Member' object has no attribute 'timed_out_until'
Ignoring exception in on_member_update
Traceback (most recent call last):
  File "/usr/local/lib/python3.12/site-packages/discord/client.py", line 465, in _run_event
    await coro(*args, **kwargs)
  File "/app/asu_discord/cogs/analytics.py", line 652, in on_member_update
    before_timeout = before.timed_out_until
                     ^^^^^^^^^^^^^^^^^^^^^^
AttributeError: 'Member' object has no attribute 'timed_out_until'
Ignoring exception in on_member_update
Traceback (most recent call last):
  File "/usr/local/lib/python3.12/site-packages/discord/client.py", line 465, in _run_event
    await coro(*args, **kwargs)
  File "/app/asu_discord/cogs/analytics.py", line 652, in on_member_update
    before_timeout = before.timed_out_until
                     ^^^^^^^^^^^^^^^^^^^^^^
AttributeError: 'Member' object has no attribute 'timed_out_until'
Ignoring exception in on_member_update
Traceback (most recent call last):
  File "/usr/local/lib/python3.12/site-packages/discord/client.py", line 465, in _run_event
    await coro(*args, **kwargs)
  File "/app/asu_discord/cogs/analytics.py", line 652, in on_member_update
    before_timeout = before.timed_out_until
                     ^^^^^^^^^^^^^^^^^^^^^^
AttributeError: 'Member' object has no attribute 'timed_out_until'
Ignoring exception in on_member_update
Traceback (most recent call last):
  File "/usr/local/lib/python3.12/site-packages/discord/client.py", line 465, in _run_event
    await coro(*args, **kwargs)
  File "/app/asu_discord/cogs/analytics.py", line 652, in on_member_update
    before_timeout = before.timed_out_until
                     ^^^^^^^^^^^^^^^^^^^^^^
AttributeError: 'Member' object has no attribute 'timed_out_until'
INFO:asu_discord.cogs.verification:Saved 5 roles to database for user bkpatte2 (Discord ID: 1496543963157495970)
INFO:asu_discord.cogs.verification:Refreshed Salesforce roles for Discord user 1496543963157495970: -5/+5 roles, assigned=[Commited, Downtown Phoenix, Graduate Student, Out of State, Walter Cronkite School of Journalism and Mass Communication]
Ignoring exception in on_member_update
Traceback (most recent call last):
  File "/usr/local/lib/python3.12/site-packages/discord/client.py", line 465, in _run_event
    await coro(*args, **kwargs)
  File "/app/asu_discord/cogs/analytics.py", line 652, in on_member_update
    before_timeout = before.timed_out_until
                     ^^^^^^^^^^^^^^^^^^^^^^
AttributeError: 'Member' object has no attribute 'timed_out_until'
Ignoring exception in on_member_update
Traceback (most recent call last):
  File "/usr/local/lib/python3.12/site-packages/discord/client.py", line 465, in _run_event
    await coro(*args, **kwargs)
  File "/app/asu_discord/cogs/analytics.py", line 652, in on_member_update
    before_timeout = before.timed_out_until
                     ^^^^^^^^^^^^^^^^^^^^^^
AttributeError: 'Member' object has no attribute 'timed_out_until'
Ignoring exception in on_member_update
Traceback (most recent call last):
  File "/usr/local/lib/python3.12/site-packages/discord/client.py", line 465, in _run_event
    await coro(*args, **kwargs)
  File "/app/asu_discord/cogs/analytics.py", line 652, in on_member_update
    before_timeout = before.timed_out_until
                     ^^^^^^^^^^^^^^^^^^^^^^
AttributeError: 'Member' object has no attribute 'timed_out_until'
Ignoring exception in on_member_update
Traceback (most recent call last):
  File "/usr/local/lib/python3.12/site-packages/discord/client.py", line 465, in _run_event
    await coro(*args, **kwargs)
  File "/app/asu_discord/cogs/analytics.py", line 652, in on_member_update
    before_timeout = before.timed_out_until
                     ^^^^^^^^^^^^^^^^^^^^^^
AttributeError: 'Member' object has no attribute 'timed_out_until'
Ignoring exception in on_member_update
Traceback (most recent call last):
  File "/usr/local/lib/python3.12/site-packages/discord/client.py", line 465, in _run_event
    await coro(*args, **kwargs)
  File "/app/asu_discord/cogs/analytics.py", line 652, in on_member_update
    before_timeout = before.timed_out_until
                     ^^^^^^^^^^^^^^^^^^^^^^
AttributeError: 'Member' object has no attribute 'timed_out_until'
Ignoring exception in on_member_update
Traceback (most recent call last):
  File "/usr/local/lib/python3.12/site-packages/discord/client.py", line 465, in _run_event
    await coro(*args, **kwargs)
  File "/app/asu_discord/cogs/analytics.py", line 652, in on_member_update
    before_timeout = before.timed_out_until
                     ^^^^^^^^^^^^^^^^^^^^^^
AttributeError: 'Member' object has no attribute 'timed_out_until'
Ignoring exception in on_member_update
Traceback (most recent call last):
  File "/usr/local/lib/python3.12/site-packages/discord/client.py", line 465, in _run_event
    await coro(*args, **kwargs)
  File "/app/asu_discord/cogs/analytics.py", line 652, in on_member_update
    before_timeout = before.timed_out_until
                     ^^^^^^^^^^^^^^^^^^^^^^
AttributeError: 'Member' object has no attribute 'timed_out_until'
Ignoring exception in on_member_update
Traceback (most recent call last):
  File "/usr/local/lib/python3.12/site-packages/discord/client.py", line 465, in _run_event
    await coro(*args, **kwargs)
  File "/app/asu_discord/cogs/analytics.py", line 652, in on_member_update
    before_timeout = before.timed_out_until
                     ^^^^^^^^^^^^^^^^^^^^^^
AttributeError: 'Member' object has no attribute 'timed_out_until'
Ignoring exception in on_member_update
Traceback (most recent call last):
  File "/usr/local/lib/python3.12/site-packages/discord/client.py", line 465, in _run_event
    await coro(*args, **kwargs)
  File "/app/asu_discord/cogs/analytics.py", line 652, in on_member_update
    before_timeout = before.timed_out_until
                     ^^^^^^^^^^^^^^^^^^^^^^
AttributeError: 'Member' object has no attribute 'timed_out_until'
ERROR:cron.jobs:refresh_salesforce_roles: failed for jschuld2 (Discord ID 693986823394820177): Timed out refresh Salesforce-based roles
Ignoring exception in on_member_update
Traceback (most recent call last):
  File "/usr/local/lib/python3.12/site-packages/discord/client.py", line 465, in _run_event
    await coro(*args, **kwargs)
  File "/app/asu_discord/cogs/analytics.py", line 652, in on_member_update
    before_timeout = before.timed_out_until
                     ^^^^^^^^^^^^^^^^^^^^^^
AttributeError: 'Member' object has no attribute 'timed_out_until'
Ignoring exception in on_member_update
Traceback (most recent call last):
  File "/usr/local/lib/python3.12/site-packages/discord/client.py", line 465, in _run_event
    await coro(*args, **kwargs)
  File "/app/asu_discord/cogs/analytics.py", line 652, in on_member_update
    before_timeout = before.timed_out_until
                     ^^^^^^^^^^^^^^^^^^^^^^
AttributeError: 'Member' object has no attribute 'timed_out_until'
Ignoring exception in on_member_update
Traceback (most recent call last):
  File "/usr/local/lib/python3.12/site-packages/discord/client.py", line 465, in _run_event
    await coro(*args, **kwargs)
  File "/app/asu_discord/cogs/analytics.py", line 652, in on_member_update
    before_timeout = before.timed_out_until
                     ^^^^^^^^^^^^^^^^^^^^^^
AttributeError: 'Member' object has no attribute 'timed_out_until'
Ignoring exception in on_member_update
Traceback (most recent call last):
  File "/usr/local/lib/python3.12/site-packages/discord/client.py", line 465, in _run_event
    await coro(*args, **kwargs)
  File "/app/asu_discord/cogs/analytics.py", line 652, in on_member_update
    before_timeout = before.timed_out_until
                     ^^^^^^^^^^^^^^^^^^^^^^
AttributeError: 'Member' object has no attribute 'timed_out_until'
Ignoring exception in on_member_update
Traceback (most recent call last):
  File "/usr/local/lib/python3.12/site-packages/discord/client.py", line 465, in _run_event
    await coro(*args, **kwargs)
  File "/app/asu_discord/cogs/analytics.py", line 652, in on_member_update
    before_timeout = before.timed_out_until
                     ^^^^^^^^^^^^^^^^^^^^^^
AttributeError: 'Member' object has no attribute 'timed_out_until'
Ignoring exception in on_member_update
Traceback (most recent call last):
  File "/usr/local/lib/python3.12/site-packages/discord/client.py", line 465, in _run_event
    await coro(*args, **kwargs)
  File "/app/asu_discord/cogs/analytics.py", line 652, in on_member_update
    before_timeout = before.timed_out_until
                     ^^^^^^^^^^^^^^^^^^^^^^
AttributeError: 'Member' object has no attribute 'timed_out_until'
Ignoring exception in on_member_update
Traceback (most recent call last):
  File "/usr/local/lib/python3.12/site-packages/discord/client.py", line 465, in _run_event
    await coro(*args, **kwargs)
  File "/app/asu_discord/cogs/analytics.py", line 652, in on_member_update
    before_timeout = before.timed_out_until
                     ^^^^^^^^^^^^^^^^^^^^^^
AttributeError: 'Member' object has no attribute 'timed_out_until'
Ignoring exception in on_member_update
Traceback (most recent call last):
  File "/usr/local/lib/python3.12/site-packages/discord/client.py", line 465, in _run_event
    await coro(*args, **kwargs)
  File "/app/asu_discord/cogs/analytics.py", line 652, in on_member_update
    before_timeout = before.timed_out_until
                     ^^^^^^^^^^^^^^^^^^^^^^
AttributeError: 'Member' object has no attribute 'timed_out_until'
Ignoring exception in on_member_update
Traceback (most recent call last):
  File "/usr/local/lib/python3.12/site-packages/discord/client.py", line 465, in _run_event
    await coro(*args, **kwargs)
  File "/app/asu_discord/cogs/analytics.py", line 652, in on_member_update
    before_timeout = before.timed_out_until
                     ^^^^^^^^^^^^^^^^^^^^^^
AttributeError: 'Member' object has no attribute 'timed_out_until'
Ignoring exception in on_member_update
Traceback (most recent call last):
  File "/usr/local/lib/python3.12/site-packages/discord/client.py", line 465, in _run_event
    await coro(*args, **kwargs)
  File "/app/asu_discord/cogs/analytics.py", line 652, in on_member_update
    before_timeout = before.timed_out_until
                     ^^^^^^^^^^^^^^^^^^^^^^
AttributeError: 'Member' object has no attribute 'timed_out_until'
Ignoring exception in on_member_update
Traceback (most recent call last):
  File "/usr/local/lib/python3.12/site-packages/discord/client.py", line 465, in _run_event
    await coro(*args, **kwargs)
  File "/app/asu_discord/cogs/analytics.py", line 652, in on_member_update
    before_timeout = before.timed_out_until
                     ^^^^^^^^^^^^^^^^^^^^^^
AttributeError: 'Member' object has no attribute 'timed_out_until'
Ignoring exception in on_member_update
Traceback (most recent call last):
  File "/usr/local/lib/python3.12/site-packages/discord/client.py", line 465, in _run_event
    await coro(*args, **kwargs)
  File "/app/asu_discord/cogs/analytics.py", line 652, in on_member_update
    before_timeout = before.timed_out_until
                     ^^^^^^^^^^^^^^^^^^^^^^
AttributeError: 'Member' object has no attribute 'timed_out_until'
INFO:asu_discord.cogs.verification:Saved 6 roles to database for user amcoll34 (Discord ID: 1519833875839193243)
INFO:asu_discord.cogs.verification:Refreshed Salesforce roles for Discord user 1519833875839193243: -5/+6 roles, assigned=[Commited, First Generation Student, First Year, Out of State, Tempe, W.P. Carey School of Business]
Ignoring exception in on_member_update
Traceback (most recent call last):
  File "/usr/local/lib/python3.12/site-packages/discord/client.py", line 465, in _run_event
    await coro(*args, **kwargs)
  File "/app/asu_discord/cogs/analytics.py", line 652, in on_member_update
    before_timeout = before.timed_out_until
                     ^^^^^^^^^^^^^^^^^^^^^^
AttributeError: 'Member' object has no attribute 'timed_out_until'
Ignoring exception in on_member_update
Traceback (most recent call last):
  File "/usr/local/lib/python3.12/site-packages/discord/client.py", line 465, in _run_event
    await coro(*args, **kwargs)
  File "/app/asu_discord/cogs/analytics.py", line 652, in on_member_update
    before_timeout = before.timed_out_until
                     ^^^^^^^^^^^^^^^^^^^^^^
AttributeError: 'Member' object has no attribute 'timed_out_until'
Ignoring exception in on_member_update
Traceback (most recent call last):
  File "/usr/local/lib/python3.12/site-packages/discord/client.py", line 465, in _run_event
    await coro(*args, **kwargs)
  File "/app/asu_discord/cogs/analytics.py", line 652, in on_member_update
    before_timeout = before.timed_out_until
                     ^^^^^^^^^^^^^^^^^^^^^^
AttributeError: 'Member' object has no attribute 'timed_out_until'
Ignoring exception in on_member_update
Traceback (most recent call last):
  File "/usr/local/lib/python3.12/site-packages/discord/client.py", line 465, in _run_event
    await coro(*args, **kwargs)
  File "/app/asu_discord/cogs/analytics.py", line 652, in on_member_update
    before_timeout = before.timed_out_until
                     ^^^^^^^^^^^^^^^^^^^^^^
AttributeError: 'Member' object has no attribute 'timed_out_until'
Ignoring exception in on_member_update
Traceback (most recent call last):
  File "/usr/local/lib/python3.12/site-packages/discord/client.py", line 465, in _run_event
    await coro(*args, **kwargs)
  File "/app/asu_discord/cogs/analytics.py", line 652, in on_member_update
    before_timeout = before.timed_out_until
                     ^^^^^^^^^^^^^^^^^^^^^^
AttributeError: 'Member' object has no attribute 'timed_out_until'
Ignoring exception in on_member_update
Traceback (most recent call last):
  File "/usr/local/lib/python3.12/site-packages/discord/client.py", line 465, in _run_event
    await coro(*args, **kwargs)
  File "/app/asu_discord/cogs/analytics.py", line 652, in on_member_update
    before_timeout = before.timed_out_until
                     ^^^^^^^^^^^^^^^^^^^^^^
AttributeError: 'Member' object has no attribute 'timed_out_until'
Ignoring exception in on_member_update
Traceback (most recent call last):
  File "/usr/local/lib/python3.12/site-packages/discord/client.py", line 465, in _run_event
    await coro(*args, **kwargs)
  File "/app/asu_discord/cogs/analytics.py", line 652, in on_member_update
    before_timeout = before.timed_out_until
                     ^^^^^^^^^^^^^^^^^^^^^^
AttributeError: 'Member' object has no attribute 'timed_out_until'
Ignoring exception in on_member_update
Traceback (most recent call last):
  File "/usr/local/lib/python3.12/site-packages/discord/client.py", line 465, in _run_event
    await coro(*args, **kwargs)
  File "/app/asu_discord/cogs/analytics.py", line 652, in on_member_update
    before_timeout = before.timed_out_until
                     ^^^^^^^^^^^^^^^^^^^^^^
AttributeError: 'Member' object has no attribute 'timed_out_until'
INFO:asu_discord.cogs.verification:Saved 4 roles to database for user lcboucha (Discord ID: 1330594098947555409)
INFO:asu_discord.cogs.verification:Refreshed Salesforce roles for Discord user 1330594098947555409: -4/+4 roles, assigned=[First Year, Out of State, Tempe, W.P. Carey School of Business]
Ignoring exception in on_member_update
Traceback (most recent call last):
  File "/usr/local/lib/python3.12/site-packages/discord/client.py", line 465, in _run_event
    await coro(*args, **kwargs)
  File "/app/asu_discord/cogs/analytics.py", line 652, in on_member_update
    before_timeout = before.timed_out_until
                     ^^^^^^^^^^^^^^^^^^^^^^
AttributeError: 'Member' object has no attribute 'timed_out_until'
Ignoring exception in on_member_update
Traceback (most recent call last):
  File "/usr/local/lib/python3.12/site-packages/discord/client.py", line 465, in _run_event
    await coro(*args, **kwargs)
  File "/app/asu_discord/cogs/analytics.py", line 652, in on_member_update
    before_timeout = before.timed_out_until
                     ^^^^^^^^^^^^^^^^^^^^^^
AttributeError: 'Member' object has no attribute 'timed_out_until'
Ignoring exception in on_member_update
Traceback (most recent call last):
  File "/usr/local/lib/python3.12/site-packages/discord/client.py", line 465, in _run_event
    await coro(*args, **kwargs)
  File "/app/asu_discord/cogs/analytics.py", line 652, in on_member_update
    before_timeout = before.timed_out_until
                     ^^^^^^^^^^^^^^^^^^^^^^
AttributeError: 'Member' object has no attribute 'timed_out_until'
Ignoring exception in on_member_update
Traceback (most recent call last):
  File "/usr/local/lib/python3.12/site-packages/discord/client.py", line 465, in _run_event
    await coro(*args, **kwargs)
  File "/app/asu_discord/cogs/analytics.py", line 652, in on_member_update
    before_timeout = before.timed_out_until
                     ^^^^^^^^^^^^^^^^^^^^^^
AttributeError: 'Member' object has no attribute 'timed_out_until'
Ignoring exception in on_member_update
Traceback (most recent call last):
  File "/usr/local/lib/python3.12/site-packages/discord/client.py", line 465, in _run_event
    await coro(*args, **kwargs)
  File "/app/asu_discord/cogs/analytics.py", line 652, in on_member_update
    before_timeout = before.timed_out_until
                     ^^^^^^^^^^^^^^^^^^^^^^
AttributeError: 'Member' object has no attribute 'timed_out_until'
Ignoring exception in on_member_update
Traceback (most recent call last):
  File "/usr/local/lib/python3.12/site-packages/discord/client.py", line 465, in _run_event
    await coro(*args, **kwargs)
  File "/app/asu_discord/cogs/analytics.py", line 652, in on_member_update
    before_timeout = before.timed_out_until
                     ^^^^^^^^^^^^^^^^^^^^^^
AttributeError: 'Member' object has no attribute 'timed_out_until'
Ignoring exception in on_member_update
Traceback (most recent call last):
  File "/usr/local/lib/python3.12/site-packages/discord/client.py", line 465, in _run_event
    await coro(*args, **kwargs)
  File "/app/asu_discord/cogs/analytics.py", line 652, in on_member_update
    before_timeout = before.timed_out_until
                     ^^^^^^^^^^^^^^^^^^^^^^
AttributeError: 'Member' object has no attribute 'timed_out_until'
Ignoring exception in on_member_update
Traceback (most recent call last):
  File "/usr/local/lib/python3.12/site-packages/discord/client.py", line 465, in _run_event
    await coro(*args, **kwargs)
  File "/app/asu_discord/cogs/analytics.py", line 652, in on_member_update
    before_timeout = before.timed_out_until
                     ^^^^^^^^^^^^^^^^^^^^^^
AttributeError: 'Member' object has no attribute 'timed_out_until'
Ignoring exception in on_member_update
Traceback (most recent call last):
  File "/usr/local/lib/python3.12/site-packages/discord/client.py", line 465, in _run_event
    await coro(*args, **kwargs)
  File "/app/asu_discord/cogs/analytics.py", line 652, in on_member_update
    before_timeout = before.timed_out_until
                     ^^^^^^^^^^^^^^^^^^^^^^
AttributeError: 'Member' object has no attribute 'timed_out_until'
INFO:asu_discord.cogs.verification:Saved 5 roles to database for user mhewlet4 (Discord ID: 1519846505958211796)
INFO:asu_discord.cogs.verification:Refreshed Salesforce roles for Discord user 1519846505958211796: -5/+4 roles, assigned=[Arizona Resident, College of Liberal Arts and Sciences, First Generation Student, First Year, West Valley]
Ignoring exception in on_member_update
Traceback (most recent call last):
  File "/usr/local/lib/python3.12/site-packages/discord/client.py", line 465, in _run_event
    await coro(*args, **kwargs)
  File "/app/asu_discord/cogs/analytics.py", line 652, in on_member_update
    before_timeout = before.timed_out_until
                     ^^^^^^^^^^^^^^^^^^^^^^
AttributeError: 'Member' object has no attribute 'timed_out_until'
Ignoring exception in on_member_update
Traceback (most recent call last):
  File "/usr/local/lib/python3.12/site-packages/discord/client.py", line 465, in _run_event
    await coro(*args, **kwargs)
  File "/app/asu_discord/cogs/analytics.py", line 652, in on_member_update
    before_timeout = before.timed_out_until
                     ^^^^^^^^^^^^^^^^^^^^^^
AttributeError: 'Member' object has no attribute 'timed_out_until'
Ignoring exception in on_member_update
Traceback (most recent call last):
  File "/usr/local/lib/python3.12/site-packages/discord/client.py", line 465, in _run_event
    await coro(*args, **kwargs)
  File "/app/asu_discord/cogs/analytics.py", line 652, in on_member_update
    before_timeout = before.timed_out_until
                     ^^^^^^^^^^^^^^^^^^^^^^
AttributeError: 'Member' object has no attribute 'timed_out_until'
Ignoring exception in on_member_update
Traceback (most recent call last):
  File "/usr/local/lib/python3.12/site-packages/discord/client.py", line 465, in _run_event
    await coro(*args, **kwargs)
  File "/app/asu_discord/cogs/analytics.py", line 652, in on_member_update
    before_timeout = before.timed_out_until
                     ^^^^^^^^^^^^^^^^^^^^^^
AttributeError: 'Member' object has no attribute 'timed_out_until'
Ignoring exception in on_member_update
Traceback (most recent call last):
  File "/usr/local/lib/python3.12/site-packages/discord/client.py", line 465, in _run_event
    await coro(*args, **kwargs)
  File "/app/asu_discord/cogs/analytics.py", line 652, in on_member_update
    before_timeout = before.timed_out_until
                     ^^^^^^^^^^^^^^^^^^^^^^
AttributeError: 'Member' object has no attribute 'timed_out_until'
Ignoring exception in on_member_update
Traceback (most recent call last):
  File "/usr/local/lib/python3.12/site-packages/discord/client.py", line 465, in _run_event
    await coro(*args, **kwargs)
  File "/app/asu_discord/cogs/analytics.py", line 652, in on_member_update
    before_timeout = before.timed_out_until
                     ^^^^^^^^^^^^^^^^^^^^^^
AttributeError: 'Member' object has no attribute 'timed_out_until'
Ignoring exception in on_member_update
Traceback (most recent call last):
  File "/usr/local/lib/python3.12/site-packages/discord/client.py", line 465, in _run_event
    await coro(*args, **kwargs)
  File "/app/asu_discord/cogs/analytics.py", line 652, in on_member_update
    before_timeout = before.timed_out_until
                     ^^^^^^^^^^^^^^^^^^^^^^
AttributeError: 'Member' object has no attribute 'timed_out_until'
Ignoring exception in on_member_update
Traceback (most recent call last):
  File "/usr/local/lib/python3.12/site-packages/discord/client.py", line 465, in _run_event
    await coro(*args, **kwargs)
  File "/app/asu_discord/cogs/analytics.py", line 652, in on_member_update
    before_timeout = before.timed_out_until
                     ^^^^^^^^^^^^^^^^^^^^^^
AttributeError: 'Member' object has no attribute 'timed_out_until'
Ignoring exception in on_member_update
Traceback (most recent call last):
  File "/usr/local/lib/python3.12/site-packages/discord/client.py", line 465, in _run_event
    await coro(*args, **kwargs)
  File "/app/asu_discord/cogs/analytics.py", line 652, in on_member_update
    before_timeout = before.timed_out_until
                     ^^^^^^^^^^^^^^^^^^^^^^
AttributeError: 'Member' object has no attribute 'timed_out_until'
INFO:asu_discord.cogs.verification:Saved 5 roles to database for user aahme174 (Discord ID: 779054148213014550)
INFO:asu_discord.cogs.verification:Refreshed Salesforce roles for Discord user 779054148213014550: -4/+5 roles, assigned=[Arizona Resident, Commited, First Year, Ira A. Fulton Schools of Engineering, Tempe]
Ignoring exception in on_member_update
Traceback (most recent call last):
  File "/usr/local/lib/python3.12/site-packages/discord/client.py", line 465, in _run_event
    await coro(*args, **kwargs)
  File "/app/asu_discord/cogs/analytics.py", line 652, in on_member_update
    before_timeout = before.timed_out_until
                     ^^^^^^^^^^^^^^^^^^^^^^
AttributeError: 'Member' object has no attribute 'timed_out_until'
Ignoring exception in on_member_update
Traceback (most recent call last):
  File "/usr/local/lib/python3.12/site-packages/discord/client.py", line 465, in _run_event
    await coro(*args, **kwargs)
  File "/app/asu_discord/cogs/analytics.py", line 652, in on_member_update
    before_timeout = before.timed_out_until
                     ^^^^^^^^^^^^^^^^^^^^^^
AttributeError: 'Member' object has no attribute 'timed_out_until'
Ignoring exception in on_member_update
Traceback (most recent call last):
  File "/usr/local/lib/python3.12/site-packages/discord/client.py", line 465, in _run_event
    await coro(*args, **kwargs)
  File "/app/asu_discord/cogs/analytics.py", line 652, in on_member_update
    before_timeout = before.timed_out_until
                     ^^^^^^^^^^^^^^^^^^^^^^
AttributeError: 'Member' object has no attribute 'timed_out_until'
Ignoring exception in on_member_update
Traceback (most recent call last):
  File "/usr/local/lib/python3.12/site-packages/discord/client.py", line 465, in _run_event
    await coro(*args, **kwargs)
  File "/app/asu_discord/cogs/analytics.py", line 652, in on_member_update
    before_timeout = before.timed_out_until
                     ^^^^^^^^^^^^^^^^^^^^^^
AttributeError: 'Member' object has no attribute 'timed_out_until'
Ignoring exception in on_member_update
Traceback (most recent call last):
  File "/usr/local/lib/python3.12/site-packages/discord/client.py", line 465, in _run_event
    await coro(*args, **kwargs)
  File "/app/asu_discord/cogs/analytics.py", line 652, in on_member_update
    before_timeout = before.timed_out_until
                     ^^^^^^^^^^^^^^^^^^^^^^
AttributeError: 'Member' object has no attribute 'timed_out_until'
Ignoring exception in on_member_update
Traceback (most recent call last):
  File "/usr/local/lib/python3.12/site-packages/discord/client.py", line 465, in _run_event
    await coro(*args, **kwargs)
  File "/app/asu_discord/cogs/analytics.py", line 652, in on_member_update
    before_timeout = before.timed_out_until
                     ^^^^^^^^^^^^^^^^^^^^^^
AttributeError: 'Member' object has no attribute 'timed_out_until'
Ignoring exception in on_member_update
Traceback (most recent call last):
  File "/usr/local/lib/python3.12/site-packages/discord/client.py", line 465, in _run_event
    await coro(*args, **kwargs)
  File "/app/asu_discord/cogs/analytics.py", line 652, in on_member_update
    before_timeout = before.timed_out_until
                     ^^^^^^^^^^^^^^^^^^^^^^
AttributeError: 'Member' object has no attribute 'timed_out_until'
Ignoring exception in on_member_update
Traceback (most recent call last):
  File "/usr/local/lib/python3.12/site-packages/discord/client.py", line 465, in _run_event
    await coro(*args, **kwargs)
  File "/app/asu_discord/cogs/analytics.py", line 652, in on_member_update
    before_timeout = before.timed_out_until
                     ^^^^^^^^^^^^^^^^^^^^^^
AttributeError: 'Member' object has no attribute 'timed_out_until'
INFO:asu_discord.cogs.verification:Saved 4 roles to database for user bgoldfed (Discord ID: 681868505209110531)
INFO:asu_discord.cogs.verification:Refreshed Salesforce roles for Discord user 681868505209110531: -4/+4 roles, assigned=[Graduate Student, Out of State, Tempe, W.P. Carey School of Business]
Ignoring exception in on_member_update
Traceback (most recent call last):
  File "/usr/local/lib/python3.12/site-packages/discord/client.py", line 465, in _run_event
    await coro(*args, **kwargs)
  File "/app/asu_discord/cogs/analytics.py", line 652, in on_member_update
    before_timeout = before.timed_out_until
                     ^^^^^^^^^^^^^^^^^^^^^^
AttributeError: 'Member' object has no attribute 'timed_out_until'
Ignoring exception in on_member_update
Traceback (most recent call last):
  File "/usr/local/lib/python3.12/site-packages/discord/client.py", line 465, in _run_event
    await coro(*args, **kwargs)
  File "/app/asu_discord/cogs/analytics.py", line 652, in on_member_update
    before_timeout = before.timed_out_until
                     ^^^^^^^^^^^^^^^^^^^^^^
AttributeError: 'Member' object has no attribute 'timed_out_until'
Ignoring exception in on_member_update
Traceback (most recent call last):
  File "/usr/local/lib/python3.12/site-packages/discord/client.py", line 465, in _run_event
    await coro(*args, **kwargs)
  File "/app/asu_discord/cogs/analytics.py", line 652, in on_member_update
    before_timeout = before.timed_out_until
                     ^^^^^^^^^^^^^^^^^^^^^^
AttributeError: 'Member' object has no attribute 'timed_out_until'
Ignoring exception in on_member_update
Traceback (most recent call last):
  File "/usr/local/lib/python3.12/site-packages/discord/client.py", line 465, in _run_event
    await coro(*args, **kwargs)
  File "/app/asu_discord/cogs/analytics.py", line 652, in on_member_update
    before_timeout = before.timed_out_until
                     ^^^^^^^^^^^^^^^^^^^^^^
AttributeError: 'Member' object has no attribute 'timed_out_until'
Ignoring exception in on_member_update
Traceback (most recent call last):
  File "/usr/local/lib/python3.12/site-packages/discord/client.py", line 465, in _run_event
    await coro(*args, **kwargs)
  File "/app/asu_discord/cogs/analytics.py", line 652, in on_member_update
    before_timeout = before.timed_out_until
                     ^^^^^^^^^^^^^^^^^^^^^^
AttributeError: 'Member' object has no attribute 'timed_out_until'
Ignoring exception in on_member_update
Traceback (most recent call last):
  File "/usr/local/lib/python3.12/site-packages/discord/client.py", line 465, in _run_event
    await coro(*args, **kwargs)
  File "/app/asu_discord/cogs/analytics.py", line 652, in on_member_update
    before_timeout = before.timed_out_until
                     ^^^^^^^^^^^^^^^^^^^^^^
AttributeError: 'Member' object has no attribute 'timed_out_until'
Ignoring exception in on_member_update
Traceback (most recent call last):
  File "/usr/local/lib/python3.12/site-packages/discord/client.py", line 465, in _run_event
    await coro(*args, **kwargs)
  File "/app/asu_discord/cogs/analytics.py", line 652, in on_member_update
    before_timeout = before.timed_out_until
                     ^^^^^^^^^^^^^^^^^^^^^^
AttributeError: 'Member' object has no attribute 'timed_out_until'
Ignoring exception in on_member_update
Traceback (most recent call last):
  File "/usr/local/lib/python3.12/site-packages/discord/client.py", line 465, in _run_event
    await coro(*args, **kwargs)
  File "/app/asu_discord/cogs/analytics.py", line 652, in on_member_update
    before_timeout = before.timed_out_until
                     ^^^^^^^^^^^^^^^^^^^^^^
AttributeError: 'Member' object has no attribute 'timed_out_until'
Ignoring exception in on_member_update
Traceback (most recent call last):
  File "/usr/local/lib/python3.12/site-packages/discord/client.py", line 465, in _run_event
    await coro(*args, **kwargs)
  File "/app/asu_discord/cogs/analytics.py", line 652, in on_member_update
    before_timeout = before.timed_out_until
                     ^^^^^^^^^^^^^^^^^^^^^^
AttributeError: 'Member' object has no attribute 'timed_out_until'
Ignoring exception in on_member_update
Traceback (most recent call last):
  File "/usr/local/lib/python3.12/site-packages/discord/client.py", line 465, in _run_event
    await coro(*args, **kwargs)
  File "/app/asu_discord/cogs/analytics.py", line 652, in on_member_update
    before_timeout = before.timed_out_until
                     ^^^^^^^^^^^^^^^^^^^^^^
AttributeError: 'Member' object has no attribute 'timed_out_until'
INFO:asu_discord.cogs.verification:Saved 5 roles to database for user pmmill13 (Discord ID: 557721027594158090)
INFO:asu_discord.cogs.verification:Refreshed Salesforce roles for Discord user 557721027594158090: -5/+5 roles, assigned=[Arizona Resident, College of Liberal Arts and Sciences, Commited, Tempe, Transfer Student]
Ignoring exception in on_member_update
Traceback (most recent call last):
  File "/usr/local/lib/python3.12/site-packages/discord/client.py", line 465, in _run_event
    await coro(*args, **kwargs)
  File "/app/asu_discord/cogs/analytics.py", line 652, in on_member_update
    before_timeout = before.timed_out_until
                     ^^^^^^^^^^^^^^^^^^^^^^
AttributeError: 'Member' object has no attribute 'timed_out_until'
Ignoring exception in on_member_update
Traceback (most recent call last):
  File "/usr/local/lib/python3.12/site-packages/discord/client.py", line 465, in _run_event
    await coro(*args, **kwargs)
  File "/app/asu_discord/cogs/analytics.py", line 652, in on_member_update
    before_timeout = before.timed_out_until
                     ^^^^^^^^^^^^^^^^^^^^^^
AttributeError: 'Member' object has no attribute 'timed_out_until'
Ignoring exception in on_member_update
Traceback (most recent call last):
  File "/usr/local/lib/python3.12/site-packages/discord/client.py", line 465, in _run_event
    await coro(*args, **kwargs)
  File "/app/asu_discord/cogs/analytics.py", line 652, in on_member_update
    before_timeout = before.timed_out_until
                     ^^^^^^^^^^^^^^^^^^^^^^
AttributeError: 'Member' object has no attribute 'timed_out_until'
Ignoring exception in on_member_update
Traceback (most recent call last):
  File "/usr/local/lib/python3.12/site-packages/discord/client.py", line 465, in _run_event
    await coro(*args, **kwargs)
  File "/app/asu_discord/cogs/analytics.py", line 652, in on_member_update
    before_timeout = before.timed_out_until
                     ^^^^^^^^^^^^^^^^^^^^^^
AttributeError: 'Member' object has no attribute 'timed_out_until'
Ignoring exception in on_member_update
Traceback (most recent call last):
  File "/usr/local/lib/python3.12/site-packages/discord/client.py", line 465, in _run_event
    await coro(*args, **kwargs)
  File "/app/asu_discord/cogs/analytics.py", line 652, in on_member_update
    before_timeout = before.timed_out_until
                     ^^^^^^^^^^^^^^^^^^^^^^
AttributeError: 'Member' object has no attribute 'timed_out_until'
Ignoring exception in on_member_update
Traceback (most recent call last):
  File "/usr/local/lib/python3.12/site-packages/discord/client.py", line 465, in _run_event
    await coro(*args, **kwargs)
  File "/app/asu_discord/cogs/analytics.py", line 652, in on_member_update
    before_timeout = before.timed_out_until
                     ^^^^^^^^^^^^^^^^^^^^^^
AttributeError: 'Member' object has no attribute 'timed_out_until'
Ignoring exception in on_member_update
Traceback (most recent call last):
  File "/usr/local/lib/python3.12/site-packages/discord/client.py", line 465, in _run_event
    await coro(*args, **kwargs)
  File "/app/asu_discord/cogs/analytics.py", line 652, in on_member_update
    before_timeout = before.timed_out_until
                     ^^^^^^^^^^^^^^^^^^^^^^
AttributeError: 'Member' object has no attribute 'timed_out_until'
Ignoring exception in on_member_update
Traceback (most recent call last):
  File "/usr/local/lib/python3.12/site-packages/discord/client.py", line 465, in _run_event
    await coro(*args, **kwargs)
  File "/app/asu_discord/cogs/analytics.py", line 652, in on_member_update
    before_timeout = before.timed_out_until
                     ^^^^^^^^^^^^^^^^^^^^^^
AttributeError: 'Member' object has no attribute 'timed_out_until'
Ignoring exception in on_member_update
Traceback (most recent call last):
  File "/usr/local/lib/python3.12/site-packages/discord/client.py", line 465, in _run_event
    await coro(*args, **kwargs)
  File "/app/asu_discord/cogs/analytics.py", line 652, in on_member_update
    before_timeout = before.timed_out_until
                     ^^^^^^^^^^^^^^^^^^^^^^
AttributeError: 'Member' object has no attribute 'timed_out_until'
Ignoring exception in on_member_update
Traceback (most recent call last):
  File "/usr/local/lib/python3.12/site-packages/discord/client.py", line 465, in _run_event
    await coro(*args, **kwargs)
  File "/app/asu_discord/cogs/analytics.py", line 652, in on_member_update
    before_timeout = before.timed_out_until
                     ^^^^^^^^^^^^^^^^^^^^^^
AttributeError: 'Member' object has no attribute 'timed_out_until'
Ignoring exception in on_member_update
Traceback (most recent call last):
  File "/usr/local/lib/python3.12/site-packages/discord/client.py", line 465, in _run_event
    await coro(*args, **kwargs)
  File "/app/asu_discord/cogs/analytics.py", line 652, in on_member_update
    before_timeout = before.timed_out_until
                     ^^^^^^^^^^^^^^^^^^^^^^
AttributeError: 'Member' object has no attribute 'timed_out_until'
Ignoring exception in on_member_update
Traceback (most recent call last):
  File "/usr/local/lib/python3.12/site-packages/discord/client.py", line 465, in _run_event
    await coro(*args, **kwargs)
  File "/app/asu_discord/cogs/analytics.py", line 652, in on_member_update
    before_timeout = before.timed_out_until
                     ^^^^^^^^^^^^^^^^^^^^^^
AttributeError: 'Member' object has no attribute 'timed_out_until'
INFO:asu_discord.cogs.verification:Saved 6 roles to database for user dtsmit29 (Discord ID: 1308779708023963648)
INFO:asu_discord.cogs.verification:Refreshed Salesforce roles for Discord user 1308779708023963648: -6/+6 roles, assigned=[Arizona Resident, Commited, First Generation Student, First Year, Tempe, W.P. Carey School of Business]
Ignoring exception in on_member_update
Traceback (most recent call last):
  File "/usr/local/lib/python3.12/site-packages/discord/client.py", line 465, in _run_event
    await coro(*args, **kwargs)
  File "/app/asu_discord/cogs/analytics.py", line 652, in on_member_update
    before_timeout = before.timed_out_until
                     ^^^^^^^^^^^^^^^^^^^^^^
AttributeError: 'Member' object has no attribute 'timed_out_until'
Ignoring exception in on_member_update
Traceback (most recent call last):
  File "/usr/local/lib/python3.12/site-packages/discord/client.py", line 465, in _run_event
    await coro(*args, **kwargs)
  File "/app/asu_discord/cogs/analytics.py", line 652, in on_member_update
    before_timeout = before.timed_out_until
                     ^^^^^^^^^^^^^^^^^^^^^^
AttributeError: 'Member' object has no attribute 'timed_out_until'
Ignoring exception in on_member_update
Traceback (most recent call last):
  File "/usr/local/lib/python3.12/site-packages/discord/client.py", line 465, in _run_event
    await coro(*args, **kwargs)
  File "/app/asu_discord/cogs/analytics.py", line 652, in on_member_update
    before_timeout = before.timed_out_until
                     ^^^^^^^^^^^^^^^^^^^^^^
AttributeError: 'Member' object has no attribute 'timed_out_until'
Ignoring exception in on_member_update
Traceback (most recent call last):
  File "/usr/local/lib/python3.12/site-packages/discord/client.py", line 465, in _run_event
    await coro(*args, **kwargs)
  File "/app/asu_discord/cogs/analytics.py", line 652, in on_member_update
    before_timeout = before.timed_out_until
                     ^^^^^^^^^^^^^^^^^^^^^^
AttributeError: 'Member' object has no attribute 'timed_out_until'
Ignoring exception in on_member_update
Traceback (most recent call last):
  File "/usr/local/lib/python3.12/site-packages/discord/client.py", line 465, in _run_event
    await coro(*args, **kwargs)
  File "/app/asu_discord/cogs/analytics.py", line 652, in on_member_update
    before_timeout = before.timed_out_until
                     ^^^^^^^^^^^^^^^^^^^^^^
AttributeError: 'Member' object has no attribute 'timed_out_until'
Ignoring exception in on_member_update
Traceback (most recent call last):
  File "/usr/local/lib/python3.12/site-packages/discord/client.py", line 465, in _run_event
    await coro(*args, **kwargs)
  File "/app/asu_discord/cogs/analytics.py", line 652, in on_member_update
    before_timeout = before.timed_out_until
                     ^^^^^^^^^^^^^^^^^^^^^^
AttributeError: 'Member' object has no attribute 'timed_out_until'
Ignoring exception in on_member_update
Traceback (most recent call last):
  File "/usr/local/lib/python3.12/site-packages/discord/client.py", line 465, in _run_event
    await coro(*args, **kwargs)
  File "/app/asu_discord/cogs/analytics.py", line 652, in on_member_update
    before_timeout = before.timed_out_until
                     ^^^^^^^^^^^^^^^^^^^^^^
AttributeError: 'Member' object has no attribute 'timed_out_until'
Ignoring exception in on_member_update
Traceback (most recent call last):
  File "/usr/local/lib/python3.12/site-packages/discord/client.py", line 465, in _run_event
    await coro(*args, **kwargs)
  File "/app/asu_discord/cogs/analytics.py", line 652, in on_member_update
    before_timeout = before.timed_out_until
                     ^^^^^^^^^^^^^^^^^^^^^^
AttributeError: 'Member' object has no attribute 'timed_out_until'
Ignoring exception in on_member_update
Traceback (most recent call last):
  File "/usr/local/lib/python3.12/site-packages/discord/client.py", line 465, in _run_event
    await coro(*args, **kwargs)
  File "/app/asu_discord/cogs/analytics.py", line 652, in on_member_update
    before_timeout = before.timed_out_until
                     ^^^^^^^^^^^^^^^^^^^^^^
AttributeError: 'Member' object has no attribute 'timed_out_until'
INFO:asu_discord.cogs.verification:Saved 5 roles to database for user gezazuet (Discord ID: 779105689024331837)
INFO:asu_discord.cogs.verification:Refreshed Salesforce roles for Discord user 779105689024331837: -4/+5 roles, assigned=[Commited, First Year, International Student, Tempe, W.P. Carey School of Business]
Ignoring exception in on_member_update
Traceback (most recent call last):
  File "/usr/local/lib/python3.12/site-packages/discord/client.py", line 465, in _run_event
    await coro(*args, **kwargs)
  File "/app/asu_discord/cogs/analytics.py", line 652, in on_member_update
    before_timeout = before.timed_out_until
                     ^^^^^^^^^^^^^^^^^^^^^^
AttributeError: 'Member' object has no attribute 'timed_out_until'
Ignoring exception in on_member_update
Traceback (most recent call last):
  File "/usr/local/lib/python3.12/site-packages/discord/client.py", line 465, in _run_event
    await coro(*args, **kwargs)
  File "/app/asu_discord/cogs/analytics.py", line 652, in on_member_update
    before_timeout = before.timed_out_until
                     ^^^^^^^^^^^^^^^^^^^^^^
AttributeError: 'Member' object has no attribute 'timed_out_until'
Ignoring exception in on_member_update
Traceback (most recent call last):
  File "/usr/local/lib/python3.12/site-packages/discord/client.py", line 465, in _run_event
    await coro(*args, **kwargs)
  File "/app/asu_discord/cogs/analytics.py", line 652, in on_member_update
    before_timeout = before.timed_out_until
                     ^^^^^^^^^^^^^^^^^^^^^^
AttributeError: 'Member' object has no attribute 'timed_out_until'
Ignoring exception in on_member_update
Traceback (most recent call last):
  File "/usr/local/lib/python3.12/site-packages/discord/client.py", line 465, in _run_event
    await coro(*args, **kwargs)
  File "/app/asu_discord/cogs/analytics.py", line 652, in on_member_update
    before_timeout = before.timed_out_until
                     ^^^^^^^^^^^^^^^^^^^^^^
AttributeError: 'Member' object has no attribute 'timed_out_until'
Ignoring exception in on_member_update
Traceback (most recent call last):
  File "/usr/local/lib/python3.12/site-packages/discord/client.py", line 465, in _run_event
    await coro(*args, **kwargs)
  File "/app/asu_discord/cogs/analytics.py", line 652, in on_member_update
    before_timeout = before.timed_out_until
                     ^^^^^^^^^^^^^^^^^^^^^^
AttributeError: 'Member' object has no attribute 'timed_out_until'
Ignoring exception in on_member_update
Traceback (most recent call last):
  File "/usr/local/lib/python3.12/site-packages/discord/client.py", line 465, in _run_event
    await coro(*args, **kwargs)
  File "/app/asu_discord/cogs/analytics.py", line 652, in on_member_update
    before_timeout = before.timed_out_until
                     ^^^^^^^^^^^^^^^^^^^^^^
AttributeError: 'Member' object has no attribute 'timed_out_until'
Ignoring exception in on_member_update
Traceback (most recent call last):
  File "/usr/local/lib/python3.12/site-packages/discord/client.py", line 465, in _run_event
    await coro(*args, **kwargs)
  File "/app/asu_discord/cogs/analytics.py", line 652, in on_member_update
    before_timeout = before.timed_out_until
                     ^^^^^^^^^^^^^^^^^^^^^^
AttributeError: 'Member' object has no attribute 'timed_out_until'
Ignoring exception in on_member_update
Traceback (most recent call last):
  File "/usr/local/lib/python3.12/site-packages/discord/client.py", line 465, in _run_event
    await coro(*args, **kwargs)
  File "/app/asu_discord/cogs/analytics.py", line 652, in on_member_update
    before_timeout = before.timed_out_until
                     ^^^^^^^^^^^^^^^^^^^^^^
AttributeError: 'Member' object has no attribute 'timed_out_until'
Ignoring exception in on_member_update
Traceback (most recent call last):
  File "/usr/local/lib/python3.12/site-packages/discord/client.py", line 465, in _run_event
    await coro(*args, **kwargs)
  File "/app/asu_discord/cogs/analytics.py", line 652, in on_member_update
    before_timeout = before.timed_out_until
                     ^^^^^^^^^^^^^^^^^^^^^^
AttributeError: 'Member' object has no attribute 'timed_out_until'
Ignoring exception in on_member_update
Traceback (most recent call last):
  File "/usr/local/lib/python3.12/site-packages/discord/client.py", line 465, in _run_event
    await coro(*args, **kwargs)
  File "/app/asu_discord/cogs/analytics.py", line 652, in on_member_update
    before_timeout = before.timed_out_until
                     ^^^^^^^^^^^^^^^^^^^^^^
AttributeError: 'Member' object has no attribute 'timed_out_until'
INFO:asu_discord.cogs.verification:Saved 5 roles to database for user akasaud1 (Discord ID: 899877351947665448)
INFO:asu_discord.cogs.verification:Refreshed Salesforce roles for Discord user 899877351947665448: -5/+5 roles, assigned=[Commited, First Year, International Student, Ira A. Fulton Schools of Engineering, Tempe]
Ignoring exception in on_member_update
Traceback (most recent call last):
  File "/usr/local/lib/python3.12/site-packages/discord/client.py", line 465, in _run_event
    await coro(*args, **kwargs)
  File "/app/asu_discord/cogs/analytics.py", line 652, in on_member_update
    before_timeout = before.timed_out_until
                     ^^^^^^^^^^^^^^^^^^^^^^
AttributeError: 'Member' object has no attribute 'timed_out_until'
Ignoring exception in on_member_update
Traceback (most recent call last):
  File "/usr/local/lib/python3.12/site-packages/discord/client.py", line 465, in _run_event
    await coro(*args, **kwargs)
  File "/app/asu_discord/cogs/analytics.py", line 652, in on_member_update
    before_timeout = before.timed_out_until
                     ^^^^^^^^^^^^^^^^^^^^^^
AttributeError: 'Member' object has no attribute 'timed_out_until'
Ignoring exception in on_member_update
Traceback (most recent call last):
  File "/usr/local/lib/python3.12/site-packages/discord/client.py", line 465, in _run_event
    await coro(*args, **kwargs)
  File "/app/asu_discord/cogs/analytics.py", line 652, in on_member_update
    before_timeout = before.timed_out_until
                     ^^^^^^^^^^^^^^^^^^^^^^
AttributeError: 'Member' object has no attribute 'timed_out_until'
Ignoring exception in on_member_update
Traceback (most recent call last):
  File "/usr/local/lib/python3.12/site-packages/discord/client.py", line 465, in _run_event
    await coro(*args, **kwargs)
  File "/app/asu_discord/cogs/analytics.py", line 652, in on_member_update
    before_timeout = before.timed_out_until
                     ^^^^^^^^^^^^^^^^^^^^^^
AttributeError: 'Member' object has no attribute 'timed_out_until'
Ignoring exception in on_member_update
Traceback (most recent call last):
  File "/usr/local/lib/python3.12/site-packages/discord/client.py", line 465, in _run_event
    await coro(*args, **kwargs)
  File "/app/asu_discord/cogs/analytics.py", line 652, in on_member_update
    before_timeout = before.timed_out_until
                     ^^^^^^^^^^^^^^^^^^^^^^
AttributeError: 'Member' object has no attribute 'timed_out_until'
Ignoring exception in on_member_update
Traceback (most recent call last):
  File "/usr/local/lib/python3.12/site-packages/discord/client.py", line 465, in _run_event
    await coro(*args, **kwargs)
  File "/app/asu_discord/cogs/analytics.py", line 652, in on_member_update
    before_timeout = before.timed_out_until
                     ^^^^^^^^^^^^^^^^^^^^^^
AttributeError: 'Member' object has no attribute 'timed_out_until'
Ignoring exception in on_member_update
Traceback (most recent call last):
  File "/usr/local/lib/python3.12/site-packages/discord/client.py", line 465, in _run_event
    await coro(*args, **kwargs)
  File "/app/asu_discord/cogs/analytics.py", line 652, in on_member_update
    before_timeout = before.timed_out_until
                     ^^^^^^^^^^^^^^^^^^^^^^
AttributeError: 'Member' object has no attribute 'timed_out_until'
Ignoring exception in on_member_update
Traceback (most recent call last):
  File "/usr/local/lib/python3.12/site-packages/discord/client.py", line 465, in _run_event
    await coro(*args, **kwargs)
  File "/app/asu_discord/cogs/analytics.py", line 652, in on_member_update
    before_timeout = before.timed_out_until
                     ^^^^^^^^^^^^^^^^^^^^^^
AttributeError: 'Member' object has no attribute 'timed_out_until'
Ignoring exception in on_member_update
Traceback (most recent call last):
  File "/usr/local/lib/python3.12/site-packages/discord/client.py", line 465, in _run_event
    await coro(*args, **kwargs)
  File "/app/asu_discord/cogs/analytics.py", line 652, in on_member_update
    before_timeout = before.timed_out_until
                     ^^^^^^^^^^^^^^^^^^^^^^
AttributeError: 'Member' object has no attribute 'timed_out_until'
INFO:asu_discord.cogs.verification:Saved 5 roles to database for user spate539 (Discord ID: 1308479166206971904)
INFO:asu_discord.cogs.verification:Refreshed Salesforce roles for Discord user 1308479166206971904: -5/+4 roles, assigned=[Commited, First Year, International Student, Ira A. Fulton Schools of Engineering, Tempe]
Ignoring exception in on_member_update
Traceback (most recent call last):
  File "/usr/local/lib/python3.12/site-packages/discord/client.py", line 465, in _run_event
    await coro(*args, **kwargs)
  File "/app/asu_discord/cogs/analytics.py", line 652, in on_member_update
    before_timeout = before.timed_out_until
                     ^^^^^^^^^^^^^^^^^^^^^^
AttributeError: 'Member' object has no attribute 'timed_out_until'
Ignoring exception in on_member_update
Traceback (most recent call last):
  File "/usr/local/lib/python3.12/site-packages/discord/client.py", line 465, in _run_event
    await coro(*args, **kwargs)
  File "/app/asu_discord/cogs/analytics.py", line 652, in on_member_update
    before_timeout = before.timed_out_until
                     ^^^^^^^^^^^^^^^^^^^^^^
AttributeError: 'Member' object has no attribute 'timed_out_until'
Ignoring exception in on_member_update
Traceback (most recent call last):
  File "/usr/local/lib/python3.12/site-packages/discord/client.py", line 465, in _run_event
    await coro(*args, **kwargs)
  File "/app/asu_discord/cogs/analytics.py", line 652, in on_member_update
    before_timeout = before.timed_out_until
                     ^^^^^^^^^^^^^^^^^^^^^^
AttributeError: 'Member' object has no attribute 'timed_out_until'
Ignoring exception in on_member_update
Traceback (most recent call last):
  File "/usr/local/lib/python3.12/site-packages/discord/client.py", line 465, in _run_event
    await coro(*args, **kwargs)
  File "/app/asu_discord/cogs/analytics.py", line 652, in on_member_update
    before_timeout = before.timed_out_until
                     ^^^^^^^^^^^^^^^^^^^^^^
AttributeError: 'Member' object has no attribute 'timed_out_until'
Ignoring exception in on_member_update
Traceback (most recent call last):
  File "/usr/local/lib/python3.12/site-packages/discord/client.py", line 465, in _run_event
    await coro(*args, **kwargs)
  File "/app/asu_discord/cogs/analytics.py", line 652, in on_member_update
    before_timeout = before.timed_out_until
                     ^^^^^^^^^^^^^^^^^^^^^^
AttributeError: 'Member' object has no attribute 'timed_out_until'
Ignoring exception in on_member_update
Traceback (most recent call last):
  File "/usr/local/lib/python3.12/site-packages/discord/client.py", line 465, in _run_event
    await coro(*args, **kwargs)
  File "/app/asu_discord/cogs/analytics.py", line 652, in on_member_update
    before_timeout = before.timed_out_until
                     ^^^^^^^^^^^^^^^^^^^^^^
AttributeError: 'Member' object has no attribute 'timed_out_until'
Ignoring exception in on_member_update
Traceback (most recent call last):
  File "/usr/local/lib/python3.12/site-packages/discord/client.py", line 465, in _run_event
    await coro(*args, **kwargs)
  File "/app/asu_discord/cogs/analytics.py", line 652, in on_member_update
    before_timeout = before.timed_out_until
                     ^^^^^^^^^^^^^^^^^^^^^^
AttributeError: 'Member' object has no attribute 'timed_out_until'
Ignoring exception in on_member_update
Traceback (most recent call last):
  File "/usr/local/lib/python3.12/site-packages/discord/client.py", line 465, in _run_event
    await coro(*args, **kwargs)
  File "/app/asu_discord/cogs/analytics.py", line 652, in on_member_update
    before_timeout = before.timed_out_until
                     ^^^^^^^^^^^^^^^^^^^^^^
AttributeError: 'Member' object has no attribute 'timed_out_until'
Ignoring exception in on_member_update
Traceback (most recent call last):
  File "/usr/local/lib/python3.12/site-packages/discord/client.py", line 465, in _run_event
    await coro(*args, **kwargs)
  File "/app/asu_discord/cogs/analytics.py", line 652, in on_member_update
    before_timeout = before.timed_out_until
                     ^^^^^^^^^^^^^^^^^^^^^^
AttributeError: 'Member' object has no attribute 'timed_out_until'
Ignoring exception in on_member_update
Traceback (most recent call last):
  File "/usr/local/lib/python3.12/site-packages/discord/client.py", line 465, in _run_event
    await coro(*args, **kwargs)
  File "/app/asu_discord/cogs/analytics.py", line 652, in on_member_update
    before_timeout = before.timed_out_until
                     ^^^^^^^^^^^^^^^^^^^^^^
AttributeError: 'Member' object has no attribute 'timed_out_until'
Ignoring exception in on_member_update
Traceback (most recent call last):
  File "/usr/local/lib/python3.12/site-packages/discord/client.py", line 465, in _run_event
    await coro(*args, **kwargs)
  File "/app/asu_discord/cogs/analytics.py", line 652, in on_member_update
    before_timeout = before.timed_out_until
                     ^^^^^^^^^^^^^^^^^^^^^^
AttributeError: 'Member' object has no attribute 'timed_out_until'
Ignoring exception in on_member_update
Traceback (most recent call last):
  File "/usr/local/lib/python3.12/site-packages/discord/client.py", line 465, in _run_event
    await coro(*args, **kwargs)
  File "/app/asu_discord/cogs/analytics.py", line 652, in on_member_update
    before_timeout = before.timed_out_until
                     ^^^^^^^^^^^^^^^^^^^^^^
AttributeError: 'Member' object has no attribute 'timed_out_until'
INFO:asu_discord.cogs.verification:Saved 6 roles to database for user amurshid (Discord ID: 481735959055171586)
INFO:asu_discord.cogs.verification:Refreshed Salesforce roles for Discord user 481735959055171586: -6/+6 roles, assigned=[Commited, First Generation Student, First Year, International Student, Ira A. Fulton Schools of Engineering, Tempe]
Ignoring exception in on_member_update
Traceback (most recent call last):
  File "/usr/local/lib/python3.12/site-packages/discord/client.py", line 465, in _run_event
    await coro(*args, **kwargs)
  File "/app/asu_discord/cogs/analytics.py", line 652, in on_member_update
    before_timeout = before.timed_out_until
                     ^^^^^^^^^^^^^^^^^^^^^^
AttributeError: 'Member' object has no attribute 'timed_out_until'
Ignoring exception in on_member_update
Traceback (most recent call last):
  File "/usr/local/lib/python3.12/site-packages/discord/client.py", line 465, in _run_event
    await coro(*args, **kwargs)
  File "/app/asu_discord/cogs/analytics.py", line 652, in on_member_update
    before_timeout = before.timed_out_until
                     ^^^^^^^^^^^^^^^^^^^^^^
AttributeError: 'Member' object has no attribute 'timed_out_until'
Ignoring exception in on_member_update
Traceback (most recent call last):
  File "/usr/local/lib/python3.12/site-packages/discord/client.py", line 465, in _run_event
    await coro(*args, **kwargs)
  File "/app/asu_discord/cogs/analytics.py", line 652, in on_member_update
    before_timeout = before.timed_out_until
                     ^^^^^^^^^^^^^^^^^^^^^^
AttributeError: 'Member' object has no attribute 'timed_out_until'
Ignoring exception in on_member_update
Traceback (most recent call last):
  File "/usr/local/lib/python3.12/site-packages/discord/client.py", line 465, in _run_event
    await coro(*args, **kwargs)
  File "/app/asu_discord/cogs/analytics.py", line 652, in on_member_update
    before_timeout = before.timed_out_until
                     ^^^^^^^^^^^^^^^^^^^^^^
AttributeError: 'Member' object has no attribute 'timed_out_until'
Ignoring exception in on_member_update
Traceback (most recent call last):
  File "/usr/local/lib/python3.12/site-packages/discord/client.py", line 465, in _run_event
    await coro(*args, **kwargs)
  File "/app/asu_discord/cogs/analytics.py", line 652, in on_member_update
    before_timeout = before.timed_out_until
                     ^^^^^^^^^^^^^^^^^^^^^^
AttributeError: 'Member' object has no attribute 'timed_out_until'
Ignoring exception in on_member_update
Traceback (most recent call last):
  File "/usr/local/lib/python3.12/site-packages/discord/client.py", line 465, in _run_event
    await coro(*args, **kwargs)
  File "/app/asu_discord/cogs/analytics.py", line 652, in on_member_update
    before_timeout = before.timed_out_until
                     ^^^^^^^^^^^^^^^^^^^^^^
AttributeError: 'Member' object has no attribute 'timed_out_until'
Ignoring exception in on_member_update
Traceback (most recent call last):
  File "/usr/local/lib/python3.12/site-packages/discord/client.py", line 465, in _run_event
    await coro(*args, **kwargs)
  File "/app/asu_discord/cogs/analytics.py", line 652, in on_member_update
    before_timeout = before.timed_out_until
                     ^^^^^^^^^^^^^^^^^^^^^^
AttributeError: 'Member' object has no attribute 'timed_out_until'
Ignoring exception in on_member_update
Traceback (most recent call last):
  File "/usr/local/lib/python3.12/site-packages/discord/client.py", line 465, in _run_event
    await coro(*args, **kwargs)
  File "/app/asu_discord/cogs/analytics.py", line 652, in on_member_update
    before_timeout = before.timed_out_until
                     ^^^^^^^^^^^^^^^^^^^^^^
AttributeError: 'Member' object has no attribute 'timed_out_until'
Ignoring exception in on_member_update
Traceback (most recent call last):
  File "/usr/local/lib/python3.12/site-packages/discord/client.py", line 465, in _run_event
    await coro(*args, **kwargs)
  File "/app/asu_discord/cogs/analytics.py", line 652, in on_member_update
    before_timeout = before.timed_out_until
                     ^^^^^^^^^^^^^^^^^^^^^^
AttributeError: 'Member' object has no attribute 'timed_out_until'
Ignoring exception in on_member_update
Traceback (most recent call last):
  File "/usr/local/lib/python3.12/site-packages/discord/client.py", line 465, in _run_event
    await coro(*args, **kwargs)
  File "/app/asu_discord/cogs/analytics.py", line 652, in on_member_update
    before_timeout = before.timed_out_until
                     ^^^^^^^^^^^^^^^^^^^^^^
AttributeError: 'Member' object has no attribute 'timed_out_until'
Ignoring exception in on_member_update
Traceback (most recent call last):
  File "/usr/local/lib/python3.12/site-packages/discord/client.py", line 465, in _run_event
    await coro(*args, **kwargs)
  File "/app/asu_discord/cogs/analytics.py", line 652, in on_member_update
    before_timeout = before.timed_out_until
                     ^^^^^^^^^^^^^^^^^^^^^^
AttributeError: 'Member' object has no attribute 'timed_out_until'
Ignoring exception in on_member_update
Traceback (most recent call last):
  File "/usr/local/lib/python3.12/site-packages/discord/client.py", line 465, in _run_event
    await coro(*args, **kwargs)
  File "/app/asu_discord/cogs/analytics.py", line 652, in on_member_update
    before_timeout = before.timed_out_until
                     ^^^^^^^^^^^^^^^^^^^^^^
AttributeError: 'Member' object has no attribute 'timed_out_until'
Ignoring exception in on_member_update
Traceback (most recent call last):
  File "/usr/local/lib/python3.12/site-packages/discord/client.py", line 465, in _run_event
    await coro(*args, **kwargs)
  File "/app/asu_discord/cogs/analytics.py", line 652, in on_member_update
    before_timeout = before.timed_out_until
                     ^^^^^^^^^^^^^^^^^^^^^^
AttributeError: 'Member' object has no attribute 'timed_out_until'
Ignoring exception in on_member_update
Traceback (most recent call last):
  File "/usr/local/lib/python3.12/site-packages/discord/client.py", line 465, in _run_event
    await coro(*args, **kwargs)
  File "/app/asu_discord/cogs/analytics.py", line 652, in on_member_update
    before_timeout = before.timed_out_until
                     ^^^^^^^^^^^^^^^^^^^^^^
AttributeError: 'Member' object has no attribute 'timed_out_until'
INFO:asu_discord.cogs.verification:Saved 7 roles to database for user bmause (Discord ID: 435966235574796299)
INFO:asu_discord.cogs.verification:Refreshed Salesforce roles for Discord user 435966235574796299: -7/+7 roles, assigned=[Arizona Resident, College of Liberal Arts and Sciences, Commited, First Generation Student, Ira A. Fulton Schools of Engineering, Tempe, Transfer Student]
Ignoring exception in on_member_update
Traceback (most recent call last):
  File "/usr/local/lib/python3.12/site-packages/discord/client.py", line 465, in _run_event
    await coro(*args, **kwargs)
  File "/app/asu_discord/cogs/analytics.py", line 652, in on_member_update
    before_timeout = before.timed_out_until
                     ^^^^^^^^^^^^^^^^^^^^^^
AttributeError: 'Member' object has no attribute 'timed_out_until'
Ignoring exception in on_member_update
Traceback (most recent call last):
  File "/usr/local/lib/python3.12/site-packages/discord/client.py", line 465, in _run_event
    await coro(*args, **kwargs)
  File "/app/asu_discord/cogs/analytics.py", line 652, in on_member_update
    before_timeout = before.timed_out_until
                     ^^^^^^^^^^^^^^^^^^^^^^
AttributeError: 'Member' object has no attribute 'timed_out_until'
Ignoring exception in on_member_update
Traceback (most recent call last):
  File "/usr/local/lib/python3.12/site-packages/discord/client.py", line 465, in _run_event
    await coro(*args, **kwargs)
  File "/app/asu_discord/cogs/analytics.py", line 652, in on_member_update
    before_timeout = before.timed_out_until
                     ^^^^^^^^^^^^^^^^^^^^^^
AttributeError: 'Member' object has no attribute 'timed_out_until'
Ignoring exception in on_member_update
Traceback (most recent call last):
  File "/usr/local/lib/python3.12/site-packages/discord/client.py", line 465, in _run_event
    await coro(*args, **kwargs)
  File "/app/asu_discord/cogs/analytics.py", line 652, in on_member_update
    before_timeout = before.timed_out_until
                     ^^^^^^^^^^^^^^^^^^^^^^
AttributeError: 'Member' object has no attribute 'timed_out_until'
Ignoring exception in on_member_update
Traceback (most recent call last):
  File "/usr/local/lib/python3.12/site-packages/discord/client.py", line 465, in _run_event
    await coro(*args, **kwargs)
  File "/app/asu_discord/cogs/analytics.py", line 652, in on_member_update
    before_timeout = before.timed_out_until
                     ^^^^^^^^^^^^^^^^^^^^^^
AttributeError: 'Member' object has no attribute 'timed_out_until'
Ignoring exception in on_member_update
Traceback (most recent call last):
  File "/usr/local/lib/python3.12/site-packages/discord/client.py", line 465, in _run_event
    await coro(*args, **kwargs)
  File "/app/asu_discord/cogs/analytics.py", line 652, in on_member_update
    before_timeout = before.timed_out_until
                     ^^^^^^^^^^^^^^^^^^^^^^
AttributeError: 'Member' object has no attribute 'timed_out_until'
Ignoring exception in on_member_update
Traceback (most recent call last):
  File "/usr/local/lib/python3.12/site-packages/discord/client.py", line 465, in _run_event
    await coro(*args, **kwargs)
  File "/app/asu_discord/cogs/analytics.py", line 652, in on_member_update
    before_timeout = before.timed_out_until
                     ^^^^^^^^^^^^^^^^^^^^^^
AttributeError: 'Member' object has no attribute 'timed_out_until'
Ignoring exception in on_member_update
Traceback (most recent call last):
  File "/usr/local/lib/python3.12/site-packages/discord/client.py", line 465, in _run_event
    await coro(*args, **kwargs)
  File "/app/asu_discord/cogs/analytics.py", line 652, in on_member_update
    before_timeout = before.timed_out_until
                     ^^^^^^^^^^^^^^^^^^^^^^
AttributeError: 'Member' object has no attribute 'timed_out_until'
Ignoring exception in on_member_update
Traceback (most recent call last):
  File "/usr/local/lib/python3.12/site-packages/discord/client.py", line 465, in _run_event
    await coro(*args, **kwargs)
  File "/app/asu_discord/cogs/analytics.py", line 652, in on_member_update
    before_timeout = before.timed_out_until
                     ^^^^^^^^^^^^^^^^^^^^^^
AttributeError: 'Member' object has no attribute 'timed_out_until'
Ignoring exception in on_member_update
Traceback (most recent call last):
  File "/usr/local/lib/python3.12/site-packages/discord/client.py", line 465, in _run_event
    await coro(*args, **kwargs)
  File "/app/asu_discord/cogs/analytics.py", line 652, in on_member_update
    before_timeout = before.timed_out_until
                     ^^^^^^^^^^^^^^^^^^^^^^
AttributeError: 'Member' object has no attribute 'timed_out_until'
ERROR:cron.jobs:refresh_salesforce_roles: failed for xornelas (Discord ID 845087790425309255): Timed out refresh Salesforce-based roles
Ignoring exception in on_member_update
Traceback (most recent call last):
  File "/usr/local/lib/python3.12/site-packages/discord/client.py", line 465, in _run_event
    await coro(*args, **kwargs)
  File "/app/asu_discord/cogs/analytics.py", line 652, in on_member_update
    before_timeout = before.timed_out_until
                     ^^^^^^^^^^^^^^^^^^^^^^
AttributeError: 'Member' object has no attribute 'timed_out_until'
Ignoring exception in on_member_update
Traceback (most recent call last):
  File "/usr/local/lib/python3.12/site-packages/discord/client.py", line 465, in _run_event
    await coro(*args, **kwargs)
  File "/app/asu_discord/cogs/analytics.py", line 652, in on_member_update
    before_timeout = before.timed_out_until
                     ^^^^^^^^^^^^^^^^^^^^^^
AttributeError: 'Member' object has no attribute 'timed_out_until'
Ignoring exception in on_member_update
Traceback (most recent call last):
  File "/usr/local/lib/python3.12/site-packages/discord/client.py", line 465, in _run_event
    await coro(*args, **kwargs)
  File "/app/asu_discord/cogs/analytics.py", line 652, in on_member_update
    before_timeout = before.timed_out_until
                     ^^^^^^^^^^^^^^^^^^^^^^
AttributeError: 'Member' object has no attribute 'timed_out_until'
Ignoring exception in on_member_update
Traceback (most recent call last):
  File "/usr/local/lib/python3.12/site-packages/discord/client.py", line 465, in _run_event
    await coro(*args, **kwargs)
  File "/app/asu_discord/cogs/analytics.py", line 652, in on_member_update
    before_timeout = before.timed_out_until
                     ^^^^^^^^^^^^^^^^^^^^^^
AttributeError: 'Member' object has no attribute 'timed_out_until'
Ignoring exception in on_member_update
Traceback (most recent call last):
  File "/usr/local/lib/python3.12/site-packages/discord/client.py", line 465, in _run_event
    await coro(*args, **kwargs)
  File "/app/asu_discord/cogs/analytics.py", line 652, in on_member_update
    before_timeout = before.timed_out_until
                     ^^^^^^^^^^^^^^^^^^^^^^
AttributeError: 'Member' object has no attribute 'timed_out_until'
Ignoring exception in on_member_update
Traceback (most recent call last):
  File "/usr/local/lib/python3.12/site-packages/discord/client.py", line 465, in _run_event
    await coro(*args, **kwargs)
  File "/app/asu_discord/cogs/analytics.py", line 652, in on_member_update
    before_timeout = before.timed_out_until
                     ^^^^^^^^^^^^^^^^^^^^^^
AttributeError: 'Member' object has no attribute 'timed_out_until'
Ignoring exception in on_member_update
Traceback (most recent call last):
  File "/usr/local/lib/python3.12/site-packages/discord/client.py", line 465, in _run_event
    await coro(*args, **kwargs)
  File "/app/asu_discord/cogs/analytics.py", line 652, in on_member_update
    before_timeout = before.timed_out_until
                     ^^^^^^^^^^^^^^^^^^^^^^
AttributeError: 'Member' object has no attribute 'timed_out_until'
Ignoring exception in on_member_update
Traceback (most recent call last):
  File "/usr/local/lib/python3.12/site-packages/discord/client.py", line 465, in _run_event
    await coro(*args, **kwargs)
  File "/app/asu_discord/cogs/analytics.py", line 652, in on_member_update
    before_timeout = before.timed_out_until
                     ^^^^^^^^^^^^^^^^^^^^^^
AttributeError: 'Member' object has no attribute 'timed_out_until'
Ignoring exception in on_member_update
Traceback (most recent call last):
  File "/usr/local/lib/python3.12/site-packages/discord/client.py", line 465, in _run_event
    await coro(*args, **kwargs)
  File "/app/asu_discord/cogs/analytics.py", line 652, in on_member_update
    before_timeout = before.timed_out_until
                     ^^^^^^^^^^^^^^^^^^^^^^
AttributeError: 'Member' object has no attribute 'timed_out_until'
Ignoring exception in on_member_update
Traceback (most recent call last):
  File "/usr/local/lib/python3.12/site-packages/discord/client.py", line 465, in _run_event
    await coro(*args, **kwargs)
  File "/app/asu_discord/cogs/analytics.py", line 652, in on_member_update
    before_timeout = before.timed_out_until
                     ^^^^^^^^^^^^^^^^^^^^^^
AttributeError: 'Member' object has no attribute 'timed_out_until'
INFO:asu_discord.cogs.verification:Saved 5 roles to database for user phtike (Discord ID: 840099323383513089)
INFO:asu_discord.cogs.verification:Refreshed Salesforce roles for Discord user 840099323383513089: -5/+5 roles, assigned=[Commited, International Student, Tempe, Transfer Student, W.P. Carey School of Business]
Ignoring exception in on_member_update
Traceback (most recent call last):
  File "/usr/local/lib/python3.12/site-packages/discord/client.py", line 465, in _run_event
    await coro(*args, **kwargs)
  File "/app/asu_discord/cogs/analytics.py", line 652, in on_member_update
    before_timeout = before.timed_out_until
                     ^^^^^^^^^^^^^^^^^^^^^^
AttributeError: 'Member' object has no attribute 'timed_out_until'
Ignoring exception in on_member_update
Traceback (most recent call last):
  File "/usr/local/lib/python3.12/site-packages/discord/client.py", line 465, in _run_event
    await coro(*args, **kwargs)
  File "/app/asu_discord/cogs/analytics.py", line 652, in on_member_update
    before_timeout = before.timed_out_until
                     ^^^^^^^^^^^^^^^^^^^^^^
AttributeError: 'Member' object has no attribute 'timed_out_until'
Ignoring exception in on_member_update
Traceback (most recent call last):
  File "/usr/local/lib/python3.12/site-packages/discord/client.py", line 465, in _run_event
    await coro(*args, **kwargs)
  File "/app/asu_discord/cogs/analytics.py", line 652, in on_member_update
    before_timeout = before.timed_out_until
                     ^^^^^^^^^^^^^^^^^^^^^^
AttributeError: 'Member' object has no attribute 'timed_out_until'
Ignoring exception in on_member_update
Traceback (most recent call last):
  File "/usr/local/lib/python3.12/site-packages/discord/client.py", line 465, in _run_event
    await coro(*args, **kwargs)
  File "/app/asu_discord/cogs/analytics.py", line 652, in on_member_update
    before_timeout = before.timed_out_until
                     ^^^^^^^^^^^^^^^^^^^^^^
AttributeError: 'Member' object has no attribute 'timed_out_until'
Ignoring exception in on_member_update
Traceback (most recent call last):
  File "/usr/local/lib/python3.12/site-packages/discord/client.py", line 465, in _run_event
    await coro(*args, **kwargs)
  File "/app/asu_discord/cogs/analytics.py", line 652, in on_member_update
    before_timeout = before.timed_out_until
                     ^^^^^^^^^^^^^^^^^^^^^^
AttributeError: 'Member' object has no attribute 'timed_out_until'
Ignoring exception in on_member_update
Traceback (most recent call last):
  File "/usr/local/lib/python3.12/site-packages/discord/client.py", line 465, in _run_event
    await coro(*args, **kwargs)
  File "/app/asu_discord/cogs/analytics.py", line 652, in on_member_update
    before_timeout = before.timed_out_until
                     ^^^^^^^^^^^^^^^^^^^^^^
AttributeError: 'Member' object has no attribute 'timed_out_until'
Ignoring exception in on_member_update
Traceback (most recent call last):
  File "/usr/local/lib/python3.12/site-packages/discord/client.py", line 465, in _run_event
    await coro(*args, **kwargs)
  File "/app/asu_discord/cogs/analytics.py", line 652, in on_member_update
    before_timeout = before.timed_out_until
                     ^^^^^^^^^^^^^^^^^^^^^^
AttributeError: 'Member' object has no attribute 'timed_out_until'
Ignoring exception in on_member_update
Traceback (most recent call last):
  File "/usr/local/lib/python3.12/site-packages/discord/client.py", line 465, in _run_event
    await coro(*args, **kwargs)
  File "/app/asu_discord/cogs/analytics.py", line 652, in on_member_update
    before_timeout = before.timed_out_until
                     ^^^^^^^^^^^^^^^^^^^^^^
AttributeError: 'Member' object has no attribute 'timed_out_until'
INFO:asu_discord.cogs.verification:Saved 4 roles to database for user srhatoum (Discord ID: 1008113455854792806)
INFO:asu_discord.cogs.verification:Refreshed Salesforce roles for Discord user 1008113455854792806: -4/+4 roles, assigned=[Commited, First Year, Ira A. Fulton Schools of Engineering, Tempe]
Ignoring exception in on_member_update
Traceback (most recent call last):
  File "/usr/local/lib/python3.12/site-packages/discord/client.py", line 465, in _run_event
    await coro(*args, **kwargs)
  File "/app/asu_discord/cogs/analytics.py", line 652, in on_member_update
    before_timeout = before.timed_out_until
                     ^^^^^^^^^^^^^^^^^^^^^^
AttributeError: 'Member' object has no attribute 'timed_out_until'
Ignoring exception in on_member_update
Traceback (most recent call last):
  File "/usr/local/lib/python3.12/site-packages/discord/client.py", line 465, in _run_event
    await coro(*args, **kwargs)
  File "/app/asu_discord/cogs/analytics.py", line 652, in on_member_update
    before_timeout = before.timed_out_until
                     ^^^^^^^^^^^^^^^^^^^^^^
AttributeError: 'Member' object has no attribute 'timed_out_until'
Ignoring exception in on_member_update
Traceback (most recent call last):
  File "/usr/local/lib/python3.12/site-packages/discord/client.py", line 465, in _run_event
    await coro(*args, **kwargs)
  File "/app/asu_discord/cogs/analytics.py", line 652, in on_member_update
    before_timeout = before.timed_out_until
                     ^^^^^^^^^^^^^^^^^^^^^^
AttributeError: 'Member' object has no attribute 'timed_out_until'
Ignoring exception in on_member_update
Traceback (most recent call last):
  File "/usr/local/lib/python3.12/site-packages/discord/client.py", line 465, in _run_event
    await coro(*args, **kwargs)
  File "/app/asu_discord/cogs/analytics.py", line 652, in on_member_update
    before_timeout = before.timed_out_until
                     ^^^^^^^^^^^^^^^^^^^^^^
AttributeError: 'Member' object has no attribute 'timed_out_until'
Ignoring exception in on_member_update
Traceback (most recent call last):
  File "/usr/local/lib/python3.12/site-packages/discord/client.py", line 465, in _run_event
    await coro(*args, **kwargs)
  File "/app/asu_discord/cogs/analytics.py", line 652, in on_member_update
    before_timeout = before.timed_out_until
                     ^^^^^^^^^^^^^^^^^^^^^^
AttributeError: 'Member' object has no attribute 'timed_out_until'
Ignoring exception in on_member_update
Traceback (most recent call last):
  File "/usr/local/lib/python3.12/site-packages/discord/client.py", line 465, in _run_event
    await coro(*args, **kwargs)
  File "/app/asu_discord/cogs/analytics.py", line 652, in on_member_update
    before_timeout = before.timed_out_until
                     ^^^^^^^^^^^^^^^^^^^^^^
AttributeError: 'Member' object has no attribute 'timed_out_until'
Ignoring exception in on_member_update
Traceback (most recent call last):
  File "/usr/local/lib/python3.12/site-packages/discord/client.py", line 465, in _run_event
    await coro(*args, **kwargs)
  File "/app/asu_discord/cogs/analytics.py", line 652, in on_member_update
    before_timeout = before.timed_out_until
                     ^^^^^^^^^^^^^^^^^^^^^^
AttributeError: 'Member' object has no attribute 'timed_out_until'
Ignoring exception in on_member_update
Traceback (most recent call last):
  File "/usr/local/lib/python3.12/site-packages/discord/client.py", line 465, in _run_event
    await coro(*args, **kwargs)
  File "/app/asu_discord/cogs/analytics.py", line 652, in on_member_update
    before_timeout = before.timed_out_until
                     ^^^^^^^^^^^^^^^^^^^^^^
AttributeError: 'Member' object has no attribute 'timed_out_until'
Ignoring exception in on_member_update
Traceback (most recent call last):
  File "/usr/local/lib/python3.12/site-packages/discord/client.py", line 465, in _run_event
    await coro(*args, **kwargs)
  File "/app/asu_discord/cogs/analytics.py", line 652, in on_member_update
    before_timeout = before.timed_out_until
                     ^^^^^^^^^^^^^^^^^^^^^^
AttributeError: 'Member' object has no attribute 'timed_out_until'
Ignoring exception in on_member_update
Traceback (most recent call last):
  File "/usr/local/lib/python3.12/site-packages/discord/client.py", line 465, in _run_event
    await coro(*args, **kwargs)
  File "/app/asu_discord/cogs/analytics.py", line 652, in on_member_update
    before_timeout = before.timed_out_until
                     ^^^^^^^^^^^^^^^^^^^^^^
AttributeError: 'Member' object has no attribute 'timed_out_until'
INFO:asu_discord.cogs.verification:Saved 5 roles to database for user aafierr3 (Discord ID: 1210798911636115508)
INFO:asu_discord.cogs.verification:Refreshed Salesforce roles for Discord user 1210798911636115508: -5/+5 roles, assigned=[Arizona Resident, College of Liberal Arts and Sciences, Tempe, Transfer Student, Upperclassmen]
Ignoring exception in on_member_update
Traceback (most recent call last):
  File "/usr/local/lib/python3.12/site-packages/discord/client.py", line 465, in _run_event
    await coro(*args, **kwargs)
  File "/app/asu_discord/cogs/analytics.py", line 652, in on_member_update
    before_timeout = before.timed_out_until
                     ^^^^^^^^^^^^^^^^^^^^^^
AttributeError: 'Member' object has no attribute 'timed_out_until'
Ignoring exception in on_member_update
Traceback (most recent call last):
  File "/usr/local/lib/python3.12/site-packages/discord/client.py", line 465, in _run_event
    await coro(*args, **kwargs)
  File "/app/asu_discord/cogs/analytics.py", line 652, in on_member_update
    before_timeout = before.timed_out_until
                     ^^^^^^^^^^^^^^^^^^^^^^
AttributeError: 'Member' object has no attribute 'timed_out_until'
Ignoring exception in on_member_update
Traceback (most recent call last):
  File "/usr/local/lib/python3.12/site-packages/discord/client.py", line 465, in _run_event
    await coro(*args, **kwargs)
  File "/app/asu_discord/cogs/analytics.py", line 652, in on_member_update
    before_timeout = before.timed_out_until
                     ^^^^^^^^^^^^^^^^^^^^^^
AttributeError: 'Member' object has no attribute 'timed_out_until'
Ignoring exception in on_member_update
Traceback (most recent call last):
  File "/usr/local/lib/python3.12/site-packages/discord/client.py", line 465, in _run_event
    await coro(*args, **kwargs)
  File "/app/asu_discord/cogs/analytics.py", line 652, in on_member_update
    before_timeout = before.timed_out_until
                     ^^^^^^^^^^^^^^^^^^^^^^
AttributeError: 'Member' object has no attribute 'timed_out_until'
Ignoring exception in on_member_update
Traceback (most recent call last):
  File "/usr/local/lib/python3.12/site-packages/discord/client.py", line 465, in _run_event
    await coro(*args, **kwargs)
  File "/app/asu_discord/cogs/analytics.py", line 652, in on_member_update
    before_timeout = before.timed_out_until
                     ^^^^^^^^^^^^^^^^^^^^^^
AttributeError: 'Member' object has no attribute 'timed_out_until'
Ignoring exception in on_member_update
Traceback (most recent call last):
  File "/usr/local/lib/python3.12/site-packages/discord/client.py", line 465, in _run_event
    await coro(*args, **kwargs)
  File "/app/asu_discord/cogs/analytics.py", line 652, in on_member_update
    before_timeout = before.timed_out_until
                     ^^^^^^^^^^^^^^^^^^^^^^
AttributeError: 'Member' object has no attribute 'timed_out_until'
Ignoring exception in on_member_update
Traceback (most recent call last):
  File "/usr/local/lib/python3.12/site-packages/discord/client.py", line 465, in _run_event
    await coro(*args, **kwargs)
  File "/app/asu_discord/cogs/analytics.py", line 652, in on_member_update
    before_timeout = before.timed_out_until
                     ^^^^^^^^^^^^^^^^^^^^^^
AttributeError: 'Member' object has no attribute 'timed_out_until'
Ignoring exception in on_member_update
Traceback (most recent call last):
  File "/usr/local/lib/python3.12/site-packages/discord/client.py", line 465, in _run_event
    await coro(*args, **kwargs)
  File "/app/asu_discord/cogs/analytics.py", line 652, in on_member_update
    before_timeout = before.timed_out_until
                     ^^^^^^^^^^^^^^^^^^^^^^
AttributeError: 'Member' object has no attribute 'timed_out_until'
Ignoring exception in on_member_update
Traceback (most recent call last):
  File "/usr/local/lib/python3.12/site-packages/discord/client.py", line 465, in _run_event
    await coro(*args, **kwargs)
  File "/app/asu_discord/cogs/analytics.py", line 652, in on_member_update
    before_timeout = before.timed_out_until
                     ^^^^^^^^^^^^^^^^^^^^^^
AttributeError: 'Member' object has no attribute 'timed_out_until'
Ignoring exception in on_member_update
Traceback (most recent call last):
  File "/usr/local/lib/python3.12/site-packages/discord/client.py", line 465, in _run_event
    await coro(*args, **kwargs)
  File "/app/asu_discord/cogs/analytics.py", line 652, in on_member_update
    before_timeout = before.timed_out_until
                     ^^^^^^^^^^^^^^^^^^^^^^
AttributeError: 'Member' object has no attribute 'timed_out_until'
INFO:asu_discord.cogs.verification:Saved 6 roles to database for user dprasann (Discord ID: 703984195931865108)
INFO:asu_discord.cogs.verification:Refreshed Salesforce roles for Discord user 703984195931865108: -4/+6 roles, assigned=[Commited, First Year, Ira A. Fulton Schools of Engineering, Out of State, Tempe, Upperclassmen]
Ignoring exception in on_member_update
Traceback (most recent call last):
  File "/usr/local/lib/python3.12/site-packages/discord/client.py", line 465, in _run_event
    await coro(*args, **kwargs)
  File "/app/asu_discord/cogs/analytics.py", line 652, in on_member_update
    before_timeout = before.timed_out_until
                     ^^^^^^^^^^^^^^^^^^^^^^
AttributeError: 'Member' object has no attribute 'timed_out_until'
Ignoring exception in on_member_update
Traceback (most recent call last):
  File "/usr/local/lib/python3.12/site-packages/discord/client.py", line 465, in _run_event
    await coro(*args, **kwargs)
  File "/app/asu_discord/cogs/analytics.py", line 652, in on_member_update
    before_timeout = before.timed_out_until
                     ^^^^^^^^^^^^^^^^^^^^^^
AttributeError: 'Member' object has no attribute 'timed_out_until'
Ignoring exception in on_member_update
Traceback (most recent call last):
  File "/usr/local/lib/python3.12/site-packages/discord/client.py", line 465, in _run_event
    await coro(*args, **kwargs)
  File "/app/asu_discord/cogs/analytics.py", line 652, in on_member_update
    before_timeout = before.timed_out_until
                     ^^^^^^^^^^^^^^^^^^^^^^
AttributeError: 'Member' object has no attribute 'timed_out_until'
Ignoring exception in on_member_update
Traceback (most recent call last):
  File "/usr/local/lib/python3.12/site-packages/discord/client.py", line 465, in _run_event
    await coro(*args, **kwargs)
  File "/app/asu_discord/cogs/analytics.py", line 652, in on_member_update
    before_timeout = before.timed_out_until
                     ^^^^^^^^^^^^^^^^^^^^^^
AttributeError: 'Member' object has no attribute 'timed_out_until'
Ignoring exception in on_member_update
Traceback (most recent call last):
  File "/usr/local/lib/python3.12/site-packages/discord/client.py", line 465, in _run_event
    await coro(*args, **kwargs)
  File "/app/asu_discord/cogs/analytics.py", line 652, in on_member_update
    before_timeout = before.timed_out_until
                     ^^^^^^^^^^^^^^^^^^^^^^
AttributeError: 'Member' object has no attribute 'timed_out_until'
Ignoring exception in on_member_update
Traceback (most recent call last):
  File "/usr/local/lib/python3.12/site-packages/discord/client.py", line 465, in _run_event
    await coro(*args, **kwargs)
  File "/app/asu_discord/cogs/analytics.py", line 652, in on_member_update
    before_timeout = before.timed_out_until
                     ^^^^^^^^^^^^^^^^^^^^^^
AttributeError: 'Member' object has no attribute 'timed_out_until'
Ignoring exception in on_member_update
Traceback (most recent call last):
  File "/usr/local/lib/python3.12/site-packages/discord/client.py", line 465, in _run_event
    await coro(*args, **kwargs)
  File "/app/asu_discord/cogs/analytics.py", line 652, in on_member_update
    before_timeout = before.timed_out_until
                     ^^^^^^^^^^^^^^^^^^^^^^
AttributeError: 'Member' object has no attribute 'timed_out_until'
Ignoring exception in on_member_update
Traceback (most recent call last):
  File "/usr/local/lib/python3.12/site-packages/discord/client.py", line 465, in _run_event
    await coro(*args, **kwargs)
  File "/app/asu_discord/cogs/analytics.py", line 652, in on_member_update
    before_timeout = before.timed_out_until
                     ^^^^^^^^^^^^^^^^^^^^^^
AttributeError: 'Member' object has no attribute 'timed_out_until'
Ignoring exception in on_member_update
Traceback (most recent call last):
  File "/usr/local/lib/python3.12/site-packages/discord/client.py", line 465, in _run_event
    await coro(*args, **kwargs)
  File "/app/asu_discord/cogs/analytics.py", line 652, in on_member_update
    before_timeout = before.timed_out_until
                     ^^^^^^^^^^^^^^^^^^^^^^
AttributeError: 'Member' object has no attribute 'timed_out_until'
Ignoring exception in on_member_update
Traceback (most recent call last):
  File "/usr/local/lib/python3.12/site-packages/discord/client.py", line 465, in _run_event
    await coro(*args, **kwargs)
  File "/app/asu_discord/cogs/analytics.py", line 652, in on_member_update
    before_timeout = before.timed_out_until
                     ^^^^^^^^^^^^^^^^^^^^^^
AttributeError: 'Member' object has no attribute 'timed_out_until'
Ignoring exception in on_member_update
Traceback (most recent call last):
  File "/usr/local/lib/python3.12/site-packages/discord/client.py", line 465, in _run_event
    await coro(*args, **kwargs)
  File "/app/asu_discord/cogs/analytics.py", line 652, in on_member_update
    before_timeout = before.timed_out_until
                     ^^^^^^^^^^^^^^^^^^^^^^
AttributeError: 'Member' object has no attribute 'timed_out_until'
Ignoring exception in on_member_update
Traceback (most recent call last):
  File "/usr/local/lib/python3.12/site-packages/discord/client.py", line 465, in _run_event
    await coro(*args, **kwargs)
  File "/app/asu_discord/cogs/analytics.py", line 652, in on_member_update
    before_timeout = before.timed_out_until
                     ^^^^^^^^^^^^^^^^^^^^^^
AttributeError: 'Member' object has no attribute 'timed_out_until'
INFO:asu_discord.cogs.verification:Saved 6 roles to database for user pttrang (Discord ID: 1520600509063495731)
INFO:asu_discord.cogs.verification:Refreshed Salesforce roles for Discord user 1520600509063495731: -6/+6 roles, assigned=[Arizona Resident, Commited, First Generation Student, First Year, Ira A. Fulton Schools of Engineering, Tempe]
Ignoring exception in on_scheduled_event_update
Traceback (most recent call last):
  File "/usr/local/lib/python3.12/site-packages/discord/client.py", line 465, in _run_event
    await coro(*args, **kwargs)
  File "/app/asu_discord/cogs/event_tracker.py", line 180, in on_scheduled_event_update
    self._upsert_event(db_session, after)
  File "/app/asu_discord/cogs/event_tracker.py", line 68, in _upsert_event
    guild_id=str(event.guild_id),
                 ^^^^^^^^^^^^^^
AttributeError: 'ScheduledEvent' object has no attribute 'guild_id'
Ignoring exception in on_member_update
Traceback (most recent call last):
  File "/usr/local/lib/python3.12/site-packages/discord/client.py", line 465, in _run_event
    await coro(*args, **kwargs)
  File "/app/asu_discord/cogs/analytics.py", line 652, in on_member_update
    before_timeout = before.timed_out_until
                     ^^^^^^^^^^^^^^^^^^^^^^
AttributeError: 'Member' object has no attribute 'timed_out_until'
Ignoring exception in on_member_update
Traceback (most recent call last):
  File "/usr/local/lib/python3.12/site-packages/discord/client.py", line 465, in _run_event
    await coro(*args, **kwargs)
  File "/app/asu_discord/cogs/analytics.py", line 652, in on_member_update
    before_timeout = before.timed_out_until
                     ^^^^^^^^^^^^^^^^^^^^^^
AttributeError: 'Member' object has no attribute 'timed_out_until'
Ignoring exception in on_member_update
Traceback (most recent call last):
  File "/usr/local/lib/python3.12/site-packages/discord/client.py", line 465, in _run_event
    await coro(*args, **kwargs)
  File "/app/asu_discord/cogs/analytics.py", line 652, in on_member_update
    before_timeout = before.timed_out_until
                     ^^^^^^^^^^^^^^^^^^^^^^
AttributeError: 'Member' object has no attribute 'timed_out_until'
Ignoring exception in on_member_update
Traceback (most recent call last):
  File "/usr/local/lib/python3.12/site-packages/discord/client.py", line 465, in _run_event
    await coro(*args, **kwargs)
  File "/app/asu_discord/cogs/analytics.py", line 652, in on_member_update
    before_timeout = before.timed_out_until
                     ^^^^^^^^^^^^^^^^^^^^^^
AttributeError: 'Member' object has no attribute 'timed_out_until'
Ignoring exception in on_member_update
Traceback (most recent call last):
  File "/usr/local/lib/python3.12/site-packages/discord/client.py", line 465, in _run_event
    await coro(*args, **kwargs)
  File "/app/asu_discord/cogs/analytics.py", line 652, in on_member_update
    before_timeout = before.timed_out_until
                     ^^^^^^^^^^^^^^^^^^^^^^
AttributeError: 'Member' object has no attribute 'timed_out_until'
Ignoring exception in on_member_update
Traceback (most recent call last):
  File "/usr/local/lib/python3.12/site-packages/discord/client.py", line 465, in _run_event
    await coro(*args, **kwargs)
  File "/app/asu_discord/cogs/analytics.py", line 652, in on_member_update
    before_timeout = before.timed_out_until
                     ^^^^^^^^^^^^^^^^^^^^^^
AttributeError: 'Member' object has no attribute 'timed_out_until'
Ignoring exception in on_member_update
Traceback (most recent call last):
  File "/usr/local/lib/python3.12/site-packages/discord/client.py", line 465, in _run_event
    await coro(*args, **kwargs)
  File "/app/asu_discord/cogs/analytics.py", line 652, in on_member_update
    before_timeout = before.timed_out_until
                     ^^^^^^^^^^^^^^^^^^^^^^
AttributeError: 'Member' object has no attribute 'timed_out_until'
Ignoring exception in on_member_update
Traceback (most recent call last):
  File "/usr/local/lib/python3.12/site-packages/discord/client.py", line 465, in _run_event
    await coro(*args, **kwargs)
  File "/app/asu_discord/cogs/analytics.py", line 652, in on_member_update
    before_timeout = before.timed_out_until
                     ^^^^^^^^^^^^^^^^^^^^^^
AttributeError: 'Member' object has no attribute 'timed_out_until'
Ignoring exception in on_member_update
Traceback (most recent call last):
  File "/usr/local/lib/python3.12/site-packages/discord/client.py", line 465, in _run_event
    await coro(*args, **kwargs)
  File "/app/asu_discord/cogs/analytics.py", line 652, in on_member_update
    before_timeout = before.timed_out_until
                     ^^^^^^^^^^^^^^^^^^^^^^
AttributeError: 'Member' object has no attribute 'timed_out_until'
Ignoring exception in on_member_update
Traceback (most recent call last):
  File "/usr/local/lib/python3.12/site-packages/discord/client.py", line 465, in _run_event
    await coro(*args, **kwargs)
  File "/app/asu_discord/cogs/analytics.py", line 652, in on_member_update
    before_timeout = before.timed_out_until
                     ^^^^^^^^^^^^^^^^^^^^^^
AttributeError: 'Member' object has no attribute 'timed_out_until'
INFO:asu_discord.cogs.verification:Saved 5 roles to database for user amuril42 (Discord ID: 457401950049271809)
INFO:asu_discord.cogs.verification:Refreshed Salesforce roles for Discord user 457401950049271809: -5/+5 roles, assigned=[Arizona Resident, College of Liberal Arts and Sciences, Commited, First Year, Tempe]
Ignoring exception in on_member_update
Traceback (most recent call last):
  File "/usr/local/lib/python3.12/site-packages/discord/client.py", line 465, in _run_event
    await coro(*args, **kwargs)
  File "/app/asu_discord/cogs/analytics.py", line 652, in on_member_update
    before_timeout = before.timed_out_until
                     ^^^^^^^^^^^^^^^^^^^^^^
AttributeError: 'Member' object has no attribute 'timed_out_until'
Ignoring exception in on_member_update
Traceback (most recent call last):
  File "/usr/local/lib/python3.12/site-packages/discord/client.py", line 465, in _run_event
    await coro(*args, **kwargs)
  File "/app/asu_discord/cogs/analytics.py", line 652, in on_member_update
    before_timeout = before.timed_out_until
                     ^^^^^^^^^^^^^^^^^^^^^^
AttributeError: 'Member' object has no attribute 'timed_out_until'
Ignoring exception in on_member_update
Traceback (most recent call last):
  File "/usr/local/lib/python3.12/site-packages/discord/client.py", line 465, in _run_event
    await coro(*args, **kwargs)
  File "/app/asu_discord/cogs/analytics.py", line 652, in on_member_update
    before_timeout = before.timed_out_until
                     ^^^^^^^^^^^^^^^^^^^^^^
AttributeError: 'Member' object has no attribute 'timed_out_until'
Ignoring exception in on_member_update
Traceback (most recent call last):
  File "/usr/local/lib/python3.12/site-packages/discord/client.py", line 465, in _run_event
    await coro(*args, **kwargs)
  File "/app/asu_discord/cogs/analytics.py", line 652, in on_member_update
    before_timeout = before.timed_out_until
                     ^^^^^^^^^^^^^^^^^^^^^^
AttributeError: 'Member' object has no attribute 'timed_out_until'
Ignoring exception in on_member_update
Traceback (most recent call last):
  File "/usr/local/lib/python3.12/site-packages/discord/client.py", line 465, in _run_event
    await coro(*args, **kwargs)
  File "/app/asu_discord/cogs/analytics.py", line 652, in on_member_update
    before_timeout = before.timed_out_until
                     ^^^^^^^^^^^^^^^^^^^^^^
AttributeError: 'Member' object has no attribute 'timed_out_until'
Ignoring exception in on_member_update
Traceback (most recent call last):
  File "/usr/local/lib/python3.12/site-packages/discord/client.py", line 465, in _run_event
    await coro(*args, **kwargs)
  File "/app/asu_discord/cogs/analytics.py", line 652, in on_member_update
    before_timeout = before.timed_out_until
                     ^^^^^^^^^^^^^^^^^^^^^^
AttributeError: 'Member' object has no attribute 'timed_out_until'
Ignoring exception in on_member_update
Traceback (most recent call last):
  File "/usr/local/lib/python3.12/site-packages/discord/client.py", line 465, in _run_event
    await coro(*args, **kwargs)
  File "/app/asu_discord/cogs/analytics.py", line 652, in on_member_update
    before_timeout = before.timed_out_until
                     ^^^^^^^^^^^^^^^^^^^^^^
AttributeError: 'Member' object has no attribute 'timed_out_until'
Ignoring exception in on_member_update
Traceback (most recent call last):
  File "/usr/local/lib/python3.12/site-packages/discord/client.py", line 465, in _run_event
    await coro(*args, **kwargs)
  File "/app/asu_discord/cogs/analytics.py", line 652, in on_member_update
    before_timeout = before.timed_out_until
                     ^^^^^^^^^^^^^^^^^^^^^^
AttributeError: 'Member' object has no attribute 'timed_out_until'
Ignoring exception in on_member_update
Traceback (most recent call last):
  File "/usr/local/lib/python3.12/site-packages/discord/client.py", line 465, in _run_event
    await coro(*args, **kwargs)
  File "/app/asu_discord/cogs/analytics.py", line 652, in on_member_update
    before_timeout = before.timed_out_until
                     ^^^^^^^^^^^^^^^^^^^^^^
AttributeError: 'Member' object has no attribute 'timed_out_until'
Ignoring exception in on_member_update
Traceback (most recent call last):
  File "/usr/local/lib/python3.12/site-packages/discord/client.py", line 465, in _run_event
    await coro(*args, **kwargs)
  File "/app/asu_discord/cogs/analytics.py", line 652, in on_member_update
    before_timeout = before.timed_out_until
                     ^^^^^^^^^^^^^^^^^^^^^^
AttributeError: 'Member' object has no attribute 'timed_out_until'
INFO:asu_discord.cogs.verification:Saved 5 roles to database for user sssama (Discord ID: 997117315340566548)
INFO:asu_discord.cogs.verification:Refreshed Salesforce roles for Discord user 997117315340566548: -5/+5 roles, assigned=[Commited, Graduate Student, International Student, Ira A. Fulton Schools of Engineering, Polytechnic]
Ignoring exception in on_member_update
Traceback (most recent call last):
  File "/usr/local/lib/python3.12/site-packages/discord/client.py", line 465, in _run_event
    await coro(*args, **kwargs)
  File "/app/asu_discord/cogs/analytics.py", line 652, in on_member_update
    before_timeout = before.timed_out_until
                     ^^^^^^^^^^^^^^^^^^^^^^
AttributeError: 'Member' object has no attribute 'timed_out_until'
Ignoring exception in on_member_update
Traceback (most recent call last):
  File "/usr/local/lib/python3.12/site-packages/discord/client.py", line 465, in _run_event
    await coro(*args, **kwargs)
  File "/app/asu_discord/cogs/analytics.py", line 652, in on_member_update
    before_timeout = before.timed_out_until
                     ^^^^^^^^^^^^^^^^^^^^^^
AttributeError: 'Member' object has no attribute 'timed_out_until'
Ignoring exception in on_member_update
Traceback (most recent call last):
  File "/usr/local/lib/python3.12/site-packages/discord/client.py", line 465, in _run_event
    await coro(*args, **kwargs)
  File "/app/asu_discord/cogs/analytics.py", line 652, in on_member_update
    before_timeout = before.timed_out_until
                     ^^^^^^^^^^^^^^^^^^^^^^
AttributeError: 'Member' object has no attribute 'timed_out_until'
Ignoring exception in on_member_update
Traceback (most recent call last):
  File "/usr/local/lib/python3.12/site-packages/discord/client.py", line 465, in _run_event
    await coro(*args, **kwargs)
  File "/app/asu_discord/cogs/analytics.py", line 652, in on_member_update
    before_timeout = before.timed_out_until
                     ^^^^^^^^^^^^^^^^^^^^^^
AttributeError: 'Member' object has no attribute 'timed_out_until'
Ignoring exception in on_member_update
Traceback (most recent call last):
  File "/usr/local/lib/python3.12/site-packages/discord/client.py", line 465, in _run_event
    await coro(*args, **kwargs)
  File "/app/asu_discord/cogs/analytics.py", line 652, in on_member_update
    before_timeout = before.timed_out_until
                     ^^^^^^^^^^^^^^^^^^^^^^
AttributeError: 'Member' object has no attribute 'timed_out_until'
Ignoring exception in on_member_update
Traceback (most recent call last):
  File "/usr/local/lib/python3.12/site-packages/discord/client.py", line 465, in _run_event
    await coro(*args, **kwargs)
  File "/app/asu_discord/cogs/analytics.py", line 652, in on_member_update
    before_timeout = before.timed_out_until
                     ^^^^^^^^^^^^^^^^^^^^^^
AttributeError: 'Member' object has no attribute 'timed_out_until'
Ignoring exception in on_member_update
Traceback (most recent call last):
  File "/usr/local/lib/python3.12/site-packages/discord/client.py", line 465, in _run_event
    await coro(*args, **kwargs)
  File "/app/asu_discord/cogs/analytics.py", line 652, in on_member_update
    before_timeout = before.timed_out_until
                     ^^^^^^^^^^^^^^^^^^^^^^
AttributeError: 'Member' object has no attribute 'timed_out_until'
Ignoring exception in on_member_update
Traceback (most recent call last):
  File "/usr/local/lib/python3.12/site-packages/discord/client.py", line 465, in _run_event
    await coro(*args, **kwargs)
  File "/app/asu_discord/cogs/analytics.py", line 652, in on_member_update
    before_timeout = before.timed_out_until
                     ^^^^^^^^^^^^^^^^^^^^^^
AttributeError: 'Member' object has no attribute 'timed_out_until'
Ignoring exception in on_member_update
Traceback (most recent call last):
  File "/usr/local/lib/python3.12/site-packages/discord/client.py", line 465, in _run_event
    await coro(*args, **kwargs)
  File "/app/asu_discord/cogs/analytics.py", line 652, in on_member_update
    before_timeout = before.timed_out_until
                     ^^^^^^^^^^^^^^^^^^^^^^
AttributeError: 'Member' object has no attribute 'timed_out_until'
INFO:asu_discord.cogs.verification:Saved 6 roles to database for user sgkrantz (Discord ID: 840426336186007572)
INFO:asu_discord.cogs.verification:Refreshed Salesforce roles for Discord user 840426336186007572: -3/+6 roles, assigned=[Arizona Resident, College of Liberal Arts and Sciences, Commited, Downtown Phoenix, Graduate Student, Tempe]
Ignoring exception in on_member_update
Traceback (most recent call last):
  File "/usr/local/lib/python3.12/site-packages/discord/client.py", line 465, in _run_event
    await coro(*args, **kwargs)
  File "/app/asu_discord/cogs/analytics.py", line 652, in on_member_update
    before_timeout = before.timed_out_until
                     ^^^^^^^^^^^^^^^^^^^^^^
AttributeError: 'Member' object has no attribute 'timed_out_until'
Ignoring exception in on_member_update
Traceback (most recent call last):
  File "/usr/local/lib/python3.12/site-packages/discord/client.py", line 465, in _run_event
    await coro(*args, **kwargs)
  File "/app/asu_discord/cogs/analytics.py", line 652, in on_member_update
    before_timeout = before.timed_out_until
                     ^^^^^^^^^^^^^^^^^^^^^^
AttributeError: 'Member' object has no attribute 'timed_out_until'
Ignoring exception in on_member_update
Traceback (most recent call last):
  File "/usr/local/lib/python3.12/site-packages/discord/client.py", line 465, in _run_event
    await coro(*args, **kwargs)
  File "/app/asu_discord/cogs/analytics.py", line 652, in on_member_update
    before_timeout = before.timed_out_until
                     ^^^^^^^^^^^^^^^^^^^^^^
AttributeError: 'Member' object has no attribute 'timed_out_until'
Ignoring exception in on_member_update
Traceback (most recent call last):
  File "/usr/local/lib/python3.12/site-packages/discord/client.py", line 465, in _run_event
    await coro(*args, **kwargs)
  File "/app/asu_discord/cogs/analytics.py", line 652, in on_member_update
    before_timeout = before.timed_out_until
                     ^^^^^^^^^^^^^^^^^^^^^^
AttributeError: 'Member' object has no attribute 'timed_out_until'
Ignoring exception in on_member_update
Traceback (most recent call last):
  File "/usr/local/lib/python3.12/site-packages/discord/client.py", line 465, in _run_event
    await coro(*args, **kwargs)
  File "/app/asu_discord/cogs/analytics.py", line 652, in on_member_update
    before_timeout = before.timed_out_until
                     ^^^^^^^^^^^^^^^^^^^^^^
AttributeError: 'Member' object has no attribute 'timed_out_until'
Ignoring exception in on_member_update
Traceback (most recent call last):
  File "/usr/local/lib/python3.12/site-packages/discord/client.py", line 465, in _run_event
    await coro(*args, **kwargs)
  File "/app/asu_discord/cogs/analytics.py", line 652, in on_member_update
    before_timeout = before.timed_out_until
                     ^^^^^^^^^^^^^^^^^^^^^^
AttributeError: 'Member' object has no attribute 'timed_out_until'
Ignoring exception in on_member_update
Traceback (most recent call last):
  File "/usr/local/lib/python3.12/site-packages/discord/client.py", line 465, in _run_event
    await coro(*args, **kwargs)
  File "/app/asu_discord/cogs/analytics.py", line 652, in on_member_update
    before_timeout = before.timed_out_until
                     ^^^^^^^^^^^^^^^^^^^^^^
AttributeError: 'Member' object has no attribute 'timed_out_until'
Ignoring exception in on_member_update
Traceback (most recent call last):
  File "/usr/local/lib/python3.12/site-packages/discord/client.py", line 465, in _run_event
    await coro(*args, **kwargs)
  File "/app/asu_discord/cogs/analytics.py", line 652, in on_member_update
    before_timeout = before.timed_out_until
                     ^^^^^^^^^^^^^^^^^^^^^^
AttributeError: 'Member' object has no attribute 'timed_out_until'
Ignoring exception in on_member_update
Traceback (most recent call last):
  File "/usr/local/lib/python3.12/site-packages/discord/client.py", line 465, in _run_event
    await coro(*args, **kwargs)
  File "/app/asu_discord/cogs/analytics.py", line 652, in on_member_update
    before_timeout = before.timed_out_until
                     ^^^^^^^^^^^^^^^^^^^^^^
AttributeError: 'Member' object has no attribute 'timed_out_until'
Ignoring exception in on_member_update
Traceback (most recent call last):
  File "/usr/local/lib/python3.12/site-packages/discord/client.py", line 465, in _run_event
    await coro(*args, **kwargs)
  File "/app/asu_discord/cogs/analytics.py", line 652, in on_member_update
    before_timeout = before.timed_out_until
                     ^^^^^^^^^^^^^^^^^^^^^^
AttributeError: 'Member' object has no attribute 'timed_out_until'
INFO:asu_discord.cogs.verification:Saved 5 roles to database for user ptpresto (Discord ID: 795749739554537553)
INFO:asu_discord.cogs.verification:Refreshed Salesforce roles for Discord user 795749739554537553: -5/+5 roles, assigned=[Arizona Resident, College of Liberal Arts and Sciences, Commited, First Year, Tempe]
Ignoring exception in on_member_update
Traceback (most recent call last):
  File "/usr/local/lib/python3.12/site-packages/discord/client.py", line 465, in _run_event
    await coro(*args, **kwargs)
  File "/app/asu_discord/cogs/analytics.py", line 652, in on_member_update
    before_timeout = before.timed_out_until
                     ^^^^^^^^^^^^^^^^^^^^^^
AttributeError: 'Member' object has no attribute 'timed_out_until'
Ignoring exception in on_member_update
Traceback (most recent call last):
  File "/usr/local/lib/python3.12/site-packages/discord/client.py", line 465, in _run_event
    await coro(*args, **kwargs)
  File "/app/asu_discord/cogs/analytics.py", line 652, in on_member_update
    before_timeout = before.timed_out_until
                     ^^^^^^^^^^^^^^^^^^^^^^
AttributeError: 'Member' object has no attribute 'timed_out_until'
Ignoring exception in on_member_update
Traceback (most recent call last):
  File "/usr/local/lib/python3.12/site-packages/discord/client.py", line 465, in _run_event
    await coro(*args, **kwargs)
  File "/app/asu_discord/cogs/analytics.py", line 652, in on_member_update
    before_timeout = before.timed_out_until
                     ^^^^^^^^^^^^^^^^^^^^^^
AttributeError: 'Member' object has no attribute 'timed_out_until'
Ignoring exception in on_member_update
Traceback (most recent call last):
  File "/usr/local/lib/python3.12/site-packages/discord/client.py", line 465, in _run_event
    await coro(*args, **kwargs)
  File "/app/asu_discord/cogs/analytics.py", line 652, in on_member_update
    before_timeout = before.timed_out_until
                     ^^^^^^^^^^^^^^^^^^^^^^
AttributeError: 'Member' object has no attribute 'timed_out_until'
Ignoring exception in on_member_update
Traceback (most recent call last):
  File "/usr/local/lib/python3.12/site-packages/discord/client.py", line 465, in _run_event
    await coro(*args, **kwargs)
  File "/app/asu_discord/cogs/analytics.py", line 652, in on_member_update
    before_timeout = before.timed_out_until
                     ^^^^^^^^^^^^^^^^^^^^^^
AttributeError: 'Member' object has no attribute 'timed_out_until'
Ignoring exception in on_member_update
Traceback (most recent call last):
  File "/usr/local/lib/python3.12/site-packages/discord/client.py", line 465, in _run_event
    await coro(*args, **kwargs)
  File "/app/asu_discord/cogs/analytics.py", line 652, in on_member_update
    before_timeout = before.timed_out_until
                     ^^^^^^^^^^^^^^^^^^^^^^
AttributeError: 'Member' object has no attribute 'timed_out_until'
Ignoring exception in on_member_update
Traceback (most recent call last):
  File "/usr/local/lib/python3.12/site-packages/discord/client.py", line 465, in _run_event
    await coro(*args, **kwargs)
  File "/app/asu_discord/cogs/analytics.py", line 652, in on_member_update
    before_timeout = before.timed_out_until
                     ^^^^^^^^^^^^^^^^^^^^^^
AttributeError: 'Member' object has no attribute 'timed_out_until'
Ignoring exception in on_member_update
Traceback (most recent call last):
  File "/usr/local/lib/python3.12/site-packages/discord/client.py", line 465, in _run_event
    await coro(*args, **kwargs)
  File "/app/asu_discord/cogs/analytics.py", line 652, in on_member_update
    before_timeout = before.timed_out_until
                     ^^^^^^^^^^^^^^^^^^^^^^
AttributeError: 'Member' object has no attribute 'timed_out_until'
INFO:asu_discord.cogs.verification:Saved 4 roles to database for user babduray (Discord ID: 565917675830640641)
INFO:asu_discord.cogs.verification:Refreshed Salesforce roles for Discord user 565917675830640641: -4/+4 roles, assigned=[College of Liberal Arts and Sciences, First Year, International Student, Tempe]
Ignoring exception in on_member_update
Traceback (most recent call last):
  File "/usr/local/lib/python3.12/site-packages/discord/client.py", line 465, in _run_event
    await coro(*args, **kwargs)
  File "/app/asu_discord/cogs/analytics.py", line 652, in on_member_update
    before_timeout = before.timed_out_until
                     ^^^^^^^^^^^^^^^^^^^^^^
AttributeError: 'Member' object has no attribute 'timed_out_until'
Ignoring exception in on_member_update
Traceback (most recent call last):
  File "/usr/local/lib/python3.12/site-packages/discord/client.py", line 465, in _run_event
    await coro(*args, **kwargs)
  File "/app/asu_discord/cogs/analytics.py", line 652, in on_member_update
    before_timeout = before.timed_out_until
                     ^^^^^^^^^^^^^^^^^^^^^^
AttributeError: 'Member' object has no attribute 'timed_out_until'
Ignoring exception in on_member_update
Traceback (most recent call last):
  File "/usr/local/lib/python3.12/site-packages/discord/client.py", line 465, in _run_event
    await coro(*args, **kwargs)
  File "/app/asu_discord/cogs/analytics.py", line 652, in on_member_update
    before_timeout = before.timed_out_until
                     ^^^^^^^^^^^^^^^^^^^^^^
AttributeError: 'Member' object has no attribute 'timed_out_until'
Ignoring exception in on_member_update
Traceback (most recent call last):
  File "/usr/local/lib/python3.12/site-packages/discord/client.py", line 465, in _run_event
    await coro(*args, **kwargs)
  File "/app/asu_discord/cogs/analytics.py", line 652, in on_member_update
    before_timeout = before.timed_out_until
                     ^^^^^^^^^^^^^^^^^^^^^^
AttributeError: 'Member' object has no attribute 'timed_out_until'
Ignoring exception in on_member_update
Traceback (most recent call last):
  File "/usr/local/lib/python3.12/site-packages/discord/client.py", line 465, in _run_event
    await coro(*args, **kwargs)
  File "/app/asu_discord/cogs/analytics.py", line 652, in on_member_update
    before_timeout = before.timed_out_until
                     ^^^^^^^^^^^^^^^^^^^^^^
AttributeError: 'Member' object has no attribute 'timed_out_until'
Ignoring exception in on_member_update
Traceback (most recent call last):
  File "/usr/local/lib/python3.12/site-packages/discord/client.py", line 465, in _run_event
    await coro(*args, **kwargs)
  File "/app/asu_discord/cogs/analytics.py", line 652, in on_member_update
    before_timeout = before.timed_out_until
                     ^^^^^^^^^^^^^^^^^^^^^^
AttributeError: 'Member' object has no attribute 'timed_out_until'
Ignoring exception in on_member_update
Traceback (most recent call last):
  File "/usr/local/lib/python3.12/site-packages/discord/client.py", line 465, in _run_event
    await coro(*args, **kwargs)
  File "/app/asu_discord/cogs/analytics.py", line 652, in on_member_update
    before_timeout = before.timed_out_until
                     ^^^^^^^^^^^^^^^^^^^^^^
AttributeError: 'Member' object has no attribute 'timed_out_until'
Ignoring exception in on_member_update
Traceback (most recent call last):
  File "/usr/local/lib/python3.12/site-packages/discord/client.py", line 465, in _run_event
    await coro(*args, **kwargs)
  File "/app/asu_discord/cogs/analytics.py", line 652, in on_member_update
    before_timeout = before.timed_out_until
                     ^^^^^^^^^^^^^^^^^^^^^^
AttributeError: 'Member' object has no attribute 'timed_out_until'
Ignoring exception in on_member_update
Traceback (most recent call last):
  File "/usr/local/lib/python3.12/site-packages/discord/client.py", line 465, in _run_event
    await coro(*args, **kwargs)
  File "/app/asu_discord/cogs/analytics.py", line 652, in on_member_update
    before_timeout = before.timed_out_until
                     ^^^^^^^^^^^^^^^^^^^^^^
AttributeError: 'Member' object has no attribute 'timed_out_until'
Ignoring exception in on_member_update
Traceback (most recent call last):
  File "/usr/local/lib/python3.12/site-packages/discord/client.py", line 465, in _run_event
    await coro(*args, **kwargs)
  File "/app/asu_discord/cogs/analytics.py", line 652, in on_member_update
    before_timeout = before.timed_out_until
                     ^^^^^^^^^^^^^^^^^^^^^^
AttributeError: 'Member' object has no attribute 'timed_out_until'
INFO:asu_discord.cogs.verification:Saved 5 roles to database for user cmoren48 (Discord ID: 331889998615937024)
INFO:asu_discord.cogs.verification:Refreshed Salesforce roles for Discord user 331889998615937024: -5/+5 roles, assigned=[Arizona Resident, College of Liberal Arts and Sciences, Commited, Tempe, Transfer Student]
Ignoring exception in on_member_update
Traceback (most recent call last):
  File "/usr/local/lib/python3.12/site-packages/discord/client.py", line 465, in _run_event
    await coro(*args, **kwargs)
  File "/app/asu_discord/cogs/analytics.py", line 652, in on_member_update
    before_timeout = before.timed_out_until
                     ^^^^^^^^^^^^^^^^^^^^^^
AttributeError: 'Member' object has no attribute 'timed_out_until'
Ignoring exception in on_member_update
Traceback (most recent call last):
  File "/usr/local/lib/python3.12/site-packages/discord/client.py", line 465, in _run_event
    await coro(*args, **kwargs)
  File "/app/asu_discord/cogs/analytics.py", line 652, in on_member_update
    before_timeout = before.timed_out_until
                     ^^^^^^^^^^^^^^^^^^^^^^
AttributeError: 'Member' object has no attribute 'timed_out_until'
Ignoring exception in on_member_update
Traceback (most recent call last):
  File "/usr/local/lib/python3.12/site-packages/discord/client.py", line 465, in _run_event
    await coro(*args, **kwargs)
  File "/app/asu_discord/cogs/analytics.py", line 652, in on_member_update
    before_timeout = before.timed_out_until
                     ^^^^^^^^^^^^^^^^^^^^^^
AttributeError: 'Member' object has no attribute 'timed_out_until'
Ignoring exception in on_member_update
Traceback (most recent call last):
  File "/usr/local/lib/python3.12/site-packages/discord/client.py", line 465, in _run_event
    await coro(*args, **kwargs)
  File "/app/asu_discord/cogs/analytics.py", line 652, in on_member_update
    before_timeout = before.timed_out_until
                     ^^^^^^^^^^^^^^^^^^^^^^
AttributeError: 'Member' object has no attribute 'timed_out_until'
Ignoring exception in on_member_update
Traceback (most recent call last):
  File "/usr/local/lib/python3.12/site-packages/discord/client.py", line 465, in _run_event
    await coro(*args, **kwargs)
  File "/app/asu_discord/cogs/analytics.py", line 652, in on_member_update
    before_timeout = before.timed_out_until
                     ^^^^^^^^^^^^^^^^^^^^^^
AttributeError: 'Member' object has no attribute 'timed_out_until'
Ignoring exception in on_member_update
Traceback (most recent call last):
  File "/usr/local/lib/python3.12/site-packages/discord/client.py", line 465, in _run_event
    await coro(*args, **kwargs)
  File "/app/asu_discord/cogs/analytics.py", line 652, in on_member_update
    before_timeout = before.timed_out_until
                     ^^^^^^^^^^^^^^^^^^^^^^
AttributeError: 'Member' object has no attribute 'timed_out_until'
Ignoring exception in on_member_update
Traceback (most recent call last):
  File "/usr/local/lib/python3.12/site-packages/discord/client.py", line 465, in _run_event
    await coro(*args, **kwargs)
  File "/app/asu_discord/cogs/analytics.py", line 652, in on_member_update
    before_timeout = before.timed_out_until
                     ^^^^^^^^^^^^^^^^^^^^^^
AttributeError: 'Member' object has no attribute 'timed_out_until'
Ignoring exception in on_member_update
Traceback (most recent call last):
  File "/usr/local/lib/python3.12/site-packages/discord/client.py", line 465, in _run_event
    await coro(*args, **kwargs)
  File "/app/asu_discord/cogs/analytics.py", line 652, in on_member_update
    before_timeout = before.timed_out_until
                     ^^^^^^^^^^^^^^^^^^^^^^
AttributeError: 'Member' object has no attribute 'timed_out_until'
Ignoring exception in on_member_update
Traceback (most recent call last):
  File "/usr/local/lib/python3.12/site-packages/discord/client.py", line 465, in _run_event
    await coro(*args, **kwargs)
  File "/app/asu_discord/cogs/analytics.py", line 652, in on_member_update
    before_timeout = before.timed_out_until
                     ^^^^^^^^^^^^^^^^^^^^^^
AttributeError: 'Member' object has no attribute 'timed_out_until'
INFO:asu_discord.cogs.verification:Saved 5 roles to database for user komacleo (Discord ID: 783792555389091861)
INFO:asu_discord.cogs.verification:Refreshed Salesforce roles for Discord user 783792555389091861: -4/+5 roles, assigned=[Arizona Resident, Commited, First Year, Ira A. Fulton Schools of Engineering, Tempe]
Ignoring exception in on_member_update
Traceback (most recent call last):
  File "/usr/local/lib/python3.12/site-packages/discord/client.py", line 465, in _run_event
    await coro(*args, **kwargs)
  File "/app/asu_discord/cogs/analytics.py", line 652, in on_member_update
    before_timeout = before.timed_out_until
                     ^^^^^^^^^^^^^^^^^^^^^^
AttributeError: 'Member' object has no attribute 'timed_out_until'
Ignoring exception in on_member_update
Traceback (most recent call last):
  File "/usr/local/lib/python3.12/site-packages/discord/client.py", line 465, in _run_event
    await coro(*args, **kwargs)
  File "/app/asu_discord/cogs/analytics.py", line 652, in on_member_update
    before_timeout = before.timed_out_until
                     ^^^^^^^^^^^^^^^^^^^^^^
AttributeError: 'Member' object has no attribute 'timed_out_until'
Ignoring exception in on_member_update
Traceback (most recent call last):
  File "/usr/local/lib/python3.12/site-packages/discord/client.py", line 465, in _run_event
    await coro(*args, **kwargs)
  File "/app/asu_discord/cogs/analytics.py", line 652, in on_member_update
    before_timeout = before.timed_out_until
                     ^^^^^^^^^^^^^^^^^^^^^^
AttributeError: 'Member' object has no attribute 'timed_out_until'
Ignoring exception in on_member_update
Traceback (most recent call last):
  File "/usr/local/lib/python3.12/site-packages/discord/client.py", line 465, in _run_event
    await coro(*args, **kwargs)
  File "/app/asu_discord/cogs/analytics.py", line 652, in on_member_update
    before_timeout = before.timed_out_until
                     ^^^^^^^^^^^^^^^^^^^^^^
AttributeError: 'Member' object has no attribute 'timed_out_until'
Ignoring exception in on_member_update
Traceback (most recent call last):
  File "/usr/local/lib/python3.12/site-packages/discord/client.py", line 465, in _run_event
    await coro(*args, **kwargs)
  File "/app/asu_discord/cogs/analytics.py", line 652, in on_member_update
    before_timeout = before.timed_out_until
                     ^^^^^^^^^^^^^^^^^^^^^^
AttributeError: 'Member' object has no attribute 'timed_out_until'
Ignoring exception in on_member_update
Traceback (most recent call last):
  File "/usr/local/lib/python3.12/site-packages/discord/client.py", line 465, in _run_event
    await coro(*args, **kwargs)
  File "/app/asu_discord/cogs/analytics.py", line 652, in on_member_update
    before_timeout = before.timed_out_until
                     ^^^^^^^^^^^^^^^^^^^^^^
AttributeError: 'Member' object has no attribute 'timed_out_until'
INFO:asu_discord.cogs.verification:Saved 3 roles to database for user ashriv69 (Discord ID: 804396606157881361)
INFO:asu_discord.cogs.verification:Refreshed Salesforce roles for Discord user 804396606157881361: -3/+3 roles, assigned=[College of Liberal Arts and Sciences, Tempe, Transfer Student]
Ignoring exception in on_member_update
Traceback (most recent call last):
  File "/usr/local/lib/python3.12/site-packages/discord/client.py", line 465, in _run_event
    await coro(*args, **kwargs)
  File "/app/asu_discord/cogs/analytics.py", line 652, in on_member_update
    before_timeout = before.timed_out_until
                     ^^^^^^^^^^^^^^^^^^^^^^
AttributeError: 'Member' object has no attribute 'timed_out_until'
Ignoring exception in on_member_update
Traceback (most recent call last):
  File "/usr/local/lib/python3.12/site-packages/discord/client.py", line 465, in _run_event
    await coro(*args, **kwargs)
  File "/app/asu_discord/cogs/analytics.py", line 652, in on_member_update
    before_timeout = before.timed_out_until
                     ^^^^^^^^^^^^^^^^^^^^^^
AttributeError: 'Member' object has no attribute 'timed_out_until'
Ignoring exception in on_member_update
Traceback (most recent call last):
  File "/usr/local/lib/python3.12/site-packages/discord/client.py", line 465, in _run_event
    await coro(*args, **kwargs)
  File "/app/asu_discord/cogs/analytics.py", line 652, in on_member_update
    before_timeout = before.timed_out_until
                     ^^^^^^^^^^^^^^^^^^^^^^
AttributeError: 'Member' object has no attribute 'timed_out_until'
Ignoring exception in on_member_update
Traceback (most recent call last):
  File "/usr/local/lib/python3.12/site-packages/discord/client.py", line 465, in _run_event
    await coro(*args, **kwargs)
  File "/app/asu_discord/cogs/analytics.py", line 652, in on_member_update
    before_timeout = before.timed_out_until
                     ^^^^^^^^^^^^^^^^^^^^^^
AttributeError: 'Member' object has no attribute 'timed_out_until'
Ignoring exception in on_member_update
Traceback (most recent call last):
  File "/usr/local/lib/python3.12/site-packages/discord/client.py", line 465, in _run_event
    await coro(*args, **kwargs)
  File "/app/asu_discord/cogs/analytics.py", line 652, in on_member_update
    before_timeout = before.timed_out_until
                     ^^^^^^^^^^^^^^^^^^^^^^
AttributeError: 'Member' object has no attribute 'timed_out_until'
Ignoring exception in on_member_update
Traceback (most recent call last):
  File "/usr/local/lib/python3.12/site-packages/discord/client.py", line 465, in _run_event
    await coro(*args, **kwargs)
  File "/app/asu_discord/cogs/analytics.py", line 652, in on_member_update
    before_timeout = before.timed_out_until
                     ^^^^^^^^^^^^^^^^^^^^^^
AttributeError: 'Member' object has no attribute 'timed_out_until'
Ignoring exception in on_member_update
Traceback (most recent call last):
  File "/usr/local/lib/python3.12/site-packages/discord/client.py", line 465, in _run_event
    await coro(*args, **kwargs)
  File "/app/asu_discord/cogs/analytics.py", line 652, in on_member_update
    before_timeout = before.timed_out_until
                     ^^^^^^^^^^^^^^^^^^^^^^
AttributeError: 'Member' object has no attribute 'timed_out_until'
Ignoring exception in on_member_update
Traceback (most recent call last):
  File "/usr/local/lib/python3.12/site-packages/discord/client.py", line 465, in _run_event
    await coro(*args, **kwargs)
  File "/app/asu_discord/cogs/analytics.py", line 652, in on_member_update
    before_timeout = before.timed_out_until
                     ^^^^^^^^^^^^^^^^^^^^^^
AttributeError: 'Member' object has no attribute 'timed_out_until'
INFO:asu_discord.cogs.verification:Saved 4 roles to database for user mrcasano (Discord ID: 705729778971312128)
INFO:asu_discord.cogs.verification:Refreshed Salesforce roles for Discord user 705729778971312128: -4/+4 roles, assigned=[College of Liberal Arts and Sciences, First Year, International Student, Tempe]
Ignoring exception in on_member_update
Traceback (most recent call last):
  File "/usr/local/lib/python3.12/site-packages/discord/client.py", line 465, in _run_event
    await coro(*args, **kwargs)
  File "/app/asu_discord/cogs/analytics.py", line 652, in on_member_update
    before_timeout = before.timed_out_until
                     ^^^^^^^^^^^^^^^^^^^^^^
AttributeError: 'Member' object has no attribute 'timed_out_until'
Ignoring exception in on_member_update
Traceback (most recent call last):
  File "/usr/local/lib/python3.12/site-packages/discord/client.py", line 465, in _run_event
    await coro(*args, **kwargs)
  File "/app/asu_discord/cogs/analytics.py", line 652, in on_member_update
    before_timeout = before.timed_out_until
                     ^^^^^^^^^^^^^^^^^^^^^^
AttributeError: 'Member' object has no attribute 'timed_out_until'
Ignoring exception in on_member_update
Traceback (most recent call last):
  File "/usr/local/lib/python3.12/site-packages/discord/client.py", line 465, in _run_event
    await coro(*args, **kwargs)
  File "/app/asu_discord/cogs/analytics.py", line 652, in on_member_update
    before_timeout = before.timed_out_until
                     ^^^^^^^^^^^^^^^^^^^^^^
AttributeError: 'Member' object has no attribute 'timed_out_until'
Ignoring exception in on_member_update
Traceback (most recent call last):
  File "/usr/local/lib/python3.12/site-packages/discord/client.py", line 465, in _run_event
    await coro(*args, **kwargs)
  File "/app/asu_discord/cogs/analytics.py", line 652, in on_member_update
    before_timeout = before.timed_out_until
                     ^^^^^^^^^^^^^^^^^^^^^^
AttributeError: 'Member' object has no attribute 'timed_out_until'
Ignoring exception in on_member_update
Traceback (most recent call last):
  File "/usr/local/lib/python3.12/site-packages/discord/client.py", line 465, in _run_event
    await coro(*args, **kwargs)
  File "/app/asu_discord/cogs/analytics.py", line 652, in on_member_update
    before_timeout = before.timed_out_until
                     ^^^^^^^^^^^^^^^^^^^^^^
AttributeError: 'Member' object has no attribute 'timed_out_until'
Ignoring exception in on_member_update
Traceback (most recent call last):
  File "/usr/local/lib/python3.12/site-packages/discord/client.py", line 465, in _run_event
    await coro(*args, **kwargs)
  File "/app/asu_discord/cogs/analytics.py", line 652, in on_member_update
    before_timeout = before.timed_out_until
                     ^^^^^^^^^^^^^^^^^^^^^^
AttributeError: 'Member' object has no attribute 'timed_out_until'
Ignoring exception in on_member_update
Traceback (most recent call last):
  File "/usr/local/lib/python3.12/site-packages/discord/client.py", line 465, in _run_event
    await coro(*args, **kwargs)
  File "/app/asu_discord/cogs/analytics.py", line 652, in on_member_update
    before_timeout = before.timed_out_until
                     ^^^^^^^^^^^^^^^^^^^^^^
AttributeError: 'Member' object has no attribute 'timed_out_until'
Ignoring exception in on_member_update
Traceback (most recent call last):
  File "/usr/local/lib/python3.12/site-packages/discord/client.py", line 465, in _run_event
    await coro(*args, **kwargs)
  File "/app/asu_discord/cogs/analytics.py", line 652, in on_member_update
    before_timeout = before.timed_out_until
                     ^^^^^^^^^^^^^^^^^^^^^^
AttributeError: 'Member' object has no attribute 'timed_out_until'
Ignoring exception in on_member_update
Traceback (most recent call last):
  File "/usr/local/lib/python3.12/site-packages/discord/client.py", line 465, in _run_event
    await coro(*args, **kwargs)
  File "/app/asu_discord/cogs/analytics.py", line 652, in on_member_update
    before_timeout = before.timed_out_until
                     ^^^^^^^^^^^^^^^^^^^^^^
AttributeError: 'Member' object has no attribute 'timed_out_until'
Ignoring exception in on_member_update
Traceback (most recent call last):
  File "/usr/local/lib/python3.12/site-packages/discord/client.py", line 465, in _run_event
    await coro(*args, **kwargs)
  File "/app/asu_discord/cogs/analytics.py", line 652, in on_member_update
    before_timeout = before.timed_out_until
                     ^^^^^^^^^^^^^^^^^^^^^^
AttributeError: 'Member' object has no attribute 'timed_out_until'
INFO:asu_discord.cogs.verification:Saved 5 roles to database for user sravinda (Discord ID: 907992145611358228)
INFO:asu_discord.cogs.verification:Refreshed Salesforce roles for Discord user 907992145611358228: -5/+5 roles, assigned=[Commited, International Student, Ira A. Fulton Schools of Engineering, Tempe, Transfer Student]
Ignoring exception in on_member_update
Traceback (most recent call last):
  File "/usr/local/lib/python3.12/site-packages/discord/client.py", line 465, in _run_event
    await coro(*args, **kwargs)
  File "/app/asu_discord/cogs/analytics.py", line 652, in on_member_update
    before_timeout = before.timed_out_until
                     ^^^^^^^^^^^^^^^^^^^^^^
AttributeError: 'Member' object has no attribute 'timed_out_until'
Ignoring exception in on_member_update
Traceback (most recent call last):
  File "/usr/local/lib/python3.12/site-packages/discord/client.py", line 465, in _run_event
    await coro(*args, **kwargs)
  File "/app/asu_discord/cogs/analytics.py", line 652, in on_member_update
    before_timeout = before.timed_out_until
                     ^^^^^^^^^^^^^^^^^^^^^^
AttributeError: 'Member' object has no attribute 'timed_out_until'
Ignoring exception in on_member_update
Traceback (most recent call last):
  File "/usr/local/lib/python3.12/site-packages/discord/client.py", line 465, in _run_event
    await coro(*args, **kwargs)
  File "/app/asu_discord/cogs/analytics.py", line 652, in on_member_update
    before_timeout = before.timed_out_until
                     ^^^^^^^^^^^^^^^^^^^^^^
AttributeError: 'Member' object has no attribute 'timed_out_until'
Ignoring exception in on_member_update
Traceback (most recent call last):
  File "/usr/local/lib/python3.12/site-packages/discord/client.py", line 465, in _run_event
    await coro(*args, **kwargs)
  File "/app/asu_discord/cogs/analytics.py", line 652, in on_member_update
    before_timeout = before.timed_out_until
                     ^^^^^^^^^^^^^^^^^^^^^^
AttributeError: 'Member' object has no attribute 'timed_out_until'
Ignoring exception in on_member_update
Traceback (most recent call last):
  File "/usr/local/lib/python3.12/site-packages/discord/client.py", line 465, in _run_event
    await coro(*args, **kwargs)
  File "/app/asu_discord/cogs/analytics.py", line 652, in on_member_update
    before_timeout = before.timed_out_until
                     ^^^^^^^^^^^^^^^^^^^^^^
AttributeError: 'Member' object has no attribute 'timed_out_until'
Ignoring exception in on_member_update
Traceback (most recent call last):
  File "/usr/local/lib/python3.12/site-packages/discord/client.py", line 465, in _run_event
    await coro(*args, **kwargs)
  File "/app/asu_discord/cogs/analytics.py", line 652, in on_member_update
    before_timeout = before.timed_out_until
                     ^^^^^^^^^^^^^^^^^^^^^^
AttributeError: 'Member' object has no attribute 'timed_out_until'
Ignoring exception in on_member_update
Traceback (most recent call last):
  File "/usr/local/lib/python3.12/site-packages/discord/client.py", line 465, in _run_event
    await coro(*args, **kwargs)
  File "/app/asu_discord/cogs/analytics.py", line 652, in on_member_update
    before_timeout = before.timed_out_until
                     ^^^^^^^^^^^^^^^^^^^^^^
AttributeError: 'Member' object has no attribute 'timed_out_until'
Ignoring exception in on_member_update
Traceback (most recent call last):
  File "/usr/local/lib/python3.12/site-packages/discord/client.py", line 465, in _run_event
    await coro(*args, **kwargs)
  File "/app/asu_discord/cogs/analytics.py", line 652, in on_member_update
    before_timeout = before.timed_out_until
                     ^^^^^^^^^^^^^^^^^^^^^^
AttributeError: 'Member' object has no attribute 'timed_out_until'
Ignoring exception in on_member_update
Traceback (most recent call last):
  File "/usr/local/lib/python3.12/site-packages/discord/client.py", line 465, in _run_event
    await coro(*args, **kwargs)
  File "/app/asu_discord/cogs/analytics.py", line 652, in on_member_update
    before_timeout = before.timed_out_until
                     ^^^^^^^^^^^^^^^^^^^^^^
AttributeError: 'Member' object has no attribute 'timed_out_until'
Ignoring exception in on_member_update
Traceback (most recent call last):
  File "/usr/local/lib/python3.12/site-packages/discord/client.py", line 465, in _run_event
    await coro(*args, **kwargs)
  File "/app/asu_discord/cogs/analytics.py", line 652, in on_member_update
    before_timeout = before.timed_out_until
                     ^^^^^^^^^^^^^^^^^^^^^^
AttributeError: 'Member' object has no attribute 'timed_out_until'
INFO:asu_discord.cogs.verification:Saved 5 roles to database for user jakorn1 (Discord ID: 595042594157756416)
INFO:asu_discord.cogs.verification:Refreshed Salesforce roles for Discord user 595042594157756416: -5/+5 roles, assigned=[Commited, First Year, Ira A. Fulton Schools of Engineering, Out of State, Tempe]
Ignoring exception in on_member_update
Traceback (most recent call last):
  File "/usr/local/lib/python3.12/site-packages/discord/client.py", line 465, in _run_event
    await coro(*args, **kwargs)
  File "/app/asu_discord/cogs/analytics.py", line 652, in on_member_update
    before_timeout = before.timed_out_until
                     ^^^^^^^^^^^^^^^^^^^^^^
AttributeError: 'Member' object has no attribute 'timed_out_until'
Ignoring exception in on_member_update
Traceback (most recent call last):
  File "/usr/local/lib/python3.12/site-packages/discord/client.py", line 465, in _run_event
    await coro(*args, **kwargs)
  File "/app/asu_discord/cogs/analytics.py", line 652, in on_member_update
    before_timeout = before.timed_out_until
                     ^^^^^^^^^^^^^^^^^^^^^^
AttributeError: 'Member' object has no attribute 'timed_out_until'
Ignoring exception in on_member_update
Traceback (most recent call last):
  File "/usr/local/lib/python3.12/site-packages/discord/client.py", line 465, in _run_event
    await coro(*args, **kwargs)
  File "/app/asu_discord/cogs/analytics.py", line 652, in on_member_update
    before_timeout = before.timed_out_until
                     ^^^^^^^^^^^^^^^^^^^^^^
AttributeError: 'Member' object has no attribute 'timed_out_until'
Ignoring exception in on_member_update
Traceback (most recent call last):
  File "/usr/local/lib/python3.12/site-packages/discord/client.py", line 465, in _run_event
    await coro(*args, **kwargs)
  File "/app/asu_discord/cogs/analytics.py", line 652, in on_member_update
    before_timeout = before.timed_out_until
                     ^^^^^^^^^^^^^^^^^^^^^^
AttributeError: 'Member' object has no attribute 'timed_out_until'
Ignoring exception in on_member_update
Traceback (most recent call last):
  File "/usr/local/lib/python3.12/site-packages/discord/client.py", line 465, in _run_event
    await coro(*args, **kwargs)
  File "/app/asu_discord/cogs/analytics.py", line 652, in on_member_update
    before_timeout = before.timed_out_until
                     ^^^^^^^^^^^^^^^^^^^^^^
AttributeError: 'Member' object has no attribute 'timed_out_until'
Ignoring exception in on_member_update
Traceback (most recent call last):
  File "/usr/local/lib/python3.12/site-packages/discord/client.py", line 465, in _run_event
    await coro(*args, **kwargs)
  File "/app/asu_discord/cogs/analytics.py", line 652, in on_member_update
    before_timeout = before.timed_out_until
                     ^^^^^^^^^^^^^^^^^^^^^^
AttributeError: 'Member' object has no attribute 'timed_out_until'
Ignoring exception in on_member_update
Traceback (most recent call last):
  File "/usr/local/lib/python3.12/site-packages/discord/client.py", line 465, in _run_event
    await coro(*args, **kwargs)
  File "/app/asu_discord/cogs/analytics.py", line 652, in on_member_update
    before_timeout = before.timed_out_until
                     ^^^^^^^^^^^^^^^^^^^^^^
AttributeError: 'Member' object has no attribute 'timed_out_until'
Ignoring exception in on_member_update
Traceback (most recent call last):
  File "/usr/local/lib/python3.12/site-packages/discord/client.py", line 465, in _run_event
    await coro(*args, **kwargs)
  File "/app/asu_discord/cogs/analytics.py", line 652, in on_member_update
    before_timeout = before.timed_out_until
                     ^^^^^^^^^^^^^^^^^^^^^^
AttributeError: 'Member' object has no attribute 'timed_out_until'
Ignoring exception in on_member_update
Traceback (most recent call last):
  File "/usr/local/lib/python3.12/site-packages/discord/client.py", line 465, in _run_event
    await coro(*args, **kwargs)
  File "/app/asu_discord/cogs/analytics.py", line 652, in on_member_update
    before_timeout = before.timed_out_until
                     ^^^^^^^^^^^^^^^^^^^^^^
AttributeError: 'Member' object has no attribute 'timed_out_until'
Ignoring exception in on_member_update
Traceback (most recent call last):
  File "/usr/local/lib/python3.12/site-packages/discord/client.py", line 465, in _run_event
    await coro(*args, **kwargs)
  File "/app/asu_discord/cogs/analytics.py", line 652, in on_member_update
    before_timeout = before.timed_out_until
                     ^^^^^^^^^^^^^^^^^^^^^^
AttributeError: 'Member' object has no attribute 'timed_out_until'
INFO:asu_discord.cogs.verification:Saved 5 roles to database for user kmaeda12 (Discord ID: 764102233670549505)
INFO:asu_discord.cogs.verification:Refreshed Salesforce roles for Discord user 764102233670549505: -5/+5 roles, assigned=[Arizona Resident, Commited, Downtown Phoenix, First Year, Thunderbird School of Global Management]
Ignoring exception in on_member_update
Traceback (most recent call last):
  File "/usr/local/lib/python3.12/site-packages/discord/client.py", line 465, in _run_event
    await coro(*args, **kwargs)
  File "/app/asu_discord/cogs/analytics.py", line 652, in on_member_update
    before_timeout = before.timed_out_until
                     ^^^^^^^^^^^^^^^^^^^^^^
AttributeError: 'Member' object has no attribute 'timed_out_until'
Ignoring exception in on_member_update
Traceback (most recent call last):
  File "/usr/local/lib/python3.12/site-packages/discord/client.py", line 465, in _run_event
    await coro(*args, **kwargs)
  File "/app/asu_discord/cogs/analytics.py", line 652, in on_member_update
    before_timeout = before.timed_out_until
                     ^^^^^^^^^^^^^^^^^^^^^^
AttributeError: 'Member' object has no attribute 'timed_out_until'
Ignoring exception in on_member_update
Traceback (most recent call last):
  File "/usr/local/lib/python3.12/site-packages/discord/client.py", line 465, in _run_event
    await coro(*args, **kwargs)
  File "/app/asu_discord/cogs/analytics.py", line 652, in on_member_update
    before_timeout = before.timed_out_until
                     ^^^^^^^^^^^^^^^^^^^^^^
AttributeError: 'Member' object has no attribute 'timed_out_until'
Ignoring exception in on_member_update
Traceback (most recent call last):
  File "/usr/local/lib/python3.12/site-packages/discord/client.py", line 465, in _run_event
    await coro(*args, **kwargs)
  File "/app/asu_discord/cogs/analytics.py", line 652, in on_member_update
    before_timeout = before.timed_out_until
                     ^^^^^^^^^^^^^^^^^^^^^^
AttributeError: 'Member' object has no attribute 'timed_out_until'
Ignoring exception in on_member_update
Traceback (most recent call last):
  File "/usr/local/lib/python3.12/site-packages/discord/client.py", line 465, in _run_event
    await coro(*args, **kwargs)
  File "/app/asu_discord/cogs/analytics.py", line 652, in on_member_update
    before_timeout = before.timed_out_until
                     ^^^^^^^^^^^^^^^^^^^^^^
AttributeError: 'Member' object has no attribute 'timed_out_until'
Ignoring exception in on_member_update
Traceback (most recent call last):
  File "/usr/local/lib/python3.12/site-packages/discord/client.py", line 465, in _run_event
    await coro(*args, **kwargs)
  File "/app/asu_discord/cogs/analytics.py", line 652, in on_member_update
    before_timeout = before.timed_out_until
                     ^^^^^^^^^^^^^^^^^^^^^^
AttributeError: 'Member' object has no attribute 'timed_out_until'
Ignoring exception in on_member_update
Traceback (most recent call last):
  File "/usr/local/lib/python3.12/site-packages/discord/client.py", line 465, in _run_event
    await coro(*args, **kwargs)
  File "/app/asu_discord/cogs/analytics.py", line 652, in on_member_update
    before_timeout = before.timed_out_until
                     ^^^^^^^^^^^^^^^^^^^^^^
AttributeError: 'Member' object has no attribute 'timed_out_until'
Ignoring exception in on_member_update
Traceback (most recent call last):
  File "/usr/local/lib/python3.12/site-packages/discord/client.py", line 465, in _run_event
    await coro(*args, **kwargs)
  File "/app/asu_discord/cogs/analytics.py", line 652, in on_member_update
    before_timeout = before.timed_out_until
                     ^^^^^^^^^^^^^^^^^^^^^^
AttributeError: 'Member' object has no attribute 'timed_out_until'
Ignoring exception in on_member_update
Traceback (most recent call last):
  File "/usr/local/lib/python3.12/site-packages/discord/client.py", line 465, in _run_event
    await coro(*args, **kwargs)
  File "/app/asu_discord/cogs/analytics.py", line 652, in on_member_update
    before_timeout = before.timed_out_until
                     ^^^^^^^^^^^^^^^^^^^^^^
AttributeError: 'Member' object has no attribute 'timed_out_until'
Ignoring exception in on_member_update
Traceback (most recent call last):
  File "/usr/local/lib/python3.12/site-packages/discord/client.py", line 465, in _run_event
    await coro(*args, **kwargs)
  File "/app/asu_discord/cogs/analytics.py", line 652, in on_member_update
    before_timeout = before.timed_out_until
                     ^^^^^^^^^^^^^^^^^^^^^^
AttributeError: 'Member' object has no attribute 'timed_out_until'
ERROR:cron.jobs:refresh_salesforce_roles: failed for gygarci1 (Discord ID 1388383710025486408): Timed out refresh Salesforce-based roles
Ignoring exception in on_member_update
Traceback (most recent call last):
  File "/usr/local/lib/python3.12/site-packages/discord/client.py", line 465, in _run_event
    await coro(*args, **kwargs)
  File "/app/asu_discord/cogs/analytics.py", line 652, in on_member_update
    before_timeout = before.timed_out_until
                     ^^^^^^^^^^^^^^^^^^^^^^
AttributeError: 'Member' object has no attribute 'timed_out_until'
Ignoring exception in on_member_update
Traceback (most recent call last):
  File "/usr/local/lib/python3.12/site-packages/discord/client.py", line 465, in _run_event
    await coro(*args, **kwargs)
  File "/app/asu_discord/cogs/analytics.py", line 652, in on_member_update
    before_timeout = before.timed_out_until
                     ^^^^^^^^^^^^^^^^^^^^^^
AttributeError: 'Member' object has no attribute 'timed_out_until'
Ignoring exception in on_member_update
Traceback (most recent call last):
  File "/usr/local/lib/python3.12/site-packages/discord/client.py", line 465, in _run_event
    await coro(*args, **kwargs)
  File "/app/asu_discord/cogs/analytics.py", line 652, in on_member_update
    before_timeout = before.timed_out_until
                     ^^^^^^^^^^^^^^^^^^^^^^
AttributeError: 'Member' object has no attribute 'timed_out_until'
Ignoring exception in on_member_update
Traceback (most recent call last):
  File "/usr/local/lib/python3.12/site-packages/discord/client.py", line 465, in _run_event
    await coro(*args, **kwargs)
  File "/app/asu_discord/cogs/analytics.py", line 652, in on_member_update
    before_timeout = before.timed_out_until
                     ^^^^^^^^^^^^^^^^^^^^^^
AttributeError: 'Member' object has no attribute 'timed_out_until'
Ignoring exception in on_member_update
Traceback (most recent call last):
  File "/usr/local/lib/python3.12/site-packages/discord/client.py", line 465, in _run_event
    await coro(*args, **kwargs)
  File "/app/asu_discord/cogs/analytics.py", line 652, in on_member_update
    before_timeout = before.timed_out_until
                     ^^^^^^^^^^^^^^^^^^^^^^
AttributeError: 'Member' object has no attribute 'timed_out_until'
Ignoring exception in on_member_update
Traceback (most recent call last):
  File "/usr/local/lib/python3.12/site-packages/discord/client.py", line 465, in _run_event
    await coro(*args, **kwargs)
  File "/app/asu_discord/cogs/analytics.py", line 652, in on_member_update
    before_timeout = before.timed_out_until
                     ^^^^^^^^^^^^^^^^^^^^^^
AttributeError: 'Member' object has no attribute 'timed_out_until'
Ignoring exception in on_member_update
Traceback (most recent call last):
  File "/usr/local/lib/python3.12/site-packages/discord/client.py", line 465, in _run_event
    await coro(*args, **kwargs)
  File "/app/asu_discord/cogs/analytics.py", line 652, in on_member_update
    before_timeout = before.timed_out_until
                     ^^^^^^^^^^^^^^^^^^^^^^
AttributeError: 'Member' object has no attribute 'timed_out_until'
Ignoring exception in on_member_update
Traceback (most recent call last):
  File "/usr/local/lib/python3.12/site-packages/discord/client.py", line 465, in _run_event
    await coro(*args, **kwargs)
  File "/app/asu_discord/cogs/analytics.py", line 652, in on_member_update
    before_timeout = before.timed_out_until
                     ^^^^^^^^^^^^^^^^^^^^^^
AttributeError: 'Member' object has no attribute 'timed_out_until'
INFO:asu_discord.cogs.verification:Saved 4 roles to database for user mfrazi15 (Discord ID: 1207481618592301147)
INFO:asu_discord.cogs.verification:Refreshed Salesforce roles for Discord user 1207481618592301147: -4/+4 roles, assigned=[Arizona Resident, College of Integrative Sciences and Arts, First Year, Polytechnic]
Ignoring exception in on_member_update
Traceback (most recent call last):
  File "/usr/local/lib/python3.12/site-packages/discord/client.py", line 465, in _run_event
    await coro(*args, **kwargs)
  File "/app/asu_discord/cogs/analytics.py", line 652, in on_member_update
    before_timeout = before.timed_out_until
                     ^^^^^^^^^^^^^^^^^^^^^^
AttributeError: 'Member' object has no attribute 'timed_out_until'
Ignoring exception in on_member_update
Traceback (most recent call last):
  File "/usr/local/lib/python3.12/site-packages/discord/client.py", line 465, in _run_event
    await coro(*args, **kwargs)
  File "/app/asu_discord/cogs/analytics.py", line 652, in on_member_update
    before_timeout = before.timed_out_until
                     ^^^^^^^^^^^^^^^^^^^^^^
AttributeError: 'Member' object has no attribute 'timed_out_until'
Ignoring exception in on_member_update
Traceback (most recent call last):
  File "/usr/local/lib/python3.12/site-packages/discord/client.py", line 465, in _run_event
    await coro(*args, **kwargs)
  File "/app/asu_discord/cogs/analytics.py", line 652, in on_member_update
    before_timeout = before.timed_out_until
                     ^^^^^^^^^^^^^^^^^^^^^^
AttributeError: 'Member' object has no attribute 'timed_out_until'
Ignoring exception in on_member_update
Traceback (most recent call last):
  File "/usr/local/lib/python3.12/site-packages/discord/client.py", line 465, in _run_event
    await coro(*args, **kwargs)
  File "/app/asu_discord/cogs/analytics.py", line 652, in on_member_update
    before_timeout = before.timed_out_until
                     ^^^^^^^^^^^^^^^^^^^^^^
AttributeError: 'Member' object has no attribute 'timed_out_until'
Ignoring exception in on_member_update
Traceback (most recent call last):
  File "/usr/local/lib/python3.12/site-packages/discord/client.py", line 465, in _run_event
    await coro(*args, **kwargs)
  File "/app/asu_discord/cogs/analytics.py", line 652, in on_member_update
    before_timeout = before.timed_out_until
                     ^^^^^^^^^^^^^^^^^^^^^^
AttributeError: 'Member' object has no attribute 'timed_out_until'
Ignoring exception in on_member_update
Traceback (most recent call last):
  File "/usr/local/lib/python3.12/site-packages/discord/client.py", line 465, in _run_event
    await coro(*args, **kwargs)
  File "/app/asu_discord/cogs/analytics.py", line 652, in on_member_update
    before_timeout = before.timed_out_until
                     ^^^^^^^^^^^^^^^^^^^^^^
AttributeError: 'Member' object has no attribute 'timed_out_until'
Ignoring exception in on_member_update
Traceback (most recent call last):
  File "/usr/local/lib/python3.12/site-packages/discord/client.py", line 465, in _run_event
    await coro(*args, **kwargs)
  File "/app/asu_discord/cogs/analytics.py", line 652, in on_member_update
    before_timeout = before.timed_out_until
                     ^^^^^^^^^^^^^^^^^^^^^^
AttributeError: 'Member' object has no attribute 'timed_out_until'
Ignoring exception in on_member_update
Traceback (most recent call last):
  File "/usr/local/lib/python3.12/site-packages/discord/client.py", line 465, in _run_event
    await coro(*args, **kwargs)
  File "/app/asu_discord/cogs/analytics.py", line 652, in on_member_update
    before_timeout = before.timed_out_until
                     ^^^^^^^^^^^^^^^^^^^^^^
AttributeError: 'Member' object has no attribute 'timed_out_until'
Ignoring exception in on_member_update
Traceback (most recent call last):
  File "/usr/local/lib/python3.12/site-packages/discord/client.py", line 465, in _run_event
    await coro(*args, **kwargs)
  File "/app/asu_discord/cogs/analytics.py", line 652, in on_member_update
    before_timeout = before.timed_out_until
                     ^^^^^^^^^^^^^^^^^^^^^^
AttributeError: 'Member' object has no attribute 'timed_out_until'
Ignoring exception in on_member_update
Traceback (most recent call last):
  File "/usr/local/lib/python3.12/site-packages/discord/client.py", line 465, in _run_event
    await coro(*args, **kwargs)
  File "/app/asu_discord/cogs/analytics.py", line 652, in on_member_update
    before_timeout = before.timed_out_until
                     ^^^^^^^^^^^^^^^^^^^^^^
AttributeError: 'Member' object has no attribute 'timed_out_until'
INFO:asu_discord.cogs.verification:Saved 5 roles to database for user mbierlei (Discord ID: 718191212024037386)
INFO:asu_discord.cogs.verification:Refreshed Salesforce roles for Discord user 718191212024037386: -5/+5 roles, assigned=[Arizona Resident, Commited, First Year, Ira A. Fulton Schools of Engineering, Tempe]
Ignoring exception in on_member_update
Traceback (most recent call last):
  File "/usr/local/lib/python3.12/site-packages/discord/client.py", line 465, in _run_event
    await coro(*args, **kwargs)
  File "/app/asu_discord/cogs/analytics.py", line 652, in on_member_update
    before_timeout = before.timed_out_until
                     ^^^^^^^^^^^^^^^^^^^^^^
AttributeError: 'Member' object has no attribute 'timed_out_until'
Ignoring exception in on_member_update
Traceback (most recent call last):
  File "/usr/local/lib/python3.12/site-packages/discord/client.py", line 465, in _run_event
    await coro(*args, **kwargs)
  File "/app/asu_discord/cogs/analytics.py", line 652, in on_member_update
    before_timeout = before.timed_out_until
                     ^^^^^^^^^^^^^^^^^^^^^^
AttributeError: 'Member' object has no attribute 'timed_out_until'
Ignoring exception in on_member_update
Traceback (most recent call last):
  File "/usr/local/lib/python3.12/site-packages/discord/client.py", line 465, in _run_event
    await coro(*args, **kwargs)
  File "/app/asu_discord/cogs/analytics.py", line 652, in on_member_update
    before_timeout = before.timed_out_until
                     ^^^^^^^^^^^^^^^^^^^^^^
AttributeError: 'Member' object has no attribute 'timed_out_until'
Ignoring exception in on_member_update
Traceback (most recent call last):
  File "/usr/local/lib/python3.12/site-packages/discord/client.py", line 465, in _run_event
    await coro(*args, **kwargs)
  File "/app/asu_discord/cogs/analytics.py", line 652, in on_member_update
    before_timeout = before.timed_out_until
                     ^^^^^^^^^^^^^^^^^^^^^^
AttributeError: 'Member' object has no attribute 'timed_out_until'
Ignoring exception in on_member_update
Traceback (most recent call last):
  File "/usr/local/lib/python3.12/site-packages/discord/client.py", line 465, in _run_event
    await coro(*args, **kwargs)
  File "/app/asu_discord/cogs/analytics.py", line 652, in on_member_update
    before_timeout = before.timed_out_until
                     ^^^^^^^^^^^^^^^^^^^^^^
AttributeError: 'Member' object has no attribute 'timed_out_until'
Ignoring exception in on_member_update
Traceback (most recent call last):
  File "/usr/local/lib/python3.12/site-packages/discord/client.py", line 465, in _run_event
    await coro(*args, **kwargs)
  File "/app/asu_discord/cogs/analytics.py", line 652, in on_member_update
    before_timeout = before.timed_out_until
                     ^^^^^^^^^^^^^^^^^^^^^^
AttributeError: 'Member' object has no attribute 'timed_out_until'
Ignoring exception in on_member_update
Traceback (most recent call last):
  File "/usr/local/lib/python3.12/site-packages/discord/client.py", line 465, in _run_event
    await coro(*args, **kwargs)
  File "/app/asu_discord/cogs/analytics.py", line 652, in on_member_update
    before_timeout = before.timed_out_until
                     ^^^^^^^^^^^^^^^^^^^^^^
AttributeError: 'Member' object has no attribute 'timed_out_until'
Ignoring exception in on_member_update
Traceback (most recent call last):
  File "/usr/local/lib/python3.12/site-packages/discord/client.py", line 465, in _run_event
    await coro(*args, **kwargs)
  File "/app/asu_discord/cogs/analytics.py", line 652, in on_member_update
    before_timeout = before.timed_out_until
                     ^^^^^^^^^^^^^^^^^^^^^^
AttributeError: 'Member' object has no attribute 'timed_out_until'
Ignoring exception in on_member_update
Traceback (most recent call last):
  File "/usr/local/lib/python3.12/site-packages/discord/client.py", line 465, in _run_event
    await coro(*args, **kwargs)
  File "/app/asu_discord/cogs/analytics.py", line 652, in on_member_update
    before_timeout = before.timed_out_until
                     ^^^^^^^^^^^^^^^^^^^^^^
AttributeError: 'Member' object has no attribute 'timed_out_until'
Ignoring exception in on_member_update
Traceback (most recent call last):
  File "/usr/local/lib/python3.12/site-packages/discord/client.py", line 465, in _run_event
    await coro(*args, **kwargs)
  File "/app/asu_discord/cogs/analytics.py", line 652, in on_member_update
    before_timeout = before.timed_out_until
                     ^^^^^^^^^^^^^^^^^^^^^^
AttributeError: 'Member' object has no attribute 'timed_out_until'
INFO:asu_discord.cogs.verification:Saved 5 roles to database for user aruddles (Discord ID: 751385349758124073)
INFO:asu_discord.cogs.verification:Refreshed Salesforce roles for Discord user 751385349758124073: -5/+5 roles, assigned=[Commited, First Year, Ira A. Fulton Schools of Engineering, Out of State, Polytechnic]
Ignoring exception in on_member_update
Traceback (most recent call last):
  File "/usr/local/lib/python3.12/site-packages/discord/client.py", line 465, in _run_event
    await coro(*args, **kwargs)
  File "/app/asu_discord/cogs/analytics.py", line 652, in on_member_update
    before_timeout = before.timed_out_until
                     ^^^^^^^^^^^^^^^^^^^^^^
AttributeError: 'Member' object has no attribute 'timed_out_until'
Ignoring exception in on_member_update
Traceback (most recent call last):
  File "/usr/local/lib/python3.12/site-packages/discord/client.py", line 465, in _run_event
    await coro(*args, **kwargs)
  File "/app/asu_discord/cogs/analytics.py", line 652, in on_member_update
    before_timeout = before.timed_out_until
                     ^^^^^^^^^^^^^^^^^^^^^^
AttributeError: 'Member' object has no attribute 'timed_out_until'
Ignoring exception in on_member_update
Traceback (most recent call last):
  File "/usr/local/lib/python3.12/site-packages/discord/client.py", line 465, in _run_event
    await coro(*args, **kwargs)
  File "/app/asu_discord/cogs/analytics.py", line 652, in on_member_update
    before_timeout = before.timed_out_until
                     ^^^^^^^^^^^^^^^^^^^^^^
AttributeError: 'Member' object has no attribute 'timed_out_until'
Ignoring exception in on_member_update
Traceback (most recent call last):
  File "/usr/local/lib/python3.12/site-packages/discord/client.py", line 465, in _run_event
    await coro(*args, **kwargs)
  File "/app/asu_discord/cogs/analytics.py", line 652, in on_member_update
    before_timeout = before.timed_out_until
                     ^^^^^^^^^^^^^^^^^^^^^^
AttributeError: 'Member' object has no attribute 'timed_out_until'
Ignoring exception in on_member_update
Traceback (most recent call last):
  File "/usr/local/lib/python3.12/site-packages/discord/client.py", line 465, in _run_event
    await coro(*args, **kwargs)
  File "/app/asu_discord/cogs/analytics.py", line 652, in on_member_update
    before_timeout = before.timed_out_until
                     ^^^^^^^^^^^^^^^^^^^^^^
AttributeError: 'Member' object has no attribute 'timed_out_until'
Ignoring exception in on_member_update
Traceback (most recent call last):
  File "/usr/local/lib/python3.12/site-packages/discord/client.py", line 465, in _run_event
    await coro(*args, **kwargs)
  File "/app/asu_discord/cogs/analytics.py", line 652, in on_member_update
    before_timeout = before.timed_out_until
                     ^^^^^^^^^^^^^^^^^^^^^^
AttributeError: 'Member' object has no attribute 'timed_out_until'
Ignoring exception in on_member_update
Traceback (most recent call last):
  File "/usr/local/lib/python3.12/site-packages/discord/client.py", line 465, in _run_event
    await coro(*args, **kwargs)
  File "/app/asu_discord/cogs/analytics.py", line 652, in on_member_update
    before_timeout = before.timed_out_until
                     ^^^^^^^^^^^^^^^^^^^^^^
AttributeError: 'Member' object has no attribute 'timed_out_until'
Ignoring exception in on_member_update
Traceback (most recent call last):
  File "/usr/local/lib/python3.12/site-packages/discord/client.py", line 465, in _run_event
    await coro(*args, **kwargs)
  File "/app/asu_discord/cogs/analytics.py", line 652, in on_member_update
    before_timeout = before.timed_out_until
                     ^^^^^^^^^^^^^^^^^^^^^^
AttributeError: 'Member' object has no attribute 'timed_out_until'
Ignoring exception in on_member_update
Traceback (most recent call last):
  File "/usr/local/lib/python3.12/site-packages/discord/client.py", line 465, in _run_event
    await coro(*args, **kwargs)
  File "/app/asu_discord/cogs/analytics.py", line 652, in on_member_update
    before_timeout = before.timed_out_until
                     ^^^^^^^^^^^^^^^^^^^^^^
AttributeError: 'Member' object has no attribute 'timed_out_until'
Ignoring exception in on_member_update
Traceback (most recent call last):
  File "/usr/local/lib/python3.12/site-packages/discord/client.py", line 465, in _run_event
    await coro(*args, **kwargs)
  File "/app/asu_discord/cogs/analytics.py", line 652, in on_member_update
    before_timeout = before.timed_out_until
                     ^^^^^^^^^^^^^^^^^^^^^^
AttributeError: 'Member' object has no attribute 'timed_out_until'
INFO:asu_discord.cogs.verification:Saved 5 roles to database for user nascott7 (Discord ID: 690976311241605170)
INFO:asu_discord.cogs.verification:Refreshed Salesforce roles for Discord user 690976311241605170: -5/+5 roles, assigned=[Commited, First Year, Ira A. Fulton Schools of Engineering, Out of State, Tempe]
Ignoring exception in on_member_update
Traceback (most recent call last):
  File "/usr/local/lib/python3.12/site-packages/discord/client.py", line 465, in _run_event
    await coro(*args, **kwargs)
  File "/app/asu_discord/cogs/analytics.py", line 652, in on_member_update
    before_timeout = before.timed_out_until
                     ^^^^^^^^^^^^^^^^^^^^^^
AttributeError: 'Member' object has no attribute 'timed_out_until'
Ignoring exception in on_member_update
Traceback (most recent call last):
  File "/usr/local/lib/python3.12/site-packages/discord/client.py", line 465, in _run_event
    await coro(*args, **kwargs)
  File "/app/asu_discord/cogs/analytics.py", line 652, in on_member_update
    before_timeout = before.timed_out_until
                     ^^^^^^^^^^^^^^^^^^^^^^
AttributeError: 'Member' object has no attribute 'timed_out_until'
Ignoring exception in on_member_update
Traceback (most recent call last):
  File "/usr/local/lib/python3.12/site-packages/discord/client.py", line 465, in _run_event
    await coro(*args, **kwargs)
  File "/app/asu_discord/cogs/analytics.py", line 652, in on_member_update
    before_timeout = before.timed_out_until
                     ^^^^^^^^^^^^^^^^^^^^^^
AttributeError: 'Member' object has no attribute 'timed_out_until'
Ignoring exception in on_member_update
Traceback (most recent call last):
  File "/usr/local/lib/python3.12/site-packages/discord/client.py", line 465, in _run_event
    await coro(*args, **kwargs)
  File "/app/asu_discord/cogs/analytics.py", line 652, in on_member_update
    before_timeout = before.timed_out_until
                     ^^^^^^^^^^^^^^^^^^^^^^
AttributeError: 'Member' object has no attribute 'timed_out_until'
Ignoring exception in on_member_update
Traceback (most recent call last):
  File "/usr/local/lib/python3.12/site-packages/discord/client.py", line 465, in _run_event
    await coro(*args, **kwargs)
  File "/app/asu_discord/cogs/analytics.py", line 652, in on_member_update
    before_timeout = before.timed_out_until
                     ^^^^^^^^^^^^^^^^^^^^^^
AttributeError: 'Member' object has no attribute 'timed_out_until'
Ignoring exception in on_member_update
Traceback (most recent call last):
  File "/usr/local/lib/python3.12/site-packages/discord/client.py", line 465, in _run_event
    await coro(*args, **kwargs)
  File "/app/asu_discord/cogs/analytics.py", line 652, in on_member_update
    before_timeout = before.timed_out_until
                     ^^^^^^^^^^^^^^^^^^^^^^
AttributeError: 'Member' object has no attribute 'timed_out_until'
Ignoring exception in on_member_update
Traceback (most recent call last):
  File "/usr/local/lib/python3.12/site-packages/discord/client.py", line 465, in _run_event
    await coro(*args, **kwargs)
  File "/app/asu_discord/cogs/analytics.py", line 652, in on_member_update
    before_timeout = before.timed_out_until
                     ^^^^^^^^^^^^^^^^^^^^^^
AttributeError: 'Member' object has no attribute 'timed_out_until'
Ignoring exception in on_member_update
Traceback (most recent call last):
  File "/usr/local/lib/python3.12/site-packages/discord/client.py", line 465, in _run_event
    await coro(*args, **kwargs)
  File "/app/asu_discord/cogs/analytics.py", line 652, in on_member_update
    before_timeout = before.timed_out_until
                     ^^^^^^^^^^^^^^^^^^^^^^
AttributeError: 'Member' object has no attribute 'timed_out_until'
Ignoring exception in on_member_update
Traceback (most recent call last):
  File "/usr/local/lib/python3.12/site-packages/discord/client.py", line 465, in _run_event
    await coro(*args, **kwargs)
  File "/app/asu_discord/cogs/analytics.py", line 652, in on_member_update
    before_timeout = before.timed_out_until
                     ^^^^^^^^^^^^^^^^^^^^^^
AttributeError: 'Member' object has no attribute 'timed_out_until'
Ignoring exception in on_member_update
Traceback (most recent call last):
  File "/usr/local/lib/python3.12/site-packages/discord/client.py", line 465, in _run_event
    await coro(*args, **kwargs)
  File "/app/asu_discord/cogs/analytics.py", line 652, in on_member_update
    before_timeout = before.timed_out_until
                     ^^^^^^^^^^^^^^^^^^^^^^
AttributeError: 'Member' object has no attribute 'timed_out_until'
INFO:asu_discord.cogs.verification:Saved 5 roles to database for user tareinha (Discord ID: 683732284658286593)
INFO:asu_discord.cogs.verification:Refreshed Salesforce roles for Discord user 683732284658286593: -5/+5 roles, assigned=[Arizona Resident, Commited, First Year, Ira A. Fulton Schools of Engineering, Tempe]
Ignoring exception in on_member_update
Traceback (most recent call last):
  File "/usr/local/lib/python3.12/site-packages/discord/client.py", line 465, in _run_event
    await coro(*args, **kwargs)
  File "/app/asu_discord/cogs/analytics.py", line 652, in on_member_update
    before_timeout = before.timed_out_until
                     ^^^^^^^^^^^^^^^^^^^^^^
AttributeError: 'Member' object has no attribute 'timed_out_until'
Ignoring exception in on_member_update
Traceback (most recent call last):
  File "/usr/local/lib/python3.12/site-packages/discord/client.py", line 465, in _run_event
    await coro(*args, **kwargs)
  File "/app/asu_discord/cogs/analytics.py", line 652, in on_member_update
    before_timeout = before.timed_out_until
                     ^^^^^^^^^^^^^^^^^^^^^^
AttributeError: 'Member' object has no attribute 'timed_out_until'
Ignoring exception in on_member_update
Traceback (most recent call last):
  File "/usr/local/lib/python3.12/site-packages/discord/client.py", line 465, in _run_event
    await coro(*args, **kwargs)
  File "/app/asu_discord/cogs/analytics.py", line 652, in on_member_update
    before_timeout = before.timed_out_until
                     ^^^^^^^^^^^^^^^^^^^^^^
AttributeError: 'Member' object has no attribute 'timed_out_until'
Ignoring exception in on_member_update
Traceback (most recent call last):
  File "/usr/local/lib/python3.12/site-packages/discord/client.py", line 465, in _run_event
    await coro(*args, **kwargs)
  File "/app/asu_discord/cogs/analytics.py", line 652, in on_member_update
    before_timeout = before.timed_out_until
                     ^^^^^^^^^^^^^^^^^^^^^^
AttributeError: 'Member' object has no attribute 'timed_out_until'
Ignoring exception in on_member_update
Traceback (most recent call last):
  File "/usr/local/lib/python3.12/site-packages/discord/client.py", line 465, in _run_event
    await coro(*args, **kwargs)
  File "/app/asu_discord/cogs/analytics.py", line 652, in on_member_update
    before_timeout = before.timed_out_until
                     ^^^^^^^^^^^^^^^^^^^^^^
AttributeError: 'Member' object has no attribute 'timed_out_until'
Ignoring exception in on_member_update
Traceback (most recent call last):
  File "/usr/local/lib/python3.12/site-packages/discord/client.py", line 465, in _run_event
    await coro(*args, **kwargs)
  File "/app/asu_discord/cogs/analytics.py", line 652, in on_member_update
    before_timeout = before.timed_out_until
                     ^^^^^^^^^^^^^^^^^^^^^^
AttributeError: 'Member' object has no attribute 'timed_out_until'
Ignoring exception in on_member_update
Traceback (most recent call last):
  File "/usr/local/lib/python3.12/site-packages/discord/client.py", line 465, in _run_event
    await coro(*args, **kwargs)
  File "/app/asu_discord/cogs/analytics.py", line 652, in on_member_update
    before_timeout = before.timed_out_until
                     ^^^^^^^^^^^^^^^^^^^^^^
AttributeError: 'Member' object has no attribute 'timed_out_until'
Ignoring exception in on_member_update
Traceback (most recent call last):
  File "/usr/local/lib/python3.12/site-packages/discord/client.py", line 465, in _run_event
    await coro(*args, **kwargs)
  File "/app/asu_discord/cogs/analytics.py", line 652, in on_member_update
    before_timeout = before.timed_out_until
                     ^^^^^^^^^^^^^^^^^^^^^^
AttributeError: 'Member' object has no attribute 'timed_out_until'
Ignoring exception in on_member_update
Traceback (most recent call last):
  File "/usr/local/lib/python3.12/site-packages/discord/client.py", line 465, in _run_event
    await coro(*args, **kwargs)
  File "/app/asu_discord/cogs/analytics.py", line 652, in on_member_update
    before_timeout = before.timed_out_until
                     ^^^^^^^^^^^^^^^^^^^^^^
AttributeError: 'Member' object has no attribute 'timed_out_until'
INFO:asu_discord.cogs.verification:Saved 5 roles to database for user sangeuno (Discord ID: 1521563570029068329)
INFO:asu_discord.cogs.verification:Refreshed Salesforce roles for Discord user 1521563570029068329: -4/+5 roles, assigned=[Commited, First Year, International Student, Tempe, W.P. Carey School of Business]
Ignoring exception in on_member_update
Traceback (most recent call last):
  File "/usr/local/lib/python3.12/site-packages/discord/client.py", line 465, in _run_event
    await coro(*args, **kwargs)
  File "/app/asu_discord/cogs/analytics.py", line 652, in on_member_update
    before_timeout = before.timed_out_until
                     ^^^^^^^^^^^^^^^^^^^^^^
AttributeError: 'Member' object has no attribute 'timed_out_until'
Ignoring exception in on_member_update
Traceback (most recent call last):
  File "/usr/local/lib/python3.12/site-packages/discord/client.py", line 465, in _run_event
    await coro(*args, **kwargs)
  File "/app/asu_discord/cogs/analytics.py", line 652, in on_member_update
    before_timeout = before.timed_out_until
                     ^^^^^^^^^^^^^^^^^^^^^^
AttributeError: 'Member' object has no attribute 'timed_out_until'
Ignoring exception in on_member_update
Traceback (most recent call last):
  File "/usr/local/lib/python3.12/site-packages/discord/client.py", line 465, in _run_event
    await coro(*args, **kwargs)
  File "/app/asu_discord/cogs/analytics.py", line 652, in on_member_update
    before_timeout = before.timed_out_until
                     ^^^^^^^^^^^^^^^^^^^^^^
AttributeError: 'Member' object has no attribute 'timed_out_until'
Ignoring exception in on_member_update
Traceback (most recent call last):
  File "/usr/local/lib/python3.12/site-packages/discord/client.py", line 465, in _run_event
    await coro(*args, **kwargs)
  File "/app/asu_discord/cogs/analytics.py", line 652, in on_member_update
    before_timeout = before.timed_out_until
                     ^^^^^^^^^^^^^^^^^^^^^^
AttributeError: 'Member' object has no attribute 'timed_out_until'
Ignoring exception in on_member_update
Traceback (most recent call last):
  File "/usr/local/lib/python3.12/site-packages/discord/client.py", line 465, in _run_event
    await coro(*args, **kwargs)
  File "/app/asu_discord/cogs/analytics.py", line 652, in on_member_update
    before_timeout = before.timed_out_until
                     ^^^^^^^^^^^^^^^^^^^^^^
AttributeError: 'Member' object has no attribute 'timed_out_until'
Ignoring exception in on_member_update
Traceback (most recent call last):
  File "/usr/local/lib/python3.12/site-packages/discord/client.py", line 465, in _run_event
    await coro(*args, **kwargs)
  File "/app/asu_discord/cogs/analytics.py", line 652, in on_member_update
    before_timeout = before.timed_out_until
                     ^^^^^^^^^^^^^^^^^^^^^^
AttributeError: 'Member' object has no attribute 'timed_out_until'
Ignoring exception in on_member_update
Traceback (most recent call last):
  File "/usr/local/lib/python3.12/site-packages/discord/client.py", line 465, in _run_event
    await coro(*args, **kwargs)
  File "/app/asu_discord/cogs/analytics.py", line 652, in on_member_update
    before_timeout = before.timed_out_until
                     ^^^^^^^^^^^^^^^^^^^^^^
AttributeError: 'Member' object has no attribute 'timed_out_until'
Ignoring exception in on_member_update
Traceback (most recent call last):
  File "/usr/local/lib/python3.12/site-packages/discord/client.py", line 465, in _run_event
    await coro(*args, **kwargs)
  File "/app/asu_discord/cogs/analytics.py", line 652, in on_member_update
    before_timeout = before.timed_out_until
                     ^^^^^^^^^^^^^^^^^^^^^^
AttributeError: 'Member' object has no attribute 'timed_out_until'
Ignoring exception in on_member_update
Traceback (most recent call last):
  File "/usr/local/lib/python3.12/site-packages/discord/client.py", line 465, in _run_event
    await coro(*args, **kwargs)
  File "/app/asu_discord/cogs/analytics.py", line 652, in on_member_update
    before_timeout = before.timed_out_until
                     ^^^^^^^^^^^^^^^^^^^^^^
AttributeError: 'Member' object has no attribute 'timed_out_until'
Ignoring exception in on_member_update
Traceback (most recent call last):
  File "/usr/local/lib/python3.12/site-packages/discord/client.py", line 465, in _run_event
    await coro(*args, **kwargs)
  File "/app/asu_discord/cogs/analytics.py", line 652, in on_member_update
    before_timeout = before.timed_out_until
                     ^^^^^^^^^^^^^^^^^^^^^^
AttributeError: 'Member' object has no attribute 'timed_out_until'
Ignoring exception in on_member_update
Traceback (most recent call last):
  File "/usr/local/lib/python3.12/site-packages/discord/client.py", line 465, in _run_event
    await coro(*args, **kwargs)
  File "/app/asu_discord/cogs/analytics.py", line 652, in on_member_update
    before_timeout = before.timed_out_until
                     ^^^^^^^^^^^^^^^^^^^^^^
AttributeError: 'Member' object has no attribute 'timed_out_until'
Ignoring exception in on_member_update
Traceback (most recent call last):
  File "/usr/local/lib/python3.12/site-packages/discord/client.py", line 465, in _run_event
    await coro(*args, **kwargs)
  File "/app/asu_discord/cogs/analytics.py", line 652, in on_member_update
    before_timeout = before.timed_out_until
                     ^^^^^^^^^^^^^^^^^^^^^^
AttributeError: 'Member' object has no attribute 'timed_out_until'
INFO:asu_discord.cogs.verification:Saved 6 roles to database for user hjhardi1 (Discord ID: 641831259550515200)
INFO:asu_discord.cogs.verification:Refreshed Salesforce roles for Discord user 641831259550515200: -6/+6 roles, assigned=[Arizona Resident, College of Liberal Arts and Sciences, Commited, First Generation Student, First Year, Polytechnic]
Ignoring exception in on_member_update
Traceback (most recent call last):
  File "/usr/local/lib/python3.12/site-packages/discord/client.py", line 465, in _run_event
    await coro(*args, **kwargs)
  File "/app/asu_discord/cogs/analytics.py", line 652, in on_member_update
    before_timeout = before.timed_out_until
                     ^^^^^^^^^^^^^^^^^^^^^^
AttributeError: 'Member' object has no attribute 'timed_out_until'
Ignoring exception in on_member_update
Traceback (most recent call last):
  File "/usr/local/lib/python3.12/site-packages/discord/client.py", line 465, in _run_event
    await coro(*args, **kwargs)
  File "/app/asu_discord/cogs/analytics.py", line 652, in on_member_update
    before_timeout = before.timed_out_until
                     ^^^^^^^^^^^^^^^^^^^^^^
AttributeError: 'Member' object has no attribute 'timed_out_until'
Ignoring exception in on_member_update
Traceback (most recent call last):
  File "/usr/local/lib/python3.12/site-packages/discord/client.py", line 465, in _run_event
    await coro(*args, **kwargs)
  File "/app/asu_discord/cogs/analytics.py", line 652, in on_member_update
    before_timeout = before.timed_out_until
                     ^^^^^^^^^^^^^^^^^^^^^^
AttributeError: 'Member' object has no attribute 'timed_out_until'
Ignoring exception in on_member_update
Traceback (most recent call last):
  File "/usr/local/lib/python3.12/site-packages/discord/client.py", line 465, in _run_event
    await coro(*args, **kwargs)
  File "/app/asu_discord/cogs/analytics.py", line 652, in on_member_update
    before_timeout = before.timed_out_until
                     ^^^^^^^^^^^^^^^^^^^^^^
AttributeError: 'Member' object has no attribute 'timed_out_until'
Ignoring exception in on_member_update
Traceback (most recent call last):
  File "/usr/local/lib/python3.12/site-packages/discord/client.py", line 465, in _run_event
    await coro(*args, **kwargs)
  File "/app/asu_discord/cogs/analytics.py", line 652, in on_member_update
    before_timeout = before.timed_out_until
                     ^^^^^^^^^^^^^^^^^^^^^^
AttributeError: 'Member' object has no attribute 'timed_out_until'
Ignoring exception in on_member_update
Traceback (most recent call last):
  File "/usr/local/lib/python3.12/site-packages/discord/client.py", line 465, in _run_event
    await coro(*args, **kwargs)
  File "/app/asu_discord/cogs/analytics.py", line 652, in on_member_update
    before_timeout = before.timed_out_until
                     ^^^^^^^^^^^^^^^^^^^^^^
AttributeError: 'Member' object has no attribute 'timed_out_until'
Ignoring exception in on_member_update
Traceback (most recent call last):
  File "/usr/local/lib/python3.12/site-packages/discord/client.py", line 465, in _run_event
    await coro(*args, **kwargs)
  File "/app/asu_discord/cogs/analytics.py", line 652, in on_member_update
    before_timeout = before.timed_out_until
                     ^^^^^^^^^^^^^^^^^^^^^^
AttributeError: 'Member' object has no attribute 'timed_out_until'
Ignoring exception in on_member_update
Traceback (most recent call last):
  File "/usr/local/lib/python3.12/site-packages/discord/client.py", line 465, in _run_event
    await coro(*args, **kwargs)
  File "/app/asu_discord/cogs/analytics.py", line 652, in on_member_update
    before_timeout = before.timed_out_until
                     ^^^^^^^^^^^^^^^^^^^^^^
AttributeError: 'Member' object has no attribute 'timed_out_until'
Ignoring exception in on_member_update
Traceback (most recent call last):
  File "/usr/local/lib/python3.12/site-packages/discord/client.py", line 465, in _run_event
    await coro(*args, **kwargs)
  File "/app/asu_discord/cogs/analytics.py", line 652, in on_member_update
    before_timeout = before.timed_out_until
                     ^^^^^^^^^^^^^^^^^^^^^^
AttributeError: 'Member' object has no attribute 'timed_out_until'
Ignoring exception in on_member_update
Traceback (most recent call last):
  File "/usr/local/lib/python3.12/site-packages/discord/client.py", line 465, in _run_event
    await coro(*args, **kwargs)
  File "/app/asu_discord/cogs/analytics.py", line 652, in on_member_update
    before_timeout = before.timed_out_until
                     ^^^^^^^^^^^^^^^^^^^^^^
AttributeError: 'Member' object has no attribute 'timed_out_until'
INFO:asu_discord.cogs.verification:Saved 5 roles to database for user aduran24 (Discord ID: 761830198596730880)
INFO:asu_discord.cogs.verification:Refreshed Salesforce roles for Discord user 761830198596730880: -5/+5 roles, assigned=[Arizona Resident, Commited, Downtown Phoenix, First Year, Walter Cronkite School of Journalism and Mass Communication]
Ignoring exception in on_member_update
Traceback (most recent call last):
  File "/usr/local/lib/python3.12/site-packages/discord/client.py", line 465, in _run_event
    await coro(*args, **kwargs)
  File "/app/asu_discord/cogs/analytics.py", line 652, in on_member_update
    before_timeout = before.timed_out_until
                     ^^^^^^^^^^^^^^^^^^^^^^
AttributeError: 'Member' object has no attribute 'timed_out_until'
Ignoring exception in on_member_update
Traceback (most recent call last):
  File "/usr/local/lib/python3.12/site-packages/discord/client.py", line 465, in _run_event
    await coro(*args, **kwargs)
  File "/app/asu_discord/cogs/analytics.py", line 652, in on_member_update
    before_timeout = before.timed_out_until
                     ^^^^^^^^^^^^^^^^^^^^^^
AttributeError: 'Member' object has no attribute 'timed_out_until'
Ignoring exception in on_member_update
Traceback (most recent call last):
  File "/usr/local/lib/python3.12/site-packages/discord/client.py", line 465, in _run_event
    await coro(*args, **kwargs)
  File "/app/asu_discord/cogs/analytics.py", line 652, in on_member_update
    before_timeout = before.timed_out_until
                     ^^^^^^^^^^^^^^^^^^^^^^
AttributeError: 'Member' object has no attribute 'timed_out_until'
Ignoring exception in on_member_update
Traceback (most recent call last):
  File "/usr/local/lib/python3.12/site-packages/discord/client.py", line 465, in _run_event
    await coro(*args, **kwargs)
  File "/app/asu_discord/cogs/analytics.py", line 652, in on_member_update
    before_timeout = before.timed_out_until
                     ^^^^^^^^^^^^^^^^^^^^^^
AttributeError: 'Member' object has no attribute 'timed_out_until'
Ignoring exception in on_member_update
Traceback (most recent call last):
  File "/usr/local/lib/python3.12/site-packages/discord/client.py", line 465, in _run_event
    await coro(*args, **kwargs)
  File "/app/asu_discord/cogs/analytics.py", line 652, in on_member_update
    before_timeout = before.timed_out_until
                     ^^^^^^^^^^^^^^^^^^^^^^
AttributeError: 'Member' object has no attribute 'timed_out_until'
Ignoring exception in on_member_update
Traceback (most recent call last):
  File "/usr/local/lib/python3.12/site-packages/discord/client.py", line 465, in _run_event
    await coro(*args, **kwargs)
  File "/app/asu_discord/cogs/analytics.py", line 652, in on_member_update
    before_timeout = before.timed_out_until
                     ^^^^^^^^^^^^^^^^^^^^^^
AttributeError: 'Member' object has no attribute 'timed_out_until'
Ignoring exception in on_member_update
Traceback (most recent call last):
  File "/usr/local/lib/python3.12/site-packages/discord/client.py", line 465, in _run_event
    await coro(*args, **kwargs)
  File "/app/asu_discord/cogs/analytics.py", line 652, in on_member_update
    before_timeout = before.timed_out_until
                     ^^^^^^^^^^^^^^^^^^^^^^
AttributeError: 'Member' object has no attribute 'timed_out_until'
Ignoring exception in on_member_update
Traceback (most recent call last):
  File "/usr/local/lib/python3.12/site-packages/discord/client.py", line 465, in _run_event
    await coro(*args, **kwargs)
  File "/app/asu_discord/cogs/analytics.py", line 652, in on_member_update
    before_timeout = before.timed_out_until
                     ^^^^^^^^^^^^^^^^^^^^^^
AttributeError: 'Member' object has no attribute 'timed_out_until'
Ignoring exception in on_member_update
Traceback (most recent call last):
  File "/usr/local/lib/python3.12/site-packages/discord/client.py", line 465, in _run_event
    await coro(*args, **kwargs)
  File "/app/asu_discord/cogs/analytics.py", line 652, in on_member_update
    before_timeout = before.timed_out_until
                     ^^^^^^^^^^^^^^^^^^^^^^
AttributeError: 'Member' object has no attribute 'timed_out_until'
Ignoring exception in on_member_update
Traceback (most recent call last):
  File "/usr/local/lib/python3.12/site-packages/discord/client.py", line 465, in _run_event
    await coro(*args, **kwargs)
  File "/app/asu_discord/cogs/analytics.py", line 652, in on_member_update
    before_timeout = before.timed_out_until
                     ^^^^^^^^^^^^^^^^^^^^^^
AttributeError: 'Member' object has no attribute 'timed_out_until'
Ignoring exception in on_member_update
Traceback (most recent call last):
  File "/usr/local/lib/python3.12/site-packages/discord/client.py", line 465, in _run_event
    await coro(*args, **kwargs)
  File "/app/asu_discord/cogs/analytics.py", line 652, in on_member_update
    before_timeout = before.timed_out_until
                     ^^^^^^^^^^^^^^^^^^^^^^
AttributeError: 'Member' object has no attribute 'timed_out_until'
ERROR:cron.jobs:refresh_salesforce_roles: failed for lstacy12 (Discord ID 518665592165629978): Timed out refresh Salesforce-based roles
Ignoring exception in on_member_update
Traceback (most recent call last):
  File "/usr/local/lib/python3.12/site-packages/discord/client.py", line 465, in _run_event
    await coro(*args, **kwargs)
  File "/app/asu_discord/cogs/analytics.py", line 652, in on_member_update
    before_timeout = before.timed_out_until
                     ^^^^^^^^^^^^^^^^^^^^^^
AttributeError: 'Member' object has no attribute 'timed_out_until'
Ignoring exception in on_member_update
Traceback (most recent call last):
  File "/usr/local/lib/python3.12/site-packages/discord/client.py", line 465, in _run_event
    await coro(*args, **kwargs)
  File "/app/asu_discord/cogs/analytics.py", line 652, in on_member_update
    before_timeout = before.timed_out_until
                     ^^^^^^^^^^^^^^^^^^^^^^
AttributeError: 'Member' object has no attribute 'timed_out_until'
Ignoring exception in on_member_update
Traceback (most recent call last):
  File "/usr/local/lib/python3.12/site-packages/discord/client.py", line 465, in _run_event
    await coro(*args, **kwargs)
  File "/app/asu_discord/cogs/analytics.py", line 652, in on_member_update
    before_timeout = before.timed_out_until
                     ^^^^^^^^^^^^^^^^^^^^^^
AttributeError: 'Member' object has no attribute 'timed_out_until'
Ignoring exception in on_member_update
Traceback (most recent call last):
  File "/usr/local/lib/python3.12/site-packages/discord/client.py", line 465, in _run_event
    await coro(*args, **kwargs)
  File "/app/asu_discord/cogs/analytics.py", line 652, in on_member_update
    before_timeout = before.timed_out_until
                     ^^^^^^^^^^^^^^^^^^^^^^
AttributeError: 'Member' object has no attribute 'timed_out_until'
Ignoring exception in on_member_update
Traceback (most recent call last):
  File "/usr/local/lib/python3.12/site-packages/discord/client.py", line 465, in _run_event
    await coro(*args, **kwargs)
  File "/app/asu_discord/cogs/analytics.py", line 652, in on_member_update
    before_timeout = before.timed_out_until
                     ^^^^^^^^^^^^^^^^^^^^^^
AttributeError: 'Member' object has no attribute 'timed_out_until'
Ignoring exception in on_member_update
Traceback (most recent call last):
  File "/usr/local/lib/python3.12/site-packages/discord/client.py", line 465, in _run_event
    await coro(*args, **kwargs)
  File "/app/asu_discord/cogs/analytics.py", line 652, in on_member_update
    before_timeout = before.timed_out_until
                     ^^^^^^^^^^^^^^^^^^^^^^
AttributeError: 'Member' object has no attribute 'timed_out_until'
Ignoring exception in on_member_update
Traceback (most recent call last):
  File "/usr/local/lib/python3.12/site-packages/discord/client.py", line 465, in _run_event
    await coro(*args, **kwargs)
  File "/app/asu_discord/cogs/analytics.py", line 652, in on_member_update
    before_timeout = before.timed_out_until
                     ^^^^^^^^^^^^^^^^^^^^^^
AttributeError: 'Member' object has no attribute 'timed_out_until'
INFO:asu_discord.cogs.verification:Saved 4 roles to database for user chopper1 (Discord ID: 1521651543961505923)
INFO:asu_discord.cogs.verification:Refreshed Salesforce roles for Discord user 1521651543961505923: -3/+4 roles, assigned=[Arizona Resident, Ira A. Fulton Schools of Engineering, Tempe, Transfer Student]
Ignoring exception in on_member_update
Traceback (most recent call last):
  File "/usr/local/lib/python3.12/site-packages/discord/client.py", line 465, in _run_event
    await coro(*args, **kwargs)
  File "/app/asu_discord/cogs/analytics.py", line 652, in on_member_update
    before_timeout = before.timed_out_until
                     ^^^^^^^^^^^^^^^^^^^^^^
AttributeError: 'Member' object has no attribute 'timed_out_until'
Ignoring exception in on_member_update
Traceback (most recent call last):
  File "/usr/local/lib/python3.12/site-packages/discord/client.py", line 465, in _run_event
    await coro(*args, **kwargs)
  File "/app/asu_discord/cogs/analytics.py", line 652, in on_member_update
    before_timeout = before.timed_out_until
                     ^^^^^^^^^^^^^^^^^^^^^^
AttributeError: 'Member' object has no attribute 'timed_out_until'
Ignoring exception in on_member_update
Traceback (most recent call last):
  File "/usr/local/lib/python3.12/site-packages/discord/client.py", line 465, in _run_event
    await coro(*args, **kwargs)
  File "/app/asu_discord/cogs/analytics.py", line 652, in on_member_update
    before_timeout = before.timed_out_until
                     ^^^^^^^^^^^^^^^^^^^^^^
AttributeError: 'Member' object has no attribute 'timed_out_until'
Ignoring exception in on_member_update
Traceback (most recent call last):
  File "/usr/local/lib/python3.12/site-packages/discord/client.py", line 465, in _run_event
    await coro(*args, **kwargs)
  File "/app/asu_discord/cogs/analytics.py", line 652, in on_member_update
    before_timeout = before.timed_out_until
                     ^^^^^^^^^^^^^^^^^^^^^^
AttributeError: 'Member' object has no attribute 'timed_out_until'
Ignoring exception in on_member_update
Traceback (most recent call last):
  File "/usr/local/lib/python3.12/site-packages/discord/client.py", line 465, in _run_event
    await coro(*args, **kwargs)
  File "/app/asu_discord/cogs/analytics.py", line 652, in on_member_update
    before_timeout = before.timed_out_until
                     ^^^^^^^^^^^^^^^^^^^^^^
AttributeError: 'Member' object has no attribute 'timed_out_until'
Ignoring exception in on_member_update
Traceback (most recent call last):
  File "/usr/local/lib/python3.12/site-packages/discord/client.py", line 465, in _run_event
    await coro(*args, **kwargs)
  File "/app/asu_discord/cogs/analytics.py", line 652, in on_member_update
    before_timeout = before.timed_out_until
                     ^^^^^^^^^^^^^^^^^^^^^^
AttributeError: 'Member' object has no attribute 'timed_out_until'
Ignoring exception in on_member_update
Traceback (most recent call last):
  File "/usr/local/lib/python3.12/site-packages/discord/client.py", line 465, in _run_event
    await coro(*args, **kwargs)
  File "/app/asu_discord/cogs/analytics.py", line 652, in on_member_update
    before_timeout = before.timed_out_until
                     ^^^^^^^^^^^^^^^^^^^^^^
AttributeError: 'Member' object has no attribute 'timed_out_until'
Ignoring exception in on_member_update
Traceback (most recent call last):
  File "/usr/local/lib/python3.12/site-packages/discord/client.py", line 465, in _run_event
    await coro(*args, **kwargs)
  File "/app/asu_discord/cogs/analytics.py", line 652, in on_member_update
    before_timeout = before.timed_out_until
                     ^^^^^^^^^^^^^^^^^^^^^^
AttributeError: 'Member' object has no attribute 'timed_out_until'
Ignoring exception in on_member_update
Traceback (most recent call last):
  File "/usr/local/lib/python3.12/site-packages/discord/client.py", line 465, in _run_event
    await coro(*args, **kwargs)
  File "/app/asu_discord/cogs/analytics.py", line 652, in on_member_update
    before_timeout = before.timed_out_until
                     ^^^^^^^^^^^^^^^^^^^^^^
AttributeError: 'Member' object has no attribute 'timed_out_until'
Ignoring exception in on_member_update
Traceback (most recent call last):
  File "/usr/local/lib/python3.12/site-packages/discord/client.py", line 465, in _run_event
    await coro(*args, **kwargs)
  File "/app/asu_discord/cogs/analytics.py", line 652, in on_member_update
    before_timeout = before.timed_out_until
                     ^^^^^^^^^^^^^^^^^^^^^^
AttributeError: 'Member' object has no attribute 'timed_out_until'
INFO:asu_discord.cogs.verification:Saved 5 roles to database for user ijwong (Discord ID: 1353566743120838798)
INFO:asu_discord.cogs.verification:Refreshed Salesforce roles for Discord user 1353566743120838798: -5/+5 roles, assigned=[Arizona Resident, College of Liberal Arts and Sciences, Commited, First Year, Tempe]
Ignoring exception in on_member_update
Traceback (most recent call last):
  File "/usr/local/lib/python3.12/site-packages/discord/client.py", line 465, in _run_event
    await coro(*args, **kwargs)
  File "/app/asu_discord/cogs/analytics.py", line 652, in on_member_update
    before_timeout = before.timed_out_until
                     ^^^^^^^^^^^^^^^^^^^^^^
AttributeError: 'Member' object has no attribute 'timed_out_until'
Ignoring exception in on_member_update
Traceback (most recent call last):
  File "/usr/local/lib/python3.12/site-packages/discord/client.py", line 465, in _run_event
    await coro(*args, **kwargs)
  File "/app/asu_discord/cogs/analytics.py", line 652, in on_member_update
    before_timeout = before.timed_out_until
                     ^^^^^^^^^^^^^^^^^^^^^^
AttributeError: 'Member' object has no attribute 'timed_out_until'
Ignoring exception in on_member_update
Traceback (most recent call last):
  File "/usr/local/lib/python3.12/site-packages/discord/client.py", line 465, in _run_event
    await coro(*args, **kwargs)
  File "/app/asu_discord/cogs/analytics.py", line 652, in on_member_update
    before_timeout = before.timed_out_until
                     ^^^^^^^^^^^^^^^^^^^^^^
AttributeError: 'Member' object has no attribute 'timed_out_until'
Ignoring exception in on_member_update
Traceback (most recent call last):
  File "/usr/local/lib/python3.12/site-packages/discord/client.py", line 465, in _run_event
    await coro(*args, **kwargs)
  File "/app/asu_discord/cogs/analytics.py", line 652, in on_member_update
    before_timeout = before.timed_out_until
                     ^^^^^^^^^^^^^^^^^^^^^^
AttributeError: 'Member' object has no attribute 'timed_out_until'
Ignoring exception in on_member_update
Traceback (most recent call last):
  File "/usr/local/lib/python3.12/site-packages/discord/client.py", line 465, in _run_event
    await coro(*args, **kwargs)
  File "/app/asu_discord/cogs/analytics.py", line 652, in on_member_update
    before_timeout = before.timed_out_until
                     ^^^^^^^^^^^^^^^^^^^^^^
AttributeError: 'Member' object has no attribute 'timed_out_until'
Ignoring exception in on_member_update
Traceback (most recent call last):
  File "/usr/local/lib/python3.12/site-packages/discord/client.py", line 465, in _run_event
    await coro(*args, **kwargs)
  File "/app/asu_discord/cogs/analytics.py", line 652, in on_member_update
    before_timeout = before.timed_out_until
                     ^^^^^^^^^^^^^^^^^^^^^^
AttributeError: 'Member' object has no attribute 'timed_out_until'
Ignoring exception in on_member_update
Traceback (most recent call last):
  File "/usr/local/lib/python3.12/site-packages/discord/client.py", line 465, in _run_event
    await coro(*args, **kwargs)
  File "/app/asu_discord/cogs/analytics.py", line 652, in on_member_update
    before_timeout = before.timed_out_until
                     ^^^^^^^^^^^^^^^^^^^^^^
AttributeError: 'Member' object has no attribute 'timed_out_until'
Ignoring exception in on_member_update
Traceback (most recent call last):
  File "/usr/local/lib/python3.12/site-packages/discord/client.py", line 465, in _run_event
    await coro(*args, **kwargs)
  File "/app/asu_discord/cogs/analytics.py", line 652, in on_member_update
    before_timeout = before.timed_out_until
                     ^^^^^^^^^^^^^^^^^^^^^^
AttributeError: 'Member' object has no attribute 'timed_out_until'
INFO:asu_discord.cogs.verification:Saved 4 roles to database for user tzuchie3 (Discord ID: 1521215890534699188)
INFO:asu_discord.cogs.verification:Refreshed Salesforce roles for Discord user 1521215890534699188: -4/+4 roles, assigned=[Graduate Student, International Student, W.P. Carey School of Business, West Valley]
Ignoring exception in on_member_update
Traceback (most recent call last):
  File "/usr/local/lib/python3.12/site-packages/discord/client.py", line 465, in _run_event
    await coro(*args, **kwargs)
  File "/app/asu_discord/cogs/analytics.py", line 652, in on_member_update
    before_timeout = before.timed_out_until
                     ^^^^^^^^^^^^^^^^^^^^^^
AttributeError: 'Member' object has no attribute 'timed_out_until'
Ignoring exception in on_member_update
Traceback (most recent call last):
  File "/usr/local/lib/python3.12/site-packages/discord/client.py", line 465, in _run_event
    await coro(*args, **kwargs)
  File "/app/asu_discord/cogs/analytics.py", line 652, in on_member_update
    before_timeout = before.timed_out_until
                     ^^^^^^^^^^^^^^^^^^^^^^
AttributeError: 'Member' object has no attribute 'timed_out_until'
Ignoring exception in on_member_update
Traceback (most recent call last):
  File "/usr/local/lib/python3.12/site-packages/discord/client.py", line 465, in _run_event
    await coro(*args, **kwargs)
  File "/app/asu_discord/cogs/analytics.py", line 652, in on_member_update
    before_timeout = before.timed_out_until
                     ^^^^^^^^^^^^^^^^^^^^^^
AttributeError: 'Member' object has no attribute 'timed_out_until'
Ignoring exception in on_member_update
Traceback (most recent call last):
  File "/usr/local/lib/python3.12/site-packages/discord/client.py", line 465, in _run_event
    await coro(*args, **kwargs)
  File "/app/asu_discord/cogs/analytics.py", line 652, in on_member_update
    before_timeout = before.timed_out_until
                     ^^^^^^^^^^^^^^^^^^^^^^
AttributeError: 'Member' object has no attribute 'timed_out_until'
Ignoring exception in on_member_update
Traceback (most recent call last):
  File "/usr/local/lib/python3.12/site-packages/discord/client.py", line 465, in _run_event
    await coro(*args, **kwargs)
  File "/app/asu_discord/cogs/analytics.py", line 652, in on_member_update
    before_timeout = before.timed_out_until
                     ^^^^^^^^^^^^^^^^^^^^^^
AttributeError: 'Member' object has no attribute 'timed_out_until'
Ignoring exception in on_member_update
Traceback (most recent call last):
  File "/usr/local/lib/python3.12/site-packages/discord/client.py", line 465, in _run_event
    await coro(*args, **kwargs)
  File "/app/asu_discord/cogs/analytics.py", line 652, in on_member_update
    before_timeout = before.timed_out_until
                     ^^^^^^^^^^^^^^^^^^^^^^
AttributeError: 'Member' object has no attribute 'timed_out_until'
Ignoring exception in on_member_update
Traceback (most recent call last):
  File "/usr/local/lib/python3.12/site-packages/discord/client.py", line 465, in _run_event
    await coro(*args, **kwargs)
  File "/app/asu_discord/cogs/analytics.py", line 652, in on_member_update
    before_timeout = before.timed_out_until
                     ^^^^^^^^^^^^^^^^^^^^^^
AttributeError: 'Member' object has no attribute 'timed_out_until'
Ignoring exception in on_member_update
Traceback (most recent call last):
  File "/usr/local/lib/python3.12/site-packages/discord/client.py", line 465, in _run_event
    await coro(*args, **kwargs)
  File "/app/asu_discord/cogs/analytics.py", line 652, in on_member_update
    before_timeout = before.timed_out_until
                     ^^^^^^^^^^^^^^^^^^^^^^
AttributeError: 'Member' object has no attribute 'timed_out_until'
Ignoring exception in on_member_update
Traceback (most recent call last):
  File "/usr/local/lib/python3.12/site-packages/discord/client.py", line 465, in _run_event
    await coro(*args, **kwargs)
  File "/app/asu_discord/cogs/analytics.py", line 652, in on_member_update
    before_timeout = before.timed_out_until
                     ^^^^^^^^^^^^^^^^^^^^^^
AttributeError: 'Member' object has no attribute 'timed_out_until'
ERROR:cron.jobs:refresh_salesforce_roles: failed for mjohnis (Discord ID 1086745579721326714): Timed out refresh Salesforce-based roles
Ignoring exception in on_member_update
Traceback (most recent call last):
  File "/usr/local/lib/python3.12/site-packages/discord/client.py", line 465, in _run_event
    await coro(*args, **kwargs)
  File "/app/asu_discord/cogs/analytics.py", line 652, in on_member_update
    before_timeout = before.timed_out_until
                     ^^^^^^^^^^^^^^^^^^^^^^
AttributeError: 'Member' object has no attribute 'timed_out_until'
Ignoring exception in on_member_update
Traceback (most recent call last):
  File "/usr/local/lib/python3.12/site-packages/discord/client.py", line 465, in _run_event
    await coro(*args, **kwargs)
  File "/app/asu_discord/cogs/analytics.py", line 652, in on_member_update
    before_timeout = before.timed_out_until
                     ^^^^^^^^^^^^^^^^^^^^^^
AttributeError: 'Member' object has no attribute 'timed_out_until'
Ignoring exception in on_member_update
Traceback (most recent call last):
  File "/usr/local/lib/python3.12/site-packages/discord/client.py", line 465, in _run_event
    await coro(*args, **kwargs)
  File "/app/asu_discord/cogs/analytics.py", line 652, in on_member_update
    before_timeout = before.timed_out_until
                     ^^^^^^^^^^^^^^^^^^^^^^
AttributeError: 'Member' object has no attribute 'timed_out_until'
Ignoring exception in on_member_update
Traceback (most recent call last):
  File "/usr/local/lib/python3.12/site-packages/discord/client.py", line 465, in _run_event
    await coro(*args, **kwargs)
  File "/app/asu_discord/cogs/analytics.py", line 652, in on_member_update
    before_timeout = before.timed_out_until
                     ^^^^^^^^^^^^^^^^^^^^^^
AttributeError: 'Member' object has no attribute 'timed_out_until'
Ignoring exception in on_member_update
Traceback (most recent call last):
  File "/usr/local/lib/python3.12/site-packages/discord/client.py", line 465, in _run_event
    await coro(*args, **kwargs)
  File "/app/asu_discord/cogs/analytics.py", line 652, in on_member_update
    before_timeout = before.timed_out_until
                     ^^^^^^^^^^^^^^^^^^^^^^
AttributeError: 'Member' object has no attribute 'timed_out_until'
Ignoring exception in on_member_update
Traceback (most recent call last):
  File "/usr/local/lib/python3.12/site-packages/discord/client.py", line 465, in _run_event
    await coro(*args, **kwargs)
  File "/app/asu_discord/cogs/analytics.py", line 652, in on_member_update
    before_timeout = before.timed_out_until
                     ^^^^^^^^^^^^^^^^^^^^^^
AttributeError: 'Member' object has no attribute 'timed_out_until'
Ignoring exception in on_member_update
Traceback (most recent call last):
  File "/usr/local/lib/python3.12/site-packages/discord/client.py", line 465, in _run_event
    await coro(*args, **kwargs)
  File "/app/asu_discord/cogs/analytics.py", line 652, in on_member_update
    before_timeout = before.timed_out_until
                     ^^^^^^^^^^^^^^^^^^^^^^
AttributeError: 'Member' object has no attribute 'timed_out_until'
Ignoring exception in on_member_update
Traceback (most recent call last):
  File "/usr/local/lib/python3.12/site-packages/discord/client.py", line 465, in _run_event
    await coro(*args, **kwargs)
  File "/app/asu_discord/cogs/analytics.py", line 652, in on_member_update
    before_timeout = before.timed_out_until
                     ^^^^^^^^^^^^^^^^^^^^^^
AttributeError: 'Member' object has no attribute 'timed_out_until'
Ignoring exception in on_member_update
Traceback (most recent call last):
  File "/usr/local/lib/python3.12/site-packages/discord/client.py", line 465, in _run_event
    await coro(*args, **kwargs)
  File "/app/asu_discord/cogs/analytics.py", line 652, in on_member_update
    before_timeout = before.timed_out_until
                     ^^^^^^^^^^^^^^^^^^^^^^
AttributeError: 'Member' object has no attribute 'timed_out_until'
Ignoring exception in on_member_update
Traceback (most recent call last):
  File "/usr/local/lib/python3.12/site-packages/discord/client.py", line 465, in _run_event
    await coro(*args, **kwargs)
  File "/app/asu_discord/cogs/analytics.py", line 652, in on_member_update
    before_timeout = before.timed_out_until
                     ^^^^^^^^^^^^^^^^^^^^^^
AttributeError: 'Member' object has no attribute 'timed_out_until'
Ignoring exception in on_member_update
Traceback (most recent call last):
  File "/usr/local/lib/python3.12/site-packages/discord/client.py", line 465, in _run_event
    await coro(*args, **kwargs)
  File "/app/asu_discord/cogs/analytics.py", line 652, in on_member_update
    before_timeout = before.timed_out_until
                     ^^^^^^^^^^^^^^^^^^^^^^
AttributeError: 'Member' object has no attribute 'timed_out_until'
Ignoring exception in on_member_update
Traceback (most recent call last):
  File "/usr/local/lib/python3.12/site-packages/discord/client.py", line 465, in _run_event
    await coro(*args, **kwargs)
  File "/app/asu_discord/cogs/analytics.py", line 652, in on_member_update
    before_timeout = before.timed_out_until
                     ^^^^^^^^^^^^^^^^^^^^^^
AttributeError: 'Member' object has no attribute 'timed_out_until'
Ignoring exception in on_member_update
Traceback (most recent call last):
  File "/usr/local/lib/python3.12/site-packages/discord/client.py", line 465, in _run_event
    await coro(*args, **kwargs)
  File "/app/asu_discord/cogs/analytics.py", line 652, in on_member_update
    before_timeout = before.timed_out_until
                     ^^^^^^^^^^^^^^^^^^^^^^
AttributeError: 'Member' object has no attribute 'timed_out_until'
INFO:asu_discord.cogs.verification:Saved 6 roles to database for user hphan126 (Discord ID: 439564112259710987)
INFO:asu_discord.cogs.verification:Refreshed Salesforce roles for Discord user 439564112259710987: -6/+6 roles, assigned=[Arizona Resident, College of Liberal Arts and Sciences, Commited, First Generation Student, First Year, Tempe]
Ignoring exception in on_member_update
Traceback (most recent call last):
  File "/usr/local/lib/python3.12/site-packages/discord/client.py", line 465, in _run_event
    await coro(*args, **kwargs)
  File "/app/asu_discord/cogs/analytics.py", line 652, in on_member_update
    before_timeout = before.timed_out_until
                     ^^^^^^^^^^^^^^^^^^^^^^
AttributeError: 'Member' object has no attribute 'timed_out_until'
Ignoring exception in on_member_update
Traceback (most recent call last):
  File "/usr/local/lib/python3.12/site-packages/discord/client.py", line 465, in _run_event
    await coro(*args, **kwargs)
  File "/app/asu_discord/cogs/analytics.py", line 652, in on_member_update
    before_timeout = before.timed_out_until
                     ^^^^^^^^^^^^^^^^^^^^^^
AttributeError: 'Member' object has no attribute 'timed_out_until'
Ignoring exception in on_member_update
Traceback (most recent call last):
  File "/usr/local/lib/python3.12/site-packages/discord/client.py", line 465, in _run_event
    await coro(*args, **kwargs)
  File "/app/asu_discord/cogs/analytics.py", line 652, in on_member_update
    before_timeout = before.timed_out_until
                     ^^^^^^^^^^^^^^^^^^^^^^
AttributeError: 'Member' object has no attribute 'timed_out_until'
Ignoring exception in on_member_update
Traceback (most recent call last):
  File "/usr/local/lib/python3.12/site-packages/discord/client.py", line 465, in _run_event
    await coro(*args, **kwargs)
  File "/app/asu_discord/cogs/analytics.py", line 652, in on_member_update
    before_timeout = before.timed_out_until
                     ^^^^^^^^^^^^^^^^^^^^^^
AttributeError: 'Member' object has no attribute 'timed_out_until'
Ignoring exception in on_member_update
Traceback (most recent call last):
  File "/usr/local/lib/python3.12/site-packages/discord/client.py", line 465, in _run_event
    await coro(*args, **kwargs)
  File "/app/asu_discord/cogs/analytics.py", line 652, in on_member_update
    before_timeout = before.timed_out_until
                     ^^^^^^^^^^^^^^^^^^^^^^
AttributeError: 'Member' object has no attribute 'timed_out_until'
Ignoring exception in on_member_update
Traceback (most recent call last):
  File "/usr/local/lib/python3.12/site-packages/discord/client.py", line 465, in _run_event
    await coro(*args, **kwargs)
  File "/app/asu_discord/cogs/analytics.py", line 652, in on_member_update
    before_timeout = before.timed_out_until
                     ^^^^^^^^^^^^^^^^^^^^^^
AttributeError: 'Member' object has no attribute 'timed_out_until'
Ignoring exception in on_member_update
Traceback (most recent call last):
  File "/usr/local/lib/python3.12/site-packages/discord/client.py", line 465, in _run_event
    await coro(*args, **kwargs)
  File "/app/asu_discord/cogs/analytics.py", line 652, in on_member_update
    before_timeout = before.timed_out_until
                     ^^^^^^^^^^^^^^^^^^^^^^
AttributeError: 'Member' object has no attribute 'timed_out_until'
Ignoring exception in on_member_update
Traceback (most recent call last):
  File "/usr/local/lib/python3.12/site-packages/discord/client.py", line 465, in _run_event
    await coro(*args, **kwargs)
  File "/app/asu_discord/cogs/analytics.py", line 652, in on_member_update
    before_timeout = before.timed_out_until
                     ^^^^^^^^^^^^^^^^^^^^^^
AttributeError: 'Member' object has no attribute 'timed_out_until'
Ignoring exception in on_member_update
Traceback (most recent call last):
  File "/usr/local/lib/python3.12/site-packages/discord/client.py", line 465, in _run_event
    await coro(*args, **kwargs)
  File "/app/asu_discord/cogs/analytics.py", line 652, in on_member_update
    before_timeout = before.timed_out_until
                     ^^^^^^^^^^^^^^^^^^^^^^
AttributeError: 'Member' object has no attribute 'timed_out_until'
Ignoring exception in on_member_update
Traceback (most recent call last):
  File "/usr/local/lib/python3.12/site-packages/discord/client.py", line 465, in _run_event
    await coro(*args, **kwargs)
  File "/app/asu_discord/cogs/analytics.py", line 652, in on_member_update
    before_timeout = before.timed_out_until
                     ^^^^^^^^^^^^^^^^^^^^^^
AttributeError: 'Member' object has no attribute 'timed_out_until'
INFO:asu_discord.cogs.verification:Saved 5 roles to database for user rmuthuk5 (Discord ID: 1521779163734868040)
INFO:asu_discord.cogs.verification:Refreshed Salesforce roles for Discord user 1521779163734868040: -5/+5 roles, assigned=[Commited, International Student, Transfer Student, W.P. Carey School of Business, West Valley]
Ignoring exception in on_member_update
Traceback (most recent call last):
  File "/usr/local/lib/python3.12/site-packages/discord/client.py", line 465, in _run_event
    await coro(*args, **kwargs)
  File "/app/asu_discord/cogs/analytics.py", line 652, in on_member_update
    before_timeout = before.timed_out_until
                     ^^^^^^^^^^^^^^^^^^^^^^
AttributeError: 'Member' object has no attribute 'timed_out_until'
Ignoring exception in on_member_update
Traceback (most recent call last):
  File "/usr/local/lib/python3.12/site-packages/discord/client.py", line 465, in _run_event
    await coro(*args, **kwargs)
  File "/app/asu_discord/cogs/analytics.py", line 652, in on_member_update
    before_timeout = before.timed_out_until
                     ^^^^^^^^^^^^^^^^^^^^^^
AttributeError: 'Member' object has no attribute 'timed_out_until'
Ignoring exception in on_member_update
Traceback (most recent call last):
  File "/usr/local/lib/python3.12/site-packages/discord/client.py", line 465, in _run_event
    await coro(*args, **kwargs)
  File "/app/asu_discord/cogs/analytics.py", line 652, in on_member_update
    before_timeout = before.timed_out_until
                     ^^^^^^^^^^^^^^^^^^^^^^
AttributeError: 'Member' object has no attribute 'timed_out_until'
Ignoring exception in on_member_update
Traceback (most recent call last):
  File "/usr/local/lib/python3.12/site-packages/discord/client.py", line 465, in _run_event
    await coro(*args, **kwargs)
  File "/app/asu_discord/cogs/analytics.py", line 652, in on_member_update
    before_timeout = before.timed_out_until
                     ^^^^^^^^^^^^^^^^^^^^^^
AttributeError: 'Member' object has no attribute 'timed_out_until'
Ignoring exception in on_member_update
Traceback (most recent call last):
  File "/usr/local/lib/python3.12/site-packages/discord/client.py", line 465, in _run_event
    await coro(*args, **kwargs)
  File "/app/asu_discord/cogs/analytics.py", line 652, in on_member_update
    before_timeout = before.timed_out_until
                     ^^^^^^^^^^^^^^^^^^^^^^
AttributeError: 'Member' object has no attribute 'timed_out_until'
Ignoring exception in on_member_update
Traceback (most recent call last):
  File "/usr/local/lib/python3.12/site-packages/discord/client.py", line 465, in _run_event
    await coro(*args, **kwargs)
  File "/app/asu_discord/cogs/analytics.py", line 652, in on_member_update
    before_timeout = before.timed_out_until
                     ^^^^^^^^^^^^^^^^^^^^^^
AttributeError: 'Member' object has no attribute 'timed_out_until'
Ignoring exception in on_member_update
Traceback (most recent call last):
  File "/usr/local/lib/python3.12/site-packages/discord/client.py", line 465, in _run_event
    await coro(*args, **kwargs)
  File "/app/asu_discord/cogs/analytics.py", line 652, in on_member_update
    before_timeout = before.timed_out_until
                     ^^^^^^^^^^^^^^^^^^^^^^
AttributeError: 'Member' object has no attribute 'timed_out_until'
Ignoring exception in on_member_update
Traceback (most recent call last):
  File "/usr/local/lib/python3.12/site-packages/discord/client.py", line 465, in _run_event
    await coro(*args, **kwargs)
  File "/app/asu_discord/cogs/analytics.py", line 652, in on_member_update
    before_timeout = before.timed_out_until
                     ^^^^^^^^^^^^^^^^^^^^^^
AttributeError: 'Member' object has no attribute 'timed_out_until'
Ignoring exception in on_member_update
Traceback (most recent call last):
  File "/usr/local/lib/python3.12/site-packages/discord/client.py", line 465, in _run_event
    await coro(*args, **kwargs)
  File "/app/asu_discord/cogs/analytics.py", line 652, in on_member_update
    before_timeout = before.timed_out_until
                     ^^^^^^^^^^^^^^^^^^^^^^
AttributeError: 'Member' object has no attribute 'timed_out_until'
Ignoring exception in on_member_update
Traceback (most recent call last):
  File "/usr/local/lib/python3.12/site-packages/discord/client.py", line 465, in _run_event
    await coro(*args, **kwargs)
  File "/app/asu_discord/cogs/analytics.py", line 652, in on_member_update
    before_timeout = before.timed_out_until
                     ^^^^^^^^^^^^^^^^^^^^^^
AttributeError: 'Member' object has no attribute 'timed_out_until'
INFO:asu_discord.cogs.verification:Saved 5 roles to database for user abanakes (Discord ID: 1521782074783174679)
INFO:asu_discord.cogs.verification:Refreshed Salesforce roles for Discord user 1521782074783174679: -5/+5 roles, assigned=[College of Liberal Arts and Sciences, Commited, First Year, Out of State, Polytechnic]
Ignoring exception in on_member_update
Traceback (most recent call last):
  File "/usr/local/lib/python3.12/site-packages/discord/client.py", line 465, in _run_event
    await coro(*args, **kwargs)
  File "/app/asu_discord/cogs/analytics.py", line 652, in on_member_update
    before_timeout = before.timed_out_until
                     ^^^^^^^^^^^^^^^^^^^^^^
AttributeError: 'Member' object has no attribute 'timed_out_until'
Ignoring exception in on_member_update
Traceback (most recent call last):
  File "/usr/local/lib/python3.12/site-packages/discord/client.py", line 465, in _run_event
    await coro(*args, **kwargs)
  File "/app/asu_discord/cogs/analytics.py", line 652, in on_member_update
    before_timeout = before.timed_out_until
                     ^^^^^^^^^^^^^^^^^^^^^^
AttributeError: 'Member' object has no attribute 'timed_out_until'
Ignoring exception in on_member_update
Traceback (most recent call last):
  File "/usr/local/lib/python3.12/site-packages/discord/client.py", line 465, in _run_event
    await coro(*args, **kwargs)
  File "/app/asu_discord/cogs/analytics.py", line 652, in on_member_update
    before_timeout = before.timed_out_until
                     ^^^^^^^^^^^^^^^^^^^^^^
AttributeError: 'Member' object has no attribute 'timed_out_until'
Ignoring exception in on_member_update
Traceback (most recent call last):
  File "/usr/local/lib/python3.12/site-packages/discord/client.py", line 465, in _run_event
    await coro(*args, **kwargs)
  File "/app/asu_discord/cogs/analytics.py", line 652, in on_member_update
    before_timeout = before.timed_out_until
                     ^^^^^^^^^^^^^^^^^^^^^^
AttributeError: 'Member' object has no attribute 'timed_out_until'
Ignoring exception in on_member_update
Traceback (most recent call last):
  File "/usr/local/lib/python3.12/site-packages/discord/client.py", line 465, in _run_event
    await coro(*args, **kwargs)
  File "/app/asu_discord/cogs/analytics.py", line 652, in on_member_update
    before_timeout = before.timed_out_until
                     ^^^^^^^^^^^^^^^^^^^^^^
AttributeError: 'Member' object has no attribute 'timed_out_until'
Ignoring exception in on_member_update
Traceback (most recent call last):
  File "/usr/local/lib/python3.12/site-packages/discord/client.py", line 465, in _run_event
    await coro(*args, **kwargs)
  File "/app/asu_discord/cogs/analytics.py", line 652, in on_member_update
    before_timeout = before.timed_out_until
                     ^^^^^^^^^^^^^^^^^^^^^^
AttributeError: 'Member' object has no attribute 'timed_out_until'
Ignoring exception in on_member_update
Traceback (most recent call last):
  File "/usr/local/lib/python3.12/site-packages/discord/client.py", line 465, in _run_event
    await coro(*args, **kwargs)
  File "/app/asu_discord/cogs/analytics.py", line 652, in on_member_update
    before_timeout = before.timed_out_until
                     ^^^^^^^^^^^^^^^^^^^^^^
AttributeError: 'Member' object has no attribute 'timed_out_until'
INFO:asu_discord.cogs.verification:Saved 4 roles to database for user rdeshm10 (Discord ID: 417563345772740609)
INFO:asu_discord.cogs.verification:Refreshed Salesforce roles for Discord user 417563345772740609: -3/+4 roles, assigned=[Graduate Student, International Student, Ira A. Fulton Schools of Engineering, Tempe]
Ignoring exception in on_member_update
Traceback (most recent call last):
  File "/usr/local/lib/python3.12/site-packages/discord/client.py", line 465, in _run_event
    await coro(*args, **kwargs)
  File "/app/asu_discord/cogs/analytics.py", line 652, in on_member_update
    before_timeout = before.timed_out_until
                     ^^^^^^^^^^^^^^^^^^^^^^
AttributeError: 'Member' object has no attribute 'timed_out_until'
Ignoring exception in on_member_update
Traceback (most recent call last):
  File "/usr/local/lib/python3.12/site-packages/discord/client.py", line 465, in _run_event
    await coro(*args, **kwargs)
  File "/app/asu_discord/cogs/analytics.py", line 652, in on_member_update
    before_timeout = before.timed_out_until
                     ^^^^^^^^^^^^^^^^^^^^^^
AttributeError: 'Member' object has no attribute 'timed_out_until'
Ignoring exception in on_member_update
Traceback (most recent call last):
  File "/usr/local/lib/python3.12/site-packages/discord/client.py", line 465, in _run_event
    await coro(*args, **kwargs)
  File "/app/asu_discord/cogs/analytics.py", line 652, in on_member_update
    before_timeout = before.timed_out_until
                     ^^^^^^^^^^^^^^^^^^^^^^
AttributeError: 'Member' object has no attribute 'timed_out_until'
Ignoring exception in on_member_update
Traceback (most recent call last):
  File "/usr/local/lib/python3.12/site-packages/discord/client.py", line 465, in _run_event
    await coro(*args, **kwargs)
  File "/app/asu_discord/cogs/analytics.py", line 652, in on_member_update
    before_timeout = before.timed_out_until
                     ^^^^^^^^^^^^^^^^^^^^^^
AttributeError: 'Member' object has no attribute 'timed_out_until'
Ignoring exception in on_member_update
Traceback (most recent call last):
  File "/usr/local/lib/python3.12/site-packages/discord/client.py", line 465, in _run_event
    await coro(*args, **kwargs)
  File "/app/asu_discord/cogs/analytics.py", line 652, in on_member_update
    before_timeout = before.timed_out_until
                     ^^^^^^^^^^^^^^^^^^^^^^
AttributeError: 'Member' object has no attribute 'timed_out_until'
Ignoring exception in on_member_update
Traceback (most recent call last):
  File "/usr/local/lib/python3.12/site-packages/discord/client.py", line 465, in _run_event
    await coro(*args, **kwargs)
  File "/app/asu_discord/cogs/analytics.py", line 652, in on_member_update
    before_timeout = before.timed_out_until
                     ^^^^^^^^^^^^^^^^^^^^^^
AttributeError: 'Member' object has no attribute 'timed_out_until'
Ignoring exception in on_member_update
Traceback (most recent call last):
  File "/usr/local/lib/python3.12/site-packages/discord/client.py", line 465, in _run_event
    await coro(*args, **kwargs)
  File "/app/asu_discord/cogs/analytics.py", line 652, in on_member_update
    before_timeout = before.timed_out_until
                     ^^^^^^^^^^^^^^^^^^^^^^
AttributeError: 'Member' object has no attribute 'timed_out_until'
Ignoring exception in on_member_update
Traceback (most recent call last):
  File "/usr/local/lib/python3.12/site-packages/discord/client.py", line 465, in _run_event
    await coro(*args, **kwargs)
  File "/app/asu_discord/cogs/analytics.py", line 652, in on_member_update
    before_timeout = before.timed_out_until
                     ^^^^^^^^^^^^^^^^^^^^^^
AttributeError: 'Member' object has no attribute 'timed_out_until'
INFO:asu_discord.cogs.verification:Saved 4 roles to database for user cjone331 (Discord ID: 1522003502308655128)
INFO:asu_discord.cogs.verification:Refreshed Salesforce roles for Discord user 1522003502308655128: -4/+4 roles, assigned=[First Year, Herberger Institute for Design and the Arts, LA Center, Out of State]
Ignoring exception in on_member_update
Traceback (most recent call last):
  File "/usr/local/lib/python3.12/site-packages/discord/client.py", line 465, in _run_event
    await coro(*args, **kwargs)
  File "/app/asu_discord/cogs/analytics.py", line 652, in on_member_update
    before_timeout = before.timed_out_until
                     ^^^^^^^^^^^^^^^^^^^^^^
AttributeError: 'Member' object has no attribute 'timed_out_until'
Ignoring exception in on_member_update
Traceback (most recent call last):
  File "/usr/local/lib/python3.12/site-packages/discord/client.py", line 465, in _run_event
    await coro(*args, **kwargs)
  File "/app/asu_discord/cogs/analytics.py", line 652, in on_member_update
    before_timeout = before.timed_out_until
                     ^^^^^^^^^^^^^^^^^^^^^^
AttributeError: 'Member' object has no attribute 'timed_out_until'
Ignoring exception in on_member_update
Traceback (most recent call last):
  File "/usr/local/lib/python3.12/site-packages/discord/client.py", line 465, in _run_event
    await coro(*args, **kwargs)
  File "/app/asu_discord/cogs/analytics.py", line 652, in on_member_update
    before_timeout = before.timed_out_until
                     ^^^^^^^^^^^^^^^^^^^^^^
AttributeError: 'Member' object has no attribute 'timed_out_until'
Ignoring exception in on_member_update
Traceback (most recent call last):
  File "/usr/local/lib/python3.12/site-packages/discord/client.py", line 465, in _run_event
    await coro(*args, **kwargs)
  File "/app/asu_discord/cogs/analytics.py", line 652, in on_member_update
    before_timeout = before.timed_out_until
                     ^^^^^^^^^^^^^^^^^^^^^^
AttributeError: 'Member' object has no attribute 'timed_out_until'
Ignoring exception in on_member_update
Traceback (most recent call last):
  File "/usr/local/lib/python3.12/site-packages/discord/client.py", line 465, in _run_event
    await coro(*args, **kwargs)
  File "/app/asu_discord/cogs/analytics.py", line 652, in on_member_update
    before_timeout = before.timed_out_until
                     ^^^^^^^^^^^^^^^^^^^^^^
AttributeError: 'Member' object has no attribute 'timed_out_until'
Ignoring exception in on_member_update
Traceback (most recent call last):
  File "/usr/local/lib/python3.12/site-packages/discord/client.py", line 465, in _run_event
    await coro(*args, **kwargs)
  File "/app/asu_discord/cogs/analytics.py", line 652, in on_member_update
    before_timeout = before.timed_out_until
                     ^^^^^^^^^^^^^^^^^^^^^^
AttributeError: 'Member' object has no attribute 'timed_out_until'
Ignoring exception in on_member_update
Traceback (most recent call last):
  File "/usr/local/lib/python3.12/site-packages/discord/client.py", line 465, in _run_event
    await coro(*args, **kwargs)
  File "/app/asu_discord/cogs/analytics.py", line 652, in on_member_update
    before_timeout = before.timed_out_until
                     ^^^^^^^^^^^^^^^^^^^^^^
AttributeError: 'Member' object has no attribute 'timed_out_until'
Ignoring exception in on_member_update
Traceback (most recent call last):
  File "/usr/local/lib/python3.12/site-packages/discord/client.py", line 465, in _run_event
    await coro(*args, **kwargs)
  File "/app/asu_discord/cogs/analytics.py", line 652, in on_member_update
    before_timeout = before.timed_out_until
                     ^^^^^^^^^^^^^^^^^^^^^^
AttributeError: 'Member' object has no attribute 'timed_out_until'
Ignoring exception in on_member_update
Traceback (most recent call last):
  File "/usr/local/lib/python3.12/site-packages/discord/client.py", line 465, in _run_event
    await coro(*args, **kwargs)
  File "/app/asu_discord/cogs/analytics.py", line 652, in on_member_update
    before_timeout = before.timed_out_until
                     ^^^^^^^^^^^^^^^^^^^^^^
AttributeError: 'Member' object has no attribute 'timed_out_until'
Ignoring exception in on_member_update
Traceback (most recent call last):
  File "/usr/local/lib/python3.12/site-packages/discord/client.py", line 465, in _run_event
    await coro(*args, **kwargs)
  File "/app/asu_discord/cogs/analytics.py", line 652, in on_member_update
    before_timeout = before.timed_out_until
                     ^^^^^^^^^^^^^^^^^^^^^^
AttributeError: 'Member' object has no attribute 'timed_out_until'
Ignoring exception in on_member_update
Traceback (most recent call last):
  File "/usr/local/lib/python3.12/site-packages/discord/client.py", line 465, in _run_event
    await coro(*args, **kwargs)
  File "/app/asu_discord/cogs/analytics.py", line 652, in on_member_update
    before_timeout = before.timed_out_until
                     ^^^^^^^^^^^^^^^^^^^^^^
AttributeError: 'Member' object has no attribute 'timed_out_until'
Ignoring exception in on_member_update
Traceback (most recent call last):
  File "/usr/local/lib/python3.12/site-packages/discord/client.py", line 465, in _run_event
    await coro(*args, **kwargs)
  File "/app/asu_discord/cogs/analytics.py", line 652, in on_member_update
    before_timeout = before.timed_out_until
                     ^^^^^^^^^^^^^^^^^^^^^^
AttributeError: 'Member' object has no attribute 'timed_out_until'
INFO:asu_discord.cogs.verification:Saved 6 roles to database for user zcicvari (Discord ID: 1278480252213133375)
INFO:asu_discord.cogs.verification:Refreshed Salesforce roles for Discord user 1278480252213133375: -6/+6 roles, assigned=[Commited, First Generation Student, Out of State, Polytechnic, Transfer Student, W.P. Carey School of Business]
Ignoring exception in on_member_update
Traceback (most recent call last):
  File "/usr/local/lib/python3.12/site-packages/discord/client.py", line 465, in _run_event
    await coro(*args, **kwargs)
  File "/app/asu_discord/cogs/analytics.py", line 652, in on_member_update
    before_timeout = before.timed_out_until
                     ^^^^^^^^^^^^^^^^^^^^^^
AttributeError: 'Member' object has no attribute 'timed_out_until'
Ignoring exception in on_member_update
Traceback (most recent call last):
  File "/usr/local/lib/python3.12/site-packages/discord/client.py", line 465, in _run_event
    await coro(*args, **kwargs)
  File "/app/asu_discord/cogs/analytics.py", line 652, in on_member_update
    before_timeout = before.timed_out_until
                     ^^^^^^^^^^^^^^^^^^^^^^
AttributeError: 'Member' object has no attribute 'timed_out_until'
Ignoring exception in on_member_update
Traceback (most recent call last):
  File "/usr/local/lib/python3.12/site-packages/discord/client.py", line 465, in _run_event
    await coro(*args, **kwargs)
  File "/app/asu_discord/cogs/analytics.py", line 652, in on_member_update
    before_timeout = before.timed_out_until
                     ^^^^^^^^^^^^^^^^^^^^^^
AttributeError: 'Member' object has no attribute 'timed_out_until'
Ignoring exception in on_member_update
Traceback (most recent call last):
  File "/usr/local/lib/python3.12/site-packages/discord/client.py", line 465, in _run_event
    await coro(*args, **kwargs)
  File "/app/asu_discord/cogs/analytics.py", line 652, in on_member_update
    before_timeout = before.timed_out_until
                     ^^^^^^^^^^^^^^^^^^^^^^
AttributeError: 'Member' object has no attribute 'timed_out_until'
Ignoring exception in on_member_update
Traceback (most recent call last):
  File "/usr/local/lib/python3.12/site-packages/discord/client.py", line 465, in _run_event
    await coro(*args, **kwargs)
  File "/app/asu_discord/cogs/analytics.py", line 652, in on_member_update
    before_timeout = before.timed_out_until
                     ^^^^^^^^^^^^^^^^^^^^^^
AttributeError: 'Member' object has no attribute 'timed_out_until'
Ignoring exception in on_member_update
Traceback (most recent call last):
  File "/usr/local/lib/python3.12/site-packages/discord/client.py", line 465, in _run_event
    await coro(*args, **kwargs)
  File "/app/asu_discord/cogs/analytics.py", line 652, in on_member_update
    before_timeout = before.timed_out_until
                     ^^^^^^^^^^^^^^^^^^^^^^
AttributeError: 'Member' object has no attribute 'timed_out_until'
Ignoring exception in on_member_update
Traceback (most recent call last):
  File "/usr/local/lib/python3.12/site-packages/discord/client.py", line 465, in _run_event
    await coro(*args, **kwargs)
  File "/app/asu_discord/cogs/analytics.py", line 652, in on_member_update
    before_timeout = before.timed_out_until
                     ^^^^^^^^^^^^^^^^^^^^^^
AttributeError: 'Member' object has no attribute 'timed_out_until'
Ignoring exception in on_member_update
Traceback (most recent call last):
  File "/usr/local/lib/python3.12/site-packages/discord/client.py", line 465, in _run_event
    await coro(*args, **kwargs)
  File "/app/asu_discord/cogs/analytics.py", line 652, in on_member_update
    before_timeout = before.timed_out_until
                     ^^^^^^^^^^^^^^^^^^^^^^
AttributeError: 'Member' object has no attribute 'timed_out_until'
Ignoring exception in on_member_update
Traceback (most recent call last):
  File "/usr/local/lib/python3.12/site-packages/discord/client.py", line 465, in _run_event
    await coro(*args, **kwargs)
  File "/app/asu_discord/cogs/analytics.py", line 652, in on_member_update
    before_timeout = before.timed_out_until
                     ^^^^^^^^^^^^^^^^^^^^^^
AttributeError: 'Member' object has no attribute 'timed_out_until'
Ignoring exception in on_member_update
Traceback (most recent call last):
  File "/usr/local/lib/python3.12/site-packages/discord/client.py", line 465, in _run_event
    await coro(*args, **kwargs)
  File "/app/asu_discord/cogs/analytics.py", line 652, in on_member_update
    before_timeout = before.timed_out_until
                     ^^^^^^^^^^^^^^^^^^^^^^
AttributeError: 'Member' object has no attribute 'timed_out_until'
Ignoring exception in on_member_update
Traceback (most recent call last):
  File "/usr/local/lib/python3.12/site-packages/discord/client.py", line 465, in _run_event
    await coro(*args, **kwargs)
  File "/app/asu_discord/cogs/analytics.py", line 652, in on_member_update
    before_timeout = before.timed_out_until
                     ^^^^^^^^^^^^^^^^^^^^^^
AttributeError: 'Member' object has no attribute 'timed_out_until'
ERROR:cron.jobs:refresh_salesforce_roles: failed for jafigu28 (Discord ID 1440083665810882787): Timed out refresh Salesforce-based roles
Ignoring exception in on_member_update
Traceback (most recent call last):
  File "/usr/local/lib/python3.12/site-packages/discord/client.py", line 465, in _run_event
    await coro(*args, **kwargs)
  File "/app/asu_discord/cogs/analytics.py", line 652, in on_member_update
    before_timeout = before.timed_out_until
                     ^^^^^^^^^^^^^^^^^^^^^^
AttributeError: 'Member' object has no attribute 'timed_out_until'
Ignoring exception in on_member_update
Traceback (most recent call last):
  File "/usr/local/lib/python3.12/site-packages/discord/client.py", line 465, in _run_event
    await coro(*args, **kwargs)
  File "/app/asu_discord/cogs/analytics.py", line 652, in on_member_update
    before_timeout = before.timed_out_until
                     ^^^^^^^^^^^^^^^^^^^^^^
AttributeError: 'Member' object has no attribute 'timed_out_until'
Ignoring exception in on_member_update
Traceback (most recent call last):
  File "/usr/local/lib/python3.12/site-packages/discord/client.py", line 465, in _run_event
    await coro(*args, **kwargs)
  File "/app/asu_discord/cogs/analytics.py", line 652, in on_member_update
    before_timeout = before.timed_out_until
                     ^^^^^^^^^^^^^^^^^^^^^^
AttributeError: 'Member' object has no attribute 'timed_out_until'
Ignoring exception in on_member_update
Traceback (most recent call last):
  File "/usr/local/lib/python3.12/site-packages/discord/client.py", line 465, in _run_event
    await coro(*args, **kwargs)
  File "/app/asu_discord/cogs/analytics.py", line 652, in on_member_update
    before_timeout = before.timed_out_until
                     ^^^^^^^^^^^^^^^^^^^^^^
AttributeError: 'Member' object has no attribute 'timed_out_until'
Ignoring exception in on_member_update
Traceback (most recent call last):
  File "/usr/local/lib/python3.12/site-packages/discord/client.py", line 465, in _run_event
    await coro(*args, **kwargs)
  File "/app/asu_discord/cogs/analytics.py", line 652, in on_member_update
    before_timeout = before.timed_out_until
                     ^^^^^^^^^^^^^^^^^^^^^^
AttributeError: 'Member' object has no attribute 'timed_out_until'
Ignoring exception in on_member_update
Traceback (most recent call last):
  File "/usr/local/lib/python3.12/site-packages/discord/client.py", line 465, in _run_event
    await coro(*args, **kwargs)
  File "/app/asu_discord/cogs/analytics.py", line 652, in on_member_update
    before_timeout = before.timed_out_until
                     ^^^^^^^^^^^^^^^^^^^^^^
AttributeError: 'Member' object has no attribute 'timed_out_until'
Ignoring exception in on_member_update
Traceback (most recent call last):
  File "/usr/local/lib/python3.12/site-packages/discord/client.py", line 465, in _run_event
    await coro(*args, **kwargs)
  File "/app/asu_discord/cogs/analytics.py", line 652, in on_member_update
    before_timeout = before.timed_out_until
                     ^^^^^^^^^^^^^^^^^^^^^^
AttributeError: 'Member' object has no attribute 'timed_out_until'
Ignoring exception in on_member_update
Traceback (most recent call last):
  File "/usr/local/lib/python3.12/site-packages/discord/client.py", line 465, in _run_event
    await coro(*args, **kwargs)
  File "/app/asu_discord/cogs/analytics.py", line 652, in on_member_update
    before_timeout = before.timed_out_until
                     ^^^^^^^^^^^^^^^^^^^^^^
AttributeError: 'Member' object has no attribute 'timed_out_until'
Ignoring exception in on_member_update
Traceback (most recent call last):
  File "/usr/local/lib/python3.12/site-packages/discord/client.py", line 465, in _run_event
    await coro(*args, **kwargs)
  File "/app/asu_discord/cogs/analytics.py", line 652, in on_member_update
    before_timeout = before.timed_out_until
                     ^^^^^^^^^^^^^^^^^^^^^^
AttributeError: 'Member' object has no attribute 'timed_out_until'
Ignoring exception in on_member_update
Traceback (most recent call last):
  File "/usr/local/lib/python3.12/site-packages/discord/client.py", line 465, in _run_event
    await coro(*args, **kwargs)
  File "/app/asu_discord/cogs/analytics.py", line 652, in on_member_update
    before_timeout = before.timed_out_until
                     ^^^^^^^^^^^^^^^^^^^^^^
AttributeError: 'Member' object has no attribute 'timed_out_until'
INFO:asu_discord.cogs.verification:Saved 5 roles to database for user cacamp31 (Discord ID: 816094507828641842)
INFO:asu_discord.cogs.verification:Refreshed Salesforce roles for Discord user 816094507828641842: -5/+5 roles, assigned=[Arizona Resident, College of Liberal Arts and Sciences, Commited, First Year, Tempe]
Ignoring exception in on_member_update
Traceback (most recent call last):
  File "/usr/local/lib/python3.12/site-packages/discord/client.py", line 465, in _run_event
    await coro(*args, **kwargs)
  File "/app/asu_discord/cogs/analytics.py", line 652, in on_member_update
    before_timeout = before.timed_out_until
                     ^^^^^^^^^^^^^^^^^^^^^^
AttributeError: 'Member' object has no attribute 'timed_out_until'
Ignoring exception in on_member_update
Traceback (most recent call last):
  File "/usr/local/lib/python3.12/site-packages/discord/client.py", line 465, in _run_event
    await coro(*args, **kwargs)
  File "/app/asu_discord/cogs/analytics.py", line 652, in on_member_update
    before_timeout = before.timed_out_until
                     ^^^^^^^^^^^^^^^^^^^^^^
AttributeError: 'Member' object has no attribute 'timed_out_until'
Ignoring exception in on_member_update
Traceback (most recent call last):
  File "/usr/local/lib/python3.12/site-packages/discord/client.py", line 465, in _run_event
    await coro(*args, **kwargs)
  File "/app/asu_discord/cogs/analytics.py", line 652, in on_member_update
    before_timeout = before.timed_out_until
                     ^^^^^^^^^^^^^^^^^^^^^^
AttributeError: 'Member' object has no attribute 'timed_out_until'
Ignoring exception in on_member_update
Traceback (most recent call last):
  File "/usr/local/lib/python3.12/site-packages/discord/client.py", line 465, in _run_event
    await coro(*args, **kwargs)
  File "/app/asu_discord/cogs/analytics.py", line 652, in on_member_update
    before_timeout = before.timed_out_until
                     ^^^^^^^^^^^^^^^^^^^^^^
AttributeError: 'Member' object has no attribute 'timed_out_until'
Ignoring exception in on_member_update
Traceback (most recent call last):
  File "/usr/local/lib/python3.12/site-packages/discord/client.py", line 465, in _run_event
    await coro(*args, **kwargs)
  File "/app/asu_discord/cogs/analytics.py", line 652, in on_member_update
    before_timeout = before.timed_out_until
                     ^^^^^^^^^^^^^^^^^^^^^^
AttributeError: 'Member' object has no attribute 'timed_out_until'
Ignoring exception in on_member_update
Traceback (most recent call last):
  File "/usr/local/lib/python3.12/site-packages/discord/client.py", line 465, in _run_event
    await coro(*args, **kwargs)
  File "/app/asu_discord/cogs/analytics.py", line 652, in on_member_update
    before_timeout = before.timed_out_until
                     ^^^^^^^^^^^^^^^^^^^^^^
AttributeError: 'Member' object has no attribute 'timed_out_until'
Ignoring exception in on_member_update
Traceback (most recent call last):
  File "/usr/local/lib/python3.12/site-packages/discord/client.py", line 465, in _run_event
    await coro(*args, **kwargs)
  File "/app/asu_discord/cogs/analytics.py", line 652, in on_member_update
    before_timeout = before.timed_out_until
                     ^^^^^^^^^^^^^^^^^^^^^^
AttributeError: 'Member' object has no attribute 'timed_out_until'
Ignoring exception in on_member_update
Traceback (most recent call last):
  File "/usr/local/lib/python3.12/site-packages/discord/client.py", line 465, in _run_event
    await coro(*args, **kwargs)
  File "/app/asu_discord/cogs/analytics.py", line 652, in on_member_update
    before_timeout = before.timed_out_until
                     ^^^^^^^^^^^^^^^^^^^^^^
AttributeError: 'Member' object has no attribute 'timed_out_until'
Ignoring exception in on_member_update
Traceback (most recent call last):
  File "/usr/local/lib/python3.12/site-packages/discord/client.py", line 465, in _run_event
    await coro(*args, **kwargs)
  File "/app/asu_discord/cogs/analytics.py", line 652, in on_member_update
    before_timeout = before.timed_out_until
                     ^^^^^^^^^^^^^^^^^^^^^^
AttributeError: 'Member' object has no attribute 'timed_out_until'
Ignoring exception in on_member_update
Traceback (most recent call last):
  File "/usr/local/lib/python3.12/site-packages/discord/client.py", line 465, in _run_event
    await coro(*args, **kwargs)
  File "/app/asu_discord/cogs/analytics.py", line 652, in on_member_update
    before_timeout = before.timed_out_until
                     ^^^^^^^^^^^^^^^^^^^^^^
AttributeError: 'Member' object has no attribute 'timed_out_until'
INFO:asu_discord.cogs.verification:Saved 5 roles to database for user ezholley (Discord ID: 616425360963272752)
INFO:asu_discord.cogs.verification:Refreshed Salesforce roles for Discord user 616425360963272752: -5/+5 roles, assigned=[Commited, First Year, Herberger Institute for Design and the Arts, Out of State, Polytechnic]
Ignoring exception in on_member_update
Traceback (most recent call last):
  File "/usr/local/lib/python3.12/site-packages/discord/client.py", line 465, in _run_event
    await coro(*args, **kwargs)
  File "/app/asu_discord/cogs/analytics.py", line 652, in on_member_update
    before_timeout = before.timed_out_until
                     ^^^^^^^^^^^^^^^^^^^^^^
AttributeError: 'Member' object has no attribute 'timed_out_until'
Ignoring exception in on_member_update
Traceback (most recent call last):
  File "/usr/local/lib/python3.12/site-packages/discord/client.py", line 465, in _run_event
    await coro(*args, **kwargs)
  File "/app/asu_discord/cogs/analytics.py", line 652, in on_member_update
    before_timeout = before.timed_out_until
                     ^^^^^^^^^^^^^^^^^^^^^^
AttributeError: 'Member' object has no attribute 'timed_out_until'
Ignoring exception in on_member_update
Traceback (most recent call last):
  File "/usr/local/lib/python3.12/site-packages/discord/client.py", line 465, in _run_event
    await coro(*args, **kwargs)
  File "/app/asu_discord/cogs/analytics.py", line 652, in on_member_update
    before_timeout = before.timed_out_until
                     ^^^^^^^^^^^^^^^^^^^^^^
AttributeError: 'Member' object has no attribute 'timed_out_until'
Ignoring exception in on_member_update
Traceback (most recent call last):
  File "/usr/local/lib/python3.12/site-packages/discord/client.py", line 465, in _run_event
    await coro(*args, **kwargs)
  File "/app/asu_discord/cogs/analytics.py", line 652, in on_member_update
    before_timeout = before.timed_out_until
                     ^^^^^^^^^^^^^^^^^^^^^^
AttributeError: 'Member' object has no attribute 'timed_out_until'
Ignoring exception in on_member_update
Traceback (most recent call last):
  File "/usr/local/lib/python3.12/site-packages/discord/client.py", line 465, in _run_event
    await coro(*args, **kwargs)
  File "/app/asu_discord/cogs/analytics.py", line 652, in on_member_update
    before_timeout = before.timed_out_until
                     ^^^^^^^^^^^^^^^^^^^^^^
AttributeError: 'Member' object has no attribute 'timed_out_until'
Ignoring exception in on_member_update
Traceback (most recent call last):
  File "/usr/local/lib/python3.12/site-packages/discord/client.py", line 465, in _run_event
    await coro(*args, **kwargs)
  File "/app/asu_discord/cogs/analytics.py", line 652, in on_member_update
    before_timeout = before.timed_out_until
                     ^^^^^^^^^^^^^^^^^^^^^^
AttributeError: 'Member' object has no attribute 'timed_out_until'
Ignoring exception in on_member_update
Traceback (most recent call last):
  File "/usr/local/lib/python3.12/site-packages/discord/client.py", line 465, in _run_event
    await coro(*args, **kwargs)
  File "/app/asu_discord/cogs/analytics.py", line 652, in on_member_update
    before_timeout = before.timed_out_until
                     ^^^^^^^^^^^^^^^^^^^^^^
AttributeError: 'Member' object has no attribute 'timed_out_until'
Ignoring exception in on_member_update
Traceback (most recent call last):
  File "/usr/local/lib/python3.12/site-packages/discord/client.py", line 465, in _run_event
    await coro(*args, **kwargs)
  File "/app/asu_discord/cogs/analytics.py", line 652, in on_member_update
    before_timeout = before.timed_out_until
                     ^^^^^^^^^^^^^^^^^^^^^^
AttributeError: 'Member' object has no attribute 'timed_out_until'
Ignoring exception in on_member_update
Traceback (most recent call last):
  File "/usr/local/lib/python3.12/site-packages/discord/client.py", line 465, in _run_event
    await coro(*args, **kwargs)
  File "/app/asu_discord/cogs/analytics.py", line 652, in on_member_update
    before_timeout = before.timed_out_until
                     ^^^^^^^^^^^^^^^^^^^^^^
AttributeError: 'Member' object has no attribute 'timed_out_until'
Ignoring exception in on_member_update
Traceback (most recent call last):
  File "/usr/local/lib/python3.12/site-packages/discord/client.py", line 465, in _run_event
    await coro(*args, **kwargs)
  File "/app/asu_discord/cogs/analytics.py", line 652, in on_member_update
    before_timeout = before.timed_out_until
                     ^^^^^^^^^^^^^^^^^^^^^^
AttributeError: 'Member' object has no attribute 'timed_out_until'
INFO:asu_discord.cogs.verification:Saved 5 roles to database for user eaherre7 (Discord ID: 1243341395905740892)
INFO:asu_discord.cogs.verification:Refreshed Salesforce roles for Discord user 1243341395905740892: -5/+5 roles, assigned=[Commited, First Year, Herberger Institute for Design and the Arts, Out of State, Tempe]
Ignoring exception in on_member_update
Traceback (most recent call last):
  File "/usr/local/lib/python3.12/site-packages/discord/client.py", line 465, in _run_event
    await coro(*args, **kwargs)
  File "/app/asu_discord/cogs/analytics.py", line 652, in on_member_update
    before_timeout = before.timed_out_until
                     ^^^^^^^^^^^^^^^^^^^^^^
AttributeError: 'Member' object has no attribute 'timed_out_until'
Ignoring exception in on_member_update
Traceback (most recent call last):
  File "/usr/local/lib/python3.12/site-packages/discord/client.py", line 465, in _run_event
    await coro(*args, **kwargs)
  File "/app/asu_discord/cogs/analytics.py", line 652, in on_member_update
    before_timeout = before.timed_out_until
                     ^^^^^^^^^^^^^^^^^^^^^^
AttributeError: 'Member' object has no attribute 'timed_out_until'
Ignoring exception in on_member_update
Traceback (most recent call last):
  File "/usr/local/lib/python3.12/site-packages/discord/client.py", line 465, in _run_event
    await coro(*args, **kwargs)
  File "/app/asu_discord/cogs/analytics.py", line 652, in on_member_update
    before_timeout = before.timed_out_until
                     ^^^^^^^^^^^^^^^^^^^^^^
AttributeError: 'Member' object has no attribute 'timed_out_until'
Ignoring exception in on_member_update
Traceback (most recent call last):
  File "/usr/local/lib/python3.12/site-packages/discord/client.py", line 465, in _run_event
    await coro(*args, **kwargs)
  File "/app/asu_discord/cogs/analytics.py", line 652, in on_member_update
    before_timeout = before.timed_out_until
                     ^^^^^^^^^^^^^^^^^^^^^^
AttributeError: 'Member' object has no attribute 'timed_out_until'
Ignoring exception in on_member_update
Traceback (most recent call last):
  File "/usr/local/lib/python3.12/site-packages/discord/client.py", line 465, in _run_event
    await coro(*args, **kwargs)
  File "/app/asu_discord/cogs/analytics.py", line 652, in on_member_update
    before_timeout = before.timed_out_until
                     ^^^^^^^^^^^^^^^^^^^^^^
AttributeError: 'Member' object has no attribute 'timed_out_until'
Ignoring exception in on_member_update
Traceback (most recent call last):
  File "/usr/local/lib/python3.12/site-packages/discord/client.py", line 465, in _run_event
    await coro(*args, **kwargs)
  File "/app/asu_discord/cogs/analytics.py", line 652, in on_member_update
    before_timeout = before.timed_out_until
                     ^^^^^^^^^^^^^^^^^^^^^^
AttributeError: 'Member' object has no attribute 'timed_out_until'
Ignoring exception in on_member_update
Traceback (most recent call last):
  File "/usr/local/lib/python3.12/site-packages/discord/client.py", line 465, in _run_event
    await coro(*args, **kwargs)
  File "/app/asu_discord/cogs/analytics.py", line 652, in on_member_update
    before_timeout = before.timed_out_until
                     ^^^^^^^^^^^^^^^^^^^^^^
AttributeError: 'Member' object has no attribute 'timed_out_until'
Ignoring exception in on_member_update
Traceback (most recent call last):
  File "/usr/local/lib/python3.12/site-packages/discord/client.py", line 465, in _run_event
    await coro(*args, **kwargs)
  File "/app/asu_discord/cogs/analytics.py", line 652, in on_member_update
    before_timeout = before.timed_out_until
                     ^^^^^^^^^^^^^^^^^^^^^^
AttributeError: 'Member' object has no attribute 'timed_out_until'
Ignoring exception in on_member_update
Traceback (most recent call last):
  File "/usr/local/lib/python3.12/site-packages/discord/client.py", line 465, in _run_event
    await coro(*args, **kwargs)
  File "/app/asu_discord/cogs/analytics.py", line 652, in on_member_update
    before_timeout = before.timed_out_until
                     ^^^^^^^^^^^^^^^^^^^^^^
AttributeError: 'Member' object has no attribute 'timed_out_until'
Ignoring exception in on_member_update
Traceback (most recent call last):
  File "/usr/local/lib/python3.12/site-packages/discord/client.py", line 465, in _run_event
    await coro(*args, **kwargs)
  File "/app/asu_discord/cogs/analytics.py", line 652, in on_member_update
    before_timeout = before.timed_out_until
                     ^^^^^^^^^^^^^^^^^^^^^^
AttributeError: 'Member' object has no attribute 'timed_out_until'
INFO:asu_discord.cogs.verification:Saved 5 roles to database for user dphan129 (Discord ID: 1019085412255416462)
INFO:asu_discord.cogs.verification:Refreshed Salesforce roles for Discord user 1019085412255416462: -5/+5 roles, assigned=[Commited, First Year, International Student, Ira A. Fulton Schools of Engineering, Tempe]
Ignoring exception in on_member_update
Traceback (most recent call last):
  File "/usr/local/lib/python3.12/site-packages/discord/client.py", line 465, in _run_event
    await coro(*args, **kwargs)
  File "/app/asu_discord/cogs/analytics.py", line 652, in on_member_update
    before_timeout = before.timed_out_until
                     ^^^^^^^^^^^^^^^^^^^^^^
AttributeError: 'Member' object has no attribute 'timed_out_until'
Ignoring exception in on_member_update
Traceback (most recent call last):
  File "/usr/local/lib/python3.12/site-packages/discord/client.py", line 465, in _run_event
    await coro(*args, **kwargs)
  File "/app/asu_discord/cogs/analytics.py", line 652, in on_member_update
    before_timeout = before.timed_out_until
                     ^^^^^^^^^^^^^^^^^^^^^^
AttributeError: 'Member' object has no attribute 'timed_out_until'
Ignoring exception in on_member_update
Traceback (most recent call last):
  File "/usr/local/lib/python3.12/site-packages/discord/client.py", line 465, in _run_event
    await coro(*args, **kwargs)
  File "/app/asu_discord/cogs/analytics.py", line 652, in on_member_update
    before_timeout = before.timed_out_until
                     ^^^^^^^^^^^^^^^^^^^^^^
AttributeError: 'Member' object has no attribute 'timed_out_until'
Ignoring exception in on_member_update
Traceback (most recent call last):
  File "/usr/local/lib/python3.12/site-packages/discord/client.py", line 465, in _run_event
    await coro(*args, **kwargs)
  File "/app/asu_discord/cogs/analytics.py", line 652, in on_member_update
    before_timeout = before.timed_out_until
                     ^^^^^^^^^^^^^^^^^^^^^^
AttributeError: 'Member' object has no attribute 'timed_out_until'
Ignoring exception in on_member_update
Traceback (most recent call last):
  File "/usr/local/lib/python3.12/site-packages/discord/client.py", line 465, in _run_event
    await coro(*args, **kwargs)
  File "/app/asu_discord/cogs/analytics.py", line 652, in on_member_update
    before_timeout = before.timed_out_until
                     ^^^^^^^^^^^^^^^^^^^^^^
AttributeError: 'Member' object has no attribute 'timed_out_until'
Ignoring exception in on_member_update
Traceback (most recent call last):
  File "/usr/local/lib/python3.12/site-packages/discord/client.py", line 465, in _run_event
    await coro(*args, **kwargs)
  File "/app/asu_discord/cogs/analytics.py", line 652, in on_member_update
    before_timeout = before.timed_out_until
                     ^^^^^^^^^^^^^^^^^^^^^^
AttributeError: 'Member' object has no attribute 'timed_out_until'
Ignoring exception in on_member_update
Traceback (most recent call last):
  File "/usr/local/lib/python3.12/site-packages/discord/client.py", line 465, in _run_event
    await coro(*args, **kwargs)
  File "/app/asu_discord/cogs/analytics.py", line 652, in on_member_update
    before_timeout = before.timed_out_until
                     ^^^^^^^^^^^^^^^^^^^^^^
AttributeError: 'Member' object has no attribute 'timed_out_until'
Ignoring exception in on_member_update
Traceback (most recent call last):
  File "/usr/local/lib/python3.12/site-packages/discord/client.py", line 465, in _run_event
    await coro(*args, **kwargs)
  File "/app/asu_discord/cogs/analytics.py", line 652, in on_member_update
    before_timeout = before.timed_out_until
                     ^^^^^^^^^^^^^^^^^^^^^^
AttributeError: 'Member' object has no attribute 'timed_out_until'
Ignoring exception in on_member_update
Traceback (most recent call last):
  File "/usr/local/lib/python3.12/site-packages/discord/client.py", line 465, in _run_event
    await coro(*args, **kwargs)
  File "/app/asu_discord/cogs/analytics.py", line 652, in on_member_update
    before_timeout = before.timed_out_until
                     ^^^^^^^^^^^^^^^^^^^^^^
AttributeError: 'Member' object has no attribute 'timed_out_until'
Ignoring exception in on_member_update
Traceback (most recent call last):
  File "/usr/local/lib/python3.12/site-packages/discord/client.py", line 465, in _run_event
    await coro(*args, **kwargs)
  File "/app/asu_discord/cogs/analytics.py", line 652, in on_member_update
    before_timeout = before.timed_out_until
                     ^^^^^^^^^^^^^^^^^^^^^^
AttributeError: 'Member' object has no attribute 'timed_out_until'
Ignoring exception in on_member_update
Traceback (most recent call last):
  File "/usr/local/lib/python3.12/site-packages/discord/client.py", line 465, in _run_event
    await coro(*args, **kwargs)
  File "/app/asu_discord/cogs/analytics.py", line 652, in on_member_update
    before_timeout = before.timed_out_until
                     ^^^^^^^^^^^^^^^^^^^^^^
AttributeError: 'Member' object has no attribute 'timed_out_until'
INFO:asu_discord.cogs.verification:Saved 5 roles to database for user ecorra15 (Discord ID: 788097995815125092)
INFO:asu_discord.cogs.verification:Refreshed Salesforce roles for Discord user 788097995815125092: -5/+5 roles, assigned=[Arizona Resident, First Generation Student, First Year, Tempe, W.P. Carey School of Business]
Ignoring exception in on_member_update
Traceback (most recent call last):
  File "/usr/local/lib/python3.12/site-packages/discord/client.py", line 465, in _run_event
    await coro(*args, **kwargs)
  File "/app/asu_discord/cogs/analytics.py", line 652, in on_member_update
    before_timeout = before.timed_out_until
                     ^^^^^^^^^^^^^^^^^^^^^^
AttributeError: 'Member' object has no attribute 'timed_out_until'
Ignoring exception in on_member_update
Traceback (most recent call last):
  File "/usr/local/lib/python3.12/site-packages/discord/client.py", line 465, in _run_event
    await coro(*args, **kwargs)
  File "/app/asu_discord/cogs/analytics.py", line 652, in on_member_update
    before_timeout = before.timed_out_until
                     ^^^^^^^^^^^^^^^^^^^^^^
AttributeError: 'Member' object has no attribute 'timed_out_until'
Ignoring exception in on_member_update
Traceback (most recent call last):
  File "/usr/local/lib/python3.12/site-packages/discord/client.py", line 465, in _run_event
    await coro(*args, **kwargs)
  File "/app/asu_discord/cogs/analytics.py", line 652, in on_member_update
    before_timeout = before.timed_out_until
                     ^^^^^^^^^^^^^^^^^^^^^^
AttributeError: 'Member' object has no attribute 'timed_out_until'
Ignoring exception in on_member_update
Traceback (most recent call last):
  File "/usr/local/lib/python3.12/site-packages/discord/client.py", line 465, in _run_event
    await coro(*args, **kwargs)
  File "/app/asu_discord/cogs/analytics.py", line 652, in on_member_update
    before_timeout = before.timed_out_until
                     ^^^^^^^^^^^^^^^^^^^^^^
AttributeError: 'Member' object has no attribute 'timed_out_until'
Ignoring exception in on_member_update
Traceback (most recent call last):
  File "/usr/local/lib/python3.12/site-packages/discord/client.py", line 465, in _run_event
    await coro(*args, **kwargs)
  File "/app/asu_discord/cogs/analytics.py", line 652, in on_member_update
    before_timeout = before.timed_out_until
                     ^^^^^^^^^^^^^^^^^^^^^^
AttributeError: 'Member' object has no attribute 'timed_out_until'
Ignoring exception in on_member_update
Traceback (most recent call last):
  File "/usr/local/lib/python3.12/site-packages/discord/client.py", line 465, in _run_event
    await coro(*args, **kwargs)
  File "/app/asu_discord/cogs/analytics.py", line 652, in on_member_update
    before_timeout = before.timed_out_until
                     ^^^^^^^^^^^^^^^^^^^^^^
AttributeError: 'Member' object has no attribute 'timed_out_until'
Ignoring exception in on_member_update
Traceback (most recent call last):
  File "/usr/local/lib/python3.12/site-packages/discord/client.py", line 465, in _run_event
    await coro(*args, **kwargs)
  File "/app/asu_discord/cogs/analytics.py", line 652, in on_member_update
    before_timeout = before.timed_out_until
                     ^^^^^^^^^^^^^^^^^^^^^^
AttributeError: 'Member' object has no attribute 'timed_out_until'
Ignoring exception in on_member_update
Traceback (most recent call last):
  File "/usr/local/lib/python3.12/site-packages/discord/client.py", line 465, in _run_event
    await coro(*args, **kwargs)
  File "/app/asu_discord/cogs/analytics.py", line 652, in on_member_update
    before_timeout = before.timed_out_until
                     ^^^^^^^^^^^^^^^^^^^^^^
AttributeError: 'Member' object has no attribute 'timed_out_until'
Ignoring exception in on_member_update
Traceback (most recent call last):
  File "/usr/local/lib/python3.12/site-packages/discord/client.py", line 465, in _run_event
    await coro(*args, **kwargs)
  File "/app/asu_discord/cogs/analytics.py", line 652, in on_member_update
    before_timeout = before.timed_out_until
                     ^^^^^^^^^^^^^^^^^^^^^^
AttributeError: 'Member' object has no attribute 'timed_out_until'
Ignoring exception in on_member_update
Traceback (most recent call last):
  File "/usr/local/lib/python3.12/site-packages/discord/client.py", line 465, in _run_event
    await coro(*args, **kwargs)
  File "/app/asu_discord/cogs/analytics.py", line 652, in on_member_update
    before_timeout = before.timed_out_until
                     ^^^^^^^^^^^^^^^^^^^^^^
AttributeError: 'Member' object has no attribute 'timed_out_until'
ERROR:cron.jobs:refresh_salesforce_roles: failed for jjmasse2 (Discord ID 361641299465469954): Timed out refresh Salesforce-based roles
Ignoring exception in on_member_update
Traceback (most recent call last):
  File "/usr/local/lib/python3.12/site-packages/discord/client.py", line 465, in _run_event
    await coro(*args, **kwargs)
  File "/app/asu_discord/cogs/analytics.py", line 652, in on_member_update
    before_timeout = before.timed_out_until
                     ^^^^^^^^^^^^^^^^^^^^^^
AttributeError: 'Member' object has no attribute 'timed_out_until'
Ignoring exception in on_member_update
Traceback (most recent call last):
  File "/usr/local/lib/python3.12/site-packages/discord/client.py", line 465, in _run_event
    await coro(*args, **kwargs)
  File "/app/asu_discord/cogs/analytics.py", line 652, in on_member_update
    before_timeout = before.timed_out_until
                     ^^^^^^^^^^^^^^^^^^^^^^
AttributeError: 'Member' object has no attribute 'timed_out_until'
Ignoring exception in on_member_update
Traceback (most recent call last):
  File "/usr/local/lib/python3.12/site-packages/discord/client.py", line 465, in _run_event
    await coro(*args, **kwargs)
  File "/app/asu_discord/cogs/analytics.py", line 652, in on_member_update
    before_timeout = before.timed_out_until
                     ^^^^^^^^^^^^^^^^^^^^^^
AttributeError: 'Member' object has no attribute 'timed_out_until'
Ignoring exception in on_member_update
Traceback (most recent call last):
  File "/usr/local/lib/python3.12/site-packages/discord/client.py", line 465, in _run_event
    await coro(*args, **kwargs)
  File "/app/asu_discord/cogs/analytics.py", line 652, in on_member_update
    before_timeout = before.timed_out_until
                     ^^^^^^^^^^^^^^^^^^^^^^
AttributeError: 'Member' object has no attribute 'timed_out_until'
Ignoring exception in on_member_update
Traceback (most recent call last):
  File "/usr/local/lib/python3.12/site-packages/discord/client.py", line 465, in _run_event
    await coro(*args, **kwargs)
  File "/app/asu_discord/cogs/analytics.py", line 652, in on_member_update
    before_timeout = before.timed_out_until
                     ^^^^^^^^^^^^^^^^^^^^^^
AttributeError: 'Member' object has no attribute 'timed_out_until'
Ignoring exception in on_member_update
Traceback (most recent call last):
  File "/usr/local/lib/python3.12/site-packages/discord/client.py", line 465, in _run_event
    await coro(*args, **kwargs)
  File "/app/asu_discord/cogs/analytics.py", line 652, in on_member_update
    before_timeout = before.timed_out_until
                     ^^^^^^^^^^^^^^^^^^^^^^
AttributeError: 'Member' object has no attribute 'timed_out_until'
Ignoring exception in on_member_update
Traceback (most recent call last):
  File "/usr/local/lib/python3.12/site-packages/discord/client.py", line 465, in _run_event
    await coro(*args, **kwargs)
  File "/app/asu_discord/cogs/analytics.py", line 652, in on_member_update
    before_timeout = before.timed_out_until
                     ^^^^^^^^^^^^^^^^^^^^^^
AttributeError: 'Member' object has no attribute 'timed_out_until'
Ignoring exception in on_member_update
Traceback (most recent call last):
  File "/usr/local/lib/python3.12/site-packages/discord/client.py", line 465, in _run_event
    await coro(*args, **kwargs)
  File "/app/asu_discord/cogs/analytics.py", line 652, in on_member_update
    before_timeout = before.timed_out_until
                     ^^^^^^^^^^^^^^^^^^^^^^
AttributeError: 'Member' object has no attribute 'timed_out_until'
INFO:asu_discord.cogs.verification:Saved 4 roles to database for user jpcamp14 (Discord ID: 1522286002826248293)
INFO:asu_discord.cogs.verification:Refreshed Salesforce roles for Discord user 1522286002826248293: -4/+4 roles, assigned=[Arizona Resident, Tempe, Transfer Student, University College]
Ignoring exception in on_member_update
Traceback (most recent call last):
  File "/usr/local/lib/python3.12/site-packages/discord/client.py", line 465, in _run_event
    await coro(*args, **kwargs)
  File "/app/asu_discord/cogs/analytics.py", line 652, in on_member_update
    before_timeout = before.timed_out_until
                     ^^^^^^^^^^^^^^^^^^^^^^
AttributeError: 'Member' object has no attribute 'timed_out_until'
Ignoring exception in on_member_update
Traceback (most recent call last):
  File "/usr/local/lib/python3.12/site-packages/discord/client.py", line 465, in _run_event
    await coro(*args, **kwargs)
  File "/app/asu_discord/cogs/analytics.py", line 652, in on_member_update
    before_timeout = before.timed_out_until
                     ^^^^^^^^^^^^^^^^^^^^^^
AttributeError: 'Member' object has no attribute 'timed_out_until'
Ignoring exception in on_member_update
Traceback (most recent call last):
  File "/usr/local/lib/python3.12/site-packages/discord/client.py", line 465, in _run_event
    await coro(*args, **kwargs)
  File "/app/asu_discord/cogs/analytics.py", line 652, in on_member_update
    before_timeout = before.timed_out_until
                     ^^^^^^^^^^^^^^^^^^^^^^
AttributeError: 'Member' object has no attribute 'timed_out_until'
Ignoring exception in on_member_update
Traceback (most recent call last):
  File "/usr/local/lib/python3.12/site-packages/discord/client.py", line 465, in _run_event
    await coro(*args, **kwargs)
  File "/app/asu_discord/cogs/analytics.py", line 652, in on_member_update
    before_timeout = before.timed_out_until
                     ^^^^^^^^^^^^^^^^^^^^^^
AttributeError: 'Member' object has no attribute 'timed_out_until'
Ignoring exception in on_member_update
Traceback (most recent call last):
  File "/usr/local/lib/python3.12/site-packages/discord/client.py", line 465, in _run_event
    await coro(*args, **kwargs)
  File "/app/asu_discord/cogs/analytics.py", line 652, in on_member_update
    before_timeout = before.timed_out_until
                     ^^^^^^^^^^^^^^^^^^^^^^
AttributeError: 'Member' object has no attribute 'timed_out_until'
Ignoring exception in on_member_update
Traceback (most recent call last):
  File "/usr/local/lib/python3.12/site-packages/discord/client.py", line 465, in _run_event
    await coro(*args, **kwargs)
  File "/app/asu_discord/cogs/analytics.py", line 652, in on_member_update
    before_timeout = before.timed_out_until
                     ^^^^^^^^^^^^^^^^^^^^^^
AttributeError: 'Member' object has no attribute 'timed_out_until'
Ignoring exception in on_member_update
Traceback (most recent call last):
  File "/usr/local/lib/python3.12/site-packages/discord/client.py", line 465, in _run_event
    await coro(*args, **kwargs)
  File "/app/asu_discord/cogs/analytics.py", line 652, in on_member_update
    before_timeout = before.timed_out_until
                     ^^^^^^^^^^^^^^^^^^^^^^
AttributeError: 'Member' object has no attribute 'timed_out_until'
Ignoring exception in on_member_update
Traceback (most recent call last):
  File "/usr/local/lib/python3.12/site-packages/discord/client.py", line 465, in _run_event
    await coro(*args, **kwargs)
  File "/app/asu_discord/cogs/analytics.py", line 652, in on_member_update
    before_timeout = before.timed_out_until
                     ^^^^^^^^^^^^^^^^^^^^^^
AttributeError: 'Member' object has no attribute 'timed_out_until'
Ignoring exception in on_member_update
Traceback (most recent call last):
  File "/usr/local/lib/python3.12/site-packages/discord/client.py", line 465, in _run_event
    await coro(*args, **kwargs)
  File "/app/asu_discord/cogs/analytics.py", line 652, in on_member_update
    before_timeout = before.timed_out_until
                     ^^^^^^^^^^^^^^^^^^^^^^
AttributeError: 'Member' object has no attribute 'timed_out_until'
Ignoring exception in on_member_update
Traceback (most recent call last):
  File "/usr/local/lib/python3.12/site-packages/discord/client.py", line 465, in _run_event
    await coro(*args, **kwargs)
  File "/app/asu_discord/cogs/analytics.py", line 652, in on_member_update
    before_timeout = before.timed_out_until
                     ^^^^^^^^^^^^^^^^^^^^^^
AttributeError: 'Member' object has no attribute 'timed_out_until'
INFO:asu_discord.cogs.verification:Saved 5 roles to database for user hwiegand (Discord ID: 753738091491098754)
INFO:asu_discord.cogs.verification:Refreshed Salesforce roles for Discord user 753738091491098754: -5/+5 roles, assigned=[College of Liberal Arts and Sciences, First Generation Student, Graduate Student, Out of State, Tempe]
Ignoring exception in on_member_update
Traceback (most recent call last):
  File "/usr/local/lib/python3.12/site-packages/discord/client.py", line 465, in _run_event
    await coro(*args, **kwargs)
  File "/app/asu_discord/cogs/analytics.py", line 652, in on_member_update
    before_timeout = before.timed_out_until
                     ^^^^^^^^^^^^^^^^^^^^^^
AttributeError: 'Member' object has no attribute 'timed_out_until'
Ignoring exception in on_member_update
Traceback (most recent call last):
  File "/usr/local/lib/python3.12/site-packages/discord/client.py", line 465, in _run_event
    await coro(*args, **kwargs)
  File "/app/asu_discord/cogs/analytics.py", line 652, in on_member_update
    before_timeout = before.timed_out_until
                     ^^^^^^^^^^^^^^^^^^^^^^
AttributeError: 'Member' object has no attribute 'timed_out_until'
Ignoring exception in on_member_update
Traceback (most recent call last):
  File "/usr/local/lib/python3.12/site-packages/discord/client.py", line 465, in _run_event
    await coro(*args, **kwargs)
  File "/app/asu_discord/cogs/analytics.py", line 652, in on_member_update
    before_timeout = before.timed_out_until
                     ^^^^^^^^^^^^^^^^^^^^^^
AttributeError: 'Member' object has no attribute 'timed_out_until'
Ignoring exception in on_member_update
Traceback (most recent call last):
  File "/usr/local/lib/python3.12/site-packages/discord/client.py", line 465, in _run_event
    await coro(*args, **kwargs)
  File "/app/asu_discord/cogs/analytics.py", line 652, in on_member_update
    before_timeout = before.timed_out_until
                     ^^^^^^^^^^^^^^^^^^^^^^
AttributeError: 'Member' object has no attribute 'timed_out_until'
Ignoring exception in on_member_update
Traceback (most recent call last):
  File "/usr/local/lib/python3.12/site-packages/discord/client.py", line 465, in _run_event
    await coro(*args, **kwargs)
  File "/app/asu_discord/cogs/analytics.py", line 652, in on_member_update
    before_timeout = before.timed_out_until
                     ^^^^^^^^^^^^^^^^^^^^^^
AttributeError: 'Member' object has no attribute 'timed_out_until'
Ignoring exception in on_member_update
Traceback (most recent call last):
  File "/usr/local/lib/python3.12/site-packages/discord/client.py", line 465, in _run_event
    await coro(*args, **kwargs)
  File "/app/asu_discord/cogs/analytics.py", line 652, in on_member_update
    before_timeout = before.timed_out_until
                     ^^^^^^^^^^^^^^^^^^^^^^
AttributeError: 'Member' object has no attribute 'timed_out_until'
Ignoring exception in on_member_update
Traceback (most recent call last):
  File "/usr/local/lib/python3.12/site-packages/discord/client.py", line 465, in _run_event
    await coro(*args, **kwargs)
  File "/app/asu_discord/cogs/analytics.py", line 652, in on_member_update
    before_timeout = before.timed_out_until
                     ^^^^^^^^^^^^^^^^^^^^^^
AttributeError: 'Member' object has no attribute 'timed_out_until'
Ignoring exception in on_member_update
Traceback (most recent call last):
  File "/usr/local/lib/python3.12/site-packages/discord/client.py", line 465, in _run_event
    await coro(*args, **kwargs)
  File "/app/asu_discord/cogs/analytics.py", line 652, in on_member_update
    before_timeout = before.timed_out_until
                     ^^^^^^^^^^^^^^^^^^^^^^
AttributeError: 'Member' object has no attribute 'timed_out_until'
Ignoring exception in on_member_update
Traceback (most recent call last):
  File "/usr/local/lib/python3.12/site-packages/discord/client.py", line 465, in _run_event
    await coro(*args, **kwargs)
  File "/app/asu_discord/cogs/analytics.py", line 652, in on_member_update
    before_timeout = before.timed_out_until
                     ^^^^^^^^^^^^^^^^^^^^^^
AttributeError: 'Member' object has no attribute 'timed_out_until'
Ignoring exception in on_member_update
Traceback (most recent call last):
  File "/usr/local/lib/python3.12/site-packages/discord/client.py", line 465, in _run_event
    await coro(*args, **kwargs)
  File "/app/asu_discord/cogs/analytics.py", line 652, in on_member_update
    before_timeout = before.timed_out_until
                     ^^^^^^^^^^^^^^^^^^^^^^
AttributeError: 'Member' object has no attribute 'timed_out_until'
Ignoring exception in on_member_update
Traceback (most recent call last):
  File "/usr/local/lib/python3.12/site-packages/discord/client.py", line 465, in _run_event
    await coro(*args, **kwargs)
  File "/app/asu_discord/cogs/analytics.py", line 652, in on_member_update
    before_timeout = before.timed_out_until
                     ^^^^^^^^^^^^^^^^^^^^^^
AttributeError: 'Member' object has no attribute 'timed_out_until'
Ignoring exception in on_member_update
Traceback (most recent call last):
  File "/usr/local/lib/python3.12/site-packages/discord/client.py", line 465, in _run_event
    await coro(*args, **kwargs)
  File "/app/asu_discord/cogs/analytics.py", line 652, in on_member_update
    before_timeout = before.timed_out_until
                     ^^^^^^^^^^^^^^^^^^^^^^
AttributeError: 'Member' object has no attribute 'timed_out_until'
INFO:asu_discord.cogs.verification:Saved 6 roles to database for user jhcookse (Discord ID: 998677570306453614)
INFO:asu_discord.cogs.verification:Refreshed Salesforce roles for Discord user 998677570306453614: -6/+6 roles, assigned=[Commited, First Year, Ira A. Fulton Schools of Engineering, Out of State, Tempe, Upperclassmen]
Ignoring exception in on_member_update
Traceback (most recent call last):
  File "/usr/local/lib/python3.12/site-packages/discord/client.py", line 465, in _run_event
    await coro(*args, **kwargs)
  File "/app/asu_discord/cogs/analytics.py", line 652, in on_member_update
    before_timeout = before.timed_out_until
                     ^^^^^^^^^^^^^^^^^^^^^^
AttributeError: 'Member' object has no attribute 'timed_out_until'
Ignoring exception in on_member_update
Traceback (most recent call last):
  File "/usr/local/lib/python3.12/site-packages/discord/client.py", line 465, in _run_event
    await coro(*args, **kwargs)
  File "/app/asu_discord/cogs/analytics.py", line 652, in on_member_update
    before_timeout = before.timed_out_until
                     ^^^^^^^^^^^^^^^^^^^^^^
AttributeError: 'Member' object has no attribute 'timed_out_until'
Ignoring exception in on_member_update
Traceback (most recent call last):
  File "/usr/local/lib/python3.12/site-packages/discord/client.py", line 465, in _run_event
    await coro(*args, **kwargs)
  File "/app/asu_discord/cogs/analytics.py", line 652, in on_member_update
    before_timeout = before.timed_out_until
                     ^^^^^^^^^^^^^^^^^^^^^^
AttributeError: 'Member' object has no attribute 'timed_out_until'
Ignoring exception in on_member_update
Traceback (most recent call last):
  File "/usr/local/lib/python3.12/site-packages/discord/client.py", line 465, in _run_event
    await coro(*args, **kwargs)
  File "/app/asu_discord/cogs/analytics.py", line 652, in on_member_update
    before_timeout = before.timed_out_until
                     ^^^^^^^^^^^^^^^^^^^^^^
AttributeError: 'Member' object has no attribute 'timed_out_until'
Ignoring exception in on_member_update
Traceback (most recent call last):
  File "/usr/local/lib/python3.12/site-packages/discord/client.py", line 465, in _run_event
    await coro(*args, **kwargs)
  File "/app/asu_discord/cogs/analytics.py", line 652, in on_member_update
    before_timeout = before.timed_out_until
                     ^^^^^^^^^^^^^^^^^^^^^^
AttributeError: 'Member' object has no attribute 'timed_out_until'
Ignoring exception in on_member_update
Traceback (most recent call last):
  File "/usr/local/lib/python3.12/site-packages/discord/client.py", line 465, in _run_event
    await coro(*args, **kwargs)
  File "/app/asu_discord/cogs/analytics.py", line 652, in on_member_update
    before_timeout = before.timed_out_until
                     ^^^^^^^^^^^^^^^^^^^^^^
AttributeError: 'Member' object has no attribute 'timed_out_until'
Ignoring exception in on_member_update
Traceback (most recent call last):
  File "/usr/local/lib/python3.12/site-packages/discord/client.py", line 465, in _run_event
    await coro(*args, **kwargs)
  File "/app/asu_discord/cogs/analytics.py", line 652, in on_member_update
    before_timeout = before.timed_out_until
                     ^^^^^^^^^^^^^^^^^^^^^^
AttributeError: 'Member' object has no attribute 'timed_out_until'
Ignoring exception in on_member_update
Traceback (most recent call last):
  File "/usr/local/lib/python3.12/site-packages/discord/client.py", line 465, in _run_event
    await coro(*args, **kwargs)
  File "/app/asu_discord/cogs/analytics.py", line 652, in on_member_update
    before_timeout = before.timed_out_until
                     ^^^^^^^^^^^^^^^^^^^^^^
AttributeError: 'Member' object has no attribute 'timed_out_until'
Ignoring exception in on_member_update
Traceback (most recent call last):
  File "/usr/local/lib/python3.12/site-packages/discord/client.py", line 465, in _run_event
    await coro(*args, **kwargs)
  File "/app/asu_discord/cogs/analytics.py", line 652, in on_member_update
    before_timeout = before.timed_out_until
                     ^^^^^^^^^^^^^^^^^^^^^^
AttributeError: 'Member' object has no attribute 'timed_out_until'
Ignoring exception in on_member_update
Traceback (most recent call last):
  File "/usr/local/lib/python3.12/site-packages/discord/client.py", line 465, in _run_event
    await coro(*args, **kwargs)
  File "/app/asu_discord/cogs/analytics.py", line 652, in on_member_update
    before_timeout = before.timed_out_until
                     ^^^^^^^^^^^^^^^^^^^^^^
AttributeError: 'Member' object has no attribute 'timed_out_until'
INFO:asu_discord.cogs.verification:Saved 5 roles to database for user drwise (Discord ID: 1138242208928116857)
INFO:asu_discord.cogs.verification:Refreshed Salesforce roles for Discord user 1138242208928116857: -5/+5 roles, assigned=[College of Integrative Sciences and Arts, Commited, First Year, Out of State, West Valley]
Ignoring exception in on_member_update
Traceback (most recent call last):
  File "/usr/local/lib/python3.12/site-packages/discord/client.py", line 465, in _run_event
    await coro(*args, **kwargs)
  File "/app/asu_discord/cogs/analytics.py", line 652, in on_member_update
    before_timeout = before.timed_out_until
                     ^^^^^^^^^^^^^^^^^^^^^^
AttributeError: 'Member' object has no attribute 'timed_out_until'
Ignoring exception in on_member_update
Traceback (most recent call last):
  File "/usr/local/lib/python3.12/site-packages/discord/client.py", line 465, in _run_event
    await coro(*args, **kwargs)
  File "/app/asu_discord/cogs/analytics.py", line 652, in on_member_update
    before_timeout = before.timed_out_until
                     ^^^^^^^^^^^^^^^^^^^^^^
AttributeError: 'Member' object has no attribute 'timed_out_until'
Ignoring exception in on_member_update
Traceback (most recent call last):
  File "/usr/local/lib/python3.12/site-packages/discord/client.py", line 465, in _run_event
    await coro(*args, **kwargs)
  File "/app/asu_discord/cogs/analytics.py", line 652, in on_member_update
    before_timeout = before.timed_out_until
                     ^^^^^^^^^^^^^^^^^^^^^^
AttributeError: 'Member' object has no attribute 'timed_out_until'
Ignoring exception in on_member_update
Traceback (most recent call last):
  File "/usr/local/lib/python3.12/site-packages/discord/client.py", line 465, in _run_event
    await coro(*args, **kwargs)
  File "/app/asu_discord/cogs/analytics.py", line 652, in on_member_update
    before_timeout = before.timed_out_until
                     ^^^^^^^^^^^^^^^^^^^^^^
AttributeError: 'Member' object has no attribute 'timed_out_until'
Ignoring exception in on_member_update
Traceback (most recent call last):
  File "/usr/local/lib/python3.12/site-packages/discord/client.py", line 465, in _run_event
    await coro(*args, **kwargs)
  File "/app/asu_discord/cogs/analytics.py", line 652, in on_member_update
    before_timeout = before.timed_out_until
                     ^^^^^^^^^^^^^^^^^^^^^^
AttributeError: 'Member' object has no attribute 'timed_out_until'
Ignoring exception in on_member_update
Traceback (most recent call last):
  File "/usr/local/lib/python3.12/site-packages/discord/client.py", line 465, in _run_event
    await coro(*args, **kwargs)
  File "/app/asu_discord/cogs/analytics.py", line 652, in on_member_update
    before_timeout = before.timed_out_until
                     ^^^^^^^^^^^^^^^^^^^^^^
AttributeError: 'Member' object has no attribute 'timed_out_until'
Ignoring exception in on_member_update
Traceback (most recent call last):
  File "/usr/local/lib/python3.12/site-packages/discord/client.py", line 465, in _run_event
    await coro(*args, **kwargs)
  File "/app/asu_discord/cogs/analytics.py", line 652, in on_member_update
    before_timeout = before.timed_out_until
                     ^^^^^^^^^^^^^^^^^^^^^^
AttributeError: 'Member' object has no attribute 'timed_out_until'
Ignoring exception in on_member_update
Traceback (most recent call last):
  File "/usr/local/lib/python3.12/site-packages/discord/client.py", line 465, in _run_event
    await coro(*args, **kwargs)
  File "/app/asu_discord/cogs/analytics.py", line 652, in on_member_update
    before_timeout = before.timed_out_until
                     ^^^^^^^^^^^^^^^^^^^^^^
AttributeError: 'Member' object has no attribute 'timed_out_until'
Ignoring exception in on_member_update
Traceback (most recent call last):
  File "/usr/local/lib/python3.12/site-packages/discord/client.py", line 465, in _run_event
    await coro(*args, **kwargs)
  File "/app/asu_discord/cogs/analytics.py", line 652, in on_member_update
    before_timeout = before.timed_out_until
                     ^^^^^^^^^^^^^^^^^^^^^^
AttributeError: 'Member' object has no attribute 'timed_out_until'
Ignoring exception in on_member_update
Traceback (most recent call last):
  File "/usr/local/lib/python3.12/site-packages/discord/client.py", line 465, in _run_event
    await coro(*args, **kwargs)
  File "/app/asu_discord/cogs/analytics.py", line 652, in on_member_update
    before_timeout = before.timed_out_until
                     ^^^^^^^^^^^^^^^^^^^^^^
AttributeError: 'Member' object has no attribute 'timed_out_until'
INFO:asu_discord.cogs.verification:Saved 5 roles to database for user mrosigno (Discord ID: 451232717120471072)
INFO:asu_discord.cogs.verification:Refreshed Salesforce roles for Discord user 451232717120471072: -5/+5 roles, assigned=[Arizona Resident, Commited, First Year, Tempe, W.P. Carey School of Business]
Ignoring exception in on_member_update
Traceback (most recent call last):
  File "/usr/local/lib/python3.12/site-packages/discord/client.py", line 465, in _run_event
    await coro(*args, **kwargs)
  File "/app/asu_discord/cogs/analytics.py", line 652, in on_member_update
    before_timeout = before.timed_out_until
                     ^^^^^^^^^^^^^^^^^^^^^^
AttributeError: 'Member' object has no attribute 'timed_out_until'
Ignoring exception in on_member_update
Traceback (most recent call last):
  File "/usr/local/lib/python3.12/site-packages/discord/client.py", line 465, in _run_event
    await coro(*args, **kwargs)
  File "/app/asu_discord/cogs/analytics.py", line 652, in on_member_update
    before_timeout = before.timed_out_until
                     ^^^^^^^^^^^^^^^^^^^^^^
AttributeError: 'Member' object has no attribute 'timed_out_until'
Ignoring exception in on_member_update
Traceback (most recent call last):
  File "/usr/local/lib/python3.12/site-packages/discord/client.py", line 465, in _run_event
    await coro(*args, **kwargs)
  File "/app/asu_discord/cogs/analytics.py", line 652, in on_member_update
    before_timeout = before.timed_out_until
                     ^^^^^^^^^^^^^^^^^^^^^^
AttributeError: 'Member' object has no attribute 'timed_out_until'
Ignoring exception in on_member_update
Traceback (most recent call last):
  File "/usr/local/lib/python3.12/site-packages/discord/client.py", line 465, in _run_event
    await coro(*args, **kwargs)
  File "/app/asu_discord/cogs/analytics.py", line 652, in on_member_update
    before_timeout = before.timed_out_until
                     ^^^^^^^^^^^^^^^^^^^^^^
AttributeError: 'Member' object has no attribute 'timed_out_until'
Ignoring exception in on_member_update
Traceback (most recent call last):
  File "/usr/local/lib/python3.12/site-packages/discord/client.py", line 465, in _run_event
    await coro(*args, **kwargs)
  File "/app/asu_discord/cogs/analytics.py", line 652, in on_member_update
    before_timeout = before.timed_out_until
                     ^^^^^^^^^^^^^^^^^^^^^^
AttributeError: 'Member' object has no attribute 'timed_out_until'
Ignoring exception in on_member_update
Traceback (most recent call last):
  File "/usr/local/lib/python3.12/site-packages/discord/client.py", line 465, in _run_event
    await coro(*args, **kwargs)
  File "/app/asu_discord/cogs/analytics.py", line 652, in on_member_update
    before_timeout = before.timed_out_until
                     ^^^^^^^^^^^^^^^^^^^^^^
AttributeError: 'Member' object has no attribute 'timed_out_until'
Ignoring exception in on_member_update
Traceback (most recent call last):
  File "/usr/local/lib/python3.12/site-packages/discord/client.py", line 465, in _run_event
    await coro(*args, **kwargs)
  File "/app/asu_discord/cogs/analytics.py", line 652, in on_member_update
    before_timeout = before.timed_out_until
                     ^^^^^^^^^^^^^^^^^^^^^^
AttributeError: 'Member' object has no attribute 'timed_out_until'
Ignoring exception in on_member_update
Traceback (most recent call last):
  File "/usr/local/lib/python3.12/site-packages/discord/client.py", line 465, in _run_event
    await coro(*args, **kwargs)
  File "/app/asu_discord/cogs/analytics.py", line 652, in on_member_update
    before_timeout = before.timed_out_until
                     ^^^^^^^^^^^^^^^^^^^^^^
AttributeError: 'Member' object has no attribute 'timed_out_until'
Ignoring exception in on_member_update
Traceback (most recent call last):
  File "/usr/local/lib/python3.12/site-packages/discord/client.py", line 465, in _run_event
    await coro(*args, **kwargs)
  File "/app/asu_discord/cogs/analytics.py", line 652, in on_member_update
    before_timeout = before.timed_out_until
                     ^^^^^^^^^^^^^^^^^^^^^^
AttributeError: 'Member' object has no attribute 'timed_out_until'
Ignoring exception in on_member_update
Traceback (most recent call last):
  File "/usr/local/lib/python3.12/site-packages/discord/client.py", line 465, in _run_event
    await coro(*args, **kwargs)
  File "/app/asu_discord/cogs/analytics.py", line 652, in on_member_update
    before_timeout = before.timed_out_until
                     ^^^^^^^^^^^^^^^^^^^^^^
AttributeError: 'Member' object has no attribute 'timed_out_until'
INFO:asu_discord.cogs.verification:Saved 5 roles to database for user lincoln2 (Discord ID: 1122003763364892684)
INFO:asu_discord.cogs.verification:Refreshed Salesforce roles for Discord user 1122003763364892684: -5/+5 roles, assigned=[Arizona Resident, Commited, First Year, Ira A. Fulton Schools of Engineering, Tempe]
Ignoring exception in on_member_update
Traceback (most recent call last):
  File "/usr/local/lib/python3.12/site-packages/discord/client.py", line 465, in _run_event
    await coro(*args, **kwargs)
  File "/app/asu_discord/cogs/analytics.py", line 652, in on_member_update
    before_timeout = before.timed_out_until
                     ^^^^^^^^^^^^^^^^^^^^^^
AttributeError: 'Member' object has no attribute 'timed_out_until'
Ignoring exception in on_member_update
Traceback (most recent call last):
  File "/usr/local/lib/python3.12/site-packages/discord/client.py", line 465, in _run_event
    await coro(*args, **kwargs)
  File "/app/asu_discord/cogs/analytics.py", line 652, in on_member_update
    before_timeout = before.timed_out_until
                     ^^^^^^^^^^^^^^^^^^^^^^
AttributeError: 'Member' object has no attribute 'timed_out_until'
Ignoring exception in on_member_update
Traceback (most recent call last):
  File "/usr/local/lib/python3.12/site-packages/discord/client.py", line 465, in _run_event
    await coro(*args, **kwargs)
  File "/app/asu_discord/cogs/analytics.py", line 652, in on_member_update
    before_timeout = before.timed_out_until
                     ^^^^^^^^^^^^^^^^^^^^^^
AttributeError: 'Member' object has no attribute 'timed_out_until'
Ignoring exception in on_member_update
Traceback (most recent call last):
  File "/usr/local/lib/python3.12/site-packages/discord/client.py", line 465, in _run_event
    await coro(*args, **kwargs)
  File "/app/asu_discord/cogs/analytics.py", line 652, in on_member_update
    before_timeout = before.timed_out_until
                     ^^^^^^^^^^^^^^^^^^^^^^
AttributeError: 'Member' object has no attribute 'timed_out_until'
Ignoring exception in on_member_update
Traceback (most recent call last):
  File "/usr/local/lib/python3.12/site-packages/discord/client.py", line 465, in _run_event
    await coro(*args, **kwargs)
  File "/app/asu_discord/cogs/analytics.py", line 652, in on_member_update
    before_timeout = before.timed_out_until
                     ^^^^^^^^^^^^^^^^^^^^^^
AttributeError: 'Member' object has no attribute 'timed_out_until'
Ignoring exception in on_member_update
Traceback (most recent call last):
  File "/usr/local/lib/python3.12/site-packages/discord/client.py", line 465, in _run_event
    await coro(*args, **kwargs)
  File "/app/asu_discord/cogs/analytics.py", line 652, in on_member_update
    before_timeout = before.timed_out_until
                     ^^^^^^^^^^^^^^^^^^^^^^
AttributeError: 'Member' object has no attribute 'timed_out_until'
Ignoring exception in on_member_update
Traceback (most recent call last):
  File "/usr/local/lib/python3.12/site-packages/discord/client.py", line 465, in _run_event
    await coro(*args, **kwargs)
  File "/app/asu_discord/cogs/analytics.py", line 652, in on_member_update
    before_timeout = before.timed_out_until
                     ^^^^^^^^^^^^^^^^^^^^^^
AttributeError: 'Member' object has no attribute 'timed_out_until'
Ignoring exception in on_member_update
Traceback (most recent call last):
  File "/usr/local/lib/python3.12/site-packages/discord/client.py", line 465, in _run_event
    await coro(*args, **kwargs)
  File "/app/asu_discord/cogs/analytics.py", line 652, in on_member_update
    before_timeout = before.timed_out_until
                     ^^^^^^^^^^^^^^^^^^^^^^
AttributeError: 'Member' object has no attribute 'timed_out_until'
INFO:asu_discord.cogs.verification:Saved 4 roles to database for user rsalzami (Discord ID: 1241316121286676513)
INFO:asu_discord.cogs.verification:Refreshed Salesforce roles for Discord user 1241316121286676513: -4/+4 roles, assigned=[First Year, International Student, Ira A. Fulton Schools of Engineering, Tempe]
Ignoring exception in on_member_update
Traceback (most recent call last):
  File "/usr/local/lib/python3.12/site-packages/discord/client.py", line 465, in _run_event
    await coro(*args, **kwargs)
  File "/app/asu_discord/cogs/analytics.py", line 652, in on_member_update
    before_timeout = before.timed_out_until
                     ^^^^^^^^^^^^^^^^^^^^^^
AttributeError: 'Member' object has no attribute 'timed_out_until'
Ignoring exception in on_member_update
Traceback (most recent call last):
  File "/usr/local/lib/python3.12/site-packages/discord/client.py", line 465, in _run_event
    await coro(*args, **kwargs)
  File "/app/asu_discord/cogs/analytics.py", line 652, in on_member_update
    before_timeout = before.timed_out_until
                     ^^^^^^^^^^^^^^^^^^^^^^
AttributeError: 'Member' object has no attribute 'timed_out_until'
Ignoring exception in on_member_update
Traceback (most recent call last):
  File "/usr/local/lib/python3.12/site-packages/discord/client.py", line 465, in _run_event
    await coro(*args, **kwargs)
  File "/app/asu_discord/cogs/analytics.py", line 652, in on_member_update
    before_timeout = before.timed_out_until
                     ^^^^^^^^^^^^^^^^^^^^^^
AttributeError: 'Member' object has no attribute 'timed_out_until'
Ignoring exception in on_member_update
Traceback (most recent call last):
  File "/usr/local/lib/python3.12/site-packages/discord/client.py", line 465, in _run_event
    await coro(*args, **kwargs)
  File "/app/asu_discord/cogs/analytics.py", line 652, in on_member_update
    before_timeout = before.timed_out_until
                     ^^^^^^^^^^^^^^^^^^^^^^
AttributeError: 'Member' object has no attribute 'timed_out_until'
Ignoring exception in on_member_update
Traceback (most recent call last):
  File "/usr/local/lib/python3.12/site-packages/discord/client.py", line 465, in _run_event
    await coro(*args, **kwargs)
  File "/app/asu_discord/cogs/analytics.py", line 652, in on_member_update
    before_timeout = before.timed_out_until
                     ^^^^^^^^^^^^^^^^^^^^^^
AttributeError: 'Member' object has no attribute 'timed_out_until'
Ignoring exception in on_member_update
Traceback (most recent call last):
  File "/usr/local/lib/python3.12/site-packages/discord/client.py", line 465, in _run_event
    await coro(*args, **kwargs)
  File "/app/asu_discord/cogs/analytics.py", line 652, in on_member_update
    before_timeout = before.timed_out_until
                     ^^^^^^^^^^^^^^^^^^^^^^
AttributeError: 'Member' object has no attribute 'timed_out_until'
Ignoring exception in on_member_update
Traceback (most recent call last):
  File "/usr/local/lib/python3.12/site-packages/discord/client.py", line 465, in _run_event
    await coro(*args, **kwargs)
  File "/app/asu_discord/cogs/analytics.py", line 652, in on_member_update
    before_timeout = before.timed_out_until
                     ^^^^^^^^^^^^^^^^^^^^^^
AttributeError: 'Member' object has no attribute 'timed_out_until'
Ignoring exception in on_member_update
Traceback (most recent call last):
  File "/usr/local/lib/python3.12/site-packages/discord/client.py", line 465, in _run_event
    await coro(*args, **kwargs)
  File "/app/asu_discord/cogs/analytics.py", line 652, in on_member_update
    before_timeout = before.timed_out_until
                     ^^^^^^^^^^^^^^^^^^^^^^
AttributeError: 'Member' object has no attribute 'timed_out_until'
Ignoring exception in on_member_update
Traceback (most recent call last):
  File "/usr/local/lib/python3.12/site-packages/discord/client.py", line 465, in _run_event
    await coro(*args, **kwargs)
  File "/app/asu_discord/cogs/analytics.py", line 652, in on_member_update
    before_timeout = before.timed_out_until
                     ^^^^^^^^^^^^^^^^^^^^^^
AttributeError: 'Member' object has no attribute 'timed_out_until'
Ignoring exception in on_member_update
Traceback (most recent call last):
  File "/usr/local/lib/python3.12/site-packages/discord/client.py", line 465, in _run_event
    await coro(*args, **kwargs)
  File "/app/asu_discord/cogs/analytics.py", line 652, in on_member_update
    before_timeout = before.timed_out_until
                     ^^^^^^^^^^^^^^^^^^^^^^
AttributeError: 'Member' object has no attribute 'timed_out_until'
INFO:asu_discord.cogs.verification:Saved 5 roles to database for user tambroi1 (Discord ID: 900353634494201886)
INFO:asu_discord.cogs.verification:Refreshed Salesforce roles for Discord user 900353634494201886: -5/+5 roles, assigned=[Commited, First Year, International Student, Ira A. Fulton Schools of Engineering, Tempe]
Ignoring exception in on_member_update
Traceback (most recent call last):
  File "/usr/local/lib/python3.12/site-packages/discord/client.py", line 465, in _run_event
    await coro(*args, **kwargs)
  File "/app/asu_discord/cogs/analytics.py", line 652, in on_member_update
    before_timeout = before.timed_out_until
                     ^^^^^^^^^^^^^^^^^^^^^^
AttributeError: 'Member' object has no attribute 'timed_out_until'
Ignoring exception in on_member_update
Traceback (most recent call last):
  File "/usr/local/lib/python3.12/site-packages/discord/client.py", line 465, in _run_event
    await coro(*args, **kwargs)
  File "/app/asu_discord/cogs/analytics.py", line 652, in on_member_update
    before_timeout = before.timed_out_until
                     ^^^^^^^^^^^^^^^^^^^^^^
AttributeError: 'Member' object has no attribute 'timed_out_until'
Ignoring exception in on_member_update
Traceback (most recent call last):
  File "/usr/local/lib/python3.12/site-packages/discord/client.py", line 465, in _run_event
    await coro(*args, **kwargs)
  File "/app/asu_discord/cogs/analytics.py", line 652, in on_member_update
    before_timeout = before.timed_out_until
                     ^^^^^^^^^^^^^^^^^^^^^^
AttributeError: 'Member' object has no attribute 'timed_out_until'
Ignoring exception in on_member_update
Traceback (most recent call last):
  File "/usr/local/lib/python3.12/site-packages/discord/client.py", line 465, in _run_event
    await coro(*args, **kwargs)
  File "/app/asu_discord/cogs/analytics.py", line 652, in on_member_update
    before_timeout = before.timed_out_until
                     ^^^^^^^^^^^^^^^^^^^^^^
AttributeError: 'Member' object has no attribute 'timed_out_until'
Ignoring exception in on_member_update
Traceback (most recent call last):
  File "/usr/local/lib/python3.12/site-packages/discord/client.py", line 465, in _run_event
    await coro(*args, **kwargs)
  File "/app/asu_discord/cogs/analytics.py", line 652, in on_member_update
    before_timeout = before.timed_out_until
                     ^^^^^^^^^^^^^^^^^^^^^^
AttributeError: 'Member' object has no attribute 'timed_out_until'
Ignoring exception in on_member_update
Traceback (most recent call last):
  File "/usr/local/lib/python3.12/site-packages/discord/client.py", line 465, in _run_event
    await coro(*args, **kwargs)
  File "/app/asu_discord/cogs/analytics.py", line 652, in on_member_update
    before_timeout = before.timed_out_until
                     ^^^^^^^^^^^^^^^^^^^^^^
AttributeError: 'Member' object has no attribute 'timed_out_until'
Ignoring exception in on_member_update
Traceback (most recent call last):
  File "/usr/local/lib/python3.12/site-packages/discord/client.py", line 465, in _run_event
    await coro(*args, **kwargs)
  File "/app/asu_discord/cogs/analytics.py", line 652, in on_member_update
    before_timeout = before.timed_out_until
                     ^^^^^^^^^^^^^^^^^^^^^^
AttributeError: 'Member' object has no attribute 'timed_out_until'
Ignoring exception in on_member_update
Traceback (most recent call last):
  File "/usr/local/lib/python3.12/site-packages/discord/client.py", line 465, in _run_event
    await coro(*args, **kwargs)
  File "/app/asu_discord/cogs/analytics.py", line 652, in on_member_update
    before_timeout = before.timed_out_until
                     ^^^^^^^^^^^^^^^^^^^^^^
AttributeError: 'Member' object has no attribute 'timed_out_until'
Ignoring exception in on_member_update
Traceback (most recent call last):
  File "/usr/local/lib/python3.12/site-packages/discord/client.py", line 465, in _run_event
    await coro(*args, **kwargs)
  File "/app/asu_discord/cogs/analytics.py", line 652, in on_member_update
    before_timeout = before.timed_out_until
                     ^^^^^^^^^^^^^^^^^^^^^^
AttributeError: 'Member' object has no attribute 'timed_out_until'
Ignoring exception in on_member_update
Traceback (most recent call last):
  File "/usr/local/lib/python3.12/site-packages/discord/client.py", line 465, in _run_event
    await coro(*args, **kwargs)
  File "/app/asu_discord/cogs/analytics.py", line 652, in on_member_update
    before_timeout = before.timed_out_until
                     ^^^^^^^^^^^^^^^^^^^^^^
AttributeError: 'Member' object has no attribute 'timed_out_until'
INFO:asu_discord.cogs.verification:Saved 5 roles to database for user deimhoff (Discord ID: 1163196572268507336)
INFO:asu_discord.cogs.verification:Refreshed Salesforce roles for Discord user 1163196572268507336: -5/+5 roles, assigned=[Arizona Resident, Commited, First Year, New College of Interdisciplinary Arts and Sciences, West Valley]
Ignoring exception in on_member_update
Traceback (most recent call last):
  File "/usr/local/lib/python3.12/site-packages/discord/client.py", line 465, in _run_event
    await coro(*args, **kwargs)
  File "/app/asu_discord/cogs/analytics.py", line 652, in on_member_update
    before_timeout = before.timed_out_until
                     ^^^^^^^^^^^^^^^^^^^^^^
AttributeError: 'Member' object has no attribute 'timed_out_until'
Ignoring exception in on_member_update
Traceback (most recent call last):
  File "/usr/local/lib/python3.12/site-packages/discord/client.py", line 465, in _run_event
    await coro(*args, **kwargs)
  File "/app/asu_discord/cogs/analytics.py", line 652, in on_member_update
    before_timeout = before.timed_out_until
                     ^^^^^^^^^^^^^^^^^^^^^^
AttributeError: 'Member' object has no attribute 'timed_out_until'
Ignoring exception in on_member_update
Traceback (most recent call last):
  File "/usr/local/lib/python3.12/site-packages/discord/client.py", line 465, in _run_event
    await coro(*args, **kwargs)
  File "/app/asu_discord/cogs/analytics.py", line 652, in on_member_update
    before_timeout = before.timed_out_until
                     ^^^^^^^^^^^^^^^^^^^^^^
AttributeError: 'Member' object has no attribute 'timed_out_until'
Ignoring exception in on_member_update
Traceback (most recent call last):
  File "/usr/local/lib/python3.12/site-packages/discord/client.py", line 465, in _run_event
    await coro(*args, **kwargs)
  File "/app/asu_discord/cogs/analytics.py", line 652, in on_member_update
    before_timeout = before.timed_out_until
                     ^^^^^^^^^^^^^^^^^^^^^^
AttributeError: 'Member' object has no attribute 'timed_out_until'
Ignoring exception in on_member_update
Traceback (most recent call last):
  File "/usr/local/lib/python3.12/site-packages/discord/client.py", line 465, in _run_event
    await coro(*args, **kwargs)
  File "/app/asu_discord/cogs/analytics.py", line 652, in on_member_update
    before_timeout = before.timed_out_until
                     ^^^^^^^^^^^^^^^^^^^^^^
AttributeError: 'Member' object has no attribute 'timed_out_until'
Ignoring exception in on_member_update
Traceback (most recent call last):
  File "/usr/local/lib/python3.12/site-packages/discord/client.py", line 465, in _run_event
    await coro(*args, **kwargs)
  File "/app/asu_discord/cogs/analytics.py", line 652, in on_member_update
    before_timeout = before.timed_out_until
                     ^^^^^^^^^^^^^^^^^^^^^^
AttributeError: 'Member' object has no attribute 'timed_out_until'
Ignoring exception in on_member_update
Traceback (most recent call last):
  File "/usr/local/lib/python3.12/site-packages/discord/client.py", line 465, in _run_event
    await coro(*args, **kwargs)
  File "/app/asu_discord/cogs/analytics.py", line 652, in on_member_update
    before_timeout = before.timed_out_until
                     ^^^^^^^^^^^^^^^^^^^^^^
AttributeError: 'Member' object has no attribute 'timed_out_until'
Ignoring exception in on_member_update
Traceback (most recent call last):
  File "/usr/local/lib/python3.12/site-packages/discord/client.py", line 465, in _run_event
    await coro(*args, **kwargs)
  File "/app/asu_discord/cogs/analytics.py", line 652, in on_member_update
    before_timeout = before.timed_out_until
                     ^^^^^^^^^^^^^^^^^^^^^^
AttributeError: 'Member' object has no attribute 'timed_out_until'
Ignoring exception in on_member_update
Traceback (most recent call last):
  File "/usr/local/lib/python3.12/site-packages/discord/client.py", line 465, in _run_event
    await coro(*args, **kwargs)
  File "/app/asu_discord/cogs/analytics.py", line 652, in on_member_update
    before_timeout = before.timed_out_until
                     ^^^^^^^^^^^^^^^^^^^^^^
AttributeError: 'Member' object has no attribute 'timed_out_until'
INFO:asu_discord.cogs.verification:Saved 5 roles to database for user cchan155 (Discord ID: 666975958904864817)
INFO:asu_discord.cogs.verification:Refreshed Salesforce roles for Discord user 666975958904864817: -4/+5 roles, assigned=[Commited, Graduate Student, International Student, Ira A. Fulton Schools of Engineering, Tempe]
Ignoring exception in on_member_update
Traceback (most recent call last):
  File "/usr/local/lib/python3.12/site-packages/discord/client.py", line 465, in _run_event
    await coro(*args, **kwargs)
  File "/app/asu_discord/cogs/analytics.py", line 652, in on_member_update
    before_timeout = before.timed_out_until
                     ^^^^^^^^^^^^^^^^^^^^^^
AttributeError: 'Member' object has no attribute 'timed_out_until'
Ignoring exception in on_member_update
Traceback (most recent call last):
  File "/usr/local/lib/python3.12/site-packages/discord/client.py", line 465, in _run_event
    await coro(*args, **kwargs)
  File "/app/asu_discord/cogs/analytics.py", line 652, in on_member_update
    before_timeout = before.timed_out_until
                     ^^^^^^^^^^^^^^^^^^^^^^
AttributeError: 'Member' object has no attribute 'timed_out_until'
Ignoring exception in on_member_update
Traceback (most recent call last):
  File "/usr/local/lib/python3.12/site-packages/discord/client.py", line 465, in _run_event
    await coro(*args, **kwargs)
  File "/app/asu_discord/cogs/analytics.py", line 652, in on_member_update
    before_timeout = before.timed_out_until
                     ^^^^^^^^^^^^^^^^^^^^^^
AttributeError: 'Member' object has no attribute 'timed_out_until'
Ignoring exception in on_member_update
Traceback (most recent call last):
  File "/usr/local/lib/python3.12/site-packages/discord/client.py", line 465, in _run_event
    await coro(*args, **kwargs)
  File "/app/asu_discord/cogs/analytics.py", line 652, in on_member_update
    before_timeout = before.timed_out_until
                     ^^^^^^^^^^^^^^^^^^^^^^
AttributeError: 'Member' object has no attribute 'timed_out_until'
Ignoring exception in on_member_update
Traceback (most recent call last):
  File "/usr/local/lib/python3.12/site-packages/discord/client.py", line 465, in _run_event
    await coro(*args, **kwargs)
  File "/app/asu_discord/cogs/analytics.py", line 652, in on_member_update
    before_timeout = before.timed_out_until
                     ^^^^^^^^^^^^^^^^^^^^^^
AttributeError: 'Member' object has no attribute 'timed_out_until'
Ignoring exception in on_member_update
Traceback (most recent call last):
  File "/usr/local/lib/python3.12/site-packages/discord/client.py", line 465, in _run_event
    await coro(*args, **kwargs)
  File "/app/asu_discord/cogs/analytics.py", line 652, in on_member_update
    before_timeout = before.timed_out_until
                     ^^^^^^^^^^^^^^^^^^^^^^
AttributeError: 'Member' object has no attribute 'timed_out_until'
Ignoring exception in on_member_update
Traceback (most recent call last):
  File "/usr/local/lib/python3.12/site-packages/discord/client.py", line 465, in _run_event
    await coro(*args, **kwargs)
  File "/app/asu_discord/cogs/analytics.py", line 652, in on_member_update
    before_timeout = before.timed_out_until
                     ^^^^^^^^^^^^^^^^^^^^^^
AttributeError: 'Member' object has no attribute 'timed_out_until'
Ignoring exception in on_member_update
Traceback (most recent call last):
  File "/usr/local/lib/python3.12/site-packages/discord/client.py", line 465, in _run_event
    await coro(*args, **kwargs)
  File "/app/asu_discord/cogs/analytics.py", line 652, in on_member_update
    before_timeout = before.timed_out_until
                     ^^^^^^^^^^^^^^^^^^^^^^
AttributeError: 'Member' object has no attribute 'timed_out_until'
Ignoring exception in on_member_update
Traceback (most recent call last):
  File "/usr/local/lib/python3.12/site-packages/discord/client.py", line 465, in _run_event
    await coro(*args, **kwargs)
  File "/app/asu_discord/cogs/analytics.py", line 652, in on_member_update
    before_timeout = before.timed_out_until
                     ^^^^^^^^^^^^^^^^^^^^^^
AttributeError: 'Member' object has no attribute 'timed_out_until'
Ignoring exception in on_member_update
Traceback (most recent call last):
  File "/usr/local/lib/python3.12/site-packages/discord/client.py", line 465, in _run_event
    await coro(*args, **kwargs)
  File "/app/asu_discord/cogs/analytics.py", line 652, in on_member_update
    before_timeout = before.timed_out_until
                     ^^^^^^^^^^^^^^^^^^^^^^
AttributeError: 'Member' object has no attribute 'timed_out_until'
Ignoring exception in on_member_update
Traceback (most recent call last):
  File "/usr/local/lib/python3.12/site-packages/discord/client.py", line 465, in _run_event
    await coro(*args, **kwargs)
  File "/app/asu_discord/cogs/analytics.py", line 652, in on_member_update
    before_timeout = before.timed_out_until
                     ^^^^^^^^^^^^^^^^^^^^^^
AttributeError: 'Member' object has no attribute 'timed_out_until'
INFO:asu_discord.cogs.verification:Saved 6 roles to database for user mpatienz (Discord ID: 1523048722219536416)
INFO:asu_discord.cogs.verification:Refreshed Salesforce roles for Discord user 1523048722219536416: -5/+6 roles, assigned=[Arizona Resident, Commited, Edson College of Nursing and Health Innovation, First Generation Student, First Year, West Valley]
Ignoring exception in on_member_update
Traceback (most recent call last):
  File "/usr/local/lib/python3.12/site-packages/discord/client.py", line 465, in _run_event
    await coro(*args, **kwargs)
  File "/app/asu_discord/cogs/analytics.py", line 652, in on_member_update
    before_timeout = before.timed_out_until
                     ^^^^^^^^^^^^^^^^^^^^^^
AttributeError: 'Member' object has no attribute 'timed_out_until'
Ignoring exception in on_member_update
Traceback (most recent call last):
  File "/usr/local/lib/python3.12/site-packages/discord/client.py", line 465, in _run_event
    await coro(*args, **kwargs)
  File "/app/asu_discord/cogs/analytics.py", line 652, in on_member_update
    before_timeout = before.timed_out_until
                     ^^^^^^^^^^^^^^^^^^^^^^
AttributeError: 'Member' object has no attribute 'timed_out_until'
Ignoring exception in on_member_update
Traceback (most recent call last):
  File "/usr/local/lib/python3.12/site-packages/discord/client.py", line 465, in _run_event
    await coro(*args, **kwargs)
  File "/app/asu_discord/cogs/analytics.py", line 652, in on_member_update
    before_timeout = before.timed_out_until
                     ^^^^^^^^^^^^^^^^^^^^^^
AttributeError: 'Member' object has no attribute 'timed_out_until'
Ignoring exception in on_member_update
Traceback (most recent call last):
  File "/usr/local/lib/python3.12/site-packages/discord/client.py", line 465, in _run_event
    await coro(*args, **kwargs)
  File "/app/asu_discord/cogs/analytics.py", line 652, in on_member_update
    before_timeout = before.timed_out_until
                     ^^^^^^^^^^^^^^^^^^^^^^
AttributeError: 'Member' object has no attribute 'timed_out_until'
Ignoring exception in on_member_update
Traceback (most recent call last):
  File "/usr/local/lib/python3.12/site-packages/discord/client.py", line 465, in _run_event
    await coro(*args, **kwargs)
  File "/app/asu_discord/cogs/analytics.py", line 652, in on_member_update
    before_timeout = before.timed_out_until
                     ^^^^^^^^^^^^^^^^^^^^^^
AttributeError: 'Member' object has no attribute 'timed_out_until'
Ignoring exception in on_member_update
Traceback (most recent call last):
  File "/usr/local/lib/python3.12/site-packages/discord/client.py", line 465, in _run_event
    await coro(*args, **kwargs)
  File "/app/asu_discord/cogs/analytics.py", line 652, in on_member_update
    before_timeout = before.timed_out_until
                     ^^^^^^^^^^^^^^^^^^^^^^
AttributeError: 'Member' object has no attribute 'timed_out_until'
Ignoring exception in on_member_update
Traceback (most recent call last):
  File "/usr/local/lib/python3.12/site-packages/discord/client.py", line 465, in _run_event
    await coro(*args, **kwargs)
  File "/app/asu_discord/cogs/analytics.py", line 652, in on_member_update
    before_timeout = before.timed_out_until
                     ^^^^^^^^^^^^^^^^^^^^^^
AttributeError: 'Member' object has no attribute 'timed_out_until'
Ignoring exception in on_member_update
Traceback (most recent call last):
  File "/usr/local/lib/python3.12/site-packages/discord/client.py", line 465, in _run_event
    await coro(*args, **kwargs)
  File "/app/asu_discord/cogs/analytics.py", line 652, in on_member_update
    before_timeout = before.timed_out_until
                     ^^^^^^^^^^^^^^^^^^^^^^
AttributeError: 'Member' object has no attribute 'timed_out_until'
Ignoring exception in on_member_update
Traceback (most recent call last):
  File "/usr/local/lib/python3.12/site-packages/discord/client.py", line 465, in _run_event
    await coro(*args, **kwargs)
  File "/app/asu_discord/cogs/analytics.py", line 652, in on_member_update
    before_timeout = before.timed_out_until
                     ^^^^^^^^^^^^^^^^^^^^^^
AttributeError: 'Member' object has no attribute 'timed_out_until'
Ignoring exception in on_member_update
Traceback (most recent call last):
  File "/usr/local/lib/python3.12/site-packages/discord/client.py", line 465, in _run_event
    await coro(*args, **kwargs)
  File "/app/asu_discord/cogs/analytics.py", line 652, in on_member_update
    before_timeout = before.timed_out_until
                     ^^^^^^^^^^^^^^^^^^^^^^
AttributeError: 'Member' object has no attribute 'timed_out_until'
INFO:asu_discord.cogs.verification:Saved 5 roles to database for user castump1 (Discord ID: 1400356649440645190)
INFO:asu_discord.cogs.verification:Refreshed Salesforce roles for Discord user 1400356649440645190: -5/+5 roles, assigned=[Arizona Resident, Commited, Graduate Student, New College of Interdisciplinary Arts and Sciences, West Valley]
Ignoring exception in on_member_update
Traceback (most recent call last):
  File "/usr/local/lib/python3.12/site-packages/discord/client.py", line 465, in _run_event
    await coro(*args, **kwargs)
  File "/app/asu_discord/cogs/analytics.py", line 652, in on_member_update
    before_timeout = before.timed_out_until
                     ^^^^^^^^^^^^^^^^^^^^^^
AttributeError: 'Member' object has no attribute 'timed_out_until'
Ignoring exception in on_member_update
Traceback (most recent call last):
  File "/usr/local/lib/python3.12/site-packages/discord/client.py", line 465, in _run_event
    await coro(*args, **kwargs)
  File "/app/asu_discord/cogs/analytics.py", line 652, in on_member_update
    before_timeout = before.timed_out_until
                     ^^^^^^^^^^^^^^^^^^^^^^
AttributeError: 'Member' object has no attribute 'timed_out_until'
Ignoring exception in on_member_update
Traceback (most recent call last):
  File "/usr/local/lib/python3.12/site-packages/discord/client.py", line 465, in _run_event
    await coro(*args, **kwargs)
  File "/app/asu_discord/cogs/analytics.py", line 652, in on_member_update
    before_timeout = before.timed_out_until
                     ^^^^^^^^^^^^^^^^^^^^^^
AttributeError: 'Member' object has no attribute 'timed_out_until'
Ignoring exception in on_member_update
Traceback (most recent call last):
  File "/usr/local/lib/python3.12/site-packages/discord/client.py", line 465, in _run_event
    await coro(*args, **kwargs)
  File "/app/asu_discord/cogs/analytics.py", line 652, in on_member_update
    before_timeout = before.timed_out_until
                     ^^^^^^^^^^^^^^^^^^^^^^
AttributeError: 'Member' object has no attribute 'timed_out_until'
Ignoring exception in on_member_update
Traceback (most recent call last):
  File "/usr/local/lib/python3.12/site-packages/discord/client.py", line 465, in _run_event
    await coro(*args, **kwargs)
  File "/app/asu_discord/cogs/analytics.py", line 652, in on_member_update
    before_timeout = before.timed_out_until
                     ^^^^^^^^^^^^^^^^^^^^^^
AttributeError: 'Member' object has no attribute 'timed_out_until'
Ignoring exception in on_member_update
Traceback (most recent call last):
  File "/usr/local/lib/python3.12/site-packages/discord/client.py", line 465, in _run_event
    await coro(*args, **kwargs)
  File "/app/asu_discord/cogs/analytics.py", line 652, in on_member_update
    before_timeout = before.timed_out_until
                     ^^^^^^^^^^^^^^^^^^^^^^
AttributeError: 'Member' object has no attribute 'timed_out_until'
Ignoring exception in on_member_update
Traceback (most recent call last):
  File "/usr/local/lib/python3.12/site-packages/discord/client.py", line 465, in _run_event
    await coro(*args, **kwargs)
  File "/app/asu_discord/cogs/analytics.py", line 652, in on_member_update
    before_timeout = before.timed_out_until
                     ^^^^^^^^^^^^^^^^^^^^^^
AttributeError: 'Member' object has no attribute 'timed_out_until'
Ignoring exception in on_member_update
Traceback (most recent call last):
  File "/usr/local/lib/python3.12/site-packages/discord/client.py", line 465, in _run_event
    await coro(*args, **kwargs)
  File "/app/asu_discord/cogs/analytics.py", line 652, in on_member_update
    before_timeout = before.timed_out_until
                     ^^^^^^^^^^^^^^^^^^^^^^
AttributeError: 'Member' object has no attribute 'timed_out_until'
Ignoring exception in on_member_update
Traceback (most recent call last):
  File "/usr/local/lib/python3.12/site-packages/discord/client.py", line 465, in _run_event
    await coro(*args, **kwargs)
  File "/app/asu_discord/cogs/analytics.py", line 652, in on_member_update
    before_timeout = before.timed_out_until
                     ^^^^^^^^^^^^^^^^^^^^^^
AttributeError: 'Member' object has no attribute 'timed_out_until'
Ignoring exception in on_member_update
Traceback (most recent call last):
  File "/usr/local/lib/python3.12/site-packages/discord/client.py", line 465, in _run_event
    await coro(*args, **kwargs)
  File "/app/asu_discord/cogs/analytics.py", line 652, in on_member_update
    before_timeout = before.timed_out_until
                     ^^^^^^^^^^^^^^^^^^^^^^
AttributeError: 'Member' object has no attribute 'timed_out_until'
Ignoring exception in on_member_update
Traceback (most recent call last):
  File "/usr/local/lib/python3.12/site-packages/discord/client.py", line 465, in _run_event
    await coro(*args, **kwargs)
  File "/app/asu_discord/cogs/analytics.py", line 652, in on_member_update
    before_timeout = before.timed_out_until
                     ^^^^^^^^^^^^^^^^^^^^^^
AttributeError: 'Member' object has no attribute 'timed_out_until'
INFO:asu_discord.cogs.verification:Saved 6 roles to database for user tstarr4 (Discord ID: 1119538622262165594)
INFO:asu_discord.cogs.verification:Refreshed Salesforce roles for Discord user 1119538622262165594: -5/+6 roles, assigned=[Arizona Resident, Commited, First Year, Polytechnic, Upperclassmen, W.P. Carey School of Business]
Ignoring exception in on_member_update
Traceback (most recent call last):
  File "/usr/local/lib/python3.12/site-packages/discord/client.py", line 465, in _run_event
    await coro(*args, **kwargs)
  File "/app/asu_discord/cogs/analytics.py", line 652, in on_member_update
    before_timeout = before.timed_out_until
                     ^^^^^^^^^^^^^^^^^^^^^^
AttributeError: 'Member' object has no attribute 'timed_out_until'
Ignoring exception in on_member_update
Traceback (most recent call last):
  File "/usr/local/lib/python3.12/site-packages/discord/client.py", line 465, in _run_event
    await coro(*args, **kwargs)
  File "/app/asu_discord/cogs/analytics.py", line 652, in on_member_update
    before_timeout = before.timed_out_until
                     ^^^^^^^^^^^^^^^^^^^^^^
AttributeError: 'Member' object has no attribute 'timed_out_until'
Ignoring exception in on_member_update
Traceback (most recent call last):
  File "/usr/local/lib/python3.12/site-packages/discord/client.py", line 465, in _run_event
    await coro(*args, **kwargs)
  File "/app/asu_discord/cogs/analytics.py", line 652, in on_member_update
    before_timeout = before.timed_out_until
                     ^^^^^^^^^^^^^^^^^^^^^^
AttributeError: 'Member' object has no attribute 'timed_out_until'
Ignoring exception in on_member_update
Traceback (most recent call last):
  File "/usr/local/lib/python3.12/site-packages/discord/client.py", line 465, in _run_event
    await coro(*args, **kwargs)
  File "/app/asu_discord/cogs/analytics.py", line 652, in on_member_update
    before_timeout = before.timed_out_until
                     ^^^^^^^^^^^^^^^^^^^^^^
AttributeError: 'Member' object has no attribute 'timed_out_until'
Ignoring exception in on_member_update
Traceback (most recent call last):
  File "/usr/local/lib/python3.12/site-packages/discord/client.py", line 465, in _run_event
    await coro(*args, **kwargs)
  File "/app/asu_discord/cogs/analytics.py", line 652, in on_member_update
    before_timeout = before.timed_out_until
                     ^^^^^^^^^^^^^^^^^^^^^^
AttributeError: 'Member' object has no attribute 'timed_out_until'
Ignoring exception in on_member_update
Traceback (most recent call last):
  File "/usr/local/lib/python3.12/site-packages/discord/client.py", line 465, in _run_event
    await coro(*args, **kwargs)
  File "/app/asu_discord/cogs/analytics.py", line 652, in on_member_update
    before_timeout = before.timed_out_until
                     ^^^^^^^^^^^^^^^^^^^^^^
AttributeError: 'Member' object has no attribute 'timed_out_until'
Ignoring exception in on_member_update
Traceback (most recent call last):
  File "/usr/local/lib/python3.12/site-packages/discord/client.py", line 465, in _run_event
    await coro(*args, **kwargs)
  File "/app/asu_discord/cogs/analytics.py", line 652, in on_member_update
    before_timeout = before.timed_out_until
                     ^^^^^^^^^^^^^^^^^^^^^^
AttributeError: 'Member' object has no attribute 'timed_out_until'
Ignoring exception in on_member_update
Traceback (most recent call last):
  File "/usr/local/lib/python3.12/site-packages/discord/client.py", line 465, in _run_event
    await coro(*args, **kwargs)
  File "/app/asu_discord/cogs/analytics.py", line 652, in on_member_update
    before_timeout = before.timed_out_until
                     ^^^^^^^^^^^^^^^^^^^^^^
AttributeError: 'Member' object has no attribute 'timed_out_until'
Ignoring exception in on_member_update
Traceback (most recent call last):
  File "/usr/local/lib/python3.12/site-packages/discord/client.py", line 465, in _run_event
    await coro(*args, **kwargs)
  File "/app/asu_discord/cogs/analytics.py", line 652, in on_member_update
    before_timeout = before.timed_out_until
                     ^^^^^^^^^^^^^^^^^^^^^^
AttributeError: 'Member' object has no attribute 'timed_out_until'
Ignoring exception in on_member_update
Traceback (most recent call last):
  File "/usr/local/lib/python3.12/site-packages/discord/client.py", line 465, in _run_event
    await coro(*args, **kwargs)
  File "/app/asu_discord/cogs/analytics.py", line 652, in on_member_update
    before_timeout = before.timed_out_until
                     ^^^^^^^^^^^^^^^^^^^^^^
AttributeError: 'Member' object has no attribute 'timed_out_until'
INFO:asu_discord.cogs.verification:Saved 5 roles to database for user jriasco (Discord ID: 695818437364023306)
INFO:asu_discord.cogs.verification:Refreshed Salesforce roles for Discord user 695818437364023306: -5/+5 roles, assigned=[College of Integrative Sciences and Arts, First Generation Student, Out of State, Tempe, Transfer Student]
INFO:asu_discord.cogs.verification:Refreshed Salesforce roles for Discord user 525386864836739073: -0/+0 roles, assigned=[none]
Ignoring exception in on_member_update
Traceback (most recent call last):
  File "/usr/local/lib/python3.12/site-packages/discord/client.py", line 465, in _run_event
    await coro(*args, **kwargs)
  File "/app/asu_discord/cogs/analytics.py", line 652, in on_member_update
    before_timeout = before.timed_out_until
                     ^^^^^^^^^^^^^^^^^^^^^^
AttributeError: 'Member' object has no attribute 'timed_out_until'
Ignoring exception in on_member_update
Traceback (most recent call last):
  File "/usr/local/lib/python3.12/site-packages/discord/client.py", line 465, in _run_event
    await coro(*args, **kwargs)
  File "/app/asu_discord/cogs/analytics.py", line 652, in on_member_update
    before_timeout = before.timed_out_until
                     ^^^^^^^^^^^^^^^^^^^^^^
AttributeError: 'Member' object has no attribute 'timed_out_until'
Ignoring exception in on_member_update
Traceback (most recent call last):
  File "/usr/local/lib/python3.12/site-packages/discord/client.py", line 465, in _run_event
    await coro(*args, **kwargs)
  File "/app/asu_discord/cogs/analytics.py", line 652, in on_member_update
    before_timeout = before.timed_out_until
                     ^^^^^^^^^^^^^^^^^^^^^^
AttributeError: 'Member' object has no attribute 'timed_out_until'
Ignoring exception in on_member_update
Traceback (most recent call last):
  File "/usr/local/lib/python3.12/site-packages/discord/client.py", line 465, in _run_event
    await coro(*args, **kwargs)
  File "/app/asu_discord/cogs/analytics.py", line 652, in on_member_update
    before_timeout = before.timed_out_until
                     ^^^^^^^^^^^^^^^^^^^^^^
AttributeError: 'Member' object has no attribute 'timed_out_until'
Ignoring exception in on_member_update
Traceback (most recent call last):
  File "/usr/local/lib/python3.12/site-packages/discord/client.py", line 465, in _run_event
    await coro(*args, **kwargs)
  File "/app/asu_discord/cogs/analytics.py", line 652, in on_member_update
    before_timeout = before.timed_out_until
                     ^^^^^^^^^^^^^^^^^^^^^^
AttributeError: 'Member' object has no attribute 'timed_out_until'
Ignoring exception in on_member_update
Traceback (most recent call last):
  File "/usr/local/lib/python3.12/site-packages/discord/client.py", line 465, in _run_event
    await coro(*args, **kwargs)
  File "/app/asu_discord/cogs/analytics.py", line 652, in on_member_update
    before_timeout = before.timed_out_until
                     ^^^^^^^^^^^^^^^^^^^^^^
AttributeError: 'Member' object has no attribute 'timed_out_until'
Ignoring exception in on_member_update
Traceback (most recent call last):
  File "/usr/local/lib/python3.12/site-packages/discord/client.py", line 465, in _run_event
    await coro(*args, **kwargs)
  File "/app/asu_discord/cogs/analytics.py", line 652, in on_member_update
    before_timeout = before.timed_out_until
                     ^^^^^^^^^^^^^^^^^^^^^^
AttributeError: 'Member' object has no attribute 'timed_out_until'
Ignoring exception in on_member_update
Traceback (most recent call last):
  File "/usr/local/lib/python3.12/site-packages/discord/client.py", line 465, in _run_event
    await coro(*args, **kwargs)
  File "/app/asu_discord/cogs/analytics.py", line 652, in on_member_update
    before_timeout = before.timed_out_until
                     ^^^^^^^^^^^^^^^^^^^^^^
AttributeError: 'Member' object has no attribute 'timed_out_until'
Ignoring exception in on_member_update
Traceback (most recent call last):
  File "/usr/local/lib/python3.12/site-packages/discord/client.py", line 465, in _run_event
    await coro(*args, **kwargs)
  File "/app/asu_discord/cogs/analytics.py", line 652, in on_member_update
    before_timeout = before.timed_out_until
                     ^^^^^^^^^^^^^^^^^^^^^^
AttributeError: 'Member' object has no attribute 'timed_out_until'
INFO:asu_discord.cogs.verification:Saved 5 roles to database for user squeza13 (Discord ID: 1523698276606546051)
INFO:asu_discord.cogs.verification:Refreshed Salesforce roles for Discord user 1523698276606546051: -4/+5 roles, assigned=[Arizona Resident, College of Health Solutions, Commited, Downtown Phoenix, Transfer Student]
Ignoring exception in on_member_update
Traceback (most recent call last):
  File "/usr/local/lib/python3.12/site-packages/discord/client.py", line 465, in _run_event
    await coro(*args, **kwargs)
  File "/app/asu_discord/cogs/analytics.py", line 652, in on_member_update
    before_timeout = before.timed_out_until
                     ^^^^^^^^^^^^^^^^^^^^^^
AttributeError: 'Member' object has no attribute 'timed_out_until'
Ignoring exception in on_member_update
Traceback (most recent call last):
  File "/usr/local/lib/python3.12/site-packages/discord/client.py", line 465, in _run_event
    await coro(*args, **kwargs)
  File "/app/asu_discord/cogs/analytics.py", line 652, in on_member_update
    before_timeout = before.timed_out_until
                     ^^^^^^^^^^^^^^^^^^^^^^
AttributeError: 'Member' object has no attribute 'timed_out_until'
Ignoring exception in on_member_update
Traceback (most recent call last):
  File "/usr/local/lib/python3.12/site-packages/discord/client.py", line 465, in _run_event
    await coro(*args, **kwargs)
  File "/app/asu_discord/cogs/analytics.py", line 652, in on_member_update
    before_timeout = before.timed_out_until
                     ^^^^^^^^^^^^^^^^^^^^^^
AttributeError: 'Member' object has no attribute 'timed_out_until'
Ignoring exception in on_member_update
Traceback (most recent call last):
  File "/usr/local/lib/python3.12/site-packages/discord/client.py", line 465, in _run_event
    await coro(*args, **kwargs)
  File "/app/asu_discord/cogs/analytics.py", line 652, in on_member_update
    before_timeout = before.timed_out_until
                     ^^^^^^^^^^^^^^^^^^^^^^
AttributeError: 'Member' object has no attribute 'timed_out_until'
Ignoring exception in on_member_update
Traceback (most recent call last):
  File "/usr/local/lib/python3.12/site-packages/discord/client.py", line 465, in _run_event
    await coro(*args, **kwargs)
  File "/app/asu_discord/cogs/analytics.py", line 652, in on_member_update
    before_timeout = before.timed_out_until
                     ^^^^^^^^^^^^^^^^^^^^^^
AttributeError: 'Member' object has no attribute 'timed_out_until'
Ignoring exception in on_member_update
Traceback (most recent call last):
  File "/usr/local/lib/python3.12/site-packages/discord/client.py", line 465, in _run_event
    await coro(*args, **kwargs)
  File "/app/asu_discord/cogs/analytics.py", line 652, in on_member_update
    before_timeout = before.timed_out_until
                     ^^^^^^^^^^^^^^^^^^^^^^
AttributeError: 'Member' object has no attribute 'timed_out_until'
INFO:asu_discord.cogs.verification:Saved 3 roles to database for user alfarwel (Discord ID: 1006579768596119655)
INFO:asu_discord.cogs.verification:Refreshed Salesforce roles for Discord user 1006579768596119655: -3/+3 roles, assigned=[First Year, Herberger Institute for Design and the Arts, Tempe]
Ignoring exception in on_member_update
Traceback (most recent call last):
  File "/usr/local/lib/python3.12/site-packages/discord/client.py", line 465, in _run_event
    await coro(*args, **kwargs)
  File "/app/asu_discord/cogs/analytics.py", line 652, in on_member_update
    before_timeout = before.timed_out_until
                     ^^^^^^^^^^^^^^^^^^^^^^
AttributeError: 'Member' object has no attribute 'timed_out_until'
Ignoring exception in on_member_update
Traceback (most recent call last):
  File "/usr/local/lib/python3.12/site-packages/discord/client.py", line 465, in _run_event
    await coro(*args, **kwargs)
  File "/app/asu_discord/cogs/analytics.py", line 652, in on_member_update
    before_timeout = before.timed_out_until
                     ^^^^^^^^^^^^^^^^^^^^^^
AttributeError: 'Member' object has no attribute 'timed_out_until'
Ignoring exception in on_member_update
Traceback (most recent call last):
  File "/usr/local/lib/python3.12/site-packages/discord/client.py", line 465, in _run_event
    await coro(*args, **kwargs)
  File "/app/asu_discord/cogs/analytics.py", line 652, in on_member_update
    before_timeout = before.timed_out_until
                     ^^^^^^^^^^^^^^^^^^^^^^
AttributeError: 'Member' object has no attribute 'timed_out_until'
Ignoring exception in on_member_update
Traceback (most recent call last):
  File "/usr/local/lib/python3.12/site-packages/discord/client.py", line 465, in _run_event
    await coro(*args, **kwargs)
  File "/app/asu_discord/cogs/analytics.py", line 652, in on_member_update
    before_timeout = before.timed_out_until
                     ^^^^^^^^^^^^^^^^^^^^^^
AttributeError: 'Member' object has no attribute 'timed_out_until'
Ignoring exception in on_member_update
Traceback (most recent call last):
  File "/usr/local/lib/python3.12/site-packages/discord/client.py", line 465, in _run_event
    await coro(*args, **kwargs)
  File "/app/asu_discord/cogs/analytics.py", line 652, in on_member_update
    before_timeout = before.timed_out_until
                     ^^^^^^^^^^^^^^^^^^^^^^
AttributeError: 'Member' object has no attribute 'timed_out_until'
Ignoring exception in on_member_update
Traceback (most recent call last):
  File "/usr/local/lib/python3.12/site-packages/discord/client.py", line 465, in _run_event
    await coro(*args, **kwargs)
  File "/app/asu_discord/cogs/analytics.py", line 652, in on_member_update
    before_timeout = before.timed_out_until
                     ^^^^^^^^^^^^^^^^^^^^^^
AttributeError: 'Member' object has no attribute 'timed_out_until'
Ignoring exception in on_member_update
Traceback (most recent call last):
  File "/usr/local/lib/python3.12/site-packages/discord/client.py", line 465, in _run_event
    await coro(*args, **kwargs)
  File "/app/asu_discord/cogs/analytics.py", line 652, in on_member_update
    before_timeout = before.timed_out_until
                     ^^^^^^^^^^^^^^^^^^^^^^
AttributeError: 'Member' object has no attribute 'timed_out_until'
Ignoring exception in on_member_update
Traceback (most recent call last):
  File "/usr/local/lib/python3.12/site-packages/discord/client.py", line 465, in _run_event
    await coro(*args, **kwargs)
  File "/app/asu_discord/cogs/analytics.py", line 652, in on_member_update
    before_timeout = before.timed_out_until
                     ^^^^^^^^^^^^^^^^^^^^^^
AttributeError: 'Member' object has no attribute 'timed_out_until'
Ignoring exception in on_member_update
Traceback (most recent call last):
  File "/usr/local/lib/python3.12/site-packages/discord/client.py", line 465, in _run_event
    await coro(*args, **kwargs)
  File "/app/asu_discord/cogs/analytics.py", line 652, in on_member_update
    before_timeout = before.timed_out_until
                     ^^^^^^^^^^^^^^^^^^^^^^
AttributeError: 'Member' object has no attribute 'timed_out_until'
Ignoring exception in on_member_update
Traceback (most recent call last):
  File "/usr/local/lib/python3.12/site-packages/discord/client.py", line 465, in _run_event
    await coro(*args, **kwargs)
  File "/app/asu_discord/cogs/analytics.py", line 652, in on_member_update
    before_timeout = before.timed_out_until
                     ^^^^^^^^^^^^^^^^^^^^^^
AttributeError: 'Member' object has no attribute 'timed_out_until'
Ignoring exception in on_member_update
Traceback (most recent call last):
  File "/usr/local/lib/python3.12/site-packages/discord/client.py", line 465, in _run_event
    await coro(*args, **kwargs)
  File "/app/asu_discord/cogs/analytics.py", line 652, in on_member_update
    before_timeout = before.timed_out_until
                     ^^^^^^^^^^^^^^^^^^^^^^
AttributeError: 'Member' object has no attribute 'timed_out_until'
Ignoring exception in on_member_update
Traceback (most recent call last):
  File "/usr/local/lib/python3.12/site-packages/discord/client.py", line 465, in _run_event
    await coro(*args, **kwargs)
  File "/app/asu_discord/cogs/analytics.py", line 652, in on_member_update
    before_timeout = before.timed_out_until
                     ^^^^^^^^^^^^^^^^^^^^^^
AttributeError: 'Member' object has no attribute 'timed_out_until'
INFO:asu_discord.cogs.verification:Saved 6 roles to database for user opahima (Discord ID: 465279503422193697)
INFO:asu_discord.cogs.verification:Refreshed Salesforce roles for Discord user 465279503422193697: -6/+6 roles, assigned=[Commited, First Year, Herberger Institute for Design and the Arts, LA Center, Out of State, Upperclassmen]
Ignoring exception in on_member_update
Traceback (most recent call last):
  File "/usr/local/lib/python3.12/site-packages/discord/client.py", line 465, in _run_event
    await coro(*args, **kwargs)
  File "/app/asu_discord/cogs/analytics.py", line 652, in on_member_update
    before_timeout = before.timed_out_until
                     ^^^^^^^^^^^^^^^^^^^^^^
AttributeError: 'Member' object has no attribute 'timed_out_until'
Ignoring exception in on_member_update
Traceback (most recent call last):
  File "/usr/local/lib/python3.12/site-packages/discord/client.py", line 465, in _run_event
    await coro(*args, **kwargs)
  File "/app/asu_discord/cogs/analytics.py", line 652, in on_member_update
    before_timeout = before.timed_out_until
                     ^^^^^^^^^^^^^^^^^^^^^^
AttributeError: 'Member' object has no attribute 'timed_out_until'
Ignoring exception in on_member_update
Traceback (most recent call last):
  File "/usr/local/lib/python3.12/site-packages/discord/client.py", line 465, in _run_event
    await coro(*args, **kwargs)
  File "/app/asu_discord/cogs/analytics.py", line 652, in on_member_update
    before_timeout = before.timed_out_until
                     ^^^^^^^^^^^^^^^^^^^^^^
AttributeError: 'Member' object has no attribute 'timed_out_until'
Ignoring exception in on_member_update
Traceback (most recent call last):
  File "/usr/local/lib/python3.12/site-packages/discord/client.py", line 465, in _run_event
    await coro(*args, **kwargs)
  File "/app/asu_discord/cogs/analytics.py", line 652, in on_member_update
    before_timeout = before.timed_out_until
                     ^^^^^^^^^^^^^^^^^^^^^^
AttributeError: 'Member' object has no attribute 'timed_out_until'
Ignoring exception in on_member_update
Traceback (most recent call last):
  File "/usr/local/lib/python3.12/site-packages/discord/client.py", line 465, in _run_event
    await coro(*args, **kwargs)
  File "/app/asu_discord/cogs/analytics.py", line 652, in on_member_update
    before_timeout = before.timed_out_until
                     ^^^^^^^^^^^^^^^^^^^^^^
AttributeError: 'Member' object has no attribute 'timed_out_until'
Ignoring exception in on_member_update
Traceback (most recent call last):
  File "/usr/local/lib/python3.12/site-packages/discord/client.py", line 465, in _run_event
    await coro(*args, **kwargs)
  File "/app/asu_discord/cogs/analytics.py", line 652, in on_member_update
    before_timeout = before.timed_out_until
                     ^^^^^^^^^^^^^^^^^^^^^^
AttributeError: 'Member' object has no attribute 'timed_out_until'
Ignoring exception in on_member_update
Traceback (most recent call last):
  File "/usr/local/lib/python3.12/site-packages/discord/client.py", line 465, in _run_event
    await coro(*args, **kwargs)
  File "/app/asu_discord/cogs/analytics.py", line 652, in on_member_update
    before_timeout = before.timed_out_until
                     ^^^^^^^^^^^^^^^^^^^^^^
AttributeError: 'Member' object has no attribute 'timed_out_until'
Ignoring exception in on_member_update
Traceback (most recent call last):
  File "/usr/local/lib/python3.12/site-packages/discord/client.py", line 465, in _run_event
    await coro(*args, **kwargs)
  File "/app/asu_discord/cogs/analytics.py", line 652, in on_member_update
    before_timeout = before.timed_out_until
                     ^^^^^^^^^^^^^^^^^^^^^^
AttributeError: 'Member' object has no attribute 'timed_out_until'
Ignoring exception in on_member_update
Traceback (most recent call last):
  File "/usr/local/lib/python3.12/site-packages/discord/client.py", line 465, in _run_event
    await coro(*args, **kwargs)
  File "/app/asu_discord/cogs/analytics.py", line 652, in on_member_update
    before_timeout = before.timed_out_until
                     ^^^^^^^^^^^^^^^^^^^^^^
AttributeError: 'Member' object has no attribute 'timed_out_until'
Ignoring exception in on_member_update
Traceback (most recent call last):
  File "/usr/local/lib/python3.12/site-packages/discord/client.py", line 465, in _run_event
    await coro(*args, **kwargs)
  File "/app/asu_discord/cogs/analytics.py", line 652, in on_member_update
    before_timeout = before.timed_out_until
                     ^^^^^^^^^^^^^^^^^^^^^^
AttributeError: 'Member' object has no attribute 'timed_out_until'
INFO:asu_discord.cogs.verification:Saved 5 roles to database for user kpennin9 (Discord ID: 1523760589783040071)
INFO:asu_discord.cogs.verification:Refreshed Salesforce roles for Discord user 1523760589783040071: -5/+5 roles, assigned=[Arizona Resident, Downtown Phoenix, First Year, Herberger Institute for Design and the Arts, Upperclassmen]
Ignoring exception in on_member_update
Traceback (most recent call last):
  File "/usr/local/lib/python3.12/site-packages/discord/client.py", line 465, in _run_event
    await coro(*args, **kwargs)
  File "/app/asu_discord/cogs/analytics.py", line 652, in on_member_update
    before_timeout = before.timed_out_until
                     ^^^^^^^^^^^^^^^^^^^^^^
AttributeError: 'Member' object has no attribute 'timed_out_until'
Ignoring exception in on_member_update
Traceback (most recent call last):
  File "/usr/local/lib/python3.12/site-packages/discord/client.py", line 465, in _run_event
    await coro(*args, **kwargs)
  File "/app/asu_discord/cogs/analytics.py", line 652, in on_member_update
    before_timeout = before.timed_out_until
                     ^^^^^^^^^^^^^^^^^^^^^^
AttributeError: 'Member' object has no attribute 'timed_out_until'
Ignoring exception in on_member_update
Traceback (most recent call last):
  File "/usr/local/lib/python3.12/site-packages/discord/client.py", line 465, in _run_event
    await coro(*args, **kwargs)
  File "/app/asu_discord/cogs/analytics.py", line 652, in on_member_update
    before_timeout = before.timed_out_until
                     ^^^^^^^^^^^^^^^^^^^^^^
AttributeError: 'Member' object has no attribute 'timed_out_until'
Ignoring exception in on_member_update
Traceback (most recent call last):
  File "/usr/local/lib/python3.12/site-packages/discord/client.py", line 465, in _run_event
    await coro(*args, **kwargs)
  File "/app/asu_discord/cogs/analytics.py", line 652, in on_member_update
    before_timeout = before.timed_out_until
                     ^^^^^^^^^^^^^^^^^^^^^^
AttributeError: 'Member' object has no attribute 'timed_out_until'
Ignoring exception in on_member_update
Traceback (most recent call last):
  File "/usr/local/lib/python3.12/site-packages/discord/client.py", line 465, in _run_event
    await coro(*args, **kwargs)
  File "/app/asu_discord/cogs/analytics.py", line 652, in on_member_update
    before_timeout = before.timed_out_until
                     ^^^^^^^^^^^^^^^^^^^^^^
AttributeError: 'Member' object has no attribute 'timed_out_until'
Ignoring exception in on_member_update
Traceback (most recent call last):
  File "/usr/local/lib/python3.12/site-packages/discord/client.py", line 465, in _run_event
    await coro(*args, **kwargs)
  File "/app/asu_discord/cogs/analytics.py", line 652, in on_member_update
    before_timeout = before.timed_out_until
                     ^^^^^^^^^^^^^^^^^^^^^^
AttributeError: 'Member' object has no attribute 'timed_out_until'
Ignoring exception in on_member_update
Traceback (most recent call last):
  File "/usr/local/lib/python3.12/site-packages/discord/client.py", line 465, in _run_event
    await coro(*args, **kwargs)
  File "/app/asu_discord/cogs/analytics.py", line 652, in on_member_update
    before_timeout = before.timed_out_until
                     ^^^^^^^^^^^^^^^^^^^^^^
AttributeError: 'Member' object has no attribute 'timed_out_until'
Ignoring exception in on_member_update
Traceback (most recent call last):
  File "/usr/local/lib/python3.12/site-packages/discord/client.py", line 465, in _run_event
    await coro(*args, **kwargs)
  File "/app/asu_discord/cogs/analytics.py", line 652, in on_member_update
    before_timeout = before.timed_out_until
                     ^^^^^^^^^^^^^^^^^^^^^^
AttributeError: 'Member' object has no attribute 'timed_out_until'
Ignoring exception in on_member_update
Traceback (most recent call last):
  File "/usr/local/lib/python3.12/site-packages/discord/client.py", line 465, in _run_event
    await coro(*args, **kwargs)
  File "/app/asu_discord/cogs/analytics.py", line 652, in on_member_update
    before_timeout = before.timed_out_until
                     ^^^^^^^^^^^^^^^^^^^^^^
AttributeError: 'Member' object has no attribute 'timed_out_until'
Ignoring exception in on_member_update
Traceback (most recent call last):
  File "/usr/local/lib/python3.12/site-packages/discord/client.py", line 465, in _run_event
    await coro(*args, **kwargs)
  File "/app/asu_discord/cogs/analytics.py", line 652, in on_member_update
    before_timeout = before.timed_out_until
                     ^^^^^^^^^^^^^^^^^^^^^^
AttributeError: 'Member' object has no attribute 'timed_out_until'
INFO:asu_discord.cogs.verification:Saved 5 roles to database for user pdheider (Discord ID: 1523767134306566294)
INFO:asu_discord.cogs.verification:Refreshed Salesforce roles for Discord user 1523767134306566294: -5/+5 roles, assigned=[Arizona Resident, Commited, First Year, Tempe, W.P. Carey School of Business]
Ignoring exception in on_member_update
Traceback (most recent call last):
  File "/usr/local/lib/python3.12/site-packages/discord/client.py", line 465, in _run_event
    await coro(*args, **kwargs)
  File "/app/asu_discord/cogs/analytics.py", line 652, in on_member_update
    before_timeout = before.timed_out_until
                     ^^^^^^^^^^^^^^^^^^^^^^
AttributeError: 'Member' object has no attribute 'timed_out_until'
Ignoring exception in on_member_update
Traceback (most recent call last):
  File "/usr/local/lib/python3.12/site-packages/discord/client.py", line 465, in _run_event
    await coro(*args, **kwargs)
  File "/app/asu_discord/cogs/analytics.py", line 652, in on_member_update
    before_timeout = before.timed_out_until
                     ^^^^^^^^^^^^^^^^^^^^^^
AttributeError: 'Member' object has no attribute 'timed_out_until'
Ignoring exception in on_member_update
Traceback (most recent call last):
  File "/usr/local/lib/python3.12/site-packages/discord/client.py", line 465, in _run_event
    await coro(*args, **kwargs)
  File "/app/asu_discord/cogs/analytics.py", line 652, in on_member_update
    before_timeout = before.timed_out_until
                     ^^^^^^^^^^^^^^^^^^^^^^
AttributeError: 'Member' object has no attribute 'timed_out_until'
Ignoring exception in on_member_update
Traceback (most recent call last):
  File "/usr/local/lib/python3.12/site-packages/discord/client.py", line 465, in _run_event
    await coro(*args, **kwargs)
  File "/app/asu_discord/cogs/analytics.py", line 652, in on_member_update
    before_timeout = before.timed_out_until
                     ^^^^^^^^^^^^^^^^^^^^^^
AttributeError: 'Member' object has no attribute 'timed_out_until'
Ignoring exception in on_member_update
Traceback (most recent call last):
  File "/usr/local/lib/python3.12/site-packages/discord/client.py", line 465, in _run_event
    await coro(*args, **kwargs)
  File "/app/asu_discord/cogs/analytics.py", line 652, in on_member_update
    before_timeout = before.timed_out_until
                     ^^^^^^^^^^^^^^^^^^^^^^
AttributeError: 'Member' object has no attribute 'timed_out_until'
Ignoring exception in on_member_update
Traceback (most recent call last):
  File "/usr/local/lib/python3.12/site-packages/discord/client.py", line 465, in _run_event
    await coro(*args, **kwargs)
  File "/app/asu_discord/cogs/analytics.py", line 652, in on_member_update
    before_timeout = before.timed_out_until
                     ^^^^^^^^^^^^^^^^^^^^^^
AttributeError: 'Member' object has no attribute 'timed_out_until'
Ignoring exception in on_member_update
Traceback (most recent call last):
  File "/usr/local/lib/python3.12/site-packages/discord/client.py", line 465, in _run_event
    await coro(*args, **kwargs)
  File "/app/asu_discord/cogs/analytics.py", line 652, in on_member_update
    before_timeout = before.timed_out_until
                     ^^^^^^^^^^^^^^^^^^^^^^
AttributeError: 'Member' object has no attribute 'timed_out_until'
Ignoring exception in on_member_update
Traceback (most recent call last):
  File "/usr/local/lib/python3.12/site-packages/discord/client.py", line 465, in _run_event
    await coro(*args, **kwargs)
  File "/app/asu_discord/cogs/analytics.py", line 652, in on_member_update
    before_timeout = before.timed_out_until
                     ^^^^^^^^^^^^^^^^^^^^^^
AttributeError: 'Member' object has no attribute 'timed_out_until'
Ignoring exception in on_member_update
Traceback (most recent call last):
  File "/usr/local/lib/python3.12/site-packages/discord/client.py", line 465, in _run_event
    await coro(*args, **kwargs)
  File "/app/asu_discord/cogs/analytics.py", line 652, in on_member_update
    before_timeout = before.timed_out_until
                     ^^^^^^^^^^^^^^^^^^^^^^
AttributeError: 'Member' object has no attribute 'timed_out_until'
Ignoring exception in on_member_update
Traceback (most recent call last):
  File "/usr/local/lib/python3.12/site-packages/discord/client.py", line 465, in _run_event
    await coro(*args, **kwargs)
  File "/app/asu_discord/cogs/analytics.py", line 652, in on_member_update
    before_timeout = before.timed_out_until
                     ^^^^^^^^^^^^^^^^^^^^^^
AttributeError: 'Member' object has no attribute 'timed_out_until'
Ignoring exception in on_member_update
Traceback (most recent call last):
  File "/usr/local/lib/python3.12/site-packages/discord/client.py", line 465, in _run_event
    await coro(*args, **kwargs)
  File "/app/asu_discord/cogs/analytics.py", line 652, in on_member_update
    before_timeout = before.timed_out_until
                     ^^^^^^^^^^^^^^^^^^^^^^
AttributeError: 'Member' object has no attribute 'timed_out_until'
INFO:asu_discord.cogs.verification:Saved 6 roles to database for user mvjaureg (Discord ID: 754059955115524176)
INFO:asu_discord.cogs.verification:Refreshed Salesforce roles for Discord user 754059955115524176: -5/+6 roles, assigned=[Commited, First Generation Student, Out of State, Polytechnic, Transfer Student, W.P. Carey School of Business]
Ignoring exception in on_member_update
Traceback (most recent call last):
  File "/usr/local/lib/python3.12/site-packages/discord/client.py", line 465, in _run_event
    await coro(*args, **kwargs)
  File "/app/asu_discord/cogs/analytics.py", line 652, in on_member_update
    before_timeout = before.timed_out_until
                     ^^^^^^^^^^^^^^^^^^^^^^
AttributeError: 'Member' object has no attribute 'timed_out_until'
Ignoring exception in on_member_update
Traceback (most recent call last):
  File "/usr/local/lib/python3.12/site-packages/discord/client.py", line 465, in _run_event
    await coro(*args, **kwargs)
  File "/app/asu_discord/cogs/analytics.py", line 652, in on_member_update
    before_timeout = before.timed_out_until
                     ^^^^^^^^^^^^^^^^^^^^^^
AttributeError: 'Member' object has no attribute 'timed_out_until'
Ignoring exception in on_member_update
Traceback (most recent call last):
  File "/usr/local/lib/python3.12/site-packages/discord/client.py", line 465, in _run_event
    await coro(*args, **kwargs)
  File "/app/asu_discord/cogs/analytics.py", line 652, in on_member_update
    before_timeout = before.timed_out_until
                     ^^^^^^^^^^^^^^^^^^^^^^
AttributeError: 'Member' object has no attribute 'timed_out_until'
Ignoring exception in on_member_update
Traceback (most recent call last):
  File "/usr/local/lib/python3.12/site-packages/discord/client.py", line 465, in _run_event
    await coro(*args, **kwargs)
  File "/app/asu_discord/cogs/analytics.py", line 652, in on_member_update
    before_timeout = before.timed_out_until
                     ^^^^^^^^^^^^^^^^^^^^^^
AttributeError: 'Member' object has no attribute 'timed_out_until'
Ignoring exception in on_member_update
Traceback (most recent call last):
  File "/usr/local/lib/python3.12/site-packages/discord/client.py", line 465, in _run_event
    await coro(*args, **kwargs)
  File "/app/asu_discord/cogs/analytics.py", line 652, in on_member_update
    before_timeout = before.timed_out_until
                     ^^^^^^^^^^^^^^^^^^^^^^
AttributeError: 'Member' object has no attribute 'timed_out_until'
Ignoring exception in on_member_update
Traceback (most recent call last):
  File "/usr/local/lib/python3.12/site-packages/discord/client.py", line 465, in _run_event
    await coro(*args, **kwargs)
  File "/app/asu_discord/cogs/analytics.py", line 652, in on_member_update
    before_timeout = before.timed_out_until
                     ^^^^^^^^^^^^^^^^^^^^^^
AttributeError: 'Member' object has no attribute 'timed_out_until'
Ignoring exception in on_member_update
Traceback (most recent call last):
  File "/usr/local/lib/python3.12/site-packages/discord/client.py", line 465, in _run_event
    await coro(*args, **kwargs)
  File "/app/asu_discord/cogs/analytics.py", line 652, in on_member_update
    before_timeout = before.timed_out_until
                     ^^^^^^^^^^^^^^^^^^^^^^
AttributeError: 'Member' object has no attribute 'timed_out_until'
Ignoring exception in on_member_update
Traceback (most recent call last):
  File "/usr/local/lib/python3.12/site-packages/discord/client.py", line 465, in _run_event
    await coro(*args, **kwargs)
  File "/app/asu_discord/cogs/analytics.py", line 652, in on_member_update
    before_timeout = before.timed_out_until
                     ^^^^^^^^^^^^^^^^^^^^^^
AttributeError: 'Member' object has no attribute 'timed_out_until'
Ignoring exception in on_member_update
Traceback (most recent call last):
  File "/usr/local/lib/python3.12/site-packages/discord/client.py", line 465, in _run_event
    await coro(*args, **kwargs)
  File "/app/asu_discord/cogs/analytics.py", line 652, in on_member_update
    before_timeout = before.timed_out_until
                     ^^^^^^^^^^^^^^^^^^^^^^
AttributeError: 'Member' object has no attribute 'timed_out_until'
Ignoring exception in on_member_update
Traceback (most recent call last):
  File "/usr/local/lib/python3.12/site-packages/discord/client.py", line 465, in _run_event
    await coro(*args, **kwargs)
  File "/app/asu_discord/cogs/analytics.py", line 652, in on_member_update
    before_timeout = before.timed_out_until
                     ^^^^^^^^^^^^^^^^^^^^^^
AttributeError: 'Member' object has no attribute 'timed_out_until'
Ignoring exception in on_member_update
Traceback (most recent call last):
  File "/usr/local/lib/python3.12/site-packages/discord/client.py", line 465, in _run_event
    await coro(*args, **kwargs)
  File "/app/asu_discord/cogs/analytics.py", line 652, in on_member_update
    before_timeout = before.timed_out_until
                     ^^^^^^^^^^^^^^^^^^^^^^
AttributeError: 'Member' object has no attribute 'timed_out_until'
INFO:asu_discord.cogs.verification:Saved 6 roles to database for user nlopez87 (Discord ID: 659717394050056203)
INFO:asu_discord.cogs.verification:Refreshed Salesforce roles for Discord user 659717394050056203: -5/+6 roles, assigned=[Commited, First Generation Student, First Year, Ira A. Fulton Schools of Engineering, Out of State, Tempe]
Ignoring exception in on_member_update
Traceback (most recent call last):
  File "/usr/local/lib/python3.12/site-packages/discord/client.py", line 465, in _run_event
    await coro(*args, **kwargs)
  File "/app/asu_discord/cogs/analytics.py", line 652, in on_member_update
    before_timeout = before.timed_out_until
                     ^^^^^^^^^^^^^^^^^^^^^^
AttributeError: 'Member' object has no attribute 'timed_out_until'
Ignoring exception in on_member_update
Traceback (most recent call last):
  File "/usr/local/lib/python3.12/site-packages/discord/client.py", line 465, in _run_event
    await coro(*args, **kwargs)
  File "/app/asu_discord/cogs/analytics.py", line 652, in on_member_update
    before_timeout = before.timed_out_until
                     ^^^^^^^^^^^^^^^^^^^^^^
AttributeError: 'Member' object has no attribute 'timed_out_until'
Ignoring exception in on_member_update
Traceback (most recent call last):
  File "/usr/local/lib/python3.12/site-packages/discord/client.py", line 465, in _run_event
    await coro(*args, **kwargs)
  File "/app/asu_discord/cogs/analytics.py", line 652, in on_member_update
    before_timeout = before.timed_out_until
                     ^^^^^^^^^^^^^^^^^^^^^^
AttributeError: 'Member' object has no attribute 'timed_out_until'
Ignoring exception in on_member_update
Traceback (most recent call last):
  File "/usr/local/lib/python3.12/site-packages/discord/client.py", line 465, in _run_event
    await coro(*args, **kwargs)
  File "/app/asu_discord/cogs/analytics.py", line 652, in on_member_update
    before_timeout = before.timed_out_until
                     ^^^^^^^^^^^^^^^^^^^^^^
AttributeError: 'Member' object has no attribute 'timed_out_until'
Ignoring exception in on_member_update
Traceback (most recent call last):
  File "/usr/local/lib/python3.12/site-packages/discord/client.py", line 465, in _run_event
    await coro(*args, **kwargs)
  File "/app/asu_discord/cogs/analytics.py", line 652, in on_member_update
    before_timeout = before.timed_out_until
                     ^^^^^^^^^^^^^^^^^^^^^^
AttributeError: 'Member' object has no attribute 'timed_out_until'
Ignoring exception in on_member_update
Traceback (most recent call last):
  File "/usr/local/lib/python3.12/site-packages/discord/client.py", line 465, in _run_event
    await coro(*args, **kwargs)
  File "/app/asu_discord/cogs/analytics.py", line 652, in on_member_update
    before_timeout = before.timed_out_until
                     ^^^^^^^^^^^^^^^^^^^^^^
AttributeError: 'Member' object has no attribute 'timed_out_until'
Ignoring exception in on_member_update
Traceback (most recent call last):
  File "/usr/local/lib/python3.12/site-packages/discord/client.py", line 465, in _run_event
    await coro(*args, **kwargs)
  File "/app/asu_discord/cogs/analytics.py", line 652, in on_member_update
    before_timeout = before.timed_out_until
                     ^^^^^^^^^^^^^^^^^^^^^^
AttributeError: 'Member' object has no attribute 'timed_out_until'
Ignoring exception in on_member_update
Traceback (most recent call last):
  File "/usr/local/lib/python3.12/site-packages/discord/client.py", line 465, in _run_event
    await coro(*args, **kwargs)
  File "/app/asu_discord/cogs/analytics.py", line 652, in on_member_update
    before_timeout = before.timed_out_until
                     ^^^^^^^^^^^^^^^^^^^^^^
AttributeError: 'Member' object has no attribute 'timed_out_until'
Ignoring exception in on_member_update
Traceback (most recent call last):
  File "/usr/local/lib/python3.12/site-packages/discord/client.py", line 465, in _run_event
    await coro(*args, **kwargs)
  File "/app/asu_discord/cogs/analytics.py", line 652, in on_member_update
    before_timeout = before.timed_out_until
                     ^^^^^^^^^^^^^^^^^^^^^^
AttributeError: 'Member' object has no attribute 'timed_out_until'
Ignoring exception in on_member_update
Traceback (most recent call last):
  File "/usr/local/lib/python3.12/site-packages/discord/client.py", line 465, in _run_event
    await coro(*args, **kwargs)
  File "/app/asu_discord/cogs/analytics.py", line 652, in on_member_update
    before_timeout = before.timed_out_until
                     ^^^^^^^^^^^^^^^^^^^^^^
AttributeError: 'Member' object has no attribute 'timed_out_until'
INFO:asu_discord.cogs.verification:Saved 5 roles to database for user cpriney (Discord ID: 707814109097361488)
INFO:asu_discord.cogs.verification:Refreshed Salesforce roles for Discord user 707814109097361488: -5/+5 roles, assigned=[Commited, Downtown Phoenix, Graduate Student, Out of State, Walter Cronkite School of Journalism and Mass Communication]
Ignoring exception in on_member_update
Traceback (most recent call last):
  File "/usr/local/lib/python3.12/site-packages/discord/client.py", line 465, in _run_event
    await coro(*args, **kwargs)
  File "/app/asu_discord/cogs/analytics.py", line 652, in on_member_update
    before_timeout = before.timed_out_until
                     ^^^^^^^^^^^^^^^^^^^^^^
AttributeError: 'Member' object has no attribute 'timed_out_until'
Ignoring exception in on_member_update
Traceback (most recent call last):
  File "/usr/local/lib/python3.12/site-packages/discord/client.py", line 465, in _run_event
    await coro(*args, **kwargs)
  File "/app/asu_discord/cogs/analytics.py", line 652, in on_member_update
    before_timeout = before.timed_out_until
                     ^^^^^^^^^^^^^^^^^^^^^^
AttributeError: 'Member' object has no attribute 'timed_out_until'
Ignoring exception in on_member_update
Traceback (most recent call last):
  File "/usr/local/lib/python3.12/site-packages/discord/client.py", line 465, in _run_event
    await coro(*args, **kwargs)
  File "/app/asu_discord/cogs/analytics.py", line 652, in on_member_update
    before_timeout = before.timed_out_until
                     ^^^^^^^^^^^^^^^^^^^^^^
AttributeError: 'Member' object has no attribute 'timed_out_until'
Ignoring exception in on_member_update
Traceback (most recent call last):
  File "/usr/local/lib/python3.12/site-packages/discord/client.py", line 465, in _run_event
    await coro(*args, **kwargs)
  File "/app/asu_discord/cogs/analytics.py", line 652, in on_member_update
    before_timeout = before.timed_out_until
                     ^^^^^^^^^^^^^^^^^^^^^^
AttributeError: 'Member' object has no attribute 'timed_out_until'
Ignoring exception in on_member_update
Traceback (most recent call last):
  File "/usr/local/lib/python3.12/site-packages/discord/client.py", line 465, in _run_event
    await coro(*args, **kwargs)
  File "/app/asu_discord/cogs/analytics.py", line 652, in on_member_update
    before_timeout = before.timed_out_until
                     ^^^^^^^^^^^^^^^^^^^^^^
AttributeError: 'Member' object has no attribute 'timed_out_until'
Ignoring exception in on_member_update
Traceback (most recent call last):
  File "/usr/local/lib/python3.12/site-packages/discord/client.py", line 465, in _run_event
    await coro(*args, **kwargs)
  File "/app/asu_discord/cogs/analytics.py", line 652, in on_member_update
    before_timeout = before.timed_out_until
                     ^^^^^^^^^^^^^^^^^^^^^^
AttributeError: 'Member' object has no attribute 'timed_out_until'
Ignoring exception in on_member_update
Traceback (most recent call last):
  File "/usr/local/lib/python3.12/site-packages/discord/client.py", line 465, in _run_event
    await coro(*args, **kwargs)
  File "/app/asu_discord/cogs/analytics.py", line 652, in on_member_update
    before_timeout = before.timed_out_until
                     ^^^^^^^^^^^^^^^^^^^^^^
AttributeError: 'Member' object has no attribute 'timed_out_until'
INFO:asu_discord.cogs.verification:Saved 4 roles to database for user cveramal (Discord ID: 1512701702145441831)
INFO:asu_discord.cogs.verification:Refreshed Salesforce roles for Discord user 1512701702145441831: -4/+3 roles, assigned=[Arizona Resident, First Year, New College of Interdisciplinary Arts and Sciences, West Valley]
Ignoring exception in on_member_update
Traceback (most recent call last):
  File "/usr/local/lib/python3.12/site-packages/discord/client.py", line 465, in _run_event
    await coro(*args, **kwargs)
  File "/app/asu_discord/cogs/analytics.py", line 652, in on_member_update
    before_timeout = before.timed_out_until
                     ^^^^^^^^^^^^^^^^^^^^^^
AttributeError: 'Member' object has no attribute 'timed_out_until'
Ignoring exception in on_member_update
Traceback (most recent call last):
  File "/usr/local/lib/python3.12/site-packages/discord/client.py", line 465, in _run_event
    await coro(*args, **kwargs)
  File "/app/asu_discord/cogs/analytics.py", line 652, in on_member_update
    before_timeout = before.timed_out_until
                     ^^^^^^^^^^^^^^^^^^^^^^
AttributeError: 'Member' object has no attribute 'timed_out_until'
Ignoring exception in on_member_update
Traceback (most recent call last):
  File "/usr/local/lib/python3.12/site-packages/discord/client.py", line 465, in _run_event
    await coro(*args, **kwargs)
  File "/app/asu_discord/cogs/analytics.py", line 652, in on_member_update
    before_timeout = before.timed_out_until
                     ^^^^^^^^^^^^^^^^^^^^^^
AttributeError: 'Member' object has no attribute 'timed_out_until'
Ignoring exception in on_member_update
Traceback (most recent call last):
  File "/usr/local/lib/python3.12/site-packages/discord/client.py", line 465, in _run_event
    await coro(*args, **kwargs)
  File "/app/asu_discord/cogs/analytics.py", line 652, in on_member_update
    before_timeout = before.timed_out_until
                     ^^^^^^^^^^^^^^^^^^^^^^
AttributeError: 'Member' object has no attribute 'timed_out_until'
Ignoring exception in on_member_update
Traceback (most recent call last):
  File "/usr/local/lib/python3.12/site-packages/discord/client.py", line 465, in _run_event
    await coro(*args, **kwargs)
  File "/app/asu_discord/cogs/analytics.py", line 652, in on_member_update
    before_timeout = before.timed_out_until
                     ^^^^^^^^^^^^^^^^^^^^^^
AttributeError: 'Member' object has no attribute 'timed_out_until'
Ignoring exception in on_member_update
Traceback (most recent call last):
  File "/usr/local/lib/python3.12/site-packages/discord/client.py", line 465, in _run_event
    await coro(*args, **kwargs)
  File "/app/asu_discord/cogs/analytics.py", line 652, in on_member_update
    before_timeout = before.timed_out_until
                     ^^^^^^^^^^^^^^^^^^^^^^
AttributeError: 'Member' object has no attribute 'timed_out_until'
Ignoring exception in on_member_update
Traceback (most recent call last):
  File "/usr/local/lib/python3.12/site-packages/discord/client.py", line 465, in _run_event
    await coro(*args, **kwargs)
  File "/app/asu_discord/cogs/analytics.py", line 652, in on_member_update
    before_timeout = before.timed_out_until
                     ^^^^^^^^^^^^^^^^^^^^^^
AttributeError: 'Member' object has no attribute 'timed_out_until'
Ignoring exception in on_member_update
Traceback (most recent call last):
  File "/usr/local/lib/python3.12/site-packages/discord/client.py", line 465, in _run_event
    await coro(*args, **kwargs)
  File "/app/asu_discord/cogs/analytics.py", line 652, in on_member_update
    before_timeout = before.timed_out_until
                     ^^^^^^^^^^^^^^^^^^^^^^
AttributeError: 'Member' object has no attribute 'timed_out_until'
Ignoring exception in on_member_update
Traceback (most recent call last):
  File "/usr/local/lib/python3.12/site-packages/discord/client.py", line 465, in _run_event
    await coro(*args, **kwargs)
  File "/app/asu_discord/cogs/analytics.py", line 652, in on_member_update
    before_timeout = before.timed_out_until
                     ^^^^^^^^^^^^^^^^^^^^^^
AttributeError: 'Member' object has no attribute 'timed_out_until'
INFO:asu_discord.cogs.verification:Saved 5 roles to database for user lhiraeth (Discord ID: 1459681448188444848)
INFO:asu_discord.cogs.verification:Refreshed Salesforce roles for Discord user 1459681448188444848: -4/+5 roles, assigned=[College of Liberal Arts and Sciences, Commited, First Year, Out of State, Tempe]
INFO:asu_discord.salesforce:No Salesforce opportunities found for msemen
INFO:cron.jobs:refresh_salesforce_roles: skipping msemen: no profile returned
Ignoring exception in on_member_update
Traceback (most recent call last):
  File "/usr/local/lib/python3.12/site-packages/discord/client.py", line 465, in _run_event
    await coro(*args, **kwargs)
  File "/app/asu_discord/cogs/analytics.py", line 652, in on_member_update
    before_timeout = before.timed_out_until
                     ^^^^^^^^^^^^^^^^^^^^^^
AttributeError: 'Member' object has no attribute 'timed_out_until'
Ignoring exception in on_member_update
Traceback (most recent call last):
  File "/usr/local/lib/python3.12/site-packages/discord/client.py", line 465, in _run_event
    await coro(*args, **kwargs)
  File "/app/asu_discord/cogs/analytics.py", line 652, in on_member_update
    before_timeout = before.timed_out_until
                     ^^^^^^^^^^^^^^^^^^^^^^
AttributeError: 'Member' object has no attribute 'timed_out_until'
Ignoring exception in on_member_update
Traceback (most recent call last):
  File "/usr/local/lib/python3.12/site-packages/discord/client.py", line 465, in _run_event
    await coro(*args, **kwargs)
  File "/app/asu_discord/cogs/analytics.py", line 652, in on_member_update
    before_timeout = before.timed_out_until
                     ^^^^^^^^^^^^^^^^^^^^^^
AttributeError: 'Member' object has no attribute 'timed_out_until'
Ignoring exception in on_member_update
Traceback (most recent call last):
  File "/usr/local/lib/python3.12/site-packages/discord/client.py", line 465, in _run_event
    await coro(*args, **kwargs)
  File "/app/asu_discord/cogs/analytics.py", line 652, in on_member_update
    before_timeout = before.timed_out_until
                     ^^^^^^^^^^^^^^^^^^^^^^
AttributeError: 'Member' object has no attribute 'timed_out_until'
Ignoring exception in on_member_update
Traceback (most recent call last):
  File "/usr/local/lib/python3.12/site-packages/discord/client.py", line 465, in _run_event
    await coro(*args, **kwargs)
  File "/app/asu_discord/cogs/analytics.py", line 652, in on_member_update
    before_timeout = before.timed_out_until
                     ^^^^^^^^^^^^^^^^^^^^^^
AttributeError: 'Member' object has no attribute 'timed_out_until'
Ignoring exception in on_member_update
Traceback (most recent call last):
  File "/usr/local/lib/python3.12/site-packages/discord/client.py", line 465, in _run_event
    await coro(*args, **kwargs)
  File "/app/asu_discord/cogs/analytics.py", line 652, in on_member_update
    before_timeout = before.timed_out_until
                     ^^^^^^^^^^^^^^^^^^^^^^
AttributeError: 'Member' object has no attribute 'timed_out_until'
Ignoring exception in on_member_update
Traceback (most recent call last):
  File "/usr/local/lib/python3.12/site-packages/discord/client.py", line 465, in _run_event
    await coro(*args, **kwargs)
  File "/app/asu_discord/cogs/analytics.py", line 652, in on_member_update
    before_timeout = before.timed_out_until
                     ^^^^^^^^^^^^^^^^^^^^^^
AttributeError: 'Member' object has no attribute 'timed_out_until'
Ignoring exception in on_member_update
Traceback (most recent call last):
  File "/usr/local/lib/python3.12/site-packages/discord/client.py", line 465, in _run_event
    await coro(*args, **kwargs)
  File "/app/asu_discord/cogs/analytics.py", line 652, in on_member_update
    before_timeout = before.timed_out_until
                     ^^^^^^^^^^^^^^^^^^^^^^
AttributeError: 'Member' object has no attribute 'timed_out_until'
Ignoring exception in on_member_update
Traceback (most recent call last):
  File "/usr/local/lib/python3.12/site-packages/discord/client.py", line 465, in _run_event
    await coro(*args, **kwargs)
  File "/app/asu_discord/cogs/analytics.py", line 652, in on_member_update
    before_timeout = before.timed_out_until
                     ^^^^^^^^^^^^^^^^^^^^^^
AttributeError: 'Member' object has no attribute 'timed_out_until'
Ignoring exception in on_member_update
Traceback (most recent call last):
  File "/usr/local/lib/python3.12/site-packages/discord/client.py", line 465, in _run_event
    await coro(*args, **kwargs)
  File "/app/asu_discord/cogs/analytics.py", line 652, in on_member_update
    before_timeout = before.timed_out_until
                     ^^^^^^^^^^^^^^^^^^^^^^
AttributeError: 'Member' object has no attribute 'timed_out_until'
INFO:asu_discord.cogs.verification:Saved 5 roles to database for user mamir123 (Discord ID: 928343143680704554)
INFO:asu_discord.cogs.verification:Refreshed Salesforce roles for Discord user 928343143680704554: -5/+5 roles, assigned=[Commited, First Year, International Student, Ira A. Fulton Schools of Engineering, Tempe]
Ignoring exception in on_member_update
Traceback (most recent call last):
  File "/usr/local/lib/python3.12/site-packages/discord/client.py", line 465, in _run_event
    await coro(*args, **kwargs)
  File "/app/asu_discord/cogs/analytics.py", line 652, in on_member_update
    before_timeout = before.timed_out_until
                     ^^^^^^^^^^^^^^^^^^^^^^
AttributeError: 'Member' object has no attribute 'timed_out_until'
Ignoring exception in on_member_update
Traceback (most recent call last):
  File "/usr/local/lib/python3.12/site-packages/discord/client.py", line 465, in _run_event
    await coro(*args, **kwargs)
  File "/app/asu_discord/cogs/analytics.py", line 652, in on_member_update
    before_timeout = before.timed_out_until
                     ^^^^^^^^^^^^^^^^^^^^^^
AttributeError: 'Member' object has no attribute 'timed_out_until'
Ignoring exception in on_member_update
Traceback (most recent call last):
  File "/usr/local/lib/python3.12/site-packages/discord/client.py", line 465, in _run_event
    await coro(*args, **kwargs)
  File "/app/asu_discord/cogs/analytics.py", line 652, in on_member_update
    before_timeout = before.timed_out_until
                     ^^^^^^^^^^^^^^^^^^^^^^
AttributeError: 'Member' object has no attribute 'timed_out_until'
Ignoring exception in on_member_update
Traceback (most recent call last):
  File "/usr/local/lib/python3.12/site-packages/discord/client.py", line 465, in _run_event
    await coro(*args, **kwargs)
  File "/app/asu_discord/cogs/analytics.py", line 652, in on_member_update
    before_timeout = before.timed_out_until
                     ^^^^^^^^^^^^^^^^^^^^^^
AttributeError: 'Member' object has no attribute 'timed_out_until'
Ignoring exception in on_member_update
Traceback (most recent call last):
  File "/usr/local/lib/python3.12/site-packages/discord/client.py", line 465, in _run_event
    await coro(*args, **kwargs)
  File "/app/asu_discord/cogs/analytics.py", line 652, in on_member_update
    before_timeout = before.timed_out_until
                     ^^^^^^^^^^^^^^^^^^^^^^
AttributeError: 'Member' object has no attribute 'timed_out_until'
Ignoring exception in on_member_update
Traceback (most recent call last):
  File "/usr/local/lib/python3.12/site-packages/discord/client.py", line 465, in _run_event
    await coro(*args, **kwargs)
  File "/app/asu_discord/cogs/analytics.py", line 652, in on_member_update
    before_timeout = before.timed_out_until
                     ^^^^^^^^^^^^^^^^^^^^^^
AttributeError: 'Member' object has no attribute 'timed_out_until'
Ignoring exception in on_member_update
Traceback (most recent call last):
  File "/usr/local/lib/python3.12/site-packages/discord/client.py", line 465, in _run_event
    await coro(*args, **kwargs)
  File "/app/asu_discord/cogs/analytics.py", line 652, in on_member_update
    before_timeout = before.timed_out_until
                     ^^^^^^^^^^^^^^^^^^^^^^
AttributeError: 'Member' object has no attribute 'timed_out_until'
Ignoring exception in on_member_update
Traceback (most recent call last):
  File "/usr/local/lib/python3.12/site-packages/discord/client.py", line 465, in _run_event
    await coro(*args, **kwargs)
  File "/app/asu_discord/cogs/analytics.py", line 652, in on_member_update
    before_timeout = before.timed_out_until
                     ^^^^^^^^^^^^^^^^^^^^^^
AttributeError: 'Member' object has no attribute 'timed_out_until'
Ignoring exception in on_member_update
Traceback (most recent call last):
  File "/usr/local/lib/python3.12/site-packages/discord/client.py", line 465, in _run_event
    await coro(*args, **kwargs)
  File "/app/asu_discord/cogs/analytics.py", line 652, in on_member_update
    before_timeout = before.timed_out_until
                     ^^^^^^^^^^^^^^^^^^^^^^
AttributeError: 'Member' object has no attribute 'timed_out_until'
Ignoring exception in on_member_update
Traceback (most recent call last):
  File "/usr/local/lib/python3.12/site-packages/discord/client.py", line 465, in _run_event
    await coro(*args, **kwargs)
  File "/app/asu_discord/cogs/analytics.py", line 652, in on_member_update
    before_timeout = before.timed_out_until
                     ^^^^^^^^^^^^^^^^^^^^^^
AttributeError: 'Member' object has no attribute 'timed_out_until'
Ignoring exception in on_member_update
Traceback (most recent call last):
  File "/usr/local/lib/python3.12/site-packages/discord/client.py", line 465, in _run_event
    await coro(*args, **kwargs)
  File "/app/asu_discord/cogs/analytics.py", line 652, in on_member_update
    before_timeout = before.timed_out_until
                     ^^^^^^^^^^^^^^^^^^^^^^
AttributeError: 'Member' object has no attribute 'timed_out_until'
Ignoring exception in on_member_update
Traceback (most recent call last):
  File "/usr/local/lib/python3.12/site-packages/discord/client.py", line 465, in _run_event
    await coro(*args, **kwargs)
  File "/app/asu_discord/cogs/analytics.py", line 652, in on_member_update
    before_timeout = before.timed_out_until
                     ^^^^^^^^^^^^^^^^^^^^^^
AttributeError: 'Member' object has no attribute 'timed_out_until'
INFO:asu_discord.cogs.verification:Saved 6 roles to database for user mmhann (Discord ID: 1153808576096239660)
INFO:asu_discord.cogs.verification:Refreshed Salesforce roles for Discord user 1153808576096239660: -6/+6 roles, assigned=[Commited, First Generation Student, First Year, Ira A. Fulton Schools of Engineering, Out of State, Tempe]
Ignoring exception in on_member_update
Traceback (most recent call last):
  File "/usr/local/lib/python3.12/site-packages/discord/client.py", line 465, in _run_event
    await coro(*args, **kwargs)
  File "/app/asu_discord/cogs/analytics.py", line 652, in on_member_update
    before_timeout = before.timed_out_until
                     ^^^^^^^^^^^^^^^^^^^^^^
AttributeError: 'Member' object has no attribute 'timed_out_until'
Ignoring exception in on_member_update
Traceback (most recent call last):
  File "/usr/local/lib/python3.12/site-packages/discord/client.py", line 465, in _run_event
    await coro(*args, **kwargs)
  File "/app/asu_discord/cogs/analytics.py", line 652, in on_member_update
    before_timeout = before.timed_out_until
                     ^^^^^^^^^^^^^^^^^^^^^^
AttributeError: 'Member' object has no attribute 'timed_out_until'
Ignoring exception in on_member_update
Traceback (most recent call last):
  File "/usr/local/lib/python3.12/site-packages/discord/client.py", line 465, in _run_event
    await coro(*args, **kwargs)
  File "/app/asu_discord/cogs/analytics.py", line 652, in on_member_update
    before_timeout = before.timed_out_until
                     ^^^^^^^^^^^^^^^^^^^^^^
AttributeError: 'Member' object has no attribute 'timed_out_until'
Ignoring exception in on_member_update
Traceback (most recent call last):
  File "/usr/local/lib/python3.12/site-packages/discord/client.py", line 465, in _run_event
    await coro(*args, **kwargs)
  File "/app/asu_discord/cogs/analytics.py", line 652, in on_member_update
    before_timeout = before.timed_out_until
                     ^^^^^^^^^^^^^^^^^^^^^^
AttributeError: 'Member' object has no attribute 'timed_out_until'
Ignoring exception in on_member_update
Traceback (most recent call last):
  File "/usr/local/lib/python3.12/site-packages/discord/client.py", line 465, in _run_event
    await coro(*args, **kwargs)
  File "/app/asu_discord/cogs/analytics.py", line 652, in on_member_update
    before_timeout = before.timed_out_until
                     ^^^^^^^^^^^^^^^^^^^^^^
AttributeError: 'Member' object has no attribute 'timed_out_until'
Ignoring exception in on_member_update
Traceback (most recent call last):
  File "/usr/local/lib/python3.12/site-packages/discord/client.py", line 465, in _run_event
    await coro(*args, **kwargs)
  File "/app/asu_discord/cogs/analytics.py", line 652, in on_member_update
    before_timeout = before.timed_out_until
                     ^^^^^^^^^^^^^^^^^^^^^^
AttributeError: 'Member' object has no attribute 'timed_out_until'
Ignoring exception in on_member_update
Traceback (most recent call last):
  File "/usr/local/lib/python3.12/site-packages/discord/client.py", line 465, in _run_event
    await coro(*args, **kwargs)
  File "/app/asu_discord/cogs/analytics.py", line 652, in on_member_update
    before_timeout = before.timed_out_until
                     ^^^^^^^^^^^^^^^^^^^^^^
AttributeError: 'Member' object has no attribute 'timed_out_until'
Ignoring exception in on_member_update
Traceback (most recent call last):
  File "/usr/local/lib/python3.12/site-packages/discord/client.py", line 465, in _run_event
    await coro(*args, **kwargs)
  File "/app/asu_discord/cogs/analytics.py", line 652, in on_member_update
    before_timeout = before.timed_out_until
                     ^^^^^^^^^^^^^^^^^^^^^^
AttributeError: 'Member' object has no attribute 'timed_out_until'
Ignoring exception in on_member_update
Traceback (most recent call last):
  File "/usr/local/lib/python3.12/site-packages/discord/client.py", line 465, in _run_event
    await coro(*args, **kwargs)
  File "/app/asu_discord/cogs/analytics.py", line 652, in on_member_update
    before_timeout = before.timed_out_until
                     ^^^^^^^^^^^^^^^^^^^^^^
AttributeError: 'Member' object has no attribute 'timed_out_until'
Ignoring exception in on_member_update
Traceback (most recent call last):
  File "/usr/local/lib/python3.12/site-packages/discord/client.py", line 465, in _run_event
    await coro(*args, **kwargs)
  File "/app/asu_discord/cogs/analytics.py", line 652, in on_member_update
    before_timeout = before.timed_out_until
                     ^^^^^^^^^^^^^^^^^^^^^^
AttributeError: 'Member' object has no attribute 'timed_out_until'
Ignoring exception in on_member_update
Traceback (most recent call last):
  File "/usr/local/lib/python3.12/site-packages/discord/client.py", line 465, in _run_event
    await coro(*args, **kwargs)
  File "/app/asu_discord/cogs/analytics.py", line 652, in on_member_update
    before_timeout = before.timed_out_until
                     ^^^^^^^^^^^^^^^^^^^^^^
AttributeError: 'Member' object has no attribute 'timed_out_until'
Ignoring exception in on_member_update
Traceback (most recent call last):
  File "/usr/local/lib/python3.12/site-packages/discord/client.py", line 465, in _run_event
    await coro(*args, **kwargs)
  File "/app/asu_discord/cogs/analytics.py", line 652, in on_member_update
    before_timeout = before.timed_out_until
                     ^^^^^^^^^^^^^^^^^^^^^^
AttributeError: 'Member' object has no attribute 'timed_out_until'
INFO:asu_discord.cogs.verification:Saved 6 roles to database for user imenaher (Discord ID: 1524301889292734494)
INFO:asu_discord.cogs.verification:Refreshed Salesforce roles for Discord user 1524301889292734494: -6/+6 roles, assigned=[Arizona Resident, Commited, First Generation Student, First Year, Ira A. Fulton Schools of Engineering, Tempe]
Ignoring exception in on_member_update
Traceback (most recent call last):
  File "/usr/local/lib/python3.12/site-packages/discord/client.py", line 465, in _run_event
    await coro(*args, **kwargs)
  File "/app/asu_discord/cogs/analytics.py", line 652, in on_member_update
    before_timeout = before.timed_out_until
                     ^^^^^^^^^^^^^^^^^^^^^^
AttributeError: 'Member' object has no attribute 'timed_out_until'
Ignoring exception in on_member_update
Traceback (most recent call last):
  File "/usr/local/lib/python3.12/site-packages/discord/client.py", line 465, in _run_event
    await coro(*args, **kwargs)
  File "/app/asu_discord/cogs/analytics.py", line 652, in on_member_update
    before_timeout = before.timed_out_until
                     ^^^^^^^^^^^^^^^^^^^^^^
AttributeError: 'Member' object has no attribute 'timed_out_until'
Ignoring exception in on_member_update
Traceback (most recent call last):
  File "/usr/local/lib/python3.12/site-packages/discord/client.py", line 465, in _run_event
    await coro(*args, **kwargs)
  File "/app/asu_discord/cogs/analytics.py", line 652, in on_member_update
    before_timeout = before.timed_out_until
                     ^^^^^^^^^^^^^^^^^^^^^^
AttributeError: 'Member' object has no attribute 'timed_out_until'
Ignoring exception in on_member_update
Traceback (most recent call last):
  File "/usr/local/lib/python3.12/site-packages/discord/client.py", line 465, in _run_event
    await coro(*args, **kwargs)
  File "/app/asu_discord/cogs/analytics.py", line 652, in on_member_update
    before_timeout = before.timed_out_until
                     ^^^^^^^^^^^^^^^^^^^^^^
AttributeError: 'Member' object has no attribute 'timed_out_until'
Ignoring exception in on_member_update
Traceback (most recent call last):
  File "/usr/local/lib/python3.12/site-packages/discord/client.py", line 465, in _run_event
    await coro(*args, **kwargs)
  File "/app/asu_discord/cogs/analytics.py", line 652, in on_member_update
    before_timeout = before.timed_out_until
                     ^^^^^^^^^^^^^^^^^^^^^^
AttributeError: 'Member' object has no attribute 'timed_out_until'
Ignoring exception in on_member_update
Traceback (most recent call last):
  File "/usr/local/lib/python3.12/site-packages/discord/client.py", line 465, in _run_event
    await coro(*args, **kwargs)
  File "/app/asu_discord/cogs/analytics.py", line 652, in on_member_update
    before_timeout = before.timed_out_until
                     ^^^^^^^^^^^^^^^^^^^^^^
AttributeError: 'Member' object has no attribute 'timed_out_until'
Ignoring exception in on_member_update
Traceback (most recent call last):
  File "/usr/local/lib/python3.12/site-packages/discord/client.py", line 465, in _run_event
    await coro(*args, **kwargs)
  File "/app/asu_discord/cogs/analytics.py", line 652, in on_member_update
    before_timeout = before.timed_out_until
                     ^^^^^^^^^^^^^^^^^^^^^^
AttributeError: 'Member' object has no attribute 'timed_out_until'
Ignoring exception in on_member_update
Traceback (most recent call last):
  File "/usr/local/lib/python3.12/site-packages/discord/client.py", line 465, in _run_event
    await coro(*args, **kwargs)
  File "/app/asu_discord/cogs/analytics.py", line 652, in on_member_update
    before_timeout = before.timed_out_until
                     ^^^^^^^^^^^^^^^^^^^^^^
AttributeError: 'Member' object has no attribute 'timed_out_until'
Ignoring exception in on_member_update
Traceback (most recent call last):
  File "/usr/local/lib/python3.12/site-packages/discord/client.py", line 465, in _run_event
    await coro(*args, **kwargs)
  File "/app/asu_discord/cogs/analytics.py", line 652, in on_member_update
    before_timeout = before.timed_out_until
                     ^^^^^^^^^^^^^^^^^^^^^^
AttributeError: 'Member' object has no attribute 'timed_out_until'
Ignoring exception in on_member_update
Traceback (most recent call last):
  File "/usr/local/lib/python3.12/site-packages/discord/client.py", line 465, in _run_event
    await coro(*args, **kwargs)
  File "/app/asu_discord/cogs/analytics.py", line 652, in on_member_update
    before_timeout = before.timed_out_until
                     ^^^^^^^^^^^^^^^^^^^^^^
AttributeError: 'Member' object has no attribute 'timed_out_until'
INFO:asu_discord.cogs.verification:Saved 5 roles to database for user sbaxte10 (Discord ID: 962699249211039754)
INFO:asu_discord.cogs.verification:Refreshed Salesforce roles for Discord user 962699249211039754: -5/+5 roles, assigned=[Arizona Resident, College of Integrative Sciences and Arts, Commited, Polytechnic, Transfer Student]
Ignoring exception in on_member_update
Traceback (most recent call last):
  File "/usr/local/lib/python3.12/site-packages/discord/client.py", line 465, in _run_event
    await coro(*args, **kwargs)
  File "/app/asu_discord/cogs/analytics.py", line 652, in on_member_update
    before_timeout = before.timed_out_until
                     ^^^^^^^^^^^^^^^^^^^^^^
AttributeError: 'Member' object has no attribute 'timed_out_until'
Ignoring exception in on_member_update
Traceback (most recent call last):
  File "/usr/local/lib/python3.12/site-packages/discord/client.py", line 465, in _run_event
    await coro(*args, **kwargs)
  File "/app/asu_discord/cogs/analytics.py", line 652, in on_member_update
    before_timeout = before.timed_out_until
                     ^^^^^^^^^^^^^^^^^^^^^^
AttributeError: 'Member' object has no attribute 'timed_out_until'
Ignoring exception in on_member_update
Traceback (most recent call last):
  File "/usr/local/lib/python3.12/site-packages/discord/client.py", line 465, in _run_event
    await coro(*args, **kwargs)
  File "/app/asu_discord/cogs/analytics.py", line 652, in on_member_update
    before_timeout = before.timed_out_until
                     ^^^^^^^^^^^^^^^^^^^^^^
AttributeError: 'Member' object has no attribute 'timed_out_until'
Ignoring exception in on_member_update
Traceback (most recent call last):
  File "/usr/local/lib/python3.12/site-packages/discord/client.py", line 465, in _run_event
    await coro(*args, **kwargs)
  File "/app/asu_discord/cogs/analytics.py", line 652, in on_member_update
    before_timeout = before.timed_out_until
                     ^^^^^^^^^^^^^^^^^^^^^^
AttributeError: 'Member' object has no attribute 'timed_out_until'
Ignoring exception in on_member_update
Traceback (most recent call last):
  File "/usr/local/lib/python3.12/site-packages/discord/client.py", line 465, in _run_event
    await coro(*args, **kwargs)
  File "/app/asu_discord/cogs/analytics.py", line 652, in on_member_update
    before_timeout = before.timed_out_until
                     ^^^^^^^^^^^^^^^^^^^^^^
AttributeError: 'Member' object has no attribute 'timed_out_until'
Ignoring exception in on_member_update
Traceback (most recent call last):
  File "/usr/local/lib/python3.12/site-packages/discord/client.py", line 465, in _run_event
    await coro(*args, **kwargs)
  File "/app/asu_discord/cogs/analytics.py", line 652, in on_member_update
    before_timeout = before.timed_out_until
                     ^^^^^^^^^^^^^^^^^^^^^^
AttributeError: 'Member' object has no attribute 'timed_out_until'
Ignoring exception in on_member_update
Traceback (most recent call last):
  File "/usr/local/lib/python3.12/site-packages/discord/client.py", line 465, in _run_event
    await coro(*args, **kwargs)
  File "/app/asu_discord/cogs/analytics.py", line 652, in on_member_update
    before_timeout = before.timed_out_until
                     ^^^^^^^^^^^^^^^^^^^^^^
AttributeError: 'Member' object has no attribute 'timed_out_until'
Ignoring exception in on_member_update
Traceback (most recent call last):
  File "/usr/local/lib/python3.12/site-packages/discord/client.py", line 465, in _run_event
    await coro(*args, **kwargs)
  File "/app/asu_discord/cogs/analytics.py", line 652, in on_member_update
    before_timeout = before.timed_out_until
                     ^^^^^^^^^^^^^^^^^^^^^^
AttributeError: 'Member' object has no attribute 'timed_out_until'
Ignoring exception in on_member_update
Traceback (most recent call last):
  File "/usr/local/lib/python3.12/site-packages/discord/client.py", line 465, in _run_event
    await coro(*args, **kwargs)
  File "/app/asu_discord/cogs/analytics.py", line 652, in on_member_update
    before_timeout = before.timed_out_until
                     ^^^^^^^^^^^^^^^^^^^^^^
AttributeError: 'Member' object has no attribute 'timed_out_until'
Ignoring exception in on_member_update
Traceback (most recent call last):
  File "/usr/local/lib/python3.12/site-packages/discord/client.py", line 465, in _run_event
    await coro(*args, **kwargs)
  File "/app/asu_discord/cogs/analytics.py", line 652, in on_member_update
    before_timeout = before.timed_out_until
                     ^^^^^^^^^^^^^^^^^^^^^^
AttributeError: 'Member' object has no attribute 'timed_out_until'
INFO:asu_discord.cogs.verification:Saved 5 roles to database for user opeckens (Discord ID: 765596835417948199)
INFO:asu_discord.cogs.verification:Refreshed Salesforce roles for Discord user 765596835417948199: -5/+5 roles, assigned=[Arizona Resident, Commited, First Year, Tempe, W.P. Carey School of Business]
Ignoring exception in on_member_update
Traceback (most recent call last):
  File "/usr/local/lib/python3.12/site-packages/discord/client.py", line 465, in _run_event
    await coro(*args, **kwargs)
  File "/app/asu_discord/cogs/analytics.py", line 652, in on_member_update
    before_timeout = before.timed_out_until
                     ^^^^^^^^^^^^^^^^^^^^^^
AttributeError: 'Member' object has no attribute 'timed_out_until'
Ignoring exception in on_member_update
Traceback (most recent call last):
  File "/usr/local/lib/python3.12/site-packages/discord/client.py", line 465, in _run_event
    await coro(*args, **kwargs)
  File "/app/asu_discord/cogs/analytics.py", line 652, in on_member_update
    before_timeout = before.timed_out_until
                     ^^^^^^^^^^^^^^^^^^^^^^
AttributeError: 'Member' object has no attribute 'timed_out_until'
Ignoring exception in on_member_update
Traceback (most recent call last):
  File "/usr/local/lib/python3.12/site-packages/discord/client.py", line 465, in _run_event
    await coro(*args, **kwargs)
  File "/app/asu_discord/cogs/analytics.py", line 652, in on_member_update
    before_timeout = before.timed_out_until
                     ^^^^^^^^^^^^^^^^^^^^^^
AttributeError: 'Member' object has no attribute 'timed_out_until'
Ignoring exception in on_member_update
Traceback (most recent call last):
  File "/usr/local/lib/python3.12/site-packages/discord/client.py", line 465, in _run_event
    await coro(*args, **kwargs)
  File "/app/asu_discord/cogs/analytics.py", line 652, in on_member_update
    before_timeout = before.timed_out_until
                     ^^^^^^^^^^^^^^^^^^^^^^
AttributeError: 'Member' object has no attribute 'timed_out_until'
Ignoring exception in on_member_update
Traceback (most recent call last):
  File "/usr/local/lib/python3.12/site-packages/discord/client.py", line 465, in _run_event
    await coro(*args, **kwargs)
  File "/app/asu_discord/cogs/analytics.py", line 652, in on_member_update
    before_timeout = before.timed_out_until
                     ^^^^^^^^^^^^^^^^^^^^^^
AttributeError: 'Member' object has no attribute 'timed_out_until'
Ignoring exception in on_member_update
Traceback (most recent call last):
  File "/usr/local/lib/python3.12/site-packages/discord/client.py", line 465, in _run_event
    await coro(*args, **kwargs)
  File "/app/asu_discord/cogs/analytics.py", line 652, in on_member_update
    before_timeout = before.timed_out_until
                     ^^^^^^^^^^^^^^^^^^^^^^
AttributeError: 'Member' object has no attribute 'timed_out_until'
Ignoring exception in on_member_update
Traceback (most recent call last):
  File "/usr/local/lib/python3.12/site-packages/discord/client.py", line 465, in _run_event
    await coro(*args, **kwargs)
  File "/app/asu_discord/cogs/analytics.py", line 652, in on_member_update
    before_timeout = before.timed_out_until
                     ^^^^^^^^^^^^^^^^^^^^^^
AttributeError: 'Member' object has no attribute 'timed_out_until'
Ignoring exception in on_member_update
Traceback (most recent call last):
  File "/usr/local/lib/python3.12/site-packages/discord/client.py", line 465, in _run_event
    await coro(*args, **kwargs)
  File "/app/asu_discord/cogs/analytics.py", line 652, in on_member_update
    before_timeout = before.timed_out_until
                     ^^^^^^^^^^^^^^^^^^^^^^
AttributeError: 'Member' object has no attribute 'timed_out_until'
INFO:asu_discord.cogs.verification:Saved 4 roles to database for user tgriff47 (Discord ID: 536405169513168896)
INFO:asu_discord.cogs.verification:Refreshed Salesforce roles for Discord user 536405169513168896: -4/+4 roles, assigned=[First Year, Ira A. Fulton Schools of Engineering, Online, Out of State]
Ignoring exception in on_member_update
Traceback (most recent call last):
  File "/usr/local/lib/python3.12/site-packages/discord/client.py", line 465, in _run_event
    await coro(*args, **kwargs)
  File "/app/asu_discord/cogs/analytics.py", line 652, in on_member_update
    before_timeout = before.timed_out_until
                     ^^^^^^^^^^^^^^^^^^^^^^
AttributeError: 'Member' object has no attribute 'timed_out_until'
Ignoring exception in on_member_update
Traceback (most recent call last):
  File "/usr/local/lib/python3.12/site-packages/discord/client.py", line 465, in _run_event
    await coro(*args, **kwargs)
  File "/app/asu_discord/cogs/analytics.py", line 652, in on_member_update
    before_timeout = before.timed_out_until
                     ^^^^^^^^^^^^^^^^^^^^^^
AttributeError: 'Member' object has no attribute 'timed_out_until'
Ignoring exception in on_member_update
Traceback (most recent call last):
  File "/usr/local/lib/python3.12/site-packages/discord/client.py", line 465, in _run_event
    await coro(*args, **kwargs)
  File "/app/asu_discord/cogs/analytics.py", line 652, in on_member_update
    before_timeout = before.timed_out_until
                     ^^^^^^^^^^^^^^^^^^^^^^
AttributeError: 'Member' object has no attribute 'timed_out_until'
Ignoring exception in on_member_update
Traceback (most recent call last):
  File "/usr/local/lib/python3.12/site-packages/discord/client.py", line 465, in _run_event
    await coro(*args, **kwargs)
  File "/app/asu_discord/cogs/analytics.py", line 652, in on_member_update
    before_timeout = before.timed_out_until
                     ^^^^^^^^^^^^^^^^^^^^^^
AttributeError: 'Member' object has no attribute 'timed_out_until'
Ignoring exception in on_member_update
Traceback (most recent call last):
  File "/usr/local/lib/python3.12/site-packages/discord/client.py", line 465, in _run_event
    await coro(*args, **kwargs)
  File "/app/asu_discord/cogs/analytics.py", line 652, in on_member_update
    before_timeout = before.timed_out_until
                     ^^^^^^^^^^^^^^^^^^^^^^
AttributeError: 'Member' object has no attribute 'timed_out_until'
Ignoring exception in on_member_update
Traceback (most recent call last):
  File "/usr/local/lib/python3.12/site-packages/discord/client.py", line 465, in _run_event
    await coro(*args, **kwargs)
  File "/app/asu_discord/cogs/analytics.py", line 652, in on_member_update
    before_timeout = before.timed_out_until
                     ^^^^^^^^^^^^^^^^^^^^^^
AttributeError: 'Member' object has no attribute 'timed_out_until'
Ignoring exception in on_member_update
Traceback (most recent call last):
  File "/usr/local/lib/python3.12/site-packages/discord/client.py", line 465, in _run_event
    await coro(*args, **kwargs)
  File "/app/asu_discord/cogs/analytics.py", line 652, in on_member_update
    before_timeout = before.timed_out_until
                     ^^^^^^^^^^^^^^^^^^^^^^
AttributeError: 'Member' object has no attribute 'timed_out_until'
Ignoring exception in on_member_update
Traceback (most recent call last):
  File "/usr/local/lib/python3.12/site-packages/discord/client.py", line 465, in _run_event
    await coro(*args, **kwargs)
  File "/app/asu_discord/cogs/analytics.py", line 652, in on_member_update
    before_timeout = before.timed_out_until
                     ^^^^^^^^^^^^^^^^^^^^^^
AttributeError: 'Member' object has no attribute 'timed_out_until'
Ignoring exception in on_member_update
Traceback (most recent call last):
  File "/usr/local/lib/python3.12/site-packages/discord/client.py", line 465, in _run_event
    await coro(*args, **kwargs)
  File "/app/asu_discord/cogs/analytics.py", line 652, in on_member_update
    before_timeout = before.timed_out_until
                     ^^^^^^^^^^^^^^^^^^^^^^
AttributeError: 'Member' object has no attribute 'timed_out_until'
Ignoring exception in on_member_update
Traceback (most recent call last):
  File "/usr/local/lib/python3.12/site-packages/discord/client.py", line 465, in _run_event
    await coro(*args, **kwargs)
  File "/app/asu_discord/cogs/analytics.py", line 652, in on_member_update
    before_timeout = before.timed_out_until
                     ^^^^^^^^^^^^^^^^^^^^^^
AttributeError: 'Member' object has no attribute 'timed_out_until'
Ignoring exception in on_member_update
Traceback (most recent call last):
  File "/usr/local/lib/python3.12/site-packages/discord/client.py", line 465, in _run_event
    await coro(*args, **kwargs)
  File "/app/asu_discord/cogs/analytics.py", line 652, in on_member_update
    before_timeout = before.timed_out_until
                     ^^^^^^^^^^^^^^^^^^^^^^
AttributeError: 'Member' object has no attribute 'timed_out_until'
ERROR:cron.jobs:refresh_salesforce_roles: failed for mstatt (Discord ID 1524508580928028673): Timed out refresh Salesforce-based roles
Ignoring exception in on_member_update
Traceback (most recent call last):
  File "/usr/local/lib/python3.12/site-packages/discord/client.py", line 465, in _run_event
    await coro(*args, **kwargs)
  File "/app/asu_discord/cogs/analytics.py", line 652, in on_member_update
    before_timeout = before.timed_out_until
                     ^^^^^^^^^^^^^^^^^^^^^^
AttributeError: 'Member' object has no attribute 'timed_out_until'
Ignoring exception in on_member_update
Traceback (most recent call last):
  File "/usr/local/lib/python3.12/site-packages/discord/client.py", line 465, in _run_event
    await coro(*args, **kwargs)
  File "/app/asu_discord/cogs/analytics.py", line 652, in on_member_update
    before_timeout = before.timed_out_until
                     ^^^^^^^^^^^^^^^^^^^^^^
AttributeError: 'Member' object has no attribute 'timed_out_until'
Ignoring exception in on_member_update
Traceback (most recent call last):
  File "/usr/local/lib/python3.12/site-packages/discord/client.py", line 465, in _run_event
    await coro(*args, **kwargs)
  File "/app/asu_discord/cogs/analytics.py", line 652, in on_member_update
    before_timeout = before.timed_out_until
                     ^^^^^^^^^^^^^^^^^^^^^^
AttributeError: 'Member' object has no attribute 'timed_out_until'
Ignoring exception in on_member_update
Traceback (most recent call last):
  File "/usr/local/lib/python3.12/site-packages/discord/client.py", line 465, in _run_event
    await coro(*args, **kwargs)
  File "/app/asu_discord/cogs/analytics.py", line 652, in on_member_update
    before_timeout = before.timed_out_until
                     ^^^^^^^^^^^^^^^^^^^^^^
AttributeError: 'Member' object has no attribute 'timed_out_until'
Ignoring exception in on_member_update
Traceback (most recent call last):
  File "/usr/local/lib/python3.12/site-packages/discord/client.py", line 465, in _run_event
    await coro(*args, **kwargs)
  File "/app/asu_discord/cogs/analytics.py", line 652, in on_member_update
    before_timeout = before.timed_out_until
                     ^^^^^^^^^^^^^^^^^^^^^^
AttributeError: 'Member' object has no attribute 'timed_out_until'
Ignoring exception in on_member_update
Traceback (most recent call last):
  File "/usr/local/lib/python3.12/site-packages/discord/client.py", line 465, in _run_event
    await coro(*args, **kwargs)
  File "/app/asu_discord/cogs/analytics.py", line 652, in on_member_update
    before_timeout = before.timed_out_until
                     ^^^^^^^^^^^^^^^^^^^^^^
AttributeError: 'Member' object has no attribute 'timed_out_until'
Ignoring exception in on_member_update
Traceback (most recent call last):
  File "/usr/local/lib/python3.12/site-packages/discord/client.py", line 465, in _run_event
    await coro(*args, **kwargs)
  File "/app/asu_discord/cogs/analytics.py", line 652, in on_member_update
    before_timeout = before.timed_out_until
                     ^^^^^^^^^^^^^^^^^^^^^^
AttributeError: 'Member' object has no attribute 'timed_out_until'
Ignoring exception in on_member_update
Traceback (most recent call last):
  File "/usr/local/lib/python3.12/site-packages/discord/client.py", line 465, in _run_event
    await coro(*args, **kwargs)
  File "/app/asu_discord/cogs/analytics.py", line 652, in on_member_update
    before_timeout = before.timed_out_until
                     ^^^^^^^^^^^^^^^^^^^^^^
AttributeError: 'Member' object has no attribute 'timed_out_until'
Ignoring exception in on_member_update
Traceback (most recent call last):
  File "/usr/local/lib/python3.12/site-packages/discord/client.py", line 465, in _run_event
    await coro(*args, **kwargs)
  File "/app/asu_discord/cogs/analytics.py", line 652, in on_member_update
    before_timeout = before.timed_out_until
                     ^^^^^^^^^^^^^^^^^^^^^^
AttributeError: 'Member' object has no attribute 'timed_out_until'
INFO:asu_discord.cogs.verification:Saved 4 roles to database for user rcsmit47 (Discord ID: 454130410079649793)
INFO:asu_discord.cogs.verification:Refreshed Salesforce roles for Discord user 454130410079649793: -4/+4 roles, assigned=[Herberger Institute for Design and the Arts, Online, Out of State, Transfer Student]
Ignoring exception in on_member_update
Traceback (most recent call last):
  File "/usr/local/lib/python3.12/site-packages/discord/client.py", line 465, in _run_event
    await coro(*args, **kwargs)
  File "/app/asu_discord/cogs/analytics.py", line 652, in on_member_update
    before_timeout = before.timed_out_until
                     ^^^^^^^^^^^^^^^^^^^^^^
AttributeError: 'Member' object has no attribute 'timed_out_until'
Ignoring exception in on_member_update
Traceback (most recent call last):
  File "/usr/local/lib/python3.12/site-packages/discord/client.py", line 465, in _run_event
    await coro(*args, **kwargs)
  File "/app/asu_discord/cogs/analytics.py", line 652, in on_member_update
    before_timeout = before.timed_out_until
                     ^^^^^^^^^^^^^^^^^^^^^^
AttributeError: 'Member' object has no attribute 'timed_out_until'
Ignoring exception in on_member_update
Traceback (most recent call last):
  File "/usr/local/lib/python3.12/site-packages/discord/client.py", line 465, in _run_event
    await coro(*args, **kwargs)
  File "/app/asu_discord/cogs/analytics.py", line 652, in on_member_update
    before_timeout = before.timed_out_until
                     ^^^^^^^^^^^^^^^^^^^^^^
AttributeError: 'Member' object has no attribute 'timed_out_until'
Ignoring exception in on_member_update
Traceback (most recent call last):
  File "/usr/local/lib/python3.12/site-packages/discord/client.py", line 465, in _run_event
    await coro(*args, **kwargs)
  File "/app/asu_discord/cogs/analytics.py", line 652, in on_member_update
    before_timeout = before.timed_out_until
                     ^^^^^^^^^^^^^^^^^^^^^^
AttributeError: 'Member' object has no attribute 'timed_out_until'
Ignoring exception in on_member_update
Traceback (most recent call last):
  File "/usr/local/lib/python3.12/site-packages/discord/client.py", line 465, in _run_event
    await coro(*args, **kwargs)
  File "/app/asu_discord/cogs/analytics.py", line 652, in on_member_update
    before_timeout = before.timed_out_until
                     ^^^^^^^^^^^^^^^^^^^^^^
AttributeError: 'Member' object has no attribute 'timed_out_until'
Ignoring exception in on_member_update
Traceback (most recent call last):
  File "/usr/local/lib/python3.12/site-packages/discord/client.py", line 465, in _run_event
    await coro(*args, **kwargs)
  File "/app/asu_discord/cogs/analytics.py", line 652, in on_member_update
    before_timeout = before.timed_out_until
                     ^^^^^^^^^^^^^^^^^^^^^^
AttributeError: 'Member' object has no attribute 'timed_out_until'
Ignoring exception in on_member_update
Traceback (most recent call last):
  File "/usr/local/lib/python3.12/site-packages/discord/client.py", line 465, in _run_event
    await coro(*args, **kwargs)
  File "/app/asu_discord/cogs/analytics.py", line 652, in on_member_update
    before_timeout = before.timed_out_until
                     ^^^^^^^^^^^^^^^^^^^^^^
AttributeError: 'Member' object has no attribute 'timed_out_until'
Ignoring exception in on_member_update
Traceback (most recent call last):
  File "/usr/local/lib/python3.12/site-packages/discord/client.py", line 465, in _run_event
    await coro(*args, **kwargs)
  File "/app/asu_discord/cogs/analytics.py", line 652, in on_member_update
    before_timeout = before.timed_out_until
                     ^^^^^^^^^^^^^^^^^^^^^^
AttributeError: 'Member' object has no attribute 'timed_out_until'
Ignoring exception in on_member_update
Traceback (most recent call last):
  File "/usr/local/lib/python3.12/site-packages/discord/client.py", line 465, in _run_event
    await coro(*args, **kwargs)
  File "/app/asu_discord/cogs/analytics.py", line 652, in on_member_update
    before_timeout = before.timed_out_until
                     ^^^^^^^^^^^^^^^^^^^^^^
AttributeError: 'Member' object has no attribute 'timed_out_until'
Ignoring exception in on_member_update
Traceback (most recent call last):
  File "/usr/local/lib/python3.12/site-packages/discord/client.py", line 465, in _run_event
    await coro(*args, **kwargs)
  File "/app/asu_discord/cogs/analytics.py", line 652, in on_member_update
    before_timeout = before.timed_out_until
                     ^^^^^^^^^^^^^^^^^^^^^^
AttributeError: 'Member' object has no attribute 'timed_out_until'
Ignoring exception in on_member_update
Traceback (most recent call last):
  File "/usr/local/lib/python3.12/site-packages/discord/client.py", line 465, in _run_event
    await coro(*args, **kwargs)
  File "/app/asu_discord/cogs/analytics.py", line 652, in on_member_update
    before_timeout = before.timed_out_until
                     ^^^^^^^^^^^^^^^^^^^^^^
AttributeError: 'Member' object has no attribute 'timed_out_until'
INFO:asu_discord.cogs.verification:Saved 5 roles to database for user cagarre3 (Discord ID: 1522370828656709720)
INFO:asu_discord.cogs.verification:Refreshed Salesforce roles for Discord user 1522370828656709720: -6/+5 roles, assigned=[Arizona Resident, College of Liberal Arts and Sciences, Commited, First Year, Tempe]
Ignoring exception in on_member_update
Traceback (most recent call last):
  File "/usr/local/lib/python3.12/site-packages/discord/client.py", line 465, in _run_event
    await coro(*args, **kwargs)
  File "/app/asu_discord/cogs/analytics.py", line 652, in on_member_update
    before_timeout = before.timed_out_until
                     ^^^^^^^^^^^^^^^^^^^^^^
AttributeError: 'Member' object has no attribute 'timed_out_until'
Ignoring exception in on_member_update
Traceback (most recent call last):
  File "/usr/local/lib/python3.12/site-packages/discord/client.py", line 465, in _run_event
    await coro(*args, **kwargs)
  File "/app/asu_discord/cogs/analytics.py", line 652, in on_member_update
    before_timeout = before.timed_out_until
                     ^^^^^^^^^^^^^^^^^^^^^^
AttributeError: 'Member' object has no attribute 'timed_out_until'
Ignoring exception in on_member_update
Traceback (most recent call last):
  File "/usr/local/lib/python3.12/site-packages/discord/client.py", line 465, in _run_event
    await coro(*args, **kwargs)
  File "/app/asu_discord/cogs/analytics.py", line 652, in on_member_update
    before_timeout = before.timed_out_until
                     ^^^^^^^^^^^^^^^^^^^^^^
AttributeError: 'Member' object has no attribute 'timed_out_until'
Ignoring exception in on_member_update
Traceback (most recent call last):
  File "/usr/local/lib/python3.12/site-packages/discord/client.py", line 465, in _run_event
    await coro(*args, **kwargs)
  File "/app/asu_discord/cogs/analytics.py", line 652, in on_member_update
    before_timeout = before.timed_out_until
                     ^^^^^^^^^^^^^^^^^^^^^^
AttributeError: 'Member' object has no attribute 'timed_out_until'
Ignoring exception in on_member_update
Traceback (most recent call last):
  File "/usr/local/lib/python3.12/site-packages/discord/client.py", line 465, in _run_event
    await coro(*args, **kwargs)
  File "/app/asu_discord/cogs/analytics.py", line 652, in on_member_update
    before_timeout = before.timed_out_until
                     ^^^^^^^^^^^^^^^^^^^^^^
AttributeError: 'Member' object has no attribute 'timed_out_until'
Ignoring exception in on_member_update
Traceback (most recent call last):
  File "/usr/local/lib/python3.12/site-packages/discord/client.py", line 465, in _run_event
    await coro(*args, **kwargs)
  File "/app/asu_discord/cogs/analytics.py", line 652, in on_member_update
    before_timeout = before.timed_out_until
                     ^^^^^^^^^^^^^^^^^^^^^^
AttributeError: 'Member' object has no attribute 'timed_out_until'
Ignoring exception in on_member_update
Traceback (most recent call last):
  File "/usr/local/lib/python3.12/site-packages/discord/client.py", line 465, in _run_event
    await coro(*args, **kwargs)
  File "/app/asu_discord/cogs/analytics.py", line 652, in on_member_update
    before_timeout = before.timed_out_until
                     ^^^^^^^^^^^^^^^^^^^^^^
AttributeError: 'Member' object has no attribute 'timed_out_until'
Ignoring exception in on_member_update
Traceback (most recent call last):
  File "/usr/local/lib/python3.12/site-packages/discord/client.py", line 465, in _run_event
    await coro(*args, **kwargs)
  File "/app/asu_discord/cogs/analytics.py", line 652, in on_member_update
    before_timeout = before.timed_out_until
                     ^^^^^^^^^^^^^^^^^^^^^^
AttributeError: 'Member' object has no attribute 'timed_out_until'
Ignoring exception in on_member_update
Traceback (most recent call last):
  File "/usr/local/lib/python3.12/site-packages/discord/client.py", line 465, in _run_event
    await coro(*args, **kwargs)
  File "/app/asu_discord/cogs/analytics.py", line 652, in on_member_update
    before_timeout = before.timed_out_until
                     ^^^^^^^^^^^^^^^^^^^^^^
AttributeError: 'Member' object has no attribute 'timed_out_until'
Ignoring exception in on_member_update
Traceback (most recent call last):
  File "/usr/local/lib/python3.12/site-packages/discord/client.py", line 465, in _run_event
    await coro(*args, **kwargs)
  File "/app/asu_discord/cogs/analytics.py", line 652, in on_member_update
    before_timeout = before.timed_out_until
                     ^^^^^^^^^^^^^^^^^^^^^^
AttributeError: 'Member' object has no attribute 'timed_out_until'
INFO:asu_discord.cogs.verification:Saved 5 roles to database for user ampowe14 (Discord ID: 268940055605805057)
INFO:asu_discord.cogs.verification:Refreshed Salesforce roles for Discord user 268940055605805057: -5/+5 roles, assigned=[Arizona Resident, Commited, New College of Interdisciplinary Arts and Sciences, Transfer Student, West Valley]
Ignoring exception in on_member_update
Traceback (most recent call last):
  File "/usr/local/lib/python3.12/site-packages/discord/client.py", line 465, in _run_event
    await coro(*args, **kwargs)
  File "/app/asu_discord/cogs/analytics.py", line 652, in on_member_update
    before_timeout = before.timed_out_until
                     ^^^^^^^^^^^^^^^^^^^^^^
AttributeError: 'Member' object has no attribute 'timed_out_until'
Ignoring exception in on_member_update
Traceback (most recent call last):
  File "/usr/local/lib/python3.12/site-packages/discord/client.py", line 465, in _run_event
    await coro(*args, **kwargs)
  File "/app/asu_discord/cogs/analytics.py", line 652, in on_member_update
    before_timeout = before.timed_out_until
                     ^^^^^^^^^^^^^^^^^^^^^^
AttributeError: 'Member' object has no attribute 'timed_out_until'
Ignoring exception in on_member_update
Traceback (most recent call last):
  File "/usr/local/lib/python3.12/site-packages/discord/client.py", line 465, in _run_event
    await coro(*args, **kwargs)
  File "/app/asu_discord/cogs/analytics.py", line 652, in on_member_update
    before_timeout = before.timed_out_until
                     ^^^^^^^^^^^^^^^^^^^^^^
AttributeError: 'Member' object has no attribute 'timed_out_until'
Ignoring exception in on_member_update
Traceback (most recent call last):
  File "/usr/local/lib/python3.12/site-packages/discord/client.py", line 465, in _run_event
    await coro(*args, **kwargs)
  File "/app/asu_discord/cogs/analytics.py", line 652, in on_member_update
    before_timeout = before.timed_out_until
                     ^^^^^^^^^^^^^^^^^^^^^^
AttributeError: 'Member' object has no attribute 'timed_out_until'
Ignoring exception in on_member_update
Traceback (most recent call last):
  File "/usr/local/lib/python3.12/site-packages/discord/client.py", line 465, in _run_event
    await coro(*args, **kwargs)
  File "/app/asu_discord/cogs/analytics.py", line 652, in on_member_update
    before_timeout = before.timed_out_until
                     ^^^^^^^^^^^^^^^^^^^^^^
AttributeError: 'Member' object has no attribute 'timed_out_until'
Ignoring exception in on_member_update
Traceback (most recent call last):
  File "/usr/local/lib/python3.12/site-packages/discord/client.py", line 465, in _run_event
    await coro(*args, **kwargs)
  File "/app/asu_discord/cogs/analytics.py", line 652, in on_member_update
    before_timeout = before.timed_out_until
                     ^^^^^^^^^^^^^^^^^^^^^^
AttributeError: 'Member' object has no attribute 'timed_out_until'
Ignoring exception in on_member_update
Traceback (most recent call last):
  File "/usr/local/lib/python3.12/site-packages/discord/client.py", line 465, in _run_event
    await coro(*args, **kwargs)
  File "/app/asu_discord/cogs/analytics.py", line 652, in on_member_update
    before_timeout = before.timed_out_until
                     ^^^^^^^^^^^^^^^^^^^^^^
AttributeError: 'Member' object has no attribute 'timed_out_until'
Ignoring exception in on_member_update
Traceback (most recent call last):
  File "/usr/local/lib/python3.12/site-packages/discord/client.py", line 465, in _run_event
    await coro(*args, **kwargs)
  File "/app/asu_discord/cogs/analytics.py", line 652, in on_member_update
    before_timeout = before.timed_out_until
                     ^^^^^^^^^^^^^^^^^^^^^^
AttributeError: 'Member' object has no attribute 'timed_out_until'
Ignoring exception in on_member_update
Traceback (most recent call last):
  File "/usr/local/lib/python3.12/site-packages/discord/client.py", line 465, in _run_event
    await coro(*args, **kwargs)
  File "/app/asu_discord/cogs/analytics.py", line 652, in on_member_update
    before_timeout = before.timed_out_until
                     ^^^^^^^^^^^^^^^^^^^^^^
AttributeError: 'Member' object has no attribute 'timed_out_until'
Ignoring exception in on_member_update
Traceback (most recent call last):
  File "/usr/local/lib/python3.12/site-packages/discord/client.py", line 465, in _run_event
    await coro(*args, **kwargs)
  File "/app/asu_discord/cogs/analytics.py", line 652, in on_member_update
    before_timeout = before.timed_out_until
                     ^^^^^^^^^^^^^^^^^^^^^^
AttributeError: 'Member' object has no attribute 'timed_out_until'
INFO:asu_discord.cogs.verification:Saved 5 roles to database for user arodr719 (Discord ID: 1524570121274790088)
INFO:asu_discord.cogs.verification:Refreshed Salesforce roles for Discord user 1524570121274790088: -5/+5 roles, assigned=[Commited, First Year, International Student, Ira A. Fulton Schools of Engineering, Tempe]
Ignoring exception in on_member_update
Traceback (most recent call last):
  File "/usr/local/lib/python3.12/site-packages/discord/client.py", line 465, in _run_event
    await coro(*args, **kwargs)
  File "/app/asu_discord/cogs/analytics.py", line 652, in on_member_update
    before_timeout = before.timed_out_until
                     ^^^^^^^^^^^^^^^^^^^^^^
AttributeError: 'Member' object has no attribute 'timed_out_until'
Ignoring exception in on_member_update
Traceback (most recent call last):
  File "/usr/local/lib/python3.12/site-packages/discord/client.py", line 465, in _run_event
    await coro(*args, **kwargs)
  File "/app/asu_discord/cogs/analytics.py", line 652, in on_member_update
    before_timeout = before.timed_out_until
                     ^^^^^^^^^^^^^^^^^^^^^^
AttributeError: 'Member' object has no attribute 'timed_out_until'
Ignoring exception in on_member_update
Traceback (most recent call last):
  File "/usr/local/lib/python3.12/site-packages/discord/client.py", line 465, in _run_event
    await coro(*args, **kwargs)
  File "/app/asu_discord/cogs/analytics.py", line 652, in on_member_update
    before_timeout = before.timed_out_until
                     ^^^^^^^^^^^^^^^^^^^^^^
AttributeError: 'Member' object has no attribute 'timed_out_until'
Ignoring exception in on_member_update
Traceback (most recent call last):
  File "/usr/local/lib/python3.12/site-packages/discord/client.py", line 465, in _run_event
    await coro(*args, **kwargs)
  File "/app/asu_discord/cogs/analytics.py", line 652, in on_member_update
    before_timeout = before.timed_out_until
                     ^^^^^^^^^^^^^^^^^^^^^^
AttributeError: 'Member' object has no attribute 'timed_out_until'
Ignoring exception in on_member_update
Traceback (most recent call last):
  File "/usr/local/lib/python3.12/site-packages/discord/client.py", line 465, in _run_event
    await coro(*args, **kwargs)
  File "/app/asu_discord/cogs/analytics.py", line 652, in on_member_update
    before_timeout = before.timed_out_until
                     ^^^^^^^^^^^^^^^^^^^^^^
AttributeError: 'Member' object has no attribute 'timed_out_until'
Ignoring exception in on_member_update
Traceback (most recent call last):
  File "/usr/local/lib/python3.12/site-packages/discord/client.py", line 465, in _run_event
    await coro(*args, **kwargs)
  File "/app/asu_discord/cogs/analytics.py", line 652, in on_member_update
    before_timeout = before.timed_out_until
                     ^^^^^^^^^^^^^^^^^^^^^^
AttributeError: 'Member' object has no attribute 'timed_out_until'
Ignoring exception in on_member_update
Traceback (most recent call last):
  File "/usr/local/lib/python3.12/site-packages/discord/client.py", line 465, in _run_event
    await coro(*args, **kwargs)
  File "/app/asu_discord/cogs/analytics.py", line 652, in on_member_update
    before_timeout = before.timed_out_until
                     ^^^^^^^^^^^^^^^^^^^^^^
AttributeError: 'Member' object has no attribute 'timed_out_until'
Ignoring exception in on_member_update
Traceback (most recent call last):
  File "/usr/local/lib/python3.12/site-packages/discord/client.py", line 465, in _run_event
    await coro(*args, **kwargs)
  File "/app/asu_discord/cogs/analytics.py", line 652, in on_member_update
    before_timeout = before.timed_out_until
                     ^^^^^^^^^^^^^^^^^^^^^^
AttributeError: 'Member' object has no attribute 'timed_out_until'
Ignoring exception in on_member_update
Traceback (most recent call last):
  File "/usr/local/lib/python3.12/site-packages/discord/client.py", line 465, in _run_event
    await coro(*args, **kwargs)
  File "/app/asu_discord/cogs/analytics.py", line 652, in on_member_update
    before_timeout = before.timed_out_until
                     ^^^^^^^^^^^^^^^^^^^^^^
AttributeError: 'Member' object has no attribute 'timed_out_until'
Ignoring exception in on_member_update
Traceback (most recent call last):
  File "/usr/local/lib/python3.12/site-packages/discord/client.py", line 465, in _run_event
    await coro(*args, **kwargs)
  File "/app/asu_discord/cogs/analytics.py", line 652, in on_member_update
    before_timeout = before.timed_out_until
                     ^^^^^^^^^^^^^^^^^^^^^^
AttributeError: 'Member' object has no attribute 'timed_out_until'
Ignoring exception in on_member_update
Traceback (most recent call last):
  File "/usr/local/lib/python3.12/site-packages/discord/client.py", line 465, in _run_event
    await coro(*args, **kwargs)
  File "/app/asu_discord/cogs/analytics.py", line 652, in on_member_update
    before_timeout = before.timed_out_until
                     ^^^^^^^^^^^^^^^^^^^^^^
AttributeError: 'Member' object has no attribute 'timed_out_until'
Ignoring exception in on_member_update
Traceback (most recent call last):
  File "/usr/local/lib/python3.12/site-packages/discord/client.py", line 465, in _run_event
    await coro(*args, **kwargs)
  File "/app/asu_discord/cogs/analytics.py", line 652, in on_member_update
    before_timeout = before.timed_out_until
                     ^^^^^^^^^^^^^^^^^^^^^^
AttributeError: 'Member' object has no attribute 'timed_out_until'
INFO:asu_discord.cogs.verification:Saved 6 roles to database for user tkang126 (Discord ID: 1524603482579931239)
INFO:asu_discord.cogs.verification:Refreshed Salesforce roles for Discord user 1524603482579931239: -6/+6 roles, assigned=[Commited, First Generation Student, International Student, Tempe, Transfer Student, W.P. Carey School of Business]
ERROR:cron.jobs:refresh_salesforce_roles: failed for dhubbart (Discord ID 525100940051611658): Failed to refresh Salesforce-based roles: Discord user 525100940051611658 is not a member of the guild
Ignoring exception in on_member_update
Traceback (most recent call last):
  File "/usr/local/lib/python3.12/site-packages/discord/client.py", line 465, in _run_event
    await coro(*args, **kwargs)
  File "/app/asu_discord/cogs/analytics.py", line 652, in on_member_update
    before_timeout = before.timed_out_until
                     ^^^^^^^^^^^^^^^^^^^^^^
AttributeError: 'Member' object has no attribute 'timed_out_until'
Ignoring exception in on_member_update
Traceback (most recent call last):
  File "/usr/local/lib/python3.12/site-packages/discord/client.py", line 465, in _run_event
    await coro(*args, **kwargs)
  File "/app/asu_discord/cogs/analytics.py", line 652, in on_member_update
    before_timeout = before.timed_out_until
                     ^^^^^^^^^^^^^^^^^^^^^^
AttributeError: 'Member' object has no attribute 'timed_out_until'
Ignoring exception in on_member_update
Traceback (most recent call last):
  File "/usr/local/lib/python3.12/site-packages/discord/client.py", line 465, in _run_event
    await coro(*args, **kwargs)
  File "/app/asu_discord/cogs/analytics.py", line 652, in on_member_update
    before_timeout = before.timed_out_until
                     ^^^^^^^^^^^^^^^^^^^^^^
AttributeError: 'Member' object has no attribute 'timed_out_until'
Ignoring exception in on_member_update
Traceback (most recent call last):
  File "/usr/local/lib/python3.12/site-packages/discord/client.py", line 465, in _run_event
    await coro(*args, **kwargs)
  File "/app/asu_discord/cogs/analytics.py", line 652, in on_member_update
    before_timeout = before.timed_out_until
                     ^^^^^^^^^^^^^^^^^^^^^^
AttributeError: 'Member' object has no attribute 'timed_out_until'
Ignoring exception in on_member_update
Traceback (most recent call last):
  File "/usr/local/lib/python3.12/site-packages/discord/client.py", line 465, in _run_event
    await coro(*args, **kwargs)
  File "/app/asu_discord/cogs/analytics.py", line 652, in on_member_update
    before_timeout = before.timed_out_until
                     ^^^^^^^^^^^^^^^^^^^^^^
AttributeError: 'Member' object has no attribute 'timed_out_until'
Ignoring exception in on_member_update
Traceback (most recent call last):
  File "/usr/local/lib/python3.12/site-packages/discord/client.py", line 465, in _run_event
    await coro(*args, **kwargs)
  File "/app/asu_discord/cogs/analytics.py", line 652, in on_member_update
    before_timeout = before.timed_out_until
                     ^^^^^^^^^^^^^^^^^^^^^^
AttributeError: 'Member' object has no attribute 'timed_out_until'
Ignoring exception in on_member_update
Traceback (most recent call last):
  File "/usr/local/lib/python3.12/site-packages/discord/client.py", line 465, in _run_event
    await coro(*args, **kwargs)
  File "/app/asu_discord/cogs/analytics.py", line 652, in on_member_update
    before_timeout = before.timed_out_until
                     ^^^^^^^^^^^^^^^^^^^^^^
AttributeError: 'Member' object has no attribute 'timed_out_until'
Ignoring exception in on_member_update
Traceback (most recent call last):
  File "/usr/local/lib/python3.12/site-packages/discord/client.py", line 465, in _run_event
    await coro(*args, **kwargs)
  File "/app/asu_discord/cogs/analytics.py", line 652, in on_member_update
    before_timeout = before.timed_out_until
                     ^^^^^^^^^^^^^^^^^^^^^^
AttributeError: 'Member' object has no attribute 'timed_out_until'
Ignoring exception in on_member_update
Traceback (most recent call last):
  File "/usr/local/lib/python3.12/site-packages/discord/client.py", line 465, in _run_event
    await coro(*args, **kwargs)
  File "/app/asu_discord/cogs/analytics.py", line 652, in on_member_update
    before_timeout = before.timed_out_until
                     ^^^^^^^^^^^^^^^^^^^^^^
AttributeError: 'Member' object has no attribute 'timed_out_until'
Ignoring exception in on_member_update
Traceback (most recent call last):
  File "/usr/local/lib/python3.12/site-packages/discord/client.py", line 465, in _run_event
    await coro(*args, **kwargs)
  File "/app/asu_discord/cogs/analytics.py", line 652, in on_member_update
    before_timeout = before.timed_out_until
                     ^^^^^^^^^^^^^^^^^^^^^^
AttributeError: 'Member' object has no attribute 'timed_out_until'
INFO:asu_discord.cogs.verification:Saved 5 roles to database for user vpate224 (Discord ID: 517493402930118656)
INFO:asu_discord.cogs.verification:Refreshed Salesforce roles for Discord user 517493402930118656: -5/+5 roles, assigned=[Arizona Resident, Commited, First Year, Tempe, W.P. Carey School of Business]
Ignoring exception in on_member_update
Traceback (most recent call last):
  File "/usr/local/lib/python3.12/site-packages/discord/client.py", line 465, in _run_event
    await coro(*args, **kwargs)
  File "/app/asu_discord/cogs/analytics.py", line 652, in on_member_update
    before_timeout = before.timed_out_until
                     ^^^^^^^^^^^^^^^^^^^^^^
AttributeError: 'Member' object has no attribute 'timed_out_until'
Ignoring exception in on_member_update
Traceback (most recent call last):
  File "/usr/local/lib/python3.12/site-packages/discord/client.py", line 465, in _run_event
    await coro(*args, **kwargs)
  File "/app/asu_discord/cogs/analytics.py", line 652, in on_member_update
    before_timeout = before.timed_out_until
                     ^^^^^^^^^^^^^^^^^^^^^^
AttributeError: 'Member' object has no attribute 'timed_out_until'
Ignoring exception in on_member_update
Traceback (most recent call last):
  File "/usr/local/lib/python3.12/site-packages/discord/client.py", line 465, in _run_event
    await coro(*args, **kwargs)
  File "/app/asu_discord/cogs/analytics.py", line 652, in on_member_update
    before_timeout = before.timed_out_until
                     ^^^^^^^^^^^^^^^^^^^^^^
AttributeError: 'Member' object has no attribute 'timed_out_until'
Ignoring exception in on_member_update
Traceback (most recent call last):
  File "/usr/local/lib/python3.12/site-packages/discord/client.py", line 465, in _run_event
    await coro(*args, **kwargs)
  File "/app/asu_discord/cogs/analytics.py", line 652, in on_member_update
    before_timeout = before.timed_out_until
                     ^^^^^^^^^^^^^^^^^^^^^^
AttributeError: 'Member' object has no attribute 'timed_out_until'
Ignoring exception in on_member_update
Traceback (most recent call last):
  File "/usr/local/lib/python3.12/site-packages/discord/client.py", line 465, in _run_event
    await coro(*args, **kwargs)
  File "/app/asu_discord/cogs/analytics.py", line 652, in on_member_update
    before_timeout = before.timed_out_until
                     ^^^^^^^^^^^^^^^^^^^^^^
AttributeError: 'Member' object has no attribute 'timed_out_until'
Ignoring exception in on_member_update
Traceback (most recent call last):
  File "/usr/local/lib/python3.12/site-packages/discord/client.py", line 465, in _run_event
    await coro(*args, **kwargs)
  File "/app/asu_discord/cogs/analytics.py", line 652, in on_member_update
    before_timeout = before.timed_out_until
                     ^^^^^^^^^^^^^^^^^^^^^^
AttributeError: 'Member' object has no attribute 'timed_out_until'
Ignoring exception in on_member_update
Traceback (most recent call last):
  File "/usr/local/lib/python3.12/site-packages/discord/client.py", line 465, in _run_event
    await coro(*args, **kwargs)
  File "/app/asu_discord/cogs/analytics.py", line 652, in on_member_update
    before_timeout = before.timed_out_until
                     ^^^^^^^^^^^^^^^^^^^^^^
AttributeError: 'Member' object has no attribute 'timed_out_until'
Ignoring exception in on_member_update
Traceback (most recent call last):
  File "/usr/local/lib/python3.12/site-packages/discord/client.py", line 465, in _run_event
    await coro(*args, **kwargs)
  File "/app/asu_discord/cogs/analytics.py", line 652, in on_member_update
    before_timeout = before.timed_out_until
                     ^^^^^^^^^^^^^^^^^^^^^^
AttributeError: 'Member' object has no attribute 'timed_out_until'
Ignoring exception in on_member_update
Traceback (most recent call last):
  File "/usr/local/lib/python3.12/site-packages/discord/client.py", line 465, in _run_event
    await coro(*args, **kwargs)
  File "/app/asu_discord/cogs/analytics.py", line 652, in on_member_update
    before_timeout = before.timed_out_until
                     ^^^^^^^^^^^^^^^^^^^^^^
AttributeError: 'Member' object has no attribute 'timed_out_until'
Ignoring exception in on_member_update
Traceback (most recent call last):
  File "/usr/local/lib/python3.12/site-packages/discord/client.py", line 465, in _run_event
    await coro(*args, **kwargs)
  File "/app/asu_discord/cogs/analytics.py", line 652, in on_member_update
    before_timeout = before.timed_out_until
                     ^^^^^^^^^^^^^^^^^^^^^^
AttributeError: 'Member' object has no attribute 'timed_out_until'
INFO:asu_discord.cogs.verification:Saved 5 roles to database for user jalittel (Discord ID: 1290400023942660140)
INFO:asu_discord.cogs.verification:Refreshed Salesforce roles for Discord user 1290400023942660140: -5/+5 roles, assigned=[Arizona Resident, College of Liberal Arts and Sciences, Commited, First Year, Tempe]
INFO:cron.jobs:refresh_salesforce_roles: done. refreshed=2852 skipped=61 failed=777
ERROR:cron.manager:Cron job failed: refresh_salesforce_roles
Traceback (most recent call last):
  File "/app/cron/manager.py", line 71, in run_jobs
    job()
  File "/app/cron/jobs.py", line 373, in refresh_salesforce_roles
    raise RuntimeError(
RuntimeError: refresh_salesforce_roles: 777/3690 users failed role refresh
ERROR:cron.manager:Cron jobs failed: refresh_salesforce_roles
Ignoring exception in on_member_update
Traceback (most recent call last):
  File "/usr/local/lib/python3.12/site-packages/discord/client.py", line 465, in _run_event
    await coro(*args, **kwargs)
  File "/app/asu_discord/cogs/analytics.py", line 652, in on_member_update
    before_timeout = before.timed_out_until
                     ^^^^^^^^^^^^^^^^^^^^^^
AttributeError: 'Member' object has no attribute 'timed_out_until'
Ignoring exception in on_member_update
Traceback (most recent call last):
  File "/usr/local/lib/python3.12/site-packages/discord/client.py", line 465, in _run_event
    await coro(*args, **kwargs)
  File "/app/asu_discord/cogs/analytics.py", line 652, in on_member_update
    before_timeout = before.timed_out_until
                     ^^^^^^^^^^^^^^^^^^^^^^
AttributeError: 'Member' object has no attribute 'timed_out_until'
Ignoring exception in on_member_update
Traceback (most recent call last):
  File "/usr/local/lib/python3.12/site-packages/discord/client.py", line 465, in _run_event
    await coro(*args, **kwargs)
  File "/app/asu_discord/cogs/analytics.py", line 652, in on_member_update
    before_timeout = before.timed_out_until
                     ^^^^^^^^^^^^^^^^^^^^^^
AttributeError: 'Member' object has no attribute 'timed_out_until'
